To honour the JVM settings for this build a single-use Daemon process will be forked. For more on this, please refer to https://docs.gradle.org/8.12/userguide/gradle_daemon.html#sec:disabling_the_daemon in the Gradle documentation.
Daemon will be stopped at the end of the build 
> Task :api-server:generateEffectiveLombokConfig UP-TO-DATE
> Task :common-core:generateEffectiveLombokConfig UP-TO-DATE
> Task :common-core:compileJava UP-TO-DATE
> Task :common-security:generateEffectiveLombokConfig UP-TO-DATE
> Task :common-security:compileJava UP-TO-DATE
> Task :module-core-iam:generateEffectiveLombokConfig UP-TO-DATE
> Task :module-core-iam:compileJava UP-TO-DATE
> Task :module-knowledge:generateEffectiveLombokConfig UP-TO-DATE
> Task :module-knowledge:compileJava UP-TO-DATE
> Task :module-operation:generateEffectiveLombokConfig UP-TO-DATE
> Task :module-operation:compileJava UP-TO-DATE
> Task :module-system-admin:generateEffectiveLombokConfig UP-TO-DATE
> Task :module-workspace:generateEffectiveLombokConfig UP-TO-DATE
> Task :module-workspace:compileJava UP-TO-DATE
> Task :module-system-admin:compileJava UP-TO-DATE
> Task :api-server:compileJava UP-TO-DATE
> Task :api-server:processResources UP-TO-DATE
> Task :api-server:classes UP-TO-DATE
> Task :api-server:resolveMainClassName
> Task :common-core:processResources UP-TO-DATE
> Task :common-core:classes UP-TO-DATE
> Task :common-core:jar UP-TO-DATE
> Task :common-security:processResources UP-TO-DATE
> Task :common-security:classes UP-TO-DATE
> Task :common-security:jar UP-TO-DATE
> Task :module-core-iam:processResources NO-SOURCE
> Task :module-core-iam:classes UP-TO-DATE
> Task :module-core-iam:jar UP-TO-DATE
> Task :module-knowledge:processResources NO-SOURCE
> Task :module-knowledge:classes UP-TO-DATE
> Task :module-knowledge:jar UP-TO-DATE
> Task :module-operation:processResources NO-SOURCE
> Task :module-operation:classes UP-TO-DATE
> Task :module-operation:jar UP-TO-DATE
> Task :module-system-admin:processResources NO-SOURCE
> Task :module-system-admin:classes UP-TO-DATE
> Task :module-system-admin:jar UP-TO-DATE
> Task :module-workspace:processResources NO-SOURCE
> Task :module-workspace:classes UP-TO-DATE
> Task :module-workspace:jar UP-TO-DATE

> Task :api-server:bootRun
Standard Commons Logging discovery in action with spring-jcl: please remove commons-logging.jar from classpath in order to avoid potential conflicts

  .   ____          _            __ _ _
 /\\ / ___'_ __ _ _(_)_ __  __ _ \ \ \ \
( ( )\___ | '_ | '_| | '_ \/ _` | \ \ \ \
 \\/  ___)| |_)| | | | | || (_| |  ) ) ) )
  '  |____| .__|_| |_|_| |_\__, | / / / /
 =========|_|==============|___/=/_/_/_/

 :: Spring Boot ::                (v3.4.1)

2026-03-16 16:32:46 [main] INFO  c.c.project.ApiServerApplication - Starting ApiServerApplication using Java 21.0.9 with PID 27576 (D:\project\egov-enterprise\api-server\build\classes\java\main started by lkind in D:\project\egov-enterprise\api-server)
2026-03-16 16:32:46 [main] DEBUG c.c.project.ApiServerApplication - Running with Spring Boot v3.4.1, Spring v6.2.1
2026-03-16 16:32:46 [main] INFO  c.c.project.ApiServerApplication - No active profile set, falling back to 1 default profile: "default"
Standard Commons Logging discovery in action with spring-jcl: please remove commons-logging.jar from classpath in order to avoid potential conflicts
2026-03-16 16:32:50 [main] DEBUG o.s.w.f.ServerHttpObservationFilter - Filter 'webMvcObservationFilter' configured for use
2026-03-16 16:32:52 [main] DEBUG o.s.o.j.LocalContainerEntityManagerFactoryBean - Building JPA container EntityManagerFactory for persistence unit 'default'
2026-03-16 16:32:52 [main] INFO  o.s.o.j.p.SpringPersistenceUnitInfo - No LoadTimeWeaver setup: ignoring JPA class transformer
2026-03-16 16:32:55 [main] INFO  o.s.o.j.LocalContainerEntityManagerFactoryBean - Initialized JPA EntityManagerFactory for persistence unit 'default'
2026-03-16 16:32:55 [main] DEBUG o.s.o.j.SharedEntityManagerCreator$SharedEntityManagerInvocationHandler - Creating new EntityManager for shared EntityManager invocation
2026-03-16 16:32:56 [main] DEBUG o.s.o.j.SharedEntityManagerCreator$SharedEntityManagerInvocationHandler - Creating new EntityManager for shared EntityManager invocation
2026-03-16 16:32:56 [main] DEBUG o.s.o.j.SharedEntityManagerCreator$SharedEntityManagerInvocationHandler - Creating new EntityManager for shared EntityManager invocation
2026-03-16 16:32:56 [main] DEBUG o.s.o.j.SharedEntityManagerCreator$SharedEntityManagerInvocationHandler - Creating new EntityManager for shared EntityManager invocation
2026-03-16 16:32:56 [main] DEBUG o.s.o.j.SharedEntityManagerCreator$SharedEntityManagerInvocationHandler - Creating new EntityManager for shared EntityManager invocation
2026-03-16 16:32:56 [main] DEBUG o.s.o.j.SharedEntityManagerCreator$SharedEntityManagerInvocationHandler - Creating new EntityManager for shared EntityManager invocation
2026-03-16 16:32:56 [main] DEBUG o.s.o.j.SharedEntityManagerCreator$SharedEntityManagerInvocationHandler - Creating new EntityManager for shared EntityManager invocation
2026-03-16 16:32:56 [main] DEBUG o.s.o.j.SharedEntityManagerCreator$SharedEntityManagerInvocationHandler - Creating new EntityManager for shared EntityManager invocation
2026-03-16 16:32:56 [main] DEBUG o.s.o.j.SharedEntityManagerCreator$SharedEntityManagerInvocationHandler - Creating new EntityManager for shared EntityManager invocation
2026-03-16 16:32:56 [main] DEBUG o.s.o.j.SharedEntityManagerCreator$SharedEntityManagerInvocationHandler - Creating new EntityManager for shared EntityManager invocation
2026-03-16 16:32:56 [main] DEBUG o.s.o.j.SharedEntityManagerCreator$SharedEntityManagerInvocationHandler - Creating new EntityManager for shared EntityManager invocation
2026-03-16 16:32:56 [main] DEBUG o.s.o.j.SharedEntityManagerCreator$SharedEntityManagerInvocationHandler - Creating new EntityManager for shared EntityManager invocation
2026-03-16 16:32:56 [main] DEBUG o.s.o.j.SharedEntityManagerCreator$SharedEntityManagerInvocationHandler - Creating new EntityManager for shared EntityManager invocation
2026-03-16 16:32:56 [main] DEBUG o.s.o.j.SharedEntityManagerCreator$SharedEntityManagerInvocationHandler - Creating new EntityManager for shared EntityManager invocation
2026-03-16 16:32:56 [main] DEBUG o.s.o.j.SharedEntityManagerCreator$SharedEntityManagerInvocationHandler - Creating new EntityManager for shared EntityManager invocation
2026-03-16 16:32:56 [main] DEBUG o.s.o.j.SharedEntityManagerCreator$SharedEntityManagerInvocationHandler - Creating new EntityManager for shared EntityManager invocation
2026-03-16 16:32:56 [main] DEBUG o.s.o.j.SharedEntityManagerCreator$SharedEntityManagerInvocationHandler - Creating new EntityManager for shared EntityManager invocation
2026-03-16 16:32:56 [main] DEBUG o.s.o.j.SharedEntityManagerCreator$SharedEntityManagerInvocationHandler - Creating new EntityManager for shared EntityManager invocation
2026-03-16 16:32:56 [main] DEBUG o.s.o.j.SharedEntityManagerCreator$SharedEntityManagerInvocationHandler - Creating new EntityManager for shared EntityManager invocation
2026-03-16 16:32:56 [main] DEBUG o.s.o.j.SharedEntityManagerCreator$SharedEntityManagerInvocationHandler - Creating new EntityManager for shared EntityManager invocation
2026-03-16 16:32:56 [main] DEBUG o.s.o.j.SharedEntityManagerCreator$SharedEntityManagerInvocationHandler - Creating new EntityManager for shared EntityManager invocation
2026-03-16 16:32:56 [main] DEBUG o.s.o.j.SharedEntityManagerCreator$SharedEntityManagerInvocationHandler - Creating new EntityManager for shared EntityManager invocation
2026-03-16 16:32:56 [main] DEBUG o.s.o.j.SharedEntityManagerCreator$SharedEntityManagerInvocationHandler - Creating new EntityManager for shared EntityManager invocation
2026-03-16 16:32:56 [main] DEBUG o.s.o.j.SharedEntityManagerCreator$SharedEntityManagerInvocationHandler - Creating new EntityManager for shared EntityManager invocation
2026-03-16 16:32:56 [main] DEBUG o.s.o.j.SharedEntityManagerCreator$SharedEntityManagerInvocationHandler - Creating new EntityManager for shared EntityManager invocation
2026-03-16 16:32:56 [main] DEBUG o.s.o.j.SharedEntityManagerCreator$SharedEntityManagerInvocationHandler - Creating new EntityManager for shared EntityManager invocation
2026-03-16 16:32:56 [main] DEBUG o.s.o.j.SharedEntityManagerCreator$SharedEntityManagerInvocationHandler - Creating new EntityManager for shared EntityManager invocation
2026-03-16 16:32:56 [main] DEBUG o.s.o.j.SharedEntityManagerCreator$SharedEntityManagerInvocationHandler - Creating new EntityManager for shared EntityManager invocation
2026-03-16 16:32:56 [main] DEBUG o.s.o.j.SharedEntityManagerCreator$SharedEntityManagerInvocationHandler - Creating new EntityManager for shared EntityManager invocation
2026-03-16 16:32:56 [main] DEBUG o.s.o.j.SharedEntityManagerCreator$SharedEntityManagerInvocationHandler - Creating new EntityManager for shared EntityManager invocation
2026-03-16 16:32:56 [main] DEBUG o.s.o.j.SharedEntityManagerCreator$SharedEntityManagerInvocationHandler - Creating new EntityManager for shared EntityManager invocation
2026-03-16 16:32:56 [main] DEBUG o.s.o.j.SharedEntityManagerCreator$SharedEntityManagerInvocationHandler - Creating new EntityManager for shared EntityManager invocation
2026-03-16 16:32:56 [main] DEBUG o.s.o.j.SharedEntityManagerCreator$SharedEntityManagerInvocationHandler - Creating new EntityManager for shared EntityManager invocation
2026-03-16 16:32:56 [main] DEBUG o.s.o.j.SharedEntityManagerCreator$SharedEntityManagerInvocationHandler - Creating new EntityManager for shared EntityManager invocation
2026-03-16 16:32:56 [main] DEBUG o.s.o.j.SharedEntityManagerCreator$SharedEntityManagerInvocationHandler - Creating new EntityManager for shared EntityManager invocation
2026-03-16 16:32:56 [main] DEBUG o.s.o.j.SharedEntityManagerCreator$SharedEntityManagerInvocationHandler - Creating new EntityManager for shared EntityManager invocation
2026-03-16 16:32:56 [main] DEBUG o.s.o.j.SharedEntityManagerCreator$SharedEntityManagerInvocationHandler - Creating new EntityManager for shared EntityManager invocation
2026-03-16 16:32:56 [main] DEBUG o.s.o.j.SharedEntityManagerCreator$SharedEntityManagerInvocationHandler - Creating new EntityManager for shared EntityManager invocation
2026-03-16 16:32:56 [main] DEBUG o.s.o.j.SharedEntityManagerCreator$SharedEntityManagerInvocationHandler - Creating new EntityManager for shared EntityManager invocation
2026-03-16 16:32:56 [main] DEBUG o.s.o.j.SharedEntityManagerCreator$SharedEntityManagerInvocationHandler - Creating new EntityManager for shared EntityManager invocation
2026-03-16 16:32:56 [main] DEBUG o.s.o.j.SharedEntityManagerCreator$SharedEntityManagerInvocationHandler - Creating new EntityManager for shared EntityManager invocation
2026-03-16 16:32:56 [main] DEBUG o.s.o.j.SharedEntityManagerCreator$SharedEntityManagerInvocationHandler - Creating new EntityManager for shared EntityManager invocation
2026-03-16 16:32:56 [main] DEBUG o.s.o.j.SharedEntityManagerCreator$SharedEntityManagerInvocationHandler - Creating new EntityManager for shared EntityManager invocation
2026-03-16 16:32:57 [main] DEBUG o.s.orm.jpa.JpaTransactionManager - Creating new transaction with name [org.springframework.data.jpa.repository.support.SimpleJpaRepository.findById]: PROPAGATION_REQUIRED,ISOLATION_DEFAULT,readOnly
2026-03-16 16:32:57 [main] DEBUG o.s.orm.jpa.JpaTransactionManager - Opened new EntityManager [SessionImpl(1530341945<open>)] for JPA transaction
2026-03-16 16:32:57 [main] DEBUG o.s.orm.jpa.JpaTransactionManager - Exposing JPA transaction as JDBC [org.springframework.orm.jpa.vendor.HibernateJpaDialect$HibernateConnectionHandle@2c257485]
2026-03-16 16:32:57 [main] DEBUG org.hibernate.SQL - select u1_0.emplyr_id,u1_0.area_no,u1_0.brthdy,u1_0.chg_pwd_cnt,u1_0.frst_register_id,u1_0.frst_regist_pnttm,u1_0.detail_adres,u1_0.email_adres,u1_0.emplyr_sttus_code,u1_0.empl_no,u1_0.esntl_id,u1_0.fxnum,u1_0.group_id,u1_0.house_adres,u1_0.house_end_telno,u1_0.house_middle_telno,u1_0.ihidnum,u1_0.pstinst_code,u1_0.last_updusr_id,u1_0.last_updt_pnttm,u1_0.lock_at,u1_0.lock_cnt,u1_0.lock_last_pnttm,u1_0.mbtlnum,u1_0.ofcps_nm,u1_0.offm_telno,u1_0.orgnzt_id,u1_0.password,u1_0.password_cnsr,u1_0.password_hint,u1_0.chg_pwd_last_pnttm,u1_0.role,u1_0.sbscrb_de,u1_0.sexdstn_code,u1_0.crtfc_dn_value,u1_0.user_nm,u1_0.zip from nemplyrinfo u1_0 where u1_0.emplyr_id=?
2026-03-16 16:32:57 [main] DEBUG o.s.orm.jpa.JpaTransactionManager - Initiating transaction commit
2026-03-16 16:32:57 [main] DEBUG o.s.orm.jpa.JpaTransactionManager - Committing JPA transaction on EntityManager [SessionImpl(1530341945<open>)]
2026-03-16 16:32:57 [main] DEBUG o.s.orm.jpa.JpaTransactionManager - Closing JPA EntityManager [SessionImpl(1530341945<open>)] after transaction
2026-03-16 16:32:57 [main] INFO  c.c.p.config.EgovTestDataConfig - >>> Resetting password for existing test user: webmaster
2026-03-16 16:32:57 [main] DEBUG o.s.orm.jpa.JpaTransactionManager - Creating new transaction with name [org.springframework.data.jpa.repository.support.SimpleJpaRepository.save]: PROPAGATION_REQUIRED,ISOLATION_DEFAULT
2026-03-16 16:32:57 [main] DEBUG o.s.orm.jpa.JpaTransactionManager - Opened new EntityManager [SessionImpl(1618400980<open>)] for JPA transaction
2026-03-16 16:32:57 [main] DEBUG o.s.orm.jpa.JpaTransactionManager - Exposing JPA transaction as JDBC [org.springframework.orm.jpa.vendor.HibernateJpaDialect$HibernateConnectionHandle@396f50d2]
2026-03-16 16:32:57 [main] DEBUG org.hibernate.SQL - select u1_0.emplyr_id,u1_0.area_no,u1_0.brthdy,u1_0.chg_pwd_cnt,u1_0.frst_register_id,u1_0.frst_regist_pnttm,u1_0.detail_adres,u1_0.email_adres,u1_0.emplyr_sttus_code,u1_0.empl_no,u1_0.esntl_id,u1_0.fxnum,u1_0.group_id,u1_0.house_adres,u1_0.house_end_telno,u1_0.house_middle_telno,u1_0.ihidnum,u1_0.pstinst_code,u1_0.last_updusr_id,u1_0.last_updt_pnttm,u1_0.lock_at,u1_0.lock_cnt,u1_0.lock_last_pnttm,u1_0.mbtlnum,u1_0.ofcps_nm,u1_0.offm_telno,u1_0.orgnzt_id,u1_0.password,u1_0.password_cnsr,u1_0.password_hint,u1_0.chg_pwd_last_pnttm,u1_0.role,u1_0.sbscrb_de,u1_0.sexdstn_code,u1_0.crtfc_dn_value,u1_0.user_nm,u1_0.zip from nemplyrinfo u1_0 where u1_0.emplyr_id=?
2026-03-16 16:32:57 [main] DEBUG o.s.orm.jpa.JpaTransactionManager - Initiating transaction commit
2026-03-16 16:32:57 [main] DEBUG o.s.orm.jpa.JpaTransactionManager - Committing JPA transaction on EntityManager [SessionImpl(1618400980<open>)]
2026-03-16 16:32:57 [main] DEBUG org.hibernate.SQL - update nemplyrinfo set area_no=?,brthdy=?,chg_pwd_cnt=?,detail_adres=?,email_adres=?,emplyr_sttus_code=?,empl_no=?,esntl_id=?,fxnum=?,group_id=?,house_adres=?,house_end_telno=?,house_middle_telno=?,ihidnum=?,pstinst_code=?,last_updusr_id=?,last_updt_pnttm=?,lock_at=?,lock_cnt=?,lock_last_pnttm=?,mbtlnum=?,ofcps_nm=?,offm_telno=?,orgnzt_id=?,password=?,password_cnsr=?,password_hint=?,chg_pwd_last_pnttm=?,role=?,sexdstn_code=?,crtfc_dn_value=?,user_nm=?,zip=? where emplyr_id=?
2026-03-16 16:32:58 [main] DEBUG org.hibernate.SQL - select nextval('revinfo_seq')
2026-03-16 16:32:58 [main] DEBUG org.hibernate.SQL - insert into revinfo (revtstmp,rev) values (?,?)
2026-03-16 16:32:58 [main] DEBUG org.hibernate.SQL - insert into nemplyrinfo_aud (revtype,area_no,brthdy,chg_pwd_cnt,detail_adres,email_adres,emplyr_sttus_code,empl_no,esntl_id,fxnum,group_id,house_adres,house_end_telno,house_middle_telno,ihidnum,pstinst_code,lock_at,lock_cnt,lock_last_pnttm,mbtlnum,ofcps_nm,offm_telno,orgnzt_id,password,password_cnsr,password_hint,chg_pwd_last_pnttm,role,sbscrb_de,sexdstn_code,crtfc_dn_value,user_nm,zip,rev,emplyr_id) values (?,?,?,?,?,?,?,?,?,?,?,?,?,?,?,?,?,?,?,?,?,?,?,?,?,?,?,?,?,?,?,?,?,?,?)
2026-03-16 16:32:58 [main] DEBUG o.s.orm.jpa.JpaTransactionManager - Closing JPA EntityManager [SessionImpl(1618400980<open>)] after transaction
2026-03-16 16:32:58 [main] DEBUG o.s.orm.jpa.JpaTransactionManager - Creating new transaction with name [org.springframework.data.jpa.repository.support.SimpleJpaRepository.findById]: PROPAGATION_REQUIRED,ISOLATION_DEFAULT,readOnly
2026-03-16 16:32:58 [main] DEBUG o.s.orm.jpa.JpaTransactionManager - Opened new EntityManager [SessionImpl(4679417<open>)] for JPA transaction
2026-03-16 16:32:58 [main] DEBUG o.s.orm.jpa.JpaTransactionManager - Exposing JPA transaction as JDBC [org.springframework.orm.jpa.vendor.HibernateJpaDialect$HibernateConnectionHandle@195f96f]
2026-03-16 16:32:58 [main] DEBUG org.hibernate.SQL - select u1_0.emplyr_id,u1_0.area_no,u1_0.brthdy,u1_0.chg_pwd_cnt,u1_0.frst_register_id,u1_0.frst_regist_pnttm,u1_0.detail_adres,u1_0.email_adres,u1_0.emplyr_sttus_code,u1_0.empl_no,u1_0.esntl_id,u1_0.fxnum,u1_0.group_id,u1_0.house_adres,u1_0.house_end_telno,u1_0.house_middle_telno,u1_0.ihidnum,u1_0.pstinst_code,u1_0.last_updusr_id,u1_0.last_updt_pnttm,u1_0.lock_at,u1_0.lock_cnt,u1_0.lock_last_pnttm,u1_0.mbtlnum,u1_0.ofcps_nm,u1_0.offm_telno,u1_0.orgnzt_id,u1_0.password,u1_0.password_cnsr,u1_0.password_hint,u1_0.chg_pwd_last_pnttm,u1_0.role,u1_0.sbscrb_de,u1_0.sexdstn_code,u1_0.crtfc_dn_value,u1_0.user_nm,u1_0.zip from nemplyrinfo u1_0 where u1_0.emplyr_id=?
2026-03-16 16:32:58 [main] DEBUG o.s.orm.jpa.JpaTransactionManager - Initiating transaction commit
2026-03-16 16:32:58 [main] DEBUG o.s.orm.jpa.JpaTransactionManager - Committing JPA transaction on EntityManager [SessionImpl(4679417<open>)]
2026-03-16 16:32:59 [main] DEBUG o.s.orm.jpa.JpaTransactionManager - Closing JPA EntityManager [SessionImpl(4679417<open>)] after transaction
2026-03-16 16:32:59 [main] INFO  c.c.p.config.EgovTestDataConfig - >>> Resetting password for existing test user: user_regular
2026-03-16 16:32:59 [main] DEBUG o.s.orm.jpa.JpaTransactionManager - Creating new transaction with name [org.springframework.data.jpa.repository.support.SimpleJpaRepository.save]: PROPAGATION_REQUIRED,ISOLATION_DEFAULT
2026-03-16 16:32:59 [main] DEBUG o.s.orm.jpa.JpaTransactionManager - Opened new EntityManager [SessionImpl(428276457<open>)] for JPA transaction
2026-03-16 16:32:59 [main] DEBUG o.s.orm.jpa.JpaTransactionManager - Exposing JPA transaction as JDBC [org.springframework.orm.jpa.vendor.HibernateJpaDialect$HibernateConnectionHandle@ff0375e]
2026-03-16 16:32:59 [main] DEBUG org.hibernate.SQL - select u1_0.emplyr_id,u1_0.area_no,u1_0.brthdy,u1_0.chg_pwd_cnt,u1_0.frst_register_id,u1_0.frst_regist_pnttm,u1_0.detail_adres,u1_0.email_adres,u1_0.emplyr_sttus_code,u1_0.empl_no,u1_0.esntl_id,u1_0.fxnum,u1_0.group_id,u1_0.house_adres,u1_0.house_end_telno,u1_0.house_middle_telno,u1_0.ihidnum,u1_0.pstinst_code,u1_0.last_updusr_id,u1_0.last_updt_pnttm,u1_0.lock_at,u1_0.lock_cnt,u1_0.lock_last_pnttm,u1_0.mbtlnum,u1_0.ofcps_nm,u1_0.offm_telno,u1_0.orgnzt_id,u1_0.password,u1_0.password_cnsr,u1_0.password_hint,u1_0.chg_pwd_last_pnttm,u1_0.role,u1_0.sbscrb_de,u1_0.sexdstn_code,u1_0.crtfc_dn_value,u1_0.user_nm,u1_0.zip from nemplyrinfo u1_0 where u1_0.emplyr_id=?
2026-03-16 16:32:59 [main] DEBUG o.s.orm.jpa.JpaTransactionManager - Initiating transaction commit
2026-03-16 16:32:59 [main] DEBUG o.s.orm.jpa.JpaTransactionManager - Committing JPA transaction on EntityManager [SessionImpl(428276457<open>)]
2026-03-16 16:32:59 [main] DEBUG org.hibernate.SQL - update nemplyrinfo set area_no=?,brthdy=?,chg_pwd_cnt=?,detail_adres=?,email_adres=?,emplyr_sttus_code=?,empl_no=?,esntl_id=?,fxnum=?,group_id=?,house_adres=?,house_end_telno=?,house_middle_telno=?,ihidnum=?,pstinst_code=?,last_updusr_id=?,last_updt_pnttm=?,lock_at=?,lock_cnt=?,lock_last_pnttm=?,mbtlnum=?,ofcps_nm=?,offm_telno=?,orgnzt_id=?,password=?,password_cnsr=?,password_hint=?,chg_pwd_last_pnttm=?,role=?,sexdstn_code=?,crtfc_dn_value=?,user_nm=?,zip=? where emplyr_id=?
2026-03-16 16:32:59 [main] DEBUG org.hibernate.SQL - insert into revinfo (revtstmp,rev) values (?,?)
2026-03-16 16:32:59 [main] DEBUG org.hibernate.SQL - insert into nemplyrinfo_aud (revtype,area_no,brthdy,chg_pwd_cnt,detail_adres,email_adres,emplyr_sttus_code,empl_no,esntl_id,fxnum,group_id,house_adres,house_end_telno,house_middle_telno,ihidnum,pstinst_code,lock_at,lock_cnt,lock_last_pnttm,mbtlnum,ofcps_nm,offm_telno,orgnzt_id,password,password_cnsr,password_hint,chg_pwd_last_pnttm,role,sbscrb_de,sexdstn_code,crtfc_dn_value,user_nm,zip,rev,emplyr_id) values (?,?,?,?,?,?,?,?,?,?,?,?,?,?,?,?,?,?,?,?,?,?,?,?,?,?,?,?,?,?,?,?,?,?,?)
2026-03-16 16:32:59 [main] DEBUG o.s.orm.jpa.JpaTransactionManager - Closing JPA EntityManager [SessionImpl(428276457<open>)] after transaction
>>> REF_DEBUG: COM.COMPANY.PROJECT SCANNING WORKS! <<<
2026-03-16 16:32:59 [main] DEBUG o.s.o.j.SharedEntityManagerCreator$SharedEntityManagerInvocationHandler - Creating new EntityManager for shared EntityManager invocation
2026-03-16 16:32:59 [main] DEBUG o.s.o.j.SharedEntityManagerCreator$SharedEntityManagerInvocationHandler - Creating new EntityManager for shared EntityManager invocation
2026-03-16 16:32:59 [main] DEBUG o.s.o.j.SharedEntityManagerCreator$SharedEntityManagerInvocationHandler - Creating new EntityManager for shared EntityManager invocation
2026-03-16 16:33:00 [main] DEBUG o.s.o.j.SharedEntityManagerCreator$SharedEntityManagerInvocationHandler - Creating new EntityManager for shared EntityManager invocation
2026-03-16 16:33:00 [main] DEBUG o.s.o.j.SharedEntityManagerCreator$SharedEntityManagerInvocationHandler - Creating new EntityManager for shared EntityManager invocation
2026-03-16 16:33:00 [main] DEBUG o.s.o.j.SharedEntityManagerCreator$SharedEntityManagerInvocationHandler - Creating new EntityManager for shared EntityManager invocation
2026-03-16 16:33:00 [main] DEBUG o.s.o.j.SharedEntityManagerCreator$SharedEntityManagerInvocationHandler - Creating new EntityManager for shared EntityManager invocation
2026-03-16 16:33:00 [main] DEBUG o.s.o.j.SharedEntityManagerCreator$SharedEntityManagerInvocationHandler - Creating new EntityManager for shared EntityManager invocation
2026-03-16 16:33:00 [main] DEBUG o.s.o.j.SharedEntityManagerCreator$SharedEntityManagerInvocationHandler - Creating new EntityManager for shared EntityManager invocation
2026-03-16 16:33:00 [main] DEBUG o.s.o.j.SharedEntityManagerCreator$SharedEntityManagerInvocationHandler - Creating new EntityManager for shared EntityManager invocation
2026-03-16 16:33:00 [main] DEBUG o.s.o.j.SharedEntityManagerCreator$SharedEntityManagerInvocationHandler - Creating new EntityManager for shared EntityManager invocation
2026-03-16 16:33:00 [main] DEBUG o.s.o.j.SharedEntityManagerCreator$SharedEntityManagerInvocationHandler - Creating new EntityManager for shared EntityManager invocation
2026-03-16 16:33:00 [main] DEBUG o.s.o.j.SharedEntityManagerCreator$SharedEntityManagerInvocationHandler - Creating new EntityManager for shared EntityManager invocation
2026-03-16 16:33:00 [main] DEBUG o.s.o.j.SharedEntityManagerCreator$SharedEntityManagerInvocationHandler - Creating new EntityManager for shared EntityManager invocation
2026-03-16 16:33:00 [main] DEBUG o.s.o.j.SharedEntityManagerCreator$SharedEntityManagerInvocationHandler - Creating new EntityManager for shared EntityManager invocation
2026-03-16 16:33:00 [main] DEBUG o.s.o.j.SharedEntityManagerCreator$SharedEntityManagerInvocationHandler - Creating new EntityManager for shared EntityManager invocation
2026-03-16 16:33:00 [main] DEBUG o.s.o.j.SharedEntityManagerCreator$SharedEntityManagerInvocationHandler - Creating new EntityManager for shared EntityManager invocation
2026-03-16 16:33:00 [main] DEBUG o.s.o.j.SharedEntityManagerCreator$SharedEntityManagerInvocationHandler - Creating new EntityManager for shared EntityManager invocation
2026-03-16 16:33:00 [main] DEBUG o.s.o.j.SharedEntityManagerCreator$SharedEntityManagerInvocationHandler - Creating new EntityManager for shared EntityManager invocation
2026-03-16 16:33:00 [main] DEBUG o.s.o.j.SharedEntityManagerCreator$SharedEntityManagerInvocationHandler - Creating new EntityManager for shared EntityManager invocation
2026-03-16 16:33:00 [main] DEBUG o.s.o.j.SharedEntityManagerCreator$SharedEntityManagerInvocationHandler - Creating new EntityManager for shared EntityManager invocation
2026-03-16 16:33:00 [main] DEBUG o.s.o.j.SharedEntityManagerCreator$SharedEntityManagerInvocationHandler - Creating new EntityManager for shared EntityManager invocation
2026-03-16 16:33:00 [main] DEBUG o.s.o.j.SharedEntityManagerCreator$SharedEntityManagerInvocationHandler - Creating new EntityManager for shared EntityManager invocation
2026-03-16 16:33:00 [main] DEBUG o.s.o.j.SharedEntityManagerCreator$SharedEntityManagerInvocationHandler - Creating new EntityManager for shared EntityManager invocation
2026-03-16 16:33:00 [main] DEBUG o.s.o.j.SharedEntityManagerCreator$SharedEntityManagerInvocationHandler - Creating new EntityManager for shared EntityManager invocation
2026-03-16 16:33:00 [main] DEBUG o.s.o.j.SharedEntityManagerCreator$SharedEntityManagerInvocationHandler - Creating new EntityManager for shared EntityManager invocation
2026-03-16 16:33:00 [main] DEBUG o.s.o.j.SharedEntityManagerCreator$SharedEntityManagerInvocationHandler - Creating new EntityManager for shared EntityManager invocation
2026-03-16 16:33:00 [main] DEBUG o.s.o.j.SharedEntityManagerCreator$SharedEntityManagerInvocationHandler - Creating new EntityManager for shared EntityManager invocation
2026-03-16 16:33:00 [main] DEBUG o.s.o.j.SharedEntityManagerCreator$SharedEntityManagerInvocationHandler - Creating new EntityManager for shared EntityManager invocation
2026-03-16 16:33:00 [main] DEBUG o.s.o.j.SharedEntityManagerCreator$SharedEntityManagerInvocationHandler - Creating new EntityManager for shared EntityManager invocation
2026-03-16 16:33:00 [main] DEBUG o.s.o.j.SharedEntityManagerCreator$SharedEntityManagerInvocationHandler - Creating new EntityManager for shared EntityManager invocation
2026-03-16 16:33:00 [main] DEBUG o.s.o.j.SharedEntityManagerCreator$SharedEntityManagerInvocationHandler - Creating new EntityManager for shared EntityManager invocation
2026-03-16 16:33:00 [main] DEBUG o.s.o.j.SharedEntityManagerCreator$SharedEntityManagerInvocationHandler - Creating new EntityManager for shared EntityManager invocation
2026-03-16 16:33:00 [main] DEBUG o.s.o.j.SharedEntityManagerCreator$SharedEntityManagerInvocationHandler - Creating new EntityManager for shared EntityManager invocation
2026-03-16 16:33:00 [main] DEBUG o.s.o.j.SharedEntityManagerCreator$SharedEntityManagerInvocationHandler - Creating new EntityManager for shared EntityManager invocation
2026-03-16 16:33:00 [main] DEBUG o.s.o.j.SharedEntityManagerCreator$SharedEntityManagerInvocationHandler - Creating new EntityManager for shared EntityManager invocation
2026-03-16 16:33:00 [main] DEBUG o.s.o.j.SharedEntityManagerCreator$SharedEntityManagerInvocationHandler - Creating new EntityManager for shared EntityManager invocation
2026-03-16 16:33:00 [main] DEBUG o.s.o.j.SharedEntityManagerCreator$SharedEntityManagerInvocationHandler - Creating new EntityManager for shared EntityManager invocation
2026-03-16 16:33:00 [main] DEBUG o.s.o.j.SharedEntityManagerCreator$SharedEntityManagerInvocationHandler - Creating new EntityManager for shared EntityManager invocation
2026-03-16 16:33:00 [main] DEBUG o.s.o.j.SharedEntityManagerCreator$SharedEntityManagerInvocationHandler - Creating new EntityManager for shared EntityManager invocation
2026-03-16 16:33:00 [main] DEBUG o.s.o.j.SharedEntityManagerCreator$SharedEntityManagerInvocationHandler - Creating new EntityManager for shared EntityManager invocation
2026-03-16 16:33:00 [main] DEBUG o.s.o.j.SharedEntityManagerCreator$SharedEntityManagerInvocationHandler - Creating new EntityManager for shared EntityManager invocation
2026-03-16 16:33:00 [main] DEBUG o.s.o.j.SharedEntityManagerCreator$SharedEntityManagerInvocationHandler - Creating new EntityManager for shared EntityManager invocation
2026-03-16 16:33:00 [main] DEBUG o.s.o.j.SharedEntityManagerCreator$SharedEntityManagerInvocationHandler - Creating new EntityManager for shared EntityManager invocation
2026-03-16 16:33:00 [main] DEBUG o.s.o.j.SharedEntityManagerCreator$SharedEntityManagerInvocationHandler - Creating new EntityManager for shared EntityManager invocation
2026-03-16 16:33:00 [main] DEBUG o.s.o.j.SharedEntityManagerCreator$SharedEntityManagerInvocationHandler - Creating new EntityManager for shared EntityManager invocation
2026-03-16 16:33:00 [main] DEBUG o.s.o.j.SharedEntityManagerCreator$SharedEntityManagerInvocationHandler - Creating new EntityManager for shared EntityManager invocation
2026-03-16 16:33:00 [main] DEBUG o.s.o.j.SharedEntityManagerCreator$SharedEntityManagerInvocationHandler - Creating new EntityManager for shared EntityManager invocation
2026-03-16 16:33:00 [main] DEBUG o.s.o.j.SharedEntityManagerCreator$SharedEntityManagerInvocationHandler - Creating new EntityManager for shared EntityManager invocation
2026-03-16 16:33:00 [main] DEBUG o.s.o.j.SharedEntityManagerCreator$SharedEntityManagerInvocationHandler - Creating new EntityManager for shared EntityManager invocation
2026-03-16 16:33:00 [main] DEBUG o.s.o.j.SharedEntityManagerCreator$SharedEntityManagerInvocationHandler - Creating new EntityManager for shared EntityManager invocation
2026-03-16 16:33:01 [main] DEBUG o.s.o.j.SharedEntityManagerCreator$SharedEntityManagerInvocationHandler - Creating new EntityManager for shared EntityManager invocation
2026-03-16 16:33:01 [main] DEBUG o.s.o.j.SharedEntityManagerCreator$SharedEntityManagerInvocationHandler - Creating new EntityManager for shared EntityManager invocation
2026-03-16 16:33:01 [main] DEBUG o.s.o.j.SharedEntityManagerCreator$SharedEntityManagerInvocationHandler - Creating new EntityManager for shared EntityManager invocation
2026-03-16 16:33:01 [main] DEBUG o.s.o.j.SharedEntityManagerCreator$SharedEntityManagerInvocationHandler - Creating new EntityManager for shared EntityManager invocation
2026-03-16 16:33:01 [main] DEBUG o.s.o.j.SharedEntityManagerCreator$SharedEntityManagerInvocationHandler - Creating new EntityManager for shared EntityManager invocation
2026-03-16 16:33:01 [main] DEBUG o.s.o.j.SharedEntityManagerCreator$SharedEntityManagerInvocationHandler - Creating new EntityManager for shared EntityManager invocation
2026-03-16 16:33:01 [main] DEBUG o.s.o.j.SharedEntityManagerCreator$SharedEntityManagerInvocationHandler - Creating new EntityManager for shared EntityManager invocation
2026-03-16 16:33:01 [main] DEBUG o.s.o.j.SharedEntityManagerCreator$SharedEntityManagerInvocationHandler - Creating new EntityManager for shared EntityManager invocation
2026-03-16 16:33:01 [main] DEBUG o.s.o.j.SharedEntityManagerCreator$SharedEntityManagerInvocationHandler - Creating new EntityManager for shared EntityManager invocation
2026-03-16 16:33:01 [main] DEBUG o.s.o.j.SharedEntityManagerCreator$SharedEntityManagerInvocationHandler - Creating new EntityManager for shared EntityManager invocation
2026-03-16 16:33:01 [main] DEBUG o.s.o.j.SharedEntityManagerCreator$SharedEntityManagerInvocationHandler - Creating new EntityManager for shared EntityManager invocation
2026-03-16 16:33:01 [main] DEBUG o.s.o.j.SharedEntityManagerCreator$SharedEntityManagerInvocationHandler - Creating new EntityManager for shared EntityManager invocation
2026-03-16 16:33:01 [main] DEBUG o.s.o.j.SharedEntityManagerCreator$SharedEntityManagerInvocationHandler - Creating new EntityManager for shared EntityManager invocation
2026-03-16 16:33:01 [main] DEBUG o.s.o.j.SharedEntityManagerCreator$SharedEntityManagerInvocationHandler - Creating new EntityManager for shared EntityManager invocation
2026-03-16 16:33:01 [main] DEBUG o.s.o.j.SharedEntityManagerCreator$SharedEntityManagerInvocationHandler - Creating new EntityManager for shared EntityManager invocation
2026-03-16 16:33:01 [main] DEBUG o.s.o.j.SharedEntityManagerCreator$SharedEntityManagerInvocationHandler - Creating new EntityManager for shared EntityManager invocation
2026-03-16 16:33:01 [main] DEBUG o.s.o.j.SharedEntityManagerCreator$SharedEntityManagerInvocationHandler - Creating new EntityManager for shared EntityManager invocation
2026-03-16 16:33:01 [main] DEBUG o.s.o.j.SharedEntityManagerCreator$SharedEntityManagerInvocationHandler - Creating new EntityManager for shared EntityManager invocation
2026-03-16 16:33:01 [main] DEBUG o.s.o.j.SharedEntityManagerCreator$SharedEntityManagerInvocationHandler - Creating new EntityManager for shared EntityManager invocation
2026-03-16 16:33:01 [main] DEBUG o.s.o.j.SharedEntityManagerCreator$SharedEntityManagerInvocationHandler - Creating new EntityManager for shared EntityManager invocation
2026-03-16 16:33:01 [main] DEBUG o.s.o.j.SharedEntityManagerCreator$SharedEntityManagerInvocationHandler - Creating new EntityManager for shared EntityManager invocation
2026-03-16 16:33:01 [main] DEBUG o.s.o.j.SharedEntityManagerCreator$SharedEntityManagerInvocationHandler - Creating new EntityManager for shared EntityManager invocation
2026-03-16 16:33:01 [main] DEBUG o.s.o.j.SharedEntityManagerCreator$SharedEntityManagerInvocationHandler - Creating new EntityManager for shared EntityManager invocation
2026-03-16 16:33:01 [main] DEBUG o.s.o.j.SharedEntityManagerCreator$SharedEntityManagerInvocationHandler - Creating new EntityManager for shared EntityManager invocation
2026-03-16 16:33:01 [main] DEBUG o.s.o.j.SharedEntityManagerCreator$SharedEntityManagerInvocationHandler - Creating new EntityManager for shared EntityManager invocation
2026-03-16 16:33:01 [main] DEBUG o.s.o.j.SharedEntityManagerCreator$SharedEntityManagerInvocationHandler - Creating new EntityManager for shared EntityManager invocation
2026-03-16 16:33:01 [main] DEBUG o.s.o.j.SharedEntityManagerCreator$SharedEntityManagerInvocationHandler - Creating new EntityManager for shared EntityManager invocation
2026-03-16 16:33:01 [main] DEBUG o.s.o.j.SharedEntityManagerCreator$SharedEntityManagerInvocationHandler - Creating new EntityManager for shared EntityManager invocation
2026-03-16 16:33:01 [main] DEBUG o.s.o.j.SharedEntityManagerCreator$SharedEntityManagerInvocationHandler - Creating new EntityManager for shared EntityManager invocation
2026-03-16 16:33:01 [main] DEBUG o.s.o.j.SharedEntityManagerCreator$SharedEntityManagerInvocationHandler - Creating new EntityManager for shared EntityManager invocation
2026-03-16 16:33:01 [main] DEBUG o.s.o.j.SharedEntityManagerCreator$SharedEntityManagerInvocationHandler - Creating new EntityManager for shared EntityManager invocation
2026-03-16 16:33:01 [main] DEBUG o.s.o.j.SharedEntityManagerCreator$SharedEntityManagerInvocationHandler - Creating new EntityManager for shared EntityManager invocation
2026-03-16 16:33:01 [main] DEBUG o.s.o.j.SharedEntityManagerCreator$SharedEntityManagerInvocationHandler - Creating new EntityManager for shared EntityManager invocation
2026-03-16 16:33:01 [main] DEBUG o.s.o.j.SharedEntityManagerCreator$SharedEntityManagerInvocationHandler - Creating new EntityManager for shared EntityManager invocation
2026-03-16 16:33:01 [main] DEBUG o.s.o.j.SharedEntityManagerCreator$SharedEntityManagerInvocationHandler - Creating new EntityManager for shared EntityManager invocation
2026-03-16 16:33:01 [main] DEBUG o.s.o.j.SharedEntityManagerCreator$SharedEntityManagerInvocationHandler - Creating new EntityManager for shared EntityManager invocation
2026-03-16 16:33:01 [main] DEBUG o.s.o.j.SharedEntityManagerCreator$SharedEntityManagerInvocationHandler - Creating new EntityManager for shared EntityManager invocation
2026-03-16 16:33:01 [main] DEBUG o.s.o.j.SharedEntityManagerCreator$SharedEntityManagerInvocationHandler - Creating new EntityManager for shared EntityManager invocation
2026-03-16 16:33:01 [main] DEBUG o.s.o.j.SharedEntityManagerCreator$SharedEntityManagerInvocationHandler - Creating new EntityManager for shared EntityManager invocation
2026-03-16 16:33:01 [main] DEBUG o.s.o.j.SharedEntityManagerCreator$SharedEntityManagerInvocationHandler - Creating new EntityManager for shared EntityManager invocation
2026-03-16 16:33:01 [main] DEBUG o.s.o.j.SharedEntityManagerCreator$SharedEntityManagerInvocationHandler - Creating new EntityManager for shared EntityManager invocation
2026-03-16 16:33:01 [main] DEBUG o.s.o.j.SharedEntityManagerCreator$SharedEntityManagerInvocationHandler - Creating new EntityManager for shared EntityManager invocation
2026-03-16 16:33:01 [main] DEBUG o.s.o.j.SharedEntityManagerCreator$SharedEntityManagerInvocationHandler - Creating new EntityManager for shared EntityManager invocation
2026-03-16 16:33:01 [main] DEBUG o.s.o.j.SharedEntityManagerCreator$SharedEntityManagerInvocationHandler - Creating new EntityManager for shared EntityManager invocation
2026-03-16 16:33:01 [main] DEBUG o.s.o.j.SharedEntityManagerCreator$SharedEntityManagerInvocationHandler - Creating new EntityManager for shared EntityManager invocation
2026-03-16 16:33:01 [main] DEBUG o.s.o.j.SharedEntityManagerCreator$SharedEntityManagerInvocationHandler - Creating new EntityManager for shared EntityManager invocation
2026-03-16 16:33:01 [main] DEBUG o.s.o.j.SharedEntityManagerCreator$SharedEntityManagerInvocationHandler - Creating new EntityManager for shared EntityManager invocation
2026-03-16 16:33:01 [main] DEBUG o.s.o.j.SharedEntityManagerCreator$SharedEntityManagerInvocationHandler - Creating new EntityManager for shared EntityManager invocation
2026-03-16 16:33:01 [main] DEBUG o.s.o.j.SharedEntityManagerCreator$SharedEntityManagerInvocationHandler - Creating new EntityManager for shared EntityManager invocation
2026-03-16 16:33:01 [main] DEBUG o.s.o.j.SharedEntityManagerCreator$SharedEntityManagerInvocationHandler - Creating new EntityManager for shared EntityManager invocation
2026-03-16 16:33:01 [main] DEBUG o.s.o.j.SharedEntityManagerCreator$SharedEntityManagerInvocationHandler - Creating new EntityManager for shared EntityManager invocation
2026-03-16 16:33:01 [main] DEBUG o.s.o.j.SharedEntityManagerCreator$SharedEntityManagerInvocationHandler - Creating new EntityManager for shared EntityManager invocation
2026-03-16 16:33:01 [main] DEBUG o.s.o.j.SharedEntityManagerCreator$SharedEntityManagerInvocationHandler - Creating new EntityManager for shared EntityManager invocation
2026-03-16 16:33:01 [main] DEBUG o.s.o.j.SharedEntityManagerCreator$SharedEntityManagerInvocationHandler - Creating new EntityManager for shared EntityManager invocation
2026-03-16 16:33:01 [main] DEBUG o.s.o.j.SharedEntityManagerCreator$SharedEntityManagerInvocationHandler - Creating new EntityManager for shared EntityManager invocation
2026-03-16 16:33:01 [main] DEBUG o.s.o.j.SharedEntityManagerCreator$SharedEntityManagerInvocationHandler - Creating new EntityManager for shared EntityManager invocation
2026-03-16 16:33:01 [main] DEBUG o.s.o.j.SharedEntityManagerCreator$SharedEntityManagerInvocationHandler - Creating new EntityManager for shared EntityManager invocation
2026-03-16 16:33:01 [main] DEBUG o.s.o.j.SharedEntityManagerCreator$SharedEntityManagerInvocationHandler - Creating new EntityManager for shared EntityManager invocation
2026-03-16 16:33:01 [main] DEBUG o.s.o.j.SharedEntityManagerCreator$SharedEntityManagerInvocationHandler - Creating new EntityManager for shared EntityManager invocation
2026-03-16 16:33:01 [main] DEBUG o.s.o.j.SharedEntityManagerCreator$SharedEntityManagerInvocationHandler - Creating new EntityManager for shared EntityManager invocation
2026-03-16 16:33:01 [main] DEBUG o.s.o.j.SharedEntityManagerCreator$SharedEntityManagerInvocationHandler - Creating new EntityManager for shared EntityManager invocation
2026-03-16 16:33:01 [main] DEBUG o.s.o.j.SharedEntityManagerCreator$SharedEntityManagerInvocationHandler - Creating new EntityManager for shared EntityManager invocation
2026-03-16 16:33:01 [main] DEBUG o.s.o.j.SharedEntityManagerCreator$SharedEntityManagerInvocationHandler - Creating new EntityManager for shared EntityManager invocation
2026-03-16 16:33:01 [main] DEBUG o.s.o.j.SharedEntityManagerCreator$SharedEntityManagerInvocationHandler - Creating new EntityManager for shared EntityManager invocation
2026-03-16 16:33:01 [main] DEBUG o.s.o.j.SharedEntityManagerCreator$SharedEntityManagerInvocationHandler - Creating new EntityManager for shared EntityManager invocation
2026-03-16 16:33:01 [main] DEBUG o.s.o.j.SharedEntityManagerCreator$SharedEntityManagerInvocationHandler - Creating new EntityManager for shared EntityManager invocation
2026-03-16 16:33:01 [main] DEBUG o.s.o.j.SharedEntityManagerCreator$SharedEntityManagerInvocationHandler - Creating new EntityManager for shared EntityManager invocation
2026-03-16 16:33:01 [main] DEBUG o.s.o.j.SharedEntityManagerCreator$SharedEntityManagerInvocationHandler - Creating new EntityManager for shared EntityManager invocation
2026-03-16 16:33:01 [main] DEBUG o.s.o.j.SharedEntityManagerCreator$SharedEntityManagerInvocationHandler - Creating new EntityManager for shared EntityManager invocation
2026-03-16 16:33:01 [main] DEBUG o.s.o.j.SharedEntityManagerCreator$SharedEntityManagerInvocationHandler - Creating new EntityManager for shared EntityManager invocation
2026-03-16 16:33:01 [main] DEBUG o.s.o.j.SharedEntityManagerCreator$SharedEntityManagerInvocationHandler - Creating new EntityManager for shared EntityManager invocation
2026-03-16 16:33:01 [main] DEBUG o.s.o.j.SharedEntityManagerCreator$SharedEntityManagerInvocationHandler - Creating new EntityManager for shared EntityManager invocation
2026-03-16 16:33:01 [main] DEBUG o.s.o.j.SharedEntityManagerCreator$SharedEntityManagerInvocationHandler - Creating new EntityManager for shared EntityManager invocation
2026-03-16 16:33:01 [main] DEBUG o.s.o.j.SharedEntityManagerCreator$SharedEntityManagerInvocationHandler - Creating new EntityManager for shared EntityManager invocation
2026-03-16 16:33:01 [main] DEBUG o.s.o.j.SharedEntityManagerCreator$SharedEntityManagerInvocationHandler - Creating new EntityManager for shared EntityManager invocation
2026-03-16 16:33:01 [main] DEBUG o.s.o.j.SharedEntityManagerCreator$SharedEntityManagerInvocationHandler - Creating new EntityManager for shared EntityManager invocation
2026-03-16 16:33:01 [main] DEBUG o.s.o.j.SharedEntityManagerCreator$SharedEntityManagerInvocationHandler - Creating new EntityManager for shared EntityManager invocation
2026-03-16 16:33:01 [main] DEBUG o.s.o.j.SharedEntityManagerCreator$SharedEntityManagerInvocationHandler - Creating new EntityManager for shared EntityManager invocation
2026-03-16 16:33:02 [main] DEBUG o.s.o.j.SharedEntityManagerCreator$SharedEntityManagerInvocationHandler - Creating new EntityManager for shared EntityManager invocation
2026-03-16 16:33:02 [main] DEBUG o.s.o.j.SharedEntityManagerCreator$SharedEntityManagerInvocationHandler - Creating new EntityManager for shared EntityManager invocation
2026-03-16 16:33:02 [main] DEBUG o.s.o.j.SharedEntityManagerCreator$SharedEntityManagerInvocationHandler - Creating new EntityManager for shared EntityManager invocation
2026-03-16 16:33:02 [main] DEBUG o.s.o.j.SharedEntityManagerCreator$SharedEntityManagerInvocationHandler - Creating new EntityManager for shared EntityManager invocation
2026-03-16 16:33:02 [main] DEBUG o.s.o.j.SharedEntityManagerCreator$SharedEntityManagerInvocationHandler - Creating new EntityManager for shared EntityManager invocation
2026-03-16 16:33:02 [main] DEBUG o.s.o.j.SharedEntityManagerCreator$SharedEntityManagerInvocationHandler - Creating new EntityManager for shared EntityManager invocation
2026-03-16 16:33:02 [main] DEBUG o.s.o.j.SharedEntityManagerCreator$SharedEntityManagerInvocationHandler - Creating new EntityManager for shared EntityManager invocation
2026-03-16 16:33:02 [main] DEBUG o.s.o.j.SharedEntityManagerCreator$SharedEntityManagerInvocationHandler - Creating new EntityManager for shared EntityManager invocation
2026-03-16 16:33:02 [main] DEBUG o.s.o.j.SharedEntityManagerCreator$SharedEntityManagerInvocationHandler - Creating new EntityManager for shared EntityManager invocation
2026-03-16 16:33:02 [main] DEBUG o.s.o.j.SharedEntityManagerCreator$SharedEntityManagerInvocationHandler - Creating new EntityManager for shared EntityManager invocation
2026-03-16 16:33:02 [main] DEBUG o.s.o.j.SharedEntityManagerCreator$SharedEntityManagerInvocationHandler - Creating new EntityManager for shared EntityManager invocation
2026-03-16 16:33:02 [main] DEBUG o.s.o.j.SharedEntityManagerCreator$SharedEntityManagerInvocationHandler - Creating new EntityManager for shared EntityManager invocation
2026-03-16 16:33:02 [main] DEBUG o.s.o.j.SharedEntityManagerCreator$SharedEntityManagerInvocationHandler - Creating new EntityManager for shared EntityManager invocation
2026-03-16 16:33:02 [main] DEBUG o.s.o.j.SharedEntityManagerCreator$SharedEntityManagerInvocationHandler - Creating new EntityManager for shared EntityManager invocation
2026-03-16 16:33:02 [main] DEBUG o.s.o.j.SharedEntityManagerCreator$SharedEntityManagerInvocationHandler - Creating new EntityManager for shared EntityManager invocation
2026-03-16 16:33:02 [main] DEBUG o.s.o.j.SharedEntityManagerCreator$SharedEntityManagerInvocationHandler - Creating new EntityManager for shared EntityManager invocation
2026-03-16 16:33:02 [main] DEBUG o.s.o.j.SharedEntityManagerCreator$SharedEntityManagerInvocationHandler - Creating new EntityManager for shared EntityManager invocation
2026-03-16 16:33:02 [main] DEBUG o.s.o.j.SharedEntityManagerCreator$SharedEntityManagerInvocationHandler - Creating new EntityManager for shared EntityManager invocation
2026-03-16 16:33:02 [main] DEBUG o.s.o.j.SharedEntityManagerCreator$SharedEntityManagerInvocationHandler - Creating new EntityManager for shared EntityManager invocation
2026-03-16 16:33:02 [main] DEBUG o.s.o.j.SharedEntityManagerCreator$SharedEntityManagerInvocationHandler - Creating new EntityManager for shared EntityManager invocation
2026-03-16 16:33:02 [main] DEBUG o.s.o.j.SharedEntityManagerCreator$SharedEntityManagerInvocationHandler - Creating new EntityManager for shared EntityManager invocation
2026-03-16 16:33:02 [main] DEBUG o.s.o.j.SharedEntityManagerCreator$SharedEntityManagerInvocationHandler - Creating new EntityManager for shared EntityManager invocation
2026-03-16 16:33:02 [main] DEBUG o.s.o.j.SharedEntityManagerCreator$SharedEntityManagerInvocationHandler - Creating new EntityManager for shared EntityManager invocation
2026-03-16 16:33:02 [main] DEBUG o.s.o.j.SharedEntityManagerCreator$SharedEntityManagerInvocationHandler - Creating new EntityManager for shared EntityManager invocation
2026-03-16 16:33:02 [main] DEBUG o.s.o.j.SharedEntityManagerCreator$SharedEntityManagerInvocationHandler - Creating new EntityManager for shared EntityManager invocation
2026-03-16 16:33:02 [main] DEBUG o.s.o.j.SharedEntityManagerCreator$SharedEntityManagerInvocationHandler - Creating new EntityManager for shared EntityManager invocation
2026-03-16 16:33:02 [main] DEBUG o.s.o.j.SharedEntityManagerCreator$SharedEntityManagerInvocationHandler - Creating new EntityManager for shared EntityManager invocation
2026-03-16 16:33:02 [main] DEBUG o.s.o.j.SharedEntityManagerCreator$SharedEntityManagerInvocationHandler - Creating new EntityManager for shared EntityManager invocation
2026-03-16 16:33:02 [main] DEBUG o.s.o.j.SharedEntityManagerCreator$SharedEntityManagerInvocationHandler - Creating new EntityManager for shared EntityManager invocation
2026-03-16 16:33:02 [main] DEBUG o.s.o.j.SharedEntityManagerCreator$SharedEntityManagerInvocationHandler - Creating new EntityManager for shared EntityManager invocation
2026-03-16 16:33:02 [main] DEBUG o.s.o.j.SharedEntityManagerCreator$SharedEntityManagerInvocationHandler - Creating new EntityManager for shared EntityManager invocation
2026-03-16 16:33:02 [main] DEBUG o.s.o.j.SharedEntityManagerCreator$SharedEntityManagerInvocationHandler - Creating new EntityManager for shared EntityManager invocation
2026-03-16 16:33:02 [main] DEBUG o.s.o.j.SharedEntityManagerCreator$SharedEntityManagerInvocationHandler - Creating new EntityManager for shared EntityManager invocation
2026-03-16 16:33:02 [main] DEBUG o.s.o.j.SharedEntityManagerCreator$SharedEntityManagerInvocationHandler - Creating new EntityManager for shared EntityManager invocation
2026-03-16 16:33:02 [main] DEBUG o.s.o.j.SharedEntityManagerCreator$SharedEntityManagerInvocationHandler - Creating new EntityManager for shared EntityManager invocation
2026-03-16 16:33:02 [main] DEBUG o.s.o.j.SharedEntityManagerCreator$SharedEntityManagerInvocationHandler - Creating new EntityManager for shared EntityManager invocation
2026-03-16 16:33:02 [main] DEBUG o.s.o.j.SharedEntityManagerCreator$SharedEntityManagerInvocationHandler - Creating new EntityManager for shared EntityManager invocation
2026-03-16 16:33:02 [main] DEBUG o.s.o.j.SharedEntityManagerCreator$SharedEntityManagerInvocationHandler - Creating new EntityManager for shared EntityManager invocation
2026-03-16 16:33:02 [main] DEBUG o.s.o.j.SharedEntityManagerCreator$SharedEntityManagerInvocationHandler - Creating new EntityManager for shared EntityManager invocation
2026-03-16 16:33:02 [main] DEBUG o.s.o.j.SharedEntityManagerCreator$SharedEntityManagerInvocationHandler - Creating new EntityManager for shared EntityManager invocation
2026-03-16 16:33:02 [main] DEBUG o.s.o.j.SharedEntityManagerCreator$SharedEntityManagerInvocationHandler - Creating new EntityManager for shared EntityManager invocation
2026-03-16 16:33:02 [main] DEBUG o.s.o.j.SharedEntityManagerCreator$SharedEntityManagerInvocationHandler - Creating new EntityManager for shared EntityManager invocation
2026-03-16 16:33:02 [main] DEBUG o.s.o.j.SharedEntityManagerCreator$SharedEntityManagerInvocationHandler - Creating new EntityManager for shared EntityManager invocation
2026-03-16 16:33:02 [main] DEBUG o.s.o.j.SharedEntityManagerCreator$SharedEntityManagerInvocationHandler - Creating new EntityManager for shared EntityManager invocation
2026-03-16 16:33:02 [main] DEBUG o.s.o.j.SharedEntityManagerCreator$SharedEntityManagerInvocationHandler - Creating new EntityManager for shared EntityManager invocation
2026-03-16 16:33:02 [main] DEBUG o.s.o.j.SharedEntityManagerCreator$SharedEntityManagerInvocationHandler - Creating new EntityManager for shared EntityManager invocation
2026-03-16 16:33:02 [main] DEBUG o.s.o.j.SharedEntityManagerCreator$SharedEntityManagerInvocationHandler - Creating new EntityManager for shared EntityManager invocation
2026-03-16 16:33:02 [main] DEBUG o.s.o.j.SharedEntityManagerCreator$SharedEntityManagerInvocationHandler - Creating new EntityManager for shared EntityManager invocation
2026-03-16 16:33:02 [main] DEBUG o.s.o.j.SharedEntityManagerCreator$SharedEntityManagerInvocationHandler - Creating new EntityManager for shared EntityManager invocation
2026-03-16 16:33:02 [main] DEBUG o.s.o.j.SharedEntityManagerCreator$SharedEntityManagerInvocationHandler - Creating new EntityManager for shared EntityManager invocation
2026-03-16 16:33:02 [main] DEBUG o.s.o.j.SharedEntityManagerCreator$SharedEntityManagerInvocationHandler - Creating new EntityManager for shared EntityManager invocation
2026-03-16 16:33:02 [main] DEBUG o.s.o.j.SharedEntityManagerCreator$SharedEntityManagerInvocationHandler - Creating new EntityManager for shared EntityManager invocation
2026-03-16 16:33:02 [main] DEBUG o.s.o.j.SharedEntityManagerCreator$SharedEntityManagerInvocationHandler - Creating new EntityManager for shared EntityManager invocation
2026-03-16 16:33:02 [main] DEBUG o.s.o.j.SharedEntityManagerCreator$SharedEntityManagerInvocationHandler - Creating new EntityManager for shared EntityManager invocation
2026-03-16 16:33:02 [main] DEBUG o.s.o.j.SharedEntityManagerCreator$SharedEntityManagerInvocationHandler - Creating new EntityManager for shared EntityManager invocation
2026-03-16 16:33:02 [main] DEBUG o.s.o.j.SharedEntityManagerCreator$SharedEntityManagerInvocationHandler - Creating new EntityManager for shared EntityManager invocation
2026-03-16 16:33:02 [main] DEBUG o.s.o.j.SharedEntityManagerCreator$SharedEntityManagerInvocationHandler - Creating new EntityManager for shared EntityManager invocation
2026-03-16 16:33:02 [main] DEBUG o.s.o.j.SharedEntityManagerCreator$SharedEntityManagerInvocationHandler - Creating new EntityManager for shared EntityManager invocation
2026-03-16 16:33:02 [main] DEBUG o.s.o.j.SharedEntityManagerCreator$SharedEntityManagerInvocationHandler - Creating new EntityManager for shared EntityManager invocation
2026-03-16 16:33:02 [main] DEBUG o.s.o.j.SharedEntityManagerCreator$SharedEntityManagerInvocationHandler - Creating new EntityManager for shared EntityManager invocation
2026-03-16 16:33:02 [main] DEBUG o.s.o.j.SharedEntityManagerCreator$SharedEntityManagerInvocationHandler - Creating new EntityManager for shared EntityManager invocation
2026-03-16 16:33:02 [main] DEBUG o.s.o.j.SharedEntityManagerCreator$SharedEntityManagerInvocationHandler - Creating new EntityManager for shared EntityManager invocation
2026-03-16 16:33:02 [main] DEBUG o.s.o.j.SharedEntityManagerCreator$SharedEntityManagerInvocationHandler - Creating new EntityManager for shared EntityManager invocation
2026-03-16 16:33:02 [main] DEBUG o.s.o.j.SharedEntityManagerCreator$SharedEntityManagerInvocationHandler - Creating new EntityManager for shared EntityManager invocation
2026-03-16 16:33:02 [main] DEBUG o.s.o.j.SharedEntityManagerCreator$SharedEntityManagerInvocationHandler - Creating new EntityManager for shared EntityManager invocation
2026-03-16 16:33:02 [main] DEBUG o.s.o.j.SharedEntityManagerCreator$SharedEntityManagerInvocationHandler - Creating new EntityManager for shared EntityManager invocation
2026-03-16 16:33:02 [main] DEBUG o.s.o.j.SharedEntityManagerCreator$SharedEntityManagerInvocationHandler - Creating new EntityManager for shared EntityManager invocation
2026-03-16 16:33:02 [main] DEBUG o.s.o.j.SharedEntityManagerCreator$SharedEntityManagerInvocationHandler - Creating new EntityManager for shared EntityManager invocation
2026-03-16 16:33:02 [main] DEBUG o.s.o.j.SharedEntityManagerCreator$SharedEntityManagerInvocationHandler - Creating new EntityManager for shared EntityManager invocation
2026-03-16 16:33:02 [main] DEBUG o.s.o.j.SharedEntityManagerCreator$SharedEntityManagerInvocationHandler - Creating new EntityManager for shared EntityManager invocation
2026-03-16 16:33:02 [main] DEBUG o.s.o.j.SharedEntityManagerCreator$SharedEntityManagerInvocationHandler - Creating new EntityManager for shared EntityManager invocation
2026-03-16 16:33:02 [main] DEBUG o.s.o.j.SharedEntityManagerCreator$SharedEntityManagerInvocationHandler - Creating new EntityManager for shared EntityManager invocation
2026-03-16 16:33:02 [main] DEBUG o.s.o.j.SharedEntityManagerCreator$SharedEntityManagerInvocationHandler - Creating new EntityManager for shared EntityManager invocation
2026-03-16 16:33:02 [main] DEBUG o.s.o.j.SharedEntityManagerCreator$SharedEntityManagerInvocationHandler - Creating new EntityManager for shared EntityManager invocation
2026-03-16 16:33:02 [main] DEBUG o.s.o.j.SharedEntityManagerCreator$SharedEntityManagerInvocationHandler - Creating new EntityManager for shared EntityManager invocation
2026-03-16 16:33:02 [main] DEBUG o.s.o.j.SharedEntityManagerCreator$SharedEntityManagerInvocationHandler - Creating new EntityManager for shared EntityManager invocation
2026-03-16 16:33:02 [main] DEBUG o.s.o.j.SharedEntityManagerCreator$SharedEntityManagerInvocationHandler - Creating new EntityManager for shared EntityManager invocation
2026-03-16 16:33:02 [main] DEBUG o.s.o.j.SharedEntityManagerCreator$SharedEntityManagerInvocationHandler - Creating new EntityManager for shared EntityManager invocation
2026-03-16 16:33:02 [main] DEBUG o.s.o.j.SharedEntityManagerCreator$SharedEntityManagerInvocationHandler - Creating new EntityManager for shared EntityManager invocation
>>> MainPageController BEAN CREATED <<<
>>> TestController BEAN CREATED <<<
>>> TestMvcController BEAN CREATED <<<
2026-03-16 16:33:02 [main] DEBUG o.s.o.j.SharedEntityManagerCreator$SharedEntityManagerInvocationHandler - Creating new EntityManager for shared EntityManager invocation
2026-03-16 16:33:02 [main] DEBUG o.s.o.j.SharedEntityManagerCreator$SharedEntityManagerInvocationHandler - Creating new EntityManager for shared EntityManager invocation
2026-03-16 16:33:02 [main] DEBUG o.s.o.j.SharedEntityManagerCreator$SharedEntityManagerInvocationHandler - Creating new EntityManager for shared EntityManager invocation
2026-03-16 16:33:02 [main] DEBUG o.s.o.j.SharedEntityManagerCreator$SharedEntityManagerInvocationHandler - Creating new EntityManager for shared EntityManager invocation
2026-03-16 16:33:02 [main] DEBUG o.s.o.j.SharedEntityManagerCreator$SharedEntityManagerInvocationHandler - Creating new EntityManager for shared EntityManager invocation
2026-03-16 16:33:03 [main] DEBUG o.s.o.j.SharedEntityManagerCreator$SharedEntityManagerInvocationHandler - Creating new EntityManager for shared EntityManager invocation
2026-03-16 16:33:03 [main] DEBUG o.s.o.j.SharedEntityManagerCreator$SharedEntityManagerInvocationHandler - Creating new EntityManager for shared EntityManager invocation
2026-03-16 16:33:03 [main] DEBUG o.s.o.j.SharedEntityManagerCreator$SharedEntityManagerInvocationHandler - Creating new EntityManager for shared EntityManager invocation
2026-03-16 16:33:03 [main] DEBUG o.s.o.j.SharedEntityManagerCreator$SharedEntityManagerInvocationHandler - Creating new EntityManager for shared EntityManager invocation
2026-03-16 16:33:03 [main] DEBUG o.s.o.j.SharedEntityManagerCreator$SharedEntityManagerInvocationHandler - Creating new EntityManager for shared EntityManager invocation
2026-03-16 16:33:03 [main] DEBUG o.s.o.j.SharedEntityManagerCreator$SharedEntityManagerInvocationHandler - Creating new EntityManager for shared EntityManager invocation
2026-03-16 16:33:03 [main] DEBUG o.s.o.j.SharedEntityManagerCreator$SharedEntityManagerInvocationHandler - Creating new EntityManager for shared EntityManager invocation
2026-03-16 16:33:03 [main] DEBUG o.s.o.j.SharedEntityManagerCreator$SharedEntityManagerInvocationHandler - Creating new EntityManager for shared EntityManager invocation
2026-03-16 16:33:03 [main] DEBUG o.s.o.j.SharedEntityManagerCreator$SharedEntityManagerInvocationHandler - Creating new EntityManager for shared EntityManager invocation
2026-03-16 16:33:03 [main] DEBUG o.s.o.j.SharedEntityManagerCreator$SharedEntityManagerInvocationHandler - Creating new EntityManager for shared EntityManager invocation
2026-03-16 16:33:03 [main] DEBUG o.s.o.j.SharedEntityManagerCreator$SharedEntityManagerInvocationHandler - Creating new EntityManager for shared EntityManager invocation
2026-03-16 16:33:03 [main] DEBUG o.s.o.j.SharedEntityManagerCreator$SharedEntityManagerInvocationHandler - Creating new EntityManager for shared EntityManager invocation
2026-03-16 16:33:03 [main] DEBUG o.s.o.j.SharedEntityManagerCreator$SharedEntityManagerInvocationHandler - Creating new EntityManager for shared EntityManager invocation
2026-03-16 16:33:03 [main] DEBUG o.s.o.j.SharedEntityManagerCreator$SharedEntityManagerInvocationHandler - Creating new EntityManager for shared EntityManager invocation
2026-03-16 16:33:03 [main] DEBUG o.s.o.j.SharedEntityManagerCreator$SharedEntityManagerInvocationHandler - Creating new EntityManager for shared EntityManager invocation
2026-03-16 16:33:03 [main] DEBUG o.s.o.j.SharedEntityManagerCreator$SharedEntityManagerInvocationHandler - Creating new EntityManager for shared EntityManager invocation
2026-03-16 16:33:03 [main] DEBUG o.s.o.j.SharedEntityManagerCreator$SharedEntityManagerInvocationHandler - Creating new EntityManager for shared EntityManager invocation
2026-03-16 16:33:03 [main] DEBUG o.s.o.j.SharedEntityManagerCreator$SharedEntityManagerInvocationHandler - Creating new EntityManager for shared EntityManager invocation
2026-03-16 16:33:03 [main] DEBUG o.s.o.j.SharedEntityManagerCreator$SharedEntityManagerInvocationHandler - Creating new EntityManager for shared EntityManager invocation
2026-03-16 16:33:03 [main] DEBUG o.s.o.j.SharedEntityManagerCreator$SharedEntityManagerInvocationHandler - Creating new EntityManager for shared EntityManager invocation
2026-03-16 16:33:03 [main] DEBUG o.s.o.j.SharedEntityManagerCreator$SharedEntityManagerInvocationHandler - Creating new EntityManager for shared EntityManager invocation
2026-03-16 16:33:03 [main] DEBUG o.s.o.j.SharedEntityManagerCreator$SharedEntityManagerInvocationHandler - Creating new EntityManager for shared EntityManager invocation
2026-03-16 16:33:03 [main] DEBUG o.s.o.j.SharedEntityManagerCreator$SharedEntityManagerInvocationHandler - Creating new EntityManager for shared EntityManager invocation
2026-03-16 16:33:03 [main] DEBUG o.s.o.j.SharedEntityManagerCreator$SharedEntityManagerInvocationHandler - Creating new EntityManager for shared EntityManager invocation
2026-03-16 16:33:03 [main] DEBUG o.s.o.j.SharedEntityManagerCreator$SharedEntityManagerInvocationHandler - Creating new EntityManager for shared EntityManager invocation
2026-03-16 16:33:03 [main] DEBUG o.s.o.j.SharedEntityManagerCreator$SharedEntityManagerInvocationHandler - Creating new EntityManager for shared EntityManager invocation
2026-03-16 16:33:03 [main] DEBUG o.s.o.j.SharedEntityManagerCreator$SharedEntityManagerInvocationHandler - Creating new EntityManager for shared EntityManager invocation
2026-03-16 16:33:03 [main] DEBUG o.s.o.j.SharedEntityManagerCreator$SharedEntityManagerInvocationHandler - Creating new EntityManager for shared EntityManager invocation
2026-03-16 16:33:03 [main] DEBUG o.s.o.j.SharedEntityManagerCreator$SharedEntityManagerInvocationHandler - Creating new EntityManager for shared EntityManager invocation
2026-03-16 16:33:03 [main] DEBUG o.s.o.j.SharedEntityManagerCreator$SharedEntityManagerInvocationHandler - Creating new EntityManager for shared EntityManager invocation
2026-03-16 16:33:03 [main] DEBUG o.s.o.j.SharedEntityManagerCreator$SharedEntityManagerInvocationHandler - Creating new EntityManager for shared EntityManager invocation
2026-03-16 16:33:03 [main] DEBUG o.s.o.j.SharedEntityManagerCreator$SharedEntityManagerInvocationHandler - Creating new EntityManager for shared EntityManager invocation
2026-03-16 16:33:03 [main] DEBUG o.s.o.j.SharedEntityManagerCreator$SharedEntityManagerInvocationHandler - Creating new EntityManager for shared EntityManager invocation
2026-03-16 16:33:03 [main] DEBUG o.s.o.j.SharedEntityManagerCreator$SharedEntityManagerInvocationHandler - Creating new EntityManager for shared EntityManager invocation
2026-03-16 16:33:03 [main] DEBUG o.s.o.j.SharedEntityManagerCreator$SharedEntityManagerInvocationHandler - Creating new EntityManager for shared EntityManager invocation
2026-03-16 16:33:03 [main] DEBUG o.s.o.j.SharedEntityManagerCreator$SharedEntityManagerInvocationHandler - Creating new EntityManager for shared EntityManager invocation
2026-03-16 16:33:03 [main] DEBUG o.s.o.j.SharedEntityManagerCreator$SharedEntityManagerInvocationHandler - Creating new EntityManager for shared EntityManager invocation
2026-03-16 16:33:03 [main] DEBUG o.s.o.j.SharedEntityManagerCreator$SharedEntityManagerInvocationHandler - Creating new EntityManager for shared EntityManager invocation
2026-03-16 16:33:03 [main] DEBUG o.s.o.j.SharedEntityManagerCreator$SharedEntityManagerInvocationHandler - Creating new EntityManager for shared EntityManager invocation
2026-03-16 16:33:03 [main] DEBUG o.s.o.j.SharedEntityManagerCreator$SharedEntityManagerInvocationHandler - Creating new EntityManager for shared EntityManager invocation
2026-03-16 16:33:03 [main] DEBUG o.s.o.j.SharedEntityManagerCreator$SharedEntityManagerInvocationHandler - Creating new EntityManager for shared EntityManager invocation
2026-03-16 16:33:03 [main] DEBUG o.s.o.j.SharedEntityManagerCreator$SharedEntityManagerInvocationHandler - Creating new EntityManager for shared EntityManager invocation
2026-03-16 16:33:03 [main] DEBUG o.s.o.j.SharedEntityManagerCreator$SharedEntityManagerInvocationHandler - Creating new EntityManager for shared EntityManager invocation
2026-03-16 16:33:03 [main] DEBUG o.s.o.j.SharedEntityManagerCreator$SharedEntityManagerInvocationHandler - Creating new EntityManager for shared EntityManager invocation
2026-03-16 16:33:03 [main] DEBUG o.s.o.j.SharedEntityManagerCreator$SharedEntityManagerInvocationHandler - Creating new EntityManager for shared EntityManager invocation
2026-03-16 16:33:04 [main] DEBUG o.s.o.j.SharedEntityManagerCreator$SharedEntityManagerInvocationHandler - Creating new EntityManager for shared EntityManager invocation
2026-03-16 16:33:04 [main] DEBUG o.s.o.j.SharedEntityManagerCreator$SharedEntityManagerInvocationHandler - Creating new EntityManager for shared EntityManager invocation
2026-03-16 16:33:04 [main] DEBUG o.s.o.j.SharedEntityManagerCreator$SharedEntityManagerInvocationHandler - Creating new EntityManager for shared EntityManager invocation
2026-03-16 16:33:04 [main] DEBUG o.s.o.j.SharedEntityManagerCreator$SharedEntityManagerInvocationHandler - Creating new EntityManager for shared EntityManager invocation
2026-03-16 16:33:04 [main] DEBUG o.s.o.j.SharedEntityManagerCreator$SharedEntityManagerInvocationHandler - Creating new EntityManager for shared EntityManager invocation
2026-03-16 16:33:04 [main] DEBUG o.s.o.j.SharedEntityManagerCreator$SharedEntityManagerInvocationHandler - Creating new EntityManager for shared EntityManager invocation
2026-03-16 16:33:04 [main] DEBUG o.s.o.j.SharedEntityManagerCreator$SharedEntityManagerInvocationHandler - Creating new EntityManager for shared EntityManager invocation
2026-03-16 16:33:04 [main] DEBUG o.s.o.j.SharedEntityManagerCreator$SharedEntityManagerInvocationHandler - Creating new EntityManager for shared EntityManager invocation
2026-03-16 16:33:04 [main] DEBUG o.s.o.j.SharedEntityManagerCreator$SharedEntityManagerInvocationHandler - Creating new EntityManager for shared EntityManager invocation
2026-03-16 16:33:04 [main] DEBUG o.s.o.j.SharedEntityManagerCreator$SharedEntityManagerInvocationHandler - Creating new EntityManager for shared EntityManager invocation
2026-03-16 16:33:04 [main] DEBUG o.s.o.j.SharedEntityManagerCreator$SharedEntityManagerInvocationHandler - Creating new EntityManager for shared EntityManager invocation
2026-03-16 16:33:04 [main] DEBUG o.s.o.j.SharedEntityManagerCreator$SharedEntityManagerInvocationHandler - Creating new EntityManager for shared EntityManager invocation
2026-03-16 16:33:04 [main] DEBUG o.s.o.j.SharedEntityManagerCreator$SharedEntityManagerInvocationHandler - Creating new EntityManager for shared EntityManager invocation
2026-03-16 16:33:04 [main] DEBUG o.s.o.j.SharedEntityManagerCreator$SharedEntityManagerInvocationHandler - Creating new EntityManager for shared EntityManager invocation
2026-03-16 16:33:04 [main] DEBUG o.s.o.j.SharedEntityManagerCreator$SharedEntityManagerInvocationHandler - Creating new EntityManager for shared EntityManager invocation
2026-03-16 16:33:04 [main] DEBUG o.s.o.j.SharedEntityManagerCreator$SharedEntityManagerInvocationHandler - Creating new EntityManager for shared EntityManager invocation
2026-03-16 16:33:04 [main] DEBUG o.s.o.j.SharedEntityManagerCreator$SharedEntityManagerInvocationHandler - Creating new EntityManager for shared EntityManager invocation
2026-03-16 16:33:04 [main] DEBUG o.s.o.j.SharedEntityManagerCreator$SharedEntityManagerInvocationHandler - Creating new EntityManager for shared EntityManager invocation
2026-03-16 16:33:04 [main] DEBUG o.s.o.j.SharedEntityManagerCreator$SharedEntityManagerInvocationHandler - Creating new EntityManager for shared EntityManager invocation
2026-03-16 16:33:04 [main] DEBUG o.s.o.j.SharedEntityManagerCreator$SharedEntityManagerInvocationHandler - Creating new EntityManager for shared EntityManager invocation
2026-03-16 16:33:04 [main] DEBUG o.s.o.j.SharedEntityManagerCreator$SharedEntityManagerInvocationHandler - Creating new EntityManager for shared EntityManager invocation
2026-03-16 16:33:04 [main] DEBUG o.s.o.j.SharedEntityManagerCreator$SharedEntityManagerInvocationHandler - Creating new EntityManager for shared EntityManager invocation
2026-03-16 16:33:04 [main] DEBUG o.s.o.j.SharedEntityManagerCreator$SharedEntityManagerInvocationHandler - Creating new EntityManager for shared EntityManager invocation
2026-03-16 16:33:04 [main] DEBUG o.s.o.j.SharedEntityManagerCreator$SharedEntityManagerInvocationHandler - Creating new EntityManager for shared EntityManager invocation
2026-03-16 16:33:04 [main] DEBUG o.s.o.j.SharedEntityManagerCreator$SharedEntityManagerInvocationHandler - Creating new EntityManager for shared EntityManager invocation
2026-03-16 16:33:04 [main] DEBUG o.s.o.j.SharedEntityManagerCreator$SharedEntityManagerInvocationHandler - Creating new EntityManager for shared EntityManager invocation
2026-03-16 16:33:05 [main] DEBUG o.s.o.j.SharedEntityManagerCreator$SharedEntityManagerInvocationHandler - Creating new EntityManager for shared EntityManager invocation
2026-03-16 16:33:05 [main] DEBUG o.s.o.j.SharedEntityManagerCreator$SharedEntityManagerInvocationHandler - Creating new EntityManager for shared EntityManager invocation
2026-03-16 16:33:05 [main] DEBUG o.s.o.j.SharedEntityManagerCreator$SharedEntityManagerInvocationHandler - Creating new EntityManager for shared EntityManager invocation
2026-03-16 16:33:05 [main] DEBUG o.s.o.j.SharedEntityManagerCreator$SharedEntityManagerInvocationHandler - Creating new EntityManager for shared EntityManager invocation
2026-03-16 16:33:05 [main] DEBUG o.s.o.j.SharedEntityManagerCreator$SharedEntityManagerInvocationHandler - Creating new EntityManager for shared EntityManager invocation
2026-03-16 16:33:05 [main] DEBUG o.s.o.j.SharedEntityManagerCreator$SharedEntityManagerInvocationHandler - Creating new EntityManager for shared EntityManager invocation
2026-03-16 16:33:05 [main] DEBUG o.s.o.j.SharedEntityManagerCreator$SharedEntityManagerInvocationHandler - Creating new EntityManager for shared EntityManager invocation
2026-03-16 16:33:05 [main] DEBUG o.s.o.j.SharedEntityManagerCreator$SharedEntityManagerInvocationHandler - Creating new EntityManager for shared EntityManager invocation
2026-03-16 16:33:05 [main] DEBUG o.s.o.j.SharedEntityManagerCreator$SharedEntityManagerInvocationHandler - Creating new EntityManager for shared EntityManager invocation
2026-03-16 16:33:05 [main] DEBUG o.s.o.j.SharedEntityManagerCreator$SharedEntityManagerInvocationHandler - Creating new EntityManager for shared EntityManager invocation
2026-03-16 16:33:05 [main] DEBUG o.s.o.j.SharedEntityManagerCreator$SharedEntityManagerInvocationHandler - Creating new EntityManager for shared EntityManager invocation
2026-03-16 16:33:05 [main] DEBUG o.s.o.j.SharedEntityManagerCreator$SharedEntityManagerInvocationHandler - Creating new EntityManager for shared EntityManager invocation
2026-03-16 16:33:05 [main] DEBUG o.s.o.j.SharedEntityManagerCreator$SharedEntityManagerInvocationHandler - Creating new EntityManager for shared EntityManager invocation
2026-03-16 16:33:05 [main] DEBUG o.s.o.j.SharedEntityManagerCreator$SharedEntityManagerInvocationHandler - Creating new EntityManager for shared EntityManager invocation
2026-03-16 16:33:05 [main] DEBUG o.s.o.j.SharedEntityManagerCreator$SharedEntityManagerInvocationHandler - Creating new EntityManager for shared EntityManager invocation
2026-03-16 16:33:05 [main] DEBUG o.s.o.j.SharedEntityManagerCreator$SharedEntityManagerInvocationHandler - Creating new EntityManager for shared EntityManager invocation
2026-03-16 16:33:05 [main] DEBUG o.s.o.j.SharedEntityManagerCreator$SharedEntityManagerInvocationHandler - Creating new EntityManager for shared EntityManager invocation
2026-03-16 16:33:05 [main] DEBUG o.s.o.j.SharedEntityManagerCreator$SharedEntityManagerInvocationHandler - Creating new EntityManager for shared EntityManager invocation
2026-03-16 16:33:05 [main] DEBUG o.s.o.j.SharedEntityManagerCreator$SharedEntityManagerInvocationHandler - Creating new EntityManager for shared EntityManager invocation
2026-03-16 16:33:05 [main] DEBUG o.s.o.j.SharedEntityManagerCreator$SharedEntityManagerInvocationHandler - Creating new EntityManager for shared EntityManager invocation
2026-03-16 16:33:05 [main] DEBUG o.s.o.j.SharedEntityManagerCreator$SharedEntityManagerInvocationHandler - Creating new EntityManager for shared EntityManager invocation
2026-03-16 16:33:05 [main] INFO  c.c.p.c.c.ApplicationContextProvider - ApplicationContextProvider.setApplicationContext called: org.springframework.boot.web.servlet.context.AnnotationConfigServletWebServerApplicationContext@10650953, started on Mon Mar 16 16:32:46 KST 2026
2026-03-16 16:33:05 [main] INFO  c.c.project.core.util.CryptoUtil - ### CryptoUtil: algorithmKey injected: egovframe
2026-03-16 16:33:05 [main] INFO  c.c.project.core.util.CryptoUtil - ### CryptoUtil: setApplicationContext called
2026-03-16 16:33:05 [main] INFO  o.s.s.c.a.a.c.InitializeAuthenticationProviderBeanManagerConfigurer$InitializeAuthenticationProviderManagerConfigurer - Global AuthenticationManager configured with AuthenticationProvider bean with name com.company.project.security.iam.EgovAuthenticationProvider
2026-03-16 16:33:05 [main] WARN  o.s.s.c.a.a.c.InitializeUserDetailsBeanManagerConfigurer$InitializeUserDetailsManagerConfigurer - Global AuthenticationManager configured with an AuthenticationProvider bean. UserDetailsService beans will not be used by Spring Security for automatically configuring username/password login. Consider removing the AuthenticationProvider bean. Alternatively, consider using the UserDetailsService in a manually instantiated DaoAuthenticationProvider. If the current configuration is intentional, to turn off this warning, increase the logging level of 'org.springframework.security.config.annotation.authentication.configuration.InitializeUserDetailsBeanManagerConfigurer' to ERROR
2026-03-16 16:33:05 [main] DEBUG o.s.w.s.s.s.WebSocketHandlerMapping - Patterns [/ws/**] in 'stompWebSocketHandlerMapping'
2026-03-16 16:33:05 [main] TRACE o.s.w.s.m.m.a.RequestMappingHandlerMapping - 
	c.c.p.a.c.UserController:
	{GET [/api/v1/users/{id}]}: getUserById(String)
	{PUT [/api/v1/users/me/password]}: changePassword(CustomUserDetails,Map)
	{GET [/api/v1/users/paged]}: getPagedUserList(int,int,String,String)
	{GET [/api/v1/users]}: getUserList()
	{POST [/api/v1/users/signup]}: signup(UserSignupRequest)
	{PUT [/api/v1/users/{id}]}: updateUser(String,UserDto)
	{PUT [/api/v1/users/me]}: updateMe(CustomUserDetails,UserDto)
	{DELETE [/api/v1/users/{id}]}: deleteUser(String)
	{GET [/api/v1/users/me]}: getMe(CustomUserDetails)
2026-03-16 16:33:05 [main] TRACE o.s.w.s.m.m.a.RequestMappingHandlerMapping - 
	c.c.p.c.s.RealTimeDashboardController:
	
2026-03-16 16:33:05 [main] TRACE o.s.w.s.m.m.a.RequestMappingHandlerMapping - 
	c.c.p.a.c.c.AdministCodeApiController:
	{POST [/api/v1/admin/system/codes/administ]}: createAdministCode(AdministCodeDto)
	{GET [/api/v1/admin/system/codes/administ/{code}]}: getAdministCodeDetail(String)
	{GET [/api/v1/admin/system/codes/administ]}: getAdministCodeList(String,int,int)
	{PUT [/api/v1/admin/system/codes/administ/{code}]}: updateAdministCode(String,AdministCodeDto)
	{DELETE [/api/v1/admin/system/codes/administ/{code}]}: deleteAdministCode(String)
2026-03-16 16:33:05 [main] TRACE o.s.w.s.m.m.a.RequestMappingHandlerMapping - 
	c.c.p.a.c.c.CommonCodeApiController:
	{GET [/api/v1/admin/system/codes/cl/{clCode}]}: getClCode(String)
	{POST [/api/v1/admin/system/codes/detail]}: createDetailCode(CmmnDetailCodeDto)
	{PUT [/api/v1/admin/system/codes/cl/{clCode}]}: updateClCode(String,CmmnClCodeDto)
	{DELETE [/api/v1/admin/system/codes/detail/{codeId}/{code}]}: deleteDetailCode(String,String)
	{DELETE [/api/v1/admin/system/codes/cmmn/{codeId}]}: deleteCmmnCode(String)
	{GET [/api/v1/admin/system/codes/cmmn]}: getCmmnCodeList(ComDefaultVO)
	{POST [/api/v1/admin/system/codes/cmmn]}: createCmmnCode(CmmnCodeDto)
	{PUT [/api/v1/admin/system/codes/cmmn/{codeId}]}: updateCmmnCode(String,CmmnCodeDto)
	{GET [/api/v1/admin/system/codes/detail]}: getDetailCodeList(ComDefaultVO)
	{GET [/api/v1/admin/system/codes/cmmn/{codeId}]}: getCmmnCode(String)
	{PUT [/api/v1/admin/system/codes/detail/{codeId}/{code}]}: updateDetailCode(String,String,CmmnDetailCodeDto)
	{GET [/api/v1/admin/system/codes/detail/{codeId}/{code}]}: getDetailCode(String,String)
	{GET [/api/v1/admin/system/codes/cl]}: getClCodeList(ComDefaultVO)
	{DELETE [/api/v1/admin/system/codes/cl/{clCode}]}: deleteClCode(String)
	{POST [/api/v1/admin/system/codes/cl]}: createClCode(CmmnClCodeDto)
2026-03-16 16:33:05 [main] TRACE o.s.w.s.m.m.a.RequestMappingHandlerMapping - 
	c.c.p.a.c.c.InstitutionCodeApiController:
	{GET [/api/v1/admin/system/codes/institution]}: getInstitutionCodeList(String,int,int)
	{GET [/api/v1/admin/system/codes/institution/{code}]}: getInstitutionCodeDetail(String)
	{GET [/api/v1/admin/system/codes/institution/receptions]}: getInstitutionCodeRecptnList(String,String,int,int)
	{POST [/api/v1/admin/system/codes/institution/receptions/process]}: processInstitutionCodeRecptn(String,String,Long)
2026-03-16 16:33:05 [main] TRACE o.s.w.s.m.m.a.RequestMappingHandlerMapping - 
	c.c.p.a.c.m.MenuController:
	{GET [/api/v1/menu/left]}: getLeftMenu(Long)
	{GET [/api/v1/menu/test/raw]}: getRawMenus()
	{GET [/api/v1/menu/head]}: getHeadMenu()
	{GET [/api/v1/menu/test/programs]}: getPrograms()
2026-03-16 16:33:05 [main] TRACE o.s.w.s.m.m.a.RequestMappingHandlerMapping - 
	c.c.p.a.c.s.AuthorApiController:
	{GET [/api/v1/admin/system/authorities/{authorCode}]}: getAuthor(String)
	{GET [/api/v1/admin/system/authorities]}: getAuthors(int,String)
	{POST [/api/v1/admin/system/authorities]}: createAuthor(AuthorManageDto)
	{GET [/api/v1/admin/system/authorities/{authorCode}/menus]}: getAuthorMenus(String)
	{PUT [/api/v1/admin/system/authorities/{authorCode}]}: updateAuthor(String,AuthorManageDto)
	{DELETE [/api/v1/admin/system/authorities/{authorCode}]}: deleteAuthor(String)
	{DELETE [/api/v1/admin/system/authorities]}: deleteAuthors(List)
2026-03-16 16:33:05 [main] TRACE o.s.w.s.m.m.a.RequestMappingHandlerMapping - 
	c.c.p.a.c.s.AuthorRoleApiController:
	{GET [/api/v1/admin/system/authorities/{authorCode}/roles]}: getAuthorRoles(String,int)
	{POST [/api/v1/admin/system/authorities/{authorCode}/roles]}: saveAuthorRoles(String,List)
2026-03-16 16:33:05 [main] TRACE o.s.w.s.m.m.a.RequestMappingHandlerMapping - 
	c.c.p.a.c.s.CommentApiController:
	{DELETE [/api/v1/admin/system/comments/{id}]}: deleteComment(Long)
	{GET [/api/v1/admin/system/comments]}: getComments(int,String)
2026-03-16 16:33:05 [main] TRACE o.s.w.s.m.m.a.RequestMappingHandlerMapping - 
	c.c.p.a.c.s.DeptApiController:
	{DELETE [/api/v1/admin/system/depts/{deptId}]}: deleteDept(String)
	{GET [/api/v1/admin/system/depts]}: getDepts(String,Pageable)
	{POST [/api/v1/admin/system/depts]}: insertDept(DeptManageDto)
	{PUT [/api/v1/admin/system/depts/{deptId}]}: updateDept(String,DeptManageDto)
	{GET [/api/v1/admin/system/depts/{deptId}]}: getDept(String)
2026-03-16 16:33:05 [main] TRACE o.s.w.s.m.m.a.RequestMappingHandlerMapping - 
	c.c.p.a.c.s.DeptAuthorityApiController:
	{POST [/api/v1/admin/system/depts/{deptCode}/authorities]}: saveDeptUserAuthorities(List)
	{GET [/api/v1/admin/system/depts/{deptCode}/authorities]}: getDeptAuthorities(String,int)
2026-03-16 16:33:05 [main] TRACE o.s.w.s.m.m.a.RequestMappingHandlerMapping - 
	c.c.p.a.c.s.GroupApiController:
	{POST [/api/v1/admin/system/groups]}: createGroup(GroupManageDto)
	{GET [/api/v1/admin/system/groups]}: getGroups(int,String)
	{GET [/api/v1/admin/system/groups/{groupId}]}: getGroup(String)
	{DELETE [/api/v1/admin/system/groups]}: deleteGroups(List)
	{PUT [/api/v1/admin/system/groups/{groupId}]}: updateGroup(String,GroupManageDto)
	{DELETE [/api/v1/admin/system/groups/{groupId}]}: deleteGroup(String)
2026-03-16 16:33:05 [main] TRACE o.s.w.s.m.m.a.RequestMappingHandlerMapping - 
	c.c.p.a.c.s.HealthCheckController:
	{GET [/api/v1/health]}: checkHealth()
2026-03-16 16:33:05 [main] TRACE o.s.w.s.m.m.a.RequestMappingHandlerMapping - 
	c.c.p.a.c.s.MenuApiController:
	{GET [/api/v1/admin/system/menus/{menuNo}]}: getMenu(Long)
	{DELETE [/api/v1/admin/system/menus/{menuNo}]}: deleteMenu(Long)
	{POST [/api/v1/admin/system/menus]}: createMenu(MenuDto)
	{PUT [/api/v1/admin/system/menus/{menuNo}]}: updateMenu(Long,MenuDto)
	{GET [/api/v1/admin/system/menus/creation/{authorCode}]}: getMenuCreationList(String)
	{GET [/api/v1/admin/system/menus/creation-manage]}: getMenuCreationManageList(String,Pageable)
	{GET [/api/v1/admin/system/menus/all]}: getAllMenus()
	{GET [/api/v1/admin/system/menus]}: getMenuList(String,Pageable)
	{PUT [/api/v1/admin/system/menus/batch-order]}: updateMenuOrder(List)
	{POST [/api/v1/admin/system/menus/creation/{authorCode}]}: createMenuCreation(String,List)
2026-03-16 16:33:05 [main] TRACE o.s.w.s.m.m.a.RequestMappingHandlerMapping - 
	c.c.p.a.c.s.ProgramApiController:
	{GET [/api/v1/admin/system/programs/{progrmFileNm}]}: getProgram(String)
	{POST [/api/v1/admin/system/programs]}: createProgram(ProgramDto)
	{PUT [/api/v1/admin/system/programs/{progrmFileNm}]}: updateProgram(String,ProgramDto)
	{DELETE [/api/v1/admin/system/programs/{progrmFileNm}]}: deleteProgram(String)
	{GET [/api/v1/admin/system/programs]}: getProgramList(String,Pageable)
2026-03-16 16:33:05 [main] TRACE o.s.w.s.m.m.a.RequestMappingHandlerMapping - 
	c.c.p.a.c.s.RoleApiController:
	{GET [/api/v1/admin/system/roles/{roleCode}]}: getRole(String)
	{GET [/api/v1/admin/system/roles]}: getRoles(int,String)
	{PUT [/api/v1/admin/system/roles/{roleCode}]}: updateRole(String,RoleManageDto)
	{POST [/api/v1/admin/system/roles]}: createRole(RoleManageDto)
	{DELETE [/api/v1/admin/system/roles/{roleCode}]}: deleteRole(String)
	{DELETE [/api/v1/admin/system/roles]}: deleteRoles(List)
2026-03-16 16:33:05 [main] TRACE o.s.w.s.m.m.a.RequestMappingHandlerMapping - 
	c.c.p.a.c.s.UserApiController:
	{GET [/api/v1/admin/system/users]}: getUsers(Pageable)
	{GET [/api/v1/admin/system/users/{userId}]}: getUser(String)
	{POST [/api/v1/admin/system/users]}: insertUser(UserManageDto)
	{PATCH [/api/v1/admin/system/users/{userId}/password]}: updatePassword(String,String)
	{PUT [/api/v1/admin/system/users/{userId}]}: updateUser(String,UserManageDto)
	{DELETE [/api/v1/admin/system/users/{userId}]}: deleteUser(String)
	{DELETE [/api/v1/admin/system/users]}: deleteUsers(List)
	{GET [/api/v1/admin/system/users/check-id]}: checkIdDplct(String)
2026-03-16 16:33:05 [main] TRACE o.s.w.s.m.m.a.RequestMappingHandlerMapping - 
	c.c.p.a.c.s.UserAuthorityApiController:
	{POST [/api/v1/admin/system/user-authorities]}: saveUserAuthorities(List)
	{DELETE [/api/v1/admin/system/user-authorities]}: deleteUserAuthorities(List)
	{GET [/api/v1/admin/system/user-authorities]}: getUserAuthorities(ComDefaultVO)
2026-03-16 16:33:05 [main] TRACE o.s.w.s.m.m.a.RequestMappingHandlerMapping - 
	c.c.p.a.c.s.c.b.BannerApiController:
	{GET [/api/v1/admin/system/banners/{bannerId}]}: getBanner(String)
	{GET [/api/v1/admin/system/banners]}: getBanners(String,Pageable)
	{GET [/api/v1/admin/system/banners/reflected]}: getReflectedBanners()
	{PUT [/api/v1/admin/system/banners/{bannerId}]}: updateBanner(String,BannerDto)
	{DELETE [/api/v1/admin/system/banners/{bannerId}]}: deleteBanner(String)
	{POST [/api/v1/admin/system/banners]}: insertBanner(BannerDto)
2026-03-16 16:33:05 [main] TRACE o.s.w.s.m.m.a.RequestMappingHandlerMapping - 
	c.c.p.a.c.s.c.b.BoardMasterApiController:
	{GET [/api/v1/admin/system/board-masters]}: getBoardMasters(String,String,Pageable)
	{DELETE [/api/v1/admin/system/board-masters/{bbsId}]}: deleteBoardMaster(String,String)
	{GET [/api/v1/admin/system/board-masters/{bbsId}]}: getBoardMaster(String)
	{PUT [/api/v1/admin/system/board-masters/{bbsId}]}: updateBoardMaster(String,BoardMasterDto)
	{POST [/api/v1/admin/system/board-masters]}: createBoardMaster(BoardMasterDto)
2026-03-16 16:33:05 [main] TRACE o.s.w.s.m.m.a.RequestMappingHandlerMapping - 
	c.c.p.a.c.s.c.c.CommunityApiController:
	{GET [/api/v1/admin/system/communities/portlet]}: getCommunityPortlet()
	{DELETE [/api/v1/admin/system/communities/{cmmntyId}]}: deleteCommunity(UserDetails,String)
	{PUT [/api/v1/admin/system/communities/{cmmntyId}]}: updateCommunity(UserDetails,String,CommunityDto)
	{POST [/api/v1/admin/system/communities]}: createCommunity(UserDetails,CommunityDto)
	{GET [/api/v1/admin/system/communities/{cmmntyId}]}: getCommunity(String)
	{GET [/api/v1/admin/system/communities]}: getCommunities(String,String,Pageable)
2026-03-16 16:33:05 [main] TRACE o.s.w.s.m.m.a.RequestMappingHandlerMapping - 
	c.c.p.a.c.s.c.p.PopupApiController:
	{GET [/api/v1/admin/system/popups]}: getPopups(String,Pageable)
	{GET [/api/v1/admin/system/popups/{popupId}]}: getPopup(String)
	{PUT [/api/v1/admin/system/popups/{popupId}]}: updatePopup(UserDetails,String,PopupDto)
	{DELETE [/api/v1/admin/system/popups/{popupId}]}: deletePopup(String)
	{POST [/api/v1/admin/system/popups]}: createPopup(UserDetails,PopupDto)
2026-03-16 16:33:05 [main] TRACE o.s.w.s.m.m.a.RequestMappingHandlerMapping - 
	c.c.p.a.c.s.c.p.PopupController:
	{GET [/api/v1/popups/{popupId}]}: getPopup(String)
	{GET [/api/v1/popups/active]}: getActivePopups()
2026-03-16 16:33:05 [main] TRACE o.s.w.s.m.m.a.RequestMappingHandlerMapping - 
	c.c.p.a.c.s.l.LoginLogApiController:
	{GET [/api/v1/admin/system/logs/login]}: getLoginLogList(ComDefaultVO)
	{GET [/api/v1/admin/system/logs/login/{logId}]}: getLoginLog(String)
2026-03-16 16:33:05 [main] TRACE o.s.w.s.m.m.a.RequestMappingHandlerMapping - 
	c.c.p.a.c.s.l.SystemLogApiController:
	{GET [/api/v1/admin/system/logs/system/{requestId}]}: getSysLog(String)
	{GET [/api/v1/admin/system/logs/system]}: getSysLogList(ComDefaultVO)
2026-03-16 16:33:05 [main] TRACE o.s.w.s.m.m.a.RequestMappingHandlerMapping - 
	c.c.p.a.c.s.l.LoginPolicyApiController:
	{GET [/api/v1/admin/system/login-policies]}: getLoginPolicyList(LoginPolicyVO)
	{GET [/api/v1/admin/system/login-policies/{emplyrId}]}: getLoginPolicy(String)
	{DELETE [/api/v1/admin/system/login-policies/{emplyrId}]}: deleteLoginPolicy(String)
	{PUT [/api/v1/admin/system/login-policies/{emplyrId}]}: saveLoginPolicy(String,LoginPolicyDto)
2026-03-16 16:33:05 [main] TRACE o.s.w.s.m.m.a.RequestMappingHandlerMapping - 
	c.c.p.a.c.s.p.PolicyApiController:
	{GET [/api/v1/admin/system/policies/{type}]}: getPolicy(String)
	{PUT [/api/v1/admin/system/policies/{type}]}: updatePolicy(String,Map)
2026-03-16 16:33:05 [main] TRACE o.s.w.s.m.m.a.RequestMappingHandlerMapping - 
	c.c.p.a.c.s.s.i.InternetSvcGuidanceApiController:
	{GET [/api/v1/admin/system/isg]}: getIsgList(String,Pageable)
	{PUT [/api/v1/admin/system/isg/{id}]}: updateIsg(String,InternetSvcGuidanceDto)
	{DELETE [/api/v1/admin/system/isg/{id}]}: deleteIsg(String)
	{GET [/api/v1/admin/system/isg/{id}]}: getIsg(String)
	{POST [/api/v1/admin/system/isg]}: registerIsg(InternetSvcGuidanceDto)
2026-03-16 16:33:05 [main] TRACE o.s.w.s.m.m.a.RequestMappingHandlerMapping - 
	c.c.p.a.c.s.s.q.QnaApiController:
	{POST [/api/v1/admin/system/qnas]}: insertQna(QnaDto)
	{PATCH [/api/v1/admin/system/qnas/{qaId}/answer]}: answerQna(String,String)
	{PUT [/api/v1/admin/system/qnas/{qaId}]}: updateQna(String,QnaDto)
	{GET [/api/v1/admin/system/qnas]}: getQnas(String,Pageable)
	{DELETE [/api/v1/admin/system/qnas/{qaId}]}: deleteQna(String)
	{GET [/api/v1/admin/system/qnas/{qaId}]}: getQna(String)
2026-03-16 16:33:05 [main] TRACE o.s.w.s.m.m.a.RequestMappingHandlerMapping - 
	c.c.p.a.c.s.s.s.CnsltApiController:
	{PATCH [/api/v1/admin/system/cnslt/{cnsltId}/answer]}: answerConsultation(String,String)
	{GET [/api/v1/admin/system/cnslt]}: getConsultations(String,Pageable)
	{GET [/api/v1/admin/system/cnslt/{cnsltId}]}: getConsultation(String)
	{POST [/api/v1/admin/system/cnslt]}: insertConsultation(CnsltManageDto)
2026-03-16 16:33:05 [main] TRACE o.s.w.s.m.m.a.RequestMappingHandlerMapping - 
	c.c.p.a.c.s.s.s.OnlinePollApiController:
	{GET [/api/v1/admin/system/polls/{pollId}]}: getPoll(String)
	{GET [/api/v1/admin/system/polls]}: getPolls(String,Pageable)
	{POST [/api/v1/admin/system/polls]}: insertPoll(OnlinePollManageDto)
	{POST [/api/v1/admin/system/polls/{pollId}/vote]}: vote(String,String)
2026-03-16 16:33:05 [main] TRACE o.s.w.s.m.m.a.RequestMappingHandlerMapping - 
	c.c.p.a.c.s.s.s.SurveyApiController:
	{POST [/api/v1/admin/system/surveys/{qestnrId}/questions]}: insertQuestion(String,QustnrQesitmDto)
	{GET [/api/v1/admin/system/surveys/templates]}: getTemplates(String,Pageable)
	{GET [/api/v1/admin/system/surveys/templates/{tmplatId}]}: getTemplate(String)
	{POST [/api/v1/admin/system/surveys/templates]}: insertTemplate(QestnrTmplatDto)
	{GET [/api/v1/admin/system/surveys/{qestnrId}/questions]}: getQuestions(String)
	{POST [/api/v1/admin/system/surveys]}: insertSurvey(QestnrInfoDto)
	{POST [/api/v1/admin/system/surveys/questions/{qesitmId}/items]}: insertItem(String,QustnrIemDto)
	{GET [/api/v1/admin/system/surveys/{qestnrId}]}: getSurvey(String)
	{GET [/api/v1/admin/system/surveys]}: getSurveys(String,Pageable)
2026-03-16 16:33:05 [main] TRACE o.s.w.s.m.m.a.RequestMappingHandlerMapping - 
	c.c.p.a.c.s.s.StatisticsApiController:
	{GET [/api/v1/admin/system/stats/connect]}: getConnectStats(String,String,String)
	{GET [/api/v1/admin/system/stats/user]}: getUserStats(String,String,String)
	{GET [/api/v1/admin/system/stats/bbs]}: getBbsStats(String,String,String)
	{GET [/api/v1/admin/system/stats/screen]}: getScreenStats(String,String,String)
2026-03-16 16:33:05 [main] TRACE o.s.w.s.m.m.a.RequestMappingHandlerMapping - 
	c.c.p.a.c.s.t.TemplateApiController:
	{GET [/api/v1/admin/system/templates]}: selectTmplatInfoList()
	{GET [/api/v1/admin/system/templates/{tmplatId}]}: selectTmplatInfoDetail(String)
	{POST [/api/v1/admin/system/templates]}: insertTmplatInfo(TmplatInfo)
2026-03-16 16:33:05 [main] TRACE o.s.w.s.m.m.a.RequestMappingHandlerMapping - 
	c.c.p.a.c.s.u.UnityLinkApiController:
	{POST [/api/v1/admin/system/unitylinks]}: insertUnityLink(UnityLinkDto)
	{GET [/api/v1/admin/system/unitylinks]}: getUnityLinkList(String,Pageable)
	{DELETE [/api/v1/admin/system/unitylinks/{unityLinkId}]}: deleteUnityLink(String)
	{GET [/api/v1/admin/system/unitylinks/{unityLinkId}]}: getUnityLink(String)
	{PUT [/api/v1/admin/system/unitylinks/{unityLinkId}]}: updateUnityLink(String,UnityLinkDto)
2026-03-16 16:33:05 [main] TRACE o.s.w.s.m.m.a.RequestMappingHandlerMapping - 
	c.c.p.a.c.a.AddressBookController:
	{GET [/api/v1/address-books/search-users]}: searchUsers(String,Pageable)
	{GET [/api/v1/address-books/{adbkId}]}: getAddressBook(String)
	{GET [/api/v1/address-books]}: getAddressBooks(UserDetails,String,String,String,Pageable)
	{POST [/api/v1/address-books]}: createAddressBook(UserDetails,AddressBookDto)
	{PUT [/api/v1/address-books/{adbkId}]}: updateAddressBook(UserDetails,String,AddressBookDto)
	{DELETE [/api/v1/address-books/{adbkId}]}: deleteAddressBook(UserDetails,String)
2026-03-16 16:33:05 [main] TRACE o.s.w.s.m.m.a.RequestMappingHandlerMapping - 
	c.c.p.a.c.b.BBSManageController:
	{ [/cop/bbs/admin/selectBoardList.do || /cop/bbs/selectBoardList.do]}: selectBoardList(Map,ModelMap)
2026-03-16 16:33:05 [main] TRACE o.s.w.s.m.m.a.RequestMappingHandlerMapping - 
	c.c.p.a.c.b.BbsApiController:
	{GET [/api/v1/bbs/{bbsId}/{nttId}]}: getBoardDetail(String,Long)
	{PUT [/api/v1/bbs/{bbsId}/{nttId}]}: updateBoard(String,Long,BoardSaveRequest,List)
	{GET [/api/v1/bbs/{bbsId}]}: getBoardList(String,int,int,String,String)
	{POST [/api/v1/bbs/{bbsId}]}: createBoard(String,BoardSaveRequest,List)
	{DELETE [/api/v1/bbs/{bbsId}/{nttId}]}: deleteBoard(String,Long)
2026-03-16 16:33:05 [main] TRACE o.s.w.s.m.m.a.RequestMappingHandlerMapping - 
	c.c.p.a.c.b.BoardController:
	{GET [/api/v1/boards/{bbsId}/posts/{id}]}: getPost(String,Long)
	{POST [/api/v1/boards/posts]}: createPost(UserDetails,BoardSaveRequest)
	{DELETE [/api/v1/boards/{bbsId}/posts/{id}]}: deletePost(UserDetails,String,Long)
	{GET [/api/v1/boards/{bbsId}]}: getPosts(String,Pageable)
2026-03-16 16:33:05 [main] TRACE o.s.w.s.m.m.a.RequestMappingHandlerMapping - 
	c.c.p.a.c.c.CommentController:
	{DELETE [/api/v1/comments/{id}]}: deleteComment(UserDetails,Long)
	{GET [/api/v1/comments]}: getComments(Long,String,Pageable)
	{POST [/api/v1/comments]}: createComment(UserDetails,CommentSaveRequest)
	{PUT [/api/v1/comments/{id}]}: updateComment(UserDetails,Long,CommentSaveRequest)
2026-03-16 16:33:05 [main] TRACE o.s.w.s.m.m.a.RequestMappingHandlerMapping - 
	c.c.p.a.c.f.FaqController:
	{DELETE [/api/v1/faqs/{faqId}]}: deleteFaq(String)
	{POST [/api/v1/faqs]}: insertFaq(FaqDto)
	{GET [/api/v1/faqs]}: getFaqs(String,Pageable)
	{PUT [/api/v1/faqs/{faqId}]}: updateFaq(String,FaqDto)
	{GET [/api/v1/faqs/{faqId}]}: getFaq(String)
2026-03-16 16:33:05 [main] TRACE o.s.w.s.m.m.a.RequestMappingHandlerMapping - 
	c.c.p.a.c.f.FileController:
	{POST [/api/v1/files], consumes [multipart/form-data]}: uploadFiles(List)
	{GET [/api/v1/files/{atchFileId}]}: getFileList(String)
	{GET [/api/v1/files/{atchFileId}/{fileSn}]}: downloadFile(String,Integer)
2026-03-16 16:33:05 [main] TRACE o.s.w.s.m.m.a.RequestMappingHandlerMapping - 
	c.c.p.a.c.h.HelpController:
	{GET [/api/v1/help/words/{wordId}]}: getWord(String)
	{POST [/api/v1/help/words]}: insertWord(AdministrationWordDto)
	{PUT [/api/v1/help/words/{wordId}]}: updateWord(String,AdministrationWordDto)
	{DELETE [/api/v1/help/words/{wordId}]}: deleteWord(String)
	{GET [/api/v1/help/hpcm/{hpcmId}]}: getHpcm(String)
	{PUT [/api/v1/help/hpcm/{hpcmId}]}: updateHpcm(String,HpcmDto)
	{DELETE [/api/v1/help/hpcm/{hpcmId}]}: deleteHpcm(String)
	{GET [/api/v1/help/words]}: getWords(String,Pageable)
	{GET [/api/v1/help/manuals]}: getManuals(String,Pageable)
	{GET [/api/v1/help/manuals/{mnlId}]}: getManual(String)
	{POST [/api/v1/help/hpcm]}: insertHpcm(HpcmDto)
	{DELETE [/api/v1/help/dictionary/{wordId}]}: deleteWordDicary(String)
	{POST [/api/v1/help/dictionary]}: insertWordDicary(WordDicaryDto)
	{PUT [/api/v1/help/dictionary/{wordId}]}: updateWordDicary(String,WordDicaryDto)
	{GET [/api/v1/help/dictionary]}: getDictionary(String,Pageable)
	{PUT [/api/v1/help/manuals/{mnlId}]}: updateManual(String,OnlineManualDto)
	{POST [/api/v1/help/manuals]}: insertManual(OnlineManualDto)
	{GET [/api/v1/help/dictionary/{wordId}]}: getWordDicary(String)
	{GET [/api/v1/help/hpcm]}: getHpcmList(String,Pageable)
	{DELETE [/api/v1/help/manuals/{mnlId}]}: deleteManual(String)
2026-03-16 16:33:05 [main] TRACE o.s.w.s.m.m.a.RequestMappingHandlerMapping - 
	c.c.p.a.c.i.MainImageController:
	{GET [/api/v1/main-images/reflected]}: getReflectedMainImages()
	{DELETE [/api/v1/main-images/{imageId}]}: deleteMainImage(String)
	{GET [/api/v1/main-images]}: getMainImageList(String,Pageable)
	{POST [/api/v1/main-images]}: insertMainImage(MainImageDto)
	{GET [/api/v1/main-images/{imageId}]}: getMainImage(String)
	{PUT [/api/v1/main-images/{imageId}]}: updateMainImage(String,MainImageDto)
2026-03-16 16:33:05 [main] TRACE o.s.w.s.m.m.a.RequestMappingHandlerMapping - 
	c.c.p.a.c.l.LeaderScheduleController:
	{POST [/api/v1/leader-schedules]}: insertLeaderSchedule(LeaderScheduleDto)
	{DELETE [/api/v1/leader-schedules/{scheduleId}]}: deleteLeaderSchedule(String)
	{PUT [/api/v1/leader-schedules/{scheduleId}]}: updateLeaderSchedule(String,LeaderScheduleDto)
	{GET [/api/v1/leader-schedules/status]}: getLeaderStatuses(String,Pageable)
	{GET [/api/v1/leader-schedules]}: getLeaderSchedules(String,Pageable)
	{GET [/api/v1/leader-schedules/{scheduleId}]}: getLeaderSchedule(String)
2026-03-16 16:33:05 [main] TRACE o.s.w.s.m.m.a.RequestMappingHandlerMapping - 
	c.c.p.a.c.m.MailApiController:
	{DELETE [/api/v1/admin/operation/mails/{mssageId}]}: deleteMail(String)
	{GET [/api/v1/admin/operation/mails/{mssageId}]}: getMail(String)
	{POST [/api/v1/admin/operation/mails]}: sendMail(SentMailDto)
	{GET [/api/v1/admin/operation/mails]}: getMailList(String,Pageable)
2026-03-16 16:33:05 [main] TRACE o.s.w.s.m.m.a.RequestMappingHandlerMapping - 
	c.c.p.a.c.m.MailController:
	{DELETE [/api/v1/mails/{mssageId}]}: deleteMail(String)
	{POST [/api/v1/mails]}: sendMail(UserDetails,SentMailDto)
	{GET [/api/v1/mails/{mssageId}]}: getSentMail(String)
	{GET [/api/v1/mails]}: getSentMails(String,String,Pageable)
2026-03-16 16:33:05 [main] TRACE o.s.w.s.m.m.a.RequestMappingHandlerMapping - 
	c.c.p.a.c.m.DashboardController:
	{GET [/api/v1/dashboard]}: getDashboardData(UserDetails)
2026-03-16 16:33:05 [main] TRACE o.s.w.s.m.m.a.RequestMappingHandlerMapping - 
	c.c.p.a.c.m.MainPageController:
	{ [/cmm/main/mainPage.do || /cmm/main/mainPage || /]}: mainPage(Model,HttpSession)
2026-03-16 16:33:05 [main] TRACE o.s.w.s.m.m.a.RequestMappingHandlerMapping - 
	c.c.p.a.c.m.TestController:
	{GET [/test/hello]}: hello()
2026-03-16 16:33:05 [main] TRACE o.s.w.s.m.m.a.RequestMappingHandlerMapping - 
	c.c.p.a.c.m.TestMvcController:
	{GET [/test/mvc.do]}: testMvc(HttpServletResponse)
2026-03-16 16:33:05 [main] TRACE o.s.w.s.m.m.a.RequestMappingHandlerMapping - 
	c.c.p.a.c.m.MemoReportController:
	{GET [/api/v1/memo-reports/received]}: getReceivedReports(UserDetails,Pageable)
	{POST [/api/v1/memo-reports]}: createMemoReport(UserDetails,MemoReportDto)
	{PUT [/api/v1/memo-reports/{reprtId}]}: updateMemoReport(UserDetails,String,MemoReportDto)
	{GET [/api/v1/memo-reports]}: getMemoReports(String,Pageable)
	{DELETE [/api/v1/memo-reports/{reprtId}]}: deleteMemoReport(String)
	{PATCH [/api/v1/memo-reports/{reprtId}/drct-matter]}: updateDrctMatter(String,String)
	{GET [/api/v1/memo-reports/{reprtId}]}: getMemoReport(String)
	{GET [/api/v1/memo-reports/my]}: getMyReports(UserDetails,Pageable)
2026-03-16 16:33:05 [main] TRACE o.s.w.s.m.m.a.RequestMappingHandlerMapping - 
	c.c.p.a.c.n.NoteController:
	{POST [/api/v1/notes]}: sendNote(UserDetails,NoteDto)
	{DELETE [/api/v1/notes/{relationId}]}: deleteNote(String,String)
	{GET [/api/v1/notes/{noteId}]}: getNote(String,String,String)
	{GET [/api/v1/notes/sent]}: getSentNotes(UserDetails,String,Pageable)
	{GET [/api/v1/notes/received]}: getReceivedNotes(UserDetails,String,Pageable)
2026-03-16 16:33:05 [main] TRACE o.s.w.s.m.m.a.RequestMappingHandlerMapping - 
	c.c.p.a.c.n.NotificationController:
	{PUT [/api/v1/notifications/{id}/read]}: markAsRead(String)
	{GET [/api/v1/notifications/unread-count]}: getUnreadCount(UserDetails)
	{GET [/api/v1/notifications]}: getMyNotifications(UserDetails)
2026-03-16 16:33:05 [main] TRACE o.s.w.s.m.m.a.RequestMappingHandlerMapping - 
	c.c.p.a.c.s.ScheduleController:
	{GET [/api/v1/schedule/range]}: getScheduleByDateRange(String,String)
	{PUT [/api/v1/schedule/{id}]}: updateSchedule(String,ScheduleDto)
	{POST [/api/v1/schedule]}: createSchedule(ScheduleDto)
	{GET [/api/v1/schedule]}: getScheduleList(int,int)
	{DELETE [/api/v1/schedule/{id}]}: deleteSchedule(String)
	{GET [/api/v1/schedule/{id}]}: getSchedule(String)
	{GET [/api/v1/schedule/monthly]}: getMonthlySchedule(String)
2026-03-16 16:33:05 [main] TRACE o.s.w.s.m.m.a.RequestMappingHandlerMapping - 
	c.c.p.a.c.s.ScrapController:
	{GET [/api/v1/scrap/{scrapId}]}: getScrap(String)
	{POST [/api/v1/scrap]}: createScrap(ScrapDto)
	{DELETE [/api/v1/scrap/{scrapId}]}: deleteScrap(String)
	{GET [/api/v1/scrap]}: getMyScrapList(int,int)
2026-03-16 16:33:05 [main] TRACE o.s.w.s.m.m.a.RequestMappingHandlerMapping - 
	c.c.p.a.c.w.WikiBookmarkController:
	{DELETE [/api/v1/wiki-bookmarks/{wikiBkmkId}]}: deleteWikiBookmark(String)
	{GET [/api/v1/wiki-bookmarks/check-duplication]}: checkDuplication(UserDetails,String)
	{GET [/api/v1/wiki-bookmarks]}: getWikiBookmarks(UserDetails,String,Pageable)
	{POST [/api/v1/wiki-bookmarks]}: insertWikiBookmark(UserDetails,String)
2026-03-16 16:33:05 [main] TRACE o.s.w.s.m.m.a.RequestMappingHandlerMapping - 
	c.c.p.a.c.w.MyPageApiController:
	{GET [/api/v1/admin/workspace/mypage/contents]}: getContents(boolean)
	{POST [/api/v1/admin/workspace/mypage/contents]}: createContent(MyPageContentDto)
	{PUT [/api/v1/admin/workspace/mypage/contents/{id}]}: updateContent(String,MyPageContentDto)
	{DELETE [/api/v1/admin/workspace/mypage/contents/{id}]}: deleteContent(String)
2026-03-16 16:33:05 [main] TRACE o.s.w.s.m.m.a.RequestMappingHandlerMapping - 
	c.c.p.a.c.i.InformalSanctionController:
	{GET [/api/v1/informal-sanctions]}: getInformalSanctionList(CustomUserDetails,String,Pageable)
	{GET [/api/v1/informal-sanctions/{informalSanctionId}]}: getInformalSanction(String)
	{POST [/api/v1/informal-sanctions]}: registerInformalSanction(CustomUserDetails,InformalSanctionDto)
	{PUT [/api/v1/informal-sanctions/{informalSanctionId}]}: updateInformalSanction(String,InformalSanctionDto)
	{PATCH [/api/v1/informal-sanctions/{informalSanctionId}/confirm]}: confirmInformalSanction(String,String,String)
	{DELETE [/api/v1/informal-sanctions/{informalSanctionId}]}: deleteInformalSanction(String)
2026-03-16 16:33:05 [main] TRACE o.s.w.s.m.m.a.RequestMappingHandlerMapping - 
	c.c.p.a.c.o.ExternalHrApiController:
	{POST [/api/v1/admin/operation/external-hr]}: createExternalHr(ExternalHrDto)
	{GET [/api/v1/admin/operation/external-hr]}: getAllExternalHr(String)
2026-03-16 16:33:05 [main] TRACE o.s.w.s.m.m.a.RequestMappingHandlerMapping - 
	c.c.p.a.c.o.RewardManageApiController:
	{POST [/api/v1/admin/operation/rewards]}: createReward(RewardManageDto)
	{GET [/api/v1/admin/operation/rewards]}: getAllRewards(String)
2026-03-16 16:33:05 [main] TRACE o.s.w.s.m.m.a.RequestMappingHandlerMapping - 
	c.c.p.a.c.r.RoughMapController:
	{POST [/api/v1/rough-maps]}: insertRoughMap(RoughMapDto)
	{DELETE [/api/v1/rough-maps/{roughMapId}]}: deleteRoughMap(String)
	{GET [/api/v1/rough-maps/{roughMapId}]}: getRoughMap(String)
	{PUT [/api/v1/rough-maps/{roughMapId}]}: updateRoughMap(String,RoughMapDto)
	{GET [/api/v1/rough-maps]}: getRoughMaps(String,Pageable)
2026-03-16 16:33:05 [main] TRACE o.s.w.s.m.m.a.RequestMappingHandlerMapping - 
	c.c.p.a.c.s.ApprovalApiController:
	{GET [/api/v1/approvals/my]}: getMyHistory(CustomUserDetails,Pageable)
	{GET [/api/v1/approvals/pending]}: getPending(CustomUserDetails,Pageable)
	{PUT [/api/v1/approvals/{id}/confirm]}: confirm(String,Map)
2026-03-16 16:33:05 [main] TRACE o.s.w.s.m.m.a.RequestMappingHandlerMapping - 
	c.c.p.a.c.s.DeptJobController:
	{GET [/api/v1/deptjob/boxes/{deptJobbxId}]}: getDeptJobBox(String)
	{PUT [/api/v1/deptjob/boxes/{deptJobbxId}]}: updateDeptJobBox(CustomUserDetails,String,DeptJobBoxDto)
	{DELETE [/api/v1/deptjob/boxes/{deptJobbxId}]}: deleteDeptJobBox(CustomUserDetails,String)
	{POST [/api/v1/deptjob/boxes]}: createDeptJobBox(CustomUserDetails,DeptJobBoxDto)
	{GET [/api/v1/deptjob/boxes]}: getDeptJobBoxList(String,String,int,int)
2026-03-16 16:33:05 [main] TRACE o.s.w.s.m.m.a.RequestMappingHandlerMapping - 
	c.c.p.a.c.s.SmsApiController:
	{GET [/api/v1/admin/operation/sms]}: getSmsList(String,Pageable)
	{POST [/api/v1/admin/operation/sms]}: sendSms(SmsDto)
	{GET [/api/v1/admin/operation/sms/{smsId}]}: getSms(String)
2026-03-16 16:33:05 [main] TRACE o.s.w.s.m.m.a.RequestMappingHandlerMapping - 
	c.c.p.a.c.s.SmsController:
	{GET [/api/v1/sms/{smsId}/recipients]}: getSmsRecipients(String)
	{GET [/api/v1/sms]}: getSmsList(String,String,Pageable)
	{POST [/api/v1/sms]}: sendSms(CustomUserDetails,SmsDto)
	{GET [/api/v1/sms/{smsId}]}: getSms(String)
2026-03-16 16:33:05 [main] TRACE o.s.w.s.m.m.a.RequestMappingHandlerMapping - 
	c.c.p.a.a.AuthController:
	{POST [/api/v1/auth/logout]}: logout(HttpServletResponse)
	{POST [/api/v1/auth/login]}: login(Map,HttpServletResponse)
	{POST [/api/v1/auth/reissue]}: reissue(String)
	{GET [/api/v1/auth/me]}: getCurrentUser()
2026-03-16 16:33:05 [main] TRACE o.s.w.s.m.m.a.RequestMappingHandlerMapping - 
	c.c.p.a.c.a.AuthorManageController:
	{ [/sec/ram/EgovAuthorManage.do || /sec/ram/EgovAuthorList.do]}: selectAuthorList(ComDefaultVO,ModelMap)
	{POST [/sec/ram/EgovAuthorInsert.do]}: insertAuthor(AuthorManageDto,BindingResult,ModelMap,RedirectAttributes)
	{POST [/sec/ram/EgovAuthorUpdate.do]}: updateAuthor(AuthorManageDto,BindingResult,Model,RedirectAttributes)
	{POST [/sec/ram/EgovAuthorDelete.do]}: deleteAuthor(String,RedirectAttributes)
	{ [/sec/ram/EgovAuthor.do || /api/v1/auth/authors]}: selectAuthor(String,ModelMap)
	{ [/sec/ram/EgovAuthorInsertView.do]}: insertAuthorView(Model)
	{POST [/sec/ram/EgovAuthorListDelete.do]}: deleteAuthorList(String,RedirectAttributes)
	{ [/sec/ram/accessDenied.do]}: accessDenied()
2026-03-16 16:33:05 [main] TRACE o.s.w.s.m.m.a.RequestMappingHandlerMapping - 
	c.c.p.a.c.a.AuthorRoleManageController:
	{ [/sec/rgm/EgovAuthorGroupListView.do || /sec/ram/EgovAuthorRoleList.do]}: selectAuthorRoleList(ComDefaultVO,ModelMap)
	{POST [/sec/ram/EgovAuthorRoleInsert.do]}: insertAuthorRole(String,String,String,ModelMap)
	{ [/sec/ram/EgovAuthorRoleListView.do]}: selectAuthorRoleListView()
2026-03-16 16:33:05 [main] TRACE o.s.w.s.m.m.a.RequestMappingHandlerMapping - 
	c.c.p.a.c.a.RoleManageController:
	{POST [/sec/rmt/EgovRoleDelete.do]}: deleteRole(String,ModelMap)
	{ [/sec/rmt/EgovRole.do || /api/v1/auth/roles]}: selectRole(String,ModelMap)
	{POST [/sec/rmt/EgovRoleInsert.do]}: insertRole(RoleManageDto,BindingResult,ModelMap)
	{ [/sec/rmt/EgovRoleManage.do || /sec/rmt/EgovRoleList.do]}: selectRoleList(ComDefaultVO,ModelMap)
	{ [/sec/rmt/EgovRoleListView.do]}: selectRoleListView()
	{POST [/sec/rmt/EgovRoleListDelete.do]}: deleteRoleList(String,Model)
	{ [/sec/rmt/EgovRoleInsertView.do]}: insertRoleView(Model)
2026-03-16 16:33:05 [main] TRACE o.s.w.s.m.m.a.RequestMappingHandlerMapping - 
	o.s.b.a.w.s.e.BasicErrorController:
	{ [/error]}: error(HttpServletRequest)
	{ [/error], produces [text/html]}: errorHtml(HttpServletRequest,HttpServletResponse)
2026-03-16 16:33:05 [main] TRACE o.s.w.s.m.m.a.RequestMappingHandlerMapping - 
	o.s.w.a.OpenApiWebMvcResource:
	{GET [/v3/api-docs], produces [application/json]}: openapiJson(HttpServletRequest,String,Locale)
	{GET [/v3/api-docs.yaml], produces [application/vnd.oai.openapi]}: openapiYaml(HttpServletRequest,String,Locale)
2026-03-16 16:33:05 [main] TRACE o.s.w.s.m.m.a.RequestMappingHandlerMapping - 
	o.s.w.u.SwaggerWelcomeWebMvc:
	{GET [/swagger-ui.html]}: redirectToUi(HttpServletRequest)
2026-03-16 16:33:05 [main] TRACE o.s.w.s.m.m.a.RequestMappingHandlerMapping - 
	o.s.w.u.SwaggerConfigResource:
	{GET [/v3/api-docs/swagger-config], produces [application/json]}: openapiJson(HttpServletRequest)
2026-03-16 16:33:05 [main] DEBUG o.s.w.s.m.m.a.RequestMappingHandlerMapping - 333 mappings in 'requestMappingHandlerMapping'
2026-03-16 16:33:05 [main] DEBUG o.s.w.s.h.SimpleUrlHandlerMapping - Patterns [/webjars/**, /**, /css/**, /js/**, /images/**, /swagger-ui*/*swagger-initializer.js, /swagger-ui*/**] in 'resourceHandlerMapping'
2026-03-16 16:33:05 [main] INFO  c.c.p.c.c.ApplicationContextProvider - ApplicationContextProvider.setApplicationContext called: org.springframework.boot.web.servlet.context.AnnotationConfigServletWebServerApplicationContext@10650953, started on Mon Mar 16 16:32:46 KST 2026
2026-03-16 16:33:06 [main] DEBUG o.s.w.s.m.WebSocketAnnotationMethodMessageHandler - 
	c.c.p.a.c.UserController:
	
2026-03-16 16:33:06 [main] DEBUG o.s.w.s.m.WebSocketAnnotationMethodMessageHandler - 
	c.c.p.c.s.RealTimeDashboardController:
	{[MESSAGE],[/user.connect]}: handleUserConnect()
	{[MESSAGE],[/user.disconnect]}: handleUserDisconnect()
2026-03-16 16:33:06 [main] DEBUG o.s.w.s.m.WebSocketAnnotationMethodMessageHandler - 
	c.c.p.a.c.c.AdministCodeApiController:
	
2026-03-16 16:33:06 [main] DEBUG o.s.w.s.m.WebSocketAnnotationMethodMessageHandler - 
	c.c.p.a.c.c.CommonCodeApiController:
	
2026-03-16 16:33:06 [main] DEBUG o.s.w.s.m.WebSocketAnnotationMethodMessageHandler - 
	c.c.p.a.c.c.InstitutionCodeApiController:
	
2026-03-16 16:33:06 [main] DEBUG o.s.w.s.m.WebSocketAnnotationMethodMessageHandler - 
	c.c.p.a.c.m.MenuController:
	
2026-03-16 16:33:06 [main] DEBUG o.s.w.s.m.WebSocketAnnotationMethodMessageHandler - 
	c.c.p.a.c.s.AuthorApiController:
	
2026-03-16 16:33:06 [main] DEBUG o.s.w.s.m.WebSocketAnnotationMethodMessageHandler - 
	c.c.p.a.c.s.AuthorRoleApiController:
	
2026-03-16 16:33:06 [main] DEBUG o.s.w.s.m.WebSocketAnnotationMethodMessageHandler - 
	c.c.p.a.c.s.CommentApiController:
	
2026-03-16 16:33:06 [main] DEBUG o.s.w.s.m.WebSocketAnnotationMethodMessageHandler - 
	c.c.p.a.c.s.DeptApiController:
	
2026-03-16 16:33:06 [main] DEBUG o.s.w.s.m.WebSocketAnnotationMethodMessageHandler - 
	c.c.p.a.c.s.DeptAuthorityApiController:
	
2026-03-16 16:33:06 [main] DEBUG o.s.w.s.m.WebSocketAnnotationMethodMessageHandler - 
	c.c.p.a.c.s.GroupApiController:
	
2026-03-16 16:33:06 [main] DEBUG o.s.w.s.m.WebSocketAnnotationMethodMessageHandler - 
	c.c.p.a.c.s.HealthCheckController:
	
2026-03-16 16:33:06 [main] DEBUG o.s.w.s.m.WebSocketAnnotationMethodMessageHandler - 
	c.c.p.a.c.s.MenuApiController:
	
2026-03-16 16:33:06 [main] DEBUG o.s.w.s.m.WebSocketAnnotationMethodMessageHandler - 
	c.c.p.a.c.s.ProgramApiController:
	
2026-03-16 16:33:06 [main] DEBUG o.s.w.s.m.WebSocketAnnotationMethodMessageHandler - 
	c.c.p.a.c.s.RoleApiController:
	
2026-03-16 16:33:06 [main] DEBUG o.s.w.s.m.WebSocketAnnotationMethodMessageHandler - 
	c.c.p.a.c.s.UserApiController:
	
2026-03-16 16:33:06 [main] DEBUG o.s.w.s.m.WebSocketAnnotationMethodMessageHandler - 
	c.c.p.a.c.s.UserAuthorityApiController:
	
2026-03-16 16:33:06 [main] DEBUG o.s.w.s.m.WebSocketAnnotationMethodMessageHandler - 
	c.c.p.a.c.s.c.b.BannerApiController:
	
2026-03-16 16:33:06 [main] DEBUG o.s.w.s.m.WebSocketAnnotationMethodMessageHandler - 
	c.c.p.a.c.s.c.b.BoardMasterApiController:
	
2026-03-16 16:33:06 [main] DEBUG o.s.w.s.m.WebSocketAnnotationMethodMessageHandler - 
	c.c.p.a.c.s.c.c.CommunityApiController:
	
2026-03-16 16:33:06 [main] DEBUG o.s.w.s.m.WebSocketAnnotationMethodMessageHandler - 
	c.c.p.a.c.s.c.p.PopupApiController:
	
2026-03-16 16:33:06 [main] DEBUG o.s.w.s.m.WebSocketAnnotationMethodMessageHandler - 
	c.c.p.a.c.s.c.p.PopupController:
	
2026-03-16 16:33:06 [main] DEBUG o.s.w.s.m.WebSocketAnnotationMethodMessageHandler - 
	c.c.p.a.c.s.l.LoginLogApiController:
	
2026-03-16 16:33:06 [main] DEBUG o.s.w.s.m.WebSocketAnnotationMethodMessageHandler - 
	c.c.p.a.c.s.l.SystemLogApiController:
	
2026-03-16 16:33:06 [main] DEBUG o.s.w.s.m.WebSocketAnnotationMethodMessageHandler - 
	c.c.p.a.c.s.l.LoginPolicyApiController:
	
2026-03-16 16:33:06 [main] DEBUG o.s.w.s.m.WebSocketAnnotationMethodMessageHandler - 
	c.c.p.a.c.s.p.PolicyApiController:
	
2026-03-16 16:33:06 [main] DEBUG o.s.w.s.m.WebSocketAnnotationMethodMessageHandler - 
	c.c.p.a.c.s.s.i.InternetSvcGuidanceApiController:
	
2026-03-16 16:33:06 [main] DEBUG o.s.w.s.m.WebSocketAnnotationMethodMessageHandler - 
	c.c.p.a.c.s.s.q.QnaApiController:
	
2026-03-16 16:33:06 [main] DEBUG o.s.w.s.m.WebSocketAnnotationMethodMessageHandler - 
	c.c.p.a.c.s.s.s.CnsltApiController:
	
2026-03-16 16:33:06 [main] DEBUG o.s.w.s.m.WebSocketAnnotationMethodMessageHandler - 
	c.c.p.a.c.s.s.s.OnlinePollApiController:
	
2026-03-16 16:33:06 [main] DEBUG o.s.w.s.m.WebSocketAnnotationMethodMessageHandler - 
	c.c.p.a.c.s.s.s.SurveyApiController:
	
2026-03-16 16:33:06 [main] DEBUG o.s.w.s.m.WebSocketAnnotationMethodMessageHandler - 
	c.c.p.a.c.s.s.StatisticsApiController:
	
2026-03-16 16:33:06 [main] DEBUG o.s.w.s.m.WebSocketAnnotationMethodMessageHandler - 
	c.c.p.a.c.s.t.TemplateApiController:
	
2026-03-16 16:33:06 [main] DEBUG o.s.w.s.m.WebSocketAnnotationMethodMessageHandler - 
	c.c.p.a.c.s.u.UnityLinkApiController:
	
2026-03-16 16:33:06 [main] DEBUG o.s.w.s.m.WebSocketAnnotationMethodMessageHandler - 
	c.c.p.a.c.a.AddressBookController:
	
2026-03-16 16:33:06 [main] DEBUG o.s.w.s.m.WebSocketAnnotationMethodMessageHandler - 
	c.c.p.a.c.b.BBSManageController:
	
2026-03-16 16:33:06 [main] DEBUG o.s.w.s.m.WebSocketAnnotationMethodMessageHandler - 
	c.c.p.a.c.b.BbsApiController:
	
2026-03-16 16:33:06 [main] DEBUG o.s.w.s.m.WebSocketAnnotationMethodMessageHandler - 
	c.c.p.a.c.b.BoardController:
	
2026-03-16 16:33:06 [main] DEBUG o.s.w.s.m.WebSocketAnnotationMethodMessageHandler - 
	c.c.p.a.c.c.CommentController:
	
2026-03-16 16:33:06 [main] DEBUG o.s.w.s.m.WebSocketAnnotationMethodMessageHandler - 
	c.c.p.a.c.f.FaqController:
	
2026-03-16 16:33:06 [main] DEBUG o.s.w.s.m.WebSocketAnnotationMethodMessageHandler - 
	c.c.p.a.c.f.FileController:
	
2026-03-16 16:33:06 [main] DEBUG o.s.w.s.m.WebSocketAnnotationMethodMessageHandler - 
	c.c.p.a.c.h.HelpController:
	
2026-03-16 16:33:06 [main] DEBUG o.s.w.s.m.WebSocketAnnotationMethodMessageHandler - 
	c.c.p.a.c.i.MainImageController:
	
2026-03-16 16:33:06 [main] DEBUG o.s.w.s.m.WebSocketAnnotationMethodMessageHandler - 
	c.c.p.a.c.l.LeaderScheduleController:
	
2026-03-16 16:33:06 [main] DEBUG o.s.w.s.m.WebSocketAnnotationMethodMessageHandler - 
	c.c.p.a.c.m.MailApiController:
	
2026-03-16 16:33:06 [main] DEBUG o.s.w.s.m.WebSocketAnnotationMethodMessageHandler - 
	c.c.p.a.c.m.MailController:
	
2026-03-16 16:33:06 [main] DEBUG o.s.w.s.m.WebSocketAnnotationMethodMessageHandler - 
	c.c.p.a.c.m.DashboardController:
	
2026-03-16 16:33:06 [main] DEBUG o.s.w.s.m.WebSocketAnnotationMethodMessageHandler - 
	c.c.p.a.c.m.MainPageController:
	
2026-03-16 16:33:06 [main] DEBUG o.s.w.s.m.WebSocketAnnotationMethodMessageHandler - 
	c.c.p.a.c.m.TestController:
	
2026-03-16 16:33:06 [main] DEBUG o.s.w.s.m.WebSocketAnnotationMethodMessageHandler - 
	c.c.p.a.c.m.TestMvcController:
	
2026-03-16 16:33:06 [main] DEBUG o.s.w.s.m.WebSocketAnnotationMethodMessageHandler - 
	c.c.p.a.c.m.MemoReportController:
	
2026-03-16 16:33:06 [main] DEBUG o.s.w.s.m.WebSocketAnnotationMethodMessageHandler - 
	c.c.p.a.c.n.NoteController:
	
2026-03-16 16:33:06 [main] DEBUG o.s.w.s.m.WebSocketAnnotationMethodMessageHandler - 
	c.c.p.a.c.n.NotificationController:
	
2026-03-16 16:33:06 [main] DEBUG o.s.w.s.m.WebSocketAnnotationMethodMessageHandler - 
	c.c.p.a.c.s.ScheduleController:
	
2026-03-16 16:33:06 [main] DEBUG o.s.w.s.m.WebSocketAnnotationMethodMessageHandler - 
	c.c.p.a.c.s.ScrapController:
	
2026-03-16 16:33:06 [main] DEBUG o.s.w.s.m.WebSocketAnnotationMethodMessageHandler - 
	c.c.p.a.c.w.WikiBookmarkController:
	
2026-03-16 16:33:06 [main] DEBUG o.s.w.s.m.WebSocketAnnotationMethodMessageHandler - 
	c.c.p.a.c.w.MyPageApiController:
	
2026-03-16 16:33:06 [main] DEBUG o.s.w.s.m.WebSocketAnnotationMethodMessageHandler - 
	c.c.p.a.c.i.InformalSanctionController:
	
2026-03-16 16:33:06 [main] DEBUG o.s.w.s.m.WebSocketAnnotationMethodMessageHandler - 
	c.c.p.a.c.o.ExternalHrApiController:
	
2026-03-16 16:33:06 [main] DEBUG o.s.w.s.m.WebSocketAnnotationMethodMessageHandler - 
	c.c.p.a.c.o.RewardManageApiController:
	
2026-03-16 16:33:06 [main] DEBUG o.s.w.s.m.WebSocketAnnotationMethodMessageHandler - 
	c.c.p.a.c.r.RoughMapController:
	
2026-03-16 16:33:06 [main] DEBUG o.s.w.s.m.WebSocketAnnotationMethodMessageHandler - 
	c.c.p.a.c.s.ApprovalApiController:
	
2026-03-16 16:33:06 [main] DEBUG o.s.w.s.m.WebSocketAnnotationMethodMessageHandler - 
	c.c.p.a.c.s.DeptJobController:
	
2026-03-16 16:33:06 [main] DEBUG o.s.w.s.m.WebSocketAnnotationMethodMessageHandler - 
	c.c.p.a.c.s.SmsApiController:
	
2026-03-16 16:33:06 [main] DEBUG o.s.w.s.m.WebSocketAnnotationMethodMessageHandler - 
	c.c.p.a.c.s.SmsController:
	
2026-03-16 16:33:06 [main] DEBUG o.s.w.s.m.WebSocketAnnotationMethodMessageHandler - 
	c.c.p.a.a.AuthController:
	
2026-03-16 16:33:06 [main] DEBUG o.s.w.s.m.WebSocketAnnotationMethodMessageHandler - 
	c.c.p.a.c.a.AuthorManageController:
	
2026-03-16 16:33:06 [main] DEBUG o.s.w.s.m.WebSocketAnnotationMethodMessageHandler - 
	c.c.p.a.c.a.AuthorRoleManageController:
	
2026-03-16 16:33:06 [main] DEBUG o.s.w.s.m.WebSocketAnnotationMethodMessageHandler - 
	c.c.p.a.c.a.RoleManageController:
	
2026-03-16 16:33:06 [main] DEBUG o.s.w.s.m.WebSocketAnnotationMethodMessageHandler - 
	o.s.b.a.w.s.e.BasicErrorController:
	
2026-03-16 16:33:06 [main] DEBUG o.s.w.s.m.WebSocketAnnotationMethodMessageHandler - 
	o.s.w.a.OpenApiWebMvcResource:
	
2026-03-16 16:33:06 [main] DEBUG o.s.w.s.m.WebSocketAnnotationMethodMessageHandler - 
	o.s.w.u.SwaggerWelcomeWebMvc:
	
2026-03-16 16:33:06 [main] DEBUG o.s.w.s.m.WebSocketAnnotationMethodMessageHandler - 
	o.s.w.u.SwaggerConfigResource:
	
2026-03-16 16:33:06 [main] DEBUG o.s.o.j.SharedEntityManagerCreator$SharedEntityManagerInvocationHandler - Creating new EntityManager for shared EntityManager invocation
2026-03-16 16:33:06 [main] DEBUG o.s.o.j.SharedEntityManagerCreator$SharedEntityManagerInvocationHandler - Creating new EntityManager for shared EntityManager invocation
2026-03-16 16:33:06 [main] DEBUG o.s.o.j.SharedEntityManagerCreator$SharedEntityManagerInvocationHandler - Creating new EntityManager for shared EntityManager invocation
2026-03-16 16:33:06 [main] DEBUG o.s.o.j.SharedEntityManagerCreator$SharedEntityManagerInvocationHandler - Creating new EntityManager for shared EntityManager invocation
2026-03-16 16:33:06 [main] DEBUG o.s.o.j.SharedEntityManagerCreator$SharedEntityManagerInvocationHandler - Creating new EntityManager for shared EntityManager invocation
2026-03-16 16:33:06 [main] DEBUG o.s.o.j.SharedEntityManagerCreator$SharedEntityManagerInvocationHandler - Creating new EntityManager for shared EntityManager invocation
2026-03-16 16:33:06 [main] DEBUG o.s.o.j.SharedEntityManagerCreator$SharedEntityManagerInvocationHandler - Creating new EntityManager for shared EntityManager invocation
2026-03-16 16:33:06 [main] DEBUG o.s.o.j.SharedEntityManagerCreator$SharedEntityManagerInvocationHandler - Creating new EntityManager for shared EntityManager invocation
2026-03-16 16:33:06 [main] DEBUG o.s.o.j.SharedEntityManagerCreator$SharedEntityManagerInvocationHandler - Creating new EntityManager for shared EntityManager invocation
2026-03-16 16:33:06 [main] DEBUG o.s.o.j.SharedEntityManagerCreator$SharedEntityManagerInvocationHandler - Creating new EntityManager for shared EntityManager invocation
2026-03-16 16:33:06 [main] DEBUG o.s.o.j.SharedEntityManagerCreator$SharedEntityManagerInvocationHandler - Creating new EntityManager for shared EntityManager invocation
2026-03-16 16:33:06 [main] DEBUG o.s.o.j.SharedEntityManagerCreator$SharedEntityManagerInvocationHandler - Creating new EntityManager for shared EntityManager invocation
2026-03-16 16:33:06 [main] DEBUG o.s.o.j.SharedEntityManagerCreator$SharedEntityManagerInvocationHandler - Creating new EntityManager for shared EntityManager invocation
2026-03-16 16:33:06 [main] DEBUG o.s.o.j.SharedEntityManagerCreator$SharedEntityManagerInvocationHandler - Creating new EntityManager for shared EntityManager invocation
2026-03-16 16:33:06 [main] DEBUG o.s.o.j.SharedEntityManagerCreator$SharedEntityManagerInvocationHandler - Creating new EntityManager for shared EntityManager invocation
2026-03-16 16:33:06 [main] DEBUG o.s.o.j.SharedEntityManagerCreator$SharedEntityManagerInvocationHandler - Creating new EntityManager for shared EntityManager invocation
2026-03-16 16:33:06 [main] DEBUG o.s.o.j.SharedEntityManagerCreator$SharedEntityManagerInvocationHandler - Creating new EntityManager for shared EntityManager invocation
2026-03-16 16:33:06 [main] DEBUG o.s.o.j.SharedEntityManagerCreator$SharedEntityManagerInvocationHandler - Creating new EntityManager for shared EntityManager invocation
2026-03-16 16:33:06 [main] DEBUG o.s.o.j.SharedEntityManagerCreator$SharedEntityManagerInvocationHandler - Creating new EntityManager for shared EntityManager invocation
2026-03-16 16:33:06 [main] DEBUG o.s.o.j.SharedEntityManagerCreator$SharedEntityManagerInvocationHandler - Creating new EntityManager for shared EntityManager invocation
2026-03-16 16:33:06 [main] DEBUG o.s.o.j.SharedEntityManagerCreator$SharedEntityManagerInvocationHandler - Creating new EntityManager for shared EntityManager invocation
2026-03-16 16:33:06 [main] DEBUG o.s.o.j.SharedEntityManagerCreator$SharedEntityManagerInvocationHandler - Creating new EntityManager for shared EntityManager invocation
2026-03-16 16:33:06 [main] DEBUG o.s.o.j.SharedEntityManagerCreator$SharedEntityManagerInvocationHandler - Creating new EntityManager for shared EntityManager invocation
2026-03-16 16:33:06 [main] DEBUG o.s.o.j.SharedEntityManagerCreator$SharedEntityManagerInvocationHandler - Creating new EntityManager for shared EntityManager invocation
2026-03-16 16:33:06 [main] DEBUG o.s.o.j.SharedEntityManagerCreator$SharedEntityManagerInvocationHandler - Creating new EntityManager for shared EntityManager invocation
2026-03-16 16:33:06 [main] DEBUG o.s.o.j.SharedEntityManagerCreator$SharedEntityManagerInvocationHandler - Creating new EntityManager for shared EntityManager invocation
2026-03-16 16:33:06 [main] DEBUG o.s.o.j.SharedEntityManagerCreator$SharedEntityManagerInvocationHandler - Creating new EntityManager for shared EntityManager invocation
2026-03-16 16:33:06 [main] DEBUG o.s.o.j.SharedEntityManagerCreator$SharedEntityManagerInvocationHandler - Creating new EntityManager for shared EntityManager invocation
2026-03-16 16:33:06 [main] DEBUG o.s.o.j.SharedEntityManagerCreator$SharedEntityManagerInvocationHandler - Creating new EntityManager for shared EntityManager invocation
2026-03-16 16:33:06 [main] DEBUG o.s.o.j.SharedEntityManagerCreator$SharedEntityManagerInvocationHandler - Creating new EntityManager for shared EntityManager invocation
2026-03-16 16:33:06 [main] DEBUG o.s.o.j.SharedEntityManagerCreator$SharedEntityManagerInvocationHandler - Creating new EntityManager for shared EntityManager invocation
2026-03-16 16:33:06 [main] DEBUG o.s.o.j.SharedEntityManagerCreator$SharedEntityManagerInvocationHandler - Creating new EntityManager for shared EntityManager invocation
2026-03-16 16:33:06 [main] DEBUG o.s.o.j.SharedEntityManagerCreator$SharedEntityManagerInvocationHandler - Creating new EntityManager for shared EntityManager invocation
2026-03-16 16:33:06 [main] DEBUG o.s.o.j.SharedEntityManagerCreator$SharedEntityManagerInvocationHandler - Creating new EntityManager for shared EntityManager invocation
2026-03-16 16:33:06 [main] DEBUG o.s.o.j.SharedEntityManagerCreator$SharedEntityManagerInvocationHandler - Creating new EntityManager for shared EntityManager invocation
2026-03-16 16:33:06 [main] DEBUG o.s.o.j.SharedEntityManagerCreator$SharedEntityManagerInvocationHandler - Creating new EntityManager for shared EntityManager invocation
2026-03-16 16:33:06 [main] DEBUG o.s.o.j.SharedEntityManagerCreator$SharedEntityManagerInvocationHandler - Creating new EntityManager for shared EntityManager invocation
2026-03-16 16:33:06 [main] DEBUG o.s.o.j.SharedEntityManagerCreator$SharedEntityManagerInvocationHandler - Creating new EntityManager for shared EntityManager invocation
2026-03-16 16:33:06 [main] DEBUG o.s.o.j.SharedEntityManagerCreator$SharedEntityManagerInvocationHandler - Creating new EntityManager for shared EntityManager invocation
2026-03-16 16:33:06 [main] DEBUG o.s.o.j.SharedEntityManagerCreator$SharedEntityManagerInvocationHandler - Creating new EntityManager for shared EntityManager invocation
2026-03-16 16:33:06 [main] DEBUG o.s.o.j.SharedEntityManagerCreator$SharedEntityManagerInvocationHandler - Creating new EntityManager for shared EntityManager invocation
2026-03-16 16:33:06 [main] DEBUG o.s.o.j.SharedEntityManagerCreator$SharedEntityManagerInvocationHandler - Creating new EntityManager for shared EntityManager invocation
2026-03-16 16:33:06 [main] DEBUG o.s.o.j.SharedEntityManagerCreator$SharedEntityManagerInvocationHandler - Creating new EntityManager for shared EntityManager invocation
2026-03-16 16:33:06 [main] DEBUG o.s.o.j.SharedEntityManagerCreator$SharedEntityManagerInvocationHandler - Creating new EntityManager for shared EntityManager invocation
2026-03-16 16:33:06 [main] DEBUG o.s.o.j.SharedEntityManagerCreator$SharedEntityManagerInvocationHandler - Creating new EntityManager for shared EntityManager invocation
2026-03-16 16:33:06 [main] DEBUG o.s.o.j.SharedEntityManagerCreator$SharedEntityManagerInvocationHandler - Creating new EntityManager for shared EntityManager invocation
2026-03-16 16:33:06 [main] DEBUG o.s.o.j.SharedEntityManagerCreator$SharedEntityManagerInvocationHandler - Creating new EntityManager for shared EntityManager invocation
2026-03-16 16:33:06 [main] DEBUG o.s.o.j.SharedEntityManagerCreator$SharedEntityManagerInvocationHandler - Creating new EntityManager for shared EntityManager invocation
2026-03-16 16:33:06 [main] DEBUG o.s.o.j.SharedEntityManagerCreator$SharedEntityManagerInvocationHandler - Creating new EntityManager for shared EntityManager invocation
2026-03-16 16:33:06 [main] DEBUG o.s.o.j.SharedEntityManagerCreator$SharedEntityManagerInvocationHandler - Creating new EntityManager for shared EntityManager invocation
2026-03-16 16:33:06 [main] DEBUG o.s.o.j.SharedEntityManagerCreator$SharedEntityManagerInvocationHandler - Creating new EntityManager for shared EntityManager invocation
2026-03-16 16:33:06 [main] DEBUG o.s.o.j.SharedEntityManagerCreator$SharedEntityManagerInvocationHandler - Creating new EntityManager for shared EntityManager invocation
2026-03-16 16:33:06 [main] DEBUG o.s.o.j.SharedEntityManagerCreator$SharedEntityManagerInvocationHandler - Creating new EntityManager for shared EntityManager invocation
2026-03-16 16:33:06 [main] DEBUG o.s.o.j.SharedEntityManagerCreator$SharedEntityManagerInvocationHandler - Creating new EntityManager for shared EntityManager invocation
2026-03-16 16:33:06 [main] DEBUG o.s.o.j.SharedEntityManagerCreator$SharedEntityManagerInvocationHandler - Creating new EntityManager for shared EntityManager invocation
2026-03-16 16:33:06 [main] DEBUG o.s.o.j.SharedEntityManagerCreator$SharedEntityManagerInvocationHandler - Creating new EntityManager for shared EntityManager invocation
2026-03-16 16:33:06 [main] DEBUG o.s.o.j.SharedEntityManagerCreator$SharedEntityManagerInvocationHandler - Creating new EntityManager for shared EntityManager invocation
2026-03-16 16:33:06 [main] DEBUG o.s.o.j.SharedEntityManagerCreator$SharedEntityManagerInvocationHandler - Creating new EntityManager for shared EntityManager invocation
2026-03-16 16:33:06 [main] DEBUG o.s.o.j.SharedEntityManagerCreator$SharedEntityManagerInvocationHandler - Creating new EntityManager for shared EntityManager invocation
2026-03-16 16:33:06 [main] DEBUG o.s.o.j.SharedEntityManagerCreator$SharedEntityManagerInvocationHandler - Creating new EntityManager for shared EntityManager invocation
2026-03-16 16:33:06 [main] DEBUG o.s.o.j.SharedEntityManagerCreator$SharedEntityManagerInvocationHandler - Creating new EntityManager for shared EntityManager invocation
2026-03-16 16:33:06 [main] DEBUG o.s.o.j.SharedEntityManagerCreator$SharedEntityManagerInvocationHandler - Creating new EntityManager for shared EntityManager invocation
2026-03-16 16:33:06 [main] DEBUG o.s.o.j.SharedEntityManagerCreator$SharedEntityManagerInvocationHandler - Creating new EntityManager for shared EntityManager invocation
2026-03-16 16:33:06 [main] DEBUG o.s.o.j.SharedEntityManagerCreator$SharedEntityManagerInvocationHandler - Creating new EntityManager for shared EntityManager invocation
2026-03-16 16:33:06 [main] DEBUG o.s.o.j.SharedEntityManagerCreator$SharedEntityManagerInvocationHandler - Creating new EntityManager for shared EntityManager invocation
2026-03-16 16:33:06 [main] DEBUG o.s.o.j.SharedEntityManagerCreator$SharedEntityManagerInvocationHandler - Creating new EntityManager for shared EntityManager invocation
2026-03-16 16:33:06 [main] DEBUG o.s.o.j.SharedEntityManagerCreator$SharedEntityManagerInvocationHandler - Creating new EntityManager for shared EntityManager invocation
2026-03-16 16:33:06 [main] DEBUG o.s.o.j.SharedEntityManagerCreator$SharedEntityManagerInvocationHandler - Creating new EntityManager for shared EntityManager invocation
2026-03-16 16:33:06 [main] DEBUG o.s.o.j.SharedEntityManagerCreator$SharedEntityManagerInvocationHandler - Creating new EntityManager for shared EntityManager invocation
2026-03-16 16:33:06 [main] DEBUG o.s.o.j.SharedEntityManagerCreator$SharedEntityManagerInvocationHandler - Creating new EntityManager for shared EntityManager invocation
2026-03-16 16:33:06 [main] INFO  c.c.project.core.util.CryptoUtil - ### CryptoUtil: algorithmKey injected: egovframe
2026-03-16 16:33:06 [main] INFO  c.c.project.core.util.CryptoUtil - ### CryptoUtil: setApplicationContext called
2026-03-16 16:33:06 [main] DEBUG o.s.o.j.SharedEntityManagerCreator$SharedEntityManagerInvocationHandler - Creating new EntityManager for shared EntityManager invocation
2026-03-16 16:33:06 [main] DEBUG o.s.o.j.SharedEntityManagerCreator$SharedEntityManagerInvocationHandler - Creating new EntityManager for shared EntityManager invocation
2026-03-16 16:33:06 [main] DEBUG o.s.o.j.SharedEntityManagerCreator$SharedEntityManagerInvocationHandler - Creating new EntityManager for shared EntityManager invocation
2026-03-16 16:33:06 [main] DEBUG o.s.o.j.SharedEntityManagerCreator$SharedEntityManagerInvocationHandler - Creating new EntityManager for shared EntityManager invocation
2026-03-16 16:33:06 [main] DEBUG o.s.o.j.SharedEntityManagerCreator$SharedEntityManagerInvocationHandler - Creating new EntityManager for shared EntityManager invocation
2026-03-16 16:33:06 [main] DEBUG o.s.w.s.m.m.a.RequestMappingHandlerAdapter - ControllerAdvice beans: 1 @ModelAttribute, 0 @InitBinder, 1 RequestBodyAdvice, 1 ResponseBodyAdvice
2026-03-16 16:33:06 [main] DEBUG o.s.w.s.m.m.a.ExceptionHandlerExceptionResolver - ControllerAdvice beans: 2 @ExceptionHandler, 1 ResponseBodyAdvice
2026-03-16 16:33:08 [main] DEBUG org.springframework.web.SimpLogging - clientOutboundChannel added SubProtocolWebSocketHandler[StompSubProtocolHandler[v10.stomp, v11.stomp, v12.stomp]]
2026-03-16 16:33:08 [main] DEBUG org.springframework.web.SimpLogging - clientInboundChannel added WebSocketAnnotationMethodMessageHandler[prefixes=[/app/]]
2026-03-16 16:33:08 [main] INFO  org.springframework.web.SimpLogging - Starting...
2026-03-16 16:33:08 [main] DEBUG org.springframework.web.SimpLogging - clientInboundChannel added SimpleBrokerMessageHandler [org.springframework.messaging.simp.broker.DefaultSubscriptionRegistry@41748ba7]
2026-03-16 16:33:08 [main] DEBUG org.springframework.web.SimpLogging - brokerChannel added SimpleBrokerMessageHandler [org.springframework.messaging.simp.broker.DefaultSubscriptionRegistry@41748ba7]
2026-03-16 16:33:08 [main] INFO  org.springframework.web.SimpLogging - BrokerAvailabilityEvent[available=true, SimpleBrokerMessageHandler [org.springframework.messaging.simp.broker.DefaultSubscriptionRegistry@41748ba7]]
2026-03-16 16:33:08 [main] INFO  org.springframework.web.SimpLogging - Started.
2026-03-16 16:33:08 [main] DEBUG org.springframework.web.SimpLogging - clientInboundChannel added UserDestinationMessageHandler[DefaultUserDestinationResolver[prefix=/user/]]
2026-03-16 16:33:08 [main] DEBUG org.springframework.web.SimpLogging - brokerChannel added UserDestinationMessageHandler[DefaultUserDestinationResolver[prefix=/user/]]
2026-03-16 16:33:08 [main] INFO  c.c.project.ApiServerApplication - Started ApiServerApplication in 22.475 seconds (process running for 23.026)
2026-03-16 16:34:08 [MessageBroker-1] INFO  o.s.w.s.c.WebSocketMessageBrokerStats - WebSocketSession[0 current WS(0)-HttpStream(0)-HttpPoll(0), 0 total, 0 closed abnormally (0 connect failure, 0 send limit, 0 transport error)], stompSubProtocol[processed CONNECT(0)-CONNECTED(0)-DISCONNECT(0)], stompBrokerRelay[null], inboundChannel[unknown], outboundChannel[unknown], sockJsScheduler[pool size = 1, active threads = 1, queued tasks = 0, completed tasks = 0]
2026-03-16 16:43:07 [http-nio-8080-exec-1] INFO  o.s.web.servlet.DispatcherServlet - Initializing Servlet 'dispatcherServlet'
2026-03-16 16:43:07 [http-nio-8080-exec-1] DEBUG o.s.web.servlet.DispatcherServlet - Detected StandardServletMultipartResolver
2026-03-16 16:43:07 [http-nio-8080-exec-1] DEBUG o.s.web.servlet.DispatcherServlet - Detected AcceptHeaderLocaleResolver
2026-03-16 16:43:07 [http-nio-8080-exec-1] DEBUG o.s.web.servlet.DispatcherServlet - Detected FixedThemeResolver
2026-03-16 16:43:07 [http-nio-8080-exec-1] DEBUG o.s.web.servlet.DispatcherServlet - Detected org.springframework.web.servlet.view.DefaultRequestToViewNameTranslator@61edd0cb
2026-03-16 16:43:07 [http-nio-8080-exec-1] DEBUG o.s.web.servlet.DispatcherServlet - Detected org.springframework.web.servlet.support.SessionFlashMapManager@2008c7b1
2026-03-16 16:43:07 [http-nio-8080-exec-1] DEBUG o.s.web.servlet.DispatcherServlet - enableLoggingRequestDetails='false': request parameters and headers will be masked to prevent unsafe logging of potentially sensitive data
2026-03-16 16:43:07 [http-nio-8080-exec-1] INFO  o.s.web.servlet.DispatcherServlet - Completed initialization in 4 ms
2026-03-16 16:43:07 [http-nio-8080-exec-1] DEBUG c.c.p.s.jwt.JwtAuthenticationFilter - >>> [JwtFilter] Processing request: POST /api/v1/auth/login
2026-03-16 16:43:07 [http-nio-8080-exec-1] DEBUG c.c.p.s.jwt.JwtAuthenticationFilter - >>> [JwtFilter] No token found in request header for path: /api/v1/auth/login
2026-03-16 16:43:07 [http-nio-8080-exec-1] DEBUG o.s.web.servlet.DispatcherServlet - POST "/api/v1/auth/login", parameters={}
2026-03-16 16:43:07 [http-nio-8080-exec-1] TRACE o.s.w.s.m.m.a.RequestMappingHandlerMapping - Mapped to com.company.project.api.auth.AuthController#login(Map, HttpServletResponse)
2026-03-16 16:43:07 [http-nio-8080-exec-1] DEBUG o.s.web.method.HandlerMethod - Could not resolve parameter [0] in public com.company.project.core.response.ApiResponse<java.util.Map<java.lang.String, java.lang.String>> com.company.project.api.auth.AuthController.login(java.util.Map<java.lang.String, java.lang.String>,jakarta.servlet.http.HttpServletResponse): JSON parse error: Unexpected character ('\' (code 92)): was expecting double-quote to start field name
2026-03-16 16:43:07 [http-nio-8080-exec-1] DEBUG o.s.w.s.m.m.a.ExceptionHandlerExceptionResolver - Using @ExceptionHandler com.company.project.core.exception.GlobalExceptionHandler#handleException(Exception)
2026-03-16 16:43:07 [http-nio-8080-exec-1] ERROR c.c.p.c.e.GlobalExceptionHandler - >>> Internal Server Error: JSON parse error: Unexpected character ('\' (code 92)): was expecting double-quote to start field name
org.springframework.http.converter.HttpMessageNotReadableException: JSON parse error: Unexpected character ('\' (code 92)): was expecting double-quote to start field name
	at org.springframework.http.converter.json.AbstractJackson2HttpMessageConverter.readJavaType(AbstractJackson2HttpMessageConverter.java:409)
	at org.springframework.http.converter.json.AbstractJackson2HttpMessageConverter.read(AbstractJackson2HttpMessageConverter.java:357)
	at org.springframework.web.servlet.mvc.method.annotation.AbstractMessageConverterMethodArgumentResolver.readWithMessageConverters(AbstractMessageConverterMethodArgumentResolver.java:204)
	at org.springframework.web.servlet.mvc.method.annotation.RequestResponseBodyMethodProcessor.readWithMessageConverters(RequestResponseBodyMethodProcessor.java:176)
	at org.springframework.web.servlet.mvc.method.annotation.RequestResponseBodyMethodProcessor.resolveArgument(RequestResponseBodyMethodProcessor.java:150)
	at org.springframework.web.method.support.HandlerMethodArgumentResolverComposite.resolveArgument(HandlerMethodArgumentResolverComposite.java:122)
	at org.springframework.web.method.support.InvocableHandlerMethod.getMethodArgumentValues(InvocableHandlerMethod.java:226)
	at org.springframework.web.method.support.InvocableHandlerMethod.invokeForRequest(InvocableHandlerMethod.java:180)
	at org.springframework.web.servlet.mvc.method.annotation.ServletInvocableHandlerMethod.invokeAndHandle(ServletInvocableHandlerMethod.java:118)
	at org.springframework.web.servlet.mvc.method.annotation.RequestMappingHandlerAdapter.invokeHandlerMethod(RequestMappingHandlerAdapter.java:986)
	at org.springframework.web.servlet.mvc.method.annotation.RequestMappingHandlerAdapter.handleInternal(RequestMappingHandlerAdapter.java:891)
	at org.springframework.web.servlet.mvc.method.AbstractHandlerMethodAdapter.handle(AbstractHandlerMethodAdapter.java:87)
	at org.springframework.web.servlet.DispatcherServlet.doDispatch(DispatcherServlet.java:1088)
	at org.springframework.web.servlet.DispatcherServlet.doService(DispatcherServlet.java:978)
	at org.springframework.web.servlet.FrameworkServlet.processRequest(FrameworkServlet.java:1014)
	at org.springframework.web.servlet.FrameworkServlet.doPost(FrameworkServlet.java:914)
	at jakarta.servlet.http.HttpServlet.service(HttpServlet.java:547)
	at org.springframework.web.servlet.FrameworkServlet.service(FrameworkServlet.java:885)
	at jakarta.servlet.http.HttpServlet.service(HttpServlet.java:614)
	at org.apache.catalina.core.ApplicationFilterChain.internalDoFilter(ApplicationFilterChain.java:195)
	at org.apache.catalina.core.ApplicationFilterChain.doFilter(ApplicationFilterChain.java:140)
	at org.apache.tomcat.websocket.server.WsFilter.doFilter(WsFilter.java:51)
	at org.apache.catalina.core.ApplicationFilterChain.internalDoFilter(ApplicationFilterChain.java:164)
	at org.apache.catalina.core.ApplicationFilterChain.doFilter(ApplicationFilterChain.java:140)
	at org.springframework.web.filter.CompositeFilter$VirtualFilterChain.doFilter(CompositeFilter.java:108)
	at org.springframework.security.web.FilterChainProxy.lambda$doFilterInternal$3(FilterChainProxy.java:231)
	at org.springframework.security.web.ObservationFilterChainDecorator$FilterObservation$SimpleFilterObservation.lambda$wrap$1(ObservationFilterChainDecorator.java:479)
	at org.springframework.security.web.ObservationFilterChainDecorator$AroundFilterObservation$SimpleAroundFilterObservation.lambda$wrap$1(ObservationFilterChainDecorator.java:340)
	at org.springframework.security.web.ObservationFilterChainDecorator.lambda$wrapSecured$0(ObservationFilterChainDecorator.java:82)
	at org.springframework.security.web.ObservationFilterChainDecorator$VirtualFilterChain.doFilter(ObservationFilterChainDecorator.java:128)
	at org.springframework.security.web.access.intercept.AuthorizationFilter.doFilter(AuthorizationFilter.java:101)
	at org.springframework.security.web.ObservationFilterChainDecorator$ObservationFilter.wrapFilter(ObservationFilterChainDecorator.java:240)
	at org.springframework.security.web.ObservationFilterChainDecorator$ObservationFilter.doFilter(ObservationFilterChainDecorator.java:227)
	at org.springframework.security.web.ObservationFilterChainDecorator$VirtualFilterChain.doFilter(ObservationFilterChainDecorator.java:137)
	at org.springframework.security.web.access.ExceptionTranslationFilter.doFilter(ExceptionTranslationFilter.java:126)
	at org.springframework.security.web.access.ExceptionTranslationFilter.doFilter(ExceptionTranslationFilter.java:120)
	at org.springframework.security.web.ObservationFilterChainDecorator$ObservationFilter.wrapFilter(ObservationFilterChainDecorator.java:240)
	at org.springframework.security.web.ObservationFilterChainDecorator$ObservationFilter.doFilter(ObservationFilterChainDecorator.java:227)
	at org.springframework.security.web.ObservationFilterChainDecorator$VirtualFilterChain.doFilter(ObservationFilterChainDecorator.java:137)
	at org.springframework.security.web.session.SessionManagementFilter.doFilter(SessionManagementFilter.java:131)
	at org.springframework.security.web.session.SessionManagementFilter.doFilter(SessionManagementFilter.java:85)
	at org.springframework.security.web.ObservationFilterChainDecorator$ObservationFilter.wrapFilter(ObservationFilterChainDecorator.java:240)
	at org.springframework.security.web.ObservationFilterChainDecorator$ObservationFilter.doFilter(ObservationFilterChainDecorator.java:227)
	at org.springframework.security.web.ObservationFilterChainDecorator$VirtualFilterChain.doFilter(ObservationFilterChainDecorator.java:137)
	at org.springframework.security.web.authentication.AnonymousAuthenticationFilter.doFilter(AnonymousAuthenticationFilter.java:100)
	at org.springframework.security.web.ObservationFilterChainDecorator$ObservationFilter.wrapFilter(ObservationFilterChainDecorator.java:240)
	at org.springframework.security.web.ObservationFilterChainDecorator$ObservationFilter.doFilter(ObservationFilterChainDecorator.java:227)
	at org.springframework.security.web.ObservationFilterChainDecorator$VirtualFilterChain.doFilter(ObservationFilterChainDecorator.java:137)
	at org.springframework.security.web.servletapi.SecurityContextHolderAwareRequestFilter.doFilter(SecurityContextHolderAwareRequestFilter.java:179)
	at org.springframework.security.web.ObservationFilterChainDecorator$ObservationFilter.wrapFilter(ObservationFilterChainDecorator.java:240)
	at org.springframework.security.web.ObservationFilterChainDecorator$ObservationFilter.doFilter(ObservationFilterChainDecorator.java:227)
	at org.springframework.security.web.ObservationFilterChainDecorator$VirtualFilterChain.doFilter(ObservationFilterChainDecorator.java:137)
	at org.springframework.security.web.savedrequest.RequestCacheAwareFilter.doFilter(RequestCacheAwareFilter.java:63)
	at org.springframework.security.web.ObservationFilterChainDecorator$ObservationFilter.wrapFilter(ObservationFilterChainDecorator.java:240)
	at org.springframework.security.web.ObservationFilterChainDecorator$ObservationFilter.doFilter(ObservationFilterChainDecorator.java:227)
	at org.springframework.security.web.ObservationFilterChainDecorator$VirtualFilterChain.doFilter(ObservationFilterChainDecorator.java:137)
	at com.company.project.security.jwt.JwtAuthenticationFilter.doFilterInternal(JwtAuthenticationFilter.java:52)
	at org.springframework.web.filter.OncePerRequestFilter.doFilter(OncePerRequestFilter.java:116)
	at org.springframework.security.web.ObservationFilterChainDecorator$ObservationFilter.wrapFilter(ObservationFilterChainDecorator.java:240)
	at org.springframework.security.web.ObservationFilterChainDecorator$ObservationFilter.doFilter(ObservationFilterChainDecorator.java:227)
	at org.springframework.security.web.ObservationFilterChainDecorator$VirtualFilterChain.doFilter(ObservationFilterChainDecorator.java:137)
	at org.springframework.security.web.authentication.logout.LogoutFilter.doFilter(LogoutFilter.java:107)
	at org.springframework.security.web.authentication.logout.LogoutFilter.doFilter(LogoutFilter.java:93)
	at org.springframework.security.web.ObservationFilterChainDecorator$ObservationFilter.wrapFilter(ObservationFilterChainDecorator.java:240)
	at org.springframework.security.web.ObservationFilterChainDecorator$ObservationFilter.doFilter(ObservationFilterChainDecorator.java:227)
	at org.springframework.security.web.ObservationFilterChainDecorator$VirtualFilterChain.doFilter(ObservationFilterChainDecorator.java:137)
	at org.springframework.web.filter.CorsFilter.doFilterInternal(CorsFilter.java:91)
	at org.springframework.web.filter.OncePerRequestFilter.doFilter(OncePerRequestFilter.java:116)
	at org.springframework.security.web.ObservationFilterChainDecorator$ObservationFilter.wrapFilter(ObservationFilterChainDecorator.java:240)
	at org.springframework.security.web.ObservationFilterChainDecorator$ObservationFilter.doFilter(ObservationFilterChainDecorator.java:227)
	at org.springframework.security.web.ObservationFilterChainDecorator$VirtualFilterChain.doFilter(ObservationFilterChainDecorator.java:137)
	at org.springframework.security.web.header.HeaderWriterFilter.doHeadersAfter(HeaderWriterFilter.java:90)
	at org.springframework.security.web.header.HeaderWriterFilter.doFilterInternal(HeaderWriterFilter.java:75)
	at org.springframework.web.filter.OncePerRequestFilter.doFilter(OncePerRequestFilter.java:116)
	at org.springframework.security.web.ObservationFilterChainDecorator$ObservationFilter.wrapFilter(ObservationFilterChainDecorator.java:240)
	at org.springframework.security.web.ObservationFilterChainDecorator$ObservationFilter.doFilter(ObservationFilterChainDecorator.java:227)
	at org.springframework.security.web.ObservationFilterChainDecorator$VirtualFilterChain.doFilter(ObservationFilterChainDecorator.java:137)
	at org.springframework.security.web.context.SecurityContextHolderFilter.doFilter(SecurityContextHolderFilter.java:82)
	at org.springframework.security.web.context.SecurityContextHolderFilter.doFilter(SecurityContextHolderFilter.java:69)
	at org.springframework.security.web.ObservationFilterChainDecorator$ObservationFilter.wrapFilter(ObservationFilterChainDecorator.java:240)
	at org.springframework.security.web.ObservationFilterChainDecorator$ObservationFilter.doFilter(ObservationFilterChainDecorator.java:227)
	at org.springframework.security.web.ObservationFilterChainDecorator$VirtualFilterChain.doFilter(ObservationFilterChainDecorator.java:137)
	at org.springframework.security.web.context.request.async.WebAsyncManagerIntegrationFilter.doFilterInternal(WebAsyncManagerIntegrationFilter.java:62)
	at org.springframework.web.filter.OncePerRequestFilter.doFilter(OncePerRequestFilter.java:116)
	at org.springframework.security.web.ObservationFilterChainDecorator$ObservationFilter.wrapFilter(ObservationFilterChainDecorator.java:240)
	at org.springframework.security.web.ObservationFilterChainDecorator$ObservationFilter.doFilter(ObservationFilterChainDecorator.java:227)
	at org.springframework.security.web.ObservationFilterChainDecorator$VirtualFilterChain.doFilter(ObservationFilterChainDecorator.java:137)
	at org.springframework.security.web.session.DisableEncodeUrlFilter.doFilterInternal(DisableEncodeUrlFilter.java:42)
	at org.springframework.web.filter.OncePerRequestFilter.doFilter(OncePerRequestFilter.java:116)
	at org.springframework.security.web.ObservationFilterChainDecorator$ObservationFilter.wrapFilter(ObservationFilterChainDecorator.java:240)
	at org.springframework.security.web.ObservationFilterChainDecorator$AroundFilterObservation$SimpleAroundFilterObservation.lambda$wrap$0(ObservationFilterChainDecorator.java:323)
	at org.springframework.security.web.ObservationFilterChainDecorator$ObservationFilter.doFilter(ObservationFilterChainDecorator.java:224)
	at org.springframework.security.web.ObservationFilterChainDecorator$VirtualFilterChain.doFilter(ObservationFilterChainDecorator.java:137)
	at org.springframework.security.web.FilterChainProxy.doFilterInternal(FilterChainProxy.java:233)
	at org.springframework.security.web.FilterChainProxy.doFilter(FilterChainProxy.java:191)
	at org.springframework.web.filter.CompositeFilter$VirtualFilterChain.doFilter(CompositeFilter.java:113)
	at org.springframework.web.servlet.handler.HandlerMappingIntrospector.lambda$createCacheFilter$3(HandlerMappingIntrospector.java:243)
	at org.springframework.web.filter.CompositeFilter$VirtualFilterChain.doFilter(CompositeFilter.java:113)
	at org.springframework.web.filter.CompositeFilter.doFilter(CompositeFilter.java:74)
	at org.springframework.security.config.annotation.web.configuration.WebMvcSecurityConfiguration$CompositeFilterChainProxy.doFilter(WebMvcSecurityConfiguration.java:238)
	at org.springframework.web.filter.DelegatingFilterProxy.invokeDelegate(DelegatingFilterProxy.java:362)
	at org.springframework.web.filter.DelegatingFilterProxy.doFilter(DelegatingFilterProxy.java:278)
	at org.apache.catalina.core.ApplicationFilterChain.internalDoFilter(ApplicationFilterChain.java:164)
	at org.apache.catalina.core.ApplicationFilterChain.doFilter(ApplicationFilterChain.java:140)
	at org.springframework.web.filter.RequestContextFilter.doFilterInternal(RequestContextFilter.java:100)
	at org.springframework.web.filter.OncePerRequestFilter.doFilter(OncePerRequestFilter.java:116)
	at org.apache.catalina.core.ApplicationFilterChain.internalDoFilter(ApplicationFilterChain.java:164)
	at org.apache.catalina.core.ApplicationFilterChain.doFilter(ApplicationFilterChain.java:140)
	at org.springframework.web.filter.FormContentFilter.doFilterInternal(FormContentFilter.java:93)
	at org.springframework.web.filter.OncePerRequestFilter.doFilter(OncePerRequestFilter.java:116)
	at org.apache.catalina.core.ApplicationFilterChain.internalDoFilter(ApplicationFilterChain.java:164)
	at org.apache.catalina.core.ApplicationFilterChain.doFilter(ApplicationFilterChain.java:140)
	at org.springframework.web.filter.ServerHttpObservationFilter.doFilterInternal(ServerHttpObservationFilter.java:114)
	at org.springframework.web.filter.OncePerRequestFilter.doFilter(OncePerRequestFilter.java:116)
	at org.apache.catalina.core.ApplicationFilterChain.internalDoFilter(ApplicationFilterChain.java:164)
	at org.apache.catalina.core.ApplicationFilterChain.doFilter(ApplicationFilterChain.java:140)
	at org.springframework.web.filter.CharacterEncodingFilter.doFilterInternal(CharacterEncodingFilter.java:201)
	at org.springframework.web.filter.OncePerRequestFilter.doFilter(OncePerRequestFilter.java:116)
	at org.apache.catalina.core.ApplicationFilterChain.internalDoFilter(ApplicationFilterChain.java:164)
	at org.apache.catalina.core.ApplicationFilterChain.doFilter(ApplicationFilterChain.java:140)
	at org.apache.catalina.core.StandardWrapperValve.invoke(StandardWrapperValve.java:167)
	at org.apache.catalina.core.StandardContextValve.invoke(StandardContextValve.java:90)
	at org.apache.catalina.authenticator.AuthenticatorBase.invoke(AuthenticatorBase.java:483)
	at org.apache.catalina.core.StandardHostValve.invoke(StandardHostValve.java:115)
	at org.apache.catalina.valves.ErrorReportValve.invoke(ErrorReportValve.java:93)
	at org.apache.catalina.core.StandardEngineValve.invoke(StandardEngineValve.java:74)
	at org.apache.catalina.connector.CoyoteAdapter.service(CoyoteAdapter.java:344)
	at org.apache.coyote.http11.Http11Processor.service(Http11Processor.java:397)
	at org.apache.coyote.AbstractProcessorLight.process(AbstractProcessorLight.java:63)
	at org.apache.coyote.AbstractProtocol$ConnectionHandler.process(AbstractProtocol.java:905)
	at org.apache.tomcat.util.net.NioEndpoint$SocketProcessor.doRun(NioEndpoint.java:1741)
	at org.apache.tomcat.util.net.SocketProcessorBase.run(SocketProcessorBase.java:52)
	at org.apache.tomcat.util.threads.ThreadPoolExecutor.runWorker(ThreadPoolExecutor.java:1190)
	at org.apache.tomcat.util.threads.ThreadPoolExecutor$Worker.run(ThreadPoolExecutor.java:659)
	at org.apache.tomcat.util.threads.TaskThread$WrappingRunnable.run(TaskThread.java:63)
	at java.base/java.lang.Thread.run(Thread.java:1583)
Caused by: com.fasterxml.jackson.core.JsonParseException: Unexpected character ('\' (code 92)): was expecting double-quote to start field name
 at [Source: REDACTED (`StreamReadFeature.INCLUDE_SOURCE_IN_LOCATION` disabled); line: 1, column: 2]
	at com.fasterxml.jackson.core.JsonParser._constructReadException(JsonParser.java:2660)
	at com.fasterxml.jackson.core.base.ParserMinimalBase._reportUnexpectedChar(ParserMinimalBase.java:741)
	at com.fasterxml.jackson.core.json.UTF8StreamJsonParser._handleOddName(UTF8StreamJsonParser.java:2103)
	at com.fasterxml.jackson.core.json.UTF8StreamJsonParser._parseName(UTF8StreamJsonParser.java:1753)
	at com.fasterxml.jackson.core.json.UTF8StreamJsonParser.nextFieldName(UTF8StreamJsonParser.java:1040)
	at com.fasterxml.jackson.databind.deser.std.MapDeserializer._readAndBindStringKeyMap(MapDeserializer.java:596)
	at com.fasterxml.jackson.databind.deser.std.MapDeserializer.deserialize(MapDeserializer.java:449)
	at com.fasterxml.jackson.databind.deser.std.MapDeserializer.deserialize(MapDeserializer.java:32)
	at com.fasterxml.jackson.databind.deser.DefaultDeserializationContext.readRootValue(DefaultDeserializationContext.java:342)
	at com.fasterxml.jackson.databind.ObjectReader._bindAndClose(ObjectReader.java:2125)
	at com.fasterxml.jackson.databind.ObjectReader.readValue(ObjectReader.java:1501)
	at org.springframework.http.converter.json.AbstractJackson2HttpMessageConverter.readJavaType(AbstractJackson2HttpMessageConverter.java:398)
	... 135 common frames omitted
2026-03-16 16:43:07 [http-nio-8080-exec-1] DEBUG o.s.w.s.m.m.a.HttpEntityMethodProcessor - Using 'application/json', given [*/*] and supported [application/json, application/*+json, application/yaml]
2026-03-16 16:43:07 [http-nio-8080-exec-1] TRACE o.s.w.s.m.m.a.HttpEntityMethodProcessor - Writing [ApiResponse[success=false, status=500, code=C004, message=예기치 않은 서버 오류가 발생했습니다., data=null, timestamp=2026-03-16T16:43:07.780715800]]
2026-03-16 16:43:07 [http-nio-8080-exec-1] DEBUG o.s.w.s.m.m.a.ExceptionHandlerExceptionResolver - Resolved [org.springframework.http.converter.HttpMessageNotReadableException: JSON parse error: Unexpected character ('\' (code 92)): was expecting double-quote to start field name]
2026-03-16 16:43:07 [http-nio-8080-exec-1] DEBUG o.s.web.servlet.DispatcherServlet - Completed 500 INTERNAL_SERVER_ERROR
2026-03-16 16:43:45 [http-nio-8080-exec-2] DEBUG c.c.p.s.jwt.JwtAuthenticationFilter - >>> [JwtFilter] Processing request: POST /api/v1/auth/login
2026-03-16 16:43:45 [http-nio-8080-exec-2] DEBUG c.c.p.s.jwt.JwtAuthenticationFilter - >>> [JwtFilter] No token found in request header for path: /api/v1/auth/login
2026-03-16 16:43:45 [http-nio-8080-exec-2] DEBUG o.s.web.servlet.DispatcherServlet - POST "/api/v1/auth/login", parameters={}
2026-03-16 16:43:45 [http-nio-8080-exec-2] TRACE o.s.w.s.m.m.a.RequestMappingHandlerMapping - Mapped to com.company.project.api.auth.AuthController#login(Map, HttpServletResponse)
2026-03-16 16:43:45 [http-nio-8080-exec-2] TRACE o.s.w.s.m.m.a.RequestResponseBodyMethodProcessor - Read "application/octet-stream" to []
2026-03-16 16:43:45 [http-nio-8080-exec-2] DEBUG o.s.w.s.m.m.a.ExceptionHandlerExceptionResolver - Using @ExceptionHandler com.company.project.core.exception.GlobalExceptionHandler#handleException(Exception)
2026-03-16 16:43:45 [http-nio-8080-exec-2] ERROR c.c.p.c.e.GlobalExceptionHandler - >>> Internal Server Error: Required request body is missing: public com.company.project.core.response.ApiResponse<java.util.Map<java.lang.String, java.lang.String>> com.company.project.api.auth.AuthController.login(java.util.Map<java.lang.String, java.lang.String>,jakarta.servlet.http.HttpServletResponse)
org.springframework.http.converter.HttpMessageNotReadableException: Required request body is missing: public com.company.project.core.response.ApiResponse<java.util.Map<java.lang.String, java.lang.String>> com.company.project.api.auth.AuthController.login(java.util.Map<java.lang.String, java.lang.String>,jakarta.servlet.http.HttpServletResponse)
	at org.springframework.web.servlet.mvc.method.annotation.RequestResponseBodyMethodProcessor.readWithMessageConverters(RequestResponseBodyMethodProcessor.java:179)
	at org.springframework.web.servlet.mvc.method.annotation.RequestResponseBodyMethodProcessor.resolveArgument(RequestResponseBodyMethodProcessor.java:150)
	at org.springframework.web.method.support.HandlerMethodArgumentResolverComposite.resolveArgument(HandlerMethodArgumentResolverComposite.java:122)
	at org.springframework.web.method.support.InvocableHandlerMethod.getMethodArgumentValues(InvocableHandlerMethod.java:226)
	at org.springframework.web.method.support.InvocableHandlerMethod.invokeForRequest(InvocableHandlerMethod.java:180)
	at org.springframework.web.servlet.mvc.method.annotation.ServletInvocableHandlerMethod.invokeAndHandle(ServletInvocableHandlerMethod.java:118)
	at org.springframework.web.servlet.mvc.method.annotation.RequestMappingHandlerAdapter.invokeHandlerMethod(RequestMappingHandlerAdapter.java:986)
	at org.springframework.web.servlet.mvc.method.annotation.RequestMappingHandlerAdapter.handleInternal(RequestMappingHandlerAdapter.java:891)
	at org.springframework.web.servlet.mvc.method.AbstractHandlerMethodAdapter.handle(AbstractHandlerMethodAdapter.java:87)
	at org.springframework.web.servlet.DispatcherServlet.doDispatch(DispatcherServlet.java:1088)
	at org.springframework.web.servlet.DispatcherServlet.doService(DispatcherServlet.java:978)
	at org.springframework.web.servlet.FrameworkServlet.processRequest(FrameworkServlet.java:1014)
	at org.springframework.web.servlet.FrameworkServlet.doPost(FrameworkServlet.java:914)
	at jakarta.servlet.http.HttpServlet.service(HttpServlet.java:547)
	at org.springframework.web.servlet.FrameworkServlet.service(FrameworkServlet.java:885)
	at jakarta.servlet.http.HttpServlet.service(HttpServlet.java:614)
	at org.apache.catalina.core.ApplicationFilterChain.internalDoFilter(ApplicationFilterChain.java:195)
	at org.apache.catalina.core.ApplicationFilterChain.doFilter(ApplicationFilterChain.java:140)
	at org.apache.tomcat.websocket.server.WsFilter.doFilter(WsFilter.java:51)
	at org.apache.catalina.core.ApplicationFilterChain.internalDoFilter(ApplicationFilterChain.java:164)
	at org.apache.catalina.core.ApplicationFilterChain.doFilter(ApplicationFilterChain.java:140)
	at org.springframework.web.filter.CompositeFilter$VirtualFilterChain.doFilter(CompositeFilter.java:108)
	at org.springframework.security.web.FilterChainProxy.lambda$doFilterInternal$3(FilterChainProxy.java:231)
	at org.springframework.security.web.ObservationFilterChainDecorator$FilterObservation$SimpleFilterObservation.lambda$wrap$1(ObservationFilterChainDecorator.java:479)
	at org.springframework.security.web.ObservationFilterChainDecorator$AroundFilterObservation$SimpleAroundFilterObservation.lambda$wrap$1(ObservationFilterChainDecorator.java:340)
	at org.springframework.security.web.ObservationFilterChainDecorator.lambda$wrapSecured$0(ObservationFilterChainDecorator.java:82)
	at org.springframework.security.web.ObservationFilterChainDecorator$VirtualFilterChain.doFilter(ObservationFilterChainDecorator.java:128)
	at org.springframework.security.web.access.intercept.AuthorizationFilter.doFilter(AuthorizationFilter.java:101)
	at org.springframework.security.web.ObservationFilterChainDecorator$ObservationFilter.wrapFilter(ObservationFilterChainDecorator.java:240)
	at org.springframework.security.web.ObservationFilterChainDecorator$ObservationFilter.doFilter(ObservationFilterChainDecorator.java:227)
	at org.springframework.security.web.ObservationFilterChainDecorator$VirtualFilterChain.doFilter(ObservationFilterChainDecorator.java:137)
	at org.springframework.security.web.access.ExceptionTranslationFilter.doFilter(ExceptionTranslationFilter.java:126)
	at org.springframework.security.web.access.ExceptionTranslationFilter.doFilter(ExceptionTranslationFilter.java:120)
	at org.springframework.security.web.ObservationFilterChainDecorator$ObservationFilter.wrapFilter(ObservationFilterChainDecorator.java:240)
	at org.springframework.security.web.ObservationFilterChainDecorator$ObservationFilter.doFilter(ObservationFilterChainDecorator.java:227)
	at org.springframework.security.web.ObservationFilterChainDecorator$VirtualFilterChain.doFilter(ObservationFilterChainDecorator.java:137)
	at org.springframework.security.web.session.SessionManagementFilter.doFilter(SessionManagementFilter.java:131)
	at org.springframework.security.web.session.SessionManagementFilter.doFilter(SessionManagementFilter.java:85)
	at org.springframework.security.web.ObservationFilterChainDecorator$ObservationFilter.wrapFilter(ObservationFilterChainDecorator.java:240)
	at org.springframework.security.web.ObservationFilterChainDecorator$ObservationFilter.doFilter(ObservationFilterChainDecorator.java:227)
	at org.springframework.security.web.ObservationFilterChainDecorator$VirtualFilterChain.doFilter(ObservationFilterChainDecorator.java:137)
	at org.springframework.security.web.authentication.AnonymousAuthenticationFilter.doFilter(AnonymousAuthenticationFilter.java:100)
	at org.springframework.security.web.ObservationFilterChainDecorator$ObservationFilter.wrapFilter(ObservationFilterChainDecorator.java:240)
	at org.springframework.security.web.ObservationFilterChainDecorator$ObservationFilter.doFilter(ObservationFilterChainDecorator.java:227)
	at org.springframework.security.web.ObservationFilterChainDecorator$VirtualFilterChain.doFilter(ObservationFilterChainDecorator.java:137)
	at org.springframework.security.web.servletapi.SecurityContextHolderAwareRequestFilter.doFilter(SecurityContextHolderAwareRequestFilter.java:179)
	at org.springframework.security.web.ObservationFilterChainDecorator$ObservationFilter.wrapFilter(ObservationFilterChainDecorator.java:240)
	at org.springframework.security.web.ObservationFilterChainDecorator$ObservationFilter.doFilter(ObservationFilterChainDecorator.java:227)
	at org.springframework.security.web.ObservationFilterChainDecorator$VirtualFilterChain.doFilter(ObservationFilterChainDecorator.java:137)
	at org.springframework.security.web.savedrequest.RequestCacheAwareFilter.doFilter(RequestCacheAwareFilter.java:63)
	at org.springframework.security.web.ObservationFilterChainDecorator$ObservationFilter.wrapFilter(ObservationFilterChainDecorator.java:240)
	at org.springframework.security.web.ObservationFilterChainDecorator$ObservationFilter.doFilter(ObservationFilterChainDecorator.java:227)
	at org.springframework.security.web.ObservationFilterChainDecorator$VirtualFilterChain.doFilter(ObservationFilterChainDecorator.java:137)
	at com.company.project.security.jwt.JwtAuthenticationFilter.doFilterInternal(JwtAuthenticationFilter.java:52)
	at org.springframework.web.filter.OncePerRequestFilter.doFilter(OncePerRequestFilter.java:116)
	at org.springframework.security.web.ObservationFilterChainDecorator$ObservationFilter.wrapFilter(ObservationFilterChainDecorator.java:240)
	at org.springframework.security.web.ObservationFilterChainDecorator$ObservationFilter.doFilter(ObservationFilterChainDecorator.java:227)
	at org.springframework.security.web.ObservationFilterChainDecorator$VirtualFilterChain.doFilter(ObservationFilterChainDecorator.java:137)
	at org.springframework.security.web.authentication.logout.LogoutFilter.doFilter(LogoutFilter.java:107)
	at org.springframework.security.web.authentication.logout.LogoutFilter.doFilter(LogoutFilter.java:93)
	at org.springframework.security.web.ObservationFilterChainDecorator$ObservationFilter.wrapFilter(ObservationFilterChainDecorator.java:240)
	at org.springframework.security.web.ObservationFilterChainDecorator$ObservationFilter.doFilter(ObservationFilterChainDecorator.java:227)
	at org.springframework.security.web.ObservationFilterChainDecorator$VirtualFilterChain.doFilter(ObservationFilterChainDecorator.java:137)
	at org.springframework.web.filter.CorsFilter.doFilterInternal(CorsFilter.java:91)
	at org.springframework.web.filter.OncePerRequestFilter.doFilter(OncePerRequestFilter.java:116)
	at org.springframework.security.web.ObservationFilterChainDecorator$ObservationFilter.wrapFilter(ObservationFilterChainDecorator.java:240)
	at org.springframework.security.web.ObservationFilterChainDecorator$ObservationFilter.doFilter(ObservationFilterChainDecorator.java:227)
	at org.springframework.security.web.ObservationFilterChainDecorator$VirtualFilterChain.doFilter(ObservationFilterChainDecorator.java:137)
	at org.springframework.security.web.header.HeaderWriterFilter.doHeadersAfter(HeaderWriterFilter.java:90)
	at org.springframework.security.web.header.HeaderWriterFilter.doFilterInternal(HeaderWriterFilter.java:75)
	at org.springframework.web.filter.OncePerRequestFilter.doFilter(OncePerRequestFilter.java:116)
	at org.springframework.security.web.ObservationFilterChainDecorator$ObservationFilter.wrapFilter(ObservationFilterChainDecorator.java:240)
	at org.springframework.security.web.ObservationFilterChainDecorator$ObservationFilter.doFilter(ObservationFilterChainDecorator.java:227)
	at org.springframework.security.web.ObservationFilterChainDecorator$VirtualFilterChain.doFilter(ObservationFilterChainDecorator.java:137)
	at org.springframework.security.web.context.SecurityContextHolderFilter.doFilter(SecurityContextHolderFilter.java:82)
	at org.springframework.security.web.context.SecurityContextHolderFilter.doFilter(SecurityContextHolderFilter.java:69)
	at org.springframework.security.web.ObservationFilterChainDecorator$ObservationFilter.wrapFilter(ObservationFilterChainDecorator.java:240)
	at org.springframework.security.web.ObservationFilterChainDecorator$ObservationFilter.doFilter(ObservationFilterChainDecorator.java:227)
	at org.springframework.security.web.ObservationFilterChainDecorator$VirtualFilterChain.doFilter(ObservationFilterChainDecorator.java:137)
	at org.springframework.security.web.context.request.async.WebAsyncManagerIntegrationFilter.doFilterInternal(WebAsyncManagerIntegrationFilter.java:62)
	at org.springframework.web.filter.OncePerRequestFilter.doFilter(OncePerRequestFilter.java:116)
	at org.springframework.security.web.ObservationFilterChainDecorator$ObservationFilter.wrapFilter(ObservationFilterChainDecorator.java:240)
	at org.springframework.security.web.ObservationFilterChainDecorator$ObservationFilter.doFilter(ObservationFilterChainDecorator.java:227)
	at org.springframework.security.web.ObservationFilterChainDecorator$VirtualFilterChain.doFilter(ObservationFilterChainDecorator.java:137)
	at org.springframework.security.web.session.DisableEncodeUrlFilter.doFilterInternal(DisableEncodeUrlFilter.java:42)
	at org.springframework.web.filter.OncePerRequestFilter.doFilter(OncePerRequestFilter.java:116)
	at org.springframework.security.web.ObservationFilterChainDecorator$ObservationFilter.wrapFilter(ObservationFilterChainDecorator.java:240)
	at org.springframework.security.web.ObservationFilterChainDecorator$AroundFilterObservation$SimpleAroundFilterObservation.lambda$wrap$0(ObservationFilterChainDecorator.java:323)
	at org.springframework.security.web.ObservationFilterChainDecorator$ObservationFilter.doFilter(ObservationFilterChainDecorator.java:224)
	at org.springframework.security.web.ObservationFilterChainDecorator$VirtualFilterChain.doFilter(ObservationFilterChainDecorator.java:137)
	at org.springframework.security.web.FilterChainProxy.doFilterInternal(FilterChainProxy.java:233)
	at org.springframework.security.web.FilterChainProxy.doFilter(FilterChainProxy.java:191)
	at org.springframework.web.filter.CompositeFilter$VirtualFilterChain.doFilter(CompositeFilter.java:113)
	at org.springframework.web.servlet.handler.HandlerMappingIntrospector.lambda$createCacheFilter$3(HandlerMappingIntrospector.java:243)
	at org.springframework.web.filter.CompositeFilter$VirtualFilterChain.doFilter(CompositeFilter.java:113)
	at org.springframework.web.filter.CompositeFilter.doFilter(CompositeFilter.java:74)
	at org.springframework.security.config.annotation.web.configuration.WebMvcSecurityConfiguration$CompositeFilterChainProxy.doFilter(WebMvcSecurityConfiguration.java:238)
	at org.springframework.web.filter.DelegatingFilterProxy.invokeDelegate(DelegatingFilterProxy.java:362)
	at org.springframework.web.filter.DelegatingFilterProxy.doFilter(DelegatingFilterProxy.java:278)
	at org.apache.catalina.core.ApplicationFilterChain.internalDoFilter(ApplicationFilterChain.java:164)
	at org.apache.catalina.core.ApplicationFilterChain.doFilter(ApplicationFilterChain.java:140)
	at org.springframework.web.filter.RequestContextFilter.doFilterInternal(RequestContextFilter.java:100)
	at org.springframework.web.filter.OncePerRequestFilter.doFilter(OncePerRequestFilter.java:116)
	at org.apache.catalina.core.ApplicationFilterChain.internalDoFilter(ApplicationFilterChain.java:164)
	at org.apache.catalina.core.ApplicationFilterChain.doFilter(ApplicationFilterChain.java:140)
	at org.springframework.web.filter.FormContentFilter.doFilterInternal(FormContentFilter.java:93)
	at org.springframework.web.filter.OncePerRequestFilter.doFilter(OncePerRequestFilter.java:116)
	at org.apache.catalina.core.ApplicationFilterChain.internalDoFilter(ApplicationFilterChain.java:164)
	at org.apache.catalina.core.ApplicationFilterChain.doFilter(ApplicationFilterChain.java:140)
	at org.springframework.web.filter.ServerHttpObservationFilter.doFilterInternal(ServerHttpObservationFilter.java:114)
	at org.springframework.web.filter.OncePerRequestFilter.doFilter(OncePerRequestFilter.java:116)
	at org.apache.catalina.core.ApplicationFilterChain.internalDoFilter(ApplicationFilterChain.java:164)
	at org.apache.catalina.core.ApplicationFilterChain.doFilter(ApplicationFilterChain.java:140)
	at org.springframework.web.filter.CharacterEncodingFilter.doFilterInternal(CharacterEncodingFilter.java:201)
	at org.springframework.web.filter.OncePerRequestFilter.doFilter(OncePerRequestFilter.java:116)
	at org.apache.catalina.core.ApplicationFilterChain.internalDoFilter(ApplicationFilterChain.java:164)
	at org.apache.catalina.core.ApplicationFilterChain.doFilter(ApplicationFilterChain.java:140)
	at org.apache.catalina.core.StandardWrapperValve.invoke(StandardWrapperValve.java:167)
	at org.apache.catalina.core.StandardContextValve.invoke(StandardContextValve.java:90)
	at org.apache.catalina.authenticator.AuthenticatorBase.invoke(AuthenticatorBase.java:483)
	at org.apache.catalina.core.StandardHostValve.invoke(StandardHostValve.java:115)
	at org.apache.catalina.valves.ErrorReportValve.invoke(ErrorReportValve.java:93)
	at org.apache.catalina.core.StandardEngineValve.invoke(StandardEngineValve.java:74)
	at org.apache.catalina.connector.CoyoteAdapter.service(CoyoteAdapter.java:344)
	at org.apache.coyote.http11.Http11Processor.service(Http11Processor.java:397)
	at org.apache.coyote.AbstractProcessorLight.process(AbstractProcessorLight.java:63)
	at org.apache.coyote.AbstractProtocol$ConnectionHandler.process(AbstractProtocol.java:905)
	at org.apache.tomcat.util.net.NioEndpoint$SocketProcessor.doRun(NioEndpoint.java:1741)
	at org.apache.tomcat.util.net.SocketProcessorBase.run(SocketProcessorBase.java:52)
	at org.apache.tomcat.util.threads.ThreadPoolExecutor.runWorker(ThreadPoolExecutor.java:1190)
	at org.apache.tomcat.util.threads.ThreadPoolExecutor$Worker.run(ThreadPoolExecutor.java:659)
	at org.apache.tomcat.util.threads.TaskThread$WrappingRunnable.run(TaskThread.java:63)
	at java.base/java.lang.Thread.run(Thread.java:1583)
2026-03-16 16:43:45 [http-nio-8080-exec-2] DEBUG o.s.w.s.m.m.a.HttpEntityMethodProcessor - Using 'application/json', given [*/*] and supported [application/json, application/*+json, application/yaml]
2026-03-16 16:43:45 [http-nio-8080-exec-2] TRACE o.s.w.s.m.m.a.HttpEntityMethodProcessor - Writing [ApiResponse[success=false, status=500, code=C004, message=예기치 않은 서버 오류가 발생했습니다., data=null, timestamp=2026-03-16T16:43:45.403432400]]
2026-03-16 16:43:45 [http-nio-8080-exec-2] DEBUG o.s.w.s.m.m.a.ExceptionHandlerExceptionResolver - Resolved [org.springframework.http.converter.HttpMessageNotReadableException: Required request body is missing: public com.company.project.core.response.ApiResponse<java.util.Map<java.lang.String, java.lang.String>> com.company.project.api.auth.AuthController.login(java.util.Map<java.lang.String, java.lang.String>,jakarta.servlet.http.HttpServletResponse)]
2026-03-16 16:43:45 [http-nio-8080-exec-2] DEBUG o.s.web.servlet.DispatcherServlet - Completed 500 INTERNAL_SERVER_ERROR
2026-03-16 16:44:00 [http-nio-8080-exec-4] DEBUG c.c.p.s.jwt.JwtAuthenticationFilter - >>> [JwtFilter] Processing request: POST /api/v1/auth/login
2026-03-16 16:44:00 [http-nio-8080-exec-4] DEBUG c.c.p.s.jwt.JwtAuthenticationFilter - >>> [JwtFilter] No token found in request header for path: /api/v1/auth/login
2026-03-16 16:44:00 [http-nio-8080-exec-4] DEBUG o.s.web.servlet.DispatcherServlet - POST "/api/v1/auth/login", parameters={}
2026-03-16 16:44:00 [http-nio-8080-exec-4] TRACE o.s.w.s.m.m.a.RequestMappingHandlerMapping - Mapped to com.company.project.api.auth.AuthController#login(Map, HttpServletResponse)
2026-03-16 16:44:00 [http-nio-8080-exec-4] TRACE o.s.w.s.m.m.a.RequestResponseBodyMethodProcessor - Read "application/json;charset=UTF-8" to [{id=webmaster, password=1}]
2026-03-16 16:44:00 [http-nio-8080-exec-4] INFO  c.c.project.api.auth.AuthController - >>> [Login] Attempting login for userId: webmaster
2026-03-16 16:44:00 [http-nio-8080-exec-4] DEBUG o.s.orm.jpa.JpaTransactionManager - Creating new transaction with name [com.company.project.security.iam.EgovAuthenticationProvider.authenticate]: PROPAGATION_REQUIRED,ISOLATION_DEFAULT
2026-03-16 16:44:00 [http-nio-8080-exec-4] DEBUG o.s.orm.jpa.JpaTransactionManager - Opened new EntityManager [SessionImpl(136481793<open>)] for JPA transaction
2026-03-16 16:44:00 [http-nio-8080-exec-4] DEBUG o.s.orm.jpa.JpaTransactionManager - Exposing JPA transaction as JDBC [org.springframework.orm.jpa.vendor.HibernateJpaDialect$HibernateConnectionHandle@52c54927]
2026-03-16 16:44:00 [http-nio-8080-exec-4] INFO  c.c.p.s.i.EgovAuthenticationProvider - >>> [EgovAuthenticationProvider] Attempting authentication for userId: webmaster
2026-03-16 16:44:00 [http-nio-8080-exec-4] INFO  c.c.p.s.i.EgovAuthenticationProvider - >>> [EgovAuthenticationProvider] DB check started for userId: webmaster
2026-03-16 16:44:00 [http-nio-8080-exec-4] DEBUG o.s.orm.jpa.JpaTransactionManager - Found thread-bound EntityManager [SessionImpl(136481793<open>)] for JPA transaction
2026-03-16 16:44:00 [http-nio-8080-exec-4] DEBUG o.s.orm.jpa.JpaTransactionManager - Participating in existing transaction
2026-03-16 16:44:00 [http-nio-8080-exec-4] DEBUG org.hibernate.SQL - select u1_0.emplyr_id,u1_0.area_no,u1_0.brthdy,u1_0.chg_pwd_cnt,u1_0.frst_register_id,u1_0.frst_regist_pnttm,u1_0.detail_adres,u1_0.email_adres,u1_0.emplyr_sttus_code,u1_0.empl_no,u1_0.esntl_id,u1_0.fxnum,u1_0.group_id,u1_0.house_adres,u1_0.house_end_telno,u1_0.house_middle_telno,u1_0.ihidnum,u1_0.pstinst_code,u1_0.last_updusr_id,u1_0.last_updt_pnttm,u1_0.lock_at,u1_0.lock_cnt,u1_0.lock_last_pnttm,u1_0.mbtlnum,u1_0.ofcps_nm,u1_0.offm_telno,u1_0.orgnzt_id,u1_0.password,u1_0.password_cnsr,u1_0.password_hint,u1_0.chg_pwd_last_pnttm,u1_0.role,u1_0.sbscrb_de,u1_0.sexdstn_code,u1_0.crtfc_dn_value,u1_0.user_nm,u1_0.zip from nemplyrinfo u1_0 where u1_0.emplyr_id=?
2026-03-16 16:44:00 [http-nio-8080-exec-4] INFO  c.c.p.s.i.EgovAuthenticationProvider - >>> [EgovAuthenticationProvider] User found by findById: webmaster
2026-03-16 16:44:00 [http-nio-8080-exec-4] INFO  c.c.p.s.i.EgovAuthenticationProvider - >>> [EgovAuthenticationProvider] User found: webmaster, DB password hash: {bcrypt}$2a$10$NRnqN.nwZxWe01BiSsk4Su.qlAj87Ys//VJVJf2WKEs3JzaQyJsGO
2026-03-16 16:44:00 [http-nio-8080-exec-4] INFO  c.c.p.s.i.EgovAuthenticationProvider - >>> [EgovAuthenticationProvider] Trying standard PasswordEncoder.
2026-03-16 16:44:00 [http-nio-8080-exec-4] DEBUG o.s.orm.jpa.JpaTransactionManager - Found thread-bound EntityManager [SessionImpl(136481793<open>)] for JPA transaction
2026-03-16 16:44:00 [http-nio-8080-exec-4] DEBUG o.s.orm.jpa.JpaTransactionManager - Participating in existing transaction
2026-03-16 16:44:00 [http-nio-8080-exec-4] INFO  c.c.p.s.i.EgovAuthenticationProvider - >>> Authenticating user: webmaster, esntlId: USRCNFRM_99999999999, Inherent Role: ADMIN
2026-03-16 16:44:00 [http-nio-8080-exec-4] DEBUG o.s.orm.jpa.JpaTransactionManager - Found thread-bound EntityManager [SessionImpl(136481793<open>)] for JPA transaction
2026-03-16 16:44:00 [http-nio-8080-exec-4] DEBUG o.s.orm.jpa.JpaTransactionManager - Participating in existing transaction
2026-03-16 16:44:00 [http-nio-8080-exec-4] DEBUG org.hibernate.SQL - select ua1_0.scrty_dtrmn_trget_id,ua1_0.author_code,ua1_0.frst_register_id,ua1_0.frst_regist_pnttm,ua1_0.last_updusr_id,ua1_0.last_updt_pnttm,ua1_0.mber_ty_code from nemplyrscrtyestbs ua1_0 where ua1_0.scrty_dtrmn_trget_id=?
2026-03-16 16:44:00 [http-nio-8080-exec-4] INFO  c.c.p.s.i.EgovAuthenticationProvider - >>> Role from DB table (NEMPLYRSCRTYESTBS): ROLE_ADMIN
2026-03-16 16:44:00 [http-nio-8080-exec-4] INFO  c.c.p.s.i.EgovAuthenticationProvider - >>> [SPECIAL] Forcing ROLE_ADMIN for user: webmaster
2026-03-16 16:44:00 [http-nio-8080-exec-4] INFO  c.c.p.s.i.EgovAuthenticationProvider - >>> Final resolved authorCode for user webmaster: ROLE_ADMIN
2026-03-16 16:44:00 [http-nio-8080-exec-4] DEBUG o.s.orm.jpa.JpaTransactionManager - Initiating transaction commit
2026-03-16 16:44:00 [http-nio-8080-exec-4] DEBUG o.s.orm.jpa.JpaTransactionManager - Committing JPA transaction on EntityManager [SessionImpl(136481793<open>)]
2026-03-16 16:44:01 [http-nio-8080-exec-4] DEBUG o.s.orm.jpa.JpaTransactionManager - Closing JPA EntityManager [SessionImpl(136481793<open>)] after transaction
2026-03-16 16:44:01 [http-nio-8080-exec-4] DEBUG o.s.w.s.m.m.a.RequestResponseBodyMethodProcessor - Using 'application/json', given [*/*] and supported [application/json, application/*+json, application/yaml]
2026-03-16 16:44:01 [http-nio-8080-exec-4] TRACE o.s.w.s.m.m.a.RequestResponseBodyMethodProcessor - Writing [ApiResponse[success=true, status=200, code=COMMON_001, message=Success, data={role=ROLE_ADMIN, accessToken=eyJhbGciOiJIUzUxMiJ9.eyJzdWIiOiJ3ZWJtYXN0ZXIiLCJyb2xlIjoiUk9MRV9BRE1JTiIsImlhdCI6MTc3MzY0NzA0MSwiZXhwIjoxNzczNjUwNjQxfQ.YK640al-q_lrHzimqIErHWMdu5t8HYcC_987bas23fJL6mkvvn5jPVuPAKdw-6-B1pmyqc0vYheg4PsaRpijwA}, timestamp=2026-03-16T16:44:01.071229200]]
2026-03-16 16:44:01 [http-nio-8080-exec-4] INFO  c.c.p.a.i.OperationalAuditInterceptor - API Audit Log: URL=/api/v1/auth/login, User=ANONYMOUS, IP=127.0.0.1
2026-03-16 16:44:01 [http-nio-8080-exec-4] DEBUG o.s.web.servlet.DispatcherServlet - Completed 200 OK
2026-03-16 16:44:16 [http-nio-8080-exec-5] DEBUG c.c.p.s.jwt.JwtAuthenticationFilter - >>> [JwtFilter] Processing request: POST /api/v1/auth/login
2026-03-16 16:44:16 [http-nio-8080-exec-5] DEBUG c.c.p.s.jwt.JwtAuthenticationFilter - >>> [JwtFilter] No token found in request header for path: /api/v1/auth/login
2026-03-16 16:44:16 [http-nio-8080-exec-5] DEBUG o.s.web.servlet.DispatcherServlet - POST "/api/v1/auth/login", parameters={}
2026-03-16 16:44:16 [http-nio-8080-exec-5] TRACE o.s.w.s.m.m.a.RequestMappingHandlerMapping - Mapped to com.company.project.api.auth.AuthController#login(Map, HttpServletResponse)
2026-03-16 16:44:16 [http-nio-8080-exec-5] TRACE o.s.w.s.m.m.a.RequestResponseBodyMethodProcessor - Read "application/json;charset=UTF-8" to [{id=webmaster, password=1}]
2026-03-16 16:44:16 [http-nio-8080-exec-5] INFO  c.c.project.api.auth.AuthController - >>> [Login] Attempting login for userId: webmaster
2026-03-16 16:44:16 [http-nio-8080-exec-5] DEBUG o.s.orm.jpa.JpaTransactionManager - Creating new transaction with name [com.company.project.security.iam.EgovAuthenticationProvider.authenticate]: PROPAGATION_REQUIRED,ISOLATION_DEFAULT
2026-03-16 16:44:16 [http-nio-8080-exec-5] DEBUG o.s.orm.jpa.JpaTransactionManager - Opened new EntityManager [SessionImpl(1891304005<open>)] for JPA transaction
2026-03-16 16:44:16 [http-nio-8080-exec-6] DEBUG c.c.p.s.jwt.JwtAuthenticationFilter - >>> [JwtFilter] Processing request: POST /api/v1/auth/login
2026-03-16 16:44:16 [http-nio-8080-exec-6] DEBUG c.c.p.s.jwt.JwtAuthenticationFilter - >>> [JwtFilter] No token found in request header for path: /api/v1/auth/login
2026-03-16 16:44:16 [http-nio-8080-exec-6] DEBUG o.s.web.servlet.DispatcherServlet - POST "/api/v1/auth/login", parameters={}
2026-03-16 16:44:16 [http-nio-8080-exec-6] TRACE o.s.w.s.m.m.a.RequestMappingHandlerMapping - Mapped to com.company.project.api.auth.AuthController#login(Map, HttpServletResponse)
2026-03-16 16:44:16 [http-nio-8080-exec-6] TRACE o.s.w.s.m.m.a.RequestResponseBodyMethodProcessor - Read "application/json;charset=UTF-8" to [{id=user_regular, password=1}]
2026-03-16 16:44:16 [http-nio-8080-exec-6] INFO  c.c.project.api.auth.AuthController - >>> [Login] Attempting login for userId: user_regular
2026-03-16 16:44:16 [http-nio-8080-exec-6] DEBUG o.s.orm.jpa.JpaTransactionManager - Creating new transaction with name [com.company.project.security.iam.EgovAuthenticationProvider.authenticate]: PROPAGATION_REQUIRED,ISOLATION_DEFAULT
2026-03-16 16:44:16 [http-nio-8080-exec-6] DEBUG o.s.orm.jpa.JpaTransactionManager - Opened new EntityManager [SessionImpl(2339217<open>)] for JPA transaction
2026-03-16 16:44:16 [http-nio-8080-exec-5] DEBUG o.s.orm.jpa.JpaTransactionManager - Exposing JPA transaction as JDBC [org.springframework.orm.jpa.vendor.HibernateJpaDialect$HibernateConnectionHandle@7484888a]
2026-03-16 16:44:16 [http-nio-8080-exec-5] INFO  c.c.p.s.i.EgovAuthenticationProvider - >>> [EgovAuthenticationProvider] Attempting authentication for userId: webmaster
2026-03-16 16:44:16 [http-nio-8080-exec-5] INFO  c.c.p.s.i.EgovAuthenticationProvider - >>> [EgovAuthenticationProvider] DB check started for userId: webmaster
2026-03-16 16:44:16 [http-nio-8080-exec-5] DEBUG o.s.orm.jpa.JpaTransactionManager - Found thread-bound EntityManager [SessionImpl(1891304005<open>)] for JPA transaction
2026-03-16 16:44:16 [http-nio-8080-exec-5] DEBUG o.s.orm.jpa.JpaTransactionManager - Participating in existing transaction
2026-03-16 16:44:16 [http-nio-8080-exec-5] DEBUG org.hibernate.SQL - select u1_0.emplyr_id,u1_0.area_no,u1_0.brthdy,u1_0.chg_pwd_cnt,u1_0.frst_register_id,u1_0.frst_regist_pnttm,u1_0.detail_adres,u1_0.email_adres,u1_0.emplyr_sttus_code,u1_0.empl_no,u1_0.esntl_id,u1_0.fxnum,u1_0.group_id,u1_0.house_adres,u1_0.house_end_telno,u1_0.house_middle_telno,u1_0.ihidnum,u1_0.pstinst_code,u1_0.last_updusr_id,u1_0.last_updt_pnttm,u1_0.lock_at,u1_0.lock_cnt,u1_0.lock_last_pnttm,u1_0.mbtlnum,u1_0.ofcps_nm,u1_0.offm_telno,u1_0.orgnzt_id,u1_0.password,u1_0.password_cnsr,u1_0.password_hint,u1_0.chg_pwd_last_pnttm,u1_0.role,u1_0.sbscrb_de,u1_0.sexdstn_code,u1_0.crtfc_dn_value,u1_0.user_nm,u1_0.zip from nemplyrinfo u1_0 where u1_0.emplyr_id=?
2026-03-16 16:44:16 [http-nio-8080-exec-6] DEBUG o.s.orm.jpa.JpaTransactionManager - Exposing JPA transaction as JDBC [org.springframework.orm.jpa.vendor.HibernateJpaDialect$HibernateConnectionHandle@41c354d]
2026-03-16 16:44:16 [http-nio-8080-exec-6] INFO  c.c.p.s.i.EgovAuthenticationProvider - >>> [EgovAuthenticationProvider] Attempting authentication for userId: user_regular
2026-03-16 16:44:16 [http-nio-8080-exec-6] INFO  c.c.p.s.i.EgovAuthenticationProvider - >>> [EgovAuthenticationProvider] DB check started for userId: user_regular
2026-03-16 16:44:16 [http-nio-8080-exec-6] DEBUG o.s.orm.jpa.JpaTransactionManager - Found thread-bound EntityManager [SessionImpl(2339217<open>)] for JPA transaction
2026-03-16 16:44:16 [http-nio-8080-exec-6] DEBUG o.s.orm.jpa.JpaTransactionManager - Participating in existing transaction
2026-03-16 16:44:16 [http-nio-8080-exec-6] DEBUG org.hibernate.SQL - select u1_0.emplyr_id,u1_0.area_no,u1_0.brthdy,u1_0.chg_pwd_cnt,u1_0.frst_register_id,u1_0.frst_regist_pnttm,u1_0.detail_adres,u1_0.email_adres,u1_0.emplyr_sttus_code,u1_0.empl_no,u1_0.esntl_id,u1_0.fxnum,u1_0.group_id,u1_0.house_adres,u1_0.house_end_telno,u1_0.house_middle_telno,u1_0.ihidnum,u1_0.pstinst_code,u1_0.last_updusr_id,u1_0.last_updt_pnttm,u1_0.lock_at,u1_0.lock_cnt,u1_0.lock_last_pnttm,u1_0.mbtlnum,u1_0.ofcps_nm,u1_0.offm_telno,u1_0.orgnzt_id,u1_0.password,u1_0.password_cnsr,u1_0.password_hint,u1_0.chg_pwd_last_pnttm,u1_0.role,u1_0.sbscrb_de,u1_0.sexdstn_code,u1_0.crtfc_dn_value,u1_0.user_nm,u1_0.zip from nemplyrinfo u1_0 where u1_0.emplyr_id=?
2026-03-16 16:44:16 [http-nio-8080-exec-5] INFO  c.c.p.s.i.EgovAuthenticationProvider - >>> [EgovAuthenticationProvider] User found by findById: webmaster
2026-03-16 16:44:16 [http-nio-8080-exec-5] INFO  c.c.p.s.i.EgovAuthenticationProvider - >>> [EgovAuthenticationProvider] User found: webmaster, DB password hash: {bcrypt}$2a$10$NRnqN.nwZxWe01BiSsk4Su.qlAj87Ys//VJVJf2WKEs3JzaQyJsGO
2026-03-16 16:44:16 [http-nio-8080-exec-5] INFO  c.c.p.s.i.EgovAuthenticationProvider - >>> [EgovAuthenticationProvider] Trying standard PasswordEncoder.
2026-03-16 16:44:17 [http-nio-8080-exec-6] INFO  c.c.p.s.i.EgovAuthenticationProvider - >>> [EgovAuthenticationProvider] User found by findById: user_regular
2026-03-16 16:44:17 [http-nio-8080-exec-6] INFO  c.c.p.s.i.EgovAuthenticationProvider - >>> [EgovAuthenticationProvider] User found: user_regular, DB password hash: {bcrypt}$2a$10$bMmSeYF1.khtxxRUcD2tOO3U82j8K8xiUTm9RLJFu6DsyGIfxJOHy
2026-03-16 16:44:17 [http-nio-8080-exec-6] INFO  c.c.p.s.i.EgovAuthenticationProvider - >>> [EgovAuthenticationProvider] Trying standard PasswordEncoder.
2026-03-16 16:44:17 [http-nio-8080-exec-5] DEBUG o.s.orm.jpa.JpaTransactionManager - Found thread-bound EntityManager [SessionImpl(1891304005<open>)] for JPA transaction
2026-03-16 16:44:17 [http-nio-8080-exec-5] DEBUG o.s.orm.jpa.JpaTransactionManager - Participating in existing transaction
2026-03-16 16:44:17 [http-nio-8080-exec-5] INFO  c.c.p.s.i.EgovAuthenticationProvider - >>> Authenticating user: webmaster, esntlId: USRCNFRM_99999999999, Inherent Role: ADMIN
2026-03-16 16:44:17 [http-nio-8080-exec-5] DEBUG o.s.orm.jpa.JpaTransactionManager - Found thread-bound EntityManager [SessionImpl(1891304005<open>)] for JPA transaction
2026-03-16 16:44:17 [http-nio-8080-exec-5] DEBUG o.s.orm.jpa.JpaTransactionManager - Participating in existing transaction
2026-03-16 16:44:17 [http-nio-8080-exec-5] DEBUG org.hibernate.SQL - select ua1_0.scrty_dtrmn_trget_id,ua1_0.author_code,ua1_0.frst_register_id,ua1_0.frst_regist_pnttm,ua1_0.last_updusr_id,ua1_0.last_updt_pnttm,ua1_0.mber_ty_code from nemplyrscrtyestbs ua1_0 where ua1_0.scrty_dtrmn_trget_id=?
2026-03-16 16:44:17 [http-nio-8080-exec-6] DEBUG o.s.orm.jpa.JpaTransactionManager - Found thread-bound EntityManager [SessionImpl(2339217<open>)] for JPA transaction
2026-03-16 16:44:17 [http-nio-8080-exec-6] DEBUG o.s.orm.jpa.JpaTransactionManager - Participating in existing transaction
2026-03-16 16:44:17 [http-nio-8080-exec-6] INFO  c.c.p.s.i.EgovAuthenticationProvider - >>> Authenticating user: user_regular, esntlId: USRCNFRM_00000000002, Inherent Role: USER
2026-03-16 16:44:17 [http-nio-8080-exec-6] DEBUG o.s.orm.jpa.JpaTransactionManager - Found thread-bound EntityManager [SessionImpl(2339217<open>)] for JPA transaction
2026-03-16 16:44:17 [http-nio-8080-exec-6] DEBUG o.s.orm.jpa.JpaTransactionManager - Participating in existing transaction
2026-03-16 16:44:17 [http-nio-8080-exec-6] DEBUG org.hibernate.SQL - select ua1_0.scrty_dtrmn_trget_id,ua1_0.author_code,ua1_0.frst_register_id,ua1_0.frst_regist_pnttm,ua1_0.last_updusr_id,ua1_0.last_updt_pnttm,ua1_0.mber_ty_code from nemplyrscrtyestbs ua1_0 where ua1_0.scrty_dtrmn_trget_id=?
2026-03-16 16:44:17 [http-nio-8080-exec-5] INFO  c.c.p.s.i.EgovAuthenticationProvider - >>> Role from DB table (NEMPLYRSCRTYESTBS): ROLE_ADMIN
2026-03-16 16:44:17 [http-nio-8080-exec-5] INFO  c.c.p.s.i.EgovAuthenticationProvider - >>> [SPECIAL] Forcing ROLE_ADMIN for user: webmaster
2026-03-16 16:44:17 [http-nio-8080-exec-5] INFO  c.c.p.s.i.EgovAuthenticationProvider - >>> Final resolved authorCode for user webmaster: ROLE_ADMIN
2026-03-16 16:44:17 [http-nio-8080-exec-5] DEBUG o.s.orm.jpa.JpaTransactionManager - Initiating transaction commit
2026-03-16 16:44:17 [http-nio-8080-exec-5] DEBUG o.s.orm.jpa.JpaTransactionManager - Committing JPA transaction on EntityManager [SessionImpl(1891304005<open>)]
2026-03-16 16:44:17 [http-nio-8080-exec-6] INFO  c.c.p.s.i.EgovAuthenticationProvider - >>> Role from DB table (NEMPLYRSCRTYESTBS): ROLE_USER
2026-03-16 16:44:17 [http-nio-8080-exec-6] INFO  c.c.p.s.i.EgovAuthenticationProvider - >>> Final resolved authorCode for user user_regular: ROLE_USER
2026-03-16 16:44:17 [http-nio-8080-exec-6] DEBUG o.s.orm.jpa.JpaTransactionManager - Initiating transaction commit
2026-03-16 16:44:17 [http-nio-8080-exec-6] DEBUG o.s.orm.jpa.JpaTransactionManager - Committing JPA transaction on EntityManager [SessionImpl(2339217<open>)]
2026-03-16 16:44:17 [http-nio-8080-exec-5] DEBUG o.s.orm.jpa.JpaTransactionManager - Closing JPA EntityManager [SessionImpl(1891304005<open>)] after transaction
2026-03-16 16:44:17 [http-nio-8080-exec-5] DEBUG o.s.w.s.m.m.a.RequestResponseBodyMethodProcessor - Using 'application/json', given [*/*] and supported [application/json, application/*+json, application/yaml]
2026-03-16 16:44:17 [http-nio-8080-exec-5] TRACE o.s.w.s.m.m.a.RequestResponseBodyMethodProcessor - Writing [ApiResponse[success=true, status=200, code=COMMON_001, message=Success, data={role=ROLE_ADMIN, accessToken=eyJhbGciOiJIUzUxMiJ9.eyJzdWIiOiJ3ZWJtYXN0ZXIiLCJyb2xlIjoiUk9MRV9BRE1JTiIsImlhdCI6MTc3MzY0NzA1NywiZXhwIjoxNzczNjUwNjU3fQ.OnGDEApkebLiXRwizKc5Kr-tpl1Hk3_OnEJ_skocpi5c3s_Xwp0_5zbKSQfBE1x7vhs926Pj-0T6SmQ9SOi4Gg}, timestamp=2026-03-16T16:44:17.420925600]]
2026-03-16 16:44:17 [http-nio-8080-exec-5] INFO  c.c.p.a.i.OperationalAuditInterceptor - API Audit Log: URL=/api/v1/auth/login, User=ANONYMOUS, IP=127.0.0.1
2026-03-16 16:44:17 [http-nio-8080-exec-5] DEBUG o.s.web.servlet.DispatcherServlet - Completed 200 OK
2026-03-16 16:44:17 [http-nio-8080-exec-6] DEBUG o.s.orm.jpa.JpaTransactionManager - Closing JPA EntityManager [SessionImpl(2339217<open>)] after transaction
2026-03-16 16:44:17 [http-nio-8080-exec-6] DEBUG o.s.w.s.m.m.a.RequestResponseBodyMethodProcessor - Using 'application/json', given [*/*] and supported [application/json, application/*+json, application/yaml]
2026-03-16 16:44:17 [http-nio-8080-exec-6] TRACE o.s.w.s.m.m.a.RequestResponseBodyMethodProcessor - Writing [ApiResponse[success=true, status=200, code=COMMON_001, message=Success, data={role=ROLE_USER, accessToken=eyJhbGciOiJIUzUxMiJ9.eyJzdWIiOiJ1c2VyX3JlZ3VsYXIiLCJyb2xlIjoiUk9MRV9VU0VSIiwiaWF0IjoxNzczNjQ3MDU3LCJleHAiOjE3NzM2NTA2NTd9.i53BLovodCVFm4p-d75UexktBzjck-K5QoZesa-Q6Ega8Ke6Xe11X3ogGEdsHJPdUAkot-SdZ42RFF6BNbTOfQ}, timestamp=2026-03-16T16:44:17.533664300]]
2026-03-16 16:44:17 [http-nio-8080-exec-6] INFO  c.c.p.a.i.OperationalAuditInterceptor - API Audit Log: URL=/api/v1/auth/login, User=ANONYMOUS, IP=127.0.0.1
2026-03-16 16:44:17 [http-nio-8080-exec-6] DEBUG o.s.web.servlet.DispatcherServlet - Completed 200 OK
2026-03-16 16:44:29 [http-nio-8080-exec-9] DEBUG c.c.p.s.jwt.JwtAuthenticationFilter - >>> [JwtFilter] Processing request: POST /api/v1/auth/login
2026-03-16 16:44:29 [http-nio-8080-exec-9] DEBUG c.c.p.s.jwt.JwtAuthenticationFilter - >>> [JwtFilter] No token found in request header for path: /api/v1/auth/login
2026-03-16 16:44:29 [http-nio-8080-exec-9] DEBUG o.s.web.servlet.DispatcherServlet - POST "/api/v1/auth/login", parameters={}
2026-03-16 16:44:29 [http-nio-8080-exec-9] TRACE o.s.w.s.m.m.a.RequestMappingHandlerMapping - Mapped to com.company.project.api.auth.AuthController#login(Map, HttpServletResponse)
2026-03-16 16:44:29 [http-nio-8080-exec-9] TRACE o.s.w.s.m.m.a.RequestResponseBodyMethodProcessor - Read "application/json;charset=UTF-8" to [{id=webmaster, password=1}]
2026-03-16 16:44:29 [http-nio-8080-exec-9] INFO  c.c.project.api.auth.AuthController - >>> [Login] Attempting login for userId: webmaster
2026-03-16 16:44:29 [http-nio-8080-exec-9] DEBUG o.s.orm.jpa.JpaTransactionManager - Creating new transaction with name [com.company.project.security.iam.EgovAuthenticationProvider.authenticate]: PROPAGATION_REQUIRED,ISOLATION_DEFAULT
2026-03-16 16:44:29 [http-nio-8080-exec-9] DEBUG o.s.orm.jpa.JpaTransactionManager - Opened new EntityManager [SessionImpl(1702943521<open>)] for JPA transaction
2026-03-16 16:44:29 [http-nio-8080-exec-10] DEBUG c.c.p.s.jwt.JwtAuthenticationFilter - >>> [JwtFilter] Processing request: POST /api/v1/auth/login
2026-03-16 16:44:29 [http-nio-8080-exec-10] DEBUG c.c.p.s.jwt.JwtAuthenticationFilter - >>> [JwtFilter] No token found in request header for path: /api/v1/auth/login
2026-03-16 16:44:29 [http-nio-8080-exec-10] DEBUG o.s.web.servlet.DispatcherServlet - POST "/api/v1/auth/login", parameters={}
2026-03-16 16:44:29 [http-nio-8080-exec-10] TRACE o.s.w.s.m.m.a.RequestMappingHandlerMapping - Mapped to com.company.project.api.auth.AuthController#login(Map, HttpServletResponse)
2026-03-16 16:44:29 [http-nio-8080-exec-10] TRACE o.s.w.s.m.m.a.RequestResponseBodyMethodProcessor - Read "application/json;charset=UTF-8" to [{id=user_regular, password=1}]
2026-03-16 16:44:29 [http-nio-8080-exec-10] INFO  c.c.project.api.auth.AuthController - >>> [Login] Attempting login for userId: user_regular
2026-03-16 16:44:29 [http-nio-8080-exec-10] DEBUG o.s.orm.jpa.JpaTransactionManager - Creating new transaction with name [com.company.project.security.iam.EgovAuthenticationProvider.authenticate]: PROPAGATION_REQUIRED,ISOLATION_DEFAULT
2026-03-16 16:44:29 [http-nio-8080-exec-10] DEBUG o.s.orm.jpa.JpaTransactionManager - Opened new EntityManager [SessionImpl(1502254501<open>)] for JPA transaction
2026-03-16 16:44:29 [http-nio-8080-exec-9] DEBUG o.s.orm.jpa.JpaTransactionManager - Exposing JPA transaction as JDBC [org.springframework.orm.jpa.vendor.HibernateJpaDialect$HibernateConnectionHandle@61bf5349]
2026-03-16 16:44:29 [http-nio-8080-exec-9] INFO  c.c.p.s.i.EgovAuthenticationProvider - >>> [EgovAuthenticationProvider] Attempting authentication for userId: webmaster
2026-03-16 16:44:29 [http-nio-8080-exec-9] INFO  c.c.p.s.i.EgovAuthenticationProvider - >>> [EgovAuthenticationProvider] DB check started for userId: webmaster
2026-03-16 16:44:29 [http-nio-8080-exec-9] DEBUG o.s.orm.jpa.JpaTransactionManager - Found thread-bound EntityManager [SessionImpl(1702943521<open>)] for JPA transaction
2026-03-16 16:44:29 [http-nio-8080-exec-9] DEBUG o.s.orm.jpa.JpaTransactionManager - Participating in existing transaction
2026-03-16 16:44:29 [http-nio-8080-exec-9] DEBUG org.hibernate.SQL - select u1_0.emplyr_id,u1_0.area_no,u1_0.brthdy,u1_0.chg_pwd_cnt,u1_0.frst_register_id,u1_0.frst_regist_pnttm,u1_0.detail_adres,u1_0.email_adres,u1_0.emplyr_sttus_code,u1_0.empl_no,u1_0.esntl_id,u1_0.fxnum,u1_0.group_id,u1_0.house_adres,u1_0.house_end_telno,u1_0.house_middle_telno,u1_0.ihidnum,u1_0.pstinst_code,u1_0.last_updusr_id,u1_0.last_updt_pnttm,u1_0.lock_at,u1_0.lock_cnt,u1_0.lock_last_pnttm,u1_0.mbtlnum,u1_0.ofcps_nm,u1_0.offm_telno,u1_0.orgnzt_id,u1_0.password,u1_0.password_cnsr,u1_0.password_hint,u1_0.chg_pwd_last_pnttm,u1_0.role,u1_0.sbscrb_de,u1_0.sexdstn_code,u1_0.crtfc_dn_value,u1_0.user_nm,u1_0.zip from nemplyrinfo u1_0 where u1_0.emplyr_id=?
2026-03-16 16:44:29 [http-nio-8080-exec-10] DEBUG o.s.orm.jpa.JpaTransactionManager - Exposing JPA transaction as JDBC [org.springframework.orm.jpa.vendor.HibernateJpaDialect$HibernateConnectionHandle@5db51a4c]
2026-03-16 16:44:29 [http-nio-8080-exec-10] INFO  c.c.p.s.i.EgovAuthenticationProvider - >>> [EgovAuthenticationProvider] Attempting authentication for userId: user_regular
2026-03-16 16:44:29 [http-nio-8080-exec-10] INFO  c.c.p.s.i.EgovAuthenticationProvider - >>> [EgovAuthenticationProvider] DB check started for userId: user_regular
2026-03-16 16:44:29 [http-nio-8080-exec-10] DEBUG o.s.orm.jpa.JpaTransactionManager - Found thread-bound EntityManager [SessionImpl(1502254501<open>)] for JPA transaction
2026-03-16 16:44:29 [http-nio-8080-exec-10] DEBUG o.s.orm.jpa.JpaTransactionManager - Participating in existing transaction
2026-03-16 16:44:29 [http-nio-8080-exec-10] DEBUG org.hibernate.SQL - select u1_0.emplyr_id,u1_0.area_no,u1_0.brthdy,u1_0.chg_pwd_cnt,u1_0.frst_register_id,u1_0.frst_regist_pnttm,u1_0.detail_adres,u1_0.email_adres,u1_0.emplyr_sttus_code,u1_0.empl_no,u1_0.esntl_id,u1_0.fxnum,u1_0.group_id,u1_0.house_adres,u1_0.house_end_telno,u1_0.house_middle_telno,u1_0.ihidnum,u1_0.pstinst_code,u1_0.last_updusr_id,u1_0.last_updt_pnttm,u1_0.lock_at,u1_0.lock_cnt,u1_0.lock_last_pnttm,u1_0.mbtlnum,u1_0.ofcps_nm,u1_0.offm_telno,u1_0.orgnzt_id,u1_0.password,u1_0.password_cnsr,u1_0.password_hint,u1_0.chg_pwd_last_pnttm,u1_0.role,u1_0.sbscrb_de,u1_0.sexdstn_code,u1_0.crtfc_dn_value,u1_0.user_nm,u1_0.zip from nemplyrinfo u1_0 where u1_0.emplyr_id=?
2026-03-16 16:44:29 [http-nio-8080-exec-9] INFO  c.c.p.s.i.EgovAuthenticationProvider - >>> [EgovAuthenticationProvider] User found by findById: webmaster
2026-03-16 16:44:29 [http-nio-8080-exec-9] INFO  c.c.p.s.i.EgovAuthenticationProvider - >>> [EgovAuthenticationProvider] User found: webmaster, DB password hash: {bcrypt}$2a$10$NRnqN.nwZxWe01BiSsk4Su.qlAj87Ys//VJVJf2WKEs3JzaQyJsGO
2026-03-16 16:44:29 [http-nio-8080-exec-9] INFO  c.c.p.s.i.EgovAuthenticationProvider - >>> [EgovAuthenticationProvider] Trying standard PasswordEncoder.
2026-03-16 16:44:29 [http-nio-8080-exec-10] INFO  c.c.p.s.i.EgovAuthenticationProvider - >>> [EgovAuthenticationProvider] User found by findById: user_regular
2026-03-16 16:44:29 [http-nio-8080-exec-10] INFO  c.c.p.s.i.EgovAuthenticationProvider - >>> [EgovAuthenticationProvider] User found: user_regular, DB password hash: {bcrypt}$2a$10$bMmSeYF1.khtxxRUcD2tOO3U82j8K8xiUTm9RLJFu6DsyGIfxJOHy
2026-03-16 16:44:29 [http-nio-8080-exec-10] INFO  c.c.p.s.i.EgovAuthenticationProvider - >>> [EgovAuthenticationProvider] Trying standard PasswordEncoder.
2026-03-16 16:44:29 [http-nio-8080-exec-9] DEBUG o.s.orm.jpa.JpaTransactionManager - Found thread-bound EntityManager [SessionImpl(1702943521<open>)] for JPA transaction
2026-03-16 16:44:29 [http-nio-8080-exec-9] DEBUG o.s.orm.jpa.JpaTransactionManager - Participating in existing transaction
2026-03-16 16:44:29 [http-nio-8080-exec-9] INFO  c.c.p.s.i.EgovAuthenticationProvider - >>> Authenticating user: webmaster, esntlId: USRCNFRM_99999999999, Inherent Role: ADMIN
2026-03-16 16:44:29 [http-nio-8080-exec-9] DEBUG o.s.orm.jpa.JpaTransactionManager - Found thread-bound EntityManager [SessionImpl(1702943521<open>)] for JPA transaction
2026-03-16 16:44:29 [http-nio-8080-exec-9] DEBUG o.s.orm.jpa.JpaTransactionManager - Participating in existing transaction
2026-03-16 16:44:29 [http-nio-8080-exec-9] DEBUG org.hibernate.SQL - select ua1_0.scrty_dtrmn_trget_id,ua1_0.author_code,ua1_0.frst_register_id,ua1_0.frst_regist_pnttm,ua1_0.last_updusr_id,ua1_0.last_updt_pnttm,ua1_0.mber_ty_code from nemplyrscrtyestbs ua1_0 where ua1_0.scrty_dtrmn_trget_id=?
2026-03-16 16:44:29 [http-nio-8080-exec-10] DEBUG o.s.orm.jpa.JpaTransactionManager - Found thread-bound EntityManager [SessionImpl(1502254501<open>)] for JPA transaction
2026-03-16 16:44:29 [http-nio-8080-exec-10] DEBUG o.s.orm.jpa.JpaTransactionManager - Participating in existing transaction
2026-03-16 16:44:29 [http-nio-8080-exec-10] INFO  c.c.p.s.i.EgovAuthenticationProvider - >>> Authenticating user: user_regular, esntlId: USRCNFRM_00000000002, Inherent Role: USER
2026-03-16 16:44:29 [http-nio-8080-exec-10] DEBUG o.s.orm.jpa.JpaTransactionManager - Found thread-bound EntityManager [SessionImpl(1502254501<open>)] for JPA transaction
2026-03-16 16:44:29 [http-nio-8080-exec-10] DEBUG o.s.orm.jpa.JpaTransactionManager - Participating in existing transaction
2026-03-16 16:44:29 [http-nio-8080-exec-10] DEBUG org.hibernate.SQL - select ua1_0.scrty_dtrmn_trget_id,ua1_0.author_code,ua1_0.frst_register_id,ua1_0.frst_regist_pnttm,ua1_0.last_updusr_id,ua1_0.last_updt_pnttm,ua1_0.mber_ty_code from nemplyrscrtyestbs ua1_0 where ua1_0.scrty_dtrmn_trget_id=?
2026-03-16 16:44:29 [http-nio-8080-exec-9] INFO  c.c.p.s.i.EgovAuthenticationProvider - >>> Role from DB table (NEMPLYRSCRTYESTBS): ROLE_ADMIN
2026-03-16 16:44:29 [http-nio-8080-exec-9] INFO  c.c.p.s.i.EgovAuthenticationProvider - >>> [SPECIAL] Forcing ROLE_ADMIN for user: webmaster
2026-03-16 16:44:29 [http-nio-8080-exec-9] INFO  c.c.p.s.i.EgovAuthenticationProvider - >>> Final resolved authorCode for user webmaster: ROLE_ADMIN
2026-03-16 16:44:29 [http-nio-8080-exec-9] DEBUG o.s.orm.jpa.JpaTransactionManager - Initiating transaction commit
2026-03-16 16:44:29 [http-nio-8080-exec-9] DEBUG o.s.orm.jpa.JpaTransactionManager - Committing JPA transaction on EntityManager [SessionImpl(1702943521<open>)]
2026-03-16 16:44:29 [http-nio-8080-exec-10] INFO  c.c.p.s.i.EgovAuthenticationProvider - >>> Role from DB table (NEMPLYRSCRTYESTBS): ROLE_USER
2026-03-16 16:44:29 [http-nio-8080-exec-10] INFO  c.c.p.s.i.EgovAuthenticationProvider - >>> Final resolved authorCode for user user_regular: ROLE_USER
2026-03-16 16:44:29 [http-nio-8080-exec-10] DEBUG o.s.orm.jpa.JpaTransactionManager - Initiating transaction commit
2026-03-16 16:44:29 [http-nio-8080-exec-10] DEBUG o.s.orm.jpa.JpaTransactionManager - Committing JPA transaction on EntityManager [SessionImpl(1502254501<open>)]
2026-03-16 16:44:30 [http-nio-8080-exec-9] DEBUG o.s.orm.jpa.JpaTransactionManager - Closing JPA EntityManager [SessionImpl(1702943521<open>)] after transaction
2026-03-16 16:44:30 [http-nio-8080-exec-9] DEBUG o.s.w.s.m.m.a.RequestResponseBodyMethodProcessor - Using 'application/json', given [*/*] and supported [application/json, application/*+json, application/yaml]
2026-03-16 16:44:30 [http-nio-8080-exec-9] TRACE o.s.w.s.m.m.a.RequestResponseBodyMethodProcessor - Writing [ApiResponse[success=true, status=200, code=COMMON_001, message=Success, data={role=ROLE_ADMIN, accessToken=eyJhbGciOiJIUzUxMiJ9.eyJzdWIiOiJ3ZWJtYXN0ZXIiLCJyb2xlIjoiUk9MRV9BRE1JTiIsImlhdCI6MTc3MzY0NzA3MCwiZXhwIjoxNzczNjUwNjcwfQ.zClUwm2daG6SDAftx6pgtmad9ldFNCKyKe02t4v5K4OY6k33UJQAo-EaH31wBoC4xzSR-_Ew_zwxcyP5B9QWbQ}, timestamp=2026-03-16T16:44:30.013409100]]
2026-03-16 16:44:30 [http-nio-8080-exec-9] INFO  c.c.p.a.i.OperationalAuditInterceptor - API Audit Log: URL=/api/v1/auth/login, User=ANONYMOUS, IP=127.0.0.1
2026-03-16 16:44:30 [http-nio-8080-exec-9] DEBUG o.s.web.servlet.DispatcherServlet - Completed 200 OK
2026-03-16 16:44:30 [http-nio-8080-exec-10] DEBUG o.s.orm.jpa.JpaTransactionManager - Closing JPA EntityManager [SessionImpl(1502254501<open>)] after transaction
2026-03-16 16:44:30 [http-nio-8080-exec-10] DEBUG o.s.w.s.m.m.a.RequestResponseBodyMethodProcessor - Using 'application/json', given [*/*] and supported [application/json, application/*+json, application/yaml]
2026-03-16 16:44:30 [http-nio-8080-exec-10] TRACE o.s.w.s.m.m.a.RequestResponseBodyMethodProcessor - Writing [ApiResponse[success=true, status=200, code=COMMON_001, message=Success, data={role=ROLE_USER, accessToken=eyJhbGciOiJIUzUxMiJ9.eyJzdWIiOiJ1c2VyX3JlZ3VsYXIiLCJyb2xlIjoiUk9MRV9VU0VSIiwiaWF0IjoxNzczNjQ3MDcwLCJleHAiOjE3NzM2NTA2NzB9.Z3EQFurerFLJEJt7C2J-s44AjpkZ1xCfm6bo1YdXZPGkqdiK0-CRp0O2dGK1E__b91pdbvA2d9ExPUhAL92xrg}, timestamp=2026-03-16T16:44:30.057315800]]
2026-03-16 16:44:30 [http-nio-8080-exec-10] INFO  c.c.p.a.i.OperationalAuditInterceptor - API Audit Log: URL=/api/v1/auth/login, User=ANONYMOUS, IP=127.0.0.1
2026-03-16 16:44:30 [http-nio-8080-exec-10] DEBUG o.s.web.servlet.DispatcherServlet - Completed 200 OK
2026-03-16 16:50:27 [http-nio-8080-exec-4] DEBUG c.c.p.s.jwt.JwtAuthenticationFilter - >>> [JwtFilter] Processing request: POST /api/v1/auth/login
2026-03-16 16:50:27 [http-nio-8080-exec-4] DEBUG c.c.p.s.jwt.JwtAuthenticationFilter - >>> [JwtFilter] No token found in request header for path: /api/v1/auth/login
2026-03-16 16:50:27 [http-nio-8080-exec-4] DEBUG o.s.web.servlet.DispatcherServlet - POST "/api/v1/auth/login", parameters={}
2026-03-16 16:50:27 [http-nio-8080-exec-4] TRACE o.s.w.s.m.m.a.RequestMappingHandlerMapping - Mapped to com.company.project.api.auth.AuthController#login(Map, HttpServletResponse)
2026-03-16 16:50:27 [http-nio-8080-exec-4] TRACE o.s.w.s.m.m.a.RequestResponseBodyMethodProcessor - Read "application/json;charset=UTF-8" to [{id=webmaster, password=1}]
2026-03-16 16:50:27 [http-nio-8080-exec-4] INFO  c.c.project.api.auth.AuthController - >>> [Login] Attempting login for userId: webmaster
2026-03-16 16:50:27 [http-nio-8080-exec-4] DEBUG o.s.orm.jpa.JpaTransactionManager - Creating new transaction with name [com.company.project.security.iam.EgovAuthenticationProvider.authenticate]: PROPAGATION_REQUIRED,ISOLATION_DEFAULT
2026-03-16 16:50:27 [http-nio-8080-exec-4] DEBUG o.s.orm.jpa.JpaTransactionManager - Opened new EntityManager [SessionImpl(465364450<open>)] for JPA transaction
2026-03-16 16:50:27 [http-nio-8080-exec-3] DEBUG c.c.p.s.jwt.JwtAuthenticationFilter - >>> [JwtFilter] Processing request: POST /api/v1/auth/login
2026-03-16 16:50:27 [http-nio-8080-exec-3] DEBUG c.c.p.s.jwt.JwtAuthenticationFilter - >>> [JwtFilter] No token found in request header for path: /api/v1/auth/login
2026-03-16 16:50:27 [http-nio-8080-exec-3] DEBUG o.s.web.servlet.DispatcherServlet - POST "/api/v1/auth/login", parameters={}
2026-03-16 16:50:27 [http-nio-8080-exec-3] TRACE o.s.w.s.m.m.a.RequestMappingHandlerMapping - Mapped to com.company.project.api.auth.AuthController#login(Map, HttpServletResponse)
2026-03-16 16:50:27 [http-nio-8080-exec-3] TRACE o.s.w.s.m.m.a.RequestResponseBodyMethodProcessor - Read "application/json;charset=UTF-8" to [{id=user_regular, password=1}]
2026-03-16 16:50:27 [http-nio-8080-exec-3] INFO  c.c.project.api.auth.AuthController - >>> [Login] Attempting login for userId: user_regular
2026-03-16 16:50:27 [http-nio-8080-exec-3] DEBUG o.s.orm.jpa.JpaTransactionManager - Creating new transaction with name [com.company.project.security.iam.EgovAuthenticationProvider.authenticate]: PROPAGATION_REQUIRED,ISOLATION_DEFAULT
2026-03-16 16:50:27 [http-nio-8080-exec-3] DEBUG o.s.orm.jpa.JpaTransactionManager - Opened new EntityManager [SessionImpl(536364712<open>)] for JPA transaction
2026-03-16 16:50:28 [http-nio-8080-exec-4] DEBUG o.s.orm.jpa.JpaTransactionManager - Exposing JPA transaction as JDBC [org.springframework.orm.jpa.vendor.HibernateJpaDialect$HibernateConnectionHandle@713efc2d]
2026-03-16 16:50:28 [http-nio-8080-exec-4] INFO  c.c.p.s.i.EgovAuthenticationProvider - >>> [EgovAuthenticationProvider] Attempting authentication for userId: webmaster
2026-03-16 16:50:28 [http-nio-8080-exec-4] INFO  c.c.p.s.i.EgovAuthenticationProvider - >>> [EgovAuthenticationProvider] DB check started for userId: webmaster
2026-03-16 16:50:28 [http-nio-8080-exec-4] DEBUG o.s.orm.jpa.JpaTransactionManager - Found thread-bound EntityManager [SessionImpl(465364450<open>)] for JPA transaction
2026-03-16 16:50:28 [http-nio-8080-exec-4] DEBUG o.s.orm.jpa.JpaTransactionManager - Participating in existing transaction
2026-03-16 16:50:28 [http-nio-8080-exec-4] DEBUG org.hibernate.SQL - select u1_0.emplyr_id,u1_0.area_no,u1_0.brthdy,u1_0.chg_pwd_cnt,u1_0.frst_register_id,u1_0.frst_regist_pnttm,u1_0.detail_adres,u1_0.email_adres,u1_0.emplyr_sttus_code,u1_0.empl_no,u1_0.esntl_id,u1_0.fxnum,u1_0.group_id,u1_0.house_adres,u1_0.house_end_telno,u1_0.house_middle_telno,u1_0.ihidnum,u1_0.pstinst_code,u1_0.last_updusr_id,u1_0.last_updt_pnttm,u1_0.lock_at,u1_0.lock_cnt,u1_0.lock_last_pnttm,u1_0.mbtlnum,u1_0.ofcps_nm,u1_0.offm_telno,u1_0.orgnzt_id,u1_0.password,u1_0.password_cnsr,u1_0.password_hint,u1_0.chg_pwd_last_pnttm,u1_0.role,u1_0.sbscrb_de,u1_0.sexdstn_code,u1_0.crtfc_dn_value,u1_0.user_nm,u1_0.zip from nemplyrinfo u1_0 where u1_0.emplyr_id=?
2026-03-16 16:50:28 [http-nio-8080-exec-3] DEBUG o.s.orm.jpa.JpaTransactionManager - Exposing JPA transaction as JDBC [org.springframework.orm.jpa.vendor.HibernateJpaDialect$HibernateConnectionHandle@1bc7c18f]
2026-03-16 16:50:28 [http-nio-8080-exec-3] INFO  c.c.p.s.i.EgovAuthenticationProvider - >>> [EgovAuthenticationProvider] Attempting authentication for userId: user_regular
2026-03-16 16:50:28 [http-nio-8080-exec-3] INFO  c.c.p.s.i.EgovAuthenticationProvider - >>> [EgovAuthenticationProvider] DB check started for userId: user_regular
2026-03-16 16:50:28 [http-nio-8080-exec-3] DEBUG o.s.orm.jpa.JpaTransactionManager - Found thread-bound EntityManager [SessionImpl(536364712<open>)] for JPA transaction
2026-03-16 16:50:28 [http-nio-8080-exec-3] DEBUG o.s.orm.jpa.JpaTransactionManager - Participating in existing transaction
2026-03-16 16:50:28 [http-nio-8080-exec-3] DEBUG org.hibernate.SQL - select u1_0.emplyr_id,u1_0.area_no,u1_0.brthdy,u1_0.chg_pwd_cnt,u1_0.frst_register_id,u1_0.frst_regist_pnttm,u1_0.detail_adres,u1_0.email_adres,u1_0.emplyr_sttus_code,u1_0.empl_no,u1_0.esntl_id,u1_0.fxnum,u1_0.group_id,u1_0.house_adres,u1_0.house_end_telno,u1_0.house_middle_telno,u1_0.ihidnum,u1_0.pstinst_code,u1_0.last_updusr_id,u1_0.last_updt_pnttm,u1_0.lock_at,u1_0.lock_cnt,u1_0.lock_last_pnttm,u1_0.mbtlnum,u1_0.ofcps_nm,u1_0.offm_telno,u1_0.orgnzt_id,u1_0.password,u1_0.password_cnsr,u1_0.password_hint,u1_0.chg_pwd_last_pnttm,u1_0.role,u1_0.sbscrb_de,u1_0.sexdstn_code,u1_0.crtfc_dn_value,u1_0.user_nm,u1_0.zip from nemplyrinfo u1_0 where u1_0.emplyr_id=?
2026-03-16 16:50:28 [http-nio-8080-exec-4] INFO  c.c.p.s.i.EgovAuthenticationProvider - >>> [EgovAuthenticationProvider] User found by findById: webmaster
2026-03-16 16:50:28 [http-nio-8080-exec-4] INFO  c.c.p.s.i.EgovAuthenticationProvider - >>> [EgovAuthenticationProvider] User found: webmaster, DB password hash: {bcrypt}$2a$10$NRnqN.nwZxWe01BiSsk4Su.qlAj87Ys//VJVJf2WKEs3JzaQyJsGO
2026-03-16 16:50:28 [http-nio-8080-exec-4] INFO  c.c.p.s.i.EgovAuthenticationProvider - >>> [EgovAuthenticationProvider] Trying standard PasswordEncoder.
2026-03-16 16:50:28 [http-nio-8080-exec-3] INFO  c.c.p.s.i.EgovAuthenticationProvider - >>> [EgovAuthenticationProvider] User found by findById: user_regular
2026-03-16 16:50:28 [http-nio-8080-exec-3] INFO  c.c.p.s.i.EgovAuthenticationProvider - >>> [EgovAuthenticationProvider] User found: user_regular, DB password hash: {bcrypt}$2a$10$bMmSeYF1.khtxxRUcD2tOO3U82j8K8xiUTm9RLJFu6DsyGIfxJOHy
2026-03-16 16:50:28 [http-nio-8080-exec-3] INFO  c.c.p.s.i.EgovAuthenticationProvider - >>> [EgovAuthenticationProvider] Trying standard PasswordEncoder.
2026-03-16 16:50:28 [http-nio-8080-exec-4] DEBUG o.s.orm.jpa.JpaTransactionManager - Found thread-bound EntityManager [SessionImpl(465364450<open>)] for JPA transaction
2026-03-16 16:50:28 [http-nio-8080-exec-4] DEBUG o.s.orm.jpa.JpaTransactionManager - Participating in existing transaction
2026-03-16 16:50:28 [http-nio-8080-exec-4] INFO  c.c.p.s.i.EgovAuthenticationProvider - >>> Authenticating user: webmaster, esntlId: USRCNFRM_99999999999, Inherent Role: ADMIN
2026-03-16 16:50:28 [http-nio-8080-exec-4] DEBUG o.s.orm.jpa.JpaTransactionManager - Found thread-bound EntityManager [SessionImpl(465364450<open>)] for JPA transaction
2026-03-16 16:50:28 [http-nio-8080-exec-4] DEBUG o.s.orm.jpa.JpaTransactionManager - Participating in existing transaction
2026-03-16 16:50:28 [http-nio-8080-exec-4] DEBUG org.hibernate.SQL - select ua1_0.scrty_dtrmn_trget_id,ua1_0.author_code,ua1_0.frst_register_id,ua1_0.frst_regist_pnttm,ua1_0.last_updusr_id,ua1_0.last_updt_pnttm,ua1_0.mber_ty_code from nemplyrscrtyestbs ua1_0 where ua1_0.scrty_dtrmn_trget_id=?
2026-03-16 16:50:28 [http-nio-8080-exec-3] DEBUG o.s.orm.jpa.JpaTransactionManager - Found thread-bound EntityManager [SessionImpl(536364712<open>)] for JPA transaction
2026-03-16 16:50:28 [http-nio-8080-exec-3] DEBUG o.s.orm.jpa.JpaTransactionManager - Participating in existing transaction
2026-03-16 16:50:28 [http-nio-8080-exec-3] INFO  c.c.p.s.i.EgovAuthenticationProvider - >>> Authenticating user: user_regular, esntlId: USRCNFRM_00000000002, Inherent Role: USER
2026-03-16 16:50:28 [http-nio-8080-exec-3] DEBUG o.s.orm.jpa.JpaTransactionManager - Found thread-bound EntityManager [SessionImpl(536364712<open>)] for JPA transaction
2026-03-16 16:50:28 [http-nio-8080-exec-3] DEBUG o.s.orm.jpa.JpaTransactionManager - Participating in existing transaction
2026-03-16 16:50:28 [http-nio-8080-exec-3] DEBUG org.hibernate.SQL - select ua1_0.scrty_dtrmn_trget_id,ua1_0.author_code,ua1_0.frst_register_id,ua1_0.frst_regist_pnttm,ua1_0.last_updusr_id,ua1_0.last_updt_pnttm,ua1_0.mber_ty_code from nemplyrscrtyestbs ua1_0 where ua1_0.scrty_dtrmn_trget_id=?
2026-03-16 16:50:28 [http-nio-8080-exec-4] INFO  c.c.p.s.i.EgovAuthenticationProvider - >>> Role from DB table (NEMPLYRSCRTYESTBS): ROLE_ADMIN
2026-03-16 16:50:28 [http-nio-8080-exec-4] INFO  c.c.p.s.i.EgovAuthenticationProvider - >>> [SPECIAL] Forcing ROLE_ADMIN for user: webmaster
2026-03-16 16:50:28 [http-nio-8080-exec-4] INFO  c.c.p.s.i.EgovAuthenticationProvider - >>> Final resolved authorCode for user webmaster: ROLE_ADMIN
2026-03-16 16:50:28 [http-nio-8080-exec-4] DEBUG o.s.orm.jpa.JpaTransactionManager - Initiating transaction commit
2026-03-16 16:50:28 [http-nio-8080-exec-4] DEBUG o.s.orm.jpa.JpaTransactionManager - Committing JPA transaction on EntityManager [SessionImpl(465364450<open>)]
2026-03-16 16:50:28 [http-nio-8080-exec-3] INFO  c.c.p.s.i.EgovAuthenticationProvider - >>> Role from DB table (NEMPLYRSCRTYESTBS): ROLE_USER
2026-03-16 16:50:28 [http-nio-8080-exec-3] INFO  c.c.p.s.i.EgovAuthenticationProvider - >>> Final resolved authorCode for user user_regular: ROLE_USER
2026-03-16 16:50:28 [http-nio-8080-exec-3] DEBUG o.s.orm.jpa.JpaTransactionManager - Initiating transaction commit
2026-03-16 16:50:28 [http-nio-8080-exec-3] DEBUG o.s.orm.jpa.JpaTransactionManager - Committing JPA transaction on EntityManager [SessionImpl(536364712<open>)]
2026-03-16 16:50:28 [http-nio-8080-exec-4] DEBUG o.s.orm.jpa.JpaTransactionManager - Closing JPA EntityManager [SessionImpl(465364450<open>)] after transaction
2026-03-16 16:50:28 [http-nio-8080-exec-4] DEBUG o.s.w.s.m.m.a.RequestResponseBodyMethodProcessor - Using 'application/json', given [*/*] and supported [application/json, application/*+json, application/yaml]
2026-03-16 16:50:28 [http-nio-8080-exec-4] TRACE o.s.w.s.m.m.a.RequestResponseBodyMethodProcessor - Writing [ApiResponse[success=true, status=200, code=COMMON_001, message=Success, data={role=ROLE_ADMIN, accessToken=eyJhbGciOiJIUzUxMiJ9.eyJzdWIiOiJ3ZWJtYXN0ZXIiLCJyb2xlIjoiUk9MRV9BRE1JTiIsImlhdCI6MTc3MzY0NzQyOCwiZXhwIjoxNzczNjUxMDI4fQ.wI61bDj4DtQ6Oqgppp8VBzdnqOExNkRt5iotPv0otlvC39sgknSU2OsiYdO71T1bVMkauWxj-BAiq8wLpWedDQ}, timestamp=2026-03-16T16:50:28.596234700]]
2026-03-16 16:50:28 [http-nio-8080-exec-4] INFO  c.c.p.a.i.OperationalAuditInterceptor - API Audit Log: URL=/api/v1/auth/login, User=ANONYMOUS, IP=127.0.0.1
2026-03-16 16:50:28 [http-nio-8080-exec-4] DEBUG o.s.web.servlet.DispatcherServlet - Completed 200 OK
2026-03-16 16:50:28 [http-nio-8080-exec-3] DEBUG o.s.orm.jpa.JpaTransactionManager - Closing JPA EntityManager [SessionImpl(536364712<open>)] after transaction
2026-03-16 16:50:28 [http-nio-8080-exec-3] DEBUG o.s.w.s.m.m.a.RequestResponseBodyMethodProcessor - Using 'application/json', given [*/*] and supported [application/json, application/*+json, application/yaml]
2026-03-16 16:50:28 [http-nio-8080-exec-3] TRACE o.s.w.s.m.m.a.RequestResponseBodyMethodProcessor - Writing [ApiResponse[success=true, status=200, code=COMMON_001, message=Success, data={role=ROLE_USER, accessToken=eyJhbGciOiJIUzUxMiJ9.eyJzdWIiOiJ1c2VyX3JlZ3VsYXIiLCJyb2xlIjoiUk9MRV9VU0VSIiwiaWF0IjoxNzczNjQ3NDI4LCJleHAiOjE3NzM2NTEwMjh9.ShhPw7ue_5k84uHkuxkuX-aEpu3SK6-vCPdHjBQNGutsq0Zg3gLURKEZ0oD0Yi0OJNypeYre06b-6wDG27pCkQ}, timestamp=2026-03-16T16:50:28.612157400]]
2026-03-16 16:50:28 [http-nio-8080-exec-3] INFO  c.c.p.a.i.OperationalAuditInterceptor - API Audit Log: URL=/api/v1/auth/login, User=ANONYMOUS, IP=127.0.0.1
2026-03-16 16:50:28 [http-nio-8080-exec-3] DEBUG o.s.web.servlet.DispatcherServlet - Completed 200 OK
2026-03-16 16:50:40 [http-nio-8080-exec-6] DEBUG c.c.p.s.jwt.JwtAuthenticationFilter - >>> [JwtFilter] Processing request: POST /api/v1/auth/login
2026-03-16 16:50:40 [http-nio-8080-exec-6] DEBUG c.c.p.s.jwt.JwtAuthenticationFilter - >>> [JwtFilter] No token found in request header for path: /api/v1/auth/login
2026-03-16 16:50:40 [http-nio-8080-exec-6] DEBUG o.s.web.servlet.DispatcherServlet - POST "/api/v1/auth/login", parameters={}
2026-03-16 16:50:40 [http-nio-8080-exec-6] TRACE o.s.w.s.m.m.a.RequestMappingHandlerMapping - Mapped to com.company.project.api.auth.AuthController#login(Map, HttpServletResponse)
2026-03-16 16:50:40 [http-nio-8080-exec-6] TRACE o.s.w.s.m.m.a.RequestResponseBodyMethodProcessor - Read "application/json;charset=UTF-8" to [{id=user_regular, password=1}]
2026-03-16 16:50:40 [http-nio-8080-exec-6] INFO  c.c.project.api.auth.AuthController - >>> [Login] Attempting login for userId: user_regular
2026-03-16 16:50:40 [http-nio-8080-exec-6] DEBUG o.s.orm.jpa.JpaTransactionManager - Creating new transaction with name [com.company.project.security.iam.EgovAuthenticationProvider.authenticate]: PROPAGATION_REQUIRED,ISOLATION_DEFAULT
2026-03-16 16:50:40 [http-nio-8080-exec-6] DEBUG o.s.orm.jpa.JpaTransactionManager - Opened new EntityManager [SessionImpl(676519724<open>)] for JPA transaction
2026-03-16 16:50:40 [http-nio-8080-exec-8] DEBUG c.c.p.s.jwt.JwtAuthenticationFilter - >>> [JwtFilter] Processing request: POST /api/v1/auth/login
2026-03-16 16:50:40 [http-nio-8080-exec-8] DEBUG c.c.p.s.jwt.JwtAuthenticationFilter - >>> [JwtFilter] No token found in request header for path: /api/v1/auth/login
2026-03-16 16:50:40 [http-nio-8080-exec-8] DEBUG o.s.web.servlet.DispatcherServlet - POST "/api/v1/auth/login", parameters={}
2026-03-16 16:50:40 [http-nio-8080-exec-8] TRACE o.s.w.s.m.m.a.RequestMappingHandlerMapping - Mapped to com.company.project.api.auth.AuthController#login(Map, HttpServletResponse)
2026-03-16 16:50:40 [http-nio-8080-exec-8] TRACE o.s.w.s.m.m.a.RequestResponseBodyMethodProcessor - Read "application/json;charset=UTF-8" to [{id=webmaster, password=1}]
2026-03-16 16:50:40 [http-nio-8080-exec-8] INFO  c.c.project.api.auth.AuthController - >>> [Login] Attempting login for userId: webmaster
2026-03-16 16:50:40 [http-nio-8080-exec-8] DEBUG o.s.orm.jpa.JpaTransactionManager - Creating new transaction with name [com.company.project.security.iam.EgovAuthenticationProvider.authenticate]: PROPAGATION_REQUIRED,ISOLATION_DEFAULT
2026-03-16 16:50:40 [http-nio-8080-exec-8] DEBUG o.s.orm.jpa.JpaTransactionManager - Opened new EntityManager [SessionImpl(908801186<open>)] for JPA transaction
2026-03-16 16:50:40 [http-nio-8080-exec-6] DEBUG o.s.orm.jpa.JpaTransactionManager - Exposing JPA transaction as JDBC [org.springframework.orm.jpa.vendor.HibernateJpaDialect$HibernateConnectionHandle@e42e224]
2026-03-16 16:50:40 [http-nio-8080-exec-6] INFO  c.c.p.s.i.EgovAuthenticationProvider - >>> [EgovAuthenticationProvider] Attempting authentication for userId: user_regular
2026-03-16 16:50:40 [http-nio-8080-exec-6] INFO  c.c.p.s.i.EgovAuthenticationProvider - >>> [EgovAuthenticationProvider] DB check started for userId: user_regular
2026-03-16 16:50:40 [http-nio-8080-exec-6] DEBUG o.s.orm.jpa.JpaTransactionManager - Found thread-bound EntityManager [SessionImpl(676519724<open>)] for JPA transaction
2026-03-16 16:50:40 [http-nio-8080-exec-6] DEBUG o.s.orm.jpa.JpaTransactionManager - Participating in existing transaction
2026-03-16 16:50:40 [http-nio-8080-exec-6] DEBUG org.hibernate.SQL - select u1_0.emplyr_id,u1_0.area_no,u1_0.brthdy,u1_0.chg_pwd_cnt,u1_0.frst_register_id,u1_0.frst_regist_pnttm,u1_0.detail_adres,u1_0.email_adres,u1_0.emplyr_sttus_code,u1_0.empl_no,u1_0.esntl_id,u1_0.fxnum,u1_0.group_id,u1_0.house_adres,u1_0.house_end_telno,u1_0.house_middle_telno,u1_0.ihidnum,u1_0.pstinst_code,u1_0.last_updusr_id,u1_0.last_updt_pnttm,u1_0.lock_at,u1_0.lock_cnt,u1_0.lock_last_pnttm,u1_0.mbtlnum,u1_0.ofcps_nm,u1_0.offm_telno,u1_0.orgnzt_id,u1_0.password,u1_0.password_cnsr,u1_0.password_hint,u1_0.chg_pwd_last_pnttm,u1_0.role,u1_0.sbscrb_de,u1_0.sexdstn_code,u1_0.crtfc_dn_value,u1_0.user_nm,u1_0.zip from nemplyrinfo u1_0 where u1_0.emplyr_id=?
2026-03-16 16:50:40 [http-nio-8080-exec-8] DEBUG o.s.orm.jpa.JpaTransactionManager - Exposing JPA transaction as JDBC [org.springframework.orm.jpa.vendor.HibernateJpaDialect$HibernateConnectionHandle@3214a6bf]
2026-03-16 16:50:40 [http-nio-8080-exec-8] INFO  c.c.p.s.i.EgovAuthenticationProvider - >>> [EgovAuthenticationProvider] Attempting authentication for userId: webmaster
2026-03-16 16:50:40 [http-nio-8080-exec-8] INFO  c.c.p.s.i.EgovAuthenticationProvider - >>> [EgovAuthenticationProvider] DB check started for userId: webmaster
2026-03-16 16:50:40 [http-nio-8080-exec-8] DEBUG o.s.orm.jpa.JpaTransactionManager - Found thread-bound EntityManager [SessionImpl(908801186<open>)] for JPA transaction
2026-03-16 16:50:40 [http-nio-8080-exec-8] DEBUG o.s.orm.jpa.JpaTransactionManager - Participating in existing transaction
2026-03-16 16:50:40 [http-nio-8080-exec-8] DEBUG org.hibernate.SQL - select u1_0.emplyr_id,u1_0.area_no,u1_0.brthdy,u1_0.chg_pwd_cnt,u1_0.frst_register_id,u1_0.frst_regist_pnttm,u1_0.detail_adres,u1_0.email_adres,u1_0.emplyr_sttus_code,u1_0.empl_no,u1_0.esntl_id,u1_0.fxnum,u1_0.group_id,u1_0.house_adres,u1_0.house_end_telno,u1_0.house_middle_telno,u1_0.ihidnum,u1_0.pstinst_code,u1_0.last_updusr_id,u1_0.last_updt_pnttm,u1_0.lock_at,u1_0.lock_cnt,u1_0.lock_last_pnttm,u1_0.mbtlnum,u1_0.ofcps_nm,u1_0.offm_telno,u1_0.orgnzt_id,u1_0.password,u1_0.password_cnsr,u1_0.password_hint,u1_0.chg_pwd_last_pnttm,u1_0.role,u1_0.sbscrb_de,u1_0.sexdstn_code,u1_0.crtfc_dn_value,u1_0.user_nm,u1_0.zip from nemplyrinfo u1_0 where u1_0.emplyr_id=?
2026-03-16 16:50:40 [http-nio-8080-exec-6] INFO  c.c.p.s.i.EgovAuthenticationProvider - >>> [EgovAuthenticationProvider] User found by findById: user_regular
2026-03-16 16:50:40 [http-nio-8080-exec-6] INFO  c.c.p.s.i.EgovAuthenticationProvider - >>> [EgovAuthenticationProvider] User found: user_regular, DB password hash: {bcrypt}$2a$10$bMmSeYF1.khtxxRUcD2tOO3U82j8K8xiUTm9RLJFu6DsyGIfxJOHy
2026-03-16 16:50:40 [http-nio-8080-exec-6] INFO  c.c.p.s.i.EgovAuthenticationProvider - >>> [EgovAuthenticationProvider] Trying standard PasswordEncoder.
2026-03-16 16:50:40 [http-nio-8080-exec-8] INFO  c.c.p.s.i.EgovAuthenticationProvider - >>> [EgovAuthenticationProvider] User found by findById: webmaster
2026-03-16 16:50:40 [http-nio-8080-exec-8] INFO  c.c.p.s.i.EgovAuthenticationProvider - >>> [EgovAuthenticationProvider] User found: webmaster, DB password hash: {bcrypt}$2a$10$NRnqN.nwZxWe01BiSsk4Su.qlAj87Ys//VJVJf2WKEs3JzaQyJsGO
2026-03-16 16:50:40 [http-nio-8080-exec-8] INFO  c.c.p.s.i.EgovAuthenticationProvider - >>> [EgovAuthenticationProvider] Trying standard PasswordEncoder.
2026-03-16 16:50:40 [http-nio-8080-exec-6] DEBUG o.s.orm.jpa.JpaTransactionManager - Found thread-bound EntityManager [SessionImpl(676519724<open>)] for JPA transaction
2026-03-16 16:50:40 [http-nio-8080-exec-6] DEBUG o.s.orm.jpa.JpaTransactionManager - Participating in existing transaction
2026-03-16 16:50:40 [http-nio-8080-exec-6] INFO  c.c.p.s.i.EgovAuthenticationProvider - >>> Authenticating user: user_regular, esntlId: USRCNFRM_00000000002, Inherent Role: USER
2026-03-16 16:50:40 [http-nio-8080-exec-6] DEBUG o.s.orm.jpa.JpaTransactionManager - Found thread-bound EntityManager [SessionImpl(676519724<open>)] for JPA transaction
2026-03-16 16:50:40 [http-nio-8080-exec-6] DEBUG o.s.orm.jpa.JpaTransactionManager - Participating in existing transaction
2026-03-16 16:50:40 [http-nio-8080-exec-6] DEBUG org.hibernate.SQL - select ua1_0.scrty_dtrmn_trget_id,ua1_0.author_code,ua1_0.frst_register_id,ua1_0.frst_regist_pnttm,ua1_0.last_updusr_id,ua1_0.last_updt_pnttm,ua1_0.mber_ty_code from nemplyrscrtyestbs ua1_0 where ua1_0.scrty_dtrmn_trget_id=?
2026-03-16 16:50:40 [http-nio-8080-exec-8] DEBUG o.s.orm.jpa.JpaTransactionManager - Found thread-bound EntityManager [SessionImpl(908801186<open>)] for JPA transaction
2026-03-16 16:50:40 [http-nio-8080-exec-8] DEBUG o.s.orm.jpa.JpaTransactionManager - Participating in existing transaction
2026-03-16 16:50:40 [http-nio-8080-exec-8] INFO  c.c.p.s.i.EgovAuthenticationProvider - >>> Authenticating user: webmaster, esntlId: USRCNFRM_99999999999, Inherent Role: ADMIN
2026-03-16 16:50:40 [http-nio-8080-exec-8] DEBUG o.s.orm.jpa.JpaTransactionManager - Found thread-bound EntityManager [SessionImpl(908801186<open>)] for JPA transaction
2026-03-16 16:50:40 [http-nio-8080-exec-8] DEBUG o.s.orm.jpa.JpaTransactionManager - Participating in existing transaction
2026-03-16 16:50:40 [http-nio-8080-exec-8] DEBUG org.hibernate.SQL - select ua1_0.scrty_dtrmn_trget_id,ua1_0.author_code,ua1_0.frst_register_id,ua1_0.frst_regist_pnttm,ua1_0.last_updusr_id,ua1_0.last_updt_pnttm,ua1_0.mber_ty_code from nemplyrscrtyestbs ua1_0 where ua1_0.scrty_dtrmn_trget_id=?
2026-03-16 16:50:41 [http-nio-8080-exec-6] INFO  c.c.p.s.i.EgovAuthenticationProvider - >>> Role from DB table (NEMPLYRSCRTYESTBS): ROLE_USER
2026-03-16 16:50:41 [http-nio-8080-exec-6] INFO  c.c.p.s.i.EgovAuthenticationProvider - >>> Final resolved authorCode for user user_regular: ROLE_USER
2026-03-16 16:50:41 [http-nio-8080-exec-6] DEBUG o.s.orm.jpa.JpaTransactionManager - Initiating transaction commit
2026-03-16 16:50:41 [http-nio-8080-exec-6] DEBUG o.s.orm.jpa.JpaTransactionManager - Committing JPA transaction on EntityManager [SessionImpl(676519724<open>)]
2026-03-16 16:50:41 [http-nio-8080-exec-8] INFO  c.c.p.s.i.EgovAuthenticationProvider - >>> Role from DB table (NEMPLYRSCRTYESTBS): ROLE_ADMIN
2026-03-16 16:50:41 [http-nio-8080-exec-8] INFO  c.c.p.s.i.EgovAuthenticationProvider - >>> [SPECIAL] Forcing ROLE_ADMIN for user: webmaster
2026-03-16 16:50:41 [http-nio-8080-exec-8] INFO  c.c.p.s.i.EgovAuthenticationProvider - >>> Final resolved authorCode for user webmaster: ROLE_ADMIN
2026-03-16 16:50:41 [http-nio-8080-exec-8] DEBUG o.s.orm.jpa.JpaTransactionManager - Initiating transaction commit
2026-03-16 16:50:41 [http-nio-8080-exec-8] DEBUG o.s.orm.jpa.JpaTransactionManager - Committing JPA transaction on EntityManager [SessionImpl(908801186<open>)]
2026-03-16 16:50:41 [http-nio-8080-exec-6] DEBUG o.s.orm.jpa.JpaTransactionManager - Closing JPA EntityManager [SessionImpl(676519724<open>)] after transaction
2026-03-16 16:50:41 [http-nio-8080-exec-6] DEBUG o.s.w.s.m.m.a.RequestResponseBodyMethodProcessor - Using 'application/json', given [*/*] and supported [application/json, application/*+json, application/yaml]
2026-03-16 16:50:41 [http-nio-8080-exec-6] TRACE o.s.w.s.m.m.a.RequestResponseBodyMethodProcessor - Writing [ApiResponse[success=true, status=200, code=COMMON_001, message=Success, data={role=ROLE_USER, accessToken=eyJhbGciOiJIUzUxMiJ9.eyJzdWIiOiJ1c2VyX3JlZ3VsYXIiLCJyb2xlIjoiUk9MRV9VU0VSIiwiaWF0IjoxNzczNjQ3NDQxLCJleHAiOjE3NzM2NTEwNDF9.HAFTeViFvmGiga9AwAQrrm0QWiVF06jnUjCXb6TK0FTGNyut7JeF6u7Lb37fN_09BUAqg4DEcr6yyked9s9RVQ}, timestamp=2026-03-16T16:50:41.255165600]]
2026-03-16 16:50:41 [http-nio-8080-exec-6] INFO  c.c.p.a.i.OperationalAuditInterceptor - API Audit Log: URL=/api/v1/auth/login, User=ANONYMOUS, IP=127.0.0.1
2026-03-16 16:50:41 [http-nio-8080-exec-6] DEBUG o.s.web.servlet.DispatcherServlet - Completed 200 OK
2026-03-16 16:50:41 [http-nio-8080-exec-8] DEBUG o.s.orm.jpa.JpaTransactionManager - Closing JPA EntityManager [SessionImpl(908801186<open>)] after transaction
2026-03-16 16:50:41 [http-nio-8080-exec-8] DEBUG o.s.w.s.m.m.a.RequestResponseBodyMethodProcessor - Using 'application/json', given [*/*] and supported [application/json, application/*+json, application/yaml]
2026-03-16 16:50:41 [http-nio-8080-exec-8] TRACE o.s.w.s.m.m.a.RequestResponseBodyMethodProcessor - Writing [ApiResponse[success=true, status=200, code=COMMON_001, message=Success, data={role=ROLE_ADMIN, accessToken=eyJhbGciOiJIUzUxMiJ9.eyJzdWIiOiJ3ZWJtYXN0ZXIiLCJyb2xlIjoiUk9MRV9BRE1JTiIsImlhdCI6MTc3MzY0NzQ0MSwiZXhwIjoxNzczNjUxMDQxfQ.7aZAj2mLI9XXNLS9bS6YJpWPuN6e1m1slKDusixMgnea62yBAVpYe5Jdbaaa-Ivd8WoQl96C7qwS59UzR5_3Jg}, timestamp=2026-03-16T16:50:41.278514800]]
2026-03-16 16:50:41 [http-nio-8080-exec-8] INFO  c.c.p.a.i.OperationalAuditInterceptor - API Audit Log: URL=/api/v1/auth/login, User=ANONYMOUS, IP=127.0.0.1
2026-03-16 16:50:41 [http-nio-8080-exec-8] DEBUG o.s.web.servlet.DispatcherServlet - Completed 200 OK
2026-03-16 16:52:16 [http-nio-8080-exec-1] DEBUG c.c.p.s.jwt.JwtAuthenticationFilter - >>> [JwtFilter] Processing request: POST /api/v1/auth/login
2026-03-16 16:52:16 [http-nio-8080-exec-1] DEBUG c.c.p.s.jwt.JwtAuthenticationFilter - >>> [JwtFilter] No token found in request header for path: /api/v1/auth/login
2026-03-16 16:52:16 [http-nio-8080-exec-1] DEBUG o.s.web.servlet.DispatcherServlet - POST "/api/v1/auth/login", parameters={}
2026-03-16 16:52:16 [http-nio-8080-exec-1] TRACE o.s.w.s.m.m.a.RequestMappingHandlerMapping - Mapped to com.company.project.api.auth.AuthController#login(Map, HttpServletResponse)
2026-03-16 16:52:16 [http-nio-8080-exec-1] TRACE o.s.w.s.m.m.a.RequestResponseBodyMethodProcessor - Read "application/json;charset=UTF-8" to [{id=webmaster, password=1}]
2026-03-16 16:52:16 [http-nio-8080-exec-1] INFO  c.c.project.api.auth.AuthController - >>> [Login] Attempting login for userId: webmaster
2026-03-16 16:52:16 [http-nio-8080-exec-1] DEBUG o.s.orm.jpa.JpaTransactionManager - Creating new transaction with name [com.company.project.security.iam.EgovAuthenticationProvider.authenticate]: PROPAGATION_REQUIRED,ISOLATION_DEFAULT
2026-03-16 16:52:16 [http-nio-8080-exec-1] DEBUG o.s.orm.jpa.JpaTransactionManager - Opened new EntityManager [SessionImpl(1782590227<open>)] for JPA transaction
2026-03-16 16:52:16 [http-nio-8080-exec-2] DEBUG c.c.p.s.jwt.JwtAuthenticationFilter - >>> [JwtFilter] Processing request: POST /api/v1/auth/login
2026-03-16 16:52:16 [http-nio-8080-exec-2] DEBUG c.c.p.s.jwt.JwtAuthenticationFilter - >>> [JwtFilter] No token found in request header for path: /api/v1/auth/login
2026-03-16 16:52:16 [http-nio-8080-exec-2] DEBUG o.s.web.servlet.DispatcherServlet - POST "/api/v1/auth/login", parameters={}
2026-03-16 16:52:16 [http-nio-8080-exec-2] TRACE o.s.w.s.m.m.a.RequestMappingHandlerMapping - Mapped to com.company.project.api.auth.AuthController#login(Map, HttpServletResponse)
2026-03-16 16:52:16 [http-nio-8080-exec-2] TRACE o.s.w.s.m.m.a.RequestResponseBodyMethodProcessor - Read "application/json;charset=UTF-8" to [{id=user_regular, password=1}]
2026-03-16 16:52:16 [http-nio-8080-exec-2] INFO  c.c.project.api.auth.AuthController - >>> [Login] Attempting login for userId: user_regular
2026-03-16 16:52:16 [http-nio-8080-exec-2] DEBUG o.s.orm.jpa.JpaTransactionManager - Creating new transaction with name [com.company.project.security.iam.EgovAuthenticationProvider.authenticate]: PROPAGATION_REQUIRED,ISOLATION_DEFAULT
2026-03-16 16:52:16 [http-nio-8080-exec-2] DEBUG o.s.orm.jpa.JpaTransactionManager - Opened new EntityManager [SessionImpl(590024095<open>)] for JPA transaction
2026-03-16 16:52:16 [http-nio-8080-exec-1] DEBUG o.s.orm.jpa.JpaTransactionManager - Exposing JPA transaction as JDBC [org.springframework.orm.jpa.vendor.HibernateJpaDialect$HibernateConnectionHandle@3f06755a]
2026-03-16 16:52:16 [http-nio-8080-exec-1] INFO  c.c.p.s.i.EgovAuthenticationProvider - >>> [EgovAuthenticationProvider] Attempting authentication for userId: webmaster
2026-03-16 16:52:16 [http-nio-8080-exec-1] INFO  c.c.p.s.i.EgovAuthenticationProvider - >>> [EgovAuthenticationProvider] DB check started for userId: webmaster
2026-03-16 16:52:16 [http-nio-8080-exec-1] DEBUG o.s.orm.jpa.JpaTransactionManager - Found thread-bound EntityManager [SessionImpl(1782590227<open>)] for JPA transaction
2026-03-16 16:52:16 [http-nio-8080-exec-1] DEBUG o.s.orm.jpa.JpaTransactionManager - Participating in existing transaction
2026-03-16 16:52:16 [http-nio-8080-exec-1] DEBUG org.hibernate.SQL - select u1_0.emplyr_id,u1_0.area_no,u1_0.brthdy,u1_0.chg_pwd_cnt,u1_0.frst_register_id,u1_0.frst_regist_pnttm,u1_0.detail_adres,u1_0.email_adres,u1_0.emplyr_sttus_code,u1_0.empl_no,u1_0.esntl_id,u1_0.fxnum,u1_0.group_id,u1_0.house_adres,u1_0.house_end_telno,u1_0.house_middle_telno,u1_0.ihidnum,u1_0.pstinst_code,u1_0.last_updusr_id,u1_0.last_updt_pnttm,u1_0.lock_at,u1_0.lock_cnt,u1_0.lock_last_pnttm,u1_0.mbtlnum,u1_0.ofcps_nm,u1_0.offm_telno,u1_0.orgnzt_id,u1_0.password,u1_0.password_cnsr,u1_0.password_hint,u1_0.chg_pwd_last_pnttm,u1_0.role,u1_0.sbscrb_de,u1_0.sexdstn_code,u1_0.crtfc_dn_value,u1_0.user_nm,u1_0.zip from nemplyrinfo u1_0 where u1_0.emplyr_id=?
2026-03-16 16:52:16 [http-nio-8080-exec-2] DEBUG o.s.orm.jpa.JpaTransactionManager - Exposing JPA transaction as JDBC [org.springframework.orm.jpa.vendor.HibernateJpaDialect$HibernateConnectionHandle@6c86f8fa]
2026-03-16 16:52:16 [http-nio-8080-exec-2] INFO  c.c.p.s.i.EgovAuthenticationProvider - >>> [EgovAuthenticationProvider] Attempting authentication for userId: user_regular
2026-03-16 16:52:16 [http-nio-8080-exec-2] INFO  c.c.p.s.i.EgovAuthenticationProvider - >>> [EgovAuthenticationProvider] DB check started for userId: user_regular
2026-03-16 16:52:16 [http-nio-8080-exec-2] DEBUG o.s.orm.jpa.JpaTransactionManager - Found thread-bound EntityManager [SessionImpl(590024095<open>)] for JPA transaction
2026-03-16 16:52:16 [http-nio-8080-exec-2] DEBUG o.s.orm.jpa.JpaTransactionManager - Participating in existing transaction
2026-03-16 16:52:16 [http-nio-8080-exec-2] DEBUG org.hibernate.SQL - select u1_0.emplyr_id,u1_0.area_no,u1_0.brthdy,u1_0.chg_pwd_cnt,u1_0.frst_register_id,u1_0.frst_regist_pnttm,u1_0.detail_adres,u1_0.email_adres,u1_0.emplyr_sttus_code,u1_0.empl_no,u1_0.esntl_id,u1_0.fxnum,u1_0.group_id,u1_0.house_adres,u1_0.house_end_telno,u1_0.house_middle_telno,u1_0.ihidnum,u1_0.pstinst_code,u1_0.last_updusr_id,u1_0.last_updt_pnttm,u1_0.lock_at,u1_0.lock_cnt,u1_0.lock_last_pnttm,u1_0.mbtlnum,u1_0.ofcps_nm,u1_0.offm_telno,u1_0.orgnzt_id,u1_0.password,u1_0.password_cnsr,u1_0.password_hint,u1_0.chg_pwd_last_pnttm,u1_0.role,u1_0.sbscrb_de,u1_0.sexdstn_code,u1_0.crtfc_dn_value,u1_0.user_nm,u1_0.zip from nemplyrinfo u1_0 where u1_0.emplyr_id=?
2026-03-16 16:52:16 [http-nio-8080-exec-1] INFO  c.c.p.s.i.EgovAuthenticationProvider - >>> [EgovAuthenticationProvider] User found by findById: webmaster
2026-03-16 16:52:16 [http-nio-8080-exec-1] INFO  c.c.p.s.i.EgovAuthenticationProvider - >>> [EgovAuthenticationProvider] User found: webmaster, DB password hash: {bcrypt}$2a$10$NRnqN.nwZxWe01BiSsk4Su.qlAj87Ys//VJVJf2WKEs3JzaQyJsGO
2026-03-16 16:52:16 [http-nio-8080-exec-1] INFO  c.c.p.s.i.EgovAuthenticationProvider - >>> [EgovAuthenticationProvider] Trying standard PasswordEncoder.
2026-03-16 16:52:16 [http-nio-8080-exec-2] INFO  c.c.p.s.i.EgovAuthenticationProvider - >>> [EgovAuthenticationProvider] User found by findById: user_regular
2026-03-16 16:52:16 [http-nio-8080-exec-2] INFO  c.c.p.s.i.EgovAuthenticationProvider - >>> [EgovAuthenticationProvider] User found: user_regular, DB password hash: {bcrypt}$2a$10$bMmSeYF1.khtxxRUcD2tOO3U82j8K8xiUTm9RLJFu6DsyGIfxJOHy
2026-03-16 16:52:16 [http-nio-8080-exec-2] INFO  c.c.p.s.i.EgovAuthenticationProvider - >>> [EgovAuthenticationProvider] Trying standard PasswordEncoder.
2026-03-16 16:52:16 [http-nio-8080-exec-1] DEBUG o.s.orm.jpa.JpaTransactionManager - Found thread-bound EntityManager [SessionImpl(1782590227<open>)] for JPA transaction
2026-03-16 16:52:16 [http-nio-8080-exec-1] DEBUG o.s.orm.jpa.JpaTransactionManager - Participating in existing transaction
2026-03-16 16:52:16 [http-nio-8080-exec-1] INFO  c.c.p.s.i.EgovAuthenticationProvider - >>> Authenticating user: webmaster, esntlId: USRCNFRM_99999999999, Inherent Role: ADMIN
2026-03-16 16:52:16 [http-nio-8080-exec-1] DEBUG o.s.orm.jpa.JpaTransactionManager - Found thread-bound EntityManager [SessionImpl(1782590227<open>)] for JPA transaction
2026-03-16 16:52:16 [http-nio-8080-exec-1] DEBUG o.s.orm.jpa.JpaTransactionManager - Participating in existing transaction
2026-03-16 16:52:16 [http-nio-8080-exec-1] DEBUG org.hibernate.SQL - select ua1_0.scrty_dtrmn_trget_id,ua1_0.author_code,ua1_0.frst_register_id,ua1_0.frst_regist_pnttm,ua1_0.last_updusr_id,ua1_0.last_updt_pnttm,ua1_0.mber_ty_code from nemplyrscrtyestbs ua1_0 where ua1_0.scrty_dtrmn_trget_id=?
2026-03-16 16:52:16 [http-nio-8080-exec-2] DEBUG o.s.orm.jpa.JpaTransactionManager - Found thread-bound EntityManager [SessionImpl(590024095<open>)] for JPA transaction
2026-03-16 16:52:16 [http-nio-8080-exec-2] DEBUG o.s.orm.jpa.JpaTransactionManager - Participating in existing transaction
2026-03-16 16:52:16 [http-nio-8080-exec-2] INFO  c.c.p.s.i.EgovAuthenticationProvider - >>> Authenticating user: user_regular, esntlId: USRCNFRM_00000000002, Inherent Role: USER
2026-03-16 16:52:16 [http-nio-8080-exec-2] DEBUG o.s.orm.jpa.JpaTransactionManager - Found thread-bound EntityManager [SessionImpl(590024095<open>)] for JPA transaction
2026-03-16 16:52:16 [http-nio-8080-exec-2] DEBUG o.s.orm.jpa.JpaTransactionManager - Participating in existing transaction
2026-03-16 16:52:16 [http-nio-8080-exec-2] DEBUG org.hibernate.SQL - select ua1_0.scrty_dtrmn_trget_id,ua1_0.author_code,ua1_0.frst_register_id,ua1_0.frst_regist_pnttm,ua1_0.last_updusr_id,ua1_0.last_updt_pnttm,ua1_0.mber_ty_code from nemplyrscrtyestbs ua1_0 where ua1_0.scrty_dtrmn_trget_id=?
2026-03-16 16:52:17 [http-nio-8080-exec-1] INFO  c.c.p.s.i.EgovAuthenticationProvider - >>> Role from DB table (NEMPLYRSCRTYESTBS): ROLE_ADMIN
2026-03-16 16:52:17 [http-nio-8080-exec-1] INFO  c.c.p.s.i.EgovAuthenticationProvider - >>> [SPECIAL] Forcing ROLE_ADMIN for user: webmaster
2026-03-16 16:52:17 [http-nio-8080-exec-1] INFO  c.c.p.s.i.EgovAuthenticationProvider - >>> Final resolved authorCode for user webmaster: ROLE_ADMIN
2026-03-16 16:52:17 [http-nio-8080-exec-1] DEBUG o.s.orm.jpa.JpaTransactionManager - Initiating transaction commit
2026-03-16 16:52:17 [http-nio-8080-exec-1] DEBUG o.s.orm.jpa.JpaTransactionManager - Committing JPA transaction on EntityManager [SessionImpl(1782590227<open>)]
2026-03-16 16:52:17 [http-nio-8080-exec-2] INFO  c.c.p.s.i.EgovAuthenticationProvider - >>> Role from DB table (NEMPLYRSCRTYESTBS): ROLE_USER
2026-03-16 16:52:17 [http-nio-8080-exec-2] INFO  c.c.p.s.i.EgovAuthenticationProvider - >>> Final resolved authorCode for user user_regular: ROLE_USER
2026-03-16 16:52:17 [http-nio-8080-exec-2] DEBUG o.s.orm.jpa.JpaTransactionManager - Initiating transaction commit
2026-03-16 16:52:17 [http-nio-8080-exec-2] DEBUG o.s.orm.jpa.JpaTransactionManager - Committing JPA transaction on EntityManager [SessionImpl(590024095<open>)]
2026-03-16 16:52:17 [http-nio-8080-exec-2] DEBUG o.s.orm.jpa.JpaTransactionManager - Closing JPA EntityManager [SessionImpl(590024095<open>)] after transaction
2026-03-16 16:52:17 [http-nio-8080-exec-1] DEBUG o.s.orm.jpa.JpaTransactionManager - Closing JPA EntityManager [SessionImpl(1782590227<open>)] after transaction
2026-03-16 16:52:17 [http-nio-8080-exec-2] DEBUG o.s.w.s.m.m.a.RequestResponseBodyMethodProcessor - Using 'application/json', given [*/*] and supported [application/json, application/*+json, application/yaml]
2026-03-16 16:52:17 [http-nio-8080-exec-1] DEBUG o.s.w.s.m.m.a.RequestResponseBodyMethodProcessor - Using 'application/json', given [*/*] and supported [application/json, application/*+json, application/yaml]
2026-03-16 16:52:17 [http-nio-8080-exec-1] TRACE o.s.w.s.m.m.a.RequestResponseBodyMethodProcessor - Writing [ApiResponse[success=true, status=200, code=COMMON_001, message=Success, data={role=ROLE_ADMIN, accessToken=eyJhbGciOiJIUzUxMiJ9.eyJzdWIiOiJ3ZWJtYXN0ZXIiLCJyb2xlIjoiUk9MRV9BRE1JTiIsImlhdCI6MTc3MzY0NzUzNywiZXhwIjoxNzczNjUxMTM3fQ.7gYfjvdcsMzXey1X8u_baKIMWDX7iICqCt2uN9OASB4h6pGI2V4FQLR-LlzZF0GDmyWxejgGRa2Th9js7H0DtQ}, timestamp=2026-03-16T16:52:17.229482100]]
2026-03-16 16:52:17 [http-nio-8080-exec-2] TRACE o.s.w.s.m.m.a.RequestResponseBodyMethodProcessor - Writing [ApiResponse[success=true, status=200, code=COMMON_001, message=Success, data={role=ROLE_USER, accessToken=eyJhbGciOiJIUzUxMiJ9.eyJzdWIiOiJ1c2VyX3JlZ3VsYXIiLCJyb2xlIjoiUk9MRV9VU0VSIiwiaWF0IjoxNzczNjQ3NTM3LCJleHAiOjE3NzM2NTExMzd9.KPsjDY3IGXXePlEFcfxgVvNexyLhd4fSul_CDHC1jrN_83OQd1bHArdNL65sKukjk0FMShX7JYgTEifBXYSpuw}, timestamp=2026-03-16T16:52:17.229482100]]
2026-03-16 16:52:17 [http-nio-8080-exec-1] INFO  c.c.p.a.i.OperationalAuditInterceptor - API Audit Log: URL=/api/v1/auth/login, User=ANONYMOUS, IP=127.0.0.1
2026-03-16 16:52:17 [http-nio-8080-exec-2] INFO  c.c.p.a.i.OperationalAuditInterceptor - API Audit Log: URL=/api/v1/auth/login, User=ANONYMOUS, IP=127.0.0.1
2026-03-16 16:52:17 [http-nio-8080-exec-2] DEBUG o.s.web.servlet.DispatcherServlet - Completed 200 OK
2026-03-16 16:52:17 [http-nio-8080-exec-1] DEBUG o.s.web.servlet.DispatcherServlet - Completed 200 OK
2026-03-16 16:52:21 [http-nio-8080-exec-5] DEBUG c.c.p.s.jwt.JwtAuthenticationFilter - >>> [JwtFilter] Processing request: GET /api/v1/menu/head
2026-03-16 16:52:21 [http-nio-8080-exec-5] DEBUG c.c.p.s.jwt.JwtAuthenticationFilter - >>> [JwtFilter] Found token in header for path: /api/v1/menu/head
2026-03-16 16:52:21 [http-nio-8080-exec-7] DEBUG c.c.p.s.jwt.JwtAuthenticationFilter - >>> [JwtFilter] Processing request: GET /api/v1/menu/head
2026-03-16 16:52:21 [http-nio-8080-exec-7] DEBUG c.c.p.s.jwt.JwtAuthenticationFilter - >>> [JwtFilter] Found token in header for path: /api/v1/menu/head
2026-03-16 16:52:21 [http-nio-8080-exec-7] DEBUG o.s.orm.jpa.JpaTransactionManager - Creating new transaction with name [com.company.project.security.iam.CustomUserDetailsService.loadUserByUsername]: PROPAGATION_REQUIRED,ISOLATION_DEFAULT,readOnly
2026-03-16 16:52:21 [http-nio-8080-exec-5] DEBUG o.s.orm.jpa.JpaTransactionManager - Creating new transaction with name [com.company.project.security.iam.CustomUserDetailsService.loadUserByUsername]: PROPAGATION_REQUIRED,ISOLATION_DEFAULT,readOnly
2026-03-16 16:52:21 [http-nio-8080-exec-7] DEBUG o.s.orm.jpa.JpaTransactionManager - Opened new EntityManager [SessionImpl(1474005202<open>)] for JPA transaction
2026-03-16 16:52:21 [http-nio-8080-exec-5] DEBUG o.s.orm.jpa.JpaTransactionManager - Opened new EntityManager [SessionImpl(4072286<open>)] for JPA transaction
2026-03-16 16:52:22 [http-nio-8080-exec-7] DEBUG o.s.orm.jpa.JpaTransactionManager - Exposing JPA transaction as JDBC [org.springframework.orm.jpa.vendor.HibernateJpaDialect$HibernateConnectionHandle@740df2d6]
2026-03-16 16:52:22 [http-nio-8080-exec-7] DEBUG o.s.orm.jpa.JpaTransactionManager - Found thread-bound EntityManager [SessionImpl(1474005202<open>)] for JPA transaction
2026-03-16 16:52:22 [http-nio-8080-exec-7] DEBUG o.s.orm.jpa.JpaTransactionManager - Participating in existing transaction
2026-03-16 16:52:22 [http-nio-8080-exec-7] DEBUG org.hibernate.SQL - select u1_0.emplyr_id,u1_0.area_no,u1_0.brthdy,u1_0.chg_pwd_cnt,u1_0.frst_register_id,u1_0.frst_regist_pnttm,u1_0.detail_adres,u1_0.email_adres,u1_0.emplyr_sttus_code,u1_0.empl_no,u1_0.esntl_id,u1_0.fxnum,u1_0.group_id,u1_0.house_adres,u1_0.house_end_telno,u1_0.house_middle_telno,u1_0.ihidnum,u1_0.pstinst_code,u1_0.last_updusr_id,u1_0.last_updt_pnttm,u1_0.lock_at,u1_0.lock_cnt,u1_0.lock_last_pnttm,u1_0.mbtlnum,u1_0.ofcps_nm,u1_0.offm_telno,u1_0.orgnzt_id,u1_0.password,u1_0.password_cnsr,u1_0.password_hint,u1_0.chg_pwd_last_pnttm,u1_0.role,u1_0.sbscrb_de,u1_0.sexdstn_code,u1_0.crtfc_dn_value,u1_0.user_nm,u1_0.zip from nemplyrinfo u1_0 where u1_0.emplyr_id=?
2026-03-16 16:52:22 [http-nio-8080-exec-5] DEBUG o.s.orm.jpa.JpaTransactionManager - Exposing JPA transaction as JDBC [org.springframework.orm.jpa.vendor.HibernateJpaDialect$HibernateConnectionHandle@7475d73d]
2026-03-16 16:52:22 [http-nio-8080-exec-5] DEBUG o.s.orm.jpa.JpaTransactionManager - Found thread-bound EntityManager [SessionImpl(4072286<open>)] for JPA transaction
2026-03-16 16:52:22 [http-nio-8080-exec-5] DEBUG o.s.orm.jpa.JpaTransactionManager - Participating in existing transaction
2026-03-16 16:52:22 [http-nio-8080-exec-5] DEBUG org.hibernate.SQL - select u1_0.emplyr_id,u1_0.area_no,u1_0.brthdy,u1_0.chg_pwd_cnt,u1_0.frst_register_id,u1_0.frst_regist_pnttm,u1_0.detail_adres,u1_0.email_adres,u1_0.emplyr_sttus_code,u1_0.empl_no,u1_0.esntl_id,u1_0.fxnum,u1_0.group_id,u1_0.house_adres,u1_0.house_end_telno,u1_0.house_middle_telno,u1_0.ihidnum,u1_0.pstinst_code,u1_0.last_updusr_id,u1_0.last_updt_pnttm,u1_0.lock_at,u1_0.lock_cnt,u1_0.lock_last_pnttm,u1_0.mbtlnum,u1_0.ofcps_nm,u1_0.offm_telno,u1_0.orgnzt_id,u1_0.password,u1_0.password_cnsr,u1_0.password_hint,u1_0.chg_pwd_last_pnttm,u1_0.role,u1_0.sbscrb_de,u1_0.sexdstn_code,u1_0.crtfc_dn_value,u1_0.user_nm,u1_0.zip from nemplyrinfo u1_0 where u1_0.emplyr_id=?
2026-03-16 16:52:22 [http-nio-8080-exec-7] DEBUG o.s.orm.jpa.JpaTransactionManager - Found thread-bound EntityManager [SessionImpl(1474005202<open>)] for JPA transaction
2026-03-16 16:52:22 [http-nio-8080-exec-7] DEBUG o.s.orm.jpa.JpaTransactionManager - Participating in existing transaction
2026-03-16 16:52:22 [http-nio-8080-exec-5] DEBUG o.s.orm.jpa.JpaTransactionManager - Found thread-bound EntityManager [SessionImpl(4072286<open>)] for JPA transaction
2026-03-16 16:52:22 [http-nio-8080-exec-5] DEBUG o.s.orm.jpa.JpaTransactionManager - Participating in existing transaction
2026-03-16 16:52:22 [http-nio-8080-exec-7] DEBUG org.hibernate.SQL - select ua1_0.scrty_dtrmn_trget_id,ua1_0.author_code,ua1_0.frst_register_id,ua1_0.frst_regist_pnttm,ua1_0.last_updusr_id,ua1_0.last_updt_pnttm,ua1_0.mber_ty_code from nemplyrscrtyestbs ua1_0 where ua1_0.scrty_dtrmn_trget_id=?
2026-03-16 16:52:22 [http-nio-8080-exec-5] DEBUG org.hibernate.SQL - select ua1_0.scrty_dtrmn_trget_id,ua1_0.author_code,ua1_0.frst_register_id,ua1_0.frst_regist_pnttm,ua1_0.last_updusr_id,ua1_0.last_updt_pnttm,ua1_0.mber_ty_code from nemplyrscrtyestbs ua1_0 where ua1_0.scrty_dtrmn_trget_id=?
2026-03-16 16:52:22 [http-nio-8080-exec-5] DEBUG o.s.orm.jpa.JpaTransactionManager - Initiating transaction commit
2026-03-16 16:52:22 [http-nio-8080-exec-7] DEBUG o.s.orm.jpa.JpaTransactionManager - Initiating transaction commit
2026-03-16 16:52:22 [http-nio-8080-exec-5] DEBUG o.s.orm.jpa.JpaTransactionManager - Committing JPA transaction on EntityManager [SessionImpl(4072286<open>)]
2026-03-16 16:52:22 [http-nio-8080-exec-7] DEBUG o.s.orm.jpa.JpaTransactionManager - Committing JPA transaction on EntityManager [SessionImpl(1474005202<open>)]
2026-03-16 16:52:22 [http-nio-8080-exec-7] DEBUG o.s.orm.jpa.JpaTransactionManager - Closing JPA EntityManager [SessionImpl(1474005202<open>)] after transaction
2026-03-16 16:52:22 [http-nio-8080-exec-5] DEBUG o.s.orm.jpa.JpaTransactionManager - Closing JPA EntityManager [SessionImpl(4072286<open>)] after transaction
2026-03-16 16:52:22 [http-nio-8080-exec-7] DEBUG c.c.p.s.jwt.JwtAuthenticationFilter - >>> [JwtFilter] Successfully authenticated user: USRCNFRM_00000000002, Authorities: [ROLE_USER]
2026-03-16 16:52:22 [http-nio-8080-exec-5] DEBUG c.c.p.s.jwt.JwtAuthenticationFilter - >>> [JwtFilter] Successfully authenticated user: USRCNFRM_00000000002, Authorities: [ROLE_USER]
2026-03-16 16:52:22 [http-nio-8080-exec-7] DEBUG o.s.web.servlet.DispatcherServlet - GET "/api/v1/menu/head", parameters={}
2026-03-16 16:52:22 [http-nio-8080-exec-5] DEBUG o.s.web.servlet.DispatcherServlet - GET "/api/v1/menu/head", parameters={}
2026-03-16 16:52:22 [http-nio-8080-exec-7] TRACE o.s.w.s.m.m.a.RequestMappingHandlerMapping - Mapped to com.company.project.api.controller.menu.MenuController#getHeadMenu()
2026-03-16 16:52:22 [http-nio-8080-exec-5] TRACE o.s.w.s.m.m.a.RequestMappingHandlerMapping - Mapped to com.company.project.api.controller.menu.MenuController#getHeadMenu()
2026-03-16 16:52:22 [http-nio-8080-exec-5] INFO  c.c.p.a.c.menu.MenuController - getHeadMenu called
2026-03-16 16:52:22 [http-nio-8080-exec-7] INFO  c.c.p.a.c.menu.MenuController - getHeadMenu called
2026-03-16 16:52:22 [http-nio-8080-exec-5] DEBUG o.s.orm.jpa.JpaTransactionManager - Creating new transaction with name [com.company.project.service.menu.MenuService.getMenuHierarchy]: PROPAGATION_REQUIRED,ISOLATION_DEFAULT,readOnly
2026-03-16 16:52:22 [http-nio-8080-exec-7] DEBUG o.s.orm.jpa.JpaTransactionManager - Creating new transaction with name [com.company.project.service.menu.MenuService.getMenuHierarchy]: PROPAGATION_REQUIRED,ISOLATION_DEFAULT,readOnly
2026-03-16 16:52:22 [http-nio-8080-exec-5] DEBUG o.s.orm.jpa.JpaTransactionManager - Opened new EntityManager [SessionImpl(696153366<open>)] for JPA transaction
2026-03-16 16:52:22 [http-nio-8080-exec-7] DEBUG o.s.orm.jpa.JpaTransactionManager - Opened new EntityManager [SessionImpl(520015320<open>)] for JPA transaction
2026-03-16 16:52:22 [http-nio-8080-exec-5] DEBUG o.s.orm.jpa.JpaTransactionManager - Exposing JPA transaction as JDBC [org.springframework.orm.jpa.vendor.HibernateJpaDialect$HibernateConnectionHandle@17c348d9]
2026-03-16 16:52:22 [http-nio-8080-exec-5] DEBUG c.c.project.service.menu.MenuService - getMenuHierarchy started (Cache Miss)
2026-03-16 16:52:22 [http-nio-8080-exec-7] DEBUG o.s.orm.jpa.JpaTransactionManager - Exposing JPA transaction as JDBC [org.springframework.orm.jpa.vendor.HibernateJpaDialect$HibernateConnectionHandle@3bacb2b6]
2026-03-16 16:52:22 [http-nio-8080-exec-7] DEBUG c.c.project.service.menu.MenuService - getMenuHierarchy started (Cache Miss)
2026-03-16 16:52:22 [http-nio-8080-exec-5] DEBUG org.hibernate.SQL - select m1_0.menu_no,m1_0.menu_dc,m1_0.menu_nm,m1_0.menu_ordr,m1_0.modern_route,m1_0.progrm_file_nm,m1_0.relate_image_nm,m1_0.relate_image_path,m1_0.route_updated_at,m1_0.upper_menu_no from nmenuinfo m1_0 order by m1_0.upper_menu_no,m1_0.menu_ordr
2026-03-16 16:52:22 [http-nio-8080-exec-7] DEBUG org.hibernate.SQL - select m1_0.menu_no,m1_0.menu_dc,m1_0.menu_nm,m1_0.menu_ordr,m1_0.modern_route,m1_0.progrm_file_nm,m1_0.relate_image_nm,m1_0.relate_image_path,m1_0.route_updated_at,m1_0.upper_menu_no from nmenuinfo m1_0 order by m1_0.upper_menu_no,m1_0.menu_ordr
2026-03-16 16:52:23 [http-nio-8080-exec-5] DEBUG o.s.orm.jpa.JpaTransactionManager - Found thread-bound EntityManager [SessionImpl(696153366<open>)] for JPA transaction
2026-03-16 16:52:23 [http-nio-8080-exec-5] DEBUG o.s.orm.jpa.JpaTransactionManager - Participating in existing transaction
2026-03-16 16:52:23 [http-nio-8080-exec-5] DEBUG org.hibernate.SQL - select ma1_0.author_code,ma1_0.menu_no,ma1_0.frst_register_id,ma1_0.frst_regist_pnttm,ma1_0.last_updusr_id,ma1_0.last_updt_pnttm,ma1_0.mapng_creat_id from nmenucreatdtls ma1_0
2026-03-16 16:52:23 [http-nio-8080-exec-5] DEBUG o.s.orm.jpa.JpaTransactionManager - Found thread-bound EntityManager [SessionImpl(696153366<open>)] for JPA transaction
2026-03-16 16:52:23 [http-nio-8080-exec-5] DEBUG o.s.orm.jpa.JpaTransactionManager - Participating in existing transaction
2026-03-16 16:52:23 [http-nio-8080-exec-5] DEBUG org.hibernate.SQL - select p1_0.progrm_file_nm,p1_0.progrm_dc,p1_0.progrm_korean_nm,p1_0.progrm_stre_path,p1_0.url from nprogrmlist p1_0
2026-03-16 16:52:23 [http-nio-8080-exec-7] DEBUG o.s.orm.jpa.JpaTransactionManager - Found thread-bound EntityManager [SessionImpl(520015320<open>)] for JPA transaction
2026-03-16 16:52:23 [http-nio-8080-exec-7] DEBUG o.s.orm.jpa.JpaTransactionManager - Participating in existing transaction
2026-03-16 16:52:23 [http-nio-8080-exec-7] DEBUG org.hibernate.SQL - select ma1_0.author_code,ma1_0.menu_no,ma1_0.frst_register_id,ma1_0.frst_regist_pnttm,ma1_0.last_updusr_id,ma1_0.last_updt_pnttm,ma1_0.mapng_creat_id from nmenucreatdtls ma1_0
2026-03-16 16:52:23 [http-nio-8080-exec-5] DEBUG o.s.orm.jpa.JpaTransactionManager - Initiating transaction commit
2026-03-16 16:52:23 [http-nio-8080-exec-5] DEBUG o.s.orm.jpa.JpaTransactionManager - Committing JPA transaction on EntityManager [SessionImpl(696153366<open>)]
2026-03-16 16:52:23 [http-nio-8080-exec-5] DEBUG o.s.orm.jpa.JpaTransactionManager - Closing JPA EntityManager [SessionImpl(696153366<open>)] after transaction
2026-03-16 16:52:23 [http-nio-8080-exec-5] INFO  c.c.p.a.c.menu.MenuController - getHeadMenu returned 5 items
2026-03-16 16:52:23 [http-nio-8080-exec-5] DEBUG o.s.w.s.m.m.a.HttpEntityMethodProcessor - Using 'application/json', given [application/json, text/plain, */*] and supported [application/json, application/*+json, application/yaml]
2026-03-16 16:52:23 [http-nio-8080-exec-5] TRACE o.s.w.s.m.m.a.HttpEntityMethodProcessor - Writing [ApiResponse[success=true, status=200, code=COMMON_001, message=Success, data={list=[com.company.project.service.menu.dto.MenuDto@48284889, com.company.project.service.menu.dto.MenuDto@6aee47f1, com.company.project.service.menu.dto.MenuDto@77ec0fb, com.company.project.service.menu.dto.MenuDto@50247146, com.company.project.service.menu.dto.MenuDto@5ac217cb]}, timestamp=2026-03-16T16:52:23.611069800]]
2026-03-16 16:52:23 [http-nio-8080-exec-5] INFO  c.c.p.a.i.OperationalAuditInterceptor - API Audit Log: URL=/api/v1/menu/head, User=user_regular, IP=0:0:0:0:0:0:0:1
2026-03-16 16:52:23 [http-nio-8080-exec-5] DEBUG o.s.web.servlet.DispatcherServlet - Completed 200 OK
2026-03-16 16:52:23 [http-nio-8080-exec-6] DEBUG c.c.p.s.jwt.JwtAuthenticationFilter - >>> [JwtFilter] Processing request: GET /api/v1/menu/left
2026-03-16 16:52:23 [http-nio-8080-exec-6] DEBUG c.c.p.s.jwt.JwtAuthenticationFilter - >>> [JwtFilter] Found token in header for path: /api/v1/menu/left
2026-03-16 16:52:23 [http-nio-8080-exec-6] DEBUG o.s.orm.jpa.JpaTransactionManager - Creating new transaction with name [com.company.project.security.iam.CustomUserDetailsService.loadUserByUsername]: PROPAGATION_REQUIRED,ISOLATION_DEFAULT,readOnly
2026-03-16 16:52:23 [http-nio-8080-exec-8] DEBUG c.c.p.s.jwt.JwtAuthenticationFilter - >>> [JwtFilter] Processing request: GET /api/v1/menu/left
2026-03-16 16:52:23 [http-nio-8080-exec-6] DEBUG o.s.orm.jpa.JpaTransactionManager - Opened new EntityManager [SessionImpl(582092628<open>)] for JPA transaction
2026-03-16 16:52:23 [http-nio-8080-exec-9] DEBUG c.c.p.s.jwt.JwtAuthenticationFilter - >>> [JwtFilter] Processing request: GET /api/v1/menu/left
2026-03-16 16:52:23 [http-nio-8080-exec-8] DEBUG c.c.p.s.jwt.JwtAuthenticationFilter - >>> [JwtFilter] Found token in header for path: /api/v1/menu/left
2026-03-16 16:52:23 [http-nio-8080-exec-1] DEBUG c.c.p.s.jwt.JwtAuthenticationFilter - >>> [JwtFilter] Processing request: GET /api/v1/menu/left
2026-03-16 16:52:23 [http-nio-8080-exec-9] DEBUG c.c.p.s.jwt.JwtAuthenticationFilter - >>> [JwtFilter] Found token in header for path: /api/v1/menu/left
2026-03-16 16:52:23 [http-nio-8080-exec-6] DEBUG o.s.orm.jpa.JpaTransactionManager - Exposing JPA transaction as JDBC [org.springframework.orm.jpa.vendor.HibernateJpaDialect$HibernateConnectionHandle@5f934ad4]
2026-03-16 16:52:23 [http-nio-8080-exec-10] DEBUG c.c.p.s.jwt.JwtAuthenticationFilter - >>> [JwtFilter] Processing request: GET /api/v1/menu/left
2026-03-16 16:52:23 [http-nio-8080-exec-10] DEBUG c.c.p.s.jwt.JwtAuthenticationFilter - >>> [JwtFilter] Found token in header for path: /api/v1/menu/left
2026-03-16 16:52:23 [http-nio-8080-exec-6] DEBUG o.s.orm.jpa.JpaTransactionManager - Found thread-bound EntityManager [SessionImpl(582092628<open>)] for JPA transaction
2026-03-16 16:52:23 [http-nio-8080-exec-6] DEBUG o.s.orm.jpa.JpaTransactionManager - Participating in existing transaction
2026-03-16 16:52:23 [http-nio-8080-exec-1] DEBUG c.c.p.s.jwt.JwtAuthenticationFilter - >>> [JwtFilter] Found token in header for path: /api/v1/menu/left
2026-03-16 16:52:23 [http-nio-8080-exec-10] DEBUG o.s.orm.jpa.JpaTransactionManager - Creating new transaction with name [com.company.project.security.iam.CustomUserDetailsService.loadUserByUsername]: PROPAGATION_REQUIRED,ISOLATION_DEFAULT,readOnly
2026-03-16 16:52:23 [http-nio-8080-exec-1] DEBUG o.s.orm.jpa.JpaTransactionManager - Creating new transaction with name [com.company.project.security.iam.CustomUserDetailsService.loadUserByUsername]: PROPAGATION_REQUIRED,ISOLATION_DEFAULT,readOnly
2026-03-16 16:52:23 [http-nio-8080-exec-10] DEBUG o.s.orm.jpa.JpaTransactionManager - Opened new EntityManager [SessionImpl(564110237<open>)] for JPA transaction
2026-03-16 16:52:23 [http-nio-8080-exec-1] DEBUG o.s.orm.jpa.JpaTransactionManager - Opened new EntityManager [SessionImpl(161217625<open>)] for JPA transaction
2026-03-16 16:52:23 [http-nio-8080-exec-6] DEBUG org.hibernate.SQL - select u1_0.emplyr_id,u1_0.area_no,u1_0.brthdy,u1_0.chg_pwd_cnt,u1_0.frst_register_id,u1_0.frst_regist_pnttm,u1_0.detail_adres,u1_0.email_adres,u1_0.emplyr_sttus_code,u1_0.empl_no,u1_0.esntl_id,u1_0.fxnum,u1_0.group_id,u1_0.house_adres,u1_0.house_end_telno,u1_0.house_middle_telno,u1_0.ihidnum,u1_0.pstinst_code,u1_0.last_updusr_id,u1_0.last_updt_pnttm,u1_0.lock_at,u1_0.lock_cnt,u1_0.lock_last_pnttm,u1_0.mbtlnum,u1_0.ofcps_nm,u1_0.offm_telno,u1_0.orgnzt_id,u1_0.password,u1_0.password_cnsr,u1_0.password_hint,u1_0.chg_pwd_last_pnttm,u1_0.role,u1_0.sbscrb_de,u1_0.sexdstn_code,u1_0.crtfc_dn_value,u1_0.user_nm,u1_0.zip from nemplyrinfo u1_0 where u1_0.emplyr_id=?
2026-03-16 16:52:23 [http-nio-8080-exec-8] DEBUG o.s.orm.jpa.JpaTransactionManager - Creating new transaction with name [com.company.project.security.iam.CustomUserDetailsService.loadUserByUsername]: PROPAGATION_REQUIRED,ISOLATION_DEFAULT,readOnly
2026-03-16 16:52:23 [http-nio-8080-exec-8] DEBUG o.s.orm.jpa.JpaTransactionManager - Opened new EntityManager [SessionImpl(1967588639<open>)] for JPA transaction
2026-03-16 16:52:23 [http-nio-8080-exec-9] DEBUG o.s.orm.jpa.JpaTransactionManager - Creating new transaction with name [com.company.project.security.iam.CustomUserDetailsService.loadUserByUsername]: PROPAGATION_REQUIRED,ISOLATION_DEFAULT,readOnly
2026-03-16 16:52:23 [http-nio-8080-exec-9] DEBUG o.s.orm.jpa.JpaTransactionManager - Opened new EntityManager [SessionImpl(1941851903<open>)] for JPA transaction
2026-03-16 16:52:23 [http-nio-8080-exec-7] DEBUG o.s.orm.jpa.JpaTransactionManager - Found thread-bound EntityManager [SessionImpl(520015320<open>)] for JPA transaction
2026-03-16 16:52:23 [http-nio-8080-exec-7] DEBUG o.s.orm.jpa.JpaTransactionManager - Participating in existing transaction
2026-03-16 16:52:23 [http-nio-8080-exec-7] DEBUG org.hibernate.SQL - select p1_0.progrm_file_nm,p1_0.progrm_dc,p1_0.progrm_korean_nm,p1_0.progrm_stre_path,p1_0.url from nprogrmlist p1_0
2026-03-16 16:52:23 [http-nio-8080-exec-1] DEBUG o.s.orm.jpa.JpaTransactionManager - Exposing JPA transaction as JDBC [org.springframework.orm.jpa.vendor.HibernateJpaDialect$HibernateConnectionHandle@1e23281a]
2026-03-16 16:52:23 [http-nio-8080-exec-9] DEBUG o.s.orm.jpa.JpaTransactionManager - Exposing JPA transaction as JDBC [org.springframework.orm.jpa.vendor.HibernateJpaDialect$HibernateConnectionHandle@1569f208]
2026-03-16 16:52:23 [http-nio-8080-exec-1] DEBUG o.s.orm.jpa.JpaTransactionManager - Found thread-bound EntityManager [SessionImpl(161217625<open>)] for JPA transaction
2026-03-16 16:52:23 [http-nio-8080-exec-1] DEBUG o.s.orm.jpa.JpaTransactionManager - Participating in existing transaction
2026-03-16 16:52:23 [http-nio-8080-exec-9] DEBUG o.s.orm.jpa.JpaTransactionManager - Found thread-bound EntityManager [SessionImpl(1941851903<open>)] for JPA transaction
2026-03-16 16:52:23 [http-nio-8080-exec-9] DEBUG o.s.orm.jpa.JpaTransactionManager - Participating in existing transaction
2026-03-16 16:52:23 [http-nio-8080-exec-10] DEBUG o.s.orm.jpa.JpaTransactionManager - Exposing JPA transaction as JDBC [org.springframework.orm.jpa.vendor.HibernateJpaDialect$HibernateConnectionHandle@4773823f]
2026-03-16 16:52:23 [http-nio-8080-exec-1] DEBUG org.hibernate.SQL - select u1_0.emplyr_id,u1_0.area_no,u1_0.brthdy,u1_0.chg_pwd_cnt,u1_0.frst_register_id,u1_0.frst_regist_pnttm,u1_0.detail_adres,u1_0.email_adres,u1_0.emplyr_sttus_code,u1_0.empl_no,u1_0.esntl_id,u1_0.fxnum,u1_0.group_id,u1_0.house_adres,u1_0.house_end_telno,u1_0.house_middle_telno,u1_0.ihidnum,u1_0.pstinst_code,u1_0.last_updusr_id,u1_0.last_updt_pnttm,u1_0.lock_at,u1_0.lock_cnt,u1_0.lock_last_pnttm,u1_0.mbtlnum,u1_0.ofcps_nm,u1_0.offm_telno,u1_0.orgnzt_id,u1_0.password,u1_0.password_cnsr,u1_0.password_hint,u1_0.chg_pwd_last_pnttm,u1_0.role,u1_0.sbscrb_de,u1_0.sexdstn_code,u1_0.crtfc_dn_value,u1_0.user_nm,u1_0.zip from nemplyrinfo u1_0 where u1_0.emplyr_id=?
2026-03-16 16:52:23 [http-nio-8080-exec-9] DEBUG org.hibernate.SQL - select u1_0.emplyr_id,u1_0.area_no,u1_0.brthdy,u1_0.chg_pwd_cnt,u1_0.frst_register_id,u1_0.frst_regist_pnttm,u1_0.detail_adres,u1_0.email_adres,u1_0.emplyr_sttus_code,u1_0.empl_no,u1_0.esntl_id,u1_0.fxnum,u1_0.group_id,u1_0.house_adres,u1_0.house_end_telno,u1_0.house_middle_telno,u1_0.ihidnum,u1_0.pstinst_code,u1_0.last_updusr_id,u1_0.last_updt_pnttm,u1_0.lock_at,u1_0.lock_cnt,u1_0.lock_last_pnttm,u1_0.mbtlnum,u1_0.ofcps_nm,u1_0.offm_telno,u1_0.orgnzt_id,u1_0.password,u1_0.password_cnsr,u1_0.password_hint,u1_0.chg_pwd_last_pnttm,u1_0.role,u1_0.sbscrb_de,u1_0.sexdstn_code,u1_0.crtfc_dn_value,u1_0.user_nm,u1_0.zip from nemplyrinfo u1_0 where u1_0.emplyr_id=?
2026-03-16 16:52:23 [http-nio-8080-exec-10] DEBUG o.s.orm.jpa.JpaTransactionManager - Found thread-bound EntityManager [SessionImpl(564110237<open>)] for JPA transaction
2026-03-16 16:52:23 [http-nio-8080-exec-10] DEBUG o.s.orm.jpa.JpaTransactionManager - Participating in existing transaction
2026-03-16 16:52:23 [http-nio-8080-exec-8] DEBUG o.s.orm.jpa.JpaTransactionManager - Exposing JPA transaction as JDBC [org.springframework.orm.jpa.vendor.HibernateJpaDialect$HibernateConnectionHandle@4a99f5b2]
2026-03-16 16:52:23 [http-nio-8080-exec-8] DEBUG o.s.orm.jpa.JpaTransactionManager - Found thread-bound EntityManager [SessionImpl(1967588639<open>)] for JPA transaction
2026-03-16 16:52:23 [http-nio-8080-exec-8] DEBUG o.s.orm.jpa.JpaTransactionManager - Participating in existing transaction
2026-03-16 16:52:23 [http-nio-8080-exec-10] DEBUG org.hibernate.SQL - select u1_0.emplyr_id,u1_0.area_no,u1_0.brthdy,u1_0.chg_pwd_cnt,u1_0.frst_register_id,u1_0.frst_regist_pnttm,u1_0.detail_adres,u1_0.email_adres,u1_0.emplyr_sttus_code,u1_0.empl_no,u1_0.esntl_id,u1_0.fxnum,u1_0.group_id,u1_0.house_adres,u1_0.house_end_telno,u1_0.house_middle_telno,u1_0.ihidnum,u1_0.pstinst_code,u1_0.last_updusr_id,u1_0.last_updt_pnttm,u1_0.lock_at,u1_0.lock_cnt,u1_0.lock_last_pnttm,u1_0.mbtlnum,u1_0.ofcps_nm,u1_0.offm_telno,u1_0.orgnzt_id,u1_0.password,u1_0.password_cnsr,u1_0.password_hint,u1_0.chg_pwd_last_pnttm,u1_0.role,u1_0.sbscrb_de,u1_0.sexdstn_code,u1_0.crtfc_dn_value,u1_0.user_nm,u1_0.zip from nemplyrinfo u1_0 where u1_0.emplyr_id=?
2026-03-16 16:52:23 [http-nio-8080-exec-8] DEBUG org.hibernate.SQL - select u1_0.emplyr_id,u1_0.area_no,u1_0.brthdy,u1_0.chg_pwd_cnt,u1_0.frst_register_id,u1_0.frst_regist_pnttm,u1_0.detail_adres,u1_0.email_adres,u1_0.emplyr_sttus_code,u1_0.empl_no,u1_0.esntl_id,u1_0.fxnum,u1_0.group_id,u1_0.house_adres,u1_0.house_end_telno,u1_0.house_middle_telno,u1_0.ihidnum,u1_0.pstinst_code,u1_0.last_updusr_id,u1_0.last_updt_pnttm,u1_0.lock_at,u1_0.lock_cnt,u1_0.lock_last_pnttm,u1_0.mbtlnum,u1_0.ofcps_nm,u1_0.offm_telno,u1_0.orgnzt_id,u1_0.password,u1_0.password_cnsr,u1_0.password_hint,u1_0.chg_pwd_last_pnttm,u1_0.role,u1_0.sbscrb_de,u1_0.sexdstn_code,u1_0.crtfc_dn_value,u1_0.user_nm,u1_0.zip from nemplyrinfo u1_0 where u1_0.emplyr_id=?
2026-03-16 16:52:23 [http-nio-8080-exec-6] DEBUG o.s.orm.jpa.JpaTransactionManager - Found thread-bound EntityManager [SessionImpl(582092628<open>)] for JPA transaction
2026-03-16 16:52:23 [http-nio-8080-exec-6] DEBUG o.s.orm.jpa.JpaTransactionManager - Participating in existing transaction
2026-03-16 16:52:23 [http-nio-8080-exec-6] DEBUG org.hibernate.SQL - select ua1_0.scrty_dtrmn_trget_id,ua1_0.author_code,ua1_0.frst_register_id,ua1_0.frst_regist_pnttm,ua1_0.last_updusr_id,ua1_0.last_updt_pnttm,ua1_0.mber_ty_code from nemplyrscrtyestbs ua1_0 where ua1_0.scrty_dtrmn_trget_id=?
2026-03-16 16:52:23 [http-nio-8080-exec-7] DEBUG o.s.orm.jpa.JpaTransactionManager - Initiating transaction commit
2026-03-16 16:52:23 [http-nio-8080-exec-7] DEBUG o.s.orm.jpa.JpaTransactionManager - Committing JPA transaction on EntityManager [SessionImpl(520015320<open>)]
2026-03-16 16:52:23 [http-nio-8080-exec-9] DEBUG o.s.orm.jpa.JpaTransactionManager - Found thread-bound EntityManager [SessionImpl(1941851903<open>)] for JPA transaction
2026-03-16 16:52:23 [http-nio-8080-exec-1] DEBUG o.s.orm.jpa.JpaTransactionManager - Found thread-bound EntityManager [SessionImpl(161217625<open>)] for JPA transaction
2026-03-16 16:52:23 [http-nio-8080-exec-9] DEBUG o.s.orm.jpa.JpaTransactionManager - Participating in existing transaction
2026-03-16 16:52:23 [http-nio-8080-exec-1] DEBUG o.s.orm.jpa.JpaTransactionManager - Participating in existing transaction
2026-03-16 16:52:23 [http-nio-8080-exec-9] DEBUG org.hibernate.SQL - select ua1_0.scrty_dtrmn_trget_id,ua1_0.author_code,ua1_0.frst_register_id,ua1_0.frst_regist_pnttm,ua1_0.last_updusr_id,ua1_0.last_updt_pnttm,ua1_0.mber_ty_code from nemplyrscrtyestbs ua1_0 where ua1_0.scrty_dtrmn_trget_id=?
2026-03-16 16:52:23 [http-nio-8080-exec-1] DEBUG org.hibernate.SQL - select ua1_0.scrty_dtrmn_trget_id,ua1_0.author_code,ua1_0.frst_register_id,ua1_0.frst_regist_pnttm,ua1_0.last_updusr_id,ua1_0.last_updt_pnttm,ua1_0.mber_ty_code from nemplyrscrtyestbs ua1_0 where ua1_0.scrty_dtrmn_trget_id=?
2026-03-16 16:52:23 [http-nio-8080-exec-10] DEBUG o.s.orm.jpa.JpaTransactionManager - Found thread-bound EntityManager [SessionImpl(564110237<open>)] for JPA transaction
2026-03-16 16:52:23 [http-nio-8080-exec-10] DEBUG o.s.orm.jpa.JpaTransactionManager - Participating in existing transaction
2026-03-16 16:52:23 [http-nio-8080-exec-10] DEBUG org.hibernate.SQL - select ua1_0.scrty_dtrmn_trget_id,ua1_0.author_code,ua1_0.frst_register_id,ua1_0.frst_regist_pnttm,ua1_0.last_updusr_id,ua1_0.last_updt_pnttm,ua1_0.mber_ty_code from nemplyrscrtyestbs ua1_0 where ua1_0.scrty_dtrmn_trget_id=?
2026-03-16 16:52:23 [http-nio-8080-exec-8] DEBUG o.s.orm.jpa.JpaTransactionManager - Found thread-bound EntityManager [SessionImpl(1967588639<open>)] for JPA transaction
2026-03-16 16:52:23 [http-nio-8080-exec-8] DEBUG o.s.orm.jpa.JpaTransactionManager - Participating in existing transaction
2026-03-16 16:52:23 [http-nio-8080-exec-8] DEBUG org.hibernate.SQL - select ua1_0.scrty_dtrmn_trget_id,ua1_0.author_code,ua1_0.frst_register_id,ua1_0.frst_regist_pnttm,ua1_0.last_updusr_id,ua1_0.last_updt_pnttm,ua1_0.mber_ty_code from nemplyrscrtyestbs ua1_0 where ua1_0.scrty_dtrmn_trget_id=?
2026-03-16 16:52:24 [http-nio-8080-exec-6] DEBUG o.s.orm.jpa.JpaTransactionManager - Initiating transaction commit
2026-03-16 16:52:24 [http-nio-8080-exec-6] DEBUG o.s.orm.jpa.JpaTransactionManager - Committing JPA transaction on EntityManager [SessionImpl(582092628<open>)]
2026-03-16 16:52:24 [http-nio-8080-exec-7] DEBUG o.s.orm.jpa.JpaTransactionManager - Closing JPA EntityManager [SessionImpl(520015320<open>)] after transaction
2026-03-16 16:52:24 [http-nio-8080-exec-7] INFO  c.c.p.a.c.menu.MenuController - getHeadMenu returned 5 items
2026-03-16 16:52:24 [http-nio-8080-exec-7] DEBUG o.s.w.s.m.m.a.HttpEntityMethodProcessor - Using 'application/json', given [application/json, text/plain, */*] and supported [application/json, application/*+json, application/yaml]
2026-03-16 16:52:24 [http-nio-8080-exec-7] TRACE o.s.w.s.m.m.a.HttpEntityMethodProcessor - Writing [ApiResponse[success=true, status=200, code=COMMON_001, message=Success, data={list=[com.company.project.service.menu.dto.MenuDto@4839fef0, com.company.project.service.menu.dto.MenuDto@1c69c1c2, com.company.project.service.menu.dto.MenuDto@6f5d2c3d, com.company.project.service.menu.dto.MenuDto@6314b47d, com.company.project.service.menu.dto.MenuDto@645d0891]}, timestamp=2026-03-16T16:52:24.078276800]]
2026-03-16 16:52:24 [http-nio-8080-exec-7] INFO  c.c.p.a.i.OperationalAuditInterceptor - API Audit Log: URL=/api/v1/menu/head, User=user_regular, IP=0:0:0:0:0:0:0:1
2026-03-16 16:52:24 [http-nio-8080-exec-7] DEBUG o.s.web.servlet.DispatcherServlet - Completed 200 OK
2026-03-16 16:52:24 [http-nio-8080-exec-2] DEBUG c.c.p.s.jwt.JwtAuthenticationFilter - >>> [JwtFilter] Processing request: GET /api/v1/menu/left
2026-03-16 16:52:24 [http-nio-8080-exec-2] DEBUG c.c.p.s.jwt.JwtAuthenticationFilter - >>> [JwtFilter] Found token in header for path: /api/v1/menu/left
2026-03-16 16:52:24 [http-nio-8080-exec-4] DEBUG c.c.p.s.jwt.JwtAuthenticationFilter - >>> [JwtFilter] Processing request: GET /api/v1/menu/left
2026-03-16 16:52:24 [http-nio-8080-exec-5] DEBUG c.c.p.s.jwt.JwtAuthenticationFilter - >>> [JwtFilter] Processing request: GET /api/v1/menu/left
2026-03-16 16:52:24 [http-nio-8080-exec-7] DEBUG c.c.p.s.jwt.JwtAuthenticationFilter - >>> [JwtFilter] Processing request: GET /api/v1/menu/left
2026-03-16 16:52:24 [http-nio-8080-exec-4] DEBUG c.c.p.s.jwt.JwtAuthenticationFilter - >>> [JwtFilter] Found token in header for path: /api/v1/menu/left
2026-03-16 16:52:24 [http-nio-8080-exec-5] DEBUG c.c.p.s.jwt.JwtAuthenticationFilter - >>> [JwtFilter] Found token in header for path: /api/v1/menu/left
2026-03-16 16:52:24 [http-nio-8080-exec-7] DEBUG c.c.p.s.jwt.JwtAuthenticationFilter - >>> [JwtFilter] Found token in header for path: /api/v1/menu/left
2026-03-16 16:52:24 [http-nio-8080-exec-3] DEBUG c.c.p.s.jwt.JwtAuthenticationFilter - >>> [JwtFilter] Processing request: GET /api/v1/menu/left
2026-03-16 16:52:24 [http-nio-8080-exec-3] DEBUG c.c.p.s.jwt.JwtAuthenticationFilter - >>> [JwtFilter] Found token in header for path: /api/v1/menu/left
2026-03-16 16:52:24 [http-nio-8080-exec-2] DEBUG o.s.orm.jpa.JpaTransactionManager - Creating new transaction with name [com.company.project.security.iam.CustomUserDetailsService.loadUserByUsername]: PROPAGATION_REQUIRED,ISOLATION_DEFAULT,readOnly
2026-03-16 16:52:24 [http-nio-8080-exec-4] DEBUG o.s.orm.jpa.JpaTransactionManager - Creating new transaction with name [com.company.project.security.iam.CustomUserDetailsService.loadUserByUsername]: PROPAGATION_REQUIRED,ISOLATION_DEFAULT,readOnly
2026-03-16 16:52:24 [http-nio-8080-exec-7] DEBUG o.s.orm.jpa.JpaTransactionManager - Creating new transaction with name [com.company.project.security.iam.CustomUserDetailsService.loadUserByUsername]: PROPAGATION_REQUIRED,ISOLATION_DEFAULT,readOnly
2026-03-16 16:52:24 [http-nio-8080-exec-2] DEBUG o.s.orm.jpa.JpaTransactionManager - Opened new EntityManager [SessionImpl(82396890<open>)] for JPA transaction
2026-03-16 16:52:24 [http-nio-8080-exec-7] DEBUG o.s.orm.jpa.JpaTransactionManager - Opened new EntityManager [SessionImpl(912826889<open>)] for JPA transaction
2026-03-16 16:52:24 [http-nio-8080-exec-4] DEBUG o.s.orm.jpa.JpaTransactionManager - Opened new EntityManager [SessionImpl(355653569<open>)] for JPA transaction
2026-03-16 16:52:24 [http-nio-8080-exec-7] DEBUG o.s.orm.jpa.JpaTransactionManager - Exposing JPA transaction as JDBC [org.springframework.orm.jpa.vendor.HibernateJpaDialect$HibernateConnectionHandle@30524c3d]
2026-03-16 16:52:24 [http-nio-8080-exec-7] DEBUG o.s.orm.jpa.JpaTransactionManager - Found thread-bound EntityManager [SessionImpl(912826889<open>)] for JPA transaction
2026-03-16 16:52:24 [http-nio-8080-exec-7] DEBUG o.s.orm.jpa.JpaTransactionManager - Participating in existing transaction
2026-03-16 16:52:24 [http-nio-8080-exec-3] DEBUG o.s.orm.jpa.JpaTransactionManager - Creating new transaction with name [com.company.project.security.iam.CustomUserDetailsService.loadUserByUsername]: PROPAGATION_REQUIRED,ISOLATION_DEFAULT,readOnly
2026-03-16 16:52:24 [http-nio-8080-exec-3] DEBUG o.s.orm.jpa.JpaTransactionManager - Opened new EntityManager [SessionImpl(1708045941<open>)] for JPA transaction
2026-03-16 16:52:24 [http-nio-8080-exec-5] DEBUG o.s.orm.jpa.JpaTransactionManager - Creating new transaction with name [com.company.project.security.iam.CustomUserDetailsService.loadUserByUsername]: PROPAGATION_REQUIRED,ISOLATION_DEFAULT,readOnly
2026-03-16 16:52:24 [http-nio-8080-exec-7] DEBUG org.hibernate.SQL - select u1_0.emplyr_id,u1_0.area_no,u1_0.brthdy,u1_0.chg_pwd_cnt,u1_0.frst_register_id,u1_0.frst_regist_pnttm,u1_0.detail_adres,u1_0.email_adres,u1_0.emplyr_sttus_code,u1_0.empl_no,u1_0.esntl_id,u1_0.fxnum,u1_0.group_id,u1_0.house_adres,u1_0.house_end_telno,u1_0.house_middle_telno,u1_0.ihidnum,u1_0.pstinst_code,u1_0.last_updusr_id,u1_0.last_updt_pnttm,u1_0.lock_at,u1_0.lock_cnt,u1_0.lock_last_pnttm,u1_0.mbtlnum,u1_0.ofcps_nm,u1_0.offm_telno,u1_0.orgnzt_id,u1_0.password,u1_0.password_cnsr,u1_0.password_hint,u1_0.chg_pwd_last_pnttm,u1_0.role,u1_0.sbscrb_de,u1_0.sexdstn_code,u1_0.crtfc_dn_value,u1_0.user_nm,u1_0.zip from nemplyrinfo u1_0 where u1_0.emplyr_id=?
2026-03-16 16:52:24 [http-nio-8080-exec-5] DEBUG o.s.orm.jpa.JpaTransactionManager - Opened new EntityManager [SessionImpl(2068210987<open>)] for JPA transaction
2026-03-16 16:52:24 [http-nio-8080-exec-9] DEBUG o.s.orm.jpa.JpaTransactionManager - Initiating transaction commit
2026-03-16 16:52:24 [http-nio-8080-exec-9] DEBUG o.s.orm.jpa.JpaTransactionManager - Committing JPA transaction on EntityManager [SessionImpl(1941851903<open>)]
2026-03-16 16:52:24 [http-nio-8080-exec-1] DEBUG o.s.orm.jpa.JpaTransactionManager - Initiating transaction commit
2026-03-16 16:52:24 [http-nio-8080-exec-1] DEBUG o.s.orm.jpa.JpaTransactionManager - Committing JPA transaction on EntityManager [SessionImpl(161217625<open>)]
2026-03-16 16:52:24 [http-nio-8080-exec-10] DEBUG o.s.orm.jpa.JpaTransactionManager - Initiating transaction commit
2026-03-16 16:52:24 [http-nio-8080-exec-10] DEBUG o.s.orm.jpa.JpaTransactionManager - Committing JPA transaction on EntityManager [SessionImpl(564110237<open>)]
2026-03-16 16:52:24 [http-nio-8080-exec-8] DEBUG o.s.orm.jpa.JpaTransactionManager - Initiating transaction commit
2026-03-16 16:52:24 [http-nio-8080-exec-8] DEBUG o.s.orm.jpa.JpaTransactionManager - Committing JPA transaction on EntityManager [SessionImpl(1967588639<open>)]
2026-03-16 16:52:24 [http-nio-8080-exec-6] DEBUG o.s.orm.jpa.JpaTransactionManager - Closing JPA EntityManager [SessionImpl(582092628<open>)] after transaction
2026-03-16 16:52:24 [http-nio-8080-exec-6] DEBUG c.c.p.s.jwt.JwtAuthenticationFilter - >>> [JwtFilter] Successfully authenticated user: USRCNFRM_00000000002, Authorities: [ROLE_USER]
2026-03-16 16:52:24 [http-nio-8080-exec-6] DEBUG o.s.web.servlet.DispatcherServlet - GET "/api/v1/menu/left?menuNo=10", parameters={masked}
2026-03-16 16:52:24 [http-nio-8080-exec-6] TRACE o.s.w.s.m.m.a.RequestMappingHandlerMapping - Mapped to com.company.project.api.controller.menu.MenuController#getLeftMenu(Long)
2026-03-16 16:52:24 [http-nio-8080-exec-6] INFO  c.c.p.a.c.menu.MenuController - getLeftMenu called with menuNo=10
2026-03-16 16:52:24 [http-nio-8080-exec-6] DEBUG o.s.orm.jpa.JpaTransactionManager - Creating new transaction with name [com.company.project.service.menu.MenuService.getSubMenus]: PROPAGATION_REQUIRED,ISOLATION_DEFAULT,readOnly
2026-03-16 16:52:24 [http-nio-8080-exec-6] DEBUG o.s.orm.jpa.JpaTransactionManager - Opened new EntityManager [SessionImpl(1894049229<open>)] for JPA transaction
2026-03-16 16:52:24 [http-nio-8080-exec-6] DEBUG o.s.orm.jpa.JpaTransactionManager - Exposing JPA transaction as JDBC [org.springframework.orm.jpa.vendor.HibernateJpaDialect$HibernateConnectionHandle@950d946]
2026-03-16 16:52:24 [http-nio-8080-exec-6] DEBUG org.hibernate.SQL - select m1_0.menu_no,m1_0.menu_dc,m1_0.menu_nm,m1_0.menu_ordr,m1_0.modern_route,m1_0.progrm_file_nm,m1_0.relate_image_nm,m1_0.relate_image_path,m1_0.route_updated_at,m1_0.upper_menu_no from nmenuinfo m1_0 order by m1_0.upper_menu_no,m1_0.menu_ordr
2026-03-16 16:52:24 [http-nio-8080-exec-2] DEBUG o.s.orm.jpa.JpaTransactionManager - Exposing JPA transaction as JDBC [org.springframework.orm.jpa.vendor.HibernateJpaDialect$HibernateConnectionHandle@1eaf753]
2026-03-16 16:52:24 [http-nio-8080-exec-2] DEBUG o.s.orm.jpa.JpaTransactionManager - Found thread-bound EntityManager [SessionImpl(82396890<open>)] for JPA transaction
2026-03-16 16:52:24 [http-nio-8080-exec-2] DEBUG o.s.orm.jpa.JpaTransactionManager - Participating in existing transaction
2026-03-16 16:52:24 [http-nio-8080-exec-2] DEBUG org.hibernate.SQL - select u1_0.emplyr_id,u1_0.area_no,u1_0.brthdy,u1_0.chg_pwd_cnt,u1_0.frst_register_id,u1_0.frst_regist_pnttm,u1_0.detail_adres,u1_0.email_adres,u1_0.emplyr_sttus_code,u1_0.empl_no,u1_0.esntl_id,u1_0.fxnum,u1_0.group_id,u1_0.house_adres,u1_0.house_end_telno,u1_0.house_middle_telno,u1_0.ihidnum,u1_0.pstinst_code,u1_0.last_updusr_id,u1_0.last_updt_pnttm,u1_0.lock_at,u1_0.lock_cnt,u1_0.lock_last_pnttm,u1_0.mbtlnum,u1_0.ofcps_nm,u1_0.offm_telno,u1_0.orgnzt_id,u1_0.password,u1_0.password_cnsr,u1_0.password_hint,u1_0.chg_pwd_last_pnttm,u1_0.role,u1_0.sbscrb_de,u1_0.sexdstn_code,u1_0.crtfc_dn_value,u1_0.user_nm,u1_0.zip from nemplyrinfo u1_0 where u1_0.emplyr_id=?
2026-03-16 16:52:24 [http-nio-8080-exec-9] DEBUG o.s.orm.jpa.JpaTransactionManager - Closing JPA EntityManager [SessionImpl(1941851903<open>)] after transaction
2026-03-16 16:52:24 [http-nio-8080-exec-9] DEBUG c.c.p.s.jwt.JwtAuthenticationFilter - >>> [JwtFilter] Successfully authenticated user: USRCNFRM_00000000002, Authorities: [ROLE_USER]
2026-03-16 16:52:24 [http-nio-8080-exec-1] DEBUG o.s.orm.jpa.JpaTransactionManager - Closing JPA EntityManager [SessionImpl(161217625<open>)] after transaction
2026-03-16 16:52:24 [http-nio-8080-exec-1] DEBUG c.c.p.s.jwt.JwtAuthenticationFilter - >>> [JwtFilter] Successfully authenticated user: USRCNFRM_00000000002, Authorities: [ROLE_USER]
2026-03-16 16:52:24 [http-nio-8080-exec-9] DEBUG o.s.web.servlet.DispatcherServlet - GET "/api/v1/menu/left?menuNo=40", parameters={masked}
2026-03-16 16:52:24 [http-nio-8080-exec-1] DEBUG o.s.web.servlet.DispatcherServlet - GET "/api/v1/menu/left?menuNo=60", parameters={masked}
2026-03-16 16:52:24 [http-nio-8080-exec-1] TRACE o.s.w.s.m.m.a.RequestMappingHandlerMapping - Mapped to com.company.project.api.controller.menu.MenuController#getLeftMenu(Long)
2026-03-16 16:52:24 [http-nio-8080-exec-9] TRACE o.s.w.s.m.m.a.RequestMappingHandlerMapping - Mapped to com.company.project.api.controller.menu.MenuController#getLeftMenu(Long)
2026-03-16 16:52:24 [http-nio-8080-exec-1] INFO  c.c.p.a.c.menu.MenuController - getLeftMenu called with menuNo=60
2026-03-16 16:52:24 [http-nio-8080-exec-9] INFO  c.c.p.a.c.menu.MenuController - getLeftMenu called with menuNo=40
2026-03-16 16:52:24 [http-nio-8080-exec-1] DEBUG o.s.orm.jpa.JpaTransactionManager - Creating new transaction with name [com.company.project.service.menu.MenuService.getSubMenus]: PROPAGATION_REQUIRED,ISOLATION_DEFAULT,readOnly
2026-03-16 16:52:24 [http-nio-8080-exec-9] DEBUG o.s.orm.jpa.JpaTransactionManager - Creating new transaction with name [com.company.project.service.menu.MenuService.getSubMenus]: PROPAGATION_REQUIRED,ISOLATION_DEFAULT,readOnly
2026-03-16 16:52:24 [http-nio-8080-exec-1] DEBUG o.s.orm.jpa.JpaTransactionManager - Opened new EntityManager [SessionImpl(1450808594<open>)] for JPA transaction
2026-03-16 16:52:24 [http-nio-8080-exec-1] DEBUG o.s.orm.jpa.JpaTransactionManager - Exposing JPA transaction as JDBC [org.springframework.orm.jpa.vendor.HibernateJpaDialect$HibernateConnectionHandle@5c4973aa]
2026-03-16 16:52:24 [http-nio-8080-exec-9] DEBUG o.s.orm.jpa.JpaTransactionManager - Opened new EntityManager [SessionImpl(1344713376<open>)] for JPA transaction
2026-03-16 16:52:24 [http-nio-8080-exec-9] DEBUG o.s.orm.jpa.JpaTransactionManager - Exposing JPA transaction as JDBC [org.springframework.orm.jpa.vendor.HibernateJpaDialect$HibernateConnectionHandle@6657e1cb]
2026-03-16 16:52:24 [http-nio-8080-exec-1] DEBUG org.hibernate.SQL - select m1_0.menu_no,m1_0.menu_dc,m1_0.menu_nm,m1_0.menu_ordr,m1_0.modern_route,m1_0.progrm_file_nm,m1_0.relate_image_nm,m1_0.relate_image_path,m1_0.route_updated_at,m1_0.upper_menu_no from nmenuinfo m1_0 order by m1_0.upper_menu_no,m1_0.menu_ordr
2026-03-16 16:52:24 [http-nio-8080-exec-9] DEBUG org.hibernate.SQL - select m1_0.menu_no,m1_0.menu_dc,m1_0.menu_nm,m1_0.menu_ordr,m1_0.modern_route,m1_0.progrm_file_nm,m1_0.relate_image_nm,m1_0.relate_image_path,m1_0.route_updated_at,m1_0.upper_menu_no from nmenuinfo m1_0 order by m1_0.upper_menu_no,m1_0.menu_ordr
2026-03-16 16:52:24 [http-nio-8080-exec-10] DEBUG o.s.orm.jpa.JpaTransactionManager - Closing JPA EntityManager [SessionImpl(564110237<open>)] after transaction
2026-03-16 16:52:24 [http-nio-8080-exec-10] DEBUG c.c.p.s.jwt.JwtAuthenticationFilter - >>> [JwtFilter] Successfully authenticated user: USRCNFRM_00000000002, Authorities: [ROLE_USER]
2026-03-16 16:52:24 [http-nio-8080-exec-10] DEBUG o.s.web.servlet.DispatcherServlet - GET "/api/v1/menu/left?menuNo=50", parameters={masked}
2026-03-16 16:52:24 [http-nio-8080-exec-10] TRACE o.s.w.s.m.m.a.RequestMappingHandlerMapping - Mapped to com.company.project.api.controller.menu.MenuController#getLeftMenu(Long)
2026-03-16 16:52:24 [http-nio-8080-exec-10] INFO  c.c.p.a.c.menu.MenuController - getLeftMenu called with menuNo=50
2026-03-16 16:52:24 [http-nio-8080-exec-10] DEBUG o.s.orm.jpa.JpaTransactionManager - Creating new transaction with name [com.company.project.service.menu.MenuService.getSubMenus]: PROPAGATION_REQUIRED,ISOLATION_DEFAULT,readOnly
2026-03-16 16:52:24 [http-nio-8080-exec-10] DEBUG o.s.orm.jpa.JpaTransactionManager - Opened new EntityManager [SessionImpl(269076871<open>)] for JPA transaction
2026-03-16 16:52:24 [http-nio-8080-exec-10] DEBUG o.s.orm.jpa.JpaTransactionManager - Exposing JPA transaction as JDBC [org.springframework.orm.jpa.vendor.HibernateJpaDialect$HibernateConnectionHandle@59d4eb76]
2026-03-16 16:52:24 [http-nio-8080-exec-10] DEBUG org.hibernate.SQL - select m1_0.menu_no,m1_0.menu_dc,m1_0.menu_nm,m1_0.menu_ordr,m1_0.modern_route,m1_0.progrm_file_nm,m1_0.relate_image_nm,m1_0.relate_image_path,m1_0.route_updated_at,m1_0.upper_menu_no from nmenuinfo m1_0 order by m1_0.upper_menu_no,m1_0.menu_ordr
2026-03-16 16:52:24 [http-nio-8080-exec-4] DEBUG o.s.orm.jpa.JpaTransactionManager - Exposing JPA transaction as JDBC [org.springframework.orm.jpa.vendor.HibernateJpaDialect$HibernateConnectionHandle@6af00865]
2026-03-16 16:52:24 [http-nio-8080-exec-4] DEBUG o.s.orm.jpa.JpaTransactionManager - Found thread-bound EntityManager [SessionImpl(355653569<open>)] for JPA transaction
2026-03-16 16:52:24 [http-nio-8080-exec-4] DEBUG o.s.orm.jpa.JpaTransactionManager - Participating in existing transaction
2026-03-16 16:52:24 [http-nio-8080-exec-7] DEBUG o.s.orm.jpa.JpaTransactionManager - Found thread-bound EntityManager [SessionImpl(912826889<open>)] for JPA transaction
2026-03-16 16:52:24 [http-nio-8080-exec-7] DEBUG o.s.orm.jpa.JpaTransactionManager - Participating in existing transaction
2026-03-16 16:52:24 [http-nio-8080-exec-4] DEBUG org.hibernate.SQL - select u1_0.emplyr_id,u1_0.area_no,u1_0.brthdy,u1_0.chg_pwd_cnt,u1_0.frst_register_id,u1_0.frst_regist_pnttm,u1_0.detail_adres,u1_0.email_adres,u1_0.emplyr_sttus_code,u1_0.empl_no,u1_0.esntl_id,u1_0.fxnum,u1_0.group_id,u1_0.house_adres,u1_0.house_end_telno,u1_0.house_middle_telno,u1_0.ihidnum,u1_0.pstinst_code,u1_0.last_updusr_id,u1_0.last_updt_pnttm,u1_0.lock_at,u1_0.lock_cnt,u1_0.lock_last_pnttm,u1_0.mbtlnum,u1_0.ofcps_nm,u1_0.offm_telno,u1_0.orgnzt_id,u1_0.password,u1_0.password_cnsr,u1_0.password_hint,u1_0.chg_pwd_last_pnttm,u1_0.role,u1_0.sbscrb_de,u1_0.sexdstn_code,u1_0.crtfc_dn_value,u1_0.user_nm,u1_0.zip from nemplyrinfo u1_0 where u1_0.emplyr_id=?
2026-03-16 16:52:24 [http-nio-8080-exec-7] DEBUG org.hibernate.SQL - select ua1_0.scrty_dtrmn_trget_id,ua1_0.author_code,ua1_0.frst_register_id,ua1_0.frst_regist_pnttm,ua1_0.last_updusr_id,ua1_0.last_updt_pnttm,ua1_0.mber_ty_code from nemplyrscrtyestbs ua1_0 where ua1_0.scrty_dtrmn_trget_id=?
2026-03-16 16:52:24 [http-nio-8080-exec-5] DEBUG o.s.orm.jpa.JpaTransactionManager - Exposing JPA transaction as JDBC [org.springframework.orm.jpa.vendor.HibernateJpaDialect$HibernateConnectionHandle@72687f76]
2026-03-16 16:52:24 [http-nio-8080-exec-5] DEBUG o.s.orm.jpa.JpaTransactionManager - Found thread-bound EntityManager [SessionImpl(2068210987<open>)] for JPA transaction
2026-03-16 16:52:24 [http-nio-8080-exec-5] DEBUG o.s.orm.jpa.JpaTransactionManager - Participating in existing transaction
2026-03-16 16:52:24 [http-nio-8080-exec-3] DEBUG o.s.orm.jpa.JpaTransactionManager - Exposing JPA transaction as JDBC [org.springframework.orm.jpa.vendor.HibernateJpaDialect$HibernateConnectionHandle@513b542f]
2026-03-16 16:52:24 [http-nio-8080-exec-3] DEBUG o.s.orm.jpa.JpaTransactionManager - Found thread-bound EntityManager [SessionImpl(1708045941<open>)] for JPA transaction
2026-03-16 16:52:24 [http-nio-8080-exec-3] DEBUG o.s.orm.jpa.JpaTransactionManager - Participating in existing transaction
2026-03-16 16:52:24 [http-nio-8080-exec-5] DEBUG org.hibernate.SQL - select u1_0.emplyr_id,u1_0.area_no,u1_0.brthdy,u1_0.chg_pwd_cnt,u1_0.frst_register_id,u1_0.frst_regist_pnttm,u1_0.detail_adres,u1_0.email_adres,u1_0.emplyr_sttus_code,u1_0.empl_no,u1_0.esntl_id,u1_0.fxnum,u1_0.group_id,u1_0.house_adres,u1_0.house_end_telno,u1_0.house_middle_telno,u1_0.ihidnum,u1_0.pstinst_code,u1_0.last_updusr_id,u1_0.last_updt_pnttm,u1_0.lock_at,u1_0.lock_cnt,u1_0.lock_last_pnttm,u1_0.mbtlnum,u1_0.ofcps_nm,u1_0.offm_telno,u1_0.orgnzt_id,u1_0.password,u1_0.password_cnsr,u1_0.password_hint,u1_0.chg_pwd_last_pnttm,u1_0.role,u1_0.sbscrb_de,u1_0.sexdstn_code,u1_0.crtfc_dn_value,u1_0.user_nm,u1_0.zip from nemplyrinfo u1_0 where u1_0.emplyr_id=?
2026-03-16 16:52:24 [http-nio-8080-exec-3] DEBUG org.hibernate.SQL - select u1_0.emplyr_id,u1_0.area_no,u1_0.brthdy,u1_0.chg_pwd_cnt,u1_0.frst_register_id,u1_0.frst_regist_pnttm,u1_0.detail_adres,u1_0.email_adres,u1_0.emplyr_sttus_code,u1_0.empl_no,u1_0.esntl_id,u1_0.fxnum,u1_0.group_id,u1_0.house_adres,u1_0.house_end_telno,u1_0.house_middle_telno,u1_0.ihidnum,u1_0.pstinst_code,u1_0.last_updusr_id,u1_0.last_updt_pnttm,u1_0.lock_at,u1_0.lock_cnt,u1_0.lock_last_pnttm,u1_0.mbtlnum,u1_0.ofcps_nm,u1_0.offm_telno,u1_0.orgnzt_id,u1_0.password,u1_0.password_cnsr,u1_0.password_hint,u1_0.chg_pwd_last_pnttm,u1_0.role,u1_0.sbscrb_de,u1_0.sexdstn_code,u1_0.crtfc_dn_value,u1_0.user_nm,u1_0.zip from nemplyrinfo u1_0 where u1_0.emplyr_id=?
2026-03-16 16:52:24 [http-nio-8080-exec-8] DEBUG o.s.orm.jpa.JpaTransactionManager - Closing JPA EntityManager [SessionImpl(1967588639<open>)] after transaction
2026-03-16 16:52:24 [http-nio-8080-exec-8] DEBUG c.c.p.s.jwt.JwtAuthenticationFilter - >>> [JwtFilter] Successfully authenticated user: USRCNFRM_00000000002, Authorities: [ROLE_USER]
2026-03-16 16:52:24 [http-nio-8080-exec-8] DEBUG o.s.web.servlet.DispatcherServlet - GET "/api/v1/menu/left?menuNo=20", parameters={masked}
2026-03-16 16:52:24 [http-nio-8080-exec-8] TRACE o.s.w.s.m.m.a.RequestMappingHandlerMapping - Mapped to com.company.project.api.controller.menu.MenuController#getLeftMenu(Long)
2026-03-16 16:52:24 [http-nio-8080-exec-8] INFO  c.c.p.a.c.menu.MenuController - getLeftMenu called with menuNo=20
2026-03-16 16:52:24 [http-nio-8080-exec-8] DEBUG o.s.orm.jpa.JpaTransactionManager - Creating new transaction with name [com.company.project.service.menu.MenuService.getSubMenus]: PROPAGATION_REQUIRED,ISOLATION_DEFAULT,readOnly
2026-03-16 16:52:24 [http-nio-8080-exec-8] DEBUG o.s.orm.jpa.JpaTransactionManager - Opened new EntityManager [SessionImpl(1465107613<open>)] for JPA transaction
2026-03-16 16:52:24 [http-nio-8080-exec-8] DEBUG o.s.orm.jpa.JpaTransactionManager - Exposing JPA transaction as JDBC [org.springframework.orm.jpa.vendor.HibernateJpaDialect$HibernateConnectionHandle@14f6cfc0]
2026-03-16 16:52:24 [http-nio-8080-exec-8] DEBUG org.hibernate.SQL - select m1_0.menu_no,m1_0.menu_dc,m1_0.menu_nm,m1_0.menu_ordr,m1_0.modern_route,m1_0.progrm_file_nm,m1_0.relate_image_nm,m1_0.relate_image_path,m1_0.route_updated_at,m1_0.upper_menu_no from nmenuinfo m1_0 order by m1_0.upper_menu_no,m1_0.menu_ordr
2026-03-16 16:52:24 [http-nio-8080-exec-6] DEBUG o.s.orm.jpa.JpaTransactionManager - Found thread-bound EntityManager [SessionImpl(1894049229<open>)] for JPA transaction
2026-03-16 16:52:24 [http-nio-8080-exec-6] DEBUG o.s.orm.jpa.JpaTransactionManager - Participating in existing transaction
2026-03-16 16:52:24 [http-nio-8080-exec-6] DEBUG org.hibernate.SQL - select p1_0.progrm_file_nm,p1_0.progrm_dc,p1_0.progrm_korean_nm,p1_0.progrm_stre_path,p1_0.url from nprogrmlist p1_0
2026-03-16 16:52:24 [http-nio-8080-exec-2] DEBUG o.s.orm.jpa.JpaTransactionManager - Found thread-bound EntityManager [SessionImpl(82396890<open>)] for JPA transaction
2026-03-16 16:52:24 [http-nio-8080-exec-2] DEBUG o.s.orm.jpa.JpaTransactionManager - Participating in existing transaction
2026-03-16 16:52:24 [http-nio-8080-exec-2] DEBUG org.hibernate.SQL - select ua1_0.scrty_dtrmn_trget_id,ua1_0.author_code,ua1_0.frst_register_id,ua1_0.frst_regist_pnttm,ua1_0.last_updusr_id,ua1_0.last_updt_pnttm,ua1_0.mber_ty_code from nemplyrscrtyestbs ua1_0 where ua1_0.scrty_dtrmn_trget_id=?
2026-03-16 16:52:24 [http-nio-8080-exec-4] DEBUG o.s.orm.jpa.JpaTransactionManager - Found thread-bound EntityManager [SessionImpl(355653569<open>)] for JPA transaction
2026-03-16 16:52:24 [http-nio-8080-exec-4] DEBUG o.s.orm.jpa.JpaTransactionManager - Participating in existing transaction
2026-03-16 16:52:24 [http-nio-8080-exec-4] DEBUG org.hibernate.SQL - select ua1_0.scrty_dtrmn_trget_id,ua1_0.author_code,ua1_0.frst_register_id,ua1_0.frst_regist_pnttm,ua1_0.last_updusr_id,ua1_0.last_updt_pnttm,ua1_0.mber_ty_code from nemplyrscrtyestbs ua1_0 where ua1_0.scrty_dtrmn_trget_id=?
2026-03-16 16:52:24 [http-nio-8080-exec-7] DEBUG o.s.orm.jpa.JpaTransactionManager - Initiating transaction commit
2026-03-16 16:52:24 [http-nio-8080-exec-7] DEBUG o.s.orm.jpa.JpaTransactionManager - Committing JPA transaction on EntityManager [SessionImpl(912826889<open>)]
2026-03-16 16:52:24 [http-nio-8080-exec-3] DEBUG o.s.orm.jpa.JpaTransactionManager - Found thread-bound EntityManager [SessionImpl(1708045941<open>)] for JPA transaction
2026-03-16 16:52:24 [http-nio-8080-exec-3] DEBUG o.s.orm.jpa.JpaTransactionManager - Participating in existing transaction
2026-03-16 16:52:24 [http-nio-8080-exec-3] DEBUG org.hibernate.SQL - select ua1_0.scrty_dtrmn_trget_id,ua1_0.author_code,ua1_0.frst_register_id,ua1_0.frst_regist_pnttm,ua1_0.last_updusr_id,ua1_0.last_updt_pnttm,ua1_0.mber_ty_code from nemplyrscrtyestbs ua1_0 where ua1_0.scrty_dtrmn_trget_id=?
2026-03-16 16:52:24 [http-nio-8080-exec-5] DEBUG o.s.orm.jpa.JpaTransactionManager - Found thread-bound EntityManager [SessionImpl(2068210987<open>)] for JPA transaction
2026-03-16 16:52:24 [http-nio-8080-exec-5] DEBUG o.s.orm.jpa.JpaTransactionManager - Participating in existing transaction
2026-03-16 16:52:24 [http-nio-8080-exec-5] DEBUG org.hibernate.SQL - select ua1_0.scrty_dtrmn_trget_id,ua1_0.author_code,ua1_0.frst_register_id,ua1_0.frst_regist_pnttm,ua1_0.last_updusr_id,ua1_0.last_updt_pnttm,ua1_0.mber_ty_code from nemplyrscrtyestbs ua1_0 where ua1_0.scrty_dtrmn_trget_id=?
2026-03-16 16:52:24 [http-nio-8080-exec-6] DEBUG o.s.orm.jpa.JpaTransactionManager - Initiating transaction commit
2026-03-16 16:52:24 [http-nio-8080-exec-6] DEBUG o.s.orm.jpa.JpaTransactionManager - Committing JPA transaction on EntityManager [SessionImpl(1894049229<open>)]
2026-03-16 16:52:24 [http-nio-8080-exec-2] DEBUG o.s.orm.jpa.JpaTransactionManager - Initiating transaction commit
2026-03-16 16:52:24 [http-nio-8080-exec-2] DEBUG o.s.orm.jpa.JpaTransactionManager - Committing JPA transaction on EntityManager [SessionImpl(82396890<open>)]
2026-03-16 16:52:24 [http-nio-8080-exec-4] DEBUG o.s.orm.jpa.JpaTransactionManager - Initiating transaction commit
2026-03-16 16:52:24 [http-nio-8080-exec-4] DEBUG o.s.orm.jpa.JpaTransactionManager - Committing JPA transaction on EntityManager [SessionImpl(355653569<open>)]
2026-03-16 16:52:24 [http-nio-8080-exec-1] DEBUG o.s.orm.jpa.JpaTransactionManager - Found thread-bound EntityManager [SessionImpl(1450808594<open>)] for JPA transaction
2026-03-16 16:52:24 [http-nio-8080-exec-1] DEBUG o.s.orm.jpa.JpaTransactionManager - Participating in existing transaction
2026-03-16 16:52:24 [http-nio-8080-exec-9] DEBUG o.s.orm.jpa.JpaTransactionManager - Found thread-bound EntityManager [SessionImpl(1344713376<open>)] for JPA transaction
2026-03-16 16:52:24 [http-nio-8080-exec-9] DEBUG o.s.orm.jpa.JpaTransactionManager - Participating in existing transaction
2026-03-16 16:52:24 [http-nio-8080-exec-9] DEBUG org.hibernate.SQL - select p1_0.progrm_file_nm,p1_0.progrm_dc,p1_0.progrm_korean_nm,p1_0.progrm_stre_path,p1_0.url from nprogrmlist p1_0
2026-03-16 16:52:24 [http-nio-8080-exec-1] DEBUG org.hibernate.SQL - select p1_0.progrm_file_nm,p1_0.progrm_dc,p1_0.progrm_korean_nm,p1_0.progrm_stre_path,p1_0.url from nprogrmlist p1_0
2026-03-16 16:52:24 [http-nio-8080-exec-7] DEBUG o.s.orm.jpa.JpaTransactionManager - Closing JPA EntityManager [SessionImpl(912826889<open>)] after transaction
2026-03-16 16:52:24 [http-nio-8080-exec-7] DEBUG c.c.p.s.jwt.JwtAuthenticationFilter - >>> [JwtFilter] Successfully authenticated user: USRCNFRM_00000000002, Authorities: [ROLE_USER]
2026-03-16 16:52:24 [http-nio-8080-exec-7] DEBUG o.s.web.servlet.DispatcherServlet - GET "/api/v1/menu/left?menuNo=60", parameters={masked}
2026-03-16 16:52:24 [http-nio-8080-exec-10] DEBUG o.s.orm.jpa.JpaTransactionManager - Found thread-bound EntityManager [SessionImpl(269076871<open>)] for JPA transaction
2026-03-16 16:52:24 [http-nio-8080-exec-10] DEBUG o.s.orm.jpa.JpaTransactionManager - Participating in existing transaction
2026-03-16 16:52:24 [http-nio-8080-exec-7] TRACE o.s.w.s.m.m.a.RequestMappingHandlerMapping - Mapped to com.company.project.api.controller.menu.MenuController#getLeftMenu(Long)
2026-03-16 16:52:24 [http-nio-8080-exec-7] INFO  c.c.p.a.c.menu.MenuController - getLeftMenu called with menuNo=60
2026-03-16 16:52:24 [http-nio-8080-exec-10] DEBUG org.hibernate.SQL - select p1_0.progrm_file_nm,p1_0.progrm_dc,p1_0.progrm_korean_nm,p1_0.progrm_stre_path,p1_0.url from nprogrmlist p1_0
2026-03-16 16:52:24 [http-nio-8080-exec-7] DEBUG o.s.orm.jpa.JpaTransactionManager - Creating new transaction with name [com.company.project.service.menu.MenuService.getSubMenus]: PROPAGATION_REQUIRED,ISOLATION_DEFAULT,readOnly
2026-03-16 16:52:24 [http-nio-8080-exec-7] DEBUG o.s.orm.jpa.JpaTransactionManager - Opened new EntityManager [SessionImpl(1873103043<open>)] for JPA transaction
2026-03-16 16:52:24 [http-nio-8080-exec-7] DEBUG o.s.orm.jpa.JpaTransactionManager - Exposing JPA transaction as JDBC [org.springframework.orm.jpa.vendor.HibernateJpaDialect$HibernateConnectionHandle@252d7a82]
2026-03-16 16:52:24 [http-nio-8080-exec-7] DEBUG org.hibernate.SQL - select m1_0.menu_no,m1_0.menu_dc,m1_0.menu_nm,m1_0.menu_ordr,m1_0.modern_route,m1_0.progrm_file_nm,m1_0.relate_image_nm,m1_0.relate_image_path,m1_0.route_updated_at,m1_0.upper_menu_no from nmenuinfo m1_0 order by m1_0.upper_menu_no,m1_0.menu_ordr
2026-03-16 16:52:24 [http-nio-8080-exec-3] DEBUG o.s.orm.jpa.JpaTransactionManager - Initiating transaction commit
2026-03-16 16:52:24 [http-nio-8080-exec-3] DEBUG o.s.orm.jpa.JpaTransactionManager - Committing JPA transaction on EntityManager [SessionImpl(1708045941<open>)]
2026-03-16 16:52:24 [http-nio-8080-exec-5] DEBUG o.s.orm.jpa.JpaTransactionManager - Initiating transaction commit
2026-03-16 16:52:24 [http-nio-8080-exec-5] DEBUG o.s.orm.jpa.JpaTransactionManager - Committing JPA transaction on EntityManager [SessionImpl(2068210987<open>)]
2026-03-16 16:52:24 [http-nio-8080-exec-8] DEBUG o.s.orm.jpa.JpaTransactionManager - Found thread-bound EntityManager [SessionImpl(1465107613<open>)] for JPA transaction
2026-03-16 16:52:24 [http-nio-8080-exec-8] DEBUG o.s.orm.jpa.JpaTransactionManager - Participating in existing transaction
2026-03-16 16:52:24 [http-nio-8080-exec-8] DEBUG org.hibernate.SQL - select p1_0.progrm_file_nm,p1_0.progrm_dc,p1_0.progrm_korean_nm,p1_0.progrm_stre_path,p1_0.url from nprogrmlist p1_0
2026-03-16 16:52:24 [http-nio-8080-exec-6] DEBUG o.s.orm.jpa.JpaTransactionManager - Closing JPA EntityManager [SessionImpl(1894049229<open>)] after transaction
2026-03-16 16:52:24 [http-nio-8080-exec-6] INFO  c.c.p.a.c.menu.MenuController - getLeftMenu returned 5 items
2026-03-16 16:52:24 [http-nio-8080-exec-6] DEBUG o.s.w.s.m.m.a.HttpEntityMethodProcessor - Using 'application/json', given [application/json, text/plain, */*] and supported [application/json, application/*+json, application/yaml]
2026-03-16 16:52:24 [http-nio-8080-exec-6] TRACE o.s.w.s.m.m.a.HttpEntityMethodProcessor - Writing [ApiResponse[success=true, status=200, code=COMMON_001, message=Success, data={list=[com.company.project.service.menu.dto.MenuDto@2cdc3ce3, com.company.project.service.menu.dto.MenuDto@1f3faee1, com.company.project.service.menu.dto.MenuDto@55cbab6e, com.company.project.service.menu.dto.MenuDto@42602c39, com.company.project.service.menu.dto.MenuDto@f963bb2]}, timestamp=2026-03-16T16:52:24.706042300]]
2026-03-16 16:52:24 [http-nio-8080-exec-6] INFO  c.c.p.a.i.OperationalAuditInterceptor - API Audit Log: URL=/api/v1/menu/left, User=user_regular, IP=0:0:0:0:0:0:0:1
2026-03-16 16:52:24 [http-nio-8080-exec-6] DEBUG o.s.web.servlet.DispatcherServlet - Completed 200 OK
2026-03-16 16:52:24 [http-nio-8080-exec-2] DEBUG o.s.orm.jpa.JpaTransactionManager - Closing JPA EntityManager [SessionImpl(82396890<open>)] after transaction
2026-03-16 16:52:24 [http-nio-8080-exec-2] DEBUG c.c.p.s.jwt.JwtAuthenticationFilter - >>> [JwtFilter] Successfully authenticated user: USRCNFRM_00000000002, Authorities: [ROLE_USER]
2026-03-16 16:52:24 [http-nio-8080-exec-2] DEBUG o.s.web.servlet.DispatcherServlet - GET "/api/v1/menu/left?menuNo=10", parameters={masked}
2026-03-16 16:52:24 [http-nio-8080-exec-2] TRACE o.s.w.s.m.m.a.RequestMappingHandlerMapping - Mapped to com.company.project.api.controller.menu.MenuController#getLeftMenu(Long)
2026-03-16 16:52:24 [http-nio-8080-exec-2] INFO  c.c.p.a.c.menu.MenuController - getLeftMenu called with menuNo=10
2026-03-16 16:52:24 [http-nio-8080-exec-2] DEBUG o.s.orm.jpa.JpaTransactionManager - Creating new transaction with name [com.company.project.service.menu.MenuService.getSubMenus]: PROPAGATION_REQUIRED,ISOLATION_DEFAULT,readOnly
2026-03-16 16:52:24 [http-nio-8080-exec-2] DEBUG o.s.orm.jpa.JpaTransactionManager - Opened new EntityManager [SessionImpl(1635075025<open>)] for JPA transaction
2026-03-16 16:52:24 [http-nio-8080-exec-2] DEBUG o.s.orm.jpa.JpaTransactionManager - Exposing JPA transaction as JDBC [org.springframework.orm.jpa.vendor.HibernateJpaDialect$HibernateConnectionHandle@512e651f]
2026-03-16 16:52:24 [http-nio-8080-exec-2] DEBUG org.hibernate.SQL - select m1_0.menu_no,m1_0.menu_dc,m1_0.menu_nm,m1_0.menu_ordr,m1_0.modern_route,m1_0.progrm_file_nm,m1_0.relate_image_nm,m1_0.relate_image_path,m1_0.route_updated_at,m1_0.upper_menu_no from nmenuinfo m1_0 order by m1_0.upper_menu_no,m1_0.menu_ordr
2026-03-16 16:52:24 [http-nio-8080-exec-4] DEBUG o.s.orm.jpa.JpaTransactionManager - Closing JPA EntityManager [SessionImpl(355653569<open>)] after transaction
2026-03-16 16:52:24 [http-nio-8080-exec-4] DEBUG c.c.p.s.jwt.JwtAuthenticationFilter - >>> [JwtFilter] Successfully authenticated user: USRCNFRM_00000000002, Authorities: [ROLE_USER]
2026-03-16 16:52:24 [http-nio-8080-exec-4] DEBUG o.s.web.servlet.DispatcherServlet - GET "/api/v1/menu/left?menuNo=40", parameters={masked}
2026-03-16 16:52:24 [http-nio-8080-exec-4] TRACE o.s.w.s.m.m.a.RequestMappingHandlerMapping - Mapped to com.company.project.api.controller.menu.MenuController#getLeftMenu(Long)
2026-03-16 16:52:24 [http-nio-8080-exec-4] INFO  c.c.p.a.c.menu.MenuController - getLeftMenu called with menuNo=40
2026-03-16 16:52:24 [http-nio-8080-exec-4] DEBUG o.s.orm.jpa.JpaTransactionManager - Creating new transaction with name [com.company.project.service.menu.MenuService.getSubMenus]: PROPAGATION_REQUIRED,ISOLATION_DEFAULT,readOnly
2026-03-16 16:52:24 [http-nio-8080-exec-4] DEBUG o.s.orm.jpa.JpaTransactionManager - Opened new EntityManager [SessionImpl(1191529862<open>)] for JPA transaction
2026-03-16 16:52:24 [http-nio-8080-exec-4] DEBUG o.s.orm.jpa.JpaTransactionManager - Exposing JPA transaction as JDBC [org.springframework.orm.jpa.vendor.HibernateJpaDialect$HibernateConnectionHandle@64bde6b2]
2026-03-16 16:52:24 [http-nio-8080-exec-4] DEBUG org.hibernate.SQL - select m1_0.menu_no,m1_0.menu_dc,m1_0.menu_nm,m1_0.menu_ordr,m1_0.modern_route,m1_0.progrm_file_nm,m1_0.relate_image_nm,m1_0.relate_image_path,m1_0.route_updated_at,m1_0.upper_menu_no from nmenuinfo m1_0 order by m1_0.upper_menu_no,m1_0.menu_ordr
2026-03-16 16:52:24 [http-nio-8080-exec-9] DEBUG o.s.orm.jpa.JpaTransactionManager - Initiating transaction commit
2026-03-16 16:52:24 [http-nio-8080-exec-9] DEBUG o.s.orm.jpa.JpaTransactionManager - Committing JPA transaction on EntityManager [SessionImpl(1344713376<open>)]
2026-03-16 16:52:24 [http-nio-8080-exec-1] DEBUG o.s.orm.jpa.JpaTransactionManager - Initiating transaction commit
2026-03-16 16:52:24 [http-nio-8080-exec-1] DEBUG o.s.orm.jpa.JpaTransactionManager - Committing JPA transaction on EntityManager [SessionImpl(1450808594<open>)]
2026-03-16 16:52:24 [http-nio-8080-exec-10] DEBUG o.s.orm.jpa.JpaTransactionManager - Initiating transaction commit
2026-03-16 16:52:24 [http-nio-8080-exec-10] DEBUG o.s.orm.jpa.JpaTransactionManager - Committing JPA transaction on EntityManager [SessionImpl(269076871<open>)]
2026-03-16 16:52:24 [http-nio-8080-exec-3] DEBUG o.s.orm.jpa.JpaTransactionManager - Closing JPA EntityManager [SessionImpl(1708045941<open>)] after transaction
2026-03-16 16:52:24 [http-nio-8080-exec-3] DEBUG c.c.p.s.jwt.JwtAuthenticationFilter - >>> [JwtFilter] Successfully authenticated user: USRCNFRM_00000000002, Authorities: [ROLE_USER]
2026-03-16 16:52:24 [http-nio-8080-exec-3] DEBUG o.s.web.servlet.DispatcherServlet - GET "/api/v1/menu/left?menuNo=20", parameters={masked}
2026-03-16 16:52:24 [http-nio-8080-exec-3] TRACE o.s.w.s.m.m.a.RequestMappingHandlerMapping - Mapped to com.company.project.api.controller.menu.MenuController#getLeftMenu(Long)
2026-03-16 16:52:24 [http-nio-8080-exec-3] INFO  c.c.p.a.c.menu.MenuController - getLeftMenu called with menuNo=20
2026-03-16 16:52:24 [http-nio-8080-exec-3] DEBUG o.s.orm.jpa.JpaTransactionManager - Creating new transaction with name [com.company.project.service.menu.MenuService.getSubMenus]: PROPAGATION_REQUIRED,ISOLATION_DEFAULT,readOnly
2026-03-16 16:52:24 [http-nio-8080-exec-3] DEBUG o.s.orm.jpa.JpaTransactionManager - Opened new EntityManager [SessionImpl(719242543<open>)] for JPA transaction
2026-03-16 16:52:24 [http-nio-8080-exec-3] DEBUG o.s.orm.jpa.JpaTransactionManager - Exposing JPA transaction as JDBC [org.springframework.orm.jpa.vendor.HibernateJpaDialect$HibernateConnectionHandle@6d1c63c9]
2026-03-16 16:52:24 [http-nio-8080-exec-3] DEBUG org.hibernate.SQL - select m1_0.menu_no,m1_0.menu_dc,m1_0.menu_nm,m1_0.menu_ordr,m1_0.modern_route,m1_0.progrm_file_nm,m1_0.relate_image_nm,m1_0.relate_image_path,m1_0.route_updated_at,m1_0.upper_menu_no from nmenuinfo m1_0 order by m1_0.upper_menu_no,m1_0.menu_ordr
2026-03-16 16:52:24 [http-nio-8080-exec-5] DEBUG o.s.orm.jpa.JpaTransactionManager - Closing JPA EntityManager [SessionImpl(2068210987<open>)] after transaction
2026-03-16 16:52:24 [http-nio-8080-exec-5] DEBUG c.c.p.s.jwt.JwtAuthenticationFilter - >>> [JwtFilter] Successfully authenticated user: USRCNFRM_00000000002, Authorities: [ROLE_USER]
2026-03-16 16:52:24 [http-nio-8080-exec-5] DEBUG o.s.web.servlet.DispatcherServlet - GET "/api/v1/menu/left?menuNo=50", parameters={masked}
2026-03-16 16:52:24 [http-nio-8080-exec-5] TRACE o.s.w.s.m.m.a.RequestMappingHandlerMapping - Mapped to com.company.project.api.controller.menu.MenuController#getLeftMenu(Long)
2026-03-16 16:52:24 [http-nio-8080-exec-5] INFO  c.c.p.a.c.menu.MenuController - getLeftMenu called with menuNo=50
2026-03-16 16:52:24 [http-nio-8080-exec-5] DEBUG o.s.orm.jpa.JpaTransactionManager - Creating new transaction with name [com.company.project.service.menu.MenuService.getSubMenus]: PROPAGATION_REQUIRED,ISOLATION_DEFAULT,readOnly
2026-03-16 16:52:24 [http-nio-8080-exec-5] DEBUG o.s.orm.jpa.JpaTransactionManager - Opened new EntityManager [SessionImpl(885246710<open>)] for JPA transaction
2026-03-16 16:52:24 [http-nio-8080-exec-5] DEBUG o.s.orm.jpa.JpaTransactionManager - Exposing JPA transaction as JDBC [org.springframework.orm.jpa.vendor.HibernateJpaDialect$HibernateConnectionHandle@17606f0c]
2026-03-16 16:52:24 [http-nio-8080-exec-5] DEBUG org.hibernate.SQL - select m1_0.menu_no,m1_0.menu_dc,m1_0.menu_nm,m1_0.menu_ordr,m1_0.modern_route,m1_0.progrm_file_nm,m1_0.relate_image_nm,m1_0.relate_image_path,m1_0.route_updated_at,m1_0.upper_menu_no from nmenuinfo m1_0 order by m1_0.upper_menu_no,m1_0.menu_ordr
2026-03-16 16:52:24 [http-nio-8080-exec-8] DEBUG o.s.orm.jpa.JpaTransactionManager - Initiating transaction commit
2026-03-16 16:52:24 [http-nio-8080-exec-8] DEBUG o.s.orm.jpa.JpaTransactionManager - Committing JPA transaction on EntityManager [SessionImpl(1465107613<open>)]
2026-03-16 16:52:24 [http-nio-8080-exec-1] DEBUG o.s.orm.jpa.JpaTransactionManager - Closing JPA EntityManager [SessionImpl(1450808594<open>)] after transaction
2026-03-16 16:52:24 [http-nio-8080-exec-9] DEBUG o.s.orm.jpa.JpaTransactionManager - Closing JPA EntityManager [SessionImpl(1344713376<open>)] after transaction
2026-03-16 16:52:24 [http-nio-8080-exec-1] INFO  c.c.p.a.c.menu.MenuController - getLeftMenu returned 1 items
2026-03-16 16:52:24 [http-nio-8080-exec-9] INFO  c.c.p.a.c.menu.MenuController - getLeftMenu returned 2 items
2026-03-16 16:52:24 [http-nio-8080-exec-1] DEBUG o.s.w.s.m.m.a.HttpEntityMethodProcessor - Using 'application/json', given [application/json, text/plain, */*] and supported [application/json, application/*+json, application/yaml]
2026-03-16 16:52:24 [http-nio-8080-exec-9] DEBUG o.s.w.s.m.m.a.HttpEntityMethodProcessor - Using 'application/json', given [application/json, text/plain, */*] and supported [application/json, application/*+json, application/yaml]
2026-03-16 16:52:24 [http-nio-8080-exec-1] TRACE o.s.w.s.m.m.a.HttpEntityMethodProcessor - Writing [ApiResponse[success=true, status=200, code=COMMON_001, message=Success, data={list=[com.company.project.service.menu.dto.MenuDto@163c5fff]}, timestamp=2026-03-16T16:52:24.897553300]]
2026-03-16 16:52:24 [http-nio-8080-exec-9] TRACE o.s.w.s.m.m.a.HttpEntityMethodProcessor - Writing [ApiResponse[success=true, status=200, code=COMMON_001, message=Success, data={list=[com.company.project.service.menu.dto.MenuDto@2488d076, com.company.project.service.menu.dto.MenuDto@60462de2]}, timestamp=2026-03-16T16:52:24.898082200]]
2026-03-16 16:52:24 [http-nio-8080-exec-9] INFO  c.c.p.a.i.OperationalAuditInterceptor - API Audit Log: URL=/api/v1/menu/left, User=user_regular, IP=0:0:0:0:0:0:0:1
2026-03-16 16:52:24 [http-nio-8080-exec-1] INFO  c.c.p.a.i.OperationalAuditInterceptor - API Audit Log: URL=/api/v1/menu/left, User=user_regular, IP=0:0:0:0:0:0:0:1
2026-03-16 16:52:24 [http-nio-8080-exec-9] DEBUG o.s.web.servlet.DispatcherServlet - Completed 200 OK
2026-03-16 16:52:24 [http-nio-8080-exec-1] DEBUG o.s.web.servlet.DispatcherServlet - Completed 200 OK
2026-03-16 16:52:24 [http-nio-8080-exec-10] DEBUG o.s.orm.jpa.JpaTransactionManager - Closing JPA EntityManager [SessionImpl(269076871<open>)] after transaction
2026-03-16 16:52:24 [http-nio-8080-exec-10] INFO  c.c.p.a.c.menu.MenuController - getLeftMenu returned 3 items
2026-03-16 16:52:24 [http-nio-8080-exec-10] DEBUG o.s.w.s.m.m.a.HttpEntityMethodProcessor - Using 'application/json', given [application/json, text/plain, */*] and supported [application/json, application/*+json, application/yaml]
2026-03-16 16:52:24 [http-nio-8080-exec-7] DEBUG o.s.orm.jpa.JpaTransactionManager - Found thread-bound EntityManager [SessionImpl(1873103043<open>)] for JPA transaction
2026-03-16 16:52:24 [http-nio-8080-exec-7] DEBUG o.s.orm.jpa.JpaTransactionManager - Participating in existing transaction
2026-03-16 16:52:24 [http-nio-8080-exec-10] TRACE o.s.w.s.m.m.a.HttpEntityMethodProcessor - Writing [ApiResponse[success=true, status=200, code=COMMON_001, message=Success, data={list=[com.company.project.service.menu.dto.MenuDto@e1edc7, com.company.project.service.menu.dto.MenuDto@3849be8c, com.company.project.service.menu.dto.MenuDto@42bc3fef]}, timestamp=2026-03-16T16:52:24.910597200]]
2026-03-16 16:52:24 [http-nio-8080-exec-10] INFO  c.c.p.a.i.OperationalAuditInterceptor - API Audit Log: URL=/api/v1/menu/left, User=user_regular, IP=0:0:0:0:0:0:0:1
2026-03-16 16:52:24 [http-nio-8080-exec-10] DEBUG o.s.web.servlet.DispatcherServlet - Completed 200 OK
2026-03-16 16:52:24 [http-nio-8080-exec-7] DEBUG org.hibernate.SQL - select p1_0.progrm_file_nm,p1_0.progrm_dc,p1_0.progrm_korean_nm,p1_0.progrm_stre_path,p1_0.url from nprogrmlist p1_0
2026-03-16 16:52:24 [http-nio-8080-exec-8] DEBUG o.s.orm.jpa.JpaTransactionManager - Closing JPA EntityManager [SessionImpl(1465107613<open>)] after transaction
2026-03-16 16:52:24 [http-nio-8080-exec-8] INFO  c.c.p.a.c.menu.MenuController - getLeftMenu returned 3 items
2026-03-16 16:52:24 [http-nio-8080-exec-8] DEBUG o.s.w.s.m.m.a.HttpEntityMethodProcessor - Using 'application/json', given [application/json, text/plain, */*] and supported [application/json, application/*+json, application/yaml]
2026-03-16 16:52:24 [http-nio-8080-exec-8] TRACE o.s.w.s.m.m.a.HttpEntityMethodProcessor - Writing [ApiResponse[success=true, status=200, code=COMMON_001, message=Success, data={list=[com.company.project.service.menu.dto.MenuDto@571f6c89, com.company.project.service.menu.dto.MenuDto@275901c9, com.company.project.service.menu.dto.MenuDto@585ac5cc]}, timestamp=2026-03-16T16:52:24.924569600]]
2026-03-16 16:52:24 [http-nio-8080-exec-8] INFO  c.c.p.a.i.OperationalAuditInterceptor - API Audit Log: URL=/api/v1/menu/left, User=user_regular, IP=0:0:0:0:0:0:0:1
2026-03-16 16:52:24 [http-nio-8080-exec-8] DEBUG o.s.web.servlet.DispatcherServlet - Completed 200 OK
2026-03-16 16:52:25 [http-nio-8080-exec-2] DEBUG o.s.orm.jpa.JpaTransactionManager - Found thread-bound EntityManager [SessionImpl(1635075025<open>)] for JPA transaction
2026-03-16 16:52:25 [http-nio-8080-exec-2] DEBUG o.s.orm.jpa.JpaTransactionManager - Participating in existing transaction
2026-03-16 16:52:25 [http-nio-8080-exec-2] DEBUG org.hibernate.SQL - select p1_0.progrm_file_nm,p1_0.progrm_dc,p1_0.progrm_korean_nm,p1_0.progrm_stre_path,p1_0.url from nprogrmlist p1_0
2026-03-16 16:52:25 [http-nio-8080-exec-4] DEBUG o.s.orm.jpa.JpaTransactionManager - Found thread-bound EntityManager [SessionImpl(1191529862<open>)] for JPA transaction
2026-03-16 16:52:25 [http-nio-8080-exec-4] DEBUG o.s.orm.jpa.JpaTransactionManager - Participating in existing transaction
2026-03-16 16:52:25 [http-nio-8080-exec-4] DEBUG org.hibernate.SQL - select p1_0.progrm_file_nm,p1_0.progrm_dc,p1_0.progrm_korean_nm,p1_0.progrm_stre_path,p1_0.url from nprogrmlist p1_0
2026-03-16 16:52:25 [http-nio-8080-exec-3] DEBUG o.s.orm.jpa.JpaTransactionManager - Found thread-bound EntityManager [SessionImpl(719242543<open>)] for JPA transaction
2026-03-16 16:52:25 [http-nio-8080-exec-3] DEBUG o.s.orm.jpa.JpaTransactionManager - Participating in existing transaction
2026-03-16 16:52:25 [http-nio-8080-exec-5] DEBUG o.s.orm.jpa.JpaTransactionManager - Found thread-bound EntityManager [SessionImpl(885246710<open>)] for JPA transaction
2026-03-16 16:52:25 [http-nio-8080-exec-5] DEBUG o.s.orm.jpa.JpaTransactionManager - Participating in existing transaction
2026-03-16 16:52:25 [http-nio-8080-exec-5] DEBUG org.hibernate.SQL - select p1_0.progrm_file_nm,p1_0.progrm_dc,p1_0.progrm_korean_nm,p1_0.progrm_stre_path,p1_0.url from nprogrmlist p1_0
2026-03-16 16:52:25 [http-nio-8080-exec-3] DEBUG org.hibernate.SQL - select p1_0.progrm_file_nm,p1_0.progrm_dc,p1_0.progrm_korean_nm,p1_0.progrm_stre_path,p1_0.url from nprogrmlist p1_0
2026-03-16 16:52:25 [http-nio-8080-exec-7] DEBUG o.s.orm.jpa.JpaTransactionManager - Initiating transaction commit
2026-03-16 16:52:25 [http-nio-8080-exec-7] DEBUG o.s.orm.jpa.JpaTransactionManager - Committing JPA transaction on EntityManager [SessionImpl(1873103043<open>)]
2026-03-16 16:52:25 [http-nio-8080-exec-2] DEBUG o.s.orm.jpa.JpaTransactionManager - Initiating transaction commit
2026-03-16 16:52:25 [http-nio-8080-exec-2] DEBUG o.s.orm.jpa.JpaTransactionManager - Committing JPA transaction on EntityManager [SessionImpl(1635075025<open>)]
2026-03-16 16:52:25 [http-nio-8080-exec-4] DEBUG o.s.orm.jpa.JpaTransactionManager - Initiating transaction commit
2026-03-16 16:52:25 [http-nio-8080-exec-4] DEBUG o.s.orm.jpa.JpaTransactionManager - Committing JPA transaction on EntityManager [SessionImpl(1191529862<open>)]
2026-03-16 16:52:25 [http-nio-8080-exec-3] DEBUG o.s.orm.jpa.JpaTransactionManager - Initiating transaction commit
2026-03-16 16:52:25 [http-nio-8080-exec-3] DEBUG o.s.orm.jpa.JpaTransactionManager - Committing JPA transaction on EntityManager [SessionImpl(719242543<open>)]
2026-03-16 16:52:25 [http-nio-8080-exec-5] DEBUG o.s.orm.jpa.JpaTransactionManager - Initiating transaction commit
2026-03-16 16:52:25 [http-nio-8080-exec-5] DEBUG o.s.orm.jpa.JpaTransactionManager - Committing JPA transaction on EntityManager [SessionImpl(885246710<open>)]
2026-03-16 16:52:25 [http-nio-8080-exec-7] DEBUG o.s.orm.jpa.JpaTransactionManager - Closing JPA EntityManager [SessionImpl(1873103043<open>)] after transaction
2026-03-16 16:52:25 [http-nio-8080-exec-7] INFO  c.c.p.a.c.menu.MenuController - getLeftMenu returned 1 items
2026-03-16 16:52:25 [http-nio-8080-exec-7] DEBUG o.s.w.s.m.m.a.HttpEntityMethodProcessor - Using 'application/json', given [application/json, text/plain, */*] and supported [application/json, application/*+json, application/yaml]
2026-03-16 16:52:25 [http-nio-8080-exec-7] TRACE o.s.w.s.m.m.a.HttpEntityMethodProcessor - Writing [ApiResponse[success=true, status=200, code=COMMON_001, message=Success, data={list=[com.company.project.service.menu.dto.MenuDto@396588c4]}, timestamp=2026-03-16T16:52:25.283179400]]
2026-03-16 16:52:25 [http-nio-8080-exec-7] INFO  c.c.p.a.i.OperationalAuditInterceptor - API Audit Log: URL=/api/v1/menu/left, User=user_regular, IP=0:0:0:0:0:0:0:1
2026-03-16 16:52:25 [http-nio-8080-exec-7] DEBUG o.s.web.servlet.DispatcherServlet - Completed 200 OK
2026-03-16 16:52:25 [http-nio-8080-exec-2] DEBUG o.s.orm.jpa.JpaTransactionManager - Closing JPA EntityManager [SessionImpl(1635075025<open>)] after transaction
2026-03-16 16:52:25 [http-nio-8080-exec-2] INFO  c.c.p.a.c.menu.MenuController - getLeftMenu returned 5 items
2026-03-16 16:52:25 [http-nio-8080-exec-2] DEBUG o.s.w.s.m.m.a.HttpEntityMethodProcessor - Using 'application/json', given [application/json, text/plain, */*] and supported [application/json, application/*+json, application/yaml]
2026-03-16 16:52:25 [http-nio-8080-exec-2] TRACE o.s.w.s.m.m.a.HttpEntityMethodProcessor - Writing [ApiResponse[success=true, status=200, code=COMMON_001, message=Success, data={list=[com.company.project.service.menu.dto.MenuDto@516fdeab, com.company.project.service.menu.dto.MenuDto@1ad08c51, com.company.project.service.menu.dto.MenuDto@1505affc, com.company.project.service.menu.dto.MenuDto@648f1ee, com.company.project.service.menu.dto.MenuDto@29fdfd0a]}, timestamp=2026-03-16T16:52:25.344656800]]
2026-03-16 16:52:25 [http-nio-8080-exec-2] INFO  c.c.p.a.i.OperationalAuditInterceptor - API Audit Log: URL=/api/v1/menu/left, User=user_regular, IP=0:0:0:0:0:0:0:1
2026-03-16 16:52:25 [http-nio-8080-exec-2] DEBUG o.s.web.servlet.DispatcherServlet - Completed 200 OK
2026-03-16 16:52:25 [http-nio-8080-exec-4] DEBUG o.s.orm.jpa.JpaTransactionManager - Closing JPA EntityManager [SessionImpl(1191529862<open>)] after transaction
2026-03-16 16:52:25 [http-nio-8080-exec-4] INFO  c.c.p.a.c.menu.MenuController - getLeftMenu returned 2 items
2026-03-16 16:52:25 [http-nio-8080-exec-4] DEBUG o.s.w.s.m.m.a.HttpEntityMethodProcessor - Using 'application/json', given [application/json, text/plain, */*] and supported [application/json, application/*+json, application/yaml]
2026-03-16 16:52:25 [http-nio-8080-exec-4] TRACE o.s.w.s.m.m.a.HttpEntityMethodProcessor - Writing [ApiResponse[success=true, status=200, code=COMMON_001, message=Success, data={list=[com.company.project.service.menu.dto.MenuDto@6fea1869, com.company.project.service.menu.dto.MenuDto@6e072729]}, timestamp=2026-03-16T16:52:25.352779400]]
2026-03-16 16:52:25 [http-nio-8080-exec-4] INFO  c.c.p.a.i.OperationalAuditInterceptor - API Audit Log: URL=/api/v1/menu/left, User=user_regular, IP=0:0:0:0:0:0:0:1
2026-03-16 16:52:25 [http-nio-8080-exec-4] DEBUG o.s.web.servlet.DispatcherServlet - Completed 200 OK
2026-03-16 16:52:25 [http-nio-8080-exec-5] DEBUG o.s.orm.jpa.JpaTransactionManager - Closing JPA EntityManager [SessionImpl(885246710<open>)] after transaction
2026-03-16 16:52:25 [http-nio-8080-exec-3] DEBUG o.s.orm.jpa.JpaTransactionManager - Closing JPA EntityManager [SessionImpl(719242543<open>)] after transaction
2026-03-16 16:52:25 [http-nio-8080-exec-5] INFO  c.c.p.a.c.menu.MenuController - getLeftMenu returned 3 items
2026-03-16 16:52:25 [http-nio-8080-exec-3] INFO  c.c.p.a.c.menu.MenuController - getLeftMenu returned 3 items
2026-03-16 16:52:25 [http-nio-8080-exec-3] DEBUG o.s.w.s.m.m.a.HttpEntityMethodProcessor - Using 'application/json', given [application/json, text/plain, */*] and supported [application/json, application/*+json, application/yaml]
2026-03-16 16:52:25 [http-nio-8080-exec-5] DEBUG o.s.w.s.m.m.a.HttpEntityMethodProcessor - Using 'application/json', given [application/json, text/plain, */*] and supported [application/json, application/*+json, application/yaml]
2026-03-16 16:52:25 [http-nio-8080-exec-3] TRACE o.s.w.s.m.m.a.HttpEntityMethodProcessor - Writing [ApiResponse[success=true, status=200, code=COMMON_001, message=Success, data={list=[com.company.project.service.menu.dto.MenuDto@37e8832a, com.company.project.service.menu.dto.MenuDto@46eb5b73, com.company.project.service.menu.dto.MenuDto@2940c60c]}, timestamp=2026-03-16T16:52:25.435927900]]
2026-03-16 16:52:25 [http-nio-8080-exec-5] TRACE o.s.w.s.m.m.a.HttpEntityMethodProcessor - Writing [ApiResponse[success=true, status=200, code=COMMON_001, message=Success, data={list=[com.company.project.service.menu.dto.MenuDto@17a3e171, com.company.project.service.menu.dto.MenuDto@70a8f89, com.company.project.service.menu.dto.MenuDto@5a434023]}, timestamp=2026-03-16T16:52:25.435927900]]
2026-03-16 16:52:25 [http-nio-8080-exec-3] INFO  c.c.p.a.i.OperationalAuditInterceptor - API Audit Log: URL=/api/v1/menu/left, User=user_regular, IP=0:0:0:0:0:0:0:1
2026-03-16 16:52:25 [http-nio-8080-exec-5] INFO  c.c.p.a.i.OperationalAuditInterceptor - API Audit Log: URL=/api/v1/menu/left, User=user_regular, IP=0:0:0:0:0:0:0:1
2026-03-16 16:52:25 [http-nio-8080-exec-3] DEBUG o.s.web.servlet.DispatcherServlet - Completed 200 OK
2026-03-16 16:52:25 [http-nio-8080-exec-5] DEBUG o.s.web.servlet.DispatcherServlet - Completed 200 OK
2026-03-16 16:52:25 [http-nio-8080-exec-1] DEBUG c.c.p.s.jwt.JwtAuthenticationFilter - >>> [JwtFilter] Processing request: GET /api/v1/menu/head
2026-03-16 16:52:25 [http-nio-8080-exec-9] DEBUG c.c.p.s.jwt.JwtAuthenticationFilter - >>> [JwtFilter] Processing request: GET /api/v1/auth/me
2026-03-16 16:52:25 [http-nio-8080-exec-6] DEBUG c.c.p.s.jwt.JwtAuthenticationFilter - >>> [JwtFilter] Processing request: GET /api/v1/menu/left
2026-03-16 16:52:25 [http-nio-8080-exec-1] DEBUG c.c.p.s.jwt.JwtAuthenticationFilter - >>> [JwtFilter] Found token in header for path: /api/v1/menu/head
2026-03-16 16:52:25 [http-nio-8080-exec-9] DEBUG c.c.p.s.jwt.JwtAuthenticationFilter - >>> [JwtFilter] Found token in header for path: /api/v1/auth/me
2026-03-16 16:52:25 [http-nio-8080-exec-6] DEBUG c.c.p.s.jwt.JwtAuthenticationFilter - >>> [JwtFilter] Found token in header for path: /api/v1/menu/left
2026-03-16 16:52:25 [http-nio-8080-exec-9] DEBUG o.s.orm.jpa.JpaTransactionManager - Creating new transaction with name [com.company.project.security.iam.CustomUserDetailsService.loadUserByUsername]: PROPAGATION_REQUIRED,ISOLATION_DEFAULT,readOnly
2026-03-16 16:52:25 [http-nio-8080-exec-6] DEBUG o.s.orm.jpa.JpaTransactionManager - Creating new transaction with name [com.company.project.security.iam.CustomUserDetailsService.loadUserByUsername]: PROPAGATION_REQUIRED,ISOLATION_DEFAULT,readOnly
2026-03-16 16:52:25 [http-nio-8080-exec-6] DEBUG o.s.orm.jpa.JpaTransactionManager - Opened new EntityManager [SessionImpl(1127480611<open>)] for JPA transaction
2026-03-16 16:52:25 [http-nio-8080-exec-9] DEBUG o.s.orm.jpa.JpaTransactionManager - Opened new EntityManager [SessionImpl(952901048<open>)] for JPA transaction
2026-03-16 16:52:25 [http-nio-8080-exec-1] DEBUG o.s.orm.jpa.JpaTransactionManager - Creating new transaction with name [com.company.project.security.iam.CustomUserDetailsService.loadUserByUsername]: PROPAGATION_REQUIRED,ISOLATION_DEFAULT,readOnly
2026-03-16 16:52:25 [http-nio-8080-exec-1] DEBUG o.s.orm.jpa.JpaTransactionManager - Opened new EntityManager [SessionImpl(150950913<open>)] for JPA transaction
2026-03-16 16:52:25 [http-nio-8080-exec-1] DEBUG o.s.orm.jpa.JpaTransactionManager - Exposing JPA transaction as JDBC [org.springframework.orm.jpa.vendor.HibernateJpaDialect$HibernateConnectionHandle@6201c3f7]
2026-03-16 16:52:25 [http-nio-8080-exec-9] DEBUG o.s.orm.jpa.JpaTransactionManager - Exposing JPA transaction as JDBC [org.springframework.orm.jpa.vendor.HibernateJpaDialect$HibernateConnectionHandle@5aa561b7]
2026-03-16 16:52:25 [http-nio-8080-exec-1] DEBUG o.s.orm.jpa.JpaTransactionManager - Found thread-bound EntityManager [SessionImpl(150950913<open>)] for JPA transaction
2026-03-16 16:52:25 [http-nio-8080-exec-9] DEBUG o.s.orm.jpa.JpaTransactionManager - Found thread-bound EntityManager [SessionImpl(952901048<open>)] for JPA transaction
2026-03-16 16:52:25 [http-nio-8080-exec-1] DEBUG o.s.orm.jpa.JpaTransactionManager - Participating in existing transaction
2026-03-16 16:52:25 [http-nio-8080-exec-6] DEBUG o.s.orm.jpa.JpaTransactionManager - Exposing JPA transaction as JDBC [org.springframework.orm.jpa.vendor.HibernateJpaDialect$HibernateConnectionHandle@7365ef79]
2026-03-16 16:52:25 [http-nio-8080-exec-9] DEBUG o.s.orm.jpa.JpaTransactionManager - Participating in existing transaction
2026-03-16 16:52:25 [http-nio-8080-exec-6] DEBUG o.s.orm.jpa.JpaTransactionManager - Found thread-bound EntityManager [SessionImpl(1127480611<open>)] for JPA transaction
2026-03-16 16:52:25 [http-nio-8080-exec-6] DEBUG o.s.orm.jpa.JpaTransactionManager - Participating in existing transaction
2026-03-16 16:52:25 [http-nio-8080-exec-6] DEBUG org.hibernate.SQL - select u1_0.emplyr_id,u1_0.area_no,u1_0.brthdy,u1_0.chg_pwd_cnt,u1_0.frst_register_id,u1_0.frst_regist_pnttm,u1_0.detail_adres,u1_0.email_adres,u1_0.emplyr_sttus_code,u1_0.empl_no,u1_0.esntl_id,u1_0.fxnum,u1_0.group_id,u1_0.house_adres,u1_0.house_end_telno,u1_0.house_middle_telno,u1_0.ihidnum,u1_0.pstinst_code,u1_0.last_updusr_id,u1_0.last_updt_pnttm,u1_0.lock_at,u1_0.lock_cnt,u1_0.lock_last_pnttm,u1_0.mbtlnum,u1_0.ofcps_nm,u1_0.offm_telno,u1_0.orgnzt_id,u1_0.password,u1_0.password_cnsr,u1_0.password_hint,u1_0.chg_pwd_last_pnttm,u1_0.role,u1_0.sbscrb_de,u1_0.sexdstn_code,u1_0.crtfc_dn_value,u1_0.user_nm,u1_0.zip from nemplyrinfo u1_0 where u1_0.emplyr_id=?
2026-03-16 16:52:25 [http-nio-8080-exec-1] DEBUG org.hibernate.SQL - select u1_0.emplyr_id,u1_0.area_no,u1_0.brthdy,u1_0.chg_pwd_cnt,u1_0.frst_register_id,u1_0.frst_regist_pnttm,u1_0.detail_adres,u1_0.email_adres,u1_0.emplyr_sttus_code,u1_0.empl_no,u1_0.esntl_id,u1_0.fxnum,u1_0.group_id,u1_0.house_adres,u1_0.house_end_telno,u1_0.house_middle_telno,u1_0.ihidnum,u1_0.pstinst_code,u1_0.last_updusr_id,u1_0.last_updt_pnttm,u1_0.lock_at,u1_0.lock_cnt,u1_0.lock_last_pnttm,u1_0.mbtlnum,u1_0.ofcps_nm,u1_0.offm_telno,u1_0.orgnzt_id,u1_0.password,u1_0.password_cnsr,u1_0.password_hint,u1_0.chg_pwd_last_pnttm,u1_0.role,u1_0.sbscrb_de,u1_0.sexdstn_code,u1_0.crtfc_dn_value,u1_0.user_nm,u1_0.zip from nemplyrinfo u1_0 where u1_0.emplyr_id=?
2026-03-16 16:52:25 [http-nio-8080-exec-9] DEBUG org.hibernate.SQL - select u1_0.emplyr_id,u1_0.area_no,u1_0.brthdy,u1_0.chg_pwd_cnt,u1_0.frst_register_id,u1_0.frst_regist_pnttm,u1_0.detail_adres,u1_0.email_adres,u1_0.emplyr_sttus_code,u1_0.empl_no,u1_0.esntl_id,u1_0.fxnum,u1_0.group_id,u1_0.house_adres,u1_0.house_end_telno,u1_0.house_middle_telno,u1_0.ihidnum,u1_0.pstinst_code,u1_0.last_updusr_id,u1_0.last_updt_pnttm,u1_0.lock_at,u1_0.lock_cnt,u1_0.lock_last_pnttm,u1_0.mbtlnum,u1_0.ofcps_nm,u1_0.offm_telno,u1_0.orgnzt_id,u1_0.password,u1_0.password_cnsr,u1_0.password_hint,u1_0.chg_pwd_last_pnttm,u1_0.role,u1_0.sbscrb_de,u1_0.sexdstn_code,u1_0.crtfc_dn_value,u1_0.user_nm,u1_0.zip from nemplyrinfo u1_0 where u1_0.emplyr_id=?
2026-03-16 16:52:26 [http-nio-8080-exec-9] DEBUG o.s.orm.jpa.JpaTransactionManager - Found thread-bound EntityManager [SessionImpl(952901048<open>)] for JPA transaction
2026-03-16 16:52:26 [http-nio-8080-exec-9] DEBUG o.s.orm.jpa.JpaTransactionManager - Participating in existing transaction
2026-03-16 16:52:26 [http-nio-8080-exec-9] DEBUG org.hibernate.SQL - select ua1_0.scrty_dtrmn_trget_id,ua1_0.author_code,ua1_0.frst_register_id,ua1_0.frst_regist_pnttm,ua1_0.last_updusr_id,ua1_0.last_updt_pnttm,ua1_0.mber_ty_code from nemplyrscrtyestbs ua1_0 where ua1_0.scrty_dtrmn_trget_id=?
2026-03-16 16:52:26 [http-nio-8080-exec-1] DEBUG o.s.orm.jpa.JpaTransactionManager - Found thread-bound EntityManager [SessionImpl(150950913<open>)] for JPA transaction
2026-03-16 16:52:26 [http-nio-8080-exec-6] DEBUG o.s.orm.jpa.JpaTransactionManager - Found thread-bound EntityManager [SessionImpl(1127480611<open>)] for JPA transaction
2026-03-16 16:52:26 [http-nio-8080-exec-1] DEBUG o.s.orm.jpa.JpaTransactionManager - Participating in existing transaction
2026-03-16 16:52:26 [http-nio-8080-exec-6] DEBUG o.s.orm.jpa.JpaTransactionManager - Participating in existing transaction
2026-03-16 16:52:26 [http-nio-8080-exec-6] DEBUG org.hibernate.SQL - select ua1_0.scrty_dtrmn_trget_id,ua1_0.author_code,ua1_0.frst_register_id,ua1_0.frst_regist_pnttm,ua1_0.last_updusr_id,ua1_0.last_updt_pnttm,ua1_0.mber_ty_code from nemplyrscrtyestbs ua1_0 where ua1_0.scrty_dtrmn_trget_id=?
2026-03-16 16:52:26 [http-nio-8080-exec-1] DEBUG org.hibernate.SQL - select ua1_0.scrty_dtrmn_trget_id,ua1_0.author_code,ua1_0.frst_register_id,ua1_0.frst_regist_pnttm,ua1_0.last_updusr_id,ua1_0.last_updt_pnttm,ua1_0.mber_ty_code from nemplyrscrtyestbs ua1_0 where ua1_0.scrty_dtrmn_trget_id=?
2026-03-16 16:52:26 [http-nio-8080-exec-7] DEBUG c.c.p.s.jwt.JwtAuthenticationFilter - >>> [JwtFilter] Processing request: GET /api/v1/auth/me
2026-03-16 16:52:26 [http-nio-8080-exec-8] DEBUG c.c.p.s.jwt.JwtAuthenticationFilter - >>> [JwtFilter] Processing request: GET /api/v1/menu/head
2026-03-16 16:52:26 [http-nio-8080-exec-7] DEBUG c.c.p.s.jwt.JwtAuthenticationFilter - >>> [JwtFilter] Found token in header for path: /api/v1/auth/me
2026-03-16 16:52:26 [http-nio-8080-exec-10] DEBUG c.c.p.s.jwt.JwtAuthenticationFilter - >>> [JwtFilter] Processing request: GET /api/v1/menu/left
2026-03-16 16:52:26 [http-nio-8080-exec-8] DEBUG c.c.p.s.jwt.JwtAuthenticationFilter - >>> [JwtFilter] Found token in header for path: /api/v1/menu/head
2026-03-16 16:52:26 [http-nio-8080-exec-10] DEBUG c.c.p.s.jwt.JwtAuthenticationFilter - >>> [JwtFilter] Found token in header for path: /api/v1/menu/left
2026-03-16 16:52:26 [http-nio-8080-exec-7] DEBUG o.s.orm.jpa.JpaTransactionManager - Creating new transaction with name [com.company.project.security.iam.CustomUserDetailsService.loadUserByUsername]: PROPAGATION_REQUIRED,ISOLATION_DEFAULT,readOnly
2026-03-16 16:52:26 [http-nio-8080-exec-8] DEBUG o.s.orm.jpa.JpaTransactionManager - Creating new transaction with name [com.company.project.security.iam.CustomUserDetailsService.loadUserByUsername]: PROPAGATION_REQUIRED,ISOLATION_DEFAULT,readOnly
2026-03-16 16:52:26 [http-nio-8080-exec-10] DEBUG o.s.orm.jpa.JpaTransactionManager - Creating new transaction with name [com.company.project.security.iam.CustomUserDetailsService.loadUserByUsername]: PROPAGATION_REQUIRED,ISOLATION_DEFAULT,readOnly
2026-03-16 16:52:26 [http-nio-8080-exec-7] DEBUG o.s.orm.jpa.JpaTransactionManager - Opened new EntityManager [SessionImpl(1779188909<open>)] for JPA transaction
2026-03-16 16:52:26 [http-nio-8080-exec-8] DEBUG o.s.orm.jpa.JpaTransactionManager - Opened new EntityManager [SessionImpl(566010594<open>)] for JPA transaction
2026-03-16 16:52:26 [http-nio-8080-exec-10] DEBUG o.s.orm.jpa.JpaTransactionManager - Opened new EntityManager [SessionImpl(1825822381<open>)] for JPA transaction
2026-03-16 16:52:26 [http-nio-8080-exec-9] DEBUG o.s.orm.jpa.JpaTransactionManager - Initiating transaction commit
2026-03-16 16:52:26 [http-nio-8080-exec-9] DEBUG o.s.orm.jpa.JpaTransactionManager - Committing JPA transaction on EntityManager [SessionImpl(952901048<open>)]
2026-03-16 16:52:26 [http-nio-8080-exec-1] DEBUG o.s.orm.jpa.JpaTransactionManager - Initiating transaction commit
2026-03-16 16:52:26 [http-nio-8080-exec-1] DEBUG o.s.orm.jpa.JpaTransactionManager - Committing JPA transaction on EntityManager [SessionImpl(150950913<open>)]
2026-03-16 16:52:26 [http-nio-8080-exec-6] DEBUG o.s.orm.jpa.JpaTransactionManager - Initiating transaction commit
2026-03-16 16:52:26 [http-nio-8080-exec-6] DEBUG o.s.orm.jpa.JpaTransactionManager - Committing JPA transaction on EntityManager [SessionImpl(1127480611<open>)]
2026-03-16 16:52:26 [http-nio-8080-exec-10] DEBUG o.s.orm.jpa.JpaTransactionManager - Exposing JPA transaction as JDBC [org.springframework.orm.jpa.vendor.HibernateJpaDialect$HibernateConnectionHandle@63539125]
2026-03-16 16:52:26 [http-nio-8080-exec-8] DEBUG o.s.orm.jpa.JpaTransactionManager - Exposing JPA transaction as JDBC [org.springframework.orm.jpa.vendor.HibernateJpaDialect$HibernateConnectionHandle@d6bf978]
2026-03-16 16:52:26 [http-nio-8080-exec-7] DEBUG o.s.orm.jpa.JpaTransactionManager - Exposing JPA transaction as JDBC [org.springframework.orm.jpa.vendor.HibernateJpaDialect$HibernateConnectionHandle@54d44fc4]
2026-03-16 16:52:26 [http-nio-8080-exec-10] DEBUG o.s.orm.jpa.JpaTransactionManager - Found thread-bound EntityManager [SessionImpl(1825822381<open>)] for JPA transaction
2026-03-16 16:52:26 [http-nio-8080-exec-10] DEBUG o.s.orm.jpa.JpaTransactionManager - Participating in existing transaction
2026-03-16 16:52:26 [http-nio-8080-exec-8] DEBUG o.s.orm.jpa.JpaTransactionManager - Found thread-bound EntityManager [SessionImpl(566010594<open>)] for JPA transaction
2026-03-16 16:52:26 [http-nio-8080-exec-7] DEBUG o.s.orm.jpa.JpaTransactionManager - Found thread-bound EntityManager [SessionImpl(1779188909<open>)] for JPA transaction
2026-03-16 16:52:26 [http-nio-8080-exec-8] DEBUG o.s.orm.jpa.JpaTransactionManager - Participating in existing transaction
2026-03-16 16:52:26 [http-nio-8080-exec-7] DEBUG o.s.orm.jpa.JpaTransactionManager - Participating in existing transaction
2026-03-16 16:52:26 [http-nio-8080-exec-10] DEBUG org.hibernate.SQL - select u1_0.emplyr_id,u1_0.area_no,u1_0.brthdy,u1_0.chg_pwd_cnt,u1_0.frst_register_id,u1_0.frst_regist_pnttm,u1_0.detail_adres,u1_0.email_adres,u1_0.emplyr_sttus_code,u1_0.empl_no,u1_0.esntl_id,u1_0.fxnum,u1_0.group_id,u1_0.house_adres,u1_0.house_end_telno,u1_0.house_middle_telno,u1_0.ihidnum,u1_0.pstinst_code,u1_0.last_updusr_id,u1_0.last_updt_pnttm,u1_0.lock_at,u1_0.lock_cnt,u1_0.lock_last_pnttm,u1_0.mbtlnum,u1_0.ofcps_nm,u1_0.offm_telno,u1_0.orgnzt_id,u1_0.password,u1_0.password_cnsr,u1_0.password_hint,u1_0.chg_pwd_last_pnttm,u1_0.role,u1_0.sbscrb_de,u1_0.sexdstn_code,u1_0.crtfc_dn_value,u1_0.user_nm,u1_0.zip from nemplyrinfo u1_0 where u1_0.emplyr_id=?
2026-03-16 16:52:26 [http-nio-8080-exec-7] DEBUG org.hibernate.SQL - select u1_0.emplyr_id,u1_0.area_no,u1_0.brthdy,u1_0.chg_pwd_cnt,u1_0.frst_register_id,u1_0.frst_regist_pnttm,u1_0.detail_adres,u1_0.email_adres,u1_0.emplyr_sttus_code,u1_0.empl_no,u1_0.esntl_id,u1_0.fxnum,u1_0.group_id,u1_0.house_adres,u1_0.house_end_telno,u1_0.house_middle_telno,u1_0.ihidnum,u1_0.pstinst_code,u1_0.last_updusr_id,u1_0.last_updt_pnttm,u1_0.lock_at,u1_0.lock_cnt,u1_0.lock_last_pnttm,u1_0.mbtlnum,u1_0.ofcps_nm,u1_0.offm_telno,u1_0.orgnzt_id,u1_0.password,u1_0.password_cnsr,u1_0.password_hint,u1_0.chg_pwd_last_pnttm,u1_0.role,u1_0.sbscrb_de,u1_0.sexdstn_code,u1_0.crtfc_dn_value,u1_0.user_nm,u1_0.zip from nemplyrinfo u1_0 where u1_0.emplyr_id=?
2026-03-16 16:52:26 [http-nio-8080-exec-8] DEBUG org.hibernate.SQL - select u1_0.emplyr_id,u1_0.area_no,u1_0.brthdy,u1_0.chg_pwd_cnt,u1_0.frst_register_id,u1_0.frst_regist_pnttm,u1_0.detail_adres,u1_0.email_adres,u1_0.emplyr_sttus_code,u1_0.empl_no,u1_0.esntl_id,u1_0.fxnum,u1_0.group_id,u1_0.house_adres,u1_0.house_end_telno,u1_0.house_middle_telno,u1_0.ihidnum,u1_0.pstinst_code,u1_0.last_updusr_id,u1_0.last_updt_pnttm,u1_0.lock_at,u1_0.lock_cnt,u1_0.lock_last_pnttm,u1_0.mbtlnum,u1_0.ofcps_nm,u1_0.offm_telno,u1_0.orgnzt_id,u1_0.password,u1_0.password_cnsr,u1_0.password_hint,u1_0.chg_pwd_last_pnttm,u1_0.role,u1_0.sbscrb_de,u1_0.sexdstn_code,u1_0.crtfc_dn_value,u1_0.user_nm,u1_0.zip from nemplyrinfo u1_0 where u1_0.emplyr_id=?
2026-03-16 16:52:26 [http-nio-8080-exec-9] DEBUG o.s.orm.jpa.JpaTransactionManager - Closing JPA EntityManager [SessionImpl(952901048<open>)] after transaction
2026-03-16 16:52:26 [http-nio-8080-exec-9] DEBUG c.c.p.s.jwt.JwtAuthenticationFilter - >>> [JwtFilter] Successfully authenticated user: USRCNFRM_00000000002, Authorities: [ROLE_USER]
2026-03-16 16:52:26 [http-nio-8080-exec-9] DEBUG o.s.web.servlet.DispatcherServlet - GET "/api/v1/auth/me", parameters={}
2026-03-16 16:52:26 [http-nio-8080-exec-9] TRACE o.s.w.s.m.m.a.RequestMappingHandlerMapping - Mapped to com.company.project.api.auth.AuthController#getCurrentUser()
2026-03-16 16:52:26 [http-nio-8080-exec-9] DEBUG o.s.w.s.m.m.a.RequestResponseBodyMethodProcessor - Using 'application/json', given [application/json, text/plain, */*] and supported [application/json, application/*+json, application/yaml]
2026-03-16 16:52:26 [http-nio-8080-exec-9] TRACE o.s.w.s.m.m.a.RequestResponseBodyMethodProcessor - Writing [ApiResponse[success=true, status=200, code=COMMON_001, message=Success, data={role=ROLE_USER, userSe=USR, name=일반사용자, id=user_regular}, timestamp=2026-03-16T16:52:26.428868600]]
2026-03-16 16:52:26 [http-nio-8080-exec-1] DEBUG o.s.orm.jpa.JpaTransactionManager - Closing JPA EntityManager [SessionImpl(150950913<open>)] after transaction
2026-03-16 16:52:26 [http-nio-8080-exec-9] INFO  c.c.p.a.i.OperationalAuditInterceptor - API Audit Log: URL=/api/v1/auth/me, User=user_regular, IP=127.0.0.1
2026-03-16 16:52:26 [http-nio-8080-exec-1] DEBUG c.c.p.s.jwt.JwtAuthenticationFilter - >>> [JwtFilter] Successfully authenticated user: USRCNFRM_00000000002, Authorities: [ROLE_USER]
2026-03-16 16:52:26 [http-nio-8080-exec-9] DEBUG o.s.web.servlet.DispatcherServlet - Completed 200 OK
2026-03-16 16:52:26 [http-nio-8080-exec-1] DEBUG o.s.web.servlet.DispatcherServlet - GET "/api/v1/menu/head", parameters={}
2026-03-16 16:52:26 [http-nio-8080-exec-1] TRACE o.s.w.s.m.m.a.RequestMappingHandlerMapping - Mapped to com.company.project.api.controller.menu.MenuController#getHeadMenu()
2026-03-16 16:52:26 [http-nio-8080-exec-1] INFO  c.c.p.a.c.menu.MenuController - getHeadMenu called
2026-03-16 16:52:26 [http-nio-8080-exec-1] INFO  c.c.p.a.c.menu.MenuController - getHeadMenu returned 5 items
2026-03-16 16:52:26 [http-nio-8080-exec-1] DEBUG o.s.w.s.m.m.a.HttpEntityMethodProcessor - Using 'application/json', given [application/json, text/plain, */*] and supported [application/json, application/*+json, application/yaml]
2026-03-16 16:52:26 [http-nio-8080-exec-1] TRACE o.s.w.s.m.m.a.HttpEntityMethodProcessor - Writing [ApiResponse[success=true, status=200, code=COMMON_001, message=Success, data={list=[com.company.project.service.menu.dto.MenuDto@4839fef0, com.company.project.service.menu.dto.MenuDto@1c69c1c2, com.company.project.service.menu.dto.MenuDto@6f5d2c3d, com.company.project.service.menu.dto.MenuDto@6314b47d, com.company.project.service.menu.dto.MenuDto@645d0891]}, timestamp=2026-03-16T16:52:26.431498]]
2026-03-16 16:52:26 [http-nio-8080-exec-1] INFO  c.c.p.a.i.OperationalAuditInterceptor - API Audit Log: URL=/api/v1/menu/head, User=user_regular, IP=127.0.0.1
2026-03-16 16:52:26 [http-nio-8080-exec-1] DEBUG o.s.web.servlet.DispatcherServlet - Completed 200 OK
2026-03-16 16:52:26 [http-nio-8080-exec-6] DEBUG o.s.orm.jpa.JpaTransactionManager - Closing JPA EntityManager [SessionImpl(1127480611<open>)] after transaction
2026-03-16 16:52:26 [http-nio-8080-exec-6] DEBUG c.c.p.s.jwt.JwtAuthenticationFilter - >>> [JwtFilter] Successfully authenticated user: USRCNFRM_00000000002, Authorities: [ROLE_USER]
2026-03-16 16:52:26 [http-nio-8080-exec-6] DEBUG o.s.web.servlet.DispatcherServlet - GET "/api/v1/menu/left?menuNo=10", parameters={masked}
2026-03-16 16:52:26 [http-nio-8080-exec-6] TRACE o.s.w.s.m.m.a.RequestMappingHandlerMapping - Mapped to com.company.project.api.controller.menu.MenuController#getLeftMenu(Long)
2026-03-16 16:52:26 [http-nio-8080-exec-6] INFO  c.c.p.a.c.menu.MenuController - getLeftMenu called with menuNo=10
2026-03-16 16:52:26 [http-nio-8080-exec-6] DEBUG o.s.orm.jpa.JpaTransactionManager - Creating new transaction with name [com.company.project.service.menu.MenuService.getSubMenus]: PROPAGATION_REQUIRED,ISOLATION_DEFAULT,readOnly
2026-03-16 16:52:26 [http-nio-8080-exec-6] DEBUG o.s.orm.jpa.JpaTransactionManager - Opened new EntityManager [SessionImpl(147186944<open>)] for JPA transaction
2026-03-16 16:52:26 [http-nio-8080-exec-6] DEBUG o.s.orm.jpa.JpaTransactionManager - Exposing JPA transaction as JDBC [org.springframework.orm.jpa.vendor.HibernateJpaDialect$HibernateConnectionHandle@693ce01d]
2026-03-16 16:52:26 [http-nio-8080-exec-6] DEBUG org.hibernate.SQL - select m1_0.menu_no,m1_0.menu_dc,m1_0.menu_nm,m1_0.menu_ordr,m1_0.modern_route,m1_0.progrm_file_nm,m1_0.relate_image_nm,m1_0.relate_image_path,m1_0.route_updated_at,m1_0.upper_menu_no from nmenuinfo m1_0 order by m1_0.upper_menu_no,m1_0.menu_ordr
2026-03-16 16:52:26 [http-nio-8080-exec-2] DEBUG c.c.p.s.jwt.JwtAuthenticationFilter - >>> [JwtFilter] Processing request: GET /api/v1/notifications
2026-03-16 16:52:26 [http-nio-8080-exec-4] DEBUG c.c.p.s.jwt.JwtAuthenticationFilter - >>> [JwtFilter] Processing request: GET /api/v1/notifications/unread-count
2026-03-16 16:52:26 [http-nio-8080-exec-2] DEBUG c.c.p.s.jwt.JwtAuthenticationFilter - >>> [JwtFilter] Found token in header for path: /api/v1/notifications
2026-03-16 16:52:26 [http-nio-8080-exec-4] DEBUG c.c.p.s.jwt.JwtAuthenticationFilter - >>> [JwtFilter] Found token in header for path: /api/v1/notifications/unread-count
2026-03-16 16:52:26 [http-nio-8080-exec-4] DEBUG o.s.orm.jpa.JpaTransactionManager - Creating new transaction with name [com.company.project.security.iam.CustomUserDetailsService.loadUserByUsername]: PROPAGATION_REQUIRED,ISOLATION_DEFAULT,readOnly
2026-03-16 16:52:26 [http-nio-8080-exec-2] DEBUG o.s.orm.jpa.JpaTransactionManager - Creating new transaction with name [com.company.project.security.iam.CustomUserDetailsService.loadUserByUsername]: PROPAGATION_REQUIRED,ISOLATION_DEFAULT,readOnly
2026-03-16 16:52:26 [http-nio-8080-exec-4] DEBUG o.s.orm.jpa.JpaTransactionManager - Opened new EntityManager [SessionImpl(937720979<open>)] for JPA transaction
2026-03-16 16:52:26 [http-nio-8080-exec-2] DEBUG o.s.orm.jpa.JpaTransactionManager - Opened new EntityManager [SessionImpl(928079456<open>)] for JPA transaction
2026-03-16 16:52:26 [http-nio-8080-exec-5] DEBUG o.s.web.servlet.DispatcherServlet - GET "/ws/info?t=1773647546453", parameters={masked}
2026-03-16 16:52:26 [http-nio-8080-exec-5] DEBUG o.s.w.s.s.s.WebSocketHandlerMapping - Mapped to org.springframework.web.socket.sockjs.support.SockJsHttpRequestHandler@3d80b7ba
2026-03-16 16:52:26 [http-nio-8080-exec-5] DEBUG o.s.w.s.s.t.h.DefaultSockJsService - Processing transport request: GET http://localhost:8080/ws/info?t=1773647546453
2026-03-16 16:52:26 [http-nio-8080-exec-5] DEBUG o.s.web.servlet.DispatcherServlet - Completed 200 OK
2026-03-16 16:52:26 [http-nio-8080-exec-3] DEBUG o.s.web.servlet.DispatcherServlet - GET "/ws/950/o2gg2bvd/websocket", parameters={}
2026-03-16 16:52:26 [http-nio-8080-exec-3] DEBUG o.s.w.s.s.s.WebSocketHandlerMapping - Mapped to org.springframework.web.socket.sockjs.support.SockJsHttpRequestHandler@3d80b7ba
2026-03-16 16:52:26 [http-nio-8080-exec-3] DEBUG o.s.w.s.s.t.h.DefaultSockJsService - Processing transport request: GET http://localhost:8080/ws/950/o2gg2bvd/websocket
2026-03-16 16:52:26 [http-nio-8080-exec-3] DEBUG o.s.web.servlet.DispatcherServlet - Completed 101 SWITCHING_PROTOCOLS
2026-03-16 16:52:26 [http-nio-8080-exec-3] DEBUG o.s.w.s.h.LoggingWebSocketHandlerDecorator - New WebSocketServerSockJsSession[id=o2gg2bvd]
2026-03-16 16:52:26 [http-nio-8080-exec-10] DEBUG o.s.orm.jpa.JpaTransactionManager - Found thread-bound EntityManager [SessionImpl(1825822381<open>)] for JPA transaction
2026-03-16 16:52:26 [http-nio-8080-exec-10] DEBUG o.s.orm.jpa.JpaTransactionManager - Participating in existing transaction
2026-03-16 16:52:26 [http-nio-8080-exec-10] DEBUG org.hibernate.SQL - select ua1_0.scrty_dtrmn_trget_id,ua1_0.author_code,ua1_0.frst_register_id,ua1_0.frst_regist_pnttm,ua1_0.last_updusr_id,ua1_0.last_updt_pnttm,ua1_0.mber_ty_code from nemplyrscrtyestbs ua1_0 where ua1_0.scrty_dtrmn_trget_id=?
2026-03-16 16:52:26 [scheduling-1] DEBUG org.springframework.web.SimpLogging - Processing CONNECT session=o2gg2bvd
2026-03-16 16:52:26 [http-nio-8080-exec-7] DEBUG o.s.orm.jpa.JpaTransactionManager - Found thread-bound EntityManager [SessionImpl(1779188909<open>)] for JPA transaction
2026-03-16 16:52:26 [http-nio-8080-exec-8] DEBUG o.s.orm.jpa.JpaTransactionManager - Found thread-bound EntityManager [SessionImpl(566010594<open>)] for JPA transaction
2026-03-16 16:52:26 [http-nio-8080-exec-7] DEBUG o.s.orm.jpa.JpaTransactionManager - Participating in existing transaction
2026-03-16 16:52:26 [http-nio-8080-exec-8] DEBUG o.s.orm.jpa.JpaTransactionManager - Participating in existing transaction
2026-03-16 16:52:26 [http-nio-8080-exec-8] DEBUG org.hibernate.SQL - select ua1_0.scrty_dtrmn_trget_id,ua1_0.author_code,ua1_0.frst_register_id,ua1_0.frst_regist_pnttm,ua1_0.last_updusr_id,ua1_0.last_updt_pnttm,ua1_0.mber_ty_code from nemplyrscrtyestbs ua1_0 where ua1_0.scrty_dtrmn_trget_id=?
2026-03-16 16:52:26 [http-nio-8080-exec-7] DEBUG org.hibernate.SQL - select ua1_0.scrty_dtrmn_trget_id,ua1_0.author_code,ua1_0.frst_register_id,ua1_0.frst_regist_pnttm,ua1_0.last_updusr_id,ua1_0.last_updt_pnttm,ua1_0.mber_ty_code from nemplyrscrtyestbs ua1_0 where ua1_0.scrty_dtrmn_trget_id=?
2026-03-16 16:52:26 [scheduling-1] DEBUG org.springframework.web.SimpLogging - Processing SUBSCRIBE /topic/notices id=sub-0 session=o2gg2bvd
2026-03-16 16:52:26 [scheduling-1] DEBUG org.springframework.web.SimpLogging - Processing SUBSCRIBE destination=/queue/notifications-usero2gg2bvd subscriptionId=sub-1 session=o2gg2bvd payload=byte[0]
2026-03-16 16:52:26 [scheduling-1] DEBUG org.springframework.web.SimpLogging - Processing SUBSCRIBE /topic/public id=sub-2 session=o2gg2bvd
2026-03-16 16:52:26 [http-nio-8080-exec-4] DEBUG o.s.orm.jpa.JpaTransactionManager - Exposing JPA transaction as JDBC [org.springframework.orm.jpa.vendor.HibernateJpaDialect$HibernateConnectionHandle@6dcfd1c3]
2026-03-16 16:52:26 [http-nio-8080-exec-2] DEBUG o.s.orm.jpa.JpaTransactionManager - Exposing JPA transaction as JDBC [org.springframework.orm.jpa.vendor.HibernateJpaDialect$HibernateConnectionHandle@f137d39]
2026-03-16 16:52:26 [http-nio-8080-exec-4] DEBUG o.s.orm.jpa.JpaTransactionManager - Found thread-bound EntityManager [SessionImpl(937720979<open>)] for JPA transaction
2026-03-16 16:52:26 [http-nio-8080-exec-4] DEBUG o.s.orm.jpa.JpaTransactionManager - Participating in existing transaction
2026-03-16 16:52:26 [http-nio-8080-exec-2] DEBUG o.s.orm.jpa.JpaTransactionManager - Found thread-bound EntityManager [SessionImpl(928079456<open>)] for JPA transaction
2026-03-16 16:52:26 [http-nio-8080-exec-2] DEBUG o.s.orm.jpa.JpaTransactionManager - Participating in existing transaction
2026-03-16 16:52:26 [http-nio-8080-exec-4] DEBUG org.hibernate.SQL - select u1_0.emplyr_id,u1_0.area_no,u1_0.brthdy,u1_0.chg_pwd_cnt,u1_0.frst_register_id,u1_0.frst_regist_pnttm,u1_0.detail_adres,u1_0.email_adres,u1_0.emplyr_sttus_code,u1_0.empl_no,u1_0.esntl_id,u1_0.fxnum,u1_0.group_id,u1_0.house_adres,u1_0.house_end_telno,u1_0.house_middle_telno,u1_0.ihidnum,u1_0.pstinst_code,u1_0.last_updusr_id,u1_0.last_updt_pnttm,u1_0.lock_at,u1_0.lock_cnt,u1_0.lock_last_pnttm,u1_0.mbtlnum,u1_0.ofcps_nm,u1_0.offm_telno,u1_0.orgnzt_id,u1_0.password,u1_0.password_cnsr,u1_0.password_hint,u1_0.chg_pwd_last_pnttm,u1_0.role,u1_0.sbscrb_de,u1_0.sexdstn_code,u1_0.crtfc_dn_value,u1_0.user_nm,u1_0.zip from nemplyrinfo u1_0 where u1_0.emplyr_id=?
2026-03-16 16:52:26 [http-nio-8080-exec-2] DEBUG org.hibernate.SQL - select u1_0.emplyr_id,u1_0.area_no,u1_0.brthdy,u1_0.chg_pwd_cnt,u1_0.frst_register_id,u1_0.frst_regist_pnttm,u1_0.detail_adres,u1_0.email_adres,u1_0.emplyr_sttus_code,u1_0.empl_no,u1_0.esntl_id,u1_0.fxnum,u1_0.group_id,u1_0.house_adres,u1_0.house_end_telno,u1_0.house_middle_telno,u1_0.ihidnum,u1_0.pstinst_code,u1_0.last_updusr_id,u1_0.last_updt_pnttm,u1_0.lock_at,u1_0.lock_cnt,u1_0.lock_last_pnttm,u1_0.mbtlnum,u1_0.ofcps_nm,u1_0.offm_telno,u1_0.orgnzt_id,u1_0.password,u1_0.password_cnsr,u1_0.password_hint,u1_0.chg_pwd_last_pnttm,u1_0.role,u1_0.sbscrb_de,u1_0.sexdstn_code,u1_0.crtfc_dn_value,u1_0.user_nm,u1_0.zip from nemplyrinfo u1_0 where u1_0.emplyr_id=?
2026-03-16 16:52:26 [http-nio-8080-exec-10] DEBUG o.s.orm.jpa.JpaTransactionManager - Initiating transaction commit
2026-03-16 16:52:26 [http-nio-8080-exec-10] DEBUG o.s.orm.jpa.JpaTransactionManager - Committing JPA transaction on EntityManager [SessionImpl(1825822381<open>)]
2026-03-16 16:52:26 [http-nio-8080-exec-7] DEBUG o.s.orm.jpa.JpaTransactionManager - Initiating transaction commit
2026-03-16 16:52:26 [http-nio-8080-exec-8] DEBUG o.s.orm.jpa.JpaTransactionManager - Initiating transaction commit
2026-03-16 16:52:26 [http-nio-8080-exec-7] DEBUG o.s.orm.jpa.JpaTransactionManager - Committing JPA transaction on EntityManager [SessionImpl(1779188909<open>)]
2026-03-16 16:52:26 [http-nio-8080-exec-8] DEBUG o.s.orm.jpa.JpaTransactionManager - Committing JPA transaction on EntityManager [SessionImpl(566010594<open>)]
2026-03-16 16:52:26 [http-nio-8080-exec-4] DEBUG o.s.orm.jpa.JpaTransactionManager - Found thread-bound EntityManager [SessionImpl(937720979<open>)] for JPA transaction
2026-03-16 16:52:26 [http-nio-8080-exec-4] DEBUG o.s.orm.jpa.JpaTransactionManager - Participating in existing transaction
2026-03-16 16:52:26 [http-nio-8080-exec-4] DEBUG org.hibernate.SQL - select ua1_0.scrty_dtrmn_trget_id,ua1_0.author_code,ua1_0.frst_register_id,ua1_0.frst_regist_pnttm,ua1_0.last_updusr_id,ua1_0.last_updt_pnttm,ua1_0.mber_ty_code from nemplyrscrtyestbs ua1_0 where ua1_0.scrty_dtrmn_trget_id=?
2026-03-16 16:52:26 [http-nio-8080-exec-2] DEBUG o.s.orm.jpa.JpaTransactionManager - Found thread-bound EntityManager [SessionImpl(928079456<open>)] for JPA transaction
2026-03-16 16:52:26 [http-nio-8080-exec-2] DEBUG o.s.orm.jpa.JpaTransactionManager - Participating in existing transaction
2026-03-16 16:52:26 [http-nio-8080-exec-2] DEBUG org.hibernate.SQL - select ua1_0.scrty_dtrmn_trget_id,ua1_0.author_code,ua1_0.frst_register_id,ua1_0.frst_regist_pnttm,ua1_0.last_updusr_id,ua1_0.last_updt_pnttm,ua1_0.mber_ty_code from nemplyrscrtyestbs ua1_0 where ua1_0.scrty_dtrmn_trget_id=?
2026-03-16 16:52:26 [http-nio-8080-exec-6] DEBUG o.s.orm.jpa.JpaTransactionManager - Found thread-bound EntityManager [SessionImpl(147186944<open>)] for JPA transaction
2026-03-16 16:52:26 [http-nio-8080-exec-6] DEBUG o.s.orm.jpa.JpaTransactionManager - Participating in existing transaction
2026-03-16 16:52:26 [http-nio-8080-exec-6] DEBUG org.hibernate.SQL - select p1_0.progrm_file_nm,p1_0.progrm_dc,p1_0.progrm_korean_nm,p1_0.progrm_stre_path,p1_0.url from nprogrmlist p1_0
2026-03-16 16:52:26 [http-nio-8080-exec-10] DEBUG o.s.orm.jpa.JpaTransactionManager - Closing JPA EntityManager [SessionImpl(1825822381<open>)] after transaction
2026-03-16 16:52:26 [http-nio-8080-exec-10] DEBUG c.c.p.s.jwt.JwtAuthenticationFilter - >>> [JwtFilter] Successfully authenticated user: USRCNFRM_00000000002, Authorities: [ROLE_USER]
2026-03-16 16:52:26 [http-nio-8080-exec-10] DEBUG o.s.web.servlet.DispatcherServlet - GET "/api/v1/menu/left?menuNo=10", parameters={masked}
2026-03-16 16:52:26 [http-nio-8080-exec-10] TRACE o.s.w.s.m.m.a.RequestMappingHandlerMapping - Mapped to com.company.project.api.controller.menu.MenuController#getLeftMenu(Long)
2026-03-16 16:52:26 [http-nio-8080-exec-10] INFO  c.c.p.a.c.menu.MenuController - getLeftMenu called with menuNo=10
2026-03-16 16:52:26 [http-nio-8080-exec-10] DEBUG o.s.orm.jpa.JpaTransactionManager - Creating new transaction with name [com.company.project.service.menu.MenuService.getSubMenus]: PROPAGATION_REQUIRED,ISOLATION_DEFAULT,readOnly
2026-03-16 16:52:26 [http-nio-8080-exec-10] DEBUG o.s.orm.jpa.JpaTransactionManager - Opened new EntityManager [SessionImpl(626914657<open>)] for JPA transaction
2026-03-16 16:52:26 [http-nio-8080-exec-10] DEBUG o.s.orm.jpa.JpaTransactionManager - Exposing JPA transaction as JDBC [org.springframework.orm.jpa.vendor.HibernateJpaDialect$HibernateConnectionHandle@4f1053f4]
2026-03-16 16:52:26 [http-nio-8080-exec-10] DEBUG org.hibernate.SQL - select m1_0.menu_no,m1_0.menu_dc,m1_0.menu_nm,m1_0.menu_ordr,m1_0.modern_route,m1_0.progrm_file_nm,m1_0.relate_image_nm,m1_0.relate_image_path,m1_0.route_updated_at,m1_0.upper_menu_no from nmenuinfo m1_0 order by m1_0.upper_menu_no,m1_0.menu_ordr
2026-03-16 16:52:26 [http-nio-8080-exec-8] DEBUG o.s.orm.jpa.JpaTransactionManager - Closing JPA EntityManager [SessionImpl(566010594<open>)] after transaction
2026-03-16 16:52:26 [http-nio-8080-exec-7] DEBUG o.s.orm.jpa.JpaTransactionManager - Closing JPA EntityManager [SessionImpl(1779188909<open>)] after transaction
2026-03-16 16:52:26 [http-nio-8080-exec-8] DEBUG c.c.p.s.jwt.JwtAuthenticationFilter - >>> [JwtFilter] Successfully authenticated user: USRCNFRM_00000000002, Authorities: [ROLE_USER]
2026-03-16 16:52:26 [http-nio-8080-exec-7] DEBUG c.c.p.s.jwt.JwtAuthenticationFilter - >>> [JwtFilter] Successfully authenticated user: USRCNFRM_00000000002, Authorities: [ROLE_USER]
2026-03-16 16:52:26 [http-nio-8080-exec-8] DEBUG o.s.web.servlet.DispatcherServlet - GET "/api/v1/menu/head", parameters={}
2026-03-16 16:52:26 [http-nio-8080-exec-8] TRACE o.s.w.s.m.m.a.RequestMappingHandlerMapping - Mapped to com.company.project.api.controller.menu.MenuController#getHeadMenu()
2026-03-16 16:52:26 [http-nio-8080-exec-8] INFO  c.c.p.a.c.menu.MenuController - getHeadMenu called
2026-03-16 16:52:26 [http-nio-8080-exec-8] INFO  c.c.p.a.c.menu.MenuController - getHeadMenu returned 5 items
2026-03-16 16:52:26 [http-nio-8080-exec-8] DEBUG o.s.w.s.m.m.a.HttpEntityMethodProcessor - Using 'application/json', given [application/json, text/plain, */*] and supported [application/json, application/*+json, application/yaml]
2026-03-16 16:52:26 [http-nio-8080-exec-7] DEBUG o.s.web.servlet.DispatcherServlet - GET "/api/v1/auth/me", parameters={}
2026-03-16 16:52:26 [http-nio-8080-exec-8] TRACE o.s.w.s.m.m.a.HttpEntityMethodProcessor - Writing [ApiResponse[success=true, status=200, code=COMMON_001, message=Success, data={list=[com.company.project.service.menu.dto.MenuDto@4839fef0, com.company.project.service.menu.dto.MenuDto@1c69c1c2, com.company.project.service.menu.dto.MenuDto@6f5d2c3d, com.company.project.service.menu.dto.MenuDto@6314b47d, com.company.project.service.menu.dto.MenuDto@645d0891]}, timestamp=2026-03-16T16:52:26.869949500]]
2026-03-16 16:52:26 [http-nio-8080-exec-7] TRACE o.s.w.s.m.m.a.RequestMappingHandlerMapping - Mapped to com.company.project.api.auth.AuthController#getCurrentUser()
2026-03-16 16:52:26 [http-nio-8080-exec-7] DEBUG o.s.w.s.m.m.a.RequestResponseBodyMethodProcessor - Using 'application/json', given [application/json, text/plain, */*] and supported [application/json, application/*+json, application/yaml]
2026-03-16 16:52:26 [http-nio-8080-exec-7] TRACE o.s.w.s.m.m.a.RequestResponseBodyMethodProcessor - Writing [ApiResponse[success=true, status=200, code=COMMON_001, message=Success, data={role=ROLE_USER, userSe=USR, name=일반사용자, id=user_regular}, timestamp=2026-03-16T16:52:26.869949500]]
2026-03-16 16:52:26 [http-nio-8080-exec-7] INFO  c.c.p.a.i.OperationalAuditInterceptor - API Audit Log: URL=/api/v1/auth/me, User=user_regular, IP=127.0.0.1
2026-03-16 16:52:26 [http-nio-8080-exec-7] DEBUG o.s.web.servlet.DispatcherServlet - Completed 200 OK
2026-03-16 16:52:26 [http-nio-8080-exec-8] INFO  c.c.p.a.i.OperationalAuditInterceptor - API Audit Log: URL=/api/v1/menu/head, User=user_regular, IP=127.0.0.1
2026-03-16 16:52:26 [http-nio-8080-exec-8] DEBUG o.s.web.servlet.DispatcherServlet - Completed 200 OK
2026-03-16 16:52:26 [http-nio-8080-exec-5] DEBUG o.s.web.servlet.DispatcherServlet - GET "/ws/info?t=1773647546889", parameters={masked}
2026-03-16 16:52:26 [http-nio-8080-exec-9] DEBUG c.c.p.s.jwt.JwtAuthenticationFilter - >>> [JwtFilter] Processing request: GET /api/v1/notifications/unread-count
2026-03-16 16:52:26 [http-nio-8080-exec-3] DEBUG c.c.p.s.jwt.JwtAuthenticationFilter - >>> [JwtFilter] Processing request: GET /api/v1/notifications
2026-03-16 16:52:26 [http-nio-8080-exec-5] DEBUG o.s.w.s.s.s.WebSocketHandlerMapping - Mapped to org.springframework.web.socket.sockjs.support.SockJsHttpRequestHandler@3d80b7ba
2026-03-16 16:52:26 [http-nio-8080-exec-9] DEBUG c.c.p.s.jwt.JwtAuthenticationFilter - >>> [JwtFilter] Found token in header for path: /api/v1/notifications/unread-count
2026-03-16 16:52:26 [http-nio-8080-exec-3] DEBUG c.c.p.s.jwt.JwtAuthenticationFilter - >>> [JwtFilter] Found token in header for path: /api/v1/notifications
2026-03-16 16:52:26 [http-nio-8080-exec-5] DEBUG o.s.w.s.s.t.h.DefaultSockJsService - Processing transport request: GET http://localhost:8080/ws/info?t=1773647546889
2026-03-16 16:52:26 [http-nio-8080-exec-5] DEBUG o.s.web.servlet.DispatcherServlet - Completed 200 OK
2026-03-16 16:52:26 [http-nio-8080-exec-3] DEBUG o.s.orm.jpa.JpaTransactionManager - Creating new transaction with name [com.company.project.security.iam.CustomUserDetailsService.loadUserByUsername]: PROPAGATION_REQUIRED,ISOLATION_DEFAULT,readOnly
2026-03-16 16:52:26 [http-nio-8080-exec-9] DEBUG o.s.orm.jpa.JpaTransactionManager - Creating new transaction with name [com.company.project.security.iam.CustomUserDetailsService.loadUserByUsername]: PROPAGATION_REQUIRED,ISOLATION_DEFAULT,readOnly
2026-03-16 16:52:26 [http-nio-8080-exec-3] DEBUG o.s.orm.jpa.JpaTransactionManager - Opened new EntityManager [SessionImpl(390463799<open>)] for JPA transaction
2026-03-16 16:52:26 [http-nio-8080-exec-9] DEBUG o.s.orm.jpa.JpaTransactionManager - Opened new EntityManager [SessionImpl(1629652987<open>)] for JPA transaction
2026-03-16 16:52:26 [http-nio-8080-exec-9] DEBUG o.s.orm.jpa.JpaTransactionManager - Exposing JPA transaction as JDBC [org.springframework.orm.jpa.vendor.HibernateJpaDialect$HibernateConnectionHandle@3e72dcb2]
2026-03-16 16:52:26 [http-nio-8080-exec-9] DEBUG o.s.orm.jpa.JpaTransactionManager - Found thread-bound EntityManager [SessionImpl(1629652987<open>)] for JPA transaction
2026-03-16 16:52:26 [http-nio-8080-exec-9] DEBUG o.s.orm.jpa.JpaTransactionManager - Participating in existing transaction
2026-03-16 16:52:26 [http-nio-8080-exec-9] DEBUG org.hibernate.SQL - select u1_0.emplyr_id,u1_0.area_no,u1_0.brthdy,u1_0.chg_pwd_cnt,u1_0.frst_register_id,u1_0.frst_regist_pnttm,u1_0.detail_adres,u1_0.email_adres,u1_0.emplyr_sttus_code,u1_0.empl_no,u1_0.esntl_id,u1_0.fxnum,u1_0.group_id,u1_0.house_adres,u1_0.house_end_telno,u1_0.house_middle_telno,u1_0.ihidnum,u1_0.pstinst_code,u1_0.last_updusr_id,u1_0.last_updt_pnttm,u1_0.lock_at,u1_0.lock_cnt,u1_0.lock_last_pnttm,u1_0.mbtlnum,u1_0.ofcps_nm,u1_0.offm_telno,u1_0.orgnzt_id,u1_0.password,u1_0.password_cnsr,u1_0.password_hint,u1_0.chg_pwd_last_pnttm,u1_0.role,u1_0.sbscrb_de,u1_0.sexdstn_code,u1_0.crtfc_dn_value,u1_0.user_nm,u1_0.zip from nemplyrinfo u1_0 where u1_0.emplyr_id=?
2026-03-16 16:52:26 [http-nio-8080-exec-1] DEBUG o.s.web.servlet.DispatcherServlet - GET "/ws/578/ei50iu2v/websocket", parameters={}
2026-03-16 16:52:26 [http-nio-8080-exec-1] DEBUG o.s.w.s.s.s.WebSocketHandlerMapping - Mapped to org.springframework.web.socket.sockjs.support.SockJsHttpRequestHandler@3d80b7ba
2026-03-16 16:52:26 [http-nio-8080-exec-1] DEBUG o.s.w.s.s.t.h.DefaultSockJsService - Processing transport request: GET http://localhost:8080/ws/578/ei50iu2v/websocket
2026-03-16 16:52:26 [http-nio-8080-exec-1] DEBUG o.s.web.servlet.DispatcherServlet - Completed 101 SWITCHING_PROTOCOLS
2026-03-16 16:52:26 [http-nio-8080-exec-1] DEBUG o.s.w.s.h.LoggingWebSocketHandlerDecorator - New WebSocketServerSockJsSession[id=ei50iu2v]
2026-03-16 16:52:26 [scheduling-1] DEBUG org.springframework.web.SimpLogging - Processing CONNECT session=ei50iu2v
2026-03-16 16:52:26 [scheduling-1] DEBUG org.springframework.web.SimpLogging - Processing SUBSCRIBE /topic/notices id=sub-0 session=ei50iu2v
2026-03-16 16:52:26 [scheduling-1] DEBUG org.springframework.web.SimpLogging - Processing SUBSCRIBE destination=/queue/notifications-userei50iu2v subscriptionId=sub-1 session=ei50iu2v payload=byte[0]
2026-03-16 16:52:26 [scheduling-1] DEBUG org.springframework.web.SimpLogging - Processing SUBSCRIBE /topic/public id=sub-2 session=ei50iu2v
2026-03-16 16:52:26 [http-nio-8080-exec-4] DEBUG o.s.orm.jpa.JpaTransactionManager - Initiating transaction commit
2026-03-16 16:52:26 [http-nio-8080-exec-4] DEBUG o.s.orm.jpa.JpaTransactionManager - Committing JPA transaction on EntityManager [SessionImpl(937720979<open>)]
2026-03-16 16:52:26 [http-nio-8080-exec-2] DEBUG o.s.orm.jpa.JpaTransactionManager - Initiating transaction commit
2026-03-16 16:52:26 [http-nio-8080-exec-2] DEBUG o.s.orm.jpa.JpaTransactionManager - Committing JPA transaction on EntityManager [SessionImpl(928079456<open>)]
2026-03-16 16:52:26 [http-nio-8080-exec-6] DEBUG o.s.orm.jpa.JpaTransactionManager - Initiating transaction commit
2026-03-16 16:52:26 [http-nio-8080-exec-6] DEBUG o.s.orm.jpa.JpaTransactionManager - Committing JPA transaction on EntityManager [SessionImpl(147186944<open>)]
2026-03-16 16:52:27 [http-nio-8080-exec-9] DEBUG o.s.orm.jpa.JpaTransactionManager - Found thread-bound EntityManager [SessionImpl(1629652987<open>)] for JPA transaction
2026-03-16 16:52:27 [http-nio-8080-exec-9] DEBUG o.s.orm.jpa.JpaTransactionManager - Participating in existing transaction
2026-03-16 16:52:27 [http-nio-8080-exec-9] DEBUG org.hibernate.SQL - select ua1_0.scrty_dtrmn_trget_id,ua1_0.author_code,ua1_0.frst_register_id,ua1_0.frst_regist_pnttm,ua1_0.last_updusr_id,ua1_0.last_updt_pnttm,ua1_0.mber_ty_code from nemplyrscrtyestbs ua1_0 where ua1_0.scrty_dtrmn_trget_id=?
2026-03-16 16:52:27 [http-nio-8080-exec-3] DEBUG o.s.orm.jpa.JpaTransactionManager - Exposing JPA transaction as JDBC [org.springframework.orm.jpa.vendor.HibernateJpaDialect$HibernateConnectionHandle@3aa4c567]
2026-03-16 16:52:27 [http-nio-8080-exec-3] DEBUG o.s.orm.jpa.JpaTransactionManager - Found thread-bound EntityManager [SessionImpl(390463799<open>)] for JPA transaction
2026-03-16 16:52:27 [http-nio-8080-exec-3] DEBUG o.s.orm.jpa.JpaTransactionManager - Participating in existing transaction
2026-03-16 16:52:27 [http-nio-8080-exec-3] DEBUG org.hibernate.SQL - select u1_0.emplyr_id,u1_0.area_no,u1_0.brthdy,u1_0.chg_pwd_cnt,u1_0.frst_register_id,u1_0.frst_regist_pnttm,u1_0.detail_adres,u1_0.email_adres,u1_0.emplyr_sttus_code,u1_0.empl_no,u1_0.esntl_id,u1_0.fxnum,u1_0.group_id,u1_0.house_adres,u1_0.house_end_telno,u1_0.house_middle_telno,u1_0.ihidnum,u1_0.pstinst_code,u1_0.last_updusr_id,u1_0.last_updt_pnttm,u1_0.lock_at,u1_0.lock_cnt,u1_0.lock_last_pnttm,u1_0.mbtlnum,u1_0.ofcps_nm,u1_0.offm_telno,u1_0.orgnzt_id,u1_0.password,u1_0.password_cnsr,u1_0.password_hint,u1_0.chg_pwd_last_pnttm,u1_0.role,u1_0.sbscrb_de,u1_0.sexdstn_code,u1_0.crtfc_dn_value,u1_0.user_nm,u1_0.zip from nemplyrinfo u1_0 where u1_0.emplyr_id=?
2026-03-16 16:52:27 [http-nio-8080-exec-2] DEBUG o.s.orm.jpa.JpaTransactionManager - Closing JPA EntityManager [SessionImpl(928079456<open>)] after transaction
2026-03-16 16:52:27 [http-nio-8080-exec-4] DEBUG o.s.orm.jpa.JpaTransactionManager - Closing JPA EntityManager [SessionImpl(937720979<open>)] after transaction
2026-03-16 16:52:27 [http-nio-8080-exec-2] DEBUG c.c.p.s.jwt.JwtAuthenticationFilter - >>> [JwtFilter] Successfully authenticated user: USRCNFRM_00000000002, Authorities: [ROLE_USER]
2026-03-16 16:52:27 [http-nio-8080-exec-4] DEBUG c.c.p.s.jwt.JwtAuthenticationFilter - >>> [JwtFilter] Successfully authenticated user: USRCNFRM_00000000002, Authorities: [ROLE_USER]
2026-03-16 16:52:27 [http-nio-8080-exec-2] DEBUG o.s.web.servlet.DispatcherServlet - GET "/api/v1/notifications", parameters={}
2026-03-16 16:52:27 [http-nio-8080-exec-4] DEBUG o.s.web.servlet.DispatcherServlet - GET "/api/v1/notifications/unread-count", parameters={}
2026-03-16 16:52:27 [http-nio-8080-exec-2] TRACE o.s.w.s.m.m.a.RequestMappingHandlerMapping - Mapped to com.company.project.api.controller.notification.NotificationController#getMyNotifications(UserDetails)
2026-03-16 16:52:27 [http-nio-8080-exec-4] TRACE o.s.w.s.m.m.a.RequestMappingHandlerMapping - Mapped to com.company.project.api.controller.notification.NotificationController#getUnreadCount(UserDetails)
2026-03-16 16:52:27 [http-nio-8080-exec-4] DEBUG o.s.orm.jpa.JpaTransactionManager - Creating new transaction with name [com.company.project.service.notification.NotificationService.getUnreadCount]: PROPAGATION_REQUIRED,ISOLATION_DEFAULT,readOnly
2026-03-16 16:52:27 [http-nio-8080-exec-2] DEBUG o.s.orm.jpa.JpaTransactionManager - Creating new transaction with name [com.company.project.service.notification.NotificationService.getActiveNotifications]: PROPAGATION_REQUIRED,ISOLATION_DEFAULT,readOnly
2026-03-16 16:52:27 [http-nio-8080-exec-4] DEBUG o.s.orm.jpa.JpaTransactionManager - Opened new EntityManager [SessionImpl(137804285<open>)] for JPA transaction
2026-03-16 16:52:27 [http-nio-8080-exec-2] DEBUG o.s.orm.jpa.JpaTransactionManager - Opened new EntityManager [SessionImpl(507383420<open>)] for JPA transaction
2026-03-16 16:52:27 [http-nio-8080-exec-4] DEBUG o.s.orm.jpa.JpaTransactionManager - Exposing JPA transaction as JDBC [org.springframework.orm.jpa.vendor.HibernateJpaDialect$HibernateConnectionHandle@1cb95c5a]
2026-03-16 16:52:27 [http-nio-8080-exec-2] DEBUG o.s.orm.jpa.JpaTransactionManager - Exposing JPA transaction as JDBC [org.springframework.orm.jpa.vendor.HibernateJpaDialect$HibernateConnectionHandle@12040763]
2026-03-16 16:52:27 [http-nio-8080-exec-2] DEBUG o.s.orm.jpa.JpaTransactionManager - Found thread-bound EntityManager [SessionImpl(507383420<open>)] for JPA transaction
2026-03-16 16:52:27 [http-nio-8080-exec-2] DEBUG o.s.orm.jpa.JpaTransactionManager - Participating in existing transaction
2026-03-16 16:52:27 [http-nio-8080-exec-2] DEBUG org.hibernate.SQL - select n1_0.ntcn_no,n1_0.frst_register_id,n1_0.frst_regist_pnttm,n1_0.is_read,n1_0.last_updusr_id,n1_0.last_updt_pnttm,n1_0.link_url,n1_0.ntcn_cn,n1_0.ntcn_sj,n1_0.receiver_id from n_user_notification n1_0
2026-03-16 16:52:27 [http-nio-8080-exec-6] DEBUG o.s.orm.jpa.JpaTransactionManager - Closing JPA EntityManager [SessionImpl(147186944<open>)] after transaction
2026-03-16 16:52:27 [http-nio-8080-exec-6] INFO  c.c.p.a.c.menu.MenuController - getLeftMenu returned 5 items
2026-03-16 16:52:27 [http-nio-8080-exec-6] DEBUG o.s.w.s.m.m.a.HttpEntityMethodProcessor - Using 'application/json', given [application/json, text/plain, */*] and supported [application/json, application/*+json, application/yaml]
2026-03-16 16:52:27 [http-nio-8080-exec-6] TRACE o.s.w.s.m.m.a.HttpEntityMethodProcessor - Writing [ApiResponse[success=true, status=200, code=COMMON_001, message=Success, data={list=[com.company.project.service.menu.dto.MenuDto@64fa5381, com.company.project.service.menu.dto.MenuDto@65a945dc, com.company.project.service.menu.dto.MenuDto@755d4c51, com.company.project.service.menu.dto.MenuDto@7bb7f95e, com.company.project.service.menu.dto.MenuDto@4de7cbf2]}, timestamp=2026-03-16T16:52:27.089722]]
2026-03-16 16:52:27 [http-nio-8080-exec-6] INFO  c.c.p.a.i.OperationalAuditInterceptor - API Audit Log: URL=/api/v1/menu/left, User=user_regular, IP=127.0.0.1
2026-03-16 16:52:27 [http-nio-8080-exec-6] DEBUG o.s.web.servlet.DispatcherServlet - Completed 200 OK
2026-03-16 16:52:27 [http-nio-8080-exec-4] DEBUG org.hibernate.SQL - select count(n1_0.ntcn_no) from n_user_notification n1_0 where n1_0.receiver_id=? and n1_0.is_read=?
2026-03-16 16:52:27 [http-nio-8080-exec-1] DEBUG c.c.p.s.jwt.JwtAuthenticationFilter - >>> [JwtFilter] Processing request: GET /api/v1/menu/left
2026-03-16 16:52:27 [http-nio-8080-exec-1] DEBUG c.c.p.s.jwt.JwtAuthenticationFilter - >>> [JwtFilter] Found token in header for path: /api/v1/menu/left
2026-03-16 16:52:27 [http-nio-8080-exec-1] DEBUG o.s.orm.jpa.JpaTransactionManager - Creating new transaction with name [com.company.project.security.iam.CustomUserDetailsService.loadUserByUsername]: PROPAGATION_REQUIRED,ISOLATION_DEFAULT,readOnly
2026-03-16 16:52:27 [http-nio-8080-exec-1] DEBUG o.s.orm.jpa.JpaTransactionManager - Opened new EntityManager [SessionImpl(1255270646<open>)] for JPA transaction
2026-03-16 16:52:27 [http-nio-8080-exec-10] DEBUG o.s.orm.jpa.JpaTransactionManager - Found thread-bound EntityManager [SessionImpl(626914657<open>)] for JPA transaction
2026-03-16 16:52:27 [http-nio-8080-exec-10] DEBUG o.s.orm.jpa.JpaTransactionManager - Participating in existing transaction
2026-03-16 16:52:27 [http-nio-8080-exec-10] DEBUG org.hibernate.SQL - select p1_0.progrm_file_nm,p1_0.progrm_dc,p1_0.progrm_korean_nm,p1_0.progrm_stre_path,p1_0.url from nprogrmlist p1_0
2026-03-16 16:52:27 [http-nio-8080-exec-9] DEBUG o.s.orm.jpa.JpaTransactionManager - Initiating transaction commit
2026-03-16 16:52:27 [http-nio-8080-exec-9] DEBUG o.s.orm.jpa.JpaTransactionManager - Committing JPA transaction on EntityManager [SessionImpl(1629652987<open>)]
2026-03-16 16:52:27 [http-nio-8080-exec-3] DEBUG o.s.orm.jpa.JpaTransactionManager - Found thread-bound EntityManager [SessionImpl(390463799<open>)] for JPA transaction
2026-03-16 16:52:27 [http-nio-8080-exec-3] DEBUG o.s.orm.jpa.JpaTransactionManager - Participating in existing transaction
2026-03-16 16:52:27 [http-nio-8080-exec-3] DEBUG org.hibernate.SQL - select ua1_0.scrty_dtrmn_trget_id,ua1_0.author_code,ua1_0.frst_register_id,ua1_0.frst_regist_pnttm,ua1_0.last_updusr_id,ua1_0.last_updt_pnttm,ua1_0.mber_ty_code from nemplyrscrtyestbs ua1_0 where ua1_0.scrty_dtrmn_trget_id=?
2026-03-16 16:52:27 [http-nio-8080-exec-2] DEBUG o.s.orm.jpa.JpaTransactionManager - Initiating transaction commit
2026-03-16 16:52:27 [http-nio-8080-exec-2] DEBUG o.s.orm.jpa.JpaTransactionManager - Committing JPA transaction on EntityManager [SessionImpl(507383420<open>)]
2026-03-16 16:52:27 [http-nio-8080-exec-1] DEBUG o.s.orm.jpa.JpaTransactionManager - Exposing JPA transaction as JDBC [org.springframework.orm.jpa.vendor.HibernateJpaDialect$HibernateConnectionHandle@4c7c4bd4]
2026-03-16 16:52:27 [http-nio-8080-exec-1] DEBUG o.s.orm.jpa.JpaTransactionManager - Found thread-bound EntityManager [SessionImpl(1255270646<open>)] for JPA transaction
2026-03-16 16:52:27 [http-nio-8080-exec-1] DEBUG o.s.orm.jpa.JpaTransactionManager - Participating in existing transaction
2026-03-16 16:52:27 [http-nio-8080-exec-1] DEBUG org.hibernate.SQL - select u1_0.emplyr_id,u1_0.area_no,u1_0.brthdy,u1_0.chg_pwd_cnt,u1_0.frst_register_id,u1_0.frst_regist_pnttm,u1_0.detail_adres,u1_0.email_adres,u1_0.emplyr_sttus_code,u1_0.empl_no,u1_0.esntl_id,u1_0.fxnum,u1_0.group_id,u1_0.house_adres,u1_0.house_end_telno,u1_0.house_middle_telno,u1_0.ihidnum,u1_0.pstinst_code,u1_0.last_updusr_id,u1_0.last_updt_pnttm,u1_0.lock_at,u1_0.lock_cnt,u1_0.lock_last_pnttm,u1_0.mbtlnum,u1_0.ofcps_nm,u1_0.offm_telno,u1_0.orgnzt_id,u1_0.password,u1_0.password_cnsr,u1_0.password_hint,u1_0.chg_pwd_last_pnttm,u1_0.role,u1_0.sbscrb_de,u1_0.sexdstn_code,u1_0.crtfc_dn_value,u1_0.user_nm,u1_0.zip from nemplyrinfo u1_0 where u1_0.emplyr_id=?
2026-03-16 16:52:27 [http-nio-8080-exec-4] DEBUG o.s.orm.jpa.JpaTransactionManager - Initiating transaction commit
2026-03-16 16:52:27 [http-nio-8080-exec-4] DEBUG o.s.orm.jpa.JpaTransactionManager - Committing JPA transaction on EntityManager [SessionImpl(137804285<open>)]
2026-03-16 16:52:27 [http-nio-8080-exec-10] DEBUG o.s.orm.jpa.JpaTransactionManager - Initiating transaction commit
2026-03-16 16:52:27 [http-nio-8080-exec-10] DEBUG o.s.orm.jpa.JpaTransactionManager - Committing JPA transaction on EntityManager [SessionImpl(626914657<open>)]
2026-03-16 16:52:27 [http-nio-8080-exec-9] DEBUG o.s.orm.jpa.JpaTransactionManager - Closing JPA EntityManager [SessionImpl(1629652987<open>)] after transaction
2026-03-16 16:52:27 [http-nio-8080-exec-9] DEBUG c.c.p.s.jwt.JwtAuthenticationFilter - >>> [JwtFilter] Successfully authenticated user: USRCNFRM_00000000002, Authorities: [ROLE_USER]
2026-03-16 16:52:27 [http-nio-8080-exec-9] DEBUG o.s.web.servlet.DispatcherServlet - GET "/api/v1/notifications/unread-count", parameters={}
2026-03-16 16:52:27 [http-nio-8080-exec-9] TRACE o.s.w.s.m.m.a.RequestMappingHandlerMapping - Mapped to com.company.project.api.controller.notification.NotificationController#getUnreadCount(UserDetails)
2026-03-16 16:52:27 [http-nio-8080-exec-9] DEBUG o.s.orm.jpa.JpaTransactionManager - Creating new transaction with name [com.company.project.service.notification.NotificationService.getUnreadCount]: PROPAGATION_REQUIRED,ISOLATION_DEFAULT,readOnly
2026-03-16 16:52:27 [http-nio-8080-exec-9] DEBUG o.s.orm.jpa.JpaTransactionManager - Opened new EntityManager [SessionImpl(1670047269<open>)] for JPA transaction
2026-03-16 16:52:27 [http-nio-8080-exec-9] DEBUG o.s.orm.jpa.JpaTransactionManager - Exposing JPA transaction as JDBC [org.springframework.orm.jpa.vendor.HibernateJpaDialect$HibernateConnectionHandle@7e591dea]
2026-03-16 16:52:27 [http-nio-8080-exec-9] DEBUG org.hibernate.SQL - select count(n1_0.ntcn_no) from n_user_notification n1_0 where n1_0.receiver_id=? and n1_0.is_read=?
2026-03-16 16:52:27 [http-nio-8080-exec-3] DEBUG o.s.orm.jpa.JpaTransactionManager - Initiating transaction commit
2026-03-16 16:52:27 [http-nio-8080-exec-3] DEBUG o.s.orm.jpa.JpaTransactionManager - Committing JPA transaction on EntityManager [SessionImpl(390463799<open>)]
2026-03-16 16:52:27 [http-nio-8080-exec-2] DEBUG o.s.orm.jpa.JpaTransactionManager - Closing JPA EntityManager [SessionImpl(507383420<open>)] after transaction
2026-03-16 16:52:27 [http-nio-8080-exec-2] DEBUG o.s.w.s.m.m.a.HttpEntityMethodProcessor - Using 'application/json', given [application/json, text/plain, */*] and supported [application/json, application/*+json, application/yaml]
2026-03-16 16:52:27 [http-nio-8080-exec-2] TRACE o.s.w.s.m.m.a.HttpEntityMethodProcessor - Writing [ApiResponse[success=true, status=200, code=COMMON_001, message=Success, data=[NotificationDto(ntfcNo=NT001, ntfcSj=테스트 알림입니다, ntfcCn=알림 내용입니다, ntfcDate=null, ntfcTime=2026-02-25T00:59:33.784070, bhNtfcIntrvl=null, uniqId=null, frstRegisterId=null, frstRegisterPnttm=2026-02-25T00:59:33.784070, lastUpdusrId=null, lastUpdusrPnttm=null)], timestamp=2026-03-16T16:52:27.386105100]]
2026-03-16 16:52:27 [http-nio-8080-exec-2] INFO  c.c.p.a.i.OperationalAuditInterceptor - API Audit Log: URL=/api/v1/notifications, User=user_regular, IP=127.0.0.1
2026-03-16 16:52:27 [http-nio-8080-exec-2] DEBUG o.s.web.servlet.DispatcherServlet - Completed 200 OK
2026-03-16 16:52:27 [http-nio-8080-exec-7] DEBUG c.c.p.s.jwt.JwtAuthenticationFilter - >>> [JwtFilter] Processing request: GET /api/v1/notifications
2026-03-16 16:52:27 [http-nio-8080-exec-7] DEBUG c.c.p.s.jwt.JwtAuthenticationFilter - >>> [JwtFilter] Found token in header for path: /api/v1/notifications
2026-03-16 16:52:27 [http-nio-8080-exec-7] DEBUG o.s.orm.jpa.JpaTransactionManager - Creating new transaction with name [com.company.project.security.iam.CustomUserDetailsService.loadUserByUsername]: PROPAGATION_REQUIRED,ISOLATION_DEFAULT,readOnly
2026-03-16 16:52:27 [http-nio-8080-exec-7] DEBUG o.s.orm.jpa.JpaTransactionManager - Opened new EntityManager [SessionImpl(52755100<open>)] for JPA transaction
2026-03-16 16:52:27 [http-nio-8080-exec-1] DEBUG o.s.orm.jpa.JpaTransactionManager - Found thread-bound EntityManager [SessionImpl(1255270646<open>)] for JPA transaction
2026-03-16 16:52:27 [http-nio-8080-exec-1] DEBUG o.s.orm.jpa.JpaTransactionManager - Participating in existing transaction
2026-03-16 16:52:27 [http-nio-8080-exec-1] DEBUG org.hibernate.SQL - select ua1_0.scrty_dtrmn_trget_id,ua1_0.author_code,ua1_0.frst_register_id,ua1_0.frst_regist_pnttm,ua1_0.last_updusr_id,ua1_0.last_updt_pnttm,ua1_0.mber_ty_code from nemplyrscrtyestbs ua1_0 where ua1_0.scrty_dtrmn_trget_id=?
2026-03-16 16:52:27 [http-nio-8080-exec-4] DEBUG o.s.orm.jpa.JpaTransactionManager - Closing JPA EntityManager [SessionImpl(137804285<open>)] after transaction
2026-03-16 16:52:27 [http-nio-8080-exec-4] DEBUG o.s.w.s.m.m.a.HttpEntityMethodProcessor - Using 'application/json', given [application/json, text/plain, */*] and supported [application/json, application/*+json, application/yaml]
2026-03-16 16:52:27 [http-nio-8080-exec-4] TRACE o.s.w.s.m.m.a.HttpEntityMethodProcessor - Writing [ApiResponse[success=true, status=200, code=COMMON_001, message=Success, data=0, timestamp=2026-03-16T16:52:27.412272700]]
2026-03-16 16:52:27 [http-nio-8080-exec-4] INFO  c.c.p.a.i.OperationalAuditInterceptor - API Audit Log: URL=/api/v1/notifications/unread-count, User=user_regular, IP=127.0.0.1
2026-03-16 16:52:27 [http-nio-8080-exec-4] DEBUG o.s.web.servlet.DispatcherServlet - Completed 200 OK
2026-03-16 16:52:27 [http-nio-8080-exec-8] DEBUG c.c.p.s.jwt.JwtAuthenticationFilter - >>> [JwtFilter] Processing request: GET /api/v1/notifications/unread-count
2026-03-16 16:52:27 [http-nio-8080-exec-8] DEBUG c.c.p.s.jwt.JwtAuthenticationFilter - >>> [JwtFilter] Found token in header for path: /api/v1/notifications/unread-count
2026-03-16 16:52:27 [http-nio-8080-exec-8] DEBUG o.s.orm.jpa.JpaTransactionManager - Creating new transaction with name [com.company.project.security.iam.CustomUserDetailsService.loadUserByUsername]: PROPAGATION_REQUIRED,ISOLATION_DEFAULT,readOnly
2026-03-16 16:52:27 [http-nio-8080-exec-8] DEBUG o.s.orm.jpa.JpaTransactionManager - Opened new EntityManager [SessionImpl(995975796<open>)] for JPA transaction
2026-03-16 16:52:27 [http-nio-8080-exec-10] DEBUG o.s.orm.jpa.JpaTransactionManager - Closing JPA EntityManager [SessionImpl(626914657<open>)] after transaction
2026-03-16 16:52:27 [http-nio-8080-exec-10] INFO  c.c.p.a.c.menu.MenuController - getLeftMenu returned 5 items
2026-03-16 16:52:27 [http-nio-8080-exec-10] DEBUG o.s.w.s.m.m.a.HttpEntityMethodProcessor - Using 'application/json', given [application/json, text/plain, */*] and supported [application/json, application/*+json, application/yaml]
2026-03-16 16:52:27 [http-nio-8080-exec-10] TRACE o.s.w.s.m.m.a.HttpEntityMethodProcessor - Writing [ApiResponse[success=true, status=200, code=COMMON_001, message=Success, data={list=[com.company.project.service.menu.dto.MenuDto@7d71e460, com.company.project.service.menu.dto.MenuDto@4de867d3, com.company.project.service.menu.dto.MenuDto@3c0f2ac, com.company.project.service.menu.dto.MenuDto@45c227c9, com.company.project.service.menu.dto.MenuDto@376299f5]}, timestamp=2026-03-16T16:52:27.493]]
2026-03-16 16:52:27 [http-nio-8080-exec-10] INFO  c.c.p.a.i.OperationalAuditInterceptor - API Audit Log: URL=/api/v1/menu/left, User=user_regular, IP=127.0.0.1
2026-03-16 16:52:27 [http-nio-8080-exec-10] DEBUG o.s.web.servlet.DispatcherServlet - Completed 200 OK
2026-03-16 16:52:27 [http-nio-8080-exec-5] DEBUG c.c.p.s.jwt.JwtAuthenticationFilter - >>> [JwtFilter] Processing request: GET /api/v1/menu/left
2026-03-16 16:52:27 [http-nio-8080-exec-5] DEBUG c.c.p.s.jwt.JwtAuthenticationFilter - >>> [JwtFilter] Found token in header for path: /api/v1/menu/left
2026-03-16 16:52:27 [http-nio-8080-exec-5] DEBUG o.s.orm.jpa.JpaTransactionManager - Creating new transaction with name [com.company.project.security.iam.CustomUserDetailsService.loadUserByUsername]: PROPAGATION_REQUIRED,ISOLATION_DEFAULT,readOnly
2026-03-16 16:52:27 [http-nio-8080-exec-5] DEBUG o.s.orm.jpa.JpaTransactionManager - Opened new EntityManager [SessionImpl(968796939<open>)] for JPA transaction
2026-03-16 16:52:27 [http-nio-8080-exec-9] DEBUG o.s.orm.jpa.JpaTransactionManager - Initiating transaction commit
2026-03-16 16:52:27 [http-nio-8080-exec-9] DEBUG o.s.orm.jpa.JpaTransactionManager - Committing JPA transaction on EntityManager [SessionImpl(1670047269<open>)]
2026-03-16 16:52:27 [http-nio-8080-exec-3] DEBUG o.s.orm.jpa.JpaTransactionManager - Closing JPA EntityManager [SessionImpl(390463799<open>)] after transaction
2026-03-16 16:52:27 [http-nio-8080-exec-3] DEBUG c.c.p.s.jwt.JwtAuthenticationFilter - >>> [JwtFilter] Successfully authenticated user: USRCNFRM_00000000002, Authorities: [ROLE_USER]
2026-03-16 16:52:27 [http-nio-8080-exec-3] DEBUG o.s.web.servlet.DispatcherServlet - GET "/api/v1/notifications", parameters={}
2026-03-16 16:52:27 [http-nio-8080-exec-3] TRACE o.s.w.s.m.m.a.RequestMappingHandlerMapping - Mapped to com.company.project.api.controller.notification.NotificationController#getMyNotifications(UserDetails)
2026-03-16 16:52:27 [http-nio-8080-exec-3] DEBUG o.s.orm.jpa.JpaTransactionManager - Creating new transaction with name [com.company.project.service.notification.NotificationService.getActiveNotifications]: PROPAGATION_REQUIRED,ISOLATION_DEFAULT,readOnly
2026-03-16 16:52:27 [http-nio-8080-exec-3] DEBUG o.s.orm.jpa.JpaTransactionManager - Opened new EntityManager [SessionImpl(1639906613<open>)] for JPA transaction
2026-03-16 16:52:27 [http-nio-8080-exec-3] DEBUG o.s.orm.jpa.JpaTransactionManager - Exposing JPA transaction as JDBC [org.springframework.orm.jpa.vendor.HibernateJpaDialect$HibernateConnectionHandle@2ed1de99]
2026-03-16 16:52:27 [http-nio-8080-exec-3] DEBUG o.s.orm.jpa.JpaTransactionManager - Found thread-bound EntityManager [SessionImpl(1639906613<open>)] for JPA transaction
2026-03-16 16:52:27 [http-nio-8080-exec-3] DEBUG o.s.orm.jpa.JpaTransactionManager - Participating in existing transaction
2026-03-16 16:52:27 [http-nio-8080-exec-3] DEBUG org.hibernate.SQL - select n1_0.ntcn_no,n1_0.frst_register_id,n1_0.frst_regist_pnttm,n1_0.is_read,n1_0.last_updusr_id,n1_0.last_updt_pnttm,n1_0.link_url,n1_0.ntcn_cn,n1_0.ntcn_sj,n1_0.receiver_id from n_user_notification n1_0
2026-03-16 16:52:27 [http-nio-8080-exec-7] DEBUG o.s.orm.jpa.JpaTransactionManager - Exposing JPA transaction as JDBC [org.springframework.orm.jpa.vendor.HibernateJpaDialect$HibernateConnectionHandle@43f6aa39]
2026-03-16 16:52:27 [http-nio-8080-exec-7] DEBUG o.s.orm.jpa.JpaTransactionManager - Found thread-bound EntityManager [SessionImpl(52755100<open>)] for JPA transaction
2026-03-16 16:52:27 [http-nio-8080-exec-7] DEBUG o.s.orm.jpa.JpaTransactionManager - Participating in existing transaction
2026-03-16 16:52:27 [http-nio-8080-exec-7] DEBUG org.hibernate.SQL - select u1_0.emplyr_id,u1_0.area_no,u1_0.brthdy,u1_0.chg_pwd_cnt,u1_0.frst_register_id,u1_0.frst_regist_pnttm,u1_0.detail_adres,u1_0.email_adres,u1_0.emplyr_sttus_code,u1_0.empl_no,u1_0.esntl_id,u1_0.fxnum,u1_0.group_id,u1_0.house_adres,u1_0.house_end_telno,u1_0.house_middle_telno,u1_0.ihidnum,u1_0.pstinst_code,u1_0.last_updusr_id,u1_0.last_updt_pnttm,u1_0.lock_at,u1_0.lock_cnt,u1_0.lock_last_pnttm,u1_0.mbtlnum,u1_0.ofcps_nm,u1_0.offm_telno,u1_0.orgnzt_id,u1_0.password,u1_0.password_cnsr,u1_0.password_hint,u1_0.chg_pwd_last_pnttm,u1_0.role,u1_0.sbscrb_de,u1_0.sexdstn_code,u1_0.crtfc_dn_value,u1_0.user_nm,u1_0.zip from nemplyrinfo u1_0 where u1_0.emplyr_id=?
2026-03-16 16:52:27 [http-nio-8080-exec-1] DEBUG o.s.orm.jpa.JpaTransactionManager - Initiating transaction commit
2026-03-16 16:52:27 [http-nio-8080-exec-1] DEBUG o.s.orm.jpa.JpaTransactionManager - Committing JPA transaction on EntityManager [SessionImpl(1255270646<open>)]
2026-03-16 16:52:27 [http-nio-8080-exec-8] DEBUG o.s.orm.jpa.JpaTransactionManager - Exposing JPA transaction as JDBC [org.springframework.orm.jpa.vendor.HibernateJpaDialect$HibernateConnectionHandle@64a9bd86]
2026-03-16 16:52:27 [http-nio-8080-exec-8] DEBUG o.s.orm.jpa.JpaTransactionManager - Found thread-bound EntityManager [SessionImpl(995975796<open>)] for JPA transaction
2026-03-16 16:52:27 [http-nio-8080-exec-8] DEBUG o.s.orm.jpa.JpaTransactionManager - Participating in existing transaction
2026-03-16 16:52:27 [http-nio-8080-exec-8] DEBUG org.hibernate.SQL - select u1_0.emplyr_id,u1_0.area_no,u1_0.brthdy,u1_0.chg_pwd_cnt,u1_0.frst_register_id,u1_0.frst_regist_pnttm,u1_0.detail_adres,u1_0.email_adres,u1_0.emplyr_sttus_code,u1_0.empl_no,u1_0.esntl_id,u1_0.fxnum,u1_0.group_id,u1_0.house_adres,u1_0.house_end_telno,u1_0.house_middle_telno,u1_0.ihidnum,u1_0.pstinst_code,u1_0.last_updusr_id,u1_0.last_updt_pnttm,u1_0.lock_at,u1_0.lock_cnt,u1_0.lock_last_pnttm,u1_0.mbtlnum,u1_0.ofcps_nm,u1_0.offm_telno,u1_0.orgnzt_id,u1_0.password,u1_0.password_cnsr,u1_0.password_hint,u1_0.chg_pwd_last_pnttm,u1_0.role,u1_0.sbscrb_de,u1_0.sexdstn_code,u1_0.crtfc_dn_value,u1_0.user_nm,u1_0.zip from nemplyrinfo u1_0 where u1_0.emplyr_id=?
2026-03-16 16:52:27 [http-nio-8080-exec-9] DEBUG o.s.orm.jpa.JpaTransactionManager - Closing JPA EntityManager [SessionImpl(1670047269<open>)] after transaction
2026-03-16 16:52:27 [http-nio-8080-exec-5] DEBUG o.s.orm.jpa.JpaTransactionManager - Exposing JPA transaction as JDBC [org.springframework.orm.jpa.vendor.HibernateJpaDialect$HibernateConnectionHandle@3ba4544d]
2026-03-16 16:52:27 [http-nio-8080-exec-5] DEBUG o.s.orm.jpa.JpaTransactionManager - Found thread-bound EntityManager [SessionImpl(968796939<open>)] for JPA transaction
2026-03-16 16:52:27 [http-nio-8080-exec-5] DEBUG o.s.orm.jpa.JpaTransactionManager - Participating in existing transaction
2026-03-16 16:52:27 [http-nio-8080-exec-9] DEBUG o.s.w.s.m.m.a.HttpEntityMethodProcessor - Using 'application/json', given [application/json, text/plain, */*] and supported [application/json, application/*+json, application/yaml]
2026-03-16 16:52:27 [http-nio-8080-exec-9] TRACE o.s.w.s.m.m.a.HttpEntityMethodProcessor - Writing [ApiResponse[success=true, status=200, code=COMMON_001, message=Success, data=0, timestamp=2026-03-16T16:52:27.667322500]]
2026-03-16 16:52:27 [http-nio-8080-exec-5] DEBUG org.hibernate.SQL - select u1_0.emplyr_id,u1_0.area_no,u1_0.brthdy,u1_0.chg_pwd_cnt,u1_0.frst_register_id,u1_0.frst_regist_pnttm,u1_0.detail_adres,u1_0.email_adres,u1_0.emplyr_sttus_code,u1_0.empl_no,u1_0.esntl_id,u1_0.fxnum,u1_0.group_id,u1_0.house_adres,u1_0.house_end_telno,u1_0.house_middle_telno,u1_0.ihidnum,u1_0.pstinst_code,u1_0.last_updusr_id,u1_0.last_updt_pnttm,u1_0.lock_at,u1_0.lock_cnt,u1_0.lock_last_pnttm,u1_0.mbtlnum,u1_0.ofcps_nm,u1_0.offm_telno,u1_0.orgnzt_id,u1_0.password,u1_0.password_cnsr,u1_0.password_hint,u1_0.chg_pwd_last_pnttm,u1_0.role,u1_0.sbscrb_de,u1_0.sexdstn_code,u1_0.crtfc_dn_value,u1_0.user_nm,u1_0.zip from nemplyrinfo u1_0 where u1_0.emplyr_id=?
2026-03-16 16:52:27 [http-nio-8080-exec-9] INFO  c.c.p.a.i.OperationalAuditInterceptor - API Audit Log: URL=/api/v1/notifications/unread-count, User=user_regular, IP=127.0.0.1
2026-03-16 16:52:27 [http-nio-8080-exec-9] DEBUG o.s.web.servlet.DispatcherServlet - Completed 200 OK
2026-03-16 16:52:27 [http-nio-8080-exec-6] DEBUG c.c.p.s.jwt.JwtAuthenticationFilter - >>> [JwtFilter] Processing request: GET /api/v1/notifications/unread-count
2026-03-16 16:52:27 [http-nio-8080-exec-6] DEBUG c.c.p.s.jwt.JwtAuthenticationFilter - >>> [JwtFilter] Found token in header for path: /api/v1/notifications/unread-count
2026-03-16 16:52:27 [http-nio-8080-exec-6] DEBUG o.s.orm.jpa.JpaTransactionManager - Creating new transaction with name [com.company.project.security.iam.CustomUserDetailsService.loadUserByUsername]: PROPAGATION_REQUIRED,ISOLATION_DEFAULT,readOnly
2026-03-16 16:52:27 [http-nio-8080-exec-6] DEBUG o.s.orm.jpa.JpaTransactionManager - Opened new EntityManager [SessionImpl(1649401911<open>)] for JPA transaction
2026-03-16 16:52:27 [http-nio-8080-exec-3] DEBUG o.s.orm.jpa.JpaTransactionManager - Initiating transaction commit
2026-03-16 16:52:27 [http-nio-8080-exec-3] DEBUG o.s.orm.jpa.JpaTransactionManager - Committing JPA transaction on EntityManager [SessionImpl(1639906613<open>)]
2026-03-16 16:52:27 [http-nio-8080-exec-1] DEBUG o.s.orm.jpa.JpaTransactionManager - Closing JPA EntityManager [SessionImpl(1255270646<open>)] after transaction
2026-03-16 16:52:27 [http-nio-8080-exec-1] DEBUG c.c.p.s.jwt.JwtAuthenticationFilter - >>> [JwtFilter] Successfully authenticated user: USRCNFRM_00000000002, Authorities: [ROLE_USER]
2026-03-16 16:52:27 [http-nio-8080-exec-1] DEBUG o.s.web.servlet.DispatcherServlet - GET "/api/v1/menu/left?menuNo=20", parameters={masked}
2026-03-16 16:52:27 [http-nio-8080-exec-1] TRACE o.s.w.s.m.m.a.RequestMappingHandlerMapping - Mapped to com.company.project.api.controller.menu.MenuController#getLeftMenu(Long)
2026-03-16 16:52:27 [http-nio-8080-exec-1] INFO  c.c.p.a.c.menu.MenuController - getLeftMenu called with menuNo=20
2026-03-16 16:52:27 [http-nio-8080-exec-1] DEBUG o.s.orm.jpa.JpaTransactionManager - Creating new transaction with name [com.company.project.service.menu.MenuService.getSubMenus]: PROPAGATION_REQUIRED,ISOLATION_DEFAULT,readOnly
2026-03-16 16:52:27 [http-nio-8080-exec-1] DEBUG o.s.orm.jpa.JpaTransactionManager - Opened new EntityManager [SessionImpl(1073543517<open>)] for JPA transaction
2026-03-16 16:52:27 [http-nio-8080-exec-1] DEBUG o.s.orm.jpa.JpaTransactionManager - Exposing JPA transaction as JDBC [org.springframework.orm.jpa.vendor.HibernateJpaDialect$HibernateConnectionHandle@428bd2e1]
2026-03-16 16:52:27 [http-nio-8080-exec-1] DEBUG org.hibernate.SQL - select m1_0.menu_no,m1_0.menu_dc,m1_0.menu_nm,m1_0.menu_ordr,m1_0.modern_route,m1_0.progrm_file_nm,m1_0.relate_image_nm,m1_0.relate_image_path,m1_0.route_updated_at,m1_0.upper_menu_no from nmenuinfo m1_0 order by m1_0.upper_menu_no,m1_0.menu_ordr
2026-03-16 16:52:27 [http-nio-8080-exec-7] DEBUG o.s.orm.jpa.JpaTransactionManager - Found thread-bound EntityManager [SessionImpl(52755100<open>)] for JPA transaction
2026-03-16 16:52:27 [http-nio-8080-exec-7] DEBUG o.s.orm.jpa.JpaTransactionManager - Participating in existing transaction
2026-03-16 16:52:27 [http-nio-8080-exec-7] DEBUG org.hibernate.SQL - select ua1_0.scrty_dtrmn_trget_id,ua1_0.author_code,ua1_0.frst_register_id,ua1_0.frst_regist_pnttm,ua1_0.last_updusr_id,ua1_0.last_updt_pnttm,ua1_0.mber_ty_code from nemplyrscrtyestbs ua1_0 where ua1_0.scrty_dtrmn_trget_id=?
2026-03-16 16:52:27 [http-nio-8080-exec-8] DEBUG o.s.orm.jpa.JpaTransactionManager - Found thread-bound EntityManager [SessionImpl(995975796<open>)] for JPA transaction
2026-03-16 16:52:27 [http-nio-8080-exec-8] DEBUG o.s.orm.jpa.JpaTransactionManager - Participating in existing transaction
2026-03-16 16:52:27 [http-nio-8080-exec-8] DEBUG org.hibernate.SQL - select ua1_0.scrty_dtrmn_trget_id,ua1_0.author_code,ua1_0.frst_register_id,ua1_0.frst_regist_pnttm,ua1_0.last_updusr_id,ua1_0.last_updt_pnttm,ua1_0.mber_ty_code from nemplyrscrtyestbs ua1_0 where ua1_0.scrty_dtrmn_trget_id=?
2026-03-16 16:52:27 [http-nio-8080-exec-5] DEBUG o.s.orm.jpa.JpaTransactionManager - Found thread-bound EntityManager [SessionImpl(968796939<open>)] for JPA transaction
2026-03-16 16:52:27 [http-nio-8080-exec-5] DEBUG o.s.orm.jpa.JpaTransactionManager - Participating in existing transaction
2026-03-16 16:52:27 [http-nio-8080-exec-5] DEBUG org.hibernate.SQL - select ua1_0.scrty_dtrmn_trget_id,ua1_0.author_code,ua1_0.frst_register_id,ua1_0.frst_regist_pnttm,ua1_0.last_updusr_id,ua1_0.last_updt_pnttm,ua1_0.mber_ty_code from nemplyrscrtyestbs ua1_0 where ua1_0.scrty_dtrmn_trget_id=?
2026-03-16 16:52:27 [http-nio-8080-exec-6] DEBUG o.s.orm.jpa.JpaTransactionManager - Exposing JPA transaction as JDBC [org.springframework.orm.jpa.vendor.HibernateJpaDialect$HibernateConnectionHandle@7def17eb]
2026-03-16 16:52:27 [http-nio-8080-exec-6] DEBUG o.s.orm.jpa.JpaTransactionManager - Found thread-bound EntityManager [SessionImpl(1649401911<open>)] for JPA transaction
2026-03-16 16:52:27 [http-nio-8080-exec-6] DEBUG o.s.orm.jpa.JpaTransactionManager - Participating in existing transaction
2026-03-16 16:52:27 [http-nio-8080-exec-6] DEBUG org.hibernate.SQL - select u1_0.emplyr_id,u1_0.area_no,u1_0.brthdy,u1_0.chg_pwd_cnt,u1_0.frst_register_id,u1_0.frst_regist_pnttm,u1_0.detail_adres,u1_0.email_adres,u1_0.emplyr_sttus_code,u1_0.empl_no,u1_0.esntl_id,u1_0.fxnum,u1_0.group_id,u1_0.house_adres,u1_0.house_end_telno,u1_0.house_middle_telno,u1_0.ihidnum,u1_0.pstinst_code,u1_0.last_updusr_id,u1_0.last_updt_pnttm,u1_0.lock_at,u1_0.lock_cnt,u1_0.lock_last_pnttm,u1_0.mbtlnum,u1_0.ofcps_nm,u1_0.offm_telno,u1_0.orgnzt_id,u1_0.password,u1_0.password_cnsr,u1_0.password_hint,u1_0.chg_pwd_last_pnttm,u1_0.role,u1_0.sbscrb_de,u1_0.sexdstn_code,u1_0.crtfc_dn_value,u1_0.user_nm,u1_0.zip from nemplyrinfo u1_0 where u1_0.emplyr_id=?
2026-03-16 16:52:27 [http-nio-8080-exec-3] DEBUG o.s.orm.jpa.JpaTransactionManager - Closing JPA EntityManager [SessionImpl(1639906613<open>)] after transaction
2026-03-16 16:52:27 [http-nio-8080-exec-3] DEBUG o.s.w.s.m.m.a.HttpEntityMethodProcessor - Using 'application/json', given [application/json, text/plain, */*] and supported [application/json, application/*+json, application/yaml]
2026-03-16 16:52:27 [http-nio-8080-exec-3] TRACE o.s.w.s.m.m.a.HttpEntityMethodProcessor - Writing [ApiResponse[success=true, status=200, code=COMMON_001, message=Success, data=[NotificationDto(ntfcNo=NT001, ntfcSj=테스트 알림입니다, ntfcCn=알림 내용입니다, ntfcDate=null, ntfcTime=2026-02-25T00:59:33.784070, bhNtfcIntrvl=null, uniqId=null, frstRegisterId=null, frstRegisterPnttm=2026-02-25T00:59:33.784070, lastUpdusrId=null, lastUpdusrPnttm=null)], timestamp=2026-03-16T16:52:27.850919100]]
2026-03-16 16:52:27 [http-nio-8080-exec-3] INFO  c.c.p.a.i.OperationalAuditInterceptor - API Audit Log: URL=/api/v1/notifications, User=user_regular, IP=127.0.0.1
2026-03-16 16:52:27 [http-nio-8080-exec-3] DEBUG o.s.web.servlet.DispatcherServlet - Completed 200 OK
2026-03-16 16:52:27 [http-nio-8080-exec-2] DEBUG c.c.p.s.jwt.JwtAuthenticationFilter - >>> [JwtFilter] Processing request: GET /api/v1/notifications
2026-03-16 16:52:27 [http-nio-8080-exec-2] DEBUG c.c.p.s.jwt.JwtAuthenticationFilter - >>> [JwtFilter] Found token in header for path: /api/v1/notifications
2026-03-16 16:52:27 [http-nio-8080-exec-2] DEBUG o.s.orm.jpa.JpaTransactionManager - Creating new transaction with name [com.company.project.security.iam.CustomUserDetailsService.loadUserByUsername]: PROPAGATION_REQUIRED,ISOLATION_DEFAULT,readOnly
2026-03-16 16:52:27 [http-nio-8080-exec-2] DEBUG o.s.orm.jpa.JpaTransactionManager - Opened new EntityManager [SessionImpl(619719933<open>)] for JPA transaction
2026-03-16 16:52:27 [http-nio-8080-exec-2] DEBUG o.s.orm.jpa.JpaTransactionManager - Exposing JPA transaction as JDBC [org.springframework.orm.jpa.vendor.HibernateJpaDialect$HibernateConnectionHandle@1442b7f7]
2026-03-16 16:52:27 [http-nio-8080-exec-2] DEBUG o.s.orm.jpa.JpaTransactionManager - Found thread-bound EntityManager [SessionImpl(619719933<open>)] for JPA transaction
2026-03-16 16:52:27 [http-nio-8080-exec-2] DEBUG o.s.orm.jpa.JpaTransactionManager - Participating in existing transaction
2026-03-16 16:52:27 [http-nio-8080-exec-2] DEBUG org.hibernate.SQL - select u1_0.emplyr_id,u1_0.area_no,u1_0.brthdy,u1_0.chg_pwd_cnt,u1_0.frst_register_id,u1_0.frst_regist_pnttm,u1_0.detail_adres,u1_0.email_adres,u1_0.emplyr_sttus_code,u1_0.empl_no,u1_0.esntl_id,u1_0.fxnum,u1_0.group_id,u1_0.house_adres,u1_0.house_end_telno,u1_0.house_middle_telno,u1_0.ihidnum,u1_0.pstinst_code,u1_0.last_updusr_id,u1_0.last_updt_pnttm,u1_0.lock_at,u1_0.lock_cnt,u1_0.lock_last_pnttm,u1_0.mbtlnum,u1_0.ofcps_nm,u1_0.offm_telno,u1_0.orgnzt_id,u1_0.password,u1_0.password_cnsr,u1_0.password_hint,u1_0.chg_pwd_last_pnttm,u1_0.role,u1_0.sbscrb_de,u1_0.sexdstn_code,u1_0.crtfc_dn_value,u1_0.user_nm,u1_0.zip from nemplyrinfo u1_0 where u1_0.emplyr_id=?
2026-03-16 16:52:27 [http-nio-8080-exec-7] DEBUG o.s.orm.jpa.JpaTransactionManager - Initiating transaction commit
2026-03-16 16:52:27 [http-nio-8080-exec-7] DEBUG o.s.orm.jpa.JpaTransactionManager - Committing JPA transaction on EntityManager [SessionImpl(52755100<open>)]
2026-03-16 16:52:27 [http-nio-8080-exec-8] DEBUG o.s.orm.jpa.JpaTransactionManager - Initiating transaction commit
2026-03-16 16:52:27 [http-nio-8080-exec-8] DEBUG o.s.orm.jpa.JpaTransactionManager - Committing JPA transaction on EntityManager [SessionImpl(995975796<open>)]
2026-03-16 16:52:27 [http-nio-8080-exec-5] DEBUG o.s.orm.jpa.JpaTransactionManager - Initiating transaction commit
2026-03-16 16:52:27 [http-nio-8080-exec-5] DEBUG o.s.orm.jpa.JpaTransactionManager - Committing JPA transaction on EntityManager [SessionImpl(968796939<open>)]
2026-03-16 16:52:28 [http-nio-8080-exec-6] DEBUG o.s.orm.jpa.JpaTransactionManager - Found thread-bound EntityManager [SessionImpl(1649401911<open>)] for JPA transaction
2026-03-16 16:52:28 [http-nio-8080-exec-6] DEBUG o.s.orm.jpa.JpaTransactionManager - Participating in existing transaction
2026-03-16 16:52:28 [http-nio-8080-exec-6] DEBUG org.hibernate.SQL - select ua1_0.scrty_dtrmn_trget_id,ua1_0.author_code,ua1_0.frst_register_id,ua1_0.frst_regist_pnttm,ua1_0.last_updusr_id,ua1_0.last_updt_pnttm,ua1_0.mber_ty_code from nemplyrscrtyestbs ua1_0 where ua1_0.scrty_dtrmn_trget_id=?
2026-03-16 16:52:28 [http-nio-8080-exec-1] DEBUG o.s.orm.jpa.JpaTransactionManager - Found thread-bound EntityManager [SessionImpl(1073543517<open>)] for JPA transaction
2026-03-16 16:52:28 [http-nio-8080-exec-1] DEBUG o.s.orm.jpa.JpaTransactionManager - Participating in existing transaction
2026-03-16 16:52:28 [http-nio-8080-exec-1] DEBUG org.hibernate.SQL - select p1_0.progrm_file_nm,p1_0.progrm_dc,p1_0.progrm_korean_nm,p1_0.progrm_stre_path,p1_0.url from nprogrmlist p1_0
2026-03-16 16:52:28 [http-nio-8080-exec-2] DEBUG o.s.orm.jpa.JpaTransactionManager - Found thread-bound EntityManager [SessionImpl(619719933<open>)] for JPA transaction
2026-03-16 16:52:28 [http-nio-8080-exec-2] DEBUG o.s.orm.jpa.JpaTransactionManager - Participating in existing transaction
2026-03-16 16:52:28 [http-nio-8080-exec-2] DEBUG org.hibernate.SQL - select ua1_0.scrty_dtrmn_trget_id,ua1_0.author_code,ua1_0.frst_register_id,ua1_0.frst_regist_pnttm,ua1_0.last_updusr_id,ua1_0.last_updt_pnttm,ua1_0.mber_ty_code from nemplyrscrtyestbs ua1_0 where ua1_0.scrty_dtrmn_trget_id=?
2026-03-16 16:52:28 [http-nio-8080-exec-7] DEBUG o.s.orm.jpa.JpaTransactionManager - Closing JPA EntityManager [SessionImpl(52755100<open>)] after transaction
2026-03-16 16:52:28 [http-nio-8080-exec-7] DEBUG c.c.p.s.jwt.JwtAuthenticationFilter - >>> [JwtFilter] Successfully authenticated user: USRCNFRM_00000000002, Authorities: [ROLE_USER]
2026-03-16 16:52:28 [http-nio-8080-exec-7] DEBUG o.s.web.servlet.DispatcherServlet - GET "/api/v1/notifications", parameters={}
2026-03-16 16:52:28 [http-nio-8080-exec-7] TRACE o.s.w.s.m.m.a.RequestMappingHandlerMapping - Mapped to com.company.project.api.controller.notification.NotificationController#getMyNotifications(UserDetails)
2026-03-16 16:52:28 [http-nio-8080-exec-7] DEBUG o.s.orm.jpa.JpaTransactionManager - Creating new transaction with name [com.company.project.service.notification.NotificationService.getActiveNotifications]: PROPAGATION_REQUIRED,ISOLATION_DEFAULT,readOnly
2026-03-16 16:52:28 [http-nio-8080-exec-7] DEBUG o.s.orm.jpa.JpaTransactionManager - Opened new EntityManager [SessionImpl(569597865<open>)] for JPA transaction
2026-03-16 16:52:28 [http-nio-8080-exec-7] DEBUG o.s.orm.jpa.JpaTransactionManager - Exposing JPA transaction as JDBC [org.springframework.orm.jpa.vendor.HibernateJpaDialect$HibernateConnectionHandle@363974d0]
2026-03-16 16:52:28 [http-nio-8080-exec-7] DEBUG o.s.orm.jpa.JpaTransactionManager - Found thread-bound EntityManager [SessionImpl(569597865<open>)] for JPA transaction
2026-03-16 16:52:28 [http-nio-8080-exec-7] DEBUG o.s.orm.jpa.JpaTransactionManager - Participating in existing transaction
2026-03-16 16:52:28 [http-nio-8080-exec-7] DEBUG org.hibernate.SQL - select n1_0.ntcn_no,n1_0.frst_register_id,n1_0.frst_regist_pnttm,n1_0.is_read,n1_0.last_updusr_id,n1_0.last_updt_pnttm,n1_0.link_url,n1_0.ntcn_cn,n1_0.ntcn_sj,n1_0.receiver_id from n_user_notification n1_0
2026-03-16 16:52:28 [http-nio-8080-exec-8] DEBUG o.s.orm.jpa.JpaTransactionManager - Closing JPA EntityManager [SessionImpl(995975796<open>)] after transaction
2026-03-16 16:52:28 [http-nio-8080-exec-8] DEBUG c.c.p.s.jwt.JwtAuthenticationFilter - >>> [JwtFilter] Successfully authenticated user: USRCNFRM_00000000002, Authorities: [ROLE_USER]
2026-03-16 16:52:28 [http-nio-8080-exec-8] DEBUG o.s.web.servlet.DispatcherServlet - GET "/api/v1/notifications/unread-count", parameters={}
2026-03-16 16:52:28 [http-nio-8080-exec-8] TRACE o.s.w.s.m.m.a.RequestMappingHandlerMapping - Mapped to com.company.project.api.controller.notification.NotificationController#getUnreadCount(UserDetails)
2026-03-16 16:52:28 [http-nio-8080-exec-8] DEBUG o.s.orm.jpa.JpaTransactionManager - Creating new transaction with name [com.company.project.service.notification.NotificationService.getUnreadCount]: PROPAGATION_REQUIRED,ISOLATION_DEFAULT,readOnly
2026-03-16 16:52:28 [http-nio-8080-exec-8] DEBUG o.s.orm.jpa.JpaTransactionManager - Opened new EntityManager [SessionImpl(2105685101<open>)] for JPA transaction
2026-03-16 16:52:28 [http-nio-8080-exec-8] DEBUG o.s.orm.jpa.JpaTransactionManager - Exposing JPA transaction as JDBC [org.springframework.orm.jpa.vendor.HibernateJpaDialect$HibernateConnectionHandle@ce24bdb]
2026-03-16 16:52:28 [http-nio-8080-exec-8] DEBUG org.hibernate.SQL - select count(n1_0.ntcn_no) from n_user_notification n1_0 where n1_0.receiver_id=? and n1_0.is_read=?
2026-03-16 16:52:28 [http-nio-8080-exec-5] DEBUG o.s.orm.jpa.JpaTransactionManager - Closing JPA EntityManager [SessionImpl(968796939<open>)] after transaction
2026-03-16 16:52:28 [http-nio-8080-exec-5] DEBUG c.c.p.s.jwt.JwtAuthenticationFilter - >>> [JwtFilter] Successfully authenticated user: USRCNFRM_00000000002, Authorities: [ROLE_USER]
2026-03-16 16:52:28 [http-nio-8080-exec-5] DEBUG o.s.web.servlet.DispatcherServlet - GET "/api/v1/menu/left?menuNo=20", parameters={masked}
2026-03-16 16:52:28 [http-nio-8080-exec-5] TRACE o.s.w.s.m.m.a.RequestMappingHandlerMapping - Mapped to com.company.project.api.controller.menu.MenuController#getLeftMenu(Long)
2026-03-16 16:52:28 [http-nio-8080-exec-5] INFO  c.c.p.a.c.menu.MenuController - getLeftMenu called with menuNo=20
2026-03-16 16:52:28 [http-nio-8080-exec-5] DEBUG o.s.orm.jpa.JpaTransactionManager - Creating new transaction with name [com.company.project.service.menu.MenuService.getSubMenus]: PROPAGATION_REQUIRED,ISOLATION_DEFAULT,readOnly
2026-03-16 16:52:28 [http-nio-8080-exec-5] DEBUG o.s.orm.jpa.JpaTransactionManager - Opened new EntityManager [SessionImpl(1497063325<open>)] for JPA transaction
2026-03-16 16:52:28 [http-nio-8080-exec-5] DEBUG o.s.orm.jpa.JpaTransactionManager - Exposing JPA transaction as JDBC [org.springframework.orm.jpa.vendor.HibernateJpaDialect$HibernateConnectionHandle@1ab550fe]
2026-03-16 16:52:28 [http-nio-8080-exec-5] DEBUG org.hibernate.SQL - select m1_0.menu_no,m1_0.menu_dc,m1_0.menu_nm,m1_0.menu_ordr,m1_0.modern_route,m1_0.progrm_file_nm,m1_0.relate_image_nm,m1_0.relate_image_path,m1_0.route_updated_at,m1_0.upper_menu_no from nmenuinfo m1_0 order by m1_0.upper_menu_no,m1_0.menu_ordr
2026-03-16 16:52:28 [http-nio-8080-exec-2] DEBUG o.s.orm.jpa.JpaTransactionManager - Initiating transaction commit
2026-03-16 16:52:28 [http-nio-8080-exec-6] DEBUG o.s.orm.jpa.JpaTransactionManager - Initiating transaction commit
2026-03-16 16:52:28 [http-nio-8080-exec-2] DEBUG o.s.orm.jpa.JpaTransactionManager - Committing JPA transaction on EntityManager [SessionImpl(619719933<open>)]
2026-03-16 16:52:28 [http-nio-8080-exec-6] DEBUG o.s.orm.jpa.JpaTransactionManager - Committing JPA transaction on EntityManager [SessionImpl(1649401911<open>)]
2026-03-16 16:52:28 [http-nio-8080-exec-1] DEBUG o.s.orm.jpa.JpaTransactionManager - Initiating transaction commit
2026-03-16 16:52:28 [http-nio-8080-exec-1] DEBUG o.s.orm.jpa.JpaTransactionManager - Committing JPA transaction on EntityManager [SessionImpl(1073543517<open>)]
2026-03-16 16:52:28 [http-nio-8080-exec-7] DEBUG o.s.orm.jpa.JpaTransactionManager - Initiating transaction commit
2026-03-16 16:52:28 [http-nio-8080-exec-7] DEBUG o.s.orm.jpa.JpaTransactionManager - Committing JPA transaction on EntityManager [SessionImpl(569597865<open>)]
2026-03-16 16:52:28 [http-nio-8080-exec-8] DEBUG o.s.orm.jpa.JpaTransactionManager - Initiating transaction commit
2026-03-16 16:52:28 [http-nio-8080-exec-8] DEBUG o.s.orm.jpa.JpaTransactionManager - Committing JPA transaction on EntityManager [SessionImpl(2105685101<open>)]
2026-03-16 16:52:28 [http-nio-8080-exec-2] DEBUG o.s.orm.jpa.JpaTransactionManager - Closing JPA EntityManager [SessionImpl(619719933<open>)] after transaction
2026-03-16 16:52:28 [http-nio-8080-exec-1] DEBUG o.s.orm.jpa.JpaTransactionManager - Closing JPA EntityManager [SessionImpl(1073543517<open>)] after transaction
2026-03-16 16:52:28 [http-nio-8080-exec-2] DEBUG c.c.p.s.jwt.JwtAuthenticationFilter - >>> [JwtFilter] Successfully authenticated user: USRCNFRM_00000000002, Authorities: [ROLE_USER]
2026-03-16 16:52:28 [http-nio-8080-exec-1] INFO  c.c.p.a.c.menu.MenuController - getLeftMenu returned 3 items
2026-03-16 16:52:28 [http-nio-8080-exec-1] DEBUG o.s.w.s.m.m.a.HttpEntityMethodProcessor - Using 'application/json', given [application/json, text/plain, */*] and supported [application/json, application/*+json, application/yaml]
2026-03-16 16:52:28 [http-nio-8080-exec-2] DEBUG o.s.web.servlet.DispatcherServlet - GET "/api/v1/notifications", parameters={}
2026-03-16 16:52:28 [http-nio-8080-exec-1] TRACE o.s.w.s.m.m.a.HttpEntityMethodProcessor - Writing [ApiResponse[success=true, status=200, code=COMMON_001, message=Success, data={list=[com.company.project.service.menu.dto.MenuDto@5df67b11, com.company.project.service.menu.dto.MenuDto@fdd34fc, com.company.project.service.menu.dto.MenuDto@c01d98]}, timestamp=2026-03-16T16:52:28.325147900]]
2026-03-16 16:52:28 [http-nio-8080-exec-2] TRACE o.s.w.s.m.m.a.RequestMappingHandlerMapping - Mapped to com.company.project.api.controller.notification.NotificationController#getMyNotifications(UserDetails)
2026-03-16 16:52:28 [http-nio-8080-exec-2] DEBUG o.s.orm.jpa.JpaTransactionManager - Creating new transaction with name [com.company.project.service.notification.NotificationService.getActiveNotifications]: PROPAGATION_REQUIRED,ISOLATION_DEFAULT,readOnly
2026-03-16 16:52:28 [http-nio-8080-exec-2] DEBUG o.s.orm.jpa.JpaTransactionManager - Opened new EntityManager [SessionImpl(1423418738<open>)] for JPA transaction
2026-03-16 16:52:28 [http-nio-8080-exec-2] DEBUG o.s.orm.jpa.JpaTransactionManager - Exposing JPA transaction as JDBC [org.springframework.orm.jpa.vendor.HibernateJpaDialect$HibernateConnectionHandle@1d00948c]
2026-03-16 16:52:28 [http-nio-8080-exec-2] DEBUG o.s.orm.jpa.JpaTransactionManager - Found thread-bound EntityManager [SessionImpl(1423418738<open>)] for JPA transaction
2026-03-16 16:52:28 [http-nio-8080-exec-2] DEBUG o.s.orm.jpa.JpaTransactionManager - Participating in existing transaction
2026-03-16 16:52:28 [http-nio-8080-exec-1] INFO  c.c.p.a.i.OperationalAuditInterceptor - API Audit Log: URL=/api/v1/menu/left, User=user_regular, IP=127.0.0.1
2026-03-16 16:52:28 [http-nio-8080-exec-1] DEBUG o.s.web.servlet.DispatcherServlet - Completed 200 OK
2026-03-16 16:52:28 [http-nio-8080-exec-2] DEBUG org.hibernate.SQL - select n1_0.ntcn_no,n1_0.frst_register_id,n1_0.frst_regist_pnttm,n1_0.is_read,n1_0.last_updusr_id,n1_0.last_updt_pnttm,n1_0.link_url,n1_0.ntcn_cn,n1_0.ntcn_sj,n1_0.receiver_id from n_user_notification n1_0
2026-03-16 16:52:28 [http-nio-8080-exec-6] DEBUG o.s.orm.jpa.JpaTransactionManager - Closing JPA EntityManager [SessionImpl(1649401911<open>)] after transaction
2026-03-16 16:52:28 [http-nio-8080-exec-6] DEBUG c.c.p.s.jwt.JwtAuthenticationFilter - >>> [JwtFilter] Successfully authenticated user: USRCNFRM_00000000002, Authorities: [ROLE_USER]
2026-03-16 16:52:28 [http-nio-8080-exec-6] DEBUG o.s.web.servlet.DispatcherServlet - GET "/api/v1/notifications/unread-count", parameters={}
2026-03-16 16:52:28 [http-nio-8080-exec-6] TRACE o.s.w.s.m.m.a.RequestMappingHandlerMapping - Mapped to com.company.project.api.controller.notification.NotificationController#getUnreadCount(UserDetails)
2026-03-16 16:52:28 [http-nio-8080-exec-6] DEBUG o.s.orm.jpa.JpaTransactionManager - Creating new transaction with name [com.company.project.service.notification.NotificationService.getUnreadCount]: PROPAGATION_REQUIRED,ISOLATION_DEFAULT,readOnly
2026-03-16 16:52:28 [http-nio-8080-exec-6] DEBUG o.s.orm.jpa.JpaTransactionManager - Opened new EntityManager [SessionImpl(1560808393<open>)] for JPA transaction
2026-03-16 16:52:28 [http-nio-8080-exec-6] DEBUG o.s.orm.jpa.JpaTransactionManager - Exposing JPA transaction as JDBC [org.springframework.orm.jpa.vendor.HibernateJpaDialect$HibernateConnectionHandle@538a1601]
2026-03-16 16:52:28 [http-nio-8080-exec-6] DEBUG org.hibernate.SQL - select count(n1_0.ntcn_no) from n_user_notification n1_0 where n1_0.receiver_id=? and n1_0.is_read=?
2026-03-16 16:52:28 [http-nio-8080-exec-4] DEBUG c.c.p.s.jwt.JwtAuthenticationFilter - >>> [JwtFilter] Processing request: GET /api/v1/menu/left
2026-03-16 16:52:28 [http-nio-8080-exec-4] DEBUG c.c.p.s.jwt.JwtAuthenticationFilter - >>> [JwtFilter] Found token in header for path: /api/v1/menu/left
2026-03-16 16:52:28 [http-nio-8080-exec-4] DEBUG o.s.orm.jpa.JpaTransactionManager - Creating new transaction with name [com.company.project.security.iam.CustomUserDetailsService.loadUserByUsername]: PROPAGATION_REQUIRED,ISOLATION_DEFAULT,readOnly
2026-03-16 16:52:28 [http-nio-8080-exec-4] DEBUG o.s.orm.jpa.JpaTransactionManager - Opened new EntityManager [SessionImpl(25416158<open>)] for JPA transaction
2026-03-16 16:52:28 [http-nio-8080-exec-7] DEBUG o.s.orm.jpa.JpaTransactionManager - Closing JPA EntityManager [SessionImpl(569597865<open>)] after transaction
2026-03-16 16:52:28 [http-nio-8080-exec-7] DEBUG o.s.w.s.m.m.a.HttpEntityMethodProcessor - Using 'application/json', given [application/json, text/plain, */*] and supported [application/json, application/*+json, application/yaml]
2026-03-16 16:52:28 [http-nio-8080-exec-7] TRACE o.s.w.s.m.m.a.HttpEntityMethodProcessor - Writing [ApiResponse[success=true, status=200, code=COMMON_001, message=Success, data=[NotificationDto(ntfcNo=NT001, ntfcSj=테스트 알림입니다, ntfcCn=알림 내용입니다, ntfcDate=null, ntfcTime=2026-02-25T00:59:33.784070, bhNtfcIntrvl=null, uniqId=null, frstRegisterId=null, frstRegisterPnttm=2026-02-25T00:59:33.784070, lastUpdusrId=null, lastUpdusrPnttm=null)], timestamp=2026-03-16T16:52:28.356125]]
2026-03-16 16:52:28 [http-nio-8080-exec-7] INFO  c.c.p.a.i.OperationalAuditInterceptor - API Audit Log: URL=/api/v1/notifications, User=user_regular, IP=127.0.0.1
2026-03-16 16:52:28 [http-nio-8080-exec-7] DEBUG o.s.web.servlet.DispatcherServlet - Completed 200 OK
2026-03-16 16:52:28 [http-nio-8080-exec-8] DEBUG o.s.orm.jpa.JpaTransactionManager - Closing JPA EntityManager [SessionImpl(2105685101<open>)] after transaction
2026-03-16 16:52:28 [http-nio-8080-exec-8] DEBUG o.s.w.s.m.m.a.HttpEntityMethodProcessor - Using 'application/json', given [application/json, text/plain, */*] and supported [application/json, application/*+json, application/yaml]
2026-03-16 16:52:28 [http-nio-8080-exec-8] TRACE o.s.w.s.m.m.a.HttpEntityMethodProcessor - Writing [ApiResponse[success=true, status=200, code=COMMON_001, message=Success, data=0, timestamp=2026-03-16T16:52:28.359665500]]
2026-03-16 16:52:28 [http-nio-8080-exec-8] INFO  c.c.p.a.i.OperationalAuditInterceptor - API Audit Log: URL=/api/v1/notifications/unread-count, User=user_regular, IP=127.0.0.1
2026-03-16 16:52:28 [http-nio-8080-exec-8] DEBUG o.s.web.servlet.DispatcherServlet - Completed 200 OK
2026-03-16 16:52:28 [http-nio-8080-exec-5] DEBUG o.s.orm.jpa.JpaTransactionManager - Found thread-bound EntityManager [SessionImpl(1497063325<open>)] for JPA transaction
2026-03-16 16:52:28 [http-nio-8080-exec-5] DEBUG o.s.orm.jpa.JpaTransactionManager - Participating in existing transaction
2026-03-16 16:52:28 [http-nio-8080-exec-5] DEBUG org.hibernate.SQL - select p1_0.progrm_file_nm,p1_0.progrm_dc,p1_0.progrm_korean_nm,p1_0.progrm_stre_path,p1_0.url from nprogrmlist p1_0
2026-03-16 16:52:28 [http-nio-8080-exec-2] DEBUG o.s.orm.jpa.JpaTransactionManager - Initiating transaction commit
2026-03-16 16:52:28 [http-nio-8080-exec-2] DEBUG o.s.orm.jpa.JpaTransactionManager - Committing JPA transaction on EntityManager [SessionImpl(1423418738<open>)]
2026-03-16 16:52:28 [http-nio-8080-exec-4] DEBUG o.s.orm.jpa.JpaTransactionManager - Exposing JPA transaction as JDBC [org.springframework.orm.jpa.vendor.HibernateJpaDialect$HibernateConnectionHandle@6356efef]
2026-03-16 16:52:28 [http-nio-8080-exec-4] DEBUG o.s.orm.jpa.JpaTransactionManager - Found thread-bound EntityManager [SessionImpl(25416158<open>)] for JPA transaction
2026-03-16 16:52:28 [http-nio-8080-exec-6] DEBUG o.s.orm.jpa.JpaTransactionManager - Initiating transaction commit
2026-03-16 16:52:28 [http-nio-8080-exec-4] DEBUG o.s.orm.jpa.JpaTransactionManager - Participating in existing transaction
2026-03-16 16:52:28 [http-nio-8080-exec-6] DEBUG o.s.orm.jpa.JpaTransactionManager - Committing JPA transaction on EntityManager [SessionImpl(1560808393<open>)]
2026-03-16 16:52:28 [http-nio-8080-exec-4] DEBUG org.hibernate.SQL - select u1_0.emplyr_id,u1_0.area_no,u1_0.brthdy,u1_0.chg_pwd_cnt,u1_0.frst_register_id,u1_0.frst_regist_pnttm,u1_0.detail_adres,u1_0.email_adres,u1_0.emplyr_sttus_code,u1_0.empl_no,u1_0.esntl_id,u1_0.fxnum,u1_0.group_id,u1_0.house_adres,u1_0.house_end_telno,u1_0.house_middle_telno,u1_0.ihidnum,u1_0.pstinst_code,u1_0.last_updusr_id,u1_0.last_updt_pnttm,u1_0.lock_at,u1_0.lock_cnt,u1_0.lock_last_pnttm,u1_0.mbtlnum,u1_0.ofcps_nm,u1_0.offm_telno,u1_0.orgnzt_id,u1_0.password,u1_0.password_cnsr,u1_0.password_hint,u1_0.chg_pwd_last_pnttm,u1_0.role,u1_0.sbscrb_de,u1_0.sexdstn_code,u1_0.crtfc_dn_value,u1_0.user_nm,u1_0.zip from nemplyrinfo u1_0 where u1_0.emplyr_id=?
2026-03-16 16:52:28 [http-nio-8080-exec-5] DEBUG o.s.orm.jpa.JpaTransactionManager - Initiating transaction commit
2026-03-16 16:52:28 [http-nio-8080-exec-5] DEBUG o.s.orm.jpa.JpaTransactionManager - Committing JPA transaction on EntityManager [SessionImpl(1497063325<open>)]
2026-03-16 16:52:28 [http-nio-8080-exec-2] DEBUG o.s.orm.jpa.JpaTransactionManager - Closing JPA EntityManager [SessionImpl(1423418738<open>)] after transaction
2026-03-16 16:52:28 [http-nio-8080-exec-2] DEBUG o.s.w.s.m.m.a.HttpEntityMethodProcessor - Using 'application/json', given [application/json, text/plain, */*] and supported [application/json, application/*+json, application/yaml]
2026-03-16 16:52:28 [http-nio-8080-exec-2] TRACE o.s.w.s.m.m.a.HttpEntityMethodProcessor - Writing [ApiResponse[success=true, status=200, code=COMMON_001, message=Success, data=[NotificationDto(ntfcNo=NT001, ntfcSj=테스트 알림입니다, ntfcCn=알림 내용입니다, ntfcDate=null, ntfcTime=2026-02-25T00:59:33.784070, bhNtfcIntrvl=null, uniqId=null, frstRegisterId=null, frstRegisterPnttm=2026-02-25T00:59:33.784070, lastUpdusrId=null, lastUpdusrPnttm=null)], timestamp=2026-03-16T16:52:28.632111]]
2026-03-16 16:52:28 [http-nio-8080-exec-2] INFO  c.c.p.a.i.OperationalAuditInterceptor - API Audit Log: URL=/api/v1/notifications, User=user_regular, IP=127.0.0.1
2026-03-16 16:52:28 [http-nio-8080-exec-2] DEBUG o.s.web.servlet.DispatcherServlet - Completed 200 OK
2026-03-16 16:52:28 [http-nio-8080-exec-4] DEBUG o.s.orm.jpa.JpaTransactionManager - Found thread-bound EntityManager [SessionImpl(25416158<open>)] for JPA transaction
2026-03-16 16:52:28 [http-nio-8080-exec-4] DEBUG o.s.orm.jpa.JpaTransactionManager - Participating in existing transaction
2026-03-16 16:52:28 [http-nio-8080-exec-4] DEBUG org.hibernate.SQL - select ua1_0.scrty_dtrmn_trget_id,ua1_0.author_code,ua1_0.frst_register_id,ua1_0.frst_regist_pnttm,ua1_0.last_updusr_id,ua1_0.last_updt_pnttm,ua1_0.mber_ty_code from nemplyrscrtyestbs ua1_0 where ua1_0.scrty_dtrmn_trget_id=?
2026-03-16 16:52:28 [http-nio-8080-exec-6] DEBUG o.s.orm.jpa.JpaTransactionManager - Closing JPA EntityManager [SessionImpl(1560808393<open>)] after transaction
2026-03-16 16:52:28 [http-nio-8080-exec-6] DEBUG o.s.w.s.m.m.a.HttpEntityMethodProcessor - Using 'application/json', given [application/json, text/plain, */*] and supported [application/json, application/*+json, application/yaml]
2026-03-16 16:52:28 [http-nio-8080-exec-6] TRACE o.s.w.s.m.m.a.HttpEntityMethodProcessor - Writing [ApiResponse[success=true, status=200, code=COMMON_001, message=Success, data=0, timestamp=2026-03-16T16:52:28.665181100]]
2026-03-16 16:52:28 [http-nio-8080-exec-6] INFO  c.c.p.a.i.OperationalAuditInterceptor - API Audit Log: URL=/api/v1/notifications/unread-count, User=user_regular, IP=127.0.0.1
2026-03-16 16:52:28 [http-nio-8080-exec-6] DEBUG o.s.web.servlet.DispatcherServlet - Completed 200 OK
2026-03-16 16:52:28 [http-nio-8080-exec-5] DEBUG o.s.orm.jpa.JpaTransactionManager - Closing JPA EntityManager [SessionImpl(1497063325<open>)] after transaction
2026-03-16 16:52:28 [http-nio-8080-exec-5] INFO  c.c.p.a.c.menu.MenuController - getLeftMenu returned 3 items
2026-03-16 16:52:28 [http-nio-8080-exec-5] DEBUG o.s.w.s.m.m.a.HttpEntityMethodProcessor - Using 'application/json', given [application/json, text/plain, */*] and supported [application/json, application/*+json, application/yaml]
2026-03-16 16:52:28 [http-nio-8080-exec-5] TRACE o.s.w.s.m.m.a.HttpEntityMethodProcessor - Writing [ApiResponse[success=true, status=200, code=COMMON_001, message=Success, data={list=[com.company.project.service.menu.dto.MenuDto@31e5f3f1, com.company.project.service.menu.dto.MenuDto@7ee08991, com.company.project.service.menu.dto.MenuDto@30b29b3]}, timestamp=2026-03-16T16:52:28.791586700]]
2026-03-16 16:52:28 [http-nio-8080-exec-5] INFO  c.c.p.a.i.OperationalAuditInterceptor - API Audit Log: URL=/api/v1/menu/left, User=user_regular, IP=127.0.0.1
2026-03-16 16:52:28 [http-nio-8080-exec-5] DEBUG o.s.web.servlet.DispatcherServlet - Completed 200 OK
2026-03-16 16:52:28 [http-nio-8080-exec-4] DEBUG o.s.orm.jpa.JpaTransactionManager - Initiating transaction commit
2026-03-16 16:52:28 [http-nio-8080-exec-4] DEBUG o.s.orm.jpa.JpaTransactionManager - Committing JPA transaction on EntityManager [SessionImpl(25416158<open>)]
2026-03-16 16:52:28 [http-nio-8080-exec-10] DEBUG c.c.p.s.jwt.JwtAuthenticationFilter - >>> [JwtFilter] Processing request: GET /api/v1/menu/left
2026-03-16 16:52:28 [http-nio-8080-exec-10] DEBUG c.c.p.s.jwt.JwtAuthenticationFilter - >>> [JwtFilter] Found token in header for path: /api/v1/menu/left
2026-03-16 16:52:28 [http-nio-8080-exec-10] DEBUG o.s.orm.jpa.JpaTransactionManager - Creating new transaction with name [com.company.project.security.iam.CustomUserDetailsService.loadUserByUsername]: PROPAGATION_REQUIRED,ISOLATION_DEFAULT,readOnly
2026-03-16 16:52:28 [http-nio-8080-exec-10] DEBUG o.s.orm.jpa.JpaTransactionManager - Opened new EntityManager [SessionImpl(968533557<open>)] for JPA transaction
2026-03-16 16:52:28 [http-nio-8080-exec-4] DEBUG o.s.orm.jpa.JpaTransactionManager - Closing JPA EntityManager [SessionImpl(25416158<open>)] after transaction
2026-03-16 16:52:28 [http-nio-8080-exec-4] DEBUG c.c.p.s.jwt.JwtAuthenticationFilter - >>> [JwtFilter] Successfully authenticated user: USRCNFRM_00000000002, Authorities: [ROLE_USER]
2026-03-16 16:52:28 [http-nio-8080-exec-4] DEBUG o.s.web.servlet.DispatcherServlet - GET "/api/v1/menu/left?menuNo=40", parameters={masked}
2026-03-16 16:52:28 [http-nio-8080-exec-4] TRACE o.s.w.s.m.m.a.RequestMappingHandlerMapping - Mapped to com.company.project.api.controller.menu.MenuController#getLeftMenu(Long)
2026-03-16 16:52:28 [http-nio-8080-exec-4] INFO  c.c.p.a.c.menu.MenuController - getLeftMenu called with menuNo=40
2026-03-16 16:52:28 [http-nio-8080-exec-4] DEBUG o.s.orm.jpa.JpaTransactionManager - Creating new transaction with name [com.company.project.service.menu.MenuService.getSubMenus]: PROPAGATION_REQUIRED,ISOLATION_DEFAULT,readOnly
2026-03-16 16:52:28 [http-nio-8080-exec-4] DEBUG o.s.orm.jpa.JpaTransactionManager - Opened new EntityManager [SessionImpl(424746060<open>)] for JPA transaction
2026-03-16 16:52:28 [http-nio-8080-exec-4] DEBUG o.s.orm.jpa.JpaTransactionManager - Exposing JPA transaction as JDBC [org.springframework.orm.jpa.vendor.HibernateJpaDialect$HibernateConnectionHandle@76a70d92]
2026-03-16 16:52:28 [http-nio-8080-exec-4] DEBUG org.hibernate.SQL - select m1_0.menu_no,m1_0.menu_dc,m1_0.menu_nm,m1_0.menu_ordr,m1_0.modern_route,m1_0.progrm_file_nm,m1_0.relate_image_nm,m1_0.relate_image_path,m1_0.route_updated_at,m1_0.upper_menu_no from nmenuinfo m1_0 order by m1_0.upper_menu_no,m1_0.menu_ordr
2026-03-16 16:52:28 [http-nio-8080-exec-10] DEBUG o.s.orm.jpa.JpaTransactionManager - Exposing JPA transaction as JDBC [org.springframework.orm.jpa.vendor.HibernateJpaDialect$HibernateConnectionHandle@3d6b763c]
2026-03-16 16:52:28 [http-nio-8080-exec-10] DEBUG o.s.orm.jpa.JpaTransactionManager - Found thread-bound EntityManager [SessionImpl(968533557<open>)] for JPA transaction
2026-03-16 16:52:28 [http-nio-8080-exec-10] DEBUG o.s.orm.jpa.JpaTransactionManager - Participating in existing transaction
2026-03-16 16:52:28 [http-nio-8080-exec-10] DEBUG org.hibernate.SQL - select u1_0.emplyr_id,u1_0.area_no,u1_0.brthdy,u1_0.chg_pwd_cnt,u1_0.frst_register_id,u1_0.frst_regist_pnttm,u1_0.detail_adres,u1_0.email_adres,u1_0.emplyr_sttus_code,u1_0.empl_no,u1_0.esntl_id,u1_0.fxnum,u1_0.group_id,u1_0.house_adres,u1_0.house_end_telno,u1_0.house_middle_telno,u1_0.ihidnum,u1_0.pstinst_code,u1_0.last_updusr_id,u1_0.last_updt_pnttm,u1_0.lock_at,u1_0.lock_cnt,u1_0.lock_last_pnttm,u1_0.mbtlnum,u1_0.ofcps_nm,u1_0.offm_telno,u1_0.orgnzt_id,u1_0.password,u1_0.password_cnsr,u1_0.password_hint,u1_0.chg_pwd_last_pnttm,u1_0.role,u1_0.sbscrb_de,u1_0.sexdstn_code,u1_0.crtfc_dn_value,u1_0.user_nm,u1_0.zip from nemplyrinfo u1_0 where u1_0.emplyr_id=?
2026-03-16 16:52:29 [http-nio-8080-exec-10] DEBUG o.s.orm.jpa.JpaTransactionManager - Found thread-bound EntityManager [SessionImpl(968533557<open>)] for JPA transaction
2026-03-16 16:52:29 [http-nio-8080-exec-10] DEBUG o.s.orm.jpa.JpaTransactionManager - Participating in existing transaction
2026-03-16 16:52:29 [http-nio-8080-exec-10] DEBUG org.hibernate.SQL - select ua1_0.scrty_dtrmn_trget_id,ua1_0.author_code,ua1_0.frst_register_id,ua1_0.frst_regist_pnttm,ua1_0.last_updusr_id,ua1_0.last_updt_pnttm,ua1_0.mber_ty_code from nemplyrscrtyestbs ua1_0 where ua1_0.scrty_dtrmn_trget_id=?
2026-03-16 16:52:29 [http-nio-8080-exec-4] DEBUG o.s.orm.jpa.JpaTransactionManager - Found thread-bound EntityManager [SessionImpl(424746060<open>)] for JPA transaction
2026-03-16 16:52:29 [http-nio-8080-exec-4] DEBUG o.s.orm.jpa.JpaTransactionManager - Participating in existing transaction
2026-03-16 16:52:29 [http-nio-8080-exec-4] DEBUG org.hibernate.SQL - select p1_0.progrm_file_nm,p1_0.progrm_dc,p1_0.progrm_korean_nm,p1_0.progrm_stre_path,p1_0.url from nprogrmlist p1_0
2026-03-16 16:52:29 [http-nio-8080-exec-4] DEBUG o.s.orm.jpa.JpaTransactionManager - Initiating transaction commit
2026-03-16 16:52:29 [http-nio-8080-exec-4] DEBUG o.s.orm.jpa.JpaTransactionManager - Committing JPA transaction on EntityManager [SessionImpl(424746060<open>)]
2026-03-16 16:52:29 [http-nio-8080-exec-10] DEBUG o.s.orm.jpa.JpaTransactionManager - Initiating transaction commit
2026-03-16 16:52:29 [http-nio-8080-exec-10] DEBUG o.s.orm.jpa.JpaTransactionManager - Committing JPA transaction on EntityManager [SessionImpl(968533557<open>)]
2026-03-16 16:52:29 [http-nio-8080-exec-4] DEBUG o.s.orm.jpa.JpaTransactionManager - Closing JPA EntityManager [SessionImpl(424746060<open>)] after transaction
2026-03-16 16:52:29 [http-nio-8080-exec-4] INFO  c.c.p.a.c.menu.MenuController - getLeftMenu returned 2 items
2026-03-16 16:52:29 [http-nio-8080-exec-4] DEBUG o.s.w.s.m.m.a.HttpEntityMethodProcessor - Using 'application/json', given [application/json, text/plain, */*] and supported [application/json, application/*+json, application/yaml]
2026-03-16 16:52:29 [http-nio-8080-exec-4] TRACE o.s.w.s.m.m.a.HttpEntityMethodProcessor - Writing [ApiResponse[success=true, status=200, code=COMMON_001, message=Success, data={list=[com.company.project.service.menu.dto.MenuDto@38435372, com.company.project.service.menu.dto.MenuDto@4c1d5b74]}, timestamp=2026-03-16T16:52:29.586046900]]
2026-03-16 16:52:29 [http-nio-8080-exec-4] INFO  c.c.p.a.i.OperationalAuditInterceptor - API Audit Log: URL=/api/v1/menu/left, User=user_regular, IP=127.0.0.1
2026-03-16 16:52:29 [http-nio-8080-exec-4] DEBUG o.s.web.servlet.DispatcherServlet - Completed 200 OK
2026-03-16 16:52:29 [http-nio-8080-exec-10] DEBUG o.s.orm.jpa.JpaTransactionManager - Closing JPA EntityManager [SessionImpl(968533557<open>)] after transaction
2026-03-16 16:52:29 [http-nio-8080-exec-10] DEBUG c.c.p.s.jwt.JwtAuthenticationFilter - >>> [JwtFilter] Successfully authenticated user: USRCNFRM_00000000002, Authorities: [ROLE_USER]
2026-03-16 16:52:29 [http-nio-8080-exec-10] DEBUG o.s.web.servlet.DispatcherServlet - GET "/api/v1/menu/left?menuNo=40", parameters={masked}
2026-03-16 16:52:29 [http-nio-8080-exec-10] TRACE o.s.w.s.m.m.a.RequestMappingHandlerMapping - Mapped to com.company.project.api.controller.menu.MenuController#getLeftMenu(Long)
2026-03-16 16:52:29 [http-nio-8080-exec-10] INFO  c.c.p.a.c.menu.MenuController - getLeftMenu called with menuNo=40
2026-03-16 16:52:29 [http-nio-8080-exec-10] DEBUG o.s.orm.jpa.JpaTransactionManager - Creating new transaction with name [com.company.project.service.menu.MenuService.getSubMenus]: PROPAGATION_REQUIRED,ISOLATION_DEFAULT,readOnly
2026-03-16 16:52:29 [http-nio-8080-exec-10] DEBUG o.s.orm.jpa.JpaTransactionManager - Opened new EntityManager [SessionImpl(1718008681<open>)] for JPA transaction
2026-03-16 16:52:29 [http-nio-8080-exec-10] DEBUG o.s.orm.jpa.JpaTransactionManager - Exposing JPA transaction as JDBC [org.springframework.orm.jpa.vendor.HibernateJpaDialect$HibernateConnectionHandle@133b08e4]
2026-03-16 16:52:29 [http-nio-8080-exec-9] DEBUG c.c.p.s.jwt.JwtAuthenticationFilter - >>> [JwtFilter] Processing request: GET /api/v1/menu/left
2026-03-16 16:52:29 [http-nio-8080-exec-9] DEBUG c.c.p.s.jwt.JwtAuthenticationFilter - >>> [JwtFilter] Found token in header for path: /api/v1/menu/left
2026-03-16 16:52:29 [http-nio-8080-exec-10] DEBUG org.hibernate.SQL - select m1_0.menu_no,m1_0.menu_dc,m1_0.menu_nm,m1_0.menu_ordr,m1_0.modern_route,m1_0.progrm_file_nm,m1_0.relate_image_nm,m1_0.relate_image_path,m1_0.route_updated_at,m1_0.upper_menu_no from nmenuinfo m1_0 order by m1_0.upper_menu_no,m1_0.menu_ordr
2026-03-16 16:52:29 [http-nio-8080-exec-9] DEBUG o.s.orm.jpa.JpaTransactionManager - Creating new transaction with name [com.company.project.security.iam.CustomUserDetailsService.loadUserByUsername]: PROPAGATION_REQUIRED,ISOLATION_DEFAULT,readOnly
2026-03-16 16:52:29 [http-nio-8080-exec-9] DEBUG o.s.orm.jpa.JpaTransactionManager - Opened new EntityManager [SessionImpl(921474555<open>)] for JPA transaction
2026-03-16 16:52:29 [http-nio-8080-exec-9] DEBUG o.s.orm.jpa.JpaTransactionManager - Exposing JPA transaction as JDBC [org.springframework.orm.jpa.vendor.HibernateJpaDialect$HibernateConnectionHandle@efd3988]
2026-03-16 16:52:29 [http-nio-8080-exec-9] DEBUG o.s.orm.jpa.JpaTransactionManager - Found thread-bound EntityManager [SessionImpl(921474555<open>)] for JPA transaction
2026-03-16 16:52:29 [http-nio-8080-exec-9] DEBUG o.s.orm.jpa.JpaTransactionManager - Participating in existing transaction
2026-03-16 16:52:29 [http-nio-8080-exec-9] DEBUG org.hibernate.SQL - select u1_0.emplyr_id,u1_0.area_no,u1_0.brthdy,u1_0.chg_pwd_cnt,u1_0.frst_register_id,u1_0.frst_regist_pnttm,u1_0.detail_adres,u1_0.email_adres,u1_0.emplyr_sttus_code,u1_0.empl_no,u1_0.esntl_id,u1_0.fxnum,u1_0.group_id,u1_0.house_adres,u1_0.house_end_telno,u1_0.house_middle_telno,u1_0.ihidnum,u1_0.pstinst_code,u1_0.last_updusr_id,u1_0.last_updt_pnttm,u1_0.lock_at,u1_0.lock_cnt,u1_0.lock_last_pnttm,u1_0.mbtlnum,u1_0.ofcps_nm,u1_0.offm_telno,u1_0.orgnzt_id,u1_0.password,u1_0.password_cnsr,u1_0.password_hint,u1_0.chg_pwd_last_pnttm,u1_0.role,u1_0.sbscrb_de,u1_0.sexdstn_code,u1_0.crtfc_dn_value,u1_0.user_nm,u1_0.zip from nemplyrinfo u1_0 where u1_0.emplyr_id=?
2026-03-16 16:52:29 [http-nio-8080-exec-9] DEBUG o.s.orm.jpa.JpaTransactionManager - Found thread-bound EntityManager [SessionImpl(921474555<open>)] for JPA transaction
2026-03-16 16:52:29 [http-nio-8080-exec-9] DEBUG o.s.orm.jpa.JpaTransactionManager - Participating in existing transaction
2026-03-16 16:52:29 [http-nio-8080-exec-10] DEBUG o.s.orm.jpa.JpaTransactionManager - Found thread-bound EntityManager [SessionImpl(1718008681<open>)] for JPA transaction
2026-03-16 16:52:29 [http-nio-8080-exec-9] DEBUG org.hibernate.SQL - select ua1_0.scrty_dtrmn_trget_id,ua1_0.author_code,ua1_0.frst_register_id,ua1_0.frst_regist_pnttm,ua1_0.last_updusr_id,ua1_0.last_updt_pnttm,ua1_0.mber_ty_code from nemplyrscrtyestbs ua1_0 where ua1_0.scrty_dtrmn_trget_id=?
2026-03-16 16:52:29 [http-nio-8080-exec-10] DEBUG o.s.orm.jpa.JpaTransactionManager - Participating in existing transaction
2026-03-16 16:52:29 [http-nio-8080-exec-10] DEBUG org.hibernate.SQL - select p1_0.progrm_file_nm,p1_0.progrm_dc,p1_0.progrm_korean_nm,p1_0.progrm_stre_path,p1_0.url from nprogrmlist p1_0
2026-03-16 16:52:30 [http-nio-8080-exec-9] DEBUG o.s.orm.jpa.JpaTransactionManager - Initiating transaction commit
2026-03-16 16:52:30 [http-nio-8080-exec-9] DEBUG o.s.orm.jpa.JpaTransactionManager - Committing JPA transaction on EntityManager [SessionImpl(921474555<open>)]
2026-03-16 16:52:30 [http-nio-8080-exec-10] DEBUG o.s.orm.jpa.JpaTransactionManager - Initiating transaction commit
2026-03-16 16:52:30 [http-nio-8080-exec-10] DEBUG o.s.orm.jpa.JpaTransactionManager - Committing JPA transaction on EntityManager [SessionImpl(1718008681<open>)]
2026-03-16 16:52:30 [http-nio-8080-exec-9] DEBUG o.s.orm.jpa.JpaTransactionManager - Closing JPA EntityManager [SessionImpl(921474555<open>)] after transaction
2026-03-16 16:52:30 [http-nio-8080-exec-9] DEBUG c.c.p.s.jwt.JwtAuthenticationFilter - >>> [JwtFilter] Successfully authenticated user: USRCNFRM_00000000002, Authorities: [ROLE_USER]
2026-03-16 16:52:30 [http-nio-8080-exec-9] DEBUG o.s.web.servlet.DispatcherServlet - GET "/api/v1/menu/left?menuNo=50", parameters={masked}
2026-03-16 16:52:30 [http-nio-8080-exec-9] TRACE o.s.w.s.m.m.a.RequestMappingHandlerMapping - Mapped to com.company.project.api.controller.menu.MenuController#getLeftMenu(Long)
2026-03-16 16:52:30 [http-nio-8080-exec-9] INFO  c.c.p.a.c.menu.MenuController - getLeftMenu called with menuNo=50
2026-03-16 16:52:30 [http-nio-8080-exec-9] DEBUG o.s.orm.jpa.JpaTransactionManager - Creating new transaction with name [com.company.project.service.menu.MenuService.getSubMenus]: PROPAGATION_REQUIRED,ISOLATION_DEFAULT,readOnly
2026-03-16 16:52:30 [http-nio-8080-exec-9] DEBUG o.s.orm.jpa.JpaTransactionManager - Opened new EntityManager [SessionImpl(853292691<open>)] for JPA transaction
2026-03-16 16:52:30 [http-nio-8080-exec-9] DEBUG o.s.orm.jpa.JpaTransactionManager - Exposing JPA transaction as JDBC [org.springframework.orm.jpa.vendor.HibernateJpaDialect$HibernateConnectionHandle@19785782]
2026-03-16 16:52:30 [http-nio-8080-exec-9] DEBUG org.hibernate.SQL - select m1_0.menu_no,m1_0.menu_dc,m1_0.menu_nm,m1_0.menu_ordr,m1_0.modern_route,m1_0.progrm_file_nm,m1_0.relate_image_nm,m1_0.relate_image_path,m1_0.route_updated_at,m1_0.upper_menu_no from nmenuinfo m1_0 order by m1_0.upper_menu_no,m1_0.menu_ordr
2026-03-16 16:52:30 [http-nio-8080-exec-10] DEBUG o.s.orm.jpa.JpaTransactionManager - Closing JPA EntityManager [SessionImpl(1718008681<open>)] after transaction
2026-03-16 16:52:30 [http-nio-8080-exec-10] INFO  c.c.p.a.c.menu.MenuController - getLeftMenu returned 2 items
2026-03-16 16:52:30 [http-nio-8080-exec-10] DEBUG o.s.w.s.m.m.a.HttpEntityMethodProcessor - Using 'application/json', given [application/json, text/plain, */*] and supported [application/json, application/*+json, application/yaml]
2026-03-16 16:52:30 [http-nio-8080-exec-10] TRACE o.s.w.s.m.m.a.HttpEntityMethodProcessor - Writing [ApiResponse[success=true, status=200, code=COMMON_001, message=Success, data={list=[com.company.project.service.menu.dto.MenuDto@4dbc5dc5, com.company.project.service.menu.dto.MenuDto@5ee54eea]}, timestamp=2026-03-16T16:52:30.232560500]]
2026-03-16 16:52:30 [http-nio-8080-exec-10] INFO  c.c.p.a.i.OperationalAuditInterceptor - API Audit Log: URL=/api/v1/menu/left, User=user_regular, IP=127.0.0.1
2026-03-16 16:52:30 [http-nio-8080-exec-10] DEBUG o.s.web.servlet.DispatcherServlet - Completed 200 OK
2026-03-16 16:52:30 [http-nio-8080-exec-6] DEBUG c.c.p.s.jwt.JwtAuthenticationFilter - >>> [JwtFilter] Processing request: GET /api/v1/menu/left
2026-03-16 16:52:30 [http-nio-8080-exec-6] DEBUG c.c.p.s.jwt.JwtAuthenticationFilter - >>> [JwtFilter] Found token in header for path: /api/v1/menu/left
2026-03-16 16:52:30 [http-nio-8080-exec-6] DEBUG o.s.orm.jpa.JpaTransactionManager - Creating new transaction with name [com.company.project.security.iam.CustomUserDetailsService.loadUserByUsername]: PROPAGATION_REQUIRED,ISOLATION_DEFAULT,readOnly
2026-03-16 16:52:30 [http-nio-8080-exec-6] DEBUG o.s.orm.jpa.JpaTransactionManager - Opened new EntityManager [SessionImpl(266085817<open>)] for JPA transaction
2026-03-16 16:52:30 [http-nio-8080-exec-6] DEBUG o.s.orm.jpa.JpaTransactionManager - Exposing JPA transaction as JDBC [org.springframework.orm.jpa.vendor.HibernateJpaDialect$HibernateConnectionHandle@63b1ea32]
2026-03-16 16:52:30 [http-nio-8080-exec-6] DEBUG o.s.orm.jpa.JpaTransactionManager - Found thread-bound EntityManager [SessionImpl(266085817<open>)] for JPA transaction
2026-03-16 16:52:30 [http-nio-8080-exec-6] DEBUG o.s.orm.jpa.JpaTransactionManager - Participating in existing transaction
2026-03-16 16:52:30 [http-nio-8080-exec-6] DEBUG org.hibernate.SQL - select u1_0.emplyr_id,u1_0.area_no,u1_0.brthdy,u1_0.chg_pwd_cnt,u1_0.frst_register_id,u1_0.frst_regist_pnttm,u1_0.detail_adres,u1_0.email_adres,u1_0.emplyr_sttus_code,u1_0.empl_no,u1_0.esntl_id,u1_0.fxnum,u1_0.group_id,u1_0.house_adres,u1_0.house_end_telno,u1_0.house_middle_telno,u1_0.ihidnum,u1_0.pstinst_code,u1_0.last_updusr_id,u1_0.last_updt_pnttm,u1_0.lock_at,u1_0.lock_cnt,u1_0.lock_last_pnttm,u1_0.mbtlnum,u1_0.ofcps_nm,u1_0.offm_telno,u1_0.orgnzt_id,u1_0.password,u1_0.password_cnsr,u1_0.password_hint,u1_0.chg_pwd_last_pnttm,u1_0.role,u1_0.sbscrb_de,u1_0.sexdstn_code,u1_0.crtfc_dn_value,u1_0.user_nm,u1_0.zip from nemplyrinfo u1_0 where u1_0.emplyr_id=?
2026-03-16 16:52:30 [http-nio-8080-exec-9] DEBUG o.s.orm.jpa.JpaTransactionManager - Found thread-bound EntityManager [SessionImpl(853292691<open>)] for JPA transaction
2026-03-16 16:52:30 [http-nio-8080-exec-9] DEBUG o.s.orm.jpa.JpaTransactionManager - Participating in existing transaction
2026-03-16 16:52:30 [http-nio-8080-exec-9] DEBUG org.hibernate.SQL - select p1_0.progrm_file_nm,p1_0.progrm_dc,p1_0.progrm_korean_nm,p1_0.progrm_stre_path,p1_0.url from nprogrmlist p1_0
2026-03-16 16:52:30 [http-nio-8080-exec-6] DEBUG o.s.orm.jpa.JpaTransactionManager - Found thread-bound EntityManager [SessionImpl(266085817<open>)] for JPA transaction
2026-03-16 16:52:30 [http-nio-8080-exec-6] DEBUG o.s.orm.jpa.JpaTransactionManager - Participating in existing transaction
2026-03-16 16:52:30 [http-nio-8080-exec-6] DEBUG org.hibernate.SQL - select ua1_0.scrty_dtrmn_trget_id,ua1_0.author_code,ua1_0.frst_register_id,ua1_0.frst_regist_pnttm,ua1_0.last_updusr_id,ua1_0.last_updt_pnttm,ua1_0.mber_ty_code from nemplyrscrtyestbs ua1_0 where ua1_0.scrty_dtrmn_trget_id=?
2026-03-16 16:52:30 [http-nio-8080-exec-9] DEBUG o.s.orm.jpa.JpaTransactionManager - Initiating transaction commit
2026-03-16 16:52:30 [http-nio-8080-exec-9] DEBUG o.s.orm.jpa.JpaTransactionManager - Committing JPA transaction on EntityManager [SessionImpl(853292691<open>)]
2026-03-16 16:52:30 [http-nio-8080-exec-6] DEBUG o.s.orm.jpa.JpaTransactionManager - Initiating transaction commit
2026-03-16 16:52:30 [http-nio-8080-exec-6] DEBUG o.s.orm.jpa.JpaTransactionManager - Committing JPA transaction on EntityManager [SessionImpl(266085817<open>)]
2026-03-16 16:52:30 [http-nio-8080-exec-9] DEBUG o.s.orm.jpa.JpaTransactionManager - Closing JPA EntityManager [SessionImpl(853292691<open>)] after transaction
2026-03-16 16:52:30 [http-nio-8080-exec-9] INFO  c.c.p.a.c.menu.MenuController - getLeftMenu returned 3 items
2026-03-16 16:52:30 [http-nio-8080-exec-9] DEBUG o.s.w.s.m.m.a.HttpEntityMethodProcessor - Using 'application/json', given [application/json, text/plain, */*] and supported [application/json, application/*+json, application/yaml]
2026-03-16 16:52:30 [http-nio-8080-exec-9] TRACE o.s.w.s.m.m.a.HttpEntityMethodProcessor - Writing [ApiResponse[success=true, status=200, code=COMMON_001, message=Success, data={list=[com.company.project.service.menu.dto.MenuDto@c0a7796, com.company.project.service.menu.dto.MenuDto@2ed6b270, com.company.project.service.menu.dto.MenuDto@66fb0309]}, timestamp=2026-03-16T16:52:30.828070600]]
2026-03-16 16:52:30 [http-nio-8080-exec-9] INFO  c.c.p.a.i.OperationalAuditInterceptor - API Audit Log: URL=/api/v1/menu/left, User=user_regular, IP=127.0.0.1
2026-03-16 16:52:30 [http-nio-8080-exec-9] DEBUG o.s.web.servlet.DispatcherServlet - Completed 200 OK
2026-03-16 16:52:30 [http-nio-8080-exec-8] DEBUG c.c.p.s.jwt.JwtAuthenticationFilter - >>> [JwtFilter] Processing request: GET /api/v1/menu/left
2026-03-16 16:52:30 [http-nio-8080-exec-8] DEBUG c.c.p.s.jwt.JwtAuthenticationFilter - >>> [JwtFilter] Found token in header for path: /api/v1/menu/left
2026-03-16 16:52:30 [http-nio-8080-exec-8] DEBUG o.s.orm.jpa.JpaTransactionManager - Creating new transaction with name [com.company.project.security.iam.CustomUserDetailsService.loadUserByUsername]: PROPAGATION_REQUIRED,ISOLATION_DEFAULT,readOnly
2026-03-16 16:52:30 [http-nio-8080-exec-8] DEBUG o.s.orm.jpa.JpaTransactionManager - Opened new EntityManager [SessionImpl(2069379006<open>)] for JPA transaction
2026-03-16 16:52:30 [http-nio-8080-exec-6] DEBUG o.s.orm.jpa.JpaTransactionManager - Closing JPA EntityManager [SessionImpl(266085817<open>)] after transaction
2026-03-16 16:52:30 [http-nio-8080-exec-6] DEBUG c.c.p.s.jwt.JwtAuthenticationFilter - >>> [JwtFilter] Successfully authenticated user: USRCNFRM_00000000002, Authorities: [ROLE_USER]
2026-03-16 16:52:30 [http-nio-8080-exec-6] DEBUG o.s.web.servlet.DispatcherServlet - GET "/api/v1/menu/left?menuNo=50", parameters={masked}
2026-03-16 16:52:30 [http-nio-8080-exec-6] TRACE o.s.w.s.m.m.a.RequestMappingHandlerMapping - Mapped to com.company.project.api.controller.menu.MenuController#getLeftMenu(Long)
2026-03-16 16:52:30 [http-nio-8080-exec-6] INFO  c.c.p.a.c.menu.MenuController - getLeftMenu called with menuNo=50
2026-03-16 16:52:30 [http-nio-8080-exec-6] DEBUG o.s.orm.jpa.JpaTransactionManager - Creating new transaction with name [com.company.project.service.menu.MenuService.getSubMenus]: PROPAGATION_REQUIRED,ISOLATION_DEFAULT,readOnly
2026-03-16 16:52:30 [http-nio-8080-exec-6] DEBUG o.s.orm.jpa.JpaTransactionManager - Opened new EntityManager [SessionImpl(602842572<open>)] for JPA transaction
2026-03-16 16:52:30 [http-nio-8080-exec-6] DEBUG o.s.orm.jpa.JpaTransactionManager - Exposing JPA transaction as JDBC [org.springframework.orm.jpa.vendor.HibernateJpaDialect$HibernateConnectionHandle@1591b458]
2026-03-16 16:52:30 [http-nio-8080-exec-6] DEBUG org.hibernate.SQL - select m1_0.menu_no,m1_0.menu_dc,m1_0.menu_nm,m1_0.menu_ordr,m1_0.modern_route,m1_0.progrm_file_nm,m1_0.relate_image_nm,m1_0.relate_image_path,m1_0.route_updated_at,m1_0.upper_menu_no from nmenuinfo m1_0 order by m1_0.upper_menu_no,m1_0.menu_ordr
2026-03-16 16:52:30 [http-nio-8080-exec-8] DEBUG o.s.orm.jpa.JpaTransactionManager - Exposing JPA transaction as JDBC [org.springframework.orm.jpa.vendor.HibernateJpaDialect$HibernateConnectionHandle@4c5544fe]
2026-03-16 16:52:30 [http-nio-8080-exec-8] DEBUG o.s.orm.jpa.JpaTransactionManager - Found thread-bound EntityManager [SessionImpl(2069379006<open>)] for JPA transaction
2026-03-16 16:52:30 [http-nio-8080-exec-8] DEBUG o.s.orm.jpa.JpaTransactionManager - Participating in existing transaction
2026-03-16 16:52:30 [http-nio-8080-exec-8] DEBUG org.hibernate.SQL - select u1_0.emplyr_id,u1_0.area_no,u1_0.brthdy,u1_0.chg_pwd_cnt,u1_0.frst_register_id,u1_0.frst_regist_pnttm,u1_0.detail_adres,u1_0.email_adres,u1_0.emplyr_sttus_code,u1_0.empl_no,u1_0.esntl_id,u1_0.fxnum,u1_0.group_id,u1_0.house_adres,u1_0.house_end_telno,u1_0.house_middle_telno,u1_0.ihidnum,u1_0.pstinst_code,u1_0.last_updusr_id,u1_0.last_updt_pnttm,u1_0.lock_at,u1_0.lock_cnt,u1_0.lock_last_pnttm,u1_0.mbtlnum,u1_0.ofcps_nm,u1_0.offm_telno,u1_0.orgnzt_id,u1_0.password,u1_0.password_cnsr,u1_0.password_hint,u1_0.chg_pwd_last_pnttm,u1_0.role,u1_0.sbscrb_de,u1_0.sexdstn_code,u1_0.crtfc_dn_value,u1_0.user_nm,u1_0.zip from nemplyrinfo u1_0 where u1_0.emplyr_id=?
2026-03-16 16:52:31 [http-nio-8080-exec-8] DEBUG o.s.orm.jpa.JpaTransactionManager - Found thread-bound EntityManager [SessionImpl(2069379006<open>)] for JPA transaction
2026-03-16 16:52:31 [http-nio-8080-exec-8] DEBUG o.s.orm.jpa.JpaTransactionManager - Participating in existing transaction
2026-03-16 16:52:31 [http-nio-8080-exec-8] DEBUG org.hibernate.SQL - select ua1_0.scrty_dtrmn_trget_id,ua1_0.author_code,ua1_0.frst_register_id,ua1_0.frst_regist_pnttm,ua1_0.last_updusr_id,ua1_0.last_updt_pnttm,ua1_0.mber_ty_code from nemplyrscrtyestbs ua1_0 where ua1_0.scrty_dtrmn_trget_id=?
2026-03-16 16:52:31 [http-nio-8080-exec-6] DEBUG o.s.orm.jpa.JpaTransactionManager - Found thread-bound EntityManager [SessionImpl(602842572<open>)] for JPA transaction
2026-03-16 16:52:31 [http-nio-8080-exec-6] DEBUG o.s.orm.jpa.JpaTransactionManager - Participating in existing transaction
2026-03-16 16:52:31 [http-nio-8080-exec-6] DEBUG org.hibernate.SQL - select p1_0.progrm_file_nm,p1_0.progrm_dc,p1_0.progrm_korean_nm,p1_0.progrm_stre_path,p1_0.url from nprogrmlist p1_0
2026-03-16 16:52:31 [http-nio-8080-exec-8] DEBUG o.s.orm.jpa.JpaTransactionManager - Initiating transaction commit
2026-03-16 16:52:31 [http-nio-8080-exec-8] DEBUG o.s.orm.jpa.JpaTransactionManager - Committing JPA transaction on EntityManager [SessionImpl(2069379006<open>)]
2026-03-16 16:52:31 [http-nio-8080-exec-6] DEBUG o.s.orm.jpa.JpaTransactionManager - Initiating transaction commit
2026-03-16 16:52:31 [http-nio-8080-exec-6] DEBUG o.s.orm.jpa.JpaTransactionManager - Committing JPA transaction on EntityManager [SessionImpl(602842572<open>)]
2026-03-16 16:52:31 [http-nio-8080-exec-8] DEBUG o.s.orm.jpa.JpaTransactionManager - Closing JPA EntityManager [SessionImpl(2069379006<open>)] after transaction
2026-03-16 16:52:31 [http-nio-8080-exec-8] DEBUG c.c.p.s.jwt.JwtAuthenticationFilter - >>> [JwtFilter] Successfully authenticated user: USRCNFRM_00000000002, Authorities: [ROLE_USER]
2026-03-16 16:52:31 [http-nio-8080-exec-8] DEBUG o.s.web.servlet.DispatcherServlet - GET "/api/v1/menu/left?menuNo=60", parameters={masked}
2026-03-16 16:52:31 [http-nio-8080-exec-8] TRACE o.s.w.s.m.m.a.RequestMappingHandlerMapping - Mapped to com.company.project.api.controller.menu.MenuController#getLeftMenu(Long)
2026-03-16 16:52:31 [http-nio-8080-exec-8] INFO  c.c.p.a.c.menu.MenuController - getLeftMenu called with menuNo=60
2026-03-16 16:52:31 [http-nio-8080-exec-8] DEBUG o.s.orm.jpa.JpaTransactionManager - Creating new transaction with name [com.company.project.service.menu.MenuService.getSubMenus]: PROPAGATION_REQUIRED,ISOLATION_DEFAULT,readOnly
2026-03-16 16:52:31 [http-nio-8080-exec-8] DEBUG o.s.orm.jpa.JpaTransactionManager - Opened new EntityManager [SessionImpl(2023258142<open>)] for JPA transaction
2026-03-16 16:52:31 [http-nio-8080-exec-8] DEBUG o.s.orm.jpa.JpaTransactionManager - Exposing JPA transaction as JDBC [org.springframework.orm.jpa.vendor.HibernateJpaDialect$HibernateConnectionHandle@36248769]
2026-03-16 16:52:31 [http-nio-8080-exec-8] DEBUG org.hibernate.SQL - select m1_0.menu_no,m1_0.menu_dc,m1_0.menu_nm,m1_0.menu_ordr,m1_0.modern_route,m1_0.progrm_file_nm,m1_0.relate_image_nm,m1_0.relate_image_path,m1_0.route_updated_at,m1_0.upper_menu_no from nmenuinfo m1_0 order by m1_0.upper_menu_no,m1_0.menu_ordr
2026-03-16 16:52:31 [http-nio-8080-exec-6] DEBUG o.s.orm.jpa.JpaTransactionManager - Closing JPA EntityManager [SessionImpl(602842572<open>)] after transaction
2026-03-16 16:52:31 [http-nio-8080-exec-6] INFO  c.c.p.a.c.menu.MenuController - getLeftMenu returned 3 items
2026-03-16 16:52:31 [http-nio-8080-exec-6] DEBUG o.s.w.s.m.m.a.HttpEntityMethodProcessor - Using 'application/json', given [application/json, text/plain, */*] and supported [application/json, application/*+json, application/yaml]
2026-03-16 16:52:31 [http-nio-8080-exec-6] TRACE o.s.w.s.m.m.a.HttpEntityMethodProcessor - Writing [ApiResponse[success=true, status=200, code=COMMON_001, message=Success, data={list=[com.company.project.service.menu.dto.MenuDto@5e81bc0a, com.company.project.service.menu.dto.MenuDto@63ca5352, com.company.project.service.menu.dto.MenuDto@6e6ebb9b]}, timestamp=2026-03-16T16:52:31.508579400]]
2026-03-16 16:52:31 [http-nio-8080-exec-6] INFO  c.c.p.a.i.OperationalAuditInterceptor - API Audit Log: URL=/api/v1/menu/left, User=user_regular, IP=127.0.0.1
2026-03-16 16:52:31 [http-nio-8080-exec-6] DEBUG o.s.web.servlet.DispatcherServlet - Completed 200 OK
2026-03-16 16:52:31 [http-nio-8080-exec-2] DEBUG c.c.p.s.jwt.JwtAuthenticationFilter - >>> [JwtFilter] Processing request: GET /api/v1/menu/left
2026-03-16 16:52:31 [http-nio-8080-exec-2] DEBUG c.c.p.s.jwt.JwtAuthenticationFilter - >>> [JwtFilter] Found token in header for path: /api/v1/menu/left
2026-03-16 16:52:31 [http-nio-8080-exec-2] DEBUG o.s.orm.jpa.JpaTransactionManager - Creating new transaction with name [com.company.project.security.iam.CustomUserDetailsService.loadUserByUsername]: PROPAGATION_REQUIRED,ISOLATION_DEFAULT,readOnly
2026-03-16 16:52:31 [http-nio-8080-exec-2] DEBUG o.s.orm.jpa.JpaTransactionManager - Opened new EntityManager [SessionImpl(1275550758<open>)] for JPA transaction
2026-03-16 16:52:31 [http-nio-8080-exec-2] DEBUG o.s.orm.jpa.JpaTransactionManager - Exposing JPA transaction as JDBC [org.springframework.orm.jpa.vendor.HibernateJpaDialect$HibernateConnectionHandle@6b762c68]
2026-03-16 16:52:31 [http-nio-8080-exec-2] DEBUG o.s.orm.jpa.JpaTransactionManager - Found thread-bound EntityManager [SessionImpl(1275550758<open>)] for JPA transaction
2026-03-16 16:52:31 [http-nio-8080-exec-2] DEBUG o.s.orm.jpa.JpaTransactionManager - Participating in existing transaction
2026-03-16 16:52:31 [http-nio-8080-exec-2] DEBUG org.hibernate.SQL - select u1_0.emplyr_id,u1_0.area_no,u1_0.brthdy,u1_0.chg_pwd_cnt,u1_0.frst_register_id,u1_0.frst_regist_pnttm,u1_0.detail_adres,u1_0.email_adres,u1_0.emplyr_sttus_code,u1_0.empl_no,u1_0.esntl_id,u1_0.fxnum,u1_0.group_id,u1_0.house_adres,u1_0.house_end_telno,u1_0.house_middle_telno,u1_0.ihidnum,u1_0.pstinst_code,u1_0.last_updusr_id,u1_0.last_updt_pnttm,u1_0.lock_at,u1_0.lock_cnt,u1_0.lock_last_pnttm,u1_0.mbtlnum,u1_0.ofcps_nm,u1_0.offm_telno,u1_0.orgnzt_id,u1_0.password,u1_0.password_cnsr,u1_0.password_hint,u1_0.chg_pwd_last_pnttm,u1_0.role,u1_0.sbscrb_de,u1_0.sexdstn_code,u1_0.crtfc_dn_value,u1_0.user_nm,u1_0.zip from nemplyrinfo u1_0 where u1_0.emplyr_id=?
2026-03-16 16:52:31 [http-nio-8080-exec-8] DEBUG o.s.orm.jpa.JpaTransactionManager - Found thread-bound EntityManager [SessionImpl(2023258142<open>)] for JPA transaction
2026-03-16 16:52:31 [http-nio-8080-exec-8] DEBUG o.s.orm.jpa.JpaTransactionManager - Participating in existing transaction
2026-03-16 16:52:31 [http-nio-8080-exec-8] DEBUG org.hibernate.SQL - select p1_0.progrm_file_nm,p1_0.progrm_dc,p1_0.progrm_korean_nm,p1_0.progrm_stre_path,p1_0.url from nprogrmlist p1_0
2026-03-16 16:52:31 [http-nio-8080-exec-2] DEBUG o.s.orm.jpa.JpaTransactionManager - Found thread-bound EntityManager [SessionImpl(1275550758<open>)] for JPA transaction
2026-03-16 16:52:31 [http-nio-8080-exec-2] DEBUG o.s.orm.jpa.JpaTransactionManager - Participating in existing transaction
2026-03-16 16:52:31 [http-nio-8080-exec-2] DEBUG org.hibernate.SQL - select ua1_0.scrty_dtrmn_trget_id,ua1_0.author_code,ua1_0.frst_register_id,ua1_0.frst_regist_pnttm,ua1_0.last_updusr_id,ua1_0.last_updt_pnttm,ua1_0.mber_ty_code from nemplyrscrtyestbs ua1_0 where ua1_0.scrty_dtrmn_trget_id=?
2026-03-16 16:52:31 [http-nio-8080-exec-8] DEBUG o.s.orm.jpa.JpaTransactionManager - Initiating transaction commit
2026-03-16 16:52:31 [http-nio-8080-exec-8] DEBUG o.s.orm.jpa.JpaTransactionManager - Committing JPA transaction on EntityManager [SessionImpl(2023258142<open>)]
2026-03-16 16:52:31 [http-nio-8080-exec-2] DEBUG o.s.orm.jpa.JpaTransactionManager - Initiating transaction commit
2026-03-16 16:52:31 [http-nio-8080-exec-2] DEBUG o.s.orm.jpa.JpaTransactionManager - Committing JPA transaction on EntityManager [SessionImpl(1275550758<open>)]
2026-03-16 16:52:32 [http-nio-8080-exec-8] DEBUG o.s.orm.jpa.JpaTransactionManager - Closing JPA EntityManager [SessionImpl(2023258142<open>)] after transaction
2026-03-16 16:52:32 [http-nio-8080-exec-8] INFO  c.c.p.a.c.menu.MenuController - getLeftMenu returned 1 items
2026-03-16 16:52:32 [http-nio-8080-exec-8] DEBUG o.s.w.s.m.m.a.HttpEntityMethodProcessor - Using 'application/json', given [application/json, text/plain, */*] and supported [application/json, application/*+json, application/yaml]
2026-03-16 16:52:32 [http-nio-8080-exec-8] TRACE o.s.w.s.m.m.a.HttpEntityMethodProcessor - Writing [ApiResponse[success=true, status=200, code=COMMON_001, message=Success, data={list=[com.company.project.service.menu.dto.MenuDto@1c74da0b]}, timestamp=2026-03-16T16:52:32.092105400]]
2026-03-16 16:52:32 [http-nio-8080-exec-8] INFO  c.c.p.a.i.OperationalAuditInterceptor - API Audit Log: URL=/api/v1/menu/left, User=user_regular, IP=127.0.0.1
2026-03-16 16:52:32 [http-nio-8080-exec-8] DEBUG o.s.web.servlet.DispatcherServlet - Completed 200 OK
2026-03-16 16:52:32 [http-nio-8080-exec-2] DEBUG o.s.orm.jpa.JpaTransactionManager - Closing JPA EntityManager [SessionImpl(1275550758<open>)] after transaction
2026-03-16 16:52:32 [http-nio-8080-exec-2] DEBUG c.c.p.s.jwt.JwtAuthenticationFilter - >>> [JwtFilter] Successfully authenticated user: USRCNFRM_00000000002, Authorities: [ROLE_USER]
2026-03-16 16:52:32 [http-nio-8080-exec-2] DEBUG o.s.web.servlet.DispatcherServlet - GET "/api/v1/menu/left?menuNo=60", parameters={masked}
2026-03-16 16:52:32 [http-nio-8080-exec-2] TRACE o.s.w.s.m.m.a.RequestMappingHandlerMapping - Mapped to com.company.project.api.controller.menu.MenuController#getLeftMenu(Long)
2026-03-16 16:52:32 [http-nio-8080-exec-2] INFO  c.c.p.a.c.menu.MenuController - getLeftMenu called with menuNo=60
2026-03-16 16:52:32 [http-nio-8080-exec-2] DEBUG o.s.orm.jpa.JpaTransactionManager - Creating new transaction with name [com.company.project.service.menu.MenuService.getSubMenus]: PROPAGATION_REQUIRED,ISOLATION_DEFAULT,readOnly
2026-03-16 16:52:32 [http-nio-8080-exec-2] DEBUG o.s.orm.jpa.JpaTransactionManager - Opened new EntityManager [SessionImpl(1790484633<open>)] for JPA transaction
2026-03-16 16:52:32 [http-nio-8080-exec-2] DEBUG o.s.orm.jpa.JpaTransactionManager - Exposing JPA transaction as JDBC [org.springframework.orm.jpa.vendor.HibernateJpaDialect$HibernateConnectionHandle@19dee2e9]
2026-03-16 16:52:32 [http-nio-8080-exec-2] DEBUG org.hibernate.SQL - select m1_0.menu_no,m1_0.menu_dc,m1_0.menu_nm,m1_0.menu_ordr,m1_0.modern_route,m1_0.progrm_file_nm,m1_0.relate_image_nm,m1_0.relate_image_path,m1_0.route_updated_at,m1_0.upper_menu_no from nmenuinfo m1_0 order by m1_0.upper_menu_no,m1_0.menu_ordr
2026-03-16 16:52:32 [http-nio-8080-exec-2] DEBUG o.s.orm.jpa.JpaTransactionManager - Found thread-bound EntityManager [SessionImpl(1790484633<open>)] for JPA transaction
2026-03-16 16:52:32 [http-nio-8080-exec-2] DEBUG o.s.orm.jpa.JpaTransactionManager - Participating in existing transaction
2026-03-16 16:52:32 [http-nio-8080-exec-2] DEBUG org.hibernate.SQL - select p1_0.progrm_file_nm,p1_0.progrm_dc,p1_0.progrm_korean_nm,p1_0.progrm_stre_path,p1_0.url from nprogrmlist p1_0
2026-03-16 16:52:32 [http-nio-8080-exec-2] DEBUG o.s.orm.jpa.JpaTransactionManager - Initiating transaction commit
2026-03-16 16:52:32 [http-nio-8080-exec-2] DEBUG o.s.orm.jpa.JpaTransactionManager - Committing JPA transaction on EntityManager [SessionImpl(1790484633<open>)]
2026-03-16 16:52:32 [http-nio-8080-exec-10] DEBUG o.s.w.s.h.LoggingWebSocketHandlerDecorator - WebSocketServerSockJsSession[id=o2gg2bvd] closed with CloseStatus[code=1001, reason=null]
2026-03-16 16:52:32 [http-nio-8080-exec-10] DEBUG o.s.w.s.m.SubProtocolWebSocketHandler - Clearing session o2gg2bvd
2026-03-16 16:52:32 [scheduling-1] DEBUG org.springframework.web.SimpLogging - Processing DISCONNECT session=o2gg2bvd
2026-03-16 16:52:32 [scheduling-1] DEBUG o.s.w.s.m.SubProtocolWebSocketHandler - No session for GenericMessage [payload=byte[0], headers={simpMessageType=DISCONNECT_ACK, simpDisconnectMessage=GenericMessage [payload=byte[0], headers={simpMessageType=DISCONNECT, stompCommand=DISCONNECT, simpSessionAttributes={org.springframework.messaging.simp.SimpAttributes.COMPLETED=true}, simpSessionId=o2gg2bvd}], simpSessionId=o2gg2bvd}]
2026-03-16 16:52:32 [http-nio-8080-exec-2] DEBUG o.s.orm.jpa.JpaTransactionManager - Closing JPA EntityManager [SessionImpl(1790484633<open>)] after transaction
2026-03-16 16:52:32 [http-nio-8080-exec-2] INFO  c.c.p.a.c.menu.MenuController - getLeftMenu returned 1 items
2026-03-16 16:52:32 [http-nio-8080-exec-2] DEBUG o.s.w.s.m.m.a.HttpEntityMethodProcessor - Using 'application/json', given [application/json, text/plain, */*] and supported [application/json, application/*+json, application/yaml]
2026-03-16 16:52:32 [http-nio-8080-exec-2] TRACE o.s.w.s.m.m.a.HttpEntityMethodProcessor - Writing [ApiResponse[success=true, status=200, code=COMMON_001, message=Success, data={list=[com.company.project.service.menu.dto.MenuDto@3ccb4615]}, timestamp=2026-03-16T16:52:32.732503300]]
2026-03-16 16:52:32 [http-nio-8080-exec-2] INFO  c.c.p.a.i.OperationalAuditInterceptor - API Audit Log: URL=/api/v1/menu/left, User=user_regular, IP=127.0.0.1
2026-03-16 16:52:32 [http-nio-8080-exec-2] DEBUG o.s.web.servlet.DispatcherServlet - Completed 200 OK
2026-03-16 16:52:41 [MessageBroker-5] DEBUG o.s.w.s.s.t.h.DefaultSockJsService - Closed 1 sessions: [o2gg2bvd]
2026-03-16 16:53:03 [http-nio-8080-exec-4] DEBUG o.s.w.s.h.LoggingWebSocketHandlerDecorator - WebSocketServerSockJsSession[id=ei50iu2v] closed with CloseStatus[code=1001, reason=null]
2026-03-16 16:53:03 [http-nio-8080-exec-4] DEBUG o.s.w.s.m.SubProtocolWebSocketHandler - Clearing session ei50iu2v
2026-03-16 16:53:03 [scheduling-1] DEBUG org.springframework.web.SimpLogging - Processing DISCONNECT session=ei50iu2v
2026-03-16 16:53:03 [scheduling-1] DEBUG o.s.w.s.m.SubProtocolWebSocketHandler - No session for GenericMessage [payload=byte[0], headers={simpMessageType=DISCONNECT_ACK, simpDisconnectMessage=GenericMessage [payload=byte[0], headers={simpMessageType=DISCONNECT, stompCommand=DISCONNECT, simpSessionAttributes={org.springframework.messaging.simp.SimpAttributes.COMPLETED=true}, simpSessionId=ei50iu2v}], simpSessionId=ei50iu2v}]
2026-03-16 16:53:11 [MessageBroker-9] DEBUG o.s.w.s.s.t.h.DefaultSockJsService - Closed 1 sessions: [ei50iu2v]
2026-03-16 16:53:13 [http-nio-8080-exec-1] DEBUG c.c.p.s.jwt.JwtAuthenticationFilter - >>> [JwtFilter] Processing request: POST /api/v1/auth/login
2026-03-16 16:53:13 [http-nio-8080-exec-1] DEBUG c.c.p.s.jwt.JwtAuthenticationFilter - >>> [JwtFilter] No token found in request header for path: /api/v1/auth/login
2026-03-16 16:53:13 [http-nio-8080-exec-1] DEBUG o.s.web.servlet.DispatcherServlet - POST "/api/v1/auth/login", parameters={}
2026-03-16 16:53:13 [http-nio-8080-exec-1] TRACE o.s.w.s.m.m.a.RequestMappingHandlerMapping - Mapped to com.company.project.api.auth.AuthController#login(Map, HttpServletResponse)
2026-03-16 16:53:13 [http-nio-8080-exec-1] TRACE o.s.w.s.m.m.a.RequestResponseBodyMethodProcessor - Read "application/json;charset=UTF-8" to [{id=webmaster, password=1}]
2026-03-16 16:53:13 [http-nio-8080-exec-1] INFO  c.c.project.api.auth.AuthController - >>> [Login] Attempting login for userId: webmaster
2026-03-16 16:53:13 [http-nio-8080-exec-1] DEBUG o.s.orm.jpa.JpaTransactionManager - Creating new transaction with name [com.company.project.security.iam.EgovAuthenticationProvider.authenticate]: PROPAGATION_REQUIRED,ISOLATION_DEFAULT
2026-03-16 16:53:13 [http-nio-8080-exec-1] DEBUG o.s.orm.jpa.JpaTransactionManager - Opened new EntityManager [SessionImpl(796913689<open>)] for JPA transaction
2026-03-16 16:53:13 [http-nio-8080-exec-1] DEBUG o.s.orm.jpa.JpaTransactionManager - Exposing JPA transaction as JDBC [org.springframework.orm.jpa.vendor.HibernateJpaDialect$HibernateConnectionHandle@41bf3814]
2026-03-16 16:53:13 [http-nio-8080-exec-1] INFO  c.c.p.s.i.EgovAuthenticationProvider - >>> [EgovAuthenticationProvider] Attempting authentication for userId: webmaster
2026-03-16 16:53:13 [http-nio-8080-exec-1] INFO  c.c.p.s.i.EgovAuthenticationProvider - >>> [EgovAuthenticationProvider] DB check started for userId: webmaster
2026-03-16 16:53:13 [http-nio-8080-exec-1] DEBUG o.s.orm.jpa.JpaTransactionManager - Found thread-bound EntityManager [SessionImpl(796913689<open>)] for JPA transaction
2026-03-16 16:53:13 [http-nio-8080-exec-1] DEBUG o.s.orm.jpa.JpaTransactionManager - Participating in existing transaction
2026-03-16 16:53:13 [http-nio-8080-exec-1] DEBUG org.hibernate.SQL - select u1_0.emplyr_id,u1_0.area_no,u1_0.brthdy,u1_0.chg_pwd_cnt,u1_0.frst_register_id,u1_0.frst_regist_pnttm,u1_0.detail_adres,u1_0.email_adres,u1_0.emplyr_sttus_code,u1_0.empl_no,u1_0.esntl_id,u1_0.fxnum,u1_0.group_id,u1_0.house_adres,u1_0.house_end_telno,u1_0.house_middle_telno,u1_0.ihidnum,u1_0.pstinst_code,u1_0.last_updusr_id,u1_0.last_updt_pnttm,u1_0.lock_at,u1_0.lock_cnt,u1_0.lock_last_pnttm,u1_0.mbtlnum,u1_0.ofcps_nm,u1_0.offm_telno,u1_0.orgnzt_id,u1_0.password,u1_0.password_cnsr,u1_0.password_hint,u1_0.chg_pwd_last_pnttm,u1_0.role,u1_0.sbscrb_de,u1_0.sexdstn_code,u1_0.crtfc_dn_value,u1_0.user_nm,u1_0.zip from nemplyrinfo u1_0 where u1_0.emplyr_id=?
2026-03-16 16:53:13 [http-nio-8080-exec-1] INFO  c.c.p.s.i.EgovAuthenticationProvider - >>> [EgovAuthenticationProvider] User found by findById: webmaster
2026-03-16 16:53:13 [http-nio-8080-exec-1] INFO  c.c.p.s.i.EgovAuthenticationProvider - >>> [EgovAuthenticationProvider] User found: webmaster, DB password hash: {bcrypt}$2a$10$NRnqN.nwZxWe01BiSsk4Su.qlAj87Ys//VJVJf2WKEs3JzaQyJsGO
2026-03-16 16:53:13 [http-nio-8080-exec-1] INFO  c.c.p.s.i.EgovAuthenticationProvider - >>> [EgovAuthenticationProvider] Trying standard PasswordEncoder.
2026-03-16 16:53:13 [http-nio-8080-exec-1] DEBUG o.s.orm.jpa.JpaTransactionManager - Found thread-bound EntityManager [SessionImpl(796913689<open>)] for JPA transaction
2026-03-16 16:53:13 [http-nio-8080-exec-1] DEBUG o.s.orm.jpa.JpaTransactionManager - Participating in existing transaction
2026-03-16 16:53:13 [http-nio-8080-exec-1] INFO  c.c.p.s.i.EgovAuthenticationProvider - >>> Authenticating user: webmaster, esntlId: USRCNFRM_99999999999, Inherent Role: ADMIN
2026-03-16 16:53:13 [http-nio-8080-exec-1] DEBUG o.s.orm.jpa.JpaTransactionManager - Found thread-bound EntityManager [SessionImpl(796913689<open>)] for JPA transaction
2026-03-16 16:53:13 [http-nio-8080-exec-1] DEBUG o.s.orm.jpa.JpaTransactionManager - Participating in existing transaction
2026-03-16 16:53:13 [http-nio-8080-exec-1] DEBUG org.hibernate.SQL - select ua1_0.scrty_dtrmn_trget_id,ua1_0.author_code,ua1_0.frst_register_id,ua1_0.frst_regist_pnttm,ua1_0.last_updusr_id,ua1_0.last_updt_pnttm,ua1_0.mber_ty_code from nemplyrscrtyestbs ua1_0 where ua1_0.scrty_dtrmn_trget_id=?
2026-03-16 16:53:14 [http-nio-8080-exec-1] INFO  c.c.p.s.i.EgovAuthenticationProvider - >>> Role from DB table (NEMPLYRSCRTYESTBS): ROLE_ADMIN
2026-03-16 16:53:14 [http-nio-8080-exec-1] INFO  c.c.p.s.i.EgovAuthenticationProvider - >>> [SPECIAL] Forcing ROLE_ADMIN for user: webmaster
2026-03-16 16:53:14 [http-nio-8080-exec-1] INFO  c.c.p.s.i.EgovAuthenticationProvider - >>> Final resolved authorCode for user webmaster: ROLE_ADMIN
2026-03-16 16:53:14 [http-nio-8080-exec-1] DEBUG o.s.orm.jpa.JpaTransactionManager - Initiating transaction commit
2026-03-16 16:53:14 [http-nio-8080-exec-1] DEBUG o.s.orm.jpa.JpaTransactionManager - Committing JPA transaction on EntityManager [SessionImpl(796913689<open>)]
2026-03-16 16:53:14 [http-nio-8080-exec-1] DEBUG o.s.orm.jpa.JpaTransactionManager - Closing JPA EntityManager [SessionImpl(796913689<open>)] after transaction
2026-03-16 16:53:14 [http-nio-8080-exec-1] DEBUG o.s.w.s.m.m.a.RequestResponseBodyMethodProcessor - Using 'application/json', given [*/*] and supported [application/json, application/*+json, application/yaml]
2026-03-16 16:53:14 [http-nio-8080-exec-1] TRACE o.s.w.s.m.m.a.RequestResponseBodyMethodProcessor - Writing [ApiResponse[success=true, status=200, code=COMMON_001, message=Success, data={role=ROLE_ADMIN, accessToken=eyJhbGciOiJIUzUxMiJ9.eyJzdWIiOiJ3ZWJtYXN0ZXIiLCJyb2xlIjoiUk9MRV9BRE1JTiIsImlhdCI6MTc3MzY0NzU5NCwiZXhwIjoxNzczNjUxMTk0fQ.LVKpv8dPMRmZilSWtcUgLcZOjpVkFn4Wyc20Edxc654Lqln2FIazWy36SU6HDDRtt2DDOEK6LNw7ls1MgQ7HHA}, timestamp=2026-03-16T16:53:14.280099900]]
2026-03-16 16:53:14 [http-nio-8080-exec-1] INFO  c.c.p.a.i.OperationalAuditInterceptor - API Audit Log: URL=/api/v1/auth/login, User=ANONYMOUS, IP=127.0.0.1
2026-03-16 16:53:14 [http-nio-8080-exec-1] DEBUG o.s.web.servlet.DispatcherServlet - Completed 200 OK
2026-03-16 16:53:14 [http-nio-8080-exec-7] DEBUG c.c.p.s.jwt.JwtAuthenticationFilter - >>> [JwtFilter] Processing request: POST /api/v1/auth/login
2026-03-16 16:53:14 [http-nio-8080-exec-7] DEBUG c.c.p.s.jwt.JwtAuthenticationFilter - >>> [JwtFilter] No token found in request header for path: /api/v1/auth/login
2026-03-16 16:53:14 [http-nio-8080-exec-7] DEBUG o.s.web.servlet.DispatcherServlet - POST "/api/v1/auth/login", parameters={}
2026-03-16 16:53:14 [http-nio-8080-exec-7] TRACE o.s.w.s.m.m.a.RequestMappingHandlerMapping - Mapped to com.company.project.api.auth.AuthController#login(Map, HttpServletResponse)
2026-03-16 16:53:14 [http-nio-8080-exec-7] TRACE o.s.w.s.m.m.a.RequestResponseBodyMethodProcessor - Read "application/json;charset=UTF-8" to [{id=user_regular, password=1}]
2026-03-16 16:53:14 [http-nio-8080-exec-7] INFO  c.c.project.api.auth.AuthController - >>> [Login] Attempting login for userId: user_regular
2026-03-16 16:53:14 [http-nio-8080-exec-7] DEBUG o.s.orm.jpa.JpaTransactionManager - Creating new transaction with name [com.company.project.security.iam.EgovAuthenticationProvider.authenticate]: PROPAGATION_REQUIRED,ISOLATION_DEFAULT
2026-03-16 16:53:14 [http-nio-8080-exec-7] DEBUG o.s.orm.jpa.JpaTransactionManager - Opened new EntityManager [SessionImpl(874469946<open>)] for JPA transaction
2026-03-16 16:53:14 [http-nio-8080-exec-7] DEBUG o.s.orm.jpa.JpaTransactionManager - Exposing JPA transaction as JDBC [org.springframework.orm.jpa.vendor.HibernateJpaDialect$HibernateConnectionHandle@a430477]
2026-03-16 16:53:14 [http-nio-8080-exec-7] INFO  c.c.p.s.i.EgovAuthenticationProvider - >>> [EgovAuthenticationProvider] Attempting authentication for userId: user_regular
2026-03-16 16:53:14 [http-nio-8080-exec-7] INFO  c.c.p.s.i.EgovAuthenticationProvider - >>> [EgovAuthenticationProvider] DB check started for userId: user_regular
2026-03-16 16:53:14 [http-nio-8080-exec-7] DEBUG o.s.orm.jpa.JpaTransactionManager - Found thread-bound EntityManager [SessionImpl(874469946<open>)] for JPA transaction
2026-03-16 16:53:14 [http-nio-8080-exec-7] DEBUG o.s.orm.jpa.JpaTransactionManager - Participating in existing transaction
2026-03-16 16:53:14 [http-nio-8080-exec-7] DEBUG org.hibernate.SQL - select u1_0.emplyr_id,u1_0.area_no,u1_0.brthdy,u1_0.chg_pwd_cnt,u1_0.frst_register_id,u1_0.frst_regist_pnttm,u1_0.detail_adres,u1_0.email_adres,u1_0.emplyr_sttus_code,u1_0.empl_no,u1_0.esntl_id,u1_0.fxnum,u1_0.group_id,u1_0.house_adres,u1_0.house_end_telno,u1_0.house_middle_telno,u1_0.ihidnum,u1_0.pstinst_code,u1_0.last_updusr_id,u1_0.last_updt_pnttm,u1_0.lock_at,u1_0.lock_cnt,u1_0.lock_last_pnttm,u1_0.mbtlnum,u1_0.ofcps_nm,u1_0.offm_telno,u1_0.orgnzt_id,u1_0.password,u1_0.password_cnsr,u1_0.password_hint,u1_0.chg_pwd_last_pnttm,u1_0.role,u1_0.sbscrb_de,u1_0.sexdstn_code,u1_0.crtfc_dn_value,u1_0.user_nm,u1_0.zip from nemplyrinfo u1_0 where u1_0.emplyr_id=?
2026-03-16 16:53:14 [http-nio-8080-exec-7] INFO  c.c.p.s.i.EgovAuthenticationProvider - >>> [EgovAuthenticationProvider] User found by findById: user_regular
2026-03-16 16:53:14 [http-nio-8080-exec-7] INFO  c.c.p.s.i.EgovAuthenticationProvider - >>> [EgovAuthenticationProvider] User found: user_regular, DB password hash: {bcrypt}$2a$10$bMmSeYF1.khtxxRUcD2tOO3U82j8K8xiUTm9RLJFu6DsyGIfxJOHy
2026-03-16 16:53:14 [http-nio-8080-exec-7] INFO  c.c.p.s.i.EgovAuthenticationProvider - >>> [EgovAuthenticationProvider] Trying standard PasswordEncoder.
2026-03-16 16:53:14 [http-nio-8080-exec-7] DEBUG o.s.orm.jpa.JpaTransactionManager - Found thread-bound EntityManager [SessionImpl(874469946<open>)] for JPA transaction
2026-03-16 16:53:14 [http-nio-8080-exec-7] DEBUG o.s.orm.jpa.JpaTransactionManager - Participating in existing transaction
2026-03-16 16:53:14 [http-nio-8080-exec-7] INFO  c.c.p.s.i.EgovAuthenticationProvider - >>> Authenticating user: user_regular, esntlId: USRCNFRM_00000000002, Inherent Role: USER
2026-03-16 16:53:14 [http-nio-8080-exec-7] DEBUG o.s.orm.jpa.JpaTransactionManager - Found thread-bound EntityManager [SessionImpl(874469946<open>)] for JPA transaction
2026-03-16 16:53:14 [http-nio-8080-exec-7] DEBUG o.s.orm.jpa.JpaTransactionManager - Participating in existing transaction
2026-03-16 16:53:14 [http-nio-8080-exec-7] DEBUG org.hibernate.SQL - select ua1_0.scrty_dtrmn_trget_id,ua1_0.author_code,ua1_0.frst_register_id,ua1_0.frst_regist_pnttm,ua1_0.last_updusr_id,ua1_0.last_updt_pnttm,ua1_0.mber_ty_code from nemplyrscrtyestbs ua1_0 where ua1_0.scrty_dtrmn_trget_id=?
2026-03-16 16:53:14 [http-nio-8080-exec-7] INFO  c.c.p.s.i.EgovAuthenticationProvider - >>> Role from DB table (NEMPLYRSCRTYESTBS): ROLE_USER
2026-03-16 16:53:14 [http-nio-8080-exec-7] INFO  c.c.p.s.i.EgovAuthenticationProvider - >>> Final resolved authorCode for user user_regular: ROLE_USER
2026-03-16 16:53:14 [http-nio-8080-exec-7] DEBUG o.s.orm.jpa.JpaTransactionManager - Initiating transaction commit
2026-03-16 16:53:14 [http-nio-8080-exec-7] DEBUG o.s.orm.jpa.JpaTransactionManager - Committing JPA transaction on EntityManager [SessionImpl(874469946<open>)]
2026-03-16 16:53:15 [http-nio-8080-exec-7] DEBUG o.s.orm.jpa.JpaTransactionManager - Closing JPA EntityManager [SessionImpl(874469946<open>)] after transaction
2026-03-16 16:53:15 [http-nio-8080-exec-7] DEBUG o.s.w.s.m.m.a.RequestResponseBodyMethodProcessor - Using 'application/json', given [*/*] and supported [application/json, application/*+json, application/yaml]
2026-03-16 16:53:15 [http-nio-8080-exec-7] TRACE o.s.w.s.m.m.a.RequestResponseBodyMethodProcessor - Writing [ApiResponse[success=true, status=200, code=COMMON_001, message=Success, data={role=ROLE_USER, accessToken=eyJhbGciOiJIUzUxMiJ9.eyJzdWIiOiJ1c2VyX3JlZ3VsYXIiLCJyb2xlIjoiUk9MRV9VU0VSIiwiaWF0IjoxNzczNjQ3NTk1LCJleHAiOjE3NzM2NTExOTV9.kJhtaMCt4kUwZVfdGKirKB7Y173SiwYtA7hdWbxWYWkDPR4g36M1dDLo3jtPl3zZeILGcJdndid5BYi39uZZbQ}, timestamp=2026-03-16T16:53:15.038021200]]
2026-03-16 16:53:15 [http-nio-8080-exec-7] INFO  c.c.p.a.i.OperationalAuditInterceptor - API Audit Log: URL=/api/v1/auth/login, User=ANONYMOUS, IP=127.0.0.1
2026-03-16 16:53:15 [http-nio-8080-exec-7] DEBUG o.s.web.servlet.DispatcherServlet - Completed 200 OK
2026-03-16 16:53:22 [http-nio-8080-exec-8] DEBUG c.c.p.s.jwt.JwtAuthenticationFilter - >>> [JwtFilter] Processing request: GET /api/v1/dashboard
2026-03-16 16:53:22 [http-nio-8080-exec-6] DEBUG c.c.p.s.jwt.JwtAuthenticationFilter - >>> [JwtFilter] Processing request: GET /api/v1/menu/head
2026-03-16 16:53:22 [http-nio-8080-exec-8] DEBUG c.c.p.s.jwt.JwtAuthenticationFilter - >>> [JwtFilter] Found token in header for path: /api/v1/dashboard
2026-03-16 16:53:22 [http-nio-8080-exec-6] DEBUG c.c.p.s.jwt.JwtAuthenticationFilter - >>> [JwtFilter] Found token in header for path: /api/v1/menu/head
2026-03-16 16:53:22 [http-nio-8080-exec-8] DEBUG o.s.orm.jpa.JpaTransactionManager - Creating new transaction with name [com.company.project.security.iam.CustomUserDetailsService.loadUserByUsername]: PROPAGATION_REQUIRED,ISOLATION_DEFAULT,readOnly
2026-03-16 16:53:22 [http-nio-8080-exec-6] DEBUG o.s.orm.jpa.JpaTransactionManager - Creating new transaction with name [com.company.project.security.iam.CustomUserDetailsService.loadUserByUsername]: PROPAGATION_REQUIRED,ISOLATION_DEFAULT,readOnly
2026-03-16 16:53:22 [http-nio-8080-exec-8] DEBUG o.s.orm.jpa.JpaTransactionManager - Opened new EntityManager [SessionImpl(677787162<open>)] for JPA transaction
2026-03-16 16:53:22 [http-nio-8080-exec-6] DEBUG o.s.orm.jpa.JpaTransactionManager - Opened new EntityManager [SessionImpl(1211482658<open>)] for JPA transaction
2026-03-16 16:53:22 [http-nio-8080-exec-8] DEBUG o.s.orm.jpa.JpaTransactionManager - Exposing JPA transaction as JDBC [org.springframework.orm.jpa.vendor.HibernateJpaDialect$HibernateConnectionHandle@389ceaab]
2026-03-16 16:53:22 [http-nio-8080-exec-6] DEBUG o.s.orm.jpa.JpaTransactionManager - Exposing JPA transaction as JDBC [org.springframework.orm.jpa.vendor.HibernateJpaDialect$HibernateConnectionHandle@1b0746c2]
2026-03-16 16:53:22 [http-nio-8080-exec-8] DEBUG o.s.orm.jpa.JpaTransactionManager - Found thread-bound EntityManager [SessionImpl(677787162<open>)] for JPA transaction
2026-03-16 16:53:22 [http-nio-8080-exec-8] DEBUG o.s.orm.jpa.JpaTransactionManager - Participating in existing transaction
2026-03-16 16:53:22 [http-nio-8080-exec-6] DEBUG o.s.orm.jpa.JpaTransactionManager - Found thread-bound EntityManager [SessionImpl(1211482658<open>)] for JPA transaction
2026-03-16 16:53:22 [http-nio-8080-exec-6] DEBUG o.s.orm.jpa.JpaTransactionManager - Participating in existing transaction
2026-03-16 16:53:22 [http-nio-8080-exec-6] DEBUG org.hibernate.SQL - select u1_0.emplyr_id,u1_0.area_no,u1_0.brthdy,u1_0.chg_pwd_cnt,u1_0.frst_register_id,u1_0.frst_regist_pnttm,u1_0.detail_adres,u1_0.email_adres,u1_0.emplyr_sttus_code,u1_0.empl_no,u1_0.esntl_id,u1_0.fxnum,u1_0.group_id,u1_0.house_adres,u1_0.house_end_telno,u1_0.house_middle_telno,u1_0.ihidnum,u1_0.pstinst_code,u1_0.last_updusr_id,u1_0.last_updt_pnttm,u1_0.lock_at,u1_0.lock_cnt,u1_0.lock_last_pnttm,u1_0.mbtlnum,u1_0.ofcps_nm,u1_0.offm_telno,u1_0.orgnzt_id,u1_0.password,u1_0.password_cnsr,u1_0.password_hint,u1_0.chg_pwd_last_pnttm,u1_0.role,u1_0.sbscrb_de,u1_0.sexdstn_code,u1_0.crtfc_dn_value,u1_0.user_nm,u1_0.zip from nemplyrinfo u1_0 where u1_0.emplyr_id=?
2026-03-16 16:53:22 [http-nio-8080-exec-8] DEBUG org.hibernate.SQL - select u1_0.emplyr_id,u1_0.area_no,u1_0.brthdy,u1_0.chg_pwd_cnt,u1_0.frst_register_id,u1_0.frst_regist_pnttm,u1_0.detail_adres,u1_0.email_adres,u1_0.emplyr_sttus_code,u1_0.empl_no,u1_0.esntl_id,u1_0.fxnum,u1_0.group_id,u1_0.house_adres,u1_0.house_end_telno,u1_0.house_middle_telno,u1_0.ihidnum,u1_0.pstinst_code,u1_0.last_updusr_id,u1_0.last_updt_pnttm,u1_0.lock_at,u1_0.lock_cnt,u1_0.lock_last_pnttm,u1_0.mbtlnum,u1_0.ofcps_nm,u1_0.offm_telno,u1_0.orgnzt_id,u1_0.password,u1_0.password_cnsr,u1_0.password_hint,u1_0.chg_pwd_last_pnttm,u1_0.role,u1_0.sbscrb_de,u1_0.sexdstn_code,u1_0.crtfc_dn_value,u1_0.user_nm,u1_0.zip from nemplyrinfo u1_0 where u1_0.emplyr_id=?
2026-03-16 16:53:22 [http-nio-8080-exec-8] DEBUG o.s.orm.jpa.JpaTransactionManager - Found thread-bound EntityManager [SessionImpl(677787162<open>)] for JPA transaction
2026-03-16 16:53:22 [http-nio-8080-exec-6] DEBUG o.s.orm.jpa.JpaTransactionManager - Found thread-bound EntityManager [SessionImpl(1211482658<open>)] for JPA transaction
2026-03-16 16:53:22 [http-nio-8080-exec-8] DEBUG o.s.orm.jpa.JpaTransactionManager - Participating in existing transaction
2026-03-16 16:53:22 [http-nio-8080-exec-6] DEBUG o.s.orm.jpa.JpaTransactionManager - Participating in existing transaction
2026-03-16 16:53:22 [http-nio-8080-exec-8] DEBUG org.hibernate.SQL - select ua1_0.scrty_dtrmn_trget_id,ua1_0.author_code,ua1_0.frst_register_id,ua1_0.frst_regist_pnttm,ua1_0.last_updusr_id,ua1_0.last_updt_pnttm,ua1_0.mber_ty_code from nemplyrscrtyestbs ua1_0 where ua1_0.scrty_dtrmn_trget_id=?
2026-03-16 16:53:22 [http-nio-8080-exec-6] DEBUG org.hibernate.SQL - select ua1_0.scrty_dtrmn_trget_id,ua1_0.author_code,ua1_0.frst_register_id,ua1_0.frst_regist_pnttm,ua1_0.last_updusr_id,ua1_0.last_updt_pnttm,ua1_0.mber_ty_code from nemplyrscrtyestbs ua1_0 where ua1_0.scrty_dtrmn_trget_id=?
2026-03-16 16:53:22 [http-nio-8080-exec-6] DEBUG o.s.orm.jpa.JpaTransactionManager - Initiating transaction commit
2026-03-16 16:53:22 [http-nio-8080-exec-8] DEBUG o.s.orm.jpa.JpaTransactionManager - Initiating transaction commit
2026-03-16 16:53:22 [http-nio-8080-exec-6] DEBUG o.s.orm.jpa.JpaTransactionManager - Committing JPA transaction on EntityManager [SessionImpl(1211482658<open>)]
2026-03-16 16:53:22 [http-nio-8080-exec-8] DEBUG o.s.orm.jpa.JpaTransactionManager - Committing JPA transaction on EntityManager [SessionImpl(677787162<open>)]
2026-03-16 16:53:23 [http-nio-8080-exec-6] DEBUG o.s.orm.jpa.JpaTransactionManager - Closing JPA EntityManager [SessionImpl(1211482658<open>)] after transaction
2026-03-16 16:53:23 [http-nio-8080-exec-6] DEBUG c.c.p.s.jwt.JwtAuthenticationFilter - >>> [JwtFilter] Successfully authenticated user: USRCNFRM_99999999999, Authorities: [ROLE_ADMIN]
2026-03-16 16:53:23 [http-nio-8080-exec-6] DEBUG o.s.web.servlet.DispatcherServlet - GET "/api/v1/menu/head", parameters={}
2026-03-16 16:53:23 [http-nio-8080-exec-8] DEBUG o.s.orm.jpa.JpaTransactionManager - Closing JPA EntityManager [SessionImpl(677787162<open>)] after transaction
2026-03-16 16:53:23 [http-nio-8080-exec-6] TRACE o.s.w.s.m.m.a.RequestMappingHandlerMapping - Mapped to com.company.project.api.controller.menu.MenuController#getHeadMenu()
2026-03-16 16:53:23 [http-nio-8080-exec-8] DEBUG c.c.p.s.jwt.JwtAuthenticationFilter - >>> [JwtFilter] Successfully authenticated user: USRCNFRM_99999999999, Authorities: [ROLE_ADMIN]
2026-03-16 16:53:23 [http-nio-8080-exec-6] INFO  c.c.p.a.c.menu.MenuController - getHeadMenu called
2026-03-16 16:53:23 [http-nio-8080-exec-6] DEBUG o.s.orm.jpa.JpaTransactionManager - Creating new transaction with name [com.company.project.service.menu.MenuService.getMenuHierarchy]: PROPAGATION_REQUIRED,ISOLATION_DEFAULT,readOnly
2026-03-16 16:53:23 [http-nio-8080-exec-6] DEBUG o.s.orm.jpa.JpaTransactionManager - Opened new EntityManager [SessionImpl(1597974593<open>)] for JPA transaction
2026-03-16 16:53:23 [http-nio-8080-exec-8] DEBUG o.s.web.servlet.DispatcherServlet - GET "/api/v1/dashboard", parameters={}
2026-03-16 16:53:23 [http-nio-8080-exec-6] DEBUG o.s.orm.jpa.JpaTransactionManager - Exposing JPA transaction as JDBC [org.springframework.orm.jpa.vendor.HibernateJpaDialect$HibernateConnectionHandle@34a3b90d]
2026-03-16 16:53:23 [http-nio-8080-exec-6] DEBUG c.c.project.service.menu.MenuService - getMenuHierarchy started (Cache Miss)
2026-03-16 16:53:23 [http-nio-8080-exec-8] TRACE o.s.w.s.m.m.a.RequestMappingHandlerMapping - Mapped to com.company.project.api.controller.main.DashboardController#getDashboardData(UserDetails)
2026-03-16 16:53:23 [http-nio-8080-exec-6] DEBUG org.hibernate.SQL - select m1_0.menu_no,m1_0.menu_dc,m1_0.menu_nm,m1_0.menu_ordr,m1_0.modern_route,m1_0.progrm_file_nm,m1_0.relate_image_nm,m1_0.relate_image_path,m1_0.route_updated_at,m1_0.upper_menu_no from nmenuinfo m1_0 order by m1_0.upper_menu_no,m1_0.menu_ordr
2026-03-16 16:53:23 [http-nio-8080-exec-8] INFO  c.c.p.a.c.main.DashboardController - >>> [Dashboard] Fetching data for user: USRCNFRM_99999999999
2026-03-16 16:53:23 [http-nio-8080-exec-8] DEBUG o.s.orm.jpa.JpaTransactionManager - Creating new transaction with name [com.company.project.service.board.BoardService.getBoardPosts]: PROPAGATION_REQUIRED,ISOLATION_DEFAULT,readOnly
2026-03-16 16:53:23 [http-nio-8080-exec-8] DEBUG o.s.orm.jpa.JpaTransactionManager - Opened new EntityManager [SessionImpl(855312725<open>)] for JPA transaction
2026-03-16 16:53:23 [http-nio-8080-exec-8] DEBUG o.s.orm.jpa.JpaTransactionManager - Exposing JPA transaction as JDBC [org.springframework.orm.jpa.vendor.HibernateJpaDialect$HibernateConnectionHandle@5772f4d8]
2026-03-16 16:53:23 [http-nio-8080-exec-8] DEBUG o.s.orm.jpa.JpaTransactionManager - Found thread-bound EntityManager [SessionImpl(855312725<open>)] for JPA transaction
2026-03-16 16:53:23 [http-nio-8080-exec-8] DEBUG o.s.orm.jpa.JpaTransactionManager - Participating in existing transaction
2026-03-16 16:53:23 [http-nio-8080-exec-8] DEBUG org.hibernate.SQL - select bm1_0.bbs_id,bm1_0.atch_posbl_file_number,bm1_0.atch_posbl_file_size,bm1_0.bbs_attrb_code,bm1_0.bbs_intrcn,bm1_0.bbs_nm,bm1_0.bbs_ty_code,bm1_0.blog_at,bm1_0.blog_id,bm1_0.cmmnty_id,bm1_0.frst_register_id,bm1_0.frst_regist_pnttm,bm1_0.file_atch_posbl_at,bm1_0.last_updusr_id,bm1_0.last_updt_pnttm,bm1_0.reply_posbl_at,bm1_0.tmplat_id,bm1_0.use_at,bm1_1.answer_at,bm1_1.stsfdg_at from nbbsmaster bm1_0 left join nbbsmasteroptn bm1_1 on bm1_0.bbs_id=bm1_1.bbs_id where bm1_0.bbs_id=?
2026-03-16 16:53:23 [http-nio-8080-exec-8] DEBUG org.hibernate.SQL - select b1_0.ntt_id,b1_0.bbs_id,b1_0.ntt_sj,b1_0.ntcr_nm,b1_0.frst_regist_pnttm,b1_0.rdcnt,b1_0.answer_at,b1_0.parntsctt_no,b1_0.answer_lc,b1_0.sort_ordr,b1_0.ntt_no,b1_0.notice_at,b1_0.secret_at,b1_0.comment_co from nbbs b1_0 left join nemplyrinfo u1_0 on b1_0.frst_register_id=u1_0.esntl_id where (b1_0.use_at = 'Y') and b1_0.bbs_id=? order by b1_0.sort_ordr desc,b1_0.ntt_no offset ? rows fetch first ? rows only
2026-03-16 16:53:23 [http-nio-8080-exec-6] DEBUG o.s.orm.jpa.JpaTransactionManager - Found thread-bound EntityManager [SessionImpl(1597974593<open>)] for JPA transaction
2026-03-16 16:53:23 [http-nio-8080-exec-6] DEBUG o.s.orm.jpa.JpaTransactionManager - Participating in existing transaction
2026-03-16 16:53:23 [http-nio-8080-exec-6] DEBUG org.hibernate.SQL - select ma1_0.author_code,ma1_0.menu_no,ma1_0.frst_register_id,ma1_0.frst_regist_pnttm,ma1_0.last_updusr_id,ma1_0.last_updt_pnttm,ma1_0.mapng_creat_id from nmenucreatdtls ma1_0
2026-03-16 16:53:23 [http-nio-8080-exec-8] DEBUG org.hibernate.SQL - select count(b1_0.ntt_id) from nbbs b1_0 left join nemplyrinfo u1_0 on b1_0.frst_register_id=u1_0.esntl_id where (b1_0.use_at = 'Y') and b1_0.bbs_id=?
2026-03-16 16:53:23 [http-nio-8080-exec-6] DEBUG o.s.orm.jpa.JpaTransactionManager - Found thread-bound EntityManager [SessionImpl(1597974593<open>)] for JPA transaction
2026-03-16 16:53:23 [http-nio-8080-exec-6] DEBUG o.s.orm.jpa.JpaTransactionManager - Participating in existing transaction
2026-03-16 16:53:23 [http-nio-8080-exec-6] DEBUG org.hibernate.SQL - select p1_0.progrm_file_nm,p1_0.progrm_dc,p1_0.progrm_korean_nm,p1_0.progrm_stre_path,p1_0.url from nprogrmlist p1_0
2026-03-16 16:53:23 [http-nio-8080-exec-8] DEBUG o.s.orm.jpa.JpaTransactionManager - Initiating transaction commit
2026-03-16 16:53:23 [http-nio-8080-exec-8] DEBUG o.s.orm.jpa.JpaTransactionManager - Committing JPA transaction on EntityManager [SessionImpl(855312725<open>)]
2026-03-16 16:53:23 [http-nio-8080-exec-6] DEBUG o.s.orm.jpa.JpaTransactionManager - Initiating transaction commit
2026-03-16 16:53:23 [http-nio-8080-exec-6] DEBUG o.s.orm.jpa.JpaTransactionManager - Committing JPA transaction on EntityManager [SessionImpl(1597974593<open>)]
2026-03-16 16:53:23 [http-nio-8080-exec-8] DEBUG o.s.orm.jpa.JpaTransactionManager - Closing JPA EntityManager [SessionImpl(855312725<open>)] after transaction
2026-03-16 16:53:23 [http-nio-8080-exec-8] DEBUG o.s.orm.jpa.JpaTransactionManager - Creating new transaction with name [com.company.project.service.board.BoardService.getBoardPosts]: PROPAGATION_REQUIRED,ISOLATION_DEFAULT,readOnly
2026-03-16 16:53:23 [http-nio-8080-exec-8] DEBUG o.s.orm.jpa.JpaTransactionManager - Opened new EntityManager [SessionImpl(508162294<open>)] for JPA transaction
2026-03-16 16:53:23 [http-nio-8080-exec-8] DEBUG o.s.orm.jpa.JpaTransactionManager - Exposing JPA transaction as JDBC [org.springframework.orm.jpa.vendor.HibernateJpaDialect$HibernateConnectionHandle@3697a496]
2026-03-16 16:53:23 [http-nio-8080-exec-8] DEBUG o.s.orm.jpa.JpaTransactionManager - Found thread-bound EntityManager [SessionImpl(508162294<open>)] for JPA transaction
2026-03-16 16:53:23 [http-nio-8080-exec-8] DEBUG o.s.orm.jpa.JpaTransactionManager - Participating in existing transaction
2026-03-16 16:53:23 [http-nio-8080-exec-8] DEBUG org.hibernate.SQL - select bm1_0.bbs_id,bm1_0.atch_posbl_file_number,bm1_0.atch_posbl_file_size,bm1_0.bbs_attrb_code,bm1_0.bbs_intrcn,bm1_0.bbs_nm,bm1_0.bbs_ty_code,bm1_0.blog_at,bm1_0.blog_id,bm1_0.cmmnty_id,bm1_0.frst_register_id,bm1_0.frst_regist_pnttm,bm1_0.file_atch_posbl_at,bm1_0.last_updusr_id,bm1_0.last_updt_pnttm,bm1_0.reply_posbl_at,bm1_0.tmplat_id,bm1_0.use_at,bm1_1.answer_at,bm1_1.stsfdg_at from nbbsmaster bm1_0 left join nbbsmasteroptn bm1_1 on bm1_0.bbs_id=bm1_1.bbs_id where bm1_0.bbs_id=?
2026-03-16 16:53:23 [http-nio-8080-exec-6] DEBUG o.s.orm.jpa.JpaTransactionManager - Closing JPA EntityManager [SessionImpl(1597974593<open>)] after transaction
2026-03-16 16:53:23 [http-nio-8080-exec-6] INFO  c.c.p.a.c.menu.MenuController - getHeadMenu returned 5 items
2026-03-16 16:53:23 [http-nio-8080-exec-6] DEBUG o.s.w.s.m.m.a.HttpEntityMethodProcessor - Using 'application/json', given [application/json, text/plain, */*] and supported [application/json, application/*+json, application/yaml]
2026-03-16 16:53:23 [http-nio-8080-exec-6] TRACE o.s.w.s.m.m.a.HttpEntityMethodProcessor - Writing [ApiResponse[success=true, status=200, code=COMMON_001, message=Success, data={list=[com.company.project.service.menu.dto.MenuDto@2b80d6b0, com.company.project.service.menu.dto.MenuDto@1418cfa3, com.company.project.service.menu.dto.MenuDto@f230bf1, com.company.project.service.menu.dto.MenuDto@734a7f6a, com.company.project.service.menu.dto.MenuDto@5e5202e5]}, timestamp=2026-03-16T16:53:23.913764100]]
2026-03-16 16:53:23 [http-nio-8080-exec-6] INFO  c.c.p.a.i.OperationalAuditInterceptor - API Audit Log: URL=/api/v1/menu/head, User=webmaster, IP=0:0:0:0:0:0:0:1
2026-03-16 16:53:23 [http-nio-8080-exec-6] DEBUG o.s.web.servlet.DispatcherServlet - Completed 200 OK
2026-03-16 16:53:24 [http-nio-8080-exec-8] DEBUG org.hibernate.SQL - select b1_0.ntt_id,b1_0.bbs_id,b1_0.ntt_sj,b1_0.ntcr_nm,b1_0.frst_regist_pnttm,b1_0.rdcnt,b1_0.answer_at,b1_0.parntsctt_no,b1_0.answer_lc,b1_0.sort_ordr,b1_0.ntt_no,b1_0.notice_at,b1_0.secret_at,b1_0.comment_co from nbbs b1_0 left join nemplyrinfo u1_0 on b1_0.frst_register_id=u1_0.esntl_id where (b1_0.use_at = 'Y') and b1_0.bbs_id=? order by b1_0.sort_ordr desc,b1_0.ntt_no offset ? rows fetch first ? rows only
2026-03-16 16:53:24 [http-nio-8080-exec-5] DEBUG c.c.p.s.jwt.JwtAuthenticationFilter - >>> [JwtFilter] Processing request: GET /api/v1/menu/left
2026-03-16 16:53:24 [http-nio-8080-exec-5] DEBUG c.c.p.s.jwt.JwtAuthenticationFilter - >>> [JwtFilter] Found token in header for path: /api/v1/menu/left
2026-03-16 16:53:24 [http-nio-8080-exec-5] DEBUG o.s.orm.jpa.JpaTransactionManager - Creating new transaction with name [com.company.project.security.iam.CustomUserDetailsService.loadUserByUsername]: PROPAGATION_REQUIRED,ISOLATION_DEFAULT,readOnly
2026-03-16 16:53:24 [http-nio-8080-exec-5] DEBUG o.s.orm.jpa.JpaTransactionManager - Opened new EntityManager [SessionImpl(1035903045<open>)] for JPA transaction
2026-03-16 16:53:24 [http-nio-8080-exec-2] DEBUG c.c.p.s.jwt.JwtAuthenticationFilter - >>> [JwtFilter] Processing request: GET /api/v1/menu/left
2026-03-16 16:53:24 [http-nio-8080-exec-10] DEBUG c.c.p.s.jwt.JwtAuthenticationFilter - >>> [JwtFilter] Processing request: GET /api/v1/menu/left
2026-03-16 16:53:24 [http-nio-8080-exec-3] DEBUG c.c.p.s.jwt.JwtAuthenticationFilter - >>> [JwtFilter] Processing request: GET /api/v1/menu/left
2026-03-16 16:53:24 [http-nio-8080-exec-4] DEBUG c.c.p.s.jwt.JwtAuthenticationFilter - >>> [JwtFilter] Processing request: GET /api/v1/menu/left
2026-03-16 16:53:24 [http-nio-8080-exec-2] DEBUG c.c.p.s.jwt.JwtAuthenticationFilter - >>> [JwtFilter] Found token in header for path: /api/v1/menu/left
2026-03-16 16:53:24 [http-nio-8080-exec-10] DEBUG c.c.p.s.jwt.JwtAuthenticationFilter - >>> [JwtFilter] Found token in header for path: /api/v1/menu/left
2026-03-16 16:53:24 [http-nio-8080-exec-3] DEBUG c.c.p.s.jwt.JwtAuthenticationFilter - >>> [JwtFilter] Found token in header for path: /api/v1/menu/left
2026-03-16 16:53:24 [http-nio-8080-exec-4] DEBUG c.c.p.s.jwt.JwtAuthenticationFilter - >>> [JwtFilter] Found token in header for path: /api/v1/menu/left
2026-03-16 16:53:24 [http-nio-8080-exec-10] DEBUG o.s.orm.jpa.JpaTransactionManager - Creating new transaction with name [com.company.project.security.iam.CustomUserDetailsService.loadUserByUsername]: PROPAGATION_REQUIRED,ISOLATION_DEFAULT,readOnly
2026-03-16 16:53:24 [http-nio-8080-exec-10] DEBUG o.s.orm.jpa.JpaTransactionManager - Opened new EntityManager [SessionImpl(1613134005<open>)] for JPA transaction
2026-03-16 16:53:24 [http-nio-8080-exec-3] DEBUG o.s.orm.jpa.JpaTransactionManager - Creating new transaction with name [com.company.project.security.iam.CustomUserDetailsService.loadUserByUsername]: PROPAGATION_REQUIRED,ISOLATION_DEFAULT,readOnly
2026-03-16 16:53:24 [http-nio-8080-exec-4] DEBUG o.s.orm.jpa.JpaTransactionManager - Creating new transaction with name [com.company.project.security.iam.CustomUserDetailsService.loadUserByUsername]: PROPAGATION_REQUIRED,ISOLATION_DEFAULT,readOnly
2026-03-16 16:53:24 [http-nio-8080-exec-3] DEBUG o.s.orm.jpa.JpaTransactionManager - Opened new EntityManager [SessionImpl(1334403895<open>)] for JPA transaction
2026-03-16 16:53:24 [http-nio-8080-exec-4] DEBUG o.s.orm.jpa.JpaTransactionManager - Opened new EntityManager [SessionImpl(388426696<open>)] for JPA transaction
2026-03-16 16:53:24 [http-nio-8080-exec-2] DEBUG o.s.orm.jpa.JpaTransactionManager - Creating new transaction with name [com.company.project.security.iam.CustomUserDetailsService.loadUserByUsername]: PROPAGATION_REQUIRED,ISOLATION_DEFAULT,readOnly
2026-03-16 16:53:24 [http-nio-8080-exec-2] DEBUG o.s.orm.jpa.JpaTransactionManager - Opened new EntityManager [SessionImpl(57059033<open>)] for JPA transaction
2026-03-16 16:53:24 [http-nio-8080-exec-8] DEBUG org.hibernate.SQL - select count(b1_0.ntt_id) from nbbs b1_0 left join nemplyrinfo u1_0 on b1_0.frst_register_id=u1_0.esntl_id where (b1_0.use_at = 'Y') and b1_0.bbs_id=?
2026-03-16 16:53:24 [http-nio-8080-exec-3] DEBUG o.s.orm.jpa.JpaTransactionManager - Exposing JPA transaction as JDBC [org.springframework.orm.jpa.vendor.HibernateJpaDialect$HibernateConnectionHandle@52b8ab9e]
2026-03-16 16:53:24 [http-nio-8080-exec-4] DEBUG o.s.orm.jpa.JpaTransactionManager - Exposing JPA transaction as JDBC [org.springframework.orm.jpa.vendor.HibernateJpaDialect$HibernateConnectionHandle@3db654b8]
2026-03-16 16:53:24 [http-nio-8080-exec-10] DEBUG o.s.orm.jpa.JpaTransactionManager - Exposing JPA transaction as JDBC [org.springframework.orm.jpa.vendor.HibernateJpaDialect$HibernateConnectionHandle@60dccc67]
2026-03-16 16:53:24 [http-nio-8080-exec-2] DEBUG o.s.orm.jpa.JpaTransactionManager - Exposing JPA transaction as JDBC [org.springframework.orm.jpa.vendor.HibernateJpaDialect$HibernateConnectionHandle@413b45a6]
2026-03-16 16:53:24 [http-nio-8080-exec-5] DEBUG o.s.orm.jpa.JpaTransactionManager - Exposing JPA transaction as JDBC [org.springframework.orm.jpa.vendor.HibernateJpaDialect$HibernateConnectionHandle@23daa678]
2026-03-16 16:53:24 [http-nio-8080-exec-3] DEBUG o.s.orm.jpa.JpaTransactionManager - Found thread-bound EntityManager [SessionImpl(1334403895<open>)] for JPA transaction
2026-03-16 16:53:24 [http-nio-8080-exec-4] DEBUG o.s.orm.jpa.JpaTransactionManager - Found thread-bound EntityManager [SessionImpl(388426696<open>)] for JPA transaction
2026-03-16 16:53:24 [http-nio-8080-exec-10] DEBUG o.s.orm.jpa.JpaTransactionManager - Found thread-bound EntityManager [SessionImpl(1613134005<open>)] for JPA transaction
2026-03-16 16:53:24 [http-nio-8080-exec-2] DEBUG o.s.orm.jpa.JpaTransactionManager - Found thread-bound EntityManager [SessionImpl(57059033<open>)] for JPA transaction
2026-03-16 16:53:24 [http-nio-8080-exec-3] DEBUG o.s.orm.jpa.JpaTransactionManager - Participating in existing transaction
2026-03-16 16:53:24 [http-nio-8080-exec-5] DEBUG o.s.orm.jpa.JpaTransactionManager - Found thread-bound EntityManager [SessionImpl(1035903045<open>)] for JPA transaction
2026-03-16 16:53:24 [http-nio-8080-exec-4] DEBUG o.s.orm.jpa.JpaTransactionManager - Participating in existing transaction
2026-03-16 16:53:24 [http-nio-8080-exec-10] DEBUG o.s.orm.jpa.JpaTransactionManager - Participating in existing transaction
2026-03-16 16:53:24 [http-nio-8080-exec-2] DEBUG o.s.orm.jpa.JpaTransactionManager - Participating in existing transaction
2026-03-16 16:53:24 [http-nio-8080-exec-5] DEBUG o.s.orm.jpa.JpaTransactionManager - Participating in existing transaction
2026-03-16 16:53:24 [http-nio-8080-exec-3] DEBUG org.hibernate.SQL - select u1_0.emplyr_id,u1_0.area_no,u1_0.brthdy,u1_0.chg_pwd_cnt,u1_0.frst_register_id,u1_0.frst_regist_pnttm,u1_0.detail_adres,u1_0.email_adres,u1_0.emplyr_sttus_code,u1_0.empl_no,u1_0.esntl_id,u1_0.fxnum,u1_0.group_id,u1_0.house_adres,u1_0.house_end_telno,u1_0.house_middle_telno,u1_0.ihidnum,u1_0.pstinst_code,u1_0.last_updusr_id,u1_0.last_updt_pnttm,u1_0.lock_at,u1_0.lock_cnt,u1_0.lock_last_pnttm,u1_0.mbtlnum,u1_0.ofcps_nm,u1_0.offm_telno,u1_0.orgnzt_id,u1_0.password,u1_0.password_cnsr,u1_0.password_hint,u1_0.chg_pwd_last_pnttm,u1_0.role,u1_0.sbscrb_de,u1_0.sexdstn_code,u1_0.crtfc_dn_value,u1_0.user_nm,u1_0.zip from nemplyrinfo u1_0 where u1_0.emplyr_id=?
2026-03-16 16:53:24 [http-nio-8080-exec-2] DEBUG org.hibernate.SQL - select u1_0.emplyr_id,u1_0.area_no,u1_0.brthdy,u1_0.chg_pwd_cnt,u1_0.frst_register_id,u1_0.frst_regist_pnttm,u1_0.detail_adres,u1_0.email_adres,u1_0.emplyr_sttus_code,u1_0.empl_no,u1_0.esntl_id,u1_0.fxnum,u1_0.group_id,u1_0.house_adres,u1_0.house_end_telno,u1_0.house_middle_telno,u1_0.ihidnum,u1_0.pstinst_code,u1_0.last_updusr_id,u1_0.last_updt_pnttm,u1_0.lock_at,u1_0.lock_cnt,u1_0.lock_last_pnttm,u1_0.mbtlnum,u1_0.ofcps_nm,u1_0.offm_telno,u1_0.orgnzt_id,u1_0.password,u1_0.password_cnsr,u1_0.password_hint,u1_0.chg_pwd_last_pnttm,u1_0.role,u1_0.sbscrb_de,u1_0.sexdstn_code,u1_0.crtfc_dn_value,u1_0.user_nm,u1_0.zip from nemplyrinfo u1_0 where u1_0.emplyr_id=?
2026-03-16 16:53:24 [http-nio-8080-exec-4] DEBUG org.hibernate.SQL - select u1_0.emplyr_id,u1_0.area_no,u1_0.brthdy,u1_0.chg_pwd_cnt,u1_0.frst_register_id,u1_0.frst_regist_pnttm,u1_0.detail_adres,u1_0.email_adres,u1_0.emplyr_sttus_code,u1_0.empl_no,u1_0.esntl_id,u1_0.fxnum,u1_0.group_id,u1_0.house_adres,u1_0.house_end_telno,u1_0.house_middle_telno,u1_0.ihidnum,u1_0.pstinst_code,u1_0.last_updusr_id,u1_0.last_updt_pnttm,u1_0.lock_at,u1_0.lock_cnt,u1_0.lock_last_pnttm,u1_0.mbtlnum,u1_0.ofcps_nm,u1_0.offm_telno,u1_0.orgnzt_id,u1_0.password,u1_0.password_cnsr,u1_0.password_hint,u1_0.chg_pwd_last_pnttm,u1_0.role,u1_0.sbscrb_de,u1_0.sexdstn_code,u1_0.crtfc_dn_value,u1_0.user_nm,u1_0.zip from nemplyrinfo u1_0 where u1_0.emplyr_id=?
2026-03-16 16:53:24 [http-nio-8080-exec-10] DEBUG org.hibernate.SQL - select u1_0.emplyr_id,u1_0.area_no,u1_0.brthdy,u1_0.chg_pwd_cnt,u1_0.frst_register_id,u1_0.frst_regist_pnttm,u1_0.detail_adres,u1_0.email_adres,u1_0.emplyr_sttus_code,u1_0.empl_no,u1_0.esntl_id,u1_0.fxnum,u1_0.group_id,u1_0.house_adres,u1_0.house_end_telno,u1_0.house_middle_telno,u1_0.ihidnum,u1_0.pstinst_code,u1_0.last_updusr_id,u1_0.last_updt_pnttm,u1_0.lock_at,u1_0.lock_cnt,u1_0.lock_last_pnttm,u1_0.mbtlnum,u1_0.ofcps_nm,u1_0.offm_telno,u1_0.orgnzt_id,u1_0.password,u1_0.password_cnsr,u1_0.password_hint,u1_0.chg_pwd_last_pnttm,u1_0.role,u1_0.sbscrb_de,u1_0.sexdstn_code,u1_0.crtfc_dn_value,u1_0.user_nm,u1_0.zip from nemplyrinfo u1_0 where u1_0.emplyr_id=?
2026-03-16 16:53:24 [http-nio-8080-exec-5] DEBUG org.hibernate.SQL - select u1_0.emplyr_id,u1_0.area_no,u1_0.brthdy,u1_0.chg_pwd_cnt,u1_0.frst_register_id,u1_0.frst_regist_pnttm,u1_0.detail_adres,u1_0.email_adres,u1_0.emplyr_sttus_code,u1_0.empl_no,u1_0.esntl_id,u1_0.fxnum,u1_0.group_id,u1_0.house_adres,u1_0.house_end_telno,u1_0.house_middle_telno,u1_0.ihidnum,u1_0.pstinst_code,u1_0.last_updusr_id,u1_0.last_updt_pnttm,u1_0.lock_at,u1_0.lock_cnt,u1_0.lock_last_pnttm,u1_0.mbtlnum,u1_0.ofcps_nm,u1_0.offm_telno,u1_0.orgnzt_id,u1_0.password,u1_0.password_cnsr,u1_0.password_hint,u1_0.chg_pwd_last_pnttm,u1_0.role,u1_0.sbscrb_de,u1_0.sexdstn_code,u1_0.crtfc_dn_value,u1_0.user_nm,u1_0.zip from nemplyrinfo u1_0 where u1_0.emplyr_id=?
2026-03-16 16:53:24 [http-nio-8080-exec-8] DEBUG o.s.orm.jpa.JpaTransactionManager - Initiating transaction commit
2026-03-16 16:53:24 [http-nio-8080-exec-8] DEBUG o.s.orm.jpa.JpaTransactionManager - Committing JPA transaction on EntityManager [SessionImpl(508162294<open>)]
2026-03-16 16:53:24 [http-nio-8080-exec-4] DEBUG o.s.orm.jpa.JpaTransactionManager - Found thread-bound EntityManager [SessionImpl(388426696<open>)] for JPA transaction
2026-03-16 16:53:24 [http-nio-8080-exec-2] DEBUG o.s.orm.jpa.JpaTransactionManager - Found thread-bound EntityManager [SessionImpl(57059033<open>)] for JPA transaction
2026-03-16 16:53:24 [http-nio-8080-exec-4] DEBUG o.s.orm.jpa.JpaTransactionManager - Participating in existing transaction
2026-03-16 16:53:24 [http-nio-8080-exec-2] DEBUG o.s.orm.jpa.JpaTransactionManager - Participating in existing transaction
2026-03-16 16:53:24 [http-nio-8080-exec-2] DEBUG org.hibernate.SQL - select ua1_0.scrty_dtrmn_trget_id,ua1_0.author_code,ua1_0.frst_register_id,ua1_0.frst_regist_pnttm,ua1_0.last_updusr_id,ua1_0.last_updt_pnttm,ua1_0.mber_ty_code from nemplyrscrtyestbs ua1_0 where ua1_0.scrty_dtrmn_trget_id=?
2026-03-16 16:53:24 [http-nio-8080-exec-4] DEBUG org.hibernate.SQL - select ua1_0.scrty_dtrmn_trget_id,ua1_0.author_code,ua1_0.frst_register_id,ua1_0.frst_regist_pnttm,ua1_0.last_updusr_id,ua1_0.last_updt_pnttm,ua1_0.mber_ty_code from nemplyrscrtyestbs ua1_0 where ua1_0.scrty_dtrmn_trget_id=?
2026-03-16 16:53:24 [http-nio-8080-exec-10] DEBUG o.s.orm.jpa.JpaTransactionManager - Found thread-bound EntityManager [SessionImpl(1613134005<open>)] for JPA transaction
2026-03-16 16:53:24 [http-nio-8080-exec-3] DEBUG o.s.orm.jpa.JpaTransactionManager - Found thread-bound EntityManager [SessionImpl(1334403895<open>)] for JPA transaction
2026-03-16 16:53:24 [http-nio-8080-exec-5] DEBUG o.s.orm.jpa.JpaTransactionManager - Found thread-bound EntityManager [SessionImpl(1035903045<open>)] for JPA transaction
2026-03-16 16:53:24 [http-nio-8080-exec-10] DEBUG o.s.orm.jpa.JpaTransactionManager - Participating in existing transaction
2026-03-16 16:53:24 [http-nio-8080-exec-3] DEBUG o.s.orm.jpa.JpaTransactionManager - Participating in existing transaction
2026-03-16 16:53:24 [http-nio-8080-exec-5] DEBUG o.s.orm.jpa.JpaTransactionManager - Participating in existing transaction
2026-03-16 16:53:24 [http-nio-8080-exec-5] DEBUG org.hibernate.SQL - select ua1_0.scrty_dtrmn_trget_id,ua1_0.author_code,ua1_0.frst_register_id,ua1_0.frst_regist_pnttm,ua1_0.last_updusr_id,ua1_0.last_updt_pnttm,ua1_0.mber_ty_code from nemplyrscrtyestbs ua1_0 where ua1_0.scrty_dtrmn_trget_id=?
2026-03-16 16:53:24 [http-nio-8080-exec-10] DEBUG org.hibernate.SQL - select ua1_0.scrty_dtrmn_trget_id,ua1_0.author_code,ua1_0.frst_register_id,ua1_0.frst_regist_pnttm,ua1_0.last_updusr_id,ua1_0.last_updt_pnttm,ua1_0.mber_ty_code from nemplyrscrtyestbs ua1_0 where ua1_0.scrty_dtrmn_trget_id=?
2026-03-16 16:53:24 [http-nio-8080-exec-3] DEBUG org.hibernate.SQL - select ua1_0.scrty_dtrmn_trget_id,ua1_0.author_code,ua1_0.frst_register_id,ua1_0.frst_regist_pnttm,ua1_0.last_updusr_id,ua1_0.last_updt_pnttm,ua1_0.mber_ty_code from nemplyrscrtyestbs ua1_0 where ua1_0.scrty_dtrmn_trget_id=?
2026-03-16 16:53:24 [http-nio-8080-exec-8] DEBUG o.s.orm.jpa.JpaTransactionManager - Closing JPA EntityManager [SessionImpl(508162294<open>)] after transaction
2026-03-16 16:53:24 [http-nio-8080-exec-8] DEBUG o.s.orm.jpa.JpaTransactionManager - Creating new transaction with name [com.company.project.service.informalsanction.InformalSanctionServiceImpl.getReceivedInformalSanctionList]: PROPAGATION_REQUIRED,ISOLATION_DEFAULT,readOnly
2026-03-16 16:53:24 [http-nio-8080-exec-8] DEBUG o.s.orm.jpa.JpaTransactionManager - Opened new EntityManager [SessionImpl(583505875<open>)] for JPA transaction
2026-03-16 16:53:24 [http-nio-8080-exec-8] DEBUG o.s.orm.jpa.JpaTransactionManager - Exposing JPA transaction as JDBC [org.springframework.orm.jpa.vendor.HibernateJpaDialect$HibernateConnectionHandle@b006b47]
2026-03-16 16:53:24 [http-nio-8080-exec-8] DEBUG org.hibernate.SQL - select is1_0.infrml_sanctn_id,is1_0.applcnt_id,is1_0.confm_at,is1_0.frst_register_id,is1_0.frst_regist_pnttm,is1_0.job_se_code,is1_0.last_updusr_id,is1_0.last_updt_pnttm,is1_0.reqst_de,is1_0.return_resn,is1_0.sanctn_dt,is1_0.sanctner_id from ninfrmlsanctn is1_0 where is1_0.sanctner_id=?
2026-03-16 16:53:24 [http-nio-8080-exec-4] DEBUG o.s.orm.jpa.JpaTransactionManager - Initiating transaction commit
2026-03-16 16:53:24 [http-nio-8080-exec-2] DEBUG o.s.orm.jpa.JpaTransactionManager - Initiating transaction commit
2026-03-16 16:53:24 [http-nio-8080-exec-4] DEBUG o.s.orm.jpa.JpaTransactionManager - Committing JPA transaction on EntityManager [SessionImpl(388426696<open>)]
2026-03-16 16:53:24 [http-nio-8080-exec-2] DEBUG o.s.orm.jpa.JpaTransactionManager - Committing JPA transaction on EntityManager [SessionImpl(57059033<open>)]
2026-03-16 16:53:24 [http-nio-8080-exec-10] DEBUG o.s.orm.jpa.JpaTransactionManager - Initiating transaction commit
2026-03-16 16:53:24 [http-nio-8080-exec-3] DEBUG o.s.orm.jpa.JpaTransactionManager - Initiating transaction commit
2026-03-16 16:53:24 [http-nio-8080-exec-10] DEBUG o.s.orm.jpa.JpaTransactionManager - Committing JPA transaction on EntityManager [SessionImpl(1613134005<open>)]
2026-03-16 16:53:24 [http-nio-8080-exec-3] DEBUG o.s.orm.jpa.JpaTransactionManager - Committing JPA transaction on EntityManager [SessionImpl(1334403895<open>)]
2026-03-16 16:53:24 [http-nio-8080-exec-5] DEBUG o.s.orm.jpa.JpaTransactionManager - Initiating transaction commit
2026-03-16 16:53:24 [http-nio-8080-exec-5] DEBUG o.s.orm.jpa.JpaTransactionManager - Committing JPA transaction on EntityManager [SessionImpl(1035903045<open>)]
2026-03-16 16:53:24 [http-nio-8080-exec-8] DEBUG o.s.orm.jpa.JpaTransactionManager - Initiating transaction commit
2026-03-16 16:53:24 [http-nio-8080-exec-8] DEBUG o.s.orm.jpa.JpaTransactionManager - Committing JPA transaction on EntityManager [SessionImpl(583505875<open>)]
2026-03-16 16:53:24 [http-nio-8080-exec-4] DEBUG o.s.orm.jpa.JpaTransactionManager - Closing JPA EntityManager [SessionImpl(388426696<open>)] after transaction
2026-03-16 16:53:24 [http-nio-8080-exec-4] DEBUG c.c.p.s.jwt.JwtAuthenticationFilter - >>> [JwtFilter] Successfully authenticated user: USRCNFRM_99999999999, Authorities: [ROLE_ADMIN]
2026-03-16 16:53:24 [http-nio-8080-exec-4] DEBUG o.s.web.servlet.DispatcherServlet - GET "/api/v1/menu/left?menuNo=60", parameters={masked}
2026-03-16 16:53:24 [http-nio-8080-exec-2] DEBUG o.s.orm.jpa.JpaTransactionManager - Closing JPA EntityManager [SessionImpl(57059033<open>)] after transaction
2026-03-16 16:53:24 [http-nio-8080-exec-2] DEBUG c.c.p.s.jwt.JwtAuthenticationFilter - >>> [JwtFilter] Successfully authenticated user: USRCNFRM_99999999999, Authorities: [ROLE_ADMIN]
2026-03-16 16:53:24 [http-nio-8080-exec-4] TRACE o.s.w.s.m.m.a.RequestMappingHandlerMapping - Mapped to com.company.project.api.controller.menu.MenuController#getLeftMenu(Long)
2026-03-16 16:53:24 [http-nio-8080-exec-4] INFO  c.c.p.a.c.menu.MenuController - getLeftMenu called with menuNo=60
2026-03-16 16:53:24 [http-nio-8080-exec-4] DEBUG o.s.orm.jpa.JpaTransactionManager - Creating new transaction with name [com.company.project.service.menu.MenuService.getSubMenus]: PROPAGATION_REQUIRED,ISOLATION_DEFAULT,readOnly
2026-03-16 16:53:24 [http-nio-8080-exec-4] DEBUG o.s.orm.jpa.JpaTransactionManager - Opened new EntityManager [SessionImpl(218105893<open>)] for JPA transaction
2026-03-16 16:53:24 [http-nio-8080-exec-2] DEBUG o.s.web.servlet.DispatcherServlet - GET "/api/v1/menu/left?menuNo=40", parameters={masked}
2026-03-16 16:53:24 [http-nio-8080-exec-4] DEBUG o.s.orm.jpa.JpaTransactionManager - Exposing JPA transaction as JDBC [org.springframework.orm.jpa.vendor.HibernateJpaDialect$HibernateConnectionHandle@5a0b0bd6]
2026-03-16 16:53:24 [http-nio-8080-exec-2] TRACE o.s.w.s.m.m.a.RequestMappingHandlerMapping - Mapped to com.company.project.api.controller.menu.MenuController#getLeftMenu(Long)
2026-03-16 16:53:24 [http-nio-8080-exec-2] INFO  c.c.p.a.c.menu.MenuController - getLeftMenu called with menuNo=40
2026-03-16 16:53:24 [http-nio-8080-exec-2] DEBUG o.s.orm.jpa.JpaTransactionManager - Creating new transaction with name [com.company.project.service.menu.MenuService.getSubMenus]: PROPAGATION_REQUIRED,ISOLATION_DEFAULT,readOnly
2026-03-16 16:53:24 [http-nio-8080-exec-2] DEBUG o.s.orm.jpa.JpaTransactionManager - Opened new EntityManager [SessionImpl(526730716<open>)] for JPA transaction
2026-03-16 16:53:24 [http-nio-8080-exec-4] DEBUG org.hibernate.SQL - select m1_0.menu_no,m1_0.menu_dc,m1_0.menu_nm,m1_0.menu_ordr,m1_0.modern_route,m1_0.progrm_file_nm,m1_0.relate_image_nm,m1_0.relate_image_path,m1_0.route_updated_at,m1_0.upper_menu_no from nmenuinfo m1_0 order by m1_0.upper_menu_no,m1_0.menu_ordr
2026-03-16 16:53:24 [http-nio-8080-exec-2] DEBUG o.s.orm.jpa.JpaTransactionManager - Exposing JPA transaction as JDBC [org.springframework.orm.jpa.vendor.HibernateJpaDialect$HibernateConnectionHandle@63a38603]
2026-03-16 16:53:24 [http-nio-8080-exec-2] DEBUG org.hibernate.SQL - select m1_0.menu_no,m1_0.menu_dc,m1_0.menu_nm,m1_0.menu_ordr,m1_0.modern_route,m1_0.progrm_file_nm,m1_0.relate_image_nm,m1_0.relate_image_path,m1_0.route_updated_at,m1_0.upper_menu_no from nmenuinfo m1_0 order by m1_0.upper_menu_no,m1_0.menu_ordr
2026-03-16 16:53:24 [http-nio-8080-exec-3] DEBUG o.s.orm.jpa.JpaTransactionManager - Closing JPA EntityManager [SessionImpl(1334403895<open>)] after transaction
2026-03-16 16:53:24 [http-nio-8080-exec-3] DEBUG c.c.p.s.jwt.JwtAuthenticationFilter - >>> [JwtFilter] Successfully authenticated user: USRCNFRM_99999999999, Authorities: [ROLE_ADMIN]
2026-03-16 16:53:24 [http-nio-8080-exec-3] DEBUG o.s.web.servlet.DispatcherServlet - GET "/api/v1/menu/left?menuNo=50", parameters={masked}
2026-03-16 16:53:24 [http-nio-8080-exec-3] TRACE o.s.w.s.m.m.a.RequestMappingHandlerMapping - Mapped to com.company.project.api.controller.menu.MenuController#getLeftMenu(Long)
2026-03-16 16:53:24 [http-nio-8080-exec-10] DEBUG o.s.orm.jpa.JpaTransactionManager - Closing JPA EntityManager [SessionImpl(1613134005<open>)] after transaction
2026-03-16 16:53:24 [http-nio-8080-exec-10] DEBUG c.c.p.s.jwt.JwtAuthenticationFilter - >>> [JwtFilter] Successfully authenticated user: USRCNFRM_99999999999, Authorities: [ROLE_ADMIN]
2026-03-16 16:53:24 [http-nio-8080-exec-3] INFO  c.c.p.a.c.menu.MenuController - getLeftMenu called with menuNo=50
2026-03-16 16:53:24 [http-nio-8080-exec-3] DEBUG o.s.orm.jpa.JpaTransactionManager - Creating new transaction with name [com.company.project.service.menu.MenuService.getSubMenus]: PROPAGATION_REQUIRED,ISOLATION_DEFAULT,readOnly
2026-03-16 16:53:24 [http-nio-8080-exec-3] DEBUG o.s.orm.jpa.JpaTransactionManager - Opened new EntityManager [SessionImpl(1166788227<open>)] for JPA transaction
2026-03-16 16:53:24 [http-nio-8080-exec-3] DEBUG o.s.orm.jpa.JpaTransactionManager - Exposing JPA transaction as JDBC [org.springframework.orm.jpa.vendor.HibernateJpaDialect$HibernateConnectionHandle@3ba306b5]
2026-03-16 16:53:24 [http-nio-8080-exec-10] DEBUG o.s.web.servlet.DispatcherServlet - GET "/api/v1/menu/left?menuNo=20", parameters={masked}
2026-03-16 16:53:24 [http-nio-8080-exec-10] TRACE o.s.w.s.m.m.a.RequestMappingHandlerMapping - Mapped to com.company.project.api.controller.menu.MenuController#getLeftMenu(Long)
2026-03-16 16:53:24 [http-nio-8080-exec-10] INFO  c.c.p.a.c.menu.MenuController - getLeftMenu called with menuNo=20
2026-03-16 16:53:24 [http-nio-8080-exec-10] DEBUG o.s.orm.jpa.JpaTransactionManager - Creating new transaction with name [com.company.project.service.menu.MenuService.getSubMenus]: PROPAGATION_REQUIRED,ISOLATION_DEFAULT,readOnly
2026-03-16 16:53:24 [http-nio-8080-exec-10] DEBUG o.s.orm.jpa.JpaTransactionManager - Opened new EntityManager [SessionImpl(872394699<open>)] for JPA transaction
2026-03-16 16:53:24 [http-nio-8080-exec-10] DEBUG o.s.orm.jpa.JpaTransactionManager - Exposing JPA transaction as JDBC [org.springframework.orm.jpa.vendor.HibernateJpaDialect$HibernateConnectionHandle@69e32f8]
2026-03-16 16:53:24 [http-nio-8080-exec-3] DEBUG org.hibernate.SQL - select m1_0.menu_no,m1_0.menu_dc,m1_0.menu_nm,m1_0.menu_ordr,m1_0.modern_route,m1_0.progrm_file_nm,m1_0.relate_image_nm,m1_0.relate_image_path,m1_0.route_updated_at,m1_0.upper_menu_no from nmenuinfo m1_0 order by m1_0.upper_menu_no,m1_0.menu_ordr
2026-03-16 16:53:24 [http-nio-8080-exec-5] DEBUG o.s.orm.jpa.JpaTransactionManager - Closing JPA EntityManager [SessionImpl(1035903045<open>)] after transaction
2026-03-16 16:53:24 [http-nio-8080-exec-5] DEBUG c.c.p.s.jwt.JwtAuthenticationFilter - >>> [JwtFilter] Successfully authenticated user: USRCNFRM_99999999999, Authorities: [ROLE_ADMIN]
2026-03-16 16:53:24 [http-nio-8080-exec-5] DEBUG o.s.web.servlet.DispatcherServlet - GET "/api/v1/menu/left?menuNo=10", parameters={masked}
2026-03-16 16:53:24 [http-nio-8080-exec-10] DEBUG org.hibernate.SQL - select m1_0.menu_no,m1_0.menu_dc,m1_0.menu_nm,m1_0.menu_ordr,m1_0.modern_route,m1_0.progrm_file_nm,m1_0.relate_image_nm,m1_0.relate_image_path,m1_0.route_updated_at,m1_0.upper_menu_no from nmenuinfo m1_0 order by m1_0.upper_menu_no,m1_0.menu_ordr
2026-03-16 16:53:24 [http-nio-8080-exec-5] TRACE o.s.w.s.m.m.a.RequestMappingHandlerMapping - Mapped to com.company.project.api.controller.menu.MenuController#getLeftMenu(Long)
2026-03-16 16:53:24 [http-nio-8080-exec-5] INFO  c.c.p.a.c.menu.MenuController - getLeftMenu called with menuNo=10
2026-03-16 16:53:24 [http-nio-8080-exec-5] DEBUG o.s.orm.jpa.JpaTransactionManager - Creating new transaction with name [com.company.project.service.menu.MenuService.getSubMenus]: PROPAGATION_REQUIRED,ISOLATION_DEFAULT,readOnly
2026-03-16 16:53:24 [http-nio-8080-exec-5] DEBUG o.s.orm.jpa.JpaTransactionManager - Opened new EntityManager [SessionImpl(1837776036<open>)] for JPA transaction
2026-03-16 16:53:24 [http-nio-8080-exec-5] DEBUG o.s.orm.jpa.JpaTransactionManager - Exposing JPA transaction as JDBC [org.springframework.orm.jpa.vendor.HibernateJpaDialect$HibernateConnectionHandle@a9df841]
2026-03-16 16:53:24 [http-nio-8080-exec-5] DEBUG org.hibernate.SQL - select m1_0.menu_no,m1_0.menu_dc,m1_0.menu_nm,m1_0.menu_ordr,m1_0.modern_route,m1_0.progrm_file_nm,m1_0.relate_image_nm,m1_0.relate_image_path,m1_0.route_updated_at,m1_0.upper_menu_no from nmenuinfo m1_0 order by m1_0.upper_menu_no,m1_0.menu_ordr
2026-03-16 16:53:24 [http-nio-8080-exec-8] DEBUG o.s.orm.jpa.JpaTransactionManager - Closing JPA EntityManager [SessionImpl(583505875<open>)] after transaction
2026-03-16 16:53:24 [http-nio-8080-exec-8] DEBUG o.s.w.s.m.m.a.HttpEntityMethodProcessor - Using 'application/json', given [application/json, text/plain, */*] and supported [application/json, application/*+json, application/yaml]
2026-03-16 16:53:24 [http-nio-8080-exec-8] TRACE o.s.w.s.m.m.a.HttpEntityMethodProcessor - Writing [{notiList=[com.company.project.service.board.dto.BoardDto@2d1c1999], success=true, taskList=[com.company.project.service.board.dto.BoardDto@7a0e1858], pendingApprovalCount=0}]
2026-03-16 16:53:24 [http-nio-8080-exec-8] INFO  c.c.p.a.i.OperationalAuditInterceptor - API Audit Log: URL=/api/v1/dashboard, User=webmaster, IP=0:0:0:0:0:0:0:1
2026-03-16 16:53:24 [http-nio-8080-exec-8] DEBUG o.s.web.servlet.DispatcherServlet - Completed 200 OK
2026-03-16 16:53:25 [http-nio-8080-exec-4] DEBUG o.s.orm.jpa.JpaTransactionManager - Found thread-bound EntityManager [SessionImpl(218105893<open>)] for JPA transaction
2026-03-16 16:53:25 [http-nio-8080-exec-4] DEBUG o.s.orm.jpa.JpaTransactionManager - Participating in existing transaction
2026-03-16 16:53:25 [http-nio-8080-exec-4] DEBUG org.hibernate.SQL - select p1_0.progrm_file_nm,p1_0.progrm_dc,p1_0.progrm_korean_nm,p1_0.progrm_stre_path,p1_0.url from nprogrmlist p1_0
2026-03-16 16:53:25 [http-nio-8080-exec-2] DEBUG o.s.orm.jpa.JpaTransactionManager - Found thread-bound EntityManager [SessionImpl(526730716<open>)] for JPA transaction
2026-03-16 16:53:25 [http-nio-8080-exec-2] DEBUG o.s.orm.jpa.JpaTransactionManager - Participating in existing transaction
2026-03-16 16:53:25 [http-nio-8080-exec-2] DEBUG org.hibernate.SQL - select p1_0.progrm_file_nm,p1_0.progrm_dc,p1_0.progrm_korean_nm,p1_0.progrm_stre_path,p1_0.url from nprogrmlist p1_0
2026-03-16 16:53:25 [http-nio-8080-exec-10] DEBUG o.s.orm.jpa.JpaTransactionManager - Found thread-bound EntityManager [SessionImpl(872394699<open>)] for JPA transaction
2026-03-16 16:53:25 [http-nio-8080-exec-10] DEBUG o.s.orm.jpa.JpaTransactionManager - Participating in existing transaction
2026-03-16 16:53:25 [http-nio-8080-exec-3] DEBUG o.s.orm.jpa.JpaTransactionManager - Found thread-bound EntityManager [SessionImpl(1166788227<open>)] for JPA transaction
2026-03-16 16:53:25 [http-nio-8080-exec-3] DEBUG o.s.orm.jpa.JpaTransactionManager - Participating in existing transaction
2026-03-16 16:53:25 [http-nio-8080-exec-10] DEBUG org.hibernate.SQL - select p1_0.progrm_file_nm,p1_0.progrm_dc,p1_0.progrm_korean_nm,p1_0.progrm_stre_path,p1_0.url from nprogrmlist p1_0
2026-03-16 16:53:25 [http-nio-8080-exec-3] DEBUG org.hibernate.SQL - select p1_0.progrm_file_nm,p1_0.progrm_dc,p1_0.progrm_korean_nm,p1_0.progrm_stre_path,p1_0.url from nprogrmlist p1_0
2026-03-16 16:53:25 [http-nio-8080-exec-5] DEBUG o.s.orm.jpa.JpaTransactionManager - Found thread-bound EntityManager [SessionImpl(1837776036<open>)] for JPA transaction
2026-03-16 16:53:25 [http-nio-8080-exec-5] DEBUG o.s.orm.jpa.JpaTransactionManager - Participating in existing transaction
2026-03-16 16:53:25 [http-nio-8080-exec-5] DEBUG org.hibernate.SQL - select p1_0.progrm_file_nm,p1_0.progrm_dc,p1_0.progrm_korean_nm,p1_0.progrm_stre_path,p1_0.url from nprogrmlist p1_0
2026-03-16 16:53:25 [http-nio-8080-exec-4] DEBUG o.s.orm.jpa.JpaTransactionManager - Initiating transaction commit
2026-03-16 16:53:25 [http-nio-8080-exec-4] DEBUG o.s.orm.jpa.JpaTransactionManager - Committing JPA transaction on EntityManager [SessionImpl(218105893<open>)]
2026-03-16 16:53:25 [http-nio-8080-exec-2] DEBUG o.s.orm.jpa.JpaTransactionManager - Initiating transaction commit
2026-03-16 16:53:25 [http-nio-8080-exec-2] DEBUG o.s.orm.jpa.JpaTransactionManager - Committing JPA transaction on EntityManager [SessionImpl(526730716<open>)]
2026-03-16 16:53:25 [http-nio-8080-exec-3] DEBUG o.s.orm.jpa.JpaTransactionManager - Initiating transaction commit
2026-03-16 16:53:25 [http-nio-8080-exec-3] DEBUG o.s.orm.jpa.JpaTransactionManager - Committing JPA transaction on EntityManager [SessionImpl(1166788227<open>)]
2026-03-16 16:53:25 [http-nio-8080-exec-10] DEBUG o.s.orm.jpa.JpaTransactionManager - Initiating transaction commit
2026-03-16 16:53:25 [http-nio-8080-exec-10] DEBUG o.s.orm.jpa.JpaTransactionManager - Committing JPA transaction on EntityManager [SessionImpl(872394699<open>)]
2026-03-16 16:53:25 [http-nio-8080-exec-5] DEBUG o.s.orm.jpa.JpaTransactionManager - Initiating transaction commit
2026-03-16 16:53:25 [http-nio-8080-exec-5] DEBUG o.s.orm.jpa.JpaTransactionManager - Committing JPA transaction on EntityManager [SessionImpl(1837776036<open>)]
2026-03-16 16:53:25 [http-nio-8080-exec-4] DEBUG o.s.orm.jpa.JpaTransactionManager - Closing JPA EntityManager [SessionImpl(218105893<open>)] after transaction
2026-03-16 16:53:25 [http-nio-8080-exec-4] INFO  c.c.p.a.c.menu.MenuController - getLeftMenu returned 1 items
2026-03-16 16:53:25 [http-nio-8080-exec-4] DEBUG o.s.w.s.m.m.a.HttpEntityMethodProcessor - Using 'application/json', given [application/json, text/plain, */*] and supported [application/json, application/*+json, application/yaml]
2026-03-16 16:53:25 [http-nio-8080-exec-4] TRACE o.s.w.s.m.m.a.HttpEntityMethodProcessor - Writing [ApiResponse[success=true, status=200, code=COMMON_001, message=Success, data={list=[com.company.project.service.menu.dto.MenuDto@310dd3e6]}, timestamp=2026-03-16T16:53:25.354058200]]
2026-03-16 16:53:25 [http-nio-8080-exec-4] INFO  c.c.p.a.i.OperationalAuditInterceptor - API Audit Log: URL=/api/v1/menu/left, User=webmaster, IP=0:0:0:0:0:0:0:1
2026-03-16 16:53:25 [http-nio-8080-exec-4] DEBUG o.s.web.servlet.DispatcherServlet - Completed 200 OK
2026-03-16 16:53:25 [http-nio-8080-exec-2] DEBUG o.s.orm.jpa.JpaTransactionManager - Closing JPA EntityManager [SessionImpl(526730716<open>)] after transaction
2026-03-16 16:53:25 [http-nio-8080-exec-2] INFO  c.c.p.a.c.menu.MenuController - getLeftMenu returned 2 items
2026-03-16 16:53:25 [http-nio-8080-exec-2] DEBUG o.s.w.s.m.m.a.HttpEntityMethodProcessor - Using 'application/json', given [application/json, text/plain, */*] and supported [application/json, application/*+json, application/yaml]
2026-03-16 16:53:25 [http-nio-8080-exec-2] TRACE o.s.w.s.m.m.a.HttpEntityMethodProcessor - Writing [ApiResponse[success=true, status=200, code=COMMON_001, message=Success, data={list=[com.company.project.service.menu.dto.MenuDto@45cb5aea, com.company.project.service.menu.dto.MenuDto@39f2596e]}, timestamp=2026-03-16T16:53:25.356066900]]
2026-03-16 16:53:25 [http-nio-8080-exec-2] INFO  c.c.p.a.i.OperationalAuditInterceptor - API Audit Log: URL=/api/v1/menu/left, User=webmaster, IP=0:0:0:0:0:0:0:1
2026-03-16 16:53:25 [http-nio-8080-exec-2] DEBUG o.s.web.servlet.DispatcherServlet - Completed 200 OK
2026-03-16 16:53:25 [http-nio-8080-exec-3] DEBUG o.s.orm.jpa.JpaTransactionManager - Closing JPA EntityManager [SessionImpl(1166788227<open>)] after transaction
2026-03-16 16:53:25 [http-nio-8080-exec-3] INFO  c.c.p.a.c.menu.MenuController - getLeftMenu returned 3 items
2026-03-16 16:53:25 [http-nio-8080-exec-3] DEBUG o.s.w.s.m.m.a.HttpEntityMethodProcessor - Using 'application/json', given [application/json, text/plain, */*] and supported [application/json, application/*+json, application/yaml]
2026-03-16 16:53:25 [http-nio-8080-exec-3] TRACE o.s.w.s.m.m.a.HttpEntityMethodProcessor - Writing [ApiResponse[success=true, status=200, code=COMMON_001, message=Success, data={list=[com.company.project.service.menu.dto.MenuDto@36bc6af0, com.company.project.service.menu.dto.MenuDto@73eb887f, com.company.project.service.menu.dto.MenuDto@48b4b68c]}, timestamp=2026-03-16T16:53:25.396198]]
2026-03-16 16:53:25 [http-nio-8080-exec-3] INFO  c.c.p.a.i.OperationalAuditInterceptor - API Audit Log: URL=/api/v1/menu/left, User=webmaster, IP=0:0:0:0:0:0:0:1
2026-03-16 16:53:25 [http-nio-8080-exec-3] DEBUG o.s.web.servlet.DispatcherServlet - Completed 200 OK
2026-03-16 16:53:25 [http-nio-8080-exec-10] DEBUG o.s.orm.jpa.JpaTransactionManager - Closing JPA EntityManager [SessionImpl(872394699<open>)] after transaction
2026-03-16 16:53:25 [http-nio-8080-exec-10] INFO  c.c.p.a.c.menu.MenuController - getLeftMenu returned 3 items
2026-03-16 16:53:25 [http-nio-8080-exec-10] DEBUG o.s.w.s.m.m.a.HttpEntityMethodProcessor - Using 'application/json', given [application/json, text/plain, */*] and supported [application/json, application/*+json, application/yaml]
2026-03-16 16:53:25 [http-nio-8080-exec-10] TRACE o.s.w.s.m.m.a.HttpEntityMethodProcessor - Writing [ApiResponse[success=true, status=200, code=COMMON_001, message=Success, data={list=[com.company.project.service.menu.dto.MenuDto@4c359f60, com.company.project.service.menu.dto.MenuDto@40cb7b35, com.company.project.service.menu.dto.MenuDto@4e2ea53c]}, timestamp=2026-03-16T16:53:25.400251700]]
2026-03-16 16:53:25 [http-nio-8080-exec-10] INFO  c.c.p.a.i.OperationalAuditInterceptor - API Audit Log: URL=/api/v1/menu/left, User=webmaster, IP=0:0:0:0:0:0:0:1
2026-03-16 16:53:25 [http-nio-8080-exec-10] DEBUG o.s.web.servlet.DispatcherServlet - Completed 200 OK
2026-03-16 16:53:25 [http-nio-8080-exec-5] DEBUG o.s.orm.jpa.JpaTransactionManager - Closing JPA EntityManager [SessionImpl(1837776036<open>)] after transaction
2026-03-16 16:53:25 [http-nio-8080-exec-5] INFO  c.c.p.a.c.menu.MenuController - getLeftMenu returned 5 items
2026-03-16 16:53:25 [http-nio-8080-exec-5] DEBUG o.s.w.s.m.m.a.HttpEntityMethodProcessor - Using 'application/json', given [application/json, text/plain, */*] and supported [application/json, application/*+json, application/yaml]
2026-03-16 16:53:25 [http-nio-8080-exec-5] TRACE o.s.w.s.m.m.a.HttpEntityMethodProcessor - Writing [ApiResponse[success=true, status=200, code=COMMON_001, message=Success, data={list=[com.company.project.service.menu.dto.MenuDto@4153506c, com.company.project.service.menu.dto.MenuDto@3e24352d, com.company.project.service.menu.dto.MenuDto@2bb1cb93, com.company.project.service.menu.dto.MenuDto@5b31311c, com.company.project.service.menu.dto.MenuDto@baca26]}, timestamp=2026-03-16T16:53:25.405764700]]
2026-03-16 16:53:25 [http-nio-8080-exec-5] INFO  c.c.p.a.i.OperationalAuditInterceptor - API Audit Log: URL=/api/v1/menu/left, User=webmaster, IP=0:0:0:0:0:0:0:1
2026-03-16 16:53:25 [http-nio-8080-exec-5] DEBUG o.s.web.servlet.DispatcherServlet - Completed 200 OK
2026-03-16 16:53:26 [http-nio-8080-exec-1] DEBUG c.c.p.s.jwt.JwtAuthenticationFilter - >>> [JwtFilter] Processing request: GET /api/v1/menu/left
2026-03-16 16:53:26 [http-nio-8080-exec-9] DEBUG c.c.p.s.jwt.JwtAuthenticationFilter - >>> [JwtFilter] Processing request: GET /api/v1/auth/me
2026-03-16 16:53:26 [http-nio-8080-exec-7] DEBUG c.c.p.s.jwt.JwtAuthenticationFilter - >>> [JwtFilter] Processing request: GET /api/v1/menu/head
2026-03-16 16:53:26 [http-nio-8080-exec-1] DEBUG c.c.p.s.jwt.JwtAuthenticationFilter - >>> [JwtFilter] Found token in header for path: /api/v1/menu/left
2026-03-16 16:53:26 [http-nio-8080-exec-9] DEBUG c.c.p.s.jwt.JwtAuthenticationFilter - >>> [JwtFilter] Found token in header for path: /api/v1/auth/me
2026-03-16 16:53:26 [http-nio-8080-exec-7] DEBUG c.c.p.s.jwt.JwtAuthenticationFilter - >>> [JwtFilter] Found token in header for path: /api/v1/menu/head
2026-03-16 16:53:26 [http-nio-8080-exec-9] DEBUG o.s.orm.jpa.JpaTransactionManager - Creating new transaction with name [com.company.project.security.iam.CustomUserDetailsService.loadUserByUsername]: PROPAGATION_REQUIRED,ISOLATION_DEFAULT,readOnly
2026-03-16 16:53:26 [http-nio-8080-exec-1] DEBUG o.s.orm.jpa.JpaTransactionManager - Creating new transaction with name [com.company.project.security.iam.CustomUserDetailsService.loadUserByUsername]: PROPAGATION_REQUIRED,ISOLATION_DEFAULT,readOnly
2026-03-16 16:53:26 [http-nio-8080-exec-9] DEBUG o.s.orm.jpa.JpaTransactionManager - Opened new EntityManager [SessionImpl(817914327<open>)] for JPA transaction
2026-03-16 16:53:26 [http-nio-8080-exec-7] DEBUG o.s.orm.jpa.JpaTransactionManager - Creating new transaction with name [com.company.project.security.iam.CustomUserDetailsService.loadUserByUsername]: PROPAGATION_REQUIRED,ISOLATION_DEFAULT,readOnly
2026-03-16 16:53:26 [http-nio-8080-exec-1] DEBUG o.s.orm.jpa.JpaTransactionManager - Opened new EntityManager [SessionImpl(1511011377<open>)] for JPA transaction
2026-03-16 16:53:26 [http-nio-8080-exec-7] DEBUG o.s.orm.jpa.JpaTransactionManager - Opened new EntityManager [SessionImpl(436466964<open>)] for JPA transaction
2026-03-16 16:53:26 [http-nio-8080-exec-9] DEBUG o.s.orm.jpa.JpaTransactionManager - Exposing JPA transaction as JDBC [org.springframework.orm.jpa.vendor.HibernateJpaDialect$HibernateConnectionHandle@6f29169e]
2026-03-16 16:53:26 [http-nio-8080-exec-1] DEBUG o.s.orm.jpa.JpaTransactionManager - Exposing JPA transaction as JDBC [org.springframework.orm.jpa.vendor.HibernateJpaDialect$HibernateConnectionHandle@2f0a9120]
2026-03-16 16:53:26 [http-nio-8080-exec-9] DEBUG o.s.orm.jpa.JpaTransactionManager - Found thread-bound EntityManager [SessionImpl(817914327<open>)] for JPA transaction
2026-03-16 16:53:26 [http-nio-8080-exec-1] DEBUG o.s.orm.jpa.JpaTransactionManager - Found thread-bound EntityManager [SessionImpl(1511011377<open>)] for JPA transaction
2026-03-16 16:53:26 [http-nio-8080-exec-9] DEBUG o.s.orm.jpa.JpaTransactionManager - Participating in existing transaction
2026-03-16 16:53:26 [http-nio-8080-exec-1] DEBUG o.s.orm.jpa.JpaTransactionManager - Participating in existing transaction
2026-03-16 16:53:26 [http-nio-8080-exec-9] DEBUG org.hibernate.SQL - select u1_0.emplyr_id,u1_0.area_no,u1_0.brthdy,u1_0.chg_pwd_cnt,u1_0.frst_register_id,u1_0.frst_regist_pnttm,u1_0.detail_adres,u1_0.email_adres,u1_0.emplyr_sttus_code,u1_0.empl_no,u1_0.esntl_id,u1_0.fxnum,u1_0.group_id,u1_0.house_adres,u1_0.house_end_telno,u1_0.house_middle_telno,u1_0.ihidnum,u1_0.pstinst_code,u1_0.last_updusr_id,u1_0.last_updt_pnttm,u1_0.lock_at,u1_0.lock_cnt,u1_0.lock_last_pnttm,u1_0.mbtlnum,u1_0.ofcps_nm,u1_0.offm_telno,u1_0.orgnzt_id,u1_0.password,u1_0.password_cnsr,u1_0.password_hint,u1_0.chg_pwd_last_pnttm,u1_0.role,u1_0.sbscrb_de,u1_0.sexdstn_code,u1_0.crtfc_dn_value,u1_0.user_nm,u1_0.zip from nemplyrinfo u1_0 where u1_0.emplyr_id=?
2026-03-16 16:53:26 [http-nio-8080-exec-1] DEBUG org.hibernate.SQL - select u1_0.emplyr_id,u1_0.area_no,u1_0.brthdy,u1_0.chg_pwd_cnt,u1_0.frst_register_id,u1_0.frst_regist_pnttm,u1_0.detail_adres,u1_0.email_adres,u1_0.emplyr_sttus_code,u1_0.empl_no,u1_0.esntl_id,u1_0.fxnum,u1_0.group_id,u1_0.house_adres,u1_0.house_end_telno,u1_0.house_middle_telno,u1_0.ihidnum,u1_0.pstinst_code,u1_0.last_updusr_id,u1_0.last_updt_pnttm,u1_0.lock_at,u1_0.lock_cnt,u1_0.lock_last_pnttm,u1_0.mbtlnum,u1_0.ofcps_nm,u1_0.offm_telno,u1_0.orgnzt_id,u1_0.password,u1_0.password_cnsr,u1_0.password_hint,u1_0.chg_pwd_last_pnttm,u1_0.role,u1_0.sbscrb_de,u1_0.sexdstn_code,u1_0.crtfc_dn_value,u1_0.user_nm,u1_0.zip from nemplyrinfo u1_0 where u1_0.emplyr_id=?
2026-03-16 16:53:26 [http-nio-8080-exec-7] DEBUG o.s.orm.jpa.JpaTransactionManager - Exposing JPA transaction as JDBC [org.springframework.orm.jpa.vendor.HibernateJpaDialect$HibernateConnectionHandle@60cbb1a4]
2026-03-16 16:53:26 [http-nio-8080-exec-7] DEBUG o.s.orm.jpa.JpaTransactionManager - Found thread-bound EntityManager [SessionImpl(436466964<open>)] for JPA transaction
2026-03-16 16:53:26 [http-nio-8080-exec-7] DEBUG o.s.orm.jpa.JpaTransactionManager - Participating in existing transaction
2026-03-16 16:53:26 [http-nio-8080-exec-7] DEBUG org.hibernate.SQL - select u1_0.emplyr_id,u1_0.area_no,u1_0.brthdy,u1_0.chg_pwd_cnt,u1_0.frst_register_id,u1_0.frst_regist_pnttm,u1_0.detail_adres,u1_0.email_adres,u1_0.emplyr_sttus_code,u1_0.empl_no,u1_0.esntl_id,u1_0.fxnum,u1_0.group_id,u1_0.house_adres,u1_0.house_end_telno,u1_0.house_middle_telno,u1_0.ihidnum,u1_0.pstinst_code,u1_0.last_updusr_id,u1_0.last_updt_pnttm,u1_0.lock_at,u1_0.lock_cnt,u1_0.lock_last_pnttm,u1_0.mbtlnum,u1_0.ofcps_nm,u1_0.offm_telno,u1_0.orgnzt_id,u1_0.password,u1_0.password_cnsr,u1_0.password_hint,u1_0.chg_pwd_last_pnttm,u1_0.role,u1_0.sbscrb_de,u1_0.sexdstn_code,u1_0.crtfc_dn_value,u1_0.user_nm,u1_0.zip from nemplyrinfo u1_0 where u1_0.emplyr_id=?
2026-03-16 16:53:26 [http-nio-8080-exec-9] DEBUG o.s.orm.jpa.JpaTransactionManager - Found thread-bound EntityManager [SessionImpl(817914327<open>)] for JPA transaction
2026-03-16 16:53:26 [http-nio-8080-exec-9] DEBUG o.s.orm.jpa.JpaTransactionManager - Participating in existing transaction
2026-03-16 16:53:26 [http-nio-8080-exec-9] DEBUG org.hibernate.SQL - select ua1_0.scrty_dtrmn_trget_id,ua1_0.author_code,ua1_0.frst_register_id,ua1_0.frst_regist_pnttm,ua1_0.last_updusr_id,ua1_0.last_updt_pnttm,ua1_0.mber_ty_code from nemplyrscrtyestbs ua1_0 where ua1_0.scrty_dtrmn_trget_id=?
2026-03-16 16:53:26 [http-nio-8080-exec-1] DEBUG o.s.orm.jpa.JpaTransactionManager - Found thread-bound EntityManager [SessionImpl(1511011377<open>)] for JPA transaction
2026-03-16 16:53:26 [http-nio-8080-exec-1] DEBUG o.s.orm.jpa.JpaTransactionManager - Participating in existing transaction
2026-03-16 16:53:26 [http-nio-8080-exec-1] DEBUG org.hibernate.SQL - select ua1_0.scrty_dtrmn_trget_id,ua1_0.author_code,ua1_0.frst_register_id,ua1_0.frst_regist_pnttm,ua1_0.last_updusr_id,ua1_0.last_updt_pnttm,ua1_0.mber_ty_code from nemplyrscrtyestbs ua1_0 where ua1_0.scrty_dtrmn_trget_id=?
2026-03-16 16:53:26 [http-nio-8080-exec-7] DEBUG o.s.orm.jpa.JpaTransactionManager - Found thread-bound EntityManager [SessionImpl(436466964<open>)] for JPA transaction
2026-03-16 16:53:26 [http-nio-8080-exec-7] DEBUG o.s.orm.jpa.JpaTransactionManager - Participating in existing transaction
2026-03-16 16:53:26 [http-nio-8080-exec-7] DEBUG org.hibernate.SQL - select ua1_0.scrty_dtrmn_trget_id,ua1_0.author_code,ua1_0.frst_register_id,ua1_0.frst_regist_pnttm,ua1_0.last_updusr_id,ua1_0.last_updt_pnttm,ua1_0.mber_ty_code from nemplyrscrtyestbs ua1_0 where ua1_0.scrty_dtrmn_trget_id=?
2026-03-16 16:53:26 [http-nio-8080-exec-1] DEBUG o.s.orm.jpa.JpaTransactionManager - Initiating transaction commit
2026-03-16 16:53:26 [http-nio-8080-exec-9] DEBUG o.s.orm.jpa.JpaTransactionManager - Initiating transaction commit
2026-03-16 16:53:26 [http-nio-8080-exec-1] DEBUG o.s.orm.jpa.JpaTransactionManager - Committing JPA transaction on EntityManager [SessionImpl(1511011377<open>)]
2026-03-16 16:53:26 [http-nio-8080-exec-9] DEBUG o.s.orm.jpa.JpaTransactionManager - Committing JPA transaction on EntityManager [SessionImpl(817914327<open>)]
2026-03-16 16:53:26 [http-nio-8080-exec-7] DEBUG o.s.orm.jpa.JpaTransactionManager - Initiating transaction commit
2026-03-16 16:53:26 [http-nio-8080-exec-7] DEBUG o.s.orm.jpa.JpaTransactionManager - Committing JPA transaction on EntityManager [SessionImpl(436466964<open>)]
2026-03-16 16:53:26 [http-nio-8080-exec-1] DEBUG o.s.orm.jpa.JpaTransactionManager - Closing JPA EntityManager [SessionImpl(1511011377<open>)] after transaction
2026-03-16 16:53:26 [http-nio-8080-exec-9] DEBUG o.s.orm.jpa.JpaTransactionManager - Closing JPA EntityManager [SessionImpl(817914327<open>)] after transaction
2026-03-16 16:53:26 [http-nio-8080-exec-1] DEBUG c.c.p.s.jwt.JwtAuthenticationFilter - >>> [JwtFilter] Successfully authenticated user: USRCNFRM_99999999999, Authorities: [ROLE_ADMIN]
2026-03-16 16:53:26 [http-nio-8080-exec-9] DEBUG c.c.p.s.jwt.JwtAuthenticationFilter - >>> [JwtFilter] Successfully authenticated user: USRCNFRM_99999999999, Authorities: [ROLE_ADMIN]
2026-03-16 16:53:26 [http-nio-8080-exec-9] DEBUG o.s.web.servlet.DispatcherServlet - GET "/api/v1/auth/me", parameters={}
2026-03-16 16:53:26 [http-nio-8080-exec-1] DEBUG o.s.web.servlet.DispatcherServlet - GET "/api/v1/menu/left?menuNo=10", parameters={masked}
2026-03-16 16:53:26 [http-nio-8080-exec-9] TRACE o.s.w.s.m.m.a.RequestMappingHandlerMapping - Mapped to com.company.project.api.auth.AuthController#getCurrentUser()
2026-03-16 16:53:26 [http-nio-8080-exec-1] TRACE o.s.w.s.m.m.a.RequestMappingHandlerMapping - Mapped to com.company.project.api.controller.menu.MenuController#getLeftMenu(Long)
2026-03-16 16:53:26 [http-nio-8080-exec-1] INFO  c.c.p.a.c.menu.MenuController - getLeftMenu called with menuNo=10
2026-03-16 16:53:26 [http-nio-8080-exec-9] DEBUG o.s.w.s.m.m.a.RequestResponseBodyMethodProcessor - Using 'application/json', given [application/json, text/plain, */*] and supported [application/json, application/*+json, application/yaml]
2026-03-16 16:53:26 [http-nio-8080-exec-1] DEBUG o.s.orm.jpa.JpaTransactionManager - Creating new transaction with name [com.company.project.service.menu.MenuService.getSubMenus]: PROPAGATION_REQUIRED,ISOLATION_DEFAULT,readOnly
2026-03-16 16:53:26 [http-nio-8080-exec-9] TRACE o.s.w.s.m.m.a.RequestResponseBodyMethodProcessor - Writing [ApiResponse[success=true, status=200, code=COMMON_001, message=Success, data={role=ROLE_ADMIN, userSe=EMP, name=관리자, id=webmaster}, timestamp=2026-03-16T16:53:26.798056400]]
2026-03-16 16:53:26 [http-nio-8080-exec-1] DEBUG o.s.orm.jpa.JpaTransactionManager - Opened new EntityManager [SessionImpl(1061680473<open>)] for JPA transaction
2026-03-16 16:53:26 [http-nio-8080-exec-1] DEBUG o.s.orm.jpa.JpaTransactionManager - Exposing JPA transaction as JDBC [org.springframework.orm.jpa.vendor.HibernateJpaDialect$HibernateConnectionHandle@35c264f3]
2026-03-16 16:53:26 [http-nio-8080-exec-9] INFO  c.c.p.a.i.OperationalAuditInterceptor - API Audit Log: URL=/api/v1/auth/me, User=webmaster, IP=127.0.0.1
2026-03-16 16:53:26 [http-nio-8080-exec-9] DEBUG o.s.web.servlet.DispatcherServlet - Completed 200 OK
2026-03-16 16:53:26 [http-nio-8080-exec-1] DEBUG org.hibernate.SQL - select m1_0.menu_no,m1_0.menu_dc,m1_0.menu_nm,m1_0.menu_ordr,m1_0.modern_route,m1_0.progrm_file_nm,m1_0.relate_image_nm,m1_0.relate_image_path,m1_0.route_updated_at,m1_0.upper_menu_no from nmenuinfo m1_0 order by m1_0.upper_menu_no,m1_0.menu_ordr
2026-03-16 16:53:26 [http-nio-8080-exec-7] DEBUG o.s.orm.jpa.JpaTransactionManager - Closing JPA EntityManager [SessionImpl(436466964<open>)] after transaction
2026-03-16 16:53:26 [http-nio-8080-exec-7] DEBUG c.c.p.s.jwt.JwtAuthenticationFilter - >>> [JwtFilter] Successfully authenticated user: USRCNFRM_99999999999, Authorities: [ROLE_ADMIN]
2026-03-16 16:53:26 [http-nio-8080-exec-7] DEBUG o.s.web.servlet.DispatcherServlet - GET "/api/v1/menu/head", parameters={}
2026-03-16 16:53:26 [http-nio-8080-exec-7] TRACE o.s.w.s.m.m.a.RequestMappingHandlerMapping - Mapped to com.company.project.api.controller.menu.MenuController#getHeadMenu()
2026-03-16 16:53:26 [http-nio-8080-exec-7] INFO  c.c.p.a.c.menu.MenuController - getHeadMenu called
2026-03-16 16:53:26 [http-nio-8080-exec-7] INFO  c.c.p.a.c.menu.MenuController - getHeadMenu returned 5 items
2026-03-16 16:53:26 [http-nio-8080-exec-7] DEBUG o.s.w.s.m.m.a.HttpEntityMethodProcessor - Using 'application/json', given [application/json, text/plain, */*] and supported [application/json, application/*+json, application/yaml]
2026-03-16 16:53:26 [http-nio-8080-exec-7] TRACE o.s.w.s.m.m.a.HttpEntityMethodProcessor - Writing [ApiResponse[success=true, status=200, code=COMMON_001, message=Success, data={list=[com.company.project.service.menu.dto.MenuDto@2b80d6b0, com.company.project.service.menu.dto.MenuDto@1418cfa3, com.company.project.service.menu.dto.MenuDto@f230bf1, com.company.project.service.menu.dto.MenuDto@734a7f6a, com.company.project.service.menu.dto.MenuDto@5e5202e5]}, timestamp=2026-03-16T16:53:26.825086900]]
2026-03-16 16:53:26 [http-nio-8080-exec-7] INFO  c.c.p.a.i.OperationalAuditInterceptor - API Audit Log: URL=/api/v1/menu/head, User=webmaster, IP=127.0.0.1
2026-03-16 16:53:26 [http-nio-8080-exec-7] DEBUG o.s.web.servlet.DispatcherServlet - Completed 200 OK
2026-03-16 16:53:26 [http-nio-8080-exec-6] DEBUG c.c.p.s.jwt.JwtAuthenticationFilter - >>> [JwtFilter] Processing request: GET /api/v1/notifications
2026-03-16 16:53:26 [http-nio-8080-exec-6] DEBUG c.c.p.s.jwt.JwtAuthenticationFilter - >>> [JwtFilter] Found token in header for path: /api/v1/notifications
2026-03-16 16:53:26 [http-nio-8080-exec-6] DEBUG o.s.orm.jpa.JpaTransactionManager - Creating new transaction with name [com.company.project.security.iam.CustomUserDetailsService.loadUserByUsername]: PROPAGATION_REQUIRED,ISOLATION_DEFAULT,readOnly
2026-03-16 16:53:26 [http-nio-8080-exec-6] DEBUG o.s.orm.jpa.JpaTransactionManager - Opened new EntityManager [SessionImpl(1257289717<open>)] for JPA transaction
2026-03-16 16:53:26 [http-nio-8080-exec-8] DEBUG c.c.p.s.jwt.JwtAuthenticationFilter - >>> [JwtFilter] Processing request: GET /api/v1/notifications/unread-count
2026-03-16 16:53:26 [http-nio-8080-exec-2] DEBUG c.c.p.s.jwt.JwtAuthenticationFilter - >>> [JwtFilter] Processing request: GET /api/v1/admin/system/banners/reflected
2026-03-16 16:53:26 [http-nio-8080-exec-4] DEBUG c.c.p.s.jwt.JwtAuthenticationFilter - >>> [JwtFilter] Processing request: GET /api/v1/popups/active
2026-03-16 16:53:26 [http-nio-8080-exec-8] DEBUG c.c.p.s.jwt.JwtAuthenticationFilter - >>> [JwtFilter] Found token in header for path: /api/v1/notifications/unread-count
2026-03-16 16:53:26 [http-nio-8080-exec-2] DEBUG c.c.p.s.jwt.JwtAuthenticationFilter - >>> [JwtFilter] Found token in header for path: /api/v1/admin/system/banners/reflected
2026-03-16 16:53:26 [http-nio-8080-exec-4] DEBUG c.c.p.s.jwt.JwtAuthenticationFilter - >>> [JwtFilter] Found token in header for path: /api/v1/popups/active
2026-03-16 16:53:26 [http-nio-8080-exec-4] DEBUG o.s.orm.jpa.JpaTransactionManager - Creating new transaction with name [com.company.project.security.iam.CustomUserDetailsService.loadUserByUsername]: PROPAGATION_REQUIRED,ISOLATION_DEFAULT,readOnly
2026-03-16 16:53:26 [http-nio-8080-exec-2] DEBUG o.s.orm.jpa.JpaTransactionManager - Creating new transaction with name [com.company.project.security.iam.CustomUserDetailsService.loadUserByUsername]: PROPAGATION_REQUIRED,ISOLATION_DEFAULT,readOnly
2026-03-16 16:53:26 [http-nio-8080-exec-4] DEBUG o.s.orm.jpa.JpaTransactionManager - Opened new EntityManager [SessionImpl(1670094697<open>)] for JPA transaction
2026-03-16 16:53:26 [http-nio-8080-exec-8] DEBUG o.s.orm.jpa.JpaTransactionManager - Creating new transaction with name [com.company.project.security.iam.CustomUserDetailsService.loadUserByUsername]: PROPAGATION_REQUIRED,ISOLATION_DEFAULT,readOnly
2026-03-16 16:53:26 [http-nio-8080-exec-2] DEBUG o.s.orm.jpa.JpaTransactionManager - Opened new EntityManager [SessionImpl(730081209<open>)] for JPA transaction
2026-03-16 16:53:26 [http-nio-8080-exec-8] DEBUG o.s.orm.jpa.JpaTransactionManager - Opened new EntityManager [SessionImpl(1750441242<open>)] for JPA transaction
2026-03-16 16:53:26 [http-nio-8080-exec-3] DEBUG o.s.web.servlet.DispatcherServlet - GET "/ws/info?t=1773647606896", parameters={masked}
2026-03-16 16:53:26 [http-nio-8080-exec-3] DEBUG o.s.w.s.s.s.WebSocketHandlerMapping - Mapped to org.springframework.web.socket.sockjs.support.SockJsHttpRequestHandler@3d80b7ba
2026-03-16 16:53:26 [http-nio-8080-exec-3] DEBUG o.s.w.s.s.t.h.DefaultSockJsService - Processing transport request: GET http://localhost:8080/ws/info?t=1773647606896
2026-03-16 16:53:26 [http-nio-8080-exec-3] DEBUG o.s.web.servlet.DispatcherServlet - Completed 200 OK
2026-03-16 16:53:26 [http-nio-8080-exec-10] DEBUG o.s.web.servlet.DispatcherServlet - GET "/ws/753/utlvn1pr/websocket", parameters={}
2026-03-16 16:53:26 [http-nio-8080-exec-10] DEBUG o.s.w.s.s.s.WebSocketHandlerMapping - Mapped to org.springframework.web.socket.sockjs.support.SockJsHttpRequestHandler@3d80b7ba
2026-03-16 16:53:26 [http-nio-8080-exec-10] DEBUG o.s.w.s.s.t.h.DefaultSockJsService - Processing transport request: GET http://localhost:8080/ws/753/utlvn1pr/websocket
2026-03-16 16:53:26 [http-nio-8080-exec-10] DEBUG o.s.web.servlet.DispatcherServlet - Completed 101 SWITCHING_PROTOCOLS
2026-03-16 16:53:26 [http-nio-8080-exec-10] DEBUG o.s.w.s.h.LoggingWebSocketHandlerDecorator - New WebSocketServerSockJsSession[id=utlvn1pr]
2026-03-16 16:53:26 [scheduling-1] DEBUG org.springframework.web.SimpLogging - Processing CONNECT session=utlvn1pr
2026-03-16 16:53:26 [scheduling-1] DEBUG org.springframework.web.SimpLogging - Processing SUBSCRIBE /topic/notices id=sub-0 session=utlvn1pr
2026-03-16 16:53:26 [scheduling-1] DEBUG org.springframework.web.SimpLogging - Processing SUBSCRIBE destination=/queue/notifications-userutlvn1pr subscriptionId=sub-1 session=utlvn1pr payload=byte[0]
2026-03-16 16:53:26 [scheduling-1] DEBUG org.springframework.web.SimpLogging - Processing SUBSCRIBE /topic/public id=sub-2 session=utlvn1pr
2026-03-16 16:53:26 [scheduling-1] DEBUG org.springframework.web.SimpLogging - Processing SUBSCRIBE /topic/dashboard/stats id=sub-4 session=utlvn1pr
2026-03-16 16:53:26 [scheduling-1] DEBUG org.springframework.web.SimpLogging - Processing SUBSCRIBE /topic/notifications id=sub-5 session=utlvn1pr
2026-03-16 16:53:26 [scheduling-1] DEBUG org.springframework.web.SimpLogging - Processing SUBSCRIBE destination=/queue/notifications-userutlvn1pr subscriptionId=sub-6 session=utlvn1pr payload=byte[0]
2026-03-16 16:53:26 [http-nio-8080-exec-3] DEBUG c.c.p.s.jwt.JwtAuthenticationFilter - >>> [JwtFilter] Processing request: GET /api/v1/admin/system/statistics/connect
2026-03-16 16:53:26 [http-nio-8080-exec-3] DEBUG c.c.p.s.jwt.JwtAuthenticationFilter - >>> [JwtFilter] Found token in header for path: /api/v1/admin/system/statistics/connect
2026-03-16 16:53:26 [http-nio-8080-exec-3] DEBUG o.s.orm.jpa.JpaTransactionManager - Creating new transaction with name [com.company.project.security.iam.CustomUserDetailsService.loadUserByUsername]: PROPAGATION_REQUIRED,ISOLATION_DEFAULT,readOnly
2026-03-16 16:53:26 [http-nio-8080-exec-3] DEBUG o.s.orm.jpa.JpaTransactionManager - Opened new EntityManager [SessionImpl(63295936<open>)] for JPA transaction
2026-03-16 16:53:27 [http-nio-8080-exec-6] DEBUG o.s.orm.jpa.JpaTransactionManager - Exposing JPA transaction as JDBC [org.springframework.orm.jpa.vendor.HibernateJpaDialect$HibernateConnectionHandle@33526d]
2026-03-16 16:53:27 [http-nio-8080-exec-8] DEBUG o.s.orm.jpa.JpaTransactionManager - Exposing JPA transaction as JDBC [org.springframework.orm.jpa.vendor.HibernateJpaDialect$HibernateConnectionHandle@4925eaa0]
2026-03-16 16:53:27 [http-nio-8080-exec-2] DEBUG o.s.orm.jpa.JpaTransactionManager - Exposing JPA transaction as JDBC [org.springframework.orm.jpa.vendor.HibernateJpaDialect$HibernateConnectionHandle@3105a3ce]
2026-03-16 16:53:27 [http-nio-8080-exec-6] DEBUG o.s.orm.jpa.JpaTransactionManager - Found thread-bound EntityManager [SessionImpl(1257289717<open>)] for JPA transaction
2026-03-16 16:53:27 [http-nio-8080-exec-4] DEBUG o.s.orm.jpa.JpaTransactionManager - Exposing JPA transaction as JDBC [org.springframework.orm.jpa.vendor.HibernateJpaDialect$HibernateConnectionHandle@1390715e]
2026-03-16 16:53:27 [http-nio-8080-exec-2] DEBUG o.s.orm.jpa.JpaTransactionManager - Found thread-bound EntityManager [SessionImpl(730081209<open>)] for JPA transaction
2026-03-16 16:53:27 [http-nio-8080-exec-2] DEBUG o.s.orm.jpa.JpaTransactionManager - Participating in existing transaction
2026-03-16 16:53:27 [http-nio-8080-exec-8] DEBUG o.s.orm.jpa.JpaTransactionManager - Found thread-bound EntityManager [SessionImpl(1750441242<open>)] for JPA transaction
2026-03-16 16:53:27 [http-nio-8080-exec-6] DEBUG o.s.orm.jpa.JpaTransactionManager - Participating in existing transaction
2026-03-16 16:53:27 [http-nio-8080-exec-4] DEBUG o.s.orm.jpa.JpaTransactionManager - Found thread-bound EntityManager [SessionImpl(1670094697<open>)] for JPA transaction
2026-03-16 16:53:27 [http-nio-8080-exec-8] DEBUG o.s.orm.jpa.JpaTransactionManager - Participating in existing transaction
2026-03-16 16:53:27 [http-nio-8080-exec-4] DEBUG o.s.orm.jpa.JpaTransactionManager - Participating in existing transaction
2026-03-16 16:53:27 [http-nio-8080-exec-6] DEBUG org.hibernate.SQL - select u1_0.emplyr_id,u1_0.area_no,u1_0.brthdy,u1_0.chg_pwd_cnt,u1_0.frst_register_id,u1_0.frst_regist_pnttm,u1_0.detail_adres,u1_0.email_adres,u1_0.emplyr_sttus_code,u1_0.empl_no,u1_0.esntl_id,u1_0.fxnum,u1_0.group_id,u1_0.house_adres,u1_0.house_end_telno,u1_0.house_middle_telno,u1_0.ihidnum,u1_0.pstinst_code,u1_0.last_updusr_id,u1_0.last_updt_pnttm,u1_0.lock_at,u1_0.lock_cnt,u1_0.lock_last_pnttm,u1_0.mbtlnum,u1_0.ofcps_nm,u1_0.offm_telno,u1_0.orgnzt_id,u1_0.password,u1_0.password_cnsr,u1_0.password_hint,u1_0.chg_pwd_last_pnttm,u1_0.role,u1_0.sbscrb_de,u1_0.sexdstn_code,u1_0.crtfc_dn_value,u1_0.user_nm,u1_0.zip from nemplyrinfo u1_0 where u1_0.emplyr_id=?
2026-03-16 16:53:27 [http-nio-8080-exec-8] DEBUG org.hibernate.SQL - select u1_0.emplyr_id,u1_0.area_no,u1_0.brthdy,u1_0.chg_pwd_cnt,u1_0.frst_register_id,u1_0.frst_regist_pnttm,u1_0.detail_adres,u1_0.email_adres,u1_0.emplyr_sttus_code,u1_0.empl_no,u1_0.esntl_id,u1_0.fxnum,u1_0.group_id,u1_0.house_adres,u1_0.house_end_telno,u1_0.house_middle_telno,u1_0.ihidnum,u1_0.pstinst_code,u1_0.last_updusr_id,u1_0.last_updt_pnttm,u1_0.lock_at,u1_0.lock_cnt,u1_0.lock_last_pnttm,u1_0.mbtlnum,u1_0.ofcps_nm,u1_0.offm_telno,u1_0.orgnzt_id,u1_0.password,u1_0.password_cnsr,u1_0.password_hint,u1_0.chg_pwd_last_pnttm,u1_0.role,u1_0.sbscrb_de,u1_0.sexdstn_code,u1_0.crtfc_dn_value,u1_0.user_nm,u1_0.zip from nemplyrinfo u1_0 where u1_0.emplyr_id=?
2026-03-16 16:53:27 [http-nio-8080-exec-4] DEBUG org.hibernate.SQL - select u1_0.emplyr_id,u1_0.area_no,u1_0.brthdy,u1_0.chg_pwd_cnt,u1_0.frst_register_id,u1_0.frst_regist_pnttm,u1_0.detail_adres,u1_0.email_adres,u1_0.emplyr_sttus_code,u1_0.empl_no,u1_0.esntl_id,u1_0.fxnum,u1_0.group_id,u1_0.house_adres,u1_0.house_end_telno,u1_0.house_middle_telno,u1_0.ihidnum,u1_0.pstinst_code,u1_0.last_updusr_id,u1_0.last_updt_pnttm,u1_0.lock_at,u1_0.lock_cnt,u1_0.lock_last_pnttm,u1_0.mbtlnum,u1_0.ofcps_nm,u1_0.offm_telno,u1_0.orgnzt_id,u1_0.password,u1_0.password_cnsr,u1_0.password_hint,u1_0.chg_pwd_last_pnttm,u1_0.role,u1_0.sbscrb_de,u1_0.sexdstn_code,u1_0.crtfc_dn_value,u1_0.user_nm,u1_0.zip from nemplyrinfo u1_0 where u1_0.emplyr_id=?
2026-03-16 16:53:27 [http-nio-8080-exec-2] DEBUG org.hibernate.SQL - select u1_0.emplyr_id,u1_0.area_no,u1_0.brthdy,u1_0.chg_pwd_cnt,u1_0.frst_register_id,u1_0.frst_regist_pnttm,u1_0.detail_adres,u1_0.email_adres,u1_0.emplyr_sttus_code,u1_0.empl_no,u1_0.esntl_id,u1_0.fxnum,u1_0.group_id,u1_0.house_adres,u1_0.house_end_telno,u1_0.house_middle_telno,u1_0.ihidnum,u1_0.pstinst_code,u1_0.last_updusr_id,u1_0.last_updt_pnttm,u1_0.lock_at,u1_0.lock_cnt,u1_0.lock_last_pnttm,u1_0.mbtlnum,u1_0.ofcps_nm,u1_0.offm_telno,u1_0.orgnzt_id,u1_0.password,u1_0.password_cnsr,u1_0.password_hint,u1_0.chg_pwd_last_pnttm,u1_0.role,u1_0.sbscrb_de,u1_0.sexdstn_code,u1_0.crtfc_dn_value,u1_0.user_nm,u1_0.zip from nemplyrinfo u1_0 where u1_0.emplyr_id=?
2026-03-16 16:53:27 [http-nio-8080-exec-1] DEBUG o.s.orm.jpa.JpaTransactionManager - Found thread-bound EntityManager [SessionImpl(1061680473<open>)] for JPA transaction
2026-03-16 16:53:27 [http-nio-8080-exec-1] DEBUG o.s.orm.jpa.JpaTransactionManager - Participating in existing transaction
2026-03-16 16:53:27 [http-nio-8080-exec-1] DEBUG org.hibernate.SQL - select p1_0.progrm_file_nm,p1_0.progrm_dc,p1_0.progrm_korean_nm,p1_0.progrm_stre_path,p1_0.url from nprogrmlist p1_0
2026-03-16 16:53:27 [http-nio-8080-exec-3] DEBUG o.s.orm.jpa.JpaTransactionManager - Exposing JPA transaction as JDBC [org.springframework.orm.jpa.vendor.HibernateJpaDialect$HibernateConnectionHandle@567bd0a2]
2026-03-16 16:53:27 [http-nio-8080-exec-3] DEBUG o.s.orm.jpa.JpaTransactionManager - Found thread-bound EntityManager [SessionImpl(63295936<open>)] for JPA transaction
2026-03-16 16:53:27 [http-nio-8080-exec-3] DEBUG o.s.orm.jpa.JpaTransactionManager - Participating in existing transaction
2026-03-16 16:53:27 [http-nio-8080-exec-3] DEBUG org.hibernate.SQL - select u1_0.emplyr_id,u1_0.area_no,u1_0.brthdy,u1_0.chg_pwd_cnt,u1_0.frst_register_id,u1_0.frst_regist_pnttm,u1_0.detail_adres,u1_0.email_adres,u1_0.emplyr_sttus_code,u1_0.empl_no,u1_0.esntl_id,u1_0.fxnum,u1_0.group_id,u1_0.house_adres,u1_0.house_end_telno,u1_0.house_middle_telno,u1_0.ihidnum,u1_0.pstinst_code,u1_0.last_updusr_id,u1_0.last_updt_pnttm,u1_0.lock_at,u1_0.lock_cnt,u1_0.lock_last_pnttm,u1_0.mbtlnum,u1_0.ofcps_nm,u1_0.offm_telno,u1_0.orgnzt_id,u1_0.password,u1_0.password_cnsr,u1_0.password_hint,u1_0.chg_pwd_last_pnttm,u1_0.role,u1_0.sbscrb_de,u1_0.sexdstn_code,u1_0.crtfc_dn_value,u1_0.user_nm,u1_0.zip from nemplyrinfo u1_0 where u1_0.emplyr_id=?
2026-03-16 16:53:27 [http-nio-8080-exec-4] DEBUG o.s.orm.jpa.JpaTransactionManager - Found thread-bound EntityManager [SessionImpl(1670094697<open>)] for JPA transaction
2026-03-16 16:53:27 [http-nio-8080-exec-4] DEBUG o.s.orm.jpa.JpaTransactionManager - Participating in existing transaction
2026-03-16 16:53:27 [http-nio-8080-exec-2] DEBUG o.s.orm.jpa.JpaTransactionManager - Found thread-bound EntityManager [SessionImpl(730081209<open>)] for JPA transaction
2026-03-16 16:53:27 [http-nio-8080-exec-2] DEBUG o.s.orm.jpa.JpaTransactionManager - Participating in existing transaction
2026-03-16 16:53:27 [http-nio-8080-exec-2] DEBUG org.hibernate.SQL - select ua1_0.scrty_dtrmn_trget_id,ua1_0.author_code,ua1_0.frst_register_id,ua1_0.frst_regist_pnttm,ua1_0.last_updusr_id,ua1_0.last_updt_pnttm,ua1_0.mber_ty_code from nemplyrscrtyestbs ua1_0 where ua1_0.scrty_dtrmn_trget_id=?
2026-03-16 16:53:27 [http-nio-8080-exec-4] DEBUG org.hibernate.SQL - select ua1_0.scrty_dtrmn_trget_id,ua1_0.author_code,ua1_0.frst_register_id,ua1_0.frst_regist_pnttm,ua1_0.last_updusr_id,ua1_0.last_updt_pnttm,ua1_0.mber_ty_code from nemplyrscrtyestbs ua1_0 where ua1_0.scrty_dtrmn_trget_id=?
2026-03-16 16:53:27 [http-nio-8080-exec-6] DEBUG o.s.orm.jpa.JpaTransactionManager - Found thread-bound EntityManager [SessionImpl(1257289717<open>)] for JPA transaction
2026-03-16 16:53:27 [http-nio-8080-exec-6] DEBUG o.s.orm.jpa.JpaTransactionManager - Participating in existing transaction
2026-03-16 16:53:27 [http-nio-8080-exec-6] DEBUG org.hibernate.SQL - select ua1_0.scrty_dtrmn_trget_id,ua1_0.author_code,ua1_0.frst_register_id,ua1_0.frst_regist_pnttm,ua1_0.last_updusr_id,ua1_0.last_updt_pnttm,ua1_0.mber_ty_code from nemplyrscrtyestbs ua1_0 where ua1_0.scrty_dtrmn_trget_id=?
2026-03-16 16:53:27 [http-nio-8080-exec-8] DEBUG o.s.orm.jpa.JpaTransactionManager - Found thread-bound EntityManager [SessionImpl(1750441242<open>)] for JPA transaction
2026-03-16 16:53:27 [http-nio-8080-exec-8] DEBUG o.s.orm.jpa.JpaTransactionManager - Participating in existing transaction
2026-03-16 16:53:27 [http-nio-8080-exec-8] DEBUG org.hibernate.SQL - select ua1_0.scrty_dtrmn_trget_id,ua1_0.author_code,ua1_0.frst_register_id,ua1_0.frst_regist_pnttm,ua1_0.last_updusr_id,ua1_0.last_updt_pnttm,ua1_0.mber_ty_code from nemplyrscrtyestbs ua1_0 where ua1_0.scrty_dtrmn_trget_id=?
2026-03-16 16:53:27 [http-nio-8080-exec-1] DEBUG o.s.orm.jpa.JpaTransactionManager - Initiating transaction commit
2026-03-16 16:53:27 [http-nio-8080-exec-1] DEBUG o.s.orm.jpa.JpaTransactionManager - Committing JPA transaction on EntityManager [SessionImpl(1061680473<open>)]
2026-03-16 16:53:27 [http-nio-8080-exec-3] DEBUG o.s.orm.jpa.JpaTransactionManager - Found thread-bound EntityManager [SessionImpl(63295936<open>)] for JPA transaction
2026-03-16 16:53:27 [http-nio-8080-exec-3] DEBUG o.s.orm.jpa.JpaTransactionManager - Participating in existing transaction
2026-03-16 16:53:27 [http-nio-8080-exec-3] DEBUG org.hibernate.SQL - select ua1_0.scrty_dtrmn_trget_id,ua1_0.author_code,ua1_0.frst_register_id,ua1_0.frst_regist_pnttm,ua1_0.last_updusr_id,ua1_0.last_updt_pnttm,ua1_0.mber_ty_code from nemplyrscrtyestbs ua1_0 where ua1_0.scrty_dtrmn_trget_id=?
2026-03-16 16:53:27 [http-nio-8080-exec-4] DEBUG o.s.orm.jpa.JpaTransactionManager - Initiating transaction commit
2026-03-16 16:53:27 [http-nio-8080-exec-4] DEBUG o.s.orm.jpa.JpaTransactionManager - Committing JPA transaction on EntityManager [SessionImpl(1670094697<open>)]
2026-03-16 16:53:27 [http-nio-8080-exec-2] DEBUG o.s.orm.jpa.JpaTransactionManager - Initiating transaction commit
2026-03-16 16:53:27 [http-nio-8080-exec-2] DEBUG o.s.orm.jpa.JpaTransactionManager - Committing JPA transaction on EntityManager [SessionImpl(730081209<open>)]
2026-03-16 16:53:27 [http-nio-8080-exec-6] DEBUG o.s.orm.jpa.JpaTransactionManager - Initiating transaction commit
2026-03-16 16:53:27 [http-nio-8080-exec-6] DEBUG o.s.orm.jpa.JpaTransactionManager - Committing JPA transaction on EntityManager [SessionImpl(1257289717<open>)]
2026-03-16 16:53:27 [http-nio-8080-exec-8] DEBUG o.s.orm.jpa.JpaTransactionManager - Initiating transaction commit
2026-03-16 16:53:27 [http-nio-8080-exec-8] DEBUG o.s.orm.jpa.JpaTransactionManager - Committing JPA transaction on EntityManager [SessionImpl(1750441242<open>)]
2026-03-16 16:53:27 [http-nio-8080-exec-1] DEBUG o.s.orm.jpa.JpaTransactionManager - Closing JPA EntityManager [SessionImpl(1061680473<open>)] after transaction
2026-03-16 16:53:27 [http-nio-8080-exec-1] INFO  c.c.p.a.c.menu.MenuController - getLeftMenu returned 5 items
2026-03-16 16:53:27 [http-nio-8080-exec-1] DEBUG o.s.w.s.m.m.a.HttpEntityMethodProcessor - Using 'application/json', given [application/json, text/plain, */*] and supported [application/json, application/*+json, application/yaml]
2026-03-16 16:53:27 [http-nio-8080-exec-1] TRACE o.s.w.s.m.m.a.HttpEntityMethodProcessor - Writing [ApiResponse[success=true, status=200, code=COMMON_001, message=Success, data={list=[com.company.project.service.menu.dto.MenuDto@64af0a89, com.company.project.service.menu.dto.MenuDto@5140da9, com.company.project.service.menu.dto.MenuDto@15b6dbdd, com.company.project.service.menu.dto.MenuDto@66c6b296, com.company.project.service.menu.dto.MenuDto@7a211785]}, timestamp=2026-03-16T16:53:27.406118700]]
2026-03-16 16:53:27 [http-nio-8080-exec-1] INFO  c.c.p.a.i.OperationalAuditInterceptor - API Audit Log: URL=/api/v1/menu/left, User=webmaster, IP=127.0.0.1
2026-03-16 16:53:27 [http-nio-8080-exec-1] DEBUG o.s.web.servlet.DispatcherServlet - Completed 200 OK
2026-03-16 16:53:27 [http-nio-8080-exec-10] DEBUG c.c.p.s.jwt.JwtAuthenticationFilter - >>> [JwtFilter] Processing request: GET /api/v1/admin/system/statistics/bbs
2026-03-16 16:53:27 [http-nio-8080-exec-10] DEBUG c.c.p.s.jwt.JwtAuthenticationFilter - >>> [JwtFilter] Found token in header for path: /api/v1/admin/system/statistics/bbs
2026-03-16 16:53:27 [http-nio-8080-exec-10] DEBUG o.s.orm.jpa.JpaTransactionManager - Creating new transaction with name [com.company.project.security.iam.CustomUserDetailsService.loadUserByUsername]: PROPAGATION_REQUIRED,ISOLATION_DEFAULT,readOnly
2026-03-16 16:53:27 [http-nio-8080-exec-10] DEBUG o.s.orm.jpa.JpaTransactionManager - Opened new EntityManager [SessionImpl(149059910<open>)] for JPA transaction
2026-03-16 16:53:27 [http-nio-8080-exec-3] DEBUG o.s.orm.jpa.JpaTransactionManager - Initiating transaction commit
2026-03-16 16:53:27 [http-nio-8080-exec-3] DEBUG o.s.orm.jpa.JpaTransactionManager - Committing JPA transaction on EntityManager [SessionImpl(63295936<open>)]
2026-03-16 16:53:27 [http-nio-8080-exec-4] DEBUG o.s.orm.jpa.JpaTransactionManager - Closing JPA EntityManager [SessionImpl(1670094697<open>)] after transaction
2026-03-16 16:53:27 [http-nio-8080-exec-2] DEBUG o.s.orm.jpa.JpaTransactionManager - Closing JPA EntityManager [SessionImpl(730081209<open>)] after transaction
2026-03-16 16:53:27 [http-nio-8080-exec-2] DEBUG c.c.p.s.jwt.JwtAuthenticationFilter - >>> [JwtFilter] Successfully authenticated user: USRCNFRM_99999999999, Authorities: [ROLE_ADMIN]
2026-03-16 16:53:27 [http-nio-8080-exec-4] DEBUG c.c.p.s.jwt.JwtAuthenticationFilter - >>> [JwtFilter] Successfully authenticated user: USRCNFRM_99999999999, Authorities: [ROLE_ADMIN]
2026-03-16 16:53:27 [http-nio-8080-exec-4] DEBUG o.s.web.servlet.DispatcherServlet - GET "/api/v1/popups/active", parameters={}
2026-03-16 16:53:27 [http-nio-8080-exec-4] TRACE o.s.w.s.m.m.a.RequestMappingHandlerMapping - Mapped to com.company.project.api.controller.system.content.popup.PopupController#getActivePopups()
2026-03-16 16:53:27 [http-nio-8080-exec-4] DEBUG o.s.orm.jpa.JpaTransactionManager - Creating new transaction with name [com.company.project.service.system.content.popup.PopupServiceImpl.getActivePopups]: PROPAGATION_REQUIRED,ISOLATION_DEFAULT,readOnly
2026-03-16 16:53:27 [http-nio-8080-exec-4] DEBUG o.s.orm.jpa.JpaTransactionManager - Opened new EntityManager [SessionImpl(1477404422<open>)] for JPA transaction
2026-03-16 16:53:27 [http-nio-8080-exec-4] DEBUG o.s.orm.jpa.JpaTransactionManager - Exposing JPA transaction as JDBC [org.springframework.orm.jpa.vendor.HibernateJpaDialect$HibernateConnectionHandle@16c4513b]
2026-03-16 16:53:27 [http-nio-8080-exec-2] DEBUG o.s.web.servlet.DispatcherServlet - GET "/api/v1/admin/system/banners/reflected", parameters={}
2026-03-16 16:53:27 [http-nio-8080-exec-2] TRACE o.s.w.s.m.m.a.RequestMappingHandlerMapping - Mapped to com.company.project.api.controller.system.content.banner.BannerApiController#getReflectedBanners()
2026-03-16 16:53:27 [http-nio-8080-exec-2] DEBUG o.s.orm.jpa.JpaTransactionManager - Creating new transaction with name [com.company.project.service.system.content.banner.BannerService.getReflectedBanners]: PROPAGATION_REQUIRED,ISOLATION_DEFAULT,readOnly
2026-03-16 16:53:27 [http-nio-8080-exec-2] DEBUG o.s.orm.jpa.JpaTransactionManager - Opened new EntityManager [SessionImpl(1665472869<open>)] for JPA transaction
2026-03-16 16:53:27 [http-nio-8080-exec-2] DEBUG o.s.orm.jpa.JpaTransactionManager - Exposing JPA transaction as JDBC [org.springframework.orm.jpa.vendor.HibernateJpaDialect$HibernateConnectionHandle@33500a17]
2026-03-16 16:53:27 [http-nio-8080-exec-6] DEBUG o.s.orm.jpa.JpaTransactionManager - Closing JPA EntityManager [SessionImpl(1257289717<open>)] after transaction
2026-03-16 16:53:27 [http-nio-8080-exec-8] DEBUG o.s.orm.jpa.JpaTransactionManager - Closing JPA EntityManager [SessionImpl(1750441242<open>)] after transaction
2026-03-16 16:53:27 [http-nio-8080-exec-6] DEBUG c.c.p.s.jwt.JwtAuthenticationFilter - >>> [JwtFilter] Successfully authenticated user: USRCNFRM_99999999999, Authorities: [ROLE_ADMIN]
2026-03-16 16:53:27 [http-nio-8080-exec-8] DEBUG c.c.p.s.jwt.JwtAuthenticationFilter - >>> [JwtFilter] Successfully authenticated user: USRCNFRM_99999999999, Authorities: [ROLE_ADMIN]
2026-03-16 16:53:27 [http-nio-8080-exec-8] DEBUG o.s.web.servlet.DispatcherServlet - GET "/api/v1/notifications/unread-count", parameters={}
2026-03-16 16:53:27 [http-nio-8080-exec-6] DEBUG o.s.web.servlet.DispatcherServlet - GET "/api/v1/notifications", parameters={}
2026-03-16 16:53:27 [http-nio-8080-exec-2] DEBUG org.hibernate.SQL - select b1_0.banner_id,b1_0.banner_dc,b1_0.banner_image,b1_0.banner_image_file,b1_0.banner_nm,b1_0.frst_register_id,b1_0.frst_regist_pnttm,b1_0.last_updusr_id,b1_0.last_updt_pnttm,b1_0.link_url,b1_0.reflct_at,b1_0.sort_ordr from nbanner b1_0 where b1_0.reflct_at=? order by b1_0.sort_ordr
2026-03-16 16:53:27 [http-nio-8080-exec-8] TRACE o.s.w.s.m.m.a.RequestMappingHandlerMapping - Mapped to com.company.project.api.controller.notification.NotificationController#getUnreadCount(UserDetails)
2026-03-16 16:53:27 [http-nio-8080-exec-6] TRACE o.s.w.s.m.m.a.RequestMappingHandlerMapping - Mapped to com.company.project.api.controller.notification.NotificationController#getMyNotifications(UserDetails)
2026-03-16 16:53:27 [http-nio-8080-exec-8] DEBUG o.s.orm.jpa.JpaTransactionManager - Creating new transaction with name [com.company.project.service.notification.NotificationService.getUnreadCount]: PROPAGATION_REQUIRED,ISOLATION_DEFAULT,readOnly
2026-03-16 16:53:27 [http-nio-8080-exec-6] DEBUG o.s.orm.jpa.JpaTransactionManager - Creating new transaction with name [com.company.project.service.notification.NotificationService.getActiveNotifications]: PROPAGATION_REQUIRED,ISOLATION_DEFAULT,readOnly
2026-03-16 16:53:27 [http-nio-8080-exec-8] DEBUG o.s.orm.jpa.JpaTransactionManager - Opened new EntityManager [SessionImpl(2110281928<open>)] for JPA transaction
2026-03-16 16:53:27 [http-nio-8080-exec-6] DEBUG o.s.orm.jpa.JpaTransactionManager - Opened new EntityManager [SessionImpl(856561574<open>)] for JPA transaction
2026-03-16 16:53:27 [http-nio-8080-exec-8] DEBUG o.s.orm.jpa.JpaTransactionManager - Exposing JPA transaction as JDBC [org.springframework.orm.jpa.vendor.HibernateJpaDialect$HibernateConnectionHandle@1535559c]
2026-03-16 16:53:27 [http-nio-8080-exec-6] DEBUG o.s.orm.jpa.JpaTransactionManager - Exposing JPA transaction as JDBC [org.springframework.orm.jpa.vendor.HibernateJpaDialect$HibernateConnectionHandle@4533e765]
2026-03-16 16:53:27 [http-nio-8080-exec-6] DEBUG o.s.orm.jpa.JpaTransactionManager - Found thread-bound EntityManager [SessionImpl(856561574<open>)] for JPA transaction
2026-03-16 16:53:27 [http-nio-8080-exec-6] DEBUG o.s.orm.jpa.JpaTransactionManager - Participating in existing transaction
2026-03-16 16:53:27 [http-nio-8080-exec-6] DEBUG org.hibernate.SQL - select n1_0.ntcn_no,n1_0.frst_register_id,n1_0.frst_regist_pnttm,n1_0.is_read,n1_0.last_updusr_id,n1_0.last_updt_pnttm,n1_0.link_url,n1_0.ntcn_cn,n1_0.ntcn_sj,n1_0.receiver_id from n_user_notification n1_0
2026-03-16 16:53:27 [http-nio-8080-exec-8] DEBUG org.hibernate.SQL - select count(n1_0.ntcn_no) from n_user_notification n1_0 where n1_0.receiver_id=? and n1_0.is_read=?
2026-03-16 16:53:27 [http-nio-8080-exec-4] DEBUG org.hibernate.SQL - select p1_0.popup_id,p1_0.frst_register_id,p1_0.frst_regist_pnttm,p1_0.file_url,p1_0.ntce_at,p1_0.stopvew_setup_at,p1_0.last_updusr_id,p1_0.last_updt_pnttm,p1_0.ntce_bgnde,p1_0.ntce_endde,p1_0.popup_vrticl_lc,p1_0.popup_vrticl_size,p1_0.popup_sj_nm,p1_0.popup_width_lc,p1_0.popup_width_size from npopupmanage p1_0 where p1_0.ntce_at='Y' and ? between p1_0.ntce_bgnde and p1_0.ntce_endde
2026-03-16 16:53:27 [http-nio-8080-exec-10] DEBUG o.s.orm.jpa.JpaTransactionManager - Exposing JPA transaction as JDBC [org.springframework.orm.jpa.vendor.HibernateJpaDialect$HibernateConnectionHandle@75a69528]
2026-03-16 16:53:27 [http-nio-8080-exec-10] DEBUG o.s.orm.jpa.JpaTransactionManager - Found thread-bound EntityManager [SessionImpl(149059910<open>)] for JPA transaction
2026-03-16 16:53:27 [http-nio-8080-exec-10] DEBUG o.s.orm.jpa.JpaTransactionManager - Participating in existing transaction
2026-03-16 16:53:27 [http-nio-8080-exec-10] DEBUG org.hibernate.SQL - select u1_0.emplyr_id,u1_0.area_no,u1_0.brthdy,u1_0.chg_pwd_cnt,u1_0.frst_register_id,u1_0.frst_regist_pnttm,u1_0.detail_adres,u1_0.email_adres,u1_0.emplyr_sttus_code,u1_0.empl_no,u1_0.esntl_id,u1_0.fxnum,u1_0.group_id,u1_0.house_adres,u1_0.house_end_telno,u1_0.house_middle_telno,u1_0.ihidnum,u1_0.pstinst_code,u1_0.last_updusr_id,u1_0.last_updt_pnttm,u1_0.lock_at,u1_0.lock_cnt,u1_0.lock_last_pnttm,u1_0.mbtlnum,u1_0.ofcps_nm,u1_0.offm_telno,u1_0.orgnzt_id,u1_0.password,u1_0.password_cnsr,u1_0.password_hint,u1_0.chg_pwd_last_pnttm,u1_0.role,u1_0.sbscrb_de,u1_0.sexdstn_code,u1_0.crtfc_dn_value,u1_0.user_nm,u1_0.zip from nemplyrinfo u1_0 where u1_0.emplyr_id=?
2026-03-16 16:53:27 [http-nio-8080-exec-3] DEBUG o.s.orm.jpa.JpaTransactionManager - Closing JPA EntityManager [SessionImpl(63295936<open>)] after transaction
2026-03-16 16:53:27 [http-nio-8080-exec-3] DEBUG c.c.p.s.jwt.JwtAuthenticationFilter - >>> [JwtFilter] Successfully authenticated user: USRCNFRM_99999999999, Authorities: [ROLE_ADMIN]
2026-03-16 16:53:27 [http-nio-8080-exec-3] DEBUG o.s.web.servlet.DispatcherServlet - GET "/api/v1/admin/system/statistics/connect?statsKind=SERVICE", parameters={masked}
2026-03-16 16:53:27 [http-nio-8080-exec-3] DEBUG o.s.w.s.h.SimpleUrlHandlerMapping - Mapped to ResourceHttpRequestHandler [classpath [META-INF/resources/], classpath [resources/], classpath [static/], classpath [public/], ServletContext [/]]
2026-03-16 16:53:27 [http-nio-8080-exec-3] DEBUG o.s.w.s.r.ResourceHttpRequestHandler - Resource not found
2026-03-16 16:53:27 [http-nio-8080-exec-3] DEBUG o.s.w.s.m.m.a.ExceptionHandlerExceptionResolver - Using @ExceptionHandler com.company.project.core.exception.GlobalExceptionHandler#handleException(Exception)
2026-03-16 16:53:27 [http-nio-8080-exec-3] ERROR c.c.p.c.e.GlobalExceptionHandler - >>> Internal Server Error: No static resource api/v1/admin/system/statistics/connect.
org.springframework.web.servlet.resource.NoResourceFoundException: No static resource api/v1/admin/system/statistics/connect.
	at org.springframework.web.servlet.resource.ResourceHttpRequestHandler.handleRequest(ResourceHttpRequestHandler.java:585)
	at org.springframework.web.servlet.mvc.HttpRequestHandlerAdapter.handle(HttpRequestHandlerAdapter.java:52)
	at org.springframework.web.servlet.DispatcherServlet.doDispatch(DispatcherServlet.java:1088)
	at org.springframework.web.servlet.DispatcherServlet.doService(DispatcherServlet.java:978)
	at org.springframework.web.servlet.FrameworkServlet.processRequest(FrameworkServlet.java:1014)
	at org.springframework.web.servlet.FrameworkServlet.doGet(FrameworkServlet.java:903)
	at jakarta.servlet.http.HttpServlet.service(HttpServlet.java:527)
	at org.springframework.web.servlet.FrameworkServlet.service(FrameworkServlet.java:885)
	at jakarta.servlet.http.HttpServlet.service(HttpServlet.java:614)
	at org.apache.catalina.core.ApplicationFilterChain.internalDoFilter(ApplicationFilterChain.java:195)
	at org.apache.catalina.core.ApplicationFilterChain.doFilter(ApplicationFilterChain.java:140)
	at org.apache.tomcat.websocket.server.WsFilter.doFilter(WsFilter.java:51)
	at org.apache.catalina.core.ApplicationFilterChain.internalDoFilter(ApplicationFilterChain.java:164)
	at org.apache.catalina.core.ApplicationFilterChain.doFilter(ApplicationFilterChain.java:140)
	at org.springframework.web.filter.CompositeFilter$VirtualFilterChain.doFilter(CompositeFilter.java:108)
	at org.springframework.security.web.FilterChainProxy.lambda$doFilterInternal$3(FilterChainProxy.java:231)
	at org.springframework.security.web.ObservationFilterChainDecorator$FilterObservation$SimpleFilterObservation.lambda$wrap$1(ObservationFilterChainDecorator.java:479)
	at org.springframework.security.web.ObservationFilterChainDecorator$AroundFilterObservation$SimpleAroundFilterObservation.lambda$wrap$1(ObservationFilterChainDecorator.java:340)
	at org.springframework.security.web.ObservationFilterChainDecorator.lambda$wrapSecured$0(ObservationFilterChainDecorator.java:82)
	at org.springframework.security.web.ObservationFilterChainDecorator$VirtualFilterChain.doFilter(ObservationFilterChainDecorator.java:128)
	at org.springframework.security.web.access.intercept.AuthorizationFilter.doFilter(AuthorizationFilter.java:101)
	at org.springframework.security.web.ObservationFilterChainDecorator$ObservationFilter.wrapFilter(ObservationFilterChainDecorator.java:240)
	at org.springframework.security.web.ObservationFilterChainDecorator$ObservationFilter.doFilter(ObservationFilterChainDecorator.java:227)
	at org.springframework.security.web.ObservationFilterChainDecorator$VirtualFilterChain.doFilter(ObservationFilterChainDecorator.java:137)
	at org.springframework.security.web.access.ExceptionTranslationFilter.doFilter(ExceptionTranslationFilter.java:126)
	at org.springframework.security.web.access.ExceptionTranslationFilter.doFilter(ExceptionTranslationFilter.java:120)
	at org.springframework.security.web.ObservationFilterChainDecorator$ObservationFilter.wrapFilter(ObservationFilterChainDecorator.java:240)
	at org.springframework.security.web.ObservationFilterChainDecorator$ObservationFilter.doFilter(ObservationFilterChainDecorator.java:227)
	at org.springframework.security.web.ObservationFilterChainDecorator$VirtualFilterChain.doFilter(ObservationFilterChainDecorator.java:137)
	at org.springframework.security.web.session.SessionManagementFilter.doFilter(SessionManagementFilter.java:131)
	at org.springframework.security.web.session.SessionManagementFilter.doFilter(SessionManagementFilter.java:85)
	at org.springframework.security.web.ObservationFilterChainDecorator$ObservationFilter.wrapFilter(ObservationFilterChainDecorator.java:240)
	at org.springframework.security.web.ObservationFilterChainDecorator$ObservationFilter.doFilter(ObservationFilterChainDecorator.java:227)
	at org.springframework.security.web.ObservationFilterChainDecorator$VirtualFilterChain.doFilter(ObservationFilterChainDecorator.java:137)
	at org.springframework.security.web.authentication.AnonymousAuthenticationFilter.doFilter(AnonymousAuthenticationFilter.java:100)
	at org.springframework.security.web.ObservationFilterChainDecorator$ObservationFilter.wrapFilter(ObservationFilterChainDecorator.java:240)
	at org.springframework.security.web.ObservationFilterChainDecorator$ObservationFilter.doFilter(ObservationFilterChainDecorator.java:227)
	at org.springframework.security.web.ObservationFilterChainDecorator$VirtualFilterChain.doFilter(ObservationFilterChainDecorator.java:137)
	at org.springframework.security.web.servletapi.SecurityContextHolderAwareRequestFilter.doFilter(SecurityContextHolderAwareRequestFilter.java:179)
	at org.springframework.security.web.ObservationFilterChainDecorator$ObservationFilter.wrapFilter(ObservationFilterChainDecorator.java:240)
	at org.springframework.security.web.ObservationFilterChainDecorator$ObservationFilter.doFilter(ObservationFilterChainDecorator.java:227)
	at org.springframework.security.web.ObservationFilterChainDecorator$VirtualFilterChain.doFilter(ObservationFilterChainDecorator.java:137)
	at org.springframework.security.web.savedrequest.RequestCacheAwareFilter.doFilter(RequestCacheAwareFilter.java:63)
	at org.springframework.security.web.ObservationFilterChainDecorator$ObservationFilter.wrapFilter(ObservationFilterChainDecorator.java:240)
	at org.springframework.security.web.ObservationFilterChainDecorator$ObservationFilter.doFilter(ObservationFilterChainDecorator.java:227)
	at org.springframework.security.web.ObservationFilterChainDecorator$VirtualFilterChain.doFilter(ObservationFilterChainDecorator.java:137)
	at com.company.project.security.jwt.JwtAuthenticationFilter.doFilterInternal(JwtAuthenticationFilter.java:52)
	at org.springframework.web.filter.OncePerRequestFilter.doFilter(OncePerRequestFilter.java:116)
	at org.springframework.security.web.ObservationFilterChainDecorator$ObservationFilter.wrapFilter(ObservationFilterChainDecorator.java:240)
	at org.springframework.security.web.ObservationFilterChainDecorator$ObservationFilter.doFilter(ObservationFilterChainDecorator.java:227)
	at org.springframework.security.web.ObservationFilterChainDecorator$VirtualFilterChain.doFilter(ObservationFilterChainDecorator.java:137)
	at org.springframework.security.web.authentication.logout.LogoutFilter.doFilter(LogoutFilter.java:107)
	at org.springframework.security.web.authentication.logout.LogoutFilter.doFilter(LogoutFilter.java:93)
	at org.springframework.security.web.ObservationFilterChainDecorator$ObservationFilter.wrapFilter(ObservationFilterChainDecorator.java:240)
	at org.springframework.security.web.ObservationFilterChainDecorator$ObservationFilter.doFilter(ObservationFilterChainDecorator.java:227)
	at org.springframework.security.web.ObservationFilterChainDecorator$VirtualFilterChain.doFilter(ObservationFilterChainDecorator.java:137)
	at org.springframework.web.filter.CorsFilter.doFilterInternal(CorsFilter.java:91)
	at org.springframework.web.filter.OncePerRequestFilter.doFilter(OncePerRequestFilter.java:116)
	at org.springframework.security.web.ObservationFilterChainDecorator$ObservationFilter.wrapFilter(ObservationFilterChainDecorator.java:240)
	at org.springframework.security.web.ObservationFilterChainDecorator$ObservationFilter.doFilter(ObservationFilterChainDecorator.java:227)
	at org.springframework.security.web.ObservationFilterChainDecorator$VirtualFilterChain.doFilter(ObservationFilterChainDecorator.java:137)
	at org.springframework.security.web.header.HeaderWriterFilter.doHeadersAfter(HeaderWriterFilter.java:90)
	at org.springframework.security.web.header.HeaderWriterFilter.doFilterInternal(HeaderWriterFilter.java:75)
	at org.springframework.web.filter.OncePerRequestFilter.doFilter(OncePerRequestFilter.java:116)
	at org.springframework.security.web.ObservationFilterChainDecorator$ObservationFilter.wrapFilter(ObservationFilterChainDecorator.java:240)
	at org.springframework.security.web.ObservationFilterChainDecorator$ObservationFilter.doFilter(ObservationFilterChainDecorator.java:227)
	at org.springframework.security.web.ObservationFilterChainDecorator$VirtualFilterChain.doFilter(ObservationFilterChainDecorator.java:137)
	at org.springframework.security.web.context.SecurityContextHolderFilter.doFilter(SecurityContextHolderFilter.java:82)
	at org.springframework.security.web.context.SecurityContextHolderFilter.doFilter(SecurityContextHolderFilter.java:69)
	at org.springframework.security.web.ObservationFilterChainDecorator$ObservationFilter.wrapFilter(ObservationFilterChainDecorator.java:240)
	at org.springframework.security.web.ObservationFilterChainDecorator$ObservationFilter.doFilter(ObservationFilterChainDecorator.java:227)
	at org.springframework.security.web.ObservationFilterChainDecorator$VirtualFilterChain.doFilter(ObservationFilterChainDecorator.java:137)
	at org.springframework.security.web.context.request.async.WebAsyncManagerIntegrationFilter.doFilterInternal(WebAsyncManagerIntegrationFilter.java:62)
	at org.springframework.web.filter.OncePerRequestFilter.doFilter(OncePerRequestFilter.java:116)
	at org.springframework.security.web.ObservationFilterChainDecorator$ObservationFilter.wrapFilter(ObservationFilterChainDecorator.java:240)
	at org.springframework.security.web.ObservationFilterChainDecorator$ObservationFilter.doFilter(ObservationFilterChainDecorator.java:227)
	at org.springframework.security.web.ObservationFilterChainDecorator$VirtualFilterChain.doFilter(ObservationFilterChainDecorator.java:137)
	at org.springframework.security.web.session.DisableEncodeUrlFilter.doFilterInternal(DisableEncodeUrlFilter.java:42)
	at org.springframework.web.filter.OncePerRequestFilter.doFilter(OncePerRequestFilter.java:116)
	at org.springframework.security.web.ObservationFilterChainDecorator$ObservationFilter.wrapFilter(ObservationFilterChainDecorator.java:240)
	at org.springframework.security.web.ObservationFilterChainDecorator$AroundFilterObservation$SimpleAroundFilterObservation.lambda$wrap$0(ObservationFilterChainDecorator.java:323)
	at org.springframework.security.web.ObservationFilterChainDecorator$ObservationFilter.doFilter(ObservationFilterChainDecorator.java:224)
	at org.springframework.security.web.ObservationFilterChainDecorator$VirtualFilterChain.doFilter(ObservationFilterChainDecorator.java:137)
	at org.springframework.security.web.FilterChainProxy.doFilterInternal(FilterChainProxy.java:233)
	at org.springframework.security.web.FilterChainProxy.doFilter(FilterChainProxy.java:191)
	at org.springframework.web.filter.CompositeFilter$VirtualFilterChain.doFilter(CompositeFilter.java:113)
	at org.springframework.web.servlet.handler.HandlerMappingIntrospector.lambda$createCacheFilter$3(HandlerMappingIntrospector.java:243)
	at org.springframework.web.filter.CompositeFilter$VirtualFilterChain.doFilter(CompositeFilter.java:113)
	at org.springframework.web.filter.CompositeFilter.doFilter(CompositeFilter.java:74)
	at org.springframework.security.config.annotation.web.configuration.WebMvcSecurityConfiguration$CompositeFilterChainProxy.doFilter(WebMvcSecurityConfiguration.java:238)
	at org.springframework.web.filter.DelegatingFilterProxy.invokeDelegate(DelegatingFilterProxy.java:362)
	at org.springframework.web.filter.DelegatingFilterProxy.doFilter(DelegatingFilterProxy.java:278)
	at org.apache.catalina.core.ApplicationFilterChain.internalDoFilter(ApplicationFilterChain.java:164)
	at org.apache.catalina.core.ApplicationFilterChain.doFilter(ApplicationFilterChain.java:140)
	at org.springframework.web.filter.RequestContextFilter.doFilterInternal(RequestContextFilter.java:100)
	at org.springframework.web.filter.OncePerRequestFilter.doFilter(OncePerRequestFilter.java:116)
	at org.apache.catalina.core.ApplicationFilterChain.internalDoFilter(ApplicationFilterChain.java:164)
	at org.apache.catalina.core.ApplicationFilterChain.doFilter(ApplicationFilterChain.java:140)
	at org.springframework.web.filter.FormContentFilter.doFilterInternal(FormContentFilter.java:93)
	at org.springframework.web.filter.OncePerRequestFilter.doFilter(OncePerRequestFilter.java:116)
	at org.apache.catalina.core.ApplicationFilterChain.internalDoFilter(ApplicationFilterChain.java:164)
	at org.apache.catalina.core.ApplicationFilterChain.doFilter(ApplicationFilterChain.java:140)
	at org.springframework.web.filter.ServerHttpObservationFilter.doFilterInternal(ServerHttpObservationFilter.java:114)
	at org.springframework.web.filter.OncePerRequestFilter.doFilter(OncePerRequestFilter.java:116)
	at org.apache.catalina.core.ApplicationFilterChain.internalDoFilter(ApplicationFilterChain.java:164)
	at org.apache.catalina.core.ApplicationFilterChain.doFilter(ApplicationFilterChain.java:140)
	at org.springframework.web.filter.CharacterEncodingFilter.doFilterInternal(CharacterEncodingFilter.java:201)
	at org.springframework.web.filter.OncePerRequestFilter.doFilter(OncePerRequestFilter.java:116)
	at org.apache.catalina.core.ApplicationFilterChain.internalDoFilter(ApplicationFilterChain.java:164)
	at org.apache.catalina.core.ApplicationFilterChain.doFilter(ApplicationFilterChain.java:140)
	at org.apache.catalina.core.StandardWrapperValve.invoke(StandardWrapperValve.java:167)
	at org.apache.catalina.core.StandardContextValve.invoke(StandardContextValve.java:90)
	at org.apache.catalina.authenticator.AuthenticatorBase.invoke(AuthenticatorBase.java:483)
	at org.apache.catalina.core.StandardHostValve.invoke(StandardHostValve.java:115)
	at org.apache.catalina.valves.ErrorReportValve.invoke(ErrorReportValve.java:93)
	at org.apache.catalina.core.StandardEngineValve.invoke(StandardEngineValve.java:74)
	at org.apache.catalina.connector.CoyoteAdapter.service(CoyoteAdapter.java:344)
	at org.apache.coyote.http11.Http11Processor.service(Http11Processor.java:397)
	at org.apache.coyote.AbstractProcessorLight.process(AbstractProcessorLight.java:63)
	at org.apache.coyote.AbstractProtocol$ConnectionHandler.process(AbstractProtocol.java:905)
	at org.apache.tomcat.util.net.NioEndpoint$SocketProcessor.doRun(NioEndpoint.java:1741)
	at org.apache.tomcat.util.net.SocketProcessorBase.run(SocketProcessorBase.java:52)
	at org.apache.tomcat.util.threads.ThreadPoolExecutor.runWorker(ThreadPoolExecutor.java:1190)
	at org.apache.tomcat.util.threads.ThreadPoolExecutor$Worker.run(ThreadPoolExecutor.java:659)
	at org.apache.tomcat.util.threads.TaskThread$WrappingRunnable.run(TaskThread.java:63)
	at java.base/java.lang.Thread.run(Thread.java:1583)
2026-03-16 16:53:27 [http-nio-8080-exec-3] DEBUG o.s.w.s.m.m.a.HttpEntityMethodProcessor - Using 'application/json', given [application/json, text/plain, */*] and supported [application/json, application/*+json, application/yaml]
2026-03-16 16:53:27 [http-nio-8080-exec-3] TRACE o.s.w.s.m.m.a.HttpEntityMethodProcessor - Writing [ApiResponse[success=false, status=500, code=C004, message=예기치 않은 서버 오류가 발생했습니다., data=null, timestamp=2026-03-16T16:53:27.587324200]]
2026-03-16 16:53:27 [http-nio-8080-exec-3] DEBUG o.s.w.s.m.m.a.ExceptionHandlerExceptionResolver - Resolved [org.springframework.web.servlet.resource.NoResourceFoundException: No static resource api/v1/admin/system/statistics/connect.]
2026-03-16 16:53:27 [http-nio-8080-exec-3] DEBUG o.s.web.servlet.DispatcherServlet - Completed 500 INTERNAL_SERVER_ERROR
2026-03-16 16:53:27 [http-nio-8080-exec-5] DEBUG c.c.p.s.jwt.JwtAuthenticationFilter - >>> [JwtFilter] Processing request: GET /api/v1/menu/left
2026-03-16 16:53:27 [http-nio-8080-exec-5] DEBUG c.c.p.s.jwt.JwtAuthenticationFilter - >>> [JwtFilter] Found token in header for path: /api/v1/menu/left
2026-03-16 16:53:27 [http-nio-8080-exec-5] DEBUG o.s.orm.jpa.JpaTransactionManager - Creating new transaction with name [com.company.project.security.iam.CustomUserDetailsService.loadUserByUsername]: PROPAGATION_REQUIRED,ISOLATION_DEFAULT,readOnly
2026-03-16 16:53:27 [http-nio-8080-exec-5] DEBUG o.s.orm.jpa.JpaTransactionManager - Opened new EntityManager [SessionImpl(522717761<open>)] for JPA transaction
2026-03-16 16:53:27 [http-nio-8080-exec-2] DEBUG o.s.orm.jpa.JpaTransactionManager - Initiating transaction commit
2026-03-16 16:53:27 [http-nio-8080-exec-2] DEBUG o.s.orm.jpa.JpaTransactionManager - Committing JPA transaction on EntityManager [SessionImpl(1665472869<open>)]
2026-03-16 16:53:27 [http-nio-8080-exec-6] DEBUG o.s.orm.jpa.JpaTransactionManager - Initiating transaction commit
2026-03-16 16:53:27 [http-nio-8080-exec-6] DEBUG o.s.orm.jpa.JpaTransactionManager - Committing JPA transaction on EntityManager [SessionImpl(856561574<open>)]
2026-03-16 16:53:27 [http-nio-8080-exec-8] DEBUG o.s.orm.jpa.JpaTransactionManager - Initiating transaction commit
2026-03-16 16:53:27 [http-nio-8080-exec-8] DEBUG o.s.orm.jpa.JpaTransactionManager - Committing JPA transaction on EntityManager [SessionImpl(2110281928<open>)]
2026-03-16 16:53:27 [http-nio-8080-exec-4] DEBUG o.s.orm.jpa.JpaTransactionManager - Initiating transaction commit
2026-03-16 16:53:27 [http-nio-8080-exec-4] DEBUG o.s.orm.jpa.JpaTransactionManager - Committing JPA transaction on EntityManager [SessionImpl(1477404422<open>)]
2026-03-16 16:53:27 [http-nio-8080-exec-10] DEBUG o.s.orm.jpa.JpaTransactionManager - Found thread-bound EntityManager [SessionImpl(149059910<open>)] for JPA transaction
2026-03-16 16:53:27 [http-nio-8080-exec-10] DEBUG o.s.orm.jpa.JpaTransactionManager - Participating in existing transaction
2026-03-16 16:53:27 [http-nio-8080-exec-10] DEBUG org.hibernate.SQL - select ua1_0.scrty_dtrmn_trget_id,ua1_0.author_code,ua1_0.frst_register_id,ua1_0.frst_regist_pnttm,ua1_0.last_updusr_id,ua1_0.last_updt_pnttm,ua1_0.mber_ty_code from nemplyrscrtyestbs ua1_0 where ua1_0.scrty_dtrmn_trget_id=?
2026-03-16 16:53:27 [http-nio-8080-exec-5] DEBUG o.s.orm.jpa.JpaTransactionManager - Exposing JPA transaction as JDBC [org.springframework.orm.jpa.vendor.HibernateJpaDialect$HibernateConnectionHandle@3ae0a764]
2026-03-16 16:53:27 [http-nio-8080-exec-5] DEBUG o.s.orm.jpa.JpaTransactionManager - Found thread-bound EntityManager [SessionImpl(522717761<open>)] for JPA transaction
2026-03-16 16:53:27 [http-nio-8080-exec-5] DEBUG o.s.orm.jpa.JpaTransactionManager - Participating in existing transaction
2026-03-16 16:53:27 [http-nio-8080-exec-5] DEBUG org.hibernate.SQL - select u1_0.emplyr_id,u1_0.area_no,u1_0.brthdy,u1_0.chg_pwd_cnt,u1_0.frst_register_id,u1_0.frst_regist_pnttm,u1_0.detail_adres,u1_0.email_adres,u1_0.emplyr_sttus_code,u1_0.empl_no,u1_0.esntl_id,u1_0.fxnum,u1_0.group_id,u1_0.house_adres,u1_0.house_end_telno,u1_0.house_middle_telno,u1_0.ihidnum,u1_0.pstinst_code,u1_0.last_updusr_id,u1_0.last_updt_pnttm,u1_0.lock_at,u1_0.lock_cnt,u1_0.lock_last_pnttm,u1_0.mbtlnum,u1_0.ofcps_nm,u1_0.offm_telno,u1_0.orgnzt_id,u1_0.password,u1_0.password_cnsr,u1_0.password_hint,u1_0.chg_pwd_last_pnttm,u1_0.role,u1_0.sbscrb_de,u1_0.sexdstn_code,u1_0.crtfc_dn_value,u1_0.user_nm,u1_0.zip from nemplyrinfo u1_0 where u1_0.emplyr_id=?
2026-03-16 16:53:27 [http-nio-8080-exec-2] DEBUG o.s.orm.jpa.JpaTransactionManager - Closing JPA EntityManager [SessionImpl(1665472869<open>)] after transaction
2026-03-16 16:53:27 [http-nio-8080-exec-2] DEBUG o.s.w.s.m.m.a.HttpEntityMethodProcessor - Using 'application/json', given [application/json, text/plain, */*] and supported [application/json, application/*+json, application/yaml]
2026-03-16 16:53:27 [http-nio-8080-exec-2] TRACE o.s.w.s.m.m.a.HttpEntityMethodProcessor - Writing [ApiResponse[success=true, status=200, code=COMMON_001, message=Success, data=[], timestamp=2026-03-16T16:53:27.785224600]]
2026-03-16 16:53:27 [http-nio-8080-exec-2] INFO  c.c.p.a.i.OperationalAuditInterceptor - API Audit Log: URL=/api/v1/admin/system/banners/reflected, User=webmaster, IP=127.0.0.1
2026-03-16 16:53:27 [http-nio-8080-exec-2] DEBUG o.s.web.servlet.DispatcherServlet - Completed 200 OK
2026-03-16 16:53:27 [http-nio-8080-exec-9] DEBUG c.c.p.s.jwt.JwtAuthenticationFilter - >>> [JwtFilter] Processing request: GET /api/v1/admin/system/banners/reflected
2026-03-16 16:53:27 [http-nio-8080-exec-9] DEBUG c.c.p.s.jwt.JwtAuthenticationFilter - >>> [JwtFilter] Found token in header for path: /api/v1/admin/system/banners/reflected
2026-03-16 16:53:27 [http-nio-8080-exec-4] DEBUG o.s.orm.jpa.JpaTransactionManager - Closing JPA EntityManager [SessionImpl(1477404422<open>)] after transaction
2026-03-16 16:53:27 [http-nio-8080-exec-9] DEBUG o.s.orm.jpa.JpaTransactionManager - Creating new transaction with name [com.company.project.security.iam.CustomUserDetailsService.loadUserByUsername]: PROPAGATION_REQUIRED,ISOLATION_DEFAULT,readOnly
2026-03-16 16:53:27 [http-nio-8080-exec-9] DEBUG o.s.orm.jpa.JpaTransactionManager - Opened new EntityManager [SessionImpl(2042224861<open>)] for JPA transaction
2026-03-16 16:53:27 [http-nio-8080-exec-4] DEBUG o.s.w.s.m.m.a.HttpEntityMethodProcessor - Using 'application/json', given [application/json, text/plain, */*] and supported [application/json, application/*+json, application/yaml]
2026-03-16 16:53:27 [http-nio-8080-exec-4] TRACE o.s.w.s.m.m.a.HttpEntityMethodProcessor - Writing [ApiResponse[success=true, status=200, code=COMMON_001, message=Success, data=[], timestamp=2026-03-16T16:53:27.792747600]]
2026-03-16 16:53:27 [http-nio-8080-exec-4] INFO  c.c.p.a.i.OperationalAuditInterceptor - API Audit Log: URL=/api/v1/popups/active, User=webmaster, IP=127.0.0.1
2026-03-16 16:53:27 [http-nio-8080-exec-4] DEBUG o.s.web.servlet.DispatcherServlet - Completed 200 OK
2026-03-16 16:53:27 [http-nio-8080-exec-6] DEBUG o.s.orm.jpa.JpaTransactionManager - Closing JPA EntityManager [SessionImpl(856561574<open>)] after transaction
2026-03-16 16:53:27 [http-nio-8080-exec-8] DEBUG o.s.orm.jpa.JpaTransactionManager - Closing JPA EntityManager [SessionImpl(2110281928<open>)] after transaction
2026-03-16 16:53:27 [http-nio-8080-exec-8] DEBUG o.s.w.s.m.m.a.HttpEntityMethodProcessor - Using 'application/json', given [application/json, text/plain, */*] and supported [application/json, application/*+json, application/yaml]
2026-03-16 16:53:27 [http-nio-8080-exec-6] DEBUG o.s.w.s.m.m.a.HttpEntityMethodProcessor - Using 'application/json', given [application/json, text/plain, */*] and supported [application/json, application/*+json, application/yaml]
2026-03-16 16:53:27 [http-nio-8080-exec-8] TRACE o.s.w.s.m.m.a.HttpEntityMethodProcessor - Writing [ApiResponse[success=true, status=200, code=COMMON_001, message=Success, data=0, timestamp=2026-03-16T16:53:27.797879100]]
2026-03-16 16:53:27 [http-nio-8080-exec-6] TRACE o.s.w.s.m.m.a.HttpEntityMethodProcessor - Writing [ApiResponse[success=true, status=200, code=COMMON_001, message=Success, data=[NotificationDto(ntfcNo=NT001, ntfcSj=테스트 알림입니다, ntfcCn=알림 내용입니다, ntfcDate=null, ntfcTime=2026-02-25T00:59:33.784070, bhNtfcIntrvl=null, uniqId=null, frstRegisterId=null, frstRegisterPnttm=2026-02-25T00:59:33.784070, lastUpdusrId=null, lastUpdusrPnttm=null)], timestamp=2026-03-16T16:53:27.797879100]]
2026-03-16 16:53:27 [http-nio-8080-exec-8] INFO  c.c.p.a.i.OperationalAuditInterceptor - API Audit Log: URL=/api/v1/notifications/unread-count, User=webmaster, IP=127.0.0.1
2026-03-16 16:53:27 [http-nio-8080-exec-6] INFO  c.c.p.a.i.OperationalAuditInterceptor - API Audit Log: URL=/api/v1/notifications, User=webmaster, IP=127.0.0.1
2026-03-16 16:53:27 [http-nio-8080-exec-8] DEBUG o.s.web.servlet.DispatcherServlet - Completed 200 OK
2026-03-16 16:53:27 [http-nio-8080-exec-6] DEBUG o.s.web.servlet.DispatcherServlet - Completed 200 OK
2026-03-16 16:53:27 [http-nio-8080-exec-7] DEBUG c.c.p.s.jwt.JwtAuthenticationFilter - >>> [JwtFilter] Processing request: GET /api/v1/popups/active
2026-03-16 16:53:27 [http-nio-8080-exec-7] DEBUG c.c.p.s.jwt.JwtAuthenticationFilter - >>> [JwtFilter] Found token in header for path: /api/v1/popups/active
2026-03-16 16:53:27 [http-nio-8080-exec-7] DEBUG o.s.orm.jpa.JpaTransactionManager - Creating new transaction with name [com.company.project.security.iam.CustomUserDetailsService.loadUserByUsername]: PROPAGATION_REQUIRED,ISOLATION_DEFAULT,readOnly
2026-03-16 16:53:27 [http-nio-8080-exec-7] DEBUG o.s.orm.jpa.JpaTransactionManager - Opened new EntityManager [SessionImpl(1827214922<open>)] for JPA transaction
2026-03-16 16:53:27 [http-nio-8080-exec-3] DEBUG c.c.p.s.jwt.JwtAuthenticationFilter - >>> [JwtFilter] Processing request: GET /api/v1/notifications
2026-03-16 16:53:27 [http-nio-8080-exec-1] DEBUG c.c.p.s.jwt.JwtAuthenticationFilter - >>> [JwtFilter] Processing request: GET /api/v1/notifications/unread-count
2026-03-16 16:53:27 [http-nio-8080-exec-3] DEBUG c.c.p.s.jwt.JwtAuthenticationFilter - >>> [JwtFilter] Found token in header for path: /api/v1/notifications
2026-03-16 16:53:27 [http-nio-8080-exec-1] DEBUG c.c.p.s.jwt.JwtAuthenticationFilter - >>> [JwtFilter] Found token in header for path: /api/v1/notifications/unread-count
2026-03-16 16:53:27 [http-nio-8080-exec-3] DEBUG o.s.orm.jpa.JpaTransactionManager - Creating new transaction with name [com.company.project.security.iam.CustomUserDetailsService.loadUserByUsername]: PROPAGATION_REQUIRED,ISOLATION_DEFAULT,readOnly
2026-03-16 16:53:27 [http-nio-8080-exec-1] DEBUG o.s.orm.jpa.JpaTransactionManager - Creating new transaction with name [com.company.project.security.iam.CustomUserDetailsService.loadUserByUsername]: PROPAGATION_REQUIRED,ISOLATION_DEFAULT,readOnly
2026-03-16 16:53:27 [http-nio-8080-exec-3] DEBUG o.s.orm.jpa.JpaTransactionManager - Opened new EntityManager [SessionImpl(444272534<open>)] for JPA transaction
2026-03-16 16:53:27 [http-nio-8080-exec-1] DEBUG o.s.orm.jpa.JpaTransactionManager - Opened new EntityManager [SessionImpl(1602040877<open>)] for JPA transaction
2026-03-16 16:53:27 [http-nio-8080-exec-3] DEBUG o.s.orm.jpa.JpaTransactionManager - Exposing JPA transaction as JDBC [org.springframework.orm.jpa.vendor.HibernateJpaDialect$HibernateConnectionHandle@6d97d305]
2026-03-16 16:53:27 [http-nio-8080-exec-1] DEBUG o.s.orm.jpa.JpaTransactionManager - Exposing JPA transaction as JDBC [org.springframework.orm.jpa.vendor.HibernateJpaDialect$HibernateConnectionHandle@7c36742c]
2026-03-16 16:53:27 [http-nio-8080-exec-3] DEBUG o.s.orm.jpa.JpaTransactionManager - Found thread-bound EntityManager [SessionImpl(444272534<open>)] for JPA transaction
2026-03-16 16:53:27 [http-nio-8080-exec-3] DEBUG o.s.orm.jpa.JpaTransactionManager - Participating in existing transaction
2026-03-16 16:53:27 [http-nio-8080-exec-1] DEBUG o.s.orm.jpa.JpaTransactionManager - Found thread-bound EntityManager [SessionImpl(1602040877<open>)] for JPA transaction
2026-03-16 16:53:27 [http-nio-8080-exec-1] DEBUG o.s.orm.jpa.JpaTransactionManager - Participating in existing transaction
2026-03-16 16:53:27 [http-nio-8080-exec-1] DEBUG org.hibernate.SQL - select u1_0.emplyr_id,u1_0.area_no,u1_0.brthdy,u1_0.chg_pwd_cnt,u1_0.frst_register_id,u1_0.frst_regist_pnttm,u1_0.detail_adres,u1_0.email_adres,u1_0.emplyr_sttus_code,u1_0.empl_no,u1_0.esntl_id,u1_0.fxnum,u1_0.group_id,u1_0.house_adres,u1_0.house_end_telno,u1_0.house_middle_telno,u1_0.ihidnum,u1_0.pstinst_code,u1_0.last_updusr_id,u1_0.last_updt_pnttm,u1_0.lock_at,u1_0.lock_cnt,u1_0.lock_last_pnttm,u1_0.mbtlnum,u1_0.ofcps_nm,u1_0.offm_telno,u1_0.orgnzt_id,u1_0.password,u1_0.password_cnsr,u1_0.password_hint,u1_0.chg_pwd_last_pnttm,u1_0.role,u1_0.sbscrb_de,u1_0.sexdstn_code,u1_0.crtfc_dn_value,u1_0.user_nm,u1_0.zip from nemplyrinfo u1_0 where u1_0.emplyr_id=?
2026-03-16 16:53:27 [http-nio-8080-exec-3] DEBUG org.hibernate.SQL - select u1_0.emplyr_id,u1_0.area_no,u1_0.brthdy,u1_0.chg_pwd_cnt,u1_0.frst_register_id,u1_0.frst_regist_pnttm,u1_0.detail_adres,u1_0.email_adres,u1_0.emplyr_sttus_code,u1_0.empl_no,u1_0.esntl_id,u1_0.fxnum,u1_0.group_id,u1_0.house_adres,u1_0.house_end_telno,u1_0.house_middle_telno,u1_0.ihidnum,u1_0.pstinst_code,u1_0.last_updusr_id,u1_0.last_updt_pnttm,u1_0.lock_at,u1_0.lock_cnt,u1_0.lock_last_pnttm,u1_0.mbtlnum,u1_0.ofcps_nm,u1_0.offm_telno,u1_0.orgnzt_id,u1_0.password,u1_0.password_cnsr,u1_0.password_hint,u1_0.chg_pwd_last_pnttm,u1_0.role,u1_0.sbscrb_de,u1_0.sexdstn_code,u1_0.crtfc_dn_value,u1_0.user_nm,u1_0.zip from nemplyrinfo u1_0 where u1_0.emplyr_id=?
2026-03-16 16:53:27 [http-nio-8080-exec-10] DEBUG o.s.orm.jpa.JpaTransactionManager - Initiating transaction commit
2026-03-16 16:53:27 [http-nio-8080-exec-10] DEBUG o.s.orm.jpa.JpaTransactionManager - Committing JPA transaction on EntityManager [SessionImpl(149059910<open>)]
2026-03-16 16:53:27 [http-nio-8080-exec-5] DEBUG o.s.orm.jpa.JpaTransactionManager - Found thread-bound EntityManager [SessionImpl(522717761<open>)] for JPA transaction
2026-03-16 16:53:27 [http-nio-8080-exec-5] DEBUG o.s.orm.jpa.JpaTransactionManager - Participating in existing transaction
2026-03-16 16:53:27 [http-nio-8080-exec-5] DEBUG org.hibernate.SQL - select ua1_0.scrty_dtrmn_trget_id,ua1_0.author_code,ua1_0.frst_register_id,ua1_0.frst_regist_pnttm,ua1_0.last_updusr_id,ua1_0.last_updt_pnttm,ua1_0.mber_ty_code from nemplyrscrtyestbs ua1_0 where ua1_0.scrty_dtrmn_trget_id=?
2026-03-16 16:53:27 [http-nio-8080-exec-9] DEBUG o.s.orm.jpa.JpaTransactionManager - Exposing JPA transaction as JDBC [org.springframework.orm.jpa.vendor.HibernateJpaDialect$HibernateConnectionHandle@4c756faf]
2026-03-16 16:53:27 [http-nio-8080-exec-9] DEBUG o.s.orm.jpa.JpaTransactionManager - Found thread-bound EntityManager [SessionImpl(2042224861<open>)] for JPA transaction
2026-03-16 16:53:27 [http-nio-8080-exec-9] DEBUG o.s.orm.jpa.JpaTransactionManager - Participating in existing transaction
2026-03-16 16:53:27 [http-nio-8080-exec-9] DEBUG org.hibernate.SQL - select u1_0.emplyr_id,u1_0.area_no,u1_0.brthdy,u1_0.chg_pwd_cnt,u1_0.frst_register_id,u1_0.frst_regist_pnttm,u1_0.detail_adres,u1_0.email_adres,u1_0.emplyr_sttus_code,u1_0.empl_no,u1_0.esntl_id,u1_0.fxnum,u1_0.group_id,u1_0.house_adres,u1_0.house_end_telno,u1_0.house_middle_telno,u1_0.ihidnum,u1_0.pstinst_code,u1_0.last_updusr_id,u1_0.last_updt_pnttm,u1_0.lock_at,u1_0.lock_cnt,u1_0.lock_last_pnttm,u1_0.mbtlnum,u1_0.ofcps_nm,u1_0.offm_telno,u1_0.orgnzt_id,u1_0.password,u1_0.password_cnsr,u1_0.password_hint,u1_0.chg_pwd_last_pnttm,u1_0.role,u1_0.sbscrb_de,u1_0.sexdstn_code,u1_0.crtfc_dn_value,u1_0.user_nm,u1_0.zip from nemplyrinfo u1_0 where u1_0.emplyr_id=?
2026-03-16 16:53:27 [http-nio-8080-exec-7] DEBUG o.s.orm.jpa.JpaTransactionManager - Exposing JPA transaction as JDBC [org.springframework.orm.jpa.vendor.HibernateJpaDialect$HibernateConnectionHandle@395b4b6e]
2026-03-16 16:53:27 [http-nio-8080-exec-7] DEBUG o.s.orm.jpa.JpaTransactionManager - Found thread-bound EntityManager [SessionImpl(1827214922<open>)] for JPA transaction
2026-03-16 16:53:27 [http-nio-8080-exec-7] DEBUG o.s.orm.jpa.JpaTransactionManager - Participating in existing transaction
2026-03-16 16:53:27 [http-nio-8080-exec-1] DEBUG o.s.orm.jpa.JpaTransactionManager - Found thread-bound EntityManager [SessionImpl(1602040877<open>)] for JPA transaction
2026-03-16 16:53:27 [http-nio-8080-exec-1] DEBUG o.s.orm.jpa.JpaTransactionManager - Participating in existing transaction
2026-03-16 16:53:27 [http-nio-8080-exec-7] DEBUG org.hibernate.SQL - select u1_0.emplyr_id,u1_0.area_no,u1_0.brthdy,u1_0.chg_pwd_cnt,u1_0.frst_register_id,u1_0.frst_regist_pnttm,u1_0.detail_adres,u1_0.email_adres,u1_0.emplyr_sttus_code,u1_0.empl_no,u1_0.esntl_id,u1_0.fxnum,u1_0.group_id,u1_0.house_adres,u1_0.house_end_telno,u1_0.house_middle_telno,u1_0.ihidnum,u1_0.pstinst_code,u1_0.last_updusr_id,u1_0.last_updt_pnttm,u1_0.lock_at,u1_0.lock_cnt,u1_0.lock_last_pnttm,u1_0.mbtlnum,u1_0.ofcps_nm,u1_0.offm_telno,u1_0.orgnzt_id,u1_0.password,u1_0.password_cnsr,u1_0.password_hint,u1_0.chg_pwd_last_pnttm,u1_0.role,u1_0.sbscrb_de,u1_0.sexdstn_code,u1_0.crtfc_dn_value,u1_0.user_nm,u1_0.zip from nemplyrinfo u1_0 where u1_0.emplyr_id=?
2026-03-16 16:53:27 [http-nio-8080-exec-1] DEBUG org.hibernate.SQL - select ua1_0.scrty_dtrmn_trget_id,ua1_0.author_code,ua1_0.frst_register_id,ua1_0.frst_regist_pnttm,ua1_0.last_updusr_id,ua1_0.last_updt_pnttm,ua1_0.mber_ty_code from nemplyrscrtyestbs ua1_0 where ua1_0.scrty_dtrmn_trget_id=?
2026-03-16 16:53:27 [http-nio-8080-exec-3] DEBUG o.s.orm.jpa.JpaTransactionManager - Found thread-bound EntityManager [SessionImpl(444272534<open>)] for JPA transaction
2026-03-16 16:53:27 [http-nio-8080-exec-3] DEBUG o.s.orm.jpa.JpaTransactionManager - Participating in existing transaction
2026-03-16 16:53:27 [http-nio-8080-exec-3] DEBUG org.hibernate.SQL - select ua1_0.scrty_dtrmn_trget_id,ua1_0.author_code,ua1_0.frst_register_id,ua1_0.frst_regist_pnttm,ua1_0.last_updusr_id,ua1_0.last_updt_pnttm,ua1_0.mber_ty_code from nemplyrscrtyestbs ua1_0 where ua1_0.scrty_dtrmn_trget_id=?
2026-03-16 16:53:28 [http-nio-8080-exec-10] DEBUG o.s.orm.jpa.JpaTransactionManager - Closing JPA EntityManager [SessionImpl(149059910<open>)] after transaction
2026-03-16 16:53:28 [http-nio-8080-exec-10] DEBUG c.c.p.s.jwt.JwtAuthenticationFilter - >>> [JwtFilter] Successfully authenticated user: USRCNFRM_99999999999, Authorities: [ROLE_ADMIN]
2026-03-16 16:53:28 [http-nio-8080-exec-10] DEBUG o.s.web.servlet.DispatcherServlet - GET "/api/v1/admin/system/statistics/bbs?statsKind=COM101", parameters={masked}
2026-03-16 16:53:28 [http-nio-8080-exec-10] DEBUG o.s.w.s.h.SimpleUrlHandlerMapping - Mapped to ResourceHttpRequestHandler [classpath [META-INF/resources/], classpath [resources/], classpath [static/], classpath [public/], ServletContext [/]]
2026-03-16 16:53:28 [http-nio-8080-exec-10] DEBUG o.s.w.s.r.ResourceHttpRequestHandler - Resource not found
2026-03-16 16:53:28 [http-nio-8080-exec-10] DEBUG o.s.w.s.m.m.a.ExceptionHandlerExceptionResolver - Using @ExceptionHandler com.company.project.core.exception.GlobalExceptionHandler#handleException(Exception)
2026-03-16 16:53:28 [http-nio-8080-exec-10] ERROR c.c.p.c.e.GlobalExceptionHandler - >>> Internal Server Error: No static resource api/v1/admin/system/statistics/bbs.
org.springframework.web.servlet.resource.NoResourceFoundException: No static resource api/v1/admin/system/statistics/bbs.
	at org.springframework.web.servlet.resource.ResourceHttpRequestHandler.handleRequest(ResourceHttpRequestHandler.java:585)
	at org.springframework.web.servlet.mvc.HttpRequestHandlerAdapter.handle(HttpRequestHandlerAdapter.java:52)
	at org.springframework.web.servlet.DispatcherServlet.doDispatch(DispatcherServlet.java:1088)
	at org.springframework.web.servlet.DispatcherServlet.doService(DispatcherServlet.java:978)
	at org.springframework.web.servlet.FrameworkServlet.processRequest(FrameworkServlet.java:1014)
	at org.springframework.web.servlet.FrameworkServlet.doGet(FrameworkServlet.java:903)
	at jakarta.servlet.http.HttpServlet.service(HttpServlet.java:527)
	at org.springframework.web.servlet.FrameworkServlet.service(FrameworkServlet.java:885)
	at jakarta.servlet.http.HttpServlet.service(HttpServlet.java:614)
	at org.apache.catalina.core.ApplicationFilterChain.internalDoFilter(ApplicationFilterChain.java:195)
	at org.apache.catalina.core.ApplicationFilterChain.doFilter(ApplicationFilterChain.java:140)
	at org.apache.tomcat.websocket.server.WsFilter.doFilter(WsFilter.java:51)
	at org.apache.catalina.core.ApplicationFilterChain.internalDoFilter(ApplicationFilterChain.java:164)
	at org.apache.catalina.core.ApplicationFilterChain.doFilter(ApplicationFilterChain.java:140)
	at org.springframework.web.filter.CompositeFilter$VirtualFilterChain.doFilter(CompositeFilter.java:108)
	at org.springframework.security.web.FilterChainProxy.lambda$doFilterInternal$3(FilterChainProxy.java:231)
	at org.springframework.security.web.ObservationFilterChainDecorator$FilterObservation$SimpleFilterObservation.lambda$wrap$1(ObservationFilterChainDecorator.java:479)
	at org.springframework.security.web.ObservationFilterChainDecorator$AroundFilterObservation$SimpleAroundFilterObservation.lambda$wrap$1(ObservationFilterChainDecorator.java:340)
	at org.springframework.security.web.ObservationFilterChainDecorator.lambda$wrapSecured$0(ObservationFilterChainDecorator.java:82)
	at org.springframework.security.web.ObservationFilterChainDecorator$VirtualFilterChain.doFilter(ObservationFilterChainDecorator.java:128)
	at org.springframework.security.web.access.intercept.AuthorizationFilter.doFilter(AuthorizationFilter.java:101)
	at org.springframework.security.web.ObservationFilterChainDecorator$ObservationFilter.wrapFilter(ObservationFilterChainDecorator.java:240)
	at org.springframework.security.web.ObservationFilterChainDecorator$ObservationFilter.doFilter(ObservationFilterChainDecorator.java:227)
	at org.springframework.security.web.ObservationFilterChainDecorator$VirtualFilterChain.doFilter(ObservationFilterChainDecorator.java:137)
	at org.springframework.security.web.access.ExceptionTranslationFilter.doFilter(ExceptionTranslationFilter.java:126)
	at org.springframework.security.web.access.ExceptionTranslationFilter.doFilter(ExceptionTranslationFilter.java:120)
	at org.springframework.security.web.ObservationFilterChainDecorator$ObservationFilter.wrapFilter(ObservationFilterChainDecorator.java:240)
	at org.springframework.security.web.ObservationFilterChainDecorator$ObservationFilter.doFilter(ObservationFilterChainDecorator.java:227)
	at org.springframework.security.web.ObservationFilterChainDecorator$VirtualFilterChain.doFilter(ObservationFilterChainDecorator.java:137)
	at org.springframework.security.web.session.SessionManagementFilter.doFilter(SessionManagementFilter.java:131)
	at org.springframework.security.web.session.SessionManagementFilter.doFilter(SessionManagementFilter.java:85)
	at org.springframework.security.web.ObservationFilterChainDecorator$ObservationFilter.wrapFilter(ObservationFilterChainDecorator.java:240)
	at org.springframework.security.web.ObservationFilterChainDecorator$ObservationFilter.doFilter(ObservationFilterChainDecorator.java:227)
	at org.springframework.security.web.ObservationFilterChainDecorator$VirtualFilterChain.doFilter(ObservationFilterChainDecorator.java:137)
	at org.springframework.security.web.authentication.AnonymousAuthenticationFilter.doFilter(AnonymousAuthenticationFilter.java:100)
	at org.springframework.security.web.ObservationFilterChainDecorator$ObservationFilter.wrapFilter(ObservationFilterChainDecorator.java:240)
	at org.springframework.security.web.ObservationFilterChainDecorator$ObservationFilter.doFilter(ObservationFilterChainDecorator.java:227)
	at org.springframework.security.web.ObservationFilterChainDecorator$VirtualFilterChain.doFilter(ObservationFilterChainDecorator.java:137)
	at org.springframework.security.web.servletapi.SecurityContextHolderAwareRequestFilter.doFilter(SecurityContextHolderAwareRequestFilter.java:179)
	at org.springframework.security.web.ObservationFilterChainDecorator$ObservationFilter.wrapFilter(ObservationFilterChainDecorator.java:240)
	at org.springframework.security.web.ObservationFilterChainDecorator$ObservationFilter.doFilter(ObservationFilterChainDecorator.java:227)
	at org.springframework.security.web.ObservationFilterChainDecorator$VirtualFilterChain.doFilter(ObservationFilterChainDecorator.java:137)
	at org.springframework.security.web.savedrequest.RequestCacheAwareFilter.doFilter(RequestCacheAwareFilter.java:63)
	at org.springframework.security.web.ObservationFilterChainDecorator$ObservationFilter.wrapFilter(ObservationFilterChainDecorator.java:240)
	at org.springframework.security.web.ObservationFilterChainDecorator$ObservationFilter.doFilter(ObservationFilterChainDecorator.java:227)
	at org.springframework.security.web.ObservationFilterChainDecorator$VirtualFilterChain.doFilter(ObservationFilterChainDecorator.java:137)
	at com.company.project.security.jwt.JwtAuthenticationFilter.doFilterInternal(JwtAuthenticationFilter.java:52)
	at org.springframework.web.filter.OncePerRequestFilter.doFilter(OncePerRequestFilter.java:116)
	at org.springframework.security.web.ObservationFilterChainDecorator$ObservationFilter.wrapFilter(ObservationFilterChainDecorator.java:240)
	at org.springframework.security.web.ObservationFilterChainDecorator$ObservationFilter.doFilter(ObservationFilterChainDecorator.java:227)
	at org.springframework.security.web.ObservationFilterChainDecorator$VirtualFilterChain.doFilter(ObservationFilterChainDecorator.java:137)
	at org.springframework.security.web.authentication.logout.LogoutFilter.doFilter(LogoutFilter.java:107)
	at org.springframework.security.web.authentication.logout.LogoutFilter.doFilter(LogoutFilter.java:93)
	at org.springframework.security.web.ObservationFilterChainDecorator$ObservationFilter.wrapFilter(ObservationFilterChainDecorator.java:240)
	at org.springframework.security.web.ObservationFilterChainDecorator$ObservationFilter.doFilter(ObservationFilterChainDecorator.java:227)
	at org.springframework.security.web.ObservationFilterChainDecorator$VirtualFilterChain.doFilter(ObservationFilterChainDecorator.java:137)
	at org.springframework.web.filter.CorsFilter.doFilterInternal(CorsFilter.java:91)
	at org.springframework.web.filter.OncePerRequestFilter.doFilter(OncePerRequestFilter.java:116)
	at org.springframework.security.web.ObservationFilterChainDecorator$ObservationFilter.wrapFilter(ObservationFilterChainDecorator.java:240)
	at org.springframework.security.web.ObservationFilterChainDecorator$ObservationFilter.doFilter(ObservationFilterChainDecorator.java:227)
	at org.springframework.security.web.ObservationFilterChainDecorator$VirtualFilterChain.doFilter(ObservationFilterChainDecorator.java:137)
	at org.springframework.security.web.header.HeaderWriterFilter.doHeadersAfter(HeaderWriterFilter.java:90)
	at org.springframework.security.web.header.HeaderWriterFilter.doFilterInternal(HeaderWriterFilter.java:75)
	at org.springframework.web.filter.OncePerRequestFilter.doFilter(OncePerRequestFilter.java:116)
	at org.springframework.security.web.ObservationFilterChainDecorator$ObservationFilter.wrapFilter(ObservationFilterChainDecorator.java:240)
	at org.springframework.security.web.ObservationFilterChainDecorator$ObservationFilter.doFilter(ObservationFilterChainDecorator.java:227)
	at org.springframework.security.web.ObservationFilterChainDecorator$VirtualFilterChain.doFilter(ObservationFilterChainDecorator.java:137)
	at org.springframework.security.web.context.SecurityContextHolderFilter.doFilter(SecurityContextHolderFilter.java:82)
	at org.springframework.security.web.context.SecurityContextHolderFilter.doFilter(SecurityContextHolderFilter.java:69)
	at org.springframework.security.web.ObservationFilterChainDecorator$ObservationFilter.wrapFilter(ObservationFilterChainDecorator.java:240)
	at org.springframework.security.web.ObservationFilterChainDecorator$ObservationFilter.doFilter(ObservationFilterChainDecorator.java:227)
	at org.springframework.security.web.ObservationFilterChainDecorator$VirtualFilterChain.doFilter(ObservationFilterChainDecorator.java:137)
	at org.springframework.security.web.context.request.async.WebAsyncManagerIntegrationFilter.doFilterInternal(WebAsyncManagerIntegrationFilter.java:62)
	at org.springframework.web.filter.OncePerRequestFilter.doFilter(OncePerRequestFilter.java:116)
	at org.springframework.security.web.ObservationFilterChainDecorator$ObservationFilter.wrapFilter(ObservationFilterChainDecorator.java:240)
	at org.springframework.security.web.ObservationFilterChainDecorator$ObservationFilter.doFilter(ObservationFilterChainDecorator.java:227)
	at org.springframework.security.web.ObservationFilterChainDecorator$VirtualFilterChain.doFilter(ObservationFilterChainDecorator.java:137)
	at org.springframework.security.web.session.DisableEncodeUrlFilter.doFilterInternal(DisableEncodeUrlFilter.java:42)
	at org.springframework.web.filter.OncePerRequestFilter.doFilter(OncePerRequestFilter.java:116)
	at org.springframework.security.web.ObservationFilterChainDecorator$ObservationFilter.wrapFilter(ObservationFilterChainDecorator.java:240)
	at org.springframework.security.web.ObservationFilterChainDecorator$AroundFilterObservation$SimpleAroundFilterObservation.lambda$wrap$0(ObservationFilterChainDecorator.java:323)
	at org.springframework.security.web.ObservationFilterChainDecorator$ObservationFilter.doFilter(ObservationFilterChainDecorator.java:224)
	at org.springframework.security.web.ObservationFilterChainDecorator$VirtualFilterChain.doFilter(ObservationFilterChainDecorator.java:137)
	at org.springframework.security.web.FilterChainProxy.doFilterInternal(FilterChainProxy.java:233)
	at org.springframework.security.web.FilterChainProxy.doFilter(FilterChainProxy.java:191)
	at org.springframework.web.filter.CompositeFilter$VirtualFilterChain.doFilter(CompositeFilter.java:113)
	at org.springframework.web.servlet.handler.HandlerMappingIntrospector.lambda$createCacheFilter$3(HandlerMappingIntrospector.java:243)
	at org.springframework.web.filter.CompositeFilter$VirtualFilterChain.doFilter(CompositeFilter.java:113)
	at org.springframework.web.filter.CompositeFilter.doFilter(CompositeFilter.java:74)
	at org.springframework.security.config.annotation.web.configuration.WebMvcSecurityConfiguration$CompositeFilterChainProxy.doFilter(WebMvcSecurityConfiguration.java:238)
	at org.springframework.web.filter.DelegatingFilterProxy.invokeDelegate(DelegatingFilterProxy.java:362)
	at org.springframework.web.filter.DelegatingFilterProxy.doFilter(DelegatingFilterProxy.java:278)
	at org.apache.catalina.core.ApplicationFilterChain.internalDoFilter(ApplicationFilterChain.java:164)
	at org.apache.catalina.core.ApplicationFilterChain.doFilter(ApplicationFilterChain.java:140)
	at org.springframework.web.filter.RequestContextFilter.doFilterInternal(RequestContextFilter.java:100)
	at org.springframework.web.filter.OncePerRequestFilter.doFilter(OncePerRequestFilter.java:116)
	at org.apache.catalina.core.ApplicationFilterChain.internalDoFilter(ApplicationFilterChain.java:164)
	at org.apache.catalina.core.ApplicationFilterChain.doFilter(ApplicationFilterChain.java:140)
	at org.springframework.web.filter.FormContentFilter.doFilterInternal(FormContentFilter.java:93)
	at org.springframework.web.filter.OncePerRequestFilter.doFilter(OncePerRequestFilter.java:116)
	at org.apache.catalina.core.ApplicationFilterChain.internalDoFilter(ApplicationFilterChain.java:164)
	at org.apache.catalina.core.ApplicationFilterChain.doFilter(ApplicationFilterChain.java:140)
	at org.springframework.web.filter.ServerHttpObservationFilter.doFilterInternal(ServerHttpObservationFilter.java:114)
	at org.springframework.web.filter.OncePerRequestFilter.doFilter(OncePerRequestFilter.java:116)
	at org.apache.catalina.core.ApplicationFilterChain.internalDoFilter(ApplicationFilterChain.java:164)
	at org.apache.catalina.core.ApplicationFilterChain.doFilter(ApplicationFilterChain.java:140)
	at org.springframework.web.filter.CharacterEncodingFilter.doFilterInternal(CharacterEncodingFilter.java:201)
	at org.springframework.web.filter.OncePerRequestFilter.doFilter(OncePerRequestFilter.java:116)
	at org.apache.catalina.core.ApplicationFilterChain.internalDoFilter(ApplicationFilterChain.java:164)
	at org.apache.catalina.core.ApplicationFilterChain.doFilter(ApplicationFilterChain.java:140)
	at org.apache.catalina.core.StandardWrapperValve.invoke(StandardWrapperValve.java:167)
	at org.apache.catalina.core.StandardContextValve.invoke(StandardContextValve.java:90)
	at org.apache.catalina.authenticator.AuthenticatorBase.invoke(AuthenticatorBase.java:483)
	at org.apache.catalina.core.StandardHostValve.invoke(StandardHostValve.java:115)
	at org.apache.catalina.valves.ErrorReportValve.invoke(ErrorReportValve.java:93)
	at org.apache.catalina.core.StandardEngineValve.invoke(StandardEngineValve.java:74)
	at org.apache.catalina.connector.CoyoteAdapter.service(CoyoteAdapter.java:344)
	at org.apache.coyote.http11.Http11Processor.service(Http11Processor.java:397)
	at org.apache.coyote.AbstractProcessorLight.process(AbstractProcessorLight.java:63)
	at org.apache.coyote.AbstractProtocol$ConnectionHandler.process(AbstractProtocol.java:905)
	at org.apache.tomcat.util.net.NioEndpoint$SocketProcessor.doRun(NioEndpoint.java:1741)
	at org.apache.tomcat.util.net.SocketProcessorBase.run(SocketProcessorBase.java:52)
	at org.apache.tomcat.util.threads.ThreadPoolExecutor.runWorker(ThreadPoolExecutor.java:1190)
	at org.apache.tomcat.util.threads.ThreadPoolExecutor$Worker.run(ThreadPoolExecutor.java:659)
	at org.apache.tomcat.util.threads.TaskThread$WrappingRunnable.run(TaskThread.java:63)
	at java.base/java.lang.Thread.run(Thread.java:1583)
2026-03-16 16:53:28 [http-nio-8080-exec-10] DEBUG o.s.w.s.m.m.a.HttpEntityMethodProcessor - Using 'application/json', given [application/json, text/plain, */*] and supported [application/json, application/*+json, application/yaml]
2026-03-16 16:53:28 [http-nio-8080-exec-10] TRACE o.s.w.s.m.m.a.HttpEntityMethodProcessor - Writing [ApiResponse[success=false, status=500, code=C004, message=예기치 않은 서버 오류가 발생했습니다., data=null, timestamp=2026-03-16T16:53:28.045950400]]
2026-03-16 16:53:28 [http-nio-8080-exec-10] DEBUG o.s.w.s.m.m.a.ExceptionHandlerExceptionResolver - Resolved [org.springframework.web.servlet.resource.NoResourceFoundException: No static resource api/v1/admin/system/statistics/bbs.]
2026-03-16 16:53:28 [http-nio-8080-exec-10] DEBUG o.s.web.servlet.DispatcherServlet - Completed 500 INTERNAL_SERVER_ERROR
2026-03-16 16:53:28 [http-nio-8080-exec-5] DEBUG o.s.orm.jpa.JpaTransactionManager - Initiating transaction commit
2026-03-16 16:53:28 [http-nio-8080-exec-5] DEBUG o.s.orm.jpa.JpaTransactionManager - Committing JPA transaction on EntityManager [SessionImpl(522717761<open>)]
2026-03-16 16:53:28 [http-nio-8080-exec-9] DEBUG o.s.orm.jpa.JpaTransactionManager - Found thread-bound EntityManager [SessionImpl(2042224861<open>)] for JPA transaction
2026-03-16 16:53:28 [http-nio-8080-exec-9] DEBUG o.s.orm.jpa.JpaTransactionManager - Participating in existing transaction
2026-03-16 16:53:28 [http-nio-8080-exec-9] DEBUG org.hibernate.SQL - select ua1_0.scrty_dtrmn_trget_id,ua1_0.author_code,ua1_0.frst_register_id,ua1_0.frst_regist_pnttm,ua1_0.last_updusr_id,ua1_0.last_updt_pnttm,ua1_0.mber_ty_code from nemplyrscrtyestbs ua1_0 where ua1_0.scrty_dtrmn_trget_id=?
2026-03-16 16:53:28 [http-nio-8080-exec-1] DEBUG o.s.orm.jpa.JpaTransactionManager - Initiating transaction commit
2026-03-16 16:53:28 [http-nio-8080-exec-1] DEBUG o.s.orm.jpa.JpaTransactionManager - Committing JPA transaction on EntityManager [SessionImpl(1602040877<open>)]
2026-03-16 16:53:28 [http-nio-8080-exec-7] DEBUG o.s.orm.jpa.JpaTransactionManager - Found thread-bound EntityManager [SessionImpl(1827214922<open>)] for JPA transaction
2026-03-16 16:53:28 [http-nio-8080-exec-7] DEBUG o.s.orm.jpa.JpaTransactionManager - Participating in existing transaction
2026-03-16 16:53:28 [http-nio-8080-exec-7] DEBUG org.hibernate.SQL - select ua1_0.scrty_dtrmn_trget_id,ua1_0.author_code,ua1_0.frst_register_id,ua1_0.frst_regist_pnttm,ua1_0.last_updusr_id,ua1_0.last_updt_pnttm,ua1_0.mber_ty_code from nemplyrscrtyestbs ua1_0 where ua1_0.scrty_dtrmn_trget_id=?
2026-03-16 16:53:28 [http-nio-8080-exec-3] DEBUG o.s.orm.jpa.JpaTransactionManager - Initiating transaction commit
2026-03-16 16:53:28 [http-nio-8080-exec-3] DEBUG o.s.orm.jpa.JpaTransactionManager - Committing JPA transaction on EntityManager [SessionImpl(444272534<open>)]
2026-03-16 16:53:28 [http-nio-8080-exec-5] DEBUG o.s.orm.jpa.JpaTransactionManager - Closing JPA EntityManager [SessionImpl(522717761<open>)] after transaction
2026-03-16 16:53:28 [http-nio-8080-exec-5] DEBUG c.c.p.s.jwt.JwtAuthenticationFilter - >>> [JwtFilter] Successfully authenticated user: USRCNFRM_99999999999, Authorities: [ROLE_ADMIN]
2026-03-16 16:53:28 [http-nio-8080-exec-5] DEBUG o.s.web.servlet.DispatcherServlet - GET "/api/v1/menu/left?menuNo=20", parameters={masked}
2026-03-16 16:53:28 [http-nio-8080-exec-5] TRACE o.s.w.s.m.m.a.RequestMappingHandlerMapping - Mapped to com.company.project.api.controller.menu.MenuController#getLeftMenu(Long)
2026-03-16 16:53:28 [http-nio-8080-exec-5] INFO  c.c.p.a.c.menu.MenuController - getLeftMenu called with menuNo=20
2026-03-16 16:53:28 [http-nio-8080-exec-5] DEBUG o.s.orm.jpa.JpaTransactionManager - Creating new transaction with name [com.company.project.service.menu.MenuService.getSubMenus]: PROPAGATION_REQUIRED,ISOLATION_DEFAULT,readOnly
2026-03-16 16:53:28 [http-nio-8080-exec-5] DEBUG o.s.orm.jpa.JpaTransactionManager - Opened new EntityManager [SessionImpl(471880550<open>)] for JPA transaction
2026-03-16 16:53:28 [http-nio-8080-exec-5] DEBUG o.s.orm.jpa.JpaTransactionManager - Exposing JPA transaction as JDBC [org.springframework.orm.jpa.vendor.HibernateJpaDialect$HibernateConnectionHandle@7d6d6795]
2026-03-16 16:53:28 [http-nio-8080-exec-5] DEBUG org.hibernate.SQL - select m1_0.menu_no,m1_0.menu_dc,m1_0.menu_nm,m1_0.menu_ordr,m1_0.modern_route,m1_0.progrm_file_nm,m1_0.relate_image_nm,m1_0.relate_image_path,m1_0.route_updated_at,m1_0.upper_menu_no from nmenuinfo m1_0 order by m1_0.upper_menu_no,m1_0.menu_ordr
2026-03-16 16:53:28 [http-nio-8080-exec-9] DEBUG o.s.orm.jpa.JpaTransactionManager - Initiating transaction commit
2026-03-16 16:53:28 [http-nio-8080-exec-9] DEBUG o.s.orm.jpa.JpaTransactionManager - Committing JPA transaction on EntityManager [SessionImpl(2042224861<open>)]
2026-03-16 16:53:28 [http-nio-8080-exec-1] DEBUG o.s.orm.jpa.JpaTransactionManager - Closing JPA EntityManager [SessionImpl(1602040877<open>)] after transaction
2026-03-16 16:53:28 [http-nio-8080-exec-1] DEBUG c.c.p.s.jwt.JwtAuthenticationFilter - >>> [JwtFilter] Successfully authenticated user: USRCNFRM_99999999999, Authorities: [ROLE_ADMIN]
2026-03-16 16:53:28 [http-nio-8080-exec-1] DEBUG o.s.web.servlet.DispatcherServlet - GET "/api/v1/notifications/unread-count", parameters={}
2026-03-16 16:53:28 [http-nio-8080-exec-1] TRACE o.s.w.s.m.m.a.RequestMappingHandlerMapping - Mapped to com.company.project.api.controller.notification.NotificationController#getUnreadCount(UserDetails)
2026-03-16 16:53:28 [http-nio-8080-exec-1] DEBUG o.s.orm.jpa.JpaTransactionManager - Creating new transaction with name [com.company.project.service.notification.NotificationService.getUnreadCount]: PROPAGATION_REQUIRED,ISOLATION_DEFAULT,readOnly
2026-03-16 16:53:28 [http-nio-8080-exec-1] DEBUG o.s.orm.jpa.JpaTransactionManager - Opened new EntityManager [SessionImpl(1346688171<open>)] for JPA transaction
2026-03-16 16:53:28 [http-nio-8080-exec-1] DEBUG o.s.orm.jpa.JpaTransactionManager - Exposing JPA transaction as JDBC [org.springframework.orm.jpa.vendor.HibernateJpaDialect$HibernateConnectionHandle@209152ec]
2026-03-16 16:53:28 [http-nio-8080-exec-1] DEBUG org.hibernate.SQL - select count(n1_0.ntcn_no) from n_user_notification n1_0 where n1_0.receiver_id=? and n1_0.is_read=?
2026-03-16 16:53:28 [http-nio-8080-exec-7] DEBUG o.s.orm.jpa.JpaTransactionManager - Initiating transaction commit
2026-03-16 16:53:28 [http-nio-8080-exec-7] DEBUG o.s.orm.jpa.JpaTransactionManager - Committing JPA transaction on EntityManager [SessionImpl(1827214922<open>)]
2026-03-16 16:53:28 [http-nio-8080-exec-3] DEBUG o.s.orm.jpa.JpaTransactionManager - Closing JPA EntityManager [SessionImpl(444272534<open>)] after transaction
2026-03-16 16:53:28 [http-nio-8080-exec-3] DEBUG c.c.p.s.jwt.JwtAuthenticationFilter - >>> [JwtFilter] Successfully authenticated user: USRCNFRM_99999999999, Authorities: [ROLE_ADMIN]
2026-03-16 16:53:28 [http-nio-8080-exec-3] DEBUG o.s.web.servlet.DispatcherServlet - GET "/api/v1/notifications", parameters={}
2026-03-16 16:53:28 [http-nio-8080-exec-3] TRACE o.s.w.s.m.m.a.RequestMappingHandlerMapping - Mapped to com.company.project.api.controller.notification.NotificationController#getMyNotifications(UserDetails)
2026-03-16 16:53:28 [http-nio-8080-exec-3] DEBUG o.s.orm.jpa.JpaTransactionManager - Creating new transaction with name [com.company.project.service.notification.NotificationService.getActiveNotifications]: PROPAGATION_REQUIRED,ISOLATION_DEFAULT,readOnly
2026-03-16 16:53:28 [http-nio-8080-exec-3] DEBUG o.s.orm.jpa.JpaTransactionManager - Opened new EntityManager [SessionImpl(881404528<open>)] for JPA transaction
2026-03-16 16:53:28 [http-nio-8080-exec-3] DEBUG o.s.orm.jpa.JpaTransactionManager - Exposing JPA transaction as JDBC [org.springframework.orm.jpa.vendor.HibernateJpaDialect$HibernateConnectionHandle@3e968dd7]
2026-03-16 16:53:28 [http-nio-8080-exec-3] DEBUG o.s.orm.jpa.JpaTransactionManager - Found thread-bound EntityManager [SessionImpl(881404528<open>)] for JPA transaction
2026-03-16 16:53:28 [http-nio-8080-exec-3] DEBUG o.s.orm.jpa.JpaTransactionManager - Participating in existing transaction
2026-03-16 16:53:28 [http-nio-8080-exec-3] DEBUG org.hibernate.SQL - select n1_0.ntcn_no,n1_0.frst_register_id,n1_0.frst_regist_pnttm,n1_0.is_read,n1_0.last_updusr_id,n1_0.last_updt_pnttm,n1_0.link_url,n1_0.ntcn_cn,n1_0.ntcn_sj,n1_0.receiver_id from n_user_notification n1_0
2026-03-16 16:53:28 [http-nio-8080-exec-9] DEBUG o.s.orm.jpa.JpaTransactionManager - Closing JPA EntityManager [SessionImpl(2042224861<open>)] after transaction
2026-03-16 16:53:28 [http-nio-8080-exec-9] DEBUG c.c.p.s.jwt.JwtAuthenticationFilter - >>> [JwtFilter] Successfully authenticated user: USRCNFRM_99999999999, Authorities: [ROLE_ADMIN]
2026-03-16 16:53:28 [http-nio-8080-exec-9] DEBUG o.s.web.servlet.DispatcherServlet - GET "/api/v1/admin/system/banners/reflected", parameters={}
2026-03-16 16:53:28 [http-nio-8080-exec-9] TRACE o.s.w.s.m.m.a.RequestMappingHandlerMapping - Mapped to com.company.project.api.controller.system.content.banner.BannerApiController#getReflectedBanners()
2026-03-16 16:53:28 [http-nio-8080-exec-9] DEBUG o.s.orm.jpa.JpaTransactionManager - Creating new transaction with name [com.company.project.service.system.content.banner.BannerService.getReflectedBanners]: PROPAGATION_REQUIRED,ISOLATION_DEFAULT,readOnly
2026-03-16 16:53:28 [http-nio-8080-exec-9] DEBUG o.s.orm.jpa.JpaTransactionManager - Opened new EntityManager [SessionImpl(1828883717<open>)] for JPA transaction
2026-03-16 16:53:28 [http-nio-8080-exec-9] DEBUG o.s.orm.jpa.JpaTransactionManager - Exposing JPA transaction as JDBC [org.springframework.orm.jpa.vendor.HibernateJpaDialect$HibernateConnectionHandle@d66ea05]
2026-03-16 16:53:28 [http-nio-8080-exec-9] DEBUG org.hibernate.SQL - select b1_0.banner_id,b1_0.banner_dc,b1_0.banner_image,b1_0.banner_image_file,b1_0.banner_nm,b1_0.frst_register_id,b1_0.frst_regist_pnttm,b1_0.last_updusr_id,b1_0.last_updt_pnttm,b1_0.link_url,b1_0.reflct_at,b1_0.sort_ordr from nbanner b1_0 where b1_0.reflct_at=? order by b1_0.sort_ordr
2026-03-16 16:53:28 [http-nio-8080-exec-1] DEBUG o.s.orm.jpa.JpaTransactionManager - Initiating transaction commit
2026-03-16 16:53:28 [http-nio-8080-exec-1] DEBUG o.s.orm.jpa.JpaTransactionManager - Committing JPA transaction on EntityManager [SessionImpl(1346688171<open>)]
2026-03-16 16:53:28 [http-nio-8080-exec-7] DEBUG o.s.orm.jpa.JpaTransactionManager - Closing JPA EntityManager [SessionImpl(1827214922<open>)] after transaction
2026-03-16 16:53:28 [http-nio-8080-exec-7] DEBUG c.c.p.s.jwt.JwtAuthenticationFilter - >>> [JwtFilter] Successfully authenticated user: USRCNFRM_99999999999, Authorities: [ROLE_ADMIN]
2026-03-16 16:53:28 [http-nio-8080-exec-7] DEBUG o.s.web.servlet.DispatcherServlet - GET "/api/v1/popups/active", parameters={}
2026-03-16 16:53:28 [http-nio-8080-exec-7] TRACE o.s.w.s.m.m.a.RequestMappingHandlerMapping - Mapped to com.company.project.api.controller.system.content.popup.PopupController#getActivePopups()
2026-03-16 16:53:28 [http-nio-8080-exec-7] DEBUG o.s.orm.jpa.JpaTransactionManager - Creating new transaction with name [com.company.project.service.system.content.popup.PopupServiceImpl.getActivePopups]: PROPAGATION_REQUIRED,ISOLATION_DEFAULT,readOnly
2026-03-16 16:53:28 [http-nio-8080-exec-7] DEBUG o.s.orm.jpa.JpaTransactionManager - Opened new EntityManager [SessionImpl(2030351857<open>)] for JPA transaction
2026-03-16 16:53:28 [http-nio-8080-exec-7] DEBUG o.s.orm.jpa.JpaTransactionManager - Exposing JPA transaction as JDBC [org.springframework.orm.jpa.vendor.HibernateJpaDialect$HibernateConnectionHandle@c18b79e]
2026-03-16 16:53:28 [http-nio-8080-exec-7] DEBUG org.hibernate.SQL - select p1_0.popup_id,p1_0.frst_register_id,p1_0.frst_regist_pnttm,p1_0.file_url,p1_0.ntce_at,p1_0.stopvew_setup_at,p1_0.last_updusr_id,p1_0.last_updt_pnttm,p1_0.ntce_bgnde,p1_0.ntce_endde,p1_0.popup_vrticl_lc,p1_0.popup_vrticl_size,p1_0.popup_sj_nm,p1_0.popup_width_lc,p1_0.popup_width_size from npopupmanage p1_0 where p1_0.ntce_at='Y' and ? between p1_0.ntce_bgnde and p1_0.ntce_endde
2026-03-16 16:53:28 [http-nio-8080-exec-3] DEBUG o.s.orm.jpa.JpaTransactionManager - Initiating transaction commit
2026-03-16 16:53:28 [http-nio-8080-exec-3] DEBUG o.s.orm.jpa.JpaTransactionManager - Committing JPA transaction on EntityManager [SessionImpl(881404528<open>)]
2026-03-16 16:53:28 [http-nio-8080-exec-5] DEBUG o.s.orm.jpa.JpaTransactionManager - Found thread-bound EntityManager [SessionImpl(471880550<open>)] for JPA transaction
2026-03-16 16:53:28 [http-nio-8080-exec-5] DEBUG o.s.orm.jpa.JpaTransactionManager - Participating in existing transaction
2026-03-16 16:53:28 [http-nio-8080-exec-5] DEBUG org.hibernate.SQL - select p1_0.progrm_file_nm,p1_0.progrm_dc,p1_0.progrm_korean_nm,p1_0.progrm_stre_path,p1_0.url from nprogrmlist p1_0
2026-03-16 16:53:28 [http-nio-8080-exec-9] DEBUG o.s.orm.jpa.JpaTransactionManager - Initiating transaction commit
2026-03-16 16:53:28 [http-nio-8080-exec-9] DEBUG o.s.orm.jpa.JpaTransactionManager - Committing JPA transaction on EntityManager [SessionImpl(1828883717<open>)]
2026-03-16 16:53:28 [http-nio-8080-exec-1] DEBUG o.s.orm.jpa.JpaTransactionManager - Closing JPA EntityManager [SessionImpl(1346688171<open>)] after transaction
2026-03-16 16:53:28 [http-nio-8080-exec-1] DEBUG o.s.w.s.m.m.a.HttpEntityMethodProcessor - Using 'application/json', given [application/json, text/plain, */*] and supported [application/json, application/*+json, application/yaml]
2026-03-16 16:53:28 [http-nio-8080-exec-1] TRACE o.s.w.s.m.m.a.HttpEntityMethodProcessor - Writing [ApiResponse[success=true, status=200, code=COMMON_001, message=Success, data=0, timestamp=2026-03-16T16:53:28.574358100]]
2026-03-16 16:53:28 [http-nio-8080-exec-1] INFO  c.c.p.a.i.OperationalAuditInterceptor - API Audit Log: URL=/api/v1/notifications/unread-count, User=webmaster, IP=127.0.0.1
2026-03-16 16:53:28 [http-nio-8080-exec-1] DEBUG o.s.web.servlet.DispatcherServlet - Completed 200 OK
2026-03-16 16:53:28 [http-nio-8080-exec-7] DEBUG o.s.orm.jpa.JpaTransactionManager - Initiating transaction commit
2026-03-16 16:53:28 [http-nio-8080-exec-7] DEBUG o.s.orm.jpa.JpaTransactionManager - Committing JPA transaction on EntityManager [SessionImpl(2030351857<open>)]
2026-03-16 16:53:28 [http-nio-8080-exec-2] DEBUG c.c.p.s.jwt.JwtAuthenticationFilter - >>> [JwtFilter] Processing request: GET /api/v1/admin/system/statistics/connect
2026-03-16 16:53:28 [http-nio-8080-exec-2] DEBUG c.c.p.s.jwt.JwtAuthenticationFilter - >>> [JwtFilter] Found token in header for path: /api/v1/admin/system/statistics/connect
2026-03-16 16:53:28 [http-nio-8080-exec-2] DEBUG o.s.orm.jpa.JpaTransactionManager - Creating new transaction with name [com.company.project.security.iam.CustomUserDetailsService.loadUserByUsername]: PROPAGATION_REQUIRED,ISOLATION_DEFAULT,readOnly
2026-03-16 16:53:28 [http-nio-8080-exec-2] DEBUG o.s.orm.jpa.JpaTransactionManager - Opened new EntityManager [SessionImpl(358464506<open>)] for JPA transaction
2026-03-16 16:53:28 [http-nio-8080-exec-3] DEBUG o.s.orm.jpa.JpaTransactionManager - Closing JPA EntityManager [SessionImpl(881404528<open>)] after transaction
2026-03-16 16:53:28 [http-nio-8080-exec-3] DEBUG o.s.w.s.m.m.a.HttpEntityMethodProcessor - Using 'application/json', given [application/json, text/plain, */*] and supported [application/json, application/*+json, application/yaml]
2026-03-16 16:53:28 [http-nio-8080-exec-3] TRACE o.s.w.s.m.m.a.HttpEntityMethodProcessor - Writing [ApiResponse[success=true, status=200, code=COMMON_001, message=Success, data=[NotificationDto(ntfcNo=NT001, ntfcSj=테스트 알림입니다, ntfcCn=알림 내용입니다, ntfcDate=null, ntfcTime=2026-02-25T00:59:33.784070, bhNtfcIntrvl=null, uniqId=null, frstRegisterId=null, frstRegisterPnttm=2026-02-25T00:59:33.784070, lastUpdusrId=null, lastUpdusrPnttm=null)], timestamp=2026-03-16T16:53:28.610304500]]
2026-03-16 16:53:28 [http-nio-8080-exec-3] INFO  c.c.p.a.i.OperationalAuditInterceptor - API Audit Log: URL=/api/v1/notifications, User=webmaster, IP=127.0.0.1
2026-03-16 16:53:28 [http-nio-8080-exec-3] DEBUG o.s.web.servlet.DispatcherServlet - Completed 200 OK
2026-03-16 16:53:28 [http-nio-8080-exec-5] DEBUG o.s.orm.jpa.JpaTransactionManager - Initiating transaction commit
2026-03-16 16:53:28 [http-nio-8080-exec-5] DEBUG o.s.orm.jpa.JpaTransactionManager - Committing JPA transaction on EntityManager [SessionImpl(471880550<open>)]
2026-03-16 16:53:28 [http-nio-8080-exec-9] DEBUG o.s.orm.jpa.JpaTransactionManager - Closing JPA EntityManager [SessionImpl(1828883717<open>)] after transaction
2026-03-16 16:53:28 [http-nio-8080-exec-9] DEBUG o.s.w.s.m.m.a.HttpEntityMethodProcessor - Using 'application/json', given [application/json, text/plain, */*] and supported [application/json, application/*+json, application/yaml]
2026-03-16 16:53:28 [http-nio-8080-exec-9] TRACE o.s.w.s.m.m.a.HttpEntityMethodProcessor - Writing [ApiResponse[success=true, status=200, code=COMMON_001, message=Success, data=[], timestamp=2026-03-16T16:53:28.706965600]]
2026-03-16 16:53:28 [http-nio-8080-exec-9] INFO  c.c.p.a.i.OperationalAuditInterceptor - API Audit Log: URL=/api/v1/admin/system/banners/reflected, User=webmaster, IP=127.0.0.1
2026-03-16 16:53:28 [http-nio-8080-exec-9] DEBUG o.s.web.servlet.DispatcherServlet - Completed 200 OK
2026-03-16 16:53:28 [http-nio-8080-exec-7] DEBUG o.s.orm.jpa.JpaTransactionManager - Closing JPA EntityManager [SessionImpl(2030351857<open>)] after transaction
2026-03-16 16:53:28 [http-nio-8080-exec-7] DEBUG o.s.w.s.m.m.a.HttpEntityMethodProcessor - Using 'application/json', given [application/json, text/plain, */*] and supported [application/json, application/*+json, application/yaml]
2026-03-16 16:53:28 [http-nio-8080-exec-7] TRACE o.s.w.s.m.m.a.HttpEntityMethodProcessor - Writing [ApiResponse[success=true, status=200, code=COMMON_001, message=Success, data=[], timestamp=2026-03-16T16:53:28.747942]]
2026-03-16 16:53:28 [http-nio-8080-exec-7] INFO  c.c.p.a.i.OperationalAuditInterceptor - API Audit Log: URL=/api/v1/popups/active, User=webmaster, IP=127.0.0.1
2026-03-16 16:53:28 [http-nio-8080-exec-7] DEBUG o.s.web.servlet.DispatcherServlet - Completed 200 OK
2026-03-16 16:53:28 [http-nio-8080-exec-2] DEBUG o.s.orm.jpa.JpaTransactionManager - Exposing JPA transaction as JDBC [org.springframework.orm.jpa.vendor.HibernateJpaDialect$HibernateConnectionHandle@3ae17c81]
2026-03-16 16:53:28 [http-nio-8080-exec-2] DEBUG o.s.orm.jpa.JpaTransactionManager - Found thread-bound EntityManager [SessionImpl(358464506<open>)] for JPA transaction
2026-03-16 16:53:28 [http-nio-8080-exec-2] DEBUG o.s.orm.jpa.JpaTransactionManager - Participating in existing transaction
2026-03-16 16:53:28 [http-nio-8080-exec-2] DEBUG org.hibernate.SQL - select u1_0.emplyr_id,u1_0.area_no,u1_0.brthdy,u1_0.chg_pwd_cnt,u1_0.frst_register_id,u1_0.frst_regist_pnttm,u1_0.detail_adres,u1_0.email_adres,u1_0.emplyr_sttus_code,u1_0.empl_no,u1_0.esntl_id,u1_0.fxnum,u1_0.group_id,u1_0.house_adres,u1_0.house_end_telno,u1_0.house_middle_telno,u1_0.ihidnum,u1_0.pstinst_code,u1_0.last_updusr_id,u1_0.last_updt_pnttm,u1_0.lock_at,u1_0.lock_cnt,u1_0.lock_last_pnttm,u1_0.mbtlnum,u1_0.ofcps_nm,u1_0.offm_telno,u1_0.orgnzt_id,u1_0.password,u1_0.password_cnsr,u1_0.password_hint,u1_0.chg_pwd_last_pnttm,u1_0.role,u1_0.sbscrb_de,u1_0.sexdstn_code,u1_0.crtfc_dn_value,u1_0.user_nm,u1_0.zip from nemplyrinfo u1_0 where u1_0.emplyr_id=?
2026-03-16 16:53:28 [http-nio-8080-exec-5] DEBUG o.s.orm.jpa.JpaTransactionManager - Closing JPA EntityManager [SessionImpl(471880550<open>)] after transaction
2026-03-16 16:53:28 [http-nio-8080-exec-5] INFO  c.c.p.a.c.menu.MenuController - getLeftMenu returned 3 items
2026-03-16 16:53:28 [http-nio-8080-exec-5] DEBUG o.s.w.s.m.m.a.HttpEntityMethodProcessor - Using 'application/json', given [application/json, text/plain, */*] and supported [application/json, application/*+json, application/yaml]
2026-03-16 16:53:28 [http-nio-8080-exec-5] TRACE o.s.w.s.m.m.a.HttpEntityMethodProcessor - Writing [ApiResponse[success=true, status=200, code=COMMON_001, message=Success, data={list=[com.company.project.service.menu.dto.MenuDto@78463880, com.company.project.service.menu.dto.MenuDto@6aa0a9f6, com.company.project.service.menu.dto.MenuDto@24d335de]}, timestamp=2026-03-16T16:53:28.852869400]]
2026-03-16 16:53:28 [http-nio-8080-exec-5] INFO  c.c.p.a.i.OperationalAuditInterceptor - API Audit Log: URL=/api/v1/menu/left, User=webmaster, IP=127.0.0.1
2026-03-16 16:53:28 [http-nio-8080-exec-5] DEBUG o.s.web.servlet.DispatcherServlet - Completed 200 OK
2026-03-16 16:53:28 [http-nio-8080-exec-4] DEBUG c.c.p.s.jwt.JwtAuthenticationFilter - >>> [JwtFilter] Processing request: GET /api/v1/menu/left
2026-03-16 16:53:28 [http-nio-8080-exec-4] DEBUG c.c.p.s.jwt.JwtAuthenticationFilter - >>> [JwtFilter] Found token in header for path: /api/v1/menu/left
2026-03-16 16:53:28 [http-nio-8080-exec-4] DEBUG o.s.orm.jpa.JpaTransactionManager - Creating new transaction with name [com.company.project.security.iam.CustomUserDetailsService.loadUserByUsername]: PROPAGATION_REQUIRED,ISOLATION_DEFAULT,readOnly
2026-03-16 16:53:28 [http-nio-8080-exec-4] DEBUG o.s.orm.jpa.JpaTransactionManager - Opened new EntityManager [SessionImpl(833098947<open>)] for JPA transaction
2026-03-16 16:53:28 [http-nio-8080-exec-2] DEBUG o.s.orm.jpa.JpaTransactionManager - Found thread-bound EntityManager [SessionImpl(358464506<open>)] for JPA transaction
2026-03-16 16:53:28 [http-nio-8080-exec-2] DEBUG o.s.orm.jpa.JpaTransactionManager - Participating in existing transaction
2026-03-16 16:53:28 [http-nio-8080-exec-2] DEBUG org.hibernate.SQL - select ua1_0.scrty_dtrmn_trget_id,ua1_0.author_code,ua1_0.frst_register_id,ua1_0.frst_regist_pnttm,ua1_0.last_updusr_id,ua1_0.last_updt_pnttm,ua1_0.mber_ty_code from nemplyrscrtyestbs ua1_0 where ua1_0.scrty_dtrmn_trget_id=?
2026-03-16 16:53:29 [http-nio-8080-exec-4] DEBUG o.s.orm.jpa.JpaTransactionManager - Exposing JPA transaction as JDBC [org.springframework.orm.jpa.vendor.HibernateJpaDialect$HibernateConnectionHandle@a2c64f0]
2026-03-16 16:53:29 [http-nio-8080-exec-4] DEBUG o.s.orm.jpa.JpaTransactionManager - Found thread-bound EntityManager [SessionImpl(833098947<open>)] for JPA transaction
2026-03-16 16:53:29 [http-nio-8080-exec-4] DEBUG o.s.orm.jpa.JpaTransactionManager - Participating in existing transaction
2026-03-16 16:53:29 [http-nio-8080-exec-4] DEBUG org.hibernate.SQL - select u1_0.emplyr_id,u1_0.area_no,u1_0.brthdy,u1_0.chg_pwd_cnt,u1_0.frst_register_id,u1_0.frst_regist_pnttm,u1_0.detail_adres,u1_0.email_adres,u1_0.emplyr_sttus_code,u1_0.empl_no,u1_0.esntl_id,u1_0.fxnum,u1_0.group_id,u1_0.house_adres,u1_0.house_end_telno,u1_0.house_middle_telno,u1_0.ihidnum,u1_0.pstinst_code,u1_0.last_updusr_id,u1_0.last_updt_pnttm,u1_0.lock_at,u1_0.lock_cnt,u1_0.lock_last_pnttm,u1_0.mbtlnum,u1_0.ofcps_nm,u1_0.offm_telno,u1_0.orgnzt_id,u1_0.password,u1_0.password_cnsr,u1_0.password_hint,u1_0.chg_pwd_last_pnttm,u1_0.role,u1_0.sbscrb_de,u1_0.sexdstn_code,u1_0.crtfc_dn_value,u1_0.user_nm,u1_0.zip from nemplyrinfo u1_0 where u1_0.emplyr_id=?
2026-03-16 16:53:29 [http-nio-8080-exec-2] DEBUG o.s.orm.jpa.JpaTransactionManager - Initiating transaction commit
2026-03-16 16:53:29 [http-nio-8080-exec-2] DEBUG o.s.orm.jpa.JpaTransactionManager - Committing JPA transaction on EntityManager [SessionImpl(358464506<open>)]
2026-03-16 16:53:29 [http-nio-8080-exec-6] DEBUG c.c.p.s.jwt.JwtAuthenticationFilter - >>> [JwtFilter] Processing request: GET /api/v1/admin/system/statistics/bbs
2026-03-16 16:53:29 [http-nio-8080-exec-6] DEBUG c.c.p.s.jwt.JwtAuthenticationFilter - >>> [JwtFilter] Found token in header for path: /api/v1/admin/system/statistics/bbs
2026-03-16 16:53:29 [http-nio-8080-exec-6] DEBUG o.s.orm.jpa.JpaTransactionManager - Creating new transaction with name [com.company.project.security.iam.CustomUserDetailsService.loadUserByUsername]: PROPAGATION_REQUIRED,ISOLATION_DEFAULT,readOnly
2026-03-16 16:53:29 [http-nio-8080-exec-6] DEBUG o.s.orm.jpa.JpaTransactionManager - Opened new EntityManager [SessionImpl(1830475464<open>)] for JPA transaction
2026-03-16 16:53:29 [http-nio-8080-exec-4] DEBUG o.s.orm.jpa.JpaTransactionManager - Found thread-bound EntityManager [SessionImpl(833098947<open>)] for JPA transaction
2026-03-16 16:53:29 [http-nio-8080-exec-4] DEBUG o.s.orm.jpa.JpaTransactionManager - Participating in existing transaction
2026-03-16 16:53:29 [http-nio-8080-exec-4] DEBUG org.hibernate.SQL - select ua1_0.scrty_dtrmn_trget_id,ua1_0.author_code,ua1_0.frst_register_id,ua1_0.frst_regist_pnttm,ua1_0.last_updusr_id,ua1_0.last_updt_pnttm,ua1_0.mber_ty_code from nemplyrscrtyestbs ua1_0 where ua1_0.scrty_dtrmn_trget_id=?
2026-03-16 16:53:29 [http-nio-8080-exec-2] DEBUG o.s.orm.jpa.JpaTransactionManager - Closing JPA EntityManager [SessionImpl(358464506<open>)] after transaction
2026-03-16 16:53:29 [http-nio-8080-exec-2] DEBUG c.c.p.s.jwt.JwtAuthenticationFilter - >>> [JwtFilter] Successfully authenticated user: USRCNFRM_99999999999, Authorities: [ROLE_ADMIN]
2026-03-16 16:53:29 [http-nio-8080-exec-2] DEBUG o.s.web.servlet.DispatcherServlet - GET "/api/v1/admin/system/statistics/connect?statsKind=SERVICE", parameters={masked}
2026-03-16 16:53:29 [http-nio-8080-exec-2] DEBUG o.s.w.s.h.SimpleUrlHandlerMapping - Mapped to ResourceHttpRequestHandler [classpath [META-INF/resources/], classpath [resources/], classpath [static/], classpath [public/], ServletContext [/]]
2026-03-16 16:53:29 [http-nio-8080-exec-2] DEBUG o.s.w.s.r.ResourceHttpRequestHandler - Resource not found
2026-03-16 16:53:29 [http-nio-8080-exec-2] DEBUG o.s.w.s.m.m.a.ExceptionHandlerExceptionResolver - Using @ExceptionHandler com.company.project.core.exception.GlobalExceptionHandler#handleException(Exception)
2026-03-16 16:53:29 [http-nio-8080-exec-2] ERROR c.c.p.c.e.GlobalExceptionHandler - >>> Internal Server Error: No static resource api/v1/admin/system/statistics/connect.
org.springframework.web.servlet.resource.NoResourceFoundException: No static resource api/v1/admin/system/statistics/connect.
	at org.springframework.web.servlet.resource.ResourceHttpRequestHandler.handleRequest(ResourceHttpRequestHandler.java:585)
	at org.springframework.web.servlet.mvc.HttpRequestHandlerAdapter.handle(HttpRequestHandlerAdapter.java:52)
	at org.springframework.web.servlet.DispatcherServlet.doDispatch(DispatcherServlet.java:1088)
	at org.springframework.web.servlet.DispatcherServlet.doService(DispatcherServlet.java:978)
	at org.springframework.web.servlet.FrameworkServlet.processRequest(FrameworkServlet.java:1014)
	at org.springframework.web.servlet.FrameworkServlet.doGet(FrameworkServlet.java:903)
	at jakarta.servlet.http.HttpServlet.service(HttpServlet.java:527)
	at org.springframework.web.servlet.FrameworkServlet.service(FrameworkServlet.java:885)
	at jakarta.servlet.http.HttpServlet.service(HttpServlet.java:614)
	at org.apache.catalina.core.ApplicationFilterChain.internalDoFilter(ApplicationFilterChain.java:195)
	at org.apache.catalina.core.ApplicationFilterChain.doFilter(ApplicationFilterChain.java:140)
	at org.apache.tomcat.websocket.server.WsFilter.doFilter(WsFilter.java:51)
	at org.apache.catalina.core.ApplicationFilterChain.internalDoFilter(ApplicationFilterChain.java:164)
	at org.apache.catalina.core.ApplicationFilterChain.doFilter(ApplicationFilterChain.java:140)
	at org.springframework.web.filter.CompositeFilter$VirtualFilterChain.doFilter(CompositeFilter.java:108)
	at org.springframework.security.web.FilterChainProxy.lambda$doFilterInternal$3(FilterChainProxy.java:231)
	at org.springframework.security.web.ObservationFilterChainDecorator$FilterObservation$SimpleFilterObservation.lambda$wrap$1(ObservationFilterChainDecorator.java:479)
	at org.springframework.security.web.ObservationFilterChainDecorator$AroundFilterObservation$SimpleAroundFilterObservation.lambda$wrap$1(ObservationFilterChainDecorator.java:340)
	at org.springframework.security.web.ObservationFilterChainDecorator.lambda$wrapSecured$0(ObservationFilterChainDecorator.java:82)
	at org.springframework.security.web.ObservationFilterChainDecorator$VirtualFilterChain.doFilter(ObservationFilterChainDecorator.java:128)
	at org.springframework.security.web.access.intercept.AuthorizationFilter.doFilter(AuthorizationFilter.java:101)
	at org.springframework.security.web.ObservationFilterChainDecorator$ObservationFilter.wrapFilter(ObservationFilterChainDecorator.java:240)
	at org.springframework.security.web.ObservationFilterChainDecorator$ObservationFilter.doFilter(ObservationFilterChainDecorator.java:227)
	at org.springframework.security.web.ObservationFilterChainDecorator$VirtualFilterChain.doFilter(ObservationFilterChainDecorator.java:137)
	at org.springframework.security.web.access.ExceptionTranslationFilter.doFilter(ExceptionTranslationFilter.java:126)
	at org.springframework.security.web.access.ExceptionTranslationFilter.doFilter(ExceptionTranslationFilter.java:120)
	at org.springframework.security.web.ObservationFilterChainDecorator$ObservationFilter.wrapFilter(ObservationFilterChainDecorator.java:240)
	at org.springframework.security.web.ObservationFilterChainDecorator$ObservationFilter.doFilter(ObservationFilterChainDecorator.java:227)
	at org.springframework.security.web.ObservationFilterChainDecorator$VirtualFilterChain.doFilter(ObservationFilterChainDecorator.java:137)
	at org.springframework.security.web.session.SessionManagementFilter.doFilter(SessionManagementFilter.java:131)
	at org.springframework.security.web.session.SessionManagementFilter.doFilter(SessionManagementFilter.java:85)
	at org.springframework.security.web.ObservationFilterChainDecorator$ObservationFilter.wrapFilter(ObservationFilterChainDecorator.java:240)
	at org.springframework.security.web.ObservationFilterChainDecorator$ObservationFilter.doFilter(ObservationFilterChainDecorator.java:227)
	at org.springframework.security.web.ObservationFilterChainDecorator$VirtualFilterChain.doFilter(ObservationFilterChainDecorator.java:137)
	at org.springframework.security.web.authentication.AnonymousAuthenticationFilter.doFilter(AnonymousAuthenticationFilter.java:100)
	at org.springframework.security.web.ObservationFilterChainDecorator$ObservationFilter.wrapFilter(ObservationFilterChainDecorator.java:240)
	at org.springframework.security.web.ObservationFilterChainDecorator$ObservationFilter.doFilter(ObservationFilterChainDecorator.java:227)
	at org.springframework.security.web.ObservationFilterChainDecorator$VirtualFilterChain.doFilter(ObservationFilterChainDecorator.java:137)
	at org.springframework.security.web.servletapi.SecurityContextHolderAwareRequestFilter.doFilter(SecurityContextHolderAwareRequestFilter.java:179)
	at org.springframework.security.web.ObservationFilterChainDecorator$ObservationFilter.wrapFilter(ObservationFilterChainDecorator.java:240)
	at org.springframework.security.web.ObservationFilterChainDecorator$ObservationFilter.doFilter(ObservationFilterChainDecorator.java:227)
	at org.springframework.security.web.ObservationFilterChainDecorator$VirtualFilterChain.doFilter(ObservationFilterChainDecorator.java:137)
	at org.springframework.security.web.savedrequest.RequestCacheAwareFilter.doFilter(RequestCacheAwareFilter.java:63)
	at org.springframework.security.web.ObservationFilterChainDecorator$ObservationFilter.wrapFilter(ObservationFilterChainDecorator.java:240)
	at org.springframework.security.web.ObservationFilterChainDecorator$ObservationFilter.doFilter(ObservationFilterChainDecorator.java:227)
	at org.springframework.security.web.ObservationFilterChainDecorator$VirtualFilterChain.doFilter(ObservationFilterChainDecorator.java:137)
	at com.company.project.security.jwt.JwtAuthenticationFilter.doFilterInternal(JwtAuthenticationFilter.java:52)
	at org.springframework.web.filter.OncePerRequestFilter.doFilter(OncePerRequestFilter.java:116)
	at org.springframework.security.web.ObservationFilterChainDecorator$ObservationFilter.wrapFilter(ObservationFilterChainDecorator.java:240)
	at org.springframework.security.web.ObservationFilterChainDecorator$ObservationFilter.doFilter(ObservationFilterChainDecorator.java:227)
	at org.springframework.security.web.ObservationFilterChainDecorator$VirtualFilterChain.doFilter(ObservationFilterChainDecorator.java:137)
	at org.springframework.security.web.authentication.logout.LogoutFilter.doFilter(LogoutFilter.java:107)
	at org.springframework.security.web.authentication.logout.LogoutFilter.doFilter(LogoutFilter.java:93)
	at org.springframework.security.web.ObservationFilterChainDecorator$ObservationFilter.wrapFilter(ObservationFilterChainDecorator.java:240)
	at org.springframework.security.web.ObservationFilterChainDecorator$ObservationFilter.doFilter(ObservationFilterChainDecorator.java:227)
	at org.springframework.security.web.ObservationFilterChainDecorator$VirtualFilterChain.doFilter(ObservationFilterChainDecorator.java:137)
	at org.springframework.web.filter.CorsFilter.doFilterInternal(CorsFilter.java:91)
	at org.springframework.web.filter.OncePerRequestFilter.doFilter(OncePerRequestFilter.java:116)
	at org.springframework.security.web.ObservationFilterChainDecorator$ObservationFilter.wrapFilter(ObservationFilterChainDecorator.java:240)
	at org.springframework.security.web.ObservationFilterChainDecorator$ObservationFilter.doFilter(ObservationFilterChainDecorator.java:227)
	at org.springframework.security.web.ObservationFilterChainDecorator$VirtualFilterChain.doFilter(ObservationFilterChainDecorator.java:137)
	at org.springframework.security.web.header.HeaderWriterFilter.doHeadersAfter(HeaderWriterFilter.java:90)
	at org.springframework.security.web.header.HeaderWriterFilter.doFilterInternal(HeaderWriterFilter.java:75)
	at org.springframework.web.filter.OncePerRequestFilter.doFilter(OncePerRequestFilter.java:116)
	at org.springframework.security.web.ObservationFilterChainDecorator$ObservationFilter.wrapFilter(ObservationFilterChainDecorator.java:240)
	at org.springframework.security.web.ObservationFilterChainDecorator$ObservationFilter.doFilter(ObservationFilterChainDecorator.java:227)
	at org.springframework.security.web.ObservationFilterChainDecorator$VirtualFilterChain.doFilter(ObservationFilterChainDecorator.java:137)
	at org.springframework.security.web.context.SecurityContextHolderFilter.doFilter(SecurityContextHolderFilter.java:82)
	at org.springframework.security.web.context.SecurityContextHolderFilter.doFilter(SecurityContextHolderFilter.java:69)
	at org.springframework.security.web.ObservationFilterChainDecorator$ObservationFilter.wrapFilter(ObservationFilterChainDecorator.java:240)
	at org.springframework.security.web.ObservationFilterChainDecorator$ObservationFilter.doFilter(ObservationFilterChainDecorator.java:227)
	at org.springframework.security.web.ObservationFilterChainDecorator$VirtualFilterChain.doFilter(ObservationFilterChainDecorator.java:137)
	at org.springframework.security.web.context.request.async.WebAsyncManagerIntegrationFilter.doFilterInternal(WebAsyncManagerIntegrationFilter.java:62)
	at org.springframework.web.filter.OncePerRequestFilter.doFilter(OncePerRequestFilter.java:116)
	at org.springframework.security.web.ObservationFilterChainDecorator$ObservationFilter.wrapFilter(ObservationFilterChainDecorator.java:240)
	at org.springframework.security.web.ObservationFilterChainDecorator$ObservationFilter.doFilter(ObservationFilterChainDecorator.java:227)
	at org.springframework.security.web.ObservationFilterChainDecorator$VirtualFilterChain.doFilter(ObservationFilterChainDecorator.java:137)
	at org.springframework.security.web.session.DisableEncodeUrlFilter.doFilterInternal(DisableEncodeUrlFilter.java:42)
	at org.springframework.web.filter.OncePerRequestFilter.doFilter(OncePerRequestFilter.java:116)
	at org.springframework.security.web.ObservationFilterChainDecorator$ObservationFilter.wrapFilter(ObservationFilterChainDecorator.java:240)
	at org.springframework.security.web.ObservationFilterChainDecorator$AroundFilterObservation$SimpleAroundFilterObservation.lambda$wrap$0(ObservationFilterChainDecorator.java:323)
	at org.springframework.security.web.ObservationFilterChainDecorator$ObservationFilter.doFilter(ObservationFilterChainDecorator.java:224)
	at org.springframework.security.web.ObservationFilterChainDecorator$VirtualFilterChain.doFilter(ObservationFilterChainDecorator.java:137)
	at org.springframework.security.web.FilterChainProxy.doFilterInternal(FilterChainProxy.java:233)
	at org.springframework.security.web.FilterChainProxy.doFilter(FilterChainProxy.java:191)
	at org.springframework.web.filter.CompositeFilter$VirtualFilterChain.doFilter(CompositeFilter.java:113)
	at org.springframework.web.servlet.handler.HandlerMappingIntrospector.lambda$createCacheFilter$3(HandlerMappingIntrospector.java:243)
	at org.springframework.web.filter.CompositeFilter$VirtualFilterChain.doFilter(CompositeFilter.java:113)
	at org.springframework.web.filter.CompositeFilter.doFilter(CompositeFilter.java:74)
	at org.springframework.security.config.annotation.web.configuration.WebMvcSecurityConfiguration$CompositeFilterChainProxy.doFilter(WebMvcSecurityConfiguration.java:238)
	at org.springframework.web.filter.DelegatingFilterProxy.invokeDelegate(DelegatingFilterProxy.java:362)
	at org.springframework.web.filter.DelegatingFilterProxy.doFilter(DelegatingFilterProxy.java:278)
	at org.apache.catalina.core.ApplicationFilterChain.internalDoFilter(ApplicationFilterChain.java:164)
	at org.apache.catalina.core.ApplicationFilterChain.doFilter(ApplicationFilterChain.java:140)
	at org.springframework.web.filter.RequestContextFilter.doFilterInternal(RequestContextFilter.java:100)
	at org.springframework.web.filter.OncePerRequestFilter.doFilter(OncePerRequestFilter.java:116)
	at org.apache.catalina.core.ApplicationFilterChain.internalDoFilter(ApplicationFilterChain.java:164)
	at org.apache.catalina.core.ApplicationFilterChain.doFilter(ApplicationFilterChain.java:140)
	at org.springframework.web.filter.FormContentFilter.doFilterInternal(FormContentFilter.java:93)
	at org.springframework.web.filter.OncePerRequestFilter.doFilter(OncePerRequestFilter.java:116)
	at org.apache.catalina.core.ApplicationFilterChain.internalDoFilter(ApplicationFilterChain.java:164)
	at org.apache.catalina.core.ApplicationFilterChain.doFilter(ApplicationFilterChain.java:140)
	at org.springframework.web.filter.ServerHttpObservationFilter.doFilterInternal(ServerHttpObservationFilter.java:114)
	at org.springframework.web.filter.OncePerRequestFilter.doFilter(OncePerRequestFilter.java:116)
	at org.apache.catalina.core.ApplicationFilterChain.internalDoFilter(ApplicationFilterChain.java:164)
	at org.apache.catalina.core.ApplicationFilterChain.doFilter(ApplicationFilterChain.java:140)
	at org.springframework.web.filter.CharacterEncodingFilter.doFilterInternal(CharacterEncodingFilter.java:201)
	at org.springframework.web.filter.OncePerRequestFilter.doFilter(OncePerRequestFilter.java:116)
	at org.apache.catalina.core.ApplicationFilterChain.internalDoFilter(ApplicationFilterChain.java:164)
	at org.apache.catalina.core.ApplicationFilterChain.doFilter(ApplicationFilterChain.java:140)
	at org.apache.catalina.core.StandardWrapperValve.invoke(StandardWrapperValve.java:167)
	at org.apache.catalina.core.StandardContextValve.invoke(StandardContextValve.java:90)
	at org.apache.catalina.authenticator.AuthenticatorBase.invoke(AuthenticatorBase.java:483)
	at org.apache.catalina.core.StandardHostValve.invoke(StandardHostValve.java:115)
	at org.apache.catalina.valves.ErrorReportValve.invoke(ErrorReportValve.java:93)
	at org.apache.catalina.core.StandardEngineValve.invoke(StandardEngineValve.java:74)
	at org.apache.catalina.connector.CoyoteAdapter.service(CoyoteAdapter.java:344)
	at org.apache.coyote.http11.Http11Processor.service(Http11Processor.java:397)
	at org.apache.coyote.AbstractProcessorLight.process(AbstractProcessorLight.java:63)
	at org.apache.coyote.AbstractProtocol$ConnectionHandler.process(AbstractProtocol.java:905)
	at org.apache.tomcat.util.net.NioEndpoint$SocketProcessor.doRun(NioEndpoint.java:1741)
	at org.apache.tomcat.util.net.SocketProcessorBase.run(SocketProcessorBase.java:52)
	at org.apache.tomcat.util.threads.ThreadPoolExecutor.runWorker(ThreadPoolExecutor.java:1190)
	at org.apache.tomcat.util.threads.ThreadPoolExecutor$Worker.run(ThreadPoolExecutor.java:659)
	at org.apache.tomcat.util.threads.TaskThread$WrappingRunnable.run(TaskThread.java:63)
	at java.base/java.lang.Thread.run(Thread.java:1583)
2026-03-16 16:53:29 [http-nio-8080-exec-2] DEBUG o.s.w.s.m.m.a.HttpEntityMethodProcessor - Using 'application/json', given [application/json, text/plain, */*] and supported [application/json, application/*+json, application/yaml]
2026-03-16 16:53:29 [http-nio-8080-exec-2] TRACE o.s.w.s.m.m.a.HttpEntityMethodProcessor - Writing [ApiResponse[success=false, status=500, code=C004, message=예기치 않은 서버 오류가 발생했습니다., data=null, timestamp=2026-03-16T16:53:29.204647900]]
2026-03-16 16:53:29 [http-nio-8080-exec-2] DEBUG o.s.w.s.m.m.a.ExceptionHandlerExceptionResolver - Resolved [org.springframework.web.servlet.resource.NoResourceFoundException: No static resource api/v1/admin/system/statistics/connect.]
2026-03-16 16:53:29 [http-nio-8080-exec-2] DEBUG o.s.web.servlet.DispatcherServlet - Completed 500 INTERNAL_SERVER_ERROR
2026-03-16 16:53:29 [http-nio-8080-exec-6] DEBUG o.s.orm.jpa.JpaTransactionManager - Exposing JPA transaction as JDBC [org.springframework.orm.jpa.vendor.HibernateJpaDialect$HibernateConnectionHandle@73dac188]
2026-03-16 16:53:29 [http-nio-8080-exec-6] DEBUG o.s.orm.jpa.JpaTransactionManager - Found thread-bound EntityManager [SessionImpl(1830475464<open>)] for JPA transaction
2026-03-16 16:53:29 [http-nio-8080-exec-6] DEBUG o.s.orm.jpa.JpaTransactionManager - Participating in existing transaction
2026-03-16 16:53:29 [http-nio-8080-exec-6] DEBUG org.hibernate.SQL - select u1_0.emplyr_id,u1_0.area_no,u1_0.brthdy,u1_0.chg_pwd_cnt,u1_0.frst_register_id,u1_0.frst_regist_pnttm,u1_0.detail_adres,u1_0.email_adres,u1_0.emplyr_sttus_code,u1_0.empl_no,u1_0.esntl_id,u1_0.fxnum,u1_0.group_id,u1_0.house_adres,u1_0.house_end_telno,u1_0.house_middle_telno,u1_0.ihidnum,u1_0.pstinst_code,u1_0.last_updusr_id,u1_0.last_updt_pnttm,u1_0.lock_at,u1_0.lock_cnt,u1_0.lock_last_pnttm,u1_0.mbtlnum,u1_0.ofcps_nm,u1_0.offm_telno,u1_0.orgnzt_id,u1_0.password,u1_0.password_cnsr,u1_0.password_hint,u1_0.chg_pwd_last_pnttm,u1_0.role,u1_0.sbscrb_de,u1_0.sexdstn_code,u1_0.crtfc_dn_value,u1_0.user_nm,u1_0.zip from nemplyrinfo u1_0 where u1_0.emplyr_id=?
2026-03-16 16:53:29 [http-nio-8080-exec-4] DEBUG o.s.orm.jpa.JpaTransactionManager - Initiating transaction commit
2026-03-16 16:53:29 [http-nio-8080-exec-4] DEBUG o.s.orm.jpa.JpaTransactionManager - Committing JPA transaction on EntityManager [SessionImpl(833098947<open>)]
2026-03-16 16:53:29 [http-nio-8080-exec-6] DEBUG o.s.orm.jpa.JpaTransactionManager - Found thread-bound EntityManager [SessionImpl(1830475464<open>)] for JPA transaction
2026-03-16 16:53:29 [http-nio-8080-exec-6] DEBUG o.s.orm.jpa.JpaTransactionManager - Participating in existing transaction
2026-03-16 16:53:29 [http-nio-8080-exec-6] DEBUG org.hibernate.SQL - select ua1_0.scrty_dtrmn_trget_id,ua1_0.author_code,ua1_0.frst_register_id,ua1_0.frst_regist_pnttm,ua1_0.last_updusr_id,ua1_0.last_updt_pnttm,ua1_0.mber_ty_code from nemplyrscrtyestbs ua1_0 where ua1_0.scrty_dtrmn_trget_id=?
2026-03-16 16:53:29 [http-nio-8080-exec-4] DEBUG o.s.orm.jpa.JpaTransactionManager - Closing JPA EntityManager [SessionImpl(833098947<open>)] after transaction
2026-03-16 16:53:29 [http-nio-8080-exec-4] DEBUG c.c.p.s.jwt.JwtAuthenticationFilter - >>> [JwtFilter] Successfully authenticated user: USRCNFRM_99999999999, Authorities: [ROLE_ADMIN]
2026-03-16 16:53:29 [http-nio-8080-exec-4] DEBUG o.s.web.servlet.DispatcherServlet - GET "/api/v1/menu/left?menuNo=40", parameters={masked}
2026-03-16 16:53:29 [http-nio-8080-exec-4] TRACE o.s.w.s.m.m.a.RequestMappingHandlerMapping - Mapped to com.company.project.api.controller.menu.MenuController#getLeftMenu(Long)
2026-03-16 16:53:29 [http-nio-8080-exec-4] INFO  c.c.p.a.c.menu.MenuController - getLeftMenu called with menuNo=40
2026-03-16 16:53:29 [http-nio-8080-exec-4] DEBUG o.s.orm.jpa.JpaTransactionManager - Creating new transaction with name [com.company.project.service.menu.MenuService.getSubMenus]: PROPAGATION_REQUIRED,ISOLATION_DEFAULT,readOnly
2026-03-16 16:53:29 [http-nio-8080-exec-4] DEBUG o.s.orm.jpa.JpaTransactionManager - Opened new EntityManager [SessionImpl(1438390146<open>)] for JPA transaction
2026-03-16 16:53:29 [http-nio-8080-exec-4] DEBUG o.s.orm.jpa.JpaTransactionManager - Exposing JPA transaction as JDBC [org.springframework.orm.jpa.vendor.HibernateJpaDialect$HibernateConnectionHandle@178215c4]
2026-03-16 16:53:29 [http-nio-8080-exec-4] DEBUG org.hibernate.SQL - select m1_0.menu_no,m1_0.menu_dc,m1_0.menu_nm,m1_0.menu_ordr,m1_0.modern_route,m1_0.progrm_file_nm,m1_0.relate_image_nm,m1_0.relate_image_path,m1_0.route_updated_at,m1_0.upper_menu_no from nmenuinfo m1_0 order by m1_0.upper_menu_no,m1_0.menu_ordr
2026-03-16 16:53:29 [http-nio-8080-exec-6] DEBUG o.s.orm.jpa.JpaTransactionManager - Initiating transaction commit
2026-03-16 16:53:29 [http-nio-8080-exec-6] DEBUG o.s.orm.jpa.JpaTransactionManager - Committing JPA transaction on EntityManager [SessionImpl(1830475464<open>)]
2026-03-16 16:53:29 [http-nio-8080-exec-6] DEBUG o.s.orm.jpa.JpaTransactionManager - Closing JPA EntityManager [SessionImpl(1830475464<open>)] after transaction
2026-03-16 16:53:29 [http-nio-8080-exec-6] DEBUG c.c.p.s.jwt.JwtAuthenticationFilter - >>> [JwtFilter] Successfully authenticated user: USRCNFRM_99999999999, Authorities: [ROLE_ADMIN]
2026-03-16 16:53:29 [http-nio-8080-exec-6] DEBUG o.s.web.servlet.DispatcherServlet - GET "/api/v1/admin/system/statistics/bbs?statsKind=COM101", parameters={masked}
2026-03-16 16:53:29 [http-nio-8080-exec-6] DEBUG o.s.w.s.h.SimpleUrlHandlerMapping - Mapped to ResourceHttpRequestHandler [classpath [META-INF/resources/], classpath [resources/], classpath [static/], classpath [public/], ServletContext [/]]
2026-03-16 16:53:29 [http-nio-8080-exec-6] DEBUG o.s.w.s.r.ResourceHttpRequestHandler - Resource not found
2026-03-16 16:53:29 [http-nio-8080-exec-6] DEBUG o.s.w.s.m.m.a.ExceptionHandlerExceptionResolver - Using @ExceptionHandler com.company.project.core.exception.GlobalExceptionHandler#handleException(Exception)
2026-03-16 16:53:29 [http-nio-8080-exec-6] ERROR c.c.p.c.e.GlobalExceptionHandler - >>> Internal Server Error: No static resource api/v1/admin/system/statistics/bbs.
org.springframework.web.servlet.resource.NoResourceFoundException: No static resource api/v1/admin/system/statistics/bbs.
	at org.springframework.web.servlet.resource.ResourceHttpRequestHandler.handleRequest(ResourceHttpRequestHandler.java:585)
	at org.springframework.web.servlet.mvc.HttpRequestHandlerAdapter.handle(HttpRequestHandlerAdapter.java:52)
	at org.springframework.web.servlet.DispatcherServlet.doDispatch(DispatcherServlet.java:1088)
	at org.springframework.web.servlet.DispatcherServlet.doService(DispatcherServlet.java:978)
	at org.springframework.web.servlet.FrameworkServlet.processRequest(FrameworkServlet.java:1014)
	at org.springframework.web.servlet.FrameworkServlet.doGet(FrameworkServlet.java:903)
	at jakarta.servlet.http.HttpServlet.service(HttpServlet.java:527)
	at org.springframework.web.servlet.FrameworkServlet.service(FrameworkServlet.java:885)
	at jakarta.servlet.http.HttpServlet.service(HttpServlet.java:614)
	at org.apache.catalina.core.ApplicationFilterChain.internalDoFilter(ApplicationFilterChain.java:195)
	at org.apache.catalina.core.ApplicationFilterChain.doFilter(ApplicationFilterChain.java:140)
	at org.apache.tomcat.websocket.server.WsFilter.doFilter(WsFilter.java:51)
	at org.apache.catalina.core.ApplicationFilterChain.internalDoFilter(ApplicationFilterChain.java:164)
	at org.apache.catalina.core.ApplicationFilterChain.doFilter(ApplicationFilterChain.java:140)
	at org.springframework.web.filter.CompositeFilter$VirtualFilterChain.doFilter(CompositeFilter.java:108)
	at org.springframework.security.web.FilterChainProxy.lambda$doFilterInternal$3(FilterChainProxy.java:231)
	at org.springframework.security.web.ObservationFilterChainDecorator$FilterObservation$SimpleFilterObservation.lambda$wrap$1(ObservationFilterChainDecorator.java:479)
	at org.springframework.security.web.ObservationFilterChainDecorator$AroundFilterObservation$SimpleAroundFilterObservation.lambda$wrap$1(ObservationFilterChainDecorator.java:340)
	at org.springframework.security.web.ObservationFilterChainDecorator.lambda$wrapSecured$0(ObservationFilterChainDecorator.java:82)
	at org.springframework.security.web.ObservationFilterChainDecorator$VirtualFilterChain.doFilter(ObservationFilterChainDecorator.java:128)
	at org.springframework.security.web.access.intercept.AuthorizationFilter.doFilter(AuthorizationFilter.java:101)
	at org.springframework.security.web.ObservationFilterChainDecorator$ObservationFilter.wrapFilter(ObservationFilterChainDecorator.java:240)
	at org.springframework.security.web.ObservationFilterChainDecorator$ObservationFilter.doFilter(ObservationFilterChainDecorator.java:227)
	at org.springframework.security.web.ObservationFilterChainDecorator$VirtualFilterChain.doFilter(ObservationFilterChainDecorator.java:137)
	at org.springframework.security.web.access.ExceptionTranslationFilter.doFilter(ExceptionTranslationFilter.java:126)
	at org.springframework.security.web.access.ExceptionTranslationFilter.doFilter(ExceptionTranslationFilter.java:120)
	at org.springframework.security.web.ObservationFilterChainDecorator$ObservationFilter.wrapFilter(ObservationFilterChainDecorator.java:240)
	at org.springframework.security.web.ObservationFilterChainDecorator$ObservationFilter.doFilter(ObservationFilterChainDecorator.java:227)
	at org.springframework.security.web.ObservationFilterChainDecorator$VirtualFilterChain.doFilter(ObservationFilterChainDecorator.java:137)
	at org.springframework.security.web.session.SessionManagementFilter.doFilter(SessionManagementFilter.java:131)
	at org.springframework.security.web.session.SessionManagementFilter.doFilter(SessionManagementFilter.java:85)
	at org.springframework.security.web.ObservationFilterChainDecorator$ObservationFilter.wrapFilter(ObservationFilterChainDecorator.java:240)
	at org.springframework.security.web.ObservationFilterChainDecorator$ObservationFilter.doFilter(ObservationFilterChainDecorator.java:227)
	at org.springframework.security.web.ObservationFilterChainDecorator$VirtualFilterChain.doFilter(ObservationFilterChainDecorator.java:137)
	at org.springframework.security.web.authentication.AnonymousAuthenticationFilter.doFilter(AnonymousAuthenticationFilter.java:100)
	at org.springframework.security.web.ObservationFilterChainDecorator$ObservationFilter.wrapFilter(ObservationFilterChainDecorator.java:240)
	at org.springframework.security.web.ObservationFilterChainDecorator$ObservationFilter.doFilter(ObservationFilterChainDecorator.java:227)
	at org.springframework.security.web.ObservationFilterChainDecorator$VirtualFilterChain.doFilter(ObservationFilterChainDecorator.java:137)
	at org.springframework.security.web.servletapi.SecurityContextHolderAwareRequestFilter.doFilter(SecurityContextHolderAwareRequestFilter.java:179)
	at org.springframework.security.web.ObservationFilterChainDecorator$ObservationFilter.wrapFilter(ObservationFilterChainDecorator.java:240)
	at org.springframework.security.web.ObservationFilterChainDecorator$ObservationFilter.doFilter(ObservationFilterChainDecorator.java:227)
	at org.springframework.security.web.ObservationFilterChainDecorator$VirtualFilterChain.doFilter(ObservationFilterChainDecorator.java:137)
	at org.springframework.security.web.savedrequest.RequestCacheAwareFilter.doFilter(RequestCacheAwareFilter.java:63)
	at org.springframework.security.web.ObservationFilterChainDecorator$ObservationFilter.wrapFilter(ObservationFilterChainDecorator.java:240)
	at org.springframework.security.web.ObservationFilterChainDecorator$ObservationFilter.doFilter(ObservationFilterChainDecorator.java:227)
	at org.springframework.security.web.ObservationFilterChainDecorator$VirtualFilterChain.doFilter(ObservationFilterChainDecorator.java:137)
	at com.company.project.security.jwt.JwtAuthenticationFilter.doFilterInternal(JwtAuthenticationFilter.java:52)
	at org.springframework.web.filter.OncePerRequestFilter.doFilter(OncePerRequestFilter.java:116)
	at org.springframework.security.web.ObservationFilterChainDecorator$ObservationFilter.wrapFilter(ObservationFilterChainDecorator.java:240)
	at org.springframework.security.web.ObservationFilterChainDecorator$ObservationFilter.doFilter(ObservationFilterChainDecorator.java:227)
	at org.springframework.security.web.ObservationFilterChainDecorator$VirtualFilterChain.doFilter(ObservationFilterChainDecorator.java:137)
	at org.springframework.security.web.authentication.logout.LogoutFilter.doFilter(LogoutFilter.java:107)
	at org.springframework.security.web.authentication.logout.LogoutFilter.doFilter(LogoutFilter.java:93)
	at org.springframework.security.web.ObservationFilterChainDecorator$ObservationFilter.wrapFilter(ObservationFilterChainDecorator.java:240)
	at org.springframework.security.web.ObservationFilterChainDecorator$ObservationFilter.doFilter(ObservationFilterChainDecorator.java:227)
	at org.springframework.security.web.ObservationFilterChainDecorator$VirtualFilterChain.doFilter(ObservationFilterChainDecorator.java:137)
	at org.springframework.web.filter.CorsFilter.doFilterInternal(CorsFilter.java:91)
	at org.springframework.web.filter.OncePerRequestFilter.doFilter(OncePerRequestFilter.java:116)
	at org.springframework.security.web.ObservationFilterChainDecorator$ObservationFilter.wrapFilter(ObservationFilterChainDecorator.java:240)
	at org.springframework.security.web.ObservationFilterChainDecorator$ObservationFilter.doFilter(ObservationFilterChainDecorator.java:227)
	at org.springframework.security.web.ObservationFilterChainDecorator$VirtualFilterChain.doFilter(ObservationFilterChainDecorator.java:137)
	at org.springframework.security.web.header.HeaderWriterFilter.doHeadersAfter(HeaderWriterFilter.java:90)
	at org.springframework.security.web.header.HeaderWriterFilter.doFilterInternal(HeaderWriterFilter.java:75)
	at org.springframework.web.filter.OncePerRequestFilter.doFilter(OncePerRequestFilter.java:116)
	at org.springframework.security.web.ObservationFilterChainDecorator$ObservationFilter.wrapFilter(ObservationFilterChainDecorator.java:240)
	at org.springframework.security.web.ObservationFilterChainDecorator$ObservationFilter.doFilter(ObservationFilterChainDecorator.java:227)
	at org.springframework.security.web.ObservationFilterChainDecorator$VirtualFilterChain.doFilter(ObservationFilterChainDecorator.java:137)
	at org.springframework.security.web.context.SecurityContextHolderFilter.doFilter(SecurityContextHolderFilter.java:82)
	at org.springframework.security.web.context.SecurityContextHolderFilter.doFilter(SecurityContextHolderFilter.java:69)
	at org.springframework.security.web.ObservationFilterChainDecorator$ObservationFilter.wrapFilter(ObservationFilterChainDecorator.java:240)
	at org.springframework.security.web.ObservationFilterChainDecorator$ObservationFilter.doFilter(ObservationFilterChainDecorator.java:227)
	at org.springframework.security.web.ObservationFilterChainDecorator$VirtualFilterChain.doFilter(ObservationFilterChainDecorator.java:137)
	at org.springframework.security.web.context.request.async.WebAsyncManagerIntegrationFilter.doFilterInternal(WebAsyncManagerIntegrationFilter.java:62)
	at org.springframework.web.filter.OncePerRequestFilter.doFilter(OncePerRequestFilter.java:116)
	at org.springframework.security.web.ObservationFilterChainDecorator$ObservationFilter.wrapFilter(ObservationFilterChainDecorator.java:240)
	at org.springframework.security.web.ObservationFilterChainDecorator$ObservationFilter.doFilter(ObservationFilterChainDecorator.java:227)
	at org.springframework.security.web.ObservationFilterChainDecorator$VirtualFilterChain.doFilter(ObservationFilterChainDecorator.java:137)
	at org.springframework.security.web.session.DisableEncodeUrlFilter.doFilterInternal(DisableEncodeUrlFilter.java:42)
	at org.springframework.web.filter.OncePerRequestFilter.doFilter(OncePerRequestFilter.java:116)
	at org.springframework.security.web.ObservationFilterChainDecorator$ObservationFilter.wrapFilter(ObservationFilterChainDecorator.java:240)
	at org.springframework.security.web.ObservationFilterChainDecorator$AroundFilterObservation$SimpleAroundFilterObservation.lambda$wrap$0(ObservationFilterChainDecorator.java:323)
	at org.springframework.security.web.ObservationFilterChainDecorator$ObservationFilter.doFilter(ObservationFilterChainDecorator.java:224)
	at org.springframework.security.web.ObservationFilterChainDecorator$VirtualFilterChain.doFilter(ObservationFilterChainDecorator.java:137)
	at org.springframework.security.web.FilterChainProxy.doFilterInternal(FilterChainProxy.java:233)
	at org.springframework.security.web.FilterChainProxy.doFilter(FilterChainProxy.java:191)
	at org.springframework.web.filter.CompositeFilter$VirtualFilterChain.doFilter(CompositeFilter.java:113)
	at org.springframework.web.servlet.handler.HandlerMappingIntrospector.lambda$createCacheFilter$3(HandlerMappingIntrospector.java:243)
	at org.springframework.web.filter.CompositeFilter$VirtualFilterChain.doFilter(CompositeFilter.java:113)
	at org.springframework.web.filter.CompositeFilter.doFilter(CompositeFilter.java:74)
	at org.springframework.security.config.annotation.web.configuration.WebMvcSecurityConfiguration$CompositeFilterChainProxy.doFilter(WebMvcSecurityConfiguration.java:238)
	at org.springframework.web.filter.DelegatingFilterProxy.invokeDelegate(DelegatingFilterProxy.java:362)
	at org.springframework.web.filter.DelegatingFilterProxy.doFilter(DelegatingFilterProxy.java:278)
	at org.apache.catalina.core.ApplicationFilterChain.internalDoFilter(ApplicationFilterChain.java:164)
	at org.apache.catalina.core.ApplicationFilterChain.doFilter(ApplicationFilterChain.java:140)
	at org.springframework.web.filter.RequestContextFilter.doFilterInternal(RequestContextFilter.java:100)
	at org.springframework.web.filter.OncePerRequestFilter.doFilter(OncePerRequestFilter.java:116)
	at org.apache.catalina.core.ApplicationFilterChain.internalDoFilter(ApplicationFilterChain.java:164)
	at org.apache.catalina.core.ApplicationFilterChain.doFilter(ApplicationFilterChain.java:140)
	at org.springframework.web.filter.FormContentFilter.doFilterInternal(FormContentFilter.java:93)
	at org.springframework.web.filter.OncePerRequestFilter.doFilter(OncePerRequestFilter.java:116)
	at org.apache.catalina.core.ApplicationFilterChain.internalDoFilter(ApplicationFilterChain.java:164)
	at org.apache.catalina.core.ApplicationFilterChain.doFilter(ApplicationFilterChain.java:140)
	at org.springframework.web.filter.ServerHttpObservationFilter.doFilterInternal(ServerHttpObservationFilter.java:114)
	at org.springframework.web.filter.OncePerRequestFilter.doFilter(OncePerRequestFilter.java:116)
	at org.apache.catalina.core.ApplicationFilterChain.internalDoFilter(ApplicationFilterChain.java:164)
	at org.apache.catalina.core.ApplicationFilterChain.doFilter(ApplicationFilterChain.java:140)
	at org.springframework.web.filter.CharacterEncodingFilter.doFilterInternal(CharacterEncodingFilter.java:201)
	at org.springframework.web.filter.OncePerRequestFilter.doFilter(OncePerRequestFilter.java:116)
	at org.apache.catalina.core.ApplicationFilterChain.internalDoFilter(ApplicationFilterChain.java:164)
	at org.apache.catalina.core.ApplicationFilterChain.doFilter(ApplicationFilterChain.java:140)
	at org.apache.catalina.core.StandardWrapperValve.invoke(StandardWrapperValve.java:167)
	at org.apache.catalina.core.StandardContextValve.invoke(StandardContextValve.java:90)
	at org.apache.catalina.authenticator.AuthenticatorBase.invoke(AuthenticatorBase.java:483)
	at org.apache.catalina.core.StandardHostValve.invoke(StandardHostValve.java:115)
	at org.apache.catalina.valves.ErrorReportValve.invoke(ErrorReportValve.java:93)
	at org.apache.catalina.core.StandardEngineValve.invoke(StandardEngineValve.java:74)
	at org.apache.catalina.connector.CoyoteAdapter.service(CoyoteAdapter.java:344)
	at org.apache.coyote.http11.Http11Processor.service(Http11Processor.java:397)
	at org.apache.coyote.AbstractProcessorLight.process(AbstractProcessorLight.java:63)
	at org.apache.coyote.AbstractProtocol$ConnectionHandler.process(AbstractProtocol.java:905)
	at org.apache.tomcat.util.net.NioEndpoint$SocketProcessor.doRun(NioEndpoint.java:1741)
	at org.apache.tomcat.util.net.SocketProcessorBase.run(SocketProcessorBase.java:52)
	at org.apache.tomcat.util.threads.ThreadPoolExecutor.runWorker(ThreadPoolExecutor.java:1190)
	at org.apache.tomcat.util.threads.ThreadPoolExecutor$Worker.run(ThreadPoolExecutor.java:659)
	at org.apache.tomcat.util.threads.TaskThread$WrappingRunnable.run(TaskThread.java:63)
	at java.base/java.lang.Thread.run(Thread.java:1583)
2026-03-16 16:53:29 [http-nio-8080-exec-6] DEBUG o.s.w.s.m.m.a.HttpEntityMethodProcessor - Using 'application/json', given [application/json, text/plain, */*] and supported [application/json, application/*+json, application/yaml]
2026-03-16 16:53:29 [http-nio-8080-exec-6] TRACE o.s.w.s.m.m.a.HttpEntityMethodProcessor - Writing [ApiResponse[success=false, status=500, code=C004, message=예기치 않은 서버 오류가 발생했습니다., data=null, timestamp=2026-03-16T16:53:29.707086]]
2026-03-16 16:53:29 [http-nio-8080-exec-6] DEBUG o.s.w.s.m.m.a.ExceptionHandlerExceptionResolver - Resolved [org.springframework.web.servlet.resource.NoResourceFoundException: No static resource api/v1/admin/system/statistics/bbs.]
2026-03-16 16:53:29 [http-nio-8080-exec-6] DEBUG o.s.web.servlet.DispatcherServlet - Completed 500 INTERNAL_SERVER_ERROR
2026-03-16 16:53:29 [http-nio-8080-exec-4] DEBUG o.s.orm.jpa.JpaTransactionManager - Found thread-bound EntityManager [SessionImpl(1438390146<open>)] for JPA transaction
2026-03-16 16:53:29 [http-nio-8080-exec-4] DEBUG o.s.orm.jpa.JpaTransactionManager - Participating in existing transaction
2026-03-16 16:53:29 [http-nio-8080-exec-4] DEBUG org.hibernate.SQL - select p1_0.progrm_file_nm,p1_0.progrm_dc,p1_0.progrm_korean_nm,p1_0.progrm_stre_path,p1_0.url from nprogrmlist p1_0
2026-03-16 16:53:29 [http-nio-8080-exec-4] DEBUG o.s.orm.jpa.JpaTransactionManager - Initiating transaction commit
2026-03-16 16:53:29 [http-nio-8080-exec-4] DEBUG o.s.orm.jpa.JpaTransactionManager - Committing JPA transaction on EntityManager [SessionImpl(1438390146<open>)]
2026-03-16 16:53:30 [http-nio-8080-exec-4] DEBUG o.s.orm.jpa.JpaTransactionManager - Closing JPA EntityManager [SessionImpl(1438390146<open>)] after transaction
2026-03-16 16:53:30 [http-nio-8080-exec-4] INFO  c.c.p.a.c.menu.MenuController - getLeftMenu returned 2 items
2026-03-16 16:53:30 [http-nio-8080-exec-4] DEBUG o.s.w.s.m.m.a.HttpEntityMethodProcessor - Using 'application/json', given [application/json, text/plain, */*] and supported [application/json, application/*+json, application/yaml]
2026-03-16 16:53:30 [http-nio-8080-exec-4] TRACE o.s.w.s.m.m.a.HttpEntityMethodProcessor - Writing [ApiResponse[success=true, status=200, code=COMMON_001, message=Success, data={list=[com.company.project.service.menu.dto.MenuDto@39f44711, com.company.project.service.menu.dto.MenuDto@45b6173d]}, timestamp=2026-03-16T16:53:30.081784800]]
2026-03-16 16:53:30 [http-nio-8080-exec-4] INFO  c.c.p.a.i.OperationalAuditInterceptor - API Audit Log: URL=/api/v1/menu/left, User=webmaster, IP=127.0.0.1
2026-03-16 16:53:30 [http-nio-8080-exec-4] DEBUG o.s.web.servlet.DispatcherServlet - Completed 200 OK
2026-03-16 16:53:30 [http-nio-8080-exec-10] DEBUG c.c.p.s.jwt.JwtAuthenticationFilter - >>> [JwtFilter] Processing request: GET /api/v1/menu/left
2026-03-16 16:53:30 [http-nio-8080-exec-10] DEBUG c.c.p.s.jwt.JwtAuthenticationFilter - >>> [JwtFilter] Found token in header for path: /api/v1/menu/left
2026-03-16 16:53:30 [http-nio-8080-exec-10] DEBUG o.s.orm.jpa.JpaTransactionManager - Creating new transaction with name [com.company.project.security.iam.CustomUserDetailsService.loadUserByUsername]: PROPAGATION_REQUIRED,ISOLATION_DEFAULT,readOnly
2026-03-16 16:53:30 [http-nio-8080-exec-10] DEBUG o.s.orm.jpa.JpaTransactionManager - Opened new EntityManager [SessionImpl(190095323<open>)] for JPA transaction
2026-03-16 16:53:30 [http-nio-8080-exec-10] DEBUG o.s.orm.jpa.JpaTransactionManager - Exposing JPA transaction as JDBC [org.springframework.orm.jpa.vendor.HibernateJpaDialect$HibernateConnectionHandle@506be61e]
2026-03-16 16:53:30 [http-nio-8080-exec-10] DEBUG o.s.orm.jpa.JpaTransactionManager - Found thread-bound EntityManager [SessionImpl(190095323<open>)] for JPA transaction
2026-03-16 16:53:30 [http-nio-8080-exec-10] DEBUG o.s.orm.jpa.JpaTransactionManager - Participating in existing transaction
2026-03-16 16:53:30 [http-nio-8080-exec-10] DEBUG org.hibernate.SQL - select u1_0.emplyr_id,u1_0.area_no,u1_0.brthdy,u1_0.chg_pwd_cnt,u1_0.frst_register_id,u1_0.frst_regist_pnttm,u1_0.detail_adres,u1_0.email_adres,u1_0.emplyr_sttus_code,u1_0.empl_no,u1_0.esntl_id,u1_0.fxnum,u1_0.group_id,u1_0.house_adres,u1_0.house_end_telno,u1_0.house_middle_telno,u1_0.ihidnum,u1_0.pstinst_code,u1_0.last_updusr_id,u1_0.last_updt_pnttm,u1_0.lock_at,u1_0.lock_cnt,u1_0.lock_last_pnttm,u1_0.mbtlnum,u1_0.ofcps_nm,u1_0.offm_telno,u1_0.orgnzt_id,u1_0.password,u1_0.password_cnsr,u1_0.password_hint,u1_0.chg_pwd_last_pnttm,u1_0.role,u1_0.sbscrb_de,u1_0.sexdstn_code,u1_0.crtfc_dn_value,u1_0.user_nm,u1_0.zip from nemplyrinfo u1_0 where u1_0.emplyr_id=?
2026-03-16 16:53:30 [http-nio-8080-exec-10] DEBUG o.s.orm.jpa.JpaTransactionManager - Found thread-bound EntityManager [SessionImpl(190095323<open>)] for JPA transaction
2026-03-16 16:53:30 [http-nio-8080-exec-10] DEBUG o.s.orm.jpa.JpaTransactionManager - Participating in existing transaction
2026-03-16 16:53:30 [http-nio-8080-exec-10] DEBUG org.hibernate.SQL - select ua1_0.scrty_dtrmn_trget_id,ua1_0.author_code,ua1_0.frst_register_id,ua1_0.frst_regist_pnttm,ua1_0.last_updusr_id,ua1_0.last_updt_pnttm,ua1_0.mber_ty_code from nemplyrscrtyestbs ua1_0 where ua1_0.scrty_dtrmn_trget_id=?
2026-03-16 16:53:30 [http-nio-8080-exec-10] DEBUG o.s.orm.jpa.JpaTransactionManager - Initiating transaction commit
2026-03-16 16:53:30 [http-nio-8080-exec-10] DEBUG o.s.orm.jpa.JpaTransactionManager - Committing JPA transaction on EntityManager [SessionImpl(190095323<open>)]
2026-03-16 16:53:30 [http-nio-8080-exec-10] DEBUG o.s.orm.jpa.JpaTransactionManager - Closing JPA EntityManager [SessionImpl(190095323<open>)] after transaction
2026-03-16 16:53:30 [http-nio-8080-exec-10] DEBUG c.c.p.s.jwt.JwtAuthenticationFilter - >>> [JwtFilter] Successfully authenticated user: USRCNFRM_99999999999, Authorities: [ROLE_ADMIN]
2026-03-16 16:53:30 [http-nio-8080-exec-10] DEBUG o.s.web.servlet.DispatcherServlet - GET "/api/v1/menu/left?menuNo=50", parameters={masked}
2026-03-16 16:53:30 [http-nio-8080-exec-10] TRACE o.s.w.s.m.m.a.RequestMappingHandlerMapping - Mapped to com.company.project.api.controller.menu.MenuController#getLeftMenu(Long)
2026-03-16 16:53:30 [http-nio-8080-exec-10] INFO  c.c.p.a.c.menu.MenuController - getLeftMenu called with menuNo=50
2026-03-16 16:53:30 [http-nio-8080-exec-10] DEBUG o.s.orm.jpa.JpaTransactionManager - Creating new transaction with name [com.company.project.service.menu.MenuService.getSubMenus]: PROPAGATION_REQUIRED,ISOLATION_DEFAULT,readOnly
2026-03-16 16:53:30 [http-nio-8080-exec-10] DEBUG o.s.orm.jpa.JpaTransactionManager - Opened new EntityManager [SessionImpl(946866678<open>)] for JPA transaction
2026-03-16 16:53:30 [http-nio-8080-exec-10] DEBUG o.s.orm.jpa.JpaTransactionManager - Exposing JPA transaction as JDBC [org.springframework.orm.jpa.vendor.HibernateJpaDialect$HibernateConnectionHandle@1ec7d30d]
2026-03-16 16:53:30 [http-nio-8080-exec-10] DEBUG org.hibernate.SQL - select m1_0.menu_no,m1_0.menu_dc,m1_0.menu_nm,m1_0.menu_ordr,m1_0.modern_route,m1_0.progrm_file_nm,m1_0.relate_image_nm,m1_0.relate_image_path,m1_0.route_updated_at,m1_0.upper_menu_no from nmenuinfo m1_0 order by m1_0.upper_menu_no,m1_0.menu_ordr
2026-03-16 16:53:31 [http-nio-8080-exec-10] DEBUG o.s.orm.jpa.JpaTransactionManager - Found thread-bound EntityManager [SessionImpl(946866678<open>)] for JPA transaction
2026-03-16 16:53:31 [http-nio-8080-exec-10] DEBUG o.s.orm.jpa.JpaTransactionManager - Participating in existing transaction
2026-03-16 16:53:31 [http-nio-8080-exec-10] DEBUG org.hibernate.SQL - select p1_0.progrm_file_nm,p1_0.progrm_dc,p1_0.progrm_korean_nm,p1_0.progrm_stre_path,p1_0.url from nprogrmlist p1_0
2026-03-16 16:53:31 [http-nio-8080-exec-10] DEBUG o.s.orm.jpa.JpaTransactionManager - Initiating transaction commit
2026-03-16 16:53:31 [http-nio-8080-exec-10] DEBUG o.s.orm.jpa.JpaTransactionManager - Committing JPA transaction on EntityManager [SessionImpl(946866678<open>)]
2026-03-16 16:53:31 [http-nio-8080-exec-10] DEBUG o.s.orm.jpa.JpaTransactionManager - Closing JPA EntityManager [SessionImpl(946866678<open>)] after transaction
2026-03-16 16:53:31 [http-nio-8080-exec-10] INFO  c.c.p.a.c.menu.MenuController - getLeftMenu returned 3 items
2026-03-16 16:53:31 [http-nio-8080-exec-10] DEBUG o.s.w.s.m.m.a.HttpEntityMethodProcessor - Using 'application/json', given [application/json, text/plain, */*] and supported [application/json, application/*+json, application/yaml]
2026-03-16 16:53:31 [http-nio-8080-exec-10] TRACE o.s.w.s.m.m.a.HttpEntityMethodProcessor - Writing [ApiResponse[success=true, status=200, code=COMMON_001, message=Success, data={list=[com.company.project.service.menu.dto.MenuDto@c7cd0c7, com.company.project.service.menu.dto.MenuDto@4d0b9ea2, com.company.project.service.menu.dto.MenuDto@52e19ca6]}, timestamp=2026-03-16T16:53:31.358885900]]
2026-03-16 16:53:31 [http-nio-8080-exec-10] INFO  c.c.p.a.i.OperationalAuditInterceptor - API Audit Log: URL=/api/v1/menu/left, User=webmaster, IP=127.0.0.1
2026-03-16 16:53:31 [http-nio-8080-exec-10] DEBUG o.s.web.servlet.DispatcherServlet - Completed 200 OK
2026-03-16 16:53:31 [http-nio-8080-exec-2] DEBUG c.c.p.s.jwt.JwtAuthenticationFilter - >>> [JwtFilter] Processing request: GET /api/v1/menu/left
2026-03-16 16:53:31 [http-nio-8080-exec-2] DEBUG c.c.p.s.jwt.JwtAuthenticationFilter - >>> [JwtFilter] Found token in header for path: /api/v1/menu/left
2026-03-16 16:53:31 [http-nio-8080-exec-2] DEBUG o.s.orm.jpa.JpaTransactionManager - Creating new transaction with name [com.company.project.security.iam.CustomUserDetailsService.loadUserByUsername]: PROPAGATION_REQUIRED,ISOLATION_DEFAULT,readOnly
2026-03-16 16:53:31 [http-nio-8080-exec-2] DEBUG o.s.orm.jpa.JpaTransactionManager - Opened new EntityManager [SessionImpl(1842607768<open>)] for JPA transaction
2026-03-16 16:53:31 [http-nio-8080-exec-2] DEBUG o.s.orm.jpa.JpaTransactionManager - Exposing JPA transaction as JDBC [org.springframework.orm.jpa.vendor.HibernateJpaDialect$HibernateConnectionHandle@6ff1f9b3]
2026-03-16 16:53:31 [http-nio-8080-exec-2] DEBUG o.s.orm.jpa.JpaTransactionManager - Found thread-bound EntityManager [SessionImpl(1842607768<open>)] for JPA transaction
2026-03-16 16:53:31 [http-nio-8080-exec-2] DEBUG o.s.orm.jpa.JpaTransactionManager - Participating in existing transaction
2026-03-16 16:53:31 [http-nio-8080-exec-2] DEBUG org.hibernate.SQL - select u1_0.emplyr_id,u1_0.area_no,u1_0.brthdy,u1_0.chg_pwd_cnt,u1_0.frst_register_id,u1_0.frst_regist_pnttm,u1_0.detail_adres,u1_0.email_adres,u1_0.emplyr_sttus_code,u1_0.empl_no,u1_0.esntl_id,u1_0.fxnum,u1_0.group_id,u1_0.house_adres,u1_0.house_end_telno,u1_0.house_middle_telno,u1_0.ihidnum,u1_0.pstinst_code,u1_0.last_updusr_id,u1_0.last_updt_pnttm,u1_0.lock_at,u1_0.lock_cnt,u1_0.lock_last_pnttm,u1_0.mbtlnum,u1_0.ofcps_nm,u1_0.offm_telno,u1_0.orgnzt_id,u1_0.password,u1_0.password_cnsr,u1_0.password_hint,u1_0.chg_pwd_last_pnttm,u1_0.role,u1_0.sbscrb_de,u1_0.sexdstn_code,u1_0.crtfc_dn_value,u1_0.user_nm,u1_0.zip from nemplyrinfo u1_0 where u1_0.emplyr_id=?
2026-03-16 16:53:31 [http-nio-8080-exec-2] DEBUG o.s.orm.jpa.JpaTransactionManager - Found thread-bound EntityManager [SessionImpl(1842607768<open>)] for JPA transaction
2026-03-16 16:53:31 [http-nio-8080-exec-2] DEBUG o.s.orm.jpa.JpaTransactionManager - Participating in existing transaction
2026-03-16 16:53:31 [http-nio-8080-exec-2] DEBUG org.hibernate.SQL - select ua1_0.scrty_dtrmn_trget_id,ua1_0.author_code,ua1_0.frst_register_id,ua1_0.frst_regist_pnttm,ua1_0.last_updusr_id,ua1_0.last_updt_pnttm,ua1_0.mber_ty_code from nemplyrscrtyestbs ua1_0 where ua1_0.scrty_dtrmn_trget_id=?
2026-03-16 16:53:31 [http-nio-8080-exec-2] DEBUG o.s.orm.jpa.JpaTransactionManager - Initiating transaction commit
2026-03-16 16:53:31 [http-nio-8080-exec-2] DEBUG o.s.orm.jpa.JpaTransactionManager - Committing JPA transaction on EntityManager [SessionImpl(1842607768<open>)]
2026-03-16 16:53:31 [http-nio-8080-exec-2] DEBUG o.s.orm.jpa.JpaTransactionManager - Closing JPA EntityManager [SessionImpl(1842607768<open>)] after transaction
2026-03-16 16:53:31 [http-nio-8080-exec-2] DEBUG c.c.p.s.jwt.JwtAuthenticationFilter - >>> [JwtFilter] Successfully authenticated user: USRCNFRM_99999999999, Authorities: [ROLE_ADMIN]
2026-03-16 16:53:31 [http-nio-8080-exec-2] DEBUG o.s.web.servlet.DispatcherServlet - GET "/api/v1/menu/left?menuNo=60", parameters={masked}
2026-03-16 16:53:31 [http-nio-8080-exec-2] TRACE o.s.w.s.m.m.a.RequestMappingHandlerMapping - Mapped to com.company.project.api.controller.menu.MenuController#getLeftMenu(Long)
2026-03-16 16:53:31 [http-nio-8080-exec-2] INFO  c.c.p.a.c.menu.MenuController - getLeftMenu called with menuNo=60
2026-03-16 16:53:31 [http-nio-8080-exec-2] DEBUG o.s.orm.jpa.JpaTransactionManager - Creating new transaction with name [com.company.project.service.menu.MenuService.getSubMenus]: PROPAGATION_REQUIRED,ISOLATION_DEFAULT,readOnly
2026-03-16 16:53:31 [http-nio-8080-exec-2] DEBUG o.s.orm.jpa.JpaTransactionManager - Opened new EntityManager [SessionImpl(142303096<open>)] for JPA transaction
2026-03-16 16:53:31 [http-nio-8080-exec-2] DEBUG o.s.orm.jpa.JpaTransactionManager - Exposing JPA transaction as JDBC [org.springframework.orm.jpa.vendor.HibernateJpaDialect$HibernateConnectionHandle@39dc81ed]
2026-03-16 16:53:31 [http-nio-8080-exec-2] DEBUG org.hibernate.SQL - select m1_0.menu_no,m1_0.menu_dc,m1_0.menu_nm,m1_0.menu_ordr,m1_0.modern_route,m1_0.progrm_file_nm,m1_0.relate_image_nm,m1_0.relate_image_path,m1_0.route_updated_at,m1_0.upper_menu_no from nmenuinfo m1_0 order by m1_0.upper_menu_no,m1_0.menu_ordr
2026-03-16 16:53:32 [http-nio-8080-exec-2] DEBUG o.s.orm.jpa.JpaTransactionManager - Found thread-bound EntityManager [SessionImpl(142303096<open>)] for JPA transaction
2026-03-16 16:53:32 [http-nio-8080-exec-2] DEBUG o.s.orm.jpa.JpaTransactionManager - Participating in existing transaction
2026-03-16 16:53:32 [http-nio-8080-exec-2] DEBUG org.hibernate.SQL - select p1_0.progrm_file_nm,p1_0.progrm_dc,p1_0.progrm_korean_nm,p1_0.progrm_stre_path,p1_0.url from nprogrmlist p1_0
2026-03-16 16:53:32 [http-nio-8080-exec-2] DEBUG o.s.orm.jpa.JpaTransactionManager - Initiating transaction commit
2026-03-16 16:53:32 [http-nio-8080-exec-2] DEBUG o.s.orm.jpa.JpaTransactionManager - Committing JPA transaction on EntityManager [SessionImpl(142303096<open>)]
2026-03-16 16:53:32 [http-nio-8080-exec-2] DEBUG o.s.orm.jpa.JpaTransactionManager - Closing JPA EntityManager [SessionImpl(142303096<open>)] after transaction
2026-03-16 16:53:32 [http-nio-8080-exec-2] INFO  c.c.p.a.c.menu.MenuController - getLeftMenu returned 1 items
2026-03-16 16:53:32 [http-nio-8080-exec-2] DEBUG o.s.w.s.m.m.a.HttpEntityMethodProcessor - Using 'application/json', given [application/json, text/plain, */*] and supported [application/json, application/*+json, application/yaml]
2026-03-16 16:53:32 [http-nio-8080-exec-2] TRACE o.s.w.s.m.m.a.HttpEntityMethodProcessor - Writing [ApiResponse[success=true, status=200, code=COMMON_001, message=Success, data={list=[com.company.project.service.menu.dto.MenuDto@7afba2]}, timestamp=2026-03-16T16:53:32.583349100]]
2026-03-16 16:53:32 [http-nio-8080-exec-2] INFO  c.c.p.a.i.OperationalAuditInterceptor - API Audit Log: URL=/api/v1/menu/left, User=webmaster, IP=127.0.0.1
2026-03-16 16:53:32 [http-nio-8080-exec-2] DEBUG o.s.web.servlet.DispatcherServlet - Completed 200 OK
2026-03-16 16:53:33 [http-nio-8080-exec-6] DEBUG c.c.p.s.jwt.JwtAuthenticationFilter - >>> [JwtFilter] Processing request: GET /api/v1/menu/head
2026-03-16 16:53:33 [http-nio-8080-exec-6] DEBUG c.c.p.s.jwt.JwtAuthenticationFilter - >>> [JwtFilter] Found token in header for path: /api/v1/menu/head
2026-03-16 16:53:33 [http-nio-8080-exec-6] DEBUG o.s.orm.jpa.JpaTransactionManager - Creating new transaction with name [com.company.project.security.iam.CustomUserDetailsService.loadUserByUsername]: PROPAGATION_REQUIRED,ISOLATION_DEFAULT,readOnly
2026-03-16 16:53:33 [http-nio-8080-exec-6] DEBUG o.s.orm.jpa.JpaTransactionManager - Opened new EntityManager [SessionImpl(659029503<open>)] for JPA transaction
2026-03-16 16:53:33 [http-nio-8080-exec-6] DEBUG o.s.orm.jpa.JpaTransactionManager - Exposing JPA transaction as JDBC [org.springframework.orm.jpa.vendor.HibernateJpaDialect$HibernateConnectionHandle@25c1231b]
2026-03-16 16:53:33 [http-nio-8080-exec-6] DEBUG o.s.orm.jpa.JpaTransactionManager - Found thread-bound EntityManager [SessionImpl(659029503<open>)] for JPA transaction
2026-03-16 16:53:33 [http-nio-8080-exec-6] DEBUG o.s.orm.jpa.JpaTransactionManager - Participating in existing transaction
2026-03-16 16:53:33 [http-nio-8080-exec-6] DEBUG org.hibernate.SQL - select u1_0.emplyr_id,u1_0.area_no,u1_0.brthdy,u1_0.chg_pwd_cnt,u1_0.frst_register_id,u1_0.frst_regist_pnttm,u1_0.detail_adres,u1_0.email_adres,u1_0.emplyr_sttus_code,u1_0.empl_no,u1_0.esntl_id,u1_0.fxnum,u1_0.group_id,u1_0.house_adres,u1_0.house_end_telno,u1_0.house_middle_telno,u1_0.ihidnum,u1_0.pstinst_code,u1_0.last_updusr_id,u1_0.last_updt_pnttm,u1_0.lock_at,u1_0.lock_cnt,u1_0.lock_last_pnttm,u1_0.mbtlnum,u1_0.ofcps_nm,u1_0.offm_telno,u1_0.orgnzt_id,u1_0.password,u1_0.password_cnsr,u1_0.password_hint,u1_0.chg_pwd_last_pnttm,u1_0.role,u1_0.sbscrb_de,u1_0.sexdstn_code,u1_0.crtfc_dn_value,u1_0.user_nm,u1_0.zip from nemplyrinfo u1_0 where u1_0.emplyr_id=?
2026-03-16 16:53:33 [http-nio-8080-exec-6] DEBUG o.s.orm.jpa.JpaTransactionManager - Found thread-bound EntityManager [SessionImpl(659029503<open>)] for JPA transaction
2026-03-16 16:53:33 [http-nio-8080-exec-6] DEBUG o.s.orm.jpa.JpaTransactionManager - Participating in existing transaction
2026-03-16 16:53:33 [http-nio-8080-exec-6] DEBUG org.hibernate.SQL - select ua1_0.scrty_dtrmn_trget_id,ua1_0.author_code,ua1_0.frst_register_id,ua1_0.frst_regist_pnttm,ua1_0.last_updusr_id,ua1_0.last_updt_pnttm,ua1_0.mber_ty_code from nemplyrscrtyestbs ua1_0 where ua1_0.scrty_dtrmn_trget_id=?
2026-03-16 16:53:33 [http-nio-8080-exec-6] DEBUG o.s.orm.jpa.JpaTransactionManager - Initiating transaction commit
2026-03-16 16:53:33 [http-nio-8080-exec-6] DEBUG o.s.orm.jpa.JpaTransactionManager - Committing JPA transaction on EntityManager [SessionImpl(659029503<open>)]
2026-03-16 16:53:33 [http-nio-8080-exec-6] DEBUG o.s.orm.jpa.JpaTransactionManager - Closing JPA EntityManager [SessionImpl(659029503<open>)] after transaction
2026-03-16 16:53:33 [http-nio-8080-exec-6] DEBUG c.c.p.s.jwt.JwtAuthenticationFilter - >>> [JwtFilter] Successfully authenticated user: USRCNFRM_99999999999, Authorities: [ROLE_ADMIN]
2026-03-16 16:53:33 [http-nio-8080-exec-6] DEBUG o.s.web.servlet.DispatcherServlet - GET "/api/v1/menu/head", parameters={}
2026-03-16 16:53:33 [http-nio-8080-exec-6] TRACE o.s.w.s.m.m.a.RequestMappingHandlerMapping - Mapped to com.company.project.api.controller.menu.MenuController#getHeadMenu()
2026-03-16 16:53:33 [http-nio-8080-exec-6] INFO  c.c.p.a.c.menu.MenuController - getHeadMenu called
2026-03-16 16:53:33 [http-nio-8080-exec-6] INFO  c.c.p.a.c.menu.MenuController - getHeadMenu returned 5 items
2026-03-16 16:53:33 [http-nio-8080-exec-6] DEBUG o.s.w.s.m.m.a.HttpEntityMethodProcessor - Using 'application/json', given [application/json, text/plain, */*] and supported [application/json, application/*+json, application/yaml]
2026-03-16 16:53:33 [http-nio-8080-exec-6] TRACE o.s.w.s.m.m.a.HttpEntityMethodProcessor - Writing [ApiResponse[success=true, status=200, code=COMMON_001, message=Success, data={list=[com.company.project.service.menu.dto.MenuDto@2b80d6b0, com.company.project.service.menu.dto.MenuDto@1418cfa3, com.company.project.service.menu.dto.MenuDto@f230bf1, com.company.project.service.menu.dto.MenuDto@734a7f6a, com.company.project.service.menu.dto.MenuDto@5e5202e5]}, timestamp=2026-03-16T16:53:33.769588700]]
2026-03-16 16:53:33 [http-nio-8080-exec-6] INFO  c.c.p.a.i.OperationalAuditInterceptor - API Audit Log: URL=/api/v1/menu/head, User=webmaster, IP=0:0:0:0:0:0:0:1
2026-03-16 16:53:33 [http-nio-8080-exec-6] DEBUG o.s.web.servlet.DispatcherServlet - Completed 200 OK
2026-03-16 16:53:33 [http-nio-8080-exec-8] DEBUG c.c.p.s.jwt.JwtAuthenticationFilter - >>> [JwtFilter] Processing request: GET /api/v1/menu/left
2026-03-16 16:53:33 [http-nio-8080-exec-8] DEBUG c.c.p.s.jwt.JwtAuthenticationFilter - >>> [JwtFilter] Found token in header for path: /api/v1/menu/left
2026-03-16 16:53:33 [http-nio-8080-exec-8] DEBUG o.s.orm.jpa.JpaTransactionManager - Creating new transaction with name [com.company.project.security.iam.CustomUserDetailsService.loadUserByUsername]: PROPAGATION_REQUIRED,ISOLATION_DEFAULT,readOnly
2026-03-16 16:53:33 [http-nio-8080-exec-8] DEBUG o.s.orm.jpa.JpaTransactionManager - Opened new EntityManager [SessionImpl(406494075<open>)] for JPA transaction
2026-03-16 16:53:33 [http-nio-8080-exec-4] DEBUG c.c.p.s.jwt.JwtAuthenticationFilter - >>> [JwtFilter] Processing request: GET /api/v1/menu/left
2026-03-16 16:53:33 [http-nio-8080-exec-1] DEBUG c.c.p.s.jwt.JwtAuthenticationFilter - >>> [JwtFilter] Processing request: GET /api/v1/menu/left
2026-03-16 16:53:33 [http-nio-8080-exec-3] DEBUG c.c.p.s.jwt.JwtAuthenticationFilter - >>> [JwtFilter] Processing request: GET /api/v1/menu/left
2026-03-16 16:53:33 [http-nio-8080-exec-9] DEBUG c.c.p.s.jwt.JwtAuthenticationFilter - >>> [JwtFilter] Processing request: GET /api/v1/menu/left
2026-03-16 16:53:33 [http-nio-8080-exec-4] DEBUG c.c.p.s.jwt.JwtAuthenticationFilter - >>> [JwtFilter] Found token in header for path: /api/v1/menu/left
2026-03-16 16:53:33 [http-nio-8080-exec-1] DEBUG c.c.p.s.jwt.JwtAuthenticationFilter - >>> [JwtFilter] Found token in header for path: /api/v1/menu/left
2026-03-16 16:53:33 [http-nio-8080-exec-9] DEBUG c.c.p.s.jwt.JwtAuthenticationFilter - >>> [JwtFilter] Found token in header for path: /api/v1/menu/left
2026-03-16 16:53:33 [http-nio-8080-exec-3] DEBUG c.c.p.s.jwt.JwtAuthenticationFilter - >>> [JwtFilter] Found token in header for path: /api/v1/menu/left
2026-03-16 16:53:33 [http-nio-8080-exec-4] DEBUG o.s.orm.jpa.JpaTransactionManager - Creating new transaction with name [com.company.project.security.iam.CustomUserDetailsService.loadUserByUsername]: PROPAGATION_REQUIRED,ISOLATION_DEFAULT,readOnly
2026-03-16 16:53:33 [http-nio-8080-exec-4] DEBUG o.s.orm.jpa.JpaTransactionManager - Opened new EntityManager [SessionImpl(1315085193<open>)] for JPA transaction
2026-03-16 16:53:33 [http-nio-8080-exec-9] DEBUG o.s.orm.jpa.JpaTransactionManager - Creating new transaction with name [com.company.project.security.iam.CustomUserDetailsService.loadUserByUsername]: PROPAGATION_REQUIRED,ISOLATION_DEFAULT,readOnly
2026-03-16 16:53:33 [http-nio-8080-exec-9] DEBUG o.s.orm.jpa.JpaTransactionManager - Opened new EntityManager [SessionImpl(1428121862<open>)] for JPA transaction
2026-03-16 16:53:33 [http-nio-8080-exec-3] DEBUG o.s.orm.jpa.JpaTransactionManager - Creating new transaction with name [com.company.project.security.iam.CustomUserDetailsService.loadUserByUsername]: PROPAGATION_REQUIRED,ISOLATION_DEFAULT,readOnly
2026-03-16 16:53:33 [http-nio-8080-exec-3] DEBUG o.s.orm.jpa.JpaTransactionManager - Opened new EntityManager [SessionImpl(1964433982<open>)] for JPA transaction
2026-03-16 16:53:33 [http-nio-8080-exec-1] DEBUG o.s.orm.jpa.JpaTransactionManager - Creating new transaction with name [com.company.project.security.iam.CustomUserDetailsService.loadUserByUsername]: PROPAGATION_REQUIRED,ISOLATION_DEFAULT,readOnly
2026-03-16 16:53:33 [http-nio-8080-exec-1] DEBUG o.s.orm.jpa.JpaTransactionManager - Opened new EntityManager [SessionImpl(412044398<open>)] for JPA transaction
2026-03-16 16:53:33 [http-nio-8080-exec-4] DEBUG o.s.orm.jpa.JpaTransactionManager - Exposing JPA transaction as JDBC [org.springframework.orm.jpa.vendor.HibernateJpaDialect$HibernateConnectionHandle@4730669a]
2026-03-16 16:53:33 [http-nio-8080-exec-9] DEBUG o.s.orm.jpa.JpaTransactionManager - Exposing JPA transaction as JDBC [org.springframework.orm.jpa.vendor.HibernateJpaDialect$HibernateConnectionHandle@5fc097c6]
2026-03-16 16:53:33 [http-nio-8080-exec-1] DEBUG o.s.orm.jpa.JpaTransactionManager - Exposing JPA transaction as JDBC [org.springframework.orm.jpa.vendor.HibernateJpaDialect$HibernateConnectionHandle@5e93babf]
2026-03-16 16:53:33 [http-nio-8080-exec-4] DEBUG o.s.orm.jpa.JpaTransactionManager - Found thread-bound EntityManager [SessionImpl(1315085193<open>)] for JPA transaction
2026-03-16 16:53:33 [http-nio-8080-exec-1] DEBUG o.s.orm.jpa.JpaTransactionManager - Found thread-bound EntityManager [SessionImpl(412044398<open>)] for JPA transaction
2026-03-16 16:53:33 [http-nio-8080-exec-4] DEBUG o.s.orm.jpa.JpaTransactionManager - Participating in existing transaction
2026-03-16 16:53:33 [http-nio-8080-exec-9] DEBUG o.s.orm.jpa.JpaTransactionManager - Found thread-bound EntityManager [SessionImpl(1428121862<open>)] for JPA transaction
2026-03-16 16:53:33 [http-nio-8080-exec-1] DEBUG o.s.orm.jpa.JpaTransactionManager - Participating in existing transaction
2026-03-16 16:53:33 [http-nio-8080-exec-9] DEBUG o.s.orm.jpa.JpaTransactionManager - Participating in existing transaction
2026-03-16 16:53:33 [http-nio-8080-exec-4] DEBUG org.hibernate.SQL - select u1_0.emplyr_id,u1_0.area_no,u1_0.brthdy,u1_0.chg_pwd_cnt,u1_0.frst_register_id,u1_0.frst_regist_pnttm,u1_0.detail_adres,u1_0.email_adres,u1_0.emplyr_sttus_code,u1_0.empl_no,u1_0.esntl_id,u1_0.fxnum,u1_0.group_id,u1_0.house_adres,u1_0.house_end_telno,u1_0.house_middle_telno,u1_0.ihidnum,u1_0.pstinst_code,u1_0.last_updusr_id,u1_0.last_updt_pnttm,u1_0.lock_at,u1_0.lock_cnt,u1_0.lock_last_pnttm,u1_0.mbtlnum,u1_0.ofcps_nm,u1_0.offm_telno,u1_0.orgnzt_id,u1_0.password,u1_0.password_cnsr,u1_0.password_hint,u1_0.chg_pwd_last_pnttm,u1_0.role,u1_0.sbscrb_de,u1_0.sexdstn_code,u1_0.crtfc_dn_value,u1_0.user_nm,u1_0.zip from nemplyrinfo u1_0 where u1_0.emplyr_id=?
2026-03-16 16:53:33 [http-nio-8080-exec-1] DEBUG org.hibernate.SQL - select u1_0.emplyr_id,u1_0.area_no,u1_0.brthdy,u1_0.chg_pwd_cnt,u1_0.frst_register_id,u1_0.frst_regist_pnttm,u1_0.detail_adres,u1_0.email_adres,u1_0.emplyr_sttus_code,u1_0.empl_no,u1_0.esntl_id,u1_0.fxnum,u1_0.group_id,u1_0.house_adres,u1_0.house_end_telno,u1_0.house_middle_telno,u1_0.ihidnum,u1_0.pstinst_code,u1_0.last_updusr_id,u1_0.last_updt_pnttm,u1_0.lock_at,u1_0.lock_cnt,u1_0.lock_last_pnttm,u1_0.mbtlnum,u1_0.ofcps_nm,u1_0.offm_telno,u1_0.orgnzt_id,u1_0.password,u1_0.password_cnsr,u1_0.password_hint,u1_0.chg_pwd_last_pnttm,u1_0.role,u1_0.sbscrb_de,u1_0.sexdstn_code,u1_0.crtfc_dn_value,u1_0.user_nm,u1_0.zip from nemplyrinfo u1_0 where u1_0.emplyr_id=?
2026-03-16 16:53:33 [http-nio-8080-exec-9] DEBUG org.hibernate.SQL - select u1_0.emplyr_id,u1_0.area_no,u1_0.brthdy,u1_0.chg_pwd_cnt,u1_0.frst_register_id,u1_0.frst_regist_pnttm,u1_0.detail_adres,u1_0.email_adres,u1_0.emplyr_sttus_code,u1_0.empl_no,u1_0.esntl_id,u1_0.fxnum,u1_0.group_id,u1_0.house_adres,u1_0.house_end_telno,u1_0.house_middle_telno,u1_0.ihidnum,u1_0.pstinst_code,u1_0.last_updusr_id,u1_0.last_updt_pnttm,u1_0.lock_at,u1_0.lock_cnt,u1_0.lock_last_pnttm,u1_0.mbtlnum,u1_0.ofcps_nm,u1_0.offm_telno,u1_0.orgnzt_id,u1_0.password,u1_0.password_cnsr,u1_0.password_hint,u1_0.chg_pwd_last_pnttm,u1_0.role,u1_0.sbscrb_de,u1_0.sexdstn_code,u1_0.crtfc_dn_value,u1_0.user_nm,u1_0.zip from nemplyrinfo u1_0 where u1_0.emplyr_id=?
2026-03-16 16:53:33 [http-nio-8080-exec-3] DEBUG o.s.orm.jpa.JpaTransactionManager - Exposing JPA transaction as JDBC [org.springframework.orm.jpa.vendor.HibernateJpaDialect$HibernateConnectionHandle@24f0002e]
2026-03-16 16:53:33 [http-nio-8080-exec-8] DEBUG o.s.orm.jpa.JpaTransactionManager - Exposing JPA transaction as JDBC [org.springframework.orm.jpa.vendor.HibernateJpaDialect$HibernateConnectionHandle@1cf872d]
2026-03-16 16:53:33 [http-nio-8080-exec-3] DEBUG o.s.orm.jpa.JpaTransactionManager - Found thread-bound EntityManager [SessionImpl(1964433982<open>)] for JPA transaction
2026-03-16 16:53:33 [http-nio-8080-exec-8] DEBUG o.s.orm.jpa.JpaTransactionManager - Found thread-bound EntityManager [SessionImpl(406494075<open>)] for JPA transaction
2026-03-16 16:53:33 [http-nio-8080-exec-3] DEBUG o.s.orm.jpa.JpaTransactionManager - Participating in existing transaction
2026-03-16 16:53:33 [http-nio-8080-exec-8] DEBUG o.s.orm.jpa.JpaTransactionManager - Participating in existing transaction
2026-03-16 16:53:33 [http-nio-8080-exec-8] DEBUG org.hibernate.SQL - select u1_0.emplyr_id,u1_0.area_no,u1_0.brthdy,u1_0.chg_pwd_cnt,u1_0.frst_register_id,u1_0.frst_regist_pnttm,u1_0.detail_adres,u1_0.email_adres,u1_0.emplyr_sttus_code,u1_0.empl_no,u1_0.esntl_id,u1_0.fxnum,u1_0.group_id,u1_0.house_adres,u1_0.house_end_telno,u1_0.house_middle_telno,u1_0.ihidnum,u1_0.pstinst_code,u1_0.last_updusr_id,u1_0.last_updt_pnttm,u1_0.lock_at,u1_0.lock_cnt,u1_0.lock_last_pnttm,u1_0.mbtlnum,u1_0.ofcps_nm,u1_0.offm_telno,u1_0.orgnzt_id,u1_0.password,u1_0.password_cnsr,u1_0.password_hint,u1_0.chg_pwd_last_pnttm,u1_0.role,u1_0.sbscrb_de,u1_0.sexdstn_code,u1_0.crtfc_dn_value,u1_0.user_nm,u1_0.zip from nemplyrinfo u1_0 where u1_0.emplyr_id=?
2026-03-16 16:53:33 [http-nio-8080-exec-3] DEBUG org.hibernate.SQL - select u1_0.emplyr_id,u1_0.area_no,u1_0.brthdy,u1_0.chg_pwd_cnt,u1_0.frst_register_id,u1_0.frst_regist_pnttm,u1_0.detail_adres,u1_0.email_adres,u1_0.emplyr_sttus_code,u1_0.empl_no,u1_0.esntl_id,u1_0.fxnum,u1_0.group_id,u1_0.house_adres,u1_0.house_end_telno,u1_0.house_middle_telno,u1_0.ihidnum,u1_0.pstinst_code,u1_0.last_updusr_id,u1_0.last_updt_pnttm,u1_0.lock_at,u1_0.lock_cnt,u1_0.lock_last_pnttm,u1_0.mbtlnum,u1_0.ofcps_nm,u1_0.offm_telno,u1_0.orgnzt_id,u1_0.password,u1_0.password_cnsr,u1_0.password_hint,u1_0.chg_pwd_last_pnttm,u1_0.role,u1_0.sbscrb_de,u1_0.sexdstn_code,u1_0.crtfc_dn_value,u1_0.user_nm,u1_0.zip from nemplyrinfo u1_0 where u1_0.emplyr_id=?
2026-03-16 16:53:34 [http-nio-8080-exec-9] DEBUG o.s.orm.jpa.JpaTransactionManager - Found thread-bound EntityManager [SessionImpl(1428121862<open>)] for JPA transaction
2026-03-16 16:53:34 [http-nio-8080-exec-1] DEBUG o.s.orm.jpa.JpaTransactionManager - Found thread-bound EntityManager [SessionImpl(412044398<open>)] for JPA transaction
2026-03-16 16:53:34 [http-nio-8080-exec-9] DEBUG o.s.orm.jpa.JpaTransactionManager - Participating in existing transaction
2026-03-16 16:53:34 [http-nio-8080-exec-4] DEBUG o.s.orm.jpa.JpaTransactionManager - Found thread-bound EntityManager [SessionImpl(1315085193<open>)] for JPA transaction
2026-03-16 16:53:34 [http-nio-8080-exec-1] DEBUG o.s.orm.jpa.JpaTransactionManager - Participating in existing transaction
2026-03-16 16:53:34 [http-nio-8080-exec-4] DEBUG o.s.orm.jpa.JpaTransactionManager - Participating in existing transaction
2026-03-16 16:53:34 [http-nio-8080-exec-1] DEBUG org.hibernate.SQL - select ua1_0.scrty_dtrmn_trget_id,ua1_0.author_code,ua1_0.frst_register_id,ua1_0.frst_regist_pnttm,ua1_0.last_updusr_id,ua1_0.last_updt_pnttm,ua1_0.mber_ty_code from nemplyrscrtyestbs ua1_0 where ua1_0.scrty_dtrmn_trget_id=?
2026-03-16 16:53:34 [http-nio-8080-exec-9] DEBUG org.hibernate.SQL - select ua1_0.scrty_dtrmn_trget_id,ua1_0.author_code,ua1_0.frst_register_id,ua1_0.frst_regist_pnttm,ua1_0.last_updusr_id,ua1_0.last_updt_pnttm,ua1_0.mber_ty_code from nemplyrscrtyestbs ua1_0 where ua1_0.scrty_dtrmn_trget_id=?
2026-03-16 16:53:34 [http-nio-8080-exec-4] DEBUG org.hibernate.SQL - select ua1_0.scrty_dtrmn_trget_id,ua1_0.author_code,ua1_0.frst_register_id,ua1_0.frst_regist_pnttm,ua1_0.last_updusr_id,ua1_0.last_updt_pnttm,ua1_0.mber_ty_code from nemplyrscrtyestbs ua1_0 where ua1_0.scrty_dtrmn_trget_id=?
2026-03-16 16:53:34 [http-nio-8080-exec-3] DEBUG o.s.orm.jpa.JpaTransactionManager - Found thread-bound EntityManager [SessionImpl(1964433982<open>)] for JPA transaction
2026-03-16 16:53:34 [http-nio-8080-exec-8] DEBUG o.s.orm.jpa.JpaTransactionManager - Found thread-bound EntityManager [SessionImpl(406494075<open>)] for JPA transaction
2026-03-16 16:53:34 [http-nio-8080-exec-3] DEBUG o.s.orm.jpa.JpaTransactionManager - Participating in existing transaction
2026-03-16 16:53:34 [http-nio-8080-exec-8] DEBUG o.s.orm.jpa.JpaTransactionManager - Participating in existing transaction
2026-03-16 16:53:34 [http-nio-8080-exec-3] DEBUG org.hibernate.SQL - select ua1_0.scrty_dtrmn_trget_id,ua1_0.author_code,ua1_0.frst_register_id,ua1_0.frst_regist_pnttm,ua1_0.last_updusr_id,ua1_0.last_updt_pnttm,ua1_0.mber_ty_code from nemplyrscrtyestbs ua1_0 where ua1_0.scrty_dtrmn_trget_id=?
2026-03-16 16:53:34 [http-nio-8080-exec-8] DEBUG org.hibernate.SQL - select ua1_0.scrty_dtrmn_trget_id,ua1_0.author_code,ua1_0.frst_register_id,ua1_0.frst_regist_pnttm,ua1_0.last_updusr_id,ua1_0.last_updt_pnttm,ua1_0.mber_ty_code from nemplyrscrtyestbs ua1_0 where ua1_0.scrty_dtrmn_trget_id=?
2026-03-16 16:53:34 [http-nio-8080-exec-4] DEBUG o.s.orm.jpa.JpaTransactionManager - Initiating transaction commit
2026-03-16 16:53:34 [http-nio-8080-exec-9] DEBUG o.s.orm.jpa.JpaTransactionManager - Initiating transaction commit
2026-03-16 16:53:34 [http-nio-8080-exec-1] DEBUG o.s.orm.jpa.JpaTransactionManager - Initiating transaction commit
2026-03-16 16:53:34 [http-nio-8080-exec-4] DEBUG o.s.orm.jpa.JpaTransactionManager - Committing JPA transaction on EntityManager [SessionImpl(1315085193<open>)]
2026-03-16 16:53:34 [http-nio-8080-exec-1] DEBUG o.s.orm.jpa.JpaTransactionManager - Committing JPA transaction on EntityManager [SessionImpl(412044398<open>)]
2026-03-16 16:53:34 [http-nio-8080-exec-9] DEBUG o.s.orm.jpa.JpaTransactionManager - Committing JPA transaction on EntityManager [SessionImpl(1428121862<open>)]
2026-03-16 16:53:34 [http-nio-8080-exec-3] DEBUG o.s.orm.jpa.JpaTransactionManager - Initiating transaction commit
2026-03-16 16:53:34 [http-nio-8080-exec-8] DEBUG o.s.orm.jpa.JpaTransactionManager - Initiating transaction commit
2026-03-16 16:53:34 [http-nio-8080-exec-3] DEBUG o.s.orm.jpa.JpaTransactionManager - Committing JPA transaction on EntityManager [SessionImpl(1964433982<open>)]
2026-03-16 16:53:34 [http-nio-8080-exec-8] DEBUG o.s.orm.jpa.JpaTransactionManager - Committing JPA transaction on EntityManager [SessionImpl(406494075<open>)]
2026-03-16 16:53:34 [http-nio-8080-exec-4] DEBUG o.s.orm.jpa.JpaTransactionManager - Closing JPA EntityManager [SessionImpl(1315085193<open>)] after transaction
2026-03-16 16:53:34 [http-nio-8080-exec-4] DEBUG c.c.p.s.jwt.JwtAuthenticationFilter - >>> [JwtFilter] Successfully authenticated user: USRCNFRM_99999999999, Authorities: [ROLE_ADMIN]
2026-03-16 16:53:34 [http-nio-8080-exec-4] DEBUG o.s.web.servlet.DispatcherServlet - GET "/api/v1/menu/left?menuNo=20", parameters={masked}
2026-03-16 16:53:34 [http-nio-8080-exec-4] TRACE o.s.w.s.m.m.a.RequestMappingHandlerMapping - Mapped to com.company.project.api.controller.menu.MenuController#getLeftMenu(Long)
2026-03-16 16:53:34 [http-nio-8080-exec-4] INFO  c.c.p.a.c.menu.MenuController - getLeftMenu called with menuNo=20
2026-03-16 16:53:34 [http-nio-8080-exec-4] DEBUG o.s.orm.jpa.JpaTransactionManager - Creating new transaction with name [com.company.project.service.menu.MenuService.getSubMenus]: PROPAGATION_REQUIRED,ISOLATION_DEFAULT,readOnly
2026-03-16 16:53:34 [http-nio-8080-exec-4] DEBUG o.s.orm.jpa.JpaTransactionManager - Opened new EntityManager [SessionImpl(927958891<open>)] for JPA transaction
2026-03-16 16:53:34 [http-nio-8080-exec-4] DEBUG o.s.orm.jpa.JpaTransactionManager - Exposing JPA transaction as JDBC [org.springframework.orm.jpa.vendor.HibernateJpaDialect$HibernateConnectionHandle@3823a1dd]
2026-03-16 16:53:34 [http-nio-8080-exec-4] DEBUG org.hibernate.SQL - select m1_0.menu_no,m1_0.menu_dc,m1_0.menu_nm,m1_0.menu_ordr,m1_0.modern_route,m1_0.progrm_file_nm,m1_0.relate_image_nm,m1_0.relate_image_path,m1_0.route_updated_at,m1_0.upper_menu_no from nmenuinfo m1_0 order by m1_0.upper_menu_no,m1_0.menu_ordr
2026-03-16 16:53:34 [http-nio-8080-exec-1] DEBUG o.s.orm.jpa.JpaTransactionManager - Closing JPA EntityManager [SessionImpl(412044398<open>)] after transaction
2026-03-16 16:53:34 [http-nio-8080-exec-9] DEBUG o.s.orm.jpa.JpaTransactionManager - Closing JPA EntityManager [SessionImpl(1428121862<open>)] after transaction
2026-03-16 16:53:34 [http-nio-8080-exec-1] DEBUG c.c.p.s.jwt.JwtAuthenticationFilter - >>> [JwtFilter] Successfully authenticated user: USRCNFRM_99999999999, Authorities: [ROLE_ADMIN]
2026-03-16 16:53:34 [http-nio-8080-exec-9] DEBUG c.c.p.s.jwt.JwtAuthenticationFilter - >>> [JwtFilter] Successfully authenticated user: USRCNFRM_99999999999, Authorities: [ROLE_ADMIN]
2026-03-16 16:53:34 [http-nio-8080-exec-1] DEBUG o.s.web.servlet.DispatcherServlet - GET "/api/v1/menu/left?menuNo=60", parameters={masked}
2026-03-16 16:53:34 [http-nio-8080-exec-9] DEBUG o.s.web.servlet.DispatcherServlet - GET "/api/v1/menu/left?menuNo=40", parameters={masked}
2026-03-16 16:53:34 [http-nio-8080-exec-1] TRACE o.s.w.s.m.m.a.RequestMappingHandlerMapping - Mapped to com.company.project.api.controller.menu.MenuController#getLeftMenu(Long)
2026-03-16 16:53:34 [http-nio-8080-exec-9] TRACE o.s.w.s.m.m.a.RequestMappingHandlerMapping - Mapped to com.company.project.api.controller.menu.MenuController#getLeftMenu(Long)
2026-03-16 16:53:34 [http-nio-8080-exec-1] INFO  c.c.p.a.c.menu.MenuController - getLeftMenu called with menuNo=60
2026-03-16 16:53:34 [http-nio-8080-exec-9] INFO  c.c.p.a.c.menu.MenuController - getLeftMenu called with menuNo=40
2026-03-16 16:53:34 [http-nio-8080-exec-1] DEBUG o.s.orm.jpa.JpaTransactionManager - Creating new transaction with name [com.company.project.service.menu.MenuService.getSubMenus]: PROPAGATION_REQUIRED,ISOLATION_DEFAULT,readOnly
2026-03-16 16:53:34 [http-nio-8080-exec-9] DEBUG o.s.orm.jpa.JpaTransactionManager - Creating new transaction with name [com.company.project.service.menu.MenuService.getSubMenus]: PROPAGATION_REQUIRED,ISOLATION_DEFAULT,readOnly
2026-03-16 16:53:34 [http-nio-8080-exec-1] DEBUG o.s.orm.jpa.JpaTransactionManager - Opened new EntityManager [SessionImpl(1354631380<open>)] for JPA transaction
2026-03-16 16:53:34 [http-nio-8080-exec-9] DEBUG o.s.orm.jpa.JpaTransactionManager - Opened new EntityManager [SessionImpl(166977637<open>)] for JPA transaction
2026-03-16 16:53:34 [http-nio-8080-exec-1] DEBUG o.s.orm.jpa.JpaTransactionManager - Exposing JPA transaction as JDBC [org.springframework.orm.jpa.vendor.HibernateJpaDialect$HibernateConnectionHandle@6dc50b7e]
2026-03-16 16:53:34 [http-nio-8080-exec-9] DEBUG o.s.orm.jpa.JpaTransactionManager - Exposing JPA transaction as JDBC [org.springframework.orm.jpa.vendor.HibernateJpaDialect$HibernateConnectionHandle@34104b93]
2026-03-16 16:53:34 [http-nio-8080-exec-1] DEBUG org.hibernate.SQL - select m1_0.menu_no,m1_0.menu_dc,m1_0.menu_nm,m1_0.menu_ordr,m1_0.modern_route,m1_0.progrm_file_nm,m1_0.relate_image_nm,m1_0.relate_image_path,m1_0.route_updated_at,m1_0.upper_menu_no from nmenuinfo m1_0 order by m1_0.upper_menu_no,m1_0.menu_ordr
2026-03-16 16:53:34 [http-nio-8080-exec-9] DEBUG org.hibernate.SQL - select m1_0.menu_no,m1_0.menu_dc,m1_0.menu_nm,m1_0.menu_ordr,m1_0.modern_route,m1_0.progrm_file_nm,m1_0.relate_image_nm,m1_0.relate_image_path,m1_0.route_updated_at,m1_0.upper_menu_no from nmenuinfo m1_0 order by m1_0.upper_menu_no,m1_0.menu_ordr
2026-03-16 16:53:34 [http-nio-8080-exec-8] DEBUG o.s.orm.jpa.JpaTransactionManager - Closing JPA EntityManager [SessionImpl(406494075<open>)] after transaction
2026-03-16 16:53:34 [http-nio-8080-exec-8] DEBUG c.c.p.s.jwt.JwtAuthenticationFilter - >>> [JwtFilter] Successfully authenticated user: USRCNFRM_99999999999, Authorities: [ROLE_ADMIN]
2026-03-16 16:53:34 [http-nio-8080-exec-3] DEBUG o.s.orm.jpa.JpaTransactionManager - Closing JPA EntityManager [SessionImpl(1964433982<open>)] after transaction
2026-03-16 16:53:34 [http-nio-8080-exec-3] DEBUG c.c.p.s.jwt.JwtAuthenticationFilter - >>> [JwtFilter] Successfully authenticated user: USRCNFRM_99999999999, Authorities: [ROLE_ADMIN]
2026-03-16 16:53:34 [http-nio-8080-exec-8] DEBUG o.s.web.servlet.DispatcherServlet - GET "/api/v1/menu/left?menuNo=10", parameters={masked}
2026-03-16 16:53:34 [http-nio-8080-exec-3] DEBUG o.s.web.servlet.DispatcherServlet - GET "/api/v1/menu/left?menuNo=50", parameters={masked}
2026-03-16 16:53:34 [http-nio-8080-exec-8] TRACE o.s.w.s.m.m.a.RequestMappingHandlerMapping - Mapped to com.company.project.api.controller.menu.MenuController#getLeftMenu(Long)
2026-03-16 16:53:34 [http-nio-8080-exec-3] TRACE o.s.w.s.m.m.a.RequestMappingHandlerMapping - Mapped to com.company.project.api.controller.menu.MenuController#getLeftMenu(Long)
2026-03-16 16:53:34 [http-nio-8080-exec-3] INFO  c.c.p.a.c.menu.MenuController - getLeftMenu called with menuNo=50
2026-03-16 16:53:34 [http-nio-8080-exec-8] INFO  c.c.p.a.c.menu.MenuController - getLeftMenu called with menuNo=10
2026-03-16 16:53:34 [http-nio-8080-exec-3] DEBUG o.s.orm.jpa.JpaTransactionManager - Creating new transaction with name [com.company.project.service.menu.MenuService.getSubMenus]: PROPAGATION_REQUIRED,ISOLATION_DEFAULT,readOnly
2026-03-16 16:53:34 [http-nio-8080-exec-8] DEBUG o.s.orm.jpa.JpaTransactionManager - Creating new transaction with name [com.company.project.service.menu.MenuService.getSubMenus]: PROPAGATION_REQUIRED,ISOLATION_DEFAULT,readOnly
2026-03-16 16:53:34 [http-nio-8080-exec-3] DEBUG o.s.orm.jpa.JpaTransactionManager - Opened new EntityManager [SessionImpl(366316763<open>)] for JPA transaction
2026-03-16 16:53:34 [http-nio-8080-exec-8] DEBUG o.s.orm.jpa.JpaTransactionManager - Opened new EntityManager [SessionImpl(1713842660<open>)] for JPA transaction
2026-03-16 16:53:34 [http-nio-8080-exec-3] DEBUG o.s.orm.jpa.JpaTransactionManager - Exposing JPA transaction as JDBC [org.springframework.orm.jpa.vendor.HibernateJpaDialect$HibernateConnectionHandle@260f35af]
2026-03-16 16:53:34 [http-nio-8080-exec-8] DEBUG o.s.orm.jpa.JpaTransactionManager - Exposing JPA transaction as JDBC [org.springframework.orm.jpa.vendor.HibernateJpaDialect$HibernateConnectionHandle@57069dde]
2026-03-16 16:53:34 [http-nio-8080-exec-3] DEBUG org.hibernate.SQL - select m1_0.menu_no,m1_0.menu_dc,m1_0.menu_nm,m1_0.menu_ordr,m1_0.modern_route,m1_0.progrm_file_nm,m1_0.relate_image_nm,m1_0.relate_image_path,m1_0.route_updated_at,m1_0.upper_menu_no from nmenuinfo m1_0 order by m1_0.upper_menu_no,m1_0.menu_ordr
2026-03-16 16:53:34 [http-nio-8080-exec-8] DEBUG org.hibernate.SQL - select m1_0.menu_no,m1_0.menu_dc,m1_0.menu_nm,m1_0.menu_ordr,m1_0.modern_route,m1_0.progrm_file_nm,m1_0.relate_image_nm,m1_0.relate_image_path,m1_0.route_updated_at,m1_0.upper_menu_no from nmenuinfo m1_0 order by m1_0.upper_menu_no,m1_0.menu_ordr
2026-03-16 16:53:34 [http-nio-8080-exec-4] DEBUG o.s.orm.jpa.JpaTransactionManager - Found thread-bound EntityManager [SessionImpl(927958891<open>)] for JPA transaction
2026-03-16 16:53:34 [http-nio-8080-exec-4] DEBUG o.s.orm.jpa.JpaTransactionManager - Participating in existing transaction
2026-03-16 16:53:34 [http-nio-8080-exec-4] DEBUG org.hibernate.SQL - select p1_0.progrm_file_nm,p1_0.progrm_dc,p1_0.progrm_korean_nm,p1_0.progrm_stre_path,p1_0.url from nprogrmlist p1_0
2026-03-16 16:53:34 [http-nio-8080-exec-1] DEBUG o.s.orm.jpa.JpaTransactionManager - Found thread-bound EntityManager [SessionImpl(1354631380<open>)] for JPA transaction
2026-03-16 16:53:34 [http-nio-8080-exec-1] DEBUG o.s.orm.jpa.JpaTransactionManager - Participating in existing transaction
2026-03-16 16:53:34 [http-nio-8080-exec-1] DEBUG org.hibernate.SQL - select p1_0.progrm_file_nm,p1_0.progrm_dc,p1_0.progrm_korean_nm,p1_0.progrm_stre_path,p1_0.url from nprogrmlist p1_0
2026-03-16 16:53:34 [http-nio-8080-exec-9] DEBUG o.s.orm.jpa.JpaTransactionManager - Found thread-bound EntityManager [SessionImpl(166977637<open>)] for JPA transaction
2026-03-16 16:53:34 [http-nio-8080-exec-9] DEBUG o.s.orm.jpa.JpaTransactionManager - Participating in existing transaction
2026-03-16 16:53:34 [http-nio-8080-exec-9] DEBUG org.hibernate.SQL - select p1_0.progrm_file_nm,p1_0.progrm_dc,p1_0.progrm_korean_nm,p1_0.progrm_stre_path,p1_0.url from nprogrmlist p1_0
2026-03-16 16:53:34 [http-nio-8080-exec-3] DEBUG o.s.orm.jpa.JpaTransactionManager - Found thread-bound EntityManager [SessionImpl(366316763<open>)] for JPA transaction
2026-03-16 16:53:34 [http-nio-8080-exec-3] DEBUG o.s.orm.jpa.JpaTransactionManager - Participating in existing transaction
2026-03-16 16:53:34 [http-nio-8080-exec-3] DEBUG org.hibernate.SQL - select p1_0.progrm_file_nm,p1_0.progrm_dc,p1_0.progrm_korean_nm,p1_0.progrm_stre_path,p1_0.url from nprogrmlist p1_0
2026-03-16 16:53:34 [http-nio-8080-exec-8] DEBUG o.s.orm.jpa.JpaTransactionManager - Found thread-bound EntityManager [SessionImpl(1713842660<open>)] for JPA transaction
2026-03-16 16:53:34 [http-nio-8080-exec-8] DEBUG o.s.orm.jpa.JpaTransactionManager - Participating in existing transaction
2026-03-16 16:53:34 [http-nio-8080-exec-8] DEBUG org.hibernate.SQL - select p1_0.progrm_file_nm,p1_0.progrm_dc,p1_0.progrm_korean_nm,p1_0.progrm_stre_path,p1_0.url from nprogrmlist p1_0
2026-03-16 16:53:34 [http-nio-8080-exec-4] DEBUG o.s.orm.jpa.JpaTransactionManager - Initiating transaction commit
2026-03-16 16:53:34 [http-nio-8080-exec-4] DEBUG o.s.orm.jpa.JpaTransactionManager - Committing JPA transaction on EntityManager [SessionImpl(927958891<open>)]
2026-03-16 16:53:34 [http-nio-8080-exec-1] DEBUG o.s.orm.jpa.JpaTransactionManager - Initiating transaction commit
2026-03-16 16:53:34 [http-nio-8080-exec-1] DEBUG o.s.orm.jpa.JpaTransactionManager - Committing JPA transaction on EntityManager [SessionImpl(1354631380<open>)]
2026-03-16 16:53:34 [http-nio-8080-exec-9] DEBUG o.s.orm.jpa.JpaTransactionManager - Initiating transaction commit
2026-03-16 16:53:34 [http-nio-8080-exec-9] DEBUG o.s.orm.jpa.JpaTransactionManager - Committing JPA transaction on EntityManager [SessionImpl(166977637<open>)]
2026-03-16 16:53:34 [http-nio-8080-exec-3] DEBUG o.s.orm.jpa.JpaTransactionManager - Initiating transaction commit
2026-03-16 16:53:34 [http-nio-8080-exec-3] DEBUG o.s.orm.jpa.JpaTransactionManager - Committing JPA transaction on EntityManager [SessionImpl(366316763<open>)]
2026-03-16 16:53:34 [http-nio-8080-exec-8] DEBUG o.s.orm.jpa.JpaTransactionManager - Initiating transaction commit
2026-03-16 16:53:34 [http-nio-8080-exec-8] DEBUG o.s.orm.jpa.JpaTransactionManager - Committing JPA transaction on EntityManager [SessionImpl(1713842660<open>)]
2026-03-16 16:53:35 [http-nio-8080-exec-1] DEBUG o.s.orm.jpa.JpaTransactionManager - Closing JPA EntityManager [SessionImpl(1354631380<open>)] after transaction
2026-03-16 16:53:35 [http-nio-8080-exec-4] DEBUG o.s.orm.jpa.JpaTransactionManager - Closing JPA EntityManager [SessionImpl(927958891<open>)] after transaction
2026-03-16 16:53:35 [http-nio-8080-exec-1] INFO  c.c.p.a.c.menu.MenuController - getLeftMenu returned 1 items
2026-03-16 16:53:35 [http-nio-8080-exec-4] INFO  c.c.p.a.c.menu.MenuController - getLeftMenu returned 3 items
2026-03-16 16:53:35 [http-nio-8080-exec-1] DEBUG o.s.w.s.m.m.a.HttpEntityMethodProcessor - Using 'application/json', given [application/json, text/plain, */*] and supported [application/json, application/*+json, application/yaml]
2026-03-16 16:53:35 [http-nio-8080-exec-4] DEBUG o.s.w.s.m.m.a.HttpEntityMethodProcessor - Using 'application/json', given [application/json, text/plain, */*] and supported [application/json, application/*+json, application/yaml]
2026-03-16 16:53:35 [http-nio-8080-exec-4] TRACE o.s.w.s.m.m.a.HttpEntityMethodProcessor - Writing [ApiResponse[success=true, status=200, code=COMMON_001, message=Success, data={list=[com.company.project.service.menu.dto.MenuDto@4928ce1, com.company.project.service.menu.dto.MenuDto@1f4fae0e, com.company.project.service.menu.dto.MenuDto@2e3fafcd]}, timestamp=2026-03-16T16:53:35.010397300]]
2026-03-16 16:53:35 [http-nio-8080-exec-1] TRACE o.s.w.s.m.m.a.HttpEntityMethodProcessor - Writing [ApiResponse[success=true, status=200, code=COMMON_001, message=Success, data={list=[com.company.project.service.menu.dto.MenuDto@79a19ae2]}, timestamp=2026-03-16T16:53:35.010397300]]
2026-03-16 16:53:35 [http-nio-8080-exec-1] INFO  c.c.p.a.i.OperationalAuditInterceptor - API Audit Log: URL=/api/v1/menu/left, User=webmaster, IP=0:0:0:0:0:0:0:1
2026-03-16 16:53:35 [http-nio-8080-exec-4] INFO  c.c.p.a.i.OperationalAuditInterceptor - API Audit Log: URL=/api/v1/menu/left, User=webmaster, IP=0:0:0:0:0:0:0:1
2026-03-16 16:53:35 [http-nio-8080-exec-1] DEBUG o.s.web.servlet.DispatcherServlet - Completed 200 OK
2026-03-16 16:53:35 [http-nio-8080-exec-4] DEBUG o.s.web.servlet.DispatcherServlet - Completed 200 OK
2026-03-16 16:53:35 [http-nio-8080-exec-9] DEBUG o.s.orm.jpa.JpaTransactionManager - Closing JPA EntityManager [SessionImpl(166977637<open>)] after transaction
2026-03-16 16:53:35 [http-nio-8080-exec-9] INFO  c.c.p.a.c.menu.MenuController - getLeftMenu returned 2 items
2026-03-16 16:53:35 [http-nio-8080-exec-9] DEBUG o.s.w.s.m.m.a.HttpEntityMethodProcessor - Using 'application/json', given [application/json, text/plain, */*] and supported [application/json, application/*+json, application/yaml]
2026-03-16 16:53:35 [http-nio-8080-exec-9] TRACE o.s.w.s.m.m.a.HttpEntityMethodProcessor - Writing [ApiResponse[success=true, status=200, code=COMMON_001, message=Success, data={list=[com.company.project.service.menu.dto.MenuDto@47635da0, com.company.project.service.menu.dto.MenuDto@1a2c7cd9]}, timestamp=2026-03-16T16:53:35.019007600]]
2026-03-16 16:53:35 [http-nio-8080-exec-9] INFO  c.c.p.a.i.OperationalAuditInterceptor - API Audit Log: URL=/api/v1/menu/left, User=webmaster, IP=0:0:0:0:0:0:0:1
2026-03-16 16:53:35 [http-nio-8080-exec-9] DEBUG o.s.web.servlet.DispatcherServlet - Completed 200 OK
2026-03-16 16:53:35 [http-nio-8080-exec-8] DEBUG o.s.orm.jpa.JpaTransactionManager - Closing JPA EntityManager [SessionImpl(1713842660<open>)] after transaction
2026-03-16 16:53:35 [http-nio-8080-exec-3] DEBUG o.s.orm.jpa.JpaTransactionManager - Closing JPA EntityManager [SessionImpl(366316763<open>)] after transaction
2026-03-16 16:53:35 [http-nio-8080-exec-8] INFO  c.c.p.a.c.menu.MenuController - getLeftMenu returned 5 items
2026-03-16 16:53:35 [http-nio-8080-exec-3] INFO  c.c.p.a.c.menu.MenuController - getLeftMenu returned 3 items
2026-03-16 16:53:35 [http-nio-8080-exec-8] DEBUG o.s.w.s.m.m.a.HttpEntityMethodProcessor - Using 'application/json', given [application/json, text/plain, */*] and supported [application/json, application/*+json, application/yaml]
2026-03-16 16:53:35 [http-nio-8080-exec-3] DEBUG o.s.w.s.m.m.a.HttpEntityMethodProcessor - Using 'application/json', given [application/json, text/plain, */*] and supported [application/json, application/*+json, application/yaml]
2026-03-16 16:53:35 [http-nio-8080-exec-8] TRACE o.s.w.s.m.m.a.HttpEntityMethodProcessor - Writing [ApiResponse[success=true, status=200, code=COMMON_001, message=Success, data={list=[com.company.project.service.menu.dto.MenuDto@463c9c45, com.company.project.service.menu.dto.MenuDto@54996bed, com.company.project.service.menu.dto.MenuDto@2da5bb4d, com.company.project.service.menu.dto.MenuDto@1e04d3c7, com.company.project.service.menu.dto.MenuDto@3cf8aaf6]}, timestamp=2026-03-16T16:53:35.190914100]]
2026-03-16 16:53:35 [http-nio-8080-exec-3] TRACE o.s.w.s.m.m.a.HttpEntityMethodProcessor - Writing [ApiResponse[success=true, status=200, code=COMMON_001, message=Success, data={list=[com.company.project.service.menu.dto.MenuDto@5d7b36ca, com.company.project.service.menu.dto.MenuDto@3a52fedc, com.company.project.service.menu.dto.MenuDto@3e9b2a06]}, timestamp=2026-03-16T16:53:35.190914100]]
2026-03-16 16:53:35 [http-nio-8080-exec-8] INFO  c.c.p.a.i.OperationalAuditInterceptor - API Audit Log: URL=/api/v1/menu/left, User=webmaster, IP=0:0:0:0:0:0:0:1
2026-03-16 16:53:35 [http-nio-8080-exec-3] INFO  c.c.p.a.i.OperationalAuditInterceptor - API Audit Log: URL=/api/v1/menu/left, User=webmaster, IP=0:0:0:0:0:0:0:1
2026-03-16 16:53:35 [http-nio-8080-exec-8] DEBUG o.s.web.servlet.DispatcherServlet - Completed 200 OK
2026-03-16 16:53:35 [http-nio-8080-exec-3] DEBUG o.s.web.servlet.DispatcherServlet - Completed 200 OK
2026-03-16 16:53:35 [http-nio-8080-exec-7] DEBUG o.s.w.s.h.LoggingWebSocketHandlerDecorator - WebSocketServerSockJsSession[id=utlvn1pr] closed with CloseStatus[code=1000, reason=null]
2026-03-16 16:53:35 [http-nio-8080-exec-7] DEBUG o.s.w.s.m.SubProtocolWebSocketHandler - Clearing session utlvn1pr
2026-03-16 16:53:35 [scheduling-1] DEBUG org.springframework.web.SimpLogging - Processing DISCONNECT session=utlvn1pr
2026-03-16 16:53:35 [scheduling-1] DEBUG o.s.w.s.m.SubProtocolWebSocketHandler - No session for GenericMessage [payload=byte[0], headers={simpMessageType=DISCONNECT_ACK, simpDisconnectMessage=GenericMessage [payload=byte[0], headers={simpMessageType=DISCONNECT, stompCommand=DISCONNECT, simpSessionAttributes={org.springframework.messaging.simp.SimpAttributes.COMPLETED=true}, simpSessionId=utlvn1pr}], simpSessionId=utlvn1pr}]
2026-03-16 16:53:35 [http-nio-8080-exec-5] DEBUG c.c.p.s.jwt.JwtAuthenticationFilter - >>> [JwtFilter] Processing request: GET /api/v1/menu/left
2026-03-16 16:53:35 [http-nio-8080-exec-5] DEBUG c.c.p.s.jwt.JwtAuthenticationFilter - >>> [JwtFilter] Found token in header for path: /api/v1/menu/left
2026-03-16 16:53:35 [http-nio-8080-exec-5] DEBUG o.s.orm.jpa.JpaTransactionManager - Creating new transaction with name [com.company.project.security.iam.CustomUserDetailsService.loadUserByUsername]: PROPAGATION_REQUIRED,ISOLATION_DEFAULT,readOnly
2026-03-16 16:53:35 [http-nio-8080-exec-5] DEBUG o.s.orm.jpa.JpaTransactionManager - Opened new EntityManager [SessionImpl(241172947<open>)] for JPA transaction
2026-03-16 16:53:35 [http-nio-8080-exec-10] DEBUG c.c.p.s.jwt.JwtAuthenticationFilter - >>> [JwtFilter] Processing request: GET /api/v1/menu/head
2026-03-16 16:53:35 [http-nio-8080-exec-2] DEBUG c.c.p.s.jwt.JwtAuthenticationFilter - >>> [JwtFilter] Processing request: GET /api/v1/auth/me
2026-03-16 16:53:35 [http-nio-8080-exec-10] DEBUG c.c.p.s.jwt.JwtAuthenticationFilter - >>> [JwtFilter] Found token in header for path: /api/v1/menu/head
2026-03-16 16:53:35 [http-nio-8080-exec-2] DEBUG c.c.p.s.jwt.JwtAuthenticationFilter - >>> [JwtFilter] Found token in header for path: /api/v1/auth/me
2026-03-16 16:53:35 [http-nio-8080-exec-10] DEBUG o.s.orm.jpa.JpaTransactionManager - Creating new transaction with name [com.company.project.security.iam.CustomUserDetailsService.loadUserByUsername]: PROPAGATION_REQUIRED,ISOLATION_DEFAULT,readOnly
2026-03-16 16:53:35 [http-nio-8080-exec-2] DEBUG o.s.orm.jpa.JpaTransactionManager - Creating new transaction with name [com.company.project.security.iam.CustomUserDetailsService.loadUserByUsername]: PROPAGATION_REQUIRED,ISOLATION_DEFAULT,readOnly
2026-03-16 16:53:35 [http-nio-8080-exec-10] DEBUG o.s.orm.jpa.JpaTransactionManager - Opened new EntityManager [SessionImpl(353408718<open>)] for JPA transaction
2026-03-16 16:53:35 [http-nio-8080-exec-2] DEBUG o.s.orm.jpa.JpaTransactionManager - Opened new EntityManager [SessionImpl(1314464254<open>)] for JPA transaction
2026-03-16 16:53:35 [http-nio-8080-exec-2] DEBUG o.s.orm.jpa.JpaTransactionManager - Exposing JPA transaction as JDBC [org.springframework.orm.jpa.vendor.HibernateJpaDialect$HibernateConnectionHandle@1e1ea481]
2026-03-16 16:53:35 [http-nio-8080-exec-2] DEBUG o.s.orm.jpa.JpaTransactionManager - Found thread-bound EntityManager [SessionImpl(1314464254<open>)] for JPA transaction
2026-03-16 16:53:35 [http-nio-8080-exec-2] DEBUG o.s.orm.jpa.JpaTransactionManager - Participating in existing transaction
2026-03-16 16:53:35 [http-nio-8080-exec-2] DEBUG org.hibernate.SQL - select u1_0.emplyr_id,u1_0.area_no,u1_0.brthdy,u1_0.chg_pwd_cnt,u1_0.frst_register_id,u1_0.frst_regist_pnttm,u1_0.detail_adres,u1_0.email_adres,u1_0.emplyr_sttus_code,u1_0.empl_no,u1_0.esntl_id,u1_0.fxnum,u1_0.group_id,u1_0.house_adres,u1_0.house_end_telno,u1_0.house_middle_telno,u1_0.ihidnum,u1_0.pstinst_code,u1_0.last_updusr_id,u1_0.last_updt_pnttm,u1_0.lock_at,u1_0.lock_cnt,u1_0.lock_last_pnttm,u1_0.mbtlnum,u1_0.ofcps_nm,u1_0.offm_telno,u1_0.orgnzt_id,u1_0.password,u1_0.password_cnsr,u1_0.password_hint,u1_0.chg_pwd_last_pnttm,u1_0.role,u1_0.sbscrb_de,u1_0.sexdstn_code,u1_0.crtfc_dn_value,u1_0.user_nm,u1_0.zip from nemplyrinfo u1_0 where u1_0.emplyr_id=?
2026-03-16 16:53:35 [http-nio-8080-exec-5] DEBUG o.s.orm.jpa.JpaTransactionManager - Exposing JPA transaction as JDBC [org.springframework.orm.jpa.vendor.HibernateJpaDialect$HibernateConnectionHandle@22df954a]
2026-03-16 16:53:35 [http-nio-8080-exec-10] DEBUG o.s.orm.jpa.JpaTransactionManager - Exposing JPA transaction as JDBC [org.springframework.orm.jpa.vendor.HibernateJpaDialect$HibernateConnectionHandle@7f809643]
2026-03-16 16:53:35 [http-nio-8080-exec-5] DEBUG o.s.orm.jpa.JpaTransactionManager - Found thread-bound EntityManager [SessionImpl(241172947<open>)] for JPA transaction
2026-03-16 16:53:35 [http-nio-8080-exec-10] DEBUG o.s.orm.jpa.JpaTransactionManager - Found thread-bound EntityManager [SessionImpl(353408718<open>)] for JPA transaction
2026-03-16 16:53:35 [http-nio-8080-exec-5] DEBUG o.s.orm.jpa.JpaTransactionManager - Participating in existing transaction
2026-03-16 16:53:35 [http-nio-8080-exec-10] DEBUG o.s.orm.jpa.JpaTransactionManager - Participating in existing transaction
2026-03-16 16:53:35 [http-nio-8080-exec-10] DEBUG org.hibernate.SQL - select u1_0.emplyr_id,u1_0.area_no,u1_0.brthdy,u1_0.chg_pwd_cnt,u1_0.frst_register_id,u1_0.frst_regist_pnttm,u1_0.detail_adres,u1_0.email_adres,u1_0.emplyr_sttus_code,u1_0.empl_no,u1_0.esntl_id,u1_0.fxnum,u1_0.group_id,u1_0.house_adres,u1_0.house_end_telno,u1_0.house_middle_telno,u1_0.ihidnum,u1_0.pstinst_code,u1_0.last_updusr_id,u1_0.last_updt_pnttm,u1_0.lock_at,u1_0.lock_cnt,u1_0.lock_last_pnttm,u1_0.mbtlnum,u1_0.ofcps_nm,u1_0.offm_telno,u1_0.orgnzt_id,u1_0.password,u1_0.password_cnsr,u1_0.password_hint,u1_0.chg_pwd_last_pnttm,u1_0.role,u1_0.sbscrb_de,u1_0.sexdstn_code,u1_0.crtfc_dn_value,u1_0.user_nm,u1_0.zip from nemplyrinfo u1_0 where u1_0.emplyr_id=?
2026-03-16 16:53:35 [http-nio-8080-exec-5] DEBUG org.hibernate.SQL - select u1_0.emplyr_id,u1_0.area_no,u1_0.brthdy,u1_0.chg_pwd_cnt,u1_0.frst_register_id,u1_0.frst_regist_pnttm,u1_0.detail_adres,u1_0.email_adres,u1_0.emplyr_sttus_code,u1_0.empl_no,u1_0.esntl_id,u1_0.fxnum,u1_0.group_id,u1_0.house_adres,u1_0.house_end_telno,u1_0.house_middle_telno,u1_0.ihidnum,u1_0.pstinst_code,u1_0.last_updusr_id,u1_0.last_updt_pnttm,u1_0.lock_at,u1_0.lock_cnt,u1_0.lock_last_pnttm,u1_0.mbtlnum,u1_0.ofcps_nm,u1_0.offm_telno,u1_0.orgnzt_id,u1_0.password,u1_0.password_cnsr,u1_0.password_hint,u1_0.chg_pwd_last_pnttm,u1_0.role,u1_0.sbscrb_de,u1_0.sexdstn_code,u1_0.crtfc_dn_value,u1_0.user_nm,u1_0.zip from nemplyrinfo u1_0 where u1_0.emplyr_id=?
2026-03-16 16:53:36 [http-nio-8080-exec-2] DEBUG o.s.orm.jpa.JpaTransactionManager - Found thread-bound EntityManager [SessionImpl(1314464254<open>)] for JPA transaction
2026-03-16 16:53:36 [http-nio-8080-exec-2] DEBUG o.s.orm.jpa.JpaTransactionManager - Participating in existing transaction
2026-03-16 16:53:36 [http-nio-8080-exec-2] DEBUG org.hibernate.SQL - select ua1_0.scrty_dtrmn_trget_id,ua1_0.author_code,ua1_0.frst_register_id,ua1_0.frst_regist_pnttm,ua1_0.last_updusr_id,ua1_0.last_updt_pnttm,ua1_0.mber_ty_code from nemplyrscrtyestbs ua1_0 where ua1_0.scrty_dtrmn_trget_id=?
2026-03-16 16:53:36 [http-nio-8080-exec-10] DEBUG o.s.orm.jpa.JpaTransactionManager - Found thread-bound EntityManager [SessionImpl(353408718<open>)] for JPA transaction
2026-03-16 16:53:36 [http-nio-8080-exec-5] DEBUG o.s.orm.jpa.JpaTransactionManager - Found thread-bound EntityManager [SessionImpl(241172947<open>)] for JPA transaction
2026-03-16 16:53:36 [http-nio-8080-exec-10] DEBUG o.s.orm.jpa.JpaTransactionManager - Participating in existing transaction
2026-03-16 16:53:36 [http-nio-8080-exec-5] DEBUG o.s.orm.jpa.JpaTransactionManager - Participating in existing transaction
2026-03-16 16:53:36 [http-nio-8080-exec-5] DEBUG org.hibernate.SQL - select ua1_0.scrty_dtrmn_trget_id,ua1_0.author_code,ua1_0.frst_register_id,ua1_0.frst_regist_pnttm,ua1_0.last_updusr_id,ua1_0.last_updt_pnttm,ua1_0.mber_ty_code from nemplyrscrtyestbs ua1_0 where ua1_0.scrty_dtrmn_trget_id=?
2026-03-16 16:53:36 [http-nio-8080-exec-10] DEBUG org.hibernate.SQL - select ua1_0.scrty_dtrmn_trget_id,ua1_0.author_code,ua1_0.frst_register_id,ua1_0.frst_regist_pnttm,ua1_0.last_updusr_id,ua1_0.last_updt_pnttm,ua1_0.mber_ty_code from nemplyrscrtyestbs ua1_0 where ua1_0.scrty_dtrmn_trget_id=?
2026-03-16 16:53:36 [http-nio-8080-exec-2] DEBUG o.s.orm.jpa.JpaTransactionManager - Initiating transaction commit
2026-03-16 16:53:36 [http-nio-8080-exec-2] DEBUG o.s.orm.jpa.JpaTransactionManager - Committing JPA transaction on EntityManager [SessionImpl(1314464254<open>)]
2026-03-16 16:53:36 [http-nio-8080-exec-5] DEBUG o.s.orm.jpa.JpaTransactionManager - Initiating transaction commit
2026-03-16 16:53:36 [http-nio-8080-exec-5] DEBUG o.s.orm.jpa.JpaTransactionManager - Committing JPA transaction on EntityManager [SessionImpl(241172947<open>)]
2026-03-16 16:53:36 [http-nio-8080-exec-10] DEBUG o.s.orm.jpa.JpaTransactionManager - Initiating transaction commit
2026-03-16 16:53:36 [http-nio-8080-exec-10] DEBUG o.s.orm.jpa.JpaTransactionManager - Committing JPA transaction on EntityManager [SessionImpl(353408718<open>)]
2026-03-16 16:53:36 [http-nio-8080-exec-2] DEBUG o.s.orm.jpa.JpaTransactionManager - Closing JPA EntityManager [SessionImpl(1314464254<open>)] after transaction
2026-03-16 16:53:36 [http-nio-8080-exec-2] DEBUG c.c.p.s.jwt.JwtAuthenticationFilter - >>> [JwtFilter] Successfully authenticated user: USRCNFRM_99999999999, Authorities: [ROLE_ADMIN]
2026-03-16 16:53:36 [http-nio-8080-exec-2] DEBUG o.s.web.servlet.DispatcherServlet - GET "/api/v1/auth/me", parameters={}
2026-03-16 16:53:36 [http-nio-8080-exec-2] TRACE o.s.w.s.m.m.a.RequestMappingHandlerMapping - Mapped to com.company.project.api.auth.AuthController#getCurrentUser()
2026-03-16 16:53:36 [http-nio-8080-exec-2] DEBUG o.s.w.s.m.m.a.RequestResponseBodyMethodProcessor - Using 'application/json', given [application/json, text/plain, */*] and supported [application/json, application/*+json, application/yaml]
2026-03-16 16:53:36 [http-nio-8080-exec-2] TRACE o.s.w.s.m.m.a.RequestResponseBodyMethodProcessor - Writing [ApiResponse[success=true, status=200, code=COMMON_001, message=Success, data={role=ROLE_ADMIN, userSe=EMP, name=관리자, id=webmaster}, timestamp=2026-03-16T16:53:36.343217300]]
2026-03-16 16:53:36 [http-nio-8080-exec-2] INFO  c.c.p.a.i.OperationalAuditInterceptor - API Audit Log: URL=/api/v1/auth/me, User=webmaster, IP=127.0.0.1
2026-03-16 16:53:36 [http-nio-8080-exec-2] DEBUG o.s.web.servlet.DispatcherServlet - Completed 200 OK
2026-03-16 16:53:36 [http-nio-8080-exec-6] DEBUG o.s.web.servlet.DispatcherServlet - GET "/ws/info?t=1773647616353", parameters={masked}
2026-03-16 16:53:36 [http-nio-8080-exec-4] DEBUG c.c.p.s.jwt.JwtAuthenticationFilter - >>> [JwtFilter] Processing request: GET /api/v1/notifications/unread-count
2026-03-16 16:53:36 [http-nio-8080-exec-6] DEBUG o.s.w.s.s.s.WebSocketHandlerMapping - Mapped to org.springframework.web.socket.sockjs.support.SockJsHttpRequestHandler@3d80b7ba
2026-03-16 16:53:36 [http-nio-8080-exec-4] DEBUG c.c.p.s.jwt.JwtAuthenticationFilter - >>> [JwtFilter] Found token in header for path: /api/v1/notifications/unread-count
2026-03-16 16:53:36 [http-nio-8080-exec-1] DEBUG c.c.p.s.jwt.JwtAuthenticationFilter - >>> [JwtFilter] Processing request: GET /api/v1/notifications
2026-03-16 16:53:36 [http-nio-8080-exec-1] DEBUG c.c.p.s.jwt.JwtAuthenticationFilter - >>> [JwtFilter] Found token in header for path: /api/v1/notifications
2026-03-16 16:53:36 [http-nio-8080-exec-6] DEBUG o.s.w.s.s.t.h.DefaultSockJsService - Processing transport request: GET http://localhost:8080/ws/info?t=1773647616353
2026-03-16 16:53:36 [http-nio-8080-exec-1] DEBUG o.s.orm.jpa.JpaTransactionManager - Creating new transaction with name [com.company.project.security.iam.CustomUserDetailsService.loadUserByUsername]: PROPAGATION_REQUIRED,ISOLATION_DEFAULT,readOnly
2026-03-16 16:53:36 [http-nio-8080-exec-4] DEBUG o.s.orm.jpa.JpaTransactionManager - Creating new transaction with name [com.company.project.security.iam.CustomUserDetailsService.loadUserByUsername]: PROPAGATION_REQUIRED,ISOLATION_DEFAULT,readOnly
2026-03-16 16:53:36 [http-nio-8080-exec-1] DEBUG o.s.orm.jpa.JpaTransactionManager - Opened new EntityManager [SessionImpl(1364073326<open>)] for JPA transaction
2026-03-16 16:53:36 [http-nio-8080-exec-4] DEBUG o.s.orm.jpa.JpaTransactionManager - Opened new EntityManager [SessionImpl(1916344000<open>)] for JPA transaction
2026-03-16 16:53:36 [http-nio-8080-exec-6] DEBUG o.s.web.servlet.DispatcherServlet - Completed 200 OK
2026-03-16 16:53:36 [http-nio-8080-exec-5] DEBUG o.s.orm.jpa.JpaTransactionManager - Closing JPA EntityManager [SessionImpl(241172947<open>)] after transaction
2026-03-16 16:53:36 [http-nio-8080-exec-5] DEBUG c.c.p.s.jwt.JwtAuthenticationFilter - >>> [JwtFilter] Successfully authenticated user: USRCNFRM_99999999999, Authorities: [ROLE_ADMIN]
2026-03-16 16:53:36 [http-nio-8080-exec-10] DEBUG o.s.orm.jpa.JpaTransactionManager - Closing JPA EntityManager [SessionImpl(353408718<open>)] after transaction
2026-03-16 16:53:36 [http-nio-8080-exec-10] DEBUG c.c.p.s.jwt.JwtAuthenticationFilter - >>> [JwtFilter] Successfully authenticated user: USRCNFRM_99999999999, Authorities: [ROLE_ADMIN]
2026-03-16 16:53:36 [http-nio-8080-exec-5] DEBUG o.s.web.servlet.DispatcherServlet - GET "/api/v1/menu/left?menuNo=10", parameters={masked}
2026-03-16 16:53:36 [http-nio-8080-exec-10] DEBUG o.s.web.servlet.DispatcherServlet - GET "/api/v1/menu/head", parameters={}
2026-03-16 16:53:36 [http-nio-8080-exec-5] TRACE o.s.w.s.m.m.a.RequestMappingHandlerMapping - Mapped to com.company.project.api.controller.menu.MenuController#getLeftMenu(Long)
2026-03-16 16:53:36 [http-nio-8080-exec-10] TRACE o.s.w.s.m.m.a.RequestMappingHandlerMapping - Mapped to com.company.project.api.controller.menu.MenuController#getHeadMenu()
2026-03-16 16:53:36 [http-nio-8080-exec-10] INFO  c.c.p.a.c.menu.MenuController - getHeadMenu called
2026-03-16 16:53:36 [http-nio-8080-exec-5] INFO  c.c.p.a.c.menu.MenuController - getLeftMenu called with menuNo=10
2026-03-16 16:53:36 [http-nio-8080-exec-5] DEBUG o.s.orm.jpa.JpaTransactionManager - Creating new transaction with name [com.company.project.service.menu.MenuService.getSubMenus]: PROPAGATION_REQUIRED,ISOLATION_DEFAULT,readOnly
2026-03-16 16:53:36 [http-nio-8080-exec-5] DEBUG o.s.orm.jpa.JpaTransactionManager - Opened new EntityManager [SessionImpl(761969581<open>)] for JPA transaction
2026-03-16 16:53:36 [http-nio-8080-exec-10] INFO  c.c.p.a.c.menu.MenuController - getHeadMenu returned 5 items
2026-03-16 16:53:36 [http-nio-8080-exec-5] DEBUG o.s.orm.jpa.JpaTransactionManager - Exposing JPA transaction as JDBC [org.springframework.orm.jpa.vendor.HibernateJpaDialect$HibernateConnectionHandle@571c1a9d]
2026-03-16 16:53:36 [http-nio-8080-exec-10] DEBUG o.s.w.s.m.m.a.HttpEntityMethodProcessor - Using 'application/json', given [application/json, text/plain, */*] and supported [application/json, application/*+json, application/yaml]
2026-03-16 16:53:36 [http-nio-8080-exec-10] TRACE o.s.w.s.m.m.a.HttpEntityMethodProcessor - Writing [ApiResponse[success=true, status=200, code=COMMON_001, message=Success, data={list=[com.company.project.service.menu.dto.MenuDto@2b80d6b0, com.company.project.service.menu.dto.MenuDto@1418cfa3, com.company.project.service.menu.dto.MenuDto@f230bf1, com.company.project.service.menu.dto.MenuDto@734a7f6a, com.company.project.service.menu.dto.MenuDto@5e5202e5]}, timestamp=2026-03-16T16:53:36.359110100]]
2026-03-16 16:53:36 [http-nio-8080-exec-10] INFO  c.c.p.a.i.OperationalAuditInterceptor - API Audit Log: URL=/api/v1/menu/head, User=webmaster, IP=127.0.0.1
2026-03-16 16:53:36 [http-nio-8080-exec-5] DEBUG org.hibernate.SQL - select m1_0.menu_no,m1_0.menu_dc,m1_0.menu_nm,m1_0.menu_ordr,m1_0.modern_route,m1_0.progrm_file_nm,m1_0.relate_image_nm,m1_0.relate_image_path,m1_0.route_updated_at,m1_0.upper_menu_no from nmenuinfo m1_0 order by m1_0.upper_menu_no,m1_0.menu_ordr
2026-03-16 16:53:36 [http-nio-8080-exec-10] DEBUG o.s.web.servlet.DispatcherServlet - Completed 200 OK
2026-03-16 16:53:36 [http-nio-8080-exec-9] DEBUG o.s.web.servlet.DispatcherServlet - GET "/ws/847/pnqsap3q/websocket", parameters={}
2026-03-16 16:53:36 [http-nio-8080-exec-9] DEBUG o.s.w.s.s.s.WebSocketHandlerMapping - Mapped to org.springframework.web.socket.sockjs.support.SockJsHttpRequestHandler@3d80b7ba
2026-03-16 16:53:36 [http-nio-8080-exec-9] DEBUG o.s.w.s.s.t.h.DefaultSockJsService - Processing transport request: GET http://localhost:8080/ws/847/pnqsap3q/websocket
2026-03-16 16:53:36 [http-nio-8080-exec-9] DEBUG o.s.web.servlet.DispatcherServlet - Completed 101 SWITCHING_PROTOCOLS
2026-03-16 16:53:36 [http-nio-8080-exec-9] DEBUG o.s.w.s.h.LoggingWebSocketHandlerDecorator - New WebSocketServerSockJsSession[id=pnqsap3q]
2026-03-16 16:53:36 [scheduling-1] DEBUG org.springframework.web.SimpLogging - Processing CONNECT session=pnqsap3q
2026-03-16 16:53:36 [scheduling-1] DEBUG org.springframework.web.SimpLogging - Processing SUBSCRIBE /topic/notices id=sub-0 session=pnqsap3q
2026-03-16 16:53:36 [scheduling-1] DEBUG org.springframework.web.SimpLogging - Processing SUBSCRIBE destination=/queue/notifications-userpnqsap3q subscriptionId=sub-1 session=pnqsap3q payload=byte[0]
2026-03-16 16:53:36 [scheduling-1] DEBUG org.springframework.web.SimpLogging - Processing SUBSCRIBE /topic/public id=sub-2 session=pnqsap3q
2026-03-16 16:53:36 [http-nio-8080-exec-4] DEBUG o.s.orm.jpa.JpaTransactionManager - Exposing JPA transaction as JDBC [org.springframework.orm.jpa.vendor.HibernateJpaDialect$HibernateConnectionHandle@625c79e2]
2026-03-16 16:53:36 [http-nio-8080-exec-1] DEBUG o.s.orm.jpa.JpaTransactionManager - Exposing JPA transaction as JDBC [org.springframework.orm.jpa.vendor.HibernateJpaDialect$HibernateConnectionHandle@378c0a18]
2026-03-16 16:53:36 [http-nio-8080-exec-4] DEBUG o.s.orm.jpa.JpaTransactionManager - Found thread-bound EntityManager [SessionImpl(1916344000<open>)] for JPA transaction
2026-03-16 16:53:36 [http-nio-8080-exec-4] DEBUG o.s.orm.jpa.JpaTransactionManager - Participating in existing transaction
2026-03-16 16:53:36 [http-nio-8080-exec-1] DEBUG o.s.orm.jpa.JpaTransactionManager - Found thread-bound EntityManager [SessionImpl(1364073326<open>)] for JPA transaction
2026-03-16 16:53:36 [http-nio-8080-exec-1] DEBUG o.s.orm.jpa.JpaTransactionManager - Participating in existing transaction
2026-03-16 16:53:36 [http-nio-8080-exec-4] DEBUG org.hibernate.SQL - select u1_0.emplyr_id,u1_0.area_no,u1_0.brthdy,u1_0.chg_pwd_cnt,u1_0.frst_register_id,u1_0.frst_regist_pnttm,u1_0.detail_adres,u1_0.email_adres,u1_0.emplyr_sttus_code,u1_0.empl_no,u1_0.esntl_id,u1_0.fxnum,u1_0.group_id,u1_0.house_adres,u1_0.house_end_telno,u1_0.house_middle_telno,u1_0.ihidnum,u1_0.pstinst_code,u1_0.last_updusr_id,u1_0.last_updt_pnttm,u1_0.lock_at,u1_0.lock_cnt,u1_0.lock_last_pnttm,u1_0.mbtlnum,u1_0.ofcps_nm,u1_0.offm_telno,u1_0.orgnzt_id,u1_0.password,u1_0.password_cnsr,u1_0.password_hint,u1_0.chg_pwd_last_pnttm,u1_0.role,u1_0.sbscrb_de,u1_0.sexdstn_code,u1_0.crtfc_dn_value,u1_0.user_nm,u1_0.zip from nemplyrinfo u1_0 where u1_0.emplyr_id=?
2026-03-16 16:53:36 [http-nio-8080-exec-1] DEBUG org.hibernate.SQL - select u1_0.emplyr_id,u1_0.area_no,u1_0.brthdy,u1_0.chg_pwd_cnt,u1_0.frst_register_id,u1_0.frst_regist_pnttm,u1_0.detail_adres,u1_0.email_adres,u1_0.emplyr_sttus_code,u1_0.empl_no,u1_0.esntl_id,u1_0.fxnum,u1_0.group_id,u1_0.house_adres,u1_0.house_end_telno,u1_0.house_middle_telno,u1_0.ihidnum,u1_0.pstinst_code,u1_0.last_updusr_id,u1_0.last_updt_pnttm,u1_0.lock_at,u1_0.lock_cnt,u1_0.lock_last_pnttm,u1_0.mbtlnum,u1_0.ofcps_nm,u1_0.offm_telno,u1_0.orgnzt_id,u1_0.password,u1_0.password_cnsr,u1_0.password_hint,u1_0.chg_pwd_last_pnttm,u1_0.role,u1_0.sbscrb_de,u1_0.sexdstn_code,u1_0.crtfc_dn_value,u1_0.user_nm,u1_0.zip from nemplyrinfo u1_0 where u1_0.emplyr_id=?
2026-03-16 16:53:36 [http-nio-8080-exec-1] DEBUG o.s.orm.jpa.JpaTransactionManager - Found thread-bound EntityManager [SessionImpl(1364073326<open>)] for JPA transaction
2026-03-16 16:53:36 [http-nio-8080-exec-4] DEBUG o.s.orm.jpa.JpaTransactionManager - Found thread-bound EntityManager [SessionImpl(1916344000<open>)] for JPA transaction
2026-03-16 16:53:36 [http-nio-8080-exec-1] DEBUG o.s.orm.jpa.JpaTransactionManager - Participating in existing transaction
2026-03-16 16:53:36 [http-nio-8080-exec-4] DEBUG o.s.orm.jpa.JpaTransactionManager - Participating in existing transaction
2026-03-16 16:53:36 [http-nio-8080-exec-1] DEBUG org.hibernate.SQL - select ua1_0.scrty_dtrmn_trget_id,ua1_0.author_code,ua1_0.frst_register_id,ua1_0.frst_regist_pnttm,ua1_0.last_updusr_id,ua1_0.last_updt_pnttm,ua1_0.mber_ty_code from nemplyrscrtyestbs ua1_0 where ua1_0.scrty_dtrmn_trget_id=?
2026-03-16 16:53:36 [http-nio-8080-exec-4] DEBUG org.hibernate.SQL - select ua1_0.scrty_dtrmn_trget_id,ua1_0.author_code,ua1_0.frst_register_id,ua1_0.frst_regist_pnttm,ua1_0.last_updusr_id,ua1_0.last_updt_pnttm,ua1_0.mber_ty_code from nemplyrscrtyestbs ua1_0 where ua1_0.scrty_dtrmn_trget_id=?
2026-03-16 16:53:36 [http-nio-8080-exec-5] DEBUG o.s.orm.jpa.JpaTransactionManager - Found thread-bound EntityManager [SessionImpl(761969581<open>)] for JPA transaction
2026-03-16 16:53:36 [http-nio-8080-exec-5] DEBUG o.s.orm.jpa.JpaTransactionManager - Participating in existing transaction
2026-03-16 16:53:36 [http-nio-8080-exec-5] DEBUG org.hibernate.SQL - select p1_0.progrm_file_nm,p1_0.progrm_dc,p1_0.progrm_korean_nm,p1_0.progrm_stre_path,p1_0.url from nprogrmlist p1_0
2026-03-16 16:53:36 [http-nio-8080-exec-1] DEBUG o.s.orm.jpa.JpaTransactionManager - Initiating transaction commit
2026-03-16 16:53:36 [http-nio-8080-exec-4] DEBUG o.s.orm.jpa.JpaTransactionManager - Initiating transaction commit
2026-03-16 16:53:36 [http-nio-8080-exec-1] DEBUG o.s.orm.jpa.JpaTransactionManager - Committing JPA transaction on EntityManager [SessionImpl(1364073326<open>)]
2026-03-16 16:53:36 [http-nio-8080-exec-4] DEBUG o.s.orm.jpa.JpaTransactionManager - Committing JPA transaction on EntityManager [SessionImpl(1916344000<open>)]
2026-03-16 16:53:36 [http-nio-8080-exec-5] DEBUG o.s.orm.jpa.JpaTransactionManager - Initiating transaction commit
2026-03-16 16:53:36 [http-nio-8080-exec-5] DEBUG o.s.orm.jpa.JpaTransactionManager - Committing JPA transaction on EntityManager [SessionImpl(761969581<open>)]
2026-03-16 16:53:36 [http-nio-8080-exec-4] DEBUG o.s.orm.jpa.JpaTransactionManager - Closing JPA EntityManager [SessionImpl(1916344000<open>)] after transaction
2026-03-16 16:53:36 [http-nio-8080-exec-1] DEBUG o.s.orm.jpa.JpaTransactionManager - Closing JPA EntityManager [SessionImpl(1364073326<open>)] after transaction
2026-03-16 16:53:36 [http-nio-8080-exec-4] DEBUG c.c.p.s.jwt.JwtAuthenticationFilter - >>> [JwtFilter] Successfully authenticated user: USRCNFRM_99999999999, Authorities: [ROLE_ADMIN]
2026-03-16 16:53:36 [http-nio-8080-exec-1] DEBUG c.c.p.s.jwt.JwtAuthenticationFilter - >>> [JwtFilter] Successfully authenticated user: USRCNFRM_99999999999, Authorities: [ROLE_ADMIN]
2026-03-16 16:53:36 [http-nio-8080-exec-1] DEBUG o.s.web.servlet.DispatcherServlet - GET "/api/v1/notifications", parameters={}
2026-03-16 16:53:36 [http-nio-8080-exec-4] DEBUG o.s.web.servlet.DispatcherServlet - GET "/api/v1/notifications/unread-count", parameters={}
2026-03-16 16:53:36 [http-nio-8080-exec-1] TRACE o.s.w.s.m.m.a.RequestMappingHandlerMapping - Mapped to com.company.project.api.controller.notification.NotificationController#getMyNotifications(UserDetails)
2026-03-16 16:53:36 [http-nio-8080-exec-4] TRACE o.s.w.s.m.m.a.RequestMappingHandlerMapping - Mapped to com.company.project.api.controller.notification.NotificationController#getUnreadCount(UserDetails)
2026-03-16 16:53:36 [http-nio-8080-exec-1] DEBUG o.s.orm.jpa.JpaTransactionManager - Creating new transaction with name [com.company.project.service.notification.NotificationService.getActiveNotifications]: PROPAGATION_REQUIRED,ISOLATION_DEFAULT,readOnly
2026-03-16 16:53:36 [http-nio-8080-exec-4] DEBUG o.s.orm.jpa.JpaTransactionManager - Creating new transaction with name [com.company.project.service.notification.NotificationService.getUnreadCount]: PROPAGATION_REQUIRED,ISOLATION_DEFAULT,readOnly
2026-03-16 16:53:36 [http-nio-8080-exec-1] DEBUG o.s.orm.jpa.JpaTransactionManager - Opened new EntityManager [SessionImpl(276854922<open>)] for JPA transaction
2026-03-16 16:53:36 [http-nio-8080-exec-4] DEBUG o.s.orm.jpa.JpaTransactionManager - Opened new EntityManager [SessionImpl(699418583<open>)] for JPA transaction
2026-03-16 16:53:36 [http-nio-8080-exec-4] DEBUG o.s.orm.jpa.JpaTransactionManager - Exposing JPA transaction as JDBC [org.springframework.orm.jpa.vendor.HibernateJpaDialect$HibernateConnectionHandle@3a764659]
2026-03-16 16:53:36 [http-nio-8080-exec-1] DEBUG o.s.orm.jpa.JpaTransactionManager - Exposing JPA transaction as JDBC [org.springframework.orm.jpa.vendor.HibernateJpaDialect$HibernateConnectionHandle@34c2bdaa]
2026-03-16 16:53:36 [http-nio-8080-exec-1] DEBUG o.s.orm.jpa.JpaTransactionManager - Found thread-bound EntityManager [SessionImpl(276854922<open>)] for JPA transaction
2026-03-16 16:53:36 [http-nio-8080-exec-1] DEBUG o.s.orm.jpa.JpaTransactionManager - Participating in existing transaction
2026-03-16 16:53:36 [http-nio-8080-exec-4] DEBUG org.hibernate.SQL - select count(n1_0.ntcn_no) from n_user_notification n1_0 where n1_0.receiver_id=? and n1_0.is_read=?
2026-03-16 16:53:36 [http-nio-8080-exec-1] DEBUG org.hibernate.SQL - select n1_0.ntcn_no,n1_0.frst_register_id,n1_0.frst_regist_pnttm,n1_0.is_read,n1_0.last_updusr_id,n1_0.last_updt_pnttm,n1_0.link_url,n1_0.ntcn_cn,n1_0.ntcn_sj,n1_0.receiver_id from n_user_notification n1_0
2026-03-16 16:53:36 [http-nio-8080-exec-5] DEBUG o.s.orm.jpa.JpaTransactionManager - Closing JPA EntityManager [SessionImpl(761969581<open>)] after transaction
2026-03-16 16:53:36 [http-nio-8080-exec-5] INFO  c.c.p.a.c.menu.MenuController - getLeftMenu returned 5 items
2026-03-16 16:53:36 [http-nio-8080-exec-5] DEBUG o.s.w.s.m.m.a.HttpEntityMethodProcessor - Using 'application/json', given [application/json, text/plain, */*] and supported [application/json, application/*+json, application/yaml]
2026-03-16 16:53:36 [http-nio-8080-exec-5] TRACE o.s.w.s.m.m.a.HttpEntityMethodProcessor - Writing [ApiResponse[success=true, status=200, code=COMMON_001, message=Success, data={list=[com.company.project.service.menu.dto.MenuDto@611f0ef1, com.company.project.service.menu.dto.MenuDto@5c3a31ec, com.company.project.service.menu.dto.MenuDto@431c5050, com.company.project.service.menu.dto.MenuDto@6126625a, com.company.project.service.menu.dto.MenuDto@78579009]}, timestamp=2026-03-16T16:53:36.990712800]]
2026-03-16 16:53:36 [http-nio-8080-exec-5] INFO  c.c.p.a.i.OperationalAuditInterceptor - API Audit Log: URL=/api/v1/menu/left, User=webmaster, IP=127.0.0.1
2026-03-16 16:53:36 [http-nio-8080-exec-5] DEBUG o.s.web.servlet.DispatcherServlet - Completed 200 OK
2026-03-16 16:53:37 [http-nio-8080-exec-2] DEBUG c.c.p.s.jwt.JwtAuthenticationFilter - >>> [JwtFilter] Processing request: GET /api/v1/menu/left
2026-03-16 16:53:37 [http-nio-8080-exec-2] DEBUG c.c.p.s.jwt.JwtAuthenticationFilter - >>> [JwtFilter] Found token in header for path: /api/v1/menu/left
2026-03-16 16:53:37 [http-nio-8080-exec-2] DEBUG o.s.orm.jpa.JpaTransactionManager - Creating new transaction with name [com.company.project.security.iam.CustomUserDetailsService.loadUserByUsername]: PROPAGATION_REQUIRED,ISOLATION_DEFAULT,readOnly
2026-03-16 16:53:37 [http-nio-8080-exec-2] DEBUG o.s.orm.jpa.JpaTransactionManager - Opened new EntityManager [SessionImpl(1636873584<open>)] for JPA transaction
2026-03-16 16:53:37 [http-nio-8080-exec-4] DEBUG o.s.orm.jpa.JpaTransactionManager - Initiating transaction commit
2026-03-16 16:53:37 [http-nio-8080-exec-1] DEBUG o.s.orm.jpa.JpaTransactionManager - Initiating transaction commit
2026-03-16 16:53:37 [http-nio-8080-exec-4] DEBUG o.s.orm.jpa.JpaTransactionManager - Committing JPA transaction on EntityManager [SessionImpl(699418583<open>)]
2026-03-16 16:53:37 [http-nio-8080-exec-1] DEBUG o.s.orm.jpa.JpaTransactionManager - Committing JPA transaction on EntityManager [SessionImpl(276854922<open>)]
2026-03-16 16:53:37 [http-nio-8080-exec-2] DEBUG o.s.orm.jpa.JpaTransactionManager - Exposing JPA transaction as JDBC [org.springframework.orm.jpa.vendor.HibernateJpaDialect$HibernateConnectionHandle@66c95efa]
2026-03-16 16:53:37 [http-nio-8080-exec-2] DEBUG o.s.orm.jpa.JpaTransactionManager - Found thread-bound EntityManager [SessionImpl(1636873584<open>)] for JPA transaction
2026-03-16 16:53:37 [http-nio-8080-exec-2] DEBUG o.s.orm.jpa.JpaTransactionManager - Participating in existing transaction
2026-03-16 16:53:37 [http-nio-8080-exec-2] DEBUG org.hibernate.SQL - select u1_0.emplyr_id,u1_0.area_no,u1_0.brthdy,u1_0.chg_pwd_cnt,u1_0.frst_register_id,u1_0.frst_regist_pnttm,u1_0.detail_adres,u1_0.email_adres,u1_0.emplyr_sttus_code,u1_0.empl_no,u1_0.esntl_id,u1_0.fxnum,u1_0.group_id,u1_0.house_adres,u1_0.house_end_telno,u1_0.house_middle_telno,u1_0.ihidnum,u1_0.pstinst_code,u1_0.last_updusr_id,u1_0.last_updt_pnttm,u1_0.lock_at,u1_0.lock_cnt,u1_0.lock_last_pnttm,u1_0.mbtlnum,u1_0.ofcps_nm,u1_0.offm_telno,u1_0.orgnzt_id,u1_0.password,u1_0.password_cnsr,u1_0.password_hint,u1_0.chg_pwd_last_pnttm,u1_0.role,u1_0.sbscrb_de,u1_0.sexdstn_code,u1_0.crtfc_dn_value,u1_0.user_nm,u1_0.zip from nemplyrinfo u1_0 where u1_0.emplyr_id=?
2026-03-16 16:53:37 [http-nio-8080-exec-4] DEBUG o.s.orm.jpa.JpaTransactionManager - Closing JPA EntityManager [SessionImpl(699418583<open>)] after transaction
2026-03-16 16:53:37 [http-nio-8080-exec-4] DEBUG o.s.w.s.m.m.a.HttpEntityMethodProcessor - Using 'application/json', given [application/json, text/plain, */*] and supported [application/json, application/*+json, application/yaml]
2026-03-16 16:53:37 [http-nio-8080-exec-4] TRACE o.s.w.s.m.m.a.HttpEntityMethodProcessor - Writing [ApiResponse[success=true, status=200, code=COMMON_001, message=Success, data=0, timestamp=2026-03-16T16:53:37.273902900]]
2026-03-16 16:53:37 [http-nio-8080-exec-4] INFO  c.c.p.a.i.OperationalAuditInterceptor - API Audit Log: URL=/api/v1/notifications/unread-count, User=webmaster, IP=127.0.0.1
2026-03-16 16:53:37 [http-nio-8080-exec-4] DEBUG o.s.web.servlet.DispatcherServlet - Completed 200 OK
2026-03-16 16:53:37 [http-nio-8080-exec-1] DEBUG o.s.orm.jpa.JpaTransactionManager - Closing JPA EntityManager [SessionImpl(276854922<open>)] after transaction
2026-03-16 16:53:37 [http-nio-8080-exec-1] DEBUG o.s.w.s.m.m.a.HttpEntityMethodProcessor - Using 'application/json', given [application/json, text/plain, */*] and supported [application/json, application/*+json, application/yaml]
2026-03-16 16:53:37 [http-nio-8080-exec-1] TRACE o.s.w.s.m.m.a.HttpEntityMethodProcessor - Writing [ApiResponse[success=true, status=200, code=COMMON_001, message=Success, data=[NotificationDto(ntfcNo=NT001, ntfcSj=테스트 알림입니다, ntfcCn=알림 내용입니다, ntfcDate=null, ntfcTime=2026-02-25T00:59:33.784070, bhNtfcIntrvl=null, uniqId=null, frstRegisterId=null, frstRegisterPnttm=2026-02-25T00:59:33.784070, lastUpdusrId=null, lastUpdusrPnttm=null)], timestamp=2026-03-16T16:53:37.275927400]]
2026-03-16 16:53:37 [http-nio-8080-exec-1] INFO  c.c.p.a.i.OperationalAuditInterceptor - API Audit Log: URL=/api/v1/notifications, User=webmaster, IP=127.0.0.1
2026-03-16 16:53:37 [http-nio-8080-exec-1] DEBUG o.s.web.servlet.DispatcherServlet - Completed 200 OK
2026-03-16 16:53:37 [http-nio-8080-exec-6] DEBUG c.c.p.s.jwt.JwtAuthenticationFilter - >>> [JwtFilter] Processing request: GET /api/v1/notifications/unread-count
2026-03-16 16:53:37 [http-nio-8080-exec-6] DEBUG c.c.p.s.jwt.JwtAuthenticationFilter - >>> [JwtFilter] Found token in header for path: /api/v1/notifications/unread-count
2026-03-16 16:53:37 [http-nio-8080-exec-6] DEBUG o.s.orm.jpa.JpaTransactionManager - Creating new transaction with name [com.company.project.security.iam.CustomUserDetailsService.loadUserByUsername]: PROPAGATION_REQUIRED,ISOLATION_DEFAULT,readOnly
2026-03-16 16:53:37 [http-nio-8080-exec-6] DEBUG o.s.orm.jpa.JpaTransactionManager - Opened new EntityManager [SessionImpl(2070047378<open>)] for JPA transaction
2026-03-16 16:53:37 [http-nio-8080-exec-10] DEBUG c.c.p.s.jwt.JwtAuthenticationFilter - >>> [JwtFilter] Processing request: GET /api/v1/notifications
2026-03-16 16:53:37 [http-nio-8080-exec-10] DEBUG c.c.p.s.jwt.JwtAuthenticationFilter - >>> [JwtFilter] Found token in header for path: /api/v1/notifications
2026-03-16 16:53:37 [http-nio-8080-exec-10] DEBUG o.s.orm.jpa.JpaTransactionManager - Creating new transaction with name [com.company.project.security.iam.CustomUserDetailsService.loadUserByUsername]: PROPAGATION_REQUIRED,ISOLATION_DEFAULT,readOnly
2026-03-16 16:53:37 [http-nio-8080-exec-10] DEBUG o.s.orm.jpa.JpaTransactionManager - Opened new EntityManager [SessionImpl(163955819<open>)] for JPA transaction
2026-03-16 16:53:37 [http-nio-8080-exec-2] DEBUG o.s.orm.jpa.JpaTransactionManager - Found thread-bound EntityManager [SessionImpl(1636873584<open>)] for JPA transaction
2026-03-16 16:53:37 [http-nio-8080-exec-2] DEBUG o.s.orm.jpa.JpaTransactionManager - Participating in existing transaction
2026-03-16 16:53:37 [http-nio-8080-exec-2] DEBUG org.hibernate.SQL - select ua1_0.scrty_dtrmn_trget_id,ua1_0.author_code,ua1_0.frst_register_id,ua1_0.frst_regist_pnttm,ua1_0.last_updusr_id,ua1_0.last_updt_pnttm,ua1_0.mber_ty_code from nemplyrscrtyestbs ua1_0 where ua1_0.scrty_dtrmn_trget_id=?
2026-03-16 16:53:37 [http-nio-8080-exec-6] DEBUG o.s.orm.jpa.JpaTransactionManager - Exposing JPA transaction as JDBC [org.springframework.orm.jpa.vendor.HibernateJpaDialect$HibernateConnectionHandle@45d89e21]
2026-03-16 16:53:37 [http-nio-8080-exec-6] DEBUG o.s.orm.jpa.JpaTransactionManager - Found thread-bound EntityManager [SessionImpl(2070047378<open>)] for JPA transaction
2026-03-16 16:53:37 [http-nio-8080-exec-6] DEBUG o.s.orm.jpa.JpaTransactionManager - Participating in existing transaction
2026-03-16 16:53:37 [http-nio-8080-exec-6] DEBUG org.hibernate.SQL - select u1_0.emplyr_id,u1_0.area_no,u1_0.brthdy,u1_0.chg_pwd_cnt,u1_0.frst_register_id,u1_0.frst_regist_pnttm,u1_0.detail_adres,u1_0.email_adres,u1_0.emplyr_sttus_code,u1_0.empl_no,u1_0.esntl_id,u1_0.fxnum,u1_0.group_id,u1_0.house_adres,u1_0.house_end_telno,u1_0.house_middle_telno,u1_0.ihidnum,u1_0.pstinst_code,u1_0.last_updusr_id,u1_0.last_updt_pnttm,u1_0.lock_at,u1_0.lock_cnt,u1_0.lock_last_pnttm,u1_0.mbtlnum,u1_0.ofcps_nm,u1_0.offm_telno,u1_0.orgnzt_id,u1_0.password,u1_0.password_cnsr,u1_0.password_hint,u1_0.chg_pwd_last_pnttm,u1_0.role,u1_0.sbscrb_de,u1_0.sexdstn_code,u1_0.crtfc_dn_value,u1_0.user_nm,u1_0.zip from nemplyrinfo u1_0 where u1_0.emplyr_id=?
2026-03-16 16:53:37 [http-nio-8080-exec-10] DEBUG o.s.orm.jpa.JpaTransactionManager - Exposing JPA transaction as JDBC [org.springframework.orm.jpa.vendor.HibernateJpaDialect$HibernateConnectionHandle@1d204900]
2026-03-16 16:53:37 [http-nio-8080-exec-10] DEBUG o.s.orm.jpa.JpaTransactionManager - Found thread-bound EntityManager [SessionImpl(163955819<open>)] for JPA transaction
2026-03-16 16:53:37 [http-nio-8080-exec-10] DEBUG o.s.orm.jpa.JpaTransactionManager - Participating in existing transaction
2026-03-16 16:53:37 [http-nio-8080-exec-10] DEBUG org.hibernate.SQL - select u1_0.emplyr_id,u1_0.area_no,u1_0.brthdy,u1_0.chg_pwd_cnt,u1_0.frst_register_id,u1_0.frst_regist_pnttm,u1_0.detail_adres,u1_0.email_adres,u1_0.emplyr_sttus_code,u1_0.empl_no,u1_0.esntl_id,u1_0.fxnum,u1_0.group_id,u1_0.house_adres,u1_0.house_end_telno,u1_0.house_middle_telno,u1_0.ihidnum,u1_0.pstinst_code,u1_0.last_updusr_id,u1_0.last_updt_pnttm,u1_0.lock_at,u1_0.lock_cnt,u1_0.lock_last_pnttm,u1_0.mbtlnum,u1_0.ofcps_nm,u1_0.offm_telno,u1_0.orgnzt_id,u1_0.password,u1_0.password_cnsr,u1_0.password_hint,u1_0.chg_pwd_last_pnttm,u1_0.role,u1_0.sbscrb_de,u1_0.sexdstn_code,u1_0.crtfc_dn_value,u1_0.user_nm,u1_0.zip from nemplyrinfo u1_0 where u1_0.emplyr_id=?
2026-03-16 16:53:37 [http-nio-8080-exec-6] DEBUG o.s.orm.jpa.JpaTransactionManager - Found thread-bound EntityManager [SessionImpl(2070047378<open>)] for JPA transaction
2026-03-16 16:53:37 [http-nio-8080-exec-6] DEBUG o.s.orm.jpa.JpaTransactionManager - Participating in existing transaction
2026-03-16 16:53:37 [http-nio-8080-exec-6] DEBUG org.hibernate.SQL - select ua1_0.scrty_dtrmn_trget_id,ua1_0.author_code,ua1_0.frst_register_id,ua1_0.frst_regist_pnttm,ua1_0.last_updusr_id,ua1_0.last_updt_pnttm,ua1_0.mber_ty_code from nemplyrscrtyestbs ua1_0 where ua1_0.scrty_dtrmn_trget_id=?
2026-03-16 16:53:37 [http-nio-8080-exec-10] DEBUG o.s.orm.jpa.JpaTransactionManager - Found thread-bound EntityManager [SessionImpl(163955819<open>)] for JPA transaction
2026-03-16 16:53:37 [http-nio-8080-exec-10] DEBUG o.s.orm.jpa.JpaTransactionManager - Participating in existing transaction
2026-03-16 16:53:37 [http-nio-8080-exec-10] DEBUG org.hibernate.SQL - select ua1_0.scrty_dtrmn_trget_id,ua1_0.author_code,ua1_0.frst_register_id,ua1_0.frst_regist_pnttm,ua1_0.last_updusr_id,ua1_0.last_updt_pnttm,ua1_0.mber_ty_code from nemplyrscrtyestbs ua1_0 where ua1_0.scrty_dtrmn_trget_id=?
2026-03-16 16:53:37 [http-nio-8080-exec-6] DEBUG o.s.orm.jpa.JpaTransactionManager - Initiating transaction commit
2026-03-16 16:53:37 [http-nio-8080-exec-6] DEBUG o.s.orm.jpa.JpaTransactionManager - Committing JPA transaction on EntityManager [SessionImpl(2070047378<open>)]
2026-03-16 16:53:37 [http-nio-8080-exec-10] DEBUG o.s.orm.jpa.JpaTransactionManager - Initiating transaction commit
2026-03-16 16:53:37 [http-nio-8080-exec-10] DEBUG o.s.orm.jpa.JpaTransactionManager - Committing JPA transaction on EntityManager [SessionImpl(163955819<open>)]
2026-03-16 16:53:37 [http-nio-8080-exec-2] DEBUG o.s.orm.jpa.JpaTransactionManager - Initiating transaction commit
2026-03-16 16:53:37 [http-nio-8080-exec-2] DEBUG o.s.orm.jpa.JpaTransactionManager - Committing JPA transaction on EntityManager [SessionImpl(1636873584<open>)]
2026-03-16 16:53:37 [http-nio-8080-exec-6] DEBUG o.s.orm.jpa.JpaTransactionManager - Closing JPA EntityManager [SessionImpl(2070047378<open>)] after transaction
2026-03-16 16:53:37 [http-nio-8080-exec-6] DEBUG c.c.p.s.jwt.JwtAuthenticationFilter - >>> [JwtFilter] Successfully authenticated user: USRCNFRM_99999999999, Authorities: [ROLE_ADMIN]
2026-03-16 16:53:37 [http-nio-8080-exec-6] DEBUG o.s.web.servlet.DispatcherServlet - GET "/api/v1/notifications/unread-count", parameters={}
2026-03-16 16:53:37 [http-nio-8080-exec-6] TRACE o.s.w.s.m.m.a.RequestMappingHandlerMapping - Mapped to com.company.project.api.controller.notification.NotificationController#getUnreadCount(UserDetails)
2026-03-16 16:53:37 [http-nio-8080-exec-6] DEBUG o.s.orm.jpa.JpaTransactionManager - Creating new transaction with name [com.company.project.service.notification.NotificationService.getUnreadCount]: PROPAGATION_REQUIRED,ISOLATION_DEFAULT,readOnly
2026-03-16 16:53:37 [http-nio-8080-exec-6] DEBUG o.s.orm.jpa.JpaTransactionManager - Opened new EntityManager [SessionImpl(1204414155<open>)] for JPA transaction
2026-03-16 16:53:37 [http-nio-8080-exec-6] DEBUG o.s.orm.jpa.JpaTransactionManager - Exposing JPA transaction as JDBC [org.springframework.orm.jpa.vendor.HibernateJpaDialect$HibernateConnectionHandle@59c8aa25]
2026-03-16 16:53:37 [http-nio-8080-exec-6] DEBUG org.hibernate.SQL - select count(n1_0.ntcn_no) from n_user_notification n1_0 where n1_0.receiver_id=? and n1_0.is_read=?
2026-03-16 16:53:37 [http-nio-8080-exec-10] DEBUG o.s.orm.jpa.JpaTransactionManager - Closing JPA EntityManager [SessionImpl(163955819<open>)] after transaction
2026-03-16 16:53:37 [http-nio-8080-exec-10] DEBUG c.c.p.s.jwt.JwtAuthenticationFilter - >>> [JwtFilter] Successfully authenticated user: USRCNFRM_99999999999, Authorities: [ROLE_ADMIN]
2026-03-16 16:53:37 [http-nio-8080-exec-10] DEBUG o.s.web.servlet.DispatcherServlet - GET "/api/v1/notifications", parameters={}
2026-03-16 16:53:37 [http-nio-8080-exec-10] TRACE o.s.w.s.m.m.a.RequestMappingHandlerMapping - Mapped to com.company.project.api.controller.notification.NotificationController#getMyNotifications(UserDetails)
2026-03-16 16:53:37 [http-nio-8080-exec-10] DEBUG o.s.orm.jpa.JpaTransactionManager - Creating new transaction with name [com.company.project.service.notification.NotificationService.getActiveNotifications]: PROPAGATION_REQUIRED,ISOLATION_DEFAULT,readOnly
2026-03-16 16:53:37 [http-nio-8080-exec-10] DEBUG o.s.orm.jpa.JpaTransactionManager - Opened new EntityManager [SessionImpl(1972549627<open>)] for JPA transaction
2026-03-16 16:53:37 [http-nio-8080-exec-10] DEBUG o.s.orm.jpa.JpaTransactionManager - Exposing JPA transaction as JDBC [org.springframework.orm.jpa.vendor.HibernateJpaDialect$HibernateConnectionHandle@b9170e6]
2026-03-16 16:53:37 [http-nio-8080-exec-10] DEBUG o.s.orm.jpa.JpaTransactionManager - Found thread-bound EntityManager [SessionImpl(1972549627<open>)] for JPA transaction
2026-03-16 16:53:37 [http-nio-8080-exec-10] DEBUG o.s.orm.jpa.JpaTransactionManager - Participating in existing transaction
2026-03-16 16:53:37 [http-nio-8080-exec-10] DEBUG org.hibernate.SQL - select n1_0.ntcn_no,n1_0.frst_register_id,n1_0.frst_regist_pnttm,n1_0.is_read,n1_0.last_updusr_id,n1_0.last_updt_pnttm,n1_0.link_url,n1_0.ntcn_cn,n1_0.ntcn_sj,n1_0.receiver_id from n_user_notification n1_0
2026-03-16 16:53:38 [http-nio-8080-exec-2] DEBUG o.s.orm.jpa.JpaTransactionManager - Closing JPA EntityManager [SessionImpl(1636873584<open>)] after transaction
2026-03-16 16:53:38 [http-nio-8080-exec-2] DEBUG c.c.p.s.jwt.JwtAuthenticationFilter - >>> [JwtFilter] Successfully authenticated user: USRCNFRM_99999999999, Authorities: [ROLE_ADMIN]
2026-03-16 16:53:38 [http-nio-8080-exec-2] DEBUG o.s.web.servlet.DispatcherServlet - GET "/api/v1/menu/left?menuNo=20", parameters={masked}
2026-03-16 16:53:38 [http-nio-8080-exec-2] TRACE o.s.w.s.m.m.a.RequestMappingHandlerMapping - Mapped to com.company.project.api.controller.menu.MenuController#getLeftMenu(Long)
2026-03-16 16:53:38 [http-nio-8080-exec-2] INFO  c.c.p.a.c.menu.MenuController - getLeftMenu called with menuNo=20
2026-03-16 16:53:38 [http-nio-8080-exec-2] DEBUG o.s.orm.jpa.JpaTransactionManager - Creating new transaction with name [com.company.project.service.menu.MenuService.getSubMenus]: PROPAGATION_REQUIRED,ISOLATION_DEFAULT,readOnly
2026-03-16 16:53:38 [http-nio-8080-exec-2] DEBUG o.s.orm.jpa.JpaTransactionManager - Opened new EntityManager [SessionImpl(1277396038<open>)] for JPA transaction
2026-03-16 16:53:38 [http-nio-8080-exec-2] DEBUG o.s.orm.jpa.JpaTransactionManager - Exposing JPA transaction as JDBC [org.springframework.orm.jpa.vendor.HibernateJpaDialect$HibernateConnectionHandle@4259306a]
2026-03-16 16:53:38 [http-nio-8080-exec-2] DEBUG org.hibernate.SQL - select m1_0.menu_no,m1_0.menu_dc,m1_0.menu_nm,m1_0.menu_ordr,m1_0.modern_route,m1_0.progrm_file_nm,m1_0.relate_image_nm,m1_0.relate_image_path,m1_0.route_updated_at,m1_0.upper_menu_no from nmenuinfo m1_0 order by m1_0.upper_menu_no,m1_0.menu_ordr
2026-03-16 16:53:38 [http-nio-8080-exec-6] DEBUG o.s.orm.jpa.JpaTransactionManager - Initiating transaction commit
2026-03-16 16:53:38 [http-nio-8080-exec-6] DEBUG o.s.orm.jpa.JpaTransactionManager - Committing JPA transaction on EntityManager [SessionImpl(1204414155<open>)]
2026-03-16 16:53:38 [http-nio-8080-exec-10] DEBUG o.s.orm.jpa.JpaTransactionManager - Initiating transaction commit
2026-03-16 16:53:38 [http-nio-8080-exec-10] DEBUG o.s.orm.jpa.JpaTransactionManager - Committing JPA transaction on EntityManager [SessionImpl(1972549627<open>)]
2026-03-16 16:53:38 [http-nio-8080-exec-6] DEBUG o.s.orm.jpa.JpaTransactionManager - Closing JPA EntityManager [SessionImpl(1204414155<open>)] after transaction
2026-03-16 16:53:38 [http-nio-8080-exec-6] DEBUG o.s.w.s.m.m.a.HttpEntityMethodProcessor - Using 'application/json', given [application/json, text/plain, */*] and supported [application/json, application/*+json, application/yaml]
2026-03-16 16:53:38 [http-nio-8080-exec-6] TRACE o.s.w.s.m.m.a.HttpEntityMethodProcessor - Writing [ApiResponse[success=true, status=200, code=COMMON_001, message=Success, data=0, timestamp=2026-03-16T16:53:38.224810600]]
2026-03-16 16:53:38 [http-nio-8080-exec-6] INFO  c.c.p.a.i.OperationalAuditInterceptor - API Audit Log: URL=/api/v1/notifications/unread-count, User=webmaster, IP=127.0.0.1
2026-03-16 16:53:38 [http-nio-8080-exec-6] DEBUG o.s.web.servlet.DispatcherServlet - Completed 200 OK
2026-03-16 16:53:38 [http-nio-8080-exec-10] DEBUG o.s.orm.jpa.JpaTransactionManager - Closing JPA EntityManager [SessionImpl(1972549627<open>)] after transaction
2026-03-16 16:53:38 [http-nio-8080-exec-10] DEBUG o.s.w.s.m.m.a.HttpEntityMethodProcessor - Using 'application/json', given [application/json, text/plain, */*] and supported [application/json, application/*+json, application/yaml]
2026-03-16 16:53:38 [http-nio-8080-exec-10] TRACE o.s.w.s.m.m.a.HttpEntityMethodProcessor - Writing [ApiResponse[success=true, status=200, code=COMMON_001, message=Success, data=[NotificationDto(ntfcNo=NT001, ntfcSj=테스트 알림입니다, ntfcCn=알림 내용입니다, ntfcDate=null, ntfcTime=2026-02-25T00:59:33.784070, bhNtfcIntrvl=null, uniqId=null, frstRegisterId=null, frstRegisterPnttm=2026-02-25T00:59:33.784070, lastUpdusrId=null, lastUpdusrPnttm=null)], timestamp=2026-03-16T16:53:38.229190]]
2026-03-16 16:53:38 [http-nio-8080-exec-10] INFO  c.c.p.a.i.OperationalAuditInterceptor - API Audit Log: URL=/api/v1/notifications, User=webmaster, IP=127.0.0.1
2026-03-16 16:53:38 [http-nio-8080-exec-10] DEBUG o.s.web.servlet.DispatcherServlet - Completed 200 OK
2026-03-16 16:53:38 [http-nio-8080-exec-2] DEBUG o.s.orm.jpa.JpaTransactionManager - Found thread-bound EntityManager [SessionImpl(1277396038<open>)] for JPA transaction
2026-03-16 16:53:38 [http-nio-8080-exec-2] DEBUG o.s.orm.jpa.JpaTransactionManager - Participating in existing transaction
2026-03-16 16:53:38 [http-nio-8080-exec-2] DEBUG org.hibernate.SQL - select p1_0.progrm_file_nm,p1_0.progrm_dc,p1_0.progrm_korean_nm,p1_0.progrm_stre_path,p1_0.url from nprogrmlist p1_0
2026-03-16 16:53:38 [http-nio-8080-exec-2] DEBUG o.s.orm.jpa.JpaTransactionManager - Initiating transaction commit
2026-03-16 16:53:38 [http-nio-8080-exec-2] DEBUG o.s.orm.jpa.JpaTransactionManager - Committing JPA transaction on EntityManager [SessionImpl(1277396038<open>)]
2026-03-16 16:53:38 [http-nio-8080-exec-2] DEBUG o.s.orm.jpa.JpaTransactionManager - Closing JPA EntityManager [SessionImpl(1277396038<open>)] after transaction
2026-03-16 16:53:38 [http-nio-8080-exec-2] INFO  c.c.p.a.c.menu.MenuController - getLeftMenu returned 3 items
2026-03-16 16:53:38 [http-nio-8080-exec-2] DEBUG o.s.w.s.m.m.a.HttpEntityMethodProcessor - Using 'application/json', given [application/json, text/plain, */*] and supported [application/json, application/*+json, application/yaml]
2026-03-16 16:53:38 [http-nio-8080-exec-2] TRACE o.s.w.s.m.m.a.HttpEntityMethodProcessor - Writing [ApiResponse[success=true, status=200, code=COMMON_001, message=Success, data={list=[com.company.project.service.menu.dto.MenuDto@239bf727, com.company.project.service.menu.dto.MenuDto@2620fa6b, com.company.project.service.menu.dto.MenuDto@42ff6463]}, timestamp=2026-03-16T16:53:38.791825800]]
2026-03-16 16:53:38 [http-nio-8080-exec-2] INFO  c.c.p.a.i.OperationalAuditInterceptor - API Audit Log: URL=/api/v1/menu/left, User=webmaster, IP=127.0.0.1
2026-03-16 16:53:38 [http-nio-8080-exec-2] DEBUG o.s.web.servlet.DispatcherServlet - Completed 200 OK
2026-03-16 16:53:38 [http-nio-8080-exec-9] DEBUG c.c.p.s.jwt.JwtAuthenticationFilter - >>> [JwtFilter] Processing request: GET /api/v1/menu/left
2026-03-16 16:53:38 [http-nio-8080-exec-9] DEBUG c.c.p.s.jwt.JwtAuthenticationFilter - >>> [JwtFilter] Found token in header for path: /api/v1/menu/left
2026-03-16 16:53:38 [http-nio-8080-exec-9] DEBUG o.s.orm.jpa.JpaTransactionManager - Creating new transaction with name [com.company.project.security.iam.CustomUserDetailsService.loadUserByUsername]: PROPAGATION_REQUIRED,ISOLATION_DEFAULT,readOnly
2026-03-16 16:53:38 [http-nio-8080-exec-9] DEBUG o.s.orm.jpa.JpaTransactionManager - Opened new EntityManager [SessionImpl(241161720<open>)] for JPA transaction
2026-03-16 16:53:38 [http-nio-8080-exec-9] DEBUG o.s.orm.jpa.JpaTransactionManager - Exposing JPA transaction as JDBC [org.springframework.orm.jpa.vendor.HibernateJpaDialect$HibernateConnectionHandle@3ef9e36d]
2026-03-16 16:53:38 [http-nio-8080-exec-9] DEBUG o.s.orm.jpa.JpaTransactionManager - Found thread-bound EntityManager [SessionImpl(241161720<open>)] for JPA transaction
2026-03-16 16:53:38 [http-nio-8080-exec-9] DEBUG o.s.orm.jpa.JpaTransactionManager - Participating in existing transaction
2026-03-16 16:53:38 [http-nio-8080-exec-9] DEBUG org.hibernate.SQL - select u1_0.emplyr_id,u1_0.area_no,u1_0.brthdy,u1_0.chg_pwd_cnt,u1_0.frst_register_id,u1_0.frst_regist_pnttm,u1_0.detail_adres,u1_0.email_adres,u1_0.emplyr_sttus_code,u1_0.empl_no,u1_0.esntl_id,u1_0.fxnum,u1_0.group_id,u1_0.house_adres,u1_0.house_end_telno,u1_0.house_middle_telno,u1_0.ihidnum,u1_0.pstinst_code,u1_0.last_updusr_id,u1_0.last_updt_pnttm,u1_0.lock_at,u1_0.lock_cnt,u1_0.lock_last_pnttm,u1_0.mbtlnum,u1_0.ofcps_nm,u1_0.offm_telno,u1_0.orgnzt_id,u1_0.password,u1_0.password_cnsr,u1_0.password_hint,u1_0.chg_pwd_last_pnttm,u1_0.role,u1_0.sbscrb_de,u1_0.sexdstn_code,u1_0.crtfc_dn_value,u1_0.user_nm,u1_0.zip from nemplyrinfo u1_0 where u1_0.emplyr_id=?
2026-03-16 16:53:39 [http-nio-8080-exec-9] DEBUG o.s.orm.jpa.JpaTransactionManager - Found thread-bound EntityManager [SessionImpl(241161720<open>)] for JPA transaction
2026-03-16 16:53:39 [http-nio-8080-exec-9] DEBUG o.s.orm.jpa.JpaTransactionManager - Participating in existing transaction
2026-03-16 16:53:39 [http-nio-8080-exec-9] DEBUG org.hibernate.SQL - select ua1_0.scrty_dtrmn_trget_id,ua1_0.author_code,ua1_0.frst_register_id,ua1_0.frst_regist_pnttm,ua1_0.last_updusr_id,ua1_0.last_updt_pnttm,ua1_0.mber_ty_code from nemplyrscrtyestbs ua1_0 where ua1_0.scrty_dtrmn_trget_id=?
2026-03-16 16:53:39 [http-nio-8080-exec-9] DEBUG o.s.orm.jpa.JpaTransactionManager - Initiating transaction commit
2026-03-16 16:53:39 [http-nio-8080-exec-9] DEBUG o.s.orm.jpa.JpaTransactionManager - Committing JPA transaction on EntityManager [SessionImpl(241161720<open>)]
2026-03-16 16:53:39 [http-nio-8080-exec-9] DEBUG o.s.orm.jpa.JpaTransactionManager - Closing JPA EntityManager [SessionImpl(241161720<open>)] after transaction
2026-03-16 16:53:39 [http-nio-8080-exec-9] DEBUG c.c.p.s.jwt.JwtAuthenticationFilter - >>> [JwtFilter] Successfully authenticated user: USRCNFRM_99999999999, Authorities: [ROLE_ADMIN]
2026-03-16 16:53:39 [http-nio-8080-exec-9] DEBUG o.s.web.servlet.DispatcherServlet - GET "/api/v1/menu/left?menuNo=40", parameters={masked}
2026-03-16 16:53:39 [http-nio-8080-exec-9] TRACE o.s.w.s.m.m.a.RequestMappingHandlerMapping - Mapped to com.company.project.api.controller.menu.MenuController#getLeftMenu(Long)
2026-03-16 16:53:39 [http-nio-8080-exec-9] INFO  c.c.p.a.c.menu.MenuController - getLeftMenu called with menuNo=40
2026-03-16 16:53:39 [http-nio-8080-exec-9] DEBUG o.s.orm.jpa.JpaTransactionManager - Creating new transaction with name [com.company.project.service.menu.MenuService.getSubMenus]: PROPAGATION_REQUIRED,ISOLATION_DEFAULT,readOnly
2026-03-16 16:53:39 [http-nio-8080-exec-9] DEBUG o.s.orm.jpa.JpaTransactionManager - Opened new EntityManager [SessionImpl(1928057491<open>)] for JPA transaction
2026-03-16 16:53:39 [http-nio-8080-exec-9] DEBUG o.s.orm.jpa.JpaTransactionManager - Exposing JPA transaction as JDBC [org.springframework.orm.jpa.vendor.HibernateJpaDialect$HibernateConnectionHandle@4f63ed65]
2026-03-16 16:53:39 [http-nio-8080-exec-9] DEBUG org.hibernate.SQL - select m1_0.menu_no,m1_0.menu_dc,m1_0.menu_nm,m1_0.menu_ordr,m1_0.modern_route,m1_0.progrm_file_nm,m1_0.relate_image_nm,m1_0.relate_image_path,m1_0.route_updated_at,m1_0.upper_menu_no from nmenuinfo m1_0 order by m1_0.upper_menu_no,m1_0.menu_ordr
2026-03-16 16:53:39 [http-nio-8080-exec-9] DEBUG o.s.orm.jpa.JpaTransactionManager - Found thread-bound EntityManager [SessionImpl(1928057491<open>)] for JPA transaction
2026-03-16 16:53:39 [http-nio-8080-exec-9] DEBUG o.s.orm.jpa.JpaTransactionManager - Participating in existing transaction
2026-03-16 16:53:39 [http-nio-8080-exec-9] DEBUG org.hibernate.SQL - select p1_0.progrm_file_nm,p1_0.progrm_dc,p1_0.progrm_korean_nm,p1_0.progrm_stre_path,p1_0.url from nprogrmlist p1_0
2026-03-16 16:53:39 [http-nio-8080-exec-9] DEBUG o.s.orm.jpa.JpaTransactionManager - Initiating transaction commit
2026-03-16 16:53:39 [http-nio-8080-exec-9] DEBUG o.s.orm.jpa.JpaTransactionManager - Committing JPA transaction on EntityManager [SessionImpl(1928057491<open>)]
2026-03-16 16:53:40 [http-nio-8080-exec-9] DEBUG o.s.orm.jpa.JpaTransactionManager - Closing JPA EntityManager [SessionImpl(1928057491<open>)] after transaction
2026-03-16 16:53:40 [http-nio-8080-exec-9] INFO  c.c.p.a.c.menu.MenuController - getLeftMenu returned 2 items
2026-03-16 16:53:40 [http-nio-8080-exec-9] DEBUG o.s.w.s.m.m.a.HttpEntityMethodProcessor - Using 'application/json', given [application/json, text/plain, */*] and supported [application/json, application/*+json, application/yaml]
2026-03-16 16:53:40 [http-nio-8080-exec-9] TRACE o.s.w.s.m.m.a.HttpEntityMethodProcessor - Writing [ApiResponse[success=true, status=200, code=COMMON_001, message=Success, data={list=[com.company.project.service.menu.dto.MenuDto@1b18ab03, com.company.project.service.menu.dto.MenuDto@20724f33]}, timestamp=2026-03-16T16:53:40.012085]]
2026-03-16 16:53:40 [http-nio-8080-exec-9] INFO  c.c.p.a.i.OperationalAuditInterceptor - API Audit Log: URL=/api/v1/menu/left, User=webmaster, IP=127.0.0.1
2026-03-16 16:53:40 [http-nio-8080-exec-9] DEBUG o.s.web.servlet.DispatcherServlet - Completed 200 OK
2026-03-16 16:53:40 [http-nio-8080-exec-7] DEBUG c.c.p.s.jwt.JwtAuthenticationFilter - >>> [JwtFilter] Processing request: GET /api/v1/menu/left
2026-03-16 16:53:40 [http-nio-8080-exec-7] DEBUG c.c.p.s.jwt.JwtAuthenticationFilter - >>> [JwtFilter] Found token in header for path: /api/v1/menu/left
2026-03-16 16:53:40 [http-nio-8080-exec-7] DEBUG o.s.orm.jpa.JpaTransactionManager - Creating new transaction with name [com.company.project.security.iam.CustomUserDetailsService.loadUserByUsername]: PROPAGATION_REQUIRED,ISOLATION_DEFAULT,readOnly
2026-03-16 16:53:40 [http-nio-8080-exec-7] DEBUG o.s.orm.jpa.JpaTransactionManager - Opened new EntityManager [SessionImpl(1866589740<open>)] for JPA transaction
2026-03-16 16:53:40 [http-nio-8080-exec-7] DEBUG o.s.orm.jpa.JpaTransactionManager - Exposing JPA transaction as JDBC [org.springframework.orm.jpa.vendor.HibernateJpaDialect$HibernateConnectionHandle@44e88cfa]
2026-03-16 16:53:40 [http-nio-8080-exec-7] DEBUG o.s.orm.jpa.JpaTransactionManager - Found thread-bound EntityManager [SessionImpl(1866589740<open>)] for JPA transaction
2026-03-16 16:53:40 [http-nio-8080-exec-7] DEBUG o.s.orm.jpa.JpaTransactionManager - Participating in existing transaction
2026-03-16 16:53:40 [http-nio-8080-exec-7] DEBUG org.hibernate.SQL - select u1_0.emplyr_id,u1_0.area_no,u1_0.brthdy,u1_0.chg_pwd_cnt,u1_0.frst_register_id,u1_0.frst_regist_pnttm,u1_0.detail_adres,u1_0.email_adres,u1_0.emplyr_sttus_code,u1_0.empl_no,u1_0.esntl_id,u1_0.fxnum,u1_0.group_id,u1_0.house_adres,u1_0.house_end_telno,u1_0.house_middle_telno,u1_0.ihidnum,u1_0.pstinst_code,u1_0.last_updusr_id,u1_0.last_updt_pnttm,u1_0.lock_at,u1_0.lock_cnt,u1_0.lock_last_pnttm,u1_0.mbtlnum,u1_0.ofcps_nm,u1_0.offm_telno,u1_0.orgnzt_id,u1_0.password,u1_0.password_cnsr,u1_0.password_hint,u1_0.chg_pwd_last_pnttm,u1_0.role,u1_0.sbscrb_de,u1_0.sexdstn_code,u1_0.crtfc_dn_value,u1_0.user_nm,u1_0.zip from nemplyrinfo u1_0 where u1_0.emplyr_id=?
2026-03-16 16:53:40 [http-nio-8080-exec-7] DEBUG o.s.orm.jpa.JpaTransactionManager - Found thread-bound EntityManager [SessionImpl(1866589740<open>)] for JPA transaction
2026-03-16 16:53:40 [http-nio-8080-exec-7] DEBUG o.s.orm.jpa.JpaTransactionManager - Participating in existing transaction
2026-03-16 16:53:40 [http-nio-8080-exec-7] DEBUG org.hibernate.SQL - select ua1_0.scrty_dtrmn_trget_id,ua1_0.author_code,ua1_0.frst_register_id,ua1_0.frst_regist_pnttm,ua1_0.last_updusr_id,ua1_0.last_updt_pnttm,ua1_0.mber_ty_code from nemplyrscrtyestbs ua1_0 where ua1_0.scrty_dtrmn_trget_id=?
2026-03-16 16:53:40 [http-nio-8080-exec-7] DEBUG o.s.orm.jpa.JpaTransactionManager - Initiating transaction commit
2026-03-16 16:53:40 [http-nio-8080-exec-7] DEBUG o.s.orm.jpa.JpaTransactionManager - Committing JPA transaction on EntityManager [SessionImpl(1866589740<open>)]
2026-03-16 16:53:40 [http-nio-8080-exec-7] DEBUG o.s.orm.jpa.JpaTransactionManager - Closing JPA EntityManager [SessionImpl(1866589740<open>)] after transaction
2026-03-16 16:53:40 [http-nio-8080-exec-7] DEBUG c.c.p.s.jwt.JwtAuthenticationFilter - >>> [JwtFilter] Successfully authenticated user: USRCNFRM_99999999999, Authorities: [ROLE_ADMIN]
2026-03-16 16:53:40 [http-nio-8080-exec-7] DEBUG o.s.web.servlet.DispatcherServlet - GET "/api/v1/menu/left?menuNo=50", parameters={masked}
2026-03-16 16:53:40 [http-nio-8080-exec-7] TRACE o.s.w.s.m.m.a.RequestMappingHandlerMapping - Mapped to com.company.project.api.controller.menu.MenuController#getLeftMenu(Long)
2026-03-16 16:53:40 [http-nio-8080-exec-7] INFO  c.c.p.a.c.menu.MenuController - getLeftMenu called with menuNo=50
2026-03-16 16:53:40 [http-nio-8080-exec-7] DEBUG o.s.orm.jpa.JpaTransactionManager - Creating new transaction with name [com.company.project.service.menu.MenuService.getSubMenus]: PROPAGATION_REQUIRED,ISOLATION_DEFAULT,readOnly
2026-03-16 16:53:40 [http-nio-8080-exec-7] DEBUG o.s.orm.jpa.JpaTransactionManager - Opened new EntityManager [SessionImpl(582320925<open>)] for JPA transaction
2026-03-16 16:53:40 [http-nio-8080-exec-7] DEBUG o.s.orm.jpa.JpaTransactionManager - Exposing JPA transaction as JDBC [org.springframework.orm.jpa.vendor.HibernateJpaDialect$HibernateConnectionHandle@4c26c1ef]
2026-03-16 16:53:40 [http-nio-8080-exec-7] DEBUG org.hibernate.SQL - select m1_0.menu_no,m1_0.menu_dc,m1_0.menu_nm,m1_0.menu_ordr,m1_0.modern_route,m1_0.progrm_file_nm,m1_0.relate_image_nm,m1_0.relate_image_path,m1_0.route_updated_at,m1_0.upper_menu_no from nmenuinfo m1_0 order by m1_0.upper_menu_no,m1_0.menu_ordr
2026-03-16 16:53:40 [http-nio-8080-exec-7] DEBUG o.s.orm.jpa.JpaTransactionManager - Found thread-bound EntityManager [SessionImpl(582320925<open>)] for JPA transaction
2026-03-16 16:53:40 [http-nio-8080-exec-7] DEBUG o.s.orm.jpa.JpaTransactionManager - Participating in existing transaction
2026-03-16 16:53:40 [http-nio-8080-exec-7] DEBUG org.hibernate.SQL - select p1_0.progrm_file_nm,p1_0.progrm_dc,p1_0.progrm_korean_nm,p1_0.progrm_stre_path,p1_0.url from nprogrmlist p1_0
2026-03-16 16:53:41 [http-nio-8080-exec-7] DEBUG o.s.orm.jpa.JpaTransactionManager - Initiating transaction commit
2026-03-16 16:53:41 [http-nio-8080-exec-7] DEBUG o.s.orm.jpa.JpaTransactionManager - Committing JPA transaction on EntityManager [SessionImpl(582320925<open>)]
2026-03-16 16:53:41 [http-nio-8080-exec-7] DEBUG o.s.orm.jpa.JpaTransactionManager - Closing JPA EntityManager [SessionImpl(582320925<open>)] after transaction
2026-03-16 16:53:41 [http-nio-8080-exec-7] INFO  c.c.p.a.c.menu.MenuController - getLeftMenu returned 3 items
2026-03-16 16:53:41 [http-nio-8080-exec-7] DEBUG o.s.w.s.m.m.a.HttpEntityMethodProcessor - Using 'application/json', given [application/json, text/plain, */*] and supported [application/json, application/*+json, application/yaml]
2026-03-16 16:53:41 [http-nio-8080-exec-7] TRACE o.s.w.s.m.m.a.HttpEntityMethodProcessor - Writing [ApiResponse[success=true, status=200, code=COMMON_001, message=Success, data={list=[com.company.project.service.menu.dto.MenuDto@6cdb70dd, com.company.project.service.menu.dto.MenuDto@7bf68de1, com.company.project.service.menu.dto.MenuDto@7a9c0dc7]}, timestamp=2026-03-16T16:53:41.277846500]]
2026-03-16 16:53:41 [http-nio-8080-exec-7] INFO  c.c.p.a.i.OperationalAuditInterceptor - API Audit Log: URL=/api/v1/menu/left, User=webmaster, IP=127.0.0.1
2026-03-16 16:53:41 [http-nio-8080-exec-7] DEBUG o.s.web.servlet.DispatcherServlet - Completed 200 OK
2026-03-16 16:53:41 [http-nio-8080-exec-6] DEBUG c.c.p.s.jwt.JwtAuthenticationFilter - >>> [JwtFilter] Processing request: GET /api/v1/menu/left
2026-03-16 16:53:41 [http-nio-8080-exec-6] DEBUG c.c.p.s.jwt.JwtAuthenticationFilter - >>> [JwtFilter] Found token in header for path: /api/v1/menu/left
2026-03-16 16:53:41 [http-nio-8080-exec-6] DEBUG o.s.orm.jpa.JpaTransactionManager - Creating new transaction with name [com.company.project.security.iam.CustomUserDetailsService.loadUserByUsername]: PROPAGATION_REQUIRED,ISOLATION_DEFAULT,readOnly
2026-03-16 16:53:41 [http-nio-8080-exec-6] DEBUG o.s.orm.jpa.JpaTransactionManager - Opened new EntityManager [SessionImpl(813531925<open>)] for JPA transaction
2026-03-16 16:53:41 [http-nio-8080-exec-6] DEBUG o.s.orm.jpa.JpaTransactionManager - Exposing JPA transaction as JDBC [org.springframework.orm.jpa.vendor.HibernateJpaDialect$HibernateConnectionHandle@735aa20c]
2026-03-16 16:53:41 [http-nio-8080-exec-6] DEBUG o.s.orm.jpa.JpaTransactionManager - Found thread-bound EntityManager [SessionImpl(813531925<open>)] for JPA transaction
2026-03-16 16:53:41 [http-nio-8080-exec-6] DEBUG o.s.orm.jpa.JpaTransactionManager - Participating in existing transaction
2026-03-16 16:53:41 [http-nio-8080-exec-6] DEBUG org.hibernate.SQL - select u1_0.emplyr_id,u1_0.area_no,u1_0.brthdy,u1_0.chg_pwd_cnt,u1_0.frst_register_id,u1_0.frst_regist_pnttm,u1_0.detail_adres,u1_0.email_adres,u1_0.emplyr_sttus_code,u1_0.empl_no,u1_0.esntl_id,u1_0.fxnum,u1_0.group_id,u1_0.house_adres,u1_0.house_end_telno,u1_0.house_middle_telno,u1_0.ihidnum,u1_0.pstinst_code,u1_0.last_updusr_id,u1_0.last_updt_pnttm,u1_0.lock_at,u1_0.lock_cnt,u1_0.lock_last_pnttm,u1_0.mbtlnum,u1_0.ofcps_nm,u1_0.offm_telno,u1_0.orgnzt_id,u1_0.password,u1_0.password_cnsr,u1_0.password_hint,u1_0.chg_pwd_last_pnttm,u1_0.role,u1_0.sbscrb_de,u1_0.sexdstn_code,u1_0.crtfc_dn_value,u1_0.user_nm,u1_0.zip from nemplyrinfo u1_0 where u1_0.emplyr_id=?
2026-03-16 16:53:41 [MessageBroker-9] DEBUG o.s.w.s.s.t.h.DefaultSockJsService - Closed 1 sessions: [utlvn1pr]
2026-03-16 16:53:41 [http-nio-8080-exec-6] DEBUG o.s.orm.jpa.JpaTransactionManager - Found thread-bound EntityManager [SessionImpl(813531925<open>)] for JPA transaction
2026-03-16 16:53:41 [http-nio-8080-exec-6] DEBUG o.s.orm.jpa.JpaTransactionManager - Participating in existing transaction
2026-03-16 16:53:41 [http-nio-8080-exec-6] DEBUG org.hibernate.SQL - select ua1_0.scrty_dtrmn_trget_id,ua1_0.author_code,ua1_0.frst_register_id,ua1_0.frst_regist_pnttm,ua1_0.last_updusr_id,ua1_0.last_updt_pnttm,ua1_0.mber_ty_code from nemplyrscrtyestbs ua1_0 where ua1_0.scrty_dtrmn_trget_id=?
2026-03-16 16:53:41 [http-nio-8080-exec-6] DEBUG o.s.orm.jpa.JpaTransactionManager - Initiating transaction commit
2026-03-16 16:53:41 [http-nio-8080-exec-6] DEBUG o.s.orm.jpa.JpaTransactionManager - Committing JPA transaction on EntityManager [SessionImpl(813531925<open>)]
2026-03-16 16:53:41 [http-nio-8080-exec-6] DEBUG o.s.orm.jpa.JpaTransactionManager - Closing JPA EntityManager [SessionImpl(813531925<open>)] after transaction
2026-03-16 16:53:41 [http-nio-8080-exec-6] DEBUG c.c.p.s.jwt.JwtAuthenticationFilter - >>> [JwtFilter] Successfully authenticated user: USRCNFRM_99999999999, Authorities: [ROLE_ADMIN]
2026-03-16 16:53:41 [http-nio-8080-exec-6] DEBUG o.s.web.servlet.DispatcherServlet - GET "/api/v1/menu/left?menuNo=60", parameters={masked}
2026-03-16 16:53:41 [http-nio-8080-exec-6] TRACE o.s.w.s.m.m.a.RequestMappingHandlerMapping - Mapped to com.company.project.api.controller.menu.MenuController#getLeftMenu(Long)
2026-03-16 16:53:41 [http-nio-8080-exec-6] INFO  c.c.p.a.c.menu.MenuController - getLeftMenu called with menuNo=60
2026-03-16 16:53:41 [http-nio-8080-exec-6] DEBUG o.s.orm.jpa.JpaTransactionManager - Creating new transaction with name [com.company.project.service.menu.MenuService.getSubMenus]: PROPAGATION_REQUIRED,ISOLATION_DEFAULT,readOnly
2026-03-16 16:53:41 [http-nio-8080-exec-6] DEBUG o.s.orm.jpa.JpaTransactionManager - Opened new EntityManager [SessionImpl(1650345828<open>)] for JPA transaction
2026-03-16 16:53:41 [http-nio-8080-exec-6] DEBUG o.s.orm.jpa.JpaTransactionManager - Exposing JPA transaction as JDBC [org.springframework.orm.jpa.vendor.HibernateJpaDialect$HibernateConnectionHandle@31478794]
2026-03-16 16:53:41 [http-nio-8080-exec-6] DEBUG org.hibernate.SQL - select m1_0.menu_no,m1_0.menu_dc,m1_0.menu_nm,m1_0.menu_ordr,m1_0.modern_route,m1_0.progrm_file_nm,m1_0.relate_image_nm,m1_0.relate_image_path,m1_0.route_updated_at,m1_0.upper_menu_no from nmenuinfo m1_0 order by m1_0.upper_menu_no,m1_0.menu_ordr
2026-03-16 16:53:42 [http-nio-8080-exec-6] DEBUG o.s.orm.jpa.JpaTransactionManager - Found thread-bound EntityManager [SessionImpl(1650345828<open>)] for JPA transaction
2026-03-16 16:53:42 [http-nio-8080-exec-6] DEBUG o.s.orm.jpa.JpaTransactionManager - Participating in existing transaction
2026-03-16 16:53:42 [http-nio-8080-exec-6] DEBUG org.hibernate.SQL - select p1_0.progrm_file_nm,p1_0.progrm_dc,p1_0.progrm_korean_nm,p1_0.progrm_stre_path,p1_0.url from nprogrmlist p1_0
2026-03-16 16:53:42 [http-nio-8080-exec-6] DEBUG o.s.orm.jpa.JpaTransactionManager - Initiating transaction commit
2026-03-16 16:53:42 [http-nio-8080-exec-6] DEBUG o.s.orm.jpa.JpaTransactionManager - Committing JPA transaction on EntityManager [SessionImpl(1650345828<open>)]
2026-03-16 16:53:42 [http-nio-8080-exec-6] DEBUG o.s.orm.jpa.JpaTransactionManager - Closing JPA EntityManager [SessionImpl(1650345828<open>)] after transaction
2026-03-16 16:53:42 [http-nio-8080-exec-6] INFO  c.c.p.a.c.menu.MenuController - getLeftMenu returned 1 items
2026-03-16 16:53:42 [http-nio-8080-exec-6] DEBUG o.s.w.s.m.m.a.HttpEntityMethodProcessor - Using 'application/json', given [application/json, text/plain, */*] and supported [application/json, application/*+json, application/yaml]
2026-03-16 16:53:42 [http-nio-8080-exec-6] TRACE o.s.w.s.m.m.a.HttpEntityMethodProcessor - Writing [ApiResponse[success=true, status=200, code=COMMON_001, message=Success, data={list=[com.company.project.service.menu.dto.MenuDto@30fd1386]}, timestamp=2026-03-16T16:53:42.557138400]]
2026-03-16 16:53:42 [http-nio-8080-exec-6] INFO  c.c.p.a.i.OperationalAuditInterceptor - API Audit Log: URL=/api/v1/menu/left, User=webmaster, IP=127.0.0.1
2026-03-16 16:53:42 [http-nio-8080-exec-6] DEBUG o.s.web.servlet.DispatcherServlet - Completed 200 OK
2026-03-16 16:54:03 [http-nio-8080-exec-10] DEBUG o.s.w.s.h.LoggingWebSocketHandlerDecorator - WebSocketServerSockJsSession[id=pnqsap3q] closed with CloseStatus[code=1001, reason=null]
2026-03-16 16:54:03 [http-nio-8080-exec-10] DEBUG o.s.w.s.m.SubProtocolWebSocketHandler - Clearing session pnqsap3q
2026-03-16 16:54:03 [scheduling-1] DEBUG org.springframework.web.SimpLogging - Processing DISCONNECT session=pnqsap3q
2026-03-16 16:54:03 [scheduling-1] DEBUG o.s.w.s.m.SubProtocolWebSocketHandler - No session for GenericMessage [payload=byte[0], headers={simpMessageType=DISCONNECT_ACK, simpDisconnectMessage=GenericMessage [payload=byte[0], headers={simpMessageType=DISCONNECT, stompCommand=DISCONNECT, simpSessionAttributes={org.springframework.messaging.simp.SimpAttributes.COMPLETED=true}, simpSessionId=pnqsap3q}], simpSessionId=pnqsap3q}]
2026-03-16 16:54:04 [http-nio-8080-exec-8] DEBUG c.c.p.s.jwt.JwtAuthenticationFilter - >>> [JwtFilter] Processing request: GET /api/v1/dashboard
2026-03-16 16:54:04 [http-nio-8080-exec-9] DEBUG c.c.p.s.jwt.JwtAuthenticationFilter - >>> [JwtFilter] Processing request: GET /api/v1/menu/head
2026-03-16 16:54:04 [http-nio-8080-exec-8] DEBUG c.c.p.s.jwt.JwtAuthenticationFilter - >>> [JwtFilter] Found token in header for path: /api/v1/dashboard
2026-03-16 16:54:04 [http-nio-8080-exec-9] DEBUG c.c.p.s.jwt.JwtAuthenticationFilter - >>> [JwtFilter] Found token in header for path: /api/v1/menu/head
2026-03-16 16:54:04 [http-nio-8080-exec-8] DEBUG o.s.orm.jpa.JpaTransactionManager - Creating new transaction with name [com.company.project.security.iam.CustomUserDetailsService.loadUserByUsername]: PROPAGATION_REQUIRED,ISOLATION_DEFAULT,readOnly
2026-03-16 16:54:04 [http-nio-8080-exec-9] DEBUG o.s.orm.jpa.JpaTransactionManager - Creating new transaction with name [com.company.project.security.iam.CustomUserDetailsService.loadUserByUsername]: PROPAGATION_REQUIRED,ISOLATION_DEFAULT,readOnly
2026-03-16 16:54:04 [http-nio-8080-exec-8] DEBUG o.s.orm.jpa.JpaTransactionManager - Opened new EntityManager [SessionImpl(597784711<open>)] for JPA transaction
2026-03-16 16:54:04 [http-nio-8080-exec-9] DEBUG o.s.orm.jpa.JpaTransactionManager - Opened new EntityManager [SessionImpl(1530762582<open>)] for JPA transaction
2026-03-16 16:54:05 [http-nio-8080-exec-9] DEBUG o.s.orm.jpa.JpaTransactionManager - Exposing JPA transaction as JDBC [org.springframework.orm.jpa.vendor.HibernateJpaDialect$HibernateConnectionHandle@4089165a]
2026-03-16 16:54:05 [http-nio-8080-exec-9] DEBUG o.s.orm.jpa.JpaTransactionManager - Found thread-bound EntityManager [SessionImpl(1530762582<open>)] for JPA transaction
2026-03-16 16:54:05 [http-nio-8080-exec-9] DEBUG o.s.orm.jpa.JpaTransactionManager - Participating in existing transaction
2026-03-16 16:54:05 [http-nio-8080-exec-9] DEBUG org.hibernate.SQL - select u1_0.emplyr_id,u1_0.area_no,u1_0.brthdy,u1_0.chg_pwd_cnt,u1_0.frst_register_id,u1_0.frst_regist_pnttm,u1_0.detail_adres,u1_0.email_adres,u1_0.emplyr_sttus_code,u1_0.empl_no,u1_0.esntl_id,u1_0.fxnum,u1_0.group_id,u1_0.house_adres,u1_0.house_end_telno,u1_0.house_middle_telno,u1_0.ihidnum,u1_0.pstinst_code,u1_0.last_updusr_id,u1_0.last_updt_pnttm,u1_0.lock_at,u1_0.lock_cnt,u1_0.lock_last_pnttm,u1_0.mbtlnum,u1_0.ofcps_nm,u1_0.offm_telno,u1_0.orgnzt_id,u1_0.password,u1_0.password_cnsr,u1_0.password_hint,u1_0.chg_pwd_last_pnttm,u1_0.role,u1_0.sbscrb_de,u1_0.sexdstn_code,u1_0.crtfc_dn_value,u1_0.user_nm,u1_0.zip from nemplyrinfo u1_0 where u1_0.emplyr_id=?
2026-03-16 16:54:05 [http-nio-8080-exec-8] DEBUG o.s.orm.jpa.JpaTransactionManager - Exposing JPA transaction as JDBC [org.springframework.orm.jpa.vendor.HibernateJpaDialect$HibernateConnectionHandle@23ded06d]
2026-03-16 16:54:05 [http-nio-8080-exec-8] DEBUG o.s.orm.jpa.JpaTransactionManager - Found thread-bound EntityManager [SessionImpl(597784711<open>)] for JPA transaction
2026-03-16 16:54:05 [http-nio-8080-exec-8] DEBUG o.s.orm.jpa.JpaTransactionManager - Participating in existing transaction
2026-03-16 16:54:05 [http-nio-8080-exec-8] DEBUG org.hibernate.SQL - select u1_0.emplyr_id,u1_0.area_no,u1_0.brthdy,u1_0.chg_pwd_cnt,u1_0.frst_register_id,u1_0.frst_regist_pnttm,u1_0.detail_adres,u1_0.email_adres,u1_0.emplyr_sttus_code,u1_0.empl_no,u1_0.esntl_id,u1_0.fxnum,u1_0.group_id,u1_0.house_adres,u1_0.house_end_telno,u1_0.house_middle_telno,u1_0.ihidnum,u1_0.pstinst_code,u1_0.last_updusr_id,u1_0.last_updt_pnttm,u1_0.lock_at,u1_0.lock_cnt,u1_0.lock_last_pnttm,u1_0.mbtlnum,u1_0.ofcps_nm,u1_0.offm_telno,u1_0.orgnzt_id,u1_0.password,u1_0.password_cnsr,u1_0.password_hint,u1_0.chg_pwd_last_pnttm,u1_0.role,u1_0.sbscrb_de,u1_0.sexdstn_code,u1_0.crtfc_dn_value,u1_0.user_nm,u1_0.zip from nemplyrinfo u1_0 where u1_0.emplyr_id=?
2026-03-16 16:54:05 [http-nio-8080-exec-9] DEBUG o.s.orm.jpa.JpaTransactionManager - Found thread-bound EntityManager [SessionImpl(1530762582<open>)] for JPA transaction
2026-03-16 16:54:05 [http-nio-8080-exec-9] DEBUG o.s.orm.jpa.JpaTransactionManager - Participating in existing transaction
2026-03-16 16:54:05 [http-nio-8080-exec-9] DEBUG org.hibernate.SQL - select ua1_0.scrty_dtrmn_trget_id,ua1_0.author_code,ua1_0.frst_register_id,ua1_0.frst_regist_pnttm,ua1_0.last_updusr_id,ua1_0.last_updt_pnttm,ua1_0.mber_ty_code from nemplyrscrtyestbs ua1_0 where ua1_0.scrty_dtrmn_trget_id=?
2026-03-16 16:54:05 [http-nio-8080-exec-8] DEBUG o.s.orm.jpa.JpaTransactionManager - Found thread-bound EntityManager [SessionImpl(597784711<open>)] for JPA transaction
2026-03-16 16:54:05 [http-nio-8080-exec-8] DEBUG o.s.orm.jpa.JpaTransactionManager - Participating in existing transaction
2026-03-16 16:54:05 [http-nio-8080-exec-8] DEBUG org.hibernate.SQL - select ua1_0.scrty_dtrmn_trget_id,ua1_0.author_code,ua1_0.frst_register_id,ua1_0.frst_regist_pnttm,ua1_0.last_updusr_id,ua1_0.last_updt_pnttm,ua1_0.mber_ty_code from nemplyrscrtyestbs ua1_0 where ua1_0.scrty_dtrmn_trget_id=?
2026-03-16 16:54:05 [http-nio-8080-exec-9] DEBUG o.s.orm.jpa.JpaTransactionManager - Initiating transaction commit
2026-03-16 16:54:05 [http-nio-8080-exec-9] DEBUG o.s.orm.jpa.JpaTransactionManager - Committing JPA transaction on EntityManager [SessionImpl(1530762582<open>)]
2026-03-16 16:54:05 [http-nio-8080-exec-8] DEBUG o.s.orm.jpa.JpaTransactionManager - Initiating transaction commit
2026-03-16 16:54:05 [http-nio-8080-exec-8] DEBUG o.s.orm.jpa.JpaTransactionManager - Committing JPA transaction on EntityManager [SessionImpl(597784711<open>)]
2026-03-16 16:54:05 [http-nio-8080-exec-9] DEBUG o.s.orm.jpa.JpaTransactionManager - Closing JPA EntityManager [SessionImpl(1530762582<open>)] after transaction
2026-03-16 16:54:05 [http-nio-8080-exec-9] DEBUG c.c.p.s.jwt.JwtAuthenticationFilter - >>> [JwtFilter] Successfully authenticated user: USRCNFRM_99999999999, Authorities: [ROLE_ADMIN]
2026-03-16 16:54:05 [http-nio-8080-exec-9] DEBUG o.s.web.servlet.DispatcherServlet - GET "/api/v1/menu/head", parameters={}
2026-03-16 16:54:05 [http-nio-8080-exec-9] TRACE o.s.w.s.m.m.a.RequestMappingHandlerMapping - Mapped to com.company.project.api.controller.menu.MenuController#getHeadMenu()
2026-03-16 16:54:05 [http-nio-8080-exec-9] INFO  c.c.p.a.c.menu.MenuController - getHeadMenu called
2026-03-16 16:54:05 [http-nio-8080-exec-9] INFO  c.c.p.a.c.menu.MenuController - getHeadMenu returned 5 items
2026-03-16 16:54:05 [http-nio-8080-exec-9] DEBUG o.s.w.s.m.m.a.HttpEntityMethodProcessor - Using 'application/json', given [application/json, text/plain, */*] and supported [application/json, application/*+json, application/yaml]
2026-03-16 16:54:05 [http-nio-8080-exec-9] TRACE o.s.w.s.m.m.a.HttpEntityMethodProcessor - Writing [ApiResponse[success=true, status=200, code=COMMON_001, message=Success, data={list=[com.company.project.service.menu.dto.MenuDto@2b80d6b0, com.company.project.service.menu.dto.MenuDto@1418cfa3, com.company.project.service.menu.dto.MenuDto@f230bf1, com.company.project.service.menu.dto.MenuDto@734a7f6a, com.company.project.service.menu.dto.MenuDto@5e5202e5]}, timestamp=2026-03-16T16:54:05.485531600]]
2026-03-16 16:54:05 [http-nio-8080-exec-9] INFO  c.c.p.a.i.OperationalAuditInterceptor - API Audit Log: URL=/api/v1/menu/head, User=webmaster, IP=0:0:0:0:0:0:0:1
2026-03-16 16:54:05 [http-nio-8080-exec-9] DEBUG o.s.web.servlet.DispatcherServlet - Completed 200 OK
2026-03-16 16:54:05 [http-nio-8080-exec-3] DEBUG c.c.p.s.jwt.JwtAuthenticationFilter - >>> [JwtFilter] Processing request: GET /api/v1/menu/left
2026-03-16 16:54:05 [http-nio-8080-exec-3] DEBUG c.c.p.s.jwt.JwtAuthenticationFilter - >>> [JwtFilter] Found token in header for path: /api/v1/menu/left
2026-03-16 16:54:05 [http-nio-8080-exec-5] DEBUG c.c.p.s.jwt.JwtAuthenticationFilter - >>> [JwtFilter] Processing request: GET /api/v1/menu/left
2026-03-16 16:54:05 [http-nio-8080-exec-5] DEBUG c.c.p.s.jwt.JwtAuthenticationFilter - >>> [JwtFilter] Found token in header for path: /api/v1/menu/left
2026-03-16 16:54:05 [http-nio-8080-exec-5] DEBUG o.s.orm.jpa.JpaTransactionManager - Creating new transaction with name [com.company.project.security.iam.CustomUserDetailsService.loadUserByUsername]: PROPAGATION_REQUIRED,ISOLATION_DEFAULT,readOnly
2026-03-16 16:54:05 [http-nio-8080-exec-3] DEBUG o.s.orm.jpa.JpaTransactionManager - Creating new transaction with name [com.company.project.security.iam.CustomUserDetailsService.loadUserByUsername]: PROPAGATION_REQUIRED,ISOLATION_DEFAULT,readOnly
2026-03-16 16:54:05 [http-nio-8080-exec-5] DEBUG o.s.orm.jpa.JpaTransactionManager - Opened new EntityManager [SessionImpl(1970236350<open>)] for JPA transaction
2026-03-16 16:54:05 [http-nio-8080-exec-3] DEBUG o.s.orm.jpa.JpaTransactionManager - Opened new EntityManager [SessionImpl(364977223<open>)] for JPA transaction
2026-03-16 16:54:05 [http-nio-8080-exec-7] DEBUG c.c.p.s.jwt.JwtAuthenticationFilter - >>> [JwtFilter] Processing request: GET /api/v1/menu/left
2026-03-16 16:54:05 [http-nio-8080-exec-4] DEBUG c.c.p.s.jwt.JwtAuthenticationFilter - >>> [JwtFilter] Processing request: GET /api/v1/menu/left
2026-03-16 16:54:05 [http-nio-8080-exec-7] DEBUG c.c.p.s.jwt.JwtAuthenticationFilter - >>> [JwtFilter] Found token in header for path: /api/v1/menu/left
2026-03-16 16:54:05 [http-nio-8080-exec-1] DEBUG c.c.p.s.jwt.JwtAuthenticationFilter - >>> [JwtFilter] Processing request: GET /api/v1/menu/left
2026-03-16 16:54:05 [http-nio-8080-exec-4] DEBUG c.c.p.s.jwt.JwtAuthenticationFilter - >>> [JwtFilter] Found token in header for path: /api/v1/menu/left
2026-03-16 16:54:05 [http-nio-8080-exec-1] DEBUG c.c.p.s.jwt.JwtAuthenticationFilter - >>> [JwtFilter] Found token in header for path: /api/v1/menu/left
2026-03-16 16:54:05 [http-nio-8080-exec-7] DEBUG o.s.orm.jpa.JpaTransactionManager - Creating new transaction with name [com.company.project.security.iam.CustomUserDetailsService.loadUserByUsername]: PROPAGATION_REQUIRED,ISOLATION_DEFAULT,readOnly
2026-03-16 16:54:05 [http-nio-8080-exec-1] DEBUG o.s.orm.jpa.JpaTransactionManager - Creating new transaction with name [com.company.project.security.iam.CustomUserDetailsService.loadUserByUsername]: PROPAGATION_REQUIRED,ISOLATION_DEFAULT,readOnly
2026-03-16 16:54:05 [http-nio-8080-exec-4] DEBUG o.s.orm.jpa.JpaTransactionManager - Creating new transaction with name [com.company.project.security.iam.CustomUserDetailsService.loadUserByUsername]: PROPAGATION_REQUIRED,ISOLATION_DEFAULT,readOnly
2026-03-16 16:54:05 [http-nio-8080-exec-7] DEBUG o.s.orm.jpa.JpaTransactionManager - Opened new EntityManager [SessionImpl(310212785<open>)] for JPA transaction
2026-03-16 16:54:05 [http-nio-8080-exec-1] DEBUG o.s.orm.jpa.JpaTransactionManager - Opened new EntityManager [SessionImpl(1803230908<open>)] for JPA transaction
2026-03-16 16:54:05 [http-nio-8080-exec-4] DEBUG o.s.orm.jpa.JpaTransactionManager - Opened new EntityManager [SessionImpl(577017586<open>)] for JPA transaction
2026-03-16 16:54:05 [http-nio-8080-exec-8] DEBUG o.s.orm.jpa.JpaTransactionManager - Closing JPA EntityManager [SessionImpl(597784711<open>)] after transaction
2026-03-16 16:54:05 [http-nio-8080-exec-8] DEBUG c.c.p.s.jwt.JwtAuthenticationFilter - >>> [JwtFilter] Successfully authenticated user: USRCNFRM_99999999999, Authorities: [ROLE_ADMIN]
2026-03-16 16:54:05 [http-nio-8080-exec-8] DEBUG o.s.web.servlet.DispatcherServlet - GET "/api/v1/dashboard", parameters={}
2026-03-16 16:54:05 [http-nio-8080-exec-8] TRACE o.s.w.s.m.m.a.RequestMappingHandlerMapping - Mapped to com.company.project.api.controller.main.DashboardController#getDashboardData(UserDetails)
2026-03-16 16:54:05 [http-nio-8080-exec-8] INFO  c.c.p.a.c.main.DashboardController - >>> [Dashboard] Fetching data for user: USRCNFRM_99999999999
2026-03-16 16:54:05 [http-nio-8080-exec-8] DEBUG o.s.orm.jpa.JpaTransactionManager - Creating new transaction with name [com.company.project.service.board.BoardService.getBoardPosts]: PROPAGATION_REQUIRED,ISOLATION_DEFAULT,readOnly
2026-03-16 16:54:05 [http-nio-8080-exec-8] DEBUG o.s.orm.jpa.JpaTransactionManager - Opened new EntityManager [SessionImpl(1288590733<open>)] for JPA transaction
2026-03-16 16:54:05 [http-nio-8080-exec-8] DEBUG o.s.orm.jpa.JpaTransactionManager - Exposing JPA transaction as JDBC [org.springframework.orm.jpa.vendor.HibernateJpaDialect$HibernateConnectionHandle@303a7e33]
2026-03-16 16:54:05 [http-nio-8080-exec-8] DEBUG o.s.orm.jpa.JpaTransactionManager - Found thread-bound EntityManager [SessionImpl(1288590733<open>)] for JPA transaction
2026-03-16 16:54:05 [http-nio-8080-exec-8] DEBUG o.s.orm.jpa.JpaTransactionManager - Participating in existing transaction
2026-03-16 16:54:05 [http-nio-8080-exec-8] DEBUG org.hibernate.SQL - select bm1_0.bbs_id,bm1_0.atch_posbl_file_number,bm1_0.atch_posbl_file_size,bm1_0.bbs_attrb_code,bm1_0.bbs_intrcn,bm1_0.bbs_nm,bm1_0.bbs_ty_code,bm1_0.blog_at,bm1_0.blog_id,bm1_0.cmmnty_id,bm1_0.frst_register_id,bm1_0.frst_regist_pnttm,bm1_0.file_atch_posbl_at,bm1_0.last_updusr_id,bm1_0.last_updt_pnttm,bm1_0.reply_posbl_at,bm1_0.tmplat_id,bm1_0.use_at,bm1_1.answer_at,bm1_1.stsfdg_at from nbbsmaster bm1_0 left join nbbsmasteroptn bm1_1 on bm1_0.bbs_id=bm1_1.bbs_id where bm1_0.bbs_id=?
2026-03-16 16:54:05 [http-nio-8080-exec-4] DEBUG o.s.orm.jpa.JpaTransactionManager - Exposing JPA transaction as JDBC [org.springframework.orm.jpa.vendor.HibernateJpaDialect$HibernateConnectionHandle@3e471d03]
2026-03-16 16:54:05 [http-nio-8080-exec-4] DEBUG o.s.orm.jpa.JpaTransactionManager - Found thread-bound EntityManager [SessionImpl(577017586<open>)] for JPA transaction
2026-03-16 16:54:05 [http-nio-8080-exec-4] DEBUG o.s.orm.jpa.JpaTransactionManager - Participating in existing transaction
2026-03-16 16:54:05 [http-nio-8080-exec-4] DEBUG org.hibernate.SQL - select u1_0.emplyr_id,u1_0.area_no,u1_0.brthdy,u1_0.chg_pwd_cnt,u1_0.frst_register_id,u1_0.frst_regist_pnttm,u1_0.detail_adres,u1_0.email_adres,u1_0.emplyr_sttus_code,u1_0.empl_no,u1_0.esntl_id,u1_0.fxnum,u1_0.group_id,u1_0.house_adres,u1_0.house_end_telno,u1_0.house_middle_telno,u1_0.ihidnum,u1_0.pstinst_code,u1_0.last_updusr_id,u1_0.last_updt_pnttm,u1_0.lock_at,u1_0.lock_cnt,u1_0.lock_last_pnttm,u1_0.mbtlnum,u1_0.ofcps_nm,u1_0.offm_telno,u1_0.orgnzt_id,u1_0.password,u1_0.password_cnsr,u1_0.password_hint,u1_0.chg_pwd_last_pnttm,u1_0.role,u1_0.sbscrb_de,u1_0.sexdstn_code,u1_0.crtfc_dn_value,u1_0.user_nm,u1_0.zip from nemplyrinfo u1_0 where u1_0.emplyr_id=?
2026-03-16 16:54:05 [http-nio-8080-exec-1] DEBUG o.s.orm.jpa.JpaTransactionManager - Exposing JPA transaction as JDBC [org.springframework.orm.jpa.vendor.HibernateJpaDialect$HibernateConnectionHandle@27eacab0]
2026-03-16 16:54:05 [http-nio-8080-exec-1] DEBUG o.s.orm.jpa.JpaTransactionManager - Found thread-bound EntityManager [SessionImpl(1803230908<open>)] for JPA transaction
2026-03-16 16:54:05 [http-nio-8080-exec-1] DEBUG o.s.orm.jpa.JpaTransactionManager - Participating in existing transaction
2026-03-16 16:54:05 [http-nio-8080-exec-1] DEBUG org.hibernate.SQL - select u1_0.emplyr_id,u1_0.area_no,u1_0.brthdy,u1_0.chg_pwd_cnt,u1_0.frst_register_id,u1_0.frst_regist_pnttm,u1_0.detail_adres,u1_0.email_adres,u1_0.emplyr_sttus_code,u1_0.empl_no,u1_0.esntl_id,u1_0.fxnum,u1_0.group_id,u1_0.house_adres,u1_0.house_end_telno,u1_0.house_middle_telno,u1_0.ihidnum,u1_0.pstinst_code,u1_0.last_updusr_id,u1_0.last_updt_pnttm,u1_0.lock_at,u1_0.lock_cnt,u1_0.lock_last_pnttm,u1_0.mbtlnum,u1_0.ofcps_nm,u1_0.offm_telno,u1_0.orgnzt_id,u1_0.password,u1_0.password_cnsr,u1_0.password_hint,u1_0.chg_pwd_last_pnttm,u1_0.role,u1_0.sbscrb_de,u1_0.sexdstn_code,u1_0.crtfc_dn_value,u1_0.user_nm,u1_0.zip from nemplyrinfo u1_0 where u1_0.emplyr_id=?
2026-03-16 16:54:05 [http-nio-8080-exec-3] DEBUG o.s.orm.jpa.JpaTransactionManager - Exposing JPA transaction as JDBC [org.springframework.orm.jpa.vendor.HibernateJpaDialect$HibernateConnectionHandle@1108a553]
2026-03-16 16:54:05 [http-nio-8080-exec-3] DEBUG o.s.orm.jpa.JpaTransactionManager - Found thread-bound EntityManager [SessionImpl(364977223<open>)] for JPA transaction
2026-03-16 16:54:05 [http-nio-8080-exec-3] DEBUG o.s.orm.jpa.JpaTransactionManager - Participating in existing transaction
2026-03-16 16:54:05 [http-nio-8080-exec-5] DEBUG o.s.orm.jpa.JpaTransactionManager - Exposing JPA transaction as JDBC [org.springframework.orm.jpa.vendor.HibernateJpaDialect$HibernateConnectionHandle@54d02b93]
2026-03-16 16:54:05 [http-nio-8080-exec-5] DEBUG o.s.orm.jpa.JpaTransactionManager - Found thread-bound EntityManager [SessionImpl(1970236350<open>)] for JPA transaction
2026-03-16 16:54:05 [http-nio-8080-exec-3] DEBUG org.hibernate.SQL - select u1_0.emplyr_id,u1_0.area_no,u1_0.brthdy,u1_0.chg_pwd_cnt,u1_0.frst_register_id,u1_0.frst_regist_pnttm,u1_0.detail_adres,u1_0.email_adres,u1_0.emplyr_sttus_code,u1_0.empl_no,u1_0.esntl_id,u1_0.fxnum,u1_0.group_id,u1_0.house_adres,u1_0.house_end_telno,u1_0.house_middle_telno,u1_0.ihidnum,u1_0.pstinst_code,u1_0.last_updusr_id,u1_0.last_updt_pnttm,u1_0.lock_at,u1_0.lock_cnt,u1_0.lock_last_pnttm,u1_0.mbtlnum,u1_0.ofcps_nm,u1_0.offm_telno,u1_0.orgnzt_id,u1_0.password,u1_0.password_cnsr,u1_0.password_hint,u1_0.chg_pwd_last_pnttm,u1_0.role,u1_0.sbscrb_de,u1_0.sexdstn_code,u1_0.crtfc_dn_value,u1_0.user_nm,u1_0.zip from nemplyrinfo u1_0 where u1_0.emplyr_id=?
2026-03-16 16:54:05 [http-nio-8080-exec-5] DEBUG o.s.orm.jpa.JpaTransactionManager - Participating in existing transaction
2026-03-16 16:54:05 [http-nio-8080-exec-5] DEBUG org.hibernate.SQL - select u1_0.emplyr_id,u1_0.area_no,u1_0.brthdy,u1_0.chg_pwd_cnt,u1_0.frst_register_id,u1_0.frst_regist_pnttm,u1_0.detail_adres,u1_0.email_adres,u1_0.emplyr_sttus_code,u1_0.empl_no,u1_0.esntl_id,u1_0.fxnum,u1_0.group_id,u1_0.house_adres,u1_0.house_end_telno,u1_0.house_middle_telno,u1_0.ihidnum,u1_0.pstinst_code,u1_0.last_updusr_id,u1_0.last_updt_pnttm,u1_0.lock_at,u1_0.lock_cnt,u1_0.lock_last_pnttm,u1_0.mbtlnum,u1_0.ofcps_nm,u1_0.offm_telno,u1_0.orgnzt_id,u1_0.password,u1_0.password_cnsr,u1_0.password_hint,u1_0.chg_pwd_last_pnttm,u1_0.role,u1_0.sbscrb_de,u1_0.sexdstn_code,u1_0.crtfc_dn_value,u1_0.user_nm,u1_0.zip from nemplyrinfo u1_0 where u1_0.emplyr_id=?
2026-03-16 16:54:05 [http-nio-8080-exec-7] DEBUG o.s.orm.jpa.JpaTransactionManager - Exposing JPA transaction as JDBC [org.springframework.orm.jpa.vendor.HibernateJpaDialect$HibernateConnectionHandle@2517afbb]
2026-03-16 16:54:05 [http-nio-8080-exec-7] DEBUG o.s.orm.jpa.JpaTransactionManager - Found thread-bound EntityManager [SessionImpl(310212785<open>)] for JPA transaction
2026-03-16 16:54:05 [http-nio-8080-exec-7] DEBUG o.s.orm.jpa.JpaTransactionManager - Participating in existing transaction
2026-03-16 16:54:05 [http-nio-8080-exec-7] DEBUG org.hibernate.SQL - select u1_0.emplyr_id,u1_0.area_no,u1_0.brthdy,u1_0.chg_pwd_cnt,u1_0.frst_register_id,u1_0.frst_regist_pnttm,u1_0.detail_adres,u1_0.email_adres,u1_0.emplyr_sttus_code,u1_0.empl_no,u1_0.esntl_id,u1_0.fxnum,u1_0.group_id,u1_0.house_adres,u1_0.house_end_telno,u1_0.house_middle_telno,u1_0.ihidnum,u1_0.pstinst_code,u1_0.last_updusr_id,u1_0.last_updt_pnttm,u1_0.lock_at,u1_0.lock_cnt,u1_0.lock_last_pnttm,u1_0.mbtlnum,u1_0.ofcps_nm,u1_0.offm_telno,u1_0.orgnzt_id,u1_0.password,u1_0.password_cnsr,u1_0.password_hint,u1_0.chg_pwd_last_pnttm,u1_0.role,u1_0.sbscrb_de,u1_0.sexdstn_code,u1_0.crtfc_dn_value,u1_0.user_nm,u1_0.zip from nemplyrinfo u1_0 where u1_0.emplyr_id=?
2026-03-16 16:54:05 [http-nio-8080-exec-8] DEBUG org.hibernate.SQL - select b1_0.ntt_id,b1_0.bbs_id,b1_0.ntt_sj,b1_0.ntcr_nm,b1_0.frst_regist_pnttm,b1_0.rdcnt,b1_0.answer_at,b1_0.parntsctt_no,b1_0.answer_lc,b1_0.sort_ordr,b1_0.ntt_no,b1_0.notice_at,b1_0.secret_at,b1_0.comment_co from nbbs b1_0 left join nemplyrinfo u1_0 on b1_0.frst_register_id=u1_0.esntl_id where (b1_0.use_at = 'Y') and b1_0.bbs_id=? order by b1_0.sort_ordr desc,b1_0.ntt_no offset ? rows fetch first ? rows only
2026-03-16 16:54:05 [http-nio-8080-exec-4] DEBUG o.s.orm.jpa.JpaTransactionManager - Found thread-bound EntityManager [SessionImpl(577017586<open>)] for JPA transaction
2026-03-16 16:54:05 [http-nio-8080-exec-4] DEBUG o.s.orm.jpa.JpaTransactionManager - Participating in existing transaction
2026-03-16 16:54:05 [http-nio-8080-exec-4] DEBUG org.hibernate.SQL - select ua1_0.scrty_dtrmn_trget_id,ua1_0.author_code,ua1_0.frst_register_id,ua1_0.frst_regist_pnttm,ua1_0.last_updusr_id,ua1_0.last_updt_pnttm,ua1_0.mber_ty_code from nemplyrscrtyestbs ua1_0 where ua1_0.scrty_dtrmn_trget_id=?
2026-03-16 16:54:05 [http-nio-8080-exec-1] DEBUG o.s.orm.jpa.JpaTransactionManager - Found thread-bound EntityManager [SessionImpl(1803230908<open>)] for JPA transaction
2026-03-16 16:54:05 [http-nio-8080-exec-1] DEBUG o.s.orm.jpa.JpaTransactionManager - Participating in existing transaction
2026-03-16 16:54:05 [http-nio-8080-exec-1] DEBUG org.hibernate.SQL - select ua1_0.scrty_dtrmn_trget_id,ua1_0.author_code,ua1_0.frst_register_id,ua1_0.frst_regist_pnttm,ua1_0.last_updusr_id,ua1_0.last_updt_pnttm,ua1_0.mber_ty_code from nemplyrscrtyestbs ua1_0 where ua1_0.scrty_dtrmn_trget_id=?
2026-03-16 16:54:05 [http-nio-8080-exec-3] DEBUG o.s.orm.jpa.JpaTransactionManager - Found thread-bound EntityManager [SessionImpl(364977223<open>)] for JPA transaction
2026-03-16 16:54:05 [http-nio-8080-exec-3] DEBUG o.s.orm.jpa.JpaTransactionManager - Participating in existing transaction
2026-03-16 16:54:05 [http-nio-8080-exec-3] DEBUG org.hibernate.SQL - select ua1_0.scrty_dtrmn_trget_id,ua1_0.author_code,ua1_0.frst_register_id,ua1_0.frst_regist_pnttm,ua1_0.last_updusr_id,ua1_0.last_updt_pnttm,ua1_0.mber_ty_code from nemplyrscrtyestbs ua1_0 where ua1_0.scrty_dtrmn_trget_id=?
2026-03-16 16:54:05 [http-nio-8080-exec-5] DEBUG o.s.orm.jpa.JpaTransactionManager - Found thread-bound EntityManager [SessionImpl(1970236350<open>)] for JPA transaction
2026-03-16 16:54:05 [http-nio-8080-exec-5] DEBUG o.s.orm.jpa.JpaTransactionManager - Participating in existing transaction
2026-03-16 16:54:05 [http-nio-8080-exec-5] DEBUG org.hibernate.SQL - select ua1_0.scrty_dtrmn_trget_id,ua1_0.author_code,ua1_0.frst_register_id,ua1_0.frst_regist_pnttm,ua1_0.last_updusr_id,ua1_0.last_updt_pnttm,ua1_0.mber_ty_code from nemplyrscrtyestbs ua1_0 where ua1_0.scrty_dtrmn_trget_id=?
2026-03-16 16:54:05 [http-nio-8080-exec-7] DEBUG o.s.orm.jpa.JpaTransactionManager - Found thread-bound EntityManager [SessionImpl(310212785<open>)] for JPA transaction
2026-03-16 16:54:05 [http-nio-8080-exec-7] DEBUG o.s.orm.jpa.JpaTransactionManager - Participating in existing transaction
2026-03-16 16:54:05 [http-nio-8080-exec-7] DEBUG org.hibernate.SQL - select ua1_0.scrty_dtrmn_trget_id,ua1_0.author_code,ua1_0.frst_register_id,ua1_0.frst_regist_pnttm,ua1_0.last_updusr_id,ua1_0.last_updt_pnttm,ua1_0.mber_ty_code from nemplyrscrtyestbs ua1_0 where ua1_0.scrty_dtrmn_trget_id=?
2026-03-16 16:54:05 [http-nio-8080-exec-8] DEBUG org.hibernate.SQL - select count(b1_0.ntt_id) from nbbs b1_0 left join nemplyrinfo u1_0 on b1_0.frst_register_id=u1_0.esntl_id where (b1_0.use_at = 'Y') and b1_0.bbs_id=?
2026-03-16 16:54:05 [http-nio-8080-exec-4] DEBUG o.s.orm.jpa.JpaTransactionManager - Initiating transaction commit
2026-03-16 16:54:05 [http-nio-8080-exec-4] DEBUG o.s.orm.jpa.JpaTransactionManager - Committing JPA transaction on EntityManager [SessionImpl(577017586<open>)]
2026-03-16 16:54:05 [http-nio-8080-exec-1] DEBUG o.s.orm.jpa.JpaTransactionManager - Initiating transaction commit
2026-03-16 16:54:05 [http-nio-8080-exec-1] DEBUG o.s.orm.jpa.JpaTransactionManager - Committing JPA transaction on EntityManager [SessionImpl(1803230908<open>)]
2026-03-16 16:54:05 [http-nio-8080-exec-3] DEBUG o.s.orm.jpa.JpaTransactionManager - Initiating transaction commit
2026-03-16 16:54:05 [http-nio-8080-exec-3] DEBUG o.s.orm.jpa.JpaTransactionManager - Committing JPA transaction on EntityManager [SessionImpl(364977223<open>)]
2026-03-16 16:54:05 [http-nio-8080-exec-5] DEBUG o.s.orm.jpa.JpaTransactionManager - Initiating transaction commit
2026-03-16 16:54:05 [http-nio-8080-exec-5] DEBUG o.s.orm.jpa.JpaTransactionManager - Committing JPA transaction on EntityManager [SessionImpl(1970236350<open>)]
2026-03-16 16:54:05 [http-nio-8080-exec-7] DEBUG o.s.orm.jpa.JpaTransactionManager - Initiating transaction commit
2026-03-16 16:54:05 [http-nio-8080-exec-7] DEBUG o.s.orm.jpa.JpaTransactionManager - Committing JPA transaction on EntityManager [SessionImpl(310212785<open>)]
2026-03-16 16:54:05 [http-nio-8080-exec-8] DEBUG o.s.orm.jpa.JpaTransactionManager - Initiating transaction commit
2026-03-16 16:54:05 [http-nio-8080-exec-8] DEBUG o.s.orm.jpa.JpaTransactionManager - Committing JPA transaction on EntityManager [SessionImpl(1288590733<open>)]
2026-03-16 16:54:06 [http-nio-8080-exec-4] DEBUG o.s.orm.jpa.JpaTransactionManager - Closing JPA EntityManager [SessionImpl(577017586<open>)] after transaction
2026-03-16 16:54:06 [http-nio-8080-exec-1] DEBUG o.s.orm.jpa.JpaTransactionManager - Closing JPA EntityManager [SessionImpl(1803230908<open>)] after transaction
2026-03-16 16:54:06 [http-nio-8080-exec-4] DEBUG c.c.p.s.jwt.JwtAuthenticationFilter - >>> [JwtFilter] Successfully authenticated user: USRCNFRM_99999999999, Authorities: [ROLE_ADMIN]
2026-03-16 16:54:06 [http-nio-8080-exec-1] DEBUG c.c.p.s.jwt.JwtAuthenticationFilter - >>> [JwtFilter] Successfully authenticated user: USRCNFRM_99999999999, Authorities: [ROLE_ADMIN]
2026-03-16 16:54:06 [http-nio-8080-exec-4] DEBUG o.s.web.servlet.DispatcherServlet - GET "/api/v1/menu/left?menuNo=40", parameters={masked}
2026-03-16 16:54:06 [http-nio-8080-exec-1] DEBUG o.s.web.servlet.DispatcherServlet - GET "/api/v1/menu/left?menuNo=50", parameters={masked}
2026-03-16 16:54:06 [http-nio-8080-exec-4] TRACE o.s.w.s.m.m.a.RequestMappingHandlerMapping - Mapped to com.company.project.api.controller.menu.MenuController#getLeftMenu(Long)
2026-03-16 16:54:06 [http-nio-8080-exec-1] TRACE o.s.w.s.m.m.a.RequestMappingHandlerMapping - Mapped to com.company.project.api.controller.menu.MenuController#getLeftMenu(Long)
2026-03-16 16:54:06 [http-nio-8080-exec-4] INFO  c.c.p.a.c.menu.MenuController - getLeftMenu called with menuNo=40
2026-03-16 16:54:06 [http-nio-8080-exec-1] INFO  c.c.p.a.c.menu.MenuController - getLeftMenu called with menuNo=50
2026-03-16 16:54:06 [http-nio-8080-exec-4] DEBUG o.s.orm.jpa.JpaTransactionManager - Creating new transaction with name [com.company.project.service.menu.MenuService.getSubMenus]: PROPAGATION_REQUIRED,ISOLATION_DEFAULT,readOnly
2026-03-16 16:54:06 [http-nio-8080-exec-1] DEBUG o.s.orm.jpa.JpaTransactionManager - Creating new transaction with name [com.company.project.service.menu.MenuService.getSubMenus]: PROPAGATION_REQUIRED,ISOLATION_DEFAULT,readOnly
2026-03-16 16:54:06 [http-nio-8080-exec-4] DEBUG o.s.orm.jpa.JpaTransactionManager - Opened new EntityManager [SessionImpl(395296936<open>)] for JPA transaction
2026-03-16 16:54:06 [http-nio-8080-exec-1] DEBUG o.s.orm.jpa.JpaTransactionManager - Opened new EntityManager [SessionImpl(907942249<open>)] for JPA transaction
2026-03-16 16:54:06 [http-nio-8080-exec-4] DEBUG o.s.orm.jpa.JpaTransactionManager - Exposing JPA transaction as JDBC [org.springframework.orm.jpa.vendor.HibernateJpaDialect$HibernateConnectionHandle@4dac56e0]
2026-03-16 16:54:06 [http-nio-8080-exec-1] DEBUG o.s.orm.jpa.JpaTransactionManager - Exposing JPA transaction as JDBC [org.springframework.orm.jpa.vendor.HibernateJpaDialect$HibernateConnectionHandle@1058aed]
2026-03-16 16:54:06 [http-nio-8080-exec-4] DEBUG org.hibernate.SQL - select m1_0.menu_no,m1_0.menu_dc,m1_0.menu_nm,m1_0.menu_ordr,m1_0.modern_route,m1_0.progrm_file_nm,m1_0.relate_image_nm,m1_0.relate_image_path,m1_0.route_updated_at,m1_0.upper_menu_no from nmenuinfo m1_0 order by m1_0.upper_menu_no,m1_0.menu_ordr
2026-03-16 16:54:06 [http-nio-8080-exec-1] DEBUG org.hibernate.SQL - select m1_0.menu_no,m1_0.menu_dc,m1_0.menu_nm,m1_0.menu_ordr,m1_0.modern_route,m1_0.progrm_file_nm,m1_0.relate_image_nm,m1_0.relate_image_path,m1_0.route_updated_at,m1_0.upper_menu_no from nmenuinfo m1_0 order by m1_0.upper_menu_no,m1_0.menu_ordr
2026-03-16 16:54:06 [http-nio-8080-exec-3] DEBUG o.s.orm.jpa.JpaTransactionManager - Closing JPA EntityManager [SessionImpl(364977223<open>)] after transaction
2026-03-16 16:54:06 [http-nio-8080-exec-5] DEBUG o.s.orm.jpa.JpaTransactionManager - Closing JPA EntityManager [SessionImpl(1970236350<open>)] after transaction
2026-03-16 16:54:06 [http-nio-8080-exec-3] DEBUG c.c.p.s.jwt.JwtAuthenticationFilter - >>> [JwtFilter] Successfully authenticated user: USRCNFRM_99999999999, Authorities: [ROLE_ADMIN]
2026-03-16 16:54:06 [http-nio-8080-exec-5] DEBUG c.c.p.s.jwt.JwtAuthenticationFilter - >>> [JwtFilter] Successfully authenticated user: USRCNFRM_99999999999, Authorities: [ROLE_ADMIN]
2026-03-16 16:54:06 [http-nio-8080-exec-3] DEBUG o.s.web.servlet.DispatcherServlet - GET "/api/v1/menu/left?menuNo=10", parameters={masked}
2026-03-16 16:54:06 [http-nio-8080-exec-5] DEBUG o.s.web.servlet.DispatcherServlet - GET "/api/v1/menu/left?menuNo=20", parameters={masked}
2026-03-16 16:54:06 [http-nio-8080-exec-3] TRACE o.s.w.s.m.m.a.RequestMappingHandlerMapping - Mapped to com.company.project.api.controller.menu.MenuController#getLeftMenu(Long)
2026-03-16 16:54:06 [http-nio-8080-exec-5] TRACE o.s.w.s.m.m.a.RequestMappingHandlerMapping - Mapped to com.company.project.api.controller.menu.MenuController#getLeftMenu(Long)
2026-03-16 16:54:06 [http-nio-8080-exec-3] INFO  c.c.p.a.c.menu.MenuController - getLeftMenu called with menuNo=10
2026-03-16 16:54:06 [http-nio-8080-exec-5] INFO  c.c.p.a.c.menu.MenuController - getLeftMenu called with menuNo=20
2026-03-16 16:54:06 [http-nio-8080-exec-5] DEBUG o.s.orm.jpa.JpaTransactionManager - Creating new transaction with name [com.company.project.service.menu.MenuService.getSubMenus]: PROPAGATION_REQUIRED,ISOLATION_DEFAULT,readOnly
2026-03-16 16:54:06 [http-nio-8080-exec-3] DEBUG o.s.orm.jpa.JpaTransactionManager - Creating new transaction with name [com.company.project.service.menu.MenuService.getSubMenus]: PROPAGATION_REQUIRED,ISOLATION_DEFAULT,readOnly
2026-03-16 16:54:06 [http-nio-8080-exec-5] DEBUG o.s.orm.jpa.JpaTransactionManager - Opened new EntityManager [SessionImpl(1101404667<open>)] for JPA transaction
2026-03-16 16:54:06 [http-nio-8080-exec-3] DEBUG o.s.orm.jpa.JpaTransactionManager - Opened new EntityManager [SessionImpl(1259231221<open>)] for JPA transaction
2026-03-16 16:54:06 [http-nio-8080-exec-5] DEBUG o.s.orm.jpa.JpaTransactionManager - Exposing JPA transaction as JDBC [org.springframework.orm.jpa.vendor.HibernateJpaDialect$HibernateConnectionHandle@59073774]
2026-03-16 16:54:06 [http-nio-8080-exec-3] DEBUG o.s.orm.jpa.JpaTransactionManager - Exposing JPA transaction as JDBC [org.springframework.orm.jpa.vendor.HibernateJpaDialect$HibernateConnectionHandle@77535f62]
2026-03-16 16:54:06 [http-nio-8080-exec-5] DEBUG org.hibernate.SQL - select m1_0.menu_no,m1_0.menu_dc,m1_0.menu_nm,m1_0.menu_ordr,m1_0.modern_route,m1_0.progrm_file_nm,m1_0.relate_image_nm,m1_0.relate_image_path,m1_0.route_updated_at,m1_0.upper_menu_no from nmenuinfo m1_0 order by m1_0.upper_menu_no,m1_0.menu_ordr
2026-03-16 16:54:06 [http-nio-8080-exec-3] DEBUG org.hibernate.SQL - select m1_0.menu_no,m1_0.menu_dc,m1_0.menu_nm,m1_0.menu_ordr,m1_0.modern_route,m1_0.progrm_file_nm,m1_0.relate_image_nm,m1_0.relate_image_path,m1_0.route_updated_at,m1_0.upper_menu_no from nmenuinfo m1_0 order by m1_0.upper_menu_no,m1_0.menu_ordr
2026-03-16 16:54:06 [http-nio-8080-exec-7] DEBUG o.s.orm.jpa.JpaTransactionManager - Closing JPA EntityManager [SessionImpl(310212785<open>)] after transaction
2026-03-16 16:54:06 [http-nio-8080-exec-7] DEBUG c.c.p.s.jwt.JwtAuthenticationFilter - >>> [JwtFilter] Successfully authenticated user: USRCNFRM_99999999999, Authorities: [ROLE_ADMIN]
2026-03-16 16:54:06 [http-nio-8080-exec-7] DEBUG o.s.web.servlet.DispatcherServlet - GET "/api/v1/menu/left?menuNo=60", parameters={masked}
2026-03-16 16:54:06 [http-nio-8080-exec-7] TRACE o.s.w.s.m.m.a.RequestMappingHandlerMapping - Mapped to com.company.project.api.controller.menu.MenuController#getLeftMenu(Long)
2026-03-16 16:54:06 [http-nio-8080-exec-7] INFO  c.c.p.a.c.menu.MenuController - getLeftMenu called with menuNo=60
2026-03-16 16:54:06 [http-nio-8080-exec-7] DEBUG o.s.orm.jpa.JpaTransactionManager - Creating new transaction with name [com.company.project.service.menu.MenuService.getSubMenus]: PROPAGATION_REQUIRED,ISOLATION_DEFAULT,readOnly
2026-03-16 16:54:06 [http-nio-8080-exec-7] DEBUG o.s.orm.jpa.JpaTransactionManager - Opened new EntityManager [SessionImpl(92770878<open>)] for JPA transaction
2026-03-16 16:54:06 [http-nio-8080-exec-7] DEBUG o.s.orm.jpa.JpaTransactionManager - Exposing JPA transaction as JDBC [org.springframework.orm.jpa.vendor.HibernateJpaDialect$HibernateConnectionHandle@456604db]
2026-03-16 16:54:06 [http-nio-8080-exec-7] DEBUG org.hibernate.SQL - select m1_0.menu_no,m1_0.menu_dc,m1_0.menu_nm,m1_0.menu_ordr,m1_0.modern_route,m1_0.progrm_file_nm,m1_0.relate_image_nm,m1_0.relate_image_path,m1_0.route_updated_at,m1_0.upper_menu_no from nmenuinfo m1_0 order by m1_0.upper_menu_no,m1_0.menu_ordr
2026-03-16 16:54:06 [http-nio-8080-exec-8] DEBUG o.s.orm.jpa.JpaTransactionManager - Closing JPA EntityManager [SessionImpl(1288590733<open>)] after transaction
2026-03-16 16:54:06 [http-nio-8080-exec-8] DEBUG o.s.orm.jpa.JpaTransactionManager - Creating new transaction with name [com.company.project.service.board.BoardService.getBoardPosts]: PROPAGATION_REQUIRED,ISOLATION_DEFAULT,readOnly
2026-03-16 16:54:06 [http-nio-8080-exec-8] DEBUG o.s.orm.jpa.JpaTransactionManager - Opened new EntityManager [SessionImpl(1351258408<open>)] for JPA transaction
2026-03-16 16:54:06 [http-nio-8080-exec-8] DEBUG o.s.orm.jpa.JpaTransactionManager - Exposing JPA transaction as JDBC [org.springframework.orm.jpa.vendor.HibernateJpaDialect$HibernateConnectionHandle@14a84158]
2026-03-16 16:54:06 [http-nio-8080-exec-8] DEBUG o.s.orm.jpa.JpaTransactionManager - Found thread-bound EntityManager [SessionImpl(1351258408<open>)] for JPA transaction
2026-03-16 16:54:06 [http-nio-8080-exec-8] DEBUG o.s.orm.jpa.JpaTransactionManager - Participating in existing transaction
2026-03-16 16:54:06 [http-nio-8080-exec-8] DEBUG org.hibernate.SQL - select bm1_0.bbs_id,bm1_0.atch_posbl_file_number,bm1_0.atch_posbl_file_size,bm1_0.bbs_attrb_code,bm1_0.bbs_intrcn,bm1_0.bbs_nm,bm1_0.bbs_ty_code,bm1_0.blog_at,bm1_0.blog_id,bm1_0.cmmnty_id,bm1_0.frst_register_id,bm1_0.frst_regist_pnttm,bm1_0.file_atch_posbl_at,bm1_0.last_updusr_id,bm1_0.last_updt_pnttm,bm1_0.reply_posbl_at,bm1_0.tmplat_id,bm1_0.use_at,bm1_1.answer_at,bm1_1.stsfdg_at from nbbsmaster bm1_0 left join nbbsmasteroptn bm1_1 on bm1_0.bbs_id=bm1_1.bbs_id where bm1_0.bbs_id=?
2026-03-16 16:54:06 [http-nio-8080-exec-8] DEBUG org.hibernate.SQL - select b1_0.ntt_id,b1_0.bbs_id,b1_0.ntt_sj,b1_0.ntcr_nm,b1_0.frst_regist_pnttm,b1_0.rdcnt,b1_0.answer_at,b1_0.parntsctt_no,b1_0.answer_lc,b1_0.sort_ordr,b1_0.ntt_no,b1_0.notice_at,b1_0.secret_at,b1_0.comment_co from nbbs b1_0 left join nemplyrinfo u1_0 on b1_0.frst_register_id=u1_0.esntl_id where (b1_0.use_at = 'Y') and b1_0.bbs_id=? order by b1_0.sort_ordr desc,b1_0.ntt_no offset ? rows fetch first ? rows only
2026-03-16 16:54:06 [http-nio-8080-exec-4] DEBUG o.s.orm.jpa.JpaTransactionManager - Found thread-bound EntityManager [SessionImpl(395296936<open>)] for JPA transaction
2026-03-16 16:54:06 [http-nio-8080-exec-4] DEBUG o.s.orm.jpa.JpaTransactionManager - Participating in existing transaction
2026-03-16 16:54:06 [http-nio-8080-exec-4] DEBUG org.hibernate.SQL - select p1_0.progrm_file_nm,p1_0.progrm_dc,p1_0.progrm_korean_nm,p1_0.progrm_stre_path,p1_0.url from nprogrmlist p1_0
2026-03-16 16:54:06 [http-nio-8080-exec-1] DEBUG o.s.orm.jpa.JpaTransactionManager - Found thread-bound EntityManager [SessionImpl(907942249<open>)] for JPA transaction
2026-03-16 16:54:06 [http-nio-8080-exec-1] DEBUG o.s.orm.jpa.JpaTransactionManager - Participating in existing transaction
2026-03-16 16:54:06 [http-nio-8080-exec-1] DEBUG org.hibernate.SQL - select p1_0.progrm_file_nm,p1_0.progrm_dc,p1_0.progrm_korean_nm,p1_0.progrm_stre_path,p1_0.url from nprogrmlist p1_0
2026-03-16 16:54:06 [http-nio-8080-exec-5] DEBUG o.s.orm.jpa.JpaTransactionManager - Found thread-bound EntityManager [SessionImpl(1101404667<open>)] for JPA transaction
2026-03-16 16:54:06 [http-nio-8080-exec-5] DEBUG o.s.orm.jpa.JpaTransactionManager - Participating in existing transaction
2026-03-16 16:54:06 [http-nio-8080-exec-5] DEBUG org.hibernate.SQL - select p1_0.progrm_file_nm,p1_0.progrm_dc,p1_0.progrm_korean_nm,p1_0.progrm_stre_path,p1_0.url from nprogrmlist p1_0
2026-03-16 16:54:06 [http-nio-8080-exec-3] DEBUG o.s.orm.jpa.JpaTransactionManager - Found thread-bound EntityManager [SessionImpl(1259231221<open>)] for JPA transaction
2026-03-16 16:54:06 [http-nio-8080-exec-3] DEBUG o.s.orm.jpa.JpaTransactionManager - Participating in existing transaction
2026-03-16 16:54:06 [http-nio-8080-exec-3] DEBUG org.hibernate.SQL - select p1_0.progrm_file_nm,p1_0.progrm_dc,p1_0.progrm_korean_nm,p1_0.progrm_stre_path,p1_0.url from nprogrmlist p1_0
2026-03-16 16:54:06 [http-nio-8080-exec-7] DEBUG o.s.orm.jpa.JpaTransactionManager - Found thread-bound EntityManager [SessionImpl(92770878<open>)] for JPA transaction
2026-03-16 16:54:06 [http-nio-8080-exec-7] DEBUG o.s.orm.jpa.JpaTransactionManager - Participating in existing transaction
2026-03-16 16:54:06 [http-nio-8080-exec-7] DEBUG org.hibernate.SQL - select p1_0.progrm_file_nm,p1_0.progrm_dc,p1_0.progrm_korean_nm,p1_0.progrm_stre_path,p1_0.url from nprogrmlist p1_0
2026-03-16 16:54:06 [http-nio-8080-exec-8] DEBUG org.hibernate.SQL - select count(b1_0.ntt_id) from nbbs b1_0 left join nemplyrinfo u1_0 on b1_0.frst_register_id=u1_0.esntl_id where (b1_0.use_at = 'Y') and b1_0.bbs_id=?
2026-03-16 16:54:06 [http-nio-8080-exec-4] DEBUG o.s.orm.jpa.JpaTransactionManager - Initiating transaction commit
2026-03-16 16:54:06 [http-nio-8080-exec-4] DEBUG o.s.orm.jpa.JpaTransactionManager - Committing JPA transaction on EntityManager [SessionImpl(395296936<open>)]
2026-03-16 16:54:06 [http-nio-8080-exec-1] DEBUG o.s.orm.jpa.JpaTransactionManager - Initiating transaction commit
2026-03-16 16:54:06 [http-nio-8080-exec-1] DEBUG o.s.orm.jpa.JpaTransactionManager - Committing JPA transaction on EntityManager [SessionImpl(907942249<open>)]
2026-03-16 16:54:06 [http-nio-8080-exec-5] DEBUG o.s.orm.jpa.JpaTransactionManager - Initiating transaction commit
2026-03-16 16:54:06 [http-nio-8080-exec-5] DEBUG o.s.orm.jpa.JpaTransactionManager - Committing JPA transaction on EntityManager [SessionImpl(1101404667<open>)]
2026-03-16 16:54:06 [http-nio-8080-exec-3] DEBUG o.s.orm.jpa.JpaTransactionManager - Initiating transaction commit
2026-03-16 16:54:06 [http-nio-8080-exec-3] DEBUG o.s.orm.jpa.JpaTransactionManager - Committing JPA transaction on EntityManager [SessionImpl(1259231221<open>)]
2026-03-16 16:54:06 [http-nio-8080-exec-7] DEBUG o.s.orm.jpa.JpaTransactionManager - Initiating transaction commit
2026-03-16 16:54:06 [http-nio-8080-exec-7] DEBUG o.s.orm.jpa.JpaTransactionManager - Committing JPA transaction on EntityManager [SessionImpl(92770878<open>)]
2026-03-16 16:54:06 [http-nio-8080-exec-8] DEBUG o.s.orm.jpa.JpaTransactionManager - Initiating transaction commit
2026-03-16 16:54:06 [http-nio-8080-exec-8] DEBUG o.s.orm.jpa.JpaTransactionManager - Committing JPA transaction on EntityManager [SessionImpl(1351258408<open>)]
2026-03-16 16:54:06 [http-nio-8080-exec-4] DEBUG o.s.orm.jpa.JpaTransactionManager - Closing JPA EntityManager [SessionImpl(395296936<open>)] after transaction
2026-03-16 16:54:06 [http-nio-8080-exec-4] INFO  c.c.p.a.c.menu.MenuController - getLeftMenu returned 2 items
2026-03-16 16:54:06 [http-nio-8080-exec-4] DEBUG o.s.w.s.m.m.a.HttpEntityMethodProcessor - Using 'application/json', given [application/json, text/plain, */*] and supported [application/json, application/*+json, application/yaml]
2026-03-16 16:54:06 [http-nio-8080-exec-4] TRACE o.s.w.s.m.m.a.HttpEntityMethodProcessor - Writing [ApiResponse[success=true, status=200, code=COMMON_001, message=Success, data={list=[com.company.project.service.menu.dto.MenuDto@bfab4c9, com.company.project.service.menu.dto.MenuDto@b0ec93f]}, timestamp=2026-03-16T16:54:06.715190300]]
2026-03-16 16:54:06 [http-nio-8080-exec-4] INFO  c.c.p.a.i.OperationalAuditInterceptor - API Audit Log: URL=/api/v1/menu/left, User=webmaster, IP=0:0:0:0:0:0:0:1
2026-03-16 16:54:06 [http-nio-8080-exec-4] DEBUG o.s.web.servlet.DispatcherServlet - Completed 200 OK
2026-03-16 16:54:06 [http-nio-8080-exec-1] DEBUG o.s.orm.jpa.JpaTransactionManager - Closing JPA EntityManager [SessionImpl(907942249<open>)] after transaction
2026-03-16 16:54:06 [http-nio-8080-exec-1] INFO  c.c.p.a.c.menu.MenuController - getLeftMenu returned 3 items
2026-03-16 16:54:06 [http-nio-8080-exec-1] DEBUG o.s.w.s.m.m.a.HttpEntityMethodProcessor - Using 'application/json', given [application/json, text/plain, */*] and supported [application/json, application/*+json, application/yaml]
2026-03-16 16:54:06 [http-nio-8080-exec-1] TRACE o.s.w.s.m.m.a.HttpEntityMethodProcessor - Writing [ApiResponse[success=true, status=200, code=COMMON_001, message=Success, data={list=[com.company.project.service.menu.dto.MenuDto@36f92d29, com.company.project.service.menu.dto.MenuDto@60513ab4, com.company.project.service.menu.dto.MenuDto@7eee93be]}, timestamp=2026-03-16T16:54:06.722293300]]
2026-03-16 16:54:06 [http-nio-8080-exec-1] INFO  c.c.p.a.i.OperationalAuditInterceptor - API Audit Log: URL=/api/v1/menu/left, User=webmaster, IP=0:0:0:0:0:0:0:1
2026-03-16 16:54:06 [http-nio-8080-exec-1] DEBUG o.s.web.servlet.DispatcherServlet - Completed 200 OK
2026-03-16 16:54:06 [http-nio-8080-exec-5] DEBUG o.s.orm.jpa.JpaTransactionManager - Closing JPA EntityManager [SessionImpl(1101404667<open>)] after transaction
2026-03-16 16:54:06 [http-nio-8080-exec-5] INFO  c.c.p.a.c.menu.MenuController - getLeftMenu returned 3 items
2026-03-16 16:54:06 [http-nio-8080-exec-5] DEBUG o.s.w.s.m.m.a.HttpEntityMethodProcessor - Using 'application/json', given [application/json, text/plain, */*] and supported [application/json, application/*+json, application/yaml]
2026-03-16 16:54:06 [http-nio-8080-exec-5] TRACE o.s.w.s.m.m.a.HttpEntityMethodProcessor - Writing [ApiResponse[success=true, status=200, code=COMMON_001, message=Success, data={list=[com.company.project.service.menu.dto.MenuDto@5cc3134c, com.company.project.service.menu.dto.MenuDto@673816, com.company.project.service.menu.dto.MenuDto@1fb1bf34]}, timestamp=2026-03-16T16:54:06.742887100]]
2026-03-16 16:54:06 [http-nio-8080-exec-5] INFO  c.c.p.a.i.OperationalAuditInterceptor - API Audit Log: URL=/api/v1/menu/left, User=webmaster, IP=0:0:0:0:0:0:0:1
2026-03-16 16:54:06 [http-nio-8080-exec-5] DEBUG o.s.web.servlet.DispatcherServlet - Completed 200 OK
2026-03-16 16:54:06 [http-nio-8080-exec-3] DEBUG o.s.orm.jpa.JpaTransactionManager - Closing JPA EntityManager [SessionImpl(1259231221<open>)] after transaction
2026-03-16 16:54:06 [http-nio-8080-exec-3] INFO  c.c.p.a.c.menu.MenuController - getLeftMenu returned 5 items
2026-03-16 16:54:06 [http-nio-8080-exec-3] DEBUG o.s.w.s.m.m.a.HttpEntityMethodProcessor - Using 'application/json', given [application/json, text/plain, */*] and supported [application/json, application/*+json, application/yaml]
2026-03-16 16:54:06 [http-nio-8080-exec-3] TRACE o.s.w.s.m.m.a.HttpEntityMethodProcessor - Writing [ApiResponse[success=true, status=200, code=COMMON_001, message=Success, data={list=[com.company.project.service.menu.dto.MenuDto@e141b74, com.company.project.service.menu.dto.MenuDto@1355a764, com.company.project.service.menu.dto.MenuDto@7cbe77ae, com.company.project.service.menu.dto.MenuDto@f4b8f44, com.company.project.service.menu.dto.MenuDto@212aea62]}, timestamp=2026-03-16T16:54:06.746424400]]
2026-03-16 16:54:06 [http-nio-8080-exec-3] INFO  c.c.p.a.i.OperationalAuditInterceptor - API Audit Log: URL=/api/v1/menu/left, User=webmaster, IP=0:0:0:0:0:0:0:1
2026-03-16 16:54:06 [http-nio-8080-exec-3] DEBUG o.s.web.servlet.DispatcherServlet - Completed 200 OK
2026-03-16 16:54:06 [http-nio-8080-exec-7] DEBUG o.s.orm.jpa.JpaTransactionManager - Closing JPA EntityManager [SessionImpl(92770878<open>)] after transaction
2026-03-16 16:54:06 [http-nio-8080-exec-7] INFO  c.c.p.a.c.menu.MenuController - getLeftMenu returned 1 items
2026-03-16 16:54:06 [http-nio-8080-exec-7] DEBUG o.s.w.s.m.m.a.HttpEntityMethodProcessor - Using 'application/json', given [application/json, text/plain, */*] and supported [application/json, application/*+json, application/yaml]
2026-03-16 16:54:06 [http-nio-8080-exec-7] TRACE o.s.w.s.m.m.a.HttpEntityMethodProcessor - Writing [ApiResponse[success=true, status=200, code=COMMON_001, message=Success, data={list=[com.company.project.service.menu.dto.MenuDto@6ec2d4c8]}, timestamp=2026-03-16T16:54:06.747933700]]
2026-03-16 16:54:06 [http-nio-8080-exec-7] INFO  c.c.p.a.i.OperationalAuditInterceptor - API Audit Log: URL=/api/v1/menu/left, User=webmaster, IP=0:0:0:0:0:0:0:1
2026-03-16 16:54:06 [http-nio-8080-exec-7] DEBUG o.s.web.servlet.DispatcherServlet - Completed 200 OK
2026-03-16 16:54:06 [http-nio-8080-exec-8] DEBUG o.s.orm.jpa.JpaTransactionManager - Closing JPA EntityManager [SessionImpl(1351258408<open>)] after transaction
2026-03-16 16:54:06 [http-nio-8080-exec-8] DEBUG o.s.orm.jpa.JpaTransactionManager - Creating new transaction with name [com.company.project.service.informalsanction.InformalSanctionServiceImpl.getReceivedInformalSanctionList]: PROPAGATION_REQUIRED,ISOLATION_DEFAULT,readOnly
2026-03-16 16:54:06 [http-nio-8080-exec-8] DEBUG o.s.orm.jpa.JpaTransactionManager - Opened new EntityManager [SessionImpl(1451551745<open>)] for JPA transaction
2026-03-16 16:54:06 [http-nio-8080-exec-8] DEBUG o.s.orm.jpa.JpaTransactionManager - Exposing JPA transaction as JDBC [org.springframework.orm.jpa.vendor.HibernateJpaDialect$HibernateConnectionHandle@7d5efac3]
2026-03-16 16:54:06 [http-nio-8080-exec-8] DEBUG org.hibernate.SQL - select is1_0.infrml_sanctn_id,is1_0.applcnt_id,is1_0.confm_at,is1_0.frst_register_id,is1_0.frst_regist_pnttm,is1_0.job_se_code,is1_0.last_updusr_id,is1_0.last_updt_pnttm,is1_0.reqst_de,is1_0.return_resn,is1_0.sanctn_dt,is1_0.sanctner_id from ninfrmlsanctn is1_0 where is1_0.sanctner_id=?
2026-03-16 16:54:06 [http-nio-8080-exec-8] DEBUG o.s.orm.jpa.JpaTransactionManager - Initiating transaction commit
2026-03-16 16:54:06 [http-nio-8080-exec-8] DEBUG o.s.orm.jpa.JpaTransactionManager - Committing JPA transaction on EntityManager [SessionImpl(1451551745<open>)]
2026-03-16 16:54:07 [http-nio-8080-exec-8] DEBUG o.s.orm.jpa.JpaTransactionManager - Closing JPA EntityManager [SessionImpl(1451551745<open>)] after transaction
2026-03-16 16:54:07 [http-nio-8080-exec-8] DEBUG o.s.w.s.m.m.a.HttpEntityMethodProcessor - Using 'application/json', given [application/json, text/plain, */*] and supported [application/json, application/*+json, application/yaml]
2026-03-16 16:54:07 [http-nio-8080-exec-8] TRACE o.s.w.s.m.m.a.HttpEntityMethodProcessor - Writing [{notiList=[com.company.project.service.board.dto.BoardDto@61eb15f], success=true, taskList=[com.company.project.service.board.dto.BoardDto@76812c15], pendingApprovalCount=0}]
2026-03-16 16:54:07 [http-nio-8080-exec-8] INFO  c.c.p.a.i.OperationalAuditInterceptor - API Audit Log: URL=/api/v1/dashboard, User=webmaster, IP=0:0:0:0:0:0:0:1
2026-03-16 16:54:07 [http-nio-8080-exec-8] DEBUG o.s.web.servlet.DispatcherServlet - Completed 200 OK
2026-03-16 16:54:07 [http-nio-8080-exec-10] DEBUG c.c.p.s.jwt.JwtAuthenticationFilter - >>> [JwtFilter] Processing request: GET /api/v1/auth/me
2026-03-16 16:54:07 [http-nio-8080-exec-6] DEBUG c.c.p.s.jwt.JwtAuthenticationFilter - >>> [JwtFilter] Processing request: GET /api/v1/menu/left
2026-03-16 16:54:07 [http-nio-8080-exec-2] DEBUG c.c.p.s.jwt.JwtAuthenticationFilter - >>> [JwtFilter] Processing request: GET /api/v1/menu/head
2026-03-16 16:54:07 [http-nio-8080-exec-10] DEBUG c.c.p.s.jwt.JwtAuthenticationFilter - >>> [JwtFilter] Found token in header for path: /api/v1/auth/me
2026-03-16 16:54:07 [http-nio-8080-exec-6] DEBUG c.c.p.s.jwt.JwtAuthenticationFilter - >>> [JwtFilter] Found token in header for path: /api/v1/menu/left
2026-03-16 16:54:07 [http-nio-8080-exec-2] DEBUG c.c.p.s.jwt.JwtAuthenticationFilter - >>> [JwtFilter] Found token in header for path: /api/v1/menu/head
2026-03-16 16:54:07 [http-nio-8080-exec-10] DEBUG o.s.orm.jpa.JpaTransactionManager - Creating new transaction with name [com.company.project.security.iam.CustomUserDetailsService.loadUserByUsername]: PROPAGATION_REQUIRED,ISOLATION_DEFAULT,readOnly
2026-03-16 16:54:07 [http-nio-8080-exec-2] DEBUG o.s.orm.jpa.JpaTransactionManager - Creating new transaction with name [com.company.project.security.iam.CustomUserDetailsService.loadUserByUsername]: PROPAGATION_REQUIRED,ISOLATION_DEFAULT,readOnly
2026-03-16 16:54:07 [http-nio-8080-exec-6] DEBUG o.s.orm.jpa.JpaTransactionManager - Creating new transaction with name [com.company.project.security.iam.CustomUserDetailsService.loadUserByUsername]: PROPAGATION_REQUIRED,ISOLATION_DEFAULT,readOnly
2026-03-16 16:54:07 [http-nio-8080-exec-10] DEBUG o.s.orm.jpa.JpaTransactionManager - Opened new EntityManager [SessionImpl(705224867<open>)] for JPA transaction
2026-03-16 16:54:07 [http-nio-8080-exec-2] DEBUG o.s.orm.jpa.JpaTransactionManager - Opened new EntityManager [SessionImpl(555951310<open>)] for JPA transaction
2026-03-16 16:54:07 [http-nio-8080-exec-6] DEBUG o.s.orm.jpa.JpaTransactionManager - Opened new EntityManager [SessionImpl(566284738<open>)] for JPA transaction
2026-03-16 16:54:07 [http-nio-8080-exec-2] DEBUG o.s.orm.jpa.JpaTransactionManager - Exposing JPA transaction as JDBC [org.springframework.orm.jpa.vendor.HibernateJpaDialect$HibernateConnectionHandle@5d7ddd02]
2026-03-16 16:54:07 [http-nio-8080-exec-2] DEBUG o.s.orm.jpa.JpaTransactionManager - Found thread-bound EntityManager [SessionImpl(555951310<open>)] for JPA transaction
2026-03-16 16:54:07 [http-nio-8080-exec-2] DEBUG o.s.orm.jpa.JpaTransactionManager - Participating in existing transaction
2026-03-16 16:54:07 [http-nio-8080-exec-2] DEBUG org.hibernate.SQL - select u1_0.emplyr_id,u1_0.area_no,u1_0.brthdy,u1_0.chg_pwd_cnt,u1_0.frst_register_id,u1_0.frst_regist_pnttm,u1_0.detail_adres,u1_0.email_adres,u1_0.emplyr_sttus_code,u1_0.empl_no,u1_0.esntl_id,u1_0.fxnum,u1_0.group_id,u1_0.house_adres,u1_0.house_end_telno,u1_0.house_middle_telno,u1_0.ihidnum,u1_0.pstinst_code,u1_0.last_updusr_id,u1_0.last_updt_pnttm,u1_0.lock_at,u1_0.lock_cnt,u1_0.lock_last_pnttm,u1_0.mbtlnum,u1_0.ofcps_nm,u1_0.offm_telno,u1_0.orgnzt_id,u1_0.password,u1_0.password_cnsr,u1_0.password_hint,u1_0.chg_pwd_last_pnttm,u1_0.role,u1_0.sbscrb_de,u1_0.sexdstn_code,u1_0.crtfc_dn_value,u1_0.user_nm,u1_0.zip from nemplyrinfo u1_0 where u1_0.emplyr_id=?
2026-03-16 16:54:07 [http-nio-8080-exec-6] DEBUG o.s.orm.jpa.JpaTransactionManager - Exposing JPA transaction as JDBC [org.springframework.orm.jpa.vendor.HibernateJpaDialect$HibernateConnectionHandle@65a6d267]
2026-03-16 16:54:07 [http-nio-8080-exec-6] DEBUG o.s.orm.jpa.JpaTransactionManager - Found thread-bound EntityManager [SessionImpl(566284738<open>)] for JPA transaction
2026-03-16 16:54:07 [http-nio-8080-exec-10] DEBUG o.s.orm.jpa.JpaTransactionManager - Exposing JPA transaction as JDBC [org.springframework.orm.jpa.vendor.HibernateJpaDialect$HibernateConnectionHandle@45b2ba78]
2026-03-16 16:54:07 [http-nio-8080-exec-6] DEBUG o.s.orm.jpa.JpaTransactionManager - Participating in existing transaction
2026-03-16 16:54:07 [http-nio-8080-exec-10] DEBUG o.s.orm.jpa.JpaTransactionManager - Found thread-bound EntityManager [SessionImpl(705224867<open>)] for JPA transaction
2026-03-16 16:54:07 [http-nio-8080-exec-10] DEBUG o.s.orm.jpa.JpaTransactionManager - Participating in existing transaction
2026-03-16 16:54:07 [http-nio-8080-exec-10] DEBUG org.hibernate.SQL - select u1_0.emplyr_id,u1_0.area_no,u1_0.brthdy,u1_0.chg_pwd_cnt,u1_0.frst_register_id,u1_0.frst_regist_pnttm,u1_0.detail_adres,u1_0.email_adres,u1_0.emplyr_sttus_code,u1_0.empl_no,u1_0.esntl_id,u1_0.fxnum,u1_0.group_id,u1_0.house_adres,u1_0.house_end_telno,u1_0.house_middle_telno,u1_0.ihidnum,u1_0.pstinst_code,u1_0.last_updusr_id,u1_0.last_updt_pnttm,u1_0.lock_at,u1_0.lock_cnt,u1_0.lock_last_pnttm,u1_0.mbtlnum,u1_0.ofcps_nm,u1_0.offm_telno,u1_0.orgnzt_id,u1_0.password,u1_0.password_cnsr,u1_0.password_hint,u1_0.chg_pwd_last_pnttm,u1_0.role,u1_0.sbscrb_de,u1_0.sexdstn_code,u1_0.crtfc_dn_value,u1_0.user_nm,u1_0.zip from nemplyrinfo u1_0 where u1_0.emplyr_id=?
2026-03-16 16:54:07 [http-nio-8080-exec-6] DEBUG org.hibernate.SQL - select u1_0.emplyr_id,u1_0.area_no,u1_0.brthdy,u1_0.chg_pwd_cnt,u1_0.frst_register_id,u1_0.frst_regist_pnttm,u1_0.detail_adres,u1_0.email_adres,u1_0.emplyr_sttus_code,u1_0.empl_no,u1_0.esntl_id,u1_0.fxnum,u1_0.group_id,u1_0.house_adres,u1_0.house_end_telno,u1_0.house_middle_telno,u1_0.ihidnum,u1_0.pstinst_code,u1_0.last_updusr_id,u1_0.last_updt_pnttm,u1_0.lock_at,u1_0.lock_cnt,u1_0.lock_last_pnttm,u1_0.mbtlnum,u1_0.ofcps_nm,u1_0.offm_telno,u1_0.orgnzt_id,u1_0.password,u1_0.password_cnsr,u1_0.password_hint,u1_0.chg_pwd_last_pnttm,u1_0.role,u1_0.sbscrb_de,u1_0.sexdstn_code,u1_0.crtfc_dn_value,u1_0.user_nm,u1_0.zip from nemplyrinfo u1_0 where u1_0.emplyr_id=?
2026-03-16 16:54:07 [http-nio-8080-exec-2] DEBUG o.s.orm.jpa.JpaTransactionManager - Found thread-bound EntityManager [SessionImpl(555951310<open>)] for JPA transaction
2026-03-16 16:54:07 [http-nio-8080-exec-2] DEBUG o.s.orm.jpa.JpaTransactionManager - Participating in existing transaction
2026-03-16 16:54:07 [http-nio-8080-exec-2] DEBUG org.hibernate.SQL - select ua1_0.scrty_dtrmn_trget_id,ua1_0.author_code,ua1_0.frst_register_id,ua1_0.frst_regist_pnttm,ua1_0.last_updusr_id,ua1_0.last_updt_pnttm,ua1_0.mber_ty_code from nemplyrscrtyestbs ua1_0 where ua1_0.scrty_dtrmn_trget_id=?
2026-03-16 16:54:07 [http-nio-8080-exec-6] DEBUG o.s.orm.jpa.JpaTransactionManager - Found thread-bound EntityManager [SessionImpl(566284738<open>)] for JPA transaction
2026-03-16 16:54:07 [http-nio-8080-exec-6] DEBUG o.s.orm.jpa.JpaTransactionManager - Participating in existing transaction
2026-03-16 16:54:07 [http-nio-8080-exec-6] DEBUG org.hibernate.SQL - select ua1_0.scrty_dtrmn_trget_id,ua1_0.author_code,ua1_0.frst_register_id,ua1_0.frst_regist_pnttm,ua1_0.last_updusr_id,ua1_0.last_updt_pnttm,ua1_0.mber_ty_code from nemplyrscrtyestbs ua1_0 where ua1_0.scrty_dtrmn_trget_id=?
2026-03-16 16:54:07 [http-nio-8080-exec-10] DEBUG o.s.orm.jpa.JpaTransactionManager - Found thread-bound EntityManager [SessionImpl(705224867<open>)] for JPA transaction
2026-03-16 16:54:07 [http-nio-8080-exec-10] DEBUG o.s.orm.jpa.JpaTransactionManager - Participating in existing transaction
2026-03-16 16:54:07 [http-nio-8080-exec-10] DEBUG org.hibernate.SQL - select ua1_0.scrty_dtrmn_trget_id,ua1_0.author_code,ua1_0.frst_register_id,ua1_0.frst_regist_pnttm,ua1_0.last_updusr_id,ua1_0.last_updt_pnttm,ua1_0.mber_ty_code from nemplyrscrtyestbs ua1_0 where ua1_0.scrty_dtrmn_trget_id=?
2026-03-16 16:54:07 [http-nio-8080-exec-2] DEBUG o.s.orm.jpa.JpaTransactionManager - Initiating transaction commit
2026-03-16 16:54:07 [http-nio-8080-exec-2] DEBUG o.s.orm.jpa.JpaTransactionManager - Committing JPA transaction on EntityManager [SessionImpl(555951310<open>)]
2026-03-16 16:54:07 [http-nio-8080-exec-6] DEBUG o.s.orm.jpa.JpaTransactionManager - Initiating transaction commit
2026-03-16 16:54:07 [http-nio-8080-exec-10] DEBUG o.s.orm.jpa.JpaTransactionManager - Initiating transaction commit
2026-03-16 16:54:07 [http-nio-8080-exec-6] DEBUG o.s.orm.jpa.JpaTransactionManager - Committing JPA transaction on EntityManager [SessionImpl(566284738<open>)]
2026-03-16 16:54:07 [http-nio-8080-exec-10] DEBUG o.s.orm.jpa.JpaTransactionManager - Committing JPA transaction on EntityManager [SessionImpl(705224867<open>)]
2026-03-16 16:54:07 [http-nio-8080-exec-2] DEBUG o.s.orm.jpa.JpaTransactionManager - Closing JPA EntityManager [SessionImpl(555951310<open>)] after transaction
2026-03-16 16:54:07 [http-nio-8080-exec-2] DEBUG c.c.p.s.jwt.JwtAuthenticationFilter - >>> [JwtFilter] Successfully authenticated user: USRCNFRM_99999999999, Authorities: [ROLE_ADMIN]
2026-03-16 16:54:07 [http-nio-8080-exec-2] DEBUG o.s.web.servlet.DispatcherServlet - GET "/api/v1/menu/head", parameters={}
2026-03-16 16:54:07 [http-nio-8080-exec-2] TRACE o.s.w.s.m.m.a.RequestMappingHandlerMapping - Mapped to com.company.project.api.controller.menu.MenuController#getHeadMenu()
2026-03-16 16:54:07 [http-nio-8080-exec-2] INFO  c.c.p.a.c.menu.MenuController - getHeadMenu called
2026-03-16 16:54:07 [http-nio-8080-exec-2] INFO  c.c.p.a.c.menu.MenuController - getHeadMenu returned 5 items
2026-03-16 16:54:07 [http-nio-8080-exec-2] DEBUG o.s.w.s.m.m.a.HttpEntityMethodProcessor - Using 'application/json', given [application/json, text/plain, */*] and supported [application/json, application/*+json, application/yaml]
2026-03-16 16:54:07 [http-nio-8080-exec-2] TRACE o.s.w.s.m.m.a.HttpEntityMethodProcessor - Writing [ApiResponse[success=true, status=200, code=COMMON_001, message=Success, data={list=[com.company.project.service.menu.dto.MenuDto@2b80d6b0, com.company.project.service.menu.dto.MenuDto@1418cfa3, com.company.project.service.menu.dto.MenuDto@f230bf1, com.company.project.service.menu.dto.MenuDto@734a7f6a, com.company.project.service.menu.dto.MenuDto@5e5202e5]}, timestamp=2026-03-16T16:54:07.897870]]
2026-03-16 16:54:07 [http-nio-8080-exec-2] INFO  c.c.p.a.i.OperationalAuditInterceptor - API Audit Log: URL=/api/v1/menu/head, User=webmaster, IP=127.0.0.1
2026-03-16 16:54:07 [http-nio-8080-exec-2] DEBUG o.s.web.servlet.DispatcherServlet - Completed 200 OK
2026-03-16 16:54:07 [http-nio-8080-exec-6] DEBUG o.s.orm.jpa.JpaTransactionManager - Closing JPA EntityManager [SessionImpl(566284738<open>)] after transaction
2026-03-16 16:54:07 [http-nio-8080-exec-6] DEBUG c.c.p.s.jwt.JwtAuthenticationFilter - >>> [JwtFilter] Successfully authenticated user: USRCNFRM_99999999999, Authorities: [ROLE_ADMIN]
2026-03-16 16:54:07 [http-nio-8080-exec-6] DEBUG o.s.web.servlet.DispatcherServlet - GET "/api/v1/menu/left?menuNo=10", parameters={masked}
2026-03-16 16:54:07 [http-nio-8080-exec-10] DEBUG o.s.orm.jpa.JpaTransactionManager - Closing JPA EntityManager [SessionImpl(705224867<open>)] after transaction
2026-03-16 16:54:07 [http-nio-8080-exec-6] TRACE o.s.w.s.m.m.a.RequestMappingHandlerMapping - Mapped to com.company.project.api.controller.menu.MenuController#getLeftMenu(Long)
2026-03-16 16:54:07 [http-nio-8080-exec-10] DEBUG c.c.p.s.jwt.JwtAuthenticationFilter - >>> [JwtFilter] Successfully authenticated user: USRCNFRM_99999999999, Authorities: [ROLE_ADMIN]
2026-03-16 16:54:07 [http-nio-8080-exec-6] INFO  c.c.p.a.c.menu.MenuController - getLeftMenu called with menuNo=10
2026-03-16 16:54:07 [http-nio-8080-exec-6] DEBUG o.s.orm.jpa.JpaTransactionManager - Creating new transaction with name [com.company.project.service.menu.MenuService.getSubMenus]: PROPAGATION_REQUIRED,ISOLATION_DEFAULT,readOnly
2026-03-16 16:54:07 [http-nio-8080-exec-6] DEBUG o.s.orm.jpa.JpaTransactionManager - Opened new EntityManager [SessionImpl(775708962<open>)] for JPA transaction
2026-03-16 16:54:07 [http-nio-8080-exec-10] DEBUG o.s.web.servlet.DispatcherServlet - GET "/api/v1/auth/me", parameters={}
2026-03-16 16:54:07 [http-nio-8080-exec-6] DEBUG o.s.orm.jpa.JpaTransactionManager - Exposing JPA transaction as JDBC [org.springframework.orm.jpa.vendor.HibernateJpaDialect$HibernateConnectionHandle@5f55fa86]
2026-03-16 16:54:07 [http-nio-8080-exec-10] TRACE o.s.w.s.m.m.a.RequestMappingHandlerMapping - Mapped to com.company.project.api.auth.AuthController#getCurrentUser()
2026-03-16 16:54:07 [http-nio-8080-exec-10] DEBUG o.s.w.s.m.m.a.RequestResponseBodyMethodProcessor - Using 'application/json', given [application/json, text/plain, */*] and supported [application/json, application/*+json, application/yaml]
2026-03-16 16:54:07 [http-nio-8080-exec-6] DEBUG org.hibernate.SQL - select m1_0.menu_no,m1_0.menu_dc,m1_0.menu_nm,m1_0.menu_ordr,m1_0.modern_route,m1_0.progrm_file_nm,m1_0.relate_image_nm,m1_0.relate_image_path,m1_0.route_updated_at,m1_0.upper_menu_no from nmenuinfo m1_0 order by m1_0.upper_menu_no,m1_0.menu_ordr
2026-03-16 16:54:07 [http-nio-8080-exec-10] TRACE o.s.w.s.m.m.a.RequestResponseBodyMethodProcessor - Writing [ApiResponse[success=true, status=200, code=COMMON_001, message=Success, data={role=ROLE_ADMIN, userSe=EMP, name=관리자, id=webmaster}, timestamp=2026-03-16T16:54:07.919066500]]
2026-03-16 16:54:07 [http-nio-8080-exec-10] INFO  c.c.p.a.i.OperationalAuditInterceptor - API Audit Log: URL=/api/v1/auth/me, User=webmaster, IP=127.0.0.1
2026-03-16 16:54:07 [http-nio-8080-exec-10] DEBUG o.s.web.servlet.DispatcherServlet - Completed 200 OK
2026-03-16 16:54:07 [http-nio-8080-exec-9] DEBUG o.s.web.servlet.DispatcherServlet - GET "/ws/info?t=1773647647956", parameters={masked}
2026-03-16 16:54:07 [http-nio-8080-exec-9] DEBUG o.s.w.s.s.s.WebSocketHandlerMapping - Mapped to org.springframework.web.socket.sockjs.support.SockJsHttpRequestHandler@3d80b7ba
2026-03-16 16:54:07 [http-nio-8080-exec-4] DEBUG c.c.p.s.jwt.JwtAuthenticationFilter - >>> [JwtFilter] Processing request: GET /api/v1/notifications
2026-03-16 16:54:07 [http-nio-8080-exec-1] DEBUG c.c.p.s.jwt.JwtAuthenticationFilter - >>> [JwtFilter] Processing request: GET /api/v1/notifications/unread-count
2026-03-16 16:54:07 [http-nio-8080-exec-4] DEBUG c.c.p.s.jwt.JwtAuthenticationFilter - >>> [JwtFilter] Found token in header for path: /api/v1/notifications
2026-03-16 16:54:07 [http-nio-8080-exec-1] DEBUG c.c.p.s.jwt.JwtAuthenticationFilter - >>> [JwtFilter] Found token in header for path: /api/v1/notifications/unread-count
2026-03-16 16:54:07 [http-nio-8080-exec-9] DEBUG o.s.w.s.s.t.h.DefaultSockJsService - Processing transport request: GET http://localhost:8080/ws/info?t=1773647647956
2026-03-16 16:54:07 [http-nio-8080-exec-9] DEBUG o.s.web.servlet.DispatcherServlet - Completed 200 OK
2026-03-16 16:54:07 [http-nio-8080-exec-4] DEBUG o.s.orm.jpa.JpaTransactionManager - Creating new transaction with name [com.company.project.security.iam.CustomUserDetailsService.loadUserByUsername]: PROPAGATION_REQUIRED,ISOLATION_DEFAULT,readOnly
2026-03-16 16:54:07 [http-nio-8080-exec-1] DEBUG o.s.orm.jpa.JpaTransactionManager - Creating new transaction with name [com.company.project.security.iam.CustomUserDetailsService.loadUserByUsername]: PROPAGATION_REQUIRED,ISOLATION_DEFAULT,readOnly
2026-03-16 16:54:07 [http-nio-8080-exec-4] DEBUG o.s.orm.jpa.JpaTransactionManager - Opened new EntityManager [SessionImpl(964461606<open>)] for JPA transaction
2026-03-16 16:54:07 [http-nio-8080-exec-1] DEBUG o.s.orm.jpa.JpaTransactionManager - Opened new EntityManager [SessionImpl(1287071559<open>)] for JPA transaction
2026-03-16 16:54:07 [http-nio-8080-exec-3] DEBUG c.c.p.s.jwt.JwtAuthenticationFilter - >>> [JwtFilter] Processing request: GET /api/v1/popups/active
2026-03-16 16:54:07 [http-nio-8080-exec-5] DEBUG c.c.p.s.jwt.JwtAuthenticationFilter - >>> [JwtFilter] Processing request: GET /api/v1/admin/system/banners/reflected
2026-03-16 16:54:07 [http-nio-8080-exec-3] DEBUG c.c.p.s.jwt.JwtAuthenticationFilter - >>> [JwtFilter] Found token in header for path: /api/v1/popups/active
2026-03-16 16:54:07 [http-nio-8080-exec-5] DEBUG c.c.p.s.jwt.JwtAuthenticationFilter - >>> [JwtFilter] Found token in header for path: /api/v1/admin/system/banners/reflected
2026-03-16 16:54:07 [http-nio-8080-exec-3] DEBUG o.s.orm.jpa.JpaTransactionManager - Creating new transaction with name [com.company.project.security.iam.CustomUserDetailsService.loadUserByUsername]: PROPAGATION_REQUIRED,ISOLATION_DEFAULT,readOnly
2026-03-16 16:54:07 [http-nio-8080-exec-5] DEBUG o.s.orm.jpa.JpaTransactionManager - Creating new transaction with name [com.company.project.security.iam.CustomUserDetailsService.loadUserByUsername]: PROPAGATION_REQUIRED,ISOLATION_DEFAULT,readOnly
2026-03-16 16:54:07 [http-nio-8080-exec-3] DEBUG o.s.orm.jpa.JpaTransactionManager - Opened new EntityManager [SessionImpl(528091044<open>)] for JPA transaction
2026-03-16 16:54:07 [http-nio-8080-exec-5] DEBUG o.s.orm.jpa.JpaTransactionManager - Opened new EntityManager [SessionImpl(1977735860<open>)] for JPA transaction
2026-03-16 16:54:07 [http-nio-8080-exec-7] DEBUG o.s.web.servlet.DispatcherServlet - GET "/ws/982/2p3flypv/websocket", parameters={}
2026-03-16 16:54:07 [http-nio-8080-exec-7] DEBUG o.s.w.s.s.s.WebSocketHandlerMapping - Mapped to org.springframework.web.socket.sockjs.support.SockJsHttpRequestHandler@3d80b7ba
2026-03-16 16:54:07 [http-nio-8080-exec-7] DEBUG o.s.w.s.s.t.h.DefaultSockJsService - Processing transport request: GET http://localhost:8080/ws/982/2p3flypv/websocket
2026-03-16 16:54:07 [http-nio-8080-exec-7] DEBUG o.s.web.servlet.DispatcherServlet - Completed 101 SWITCHING_PROTOCOLS
2026-03-16 16:54:07 [http-nio-8080-exec-7] DEBUG o.s.w.s.h.LoggingWebSocketHandlerDecorator - New WebSocketServerSockJsSession[id=2p3flypv]
2026-03-16 16:54:07 [scheduling-1] DEBUG org.springframework.web.SimpLogging - Processing CONNECT session=2p3flypv
2026-03-16 16:54:08 [scheduling-1] DEBUG org.springframework.web.SimpLogging - Processing SUBSCRIBE /topic/notices id=sub-0 session=2p3flypv
2026-03-16 16:54:08 [scheduling-1] DEBUG org.springframework.web.SimpLogging - Processing SUBSCRIBE destination=/queue/notifications-user2p3flypv subscriptionId=sub-1 session=2p3flypv payload=byte[0]
2026-03-16 16:54:08 [scheduling-1] DEBUG org.springframework.web.SimpLogging - Processing SUBSCRIBE /topic/public id=sub-2 session=2p3flypv
2026-03-16 16:54:08 [scheduling-1] DEBUG org.springframework.web.SimpLogging - Processing SUBSCRIBE /topic/dashboard/stats id=sub-4 session=2p3flypv
2026-03-16 16:54:08 [scheduling-1] DEBUG org.springframework.web.SimpLogging - Processing SUBSCRIBE /topic/notifications id=sub-5 session=2p3flypv
2026-03-16 16:54:08 [scheduling-1] DEBUG org.springframework.web.SimpLogging - Processing SUBSCRIBE destination=/queue/notifications-user2p3flypv subscriptionId=sub-6 session=2p3flypv payload=byte[0]
2026-03-16 16:54:08 [http-nio-8080-exec-9] DEBUG c.c.p.s.jwt.JwtAuthenticationFilter - >>> [JwtFilter] Processing request: GET /api/v1/admin/system/statistics/connect
2026-03-16 16:54:08 [http-nio-8080-exec-9] DEBUG c.c.p.s.jwt.JwtAuthenticationFilter - >>> [JwtFilter] Found token in header for path: /api/v1/admin/system/statistics/connect
2026-03-16 16:54:08 [http-nio-8080-exec-9] DEBUG o.s.orm.jpa.JpaTransactionManager - Creating new transaction with name [com.company.project.security.iam.CustomUserDetailsService.loadUserByUsername]: PROPAGATION_REQUIRED,ISOLATION_DEFAULT,readOnly
2026-03-16 16:54:08 [http-nio-8080-exec-9] DEBUG o.s.orm.jpa.JpaTransactionManager - Opened new EntityManager [SessionImpl(13219762<open>)] for JPA transaction
2026-03-16 16:54:08 [http-nio-8080-exec-4] DEBUG o.s.orm.jpa.JpaTransactionManager - Exposing JPA transaction as JDBC [org.springframework.orm.jpa.vendor.HibernateJpaDialect$HibernateConnectionHandle@27d42257]
2026-03-16 16:54:08 [http-nio-8080-exec-1] DEBUG o.s.orm.jpa.JpaTransactionManager - Exposing JPA transaction as JDBC [org.springframework.orm.jpa.vendor.HibernateJpaDialect$HibernateConnectionHandle@3358db9d]
2026-03-16 16:54:08 [http-nio-8080-exec-4] DEBUG o.s.orm.jpa.JpaTransactionManager - Found thread-bound EntityManager [SessionImpl(964461606<open>)] for JPA transaction
2026-03-16 16:54:08 [http-nio-8080-exec-1] DEBUG o.s.orm.jpa.JpaTransactionManager - Found thread-bound EntityManager [SessionImpl(1287071559<open>)] for JPA transaction
2026-03-16 16:54:08 [http-nio-8080-exec-4] DEBUG o.s.orm.jpa.JpaTransactionManager - Participating in existing transaction
2026-03-16 16:54:08 [http-nio-8080-exec-1] DEBUG o.s.orm.jpa.JpaTransactionManager - Participating in existing transaction
2026-03-16 16:54:08 [http-nio-8080-exec-4] DEBUG org.hibernate.SQL - select u1_0.emplyr_id,u1_0.area_no,u1_0.brthdy,u1_0.chg_pwd_cnt,u1_0.frst_register_id,u1_0.frst_regist_pnttm,u1_0.detail_adres,u1_0.email_adres,u1_0.emplyr_sttus_code,u1_0.empl_no,u1_0.esntl_id,u1_0.fxnum,u1_0.group_id,u1_0.house_adres,u1_0.house_end_telno,u1_0.house_middle_telno,u1_0.ihidnum,u1_0.pstinst_code,u1_0.last_updusr_id,u1_0.last_updt_pnttm,u1_0.lock_at,u1_0.lock_cnt,u1_0.lock_last_pnttm,u1_0.mbtlnum,u1_0.ofcps_nm,u1_0.offm_telno,u1_0.orgnzt_id,u1_0.password,u1_0.password_cnsr,u1_0.password_hint,u1_0.chg_pwd_last_pnttm,u1_0.role,u1_0.sbscrb_de,u1_0.sexdstn_code,u1_0.crtfc_dn_value,u1_0.user_nm,u1_0.zip from nemplyrinfo u1_0 where u1_0.emplyr_id=?
2026-03-16 16:54:08 [http-nio-8080-exec-1] DEBUG org.hibernate.SQL - select u1_0.emplyr_id,u1_0.area_no,u1_0.brthdy,u1_0.chg_pwd_cnt,u1_0.frst_register_id,u1_0.frst_regist_pnttm,u1_0.detail_adres,u1_0.email_adres,u1_0.emplyr_sttus_code,u1_0.empl_no,u1_0.esntl_id,u1_0.fxnum,u1_0.group_id,u1_0.house_adres,u1_0.house_end_telno,u1_0.house_middle_telno,u1_0.ihidnum,u1_0.pstinst_code,u1_0.last_updusr_id,u1_0.last_updt_pnttm,u1_0.lock_at,u1_0.lock_cnt,u1_0.lock_last_pnttm,u1_0.mbtlnum,u1_0.ofcps_nm,u1_0.offm_telno,u1_0.orgnzt_id,u1_0.password,u1_0.password_cnsr,u1_0.password_hint,u1_0.chg_pwd_last_pnttm,u1_0.role,u1_0.sbscrb_de,u1_0.sexdstn_code,u1_0.crtfc_dn_value,u1_0.user_nm,u1_0.zip from nemplyrinfo u1_0 where u1_0.emplyr_id=?
2026-03-16 16:54:08 [http-nio-8080-exec-3] DEBUG o.s.orm.jpa.JpaTransactionManager - Exposing JPA transaction as JDBC [org.springframework.orm.jpa.vendor.HibernateJpaDialect$HibernateConnectionHandle@107600e2]
2026-03-16 16:54:08 [http-nio-8080-exec-3] DEBUG o.s.orm.jpa.JpaTransactionManager - Found thread-bound EntityManager [SessionImpl(528091044<open>)] for JPA transaction
2026-03-16 16:54:08 [http-nio-8080-exec-3] DEBUG o.s.orm.jpa.JpaTransactionManager - Participating in existing transaction
2026-03-16 16:54:08 [http-nio-8080-exec-3] DEBUG org.hibernate.SQL - select u1_0.emplyr_id,u1_0.area_no,u1_0.brthdy,u1_0.chg_pwd_cnt,u1_0.frst_register_id,u1_0.frst_regist_pnttm,u1_0.detail_adres,u1_0.email_adres,u1_0.emplyr_sttus_code,u1_0.empl_no,u1_0.esntl_id,u1_0.fxnum,u1_0.group_id,u1_0.house_adres,u1_0.house_end_telno,u1_0.house_middle_telno,u1_0.ihidnum,u1_0.pstinst_code,u1_0.last_updusr_id,u1_0.last_updt_pnttm,u1_0.lock_at,u1_0.lock_cnt,u1_0.lock_last_pnttm,u1_0.mbtlnum,u1_0.ofcps_nm,u1_0.offm_telno,u1_0.orgnzt_id,u1_0.password,u1_0.password_cnsr,u1_0.password_hint,u1_0.chg_pwd_last_pnttm,u1_0.role,u1_0.sbscrb_de,u1_0.sexdstn_code,u1_0.crtfc_dn_value,u1_0.user_nm,u1_0.zip from nemplyrinfo u1_0 where u1_0.emplyr_id=?
2026-03-16 16:54:08 [http-nio-8080-exec-5] DEBUG o.s.orm.jpa.JpaTransactionManager - Exposing JPA transaction as JDBC [org.springframework.orm.jpa.vendor.HibernateJpaDialect$HibernateConnectionHandle@317cfe37]
2026-03-16 16:54:08 [http-nio-8080-exec-5] DEBUG o.s.orm.jpa.JpaTransactionManager - Found thread-bound EntityManager [SessionImpl(1977735860<open>)] for JPA transaction
2026-03-16 16:54:08 [http-nio-8080-exec-5] DEBUG o.s.orm.jpa.JpaTransactionManager - Participating in existing transaction
2026-03-16 16:54:08 [http-nio-8080-exec-5] DEBUG org.hibernate.SQL - select u1_0.emplyr_id,u1_0.area_no,u1_0.brthdy,u1_0.chg_pwd_cnt,u1_0.frst_register_id,u1_0.frst_regist_pnttm,u1_0.detail_adres,u1_0.email_adres,u1_0.emplyr_sttus_code,u1_0.empl_no,u1_0.esntl_id,u1_0.fxnum,u1_0.group_id,u1_0.house_adres,u1_0.house_end_telno,u1_0.house_middle_telno,u1_0.ihidnum,u1_0.pstinst_code,u1_0.last_updusr_id,u1_0.last_updt_pnttm,u1_0.lock_at,u1_0.lock_cnt,u1_0.lock_last_pnttm,u1_0.mbtlnum,u1_0.ofcps_nm,u1_0.offm_telno,u1_0.orgnzt_id,u1_0.password,u1_0.password_cnsr,u1_0.password_hint,u1_0.chg_pwd_last_pnttm,u1_0.role,u1_0.sbscrb_de,u1_0.sexdstn_code,u1_0.crtfc_dn_value,u1_0.user_nm,u1_0.zip from nemplyrinfo u1_0 where u1_0.emplyr_id=?
2026-03-16 16:54:08 [http-nio-8080-exec-9] DEBUG o.s.orm.jpa.JpaTransactionManager - Exposing JPA transaction as JDBC [org.springframework.orm.jpa.vendor.HibernateJpaDialect$HibernateConnectionHandle@78d28f36]
2026-03-16 16:54:08 [http-nio-8080-exec-9] DEBUG o.s.orm.jpa.JpaTransactionManager - Found thread-bound EntityManager [SessionImpl(13219762<open>)] for JPA transaction
2026-03-16 16:54:08 [http-nio-8080-exec-9] DEBUG o.s.orm.jpa.JpaTransactionManager - Participating in existing transaction
2026-03-16 16:54:08 [http-nio-8080-exec-9] DEBUG org.hibernate.SQL - select u1_0.emplyr_id,u1_0.area_no,u1_0.brthdy,u1_0.chg_pwd_cnt,u1_0.frst_register_id,u1_0.frst_regist_pnttm,u1_0.detail_adres,u1_0.email_adres,u1_0.emplyr_sttus_code,u1_0.empl_no,u1_0.esntl_id,u1_0.fxnum,u1_0.group_id,u1_0.house_adres,u1_0.house_end_telno,u1_0.house_middle_telno,u1_0.ihidnum,u1_0.pstinst_code,u1_0.last_updusr_id,u1_0.last_updt_pnttm,u1_0.lock_at,u1_0.lock_cnt,u1_0.lock_last_pnttm,u1_0.mbtlnum,u1_0.ofcps_nm,u1_0.offm_telno,u1_0.orgnzt_id,u1_0.password,u1_0.password_cnsr,u1_0.password_hint,u1_0.chg_pwd_last_pnttm,u1_0.role,u1_0.sbscrb_de,u1_0.sexdstn_code,u1_0.crtfc_dn_value,u1_0.user_nm,u1_0.zip from nemplyrinfo u1_0 where u1_0.emplyr_id=?
2026-03-16 16:54:08 [http-nio-8080-exec-6] DEBUG o.s.orm.jpa.JpaTransactionManager - Found thread-bound EntityManager [SessionImpl(775708962<open>)] for JPA transaction
2026-03-16 16:54:08 [http-nio-8080-exec-6] DEBUG o.s.orm.jpa.JpaTransactionManager - Participating in existing transaction
2026-03-16 16:54:08 [http-nio-8080-exec-6] DEBUG org.hibernate.SQL - select p1_0.progrm_file_nm,p1_0.progrm_dc,p1_0.progrm_korean_nm,p1_0.progrm_stre_path,p1_0.url from nprogrmlist p1_0
2026-03-16 16:54:08 [http-nio-8080-exec-4] DEBUG o.s.orm.jpa.JpaTransactionManager - Found thread-bound EntityManager [SessionImpl(964461606<open>)] for JPA transaction
2026-03-16 16:54:08 [http-nio-8080-exec-4] DEBUG o.s.orm.jpa.JpaTransactionManager - Participating in existing transaction
2026-03-16 16:54:08 [http-nio-8080-exec-1] DEBUG o.s.orm.jpa.JpaTransactionManager - Found thread-bound EntityManager [SessionImpl(1287071559<open>)] for JPA transaction
2026-03-16 16:54:08 [http-nio-8080-exec-1] DEBUG o.s.orm.jpa.JpaTransactionManager - Participating in existing transaction
2026-03-16 16:54:08 [http-nio-8080-exec-1] DEBUG org.hibernate.SQL - select ua1_0.scrty_dtrmn_trget_id,ua1_0.author_code,ua1_0.frst_register_id,ua1_0.frst_regist_pnttm,ua1_0.last_updusr_id,ua1_0.last_updt_pnttm,ua1_0.mber_ty_code from nemplyrscrtyestbs ua1_0 where ua1_0.scrty_dtrmn_trget_id=?
2026-03-16 16:54:08 [http-nio-8080-exec-4] DEBUG org.hibernate.SQL - select ua1_0.scrty_dtrmn_trget_id,ua1_0.author_code,ua1_0.frst_register_id,ua1_0.frst_regist_pnttm,ua1_0.last_updusr_id,ua1_0.last_updt_pnttm,ua1_0.mber_ty_code from nemplyrscrtyestbs ua1_0 where ua1_0.scrty_dtrmn_trget_id=?
2026-03-16 16:54:08 [http-nio-8080-exec-3] DEBUG o.s.orm.jpa.JpaTransactionManager - Found thread-bound EntityManager [SessionImpl(528091044<open>)] for JPA transaction
2026-03-16 16:54:08 [http-nio-8080-exec-3] DEBUG o.s.orm.jpa.JpaTransactionManager - Participating in existing transaction
2026-03-16 16:54:08 [http-nio-8080-exec-3] DEBUG org.hibernate.SQL - select ua1_0.scrty_dtrmn_trget_id,ua1_0.author_code,ua1_0.frst_register_id,ua1_0.frst_regist_pnttm,ua1_0.last_updusr_id,ua1_0.last_updt_pnttm,ua1_0.mber_ty_code from nemplyrscrtyestbs ua1_0 where ua1_0.scrty_dtrmn_trget_id=?
2026-03-16 16:54:08 [http-nio-8080-exec-5] DEBUG o.s.orm.jpa.JpaTransactionManager - Found thread-bound EntityManager [SessionImpl(1977735860<open>)] for JPA transaction
2026-03-16 16:54:08 [http-nio-8080-exec-5] DEBUG o.s.orm.jpa.JpaTransactionManager - Participating in existing transaction
2026-03-16 16:54:08 [http-nio-8080-exec-5] DEBUG org.hibernate.SQL - select ua1_0.scrty_dtrmn_trget_id,ua1_0.author_code,ua1_0.frst_register_id,ua1_0.frst_regist_pnttm,ua1_0.last_updusr_id,ua1_0.last_updt_pnttm,ua1_0.mber_ty_code from nemplyrscrtyestbs ua1_0 where ua1_0.scrty_dtrmn_trget_id=?
2026-03-16 16:54:08 [http-nio-8080-exec-9] DEBUG o.s.orm.jpa.JpaTransactionManager - Found thread-bound EntityManager [SessionImpl(13219762<open>)] for JPA transaction
2026-03-16 16:54:08 [http-nio-8080-exec-9] DEBUG o.s.orm.jpa.JpaTransactionManager - Participating in existing transaction
2026-03-16 16:54:08 [http-nio-8080-exec-9] DEBUG org.hibernate.SQL - select ua1_0.scrty_dtrmn_trget_id,ua1_0.author_code,ua1_0.frst_register_id,ua1_0.frst_regist_pnttm,ua1_0.last_updusr_id,ua1_0.last_updt_pnttm,ua1_0.mber_ty_code from nemplyrscrtyestbs ua1_0 where ua1_0.scrty_dtrmn_trget_id=?
2026-03-16 16:54:08 [http-nio-8080-exec-6] DEBUG o.s.orm.jpa.JpaTransactionManager - Initiating transaction commit
2026-03-16 16:54:08 [http-nio-8080-exec-6] DEBUG o.s.orm.jpa.JpaTransactionManager - Committing JPA transaction on EntityManager [SessionImpl(775708962<open>)]
2026-03-16 16:54:08 [http-nio-8080-exec-4] DEBUG o.s.orm.jpa.JpaTransactionManager - Initiating transaction commit
2026-03-16 16:54:08 [http-nio-8080-exec-4] DEBUG o.s.orm.jpa.JpaTransactionManager - Committing JPA transaction on EntityManager [SessionImpl(964461606<open>)]
2026-03-16 16:54:08 [http-nio-8080-exec-1] DEBUG o.s.orm.jpa.JpaTransactionManager - Initiating transaction commit
2026-03-16 16:54:08 [http-nio-8080-exec-1] DEBUG o.s.orm.jpa.JpaTransactionManager - Committing JPA transaction on EntityManager [SessionImpl(1287071559<open>)]
2026-03-16 16:54:08 [http-nio-8080-exec-3] DEBUG o.s.orm.jpa.JpaTransactionManager - Initiating transaction commit
2026-03-16 16:54:08 [http-nio-8080-exec-3] DEBUG o.s.orm.jpa.JpaTransactionManager - Committing JPA transaction on EntityManager [SessionImpl(528091044<open>)]
2026-03-16 16:54:08 [http-nio-8080-exec-5] DEBUG o.s.orm.jpa.JpaTransactionManager - Initiating transaction commit
2026-03-16 16:54:08 [http-nio-8080-exec-5] DEBUG o.s.orm.jpa.JpaTransactionManager - Committing JPA transaction on EntityManager [SessionImpl(1977735860<open>)]
2026-03-16 16:54:08 [http-nio-8080-exec-9] DEBUG o.s.orm.jpa.JpaTransactionManager - Initiating transaction commit
2026-03-16 16:54:08 [http-nio-8080-exec-9] DEBUG o.s.orm.jpa.JpaTransactionManager - Committing JPA transaction on EntityManager [SessionImpl(13219762<open>)]
2026-03-16 16:54:08 [http-nio-8080-exec-6] DEBUG o.s.orm.jpa.JpaTransactionManager - Closing JPA EntityManager [SessionImpl(775708962<open>)] after transaction
2026-03-16 16:54:08 [http-nio-8080-exec-6] INFO  c.c.p.a.c.menu.MenuController - getLeftMenu returned 5 items
2026-03-16 16:54:08 [http-nio-8080-exec-6] DEBUG o.s.w.s.m.m.a.HttpEntityMethodProcessor - Using 'application/json', given [application/json, text/plain, */*] and supported [application/json, application/*+json, application/yaml]
2026-03-16 16:54:08 [http-nio-8080-exec-6] TRACE o.s.w.s.m.m.a.HttpEntityMethodProcessor - Writing [ApiResponse[success=true, status=200, code=COMMON_001, message=Success, data={list=[com.company.project.service.menu.dto.MenuDto@54b44e3a, com.company.project.service.menu.dto.MenuDto@55fdbc25, com.company.project.service.menu.dto.MenuDto@6cf77b71, com.company.project.service.menu.dto.MenuDto@4dba2ccd, com.company.project.service.menu.dto.MenuDto@3b097ede]}, timestamp=2026-03-16T16:54:08.555579]]
2026-03-16 16:54:08 [http-nio-8080-exec-6] INFO  c.c.p.a.i.OperationalAuditInterceptor - API Audit Log: URL=/api/v1/menu/left, User=webmaster, IP=127.0.0.1
2026-03-16 16:54:08 [http-nio-8080-exec-6] DEBUG o.s.web.servlet.DispatcherServlet - Completed 200 OK
2026-03-16 16:54:08 [http-nio-8080-exec-7] DEBUG c.c.p.s.jwt.JwtAuthenticationFilter - >>> [JwtFilter] Processing request: GET /api/v1/admin/system/statistics/bbs
2026-03-16 16:54:08 [http-nio-8080-exec-7] DEBUG c.c.p.s.jwt.JwtAuthenticationFilter - >>> [JwtFilter] Found token in header for path: /api/v1/admin/system/statistics/bbs
2026-03-16 16:54:08 [http-nio-8080-exec-7] DEBUG o.s.orm.jpa.JpaTransactionManager - Creating new transaction with name [com.company.project.security.iam.CustomUserDetailsService.loadUserByUsername]: PROPAGATION_REQUIRED,ISOLATION_DEFAULT,readOnly
2026-03-16 16:54:08 [http-nio-8080-exec-7] DEBUG o.s.orm.jpa.JpaTransactionManager - Opened new EntityManager [SessionImpl(510437771<open>)] for JPA transaction
2026-03-16 16:54:08 [http-nio-8080-exec-1] DEBUG o.s.orm.jpa.JpaTransactionManager - Closing JPA EntityManager [SessionImpl(1287071559<open>)] after transaction
2026-03-16 16:54:08 [http-nio-8080-exec-1] DEBUG c.c.p.s.jwt.JwtAuthenticationFilter - >>> [JwtFilter] Successfully authenticated user: USRCNFRM_99999999999, Authorities: [ROLE_ADMIN]
2026-03-16 16:54:08 [http-nio-8080-exec-1] DEBUG o.s.web.servlet.DispatcherServlet - GET "/api/v1/notifications/unread-count", parameters={}
2026-03-16 16:54:08 [http-nio-8080-exec-1] TRACE o.s.w.s.m.m.a.RequestMappingHandlerMapping - Mapped to com.company.project.api.controller.notification.NotificationController#getUnreadCount(UserDetails)
2026-03-16 16:54:08 [http-nio-8080-exec-1] DEBUG o.s.orm.jpa.JpaTransactionManager - Creating new transaction with name [com.company.project.service.notification.NotificationService.getUnreadCount]: PROPAGATION_REQUIRED,ISOLATION_DEFAULT,readOnly
2026-03-16 16:54:08 [http-nio-8080-exec-1] DEBUG o.s.orm.jpa.JpaTransactionManager - Opened new EntityManager [SessionImpl(353496399<open>)] for JPA transaction
2026-03-16 16:54:08 [http-nio-8080-exec-1] DEBUG o.s.orm.jpa.JpaTransactionManager - Exposing JPA transaction as JDBC [org.springframework.orm.jpa.vendor.HibernateJpaDialect$HibernateConnectionHandle@6a3301d4]
2026-03-16 16:54:08 [http-nio-8080-exec-4] DEBUG o.s.orm.jpa.JpaTransactionManager - Closing JPA EntityManager [SessionImpl(964461606<open>)] after transaction
2026-03-16 16:54:08 [http-nio-8080-exec-4] DEBUG c.c.p.s.jwt.JwtAuthenticationFilter - >>> [JwtFilter] Successfully authenticated user: USRCNFRM_99999999999, Authorities: [ROLE_ADMIN]
2026-03-16 16:54:08 [http-nio-8080-exec-1] DEBUG org.hibernate.SQL - select count(n1_0.ntcn_no) from n_user_notification n1_0 where n1_0.receiver_id=? and n1_0.is_read=?
2026-03-16 16:54:08 [http-nio-8080-exec-4] DEBUG o.s.web.servlet.DispatcherServlet - GET "/api/v1/notifications", parameters={}
2026-03-16 16:54:08 [http-nio-8080-exec-4] TRACE o.s.w.s.m.m.a.RequestMappingHandlerMapping - Mapped to com.company.project.api.controller.notification.NotificationController#getMyNotifications(UserDetails)
2026-03-16 16:54:08 [http-nio-8080-exec-4] DEBUG o.s.orm.jpa.JpaTransactionManager - Creating new transaction with name [com.company.project.service.notification.NotificationService.getActiveNotifications]: PROPAGATION_REQUIRED,ISOLATION_DEFAULT,readOnly
2026-03-16 16:54:08 [http-nio-8080-exec-4] DEBUG o.s.orm.jpa.JpaTransactionManager - Opened new EntityManager [SessionImpl(1209084808<open>)] for JPA transaction
2026-03-16 16:54:08 [http-nio-8080-exec-4] DEBUG o.s.orm.jpa.JpaTransactionManager - Exposing JPA transaction as JDBC [org.springframework.orm.jpa.vendor.HibernateJpaDialect$HibernateConnectionHandle@758a5d00]
2026-03-16 16:54:08 [http-nio-8080-exec-4] DEBUG o.s.orm.jpa.JpaTransactionManager - Found thread-bound EntityManager [SessionImpl(1209084808<open>)] for JPA transaction
2026-03-16 16:54:08 [http-nio-8080-exec-4] DEBUG o.s.orm.jpa.JpaTransactionManager - Participating in existing transaction
2026-03-16 16:54:08 [http-nio-8080-exec-4] DEBUG org.hibernate.SQL - select n1_0.ntcn_no,n1_0.frst_register_id,n1_0.frst_regist_pnttm,n1_0.is_read,n1_0.last_updusr_id,n1_0.last_updt_pnttm,n1_0.link_url,n1_0.ntcn_cn,n1_0.ntcn_sj,n1_0.receiver_id from n_user_notification n1_0
2026-03-16 16:54:08 [http-nio-8080-exec-3] DEBUG o.s.orm.jpa.JpaTransactionManager - Closing JPA EntityManager [SessionImpl(528091044<open>)] after transaction
2026-03-16 16:54:08 [http-nio-8080-exec-3] DEBUG c.c.p.s.jwt.JwtAuthenticationFilter - >>> [JwtFilter] Successfully authenticated user: USRCNFRM_99999999999, Authorities: [ROLE_ADMIN]
2026-03-16 16:54:08 [http-nio-8080-exec-5] DEBUG o.s.orm.jpa.JpaTransactionManager - Closing JPA EntityManager [SessionImpl(1977735860<open>)] after transaction
2026-03-16 16:54:08 [http-nio-8080-exec-5] DEBUG c.c.p.s.jwt.JwtAuthenticationFilter - >>> [JwtFilter] Successfully authenticated user: USRCNFRM_99999999999, Authorities: [ROLE_ADMIN]
2026-03-16 16:54:08 [http-nio-8080-exec-3] DEBUG o.s.web.servlet.DispatcherServlet - GET "/api/v1/popups/active", parameters={}
2026-03-16 16:54:08 [http-nio-8080-exec-5] DEBUG o.s.web.servlet.DispatcherServlet - GET "/api/v1/admin/system/banners/reflected", parameters={}
2026-03-16 16:54:08 [http-nio-8080-exec-3] TRACE o.s.w.s.m.m.a.RequestMappingHandlerMapping - Mapped to com.company.project.api.controller.system.content.popup.PopupController#getActivePopups()
2026-03-16 16:54:08 [http-nio-8080-exec-5] TRACE o.s.w.s.m.m.a.RequestMappingHandlerMapping - Mapped to com.company.project.api.controller.system.content.banner.BannerApiController#getReflectedBanners()
2026-03-16 16:54:08 [http-nio-8080-exec-3] DEBUG o.s.orm.jpa.JpaTransactionManager - Creating new transaction with name [com.company.project.service.system.content.popup.PopupServiceImpl.getActivePopups]: PROPAGATION_REQUIRED,ISOLATION_DEFAULT,readOnly
2026-03-16 16:54:08 [http-nio-8080-exec-5] DEBUG o.s.orm.jpa.JpaTransactionManager - Creating new transaction with name [com.company.project.service.system.content.banner.BannerService.getReflectedBanners]: PROPAGATION_REQUIRED,ISOLATION_DEFAULT,readOnly
2026-03-16 16:54:08 [http-nio-8080-exec-3] DEBUG o.s.orm.jpa.JpaTransactionManager - Opened new EntityManager [SessionImpl(828643049<open>)] for JPA transaction
2026-03-16 16:54:08 [http-nio-8080-exec-5] DEBUG o.s.orm.jpa.JpaTransactionManager - Opened new EntityManager [SessionImpl(684595634<open>)] for JPA transaction
2026-03-16 16:54:08 [http-nio-8080-exec-3] DEBUG o.s.orm.jpa.JpaTransactionManager - Exposing JPA transaction as JDBC [org.springframework.orm.jpa.vendor.HibernateJpaDialect$HibernateConnectionHandle@7b975edf]
2026-03-16 16:54:08 [http-nio-8080-exec-5] DEBUG o.s.orm.jpa.JpaTransactionManager - Exposing JPA transaction as JDBC [org.springframework.orm.jpa.vendor.HibernateJpaDialect$HibernateConnectionHandle@7f6ec8ff]
2026-03-16 16:54:08 [http-nio-8080-exec-3] DEBUG org.hibernate.SQL - select p1_0.popup_id,p1_0.frst_register_id,p1_0.frst_regist_pnttm,p1_0.file_url,p1_0.ntce_at,p1_0.stopvew_setup_at,p1_0.last_updusr_id,p1_0.last_updt_pnttm,p1_0.ntce_bgnde,p1_0.ntce_endde,p1_0.popup_vrticl_lc,p1_0.popup_vrticl_size,p1_0.popup_sj_nm,p1_0.popup_width_lc,p1_0.popup_width_size from npopupmanage p1_0 where p1_0.ntce_at='Y' and ? between p1_0.ntce_bgnde and p1_0.ntce_endde
2026-03-16 16:54:08 [http-nio-8080-exec-5] DEBUG org.hibernate.SQL - select b1_0.banner_id,b1_0.banner_dc,b1_0.banner_image,b1_0.banner_image_file,b1_0.banner_nm,b1_0.frst_register_id,b1_0.frst_regist_pnttm,b1_0.last_updusr_id,b1_0.last_updt_pnttm,b1_0.link_url,b1_0.reflct_at,b1_0.sort_ordr from nbanner b1_0 where b1_0.reflct_at=? order by b1_0.sort_ordr
2026-03-16 16:54:08 [http-nio-8080-exec-9] DEBUG o.s.orm.jpa.JpaTransactionManager - Closing JPA EntityManager [SessionImpl(13219762<open>)] after transaction
2026-03-16 16:54:08 [http-nio-8080-exec-9] DEBUG c.c.p.s.jwt.JwtAuthenticationFilter - >>> [JwtFilter] Successfully authenticated user: USRCNFRM_99999999999, Authorities: [ROLE_ADMIN]
2026-03-16 16:54:08 [http-nio-8080-exec-9] DEBUG o.s.web.servlet.DispatcherServlet - GET "/api/v1/admin/system/statistics/connect?statsKind=SERVICE", parameters={masked}
2026-03-16 16:54:08 [http-nio-8080-exec-9] DEBUG o.s.w.s.h.SimpleUrlHandlerMapping - Mapped to ResourceHttpRequestHandler [classpath [META-INF/resources/], classpath [resources/], classpath [static/], classpath [public/], ServletContext [/]]
2026-03-16 16:54:08 [http-nio-8080-exec-9] DEBUG o.s.w.s.r.ResourceHttpRequestHandler - Resource not found
2026-03-16 16:54:08 [http-nio-8080-exec-9] DEBUG o.s.w.s.m.m.a.ExceptionHandlerExceptionResolver - Using @ExceptionHandler com.company.project.core.exception.GlobalExceptionHandler#handleException(Exception)
2026-03-16 16:54:08 [http-nio-8080-exec-9] ERROR c.c.p.c.e.GlobalExceptionHandler - >>> Internal Server Error: No static resource api/v1/admin/system/statistics/connect.
org.springframework.web.servlet.resource.NoResourceFoundException: No static resource api/v1/admin/system/statistics/connect.
	at org.springframework.web.servlet.resource.ResourceHttpRequestHandler.handleRequest(ResourceHttpRequestHandler.java:585)
	at org.springframework.web.servlet.mvc.HttpRequestHandlerAdapter.handle(HttpRequestHandlerAdapter.java:52)
	at org.springframework.web.servlet.DispatcherServlet.doDispatch(DispatcherServlet.java:1088)
	at org.springframework.web.servlet.DispatcherServlet.doService(DispatcherServlet.java:978)
	at org.springframework.web.servlet.FrameworkServlet.processRequest(FrameworkServlet.java:1014)
	at org.springframework.web.servlet.FrameworkServlet.doGet(FrameworkServlet.java:903)
	at jakarta.servlet.http.HttpServlet.service(HttpServlet.java:527)
	at org.springframework.web.servlet.FrameworkServlet.service(FrameworkServlet.java:885)
	at jakarta.servlet.http.HttpServlet.service(HttpServlet.java:614)
	at org.apache.catalina.core.ApplicationFilterChain.internalDoFilter(ApplicationFilterChain.java:195)
	at org.apache.catalina.core.ApplicationFilterChain.doFilter(ApplicationFilterChain.java:140)
	at org.apache.tomcat.websocket.server.WsFilter.doFilter(WsFilter.java:51)
	at org.apache.catalina.core.ApplicationFilterChain.internalDoFilter(ApplicationFilterChain.java:164)
	at org.apache.catalina.core.ApplicationFilterChain.doFilter(ApplicationFilterChain.java:140)
	at org.springframework.web.filter.CompositeFilter$VirtualFilterChain.doFilter(CompositeFilter.java:108)
	at org.springframework.security.web.FilterChainProxy.lambda$doFilterInternal$3(FilterChainProxy.java:231)
	at org.springframework.security.web.ObservationFilterChainDecorator$FilterObservation$SimpleFilterObservation.lambda$wrap$1(ObservationFilterChainDecorator.java:479)
	at org.springframework.security.web.ObservationFilterChainDecorator$AroundFilterObservation$SimpleAroundFilterObservation.lambda$wrap$1(ObservationFilterChainDecorator.java:340)
	at org.springframework.security.web.ObservationFilterChainDecorator.lambda$wrapSecured$0(ObservationFilterChainDecorator.java:82)
	at org.springframework.security.web.ObservationFilterChainDecorator$VirtualFilterChain.doFilter(ObservationFilterChainDecorator.java:128)
	at org.springframework.security.web.access.intercept.AuthorizationFilter.doFilter(AuthorizationFilter.java:101)
	at org.springframework.security.web.ObservationFilterChainDecorator$ObservationFilter.wrapFilter(ObservationFilterChainDecorator.java:240)
	at org.springframework.security.web.ObservationFilterChainDecorator$ObservationFilter.doFilter(ObservationFilterChainDecorator.java:227)
	at org.springframework.security.web.ObservationFilterChainDecorator$VirtualFilterChain.doFilter(ObservationFilterChainDecorator.java:137)
	at org.springframework.security.web.access.ExceptionTranslationFilter.doFilter(ExceptionTranslationFilter.java:126)
	at org.springframework.security.web.access.ExceptionTranslationFilter.doFilter(ExceptionTranslationFilter.java:120)
	at org.springframework.security.web.ObservationFilterChainDecorator$ObservationFilter.wrapFilter(ObservationFilterChainDecorator.java:240)
	at org.springframework.security.web.ObservationFilterChainDecorator$ObservationFilter.doFilter(ObservationFilterChainDecorator.java:227)
	at org.springframework.security.web.ObservationFilterChainDecorator$VirtualFilterChain.doFilter(ObservationFilterChainDecorator.java:137)
	at org.springframework.security.web.session.SessionManagementFilter.doFilter(SessionManagementFilter.java:131)
	at org.springframework.security.web.session.SessionManagementFilter.doFilter(SessionManagementFilter.java:85)
	at org.springframework.security.web.ObservationFilterChainDecorator$ObservationFilter.wrapFilter(ObservationFilterChainDecorator.java:240)
	at org.springframework.security.web.ObservationFilterChainDecorator$ObservationFilter.doFilter(ObservationFilterChainDecorator.java:227)
	at org.springframework.security.web.ObservationFilterChainDecorator$VirtualFilterChain.doFilter(ObservationFilterChainDecorator.java:137)
	at org.springframework.security.web.authentication.AnonymousAuthenticationFilter.doFilter(AnonymousAuthenticationFilter.java:100)
	at org.springframework.security.web.ObservationFilterChainDecorator$ObservationFilter.wrapFilter(ObservationFilterChainDecorator.java:240)
	at org.springframework.security.web.ObservationFilterChainDecorator$ObservationFilter.doFilter(ObservationFilterChainDecorator.java:227)
	at org.springframework.security.web.ObservationFilterChainDecorator$VirtualFilterChain.doFilter(ObservationFilterChainDecorator.java:137)
	at org.springframework.security.web.servletapi.SecurityContextHolderAwareRequestFilter.doFilter(SecurityContextHolderAwareRequestFilter.java:179)
	at org.springframework.security.web.ObservationFilterChainDecorator$ObservationFilter.wrapFilter(ObservationFilterChainDecorator.java:240)
	at org.springframework.security.web.ObservationFilterChainDecorator$ObservationFilter.doFilter(ObservationFilterChainDecorator.java:227)
	at org.springframework.security.web.ObservationFilterChainDecorator$VirtualFilterChain.doFilter(ObservationFilterChainDecorator.java:137)
	at org.springframework.security.web.savedrequest.RequestCacheAwareFilter.doFilter(RequestCacheAwareFilter.java:63)
	at org.springframework.security.web.ObservationFilterChainDecorator$ObservationFilter.wrapFilter(ObservationFilterChainDecorator.java:240)
	at org.springframework.security.web.ObservationFilterChainDecorator$ObservationFilter.doFilter(ObservationFilterChainDecorator.java:227)
	at org.springframework.security.web.ObservationFilterChainDecorator$VirtualFilterChain.doFilter(ObservationFilterChainDecorator.java:137)
	at com.company.project.security.jwt.JwtAuthenticationFilter.doFilterInternal(JwtAuthenticationFilter.java:52)
	at org.springframework.web.filter.OncePerRequestFilter.doFilter(OncePerRequestFilter.java:116)
	at org.springframework.security.web.ObservationFilterChainDecorator$ObservationFilter.wrapFilter(ObservationFilterChainDecorator.java:240)
	at org.springframework.security.web.ObservationFilterChainDecorator$ObservationFilter.doFilter(ObservationFilterChainDecorator.java:227)
	at org.springframework.security.web.ObservationFilterChainDecorator$VirtualFilterChain.doFilter(ObservationFilterChainDecorator.java:137)
	at org.springframework.security.web.authentication.logout.LogoutFilter.doFilter(LogoutFilter.java:107)
	at org.springframework.security.web.authentication.logout.LogoutFilter.doFilter(LogoutFilter.java:93)
	at org.springframework.security.web.ObservationFilterChainDecorator$ObservationFilter.wrapFilter(ObservationFilterChainDecorator.java:240)
	at org.springframework.security.web.ObservationFilterChainDecorator$ObservationFilter.doFilter(ObservationFilterChainDecorator.java:227)
	at org.springframework.security.web.ObservationFilterChainDecorator$VirtualFilterChain.doFilter(ObservationFilterChainDecorator.java:137)
	at org.springframework.web.filter.CorsFilter.doFilterInternal(CorsFilter.java:91)
	at org.springframework.web.filter.OncePerRequestFilter.doFilter(OncePerRequestFilter.java:116)
	at org.springframework.security.web.ObservationFilterChainDecorator$ObservationFilter.wrapFilter(ObservationFilterChainDecorator.java:240)
	at org.springframework.security.web.ObservationFilterChainDecorator$ObservationFilter.doFilter(ObservationFilterChainDecorator.java:227)
	at org.springframework.security.web.ObservationFilterChainDecorator$VirtualFilterChain.doFilter(ObservationFilterChainDecorator.java:137)
	at org.springframework.security.web.header.HeaderWriterFilter.doHeadersAfter(HeaderWriterFilter.java:90)
	at org.springframework.security.web.header.HeaderWriterFilter.doFilterInternal(HeaderWriterFilter.java:75)
	at org.springframework.web.filter.OncePerRequestFilter.doFilter(OncePerRequestFilter.java:116)
	at org.springframework.security.web.ObservationFilterChainDecorator$ObservationFilter.wrapFilter(ObservationFilterChainDecorator.java:240)
	at org.springframework.security.web.ObservationFilterChainDecorator$ObservationFilter.doFilter(ObservationFilterChainDecorator.java:227)
	at org.springframework.security.web.ObservationFilterChainDecorator$VirtualFilterChain.doFilter(ObservationFilterChainDecorator.java:137)
	at org.springframework.security.web.context.SecurityContextHolderFilter.doFilter(SecurityContextHolderFilter.java:82)
	at org.springframework.security.web.context.SecurityContextHolderFilter.doFilter(SecurityContextHolderFilter.java:69)
	at org.springframework.security.web.ObservationFilterChainDecorator$ObservationFilter.wrapFilter(ObservationFilterChainDecorator.java:240)
	at org.springframework.security.web.ObservationFilterChainDecorator$ObservationFilter.doFilter(ObservationFilterChainDecorator.java:227)
	at org.springframework.security.web.ObservationFilterChainDecorator$VirtualFilterChain.doFilter(ObservationFilterChainDecorator.java:137)
	at org.springframework.security.web.context.request.async.WebAsyncManagerIntegrationFilter.doFilterInternal(WebAsyncManagerIntegrationFilter.java:62)
	at org.springframework.web.filter.OncePerRequestFilter.doFilter(OncePerRequestFilter.java:116)
	at org.springframework.security.web.ObservationFilterChainDecorator$ObservationFilter.wrapFilter(ObservationFilterChainDecorator.java:240)
	at org.springframework.security.web.ObservationFilterChainDecorator$ObservationFilter.doFilter(ObservationFilterChainDecorator.java:227)
	at org.springframework.security.web.ObservationFilterChainDecorator$VirtualFilterChain.doFilter(ObservationFilterChainDecorator.java:137)
	at org.springframework.security.web.session.DisableEncodeUrlFilter.doFilterInternal(DisableEncodeUrlFilter.java:42)
	at org.springframework.web.filter.OncePerRequestFilter.doFilter(OncePerRequestFilter.java:116)
	at org.springframework.security.web.ObservationFilterChainDecorator$ObservationFilter.wrapFilter(ObservationFilterChainDecorator.java:240)
	at org.springframework.security.web.ObservationFilterChainDecorator$AroundFilterObservation$SimpleAroundFilterObservation.lambda$wrap$0(ObservationFilterChainDecorator.java:323)
	at org.springframework.security.web.ObservationFilterChainDecorator$ObservationFilter.doFilter(ObservationFilterChainDecorator.java:224)
	at org.springframework.security.web.ObservationFilterChainDecorator$VirtualFilterChain.doFilter(ObservationFilterChainDecorator.java:137)
	at org.springframework.security.web.FilterChainProxy.doFilterInternal(FilterChainProxy.java:233)
	at org.springframework.security.web.FilterChainProxy.doFilter(FilterChainProxy.java:191)
	at org.springframework.web.filter.CompositeFilter$VirtualFilterChain.doFilter(CompositeFilter.java:113)
	at org.springframework.web.servlet.handler.HandlerMappingIntrospector.lambda$createCacheFilter$3(HandlerMappingIntrospector.java:243)
	at org.springframework.web.filter.CompositeFilter$VirtualFilterChain.doFilter(CompositeFilter.java:113)
	at org.springframework.web.filter.CompositeFilter.doFilter(CompositeFilter.java:74)
	at org.springframework.security.config.annotation.web.configuration.WebMvcSecurityConfiguration$CompositeFilterChainProxy.doFilter(WebMvcSecurityConfiguration.java:238)
	at org.springframework.web.filter.DelegatingFilterProxy.invokeDelegate(DelegatingFilterProxy.java:362)
	at org.springframework.web.filter.DelegatingFilterProxy.doFilter(DelegatingFilterProxy.java:278)
	at org.apache.catalina.core.ApplicationFilterChain.internalDoFilter(ApplicationFilterChain.java:164)
	at org.apache.catalina.core.ApplicationFilterChain.doFilter(ApplicationFilterChain.java:140)
	at org.springframework.web.filter.RequestContextFilter.doFilterInternal(RequestContextFilter.java:100)
	at org.springframework.web.filter.OncePerRequestFilter.doFilter(OncePerRequestFilter.java:116)
	at org.apache.catalina.core.ApplicationFilterChain.internalDoFilter(ApplicationFilterChain.java:164)
	at org.apache.catalina.core.ApplicationFilterChain.doFilter(ApplicationFilterChain.java:140)
	at org.springframework.web.filter.FormContentFilter.doFilterInternal(FormContentFilter.java:93)
	at org.springframework.web.filter.OncePerRequestFilter.doFilter(OncePerRequestFilter.java:116)
	at org.apache.catalina.core.ApplicationFilterChain.internalDoFilter(ApplicationFilterChain.java:164)
	at org.apache.catalina.core.ApplicationFilterChain.doFilter(ApplicationFilterChain.java:140)
	at org.springframework.web.filter.ServerHttpObservationFilter.doFilterInternal(ServerHttpObservationFilter.java:114)
	at org.springframework.web.filter.OncePerRequestFilter.doFilter(OncePerRequestFilter.java:116)
	at org.apache.catalina.core.ApplicationFilterChain.internalDoFilter(ApplicationFilterChain.java:164)
	at org.apache.catalina.core.ApplicationFilterChain.doFilter(ApplicationFilterChain.java:140)
	at org.springframework.web.filter.CharacterEncodingFilter.doFilterInternal(CharacterEncodingFilter.java:201)
	at org.springframework.web.filter.OncePerRequestFilter.doFilter(OncePerRequestFilter.java:116)
	at org.apache.catalina.core.ApplicationFilterChain.internalDoFilter(ApplicationFilterChain.java:164)
	at org.apache.catalina.core.ApplicationFilterChain.doFilter(ApplicationFilterChain.java:140)
	at org.apache.catalina.core.StandardWrapperValve.invoke(StandardWrapperValve.java:167)
	at org.apache.catalina.core.StandardContextValve.invoke(StandardContextValve.java:90)
	at org.apache.catalina.authenticator.AuthenticatorBase.invoke(AuthenticatorBase.java:483)
	at org.apache.catalina.core.StandardHostValve.invoke(StandardHostValve.java:115)
	at org.apache.catalina.valves.ErrorReportValve.invoke(ErrorReportValve.java:93)
	at org.apache.catalina.core.StandardEngineValve.invoke(StandardEngineValve.java:74)
	at org.apache.catalina.connector.CoyoteAdapter.service(CoyoteAdapter.java:344)
	at org.apache.coyote.http11.Http11Processor.service(Http11Processor.java:397)
	at org.apache.coyote.AbstractProcessorLight.process(AbstractProcessorLight.java:63)
	at org.apache.coyote.AbstractProtocol$ConnectionHandler.process(AbstractProtocol.java:905)
	at org.apache.tomcat.util.net.NioEndpoint$SocketProcessor.doRun(NioEndpoint.java:1741)
	at org.apache.tomcat.util.net.SocketProcessorBase.run(SocketProcessorBase.java:52)
	at org.apache.tomcat.util.threads.ThreadPoolExecutor.runWorker(ThreadPoolExecutor.java:1190)
	at org.apache.tomcat.util.threads.ThreadPoolExecutor$Worker.run(ThreadPoolExecutor.java:659)
	at org.apache.tomcat.util.threads.TaskThread$WrappingRunnable.run(TaskThread.java:63)
	at java.base/java.lang.Thread.run(Thread.java:1583)
2026-03-16 16:54:08 [http-nio-8080-exec-9] DEBUG o.s.w.s.m.m.a.HttpEntityMethodProcessor - Using 'application/json', given [application/json, text/plain, */*] and supported [application/json, application/*+json, application/yaml]
2026-03-16 16:54:08 [http-nio-8080-exec-9] TRACE o.s.w.s.m.m.a.HttpEntityMethodProcessor - Writing [ApiResponse[success=false, status=500, code=C004, message=예기치 않은 서버 오류가 발생했습니다., data=null, timestamp=2026-03-16T16:54:08.677887600]]
2026-03-16 16:54:08 [http-nio-8080-exec-9] DEBUG o.s.w.s.m.m.a.ExceptionHandlerExceptionResolver - Resolved [org.springframework.web.servlet.resource.NoResourceFoundException: No static resource api/v1/admin/system/statistics/connect.]
2026-03-16 16:54:08 [http-nio-8080-exec-9] DEBUG o.s.web.servlet.DispatcherServlet - Completed 500 INTERNAL_SERVER_ERROR
2026-03-16 16:54:08 [http-nio-8080-exec-8] DEBUG c.c.p.s.jwt.JwtAuthenticationFilter - >>> [JwtFilter] Processing request: GET /api/v1/menu/left
2026-03-16 16:54:08 [http-nio-8080-exec-8] DEBUG c.c.p.s.jwt.JwtAuthenticationFilter - >>> [JwtFilter] Found token in header for path: /api/v1/menu/left
2026-03-16 16:54:08 [http-nio-8080-exec-8] DEBUG o.s.orm.jpa.JpaTransactionManager - Creating new transaction with name [com.company.project.security.iam.CustomUserDetailsService.loadUserByUsername]: PROPAGATION_REQUIRED,ISOLATION_DEFAULT,readOnly
2026-03-16 16:54:08 [http-nio-8080-exec-8] DEBUG o.s.orm.jpa.JpaTransactionManager - Opened new EntityManager [SessionImpl(144820858<open>)] for JPA transaction
2026-03-16 16:54:08 [http-nio-8080-exec-7] DEBUG o.s.orm.jpa.JpaTransactionManager - Exposing JPA transaction as JDBC [org.springframework.orm.jpa.vendor.HibernateJpaDialect$HibernateConnectionHandle@9d076eb]
2026-03-16 16:54:08 [http-nio-8080-exec-7] DEBUG o.s.orm.jpa.JpaTransactionManager - Found thread-bound EntityManager [SessionImpl(510437771<open>)] for JPA transaction
2026-03-16 16:54:08 [http-nio-8080-exec-7] DEBUG o.s.orm.jpa.JpaTransactionManager - Participating in existing transaction
2026-03-16 16:54:08 [http-nio-8080-exec-7] DEBUG org.hibernate.SQL - select u1_0.emplyr_id,u1_0.area_no,u1_0.brthdy,u1_0.chg_pwd_cnt,u1_0.frst_register_id,u1_0.frst_regist_pnttm,u1_0.detail_adres,u1_0.email_adres,u1_0.emplyr_sttus_code,u1_0.empl_no,u1_0.esntl_id,u1_0.fxnum,u1_0.group_id,u1_0.house_adres,u1_0.house_end_telno,u1_0.house_middle_telno,u1_0.ihidnum,u1_0.pstinst_code,u1_0.last_updusr_id,u1_0.last_updt_pnttm,u1_0.lock_at,u1_0.lock_cnt,u1_0.lock_last_pnttm,u1_0.mbtlnum,u1_0.ofcps_nm,u1_0.offm_telno,u1_0.orgnzt_id,u1_0.password,u1_0.password_cnsr,u1_0.password_hint,u1_0.chg_pwd_last_pnttm,u1_0.role,u1_0.sbscrb_de,u1_0.sexdstn_code,u1_0.crtfc_dn_value,u1_0.user_nm,u1_0.zip from nemplyrinfo u1_0 where u1_0.emplyr_id=?
2026-03-16 16:54:08 [http-nio-8080-exec-1] DEBUG o.s.orm.jpa.JpaTransactionManager - Initiating transaction commit
2026-03-16 16:54:08 [http-nio-8080-exec-1] DEBUG o.s.orm.jpa.JpaTransactionManager - Committing JPA transaction on EntityManager [SessionImpl(353496399<open>)]
2026-03-16 16:54:08 [http-nio-8080-exec-4] DEBUG o.s.orm.jpa.JpaTransactionManager - Initiating transaction commit
2026-03-16 16:54:08 [http-nio-8080-exec-4] DEBUG o.s.orm.jpa.JpaTransactionManager - Committing JPA transaction on EntityManager [SessionImpl(1209084808<open>)]
2026-03-16 16:54:08 [http-nio-8080-exec-3] DEBUG o.s.orm.jpa.JpaTransactionManager - Initiating transaction commit
2026-03-16 16:54:08 [http-nio-8080-exec-5] DEBUG o.s.orm.jpa.JpaTransactionManager - Initiating transaction commit
2026-03-16 16:54:08 [http-nio-8080-exec-3] DEBUG o.s.orm.jpa.JpaTransactionManager - Committing JPA transaction on EntityManager [SessionImpl(828643049<open>)]
2026-03-16 16:54:08 [http-nio-8080-exec-5] DEBUG o.s.orm.jpa.JpaTransactionManager - Committing JPA transaction on EntityManager [SessionImpl(684595634<open>)]
2026-03-16 16:54:08 [http-nio-8080-exec-8] DEBUG o.s.orm.jpa.JpaTransactionManager - Exposing JPA transaction as JDBC [org.springframework.orm.jpa.vendor.HibernateJpaDialect$HibernateConnectionHandle@48d36bff]
2026-03-16 16:54:08 [http-nio-8080-exec-8] DEBUG o.s.orm.jpa.JpaTransactionManager - Found thread-bound EntityManager [SessionImpl(144820858<open>)] for JPA transaction
2026-03-16 16:54:08 [http-nio-8080-exec-8] DEBUG o.s.orm.jpa.JpaTransactionManager - Participating in existing transaction
2026-03-16 16:54:08 [http-nio-8080-exec-8] DEBUG org.hibernate.SQL - select u1_0.emplyr_id,u1_0.area_no,u1_0.brthdy,u1_0.chg_pwd_cnt,u1_0.frst_register_id,u1_0.frst_regist_pnttm,u1_0.detail_adres,u1_0.email_adres,u1_0.emplyr_sttus_code,u1_0.empl_no,u1_0.esntl_id,u1_0.fxnum,u1_0.group_id,u1_0.house_adres,u1_0.house_end_telno,u1_0.house_middle_telno,u1_0.ihidnum,u1_0.pstinst_code,u1_0.last_updusr_id,u1_0.last_updt_pnttm,u1_0.lock_at,u1_0.lock_cnt,u1_0.lock_last_pnttm,u1_0.mbtlnum,u1_0.ofcps_nm,u1_0.offm_telno,u1_0.orgnzt_id,u1_0.password,u1_0.password_cnsr,u1_0.password_hint,u1_0.chg_pwd_last_pnttm,u1_0.role,u1_0.sbscrb_de,u1_0.sexdstn_code,u1_0.crtfc_dn_value,u1_0.user_nm,u1_0.zip from nemplyrinfo u1_0 where u1_0.emplyr_id=?
2026-03-16 16:54:08 [http-nio-8080-exec-1] DEBUG o.s.orm.jpa.JpaTransactionManager - Closing JPA EntityManager [SessionImpl(353496399<open>)] after transaction
2026-03-16 16:54:08 [http-nio-8080-exec-1] DEBUG o.s.w.s.m.m.a.HttpEntityMethodProcessor - Using 'application/json', given [application/json, text/plain, */*] and supported [application/json, application/*+json, application/yaml]
2026-03-16 16:54:08 [http-nio-8080-exec-1] TRACE o.s.w.s.m.m.a.HttpEntityMethodProcessor - Writing [ApiResponse[success=true, status=200, code=COMMON_001, message=Success, data=0, timestamp=2026-03-16T16:54:08.873205]]
2026-03-16 16:54:08 [http-nio-8080-exec-1] INFO  c.c.p.a.i.OperationalAuditInterceptor - API Audit Log: URL=/api/v1/notifications/unread-count, User=webmaster, IP=127.0.0.1
2026-03-16 16:54:08 [http-nio-8080-exec-1] DEBUG o.s.web.servlet.DispatcherServlet - Completed 200 OK
2026-03-16 16:54:08 [http-nio-8080-exec-4] DEBUG o.s.orm.jpa.JpaTransactionManager - Closing JPA EntityManager [SessionImpl(1209084808<open>)] after transaction
2026-03-16 16:54:08 [http-nio-8080-exec-7] DEBUG o.s.orm.jpa.JpaTransactionManager - Found thread-bound EntityManager [SessionImpl(510437771<open>)] for JPA transaction
2026-03-16 16:54:08 [http-nio-8080-exec-7] DEBUG o.s.orm.jpa.JpaTransactionManager - Participating in existing transaction
2026-03-16 16:54:08 [http-nio-8080-exec-4] DEBUG o.s.w.s.m.m.a.HttpEntityMethodProcessor - Using 'application/json', given [application/json, text/plain, */*] and supported [application/json, application/*+json, application/yaml]
2026-03-16 16:54:08 [http-nio-8080-exec-7] DEBUG org.hibernate.SQL - select ua1_0.scrty_dtrmn_trget_id,ua1_0.author_code,ua1_0.frst_register_id,ua1_0.frst_regist_pnttm,ua1_0.last_updusr_id,ua1_0.last_updt_pnttm,ua1_0.mber_ty_code from nemplyrscrtyestbs ua1_0 where ua1_0.scrty_dtrmn_trget_id=?
2026-03-16 16:54:08 [http-nio-8080-exec-4] TRACE o.s.w.s.m.m.a.HttpEntityMethodProcessor - Writing [ApiResponse[success=true, status=200, code=COMMON_001, message=Success, data=[NotificationDto(ntfcNo=NT001, ntfcSj=테스트 알림입니다, ntfcCn=알림 내용입니다, ntfcDate=null, ntfcTime=2026-02-25T00:59:33.784070, bhNtfcIntrvl=null, uniqId=null, frstRegisterId=null, frstRegisterPnttm=2026-02-25T00:59:33.784070, lastUpdusrId=null, lastUpdusrPnttm=null)], timestamp=2026-03-16T16:54:08.878789500]]
2026-03-16 16:54:08 [http-nio-8080-exec-4] INFO  c.c.p.a.i.OperationalAuditInterceptor - API Audit Log: URL=/api/v1/notifications, User=webmaster, IP=127.0.0.1
2026-03-16 16:54:08 [http-nio-8080-exec-4] DEBUG o.s.web.servlet.DispatcherServlet - Completed 200 OK
2026-03-16 16:54:08 [http-nio-8080-exec-2] DEBUG c.c.p.s.jwt.JwtAuthenticationFilter - >>> [JwtFilter] Processing request: GET /api/v1/notifications/unread-count
2026-03-16 16:54:08 [http-nio-8080-exec-2] DEBUG c.c.p.s.jwt.JwtAuthenticationFilter - >>> [JwtFilter] Found token in header for path: /api/v1/notifications/unread-count
2026-03-16 16:54:08 [http-nio-8080-exec-2] DEBUG o.s.orm.jpa.JpaTransactionManager - Creating new transaction with name [com.company.project.security.iam.CustomUserDetailsService.loadUserByUsername]: PROPAGATION_REQUIRED,ISOLATION_DEFAULT,readOnly
2026-03-16 16:54:08 [http-nio-8080-exec-2] DEBUG o.s.orm.jpa.JpaTransactionManager - Opened new EntityManager [SessionImpl(476261204<open>)] for JPA transaction
2026-03-16 16:54:08 [http-nio-8080-exec-10] DEBUG c.c.p.s.jwt.JwtAuthenticationFilter - >>> [JwtFilter] Processing request: GET /api/v1/notifications
2026-03-16 16:54:08 [http-nio-8080-exec-10] DEBUG c.c.p.s.jwt.JwtAuthenticationFilter - >>> [JwtFilter] Found token in header for path: /api/v1/notifications
2026-03-16 16:54:08 [http-nio-8080-exec-10] DEBUG o.s.orm.jpa.JpaTransactionManager - Creating new transaction with name [com.company.project.security.iam.CustomUserDetailsService.loadUserByUsername]: PROPAGATION_REQUIRED,ISOLATION_DEFAULT,readOnly
2026-03-16 16:54:08 [http-nio-8080-exec-10] DEBUG o.s.orm.jpa.JpaTransactionManager - Opened new EntityManager [SessionImpl(761409343<open>)] for JPA transaction
2026-03-16 16:54:08 [http-nio-8080-exec-3] DEBUG o.s.orm.jpa.JpaTransactionManager - Closing JPA EntityManager [SessionImpl(828643049<open>)] after transaction
2026-03-16 16:54:08 [http-nio-8080-exec-5] DEBUG o.s.orm.jpa.JpaTransactionManager - Closing JPA EntityManager [SessionImpl(684595634<open>)] after transaction
2026-03-16 16:54:08 [http-nio-8080-exec-3] DEBUG o.s.w.s.m.m.a.HttpEntityMethodProcessor - Using 'application/json', given [application/json, text/plain, */*] and supported [application/json, application/*+json, application/yaml]
2026-03-16 16:54:08 [http-nio-8080-exec-5] DEBUG o.s.w.s.m.m.a.HttpEntityMethodProcessor - Using 'application/json', given [application/json, text/plain, */*] and supported [application/json, application/*+json, application/yaml]
2026-03-16 16:54:08 [http-nio-8080-exec-3] TRACE o.s.w.s.m.m.a.HttpEntityMethodProcessor - Writing [ApiResponse[success=true, status=200, code=COMMON_001, message=Success, data=[], timestamp=2026-03-16T16:54:08.918454900]]
2026-03-16 16:54:08 [http-nio-8080-exec-5] TRACE o.s.w.s.m.m.a.HttpEntityMethodProcessor - Writing [ApiResponse[success=true, status=200, code=COMMON_001, message=Success, data=[], timestamp=2026-03-16T16:54:08.918454900]]
2026-03-16 16:54:08 [http-nio-8080-exec-3] INFO  c.c.p.a.i.OperationalAuditInterceptor - API Audit Log: URL=/api/v1/popups/active, User=webmaster, IP=127.0.0.1
2026-03-16 16:54:08 [http-nio-8080-exec-5] INFO  c.c.p.a.i.OperationalAuditInterceptor - API Audit Log: URL=/api/v1/admin/system/banners/reflected, User=webmaster, IP=127.0.0.1
2026-03-16 16:54:08 [http-nio-8080-exec-3] DEBUG o.s.web.servlet.DispatcherServlet - Completed 200 OK
2026-03-16 16:54:08 [http-nio-8080-exec-5] DEBUG o.s.web.servlet.DispatcherServlet - Completed 200 OK
2026-03-16 16:54:08 [http-nio-8080-exec-6] DEBUG c.c.p.s.jwt.JwtAuthenticationFilter - >>> [JwtFilter] Processing request: GET /api/v1/admin/system/banners/reflected
2026-03-16 16:54:08 [http-nio-8080-exec-6] DEBUG c.c.p.s.jwt.JwtAuthenticationFilter - >>> [JwtFilter] Found token in header for path: /api/v1/admin/system/banners/reflected
2026-03-16 16:54:08 [http-nio-8080-exec-9] DEBUG c.c.p.s.jwt.JwtAuthenticationFilter - >>> [JwtFilter] Processing request: GET /api/v1/popups/active
2026-03-16 16:54:08 [http-nio-8080-exec-9] DEBUG c.c.p.s.jwt.JwtAuthenticationFilter - >>> [JwtFilter] Found token in header for path: /api/v1/popups/active
2026-03-16 16:54:08 [http-nio-8080-exec-6] DEBUG o.s.orm.jpa.JpaTransactionManager - Creating new transaction with name [com.company.project.security.iam.CustomUserDetailsService.loadUserByUsername]: PROPAGATION_REQUIRED,ISOLATION_DEFAULT,readOnly
2026-03-16 16:54:08 [http-nio-8080-exec-6] DEBUG o.s.orm.jpa.JpaTransactionManager - Opened new EntityManager [SessionImpl(53342478<open>)] for JPA transaction
2026-03-16 16:54:08 [http-nio-8080-exec-6] DEBUG o.s.orm.jpa.JpaTransactionManager - Exposing JPA transaction as JDBC [org.springframework.orm.jpa.vendor.HibernateJpaDialect$HibernateConnectionHandle@54562ee9]
2026-03-16 16:54:08 [http-nio-8080-exec-9] DEBUG o.s.orm.jpa.JpaTransactionManager - Creating new transaction with name [com.company.project.security.iam.CustomUserDetailsService.loadUserByUsername]: PROPAGATION_REQUIRED,ISOLATION_DEFAULT,readOnly
2026-03-16 16:54:08 [http-nio-8080-exec-6] DEBUG o.s.orm.jpa.JpaTransactionManager - Found thread-bound EntityManager [SessionImpl(53342478<open>)] for JPA transaction
2026-03-16 16:54:08 [http-nio-8080-exec-9] DEBUG o.s.orm.jpa.JpaTransactionManager - Opened new EntityManager [SessionImpl(1465831937<open>)] for JPA transaction
2026-03-16 16:54:08 [http-nio-8080-exec-6] DEBUG o.s.orm.jpa.JpaTransactionManager - Participating in existing transaction
2026-03-16 16:54:08 [http-nio-8080-exec-9] DEBUG o.s.orm.jpa.JpaTransactionManager - Exposing JPA transaction as JDBC [org.springframework.orm.jpa.vendor.HibernateJpaDialect$HibernateConnectionHandle@68113b18]
2026-03-16 16:54:08 [http-nio-8080-exec-9] DEBUG o.s.orm.jpa.JpaTransactionManager - Found thread-bound EntityManager [SessionImpl(1465831937<open>)] for JPA transaction
2026-03-16 16:54:08 [http-nio-8080-exec-9] DEBUG o.s.orm.jpa.JpaTransactionManager - Participating in existing transaction
2026-03-16 16:54:08 [http-nio-8080-exec-6] DEBUG org.hibernate.SQL - select u1_0.emplyr_id,u1_0.area_no,u1_0.brthdy,u1_0.chg_pwd_cnt,u1_0.frst_register_id,u1_0.frst_regist_pnttm,u1_0.detail_adres,u1_0.email_adres,u1_0.emplyr_sttus_code,u1_0.empl_no,u1_0.esntl_id,u1_0.fxnum,u1_0.group_id,u1_0.house_adres,u1_0.house_end_telno,u1_0.house_middle_telno,u1_0.ihidnum,u1_0.pstinst_code,u1_0.last_updusr_id,u1_0.last_updt_pnttm,u1_0.lock_at,u1_0.lock_cnt,u1_0.lock_last_pnttm,u1_0.mbtlnum,u1_0.ofcps_nm,u1_0.offm_telno,u1_0.orgnzt_id,u1_0.password,u1_0.password_cnsr,u1_0.password_hint,u1_0.chg_pwd_last_pnttm,u1_0.role,u1_0.sbscrb_de,u1_0.sexdstn_code,u1_0.crtfc_dn_value,u1_0.user_nm,u1_0.zip from nemplyrinfo u1_0 where u1_0.emplyr_id=?
2026-03-16 16:54:08 [http-nio-8080-exec-9] DEBUG org.hibernate.SQL - select u1_0.emplyr_id,u1_0.area_no,u1_0.brthdy,u1_0.chg_pwd_cnt,u1_0.frst_register_id,u1_0.frst_regist_pnttm,u1_0.detail_adres,u1_0.email_adres,u1_0.emplyr_sttus_code,u1_0.empl_no,u1_0.esntl_id,u1_0.fxnum,u1_0.group_id,u1_0.house_adres,u1_0.house_end_telno,u1_0.house_middle_telno,u1_0.ihidnum,u1_0.pstinst_code,u1_0.last_updusr_id,u1_0.last_updt_pnttm,u1_0.lock_at,u1_0.lock_cnt,u1_0.lock_last_pnttm,u1_0.mbtlnum,u1_0.ofcps_nm,u1_0.offm_telno,u1_0.orgnzt_id,u1_0.password,u1_0.password_cnsr,u1_0.password_hint,u1_0.chg_pwd_last_pnttm,u1_0.role,u1_0.sbscrb_de,u1_0.sexdstn_code,u1_0.crtfc_dn_value,u1_0.user_nm,u1_0.zip from nemplyrinfo u1_0 where u1_0.emplyr_id=?
2026-03-16 16:54:09 [http-nio-8080-exec-8] DEBUG o.s.orm.jpa.JpaTransactionManager - Found thread-bound EntityManager [SessionImpl(144820858<open>)] for JPA transaction
2026-03-16 16:54:09 [http-nio-8080-exec-8] DEBUG o.s.orm.jpa.JpaTransactionManager - Participating in existing transaction
2026-03-16 16:54:09 [http-nio-8080-exec-8] DEBUG org.hibernate.SQL - select ua1_0.scrty_dtrmn_trget_id,ua1_0.author_code,ua1_0.frst_register_id,ua1_0.frst_regist_pnttm,ua1_0.last_updusr_id,ua1_0.last_updt_pnttm,ua1_0.mber_ty_code from nemplyrscrtyestbs ua1_0 where ua1_0.scrty_dtrmn_trget_id=?
2026-03-16 16:54:09 [http-nio-8080-exec-2] DEBUG o.s.orm.jpa.JpaTransactionManager - Exposing JPA transaction as JDBC [org.springframework.orm.jpa.vendor.HibernateJpaDialect$HibernateConnectionHandle@5bc01aa2]
2026-03-16 16:54:09 [http-nio-8080-exec-7] DEBUG o.s.orm.jpa.JpaTransactionManager - Initiating transaction commit
2026-03-16 16:54:09 [http-nio-8080-exec-2] DEBUG o.s.orm.jpa.JpaTransactionManager - Found thread-bound EntityManager [SessionImpl(476261204<open>)] for JPA transaction
2026-03-16 16:54:09 [http-nio-8080-exec-2] DEBUG o.s.orm.jpa.JpaTransactionManager - Participating in existing transaction
2026-03-16 16:54:09 [http-nio-8080-exec-7] DEBUG o.s.orm.jpa.JpaTransactionManager - Committing JPA transaction on EntityManager [SessionImpl(510437771<open>)]
2026-03-16 16:54:09 [http-nio-8080-exec-2] DEBUG org.hibernate.SQL - select u1_0.emplyr_id,u1_0.area_no,u1_0.brthdy,u1_0.chg_pwd_cnt,u1_0.frst_register_id,u1_0.frst_regist_pnttm,u1_0.detail_adres,u1_0.email_adres,u1_0.emplyr_sttus_code,u1_0.empl_no,u1_0.esntl_id,u1_0.fxnum,u1_0.group_id,u1_0.house_adres,u1_0.house_end_telno,u1_0.house_middle_telno,u1_0.ihidnum,u1_0.pstinst_code,u1_0.last_updusr_id,u1_0.last_updt_pnttm,u1_0.lock_at,u1_0.lock_cnt,u1_0.lock_last_pnttm,u1_0.mbtlnum,u1_0.ofcps_nm,u1_0.offm_telno,u1_0.orgnzt_id,u1_0.password,u1_0.password_cnsr,u1_0.password_hint,u1_0.chg_pwd_last_pnttm,u1_0.role,u1_0.sbscrb_de,u1_0.sexdstn_code,u1_0.crtfc_dn_value,u1_0.user_nm,u1_0.zip from nemplyrinfo u1_0 where u1_0.emplyr_id=?
2026-03-16 16:54:09 [http-nio-8080-exec-10] DEBUG o.s.orm.jpa.JpaTransactionManager - Exposing JPA transaction as JDBC [org.springframework.orm.jpa.vendor.HibernateJpaDialect$HibernateConnectionHandle@4e0ef038]
2026-03-16 16:54:09 [http-nio-8080-exec-10] DEBUG o.s.orm.jpa.JpaTransactionManager - Found thread-bound EntityManager [SessionImpl(761409343<open>)] for JPA transaction
2026-03-16 16:54:09 [http-nio-8080-exec-10] DEBUG o.s.orm.jpa.JpaTransactionManager - Participating in existing transaction
2026-03-16 16:54:09 [http-nio-8080-exec-10] DEBUG org.hibernate.SQL - select u1_0.emplyr_id,u1_0.area_no,u1_0.brthdy,u1_0.chg_pwd_cnt,u1_0.frst_register_id,u1_0.frst_regist_pnttm,u1_0.detail_adres,u1_0.email_adres,u1_0.emplyr_sttus_code,u1_0.empl_no,u1_0.esntl_id,u1_0.fxnum,u1_0.group_id,u1_0.house_adres,u1_0.house_end_telno,u1_0.house_middle_telno,u1_0.ihidnum,u1_0.pstinst_code,u1_0.last_updusr_id,u1_0.last_updt_pnttm,u1_0.lock_at,u1_0.lock_cnt,u1_0.lock_last_pnttm,u1_0.mbtlnum,u1_0.ofcps_nm,u1_0.offm_telno,u1_0.orgnzt_id,u1_0.password,u1_0.password_cnsr,u1_0.password_hint,u1_0.chg_pwd_last_pnttm,u1_0.role,u1_0.sbscrb_de,u1_0.sexdstn_code,u1_0.crtfc_dn_value,u1_0.user_nm,u1_0.zip from nemplyrinfo u1_0 where u1_0.emplyr_id=?
2026-03-16 16:54:09 [http-nio-8080-exec-9] DEBUG o.s.orm.jpa.JpaTransactionManager - Found thread-bound EntityManager [SessionImpl(1465831937<open>)] for JPA transaction
2026-03-16 16:54:09 [http-nio-8080-exec-9] DEBUG o.s.orm.jpa.JpaTransactionManager - Participating in existing transaction
2026-03-16 16:54:09 [http-nio-8080-exec-9] DEBUG org.hibernate.SQL - select ua1_0.scrty_dtrmn_trget_id,ua1_0.author_code,ua1_0.frst_register_id,ua1_0.frst_regist_pnttm,ua1_0.last_updusr_id,ua1_0.last_updt_pnttm,ua1_0.mber_ty_code from nemplyrscrtyestbs ua1_0 where ua1_0.scrty_dtrmn_trget_id=?
2026-03-16 16:54:09 [http-nio-8080-exec-6] DEBUG o.s.orm.jpa.JpaTransactionManager - Found thread-bound EntityManager [SessionImpl(53342478<open>)] for JPA transaction
2026-03-16 16:54:09 [http-nio-8080-exec-6] DEBUG o.s.orm.jpa.JpaTransactionManager - Participating in existing transaction
2026-03-16 16:54:09 [http-nio-8080-exec-6] DEBUG org.hibernate.SQL - select ua1_0.scrty_dtrmn_trget_id,ua1_0.author_code,ua1_0.frst_register_id,ua1_0.frst_regist_pnttm,ua1_0.last_updusr_id,ua1_0.last_updt_pnttm,ua1_0.mber_ty_code from nemplyrscrtyestbs ua1_0 where ua1_0.scrty_dtrmn_trget_id=?
2026-03-16 16:54:09 [http-nio-8080-exec-8] DEBUG o.s.orm.jpa.JpaTransactionManager - Initiating transaction commit
2026-03-16 16:54:09 [http-nio-8080-exec-8] DEBUG o.s.orm.jpa.JpaTransactionManager - Committing JPA transaction on EntityManager [SessionImpl(144820858<open>)]
2026-03-16 16:54:09 [http-nio-8080-exec-2] DEBUG o.s.orm.jpa.JpaTransactionManager - Found thread-bound EntityManager [SessionImpl(476261204<open>)] for JPA transaction
2026-03-16 16:54:09 [http-nio-8080-exec-2] DEBUG o.s.orm.jpa.JpaTransactionManager - Participating in existing transaction
2026-03-16 16:54:09 [http-nio-8080-exec-2] DEBUG org.hibernate.SQL - select ua1_0.scrty_dtrmn_trget_id,ua1_0.author_code,ua1_0.frst_register_id,ua1_0.frst_regist_pnttm,ua1_0.last_updusr_id,ua1_0.last_updt_pnttm,ua1_0.mber_ty_code from nemplyrscrtyestbs ua1_0 where ua1_0.scrty_dtrmn_trget_id=?
2026-03-16 16:54:09 [http-nio-8080-exec-7] DEBUG o.s.orm.jpa.JpaTransactionManager - Closing JPA EntityManager [SessionImpl(510437771<open>)] after transaction
2026-03-16 16:54:09 [http-nio-8080-exec-7] DEBUG c.c.p.s.jwt.JwtAuthenticationFilter - >>> [JwtFilter] Successfully authenticated user: USRCNFRM_99999999999, Authorities: [ROLE_ADMIN]
2026-03-16 16:54:09 [http-nio-8080-exec-7] DEBUG o.s.web.servlet.DispatcherServlet - GET "/api/v1/admin/system/statistics/bbs?statsKind=COM101", parameters={masked}
2026-03-16 16:54:09 [http-nio-8080-exec-7] DEBUG o.s.w.s.h.SimpleUrlHandlerMapping - Mapped to ResourceHttpRequestHandler [classpath [META-INF/resources/], classpath [resources/], classpath [static/], classpath [public/], ServletContext [/]]
2026-03-16 16:54:09 [http-nio-8080-exec-7] DEBUG o.s.w.s.r.ResourceHttpRequestHandler - Resource not found
2026-03-16 16:54:09 [http-nio-8080-exec-7] DEBUG o.s.w.s.m.m.a.ExceptionHandlerExceptionResolver - Using @ExceptionHandler com.company.project.core.exception.GlobalExceptionHandler#handleException(Exception)
2026-03-16 16:54:09 [http-nio-8080-exec-7] ERROR c.c.p.c.e.GlobalExceptionHandler - >>> Internal Server Error: No static resource api/v1/admin/system/statistics/bbs.
org.springframework.web.servlet.resource.NoResourceFoundException: No static resource api/v1/admin/system/statistics/bbs.
	at org.springframework.web.servlet.resource.ResourceHttpRequestHandler.handleRequest(ResourceHttpRequestHandler.java:585)
	at org.springframework.web.servlet.mvc.HttpRequestHandlerAdapter.handle(HttpRequestHandlerAdapter.java:52)
	at org.springframework.web.servlet.DispatcherServlet.doDispatch(DispatcherServlet.java:1088)
	at org.springframework.web.servlet.DispatcherServlet.doService(DispatcherServlet.java:978)
	at org.springframework.web.servlet.FrameworkServlet.processRequest(FrameworkServlet.java:1014)
	at org.springframework.web.servlet.FrameworkServlet.doGet(FrameworkServlet.java:903)
	at jakarta.servlet.http.HttpServlet.service(HttpServlet.java:527)
	at org.springframework.web.servlet.FrameworkServlet.service(FrameworkServlet.java:885)
	at jakarta.servlet.http.HttpServlet.service(HttpServlet.java:614)
	at org.apache.catalina.core.ApplicationFilterChain.internalDoFilter(ApplicationFilterChain.java:195)
	at org.apache.catalina.core.ApplicationFilterChain.doFilter(ApplicationFilterChain.java:140)
	at org.apache.tomcat.websocket.server.WsFilter.doFilter(WsFilter.java:51)
	at org.apache.catalina.core.ApplicationFilterChain.internalDoFilter(ApplicationFilterChain.java:164)
	at org.apache.catalina.core.ApplicationFilterChain.doFilter(ApplicationFilterChain.java:140)
	at org.springframework.web.filter.CompositeFilter$VirtualFilterChain.doFilter(CompositeFilter.java:108)
	at org.springframework.security.web.FilterChainProxy.lambda$doFilterInternal$3(FilterChainProxy.java:231)
	at org.springframework.security.web.ObservationFilterChainDecorator$FilterObservation$SimpleFilterObservation.lambda$wrap$1(ObservationFilterChainDecorator.java:479)
	at org.springframework.security.web.ObservationFilterChainDecorator$AroundFilterObservation$SimpleAroundFilterObservation.lambda$wrap$1(ObservationFilterChainDecorator.java:340)
	at org.springframework.security.web.ObservationFilterChainDecorator.lambda$wrapSecured$0(ObservationFilterChainDecorator.java:82)
	at org.springframework.security.web.ObservationFilterChainDecorator$VirtualFilterChain.doFilter(ObservationFilterChainDecorator.java:128)
	at org.springframework.security.web.access.intercept.AuthorizationFilter.doFilter(AuthorizationFilter.java:101)
	at org.springframework.security.web.ObservationFilterChainDecorator$ObservationFilter.wrapFilter(ObservationFilterChainDecorator.java:240)
	at org.springframework.security.web.ObservationFilterChainDecorator$ObservationFilter.doFilter(ObservationFilterChainDecorator.java:227)
	at org.springframework.security.web.ObservationFilterChainDecorator$VirtualFilterChain.doFilter(ObservationFilterChainDecorator.java:137)
	at org.springframework.security.web.access.ExceptionTranslationFilter.doFilter(ExceptionTranslationFilter.java:126)
	at org.springframework.security.web.access.ExceptionTranslationFilter.doFilter(ExceptionTranslationFilter.java:120)
	at org.springframework.security.web.ObservationFilterChainDecorator$ObservationFilter.wrapFilter(ObservationFilterChainDecorator.java:240)
	at org.springframework.security.web.ObservationFilterChainDecorator$ObservationFilter.doFilter(ObservationFilterChainDecorator.java:227)
	at org.springframework.security.web.ObservationFilterChainDecorator$VirtualFilterChain.doFilter(ObservationFilterChainDecorator.java:137)
	at org.springframework.security.web.session.SessionManagementFilter.doFilter(SessionManagementFilter.java:131)
	at org.springframework.security.web.session.SessionManagementFilter.doFilter(SessionManagementFilter.java:85)
	at org.springframework.security.web.ObservationFilterChainDecorator$ObservationFilter.wrapFilter(ObservationFilterChainDecorator.java:240)
	at org.springframework.security.web.ObservationFilterChainDecorator$ObservationFilter.doFilter(ObservationFilterChainDecorator.java:227)
	at org.springframework.security.web.ObservationFilterChainDecorator$VirtualFilterChain.doFilter(ObservationFilterChainDecorator.java:137)
	at org.springframework.security.web.authentication.AnonymousAuthenticationFilter.doFilter(AnonymousAuthenticationFilter.java:100)
	at org.springframework.security.web.ObservationFilterChainDecorator$ObservationFilter.wrapFilter(ObservationFilterChainDecorator.java:240)
	at org.springframework.security.web.ObservationFilterChainDecorator$ObservationFilter.doFilter(ObservationFilterChainDecorator.java:227)
	at org.springframework.security.web.ObservationFilterChainDecorator$VirtualFilterChain.doFilter(ObservationFilterChainDecorator.java:137)
	at org.springframework.security.web.servletapi.SecurityContextHolderAwareRequestFilter.doFilter(SecurityContextHolderAwareRequestFilter.java:179)
	at org.springframework.security.web.ObservationFilterChainDecorator$ObservationFilter.wrapFilter(ObservationFilterChainDecorator.java:240)
	at org.springframework.security.web.ObservationFilterChainDecorator$ObservationFilter.doFilter(ObservationFilterChainDecorator.java:227)
	at org.springframework.security.web.ObservationFilterChainDecorator$VirtualFilterChain.doFilter(ObservationFilterChainDecorator.java:137)
	at org.springframework.security.web.savedrequest.RequestCacheAwareFilter.doFilter(RequestCacheAwareFilter.java:63)
	at org.springframework.security.web.ObservationFilterChainDecorator$ObservationFilter.wrapFilter(ObservationFilterChainDecorator.java:240)
	at org.springframework.security.web.ObservationFilterChainDecorator$ObservationFilter.doFilter(ObservationFilterChainDecorator.java:227)
	at org.springframework.security.web.ObservationFilterChainDecorator$VirtualFilterChain.doFilter(ObservationFilterChainDecorator.java:137)
	at com.company.project.security.jwt.JwtAuthenticationFilter.doFilterInternal(JwtAuthenticationFilter.java:52)
	at org.springframework.web.filter.OncePerRequestFilter.doFilter(OncePerRequestFilter.java:116)
	at org.springframework.security.web.ObservationFilterChainDecorator$ObservationFilter.wrapFilter(ObservationFilterChainDecorator.java:240)
	at org.springframework.security.web.ObservationFilterChainDecorator$ObservationFilter.doFilter(ObservationFilterChainDecorator.java:227)
	at org.springframework.security.web.ObservationFilterChainDecorator$VirtualFilterChain.doFilter(ObservationFilterChainDecorator.java:137)
	at org.springframework.security.web.authentication.logout.LogoutFilter.doFilter(LogoutFilter.java:107)
	at org.springframework.security.web.authentication.logout.LogoutFilter.doFilter(LogoutFilter.java:93)
	at org.springframework.security.web.ObservationFilterChainDecorator$ObservationFilter.wrapFilter(ObservationFilterChainDecorator.java:240)
	at org.springframework.security.web.ObservationFilterChainDecorator$ObservationFilter.doFilter(ObservationFilterChainDecorator.java:227)
	at org.springframework.security.web.ObservationFilterChainDecorator$VirtualFilterChain.doFilter(ObservationFilterChainDecorator.java:137)
	at org.springframework.web.filter.CorsFilter.doFilterInternal(CorsFilter.java:91)
	at org.springframework.web.filter.OncePerRequestFilter.doFilter(OncePerRequestFilter.java:116)
	at org.springframework.security.web.ObservationFilterChainDecorator$ObservationFilter.wrapFilter(ObservationFilterChainDecorator.java:240)
	at org.springframework.security.web.ObservationFilterChainDecorator$ObservationFilter.doFilter(ObservationFilterChainDecorator.java:227)
	at org.springframework.security.web.ObservationFilterChainDecorator$VirtualFilterChain.doFilter(ObservationFilterChainDecorator.java:137)
	at org.springframework.security.web.header.HeaderWriterFilter.doHeadersAfter(HeaderWriterFilter.java:90)
	at org.springframework.security.web.header.HeaderWriterFilter.doFilterInternal(HeaderWriterFilter.java:75)
	at org.springframework.web.filter.OncePerRequestFilter.doFilter(OncePerRequestFilter.java:116)
	at org.springframework.security.web.ObservationFilterChainDecorator$ObservationFilter.wrapFilter(ObservationFilterChainDecorator.java:240)
	at org.springframework.security.web.ObservationFilterChainDecorator$ObservationFilter.doFilter(ObservationFilterChainDecorator.java:227)
	at org.springframework.security.web.ObservationFilterChainDecorator$VirtualFilterChain.doFilter(ObservationFilterChainDecorator.java:137)
	at org.springframework.security.web.context.SecurityContextHolderFilter.doFilter(SecurityContextHolderFilter.java:82)
	at org.springframework.security.web.context.SecurityContextHolderFilter.doFilter(SecurityContextHolderFilter.java:69)
	at org.springframework.security.web.ObservationFilterChainDecorator$ObservationFilter.wrapFilter(ObservationFilterChainDecorator.java:240)
	at org.springframework.security.web.ObservationFilterChainDecorator$ObservationFilter.doFilter(ObservationFilterChainDecorator.java:227)
	at org.springframework.security.web.ObservationFilterChainDecorator$VirtualFilterChain.doFilter(ObservationFilterChainDecorator.java:137)
	at org.springframework.security.web.context.request.async.WebAsyncManagerIntegrationFilter.doFilterInternal(WebAsyncManagerIntegrationFilter.java:62)
	at org.springframework.web.filter.OncePerRequestFilter.doFilter(OncePerRequestFilter.java:116)
	at org.springframework.security.web.ObservationFilterChainDecorator$ObservationFilter.wrapFilter(ObservationFilterChainDecorator.java:240)
	at org.springframework.security.web.ObservationFilterChainDecorator$ObservationFilter.doFilter(ObservationFilterChainDecorator.java:227)
	at org.springframework.security.web.ObservationFilterChainDecorator$VirtualFilterChain.doFilter(ObservationFilterChainDecorator.java:137)
	at org.springframework.security.web.session.DisableEncodeUrlFilter.doFilterInternal(DisableEncodeUrlFilter.java:42)
	at org.springframework.web.filter.OncePerRequestFilter.doFilter(OncePerRequestFilter.java:116)
	at org.springframework.security.web.ObservationFilterChainDecorator$ObservationFilter.wrapFilter(ObservationFilterChainDecorator.java:240)
	at org.springframework.security.web.ObservationFilterChainDecorator$AroundFilterObservation$SimpleAroundFilterObservation.lambda$wrap$0(ObservationFilterChainDecorator.java:323)
	at org.springframework.security.web.ObservationFilterChainDecorator$ObservationFilter.doFilter(ObservationFilterChainDecorator.java:224)
	at org.springframework.security.web.ObservationFilterChainDecorator$VirtualFilterChain.doFilter(ObservationFilterChainDecorator.java:137)
	at org.springframework.security.web.FilterChainProxy.doFilterInternal(FilterChainProxy.java:233)
	at org.springframework.security.web.FilterChainProxy.doFilter(FilterChainProxy.java:191)
	at org.springframework.web.filter.CompositeFilter$VirtualFilterChain.doFilter(CompositeFilter.java:113)
	at org.springframework.web.servlet.handler.HandlerMappingIntrospector.lambda$createCacheFilter$3(HandlerMappingIntrospector.java:243)
	at org.springframework.web.filter.CompositeFilter$VirtualFilterChain.doFilter(CompositeFilter.java:113)
	at org.springframework.web.filter.CompositeFilter.doFilter(CompositeFilter.java:74)
	at org.springframework.security.config.annotation.web.configuration.WebMvcSecurityConfiguration$CompositeFilterChainProxy.doFilter(WebMvcSecurityConfiguration.java:238)
	at org.springframework.web.filter.DelegatingFilterProxy.invokeDelegate(DelegatingFilterProxy.java:362)
	at org.springframework.web.filter.DelegatingFilterProxy.doFilter(DelegatingFilterProxy.java:278)
	at org.apache.catalina.core.ApplicationFilterChain.internalDoFilter(ApplicationFilterChain.java:164)
	at org.apache.catalina.core.ApplicationFilterChain.doFilter(ApplicationFilterChain.java:140)
	at org.springframework.web.filter.RequestContextFilter.doFilterInternal(RequestContextFilter.java:100)
	at org.springframework.web.filter.OncePerRequestFilter.doFilter(OncePerRequestFilter.java:116)
	at org.apache.catalina.core.ApplicationFilterChain.internalDoFilter(ApplicationFilterChain.java:164)
	at org.apache.catalina.core.ApplicationFilterChain.doFilter(ApplicationFilterChain.java:140)
	at org.springframework.web.filter.FormContentFilter.doFilterInternal(FormContentFilter.java:93)
	at org.springframework.web.filter.OncePerRequestFilter.doFilter(OncePerRequestFilter.java:116)
	at org.apache.catalina.core.ApplicationFilterChain.internalDoFilter(ApplicationFilterChain.java:164)
	at org.apache.catalina.core.ApplicationFilterChain.doFilter(ApplicationFilterChain.java:140)
	at org.springframework.web.filter.ServerHttpObservationFilter.doFilterInternal(ServerHttpObservationFilter.java:114)
	at org.springframework.web.filter.OncePerRequestFilter.doFilter(OncePerRequestFilter.java:116)
	at org.apache.catalina.core.ApplicationFilterChain.internalDoFilter(ApplicationFilterChain.java:164)
	at org.apache.catalina.core.ApplicationFilterChain.doFilter(ApplicationFilterChain.java:140)
	at org.springframework.web.filter.CharacterEncodingFilter.doFilterInternal(CharacterEncodingFilter.java:201)
	at org.springframework.web.filter.OncePerRequestFilter.doFilter(OncePerRequestFilter.java:116)
	at org.apache.catalina.core.ApplicationFilterChain.internalDoFilter(ApplicationFilterChain.java:164)
	at org.apache.catalina.core.ApplicationFilterChain.doFilter(ApplicationFilterChain.java:140)
	at org.apache.catalina.core.StandardWrapperValve.invoke(StandardWrapperValve.java:167)
	at org.apache.catalina.core.StandardContextValve.invoke(StandardContextValve.java:90)
	at org.apache.catalina.authenticator.AuthenticatorBase.invoke(AuthenticatorBase.java:483)
	at org.apache.catalina.core.StandardHostValve.invoke(StandardHostValve.java:115)
	at org.apache.catalina.valves.ErrorReportValve.invoke(ErrorReportValve.java:93)
	at org.apache.catalina.core.StandardEngineValve.invoke(StandardEngineValve.java:74)
	at org.apache.catalina.connector.CoyoteAdapter.service(CoyoteAdapter.java:344)
	at org.apache.coyote.http11.Http11Processor.service(Http11Processor.java:397)
	at org.apache.coyote.AbstractProcessorLight.process(AbstractProcessorLight.java:63)
	at org.apache.coyote.AbstractProtocol$ConnectionHandler.process(AbstractProtocol.java:905)
	at org.apache.tomcat.util.net.NioEndpoint$SocketProcessor.doRun(NioEndpoint.java:1741)
	at org.apache.tomcat.util.net.SocketProcessorBase.run(SocketProcessorBase.java:52)
	at org.apache.tomcat.util.threads.ThreadPoolExecutor.runWorker(ThreadPoolExecutor.java:1190)
	at org.apache.tomcat.util.threads.ThreadPoolExecutor$Worker.run(ThreadPoolExecutor.java:659)
	at org.apache.tomcat.util.threads.TaskThread$WrappingRunnable.run(TaskThread.java:63)
	at java.base/java.lang.Thread.run(Thread.java:1583)
2026-03-16 16:54:09 [http-nio-8080-exec-7] DEBUG o.s.w.s.m.m.a.HttpEntityMethodProcessor - Using 'application/json', given [application/json, text/plain, */*] and supported [application/json, application/*+json, application/yaml]
2026-03-16 16:54:09 [http-nio-8080-exec-7] TRACE o.s.w.s.m.m.a.HttpEntityMethodProcessor - Writing [ApiResponse[success=false, status=500, code=C004, message=예기치 않은 서버 오류가 발생했습니다., data=null, timestamp=2026-03-16T16:54:09.202160900]]
2026-03-16 16:54:09 [http-nio-8080-exec-7] DEBUG o.s.w.s.m.m.a.ExceptionHandlerExceptionResolver - Resolved [org.springframework.web.servlet.resource.NoResourceFoundException: No static resource api/v1/admin/system/statistics/bbs.]
2026-03-16 16:54:09 [http-nio-8080-exec-7] DEBUG o.s.web.servlet.DispatcherServlet - Completed 500 INTERNAL_SERVER_ERROR
2026-03-16 16:54:09 [http-nio-8080-exec-10] DEBUG o.s.orm.jpa.JpaTransactionManager - Found thread-bound EntityManager [SessionImpl(761409343<open>)] for JPA transaction
2026-03-16 16:54:09 [http-nio-8080-exec-10] DEBUG o.s.orm.jpa.JpaTransactionManager - Participating in existing transaction
2026-03-16 16:54:09 [http-nio-8080-exec-10] DEBUG org.hibernate.SQL - select ua1_0.scrty_dtrmn_trget_id,ua1_0.author_code,ua1_0.frst_register_id,ua1_0.frst_regist_pnttm,ua1_0.last_updusr_id,ua1_0.last_updt_pnttm,ua1_0.mber_ty_code from nemplyrscrtyestbs ua1_0 where ua1_0.scrty_dtrmn_trget_id=?
2026-03-16 16:54:09 [http-nio-8080-exec-9] DEBUG o.s.orm.jpa.JpaTransactionManager - Initiating transaction commit
2026-03-16 16:54:09 [http-nio-8080-exec-9] DEBUG o.s.orm.jpa.JpaTransactionManager - Committing JPA transaction on EntityManager [SessionImpl(1465831937<open>)]
2026-03-16 16:54:09 [http-nio-8080-exec-6] DEBUG o.s.orm.jpa.JpaTransactionManager - Initiating transaction commit
2026-03-16 16:54:09 [http-nio-8080-exec-6] DEBUG o.s.orm.jpa.JpaTransactionManager - Committing JPA transaction on EntityManager [SessionImpl(53342478<open>)]
2026-03-16 16:54:09 [http-nio-8080-exec-8] DEBUG o.s.orm.jpa.JpaTransactionManager - Closing JPA EntityManager [SessionImpl(144820858<open>)] after transaction
2026-03-16 16:54:09 [http-nio-8080-exec-8] DEBUG c.c.p.s.jwt.JwtAuthenticationFilter - >>> [JwtFilter] Successfully authenticated user: USRCNFRM_99999999999, Authorities: [ROLE_ADMIN]
2026-03-16 16:54:09 [http-nio-8080-exec-8] DEBUG o.s.web.servlet.DispatcherServlet - GET "/api/v1/menu/left?menuNo=20", parameters={masked}
2026-03-16 16:54:09 [http-nio-8080-exec-8] TRACE o.s.w.s.m.m.a.RequestMappingHandlerMapping - Mapped to com.company.project.api.controller.menu.MenuController#getLeftMenu(Long)
2026-03-16 16:54:09 [http-nio-8080-exec-8] INFO  c.c.p.a.c.menu.MenuController - getLeftMenu called with menuNo=20
2026-03-16 16:54:09 [http-nio-8080-exec-8] DEBUG o.s.orm.jpa.JpaTransactionManager - Creating new transaction with name [com.company.project.service.menu.MenuService.getSubMenus]: PROPAGATION_REQUIRED,ISOLATION_DEFAULT,readOnly
2026-03-16 16:54:09 [http-nio-8080-exec-8] DEBUG o.s.orm.jpa.JpaTransactionManager - Opened new EntityManager [SessionImpl(772206037<open>)] for JPA transaction
2026-03-16 16:54:09 [http-nio-8080-exec-8] DEBUG o.s.orm.jpa.JpaTransactionManager - Exposing JPA transaction as JDBC [org.springframework.orm.jpa.vendor.HibernateJpaDialect$HibernateConnectionHandle@36c9a5d9]
2026-03-16 16:54:09 [http-nio-8080-exec-8] DEBUG org.hibernate.SQL - select m1_0.menu_no,m1_0.menu_dc,m1_0.menu_nm,m1_0.menu_ordr,m1_0.modern_route,m1_0.progrm_file_nm,m1_0.relate_image_nm,m1_0.relate_image_path,m1_0.route_updated_at,m1_0.upper_menu_no from nmenuinfo m1_0 order by m1_0.upper_menu_no,m1_0.menu_ordr
2026-03-16 16:54:09 [http-nio-8080-exec-2] DEBUG o.s.orm.jpa.JpaTransactionManager - Initiating transaction commit
2026-03-16 16:54:09 [http-nio-8080-exec-2] DEBUG o.s.orm.jpa.JpaTransactionManager - Committing JPA transaction on EntityManager [SessionImpl(476261204<open>)]
2026-03-16 16:54:09 [http-nio-8080-exec-10] DEBUG o.s.orm.jpa.JpaTransactionManager - Initiating transaction commit
2026-03-16 16:54:09 [http-nio-8080-exec-10] DEBUG o.s.orm.jpa.JpaTransactionManager - Committing JPA transaction on EntityManager [SessionImpl(761409343<open>)]
2026-03-16 16:54:09 [http-nio-8080-exec-9] DEBUG o.s.orm.jpa.JpaTransactionManager - Closing JPA EntityManager [SessionImpl(1465831937<open>)] after transaction
2026-03-16 16:54:09 [http-nio-8080-exec-9] DEBUG c.c.p.s.jwt.JwtAuthenticationFilter - >>> [JwtFilter] Successfully authenticated user: USRCNFRM_99999999999, Authorities: [ROLE_ADMIN]
2026-03-16 16:54:09 [http-nio-8080-exec-9] DEBUG o.s.web.servlet.DispatcherServlet - GET "/api/v1/popups/active", parameters={}
2026-03-16 16:54:09 [http-nio-8080-exec-9] TRACE o.s.w.s.m.m.a.RequestMappingHandlerMapping - Mapped to com.company.project.api.controller.system.content.popup.PopupController#getActivePopups()
2026-03-16 16:54:09 [http-nio-8080-exec-9] DEBUG o.s.orm.jpa.JpaTransactionManager - Creating new transaction with name [com.company.project.service.system.content.popup.PopupServiceImpl.getActivePopups]: PROPAGATION_REQUIRED,ISOLATION_DEFAULT,readOnly
2026-03-16 16:54:09 [http-nio-8080-exec-9] DEBUG o.s.orm.jpa.JpaTransactionManager - Opened new EntityManager [SessionImpl(654122648<open>)] for JPA transaction
2026-03-16 16:54:09 [http-nio-8080-exec-9] DEBUG o.s.orm.jpa.JpaTransactionManager - Exposing JPA transaction as JDBC [org.springframework.orm.jpa.vendor.HibernateJpaDialect$HibernateConnectionHandle@6df1169a]
2026-03-16 16:54:09 [http-nio-8080-exec-9] DEBUG org.hibernate.SQL - select p1_0.popup_id,p1_0.frst_register_id,p1_0.frst_regist_pnttm,p1_0.file_url,p1_0.ntce_at,p1_0.stopvew_setup_at,p1_0.last_updusr_id,p1_0.last_updt_pnttm,p1_0.ntce_bgnde,p1_0.ntce_endde,p1_0.popup_vrticl_lc,p1_0.popup_vrticl_size,p1_0.popup_sj_nm,p1_0.popup_width_lc,p1_0.popup_width_size from npopupmanage p1_0 where p1_0.ntce_at='Y' and ? between p1_0.ntce_bgnde and p1_0.ntce_endde
2026-03-16 16:54:09 [http-nio-8080-exec-6] DEBUG o.s.orm.jpa.JpaTransactionManager - Closing JPA EntityManager [SessionImpl(53342478<open>)] after transaction
2026-03-16 16:54:09 [http-nio-8080-exec-6] DEBUG c.c.p.s.jwt.JwtAuthenticationFilter - >>> [JwtFilter] Successfully authenticated user: USRCNFRM_99999999999, Authorities: [ROLE_ADMIN]
2026-03-16 16:54:09 [http-nio-8080-exec-6] DEBUG o.s.web.servlet.DispatcherServlet - GET "/api/v1/admin/system/banners/reflected", parameters={}
2026-03-16 16:54:09 [http-nio-8080-exec-6] TRACE o.s.w.s.m.m.a.RequestMappingHandlerMapping - Mapped to com.company.project.api.controller.system.content.banner.BannerApiController#getReflectedBanners()
2026-03-16 16:54:09 [http-nio-8080-exec-6] DEBUG o.s.orm.jpa.JpaTransactionManager - Creating new transaction with name [com.company.project.service.system.content.banner.BannerService.getReflectedBanners]: PROPAGATION_REQUIRED,ISOLATION_DEFAULT,readOnly
2026-03-16 16:54:09 [http-nio-8080-exec-6] DEBUG o.s.orm.jpa.JpaTransactionManager - Opened new EntityManager [SessionImpl(1768434067<open>)] for JPA transaction
2026-03-16 16:54:09 [http-nio-8080-exec-6] DEBUG o.s.orm.jpa.JpaTransactionManager - Exposing JPA transaction as JDBC [org.springframework.orm.jpa.vendor.HibernateJpaDialect$HibernateConnectionHandle@7db9d32d]
2026-03-16 16:54:09 [http-nio-8080-exec-6] DEBUG org.hibernate.SQL - select b1_0.banner_id,b1_0.banner_dc,b1_0.banner_image,b1_0.banner_image_file,b1_0.banner_nm,b1_0.frst_register_id,b1_0.frst_regist_pnttm,b1_0.last_updusr_id,b1_0.last_updt_pnttm,b1_0.link_url,b1_0.reflct_at,b1_0.sort_ordr from nbanner b1_0 where b1_0.reflct_at=? order by b1_0.sort_ordr
2026-03-16 16:54:09 [http-nio-8080-exec-2] DEBUG o.s.orm.jpa.JpaTransactionManager - Closing JPA EntityManager [SessionImpl(476261204<open>)] after transaction
2026-03-16 16:54:09 [http-nio-8080-exec-2] DEBUG c.c.p.s.jwt.JwtAuthenticationFilter - >>> [JwtFilter] Successfully authenticated user: USRCNFRM_99999999999, Authorities: [ROLE_ADMIN]
2026-03-16 16:54:09 [http-nio-8080-exec-2] DEBUG o.s.web.servlet.DispatcherServlet - GET "/api/v1/notifications/unread-count", parameters={}
2026-03-16 16:54:09 [http-nio-8080-exec-2] TRACE o.s.w.s.m.m.a.RequestMappingHandlerMapping - Mapped to com.company.project.api.controller.notification.NotificationController#getUnreadCount(UserDetails)
2026-03-16 16:54:09 [http-nio-8080-exec-2] DEBUG o.s.orm.jpa.JpaTransactionManager - Creating new transaction with name [com.company.project.service.notification.NotificationService.getUnreadCount]: PROPAGATION_REQUIRED,ISOLATION_DEFAULT,readOnly
2026-03-16 16:54:09 [http-nio-8080-exec-2] DEBUG o.s.orm.jpa.JpaTransactionManager - Opened new EntityManager [SessionImpl(855114297<open>)] for JPA transaction
2026-03-16 16:54:09 [http-nio-8080-exec-2] DEBUG o.s.orm.jpa.JpaTransactionManager - Exposing JPA transaction as JDBC [org.springframework.orm.jpa.vendor.HibernateJpaDialect$HibernateConnectionHandle@5ec970b7]
2026-03-16 16:54:09 [http-nio-8080-exec-2] DEBUG org.hibernate.SQL - select count(n1_0.ntcn_no) from n_user_notification n1_0 where n1_0.receiver_id=? and n1_0.is_read=?
2026-03-16 16:54:09 [http-nio-8080-exec-10] DEBUG o.s.orm.jpa.JpaTransactionManager - Closing JPA EntityManager [SessionImpl(761409343<open>)] after transaction
2026-03-16 16:54:09 [http-nio-8080-exec-10] DEBUG c.c.p.s.jwt.JwtAuthenticationFilter - >>> [JwtFilter] Successfully authenticated user: USRCNFRM_99999999999, Authorities: [ROLE_ADMIN]
2026-03-16 16:54:09 [http-nio-8080-exec-10] DEBUG o.s.web.servlet.DispatcherServlet - GET "/api/v1/notifications", parameters={}
2026-03-16 16:54:09 [http-nio-8080-exec-10] TRACE o.s.w.s.m.m.a.RequestMappingHandlerMapping - Mapped to com.company.project.api.controller.notification.NotificationController#getMyNotifications(UserDetails)
2026-03-16 16:54:09 [http-nio-8080-exec-10] DEBUG o.s.orm.jpa.JpaTransactionManager - Creating new transaction with name [com.company.project.service.notification.NotificationService.getActiveNotifications]: PROPAGATION_REQUIRED,ISOLATION_DEFAULT,readOnly
2026-03-16 16:54:09 [http-nio-8080-exec-10] DEBUG o.s.orm.jpa.JpaTransactionManager - Opened new EntityManager [SessionImpl(305234178<open>)] for JPA transaction
2026-03-16 16:54:09 [http-nio-8080-exec-10] DEBUG o.s.orm.jpa.JpaTransactionManager - Exposing JPA transaction as JDBC [org.springframework.orm.jpa.vendor.HibernateJpaDialect$HibernateConnectionHandle@119f8fbc]
2026-03-16 16:54:09 [http-nio-8080-exec-10] DEBUG o.s.orm.jpa.JpaTransactionManager - Found thread-bound EntityManager [SessionImpl(305234178<open>)] for JPA transaction
2026-03-16 16:54:09 [http-nio-8080-exec-10] DEBUG o.s.orm.jpa.JpaTransactionManager - Participating in existing transaction
2026-03-16 16:54:09 [http-nio-8080-exec-10] DEBUG org.hibernate.SQL - select n1_0.ntcn_no,n1_0.frst_register_id,n1_0.frst_regist_pnttm,n1_0.is_read,n1_0.last_updusr_id,n1_0.last_updt_pnttm,n1_0.link_url,n1_0.ntcn_cn,n1_0.ntcn_sj,n1_0.receiver_id from n_user_notification n1_0
2026-03-16 16:54:09 [http-nio-8080-exec-9] DEBUG o.s.orm.jpa.JpaTransactionManager - Initiating transaction commit
2026-03-16 16:54:09 [http-nio-8080-exec-9] DEBUG o.s.orm.jpa.JpaTransactionManager - Committing JPA transaction on EntityManager [SessionImpl(654122648<open>)]
2026-03-16 16:54:09 [http-nio-8080-exec-6] DEBUG o.s.orm.jpa.JpaTransactionManager - Initiating transaction commit
2026-03-16 16:54:09 [http-nio-8080-exec-6] DEBUG o.s.orm.jpa.JpaTransactionManager - Committing JPA transaction on EntityManager [SessionImpl(1768434067<open>)]
2026-03-16 16:54:09 [http-nio-8080-exec-8] DEBUG o.s.orm.jpa.JpaTransactionManager - Found thread-bound EntityManager [SessionImpl(772206037<open>)] for JPA transaction
2026-03-16 16:54:09 [http-nio-8080-exec-8] DEBUG o.s.orm.jpa.JpaTransactionManager - Participating in existing transaction
2026-03-16 16:54:09 [http-nio-8080-exec-8] DEBUG org.hibernate.SQL - select p1_0.progrm_file_nm,p1_0.progrm_dc,p1_0.progrm_korean_nm,p1_0.progrm_stre_path,p1_0.url from nprogrmlist p1_0
2026-03-16 16:54:09 [http-nio-8080-exec-2] DEBUG o.s.orm.jpa.JpaTransactionManager - Initiating transaction commit
2026-03-16 16:54:09 [http-nio-8080-exec-2] DEBUG o.s.orm.jpa.JpaTransactionManager - Committing JPA transaction on EntityManager [SessionImpl(855114297<open>)]
2026-03-16 16:54:09 [http-nio-8080-exec-9] DEBUG o.s.orm.jpa.JpaTransactionManager - Closing JPA EntityManager [SessionImpl(654122648<open>)] after transaction
2026-03-16 16:54:09 [http-nio-8080-exec-10] DEBUG o.s.orm.jpa.JpaTransactionManager - Initiating transaction commit
2026-03-16 16:54:09 [http-nio-8080-exec-10] DEBUG o.s.orm.jpa.JpaTransactionManager - Committing JPA transaction on EntityManager [SessionImpl(305234178<open>)]
2026-03-16 16:54:09 [http-nio-8080-exec-9] DEBUG o.s.w.s.m.m.a.HttpEntityMethodProcessor - Using 'application/json', given [application/json, text/plain, */*] and supported [application/json, application/*+json, application/yaml]
2026-03-16 16:54:09 [http-nio-8080-exec-9] TRACE o.s.w.s.m.m.a.HttpEntityMethodProcessor - Writing [ApiResponse[success=true, status=200, code=COMMON_001, message=Success, data=[], timestamp=2026-03-16T16:54:09.689804700]]
2026-03-16 16:54:09 [http-nio-8080-exec-9] INFO  c.c.p.a.i.OperationalAuditInterceptor - API Audit Log: URL=/api/v1/popups/active, User=webmaster, IP=127.0.0.1
2026-03-16 16:54:09 [http-nio-8080-exec-9] DEBUG o.s.web.servlet.DispatcherServlet - Completed 200 OK
2026-03-16 16:54:09 [http-nio-8080-exec-1] DEBUG c.c.p.s.jwt.JwtAuthenticationFilter - >>> [JwtFilter] Processing request: GET /api/v1/admin/system/statistics/connect
2026-03-16 16:54:09 [http-nio-8080-exec-1] DEBUG c.c.p.s.jwt.JwtAuthenticationFilter - >>> [JwtFilter] Found token in header for path: /api/v1/admin/system/statistics/connect
2026-03-16 16:54:09 [http-nio-8080-exec-1] DEBUG o.s.orm.jpa.JpaTransactionManager - Creating new transaction with name [com.company.project.security.iam.CustomUserDetailsService.loadUserByUsername]: PROPAGATION_REQUIRED,ISOLATION_DEFAULT,readOnly
2026-03-16 16:54:09 [http-nio-8080-exec-1] DEBUG o.s.orm.jpa.JpaTransactionManager - Opened new EntityManager [SessionImpl(435389456<open>)] for JPA transaction
2026-03-16 16:54:09 [http-nio-8080-exec-6] DEBUG o.s.orm.jpa.JpaTransactionManager - Closing JPA EntityManager [SessionImpl(1768434067<open>)] after transaction
2026-03-16 16:54:09 [http-nio-8080-exec-6] DEBUG o.s.w.s.m.m.a.HttpEntityMethodProcessor - Using 'application/json', given [application/json, text/plain, */*] and supported [application/json, application/*+json, application/yaml]
2026-03-16 16:54:09 [http-nio-8080-exec-6] TRACE o.s.w.s.m.m.a.HttpEntityMethodProcessor - Writing [ApiResponse[success=true, status=200, code=COMMON_001, message=Success, data=[], timestamp=2026-03-16T16:54:09.716952700]]
2026-03-16 16:54:09 [http-nio-8080-exec-6] INFO  c.c.p.a.i.OperationalAuditInterceptor - API Audit Log: URL=/api/v1/admin/system/banners/reflected, User=webmaster, IP=127.0.0.1
2026-03-16 16:54:09 [http-nio-8080-exec-6] DEBUG o.s.web.servlet.DispatcherServlet - Completed 200 OK
2026-03-16 16:54:09 [http-nio-8080-exec-8] DEBUG o.s.orm.jpa.JpaTransactionManager - Initiating transaction commit
2026-03-16 16:54:09 [http-nio-8080-exec-8] DEBUG o.s.orm.jpa.JpaTransactionManager - Committing JPA transaction on EntityManager [SessionImpl(772206037<open>)]
2026-03-16 16:54:09 [http-nio-8080-exec-2] DEBUG o.s.orm.jpa.JpaTransactionManager - Closing JPA EntityManager [SessionImpl(855114297<open>)] after transaction
2026-03-16 16:54:09 [http-nio-8080-exec-2] DEBUG o.s.w.s.m.m.a.HttpEntityMethodProcessor - Using 'application/json', given [application/json, text/plain, */*] and supported [application/json, application/*+json, application/yaml]
2026-03-16 16:54:09 [http-nio-8080-exec-2] TRACE o.s.w.s.m.m.a.HttpEntityMethodProcessor - Writing [ApiResponse[success=true, status=200, code=COMMON_001, message=Success, data=0, timestamp=2026-03-16T16:54:09.799597]]
2026-03-16 16:54:09 [http-nio-8080-exec-2] INFO  c.c.p.a.i.OperationalAuditInterceptor - API Audit Log: URL=/api/v1/notifications/unread-count, User=webmaster, IP=127.0.0.1
2026-03-16 16:54:09 [http-nio-8080-exec-2] DEBUG o.s.web.servlet.DispatcherServlet - Completed 200 OK
2026-03-16 16:54:09 [http-nio-8080-exec-10] DEBUG o.s.orm.jpa.JpaTransactionManager - Closing JPA EntityManager [SessionImpl(305234178<open>)] after transaction
2026-03-16 16:54:09 [http-nio-8080-exec-10] DEBUG o.s.w.s.m.m.a.HttpEntityMethodProcessor - Using 'application/json', given [application/json, text/plain, */*] and supported [application/json, application/*+json, application/yaml]
2026-03-16 16:54:09 [http-nio-8080-exec-10] TRACE o.s.w.s.m.m.a.HttpEntityMethodProcessor - Writing [ApiResponse[success=true, status=200, code=COMMON_001, message=Success, data=[NotificationDto(ntfcNo=NT001, ntfcSj=테스트 알림입니다, ntfcCn=알림 내용입니다, ntfcDate=null, ntfcTime=2026-02-25T00:59:33.784070, bhNtfcIntrvl=null, uniqId=null, frstRegisterId=null, frstRegisterPnttm=2026-02-25T00:59:33.784070, lastUpdusrId=null, lastUpdusrPnttm=null)], timestamp=2026-03-16T16:54:09.844920900]]
2026-03-16 16:54:09 [http-nio-8080-exec-10] INFO  c.c.p.a.i.OperationalAuditInterceptor - API Audit Log: URL=/api/v1/notifications, User=webmaster, IP=127.0.0.1
2026-03-16 16:54:09 [http-nio-8080-exec-10] DEBUG o.s.web.servlet.DispatcherServlet - Completed 200 OK
2026-03-16 16:54:09 [http-nio-8080-exec-1] DEBUG o.s.orm.jpa.JpaTransactionManager - Exposing JPA transaction as JDBC [org.springframework.orm.jpa.vendor.HibernateJpaDialect$HibernateConnectionHandle@5b195746]
2026-03-16 16:54:09 [http-nio-8080-exec-1] DEBUG o.s.orm.jpa.JpaTransactionManager - Found thread-bound EntityManager [SessionImpl(435389456<open>)] for JPA transaction
2026-03-16 16:54:09 [http-nio-8080-exec-1] DEBUG o.s.orm.jpa.JpaTransactionManager - Participating in existing transaction
2026-03-16 16:54:09 [http-nio-8080-exec-1] DEBUG org.hibernate.SQL - select u1_0.emplyr_id,u1_0.area_no,u1_0.brthdy,u1_0.chg_pwd_cnt,u1_0.frst_register_id,u1_0.frst_regist_pnttm,u1_0.detail_adres,u1_0.email_adres,u1_0.emplyr_sttus_code,u1_0.empl_no,u1_0.esntl_id,u1_0.fxnum,u1_0.group_id,u1_0.house_adres,u1_0.house_end_telno,u1_0.house_middle_telno,u1_0.ihidnum,u1_0.pstinst_code,u1_0.last_updusr_id,u1_0.last_updt_pnttm,u1_0.lock_at,u1_0.lock_cnt,u1_0.lock_last_pnttm,u1_0.mbtlnum,u1_0.ofcps_nm,u1_0.offm_telno,u1_0.orgnzt_id,u1_0.password,u1_0.password_cnsr,u1_0.password_hint,u1_0.chg_pwd_last_pnttm,u1_0.role,u1_0.sbscrb_de,u1_0.sexdstn_code,u1_0.crtfc_dn_value,u1_0.user_nm,u1_0.zip from nemplyrinfo u1_0 where u1_0.emplyr_id=?
2026-03-16 16:54:09 [http-nio-8080-exec-8] DEBUG o.s.orm.jpa.JpaTransactionManager - Closing JPA EntityManager [SessionImpl(772206037<open>)] after transaction
2026-03-16 16:54:09 [http-nio-8080-exec-8] INFO  c.c.p.a.c.menu.MenuController - getLeftMenu returned 3 items
2026-03-16 16:54:09 [http-nio-8080-exec-8] DEBUG o.s.w.s.m.m.a.HttpEntityMethodProcessor - Using 'application/json', given [application/json, text/plain, */*] and supported [application/json, application/*+json, application/yaml]
2026-03-16 16:54:09 [http-nio-8080-exec-8] TRACE o.s.w.s.m.m.a.HttpEntityMethodProcessor - Writing [ApiResponse[success=true, status=200, code=COMMON_001, message=Success, data={list=[com.company.project.service.menu.dto.MenuDto@377bc584, com.company.project.service.menu.dto.MenuDto@6038b364, com.company.project.service.menu.dto.MenuDto@488701bd]}, timestamp=2026-03-16T16:54:09.945622700]]
2026-03-16 16:54:09 [http-nio-8080-exec-8] INFO  c.c.p.a.i.OperationalAuditInterceptor - API Audit Log: URL=/api/v1/menu/left, User=webmaster, IP=127.0.0.1
2026-03-16 16:54:09 [http-nio-8080-exec-8] DEBUG o.s.web.servlet.DispatcherServlet - Completed 200 OK
2026-03-16 16:54:09 [http-nio-8080-exec-4] DEBUG c.c.p.s.jwt.JwtAuthenticationFilter - >>> [JwtFilter] Processing request: GET /api/v1/menu/left
2026-03-16 16:54:09 [http-nio-8080-exec-4] DEBUG c.c.p.s.jwt.JwtAuthenticationFilter - >>> [JwtFilter] Found token in header for path: /api/v1/menu/left
2026-03-16 16:54:09 [http-nio-8080-exec-4] DEBUG o.s.orm.jpa.JpaTransactionManager - Creating new transaction with name [com.company.project.security.iam.CustomUserDetailsService.loadUserByUsername]: PROPAGATION_REQUIRED,ISOLATION_DEFAULT,readOnly
2026-03-16 16:54:09 [http-nio-8080-exec-4] DEBUG o.s.orm.jpa.JpaTransactionManager - Opened new EntityManager [SessionImpl(93811959<open>)] for JPA transaction
2026-03-16 16:54:10 [http-nio-8080-exec-1] DEBUG o.s.orm.jpa.JpaTransactionManager - Found thread-bound EntityManager [SessionImpl(435389456<open>)] for JPA transaction
2026-03-16 16:54:10 [http-nio-8080-exec-1] DEBUG o.s.orm.jpa.JpaTransactionManager - Participating in existing transaction
2026-03-16 16:54:10 [http-nio-8080-exec-1] DEBUG org.hibernate.SQL - select ua1_0.scrty_dtrmn_trget_id,ua1_0.author_code,ua1_0.frst_register_id,ua1_0.frst_regist_pnttm,ua1_0.last_updusr_id,ua1_0.last_updt_pnttm,ua1_0.mber_ty_code from nemplyrscrtyestbs ua1_0 where ua1_0.scrty_dtrmn_trget_id=?
2026-03-16 16:54:10 [http-nio-8080-exec-4] DEBUG o.s.orm.jpa.JpaTransactionManager - Exposing JPA transaction as JDBC [org.springframework.orm.jpa.vendor.HibernateJpaDialect$HibernateConnectionHandle@3e25c330]
2026-03-16 16:54:10 [http-nio-8080-exec-4] DEBUG o.s.orm.jpa.JpaTransactionManager - Found thread-bound EntityManager [SessionImpl(93811959<open>)] for JPA transaction
2026-03-16 16:54:10 [http-nio-8080-exec-4] DEBUG o.s.orm.jpa.JpaTransactionManager - Participating in existing transaction
2026-03-16 16:54:10 [http-nio-8080-exec-4] DEBUG org.hibernate.SQL - select u1_0.emplyr_id,u1_0.area_no,u1_0.brthdy,u1_0.chg_pwd_cnt,u1_0.frst_register_id,u1_0.frst_regist_pnttm,u1_0.detail_adres,u1_0.email_adres,u1_0.emplyr_sttus_code,u1_0.empl_no,u1_0.esntl_id,u1_0.fxnum,u1_0.group_id,u1_0.house_adres,u1_0.house_end_telno,u1_0.house_middle_telno,u1_0.ihidnum,u1_0.pstinst_code,u1_0.last_updusr_id,u1_0.last_updt_pnttm,u1_0.lock_at,u1_0.lock_cnt,u1_0.lock_last_pnttm,u1_0.mbtlnum,u1_0.ofcps_nm,u1_0.offm_telno,u1_0.orgnzt_id,u1_0.password,u1_0.password_cnsr,u1_0.password_hint,u1_0.chg_pwd_last_pnttm,u1_0.role,u1_0.sbscrb_de,u1_0.sexdstn_code,u1_0.crtfc_dn_value,u1_0.user_nm,u1_0.zip from nemplyrinfo u1_0 where u1_0.emplyr_id=?
2026-03-16 16:54:10 [http-nio-8080-exec-1] DEBUG o.s.orm.jpa.JpaTransactionManager - Initiating transaction commit
2026-03-16 16:54:10 [http-nio-8080-exec-1] DEBUG o.s.orm.jpa.JpaTransactionManager - Committing JPA transaction on EntityManager [SessionImpl(435389456<open>)]
2026-03-16 16:54:10 [http-nio-8080-exec-3] DEBUG c.c.p.s.jwt.JwtAuthenticationFilter - >>> [JwtFilter] Processing request: GET /api/v1/admin/system/statistics/bbs
2026-03-16 16:54:10 [http-nio-8080-exec-3] DEBUG c.c.p.s.jwt.JwtAuthenticationFilter - >>> [JwtFilter] Found token in header for path: /api/v1/admin/system/statistics/bbs
2026-03-16 16:54:10 [http-nio-8080-exec-3] DEBUG o.s.orm.jpa.JpaTransactionManager - Creating new transaction with name [com.company.project.security.iam.CustomUserDetailsService.loadUserByUsername]: PROPAGATION_REQUIRED,ISOLATION_DEFAULT,readOnly
2026-03-16 16:54:10 [http-nio-8080-exec-3] DEBUG o.s.orm.jpa.JpaTransactionManager - Opened new EntityManager [SessionImpl(1230961207<open>)] for JPA transaction
2026-03-16 16:54:10 [http-nio-8080-exec-4] DEBUG o.s.orm.jpa.JpaTransactionManager - Found thread-bound EntityManager [SessionImpl(93811959<open>)] for JPA transaction
2026-03-16 16:54:10 [http-nio-8080-exec-4] DEBUG o.s.orm.jpa.JpaTransactionManager - Participating in existing transaction
2026-03-16 16:54:10 [http-nio-8080-exec-4] DEBUG org.hibernate.SQL - select ua1_0.scrty_dtrmn_trget_id,ua1_0.author_code,ua1_0.frst_register_id,ua1_0.frst_regist_pnttm,ua1_0.last_updusr_id,ua1_0.last_updt_pnttm,ua1_0.mber_ty_code from nemplyrscrtyestbs ua1_0 where ua1_0.scrty_dtrmn_trget_id=?
2026-03-16 16:54:10 [http-nio-8080-exec-1] DEBUG o.s.orm.jpa.JpaTransactionManager - Closing JPA EntityManager [SessionImpl(435389456<open>)] after transaction
2026-03-16 16:54:10 [http-nio-8080-exec-1] DEBUG c.c.p.s.jwt.JwtAuthenticationFilter - >>> [JwtFilter] Successfully authenticated user: USRCNFRM_99999999999, Authorities: [ROLE_ADMIN]
2026-03-16 16:54:10 [http-nio-8080-exec-1] DEBUG o.s.web.servlet.DispatcherServlet - GET "/api/v1/admin/system/statistics/connect?statsKind=SERVICE", parameters={masked}
2026-03-16 16:54:10 [http-nio-8080-exec-1] DEBUG o.s.w.s.h.SimpleUrlHandlerMapping - Mapped to ResourceHttpRequestHandler [classpath [META-INF/resources/], classpath [resources/], classpath [static/], classpath [public/], ServletContext [/]]
2026-03-16 16:54:10 [http-nio-8080-exec-1] DEBUG o.s.w.s.r.ResourceHttpRequestHandler - Resource not found
2026-03-16 16:54:10 [http-nio-8080-exec-1] DEBUG o.s.w.s.m.m.a.ExceptionHandlerExceptionResolver - Using @ExceptionHandler com.company.project.core.exception.GlobalExceptionHandler#handleException(Exception)
2026-03-16 16:54:10 [http-nio-8080-exec-1] ERROR c.c.p.c.e.GlobalExceptionHandler - >>> Internal Server Error: No static resource api/v1/admin/system/statistics/connect.
org.springframework.web.servlet.resource.NoResourceFoundException: No static resource api/v1/admin/system/statistics/connect.
	at org.springframework.web.servlet.resource.ResourceHttpRequestHandler.handleRequest(ResourceHttpRequestHandler.java:585)
	at org.springframework.web.servlet.mvc.HttpRequestHandlerAdapter.handle(HttpRequestHandlerAdapter.java:52)
	at org.springframework.web.servlet.DispatcherServlet.doDispatch(DispatcherServlet.java:1088)
	at org.springframework.web.servlet.DispatcherServlet.doService(DispatcherServlet.java:978)
	at org.springframework.web.servlet.FrameworkServlet.processRequest(FrameworkServlet.java:1014)
	at org.springframework.web.servlet.FrameworkServlet.doGet(FrameworkServlet.java:903)
	at jakarta.servlet.http.HttpServlet.service(HttpServlet.java:527)
	at org.springframework.web.servlet.FrameworkServlet.service(FrameworkServlet.java:885)
	at jakarta.servlet.http.HttpServlet.service(HttpServlet.java:614)
	at org.apache.catalina.core.ApplicationFilterChain.internalDoFilter(ApplicationFilterChain.java:195)
	at org.apache.catalina.core.ApplicationFilterChain.doFilter(ApplicationFilterChain.java:140)
	at org.apache.tomcat.websocket.server.WsFilter.doFilter(WsFilter.java:51)
	at org.apache.catalina.core.ApplicationFilterChain.internalDoFilter(ApplicationFilterChain.java:164)
	at org.apache.catalina.core.ApplicationFilterChain.doFilter(ApplicationFilterChain.java:140)
	at org.springframework.web.filter.CompositeFilter$VirtualFilterChain.doFilter(CompositeFilter.java:108)
	at org.springframework.security.web.FilterChainProxy.lambda$doFilterInternal$3(FilterChainProxy.java:231)
	at org.springframework.security.web.ObservationFilterChainDecorator$FilterObservation$SimpleFilterObservation.lambda$wrap$1(ObservationFilterChainDecorator.java:479)
	at org.springframework.security.web.ObservationFilterChainDecorator$AroundFilterObservation$SimpleAroundFilterObservation.lambda$wrap$1(ObservationFilterChainDecorator.java:340)
	at org.springframework.security.web.ObservationFilterChainDecorator.lambda$wrapSecured$0(ObservationFilterChainDecorator.java:82)
	at org.springframework.security.web.ObservationFilterChainDecorator$VirtualFilterChain.doFilter(ObservationFilterChainDecorator.java:128)
	at org.springframework.security.web.access.intercept.AuthorizationFilter.doFilter(AuthorizationFilter.java:101)
	at org.springframework.security.web.ObservationFilterChainDecorator$ObservationFilter.wrapFilter(ObservationFilterChainDecorator.java:240)
	at org.springframework.security.web.ObservationFilterChainDecorator$ObservationFilter.doFilter(ObservationFilterChainDecorator.java:227)
	at org.springframework.security.web.ObservationFilterChainDecorator$VirtualFilterChain.doFilter(ObservationFilterChainDecorator.java:137)
	at org.springframework.security.web.access.ExceptionTranslationFilter.doFilter(ExceptionTranslationFilter.java:126)
	at org.springframework.security.web.access.ExceptionTranslationFilter.doFilter(ExceptionTranslationFilter.java:120)
	at org.springframework.security.web.ObservationFilterChainDecorator$ObservationFilter.wrapFilter(ObservationFilterChainDecorator.java:240)
	at org.springframework.security.web.ObservationFilterChainDecorator$ObservationFilter.doFilter(ObservationFilterChainDecorator.java:227)
	at org.springframework.security.web.ObservationFilterChainDecorator$VirtualFilterChain.doFilter(ObservationFilterChainDecorator.java:137)
	at org.springframework.security.web.session.SessionManagementFilter.doFilter(SessionManagementFilter.java:131)
	at org.springframework.security.web.session.SessionManagementFilter.doFilter(SessionManagementFilter.java:85)
	at org.springframework.security.web.ObservationFilterChainDecorator$ObservationFilter.wrapFilter(ObservationFilterChainDecorator.java:240)
	at org.springframework.security.web.ObservationFilterChainDecorator$ObservationFilter.doFilter(ObservationFilterChainDecorator.java:227)
	at org.springframework.security.web.ObservationFilterChainDecorator$VirtualFilterChain.doFilter(ObservationFilterChainDecorator.java:137)
	at org.springframework.security.web.authentication.AnonymousAuthenticationFilter.doFilter(AnonymousAuthenticationFilter.java:100)
	at org.springframework.security.web.ObservationFilterChainDecorator$ObservationFilter.wrapFilter(ObservationFilterChainDecorator.java:240)
	at org.springframework.security.web.ObservationFilterChainDecorator$ObservationFilter.doFilter(ObservationFilterChainDecorator.java:227)
	at org.springframework.security.web.ObservationFilterChainDecorator$VirtualFilterChain.doFilter(ObservationFilterChainDecorator.java:137)
	at org.springframework.security.web.servletapi.SecurityContextHolderAwareRequestFilter.doFilter(SecurityContextHolderAwareRequestFilter.java:179)
	at org.springframework.security.web.ObservationFilterChainDecorator$ObservationFilter.wrapFilter(ObservationFilterChainDecorator.java:240)
	at org.springframework.security.web.ObservationFilterChainDecorator$ObservationFilter.doFilter(ObservationFilterChainDecorator.java:227)
	at org.springframework.security.web.ObservationFilterChainDecorator$VirtualFilterChain.doFilter(ObservationFilterChainDecorator.java:137)
	at org.springframework.security.web.savedrequest.RequestCacheAwareFilter.doFilter(RequestCacheAwareFilter.java:63)
	at org.springframework.security.web.ObservationFilterChainDecorator$ObservationFilter.wrapFilter(ObservationFilterChainDecorator.java:240)
	at org.springframework.security.web.ObservationFilterChainDecorator$ObservationFilter.doFilter(ObservationFilterChainDecorator.java:227)
	at org.springframework.security.web.ObservationFilterChainDecorator$VirtualFilterChain.doFilter(ObservationFilterChainDecorator.java:137)
	at com.company.project.security.jwt.JwtAuthenticationFilter.doFilterInternal(JwtAuthenticationFilter.java:52)
	at org.springframework.web.filter.OncePerRequestFilter.doFilter(OncePerRequestFilter.java:116)
	at org.springframework.security.web.ObservationFilterChainDecorator$ObservationFilter.wrapFilter(ObservationFilterChainDecorator.java:240)
	at org.springframework.security.web.ObservationFilterChainDecorator$ObservationFilter.doFilter(ObservationFilterChainDecorator.java:227)
	at org.springframework.security.web.ObservationFilterChainDecorator$VirtualFilterChain.doFilter(ObservationFilterChainDecorator.java:137)
	at org.springframework.security.web.authentication.logout.LogoutFilter.doFilter(LogoutFilter.java:107)
	at org.springframework.security.web.authentication.logout.LogoutFilter.doFilter(LogoutFilter.java:93)
	at org.springframework.security.web.ObservationFilterChainDecorator$ObservationFilter.wrapFilter(ObservationFilterChainDecorator.java:240)
	at org.springframework.security.web.ObservationFilterChainDecorator$ObservationFilter.doFilter(ObservationFilterChainDecorator.java:227)
	at org.springframework.security.web.ObservationFilterChainDecorator$VirtualFilterChain.doFilter(ObservationFilterChainDecorator.java:137)
	at org.springframework.web.filter.CorsFilter.doFilterInternal(CorsFilter.java:91)
	at org.springframework.web.filter.OncePerRequestFilter.doFilter(OncePerRequestFilter.java:116)
	at org.springframework.security.web.ObservationFilterChainDecorator$ObservationFilter.wrapFilter(ObservationFilterChainDecorator.java:240)
	at org.springframework.security.web.ObservationFilterChainDecorator$ObservationFilter.doFilter(ObservationFilterChainDecorator.java:227)
	at org.springframework.security.web.ObservationFilterChainDecorator$VirtualFilterChain.doFilter(ObservationFilterChainDecorator.java:137)
	at org.springframework.security.web.header.HeaderWriterFilter.doHeadersAfter(HeaderWriterFilter.java:90)
	at org.springframework.security.web.header.HeaderWriterFilter.doFilterInternal(HeaderWriterFilter.java:75)
	at org.springframework.web.filter.OncePerRequestFilter.doFilter(OncePerRequestFilter.java:116)
	at org.springframework.security.web.ObservationFilterChainDecorator$ObservationFilter.wrapFilter(ObservationFilterChainDecorator.java:240)
	at org.springframework.security.web.ObservationFilterChainDecorator$ObservationFilter.doFilter(ObservationFilterChainDecorator.java:227)
	at org.springframework.security.web.ObservationFilterChainDecorator$VirtualFilterChain.doFilter(ObservationFilterChainDecorator.java:137)
	at org.springframework.security.web.context.SecurityContextHolderFilter.doFilter(SecurityContextHolderFilter.java:82)
	at org.springframework.security.web.context.SecurityContextHolderFilter.doFilter(SecurityContextHolderFilter.java:69)
	at org.springframework.security.web.ObservationFilterChainDecorator$ObservationFilter.wrapFilter(ObservationFilterChainDecorator.java:240)
	at org.springframework.security.web.ObservationFilterChainDecorator$ObservationFilter.doFilter(ObservationFilterChainDecorator.java:227)
	at org.springframework.security.web.ObservationFilterChainDecorator$VirtualFilterChain.doFilter(ObservationFilterChainDecorator.java:137)
	at org.springframework.security.web.context.request.async.WebAsyncManagerIntegrationFilter.doFilterInternal(WebAsyncManagerIntegrationFilter.java:62)
	at org.springframework.web.filter.OncePerRequestFilter.doFilter(OncePerRequestFilter.java:116)
	at org.springframework.security.web.ObservationFilterChainDecorator$ObservationFilter.wrapFilter(ObservationFilterChainDecorator.java:240)
	at org.springframework.security.web.ObservationFilterChainDecorator$ObservationFilter.doFilter(ObservationFilterChainDecorator.java:227)
	at org.springframework.security.web.ObservationFilterChainDecorator$VirtualFilterChain.doFilter(ObservationFilterChainDecorator.java:137)
	at org.springframework.security.web.session.DisableEncodeUrlFilter.doFilterInternal(DisableEncodeUrlFilter.java:42)
	at org.springframework.web.filter.OncePerRequestFilter.doFilter(OncePerRequestFilter.java:116)
	at org.springframework.security.web.ObservationFilterChainDecorator$ObservationFilter.wrapFilter(ObservationFilterChainDecorator.java:240)
	at org.springframework.security.web.ObservationFilterChainDecorator$AroundFilterObservation$SimpleAroundFilterObservation.lambda$wrap$0(ObservationFilterChainDecorator.java:323)
	at org.springframework.security.web.ObservationFilterChainDecorator$ObservationFilter.doFilter(ObservationFilterChainDecorator.java:224)
	at org.springframework.security.web.ObservationFilterChainDecorator$VirtualFilterChain.doFilter(ObservationFilterChainDecorator.java:137)
	at org.springframework.security.web.FilterChainProxy.doFilterInternal(FilterChainProxy.java:233)
	at org.springframework.security.web.FilterChainProxy.doFilter(FilterChainProxy.java:191)
	at org.springframework.web.filter.CompositeFilter$VirtualFilterChain.doFilter(CompositeFilter.java:113)
	at org.springframework.web.servlet.handler.HandlerMappingIntrospector.lambda$createCacheFilter$3(HandlerMappingIntrospector.java:243)
	at org.springframework.web.filter.CompositeFilter$VirtualFilterChain.doFilter(CompositeFilter.java:113)
	at org.springframework.web.filter.CompositeFilter.doFilter(CompositeFilter.java:74)
	at org.springframework.security.config.annotation.web.configuration.WebMvcSecurityConfiguration$CompositeFilterChainProxy.doFilter(WebMvcSecurityConfiguration.java:238)
	at org.springframework.web.filter.DelegatingFilterProxy.invokeDelegate(DelegatingFilterProxy.java:362)
	at org.springframework.web.filter.DelegatingFilterProxy.doFilter(DelegatingFilterProxy.java:278)
	at org.apache.catalina.core.ApplicationFilterChain.internalDoFilter(ApplicationFilterChain.java:164)
	at org.apache.catalina.core.ApplicationFilterChain.doFilter(ApplicationFilterChain.java:140)
	at org.springframework.web.filter.RequestContextFilter.doFilterInternal(RequestContextFilter.java:100)
	at org.springframework.web.filter.OncePerRequestFilter.doFilter(OncePerRequestFilter.java:116)
	at org.apache.catalina.core.ApplicationFilterChain.internalDoFilter(ApplicationFilterChain.java:164)
	at org.apache.catalina.core.ApplicationFilterChain.doFilter(ApplicationFilterChain.java:140)
	at org.springframework.web.filter.FormContentFilter.doFilterInternal(FormContentFilter.java:93)
	at org.springframework.web.filter.OncePerRequestFilter.doFilter(OncePerRequestFilter.java:116)
	at org.apache.catalina.core.ApplicationFilterChain.internalDoFilter(ApplicationFilterChain.java:164)
	at org.apache.catalina.core.ApplicationFilterChain.doFilter(ApplicationFilterChain.java:140)
	at org.springframework.web.filter.ServerHttpObservationFilter.doFilterInternal(ServerHttpObservationFilter.java:114)
	at org.springframework.web.filter.OncePerRequestFilter.doFilter(OncePerRequestFilter.java:116)
	at org.apache.catalina.core.ApplicationFilterChain.internalDoFilter(ApplicationFilterChain.java:164)
	at org.apache.catalina.core.ApplicationFilterChain.doFilter(ApplicationFilterChain.java:140)
	at org.springframework.web.filter.CharacterEncodingFilter.doFilterInternal(CharacterEncodingFilter.java:201)
	at org.springframework.web.filter.OncePerRequestFilter.doFilter(OncePerRequestFilter.java:116)
	at org.apache.catalina.core.ApplicationFilterChain.internalDoFilter(ApplicationFilterChain.java:164)
	at org.apache.catalina.core.ApplicationFilterChain.doFilter(ApplicationFilterChain.java:140)
	at org.apache.catalina.core.StandardWrapperValve.invoke(StandardWrapperValve.java:167)
	at org.apache.catalina.core.StandardContextValve.invoke(StandardContextValve.java:90)
	at org.apache.catalina.authenticator.AuthenticatorBase.invoke(AuthenticatorBase.java:483)
	at org.apache.catalina.core.StandardHostValve.invoke(StandardHostValve.java:115)
	at org.apache.catalina.valves.ErrorReportValve.invoke(ErrorReportValve.java:93)
	at org.apache.catalina.core.StandardEngineValve.invoke(StandardEngineValve.java:74)
	at org.apache.catalina.connector.CoyoteAdapter.service(CoyoteAdapter.java:344)
	at org.apache.coyote.http11.Http11Processor.service(Http11Processor.java:397)
	at org.apache.coyote.AbstractProcessorLight.process(AbstractProcessorLight.java:63)
	at org.apache.coyote.AbstractProtocol$ConnectionHandler.process(AbstractProtocol.java:905)
	at org.apache.tomcat.util.net.NioEndpoint$SocketProcessor.doRun(NioEndpoint.java:1741)
	at org.apache.tomcat.util.net.SocketProcessorBase.run(SocketProcessorBase.java:52)
	at org.apache.tomcat.util.threads.ThreadPoolExecutor.runWorker(ThreadPoolExecutor.java:1190)
	at org.apache.tomcat.util.threads.ThreadPoolExecutor$Worker.run(ThreadPoolExecutor.java:659)
	at org.apache.tomcat.util.threads.TaskThread$WrappingRunnable.run(TaskThread.java:63)
	at java.base/java.lang.Thread.run(Thread.java:1583)
2026-03-16 16:54:10 [http-nio-8080-exec-1] DEBUG o.s.w.s.m.m.a.HttpEntityMethodProcessor - Using 'application/json', given [application/json, text/plain, */*] and supported [application/json, application/*+json, application/yaml]
2026-03-16 16:54:10 [http-nio-8080-exec-1] TRACE o.s.w.s.m.m.a.HttpEntityMethodProcessor - Writing [ApiResponse[success=false, status=500, code=C004, message=예기치 않은 서버 오류가 발생했습니다., data=null, timestamp=2026-03-16T16:54:10.313941500]]
2026-03-16 16:54:10 [http-nio-8080-exec-1] DEBUG o.s.w.s.m.m.a.ExceptionHandlerExceptionResolver - Resolved [org.springframework.web.servlet.resource.NoResourceFoundException: No static resource api/v1/admin/system/statistics/connect.]
2026-03-16 16:54:10 [http-nio-8080-exec-1] DEBUG o.s.web.servlet.DispatcherServlet - Completed 500 INTERNAL_SERVER_ERROR
2026-03-16 16:54:10 [http-nio-8080-exec-3] DEBUG o.s.orm.jpa.JpaTransactionManager - Exposing JPA transaction as JDBC [org.springframework.orm.jpa.vendor.HibernateJpaDialect$HibernateConnectionHandle@87e2465]
2026-03-16 16:54:10 [http-nio-8080-exec-3] DEBUG o.s.orm.jpa.JpaTransactionManager - Found thread-bound EntityManager [SessionImpl(1230961207<open>)] for JPA transaction
2026-03-16 16:54:10 [http-nio-8080-exec-3] DEBUG o.s.orm.jpa.JpaTransactionManager - Participating in existing transaction
2026-03-16 16:54:10 [http-nio-8080-exec-3] DEBUG org.hibernate.SQL - select u1_0.emplyr_id,u1_0.area_no,u1_0.brthdy,u1_0.chg_pwd_cnt,u1_0.frst_register_id,u1_0.frst_regist_pnttm,u1_0.detail_adres,u1_0.email_adres,u1_0.emplyr_sttus_code,u1_0.empl_no,u1_0.esntl_id,u1_0.fxnum,u1_0.group_id,u1_0.house_adres,u1_0.house_end_telno,u1_0.house_middle_telno,u1_0.ihidnum,u1_0.pstinst_code,u1_0.last_updusr_id,u1_0.last_updt_pnttm,u1_0.lock_at,u1_0.lock_cnt,u1_0.lock_last_pnttm,u1_0.mbtlnum,u1_0.ofcps_nm,u1_0.offm_telno,u1_0.orgnzt_id,u1_0.password,u1_0.password_cnsr,u1_0.password_hint,u1_0.chg_pwd_last_pnttm,u1_0.role,u1_0.sbscrb_de,u1_0.sexdstn_code,u1_0.crtfc_dn_value,u1_0.user_nm,u1_0.zip from nemplyrinfo u1_0 where u1_0.emplyr_id=?
2026-03-16 16:54:10 [http-nio-8080-exec-4] DEBUG o.s.orm.jpa.JpaTransactionManager - Initiating transaction commit
2026-03-16 16:54:10 [http-nio-8080-exec-4] DEBUG o.s.orm.jpa.JpaTransactionManager - Committing JPA transaction on EntityManager [SessionImpl(93811959<open>)]
2026-03-16 16:54:10 [http-nio-8080-exec-3] DEBUG o.s.orm.jpa.JpaTransactionManager - Found thread-bound EntityManager [SessionImpl(1230961207<open>)] for JPA transaction
2026-03-16 16:54:10 [http-nio-8080-exec-3] DEBUG o.s.orm.jpa.JpaTransactionManager - Participating in existing transaction
2026-03-16 16:54:10 [http-nio-8080-exec-3] DEBUG org.hibernate.SQL - select ua1_0.scrty_dtrmn_trget_id,ua1_0.author_code,ua1_0.frst_register_id,ua1_0.frst_regist_pnttm,ua1_0.last_updusr_id,ua1_0.last_updt_pnttm,ua1_0.mber_ty_code from nemplyrscrtyestbs ua1_0 where ua1_0.scrty_dtrmn_trget_id=?
2026-03-16 16:54:10 [http-nio-8080-exec-4] DEBUG o.s.orm.jpa.JpaTransactionManager - Closing JPA EntityManager [SessionImpl(93811959<open>)] after transaction
2026-03-16 16:54:10 [http-nio-8080-exec-4] DEBUG c.c.p.s.jwt.JwtAuthenticationFilter - >>> [JwtFilter] Successfully authenticated user: USRCNFRM_99999999999, Authorities: [ROLE_ADMIN]
2026-03-16 16:54:10 [http-nio-8080-exec-4] DEBUG o.s.web.servlet.DispatcherServlet - GET "/api/v1/menu/left?menuNo=40", parameters={masked}
2026-03-16 16:54:10 [http-nio-8080-exec-4] TRACE o.s.w.s.m.m.a.RequestMappingHandlerMapping - Mapped to com.company.project.api.controller.menu.MenuController#getLeftMenu(Long)
2026-03-16 16:54:10 [http-nio-8080-exec-4] INFO  c.c.p.a.c.menu.MenuController - getLeftMenu called with menuNo=40
2026-03-16 16:54:10 [http-nio-8080-exec-4] DEBUG o.s.orm.jpa.JpaTransactionManager - Creating new transaction with name [com.company.project.service.menu.MenuService.getSubMenus]: PROPAGATION_REQUIRED,ISOLATION_DEFAULT,readOnly
2026-03-16 16:54:10 [http-nio-8080-exec-4] DEBUG o.s.orm.jpa.JpaTransactionManager - Opened new EntityManager [SessionImpl(1981619570<open>)] for JPA transaction
2026-03-16 16:54:10 [http-nio-8080-exec-4] DEBUG o.s.orm.jpa.JpaTransactionManager - Exposing JPA transaction as JDBC [org.springframework.orm.jpa.vendor.HibernateJpaDialect$HibernateConnectionHandle@65d8113e]
2026-03-16 16:54:10 [http-nio-8080-exec-4] DEBUG org.hibernate.SQL - select m1_0.menu_no,m1_0.menu_dc,m1_0.menu_nm,m1_0.menu_ordr,m1_0.modern_route,m1_0.progrm_file_nm,m1_0.relate_image_nm,m1_0.relate_image_path,m1_0.route_updated_at,m1_0.upper_menu_no from nmenuinfo m1_0 order by m1_0.upper_menu_no,m1_0.menu_ordr
2026-03-16 16:54:10 [http-nio-8080-exec-3] DEBUG o.s.orm.jpa.JpaTransactionManager - Initiating transaction commit
2026-03-16 16:54:10 [http-nio-8080-exec-3] DEBUG o.s.orm.jpa.JpaTransactionManager - Committing JPA transaction on EntityManager [SessionImpl(1230961207<open>)]
2026-03-16 16:54:10 [http-nio-8080-exec-3] DEBUG o.s.orm.jpa.JpaTransactionManager - Closing JPA EntityManager [SessionImpl(1230961207<open>)] after transaction
2026-03-16 16:54:10 [http-nio-8080-exec-3] DEBUG c.c.p.s.jwt.JwtAuthenticationFilter - >>> [JwtFilter] Successfully authenticated user: USRCNFRM_99999999999, Authorities: [ROLE_ADMIN]
2026-03-16 16:54:10 [http-nio-8080-exec-3] DEBUG o.s.web.servlet.DispatcherServlet - GET "/api/v1/admin/system/statistics/bbs?statsKind=COM101", parameters={masked}
2026-03-16 16:54:10 [http-nio-8080-exec-3] DEBUG o.s.w.s.h.SimpleUrlHandlerMapping - Mapped to ResourceHttpRequestHandler [classpath [META-INF/resources/], classpath [resources/], classpath [static/], classpath [public/], ServletContext [/]]
2026-03-16 16:54:10 [http-nio-8080-exec-3] DEBUG o.s.w.s.r.ResourceHttpRequestHandler - Resource not found
2026-03-16 16:54:10 [http-nio-8080-exec-3] DEBUG o.s.w.s.m.m.a.ExceptionHandlerExceptionResolver - Using @ExceptionHandler com.company.project.core.exception.GlobalExceptionHandler#handleException(Exception)
2026-03-16 16:54:10 [http-nio-8080-exec-3] ERROR c.c.p.c.e.GlobalExceptionHandler - >>> Internal Server Error: No static resource api/v1/admin/system/statistics/bbs.
org.springframework.web.servlet.resource.NoResourceFoundException: No static resource api/v1/admin/system/statistics/bbs.
	at org.springframework.web.servlet.resource.ResourceHttpRequestHandler.handleRequest(ResourceHttpRequestHandler.java:585)
	at org.springframework.web.servlet.mvc.HttpRequestHandlerAdapter.handle(HttpRequestHandlerAdapter.java:52)
	at org.springframework.web.servlet.DispatcherServlet.doDispatch(DispatcherServlet.java:1088)
	at org.springframework.web.servlet.DispatcherServlet.doService(DispatcherServlet.java:978)
	at org.springframework.web.servlet.FrameworkServlet.processRequest(FrameworkServlet.java:1014)
	at org.springframework.web.servlet.FrameworkServlet.doGet(FrameworkServlet.java:903)
	at jakarta.servlet.http.HttpServlet.service(HttpServlet.java:527)
	at org.springframework.web.servlet.FrameworkServlet.service(FrameworkServlet.java:885)
	at jakarta.servlet.http.HttpServlet.service(HttpServlet.java:614)
	at org.apache.catalina.core.ApplicationFilterChain.internalDoFilter(ApplicationFilterChain.java:195)
	at org.apache.catalina.core.ApplicationFilterChain.doFilter(ApplicationFilterChain.java:140)
	at org.apache.tomcat.websocket.server.WsFilter.doFilter(WsFilter.java:51)
	at org.apache.catalina.core.ApplicationFilterChain.internalDoFilter(ApplicationFilterChain.java:164)
	at org.apache.catalina.core.ApplicationFilterChain.doFilter(ApplicationFilterChain.java:140)
	at org.springframework.web.filter.CompositeFilter$VirtualFilterChain.doFilter(CompositeFilter.java:108)
	at org.springframework.security.web.FilterChainProxy.lambda$doFilterInternal$3(FilterChainProxy.java:231)
	at org.springframework.security.web.ObservationFilterChainDecorator$FilterObservation$SimpleFilterObservation.lambda$wrap$1(ObservationFilterChainDecorator.java:479)
	at org.springframework.security.web.ObservationFilterChainDecorator$AroundFilterObservation$SimpleAroundFilterObservation.lambda$wrap$1(ObservationFilterChainDecorator.java:340)
	at org.springframework.security.web.ObservationFilterChainDecorator.lambda$wrapSecured$0(ObservationFilterChainDecorator.java:82)
	at org.springframework.security.web.ObservationFilterChainDecorator$VirtualFilterChain.doFilter(ObservationFilterChainDecorator.java:128)
	at org.springframework.security.web.access.intercept.AuthorizationFilter.doFilter(AuthorizationFilter.java:101)
	at org.springframework.security.web.ObservationFilterChainDecorator$ObservationFilter.wrapFilter(ObservationFilterChainDecorator.java:240)
	at org.springframework.security.web.ObservationFilterChainDecorator$ObservationFilter.doFilter(ObservationFilterChainDecorator.java:227)
	at org.springframework.security.web.ObservationFilterChainDecorator$VirtualFilterChain.doFilter(ObservationFilterChainDecorator.java:137)
	at org.springframework.security.web.access.ExceptionTranslationFilter.doFilter(ExceptionTranslationFilter.java:126)
	at org.springframework.security.web.access.ExceptionTranslationFilter.doFilter(ExceptionTranslationFilter.java:120)
	at org.springframework.security.web.ObservationFilterChainDecorator$ObservationFilter.wrapFilter(ObservationFilterChainDecorator.java:240)
	at org.springframework.security.web.ObservationFilterChainDecorator$ObservationFilter.doFilter(ObservationFilterChainDecorator.java:227)
	at org.springframework.security.web.ObservationFilterChainDecorator$VirtualFilterChain.doFilter(ObservationFilterChainDecorator.java:137)
	at org.springframework.security.web.session.SessionManagementFilter.doFilter(SessionManagementFilter.java:131)
	at org.springframework.security.web.session.SessionManagementFilter.doFilter(SessionManagementFilter.java:85)
	at org.springframework.security.web.ObservationFilterChainDecorator$ObservationFilter.wrapFilter(ObservationFilterChainDecorator.java:240)
	at org.springframework.security.web.ObservationFilterChainDecorator$ObservationFilter.doFilter(ObservationFilterChainDecorator.java:227)
	at org.springframework.security.web.ObservationFilterChainDecorator$VirtualFilterChain.doFilter(ObservationFilterChainDecorator.java:137)
	at org.springframework.security.web.authentication.AnonymousAuthenticationFilter.doFilter(AnonymousAuthenticationFilter.java:100)
	at org.springframework.security.web.ObservationFilterChainDecorator$ObservationFilter.wrapFilter(ObservationFilterChainDecorator.java:240)
	at org.springframework.security.web.ObservationFilterChainDecorator$ObservationFilter.doFilter(ObservationFilterChainDecorator.java:227)
	at org.springframework.security.web.ObservationFilterChainDecorator$VirtualFilterChain.doFilter(ObservationFilterChainDecorator.java:137)
	at org.springframework.security.web.servletapi.SecurityContextHolderAwareRequestFilter.doFilter(SecurityContextHolderAwareRequestFilter.java:179)
	at org.springframework.security.web.ObservationFilterChainDecorator$ObservationFilter.wrapFilter(ObservationFilterChainDecorator.java:240)
	at org.springframework.security.web.ObservationFilterChainDecorator$ObservationFilter.doFilter(ObservationFilterChainDecorator.java:227)
	at org.springframework.security.web.ObservationFilterChainDecorator$VirtualFilterChain.doFilter(ObservationFilterChainDecorator.java:137)
	at org.springframework.security.web.savedrequest.RequestCacheAwareFilter.doFilter(RequestCacheAwareFilter.java:63)
	at org.springframework.security.web.ObservationFilterChainDecorator$ObservationFilter.wrapFilter(ObservationFilterChainDecorator.java:240)
	at org.springframework.security.web.ObservationFilterChainDecorator$ObservationFilter.doFilter(ObservationFilterChainDecorator.java:227)
	at org.springframework.security.web.ObservationFilterChainDecorator$VirtualFilterChain.doFilter(ObservationFilterChainDecorator.java:137)
	at com.company.project.security.jwt.JwtAuthenticationFilter.doFilterInternal(JwtAuthenticationFilter.java:52)
	at org.springframework.web.filter.OncePerRequestFilter.doFilter(OncePerRequestFilter.java:116)
	at org.springframework.security.web.ObservationFilterChainDecorator$ObservationFilter.wrapFilter(ObservationFilterChainDecorator.java:240)
	at org.springframework.security.web.ObservationFilterChainDecorator$ObservationFilter.doFilter(ObservationFilterChainDecorator.java:227)
	at org.springframework.security.web.ObservationFilterChainDecorator$VirtualFilterChain.doFilter(ObservationFilterChainDecorator.java:137)
	at org.springframework.security.web.authentication.logout.LogoutFilter.doFilter(LogoutFilter.java:107)
	at org.springframework.security.web.authentication.logout.LogoutFilter.doFilter(LogoutFilter.java:93)
	at org.springframework.security.web.ObservationFilterChainDecorator$ObservationFilter.wrapFilter(ObservationFilterChainDecorator.java:240)
	at org.springframework.security.web.ObservationFilterChainDecorator$ObservationFilter.doFilter(ObservationFilterChainDecorator.java:227)
	at org.springframework.security.web.ObservationFilterChainDecorator$VirtualFilterChain.doFilter(ObservationFilterChainDecorator.java:137)
	at org.springframework.web.filter.CorsFilter.doFilterInternal(CorsFilter.java:91)
	at org.springframework.web.filter.OncePerRequestFilter.doFilter(OncePerRequestFilter.java:116)
	at org.springframework.security.web.ObservationFilterChainDecorator$ObservationFilter.wrapFilter(ObservationFilterChainDecorator.java:240)
	at org.springframework.security.web.ObservationFilterChainDecorator$ObservationFilter.doFilter(ObservationFilterChainDecorator.java:227)
	at org.springframework.security.web.ObservationFilterChainDecorator$VirtualFilterChain.doFilter(ObservationFilterChainDecorator.java:137)
	at org.springframework.security.web.header.HeaderWriterFilter.doHeadersAfter(HeaderWriterFilter.java:90)
	at org.springframework.security.web.header.HeaderWriterFilter.doFilterInternal(HeaderWriterFilter.java:75)
	at org.springframework.web.filter.OncePerRequestFilter.doFilter(OncePerRequestFilter.java:116)
	at org.springframework.security.web.ObservationFilterChainDecorator$ObservationFilter.wrapFilter(ObservationFilterChainDecorator.java:240)
	at org.springframework.security.web.ObservationFilterChainDecorator$ObservationFilter.doFilter(ObservationFilterChainDecorator.java:227)
	at org.springframework.security.web.ObservationFilterChainDecorator$VirtualFilterChain.doFilter(ObservationFilterChainDecorator.java:137)
	at org.springframework.security.web.context.SecurityContextHolderFilter.doFilter(SecurityContextHolderFilter.java:82)
	at org.springframework.security.web.context.SecurityContextHolderFilter.doFilter(SecurityContextHolderFilter.java:69)
	at org.springframework.security.web.ObservationFilterChainDecorator$ObservationFilter.wrapFilter(ObservationFilterChainDecorator.java:240)
	at org.springframework.security.web.ObservationFilterChainDecorator$ObservationFilter.doFilter(ObservationFilterChainDecorator.java:227)
	at org.springframework.security.web.ObservationFilterChainDecorator$VirtualFilterChain.doFilter(ObservationFilterChainDecorator.java:137)
	at org.springframework.security.web.context.request.async.WebAsyncManagerIntegrationFilter.doFilterInternal(WebAsyncManagerIntegrationFilter.java:62)
	at org.springframework.web.filter.OncePerRequestFilter.doFilter(OncePerRequestFilter.java:116)
	at org.springframework.security.web.ObservationFilterChainDecorator$ObservationFilter.wrapFilter(ObservationFilterChainDecorator.java:240)
	at org.springframework.security.web.ObservationFilterChainDecorator$ObservationFilter.doFilter(ObservationFilterChainDecorator.java:227)
	at org.springframework.security.web.ObservationFilterChainDecorator$VirtualFilterChain.doFilter(ObservationFilterChainDecorator.java:137)
	at org.springframework.security.web.session.DisableEncodeUrlFilter.doFilterInternal(DisableEncodeUrlFilter.java:42)
	at org.springframework.web.filter.OncePerRequestFilter.doFilter(OncePerRequestFilter.java:116)
	at org.springframework.security.web.ObservationFilterChainDecorator$ObservationFilter.wrapFilter(ObservationFilterChainDecorator.java:240)
	at org.springframework.security.web.ObservationFilterChainDecorator$AroundFilterObservation$SimpleAroundFilterObservation.lambda$wrap$0(ObservationFilterChainDecorator.java:323)
	at org.springframework.security.web.ObservationFilterChainDecorator$ObservationFilter.doFilter(ObservationFilterChainDecorator.java:224)
	at org.springframework.security.web.ObservationFilterChainDecorator$VirtualFilterChain.doFilter(ObservationFilterChainDecorator.java:137)
	at org.springframework.security.web.FilterChainProxy.doFilterInternal(FilterChainProxy.java:233)
	at org.springframework.security.web.FilterChainProxy.doFilter(FilterChainProxy.java:191)
	at org.springframework.web.filter.CompositeFilter$VirtualFilterChain.doFilter(CompositeFilter.java:113)
	at org.springframework.web.servlet.handler.HandlerMappingIntrospector.lambda$createCacheFilter$3(HandlerMappingIntrospector.java:243)
	at org.springframework.web.filter.CompositeFilter$VirtualFilterChain.doFilter(CompositeFilter.java:113)
	at org.springframework.web.filter.CompositeFilter.doFilter(CompositeFilter.java:74)
	at org.springframework.security.config.annotation.web.configuration.WebMvcSecurityConfiguration$CompositeFilterChainProxy.doFilter(WebMvcSecurityConfiguration.java:238)
	at org.springframework.web.filter.DelegatingFilterProxy.invokeDelegate(DelegatingFilterProxy.java:362)
	at org.springframework.web.filter.DelegatingFilterProxy.doFilter(DelegatingFilterProxy.java:278)
	at org.apache.catalina.core.ApplicationFilterChain.internalDoFilter(ApplicationFilterChain.java:164)
	at org.apache.catalina.core.ApplicationFilterChain.doFilter(ApplicationFilterChain.java:140)
	at org.springframework.web.filter.RequestContextFilter.doFilterInternal(RequestContextFilter.java:100)
	at org.springframework.web.filter.OncePerRequestFilter.doFilter(OncePerRequestFilter.java:116)
	at org.apache.catalina.core.ApplicationFilterChain.internalDoFilter(ApplicationFilterChain.java:164)
	at org.apache.catalina.core.ApplicationFilterChain.doFilter(ApplicationFilterChain.java:140)
	at org.springframework.web.filter.FormContentFilter.doFilterInternal(FormContentFilter.java:93)
	at org.springframework.web.filter.OncePerRequestFilter.doFilter(OncePerRequestFilter.java:116)
	at org.apache.catalina.core.ApplicationFilterChain.internalDoFilter(ApplicationFilterChain.java:164)
	at org.apache.catalina.core.ApplicationFilterChain.doFilter(ApplicationFilterChain.java:140)
	at org.springframework.web.filter.ServerHttpObservationFilter.doFilterInternal(ServerHttpObservationFilter.java:114)
	at org.springframework.web.filter.OncePerRequestFilter.doFilter(OncePerRequestFilter.java:116)
	at org.apache.catalina.core.ApplicationFilterChain.internalDoFilter(ApplicationFilterChain.java:164)
	at org.apache.catalina.core.ApplicationFilterChain.doFilter(ApplicationFilterChain.java:140)
	at org.springframework.web.filter.CharacterEncodingFilter.doFilterInternal(CharacterEncodingFilter.java:201)
	at org.springframework.web.filter.OncePerRequestFilter.doFilter(OncePerRequestFilter.java:116)
	at org.apache.catalina.core.ApplicationFilterChain.internalDoFilter(ApplicationFilterChain.java:164)
	at org.apache.catalina.core.ApplicationFilterChain.doFilter(ApplicationFilterChain.java:140)
	at org.apache.catalina.core.StandardWrapperValve.invoke(StandardWrapperValve.java:167)
	at org.apache.catalina.core.StandardContextValve.invoke(StandardContextValve.java:90)
	at org.apache.catalina.authenticator.AuthenticatorBase.invoke(AuthenticatorBase.java:483)
	at org.apache.catalina.core.StandardHostValve.invoke(StandardHostValve.java:115)
	at org.apache.catalina.valves.ErrorReportValve.invoke(ErrorReportValve.java:93)
	at org.apache.catalina.core.StandardEngineValve.invoke(StandardEngineValve.java:74)
	at org.apache.catalina.connector.CoyoteAdapter.service(CoyoteAdapter.java:344)
	at org.apache.coyote.http11.Http11Processor.service(Http11Processor.java:397)
	at org.apache.coyote.AbstractProcessorLight.process(AbstractProcessorLight.java:63)
	at org.apache.coyote.AbstractProtocol$ConnectionHandler.process(AbstractProtocol.java:905)
	at org.apache.tomcat.util.net.NioEndpoint$SocketProcessor.doRun(NioEndpoint.java:1741)
	at org.apache.tomcat.util.net.SocketProcessorBase.run(SocketProcessorBase.java:52)
	at org.apache.tomcat.util.threads.ThreadPoolExecutor.runWorker(ThreadPoolExecutor.java:1190)
	at org.apache.tomcat.util.threads.ThreadPoolExecutor$Worker.run(ThreadPoolExecutor.java:659)
	at org.apache.tomcat.util.threads.TaskThread$WrappingRunnable.run(TaskThread.java:63)
	at java.base/java.lang.Thread.run(Thread.java:1583)
2026-03-16 16:54:10 [http-nio-8080-exec-3] DEBUG o.s.w.s.m.m.a.HttpEntityMethodProcessor - Using 'application/json', given [application/json, text/plain, */*] and supported [application/json, application/*+json, application/yaml]
2026-03-16 16:54:10 [http-nio-8080-exec-3] TRACE o.s.w.s.m.m.a.HttpEntityMethodProcessor - Writing [ApiResponse[success=false, status=500, code=C004, message=예기치 않은 서버 오류가 발생했습니다., data=null, timestamp=2026-03-16T16:54:10.839536700]]
2026-03-16 16:54:10 [http-nio-8080-exec-3] DEBUG o.s.w.s.m.m.a.ExceptionHandlerExceptionResolver - Resolved [org.springframework.web.servlet.resource.NoResourceFoundException: No static resource api/v1/admin/system/statistics/bbs.]
2026-03-16 16:54:10 [http-nio-8080-exec-3] DEBUG o.s.web.servlet.DispatcherServlet - Completed 500 INTERNAL_SERVER_ERROR
2026-03-16 16:54:10 [http-nio-8080-exec-4] DEBUG o.s.orm.jpa.JpaTransactionManager - Found thread-bound EntityManager [SessionImpl(1981619570<open>)] for JPA transaction
2026-03-16 16:54:10 [http-nio-8080-exec-4] DEBUG o.s.orm.jpa.JpaTransactionManager - Participating in existing transaction
2026-03-16 16:54:10 [http-nio-8080-exec-4] DEBUG org.hibernate.SQL - select p1_0.progrm_file_nm,p1_0.progrm_dc,p1_0.progrm_korean_nm,p1_0.progrm_stre_path,p1_0.url from nprogrmlist p1_0
2026-03-16 16:54:11 [http-nio-8080-exec-4] DEBUG o.s.orm.jpa.JpaTransactionManager - Initiating transaction commit
2026-03-16 16:54:11 [http-nio-8080-exec-4] DEBUG o.s.orm.jpa.JpaTransactionManager - Committing JPA transaction on EntityManager [SessionImpl(1981619570<open>)]
2026-03-16 16:54:11 [http-nio-8080-exec-4] DEBUG o.s.orm.jpa.JpaTransactionManager - Closing JPA EntityManager [SessionImpl(1981619570<open>)] after transaction
2026-03-16 16:54:11 [http-nio-8080-exec-4] INFO  c.c.p.a.c.menu.MenuController - getLeftMenu returned 2 items
2026-03-16 16:54:11 [http-nio-8080-exec-4] DEBUG o.s.w.s.m.m.a.HttpEntityMethodProcessor - Using 'application/json', given [application/json, text/plain, */*] and supported [application/json, application/*+json, application/yaml]
2026-03-16 16:54:11 [http-nio-8080-exec-4] TRACE o.s.w.s.m.m.a.HttpEntityMethodProcessor - Writing [ApiResponse[success=true, status=200, code=COMMON_001, message=Success, data={list=[com.company.project.service.menu.dto.MenuDto@4d203c72, com.company.project.service.menu.dto.MenuDto@6c31a7a1]}, timestamp=2026-03-16T16:54:11.167401]]
2026-03-16 16:54:11 [http-nio-8080-exec-4] INFO  c.c.p.a.i.OperationalAuditInterceptor - API Audit Log: URL=/api/v1/menu/left, User=webmaster, IP=127.0.0.1
2026-03-16 16:54:11 [http-nio-8080-exec-4] DEBUG o.s.web.servlet.DispatcherServlet - Completed 200 OK
2026-03-16 16:54:11 [http-nio-8080-exec-5] DEBUG c.c.p.s.jwt.JwtAuthenticationFilter - >>> [JwtFilter] Processing request: GET /api/v1/menu/left
2026-03-16 16:54:11 [http-nio-8080-exec-5] DEBUG c.c.p.s.jwt.JwtAuthenticationFilter - >>> [JwtFilter] Found token in header for path: /api/v1/menu/left
2026-03-16 16:54:11 [http-nio-8080-exec-5] DEBUG o.s.orm.jpa.JpaTransactionManager - Creating new transaction with name [com.company.project.security.iam.CustomUserDetailsService.loadUserByUsername]: PROPAGATION_REQUIRED,ISOLATION_DEFAULT,readOnly
2026-03-16 16:54:11 [http-nio-8080-exec-5] DEBUG o.s.orm.jpa.JpaTransactionManager - Opened new EntityManager [SessionImpl(1945517935<open>)] for JPA transaction
2026-03-16 16:54:11 [http-nio-8080-exec-5] DEBUG o.s.orm.jpa.JpaTransactionManager - Exposing JPA transaction as JDBC [org.springframework.orm.jpa.vendor.HibernateJpaDialect$HibernateConnectionHandle@75b9a7da]
2026-03-16 16:54:11 [http-nio-8080-exec-5] DEBUG o.s.orm.jpa.JpaTransactionManager - Found thread-bound EntityManager [SessionImpl(1945517935<open>)] for JPA transaction
2026-03-16 16:54:11 [http-nio-8080-exec-5] DEBUG o.s.orm.jpa.JpaTransactionManager - Participating in existing transaction
2026-03-16 16:54:11 [http-nio-8080-exec-5] DEBUG org.hibernate.SQL - select u1_0.emplyr_id,u1_0.area_no,u1_0.brthdy,u1_0.chg_pwd_cnt,u1_0.frst_register_id,u1_0.frst_regist_pnttm,u1_0.detail_adres,u1_0.email_adres,u1_0.emplyr_sttus_code,u1_0.empl_no,u1_0.esntl_id,u1_0.fxnum,u1_0.group_id,u1_0.house_adres,u1_0.house_end_telno,u1_0.house_middle_telno,u1_0.ihidnum,u1_0.pstinst_code,u1_0.last_updusr_id,u1_0.last_updt_pnttm,u1_0.lock_at,u1_0.lock_cnt,u1_0.lock_last_pnttm,u1_0.mbtlnum,u1_0.ofcps_nm,u1_0.offm_telno,u1_0.orgnzt_id,u1_0.password,u1_0.password_cnsr,u1_0.password_hint,u1_0.chg_pwd_last_pnttm,u1_0.role,u1_0.sbscrb_de,u1_0.sexdstn_code,u1_0.crtfc_dn_value,u1_0.user_nm,u1_0.zip from nemplyrinfo u1_0 where u1_0.emplyr_id=?
2026-03-16 16:54:11 [MessageBroker-6] DEBUG o.s.w.s.s.t.h.DefaultSockJsService - Closed 1 sessions: [pnqsap3q]
2026-03-16 16:54:11 [http-nio-8080-exec-5] DEBUG o.s.orm.jpa.JpaTransactionManager - Found thread-bound EntityManager [SessionImpl(1945517935<open>)] for JPA transaction
2026-03-16 16:54:11 [http-nio-8080-exec-5] DEBUG o.s.orm.jpa.JpaTransactionManager - Participating in existing transaction
2026-03-16 16:54:11 [http-nio-8080-exec-5] DEBUG org.hibernate.SQL - select ua1_0.scrty_dtrmn_trget_id,ua1_0.author_code,ua1_0.frst_register_id,ua1_0.frst_regist_pnttm,ua1_0.last_updusr_id,ua1_0.last_updt_pnttm,ua1_0.mber_ty_code from nemplyrscrtyestbs ua1_0 where ua1_0.scrty_dtrmn_trget_id=?
2026-03-16 16:54:11 [http-nio-8080-exec-5] DEBUG o.s.orm.jpa.JpaTransactionManager - Initiating transaction commit
2026-03-16 16:54:11 [http-nio-8080-exec-5] DEBUG o.s.orm.jpa.JpaTransactionManager - Committing JPA transaction on EntityManager [SessionImpl(1945517935<open>)]
2026-03-16 16:54:11 [http-nio-8080-exec-5] DEBUG o.s.orm.jpa.JpaTransactionManager - Closing JPA EntityManager [SessionImpl(1945517935<open>)] after transaction
2026-03-16 16:54:11 [http-nio-8080-exec-5] DEBUG c.c.p.s.jwt.JwtAuthenticationFilter - >>> [JwtFilter] Successfully authenticated user: USRCNFRM_99999999999, Authorities: [ROLE_ADMIN]
2026-03-16 16:54:11 [http-nio-8080-exec-5] DEBUG o.s.web.servlet.DispatcherServlet - GET "/api/v1/menu/left?menuNo=50", parameters={masked}
2026-03-16 16:54:11 [http-nio-8080-exec-5] TRACE o.s.w.s.m.m.a.RequestMappingHandlerMapping - Mapped to com.company.project.api.controller.menu.MenuController#getLeftMenu(Long)
2026-03-16 16:54:11 [http-nio-8080-exec-5] INFO  c.c.p.a.c.menu.MenuController - getLeftMenu called with menuNo=50
2026-03-16 16:54:11 [http-nio-8080-exec-5] DEBUG o.s.orm.jpa.JpaTransactionManager - Creating new transaction with name [com.company.project.service.menu.MenuService.getSubMenus]: PROPAGATION_REQUIRED,ISOLATION_DEFAULT,readOnly
2026-03-16 16:54:11 [http-nio-8080-exec-5] DEBUG o.s.orm.jpa.JpaTransactionManager - Opened new EntityManager [SessionImpl(1111580905<open>)] for JPA transaction
2026-03-16 16:54:11 [http-nio-8080-exec-5] DEBUG o.s.orm.jpa.JpaTransactionManager - Exposing JPA transaction as JDBC [org.springframework.orm.jpa.vendor.HibernateJpaDialect$HibernateConnectionHandle@49a23878]
2026-03-16 16:54:11 [http-nio-8080-exec-5] DEBUG org.hibernate.SQL - select m1_0.menu_no,m1_0.menu_dc,m1_0.menu_nm,m1_0.menu_ordr,m1_0.modern_route,m1_0.progrm_file_nm,m1_0.relate_image_nm,m1_0.relate_image_path,m1_0.route_updated_at,m1_0.upper_menu_no from nmenuinfo m1_0 order by m1_0.upper_menu_no,m1_0.menu_ordr
2026-03-16 16:54:12 [http-nio-8080-exec-5] DEBUG o.s.orm.jpa.JpaTransactionManager - Found thread-bound EntityManager [SessionImpl(1111580905<open>)] for JPA transaction
2026-03-16 16:54:12 [http-nio-8080-exec-5] DEBUG o.s.orm.jpa.JpaTransactionManager - Participating in existing transaction
2026-03-16 16:54:12 [http-nio-8080-exec-5] DEBUG org.hibernate.SQL - select p1_0.progrm_file_nm,p1_0.progrm_dc,p1_0.progrm_korean_nm,p1_0.progrm_stre_path,p1_0.url from nprogrmlist p1_0
2026-03-16 16:54:12 [http-nio-8080-exec-5] DEBUG o.s.orm.jpa.JpaTransactionManager - Initiating transaction commit
2026-03-16 16:54:12 [http-nio-8080-exec-5] DEBUG o.s.orm.jpa.JpaTransactionManager - Committing JPA transaction on EntityManager [SessionImpl(1111580905<open>)]
2026-03-16 16:54:12 [http-nio-8080-exec-5] DEBUG o.s.orm.jpa.JpaTransactionManager - Closing JPA EntityManager [SessionImpl(1111580905<open>)] after transaction
2026-03-16 16:54:12 [http-nio-8080-exec-5] INFO  c.c.p.a.c.menu.MenuController - getLeftMenu returned 3 items
2026-03-16 16:54:12 [http-nio-8080-exec-5] DEBUG o.s.w.s.m.m.a.HttpEntityMethodProcessor - Using 'application/json', given [application/json, text/plain, */*] and supported [application/json, application/*+json, application/yaml]
2026-03-16 16:54:12 [http-nio-8080-exec-5] TRACE o.s.w.s.m.m.a.HttpEntityMethodProcessor - Writing [ApiResponse[success=true, status=200, code=COMMON_001, message=Success, data={list=[com.company.project.service.menu.dto.MenuDto@1618702e, com.company.project.service.menu.dto.MenuDto@6d77052b, com.company.project.service.menu.dto.MenuDto@49d1f54e]}, timestamp=2026-03-16T16:54:12.440664300]]
2026-03-16 16:54:12 [http-nio-8080-exec-5] INFO  c.c.p.a.i.OperationalAuditInterceptor - API Audit Log: URL=/api/v1/menu/left, User=webmaster, IP=127.0.0.1
2026-03-16 16:54:12 [http-nio-8080-exec-5] DEBUG o.s.web.servlet.DispatcherServlet - Completed 200 OK
2026-03-16 16:54:12 [http-nio-8080-exec-1] DEBUG c.c.p.s.jwt.JwtAuthenticationFilter - >>> [JwtFilter] Processing request: GET /api/v1/menu/left
2026-03-16 16:54:12 [http-nio-8080-exec-1] DEBUG c.c.p.s.jwt.JwtAuthenticationFilter - >>> [JwtFilter] Found token in header for path: /api/v1/menu/left
2026-03-16 16:54:12 [http-nio-8080-exec-1] DEBUG o.s.orm.jpa.JpaTransactionManager - Creating new transaction with name [com.company.project.security.iam.CustomUserDetailsService.loadUserByUsername]: PROPAGATION_REQUIRED,ISOLATION_DEFAULT,readOnly
2026-03-16 16:54:12 [http-nio-8080-exec-1] DEBUG o.s.orm.jpa.JpaTransactionManager - Opened new EntityManager [SessionImpl(1008441742<open>)] for JPA transaction
2026-03-16 16:54:12 [http-nio-8080-exec-1] DEBUG o.s.orm.jpa.JpaTransactionManager - Exposing JPA transaction as JDBC [org.springframework.orm.jpa.vendor.HibernateJpaDialect$HibernateConnectionHandle@77a3d690]
2026-03-16 16:54:12 [http-nio-8080-exec-1] DEBUG o.s.orm.jpa.JpaTransactionManager - Found thread-bound EntityManager [SessionImpl(1008441742<open>)] for JPA transaction
2026-03-16 16:54:12 [http-nio-8080-exec-1] DEBUG o.s.orm.jpa.JpaTransactionManager - Participating in existing transaction
2026-03-16 16:54:12 [http-nio-8080-exec-1] DEBUG org.hibernate.SQL - select u1_0.emplyr_id,u1_0.area_no,u1_0.brthdy,u1_0.chg_pwd_cnt,u1_0.frst_register_id,u1_0.frst_regist_pnttm,u1_0.detail_adres,u1_0.email_adres,u1_0.emplyr_sttus_code,u1_0.empl_no,u1_0.esntl_id,u1_0.fxnum,u1_0.group_id,u1_0.house_adres,u1_0.house_end_telno,u1_0.house_middle_telno,u1_0.ihidnum,u1_0.pstinst_code,u1_0.last_updusr_id,u1_0.last_updt_pnttm,u1_0.lock_at,u1_0.lock_cnt,u1_0.lock_last_pnttm,u1_0.mbtlnum,u1_0.ofcps_nm,u1_0.offm_telno,u1_0.orgnzt_id,u1_0.password,u1_0.password_cnsr,u1_0.password_hint,u1_0.chg_pwd_last_pnttm,u1_0.role,u1_0.sbscrb_de,u1_0.sexdstn_code,u1_0.crtfc_dn_value,u1_0.user_nm,u1_0.zip from nemplyrinfo u1_0 where u1_0.emplyr_id=?
2026-03-16 16:54:12 [http-nio-8080-exec-1] DEBUG o.s.orm.jpa.JpaTransactionManager - Found thread-bound EntityManager [SessionImpl(1008441742<open>)] for JPA transaction
2026-03-16 16:54:12 [http-nio-8080-exec-1] DEBUG o.s.orm.jpa.JpaTransactionManager - Participating in existing transaction
2026-03-16 16:54:12 [http-nio-8080-exec-1] DEBUG org.hibernate.SQL - select ua1_0.scrty_dtrmn_trget_id,ua1_0.author_code,ua1_0.frst_register_id,ua1_0.frst_regist_pnttm,ua1_0.last_updusr_id,ua1_0.last_updt_pnttm,ua1_0.mber_ty_code from nemplyrscrtyestbs ua1_0 where ua1_0.scrty_dtrmn_trget_id=?
2026-03-16 16:54:12 [http-nio-8080-exec-1] DEBUG o.s.orm.jpa.JpaTransactionManager - Initiating transaction commit
2026-03-16 16:54:12 [http-nio-8080-exec-1] DEBUG o.s.orm.jpa.JpaTransactionManager - Committing JPA transaction on EntityManager [SessionImpl(1008441742<open>)]
2026-03-16 16:54:13 [http-nio-8080-exec-1] DEBUG o.s.orm.jpa.JpaTransactionManager - Closing JPA EntityManager [SessionImpl(1008441742<open>)] after transaction
2026-03-16 16:54:13 [http-nio-8080-exec-1] DEBUG c.c.p.s.jwt.JwtAuthenticationFilter - >>> [JwtFilter] Successfully authenticated user: USRCNFRM_99999999999, Authorities: [ROLE_ADMIN]
2026-03-16 16:54:13 [http-nio-8080-exec-1] DEBUG o.s.web.servlet.DispatcherServlet - GET "/api/v1/menu/left?menuNo=60", parameters={masked}
2026-03-16 16:54:13 [http-nio-8080-exec-1] TRACE o.s.w.s.m.m.a.RequestMappingHandlerMapping - Mapped to com.company.project.api.controller.menu.MenuController#getLeftMenu(Long)
2026-03-16 16:54:13 [http-nio-8080-exec-1] INFO  c.c.p.a.c.menu.MenuController - getLeftMenu called with menuNo=60
2026-03-16 16:54:13 [http-nio-8080-exec-1] DEBUG o.s.orm.jpa.JpaTransactionManager - Creating new transaction with name [com.company.project.service.menu.MenuService.getSubMenus]: PROPAGATION_REQUIRED,ISOLATION_DEFAULT,readOnly
2026-03-16 16:54:13 [http-nio-8080-exec-1] DEBUG o.s.orm.jpa.JpaTransactionManager - Opened new EntityManager [SessionImpl(706165642<open>)] for JPA transaction
2026-03-16 16:54:13 [http-nio-8080-exec-1] DEBUG o.s.orm.jpa.JpaTransactionManager - Exposing JPA transaction as JDBC [org.springframework.orm.jpa.vendor.HibernateJpaDialect$HibernateConnectionHandle@346635b]
2026-03-16 16:54:13 [http-nio-8080-exec-1] DEBUG org.hibernate.SQL - select m1_0.menu_no,m1_0.menu_dc,m1_0.menu_nm,m1_0.menu_ordr,m1_0.modern_route,m1_0.progrm_file_nm,m1_0.relate_image_nm,m1_0.relate_image_path,m1_0.route_updated_at,m1_0.upper_menu_no from nmenuinfo m1_0 order by m1_0.upper_menu_no,m1_0.menu_ordr
2026-03-16 16:54:13 [http-nio-8080-exec-1] DEBUG o.s.orm.jpa.JpaTransactionManager - Found thread-bound EntityManager [SessionImpl(706165642<open>)] for JPA transaction
2026-03-16 16:54:13 [http-nio-8080-exec-1] DEBUG o.s.orm.jpa.JpaTransactionManager - Participating in existing transaction
2026-03-16 16:54:13 [http-nio-8080-exec-1] DEBUG org.hibernate.SQL - select p1_0.progrm_file_nm,p1_0.progrm_dc,p1_0.progrm_korean_nm,p1_0.progrm_stre_path,p1_0.url from nprogrmlist p1_0
2026-03-16 16:54:13 [http-nio-8080-exec-1] DEBUG o.s.orm.jpa.JpaTransactionManager - Initiating transaction commit
2026-03-16 16:54:13 [http-nio-8080-exec-1] DEBUG o.s.orm.jpa.JpaTransactionManager - Committing JPA transaction on EntityManager [SessionImpl(706165642<open>)]
2026-03-16 16:54:13 [http-nio-8080-exec-1] DEBUG o.s.orm.jpa.JpaTransactionManager - Closing JPA EntityManager [SessionImpl(706165642<open>)] after transaction
2026-03-16 16:54:13 [http-nio-8080-exec-1] INFO  c.c.p.a.c.menu.MenuController - getLeftMenu returned 1 items
2026-03-16 16:54:13 [http-nio-8080-exec-1] DEBUG o.s.w.s.m.m.a.HttpEntityMethodProcessor - Using 'application/json', given [application/json, text/plain, */*] and supported [application/json, application/*+json, application/yaml]
2026-03-16 16:54:13 [http-nio-8080-exec-1] TRACE o.s.w.s.m.m.a.HttpEntityMethodProcessor - Writing [ApiResponse[success=true, status=200, code=COMMON_001, message=Success, data={list=[com.company.project.service.menu.dto.MenuDto@6c975645]}, timestamp=2026-03-16T16:54:13.686170800]]
2026-03-16 16:54:13 [http-nio-8080-exec-1] INFO  c.c.p.a.i.OperationalAuditInterceptor - API Audit Log: URL=/api/v1/menu/left, User=webmaster, IP=127.0.0.1
2026-03-16 16:54:13 [http-nio-8080-exec-1] DEBUG o.s.web.servlet.DispatcherServlet - Completed 200 OK
2026-03-16 16:54:16 [http-nio-8080-exec-7] DEBUG c.c.p.s.jwt.JwtAuthenticationFilter - >>> [JwtFilter] Processing request: GET /api/v1/admin/system/codes/cmmn
2026-03-16 16:54:16 [http-nio-8080-exec-4] DEBUG c.c.p.s.jwt.JwtAuthenticationFilter - >>> [JwtFilter] Processing request: GET /api/v1/admin/system/codes/cl
2026-03-16 16:54:16 [http-nio-8080-exec-3] DEBUG c.c.p.s.jwt.JwtAuthenticationFilter - >>> [JwtFilter] Processing request: GET /api/v1/menu/head
2026-03-16 16:54:16 [http-nio-8080-exec-7] DEBUG c.c.p.s.jwt.JwtAuthenticationFilter - >>> [JwtFilter] Found token in header for path: /api/v1/admin/system/codes/cmmn
2026-03-16 16:54:16 [http-nio-8080-exec-3] DEBUG c.c.p.s.jwt.JwtAuthenticationFilter - >>> [JwtFilter] Found token in header for path: /api/v1/menu/head
2026-03-16 16:54:16 [http-nio-8080-exec-4] DEBUG c.c.p.s.jwt.JwtAuthenticationFilter - >>> [JwtFilter] Found token in header for path: /api/v1/admin/system/codes/cl
2026-03-16 16:54:16 [http-nio-8080-exec-4] DEBUG o.s.orm.jpa.JpaTransactionManager - Creating new transaction with name [com.company.project.security.iam.CustomUserDetailsService.loadUserByUsername]: PROPAGATION_REQUIRED,ISOLATION_DEFAULT,readOnly
2026-03-16 16:54:16 [http-nio-8080-exec-3] DEBUG o.s.orm.jpa.JpaTransactionManager - Creating new transaction with name [com.company.project.security.iam.CustomUserDetailsService.loadUserByUsername]: PROPAGATION_REQUIRED,ISOLATION_DEFAULT,readOnly
2026-03-16 16:54:16 [http-nio-8080-exec-4] DEBUG o.s.orm.jpa.JpaTransactionManager - Opened new EntityManager [SessionImpl(2113139842<open>)] for JPA transaction
2026-03-16 16:54:16 [http-nio-8080-exec-7] DEBUG o.s.orm.jpa.JpaTransactionManager - Creating new transaction with name [com.company.project.security.iam.CustomUserDetailsService.loadUserByUsername]: PROPAGATION_REQUIRED,ISOLATION_DEFAULT,readOnly
2026-03-16 16:54:16 [http-nio-8080-exec-3] DEBUG o.s.orm.jpa.JpaTransactionManager - Opened new EntityManager [SessionImpl(1313539578<open>)] for JPA transaction
2026-03-16 16:54:16 [http-nio-8080-exec-7] DEBUG o.s.orm.jpa.JpaTransactionManager - Opened new EntityManager [SessionImpl(938337042<open>)] for JPA transaction
2026-03-16 16:54:17 [http-nio-8080-exec-4] DEBUG o.s.orm.jpa.JpaTransactionManager - Exposing JPA transaction as JDBC [org.springframework.orm.jpa.vendor.HibernateJpaDialect$HibernateConnectionHandle@4431c1fa]
2026-03-16 16:54:17 [http-nio-8080-exec-4] DEBUG o.s.orm.jpa.JpaTransactionManager - Found thread-bound EntityManager [SessionImpl(2113139842<open>)] for JPA transaction
2026-03-16 16:54:17 [http-nio-8080-exec-4] DEBUG o.s.orm.jpa.JpaTransactionManager - Participating in existing transaction
2026-03-16 16:54:17 [http-nio-8080-exec-4] DEBUG org.hibernate.SQL - select u1_0.emplyr_id,u1_0.area_no,u1_0.brthdy,u1_0.chg_pwd_cnt,u1_0.frst_register_id,u1_0.frst_regist_pnttm,u1_0.detail_adres,u1_0.email_adres,u1_0.emplyr_sttus_code,u1_0.empl_no,u1_0.esntl_id,u1_0.fxnum,u1_0.group_id,u1_0.house_adres,u1_0.house_end_telno,u1_0.house_middle_telno,u1_0.ihidnum,u1_0.pstinst_code,u1_0.last_updusr_id,u1_0.last_updt_pnttm,u1_0.lock_at,u1_0.lock_cnt,u1_0.lock_last_pnttm,u1_0.mbtlnum,u1_0.ofcps_nm,u1_0.offm_telno,u1_0.orgnzt_id,u1_0.password,u1_0.password_cnsr,u1_0.password_hint,u1_0.chg_pwd_last_pnttm,u1_0.role,u1_0.sbscrb_de,u1_0.sexdstn_code,u1_0.crtfc_dn_value,u1_0.user_nm,u1_0.zip from nemplyrinfo u1_0 where u1_0.emplyr_id=?
2026-03-16 16:54:17 [http-nio-8080-exec-7] DEBUG o.s.orm.jpa.JpaTransactionManager - Exposing JPA transaction as JDBC [org.springframework.orm.jpa.vendor.HibernateJpaDialect$HibernateConnectionHandle@433bd7e1]
2026-03-16 16:54:17 [http-nio-8080-exec-3] DEBUG o.s.orm.jpa.JpaTransactionManager - Exposing JPA transaction as JDBC [org.springframework.orm.jpa.vendor.HibernateJpaDialect$HibernateConnectionHandle@7f34b151]
2026-03-16 16:54:17 [http-nio-8080-exec-7] DEBUG o.s.orm.jpa.JpaTransactionManager - Found thread-bound EntityManager [SessionImpl(938337042<open>)] for JPA transaction
2026-03-16 16:54:17 [http-nio-8080-exec-3] DEBUG o.s.orm.jpa.JpaTransactionManager - Found thread-bound EntityManager [SessionImpl(1313539578<open>)] for JPA transaction
2026-03-16 16:54:17 [http-nio-8080-exec-7] DEBUG o.s.orm.jpa.JpaTransactionManager - Participating in existing transaction
2026-03-16 16:54:17 [http-nio-8080-exec-3] DEBUG o.s.orm.jpa.JpaTransactionManager - Participating in existing transaction
2026-03-16 16:54:17 [http-nio-8080-exec-3] DEBUG org.hibernate.SQL - select u1_0.emplyr_id,u1_0.area_no,u1_0.brthdy,u1_0.chg_pwd_cnt,u1_0.frst_register_id,u1_0.frst_regist_pnttm,u1_0.detail_adres,u1_0.email_adres,u1_0.emplyr_sttus_code,u1_0.empl_no,u1_0.esntl_id,u1_0.fxnum,u1_0.group_id,u1_0.house_adres,u1_0.house_end_telno,u1_0.house_middle_telno,u1_0.ihidnum,u1_0.pstinst_code,u1_0.last_updusr_id,u1_0.last_updt_pnttm,u1_0.lock_at,u1_0.lock_cnt,u1_0.lock_last_pnttm,u1_0.mbtlnum,u1_0.ofcps_nm,u1_0.offm_telno,u1_0.orgnzt_id,u1_0.password,u1_0.password_cnsr,u1_0.password_hint,u1_0.chg_pwd_last_pnttm,u1_0.role,u1_0.sbscrb_de,u1_0.sexdstn_code,u1_0.crtfc_dn_value,u1_0.user_nm,u1_0.zip from nemplyrinfo u1_0 where u1_0.emplyr_id=?
2026-03-16 16:54:17 [http-nio-8080-exec-7] DEBUG org.hibernate.SQL - select u1_0.emplyr_id,u1_0.area_no,u1_0.brthdy,u1_0.chg_pwd_cnt,u1_0.frst_register_id,u1_0.frst_regist_pnttm,u1_0.detail_adres,u1_0.email_adres,u1_0.emplyr_sttus_code,u1_0.empl_no,u1_0.esntl_id,u1_0.fxnum,u1_0.group_id,u1_0.house_adres,u1_0.house_end_telno,u1_0.house_middle_telno,u1_0.ihidnum,u1_0.pstinst_code,u1_0.last_updusr_id,u1_0.last_updt_pnttm,u1_0.lock_at,u1_0.lock_cnt,u1_0.lock_last_pnttm,u1_0.mbtlnum,u1_0.ofcps_nm,u1_0.offm_telno,u1_0.orgnzt_id,u1_0.password,u1_0.password_cnsr,u1_0.password_hint,u1_0.chg_pwd_last_pnttm,u1_0.role,u1_0.sbscrb_de,u1_0.sexdstn_code,u1_0.crtfc_dn_value,u1_0.user_nm,u1_0.zip from nemplyrinfo u1_0 where u1_0.emplyr_id=?
2026-03-16 16:54:17 [http-nio-8080-exec-4] DEBUG o.s.orm.jpa.JpaTransactionManager - Found thread-bound EntityManager [SessionImpl(2113139842<open>)] for JPA transaction
2026-03-16 16:54:17 [http-nio-8080-exec-4] DEBUG o.s.orm.jpa.JpaTransactionManager - Participating in existing transaction
2026-03-16 16:54:17 [http-nio-8080-exec-4] DEBUG org.hibernate.SQL - select ua1_0.scrty_dtrmn_trget_id,ua1_0.author_code,ua1_0.frst_register_id,ua1_0.frst_regist_pnttm,ua1_0.last_updusr_id,ua1_0.last_updt_pnttm,ua1_0.mber_ty_code from nemplyrscrtyestbs ua1_0 where ua1_0.scrty_dtrmn_trget_id=?
2026-03-16 16:54:17 [http-nio-8080-exec-3] DEBUG o.s.orm.jpa.JpaTransactionManager - Found thread-bound EntityManager [SessionImpl(1313539578<open>)] for JPA transaction
2026-03-16 16:54:17 [http-nio-8080-exec-3] DEBUG o.s.orm.jpa.JpaTransactionManager - Participating in existing transaction
2026-03-16 16:54:17 [http-nio-8080-exec-3] DEBUG org.hibernate.SQL - select ua1_0.scrty_dtrmn_trget_id,ua1_0.author_code,ua1_0.frst_register_id,ua1_0.frst_regist_pnttm,ua1_0.last_updusr_id,ua1_0.last_updt_pnttm,ua1_0.mber_ty_code from nemplyrscrtyestbs ua1_0 where ua1_0.scrty_dtrmn_trget_id=?
2026-03-16 16:54:17 [http-nio-8080-exec-7] DEBUG o.s.orm.jpa.JpaTransactionManager - Found thread-bound EntityManager [SessionImpl(938337042<open>)] for JPA transaction
2026-03-16 16:54:17 [http-nio-8080-exec-7] DEBUG o.s.orm.jpa.JpaTransactionManager - Participating in existing transaction
2026-03-16 16:54:17 [http-nio-8080-exec-7] DEBUG org.hibernate.SQL - select ua1_0.scrty_dtrmn_trget_id,ua1_0.author_code,ua1_0.frst_register_id,ua1_0.frst_regist_pnttm,ua1_0.last_updusr_id,ua1_0.last_updt_pnttm,ua1_0.mber_ty_code from nemplyrscrtyestbs ua1_0 where ua1_0.scrty_dtrmn_trget_id=?
2026-03-16 16:54:17 [http-nio-8080-exec-4] DEBUG o.s.orm.jpa.JpaTransactionManager - Initiating transaction commit
2026-03-16 16:54:17 [http-nio-8080-exec-4] DEBUG o.s.orm.jpa.JpaTransactionManager - Committing JPA transaction on EntityManager [SessionImpl(2113139842<open>)]
2026-03-16 16:54:17 [http-nio-8080-exec-3] DEBUG o.s.orm.jpa.JpaTransactionManager - Initiating transaction commit
2026-03-16 16:54:17 [http-nio-8080-exec-7] DEBUG o.s.orm.jpa.JpaTransactionManager - Initiating transaction commit
2026-03-16 16:54:17 [http-nio-8080-exec-3] DEBUG o.s.orm.jpa.JpaTransactionManager - Committing JPA transaction on EntityManager [SessionImpl(1313539578<open>)]
2026-03-16 16:54:17 [http-nio-8080-exec-7] DEBUG o.s.orm.jpa.JpaTransactionManager - Committing JPA transaction on EntityManager [SessionImpl(938337042<open>)]
2026-03-16 16:54:17 [http-nio-8080-exec-4] DEBUG o.s.orm.jpa.JpaTransactionManager - Closing JPA EntityManager [SessionImpl(2113139842<open>)] after transaction
2026-03-16 16:54:17 [http-nio-8080-exec-4] DEBUG c.c.p.s.jwt.JwtAuthenticationFilter - >>> [JwtFilter] Successfully authenticated user: USRCNFRM_99999999999, Authorities: [ROLE_ADMIN]
2026-03-16 16:54:17 [http-nio-8080-exec-4] DEBUG o.s.web.servlet.DispatcherServlet - GET "/api/v1/admin/system/codes/cl?pageUnit=999", parameters={masked}
2026-03-16 16:54:17 [http-nio-8080-exec-4] TRACE o.s.w.s.m.m.a.RequestMappingHandlerMapping - Mapped to com.company.project.api.controller.code.CommonCodeApiController#getClCodeList(ComDefaultVO)
2026-03-16 16:54:17 [http-nio-8080-exec-4] DEBUG o.s.o.j.SharedEntityManagerCreator$SharedEntityManagerInvocationHandler - Creating new EntityManager for shared EntityManager invocation
2026-03-16 16:54:17 [http-nio-8080-exec-3] DEBUG o.s.orm.jpa.JpaTransactionManager - Closing JPA EntityManager [SessionImpl(1313539578<open>)] after transaction
2026-03-16 16:54:17 [http-nio-8080-exec-7] DEBUG o.s.orm.jpa.JpaTransactionManager - Closing JPA EntityManager [SessionImpl(938337042<open>)] after transaction
2026-03-16 16:54:17 [http-nio-8080-exec-3] DEBUG c.c.p.s.jwt.JwtAuthenticationFilter - >>> [JwtFilter] Successfully authenticated user: USRCNFRM_99999999999, Authorities: [ROLE_ADMIN]
2026-03-16 16:54:17 [http-nio-8080-exec-7] DEBUG c.c.p.s.jwt.JwtAuthenticationFilter - >>> [JwtFilter] Successfully authenticated user: USRCNFRM_99999999999, Authorities: [ROLE_ADMIN]
2026-03-16 16:54:17 [http-nio-8080-exec-3] DEBUG o.s.web.servlet.DispatcherServlet - GET "/api/v1/menu/head", parameters={}
2026-03-16 16:54:17 [http-nio-8080-exec-7] DEBUG o.s.web.servlet.DispatcherServlet - GET "/api/v1/admin/system/codes/cmmn?pageUnit=999", parameters={masked}
2026-03-16 16:54:17 [http-nio-8080-exec-3] TRACE o.s.w.s.m.m.a.RequestMappingHandlerMapping - Mapped to com.company.project.api.controller.menu.MenuController#getHeadMenu()
2026-03-16 16:54:17 [http-nio-8080-exec-7] TRACE o.s.w.s.m.m.a.RequestMappingHandlerMapping - Mapped to com.company.project.api.controller.code.CommonCodeApiController#getCmmnCodeList(ComDefaultVO)
2026-03-16 16:54:17 [http-nio-8080-exec-3] INFO  c.c.p.a.c.menu.MenuController - getHeadMenu called
2026-03-16 16:54:17 [http-nio-8080-exec-3] INFO  c.c.p.a.c.menu.MenuController - getHeadMenu returned 5 items
2026-03-16 16:54:17 [http-nio-8080-exec-3] DEBUG o.s.w.s.m.m.a.HttpEntityMethodProcessor - Using 'application/json', given [application/json, text/plain, */*] and supported [application/json, application/*+json, application/yaml]
2026-03-16 16:54:17 [http-nio-8080-exec-3] TRACE o.s.w.s.m.m.a.HttpEntityMethodProcessor - Writing [ApiResponse[success=true, status=200, code=COMMON_001, message=Success, data={list=[com.company.project.service.menu.dto.MenuDto@2b80d6b0, com.company.project.service.menu.dto.MenuDto@1418cfa3, com.company.project.service.menu.dto.MenuDto@f230bf1, com.company.project.service.menu.dto.MenuDto@734a7f6a, com.company.project.service.menu.dto.MenuDto@5e5202e5]}, timestamp=2026-03-16T16:54:17.492878700]]
2026-03-16 16:54:17 [http-nio-8080-exec-3] INFO  c.c.p.a.i.OperationalAuditInterceptor - API Audit Log: URL=/api/v1/menu/head, User=webmaster, IP=0:0:0:0:0:0:0:1
2026-03-16 16:54:17 [http-nio-8080-exec-3] DEBUG o.s.web.servlet.DispatcherServlet - Completed 200 OK
2026-03-16 16:54:17 [http-nio-8080-exec-9] DEBUG c.c.p.s.jwt.JwtAuthenticationFilter - >>> [JwtFilter] Processing request: GET /api/v1/menu/left
2026-03-16 16:54:17 [http-nio-8080-exec-9] DEBUG c.c.p.s.jwt.JwtAuthenticationFilter - >>> [JwtFilter] Found token in header for path: /api/v1/menu/left
2026-03-16 16:54:17 [http-nio-8080-exec-9] DEBUG o.s.orm.jpa.JpaTransactionManager - Creating new transaction with name [com.company.project.security.iam.CustomUserDetailsService.loadUserByUsername]: PROPAGATION_REQUIRED,ISOLATION_DEFAULT,readOnly
2026-03-16 16:54:17 [http-nio-8080-exec-9] DEBUG o.s.orm.jpa.JpaTransactionManager - Opened new EntityManager [SessionImpl(63007573<open>)] for JPA transaction
2026-03-16 16:54:17 [http-nio-8080-exec-8] DEBUG c.c.p.s.jwt.JwtAuthenticationFilter - >>> [JwtFilter] Processing request: GET /api/v1/menu/left
2026-03-16 16:54:17 [http-nio-8080-exec-8] DEBUG c.c.p.s.jwt.JwtAuthenticationFilter - >>> [JwtFilter] Found token in header for path: /api/v1/menu/left
2026-03-16 16:54:17 [http-nio-8080-exec-2] DEBUG c.c.p.s.jwt.JwtAuthenticationFilter - >>> [JwtFilter] Processing request: GET /api/v1/menu/left
2026-03-16 16:54:17 [http-nio-8080-exec-10] DEBUG c.c.p.s.jwt.JwtAuthenticationFilter - >>> [JwtFilter] Processing request: GET /api/v1/menu/left
2026-03-16 16:54:17 [http-nio-8080-exec-2] DEBUG c.c.p.s.jwt.JwtAuthenticationFilter - >>> [JwtFilter] Found token in header for path: /api/v1/menu/left
2026-03-16 16:54:17 [http-nio-8080-exec-6] DEBUG c.c.p.s.jwt.JwtAuthenticationFilter - >>> [JwtFilter] Processing request: GET /api/v1/menu/left
2026-03-16 16:54:17 [http-nio-8080-exec-10] DEBUG c.c.p.s.jwt.JwtAuthenticationFilter - >>> [JwtFilter] Found token in header for path: /api/v1/menu/left
2026-03-16 16:54:17 [http-nio-8080-exec-6] DEBUG c.c.p.s.jwt.JwtAuthenticationFilter - >>> [JwtFilter] Found token in header for path: /api/v1/menu/left
2026-03-16 16:54:17 [http-nio-8080-exec-8] DEBUG o.s.orm.jpa.JpaTransactionManager - Creating new transaction with name [com.company.project.security.iam.CustomUserDetailsService.loadUserByUsername]: PROPAGATION_REQUIRED,ISOLATION_DEFAULT,readOnly
2026-03-16 16:54:17 [http-nio-8080-exec-10] DEBUG o.s.orm.jpa.JpaTransactionManager - Creating new transaction with name [com.company.project.security.iam.CustomUserDetailsService.loadUserByUsername]: PROPAGATION_REQUIRED,ISOLATION_DEFAULT,readOnly
2026-03-16 16:54:17 [http-nio-8080-exec-8] DEBUG o.s.orm.jpa.JpaTransactionManager - Opened new EntityManager [SessionImpl(850780496<open>)] for JPA transaction
2026-03-16 16:54:17 [http-nio-8080-exec-6] DEBUG o.s.orm.jpa.JpaTransactionManager - Creating new transaction with name [com.company.project.security.iam.CustomUserDetailsService.loadUserByUsername]: PROPAGATION_REQUIRED,ISOLATION_DEFAULT,readOnly
2026-03-16 16:54:17 [http-nio-8080-exec-2] DEBUG o.s.orm.jpa.JpaTransactionManager - Creating new transaction with name [com.company.project.security.iam.CustomUserDetailsService.loadUserByUsername]: PROPAGATION_REQUIRED,ISOLATION_DEFAULT,readOnly
2026-03-16 16:54:17 [http-nio-8080-exec-10] DEBUG o.s.orm.jpa.JpaTransactionManager - Opened new EntityManager [SessionImpl(1301255323<open>)] for JPA transaction
2026-03-16 16:54:17 [http-nio-8080-exec-6] DEBUG o.s.orm.jpa.JpaTransactionManager - Opened new EntityManager [SessionImpl(2131729724<open>)] for JPA transaction
2026-03-16 16:54:17 [http-nio-8080-exec-2] DEBUG o.s.orm.jpa.JpaTransactionManager - Opened new EntityManager [SessionImpl(40043561<open>)] for JPA transaction
2026-03-16 16:54:17 [http-nio-8080-exec-7] DEBUG o.s.o.j.SharedEntityManagerCreator$SharedEntityManagerInvocationHandler - Creating new EntityManager for shared EntityManager invocation
2026-03-16 16:54:17 [http-nio-8080-exec-4] DEBUG org.hibernate.SQL - select ccc1_0.cl_code,ccc1_0.cl_code_dc,ccc1_0.cl_code_nm,ccc1_0.frst_regist_pnttm,ccc1_0.frst_register_id,ccc1_0.last_updt_pnttm,ccc1_0.last_updusr_id,ccc1_0.use_at from ccmmnclcode ccc1_0 offset ? rows fetch first ? rows only
2026-03-16 16:54:17 [http-nio-8080-exec-7] DEBUG org.hibernate.SQL - select ccg1_0.code_id,ccg1_0.code_id_nm,ccg1_0.code_id_dc,ccg1_0.cl_code,ccc1_0.cl_code_nm,ccg1_0.use_at from ccmmncode ccg1_0 left join ccmmnclcode ccc1_0 on ccg1_0.cl_code=ccc1_0.cl_code offset ? rows fetch first ? rows only
2026-03-16 16:54:17 [http-nio-8080-exec-9] DEBUG o.s.orm.jpa.JpaTransactionManager - Exposing JPA transaction as JDBC [org.springframework.orm.jpa.vendor.HibernateJpaDialect$HibernateConnectionHandle@66e1f871]
2026-03-16 16:54:17 [http-nio-8080-exec-9] DEBUG o.s.orm.jpa.JpaTransactionManager - Found thread-bound EntityManager [SessionImpl(63007573<open>)] for JPA transaction
2026-03-16 16:54:17 [http-nio-8080-exec-9] DEBUG o.s.orm.jpa.JpaTransactionManager - Participating in existing transaction
2026-03-16 16:54:17 [http-nio-8080-exec-9] DEBUG org.hibernate.SQL - select u1_0.emplyr_id,u1_0.area_no,u1_0.brthdy,u1_0.chg_pwd_cnt,u1_0.frst_register_id,u1_0.frst_regist_pnttm,u1_0.detail_adres,u1_0.email_adres,u1_0.emplyr_sttus_code,u1_0.empl_no,u1_0.esntl_id,u1_0.fxnum,u1_0.group_id,u1_0.house_adres,u1_0.house_end_telno,u1_0.house_middle_telno,u1_0.ihidnum,u1_0.pstinst_code,u1_0.last_updusr_id,u1_0.last_updt_pnttm,u1_0.lock_at,u1_0.lock_cnt,u1_0.lock_last_pnttm,u1_0.mbtlnum,u1_0.ofcps_nm,u1_0.offm_telno,u1_0.orgnzt_id,u1_0.password,u1_0.password_cnsr,u1_0.password_hint,u1_0.chg_pwd_last_pnttm,u1_0.role,u1_0.sbscrb_de,u1_0.sexdstn_code,u1_0.crtfc_dn_value,u1_0.user_nm,u1_0.zip from nemplyrinfo u1_0 where u1_0.emplyr_id=?
2026-03-16 16:54:17 [http-nio-8080-exec-2] DEBUG o.s.orm.jpa.JpaTransactionManager - Exposing JPA transaction as JDBC [org.springframework.orm.jpa.vendor.HibernateJpaDialect$HibernateConnectionHandle@4db8d172]
2026-03-16 16:54:17 [http-nio-8080-exec-2] DEBUG o.s.orm.jpa.JpaTransactionManager - Found thread-bound EntityManager [SessionImpl(40043561<open>)] for JPA transaction
2026-03-16 16:54:17 [http-nio-8080-exec-2] DEBUG o.s.orm.jpa.JpaTransactionManager - Participating in existing transaction
2026-03-16 16:54:17 [http-nio-8080-exec-2] DEBUG org.hibernate.SQL - select u1_0.emplyr_id,u1_0.area_no,u1_0.brthdy,u1_0.chg_pwd_cnt,u1_0.frst_register_id,u1_0.frst_regist_pnttm,u1_0.detail_adres,u1_0.email_adres,u1_0.emplyr_sttus_code,u1_0.empl_no,u1_0.esntl_id,u1_0.fxnum,u1_0.group_id,u1_0.house_adres,u1_0.house_end_telno,u1_0.house_middle_telno,u1_0.ihidnum,u1_0.pstinst_code,u1_0.last_updusr_id,u1_0.last_updt_pnttm,u1_0.lock_at,u1_0.lock_cnt,u1_0.lock_last_pnttm,u1_0.mbtlnum,u1_0.ofcps_nm,u1_0.offm_telno,u1_0.orgnzt_id,u1_0.password,u1_0.password_cnsr,u1_0.password_hint,u1_0.chg_pwd_last_pnttm,u1_0.role,u1_0.sbscrb_de,u1_0.sexdstn_code,u1_0.crtfc_dn_value,u1_0.user_nm,u1_0.zip from nemplyrinfo u1_0 where u1_0.emplyr_id=?
2026-03-16 16:54:17 [http-nio-8080-exec-8] DEBUG o.s.orm.jpa.JpaTransactionManager - Exposing JPA transaction as JDBC [org.springframework.orm.jpa.vendor.HibernateJpaDialect$HibernateConnectionHandle@5b0b4567]
2026-03-16 16:54:17 [http-nio-8080-exec-10] DEBUG o.s.orm.jpa.JpaTransactionManager - Exposing JPA transaction as JDBC [org.springframework.orm.jpa.vendor.HibernateJpaDialect$HibernateConnectionHandle@3e683f6]
2026-03-16 16:54:17 [http-nio-8080-exec-8] DEBUG o.s.orm.jpa.JpaTransactionManager - Found thread-bound EntityManager [SessionImpl(850780496<open>)] for JPA transaction
2026-03-16 16:54:17 [http-nio-8080-exec-8] DEBUG o.s.orm.jpa.JpaTransactionManager - Participating in existing transaction
2026-03-16 16:54:17 [http-nio-8080-exec-10] DEBUG o.s.orm.jpa.JpaTransactionManager - Found thread-bound EntityManager [SessionImpl(1301255323<open>)] for JPA transaction
2026-03-16 16:54:17 [http-nio-8080-exec-10] DEBUG o.s.orm.jpa.JpaTransactionManager - Participating in existing transaction
2026-03-16 16:54:17 [http-nio-8080-exec-8] DEBUG org.hibernate.SQL - select u1_0.emplyr_id,u1_0.area_no,u1_0.brthdy,u1_0.chg_pwd_cnt,u1_0.frst_register_id,u1_0.frst_regist_pnttm,u1_0.detail_adres,u1_0.email_adres,u1_0.emplyr_sttus_code,u1_0.empl_no,u1_0.esntl_id,u1_0.fxnum,u1_0.group_id,u1_0.house_adres,u1_0.house_end_telno,u1_0.house_middle_telno,u1_0.ihidnum,u1_0.pstinst_code,u1_0.last_updusr_id,u1_0.last_updt_pnttm,u1_0.lock_at,u1_0.lock_cnt,u1_0.lock_last_pnttm,u1_0.mbtlnum,u1_0.ofcps_nm,u1_0.offm_telno,u1_0.orgnzt_id,u1_0.password,u1_0.password_cnsr,u1_0.password_hint,u1_0.chg_pwd_last_pnttm,u1_0.role,u1_0.sbscrb_de,u1_0.sexdstn_code,u1_0.crtfc_dn_value,u1_0.user_nm,u1_0.zip from nemplyrinfo u1_0 where u1_0.emplyr_id=?
2026-03-16 16:54:17 [http-nio-8080-exec-10] DEBUG org.hibernate.SQL - select u1_0.emplyr_id,u1_0.area_no,u1_0.brthdy,u1_0.chg_pwd_cnt,u1_0.frst_register_id,u1_0.frst_regist_pnttm,u1_0.detail_adres,u1_0.email_adres,u1_0.emplyr_sttus_code,u1_0.empl_no,u1_0.esntl_id,u1_0.fxnum,u1_0.group_id,u1_0.house_adres,u1_0.house_end_telno,u1_0.house_middle_telno,u1_0.ihidnum,u1_0.pstinst_code,u1_0.last_updusr_id,u1_0.last_updt_pnttm,u1_0.lock_at,u1_0.lock_cnt,u1_0.lock_last_pnttm,u1_0.mbtlnum,u1_0.ofcps_nm,u1_0.offm_telno,u1_0.orgnzt_id,u1_0.password,u1_0.password_cnsr,u1_0.password_hint,u1_0.chg_pwd_last_pnttm,u1_0.role,u1_0.sbscrb_de,u1_0.sexdstn_code,u1_0.crtfc_dn_value,u1_0.user_nm,u1_0.zip from nemplyrinfo u1_0 where u1_0.emplyr_id=?
2026-03-16 16:54:17 [http-nio-8080-exec-6] DEBUG o.s.orm.jpa.JpaTransactionManager - Exposing JPA transaction as JDBC [org.springframework.orm.jpa.vendor.HibernateJpaDialect$HibernateConnectionHandle@2884e53b]
2026-03-16 16:54:17 [http-nio-8080-exec-6] DEBUG o.s.orm.jpa.JpaTransactionManager - Found thread-bound EntityManager [SessionImpl(2131729724<open>)] for JPA transaction
2026-03-16 16:54:17 [http-nio-8080-exec-6] DEBUG o.s.orm.jpa.JpaTransactionManager - Participating in existing transaction
2026-03-16 16:54:17 [http-nio-8080-exec-6] DEBUG org.hibernate.SQL - select u1_0.emplyr_id,u1_0.area_no,u1_0.brthdy,u1_0.chg_pwd_cnt,u1_0.frst_register_id,u1_0.frst_regist_pnttm,u1_0.detail_adres,u1_0.email_adres,u1_0.emplyr_sttus_code,u1_0.empl_no,u1_0.esntl_id,u1_0.fxnum,u1_0.group_id,u1_0.house_adres,u1_0.house_end_telno,u1_0.house_middle_telno,u1_0.ihidnum,u1_0.pstinst_code,u1_0.last_updusr_id,u1_0.last_updt_pnttm,u1_0.lock_at,u1_0.lock_cnt,u1_0.lock_last_pnttm,u1_0.mbtlnum,u1_0.ofcps_nm,u1_0.offm_telno,u1_0.orgnzt_id,u1_0.password,u1_0.password_cnsr,u1_0.password_hint,u1_0.chg_pwd_last_pnttm,u1_0.role,u1_0.sbscrb_de,u1_0.sexdstn_code,u1_0.crtfc_dn_value,u1_0.user_nm,u1_0.zip from nemplyrinfo u1_0 where u1_0.emplyr_id=?
2026-03-16 16:54:17 [http-nio-8080-exec-4] DEBUG o.s.o.j.SharedEntityManagerCreator$SharedEntityManagerInvocationHandler - Creating new EntityManager for shared EntityManager invocation
2026-03-16 16:54:17 [http-nio-8080-exec-4] DEBUG org.hibernate.SQL - select count(ccc1_0.cl_code) from ccmmnclcode ccc1_0
2026-03-16 16:54:17 [http-nio-8080-exec-7] DEBUG o.s.o.j.SharedEntityManagerCreator$SharedEntityManagerInvocationHandler - Creating new EntityManager for shared EntityManager invocation
2026-03-16 16:54:17 [http-nio-8080-exec-7] DEBUG org.hibernate.SQL - select count(ccg1_0.code_id) from ccmmncode ccg1_0
2026-03-16 16:54:17 [http-nio-8080-exec-9] DEBUG o.s.orm.jpa.JpaTransactionManager - Found thread-bound EntityManager [SessionImpl(63007573<open>)] for JPA transaction
2026-03-16 16:54:17 [http-nio-8080-exec-9] DEBUG o.s.orm.jpa.JpaTransactionManager - Participating in existing transaction
2026-03-16 16:54:17 [http-nio-8080-exec-9] DEBUG org.hibernate.SQL - select ua1_0.scrty_dtrmn_trget_id,ua1_0.author_code,ua1_0.frst_register_id,ua1_0.frst_regist_pnttm,ua1_0.last_updusr_id,ua1_0.last_updt_pnttm,ua1_0.mber_ty_code from nemplyrscrtyestbs ua1_0 where ua1_0.scrty_dtrmn_trget_id=?
2026-03-16 16:54:17 [http-nio-8080-exec-2] DEBUG o.s.orm.jpa.JpaTransactionManager - Found thread-bound EntityManager [SessionImpl(40043561<open>)] for JPA transaction
2026-03-16 16:54:17 [http-nio-8080-exec-2] DEBUG o.s.orm.jpa.JpaTransactionManager - Participating in existing transaction
2026-03-16 16:54:17 [http-nio-8080-exec-10] DEBUG o.s.orm.jpa.JpaTransactionManager - Found thread-bound EntityManager [SessionImpl(1301255323<open>)] for JPA transaction
2026-03-16 16:54:17 [http-nio-8080-exec-2] DEBUG org.hibernate.SQL - select ua1_0.scrty_dtrmn_trget_id,ua1_0.author_code,ua1_0.frst_register_id,ua1_0.frst_regist_pnttm,ua1_0.last_updusr_id,ua1_0.last_updt_pnttm,ua1_0.mber_ty_code from nemplyrscrtyestbs ua1_0 where ua1_0.scrty_dtrmn_trget_id=?
2026-03-16 16:54:17 [http-nio-8080-exec-10] DEBUG o.s.orm.jpa.JpaTransactionManager - Participating in existing transaction
2026-03-16 16:54:17 [http-nio-8080-exec-6] DEBUG o.s.orm.jpa.JpaTransactionManager - Found thread-bound EntityManager [SessionImpl(2131729724<open>)] for JPA transaction
2026-03-16 16:54:17 [http-nio-8080-exec-8] DEBUG o.s.orm.jpa.JpaTransactionManager - Found thread-bound EntityManager [SessionImpl(850780496<open>)] for JPA transaction
2026-03-16 16:54:17 [http-nio-8080-exec-6] DEBUG o.s.orm.jpa.JpaTransactionManager - Participating in existing transaction
2026-03-16 16:54:17 [http-nio-8080-exec-10] DEBUG org.hibernate.SQL - select ua1_0.scrty_dtrmn_trget_id,ua1_0.author_code,ua1_0.frst_register_id,ua1_0.frst_regist_pnttm,ua1_0.last_updusr_id,ua1_0.last_updt_pnttm,ua1_0.mber_ty_code from nemplyrscrtyestbs ua1_0 where ua1_0.scrty_dtrmn_trget_id=?
2026-03-16 16:54:17 [http-nio-8080-exec-8] DEBUG o.s.orm.jpa.JpaTransactionManager - Participating in existing transaction
2026-03-16 16:54:17 [http-nio-8080-exec-6] DEBUG org.hibernate.SQL - select ua1_0.scrty_dtrmn_trget_id,ua1_0.author_code,ua1_0.frst_register_id,ua1_0.frst_regist_pnttm,ua1_0.last_updusr_id,ua1_0.last_updt_pnttm,ua1_0.mber_ty_code from nemplyrscrtyestbs ua1_0 where ua1_0.scrty_dtrmn_trget_id=?
2026-03-16 16:54:17 [http-nio-8080-exec-8] DEBUG org.hibernate.SQL - select ua1_0.scrty_dtrmn_trget_id,ua1_0.author_code,ua1_0.frst_register_id,ua1_0.frst_regist_pnttm,ua1_0.last_updusr_id,ua1_0.last_updt_pnttm,ua1_0.mber_ty_code from nemplyrscrtyestbs ua1_0 where ua1_0.scrty_dtrmn_trget_id=?
2026-03-16 16:54:17 [http-nio-8080-exec-4] DEBUG o.s.o.j.SharedEntityManagerCreator$SharedEntityManagerInvocationHandler - Creating new EntityManager for shared EntityManager invocation
2026-03-16 16:54:17 [http-nio-8080-exec-4] DEBUG org.hibernate.SQL - select ccc1_0.cl_code,ccc1_0.cl_code_dc,ccc1_0.cl_code_nm,ccc1_0.frst_regist_pnttm,ccc1_0.frst_register_id,ccc1_0.last_updt_pnttm,ccc1_0.last_updusr_id,ccc1_0.use_at from ccmmnclcode ccc1_0 offset ? rows fetch first ? rows only
2026-03-16 16:54:17 [http-nio-8080-exec-7] DEBUG o.s.o.j.SharedEntityManagerCreator$SharedEntityManagerInvocationHandler - Creating new EntityManager for shared EntityManager invocation
2026-03-16 16:54:17 [http-nio-8080-exec-7] DEBUG org.hibernate.SQL - select ccg1_0.code_id,ccg1_0.code_id_nm,ccg1_0.code_id_dc,ccg1_0.cl_code,ccc1_0.cl_code_nm,ccg1_0.use_at from ccmmncode ccg1_0 left join ccmmnclcode ccc1_0 on ccg1_0.cl_code=ccc1_0.cl_code offset ? rows fetch first ? rows only
2026-03-16 16:54:17 [http-nio-8080-exec-9] DEBUG o.s.orm.jpa.JpaTransactionManager - Initiating transaction commit
2026-03-16 16:54:17 [http-nio-8080-exec-9] DEBUG o.s.orm.jpa.JpaTransactionManager - Committing JPA transaction on EntityManager [SessionImpl(63007573<open>)]
2026-03-16 16:54:17 [http-nio-8080-exec-2] DEBUG o.s.orm.jpa.JpaTransactionManager - Initiating transaction commit
2026-03-16 16:54:17 [http-nio-8080-exec-2] DEBUG o.s.orm.jpa.JpaTransactionManager - Committing JPA transaction on EntityManager [SessionImpl(40043561<open>)]
2026-03-16 16:54:17 [http-nio-8080-exec-4] DEBUG o.s.o.j.SharedEntityManagerCreator$SharedEntityManagerInvocationHandler - Creating new EntityManager for shared EntityManager invocation
2026-03-16 16:54:17 [http-nio-8080-exec-4] DEBUG org.hibernate.SQL - select count(ccc1_0.cl_code) from ccmmnclcode ccc1_0
2026-03-16 16:54:17 [http-nio-8080-exec-6] DEBUG o.s.orm.jpa.JpaTransactionManager - Initiating transaction commit
2026-03-16 16:54:17 [http-nio-8080-exec-6] DEBUG o.s.orm.jpa.JpaTransactionManager - Committing JPA transaction on EntityManager [SessionImpl(2131729724<open>)]
2026-03-16 16:54:17 [http-nio-8080-exec-10] DEBUG o.s.orm.jpa.JpaTransactionManager - Initiating transaction commit
2026-03-16 16:54:17 [http-nio-8080-exec-10] DEBUG o.s.orm.jpa.JpaTransactionManager - Committing JPA transaction on EntityManager [SessionImpl(1301255323<open>)]
2026-03-16 16:54:17 [http-nio-8080-exec-8] DEBUG o.s.orm.jpa.JpaTransactionManager - Initiating transaction commit
2026-03-16 16:54:17 [http-nio-8080-exec-8] DEBUG o.s.orm.jpa.JpaTransactionManager - Committing JPA transaction on EntityManager [SessionImpl(850780496<open>)]
2026-03-16 16:54:18 [http-nio-8080-exec-7] DEBUG o.s.o.j.SharedEntityManagerCreator$SharedEntityManagerInvocationHandler - Creating new EntityManager for shared EntityManager invocation
2026-03-16 16:54:18 [http-nio-8080-exec-7] DEBUG org.hibernate.SQL - select count(ccg1_0.code_id) from ccmmncode ccg1_0
2026-03-16 16:54:18 [http-nio-8080-exec-9] DEBUG o.s.orm.jpa.JpaTransactionManager - Closing JPA EntityManager [SessionImpl(63007573<open>)] after transaction
2026-03-16 16:54:18 [http-nio-8080-exec-2] DEBUG o.s.orm.jpa.JpaTransactionManager - Closing JPA EntityManager [SessionImpl(40043561<open>)] after transaction
2026-03-16 16:54:18 [http-nio-8080-exec-2] DEBUG c.c.p.s.jwt.JwtAuthenticationFilter - >>> [JwtFilter] Successfully authenticated user: USRCNFRM_99999999999, Authorities: [ROLE_ADMIN]
2026-03-16 16:54:18 [http-nio-8080-exec-9] DEBUG c.c.p.s.jwt.JwtAuthenticationFilter - >>> [JwtFilter] Successfully authenticated user: USRCNFRM_99999999999, Authorities: [ROLE_ADMIN]
2026-03-16 16:54:18 [http-nio-8080-exec-9] DEBUG o.s.web.servlet.DispatcherServlet - GET "/api/v1/menu/left?menuNo=10", parameters={masked}
2026-03-16 16:54:18 [http-nio-8080-exec-2] DEBUG o.s.web.servlet.DispatcherServlet - GET "/api/v1/menu/left?menuNo=50", parameters={masked}
2026-03-16 16:54:18 [http-nio-8080-exec-9] TRACE o.s.w.s.m.m.a.RequestMappingHandlerMapping - Mapped to com.company.project.api.controller.menu.MenuController#getLeftMenu(Long)
2026-03-16 16:54:18 [http-nio-8080-exec-2] TRACE o.s.w.s.m.m.a.RequestMappingHandlerMapping - Mapped to com.company.project.api.controller.menu.MenuController#getLeftMenu(Long)
2026-03-16 16:54:18 [http-nio-8080-exec-9] INFO  c.c.p.a.c.menu.MenuController - getLeftMenu called with menuNo=10
2026-03-16 16:54:18 [http-nio-8080-exec-9] DEBUG o.s.orm.jpa.JpaTransactionManager - Creating new transaction with name [com.company.project.service.menu.MenuService.getSubMenus]: PROPAGATION_REQUIRED,ISOLATION_DEFAULT,readOnly
2026-03-16 16:54:18 [http-nio-8080-exec-9] DEBUG o.s.orm.jpa.JpaTransactionManager - Opened new EntityManager [SessionImpl(1218141793<open>)] for JPA transaction
2026-03-16 16:54:18 [http-nio-8080-exec-2] INFO  c.c.p.a.c.menu.MenuController - getLeftMenu called with menuNo=50
2026-03-16 16:54:18 [http-nio-8080-exec-9] DEBUG o.s.orm.jpa.JpaTransactionManager - Exposing JPA transaction as JDBC [org.springframework.orm.jpa.vendor.HibernateJpaDialect$HibernateConnectionHandle@59c8c83a]
2026-03-16 16:54:18 [http-nio-8080-exec-2] DEBUG o.s.orm.jpa.JpaTransactionManager - Creating new transaction with name [com.company.project.service.menu.MenuService.getSubMenus]: PROPAGATION_REQUIRED,ISOLATION_DEFAULT,readOnly
2026-03-16 16:54:18 [http-nio-8080-exec-2] DEBUG o.s.orm.jpa.JpaTransactionManager - Opened new EntityManager [SessionImpl(1832559888<open>)] for JPA transaction
2026-03-16 16:54:18 [http-nio-8080-exec-2] DEBUG o.s.orm.jpa.JpaTransactionManager - Exposing JPA transaction as JDBC [org.springframework.orm.jpa.vendor.HibernateJpaDialect$HibernateConnectionHandle@7d0693d9]
2026-03-16 16:54:18 [http-nio-8080-exec-9] DEBUG org.hibernate.SQL - select m1_0.menu_no,m1_0.menu_dc,m1_0.menu_nm,m1_0.menu_ordr,m1_0.modern_route,m1_0.progrm_file_nm,m1_0.relate_image_nm,m1_0.relate_image_path,m1_0.route_updated_at,m1_0.upper_menu_no from nmenuinfo m1_0 order by m1_0.upper_menu_no,m1_0.menu_ordr
2026-03-16 16:54:18 [http-nio-8080-exec-2] DEBUG org.hibernate.SQL - select m1_0.menu_no,m1_0.menu_dc,m1_0.menu_nm,m1_0.menu_ordr,m1_0.modern_route,m1_0.progrm_file_nm,m1_0.relate_image_nm,m1_0.relate_image_path,m1_0.route_updated_at,m1_0.upper_menu_no from nmenuinfo m1_0 order by m1_0.upper_menu_no,m1_0.menu_ordr
2026-03-16 16:54:18 [http-nio-8080-exec-4] DEBUG o.s.w.s.m.m.a.HttpEntityMethodProcessor - Using 'application/json', given [application/json, text/plain, */*] and supported [application/json, application/*+json, application/yaml]
2026-03-16 16:54:18 [http-nio-8080-exec-4] TRACE o.s.w.s.m.m.a.HttpEntityMethodProcessor - Writing [ApiResponse[success=true, status=200, code=COMMON_001, message=Success, data=com.company.project.core.response.PageResponse@55028164, timestamp=2026-03-16T16:54:18.143858500]]
2026-03-16 16:54:18 [http-nio-8080-exec-10] DEBUG o.s.orm.jpa.JpaTransactionManager - Closing JPA EntityManager [SessionImpl(1301255323<open>)] after transaction
2026-03-16 16:54:18 [http-nio-8080-exec-8] DEBUG o.s.orm.jpa.JpaTransactionManager - Closing JPA EntityManager [SessionImpl(850780496<open>)] after transaction
2026-03-16 16:54:18 [http-nio-8080-exec-8] DEBUG c.c.p.s.jwt.JwtAuthenticationFilter - >>> [JwtFilter] Successfully authenticated user: USRCNFRM_99999999999, Authorities: [ROLE_ADMIN]
2026-03-16 16:54:18 [http-nio-8080-exec-10] DEBUG c.c.p.s.jwt.JwtAuthenticationFilter - >>> [JwtFilter] Successfully authenticated user: USRCNFRM_99999999999, Authorities: [ROLE_ADMIN]
2026-03-16 16:54:18 [http-nio-8080-exec-4] INFO  c.c.p.a.i.OperationalAuditInterceptor - API Audit Log: URL=/api/v1/admin/system/codes/cl, User=webmaster, IP=0:0:0:0:0:0:0:1
2026-03-16 16:54:18 [http-nio-8080-exec-4] DEBUG o.s.web.servlet.DispatcherServlet - Completed 200 OK
2026-03-16 16:54:18 [http-nio-8080-exec-10] DEBUG o.s.web.servlet.DispatcherServlet - GET "/api/v1/menu/left?menuNo=20", parameters={masked}
2026-03-16 16:54:18 [http-nio-8080-exec-8] DEBUG o.s.web.servlet.DispatcherServlet - GET "/api/v1/menu/left?menuNo=60", parameters={masked}
2026-03-16 16:54:18 [http-nio-8080-exec-6] DEBUG o.s.orm.jpa.JpaTransactionManager - Closing JPA EntityManager [SessionImpl(2131729724<open>)] after transaction
2026-03-16 16:54:18 [http-nio-8080-exec-6] DEBUG c.c.p.s.jwt.JwtAuthenticationFilter - >>> [JwtFilter] Successfully authenticated user: USRCNFRM_99999999999, Authorities: [ROLE_ADMIN]
2026-03-16 16:54:18 [http-nio-8080-exec-10] TRACE o.s.w.s.m.m.a.RequestMappingHandlerMapping - Mapped to com.company.project.api.controller.menu.MenuController#getLeftMenu(Long)
2026-03-16 16:54:18 [http-nio-8080-exec-8] TRACE o.s.w.s.m.m.a.RequestMappingHandlerMapping - Mapped to com.company.project.api.controller.menu.MenuController#getLeftMenu(Long)
2026-03-16 16:54:18 [http-nio-8080-exec-6] DEBUG o.s.web.servlet.DispatcherServlet - GET "/api/v1/menu/left?menuNo=40", parameters={masked}
2026-03-16 16:54:18 [http-nio-8080-exec-6] TRACE o.s.w.s.m.m.a.RequestMappingHandlerMapping - Mapped to com.company.project.api.controller.menu.MenuController#getLeftMenu(Long)
2026-03-16 16:54:18 [http-nio-8080-exec-8] INFO  c.c.p.a.c.menu.MenuController - getLeftMenu called with menuNo=60
2026-03-16 16:54:18 [http-nio-8080-exec-10] INFO  c.c.p.a.c.menu.MenuController - getLeftMenu called with menuNo=20
2026-03-16 16:54:18 [http-nio-8080-exec-8] DEBUG o.s.orm.jpa.JpaTransactionManager - Creating new transaction with name [com.company.project.service.menu.MenuService.getSubMenus]: PROPAGATION_REQUIRED,ISOLATION_DEFAULT,readOnly
2026-03-16 16:54:18 [http-nio-8080-exec-6] INFO  c.c.p.a.c.menu.MenuController - getLeftMenu called with menuNo=40
2026-03-16 16:54:18 [http-nio-8080-exec-10] DEBUG o.s.orm.jpa.JpaTransactionManager - Creating new transaction with name [com.company.project.service.menu.MenuService.getSubMenus]: PROPAGATION_REQUIRED,ISOLATION_DEFAULT,readOnly
2026-03-16 16:54:18 [http-nio-8080-exec-6] DEBUG o.s.orm.jpa.JpaTransactionManager - Creating new transaction with name [com.company.project.service.menu.MenuService.getSubMenus]: PROPAGATION_REQUIRED,ISOLATION_DEFAULT,readOnly
2026-03-16 16:54:18 [http-nio-8080-exec-6] DEBUG o.s.orm.jpa.JpaTransactionManager - Opened new EntityManager [SessionImpl(476695397<open>)] for JPA transaction
2026-03-16 16:54:18 [http-nio-8080-exec-10] DEBUG o.s.orm.jpa.JpaTransactionManager - Opened new EntityManager [SessionImpl(560812236<open>)] for JPA transaction
2026-03-16 16:54:18 [http-nio-8080-exec-8] DEBUG o.s.orm.jpa.JpaTransactionManager - Opened new EntityManager [SessionImpl(97816119<open>)] for JPA transaction
2026-03-16 16:54:18 [http-nio-8080-exec-6] DEBUG o.s.orm.jpa.JpaTransactionManager - Exposing JPA transaction as JDBC [org.springframework.orm.jpa.vendor.HibernateJpaDialect$HibernateConnectionHandle@5ce434a2]
2026-03-16 16:54:18 [http-nio-8080-exec-10] DEBUG o.s.orm.jpa.JpaTransactionManager - Exposing JPA transaction as JDBC [org.springframework.orm.jpa.vendor.HibernateJpaDialect$HibernateConnectionHandle@7cb7c75a]
2026-03-16 16:54:18 [http-nio-8080-exec-8] DEBUG o.s.orm.jpa.JpaTransactionManager - Exposing JPA transaction as JDBC [org.springframework.orm.jpa.vendor.HibernateJpaDialect$HibernateConnectionHandle@29965d89]
2026-03-16 16:54:18 [http-nio-8080-exec-6] DEBUG org.hibernate.SQL - select m1_0.menu_no,m1_0.menu_dc,m1_0.menu_nm,m1_0.menu_ordr,m1_0.modern_route,m1_0.progrm_file_nm,m1_0.relate_image_nm,m1_0.relate_image_path,m1_0.route_updated_at,m1_0.upper_menu_no from nmenuinfo m1_0 order by m1_0.upper_menu_no,m1_0.menu_ordr
2026-03-16 16:54:18 [http-nio-8080-exec-10] DEBUG org.hibernate.SQL - select m1_0.menu_no,m1_0.menu_dc,m1_0.menu_nm,m1_0.menu_ordr,m1_0.modern_route,m1_0.progrm_file_nm,m1_0.relate_image_nm,m1_0.relate_image_path,m1_0.route_updated_at,m1_0.upper_menu_no from nmenuinfo m1_0 order by m1_0.upper_menu_no,m1_0.menu_ordr
2026-03-16 16:54:18 [http-nio-8080-exec-8] DEBUG org.hibernate.SQL - select m1_0.menu_no,m1_0.menu_dc,m1_0.menu_nm,m1_0.menu_ordr,m1_0.modern_route,m1_0.progrm_file_nm,m1_0.relate_image_nm,m1_0.relate_image_path,m1_0.route_updated_at,m1_0.upper_menu_no from nmenuinfo m1_0 order by m1_0.upper_menu_no,m1_0.menu_ordr
2026-03-16 16:54:18 [http-nio-8080-exec-7] DEBUG o.s.w.s.m.m.a.HttpEntityMethodProcessor - Using 'application/json', given [application/json, text/plain, */*] and supported [application/json, application/*+json, application/yaml]
2026-03-16 16:54:18 [http-nio-8080-exec-7] TRACE o.s.w.s.m.m.a.HttpEntityMethodProcessor - Writing [ApiResponse[success=true, status=200, code=COMMON_001, message=Success, data=com.company.project.core.response.PageResponse@49b2f1ce, timestamp=2026-03-16T16:54:18.176803200]]
2026-03-16 16:54:18 [http-nio-8080-exec-7] INFO  c.c.p.a.i.OperationalAuditInterceptor - API Audit Log: URL=/api/v1/admin/system/codes/cmmn, User=webmaster, IP=0:0:0:0:0:0:0:1
2026-03-16 16:54:18 [http-nio-8080-exec-7] DEBUG o.s.web.servlet.DispatcherServlet - Completed 200 OK
2026-03-16 16:54:18 [http-nio-8080-exec-9] DEBUG o.s.orm.jpa.JpaTransactionManager - Found thread-bound EntityManager [SessionImpl(1218141793<open>)] for JPA transaction
2026-03-16 16:54:18 [http-nio-8080-exec-9] DEBUG o.s.orm.jpa.JpaTransactionManager - Participating in existing transaction
2026-03-16 16:54:18 [http-nio-8080-exec-9] DEBUG org.hibernate.SQL - select p1_0.progrm_file_nm,p1_0.progrm_dc,p1_0.progrm_korean_nm,p1_0.progrm_stre_path,p1_0.url from nprogrmlist p1_0
2026-03-16 16:54:18 [http-nio-8080-exec-2] DEBUG o.s.orm.jpa.JpaTransactionManager - Found thread-bound EntityManager [SessionImpl(1832559888<open>)] for JPA transaction
2026-03-16 16:54:18 [http-nio-8080-exec-2] DEBUG o.s.orm.jpa.JpaTransactionManager - Participating in existing transaction
2026-03-16 16:54:18 [http-nio-8080-exec-2] DEBUG org.hibernate.SQL - select p1_0.progrm_file_nm,p1_0.progrm_dc,p1_0.progrm_korean_nm,p1_0.progrm_stre_path,p1_0.url from nprogrmlist p1_0
2026-03-16 16:54:18 [http-nio-8080-exec-6] DEBUG o.s.orm.jpa.JpaTransactionManager - Found thread-bound EntityManager [SessionImpl(476695397<open>)] for JPA transaction
2026-03-16 16:54:18 [http-nio-8080-exec-6] DEBUG o.s.orm.jpa.JpaTransactionManager - Participating in existing transaction
2026-03-16 16:54:18 [http-nio-8080-exec-6] DEBUG org.hibernate.SQL - select p1_0.progrm_file_nm,p1_0.progrm_dc,p1_0.progrm_korean_nm,p1_0.progrm_stre_path,p1_0.url from nprogrmlist p1_0
2026-03-16 16:54:18 [http-nio-8080-exec-10] DEBUG o.s.orm.jpa.JpaTransactionManager - Found thread-bound EntityManager [SessionImpl(560812236<open>)] for JPA transaction
2026-03-16 16:54:18 [http-nio-8080-exec-8] DEBUG o.s.orm.jpa.JpaTransactionManager - Found thread-bound EntityManager [SessionImpl(97816119<open>)] for JPA transaction
2026-03-16 16:54:18 [http-nio-8080-exec-10] DEBUG o.s.orm.jpa.JpaTransactionManager - Participating in existing transaction
2026-03-16 16:54:18 [http-nio-8080-exec-8] DEBUG o.s.orm.jpa.JpaTransactionManager - Participating in existing transaction
2026-03-16 16:54:18 [http-nio-8080-exec-10] DEBUG org.hibernate.SQL - select p1_0.progrm_file_nm,p1_0.progrm_dc,p1_0.progrm_korean_nm,p1_0.progrm_stre_path,p1_0.url from nprogrmlist p1_0
2026-03-16 16:54:18 [http-nio-8080-exec-8] DEBUG org.hibernate.SQL - select p1_0.progrm_file_nm,p1_0.progrm_dc,p1_0.progrm_korean_nm,p1_0.progrm_stre_path,p1_0.url from nprogrmlist p1_0
2026-03-16 16:54:18 [http-nio-8080-exec-9] DEBUG o.s.orm.jpa.JpaTransactionManager - Initiating transaction commit
2026-03-16 16:54:18 [http-nio-8080-exec-9] DEBUG o.s.orm.jpa.JpaTransactionManager - Committing JPA transaction on EntityManager [SessionImpl(1218141793<open>)]
2026-03-16 16:54:18 [http-nio-8080-exec-2] DEBUG o.s.orm.jpa.JpaTransactionManager - Initiating transaction commit
2026-03-16 16:54:18 [http-nio-8080-exec-2] DEBUG o.s.orm.jpa.JpaTransactionManager - Committing JPA transaction on EntityManager [SessionImpl(1832559888<open>)]
2026-03-16 16:54:18 [http-nio-8080-exec-6] DEBUG o.s.orm.jpa.JpaTransactionManager - Initiating transaction commit
2026-03-16 16:54:18 [http-nio-8080-exec-6] DEBUG o.s.orm.jpa.JpaTransactionManager - Committing JPA transaction on EntityManager [SessionImpl(476695397<open>)]
2026-03-16 16:54:18 [http-nio-8080-exec-10] DEBUG o.s.orm.jpa.JpaTransactionManager - Initiating transaction commit
2026-03-16 16:54:18 [http-nio-8080-exec-10] DEBUG o.s.orm.jpa.JpaTransactionManager - Committing JPA transaction on EntityManager [SessionImpl(560812236<open>)]
2026-03-16 16:54:18 [http-nio-8080-exec-8] DEBUG o.s.orm.jpa.JpaTransactionManager - Initiating transaction commit
2026-03-16 16:54:18 [http-nio-8080-exec-8] DEBUG o.s.orm.jpa.JpaTransactionManager - Committing JPA transaction on EntityManager [SessionImpl(97816119<open>)]
2026-03-16 16:54:18 [http-nio-8080-exec-9] DEBUG o.s.orm.jpa.JpaTransactionManager - Closing JPA EntityManager [SessionImpl(1218141793<open>)] after transaction
2026-03-16 16:54:18 [http-nio-8080-exec-9] INFO  c.c.p.a.c.menu.MenuController - getLeftMenu returned 5 items
2026-03-16 16:54:18 [http-nio-8080-exec-9] DEBUG o.s.w.s.m.m.a.HttpEntityMethodProcessor - Using 'application/json', given [application/json, text/plain, */*] and supported [application/json, application/*+json, application/yaml]
2026-03-16 16:54:18 [http-nio-8080-exec-9] TRACE o.s.w.s.m.m.a.HttpEntityMethodProcessor - Writing [ApiResponse[success=true, status=200, code=COMMON_001, message=Success, data={list=[com.company.project.service.menu.dto.MenuDto@113dc526, com.company.project.service.menu.dto.MenuDto@46878f19, com.company.project.service.menu.dto.MenuDto@3b55816d, com.company.project.service.menu.dto.MenuDto@626541a4, com.company.project.service.menu.dto.MenuDto@1d8eac3b]}, timestamp=2026-03-16T16:54:18.752785500]]
2026-03-16 16:54:18 [http-nio-8080-exec-9] INFO  c.c.p.a.i.OperationalAuditInterceptor - API Audit Log: URL=/api/v1/menu/left, User=webmaster, IP=0:0:0:0:0:0:0:1
2026-03-16 16:54:18 [http-nio-8080-exec-9] DEBUG o.s.web.servlet.DispatcherServlet - Completed 200 OK
2026-03-16 16:54:18 [http-nio-8080-exec-2] DEBUG o.s.orm.jpa.JpaTransactionManager - Closing JPA EntityManager [SessionImpl(1832559888<open>)] after transaction
2026-03-16 16:54:18 [http-nio-8080-exec-2] INFO  c.c.p.a.c.menu.MenuController - getLeftMenu returned 3 items
2026-03-16 16:54:18 [http-nio-8080-exec-2] DEBUG o.s.w.s.m.m.a.HttpEntityMethodProcessor - Using 'application/json', given [application/json, text/plain, */*] and supported [application/json, application/*+json, application/yaml]
2026-03-16 16:54:18 [http-nio-8080-exec-2] TRACE o.s.w.s.m.m.a.HttpEntityMethodProcessor - Writing [ApiResponse[success=true, status=200, code=COMMON_001, message=Success, data={list=[com.company.project.service.menu.dto.MenuDto@34ba4d45, com.company.project.service.menu.dto.MenuDto@49613c3b, com.company.project.service.menu.dto.MenuDto@29f94eee]}, timestamp=2026-03-16T16:54:18.758579900]]
2026-03-16 16:54:18 [http-nio-8080-exec-2] INFO  c.c.p.a.i.OperationalAuditInterceptor - API Audit Log: URL=/api/v1/menu/left, User=webmaster, IP=0:0:0:0:0:0:0:1
2026-03-16 16:54:18 [http-nio-8080-exec-2] DEBUG o.s.web.servlet.DispatcherServlet - Completed 200 OK
2026-03-16 16:54:18 [http-nio-8080-exec-6] DEBUG o.s.orm.jpa.JpaTransactionManager - Closing JPA EntityManager [SessionImpl(476695397<open>)] after transaction
2026-03-16 16:54:18 [http-nio-8080-exec-8] DEBUG o.s.orm.jpa.JpaTransactionManager - Closing JPA EntityManager [SessionImpl(97816119<open>)] after transaction
2026-03-16 16:54:18 [http-nio-8080-exec-10] DEBUG o.s.orm.jpa.JpaTransactionManager - Closing JPA EntityManager [SessionImpl(560812236<open>)] after transaction
2026-03-16 16:54:18 [http-nio-8080-exec-6] INFO  c.c.p.a.c.menu.MenuController - getLeftMenu returned 2 items
2026-03-16 16:54:18 [http-nio-8080-exec-10] INFO  c.c.p.a.c.menu.MenuController - getLeftMenu returned 3 items
2026-03-16 16:54:18 [http-nio-8080-exec-8] INFO  c.c.p.a.c.menu.MenuController - getLeftMenu returned 1 items
2026-03-16 16:54:18 [http-nio-8080-exec-6] DEBUG o.s.w.s.m.m.a.HttpEntityMethodProcessor - Using 'application/json', given [application/json, text/plain, */*] and supported [application/json, application/*+json, application/yaml]
2026-03-16 16:54:18 [http-nio-8080-exec-10] DEBUG o.s.w.s.m.m.a.HttpEntityMethodProcessor - Using 'application/json', given [application/json, text/plain, */*] and supported [application/json, application/*+json, application/yaml]
2026-03-16 16:54:18 [http-nio-8080-exec-8] DEBUG o.s.w.s.m.m.a.HttpEntityMethodProcessor - Using 'application/json', given [application/json, text/plain, */*] and supported [application/json, application/*+json, application/yaml]
2026-03-16 16:54:18 [http-nio-8080-exec-6] TRACE o.s.w.s.m.m.a.HttpEntityMethodProcessor - Writing [ApiResponse[success=true, status=200, code=COMMON_001, message=Success, data={list=[com.company.project.service.menu.dto.MenuDto@15f6badc, com.company.project.service.menu.dto.MenuDto@51e7fae7]}, timestamp=2026-03-16T16:54:18.791611400]]
2026-03-16 16:54:18 [http-nio-8080-exec-10] TRACE o.s.w.s.m.m.a.HttpEntityMethodProcessor - Writing [ApiResponse[success=true, status=200, code=COMMON_001, message=Success, data={list=[com.company.project.service.menu.dto.MenuDto@52e6593e, com.company.project.service.menu.dto.MenuDto@471b5db2, com.company.project.service.menu.dto.MenuDto@797ba7ba]}, timestamp=2026-03-16T16:54:18.791611400]]
2026-03-16 16:54:18 [http-nio-8080-exec-8] TRACE o.s.w.s.m.m.a.HttpEntityMethodProcessor - Writing [ApiResponse[success=true, status=200, code=COMMON_001, message=Success, data={list=[com.company.project.service.menu.dto.MenuDto@299bc7f6]}, timestamp=2026-03-16T16:54:18.791611400]]
2026-03-16 16:54:18 [http-nio-8080-exec-6] INFO  c.c.p.a.i.OperationalAuditInterceptor - API Audit Log: URL=/api/v1/menu/left, User=webmaster, IP=0:0:0:0:0:0:0:1
2026-03-16 16:54:18 [http-nio-8080-exec-8] INFO  c.c.p.a.i.OperationalAuditInterceptor - API Audit Log: URL=/api/v1/menu/left, User=webmaster, IP=0:0:0:0:0:0:0:1
2026-03-16 16:54:18 [http-nio-8080-exec-10] INFO  c.c.p.a.i.OperationalAuditInterceptor - API Audit Log: URL=/api/v1/menu/left, User=webmaster, IP=0:0:0:0:0:0:0:1
2026-03-16 16:54:18 [http-nio-8080-exec-6] DEBUG o.s.web.servlet.DispatcherServlet - Completed 200 OK
2026-03-16 16:54:18 [http-nio-8080-exec-8] DEBUG o.s.web.servlet.DispatcherServlet - Completed 200 OK
2026-03-16 16:54:18 [http-nio-8080-exec-10] DEBUG o.s.web.servlet.DispatcherServlet - Completed 200 OK
2026-03-16 16:54:18 [http-nio-8080-exec-5] DEBUG o.s.w.s.h.LoggingWebSocketHandlerDecorator - WebSocketServerSockJsSession[id=2p3flypv] closed with CloseStatus[code=1000, reason=null]
2026-03-16 16:54:18 [http-nio-8080-exec-5] DEBUG o.s.w.s.m.SubProtocolWebSocketHandler - Clearing session 2p3flypv
2026-03-16 16:54:18 [scheduling-1] DEBUG org.springframework.web.SimpLogging - Processing DISCONNECT session=2p3flypv
2026-03-16 16:54:18 [scheduling-1] DEBUG o.s.w.s.m.SubProtocolWebSocketHandler - No session for GenericMessage [payload=byte[0], headers={simpMessageType=DISCONNECT_ACK, simpDisconnectMessage=GenericMessage [payload=byte[0], headers={simpMessageType=DISCONNECT, stompCommand=DISCONNECT, simpSessionAttributes={org.springframework.messaging.simp.SimpAttributes.COMPLETED=true}, simpSessionId=2p3flypv}], simpSessionId=2p3flypv}]
2026-03-16 16:54:19 [http-nio-8080-exec-4] DEBUG c.c.p.s.jwt.JwtAuthenticationFilter - >>> [JwtFilter] Processing request: GET /api/v1/auth/me
2026-03-16 16:54:19 [http-nio-8080-exec-1] DEBUG c.c.p.s.jwt.JwtAuthenticationFilter - >>> [JwtFilter] Processing request: GET /api/v1/menu/left
2026-03-16 16:54:19 [http-nio-8080-exec-3] DEBUG c.c.p.s.jwt.JwtAuthenticationFilter - >>> [JwtFilter] Processing request: GET /api/v1/menu/head
2026-03-16 16:54:19 [http-nio-8080-exec-4] DEBUG c.c.p.s.jwt.JwtAuthenticationFilter - >>> [JwtFilter] Found token in header for path: /api/v1/auth/me
2026-03-16 16:54:19 [http-nio-8080-exec-3] DEBUG c.c.p.s.jwt.JwtAuthenticationFilter - >>> [JwtFilter] Found token in header for path: /api/v1/menu/head
2026-03-16 16:54:19 [http-nio-8080-exec-1] DEBUG c.c.p.s.jwt.JwtAuthenticationFilter - >>> [JwtFilter] Found token in header for path: /api/v1/menu/left
2026-03-16 16:54:19 [http-nio-8080-exec-4] DEBUG o.s.orm.jpa.JpaTransactionManager - Creating new transaction with name [com.company.project.security.iam.CustomUserDetailsService.loadUserByUsername]: PROPAGATION_REQUIRED,ISOLATION_DEFAULT,readOnly
2026-03-16 16:54:19 [http-nio-8080-exec-1] DEBUG o.s.orm.jpa.JpaTransactionManager - Creating new transaction with name [com.company.project.security.iam.CustomUserDetailsService.loadUserByUsername]: PROPAGATION_REQUIRED,ISOLATION_DEFAULT,readOnly
2026-03-16 16:54:19 [http-nio-8080-exec-4] DEBUG o.s.orm.jpa.JpaTransactionManager - Opened new EntityManager [SessionImpl(1072548465<open>)] for JPA transaction
2026-03-16 16:54:19 [http-nio-8080-exec-3] DEBUG o.s.orm.jpa.JpaTransactionManager - Creating new transaction with name [com.company.project.security.iam.CustomUserDetailsService.loadUserByUsername]: PROPAGATION_REQUIRED,ISOLATION_DEFAULT,readOnly
2026-03-16 16:54:19 [http-nio-8080-exec-1] DEBUG o.s.orm.jpa.JpaTransactionManager - Opened new EntityManager [SessionImpl(1394568698<open>)] for JPA transaction
2026-03-16 16:54:19 [http-nio-8080-exec-3] DEBUG o.s.orm.jpa.JpaTransactionManager - Opened new EntityManager [SessionImpl(1661046685<open>)] for JPA transaction
2026-03-16 16:54:19 [http-nio-8080-exec-4] DEBUG o.s.orm.jpa.JpaTransactionManager - Exposing JPA transaction as JDBC [org.springframework.orm.jpa.vendor.HibernateJpaDialect$HibernateConnectionHandle@751b6b1e]
2026-03-16 16:54:19 [http-nio-8080-exec-4] DEBUG o.s.orm.jpa.JpaTransactionManager - Found thread-bound EntityManager [SessionImpl(1072548465<open>)] for JPA transaction
2026-03-16 16:54:19 [http-nio-8080-exec-4] DEBUG o.s.orm.jpa.JpaTransactionManager - Participating in existing transaction
2026-03-16 16:54:19 [http-nio-8080-exec-4] DEBUG org.hibernate.SQL - select u1_0.emplyr_id,u1_0.area_no,u1_0.brthdy,u1_0.chg_pwd_cnt,u1_0.frst_register_id,u1_0.frst_regist_pnttm,u1_0.detail_adres,u1_0.email_adres,u1_0.emplyr_sttus_code,u1_0.empl_no,u1_0.esntl_id,u1_0.fxnum,u1_0.group_id,u1_0.house_adres,u1_0.house_end_telno,u1_0.house_middle_telno,u1_0.ihidnum,u1_0.pstinst_code,u1_0.last_updusr_id,u1_0.last_updt_pnttm,u1_0.lock_at,u1_0.lock_cnt,u1_0.lock_last_pnttm,u1_0.mbtlnum,u1_0.ofcps_nm,u1_0.offm_telno,u1_0.orgnzt_id,u1_0.password,u1_0.password_cnsr,u1_0.password_hint,u1_0.chg_pwd_last_pnttm,u1_0.role,u1_0.sbscrb_de,u1_0.sexdstn_code,u1_0.crtfc_dn_value,u1_0.user_nm,u1_0.zip from nemplyrinfo u1_0 where u1_0.emplyr_id=?
2026-03-16 16:54:19 [http-nio-8080-exec-1] DEBUG o.s.orm.jpa.JpaTransactionManager - Exposing JPA transaction as JDBC [org.springframework.orm.jpa.vendor.HibernateJpaDialect$HibernateConnectionHandle@79e7d3fd]
2026-03-16 16:54:19 [http-nio-8080-exec-1] DEBUG o.s.orm.jpa.JpaTransactionManager - Found thread-bound EntityManager [SessionImpl(1394568698<open>)] for JPA transaction
2026-03-16 16:54:19 [http-nio-8080-exec-1] DEBUG o.s.orm.jpa.JpaTransactionManager - Participating in existing transaction
2026-03-16 16:54:19 [http-nio-8080-exec-1] DEBUG org.hibernate.SQL - select u1_0.emplyr_id,u1_0.area_no,u1_0.brthdy,u1_0.chg_pwd_cnt,u1_0.frst_register_id,u1_0.frst_regist_pnttm,u1_0.detail_adres,u1_0.email_adres,u1_0.emplyr_sttus_code,u1_0.empl_no,u1_0.esntl_id,u1_0.fxnum,u1_0.group_id,u1_0.house_adres,u1_0.house_end_telno,u1_0.house_middle_telno,u1_0.ihidnum,u1_0.pstinst_code,u1_0.last_updusr_id,u1_0.last_updt_pnttm,u1_0.lock_at,u1_0.lock_cnt,u1_0.lock_last_pnttm,u1_0.mbtlnum,u1_0.ofcps_nm,u1_0.offm_telno,u1_0.orgnzt_id,u1_0.password,u1_0.password_cnsr,u1_0.password_hint,u1_0.chg_pwd_last_pnttm,u1_0.role,u1_0.sbscrb_de,u1_0.sexdstn_code,u1_0.crtfc_dn_value,u1_0.user_nm,u1_0.zip from nemplyrinfo u1_0 where u1_0.emplyr_id=?
2026-03-16 16:54:19 [http-nio-8080-exec-3] DEBUG o.s.orm.jpa.JpaTransactionManager - Exposing JPA transaction as JDBC [org.springframework.orm.jpa.vendor.HibernateJpaDialect$HibernateConnectionHandle@1c440404]
2026-03-16 16:54:19 [http-nio-8080-exec-3] DEBUG o.s.orm.jpa.JpaTransactionManager - Found thread-bound EntityManager [SessionImpl(1661046685<open>)] for JPA transaction
2026-03-16 16:54:19 [http-nio-8080-exec-3] DEBUG o.s.orm.jpa.JpaTransactionManager - Participating in existing transaction
2026-03-16 16:54:19 [http-nio-8080-exec-3] DEBUG org.hibernate.SQL - select u1_0.emplyr_id,u1_0.area_no,u1_0.brthdy,u1_0.chg_pwd_cnt,u1_0.frst_register_id,u1_0.frst_regist_pnttm,u1_0.detail_adres,u1_0.email_adres,u1_0.emplyr_sttus_code,u1_0.empl_no,u1_0.esntl_id,u1_0.fxnum,u1_0.group_id,u1_0.house_adres,u1_0.house_end_telno,u1_0.house_middle_telno,u1_0.ihidnum,u1_0.pstinst_code,u1_0.last_updusr_id,u1_0.last_updt_pnttm,u1_0.lock_at,u1_0.lock_cnt,u1_0.lock_last_pnttm,u1_0.mbtlnum,u1_0.ofcps_nm,u1_0.offm_telno,u1_0.orgnzt_id,u1_0.password,u1_0.password_cnsr,u1_0.password_hint,u1_0.chg_pwd_last_pnttm,u1_0.role,u1_0.sbscrb_de,u1_0.sexdstn_code,u1_0.crtfc_dn_value,u1_0.user_nm,u1_0.zip from nemplyrinfo u1_0 where u1_0.emplyr_id=?
2026-03-16 16:54:19 [http-nio-8080-exec-1] DEBUG o.s.orm.jpa.JpaTransactionManager - Found thread-bound EntityManager [SessionImpl(1394568698<open>)] for JPA transaction
2026-03-16 16:54:19 [http-nio-8080-exec-4] DEBUG o.s.orm.jpa.JpaTransactionManager - Found thread-bound EntityManager [SessionImpl(1072548465<open>)] for JPA transaction
2026-03-16 16:54:19 [http-nio-8080-exec-1] DEBUG o.s.orm.jpa.JpaTransactionManager - Participating in existing transaction
2026-03-16 16:54:19 [http-nio-8080-exec-4] DEBUG o.s.orm.jpa.JpaTransactionManager - Participating in existing transaction
2026-03-16 16:54:19 [http-nio-8080-exec-4] DEBUG org.hibernate.SQL - select ua1_0.scrty_dtrmn_trget_id,ua1_0.author_code,ua1_0.frst_register_id,ua1_0.frst_regist_pnttm,ua1_0.last_updusr_id,ua1_0.last_updt_pnttm,ua1_0.mber_ty_code from nemplyrscrtyestbs ua1_0 where ua1_0.scrty_dtrmn_trget_id=?
2026-03-16 16:54:19 [http-nio-8080-exec-1] DEBUG org.hibernate.SQL - select ua1_0.scrty_dtrmn_trget_id,ua1_0.author_code,ua1_0.frst_register_id,ua1_0.frst_regist_pnttm,ua1_0.last_updusr_id,ua1_0.last_updt_pnttm,ua1_0.mber_ty_code from nemplyrscrtyestbs ua1_0 where ua1_0.scrty_dtrmn_trget_id=?
2026-03-16 16:54:19 [http-nio-8080-exec-3] DEBUG o.s.orm.jpa.JpaTransactionManager - Found thread-bound EntityManager [SessionImpl(1661046685<open>)] for JPA transaction
2026-03-16 16:54:19 [http-nio-8080-exec-3] DEBUG o.s.orm.jpa.JpaTransactionManager - Participating in existing transaction
2026-03-16 16:54:19 [http-nio-8080-exec-3] DEBUG org.hibernate.SQL - select ua1_0.scrty_dtrmn_trget_id,ua1_0.author_code,ua1_0.frst_register_id,ua1_0.frst_regist_pnttm,ua1_0.last_updusr_id,ua1_0.last_updt_pnttm,ua1_0.mber_ty_code from nemplyrscrtyestbs ua1_0 where ua1_0.scrty_dtrmn_trget_id=?
2026-03-16 16:54:19 [http-nio-8080-exec-4] DEBUG o.s.orm.jpa.JpaTransactionManager - Initiating transaction commit
2026-03-16 16:54:19 [http-nio-8080-exec-1] DEBUG o.s.orm.jpa.JpaTransactionManager - Initiating transaction commit
2026-03-16 16:54:19 [http-nio-8080-exec-4] DEBUG o.s.orm.jpa.JpaTransactionManager - Committing JPA transaction on EntityManager [SessionImpl(1072548465<open>)]
2026-03-16 16:54:19 [http-nio-8080-exec-1] DEBUG o.s.orm.jpa.JpaTransactionManager - Committing JPA transaction on EntityManager [SessionImpl(1394568698<open>)]
2026-03-16 16:54:19 [http-nio-8080-exec-3] DEBUG o.s.orm.jpa.JpaTransactionManager - Initiating transaction commit
2026-03-16 16:54:19 [http-nio-8080-exec-3] DEBUG o.s.orm.jpa.JpaTransactionManager - Committing JPA transaction on EntityManager [SessionImpl(1661046685<open>)]
2026-03-16 16:54:19 [http-nio-8080-exec-4] DEBUG o.s.orm.jpa.JpaTransactionManager - Closing JPA EntityManager [SessionImpl(1072548465<open>)] after transaction
2026-03-16 16:54:19 [http-nio-8080-exec-4] DEBUG c.c.p.s.jwt.JwtAuthenticationFilter - >>> [JwtFilter] Successfully authenticated user: USRCNFRM_99999999999, Authorities: [ROLE_ADMIN]
2026-03-16 16:54:19 [http-nio-8080-exec-4] DEBUG o.s.web.servlet.DispatcherServlet - GET "/api/v1/auth/me", parameters={}
2026-03-16 16:54:19 [http-nio-8080-exec-4] TRACE o.s.w.s.m.m.a.RequestMappingHandlerMapping - Mapped to com.company.project.api.auth.AuthController#getCurrentUser()
2026-03-16 16:54:19 [http-nio-8080-exec-4] DEBUG o.s.w.s.m.m.a.RequestResponseBodyMethodProcessor - Using 'application/json', given [application/json, text/plain, */*] and supported [application/json, application/*+json, application/yaml]
2026-03-16 16:54:19 [http-nio-8080-exec-4] TRACE o.s.w.s.m.m.a.RequestResponseBodyMethodProcessor - Writing [ApiResponse[success=true, status=200, code=COMMON_001, message=Success, data={role=ROLE_ADMIN, userSe=EMP, name=관리자, id=webmaster}, timestamp=2026-03-16T16:54:19.997906500]]
2026-03-16 16:54:19 [http-nio-8080-exec-4] INFO  c.c.p.a.i.OperationalAuditInterceptor - API Audit Log: URL=/api/v1/auth/me, User=webmaster, IP=127.0.0.1
2026-03-16 16:54:19 [http-nio-8080-exec-4] DEBUG o.s.web.servlet.DispatcherServlet - Completed 200 OK
2026-03-16 16:54:19 [http-nio-8080-exec-1] DEBUG o.s.orm.jpa.JpaTransactionManager - Closing JPA EntityManager [SessionImpl(1394568698<open>)] after transaction
2026-03-16 16:54:19 [http-nio-8080-exec-1] DEBUG c.c.p.s.jwt.JwtAuthenticationFilter - >>> [JwtFilter] Successfully authenticated user: USRCNFRM_99999999999, Authorities: [ROLE_ADMIN]
2026-03-16 16:54:19 [http-nio-8080-exec-1] DEBUG o.s.web.servlet.DispatcherServlet - GET "/api/v1/menu/left?menuNo=10", parameters={masked}
2026-03-16 16:54:19 [http-nio-8080-exec-1] TRACE o.s.w.s.m.m.a.RequestMappingHandlerMapping - Mapped to com.company.project.api.controller.menu.MenuController#getLeftMenu(Long)
2026-03-16 16:54:20 [http-nio-8080-exec-1] INFO  c.c.p.a.c.menu.MenuController - getLeftMenu called with menuNo=10
2026-03-16 16:54:20 [http-nio-8080-exec-1] DEBUG o.s.orm.jpa.JpaTransactionManager - Creating new transaction with name [com.company.project.service.menu.MenuService.getSubMenus]: PROPAGATION_REQUIRED,ISOLATION_DEFAULT,readOnly
2026-03-16 16:54:20 [http-nio-8080-exec-1] DEBUG o.s.orm.jpa.JpaTransactionManager - Opened new EntityManager [SessionImpl(1731633953<open>)] for JPA transaction
2026-03-16 16:54:20 [http-nio-8080-exec-1] DEBUG o.s.orm.jpa.JpaTransactionManager - Exposing JPA transaction as JDBC [org.springframework.orm.jpa.vendor.HibernateJpaDialect$HibernateConnectionHandle@7e96e346]
2026-03-16 16:54:20 [http-nio-8080-exec-1] DEBUG org.hibernate.SQL - select m1_0.menu_no,m1_0.menu_dc,m1_0.menu_nm,m1_0.menu_ordr,m1_0.modern_route,m1_0.progrm_file_nm,m1_0.relate_image_nm,m1_0.relate_image_path,m1_0.route_updated_at,m1_0.upper_menu_no from nmenuinfo m1_0 order by m1_0.upper_menu_no,m1_0.menu_ordr
2026-03-16 16:54:20 [http-nio-8080-exec-7] DEBUG o.s.web.servlet.DispatcherServlet - GET "/ws/info?t=1773647660008", parameters={masked}
2026-03-16 16:54:20 [http-nio-8080-exec-7] DEBUG o.s.w.s.s.s.WebSocketHandlerMapping - Mapped to org.springframework.web.socket.sockjs.support.SockJsHttpRequestHandler@3d80b7ba
2026-03-16 16:54:20 [http-nio-8080-exec-7] DEBUG o.s.w.s.s.t.h.DefaultSockJsService - Processing transport request: GET http://localhost:8080/ws/info?t=1773647660008
2026-03-16 16:54:20 [http-nio-8080-exec-7] DEBUG o.s.web.servlet.DispatcherServlet - Completed 200 OK
2026-03-16 16:54:20 [http-nio-8080-exec-2] DEBUG c.c.p.s.jwt.JwtAuthenticationFilter - >>> [JwtFilter] Processing request: GET /api/v1/notifications/unread-count
2026-03-16 16:54:20 [http-nio-8080-exec-9] DEBUG c.c.p.s.jwt.JwtAuthenticationFilter - >>> [JwtFilter] Processing request: GET /api/v1/notifications
2026-03-16 16:54:20 [http-nio-8080-exec-2] DEBUG c.c.p.s.jwt.JwtAuthenticationFilter - >>> [JwtFilter] Found token in header for path: /api/v1/notifications/unread-count
2026-03-16 16:54:20 [http-nio-8080-exec-9] DEBUG c.c.p.s.jwt.JwtAuthenticationFilter - >>> [JwtFilter] Found token in header for path: /api/v1/notifications
2026-03-16 16:54:20 [http-nio-8080-exec-9] DEBUG o.s.orm.jpa.JpaTransactionManager - Creating new transaction with name [com.company.project.security.iam.CustomUserDetailsService.loadUserByUsername]: PROPAGATION_REQUIRED,ISOLATION_DEFAULT,readOnly
2026-03-16 16:54:20 [http-nio-8080-exec-2] DEBUG o.s.orm.jpa.JpaTransactionManager - Creating new transaction with name [com.company.project.security.iam.CustomUserDetailsService.loadUserByUsername]: PROPAGATION_REQUIRED,ISOLATION_DEFAULT,readOnly
2026-03-16 16:54:20 [http-nio-8080-exec-9] DEBUG o.s.orm.jpa.JpaTransactionManager - Opened new EntityManager [SessionImpl(1728776148<open>)] for JPA transaction
2026-03-16 16:54:20 [http-nio-8080-exec-2] DEBUG o.s.orm.jpa.JpaTransactionManager - Opened new EntityManager [SessionImpl(1379157759<open>)] for JPA transaction
2026-03-16 16:54:20 [http-nio-8080-exec-3] DEBUG o.s.orm.jpa.JpaTransactionManager - Closing JPA EntityManager [SessionImpl(1661046685<open>)] after transaction
2026-03-16 16:54:20 [http-nio-8080-exec-3] DEBUG c.c.p.s.jwt.JwtAuthenticationFilter - >>> [JwtFilter] Successfully authenticated user: USRCNFRM_99999999999, Authorities: [ROLE_ADMIN]
2026-03-16 16:54:20 [http-nio-8080-exec-3] DEBUG o.s.web.servlet.DispatcherServlet - GET "/api/v1/menu/head", parameters={}
2026-03-16 16:54:20 [http-nio-8080-exec-3] TRACE o.s.w.s.m.m.a.RequestMappingHandlerMapping - Mapped to com.company.project.api.controller.menu.MenuController#getHeadMenu()
2026-03-16 16:54:20 [http-nio-8080-exec-3] INFO  c.c.p.a.c.menu.MenuController - getHeadMenu called
2026-03-16 16:54:20 [http-nio-8080-exec-3] INFO  c.c.p.a.c.menu.MenuController - getHeadMenu returned 5 items
2026-03-16 16:54:20 [http-nio-8080-exec-3] DEBUG o.s.w.s.m.m.a.HttpEntityMethodProcessor - Using 'application/json', given [application/json, text/plain, */*] and supported [application/json, application/*+json, application/yaml]
2026-03-16 16:54:20 [http-nio-8080-exec-3] TRACE o.s.w.s.m.m.a.HttpEntityMethodProcessor - Writing [ApiResponse[success=true, status=200, code=COMMON_001, message=Success, data={list=[com.company.project.service.menu.dto.MenuDto@2b80d6b0, com.company.project.service.menu.dto.MenuDto@1418cfa3, com.company.project.service.menu.dto.MenuDto@f230bf1, com.company.project.service.menu.dto.MenuDto@734a7f6a, com.company.project.service.menu.dto.MenuDto@5e5202e5]}, timestamp=2026-03-16T16:54:20.020506500]]
2026-03-16 16:54:20 [http-nio-8080-exec-3] INFO  c.c.p.a.i.OperationalAuditInterceptor - API Audit Log: URL=/api/v1/menu/head, User=webmaster, IP=127.0.0.1
2026-03-16 16:54:20 [http-nio-8080-exec-3] DEBUG o.s.web.servlet.DispatcherServlet - Completed 200 OK
2026-03-16 16:54:20 [http-nio-8080-exec-6] DEBUG o.s.web.servlet.DispatcherServlet - GET "/ws/893/nz2v5jh3/websocket", parameters={}
2026-03-16 16:54:20 [http-nio-8080-exec-6] DEBUG o.s.w.s.s.s.WebSocketHandlerMapping - Mapped to org.springframework.web.socket.sockjs.support.SockJsHttpRequestHandler@3d80b7ba
2026-03-16 16:54:20 [http-nio-8080-exec-6] DEBUG o.s.w.s.s.t.h.DefaultSockJsService - Processing transport request: GET http://localhost:8080/ws/893/nz2v5jh3/websocket
2026-03-16 16:54:20 [http-nio-8080-exec-6] DEBUG o.s.web.servlet.DispatcherServlet - Completed 101 SWITCHING_PROTOCOLS
2026-03-16 16:54:20 [http-nio-8080-exec-6] DEBUG o.s.w.s.h.LoggingWebSocketHandlerDecorator - New WebSocketServerSockJsSession[id=nz2v5jh3]
2026-03-16 16:54:20 [scheduling-1] DEBUG org.springframework.web.SimpLogging - Processing CONNECT session=nz2v5jh3
2026-03-16 16:54:20 [scheduling-1] DEBUG org.springframework.web.SimpLogging - Processing SUBSCRIBE /topic/notices id=sub-0 session=nz2v5jh3
2026-03-16 16:54:20 [scheduling-1] DEBUG org.springframework.web.SimpLogging - Processing SUBSCRIBE destination=/queue/notifications-usernz2v5jh3 subscriptionId=sub-1 session=nz2v5jh3 payload=byte[0]
2026-03-16 16:54:20 [scheduling-1] DEBUG org.springframework.web.SimpLogging - Processing SUBSCRIBE /topic/public id=sub-2 session=nz2v5jh3
2026-03-16 16:54:20 [http-nio-8080-exec-2] DEBUG o.s.orm.jpa.JpaTransactionManager - Exposing JPA transaction as JDBC [org.springframework.orm.jpa.vendor.HibernateJpaDialect$HibernateConnectionHandle@3402f999]
2026-03-16 16:54:20 [http-nio-8080-exec-2] DEBUG o.s.orm.jpa.JpaTransactionManager - Found thread-bound EntityManager [SessionImpl(1379157759<open>)] for JPA transaction
2026-03-16 16:54:20 [http-nio-8080-exec-2] DEBUG o.s.orm.jpa.JpaTransactionManager - Participating in existing transaction
2026-03-16 16:54:20 [http-nio-8080-exec-2] DEBUG org.hibernate.SQL - select u1_0.emplyr_id,u1_0.area_no,u1_0.brthdy,u1_0.chg_pwd_cnt,u1_0.frst_register_id,u1_0.frst_regist_pnttm,u1_0.detail_adres,u1_0.email_adres,u1_0.emplyr_sttus_code,u1_0.empl_no,u1_0.esntl_id,u1_0.fxnum,u1_0.group_id,u1_0.house_adres,u1_0.house_end_telno,u1_0.house_middle_telno,u1_0.ihidnum,u1_0.pstinst_code,u1_0.last_updusr_id,u1_0.last_updt_pnttm,u1_0.lock_at,u1_0.lock_cnt,u1_0.lock_last_pnttm,u1_0.mbtlnum,u1_0.ofcps_nm,u1_0.offm_telno,u1_0.orgnzt_id,u1_0.password,u1_0.password_cnsr,u1_0.password_hint,u1_0.chg_pwd_last_pnttm,u1_0.role,u1_0.sbscrb_de,u1_0.sexdstn_code,u1_0.crtfc_dn_value,u1_0.user_nm,u1_0.zip from nemplyrinfo u1_0 where u1_0.emplyr_id=?
2026-03-16 16:54:20 [http-nio-8080-exec-9] DEBUG o.s.orm.jpa.JpaTransactionManager - Exposing JPA transaction as JDBC [org.springframework.orm.jpa.vendor.HibernateJpaDialect$HibernateConnectionHandle@7042acb1]
2026-03-16 16:54:20 [http-nio-8080-exec-9] DEBUG o.s.orm.jpa.JpaTransactionManager - Found thread-bound EntityManager [SessionImpl(1728776148<open>)] for JPA transaction
2026-03-16 16:54:20 [http-nio-8080-exec-9] DEBUG o.s.orm.jpa.JpaTransactionManager - Participating in existing transaction
2026-03-16 16:54:20 [http-nio-8080-exec-9] DEBUG org.hibernate.SQL - select u1_0.emplyr_id,u1_0.area_no,u1_0.brthdy,u1_0.chg_pwd_cnt,u1_0.frst_register_id,u1_0.frst_regist_pnttm,u1_0.detail_adres,u1_0.email_adres,u1_0.emplyr_sttus_code,u1_0.empl_no,u1_0.esntl_id,u1_0.fxnum,u1_0.group_id,u1_0.house_adres,u1_0.house_end_telno,u1_0.house_middle_telno,u1_0.ihidnum,u1_0.pstinst_code,u1_0.last_updusr_id,u1_0.last_updt_pnttm,u1_0.lock_at,u1_0.lock_cnt,u1_0.lock_last_pnttm,u1_0.mbtlnum,u1_0.ofcps_nm,u1_0.offm_telno,u1_0.orgnzt_id,u1_0.password,u1_0.password_cnsr,u1_0.password_hint,u1_0.chg_pwd_last_pnttm,u1_0.role,u1_0.sbscrb_de,u1_0.sexdstn_code,u1_0.crtfc_dn_value,u1_0.user_nm,u1_0.zip from nemplyrinfo u1_0 where u1_0.emplyr_id=?
2026-03-16 16:54:20 [http-nio-8080-exec-1] DEBUG o.s.orm.jpa.JpaTransactionManager - Found thread-bound EntityManager [SessionImpl(1731633953<open>)] for JPA transaction
2026-03-16 16:54:20 [http-nio-8080-exec-1] DEBUG o.s.orm.jpa.JpaTransactionManager - Participating in existing transaction
2026-03-16 16:54:20 [http-nio-8080-exec-1] DEBUG org.hibernate.SQL - select p1_0.progrm_file_nm,p1_0.progrm_dc,p1_0.progrm_korean_nm,p1_0.progrm_stre_path,p1_0.url from nprogrmlist p1_0
2026-03-16 16:54:20 [http-nio-8080-exec-2] DEBUG o.s.orm.jpa.JpaTransactionManager - Found thread-bound EntityManager [SessionImpl(1379157759<open>)] for JPA transaction
2026-03-16 16:54:20 [http-nio-8080-exec-9] DEBUG o.s.orm.jpa.JpaTransactionManager - Found thread-bound EntityManager [SessionImpl(1728776148<open>)] for JPA transaction
2026-03-16 16:54:20 [http-nio-8080-exec-2] DEBUG o.s.orm.jpa.JpaTransactionManager - Participating in existing transaction
2026-03-16 16:54:20 [http-nio-8080-exec-9] DEBUG o.s.orm.jpa.JpaTransactionManager - Participating in existing transaction
2026-03-16 16:54:20 [http-nio-8080-exec-2] DEBUG org.hibernate.SQL - select ua1_0.scrty_dtrmn_trget_id,ua1_0.author_code,ua1_0.frst_register_id,ua1_0.frst_regist_pnttm,ua1_0.last_updusr_id,ua1_0.last_updt_pnttm,ua1_0.mber_ty_code from nemplyrscrtyestbs ua1_0 where ua1_0.scrty_dtrmn_trget_id=?
2026-03-16 16:54:20 [http-nio-8080-exec-9] DEBUG org.hibernate.SQL - select ua1_0.scrty_dtrmn_trget_id,ua1_0.author_code,ua1_0.frst_register_id,ua1_0.frst_regist_pnttm,ua1_0.last_updusr_id,ua1_0.last_updt_pnttm,ua1_0.mber_ty_code from nemplyrscrtyestbs ua1_0 where ua1_0.scrty_dtrmn_trget_id=?
2026-03-16 16:54:20 [http-nio-8080-exec-1] DEBUG o.s.orm.jpa.JpaTransactionManager - Initiating transaction commit
2026-03-16 16:54:20 [http-nio-8080-exec-1] DEBUG o.s.orm.jpa.JpaTransactionManager - Committing JPA transaction on EntityManager [SessionImpl(1731633953<open>)]
2026-03-16 16:54:20 [http-nio-8080-exec-9] DEBUG o.s.orm.jpa.JpaTransactionManager - Initiating transaction commit
2026-03-16 16:54:20 [http-nio-8080-exec-9] DEBUG o.s.orm.jpa.JpaTransactionManager - Committing JPA transaction on EntityManager [SessionImpl(1728776148<open>)]
2026-03-16 16:54:20 [http-nio-8080-exec-2] DEBUG o.s.orm.jpa.JpaTransactionManager - Initiating transaction commit
2026-03-16 16:54:20 [http-nio-8080-exec-2] DEBUG o.s.orm.jpa.JpaTransactionManager - Committing JPA transaction on EntityManager [SessionImpl(1379157759<open>)]
2026-03-16 16:54:20 [http-nio-8080-exec-1] DEBUG o.s.orm.jpa.JpaTransactionManager - Closing JPA EntityManager [SessionImpl(1731633953<open>)] after transaction
2026-03-16 16:54:20 [http-nio-8080-exec-1] INFO  c.c.p.a.c.menu.MenuController - getLeftMenu returned 5 items
2026-03-16 16:54:20 [http-nio-8080-exec-1] DEBUG o.s.w.s.m.m.a.HttpEntityMethodProcessor - Using 'application/json', given [application/json, text/plain, */*] and supported [application/json, application/*+json, application/yaml]
2026-03-16 16:54:20 [http-nio-8080-exec-1] TRACE o.s.w.s.m.m.a.HttpEntityMethodProcessor - Writing [ApiResponse[success=true, status=200, code=COMMON_001, message=Success, data={list=[com.company.project.service.menu.dto.MenuDto@513f4087, com.company.project.service.menu.dto.MenuDto@3fc5bdd0, com.company.project.service.menu.dto.MenuDto@1e8fd0e4, com.company.project.service.menu.dto.MenuDto@65202103, com.company.project.service.menu.dto.MenuDto@4eb06e58]}, timestamp=2026-03-16T16:54:20.613446200]]
2026-03-16 16:54:20 [http-nio-8080-exec-1] INFO  c.c.p.a.i.OperationalAuditInterceptor - API Audit Log: URL=/api/v1/menu/left, User=webmaster, IP=127.0.0.1
2026-03-16 16:54:20 [http-nio-8080-exec-1] DEBUG o.s.web.servlet.DispatcherServlet - Completed 200 OK
2026-03-16 16:54:20 [http-nio-8080-exec-4] DEBUG c.c.p.s.jwt.JwtAuthenticationFilter - >>> [JwtFilter] Processing request: GET /api/v1/menu/left
2026-03-16 16:54:20 [http-nio-8080-exec-4] DEBUG c.c.p.s.jwt.JwtAuthenticationFilter - >>> [JwtFilter] Found token in header for path: /api/v1/menu/left
2026-03-16 16:54:20 [http-nio-8080-exec-4] DEBUG o.s.orm.jpa.JpaTransactionManager - Creating new transaction with name [com.company.project.security.iam.CustomUserDetailsService.loadUserByUsername]: PROPAGATION_REQUIRED,ISOLATION_DEFAULT,readOnly
2026-03-16 16:54:20 [http-nio-8080-exec-4] DEBUG o.s.orm.jpa.JpaTransactionManager - Opened new EntityManager [SessionImpl(852300118<open>)] for JPA transaction
2026-03-16 16:54:20 [http-nio-8080-exec-2] DEBUG o.s.orm.jpa.JpaTransactionManager - Closing JPA EntityManager [SessionImpl(1379157759<open>)] after transaction
2026-03-16 16:54:20 [http-nio-8080-exec-2] DEBUG c.c.p.s.jwt.JwtAuthenticationFilter - >>> [JwtFilter] Successfully authenticated user: USRCNFRM_99999999999, Authorities: [ROLE_ADMIN]
2026-03-16 16:54:20 [http-nio-8080-exec-9] DEBUG o.s.orm.jpa.JpaTransactionManager - Closing JPA EntityManager [SessionImpl(1728776148<open>)] after transaction
2026-03-16 16:54:20 [http-nio-8080-exec-9] DEBUG c.c.p.s.jwt.JwtAuthenticationFilter - >>> [JwtFilter] Successfully authenticated user: USRCNFRM_99999999999, Authorities: [ROLE_ADMIN]
2026-03-16 16:54:20 [http-nio-8080-exec-9] DEBUG o.s.web.servlet.DispatcherServlet - GET "/api/v1/notifications", parameters={}
2026-03-16 16:54:20 [http-nio-8080-exec-2] DEBUG o.s.web.servlet.DispatcherServlet - GET "/api/v1/notifications/unread-count", parameters={}
2026-03-16 16:54:20 [http-nio-8080-exec-2] TRACE o.s.w.s.m.m.a.RequestMappingHandlerMapping - Mapped to com.company.project.api.controller.notification.NotificationController#getUnreadCount(UserDetails)
2026-03-16 16:54:20 [http-nio-8080-exec-9] TRACE o.s.w.s.m.m.a.RequestMappingHandlerMapping - Mapped to com.company.project.api.controller.notification.NotificationController#getMyNotifications(UserDetails)
2026-03-16 16:54:20 [http-nio-8080-exec-2] DEBUG o.s.orm.jpa.JpaTransactionManager - Creating new transaction with name [com.company.project.service.notification.NotificationService.getUnreadCount]: PROPAGATION_REQUIRED,ISOLATION_DEFAULT,readOnly
2026-03-16 16:54:20 [http-nio-8080-exec-9] DEBUG o.s.orm.jpa.JpaTransactionManager - Creating new transaction with name [com.company.project.service.notification.NotificationService.getActiveNotifications]: PROPAGATION_REQUIRED,ISOLATION_DEFAULT,readOnly
2026-03-16 16:54:20 [http-nio-8080-exec-2] DEBUG o.s.orm.jpa.JpaTransactionManager - Opened new EntityManager [SessionImpl(1219278606<open>)] for JPA transaction
2026-03-16 16:54:20 [http-nio-8080-exec-9] DEBUG o.s.orm.jpa.JpaTransactionManager - Opened new EntityManager [SessionImpl(727197739<open>)] for JPA transaction
2026-03-16 16:54:20 [http-nio-8080-exec-2] DEBUG o.s.orm.jpa.JpaTransactionManager - Exposing JPA transaction as JDBC [org.springframework.orm.jpa.vendor.HibernateJpaDialect$HibernateConnectionHandle@2e0ac5f]
2026-03-16 16:54:20 [http-nio-8080-exec-9] DEBUG o.s.orm.jpa.JpaTransactionManager - Exposing JPA transaction as JDBC [org.springframework.orm.jpa.vendor.HibernateJpaDialect$HibernateConnectionHandle@469e8408]
2026-03-16 16:54:20 [http-nio-8080-exec-9] DEBUG o.s.orm.jpa.JpaTransactionManager - Found thread-bound EntityManager [SessionImpl(727197739<open>)] for JPA transaction
2026-03-16 16:54:20 [http-nio-8080-exec-9] DEBUG o.s.orm.jpa.JpaTransactionManager - Participating in existing transaction
2026-03-16 16:54:20 [http-nio-8080-exec-2] DEBUG org.hibernate.SQL - select count(n1_0.ntcn_no) from n_user_notification n1_0 where n1_0.receiver_id=? and n1_0.is_read=?
2026-03-16 16:54:20 [http-nio-8080-exec-9] DEBUG org.hibernate.SQL - select n1_0.ntcn_no,n1_0.frst_register_id,n1_0.frst_regist_pnttm,n1_0.is_read,n1_0.last_updusr_id,n1_0.last_updt_pnttm,n1_0.link_url,n1_0.ntcn_cn,n1_0.ntcn_sj,n1_0.receiver_id from n_user_notification n1_0
2026-03-16 16:54:20 [http-nio-8080-exec-4] DEBUG o.s.orm.jpa.JpaTransactionManager - Exposing JPA transaction as JDBC [org.springframework.orm.jpa.vendor.HibernateJpaDialect$HibernateConnectionHandle@4203714e]
2026-03-16 16:54:20 [http-nio-8080-exec-4] DEBUG o.s.orm.jpa.JpaTransactionManager - Found thread-bound EntityManager [SessionImpl(852300118<open>)] for JPA transaction
2026-03-16 16:54:20 [http-nio-8080-exec-4] DEBUG o.s.orm.jpa.JpaTransactionManager - Participating in existing transaction
2026-03-16 16:54:20 [http-nio-8080-exec-4] DEBUG org.hibernate.SQL - select u1_0.emplyr_id,u1_0.area_no,u1_0.brthdy,u1_0.chg_pwd_cnt,u1_0.frst_register_id,u1_0.frst_regist_pnttm,u1_0.detail_adres,u1_0.email_adres,u1_0.emplyr_sttus_code,u1_0.empl_no,u1_0.esntl_id,u1_0.fxnum,u1_0.group_id,u1_0.house_adres,u1_0.house_end_telno,u1_0.house_middle_telno,u1_0.ihidnum,u1_0.pstinst_code,u1_0.last_updusr_id,u1_0.last_updt_pnttm,u1_0.lock_at,u1_0.lock_cnt,u1_0.lock_last_pnttm,u1_0.mbtlnum,u1_0.ofcps_nm,u1_0.offm_telno,u1_0.orgnzt_id,u1_0.password,u1_0.password_cnsr,u1_0.password_hint,u1_0.chg_pwd_last_pnttm,u1_0.role,u1_0.sbscrb_de,u1_0.sexdstn_code,u1_0.crtfc_dn_value,u1_0.user_nm,u1_0.zip from nemplyrinfo u1_0 where u1_0.emplyr_id=?
2026-03-16 16:54:20 [http-nio-8080-exec-2] DEBUG o.s.orm.jpa.JpaTransactionManager - Initiating transaction commit
2026-03-16 16:54:20 [http-nio-8080-exec-2] DEBUG o.s.orm.jpa.JpaTransactionManager - Committing JPA transaction on EntityManager [SessionImpl(1219278606<open>)]
2026-03-16 16:54:20 [http-nio-8080-exec-9] DEBUG o.s.orm.jpa.JpaTransactionManager - Initiating transaction commit
2026-03-16 16:54:20 [http-nio-8080-exec-9] DEBUG o.s.orm.jpa.JpaTransactionManager - Committing JPA transaction on EntityManager [SessionImpl(727197739<open>)]
2026-03-16 16:54:20 [http-nio-8080-exec-4] DEBUG o.s.orm.jpa.JpaTransactionManager - Found thread-bound EntityManager [SessionImpl(852300118<open>)] for JPA transaction
2026-03-16 16:54:20 [http-nio-8080-exec-4] DEBUG o.s.orm.jpa.JpaTransactionManager - Participating in existing transaction
2026-03-16 16:54:20 [http-nio-8080-exec-4] DEBUG org.hibernate.SQL - select ua1_0.scrty_dtrmn_trget_id,ua1_0.author_code,ua1_0.frst_register_id,ua1_0.frst_regist_pnttm,ua1_0.last_updusr_id,ua1_0.last_updt_pnttm,ua1_0.mber_ty_code from nemplyrscrtyestbs ua1_0 where ua1_0.scrty_dtrmn_trget_id=?
2026-03-16 16:54:20 [http-nio-8080-exec-2] DEBUG o.s.orm.jpa.JpaTransactionManager - Closing JPA EntityManager [SessionImpl(1219278606<open>)] after transaction
2026-03-16 16:54:20 [http-nio-8080-exec-9] DEBUG o.s.orm.jpa.JpaTransactionManager - Closing JPA EntityManager [SessionImpl(727197739<open>)] after transaction
2026-03-16 16:54:20 [http-nio-8080-exec-2] DEBUG o.s.w.s.m.m.a.HttpEntityMethodProcessor - Using 'application/json', given [application/json, text/plain, */*] and supported [application/json, application/*+json, application/yaml]
2026-03-16 16:54:20 [http-nio-8080-exec-9] DEBUG o.s.w.s.m.m.a.HttpEntityMethodProcessor - Using 'application/json', given [application/json, text/plain, */*] and supported [application/json, application/*+json, application/yaml]
2026-03-16 16:54:20 [http-nio-8080-exec-2] TRACE o.s.w.s.m.m.a.HttpEntityMethodProcessor - Writing [ApiResponse[success=true, status=200, code=COMMON_001, message=Success, data=0, timestamp=2026-03-16T16:54:20.928940]]
2026-03-16 16:54:20 [http-nio-8080-exec-9] TRACE o.s.w.s.m.m.a.HttpEntityMethodProcessor - Writing [ApiResponse[success=true, status=200, code=COMMON_001, message=Success, data=[NotificationDto(ntfcNo=NT001, ntfcSj=테스트 알림입니다, ntfcCn=알림 내용입니다, ntfcDate=null, ntfcTime=2026-02-25T00:59:33.784070, bhNtfcIntrvl=null, uniqId=null, frstRegisterId=null, frstRegisterPnttm=2026-02-25T00:59:33.784070, lastUpdusrId=null, lastUpdusrPnttm=null)], timestamp=2026-03-16T16:54:20.928940]]
2026-03-16 16:54:20 [http-nio-8080-exec-2] INFO  c.c.p.a.i.OperationalAuditInterceptor - API Audit Log: URL=/api/v1/notifications/unread-count, User=webmaster, IP=127.0.0.1
2026-03-16 16:54:20 [http-nio-8080-exec-2] DEBUG o.s.web.servlet.DispatcherServlet - Completed 200 OK
2026-03-16 16:54:20 [http-nio-8080-exec-9] INFO  c.c.p.a.i.OperationalAuditInterceptor - API Audit Log: URL=/api/v1/notifications, User=webmaster, IP=127.0.0.1
2026-03-16 16:54:20 [http-nio-8080-exec-9] DEBUG o.s.web.servlet.DispatcherServlet - Completed 200 OK
2026-03-16 16:54:20 [http-nio-8080-exec-3] DEBUG c.c.p.s.jwt.JwtAuthenticationFilter - >>> [JwtFilter] Processing request: GET /api/v1/notifications
2026-03-16 16:54:20 [http-nio-8080-exec-7] DEBUG c.c.p.s.jwt.JwtAuthenticationFilter - >>> [JwtFilter] Processing request: GET /api/v1/notifications/unread-count
2026-03-16 16:54:20 [http-nio-8080-exec-3] DEBUG c.c.p.s.jwt.JwtAuthenticationFilter - >>> [JwtFilter] Found token in header for path: /api/v1/notifications
2026-03-16 16:54:20 [http-nio-8080-exec-7] DEBUG c.c.p.s.jwt.JwtAuthenticationFilter - >>> [JwtFilter] Found token in header for path: /api/v1/notifications/unread-count
2026-03-16 16:54:20 [http-nio-8080-exec-7] DEBUG o.s.orm.jpa.JpaTransactionManager - Creating new transaction with name [com.company.project.security.iam.CustomUserDetailsService.loadUserByUsername]: PROPAGATION_REQUIRED,ISOLATION_DEFAULT,readOnly
2026-03-16 16:54:20 [http-nio-8080-exec-3] DEBUG o.s.orm.jpa.JpaTransactionManager - Creating new transaction with name [com.company.project.security.iam.CustomUserDetailsService.loadUserByUsername]: PROPAGATION_REQUIRED,ISOLATION_DEFAULT,readOnly
2026-03-16 16:54:20 [http-nio-8080-exec-7] DEBUG o.s.orm.jpa.JpaTransactionManager - Opened new EntityManager [SessionImpl(632501852<open>)] for JPA transaction
2026-03-16 16:54:20 [http-nio-8080-exec-3] DEBUG o.s.orm.jpa.JpaTransactionManager - Opened new EntityManager [SessionImpl(749858338<open>)] for JPA transaction
2026-03-16 16:54:21 [http-nio-8080-exec-4] DEBUG o.s.orm.jpa.JpaTransactionManager - Initiating transaction commit
2026-03-16 16:54:21 [http-nio-8080-exec-4] DEBUG o.s.orm.jpa.JpaTransactionManager - Committing JPA transaction on EntityManager [SessionImpl(852300118<open>)]
2026-03-16 16:54:21 [http-nio-8080-exec-3] DEBUG o.s.orm.jpa.JpaTransactionManager - Exposing JPA transaction as JDBC [org.springframework.orm.jpa.vendor.HibernateJpaDialect$HibernateConnectionHandle@53e24525]
2026-03-16 16:54:21 [http-nio-8080-exec-7] DEBUG o.s.orm.jpa.JpaTransactionManager - Exposing JPA transaction as JDBC [org.springframework.orm.jpa.vendor.HibernateJpaDialect$HibernateConnectionHandle@6e733560]
2026-03-16 16:54:21 [http-nio-8080-exec-3] DEBUG o.s.orm.jpa.JpaTransactionManager - Found thread-bound EntityManager [SessionImpl(749858338<open>)] for JPA transaction
2026-03-16 16:54:21 [http-nio-8080-exec-3] DEBUG o.s.orm.jpa.JpaTransactionManager - Participating in existing transaction
2026-03-16 16:54:21 [http-nio-8080-exec-7] DEBUG o.s.orm.jpa.JpaTransactionManager - Found thread-bound EntityManager [SessionImpl(632501852<open>)] for JPA transaction
2026-03-16 16:54:21 [http-nio-8080-exec-7] DEBUG o.s.orm.jpa.JpaTransactionManager - Participating in existing transaction
2026-03-16 16:54:21 [http-nio-8080-exec-3] DEBUG org.hibernate.SQL - select u1_0.emplyr_id,u1_0.area_no,u1_0.brthdy,u1_0.chg_pwd_cnt,u1_0.frst_register_id,u1_0.frst_regist_pnttm,u1_0.detail_adres,u1_0.email_adres,u1_0.emplyr_sttus_code,u1_0.empl_no,u1_0.esntl_id,u1_0.fxnum,u1_0.group_id,u1_0.house_adres,u1_0.house_end_telno,u1_0.house_middle_telno,u1_0.ihidnum,u1_0.pstinst_code,u1_0.last_updusr_id,u1_0.last_updt_pnttm,u1_0.lock_at,u1_0.lock_cnt,u1_0.lock_last_pnttm,u1_0.mbtlnum,u1_0.ofcps_nm,u1_0.offm_telno,u1_0.orgnzt_id,u1_0.password,u1_0.password_cnsr,u1_0.password_hint,u1_0.chg_pwd_last_pnttm,u1_0.role,u1_0.sbscrb_de,u1_0.sexdstn_code,u1_0.crtfc_dn_value,u1_0.user_nm,u1_0.zip from nemplyrinfo u1_0 where u1_0.emplyr_id=?
2026-03-16 16:54:21 [http-nio-8080-exec-7] DEBUG org.hibernate.SQL - select u1_0.emplyr_id,u1_0.area_no,u1_0.brthdy,u1_0.chg_pwd_cnt,u1_0.frst_register_id,u1_0.frst_regist_pnttm,u1_0.detail_adres,u1_0.email_adres,u1_0.emplyr_sttus_code,u1_0.empl_no,u1_0.esntl_id,u1_0.fxnum,u1_0.group_id,u1_0.house_adres,u1_0.house_end_telno,u1_0.house_middle_telno,u1_0.ihidnum,u1_0.pstinst_code,u1_0.last_updusr_id,u1_0.last_updt_pnttm,u1_0.lock_at,u1_0.lock_cnt,u1_0.lock_last_pnttm,u1_0.mbtlnum,u1_0.ofcps_nm,u1_0.offm_telno,u1_0.orgnzt_id,u1_0.password,u1_0.password_cnsr,u1_0.password_hint,u1_0.chg_pwd_last_pnttm,u1_0.role,u1_0.sbscrb_de,u1_0.sexdstn_code,u1_0.crtfc_dn_value,u1_0.user_nm,u1_0.zip from nemplyrinfo u1_0 where u1_0.emplyr_id=?
2026-03-16 16:54:21 [http-nio-8080-exec-4] DEBUG o.s.orm.jpa.JpaTransactionManager - Closing JPA EntityManager [SessionImpl(852300118<open>)] after transaction
2026-03-16 16:54:21 [http-nio-8080-exec-4] DEBUG c.c.p.s.jwt.JwtAuthenticationFilter - >>> [JwtFilter] Successfully authenticated user: USRCNFRM_99999999999, Authorities: [ROLE_ADMIN]
2026-03-16 16:54:21 [http-nio-8080-exec-4] DEBUG o.s.web.servlet.DispatcherServlet - GET "/api/v1/menu/left?menuNo=20", parameters={masked}
2026-03-16 16:54:21 [http-nio-8080-exec-4] TRACE o.s.w.s.m.m.a.RequestMappingHandlerMapping - Mapped to com.company.project.api.controller.menu.MenuController#getLeftMenu(Long)
2026-03-16 16:54:21 [http-nio-8080-exec-4] INFO  c.c.p.a.c.menu.MenuController - getLeftMenu called with menuNo=20
2026-03-16 16:54:21 [http-nio-8080-exec-4] DEBUG o.s.orm.jpa.JpaTransactionManager - Creating new transaction with name [com.company.project.service.menu.MenuService.getSubMenus]: PROPAGATION_REQUIRED,ISOLATION_DEFAULT,readOnly
2026-03-16 16:54:21 [http-nio-8080-exec-4] DEBUG o.s.orm.jpa.JpaTransactionManager - Opened new EntityManager [SessionImpl(428355291<open>)] for JPA transaction
2026-03-16 16:54:21 [http-nio-8080-exec-4] DEBUG o.s.orm.jpa.JpaTransactionManager - Exposing JPA transaction as JDBC [org.springframework.orm.jpa.vendor.HibernateJpaDialect$HibernateConnectionHandle@35a9272d]
2026-03-16 16:54:21 [http-nio-8080-exec-4] DEBUG org.hibernate.SQL - select m1_0.menu_no,m1_0.menu_dc,m1_0.menu_nm,m1_0.menu_ordr,m1_0.modern_route,m1_0.progrm_file_nm,m1_0.relate_image_nm,m1_0.relate_image_path,m1_0.route_updated_at,m1_0.upper_menu_no from nmenuinfo m1_0 order by m1_0.upper_menu_no,m1_0.menu_ordr
2026-03-16 16:54:21 [http-nio-8080-exec-7] DEBUG o.s.orm.jpa.JpaTransactionManager - Found thread-bound EntityManager [SessionImpl(632501852<open>)] for JPA transaction
2026-03-16 16:54:21 [http-nio-8080-exec-7] DEBUG o.s.orm.jpa.JpaTransactionManager - Participating in existing transaction
2026-03-16 16:54:21 [http-nio-8080-exec-7] DEBUG org.hibernate.SQL - select ua1_0.scrty_dtrmn_trget_id,ua1_0.author_code,ua1_0.frst_register_id,ua1_0.frst_regist_pnttm,ua1_0.last_updusr_id,ua1_0.last_updt_pnttm,ua1_0.mber_ty_code from nemplyrscrtyestbs ua1_0 where ua1_0.scrty_dtrmn_trget_id=?
2026-03-16 16:54:21 [http-nio-8080-exec-3] DEBUG o.s.orm.jpa.JpaTransactionManager - Found thread-bound EntityManager [SessionImpl(749858338<open>)] for JPA transaction
2026-03-16 16:54:21 [http-nio-8080-exec-3] DEBUG o.s.orm.jpa.JpaTransactionManager - Participating in existing transaction
2026-03-16 16:54:21 [http-nio-8080-exec-3] DEBUG org.hibernate.SQL - select ua1_0.scrty_dtrmn_trget_id,ua1_0.author_code,ua1_0.frst_register_id,ua1_0.frst_regist_pnttm,ua1_0.last_updusr_id,ua1_0.last_updt_pnttm,ua1_0.mber_ty_code from nemplyrscrtyestbs ua1_0 where ua1_0.scrty_dtrmn_trget_id=?
2026-03-16 16:54:21 [http-nio-8080-exec-7] DEBUG o.s.orm.jpa.JpaTransactionManager - Initiating transaction commit
2026-03-16 16:54:21 [http-nio-8080-exec-7] DEBUG o.s.orm.jpa.JpaTransactionManager - Committing JPA transaction on EntityManager [SessionImpl(632501852<open>)]
2026-03-16 16:54:21 [http-nio-8080-exec-3] DEBUG o.s.orm.jpa.JpaTransactionManager - Initiating transaction commit
2026-03-16 16:54:21 [http-nio-8080-exec-3] DEBUG o.s.orm.jpa.JpaTransactionManager - Committing JPA transaction on EntityManager [SessionImpl(749858338<open>)]
2026-03-16 16:54:21 [http-nio-8080-exec-4] DEBUG o.s.orm.jpa.JpaTransactionManager - Found thread-bound EntityManager [SessionImpl(428355291<open>)] for JPA transaction
2026-03-16 16:54:21 [http-nio-8080-exec-4] DEBUG o.s.orm.jpa.JpaTransactionManager - Participating in existing transaction
2026-03-16 16:54:21 [http-nio-8080-exec-4] DEBUG org.hibernate.SQL - select p1_0.progrm_file_nm,p1_0.progrm_dc,p1_0.progrm_korean_nm,p1_0.progrm_stre_path,p1_0.url from nprogrmlist p1_0
2026-03-16 16:54:21 [http-nio-8080-exec-7] DEBUG o.s.orm.jpa.JpaTransactionManager - Closing JPA EntityManager [SessionImpl(632501852<open>)] after transaction
2026-03-16 16:54:21 [http-nio-8080-exec-7] DEBUG c.c.p.s.jwt.JwtAuthenticationFilter - >>> [JwtFilter] Successfully authenticated user: USRCNFRM_99999999999, Authorities: [ROLE_ADMIN]
2026-03-16 16:54:21 [http-nio-8080-exec-7] DEBUG o.s.web.servlet.DispatcherServlet - GET "/api/v1/notifications/unread-count", parameters={}
2026-03-16 16:54:21 [http-nio-8080-exec-7] TRACE o.s.w.s.m.m.a.RequestMappingHandlerMapping - Mapped to com.company.project.api.controller.notification.NotificationController#getUnreadCount(UserDetails)
2026-03-16 16:54:21 [http-nio-8080-exec-3] DEBUG o.s.orm.jpa.JpaTransactionManager - Closing JPA EntityManager [SessionImpl(749858338<open>)] after transaction
2026-03-16 16:54:21 [http-nio-8080-exec-7] DEBUG o.s.orm.jpa.JpaTransactionManager - Creating new transaction with name [com.company.project.service.notification.NotificationService.getUnreadCount]: PROPAGATION_REQUIRED,ISOLATION_DEFAULT,readOnly
2026-03-16 16:54:21 [http-nio-8080-exec-3] DEBUG c.c.p.s.jwt.JwtAuthenticationFilter - >>> [JwtFilter] Successfully authenticated user: USRCNFRM_99999999999, Authorities: [ROLE_ADMIN]
2026-03-16 16:54:21 [http-nio-8080-exec-7] DEBUG o.s.orm.jpa.JpaTransactionManager - Opened new EntityManager [SessionImpl(751113671<open>)] for JPA transaction
2026-03-16 16:54:21 [http-nio-8080-exec-7] DEBUG o.s.orm.jpa.JpaTransactionManager - Exposing JPA transaction as JDBC [org.springframework.orm.jpa.vendor.HibernateJpaDialect$HibernateConnectionHandle@555b99d2]
2026-03-16 16:54:21 [http-nio-8080-exec-3] DEBUG o.s.web.servlet.DispatcherServlet - GET "/api/v1/notifications", parameters={}
2026-03-16 16:54:21 [http-nio-8080-exec-3] TRACE o.s.w.s.m.m.a.RequestMappingHandlerMapping - Mapped to com.company.project.api.controller.notification.NotificationController#getMyNotifications(UserDetails)
2026-03-16 16:54:21 [http-nio-8080-exec-3] DEBUG o.s.orm.jpa.JpaTransactionManager - Creating new transaction with name [com.company.project.service.notification.NotificationService.getActiveNotifications]: PROPAGATION_REQUIRED,ISOLATION_DEFAULT,readOnly
2026-03-16 16:54:21 [http-nio-8080-exec-3] DEBUG o.s.orm.jpa.JpaTransactionManager - Opened new EntityManager [SessionImpl(1247247481<open>)] for JPA transaction
2026-03-16 16:54:21 [http-nio-8080-exec-3] DEBUG o.s.orm.jpa.JpaTransactionManager - Exposing JPA transaction as JDBC [org.springframework.orm.jpa.vendor.HibernateJpaDialect$HibernateConnectionHandle@4f168a9d]
2026-03-16 16:54:21 [http-nio-8080-exec-3] DEBUG o.s.orm.jpa.JpaTransactionManager - Found thread-bound EntityManager [SessionImpl(1247247481<open>)] for JPA transaction
2026-03-16 16:54:21 [http-nio-8080-exec-3] DEBUG o.s.orm.jpa.JpaTransactionManager - Participating in existing transaction
2026-03-16 16:54:21 [http-nio-8080-exec-3] DEBUG org.hibernate.SQL - select n1_0.ntcn_no,n1_0.frst_register_id,n1_0.frst_regist_pnttm,n1_0.is_read,n1_0.last_updusr_id,n1_0.last_updt_pnttm,n1_0.link_url,n1_0.ntcn_cn,n1_0.ntcn_sj,n1_0.receiver_id from n_user_notification n1_0
2026-03-16 16:54:21 [http-nio-8080-exec-7] DEBUG org.hibernate.SQL - select count(n1_0.ntcn_no) from n_user_notification n1_0 where n1_0.receiver_id=? and n1_0.is_read=?
2026-03-16 16:54:21 [http-nio-8080-exec-4] DEBUG o.s.orm.jpa.JpaTransactionManager - Initiating transaction commit
2026-03-16 16:54:21 [http-nio-8080-exec-4] DEBUG o.s.orm.jpa.JpaTransactionManager - Committing JPA transaction on EntityManager [SessionImpl(428355291<open>)]
2026-03-16 16:54:21 [http-nio-8080-exec-3] DEBUG o.s.orm.jpa.JpaTransactionManager - Initiating transaction commit
2026-03-16 16:54:21 [http-nio-8080-exec-3] DEBUG o.s.orm.jpa.JpaTransactionManager - Committing JPA transaction on EntityManager [SessionImpl(1247247481<open>)]
2026-03-16 16:54:21 [http-nio-8080-exec-7] DEBUG o.s.orm.jpa.JpaTransactionManager - Initiating transaction commit
2026-03-16 16:54:21 [http-nio-8080-exec-7] DEBUG o.s.orm.jpa.JpaTransactionManager - Committing JPA transaction on EntityManager [SessionImpl(751113671<open>)]
2026-03-16 16:54:21 [http-nio-8080-exec-4] DEBUG o.s.orm.jpa.JpaTransactionManager - Closing JPA EntityManager [SessionImpl(428355291<open>)] after transaction
2026-03-16 16:54:21 [http-nio-8080-exec-4] INFO  c.c.p.a.c.menu.MenuController - getLeftMenu returned 3 items
2026-03-16 16:54:21 [http-nio-8080-exec-4] DEBUG o.s.w.s.m.m.a.HttpEntityMethodProcessor - Using 'application/json', given [application/json, text/plain, */*] and supported [application/json, application/*+json, application/yaml]
2026-03-16 16:54:21 [http-nio-8080-exec-4] TRACE o.s.w.s.m.m.a.HttpEntityMethodProcessor - Writing [ApiResponse[success=true, status=200, code=COMMON_001, message=Success, data={list=[com.company.project.service.menu.dto.MenuDto@3b67a7ce, com.company.project.service.menu.dto.MenuDto@22727ebe, com.company.project.service.menu.dto.MenuDto@166c2168]}, timestamp=2026-03-16T16:54:21.834563500]]
2026-03-16 16:54:21 [http-nio-8080-exec-4] INFO  c.c.p.a.i.OperationalAuditInterceptor - API Audit Log: URL=/api/v1/menu/left, User=webmaster, IP=127.0.0.1
2026-03-16 16:54:21 [http-nio-8080-exec-4] DEBUG o.s.web.servlet.DispatcherServlet - Completed 200 OK
2026-03-16 16:54:21 [http-nio-8080-exec-6] DEBUG c.c.p.s.jwt.JwtAuthenticationFilter - >>> [JwtFilter] Processing request: GET /api/v1/menu/left
2026-03-16 16:54:21 [http-nio-8080-exec-6] DEBUG c.c.p.s.jwt.JwtAuthenticationFilter - >>> [JwtFilter] Found token in header for path: /api/v1/menu/left
2026-03-16 16:54:21 [http-nio-8080-exec-6] DEBUG o.s.orm.jpa.JpaTransactionManager - Creating new transaction with name [com.company.project.security.iam.CustomUserDetailsService.loadUserByUsername]: PROPAGATION_REQUIRED,ISOLATION_DEFAULT,readOnly
2026-03-16 16:54:21 [http-nio-8080-exec-6] DEBUG o.s.orm.jpa.JpaTransactionManager - Opened new EntityManager [SessionImpl(1194131298<open>)] for JPA transaction
2026-03-16 16:54:21 [http-nio-8080-exec-3] DEBUG o.s.orm.jpa.JpaTransactionManager - Closing JPA EntityManager [SessionImpl(1247247481<open>)] after transaction
2026-03-16 16:54:21 [http-nio-8080-exec-7] DEBUG o.s.orm.jpa.JpaTransactionManager - Closing JPA EntityManager [SessionImpl(751113671<open>)] after transaction
2026-03-16 16:54:21 [http-nio-8080-exec-3] DEBUG o.s.w.s.m.m.a.HttpEntityMethodProcessor - Using 'application/json', given [application/json, text/plain, */*] and supported [application/json, application/*+json, application/yaml]
2026-03-16 16:54:21 [http-nio-8080-exec-7] DEBUG o.s.w.s.m.m.a.HttpEntityMethodProcessor - Using 'application/json', given [application/json, text/plain, */*] and supported [application/json, application/*+json, application/yaml]
2026-03-16 16:54:21 [http-nio-8080-exec-7] TRACE o.s.w.s.m.m.a.HttpEntityMethodProcessor - Writing [ApiResponse[success=true, status=200, code=COMMON_001, message=Success, data=0, timestamp=2026-03-16T16:54:21.878768]]
2026-03-16 16:54:21 [http-nio-8080-exec-3] TRACE o.s.w.s.m.m.a.HttpEntityMethodProcessor - Writing [ApiResponse[success=true, status=200, code=COMMON_001, message=Success, data=[NotificationDto(ntfcNo=NT001, ntfcSj=테스트 알림입니다, ntfcCn=알림 내용입니다, ntfcDate=null, ntfcTime=2026-02-25T00:59:33.784070, bhNtfcIntrvl=null, uniqId=null, frstRegisterId=null, frstRegisterPnttm=2026-02-25T00:59:33.784070, lastUpdusrId=null, lastUpdusrPnttm=null)], timestamp=2026-03-16T16:54:21.878768]]
2026-03-16 16:54:21 [http-nio-8080-exec-7] INFO  c.c.p.a.i.OperationalAuditInterceptor - API Audit Log: URL=/api/v1/notifications/unread-count, User=webmaster, IP=127.0.0.1
2026-03-16 16:54:21 [http-nio-8080-exec-3] INFO  c.c.p.a.i.OperationalAuditInterceptor - API Audit Log: URL=/api/v1/notifications, User=webmaster, IP=127.0.0.1
2026-03-16 16:54:21 [http-nio-8080-exec-7] DEBUG o.s.web.servlet.DispatcherServlet - Completed 200 OK
2026-03-16 16:54:21 [http-nio-8080-exec-3] DEBUG o.s.web.servlet.DispatcherServlet - Completed 200 OK
2026-03-16 16:54:22 [http-nio-8080-exec-6] DEBUG o.s.orm.jpa.JpaTransactionManager - Exposing JPA transaction as JDBC [org.springframework.orm.jpa.vendor.HibernateJpaDialect$HibernateConnectionHandle@3465c269]
2026-03-16 16:54:22 [http-nio-8080-exec-6] DEBUG o.s.orm.jpa.JpaTransactionManager - Found thread-bound EntityManager [SessionImpl(1194131298<open>)] for JPA transaction
2026-03-16 16:54:22 [http-nio-8080-exec-6] DEBUG o.s.orm.jpa.JpaTransactionManager - Participating in existing transaction
2026-03-16 16:54:22 [http-nio-8080-exec-6] DEBUG org.hibernate.SQL - select u1_0.emplyr_id,u1_0.area_no,u1_0.brthdy,u1_0.chg_pwd_cnt,u1_0.frst_register_id,u1_0.frst_regist_pnttm,u1_0.detail_adres,u1_0.email_adres,u1_0.emplyr_sttus_code,u1_0.empl_no,u1_0.esntl_id,u1_0.fxnum,u1_0.group_id,u1_0.house_adres,u1_0.house_end_telno,u1_0.house_middle_telno,u1_0.ihidnum,u1_0.pstinst_code,u1_0.last_updusr_id,u1_0.last_updt_pnttm,u1_0.lock_at,u1_0.lock_cnt,u1_0.lock_last_pnttm,u1_0.mbtlnum,u1_0.ofcps_nm,u1_0.offm_telno,u1_0.orgnzt_id,u1_0.password,u1_0.password_cnsr,u1_0.password_hint,u1_0.chg_pwd_last_pnttm,u1_0.role,u1_0.sbscrb_de,u1_0.sexdstn_code,u1_0.crtfc_dn_value,u1_0.user_nm,u1_0.zip from nemplyrinfo u1_0 where u1_0.emplyr_id=?
2026-03-16 16:54:22 [http-nio-8080-exec-6] DEBUG o.s.orm.jpa.JpaTransactionManager - Found thread-bound EntityManager [SessionImpl(1194131298<open>)] for JPA transaction
2026-03-16 16:54:22 [http-nio-8080-exec-6] DEBUG o.s.orm.jpa.JpaTransactionManager - Participating in existing transaction
2026-03-16 16:54:22 [http-nio-8080-exec-6] DEBUG org.hibernate.SQL - select ua1_0.scrty_dtrmn_trget_id,ua1_0.author_code,ua1_0.frst_register_id,ua1_0.frst_regist_pnttm,ua1_0.last_updusr_id,ua1_0.last_updt_pnttm,ua1_0.mber_ty_code from nemplyrscrtyestbs ua1_0 where ua1_0.scrty_dtrmn_trget_id=?
2026-03-16 16:54:22 [http-nio-8080-exec-6] DEBUG o.s.orm.jpa.JpaTransactionManager - Initiating transaction commit
2026-03-16 16:54:22 [http-nio-8080-exec-6] DEBUG o.s.orm.jpa.JpaTransactionManager - Committing JPA transaction on EntityManager [SessionImpl(1194131298<open>)]
2026-03-16 16:54:22 [http-nio-8080-exec-6] DEBUG o.s.orm.jpa.JpaTransactionManager - Closing JPA EntityManager [SessionImpl(1194131298<open>)] after transaction
2026-03-16 16:54:22 [http-nio-8080-exec-6] DEBUG c.c.p.s.jwt.JwtAuthenticationFilter - >>> [JwtFilter] Successfully authenticated user: USRCNFRM_99999999999, Authorities: [ROLE_ADMIN]
2026-03-16 16:54:22 [http-nio-8080-exec-6] DEBUG o.s.web.servlet.DispatcherServlet - GET "/api/v1/menu/left?menuNo=40", parameters={masked}
2026-03-16 16:54:22 [http-nio-8080-exec-6] TRACE o.s.w.s.m.m.a.RequestMappingHandlerMapping - Mapped to com.company.project.api.controller.menu.MenuController#getLeftMenu(Long)
2026-03-16 16:54:22 [http-nio-8080-exec-6] INFO  c.c.p.a.c.menu.MenuController - getLeftMenu called with menuNo=40
2026-03-16 16:54:22 [http-nio-8080-exec-6] DEBUG o.s.orm.jpa.JpaTransactionManager - Creating new transaction with name [com.company.project.service.menu.MenuService.getSubMenus]: PROPAGATION_REQUIRED,ISOLATION_DEFAULT,readOnly
2026-03-16 16:54:22 [http-nio-8080-exec-6] DEBUG o.s.orm.jpa.JpaTransactionManager - Opened new EntityManager [SessionImpl(999006931<open>)] for JPA transaction
2026-03-16 16:54:22 [http-nio-8080-exec-6] DEBUG o.s.orm.jpa.JpaTransactionManager - Exposing JPA transaction as JDBC [org.springframework.orm.jpa.vendor.HibernateJpaDialect$HibernateConnectionHandle@72080fb5]
2026-03-16 16:54:22 [http-nio-8080-exec-6] DEBUG org.hibernate.SQL - select m1_0.menu_no,m1_0.menu_dc,m1_0.menu_nm,m1_0.menu_ordr,m1_0.modern_route,m1_0.progrm_file_nm,m1_0.relate_image_nm,m1_0.relate_image_path,m1_0.route_updated_at,m1_0.upper_menu_no from nmenuinfo m1_0 order by m1_0.upper_menu_no,m1_0.menu_ordr
2026-03-16 16:54:22 [http-nio-8080-exec-6] DEBUG o.s.orm.jpa.JpaTransactionManager - Found thread-bound EntityManager [SessionImpl(999006931<open>)] for JPA transaction
2026-03-16 16:54:22 [http-nio-8080-exec-6] DEBUG o.s.orm.jpa.JpaTransactionManager - Participating in existing transaction
2026-03-16 16:54:22 [http-nio-8080-exec-6] DEBUG org.hibernate.SQL - select p1_0.progrm_file_nm,p1_0.progrm_dc,p1_0.progrm_korean_nm,p1_0.progrm_stre_path,p1_0.url from nprogrmlist p1_0
2026-03-16 16:54:22 [http-nio-8080-exec-6] DEBUG o.s.orm.jpa.JpaTransactionManager - Initiating transaction commit
2026-03-16 16:54:22 [http-nio-8080-exec-6] DEBUG o.s.orm.jpa.JpaTransactionManager - Committing JPA transaction on EntityManager [SessionImpl(999006931<open>)]
2026-03-16 16:54:23 [http-nio-8080-exec-6] DEBUG o.s.orm.jpa.JpaTransactionManager - Closing JPA EntityManager [SessionImpl(999006931<open>)] after transaction
2026-03-16 16:54:23 [http-nio-8080-exec-6] INFO  c.c.p.a.c.menu.MenuController - getLeftMenu returned 2 items
2026-03-16 16:54:23 [http-nio-8080-exec-6] DEBUG o.s.w.s.m.m.a.HttpEntityMethodProcessor - Using 'application/json', given [application/json, text/plain, */*] and supported [application/json, application/*+json, application/yaml]
2026-03-16 16:54:23 [http-nio-8080-exec-6] TRACE o.s.w.s.m.m.a.HttpEntityMethodProcessor - Writing [ApiResponse[success=true, status=200, code=COMMON_001, message=Success, data={list=[com.company.project.service.menu.dto.MenuDto@74de6a7b, com.company.project.service.menu.dto.MenuDto@70b5745f]}, timestamp=2026-03-16T16:54:23.105780300]]
2026-03-16 16:54:23 [http-nio-8080-exec-6] INFO  c.c.p.a.i.OperationalAuditInterceptor - API Audit Log: URL=/api/v1/menu/left, User=webmaster, IP=127.0.0.1
2026-03-16 16:54:23 [http-nio-8080-exec-6] DEBUG o.s.web.servlet.DispatcherServlet - Completed 200 OK
2026-03-16 16:54:23 [http-nio-8080-exec-10] DEBUG c.c.p.s.jwt.JwtAuthenticationFilter - >>> [JwtFilter] Processing request: GET /api/v1/menu/left
2026-03-16 16:54:23 [http-nio-8080-exec-10] DEBUG c.c.p.s.jwt.JwtAuthenticationFilter - >>> [JwtFilter] Found token in header for path: /api/v1/menu/left
2026-03-16 16:54:23 [http-nio-8080-exec-10] DEBUG o.s.orm.jpa.JpaTransactionManager - Creating new transaction with name [com.company.project.security.iam.CustomUserDetailsService.loadUserByUsername]: PROPAGATION_REQUIRED,ISOLATION_DEFAULT,readOnly
2026-03-16 16:54:23 [http-nio-8080-exec-10] DEBUG o.s.orm.jpa.JpaTransactionManager - Opened new EntityManager [SessionImpl(592839079<open>)] for JPA transaction
2026-03-16 16:54:23 [http-nio-8080-exec-10] DEBUG o.s.orm.jpa.JpaTransactionManager - Exposing JPA transaction as JDBC [org.springframework.orm.jpa.vendor.HibernateJpaDialect$HibernateConnectionHandle@4399935a]
2026-03-16 16:54:23 [http-nio-8080-exec-10] DEBUG o.s.orm.jpa.JpaTransactionManager - Found thread-bound EntityManager [SessionImpl(592839079<open>)] for JPA transaction
2026-03-16 16:54:23 [http-nio-8080-exec-10] DEBUG o.s.orm.jpa.JpaTransactionManager - Participating in existing transaction
2026-03-16 16:54:23 [http-nio-8080-exec-10] DEBUG org.hibernate.SQL - select u1_0.emplyr_id,u1_0.area_no,u1_0.brthdy,u1_0.chg_pwd_cnt,u1_0.frst_register_id,u1_0.frst_regist_pnttm,u1_0.detail_adres,u1_0.email_adres,u1_0.emplyr_sttus_code,u1_0.empl_no,u1_0.esntl_id,u1_0.fxnum,u1_0.group_id,u1_0.house_adres,u1_0.house_end_telno,u1_0.house_middle_telno,u1_0.ihidnum,u1_0.pstinst_code,u1_0.last_updusr_id,u1_0.last_updt_pnttm,u1_0.lock_at,u1_0.lock_cnt,u1_0.lock_last_pnttm,u1_0.mbtlnum,u1_0.ofcps_nm,u1_0.offm_telno,u1_0.orgnzt_id,u1_0.password,u1_0.password_cnsr,u1_0.password_hint,u1_0.chg_pwd_last_pnttm,u1_0.role,u1_0.sbscrb_de,u1_0.sexdstn_code,u1_0.crtfc_dn_value,u1_0.user_nm,u1_0.zip from nemplyrinfo u1_0 where u1_0.emplyr_id=?
2026-03-16 16:54:23 [http-nio-8080-exec-10] DEBUG o.s.orm.jpa.JpaTransactionManager - Found thread-bound EntityManager [SessionImpl(592839079<open>)] for JPA transaction
2026-03-16 16:54:23 [http-nio-8080-exec-10] DEBUG o.s.orm.jpa.JpaTransactionManager - Participating in existing transaction
2026-03-16 16:54:23 [http-nio-8080-exec-10] DEBUG org.hibernate.SQL - select ua1_0.scrty_dtrmn_trget_id,ua1_0.author_code,ua1_0.frst_register_id,ua1_0.frst_regist_pnttm,ua1_0.last_updusr_id,ua1_0.last_updt_pnttm,ua1_0.mber_ty_code from nemplyrscrtyestbs ua1_0 where ua1_0.scrty_dtrmn_trget_id=?
2026-03-16 16:54:23 [http-nio-8080-exec-10] DEBUG o.s.orm.jpa.JpaTransactionManager - Initiating transaction commit
2026-03-16 16:54:23 [http-nio-8080-exec-10] DEBUG o.s.orm.jpa.JpaTransactionManager - Committing JPA transaction on EntityManager [SessionImpl(592839079<open>)]
2026-03-16 16:54:23 [http-nio-8080-exec-10] DEBUG o.s.orm.jpa.JpaTransactionManager - Closing JPA EntityManager [SessionImpl(592839079<open>)] after transaction
2026-03-16 16:54:23 [http-nio-8080-exec-10] DEBUG c.c.p.s.jwt.JwtAuthenticationFilter - >>> [JwtFilter] Successfully authenticated user: USRCNFRM_99999999999, Authorities: [ROLE_ADMIN]
2026-03-16 16:54:23 [http-nio-8080-exec-10] DEBUG o.s.web.servlet.DispatcherServlet - GET "/api/v1/menu/left?menuNo=50", parameters={masked}
2026-03-16 16:54:23 [http-nio-8080-exec-10] TRACE o.s.w.s.m.m.a.RequestMappingHandlerMapping - Mapped to com.company.project.api.controller.menu.MenuController#getLeftMenu(Long)
2026-03-16 16:54:23 [http-nio-8080-exec-10] INFO  c.c.p.a.c.menu.MenuController - getLeftMenu called with menuNo=50
2026-03-16 16:54:23 [http-nio-8080-exec-10] DEBUG o.s.orm.jpa.JpaTransactionManager - Creating new transaction with name [com.company.project.service.menu.MenuService.getSubMenus]: PROPAGATION_REQUIRED,ISOLATION_DEFAULT,readOnly
2026-03-16 16:54:23 [http-nio-8080-exec-10] DEBUG o.s.orm.jpa.JpaTransactionManager - Opened new EntityManager [SessionImpl(2098848433<open>)] for JPA transaction
2026-03-16 16:54:23 [http-nio-8080-exec-10] DEBUG o.s.orm.jpa.JpaTransactionManager - Exposing JPA transaction as JDBC [org.springframework.orm.jpa.vendor.HibernateJpaDialect$HibernateConnectionHandle@3edb8e4b]
2026-03-16 16:54:23 [http-nio-8080-exec-10] DEBUG org.hibernate.SQL - select m1_0.menu_no,m1_0.menu_dc,m1_0.menu_nm,m1_0.menu_ordr,m1_0.modern_route,m1_0.progrm_file_nm,m1_0.relate_image_nm,m1_0.relate_image_path,m1_0.route_updated_at,m1_0.upper_menu_no from nmenuinfo m1_0 order by m1_0.upper_menu_no,m1_0.menu_ordr
2026-03-16 16:54:24 [http-nio-8080-exec-10] DEBUG o.s.orm.jpa.JpaTransactionManager - Found thread-bound EntityManager [SessionImpl(2098848433<open>)] for JPA transaction
2026-03-16 16:54:24 [http-nio-8080-exec-10] DEBUG o.s.orm.jpa.JpaTransactionManager - Participating in existing transaction
2026-03-16 16:54:24 [http-nio-8080-exec-10] DEBUG org.hibernate.SQL - select p1_0.progrm_file_nm,p1_0.progrm_dc,p1_0.progrm_korean_nm,p1_0.progrm_stre_path,p1_0.url from nprogrmlist p1_0
2026-03-16 16:54:24 [http-nio-8080-exec-10] DEBUG o.s.orm.jpa.JpaTransactionManager - Initiating transaction commit
2026-03-16 16:54:24 [http-nio-8080-exec-10] DEBUG o.s.orm.jpa.JpaTransactionManager - Committing JPA transaction on EntityManager [SessionImpl(2098848433<open>)]
2026-03-16 16:54:24 [http-nio-8080-exec-10] DEBUG o.s.orm.jpa.JpaTransactionManager - Closing JPA EntityManager [SessionImpl(2098848433<open>)] after transaction
2026-03-16 16:54:24 [http-nio-8080-exec-10] INFO  c.c.p.a.c.menu.MenuController - getLeftMenu returned 3 items
2026-03-16 16:54:24 [http-nio-8080-exec-10] DEBUG o.s.w.s.m.m.a.HttpEntityMethodProcessor - Using 'application/json', given [application/json, text/plain, */*] and supported [application/json, application/*+json, application/yaml]
2026-03-16 16:54:24 [http-nio-8080-exec-10] TRACE o.s.w.s.m.m.a.HttpEntityMethodProcessor - Writing [ApiResponse[success=true, status=200, code=COMMON_001, message=Success, data={list=[com.company.project.service.menu.dto.MenuDto@1a8d9746, com.company.project.service.menu.dto.MenuDto@74db9bbf, com.company.project.service.menu.dto.MenuDto@4e28e625]}, timestamp=2026-03-16T16:54:24.371163700]]
2026-03-16 16:54:24 [http-nio-8080-exec-10] INFO  c.c.p.a.i.OperationalAuditInterceptor - API Audit Log: URL=/api/v1/menu/left, User=webmaster, IP=127.0.0.1
2026-03-16 16:54:24 [http-nio-8080-exec-10] DEBUG o.s.web.servlet.DispatcherServlet - Completed 200 OK
2026-03-16 16:54:24 [http-nio-8080-exec-7] DEBUG c.c.p.s.jwt.JwtAuthenticationFilter - >>> [JwtFilter] Processing request: GET /api/v1/menu/left
2026-03-16 16:54:24 [http-nio-8080-exec-7] DEBUG c.c.p.s.jwt.JwtAuthenticationFilter - >>> [JwtFilter] Found token in header for path: /api/v1/menu/left
2026-03-16 16:54:24 [http-nio-8080-exec-7] DEBUG o.s.orm.jpa.JpaTransactionManager - Creating new transaction with name [com.company.project.security.iam.CustomUserDetailsService.loadUserByUsername]: PROPAGATION_REQUIRED,ISOLATION_DEFAULT,readOnly
2026-03-16 16:54:24 [http-nio-8080-exec-7] DEBUG o.s.orm.jpa.JpaTransactionManager - Opened new EntityManager [SessionImpl(1954208471<open>)] for JPA transaction
2026-03-16 16:54:24 [http-nio-8080-exec-7] DEBUG o.s.orm.jpa.JpaTransactionManager - Exposing JPA transaction as JDBC [org.springframework.orm.jpa.vendor.HibernateJpaDialect$HibernateConnectionHandle@11ef549a]
2026-03-16 16:54:24 [http-nio-8080-exec-7] DEBUG o.s.orm.jpa.JpaTransactionManager - Found thread-bound EntityManager [SessionImpl(1954208471<open>)] for JPA transaction
2026-03-16 16:54:24 [http-nio-8080-exec-7] DEBUG o.s.orm.jpa.JpaTransactionManager - Participating in existing transaction
2026-03-16 16:54:24 [http-nio-8080-exec-7] DEBUG org.hibernate.SQL - select u1_0.emplyr_id,u1_0.area_no,u1_0.brthdy,u1_0.chg_pwd_cnt,u1_0.frst_register_id,u1_0.frst_regist_pnttm,u1_0.detail_adres,u1_0.email_adres,u1_0.emplyr_sttus_code,u1_0.empl_no,u1_0.esntl_id,u1_0.fxnum,u1_0.group_id,u1_0.house_adres,u1_0.house_end_telno,u1_0.house_middle_telno,u1_0.ihidnum,u1_0.pstinst_code,u1_0.last_updusr_id,u1_0.last_updt_pnttm,u1_0.lock_at,u1_0.lock_cnt,u1_0.lock_last_pnttm,u1_0.mbtlnum,u1_0.ofcps_nm,u1_0.offm_telno,u1_0.orgnzt_id,u1_0.password,u1_0.password_cnsr,u1_0.password_hint,u1_0.chg_pwd_last_pnttm,u1_0.role,u1_0.sbscrb_de,u1_0.sexdstn_code,u1_0.crtfc_dn_value,u1_0.user_nm,u1_0.zip from nemplyrinfo u1_0 where u1_0.emplyr_id=?
2026-03-16 16:54:24 [http-nio-8080-exec-7] DEBUG o.s.orm.jpa.JpaTransactionManager - Found thread-bound EntityManager [SessionImpl(1954208471<open>)] for JPA transaction
2026-03-16 16:54:24 [http-nio-8080-exec-7] DEBUG o.s.orm.jpa.JpaTransactionManager - Participating in existing transaction
2026-03-16 16:54:24 [http-nio-8080-exec-7] DEBUG org.hibernate.SQL - select ua1_0.scrty_dtrmn_trget_id,ua1_0.author_code,ua1_0.frst_register_id,ua1_0.frst_regist_pnttm,ua1_0.last_updusr_id,ua1_0.last_updt_pnttm,ua1_0.mber_ty_code from nemplyrscrtyestbs ua1_0 where ua1_0.scrty_dtrmn_trget_id=?
2026-03-16 16:54:24 [http-nio-8080-exec-7] DEBUG o.s.orm.jpa.JpaTransactionManager - Initiating transaction commit
2026-03-16 16:54:24 [http-nio-8080-exec-7] DEBUG o.s.orm.jpa.JpaTransactionManager - Committing JPA transaction on EntityManager [SessionImpl(1954208471<open>)]
2026-03-16 16:54:25 [http-nio-8080-exec-7] DEBUG o.s.orm.jpa.JpaTransactionManager - Closing JPA EntityManager [SessionImpl(1954208471<open>)] after transaction
2026-03-16 16:54:25 [http-nio-8080-exec-7] DEBUG c.c.p.s.jwt.JwtAuthenticationFilter - >>> [JwtFilter] Successfully authenticated user: USRCNFRM_99999999999, Authorities: [ROLE_ADMIN]
2026-03-16 16:54:25 [http-nio-8080-exec-7] DEBUG o.s.web.servlet.DispatcherServlet - GET "/api/v1/menu/left?menuNo=60", parameters={masked}
2026-03-16 16:54:25 [http-nio-8080-exec-7] TRACE o.s.w.s.m.m.a.RequestMappingHandlerMapping - Mapped to com.company.project.api.controller.menu.MenuController#getLeftMenu(Long)
2026-03-16 16:54:25 [http-nio-8080-exec-7] INFO  c.c.p.a.c.menu.MenuController - getLeftMenu called with menuNo=60
2026-03-16 16:54:25 [http-nio-8080-exec-7] DEBUG o.s.orm.jpa.JpaTransactionManager - Creating new transaction with name [com.company.project.service.menu.MenuService.getSubMenus]: PROPAGATION_REQUIRED,ISOLATION_DEFAULT,readOnly
2026-03-16 16:54:25 [http-nio-8080-exec-7] DEBUG o.s.orm.jpa.JpaTransactionManager - Opened new EntityManager [SessionImpl(1828693141<open>)] for JPA transaction
2026-03-16 16:54:25 [http-nio-8080-exec-7] DEBUG o.s.orm.jpa.JpaTransactionManager - Exposing JPA transaction as JDBC [org.springframework.orm.jpa.vendor.HibernateJpaDialect$HibernateConnectionHandle@4e6cdd05]
2026-03-16 16:54:25 [http-nio-8080-exec-7] DEBUG org.hibernate.SQL - select m1_0.menu_no,m1_0.menu_dc,m1_0.menu_nm,m1_0.menu_ordr,m1_0.modern_route,m1_0.progrm_file_nm,m1_0.relate_image_nm,m1_0.relate_image_path,m1_0.route_updated_at,m1_0.upper_menu_no from nmenuinfo m1_0 order by m1_0.upper_menu_no,m1_0.menu_ordr
2026-03-16 16:54:25 [http-nio-8080-exec-7] DEBUG o.s.orm.jpa.JpaTransactionManager - Found thread-bound EntityManager [SessionImpl(1828693141<open>)] for JPA transaction
2026-03-16 16:54:25 [http-nio-8080-exec-7] DEBUG o.s.orm.jpa.JpaTransactionManager - Participating in existing transaction
2026-03-16 16:54:25 [http-nio-8080-exec-7] DEBUG org.hibernate.SQL - select p1_0.progrm_file_nm,p1_0.progrm_dc,p1_0.progrm_korean_nm,p1_0.progrm_stre_path,p1_0.url from nprogrmlist p1_0
2026-03-16 16:54:25 [http-nio-8080-exec-7] DEBUG o.s.orm.jpa.JpaTransactionManager - Initiating transaction commit
2026-03-16 16:54:25 [http-nio-8080-exec-7] DEBUG o.s.orm.jpa.JpaTransactionManager - Committing JPA transaction on EntityManager [SessionImpl(1828693141<open>)]
2026-03-16 16:54:25 [http-nio-8080-exec-7] DEBUG o.s.orm.jpa.JpaTransactionManager - Closing JPA EntityManager [SessionImpl(1828693141<open>)] after transaction
2026-03-16 16:54:25 [http-nio-8080-exec-7] INFO  c.c.p.a.c.menu.MenuController - getLeftMenu returned 1 items
2026-03-16 16:54:25 [http-nio-8080-exec-7] DEBUG o.s.w.s.m.m.a.HttpEntityMethodProcessor - Using 'application/json', given [application/json, text/plain, */*] and supported [application/json, application/*+json, application/yaml]
2026-03-16 16:54:25 [http-nio-8080-exec-7] TRACE o.s.w.s.m.m.a.HttpEntityMethodProcessor - Writing [ApiResponse[success=true, status=200, code=COMMON_001, message=Success, data={list=[com.company.project.service.menu.dto.MenuDto@433b8a56]}, timestamp=2026-03-16T16:54:25.642562300]]
2026-03-16 16:54:25 [http-nio-8080-exec-7] INFO  c.c.p.a.i.OperationalAuditInterceptor - API Audit Log: URL=/api/v1/menu/left, User=webmaster, IP=127.0.0.1
2026-03-16 16:54:25 [http-nio-8080-exec-7] DEBUG o.s.web.servlet.DispatcherServlet - Completed 200 OK
2026-03-16 16:54:26 [MessageBroker-6] DEBUG o.s.w.s.s.t.h.DefaultSockJsService - Closed 1 sessions: [2p3flypv]
2026-03-16 16:54:41 [http-nio-8080-exec-6] DEBUG o.s.w.s.h.LoggingWebSocketHandlerDecorator - WebSocketServerSockJsSession[id=nz2v5jh3] closed with CloseStatus[code=1001, reason=null]
2026-03-16 16:54:41 [http-nio-8080-exec-6] DEBUG o.s.w.s.m.SubProtocolWebSocketHandler - Clearing session nz2v5jh3
2026-03-16 16:54:41 [scheduling-1] DEBUG org.springframework.web.SimpLogging - Processing DISCONNECT session=nz2v5jh3
2026-03-16 16:54:41 [scheduling-1] DEBUG o.s.w.s.m.SubProtocolWebSocketHandler - No session for GenericMessage [payload=byte[0], headers={simpMessageType=DISCONNECT_ACK, simpDisconnectMessage=GenericMessage [payload=byte[0], headers={simpMessageType=DISCONNECT, stompCommand=DISCONNECT, simpSessionAttributes={org.springframework.messaging.simp.SimpAttributes.COMPLETED=true}, simpSessionId=nz2v5jh3}], simpSessionId=nz2v5jh3}]
2026-03-16 16:54:41 [http-nio-8080-exec-5] DEBUG c.c.p.s.jwt.JwtAuthenticationFilter - >>> [JwtFilter] Processing request: GET /api/v1/menu/head
2026-03-16 16:54:41 [http-nio-8080-exec-1] DEBUG c.c.p.s.jwt.JwtAuthenticationFilter - >>> [JwtFilter] Processing request: GET /api/v1/dashboard
2026-03-16 16:54:41 [http-nio-8080-exec-5] DEBUG c.c.p.s.jwt.JwtAuthenticationFilter - >>> [JwtFilter] Found token in header for path: /api/v1/menu/head
2026-03-16 16:54:41 [http-nio-8080-exec-1] DEBUG c.c.p.s.jwt.JwtAuthenticationFilter - >>> [JwtFilter] Found token in header for path: /api/v1/dashboard
2026-03-16 16:54:41 [http-nio-8080-exec-1] DEBUG o.s.orm.jpa.JpaTransactionManager - Creating new transaction with name [com.company.project.security.iam.CustomUserDetailsService.loadUserByUsername]: PROPAGATION_REQUIRED,ISOLATION_DEFAULT,readOnly
2026-03-16 16:54:41 [http-nio-8080-exec-5] DEBUG o.s.orm.jpa.JpaTransactionManager - Creating new transaction with name [com.company.project.security.iam.CustomUserDetailsService.loadUserByUsername]: PROPAGATION_REQUIRED,ISOLATION_DEFAULT,readOnly
2026-03-16 16:54:41 [http-nio-8080-exec-1] DEBUG o.s.orm.jpa.JpaTransactionManager - Opened new EntityManager [SessionImpl(1552507235<open>)] for JPA transaction
2026-03-16 16:54:41 [http-nio-8080-exec-5] DEBUG o.s.orm.jpa.JpaTransactionManager - Opened new EntityManager [SessionImpl(137718304<open>)] for JPA transaction
2026-03-16 16:54:41 [http-nio-8080-exec-1] DEBUG o.s.orm.jpa.JpaTransactionManager - Exposing JPA transaction as JDBC [org.springframework.orm.jpa.vendor.HibernateJpaDialect$HibernateConnectionHandle@3ce182e6]
2026-03-16 16:54:41 [http-nio-8080-exec-1] DEBUG o.s.orm.jpa.JpaTransactionManager - Found thread-bound EntityManager [SessionImpl(1552507235<open>)] for JPA transaction
2026-03-16 16:54:41 [http-nio-8080-exec-1] DEBUG o.s.orm.jpa.JpaTransactionManager - Participating in existing transaction
2026-03-16 16:54:41 [http-nio-8080-exec-1] DEBUG org.hibernate.SQL - select u1_0.emplyr_id,u1_0.area_no,u1_0.brthdy,u1_0.chg_pwd_cnt,u1_0.frst_register_id,u1_0.frst_regist_pnttm,u1_0.detail_adres,u1_0.email_adres,u1_0.emplyr_sttus_code,u1_0.empl_no,u1_0.esntl_id,u1_0.fxnum,u1_0.group_id,u1_0.house_adres,u1_0.house_end_telno,u1_0.house_middle_telno,u1_0.ihidnum,u1_0.pstinst_code,u1_0.last_updusr_id,u1_0.last_updt_pnttm,u1_0.lock_at,u1_0.lock_cnt,u1_0.lock_last_pnttm,u1_0.mbtlnum,u1_0.ofcps_nm,u1_0.offm_telno,u1_0.orgnzt_id,u1_0.password,u1_0.password_cnsr,u1_0.password_hint,u1_0.chg_pwd_last_pnttm,u1_0.role,u1_0.sbscrb_de,u1_0.sexdstn_code,u1_0.crtfc_dn_value,u1_0.user_nm,u1_0.zip from nemplyrinfo u1_0 where u1_0.emplyr_id=?
2026-03-16 16:54:41 [http-nio-8080-exec-5] DEBUG o.s.orm.jpa.JpaTransactionManager - Exposing JPA transaction as JDBC [org.springframework.orm.jpa.vendor.HibernateJpaDialect$HibernateConnectionHandle@5d79f208]
2026-03-16 16:54:41 [http-nio-8080-exec-5] DEBUG o.s.orm.jpa.JpaTransactionManager - Found thread-bound EntityManager [SessionImpl(137718304<open>)] for JPA transaction
2026-03-16 16:54:41 [http-nio-8080-exec-5] DEBUG o.s.orm.jpa.JpaTransactionManager - Participating in existing transaction
2026-03-16 16:54:41 [http-nio-8080-exec-5] DEBUG org.hibernate.SQL - select u1_0.emplyr_id,u1_0.area_no,u1_0.brthdy,u1_0.chg_pwd_cnt,u1_0.frst_register_id,u1_0.frst_regist_pnttm,u1_0.detail_adres,u1_0.email_adres,u1_0.emplyr_sttus_code,u1_0.empl_no,u1_0.esntl_id,u1_0.fxnum,u1_0.group_id,u1_0.house_adres,u1_0.house_end_telno,u1_0.house_middle_telno,u1_0.ihidnum,u1_0.pstinst_code,u1_0.last_updusr_id,u1_0.last_updt_pnttm,u1_0.lock_at,u1_0.lock_cnt,u1_0.lock_last_pnttm,u1_0.mbtlnum,u1_0.ofcps_nm,u1_0.offm_telno,u1_0.orgnzt_id,u1_0.password,u1_0.password_cnsr,u1_0.password_hint,u1_0.chg_pwd_last_pnttm,u1_0.role,u1_0.sbscrb_de,u1_0.sexdstn_code,u1_0.crtfc_dn_value,u1_0.user_nm,u1_0.zip from nemplyrinfo u1_0 where u1_0.emplyr_id=?
2026-03-16 16:54:41 [http-nio-8080-exec-1] DEBUG o.s.orm.jpa.JpaTransactionManager - Found thread-bound EntityManager [SessionImpl(1552507235<open>)] for JPA transaction
2026-03-16 16:54:41 [http-nio-8080-exec-1] DEBUG o.s.orm.jpa.JpaTransactionManager - Participating in existing transaction
2026-03-16 16:54:41 [http-nio-8080-exec-1] DEBUG org.hibernate.SQL - select ua1_0.scrty_dtrmn_trget_id,ua1_0.author_code,ua1_0.frst_register_id,ua1_0.frst_regist_pnttm,ua1_0.last_updusr_id,ua1_0.last_updt_pnttm,ua1_0.mber_ty_code from nemplyrscrtyestbs ua1_0 where ua1_0.scrty_dtrmn_trget_id=?
2026-03-16 16:54:41 [http-nio-8080-exec-5] DEBUG o.s.orm.jpa.JpaTransactionManager - Found thread-bound EntityManager [SessionImpl(137718304<open>)] for JPA transaction
2026-03-16 16:54:41 [http-nio-8080-exec-5] DEBUG o.s.orm.jpa.JpaTransactionManager - Participating in existing transaction
2026-03-16 16:54:41 [http-nio-8080-exec-5] DEBUG org.hibernate.SQL - select ua1_0.scrty_dtrmn_trget_id,ua1_0.author_code,ua1_0.frst_register_id,ua1_0.frst_regist_pnttm,ua1_0.last_updusr_id,ua1_0.last_updt_pnttm,ua1_0.mber_ty_code from nemplyrscrtyestbs ua1_0 where ua1_0.scrty_dtrmn_trget_id=?
2026-03-16 16:54:41 [http-nio-8080-exec-1] DEBUG o.s.orm.jpa.JpaTransactionManager - Initiating transaction commit
2026-03-16 16:54:41 [http-nio-8080-exec-1] DEBUG o.s.orm.jpa.JpaTransactionManager - Committing JPA transaction on EntityManager [SessionImpl(1552507235<open>)]
2026-03-16 16:54:42 [http-nio-8080-exec-5] DEBUG o.s.orm.jpa.JpaTransactionManager - Initiating transaction commit
2026-03-16 16:54:42 [http-nio-8080-exec-5] DEBUG o.s.orm.jpa.JpaTransactionManager - Committing JPA transaction on EntityManager [SessionImpl(137718304<open>)]
2026-03-16 16:54:42 [http-nio-8080-exec-1] DEBUG o.s.orm.jpa.JpaTransactionManager - Closing JPA EntityManager [SessionImpl(1552507235<open>)] after transaction
2026-03-16 16:54:42 [http-nio-8080-exec-1] DEBUG c.c.p.s.jwt.JwtAuthenticationFilter - >>> [JwtFilter] Successfully authenticated user: USRCNFRM_99999999999, Authorities: [ROLE_ADMIN]
2026-03-16 16:54:42 [http-nio-8080-exec-1] DEBUG o.s.web.servlet.DispatcherServlet - GET "/api/v1/dashboard", parameters={}
2026-03-16 16:54:42 [http-nio-8080-exec-1] TRACE o.s.w.s.m.m.a.RequestMappingHandlerMapping - Mapped to com.company.project.api.controller.main.DashboardController#getDashboardData(UserDetails)
2026-03-16 16:54:42 [http-nio-8080-exec-1] INFO  c.c.p.a.c.main.DashboardController - >>> [Dashboard] Fetching data for user: USRCNFRM_99999999999
2026-03-16 16:54:42 [http-nio-8080-exec-1] DEBUG o.s.orm.jpa.JpaTransactionManager - Creating new transaction with name [com.company.project.service.board.BoardService.getBoardPosts]: PROPAGATION_REQUIRED,ISOLATION_DEFAULT,readOnly
2026-03-16 16:54:42 [http-nio-8080-exec-1] DEBUG o.s.orm.jpa.JpaTransactionManager - Opened new EntityManager [SessionImpl(1042944613<open>)] for JPA transaction
2026-03-16 16:54:42 [http-nio-8080-exec-1] DEBUG o.s.orm.jpa.JpaTransactionManager - Exposing JPA transaction as JDBC [org.springframework.orm.jpa.vendor.HibernateJpaDialect$HibernateConnectionHandle@693b289]
2026-03-16 16:54:42 [http-nio-8080-exec-1] DEBUG o.s.orm.jpa.JpaTransactionManager - Found thread-bound EntityManager [SessionImpl(1042944613<open>)] for JPA transaction
2026-03-16 16:54:42 [http-nio-8080-exec-1] DEBUG o.s.orm.jpa.JpaTransactionManager - Participating in existing transaction
2026-03-16 16:54:42 [http-nio-8080-exec-1] DEBUG org.hibernate.SQL - select bm1_0.bbs_id,bm1_0.atch_posbl_file_number,bm1_0.atch_posbl_file_size,bm1_0.bbs_attrb_code,bm1_0.bbs_intrcn,bm1_0.bbs_nm,bm1_0.bbs_ty_code,bm1_0.blog_at,bm1_0.blog_id,bm1_0.cmmnty_id,bm1_0.frst_register_id,bm1_0.frst_regist_pnttm,bm1_0.file_atch_posbl_at,bm1_0.last_updusr_id,bm1_0.last_updt_pnttm,bm1_0.reply_posbl_at,bm1_0.tmplat_id,bm1_0.use_at,bm1_1.answer_at,bm1_1.stsfdg_at from nbbsmaster bm1_0 left join nbbsmasteroptn bm1_1 on bm1_0.bbs_id=bm1_1.bbs_id where bm1_0.bbs_id=?
2026-03-16 16:54:42 [http-nio-8080-exec-5] DEBUG o.s.orm.jpa.JpaTransactionManager - Closing JPA EntityManager [SessionImpl(137718304<open>)] after transaction
2026-03-16 16:54:42 [http-nio-8080-exec-5] DEBUG c.c.p.s.jwt.JwtAuthenticationFilter - >>> [JwtFilter] Successfully authenticated user: USRCNFRM_99999999999, Authorities: [ROLE_ADMIN]
2026-03-16 16:54:42 [http-nio-8080-exec-5] DEBUG o.s.web.servlet.DispatcherServlet - GET "/api/v1/menu/head", parameters={}
2026-03-16 16:54:42 [http-nio-8080-exec-5] TRACE o.s.w.s.m.m.a.RequestMappingHandlerMapping - Mapped to com.company.project.api.controller.menu.MenuController#getHeadMenu()
2026-03-16 16:54:42 [http-nio-8080-exec-5] INFO  c.c.p.a.c.menu.MenuController - getHeadMenu called
2026-03-16 16:54:42 [http-nio-8080-exec-5] INFO  c.c.p.a.c.menu.MenuController - getHeadMenu returned 5 items
2026-03-16 16:54:42 [http-nio-8080-exec-5] DEBUG o.s.w.s.m.m.a.HttpEntityMethodProcessor - Using 'application/json', given [application/json, text/plain, */*] and supported [application/json, application/*+json, application/yaml]
2026-03-16 16:54:42 [http-nio-8080-exec-5] TRACE o.s.w.s.m.m.a.HttpEntityMethodProcessor - Writing [ApiResponse[success=true, status=200, code=COMMON_001, message=Success, data={list=[com.company.project.service.menu.dto.MenuDto@2b80d6b0, com.company.project.service.menu.dto.MenuDto@1418cfa3, com.company.project.service.menu.dto.MenuDto@f230bf1, com.company.project.service.menu.dto.MenuDto@734a7f6a, com.company.project.service.menu.dto.MenuDto@5e5202e5]}, timestamp=2026-03-16T16:54:42.173222400]]
2026-03-16 16:54:42 [http-nio-8080-exec-5] INFO  c.c.p.a.i.OperationalAuditInterceptor - API Audit Log: URL=/api/v1/menu/head, User=webmaster, IP=0:0:0:0:0:0:0:1
2026-03-16 16:54:42 [http-nio-8080-exec-5] DEBUG o.s.web.servlet.DispatcherServlet - Completed 200 OK
2026-03-16 16:54:42 [http-nio-8080-exec-2] DEBUG c.c.p.s.jwt.JwtAuthenticationFilter - >>> [JwtFilter] Processing request: GET /api/v1/menu/left
2026-03-16 16:54:42 [http-nio-8080-exec-2] DEBUG c.c.p.s.jwt.JwtAuthenticationFilter - >>> [JwtFilter] Found token in header for path: /api/v1/menu/left
2026-03-16 16:54:42 [http-nio-8080-exec-2] DEBUG o.s.orm.jpa.JpaTransactionManager - Creating new transaction with name [com.company.project.security.iam.CustomUserDetailsService.loadUserByUsername]: PROPAGATION_REQUIRED,ISOLATION_DEFAULT,readOnly
2026-03-16 16:54:42 [http-nio-8080-exec-10] DEBUG c.c.p.s.jwt.JwtAuthenticationFilter - >>> [JwtFilter] Processing request: GET /api/v1/menu/left
2026-03-16 16:54:42 [http-nio-8080-exec-3] DEBUG c.c.p.s.jwt.JwtAuthenticationFilter - >>> [JwtFilter] Processing request: GET /api/v1/menu/left
2026-03-16 16:54:42 [http-nio-8080-exec-4] DEBUG c.c.p.s.jwt.JwtAuthenticationFilter - >>> [JwtFilter] Processing request: GET /api/v1/menu/left
2026-03-16 16:54:42 [http-nio-8080-exec-9] DEBUG c.c.p.s.jwt.JwtAuthenticationFilter - >>> [JwtFilter] Processing request: GET /api/v1/menu/left
2026-03-16 16:54:42 [http-nio-8080-exec-9] DEBUG c.c.p.s.jwt.JwtAuthenticationFilter - >>> [JwtFilter] Found token in header for path: /api/v1/menu/left
2026-03-16 16:54:42 [http-nio-8080-exec-2] DEBUG o.s.orm.jpa.JpaTransactionManager - Opened new EntityManager [SessionImpl(2026555595<open>)] for JPA transaction
2026-03-16 16:54:42 [http-nio-8080-exec-3] DEBUG c.c.p.s.jwt.JwtAuthenticationFilter - >>> [JwtFilter] Found token in header for path: /api/v1/menu/left
2026-03-16 16:54:42 [http-nio-8080-exec-10] DEBUG c.c.p.s.jwt.JwtAuthenticationFilter - >>> [JwtFilter] Found token in header for path: /api/v1/menu/left
2026-03-16 16:54:42 [http-nio-8080-exec-4] DEBUG c.c.p.s.jwt.JwtAuthenticationFilter - >>> [JwtFilter] Found token in header for path: /api/v1/menu/left
2026-03-16 16:54:42 [http-nio-8080-exec-10] DEBUG o.s.orm.jpa.JpaTransactionManager - Creating new transaction with name [com.company.project.security.iam.CustomUserDetailsService.loadUserByUsername]: PROPAGATION_REQUIRED,ISOLATION_DEFAULT,readOnly
2026-03-16 16:54:42 [http-nio-8080-exec-9] DEBUG o.s.orm.jpa.JpaTransactionManager - Creating new transaction with name [com.company.project.security.iam.CustomUserDetailsService.loadUserByUsername]: PROPAGATION_REQUIRED,ISOLATION_DEFAULT,readOnly
2026-03-16 16:54:42 [http-nio-8080-exec-9] DEBUG o.s.orm.jpa.JpaTransactionManager - Opened new EntityManager [SessionImpl(1778558475<open>)] for JPA transaction
2026-03-16 16:54:42 [http-nio-8080-exec-3] DEBUG o.s.orm.jpa.JpaTransactionManager - Creating new transaction with name [com.company.project.security.iam.CustomUserDetailsService.loadUserByUsername]: PROPAGATION_REQUIRED,ISOLATION_DEFAULT,readOnly
2026-03-16 16:54:42 [http-nio-8080-exec-4] DEBUG o.s.orm.jpa.JpaTransactionManager - Creating new transaction with name [com.company.project.security.iam.CustomUserDetailsService.loadUserByUsername]: PROPAGATION_REQUIRED,ISOLATION_DEFAULT,readOnly
2026-03-16 16:54:42 [http-nio-8080-exec-3] DEBUG o.s.orm.jpa.JpaTransactionManager - Opened new EntityManager [SessionImpl(1434903865<open>)] for JPA transaction
2026-03-16 16:54:42 [http-nio-8080-exec-10] DEBUG o.s.orm.jpa.JpaTransactionManager - Opened new EntityManager [SessionImpl(666135229<open>)] for JPA transaction
2026-03-16 16:54:42 [http-nio-8080-exec-4] DEBUG o.s.orm.jpa.JpaTransactionManager - Opened new EntityManager [SessionImpl(677481804<open>)] for JPA transaction
2026-03-16 16:54:42 [http-nio-8080-exec-1] DEBUG org.hibernate.SQL - select b1_0.ntt_id,b1_0.bbs_id,b1_0.ntt_sj,b1_0.ntcr_nm,b1_0.frst_regist_pnttm,b1_0.rdcnt,b1_0.answer_at,b1_0.parntsctt_no,b1_0.answer_lc,b1_0.sort_ordr,b1_0.ntt_no,b1_0.notice_at,b1_0.secret_at,b1_0.comment_co from nbbs b1_0 left join nemplyrinfo u1_0 on b1_0.frst_register_id=u1_0.esntl_id where (b1_0.use_at = 'Y') and b1_0.bbs_id=? order by b1_0.sort_ordr desc,b1_0.ntt_no offset ? rows fetch first ? rows only
2026-03-16 16:54:42 [http-nio-8080-exec-4] DEBUG o.s.orm.jpa.JpaTransactionManager - Exposing JPA transaction as JDBC [org.springframework.orm.jpa.vendor.HibernateJpaDialect$HibernateConnectionHandle@19d79170]
2026-03-16 16:54:42 [http-nio-8080-exec-2] DEBUG o.s.orm.jpa.JpaTransactionManager - Exposing JPA transaction as JDBC [org.springframework.orm.jpa.vendor.HibernateJpaDialect$HibernateConnectionHandle@29087fd3]
2026-03-16 16:54:42 [http-nio-8080-exec-4] DEBUG o.s.orm.jpa.JpaTransactionManager - Found thread-bound EntityManager [SessionImpl(677481804<open>)] for JPA transaction
2026-03-16 16:54:42 [http-nio-8080-exec-4] DEBUG o.s.orm.jpa.JpaTransactionManager - Participating in existing transaction
2026-03-16 16:54:42 [http-nio-8080-exec-2] DEBUG o.s.orm.jpa.JpaTransactionManager - Found thread-bound EntityManager [SessionImpl(2026555595<open>)] for JPA transaction
2026-03-16 16:54:42 [http-nio-8080-exec-2] DEBUG o.s.orm.jpa.JpaTransactionManager - Participating in existing transaction
2026-03-16 16:54:42 [http-nio-8080-exec-4] DEBUG org.hibernate.SQL - select u1_0.emplyr_id,u1_0.area_no,u1_0.brthdy,u1_0.chg_pwd_cnt,u1_0.frst_register_id,u1_0.frst_regist_pnttm,u1_0.detail_adres,u1_0.email_adres,u1_0.emplyr_sttus_code,u1_0.empl_no,u1_0.esntl_id,u1_0.fxnum,u1_0.group_id,u1_0.house_adres,u1_0.house_end_telno,u1_0.house_middle_telno,u1_0.ihidnum,u1_0.pstinst_code,u1_0.last_updusr_id,u1_0.last_updt_pnttm,u1_0.lock_at,u1_0.lock_cnt,u1_0.lock_last_pnttm,u1_0.mbtlnum,u1_0.ofcps_nm,u1_0.offm_telno,u1_0.orgnzt_id,u1_0.password,u1_0.password_cnsr,u1_0.password_hint,u1_0.chg_pwd_last_pnttm,u1_0.role,u1_0.sbscrb_de,u1_0.sexdstn_code,u1_0.crtfc_dn_value,u1_0.user_nm,u1_0.zip from nemplyrinfo u1_0 where u1_0.emplyr_id=?
2026-03-16 16:54:42 [http-nio-8080-exec-2] DEBUG org.hibernate.SQL - select u1_0.emplyr_id,u1_0.area_no,u1_0.brthdy,u1_0.chg_pwd_cnt,u1_0.frst_register_id,u1_0.frst_regist_pnttm,u1_0.detail_adres,u1_0.email_adres,u1_0.emplyr_sttus_code,u1_0.empl_no,u1_0.esntl_id,u1_0.fxnum,u1_0.group_id,u1_0.house_adres,u1_0.house_end_telno,u1_0.house_middle_telno,u1_0.ihidnum,u1_0.pstinst_code,u1_0.last_updusr_id,u1_0.last_updt_pnttm,u1_0.lock_at,u1_0.lock_cnt,u1_0.lock_last_pnttm,u1_0.mbtlnum,u1_0.ofcps_nm,u1_0.offm_telno,u1_0.orgnzt_id,u1_0.password,u1_0.password_cnsr,u1_0.password_hint,u1_0.chg_pwd_last_pnttm,u1_0.role,u1_0.sbscrb_de,u1_0.sexdstn_code,u1_0.crtfc_dn_value,u1_0.user_nm,u1_0.zip from nemplyrinfo u1_0 where u1_0.emplyr_id=?
2026-03-16 16:54:42 [http-nio-8080-exec-9] DEBUG o.s.orm.jpa.JpaTransactionManager - Exposing JPA transaction as JDBC [org.springframework.orm.jpa.vendor.HibernateJpaDialect$HibernateConnectionHandle@671a2e7a]
2026-03-16 16:54:42 [http-nio-8080-exec-9] DEBUG o.s.orm.jpa.JpaTransactionManager - Found thread-bound EntityManager [SessionImpl(1778558475<open>)] for JPA transaction
2026-03-16 16:54:42 [http-nio-8080-exec-9] DEBUG o.s.orm.jpa.JpaTransactionManager - Participating in existing transaction
2026-03-16 16:54:42 [http-nio-8080-exec-9] DEBUG org.hibernate.SQL - select u1_0.emplyr_id,u1_0.area_no,u1_0.brthdy,u1_0.chg_pwd_cnt,u1_0.frst_register_id,u1_0.frst_regist_pnttm,u1_0.detail_adres,u1_0.email_adres,u1_0.emplyr_sttus_code,u1_0.empl_no,u1_0.esntl_id,u1_0.fxnum,u1_0.group_id,u1_0.house_adres,u1_0.house_end_telno,u1_0.house_middle_telno,u1_0.ihidnum,u1_0.pstinst_code,u1_0.last_updusr_id,u1_0.last_updt_pnttm,u1_0.lock_at,u1_0.lock_cnt,u1_0.lock_last_pnttm,u1_0.mbtlnum,u1_0.ofcps_nm,u1_0.offm_telno,u1_0.orgnzt_id,u1_0.password,u1_0.password_cnsr,u1_0.password_hint,u1_0.chg_pwd_last_pnttm,u1_0.role,u1_0.sbscrb_de,u1_0.sexdstn_code,u1_0.crtfc_dn_value,u1_0.user_nm,u1_0.zip from nemplyrinfo u1_0 where u1_0.emplyr_id=?
2026-03-16 16:54:42 [http-nio-8080-exec-10] DEBUG o.s.orm.jpa.JpaTransactionManager - Exposing JPA transaction as JDBC [org.springframework.orm.jpa.vendor.HibernateJpaDialect$HibernateConnectionHandle@5175feaa]
2026-03-16 16:54:42 [http-nio-8080-exec-3] DEBUG o.s.orm.jpa.JpaTransactionManager - Exposing JPA transaction as JDBC [org.springframework.orm.jpa.vendor.HibernateJpaDialect$HibernateConnectionHandle@5fadbad4]
2026-03-16 16:54:42 [http-nio-8080-exec-10] DEBUG o.s.orm.jpa.JpaTransactionManager - Found thread-bound EntityManager [SessionImpl(666135229<open>)] for JPA transaction
2026-03-16 16:54:42 [http-nio-8080-exec-10] DEBUG o.s.orm.jpa.JpaTransactionManager - Participating in existing transaction
2026-03-16 16:54:42 [http-nio-8080-exec-3] DEBUG o.s.orm.jpa.JpaTransactionManager - Found thread-bound EntityManager [SessionImpl(1434903865<open>)] for JPA transaction
2026-03-16 16:54:42 [http-nio-8080-exec-3] DEBUG o.s.orm.jpa.JpaTransactionManager - Participating in existing transaction
2026-03-16 16:54:42 [http-nio-8080-exec-3] DEBUG org.hibernate.SQL - select u1_0.emplyr_id,u1_0.area_no,u1_0.brthdy,u1_0.chg_pwd_cnt,u1_0.frst_register_id,u1_0.frst_regist_pnttm,u1_0.detail_adres,u1_0.email_adres,u1_0.emplyr_sttus_code,u1_0.empl_no,u1_0.esntl_id,u1_0.fxnum,u1_0.group_id,u1_0.house_adres,u1_0.house_end_telno,u1_0.house_middle_telno,u1_0.ihidnum,u1_0.pstinst_code,u1_0.last_updusr_id,u1_0.last_updt_pnttm,u1_0.lock_at,u1_0.lock_cnt,u1_0.lock_last_pnttm,u1_0.mbtlnum,u1_0.ofcps_nm,u1_0.offm_telno,u1_0.orgnzt_id,u1_0.password,u1_0.password_cnsr,u1_0.password_hint,u1_0.chg_pwd_last_pnttm,u1_0.role,u1_0.sbscrb_de,u1_0.sexdstn_code,u1_0.crtfc_dn_value,u1_0.user_nm,u1_0.zip from nemplyrinfo u1_0 where u1_0.emplyr_id=?
2026-03-16 16:54:42 [http-nio-8080-exec-10] DEBUG org.hibernate.SQL - select u1_0.emplyr_id,u1_0.area_no,u1_0.brthdy,u1_0.chg_pwd_cnt,u1_0.frst_register_id,u1_0.frst_regist_pnttm,u1_0.detail_adres,u1_0.email_adres,u1_0.emplyr_sttus_code,u1_0.empl_no,u1_0.esntl_id,u1_0.fxnum,u1_0.group_id,u1_0.house_adres,u1_0.house_end_telno,u1_0.house_middle_telno,u1_0.ihidnum,u1_0.pstinst_code,u1_0.last_updusr_id,u1_0.last_updt_pnttm,u1_0.lock_at,u1_0.lock_cnt,u1_0.lock_last_pnttm,u1_0.mbtlnum,u1_0.ofcps_nm,u1_0.offm_telno,u1_0.orgnzt_id,u1_0.password,u1_0.password_cnsr,u1_0.password_hint,u1_0.chg_pwd_last_pnttm,u1_0.role,u1_0.sbscrb_de,u1_0.sexdstn_code,u1_0.crtfc_dn_value,u1_0.user_nm,u1_0.zip from nemplyrinfo u1_0 where u1_0.emplyr_id=?
2026-03-16 16:54:42 [http-nio-8080-exec-1] DEBUG org.hibernate.SQL - select count(b1_0.ntt_id) from nbbs b1_0 left join nemplyrinfo u1_0 on b1_0.frst_register_id=u1_0.esntl_id where (b1_0.use_at = 'Y') and b1_0.bbs_id=?
2026-03-16 16:54:42 [http-nio-8080-exec-4] DEBUG o.s.orm.jpa.JpaTransactionManager - Found thread-bound EntityManager [SessionImpl(677481804<open>)] for JPA transaction
2026-03-16 16:54:42 [http-nio-8080-exec-4] DEBUG o.s.orm.jpa.JpaTransactionManager - Participating in existing transaction
2026-03-16 16:54:42 [http-nio-8080-exec-4] DEBUG org.hibernate.SQL - select ua1_0.scrty_dtrmn_trget_id,ua1_0.author_code,ua1_0.frst_register_id,ua1_0.frst_regist_pnttm,ua1_0.last_updusr_id,ua1_0.last_updt_pnttm,ua1_0.mber_ty_code from nemplyrscrtyestbs ua1_0 where ua1_0.scrty_dtrmn_trget_id=?
2026-03-16 16:54:42 [http-nio-8080-exec-9] DEBUG o.s.orm.jpa.JpaTransactionManager - Found thread-bound EntityManager [SessionImpl(1778558475<open>)] for JPA transaction
2026-03-16 16:54:42 [http-nio-8080-exec-9] DEBUG o.s.orm.jpa.JpaTransactionManager - Participating in existing transaction
2026-03-16 16:54:42 [http-nio-8080-exec-2] DEBUG o.s.orm.jpa.JpaTransactionManager - Found thread-bound EntityManager [SessionImpl(2026555595<open>)] for JPA transaction
2026-03-16 16:54:42 [http-nio-8080-exec-2] DEBUG o.s.orm.jpa.JpaTransactionManager - Participating in existing transaction
2026-03-16 16:54:42 [http-nio-8080-exec-9] DEBUG org.hibernate.SQL - select ua1_0.scrty_dtrmn_trget_id,ua1_0.author_code,ua1_0.frst_register_id,ua1_0.frst_regist_pnttm,ua1_0.last_updusr_id,ua1_0.last_updt_pnttm,ua1_0.mber_ty_code from nemplyrscrtyestbs ua1_0 where ua1_0.scrty_dtrmn_trget_id=?
2026-03-16 16:54:42 [http-nio-8080-exec-2] DEBUG org.hibernate.SQL - select ua1_0.scrty_dtrmn_trget_id,ua1_0.author_code,ua1_0.frst_register_id,ua1_0.frst_regist_pnttm,ua1_0.last_updusr_id,ua1_0.last_updt_pnttm,ua1_0.mber_ty_code from nemplyrscrtyestbs ua1_0 where ua1_0.scrty_dtrmn_trget_id=?
2026-03-16 16:54:42 [http-nio-8080-exec-3] DEBUG o.s.orm.jpa.JpaTransactionManager - Found thread-bound EntityManager [SessionImpl(1434903865<open>)] for JPA transaction
2026-03-16 16:54:42 [http-nio-8080-exec-10] DEBUG o.s.orm.jpa.JpaTransactionManager - Found thread-bound EntityManager [SessionImpl(666135229<open>)] for JPA transaction
2026-03-16 16:54:42 [http-nio-8080-exec-3] DEBUG o.s.orm.jpa.JpaTransactionManager - Participating in existing transaction
2026-03-16 16:54:42 [http-nio-8080-exec-10] DEBUG o.s.orm.jpa.JpaTransactionManager - Participating in existing transaction
2026-03-16 16:54:42 [http-nio-8080-exec-10] DEBUG org.hibernate.SQL - select ua1_0.scrty_dtrmn_trget_id,ua1_0.author_code,ua1_0.frst_register_id,ua1_0.frst_regist_pnttm,ua1_0.last_updusr_id,ua1_0.last_updt_pnttm,ua1_0.mber_ty_code from nemplyrscrtyestbs ua1_0 where ua1_0.scrty_dtrmn_trget_id=?
2026-03-16 16:54:42 [http-nio-8080-exec-3] DEBUG org.hibernate.SQL - select ua1_0.scrty_dtrmn_trget_id,ua1_0.author_code,ua1_0.frst_register_id,ua1_0.frst_regist_pnttm,ua1_0.last_updusr_id,ua1_0.last_updt_pnttm,ua1_0.mber_ty_code from nemplyrscrtyestbs ua1_0 where ua1_0.scrty_dtrmn_trget_id=?
2026-03-16 16:54:42 [http-nio-8080-exec-1] DEBUG o.s.orm.jpa.JpaTransactionManager - Initiating transaction commit
2026-03-16 16:54:42 [http-nio-8080-exec-1] DEBUG o.s.orm.jpa.JpaTransactionManager - Committing JPA transaction on EntityManager [SessionImpl(1042944613<open>)]
2026-03-16 16:54:42 [http-nio-8080-exec-4] DEBUG o.s.orm.jpa.JpaTransactionManager - Initiating transaction commit
2026-03-16 16:54:42 [http-nio-8080-exec-4] DEBUG o.s.orm.jpa.JpaTransactionManager - Committing JPA transaction on EntityManager [SessionImpl(677481804<open>)]
2026-03-16 16:54:42 [http-nio-8080-exec-2] DEBUG o.s.orm.jpa.JpaTransactionManager - Initiating transaction commit
2026-03-16 16:54:42 [http-nio-8080-exec-2] DEBUG o.s.orm.jpa.JpaTransactionManager - Committing JPA transaction on EntityManager [SessionImpl(2026555595<open>)]
2026-03-16 16:54:42 [http-nio-8080-exec-9] DEBUG o.s.orm.jpa.JpaTransactionManager - Initiating transaction commit
2026-03-16 16:54:42 [http-nio-8080-exec-9] DEBUG o.s.orm.jpa.JpaTransactionManager - Committing JPA transaction on EntityManager [SessionImpl(1778558475<open>)]
2026-03-16 16:54:42 [http-nio-8080-exec-3] DEBUG o.s.orm.jpa.JpaTransactionManager - Initiating transaction commit
2026-03-16 16:54:42 [http-nio-8080-exec-10] DEBUG o.s.orm.jpa.JpaTransactionManager - Initiating transaction commit
2026-03-16 16:54:42 [http-nio-8080-exec-3] DEBUG o.s.orm.jpa.JpaTransactionManager - Committing JPA transaction on EntityManager [SessionImpl(1434903865<open>)]
2026-03-16 16:54:42 [http-nio-8080-exec-10] DEBUG o.s.orm.jpa.JpaTransactionManager - Committing JPA transaction on EntityManager [SessionImpl(666135229<open>)]
2026-03-16 16:54:42 [http-nio-8080-exec-1] DEBUG o.s.orm.jpa.JpaTransactionManager - Closing JPA EntityManager [SessionImpl(1042944613<open>)] after transaction
2026-03-16 16:54:42 [http-nio-8080-exec-1] DEBUG o.s.orm.jpa.JpaTransactionManager - Creating new transaction with name [com.company.project.service.board.BoardService.getBoardPosts]: PROPAGATION_REQUIRED,ISOLATION_DEFAULT,readOnly
2026-03-16 16:54:42 [http-nio-8080-exec-1] DEBUG o.s.orm.jpa.JpaTransactionManager - Opened new EntityManager [SessionImpl(1512152212<open>)] for JPA transaction
2026-03-16 16:54:42 [http-nio-8080-exec-1] DEBUG o.s.orm.jpa.JpaTransactionManager - Exposing JPA transaction as JDBC [org.springframework.orm.jpa.vendor.HibernateJpaDialect$HibernateConnectionHandle@391f84e4]
2026-03-16 16:54:42 [http-nio-8080-exec-1] DEBUG o.s.orm.jpa.JpaTransactionManager - Found thread-bound EntityManager [SessionImpl(1512152212<open>)] for JPA transaction
2026-03-16 16:54:42 [http-nio-8080-exec-1] DEBUG o.s.orm.jpa.JpaTransactionManager - Participating in existing transaction
2026-03-16 16:54:42 [http-nio-8080-exec-1] DEBUG org.hibernate.SQL - select bm1_0.bbs_id,bm1_0.atch_posbl_file_number,bm1_0.atch_posbl_file_size,bm1_0.bbs_attrb_code,bm1_0.bbs_intrcn,bm1_0.bbs_nm,bm1_0.bbs_ty_code,bm1_0.blog_at,bm1_0.blog_id,bm1_0.cmmnty_id,bm1_0.frst_register_id,bm1_0.frst_regist_pnttm,bm1_0.file_atch_posbl_at,bm1_0.last_updusr_id,bm1_0.last_updt_pnttm,bm1_0.reply_posbl_at,bm1_0.tmplat_id,bm1_0.use_at,bm1_1.answer_at,bm1_1.stsfdg_at from nbbsmaster bm1_0 left join nbbsmasteroptn bm1_1 on bm1_0.bbs_id=bm1_1.bbs_id where bm1_0.bbs_id=?
2026-03-16 16:54:42 [http-nio-8080-exec-4] DEBUG o.s.orm.jpa.JpaTransactionManager - Closing JPA EntityManager [SessionImpl(677481804<open>)] after transaction
2026-03-16 16:54:42 [http-nio-8080-exec-4] DEBUG c.c.p.s.jwt.JwtAuthenticationFilter - >>> [JwtFilter] Successfully authenticated user: USRCNFRM_99999999999, Authorities: [ROLE_ADMIN]
2026-03-16 16:54:42 [http-nio-8080-exec-4] DEBUG o.s.web.servlet.DispatcherServlet - GET "/api/v1/menu/left?menuNo=40", parameters={masked}
2026-03-16 16:54:42 [http-nio-8080-exec-2] DEBUG o.s.orm.jpa.JpaTransactionManager - Closing JPA EntityManager [SessionImpl(2026555595<open>)] after transaction
2026-03-16 16:54:42 [http-nio-8080-exec-2] DEBUG c.c.p.s.jwt.JwtAuthenticationFilter - >>> [JwtFilter] Successfully authenticated user: USRCNFRM_99999999999, Authorities: [ROLE_ADMIN]
2026-03-16 16:54:42 [http-nio-8080-exec-4] TRACE o.s.w.s.m.m.a.RequestMappingHandlerMapping - Mapped to com.company.project.api.controller.menu.MenuController#getLeftMenu(Long)
2026-03-16 16:54:42 [http-nio-8080-exec-2] DEBUG o.s.web.servlet.DispatcherServlet - GET "/api/v1/menu/left?menuNo=10", parameters={masked}
2026-03-16 16:54:42 [http-nio-8080-exec-2] TRACE o.s.w.s.m.m.a.RequestMappingHandlerMapping - Mapped to com.company.project.api.controller.menu.MenuController#getLeftMenu(Long)
2026-03-16 16:54:42 [http-nio-8080-exec-4] INFO  c.c.p.a.c.menu.MenuController - getLeftMenu called with menuNo=40
2026-03-16 16:54:42 [http-nio-8080-exec-4] DEBUG o.s.orm.jpa.JpaTransactionManager - Creating new transaction with name [com.company.project.service.menu.MenuService.getSubMenus]: PROPAGATION_REQUIRED,ISOLATION_DEFAULT,readOnly
2026-03-16 16:54:42 [http-nio-8080-exec-4] DEBUG o.s.orm.jpa.JpaTransactionManager - Opened new EntityManager [SessionImpl(939725412<open>)] for JPA transaction
2026-03-16 16:54:42 [http-nio-8080-exec-4] DEBUG o.s.orm.jpa.JpaTransactionManager - Exposing JPA transaction as JDBC [org.springframework.orm.jpa.vendor.HibernateJpaDialect$HibernateConnectionHandle@2408f854]
2026-03-16 16:54:42 [http-nio-8080-exec-9] DEBUG o.s.orm.jpa.JpaTransactionManager - Closing JPA EntityManager [SessionImpl(1778558475<open>)] after transaction
2026-03-16 16:54:42 [http-nio-8080-exec-2] INFO  c.c.p.a.c.menu.MenuController - getLeftMenu called with menuNo=10
2026-03-16 16:54:42 [http-nio-8080-exec-9] DEBUG c.c.p.s.jwt.JwtAuthenticationFilter - >>> [JwtFilter] Successfully authenticated user: USRCNFRM_99999999999, Authorities: [ROLE_ADMIN]
2026-03-16 16:54:42 [http-nio-8080-exec-2] DEBUG o.s.orm.jpa.JpaTransactionManager - Creating new transaction with name [com.company.project.service.menu.MenuService.getSubMenus]: PROPAGATION_REQUIRED,ISOLATION_DEFAULT,readOnly
2026-03-16 16:54:42 [http-nio-8080-exec-2] DEBUG o.s.orm.jpa.JpaTransactionManager - Opened new EntityManager [SessionImpl(1860332930<open>)] for JPA transaction
2026-03-16 16:54:42 [http-nio-8080-exec-2] DEBUG o.s.orm.jpa.JpaTransactionManager - Exposing JPA transaction as JDBC [org.springframework.orm.jpa.vendor.HibernateJpaDialect$HibernateConnectionHandle@6f1dc1ad]
2026-03-16 16:54:42 [http-nio-8080-exec-4] DEBUG org.hibernate.SQL - select m1_0.menu_no,m1_0.menu_dc,m1_0.menu_nm,m1_0.menu_ordr,m1_0.modern_route,m1_0.progrm_file_nm,m1_0.relate_image_nm,m1_0.relate_image_path,m1_0.route_updated_at,m1_0.upper_menu_no from nmenuinfo m1_0 order by m1_0.upper_menu_no,m1_0.menu_ordr
2026-03-16 16:54:42 [http-nio-8080-exec-9] DEBUG o.s.web.servlet.DispatcherServlet - GET "/api/v1/menu/left?menuNo=20", parameters={masked}
2026-03-16 16:54:42 [http-nio-8080-exec-9] TRACE o.s.w.s.m.m.a.RequestMappingHandlerMapping - Mapped to com.company.project.api.controller.menu.MenuController#getLeftMenu(Long)
2026-03-16 16:54:42 [http-nio-8080-exec-9] INFO  c.c.p.a.c.menu.MenuController - getLeftMenu called with menuNo=20
2026-03-16 16:54:42 [http-nio-8080-exec-2] DEBUG org.hibernate.SQL - select m1_0.menu_no,m1_0.menu_dc,m1_0.menu_nm,m1_0.menu_ordr,m1_0.modern_route,m1_0.progrm_file_nm,m1_0.relate_image_nm,m1_0.relate_image_path,m1_0.route_updated_at,m1_0.upper_menu_no from nmenuinfo m1_0 order by m1_0.upper_menu_no,m1_0.menu_ordr
2026-03-16 16:54:42 [http-nio-8080-exec-9] DEBUG o.s.orm.jpa.JpaTransactionManager - Creating new transaction with name [com.company.project.service.menu.MenuService.getSubMenus]: PROPAGATION_REQUIRED,ISOLATION_DEFAULT,readOnly
2026-03-16 16:54:42 [http-nio-8080-exec-9] DEBUG o.s.orm.jpa.JpaTransactionManager - Opened new EntityManager [SessionImpl(207816168<open>)] for JPA transaction
2026-03-16 16:54:42 [http-nio-8080-exec-9] DEBUG o.s.orm.jpa.JpaTransactionManager - Exposing JPA transaction as JDBC [org.springframework.orm.jpa.vendor.HibernateJpaDialect$HibernateConnectionHandle@2cf5c50f]
2026-03-16 16:54:42 [http-nio-8080-exec-9] DEBUG org.hibernate.SQL - select m1_0.menu_no,m1_0.menu_dc,m1_0.menu_nm,m1_0.menu_ordr,m1_0.modern_route,m1_0.progrm_file_nm,m1_0.relate_image_nm,m1_0.relate_image_path,m1_0.route_updated_at,m1_0.upper_menu_no from nmenuinfo m1_0 order by m1_0.upper_menu_no,m1_0.menu_ordr
2026-03-16 16:54:42 [http-nio-8080-exec-3] DEBUG o.s.orm.jpa.JpaTransactionManager - Closing JPA EntityManager [SessionImpl(1434903865<open>)] after transaction
2026-03-16 16:54:42 [http-nio-8080-exec-3] DEBUG c.c.p.s.jwt.JwtAuthenticationFilter - >>> [JwtFilter] Successfully authenticated user: USRCNFRM_99999999999, Authorities: [ROLE_ADMIN]
2026-03-16 16:54:42 [http-nio-8080-exec-3] DEBUG o.s.web.servlet.DispatcherServlet - GET "/api/v1/menu/left?menuNo=50", parameters={masked}
2026-03-16 16:54:42 [http-nio-8080-exec-3] TRACE o.s.w.s.m.m.a.RequestMappingHandlerMapping - Mapped to com.company.project.api.controller.menu.MenuController#getLeftMenu(Long)
2026-03-16 16:54:42 [http-nio-8080-exec-3] INFO  c.c.p.a.c.menu.MenuController - getLeftMenu called with menuNo=50
2026-03-16 16:54:42 [http-nio-8080-exec-3] DEBUG o.s.orm.jpa.JpaTransactionManager - Creating new transaction with name [com.company.project.service.menu.MenuService.getSubMenus]: PROPAGATION_REQUIRED,ISOLATION_DEFAULT,readOnly
2026-03-16 16:54:42 [http-nio-8080-exec-3] DEBUG o.s.orm.jpa.JpaTransactionManager - Opened new EntityManager [SessionImpl(1855735728<open>)] for JPA transaction
2026-03-16 16:54:42 [http-nio-8080-exec-3] DEBUG o.s.orm.jpa.JpaTransactionManager - Exposing JPA transaction as JDBC [org.springframework.orm.jpa.vendor.HibernateJpaDialect$HibernateConnectionHandle@5e2e6e9e]
2026-03-16 16:54:42 [http-nio-8080-exec-3] DEBUG org.hibernate.SQL - select m1_0.menu_no,m1_0.menu_dc,m1_0.menu_nm,m1_0.menu_ordr,m1_0.modern_route,m1_0.progrm_file_nm,m1_0.relate_image_nm,m1_0.relate_image_path,m1_0.route_updated_at,m1_0.upper_menu_no from nmenuinfo m1_0 order by m1_0.upper_menu_no,m1_0.menu_ordr
2026-03-16 16:54:42 [http-nio-8080-exec-10] DEBUG o.s.orm.jpa.JpaTransactionManager - Closing JPA EntityManager [SessionImpl(666135229<open>)] after transaction
2026-03-16 16:54:42 [http-nio-8080-exec-10] DEBUG c.c.p.s.jwt.JwtAuthenticationFilter - >>> [JwtFilter] Successfully authenticated user: USRCNFRM_99999999999, Authorities: [ROLE_ADMIN]
2026-03-16 16:54:42 [http-nio-8080-exec-10] DEBUG o.s.web.servlet.DispatcherServlet - GET "/api/v1/menu/left?menuNo=60", parameters={masked}
2026-03-16 16:54:42 [http-nio-8080-exec-10] TRACE o.s.w.s.m.m.a.RequestMappingHandlerMapping - Mapped to com.company.project.api.controller.menu.MenuController#getLeftMenu(Long)
2026-03-16 16:54:42 [http-nio-8080-exec-10] INFO  c.c.p.a.c.menu.MenuController - getLeftMenu called with menuNo=60
2026-03-16 16:54:42 [http-nio-8080-exec-10] DEBUG o.s.orm.jpa.JpaTransactionManager - Creating new transaction with name [com.company.project.service.menu.MenuService.getSubMenus]: PROPAGATION_REQUIRED,ISOLATION_DEFAULT,readOnly
2026-03-16 16:54:42 [http-nio-8080-exec-10] DEBUG o.s.orm.jpa.JpaTransactionManager - Opened new EntityManager [SessionImpl(8868290<open>)] for JPA transaction
2026-03-16 16:54:42 [http-nio-8080-exec-10] DEBUG o.s.orm.jpa.JpaTransactionManager - Exposing JPA transaction as JDBC [org.springframework.orm.jpa.vendor.HibernateJpaDialect$HibernateConnectionHandle@a7c5c91]
2026-03-16 16:54:42 [http-nio-8080-exec-10] DEBUG org.hibernate.SQL - select m1_0.menu_no,m1_0.menu_dc,m1_0.menu_nm,m1_0.menu_ordr,m1_0.modern_route,m1_0.progrm_file_nm,m1_0.relate_image_nm,m1_0.relate_image_path,m1_0.route_updated_at,m1_0.upper_menu_no from nmenuinfo m1_0 order by m1_0.upper_menu_no,m1_0.menu_ordr
2026-03-16 16:54:42 [http-nio-8080-exec-1] DEBUG org.hibernate.SQL - select b1_0.ntt_id,b1_0.bbs_id,b1_0.ntt_sj,b1_0.ntcr_nm,b1_0.frst_regist_pnttm,b1_0.rdcnt,b1_0.answer_at,b1_0.parntsctt_no,b1_0.answer_lc,b1_0.sort_ordr,b1_0.ntt_no,b1_0.notice_at,b1_0.secret_at,b1_0.comment_co from nbbs b1_0 left join nemplyrinfo u1_0 on b1_0.frst_register_id=u1_0.esntl_id where (b1_0.use_at = 'Y') and b1_0.bbs_id=? order by b1_0.sort_ordr desc,b1_0.ntt_no offset ? rows fetch first ? rows only
2026-03-16 16:54:43 [http-nio-8080-exec-1] DEBUG org.hibernate.SQL - select count(b1_0.ntt_id) from nbbs b1_0 left join nemplyrinfo u1_0 on b1_0.frst_register_id=u1_0.esntl_id where (b1_0.use_at = 'Y') and b1_0.bbs_id=?
2026-03-16 16:54:43 [http-nio-8080-exec-9] DEBUG o.s.orm.jpa.JpaTransactionManager - Found thread-bound EntityManager [SessionImpl(207816168<open>)] for JPA transaction
2026-03-16 16:54:43 [http-nio-8080-exec-9] DEBUG o.s.orm.jpa.JpaTransactionManager - Participating in existing transaction
2026-03-16 16:54:43 [http-nio-8080-exec-2] DEBUG o.s.orm.jpa.JpaTransactionManager - Found thread-bound EntityManager [SessionImpl(1860332930<open>)] for JPA transaction
2026-03-16 16:54:43 [http-nio-8080-exec-2] DEBUG o.s.orm.jpa.JpaTransactionManager - Participating in existing transaction
2026-03-16 16:54:43 [http-nio-8080-exec-4] DEBUG o.s.orm.jpa.JpaTransactionManager - Found thread-bound EntityManager [SessionImpl(939725412<open>)] for JPA transaction
2026-03-16 16:54:43 [http-nio-8080-exec-4] DEBUG o.s.orm.jpa.JpaTransactionManager - Participating in existing transaction
2026-03-16 16:54:43 [http-nio-8080-exec-9] DEBUG org.hibernate.SQL - select p1_0.progrm_file_nm,p1_0.progrm_dc,p1_0.progrm_korean_nm,p1_0.progrm_stre_path,p1_0.url from nprogrmlist p1_0
2026-03-16 16:54:43 [http-nio-8080-exec-2] DEBUG org.hibernate.SQL - select p1_0.progrm_file_nm,p1_0.progrm_dc,p1_0.progrm_korean_nm,p1_0.progrm_stre_path,p1_0.url from nprogrmlist p1_0
2026-03-16 16:54:43 [http-nio-8080-exec-4] DEBUG org.hibernate.SQL - select p1_0.progrm_file_nm,p1_0.progrm_dc,p1_0.progrm_korean_nm,p1_0.progrm_stre_path,p1_0.url from nprogrmlist p1_0
2026-03-16 16:54:43 [http-nio-8080-exec-3] DEBUG o.s.orm.jpa.JpaTransactionManager - Found thread-bound EntityManager [SessionImpl(1855735728<open>)] for JPA transaction
2026-03-16 16:54:43 [http-nio-8080-exec-3] DEBUG o.s.orm.jpa.JpaTransactionManager - Participating in existing transaction
2026-03-16 16:54:43 [http-nio-8080-exec-3] DEBUG org.hibernate.SQL - select p1_0.progrm_file_nm,p1_0.progrm_dc,p1_0.progrm_korean_nm,p1_0.progrm_stre_path,p1_0.url from nprogrmlist p1_0
2026-03-16 16:54:43 [http-nio-8080-exec-10] DEBUG o.s.orm.jpa.JpaTransactionManager - Found thread-bound EntityManager [SessionImpl(8868290<open>)] for JPA transaction
2026-03-16 16:54:43 [http-nio-8080-exec-10] DEBUG o.s.orm.jpa.JpaTransactionManager - Participating in existing transaction
2026-03-16 16:54:43 [http-nio-8080-exec-10] DEBUG org.hibernate.SQL - select p1_0.progrm_file_nm,p1_0.progrm_dc,p1_0.progrm_korean_nm,p1_0.progrm_stre_path,p1_0.url from nprogrmlist p1_0
2026-03-16 16:54:43 [http-nio-8080-exec-1] DEBUG o.s.orm.jpa.JpaTransactionManager - Initiating transaction commit
2026-03-16 16:54:43 [http-nio-8080-exec-1] DEBUG o.s.orm.jpa.JpaTransactionManager - Committing JPA transaction on EntityManager [SessionImpl(1512152212<open>)]
2026-03-16 16:54:43 [http-nio-8080-exec-2] DEBUG o.s.orm.jpa.JpaTransactionManager - Initiating transaction commit
2026-03-16 16:54:43 [http-nio-8080-exec-2] DEBUG o.s.orm.jpa.JpaTransactionManager - Committing JPA transaction on EntityManager [SessionImpl(1860332930<open>)]
2026-03-16 16:54:43 [http-nio-8080-exec-9] DEBUG o.s.orm.jpa.JpaTransactionManager - Initiating transaction commit
2026-03-16 16:54:43 [http-nio-8080-exec-9] DEBUG o.s.orm.jpa.JpaTransactionManager - Committing JPA transaction on EntityManager [SessionImpl(207816168<open>)]
2026-03-16 16:54:43 [http-nio-8080-exec-4] DEBUG o.s.orm.jpa.JpaTransactionManager - Initiating transaction commit
2026-03-16 16:54:43 [http-nio-8080-exec-4] DEBUG o.s.orm.jpa.JpaTransactionManager - Committing JPA transaction on EntityManager [SessionImpl(939725412<open>)]
2026-03-16 16:54:43 [http-nio-8080-exec-10] DEBUG o.s.orm.jpa.JpaTransactionManager - Initiating transaction commit
2026-03-16 16:54:43 [http-nio-8080-exec-3] DEBUG o.s.orm.jpa.JpaTransactionManager - Initiating transaction commit
2026-03-16 16:54:43 [http-nio-8080-exec-10] DEBUG o.s.orm.jpa.JpaTransactionManager - Committing JPA transaction on EntityManager [SessionImpl(8868290<open>)]
2026-03-16 16:54:43 [http-nio-8080-exec-3] DEBUG o.s.orm.jpa.JpaTransactionManager - Committing JPA transaction on EntityManager [SessionImpl(1855735728<open>)]
2026-03-16 16:54:43 [http-nio-8080-exec-1] DEBUG o.s.orm.jpa.JpaTransactionManager - Closing JPA EntityManager [SessionImpl(1512152212<open>)] after transaction
2026-03-16 16:54:43 [http-nio-8080-exec-1] DEBUG o.s.orm.jpa.JpaTransactionManager - Creating new transaction with name [com.company.project.service.informalsanction.InformalSanctionServiceImpl.getReceivedInformalSanctionList]: PROPAGATION_REQUIRED,ISOLATION_DEFAULT,readOnly
2026-03-16 16:54:43 [http-nio-8080-exec-1] DEBUG o.s.orm.jpa.JpaTransactionManager - Opened new EntityManager [SessionImpl(609165676<open>)] for JPA transaction
2026-03-16 16:54:43 [http-nio-8080-exec-1] DEBUG o.s.orm.jpa.JpaTransactionManager - Exposing JPA transaction as JDBC [org.springframework.orm.jpa.vendor.HibernateJpaDialect$HibernateConnectionHandle@68972fd]
2026-03-16 16:54:43 [http-nio-8080-exec-1] DEBUG org.hibernate.SQL - select is1_0.infrml_sanctn_id,is1_0.applcnt_id,is1_0.confm_at,is1_0.frst_register_id,is1_0.frst_regist_pnttm,is1_0.job_se_code,is1_0.last_updusr_id,is1_0.last_updt_pnttm,is1_0.reqst_de,is1_0.return_resn,is1_0.sanctn_dt,is1_0.sanctner_id from ninfrmlsanctn is1_0 where is1_0.sanctner_id=?
2026-03-16 16:54:43 [http-nio-8080-exec-2] DEBUG o.s.orm.jpa.JpaTransactionManager - Closing JPA EntityManager [SessionImpl(1860332930<open>)] after transaction
2026-03-16 16:54:43 [http-nio-8080-exec-2] INFO  c.c.p.a.c.menu.MenuController - getLeftMenu returned 5 items
2026-03-16 16:54:43 [http-nio-8080-exec-2] DEBUG o.s.w.s.m.m.a.HttpEntityMethodProcessor - Using 'application/json', given [application/json, text/plain, */*] and supported [application/json, application/*+json, application/yaml]
2026-03-16 16:54:43 [http-nio-8080-exec-2] TRACE o.s.w.s.m.m.a.HttpEntityMethodProcessor - Writing [ApiResponse[success=true, status=200, code=COMMON_001, message=Success, data={list=[com.company.project.service.menu.dto.MenuDto@615de4be, com.company.project.service.menu.dto.MenuDto@45af8cef, com.company.project.service.menu.dto.MenuDto@7e2a4a7e, com.company.project.service.menu.dto.MenuDto@af749b4, com.company.project.service.menu.dto.MenuDto@4813440]}, timestamp=2026-03-16T16:54:43.397031800]]
2026-03-16 16:54:43 [http-nio-8080-exec-2] INFO  c.c.p.a.i.OperationalAuditInterceptor - API Audit Log: URL=/api/v1/menu/left, User=webmaster, IP=0:0:0:0:0:0:0:1
2026-03-16 16:54:43 [http-nio-8080-exec-2] DEBUG o.s.web.servlet.DispatcherServlet - Completed 200 OK
2026-03-16 16:54:43 [http-nio-8080-exec-9] DEBUG o.s.orm.jpa.JpaTransactionManager - Closing JPA EntityManager [SessionImpl(207816168<open>)] after transaction
2026-03-16 16:54:43 [http-nio-8080-exec-9] INFO  c.c.p.a.c.menu.MenuController - getLeftMenu returned 3 items
2026-03-16 16:54:43 [http-nio-8080-exec-9] DEBUG o.s.w.s.m.m.a.HttpEntityMethodProcessor - Using 'application/json', given [application/json, text/plain, */*] and supported [application/json, application/*+json, application/yaml]
2026-03-16 16:54:43 [http-nio-8080-exec-9] TRACE o.s.w.s.m.m.a.HttpEntityMethodProcessor - Writing [ApiResponse[success=true, status=200, code=COMMON_001, message=Success, data={list=[com.company.project.service.menu.dto.MenuDto@4ed0ed5c, com.company.project.service.menu.dto.MenuDto@4fa642a5, com.company.project.service.menu.dto.MenuDto@24295647]}, timestamp=2026-03-16T16:54:43.399228200]]
2026-03-16 16:54:43 [http-nio-8080-exec-9] INFO  c.c.p.a.i.OperationalAuditInterceptor - API Audit Log: URL=/api/v1/menu/left, User=webmaster, IP=0:0:0:0:0:0:0:1
2026-03-16 16:54:43 [http-nio-8080-exec-9] DEBUG o.s.web.servlet.DispatcherServlet - Completed 200 OK
2026-03-16 16:54:43 [http-nio-8080-exec-4] DEBUG o.s.orm.jpa.JpaTransactionManager - Closing JPA EntityManager [SessionImpl(939725412<open>)] after transaction
2026-03-16 16:54:43 [http-nio-8080-exec-4] INFO  c.c.p.a.c.menu.MenuController - getLeftMenu returned 2 items
2026-03-16 16:54:43 [http-nio-8080-exec-4] DEBUG o.s.w.s.m.m.a.HttpEntityMethodProcessor - Using 'application/json', given [application/json, text/plain, */*] and supported [application/json, application/*+json, application/yaml]
2026-03-16 16:54:43 [http-nio-8080-exec-4] TRACE o.s.w.s.m.m.a.HttpEntityMethodProcessor - Writing [ApiResponse[success=true, status=200, code=COMMON_001, message=Success, data={list=[com.company.project.service.menu.dto.MenuDto@3c4d8e71, com.company.project.service.menu.dto.MenuDto@12e0acc2]}, timestamp=2026-03-16T16:54:43.404086700]]
2026-03-16 16:54:43 [http-nio-8080-exec-4] INFO  c.c.p.a.i.OperationalAuditInterceptor - API Audit Log: URL=/api/v1/menu/left, User=webmaster, IP=0:0:0:0:0:0:0:1
2026-03-16 16:54:43 [http-nio-8080-exec-4] DEBUG o.s.web.servlet.DispatcherServlet - Completed 200 OK
2026-03-16 16:54:43 [http-nio-8080-exec-3] DEBUG o.s.orm.jpa.JpaTransactionManager - Closing JPA EntityManager [SessionImpl(1855735728<open>)] after transaction
2026-03-16 16:54:43 [http-nio-8080-exec-3] INFO  c.c.p.a.c.menu.MenuController - getLeftMenu returned 3 items
2026-03-16 16:54:43 [http-nio-8080-exec-3] DEBUG o.s.w.s.m.m.a.HttpEntityMethodProcessor - Using 'application/json', given [application/json, text/plain, */*] and supported [application/json, application/*+json, application/yaml]
2026-03-16 16:54:43 [http-nio-8080-exec-3] TRACE o.s.w.s.m.m.a.HttpEntityMethodProcessor - Writing [ApiResponse[success=true, status=200, code=COMMON_001, message=Success, data={list=[com.company.project.service.menu.dto.MenuDto@7dab4742, com.company.project.service.menu.dto.MenuDto@126096c9, com.company.project.service.menu.dto.MenuDto@31b95501]}, timestamp=2026-03-16T16:54:43.440031]]
2026-03-16 16:54:43 [http-nio-8080-exec-3] INFO  c.c.p.a.i.OperationalAuditInterceptor - API Audit Log: URL=/api/v1/menu/left, User=webmaster, IP=0:0:0:0:0:0:0:1
2026-03-16 16:54:43 [http-nio-8080-exec-3] DEBUG o.s.web.servlet.DispatcherServlet - Completed 200 OK
2026-03-16 16:54:43 [http-nio-8080-exec-10] DEBUG o.s.orm.jpa.JpaTransactionManager - Closing JPA EntityManager [SessionImpl(8868290<open>)] after transaction
2026-03-16 16:54:43 [http-nio-8080-exec-10] INFO  c.c.p.a.c.menu.MenuController - getLeftMenu returned 1 items
2026-03-16 16:54:43 [http-nio-8080-exec-10] DEBUG o.s.w.s.m.m.a.HttpEntityMethodProcessor - Using 'application/json', given [application/json, text/plain, */*] and supported [application/json, application/*+json, application/yaml]
2026-03-16 16:54:43 [http-nio-8080-exec-10] TRACE o.s.w.s.m.m.a.HttpEntityMethodProcessor - Writing [ApiResponse[success=true, status=200, code=COMMON_001, message=Success, data={list=[com.company.project.service.menu.dto.MenuDto@644c5215]}, timestamp=2026-03-16T16:54:43.442538600]]
2026-03-16 16:54:43 [http-nio-8080-exec-10] INFO  c.c.p.a.i.OperationalAuditInterceptor - API Audit Log: URL=/api/v1/menu/left, User=webmaster, IP=0:0:0:0:0:0:0:1
2026-03-16 16:54:43 [http-nio-8080-exec-10] DEBUG o.s.web.servlet.DispatcherServlet - Completed 200 OK
2026-03-16 16:54:43 [http-nio-8080-exec-1] DEBUG o.s.orm.jpa.JpaTransactionManager - Initiating transaction commit
2026-03-16 16:54:43 [http-nio-8080-exec-1] DEBUG o.s.orm.jpa.JpaTransactionManager - Committing JPA transaction on EntityManager [SessionImpl(609165676<open>)]
2026-03-16 16:54:43 [http-nio-8080-exec-1] DEBUG o.s.orm.jpa.JpaTransactionManager - Closing JPA EntityManager [SessionImpl(609165676<open>)] after transaction
2026-03-16 16:54:43 [http-nio-8080-exec-1] DEBUG o.s.w.s.m.m.a.HttpEntityMethodProcessor - Using 'application/json', given [application/json, text/plain, */*] and supported [application/json, application/*+json, application/yaml]
2026-03-16 16:54:43 [http-nio-8080-exec-1] TRACE o.s.w.s.m.m.a.HttpEntityMethodProcessor - Writing [{notiList=[com.company.project.service.board.dto.BoardDto@40a76954], success=true, taskList=[com.company.project.service.board.dto.BoardDto@75d3a3d3], pendingApprovalCount=0}]
2026-03-16 16:54:43 [http-nio-8080-exec-1] INFO  c.c.p.a.i.OperationalAuditInterceptor - API Audit Log: URL=/api/v1/dashboard, User=webmaster, IP=0:0:0:0:0:0:0:1
2026-03-16 16:54:43 [http-nio-8080-exec-1] DEBUG o.s.web.servlet.DispatcherServlet - Completed 200 OK
2026-03-16 16:54:43 [http-nio-8080-exec-8] DEBUG c.c.p.s.jwt.JwtAuthenticationFilter - >>> [JwtFilter] Processing request: GET /api/v1/menu/head
2026-03-16 16:54:43 [http-nio-8080-exec-7] DEBUG c.c.p.s.jwt.JwtAuthenticationFilter - >>> [JwtFilter] Processing request: GET /api/v1/menu/left
2026-03-16 16:54:43 [http-nio-8080-exec-6] DEBUG c.c.p.s.jwt.JwtAuthenticationFilter - >>> [JwtFilter] Processing request: GET /api/v1/auth/me
2026-03-16 16:54:43 [http-nio-8080-exec-8] DEBUG c.c.p.s.jwt.JwtAuthenticationFilter - >>> [JwtFilter] Found token in header for path: /api/v1/menu/head
2026-03-16 16:54:43 [http-nio-8080-exec-7] DEBUG c.c.p.s.jwt.JwtAuthenticationFilter - >>> [JwtFilter] Found token in header for path: /api/v1/menu/left
2026-03-16 16:54:43 [http-nio-8080-exec-6] DEBUG c.c.p.s.jwt.JwtAuthenticationFilter - >>> [JwtFilter] Found token in header for path: /api/v1/auth/me
2026-03-16 16:54:43 [http-nio-8080-exec-7] DEBUG o.s.orm.jpa.JpaTransactionManager - Creating new transaction with name [com.company.project.security.iam.CustomUserDetailsService.loadUserByUsername]: PROPAGATION_REQUIRED,ISOLATION_DEFAULT,readOnly
2026-03-16 16:54:43 [http-nio-8080-exec-6] DEBUG o.s.orm.jpa.JpaTransactionManager - Creating new transaction with name [com.company.project.security.iam.CustomUserDetailsService.loadUserByUsername]: PROPAGATION_REQUIRED,ISOLATION_DEFAULT,readOnly
2026-03-16 16:54:43 [http-nio-8080-exec-8] DEBUG o.s.orm.jpa.JpaTransactionManager - Creating new transaction with name [com.company.project.security.iam.CustomUserDetailsService.loadUserByUsername]: PROPAGATION_REQUIRED,ISOLATION_DEFAULT,readOnly
2026-03-16 16:54:43 [http-nio-8080-exec-7] DEBUG o.s.orm.jpa.JpaTransactionManager - Opened new EntityManager [SessionImpl(1971995985<open>)] for JPA transaction
2026-03-16 16:54:43 [http-nio-8080-exec-6] DEBUG o.s.orm.jpa.JpaTransactionManager - Opened new EntityManager [SessionImpl(1644576856<open>)] for JPA transaction
2026-03-16 16:54:43 [http-nio-8080-exec-8] DEBUG o.s.orm.jpa.JpaTransactionManager - Opened new EntityManager [SessionImpl(1768937761<open>)] for JPA transaction
2026-03-16 16:54:44 [http-nio-8080-exec-7] DEBUG o.s.orm.jpa.JpaTransactionManager - Exposing JPA transaction as JDBC [org.springframework.orm.jpa.vendor.HibernateJpaDialect$HibernateConnectionHandle@829510e]
2026-03-16 16:54:44 [http-nio-8080-exec-6] DEBUG o.s.orm.jpa.JpaTransactionManager - Exposing JPA transaction as JDBC [org.springframework.orm.jpa.vendor.HibernateJpaDialect$HibernateConnectionHandle@2c8fcba5]
2026-03-16 16:54:44 [http-nio-8080-exec-8] DEBUG o.s.orm.jpa.JpaTransactionManager - Exposing JPA transaction as JDBC [org.springframework.orm.jpa.vendor.HibernateJpaDialect$HibernateConnectionHandle@20d56f0e]
2026-03-16 16:54:44 [http-nio-8080-exec-7] DEBUG o.s.orm.jpa.JpaTransactionManager - Found thread-bound EntityManager [SessionImpl(1971995985<open>)] for JPA transaction
2026-03-16 16:54:44 [http-nio-8080-exec-6] DEBUG o.s.orm.jpa.JpaTransactionManager - Found thread-bound EntityManager [SessionImpl(1644576856<open>)] for JPA transaction
2026-03-16 16:54:44 [http-nio-8080-exec-6] DEBUG o.s.orm.jpa.JpaTransactionManager - Participating in existing transaction
2026-03-16 16:54:44 [http-nio-8080-exec-8] DEBUG o.s.orm.jpa.JpaTransactionManager - Found thread-bound EntityManager [SessionImpl(1768937761<open>)] for JPA transaction
2026-03-16 16:54:44 [http-nio-8080-exec-8] DEBUG o.s.orm.jpa.JpaTransactionManager - Participating in existing transaction
2026-03-16 16:54:44 [http-nio-8080-exec-7] DEBUG o.s.orm.jpa.JpaTransactionManager - Participating in existing transaction
2026-03-16 16:54:44 [http-nio-8080-exec-6] DEBUG org.hibernate.SQL - select u1_0.emplyr_id,u1_0.area_no,u1_0.brthdy,u1_0.chg_pwd_cnt,u1_0.frst_register_id,u1_0.frst_regist_pnttm,u1_0.detail_adres,u1_0.email_adres,u1_0.emplyr_sttus_code,u1_0.empl_no,u1_0.esntl_id,u1_0.fxnum,u1_0.group_id,u1_0.house_adres,u1_0.house_end_telno,u1_0.house_middle_telno,u1_0.ihidnum,u1_0.pstinst_code,u1_0.last_updusr_id,u1_0.last_updt_pnttm,u1_0.lock_at,u1_0.lock_cnt,u1_0.lock_last_pnttm,u1_0.mbtlnum,u1_0.ofcps_nm,u1_0.offm_telno,u1_0.orgnzt_id,u1_0.password,u1_0.password_cnsr,u1_0.password_hint,u1_0.chg_pwd_last_pnttm,u1_0.role,u1_0.sbscrb_de,u1_0.sexdstn_code,u1_0.crtfc_dn_value,u1_0.user_nm,u1_0.zip from nemplyrinfo u1_0 where u1_0.emplyr_id=?
2026-03-16 16:54:44 [http-nio-8080-exec-7] DEBUG org.hibernate.SQL - select u1_0.emplyr_id,u1_0.area_no,u1_0.brthdy,u1_0.chg_pwd_cnt,u1_0.frst_register_id,u1_0.frst_regist_pnttm,u1_0.detail_adres,u1_0.email_adres,u1_0.emplyr_sttus_code,u1_0.empl_no,u1_0.esntl_id,u1_0.fxnum,u1_0.group_id,u1_0.house_adres,u1_0.house_end_telno,u1_0.house_middle_telno,u1_0.ihidnum,u1_0.pstinst_code,u1_0.last_updusr_id,u1_0.last_updt_pnttm,u1_0.lock_at,u1_0.lock_cnt,u1_0.lock_last_pnttm,u1_0.mbtlnum,u1_0.ofcps_nm,u1_0.offm_telno,u1_0.orgnzt_id,u1_0.password,u1_0.password_cnsr,u1_0.password_hint,u1_0.chg_pwd_last_pnttm,u1_0.role,u1_0.sbscrb_de,u1_0.sexdstn_code,u1_0.crtfc_dn_value,u1_0.user_nm,u1_0.zip from nemplyrinfo u1_0 where u1_0.emplyr_id=?
2026-03-16 16:54:44 [http-nio-8080-exec-8] DEBUG org.hibernate.SQL - select u1_0.emplyr_id,u1_0.area_no,u1_0.brthdy,u1_0.chg_pwd_cnt,u1_0.frst_register_id,u1_0.frst_regist_pnttm,u1_0.detail_adres,u1_0.email_adres,u1_0.emplyr_sttus_code,u1_0.empl_no,u1_0.esntl_id,u1_0.fxnum,u1_0.group_id,u1_0.house_adres,u1_0.house_end_telno,u1_0.house_middle_telno,u1_0.ihidnum,u1_0.pstinst_code,u1_0.last_updusr_id,u1_0.last_updt_pnttm,u1_0.lock_at,u1_0.lock_cnt,u1_0.lock_last_pnttm,u1_0.mbtlnum,u1_0.ofcps_nm,u1_0.offm_telno,u1_0.orgnzt_id,u1_0.password,u1_0.password_cnsr,u1_0.password_hint,u1_0.chg_pwd_last_pnttm,u1_0.role,u1_0.sbscrb_de,u1_0.sexdstn_code,u1_0.crtfc_dn_value,u1_0.user_nm,u1_0.zip from nemplyrinfo u1_0 where u1_0.emplyr_id=?
2026-03-16 16:54:44 [http-nio-8080-exec-7] DEBUG o.s.orm.jpa.JpaTransactionManager - Found thread-bound EntityManager [SessionImpl(1971995985<open>)] for JPA transaction
2026-03-16 16:54:44 [http-nio-8080-exec-7] DEBUG o.s.orm.jpa.JpaTransactionManager - Participating in existing transaction
2026-03-16 16:54:44 [http-nio-8080-exec-6] DEBUG o.s.orm.jpa.JpaTransactionManager - Found thread-bound EntityManager [SessionImpl(1644576856<open>)] for JPA transaction
2026-03-16 16:54:44 [http-nio-8080-exec-6] DEBUG o.s.orm.jpa.JpaTransactionManager - Participating in existing transaction
2026-03-16 16:54:44 [http-nio-8080-exec-7] DEBUG org.hibernate.SQL - select ua1_0.scrty_dtrmn_trget_id,ua1_0.author_code,ua1_0.frst_register_id,ua1_0.frst_regist_pnttm,ua1_0.last_updusr_id,ua1_0.last_updt_pnttm,ua1_0.mber_ty_code from nemplyrscrtyestbs ua1_0 where ua1_0.scrty_dtrmn_trget_id=?
2026-03-16 16:54:44 [http-nio-8080-exec-6] DEBUG org.hibernate.SQL - select ua1_0.scrty_dtrmn_trget_id,ua1_0.author_code,ua1_0.frst_register_id,ua1_0.frst_regist_pnttm,ua1_0.last_updusr_id,ua1_0.last_updt_pnttm,ua1_0.mber_ty_code from nemplyrscrtyestbs ua1_0 where ua1_0.scrty_dtrmn_trget_id=?
2026-03-16 16:54:44 [http-nio-8080-exec-8] DEBUG o.s.orm.jpa.JpaTransactionManager - Found thread-bound EntityManager [SessionImpl(1768937761<open>)] for JPA transaction
2026-03-16 16:54:44 [http-nio-8080-exec-8] DEBUG o.s.orm.jpa.JpaTransactionManager - Participating in existing transaction
2026-03-16 16:54:44 [http-nio-8080-exec-8] DEBUG org.hibernate.SQL - select ua1_0.scrty_dtrmn_trget_id,ua1_0.author_code,ua1_0.frst_register_id,ua1_0.frst_regist_pnttm,ua1_0.last_updusr_id,ua1_0.last_updt_pnttm,ua1_0.mber_ty_code from nemplyrscrtyestbs ua1_0 where ua1_0.scrty_dtrmn_trget_id=?
2026-03-16 16:54:44 [http-nio-8080-exec-8] DEBUG o.s.orm.jpa.JpaTransactionManager - Initiating transaction commit
2026-03-16 16:54:44 [http-nio-8080-exec-8] DEBUG o.s.orm.jpa.JpaTransactionManager - Committing JPA transaction on EntityManager [SessionImpl(1768937761<open>)]
2026-03-16 16:54:44 [http-nio-8080-exec-7] DEBUG o.s.orm.jpa.JpaTransactionManager - Initiating transaction commit
2026-03-16 16:54:44 [http-nio-8080-exec-6] DEBUG o.s.orm.jpa.JpaTransactionManager - Initiating transaction commit
2026-03-16 16:54:44 [http-nio-8080-exec-7] DEBUG o.s.orm.jpa.JpaTransactionManager - Committing JPA transaction on EntityManager [SessionImpl(1971995985<open>)]
2026-03-16 16:54:44 [http-nio-8080-exec-6] DEBUG o.s.orm.jpa.JpaTransactionManager - Committing JPA transaction on EntityManager [SessionImpl(1644576856<open>)]
2026-03-16 16:54:44 [http-nio-8080-exec-8] DEBUG o.s.orm.jpa.JpaTransactionManager - Closing JPA EntityManager [SessionImpl(1768937761<open>)] after transaction
2026-03-16 16:54:44 [http-nio-8080-exec-6] DEBUG o.s.orm.jpa.JpaTransactionManager - Closing JPA EntityManager [SessionImpl(1644576856<open>)] after transaction
2026-03-16 16:54:44 [http-nio-8080-exec-7] DEBUG o.s.orm.jpa.JpaTransactionManager - Closing JPA EntityManager [SessionImpl(1971995985<open>)] after transaction
2026-03-16 16:54:44 [http-nio-8080-exec-8] DEBUG c.c.p.s.jwt.JwtAuthenticationFilter - >>> [JwtFilter] Successfully authenticated user: USRCNFRM_99999999999, Authorities: [ROLE_ADMIN]
2026-03-16 16:54:44 [http-nio-8080-exec-6] DEBUG c.c.p.s.jwt.JwtAuthenticationFilter - >>> [JwtFilter] Successfully authenticated user: USRCNFRM_99999999999, Authorities: [ROLE_ADMIN]
2026-03-16 16:54:44 [http-nio-8080-exec-7] DEBUG c.c.p.s.jwt.JwtAuthenticationFilter - >>> [JwtFilter] Successfully authenticated user: USRCNFRM_99999999999, Authorities: [ROLE_ADMIN]
2026-03-16 16:54:44 [http-nio-8080-exec-8] DEBUG o.s.web.servlet.DispatcherServlet - GET "/api/v1/menu/head", parameters={}
2026-03-16 16:54:44 [http-nio-8080-exec-6] DEBUG o.s.web.servlet.DispatcherServlet - GET "/api/v1/auth/me", parameters={}
2026-03-16 16:54:44 [http-nio-8080-exec-7] DEBUG o.s.web.servlet.DispatcherServlet - GET "/api/v1/menu/left?menuNo=10", parameters={masked}
2026-03-16 16:54:44 [http-nio-8080-exec-8] TRACE o.s.w.s.m.m.a.RequestMappingHandlerMapping - Mapped to com.company.project.api.controller.menu.MenuController#getHeadMenu()
2026-03-16 16:54:44 [http-nio-8080-exec-6] TRACE o.s.w.s.m.m.a.RequestMappingHandlerMapping - Mapped to com.company.project.api.auth.AuthController#getCurrentUser()
2026-03-16 16:54:44 [http-nio-8080-exec-7] TRACE o.s.w.s.m.m.a.RequestMappingHandlerMapping - Mapped to com.company.project.api.controller.menu.MenuController#getLeftMenu(Long)
2026-03-16 16:54:44 [http-nio-8080-exec-8] INFO  c.c.p.a.c.menu.MenuController - getHeadMenu called
2026-03-16 16:54:44 [http-nio-8080-exec-7] INFO  c.c.p.a.c.menu.MenuController - getLeftMenu called with menuNo=10
2026-03-16 16:54:44 [http-nio-8080-exec-8] INFO  c.c.p.a.c.menu.MenuController - getHeadMenu returned 5 items
2026-03-16 16:54:44 [http-nio-8080-exec-6] DEBUG o.s.w.s.m.m.a.RequestResponseBodyMethodProcessor - Using 'application/json', given [application/json, text/plain, */*] and supported [application/json, application/*+json, application/yaml]
2026-03-16 16:54:44 [http-nio-8080-exec-7] DEBUG o.s.orm.jpa.JpaTransactionManager - Creating new transaction with name [com.company.project.service.menu.MenuService.getSubMenus]: PROPAGATION_REQUIRED,ISOLATION_DEFAULT,readOnly
2026-03-16 16:54:44 [http-nio-8080-exec-6] TRACE o.s.w.s.m.m.a.RequestResponseBodyMethodProcessor - Writing [ApiResponse[success=true, status=200, code=COMMON_001, message=Success, data={role=ROLE_ADMIN, userSe=EMP, name=관리자, id=webmaster}, timestamp=2026-03-16T16:54:44.610685900]]
2026-03-16 16:54:44 [http-nio-8080-exec-8] DEBUG o.s.w.s.m.m.a.HttpEntityMethodProcessor - Using 'application/json', given [application/json, text/plain, */*] and supported [application/json, application/*+json, application/yaml]
2026-03-16 16:54:44 [http-nio-8080-exec-7] DEBUG o.s.orm.jpa.JpaTransactionManager - Opened new EntityManager [SessionImpl(194679767<open>)] for JPA transaction
2026-03-16 16:54:44 [http-nio-8080-exec-8] TRACE o.s.w.s.m.m.a.HttpEntityMethodProcessor - Writing [ApiResponse[success=true, status=200, code=COMMON_001, message=Success, data={list=[com.company.project.service.menu.dto.MenuDto@2b80d6b0, com.company.project.service.menu.dto.MenuDto@1418cfa3, com.company.project.service.menu.dto.MenuDto@f230bf1, com.company.project.service.menu.dto.MenuDto@734a7f6a, com.company.project.service.menu.dto.MenuDto@5e5202e5]}, timestamp=2026-03-16T16:54:44.610685900]]
2026-03-16 16:54:44 [http-nio-8080-exec-7] DEBUG o.s.orm.jpa.JpaTransactionManager - Exposing JPA transaction as JDBC [org.springframework.orm.jpa.vendor.HibernateJpaDialect$HibernateConnectionHandle@55ab1dda]
2026-03-16 16:54:44 [http-nio-8080-exec-6] INFO  c.c.p.a.i.OperationalAuditInterceptor - API Audit Log: URL=/api/v1/auth/me, User=webmaster, IP=127.0.0.1
2026-03-16 16:54:44 [http-nio-8080-exec-8] INFO  c.c.p.a.i.OperationalAuditInterceptor - API Audit Log: URL=/api/v1/menu/head, User=webmaster, IP=127.0.0.1
2026-03-16 16:54:44 [http-nio-8080-exec-6] DEBUG o.s.web.servlet.DispatcherServlet - Completed 200 OK
2026-03-16 16:54:44 [http-nio-8080-exec-8] DEBUG o.s.web.servlet.DispatcherServlet - Completed 200 OK
2026-03-16 16:54:44 [http-nio-8080-exec-7] DEBUG org.hibernate.SQL - select m1_0.menu_no,m1_0.menu_dc,m1_0.menu_nm,m1_0.menu_ordr,m1_0.modern_route,m1_0.progrm_file_nm,m1_0.relate_image_nm,m1_0.relate_image_path,m1_0.route_updated_at,m1_0.upper_menu_no from nmenuinfo m1_0 order by m1_0.upper_menu_no,m1_0.menu_ordr
2026-03-16 16:54:44 [http-nio-8080-exec-2] DEBUG c.c.p.s.jwt.JwtAuthenticationFilter - >>> [JwtFilter] Processing request: GET /api/v1/notifications/unread-count
2026-03-16 16:54:44 [http-nio-8080-exec-5] DEBUG c.c.p.s.jwt.JwtAuthenticationFilter - >>> [JwtFilter] Processing request: GET /api/v1/notifications
2026-03-16 16:54:44 [http-nio-8080-exec-2] DEBUG c.c.p.s.jwt.JwtAuthenticationFilter - >>> [JwtFilter] Found token in header for path: /api/v1/notifications/unread-count
2026-03-16 16:54:44 [http-nio-8080-exec-5] DEBUG c.c.p.s.jwt.JwtAuthenticationFilter - >>> [JwtFilter] Found token in header for path: /api/v1/notifications
2026-03-16 16:54:44 [http-nio-8080-exec-2] DEBUG o.s.orm.jpa.JpaTransactionManager - Creating new transaction with name [com.company.project.security.iam.CustomUserDetailsService.loadUserByUsername]: PROPAGATION_REQUIRED,ISOLATION_DEFAULT,readOnly
2026-03-16 16:54:44 [http-nio-8080-exec-5] DEBUG o.s.orm.jpa.JpaTransactionManager - Creating new transaction with name [com.company.project.security.iam.CustomUserDetailsService.loadUserByUsername]: PROPAGATION_REQUIRED,ISOLATION_DEFAULT,readOnly
2026-03-16 16:54:44 [http-nio-8080-exec-2] DEBUG o.s.orm.jpa.JpaTransactionManager - Opened new EntityManager [SessionImpl(1030756555<open>)] for JPA transaction
2026-03-16 16:54:44 [http-nio-8080-exec-5] DEBUG o.s.orm.jpa.JpaTransactionManager - Opened new EntityManager [SessionImpl(2074640135<open>)] for JPA transaction
2026-03-16 16:54:44 [http-nio-8080-exec-4] DEBUG c.c.p.s.jwt.JwtAuthenticationFilter - >>> [JwtFilter] Processing request: GET /api/v1/admin/system/banners/reflected
2026-03-16 16:54:44 [http-nio-8080-exec-9] DEBUG c.c.p.s.jwt.JwtAuthenticationFilter - >>> [JwtFilter] Processing request: GET /api/v1/popups/active
2026-03-16 16:54:44 [http-nio-8080-exec-4] DEBUG c.c.p.s.jwt.JwtAuthenticationFilter - >>> [JwtFilter] Found token in header for path: /api/v1/admin/system/banners/reflected
2026-03-16 16:54:44 [http-nio-8080-exec-9] DEBUG c.c.p.s.jwt.JwtAuthenticationFilter - >>> [JwtFilter] Found token in header for path: /api/v1/popups/active
2026-03-16 16:54:44 [http-nio-8080-exec-9] DEBUG o.s.orm.jpa.JpaTransactionManager - Creating new transaction with name [com.company.project.security.iam.CustomUserDetailsService.loadUserByUsername]: PROPAGATION_REQUIRED,ISOLATION_DEFAULT,readOnly
2026-03-16 16:54:44 [http-nio-8080-exec-4] DEBUG o.s.orm.jpa.JpaTransactionManager - Creating new transaction with name [com.company.project.security.iam.CustomUserDetailsService.loadUserByUsername]: PROPAGATION_REQUIRED,ISOLATION_DEFAULT,readOnly
2026-03-16 16:54:44 [http-nio-8080-exec-9] DEBUG o.s.orm.jpa.JpaTransactionManager - Opened new EntityManager [SessionImpl(842808989<open>)] for JPA transaction
2026-03-16 16:54:44 [http-nio-8080-exec-4] DEBUG o.s.orm.jpa.JpaTransactionManager - Opened new EntityManager [SessionImpl(1965683152<open>)] for JPA transaction
2026-03-16 16:54:44 [http-nio-8080-exec-3] DEBUG o.s.web.servlet.DispatcherServlet - GET "/ws/info?t=1773647684689", parameters={masked}
2026-03-16 16:54:44 [http-nio-8080-exec-3] DEBUG o.s.w.s.s.s.WebSocketHandlerMapping - Mapped to org.springframework.web.socket.sockjs.support.SockJsHttpRequestHandler@3d80b7ba
2026-03-16 16:54:44 [http-nio-8080-exec-3] DEBUG o.s.w.s.s.t.h.DefaultSockJsService - Processing transport request: GET http://localhost:8080/ws/info?t=1773647684689
2026-03-16 16:54:44 [http-nio-8080-exec-3] DEBUG o.s.web.servlet.DispatcherServlet - Completed 200 OK
2026-03-16 16:54:44 [http-nio-8080-exec-10] DEBUG o.s.web.servlet.DispatcherServlet - GET "/ws/519/0jf40ko0/websocket", parameters={}
2026-03-16 16:54:44 [http-nio-8080-exec-10] DEBUG o.s.w.s.s.s.WebSocketHandlerMapping - Mapped to org.springframework.web.socket.sockjs.support.SockJsHttpRequestHandler@3d80b7ba
2026-03-16 16:54:44 [http-nio-8080-exec-10] DEBUG o.s.w.s.s.t.h.DefaultSockJsService - Processing transport request: GET http://localhost:8080/ws/519/0jf40ko0/websocket
2026-03-16 16:54:44 [http-nio-8080-exec-10] DEBUG o.s.web.servlet.DispatcherServlet - Completed 101 SWITCHING_PROTOCOLS
2026-03-16 16:54:44 [http-nio-8080-exec-10] DEBUG o.s.w.s.h.LoggingWebSocketHandlerDecorator - New WebSocketServerSockJsSession[id=0jf40ko0]
2026-03-16 16:54:44 [scheduling-1] DEBUG org.springframework.web.SimpLogging - Processing CONNECT session=0jf40ko0
2026-03-16 16:54:44 [scheduling-1] DEBUG org.springframework.web.SimpLogging - Processing SUBSCRIBE /topic/notices id=sub-0 session=0jf40ko0
2026-03-16 16:54:44 [scheduling-1] DEBUG org.springframework.web.SimpLogging - Processing SUBSCRIBE destination=/queue/notifications-user0jf40ko0 subscriptionId=sub-1 session=0jf40ko0 payload=byte[0]
2026-03-16 16:54:44 [scheduling-1] DEBUG org.springframework.web.SimpLogging - Processing SUBSCRIBE /topic/public id=sub-2 session=0jf40ko0
2026-03-16 16:54:44 [scheduling-1] DEBUG org.springframework.web.SimpLogging - Processing SUBSCRIBE /topic/dashboard/stats id=sub-4 session=0jf40ko0
2026-03-16 16:54:44 [scheduling-1] DEBUG org.springframework.web.SimpLogging - Processing SUBSCRIBE /topic/notifications id=sub-5 session=0jf40ko0
2026-03-16 16:54:44 [scheduling-1] DEBUG org.springframework.web.SimpLogging - Processing SUBSCRIBE destination=/queue/notifications-user0jf40ko0 subscriptionId=sub-6 session=0jf40ko0 payload=byte[0]
2026-03-16 16:54:44 [http-nio-8080-exec-3] DEBUG c.c.p.s.jwt.JwtAuthenticationFilter - >>> [JwtFilter] Processing request: GET /api/v1/admin/system/statistics/connect
2026-03-16 16:54:44 [http-nio-8080-exec-3] DEBUG c.c.p.s.jwt.JwtAuthenticationFilter - >>> [JwtFilter] Found token in header for path: /api/v1/admin/system/statistics/connect
2026-03-16 16:54:44 [http-nio-8080-exec-3] DEBUG o.s.orm.jpa.JpaTransactionManager - Creating new transaction with name [com.company.project.security.iam.CustomUserDetailsService.loadUserByUsername]: PROPAGATION_REQUIRED,ISOLATION_DEFAULT,readOnly
2026-03-16 16:54:44 [http-nio-8080-exec-3] DEBUG o.s.orm.jpa.JpaTransactionManager - Opened new EntityManager [SessionImpl(2022888986<open>)] for JPA transaction
2026-03-16 16:54:44 [http-nio-8080-exec-4] DEBUG o.s.orm.jpa.JpaTransactionManager - Exposing JPA transaction as JDBC [org.springframework.orm.jpa.vendor.HibernateJpaDialect$HibernateConnectionHandle@7eec6233]
2026-03-16 16:54:44 [http-nio-8080-exec-2] DEBUG o.s.orm.jpa.JpaTransactionManager - Exposing JPA transaction as JDBC [org.springframework.orm.jpa.vendor.HibernateJpaDialect$HibernateConnectionHandle@11a5cca1]
2026-03-16 16:54:44 [http-nio-8080-exec-9] DEBUG o.s.orm.jpa.JpaTransactionManager - Exposing JPA transaction as JDBC [org.springframework.orm.jpa.vendor.HibernateJpaDialect$HibernateConnectionHandle@7bcf8f8b]
2026-03-16 16:54:44 [http-nio-8080-exec-4] DEBUG o.s.orm.jpa.JpaTransactionManager - Found thread-bound EntityManager [SessionImpl(1965683152<open>)] for JPA transaction
2026-03-16 16:54:44 [http-nio-8080-exec-9] DEBUG o.s.orm.jpa.JpaTransactionManager - Found thread-bound EntityManager [SessionImpl(842808989<open>)] for JPA transaction
2026-03-16 16:54:44 [http-nio-8080-exec-2] DEBUG o.s.orm.jpa.JpaTransactionManager - Found thread-bound EntityManager [SessionImpl(1030756555<open>)] for JPA transaction
2026-03-16 16:54:44 [http-nio-8080-exec-4] DEBUG o.s.orm.jpa.JpaTransactionManager - Participating in existing transaction
2026-03-16 16:54:44 [http-nio-8080-exec-2] DEBUG o.s.orm.jpa.JpaTransactionManager - Participating in existing transaction
2026-03-16 16:54:44 [http-nio-8080-exec-9] DEBUG o.s.orm.jpa.JpaTransactionManager - Participating in existing transaction
2026-03-16 16:54:44 [http-nio-8080-exec-2] DEBUG org.hibernate.SQL - select u1_0.emplyr_id,u1_0.area_no,u1_0.brthdy,u1_0.chg_pwd_cnt,u1_0.frst_register_id,u1_0.frst_regist_pnttm,u1_0.detail_adres,u1_0.email_adres,u1_0.emplyr_sttus_code,u1_0.empl_no,u1_0.esntl_id,u1_0.fxnum,u1_0.group_id,u1_0.house_adres,u1_0.house_end_telno,u1_0.house_middle_telno,u1_0.ihidnum,u1_0.pstinst_code,u1_0.last_updusr_id,u1_0.last_updt_pnttm,u1_0.lock_at,u1_0.lock_cnt,u1_0.lock_last_pnttm,u1_0.mbtlnum,u1_0.ofcps_nm,u1_0.offm_telno,u1_0.orgnzt_id,u1_0.password,u1_0.password_cnsr,u1_0.password_hint,u1_0.chg_pwd_last_pnttm,u1_0.role,u1_0.sbscrb_de,u1_0.sexdstn_code,u1_0.crtfc_dn_value,u1_0.user_nm,u1_0.zip from nemplyrinfo u1_0 where u1_0.emplyr_id=?
2026-03-16 16:54:44 [http-nio-8080-exec-9] DEBUG org.hibernate.SQL - select u1_0.emplyr_id,u1_0.area_no,u1_0.brthdy,u1_0.chg_pwd_cnt,u1_0.frst_register_id,u1_0.frst_regist_pnttm,u1_0.detail_adres,u1_0.email_adres,u1_0.emplyr_sttus_code,u1_0.empl_no,u1_0.esntl_id,u1_0.fxnum,u1_0.group_id,u1_0.house_adres,u1_0.house_end_telno,u1_0.house_middle_telno,u1_0.ihidnum,u1_0.pstinst_code,u1_0.last_updusr_id,u1_0.last_updt_pnttm,u1_0.lock_at,u1_0.lock_cnt,u1_0.lock_last_pnttm,u1_0.mbtlnum,u1_0.ofcps_nm,u1_0.offm_telno,u1_0.orgnzt_id,u1_0.password,u1_0.password_cnsr,u1_0.password_hint,u1_0.chg_pwd_last_pnttm,u1_0.role,u1_0.sbscrb_de,u1_0.sexdstn_code,u1_0.crtfc_dn_value,u1_0.user_nm,u1_0.zip from nemplyrinfo u1_0 where u1_0.emplyr_id=?
2026-03-16 16:54:44 [http-nio-8080-exec-4] DEBUG org.hibernate.SQL - select u1_0.emplyr_id,u1_0.area_no,u1_0.brthdy,u1_0.chg_pwd_cnt,u1_0.frst_register_id,u1_0.frst_regist_pnttm,u1_0.detail_adres,u1_0.email_adres,u1_0.emplyr_sttus_code,u1_0.empl_no,u1_0.esntl_id,u1_0.fxnum,u1_0.group_id,u1_0.house_adres,u1_0.house_end_telno,u1_0.house_middle_telno,u1_0.ihidnum,u1_0.pstinst_code,u1_0.last_updusr_id,u1_0.last_updt_pnttm,u1_0.lock_at,u1_0.lock_cnt,u1_0.lock_last_pnttm,u1_0.mbtlnum,u1_0.ofcps_nm,u1_0.offm_telno,u1_0.orgnzt_id,u1_0.password,u1_0.password_cnsr,u1_0.password_hint,u1_0.chg_pwd_last_pnttm,u1_0.role,u1_0.sbscrb_de,u1_0.sexdstn_code,u1_0.crtfc_dn_value,u1_0.user_nm,u1_0.zip from nemplyrinfo u1_0 where u1_0.emplyr_id=?
2026-03-16 16:54:44 [http-nio-8080-exec-5] DEBUG o.s.orm.jpa.JpaTransactionManager - Exposing JPA transaction as JDBC [org.springframework.orm.jpa.vendor.HibernateJpaDialect$HibernateConnectionHandle@1e1a034a]
2026-03-16 16:54:44 [http-nio-8080-exec-5] DEBUG o.s.orm.jpa.JpaTransactionManager - Found thread-bound EntityManager [SessionImpl(2074640135<open>)] for JPA transaction
2026-03-16 16:54:44 [http-nio-8080-exec-5] DEBUG o.s.orm.jpa.JpaTransactionManager - Participating in existing transaction
2026-03-16 16:54:44 [http-nio-8080-exec-5] DEBUG org.hibernate.SQL - select u1_0.emplyr_id,u1_0.area_no,u1_0.brthdy,u1_0.chg_pwd_cnt,u1_0.frst_register_id,u1_0.frst_regist_pnttm,u1_0.detail_adres,u1_0.email_adres,u1_0.emplyr_sttus_code,u1_0.empl_no,u1_0.esntl_id,u1_0.fxnum,u1_0.group_id,u1_0.house_adres,u1_0.house_end_telno,u1_0.house_middle_telno,u1_0.ihidnum,u1_0.pstinst_code,u1_0.last_updusr_id,u1_0.last_updt_pnttm,u1_0.lock_at,u1_0.lock_cnt,u1_0.lock_last_pnttm,u1_0.mbtlnum,u1_0.ofcps_nm,u1_0.offm_telno,u1_0.orgnzt_id,u1_0.password,u1_0.password_cnsr,u1_0.password_hint,u1_0.chg_pwd_last_pnttm,u1_0.role,u1_0.sbscrb_de,u1_0.sexdstn_code,u1_0.crtfc_dn_value,u1_0.user_nm,u1_0.zip from nemplyrinfo u1_0 where u1_0.emplyr_id=?
2026-03-16 16:54:44 [http-nio-8080-exec-7] DEBUG o.s.orm.jpa.JpaTransactionManager - Found thread-bound EntityManager [SessionImpl(194679767<open>)] for JPA transaction
2026-03-16 16:54:44 [http-nio-8080-exec-7] DEBUG o.s.orm.jpa.JpaTransactionManager - Participating in existing transaction
2026-03-16 16:54:44 [http-nio-8080-exec-7] DEBUG org.hibernate.SQL - select p1_0.progrm_file_nm,p1_0.progrm_dc,p1_0.progrm_korean_nm,p1_0.progrm_stre_path,p1_0.url from nprogrmlist p1_0
2026-03-16 16:54:44 [http-nio-8080-exec-3] DEBUG o.s.orm.jpa.JpaTransactionManager - Exposing JPA transaction as JDBC [org.springframework.orm.jpa.vendor.HibernateJpaDialect$HibernateConnectionHandle@5f241f1d]
2026-03-16 16:54:44 [http-nio-8080-exec-3] DEBUG o.s.orm.jpa.JpaTransactionManager - Found thread-bound EntityManager [SessionImpl(2022888986<open>)] for JPA transaction
2026-03-16 16:54:44 [http-nio-8080-exec-3] DEBUG o.s.orm.jpa.JpaTransactionManager - Participating in existing transaction
2026-03-16 16:54:44 [http-nio-8080-exec-3] DEBUG org.hibernate.SQL - select u1_0.emplyr_id,u1_0.area_no,u1_0.brthdy,u1_0.chg_pwd_cnt,u1_0.frst_register_id,u1_0.frst_regist_pnttm,u1_0.detail_adres,u1_0.email_adres,u1_0.emplyr_sttus_code,u1_0.empl_no,u1_0.esntl_id,u1_0.fxnum,u1_0.group_id,u1_0.house_adres,u1_0.house_end_telno,u1_0.house_middle_telno,u1_0.ihidnum,u1_0.pstinst_code,u1_0.last_updusr_id,u1_0.last_updt_pnttm,u1_0.lock_at,u1_0.lock_cnt,u1_0.lock_last_pnttm,u1_0.mbtlnum,u1_0.ofcps_nm,u1_0.offm_telno,u1_0.orgnzt_id,u1_0.password,u1_0.password_cnsr,u1_0.password_hint,u1_0.chg_pwd_last_pnttm,u1_0.role,u1_0.sbscrb_de,u1_0.sexdstn_code,u1_0.crtfc_dn_value,u1_0.user_nm,u1_0.zip from nemplyrinfo u1_0 where u1_0.emplyr_id=?
2026-03-16 16:54:44 [http-nio-8080-exec-9] DEBUG o.s.orm.jpa.JpaTransactionManager - Found thread-bound EntityManager [SessionImpl(842808989<open>)] for JPA transaction
2026-03-16 16:54:44 [http-nio-8080-exec-9] DEBUG o.s.orm.jpa.JpaTransactionManager - Participating in existing transaction
2026-03-16 16:54:44 [http-nio-8080-exec-9] DEBUG org.hibernate.SQL - select ua1_0.scrty_dtrmn_trget_id,ua1_0.author_code,ua1_0.frst_register_id,ua1_0.frst_regist_pnttm,ua1_0.last_updusr_id,ua1_0.last_updt_pnttm,ua1_0.mber_ty_code from nemplyrscrtyestbs ua1_0 where ua1_0.scrty_dtrmn_trget_id=?
2026-03-16 16:54:44 [http-nio-8080-exec-4] DEBUG o.s.orm.jpa.JpaTransactionManager - Found thread-bound EntityManager [SessionImpl(1965683152<open>)] for JPA transaction
2026-03-16 16:54:44 [http-nio-8080-exec-4] DEBUG o.s.orm.jpa.JpaTransactionManager - Participating in existing transaction
2026-03-16 16:54:44 [http-nio-8080-exec-2] DEBUG o.s.orm.jpa.JpaTransactionManager - Found thread-bound EntityManager [SessionImpl(1030756555<open>)] for JPA transaction
2026-03-16 16:54:44 [http-nio-8080-exec-4] DEBUG org.hibernate.SQL - select ua1_0.scrty_dtrmn_trget_id,ua1_0.author_code,ua1_0.frst_register_id,ua1_0.frst_regist_pnttm,ua1_0.last_updusr_id,ua1_0.last_updt_pnttm,ua1_0.mber_ty_code from nemplyrscrtyestbs ua1_0 where ua1_0.scrty_dtrmn_trget_id=?
2026-03-16 16:54:44 [http-nio-8080-exec-2] DEBUG o.s.orm.jpa.JpaTransactionManager - Participating in existing transaction
2026-03-16 16:54:44 [http-nio-8080-exec-2] DEBUG org.hibernate.SQL - select ua1_0.scrty_dtrmn_trget_id,ua1_0.author_code,ua1_0.frst_register_id,ua1_0.frst_regist_pnttm,ua1_0.last_updusr_id,ua1_0.last_updt_pnttm,ua1_0.mber_ty_code from nemplyrscrtyestbs ua1_0 where ua1_0.scrty_dtrmn_trget_id=?
2026-03-16 16:54:44 [http-nio-8080-exec-5] DEBUG o.s.orm.jpa.JpaTransactionManager - Found thread-bound EntityManager [SessionImpl(2074640135<open>)] for JPA transaction
2026-03-16 16:54:44 [http-nio-8080-exec-5] DEBUG o.s.orm.jpa.JpaTransactionManager - Participating in existing transaction
2026-03-16 16:54:44 [http-nio-8080-exec-5] DEBUG org.hibernate.SQL - select ua1_0.scrty_dtrmn_trget_id,ua1_0.author_code,ua1_0.frst_register_id,ua1_0.frst_regist_pnttm,ua1_0.last_updusr_id,ua1_0.last_updt_pnttm,ua1_0.mber_ty_code from nemplyrscrtyestbs ua1_0 where ua1_0.scrty_dtrmn_trget_id=?
2026-03-16 16:54:45 [http-nio-8080-exec-7] DEBUG o.s.orm.jpa.JpaTransactionManager - Initiating transaction commit
2026-03-16 16:54:45 [http-nio-8080-exec-7] DEBUG o.s.orm.jpa.JpaTransactionManager - Committing JPA transaction on EntityManager [SessionImpl(194679767<open>)]
2026-03-16 16:54:45 [http-nio-8080-exec-3] DEBUG o.s.orm.jpa.JpaTransactionManager - Found thread-bound EntityManager [SessionImpl(2022888986<open>)] for JPA transaction
2026-03-16 16:54:45 [http-nio-8080-exec-3] DEBUG o.s.orm.jpa.JpaTransactionManager - Participating in existing transaction
2026-03-16 16:54:45 [http-nio-8080-exec-3] DEBUG org.hibernate.SQL - select ua1_0.scrty_dtrmn_trget_id,ua1_0.author_code,ua1_0.frst_register_id,ua1_0.frst_regist_pnttm,ua1_0.last_updusr_id,ua1_0.last_updt_pnttm,ua1_0.mber_ty_code from nemplyrscrtyestbs ua1_0 where ua1_0.scrty_dtrmn_trget_id=?
2026-03-16 16:54:45 [http-nio-8080-exec-4] DEBUG o.s.orm.jpa.JpaTransactionManager - Initiating transaction commit
2026-03-16 16:54:45 [http-nio-8080-exec-2] DEBUG o.s.orm.jpa.JpaTransactionManager - Initiating transaction commit
2026-03-16 16:54:45 [http-nio-8080-exec-9] DEBUG o.s.orm.jpa.JpaTransactionManager - Initiating transaction commit
2026-03-16 16:54:45 [http-nio-8080-exec-5] DEBUG o.s.orm.jpa.JpaTransactionManager - Initiating transaction commit
2026-03-16 16:54:45 [http-nio-8080-exec-2] DEBUG o.s.orm.jpa.JpaTransactionManager - Committing JPA transaction on EntityManager [SessionImpl(1030756555<open>)]
2026-03-16 16:54:45 [http-nio-8080-exec-4] DEBUG o.s.orm.jpa.JpaTransactionManager - Committing JPA transaction on EntityManager [SessionImpl(1965683152<open>)]
2026-03-16 16:54:45 [http-nio-8080-exec-9] DEBUG o.s.orm.jpa.JpaTransactionManager - Committing JPA transaction on EntityManager [SessionImpl(842808989<open>)]
2026-03-16 16:54:45 [http-nio-8080-exec-5] DEBUG o.s.orm.jpa.JpaTransactionManager - Committing JPA transaction on EntityManager [SessionImpl(2074640135<open>)]
2026-03-16 16:54:45 [http-nio-8080-exec-7] DEBUG o.s.orm.jpa.JpaTransactionManager - Closing JPA EntityManager [SessionImpl(194679767<open>)] after transaction
2026-03-16 16:54:45 [http-nio-8080-exec-7] INFO  c.c.p.a.c.menu.MenuController - getLeftMenu returned 5 items
2026-03-16 16:54:45 [http-nio-8080-exec-7] DEBUG o.s.w.s.m.m.a.HttpEntityMethodProcessor - Using 'application/json', given [application/json, text/plain, */*] and supported [application/json, application/*+json, application/yaml]
2026-03-16 16:54:45 [http-nio-8080-exec-7] TRACE o.s.w.s.m.m.a.HttpEntityMethodProcessor - Writing [ApiResponse[success=true, status=200, code=COMMON_001, message=Success, data={list=[com.company.project.service.menu.dto.MenuDto@568329ef, com.company.project.service.menu.dto.MenuDto@58a79066, com.company.project.service.menu.dto.MenuDto@6857e9fe, com.company.project.service.menu.dto.MenuDto@2974fbd9, com.company.project.service.menu.dto.MenuDto@66f77349]}, timestamp=2026-03-16T16:54:45.240606500]]
2026-03-16 16:54:45 [http-nio-8080-exec-7] INFO  c.c.p.a.i.OperationalAuditInterceptor - API Audit Log: URL=/api/v1/menu/left, User=webmaster, IP=127.0.0.1
2026-03-16 16:54:45 [http-nio-8080-exec-7] DEBUG o.s.web.servlet.DispatcherServlet - Completed 200 OK
2026-03-16 16:54:45 [http-nio-8080-exec-10] DEBUG c.c.p.s.jwt.JwtAuthenticationFilter - >>> [JwtFilter] Processing request: GET /api/v1/admin/system/statistics/bbs
2026-03-16 16:54:45 [http-nio-8080-exec-10] DEBUG c.c.p.s.jwt.JwtAuthenticationFilter - >>> [JwtFilter] Found token in header for path: /api/v1/admin/system/statistics/bbs
2026-03-16 16:54:45 [http-nio-8080-exec-10] DEBUG o.s.orm.jpa.JpaTransactionManager - Creating new transaction with name [com.company.project.security.iam.CustomUserDetailsService.loadUserByUsername]: PROPAGATION_REQUIRED,ISOLATION_DEFAULT,readOnly
2026-03-16 16:54:45 [http-nio-8080-exec-10] DEBUG o.s.orm.jpa.JpaTransactionManager - Opened new EntityManager [SessionImpl(1796939989<open>)] for JPA transaction
2026-03-16 16:54:45 [http-nio-8080-exec-3] DEBUG o.s.orm.jpa.JpaTransactionManager - Initiating transaction commit
2026-03-16 16:54:45 [http-nio-8080-exec-3] DEBUG o.s.orm.jpa.JpaTransactionManager - Committing JPA transaction on EntityManager [SessionImpl(2022888986<open>)]
2026-03-16 16:54:45 [http-nio-8080-exec-4] DEBUG o.s.orm.jpa.JpaTransactionManager - Closing JPA EntityManager [SessionImpl(1965683152<open>)] after transaction
2026-03-16 16:54:45 [http-nio-8080-exec-4] DEBUG c.c.p.s.jwt.JwtAuthenticationFilter - >>> [JwtFilter] Successfully authenticated user: USRCNFRM_99999999999, Authorities: [ROLE_ADMIN]
2026-03-16 16:54:45 [http-nio-8080-exec-4] DEBUG o.s.web.servlet.DispatcherServlet - GET "/api/v1/admin/system/banners/reflected", parameters={}
2026-03-16 16:54:45 [http-nio-8080-exec-4] TRACE o.s.w.s.m.m.a.RequestMappingHandlerMapping - Mapped to com.company.project.api.controller.system.content.banner.BannerApiController#getReflectedBanners()
2026-03-16 16:54:45 [http-nio-8080-exec-4] DEBUG o.s.orm.jpa.JpaTransactionManager - Creating new transaction with name [com.company.project.service.system.content.banner.BannerService.getReflectedBanners]: PROPAGATION_REQUIRED,ISOLATION_DEFAULT,readOnly
2026-03-16 16:54:45 [http-nio-8080-exec-4] DEBUG o.s.orm.jpa.JpaTransactionManager - Opened new EntityManager [SessionImpl(1983500499<open>)] for JPA transaction
2026-03-16 16:54:45 [http-nio-8080-exec-4] DEBUG o.s.orm.jpa.JpaTransactionManager - Exposing JPA transaction as JDBC [org.springframework.orm.jpa.vendor.HibernateJpaDialect$HibernateConnectionHandle@1ddc0cc4]
2026-03-16 16:54:45 [http-nio-8080-exec-4] DEBUG org.hibernate.SQL - select b1_0.banner_id,b1_0.banner_dc,b1_0.banner_image,b1_0.banner_image_file,b1_0.banner_nm,b1_0.frst_register_id,b1_0.frst_regist_pnttm,b1_0.last_updusr_id,b1_0.last_updt_pnttm,b1_0.link_url,b1_0.reflct_at,b1_0.sort_ordr from nbanner b1_0 where b1_0.reflct_at=? order by b1_0.sort_ordr
2026-03-16 16:54:45 [http-nio-8080-exec-2] DEBUG o.s.orm.jpa.JpaTransactionManager - Closing JPA EntityManager [SessionImpl(1030756555<open>)] after transaction
2026-03-16 16:54:45 [http-nio-8080-exec-9] DEBUG o.s.orm.jpa.JpaTransactionManager - Closing JPA EntityManager [SessionImpl(842808989<open>)] after transaction
2026-03-16 16:54:45 [http-nio-8080-exec-2] DEBUG c.c.p.s.jwt.JwtAuthenticationFilter - >>> [JwtFilter] Successfully authenticated user: USRCNFRM_99999999999, Authorities: [ROLE_ADMIN]
2026-03-16 16:54:45 [http-nio-8080-exec-9] DEBUG c.c.p.s.jwt.JwtAuthenticationFilter - >>> [JwtFilter] Successfully authenticated user: USRCNFRM_99999999999, Authorities: [ROLE_ADMIN]
2026-03-16 16:54:45 [http-nio-8080-exec-2] DEBUG o.s.web.servlet.DispatcherServlet - GET "/api/v1/notifications/unread-count", parameters={}
2026-03-16 16:54:45 [http-nio-8080-exec-9] DEBUG o.s.web.servlet.DispatcherServlet - GET "/api/v1/popups/active", parameters={}
2026-03-16 16:54:45 [http-nio-8080-exec-2] TRACE o.s.w.s.m.m.a.RequestMappingHandlerMapping - Mapped to com.company.project.api.controller.notification.NotificationController#getUnreadCount(UserDetails)
2026-03-16 16:54:45 [http-nio-8080-exec-9] TRACE o.s.w.s.m.m.a.RequestMappingHandlerMapping - Mapped to com.company.project.api.controller.system.content.popup.PopupController#getActivePopups()
2026-03-16 16:54:45 [http-nio-8080-exec-9] DEBUG o.s.orm.jpa.JpaTransactionManager - Creating new transaction with name [com.company.project.service.system.content.popup.PopupServiceImpl.getActivePopups]: PROPAGATION_REQUIRED,ISOLATION_DEFAULT,readOnly
2026-03-16 16:54:45 [http-nio-8080-exec-2] DEBUG o.s.orm.jpa.JpaTransactionManager - Creating new transaction with name [com.company.project.service.notification.NotificationService.getUnreadCount]: PROPAGATION_REQUIRED,ISOLATION_DEFAULT,readOnly
2026-03-16 16:54:45 [http-nio-8080-exec-9] DEBUG o.s.orm.jpa.JpaTransactionManager - Opened new EntityManager [SessionImpl(991232370<open>)] for JPA transaction
2026-03-16 16:54:45 [http-nio-8080-exec-2] DEBUG o.s.orm.jpa.JpaTransactionManager - Opened new EntityManager [SessionImpl(295226919<open>)] for JPA transaction
2026-03-16 16:54:45 [http-nio-8080-exec-2] DEBUG o.s.orm.jpa.JpaTransactionManager - Exposing JPA transaction as JDBC [org.springframework.orm.jpa.vendor.HibernateJpaDialect$HibernateConnectionHandle@14b6bc99]
2026-03-16 16:54:45 [http-nio-8080-exec-9] DEBUG o.s.orm.jpa.JpaTransactionManager - Exposing JPA transaction as JDBC [org.springframework.orm.jpa.vendor.HibernateJpaDialect$HibernateConnectionHandle@59c974fc]
2026-03-16 16:54:45 [http-nio-8080-exec-9] DEBUG org.hibernate.SQL - select p1_0.popup_id,p1_0.frst_register_id,p1_0.frst_regist_pnttm,p1_0.file_url,p1_0.ntce_at,p1_0.stopvew_setup_at,p1_0.last_updusr_id,p1_0.last_updt_pnttm,p1_0.ntce_bgnde,p1_0.ntce_endde,p1_0.popup_vrticl_lc,p1_0.popup_vrticl_size,p1_0.popup_sj_nm,p1_0.popup_width_lc,p1_0.popup_width_size from npopupmanage p1_0 where p1_0.ntce_at='Y' and ? between p1_0.ntce_bgnde and p1_0.ntce_endde
2026-03-16 16:54:45 [http-nio-8080-exec-2] DEBUG org.hibernate.SQL - select count(n1_0.ntcn_no) from n_user_notification n1_0 where n1_0.receiver_id=? and n1_0.is_read=?
2026-03-16 16:54:45 [http-nio-8080-exec-5] DEBUG o.s.orm.jpa.JpaTransactionManager - Closing JPA EntityManager [SessionImpl(2074640135<open>)] after transaction
2026-03-16 16:54:45 [http-nio-8080-exec-5] DEBUG c.c.p.s.jwt.JwtAuthenticationFilter - >>> [JwtFilter] Successfully authenticated user: USRCNFRM_99999999999, Authorities: [ROLE_ADMIN]
2026-03-16 16:54:45 [http-nio-8080-exec-5] DEBUG o.s.web.servlet.DispatcherServlet - GET "/api/v1/notifications", parameters={}
2026-03-16 16:54:45 [http-nio-8080-exec-5] TRACE o.s.w.s.m.m.a.RequestMappingHandlerMapping - Mapped to com.company.project.api.controller.notification.NotificationController#getMyNotifications(UserDetails)
2026-03-16 16:54:45 [http-nio-8080-exec-5] DEBUG o.s.orm.jpa.JpaTransactionManager - Creating new transaction with name [com.company.project.service.notification.NotificationService.getActiveNotifications]: PROPAGATION_REQUIRED,ISOLATION_DEFAULT,readOnly
2026-03-16 16:54:45 [http-nio-8080-exec-5] DEBUG o.s.orm.jpa.JpaTransactionManager - Opened new EntityManager [SessionImpl(2004179154<open>)] for JPA transaction
2026-03-16 16:54:45 [http-nio-8080-exec-5] DEBUG o.s.orm.jpa.JpaTransactionManager - Exposing JPA transaction as JDBC [org.springframework.orm.jpa.vendor.HibernateJpaDialect$HibernateConnectionHandle@53a92a]
2026-03-16 16:54:45 [http-nio-8080-exec-5] DEBUG o.s.orm.jpa.JpaTransactionManager - Found thread-bound EntityManager [SessionImpl(2004179154<open>)] for JPA transaction
2026-03-16 16:54:45 [http-nio-8080-exec-5] DEBUG o.s.orm.jpa.JpaTransactionManager - Participating in existing transaction
2026-03-16 16:54:45 [http-nio-8080-exec-5] DEBUG org.hibernate.SQL - select n1_0.ntcn_no,n1_0.frst_register_id,n1_0.frst_regist_pnttm,n1_0.is_read,n1_0.last_updusr_id,n1_0.last_updt_pnttm,n1_0.link_url,n1_0.ntcn_cn,n1_0.ntcn_sj,n1_0.receiver_id from n_user_notification n1_0
2026-03-16 16:54:45 [http-nio-8080-exec-10] DEBUG o.s.orm.jpa.JpaTransactionManager - Exposing JPA transaction as JDBC [org.springframework.orm.jpa.vendor.HibernateJpaDialect$HibernateConnectionHandle@66e8b585]
2026-03-16 16:54:45 [http-nio-8080-exec-3] DEBUG o.s.orm.jpa.JpaTransactionManager - Closing JPA EntityManager [SessionImpl(2022888986<open>)] after transaction
2026-03-16 16:54:45 [http-nio-8080-exec-10] DEBUG o.s.orm.jpa.JpaTransactionManager - Found thread-bound EntityManager [SessionImpl(1796939989<open>)] for JPA transaction
2026-03-16 16:54:45 [http-nio-8080-exec-10] DEBUG o.s.orm.jpa.JpaTransactionManager - Participating in existing transaction
2026-03-16 16:54:45 [http-nio-8080-exec-3] DEBUG c.c.p.s.jwt.JwtAuthenticationFilter - >>> [JwtFilter] Successfully authenticated user: USRCNFRM_99999999999, Authorities: [ROLE_ADMIN]
2026-03-16 16:54:45 [http-nio-8080-exec-10] DEBUG org.hibernate.SQL - select u1_0.emplyr_id,u1_0.area_no,u1_0.brthdy,u1_0.chg_pwd_cnt,u1_0.frst_register_id,u1_0.frst_regist_pnttm,u1_0.detail_adres,u1_0.email_adres,u1_0.emplyr_sttus_code,u1_0.empl_no,u1_0.esntl_id,u1_0.fxnum,u1_0.group_id,u1_0.house_adres,u1_0.house_end_telno,u1_0.house_middle_telno,u1_0.ihidnum,u1_0.pstinst_code,u1_0.last_updusr_id,u1_0.last_updt_pnttm,u1_0.lock_at,u1_0.lock_cnt,u1_0.lock_last_pnttm,u1_0.mbtlnum,u1_0.ofcps_nm,u1_0.offm_telno,u1_0.orgnzt_id,u1_0.password,u1_0.password_cnsr,u1_0.password_hint,u1_0.chg_pwd_last_pnttm,u1_0.role,u1_0.sbscrb_de,u1_0.sexdstn_code,u1_0.crtfc_dn_value,u1_0.user_nm,u1_0.zip from nemplyrinfo u1_0 where u1_0.emplyr_id=?
2026-03-16 16:54:45 [http-nio-8080-exec-3] DEBUG o.s.web.servlet.DispatcherServlet - GET "/api/v1/admin/system/statistics/connect?statsKind=SERVICE", parameters={masked}
2026-03-16 16:54:45 [http-nio-8080-exec-3] DEBUG o.s.w.s.h.SimpleUrlHandlerMapping - Mapped to ResourceHttpRequestHandler [classpath [META-INF/resources/], classpath [resources/], classpath [static/], classpath [public/], ServletContext [/]]
2026-03-16 16:54:45 [http-nio-8080-exec-3] DEBUG o.s.w.s.r.ResourceHttpRequestHandler - Resource not found
2026-03-16 16:54:45 [http-nio-8080-exec-3] DEBUG o.s.w.s.m.m.a.ExceptionHandlerExceptionResolver - Using @ExceptionHandler com.company.project.core.exception.GlobalExceptionHandler#handleException(Exception)
2026-03-16 16:54:45 [http-nio-8080-exec-3] ERROR c.c.p.c.e.GlobalExceptionHandler - >>> Internal Server Error: No static resource api/v1/admin/system/statistics/connect.
org.springframework.web.servlet.resource.NoResourceFoundException: No static resource api/v1/admin/system/statistics/connect.
	at org.springframework.web.servlet.resource.ResourceHttpRequestHandler.handleRequest(ResourceHttpRequestHandler.java:585)
	at org.springframework.web.servlet.mvc.HttpRequestHandlerAdapter.handle(HttpRequestHandlerAdapter.java:52)
	at org.springframework.web.servlet.DispatcherServlet.doDispatch(DispatcherServlet.java:1088)
	at org.springframework.web.servlet.DispatcherServlet.doService(DispatcherServlet.java:978)
	at org.springframework.web.servlet.FrameworkServlet.processRequest(FrameworkServlet.java:1014)
	at org.springframework.web.servlet.FrameworkServlet.doGet(FrameworkServlet.java:903)
	at jakarta.servlet.http.HttpServlet.service(HttpServlet.java:527)
	at org.springframework.web.servlet.FrameworkServlet.service(FrameworkServlet.java:885)
	at jakarta.servlet.http.HttpServlet.service(HttpServlet.java:614)
	at org.apache.catalina.core.ApplicationFilterChain.internalDoFilter(ApplicationFilterChain.java:195)
	at org.apache.catalina.core.ApplicationFilterChain.doFilter(ApplicationFilterChain.java:140)
	at org.apache.tomcat.websocket.server.WsFilter.doFilter(WsFilter.java:51)
	at org.apache.catalina.core.ApplicationFilterChain.internalDoFilter(ApplicationFilterChain.java:164)
	at org.apache.catalina.core.ApplicationFilterChain.doFilter(ApplicationFilterChain.java:140)
	at org.springframework.web.filter.CompositeFilter$VirtualFilterChain.doFilter(CompositeFilter.java:108)
	at org.springframework.security.web.FilterChainProxy.lambda$doFilterInternal$3(FilterChainProxy.java:231)
	at org.springframework.security.web.ObservationFilterChainDecorator$FilterObservation$SimpleFilterObservation.lambda$wrap$1(ObservationFilterChainDecorator.java:479)
	at org.springframework.security.web.ObservationFilterChainDecorator$AroundFilterObservation$SimpleAroundFilterObservation.lambda$wrap$1(ObservationFilterChainDecorator.java:340)
	at org.springframework.security.web.ObservationFilterChainDecorator.lambda$wrapSecured$0(ObservationFilterChainDecorator.java:82)
	at org.springframework.security.web.ObservationFilterChainDecorator$VirtualFilterChain.doFilter(ObservationFilterChainDecorator.java:128)
	at org.springframework.security.web.access.intercept.AuthorizationFilter.doFilter(AuthorizationFilter.java:101)
	at org.springframework.security.web.ObservationFilterChainDecorator$ObservationFilter.wrapFilter(ObservationFilterChainDecorator.java:240)
	at org.springframework.security.web.ObservationFilterChainDecorator$ObservationFilter.doFilter(ObservationFilterChainDecorator.java:227)
	at org.springframework.security.web.ObservationFilterChainDecorator$VirtualFilterChain.doFilter(ObservationFilterChainDecorator.java:137)
	at org.springframework.security.web.access.ExceptionTranslationFilter.doFilter(ExceptionTranslationFilter.java:126)
	at org.springframework.security.web.access.ExceptionTranslationFilter.doFilter(ExceptionTranslationFilter.java:120)
	at org.springframework.security.web.ObservationFilterChainDecorator$ObservationFilter.wrapFilter(ObservationFilterChainDecorator.java:240)
	at org.springframework.security.web.ObservationFilterChainDecorator$ObservationFilter.doFilter(ObservationFilterChainDecorator.java:227)
	at org.springframework.security.web.ObservationFilterChainDecorator$VirtualFilterChain.doFilter(ObservationFilterChainDecorator.java:137)
	at org.springframework.security.web.session.SessionManagementFilter.doFilter(SessionManagementFilter.java:131)
	at org.springframework.security.web.session.SessionManagementFilter.doFilter(SessionManagementFilter.java:85)
	at org.springframework.security.web.ObservationFilterChainDecorator$ObservationFilter.wrapFilter(ObservationFilterChainDecorator.java:240)
	at org.springframework.security.web.ObservationFilterChainDecorator$ObservationFilter.doFilter(ObservationFilterChainDecorator.java:227)
	at org.springframework.security.web.ObservationFilterChainDecorator$VirtualFilterChain.doFilter(ObservationFilterChainDecorator.java:137)
	at org.springframework.security.web.authentication.AnonymousAuthenticationFilter.doFilter(AnonymousAuthenticationFilter.java:100)
	at org.springframework.security.web.ObservationFilterChainDecorator$ObservationFilter.wrapFilter(ObservationFilterChainDecorator.java:240)
	at org.springframework.security.web.ObservationFilterChainDecorator$ObservationFilter.doFilter(ObservationFilterChainDecorator.java:227)
	at org.springframework.security.web.ObservationFilterChainDecorator$VirtualFilterChain.doFilter(ObservationFilterChainDecorator.java:137)
	at org.springframework.security.web.servletapi.SecurityContextHolderAwareRequestFilter.doFilter(SecurityContextHolderAwareRequestFilter.java:179)
	at org.springframework.security.web.ObservationFilterChainDecorator$ObservationFilter.wrapFilter(ObservationFilterChainDecorator.java:240)
	at org.springframework.security.web.ObservationFilterChainDecorator$ObservationFilter.doFilter(ObservationFilterChainDecorator.java:227)
	at org.springframework.security.web.ObservationFilterChainDecorator$VirtualFilterChain.doFilter(ObservationFilterChainDecorator.java:137)
	at org.springframework.security.web.savedrequest.RequestCacheAwareFilter.doFilter(RequestCacheAwareFilter.java:63)
	at org.springframework.security.web.ObservationFilterChainDecorator$ObservationFilter.wrapFilter(ObservationFilterChainDecorator.java:240)
	at org.springframework.security.web.ObservationFilterChainDecorator$ObservationFilter.doFilter(ObservationFilterChainDecorator.java:227)
	at org.springframework.security.web.ObservationFilterChainDecorator$VirtualFilterChain.doFilter(ObservationFilterChainDecorator.java:137)
	at com.company.project.security.jwt.JwtAuthenticationFilter.doFilterInternal(JwtAuthenticationFilter.java:52)
	at org.springframework.web.filter.OncePerRequestFilter.doFilter(OncePerRequestFilter.java:116)
	at org.springframework.security.web.ObservationFilterChainDecorator$ObservationFilter.wrapFilter(ObservationFilterChainDecorator.java:240)
	at org.springframework.security.web.ObservationFilterChainDecorator$ObservationFilter.doFilter(ObservationFilterChainDecorator.java:227)
	at org.springframework.security.web.ObservationFilterChainDecorator$VirtualFilterChain.doFilter(ObservationFilterChainDecorator.java:137)
	at org.springframework.security.web.authentication.logout.LogoutFilter.doFilter(LogoutFilter.java:107)
	at org.springframework.security.web.authentication.logout.LogoutFilter.doFilter(LogoutFilter.java:93)
	at org.springframework.security.web.ObservationFilterChainDecorator$ObservationFilter.wrapFilter(ObservationFilterChainDecorator.java:240)
	at org.springframework.security.web.ObservationFilterChainDecorator$ObservationFilter.doFilter(ObservationFilterChainDecorator.java:227)
	at org.springframework.security.web.ObservationFilterChainDecorator$VirtualFilterChain.doFilter(ObservationFilterChainDecorator.java:137)
	at org.springframework.web.filter.CorsFilter.doFilterInternal(CorsFilter.java:91)
	at org.springframework.web.filter.OncePerRequestFilter.doFilter(OncePerRequestFilter.java:116)
	at org.springframework.security.web.ObservationFilterChainDecorator$ObservationFilter.wrapFilter(ObservationFilterChainDecorator.java:240)
	at org.springframework.security.web.ObservationFilterChainDecorator$ObservationFilter.doFilter(ObservationFilterChainDecorator.java:227)
	at org.springframework.security.web.ObservationFilterChainDecorator$VirtualFilterChain.doFilter(ObservationFilterChainDecorator.java:137)
	at org.springframework.security.web.header.HeaderWriterFilter.doHeadersAfter(HeaderWriterFilter.java:90)
	at org.springframework.security.web.header.HeaderWriterFilter.doFilterInternal(HeaderWriterFilter.java:75)
	at org.springframework.web.filter.OncePerRequestFilter.doFilter(OncePerRequestFilter.java:116)
	at org.springframework.security.web.ObservationFilterChainDecorator$ObservationFilter.wrapFilter(ObservationFilterChainDecorator.java:240)
	at org.springframework.security.web.ObservationFilterChainDecorator$ObservationFilter.doFilter(ObservationFilterChainDecorator.java:227)
	at org.springframework.security.web.ObservationFilterChainDecorator$VirtualFilterChain.doFilter(ObservationFilterChainDecorator.java:137)
	at org.springframework.security.web.context.SecurityContextHolderFilter.doFilter(SecurityContextHolderFilter.java:82)
	at org.springframework.security.web.context.SecurityContextHolderFilter.doFilter(SecurityContextHolderFilter.java:69)
	at org.springframework.security.web.ObservationFilterChainDecorator$ObservationFilter.wrapFilter(ObservationFilterChainDecorator.java:240)
	at org.springframework.security.web.ObservationFilterChainDecorator$ObservationFilter.doFilter(ObservationFilterChainDecorator.java:227)
	at org.springframework.security.web.ObservationFilterChainDecorator$VirtualFilterChain.doFilter(ObservationFilterChainDecorator.java:137)
	at org.springframework.security.web.context.request.async.WebAsyncManagerIntegrationFilter.doFilterInternal(WebAsyncManagerIntegrationFilter.java:62)
	at org.springframework.web.filter.OncePerRequestFilter.doFilter(OncePerRequestFilter.java:116)
	at org.springframework.security.web.ObservationFilterChainDecorator$ObservationFilter.wrapFilter(ObservationFilterChainDecorator.java:240)
	at org.springframework.security.web.ObservationFilterChainDecorator$ObservationFilter.doFilter(ObservationFilterChainDecorator.java:227)
	at org.springframework.security.web.ObservationFilterChainDecorator$VirtualFilterChain.doFilter(ObservationFilterChainDecorator.java:137)
	at org.springframework.security.web.session.DisableEncodeUrlFilter.doFilterInternal(DisableEncodeUrlFilter.java:42)
	at org.springframework.web.filter.OncePerRequestFilter.doFilter(OncePerRequestFilter.java:116)
	at org.springframework.security.web.ObservationFilterChainDecorator$ObservationFilter.wrapFilter(ObservationFilterChainDecorator.java:240)
	at org.springframework.security.web.ObservationFilterChainDecorator$AroundFilterObservation$SimpleAroundFilterObservation.lambda$wrap$0(ObservationFilterChainDecorator.java:323)
	at org.springframework.security.web.ObservationFilterChainDecorator$ObservationFilter.doFilter(ObservationFilterChainDecorator.java:224)
	at org.springframework.security.web.ObservationFilterChainDecorator$VirtualFilterChain.doFilter(ObservationFilterChainDecorator.java:137)
	at org.springframework.security.web.FilterChainProxy.doFilterInternal(FilterChainProxy.java:233)
	at org.springframework.security.web.FilterChainProxy.doFilter(FilterChainProxy.java:191)
	at org.springframework.web.filter.CompositeFilter$VirtualFilterChain.doFilter(CompositeFilter.java:113)
	at org.springframework.web.servlet.handler.HandlerMappingIntrospector.lambda$createCacheFilter$3(HandlerMappingIntrospector.java:243)
	at org.springframework.web.filter.CompositeFilter$VirtualFilterChain.doFilter(CompositeFilter.java:113)
	at org.springframework.web.filter.CompositeFilter.doFilter(CompositeFilter.java:74)
	at org.springframework.security.config.annotation.web.configuration.WebMvcSecurityConfiguration$CompositeFilterChainProxy.doFilter(WebMvcSecurityConfiguration.java:238)
	at org.springframework.web.filter.DelegatingFilterProxy.invokeDelegate(DelegatingFilterProxy.java:362)
	at org.springframework.web.filter.DelegatingFilterProxy.doFilter(DelegatingFilterProxy.java:278)
	at org.apache.catalina.core.ApplicationFilterChain.internalDoFilter(ApplicationFilterChain.java:164)
	at org.apache.catalina.core.ApplicationFilterChain.doFilter(ApplicationFilterChain.java:140)
	at org.springframework.web.filter.RequestContextFilter.doFilterInternal(RequestContextFilter.java:100)
	at org.springframework.web.filter.OncePerRequestFilter.doFilter(OncePerRequestFilter.java:116)
	at org.apache.catalina.core.ApplicationFilterChain.internalDoFilter(ApplicationFilterChain.java:164)
	at org.apache.catalina.core.ApplicationFilterChain.doFilter(ApplicationFilterChain.java:140)
	at org.springframework.web.filter.FormContentFilter.doFilterInternal(FormContentFilter.java:93)
	at org.springframework.web.filter.OncePerRequestFilter.doFilter(OncePerRequestFilter.java:116)
	at org.apache.catalina.core.ApplicationFilterChain.internalDoFilter(ApplicationFilterChain.java:164)
	at org.apache.catalina.core.ApplicationFilterChain.doFilter(ApplicationFilterChain.java:140)
	at org.springframework.web.filter.ServerHttpObservationFilter.doFilterInternal(ServerHttpObservationFilter.java:114)
	at org.springframework.web.filter.OncePerRequestFilter.doFilter(OncePerRequestFilter.java:116)
	at org.apache.catalina.core.ApplicationFilterChain.internalDoFilter(ApplicationFilterChain.java:164)
	at org.apache.catalina.core.ApplicationFilterChain.doFilter(ApplicationFilterChain.java:140)
	at org.springframework.web.filter.CharacterEncodingFilter.doFilterInternal(CharacterEncodingFilter.java:201)
	at org.springframework.web.filter.OncePerRequestFilter.doFilter(OncePerRequestFilter.java:116)
	at org.apache.catalina.core.ApplicationFilterChain.internalDoFilter(ApplicationFilterChain.java:164)
	at org.apache.catalina.core.ApplicationFilterChain.doFilter(ApplicationFilterChain.java:140)
	at org.apache.catalina.core.StandardWrapperValve.invoke(StandardWrapperValve.java:167)
	at org.apache.catalina.core.StandardContextValve.invoke(StandardContextValve.java:90)
	at org.apache.catalina.authenticator.AuthenticatorBase.invoke(AuthenticatorBase.java:483)
	at org.apache.catalina.core.StandardHostValve.invoke(StandardHostValve.java:115)
	at org.apache.catalina.valves.ErrorReportValve.invoke(ErrorReportValve.java:93)
	at org.apache.catalina.core.StandardEngineValve.invoke(StandardEngineValve.java:74)
	at org.apache.catalina.connector.CoyoteAdapter.service(CoyoteAdapter.java:344)
	at org.apache.coyote.http11.Http11Processor.service(Http11Processor.java:397)
	at org.apache.coyote.AbstractProcessorLight.process(AbstractProcessorLight.java:63)
	at org.apache.coyote.AbstractProtocol$ConnectionHandler.process(AbstractProtocol.java:905)
	at org.apache.tomcat.util.net.NioEndpoint$SocketProcessor.doRun(NioEndpoint.java:1741)
	at org.apache.tomcat.util.net.SocketProcessorBase.run(SocketProcessorBase.java:52)
	at org.apache.tomcat.util.threads.ThreadPoolExecutor.runWorker(ThreadPoolExecutor.java:1190)
	at org.apache.tomcat.util.threads.ThreadPoolExecutor$Worker.run(ThreadPoolExecutor.java:659)
	at org.apache.tomcat.util.threads.TaskThread$WrappingRunnable.run(TaskThread.java:63)
	at java.base/java.lang.Thread.run(Thread.java:1583)
2026-03-16 16:54:45 [http-nio-8080-exec-3] DEBUG o.s.w.s.m.m.a.HttpEntityMethodProcessor - Using 'application/json', given [application/json, text/plain, */*] and supported [application/json, application/*+json, application/yaml]
2026-03-16 16:54:45 [http-nio-8080-exec-3] TRACE o.s.w.s.m.m.a.HttpEntityMethodProcessor - Writing [ApiResponse[success=false, status=500, code=C004, message=예기치 않은 서버 오류가 발생했습니다., data=null, timestamp=2026-03-16T16:54:45.412635800]]
2026-03-16 16:54:45 [http-nio-8080-exec-3] DEBUG o.s.w.s.m.m.a.ExceptionHandlerExceptionResolver - Resolved [org.springframework.web.servlet.resource.NoResourceFoundException: No static resource api/v1/admin/system/statistics/connect.]
2026-03-16 16:54:45 [http-nio-8080-exec-3] DEBUG o.s.web.servlet.DispatcherServlet - Completed 500 INTERNAL_SERVER_ERROR
2026-03-16 16:54:45 [http-nio-8080-exec-1] DEBUG c.c.p.s.jwt.JwtAuthenticationFilter - >>> [JwtFilter] Processing request: GET /api/v1/menu/left
2026-03-16 16:54:45 [http-nio-8080-exec-1] DEBUG c.c.p.s.jwt.JwtAuthenticationFilter - >>> [JwtFilter] Found token in header for path: /api/v1/menu/left
2026-03-16 16:54:45 [http-nio-8080-exec-1] DEBUG o.s.orm.jpa.JpaTransactionManager - Creating new transaction with name [com.company.project.security.iam.CustomUserDetailsService.loadUserByUsername]: PROPAGATION_REQUIRED,ISOLATION_DEFAULT,readOnly
2026-03-16 16:54:45 [http-nio-8080-exec-1] DEBUG o.s.orm.jpa.JpaTransactionManager - Opened new EntityManager [SessionImpl(1028744751<open>)] for JPA transaction
2026-03-16 16:54:45 [http-nio-8080-exec-4] DEBUG o.s.orm.jpa.JpaTransactionManager - Initiating transaction commit
2026-03-16 16:54:45 [http-nio-8080-exec-4] DEBUG o.s.orm.jpa.JpaTransactionManager - Committing JPA transaction on EntityManager [SessionImpl(1983500499<open>)]
2026-03-16 16:54:45 [http-nio-8080-exec-2] DEBUG o.s.orm.jpa.JpaTransactionManager - Initiating transaction commit
2026-03-16 16:54:45 [http-nio-8080-exec-2] DEBUG o.s.orm.jpa.JpaTransactionManager - Committing JPA transaction on EntityManager [SessionImpl(295226919<open>)]
2026-03-16 16:54:45 [http-nio-8080-exec-9] DEBUG o.s.orm.jpa.JpaTransactionManager - Initiating transaction commit
2026-03-16 16:54:45 [http-nio-8080-exec-9] DEBUG o.s.orm.jpa.JpaTransactionManager - Committing JPA transaction on EntityManager [SessionImpl(991232370<open>)]
2026-03-16 16:54:45 [http-nio-8080-exec-5] DEBUG o.s.orm.jpa.JpaTransactionManager - Initiating transaction commit
2026-03-16 16:54:45 [http-nio-8080-exec-5] DEBUG o.s.orm.jpa.JpaTransactionManager - Committing JPA transaction on EntityManager [SessionImpl(2004179154<open>)]
2026-03-16 16:54:45 [http-nio-8080-exec-10] DEBUG o.s.orm.jpa.JpaTransactionManager - Found thread-bound EntityManager [SessionImpl(1796939989<open>)] for JPA transaction
2026-03-16 16:54:45 [http-nio-8080-exec-10] DEBUG o.s.orm.jpa.JpaTransactionManager - Participating in existing transaction
2026-03-16 16:54:45 [http-nio-8080-exec-10] DEBUG org.hibernate.SQL - select ua1_0.scrty_dtrmn_trget_id,ua1_0.author_code,ua1_0.frst_register_id,ua1_0.frst_regist_pnttm,ua1_0.last_updusr_id,ua1_0.last_updt_pnttm,ua1_0.mber_ty_code from nemplyrscrtyestbs ua1_0 where ua1_0.scrty_dtrmn_trget_id=?
2026-03-16 16:54:45 [http-nio-8080-exec-1] DEBUG o.s.orm.jpa.JpaTransactionManager - Exposing JPA transaction as JDBC [org.springframework.orm.jpa.vendor.HibernateJpaDialect$HibernateConnectionHandle@1246962a]
2026-03-16 16:54:45 [http-nio-8080-exec-1] DEBUG o.s.orm.jpa.JpaTransactionManager - Found thread-bound EntityManager [SessionImpl(1028744751<open>)] for JPA transaction
2026-03-16 16:54:45 [http-nio-8080-exec-1] DEBUG o.s.orm.jpa.JpaTransactionManager - Participating in existing transaction
2026-03-16 16:54:45 [http-nio-8080-exec-1] DEBUG org.hibernate.SQL - select u1_0.emplyr_id,u1_0.area_no,u1_0.brthdy,u1_0.chg_pwd_cnt,u1_0.frst_register_id,u1_0.frst_regist_pnttm,u1_0.detail_adres,u1_0.email_adres,u1_0.emplyr_sttus_code,u1_0.empl_no,u1_0.esntl_id,u1_0.fxnum,u1_0.group_id,u1_0.house_adres,u1_0.house_end_telno,u1_0.house_middle_telno,u1_0.ihidnum,u1_0.pstinst_code,u1_0.last_updusr_id,u1_0.last_updt_pnttm,u1_0.lock_at,u1_0.lock_cnt,u1_0.lock_last_pnttm,u1_0.mbtlnum,u1_0.ofcps_nm,u1_0.offm_telno,u1_0.orgnzt_id,u1_0.password,u1_0.password_cnsr,u1_0.password_hint,u1_0.chg_pwd_last_pnttm,u1_0.role,u1_0.sbscrb_de,u1_0.sexdstn_code,u1_0.crtfc_dn_value,u1_0.user_nm,u1_0.zip from nemplyrinfo u1_0 where u1_0.emplyr_id=?
2026-03-16 16:54:45 [http-nio-8080-exec-4] DEBUG o.s.orm.jpa.JpaTransactionManager - Closing JPA EntityManager [SessionImpl(1983500499<open>)] after transaction
2026-03-16 16:54:45 [http-nio-8080-exec-4] DEBUG o.s.w.s.m.m.a.HttpEntityMethodProcessor - Using 'application/json', given [application/json, text/plain, */*] and supported [application/json, application/*+json, application/yaml]
2026-03-16 16:54:45 [http-nio-8080-exec-4] TRACE o.s.w.s.m.m.a.HttpEntityMethodProcessor - Writing [ApiResponse[success=true, status=200, code=COMMON_001, message=Success, data=[], timestamp=2026-03-16T16:54:45.582694400]]
2026-03-16 16:54:45 [http-nio-8080-exec-2] DEBUG o.s.orm.jpa.JpaTransactionManager - Closing JPA EntityManager [SessionImpl(295226919<open>)] after transaction
2026-03-16 16:54:45 [http-nio-8080-exec-4] INFO  c.c.p.a.i.OperationalAuditInterceptor - API Audit Log: URL=/api/v1/admin/system/banners/reflected, User=webmaster, IP=127.0.0.1
2026-03-16 16:54:45 [http-nio-8080-exec-4] DEBUG o.s.web.servlet.DispatcherServlet - Completed 200 OK
2026-03-16 16:54:45 [http-nio-8080-exec-2] DEBUG o.s.w.s.m.m.a.HttpEntityMethodProcessor - Using 'application/json', given [application/json, text/plain, */*] and supported [application/json, application/*+json, application/yaml]
2026-03-16 16:54:45 [http-nio-8080-exec-2] TRACE o.s.w.s.m.m.a.HttpEntityMethodProcessor - Writing [ApiResponse[success=true, status=200, code=COMMON_001, message=Success, data=0, timestamp=2026-03-16T16:54:45.582694400]]
2026-03-16 16:54:45 [http-nio-8080-exec-2] INFO  c.c.p.a.i.OperationalAuditInterceptor - API Audit Log: URL=/api/v1/notifications/unread-count, User=webmaster, IP=127.0.0.1
2026-03-16 16:54:45 [http-nio-8080-exec-2] DEBUG o.s.web.servlet.DispatcherServlet - Completed 200 OK
2026-03-16 16:54:45 [http-nio-8080-exec-9] DEBUG o.s.orm.jpa.JpaTransactionManager - Closing JPA EntityManager [SessionImpl(991232370<open>)] after transaction
2026-03-16 16:54:45 [http-nio-8080-exec-9] DEBUG o.s.w.s.m.m.a.HttpEntityMethodProcessor - Using 'application/json', given [application/json, text/plain, */*] and supported [application/json, application/*+json, application/yaml]
2026-03-16 16:54:45 [http-nio-8080-exec-9] TRACE o.s.w.s.m.m.a.HttpEntityMethodProcessor - Writing [ApiResponse[success=true, status=200, code=COMMON_001, message=Success, data=[], timestamp=2026-03-16T16:54:45.586700900]]
2026-03-16 16:54:45 [http-nio-8080-exec-9] INFO  c.c.p.a.i.OperationalAuditInterceptor - API Audit Log: URL=/api/v1/popups/active, User=webmaster, IP=127.0.0.1
2026-03-16 16:54:45 [http-nio-8080-exec-9] DEBUG o.s.web.servlet.DispatcherServlet - Completed 200 OK
2026-03-16 16:54:45 [http-nio-8080-exec-8] DEBUG c.c.p.s.jwt.JwtAuthenticationFilter - >>> [JwtFilter] Processing request: GET /api/v1/admin/system/banners/reflected
2026-03-16 16:54:45 [http-nio-8080-exec-6] DEBUG c.c.p.s.jwt.JwtAuthenticationFilter - >>> [JwtFilter] Processing request: GET /api/v1/notifications/unread-count
2026-03-16 16:54:45 [http-nio-8080-exec-8] DEBUG c.c.p.s.jwt.JwtAuthenticationFilter - >>> [JwtFilter] Found token in header for path: /api/v1/admin/system/banners/reflected
2026-03-16 16:54:45 [http-nio-8080-exec-6] DEBUG c.c.p.s.jwt.JwtAuthenticationFilter - >>> [JwtFilter] Found token in header for path: /api/v1/notifications/unread-count
2026-03-16 16:54:45 [http-nio-8080-exec-6] DEBUG o.s.orm.jpa.JpaTransactionManager - Creating new transaction with name [com.company.project.security.iam.CustomUserDetailsService.loadUserByUsername]: PROPAGATION_REQUIRED,ISOLATION_DEFAULT,readOnly
2026-03-16 16:54:45 [http-nio-8080-exec-8] DEBUG o.s.orm.jpa.JpaTransactionManager - Creating new transaction with name [com.company.project.security.iam.CustomUserDetailsService.loadUserByUsername]: PROPAGATION_REQUIRED,ISOLATION_DEFAULT,readOnly
2026-03-16 16:54:45 [http-nio-8080-exec-6] DEBUG o.s.orm.jpa.JpaTransactionManager - Opened new EntityManager [SessionImpl(48618063<open>)] for JPA transaction
2026-03-16 16:54:45 [http-nio-8080-exec-8] DEBUG o.s.orm.jpa.JpaTransactionManager - Opened new EntityManager [SessionImpl(176887633<open>)] for JPA transaction
2026-03-16 16:54:45 [http-nio-8080-exec-7] DEBUG c.c.p.s.jwt.JwtAuthenticationFilter - >>> [JwtFilter] Processing request: GET /api/v1/popups/active
2026-03-16 16:54:45 [http-nio-8080-exec-7] DEBUG c.c.p.s.jwt.JwtAuthenticationFilter - >>> [JwtFilter] Found token in header for path: /api/v1/popups/active
2026-03-16 16:54:45 [http-nio-8080-exec-7] DEBUG o.s.orm.jpa.JpaTransactionManager - Creating new transaction with name [com.company.project.security.iam.CustomUserDetailsService.loadUserByUsername]: PROPAGATION_REQUIRED,ISOLATION_DEFAULT,readOnly
2026-03-16 16:54:45 [http-nio-8080-exec-5] DEBUG o.s.orm.jpa.JpaTransactionManager - Closing JPA EntityManager [SessionImpl(2004179154<open>)] after transaction
2026-03-16 16:54:45 [http-nio-8080-exec-7] DEBUG o.s.orm.jpa.JpaTransactionManager - Opened new EntityManager [SessionImpl(37219153<open>)] for JPA transaction
2026-03-16 16:54:45 [http-nio-8080-exec-7] DEBUG o.s.orm.jpa.JpaTransactionManager - Exposing JPA transaction as JDBC [org.springframework.orm.jpa.vendor.HibernateJpaDialect$HibernateConnectionHandle@55f8eaf0]
2026-03-16 16:54:45 [http-nio-8080-exec-7] DEBUG o.s.orm.jpa.JpaTransactionManager - Found thread-bound EntityManager [SessionImpl(37219153<open>)] for JPA transaction
2026-03-16 16:54:45 [http-nio-8080-exec-7] DEBUG o.s.orm.jpa.JpaTransactionManager - Participating in existing transaction
2026-03-16 16:54:45 [http-nio-8080-exec-7] DEBUG org.hibernate.SQL - select u1_0.emplyr_id,u1_0.area_no,u1_0.brthdy,u1_0.chg_pwd_cnt,u1_0.frst_register_id,u1_0.frst_regist_pnttm,u1_0.detail_adres,u1_0.email_adres,u1_0.emplyr_sttus_code,u1_0.empl_no,u1_0.esntl_id,u1_0.fxnum,u1_0.group_id,u1_0.house_adres,u1_0.house_end_telno,u1_0.house_middle_telno,u1_0.ihidnum,u1_0.pstinst_code,u1_0.last_updusr_id,u1_0.last_updt_pnttm,u1_0.lock_at,u1_0.lock_cnt,u1_0.lock_last_pnttm,u1_0.mbtlnum,u1_0.ofcps_nm,u1_0.offm_telno,u1_0.orgnzt_id,u1_0.password,u1_0.password_cnsr,u1_0.password_hint,u1_0.chg_pwd_last_pnttm,u1_0.role,u1_0.sbscrb_de,u1_0.sexdstn_code,u1_0.crtfc_dn_value,u1_0.user_nm,u1_0.zip from nemplyrinfo u1_0 where u1_0.emplyr_id=?
2026-03-16 16:54:45 [http-nio-8080-exec-5] DEBUG o.s.w.s.m.m.a.HttpEntityMethodProcessor - Using 'application/json', given [application/json, text/plain, */*] and supported [application/json, application/*+json, application/yaml]
2026-03-16 16:54:45 [http-nio-8080-exec-5] TRACE o.s.w.s.m.m.a.HttpEntityMethodProcessor - Writing [ApiResponse[success=true, status=200, code=COMMON_001, message=Success, data=[NotificationDto(ntfcNo=NT001, ntfcSj=테스트 알림입니다, ntfcCn=알림 내용입니다, ntfcDate=null, ntfcTime=2026-02-25T00:59:33.784070, bhNtfcIntrvl=null, uniqId=null, frstRegisterId=null, frstRegisterPnttm=2026-02-25T00:59:33.784070, lastUpdusrId=null, lastUpdusrPnttm=null)], timestamp=2026-03-16T16:54:45.604282500]]
2026-03-16 16:54:45 [http-nio-8080-exec-5] INFO  c.c.p.a.i.OperationalAuditInterceptor - API Audit Log: URL=/api/v1/notifications, User=webmaster, IP=127.0.0.1
2026-03-16 16:54:45 [http-nio-8080-exec-5] DEBUG o.s.web.servlet.DispatcherServlet - Completed 200 OK
2026-03-16 16:54:45 [http-nio-8080-exec-3] DEBUG c.c.p.s.jwt.JwtAuthenticationFilter - >>> [JwtFilter] Processing request: GET /api/v1/notifications
2026-03-16 16:54:45 [http-nio-8080-exec-3] DEBUG c.c.p.s.jwt.JwtAuthenticationFilter - >>> [JwtFilter] Found token in header for path: /api/v1/notifications
2026-03-16 16:54:45 [http-nio-8080-exec-3] DEBUG o.s.orm.jpa.JpaTransactionManager - Creating new transaction with name [com.company.project.security.iam.CustomUserDetailsService.loadUserByUsername]: PROPAGATION_REQUIRED,ISOLATION_DEFAULT,readOnly
2026-03-16 16:54:45 [http-nio-8080-exec-3] DEBUG o.s.orm.jpa.JpaTransactionManager - Opened new EntityManager [SessionImpl(1057562182<open>)] for JPA transaction
2026-03-16 16:54:45 [http-nio-8080-exec-3] DEBUG o.s.orm.jpa.JpaTransactionManager - Exposing JPA transaction as JDBC [org.springframework.orm.jpa.vendor.HibernateJpaDialect$HibernateConnectionHandle@2f21dd93]
2026-03-16 16:54:45 [http-nio-8080-exec-3] DEBUG o.s.orm.jpa.JpaTransactionManager - Found thread-bound EntityManager [SessionImpl(1057562182<open>)] for JPA transaction
2026-03-16 16:54:45 [http-nio-8080-exec-3] DEBUG o.s.orm.jpa.JpaTransactionManager - Participating in existing transaction
2026-03-16 16:54:45 [http-nio-8080-exec-3] DEBUG org.hibernate.SQL - select u1_0.emplyr_id,u1_0.area_no,u1_0.brthdy,u1_0.chg_pwd_cnt,u1_0.frst_register_id,u1_0.frst_regist_pnttm,u1_0.detail_adres,u1_0.email_adres,u1_0.emplyr_sttus_code,u1_0.empl_no,u1_0.esntl_id,u1_0.fxnum,u1_0.group_id,u1_0.house_adres,u1_0.house_end_telno,u1_0.house_middle_telno,u1_0.ihidnum,u1_0.pstinst_code,u1_0.last_updusr_id,u1_0.last_updt_pnttm,u1_0.lock_at,u1_0.lock_cnt,u1_0.lock_last_pnttm,u1_0.mbtlnum,u1_0.ofcps_nm,u1_0.offm_telno,u1_0.orgnzt_id,u1_0.password,u1_0.password_cnsr,u1_0.password_hint,u1_0.chg_pwd_last_pnttm,u1_0.role,u1_0.sbscrb_de,u1_0.sexdstn_code,u1_0.crtfc_dn_value,u1_0.user_nm,u1_0.zip from nemplyrinfo u1_0 where u1_0.emplyr_id=?
2026-03-16 16:54:45 [http-nio-8080-exec-10] DEBUG o.s.orm.jpa.JpaTransactionManager - Initiating transaction commit
2026-03-16 16:54:45 [http-nio-8080-exec-1] DEBUG o.s.orm.jpa.JpaTransactionManager - Found thread-bound EntityManager [SessionImpl(1028744751<open>)] for JPA transaction
2026-03-16 16:54:45 [http-nio-8080-exec-10] DEBUG o.s.orm.jpa.JpaTransactionManager - Committing JPA transaction on EntityManager [SessionImpl(1796939989<open>)]
2026-03-16 16:54:45 [http-nio-8080-exec-1] DEBUG o.s.orm.jpa.JpaTransactionManager - Participating in existing transaction
2026-03-16 16:54:45 [http-nio-8080-exec-1] DEBUG org.hibernate.SQL - select ua1_0.scrty_dtrmn_trget_id,ua1_0.author_code,ua1_0.frst_register_id,ua1_0.frst_regist_pnttm,ua1_0.last_updusr_id,ua1_0.last_updt_pnttm,ua1_0.mber_ty_code from nemplyrscrtyestbs ua1_0 where ua1_0.scrty_dtrmn_trget_id=?
2026-03-16 16:54:45 [http-nio-8080-exec-8] DEBUG o.s.orm.jpa.JpaTransactionManager - Exposing JPA transaction as JDBC [org.springframework.orm.jpa.vendor.HibernateJpaDialect$HibernateConnectionHandle@76441978]
2026-03-16 16:54:45 [http-nio-8080-exec-8] DEBUG o.s.orm.jpa.JpaTransactionManager - Found thread-bound EntityManager [SessionImpl(176887633<open>)] for JPA transaction
2026-03-16 16:54:45 [http-nio-8080-exec-8] DEBUG o.s.orm.jpa.JpaTransactionManager - Participating in existing transaction
2026-03-16 16:54:45 [http-nio-8080-exec-8] DEBUG org.hibernate.SQL - select u1_0.emplyr_id,u1_0.area_no,u1_0.brthdy,u1_0.chg_pwd_cnt,u1_0.frst_register_id,u1_0.frst_regist_pnttm,u1_0.detail_adres,u1_0.email_adres,u1_0.emplyr_sttus_code,u1_0.empl_no,u1_0.esntl_id,u1_0.fxnum,u1_0.group_id,u1_0.house_adres,u1_0.house_end_telno,u1_0.house_middle_telno,u1_0.ihidnum,u1_0.pstinst_code,u1_0.last_updusr_id,u1_0.last_updt_pnttm,u1_0.lock_at,u1_0.lock_cnt,u1_0.lock_last_pnttm,u1_0.mbtlnum,u1_0.ofcps_nm,u1_0.offm_telno,u1_0.orgnzt_id,u1_0.password,u1_0.password_cnsr,u1_0.password_hint,u1_0.chg_pwd_last_pnttm,u1_0.role,u1_0.sbscrb_de,u1_0.sexdstn_code,u1_0.crtfc_dn_value,u1_0.user_nm,u1_0.zip from nemplyrinfo u1_0 where u1_0.emplyr_id=?
2026-03-16 16:54:45 [http-nio-8080-exec-6] DEBUG o.s.orm.jpa.JpaTransactionManager - Exposing JPA transaction as JDBC [org.springframework.orm.jpa.vendor.HibernateJpaDialect$HibernateConnectionHandle@1e62d149]
2026-03-16 16:54:45 [http-nio-8080-exec-6] DEBUG o.s.orm.jpa.JpaTransactionManager - Found thread-bound EntityManager [SessionImpl(48618063<open>)] for JPA transaction
2026-03-16 16:54:45 [http-nio-8080-exec-6] DEBUG o.s.orm.jpa.JpaTransactionManager - Participating in existing transaction
2026-03-16 16:54:45 [http-nio-8080-exec-6] DEBUG org.hibernate.SQL - select u1_0.emplyr_id,u1_0.area_no,u1_0.brthdy,u1_0.chg_pwd_cnt,u1_0.frst_register_id,u1_0.frst_regist_pnttm,u1_0.detail_adres,u1_0.email_adres,u1_0.emplyr_sttus_code,u1_0.empl_no,u1_0.esntl_id,u1_0.fxnum,u1_0.group_id,u1_0.house_adres,u1_0.house_end_telno,u1_0.house_middle_telno,u1_0.ihidnum,u1_0.pstinst_code,u1_0.last_updusr_id,u1_0.last_updt_pnttm,u1_0.lock_at,u1_0.lock_cnt,u1_0.lock_last_pnttm,u1_0.mbtlnum,u1_0.ofcps_nm,u1_0.offm_telno,u1_0.orgnzt_id,u1_0.password,u1_0.password_cnsr,u1_0.password_hint,u1_0.chg_pwd_last_pnttm,u1_0.role,u1_0.sbscrb_de,u1_0.sexdstn_code,u1_0.crtfc_dn_value,u1_0.user_nm,u1_0.zip from nemplyrinfo u1_0 where u1_0.emplyr_id=?
2026-03-16 16:54:45 [http-nio-8080-exec-7] DEBUG o.s.orm.jpa.JpaTransactionManager - Found thread-bound EntityManager [SessionImpl(37219153<open>)] for JPA transaction
2026-03-16 16:54:45 [http-nio-8080-exec-7] DEBUG o.s.orm.jpa.JpaTransactionManager - Participating in existing transaction
2026-03-16 16:54:45 [http-nio-8080-exec-7] DEBUG org.hibernate.SQL - select ua1_0.scrty_dtrmn_trget_id,ua1_0.author_code,ua1_0.frst_register_id,ua1_0.frst_regist_pnttm,ua1_0.last_updusr_id,ua1_0.last_updt_pnttm,ua1_0.mber_ty_code from nemplyrscrtyestbs ua1_0 where ua1_0.scrty_dtrmn_trget_id=?
2026-03-16 16:54:45 [http-nio-8080-exec-3] DEBUG o.s.orm.jpa.JpaTransactionManager - Found thread-bound EntityManager [SessionImpl(1057562182<open>)] for JPA transaction
2026-03-16 16:54:45 [http-nio-8080-exec-3] DEBUG o.s.orm.jpa.JpaTransactionManager - Participating in existing transaction
2026-03-16 16:54:45 [http-nio-8080-exec-3] DEBUG org.hibernate.SQL - select ua1_0.scrty_dtrmn_trget_id,ua1_0.author_code,ua1_0.frst_register_id,ua1_0.frst_regist_pnttm,ua1_0.last_updusr_id,ua1_0.last_updt_pnttm,ua1_0.mber_ty_code from nemplyrscrtyestbs ua1_0 where ua1_0.scrty_dtrmn_trget_id=?
2026-03-16 16:54:45 [http-nio-8080-exec-1] DEBUG o.s.orm.jpa.JpaTransactionManager - Initiating transaction commit
2026-03-16 16:54:45 [http-nio-8080-exec-1] DEBUG o.s.orm.jpa.JpaTransactionManager - Committing JPA transaction on EntityManager [SessionImpl(1028744751<open>)]
2026-03-16 16:54:45 [http-nio-8080-exec-10] DEBUG o.s.orm.jpa.JpaTransactionManager - Closing JPA EntityManager [SessionImpl(1796939989<open>)] after transaction
2026-03-16 16:54:45 [http-nio-8080-exec-10] DEBUG c.c.p.s.jwt.JwtAuthenticationFilter - >>> [JwtFilter] Successfully authenticated user: USRCNFRM_99999999999, Authorities: [ROLE_ADMIN]
2026-03-16 16:54:45 [http-nio-8080-exec-10] DEBUG o.s.web.servlet.DispatcherServlet - GET "/api/v1/admin/system/statistics/bbs?statsKind=COM101", parameters={masked}
2026-03-16 16:54:45 [http-nio-8080-exec-10] DEBUG o.s.w.s.h.SimpleUrlHandlerMapping - Mapped to ResourceHttpRequestHandler [classpath [META-INF/resources/], classpath [resources/], classpath [static/], classpath [public/], ServletContext [/]]
2026-03-16 16:54:45 [http-nio-8080-exec-10] DEBUG o.s.w.s.r.ResourceHttpRequestHandler - Resource not found
2026-03-16 16:54:45 [http-nio-8080-exec-10] DEBUG o.s.w.s.m.m.a.ExceptionHandlerExceptionResolver - Using @ExceptionHandler com.company.project.core.exception.GlobalExceptionHandler#handleException(Exception)
2026-03-16 16:54:45 [http-nio-8080-exec-10] ERROR c.c.p.c.e.GlobalExceptionHandler - >>> Internal Server Error: No static resource api/v1/admin/system/statistics/bbs.
org.springframework.web.servlet.resource.NoResourceFoundException: No static resource api/v1/admin/system/statistics/bbs.
	at org.springframework.web.servlet.resource.ResourceHttpRequestHandler.handleRequest(ResourceHttpRequestHandler.java:585)
	at org.springframework.web.servlet.mvc.HttpRequestHandlerAdapter.handle(HttpRequestHandlerAdapter.java:52)
	at org.springframework.web.servlet.DispatcherServlet.doDispatch(DispatcherServlet.java:1088)
	at org.springframework.web.servlet.DispatcherServlet.doService(DispatcherServlet.java:978)
	at org.springframework.web.servlet.FrameworkServlet.processRequest(FrameworkServlet.java:1014)
	at org.springframework.web.servlet.FrameworkServlet.doGet(FrameworkServlet.java:903)
	at jakarta.servlet.http.HttpServlet.service(HttpServlet.java:527)
	at org.springframework.web.servlet.FrameworkServlet.service(FrameworkServlet.java:885)
	at jakarta.servlet.http.HttpServlet.service(HttpServlet.java:614)
	at org.apache.catalina.core.ApplicationFilterChain.internalDoFilter(ApplicationFilterChain.java:195)
	at org.apache.catalina.core.ApplicationFilterChain.doFilter(ApplicationFilterChain.java:140)
	at org.apache.tomcat.websocket.server.WsFilter.doFilter(WsFilter.java:51)
	at org.apache.catalina.core.ApplicationFilterChain.internalDoFilter(ApplicationFilterChain.java:164)
	at org.apache.catalina.core.ApplicationFilterChain.doFilter(ApplicationFilterChain.java:140)
	at org.springframework.web.filter.CompositeFilter$VirtualFilterChain.doFilter(CompositeFilter.java:108)
	at org.springframework.security.web.FilterChainProxy.lambda$doFilterInternal$3(FilterChainProxy.java:231)
	at org.springframework.security.web.ObservationFilterChainDecorator$FilterObservation$SimpleFilterObservation.lambda$wrap$1(ObservationFilterChainDecorator.java:479)
	at org.springframework.security.web.ObservationFilterChainDecorator$AroundFilterObservation$SimpleAroundFilterObservation.lambda$wrap$1(ObservationFilterChainDecorator.java:340)
	at org.springframework.security.web.ObservationFilterChainDecorator.lambda$wrapSecured$0(ObservationFilterChainDecorator.java:82)
	at org.springframework.security.web.ObservationFilterChainDecorator$VirtualFilterChain.doFilter(ObservationFilterChainDecorator.java:128)
	at org.springframework.security.web.access.intercept.AuthorizationFilter.doFilter(AuthorizationFilter.java:101)
	at org.springframework.security.web.ObservationFilterChainDecorator$ObservationFilter.wrapFilter(ObservationFilterChainDecorator.java:240)
	at org.springframework.security.web.ObservationFilterChainDecorator$ObservationFilter.doFilter(ObservationFilterChainDecorator.java:227)
	at org.springframework.security.web.ObservationFilterChainDecorator$VirtualFilterChain.doFilter(ObservationFilterChainDecorator.java:137)
	at org.springframework.security.web.access.ExceptionTranslationFilter.doFilter(ExceptionTranslationFilter.java:126)
	at org.springframework.security.web.access.ExceptionTranslationFilter.doFilter(ExceptionTranslationFilter.java:120)
	at org.springframework.security.web.ObservationFilterChainDecorator$ObservationFilter.wrapFilter(ObservationFilterChainDecorator.java:240)
	at org.springframework.security.web.ObservationFilterChainDecorator$ObservationFilter.doFilter(ObservationFilterChainDecorator.java:227)
	at org.springframework.security.web.ObservationFilterChainDecorator$VirtualFilterChain.doFilter(ObservationFilterChainDecorator.java:137)
	at org.springframework.security.web.session.SessionManagementFilter.doFilter(SessionManagementFilter.java:131)
	at org.springframework.security.web.session.SessionManagementFilter.doFilter(SessionManagementFilter.java:85)
	at org.springframework.security.web.ObservationFilterChainDecorator$ObservationFilter.wrapFilter(ObservationFilterChainDecorator.java:240)
	at org.springframework.security.web.ObservationFilterChainDecorator$ObservationFilter.doFilter(ObservationFilterChainDecorator.java:227)
	at org.springframework.security.web.ObservationFilterChainDecorator$VirtualFilterChain.doFilter(ObservationFilterChainDecorator.java:137)
	at org.springframework.security.web.authentication.AnonymousAuthenticationFilter.doFilter(AnonymousAuthenticationFilter.java:100)
	at org.springframework.security.web.ObservationFilterChainDecorator$ObservationFilter.wrapFilter(ObservationFilterChainDecorator.java:240)
	at org.springframework.security.web.ObservationFilterChainDecorator$ObservationFilter.doFilter(ObservationFilterChainDecorator.java:227)
	at org.springframework.security.web.ObservationFilterChainDecorator$VirtualFilterChain.doFilter(ObservationFilterChainDecorator.java:137)
	at org.springframework.security.web.servletapi.SecurityContextHolderAwareRequestFilter.doFilter(SecurityContextHolderAwareRequestFilter.java:179)
	at org.springframework.security.web.ObservationFilterChainDecorator$ObservationFilter.wrapFilter(ObservationFilterChainDecorator.java:240)
	at org.springframework.security.web.ObservationFilterChainDecorator$ObservationFilter.doFilter(ObservationFilterChainDecorator.java:227)
	at org.springframework.security.web.ObservationFilterChainDecorator$VirtualFilterChain.doFilter(ObservationFilterChainDecorator.java:137)
	at org.springframework.security.web.savedrequest.RequestCacheAwareFilter.doFilter(RequestCacheAwareFilter.java:63)
	at org.springframework.security.web.ObservationFilterChainDecorator$ObservationFilter.wrapFilter(ObservationFilterChainDecorator.java:240)
	at org.springframework.security.web.ObservationFilterChainDecorator$ObservationFilter.doFilter(ObservationFilterChainDecorator.java:227)
	at org.springframework.security.web.ObservationFilterChainDecorator$VirtualFilterChain.doFilter(ObservationFilterChainDecorator.java:137)
	at com.company.project.security.jwt.JwtAuthenticationFilter.doFilterInternal(JwtAuthenticationFilter.java:52)
	at org.springframework.web.filter.OncePerRequestFilter.doFilter(OncePerRequestFilter.java:116)
	at org.springframework.security.web.ObservationFilterChainDecorator$ObservationFilter.wrapFilter(ObservationFilterChainDecorator.java:240)
	at org.springframework.security.web.ObservationFilterChainDecorator$ObservationFilter.doFilter(ObservationFilterChainDecorator.java:227)
	at org.springframework.security.web.ObservationFilterChainDecorator$VirtualFilterChain.doFilter(ObservationFilterChainDecorator.java:137)
	at org.springframework.security.web.authentication.logout.LogoutFilter.doFilter(LogoutFilter.java:107)
	at org.springframework.security.web.authentication.logout.LogoutFilter.doFilter(LogoutFilter.java:93)
	at org.springframework.security.web.ObservationFilterChainDecorator$ObservationFilter.wrapFilter(ObservationFilterChainDecorator.java:240)
	at org.springframework.security.web.ObservationFilterChainDecorator$ObservationFilter.doFilter(ObservationFilterChainDecorator.java:227)
	at org.springframework.security.web.ObservationFilterChainDecorator$VirtualFilterChain.doFilter(ObservationFilterChainDecorator.java:137)
	at org.springframework.web.filter.CorsFilter.doFilterInternal(CorsFilter.java:91)
	at org.springframework.web.filter.OncePerRequestFilter.doFilter(OncePerRequestFilter.java:116)
	at org.springframework.security.web.ObservationFilterChainDecorator$ObservationFilter.wrapFilter(ObservationFilterChainDecorator.java:240)
	at org.springframework.security.web.ObservationFilterChainDecorator$ObservationFilter.doFilter(ObservationFilterChainDecorator.java:227)
	at org.springframework.security.web.ObservationFilterChainDecorator$VirtualFilterChain.doFilter(ObservationFilterChainDecorator.java:137)
	at org.springframework.security.web.header.HeaderWriterFilter.doHeadersAfter(HeaderWriterFilter.java:90)
	at org.springframework.security.web.header.HeaderWriterFilter.doFilterInternal(HeaderWriterFilter.java:75)
	at org.springframework.web.filter.OncePerRequestFilter.doFilter(OncePerRequestFilter.java:116)
	at org.springframework.security.web.ObservationFilterChainDecorator$ObservationFilter.wrapFilter(ObservationFilterChainDecorator.java:240)
	at org.springframework.security.web.ObservationFilterChainDecorator$ObservationFilter.doFilter(ObservationFilterChainDecorator.java:227)
	at org.springframework.security.web.ObservationFilterChainDecorator$VirtualFilterChain.doFilter(ObservationFilterChainDecorator.java:137)
	at org.springframework.security.web.context.SecurityContextHolderFilter.doFilter(SecurityContextHolderFilter.java:82)
	at org.springframework.security.web.context.SecurityContextHolderFilter.doFilter(SecurityContextHolderFilter.java:69)
	at org.springframework.security.web.ObservationFilterChainDecorator$ObservationFilter.wrapFilter(ObservationFilterChainDecorator.java:240)
	at org.springframework.security.web.ObservationFilterChainDecorator$ObservationFilter.doFilter(ObservationFilterChainDecorator.java:227)
	at org.springframework.security.web.ObservationFilterChainDecorator$VirtualFilterChain.doFilter(ObservationFilterChainDecorator.java:137)
	at org.springframework.security.web.context.request.async.WebAsyncManagerIntegrationFilter.doFilterInternal(WebAsyncManagerIntegrationFilter.java:62)
	at org.springframework.web.filter.OncePerRequestFilter.doFilter(OncePerRequestFilter.java:116)
	at org.springframework.security.web.ObservationFilterChainDecorator$ObservationFilter.wrapFilter(ObservationFilterChainDecorator.java:240)
	at org.springframework.security.web.ObservationFilterChainDecorator$ObservationFilter.doFilter(ObservationFilterChainDecorator.java:227)
	at org.springframework.security.web.ObservationFilterChainDecorator$VirtualFilterChain.doFilter(ObservationFilterChainDecorator.java:137)
	at org.springframework.security.web.session.DisableEncodeUrlFilter.doFilterInternal(DisableEncodeUrlFilter.java:42)
	at org.springframework.web.filter.OncePerRequestFilter.doFilter(OncePerRequestFilter.java:116)
	at org.springframework.security.web.ObservationFilterChainDecorator$ObservationFilter.wrapFilter(ObservationFilterChainDecorator.java:240)
	at org.springframework.security.web.ObservationFilterChainDecorator$AroundFilterObservation$SimpleAroundFilterObservation.lambda$wrap$0(ObservationFilterChainDecorator.java:323)
	at org.springframework.security.web.ObservationFilterChainDecorator$ObservationFilter.doFilter(ObservationFilterChainDecorator.java:224)
	at org.springframework.security.web.ObservationFilterChainDecorator$VirtualFilterChain.doFilter(ObservationFilterChainDecorator.java:137)
	at org.springframework.security.web.FilterChainProxy.doFilterInternal(FilterChainProxy.java:233)
	at org.springframework.security.web.FilterChainProxy.doFilter(FilterChainProxy.java:191)
	at org.springframework.web.filter.CompositeFilter$VirtualFilterChain.doFilter(CompositeFilter.java:113)
	at org.springframework.web.servlet.handler.HandlerMappingIntrospector.lambda$createCacheFilter$3(HandlerMappingIntrospector.java:243)
	at org.springframework.web.filter.CompositeFilter$VirtualFilterChain.doFilter(CompositeFilter.java:113)
	at org.springframework.web.filter.CompositeFilter.doFilter(CompositeFilter.java:74)
	at org.springframework.security.config.annotation.web.configuration.WebMvcSecurityConfiguration$CompositeFilterChainProxy.doFilter(WebMvcSecurityConfiguration.java:238)
	at org.springframework.web.filter.DelegatingFilterProxy.invokeDelegate(DelegatingFilterProxy.java:362)
	at org.springframework.web.filter.DelegatingFilterProxy.doFilter(DelegatingFilterProxy.java:278)
	at org.apache.catalina.core.ApplicationFilterChain.internalDoFilter(ApplicationFilterChain.java:164)
	at org.apache.catalina.core.ApplicationFilterChain.doFilter(ApplicationFilterChain.java:140)
	at org.springframework.web.filter.RequestContextFilter.doFilterInternal(RequestContextFilter.java:100)
	at org.springframework.web.filter.OncePerRequestFilter.doFilter(OncePerRequestFilter.java:116)
	at org.apache.catalina.core.ApplicationFilterChain.internalDoFilter(ApplicationFilterChain.java:164)
	at org.apache.catalina.core.ApplicationFilterChain.doFilter(ApplicationFilterChain.java:140)
	at org.springframework.web.filter.FormContentFilter.doFilterInternal(FormContentFilter.java:93)
	at org.springframework.web.filter.OncePerRequestFilter.doFilter(OncePerRequestFilter.java:116)
	at org.apache.catalina.core.ApplicationFilterChain.internalDoFilter(ApplicationFilterChain.java:164)
	at org.apache.catalina.core.ApplicationFilterChain.doFilter(ApplicationFilterChain.java:140)
	at org.springframework.web.filter.ServerHttpObservationFilter.doFilterInternal(ServerHttpObservationFilter.java:114)
	at org.springframework.web.filter.OncePerRequestFilter.doFilter(OncePerRequestFilter.java:116)
	at org.apache.catalina.core.ApplicationFilterChain.internalDoFilter(ApplicationFilterChain.java:164)
	at org.apache.catalina.core.ApplicationFilterChain.doFilter(ApplicationFilterChain.java:140)
	at org.springframework.web.filter.CharacterEncodingFilter.doFilterInternal(CharacterEncodingFilter.java:201)
	at org.springframework.web.filter.OncePerRequestFilter.doFilter(OncePerRequestFilter.java:116)
	at org.apache.catalina.core.ApplicationFilterChain.internalDoFilter(ApplicationFilterChain.java:164)
	at org.apache.catalina.core.ApplicationFilterChain.doFilter(ApplicationFilterChain.java:140)
	at org.apache.catalina.core.StandardWrapperValve.invoke(StandardWrapperValve.java:167)
	at org.apache.catalina.core.StandardContextValve.invoke(StandardContextValve.java:90)
	at org.apache.catalina.authenticator.AuthenticatorBase.invoke(AuthenticatorBase.java:483)
	at org.apache.catalina.core.StandardHostValve.invoke(StandardHostValve.java:115)
	at org.apache.catalina.valves.ErrorReportValve.invoke(ErrorReportValve.java:93)
	at org.apache.catalina.core.StandardEngineValve.invoke(StandardEngineValve.java:74)
	at org.apache.catalina.connector.CoyoteAdapter.service(CoyoteAdapter.java:344)
	at org.apache.coyote.http11.Http11Processor.service(Http11Processor.java:397)
	at org.apache.coyote.AbstractProcessorLight.process(AbstractProcessorLight.java:63)
	at org.apache.coyote.AbstractProtocol$ConnectionHandler.process(AbstractProtocol.java:905)
	at org.apache.tomcat.util.net.NioEndpoint$SocketProcessor.doRun(NioEndpoint.java:1741)
	at org.apache.tomcat.util.net.SocketProcessorBase.run(SocketProcessorBase.java:52)
	at org.apache.tomcat.util.threads.ThreadPoolExecutor.runWorker(ThreadPoolExecutor.java:1190)
	at org.apache.tomcat.util.threads.ThreadPoolExecutor$Worker.run(ThreadPoolExecutor.java:659)
	at org.apache.tomcat.util.threads.TaskThread$WrappingRunnable.run(TaskThread.java:63)
	at java.base/java.lang.Thread.run(Thread.java:1583)
2026-03-16 16:54:45 [http-nio-8080-exec-10] DEBUG o.s.w.s.m.m.a.HttpEntityMethodProcessor - Using 'application/json', given [application/json, text/plain, */*] and supported [application/json, application/*+json, application/yaml]
2026-03-16 16:54:45 [http-nio-8080-exec-10] TRACE o.s.w.s.m.m.a.HttpEntityMethodProcessor - Writing [ApiResponse[success=false, status=500, code=C004, message=예기치 않은 서버 오류가 발생했습니다., data=null, timestamp=2026-03-16T16:54:45.885624900]]
2026-03-16 16:54:45 [http-nio-8080-exec-10] DEBUG o.s.w.s.m.m.a.ExceptionHandlerExceptionResolver - Resolved [org.springframework.web.servlet.resource.NoResourceFoundException: No static resource api/v1/admin/system/statistics/bbs.]
2026-03-16 16:54:45 [http-nio-8080-exec-10] DEBUG o.s.web.servlet.DispatcherServlet - Completed 500 INTERNAL_SERVER_ERROR
2026-03-16 16:54:45 [http-nio-8080-exec-8] DEBUG o.s.orm.jpa.JpaTransactionManager - Found thread-bound EntityManager [SessionImpl(176887633<open>)] for JPA transaction
2026-03-16 16:54:45 [http-nio-8080-exec-8] DEBUG o.s.orm.jpa.JpaTransactionManager - Participating in existing transaction
2026-03-16 16:54:45 [http-nio-8080-exec-8] DEBUG org.hibernate.SQL - select ua1_0.scrty_dtrmn_trget_id,ua1_0.author_code,ua1_0.frst_register_id,ua1_0.frst_regist_pnttm,ua1_0.last_updusr_id,ua1_0.last_updt_pnttm,ua1_0.mber_ty_code from nemplyrscrtyestbs ua1_0 where ua1_0.scrty_dtrmn_trget_id=?
2026-03-16 16:54:45 [http-nio-8080-exec-6] DEBUG o.s.orm.jpa.JpaTransactionManager - Found thread-bound EntityManager [SessionImpl(48618063<open>)] for JPA transaction
2026-03-16 16:54:45 [http-nio-8080-exec-6] DEBUG o.s.orm.jpa.JpaTransactionManager - Participating in existing transaction
2026-03-16 16:54:45 [http-nio-8080-exec-6] DEBUG org.hibernate.SQL - select ua1_0.scrty_dtrmn_trget_id,ua1_0.author_code,ua1_0.frst_register_id,ua1_0.frst_regist_pnttm,ua1_0.last_updusr_id,ua1_0.last_updt_pnttm,ua1_0.mber_ty_code from nemplyrscrtyestbs ua1_0 where ua1_0.scrty_dtrmn_trget_id=?
2026-03-16 16:54:45 [http-nio-8080-exec-7] DEBUG o.s.orm.jpa.JpaTransactionManager - Initiating transaction commit
2026-03-16 16:54:45 [http-nio-8080-exec-7] DEBUG o.s.orm.jpa.JpaTransactionManager - Committing JPA transaction on EntityManager [SessionImpl(37219153<open>)]
2026-03-16 16:54:45 [http-nio-8080-exec-3] DEBUG o.s.orm.jpa.JpaTransactionManager - Initiating transaction commit
2026-03-16 16:54:45 [http-nio-8080-exec-3] DEBUG o.s.orm.jpa.JpaTransactionManager - Committing JPA transaction on EntityManager [SessionImpl(1057562182<open>)]
2026-03-16 16:54:46 [http-nio-8080-exec-1] DEBUG o.s.orm.jpa.JpaTransactionManager - Closing JPA EntityManager [SessionImpl(1028744751<open>)] after transaction
2026-03-16 16:54:46 [http-nio-8080-exec-1] DEBUG c.c.p.s.jwt.JwtAuthenticationFilter - >>> [JwtFilter] Successfully authenticated user: USRCNFRM_99999999999, Authorities: [ROLE_ADMIN]
2026-03-16 16:54:46 [http-nio-8080-exec-1] DEBUG o.s.web.servlet.DispatcherServlet - GET "/api/v1/menu/left?menuNo=20", parameters={masked}
2026-03-16 16:54:46 [http-nio-8080-exec-1] TRACE o.s.w.s.m.m.a.RequestMappingHandlerMapping - Mapped to com.company.project.api.controller.menu.MenuController#getLeftMenu(Long)
2026-03-16 16:54:46 [http-nio-8080-exec-1] INFO  c.c.p.a.c.menu.MenuController - getLeftMenu called with menuNo=20
2026-03-16 16:54:46 [http-nio-8080-exec-1] DEBUG o.s.orm.jpa.JpaTransactionManager - Creating new transaction with name [com.company.project.service.menu.MenuService.getSubMenus]: PROPAGATION_REQUIRED,ISOLATION_DEFAULT,readOnly
2026-03-16 16:54:46 [http-nio-8080-exec-1] DEBUG o.s.orm.jpa.JpaTransactionManager - Opened new EntityManager [SessionImpl(2020256346<open>)] for JPA transaction
2026-03-16 16:54:46 [http-nio-8080-exec-1] DEBUG o.s.orm.jpa.JpaTransactionManager - Exposing JPA transaction as JDBC [org.springframework.orm.jpa.vendor.HibernateJpaDialect$HibernateConnectionHandle@7908043f]
2026-03-16 16:54:46 [http-nio-8080-exec-1] DEBUG org.hibernate.SQL - select m1_0.menu_no,m1_0.menu_dc,m1_0.menu_nm,m1_0.menu_ordr,m1_0.modern_route,m1_0.progrm_file_nm,m1_0.relate_image_nm,m1_0.relate_image_path,m1_0.route_updated_at,m1_0.upper_menu_no from nmenuinfo m1_0 order by m1_0.upper_menu_no,m1_0.menu_ordr
2026-03-16 16:54:46 [http-nio-8080-exec-6] DEBUG o.s.orm.jpa.JpaTransactionManager - Initiating transaction commit
2026-03-16 16:54:46 [http-nio-8080-exec-8] DEBUG o.s.orm.jpa.JpaTransactionManager - Initiating transaction commit
2026-03-16 16:54:46 [http-nio-8080-exec-6] DEBUG o.s.orm.jpa.JpaTransactionManager - Committing JPA transaction on EntityManager [SessionImpl(48618063<open>)]
2026-03-16 16:54:46 [http-nio-8080-exec-8] DEBUG o.s.orm.jpa.JpaTransactionManager - Committing JPA transaction on EntityManager [SessionImpl(176887633<open>)]
2026-03-16 16:54:46 [http-nio-8080-exec-7] DEBUG o.s.orm.jpa.JpaTransactionManager - Closing JPA EntityManager [SessionImpl(37219153<open>)] after transaction
2026-03-16 16:54:46 [http-nio-8080-exec-7] DEBUG c.c.p.s.jwt.JwtAuthenticationFilter - >>> [JwtFilter] Successfully authenticated user: USRCNFRM_99999999999, Authorities: [ROLE_ADMIN]
2026-03-16 16:54:46 [http-nio-8080-exec-7] DEBUG o.s.web.servlet.DispatcherServlet - GET "/api/v1/popups/active", parameters={}
2026-03-16 16:54:46 [http-nio-8080-exec-7] TRACE o.s.w.s.m.m.a.RequestMappingHandlerMapping - Mapped to com.company.project.api.controller.system.content.popup.PopupController#getActivePopups()
2026-03-16 16:54:46 [http-nio-8080-exec-7] DEBUG o.s.orm.jpa.JpaTransactionManager - Creating new transaction with name [com.company.project.service.system.content.popup.PopupServiceImpl.getActivePopups]: PROPAGATION_REQUIRED,ISOLATION_DEFAULT,readOnly
2026-03-16 16:54:46 [http-nio-8080-exec-7] DEBUG o.s.orm.jpa.JpaTransactionManager - Opened new EntityManager [SessionImpl(741503110<open>)] for JPA transaction
2026-03-16 16:54:46 [http-nio-8080-exec-7] DEBUG o.s.orm.jpa.JpaTransactionManager - Exposing JPA transaction as JDBC [org.springframework.orm.jpa.vendor.HibernateJpaDialect$HibernateConnectionHandle@ad03926]
2026-03-16 16:54:46 [http-nio-8080-exec-7] DEBUG org.hibernate.SQL - select p1_0.popup_id,p1_0.frst_register_id,p1_0.frst_regist_pnttm,p1_0.file_url,p1_0.ntce_at,p1_0.stopvew_setup_at,p1_0.last_updusr_id,p1_0.last_updt_pnttm,p1_0.ntce_bgnde,p1_0.ntce_endde,p1_0.popup_vrticl_lc,p1_0.popup_vrticl_size,p1_0.popup_sj_nm,p1_0.popup_width_lc,p1_0.popup_width_size from npopupmanage p1_0 where p1_0.ntce_at='Y' and ? between p1_0.ntce_bgnde and p1_0.ntce_endde
2026-03-16 16:54:46 [http-nio-8080-exec-3] DEBUG o.s.orm.jpa.JpaTransactionManager - Closing JPA EntityManager [SessionImpl(1057562182<open>)] after transaction
2026-03-16 16:54:46 [http-nio-8080-exec-3] DEBUG c.c.p.s.jwt.JwtAuthenticationFilter - >>> [JwtFilter] Successfully authenticated user: USRCNFRM_99999999999, Authorities: [ROLE_ADMIN]
2026-03-16 16:54:46 [http-nio-8080-exec-3] DEBUG o.s.web.servlet.DispatcherServlet - GET "/api/v1/notifications", parameters={}
2026-03-16 16:54:46 [http-nio-8080-exec-3] TRACE o.s.w.s.m.m.a.RequestMappingHandlerMapping - Mapped to com.company.project.api.controller.notification.NotificationController#getMyNotifications(UserDetails)
2026-03-16 16:54:46 [http-nio-8080-exec-3] DEBUG o.s.orm.jpa.JpaTransactionManager - Creating new transaction with name [com.company.project.service.notification.NotificationService.getActiveNotifications]: PROPAGATION_REQUIRED,ISOLATION_DEFAULT,readOnly
2026-03-16 16:54:46 [http-nio-8080-exec-3] DEBUG o.s.orm.jpa.JpaTransactionManager - Opened new EntityManager [SessionImpl(274654802<open>)] for JPA transaction
2026-03-16 16:54:46 [http-nio-8080-exec-3] DEBUG o.s.orm.jpa.JpaTransactionManager - Exposing JPA transaction as JDBC [org.springframework.orm.jpa.vendor.HibernateJpaDialect$HibernateConnectionHandle@5e3b754d]
2026-03-16 16:54:46 [http-nio-8080-exec-3] DEBUG o.s.orm.jpa.JpaTransactionManager - Found thread-bound EntityManager [SessionImpl(274654802<open>)] for JPA transaction
2026-03-16 16:54:46 [http-nio-8080-exec-3] DEBUG o.s.orm.jpa.JpaTransactionManager - Participating in existing transaction
2026-03-16 16:54:46 [http-nio-8080-exec-3] DEBUG org.hibernate.SQL - select n1_0.ntcn_no,n1_0.frst_register_id,n1_0.frst_regist_pnttm,n1_0.is_read,n1_0.last_updusr_id,n1_0.last_updt_pnttm,n1_0.link_url,n1_0.ntcn_cn,n1_0.ntcn_sj,n1_0.receiver_id from n_user_notification n1_0
2026-03-16 16:54:46 [http-nio-8080-exec-6] DEBUG o.s.orm.jpa.JpaTransactionManager - Closing JPA EntityManager [SessionImpl(48618063<open>)] after transaction
2026-03-16 16:54:46 [http-nio-8080-exec-6] DEBUG c.c.p.s.jwt.JwtAuthenticationFilter - >>> [JwtFilter] Successfully authenticated user: USRCNFRM_99999999999, Authorities: [ROLE_ADMIN]
2026-03-16 16:54:46 [http-nio-8080-exec-6] DEBUG o.s.web.servlet.DispatcherServlet - GET "/api/v1/notifications/unread-count", parameters={}
2026-03-16 16:54:46 [http-nio-8080-exec-6] TRACE o.s.w.s.m.m.a.RequestMappingHandlerMapping - Mapped to com.company.project.api.controller.notification.NotificationController#getUnreadCount(UserDetails)
2026-03-16 16:54:46 [http-nio-8080-exec-6] DEBUG o.s.orm.jpa.JpaTransactionManager - Creating new transaction with name [com.company.project.service.notification.NotificationService.getUnreadCount]: PROPAGATION_REQUIRED,ISOLATION_DEFAULT,readOnly
2026-03-16 16:54:46 [http-nio-8080-exec-6] DEBUG o.s.orm.jpa.JpaTransactionManager - Opened new EntityManager [SessionImpl(1980876051<open>)] for JPA transaction
2026-03-16 16:54:46 [http-nio-8080-exec-6] DEBUG o.s.orm.jpa.JpaTransactionManager - Exposing JPA transaction as JDBC [org.springframework.orm.jpa.vendor.HibernateJpaDialect$HibernateConnectionHandle@4aa8b1e2]
2026-03-16 16:54:46 [http-nio-8080-exec-8] DEBUG o.s.orm.jpa.JpaTransactionManager - Closing JPA EntityManager [SessionImpl(176887633<open>)] after transaction
2026-03-16 16:54:46 [http-nio-8080-exec-8] DEBUG c.c.p.s.jwt.JwtAuthenticationFilter - >>> [JwtFilter] Successfully authenticated user: USRCNFRM_99999999999, Authorities: [ROLE_ADMIN]
2026-03-16 16:54:46 [http-nio-8080-exec-6] DEBUG org.hibernate.SQL - select count(n1_0.ntcn_no) from n_user_notification n1_0 where n1_0.receiver_id=? and n1_0.is_read=?
2026-03-16 16:54:46 [http-nio-8080-exec-8] DEBUG o.s.web.servlet.DispatcherServlet - GET "/api/v1/admin/system/banners/reflected", parameters={}
2026-03-16 16:54:46 [http-nio-8080-exec-8] TRACE o.s.w.s.m.m.a.RequestMappingHandlerMapping - Mapped to com.company.project.api.controller.system.content.banner.BannerApiController#getReflectedBanners()
2026-03-16 16:54:46 [http-nio-8080-exec-8] DEBUG o.s.orm.jpa.JpaTransactionManager - Creating new transaction with name [com.company.project.service.system.content.banner.BannerService.getReflectedBanners]: PROPAGATION_REQUIRED,ISOLATION_DEFAULT,readOnly
2026-03-16 16:54:46 [http-nio-8080-exec-8] DEBUG o.s.orm.jpa.JpaTransactionManager - Opened new EntityManager [SessionImpl(1688668126<open>)] for JPA transaction
2026-03-16 16:54:46 [http-nio-8080-exec-8] DEBUG o.s.orm.jpa.JpaTransactionManager - Exposing JPA transaction as JDBC [org.springframework.orm.jpa.vendor.HibernateJpaDialect$HibernateConnectionHandle@db9392a]
2026-03-16 16:54:46 [http-nio-8080-exec-8] DEBUG org.hibernate.SQL - select b1_0.banner_id,b1_0.banner_dc,b1_0.banner_image,b1_0.banner_image_file,b1_0.banner_nm,b1_0.frst_register_id,b1_0.frst_regist_pnttm,b1_0.last_updusr_id,b1_0.last_updt_pnttm,b1_0.link_url,b1_0.reflct_at,b1_0.sort_ordr from nbanner b1_0 where b1_0.reflct_at=? order by b1_0.sort_ordr
2026-03-16 16:54:46 [http-nio-8080-exec-7] DEBUG o.s.orm.jpa.JpaTransactionManager - Initiating transaction commit
2026-03-16 16:54:46 [http-nio-8080-exec-7] DEBUG o.s.orm.jpa.JpaTransactionManager - Committing JPA transaction on EntityManager [SessionImpl(741503110<open>)]
2026-03-16 16:54:46 [http-nio-8080-exec-3] DEBUG o.s.orm.jpa.JpaTransactionManager - Initiating transaction commit
2026-03-16 16:54:46 [http-nio-8080-exec-3] DEBUG o.s.orm.jpa.JpaTransactionManager - Committing JPA transaction on EntityManager [SessionImpl(274654802<open>)]
2026-03-16 16:54:46 [http-nio-8080-exec-1] DEBUG o.s.orm.jpa.JpaTransactionManager - Found thread-bound EntityManager [SessionImpl(2020256346<open>)] for JPA transaction
2026-03-16 16:54:46 [http-nio-8080-exec-1] DEBUG o.s.orm.jpa.JpaTransactionManager - Participating in existing transaction
2026-03-16 16:54:46 [http-nio-8080-exec-1] DEBUG org.hibernate.SQL - select p1_0.progrm_file_nm,p1_0.progrm_dc,p1_0.progrm_korean_nm,p1_0.progrm_stre_path,p1_0.url from nprogrmlist p1_0
2026-03-16 16:54:46 [http-nio-8080-exec-6] DEBUG o.s.orm.jpa.JpaTransactionManager - Initiating transaction commit
2026-03-16 16:54:46 [http-nio-8080-exec-6] DEBUG o.s.orm.jpa.JpaTransactionManager - Committing JPA transaction on EntityManager [SessionImpl(1980876051<open>)]
2026-03-16 16:54:46 [http-nio-8080-exec-8] DEBUG o.s.orm.jpa.JpaTransactionManager - Initiating transaction commit
2026-03-16 16:54:46 [http-nio-8080-exec-8] DEBUG o.s.orm.jpa.JpaTransactionManager - Committing JPA transaction on EntityManager [SessionImpl(1688668126<open>)]
2026-03-16 16:54:46 [http-nio-8080-exec-7] DEBUG o.s.orm.jpa.JpaTransactionManager - Closing JPA EntityManager [SessionImpl(741503110<open>)] after transaction
2026-03-16 16:54:46 [http-nio-8080-exec-7] DEBUG o.s.w.s.m.m.a.HttpEntityMethodProcessor - Using 'application/json', given [application/json, text/plain, */*] and supported [application/json, application/*+json, application/yaml]
2026-03-16 16:54:46 [http-nio-8080-exec-7] TRACE o.s.w.s.m.m.a.HttpEntityMethodProcessor - Writing [ApiResponse[success=true, status=200, code=COMMON_001, message=Success, data=[], timestamp=2026-03-16T16:54:46.383251100]]
2026-03-16 16:54:46 [http-nio-8080-exec-7] INFO  c.c.p.a.i.OperationalAuditInterceptor - API Audit Log: URL=/api/v1/popups/active, User=webmaster, IP=127.0.0.1
2026-03-16 16:54:46 [http-nio-8080-exec-7] DEBUG o.s.web.servlet.DispatcherServlet - Completed 200 OK
2026-03-16 16:54:46 [http-nio-8080-exec-3] DEBUG o.s.orm.jpa.JpaTransactionManager - Closing JPA EntityManager [SessionImpl(274654802<open>)] after transaction
2026-03-16 16:54:46 [http-nio-8080-exec-3] DEBUG o.s.w.s.m.m.a.HttpEntityMethodProcessor - Using 'application/json', given [application/json, text/plain, */*] and supported [application/json, application/*+json, application/yaml]
2026-03-16 16:54:46 [http-nio-8080-exec-3] TRACE o.s.w.s.m.m.a.HttpEntityMethodProcessor - Writing [ApiResponse[success=true, status=200, code=COMMON_001, message=Success, data=[NotificationDto(ntfcNo=NT001, ntfcSj=테스트 알림입니다, ntfcCn=알림 내용입니다, ntfcDate=null, ntfcTime=2026-02-25T00:59:33.784070, bhNtfcIntrvl=null, uniqId=null, frstRegisterId=null, frstRegisterPnttm=2026-02-25T00:59:33.784070, lastUpdusrId=null, lastUpdusrPnttm=null)], timestamp=2026-03-16T16:54:46.406191600]]
2026-03-16 16:54:46 [http-nio-8080-exec-3] INFO  c.c.p.a.i.OperationalAuditInterceptor - API Audit Log: URL=/api/v1/notifications, User=webmaster, IP=127.0.0.1
2026-03-16 16:54:46 [http-nio-8080-exec-3] DEBUG o.s.web.servlet.DispatcherServlet - Completed 200 OK
2026-03-16 16:54:46 [http-nio-8080-exec-4] DEBUG c.c.p.s.jwt.JwtAuthenticationFilter - >>> [JwtFilter] Processing request: GET /api/v1/admin/system/statistics/connect
2026-03-16 16:54:46 [http-nio-8080-exec-4] DEBUG c.c.p.s.jwt.JwtAuthenticationFilter - >>> [JwtFilter] Found token in header for path: /api/v1/admin/system/statistics/connect
2026-03-16 16:54:46 [http-nio-8080-exec-4] DEBUG o.s.orm.jpa.JpaTransactionManager - Creating new transaction with name [com.company.project.security.iam.CustomUserDetailsService.loadUserByUsername]: PROPAGATION_REQUIRED,ISOLATION_DEFAULT,readOnly
2026-03-16 16:54:46 [http-nio-8080-exec-4] DEBUG o.s.orm.jpa.JpaTransactionManager - Opened new EntityManager [SessionImpl(589998356<open>)] for JPA transaction
2026-03-16 16:54:46 [MessageBroker-6] DEBUG o.s.w.s.s.t.h.DefaultSockJsService - Closed 1 sessions: [nz2v5jh3]
2026-03-16 16:54:46 [http-nio-8080-exec-1] DEBUG o.s.orm.jpa.JpaTransactionManager - Initiating transaction commit
2026-03-16 16:54:46 [http-nio-8080-exec-1] DEBUG o.s.orm.jpa.JpaTransactionManager - Committing JPA transaction on EntityManager [SessionImpl(2020256346<open>)]
2026-03-16 16:54:46 [http-nio-8080-exec-6] DEBUG o.s.orm.jpa.JpaTransactionManager - Closing JPA EntityManager [SessionImpl(1980876051<open>)] after transaction
2026-03-16 16:54:46 [http-nio-8080-exec-6] DEBUG o.s.w.s.m.m.a.HttpEntityMethodProcessor - Using 'application/json', given [application/json, text/plain, */*] and supported [application/json, application/*+json, application/yaml]
2026-03-16 16:54:46 [http-nio-8080-exec-6] TRACE o.s.w.s.m.m.a.HttpEntityMethodProcessor - Writing [ApiResponse[success=true, status=200, code=COMMON_001, message=Success, data=0, timestamp=2026-03-16T16:54:46.535054300]]
2026-03-16 16:54:46 [http-nio-8080-exec-6] INFO  c.c.p.a.i.OperationalAuditInterceptor - API Audit Log: URL=/api/v1/notifications/unread-count, User=webmaster, IP=127.0.0.1
2026-03-16 16:54:46 [http-nio-8080-exec-6] DEBUG o.s.web.servlet.DispatcherServlet - Completed 200 OK
2026-03-16 16:54:46 [http-nio-8080-exec-8] DEBUG o.s.orm.jpa.JpaTransactionManager - Closing JPA EntityManager [SessionImpl(1688668126<open>)] after transaction
2026-03-16 16:54:46 [http-nio-8080-exec-8] DEBUG o.s.w.s.m.m.a.HttpEntityMethodProcessor - Using 'application/json', given [application/json, text/plain, */*] and supported [application/json, application/*+json, application/yaml]
2026-03-16 16:54:46 [http-nio-8080-exec-8] TRACE o.s.w.s.m.m.a.HttpEntityMethodProcessor - Writing [ApiResponse[success=true, status=200, code=COMMON_001, message=Success, data=[], timestamp=2026-03-16T16:54:46.536060300]]
2026-03-16 16:54:46 [http-nio-8080-exec-8] INFO  c.c.p.a.i.OperationalAuditInterceptor - API Audit Log: URL=/api/v1/admin/system/banners/reflected, User=webmaster, IP=127.0.0.1
2026-03-16 16:54:46 [http-nio-8080-exec-8] DEBUG o.s.web.servlet.DispatcherServlet - Completed 200 OK
2026-03-16 16:54:46 [http-nio-8080-exec-4] DEBUG o.s.orm.jpa.JpaTransactionManager - Exposing JPA transaction as JDBC [org.springframework.orm.jpa.vendor.HibernateJpaDialect$HibernateConnectionHandle@64c8914]
2026-03-16 16:54:46 [http-nio-8080-exec-4] DEBUG o.s.orm.jpa.JpaTransactionManager - Found thread-bound EntityManager [SessionImpl(589998356<open>)] for JPA transaction
2026-03-16 16:54:46 [http-nio-8080-exec-4] DEBUG o.s.orm.jpa.JpaTransactionManager - Participating in existing transaction
2026-03-16 16:54:46 [http-nio-8080-exec-4] DEBUG org.hibernate.SQL - select u1_0.emplyr_id,u1_0.area_no,u1_0.brthdy,u1_0.chg_pwd_cnt,u1_0.frst_register_id,u1_0.frst_regist_pnttm,u1_0.detail_adres,u1_0.email_adres,u1_0.emplyr_sttus_code,u1_0.empl_no,u1_0.esntl_id,u1_0.fxnum,u1_0.group_id,u1_0.house_adres,u1_0.house_end_telno,u1_0.house_middle_telno,u1_0.ihidnum,u1_0.pstinst_code,u1_0.last_updusr_id,u1_0.last_updt_pnttm,u1_0.lock_at,u1_0.lock_cnt,u1_0.lock_last_pnttm,u1_0.mbtlnum,u1_0.ofcps_nm,u1_0.offm_telno,u1_0.orgnzt_id,u1_0.password,u1_0.password_cnsr,u1_0.password_hint,u1_0.chg_pwd_last_pnttm,u1_0.role,u1_0.sbscrb_de,u1_0.sexdstn_code,u1_0.crtfc_dn_value,u1_0.user_nm,u1_0.zip from nemplyrinfo u1_0 where u1_0.emplyr_id=?
2026-03-16 16:54:46 [http-nio-8080-exec-1] DEBUG o.s.orm.jpa.JpaTransactionManager - Closing JPA EntityManager [SessionImpl(2020256346<open>)] after transaction
2026-03-16 16:54:46 [http-nio-8080-exec-1] INFO  c.c.p.a.c.menu.MenuController - getLeftMenu returned 3 items
2026-03-16 16:54:46 [http-nio-8080-exec-1] DEBUG o.s.w.s.m.m.a.HttpEntityMethodProcessor - Using 'application/json', given [application/json, text/plain, */*] and supported [application/json, application/*+json, application/yaml]
2026-03-16 16:54:46 [http-nio-8080-exec-1] TRACE o.s.w.s.m.m.a.HttpEntityMethodProcessor - Writing [ApiResponse[success=true, status=200, code=COMMON_001, message=Success, data={list=[com.company.project.service.menu.dto.MenuDto@48609f04, com.company.project.service.menu.dto.MenuDto@9448e9c, com.company.project.service.menu.dto.MenuDto@cbf598a]}, timestamp=2026-03-16T16:54:46.640723300]]
2026-03-16 16:54:46 [http-nio-8080-exec-1] INFO  c.c.p.a.i.OperationalAuditInterceptor - API Audit Log: URL=/api/v1/menu/left, User=webmaster, IP=127.0.0.1
2026-03-16 16:54:46 [http-nio-8080-exec-1] DEBUG o.s.web.servlet.DispatcherServlet - Completed 200 OK
2026-03-16 16:54:46 [http-nio-8080-exec-2] DEBUG c.c.p.s.jwt.JwtAuthenticationFilter - >>> [JwtFilter] Processing request: GET /api/v1/menu/left
2026-03-16 16:54:46 [http-nio-8080-exec-2] DEBUG c.c.p.s.jwt.JwtAuthenticationFilter - >>> [JwtFilter] Found token in header for path: /api/v1/menu/left
2026-03-16 16:54:46 [http-nio-8080-exec-2] DEBUG o.s.orm.jpa.JpaTransactionManager - Creating new transaction with name [com.company.project.security.iam.CustomUserDetailsService.loadUserByUsername]: PROPAGATION_REQUIRED,ISOLATION_DEFAULT,readOnly
2026-03-16 16:54:46 [http-nio-8080-exec-2] DEBUG o.s.orm.jpa.JpaTransactionManager - Opened new EntityManager [SessionImpl(9818422<open>)] for JPA transaction
2026-03-16 16:54:46 [http-nio-8080-exec-4] DEBUG o.s.orm.jpa.JpaTransactionManager - Found thread-bound EntityManager [SessionImpl(589998356<open>)] for JPA transaction
2026-03-16 16:54:46 [http-nio-8080-exec-4] DEBUG o.s.orm.jpa.JpaTransactionManager - Participating in existing transaction
2026-03-16 16:54:46 [http-nio-8080-exec-4] DEBUG org.hibernate.SQL - select ua1_0.scrty_dtrmn_trget_id,ua1_0.author_code,ua1_0.frst_register_id,ua1_0.frst_regist_pnttm,ua1_0.last_updusr_id,ua1_0.last_updt_pnttm,ua1_0.mber_ty_code from nemplyrscrtyestbs ua1_0 where ua1_0.scrty_dtrmn_trget_id=?
2026-03-16 16:54:46 [http-nio-8080-exec-2] DEBUG o.s.orm.jpa.JpaTransactionManager - Exposing JPA transaction as JDBC [org.springframework.orm.jpa.vendor.HibernateJpaDialect$HibernateConnectionHandle@7c5f5fdd]
2026-03-16 16:54:46 [http-nio-8080-exec-2] DEBUG o.s.orm.jpa.JpaTransactionManager - Found thread-bound EntityManager [SessionImpl(9818422<open>)] for JPA transaction
2026-03-16 16:54:46 [http-nio-8080-exec-2] DEBUG o.s.orm.jpa.JpaTransactionManager - Participating in existing transaction
2026-03-16 16:54:46 [http-nio-8080-exec-2] DEBUG org.hibernate.SQL - select u1_0.emplyr_id,u1_0.area_no,u1_0.brthdy,u1_0.chg_pwd_cnt,u1_0.frst_register_id,u1_0.frst_regist_pnttm,u1_0.detail_adres,u1_0.email_adres,u1_0.emplyr_sttus_code,u1_0.empl_no,u1_0.esntl_id,u1_0.fxnum,u1_0.group_id,u1_0.house_adres,u1_0.house_end_telno,u1_0.house_middle_telno,u1_0.ihidnum,u1_0.pstinst_code,u1_0.last_updusr_id,u1_0.last_updt_pnttm,u1_0.lock_at,u1_0.lock_cnt,u1_0.lock_last_pnttm,u1_0.mbtlnum,u1_0.ofcps_nm,u1_0.offm_telno,u1_0.orgnzt_id,u1_0.password,u1_0.password_cnsr,u1_0.password_hint,u1_0.chg_pwd_last_pnttm,u1_0.role,u1_0.sbscrb_de,u1_0.sexdstn_code,u1_0.crtfc_dn_value,u1_0.user_nm,u1_0.zip from nemplyrinfo u1_0 where u1_0.emplyr_id=?
2026-03-16 16:54:46 [http-nio-8080-exec-4] DEBUG o.s.orm.jpa.JpaTransactionManager - Initiating transaction commit
2026-03-16 16:54:46 [http-nio-8080-exec-4] DEBUG o.s.orm.jpa.JpaTransactionManager - Committing JPA transaction on EntityManager [SessionImpl(589998356<open>)]
2026-03-16 16:54:46 [http-nio-8080-exec-9] DEBUG c.c.p.s.jwt.JwtAuthenticationFilter - >>> [JwtFilter] Processing request: GET /api/v1/admin/system/statistics/bbs
2026-03-16 16:54:46 [http-nio-8080-exec-9] DEBUG c.c.p.s.jwt.JwtAuthenticationFilter - >>> [JwtFilter] Found token in header for path: /api/v1/admin/system/statistics/bbs
2026-03-16 16:54:46 [http-nio-8080-exec-9] DEBUG o.s.orm.jpa.JpaTransactionManager - Creating new transaction with name [com.company.project.security.iam.CustomUserDetailsService.loadUserByUsername]: PROPAGATION_REQUIRED,ISOLATION_DEFAULT,readOnly
2026-03-16 16:54:46 [http-nio-8080-exec-9] DEBUG o.s.orm.jpa.JpaTransactionManager - Opened new EntityManager [SessionImpl(2137797152<open>)] for JPA transaction
2026-03-16 16:54:46 [http-nio-8080-exec-2] DEBUG o.s.orm.jpa.JpaTransactionManager - Found thread-bound EntityManager [SessionImpl(9818422<open>)] for JPA transaction
2026-03-16 16:54:46 [http-nio-8080-exec-2] DEBUG o.s.orm.jpa.JpaTransactionManager - Participating in existing transaction
2026-03-16 16:54:46 [http-nio-8080-exec-2] DEBUG org.hibernate.SQL - select ua1_0.scrty_dtrmn_trget_id,ua1_0.author_code,ua1_0.frst_register_id,ua1_0.frst_regist_pnttm,ua1_0.last_updusr_id,ua1_0.last_updt_pnttm,ua1_0.mber_ty_code from nemplyrscrtyestbs ua1_0 where ua1_0.scrty_dtrmn_trget_id=?
2026-03-16 16:54:47 [http-nio-8080-exec-4] DEBUG o.s.orm.jpa.JpaTransactionManager - Closing JPA EntityManager [SessionImpl(589998356<open>)] after transaction
2026-03-16 16:54:47 [http-nio-8080-exec-4] DEBUG c.c.p.s.jwt.JwtAuthenticationFilter - >>> [JwtFilter] Successfully authenticated user: USRCNFRM_99999999999, Authorities: [ROLE_ADMIN]
2026-03-16 16:54:47 [http-nio-8080-exec-4] DEBUG o.s.web.servlet.DispatcherServlet - GET "/api/v1/admin/system/statistics/connect?statsKind=SERVICE", parameters={masked}
2026-03-16 16:54:47 [http-nio-8080-exec-4] DEBUG o.s.w.s.h.SimpleUrlHandlerMapping - Mapped to ResourceHttpRequestHandler [classpath [META-INF/resources/], classpath [resources/], classpath [static/], classpath [public/], ServletContext [/]]
2026-03-16 16:54:47 [http-nio-8080-exec-4] DEBUG o.s.w.s.r.ResourceHttpRequestHandler - Resource not found
2026-03-16 16:54:47 [http-nio-8080-exec-4] DEBUG o.s.w.s.m.m.a.ExceptionHandlerExceptionResolver - Using @ExceptionHandler com.company.project.core.exception.GlobalExceptionHandler#handleException(Exception)
2026-03-16 16:54:47 [http-nio-8080-exec-4] ERROR c.c.p.c.e.GlobalExceptionHandler - >>> Internal Server Error: No static resource api/v1/admin/system/statistics/connect.
org.springframework.web.servlet.resource.NoResourceFoundException: No static resource api/v1/admin/system/statistics/connect.
	at org.springframework.web.servlet.resource.ResourceHttpRequestHandler.handleRequest(ResourceHttpRequestHandler.java:585)
	at org.springframework.web.servlet.mvc.HttpRequestHandlerAdapter.handle(HttpRequestHandlerAdapter.java:52)
	at org.springframework.web.servlet.DispatcherServlet.doDispatch(DispatcherServlet.java:1088)
	at org.springframework.web.servlet.DispatcherServlet.doService(DispatcherServlet.java:978)
	at org.springframework.web.servlet.FrameworkServlet.processRequest(FrameworkServlet.java:1014)
	at org.springframework.web.servlet.FrameworkServlet.doGet(FrameworkServlet.java:903)
	at jakarta.servlet.http.HttpServlet.service(HttpServlet.java:527)
	at org.springframework.web.servlet.FrameworkServlet.service(FrameworkServlet.java:885)
	at jakarta.servlet.http.HttpServlet.service(HttpServlet.java:614)
	at org.apache.catalina.core.ApplicationFilterChain.internalDoFilter(ApplicationFilterChain.java:195)
	at org.apache.catalina.core.ApplicationFilterChain.doFilter(ApplicationFilterChain.java:140)
	at org.apache.tomcat.websocket.server.WsFilter.doFilter(WsFilter.java:51)
	at org.apache.catalina.core.ApplicationFilterChain.internalDoFilter(ApplicationFilterChain.java:164)
	at org.apache.catalina.core.ApplicationFilterChain.doFilter(ApplicationFilterChain.java:140)
	at org.springframework.web.filter.CompositeFilter$VirtualFilterChain.doFilter(CompositeFilter.java:108)
	at org.springframework.security.web.FilterChainProxy.lambda$doFilterInternal$3(FilterChainProxy.java:231)
	at org.springframework.security.web.ObservationFilterChainDecorator$FilterObservation$SimpleFilterObservation.lambda$wrap$1(ObservationFilterChainDecorator.java:479)
	at org.springframework.security.web.ObservationFilterChainDecorator$AroundFilterObservation$SimpleAroundFilterObservation.lambda$wrap$1(ObservationFilterChainDecorator.java:340)
	at org.springframework.security.web.ObservationFilterChainDecorator.lambda$wrapSecured$0(ObservationFilterChainDecorator.java:82)
	at org.springframework.security.web.ObservationFilterChainDecorator$VirtualFilterChain.doFilter(ObservationFilterChainDecorator.java:128)
	at org.springframework.security.web.access.intercept.AuthorizationFilter.doFilter(AuthorizationFilter.java:101)
	at org.springframework.security.web.ObservationFilterChainDecorator$ObservationFilter.wrapFilter(ObservationFilterChainDecorator.java:240)
	at org.springframework.security.web.ObservationFilterChainDecorator$ObservationFilter.doFilter(ObservationFilterChainDecorator.java:227)
	at org.springframework.security.web.ObservationFilterChainDecorator$VirtualFilterChain.doFilter(ObservationFilterChainDecorator.java:137)
	at org.springframework.security.web.access.ExceptionTranslationFilter.doFilter(ExceptionTranslationFilter.java:126)
	at org.springframework.security.web.access.ExceptionTranslationFilter.doFilter(ExceptionTranslationFilter.java:120)
	at org.springframework.security.web.ObservationFilterChainDecorator$ObservationFilter.wrapFilter(ObservationFilterChainDecorator.java:240)
	at org.springframework.security.web.ObservationFilterChainDecorator$ObservationFilter.doFilter(ObservationFilterChainDecorator.java:227)
	at org.springframework.security.web.ObservationFilterChainDecorator$VirtualFilterChain.doFilter(ObservationFilterChainDecorator.java:137)
	at org.springframework.security.web.session.SessionManagementFilter.doFilter(SessionManagementFilter.java:131)
	at org.springframework.security.web.session.SessionManagementFilter.doFilter(SessionManagementFilter.java:85)
	at org.springframework.security.web.ObservationFilterChainDecorator$ObservationFilter.wrapFilter(ObservationFilterChainDecorator.java:240)
	at org.springframework.security.web.ObservationFilterChainDecorator$ObservationFilter.doFilter(ObservationFilterChainDecorator.java:227)
	at org.springframework.security.web.ObservationFilterChainDecorator$VirtualFilterChain.doFilter(ObservationFilterChainDecorator.java:137)
	at org.springframework.security.web.authentication.AnonymousAuthenticationFilter.doFilter(AnonymousAuthenticationFilter.java:100)
	at org.springframework.security.web.ObservationFilterChainDecorator$ObservationFilter.wrapFilter(ObservationFilterChainDecorator.java:240)
	at org.springframework.security.web.ObservationFilterChainDecorator$ObservationFilter.doFilter(ObservationFilterChainDecorator.java:227)
	at org.springframework.security.web.ObservationFilterChainDecorator$VirtualFilterChain.doFilter(ObservationFilterChainDecorator.java:137)
	at org.springframework.security.web.servletapi.SecurityContextHolderAwareRequestFilter.doFilter(SecurityContextHolderAwareRequestFilter.java:179)
	at org.springframework.security.web.ObservationFilterChainDecorator$ObservationFilter.wrapFilter(ObservationFilterChainDecorator.java:240)
	at org.springframework.security.web.ObservationFilterChainDecorator$ObservationFilter.doFilter(ObservationFilterChainDecorator.java:227)
	at org.springframework.security.web.ObservationFilterChainDecorator$VirtualFilterChain.doFilter(ObservationFilterChainDecorator.java:137)
	at org.springframework.security.web.savedrequest.RequestCacheAwareFilter.doFilter(RequestCacheAwareFilter.java:63)
	at org.springframework.security.web.ObservationFilterChainDecorator$ObservationFilter.wrapFilter(ObservationFilterChainDecorator.java:240)
	at org.springframework.security.web.ObservationFilterChainDecorator$ObservationFilter.doFilter(ObservationFilterChainDecorator.java:227)
	at org.springframework.security.web.ObservationFilterChainDecorator$VirtualFilterChain.doFilter(ObservationFilterChainDecorator.java:137)
	at com.company.project.security.jwt.JwtAuthenticationFilter.doFilterInternal(JwtAuthenticationFilter.java:52)
	at org.springframework.web.filter.OncePerRequestFilter.doFilter(OncePerRequestFilter.java:116)
	at org.springframework.security.web.ObservationFilterChainDecorator$ObservationFilter.wrapFilter(ObservationFilterChainDecorator.java:240)
	at org.springframework.security.web.ObservationFilterChainDecorator$ObservationFilter.doFilter(ObservationFilterChainDecorator.java:227)
	at org.springframework.security.web.ObservationFilterChainDecorator$VirtualFilterChain.doFilter(ObservationFilterChainDecorator.java:137)
	at org.springframework.security.web.authentication.logout.LogoutFilter.doFilter(LogoutFilter.java:107)
	at org.springframework.security.web.authentication.logout.LogoutFilter.doFilter(LogoutFilter.java:93)
	at org.springframework.security.web.ObservationFilterChainDecorator$ObservationFilter.wrapFilter(ObservationFilterChainDecorator.java:240)
	at org.springframework.security.web.ObservationFilterChainDecorator$ObservationFilter.doFilter(ObservationFilterChainDecorator.java:227)
	at org.springframework.security.web.ObservationFilterChainDecorator$VirtualFilterChain.doFilter(ObservationFilterChainDecorator.java:137)
	at org.springframework.web.filter.CorsFilter.doFilterInternal(CorsFilter.java:91)
	at org.springframework.web.filter.OncePerRequestFilter.doFilter(OncePerRequestFilter.java:116)
	at org.springframework.security.web.ObservationFilterChainDecorator$ObservationFilter.wrapFilter(ObservationFilterChainDecorator.java:240)
	at org.springframework.security.web.ObservationFilterChainDecorator$ObservationFilter.doFilter(ObservationFilterChainDecorator.java:227)
	at org.springframework.security.web.ObservationFilterChainDecorator$VirtualFilterChain.doFilter(ObservationFilterChainDecorator.java:137)
	at org.springframework.security.web.header.HeaderWriterFilter.doHeadersAfter(HeaderWriterFilter.java:90)
	at org.springframework.security.web.header.HeaderWriterFilter.doFilterInternal(HeaderWriterFilter.java:75)
	at org.springframework.web.filter.OncePerRequestFilter.doFilter(OncePerRequestFilter.java:116)
	at org.springframework.security.web.ObservationFilterChainDecorator$ObservationFilter.wrapFilter(ObservationFilterChainDecorator.java:240)
	at org.springframework.security.web.ObservationFilterChainDecorator$ObservationFilter.doFilter(ObservationFilterChainDecorator.java:227)
	at org.springframework.security.web.ObservationFilterChainDecorator$VirtualFilterChain.doFilter(ObservationFilterChainDecorator.java:137)
	at org.springframework.security.web.context.SecurityContextHolderFilter.doFilter(SecurityContextHolderFilter.java:82)
	at org.springframework.security.web.context.SecurityContextHolderFilter.doFilter(SecurityContextHolderFilter.java:69)
	at org.springframework.security.web.ObservationFilterChainDecorator$ObservationFilter.wrapFilter(ObservationFilterChainDecorator.java:240)
	at org.springframework.security.web.ObservationFilterChainDecorator$ObservationFilter.doFilter(ObservationFilterChainDecorator.java:227)
	at org.springframework.security.web.ObservationFilterChainDecorator$VirtualFilterChain.doFilter(ObservationFilterChainDecorator.java:137)
	at org.springframework.security.web.context.request.async.WebAsyncManagerIntegrationFilter.doFilterInternal(WebAsyncManagerIntegrationFilter.java:62)
	at org.springframework.web.filter.OncePerRequestFilter.doFilter(OncePerRequestFilter.java:116)
	at org.springframework.security.web.ObservationFilterChainDecorator$ObservationFilter.wrapFilter(ObservationFilterChainDecorator.java:240)
	at org.springframework.security.web.ObservationFilterChainDecorator$ObservationFilter.doFilter(ObservationFilterChainDecorator.java:227)
	at org.springframework.security.web.ObservationFilterChainDecorator$VirtualFilterChain.doFilter(ObservationFilterChainDecorator.java:137)
	at org.springframework.security.web.session.DisableEncodeUrlFilter.doFilterInternal(DisableEncodeUrlFilter.java:42)
	at org.springframework.web.filter.OncePerRequestFilter.doFilter(OncePerRequestFilter.java:116)
	at org.springframework.security.web.ObservationFilterChainDecorator$ObservationFilter.wrapFilter(ObservationFilterChainDecorator.java:240)
	at org.springframework.security.web.ObservationFilterChainDecorator$AroundFilterObservation$SimpleAroundFilterObservation.lambda$wrap$0(ObservationFilterChainDecorator.java:323)
	at org.springframework.security.web.ObservationFilterChainDecorator$ObservationFilter.doFilter(ObservationFilterChainDecorator.java:224)
	at org.springframework.security.web.ObservationFilterChainDecorator$VirtualFilterChain.doFilter(ObservationFilterChainDecorator.java:137)
	at org.springframework.security.web.FilterChainProxy.doFilterInternal(FilterChainProxy.java:233)
	at org.springframework.security.web.FilterChainProxy.doFilter(FilterChainProxy.java:191)
	at org.springframework.web.filter.CompositeFilter$VirtualFilterChain.doFilter(CompositeFilter.java:113)
	at org.springframework.web.servlet.handler.HandlerMappingIntrospector.lambda$createCacheFilter$3(HandlerMappingIntrospector.java:243)
	at org.springframework.web.filter.CompositeFilter$VirtualFilterChain.doFilter(CompositeFilter.java:113)
	at org.springframework.web.filter.CompositeFilter.doFilter(CompositeFilter.java:74)
	at org.springframework.security.config.annotation.web.configuration.WebMvcSecurityConfiguration$CompositeFilterChainProxy.doFilter(WebMvcSecurityConfiguration.java:238)
	at org.springframework.web.filter.DelegatingFilterProxy.invokeDelegate(DelegatingFilterProxy.java:362)
	at org.springframework.web.filter.DelegatingFilterProxy.doFilter(DelegatingFilterProxy.java:278)
	at org.apache.catalina.core.ApplicationFilterChain.internalDoFilter(ApplicationFilterChain.java:164)
	at org.apache.catalina.core.ApplicationFilterChain.doFilter(ApplicationFilterChain.java:140)
	at org.springframework.web.filter.RequestContextFilter.doFilterInternal(RequestContextFilter.java:100)
	at org.springframework.web.filter.OncePerRequestFilter.doFilter(OncePerRequestFilter.java:116)
	at org.apache.catalina.core.ApplicationFilterChain.internalDoFilter(ApplicationFilterChain.java:164)
	at org.apache.catalina.core.ApplicationFilterChain.doFilter(ApplicationFilterChain.java:140)
	at org.springframework.web.filter.FormContentFilter.doFilterInternal(FormContentFilter.java:93)
	at org.springframework.web.filter.OncePerRequestFilter.doFilter(OncePerRequestFilter.java:116)
	at org.apache.catalina.core.ApplicationFilterChain.internalDoFilter(ApplicationFilterChain.java:164)
	at org.apache.catalina.core.ApplicationFilterChain.doFilter(ApplicationFilterChain.java:140)
	at org.springframework.web.filter.ServerHttpObservationFilter.doFilterInternal(ServerHttpObservationFilter.java:114)
	at org.springframework.web.filter.OncePerRequestFilter.doFilter(OncePerRequestFilter.java:116)
	at org.apache.catalina.core.ApplicationFilterChain.internalDoFilter(ApplicationFilterChain.java:164)
	at org.apache.catalina.core.ApplicationFilterChain.doFilter(ApplicationFilterChain.java:140)
	at org.springframework.web.filter.CharacterEncodingFilter.doFilterInternal(CharacterEncodingFilter.java:201)
	at org.springframework.web.filter.OncePerRequestFilter.doFilter(OncePerRequestFilter.java:116)
	at org.apache.catalina.core.ApplicationFilterChain.internalDoFilter(ApplicationFilterChain.java:164)
	at org.apache.catalina.core.ApplicationFilterChain.doFilter(ApplicationFilterChain.java:140)
	at org.apache.catalina.core.StandardWrapperValve.invoke(StandardWrapperValve.java:167)
	at org.apache.catalina.core.StandardContextValve.invoke(StandardContextValve.java:90)
	at org.apache.catalina.authenticator.AuthenticatorBase.invoke(AuthenticatorBase.java:483)
	at org.apache.catalina.core.StandardHostValve.invoke(StandardHostValve.java:115)
	at org.apache.catalina.valves.ErrorReportValve.invoke(ErrorReportValve.java:93)
	at org.apache.catalina.core.StandardEngineValve.invoke(StandardEngineValve.java:74)
	at org.apache.catalina.connector.CoyoteAdapter.service(CoyoteAdapter.java:344)
	at org.apache.coyote.http11.Http11Processor.service(Http11Processor.java:397)
	at org.apache.coyote.AbstractProcessorLight.process(AbstractProcessorLight.java:63)
	at org.apache.coyote.AbstractProtocol$ConnectionHandler.process(AbstractProtocol.java:905)
	at org.apache.tomcat.util.net.NioEndpoint$SocketProcessor.doRun(NioEndpoint.java:1741)
	at org.apache.tomcat.util.net.SocketProcessorBase.run(SocketProcessorBase.java:52)
	at org.apache.tomcat.util.threads.ThreadPoolExecutor.runWorker(ThreadPoolExecutor.java:1190)
	at org.apache.tomcat.util.threads.ThreadPoolExecutor$Worker.run(ThreadPoolExecutor.java:659)
	at org.apache.tomcat.util.threads.TaskThread$WrappingRunnable.run(TaskThread.java:63)
	at java.base/java.lang.Thread.run(Thread.java:1583)
2026-03-16 16:54:47 [http-nio-8080-exec-4] DEBUG o.s.w.s.m.m.a.HttpEntityMethodProcessor - Using 'application/json', given [application/json, text/plain, */*] and supported [application/json, application/*+json, application/yaml]
2026-03-16 16:54:47 [http-nio-8080-exec-4] TRACE o.s.w.s.m.m.a.HttpEntityMethodProcessor - Writing [ApiResponse[success=false, status=500, code=C004, message=예기치 않은 서버 오류가 발생했습니다., data=null, timestamp=2026-03-16T16:54:47.032684700]]
2026-03-16 16:54:47 [http-nio-8080-exec-4] DEBUG o.s.w.s.m.m.a.ExceptionHandlerExceptionResolver - Resolved [org.springframework.web.servlet.resource.NoResourceFoundException: No static resource api/v1/admin/system/statistics/connect.]
2026-03-16 16:54:47 [http-nio-8080-exec-4] DEBUG o.s.web.servlet.DispatcherServlet - Completed 500 INTERNAL_SERVER_ERROR
2026-03-16 16:54:47 [http-nio-8080-exec-9] DEBUG o.s.orm.jpa.JpaTransactionManager - Exposing JPA transaction as JDBC [org.springframework.orm.jpa.vendor.HibernateJpaDialect$HibernateConnectionHandle@6d10d7a5]
2026-03-16 16:54:47 [http-nio-8080-exec-9] DEBUG o.s.orm.jpa.JpaTransactionManager - Found thread-bound EntityManager [SessionImpl(2137797152<open>)] for JPA transaction
2026-03-16 16:54:47 [http-nio-8080-exec-9] DEBUG o.s.orm.jpa.JpaTransactionManager - Participating in existing transaction
2026-03-16 16:54:47 [http-nio-8080-exec-9] DEBUG org.hibernate.SQL - select u1_0.emplyr_id,u1_0.area_no,u1_0.brthdy,u1_0.chg_pwd_cnt,u1_0.frst_register_id,u1_0.frst_regist_pnttm,u1_0.detail_adres,u1_0.email_adres,u1_0.emplyr_sttus_code,u1_0.empl_no,u1_0.esntl_id,u1_0.fxnum,u1_0.group_id,u1_0.house_adres,u1_0.house_end_telno,u1_0.house_middle_telno,u1_0.ihidnum,u1_0.pstinst_code,u1_0.last_updusr_id,u1_0.last_updt_pnttm,u1_0.lock_at,u1_0.lock_cnt,u1_0.lock_last_pnttm,u1_0.mbtlnum,u1_0.ofcps_nm,u1_0.offm_telno,u1_0.orgnzt_id,u1_0.password,u1_0.password_cnsr,u1_0.password_hint,u1_0.chg_pwd_last_pnttm,u1_0.role,u1_0.sbscrb_de,u1_0.sexdstn_code,u1_0.crtfc_dn_value,u1_0.user_nm,u1_0.zip from nemplyrinfo u1_0 where u1_0.emplyr_id=?
2026-03-16 16:54:47 [http-nio-8080-exec-2] DEBUG o.s.orm.jpa.JpaTransactionManager - Initiating transaction commit
2026-03-16 16:54:47 [http-nio-8080-exec-2] DEBUG o.s.orm.jpa.JpaTransactionManager - Committing JPA transaction on EntityManager [SessionImpl(9818422<open>)]
2026-03-16 16:54:47 [http-nio-8080-exec-9] DEBUG o.s.orm.jpa.JpaTransactionManager - Found thread-bound EntityManager [SessionImpl(2137797152<open>)] for JPA transaction
2026-03-16 16:54:47 [http-nio-8080-exec-9] DEBUG o.s.orm.jpa.JpaTransactionManager - Participating in existing transaction
2026-03-16 16:54:47 [http-nio-8080-exec-9] DEBUG org.hibernate.SQL - select ua1_0.scrty_dtrmn_trget_id,ua1_0.author_code,ua1_0.frst_register_id,ua1_0.frst_regist_pnttm,ua1_0.last_updusr_id,ua1_0.last_updt_pnttm,ua1_0.mber_ty_code from nemplyrscrtyestbs ua1_0 where ua1_0.scrty_dtrmn_trget_id=?
2026-03-16 16:54:47 [http-nio-8080-exec-2] DEBUG o.s.orm.jpa.JpaTransactionManager - Closing JPA EntityManager [SessionImpl(9818422<open>)] after transaction
2026-03-16 16:54:47 [http-nio-8080-exec-2] DEBUG c.c.p.s.jwt.JwtAuthenticationFilter - >>> [JwtFilter] Successfully authenticated user: USRCNFRM_99999999999, Authorities: [ROLE_ADMIN]
2026-03-16 16:54:47 [http-nio-8080-exec-2] DEBUG o.s.web.servlet.DispatcherServlet - GET "/api/v1/menu/left?menuNo=40", parameters={masked}
2026-03-16 16:54:47 [http-nio-8080-exec-2] TRACE o.s.w.s.m.m.a.RequestMappingHandlerMapping - Mapped to com.company.project.api.controller.menu.MenuController#getLeftMenu(Long)
2026-03-16 16:54:47 [http-nio-8080-exec-2] INFO  c.c.p.a.c.menu.MenuController - getLeftMenu called with menuNo=40
2026-03-16 16:54:47 [http-nio-8080-exec-2] DEBUG o.s.orm.jpa.JpaTransactionManager - Creating new transaction with name [com.company.project.service.menu.MenuService.getSubMenus]: PROPAGATION_REQUIRED,ISOLATION_DEFAULT,readOnly
2026-03-16 16:54:47 [http-nio-8080-exec-2] DEBUG o.s.orm.jpa.JpaTransactionManager - Opened new EntityManager [SessionImpl(551384047<open>)] for JPA transaction
2026-03-16 16:54:47 [http-nio-8080-exec-2] DEBUG o.s.orm.jpa.JpaTransactionManager - Exposing JPA transaction as JDBC [org.springframework.orm.jpa.vendor.HibernateJpaDialect$HibernateConnectionHandle@dce7efe]
2026-03-16 16:54:47 [http-nio-8080-exec-2] DEBUG org.hibernate.SQL - select m1_0.menu_no,m1_0.menu_dc,m1_0.menu_nm,m1_0.menu_ordr,m1_0.modern_route,m1_0.progrm_file_nm,m1_0.relate_image_nm,m1_0.relate_image_path,m1_0.route_updated_at,m1_0.upper_menu_no from nmenuinfo m1_0 order by m1_0.upper_menu_no,m1_0.menu_ordr
2026-03-16 16:54:47 [http-nio-8080-exec-9] DEBUG o.s.orm.jpa.JpaTransactionManager - Initiating transaction commit
2026-03-16 16:54:47 [http-nio-8080-exec-9] DEBUG o.s.orm.jpa.JpaTransactionManager - Committing JPA transaction on EntityManager [SessionImpl(2137797152<open>)]
2026-03-16 16:54:47 [http-nio-8080-exec-9] DEBUG o.s.orm.jpa.JpaTransactionManager - Closing JPA EntityManager [SessionImpl(2137797152<open>)] after transaction
2026-03-16 16:54:47 [http-nio-8080-exec-9] DEBUG c.c.p.s.jwt.JwtAuthenticationFilter - >>> [JwtFilter] Successfully authenticated user: USRCNFRM_99999999999, Authorities: [ROLE_ADMIN]
2026-03-16 16:54:47 [http-nio-8080-exec-9] DEBUG o.s.web.servlet.DispatcherServlet - GET "/api/v1/admin/system/statistics/bbs?statsKind=COM101", parameters={masked}
2026-03-16 16:54:47 [http-nio-8080-exec-9] DEBUG o.s.w.s.h.SimpleUrlHandlerMapping - Mapped to ResourceHttpRequestHandler [classpath [META-INF/resources/], classpath [resources/], classpath [static/], classpath [public/], ServletContext [/]]
2026-03-16 16:54:47 [http-nio-8080-exec-9] DEBUG o.s.w.s.r.ResourceHttpRequestHandler - Resource not found
2026-03-16 16:54:47 [http-nio-8080-exec-9] DEBUG o.s.w.s.m.m.a.ExceptionHandlerExceptionResolver - Using @ExceptionHandler com.company.project.core.exception.GlobalExceptionHandler#handleException(Exception)
2026-03-16 16:54:47 [http-nio-8080-exec-9] ERROR c.c.p.c.e.GlobalExceptionHandler - >>> Internal Server Error: No static resource api/v1/admin/system/statistics/bbs.
org.springframework.web.servlet.resource.NoResourceFoundException: No static resource api/v1/admin/system/statistics/bbs.
	at org.springframework.web.servlet.resource.ResourceHttpRequestHandler.handleRequest(ResourceHttpRequestHandler.java:585)
	at org.springframework.web.servlet.mvc.HttpRequestHandlerAdapter.handle(HttpRequestHandlerAdapter.java:52)
	at org.springframework.web.servlet.DispatcherServlet.doDispatch(DispatcherServlet.java:1088)
	at org.springframework.web.servlet.DispatcherServlet.doService(DispatcherServlet.java:978)
	at org.springframework.web.servlet.FrameworkServlet.processRequest(FrameworkServlet.java:1014)
	at org.springframework.web.servlet.FrameworkServlet.doGet(FrameworkServlet.java:903)
	at jakarta.servlet.http.HttpServlet.service(HttpServlet.java:527)
	at org.springframework.web.servlet.FrameworkServlet.service(FrameworkServlet.java:885)
	at jakarta.servlet.http.HttpServlet.service(HttpServlet.java:614)
	at org.apache.catalina.core.ApplicationFilterChain.internalDoFilter(ApplicationFilterChain.java:195)
	at org.apache.catalina.core.ApplicationFilterChain.doFilter(ApplicationFilterChain.java:140)
	at org.apache.tomcat.websocket.server.WsFilter.doFilter(WsFilter.java:51)
	at org.apache.catalina.core.ApplicationFilterChain.internalDoFilter(ApplicationFilterChain.java:164)
	at org.apache.catalina.core.ApplicationFilterChain.doFilter(ApplicationFilterChain.java:140)
	at org.springframework.web.filter.CompositeFilter$VirtualFilterChain.doFilter(CompositeFilter.java:108)
	at org.springframework.security.web.FilterChainProxy.lambda$doFilterInternal$3(FilterChainProxy.java:231)
	at org.springframework.security.web.ObservationFilterChainDecorator$FilterObservation$SimpleFilterObservation.lambda$wrap$1(ObservationFilterChainDecorator.java:479)
	at org.springframework.security.web.ObservationFilterChainDecorator$AroundFilterObservation$SimpleAroundFilterObservation.lambda$wrap$1(ObservationFilterChainDecorator.java:340)
	at org.springframework.security.web.ObservationFilterChainDecorator.lambda$wrapSecured$0(ObservationFilterChainDecorator.java:82)
	at org.springframework.security.web.ObservationFilterChainDecorator$VirtualFilterChain.doFilter(ObservationFilterChainDecorator.java:128)
	at org.springframework.security.web.access.intercept.AuthorizationFilter.doFilter(AuthorizationFilter.java:101)
	at org.springframework.security.web.ObservationFilterChainDecorator$ObservationFilter.wrapFilter(ObservationFilterChainDecorator.java:240)
	at org.springframework.security.web.ObservationFilterChainDecorator$ObservationFilter.doFilter(ObservationFilterChainDecorator.java:227)
	at org.springframework.security.web.ObservationFilterChainDecorator$VirtualFilterChain.doFilter(ObservationFilterChainDecorator.java:137)
	at org.springframework.security.web.access.ExceptionTranslationFilter.doFilter(ExceptionTranslationFilter.java:126)
	at org.springframework.security.web.access.ExceptionTranslationFilter.doFilter(ExceptionTranslationFilter.java:120)
	at org.springframework.security.web.ObservationFilterChainDecorator$ObservationFilter.wrapFilter(ObservationFilterChainDecorator.java:240)
	at org.springframework.security.web.ObservationFilterChainDecorator$ObservationFilter.doFilter(ObservationFilterChainDecorator.java:227)
	at org.springframework.security.web.ObservationFilterChainDecorator$VirtualFilterChain.doFilter(ObservationFilterChainDecorator.java:137)
	at org.springframework.security.web.session.SessionManagementFilter.doFilter(SessionManagementFilter.java:131)
	at org.springframework.security.web.session.SessionManagementFilter.doFilter(SessionManagementFilter.java:85)
	at org.springframework.security.web.ObservationFilterChainDecorator$ObservationFilter.wrapFilter(ObservationFilterChainDecorator.java:240)
	at org.springframework.security.web.ObservationFilterChainDecorator$ObservationFilter.doFilter(ObservationFilterChainDecorator.java:227)
	at org.springframework.security.web.ObservationFilterChainDecorator$VirtualFilterChain.doFilter(ObservationFilterChainDecorator.java:137)
	at org.springframework.security.web.authentication.AnonymousAuthenticationFilter.doFilter(AnonymousAuthenticationFilter.java:100)
	at org.springframework.security.web.ObservationFilterChainDecorator$ObservationFilter.wrapFilter(ObservationFilterChainDecorator.java:240)
	at org.springframework.security.web.ObservationFilterChainDecorator$ObservationFilter.doFilter(ObservationFilterChainDecorator.java:227)
	at org.springframework.security.web.ObservationFilterChainDecorator$VirtualFilterChain.doFilter(ObservationFilterChainDecorator.java:137)
	at org.springframework.security.web.servletapi.SecurityContextHolderAwareRequestFilter.doFilter(SecurityContextHolderAwareRequestFilter.java:179)
	at org.springframework.security.web.ObservationFilterChainDecorator$ObservationFilter.wrapFilter(ObservationFilterChainDecorator.java:240)
	at org.springframework.security.web.ObservationFilterChainDecorator$ObservationFilter.doFilter(ObservationFilterChainDecorator.java:227)
	at org.springframework.security.web.ObservationFilterChainDecorator$VirtualFilterChain.doFilter(ObservationFilterChainDecorator.java:137)
	at org.springframework.security.web.savedrequest.RequestCacheAwareFilter.doFilter(RequestCacheAwareFilter.java:63)
	at org.springframework.security.web.ObservationFilterChainDecorator$ObservationFilter.wrapFilter(ObservationFilterChainDecorator.java:240)
	at org.springframework.security.web.ObservationFilterChainDecorator$ObservationFilter.doFilter(ObservationFilterChainDecorator.java:227)
	at org.springframework.security.web.ObservationFilterChainDecorator$VirtualFilterChain.doFilter(ObservationFilterChainDecorator.java:137)
	at com.company.project.security.jwt.JwtAuthenticationFilter.doFilterInternal(JwtAuthenticationFilter.java:52)
	at org.springframework.web.filter.OncePerRequestFilter.doFilter(OncePerRequestFilter.java:116)
	at org.springframework.security.web.ObservationFilterChainDecorator$ObservationFilter.wrapFilter(ObservationFilterChainDecorator.java:240)
	at org.springframework.security.web.ObservationFilterChainDecorator$ObservationFilter.doFilter(ObservationFilterChainDecorator.java:227)
	at org.springframework.security.web.ObservationFilterChainDecorator$VirtualFilterChain.doFilter(ObservationFilterChainDecorator.java:137)
	at org.springframework.security.web.authentication.logout.LogoutFilter.doFilter(LogoutFilter.java:107)
	at org.springframework.security.web.authentication.logout.LogoutFilter.doFilter(LogoutFilter.java:93)
	at org.springframework.security.web.ObservationFilterChainDecorator$ObservationFilter.wrapFilter(ObservationFilterChainDecorator.java:240)
	at org.springframework.security.web.ObservationFilterChainDecorator$ObservationFilter.doFilter(ObservationFilterChainDecorator.java:227)
	at org.springframework.security.web.ObservationFilterChainDecorator$VirtualFilterChain.doFilter(ObservationFilterChainDecorator.java:137)
	at org.springframework.web.filter.CorsFilter.doFilterInternal(CorsFilter.java:91)
	at org.springframework.web.filter.OncePerRequestFilter.doFilter(OncePerRequestFilter.java:116)
	at org.springframework.security.web.ObservationFilterChainDecorator$ObservationFilter.wrapFilter(ObservationFilterChainDecorator.java:240)
	at org.springframework.security.web.ObservationFilterChainDecorator$ObservationFilter.doFilter(ObservationFilterChainDecorator.java:227)
	at org.springframework.security.web.ObservationFilterChainDecorator$VirtualFilterChain.doFilter(ObservationFilterChainDecorator.java:137)
	at org.springframework.security.web.header.HeaderWriterFilter.doHeadersAfter(HeaderWriterFilter.java:90)
	at org.springframework.security.web.header.HeaderWriterFilter.doFilterInternal(HeaderWriterFilter.java:75)
	at org.springframework.web.filter.OncePerRequestFilter.doFilter(OncePerRequestFilter.java:116)
	at org.springframework.security.web.ObservationFilterChainDecorator$ObservationFilter.wrapFilter(ObservationFilterChainDecorator.java:240)
	at org.springframework.security.web.ObservationFilterChainDecorator$ObservationFilter.doFilter(ObservationFilterChainDecorator.java:227)
	at org.springframework.security.web.ObservationFilterChainDecorator$VirtualFilterChain.doFilter(ObservationFilterChainDecorator.java:137)
	at org.springframework.security.web.context.SecurityContextHolderFilter.doFilter(SecurityContextHolderFilter.java:82)
	at org.springframework.security.web.context.SecurityContextHolderFilter.doFilter(SecurityContextHolderFilter.java:69)
	at org.springframework.security.web.ObservationFilterChainDecorator$ObservationFilter.wrapFilter(ObservationFilterChainDecorator.java:240)
	at org.springframework.security.web.ObservationFilterChainDecorator$ObservationFilter.doFilter(ObservationFilterChainDecorator.java:227)
	at org.springframework.security.web.ObservationFilterChainDecorator$VirtualFilterChain.doFilter(ObservationFilterChainDecorator.java:137)
	at org.springframework.security.web.context.request.async.WebAsyncManagerIntegrationFilter.doFilterInternal(WebAsyncManagerIntegrationFilter.java:62)
	at org.springframework.web.filter.OncePerRequestFilter.doFilter(OncePerRequestFilter.java:116)
	at org.springframework.security.web.ObservationFilterChainDecorator$ObservationFilter.wrapFilter(ObservationFilterChainDecorator.java:240)
	at org.springframework.security.web.ObservationFilterChainDecorator$ObservationFilter.doFilter(ObservationFilterChainDecorator.java:227)
	at org.springframework.security.web.ObservationFilterChainDecorator$VirtualFilterChain.doFilter(ObservationFilterChainDecorator.java:137)
	at org.springframework.security.web.session.DisableEncodeUrlFilter.doFilterInternal(DisableEncodeUrlFilter.java:42)
	at org.springframework.web.filter.OncePerRequestFilter.doFilter(OncePerRequestFilter.java:116)
	at org.springframework.security.web.ObservationFilterChainDecorator$ObservationFilter.wrapFilter(ObservationFilterChainDecorator.java:240)
	at org.springframework.security.web.ObservationFilterChainDecorator$AroundFilterObservation$SimpleAroundFilterObservation.lambda$wrap$0(ObservationFilterChainDecorator.java:323)
	at org.springframework.security.web.ObservationFilterChainDecorator$ObservationFilter.doFilter(ObservationFilterChainDecorator.java:224)
	at org.springframework.security.web.ObservationFilterChainDecorator$VirtualFilterChain.doFilter(ObservationFilterChainDecorator.java:137)
	at org.springframework.security.web.FilterChainProxy.doFilterInternal(FilterChainProxy.java:233)
	at org.springframework.security.web.FilterChainProxy.doFilter(FilterChainProxy.java:191)
	at org.springframework.web.filter.CompositeFilter$VirtualFilterChain.doFilter(CompositeFilter.java:113)
	at org.springframework.web.servlet.handler.HandlerMappingIntrospector.lambda$createCacheFilter$3(HandlerMappingIntrospector.java:243)
	at org.springframework.web.filter.CompositeFilter$VirtualFilterChain.doFilter(CompositeFilter.java:113)
	at org.springframework.web.filter.CompositeFilter.doFilter(CompositeFilter.java:74)
	at org.springframework.security.config.annotation.web.configuration.WebMvcSecurityConfiguration$CompositeFilterChainProxy.doFilter(WebMvcSecurityConfiguration.java:238)
	at org.springframework.web.filter.DelegatingFilterProxy.invokeDelegate(DelegatingFilterProxy.java:362)
	at org.springframework.web.filter.DelegatingFilterProxy.doFilter(DelegatingFilterProxy.java:278)
	at org.apache.catalina.core.ApplicationFilterChain.internalDoFilter(ApplicationFilterChain.java:164)
	at org.apache.catalina.core.ApplicationFilterChain.doFilter(ApplicationFilterChain.java:140)
	at org.springframework.web.filter.RequestContextFilter.doFilterInternal(RequestContextFilter.java:100)
	at org.springframework.web.filter.OncePerRequestFilter.doFilter(OncePerRequestFilter.java:116)
	at org.apache.catalina.core.ApplicationFilterChain.internalDoFilter(ApplicationFilterChain.java:164)
	at org.apache.catalina.core.ApplicationFilterChain.doFilter(ApplicationFilterChain.java:140)
	at org.springframework.web.filter.FormContentFilter.doFilterInternal(FormContentFilter.java:93)
	at org.springframework.web.filter.OncePerRequestFilter.doFilter(OncePerRequestFilter.java:116)
	at org.apache.catalina.core.ApplicationFilterChain.internalDoFilter(ApplicationFilterChain.java:164)
	at org.apache.catalina.core.ApplicationFilterChain.doFilter(ApplicationFilterChain.java:140)
	at org.springframework.web.filter.ServerHttpObservationFilter.doFilterInternal(ServerHttpObservationFilter.java:114)
	at org.springframework.web.filter.OncePerRequestFilter.doFilter(OncePerRequestFilter.java:116)
	at org.apache.catalina.core.ApplicationFilterChain.internalDoFilter(ApplicationFilterChain.java:164)
	at org.apache.catalina.core.ApplicationFilterChain.doFilter(ApplicationFilterChain.java:140)
	at org.springframework.web.filter.CharacterEncodingFilter.doFilterInternal(CharacterEncodingFilter.java:201)
	at org.springframework.web.filter.OncePerRequestFilter.doFilter(OncePerRequestFilter.java:116)
	at org.apache.catalina.core.ApplicationFilterChain.internalDoFilter(ApplicationFilterChain.java:164)
	at org.apache.catalina.core.ApplicationFilterChain.doFilter(ApplicationFilterChain.java:140)
	at org.apache.catalina.core.StandardWrapperValve.invoke(StandardWrapperValve.java:167)
	at org.apache.catalina.core.StandardContextValve.invoke(StandardContextValve.java:90)
	at org.apache.catalina.authenticator.AuthenticatorBase.invoke(AuthenticatorBase.java:483)
	at org.apache.catalina.core.StandardHostValve.invoke(StandardHostValve.java:115)
	at org.apache.catalina.valves.ErrorReportValve.invoke(ErrorReportValve.java:93)
	at org.apache.catalina.core.StandardEngineValve.invoke(StandardEngineValve.java:74)
	at org.apache.catalina.connector.CoyoteAdapter.service(CoyoteAdapter.java:344)
	at org.apache.coyote.http11.Http11Processor.service(Http11Processor.java:397)
	at org.apache.coyote.AbstractProcessorLight.process(AbstractProcessorLight.java:63)
	at org.apache.coyote.AbstractProtocol$ConnectionHandler.process(AbstractProtocol.java:905)
	at org.apache.tomcat.util.net.NioEndpoint$SocketProcessor.doRun(NioEndpoint.java:1741)
	at org.apache.tomcat.util.net.SocketProcessorBase.run(SocketProcessorBase.java:52)
	at org.apache.tomcat.util.threads.ThreadPoolExecutor.runWorker(ThreadPoolExecutor.java:1190)
	at org.apache.tomcat.util.threads.ThreadPoolExecutor$Worker.run(ThreadPoolExecutor.java:659)
	at org.apache.tomcat.util.threads.TaskThread$WrappingRunnable.run(TaskThread.java:63)
	at java.base/java.lang.Thread.run(Thread.java:1583)
2026-03-16 16:54:47 [http-nio-8080-exec-9] DEBUG o.s.w.s.m.m.a.HttpEntityMethodProcessor - Using 'application/json', given [application/json, text/plain, */*] and supported [application/json, application/*+json, application/yaml]
2026-03-16 16:54:47 [http-nio-8080-exec-9] TRACE o.s.w.s.m.m.a.HttpEntityMethodProcessor - Writing [ApiResponse[success=false, status=500, code=C004, message=예기치 않은 서버 오류가 발생했습니다., data=null, timestamp=2026-03-16T16:54:47.504409900]]
2026-03-16 16:54:47 [http-nio-8080-exec-9] DEBUG o.s.w.s.m.m.a.ExceptionHandlerExceptionResolver - Resolved [org.springframework.web.servlet.resource.NoResourceFoundException: No static resource api/v1/admin/system/statistics/bbs.]
2026-03-16 16:54:47 [http-nio-8080-exec-9] DEBUG o.s.web.servlet.DispatcherServlet - Completed 500 INTERNAL_SERVER_ERROR
2026-03-16 16:54:47 [http-nio-8080-exec-2] DEBUG o.s.orm.jpa.JpaTransactionManager - Found thread-bound EntityManager [SessionImpl(551384047<open>)] for JPA transaction
2026-03-16 16:54:47 [http-nio-8080-exec-2] DEBUG o.s.orm.jpa.JpaTransactionManager - Participating in existing transaction
2026-03-16 16:54:47 [http-nio-8080-exec-2] DEBUG org.hibernate.SQL - select p1_0.progrm_file_nm,p1_0.progrm_dc,p1_0.progrm_korean_nm,p1_0.progrm_stre_path,p1_0.url from nprogrmlist p1_0
2026-03-16 16:54:47 [http-nio-8080-exec-2] DEBUG o.s.orm.jpa.JpaTransactionManager - Initiating transaction commit
2026-03-16 16:54:47 [http-nio-8080-exec-2] DEBUG o.s.orm.jpa.JpaTransactionManager - Committing JPA transaction on EntityManager [SessionImpl(551384047<open>)]
2026-03-16 16:54:47 [http-nio-8080-exec-2] DEBUG o.s.orm.jpa.JpaTransactionManager - Closing JPA EntityManager [SessionImpl(551384047<open>)] after transaction
2026-03-16 16:54:47 [http-nio-8080-exec-2] INFO  c.c.p.a.c.menu.MenuController - getLeftMenu returned 2 items
2026-03-16 16:54:47 [http-nio-8080-exec-2] DEBUG o.s.w.s.m.m.a.HttpEntityMethodProcessor - Using 'application/json', given [application/json, text/plain, */*] and supported [application/json, application/*+json, application/yaml]
2026-03-16 16:54:47 [http-nio-8080-exec-2] TRACE o.s.w.s.m.m.a.HttpEntityMethodProcessor - Writing [ApiResponse[success=true, status=200, code=COMMON_001, message=Success, data={list=[com.company.project.service.menu.dto.MenuDto@42d94f52, com.company.project.service.menu.dto.MenuDto@12f15b36]}, timestamp=2026-03-16T16:54:47.886263700]]
2026-03-16 16:54:47 [http-nio-8080-exec-2] INFO  c.c.p.a.i.OperationalAuditInterceptor - API Audit Log: URL=/api/v1/menu/left, User=webmaster, IP=127.0.0.1
2026-03-16 16:54:47 [http-nio-8080-exec-2] DEBUG o.s.web.servlet.DispatcherServlet - Completed 200 OK
2026-03-16 16:54:47 [http-nio-8080-exec-5] DEBUG c.c.p.s.jwt.JwtAuthenticationFilter - >>> [JwtFilter] Processing request: GET /api/v1/menu/left
2026-03-16 16:54:47 [http-nio-8080-exec-5] DEBUG c.c.p.s.jwt.JwtAuthenticationFilter - >>> [JwtFilter] Found token in header for path: /api/v1/menu/left
2026-03-16 16:54:47 [http-nio-8080-exec-5] DEBUG o.s.orm.jpa.JpaTransactionManager - Creating new transaction with name [com.company.project.security.iam.CustomUserDetailsService.loadUserByUsername]: PROPAGATION_REQUIRED,ISOLATION_DEFAULT,readOnly
2026-03-16 16:54:47 [http-nio-8080-exec-5] DEBUG o.s.orm.jpa.JpaTransactionManager - Opened new EntityManager [SessionImpl(1511934379<open>)] for JPA transaction
2026-03-16 16:54:48 [http-nio-8080-exec-5] DEBUG o.s.orm.jpa.JpaTransactionManager - Exposing JPA transaction as JDBC [org.springframework.orm.jpa.vendor.HibernateJpaDialect$HibernateConnectionHandle@21dad358]
2026-03-16 16:54:48 [http-nio-8080-exec-5] DEBUG o.s.orm.jpa.JpaTransactionManager - Found thread-bound EntityManager [SessionImpl(1511934379<open>)] for JPA transaction
2026-03-16 16:54:48 [http-nio-8080-exec-5] DEBUG o.s.orm.jpa.JpaTransactionManager - Participating in existing transaction
2026-03-16 16:54:48 [http-nio-8080-exec-5] DEBUG org.hibernate.SQL - select u1_0.emplyr_id,u1_0.area_no,u1_0.brthdy,u1_0.chg_pwd_cnt,u1_0.frst_register_id,u1_0.frst_regist_pnttm,u1_0.detail_adres,u1_0.email_adres,u1_0.emplyr_sttus_code,u1_0.empl_no,u1_0.esntl_id,u1_0.fxnum,u1_0.group_id,u1_0.house_adres,u1_0.house_end_telno,u1_0.house_middle_telno,u1_0.ihidnum,u1_0.pstinst_code,u1_0.last_updusr_id,u1_0.last_updt_pnttm,u1_0.lock_at,u1_0.lock_cnt,u1_0.lock_last_pnttm,u1_0.mbtlnum,u1_0.ofcps_nm,u1_0.offm_telno,u1_0.orgnzt_id,u1_0.password,u1_0.password_cnsr,u1_0.password_hint,u1_0.chg_pwd_last_pnttm,u1_0.role,u1_0.sbscrb_de,u1_0.sexdstn_code,u1_0.crtfc_dn_value,u1_0.user_nm,u1_0.zip from nemplyrinfo u1_0 where u1_0.emplyr_id=?
2026-03-16 16:54:48 [http-nio-8080-exec-5] DEBUG o.s.orm.jpa.JpaTransactionManager - Found thread-bound EntityManager [SessionImpl(1511934379<open>)] for JPA transaction
2026-03-16 16:54:48 [http-nio-8080-exec-5] DEBUG o.s.orm.jpa.JpaTransactionManager - Participating in existing transaction
2026-03-16 16:54:48 [http-nio-8080-exec-5] DEBUG org.hibernate.SQL - select ua1_0.scrty_dtrmn_trget_id,ua1_0.author_code,ua1_0.frst_register_id,ua1_0.frst_regist_pnttm,ua1_0.last_updusr_id,ua1_0.last_updt_pnttm,ua1_0.mber_ty_code from nemplyrscrtyestbs ua1_0 where ua1_0.scrty_dtrmn_trget_id=?
2026-03-16 16:54:48 [http-nio-8080-exec-5] DEBUG o.s.orm.jpa.JpaTransactionManager - Initiating transaction commit
2026-03-16 16:54:48 [http-nio-8080-exec-5] DEBUG o.s.orm.jpa.JpaTransactionManager - Committing JPA transaction on EntityManager [SessionImpl(1511934379<open>)]
2026-03-16 16:54:48 [http-nio-8080-exec-5] DEBUG o.s.orm.jpa.JpaTransactionManager - Closing JPA EntityManager [SessionImpl(1511934379<open>)] after transaction
2026-03-16 16:54:48 [http-nio-8080-exec-5] DEBUG c.c.p.s.jwt.JwtAuthenticationFilter - >>> [JwtFilter] Successfully authenticated user: USRCNFRM_99999999999, Authorities: [ROLE_ADMIN]
2026-03-16 16:54:48 [http-nio-8080-exec-5] DEBUG o.s.web.servlet.DispatcherServlet - GET "/api/v1/menu/left?menuNo=50", parameters={masked}
2026-03-16 16:54:48 [http-nio-8080-exec-5] TRACE o.s.w.s.m.m.a.RequestMappingHandlerMapping - Mapped to com.company.project.api.controller.menu.MenuController#getLeftMenu(Long)
2026-03-16 16:54:48 [http-nio-8080-exec-5] INFO  c.c.p.a.c.menu.MenuController - getLeftMenu called with menuNo=50
2026-03-16 16:54:48 [http-nio-8080-exec-5] DEBUG o.s.orm.jpa.JpaTransactionManager - Creating new transaction with name [com.company.project.service.menu.MenuService.getSubMenus]: PROPAGATION_REQUIRED,ISOLATION_DEFAULT,readOnly
2026-03-16 16:54:48 [http-nio-8080-exec-5] DEBUG o.s.orm.jpa.JpaTransactionManager - Opened new EntityManager [SessionImpl(437541725<open>)] for JPA transaction
2026-03-16 16:54:48 [http-nio-8080-exec-5] DEBUG o.s.orm.jpa.JpaTransactionManager - Exposing JPA transaction as JDBC [org.springframework.orm.jpa.vendor.HibernateJpaDialect$HibernateConnectionHandle@7a4e0d4]
2026-03-16 16:54:48 [http-nio-8080-exec-5] DEBUG org.hibernate.SQL - select m1_0.menu_no,m1_0.menu_dc,m1_0.menu_nm,m1_0.menu_ordr,m1_0.modern_route,m1_0.progrm_file_nm,m1_0.relate_image_nm,m1_0.relate_image_path,m1_0.route_updated_at,m1_0.upper_menu_no from nmenuinfo m1_0 order by m1_0.upper_menu_no,m1_0.menu_ordr
2026-03-16 16:54:48 [http-nio-8080-exec-5] DEBUG o.s.orm.jpa.JpaTransactionManager - Found thread-bound EntityManager [SessionImpl(437541725<open>)] for JPA transaction
2026-03-16 16:54:48 [http-nio-8080-exec-5] DEBUG o.s.orm.jpa.JpaTransactionManager - Participating in existing transaction
2026-03-16 16:54:48 [http-nio-8080-exec-5] DEBUG org.hibernate.SQL - select p1_0.progrm_file_nm,p1_0.progrm_dc,p1_0.progrm_korean_nm,p1_0.progrm_stre_path,p1_0.url from nprogrmlist p1_0
2026-03-16 16:54:49 [http-nio-8080-exec-5] DEBUG o.s.orm.jpa.JpaTransactionManager - Initiating transaction commit
2026-03-16 16:54:49 [http-nio-8080-exec-5] DEBUG o.s.orm.jpa.JpaTransactionManager - Committing JPA transaction on EntityManager [SessionImpl(437541725<open>)]
2026-03-16 16:54:49 [http-nio-8080-exec-5] DEBUG o.s.orm.jpa.JpaTransactionManager - Closing JPA EntityManager [SessionImpl(437541725<open>)] after transaction
2026-03-16 16:54:49 [http-nio-8080-exec-5] INFO  c.c.p.a.c.menu.MenuController - getLeftMenu returned 3 items
2026-03-16 16:54:49 [http-nio-8080-exec-5] DEBUG o.s.w.s.m.m.a.HttpEntityMethodProcessor - Using 'application/json', given [application/json, text/plain, */*] and supported [application/json, application/*+json, application/yaml]
2026-03-16 16:54:49 [http-nio-8080-exec-5] TRACE o.s.w.s.m.m.a.HttpEntityMethodProcessor - Writing [ApiResponse[success=true, status=200, code=COMMON_001, message=Success, data={list=[com.company.project.service.menu.dto.MenuDto@7cc9bde5, com.company.project.service.menu.dto.MenuDto@a8bad3f, com.company.project.service.menu.dto.MenuDto@5097f242]}, timestamp=2026-03-16T16:54:49.308266600]]
2026-03-16 16:54:49 [http-nio-8080-exec-5] INFO  c.c.p.a.i.OperationalAuditInterceptor - API Audit Log: URL=/api/v1/menu/left, User=webmaster, IP=127.0.0.1
2026-03-16 16:54:49 [http-nio-8080-exec-5] DEBUG o.s.web.servlet.DispatcherServlet - Completed 200 OK
2026-03-16 16:54:49 [http-nio-8080-exec-4] DEBUG c.c.p.s.jwt.JwtAuthenticationFilter - >>> [JwtFilter] Processing request: GET /api/v1/menu/left
2026-03-16 16:54:49 [http-nio-8080-exec-4] DEBUG c.c.p.s.jwt.JwtAuthenticationFilter - >>> [JwtFilter] Found token in header for path: /api/v1/menu/left
2026-03-16 16:54:49 [http-nio-8080-exec-4] DEBUG o.s.orm.jpa.JpaTransactionManager - Creating new transaction with name [com.company.project.security.iam.CustomUserDetailsService.loadUserByUsername]: PROPAGATION_REQUIRED,ISOLATION_DEFAULT,readOnly
2026-03-16 16:54:49 [http-nio-8080-exec-4] DEBUG o.s.orm.jpa.JpaTransactionManager - Opened new EntityManager [SessionImpl(1522719491<open>)] for JPA transaction
2026-03-16 16:54:49 [http-nio-8080-exec-4] DEBUG o.s.orm.jpa.JpaTransactionManager - Exposing JPA transaction as JDBC [org.springframework.orm.jpa.vendor.HibernateJpaDialect$HibernateConnectionHandle@15a338e2]
2026-03-16 16:54:49 [http-nio-8080-exec-4] DEBUG o.s.orm.jpa.JpaTransactionManager - Found thread-bound EntityManager [SessionImpl(1522719491<open>)] for JPA transaction
2026-03-16 16:54:49 [http-nio-8080-exec-4] DEBUG o.s.orm.jpa.JpaTransactionManager - Participating in existing transaction
2026-03-16 16:54:49 [http-nio-8080-exec-4] DEBUG org.hibernate.SQL - select u1_0.emplyr_id,u1_0.area_no,u1_0.brthdy,u1_0.chg_pwd_cnt,u1_0.frst_register_id,u1_0.frst_regist_pnttm,u1_0.detail_adres,u1_0.email_adres,u1_0.emplyr_sttus_code,u1_0.empl_no,u1_0.esntl_id,u1_0.fxnum,u1_0.group_id,u1_0.house_adres,u1_0.house_end_telno,u1_0.house_middle_telno,u1_0.ihidnum,u1_0.pstinst_code,u1_0.last_updusr_id,u1_0.last_updt_pnttm,u1_0.lock_at,u1_0.lock_cnt,u1_0.lock_last_pnttm,u1_0.mbtlnum,u1_0.ofcps_nm,u1_0.offm_telno,u1_0.orgnzt_id,u1_0.password,u1_0.password_cnsr,u1_0.password_hint,u1_0.chg_pwd_last_pnttm,u1_0.role,u1_0.sbscrb_de,u1_0.sexdstn_code,u1_0.crtfc_dn_value,u1_0.user_nm,u1_0.zip from nemplyrinfo u1_0 where u1_0.emplyr_id=?
2026-03-16 16:54:49 [http-nio-8080-exec-4] DEBUG o.s.orm.jpa.JpaTransactionManager - Found thread-bound EntityManager [SessionImpl(1522719491<open>)] for JPA transaction
2026-03-16 16:54:49 [http-nio-8080-exec-4] DEBUG o.s.orm.jpa.JpaTransactionManager - Participating in existing transaction
2026-03-16 16:54:49 [http-nio-8080-exec-4] DEBUG org.hibernate.SQL - select ua1_0.scrty_dtrmn_trget_id,ua1_0.author_code,ua1_0.frst_register_id,ua1_0.frst_regist_pnttm,ua1_0.last_updusr_id,ua1_0.last_updt_pnttm,ua1_0.mber_ty_code from nemplyrscrtyestbs ua1_0 where ua1_0.scrty_dtrmn_trget_id=?
2026-03-16 16:54:50 [http-nio-8080-exec-4] DEBUG o.s.orm.jpa.JpaTransactionManager - Initiating transaction commit
2026-03-16 16:54:50 [http-nio-8080-exec-4] DEBUG o.s.orm.jpa.JpaTransactionManager - Committing JPA transaction on EntityManager [SessionImpl(1522719491<open>)]
2026-03-16 16:54:50 [http-nio-8080-exec-4] DEBUG o.s.orm.jpa.JpaTransactionManager - Closing JPA EntityManager [SessionImpl(1522719491<open>)] after transaction
2026-03-16 16:54:50 [http-nio-8080-exec-4] DEBUG c.c.p.s.jwt.JwtAuthenticationFilter - >>> [JwtFilter] Successfully authenticated user: USRCNFRM_99999999999, Authorities: [ROLE_ADMIN]
2026-03-16 16:54:50 [http-nio-8080-exec-4] DEBUG o.s.web.servlet.DispatcherServlet - GET "/api/v1/menu/left?menuNo=60", parameters={masked}
2026-03-16 16:54:50 [http-nio-8080-exec-4] TRACE o.s.w.s.m.m.a.RequestMappingHandlerMapping - Mapped to com.company.project.api.controller.menu.MenuController#getLeftMenu(Long)
2026-03-16 16:54:50 [http-nio-8080-exec-4] INFO  c.c.p.a.c.menu.MenuController - getLeftMenu called with menuNo=60
2026-03-16 16:54:50 [http-nio-8080-exec-4] DEBUG o.s.orm.jpa.JpaTransactionManager - Creating new transaction with name [com.company.project.service.menu.MenuService.getSubMenus]: PROPAGATION_REQUIRED,ISOLATION_DEFAULT,readOnly
2026-03-16 16:54:50 [http-nio-8080-exec-4] DEBUG o.s.orm.jpa.JpaTransactionManager - Opened new EntityManager [SessionImpl(64109635<open>)] for JPA transaction
2026-03-16 16:54:50 [http-nio-8080-exec-4] DEBUG o.s.orm.jpa.JpaTransactionManager - Exposing JPA transaction as JDBC [org.springframework.orm.jpa.vendor.HibernateJpaDialect$HibernateConnectionHandle@2e841f01]
2026-03-16 16:54:50 [http-nio-8080-exec-4] DEBUG org.hibernate.SQL - select m1_0.menu_no,m1_0.menu_dc,m1_0.menu_nm,m1_0.menu_ordr,m1_0.modern_route,m1_0.progrm_file_nm,m1_0.relate_image_nm,m1_0.relate_image_path,m1_0.route_updated_at,m1_0.upper_menu_no from nmenuinfo m1_0 order by m1_0.upper_menu_no,m1_0.menu_ordr
2026-03-16 16:54:50 [http-nio-8080-exec-4] DEBUG o.s.orm.jpa.JpaTransactionManager - Found thread-bound EntityManager [SessionImpl(64109635<open>)] for JPA transaction
2026-03-16 16:54:50 [http-nio-8080-exec-4] DEBUG o.s.orm.jpa.JpaTransactionManager - Participating in existing transaction
2026-03-16 16:54:50 [http-nio-8080-exec-4] DEBUG org.hibernate.SQL - select p1_0.progrm_file_nm,p1_0.progrm_dc,p1_0.progrm_korean_nm,p1_0.progrm_stre_path,p1_0.url from nprogrmlist p1_0
2026-03-16 16:54:50 [http-nio-8080-exec-4] DEBUG o.s.orm.jpa.JpaTransactionManager - Initiating transaction commit
2026-03-16 16:54:50 [http-nio-8080-exec-4] DEBUG o.s.orm.jpa.JpaTransactionManager - Committing JPA transaction on EntityManager [SessionImpl(64109635<open>)]
2026-03-16 16:54:51 [http-nio-8080-exec-4] DEBUG o.s.orm.jpa.JpaTransactionManager - Closing JPA EntityManager [SessionImpl(64109635<open>)] after transaction
2026-03-16 16:54:51 [http-nio-8080-exec-4] INFO  c.c.p.a.c.menu.MenuController - getLeftMenu returned 1 items
2026-03-16 16:54:51 [http-nio-8080-exec-4] DEBUG o.s.w.s.m.m.a.HttpEntityMethodProcessor - Using 'application/json', given [application/json, text/plain, */*] and supported [application/json, application/*+json, application/yaml]
2026-03-16 16:54:51 [http-nio-8080-exec-4] TRACE o.s.w.s.m.m.a.HttpEntityMethodProcessor - Writing [ApiResponse[success=true, status=200, code=COMMON_001, message=Success, data={list=[com.company.project.service.menu.dto.MenuDto@65b7d780]}, timestamp=2026-03-16T16:54:51.047052900]]
2026-03-16 16:54:51 [http-nio-8080-exec-4] INFO  c.c.p.a.i.OperationalAuditInterceptor - API Audit Log: URL=/api/v1/menu/left, User=webmaster, IP=127.0.0.1
2026-03-16 16:54:51 [http-nio-8080-exec-4] DEBUG o.s.web.servlet.DispatcherServlet - Completed 200 OK
2026-03-16 16:54:56 [http-nio-8080-exec-9] DEBUG c.c.p.s.jwt.JwtAuthenticationFilter - >>> [JwtFilter] Processing request: GET /api/v1/menu/head
2026-03-16 16:54:56 [http-nio-8080-exec-2] DEBUG c.c.p.s.jwt.JwtAuthenticationFilter - >>> [JwtFilter] Processing request: GET /api/v1/admin/system/users
2026-03-16 16:54:56 [http-nio-8080-exec-9] DEBUG c.c.p.s.jwt.JwtAuthenticationFilter - >>> [JwtFilter] Found token in header for path: /api/v1/menu/head
2026-03-16 16:54:56 [http-nio-8080-exec-2] DEBUG c.c.p.s.jwt.JwtAuthenticationFilter - >>> [JwtFilter] Found token in header for path: /api/v1/admin/system/users
2026-03-16 16:54:56 [http-nio-8080-exec-2] DEBUG o.s.orm.jpa.JpaTransactionManager - Creating new transaction with name [com.company.project.security.iam.CustomUserDetailsService.loadUserByUsername]: PROPAGATION_REQUIRED,ISOLATION_DEFAULT,readOnly
2026-03-16 16:54:56 [http-nio-8080-exec-9] DEBUG o.s.orm.jpa.JpaTransactionManager - Creating new transaction with name [com.company.project.security.iam.CustomUserDetailsService.loadUserByUsername]: PROPAGATION_REQUIRED,ISOLATION_DEFAULT,readOnly
2026-03-16 16:54:56 [http-nio-8080-exec-2] DEBUG o.s.orm.jpa.JpaTransactionManager - Opened new EntityManager [SessionImpl(527858140<open>)] for JPA transaction
2026-03-16 16:54:56 [http-nio-8080-exec-9] DEBUG o.s.orm.jpa.JpaTransactionManager - Opened new EntityManager [SessionImpl(392012242<open>)] for JPA transaction
2026-03-16 16:54:56 [http-nio-8080-exec-2] DEBUG o.s.orm.jpa.JpaTransactionManager - Exposing JPA transaction as JDBC [org.springframework.orm.jpa.vendor.HibernateJpaDialect$HibernateConnectionHandle@555487be]
2026-03-16 16:54:56 [http-nio-8080-exec-2] DEBUG o.s.orm.jpa.JpaTransactionManager - Found thread-bound EntityManager [SessionImpl(527858140<open>)] for JPA transaction
2026-03-16 16:54:56 [http-nio-8080-exec-2] DEBUG o.s.orm.jpa.JpaTransactionManager - Participating in existing transaction
2026-03-16 16:54:56 [http-nio-8080-exec-2] DEBUG org.hibernate.SQL - select u1_0.emplyr_id,u1_0.area_no,u1_0.brthdy,u1_0.chg_pwd_cnt,u1_0.frst_register_id,u1_0.frst_regist_pnttm,u1_0.detail_adres,u1_0.email_adres,u1_0.emplyr_sttus_code,u1_0.empl_no,u1_0.esntl_id,u1_0.fxnum,u1_0.group_id,u1_0.house_adres,u1_0.house_end_telno,u1_0.house_middle_telno,u1_0.ihidnum,u1_0.pstinst_code,u1_0.last_updusr_id,u1_0.last_updt_pnttm,u1_0.lock_at,u1_0.lock_cnt,u1_0.lock_last_pnttm,u1_0.mbtlnum,u1_0.ofcps_nm,u1_0.offm_telno,u1_0.orgnzt_id,u1_0.password,u1_0.password_cnsr,u1_0.password_hint,u1_0.chg_pwd_last_pnttm,u1_0.role,u1_0.sbscrb_de,u1_0.sexdstn_code,u1_0.crtfc_dn_value,u1_0.user_nm,u1_0.zip from nemplyrinfo u1_0 where u1_0.emplyr_id=?
2026-03-16 16:54:56 [http-nio-8080-exec-9] DEBUG o.s.orm.jpa.JpaTransactionManager - Exposing JPA transaction as JDBC [org.springframework.orm.jpa.vendor.HibernateJpaDialect$HibernateConnectionHandle@4a27af11]
2026-03-16 16:54:56 [http-nio-8080-exec-9] DEBUG o.s.orm.jpa.JpaTransactionManager - Found thread-bound EntityManager [SessionImpl(392012242<open>)] for JPA transaction
2026-03-16 16:54:56 [http-nio-8080-exec-9] DEBUG o.s.orm.jpa.JpaTransactionManager - Participating in existing transaction
2026-03-16 16:54:56 [http-nio-8080-exec-9] DEBUG org.hibernate.SQL - select u1_0.emplyr_id,u1_0.area_no,u1_0.brthdy,u1_0.chg_pwd_cnt,u1_0.frst_register_id,u1_0.frst_regist_pnttm,u1_0.detail_adres,u1_0.email_adres,u1_0.emplyr_sttus_code,u1_0.empl_no,u1_0.esntl_id,u1_0.fxnum,u1_0.group_id,u1_0.house_adres,u1_0.house_end_telno,u1_0.house_middle_telno,u1_0.ihidnum,u1_0.pstinst_code,u1_0.last_updusr_id,u1_0.last_updt_pnttm,u1_0.lock_at,u1_0.lock_cnt,u1_0.lock_last_pnttm,u1_0.mbtlnum,u1_0.ofcps_nm,u1_0.offm_telno,u1_0.orgnzt_id,u1_0.password,u1_0.password_cnsr,u1_0.password_hint,u1_0.chg_pwd_last_pnttm,u1_0.role,u1_0.sbscrb_de,u1_0.sexdstn_code,u1_0.crtfc_dn_value,u1_0.user_nm,u1_0.zip from nemplyrinfo u1_0 where u1_0.emplyr_id=?
2026-03-16 16:54:56 [http-nio-8080-exec-2] DEBUG o.s.orm.jpa.JpaTransactionManager - Found thread-bound EntityManager [SessionImpl(527858140<open>)] for JPA transaction
2026-03-16 16:54:56 [http-nio-8080-exec-2] DEBUG o.s.orm.jpa.JpaTransactionManager - Participating in existing transaction
2026-03-16 16:54:56 [http-nio-8080-exec-2] DEBUG org.hibernate.SQL - select ua1_0.scrty_dtrmn_trget_id,ua1_0.author_code,ua1_0.frst_register_id,ua1_0.frst_regist_pnttm,ua1_0.last_updusr_id,ua1_0.last_updt_pnttm,ua1_0.mber_ty_code from nemplyrscrtyestbs ua1_0 where ua1_0.scrty_dtrmn_trget_id=?
2026-03-16 16:54:56 [http-nio-8080-exec-9] DEBUG o.s.orm.jpa.JpaTransactionManager - Found thread-bound EntityManager [SessionImpl(392012242<open>)] for JPA transaction
2026-03-16 16:54:56 [http-nio-8080-exec-9] DEBUG o.s.orm.jpa.JpaTransactionManager - Participating in existing transaction
2026-03-16 16:54:56 [http-nio-8080-exec-9] DEBUG org.hibernate.SQL - select ua1_0.scrty_dtrmn_trget_id,ua1_0.author_code,ua1_0.frst_register_id,ua1_0.frst_regist_pnttm,ua1_0.last_updusr_id,ua1_0.last_updt_pnttm,ua1_0.mber_ty_code from nemplyrscrtyestbs ua1_0 where ua1_0.scrty_dtrmn_trget_id=?
2026-03-16 16:54:57 [http-nio-8080-exec-2] DEBUG o.s.orm.jpa.JpaTransactionManager - Initiating transaction commit
2026-03-16 16:54:57 [http-nio-8080-exec-2] DEBUG o.s.orm.jpa.JpaTransactionManager - Committing JPA transaction on EntityManager [SessionImpl(527858140<open>)]
2026-03-16 16:54:57 [http-nio-8080-exec-9] DEBUG o.s.orm.jpa.JpaTransactionManager - Initiating transaction commit
2026-03-16 16:54:57 [http-nio-8080-exec-9] DEBUG o.s.orm.jpa.JpaTransactionManager - Committing JPA transaction on EntityManager [SessionImpl(392012242<open>)]
2026-03-16 16:54:57 [http-nio-8080-exec-2] DEBUG o.s.orm.jpa.JpaTransactionManager - Closing JPA EntityManager [SessionImpl(527858140<open>)] after transaction
2026-03-16 16:54:57 [http-nio-8080-exec-9] DEBUG o.s.orm.jpa.JpaTransactionManager - Closing JPA EntityManager [SessionImpl(392012242<open>)] after transaction
2026-03-16 16:54:57 [http-nio-8080-exec-2] DEBUG c.c.p.s.jwt.JwtAuthenticationFilter - >>> [JwtFilter] Successfully authenticated user: USRCNFRM_99999999999, Authorities: [ROLE_ADMIN]
2026-03-16 16:54:57 [http-nio-8080-exec-9] DEBUG c.c.p.s.jwt.JwtAuthenticationFilter - >>> [JwtFilter] Successfully authenticated user: USRCNFRM_99999999999, Authorities: [ROLE_ADMIN]
2026-03-16 16:54:57 [http-nio-8080-exec-9] DEBUG o.s.web.servlet.DispatcherServlet - GET "/api/v1/menu/head", parameters={}
2026-03-16 16:54:57 [http-nio-8080-exec-2] DEBUG o.s.web.servlet.DispatcherServlet - GET "/api/v1/admin/system/users?pageIndex=1&searchCondition=0&searchKeyword=&sbscrbSttus=", parameters={masked}
2026-03-16 16:54:57 [http-nio-8080-exec-9] TRACE o.s.w.s.m.m.a.RequestMappingHandlerMapping - Mapped to com.company.project.api.controller.menu.MenuController#getHeadMenu()
2026-03-16 16:54:57 [http-nio-8080-exec-2] TRACE o.s.w.s.m.m.a.RequestMappingHandlerMapping - Mapped to com.company.project.api.controller.system.UserApiController#getUsers(Pageable)
2026-03-16 16:54:57 [http-nio-8080-exec-9] INFO  c.c.p.a.c.menu.MenuController - getHeadMenu called
2026-03-16 16:54:57 [http-nio-8080-exec-9] INFO  c.c.p.a.c.menu.MenuController - getHeadMenu returned 5 items
2026-03-16 16:54:57 [http-nio-8080-exec-9] DEBUG o.s.w.s.m.m.a.HttpEntityMethodProcessor - Using 'application/json', given [application/json, text/plain, */*] and supported [application/json, application/*+json, application/yaml]
2026-03-16 16:54:57 [http-nio-8080-exec-9] TRACE o.s.w.s.m.m.a.HttpEntityMethodProcessor - Writing [ApiResponse[success=true, status=200, code=COMMON_001, message=Success, data={list=[com.company.project.service.menu.dto.MenuDto@2b80d6b0, com.company.project.service.menu.dto.MenuDto@1418cfa3, com.company.project.service.menu.dto.MenuDto@f230bf1, com.company.project.service.menu.dto.MenuDto@734a7f6a, com.company.project.service.menu.dto.MenuDto@5e5202e5]}, timestamp=2026-03-16T16:54:57.233766700]]
2026-03-16 16:54:57 [http-nio-8080-exec-9] INFO  c.c.p.a.i.OperationalAuditInterceptor - API Audit Log: URL=/api/v1/menu/head, User=webmaster, IP=0:0:0:0:0:0:0:1
2026-03-16 16:54:57 [http-nio-8080-exec-9] DEBUG o.s.web.servlet.DispatcherServlet - Completed 200 OK
2026-03-16 16:54:57 [http-nio-8080-exec-2] DEBUG o.s.orm.jpa.JpaTransactionManager - Creating new transaction with name [com.company.project.service.usermanagement.UserManageService.selectUserList]: PROPAGATION_REQUIRED,ISOLATION_DEFAULT,readOnly
2026-03-16 16:54:57 [http-nio-8080-exec-2] DEBUG o.s.orm.jpa.JpaTransactionManager - Opened new EntityManager [SessionImpl(1864034650<open>)] for JPA transaction
2026-03-16 16:54:57 [http-nio-8080-exec-2] DEBUG o.s.orm.jpa.JpaTransactionManager - Exposing JPA transaction as JDBC [org.springframework.orm.jpa.vendor.HibernateJpaDialect$HibernateConnectionHandle@5ad6ebbb]
2026-03-16 16:54:57 [http-nio-8080-exec-2] DEBUG org.hibernate.SQL - select u1_0.emplyr_id,u1_0.area_no,u1_0.brthdy,u1_0.chg_pwd_cnt,u1_0.frst_register_id,u1_0.frst_regist_pnttm,u1_0.detail_adres,u1_0.email_adres,u1_0.emplyr_sttus_code,u1_0.empl_no,u1_0.esntl_id,u1_0.fxnum,u1_0.group_id,u1_0.house_adres,u1_0.house_end_telno,u1_0.house_middle_telno,u1_0.ihidnum,u1_0.pstinst_code,u1_0.last_updusr_id,u1_0.last_updt_pnttm,u1_0.lock_at,u1_0.lock_cnt,u1_0.lock_last_pnttm,u1_0.mbtlnum,u1_0.ofcps_nm,u1_0.offm_telno,u1_0.orgnzt_id,u1_0.password,u1_0.password_cnsr,u1_0.password_hint,u1_0.chg_pwd_last_pnttm,u1_0.role,u1_0.sbscrb_de,u1_0.sexdstn_code,u1_0.crtfc_dn_value,u1_0.user_nm,u1_0.zip from nemplyrinfo u1_0 order by u1_0.emplyr_id desc offset ? rows fetch first ? rows only
2026-03-16 16:54:57 [http-nio-8080-exec-3] DEBUG c.c.p.s.jwt.JwtAuthenticationFilter - >>> [JwtFilter] Processing request: GET /api/v1/menu/left
2026-03-16 16:54:57 [http-nio-8080-exec-3] DEBUG c.c.p.s.jwt.JwtAuthenticationFilter - >>> [JwtFilter] Found token in header for path: /api/v1/menu/left
2026-03-16 16:54:57 [http-nio-8080-exec-10] DEBUG c.c.p.s.jwt.JwtAuthenticationFilter - >>> [JwtFilter] Processing request: GET /api/v1/menu/left
2026-03-16 16:54:57 [http-nio-8080-exec-3] DEBUG o.s.orm.jpa.JpaTransactionManager - Creating new transaction with name [com.company.project.security.iam.CustomUserDetailsService.loadUserByUsername]: PROPAGATION_REQUIRED,ISOLATION_DEFAULT,readOnly
2026-03-16 16:54:57 [http-nio-8080-exec-10] DEBUG c.c.p.s.jwt.JwtAuthenticationFilter - >>> [JwtFilter] Found token in header for path: /api/v1/menu/left
2026-03-16 16:54:57 [http-nio-8080-exec-7] DEBUG c.c.p.s.jwt.JwtAuthenticationFilter - >>> [JwtFilter] Processing request: GET /api/v1/menu/left
2026-03-16 16:54:57 [http-nio-8080-exec-8] DEBUG c.c.p.s.jwt.JwtAuthenticationFilter - >>> [JwtFilter] Processing request: GET /api/v1/menu/left
2026-03-16 16:54:57 [http-nio-8080-exec-6] DEBUG c.c.p.s.jwt.JwtAuthenticationFilter - >>> [JwtFilter] Processing request: GET /api/v1/menu/left
2026-03-16 16:54:57 [http-nio-8080-exec-10] DEBUG o.s.orm.jpa.JpaTransactionManager - Creating new transaction with name [com.company.project.security.iam.CustomUserDetailsService.loadUserByUsername]: PROPAGATION_REQUIRED,ISOLATION_DEFAULT,readOnly
2026-03-16 16:54:57 [http-nio-8080-exec-7] DEBUG c.c.p.s.jwt.JwtAuthenticationFilter - >>> [JwtFilter] Found token in header for path: /api/v1/menu/left
2026-03-16 16:54:57 [http-nio-8080-exec-8] DEBUG c.c.p.s.jwt.JwtAuthenticationFilter - >>> [JwtFilter] Found token in header for path: /api/v1/menu/left
2026-03-16 16:54:57 [http-nio-8080-exec-3] DEBUG o.s.orm.jpa.JpaTransactionManager - Opened new EntityManager [SessionImpl(811536429<open>)] for JPA transaction
2026-03-16 16:54:57 [http-nio-8080-exec-10] DEBUG o.s.orm.jpa.JpaTransactionManager - Opened new EntityManager [SessionImpl(508748889<open>)] for JPA transaction
2026-03-16 16:54:57 [http-nio-8080-exec-8] DEBUG o.s.orm.jpa.JpaTransactionManager - Creating new transaction with name [com.company.project.security.iam.CustomUserDetailsService.loadUserByUsername]: PROPAGATION_REQUIRED,ISOLATION_DEFAULT,readOnly
2026-03-16 16:54:57 [http-nio-8080-exec-6] DEBUG c.c.p.s.jwt.JwtAuthenticationFilter - >>> [JwtFilter] Found token in header for path: /api/v1/menu/left
2026-03-16 16:54:57 [http-nio-8080-exec-8] DEBUG o.s.orm.jpa.JpaTransactionManager - Opened new EntityManager [SessionImpl(927450003<open>)] for JPA transaction
2026-03-16 16:54:57 [http-nio-8080-exec-7] DEBUG o.s.orm.jpa.JpaTransactionManager - Creating new transaction with name [com.company.project.security.iam.CustomUserDetailsService.loadUserByUsername]: PROPAGATION_REQUIRED,ISOLATION_DEFAULT,readOnly
2026-03-16 16:54:57 [http-nio-8080-exec-7] DEBUG o.s.orm.jpa.JpaTransactionManager - Opened new EntityManager [SessionImpl(647914858<open>)] for JPA transaction
2026-03-16 16:54:57 [http-nio-8080-exec-6] DEBUG o.s.orm.jpa.JpaTransactionManager - Creating new transaction with name [com.company.project.security.iam.CustomUserDetailsService.loadUserByUsername]: PROPAGATION_REQUIRED,ISOLATION_DEFAULT,readOnly
2026-03-16 16:54:57 [http-nio-8080-exec-6] DEBUG o.s.orm.jpa.JpaTransactionManager - Opened new EntityManager [SessionImpl(1213533000<open>)] for JPA transaction
2026-03-16 16:54:57 [http-nio-8080-exec-8] DEBUG o.s.orm.jpa.JpaTransactionManager - Exposing JPA transaction as JDBC [org.springframework.orm.jpa.vendor.HibernateJpaDialect$HibernateConnectionHandle@200fab11]
2026-03-16 16:54:57 [http-nio-8080-exec-10] DEBUG o.s.orm.jpa.JpaTransactionManager - Exposing JPA transaction as JDBC [org.springframework.orm.jpa.vendor.HibernateJpaDialect$HibernateConnectionHandle@14473ceb]
2026-03-16 16:54:57 [http-nio-8080-exec-6] DEBUG o.s.orm.jpa.JpaTransactionManager - Exposing JPA transaction as JDBC [org.springframework.orm.jpa.vendor.HibernateJpaDialect$HibernateConnectionHandle@32bdfb94]
2026-03-16 16:54:57 [http-nio-8080-exec-7] DEBUG o.s.orm.jpa.JpaTransactionManager - Exposing JPA transaction as JDBC [org.springframework.orm.jpa.vendor.HibernateJpaDialect$HibernateConnectionHandle@2d0c7196]
2026-03-16 16:54:57 [http-nio-8080-exec-8] DEBUG o.s.orm.jpa.JpaTransactionManager - Found thread-bound EntityManager [SessionImpl(927450003<open>)] for JPA transaction
2026-03-16 16:54:57 [http-nio-8080-exec-10] DEBUG o.s.orm.jpa.JpaTransactionManager - Found thread-bound EntityManager [SessionImpl(508748889<open>)] for JPA transaction
2026-03-16 16:54:57 [http-nio-8080-exec-8] DEBUG o.s.orm.jpa.JpaTransactionManager - Participating in existing transaction
2026-03-16 16:54:57 [http-nio-8080-exec-6] DEBUG o.s.orm.jpa.JpaTransactionManager - Found thread-bound EntityManager [SessionImpl(1213533000<open>)] for JPA transaction
2026-03-16 16:54:57 [http-nio-8080-exec-10] DEBUG o.s.orm.jpa.JpaTransactionManager - Participating in existing transaction
2026-03-16 16:54:57 [http-nio-8080-exec-7] DEBUG o.s.orm.jpa.JpaTransactionManager - Found thread-bound EntityManager [SessionImpl(647914858<open>)] for JPA transaction
2026-03-16 16:54:57 [http-nio-8080-exec-7] DEBUG o.s.orm.jpa.JpaTransactionManager - Participating in existing transaction
2026-03-16 16:54:57 [http-nio-8080-exec-7] DEBUG org.hibernate.SQL - select u1_0.emplyr_id,u1_0.area_no,u1_0.brthdy,u1_0.chg_pwd_cnt,u1_0.frst_register_id,u1_0.frst_regist_pnttm,u1_0.detail_adres,u1_0.email_adres,u1_0.emplyr_sttus_code,u1_0.empl_no,u1_0.esntl_id,u1_0.fxnum,u1_0.group_id,u1_0.house_adres,u1_0.house_end_telno,u1_0.house_middle_telno,u1_0.ihidnum,u1_0.pstinst_code,u1_0.last_updusr_id,u1_0.last_updt_pnttm,u1_0.lock_at,u1_0.lock_cnt,u1_0.lock_last_pnttm,u1_0.mbtlnum,u1_0.ofcps_nm,u1_0.offm_telno,u1_0.orgnzt_id,u1_0.password,u1_0.password_cnsr,u1_0.password_hint,u1_0.chg_pwd_last_pnttm,u1_0.role,u1_0.sbscrb_de,u1_0.sexdstn_code,u1_0.crtfc_dn_value,u1_0.user_nm,u1_0.zip from nemplyrinfo u1_0 where u1_0.emplyr_id=?
2026-03-16 16:54:57 [http-nio-8080-exec-6] DEBUG o.s.orm.jpa.JpaTransactionManager - Participating in existing transaction
2026-03-16 16:54:57 [http-nio-8080-exec-10] DEBUG org.hibernate.SQL - select u1_0.emplyr_id,u1_0.area_no,u1_0.brthdy,u1_0.chg_pwd_cnt,u1_0.frst_register_id,u1_0.frst_regist_pnttm,u1_0.detail_adres,u1_0.email_adres,u1_0.emplyr_sttus_code,u1_0.empl_no,u1_0.esntl_id,u1_0.fxnum,u1_0.group_id,u1_0.house_adres,u1_0.house_end_telno,u1_0.house_middle_telno,u1_0.ihidnum,u1_0.pstinst_code,u1_0.last_updusr_id,u1_0.last_updt_pnttm,u1_0.lock_at,u1_0.lock_cnt,u1_0.lock_last_pnttm,u1_0.mbtlnum,u1_0.ofcps_nm,u1_0.offm_telno,u1_0.orgnzt_id,u1_0.password,u1_0.password_cnsr,u1_0.password_hint,u1_0.chg_pwd_last_pnttm,u1_0.role,u1_0.sbscrb_de,u1_0.sexdstn_code,u1_0.crtfc_dn_value,u1_0.user_nm,u1_0.zip from nemplyrinfo u1_0 where u1_0.emplyr_id=?
2026-03-16 16:54:57 [http-nio-8080-exec-6] DEBUG org.hibernate.SQL - select u1_0.emplyr_id,u1_0.area_no,u1_0.brthdy,u1_0.chg_pwd_cnt,u1_0.frst_register_id,u1_0.frst_regist_pnttm,u1_0.detail_adres,u1_0.email_adres,u1_0.emplyr_sttus_code,u1_0.empl_no,u1_0.esntl_id,u1_0.fxnum,u1_0.group_id,u1_0.house_adres,u1_0.house_end_telno,u1_0.house_middle_telno,u1_0.ihidnum,u1_0.pstinst_code,u1_0.last_updusr_id,u1_0.last_updt_pnttm,u1_0.lock_at,u1_0.lock_cnt,u1_0.lock_last_pnttm,u1_0.mbtlnum,u1_0.ofcps_nm,u1_0.offm_telno,u1_0.orgnzt_id,u1_0.password,u1_0.password_cnsr,u1_0.password_hint,u1_0.chg_pwd_last_pnttm,u1_0.role,u1_0.sbscrb_de,u1_0.sexdstn_code,u1_0.crtfc_dn_value,u1_0.user_nm,u1_0.zip from nemplyrinfo u1_0 where u1_0.emplyr_id=?
2026-03-16 16:54:57 [http-nio-8080-exec-8] DEBUG org.hibernate.SQL - select u1_0.emplyr_id,u1_0.area_no,u1_0.brthdy,u1_0.chg_pwd_cnt,u1_0.frst_register_id,u1_0.frst_regist_pnttm,u1_0.detail_adres,u1_0.email_adres,u1_0.emplyr_sttus_code,u1_0.empl_no,u1_0.esntl_id,u1_0.fxnum,u1_0.group_id,u1_0.house_adres,u1_0.house_end_telno,u1_0.house_middle_telno,u1_0.ihidnum,u1_0.pstinst_code,u1_0.last_updusr_id,u1_0.last_updt_pnttm,u1_0.lock_at,u1_0.lock_cnt,u1_0.lock_last_pnttm,u1_0.mbtlnum,u1_0.ofcps_nm,u1_0.offm_telno,u1_0.orgnzt_id,u1_0.password,u1_0.password_cnsr,u1_0.password_hint,u1_0.chg_pwd_last_pnttm,u1_0.role,u1_0.sbscrb_de,u1_0.sexdstn_code,u1_0.crtfc_dn_value,u1_0.user_nm,u1_0.zip from nemplyrinfo u1_0 where u1_0.emplyr_id=?
2026-03-16 16:54:57 [http-nio-8080-exec-3] DEBUG o.s.orm.jpa.JpaTransactionManager - Exposing JPA transaction as JDBC [org.springframework.orm.jpa.vendor.HibernateJpaDialect$HibernateConnectionHandle@1ecfd2d5]
2026-03-16 16:54:57 [http-nio-8080-exec-3] DEBUG o.s.orm.jpa.JpaTransactionManager - Found thread-bound EntityManager [SessionImpl(811536429<open>)] for JPA transaction
2026-03-16 16:54:57 [http-nio-8080-exec-3] DEBUG o.s.orm.jpa.JpaTransactionManager - Participating in existing transaction
2026-03-16 16:54:57 [http-nio-8080-exec-3] DEBUG org.hibernate.SQL - select u1_0.emplyr_id,u1_0.area_no,u1_0.brthdy,u1_0.chg_pwd_cnt,u1_0.frst_register_id,u1_0.frst_regist_pnttm,u1_0.detail_adres,u1_0.email_adres,u1_0.emplyr_sttus_code,u1_0.empl_no,u1_0.esntl_id,u1_0.fxnum,u1_0.group_id,u1_0.house_adres,u1_0.house_end_telno,u1_0.house_middle_telno,u1_0.ihidnum,u1_0.pstinst_code,u1_0.last_updusr_id,u1_0.last_updt_pnttm,u1_0.lock_at,u1_0.lock_cnt,u1_0.lock_last_pnttm,u1_0.mbtlnum,u1_0.ofcps_nm,u1_0.offm_telno,u1_0.orgnzt_id,u1_0.password,u1_0.password_cnsr,u1_0.password_hint,u1_0.chg_pwd_last_pnttm,u1_0.role,u1_0.sbscrb_de,u1_0.sexdstn_code,u1_0.crtfc_dn_value,u1_0.user_nm,u1_0.zip from nemplyrinfo u1_0 where u1_0.emplyr_id=?
2026-03-16 16:54:57 [http-nio-8080-exec-2] DEBUG org.hibernate.SQL - select count(u1_0.emplyr_id) from nemplyrinfo u1_0
2026-03-16 16:54:57 [http-nio-8080-exec-2] DEBUG o.s.orm.jpa.JpaTransactionManager - Initiating transaction commit
2026-03-16 16:54:57 [http-nio-8080-exec-2] DEBUG o.s.orm.jpa.JpaTransactionManager - Committing JPA transaction on EntityManager [SessionImpl(1864034650<open>)]
2026-03-16 16:54:57 [http-nio-8080-exec-8] DEBUG o.s.orm.jpa.JpaTransactionManager - Found thread-bound EntityManager [SessionImpl(927450003<open>)] for JPA transaction
2026-03-16 16:54:57 [http-nio-8080-exec-3] DEBUG o.s.orm.jpa.JpaTransactionManager - Found thread-bound EntityManager [SessionImpl(811536429<open>)] for JPA transaction
2026-03-16 16:54:57 [http-nio-8080-exec-7] DEBUG o.s.orm.jpa.JpaTransactionManager - Found thread-bound EntityManager [SessionImpl(647914858<open>)] for JPA transaction
2026-03-16 16:54:57 [http-nio-8080-exec-6] DEBUG o.s.orm.jpa.JpaTransactionManager - Found thread-bound EntityManager [SessionImpl(1213533000<open>)] for JPA transaction
2026-03-16 16:54:57 [http-nio-8080-exec-8] DEBUG o.s.orm.jpa.JpaTransactionManager - Participating in existing transaction
2026-03-16 16:54:57 [http-nio-8080-exec-10] DEBUG o.s.orm.jpa.JpaTransactionManager - Found thread-bound EntityManager [SessionImpl(508748889<open>)] for JPA transaction
2026-03-16 16:54:57 [http-nio-8080-exec-3] DEBUG o.s.orm.jpa.JpaTransactionManager - Participating in existing transaction
2026-03-16 16:54:57 [http-nio-8080-exec-7] DEBUG o.s.orm.jpa.JpaTransactionManager - Participating in existing transaction
2026-03-16 16:54:57 [http-nio-8080-exec-6] DEBUG o.s.orm.jpa.JpaTransactionManager - Participating in existing transaction
2026-03-16 16:54:57 [http-nio-8080-exec-7] DEBUG org.hibernate.SQL - select ua1_0.scrty_dtrmn_trget_id,ua1_0.author_code,ua1_0.frst_register_id,ua1_0.frst_regist_pnttm,ua1_0.last_updusr_id,ua1_0.last_updt_pnttm,ua1_0.mber_ty_code from nemplyrscrtyestbs ua1_0 where ua1_0.scrty_dtrmn_trget_id=?
2026-03-16 16:54:57 [http-nio-8080-exec-6] DEBUG org.hibernate.SQL - select ua1_0.scrty_dtrmn_trget_id,ua1_0.author_code,ua1_0.frst_register_id,ua1_0.frst_regist_pnttm,ua1_0.last_updusr_id,ua1_0.last_updt_pnttm,ua1_0.mber_ty_code from nemplyrscrtyestbs ua1_0 where ua1_0.scrty_dtrmn_trget_id=?
2026-03-16 16:54:57 [http-nio-8080-exec-8] DEBUG org.hibernate.SQL - select ua1_0.scrty_dtrmn_trget_id,ua1_0.author_code,ua1_0.frst_register_id,ua1_0.frst_regist_pnttm,ua1_0.last_updusr_id,ua1_0.last_updt_pnttm,ua1_0.mber_ty_code from nemplyrscrtyestbs ua1_0 where ua1_0.scrty_dtrmn_trget_id=?
2026-03-16 16:54:57 [http-nio-8080-exec-10] DEBUG o.s.orm.jpa.JpaTransactionManager - Participating in existing transaction
2026-03-16 16:54:57 [http-nio-8080-exec-3] DEBUG org.hibernate.SQL - select ua1_0.scrty_dtrmn_trget_id,ua1_0.author_code,ua1_0.frst_register_id,ua1_0.frst_regist_pnttm,ua1_0.last_updusr_id,ua1_0.last_updt_pnttm,ua1_0.mber_ty_code from nemplyrscrtyestbs ua1_0 where ua1_0.scrty_dtrmn_trget_id=?
2026-03-16 16:54:57 [http-nio-8080-exec-10] DEBUG org.hibernate.SQL - select ua1_0.scrty_dtrmn_trget_id,ua1_0.author_code,ua1_0.frst_register_id,ua1_0.frst_regist_pnttm,ua1_0.last_updusr_id,ua1_0.last_updt_pnttm,ua1_0.mber_ty_code from nemplyrscrtyestbs ua1_0 where ua1_0.scrty_dtrmn_trget_id=?
2026-03-16 16:54:57 [http-nio-8080-exec-2] DEBUG o.s.orm.jpa.JpaTransactionManager - Closing JPA EntityManager [SessionImpl(1864034650<open>)] after transaction
2026-03-16 16:54:57 [http-nio-8080-exec-2] DEBUG o.s.orm.jpa.JpaTransactionManager - Creating new transaction with name [com.company.project.service.usermanagement.UserManageService.selectUserListTotCnt]: PROPAGATION_REQUIRED,ISOLATION_DEFAULT,readOnly
2026-03-16 16:54:57 [http-nio-8080-exec-2] DEBUG o.s.orm.jpa.JpaTransactionManager - Opened new EntityManager [SessionImpl(589950746<open>)] for JPA transaction
2026-03-16 16:54:57 [http-nio-8080-exec-2] DEBUG o.s.orm.jpa.JpaTransactionManager - Exposing JPA transaction as JDBC [org.springframework.orm.jpa.vendor.HibernateJpaDialect$HibernateConnectionHandle@5c7815cb]
2026-03-16 16:54:57 [http-nio-8080-exec-2] DEBUG org.hibernate.SQL - select u1_0.emplyr_id,u1_0.area_no,u1_0.brthdy,u1_0.chg_pwd_cnt,u1_0.frst_register_id,u1_0.frst_regist_pnttm,u1_0.detail_adres,u1_0.email_adres,u1_0.emplyr_sttus_code,u1_0.empl_no,u1_0.esntl_id,u1_0.fxnum,u1_0.group_id,u1_0.house_adres,u1_0.house_end_telno,u1_0.house_middle_telno,u1_0.ihidnum,u1_0.pstinst_code,u1_0.last_updusr_id,u1_0.last_updt_pnttm,u1_0.lock_at,u1_0.lock_cnt,u1_0.lock_last_pnttm,u1_0.mbtlnum,u1_0.ofcps_nm,u1_0.offm_telno,u1_0.orgnzt_id,u1_0.password,u1_0.password_cnsr,u1_0.password_hint,u1_0.chg_pwd_last_pnttm,u1_0.role,u1_0.sbscrb_de,u1_0.sexdstn_code,u1_0.crtfc_dn_value,u1_0.user_nm,u1_0.zip from nemplyrinfo u1_0 order by u1_0.emplyr_id desc offset ? rows fetch first ? rows only
2026-03-16 16:54:57 [http-nio-8080-exec-6] DEBUG o.s.orm.jpa.JpaTransactionManager - Initiating transaction commit
2026-03-16 16:54:57 [http-nio-8080-exec-6] DEBUG o.s.orm.jpa.JpaTransactionManager - Committing JPA transaction on EntityManager [SessionImpl(1213533000<open>)]
2026-03-16 16:54:57 [http-nio-8080-exec-7] DEBUG o.s.orm.jpa.JpaTransactionManager - Initiating transaction commit
2026-03-16 16:54:57 [http-nio-8080-exec-7] DEBUG o.s.orm.jpa.JpaTransactionManager - Committing JPA transaction on EntityManager [SessionImpl(647914858<open>)]
2026-03-16 16:54:57 [http-nio-8080-exec-10] DEBUG o.s.orm.jpa.JpaTransactionManager - Initiating transaction commit
2026-03-16 16:54:57 [http-nio-8080-exec-10] DEBUG o.s.orm.jpa.JpaTransactionManager - Committing JPA transaction on EntityManager [SessionImpl(508748889<open>)]
2026-03-16 16:54:57 [http-nio-8080-exec-3] DEBUG o.s.orm.jpa.JpaTransactionManager - Initiating transaction commit
2026-03-16 16:54:57 [http-nio-8080-exec-3] DEBUG o.s.orm.jpa.JpaTransactionManager - Committing JPA transaction on EntityManager [SessionImpl(811536429<open>)]
2026-03-16 16:54:57 [http-nio-8080-exec-8] DEBUG o.s.orm.jpa.JpaTransactionManager - Initiating transaction commit
2026-03-16 16:54:57 [http-nio-8080-exec-8] DEBUG o.s.orm.jpa.JpaTransactionManager - Committing JPA transaction on EntityManager [SessionImpl(927450003<open>)]
2026-03-16 16:54:57 [http-nio-8080-exec-2] DEBUG org.hibernate.SQL - select count(u1_0.emplyr_id) from nemplyrinfo u1_0
2026-03-16 16:54:57 [http-nio-8080-exec-10] DEBUG o.s.orm.jpa.JpaTransactionManager - Closing JPA EntityManager [SessionImpl(508748889<open>)] after transaction
2026-03-16 16:54:57 [http-nio-8080-exec-6] DEBUG o.s.orm.jpa.JpaTransactionManager - Closing JPA EntityManager [SessionImpl(1213533000<open>)] after transaction
2026-03-16 16:54:57 [http-nio-8080-exec-7] DEBUG o.s.orm.jpa.JpaTransactionManager - Closing JPA EntityManager [SessionImpl(647914858<open>)] after transaction
2026-03-16 16:54:57 [http-nio-8080-exec-3] DEBUG o.s.orm.jpa.JpaTransactionManager - Closing JPA EntityManager [SessionImpl(811536429<open>)] after transaction
2026-03-16 16:54:57 [http-nio-8080-exec-10] DEBUG c.c.p.s.jwt.JwtAuthenticationFilter - >>> [JwtFilter] Successfully authenticated user: USRCNFRM_99999999999, Authorities: [ROLE_ADMIN]
2026-03-16 16:54:57 [http-nio-8080-exec-6] DEBUG c.c.p.s.jwt.JwtAuthenticationFilter - >>> [JwtFilter] Successfully authenticated user: USRCNFRM_99999999999, Authorities: [ROLE_ADMIN]
2026-03-16 16:54:57 [http-nio-8080-exec-7] DEBUG c.c.p.s.jwt.JwtAuthenticationFilter - >>> [JwtFilter] Successfully authenticated user: USRCNFRM_99999999999, Authorities: [ROLE_ADMIN]
2026-03-16 16:54:57 [http-nio-8080-exec-3] DEBUG c.c.p.s.jwt.JwtAuthenticationFilter - >>> [JwtFilter] Successfully authenticated user: USRCNFRM_99999999999, Authorities: [ROLE_ADMIN]
2026-03-16 16:54:57 [http-nio-8080-exec-10] DEBUG o.s.web.servlet.DispatcherServlet - GET "/api/v1/menu/left?menuNo=20", parameters={masked}
2026-03-16 16:54:57 [http-nio-8080-exec-7] DEBUG o.s.web.servlet.DispatcherServlet - GET "/api/v1/menu/left?menuNo=40", parameters={masked}
2026-03-16 16:54:57 [http-nio-8080-exec-3] DEBUG o.s.web.servlet.DispatcherServlet - GET "/api/v1/menu/left?menuNo=10", parameters={masked}
2026-03-16 16:54:57 [http-nio-8080-exec-6] DEBUG o.s.web.servlet.DispatcherServlet - GET "/api/v1/menu/left?menuNo=60", parameters={masked}
2026-03-16 16:54:57 [http-nio-8080-exec-10] TRACE o.s.w.s.m.m.a.RequestMappingHandlerMapping - Mapped to com.company.project.api.controller.menu.MenuController#getLeftMenu(Long)
2026-03-16 16:54:57 [http-nio-8080-exec-3] TRACE o.s.w.s.m.m.a.RequestMappingHandlerMapping - Mapped to com.company.project.api.controller.menu.MenuController#getLeftMenu(Long)
2026-03-16 16:54:57 [http-nio-8080-exec-7] TRACE o.s.w.s.m.m.a.RequestMappingHandlerMapping - Mapped to com.company.project.api.controller.menu.MenuController#getLeftMenu(Long)
2026-03-16 16:54:57 [http-nio-8080-exec-6] TRACE o.s.w.s.m.m.a.RequestMappingHandlerMapping - Mapped to com.company.project.api.controller.menu.MenuController#getLeftMenu(Long)
2026-03-16 16:54:57 [http-nio-8080-exec-10] INFO  c.c.p.a.c.menu.MenuController - getLeftMenu called with menuNo=20
2026-03-16 16:54:57 [http-nio-8080-exec-7] INFO  c.c.p.a.c.menu.MenuController - getLeftMenu called with menuNo=40
2026-03-16 16:54:57 [http-nio-8080-exec-10] DEBUG o.s.orm.jpa.JpaTransactionManager - Creating new transaction with name [com.company.project.service.menu.MenuService.getSubMenus]: PROPAGATION_REQUIRED,ISOLATION_DEFAULT,readOnly
2026-03-16 16:54:57 [http-nio-8080-exec-3] INFO  c.c.p.a.c.menu.MenuController - getLeftMenu called with menuNo=10
2026-03-16 16:54:57 [http-nio-8080-exec-7] DEBUG o.s.orm.jpa.JpaTransactionManager - Creating new transaction with name [com.company.project.service.menu.MenuService.getSubMenus]: PROPAGATION_REQUIRED,ISOLATION_DEFAULT,readOnly
2026-03-16 16:54:57 [http-nio-8080-exec-6] INFO  c.c.p.a.c.menu.MenuController - getLeftMenu called with menuNo=60
2026-03-16 16:54:57 [http-nio-8080-exec-10] DEBUG o.s.orm.jpa.JpaTransactionManager - Opened new EntityManager [SessionImpl(1634904858<open>)] for JPA transaction
2026-03-16 16:54:57 [http-nio-8080-exec-3] DEBUG o.s.orm.jpa.JpaTransactionManager - Creating new transaction with name [com.company.project.service.menu.MenuService.getSubMenus]: PROPAGATION_REQUIRED,ISOLATION_DEFAULT,readOnly
2026-03-16 16:54:57 [http-nio-8080-exec-6] DEBUG o.s.orm.jpa.JpaTransactionManager - Creating new transaction with name [com.company.project.service.menu.MenuService.getSubMenus]: PROPAGATION_REQUIRED,ISOLATION_DEFAULT,readOnly
2026-03-16 16:54:57 [http-nio-8080-exec-7] DEBUG o.s.orm.jpa.JpaTransactionManager - Opened new EntityManager [SessionImpl(497824116<open>)] for JPA transaction
2026-03-16 16:54:57 [http-nio-8080-exec-10] DEBUG o.s.orm.jpa.JpaTransactionManager - Exposing JPA transaction as JDBC [org.springframework.orm.jpa.vendor.HibernateJpaDialect$HibernateConnectionHandle@54026aa3]
2026-03-16 16:54:57 [http-nio-8080-exec-6] DEBUG o.s.orm.jpa.JpaTransactionManager - Opened new EntityManager [SessionImpl(1985717559<open>)] for JPA transaction
2026-03-16 16:54:57 [http-nio-8080-exec-7] DEBUG o.s.orm.jpa.JpaTransactionManager - Exposing JPA transaction as JDBC [org.springframework.orm.jpa.vendor.HibernateJpaDialect$HibernateConnectionHandle@5f35dac9]
2026-03-16 16:54:57 [http-nio-8080-exec-6] DEBUG o.s.orm.jpa.JpaTransactionManager - Exposing JPA transaction as JDBC [org.springframework.orm.jpa.vendor.HibernateJpaDialect$HibernateConnectionHandle@636616b4]
2026-03-16 16:54:57 [http-nio-8080-exec-3] DEBUG o.s.orm.jpa.JpaTransactionManager - Opened new EntityManager [SessionImpl(1866992410<open>)] for JPA transaction
2026-03-16 16:54:57 [http-nio-8080-exec-3] DEBUG o.s.orm.jpa.JpaTransactionManager - Exposing JPA transaction as JDBC [org.springframework.orm.jpa.vendor.HibernateJpaDialect$HibernateConnectionHandle@4493cffc]
2026-03-16 16:54:57 [http-nio-8080-exec-10] DEBUG org.hibernate.SQL - select m1_0.menu_no,m1_0.menu_dc,m1_0.menu_nm,m1_0.menu_ordr,m1_0.modern_route,m1_0.progrm_file_nm,m1_0.relate_image_nm,m1_0.relate_image_path,m1_0.route_updated_at,m1_0.upper_menu_no from nmenuinfo m1_0 order by m1_0.upper_menu_no,m1_0.menu_ordr
2026-03-16 16:54:57 [http-nio-8080-exec-7] DEBUG org.hibernate.SQL - select m1_0.menu_no,m1_0.menu_dc,m1_0.menu_nm,m1_0.menu_ordr,m1_0.modern_route,m1_0.progrm_file_nm,m1_0.relate_image_nm,m1_0.relate_image_path,m1_0.route_updated_at,m1_0.upper_menu_no from nmenuinfo m1_0 order by m1_0.upper_menu_no,m1_0.menu_ordr
2026-03-16 16:54:57 [http-nio-8080-exec-6] DEBUG org.hibernate.SQL - select m1_0.menu_no,m1_0.menu_dc,m1_0.menu_nm,m1_0.menu_ordr,m1_0.modern_route,m1_0.progrm_file_nm,m1_0.relate_image_nm,m1_0.relate_image_path,m1_0.route_updated_at,m1_0.upper_menu_no from nmenuinfo m1_0 order by m1_0.upper_menu_no,m1_0.menu_ordr
2026-03-16 16:54:57 [http-nio-8080-exec-3] DEBUG org.hibernate.SQL - select m1_0.menu_no,m1_0.menu_dc,m1_0.menu_nm,m1_0.menu_ordr,m1_0.modern_route,m1_0.progrm_file_nm,m1_0.relate_image_nm,m1_0.relate_image_path,m1_0.route_updated_at,m1_0.upper_menu_no from nmenuinfo m1_0 order by m1_0.upper_menu_no,m1_0.menu_ordr
2026-03-16 16:54:57 [http-nio-8080-exec-8] DEBUG o.s.orm.jpa.JpaTransactionManager - Closing JPA EntityManager [SessionImpl(927450003<open>)] after transaction
2026-03-16 16:54:57 [http-nio-8080-exec-8] DEBUG c.c.p.s.jwt.JwtAuthenticationFilter - >>> [JwtFilter] Successfully authenticated user: USRCNFRM_99999999999, Authorities: [ROLE_ADMIN]
2026-03-16 16:54:57 [http-nio-8080-exec-8] DEBUG o.s.web.servlet.DispatcherServlet - GET "/api/v1/menu/left?menuNo=50", parameters={masked}
2026-03-16 16:54:57 [http-nio-8080-exec-8] TRACE o.s.w.s.m.m.a.RequestMappingHandlerMapping - Mapped to com.company.project.api.controller.menu.MenuController#getLeftMenu(Long)
2026-03-16 16:54:57 [http-nio-8080-exec-8] INFO  c.c.p.a.c.menu.MenuController - getLeftMenu called with menuNo=50
2026-03-16 16:54:57 [http-nio-8080-exec-8] DEBUG o.s.orm.jpa.JpaTransactionManager - Creating new transaction with name [com.company.project.service.menu.MenuService.getSubMenus]: PROPAGATION_REQUIRED,ISOLATION_DEFAULT,readOnly
2026-03-16 16:54:57 [http-nio-8080-exec-8] DEBUG o.s.orm.jpa.JpaTransactionManager - Opened new EntityManager [SessionImpl(1802967575<open>)] for JPA transaction
2026-03-16 16:54:57 [http-nio-8080-exec-8] DEBUG o.s.orm.jpa.JpaTransactionManager - Exposing JPA transaction as JDBC [org.springframework.orm.jpa.vendor.HibernateJpaDialect$HibernateConnectionHandle@7d5143a9]
2026-03-16 16:54:57 [http-nio-8080-exec-8] DEBUG org.hibernate.SQL - select m1_0.menu_no,m1_0.menu_dc,m1_0.menu_nm,m1_0.menu_ordr,m1_0.modern_route,m1_0.progrm_file_nm,m1_0.relate_image_nm,m1_0.relate_image_path,m1_0.route_updated_at,m1_0.upper_menu_no from nmenuinfo m1_0 order by m1_0.upper_menu_no,m1_0.menu_ordr
2026-03-16 16:54:58 [http-nio-8080-exec-2] DEBUG o.s.orm.jpa.JpaTransactionManager - Initiating transaction commit
2026-03-16 16:54:58 [http-nio-8080-exec-2] DEBUG o.s.orm.jpa.JpaTransactionManager - Committing JPA transaction on EntityManager [SessionImpl(589950746<open>)]
2026-03-16 16:54:58 [http-nio-8080-exec-2] DEBUG o.s.orm.jpa.JpaTransactionManager - Closing JPA EntityManager [SessionImpl(589950746<open>)] after transaction
2026-03-16 16:54:58 [http-nio-8080-exec-2] DEBUG o.s.w.s.m.m.a.HttpEntityMethodProcessor - Using 'application/json', given [application/json, text/plain, */*] and supported [application/json, application/*+json, application/yaml]
2026-03-16 16:54:58 [http-nio-8080-exec-2] TRACE o.s.w.s.m.m.a.HttpEntityMethodProcessor - Writing [ApiResponse[success=true, status=200, code=COMMON_001, message=Success, data=com.company.project.core.response.PageResponse@3f1ac7f2, timestamp=2026-03-16T16:54:58.154875900]]
2026-03-16 16:54:58 [http-nio-8080-exec-2] INFO  c.c.p.a.i.OperationalAuditInterceptor - API Audit Log: URL=/api/v1/admin/system/users, User=webmaster, IP=0:0:0:0:0:0:0:1
2026-03-16 16:54:58 [http-nio-8080-exec-2] DEBUG o.s.web.servlet.DispatcherServlet - Completed 200 OK
2026-03-16 16:54:58 [http-nio-8080-exec-10] DEBUG o.s.orm.jpa.JpaTransactionManager - Found thread-bound EntityManager [SessionImpl(1634904858<open>)] for JPA transaction
2026-03-16 16:54:58 [http-nio-8080-exec-10] DEBUG o.s.orm.jpa.JpaTransactionManager - Participating in existing transaction
2026-03-16 16:54:58 [http-nio-8080-exec-10] DEBUG org.hibernate.SQL - select p1_0.progrm_file_nm,p1_0.progrm_dc,p1_0.progrm_korean_nm,p1_0.progrm_stre_path,p1_0.url from nprogrmlist p1_0
2026-03-16 16:54:58 [http-nio-8080-exec-6] DEBUG o.s.orm.jpa.JpaTransactionManager - Found thread-bound EntityManager [SessionImpl(1985717559<open>)] for JPA transaction
2026-03-16 16:54:58 [http-nio-8080-exec-6] DEBUG o.s.orm.jpa.JpaTransactionManager - Participating in existing transaction
2026-03-16 16:54:58 [http-nio-8080-exec-3] DEBUG o.s.orm.jpa.JpaTransactionManager - Found thread-bound EntityManager [SessionImpl(1866992410<open>)] for JPA transaction
2026-03-16 16:54:58 [http-nio-8080-exec-3] DEBUG o.s.orm.jpa.JpaTransactionManager - Participating in existing transaction
2026-03-16 16:54:58 [http-nio-8080-exec-8] DEBUG o.s.orm.jpa.JpaTransactionManager - Found thread-bound EntityManager [SessionImpl(1802967575<open>)] for JPA transaction
2026-03-16 16:54:58 [http-nio-8080-exec-7] DEBUG o.s.orm.jpa.JpaTransactionManager - Found thread-bound EntityManager [SessionImpl(497824116<open>)] for JPA transaction
2026-03-16 16:54:58 [http-nio-8080-exec-8] DEBUG o.s.orm.jpa.JpaTransactionManager - Participating in existing transaction
2026-03-16 16:54:58 [http-nio-8080-exec-7] DEBUG o.s.orm.jpa.JpaTransactionManager - Participating in existing transaction
2026-03-16 16:54:58 [http-nio-8080-exec-3] DEBUG org.hibernate.SQL - select p1_0.progrm_file_nm,p1_0.progrm_dc,p1_0.progrm_korean_nm,p1_0.progrm_stre_path,p1_0.url from nprogrmlist p1_0
2026-03-16 16:54:58 [http-nio-8080-exec-6] DEBUG org.hibernate.SQL - select p1_0.progrm_file_nm,p1_0.progrm_dc,p1_0.progrm_korean_nm,p1_0.progrm_stre_path,p1_0.url from nprogrmlist p1_0
2026-03-16 16:54:58 [http-nio-8080-exec-8] DEBUG org.hibernate.SQL - select p1_0.progrm_file_nm,p1_0.progrm_dc,p1_0.progrm_korean_nm,p1_0.progrm_stre_path,p1_0.url from nprogrmlist p1_0
2026-03-16 16:54:58 [http-nio-8080-exec-7] DEBUG org.hibernate.SQL - select p1_0.progrm_file_nm,p1_0.progrm_dc,p1_0.progrm_korean_nm,p1_0.progrm_stre_path,p1_0.url from nprogrmlist p1_0
2026-03-16 16:54:58 [http-nio-8080-exec-10] DEBUG o.s.orm.jpa.JpaTransactionManager - Initiating transaction commit
2026-03-16 16:54:58 [http-nio-8080-exec-10] DEBUG o.s.orm.jpa.JpaTransactionManager - Committing JPA transaction on EntityManager [SessionImpl(1634904858<open>)]
2026-03-16 16:54:58 [http-nio-8080-exec-6] DEBUG o.s.orm.jpa.JpaTransactionManager - Initiating transaction commit
2026-03-16 16:54:58 [http-nio-8080-exec-6] DEBUG o.s.orm.jpa.JpaTransactionManager - Committing JPA transaction on EntityManager [SessionImpl(1985717559<open>)]
2026-03-16 16:54:58 [http-nio-8080-exec-8] DEBUG o.s.orm.jpa.JpaTransactionManager - Initiating transaction commit
2026-03-16 16:54:58 [http-nio-8080-exec-8] DEBUG o.s.orm.jpa.JpaTransactionManager - Committing JPA transaction on EntityManager [SessionImpl(1802967575<open>)]
2026-03-16 16:54:58 [http-nio-8080-exec-3] DEBUG o.s.orm.jpa.JpaTransactionManager - Initiating transaction commit
2026-03-16 16:54:58 [http-nio-8080-exec-3] DEBUG o.s.orm.jpa.JpaTransactionManager - Committing JPA transaction on EntityManager [SessionImpl(1866992410<open>)]
2026-03-16 16:54:58 [http-nio-8080-exec-7] DEBUG o.s.orm.jpa.JpaTransactionManager - Initiating transaction commit
2026-03-16 16:54:58 [http-nio-8080-exec-7] DEBUG o.s.orm.jpa.JpaTransactionManager - Committing JPA transaction on EntityManager [SessionImpl(497824116<open>)]
2026-03-16 16:54:58 [http-nio-8080-exec-10] DEBUG o.s.orm.jpa.JpaTransactionManager - Closing JPA EntityManager [SessionImpl(1634904858<open>)] after transaction
2026-03-16 16:54:58 [http-nio-8080-exec-10] INFO  c.c.p.a.c.menu.MenuController - getLeftMenu returned 3 items
2026-03-16 16:54:58 [http-nio-8080-exec-10] DEBUG o.s.w.s.m.m.a.HttpEntityMethodProcessor - Using 'application/json', given [application/json, text/plain, */*] and supported [application/json, application/*+json, application/yaml]
2026-03-16 16:54:58 [http-nio-8080-exec-10] TRACE o.s.w.s.m.m.a.HttpEntityMethodProcessor - Writing [ApiResponse[success=true, status=200, code=COMMON_001, message=Success, data={list=[com.company.project.service.menu.dto.MenuDto@aaa1a63, com.company.project.service.menu.dto.MenuDto@527812a, com.company.project.service.menu.dto.MenuDto@390cfac7]}, timestamp=2026-03-16T16:54:58.497408100]]
2026-03-16 16:54:58 [http-nio-8080-exec-10] INFO  c.c.p.a.i.OperationalAuditInterceptor - API Audit Log: URL=/api/v1/menu/left, User=webmaster, IP=0:0:0:0:0:0:0:1
2026-03-16 16:54:58 [http-nio-8080-exec-10] DEBUG o.s.web.servlet.DispatcherServlet - Completed 200 OK
2026-03-16 16:54:58 [http-nio-8080-exec-6] DEBUG o.s.orm.jpa.JpaTransactionManager - Closing JPA EntityManager [SessionImpl(1985717559<open>)] after transaction
2026-03-16 16:54:58 [http-nio-8080-exec-8] DEBUG o.s.orm.jpa.JpaTransactionManager - Closing JPA EntityManager [SessionImpl(1802967575<open>)] after transaction
2026-03-16 16:54:58 [http-nio-8080-exec-6] INFO  c.c.p.a.c.menu.MenuController - getLeftMenu returned 1 items
2026-03-16 16:54:58 [http-nio-8080-exec-8] INFO  c.c.p.a.c.menu.MenuController - getLeftMenu returned 3 items
2026-03-16 16:54:58 [http-nio-8080-exec-3] DEBUG o.s.orm.jpa.JpaTransactionManager - Closing JPA EntityManager [SessionImpl(1866992410<open>)] after transaction
2026-03-16 16:54:58 [http-nio-8080-exec-3] INFO  c.c.p.a.c.menu.MenuController - getLeftMenu returned 5 items
2026-03-16 16:54:58 [http-nio-8080-exec-8] DEBUG o.s.w.s.m.m.a.HttpEntityMethodProcessor - Using 'application/json', given [application/json, text/plain, */*] and supported [application/json, application/*+json, application/yaml]
2026-03-16 16:54:58 [http-nio-8080-exec-3] DEBUG o.s.w.s.m.m.a.HttpEntityMethodProcessor - Using 'application/json', given [application/json, text/plain, */*] and supported [application/json, application/*+json, application/yaml]
2026-03-16 16:54:58 [http-nio-8080-exec-6] DEBUG o.s.w.s.m.m.a.HttpEntityMethodProcessor - Using 'application/json', given [application/json, text/plain, */*] and supported [application/json, application/*+json, application/yaml]
2026-03-16 16:54:58 [http-nio-8080-exec-8] TRACE o.s.w.s.m.m.a.HttpEntityMethodProcessor - Writing [ApiResponse[success=true, status=200, code=COMMON_001, message=Success, data={list=[com.company.project.service.menu.dto.MenuDto@67aaa175, com.company.project.service.menu.dto.MenuDto@717e92e3, com.company.project.service.menu.dto.MenuDto@4509364c]}, timestamp=2026-03-16T16:54:58.499007800]]
2026-03-16 16:54:58 [http-nio-8080-exec-3] TRACE o.s.w.s.m.m.a.HttpEntityMethodProcessor - Writing [ApiResponse[success=true, status=200, code=COMMON_001, message=Success, data={list=[com.company.project.service.menu.dto.MenuDto@3837fb06, com.company.project.service.menu.dto.MenuDto@51bdb399, com.company.project.service.menu.dto.MenuDto@41531445, com.company.project.service.menu.dto.MenuDto@2f3252e0, com.company.project.service.menu.dto.MenuDto@285a63cb]}, timestamp=2026-03-16T16:54:58.499007800]]
2026-03-16 16:54:58 [http-nio-8080-exec-6] TRACE o.s.w.s.m.m.a.HttpEntityMethodProcessor - Writing [ApiResponse[success=true, status=200, code=COMMON_001, message=Success, data={list=[com.company.project.service.menu.dto.MenuDto@77980000]}, timestamp=2026-03-16T16:54:58.499007800]]
2026-03-16 16:54:58 [http-nio-8080-exec-6] INFO  c.c.p.a.i.OperationalAuditInterceptor - API Audit Log: URL=/api/v1/menu/left, User=webmaster, IP=0:0:0:0:0:0:0:1
2026-03-16 16:54:58 [http-nio-8080-exec-8] INFO  c.c.p.a.i.OperationalAuditInterceptor - API Audit Log: URL=/api/v1/menu/left, User=webmaster, IP=0:0:0:0:0:0:0:1
2026-03-16 16:54:58 [http-nio-8080-exec-3] INFO  c.c.p.a.i.OperationalAuditInterceptor - API Audit Log: URL=/api/v1/menu/left, User=webmaster, IP=0:0:0:0:0:0:0:1
2026-03-16 16:54:58 [http-nio-8080-exec-6] DEBUG o.s.web.servlet.DispatcherServlet - Completed 200 OK
2026-03-16 16:54:58 [http-nio-8080-exec-8] DEBUG o.s.web.servlet.DispatcherServlet - Completed 200 OK
2026-03-16 16:54:58 [http-nio-8080-exec-3] DEBUG o.s.web.servlet.DispatcherServlet - Completed 200 OK
2026-03-16 16:54:58 [http-nio-8080-exec-7] DEBUG o.s.orm.jpa.JpaTransactionManager - Closing JPA EntityManager [SessionImpl(497824116<open>)] after transaction
2026-03-16 16:54:58 [http-nio-8080-exec-7] INFO  c.c.p.a.c.menu.MenuController - getLeftMenu returned 2 items
2026-03-16 16:54:58 [http-nio-8080-exec-7] DEBUG o.s.w.s.m.m.a.HttpEntityMethodProcessor - Using 'application/json', given [application/json, text/plain, */*] and supported [application/json, application/*+json, application/yaml]
2026-03-16 16:54:58 [http-nio-8080-exec-7] TRACE o.s.w.s.m.m.a.HttpEntityMethodProcessor - Writing [ApiResponse[success=true, status=200, code=COMMON_001, message=Success, data={list=[com.company.project.service.menu.dto.MenuDto@660c48ac, com.company.project.service.menu.dto.MenuDto@36270a66]}, timestamp=2026-03-16T16:54:58.510439800]]
2026-03-16 16:54:58 [http-nio-8080-exec-7] INFO  c.c.p.a.i.OperationalAuditInterceptor - API Audit Log: URL=/api/v1/menu/left, User=webmaster, IP=0:0:0:0:0:0:0:1
2026-03-16 16:54:58 [http-nio-8080-exec-7] DEBUG o.s.web.servlet.DispatcherServlet - Completed 200 OK
2026-03-16 16:54:58 [http-nio-8080-exec-1] DEBUG o.s.w.s.h.LoggingWebSocketHandlerDecorator - WebSocketServerSockJsSession[id=0jf40ko0] closed with CloseStatus[code=1000, reason=null]
2026-03-16 16:54:58 [http-nio-8080-exec-1] DEBUG o.s.w.s.m.SubProtocolWebSocketHandler - Clearing session 0jf40ko0
2026-03-16 16:54:58 [scheduling-1] DEBUG org.springframework.web.SimpLogging - Processing DISCONNECT session=0jf40ko0
2026-03-16 16:54:58 [scheduling-1] DEBUG o.s.w.s.m.SubProtocolWebSocketHandler - No session for GenericMessage [payload=byte[0], headers={simpMessageType=DISCONNECT_ACK, simpDisconnectMessage=GenericMessage [payload=byte[0], headers={simpMessageType=DISCONNECT, stompCommand=DISCONNECT, simpSessionAttributes={org.springframework.messaging.simp.SimpAttributes.COMPLETED=true}, simpSessionId=0jf40ko0}], simpSessionId=0jf40ko0}]
2026-03-16 16:55:01 [http-nio-8080-exec-4] DEBUG c.c.p.s.jwt.JwtAuthenticationFilter - >>> [JwtFilter] Processing request: GET /api/v1/menu/head
2026-03-16 16:55:01 [http-nio-8080-exec-9] DEBUG c.c.p.s.jwt.JwtAuthenticationFilter - >>> [JwtFilter] Processing request: GET /api/v1/dashboard
2026-03-16 16:55:01 [http-nio-8080-exec-4] DEBUG c.c.p.s.jwt.JwtAuthenticationFilter - >>> [JwtFilter] Found token in header for path: /api/v1/menu/head
2026-03-16 16:55:01 [http-nio-8080-exec-9] DEBUG c.c.p.s.jwt.JwtAuthenticationFilter - >>> [JwtFilter] Found token in header for path: /api/v1/dashboard
2026-03-16 16:55:01 [http-nio-8080-exec-4] DEBUG o.s.orm.jpa.JpaTransactionManager - Creating new transaction with name [com.company.project.security.iam.CustomUserDetailsService.loadUserByUsername]: PROPAGATION_REQUIRED,ISOLATION_DEFAULT,readOnly
2026-03-16 16:55:01 [http-nio-8080-exec-9] DEBUG o.s.orm.jpa.JpaTransactionManager - Creating new transaction with name [com.company.project.security.iam.CustomUserDetailsService.loadUserByUsername]: PROPAGATION_REQUIRED,ISOLATION_DEFAULT,readOnly
2026-03-16 16:55:01 [http-nio-8080-exec-9] DEBUG o.s.orm.jpa.JpaTransactionManager - Opened new EntityManager [SessionImpl(315138464<open>)] for JPA transaction
2026-03-16 16:55:01 [http-nio-8080-exec-4] DEBUG o.s.orm.jpa.JpaTransactionManager - Opened new EntityManager [SessionImpl(1434898935<open>)] for JPA transaction
2026-03-16 16:55:01 [http-nio-8080-exec-9] DEBUG o.s.orm.jpa.JpaTransactionManager - Exposing JPA transaction as JDBC [org.springframework.orm.jpa.vendor.HibernateJpaDialect$HibernateConnectionHandle@1acbbad3]
2026-03-16 16:55:01 [http-nio-8080-exec-9] DEBUG o.s.orm.jpa.JpaTransactionManager - Found thread-bound EntityManager [SessionImpl(315138464<open>)] for JPA transaction
2026-03-16 16:55:01 [http-nio-8080-exec-9] DEBUG o.s.orm.jpa.JpaTransactionManager - Participating in existing transaction
2026-03-16 16:55:01 [http-nio-8080-exec-9] DEBUG org.hibernate.SQL - select u1_0.emplyr_id,u1_0.area_no,u1_0.brthdy,u1_0.chg_pwd_cnt,u1_0.frst_register_id,u1_0.frst_regist_pnttm,u1_0.detail_adres,u1_0.email_adres,u1_0.emplyr_sttus_code,u1_0.empl_no,u1_0.esntl_id,u1_0.fxnum,u1_0.group_id,u1_0.house_adres,u1_0.house_end_telno,u1_0.house_middle_telno,u1_0.ihidnum,u1_0.pstinst_code,u1_0.last_updusr_id,u1_0.last_updt_pnttm,u1_0.lock_at,u1_0.lock_cnt,u1_0.lock_last_pnttm,u1_0.mbtlnum,u1_0.ofcps_nm,u1_0.offm_telno,u1_0.orgnzt_id,u1_0.password,u1_0.password_cnsr,u1_0.password_hint,u1_0.chg_pwd_last_pnttm,u1_0.role,u1_0.sbscrb_de,u1_0.sexdstn_code,u1_0.crtfc_dn_value,u1_0.user_nm,u1_0.zip from nemplyrinfo u1_0 where u1_0.emplyr_id=?
2026-03-16 16:55:01 [http-nio-8080-exec-4] DEBUG o.s.orm.jpa.JpaTransactionManager - Exposing JPA transaction as JDBC [org.springframework.orm.jpa.vendor.HibernateJpaDialect$HibernateConnectionHandle@110a84c0]
2026-03-16 16:55:01 [http-nio-8080-exec-4] DEBUG o.s.orm.jpa.JpaTransactionManager - Found thread-bound EntityManager [SessionImpl(1434898935<open>)] for JPA transaction
2026-03-16 16:55:01 [http-nio-8080-exec-4] DEBUG o.s.orm.jpa.JpaTransactionManager - Participating in existing transaction
2026-03-16 16:55:01 [http-nio-8080-exec-4] DEBUG org.hibernate.SQL - select u1_0.emplyr_id,u1_0.area_no,u1_0.brthdy,u1_0.chg_pwd_cnt,u1_0.frst_register_id,u1_0.frst_regist_pnttm,u1_0.detail_adres,u1_0.email_adres,u1_0.emplyr_sttus_code,u1_0.empl_no,u1_0.esntl_id,u1_0.fxnum,u1_0.group_id,u1_0.house_adres,u1_0.house_end_telno,u1_0.house_middle_telno,u1_0.ihidnum,u1_0.pstinst_code,u1_0.last_updusr_id,u1_0.last_updt_pnttm,u1_0.lock_at,u1_0.lock_cnt,u1_0.lock_last_pnttm,u1_0.mbtlnum,u1_0.ofcps_nm,u1_0.offm_telno,u1_0.orgnzt_id,u1_0.password,u1_0.password_cnsr,u1_0.password_hint,u1_0.chg_pwd_last_pnttm,u1_0.role,u1_0.sbscrb_de,u1_0.sexdstn_code,u1_0.crtfc_dn_value,u1_0.user_nm,u1_0.zip from nemplyrinfo u1_0 where u1_0.emplyr_id=?
2026-03-16 16:55:01 [http-nio-8080-exec-4] DEBUG o.s.orm.jpa.JpaTransactionManager - Found thread-bound EntityManager [SessionImpl(1434898935<open>)] for JPA transaction
2026-03-16 16:55:01 [http-nio-8080-exec-4] DEBUG o.s.orm.jpa.JpaTransactionManager - Participating in existing transaction
2026-03-16 16:55:01 [http-nio-8080-exec-4] DEBUG org.hibernate.SQL - select ua1_0.scrty_dtrmn_trget_id,ua1_0.author_code,ua1_0.frst_register_id,ua1_0.frst_regist_pnttm,ua1_0.last_updusr_id,ua1_0.last_updt_pnttm,ua1_0.mber_ty_code from nemplyrscrtyestbs ua1_0 where ua1_0.scrty_dtrmn_trget_id=?
2026-03-16 16:55:01 [http-nio-8080-exec-9] DEBUG o.s.orm.jpa.JpaTransactionManager - Found thread-bound EntityManager [SessionImpl(315138464<open>)] for JPA transaction
2026-03-16 16:55:01 [http-nio-8080-exec-9] DEBUG o.s.orm.jpa.JpaTransactionManager - Participating in existing transaction
2026-03-16 16:55:01 [http-nio-8080-exec-9] DEBUG org.hibernate.SQL - select ua1_0.scrty_dtrmn_trget_id,ua1_0.author_code,ua1_0.frst_register_id,ua1_0.frst_regist_pnttm,ua1_0.last_updusr_id,ua1_0.last_updt_pnttm,ua1_0.mber_ty_code from nemplyrscrtyestbs ua1_0 where ua1_0.scrty_dtrmn_trget_id=?
2026-03-16 16:55:01 [http-nio-8080-exec-4] DEBUG o.s.orm.jpa.JpaTransactionManager - Initiating transaction commit
2026-03-16 16:55:01 [http-nio-8080-exec-4] DEBUG o.s.orm.jpa.JpaTransactionManager - Committing JPA transaction on EntityManager [SessionImpl(1434898935<open>)]
2026-03-16 16:55:01 [http-nio-8080-exec-9] DEBUG o.s.orm.jpa.JpaTransactionManager - Initiating transaction commit
2026-03-16 16:55:01 [http-nio-8080-exec-9] DEBUG o.s.orm.jpa.JpaTransactionManager - Committing JPA transaction on EntityManager [SessionImpl(315138464<open>)]
2026-03-16 16:55:01 [http-nio-8080-exec-4] DEBUG o.s.orm.jpa.JpaTransactionManager - Closing JPA EntityManager [SessionImpl(1434898935<open>)] after transaction
2026-03-16 16:55:01 [http-nio-8080-exec-4] DEBUG c.c.p.s.jwt.JwtAuthenticationFilter - >>> [JwtFilter] Successfully authenticated user: USRCNFRM_99999999999, Authorities: [ROLE_ADMIN]
2026-03-16 16:55:01 [http-nio-8080-exec-4] DEBUG o.s.web.servlet.DispatcherServlet - GET "/api/v1/menu/head", parameters={}
2026-03-16 16:55:01 [http-nio-8080-exec-4] TRACE o.s.w.s.m.m.a.RequestMappingHandlerMapping - Mapped to com.company.project.api.controller.menu.MenuController#getHeadMenu()
2026-03-16 16:55:01 [http-nio-8080-exec-4] INFO  c.c.p.a.c.menu.MenuController - getHeadMenu called
2026-03-16 16:55:01 [http-nio-8080-exec-4] INFO  c.c.p.a.c.menu.MenuController - getHeadMenu returned 5 items
2026-03-16 16:55:01 [http-nio-8080-exec-4] DEBUG o.s.w.s.m.m.a.HttpEntityMethodProcessor - Using 'application/json', given [application/json, text/plain, */*] and supported [application/json, application/*+json, application/yaml]
2026-03-16 16:55:01 [http-nio-8080-exec-4] TRACE o.s.w.s.m.m.a.HttpEntityMethodProcessor - Writing [ApiResponse[success=true, status=200, code=COMMON_001, message=Success, data={list=[com.company.project.service.menu.dto.MenuDto@2b80d6b0, com.company.project.service.menu.dto.MenuDto@1418cfa3, com.company.project.service.menu.dto.MenuDto@f230bf1, com.company.project.service.menu.dto.MenuDto@734a7f6a, com.company.project.service.menu.dto.MenuDto@5e5202e5]}, timestamp=2026-03-16T16:55:01.792099200]]
2026-03-16 16:55:01 [http-nio-8080-exec-4] INFO  c.c.p.a.i.OperationalAuditInterceptor - API Audit Log: URL=/api/v1/menu/head, User=webmaster, IP=0:0:0:0:0:0:0:1
2026-03-16 16:55:01 [http-nio-8080-exec-4] DEBUG o.s.web.servlet.DispatcherServlet - Completed 200 OK
2026-03-16 16:55:01 [http-nio-8080-exec-9] DEBUG o.s.orm.jpa.JpaTransactionManager - Closing JPA EntityManager [SessionImpl(315138464<open>)] after transaction
2026-03-16 16:55:01 [http-nio-8080-exec-9] DEBUG c.c.p.s.jwt.JwtAuthenticationFilter - >>> [JwtFilter] Successfully authenticated user: USRCNFRM_99999999999, Authorities: [ROLE_ADMIN]
2026-03-16 16:55:01 [http-nio-8080-exec-9] DEBUG o.s.web.servlet.DispatcherServlet - GET "/api/v1/dashboard", parameters={}
2026-03-16 16:55:01 [http-nio-8080-exec-9] TRACE o.s.w.s.m.m.a.RequestMappingHandlerMapping - Mapped to com.company.project.api.controller.main.DashboardController#getDashboardData(UserDetails)
2026-03-16 16:55:01 [http-nio-8080-exec-9] INFO  c.c.p.a.c.main.DashboardController - >>> [Dashboard] Fetching data for user: USRCNFRM_99999999999
2026-03-16 16:55:01 [http-nio-8080-exec-9] DEBUG o.s.orm.jpa.JpaTransactionManager - Creating new transaction with name [com.company.project.service.board.BoardService.getBoardPosts]: PROPAGATION_REQUIRED,ISOLATION_DEFAULT,readOnly
2026-03-16 16:55:01 [http-nio-8080-exec-9] DEBUG o.s.orm.jpa.JpaTransactionManager - Opened new EntityManager [SessionImpl(1019355088<open>)] for JPA transaction
2026-03-16 16:55:01 [http-nio-8080-exec-9] DEBUG o.s.orm.jpa.JpaTransactionManager - Exposing JPA transaction as JDBC [org.springframework.orm.jpa.vendor.HibernateJpaDialect$HibernateConnectionHandle@72e261dd]
2026-03-16 16:55:01 [http-nio-8080-exec-9] DEBUG o.s.orm.jpa.JpaTransactionManager - Found thread-bound EntityManager [SessionImpl(1019355088<open>)] for JPA transaction
2026-03-16 16:55:01 [http-nio-8080-exec-9] DEBUG o.s.orm.jpa.JpaTransactionManager - Participating in existing transaction
2026-03-16 16:55:01 [http-nio-8080-exec-9] DEBUG org.hibernate.SQL - select bm1_0.bbs_id,bm1_0.atch_posbl_file_number,bm1_0.atch_posbl_file_size,bm1_0.bbs_attrb_code,bm1_0.bbs_intrcn,bm1_0.bbs_nm,bm1_0.bbs_ty_code,bm1_0.blog_at,bm1_0.blog_id,bm1_0.cmmnty_id,bm1_0.frst_register_id,bm1_0.frst_regist_pnttm,bm1_0.file_atch_posbl_at,bm1_0.last_updusr_id,bm1_0.last_updt_pnttm,bm1_0.reply_posbl_at,bm1_0.tmplat_id,bm1_0.use_at,bm1_1.answer_at,bm1_1.stsfdg_at from nbbsmaster bm1_0 left join nbbsmasteroptn bm1_1 on bm1_0.bbs_id=bm1_1.bbs_id where bm1_0.bbs_id=?
2026-03-16 16:55:01 [http-nio-8080-exec-6] DEBUG c.c.p.s.jwt.JwtAuthenticationFilter - >>> [JwtFilter] Processing request: GET /api/v1/menu/left
2026-03-16 16:55:01 [http-nio-8080-exec-6] DEBUG c.c.p.s.jwt.JwtAuthenticationFilter - >>> [JwtFilter] Found token in header for path: /api/v1/menu/left
2026-03-16 16:55:01 [http-nio-8080-exec-10] DEBUG c.c.p.s.jwt.JwtAuthenticationFilter - >>> [JwtFilter] Processing request: GET /api/v1/menu/left
2026-03-16 16:55:01 [http-nio-8080-exec-2] DEBUG c.c.p.s.jwt.JwtAuthenticationFilter - >>> [JwtFilter] Processing request: GET /api/v1/menu/left
2026-03-16 16:55:01 [http-nio-8080-exec-8] DEBUG c.c.p.s.jwt.JwtAuthenticationFilter - >>> [JwtFilter] Processing request: GET /api/v1/menu/left
2026-03-16 16:55:01 [http-nio-8080-exec-10] DEBUG c.c.p.s.jwt.JwtAuthenticationFilter - >>> [JwtFilter] Found token in header for path: /api/v1/menu/left
2026-03-16 16:55:01 [http-nio-8080-exec-2] DEBUG c.c.p.s.jwt.JwtAuthenticationFilter - >>> [JwtFilter] Found token in header for path: /api/v1/menu/left
2026-03-16 16:55:01 [http-nio-8080-exec-3] DEBUG c.c.p.s.jwt.JwtAuthenticationFilter - >>> [JwtFilter] Processing request: GET /api/v1/menu/left
2026-03-16 16:55:01 [http-nio-8080-exec-8] DEBUG c.c.p.s.jwt.JwtAuthenticationFilter - >>> [JwtFilter] Found token in header for path: /api/v1/menu/left
2026-03-16 16:55:01 [http-nio-8080-exec-3] DEBUG c.c.p.s.jwt.JwtAuthenticationFilter - >>> [JwtFilter] Found token in header for path: /api/v1/menu/left
2026-03-16 16:55:01 [http-nio-8080-exec-6] DEBUG o.s.orm.jpa.JpaTransactionManager - Creating new transaction with name [com.company.project.security.iam.CustomUserDetailsService.loadUserByUsername]: PROPAGATION_REQUIRED,ISOLATION_DEFAULT,readOnly
2026-03-16 16:55:01 [http-nio-8080-exec-2] DEBUG o.s.orm.jpa.JpaTransactionManager - Creating new transaction with name [com.company.project.security.iam.CustomUserDetailsService.loadUserByUsername]: PROPAGATION_REQUIRED,ISOLATION_DEFAULT,readOnly
2026-03-16 16:55:01 [http-nio-8080-exec-8] DEBUG o.s.orm.jpa.JpaTransactionManager - Creating new transaction with name [com.company.project.security.iam.CustomUserDetailsService.loadUserByUsername]: PROPAGATION_REQUIRED,ISOLATION_DEFAULT,readOnly
2026-03-16 16:55:01 [http-nio-8080-exec-10] DEBUG o.s.orm.jpa.JpaTransactionManager - Creating new transaction with name [com.company.project.security.iam.CustomUserDetailsService.loadUserByUsername]: PROPAGATION_REQUIRED,ISOLATION_DEFAULT,readOnly
2026-03-16 16:55:01 [http-nio-8080-exec-3] DEBUG o.s.orm.jpa.JpaTransactionManager - Creating new transaction with name [com.company.project.security.iam.CustomUserDetailsService.loadUserByUsername]: PROPAGATION_REQUIRED,ISOLATION_DEFAULT,readOnly
2026-03-16 16:55:01 [http-nio-8080-exec-6] DEBUG o.s.orm.jpa.JpaTransactionManager - Opened new EntityManager [SessionImpl(926272103<open>)] for JPA transaction
2026-03-16 16:55:01 [http-nio-8080-exec-2] DEBUG o.s.orm.jpa.JpaTransactionManager - Opened new EntityManager [SessionImpl(2100651063<open>)] for JPA transaction
2026-03-16 16:55:01 [http-nio-8080-exec-3] DEBUG o.s.orm.jpa.JpaTransactionManager - Opened new EntityManager [SessionImpl(340212770<open>)] for JPA transaction
2026-03-16 16:55:01 [http-nio-8080-exec-8] DEBUG o.s.orm.jpa.JpaTransactionManager - Opened new EntityManager [SessionImpl(1687518470<open>)] for JPA transaction
2026-03-16 16:55:01 [http-nio-8080-exec-10] DEBUG o.s.orm.jpa.JpaTransactionManager - Opened new EntityManager [SessionImpl(1570428003<open>)] for JPA transaction
2026-03-16 16:55:01 [http-nio-8080-exec-2] DEBUG o.s.orm.jpa.JpaTransactionManager - Exposing JPA transaction as JDBC [org.springframework.orm.jpa.vendor.HibernateJpaDialect$HibernateConnectionHandle@14790934]
2026-03-16 16:55:01 [http-nio-8080-exec-2] DEBUG o.s.orm.jpa.JpaTransactionManager - Found thread-bound EntityManager [SessionImpl(2100651063<open>)] for JPA transaction
2026-03-16 16:55:01 [http-nio-8080-exec-2] DEBUG o.s.orm.jpa.JpaTransactionManager - Participating in existing transaction
2026-03-16 16:55:01 [http-nio-8080-exec-2] DEBUG org.hibernate.SQL - select u1_0.emplyr_id,u1_0.area_no,u1_0.brthdy,u1_0.chg_pwd_cnt,u1_0.frst_register_id,u1_0.frst_regist_pnttm,u1_0.detail_adres,u1_0.email_adres,u1_0.emplyr_sttus_code,u1_0.empl_no,u1_0.esntl_id,u1_0.fxnum,u1_0.group_id,u1_0.house_adres,u1_0.house_end_telno,u1_0.house_middle_telno,u1_0.ihidnum,u1_0.pstinst_code,u1_0.last_updusr_id,u1_0.last_updt_pnttm,u1_0.lock_at,u1_0.lock_cnt,u1_0.lock_last_pnttm,u1_0.mbtlnum,u1_0.ofcps_nm,u1_0.offm_telno,u1_0.orgnzt_id,u1_0.password,u1_0.password_cnsr,u1_0.password_hint,u1_0.chg_pwd_last_pnttm,u1_0.role,u1_0.sbscrb_de,u1_0.sexdstn_code,u1_0.crtfc_dn_value,u1_0.user_nm,u1_0.zip from nemplyrinfo u1_0 where u1_0.emplyr_id=?
2026-03-16 16:55:01 [http-nio-8080-exec-9] DEBUG org.hibernate.SQL - select b1_0.ntt_id,b1_0.bbs_id,b1_0.ntt_sj,b1_0.ntcr_nm,b1_0.frst_regist_pnttm,b1_0.rdcnt,b1_0.answer_at,b1_0.parntsctt_no,b1_0.answer_lc,b1_0.sort_ordr,b1_0.ntt_no,b1_0.notice_at,b1_0.secret_at,b1_0.comment_co from nbbs b1_0 left join nemplyrinfo u1_0 on b1_0.frst_register_id=u1_0.esntl_id where (b1_0.use_at = 'Y') and b1_0.bbs_id=? order by b1_0.sort_ordr desc,b1_0.ntt_no offset ? rows fetch first ? rows only
2026-03-16 16:55:01 [http-nio-8080-exec-10] DEBUG o.s.orm.jpa.JpaTransactionManager - Exposing JPA transaction as JDBC [org.springframework.orm.jpa.vendor.HibernateJpaDialect$HibernateConnectionHandle@739a4b1]
2026-03-16 16:55:01 [http-nio-8080-exec-8] DEBUG o.s.orm.jpa.JpaTransactionManager - Exposing JPA transaction as JDBC [org.springframework.orm.jpa.vendor.HibernateJpaDialect$HibernateConnectionHandle@5686c9e8]
2026-03-16 16:55:01 [http-nio-8080-exec-3] DEBUG o.s.orm.jpa.JpaTransactionManager - Exposing JPA transaction as JDBC [org.springframework.orm.jpa.vendor.HibernateJpaDialect$HibernateConnectionHandle@4d6ff3d3]
2026-03-16 16:55:01 [http-nio-8080-exec-6] DEBUG o.s.orm.jpa.JpaTransactionManager - Exposing JPA transaction as JDBC [org.springframework.orm.jpa.vendor.HibernateJpaDialect$HibernateConnectionHandle@1fbea353]
2026-03-16 16:55:01 [http-nio-8080-exec-10] DEBUG o.s.orm.jpa.JpaTransactionManager - Found thread-bound EntityManager [SessionImpl(1570428003<open>)] for JPA transaction
2026-03-16 16:55:01 [http-nio-8080-exec-8] DEBUG o.s.orm.jpa.JpaTransactionManager - Found thread-bound EntityManager [SessionImpl(1687518470<open>)] for JPA transaction
2026-03-16 16:55:01 [http-nio-8080-exec-3] DEBUG o.s.orm.jpa.JpaTransactionManager - Found thread-bound EntityManager [SessionImpl(340212770<open>)] for JPA transaction
2026-03-16 16:55:01 [http-nio-8080-exec-6] DEBUG o.s.orm.jpa.JpaTransactionManager - Found thread-bound EntityManager [SessionImpl(926272103<open>)] for JPA transaction
2026-03-16 16:55:01 [http-nio-8080-exec-10] DEBUG o.s.orm.jpa.JpaTransactionManager - Participating in existing transaction
2026-03-16 16:55:01 [http-nio-8080-exec-8] DEBUG o.s.orm.jpa.JpaTransactionManager - Participating in existing transaction
2026-03-16 16:55:01 [http-nio-8080-exec-3] DEBUG o.s.orm.jpa.JpaTransactionManager - Participating in existing transaction
2026-03-16 16:55:01 [http-nio-8080-exec-6] DEBUG o.s.orm.jpa.JpaTransactionManager - Participating in existing transaction
2026-03-16 16:55:01 [http-nio-8080-exec-10] DEBUG org.hibernate.SQL - select u1_0.emplyr_id,u1_0.area_no,u1_0.brthdy,u1_0.chg_pwd_cnt,u1_0.frst_register_id,u1_0.frst_regist_pnttm,u1_0.detail_adres,u1_0.email_adres,u1_0.emplyr_sttus_code,u1_0.empl_no,u1_0.esntl_id,u1_0.fxnum,u1_0.group_id,u1_0.house_adres,u1_0.house_end_telno,u1_0.house_middle_telno,u1_0.ihidnum,u1_0.pstinst_code,u1_0.last_updusr_id,u1_0.last_updt_pnttm,u1_0.lock_at,u1_0.lock_cnt,u1_0.lock_last_pnttm,u1_0.mbtlnum,u1_0.ofcps_nm,u1_0.offm_telno,u1_0.orgnzt_id,u1_0.password,u1_0.password_cnsr,u1_0.password_hint,u1_0.chg_pwd_last_pnttm,u1_0.role,u1_0.sbscrb_de,u1_0.sexdstn_code,u1_0.crtfc_dn_value,u1_0.user_nm,u1_0.zip from nemplyrinfo u1_0 where u1_0.emplyr_id=?
2026-03-16 16:55:01 [http-nio-8080-exec-8] DEBUG org.hibernate.SQL - select u1_0.emplyr_id,u1_0.area_no,u1_0.brthdy,u1_0.chg_pwd_cnt,u1_0.frst_register_id,u1_0.frst_regist_pnttm,u1_0.detail_adres,u1_0.email_adres,u1_0.emplyr_sttus_code,u1_0.empl_no,u1_0.esntl_id,u1_0.fxnum,u1_0.group_id,u1_0.house_adres,u1_0.house_end_telno,u1_0.house_middle_telno,u1_0.ihidnum,u1_0.pstinst_code,u1_0.last_updusr_id,u1_0.last_updt_pnttm,u1_0.lock_at,u1_0.lock_cnt,u1_0.lock_last_pnttm,u1_0.mbtlnum,u1_0.ofcps_nm,u1_0.offm_telno,u1_0.orgnzt_id,u1_0.password,u1_0.password_cnsr,u1_0.password_hint,u1_0.chg_pwd_last_pnttm,u1_0.role,u1_0.sbscrb_de,u1_0.sexdstn_code,u1_0.crtfc_dn_value,u1_0.user_nm,u1_0.zip from nemplyrinfo u1_0 where u1_0.emplyr_id=?
2026-03-16 16:55:01 [http-nio-8080-exec-3] DEBUG org.hibernate.SQL - select u1_0.emplyr_id,u1_0.area_no,u1_0.brthdy,u1_0.chg_pwd_cnt,u1_0.frst_register_id,u1_0.frst_regist_pnttm,u1_0.detail_adres,u1_0.email_adres,u1_0.emplyr_sttus_code,u1_0.empl_no,u1_0.esntl_id,u1_0.fxnum,u1_0.group_id,u1_0.house_adres,u1_0.house_end_telno,u1_0.house_middle_telno,u1_0.ihidnum,u1_0.pstinst_code,u1_0.last_updusr_id,u1_0.last_updt_pnttm,u1_0.lock_at,u1_0.lock_cnt,u1_0.lock_last_pnttm,u1_0.mbtlnum,u1_0.ofcps_nm,u1_0.offm_telno,u1_0.orgnzt_id,u1_0.password,u1_0.password_cnsr,u1_0.password_hint,u1_0.chg_pwd_last_pnttm,u1_0.role,u1_0.sbscrb_de,u1_0.sexdstn_code,u1_0.crtfc_dn_value,u1_0.user_nm,u1_0.zip from nemplyrinfo u1_0 where u1_0.emplyr_id=?
2026-03-16 16:55:01 [http-nio-8080-exec-6] DEBUG org.hibernate.SQL - select u1_0.emplyr_id,u1_0.area_no,u1_0.brthdy,u1_0.chg_pwd_cnt,u1_0.frst_register_id,u1_0.frst_regist_pnttm,u1_0.detail_adres,u1_0.email_adres,u1_0.emplyr_sttus_code,u1_0.empl_no,u1_0.esntl_id,u1_0.fxnum,u1_0.group_id,u1_0.house_adres,u1_0.house_end_telno,u1_0.house_middle_telno,u1_0.ihidnum,u1_0.pstinst_code,u1_0.last_updusr_id,u1_0.last_updt_pnttm,u1_0.lock_at,u1_0.lock_cnt,u1_0.lock_last_pnttm,u1_0.mbtlnum,u1_0.ofcps_nm,u1_0.offm_telno,u1_0.orgnzt_id,u1_0.password,u1_0.password_cnsr,u1_0.password_hint,u1_0.chg_pwd_last_pnttm,u1_0.role,u1_0.sbscrb_de,u1_0.sexdstn_code,u1_0.crtfc_dn_value,u1_0.user_nm,u1_0.zip from nemplyrinfo u1_0 where u1_0.emplyr_id=?
2026-03-16 16:55:02 [http-nio-8080-exec-2] DEBUG o.s.orm.jpa.JpaTransactionManager - Found thread-bound EntityManager [SessionImpl(2100651063<open>)] for JPA transaction
2026-03-16 16:55:02 [http-nio-8080-exec-2] DEBUG o.s.orm.jpa.JpaTransactionManager - Participating in existing transaction
2026-03-16 16:55:02 [http-nio-8080-exec-2] DEBUG org.hibernate.SQL - select ua1_0.scrty_dtrmn_trget_id,ua1_0.author_code,ua1_0.frst_register_id,ua1_0.frst_regist_pnttm,ua1_0.last_updusr_id,ua1_0.last_updt_pnttm,ua1_0.mber_ty_code from nemplyrscrtyestbs ua1_0 where ua1_0.scrty_dtrmn_trget_id=?
2026-03-16 16:55:02 [http-nio-8080-exec-9] DEBUG org.hibernate.SQL - select count(b1_0.ntt_id) from nbbs b1_0 left join nemplyrinfo u1_0 on b1_0.frst_register_id=u1_0.esntl_id where (b1_0.use_at = 'Y') and b1_0.bbs_id=?
2026-03-16 16:55:02 [http-nio-8080-exec-3] DEBUG o.s.orm.jpa.JpaTransactionManager - Found thread-bound EntityManager [SessionImpl(340212770<open>)] for JPA transaction
2026-03-16 16:55:02 [http-nio-8080-exec-3] DEBUG o.s.orm.jpa.JpaTransactionManager - Participating in existing transaction
2026-03-16 16:55:02 [http-nio-8080-exec-3] DEBUG org.hibernate.SQL - select ua1_0.scrty_dtrmn_trget_id,ua1_0.author_code,ua1_0.frst_register_id,ua1_0.frst_regist_pnttm,ua1_0.last_updusr_id,ua1_0.last_updt_pnttm,ua1_0.mber_ty_code from nemplyrscrtyestbs ua1_0 where ua1_0.scrty_dtrmn_trget_id=?
2026-03-16 16:55:02 [http-nio-8080-exec-10] DEBUG o.s.orm.jpa.JpaTransactionManager - Found thread-bound EntityManager [SessionImpl(1570428003<open>)] for JPA transaction
2026-03-16 16:55:02 [http-nio-8080-exec-8] DEBUG o.s.orm.jpa.JpaTransactionManager - Found thread-bound EntityManager [SessionImpl(1687518470<open>)] for JPA transaction
2026-03-16 16:55:02 [http-nio-8080-exec-10] DEBUG o.s.orm.jpa.JpaTransactionManager - Participating in existing transaction
2026-03-16 16:55:02 [http-nio-8080-exec-8] DEBUG o.s.orm.jpa.JpaTransactionManager - Participating in existing transaction
2026-03-16 16:55:02 [http-nio-8080-exec-8] DEBUG org.hibernate.SQL - select ua1_0.scrty_dtrmn_trget_id,ua1_0.author_code,ua1_0.frst_register_id,ua1_0.frst_regist_pnttm,ua1_0.last_updusr_id,ua1_0.last_updt_pnttm,ua1_0.mber_ty_code from nemplyrscrtyestbs ua1_0 where ua1_0.scrty_dtrmn_trget_id=?
2026-03-16 16:55:02 [http-nio-8080-exec-10] DEBUG org.hibernate.SQL - select ua1_0.scrty_dtrmn_trget_id,ua1_0.author_code,ua1_0.frst_register_id,ua1_0.frst_regist_pnttm,ua1_0.last_updusr_id,ua1_0.last_updt_pnttm,ua1_0.mber_ty_code from nemplyrscrtyestbs ua1_0 where ua1_0.scrty_dtrmn_trget_id=?
2026-03-16 16:55:02 [http-nio-8080-exec-6] DEBUG o.s.orm.jpa.JpaTransactionManager - Found thread-bound EntityManager [SessionImpl(926272103<open>)] for JPA transaction
2026-03-16 16:55:02 [http-nio-8080-exec-6] DEBUG o.s.orm.jpa.JpaTransactionManager - Participating in existing transaction
2026-03-16 16:55:02 [http-nio-8080-exec-6] DEBUG org.hibernate.SQL - select ua1_0.scrty_dtrmn_trget_id,ua1_0.author_code,ua1_0.frst_register_id,ua1_0.frst_regist_pnttm,ua1_0.last_updusr_id,ua1_0.last_updt_pnttm,ua1_0.mber_ty_code from nemplyrscrtyestbs ua1_0 where ua1_0.scrty_dtrmn_trget_id=?
2026-03-16 16:55:02 [http-nio-8080-exec-2] DEBUG o.s.orm.jpa.JpaTransactionManager - Initiating transaction commit
2026-03-16 16:55:02 [http-nio-8080-exec-2] DEBUG o.s.orm.jpa.JpaTransactionManager - Committing JPA transaction on EntityManager [SessionImpl(2100651063<open>)]
2026-03-16 16:55:02 [http-nio-8080-exec-9] DEBUG o.s.orm.jpa.JpaTransactionManager - Initiating transaction commit
2026-03-16 16:55:02 [http-nio-8080-exec-9] DEBUG o.s.orm.jpa.JpaTransactionManager - Committing JPA transaction on EntityManager [SessionImpl(1019355088<open>)]
2026-03-16 16:55:02 [http-nio-8080-exec-8] DEBUG o.s.orm.jpa.JpaTransactionManager - Initiating transaction commit
2026-03-16 16:55:02 [http-nio-8080-exec-10] DEBUG o.s.orm.jpa.JpaTransactionManager - Initiating transaction commit
2026-03-16 16:55:02 [http-nio-8080-exec-3] DEBUG o.s.orm.jpa.JpaTransactionManager - Initiating transaction commit
2026-03-16 16:55:02 [http-nio-8080-exec-6] DEBUG o.s.orm.jpa.JpaTransactionManager - Initiating transaction commit
2026-03-16 16:55:02 [http-nio-8080-exec-8] DEBUG o.s.orm.jpa.JpaTransactionManager - Committing JPA transaction on EntityManager [SessionImpl(1687518470<open>)]
2026-03-16 16:55:02 [http-nio-8080-exec-6] DEBUG o.s.orm.jpa.JpaTransactionManager - Committing JPA transaction on EntityManager [SessionImpl(926272103<open>)]
2026-03-16 16:55:02 [http-nio-8080-exec-10] DEBUG o.s.orm.jpa.JpaTransactionManager - Committing JPA transaction on EntityManager [SessionImpl(1570428003<open>)]
2026-03-16 16:55:02 [http-nio-8080-exec-3] DEBUG o.s.orm.jpa.JpaTransactionManager - Committing JPA transaction on EntityManager [SessionImpl(340212770<open>)]
2026-03-16 16:55:02 [http-nio-8080-exec-2] DEBUG o.s.orm.jpa.JpaTransactionManager - Closing JPA EntityManager [SessionImpl(2100651063<open>)] after transaction
2026-03-16 16:55:02 [http-nio-8080-exec-2] DEBUG c.c.p.s.jwt.JwtAuthenticationFilter - >>> [JwtFilter] Successfully authenticated user: USRCNFRM_99999999999, Authorities: [ROLE_ADMIN]
2026-03-16 16:55:02 [http-nio-8080-exec-2] DEBUG o.s.web.servlet.DispatcherServlet - GET "/api/v1/menu/left?menuNo=10", parameters={masked}
2026-03-16 16:55:02 [http-nio-8080-exec-2] TRACE o.s.w.s.m.m.a.RequestMappingHandlerMapping - Mapped to com.company.project.api.controller.menu.MenuController#getLeftMenu(Long)
2026-03-16 16:55:02 [http-nio-8080-exec-2] INFO  c.c.p.a.c.menu.MenuController - getLeftMenu called with menuNo=10
2026-03-16 16:55:02 [http-nio-8080-exec-2] DEBUG o.s.orm.jpa.JpaTransactionManager - Creating new transaction with name [com.company.project.service.menu.MenuService.getSubMenus]: PROPAGATION_REQUIRED,ISOLATION_DEFAULT,readOnly
2026-03-16 16:55:02 [http-nio-8080-exec-2] DEBUG o.s.orm.jpa.JpaTransactionManager - Opened new EntityManager [SessionImpl(490340924<open>)] for JPA transaction
2026-03-16 16:55:02 [http-nio-8080-exec-2] DEBUG o.s.orm.jpa.JpaTransactionManager - Exposing JPA transaction as JDBC [org.springframework.orm.jpa.vendor.HibernateJpaDialect$HibernateConnectionHandle@7d4719c3]
2026-03-16 16:55:02 [http-nio-8080-exec-2] DEBUG org.hibernate.SQL - select m1_0.menu_no,m1_0.menu_dc,m1_0.menu_nm,m1_0.menu_ordr,m1_0.modern_route,m1_0.progrm_file_nm,m1_0.relate_image_nm,m1_0.relate_image_path,m1_0.route_updated_at,m1_0.upper_menu_no from nmenuinfo m1_0 order by m1_0.upper_menu_no,m1_0.menu_ordr
2026-03-16 16:55:02 [http-nio-8080-exec-9] DEBUG o.s.orm.jpa.JpaTransactionManager - Closing JPA EntityManager [SessionImpl(1019355088<open>)] after transaction
2026-03-16 16:55:02 [http-nio-8080-exec-9] DEBUG o.s.orm.jpa.JpaTransactionManager - Creating new transaction with name [com.company.project.service.board.BoardService.getBoardPosts]: PROPAGATION_REQUIRED,ISOLATION_DEFAULT,readOnly
2026-03-16 16:55:02 [http-nio-8080-exec-9] DEBUG o.s.orm.jpa.JpaTransactionManager - Opened new EntityManager [SessionImpl(1088738036<open>)] for JPA transaction
2026-03-16 16:55:02 [http-nio-8080-exec-9] DEBUG o.s.orm.jpa.JpaTransactionManager - Exposing JPA transaction as JDBC [org.springframework.orm.jpa.vendor.HibernateJpaDialect$HibernateConnectionHandle@3483ab2f]
2026-03-16 16:55:02 [http-nio-8080-exec-9] DEBUG o.s.orm.jpa.JpaTransactionManager - Found thread-bound EntityManager [SessionImpl(1088738036<open>)] for JPA transaction
2026-03-16 16:55:02 [http-nio-8080-exec-9] DEBUG o.s.orm.jpa.JpaTransactionManager - Participating in existing transaction
2026-03-16 16:55:02 [http-nio-8080-exec-9] DEBUG org.hibernate.SQL - select bm1_0.bbs_id,bm1_0.atch_posbl_file_number,bm1_0.atch_posbl_file_size,bm1_0.bbs_attrb_code,bm1_0.bbs_intrcn,bm1_0.bbs_nm,bm1_0.bbs_ty_code,bm1_0.blog_at,bm1_0.blog_id,bm1_0.cmmnty_id,bm1_0.frst_register_id,bm1_0.frst_regist_pnttm,bm1_0.file_atch_posbl_at,bm1_0.last_updusr_id,bm1_0.last_updt_pnttm,bm1_0.reply_posbl_at,bm1_0.tmplat_id,bm1_0.use_at,bm1_1.answer_at,bm1_1.stsfdg_at from nbbsmaster bm1_0 left join nbbsmasteroptn bm1_1 on bm1_0.bbs_id=bm1_1.bbs_id where bm1_0.bbs_id=?
2026-03-16 16:55:02 [http-nio-8080-exec-6] DEBUG o.s.orm.jpa.JpaTransactionManager - Closing JPA EntityManager [SessionImpl(926272103<open>)] after transaction
2026-03-16 16:55:02 [http-nio-8080-exec-8] DEBUG o.s.orm.jpa.JpaTransactionManager - Closing JPA EntityManager [SessionImpl(1687518470<open>)] after transaction
2026-03-16 16:55:02 [http-nio-8080-exec-3] DEBUG o.s.orm.jpa.JpaTransactionManager - Closing JPA EntityManager [SessionImpl(340212770<open>)] after transaction
2026-03-16 16:55:02 [http-nio-8080-exec-10] DEBUG o.s.orm.jpa.JpaTransactionManager - Closing JPA EntityManager [SessionImpl(1570428003<open>)] after transaction
2026-03-16 16:55:02 [http-nio-8080-exec-10] DEBUG c.c.p.s.jwt.JwtAuthenticationFilter - >>> [JwtFilter] Successfully authenticated user: USRCNFRM_99999999999, Authorities: [ROLE_ADMIN]
2026-03-16 16:55:02 [http-nio-8080-exec-6] DEBUG c.c.p.s.jwt.JwtAuthenticationFilter - >>> [JwtFilter] Successfully authenticated user: USRCNFRM_99999999999, Authorities: [ROLE_ADMIN]
2026-03-16 16:55:02 [http-nio-8080-exec-8] DEBUG c.c.p.s.jwt.JwtAuthenticationFilter - >>> [JwtFilter] Successfully authenticated user: USRCNFRM_99999999999, Authorities: [ROLE_ADMIN]
2026-03-16 16:55:02 [http-nio-8080-exec-3] DEBUG c.c.p.s.jwt.JwtAuthenticationFilter - >>> [JwtFilter] Successfully authenticated user: USRCNFRM_99999999999, Authorities: [ROLE_ADMIN]
2026-03-16 16:55:02 [http-nio-8080-exec-10] DEBUG o.s.web.servlet.DispatcherServlet - GET "/api/v1/menu/left?menuNo=20", parameters={masked}
2026-03-16 16:55:02 [http-nio-8080-exec-3] DEBUG o.s.web.servlet.DispatcherServlet - GET "/api/v1/menu/left?menuNo=60", parameters={masked}
2026-03-16 16:55:02 [http-nio-8080-exec-6] DEBUG o.s.web.servlet.DispatcherServlet - GET "/api/v1/menu/left?menuNo=50", parameters={masked}
2026-03-16 16:55:02 [http-nio-8080-exec-3] TRACE o.s.w.s.m.m.a.RequestMappingHandlerMapping - Mapped to com.company.project.api.controller.menu.MenuController#getLeftMenu(Long)
2026-03-16 16:55:02 [http-nio-8080-exec-10] TRACE o.s.w.s.m.m.a.RequestMappingHandlerMapping - Mapped to com.company.project.api.controller.menu.MenuController#getLeftMenu(Long)
2026-03-16 16:55:02 [http-nio-8080-exec-8] DEBUG o.s.web.servlet.DispatcherServlet - GET "/api/v1/menu/left?menuNo=40", parameters={masked}
2026-03-16 16:55:02 [http-nio-8080-exec-6] TRACE o.s.w.s.m.m.a.RequestMappingHandlerMapping - Mapped to com.company.project.api.controller.menu.MenuController#getLeftMenu(Long)
2026-03-16 16:55:02 [http-nio-8080-exec-3] INFO  c.c.p.a.c.menu.MenuController - getLeftMenu called with menuNo=60
2026-03-16 16:55:02 [http-nio-8080-exec-6] INFO  c.c.p.a.c.menu.MenuController - getLeftMenu called with menuNo=50
2026-03-16 16:55:02 [http-nio-8080-exec-10] INFO  c.c.p.a.c.menu.MenuController - getLeftMenu called with menuNo=20
2026-03-16 16:55:02 [http-nio-8080-exec-3] DEBUG o.s.orm.jpa.JpaTransactionManager - Creating new transaction with name [com.company.project.service.menu.MenuService.getSubMenus]: PROPAGATION_REQUIRED,ISOLATION_DEFAULT,readOnly
2026-03-16 16:55:02 [http-nio-8080-exec-6] DEBUG o.s.orm.jpa.JpaTransactionManager - Creating new transaction with name [com.company.project.service.menu.MenuService.getSubMenus]: PROPAGATION_REQUIRED,ISOLATION_DEFAULT,readOnly
2026-03-16 16:55:02 [http-nio-8080-exec-10] DEBUG o.s.orm.jpa.JpaTransactionManager - Creating new transaction with name [com.company.project.service.menu.MenuService.getSubMenus]: PROPAGATION_REQUIRED,ISOLATION_DEFAULT,readOnly
2026-03-16 16:55:02 [http-nio-8080-exec-8] TRACE o.s.w.s.m.m.a.RequestMappingHandlerMapping - Mapped to com.company.project.api.controller.menu.MenuController#getLeftMenu(Long)
2026-03-16 16:55:02 [http-nio-8080-exec-6] DEBUG o.s.orm.jpa.JpaTransactionManager - Opened new EntityManager [SessionImpl(1531977141<open>)] for JPA transaction
2026-03-16 16:55:02 [http-nio-8080-exec-10] DEBUG o.s.orm.jpa.JpaTransactionManager - Opened new EntityManager [SessionImpl(1897038922<open>)] for JPA transaction
2026-03-16 16:55:02 [http-nio-8080-exec-6] DEBUG o.s.orm.jpa.JpaTransactionManager - Exposing JPA transaction as JDBC [org.springframework.orm.jpa.vendor.HibernateJpaDialect$HibernateConnectionHandle@7e60a979]
2026-03-16 16:55:02 [http-nio-8080-exec-3] DEBUG o.s.orm.jpa.JpaTransactionManager - Opened new EntityManager [SessionImpl(762344908<open>)] for JPA transaction
2026-03-16 16:55:02 [http-nio-8080-exec-8] INFO  c.c.p.a.c.menu.MenuController - getLeftMenu called with menuNo=40
2026-03-16 16:55:02 [http-nio-8080-exec-3] DEBUG o.s.orm.jpa.JpaTransactionManager - Exposing JPA transaction as JDBC [org.springframework.orm.jpa.vendor.HibernateJpaDialect$HibernateConnectionHandle@3a2ee806]
2026-03-16 16:55:02 [http-nio-8080-exec-8] DEBUG o.s.orm.jpa.JpaTransactionManager - Creating new transaction with name [com.company.project.service.menu.MenuService.getSubMenus]: PROPAGATION_REQUIRED,ISOLATION_DEFAULT,readOnly
2026-03-16 16:55:02 [http-nio-8080-exec-10] DEBUG o.s.orm.jpa.JpaTransactionManager - Exposing JPA transaction as JDBC [org.springframework.orm.jpa.vendor.HibernateJpaDialect$HibernateConnectionHandle@24088d19]
2026-03-16 16:55:02 [http-nio-8080-exec-8] DEBUG o.s.orm.jpa.JpaTransactionManager - Opened new EntityManager [SessionImpl(672772778<open>)] for JPA transaction
2026-03-16 16:55:02 [http-nio-8080-exec-8] DEBUG o.s.orm.jpa.JpaTransactionManager - Exposing JPA transaction as JDBC [org.springframework.orm.jpa.vendor.HibernateJpaDialect$HibernateConnectionHandle@6969e8ad]
2026-03-16 16:55:02 [http-nio-8080-exec-6] DEBUG org.hibernate.SQL - select m1_0.menu_no,m1_0.menu_dc,m1_0.menu_nm,m1_0.menu_ordr,m1_0.modern_route,m1_0.progrm_file_nm,m1_0.relate_image_nm,m1_0.relate_image_path,m1_0.route_updated_at,m1_0.upper_menu_no from nmenuinfo m1_0 order by m1_0.upper_menu_no,m1_0.menu_ordr
2026-03-16 16:55:02 [http-nio-8080-exec-10] DEBUG org.hibernate.SQL - select m1_0.menu_no,m1_0.menu_dc,m1_0.menu_nm,m1_0.menu_ordr,m1_0.modern_route,m1_0.progrm_file_nm,m1_0.relate_image_nm,m1_0.relate_image_path,m1_0.route_updated_at,m1_0.upper_menu_no from nmenuinfo m1_0 order by m1_0.upper_menu_no,m1_0.menu_ordr
2026-03-16 16:55:02 [http-nio-8080-exec-3] DEBUG org.hibernate.SQL - select m1_0.menu_no,m1_0.menu_dc,m1_0.menu_nm,m1_0.menu_ordr,m1_0.modern_route,m1_0.progrm_file_nm,m1_0.relate_image_nm,m1_0.relate_image_path,m1_0.route_updated_at,m1_0.upper_menu_no from nmenuinfo m1_0 order by m1_0.upper_menu_no,m1_0.menu_ordr
2026-03-16 16:55:02 [http-nio-8080-exec-8] DEBUG org.hibernate.SQL - select m1_0.menu_no,m1_0.menu_dc,m1_0.menu_nm,m1_0.menu_ordr,m1_0.modern_route,m1_0.progrm_file_nm,m1_0.relate_image_nm,m1_0.relate_image_path,m1_0.route_updated_at,m1_0.upper_menu_no from nmenuinfo m1_0 order by m1_0.upper_menu_no,m1_0.menu_ordr
2026-03-16 16:55:02 [http-nio-8080-exec-9] DEBUG org.hibernate.SQL - select b1_0.ntt_id,b1_0.bbs_id,b1_0.ntt_sj,b1_0.ntcr_nm,b1_0.frst_regist_pnttm,b1_0.rdcnt,b1_0.answer_at,b1_0.parntsctt_no,b1_0.answer_lc,b1_0.sort_ordr,b1_0.ntt_no,b1_0.notice_at,b1_0.secret_at,b1_0.comment_co from nbbs b1_0 left join nemplyrinfo u1_0 on b1_0.frst_register_id=u1_0.esntl_id where (b1_0.use_at = 'Y') and b1_0.bbs_id=? order by b1_0.sort_ordr desc,b1_0.ntt_no offset ? rows fetch first ? rows only
2026-03-16 16:55:02 [http-nio-8080-exec-9] DEBUG org.hibernate.SQL - select count(b1_0.ntt_id) from nbbs b1_0 left join nemplyrinfo u1_0 on b1_0.frst_register_id=u1_0.esntl_id where (b1_0.use_at = 'Y') and b1_0.bbs_id=?
2026-03-16 16:55:02 [http-nio-8080-exec-2] DEBUG o.s.orm.jpa.JpaTransactionManager - Found thread-bound EntityManager [SessionImpl(490340924<open>)] for JPA transaction
2026-03-16 16:55:02 [http-nio-8080-exec-2] DEBUG o.s.orm.jpa.JpaTransactionManager - Participating in existing transaction
2026-03-16 16:55:02 [http-nio-8080-exec-2] DEBUG org.hibernate.SQL - select p1_0.progrm_file_nm,p1_0.progrm_dc,p1_0.progrm_korean_nm,p1_0.progrm_stre_path,p1_0.url from nprogrmlist p1_0
2026-03-16 16:55:02 [http-nio-8080-exec-10] DEBUG o.s.orm.jpa.JpaTransactionManager - Found thread-bound EntityManager [SessionImpl(1897038922<open>)] for JPA transaction
2026-03-16 16:55:02 [http-nio-8080-exec-10] DEBUG o.s.orm.jpa.JpaTransactionManager - Participating in existing transaction
2026-03-16 16:55:02 [http-nio-8080-exec-6] DEBUG o.s.orm.jpa.JpaTransactionManager - Found thread-bound EntityManager [SessionImpl(1531977141<open>)] for JPA transaction
2026-03-16 16:55:02 [http-nio-8080-exec-10] DEBUG org.hibernate.SQL - select p1_0.progrm_file_nm,p1_0.progrm_dc,p1_0.progrm_korean_nm,p1_0.progrm_stre_path,p1_0.url from nprogrmlist p1_0
2026-03-16 16:55:02 [http-nio-8080-exec-6] DEBUG o.s.orm.jpa.JpaTransactionManager - Participating in existing transaction
2026-03-16 16:55:02 [http-nio-8080-exec-6] DEBUG org.hibernate.SQL - select p1_0.progrm_file_nm,p1_0.progrm_dc,p1_0.progrm_korean_nm,p1_0.progrm_stre_path,p1_0.url from nprogrmlist p1_0
2026-03-16 16:55:02 [http-nio-8080-exec-3] DEBUG o.s.orm.jpa.JpaTransactionManager - Found thread-bound EntityManager [SessionImpl(762344908<open>)] for JPA transaction
2026-03-16 16:55:02 [http-nio-8080-exec-8] DEBUG o.s.orm.jpa.JpaTransactionManager - Found thread-bound EntityManager [SessionImpl(672772778<open>)] for JPA transaction
2026-03-16 16:55:02 [http-nio-8080-exec-3] DEBUG o.s.orm.jpa.JpaTransactionManager - Participating in existing transaction
2026-03-16 16:55:02 [http-nio-8080-exec-8] DEBUG o.s.orm.jpa.JpaTransactionManager - Participating in existing transaction
2026-03-16 16:55:02 [http-nio-8080-exec-8] DEBUG org.hibernate.SQL - select p1_0.progrm_file_nm,p1_0.progrm_dc,p1_0.progrm_korean_nm,p1_0.progrm_stre_path,p1_0.url from nprogrmlist p1_0
2026-03-16 16:55:02 [http-nio-8080-exec-3] DEBUG org.hibernate.SQL - select p1_0.progrm_file_nm,p1_0.progrm_dc,p1_0.progrm_korean_nm,p1_0.progrm_stre_path,p1_0.url from nprogrmlist p1_0
2026-03-16 16:55:02 [http-nio-8080-exec-9] DEBUG o.s.orm.jpa.JpaTransactionManager - Initiating transaction commit
2026-03-16 16:55:02 [http-nio-8080-exec-9] DEBUG o.s.orm.jpa.JpaTransactionManager - Committing JPA transaction on EntityManager [SessionImpl(1088738036<open>)]
2026-03-16 16:55:02 [http-nio-8080-exec-3] DEBUG o.s.orm.jpa.JpaTransactionManager - Initiating transaction commit
2026-03-16 16:55:02 [http-nio-8080-exec-10] DEBUG o.s.orm.jpa.JpaTransactionManager - Initiating transaction commit
2026-03-16 16:55:02 [http-nio-8080-exec-2] DEBUG o.s.orm.jpa.JpaTransactionManager - Initiating transaction commit
2026-03-16 16:55:02 [http-nio-8080-exec-3] DEBUG o.s.orm.jpa.JpaTransactionManager - Committing JPA transaction on EntityManager [SessionImpl(762344908<open>)]
2026-03-16 16:55:02 [http-nio-8080-exec-2] DEBUG o.s.orm.jpa.JpaTransactionManager - Committing JPA transaction on EntityManager [SessionImpl(490340924<open>)]
2026-03-16 16:55:02 [http-nio-8080-exec-6] DEBUG o.s.orm.jpa.JpaTransactionManager - Initiating transaction commit
2026-03-16 16:55:02 [http-nio-8080-exec-8] DEBUG o.s.orm.jpa.JpaTransactionManager - Initiating transaction commit
2026-03-16 16:55:02 [http-nio-8080-exec-10] DEBUG o.s.orm.jpa.JpaTransactionManager - Committing JPA transaction on EntityManager [SessionImpl(1897038922<open>)]
2026-03-16 16:55:02 [http-nio-8080-exec-6] DEBUG o.s.orm.jpa.JpaTransactionManager - Committing JPA transaction on EntityManager [SessionImpl(1531977141<open>)]
2026-03-16 16:55:02 [http-nio-8080-exec-8] DEBUG o.s.orm.jpa.JpaTransactionManager - Committing JPA transaction on EntityManager [SessionImpl(672772778<open>)]
2026-03-16 16:55:03 [http-nio-8080-exec-9] DEBUG o.s.orm.jpa.JpaTransactionManager - Closing JPA EntityManager [SessionImpl(1088738036<open>)] after transaction
2026-03-16 16:55:03 [http-nio-8080-exec-2] DEBUG o.s.orm.jpa.JpaTransactionManager - Closing JPA EntityManager [SessionImpl(490340924<open>)] after transaction
2026-03-16 16:55:03 [http-nio-8080-exec-9] DEBUG o.s.orm.jpa.JpaTransactionManager - Creating new transaction with name [com.company.project.service.informalsanction.InformalSanctionServiceImpl.getReceivedInformalSanctionList]: PROPAGATION_REQUIRED,ISOLATION_DEFAULT,readOnly
2026-03-16 16:55:03 [http-nio-8080-exec-9] DEBUG o.s.orm.jpa.JpaTransactionManager - Opened new EntityManager [SessionImpl(1144604615<open>)] for JPA transaction
2026-03-16 16:55:03 [http-nio-8080-exec-9] DEBUG o.s.orm.jpa.JpaTransactionManager - Exposing JPA transaction as JDBC [org.springframework.orm.jpa.vendor.HibernateJpaDialect$HibernateConnectionHandle@3c7d3c84]
2026-03-16 16:55:03 [http-nio-8080-exec-2] INFO  c.c.p.a.c.menu.MenuController - getLeftMenu returned 5 items
2026-03-16 16:55:03 [http-nio-8080-exec-2] DEBUG o.s.w.s.m.m.a.HttpEntityMethodProcessor - Using 'application/json', given [application/json, text/plain, */*] and supported [application/json, application/*+json, application/yaml]
2026-03-16 16:55:03 [http-nio-8080-exec-2] TRACE o.s.w.s.m.m.a.HttpEntityMethodProcessor - Writing [ApiResponse[success=true, status=200, code=COMMON_001, message=Success, data={list=[com.company.project.service.menu.dto.MenuDto@3375197f, com.company.project.service.menu.dto.MenuDto@30084f00, com.company.project.service.menu.dto.MenuDto@313c10d, com.company.project.service.menu.dto.MenuDto@26706958, com.company.project.service.menu.dto.MenuDto@3dd52208]}, timestamp=2026-03-16T16:55:03.152132700]]
2026-03-16 16:55:03 [http-nio-8080-exec-9] DEBUG org.hibernate.SQL - select is1_0.infrml_sanctn_id,is1_0.applcnt_id,is1_0.confm_at,is1_0.frst_register_id,is1_0.frst_regist_pnttm,is1_0.job_se_code,is1_0.last_updusr_id,is1_0.last_updt_pnttm,is1_0.reqst_de,is1_0.return_resn,is1_0.sanctn_dt,is1_0.sanctner_id from ninfrmlsanctn is1_0 where is1_0.sanctner_id=?
2026-03-16 16:55:03 [http-nio-8080-exec-2] INFO  c.c.p.a.i.OperationalAuditInterceptor - API Audit Log: URL=/api/v1/menu/left, User=webmaster, IP=0:0:0:0:0:0:0:1
2026-03-16 16:55:03 [http-nio-8080-exec-2] DEBUG o.s.web.servlet.DispatcherServlet - Completed 200 OK
2026-03-16 16:55:03 [http-nio-8080-exec-6] DEBUG o.s.orm.jpa.JpaTransactionManager - Closing JPA EntityManager [SessionImpl(1531977141<open>)] after transaction
2026-03-16 16:55:03 [http-nio-8080-exec-10] DEBUG o.s.orm.jpa.JpaTransactionManager - Closing JPA EntityManager [SessionImpl(1897038922<open>)] after transaction
2026-03-16 16:55:03 [http-nio-8080-exec-8] DEBUG o.s.orm.jpa.JpaTransactionManager - Closing JPA EntityManager [SessionImpl(672772778<open>)] after transaction
2026-03-16 16:55:03 [http-nio-8080-exec-6] INFO  c.c.p.a.c.menu.MenuController - getLeftMenu returned 3 items
2026-03-16 16:55:03 [http-nio-8080-exec-8] INFO  c.c.p.a.c.menu.MenuController - getLeftMenu returned 2 items
2026-03-16 16:55:03 [http-nio-8080-exec-10] INFO  c.c.p.a.c.menu.MenuController - getLeftMenu returned 3 items
2026-03-16 16:55:03 [http-nio-8080-exec-6] DEBUG o.s.w.s.m.m.a.HttpEntityMethodProcessor - Using 'application/json', given [application/json, text/plain, */*] and supported [application/json, application/*+json, application/yaml]
2026-03-16 16:55:03 [http-nio-8080-exec-8] DEBUG o.s.w.s.m.m.a.HttpEntityMethodProcessor - Using 'application/json', given [application/json, text/plain, */*] and supported [application/json, application/*+json, application/yaml]
2026-03-16 16:55:03 [http-nio-8080-exec-10] DEBUG o.s.w.s.m.m.a.HttpEntityMethodProcessor - Using 'application/json', given [application/json, text/plain, */*] and supported [application/json, application/*+json, application/yaml]
2026-03-16 16:55:03 [http-nio-8080-exec-6] TRACE o.s.w.s.m.m.a.HttpEntityMethodProcessor - Writing [ApiResponse[success=true, status=200, code=COMMON_001, message=Success, data={list=[com.company.project.service.menu.dto.MenuDto@1533128, com.company.project.service.menu.dto.MenuDto@68703a93, com.company.project.service.menu.dto.MenuDto@6ac8a0b]}, timestamp=2026-03-16T16:55:03.158852500]]
2026-03-16 16:55:03 [http-nio-8080-exec-8] TRACE o.s.w.s.m.m.a.HttpEntityMethodProcessor - Writing [ApiResponse[success=true, status=200, code=COMMON_001, message=Success, data={list=[com.company.project.service.menu.dto.MenuDto@6e5673a4, com.company.project.service.menu.dto.MenuDto@2be26bdb]}, timestamp=2026-03-16T16:55:03.158852500]]
2026-03-16 16:55:03 [http-nio-8080-exec-10] TRACE o.s.w.s.m.m.a.HttpEntityMethodProcessor - Writing [ApiResponse[success=true, status=200, code=COMMON_001, message=Success, data={list=[com.company.project.service.menu.dto.MenuDto@2d5fe3fd, com.company.project.service.menu.dto.MenuDto@1c3d1c5b, com.company.project.service.menu.dto.MenuDto@53c2c7c2]}, timestamp=2026-03-16T16:55:03.158852500]]
2026-03-16 16:55:03 [http-nio-8080-exec-6] INFO  c.c.p.a.i.OperationalAuditInterceptor - API Audit Log: URL=/api/v1/menu/left, User=webmaster, IP=0:0:0:0:0:0:0:1
2026-03-16 16:55:03 [http-nio-8080-exec-8] INFO  c.c.p.a.i.OperationalAuditInterceptor - API Audit Log: URL=/api/v1/menu/left, User=webmaster, IP=0:0:0:0:0:0:0:1
2026-03-16 16:55:03 [http-nio-8080-exec-10] INFO  c.c.p.a.i.OperationalAuditInterceptor - API Audit Log: URL=/api/v1/menu/left, User=webmaster, IP=0:0:0:0:0:0:0:1
2026-03-16 16:55:03 [http-nio-8080-exec-6] DEBUG o.s.web.servlet.DispatcherServlet - Completed 200 OK
2026-03-16 16:55:03 [http-nio-8080-exec-8] DEBUG o.s.web.servlet.DispatcherServlet - Completed 200 OK
2026-03-16 16:55:03 [http-nio-8080-exec-10] DEBUG o.s.web.servlet.DispatcherServlet - Completed 200 OK
2026-03-16 16:55:03 [http-nio-8080-exec-3] DEBUG o.s.orm.jpa.JpaTransactionManager - Closing JPA EntityManager [SessionImpl(762344908<open>)] after transaction
2026-03-16 16:55:03 [http-nio-8080-exec-3] INFO  c.c.p.a.c.menu.MenuController - getLeftMenu returned 1 items
2026-03-16 16:55:03 [http-nio-8080-exec-3] DEBUG o.s.w.s.m.m.a.HttpEntityMethodProcessor - Using 'application/json', given [application/json, text/plain, */*] and supported [application/json, application/*+json, application/yaml]
2026-03-16 16:55:03 [http-nio-8080-exec-3] TRACE o.s.w.s.m.m.a.HttpEntityMethodProcessor - Writing [ApiResponse[success=true, status=200, code=COMMON_001, message=Success, data={list=[com.company.project.service.menu.dto.MenuDto@41f90de2]}, timestamp=2026-03-16T16:55:03.161011400]]
2026-03-16 16:55:03 [http-nio-8080-exec-3] INFO  c.c.p.a.i.OperationalAuditInterceptor - API Audit Log: URL=/api/v1/menu/left, User=webmaster, IP=0:0:0:0:0:0:0:1
2026-03-16 16:55:03 [http-nio-8080-exec-3] DEBUG o.s.web.servlet.DispatcherServlet - Completed 200 OK
2026-03-16 16:55:03 [http-nio-8080-exec-9] DEBUG o.s.orm.jpa.JpaTransactionManager - Initiating transaction commit
2026-03-16 16:55:03 [http-nio-8080-exec-9] DEBUG o.s.orm.jpa.JpaTransactionManager - Committing JPA transaction on EntityManager [SessionImpl(1144604615<open>)]
2026-03-16 16:55:03 [http-nio-8080-exec-9] DEBUG o.s.orm.jpa.JpaTransactionManager - Closing JPA EntityManager [SessionImpl(1144604615<open>)] after transaction
2026-03-16 16:55:03 [http-nio-8080-exec-9] DEBUG o.s.w.s.m.m.a.HttpEntityMethodProcessor - Using 'application/json', given [application/json, text/plain, */*] and supported [application/json, application/*+json, application/yaml]
2026-03-16 16:55:03 [http-nio-8080-exec-9] TRACE o.s.w.s.m.m.a.HttpEntityMethodProcessor - Writing [{notiList=[com.company.project.service.board.dto.BoardDto@540a2b75], success=true, taskList=[com.company.project.service.board.dto.BoardDto@b3cb8f9], pendingApprovalCount=0}]
2026-03-16 16:55:03 [http-nio-8080-exec-9] INFO  c.c.p.a.i.OperationalAuditInterceptor - API Audit Log: URL=/api/v1/dashboard, User=webmaster, IP=0:0:0:0:0:0:0:1
2026-03-16 16:55:03 [http-nio-8080-exec-9] DEBUG o.s.web.servlet.DispatcherServlet - Completed 200 OK
2026-03-16 16:55:03 [http-nio-8080-exec-1] DEBUG c.c.p.s.jwt.JwtAuthenticationFilter - >>> [JwtFilter] Processing request: GET /api/v1/menu/head
2026-03-16 16:55:03 [http-nio-8080-exec-5] DEBUG c.c.p.s.jwt.JwtAuthenticationFilter - >>> [JwtFilter] Processing request: GET /api/v1/auth/me
2026-03-16 16:55:03 [http-nio-8080-exec-7] DEBUG c.c.p.s.jwt.JwtAuthenticationFilter - >>> [JwtFilter] Processing request: GET /api/v1/menu/left
2026-03-16 16:55:03 [http-nio-8080-exec-1] DEBUG c.c.p.s.jwt.JwtAuthenticationFilter - >>> [JwtFilter] Found token in header for path: /api/v1/menu/head
2026-03-16 16:55:03 [http-nio-8080-exec-5] DEBUG c.c.p.s.jwt.JwtAuthenticationFilter - >>> [JwtFilter] Found token in header for path: /api/v1/auth/me
2026-03-16 16:55:03 [http-nio-8080-exec-7] DEBUG c.c.p.s.jwt.JwtAuthenticationFilter - >>> [JwtFilter] Found token in header for path: /api/v1/menu/left
2026-03-16 16:55:03 [http-nio-8080-exec-5] DEBUG o.s.orm.jpa.JpaTransactionManager - Creating new transaction with name [com.company.project.security.iam.CustomUserDetailsService.loadUserByUsername]: PROPAGATION_REQUIRED,ISOLATION_DEFAULT,readOnly
2026-03-16 16:55:03 [http-nio-8080-exec-7] DEBUG o.s.orm.jpa.JpaTransactionManager - Creating new transaction with name [com.company.project.security.iam.CustomUserDetailsService.loadUserByUsername]: PROPAGATION_REQUIRED,ISOLATION_DEFAULT,readOnly
2026-03-16 16:55:03 [http-nio-8080-exec-1] DEBUG o.s.orm.jpa.JpaTransactionManager - Creating new transaction with name [com.company.project.security.iam.CustomUserDetailsService.loadUserByUsername]: PROPAGATION_REQUIRED,ISOLATION_DEFAULT,readOnly
2026-03-16 16:55:03 [http-nio-8080-exec-5] DEBUG o.s.orm.jpa.JpaTransactionManager - Opened new EntityManager [SessionImpl(1278331590<open>)] for JPA transaction
2026-03-16 16:55:03 [http-nio-8080-exec-7] DEBUG o.s.orm.jpa.JpaTransactionManager - Opened new EntityManager [SessionImpl(669045025<open>)] for JPA transaction
2026-03-16 16:55:03 [http-nio-8080-exec-1] DEBUG o.s.orm.jpa.JpaTransactionManager - Opened new EntityManager [SessionImpl(510001316<open>)] for JPA transaction
2026-03-16 16:55:03 [http-nio-8080-exec-1] DEBUG o.s.orm.jpa.JpaTransactionManager - Exposing JPA transaction as JDBC [org.springframework.orm.jpa.vendor.HibernateJpaDialect$HibernateConnectionHandle@523234d3]
2026-03-16 16:55:03 [http-nio-8080-exec-1] DEBUG o.s.orm.jpa.JpaTransactionManager - Found thread-bound EntityManager [SessionImpl(510001316<open>)] for JPA transaction
2026-03-16 16:55:03 [http-nio-8080-exec-1] DEBUG o.s.orm.jpa.JpaTransactionManager - Participating in existing transaction
2026-03-16 16:55:03 [http-nio-8080-exec-1] DEBUG org.hibernate.SQL - select u1_0.emplyr_id,u1_0.area_no,u1_0.brthdy,u1_0.chg_pwd_cnt,u1_0.frst_register_id,u1_0.frst_regist_pnttm,u1_0.detail_adres,u1_0.email_adres,u1_0.emplyr_sttus_code,u1_0.empl_no,u1_0.esntl_id,u1_0.fxnum,u1_0.group_id,u1_0.house_adres,u1_0.house_end_telno,u1_0.house_middle_telno,u1_0.ihidnum,u1_0.pstinst_code,u1_0.last_updusr_id,u1_0.last_updt_pnttm,u1_0.lock_at,u1_0.lock_cnt,u1_0.lock_last_pnttm,u1_0.mbtlnum,u1_0.ofcps_nm,u1_0.offm_telno,u1_0.orgnzt_id,u1_0.password,u1_0.password_cnsr,u1_0.password_hint,u1_0.chg_pwd_last_pnttm,u1_0.role,u1_0.sbscrb_de,u1_0.sexdstn_code,u1_0.crtfc_dn_value,u1_0.user_nm,u1_0.zip from nemplyrinfo u1_0 where u1_0.emplyr_id=?
2026-03-16 16:55:03 [http-nio-8080-exec-5] DEBUG o.s.orm.jpa.JpaTransactionManager - Exposing JPA transaction as JDBC [org.springframework.orm.jpa.vendor.HibernateJpaDialect$HibernateConnectionHandle@7da67030]
2026-03-16 16:55:03 [http-nio-8080-exec-7] DEBUG o.s.orm.jpa.JpaTransactionManager - Exposing JPA transaction as JDBC [org.springframework.orm.jpa.vendor.HibernateJpaDialect$HibernateConnectionHandle@18ea58af]
2026-03-16 16:55:03 [http-nio-8080-exec-5] DEBUG o.s.orm.jpa.JpaTransactionManager - Found thread-bound EntityManager [SessionImpl(1278331590<open>)] for JPA transaction
2026-03-16 16:55:03 [http-nio-8080-exec-7] DEBUG o.s.orm.jpa.JpaTransactionManager - Found thread-bound EntityManager [SessionImpl(669045025<open>)] for JPA transaction
2026-03-16 16:55:03 [http-nio-8080-exec-5] DEBUG o.s.orm.jpa.JpaTransactionManager - Participating in existing transaction
2026-03-16 16:55:03 [http-nio-8080-exec-7] DEBUG o.s.orm.jpa.JpaTransactionManager - Participating in existing transaction
2026-03-16 16:55:03 [http-nio-8080-exec-5] DEBUG org.hibernate.SQL - select u1_0.emplyr_id,u1_0.area_no,u1_0.brthdy,u1_0.chg_pwd_cnt,u1_0.frst_register_id,u1_0.frst_regist_pnttm,u1_0.detail_adres,u1_0.email_adres,u1_0.emplyr_sttus_code,u1_0.empl_no,u1_0.esntl_id,u1_0.fxnum,u1_0.group_id,u1_0.house_adres,u1_0.house_end_telno,u1_0.house_middle_telno,u1_0.ihidnum,u1_0.pstinst_code,u1_0.last_updusr_id,u1_0.last_updt_pnttm,u1_0.lock_at,u1_0.lock_cnt,u1_0.lock_last_pnttm,u1_0.mbtlnum,u1_0.ofcps_nm,u1_0.offm_telno,u1_0.orgnzt_id,u1_0.password,u1_0.password_cnsr,u1_0.password_hint,u1_0.chg_pwd_last_pnttm,u1_0.role,u1_0.sbscrb_de,u1_0.sexdstn_code,u1_0.crtfc_dn_value,u1_0.user_nm,u1_0.zip from nemplyrinfo u1_0 where u1_0.emplyr_id=?
2026-03-16 16:55:03 [http-nio-8080-exec-7] DEBUG org.hibernate.SQL - select u1_0.emplyr_id,u1_0.area_no,u1_0.brthdy,u1_0.chg_pwd_cnt,u1_0.frst_register_id,u1_0.frst_regist_pnttm,u1_0.detail_adres,u1_0.email_adres,u1_0.emplyr_sttus_code,u1_0.empl_no,u1_0.esntl_id,u1_0.fxnum,u1_0.group_id,u1_0.house_adres,u1_0.house_end_telno,u1_0.house_middle_telno,u1_0.ihidnum,u1_0.pstinst_code,u1_0.last_updusr_id,u1_0.last_updt_pnttm,u1_0.lock_at,u1_0.lock_cnt,u1_0.lock_last_pnttm,u1_0.mbtlnum,u1_0.ofcps_nm,u1_0.offm_telno,u1_0.orgnzt_id,u1_0.password,u1_0.password_cnsr,u1_0.password_hint,u1_0.chg_pwd_last_pnttm,u1_0.role,u1_0.sbscrb_de,u1_0.sexdstn_code,u1_0.crtfc_dn_value,u1_0.user_nm,u1_0.zip from nemplyrinfo u1_0 where u1_0.emplyr_id=?
2026-03-16 16:55:04 [http-nio-8080-exec-1] DEBUG o.s.orm.jpa.JpaTransactionManager - Found thread-bound EntityManager [SessionImpl(510001316<open>)] for JPA transaction
2026-03-16 16:55:04 [http-nio-8080-exec-1] DEBUG o.s.orm.jpa.JpaTransactionManager - Participating in existing transaction
2026-03-16 16:55:04 [http-nio-8080-exec-1] DEBUG org.hibernate.SQL - select ua1_0.scrty_dtrmn_trget_id,ua1_0.author_code,ua1_0.frst_register_id,ua1_0.frst_regist_pnttm,ua1_0.last_updusr_id,ua1_0.last_updt_pnttm,ua1_0.mber_ty_code from nemplyrscrtyestbs ua1_0 where ua1_0.scrty_dtrmn_trget_id=?
2026-03-16 16:55:04 [http-nio-8080-exec-5] DEBUG o.s.orm.jpa.JpaTransactionManager - Found thread-bound EntityManager [SessionImpl(1278331590<open>)] for JPA transaction
2026-03-16 16:55:04 [http-nio-8080-exec-7] DEBUG o.s.orm.jpa.JpaTransactionManager - Found thread-bound EntityManager [SessionImpl(669045025<open>)] for JPA transaction
2026-03-16 16:55:04 [http-nio-8080-exec-5] DEBUG o.s.orm.jpa.JpaTransactionManager - Participating in existing transaction
2026-03-16 16:55:04 [http-nio-8080-exec-7] DEBUG o.s.orm.jpa.JpaTransactionManager - Participating in existing transaction
2026-03-16 16:55:04 [http-nio-8080-exec-5] DEBUG org.hibernate.SQL - select ua1_0.scrty_dtrmn_trget_id,ua1_0.author_code,ua1_0.frst_register_id,ua1_0.frst_regist_pnttm,ua1_0.last_updusr_id,ua1_0.last_updt_pnttm,ua1_0.mber_ty_code from nemplyrscrtyestbs ua1_0 where ua1_0.scrty_dtrmn_trget_id=?
2026-03-16 16:55:04 [http-nio-8080-exec-7] DEBUG org.hibernate.SQL - select ua1_0.scrty_dtrmn_trget_id,ua1_0.author_code,ua1_0.frst_register_id,ua1_0.frst_regist_pnttm,ua1_0.last_updusr_id,ua1_0.last_updt_pnttm,ua1_0.mber_ty_code from nemplyrscrtyestbs ua1_0 where ua1_0.scrty_dtrmn_trget_id=?
2026-03-16 16:55:04 [http-nio-8080-exec-1] DEBUG o.s.orm.jpa.JpaTransactionManager - Initiating transaction commit
2026-03-16 16:55:04 [http-nio-8080-exec-1] DEBUG o.s.orm.jpa.JpaTransactionManager - Committing JPA transaction on EntityManager [SessionImpl(510001316<open>)]
2026-03-16 16:55:04 [http-nio-8080-exec-5] DEBUG o.s.orm.jpa.JpaTransactionManager - Initiating transaction commit
2026-03-16 16:55:04 [http-nio-8080-exec-7] DEBUG o.s.orm.jpa.JpaTransactionManager - Initiating transaction commit
2026-03-16 16:55:04 [http-nio-8080-exec-5] DEBUG o.s.orm.jpa.JpaTransactionManager - Committing JPA transaction on EntityManager [SessionImpl(1278331590<open>)]
2026-03-16 16:55:04 [http-nio-8080-exec-7] DEBUG o.s.orm.jpa.JpaTransactionManager - Committing JPA transaction on EntityManager [SessionImpl(669045025<open>)]
2026-03-16 16:55:04 [http-nio-8080-exec-1] DEBUG o.s.orm.jpa.JpaTransactionManager - Closing JPA EntityManager [SessionImpl(510001316<open>)] after transaction
2026-03-16 16:55:04 [http-nio-8080-exec-1] DEBUG c.c.p.s.jwt.JwtAuthenticationFilter - >>> [JwtFilter] Successfully authenticated user: USRCNFRM_99999999999, Authorities: [ROLE_ADMIN]
2026-03-16 16:55:04 [http-nio-8080-exec-1] DEBUG o.s.web.servlet.DispatcherServlet - GET "/api/v1/menu/head", parameters={}
2026-03-16 16:55:04 [http-nio-8080-exec-1] TRACE o.s.w.s.m.m.a.RequestMappingHandlerMapping - Mapped to com.company.project.api.controller.menu.MenuController#getHeadMenu()
2026-03-16 16:55:04 [http-nio-8080-exec-1] INFO  c.c.p.a.c.menu.MenuController - getHeadMenu called
2026-03-16 16:55:04 [http-nio-8080-exec-1] INFO  c.c.p.a.c.menu.MenuController - getHeadMenu returned 5 items
2026-03-16 16:55:04 [http-nio-8080-exec-1] DEBUG o.s.w.s.m.m.a.HttpEntityMethodProcessor - Using 'application/json', given [application/json, text/plain, */*] and supported [application/json, application/*+json, application/yaml]
2026-03-16 16:55:04 [http-nio-8080-exec-1] TRACE o.s.w.s.m.m.a.HttpEntityMethodProcessor - Writing [ApiResponse[success=true, status=200, code=COMMON_001, message=Success, data={list=[com.company.project.service.menu.dto.MenuDto@2b80d6b0, com.company.project.service.menu.dto.MenuDto@1418cfa3, com.company.project.service.menu.dto.MenuDto@f230bf1, com.company.project.service.menu.dto.MenuDto@734a7f6a, com.company.project.service.menu.dto.MenuDto@5e5202e5]}, timestamp=2026-03-16T16:55:04.304949500]]
2026-03-16 16:55:04 [http-nio-8080-exec-1] INFO  c.c.p.a.i.OperationalAuditInterceptor - API Audit Log: URL=/api/v1/menu/head, User=webmaster, IP=127.0.0.1
2026-03-16 16:55:04 [http-nio-8080-exec-1] DEBUG o.s.web.servlet.DispatcherServlet - Completed 200 OK
2026-03-16 16:55:04 [http-nio-8080-exec-7] DEBUG o.s.orm.jpa.JpaTransactionManager - Closing JPA EntityManager [SessionImpl(669045025<open>)] after transaction
2026-03-16 16:55:04 [http-nio-8080-exec-7] DEBUG c.c.p.s.jwt.JwtAuthenticationFilter - >>> [JwtFilter] Successfully authenticated user: USRCNFRM_99999999999, Authorities: [ROLE_ADMIN]
2026-03-16 16:55:04 [http-nio-8080-exec-7] DEBUG o.s.web.servlet.DispatcherServlet - GET "/api/v1/menu/left?menuNo=10", parameters={masked}
2026-03-16 16:55:04 [http-nio-8080-exec-7] TRACE o.s.w.s.m.m.a.RequestMappingHandlerMapping - Mapped to com.company.project.api.controller.menu.MenuController#getLeftMenu(Long)
2026-03-16 16:55:04 [http-nio-8080-exec-7] INFO  c.c.p.a.c.menu.MenuController - getLeftMenu called with menuNo=10
2026-03-16 16:55:04 [http-nio-8080-exec-7] DEBUG o.s.orm.jpa.JpaTransactionManager - Creating new transaction with name [com.company.project.service.menu.MenuService.getSubMenus]: PROPAGATION_REQUIRED,ISOLATION_DEFAULT,readOnly
2026-03-16 16:55:04 [http-nio-8080-exec-7] DEBUG o.s.orm.jpa.JpaTransactionManager - Opened new EntityManager [SessionImpl(949638936<open>)] for JPA transaction
2026-03-16 16:55:04 [http-nio-8080-exec-7] DEBUG o.s.orm.jpa.JpaTransactionManager - Exposing JPA transaction as JDBC [org.springframework.orm.jpa.vendor.HibernateJpaDialect$HibernateConnectionHandle@47700967]
2026-03-16 16:55:04 [http-nio-8080-exec-5] DEBUG o.s.orm.jpa.JpaTransactionManager - Closing JPA EntityManager [SessionImpl(1278331590<open>)] after transaction
2026-03-16 16:55:04 [http-nio-8080-exec-5] DEBUG c.c.p.s.jwt.JwtAuthenticationFilter - >>> [JwtFilter] Successfully authenticated user: USRCNFRM_99999999999, Authorities: [ROLE_ADMIN]
2026-03-16 16:55:04 [http-nio-8080-exec-7] DEBUG org.hibernate.SQL - select m1_0.menu_no,m1_0.menu_dc,m1_0.menu_nm,m1_0.menu_ordr,m1_0.modern_route,m1_0.progrm_file_nm,m1_0.relate_image_nm,m1_0.relate_image_path,m1_0.route_updated_at,m1_0.upper_menu_no from nmenuinfo m1_0 order by m1_0.upper_menu_no,m1_0.menu_ordr
2026-03-16 16:55:04 [http-nio-8080-exec-5] DEBUG o.s.web.servlet.DispatcherServlet - GET "/api/v1/auth/me", parameters={}
2026-03-16 16:55:04 [http-nio-8080-exec-5] TRACE o.s.w.s.m.m.a.RequestMappingHandlerMapping - Mapped to com.company.project.api.auth.AuthController#getCurrentUser()
2026-03-16 16:55:04 [http-nio-8080-exec-5] DEBUG o.s.w.s.m.m.a.RequestResponseBodyMethodProcessor - Using 'application/json', given [application/json, text/plain, */*] and supported [application/json, application/*+json, application/yaml]
2026-03-16 16:55:04 [http-nio-8080-exec-5] TRACE o.s.w.s.m.m.a.RequestResponseBodyMethodProcessor - Writing [ApiResponse[success=true, status=200, code=COMMON_001, message=Success, data={role=ROLE_ADMIN, userSe=EMP, name=관리자, id=webmaster}, timestamp=2026-03-16T16:55:04.331414700]]
2026-03-16 16:55:04 [http-nio-8080-exec-5] INFO  c.c.p.a.i.OperationalAuditInterceptor - API Audit Log: URL=/api/v1/auth/me, User=webmaster, IP=127.0.0.1
2026-03-16 16:55:04 [http-nio-8080-exec-5] DEBUG o.s.web.servlet.DispatcherServlet - Completed 200 OK
2026-03-16 16:55:04 [http-nio-8080-exec-4] DEBUG c.c.p.s.jwt.JwtAuthenticationFilter - >>> [JwtFilter] Processing request: GET /api/v1/notifications
2026-03-16 16:55:04 [http-nio-8080-exec-4] DEBUG c.c.p.s.jwt.JwtAuthenticationFilter - >>> [JwtFilter] Found token in header for path: /api/v1/notifications
2026-03-16 16:55:04 [http-nio-8080-exec-4] DEBUG o.s.orm.jpa.JpaTransactionManager - Creating new transaction with name [com.company.project.security.iam.CustomUserDetailsService.loadUserByUsername]: PROPAGATION_REQUIRED,ISOLATION_DEFAULT,readOnly
2026-03-16 16:55:04 [http-nio-8080-exec-4] DEBUG o.s.orm.jpa.JpaTransactionManager - Opened new EntityManager [SessionImpl(1874865657<open>)] for JPA transaction
2026-03-16 16:55:04 [http-nio-8080-exec-2] DEBUG o.s.web.servlet.DispatcherServlet - GET "/ws/info?t=1773647704373", parameters={masked}
2026-03-16 16:55:04 [http-nio-8080-exec-6] DEBUG c.c.p.s.jwt.JwtAuthenticationFilter - >>> [JwtFilter] Processing request: GET /api/v1/notifications/unread-count
2026-03-16 16:55:04 [http-nio-8080-exec-6] DEBUG c.c.p.s.jwt.JwtAuthenticationFilter - >>> [JwtFilter] Found token in header for path: /api/v1/notifications/unread-count
2026-03-16 16:55:04 [http-nio-8080-exec-2] DEBUG o.s.w.s.s.s.WebSocketHandlerMapping - Mapped to org.springframework.web.socket.sockjs.support.SockJsHttpRequestHandler@3d80b7ba
2026-03-16 16:55:04 [http-nio-8080-exec-2] DEBUG o.s.w.s.s.t.h.DefaultSockJsService - Processing transport request: GET http://localhost:8080/ws/info?t=1773647704373
2026-03-16 16:55:04 [http-nio-8080-exec-6] DEBUG o.s.orm.jpa.JpaTransactionManager - Creating new transaction with name [com.company.project.security.iam.CustomUserDetailsService.loadUserByUsername]: PROPAGATION_REQUIRED,ISOLATION_DEFAULT,readOnly
2026-03-16 16:55:04 [http-nio-8080-exec-6] DEBUG o.s.orm.jpa.JpaTransactionManager - Opened new EntityManager [SessionImpl(2105371125<open>)] for JPA transaction
2026-03-16 16:55:04 [http-nio-8080-exec-2] DEBUG o.s.web.servlet.DispatcherServlet - Completed 200 OK
2026-03-16 16:55:04 [http-nio-8080-exec-8] DEBUG c.c.p.s.jwt.JwtAuthenticationFilter - >>> [JwtFilter] Processing request: GET /api/v1/popups/active
2026-03-16 16:55:04 [http-nio-8080-exec-10] DEBUG c.c.p.s.jwt.JwtAuthenticationFilter - >>> [JwtFilter] Processing request: GET /api/v1/admin/system/banners/reflected
2026-03-16 16:55:04 [http-nio-8080-exec-8] DEBUG c.c.p.s.jwt.JwtAuthenticationFilter - >>> [JwtFilter] Found token in header for path: /api/v1/popups/active
2026-03-16 16:55:04 [http-nio-8080-exec-10] DEBUG c.c.p.s.jwt.JwtAuthenticationFilter - >>> [JwtFilter] Found token in header for path: /api/v1/admin/system/banners/reflected
2026-03-16 16:55:04 [http-nio-8080-exec-8] DEBUG o.s.orm.jpa.JpaTransactionManager - Creating new transaction with name [com.company.project.security.iam.CustomUserDetailsService.loadUserByUsername]: PROPAGATION_REQUIRED,ISOLATION_DEFAULT,readOnly
2026-03-16 16:55:04 [http-nio-8080-exec-10] DEBUG o.s.orm.jpa.JpaTransactionManager - Creating new transaction with name [com.company.project.security.iam.CustomUserDetailsService.loadUserByUsername]: PROPAGATION_REQUIRED,ISOLATION_DEFAULT,readOnly
2026-03-16 16:55:04 [http-nio-8080-exec-8] DEBUG o.s.orm.jpa.JpaTransactionManager - Opened new EntityManager [SessionImpl(947362370<open>)] for JPA transaction
2026-03-16 16:55:04 [http-nio-8080-exec-10] DEBUG o.s.orm.jpa.JpaTransactionManager - Opened new EntityManager [SessionImpl(1247888976<open>)] for JPA transaction
2026-03-16 16:55:04 [http-nio-8080-exec-3] DEBUG o.s.web.servlet.DispatcherServlet - GET "/ws/993/ai3bfmzl/websocket", parameters={}
2026-03-16 16:55:04 [http-nio-8080-exec-3] DEBUG o.s.w.s.s.s.WebSocketHandlerMapping - Mapped to org.springframework.web.socket.sockjs.support.SockJsHttpRequestHandler@3d80b7ba
2026-03-16 16:55:04 [http-nio-8080-exec-3] DEBUG o.s.w.s.s.t.h.DefaultSockJsService - Processing transport request: GET http://localhost:8080/ws/993/ai3bfmzl/websocket
2026-03-16 16:55:04 [http-nio-8080-exec-3] DEBUG o.s.web.servlet.DispatcherServlet - Completed 101 SWITCHING_PROTOCOLS
2026-03-16 16:55:04 [http-nio-8080-exec-3] DEBUG o.s.w.s.h.LoggingWebSocketHandlerDecorator - New WebSocketServerSockJsSession[id=ai3bfmzl]
2026-03-16 16:55:04 [scheduling-1] DEBUG org.springframework.web.SimpLogging - Processing CONNECT session=ai3bfmzl
2026-03-16 16:55:04 [scheduling-1] DEBUG org.springframework.web.SimpLogging - Processing SUBSCRIBE /topic/notices id=sub-0 session=ai3bfmzl
2026-03-16 16:55:04 [scheduling-1] DEBUG org.springframework.web.SimpLogging - Processing SUBSCRIBE destination=/queue/notifications-userai3bfmzl subscriptionId=sub-1 session=ai3bfmzl payload=byte[0]
2026-03-16 16:55:04 [scheduling-1] DEBUG org.springframework.web.SimpLogging - Processing SUBSCRIBE /topic/public id=sub-2 session=ai3bfmzl
2026-03-16 16:55:04 [scheduling-1] DEBUG org.springframework.web.SimpLogging - Processing SUBSCRIBE /topic/dashboard/stats id=sub-4 session=ai3bfmzl
2026-03-16 16:55:04 [scheduling-1] DEBUG org.springframework.web.SimpLogging - Processing SUBSCRIBE /topic/notifications id=sub-5 session=ai3bfmzl
2026-03-16 16:55:04 [scheduling-1] DEBUG org.springframework.web.SimpLogging - Processing SUBSCRIBE destination=/queue/notifications-userai3bfmzl subscriptionId=sub-6 session=ai3bfmzl payload=byte[0]
2026-03-16 16:55:04 [http-nio-8080-exec-2] DEBUG c.c.p.s.jwt.JwtAuthenticationFilter - >>> [JwtFilter] Processing request: GET /api/v1/admin/system/statistics/connect
2026-03-16 16:55:04 [http-nio-8080-exec-2] DEBUG c.c.p.s.jwt.JwtAuthenticationFilter - >>> [JwtFilter] Found token in header for path: /api/v1/admin/system/statistics/connect
2026-03-16 16:55:04 [http-nio-8080-exec-2] DEBUG o.s.orm.jpa.JpaTransactionManager - Creating new transaction with name [com.company.project.security.iam.CustomUserDetailsService.loadUserByUsername]: PROPAGATION_REQUIRED,ISOLATION_DEFAULT,readOnly
2026-03-16 16:55:04 [http-nio-8080-exec-2] DEBUG o.s.orm.jpa.JpaTransactionManager - Opened new EntityManager [SessionImpl(1331104509<open>)] for JPA transaction
2026-03-16 16:55:04 [http-nio-8080-exec-4] DEBUG o.s.orm.jpa.JpaTransactionManager - Exposing JPA transaction as JDBC [org.springframework.orm.jpa.vendor.HibernateJpaDialect$HibernateConnectionHandle@3d334ee]
2026-03-16 16:55:04 [http-nio-8080-exec-4] DEBUG o.s.orm.jpa.JpaTransactionManager - Found thread-bound EntityManager [SessionImpl(1874865657<open>)] for JPA transaction
2026-03-16 16:55:04 [http-nio-8080-exec-4] DEBUG o.s.orm.jpa.JpaTransactionManager - Participating in existing transaction
2026-03-16 16:55:04 [http-nio-8080-exec-4] DEBUG org.hibernate.SQL - select u1_0.emplyr_id,u1_0.area_no,u1_0.brthdy,u1_0.chg_pwd_cnt,u1_0.frst_register_id,u1_0.frst_regist_pnttm,u1_0.detail_adres,u1_0.email_adres,u1_0.emplyr_sttus_code,u1_0.empl_no,u1_0.esntl_id,u1_0.fxnum,u1_0.group_id,u1_0.house_adres,u1_0.house_end_telno,u1_0.house_middle_telno,u1_0.ihidnum,u1_0.pstinst_code,u1_0.last_updusr_id,u1_0.last_updt_pnttm,u1_0.lock_at,u1_0.lock_cnt,u1_0.lock_last_pnttm,u1_0.mbtlnum,u1_0.ofcps_nm,u1_0.offm_telno,u1_0.orgnzt_id,u1_0.password,u1_0.password_cnsr,u1_0.password_hint,u1_0.chg_pwd_last_pnttm,u1_0.role,u1_0.sbscrb_de,u1_0.sexdstn_code,u1_0.crtfc_dn_value,u1_0.user_nm,u1_0.zip from nemplyrinfo u1_0 where u1_0.emplyr_id=?
2026-03-16 16:55:04 [http-nio-8080-exec-6] DEBUG o.s.orm.jpa.JpaTransactionManager - Exposing JPA transaction as JDBC [org.springframework.orm.jpa.vendor.HibernateJpaDialect$HibernateConnectionHandle@653fcd03]
2026-03-16 16:55:04 [http-nio-8080-exec-6] DEBUG o.s.orm.jpa.JpaTransactionManager - Found thread-bound EntityManager [SessionImpl(2105371125<open>)] for JPA transaction
2026-03-16 16:55:04 [http-nio-8080-exec-6] DEBUG o.s.orm.jpa.JpaTransactionManager - Participating in existing transaction
2026-03-16 16:55:04 [http-nio-8080-exec-6] DEBUG org.hibernate.SQL - select u1_0.emplyr_id,u1_0.area_no,u1_0.brthdy,u1_0.chg_pwd_cnt,u1_0.frst_register_id,u1_0.frst_regist_pnttm,u1_0.detail_adres,u1_0.email_adres,u1_0.emplyr_sttus_code,u1_0.empl_no,u1_0.esntl_id,u1_0.fxnum,u1_0.group_id,u1_0.house_adres,u1_0.house_end_telno,u1_0.house_middle_telno,u1_0.ihidnum,u1_0.pstinst_code,u1_0.last_updusr_id,u1_0.last_updt_pnttm,u1_0.lock_at,u1_0.lock_cnt,u1_0.lock_last_pnttm,u1_0.mbtlnum,u1_0.ofcps_nm,u1_0.offm_telno,u1_0.orgnzt_id,u1_0.password,u1_0.password_cnsr,u1_0.password_hint,u1_0.chg_pwd_last_pnttm,u1_0.role,u1_0.sbscrb_de,u1_0.sexdstn_code,u1_0.crtfc_dn_value,u1_0.user_nm,u1_0.zip from nemplyrinfo u1_0 where u1_0.emplyr_id=?
2026-03-16 16:55:04 [http-nio-8080-exec-8] DEBUG o.s.orm.jpa.JpaTransactionManager - Exposing JPA transaction as JDBC [org.springframework.orm.jpa.vendor.HibernateJpaDialect$HibernateConnectionHandle@54a23921]
2026-03-16 16:55:04 [http-nio-8080-exec-10] DEBUG o.s.orm.jpa.JpaTransactionManager - Exposing JPA transaction as JDBC [org.springframework.orm.jpa.vendor.HibernateJpaDialect$HibernateConnectionHandle@18f304ea]
2026-03-16 16:55:04 [http-nio-8080-exec-8] DEBUG o.s.orm.jpa.JpaTransactionManager - Found thread-bound EntityManager [SessionImpl(947362370<open>)] for JPA transaction
2026-03-16 16:55:04 [http-nio-8080-exec-10] DEBUG o.s.orm.jpa.JpaTransactionManager - Found thread-bound EntityManager [SessionImpl(1247888976<open>)] for JPA transaction
2026-03-16 16:55:04 [http-nio-8080-exec-8] DEBUG o.s.orm.jpa.JpaTransactionManager - Participating in existing transaction
2026-03-16 16:55:04 [http-nio-8080-exec-10] DEBUG o.s.orm.jpa.JpaTransactionManager - Participating in existing transaction
2026-03-16 16:55:04 [http-nio-8080-exec-10] DEBUG org.hibernate.SQL - select u1_0.emplyr_id,u1_0.area_no,u1_0.brthdy,u1_0.chg_pwd_cnt,u1_0.frst_register_id,u1_0.frst_regist_pnttm,u1_0.detail_adres,u1_0.email_adres,u1_0.emplyr_sttus_code,u1_0.empl_no,u1_0.esntl_id,u1_0.fxnum,u1_0.group_id,u1_0.house_adres,u1_0.house_end_telno,u1_0.house_middle_telno,u1_0.ihidnum,u1_0.pstinst_code,u1_0.last_updusr_id,u1_0.last_updt_pnttm,u1_0.lock_at,u1_0.lock_cnt,u1_0.lock_last_pnttm,u1_0.mbtlnum,u1_0.ofcps_nm,u1_0.offm_telno,u1_0.orgnzt_id,u1_0.password,u1_0.password_cnsr,u1_0.password_hint,u1_0.chg_pwd_last_pnttm,u1_0.role,u1_0.sbscrb_de,u1_0.sexdstn_code,u1_0.crtfc_dn_value,u1_0.user_nm,u1_0.zip from nemplyrinfo u1_0 where u1_0.emplyr_id=?
2026-03-16 16:55:04 [http-nio-8080-exec-8] DEBUG org.hibernate.SQL - select u1_0.emplyr_id,u1_0.area_no,u1_0.brthdy,u1_0.chg_pwd_cnt,u1_0.frst_register_id,u1_0.frst_regist_pnttm,u1_0.detail_adres,u1_0.email_adres,u1_0.emplyr_sttus_code,u1_0.empl_no,u1_0.esntl_id,u1_0.fxnum,u1_0.group_id,u1_0.house_adres,u1_0.house_end_telno,u1_0.house_middle_telno,u1_0.ihidnum,u1_0.pstinst_code,u1_0.last_updusr_id,u1_0.last_updt_pnttm,u1_0.lock_at,u1_0.lock_cnt,u1_0.lock_last_pnttm,u1_0.mbtlnum,u1_0.ofcps_nm,u1_0.offm_telno,u1_0.orgnzt_id,u1_0.password,u1_0.password_cnsr,u1_0.password_hint,u1_0.chg_pwd_last_pnttm,u1_0.role,u1_0.sbscrb_de,u1_0.sexdstn_code,u1_0.crtfc_dn_value,u1_0.user_nm,u1_0.zip from nemplyrinfo u1_0 where u1_0.emplyr_id=?
2026-03-16 16:55:04 [http-nio-8080-exec-7] DEBUG o.s.orm.jpa.JpaTransactionManager - Found thread-bound EntityManager [SessionImpl(949638936<open>)] for JPA transaction
2026-03-16 16:55:04 [http-nio-8080-exec-7] DEBUG o.s.orm.jpa.JpaTransactionManager - Participating in existing transaction
2026-03-16 16:55:04 [http-nio-8080-exec-7] DEBUG org.hibernate.SQL - select p1_0.progrm_file_nm,p1_0.progrm_dc,p1_0.progrm_korean_nm,p1_0.progrm_stre_path,p1_0.url from nprogrmlist p1_0
2026-03-16 16:55:04 [http-nio-8080-exec-2] DEBUG o.s.orm.jpa.JpaTransactionManager - Exposing JPA transaction as JDBC [org.springframework.orm.jpa.vendor.HibernateJpaDialect$HibernateConnectionHandle@5251b1b3]
2026-03-16 16:55:04 [http-nio-8080-exec-2] DEBUG o.s.orm.jpa.JpaTransactionManager - Found thread-bound EntityManager [SessionImpl(1331104509<open>)] for JPA transaction
2026-03-16 16:55:04 [http-nio-8080-exec-2] DEBUG o.s.orm.jpa.JpaTransactionManager - Participating in existing transaction
2026-03-16 16:55:04 [http-nio-8080-exec-2] DEBUG org.hibernate.SQL - select u1_0.emplyr_id,u1_0.area_no,u1_0.brthdy,u1_0.chg_pwd_cnt,u1_0.frst_register_id,u1_0.frst_regist_pnttm,u1_0.detail_adres,u1_0.email_adres,u1_0.emplyr_sttus_code,u1_0.empl_no,u1_0.esntl_id,u1_0.fxnum,u1_0.group_id,u1_0.house_adres,u1_0.house_end_telno,u1_0.house_middle_telno,u1_0.ihidnum,u1_0.pstinst_code,u1_0.last_updusr_id,u1_0.last_updt_pnttm,u1_0.lock_at,u1_0.lock_cnt,u1_0.lock_last_pnttm,u1_0.mbtlnum,u1_0.ofcps_nm,u1_0.offm_telno,u1_0.orgnzt_id,u1_0.password,u1_0.password_cnsr,u1_0.password_hint,u1_0.chg_pwd_last_pnttm,u1_0.role,u1_0.sbscrb_de,u1_0.sexdstn_code,u1_0.crtfc_dn_value,u1_0.user_nm,u1_0.zip from nemplyrinfo u1_0 where u1_0.emplyr_id=?
2026-03-16 16:55:04 [http-nio-8080-exec-4] DEBUG o.s.orm.jpa.JpaTransactionManager - Found thread-bound EntityManager [SessionImpl(1874865657<open>)] for JPA transaction
2026-03-16 16:55:04 [http-nio-8080-exec-4] DEBUG o.s.orm.jpa.JpaTransactionManager - Participating in existing transaction
2026-03-16 16:55:04 [http-nio-8080-exec-4] DEBUG org.hibernate.SQL - select ua1_0.scrty_dtrmn_trget_id,ua1_0.author_code,ua1_0.frst_register_id,ua1_0.frst_regist_pnttm,ua1_0.last_updusr_id,ua1_0.last_updt_pnttm,ua1_0.mber_ty_code from nemplyrscrtyestbs ua1_0 where ua1_0.scrty_dtrmn_trget_id=?
2026-03-16 16:55:04 [http-nio-8080-exec-6] DEBUG o.s.orm.jpa.JpaTransactionManager - Found thread-bound EntityManager [SessionImpl(2105371125<open>)] for JPA transaction
2026-03-16 16:55:04 [http-nio-8080-exec-6] DEBUG o.s.orm.jpa.JpaTransactionManager - Participating in existing transaction
2026-03-16 16:55:04 [http-nio-8080-exec-6] DEBUG org.hibernate.SQL - select ua1_0.scrty_dtrmn_trget_id,ua1_0.author_code,ua1_0.frst_register_id,ua1_0.frst_regist_pnttm,ua1_0.last_updusr_id,ua1_0.last_updt_pnttm,ua1_0.mber_ty_code from nemplyrscrtyestbs ua1_0 where ua1_0.scrty_dtrmn_trget_id=?
2026-03-16 16:55:04 [http-nio-8080-exec-10] DEBUG o.s.orm.jpa.JpaTransactionManager - Found thread-bound EntityManager [SessionImpl(1247888976<open>)] for JPA transaction
2026-03-16 16:55:04 [http-nio-8080-exec-10] DEBUG o.s.orm.jpa.JpaTransactionManager - Participating in existing transaction
2026-03-16 16:55:04 [http-nio-8080-exec-10] DEBUG org.hibernate.SQL - select ua1_0.scrty_dtrmn_trget_id,ua1_0.author_code,ua1_0.frst_register_id,ua1_0.frst_regist_pnttm,ua1_0.last_updusr_id,ua1_0.last_updt_pnttm,ua1_0.mber_ty_code from nemplyrscrtyestbs ua1_0 where ua1_0.scrty_dtrmn_trget_id=?
2026-03-16 16:55:04 [http-nio-8080-exec-8] DEBUG o.s.orm.jpa.JpaTransactionManager - Found thread-bound EntityManager [SessionImpl(947362370<open>)] for JPA transaction
2026-03-16 16:55:04 [http-nio-8080-exec-8] DEBUG o.s.orm.jpa.JpaTransactionManager - Participating in existing transaction
2026-03-16 16:55:04 [http-nio-8080-exec-8] DEBUG org.hibernate.SQL - select ua1_0.scrty_dtrmn_trget_id,ua1_0.author_code,ua1_0.frst_register_id,ua1_0.frst_regist_pnttm,ua1_0.last_updusr_id,ua1_0.last_updt_pnttm,ua1_0.mber_ty_code from nemplyrscrtyestbs ua1_0 where ua1_0.scrty_dtrmn_trget_id=?
2026-03-16 16:55:04 [http-nio-8080-exec-2] DEBUG o.s.orm.jpa.JpaTransactionManager - Found thread-bound EntityManager [SessionImpl(1331104509<open>)] for JPA transaction
2026-03-16 16:55:04 [http-nio-8080-exec-2] DEBUG o.s.orm.jpa.JpaTransactionManager - Participating in existing transaction
2026-03-16 16:55:04 [http-nio-8080-exec-2] DEBUG org.hibernate.SQL - select ua1_0.scrty_dtrmn_trget_id,ua1_0.author_code,ua1_0.frst_register_id,ua1_0.frst_regist_pnttm,ua1_0.last_updusr_id,ua1_0.last_updt_pnttm,ua1_0.mber_ty_code from nemplyrscrtyestbs ua1_0 where ua1_0.scrty_dtrmn_trget_id=?
2026-03-16 16:55:04 [http-nio-8080-exec-7] DEBUG o.s.orm.jpa.JpaTransactionManager - Initiating transaction commit
2026-03-16 16:55:04 [http-nio-8080-exec-7] DEBUG o.s.orm.jpa.JpaTransactionManager - Committing JPA transaction on EntityManager [SessionImpl(949638936<open>)]
2026-03-16 16:55:04 [http-nio-8080-exec-4] DEBUG o.s.orm.jpa.JpaTransactionManager - Initiating transaction commit
2026-03-16 16:55:04 [http-nio-8080-exec-4] DEBUG o.s.orm.jpa.JpaTransactionManager - Committing JPA transaction on EntityManager [SessionImpl(1874865657<open>)]
2026-03-16 16:55:04 [http-nio-8080-exec-6] DEBUG o.s.orm.jpa.JpaTransactionManager - Initiating transaction commit
2026-03-16 16:55:04 [http-nio-8080-exec-6] DEBUG o.s.orm.jpa.JpaTransactionManager - Committing JPA transaction on EntityManager [SessionImpl(2105371125<open>)]
2026-03-16 16:55:04 [http-nio-8080-exec-10] DEBUG o.s.orm.jpa.JpaTransactionManager - Initiating transaction commit
2026-03-16 16:55:04 [http-nio-8080-exec-8] DEBUG o.s.orm.jpa.JpaTransactionManager - Initiating transaction commit
2026-03-16 16:55:04 [http-nio-8080-exec-10] DEBUG o.s.orm.jpa.JpaTransactionManager - Committing JPA transaction on EntityManager [SessionImpl(1247888976<open>)]
2026-03-16 16:55:04 [http-nio-8080-exec-8] DEBUG o.s.orm.jpa.JpaTransactionManager - Committing JPA transaction on EntityManager [SessionImpl(947362370<open>)]
2026-03-16 16:55:04 [http-nio-8080-exec-2] DEBUG o.s.orm.jpa.JpaTransactionManager - Initiating transaction commit
2026-03-16 16:55:04 [http-nio-8080-exec-2] DEBUG o.s.orm.jpa.JpaTransactionManager - Committing JPA transaction on EntityManager [SessionImpl(1331104509<open>)]
2026-03-16 16:55:04 [http-nio-8080-exec-7] DEBUG o.s.orm.jpa.JpaTransactionManager - Closing JPA EntityManager [SessionImpl(949638936<open>)] after transaction
2026-03-16 16:55:04 [http-nio-8080-exec-7] INFO  c.c.p.a.c.menu.MenuController - getLeftMenu returned 5 items
2026-03-16 16:55:04 [http-nio-8080-exec-7] DEBUG o.s.w.s.m.m.a.HttpEntityMethodProcessor - Using 'application/json', given [application/json, text/plain, */*] and supported [application/json, application/*+json, application/yaml]
2026-03-16 16:55:04 [http-nio-8080-exec-7] TRACE o.s.w.s.m.m.a.HttpEntityMethodProcessor - Writing [ApiResponse[success=true, status=200, code=COMMON_001, message=Success, data={list=[com.company.project.service.menu.dto.MenuDto@3e968faa, com.company.project.service.menu.dto.MenuDto@3a134a78, com.company.project.service.menu.dto.MenuDto@7ef8b4d, com.company.project.service.menu.dto.MenuDto@b9bdf41, com.company.project.service.menu.dto.MenuDto@17afa47]}, timestamp=2026-03-16T16:55:04.965598300]]
2026-03-16 16:55:04 [http-nio-8080-exec-7] INFO  c.c.p.a.i.OperationalAuditInterceptor - API Audit Log: URL=/api/v1/menu/left, User=webmaster, IP=127.0.0.1
2026-03-16 16:55:04 [http-nio-8080-exec-7] DEBUG o.s.web.servlet.DispatcherServlet - Completed 200 OK
2026-03-16 16:55:04 [http-nio-8080-exec-3] DEBUG c.c.p.s.jwt.JwtAuthenticationFilter - >>> [JwtFilter] Processing request: GET /api/v1/admin/system/statistics/bbs
2026-03-16 16:55:04 [http-nio-8080-exec-3] DEBUG c.c.p.s.jwt.JwtAuthenticationFilter - >>> [JwtFilter] Found token in header for path: /api/v1/admin/system/statistics/bbs
2026-03-16 16:55:04 [http-nio-8080-exec-3] DEBUG o.s.orm.jpa.JpaTransactionManager - Creating new transaction with name [com.company.project.security.iam.CustomUserDetailsService.loadUserByUsername]: PROPAGATION_REQUIRED,ISOLATION_DEFAULT,readOnly
2026-03-16 16:55:04 [http-nio-8080-exec-3] DEBUG o.s.orm.jpa.JpaTransactionManager - Opened new EntityManager [SessionImpl(676328780<open>)] for JPA transaction
2026-03-16 16:55:04 [http-nio-8080-exec-4] DEBUG o.s.orm.jpa.JpaTransactionManager - Closing JPA EntityManager [SessionImpl(1874865657<open>)] after transaction
2026-03-16 16:55:04 [http-nio-8080-exec-4] DEBUG c.c.p.s.jwt.JwtAuthenticationFilter - >>> [JwtFilter] Successfully authenticated user: USRCNFRM_99999999999, Authorities: [ROLE_ADMIN]
2026-03-16 16:55:04 [http-nio-8080-exec-4] DEBUG o.s.web.servlet.DispatcherServlet - GET "/api/v1/notifications", parameters={}
2026-03-16 16:55:04 [http-nio-8080-exec-4] TRACE o.s.w.s.m.m.a.RequestMappingHandlerMapping - Mapped to com.company.project.api.controller.notification.NotificationController#getMyNotifications(UserDetails)
2026-03-16 16:55:04 [http-nio-8080-exec-4] DEBUG o.s.orm.jpa.JpaTransactionManager - Creating new transaction with name [com.company.project.service.notification.NotificationService.getActiveNotifications]: PROPAGATION_REQUIRED,ISOLATION_DEFAULT,readOnly
2026-03-16 16:55:04 [http-nio-8080-exec-4] DEBUG o.s.orm.jpa.JpaTransactionManager - Opened new EntityManager [SessionImpl(1641344824<open>)] for JPA transaction
2026-03-16 16:55:04 [http-nio-8080-exec-4] DEBUG o.s.orm.jpa.JpaTransactionManager - Exposing JPA transaction as JDBC [org.springframework.orm.jpa.vendor.HibernateJpaDialect$HibernateConnectionHandle@792f399]
2026-03-16 16:55:04 [http-nio-8080-exec-4] DEBUG o.s.orm.jpa.JpaTransactionManager - Found thread-bound EntityManager [SessionImpl(1641344824<open>)] for JPA transaction
2026-03-16 16:55:04 [http-nio-8080-exec-4] DEBUG o.s.orm.jpa.JpaTransactionManager - Participating in existing transaction
2026-03-16 16:55:04 [http-nio-8080-exec-4] DEBUG org.hibernate.SQL - select n1_0.ntcn_no,n1_0.frst_register_id,n1_0.frst_regist_pnttm,n1_0.is_read,n1_0.last_updusr_id,n1_0.last_updt_pnttm,n1_0.link_url,n1_0.ntcn_cn,n1_0.ntcn_sj,n1_0.receiver_id from n_user_notification n1_0
2026-03-16 16:55:05 [http-nio-8080-exec-6] DEBUG o.s.orm.jpa.JpaTransactionManager - Closing JPA EntityManager [SessionImpl(2105371125<open>)] after transaction
2026-03-16 16:55:05 [http-nio-8080-exec-6] DEBUG c.c.p.s.jwt.JwtAuthenticationFilter - >>> [JwtFilter] Successfully authenticated user: USRCNFRM_99999999999, Authorities: [ROLE_ADMIN]
2026-03-16 16:55:05 [http-nio-8080-exec-6] DEBUG o.s.web.servlet.DispatcherServlet - GET "/api/v1/notifications/unread-count", parameters={}
2026-03-16 16:55:05 [http-nio-8080-exec-6] TRACE o.s.w.s.m.m.a.RequestMappingHandlerMapping - Mapped to com.company.project.api.controller.notification.NotificationController#getUnreadCount(UserDetails)
2026-03-16 16:55:05 [http-nio-8080-exec-6] DEBUG o.s.orm.jpa.JpaTransactionManager - Creating new transaction with name [com.company.project.service.notification.NotificationService.getUnreadCount]: PROPAGATION_REQUIRED,ISOLATION_DEFAULT,readOnly
2026-03-16 16:55:05 [http-nio-8080-exec-6] DEBUG o.s.orm.jpa.JpaTransactionManager - Opened new EntityManager [SessionImpl(1219646101<open>)] for JPA transaction
2026-03-16 16:55:05 [http-nio-8080-exec-6] DEBUG o.s.orm.jpa.JpaTransactionManager - Exposing JPA transaction as JDBC [org.springframework.orm.jpa.vendor.HibernateJpaDialect$HibernateConnectionHandle@f2e3bcc]
2026-03-16 16:55:05 [http-nio-8080-exec-6] DEBUG org.hibernate.SQL - select count(n1_0.ntcn_no) from n_user_notification n1_0 where n1_0.receiver_id=? and n1_0.is_read=?
2026-03-16 16:55:05 [http-nio-8080-exec-8] DEBUG o.s.orm.jpa.JpaTransactionManager - Closing JPA EntityManager [SessionImpl(947362370<open>)] after transaction
2026-03-16 16:55:05 [http-nio-8080-exec-10] DEBUG o.s.orm.jpa.JpaTransactionManager - Closing JPA EntityManager [SessionImpl(1247888976<open>)] after transaction
2026-03-16 16:55:05 [http-nio-8080-exec-8] DEBUG c.c.p.s.jwt.JwtAuthenticationFilter - >>> [JwtFilter] Successfully authenticated user: USRCNFRM_99999999999, Authorities: [ROLE_ADMIN]
2026-03-16 16:55:05 [http-nio-8080-exec-10] DEBUG c.c.p.s.jwt.JwtAuthenticationFilter - >>> [JwtFilter] Successfully authenticated user: USRCNFRM_99999999999, Authorities: [ROLE_ADMIN]
2026-03-16 16:55:05 [http-nio-8080-exec-8] DEBUG o.s.web.servlet.DispatcherServlet - GET "/api/v1/popups/active", parameters={}
2026-03-16 16:55:05 [http-nio-8080-exec-10] DEBUG o.s.web.servlet.DispatcherServlet - GET "/api/v1/admin/system/banners/reflected", parameters={}
2026-03-16 16:55:05 [http-nio-8080-exec-8] TRACE o.s.w.s.m.m.a.RequestMappingHandlerMapping - Mapped to com.company.project.api.controller.system.content.popup.PopupController#getActivePopups()
2026-03-16 16:55:05 [http-nio-8080-exec-10] TRACE o.s.w.s.m.m.a.RequestMappingHandlerMapping - Mapped to com.company.project.api.controller.system.content.banner.BannerApiController#getReflectedBanners()
2026-03-16 16:55:05 [http-nio-8080-exec-10] DEBUG o.s.orm.jpa.JpaTransactionManager - Creating new transaction with name [com.company.project.service.system.content.banner.BannerService.getReflectedBanners]: PROPAGATION_REQUIRED,ISOLATION_DEFAULT,readOnly
2026-03-16 16:55:05 [http-nio-8080-exec-8] DEBUG o.s.orm.jpa.JpaTransactionManager - Creating new transaction with name [com.company.project.service.system.content.popup.PopupServiceImpl.getActivePopups]: PROPAGATION_REQUIRED,ISOLATION_DEFAULT,readOnly
2026-03-16 16:55:05 [http-nio-8080-exec-10] DEBUG o.s.orm.jpa.JpaTransactionManager - Opened new EntityManager [SessionImpl(435881788<open>)] for JPA transaction
2026-03-16 16:55:05 [http-nio-8080-exec-8] DEBUG o.s.orm.jpa.JpaTransactionManager - Opened new EntityManager [SessionImpl(1360964124<open>)] for JPA transaction
2026-03-16 16:55:05 [http-nio-8080-exec-10] DEBUG o.s.orm.jpa.JpaTransactionManager - Exposing JPA transaction as JDBC [org.springframework.orm.jpa.vendor.HibernateJpaDialect$HibernateConnectionHandle@41bb5383]
2026-03-16 16:55:05 [http-nio-8080-exec-8] DEBUG o.s.orm.jpa.JpaTransactionManager - Exposing JPA transaction as JDBC [org.springframework.orm.jpa.vendor.HibernateJpaDialect$HibernateConnectionHandle@5f2d4d2f]
2026-03-16 16:55:05 [http-nio-8080-exec-8] DEBUG org.hibernate.SQL - select p1_0.popup_id,p1_0.frst_register_id,p1_0.frst_regist_pnttm,p1_0.file_url,p1_0.ntce_at,p1_0.stopvew_setup_at,p1_0.last_updusr_id,p1_0.last_updt_pnttm,p1_0.ntce_bgnde,p1_0.ntce_endde,p1_0.popup_vrticl_lc,p1_0.popup_vrticl_size,p1_0.popup_sj_nm,p1_0.popup_width_lc,p1_0.popup_width_size from npopupmanage p1_0 where p1_0.ntce_at='Y' and ? between p1_0.ntce_bgnde and p1_0.ntce_endde
2026-03-16 16:55:05 [http-nio-8080-exec-10] DEBUG org.hibernate.SQL - select b1_0.banner_id,b1_0.banner_dc,b1_0.banner_image,b1_0.banner_image_file,b1_0.banner_nm,b1_0.frst_register_id,b1_0.frst_regist_pnttm,b1_0.last_updusr_id,b1_0.last_updt_pnttm,b1_0.link_url,b1_0.reflct_at,b1_0.sort_ordr from nbanner b1_0 where b1_0.reflct_at=? order by b1_0.sort_ordr
2026-03-16 16:55:05 [http-nio-8080-exec-2] DEBUG o.s.orm.jpa.JpaTransactionManager - Closing JPA EntityManager [SessionImpl(1331104509<open>)] after transaction
2026-03-16 16:55:05 [http-nio-8080-exec-2] DEBUG c.c.p.s.jwt.JwtAuthenticationFilter - >>> [JwtFilter] Successfully authenticated user: USRCNFRM_99999999999, Authorities: [ROLE_ADMIN]
2026-03-16 16:55:05 [http-nio-8080-exec-2] DEBUG o.s.web.servlet.DispatcherServlet - GET "/api/v1/admin/system/statistics/connect?statsKind=SERVICE", parameters={masked}
2026-03-16 16:55:05 [http-nio-8080-exec-2] DEBUG o.s.w.s.h.SimpleUrlHandlerMapping - Mapped to ResourceHttpRequestHandler [classpath [META-INF/resources/], classpath [resources/], classpath [static/], classpath [public/], ServletContext [/]]
2026-03-16 16:55:05 [http-nio-8080-exec-2] DEBUG o.s.w.s.r.ResourceHttpRequestHandler - Resource not found
2026-03-16 16:55:05 [http-nio-8080-exec-2] DEBUG o.s.w.s.m.m.a.ExceptionHandlerExceptionResolver - Using @ExceptionHandler com.company.project.core.exception.GlobalExceptionHandler#handleException(Exception)
2026-03-16 16:55:05 [http-nio-8080-exec-2] ERROR c.c.p.c.e.GlobalExceptionHandler - >>> Internal Server Error: No static resource api/v1/admin/system/statistics/connect.
org.springframework.web.servlet.resource.NoResourceFoundException: No static resource api/v1/admin/system/statistics/connect.
	at org.springframework.web.servlet.resource.ResourceHttpRequestHandler.handleRequest(ResourceHttpRequestHandler.java:585)
	at org.springframework.web.servlet.mvc.HttpRequestHandlerAdapter.handle(HttpRequestHandlerAdapter.java:52)
	at org.springframework.web.servlet.DispatcherServlet.doDispatch(DispatcherServlet.java:1088)
	at org.springframework.web.servlet.DispatcherServlet.doService(DispatcherServlet.java:978)
	at org.springframework.web.servlet.FrameworkServlet.processRequest(FrameworkServlet.java:1014)
	at org.springframework.web.servlet.FrameworkServlet.doGet(FrameworkServlet.java:903)
	at jakarta.servlet.http.HttpServlet.service(HttpServlet.java:527)
	at org.springframework.web.servlet.FrameworkServlet.service(FrameworkServlet.java:885)
	at jakarta.servlet.http.HttpServlet.service(HttpServlet.java:614)
	at org.apache.catalina.core.ApplicationFilterChain.internalDoFilter(ApplicationFilterChain.java:195)
	at org.apache.catalina.core.ApplicationFilterChain.doFilter(ApplicationFilterChain.java:140)
	at org.apache.tomcat.websocket.server.WsFilter.doFilter(WsFilter.java:51)
	at org.apache.catalina.core.ApplicationFilterChain.internalDoFilter(ApplicationFilterChain.java:164)
	at org.apache.catalina.core.ApplicationFilterChain.doFilter(ApplicationFilterChain.java:140)
	at org.springframework.web.filter.CompositeFilter$VirtualFilterChain.doFilter(CompositeFilter.java:108)
	at org.springframework.security.web.FilterChainProxy.lambda$doFilterInternal$3(FilterChainProxy.java:231)
	at org.springframework.security.web.ObservationFilterChainDecorator$FilterObservation$SimpleFilterObservation.lambda$wrap$1(ObservationFilterChainDecorator.java:479)
	at org.springframework.security.web.ObservationFilterChainDecorator$AroundFilterObservation$SimpleAroundFilterObservation.lambda$wrap$1(ObservationFilterChainDecorator.java:340)
	at org.springframework.security.web.ObservationFilterChainDecorator.lambda$wrapSecured$0(ObservationFilterChainDecorator.java:82)
	at org.springframework.security.web.ObservationFilterChainDecorator$VirtualFilterChain.doFilter(ObservationFilterChainDecorator.java:128)
	at org.springframework.security.web.access.intercept.AuthorizationFilter.doFilter(AuthorizationFilter.java:101)
	at org.springframework.security.web.ObservationFilterChainDecorator$ObservationFilter.wrapFilter(ObservationFilterChainDecorator.java:240)
	at org.springframework.security.web.ObservationFilterChainDecorator$ObservationFilter.doFilter(ObservationFilterChainDecorator.java:227)
	at org.springframework.security.web.ObservationFilterChainDecorator$VirtualFilterChain.doFilter(ObservationFilterChainDecorator.java:137)
	at org.springframework.security.web.access.ExceptionTranslationFilter.doFilter(ExceptionTranslationFilter.java:126)
	at org.springframework.security.web.access.ExceptionTranslationFilter.doFilter(ExceptionTranslationFilter.java:120)
	at org.springframework.security.web.ObservationFilterChainDecorator$ObservationFilter.wrapFilter(ObservationFilterChainDecorator.java:240)
	at org.springframework.security.web.ObservationFilterChainDecorator$ObservationFilter.doFilter(ObservationFilterChainDecorator.java:227)
	at org.springframework.security.web.ObservationFilterChainDecorator$VirtualFilterChain.doFilter(ObservationFilterChainDecorator.java:137)
	at org.springframework.security.web.session.SessionManagementFilter.doFilter(SessionManagementFilter.java:131)
	at org.springframework.security.web.session.SessionManagementFilter.doFilter(SessionManagementFilter.java:85)
	at org.springframework.security.web.ObservationFilterChainDecorator$ObservationFilter.wrapFilter(ObservationFilterChainDecorator.java:240)
	at org.springframework.security.web.ObservationFilterChainDecorator$ObservationFilter.doFilter(ObservationFilterChainDecorator.java:227)
	at org.springframework.security.web.ObservationFilterChainDecorator$VirtualFilterChain.doFilter(ObservationFilterChainDecorator.java:137)
	at org.springframework.security.web.authentication.AnonymousAuthenticationFilter.doFilter(AnonymousAuthenticationFilter.java:100)
	at org.springframework.security.web.ObservationFilterChainDecorator$ObservationFilter.wrapFilter(ObservationFilterChainDecorator.java:240)
	at org.springframework.security.web.ObservationFilterChainDecorator$ObservationFilter.doFilter(ObservationFilterChainDecorator.java:227)
	at org.springframework.security.web.ObservationFilterChainDecorator$VirtualFilterChain.doFilter(ObservationFilterChainDecorator.java:137)
	at org.springframework.security.web.servletapi.SecurityContextHolderAwareRequestFilter.doFilter(SecurityContextHolderAwareRequestFilter.java:179)
	at org.springframework.security.web.ObservationFilterChainDecorator$ObservationFilter.wrapFilter(ObservationFilterChainDecorator.java:240)
	at org.springframework.security.web.ObservationFilterChainDecorator$ObservationFilter.doFilter(ObservationFilterChainDecorator.java:227)
	at org.springframework.security.web.ObservationFilterChainDecorator$VirtualFilterChain.doFilter(ObservationFilterChainDecorator.java:137)
	at org.springframework.security.web.savedrequest.RequestCacheAwareFilter.doFilter(RequestCacheAwareFilter.java:63)
	at org.springframework.security.web.ObservationFilterChainDecorator$ObservationFilter.wrapFilter(ObservationFilterChainDecorator.java:240)
	at org.springframework.security.web.ObservationFilterChainDecorator$ObservationFilter.doFilter(ObservationFilterChainDecorator.java:227)
	at org.springframework.security.web.ObservationFilterChainDecorator$VirtualFilterChain.doFilter(ObservationFilterChainDecorator.java:137)
	at com.company.project.security.jwt.JwtAuthenticationFilter.doFilterInternal(JwtAuthenticationFilter.java:52)
	at org.springframework.web.filter.OncePerRequestFilter.doFilter(OncePerRequestFilter.java:116)
	at org.springframework.security.web.ObservationFilterChainDecorator$ObservationFilter.wrapFilter(ObservationFilterChainDecorator.java:240)
	at org.springframework.security.web.ObservationFilterChainDecorator$ObservationFilter.doFilter(ObservationFilterChainDecorator.java:227)
	at org.springframework.security.web.ObservationFilterChainDecorator$VirtualFilterChain.doFilter(ObservationFilterChainDecorator.java:137)
	at org.springframework.security.web.authentication.logout.LogoutFilter.doFilter(LogoutFilter.java:107)
	at org.springframework.security.web.authentication.logout.LogoutFilter.doFilter(LogoutFilter.java:93)
	at org.springframework.security.web.ObservationFilterChainDecorator$ObservationFilter.wrapFilter(ObservationFilterChainDecorator.java:240)
	at org.springframework.security.web.ObservationFilterChainDecorator$ObservationFilter.doFilter(ObservationFilterChainDecorator.java:227)
	at org.springframework.security.web.ObservationFilterChainDecorator$VirtualFilterChain.doFilter(ObservationFilterChainDecorator.java:137)
	at org.springframework.web.filter.CorsFilter.doFilterInternal(CorsFilter.java:91)
	at org.springframework.web.filter.OncePerRequestFilter.doFilter(OncePerRequestFilter.java:116)
	at org.springframework.security.web.ObservationFilterChainDecorator$ObservationFilter.wrapFilter(ObservationFilterChainDecorator.java:240)
	at org.springframework.security.web.ObservationFilterChainDecorator$ObservationFilter.doFilter(ObservationFilterChainDecorator.java:227)
	at org.springframework.security.web.ObservationFilterChainDecorator$VirtualFilterChain.doFilter(ObservationFilterChainDecorator.java:137)
	at org.springframework.security.web.header.HeaderWriterFilter.doHeadersAfter(HeaderWriterFilter.java:90)
	at org.springframework.security.web.header.HeaderWriterFilter.doFilterInternal(HeaderWriterFilter.java:75)
	at org.springframework.web.filter.OncePerRequestFilter.doFilter(OncePerRequestFilter.java:116)
	at org.springframework.security.web.ObservationFilterChainDecorator$ObservationFilter.wrapFilter(ObservationFilterChainDecorator.java:240)
	at org.springframework.security.web.ObservationFilterChainDecorator$ObservationFilter.doFilter(ObservationFilterChainDecorator.java:227)
	at org.springframework.security.web.ObservationFilterChainDecorator$VirtualFilterChain.doFilter(ObservationFilterChainDecorator.java:137)
	at org.springframework.security.web.context.SecurityContextHolderFilter.doFilter(SecurityContextHolderFilter.java:82)
	at org.springframework.security.web.context.SecurityContextHolderFilter.doFilter(SecurityContextHolderFilter.java:69)
	at org.springframework.security.web.ObservationFilterChainDecorator$ObservationFilter.wrapFilter(ObservationFilterChainDecorator.java:240)
	at org.springframework.security.web.ObservationFilterChainDecorator$ObservationFilter.doFilter(ObservationFilterChainDecorator.java:227)
	at org.springframework.security.web.ObservationFilterChainDecorator$VirtualFilterChain.doFilter(ObservationFilterChainDecorator.java:137)
	at org.springframework.security.web.context.request.async.WebAsyncManagerIntegrationFilter.doFilterInternal(WebAsyncManagerIntegrationFilter.java:62)
	at org.springframework.web.filter.OncePerRequestFilter.doFilter(OncePerRequestFilter.java:116)
	at org.springframework.security.web.ObservationFilterChainDecorator$ObservationFilter.wrapFilter(ObservationFilterChainDecorator.java:240)
	at org.springframework.security.web.ObservationFilterChainDecorator$ObservationFilter.doFilter(ObservationFilterChainDecorator.java:227)
	at org.springframework.security.web.ObservationFilterChainDecorator$VirtualFilterChain.doFilter(ObservationFilterChainDecorator.java:137)
	at org.springframework.security.web.session.DisableEncodeUrlFilter.doFilterInternal(DisableEncodeUrlFilter.java:42)
	at org.springframework.web.filter.OncePerRequestFilter.doFilter(OncePerRequestFilter.java:116)
	at org.springframework.security.web.ObservationFilterChainDecorator$ObservationFilter.wrapFilter(ObservationFilterChainDecorator.java:240)
	at org.springframework.security.web.ObservationFilterChainDecorator$AroundFilterObservation$SimpleAroundFilterObservation.lambda$wrap$0(ObservationFilterChainDecorator.java:323)
	at org.springframework.security.web.ObservationFilterChainDecorator$ObservationFilter.doFilter(ObservationFilterChainDecorator.java:224)
	at org.springframework.security.web.ObservationFilterChainDecorator$VirtualFilterChain.doFilter(ObservationFilterChainDecorator.java:137)
	at org.springframework.security.web.FilterChainProxy.doFilterInternal(FilterChainProxy.java:233)
	at org.springframework.security.web.FilterChainProxy.doFilter(FilterChainProxy.java:191)
	at org.springframework.web.filter.CompositeFilter$VirtualFilterChain.doFilter(CompositeFilter.java:113)
	at org.springframework.web.servlet.handler.HandlerMappingIntrospector.lambda$createCacheFilter$3(HandlerMappingIntrospector.java:243)
	at org.springframework.web.filter.CompositeFilter$VirtualFilterChain.doFilter(CompositeFilter.java:113)
	at org.springframework.web.filter.CompositeFilter.doFilter(CompositeFilter.java:74)
	at org.springframework.security.config.annotation.web.configuration.WebMvcSecurityConfiguration$CompositeFilterChainProxy.doFilter(WebMvcSecurityConfiguration.java:238)
	at org.springframework.web.filter.DelegatingFilterProxy.invokeDelegate(DelegatingFilterProxy.java:362)
	at org.springframework.web.filter.DelegatingFilterProxy.doFilter(DelegatingFilterProxy.java:278)
	at org.apache.catalina.core.ApplicationFilterChain.internalDoFilter(ApplicationFilterChain.java:164)
	at org.apache.catalina.core.ApplicationFilterChain.doFilter(ApplicationFilterChain.java:140)
	at org.springframework.web.filter.RequestContextFilter.doFilterInternal(RequestContextFilter.java:100)
	at org.springframework.web.filter.OncePerRequestFilter.doFilter(OncePerRequestFilter.java:116)
	at org.apache.catalina.core.ApplicationFilterChain.internalDoFilter(ApplicationFilterChain.java:164)
	at org.apache.catalina.core.ApplicationFilterChain.doFilter(ApplicationFilterChain.java:140)
	at org.springframework.web.filter.FormContentFilter.doFilterInternal(FormContentFilter.java:93)
	at org.springframework.web.filter.OncePerRequestFilter.doFilter(OncePerRequestFilter.java:116)
	at org.apache.catalina.core.ApplicationFilterChain.internalDoFilter(ApplicationFilterChain.java:164)
	at org.apache.catalina.core.ApplicationFilterChain.doFilter(ApplicationFilterChain.java:140)
	at org.springframework.web.filter.ServerHttpObservationFilter.doFilterInternal(ServerHttpObservationFilter.java:114)
	at org.springframework.web.filter.OncePerRequestFilter.doFilter(OncePerRequestFilter.java:116)
	at org.apache.catalina.core.ApplicationFilterChain.internalDoFilter(ApplicationFilterChain.java:164)
	at org.apache.catalina.core.ApplicationFilterChain.doFilter(ApplicationFilterChain.java:140)
	at org.springframework.web.filter.CharacterEncodingFilter.doFilterInternal(CharacterEncodingFilter.java:201)
	at org.springframework.web.filter.OncePerRequestFilter.doFilter(OncePerRequestFilter.java:116)
	at org.apache.catalina.core.ApplicationFilterChain.internalDoFilter(ApplicationFilterChain.java:164)
	at org.apache.catalina.core.ApplicationFilterChain.doFilter(ApplicationFilterChain.java:140)
	at org.apache.catalina.core.StandardWrapperValve.invoke(StandardWrapperValve.java:167)
	at org.apache.catalina.core.StandardContextValve.invoke(StandardContextValve.java:90)
	at org.apache.catalina.authenticator.AuthenticatorBase.invoke(AuthenticatorBase.java:483)
	at org.apache.catalina.core.StandardHostValve.invoke(StandardHostValve.java:115)
	at org.apache.catalina.valves.ErrorReportValve.invoke(ErrorReportValve.java:93)
	at org.apache.catalina.core.StandardEngineValve.invoke(StandardEngineValve.java:74)
	at org.apache.catalina.connector.CoyoteAdapter.service(CoyoteAdapter.java:344)
	at org.apache.coyote.http11.Http11Processor.service(Http11Processor.java:397)
	at org.apache.coyote.AbstractProcessorLight.process(AbstractProcessorLight.java:63)
	at org.apache.coyote.AbstractProtocol$ConnectionHandler.process(AbstractProtocol.java:905)
	at org.apache.tomcat.util.net.NioEndpoint$SocketProcessor.doRun(NioEndpoint.java:1741)
	at org.apache.tomcat.util.net.SocketProcessorBase.run(SocketProcessorBase.java:52)
	at org.apache.tomcat.util.threads.ThreadPoolExecutor.runWorker(ThreadPoolExecutor.java:1190)
	at org.apache.tomcat.util.threads.ThreadPoolExecutor$Worker.run(ThreadPoolExecutor.java:659)
	at org.apache.tomcat.util.threads.TaskThread$WrappingRunnable.run(TaskThread.java:63)
	at java.base/java.lang.Thread.run(Thread.java:1583)
2026-03-16 16:55:05 [http-nio-8080-exec-2] DEBUG o.s.w.s.m.m.a.HttpEntityMethodProcessor - Using 'application/json', given [application/json, text/plain, */*] and supported [application/json, application/*+json, application/yaml]
2026-03-16 16:55:05 [http-nio-8080-exec-2] TRACE o.s.w.s.m.m.a.HttpEntityMethodProcessor - Writing [ApiResponse[success=false, status=500, code=C004, message=예기치 않은 서버 오류가 발생했습니다., data=null, timestamp=2026-03-16T16:55:05.118909200]]
2026-03-16 16:55:05 [http-nio-8080-exec-2] DEBUG o.s.w.s.m.m.a.ExceptionHandlerExceptionResolver - Resolved [org.springframework.web.servlet.resource.NoResourceFoundException: No static resource api/v1/admin/system/statistics/connect.]
2026-03-16 16:55:05 [http-nio-8080-exec-2] DEBUG o.s.web.servlet.DispatcherServlet - Completed 500 INTERNAL_SERVER_ERROR
2026-03-16 16:55:05 [http-nio-8080-exec-9] DEBUG c.c.p.s.jwt.JwtAuthenticationFilter - >>> [JwtFilter] Processing request: GET /api/v1/menu/left
2026-03-16 16:55:05 [http-nio-8080-exec-9] DEBUG c.c.p.s.jwt.JwtAuthenticationFilter - >>> [JwtFilter] Found token in header for path: /api/v1/menu/left
2026-03-16 16:55:05 [http-nio-8080-exec-9] DEBUG o.s.orm.jpa.JpaTransactionManager - Creating new transaction with name [com.company.project.security.iam.CustomUserDetailsService.loadUserByUsername]: PROPAGATION_REQUIRED,ISOLATION_DEFAULT,readOnly
2026-03-16 16:55:05 [http-nio-8080-exec-9] DEBUG o.s.orm.jpa.JpaTransactionManager - Opened new EntityManager [SessionImpl(649507440<open>)] for JPA transaction
2026-03-16 16:55:05 [http-nio-8080-exec-3] DEBUG o.s.orm.jpa.JpaTransactionManager - Exposing JPA transaction as JDBC [org.springframework.orm.jpa.vendor.HibernateJpaDialect$HibernateConnectionHandle@80752ba]
2026-03-16 16:55:05 [http-nio-8080-exec-3] DEBUG o.s.orm.jpa.JpaTransactionManager - Found thread-bound EntityManager [SessionImpl(676328780<open>)] for JPA transaction
2026-03-16 16:55:05 [http-nio-8080-exec-3] DEBUG o.s.orm.jpa.JpaTransactionManager - Participating in existing transaction
2026-03-16 16:55:05 [http-nio-8080-exec-3] DEBUG org.hibernate.SQL - select u1_0.emplyr_id,u1_0.area_no,u1_0.brthdy,u1_0.chg_pwd_cnt,u1_0.frst_register_id,u1_0.frst_regist_pnttm,u1_0.detail_adres,u1_0.email_adres,u1_0.emplyr_sttus_code,u1_0.empl_no,u1_0.esntl_id,u1_0.fxnum,u1_0.group_id,u1_0.house_adres,u1_0.house_end_telno,u1_0.house_middle_telno,u1_0.ihidnum,u1_0.pstinst_code,u1_0.last_updusr_id,u1_0.last_updt_pnttm,u1_0.lock_at,u1_0.lock_cnt,u1_0.lock_last_pnttm,u1_0.mbtlnum,u1_0.ofcps_nm,u1_0.offm_telno,u1_0.orgnzt_id,u1_0.password,u1_0.password_cnsr,u1_0.password_hint,u1_0.chg_pwd_last_pnttm,u1_0.role,u1_0.sbscrb_de,u1_0.sexdstn_code,u1_0.crtfc_dn_value,u1_0.user_nm,u1_0.zip from nemplyrinfo u1_0 where u1_0.emplyr_id=?
2026-03-16 16:55:05 [http-nio-8080-exec-4] DEBUG o.s.orm.jpa.JpaTransactionManager - Initiating transaction commit
2026-03-16 16:55:05 [http-nio-8080-exec-4] DEBUG o.s.orm.jpa.JpaTransactionManager - Committing JPA transaction on EntityManager [SessionImpl(1641344824<open>)]
2026-03-16 16:55:05 [http-nio-8080-exec-6] DEBUG o.s.orm.jpa.JpaTransactionManager - Initiating transaction commit
2026-03-16 16:55:05 [http-nio-8080-exec-6] DEBUG o.s.orm.jpa.JpaTransactionManager - Committing JPA transaction on EntityManager [SessionImpl(1219646101<open>)]
2026-03-16 16:55:05 [http-nio-8080-exec-10] DEBUG o.s.orm.jpa.JpaTransactionManager - Initiating transaction commit
2026-03-16 16:55:05 [http-nio-8080-exec-10] DEBUG o.s.orm.jpa.JpaTransactionManager - Committing JPA transaction on EntityManager [SessionImpl(435881788<open>)]
2026-03-16 16:55:05 [http-nio-8080-exec-8] DEBUG o.s.orm.jpa.JpaTransactionManager - Initiating transaction commit
2026-03-16 16:55:05 [http-nio-8080-exec-8] DEBUG o.s.orm.jpa.JpaTransactionManager - Committing JPA transaction on EntityManager [SessionImpl(1360964124<open>)]
2026-03-16 16:55:05 [http-nio-8080-exec-9] DEBUG o.s.orm.jpa.JpaTransactionManager - Exposing JPA transaction as JDBC [org.springframework.orm.jpa.vendor.HibernateJpaDialect$HibernateConnectionHandle@2b0586d7]
2026-03-16 16:55:05 [http-nio-8080-exec-9] DEBUG o.s.orm.jpa.JpaTransactionManager - Found thread-bound EntityManager [SessionImpl(649507440<open>)] for JPA transaction
2026-03-16 16:55:05 [http-nio-8080-exec-9] DEBUG o.s.orm.jpa.JpaTransactionManager - Participating in existing transaction
2026-03-16 16:55:05 [http-nio-8080-exec-9] DEBUG org.hibernate.SQL - select u1_0.emplyr_id,u1_0.area_no,u1_0.brthdy,u1_0.chg_pwd_cnt,u1_0.frst_register_id,u1_0.frst_regist_pnttm,u1_0.detail_adres,u1_0.email_adres,u1_0.emplyr_sttus_code,u1_0.empl_no,u1_0.esntl_id,u1_0.fxnum,u1_0.group_id,u1_0.house_adres,u1_0.house_end_telno,u1_0.house_middle_telno,u1_0.ihidnum,u1_0.pstinst_code,u1_0.last_updusr_id,u1_0.last_updt_pnttm,u1_0.lock_at,u1_0.lock_cnt,u1_0.lock_last_pnttm,u1_0.mbtlnum,u1_0.ofcps_nm,u1_0.offm_telno,u1_0.orgnzt_id,u1_0.password,u1_0.password_cnsr,u1_0.password_hint,u1_0.chg_pwd_last_pnttm,u1_0.role,u1_0.sbscrb_de,u1_0.sexdstn_code,u1_0.crtfc_dn_value,u1_0.user_nm,u1_0.zip from nemplyrinfo u1_0 where u1_0.emplyr_id=?
2026-03-16 16:55:05 [http-nio-8080-exec-3] DEBUG o.s.orm.jpa.JpaTransactionManager - Found thread-bound EntityManager [SessionImpl(676328780<open>)] for JPA transaction
2026-03-16 16:55:05 [http-nio-8080-exec-3] DEBUG o.s.orm.jpa.JpaTransactionManager - Participating in existing transaction
2026-03-16 16:55:05 [http-nio-8080-exec-3] DEBUG org.hibernate.SQL - select ua1_0.scrty_dtrmn_trget_id,ua1_0.author_code,ua1_0.frst_register_id,ua1_0.frst_regist_pnttm,ua1_0.last_updusr_id,ua1_0.last_updt_pnttm,ua1_0.mber_ty_code from nemplyrscrtyestbs ua1_0 where ua1_0.scrty_dtrmn_trget_id=?
2026-03-16 16:55:05 [http-nio-8080-exec-4] DEBUG o.s.orm.jpa.JpaTransactionManager - Closing JPA EntityManager [SessionImpl(1641344824<open>)] after transaction
2026-03-16 16:55:05 [http-nio-8080-exec-4] DEBUG o.s.w.s.m.m.a.HttpEntityMethodProcessor - Using 'application/json', given [application/json, text/plain, */*] and supported [application/json, application/*+json, application/yaml]
2026-03-16 16:55:05 [http-nio-8080-exec-4] TRACE o.s.w.s.m.m.a.HttpEntityMethodProcessor - Writing [ApiResponse[success=true, status=200, code=COMMON_001, message=Success, data=[NotificationDto(ntfcNo=NT001, ntfcSj=테스트 알림입니다, ntfcCn=알림 내용입니다, ntfcDate=null, ntfcTime=2026-02-25T00:59:33.784070, bhNtfcIntrvl=null, uniqId=null, frstRegisterId=null, frstRegisterPnttm=2026-02-25T00:59:33.784070, lastUpdusrId=null, lastUpdusrPnttm=null)], timestamp=2026-03-16T16:55:05.294773500]]
2026-03-16 16:55:05 [http-nio-8080-exec-4] INFO  c.c.p.a.i.OperationalAuditInterceptor - API Audit Log: URL=/api/v1/notifications, User=webmaster, IP=127.0.0.1
2026-03-16 16:55:05 [http-nio-8080-exec-4] DEBUG o.s.web.servlet.DispatcherServlet - Completed 200 OK
2026-03-16 16:55:05 [http-nio-8080-exec-1] DEBUG c.c.p.s.jwt.JwtAuthenticationFilter - >>> [JwtFilter] Processing request: GET /api/v1/notifications
2026-03-16 16:55:05 [http-nio-8080-exec-1] DEBUG c.c.p.s.jwt.JwtAuthenticationFilter - >>> [JwtFilter] Found token in header for path: /api/v1/notifications
2026-03-16 16:55:05 [http-nio-8080-exec-1] DEBUG o.s.orm.jpa.JpaTransactionManager - Creating new transaction with name [com.company.project.security.iam.CustomUserDetailsService.loadUserByUsername]: PROPAGATION_REQUIRED,ISOLATION_DEFAULT,readOnly
2026-03-16 16:55:05 [http-nio-8080-exec-1] DEBUG o.s.orm.jpa.JpaTransactionManager - Opened new EntityManager [SessionImpl(612666058<open>)] for JPA transaction
2026-03-16 16:55:05 [http-nio-8080-exec-6] DEBUG o.s.orm.jpa.JpaTransactionManager - Closing JPA EntityManager [SessionImpl(1219646101<open>)] after transaction
2026-03-16 16:55:05 [http-nio-8080-exec-10] DEBUG o.s.orm.jpa.JpaTransactionManager - Closing JPA EntityManager [SessionImpl(435881788<open>)] after transaction
2026-03-16 16:55:05 [http-nio-8080-exec-6] DEBUG o.s.w.s.m.m.a.HttpEntityMethodProcessor - Using 'application/json', given [application/json, text/plain, */*] and supported [application/json, application/*+json, application/yaml]
2026-03-16 16:55:05 [http-nio-8080-exec-10] DEBUG o.s.w.s.m.m.a.HttpEntityMethodProcessor - Using 'application/json', given [application/json, text/plain, */*] and supported [application/json, application/*+json, application/yaml]
2026-03-16 16:55:05 [http-nio-8080-exec-6] TRACE o.s.w.s.m.m.a.HttpEntityMethodProcessor - Writing [ApiResponse[success=true, status=200, code=COMMON_001, message=Success, data=0, timestamp=2026-03-16T16:55:05.329615400]]
2026-03-16 16:55:05 [http-nio-8080-exec-10] TRACE o.s.w.s.m.m.a.HttpEntityMethodProcessor - Writing [ApiResponse[success=true, status=200, code=COMMON_001, message=Success, data=[], timestamp=2026-03-16T16:55:05.329615400]]
2026-03-16 16:55:05 [http-nio-8080-exec-6] INFO  c.c.p.a.i.OperationalAuditInterceptor - API Audit Log: URL=/api/v1/notifications/unread-count, User=webmaster, IP=127.0.0.1
2026-03-16 16:55:05 [http-nio-8080-exec-6] DEBUG o.s.web.servlet.DispatcherServlet - Completed 200 OK
2026-03-16 16:55:05 [http-nio-8080-exec-10] INFO  c.c.p.a.i.OperationalAuditInterceptor - API Audit Log: URL=/api/v1/admin/system/banners/reflected, User=webmaster, IP=127.0.0.1
2026-03-16 16:55:05 [http-nio-8080-exec-10] DEBUG o.s.web.servlet.DispatcherServlet - Completed 200 OK
2026-03-16 16:55:05 [http-nio-8080-exec-8] DEBUG o.s.orm.jpa.JpaTransactionManager - Closing JPA EntityManager [SessionImpl(1360964124<open>)] after transaction
2026-03-16 16:55:05 [http-nio-8080-exec-8] DEBUG o.s.w.s.m.m.a.HttpEntityMethodProcessor - Using 'application/json', given [application/json, text/plain, */*] and supported [application/json, application/*+json, application/yaml]
2026-03-16 16:55:05 [http-nio-8080-exec-8] TRACE o.s.w.s.m.m.a.HttpEntityMethodProcessor - Writing [ApiResponse[success=true, status=200, code=COMMON_001, message=Success, data=[], timestamp=2026-03-16T16:55:05.334617200]]
2026-03-16 16:55:05 [http-nio-8080-exec-8] INFO  c.c.p.a.i.OperationalAuditInterceptor - API Audit Log: URL=/api/v1/popups/active, User=webmaster, IP=127.0.0.1
2026-03-16 16:55:05 [http-nio-8080-exec-8] DEBUG o.s.web.servlet.DispatcherServlet - Completed 200 OK
2026-03-16 16:55:05 [http-nio-8080-exec-7] DEBUG c.c.p.s.jwt.JwtAuthenticationFilter - >>> [JwtFilter] Processing request: GET /api/v1/admin/system/banners/reflected
2026-03-16 16:55:05 [http-nio-8080-exec-5] DEBUG c.c.p.s.jwt.JwtAuthenticationFilter - >>> [JwtFilter] Processing request: GET /api/v1/notifications/unread-count
2026-03-16 16:55:05 [http-nio-8080-exec-7] DEBUG c.c.p.s.jwt.JwtAuthenticationFilter - >>> [JwtFilter] Found token in header for path: /api/v1/admin/system/banners/reflected
2026-03-16 16:55:05 [http-nio-8080-exec-5] DEBUG c.c.p.s.jwt.JwtAuthenticationFilter - >>> [JwtFilter] Found token in header for path: /api/v1/notifications/unread-count
2026-03-16 16:55:05 [http-nio-8080-exec-5] DEBUG o.s.orm.jpa.JpaTransactionManager - Creating new transaction with name [com.company.project.security.iam.CustomUserDetailsService.loadUserByUsername]: PROPAGATION_REQUIRED,ISOLATION_DEFAULT,readOnly
2026-03-16 16:55:05 [http-nio-8080-exec-7] DEBUG o.s.orm.jpa.JpaTransactionManager - Creating new transaction with name [com.company.project.security.iam.CustomUserDetailsService.loadUserByUsername]: PROPAGATION_REQUIRED,ISOLATION_DEFAULT,readOnly
2026-03-16 16:55:05 [http-nio-8080-exec-5] DEBUG o.s.orm.jpa.JpaTransactionManager - Opened new EntityManager [SessionImpl(330434654<open>)] for JPA transaction
2026-03-16 16:55:05 [http-nio-8080-exec-7] DEBUG o.s.orm.jpa.JpaTransactionManager - Opened new EntityManager [SessionImpl(555360410<open>)] for JPA transaction
2026-03-16 16:55:05 [http-nio-8080-exec-7] DEBUG o.s.orm.jpa.JpaTransactionManager - Exposing JPA transaction as JDBC [org.springframework.orm.jpa.vendor.HibernateJpaDialect$HibernateConnectionHandle@5a546217]
2026-03-16 16:55:05 [http-nio-8080-exec-7] DEBUG o.s.orm.jpa.JpaTransactionManager - Found thread-bound EntityManager [SessionImpl(555360410<open>)] for JPA transaction
2026-03-16 16:55:05 [http-nio-8080-exec-7] DEBUG o.s.orm.jpa.JpaTransactionManager - Participating in existing transaction
2026-03-16 16:55:05 [http-nio-8080-exec-7] DEBUG org.hibernate.SQL - select u1_0.emplyr_id,u1_0.area_no,u1_0.brthdy,u1_0.chg_pwd_cnt,u1_0.frst_register_id,u1_0.frst_regist_pnttm,u1_0.detail_adres,u1_0.email_adres,u1_0.emplyr_sttus_code,u1_0.empl_no,u1_0.esntl_id,u1_0.fxnum,u1_0.group_id,u1_0.house_adres,u1_0.house_end_telno,u1_0.house_middle_telno,u1_0.ihidnum,u1_0.pstinst_code,u1_0.last_updusr_id,u1_0.last_updt_pnttm,u1_0.lock_at,u1_0.lock_cnt,u1_0.lock_last_pnttm,u1_0.mbtlnum,u1_0.ofcps_nm,u1_0.offm_telno,u1_0.orgnzt_id,u1_0.password,u1_0.password_cnsr,u1_0.password_hint,u1_0.chg_pwd_last_pnttm,u1_0.role,u1_0.sbscrb_de,u1_0.sexdstn_code,u1_0.crtfc_dn_value,u1_0.user_nm,u1_0.zip from nemplyrinfo u1_0 where u1_0.emplyr_id=?
2026-03-16 16:55:05 [http-nio-8080-exec-2] DEBUG c.c.p.s.jwt.JwtAuthenticationFilter - >>> [JwtFilter] Processing request: GET /api/v1/popups/active
2026-03-16 16:55:05 [http-nio-8080-exec-2] DEBUG c.c.p.s.jwt.JwtAuthenticationFilter - >>> [JwtFilter] Found token in header for path: /api/v1/popups/active
2026-03-16 16:55:05 [http-nio-8080-exec-2] DEBUG o.s.orm.jpa.JpaTransactionManager - Creating new transaction with name [com.company.project.security.iam.CustomUserDetailsService.loadUserByUsername]: PROPAGATION_REQUIRED,ISOLATION_DEFAULT,readOnly
2026-03-16 16:55:05 [http-nio-8080-exec-2] DEBUG o.s.orm.jpa.JpaTransactionManager - Opened new EntityManager [SessionImpl(1870295231<open>)] for JPA transaction
2026-03-16 16:55:05 [http-nio-8080-exec-2] DEBUG o.s.orm.jpa.JpaTransactionManager - Exposing JPA transaction as JDBC [org.springframework.orm.jpa.vendor.HibernateJpaDialect$HibernateConnectionHandle@15583ba0]
2026-03-16 16:55:05 [http-nio-8080-exec-2] DEBUG o.s.orm.jpa.JpaTransactionManager - Found thread-bound EntityManager [SessionImpl(1870295231<open>)] for JPA transaction
2026-03-16 16:55:05 [http-nio-8080-exec-2] DEBUG o.s.orm.jpa.JpaTransactionManager - Participating in existing transaction
2026-03-16 16:55:05 [http-nio-8080-exec-2] DEBUG org.hibernate.SQL - select u1_0.emplyr_id,u1_0.area_no,u1_0.brthdy,u1_0.chg_pwd_cnt,u1_0.frst_register_id,u1_0.frst_regist_pnttm,u1_0.detail_adres,u1_0.email_adres,u1_0.emplyr_sttus_code,u1_0.empl_no,u1_0.esntl_id,u1_0.fxnum,u1_0.group_id,u1_0.house_adres,u1_0.house_end_telno,u1_0.house_middle_telno,u1_0.ihidnum,u1_0.pstinst_code,u1_0.last_updusr_id,u1_0.last_updt_pnttm,u1_0.lock_at,u1_0.lock_cnt,u1_0.lock_last_pnttm,u1_0.mbtlnum,u1_0.ofcps_nm,u1_0.offm_telno,u1_0.orgnzt_id,u1_0.password,u1_0.password_cnsr,u1_0.password_hint,u1_0.chg_pwd_last_pnttm,u1_0.role,u1_0.sbscrb_de,u1_0.sexdstn_code,u1_0.crtfc_dn_value,u1_0.user_nm,u1_0.zip from nemplyrinfo u1_0 where u1_0.emplyr_id=?
2026-03-16 16:55:05 [http-nio-8080-exec-9] DEBUG o.s.orm.jpa.JpaTransactionManager - Found thread-bound EntityManager [SessionImpl(649507440<open>)] for JPA transaction
2026-03-16 16:55:05 [http-nio-8080-exec-9] DEBUG o.s.orm.jpa.JpaTransactionManager - Participating in existing transaction
2026-03-16 16:55:05 [http-nio-8080-exec-9] DEBUG org.hibernate.SQL - select ua1_0.scrty_dtrmn_trget_id,ua1_0.author_code,ua1_0.frst_register_id,ua1_0.frst_regist_pnttm,ua1_0.last_updusr_id,ua1_0.last_updt_pnttm,ua1_0.mber_ty_code from nemplyrscrtyestbs ua1_0 where ua1_0.scrty_dtrmn_trget_id=?
2026-03-16 16:55:05 [http-nio-8080-exec-3] DEBUG o.s.orm.jpa.JpaTransactionManager - Initiating transaction commit
2026-03-16 16:55:05 [http-nio-8080-exec-3] DEBUG o.s.orm.jpa.JpaTransactionManager - Committing JPA transaction on EntityManager [SessionImpl(676328780<open>)]
2026-03-16 16:55:05 [http-nio-8080-exec-1] DEBUG o.s.orm.jpa.JpaTransactionManager - Exposing JPA transaction as JDBC [org.springframework.orm.jpa.vendor.HibernateJpaDialect$HibernateConnectionHandle@430a041a]
2026-03-16 16:55:05 [http-nio-8080-exec-1] DEBUG o.s.orm.jpa.JpaTransactionManager - Found thread-bound EntityManager [SessionImpl(612666058<open>)] for JPA transaction
2026-03-16 16:55:05 [http-nio-8080-exec-1] DEBUG o.s.orm.jpa.JpaTransactionManager - Participating in existing transaction
2026-03-16 16:55:05 [http-nio-8080-exec-1] DEBUG org.hibernate.SQL - select u1_0.emplyr_id,u1_0.area_no,u1_0.brthdy,u1_0.chg_pwd_cnt,u1_0.frst_register_id,u1_0.frst_regist_pnttm,u1_0.detail_adres,u1_0.email_adres,u1_0.emplyr_sttus_code,u1_0.empl_no,u1_0.esntl_id,u1_0.fxnum,u1_0.group_id,u1_0.house_adres,u1_0.house_end_telno,u1_0.house_middle_telno,u1_0.ihidnum,u1_0.pstinst_code,u1_0.last_updusr_id,u1_0.last_updt_pnttm,u1_0.lock_at,u1_0.lock_cnt,u1_0.lock_last_pnttm,u1_0.mbtlnum,u1_0.ofcps_nm,u1_0.offm_telno,u1_0.orgnzt_id,u1_0.password,u1_0.password_cnsr,u1_0.password_hint,u1_0.chg_pwd_last_pnttm,u1_0.role,u1_0.sbscrb_de,u1_0.sexdstn_code,u1_0.crtfc_dn_value,u1_0.user_nm,u1_0.zip from nemplyrinfo u1_0 where u1_0.emplyr_id=?
2026-03-16 16:55:05 [http-nio-8080-exec-5] DEBUG o.s.orm.jpa.JpaTransactionManager - Exposing JPA transaction as JDBC [org.springframework.orm.jpa.vendor.HibernateJpaDialect$HibernateConnectionHandle@71a03254]
2026-03-16 16:55:05 [http-nio-8080-exec-5] DEBUG o.s.orm.jpa.JpaTransactionManager - Found thread-bound EntityManager [SessionImpl(330434654<open>)] for JPA transaction
2026-03-16 16:55:05 [http-nio-8080-exec-5] DEBUG o.s.orm.jpa.JpaTransactionManager - Participating in existing transaction
2026-03-16 16:55:05 [http-nio-8080-exec-5] DEBUG org.hibernate.SQL - select u1_0.emplyr_id,u1_0.area_no,u1_0.brthdy,u1_0.chg_pwd_cnt,u1_0.frst_register_id,u1_0.frst_regist_pnttm,u1_0.detail_adres,u1_0.email_adres,u1_0.emplyr_sttus_code,u1_0.empl_no,u1_0.esntl_id,u1_0.fxnum,u1_0.group_id,u1_0.house_adres,u1_0.house_end_telno,u1_0.house_middle_telno,u1_0.ihidnum,u1_0.pstinst_code,u1_0.last_updusr_id,u1_0.last_updt_pnttm,u1_0.lock_at,u1_0.lock_cnt,u1_0.lock_last_pnttm,u1_0.mbtlnum,u1_0.ofcps_nm,u1_0.offm_telno,u1_0.orgnzt_id,u1_0.password,u1_0.password_cnsr,u1_0.password_hint,u1_0.chg_pwd_last_pnttm,u1_0.role,u1_0.sbscrb_de,u1_0.sexdstn_code,u1_0.crtfc_dn_value,u1_0.user_nm,u1_0.zip from nemplyrinfo u1_0 where u1_0.emplyr_id=?
2026-03-16 16:55:05 [http-nio-8080-exec-7] DEBUG o.s.orm.jpa.JpaTransactionManager - Found thread-bound EntityManager [SessionImpl(555360410<open>)] for JPA transaction
2026-03-16 16:55:05 [http-nio-8080-exec-7] DEBUG o.s.orm.jpa.JpaTransactionManager - Participating in existing transaction
2026-03-16 16:55:05 [http-nio-8080-exec-7] DEBUG org.hibernate.SQL - select ua1_0.scrty_dtrmn_trget_id,ua1_0.author_code,ua1_0.frst_register_id,ua1_0.frst_regist_pnttm,ua1_0.last_updusr_id,ua1_0.last_updt_pnttm,ua1_0.mber_ty_code from nemplyrscrtyestbs ua1_0 where ua1_0.scrty_dtrmn_trget_id=?
2026-03-16 16:55:05 [http-nio-8080-exec-2] DEBUG o.s.orm.jpa.JpaTransactionManager - Found thread-bound EntityManager [SessionImpl(1870295231<open>)] for JPA transaction
2026-03-16 16:55:05 [http-nio-8080-exec-2] DEBUG o.s.orm.jpa.JpaTransactionManager - Participating in existing transaction
2026-03-16 16:55:05 [http-nio-8080-exec-2] DEBUG org.hibernate.SQL - select ua1_0.scrty_dtrmn_trget_id,ua1_0.author_code,ua1_0.frst_register_id,ua1_0.frst_regist_pnttm,ua1_0.last_updusr_id,ua1_0.last_updt_pnttm,ua1_0.mber_ty_code from nemplyrscrtyestbs ua1_0 where ua1_0.scrty_dtrmn_trget_id=?
2026-03-16 16:55:05 [http-nio-8080-exec-9] DEBUG o.s.orm.jpa.JpaTransactionManager - Initiating transaction commit
2026-03-16 16:55:05 [http-nio-8080-exec-9] DEBUG o.s.orm.jpa.JpaTransactionManager - Committing JPA transaction on EntityManager [SessionImpl(649507440<open>)]
2026-03-16 16:55:05 [http-nio-8080-exec-3] DEBUG o.s.orm.jpa.JpaTransactionManager - Closing JPA EntityManager [SessionImpl(676328780<open>)] after transaction
2026-03-16 16:55:05 [http-nio-8080-exec-3] DEBUG c.c.p.s.jwt.JwtAuthenticationFilter - >>> [JwtFilter] Successfully authenticated user: USRCNFRM_99999999999, Authorities: [ROLE_ADMIN]
2026-03-16 16:55:05 [http-nio-8080-exec-3] DEBUG o.s.web.servlet.DispatcherServlet - GET "/api/v1/admin/system/statistics/bbs?statsKind=COM101", parameters={masked}
2026-03-16 16:55:05 [http-nio-8080-exec-3] DEBUG o.s.w.s.h.SimpleUrlHandlerMapping - Mapped to ResourceHttpRequestHandler [classpath [META-INF/resources/], classpath [resources/], classpath [static/], classpath [public/], ServletContext [/]]
2026-03-16 16:55:05 [http-nio-8080-exec-3] DEBUG o.s.w.s.r.ResourceHttpRequestHandler - Resource not found
2026-03-16 16:55:05 [http-nio-8080-exec-3] DEBUG o.s.w.s.m.m.a.ExceptionHandlerExceptionResolver - Using @ExceptionHandler com.company.project.core.exception.GlobalExceptionHandler#handleException(Exception)
2026-03-16 16:55:05 [http-nio-8080-exec-3] ERROR c.c.p.c.e.GlobalExceptionHandler - >>> Internal Server Error: No static resource api/v1/admin/system/statistics/bbs.
org.springframework.web.servlet.resource.NoResourceFoundException: No static resource api/v1/admin/system/statistics/bbs.
	at org.springframework.web.servlet.resource.ResourceHttpRequestHandler.handleRequest(ResourceHttpRequestHandler.java:585)
	at org.springframework.web.servlet.mvc.HttpRequestHandlerAdapter.handle(HttpRequestHandlerAdapter.java:52)
	at org.springframework.web.servlet.DispatcherServlet.doDispatch(DispatcherServlet.java:1088)
	at org.springframework.web.servlet.DispatcherServlet.doService(DispatcherServlet.java:978)
	at org.springframework.web.servlet.FrameworkServlet.processRequest(FrameworkServlet.java:1014)
	at org.springframework.web.servlet.FrameworkServlet.doGet(FrameworkServlet.java:903)
	at jakarta.servlet.http.HttpServlet.service(HttpServlet.java:527)
	at org.springframework.web.servlet.FrameworkServlet.service(FrameworkServlet.java:885)
	at jakarta.servlet.http.HttpServlet.service(HttpServlet.java:614)
	at org.apache.catalina.core.ApplicationFilterChain.internalDoFilter(ApplicationFilterChain.java:195)
	at org.apache.catalina.core.ApplicationFilterChain.doFilter(ApplicationFilterChain.java:140)
	at org.apache.tomcat.websocket.server.WsFilter.doFilter(WsFilter.java:51)
	at org.apache.catalina.core.ApplicationFilterChain.internalDoFilter(ApplicationFilterChain.java:164)
	at org.apache.catalina.core.ApplicationFilterChain.doFilter(ApplicationFilterChain.java:140)
	at org.springframework.web.filter.CompositeFilter$VirtualFilterChain.doFilter(CompositeFilter.java:108)
	at org.springframework.security.web.FilterChainProxy.lambda$doFilterInternal$3(FilterChainProxy.java:231)
	at org.springframework.security.web.ObservationFilterChainDecorator$FilterObservation$SimpleFilterObservation.lambda$wrap$1(ObservationFilterChainDecorator.java:479)
	at org.springframework.security.web.ObservationFilterChainDecorator$AroundFilterObservation$SimpleAroundFilterObservation.lambda$wrap$1(ObservationFilterChainDecorator.java:340)
	at org.springframework.security.web.ObservationFilterChainDecorator.lambda$wrapSecured$0(ObservationFilterChainDecorator.java:82)
	at org.springframework.security.web.ObservationFilterChainDecorator$VirtualFilterChain.doFilter(ObservationFilterChainDecorator.java:128)
	at org.springframework.security.web.access.intercept.AuthorizationFilter.doFilter(AuthorizationFilter.java:101)
	at org.springframework.security.web.ObservationFilterChainDecorator$ObservationFilter.wrapFilter(ObservationFilterChainDecorator.java:240)
	at org.springframework.security.web.ObservationFilterChainDecorator$ObservationFilter.doFilter(ObservationFilterChainDecorator.java:227)
	at org.springframework.security.web.ObservationFilterChainDecorator$VirtualFilterChain.doFilter(ObservationFilterChainDecorator.java:137)
	at org.springframework.security.web.access.ExceptionTranslationFilter.doFilter(ExceptionTranslationFilter.java:126)
	at org.springframework.security.web.access.ExceptionTranslationFilter.doFilter(ExceptionTranslationFilter.java:120)
	at org.springframework.security.web.ObservationFilterChainDecorator$ObservationFilter.wrapFilter(ObservationFilterChainDecorator.java:240)
	at org.springframework.security.web.ObservationFilterChainDecorator$ObservationFilter.doFilter(ObservationFilterChainDecorator.java:227)
	at org.springframework.security.web.ObservationFilterChainDecorator$VirtualFilterChain.doFilter(ObservationFilterChainDecorator.java:137)
	at org.springframework.security.web.session.SessionManagementFilter.doFilter(SessionManagementFilter.java:131)
	at org.springframework.security.web.session.SessionManagementFilter.doFilter(SessionManagementFilter.java:85)
	at org.springframework.security.web.ObservationFilterChainDecorator$ObservationFilter.wrapFilter(ObservationFilterChainDecorator.java:240)
	at org.springframework.security.web.ObservationFilterChainDecorator$ObservationFilter.doFilter(ObservationFilterChainDecorator.java:227)
	at org.springframework.security.web.ObservationFilterChainDecorator$VirtualFilterChain.doFilter(ObservationFilterChainDecorator.java:137)
	at org.springframework.security.web.authentication.AnonymousAuthenticationFilter.doFilter(AnonymousAuthenticationFilter.java:100)
	at org.springframework.security.web.ObservationFilterChainDecorator$ObservationFilter.wrapFilter(ObservationFilterChainDecorator.java:240)
	at org.springframework.security.web.ObservationFilterChainDecorator$ObservationFilter.doFilter(ObservationFilterChainDecorator.java:227)
	at org.springframework.security.web.ObservationFilterChainDecorator$VirtualFilterChain.doFilter(ObservationFilterChainDecorator.java:137)
	at org.springframework.security.web.servletapi.SecurityContextHolderAwareRequestFilter.doFilter(SecurityContextHolderAwareRequestFilter.java:179)
	at org.springframework.security.web.ObservationFilterChainDecorator$ObservationFilter.wrapFilter(ObservationFilterChainDecorator.java:240)
	at org.springframework.security.web.ObservationFilterChainDecorator$ObservationFilter.doFilter(ObservationFilterChainDecorator.java:227)
	at org.springframework.security.web.ObservationFilterChainDecorator$VirtualFilterChain.doFilter(ObservationFilterChainDecorator.java:137)
	at org.springframework.security.web.savedrequest.RequestCacheAwareFilter.doFilter(RequestCacheAwareFilter.java:63)
	at org.springframework.security.web.ObservationFilterChainDecorator$ObservationFilter.wrapFilter(ObservationFilterChainDecorator.java:240)
	at org.springframework.security.web.ObservationFilterChainDecorator$ObservationFilter.doFilter(ObservationFilterChainDecorator.java:227)
	at org.springframework.security.web.ObservationFilterChainDecorator$VirtualFilterChain.doFilter(ObservationFilterChainDecorator.java:137)
	at com.company.project.security.jwt.JwtAuthenticationFilter.doFilterInternal(JwtAuthenticationFilter.java:52)
	at org.springframework.web.filter.OncePerRequestFilter.doFilter(OncePerRequestFilter.java:116)
	at org.springframework.security.web.ObservationFilterChainDecorator$ObservationFilter.wrapFilter(ObservationFilterChainDecorator.java:240)
	at org.springframework.security.web.ObservationFilterChainDecorator$ObservationFilter.doFilter(ObservationFilterChainDecorator.java:227)
	at org.springframework.security.web.ObservationFilterChainDecorator$VirtualFilterChain.doFilter(ObservationFilterChainDecorator.java:137)
	at org.springframework.security.web.authentication.logout.LogoutFilter.doFilter(LogoutFilter.java:107)
	at org.springframework.security.web.authentication.logout.LogoutFilter.doFilter(LogoutFilter.java:93)
	at org.springframework.security.web.ObservationFilterChainDecorator$ObservationFilter.wrapFilter(ObservationFilterChainDecorator.java:240)
	at org.springframework.security.web.ObservationFilterChainDecorator$ObservationFilter.doFilter(ObservationFilterChainDecorator.java:227)
	at org.springframework.security.web.ObservationFilterChainDecorator$VirtualFilterChain.doFilter(ObservationFilterChainDecorator.java:137)
	at org.springframework.web.filter.CorsFilter.doFilterInternal(CorsFilter.java:91)
	at org.springframework.web.filter.OncePerRequestFilter.doFilter(OncePerRequestFilter.java:116)
	at org.springframework.security.web.ObservationFilterChainDecorator$ObservationFilter.wrapFilter(ObservationFilterChainDecorator.java:240)
	at org.springframework.security.web.ObservationFilterChainDecorator$ObservationFilter.doFilter(ObservationFilterChainDecorator.java:227)
	at org.springframework.security.web.ObservationFilterChainDecorator$VirtualFilterChain.doFilter(ObservationFilterChainDecorator.java:137)
	at org.springframework.security.web.header.HeaderWriterFilter.doHeadersAfter(HeaderWriterFilter.java:90)
	at org.springframework.security.web.header.HeaderWriterFilter.doFilterInternal(HeaderWriterFilter.java:75)
	at org.springframework.web.filter.OncePerRequestFilter.doFilter(OncePerRequestFilter.java:116)
	at org.springframework.security.web.ObservationFilterChainDecorator$ObservationFilter.wrapFilter(ObservationFilterChainDecorator.java:240)
	at org.springframework.security.web.ObservationFilterChainDecorator$ObservationFilter.doFilter(ObservationFilterChainDecorator.java:227)
	at org.springframework.security.web.ObservationFilterChainDecorator$VirtualFilterChain.doFilter(ObservationFilterChainDecorator.java:137)
	at org.springframework.security.web.context.SecurityContextHolderFilter.doFilter(SecurityContextHolderFilter.java:82)
	at org.springframework.security.web.context.SecurityContextHolderFilter.doFilter(SecurityContextHolderFilter.java:69)
	at org.springframework.security.web.ObservationFilterChainDecorator$ObservationFilter.wrapFilter(ObservationFilterChainDecorator.java:240)
	at org.springframework.security.web.ObservationFilterChainDecorator$ObservationFilter.doFilter(ObservationFilterChainDecorator.java:227)
	at org.springframework.security.web.ObservationFilterChainDecorator$VirtualFilterChain.doFilter(ObservationFilterChainDecorator.java:137)
	at org.springframework.security.web.context.request.async.WebAsyncManagerIntegrationFilter.doFilterInternal(WebAsyncManagerIntegrationFilter.java:62)
	at org.springframework.web.filter.OncePerRequestFilter.doFilter(OncePerRequestFilter.java:116)
	at org.springframework.security.web.ObservationFilterChainDecorator$ObservationFilter.wrapFilter(ObservationFilterChainDecorator.java:240)
	at org.springframework.security.web.ObservationFilterChainDecorator$ObservationFilter.doFilter(ObservationFilterChainDecorator.java:227)
	at org.springframework.security.web.ObservationFilterChainDecorator$VirtualFilterChain.doFilter(ObservationFilterChainDecorator.java:137)
	at org.springframework.security.web.session.DisableEncodeUrlFilter.doFilterInternal(DisableEncodeUrlFilter.java:42)
	at org.springframework.web.filter.OncePerRequestFilter.doFilter(OncePerRequestFilter.java:116)
	at org.springframework.security.web.ObservationFilterChainDecorator$ObservationFilter.wrapFilter(ObservationFilterChainDecorator.java:240)
	at org.springframework.security.web.ObservationFilterChainDecorator$AroundFilterObservation$SimpleAroundFilterObservation.lambda$wrap$0(ObservationFilterChainDecorator.java:323)
	at org.springframework.security.web.ObservationFilterChainDecorator$ObservationFilter.doFilter(ObservationFilterChainDecorator.java:224)
	at org.springframework.security.web.ObservationFilterChainDecorator$VirtualFilterChain.doFilter(ObservationFilterChainDecorator.java:137)
	at org.springframework.security.web.FilterChainProxy.doFilterInternal(FilterChainProxy.java:233)
	at org.springframework.security.web.FilterChainProxy.doFilter(FilterChainProxy.java:191)
	at org.springframework.web.filter.CompositeFilter$VirtualFilterChain.doFilter(CompositeFilter.java:113)
	at org.springframework.web.servlet.handler.HandlerMappingIntrospector.lambda$createCacheFilter$3(HandlerMappingIntrospector.java:243)
	at org.springframework.web.filter.CompositeFilter$VirtualFilterChain.doFilter(CompositeFilter.java:113)
	at org.springframework.web.filter.CompositeFilter.doFilter(CompositeFilter.java:74)
	at org.springframework.security.config.annotation.web.configuration.WebMvcSecurityConfiguration$CompositeFilterChainProxy.doFilter(WebMvcSecurityConfiguration.java:238)
	at org.springframework.web.filter.DelegatingFilterProxy.invokeDelegate(DelegatingFilterProxy.java:362)
	at org.springframework.web.filter.DelegatingFilterProxy.doFilter(DelegatingFilterProxy.java:278)
	at org.apache.catalina.core.ApplicationFilterChain.internalDoFilter(ApplicationFilterChain.java:164)
	at org.apache.catalina.core.ApplicationFilterChain.doFilter(ApplicationFilterChain.java:140)
	at org.springframework.web.filter.RequestContextFilter.doFilterInternal(RequestContextFilter.java:100)
	at org.springframework.web.filter.OncePerRequestFilter.doFilter(OncePerRequestFilter.java:116)
	at org.apache.catalina.core.ApplicationFilterChain.internalDoFilter(ApplicationFilterChain.java:164)
	at org.apache.catalina.core.ApplicationFilterChain.doFilter(ApplicationFilterChain.java:140)
	at org.springframework.web.filter.FormContentFilter.doFilterInternal(FormContentFilter.java:93)
	at org.springframework.web.filter.OncePerRequestFilter.doFilter(OncePerRequestFilter.java:116)
	at org.apache.catalina.core.ApplicationFilterChain.internalDoFilter(ApplicationFilterChain.java:164)
	at org.apache.catalina.core.ApplicationFilterChain.doFilter(ApplicationFilterChain.java:140)
	at org.springframework.web.filter.ServerHttpObservationFilter.doFilterInternal(ServerHttpObservationFilter.java:114)
	at org.springframework.web.filter.OncePerRequestFilter.doFilter(OncePerRequestFilter.java:116)
	at org.apache.catalina.core.ApplicationFilterChain.internalDoFilter(ApplicationFilterChain.java:164)
	at org.apache.catalina.core.ApplicationFilterChain.doFilter(ApplicationFilterChain.java:140)
	at org.springframework.web.filter.CharacterEncodingFilter.doFilterInternal(CharacterEncodingFilter.java:201)
	at org.springframework.web.filter.OncePerRequestFilter.doFilter(OncePerRequestFilter.java:116)
	at org.apache.catalina.core.ApplicationFilterChain.internalDoFilter(ApplicationFilterChain.java:164)
	at org.apache.catalina.core.ApplicationFilterChain.doFilter(ApplicationFilterChain.java:140)
	at org.apache.catalina.core.StandardWrapperValve.invoke(StandardWrapperValve.java:167)
	at org.apache.catalina.core.StandardContextValve.invoke(StandardContextValve.java:90)
	at org.apache.catalina.authenticator.AuthenticatorBase.invoke(AuthenticatorBase.java:483)
	at org.apache.catalina.core.StandardHostValve.invoke(StandardHostValve.java:115)
	at org.apache.catalina.valves.ErrorReportValve.invoke(ErrorReportValve.java:93)
	at org.apache.catalina.core.StandardEngineValve.invoke(StandardEngineValve.java:74)
	at org.apache.catalina.connector.CoyoteAdapter.service(CoyoteAdapter.java:344)
	at org.apache.coyote.http11.Http11Processor.service(Http11Processor.java:397)
	at org.apache.coyote.AbstractProcessorLight.process(AbstractProcessorLight.java:63)
	at org.apache.coyote.AbstractProtocol$ConnectionHandler.process(AbstractProtocol.java:905)
	at org.apache.tomcat.util.net.NioEndpoint$SocketProcessor.doRun(NioEndpoint.java:1741)
	at org.apache.tomcat.util.net.SocketProcessorBase.run(SocketProcessorBase.java:52)
	at org.apache.tomcat.util.threads.ThreadPoolExecutor.runWorker(ThreadPoolExecutor.java:1190)
	at org.apache.tomcat.util.threads.ThreadPoolExecutor$Worker.run(ThreadPoolExecutor.java:659)
	at org.apache.tomcat.util.threads.TaskThread$WrappingRunnable.run(TaskThread.java:63)
	at java.base/java.lang.Thread.run(Thread.java:1583)
2026-03-16 16:55:05 [http-nio-8080-exec-3] DEBUG o.s.w.s.m.m.a.HttpEntityMethodProcessor - Using 'application/json', given [application/json, text/plain, */*] and supported [application/json, application/*+json, application/yaml]
2026-03-16 16:55:05 [http-nio-8080-exec-3] TRACE o.s.w.s.m.m.a.HttpEntityMethodProcessor - Writing [ApiResponse[success=false, status=500, code=C004, message=예기치 않은 서버 오류가 발생했습니다., data=null, timestamp=2026-03-16T16:55:05.606777100]]
2026-03-16 16:55:05 [http-nio-8080-exec-3] DEBUG o.s.w.s.m.m.a.ExceptionHandlerExceptionResolver - Resolved [org.springframework.web.servlet.resource.NoResourceFoundException: No static resource api/v1/admin/system/statistics/bbs.]
2026-03-16 16:55:05 [http-nio-8080-exec-3] DEBUG o.s.web.servlet.DispatcherServlet - Completed 500 INTERNAL_SERVER_ERROR
2026-03-16 16:55:05 [http-nio-8080-exec-1] DEBUG o.s.orm.jpa.JpaTransactionManager - Found thread-bound EntityManager [SessionImpl(612666058<open>)] for JPA transaction
2026-03-16 16:55:05 [http-nio-8080-exec-1] DEBUG o.s.orm.jpa.JpaTransactionManager - Participating in existing transaction
2026-03-16 16:55:05 [http-nio-8080-exec-1] DEBUG org.hibernate.SQL - select ua1_0.scrty_dtrmn_trget_id,ua1_0.author_code,ua1_0.frst_register_id,ua1_0.frst_regist_pnttm,ua1_0.last_updusr_id,ua1_0.last_updt_pnttm,ua1_0.mber_ty_code from nemplyrscrtyestbs ua1_0 where ua1_0.scrty_dtrmn_trget_id=?
2026-03-16 16:55:05 [http-nio-8080-exec-2] DEBUG o.s.orm.jpa.JpaTransactionManager - Initiating transaction commit
2026-03-16 16:55:05 [http-nio-8080-exec-2] DEBUG o.s.orm.jpa.JpaTransactionManager - Committing JPA transaction on EntityManager [SessionImpl(1870295231<open>)]
2026-03-16 16:55:05 [http-nio-8080-exec-7] DEBUG o.s.orm.jpa.JpaTransactionManager - Initiating transaction commit
2026-03-16 16:55:05 [http-nio-8080-exec-5] DEBUG o.s.orm.jpa.JpaTransactionManager - Found thread-bound EntityManager [SessionImpl(330434654<open>)] for JPA transaction
2026-03-16 16:55:05 [http-nio-8080-exec-7] DEBUG o.s.orm.jpa.JpaTransactionManager - Committing JPA transaction on EntityManager [SessionImpl(555360410<open>)]
2026-03-16 16:55:05 [http-nio-8080-exec-5] DEBUG o.s.orm.jpa.JpaTransactionManager - Participating in existing transaction
2026-03-16 16:55:05 [http-nio-8080-exec-5] DEBUG org.hibernate.SQL - select ua1_0.scrty_dtrmn_trget_id,ua1_0.author_code,ua1_0.frst_register_id,ua1_0.frst_regist_pnttm,ua1_0.last_updusr_id,ua1_0.last_updt_pnttm,ua1_0.mber_ty_code from nemplyrscrtyestbs ua1_0 where ua1_0.scrty_dtrmn_trget_id=?
2026-03-16 16:55:05 [http-nio-8080-exec-9] DEBUG o.s.orm.jpa.JpaTransactionManager - Closing JPA EntityManager [SessionImpl(649507440<open>)] after transaction
2026-03-16 16:55:05 [http-nio-8080-exec-9] DEBUG c.c.p.s.jwt.JwtAuthenticationFilter - >>> [JwtFilter] Successfully authenticated user: USRCNFRM_99999999999, Authorities: [ROLE_ADMIN]
2026-03-16 16:55:05 [http-nio-8080-exec-9] DEBUG o.s.web.servlet.DispatcherServlet - GET "/api/v1/menu/left?menuNo=20", parameters={masked}
2026-03-16 16:55:05 [http-nio-8080-exec-9] TRACE o.s.w.s.m.m.a.RequestMappingHandlerMapping - Mapped to com.company.project.api.controller.menu.MenuController#getLeftMenu(Long)
2026-03-16 16:55:05 [http-nio-8080-exec-9] INFO  c.c.p.a.c.menu.MenuController - getLeftMenu called with menuNo=20
2026-03-16 16:55:05 [http-nio-8080-exec-9] DEBUG o.s.orm.jpa.JpaTransactionManager - Creating new transaction with name [com.company.project.service.menu.MenuService.getSubMenus]: PROPAGATION_REQUIRED,ISOLATION_DEFAULT,readOnly
2026-03-16 16:55:05 [http-nio-8080-exec-9] DEBUG o.s.orm.jpa.JpaTransactionManager - Opened new EntityManager [SessionImpl(1398194305<open>)] for JPA transaction
2026-03-16 16:55:05 [http-nio-8080-exec-9] DEBUG o.s.orm.jpa.JpaTransactionManager - Exposing JPA transaction as JDBC [org.springframework.orm.jpa.vendor.HibernateJpaDialect$HibernateConnectionHandle@31cc1d1b]
2026-03-16 16:55:05 [http-nio-8080-exec-9] DEBUG org.hibernate.SQL - select m1_0.menu_no,m1_0.menu_dc,m1_0.menu_nm,m1_0.menu_ordr,m1_0.modern_route,m1_0.progrm_file_nm,m1_0.relate_image_nm,m1_0.relate_image_path,m1_0.route_updated_at,m1_0.upper_menu_no from nmenuinfo m1_0 order by m1_0.upper_menu_no,m1_0.menu_ordr
2026-03-16 16:55:05 [http-nio-8080-exec-1] DEBUG o.s.orm.jpa.JpaTransactionManager - Initiating transaction commit
2026-03-16 16:55:05 [http-nio-8080-exec-1] DEBUG o.s.orm.jpa.JpaTransactionManager - Committing JPA transaction on EntityManager [SessionImpl(612666058<open>)]
2026-03-16 16:55:05 [http-nio-8080-exec-2] DEBUG o.s.orm.jpa.JpaTransactionManager - Closing JPA EntityManager [SessionImpl(1870295231<open>)] after transaction
2026-03-16 16:55:05 [http-nio-8080-exec-2] DEBUG c.c.p.s.jwt.JwtAuthenticationFilter - >>> [JwtFilter] Successfully authenticated user: USRCNFRM_99999999999, Authorities: [ROLE_ADMIN]
2026-03-16 16:55:05 [http-nio-8080-exec-2] DEBUG o.s.web.servlet.DispatcherServlet - GET "/api/v1/popups/active", parameters={}
2026-03-16 16:55:05 [http-nio-8080-exec-2] TRACE o.s.w.s.m.m.a.RequestMappingHandlerMapping - Mapped to com.company.project.api.controller.system.content.popup.PopupController#getActivePopups()
2026-03-16 16:55:05 [http-nio-8080-exec-2] DEBUG o.s.orm.jpa.JpaTransactionManager - Creating new transaction with name [com.company.project.service.system.content.popup.PopupServiceImpl.getActivePopups]: PROPAGATION_REQUIRED,ISOLATION_DEFAULT,readOnly
2026-03-16 16:55:05 [http-nio-8080-exec-2] DEBUG o.s.orm.jpa.JpaTransactionManager - Opened new EntityManager [SessionImpl(850643362<open>)] for JPA transaction
2026-03-16 16:55:05 [http-nio-8080-exec-2] DEBUG o.s.orm.jpa.JpaTransactionManager - Exposing JPA transaction as JDBC [org.springframework.orm.jpa.vendor.HibernateJpaDialect$HibernateConnectionHandle@264150e6]
2026-03-16 16:55:05 [http-nio-8080-exec-2] DEBUG org.hibernate.SQL - select p1_0.popup_id,p1_0.frst_register_id,p1_0.frst_regist_pnttm,p1_0.file_url,p1_0.ntce_at,p1_0.stopvew_setup_at,p1_0.last_updusr_id,p1_0.last_updt_pnttm,p1_0.ntce_bgnde,p1_0.ntce_endde,p1_0.popup_vrticl_lc,p1_0.popup_vrticl_size,p1_0.popup_sj_nm,p1_0.popup_width_lc,p1_0.popup_width_size from npopupmanage p1_0 where p1_0.ntce_at='Y' and ? between p1_0.ntce_bgnde and p1_0.ntce_endde
2026-03-16 16:55:05 [http-nio-8080-exec-7] DEBUG o.s.orm.jpa.JpaTransactionManager - Closing JPA EntityManager [SessionImpl(555360410<open>)] after transaction
2026-03-16 16:55:05 [http-nio-8080-exec-7] DEBUG c.c.p.s.jwt.JwtAuthenticationFilter - >>> [JwtFilter] Successfully authenticated user: USRCNFRM_99999999999, Authorities: [ROLE_ADMIN]
2026-03-16 16:55:05 [http-nio-8080-exec-5] DEBUG o.s.orm.jpa.JpaTransactionManager - Initiating transaction commit
2026-03-16 16:55:05 [http-nio-8080-exec-7] DEBUG o.s.web.servlet.DispatcherServlet - GET "/api/v1/admin/system/banners/reflected", parameters={}
2026-03-16 16:55:05 [http-nio-8080-exec-5] DEBUG o.s.orm.jpa.JpaTransactionManager - Committing JPA transaction on EntityManager [SessionImpl(330434654<open>)]
2026-03-16 16:55:05 [http-nio-8080-exec-7] TRACE o.s.w.s.m.m.a.RequestMappingHandlerMapping - Mapped to com.company.project.api.controller.system.content.banner.BannerApiController#getReflectedBanners()
2026-03-16 16:55:05 [http-nio-8080-exec-7] DEBUG o.s.orm.jpa.JpaTransactionManager - Creating new transaction with name [com.company.project.service.system.content.banner.BannerService.getReflectedBanners]: PROPAGATION_REQUIRED,ISOLATION_DEFAULT,readOnly
2026-03-16 16:55:05 [http-nio-8080-exec-7] DEBUG o.s.orm.jpa.JpaTransactionManager - Opened new EntityManager [SessionImpl(1587131819<open>)] for JPA transaction
2026-03-16 16:55:05 [http-nio-8080-exec-7] DEBUG o.s.orm.jpa.JpaTransactionManager - Exposing JPA transaction as JDBC [org.springframework.orm.jpa.vendor.HibernateJpaDialect$HibernateConnectionHandle@603a39fa]
2026-03-16 16:55:05 [http-nio-8080-exec-7] DEBUG org.hibernate.SQL - select b1_0.banner_id,b1_0.banner_dc,b1_0.banner_image,b1_0.banner_image_file,b1_0.banner_nm,b1_0.frst_register_id,b1_0.frst_regist_pnttm,b1_0.last_updusr_id,b1_0.last_updt_pnttm,b1_0.link_url,b1_0.reflct_at,b1_0.sort_ordr from nbanner b1_0 where b1_0.reflct_at=? order by b1_0.sort_ordr
2026-03-16 16:55:05 [http-nio-8080-exec-1] DEBUG o.s.orm.jpa.JpaTransactionManager - Closing JPA EntityManager [SessionImpl(612666058<open>)] after transaction
2026-03-16 16:55:05 [http-nio-8080-exec-1] DEBUG c.c.p.s.jwt.JwtAuthenticationFilter - >>> [JwtFilter] Successfully authenticated user: USRCNFRM_99999999999, Authorities: [ROLE_ADMIN]
2026-03-16 16:55:05 [http-nio-8080-exec-1] DEBUG o.s.web.servlet.DispatcherServlet - GET "/api/v1/notifications", parameters={}
2026-03-16 16:55:05 [http-nio-8080-exec-1] TRACE o.s.w.s.m.m.a.RequestMappingHandlerMapping - Mapped to com.company.project.api.controller.notification.NotificationController#getMyNotifications(UserDetails)
2026-03-16 16:55:05 [http-nio-8080-exec-1] DEBUG o.s.orm.jpa.JpaTransactionManager - Creating new transaction with name [com.company.project.service.notification.NotificationService.getActiveNotifications]: PROPAGATION_REQUIRED,ISOLATION_DEFAULT,readOnly
2026-03-16 16:55:05 [http-nio-8080-exec-1] DEBUG o.s.orm.jpa.JpaTransactionManager - Opened new EntityManager [SessionImpl(1350955027<open>)] for JPA transaction
2026-03-16 16:55:05 [http-nio-8080-exec-1] DEBUG o.s.orm.jpa.JpaTransactionManager - Exposing JPA transaction as JDBC [org.springframework.orm.jpa.vendor.HibernateJpaDialect$HibernateConnectionHandle@1f980693]
2026-03-16 16:55:05 [http-nio-8080-exec-1] DEBUG o.s.orm.jpa.JpaTransactionManager - Found thread-bound EntityManager [SessionImpl(1350955027<open>)] for JPA transaction
2026-03-16 16:55:05 [http-nio-8080-exec-1] DEBUG o.s.orm.jpa.JpaTransactionManager - Participating in existing transaction
2026-03-16 16:55:05 [http-nio-8080-exec-1] DEBUG org.hibernate.SQL - select n1_0.ntcn_no,n1_0.frst_register_id,n1_0.frst_regist_pnttm,n1_0.is_read,n1_0.last_updusr_id,n1_0.last_updt_pnttm,n1_0.link_url,n1_0.ntcn_cn,n1_0.ntcn_sj,n1_0.receiver_id from n_user_notification n1_0
2026-03-16 16:55:05 [http-nio-8080-exec-2] DEBUG o.s.orm.jpa.JpaTransactionManager - Initiating transaction commit
2026-03-16 16:55:05 [http-nio-8080-exec-2] DEBUG o.s.orm.jpa.JpaTransactionManager - Committing JPA transaction on EntityManager [SessionImpl(850643362<open>)]
2026-03-16 16:55:05 [http-nio-8080-exec-5] DEBUG o.s.orm.jpa.JpaTransactionManager - Closing JPA EntityManager [SessionImpl(330434654<open>)] after transaction
2026-03-16 16:55:05 [http-nio-8080-exec-5] DEBUG c.c.p.s.jwt.JwtAuthenticationFilter - >>> [JwtFilter] Successfully authenticated user: USRCNFRM_99999999999, Authorities: [ROLE_ADMIN]
2026-03-16 16:55:05 [http-nio-8080-exec-7] DEBUG o.s.orm.jpa.JpaTransactionManager - Initiating transaction commit
2026-03-16 16:55:05 [http-nio-8080-exec-7] DEBUG o.s.orm.jpa.JpaTransactionManager - Committing JPA transaction on EntityManager [SessionImpl(1587131819<open>)]
2026-03-16 16:55:05 [http-nio-8080-exec-5] DEBUG o.s.web.servlet.DispatcherServlet - GET "/api/v1/notifications/unread-count", parameters={}
2026-03-16 16:55:05 [http-nio-8080-exec-5] TRACE o.s.w.s.m.m.a.RequestMappingHandlerMapping - Mapped to com.company.project.api.controller.notification.NotificationController#getUnreadCount(UserDetails)
2026-03-16 16:55:05 [http-nio-8080-exec-5] DEBUG o.s.orm.jpa.JpaTransactionManager - Creating new transaction with name [com.company.project.service.notification.NotificationService.getUnreadCount]: PROPAGATION_REQUIRED,ISOLATION_DEFAULT,readOnly
2026-03-16 16:55:05 [http-nio-8080-exec-5] DEBUG o.s.orm.jpa.JpaTransactionManager - Opened new EntityManager [SessionImpl(1273016187<open>)] for JPA transaction
2026-03-16 16:55:05 [http-nio-8080-exec-5] DEBUG o.s.orm.jpa.JpaTransactionManager - Exposing JPA transaction as JDBC [org.springframework.orm.jpa.vendor.HibernateJpaDialect$HibernateConnectionHandle@4c476472]
2026-03-16 16:55:05 [http-nio-8080-exec-5] DEBUG org.hibernate.SQL - select count(n1_0.ntcn_no) from n_user_notification n1_0 where n1_0.receiver_id=? and n1_0.is_read=?
2026-03-16 16:55:06 [http-nio-8080-exec-9] DEBUG o.s.orm.jpa.JpaTransactionManager - Found thread-bound EntityManager [SessionImpl(1398194305<open>)] for JPA transaction
2026-03-16 16:55:06 [http-nio-8080-exec-9] DEBUG o.s.orm.jpa.JpaTransactionManager - Participating in existing transaction
2026-03-16 16:55:06 [http-nio-8080-exec-9] DEBUG org.hibernate.SQL - select p1_0.progrm_file_nm,p1_0.progrm_dc,p1_0.progrm_korean_nm,p1_0.progrm_stre_path,p1_0.url from nprogrmlist p1_0
2026-03-16 16:55:06 [http-nio-8080-exec-1] DEBUG o.s.orm.jpa.JpaTransactionManager - Initiating transaction commit
2026-03-16 16:55:06 [http-nio-8080-exec-1] DEBUG o.s.orm.jpa.JpaTransactionManager - Committing JPA transaction on EntityManager [SessionImpl(1350955027<open>)]
2026-03-16 16:55:06 [http-nio-8080-exec-2] DEBUG o.s.orm.jpa.JpaTransactionManager - Closing JPA EntityManager [SessionImpl(850643362<open>)] after transaction
2026-03-16 16:55:06 [http-nio-8080-exec-2] DEBUG o.s.w.s.m.m.a.HttpEntityMethodProcessor - Using 'application/json', given [application/json, text/plain, */*] and supported [application/json, application/*+json, application/yaml]
2026-03-16 16:55:06 [http-nio-8080-exec-2] TRACE o.s.w.s.m.m.a.HttpEntityMethodProcessor - Writing [ApiResponse[success=true, status=200, code=COMMON_001, message=Success, data=[], timestamp=2026-03-16T16:55:06.104954300]]
2026-03-16 16:55:06 [http-nio-8080-exec-2] INFO  c.c.p.a.i.OperationalAuditInterceptor - API Audit Log: URL=/api/v1/popups/active, User=webmaster, IP=127.0.0.1
2026-03-16 16:55:06 [http-nio-8080-exec-2] DEBUG o.s.web.servlet.DispatcherServlet - Completed 200 OK
2026-03-16 16:55:06 [http-nio-8080-exec-7] DEBUG o.s.orm.jpa.JpaTransactionManager - Closing JPA EntityManager [SessionImpl(1587131819<open>)] after transaction
2026-03-16 16:55:06 [http-nio-8080-exec-7] DEBUG o.s.w.s.m.m.a.HttpEntityMethodProcessor - Using 'application/json', given [application/json, text/plain, */*] and supported [application/json, application/*+json, application/yaml]
2026-03-16 16:55:06 [http-nio-8080-exec-7] TRACE o.s.w.s.m.m.a.HttpEntityMethodProcessor - Writing [ApiResponse[success=true, status=200, code=COMMON_001, message=Success, data=[], timestamp=2026-03-16T16:55:06.129935600]]
2026-03-16 16:55:06 [http-nio-8080-exec-7] INFO  c.c.p.a.i.OperationalAuditInterceptor - API Audit Log: URL=/api/v1/admin/system/banners/reflected, User=webmaster, IP=127.0.0.1
2026-03-16 16:55:06 [http-nio-8080-exec-7] DEBUG o.s.web.servlet.DispatcherServlet - Completed 200 OK
2026-03-16 16:55:06 [http-nio-8080-exec-5] DEBUG o.s.orm.jpa.JpaTransactionManager - Initiating transaction commit
2026-03-16 16:55:06 [http-nio-8080-exec-5] DEBUG o.s.orm.jpa.JpaTransactionManager - Committing JPA transaction on EntityManager [SessionImpl(1273016187<open>)]
2026-03-16 16:55:06 [http-nio-8080-exec-4] DEBUG c.c.p.s.jwt.JwtAuthenticationFilter - >>> [JwtFilter] Processing request: GET /api/v1/admin/system/statistics/connect
2026-03-16 16:55:06 [http-nio-8080-exec-4] DEBUG c.c.p.s.jwt.JwtAuthenticationFilter - >>> [JwtFilter] Found token in header for path: /api/v1/admin/system/statistics/connect
2026-03-16 16:55:06 [http-nio-8080-exec-4] DEBUG o.s.orm.jpa.JpaTransactionManager - Creating new transaction with name [com.company.project.security.iam.CustomUserDetailsService.loadUserByUsername]: PROPAGATION_REQUIRED,ISOLATION_DEFAULT,readOnly
2026-03-16 16:55:06 [http-nio-8080-exec-4] DEBUG o.s.orm.jpa.JpaTransactionManager - Opened new EntityManager [SessionImpl(1486122126<open>)] for JPA transaction
2026-03-16 16:55:06 [http-nio-8080-exec-9] DEBUG o.s.orm.jpa.JpaTransactionManager - Initiating transaction commit
2026-03-16 16:55:06 [http-nio-8080-exec-9] DEBUG o.s.orm.jpa.JpaTransactionManager - Committing JPA transaction on EntityManager [SessionImpl(1398194305<open>)]
2026-03-16 16:55:06 [http-nio-8080-exec-1] DEBUG o.s.orm.jpa.JpaTransactionManager - Closing JPA EntityManager [SessionImpl(1350955027<open>)] after transaction
2026-03-16 16:55:06 [http-nio-8080-exec-1] DEBUG o.s.w.s.m.m.a.HttpEntityMethodProcessor - Using 'application/json', given [application/json, text/plain, */*] and supported [application/json, application/*+json, application/yaml]
2026-03-16 16:55:06 [http-nio-8080-exec-1] TRACE o.s.w.s.m.m.a.HttpEntityMethodProcessor - Writing [ApiResponse[success=true, status=200, code=COMMON_001, message=Success, data=[NotificationDto(ntfcNo=NT001, ntfcSj=테스트 알림입니다, ntfcCn=알림 내용입니다, ntfcDate=null, ntfcTime=2026-02-25T00:59:33.784070, bhNtfcIntrvl=null, uniqId=null, frstRegisterId=null, frstRegisterPnttm=2026-02-25T00:59:33.784070, lastUpdusrId=null, lastUpdusrPnttm=null)], timestamp=2026-03-16T16:55:06.250388400]]
2026-03-16 16:55:06 [http-nio-8080-exec-1] INFO  c.c.p.a.i.OperationalAuditInterceptor - API Audit Log: URL=/api/v1/notifications, User=webmaster, IP=127.0.0.1
2026-03-16 16:55:06 [http-nio-8080-exec-1] DEBUG o.s.web.servlet.DispatcherServlet - Completed 200 OK
2026-03-16 16:55:06 [http-nio-8080-exec-5] DEBUG o.s.orm.jpa.JpaTransactionManager - Closing JPA EntityManager [SessionImpl(1273016187<open>)] after transaction
2026-03-16 16:55:06 [http-nio-8080-exec-4] DEBUG o.s.orm.jpa.JpaTransactionManager - Exposing JPA transaction as JDBC [org.springframework.orm.jpa.vendor.HibernateJpaDialect$HibernateConnectionHandle@1924ddad]
2026-03-16 16:55:06 [http-nio-8080-exec-4] DEBUG o.s.orm.jpa.JpaTransactionManager - Found thread-bound EntityManager [SessionImpl(1486122126<open>)] for JPA transaction
2026-03-16 16:55:06 [http-nio-8080-exec-4] DEBUG o.s.orm.jpa.JpaTransactionManager - Participating in existing transaction
2026-03-16 16:55:06 [http-nio-8080-exec-5] DEBUG o.s.w.s.m.m.a.HttpEntityMethodProcessor - Using 'application/json', given [application/json, text/plain, */*] and supported [application/json, application/*+json, application/yaml]
2026-03-16 16:55:06 [http-nio-8080-exec-5] TRACE o.s.w.s.m.m.a.HttpEntityMethodProcessor - Writing [ApiResponse[success=true, status=200, code=COMMON_001, message=Success, data=0, timestamp=2026-03-16T16:55:06.306519]]
2026-03-16 16:55:06 [http-nio-8080-exec-4] DEBUG org.hibernate.SQL - select u1_0.emplyr_id,u1_0.area_no,u1_0.brthdy,u1_0.chg_pwd_cnt,u1_0.frst_register_id,u1_0.frst_regist_pnttm,u1_0.detail_adres,u1_0.email_adres,u1_0.emplyr_sttus_code,u1_0.empl_no,u1_0.esntl_id,u1_0.fxnum,u1_0.group_id,u1_0.house_adres,u1_0.house_end_telno,u1_0.house_middle_telno,u1_0.ihidnum,u1_0.pstinst_code,u1_0.last_updusr_id,u1_0.last_updt_pnttm,u1_0.lock_at,u1_0.lock_cnt,u1_0.lock_last_pnttm,u1_0.mbtlnum,u1_0.ofcps_nm,u1_0.offm_telno,u1_0.orgnzt_id,u1_0.password,u1_0.password_cnsr,u1_0.password_hint,u1_0.chg_pwd_last_pnttm,u1_0.role,u1_0.sbscrb_de,u1_0.sexdstn_code,u1_0.crtfc_dn_value,u1_0.user_nm,u1_0.zip from nemplyrinfo u1_0 where u1_0.emplyr_id=?
2026-03-16 16:55:06 [http-nio-8080-exec-5] INFO  c.c.p.a.i.OperationalAuditInterceptor - API Audit Log: URL=/api/v1/notifications/unread-count, User=webmaster, IP=127.0.0.1
2026-03-16 16:55:06 [http-nio-8080-exec-5] DEBUG o.s.web.servlet.DispatcherServlet - Completed 200 OK
2026-03-16 16:55:06 [http-nio-8080-exec-9] DEBUG o.s.orm.jpa.JpaTransactionManager - Closing JPA EntityManager [SessionImpl(1398194305<open>)] after transaction
2026-03-16 16:55:06 [http-nio-8080-exec-9] INFO  c.c.p.a.c.menu.MenuController - getLeftMenu returned 3 items
2026-03-16 16:55:06 [http-nio-8080-exec-9] DEBUG o.s.w.s.m.m.a.HttpEntityMethodProcessor - Using 'application/json', given [application/json, text/plain, */*] and supported [application/json, application/*+json, application/yaml]
2026-03-16 16:55:06 [http-nio-8080-exec-9] TRACE o.s.w.s.m.m.a.HttpEntityMethodProcessor - Writing [ApiResponse[success=true, status=200, code=COMMON_001, message=Success, data={list=[com.company.project.service.menu.dto.MenuDto@45d4b296, com.company.project.service.menu.dto.MenuDto@24f4f349, com.company.project.service.menu.dto.MenuDto@15790354]}, timestamp=2026-03-16T16:55:06.364395]]
2026-03-16 16:55:06 [http-nio-8080-exec-9] INFO  c.c.p.a.i.OperationalAuditInterceptor - API Audit Log: URL=/api/v1/menu/left, User=webmaster, IP=127.0.0.1
2026-03-16 16:55:06 [http-nio-8080-exec-9] DEBUG o.s.web.servlet.DispatcherServlet - Completed 200 OK
2026-03-16 16:55:06 [http-nio-8080-exec-6] DEBUG c.c.p.s.jwt.JwtAuthenticationFilter - >>> [JwtFilter] Processing request: GET /api/v1/menu/left
2026-03-16 16:55:06 [http-nio-8080-exec-6] DEBUG c.c.p.s.jwt.JwtAuthenticationFilter - >>> [JwtFilter] Found token in header for path: /api/v1/menu/left
2026-03-16 16:55:06 [http-nio-8080-exec-6] DEBUG o.s.orm.jpa.JpaTransactionManager - Creating new transaction with name [com.company.project.security.iam.CustomUserDetailsService.loadUserByUsername]: PROPAGATION_REQUIRED,ISOLATION_DEFAULT,readOnly
2026-03-16 16:55:06 [http-nio-8080-exec-6] DEBUG o.s.orm.jpa.JpaTransactionManager - Opened new EntityManager [SessionImpl(370857630<open>)] for JPA transaction
2026-03-16 16:55:06 [http-nio-8080-exec-4] DEBUG o.s.orm.jpa.JpaTransactionManager - Found thread-bound EntityManager [SessionImpl(1486122126<open>)] for JPA transaction
2026-03-16 16:55:06 [http-nio-8080-exec-4] DEBUG o.s.orm.jpa.JpaTransactionManager - Participating in existing transaction
2026-03-16 16:55:06 [http-nio-8080-exec-4] DEBUG org.hibernate.SQL - select ua1_0.scrty_dtrmn_trget_id,ua1_0.author_code,ua1_0.frst_register_id,ua1_0.frst_regist_pnttm,ua1_0.last_updusr_id,ua1_0.last_updt_pnttm,ua1_0.mber_ty_code from nemplyrscrtyestbs ua1_0 where ua1_0.scrty_dtrmn_trget_id=?
2026-03-16 16:55:06 [MessageBroker-6] DEBUG o.s.w.s.s.t.h.DefaultSockJsService - Closed 1 sessions: [0jf40ko0]
2026-03-16 16:55:06 [http-nio-8080-exec-6] DEBUG o.s.orm.jpa.JpaTransactionManager - Exposing JPA transaction as JDBC [org.springframework.orm.jpa.vendor.HibernateJpaDialect$HibernateConnectionHandle@139db1cb]
2026-03-16 16:55:06 [http-nio-8080-exec-6] DEBUG o.s.orm.jpa.JpaTransactionManager - Found thread-bound EntityManager [SessionImpl(370857630<open>)] for JPA transaction
2026-03-16 16:55:06 [http-nio-8080-exec-6] DEBUG o.s.orm.jpa.JpaTransactionManager - Participating in existing transaction
2026-03-16 16:55:06 [http-nio-8080-exec-6] DEBUG org.hibernate.SQL - select u1_0.emplyr_id,u1_0.area_no,u1_0.brthdy,u1_0.chg_pwd_cnt,u1_0.frst_register_id,u1_0.frst_regist_pnttm,u1_0.detail_adres,u1_0.email_adres,u1_0.emplyr_sttus_code,u1_0.empl_no,u1_0.esntl_id,u1_0.fxnum,u1_0.group_id,u1_0.house_adres,u1_0.house_end_telno,u1_0.house_middle_telno,u1_0.ihidnum,u1_0.pstinst_code,u1_0.last_updusr_id,u1_0.last_updt_pnttm,u1_0.lock_at,u1_0.lock_cnt,u1_0.lock_last_pnttm,u1_0.mbtlnum,u1_0.ofcps_nm,u1_0.offm_telno,u1_0.orgnzt_id,u1_0.password,u1_0.password_cnsr,u1_0.password_hint,u1_0.chg_pwd_last_pnttm,u1_0.role,u1_0.sbscrb_de,u1_0.sexdstn_code,u1_0.crtfc_dn_value,u1_0.user_nm,u1_0.zip from nemplyrinfo u1_0 where u1_0.emplyr_id=?
2026-03-16 16:55:06 [http-nio-8080-exec-4] DEBUG o.s.orm.jpa.JpaTransactionManager - Initiating transaction commit
2026-03-16 16:55:06 [http-nio-8080-exec-4] DEBUG o.s.orm.jpa.JpaTransactionManager - Committing JPA transaction on EntityManager [SessionImpl(1486122126<open>)]
2026-03-16 16:55:06 [http-nio-8080-exec-10] DEBUG c.c.p.s.jwt.JwtAuthenticationFilter - >>> [JwtFilter] Processing request: GET /api/v1/admin/system/statistics/bbs
2026-03-16 16:55:06 [http-nio-8080-exec-10] DEBUG c.c.p.s.jwt.JwtAuthenticationFilter - >>> [JwtFilter] Found token in header for path: /api/v1/admin/system/statistics/bbs
2026-03-16 16:55:06 [http-nio-8080-exec-10] DEBUG o.s.orm.jpa.JpaTransactionManager - Creating new transaction with name [com.company.project.security.iam.CustomUserDetailsService.loadUserByUsername]: PROPAGATION_REQUIRED,ISOLATION_DEFAULT,readOnly
2026-03-16 16:55:06 [http-nio-8080-exec-10] DEBUG o.s.orm.jpa.JpaTransactionManager - Opened new EntityManager [SessionImpl(634418821<open>)] for JPA transaction
2026-03-16 16:55:06 [http-nio-8080-exec-6] DEBUG o.s.orm.jpa.JpaTransactionManager - Found thread-bound EntityManager [SessionImpl(370857630<open>)] for JPA transaction
2026-03-16 16:55:06 [http-nio-8080-exec-6] DEBUG o.s.orm.jpa.JpaTransactionManager - Participating in existing transaction
2026-03-16 16:55:06 [http-nio-8080-exec-6] DEBUG org.hibernate.SQL - select ua1_0.scrty_dtrmn_trget_id,ua1_0.author_code,ua1_0.frst_register_id,ua1_0.frst_regist_pnttm,ua1_0.last_updusr_id,ua1_0.last_updt_pnttm,ua1_0.mber_ty_code from nemplyrscrtyestbs ua1_0 where ua1_0.scrty_dtrmn_trget_id=?
2026-03-16 16:55:06 [http-nio-8080-exec-4] DEBUG o.s.orm.jpa.JpaTransactionManager - Closing JPA EntityManager [SessionImpl(1486122126<open>)] after transaction
2026-03-16 16:55:06 [http-nio-8080-exec-4] DEBUG c.c.p.s.jwt.JwtAuthenticationFilter - >>> [JwtFilter] Successfully authenticated user: USRCNFRM_99999999999, Authorities: [ROLE_ADMIN]
2026-03-16 16:55:06 [http-nio-8080-exec-4] DEBUG o.s.web.servlet.DispatcherServlet - GET "/api/v1/admin/system/statistics/connect?statsKind=SERVICE", parameters={masked}
2026-03-16 16:55:06 [http-nio-8080-exec-4] DEBUG o.s.w.s.h.SimpleUrlHandlerMapping - Mapped to ResourceHttpRequestHandler [classpath [META-INF/resources/], classpath [resources/], classpath [static/], classpath [public/], ServletContext [/]]
2026-03-16 16:55:06 [http-nio-8080-exec-4] DEBUG o.s.w.s.r.ResourceHttpRequestHandler - Resource not found
2026-03-16 16:55:06 [http-nio-8080-exec-4] DEBUG o.s.w.s.m.m.a.ExceptionHandlerExceptionResolver - Using @ExceptionHandler com.company.project.core.exception.GlobalExceptionHandler#handleException(Exception)
2026-03-16 16:55:06 [http-nio-8080-exec-4] ERROR c.c.p.c.e.GlobalExceptionHandler - >>> Internal Server Error: No static resource api/v1/admin/system/statistics/connect.
org.springframework.web.servlet.resource.NoResourceFoundException: No static resource api/v1/admin/system/statistics/connect.
	at org.springframework.web.servlet.resource.ResourceHttpRequestHandler.handleRequest(ResourceHttpRequestHandler.java:585)
	at org.springframework.web.servlet.mvc.HttpRequestHandlerAdapter.handle(HttpRequestHandlerAdapter.java:52)
	at org.springframework.web.servlet.DispatcherServlet.doDispatch(DispatcherServlet.java:1088)
	at org.springframework.web.servlet.DispatcherServlet.doService(DispatcherServlet.java:978)
	at org.springframework.web.servlet.FrameworkServlet.processRequest(FrameworkServlet.java:1014)
	at org.springframework.web.servlet.FrameworkServlet.doGet(FrameworkServlet.java:903)
	at jakarta.servlet.http.HttpServlet.service(HttpServlet.java:527)
	at org.springframework.web.servlet.FrameworkServlet.service(FrameworkServlet.java:885)
	at jakarta.servlet.http.HttpServlet.service(HttpServlet.java:614)
	at org.apache.catalina.core.ApplicationFilterChain.internalDoFilter(ApplicationFilterChain.java:195)
	at org.apache.catalina.core.ApplicationFilterChain.doFilter(ApplicationFilterChain.java:140)
	at org.apache.tomcat.websocket.server.WsFilter.doFilter(WsFilter.java:51)
	at org.apache.catalina.core.ApplicationFilterChain.internalDoFilter(ApplicationFilterChain.java:164)
	at org.apache.catalina.core.ApplicationFilterChain.doFilter(ApplicationFilterChain.java:140)
	at org.springframework.web.filter.CompositeFilter$VirtualFilterChain.doFilter(CompositeFilter.java:108)
	at org.springframework.security.web.FilterChainProxy.lambda$doFilterInternal$3(FilterChainProxy.java:231)
	at org.springframework.security.web.ObservationFilterChainDecorator$FilterObservation$SimpleFilterObservation.lambda$wrap$1(ObservationFilterChainDecorator.java:479)
	at org.springframework.security.web.ObservationFilterChainDecorator$AroundFilterObservation$SimpleAroundFilterObservation.lambda$wrap$1(ObservationFilterChainDecorator.java:340)
	at org.springframework.security.web.ObservationFilterChainDecorator.lambda$wrapSecured$0(ObservationFilterChainDecorator.java:82)
	at org.springframework.security.web.ObservationFilterChainDecorator$VirtualFilterChain.doFilter(ObservationFilterChainDecorator.java:128)
	at org.springframework.security.web.access.intercept.AuthorizationFilter.doFilter(AuthorizationFilter.java:101)
	at org.springframework.security.web.ObservationFilterChainDecorator$ObservationFilter.wrapFilter(ObservationFilterChainDecorator.java:240)
	at org.springframework.security.web.ObservationFilterChainDecorator$ObservationFilter.doFilter(ObservationFilterChainDecorator.java:227)
	at org.springframework.security.web.ObservationFilterChainDecorator$VirtualFilterChain.doFilter(ObservationFilterChainDecorator.java:137)
	at org.springframework.security.web.access.ExceptionTranslationFilter.doFilter(ExceptionTranslationFilter.java:126)
	at org.springframework.security.web.access.ExceptionTranslationFilter.doFilter(ExceptionTranslationFilter.java:120)
	at org.springframework.security.web.ObservationFilterChainDecorator$ObservationFilter.wrapFilter(ObservationFilterChainDecorator.java:240)
	at org.springframework.security.web.ObservationFilterChainDecorator$ObservationFilter.doFilter(ObservationFilterChainDecorator.java:227)
	at org.springframework.security.web.ObservationFilterChainDecorator$VirtualFilterChain.doFilter(ObservationFilterChainDecorator.java:137)
	at org.springframework.security.web.session.SessionManagementFilter.doFilter(SessionManagementFilter.java:131)
	at org.springframework.security.web.session.SessionManagementFilter.doFilter(SessionManagementFilter.java:85)
	at org.springframework.security.web.ObservationFilterChainDecorator$ObservationFilter.wrapFilter(ObservationFilterChainDecorator.java:240)
	at org.springframework.security.web.ObservationFilterChainDecorator$ObservationFilter.doFilter(ObservationFilterChainDecorator.java:227)
	at org.springframework.security.web.ObservationFilterChainDecorator$VirtualFilterChain.doFilter(ObservationFilterChainDecorator.java:137)
	at org.springframework.security.web.authentication.AnonymousAuthenticationFilter.doFilter(AnonymousAuthenticationFilter.java:100)
	at org.springframework.security.web.ObservationFilterChainDecorator$ObservationFilter.wrapFilter(ObservationFilterChainDecorator.java:240)
	at org.springframework.security.web.ObservationFilterChainDecorator$ObservationFilter.doFilter(ObservationFilterChainDecorator.java:227)
	at org.springframework.security.web.ObservationFilterChainDecorator$VirtualFilterChain.doFilter(ObservationFilterChainDecorator.java:137)
	at org.springframework.security.web.servletapi.SecurityContextHolderAwareRequestFilter.doFilter(SecurityContextHolderAwareRequestFilter.java:179)
	at org.springframework.security.web.ObservationFilterChainDecorator$ObservationFilter.wrapFilter(ObservationFilterChainDecorator.java:240)
	at org.springframework.security.web.ObservationFilterChainDecorator$ObservationFilter.doFilter(ObservationFilterChainDecorator.java:227)
	at org.springframework.security.web.ObservationFilterChainDecorator$VirtualFilterChain.doFilter(ObservationFilterChainDecorator.java:137)
	at org.springframework.security.web.savedrequest.RequestCacheAwareFilter.doFilter(RequestCacheAwareFilter.java:63)
	at org.springframework.security.web.ObservationFilterChainDecorator$ObservationFilter.wrapFilter(ObservationFilterChainDecorator.java:240)
	at org.springframework.security.web.ObservationFilterChainDecorator$ObservationFilter.doFilter(ObservationFilterChainDecorator.java:227)
	at org.springframework.security.web.ObservationFilterChainDecorator$VirtualFilterChain.doFilter(ObservationFilterChainDecorator.java:137)
	at com.company.project.security.jwt.JwtAuthenticationFilter.doFilterInternal(JwtAuthenticationFilter.java:52)
	at org.springframework.web.filter.OncePerRequestFilter.doFilter(OncePerRequestFilter.java:116)
	at org.springframework.security.web.ObservationFilterChainDecorator$ObservationFilter.wrapFilter(ObservationFilterChainDecorator.java:240)
	at org.springframework.security.web.ObservationFilterChainDecorator$ObservationFilter.doFilter(ObservationFilterChainDecorator.java:227)
	at org.springframework.security.web.ObservationFilterChainDecorator$VirtualFilterChain.doFilter(ObservationFilterChainDecorator.java:137)
	at org.springframework.security.web.authentication.logout.LogoutFilter.doFilter(LogoutFilter.java:107)
	at org.springframework.security.web.authentication.logout.LogoutFilter.doFilter(LogoutFilter.java:93)
	at org.springframework.security.web.ObservationFilterChainDecorator$ObservationFilter.wrapFilter(ObservationFilterChainDecorator.java:240)
	at org.springframework.security.web.ObservationFilterChainDecorator$ObservationFilter.doFilter(ObservationFilterChainDecorator.java:227)
	at org.springframework.security.web.ObservationFilterChainDecorator$VirtualFilterChain.doFilter(ObservationFilterChainDecorator.java:137)
	at org.springframework.web.filter.CorsFilter.doFilterInternal(CorsFilter.java:91)
	at org.springframework.web.filter.OncePerRequestFilter.doFilter(OncePerRequestFilter.java:116)
	at org.springframework.security.web.ObservationFilterChainDecorator$ObservationFilter.wrapFilter(ObservationFilterChainDecorator.java:240)
	at org.springframework.security.web.ObservationFilterChainDecorator$ObservationFilter.doFilter(ObservationFilterChainDecorator.java:227)
	at org.springframework.security.web.ObservationFilterChainDecorator$VirtualFilterChain.doFilter(ObservationFilterChainDecorator.java:137)
	at org.springframework.security.web.header.HeaderWriterFilter.doHeadersAfter(HeaderWriterFilter.java:90)
	at org.springframework.security.web.header.HeaderWriterFilter.doFilterInternal(HeaderWriterFilter.java:75)
	at org.springframework.web.filter.OncePerRequestFilter.doFilter(OncePerRequestFilter.java:116)
	at org.springframework.security.web.ObservationFilterChainDecorator$ObservationFilter.wrapFilter(ObservationFilterChainDecorator.java:240)
	at org.springframework.security.web.ObservationFilterChainDecorator$ObservationFilter.doFilter(ObservationFilterChainDecorator.java:227)
	at org.springframework.security.web.ObservationFilterChainDecorator$VirtualFilterChain.doFilter(ObservationFilterChainDecorator.java:137)
	at org.springframework.security.web.context.SecurityContextHolderFilter.doFilter(SecurityContextHolderFilter.java:82)
	at org.springframework.security.web.context.SecurityContextHolderFilter.doFilter(SecurityContextHolderFilter.java:69)
	at org.springframework.security.web.ObservationFilterChainDecorator$ObservationFilter.wrapFilter(ObservationFilterChainDecorator.java:240)
	at org.springframework.security.web.ObservationFilterChainDecorator$ObservationFilter.doFilter(ObservationFilterChainDecorator.java:227)
	at org.springframework.security.web.ObservationFilterChainDecorator$VirtualFilterChain.doFilter(ObservationFilterChainDecorator.java:137)
	at org.springframework.security.web.context.request.async.WebAsyncManagerIntegrationFilter.doFilterInternal(WebAsyncManagerIntegrationFilter.java:62)
	at org.springframework.web.filter.OncePerRequestFilter.doFilter(OncePerRequestFilter.java:116)
	at org.springframework.security.web.ObservationFilterChainDecorator$ObservationFilter.wrapFilter(ObservationFilterChainDecorator.java:240)
	at org.springframework.security.web.ObservationFilterChainDecorator$ObservationFilter.doFilter(ObservationFilterChainDecorator.java:227)
	at org.springframework.security.web.ObservationFilterChainDecorator$VirtualFilterChain.doFilter(ObservationFilterChainDecorator.java:137)
	at org.springframework.security.web.session.DisableEncodeUrlFilter.doFilterInternal(DisableEncodeUrlFilter.java:42)
	at org.springframework.web.filter.OncePerRequestFilter.doFilter(OncePerRequestFilter.java:116)
	at org.springframework.security.web.ObservationFilterChainDecorator$ObservationFilter.wrapFilter(ObservationFilterChainDecorator.java:240)
	at org.springframework.security.web.ObservationFilterChainDecorator$AroundFilterObservation$SimpleAroundFilterObservation.lambda$wrap$0(ObservationFilterChainDecorator.java:323)
	at org.springframework.security.web.ObservationFilterChainDecorator$ObservationFilter.doFilter(ObservationFilterChainDecorator.java:224)
	at org.springframework.security.web.ObservationFilterChainDecorator$VirtualFilterChain.doFilter(ObservationFilterChainDecorator.java:137)
	at org.springframework.security.web.FilterChainProxy.doFilterInternal(FilterChainProxy.java:233)
	at org.springframework.security.web.FilterChainProxy.doFilter(FilterChainProxy.java:191)
	at org.springframework.web.filter.CompositeFilter$VirtualFilterChain.doFilter(CompositeFilter.java:113)
	at org.springframework.web.servlet.handler.HandlerMappingIntrospector.lambda$createCacheFilter$3(HandlerMappingIntrospector.java:243)
	at org.springframework.web.filter.CompositeFilter$VirtualFilterChain.doFilter(CompositeFilter.java:113)
	at org.springframework.web.filter.CompositeFilter.doFilter(CompositeFilter.java:74)
	at org.springframework.security.config.annotation.web.configuration.WebMvcSecurityConfiguration$CompositeFilterChainProxy.doFilter(WebMvcSecurityConfiguration.java:238)
	at org.springframework.web.filter.DelegatingFilterProxy.invokeDelegate(DelegatingFilterProxy.java:362)
	at org.springframework.web.filter.DelegatingFilterProxy.doFilter(DelegatingFilterProxy.java:278)
	at org.apache.catalina.core.ApplicationFilterChain.internalDoFilter(ApplicationFilterChain.java:164)
	at org.apache.catalina.core.ApplicationFilterChain.doFilter(ApplicationFilterChain.java:140)
	at org.springframework.web.filter.RequestContextFilter.doFilterInternal(RequestContextFilter.java:100)
	at org.springframework.web.filter.OncePerRequestFilter.doFilter(OncePerRequestFilter.java:116)
	at org.apache.catalina.core.ApplicationFilterChain.internalDoFilter(ApplicationFilterChain.java:164)
	at org.apache.catalina.core.ApplicationFilterChain.doFilter(ApplicationFilterChain.java:140)
	at org.springframework.web.filter.FormContentFilter.doFilterInternal(FormContentFilter.java:93)
	at org.springframework.web.filter.OncePerRequestFilter.doFilter(OncePerRequestFilter.java:116)
	at org.apache.catalina.core.ApplicationFilterChain.internalDoFilter(ApplicationFilterChain.java:164)
	at org.apache.catalina.core.ApplicationFilterChain.doFilter(ApplicationFilterChain.java:140)
	at org.springframework.web.filter.ServerHttpObservationFilter.doFilterInternal(ServerHttpObservationFilter.java:114)
	at org.springframework.web.filter.OncePerRequestFilter.doFilter(OncePerRequestFilter.java:116)
	at org.apache.catalina.core.ApplicationFilterChain.internalDoFilter(ApplicationFilterChain.java:164)
	at org.apache.catalina.core.ApplicationFilterChain.doFilter(ApplicationFilterChain.java:140)
	at org.springframework.web.filter.CharacterEncodingFilter.doFilterInternal(CharacterEncodingFilter.java:201)
	at org.springframework.web.filter.OncePerRequestFilter.doFilter(OncePerRequestFilter.java:116)
	at org.apache.catalina.core.ApplicationFilterChain.internalDoFilter(ApplicationFilterChain.java:164)
	at org.apache.catalina.core.ApplicationFilterChain.doFilter(ApplicationFilterChain.java:140)
	at org.apache.catalina.core.StandardWrapperValve.invoke(StandardWrapperValve.java:167)
	at org.apache.catalina.core.StandardContextValve.invoke(StandardContextValve.java:90)
	at org.apache.catalina.authenticator.AuthenticatorBase.invoke(AuthenticatorBase.java:483)
	at org.apache.catalina.core.StandardHostValve.invoke(StandardHostValve.java:115)
	at org.apache.catalina.valves.ErrorReportValve.invoke(ErrorReportValve.java:93)
	at org.apache.catalina.core.StandardEngineValve.invoke(StandardEngineValve.java:74)
	at org.apache.catalina.connector.CoyoteAdapter.service(CoyoteAdapter.java:344)
	at org.apache.coyote.http11.Http11Processor.service(Http11Processor.java:397)
	at org.apache.coyote.AbstractProcessorLight.process(AbstractProcessorLight.java:63)
	at org.apache.coyote.AbstractProtocol$ConnectionHandler.process(AbstractProtocol.java:905)
	at org.apache.tomcat.util.net.NioEndpoint$SocketProcessor.doRun(NioEndpoint.java:1741)
	at org.apache.tomcat.util.net.SocketProcessorBase.run(SocketProcessorBase.java:52)
	at org.apache.tomcat.util.threads.ThreadPoolExecutor.runWorker(ThreadPoolExecutor.java:1190)
	at org.apache.tomcat.util.threads.ThreadPoolExecutor$Worker.run(ThreadPoolExecutor.java:659)
	at org.apache.tomcat.util.threads.TaskThread$WrappingRunnable.run(TaskThread.java:63)
	at java.base/java.lang.Thread.run(Thread.java:1583)
2026-03-16 16:55:06 [http-nio-8080-exec-4] DEBUG o.s.w.s.m.m.a.HttpEntityMethodProcessor - Using 'application/json', given [application/json, text/plain, */*] and supported [application/json, application/*+json, application/yaml]
2026-03-16 16:55:06 [http-nio-8080-exec-4] TRACE o.s.w.s.m.m.a.HttpEntityMethodProcessor - Writing [ApiResponse[success=false, status=500, code=C004, message=예기치 않은 서버 오류가 발생했습니다., data=null, timestamp=2026-03-16T16:55:06.768969200]]
2026-03-16 16:55:06 [http-nio-8080-exec-4] DEBUG o.s.w.s.m.m.a.ExceptionHandlerExceptionResolver - Resolved [org.springframework.web.servlet.resource.NoResourceFoundException: No static resource api/v1/admin/system/statistics/connect.]
2026-03-16 16:55:06 [http-nio-8080-exec-4] DEBUG o.s.web.servlet.DispatcherServlet - Completed 500 INTERNAL_SERVER_ERROR
2026-03-16 16:55:06 [http-nio-8080-exec-10] DEBUG o.s.orm.jpa.JpaTransactionManager - Exposing JPA transaction as JDBC [org.springframework.orm.jpa.vendor.HibernateJpaDialect$HibernateConnectionHandle@216ce9b3]
2026-03-16 16:55:06 [http-nio-8080-exec-10] DEBUG o.s.orm.jpa.JpaTransactionManager - Found thread-bound EntityManager [SessionImpl(634418821<open>)] for JPA transaction
2026-03-16 16:55:06 [http-nio-8080-exec-10] DEBUG o.s.orm.jpa.JpaTransactionManager - Participating in existing transaction
2026-03-16 16:55:06 [http-nio-8080-exec-10] DEBUG org.hibernate.SQL - select u1_0.emplyr_id,u1_0.area_no,u1_0.brthdy,u1_0.chg_pwd_cnt,u1_0.frst_register_id,u1_0.frst_regist_pnttm,u1_0.detail_adres,u1_0.email_adres,u1_0.emplyr_sttus_code,u1_0.empl_no,u1_0.esntl_id,u1_0.fxnum,u1_0.group_id,u1_0.house_adres,u1_0.house_end_telno,u1_0.house_middle_telno,u1_0.ihidnum,u1_0.pstinst_code,u1_0.last_updusr_id,u1_0.last_updt_pnttm,u1_0.lock_at,u1_0.lock_cnt,u1_0.lock_last_pnttm,u1_0.mbtlnum,u1_0.ofcps_nm,u1_0.offm_telno,u1_0.orgnzt_id,u1_0.password,u1_0.password_cnsr,u1_0.password_hint,u1_0.chg_pwd_last_pnttm,u1_0.role,u1_0.sbscrb_de,u1_0.sexdstn_code,u1_0.crtfc_dn_value,u1_0.user_nm,u1_0.zip from nemplyrinfo u1_0 where u1_0.emplyr_id=?
2026-03-16 16:55:06 [http-nio-8080-exec-6] DEBUG o.s.orm.jpa.JpaTransactionManager - Initiating transaction commit
2026-03-16 16:55:06 [http-nio-8080-exec-6] DEBUG o.s.orm.jpa.JpaTransactionManager - Committing JPA transaction on EntityManager [SessionImpl(370857630<open>)]
2026-03-16 16:55:06 [http-nio-8080-exec-10] DEBUG o.s.orm.jpa.JpaTransactionManager - Found thread-bound EntityManager [SessionImpl(634418821<open>)] for JPA transaction
2026-03-16 16:55:06 [http-nio-8080-exec-10] DEBUG o.s.orm.jpa.JpaTransactionManager - Participating in existing transaction
2026-03-16 16:55:06 [http-nio-8080-exec-10] DEBUG org.hibernate.SQL - select ua1_0.scrty_dtrmn_trget_id,ua1_0.author_code,ua1_0.frst_register_id,ua1_0.frst_regist_pnttm,ua1_0.last_updusr_id,ua1_0.last_updt_pnttm,ua1_0.mber_ty_code from nemplyrscrtyestbs ua1_0 where ua1_0.scrty_dtrmn_trget_id=?
2026-03-16 16:55:07 [http-nio-8080-exec-6] DEBUG o.s.orm.jpa.JpaTransactionManager - Closing JPA EntityManager [SessionImpl(370857630<open>)] after transaction
2026-03-16 16:55:07 [http-nio-8080-exec-6] DEBUG c.c.p.s.jwt.JwtAuthenticationFilter - >>> [JwtFilter] Successfully authenticated user: USRCNFRM_99999999999, Authorities: [ROLE_ADMIN]
2026-03-16 16:55:07 [http-nio-8080-exec-6] DEBUG o.s.web.servlet.DispatcherServlet - GET "/api/v1/menu/left?menuNo=40", parameters={masked}
2026-03-16 16:55:07 [http-nio-8080-exec-6] TRACE o.s.w.s.m.m.a.RequestMappingHandlerMapping - Mapped to com.company.project.api.controller.menu.MenuController#getLeftMenu(Long)
2026-03-16 16:55:07 [http-nio-8080-exec-6] INFO  c.c.p.a.c.menu.MenuController - getLeftMenu called with menuNo=40
2026-03-16 16:55:07 [http-nio-8080-exec-6] DEBUG o.s.orm.jpa.JpaTransactionManager - Creating new transaction with name [com.company.project.service.menu.MenuService.getSubMenus]: PROPAGATION_REQUIRED,ISOLATION_DEFAULT,readOnly
2026-03-16 16:55:07 [http-nio-8080-exec-6] DEBUG o.s.orm.jpa.JpaTransactionManager - Opened new EntityManager [SessionImpl(2045138211<open>)] for JPA transaction
2026-03-16 16:55:07 [http-nio-8080-exec-6] DEBUG o.s.orm.jpa.JpaTransactionManager - Exposing JPA transaction as JDBC [org.springframework.orm.jpa.vendor.HibernateJpaDialect$HibernateConnectionHandle@8be341f]
2026-03-16 16:55:07 [http-nio-8080-exec-6] DEBUG org.hibernate.SQL - select m1_0.menu_no,m1_0.menu_dc,m1_0.menu_nm,m1_0.menu_ordr,m1_0.modern_route,m1_0.progrm_file_nm,m1_0.relate_image_nm,m1_0.relate_image_path,m1_0.route_updated_at,m1_0.upper_menu_no from nmenuinfo m1_0 order by m1_0.upper_menu_no,m1_0.menu_ordr
2026-03-16 16:55:07 [http-nio-8080-exec-10] DEBUG o.s.orm.jpa.JpaTransactionManager - Initiating transaction commit
2026-03-16 16:55:07 [http-nio-8080-exec-10] DEBUG o.s.orm.jpa.JpaTransactionManager - Committing JPA transaction on EntityManager [SessionImpl(634418821<open>)]
2026-03-16 16:55:07 [http-nio-8080-exec-10] DEBUG o.s.orm.jpa.JpaTransactionManager - Closing JPA EntityManager [SessionImpl(634418821<open>)] after transaction
2026-03-16 16:55:07 [http-nio-8080-exec-10] DEBUG c.c.p.s.jwt.JwtAuthenticationFilter - >>> [JwtFilter] Successfully authenticated user: USRCNFRM_99999999999, Authorities: [ROLE_ADMIN]
2026-03-16 16:55:07 [http-nio-8080-exec-10] DEBUG o.s.web.servlet.DispatcherServlet - GET "/api/v1/admin/system/statistics/bbs?statsKind=COM101", parameters={masked}
2026-03-16 16:55:07 [http-nio-8080-exec-10] DEBUG o.s.w.s.h.SimpleUrlHandlerMapping - Mapped to ResourceHttpRequestHandler [classpath [META-INF/resources/], classpath [resources/], classpath [static/], classpath [public/], ServletContext [/]]
2026-03-16 16:55:07 [http-nio-8080-exec-10] DEBUG o.s.w.s.r.ResourceHttpRequestHandler - Resource not found
2026-03-16 16:55:07 [http-nio-8080-exec-10] DEBUG o.s.w.s.m.m.a.ExceptionHandlerExceptionResolver - Using @ExceptionHandler com.company.project.core.exception.GlobalExceptionHandler#handleException(Exception)
2026-03-16 16:55:07 [http-nio-8080-exec-10] ERROR c.c.p.c.e.GlobalExceptionHandler - >>> Internal Server Error: No static resource api/v1/admin/system/statistics/bbs.
org.springframework.web.servlet.resource.NoResourceFoundException: No static resource api/v1/admin/system/statistics/bbs.
	at org.springframework.web.servlet.resource.ResourceHttpRequestHandler.handleRequest(ResourceHttpRequestHandler.java:585)
	at org.springframework.web.servlet.mvc.HttpRequestHandlerAdapter.handle(HttpRequestHandlerAdapter.java:52)
	at org.springframework.web.servlet.DispatcherServlet.doDispatch(DispatcherServlet.java:1088)
	at org.springframework.web.servlet.DispatcherServlet.doService(DispatcherServlet.java:978)
	at org.springframework.web.servlet.FrameworkServlet.processRequest(FrameworkServlet.java:1014)
	at org.springframework.web.servlet.FrameworkServlet.doGet(FrameworkServlet.java:903)
	at jakarta.servlet.http.HttpServlet.service(HttpServlet.java:527)
	at org.springframework.web.servlet.FrameworkServlet.service(FrameworkServlet.java:885)
	at jakarta.servlet.http.HttpServlet.service(HttpServlet.java:614)
	at org.apache.catalina.core.ApplicationFilterChain.internalDoFilter(ApplicationFilterChain.java:195)
	at org.apache.catalina.core.ApplicationFilterChain.doFilter(ApplicationFilterChain.java:140)
	at org.apache.tomcat.websocket.server.WsFilter.doFilter(WsFilter.java:51)
	at org.apache.catalina.core.ApplicationFilterChain.internalDoFilter(ApplicationFilterChain.java:164)
	at org.apache.catalina.core.ApplicationFilterChain.doFilter(ApplicationFilterChain.java:140)
	at org.springframework.web.filter.CompositeFilter$VirtualFilterChain.doFilter(CompositeFilter.java:108)
	at org.springframework.security.web.FilterChainProxy.lambda$doFilterInternal$3(FilterChainProxy.java:231)
	at org.springframework.security.web.ObservationFilterChainDecorator$FilterObservation$SimpleFilterObservation.lambda$wrap$1(ObservationFilterChainDecorator.java:479)
	at org.springframework.security.web.ObservationFilterChainDecorator$AroundFilterObservation$SimpleAroundFilterObservation.lambda$wrap$1(ObservationFilterChainDecorator.java:340)
	at org.springframework.security.web.ObservationFilterChainDecorator.lambda$wrapSecured$0(ObservationFilterChainDecorator.java:82)
	at org.springframework.security.web.ObservationFilterChainDecorator$VirtualFilterChain.doFilter(ObservationFilterChainDecorator.java:128)
	at org.springframework.security.web.access.intercept.AuthorizationFilter.doFilter(AuthorizationFilter.java:101)
	at org.springframework.security.web.ObservationFilterChainDecorator$ObservationFilter.wrapFilter(ObservationFilterChainDecorator.java:240)
	at org.springframework.security.web.ObservationFilterChainDecorator$ObservationFilter.doFilter(ObservationFilterChainDecorator.java:227)
	at org.springframework.security.web.ObservationFilterChainDecorator$VirtualFilterChain.doFilter(ObservationFilterChainDecorator.java:137)
	at org.springframework.security.web.access.ExceptionTranslationFilter.doFilter(ExceptionTranslationFilter.java:126)
	at org.springframework.security.web.access.ExceptionTranslationFilter.doFilter(ExceptionTranslationFilter.java:120)
	at org.springframework.security.web.ObservationFilterChainDecorator$ObservationFilter.wrapFilter(ObservationFilterChainDecorator.java:240)
	at org.springframework.security.web.ObservationFilterChainDecorator$ObservationFilter.doFilter(ObservationFilterChainDecorator.java:227)
	at org.springframework.security.web.ObservationFilterChainDecorator$VirtualFilterChain.doFilter(ObservationFilterChainDecorator.java:137)
	at org.springframework.security.web.session.SessionManagementFilter.doFilter(SessionManagementFilter.java:131)
	at org.springframework.security.web.session.SessionManagementFilter.doFilter(SessionManagementFilter.java:85)
	at org.springframework.security.web.ObservationFilterChainDecorator$ObservationFilter.wrapFilter(ObservationFilterChainDecorator.java:240)
	at org.springframework.security.web.ObservationFilterChainDecorator$ObservationFilter.doFilter(ObservationFilterChainDecorator.java:227)
	at org.springframework.security.web.ObservationFilterChainDecorator$VirtualFilterChain.doFilter(ObservationFilterChainDecorator.java:137)
	at org.springframework.security.web.authentication.AnonymousAuthenticationFilter.doFilter(AnonymousAuthenticationFilter.java:100)
	at org.springframework.security.web.ObservationFilterChainDecorator$ObservationFilter.wrapFilter(ObservationFilterChainDecorator.java:240)
	at org.springframework.security.web.ObservationFilterChainDecorator$ObservationFilter.doFilter(ObservationFilterChainDecorator.java:227)
	at org.springframework.security.web.ObservationFilterChainDecorator$VirtualFilterChain.doFilter(ObservationFilterChainDecorator.java:137)
	at org.springframework.security.web.servletapi.SecurityContextHolderAwareRequestFilter.doFilter(SecurityContextHolderAwareRequestFilter.java:179)
	at org.springframework.security.web.ObservationFilterChainDecorator$ObservationFilter.wrapFilter(ObservationFilterChainDecorator.java:240)
	at org.springframework.security.web.ObservationFilterChainDecorator$ObservationFilter.doFilter(ObservationFilterChainDecorator.java:227)
	at org.springframework.security.web.ObservationFilterChainDecorator$VirtualFilterChain.doFilter(ObservationFilterChainDecorator.java:137)
	at org.springframework.security.web.savedrequest.RequestCacheAwareFilter.doFilter(RequestCacheAwareFilter.java:63)
	at org.springframework.security.web.ObservationFilterChainDecorator$ObservationFilter.wrapFilter(ObservationFilterChainDecorator.java:240)
	at org.springframework.security.web.ObservationFilterChainDecorator$ObservationFilter.doFilter(ObservationFilterChainDecorator.java:227)
	at org.springframework.security.web.ObservationFilterChainDecorator$VirtualFilterChain.doFilter(ObservationFilterChainDecorator.java:137)
	at com.company.project.security.jwt.JwtAuthenticationFilter.doFilterInternal(JwtAuthenticationFilter.java:52)
	at org.springframework.web.filter.OncePerRequestFilter.doFilter(OncePerRequestFilter.java:116)
	at org.springframework.security.web.ObservationFilterChainDecorator$ObservationFilter.wrapFilter(ObservationFilterChainDecorator.java:240)
	at org.springframework.security.web.ObservationFilterChainDecorator$ObservationFilter.doFilter(ObservationFilterChainDecorator.java:227)
	at org.springframework.security.web.ObservationFilterChainDecorator$VirtualFilterChain.doFilter(ObservationFilterChainDecorator.java:137)
	at org.springframework.security.web.authentication.logout.LogoutFilter.doFilter(LogoutFilter.java:107)
	at org.springframework.security.web.authentication.logout.LogoutFilter.doFilter(LogoutFilter.java:93)
	at org.springframework.security.web.ObservationFilterChainDecorator$ObservationFilter.wrapFilter(ObservationFilterChainDecorator.java:240)
	at org.springframework.security.web.ObservationFilterChainDecorator$ObservationFilter.doFilter(ObservationFilterChainDecorator.java:227)
	at org.springframework.security.web.ObservationFilterChainDecorator$VirtualFilterChain.doFilter(ObservationFilterChainDecorator.java:137)
	at org.springframework.web.filter.CorsFilter.doFilterInternal(CorsFilter.java:91)
	at org.springframework.web.filter.OncePerRequestFilter.doFilter(OncePerRequestFilter.java:116)
	at org.springframework.security.web.ObservationFilterChainDecorator$ObservationFilter.wrapFilter(ObservationFilterChainDecorator.java:240)
	at org.springframework.security.web.ObservationFilterChainDecorator$ObservationFilter.doFilter(ObservationFilterChainDecorator.java:227)
	at org.springframework.security.web.ObservationFilterChainDecorator$VirtualFilterChain.doFilter(ObservationFilterChainDecorator.java:137)
	at org.springframework.security.web.header.HeaderWriterFilter.doHeadersAfter(HeaderWriterFilter.java:90)
	at org.springframework.security.web.header.HeaderWriterFilter.doFilterInternal(HeaderWriterFilter.java:75)
	at org.springframework.web.filter.OncePerRequestFilter.doFilter(OncePerRequestFilter.java:116)
	at org.springframework.security.web.ObservationFilterChainDecorator$ObservationFilter.wrapFilter(ObservationFilterChainDecorator.java:240)
	at org.springframework.security.web.ObservationFilterChainDecorator$ObservationFilter.doFilter(ObservationFilterChainDecorator.java:227)
	at org.springframework.security.web.ObservationFilterChainDecorator$VirtualFilterChain.doFilter(ObservationFilterChainDecorator.java:137)
	at org.springframework.security.web.context.SecurityContextHolderFilter.doFilter(SecurityContextHolderFilter.java:82)
	at org.springframework.security.web.context.SecurityContextHolderFilter.doFilter(SecurityContextHolderFilter.java:69)
	at org.springframework.security.web.ObservationFilterChainDecorator$ObservationFilter.wrapFilter(ObservationFilterChainDecorator.java:240)
	at org.springframework.security.web.ObservationFilterChainDecorator$ObservationFilter.doFilter(ObservationFilterChainDecorator.java:227)
	at org.springframework.security.web.ObservationFilterChainDecorator$VirtualFilterChain.doFilter(ObservationFilterChainDecorator.java:137)
	at org.springframework.security.web.context.request.async.WebAsyncManagerIntegrationFilter.doFilterInternal(WebAsyncManagerIntegrationFilter.java:62)
	at org.springframework.web.filter.OncePerRequestFilter.doFilter(OncePerRequestFilter.java:116)
	at org.springframework.security.web.ObservationFilterChainDecorator$ObservationFilter.wrapFilter(ObservationFilterChainDecorator.java:240)
	at org.springframework.security.web.ObservationFilterChainDecorator$ObservationFilter.doFilter(ObservationFilterChainDecorator.java:227)
	at org.springframework.security.web.ObservationFilterChainDecorator$VirtualFilterChain.doFilter(ObservationFilterChainDecorator.java:137)
	at org.springframework.security.web.session.DisableEncodeUrlFilter.doFilterInternal(DisableEncodeUrlFilter.java:42)
	at org.springframework.web.filter.OncePerRequestFilter.doFilter(OncePerRequestFilter.java:116)
	at org.springframework.security.web.ObservationFilterChainDecorator$ObservationFilter.wrapFilter(ObservationFilterChainDecorator.java:240)
	at org.springframework.security.web.ObservationFilterChainDecorator$AroundFilterObservation$SimpleAroundFilterObservation.lambda$wrap$0(ObservationFilterChainDecorator.java:323)
	at org.springframework.security.web.ObservationFilterChainDecorator$ObservationFilter.doFilter(ObservationFilterChainDecorator.java:224)
	at org.springframework.security.web.ObservationFilterChainDecorator$VirtualFilterChain.doFilter(ObservationFilterChainDecorator.java:137)
	at org.springframework.security.web.FilterChainProxy.doFilterInternal(FilterChainProxy.java:233)
	at org.springframework.security.web.FilterChainProxy.doFilter(FilterChainProxy.java:191)
	at org.springframework.web.filter.CompositeFilter$VirtualFilterChain.doFilter(CompositeFilter.java:113)
	at org.springframework.web.servlet.handler.HandlerMappingIntrospector.lambda$createCacheFilter$3(HandlerMappingIntrospector.java:243)
	at org.springframework.web.filter.CompositeFilter$VirtualFilterChain.doFilter(CompositeFilter.java:113)
	at org.springframework.web.filter.CompositeFilter.doFilter(CompositeFilter.java:74)
	at org.springframework.security.config.annotation.web.configuration.WebMvcSecurityConfiguration$CompositeFilterChainProxy.doFilter(WebMvcSecurityConfiguration.java:238)
	at org.springframework.web.filter.DelegatingFilterProxy.invokeDelegate(DelegatingFilterProxy.java:362)
	at org.springframework.web.filter.DelegatingFilterProxy.doFilter(DelegatingFilterProxy.java:278)
	at org.apache.catalina.core.ApplicationFilterChain.internalDoFilter(ApplicationFilterChain.java:164)
	at org.apache.catalina.core.ApplicationFilterChain.doFilter(ApplicationFilterChain.java:140)
	at org.springframework.web.filter.RequestContextFilter.doFilterInternal(RequestContextFilter.java:100)
	at org.springframework.web.filter.OncePerRequestFilter.doFilter(OncePerRequestFilter.java:116)
	at org.apache.catalina.core.ApplicationFilterChain.internalDoFilter(ApplicationFilterChain.java:164)
	at org.apache.catalina.core.ApplicationFilterChain.doFilter(ApplicationFilterChain.java:140)
	at org.springframework.web.filter.FormContentFilter.doFilterInternal(FormContentFilter.java:93)
	at org.springframework.web.filter.OncePerRequestFilter.doFilter(OncePerRequestFilter.java:116)
	at org.apache.catalina.core.ApplicationFilterChain.internalDoFilter(ApplicationFilterChain.java:164)
	at org.apache.catalina.core.ApplicationFilterChain.doFilter(ApplicationFilterChain.java:140)
	at org.springframework.web.filter.ServerHttpObservationFilter.doFilterInternal(ServerHttpObservationFilter.java:114)
	at org.springframework.web.filter.OncePerRequestFilter.doFilter(OncePerRequestFilter.java:116)
	at org.apache.catalina.core.ApplicationFilterChain.internalDoFilter(ApplicationFilterChain.java:164)
	at org.apache.catalina.core.ApplicationFilterChain.doFilter(ApplicationFilterChain.java:140)
	at org.springframework.web.filter.CharacterEncodingFilter.doFilterInternal(CharacterEncodingFilter.java:201)
	at org.springframework.web.filter.OncePerRequestFilter.doFilter(OncePerRequestFilter.java:116)
	at org.apache.catalina.core.ApplicationFilterChain.internalDoFilter(ApplicationFilterChain.java:164)
	at org.apache.catalina.core.ApplicationFilterChain.doFilter(ApplicationFilterChain.java:140)
	at org.apache.catalina.core.StandardWrapperValve.invoke(StandardWrapperValve.java:167)
	at org.apache.catalina.core.StandardContextValve.invoke(StandardContextValve.java:90)
	at org.apache.catalina.authenticator.AuthenticatorBase.invoke(AuthenticatorBase.java:483)
	at org.apache.catalina.core.StandardHostValve.invoke(StandardHostValve.java:115)
	at org.apache.catalina.valves.ErrorReportValve.invoke(ErrorReportValve.java:93)
	at org.apache.catalina.core.StandardEngineValve.invoke(StandardEngineValve.java:74)
	at org.apache.catalina.connector.CoyoteAdapter.service(CoyoteAdapter.java:344)
	at org.apache.coyote.http11.Http11Processor.service(Http11Processor.java:397)
	at org.apache.coyote.AbstractProcessorLight.process(AbstractProcessorLight.java:63)
	at org.apache.coyote.AbstractProtocol$ConnectionHandler.process(AbstractProtocol.java:905)
	at org.apache.tomcat.util.net.NioEndpoint$SocketProcessor.doRun(NioEndpoint.java:1741)
	at org.apache.tomcat.util.net.SocketProcessorBase.run(SocketProcessorBase.java:52)
	at org.apache.tomcat.util.threads.ThreadPoolExecutor.runWorker(ThreadPoolExecutor.java:1190)
	at org.apache.tomcat.util.threads.ThreadPoolExecutor$Worker.run(ThreadPoolExecutor.java:659)
	at org.apache.tomcat.util.threads.TaskThread$WrappingRunnable.run(TaskThread.java:63)
	at java.base/java.lang.Thread.run(Thread.java:1583)
2026-03-16 16:55:07 [http-nio-8080-exec-10] DEBUG o.s.w.s.m.m.a.HttpEntityMethodProcessor - Using 'application/json', given [application/json, text/plain, */*] and supported [application/json, application/*+json, application/yaml]
2026-03-16 16:55:07 [http-nio-8080-exec-10] TRACE o.s.w.s.m.m.a.HttpEntityMethodProcessor - Writing [ApiResponse[success=false, status=500, code=C004, message=예기치 않은 서버 오류가 발생했습니다., data=null, timestamp=2026-03-16T16:55:07.252274700]]
2026-03-16 16:55:07 [http-nio-8080-exec-10] DEBUG o.s.w.s.m.m.a.ExceptionHandlerExceptionResolver - Resolved [org.springframework.web.servlet.resource.NoResourceFoundException: No static resource api/v1/admin/system/statistics/bbs.]
2026-03-16 16:55:07 [http-nio-8080-exec-10] DEBUG o.s.web.servlet.DispatcherServlet - Completed 500 INTERNAL_SERVER_ERROR
2026-03-16 16:55:07 [http-nio-8080-exec-6] DEBUG o.s.orm.jpa.JpaTransactionManager - Found thread-bound EntityManager [SessionImpl(2045138211<open>)] for JPA transaction
2026-03-16 16:55:07 [http-nio-8080-exec-6] DEBUG o.s.orm.jpa.JpaTransactionManager - Participating in existing transaction
2026-03-16 16:55:07 [http-nio-8080-exec-6] DEBUG org.hibernate.SQL - select p1_0.progrm_file_nm,p1_0.progrm_dc,p1_0.progrm_korean_nm,p1_0.progrm_stre_path,p1_0.url from nprogrmlist p1_0
2026-03-16 16:55:07 [http-nio-8080-exec-6] DEBUG o.s.orm.jpa.JpaTransactionManager - Initiating transaction commit
2026-03-16 16:55:07 [http-nio-8080-exec-6] DEBUG o.s.orm.jpa.JpaTransactionManager - Committing JPA transaction on EntityManager [SessionImpl(2045138211<open>)]
2026-03-16 16:55:07 [http-nio-8080-exec-6] DEBUG o.s.orm.jpa.JpaTransactionManager - Closing JPA EntityManager [SessionImpl(2045138211<open>)] after transaction
2026-03-16 16:55:07 [http-nio-8080-exec-6] INFO  c.c.p.a.c.menu.MenuController - getLeftMenu returned 2 items
2026-03-16 16:55:07 [http-nio-8080-exec-6] DEBUG o.s.w.s.m.m.a.HttpEntityMethodProcessor - Using 'application/json', given [application/json, text/plain, */*] and supported [application/json, application/*+json, application/yaml]
2026-03-16 16:55:07 [http-nio-8080-exec-6] TRACE o.s.w.s.m.m.a.HttpEntityMethodProcessor - Writing [ApiResponse[success=true, status=200, code=COMMON_001, message=Success, data={list=[com.company.project.service.menu.dto.MenuDto@d56b0bd, com.company.project.service.menu.dto.MenuDto@7c7a7ad7]}, timestamp=2026-03-16T16:55:07.655791600]]
2026-03-16 16:55:07 [http-nio-8080-exec-6] INFO  c.c.p.a.i.OperationalAuditInterceptor - API Audit Log: URL=/api/v1/menu/left, User=webmaster, IP=127.0.0.1
2026-03-16 16:55:07 [http-nio-8080-exec-6] DEBUG o.s.web.servlet.DispatcherServlet - Completed 200 OK
2026-03-16 16:55:07 [http-nio-8080-exec-8] DEBUG c.c.p.s.jwt.JwtAuthenticationFilter - >>> [JwtFilter] Processing request: GET /api/v1/menu/left
2026-03-16 16:55:07 [http-nio-8080-exec-8] DEBUG c.c.p.s.jwt.JwtAuthenticationFilter - >>> [JwtFilter] Found token in header for path: /api/v1/menu/left
2026-03-16 16:55:07 [http-nio-8080-exec-8] DEBUG o.s.orm.jpa.JpaTransactionManager - Creating new transaction with name [com.company.project.security.iam.CustomUserDetailsService.loadUserByUsername]: PROPAGATION_REQUIRED,ISOLATION_DEFAULT,readOnly
2026-03-16 16:55:07 [http-nio-8080-exec-8] DEBUG o.s.orm.jpa.JpaTransactionManager - Opened new EntityManager [SessionImpl(764129895<open>)] for JPA transaction
2026-03-16 16:55:07 [http-nio-8080-exec-8] DEBUG o.s.orm.jpa.JpaTransactionManager - Exposing JPA transaction as JDBC [org.springframework.orm.jpa.vendor.HibernateJpaDialect$HibernateConnectionHandle@18fac6cc]
2026-03-16 16:55:07 [http-nio-8080-exec-8] DEBUG o.s.orm.jpa.JpaTransactionManager - Found thread-bound EntityManager [SessionImpl(764129895<open>)] for JPA transaction
2026-03-16 16:55:07 [http-nio-8080-exec-8] DEBUG o.s.orm.jpa.JpaTransactionManager - Participating in existing transaction
2026-03-16 16:55:07 [http-nio-8080-exec-8] DEBUG org.hibernate.SQL - select u1_0.emplyr_id,u1_0.area_no,u1_0.brthdy,u1_0.chg_pwd_cnt,u1_0.frst_register_id,u1_0.frst_regist_pnttm,u1_0.detail_adres,u1_0.email_adres,u1_0.emplyr_sttus_code,u1_0.empl_no,u1_0.esntl_id,u1_0.fxnum,u1_0.group_id,u1_0.house_adres,u1_0.house_end_telno,u1_0.house_middle_telno,u1_0.ihidnum,u1_0.pstinst_code,u1_0.last_updusr_id,u1_0.last_updt_pnttm,u1_0.lock_at,u1_0.lock_cnt,u1_0.lock_last_pnttm,u1_0.mbtlnum,u1_0.ofcps_nm,u1_0.offm_telno,u1_0.orgnzt_id,u1_0.password,u1_0.password_cnsr,u1_0.password_hint,u1_0.chg_pwd_last_pnttm,u1_0.role,u1_0.sbscrb_de,u1_0.sexdstn_code,u1_0.crtfc_dn_value,u1_0.user_nm,u1_0.zip from nemplyrinfo u1_0 where u1_0.emplyr_id=?
2026-03-16 16:55:07 [http-nio-8080-exec-8] DEBUG o.s.orm.jpa.JpaTransactionManager - Found thread-bound EntityManager [SessionImpl(764129895<open>)] for JPA transaction
2026-03-16 16:55:07 [http-nio-8080-exec-8] DEBUG o.s.orm.jpa.JpaTransactionManager - Participating in existing transaction
2026-03-16 16:55:07 [http-nio-8080-exec-8] DEBUG org.hibernate.SQL - select ua1_0.scrty_dtrmn_trget_id,ua1_0.author_code,ua1_0.frst_register_id,ua1_0.frst_regist_pnttm,ua1_0.last_updusr_id,ua1_0.last_updt_pnttm,ua1_0.mber_ty_code from nemplyrscrtyestbs ua1_0 where ua1_0.scrty_dtrmn_trget_id=?
2026-03-16 16:55:08 [http-nio-8080-exec-8] DEBUG o.s.orm.jpa.JpaTransactionManager - Initiating transaction commit
2026-03-16 16:55:08 [http-nio-8080-exec-8] DEBUG o.s.orm.jpa.JpaTransactionManager - Committing JPA transaction on EntityManager [SessionImpl(764129895<open>)]
2026-03-16 16:55:08 [http-nio-8080-exec-8] DEBUG o.s.orm.jpa.JpaTransactionManager - Closing JPA EntityManager [SessionImpl(764129895<open>)] after transaction
2026-03-16 16:55:08 [http-nio-8080-exec-8] DEBUG c.c.p.s.jwt.JwtAuthenticationFilter - >>> [JwtFilter] Successfully authenticated user: USRCNFRM_99999999999, Authorities: [ROLE_ADMIN]
2026-03-16 16:55:08 [http-nio-8080-exec-8] DEBUG o.s.web.servlet.DispatcherServlet - GET "/api/v1/menu/left?menuNo=50", parameters={masked}
2026-03-16 16:55:08 [http-nio-8080-exec-8] TRACE o.s.w.s.m.m.a.RequestMappingHandlerMapping - Mapped to com.company.project.api.controller.menu.MenuController#getLeftMenu(Long)
2026-03-16 16:55:08 [http-nio-8080-exec-8] INFO  c.c.p.a.c.menu.MenuController - getLeftMenu called with menuNo=50
2026-03-16 16:55:08 [http-nio-8080-exec-8] DEBUG o.s.orm.jpa.JpaTransactionManager - Creating new transaction with name [com.company.project.service.menu.MenuService.getSubMenus]: PROPAGATION_REQUIRED,ISOLATION_DEFAULT,readOnly
2026-03-16 16:55:08 [http-nio-8080-exec-8] DEBUG o.s.orm.jpa.JpaTransactionManager - Opened new EntityManager [SessionImpl(1228296469<open>)] for JPA transaction
2026-03-16 16:55:08 [http-nio-8080-exec-8] DEBUG o.s.orm.jpa.JpaTransactionManager - Exposing JPA transaction as JDBC [org.springframework.orm.jpa.vendor.HibernateJpaDialect$HibernateConnectionHandle@34c4d1a5]
2026-03-16 16:55:08 [http-nio-8080-exec-8] DEBUG org.hibernate.SQL - select m1_0.menu_no,m1_0.menu_dc,m1_0.menu_nm,m1_0.menu_ordr,m1_0.modern_route,m1_0.progrm_file_nm,m1_0.relate_image_nm,m1_0.relate_image_path,m1_0.route_updated_at,m1_0.upper_menu_no from nmenuinfo m1_0 order by m1_0.upper_menu_no,m1_0.menu_ordr
2026-03-16 16:55:08 [http-nio-8080-exec-8] DEBUG o.s.orm.jpa.JpaTransactionManager - Found thread-bound EntityManager [SessionImpl(1228296469<open>)] for JPA transaction
2026-03-16 16:55:08 [http-nio-8080-exec-8] DEBUG o.s.orm.jpa.JpaTransactionManager - Participating in existing transaction
2026-03-16 16:55:08 [http-nio-8080-exec-8] DEBUG org.hibernate.SQL - select p1_0.progrm_file_nm,p1_0.progrm_dc,p1_0.progrm_korean_nm,p1_0.progrm_stre_path,p1_0.url from nprogrmlist p1_0
2026-03-16 16:55:08 [http-nio-8080-exec-8] DEBUG o.s.orm.jpa.JpaTransactionManager - Initiating transaction commit
2026-03-16 16:55:08 [http-nio-8080-exec-8] DEBUG o.s.orm.jpa.JpaTransactionManager - Committing JPA transaction on EntityManager [SessionImpl(1228296469<open>)]
2026-03-16 16:55:08 [http-nio-8080-exec-8] DEBUG o.s.orm.jpa.JpaTransactionManager - Closing JPA EntityManager [SessionImpl(1228296469<open>)] after transaction
2026-03-16 16:55:08 [http-nio-8080-exec-8] INFO  c.c.p.a.c.menu.MenuController - getLeftMenu returned 3 items
2026-03-16 16:55:08 [http-nio-8080-exec-8] DEBUG o.s.w.s.m.m.a.HttpEntityMethodProcessor - Using 'application/json', given [application/json, text/plain, */*] and supported [application/json, application/*+json, application/yaml]
2026-03-16 16:55:08 [http-nio-8080-exec-8] TRACE o.s.w.s.m.m.a.HttpEntityMethodProcessor - Writing [ApiResponse[success=true, status=200, code=COMMON_001, message=Success, data={list=[com.company.project.service.menu.dto.MenuDto@692eba06, com.company.project.service.menu.dto.MenuDto@7fd96350, com.company.project.service.menu.dto.MenuDto@1957e0d7]}, timestamp=2026-03-16T16:55:08.920744800]]
2026-03-16 16:55:08 [http-nio-8080-exec-8] INFO  c.c.p.a.i.OperationalAuditInterceptor - API Audit Log: URL=/api/v1/menu/left, User=webmaster, IP=127.0.0.1
2026-03-16 16:55:08 [http-nio-8080-exec-8] DEBUG o.s.web.servlet.DispatcherServlet - Completed 200 OK
2026-03-16 16:55:08 [http-nio-8080-exec-4] DEBUG c.c.p.s.jwt.JwtAuthenticationFilter - >>> [JwtFilter] Processing request: GET /api/v1/menu/left
2026-03-16 16:55:08 [http-nio-8080-exec-4] DEBUG c.c.p.s.jwt.JwtAuthenticationFilter - >>> [JwtFilter] Found token in header for path: /api/v1/menu/left
2026-03-16 16:55:08 [http-nio-8080-exec-4] DEBUG o.s.orm.jpa.JpaTransactionManager - Creating new transaction with name [com.company.project.security.iam.CustomUserDetailsService.loadUserByUsername]: PROPAGATION_REQUIRED,ISOLATION_DEFAULT,readOnly
2026-03-16 16:55:08 [http-nio-8080-exec-4] DEBUG o.s.orm.jpa.JpaTransactionManager - Opened new EntityManager [SessionImpl(971161506<open>)] for JPA transaction
2026-03-16 16:55:09 [http-nio-8080-exec-4] DEBUG o.s.orm.jpa.JpaTransactionManager - Exposing JPA transaction as JDBC [org.springframework.orm.jpa.vendor.HibernateJpaDialect$HibernateConnectionHandle@b72933d]
2026-03-16 16:55:09 [http-nio-8080-exec-4] DEBUG o.s.orm.jpa.JpaTransactionManager - Found thread-bound EntityManager [SessionImpl(971161506<open>)] for JPA transaction
2026-03-16 16:55:09 [http-nio-8080-exec-4] DEBUG o.s.orm.jpa.JpaTransactionManager - Participating in existing transaction
2026-03-16 16:55:09 [http-nio-8080-exec-4] DEBUG org.hibernate.SQL - select u1_0.emplyr_id,u1_0.area_no,u1_0.brthdy,u1_0.chg_pwd_cnt,u1_0.frst_register_id,u1_0.frst_regist_pnttm,u1_0.detail_adres,u1_0.email_adres,u1_0.emplyr_sttus_code,u1_0.empl_no,u1_0.esntl_id,u1_0.fxnum,u1_0.group_id,u1_0.house_adres,u1_0.house_end_telno,u1_0.house_middle_telno,u1_0.ihidnum,u1_0.pstinst_code,u1_0.last_updusr_id,u1_0.last_updt_pnttm,u1_0.lock_at,u1_0.lock_cnt,u1_0.lock_last_pnttm,u1_0.mbtlnum,u1_0.ofcps_nm,u1_0.offm_telno,u1_0.orgnzt_id,u1_0.password,u1_0.password_cnsr,u1_0.password_hint,u1_0.chg_pwd_last_pnttm,u1_0.role,u1_0.sbscrb_de,u1_0.sexdstn_code,u1_0.crtfc_dn_value,u1_0.user_nm,u1_0.zip from nemplyrinfo u1_0 where u1_0.emplyr_id=?
2026-03-16 16:55:09 [http-nio-8080-exec-4] DEBUG o.s.orm.jpa.JpaTransactionManager - Found thread-bound EntityManager [SessionImpl(971161506<open>)] for JPA transaction
2026-03-16 16:55:09 [http-nio-8080-exec-4] DEBUG o.s.orm.jpa.JpaTransactionManager - Participating in existing transaction
2026-03-16 16:55:09 [http-nio-8080-exec-4] DEBUG org.hibernate.SQL - select ua1_0.scrty_dtrmn_trget_id,ua1_0.author_code,ua1_0.frst_register_id,ua1_0.frst_regist_pnttm,ua1_0.last_updusr_id,ua1_0.last_updt_pnttm,ua1_0.mber_ty_code from nemplyrscrtyestbs ua1_0 where ua1_0.scrty_dtrmn_trget_id=?
2026-03-16 16:55:09 [http-nio-8080-exec-4] DEBUG o.s.orm.jpa.JpaTransactionManager - Initiating transaction commit
2026-03-16 16:55:09 [http-nio-8080-exec-4] DEBUG o.s.orm.jpa.JpaTransactionManager - Committing JPA transaction on EntityManager [SessionImpl(971161506<open>)]
2026-03-16 16:55:09 [http-nio-8080-exec-4] DEBUG o.s.orm.jpa.JpaTransactionManager - Closing JPA EntityManager [SessionImpl(971161506<open>)] after transaction
2026-03-16 16:55:09 [http-nio-8080-exec-4] DEBUG c.c.p.s.jwt.JwtAuthenticationFilter - >>> [JwtFilter] Successfully authenticated user: USRCNFRM_99999999999, Authorities: [ROLE_ADMIN]
2026-03-16 16:55:09 [http-nio-8080-exec-4] DEBUG o.s.web.servlet.DispatcherServlet - GET "/api/v1/menu/left?menuNo=60", parameters={masked}
2026-03-16 16:55:09 [http-nio-8080-exec-4] TRACE o.s.w.s.m.m.a.RequestMappingHandlerMapping - Mapped to com.company.project.api.controller.menu.MenuController#getLeftMenu(Long)
2026-03-16 16:55:09 [http-nio-8080-exec-4] INFO  c.c.p.a.c.menu.MenuController - getLeftMenu called with menuNo=60
2026-03-16 16:55:09 [http-nio-8080-exec-4] DEBUG o.s.orm.jpa.JpaTransactionManager - Creating new transaction with name [com.company.project.service.menu.MenuService.getSubMenus]: PROPAGATION_REQUIRED,ISOLATION_DEFAULT,readOnly
2026-03-16 16:55:09 [http-nio-8080-exec-4] DEBUG o.s.orm.jpa.JpaTransactionManager - Opened new EntityManager [SessionImpl(256175199<open>)] for JPA transaction
2026-03-16 16:55:09 [http-nio-8080-exec-4] DEBUG o.s.orm.jpa.JpaTransactionManager - Exposing JPA transaction as JDBC [org.springframework.orm.jpa.vendor.HibernateJpaDialect$HibernateConnectionHandle@d3f9af0]
2026-03-16 16:55:09 [http-nio-8080-exec-4] DEBUG org.hibernate.SQL - select m1_0.menu_no,m1_0.menu_dc,m1_0.menu_nm,m1_0.menu_ordr,m1_0.modern_route,m1_0.progrm_file_nm,m1_0.relate_image_nm,m1_0.relate_image_path,m1_0.route_updated_at,m1_0.upper_menu_no from nmenuinfo m1_0 order by m1_0.upper_menu_no,m1_0.menu_ordr
2026-03-16 16:55:09 [http-nio-8080-exec-4] DEBUG o.s.orm.jpa.JpaTransactionManager - Found thread-bound EntityManager [SessionImpl(256175199<open>)] for JPA transaction
2026-03-16 16:55:09 [http-nio-8080-exec-4] DEBUG o.s.orm.jpa.JpaTransactionManager - Participating in existing transaction
2026-03-16 16:55:09 [http-nio-8080-exec-4] DEBUG org.hibernate.SQL - select p1_0.progrm_file_nm,p1_0.progrm_dc,p1_0.progrm_korean_nm,p1_0.progrm_stre_path,p1_0.url from nprogrmlist p1_0
2026-03-16 16:55:09 [http-nio-8080-exec-4] DEBUG o.s.orm.jpa.JpaTransactionManager - Initiating transaction commit
2026-03-16 16:55:09 [http-nio-8080-exec-4] DEBUG o.s.orm.jpa.JpaTransactionManager - Committing JPA transaction on EntityManager [SessionImpl(256175199<open>)]
2026-03-16 16:55:10 [http-nio-8080-exec-4] DEBUG o.s.orm.jpa.JpaTransactionManager - Closing JPA EntityManager [SessionImpl(256175199<open>)] after transaction
2026-03-16 16:55:10 [http-nio-8080-exec-4] INFO  c.c.p.a.c.menu.MenuController - getLeftMenu returned 1 items
2026-03-16 16:55:10 [http-nio-8080-exec-4] DEBUG o.s.w.s.m.m.a.HttpEntityMethodProcessor - Using 'application/json', given [application/json, text/plain, */*] and supported [application/json, application/*+json, application/yaml]
2026-03-16 16:55:10 [http-nio-8080-exec-4] TRACE o.s.w.s.m.m.a.HttpEntityMethodProcessor - Writing [ApiResponse[success=true, status=200, code=COMMON_001, message=Success, data={list=[com.company.project.service.menu.dto.MenuDto@ff29379]}, timestamp=2026-03-16T16:55:10.144892]]
2026-03-16 16:55:10 [http-nio-8080-exec-4] INFO  c.c.p.a.i.OperationalAuditInterceptor - API Audit Log: URL=/api/v1/menu/left, User=webmaster, IP=127.0.0.1
2026-03-16 16:55:10 [http-nio-8080-exec-4] DEBUG o.s.web.servlet.DispatcherServlet - Completed 200 OK
2026-03-16 16:55:11 [http-nio-8080-exec-6] DEBUG c.c.p.s.jwt.JwtAuthenticationFilter - >>> [JwtFilter] Processing request: GET /api/v1/admin/system/users
2026-03-16 16:55:11 [http-nio-8080-exec-10] DEBUG c.c.p.s.jwt.JwtAuthenticationFilter - >>> [JwtFilter] Processing request: GET /api/v1/menu/head
2026-03-16 16:55:11 [http-nio-8080-exec-6] DEBUG c.c.p.s.jwt.JwtAuthenticationFilter - >>> [JwtFilter] Found token in header for path: /api/v1/admin/system/users
2026-03-16 16:55:11 [http-nio-8080-exec-10] DEBUG c.c.p.s.jwt.JwtAuthenticationFilter - >>> [JwtFilter] Found token in header for path: /api/v1/menu/head
2026-03-16 16:55:11 [http-nio-8080-exec-10] DEBUG o.s.orm.jpa.JpaTransactionManager - Creating new transaction with name [com.company.project.security.iam.CustomUserDetailsService.loadUserByUsername]: PROPAGATION_REQUIRED,ISOLATION_DEFAULT,readOnly
2026-03-16 16:55:11 [http-nio-8080-exec-6] DEBUG o.s.orm.jpa.JpaTransactionManager - Creating new transaction with name [com.company.project.security.iam.CustomUserDetailsService.loadUserByUsername]: PROPAGATION_REQUIRED,ISOLATION_DEFAULT,readOnly
2026-03-16 16:55:11 [http-nio-8080-exec-10] DEBUG o.s.orm.jpa.JpaTransactionManager - Opened new EntityManager [SessionImpl(1725033390<open>)] for JPA transaction
2026-03-16 16:55:11 [http-nio-8080-exec-6] DEBUG o.s.orm.jpa.JpaTransactionManager - Opened new EntityManager [SessionImpl(63546569<open>)] for JPA transaction
2026-03-16 16:55:11 [http-nio-8080-exec-10] DEBUG o.s.orm.jpa.JpaTransactionManager - Exposing JPA transaction as JDBC [org.springframework.orm.jpa.vendor.HibernateJpaDialect$HibernateConnectionHandle@3cd7276]
2026-03-16 16:55:11 [http-nio-8080-exec-6] DEBUG o.s.orm.jpa.JpaTransactionManager - Exposing JPA transaction as JDBC [org.springframework.orm.jpa.vendor.HibernateJpaDialect$HibernateConnectionHandle@78aae376]
2026-03-16 16:55:11 [http-nio-8080-exec-10] DEBUG o.s.orm.jpa.JpaTransactionManager - Found thread-bound EntityManager [SessionImpl(1725033390<open>)] for JPA transaction
2026-03-16 16:55:11 [http-nio-8080-exec-6] DEBUG o.s.orm.jpa.JpaTransactionManager - Found thread-bound EntityManager [SessionImpl(63546569<open>)] for JPA transaction
2026-03-16 16:55:11 [http-nio-8080-exec-10] DEBUG o.s.orm.jpa.JpaTransactionManager - Participating in existing transaction
2026-03-16 16:55:11 [http-nio-8080-exec-6] DEBUG o.s.orm.jpa.JpaTransactionManager - Participating in existing transaction
2026-03-16 16:55:11 [http-nio-8080-exec-6] DEBUG org.hibernate.SQL - select u1_0.emplyr_id,u1_0.area_no,u1_0.brthdy,u1_0.chg_pwd_cnt,u1_0.frst_register_id,u1_0.frst_regist_pnttm,u1_0.detail_adres,u1_0.email_adres,u1_0.emplyr_sttus_code,u1_0.empl_no,u1_0.esntl_id,u1_0.fxnum,u1_0.group_id,u1_0.house_adres,u1_0.house_end_telno,u1_0.house_middle_telno,u1_0.ihidnum,u1_0.pstinst_code,u1_0.last_updusr_id,u1_0.last_updt_pnttm,u1_0.lock_at,u1_0.lock_cnt,u1_0.lock_last_pnttm,u1_0.mbtlnum,u1_0.ofcps_nm,u1_0.offm_telno,u1_0.orgnzt_id,u1_0.password,u1_0.password_cnsr,u1_0.password_hint,u1_0.chg_pwd_last_pnttm,u1_0.role,u1_0.sbscrb_de,u1_0.sexdstn_code,u1_0.crtfc_dn_value,u1_0.user_nm,u1_0.zip from nemplyrinfo u1_0 where u1_0.emplyr_id=?
2026-03-16 16:55:11 [http-nio-8080-exec-10] DEBUG org.hibernate.SQL - select u1_0.emplyr_id,u1_0.area_no,u1_0.brthdy,u1_0.chg_pwd_cnt,u1_0.frst_register_id,u1_0.frst_regist_pnttm,u1_0.detail_adres,u1_0.email_adres,u1_0.emplyr_sttus_code,u1_0.empl_no,u1_0.esntl_id,u1_0.fxnum,u1_0.group_id,u1_0.house_adres,u1_0.house_end_telno,u1_0.house_middle_telno,u1_0.ihidnum,u1_0.pstinst_code,u1_0.last_updusr_id,u1_0.last_updt_pnttm,u1_0.lock_at,u1_0.lock_cnt,u1_0.lock_last_pnttm,u1_0.mbtlnum,u1_0.ofcps_nm,u1_0.offm_telno,u1_0.orgnzt_id,u1_0.password,u1_0.password_cnsr,u1_0.password_hint,u1_0.chg_pwd_last_pnttm,u1_0.role,u1_0.sbscrb_de,u1_0.sexdstn_code,u1_0.crtfc_dn_value,u1_0.user_nm,u1_0.zip from nemplyrinfo u1_0 where u1_0.emplyr_id=?
2026-03-16 16:55:12 [http-nio-8080-exec-6] DEBUG o.s.orm.jpa.JpaTransactionManager - Found thread-bound EntityManager [SessionImpl(63546569<open>)] for JPA transaction
2026-03-16 16:55:12 [http-nio-8080-exec-6] DEBUG o.s.orm.jpa.JpaTransactionManager - Participating in existing transaction
2026-03-16 16:55:12 [http-nio-8080-exec-6] DEBUG org.hibernate.SQL - select ua1_0.scrty_dtrmn_trget_id,ua1_0.author_code,ua1_0.frst_register_id,ua1_0.frst_regist_pnttm,ua1_0.last_updusr_id,ua1_0.last_updt_pnttm,ua1_0.mber_ty_code from nemplyrscrtyestbs ua1_0 where ua1_0.scrty_dtrmn_trget_id=?
2026-03-16 16:55:12 [http-nio-8080-exec-10] DEBUG o.s.orm.jpa.JpaTransactionManager - Found thread-bound EntityManager [SessionImpl(1725033390<open>)] for JPA transaction
2026-03-16 16:55:12 [http-nio-8080-exec-10] DEBUG o.s.orm.jpa.JpaTransactionManager - Participating in existing transaction
2026-03-16 16:55:12 [http-nio-8080-exec-10] DEBUG org.hibernate.SQL - select ua1_0.scrty_dtrmn_trget_id,ua1_0.author_code,ua1_0.frst_register_id,ua1_0.frst_regist_pnttm,ua1_0.last_updusr_id,ua1_0.last_updt_pnttm,ua1_0.mber_ty_code from nemplyrscrtyestbs ua1_0 where ua1_0.scrty_dtrmn_trget_id=?
2026-03-16 16:55:12 [http-nio-8080-exec-6] DEBUG o.s.orm.jpa.JpaTransactionManager - Initiating transaction commit
2026-03-16 16:55:12 [http-nio-8080-exec-10] DEBUG o.s.orm.jpa.JpaTransactionManager - Initiating transaction commit
2026-03-16 16:55:12 [http-nio-8080-exec-6] DEBUG o.s.orm.jpa.JpaTransactionManager - Committing JPA transaction on EntityManager [SessionImpl(63546569<open>)]
2026-03-16 16:55:12 [http-nio-8080-exec-10] DEBUG o.s.orm.jpa.JpaTransactionManager - Committing JPA transaction on EntityManager [SessionImpl(1725033390<open>)]
2026-03-16 16:55:12 [http-nio-8080-exec-6] DEBUG o.s.orm.jpa.JpaTransactionManager - Closing JPA EntityManager [SessionImpl(63546569<open>)] after transaction
2026-03-16 16:55:12 [http-nio-8080-exec-6] DEBUG c.c.p.s.jwt.JwtAuthenticationFilter - >>> [JwtFilter] Successfully authenticated user: USRCNFRM_99999999999, Authorities: [ROLE_ADMIN]
2026-03-16 16:55:12 [http-nio-8080-exec-6] DEBUG o.s.web.servlet.DispatcherServlet - GET "/api/v1/admin/system/users?pageIndex=1&searchCondition=0&searchKeyword=&sbscrbSttus=", parameters={masked}
2026-03-16 16:55:12 [http-nio-8080-exec-6] TRACE o.s.w.s.m.m.a.RequestMappingHandlerMapping - Mapped to com.company.project.api.controller.system.UserApiController#getUsers(Pageable)
2026-03-16 16:55:12 [http-nio-8080-exec-6] DEBUG o.s.orm.jpa.JpaTransactionManager - Creating new transaction with name [com.company.project.service.usermanagement.UserManageService.selectUserList]: PROPAGATION_REQUIRED,ISOLATION_DEFAULT,readOnly
2026-03-16 16:55:12 [http-nio-8080-exec-6] DEBUG o.s.orm.jpa.JpaTransactionManager - Opened new EntityManager [SessionImpl(1653393977<open>)] for JPA transaction
2026-03-16 16:55:12 [http-nio-8080-exec-6] DEBUG o.s.orm.jpa.JpaTransactionManager - Exposing JPA transaction as JDBC [org.springframework.orm.jpa.vendor.HibernateJpaDialect$HibernateConnectionHandle@7d4a45f3]
2026-03-16 16:55:12 [http-nio-8080-exec-6] DEBUG org.hibernate.SQL - select u1_0.emplyr_id,u1_0.area_no,u1_0.brthdy,u1_0.chg_pwd_cnt,u1_0.frst_register_id,u1_0.frst_regist_pnttm,u1_0.detail_adres,u1_0.email_adres,u1_0.emplyr_sttus_code,u1_0.empl_no,u1_0.esntl_id,u1_0.fxnum,u1_0.group_id,u1_0.house_adres,u1_0.house_end_telno,u1_0.house_middle_telno,u1_0.ihidnum,u1_0.pstinst_code,u1_0.last_updusr_id,u1_0.last_updt_pnttm,u1_0.lock_at,u1_0.lock_cnt,u1_0.lock_last_pnttm,u1_0.mbtlnum,u1_0.ofcps_nm,u1_0.offm_telno,u1_0.orgnzt_id,u1_0.password,u1_0.password_cnsr,u1_0.password_hint,u1_0.chg_pwd_last_pnttm,u1_0.role,u1_0.sbscrb_de,u1_0.sexdstn_code,u1_0.crtfc_dn_value,u1_0.user_nm,u1_0.zip from nemplyrinfo u1_0 order by u1_0.emplyr_id desc offset ? rows fetch first ? rows only
2026-03-16 16:55:12 [http-nio-8080-exec-10] DEBUG o.s.orm.jpa.JpaTransactionManager - Closing JPA EntityManager [SessionImpl(1725033390<open>)] after transaction
2026-03-16 16:55:12 [http-nio-8080-exec-10] DEBUG c.c.p.s.jwt.JwtAuthenticationFilter - >>> [JwtFilter] Successfully authenticated user: USRCNFRM_99999999999, Authorities: [ROLE_ADMIN]
2026-03-16 16:55:12 [http-nio-8080-exec-10] DEBUG o.s.web.servlet.DispatcherServlet - GET "/api/v1/menu/head", parameters={}
2026-03-16 16:55:12 [http-nio-8080-exec-10] TRACE o.s.w.s.m.m.a.RequestMappingHandlerMapping - Mapped to com.company.project.api.controller.menu.MenuController#getHeadMenu()
2026-03-16 16:55:12 [http-nio-8080-exec-10] INFO  c.c.p.a.c.menu.MenuController - getHeadMenu called
2026-03-16 16:55:12 [http-nio-8080-exec-10] INFO  c.c.p.a.c.menu.MenuController - getHeadMenu returned 5 items
2026-03-16 16:55:12 [http-nio-8080-exec-10] DEBUG o.s.w.s.m.m.a.HttpEntityMethodProcessor - Using 'application/json', given [application/json, text/plain, */*] and supported [application/json, application/*+json, application/yaml]
2026-03-16 16:55:12 [http-nio-8080-exec-10] TRACE o.s.w.s.m.m.a.HttpEntityMethodProcessor - Writing [ApiResponse[success=true, status=200, code=COMMON_001, message=Success, data={list=[com.company.project.service.menu.dto.MenuDto@2b80d6b0, com.company.project.service.menu.dto.MenuDto@1418cfa3, com.company.project.service.menu.dto.MenuDto@f230bf1, com.company.project.service.menu.dto.MenuDto@734a7f6a, com.company.project.service.menu.dto.MenuDto@5e5202e5]}, timestamp=2026-03-16T16:55:12.329709100]]
2026-03-16 16:55:12 [http-nio-8080-exec-10] INFO  c.c.p.a.i.OperationalAuditInterceptor - API Audit Log: URL=/api/v1/menu/head, User=webmaster, IP=0:0:0:0:0:0:0:1
2026-03-16 16:55:12 [http-nio-8080-exec-10] DEBUG o.s.web.servlet.DispatcherServlet - Completed 200 OK
2026-03-16 16:55:12 [http-nio-8080-exec-3] DEBUG c.c.p.s.jwt.JwtAuthenticationFilter - >>> [JwtFilter] Processing request: GET /api/v1/menu/left
2026-03-16 16:55:12 [http-nio-8080-exec-3] DEBUG c.c.p.s.jwt.JwtAuthenticationFilter - >>> [JwtFilter] Found token in header for path: /api/v1/menu/left
2026-03-16 16:55:12 [http-nio-8080-exec-3] DEBUG o.s.orm.jpa.JpaTransactionManager - Creating new transaction with name [com.company.project.security.iam.CustomUserDetailsService.loadUserByUsername]: PROPAGATION_REQUIRED,ISOLATION_DEFAULT,readOnly
2026-03-16 16:55:12 [http-nio-8080-exec-3] DEBUG o.s.orm.jpa.JpaTransactionManager - Opened new EntityManager [SessionImpl(1330326888<open>)] for JPA transaction
2026-03-16 16:55:12 [http-nio-8080-exec-7] DEBUG c.c.p.s.jwt.JwtAuthenticationFilter - >>> [JwtFilter] Processing request: GET /api/v1/menu/left
2026-03-16 16:55:12 [http-nio-8080-exec-5] DEBUG c.c.p.s.jwt.JwtAuthenticationFilter - >>> [JwtFilter] Processing request: GET /api/v1/menu/left
2026-03-16 16:55:12 [http-nio-8080-exec-7] DEBUG c.c.p.s.jwt.JwtAuthenticationFilter - >>> [JwtFilter] Found token in header for path: /api/v1/menu/left
2026-03-16 16:55:12 [http-nio-8080-exec-5] DEBUG c.c.p.s.jwt.JwtAuthenticationFilter - >>> [JwtFilter] Found token in header for path: /api/v1/menu/left
2026-03-16 16:55:12 [http-nio-8080-exec-2] DEBUG c.c.p.s.jwt.JwtAuthenticationFilter - >>> [JwtFilter] Processing request: GET /api/v1/menu/left
2026-03-16 16:55:12 [http-nio-8080-exec-2] DEBUG c.c.p.s.jwt.JwtAuthenticationFilter - >>> [JwtFilter] Found token in header for path: /api/v1/menu/left
2026-03-16 16:55:12 [http-nio-8080-exec-1] DEBUG c.c.p.s.jwt.JwtAuthenticationFilter - >>> [JwtFilter] Processing request: GET /api/v1/menu/left
2026-03-16 16:55:12 [http-nio-8080-exec-5] DEBUG o.s.orm.jpa.JpaTransactionManager - Creating new transaction with name [com.company.project.security.iam.CustomUserDetailsService.loadUserByUsername]: PROPAGATION_REQUIRED,ISOLATION_DEFAULT,readOnly
2026-03-16 16:55:12 [http-nio-8080-exec-1] DEBUG c.c.p.s.jwt.JwtAuthenticationFilter - >>> [JwtFilter] Found token in header for path: /api/v1/menu/left
2026-03-16 16:55:12 [http-nio-8080-exec-5] DEBUG o.s.orm.jpa.JpaTransactionManager - Opened new EntityManager [SessionImpl(1634364086<open>)] for JPA transaction
2026-03-16 16:55:12 [http-nio-8080-exec-2] DEBUG o.s.orm.jpa.JpaTransactionManager - Creating new transaction with name [com.company.project.security.iam.CustomUserDetailsService.loadUserByUsername]: PROPAGATION_REQUIRED,ISOLATION_DEFAULT,readOnly
2026-03-16 16:55:12 [http-nio-8080-exec-7] DEBUG o.s.orm.jpa.JpaTransactionManager - Creating new transaction with name [com.company.project.security.iam.CustomUserDetailsService.loadUserByUsername]: PROPAGATION_REQUIRED,ISOLATION_DEFAULT,readOnly
2026-03-16 16:55:12 [http-nio-8080-exec-2] DEBUG o.s.orm.jpa.JpaTransactionManager - Opened new EntityManager [SessionImpl(476911721<open>)] for JPA transaction
2026-03-16 16:55:12 [http-nio-8080-exec-7] DEBUG o.s.orm.jpa.JpaTransactionManager - Opened new EntityManager [SessionImpl(948815458<open>)] for JPA transaction
2026-03-16 16:55:12 [http-nio-8080-exec-1] DEBUG o.s.orm.jpa.JpaTransactionManager - Creating new transaction with name [com.company.project.security.iam.CustomUserDetailsService.loadUserByUsername]: PROPAGATION_REQUIRED,ISOLATION_DEFAULT,readOnly
2026-03-16 16:55:12 [http-nio-8080-exec-1] DEBUG o.s.orm.jpa.JpaTransactionManager - Opened new EntityManager [SessionImpl(1541895148<open>)] for JPA transaction
2026-03-16 16:55:12 [http-nio-8080-exec-6] DEBUG org.hibernate.SQL - select count(u1_0.emplyr_id) from nemplyrinfo u1_0
2026-03-16 16:55:12 [http-nio-8080-exec-2] DEBUG o.s.orm.jpa.JpaTransactionManager - Exposing JPA transaction as JDBC [org.springframework.orm.jpa.vendor.HibernateJpaDialect$HibernateConnectionHandle@3087bd62]
2026-03-16 16:55:12 [http-nio-8080-exec-2] DEBUG o.s.orm.jpa.JpaTransactionManager - Found thread-bound EntityManager [SessionImpl(476911721<open>)] for JPA transaction
2026-03-16 16:55:12 [http-nio-8080-exec-2] DEBUG o.s.orm.jpa.JpaTransactionManager - Participating in existing transaction
2026-03-16 16:55:12 [http-nio-8080-exec-2] DEBUG org.hibernate.SQL - select u1_0.emplyr_id,u1_0.area_no,u1_0.brthdy,u1_0.chg_pwd_cnt,u1_0.frst_register_id,u1_0.frst_regist_pnttm,u1_0.detail_adres,u1_0.email_adres,u1_0.emplyr_sttus_code,u1_0.empl_no,u1_0.esntl_id,u1_0.fxnum,u1_0.group_id,u1_0.house_adres,u1_0.house_end_telno,u1_0.house_middle_telno,u1_0.ihidnum,u1_0.pstinst_code,u1_0.last_updusr_id,u1_0.last_updt_pnttm,u1_0.lock_at,u1_0.lock_cnt,u1_0.lock_last_pnttm,u1_0.mbtlnum,u1_0.ofcps_nm,u1_0.offm_telno,u1_0.orgnzt_id,u1_0.password,u1_0.password_cnsr,u1_0.password_hint,u1_0.chg_pwd_last_pnttm,u1_0.role,u1_0.sbscrb_de,u1_0.sexdstn_code,u1_0.crtfc_dn_value,u1_0.user_nm,u1_0.zip from nemplyrinfo u1_0 where u1_0.emplyr_id=?
2026-03-16 16:55:12 [http-nio-8080-exec-1] DEBUG o.s.orm.jpa.JpaTransactionManager - Exposing JPA transaction as JDBC [org.springframework.orm.jpa.vendor.HibernateJpaDialect$HibernateConnectionHandle@7f835c0f]
2026-03-16 16:55:12 [http-nio-8080-exec-1] DEBUG o.s.orm.jpa.JpaTransactionManager - Found thread-bound EntityManager [SessionImpl(1541895148<open>)] for JPA transaction
2026-03-16 16:55:12 [http-nio-8080-exec-3] DEBUG o.s.orm.jpa.JpaTransactionManager - Exposing JPA transaction as JDBC [org.springframework.orm.jpa.vendor.HibernateJpaDialect$HibernateConnectionHandle@7436e880]
2026-03-16 16:55:12 [http-nio-8080-exec-1] DEBUG o.s.orm.jpa.JpaTransactionManager - Participating in existing transaction
2026-03-16 16:55:12 [http-nio-8080-exec-3] DEBUG o.s.orm.jpa.JpaTransactionManager - Found thread-bound EntityManager [SessionImpl(1330326888<open>)] for JPA transaction
2026-03-16 16:55:12 [http-nio-8080-exec-3] DEBUG o.s.orm.jpa.JpaTransactionManager - Participating in existing transaction
2026-03-16 16:55:12 [http-nio-8080-exec-1] DEBUG org.hibernate.SQL - select u1_0.emplyr_id,u1_0.area_no,u1_0.brthdy,u1_0.chg_pwd_cnt,u1_0.frst_register_id,u1_0.frst_regist_pnttm,u1_0.detail_adres,u1_0.email_adres,u1_0.emplyr_sttus_code,u1_0.empl_no,u1_0.esntl_id,u1_0.fxnum,u1_0.group_id,u1_0.house_adres,u1_0.house_end_telno,u1_0.house_middle_telno,u1_0.ihidnum,u1_0.pstinst_code,u1_0.last_updusr_id,u1_0.last_updt_pnttm,u1_0.lock_at,u1_0.lock_cnt,u1_0.lock_last_pnttm,u1_0.mbtlnum,u1_0.ofcps_nm,u1_0.offm_telno,u1_0.orgnzt_id,u1_0.password,u1_0.password_cnsr,u1_0.password_hint,u1_0.chg_pwd_last_pnttm,u1_0.role,u1_0.sbscrb_de,u1_0.sexdstn_code,u1_0.crtfc_dn_value,u1_0.user_nm,u1_0.zip from nemplyrinfo u1_0 where u1_0.emplyr_id=?
2026-03-16 16:55:12 [http-nio-8080-exec-3] DEBUG org.hibernate.SQL - select u1_0.emplyr_id,u1_0.area_no,u1_0.brthdy,u1_0.chg_pwd_cnt,u1_0.frst_register_id,u1_0.frst_regist_pnttm,u1_0.detail_adres,u1_0.email_adres,u1_0.emplyr_sttus_code,u1_0.empl_no,u1_0.esntl_id,u1_0.fxnum,u1_0.group_id,u1_0.house_adres,u1_0.house_end_telno,u1_0.house_middle_telno,u1_0.ihidnum,u1_0.pstinst_code,u1_0.last_updusr_id,u1_0.last_updt_pnttm,u1_0.lock_at,u1_0.lock_cnt,u1_0.lock_last_pnttm,u1_0.mbtlnum,u1_0.ofcps_nm,u1_0.offm_telno,u1_0.orgnzt_id,u1_0.password,u1_0.password_cnsr,u1_0.password_hint,u1_0.chg_pwd_last_pnttm,u1_0.role,u1_0.sbscrb_de,u1_0.sexdstn_code,u1_0.crtfc_dn_value,u1_0.user_nm,u1_0.zip from nemplyrinfo u1_0 where u1_0.emplyr_id=?
2026-03-16 16:55:12 [http-nio-8080-exec-7] DEBUG o.s.orm.jpa.JpaTransactionManager - Exposing JPA transaction as JDBC [org.springframework.orm.jpa.vendor.HibernateJpaDialect$HibernateConnectionHandle@13726877]
2026-03-16 16:55:12 [http-nio-8080-exec-7] DEBUG o.s.orm.jpa.JpaTransactionManager - Found thread-bound EntityManager [SessionImpl(948815458<open>)] for JPA transaction
2026-03-16 16:55:12 [http-nio-8080-exec-7] DEBUG o.s.orm.jpa.JpaTransactionManager - Participating in existing transaction
2026-03-16 16:55:12 [http-nio-8080-exec-7] DEBUG org.hibernate.SQL - select u1_0.emplyr_id,u1_0.area_no,u1_0.brthdy,u1_0.chg_pwd_cnt,u1_0.frst_register_id,u1_0.frst_regist_pnttm,u1_0.detail_adres,u1_0.email_adres,u1_0.emplyr_sttus_code,u1_0.empl_no,u1_0.esntl_id,u1_0.fxnum,u1_0.group_id,u1_0.house_adres,u1_0.house_end_telno,u1_0.house_middle_telno,u1_0.ihidnum,u1_0.pstinst_code,u1_0.last_updusr_id,u1_0.last_updt_pnttm,u1_0.lock_at,u1_0.lock_cnt,u1_0.lock_last_pnttm,u1_0.mbtlnum,u1_0.ofcps_nm,u1_0.offm_telno,u1_0.orgnzt_id,u1_0.password,u1_0.password_cnsr,u1_0.password_hint,u1_0.chg_pwd_last_pnttm,u1_0.role,u1_0.sbscrb_de,u1_0.sexdstn_code,u1_0.crtfc_dn_value,u1_0.user_nm,u1_0.zip from nemplyrinfo u1_0 where u1_0.emplyr_id=?
2026-03-16 16:55:12 [http-nio-8080-exec-5] DEBUG o.s.orm.jpa.JpaTransactionManager - Exposing JPA transaction as JDBC [org.springframework.orm.jpa.vendor.HibernateJpaDialect$HibernateConnectionHandle@60a27cec]
2026-03-16 16:55:12 [http-nio-8080-exec-5] DEBUG o.s.orm.jpa.JpaTransactionManager - Found thread-bound EntityManager [SessionImpl(1634364086<open>)] for JPA transaction
2026-03-16 16:55:12 [http-nio-8080-exec-5] DEBUG o.s.orm.jpa.JpaTransactionManager - Participating in existing transaction
2026-03-16 16:55:12 [http-nio-8080-exec-5] DEBUG org.hibernate.SQL - select u1_0.emplyr_id,u1_0.area_no,u1_0.brthdy,u1_0.chg_pwd_cnt,u1_0.frst_register_id,u1_0.frst_regist_pnttm,u1_0.detail_adres,u1_0.email_adres,u1_0.emplyr_sttus_code,u1_0.empl_no,u1_0.esntl_id,u1_0.fxnum,u1_0.group_id,u1_0.house_adres,u1_0.house_end_telno,u1_0.house_middle_telno,u1_0.ihidnum,u1_0.pstinst_code,u1_0.last_updusr_id,u1_0.last_updt_pnttm,u1_0.lock_at,u1_0.lock_cnt,u1_0.lock_last_pnttm,u1_0.mbtlnum,u1_0.ofcps_nm,u1_0.offm_telno,u1_0.orgnzt_id,u1_0.password,u1_0.password_cnsr,u1_0.password_hint,u1_0.chg_pwd_last_pnttm,u1_0.role,u1_0.sbscrb_de,u1_0.sexdstn_code,u1_0.crtfc_dn_value,u1_0.user_nm,u1_0.zip from nemplyrinfo u1_0 where u1_0.emplyr_id=?
2026-03-16 16:55:12 [http-nio-8080-exec-1] DEBUG o.s.orm.jpa.JpaTransactionManager - Found thread-bound EntityManager [SessionImpl(1541895148<open>)] for JPA transaction
2026-03-16 16:55:12 [http-nio-8080-exec-2] DEBUG o.s.orm.jpa.JpaTransactionManager - Found thread-bound EntityManager [SessionImpl(476911721<open>)] for JPA transaction
2026-03-16 16:55:12 [http-nio-8080-exec-6] DEBUG o.s.orm.jpa.JpaTransactionManager - Initiating transaction commit
2026-03-16 16:55:12 [http-nio-8080-exec-1] DEBUG o.s.orm.jpa.JpaTransactionManager - Participating in existing transaction
2026-03-16 16:55:12 [http-nio-8080-exec-1] DEBUG org.hibernate.SQL - select ua1_0.scrty_dtrmn_trget_id,ua1_0.author_code,ua1_0.frst_register_id,ua1_0.frst_regist_pnttm,ua1_0.last_updusr_id,ua1_0.last_updt_pnttm,ua1_0.mber_ty_code from nemplyrscrtyestbs ua1_0 where ua1_0.scrty_dtrmn_trget_id=?
2026-03-16 16:55:12 [http-nio-8080-exec-2] DEBUG o.s.orm.jpa.JpaTransactionManager - Participating in existing transaction
2026-03-16 16:55:12 [http-nio-8080-exec-6] DEBUG o.s.orm.jpa.JpaTransactionManager - Committing JPA transaction on EntityManager [SessionImpl(1653393977<open>)]
2026-03-16 16:55:12 [http-nio-8080-exec-2] DEBUG org.hibernate.SQL - select ua1_0.scrty_dtrmn_trget_id,ua1_0.author_code,ua1_0.frst_register_id,ua1_0.frst_regist_pnttm,ua1_0.last_updusr_id,ua1_0.last_updt_pnttm,ua1_0.mber_ty_code from nemplyrscrtyestbs ua1_0 where ua1_0.scrty_dtrmn_trget_id=?
2026-03-16 16:55:12 [http-nio-8080-exec-3] DEBUG o.s.orm.jpa.JpaTransactionManager - Found thread-bound EntityManager [SessionImpl(1330326888<open>)] for JPA transaction
2026-03-16 16:55:12 [http-nio-8080-exec-3] DEBUG o.s.orm.jpa.JpaTransactionManager - Participating in existing transaction
2026-03-16 16:55:12 [http-nio-8080-exec-3] DEBUG org.hibernate.SQL - select ua1_0.scrty_dtrmn_trget_id,ua1_0.author_code,ua1_0.frst_register_id,ua1_0.frst_regist_pnttm,ua1_0.last_updusr_id,ua1_0.last_updt_pnttm,ua1_0.mber_ty_code from nemplyrscrtyestbs ua1_0 where ua1_0.scrty_dtrmn_trget_id=?
2026-03-16 16:55:12 [http-nio-8080-exec-5] DEBUG o.s.orm.jpa.JpaTransactionManager - Found thread-bound EntityManager [SessionImpl(1634364086<open>)] for JPA transaction
2026-03-16 16:55:12 [http-nio-8080-exec-7] DEBUG o.s.orm.jpa.JpaTransactionManager - Found thread-bound EntityManager [SessionImpl(948815458<open>)] for JPA transaction
2026-03-16 16:55:12 [http-nio-8080-exec-5] DEBUG o.s.orm.jpa.JpaTransactionManager - Participating in existing transaction
2026-03-16 16:55:12 [http-nio-8080-exec-7] DEBUG o.s.orm.jpa.JpaTransactionManager - Participating in existing transaction
2026-03-16 16:55:12 [http-nio-8080-exec-5] DEBUG org.hibernate.SQL - select ua1_0.scrty_dtrmn_trget_id,ua1_0.author_code,ua1_0.frst_register_id,ua1_0.frst_regist_pnttm,ua1_0.last_updusr_id,ua1_0.last_updt_pnttm,ua1_0.mber_ty_code from nemplyrscrtyestbs ua1_0 where ua1_0.scrty_dtrmn_trget_id=?
2026-03-16 16:55:12 [http-nio-8080-exec-7] DEBUG org.hibernate.SQL - select ua1_0.scrty_dtrmn_trget_id,ua1_0.author_code,ua1_0.frst_register_id,ua1_0.frst_regist_pnttm,ua1_0.last_updusr_id,ua1_0.last_updt_pnttm,ua1_0.mber_ty_code from nemplyrscrtyestbs ua1_0 where ua1_0.scrty_dtrmn_trget_id=?
2026-03-16 16:55:12 [http-nio-8080-exec-6] DEBUG o.s.orm.jpa.JpaTransactionManager - Closing JPA EntityManager [SessionImpl(1653393977<open>)] after transaction
2026-03-16 16:55:12 [http-nio-8080-exec-1] DEBUG o.s.orm.jpa.JpaTransactionManager - Initiating transaction commit
2026-03-16 16:55:12 [http-nio-8080-exec-2] DEBUG o.s.orm.jpa.JpaTransactionManager - Initiating transaction commit
2026-03-16 16:55:12 [http-nio-8080-exec-1] DEBUG o.s.orm.jpa.JpaTransactionManager - Committing JPA transaction on EntityManager [SessionImpl(1541895148<open>)]
2026-03-16 16:55:12 [http-nio-8080-exec-6] DEBUG o.s.orm.jpa.JpaTransactionManager - Creating new transaction with name [com.company.project.service.usermanagement.UserManageService.selectUserListTotCnt]: PROPAGATION_REQUIRED,ISOLATION_DEFAULT,readOnly
2026-03-16 16:55:12 [http-nio-8080-exec-2] DEBUG o.s.orm.jpa.JpaTransactionManager - Committing JPA transaction on EntityManager [SessionImpl(476911721<open>)]
2026-03-16 16:55:12 [http-nio-8080-exec-6] DEBUG o.s.orm.jpa.JpaTransactionManager - Opened new EntityManager [SessionImpl(1284269794<open>)] for JPA transaction
2026-03-16 16:55:12 [http-nio-8080-exec-6] DEBUG o.s.orm.jpa.JpaTransactionManager - Exposing JPA transaction as JDBC [org.springframework.orm.jpa.vendor.HibernateJpaDialect$HibernateConnectionHandle@352bfa3a]
2026-03-16 16:55:12 [http-nio-8080-exec-6] DEBUG org.hibernate.SQL - select u1_0.emplyr_id,u1_0.area_no,u1_0.brthdy,u1_0.chg_pwd_cnt,u1_0.frst_register_id,u1_0.frst_regist_pnttm,u1_0.detail_adres,u1_0.email_adres,u1_0.emplyr_sttus_code,u1_0.empl_no,u1_0.esntl_id,u1_0.fxnum,u1_0.group_id,u1_0.house_adres,u1_0.house_end_telno,u1_0.house_middle_telno,u1_0.ihidnum,u1_0.pstinst_code,u1_0.last_updusr_id,u1_0.last_updt_pnttm,u1_0.lock_at,u1_0.lock_cnt,u1_0.lock_last_pnttm,u1_0.mbtlnum,u1_0.ofcps_nm,u1_0.offm_telno,u1_0.orgnzt_id,u1_0.password,u1_0.password_cnsr,u1_0.password_hint,u1_0.chg_pwd_last_pnttm,u1_0.role,u1_0.sbscrb_de,u1_0.sexdstn_code,u1_0.crtfc_dn_value,u1_0.user_nm,u1_0.zip from nemplyrinfo u1_0 order by u1_0.emplyr_id desc offset ? rows fetch first ? rows only
2026-03-16 16:55:12 [http-nio-8080-exec-3] DEBUG o.s.orm.jpa.JpaTransactionManager - Initiating transaction commit
2026-03-16 16:55:12 [http-nio-8080-exec-3] DEBUG o.s.orm.jpa.JpaTransactionManager - Committing JPA transaction on EntityManager [SessionImpl(1330326888<open>)]
2026-03-16 16:55:12 [http-nio-8080-exec-5] DEBUG o.s.orm.jpa.JpaTransactionManager - Initiating transaction commit
2026-03-16 16:55:12 [http-nio-8080-exec-7] DEBUG o.s.orm.jpa.JpaTransactionManager - Initiating transaction commit
2026-03-16 16:55:12 [http-nio-8080-exec-5] DEBUG o.s.orm.jpa.JpaTransactionManager - Committing JPA transaction on EntityManager [SessionImpl(1634364086<open>)]
2026-03-16 16:55:12 [http-nio-8080-exec-7] DEBUG o.s.orm.jpa.JpaTransactionManager - Committing JPA transaction on EntityManager [SessionImpl(948815458<open>)]
2026-03-16 16:55:12 [http-nio-8080-exec-1] DEBUG o.s.orm.jpa.JpaTransactionManager - Closing JPA EntityManager [SessionImpl(1541895148<open>)] after transaction
2026-03-16 16:55:12 [http-nio-8080-exec-2] DEBUG o.s.orm.jpa.JpaTransactionManager - Closing JPA EntityManager [SessionImpl(476911721<open>)] after transaction
2026-03-16 16:55:12 [http-nio-8080-exec-2] DEBUG c.c.p.s.jwt.JwtAuthenticationFilter - >>> [JwtFilter] Successfully authenticated user: USRCNFRM_99999999999, Authorities: [ROLE_ADMIN]
2026-03-16 16:55:12 [http-nio-8080-exec-1] DEBUG c.c.p.s.jwt.JwtAuthenticationFilter - >>> [JwtFilter] Successfully authenticated user: USRCNFRM_99999999999, Authorities: [ROLE_ADMIN]
2026-03-16 16:55:12 [http-nio-8080-exec-2] DEBUG o.s.web.servlet.DispatcherServlet - GET "/api/v1/menu/left?menuNo=50", parameters={masked}
2026-03-16 16:55:12 [http-nio-8080-exec-1] DEBUG o.s.web.servlet.DispatcherServlet - GET "/api/v1/menu/left?menuNo=20", parameters={masked}
2026-03-16 16:55:12 [http-nio-8080-exec-2] TRACE o.s.w.s.m.m.a.RequestMappingHandlerMapping - Mapped to com.company.project.api.controller.menu.MenuController#getLeftMenu(Long)
2026-03-16 16:55:12 [http-nio-8080-exec-1] TRACE o.s.w.s.m.m.a.RequestMappingHandlerMapping - Mapped to com.company.project.api.controller.menu.MenuController#getLeftMenu(Long)
2026-03-16 16:55:12 [http-nio-8080-exec-2] INFO  c.c.p.a.c.menu.MenuController - getLeftMenu called with menuNo=50
2026-03-16 16:55:12 [http-nio-8080-exec-1] INFO  c.c.p.a.c.menu.MenuController - getLeftMenu called with menuNo=20
2026-03-16 16:55:12 [http-nio-8080-exec-2] DEBUG o.s.orm.jpa.JpaTransactionManager - Creating new transaction with name [com.company.project.service.menu.MenuService.getSubMenus]: PROPAGATION_REQUIRED,ISOLATION_DEFAULT,readOnly
2026-03-16 16:55:12 [http-nio-8080-exec-1] DEBUG o.s.orm.jpa.JpaTransactionManager - Creating new transaction with name [com.company.project.service.menu.MenuService.getSubMenus]: PROPAGATION_REQUIRED,ISOLATION_DEFAULT,readOnly
2026-03-16 16:55:12 [http-nio-8080-exec-2] DEBUG o.s.orm.jpa.JpaTransactionManager - Opened new EntityManager [SessionImpl(291012065<open>)] for JPA transaction
2026-03-16 16:55:12 [http-nio-8080-exec-1] DEBUG o.s.orm.jpa.JpaTransactionManager - Opened new EntityManager [SessionImpl(2092794808<open>)] for JPA transaction
2026-03-16 16:55:12 [http-nio-8080-exec-2] DEBUG o.s.orm.jpa.JpaTransactionManager - Exposing JPA transaction as JDBC [org.springframework.orm.jpa.vendor.HibernateJpaDialect$HibernateConnectionHandle@71904cf1]
2026-03-16 16:55:12 [http-nio-8080-exec-1] DEBUG o.s.orm.jpa.JpaTransactionManager - Exposing JPA transaction as JDBC [org.springframework.orm.jpa.vendor.HibernateJpaDialect$HibernateConnectionHandle@3f2ef32a]
2026-03-16 16:55:12 [http-nio-8080-exec-2] DEBUG org.hibernate.SQL - select m1_0.menu_no,m1_0.menu_dc,m1_0.menu_nm,m1_0.menu_ordr,m1_0.modern_route,m1_0.progrm_file_nm,m1_0.relate_image_nm,m1_0.relate_image_path,m1_0.route_updated_at,m1_0.upper_menu_no from nmenuinfo m1_0 order by m1_0.upper_menu_no,m1_0.menu_ordr
2026-03-16 16:55:12 [http-nio-8080-exec-1] DEBUG org.hibernate.SQL - select m1_0.menu_no,m1_0.menu_dc,m1_0.menu_nm,m1_0.menu_ordr,m1_0.modern_route,m1_0.progrm_file_nm,m1_0.relate_image_nm,m1_0.relate_image_path,m1_0.route_updated_at,m1_0.upper_menu_no from nmenuinfo m1_0 order by m1_0.upper_menu_no,m1_0.menu_ordr
2026-03-16 16:55:12 [http-nio-8080-exec-3] DEBUG o.s.orm.jpa.JpaTransactionManager - Closing JPA EntityManager [SessionImpl(1330326888<open>)] after transaction
2026-03-16 16:55:12 [http-nio-8080-exec-3] DEBUG c.c.p.s.jwt.JwtAuthenticationFilter - >>> [JwtFilter] Successfully authenticated user: USRCNFRM_99999999999, Authorities: [ROLE_ADMIN]
2026-03-16 16:55:12 [http-nio-8080-exec-6] DEBUG org.hibernate.SQL - select count(u1_0.emplyr_id) from nemplyrinfo u1_0
2026-03-16 16:55:12 [http-nio-8080-exec-3] DEBUG o.s.web.servlet.DispatcherServlet - GET "/api/v1/menu/left?menuNo=10", parameters={masked}
2026-03-16 16:55:12 [http-nio-8080-exec-3] TRACE o.s.w.s.m.m.a.RequestMappingHandlerMapping - Mapped to com.company.project.api.controller.menu.MenuController#getLeftMenu(Long)
2026-03-16 16:55:12 [http-nio-8080-exec-3] INFO  c.c.p.a.c.menu.MenuController - getLeftMenu called with menuNo=10
2026-03-16 16:55:12 [http-nio-8080-exec-3] DEBUG o.s.orm.jpa.JpaTransactionManager - Creating new transaction with name [com.company.project.service.menu.MenuService.getSubMenus]: PROPAGATION_REQUIRED,ISOLATION_DEFAULT,readOnly
2026-03-16 16:55:12 [http-nio-8080-exec-3] DEBUG o.s.orm.jpa.JpaTransactionManager - Opened new EntityManager [SessionImpl(1442903412<open>)] for JPA transaction
2026-03-16 16:55:12 [http-nio-8080-exec-3] DEBUG o.s.orm.jpa.JpaTransactionManager - Exposing JPA transaction as JDBC [org.springframework.orm.jpa.vendor.HibernateJpaDialect$HibernateConnectionHandle@5a9281d1]
2026-03-16 16:55:12 [http-nio-8080-exec-3] DEBUG org.hibernate.SQL - select m1_0.menu_no,m1_0.menu_dc,m1_0.menu_nm,m1_0.menu_ordr,m1_0.modern_route,m1_0.progrm_file_nm,m1_0.relate_image_nm,m1_0.relate_image_path,m1_0.route_updated_at,m1_0.upper_menu_no from nmenuinfo m1_0 order by m1_0.upper_menu_no,m1_0.menu_ordr
2026-03-16 16:55:12 [http-nio-8080-exec-7] DEBUG o.s.orm.jpa.JpaTransactionManager - Closing JPA EntityManager [SessionImpl(948815458<open>)] after transaction
2026-03-16 16:55:12 [http-nio-8080-exec-7] DEBUG c.c.p.s.jwt.JwtAuthenticationFilter - >>> [JwtFilter] Successfully authenticated user: USRCNFRM_99999999999, Authorities: [ROLE_ADMIN]
2026-03-16 16:55:12 [http-nio-8080-exec-7] DEBUG o.s.web.servlet.DispatcherServlet - GET "/api/v1/menu/left?menuNo=40", parameters={masked}
2026-03-16 16:55:12 [http-nio-8080-exec-7] TRACE o.s.w.s.m.m.a.RequestMappingHandlerMapping - Mapped to com.company.project.api.controller.menu.MenuController#getLeftMenu(Long)
2026-03-16 16:55:12 [http-nio-8080-exec-5] DEBUG o.s.orm.jpa.JpaTransactionManager - Closing JPA EntityManager [SessionImpl(1634364086<open>)] after transaction
2026-03-16 16:55:12 [http-nio-8080-exec-7] INFO  c.c.p.a.c.menu.MenuController - getLeftMenu called with menuNo=40
2026-03-16 16:55:12 [http-nio-8080-exec-5] DEBUG c.c.p.s.jwt.JwtAuthenticationFilter - >>> [JwtFilter] Successfully authenticated user: USRCNFRM_99999999999, Authorities: [ROLE_ADMIN]
2026-03-16 16:55:12 [http-nio-8080-exec-7] DEBUG o.s.orm.jpa.JpaTransactionManager - Creating new transaction with name [com.company.project.service.menu.MenuService.getSubMenus]: PROPAGATION_REQUIRED,ISOLATION_DEFAULT,readOnly
2026-03-16 16:55:12 [http-nio-8080-exec-5] DEBUG o.s.web.servlet.DispatcherServlet - GET "/api/v1/menu/left?menuNo=60", parameters={masked}
2026-03-16 16:55:12 [http-nio-8080-exec-7] DEBUG o.s.orm.jpa.JpaTransactionManager - Opened new EntityManager [SessionImpl(1364507018<open>)] for JPA transaction
2026-03-16 16:55:12 [http-nio-8080-exec-7] DEBUG o.s.orm.jpa.JpaTransactionManager - Exposing JPA transaction as JDBC [org.springframework.orm.jpa.vendor.HibernateJpaDialect$HibernateConnectionHandle@3c4aedb1]
2026-03-16 16:55:12 [http-nio-8080-exec-5] TRACE o.s.w.s.m.m.a.RequestMappingHandlerMapping - Mapped to com.company.project.api.controller.menu.MenuController#getLeftMenu(Long)
2026-03-16 16:55:12 [http-nio-8080-exec-5] INFO  c.c.p.a.c.menu.MenuController - getLeftMenu called with menuNo=60
2026-03-16 16:55:12 [http-nio-8080-exec-5] DEBUG o.s.orm.jpa.JpaTransactionManager - Creating new transaction with name [com.company.project.service.menu.MenuService.getSubMenus]: PROPAGATION_REQUIRED,ISOLATION_DEFAULT,readOnly
2026-03-16 16:55:12 [http-nio-8080-exec-5] DEBUG o.s.orm.jpa.JpaTransactionManager - Opened new EntityManager [SessionImpl(1446625224<open>)] for JPA transaction
2026-03-16 16:55:12 [http-nio-8080-exec-5] DEBUG o.s.orm.jpa.JpaTransactionManager - Exposing JPA transaction as JDBC [org.springframework.orm.jpa.vendor.HibernateJpaDialect$HibernateConnectionHandle@1c592185]
2026-03-16 16:55:12 [http-nio-8080-exec-7] DEBUG org.hibernate.SQL - select m1_0.menu_no,m1_0.menu_dc,m1_0.menu_nm,m1_0.menu_ordr,m1_0.modern_route,m1_0.progrm_file_nm,m1_0.relate_image_nm,m1_0.relate_image_path,m1_0.route_updated_at,m1_0.upper_menu_no from nmenuinfo m1_0 order by m1_0.upper_menu_no,m1_0.menu_ordr
2026-03-16 16:55:12 [http-nio-8080-exec-5] DEBUG org.hibernate.SQL - select m1_0.menu_no,m1_0.menu_dc,m1_0.menu_nm,m1_0.menu_ordr,m1_0.modern_route,m1_0.progrm_file_nm,m1_0.relate_image_nm,m1_0.relate_image_path,m1_0.route_updated_at,m1_0.upper_menu_no from nmenuinfo m1_0 order by m1_0.upper_menu_no,m1_0.menu_ordr
2026-03-16 16:55:13 [http-nio-8080-exec-6] DEBUG o.s.orm.jpa.JpaTransactionManager - Initiating transaction commit
2026-03-16 16:55:13 [http-nio-8080-exec-6] DEBUG o.s.orm.jpa.JpaTransactionManager - Committing JPA transaction on EntityManager [SessionImpl(1284269794<open>)]
2026-03-16 16:55:13 [http-nio-8080-exec-2] DEBUG o.s.orm.jpa.JpaTransactionManager - Found thread-bound EntityManager [SessionImpl(291012065<open>)] for JPA transaction
2026-03-16 16:55:13 [http-nio-8080-exec-2] DEBUG o.s.orm.jpa.JpaTransactionManager - Participating in existing transaction
2026-03-16 16:55:13 [http-nio-8080-exec-2] DEBUG org.hibernate.SQL - select p1_0.progrm_file_nm,p1_0.progrm_dc,p1_0.progrm_korean_nm,p1_0.progrm_stre_path,p1_0.url from nprogrmlist p1_0
2026-03-16 16:55:13 [http-nio-8080-exec-1] DEBUG o.s.orm.jpa.JpaTransactionManager - Found thread-bound EntityManager [SessionImpl(2092794808<open>)] for JPA transaction
2026-03-16 16:55:13 [http-nio-8080-exec-1] DEBUG o.s.orm.jpa.JpaTransactionManager - Participating in existing transaction
2026-03-16 16:55:13 [http-nio-8080-exec-1] DEBUG org.hibernate.SQL - select p1_0.progrm_file_nm,p1_0.progrm_dc,p1_0.progrm_korean_nm,p1_0.progrm_stre_path,p1_0.url from nprogrmlist p1_0
2026-03-16 16:55:13 [http-nio-8080-exec-6] DEBUG o.s.orm.jpa.JpaTransactionManager - Closing JPA EntityManager [SessionImpl(1284269794<open>)] after transaction
2026-03-16 16:55:13 [http-nio-8080-exec-6] DEBUG o.s.w.s.m.m.a.HttpEntityMethodProcessor - Using 'application/json', given [application/json, text/plain, */*] and supported [application/json, application/*+json, application/yaml]
2026-03-16 16:55:13 [http-nio-8080-exec-6] TRACE o.s.w.s.m.m.a.HttpEntityMethodProcessor - Writing [ApiResponse[success=true, status=200, code=COMMON_001, message=Success, data=com.company.project.core.response.PageResponse@2f528704, timestamp=2026-03-16T16:55:13.271208600]]
2026-03-16 16:55:13 [http-nio-8080-exec-6] INFO  c.c.p.a.i.OperationalAuditInterceptor - API Audit Log: URL=/api/v1/admin/system/users, User=webmaster, IP=0:0:0:0:0:0:0:1
2026-03-16 16:55:13 [http-nio-8080-exec-6] DEBUG o.s.web.servlet.DispatcherServlet - Completed 200 OK
2026-03-16 16:55:13 [http-nio-8080-exec-3] DEBUG o.s.orm.jpa.JpaTransactionManager - Found thread-bound EntityManager [SessionImpl(1442903412<open>)] for JPA transaction
2026-03-16 16:55:13 [http-nio-8080-exec-3] DEBUG o.s.orm.jpa.JpaTransactionManager - Participating in existing transaction
2026-03-16 16:55:13 [http-nio-8080-exec-3] DEBUG org.hibernate.SQL - select p1_0.progrm_file_nm,p1_0.progrm_dc,p1_0.progrm_korean_nm,p1_0.progrm_stre_path,p1_0.url from nprogrmlist p1_0
2026-03-16 16:55:13 [http-nio-8080-exec-7] DEBUG o.s.orm.jpa.JpaTransactionManager - Found thread-bound EntityManager [SessionImpl(1364507018<open>)] for JPA transaction
2026-03-16 16:55:13 [http-nio-8080-exec-5] DEBUG o.s.orm.jpa.JpaTransactionManager - Found thread-bound EntityManager [SessionImpl(1446625224<open>)] for JPA transaction
2026-03-16 16:55:13 [http-nio-8080-exec-7] DEBUG o.s.orm.jpa.JpaTransactionManager - Participating in existing transaction
2026-03-16 16:55:13 [http-nio-8080-exec-5] DEBUG o.s.orm.jpa.JpaTransactionManager - Participating in existing transaction
2026-03-16 16:55:13 [http-nio-8080-exec-5] DEBUG org.hibernate.SQL - select p1_0.progrm_file_nm,p1_0.progrm_dc,p1_0.progrm_korean_nm,p1_0.progrm_stre_path,p1_0.url from nprogrmlist p1_0
2026-03-16 16:55:13 [http-nio-8080-exec-7] DEBUG org.hibernate.SQL - select p1_0.progrm_file_nm,p1_0.progrm_dc,p1_0.progrm_korean_nm,p1_0.progrm_stre_path,p1_0.url from nprogrmlist p1_0
2026-03-16 16:55:13 [http-nio-8080-exec-1] DEBUG o.s.orm.jpa.JpaTransactionManager - Initiating transaction commit
2026-03-16 16:55:13 [http-nio-8080-exec-2] DEBUG o.s.orm.jpa.JpaTransactionManager - Initiating transaction commit
2026-03-16 16:55:13 [http-nio-8080-exec-1] DEBUG o.s.orm.jpa.JpaTransactionManager - Committing JPA transaction on EntityManager [SessionImpl(2092794808<open>)]
2026-03-16 16:55:13 [http-nio-8080-exec-2] DEBUG o.s.orm.jpa.JpaTransactionManager - Committing JPA transaction on EntityManager [SessionImpl(291012065<open>)]
2026-03-16 16:55:13 [http-nio-8080-exec-3] DEBUG o.s.orm.jpa.JpaTransactionManager - Initiating transaction commit
2026-03-16 16:55:13 [http-nio-8080-exec-3] DEBUG o.s.orm.jpa.JpaTransactionManager - Committing JPA transaction on EntityManager [SessionImpl(1442903412<open>)]
2026-03-16 16:55:13 [http-nio-8080-exec-7] DEBUG o.s.orm.jpa.JpaTransactionManager - Initiating transaction commit
2026-03-16 16:55:13 [http-nio-8080-exec-5] DEBUG o.s.orm.jpa.JpaTransactionManager - Initiating transaction commit
2026-03-16 16:55:13 [http-nio-8080-exec-7] DEBUG o.s.orm.jpa.JpaTransactionManager - Committing JPA transaction on EntityManager [SessionImpl(1364507018<open>)]
2026-03-16 16:55:13 [http-nio-8080-exec-5] DEBUG o.s.orm.jpa.JpaTransactionManager - Committing JPA transaction on EntityManager [SessionImpl(1446625224<open>)]
2026-03-16 16:55:13 [http-nio-8080-exec-1] DEBUG o.s.orm.jpa.JpaTransactionManager - Closing JPA EntityManager [SessionImpl(2092794808<open>)] after transaction
2026-03-16 16:55:13 [http-nio-8080-exec-2] DEBUG o.s.orm.jpa.JpaTransactionManager - Closing JPA EntityManager [SessionImpl(291012065<open>)] after transaction
2026-03-16 16:55:13 [http-nio-8080-exec-1] INFO  c.c.p.a.c.menu.MenuController - getLeftMenu returned 3 items
2026-03-16 16:55:13 [http-nio-8080-exec-2] INFO  c.c.p.a.c.menu.MenuController - getLeftMenu returned 3 items
2026-03-16 16:55:13 [http-nio-8080-exec-1] DEBUG o.s.w.s.m.m.a.HttpEntityMethodProcessor - Using 'application/json', given [application/json, text/plain, */*] and supported [application/json, application/*+json, application/yaml]
2026-03-16 16:55:13 [http-nio-8080-exec-2] DEBUG o.s.w.s.m.m.a.HttpEntityMethodProcessor - Using 'application/json', given [application/json, text/plain, */*] and supported [application/json, application/*+json, application/yaml]
2026-03-16 16:55:13 [http-nio-8080-exec-1] TRACE o.s.w.s.m.m.a.HttpEntityMethodProcessor - Writing [ApiResponse[success=true, status=200, code=COMMON_001, message=Success, data={list=[com.company.project.service.menu.dto.MenuDto@56c63597, com.company.project.service.menu.dto.MenuDto@ba4336e, com.company.project.service.menu.dto.MenuDto@26d9c0e7]}, timestamp=2026-03-16T16:55:13.565842700]]
2026-03-16 16:55:13 [http-nio-8080-exec-2] TRACE o.s.w.s.m.m.a.HttpEntityMethodProcessor - Writing [ApiResponse[success=true, status=200, code=COMMON_001, message=Success, data={list=[com.company.project.service.menu.dto.MenuDto@9ee83d3, com.company.project.service.menu.dto.MenuDto@41094ef2, com.company.project.service.menu.dto.MenuDto@4dbc7b37]}, timestamp=2026-03-16T16:55:13.565842700]]
2026-03-16 16:55:13 [http-nio-8080-exec-2] INFO  c.c.p.a.i.OperationalAuditInterceptor - API Audit Log: URL=/api/v1/menu/left, User=webmaster, IP=0:0:0:0:0:0:0:1
2026-03-16 16:55:13 [http-nio-8080-exec-1] INFO  c.c.p.a.i.OperationalAuditInterceptor - API Audit Log: URL=/api/v1/menu/left, User=webmaster, IP=0:0:0:0:0:0:0:1
2026-03-16 16:55:13 [http-nio-8080-exec-1] DEBUG o.s.web.servlet.DispatcherServlet - Completed 200 OK
2026-03-16 16:55:13 [http-nio-8080-exec-2] DEBUG o.s.web.servlet.DispatcherServlet - Completed 200 OK
2026-03-16 16:55:13 [http-nio-8080-exec-3] DEBUG o.s.orm.jpa.JpaTransactionManager - Closing JPA EntityManager [SessionImpl(1442903412<open>)] after transaction
2026-03-16 16:55:13 [http-nio-8080-exec-3] INFO  c.c.p.a.c.menu.MenuController - getLeftMenu returned 5 items
2026-03-16 16:55:13 [http-nio-8080-exec-3] DEBUG o.s.w.s.m.m.a.HttpEntityMethodProcessor - Using 'application/json', given [application/json, text/plain, */*] and supported [application/json, application/*+json, application/yaml]
2026-03-16 16:55:13 [http-nio-8080-exec-3] TRACE o.s.w.s.m.m.a.HttpEntityMethodProcessor - Writing [ApiResponse[success=true, status=200, code=COMMON_001, message=Success, data={list=[com.company.project.service.menu.dto.MenuDto@762c3fb1, com.company.project.service.menu.dto.MenuDto@4ef96620, com.company.project.service.menu.dto.MenuDto@3afb8529, com.company.project.service.menu.dto.MenuDto@5fce4336, com.company.project.service.menu.dto.MenuDto@48882ec9]}, timestamp=2026-03-16T16:55:13.594472500]]
2026-03-16 16:55:13 [http-nio-8080-exec-3] INFO  c.c.p.a.i.OperationalAuditInterceptor - API Audit Log: URL=/api/v1/menu/left, User=webmaster, IP=0:0:0:0:0:0:0:1
2026-03-16 16:55:13 [http-nio-8080-exec-3] DEBUG o.s.web.servlet.DispatcherServlet - Completed 200 OK
2026-03-16 16:55:13 [http-nio-8080-exec-5] DEBUG o.s.orm.jpa.JpaTransactionManager - Closing JPA EntityManager [SessionImpl(1446625224<open>)] after transaction
2026-03-16 16:55:13 [http-nio-8080-exec-7] DEBUG o.s.orm.jpa.JpaTransactionManager - Closing JPA EntityManager [SessionImpl(1364507018<open>)] after transaction
2026-03-16 16:55:13 [http-nio-8080-exec-5] INFO  c.c.p.a.c.menu.MenuController - getLeftMenu returned 1 items
2026-03-16 16:55:13 [http-nio-8080-exec-7] INFO  c.c.p.a.c.menu.MenuController - getLeftMenu returned 2 items
2026-03-16 16:55:13 [http-nio-8080-exec-7] DEBUG o.s.w.s.m.m.a.HttpEntityMethodProcessor - Using 'application/json', given [application/json, text/plain, */*] and supported [application/json, application/*+json, application/yaml]
2026-03-16 16:55:13 [http-nio-8080-exec-5] DEBUG o.s.w.s.m.m.a.HttpEntityMethodProcessor - Using 'application/json', given [application/json, text/plain, */*] and supported [application/json, application/*+json, application/yaml]
2026-03-16 16:55:13 [http-nio-8080-exec-7] TRACE o.s.w.s.m.m.a.HttpEntityMethodProcessor - Writing [ApiResponse[success=true, status=200, code=COMMON_001, message=Success, data={list=[com.company.project.service.menu.dto.MenuDto@33c58c0c, com.company.project.service.menu.dto.MenuDto@bd65f5]}, timestamp=2026-03-16T16:55:13.602314100]]
2026-03-16 16:55:13 [http-nio-8080-exec-5] TRACE o.s.w.s.m.m.a.HttpEntityMethodProcessor - Writing [ApiResponse[success=true, status=200, code=COMMON_001, message=Success, data={list=[com.company.project.service.menu.dto.MenuDto@7784c3e7]}, timestamp=2026-03-16T16:55:13.602314100]]
2026-03-16 16:55:13 [http-nio-8080-exec-7] INFO  c.c.p.a.i.OperationalAuditInterceptor - API Audit Log: URL=/api/v1/menu/left, User=webmaster, IP=0:0:0:0:0:0:0:1
2026-03-16 16:55:13 [http-nio-8080-exec-7] DEBUG o.s.web.servlet.DispatcherServlet - Completed 200 OK
2026-03-16 16:55:13 [http-nio-8080-exec-5] INFO  c.c.p.a.i.OperationalAuditInterceptor - API Audit Log: URL=/api/v1/menu/left, User=webmaster, IP=0:0:0:0:0:0:0:1
2026-03-16 16:55:13 [http-nio-8080-exec-5] DEBUG o.s.web.servlet.DispatcherServlet - Completed 200 OK
2026-03-16 16:55:13 [http-nio-8080-exec-9] DEBUG o.s.w.s.h.LoggingWebSocketHandlerDecorator - WebSocketServerSockJsSession[id=ai3bfmzl] closed with CloseStatus[code=1000, reason=null]
2026-03-16 16:55:13 [http-nio-8080-exec-9] DEBUG o.s.w.s.m.SubProtocolWebSocketHandler - Clearing session ai3bfmzl
2026-03-16 16:55:13 [scheduling-1] DEBUG org.springframework.web.SimpLogging - Processing DISCONNECT session=ai3bfmzl
2026-03-16 16:55:13 [scheduling-1] DEBUG o.s.w.s.m.SubProtocolWebSocketHandler - No session for GenericMessage [payload=byte[0], headers={simpMessageType=DISCONNECT_ACK, simpDisconnectMessage=GenericMessage [payload=byte[0], headers={simpMessageType=DISCONNECT, stompCommand=DISCONNECT, simpSessionAttributes={org.springframework.messaging.simp.SimpAttributes.COMPLETED=true}, simpSessionId=ai3bfmzl}], simpSessionId=ai3bfmzl}]
2026-03-16 16:55:14 [http-nio-8080-exec-8] DEBUG c.c.p.s.jwt.JwtAuthenticationFilter - >>> [JwtFilter] Processing request: GET /api/v1/menu/left
2026-03-16 16:55:14 [http-nio-8080-exec-8] DEBUG c.c.p.s.jwt.JwtAuthenticationFilter - >>> [JwtFilter] Found token in header for path: /api/v1/menu/left
2026-03-16 16:55:14 [http-nio-8080-exec-8] DEBUG o.s.orm.jpa.JpaTransactionManager - Creating new transaction with name [com.company.project.security.iam.CustomUserDetailsService.loadUserByUsername]: PROPAGATION_REQUIRED,ISOLATION_DEFAULT,readOnly
2026-03-16 16:55:14 [http-nio-8080-exec-8] DEBUG o.s.orm.jpa.JpaTransactionManager - Opened new EntityManager [SessionImpl(81782912<open>)] for JPA transaction
2026-03-16 16:55:14 [http-nio-8080-exec-4] DEBUG c.c.p.s.jwt.JwtAuthenticationFilter - >>> [JwtFilter] Processing request: GET /api/v1/menu/head
2026-03-16 16:55:14 [http-nio-8080-exec-10] DEBUG c.c.p.s.jwt.JwtAuthenticationFilter - >>> [JwtFilter] Processing request: GET /api/v1/auth/me
2026-03-16 16:55:14 [http-nio-8080-exec-4] DEBUG c.c.p.s.jwt.JwtAuthenticationFilter - >>> [JwtFilter] Found token in header for path: /api/v1/menu/head
2026-03-16 16:55:14 [http-nio-8080-exec-10] DEBUG c.c.p.s.jwt.JwtAuthenticationFilter - >>> [JwtFilter] Found token in header for path: /api/v1/auth/me
2026-03-16 16:55:14 [http-nio-8080-exec-10] DEBUG o.s.orm.jpa.JpaTransactionManager - Creating new transaction with name [com.company.project.security.iam.CustomUserDetailsService.loadUserByUsername]: PROPAGATION_REQUIRED,ISOLATION_DEFAULT,readOnly
2026-03-16 16:55:14 [http-nio-8080-exec-4] DEBUG o.s.orm.jpa.JpaTransactionManager - Creating new transaction with name [com.company.project.security.iam.CustomUserDetailsService.loadUserByUsername]: PROPAGATION_REQUIRED,ISOLATION_DEFAULT,readOnly
2026-03-16 16:55:14 [http-nio-8080-exec-10] DEBUG o.s.orm.jpa.JpaTransactionManager - Opened new EntityManager [SessionImpl(71848300<open>)] for JPA transaction
2026-03-16 16:55:14 [http-nio-8080-exec-4] DEBUG o.s.orm.jpa.JpaTransactionManager - Opened new EntityManager [SessionImpl(1659346029<open>)] for JPA transaction
2026-03-16 16:55:14 [http-nio-8080-exec-4] DEBUG o.s.orm.jpa.JpaTransactionManager - Exposing JPA transaction as JDBC [org.springframework.orm.jpa.vendor.HibernateJpaDialect$HibernateConnectionHandle@41cff04b]
2026-03-16 16:55:14 [http-nio-8080-exec-4] DEBUG o.s.orm.jpa.JpaTransactionManager - Found thread-bound EntityManager [SessionImpl(1659346029<open>)] for JPA transaction
2026-03-16 16:55:14 [http-nio-8080-exec-4] DEBUG o.s.orm.jpa.JpaTransactionManager - Participating in existing transaction
2026-03-16 16:55:14 [http-nio-8080-exec-4] DEBUG org.hibernate.SQL - select u1_0.emplyr_id,u1_0.area_no,u1_0.brthdy,u1_0.chg_pwd_cnt,u1_0.frst_register_id,u1_0.frst_regist_pnttm,u1_0.detail_adres,u1_0.email_adres,u1_0.emplyr_sttus_code,u1_0.empl_no,u1_0.esntl_id,u1_0.fxnum,u1_0.group_id,u1_0.house_adres,u1_0.house_end_telno,u1_0.house_middle_telno,u1_0.ihidnum,u1_0.pstinst_code,u1_0.last_updusr_id,u1_0.last_updt_pnttm,u1_0.lock_at,u1_0.lock_cnt,u1_0.lock_last_pnttm,u1_0.mbtlnum,u1_0.ofcps_nm,u1_0.offm_telno,u1_0.orgnzt_id,u1_0.password,u1_0.password_cnsr,u1_0.password_hint,u1_0.chg_pwd_last_pnttm,u1_0.role,u1_0.sbscrb_de,u1_0.sexdstn_code,u1_0.crtfc_dn_value,u1_0.user_nm,u1_0.zip from nemplyrinfo u1_0 where u1_0.emplyr_id=?
2026-03-16 16:55:14 [http-nio-8080-exec-10] DEBUG o.s.orm.jpa.JpaTransactionManager - Exposing JPA transaction as JDBC [org.springframework.orm.jpa.vendor.HibernateJpaDialect$HibernateConnectionHandle@5c7bf224]
2026-03-16 16:55:14 [http-nio-8080-exec-8] DEBUG o.s.orm.jpa.JpaTransactionManager - Exposing JPA transaction as JDBC [org.springframework.orm.jpa.vendor.HibernateJpaDialect$HibernateConnectionHandle@183d9c97]
2026-03-16 16:55:14 [http-nio-8080-exec-10] DEBUG o.s.orm.jpa.JpaTransactionManager - Found thread-bound EntityManager [SessionImpl(71848300<open>)] for JPA transaction
2026-03-16 16:55:14 [http-nio-8080-exec-10] DEBUG o.s.orm.jpa.JpaTransactionManager - Participating in existing transaction
2026-03-16 16:55:14 [http-nio-8080-exec-10] DEBUG org.hibernate.SQL - select u1_0.emplyr_id,u1_0.area_no,u1_0.brthdy,u1_0.chg_pwd_cnt,u1_0.frst_register_id,u1_0.frst_regist_pnttm,u1_0.detail_adres,u1_0.email_adres,u1_0.emplyr_sttus_code,u1_0.empl_no,u1_0.esntl_id,u1_0.fxnum,u1_0.group_id,u1_0.house_adres,u1_0.house_end_telno,u1_0.house_middle_telno,u1_0.ihidnum,u1_0.pstinst_code,u1_0.last_updusr_id,u1_0.last_updt_pnttm,u1_0.lock_at,u1_0.lock_cnt,u1_0.lock_last_pnttm,u1_0.mbtlnum,u1_0.ofcps_nm,u1_0.offm_telno,u1_0.orgnzt_id,u1_0.password,u1_0.password_cnsr,u1_0.password_hint,u1_0.chg_pwd_last_pnttm,u1_0.role,u1_0.sbscrb_de,u1_0.sexdstn_code,u1_0.crtfc_dn_value,u1_0.user_nm,u1_0.zip from nemplyrinfo u1_0 where u1_0.emplyr_id=?
2026-03-16 16:55:14 [http-nio-8080-exec-8] DEBUG o.s.orm.jpa.JpaTransactionManager - Found thread-bound EntityManager [SessionImpl(81782912<open>)] for JPA transaction
2026-03-16 16:55:14 [http-nio-8080-exec-8] DEBUG o.s.orm.jpa.JpaTransactionManager - Participating in existing transaction
2026-03-16 16:55:14 [http-nio-8080-exec-8] DEBUG org.hibernate.SQL - select u1_0.emplyr_id,u1_0.area_no,u1_0.brthdy,u1_0.chg_pwd_cnt,u1_0.frst_register_id,u1_0.frst_regist_pnttm,u1_0.detail_adres,u1_0.email_adres,u1_0.emplyr_sttus_code,u1_0.empl_no,u1_0.esntl_id,u1_0.fxnum,u1_0.group_id,u1_0.house_adres,u1_0.house_end_telno,u1_0.house_middle_telno,u1_0.ihidnum,u1_0.pstinst_code,u1_0.last_updusr_id,u1_0.last_updt_pnttm,u1_0.lock_at,u1_0.lock_cnt,u1_0.lock_last_pnttm,u1_0.mbtlnum,u1_0.ofcps_nm,u1_0.offm_telno,u1_0.orgnzt_id,u1_0.password,u1_0.password_cnsr,u1_0.password_hint,u1_0.chg_pwd_last_pnttm,u1_0.role,u1_0.sbscrb_de,u1_0.sexdstn_code,u1_0.crtfc_dn_value,u1_0.user_nm,u1_0.zip from nemplyrinfo u1_0 where u1_0.emplyr_id=?
2026-03-16 16:55:14 [http-nio-8080-exec-4] DEBUG o.s.orm.jpa.JpaTransactionManager - Found thread-bound EntityManager [SessionImpl(1659346029<open>)] for JPA transaction
2026-03-16 16:55:14 [http-nio-8080-exec-4] DEBUG o.s.orm.jpa.JpaTransactionManager - Participating in existing transaction
2026-03-16 16:55:14 [http-nio-8080-exec-4] DEBUG org.hibernate.SQL - select ua1_0.scrty_dtrmn_trget_id,ua1_0.author_code,ua1_0.frst_register_id,ua1_0.frst_regist_pnttm,ua1_0.last_updusr_id,ua1_0.last_updt_pnttm,ua1_0.mber_ty_code from nemplyrscrtyestbs ua1_0 where ua1_0.scrty_dtrmn_trget_id=?
2026-03-16 16:55:14 [http-nio-8080-exec-8] DEBUG o.s.orm.jpa.JpaTransactionManager - Found thread-bound EntityManager [SessionImpl(81782912<open>)] for JPA transaction
2026-03-16 16:55:14 [http-nio-8080-exec-8] DEBUG o.s.orm.jpa.JpaTransactionManager - Participating in existing transaction
2026-03-16 16:55:14 [http-nio-8080-exec-10] DEBUG o.s.orm.jpa.JpaTransactionManager - Found thread-bound EntityManager [SessionImpl(71848300<open>)] for JPA transaction
2026-03-16 16:55:14 [http-nio-8080-exec-10] DEBUG o.s.orm.jpa.JpaTransactionManager - Participating in existing transaction
2026-03-16 16:55:14 [http-nio-8080-exec-8] DEBUG org.hibernate.SQL - select ua1_0.scrty_dtrmn_trget_id,ua1_0.author_code,ua1_0.frst_register_id,ua1_0.frst_regist_pnttm,ua1_0.last_updusr_id,ua1_0.last_updt_pnttm,ua1_0.mber_ty_code from nemplyrscrtyestbs ua1_0 where ua1_0.scrty_dtrmn_trget_id=?
2026-03-16 16:55:14 [http-nio-8080-exec-10] DEBUG org.hibernate.SQL - select ua1_0.scrty_dtrmn_trget_id,ua1_0.author_code,ua1_0.frst_register_id,ua1_0.frst_regist_pnttm,ua1_0.last_updusr_id,ua1_0.last_updt_pnttm,ua1_0.mber_ty_code from nemplyrscrtyestbs ua1_0 where ua1_0.scrty_dtrmn_trget_id=?
2026-03-16 16:55:14 [http-nio-8080-exec-6] DEBUG c.c.p.s.jwt.JwtAuthenticationFilter - >>> [JwtFilter] Processing request: GET /api/v1/admin/system/users
2026-03-16 16:55:14 [http-nio-8080-exec-6] DEBUG c.c.p.s.jwt.JwtAuthenticationFilter - >>> [JwtFilter] Found token in header for path: /api/v1/admin/system/users
2026-03-16 16:55:14 [http-nio-8080-exec-6] DEBUG o.s.orm.jpa.JpaTransactionManager - Creating new transaction with name [com.company.project.security.iam.CustomUserDetailsService.loadUserByUsername]: PROPAGATION_REQUIRED,ISOLATION_DEFAULT,readOnly
2026-03-16 16:55:14 [http-nio-8080-exec-6] DEBUG o.s.orm.jpa.JpaTransactionManager - Opened new EntityManager [SessionImpl(1366654635<open>)] for JPA transaction
2026-03-16 16:55:14 [http-nio-8080-exec-4] DEBUG o.s.orm.jpa.JpaTransactionManager - Initiating transaction commit
2026-03-16 16:55:14 [http-nio-8080-exec-4] DEBUG o.s.orm.jpa.JpaTransactionManager - Committing JPA transaction on EntityManager [SessionImpl(1659346029<open>)]
2026-03-16 16:55:14 [http-nio-8080-exec-10] DEBUG o.s.orm.jpa.JpaTransactionManager - Initiating transaction commit
2026-03-16 16:55:14 [http-nio-8080-exec-8] DEBUG o.s.orm.jpa.JpaTransactionManager - Initiating transaction commit
2026-03-16 16:55:14 [http-nio-8080-exec-10] DEBUG o.s.orm.jpa.JpaTransactionManager - Committing JPA transaction on EntityManager [SessionImpl(71848300<open>)]
2026-03-16 16:55:14 [http-nio-8080-exec-8] DEBUG o.s.orm.jpa.JpaTransactionManager - Committing JPA transaction on EntityManager [SessionImpl(81782912<open>)]
2026-03-16 16:55:14 [http-nio-8080-exec-6] DEBUG o.s.orm.jpa.JpaTransactionManager - Exposing JPA transaction as JDBC [org.springframework.orm.jpa.vendor.HibernateJpaDialect$HibernateConnectionHandle@7c169052]
2026-03-16 16:55:14 [http-nio-8080-exec-6] DEBUG o.s.orm.jpa.JpaTransactionManager - Found thread-bound EntityManager [SessionImpl(1366654635<open>)] for JPA transaction
2026-03-16 16:55:14 [http-nio-8080-exec-6] DEBUG o.s.orm.jpa.JpaTransactionManager - Participating in existing transaction
2026-03-16 16:55:14 [http-nio-8080-exec-6] DEBUG org.hibernate.SQL - select u1_0.emplyr_id,u1_0.area_no,u1_0.brthdy,u1_0.chg_pwd_cnt,u1_0.frst_register_id,u1_0.frst_regist_pnttm,u1_0.detail_adres,u1_0.email_adres,u1_0.emplyr_sttus_code,u1_0.empl_no,u1_0.esntl_id,u1_0.fxnum,u1_0.group_id,u1_0.house_adres,u1_0.house_end_telno,u1_0.house_middle_telno,u1_0.ihidnum,u1_0.pstinst_code,u1_0.last_updusr_id,u1_0.last_updt_pnttm,u1_0.lock_at,u1_0.lock_cnt,u1_0.lock_last_pnttm,u1_0.mbtlnum,u1_0.ofcps_nm,u1_0.offm_telno,u1_0.orgnzt_id,u1_0.password,u1_0.password_cnsr,u1_0.password_hint,u1_0.chg_pwd_last_pnttm,u1_0.role,u1_0.sbscrb_de,u1_0.sexdstn_code,u1_0.crtfc_dn_value,u1_0.user_nm,u1_0.zip from nemplyrinfo u1_0 where u1_0.emplyr_id=?
2026-03-16 16:55:14 [http-nio-8080-exec-4] DEBUG o.s.orm.jpa.JpaTransactionManager - Closing JPA EntityManager [SessionImpl(1659346029<open>)] after transaction
2026-03-16 16:55:14 [http-nio-8080-exec-4] DEBUG c.c.p.s.jwt.JwtAuthenticationFilter - >>> [JwtFilter] Successfully authenticated user: USRCNFRM_99999999999, Authorities: [ROLE_ADMIN]
2026-03-16 16:55:14 [http-nio-8080-exec-4] DEBUG o.s.web.servlet.DispatcherServlet - GET "/api/v1/menu/head", parameters={}
2026-03-16 16:55:14 [http-nio-8080-exec-4] TRACE o.s.w.s.m.m.a.RequestMappingHandlerMapping - Mapped to com.company.project.api.controller.menu.MenuController#getHeadMenu()
2026-03-16 16:55:14 [http-nio-8080-exec-4] INFO  c.c.p.a.c.menu.MenuController - getHeadMenu called
2026-03-16 16:55:14 [http-nio-8080-exec-4] INFO  c.c.p.a.c.menu.MenuController - getHeadMenu returned 5 items
2026-03-16 16:55:14 [http-nio-8080-exec-4] DEBUG o.s.w.s.m.m.a.HttpEntityMethodProcessor - Using 'application/json', given [application/json, text/plain, */*] and supported [application/json, application/*+json, application/yaml]
2026-03-16 16:55:14 [http-nio-8080-exec-4] TRACE o.s.w.s.m.m.a.HttpEntityMethodProcessor - Writing [ApiResponse[success=true, status=200, code=COMMON_001, message=Success, data={list=[com.company.project.service.menu.dto.MenuDto@2b80d6b0, com.company.project.service.menu.dto.MenuDto@1418cfa3, com.company.project.service.menu.dto.MenuDto@f230bf1, com.company.project.service.menu.dto.MenuDto@734a7f6a, com.company.project.service.menu.dto.MenuDto@5e5202e5]}, timestamp=2026-03-16T16:55:14.812672400]]
2026-03-16 16:55:14 [http-nio-8080-exec-4] INFO  c.c.p.a.i.OperationalAuditInterceptor - API Audit Log: URL=/api/v1/menu/head, User=webmaster, IP=127.0.0.1
2026-03-16 16:55:14 [http-nio-8080-exec-4] DEBUG o.s.web.servlet.DispatcherServlet - Completed 200 OK
2026-03-16 16:55:14 [http-nio-8080-exec-8] DEBUG o.s.orm.jpa.JpaTransactionManager - Closing JPA EntityManager [SessionImpl(81782912<open>)] after transaction
2026-03-16 16:55:14 [http-nio-8080-exec-10] DEBUG o.s.orm.jpa.JpaTransactionManager - Closing JPA EntityManager [SessionImpl(71848300<open>)] after transaction
2026-03-16 16:55:14 [http-nio-8080-exec-8] DEBUG c.c.p.s.jwt.JwtAuthenticationFilter - >>> [JwtFilter] Successfully authenticated user: USRCNFRM_99999999999, Authorities: [ROLE_ADMIN]
2026-03-16 16:55:14 [http-nio-8080-exec-10] DEBUG c.c.p.s.jwt.JwtAuthenticationFilter - >>> [JwtFilter] Successfully authenticated user: USRCNFRM_99999999999, Authorities: [ROLE_ADMIN]
2026-03-16 16:55:14 [http-nio-8080-exec-10] DEBUG o.s.web.servlet.DispatcherServlet - GET "/api/v1/auth/me", parameters={}
2026-03-16 16:55:14 [http-nio-8080-exec-8] DEBUG o.s.web.servlet.DispatcherServlet - GET "/api/v1/menu/left?menuNo=10", parameters={masked}
2026-03-16 16:55:14 [http-nio-8080-exec-10] TRACE o.s.w.s.m.m.a.RequestMappingHandlerMapping - Mapped to com.company.project.api.auth.AuthController#getCurrentUser()
2026-03-16 16:55:14 [http-nio-8080-exec-8] TRACE o.s.w.s.m.m.a.RequestMappingHandlerMapping - Mapped to com.company.project.api.controller.menu.MenuController#getLeftMenu(Long)
2026-03-16 16:55:14 [http-nio-8080-exec-8] INFO  c.c.p.a.c.menu.MenuController - getLeftMenu called with menuNo=10
2026-03-16 16:55:14 [http-nio-8080-exec-10] DEBUG o.s.w.s.m.m.a.RequestResponseBodyMethodProcessor - Using 'application/json', given [application/json, text/plain, */*] and supported [application/json, application/*+json, application/yaml]
2026-03-16 16:55:14 [http-nio-8080-exec-8] DEBUG o.s.orm.jpa.JpaTransactionManager - Creating new transaction with name [com.company.project.service.menu.MenuService.getSubMenus]: PROPAGATION_REQUIRED,ISOLATION_DEFAULT,readOnly
2026-03-16 16:55:14 [http-nio-8080-exec-8] DEBUG o.s.orm.jpa.JpaTransactionManager - Opened new EntityManager [SessionImpl(78889317<open>)] for JPA transaction
2026-03-16 16:55:14 [http-nio-8080-exec-10] TRACE o.s.w.s.m.m.a.RequestResponseBodyMethodProcessor - Writing [ApiResponse[success=true, status=200, code=COMMON_001, message=Success, data={role=ROLE_ADMIN, userSe=EMP, name=관리자, id=webmaster}, timestamp=2026-03-16T16:55:14.828488300]]
2026-03-16 16:55:14 [http-nio-8080-exec-8] DEBUG o.s.orm.jpa.JpaTransactionManager - Exposing JPA transaction as JDBC [org.springframework.orm.jpa.vendor.HibernateJpaDialect$HibernateConnectionHandle@d39743]
2026-03-16 16:55:14 [http-nio-8080-exec-10] INFO  c.c.p.a.i.OperationalAuditInterceptor - API Audit Log: URL=/api/v1/auth/me, User=webmaster, IP=127.0.0.1
2026-03-16 16:55:14 [http-nio-8080-exec-10] DEBUG o.s.web.servlet.DispatcherServlet - Completed 200 OK
2026-03-16 16:55:14 [http-nio-8080-exec-8] DEBUG org.hibernate.SQL - select m1_0.menu_no,m1_0.menu_dc,m1_0.menu_nm,m1_0.menu_ordr,m1_0.modern_route,m1_0.progrm_file_nm,m1_0.relate_image_nm,m1_0.relate_image_path,m1_0.route_updated_at,m1_0.upper_menu_no from nmenuinfo m1_0 order by m1_0.upper_menu_no,m1_0.menu_ordr
2026-03-16 16:55:14 [http-nio-8080-exec-1] DEBUG c.c.p.s.jwt.JwtAuthenticationFilter - >>> [JwtFilter] Processing request: GET /api/v1/notifications
2026-03-16 16:55:14 [http-nio-8080-exec-3] DEBUG c.c.p.s.jwt.JwtAuthenticationFilter - >>> [JwtFilter] Processing request: GET /api/v1/notifications/unread-count
2026-03-16 16:55:14 [http-nio-8080-exec-1] DEBUG c.c.p.s.jwt.JwtAuthenticationFilter - >>> [JwtFilter] Found token in header for path: /api/v1/notifications
2026-03-16 16:55:14 [http-nio-8080-exec-3] DEBUG c.c.p.s.jwt.JwtAuthenticationFilter - >>> [JwtFilter] Found token in header for path: /api/v1/notifications/unread-count
2026-03-16 16:55:14 [http-nio-8080-exec-2] DEBUG o.s.web.servlet.DispatcherServlet - GET "/ws/info?t=1773647714844", parameters={masked}
2026-03-16 16:55:14 [http-nio-8080-exec-1] DEBUG o.s.orm.jpa.JpaTransactionManager - Creating new transaction with name [com.company.project.security.iam.CustomUserDetailsService.loadUserByUsername]: PROPAGATION_REQUIRED,ISOLATION_DEFAULT,readOnly
2026-03-16 16:55:14 [http-nio-8080-exec-3] DEBUG o.s.orm.jpa.JpaTransactionManager - Creating new transaction with name [com.company.project.security.iam.CustomUserDetailsService.loadUserByUsername]: PROPAGATION_REQUIRED,ISOLATION_DEFAULT,readOnly
2026-03-16 16:55:14 [http-nio-8080-exec-1] DEBUG o.s.orm.jpa.JpaTransactionManager - Opened new EntityManager [SessionImpl(678918644<open>)] for JPA transaction
2026-03-16 16:55:14 [http-nio-8080-exec-3] DEBUG o.s.orm.jpa.JpaTransactionManager - Opened new EntityManager [SessionImpl(1296406942<open>)] for JPA transaction
2026-03-16 16:55:14 [http-nio-8080-exec-2] DEBUG o.s.w.s.s.s.WebSocketHandlerMapping - Mapped to org.springframework.web.socket.sockjs.support.SockJsHttpRequestHandler@3d80b7ba
2026-03-16 16:55:14 [http-nio-8080-exec-2] DEBUG o.s.w.s.s.t.h.DefaultSockJsService - Processing transport request: GET http://localhost:8080/ws/info?t=1773647714844
2026-03-16 16:55:14 [http-nio-8080-exec-2] DEBUG o.s.web.servlet.DispatcherServlet - Completed 200 OK
2026-03-16 16:55:14 [http-nio-8080-exec-7] DEBUG o.s.web.servlet.DispatcherServlet - GET "/ws/945/4nyzrg2f/websocket", parameters={}
2026-03-16 16:55:14 [http-nio-8080-exec-7] DEBUG o.s.w.s.s.s.WebSocketHandlerMapping - Mapped to org.springframework.web.socket.sockjs.support.SockJsHttpRequestHandler@3d80b7ba
2026-03-16 16:55:14 [http-nio-8080-exec-7] DEBUG o.s.w.s.s.t.h.DefaultSockJsService - Processing transport request: GET http://localhost:8080/ws/945/4nyzrg2f/websocket
2026-03-16 16:55:14 [http-nio-8080-exec-7] DEBUG o.s.web.servlet.DispatcherServlet - Completed 101 SWITCHING_PROTOCOLS
2026-03-16 16:55:14 [http-nio-8080-exec-7] DEBUG o.s.w.s.h.LoggingWebSocketHandlerDecorator - New WebSocketServerSockJsSession[id=4nyzrg2f]
2026-03-16 16:55:14 [scheduling-1] DEBUG org.springframework.web.SimpLogging - Processing CONNECT session=4nyzrg2f
2026-03-16 16:55:14 [scheduling-1] DEBUG org.springframework.web.SimpLogging - Processing SUBSCRIBE /topic/notices id=sub-0 session=4nyzrg2f
2026-03-16 16:55:14 [scheduling-1] DEBUG org.springframework.web.SimpLogging - Processing SUBSCRIBE destination=/queue/notifications-user4nyzrg2f subscriptionId=sub-1 session=4nyzrg2f payload=byte[0]
2026-03-16 16:55:14 [scheduling-1] DEBUG org.springframework.web.SimpLogging - Processing SUBSCRIBE /topic/public id=sub-2 session=4nyzrg2f
2026-03-16 16:55:14 [http-nio-8080-exec-6] DEBUG o.s.orm.jpa.JpaTransactionManager - Found thread-bound EntityManager [SessionImpl(1366654635<open>)] for JPA transaction
2026-03-16 16:55:14 [http-nio-8080-exec-6] DEBUG o.s.orm.jpa.JpaTransactionManager - Participating in existing transaction
2026-03-16 16:55:14 [http-nio-8080-exec-6] DEBUG org.hibernate.SQL - select ua1_0.scrty_dtrmn_trget_id,ua1_0.author_code,ua1_0.frst_register_id,ua1_0.frst_regist_pnttm,ua1_0.last_updusr_id,ua1_0.last_updt_pnttm,ua1_0.mber_ty_code from nemplyrscrtyestbs ua1_0 where ua1_0.scrty_dtrmn_trget_id=?
2026-03-16 16:55:15 [http-nio-8080-exec-1] DEBUG o.s.orm.jpa.JpaTransactionManager - Exposing JPA transaction as JDBC [org.springframework.orm.jpa.vendor.HibernateJpaDialect$HibernateConnectionHandle@4f7a8be0]
2026-03-16 16:55:15 [http-nio-8080-exec-1] DEBUG o.s.orm.jpa.JpaTransactionManager - Found thread-bound EntityManager [SessionImpl(678918644<open>)] for JPA transaction
2026-03-16 16:55:15 [http-nio-8080-exec-1] DEBUG o.s.orm.jpa.JpaTransactionManager - Participating in existing transaction
2026-03-16 16:55:15 [http-nio-8080-exec-1] DEBUG org.hibernate.SQL - select u1_0.emplyr_id,u1_0.area_no,u1_0.brthdy,u1_0.chg_pwd_cnt,u1_0.frst_register_id,u1_0.frst_regist_pnttm,u1_0.detail_adres,u1_0.email_adres,u1_0.emplyr_sttus_code,u1_0.empl_no,u1_0.esntl_id,u1_0.fxnum,u1_0.group_id,u1_0.house_adres,u1_0.house_end_telno,u1_0.house_middle_telno,u1_0.ihidnum,u1_0.pstinst_code,u1_0.last_updusr_id,u1_0.last_updt_pnttm,u1_0.lock_at,u1_0.lock_cnt,u1_0.lock_last_pnttm,u1_0.mbtlnum,u1_0.ofcps_nm,u1_0.offm_telno,u1_0.orgnzt_id,u1_0.password,u1_0.password_cnsr,u1_0.password_hint,u1_0.chg_pwd_last_pnttm,u1_0.role,u1_0.sbscrb_de,u1_0.sexdstn_code,u1_0.crtfc_dn_value,u1_0.user_nm,u1_0.zip from nemplyrinfo u1_0 where u1_0.emplyr_id=?
2026-03-16 16:55:15 [http-nio-8080-exec-3] DEBUG o.s.orm.jpa.JpaTransactionManager - Exposing JPA transaction as JDBC [org.springframework.orm.jpa.vendor.HibernateJpaDialect$HibernateConnectionHandle@2bf19fd2]
2026-03-16 16:55:15 [http-nio-8080-exec-3] DEBUG o.s.orm.jpa.JpaTransactionManager - Found thread-bound EntityManager [SessionImpl(1296406942<open>)] for JPA transaction
2026-03-16 16:55:15 [http-nio-8080-exec-3] DEBUG o.s.orm.jpa.JpaTransactionManager - Participating in existing transaction
2026-03-16 16:55:15 [http-nio-8080-exec-3] DEBUG org.hibernate.SQL - select u1_0.emplyr_id,u1_0.area_no,u1_0.brthdy,u1_0.chg_pwd_cnt,u1_0.frst_register_id,u1_0.frst_regist_pnttm,u1_0.detail_adres,u1_0.email_adres,u1_0.emplyr_sttus_code,u1_0.empl_no,u1_0.esntl_id,u1_0.fxnum,u1_0.group_id,u1_0.house_adres,u1_0.house_end_telno,u1_0.house_middle_telno,u1_0.ihidnum,u1_0.pstinst_code,u1_0.last_updusr_id,u1_0.last_updt_pnttm,u1_0.lock_at,u1_0.lock_cnt,u1_0.lock_last_pnttm,u1_0.mbtlnum,u1_0.ofcps_nm,u1_0.offm_telno,u1_0.orgnzt_id,u1_0.password,u1_0.password_cnsr,u1_0.password_hint,u1_0.chg_pwd_last_pnttm,u1_0.role,u1_0.sbscrb_de,u1_0.sexdstn_code,u1_0.crtfc_dn_value,u1_0.user_nm,u1_0.zip from nemplyrinfo u1_0 where u1_0.emplyr_id=?
2026-03-16 16:55:15 [http-nio-8080-exec-6] DEBUG o.s.orm.jpa.JpaTransactionManager - Initiating transaction commit
2026-03-16 16:55:15 [http-nio-8080-exec-6] DEBUG o.s.orm.jpa.JpaTransactionManager - Committing JPA transaction on EntityManager [SessionImpl(1366654635<open>)]
2026-03-16 16:55:15 [http-nio-8080-exec-1] DEBUG o.s.orm.jpa.JpaTransactionManager - Found thread-bound EntityManager [SessionImpl(678918644<open>)] for JPA transaction
2026-03-16 16:55:15 [http-nio-8080-exec-1] DEBUG o.s.orm.jpa.JpaTransactionManager - Participating in existing transaction
2026-03-16 16:55:15 [http-nio-8080-exec-1] DEBUG org.hibernate.SQL - select ua1_0.scrty_dtrmn_trget_id,ua1_0.author_code,ua1_0.frst_register_id,ua1_0.frst_regist_pnttm,ua1_0.last_updusr_id,ua1_0.last_updt_pnttm,ua1_0.mber_ty_code from nemplyrscrtyestbs ua1_0 where ua1_0.scrty_dtrmn_trget_id=?
2026-03-16 16:55:15 [http-nio-8080-exec-8] DEBUG o.s.orm.jpa.JpaTransactionManager - Found thread-bound EntityManager [SessionImpl(78889317<open>)] for JPA transaction
2026-03-16 16:55:15 [http-nio-8080-exec-8] DEBUG o.s.orm.jpa.JpaTransactionManager - Participating in existing transaction
2026-03-16 16:55:15 [http-nio-8080-exec-8] DEBUG org.hibernate.SQL - select p1_0.progrm_file_nm,p1_0.progrm_dc,p1_0.progrm_korean_nm,p1_0.progrm_stre_path,p1_0.url from nprogrmlist p1_0
2026-03-16 16:55:15 [http-nio-8080-exec-3] DEBUG o.s.orm.jpa.JpaTransactionManager - Found thread-bound EntityManager [SessionImpl(1296406942<open>)] for JPA transaction
2026-03-16 16:55:15 [http-nio-8080-exec-3] DEBUG o.s.orm.jpa.JpaTransactionManager - Participating in existing transaction
2026-03-16 16:55:15 [http-nio-8080-exec-3] DEBUG org.hibernate.SQL - select ua1_0.scrty_dtrmn_trget_id,ua1_0.author_code,ua1_0.frst_register_id,ua1_0.frst_regist_pnttm,ua1_0.last_updusr_id,ua1_0.last_updt_pnttm,ua1_0.mber_ty_code from nemplyrscrtyestbs ua1_0 where ua1_0.scrty_dtrmn_trget_id=?
2026-03-16 16:55:15 [http-nio-8080-exec-6] DEBUG o.s.orm.jpa.JpaTransactionManager - Closing JPA EntityManager [SessionImpl(1366654635<open>)] after transaction
2026-03-16 16:55:15 [http-nio-8080-exec-6] DEBUG c.c.p.s.jwt.JwtAuthenticationFilter - >>> [JwtFilter] Successfully authenticated user: USRCNFRM_99999999999, Authorities: [ROLE_ADMIN]
2026-03-16 16:55:15 [http-nio-8080-exec-6] DEBUG o.s.web.servlet.DispatcherServlet - GET "/api/v1/admin/system/users?pageIndex=1&searchCondition=0&searchKeyword=%EA%B4%80%EB%A6%AC%EC%9E%90&sbscrbSttus=", parameters={masked}
2026-03-16 16:55:15 [http-nio-8080-exec-6] TRACE o.s.w.s.m.m.a.RequestMappingHandlerMapping - Mapped to com.company.project.api.controller.system.UserApiController#getUsers(Pageable)
2026-03-16 16:55:15 [http-nio-8080-exec-6] DEBUG o.s.orm.jpa.JpaTransactionManager - Creating new transaction with name [com.company.project.service.usermanagement.UserManageService.selectUserList]: PROPAGATION_REQUIRED,ISOLATION_DEFAULT,readOnly
2026-03-16 16:55:15 [http-nio-8080-exec-6] DEBUG o.s.orm.jpa.JpaTransactionManager - Opened new EntityManager [SessionImpl(121980042<open>)] for JPA transaction
2026-03-16 16:55:15 [http-nio-8080-exec-6] DEBUG o.s.orm.jpa.JpaTransactionManager - Exposing JPA transaction as JDBC [org.springframework.orm.jpa.vendor.HibernateJpaDialect$HibernateConnectionHandle@76c9a424]
2026-03-16 16:55:15 [http-nio-8080-exec-6] DEBUG org.hibernate.SQL - select u1_0.emplyr_id,u1_0.area_no,u1_0.brthdy,u1_0.chg_pwd_cnt,u1_0.frst_register_id,u1_0.frst_regist_pnttm,u1_0.detail_adres,u1_0.email_adres,u1_0.emplyr_sttus_code,u1_0.empl_no,u1_0.esntl_id,u1_0.fxnum,u1_0.group_id,u1_0.house_adres,u1_0.house_end_telno,u1_0.house_middle_telno,u1_0.ihidnum,u1_0.pstinst_code,u1_0.last_updusr_id,u1_0.last_updt_pnttm,u1_0.lock_at,u1_0.lock_cnt,u1_0.lock_last_pnttm,u1_0.mbtlnum,u1_0.ofcps_nm,u1_0.offm_telno,u1_0.orgnzt_id,u1_0.password,u1_0.password_cnsr,u1_0.password_hint,u1_0.chg_pwd_last_pnttm,u1_0.role,u1_0.sbscrb_de,u1_0.sexdstn_code,u1_0.crtfc_dn_value,u1_0.user_nm,u1_0.zip from nemplyrinfo u1_0 order by u1_0.emplyr_id desc offset ? rows fetch first ? rows only
2026-03-16 16:55:15 [http-nio-8080-exec-1] DEBUG o.s.orm.jpa.JpaTransactionManager - Initiating transaction commit
2026-03-16 16:55:15 [http-nio-8080-exec-1] DEBUG o.s.orm.jpa.JpaTransactionManager - Committing JPA transaction on EntityManager [SessionImpl(678918644<open>)]
2026-03-16 16:55:15 [http-nio-8080-exec-8] DEBUG o.s.orm.jpa.JpaTransactionManager - Initiating transaction commit
2026-03-16 16:55:15 [http-nio-8080-exec-8] DEBUG o.s.orm.jpa.JpaTransactionManager - Committing JPA transaction on EntityManager [SessionImpl(78889317<open>)]
2026-03-16 16:55:15 [http-nio-8080-exec-3] DEBUG o.s.orm.jpa.JpaTransactionManager - Initiating transaction commit
2026-03-16 16:55:15 [http-nio-8080-exec-3] DEBUG o.s.orm.jpa.JpaTransactionManager - Committing JPA transaction on EntityManager [SessionImpl(1296406942<open>)]
2026-03-16 16:55:15 [http-nio-8080-exec-6] DEBUG org.hibernate.SQL - select count(u1_0.emplyr_id) from nemplyrinfo u1_0
2026-03-16 16:55:15 [http-nio-8080-exec-1] DEBUG o.s.orm.jpa.JpaTransactionManager - Closing JPA EntityManager [SessionImpl(678918644<open>)] after transaction
2026-03-16 16:55:15 [http-nio-8080-exec-1] DEBUG c.c.p.s.jwt.JwtAuthenticationFilter - >>> [JwtFilter] Successfully authenticated user: USRCNFRM_99999999999, Authorities: [ROLE_ADMIN]
2026-03-16 16:55:15 [http-nio-8080-exec-1] DEBUG o.s.web.servlet.DispatcherServlet - GET "/api/v1/notifications", parameters={}
2026-03-16 16:55:15 [http-nio-8080-exec-1] TRACE o.s.w.s.m.m.a.RequestMappingHandlerMapping - Mapped to com.company.project.api.controller.notification.NotificationController#getMyNotifications(UserDetails)
2026-03-16 16:55:15 [http-nio-8080-exec-1] DEBUG o.s.orm.jpa.JpaTransactionManager - Creating new transaction with name [com.company.project.service.notification.NotificationService.getActiveNotifications]: PROPAGATION_REQUIRED,ISOLATION_DEFAULT,readOnly
2026-03-16 16:55:15 [http-nio-8080-exec-1] DEBUG o.s.orm.jpa.JpaTransactionManager - Opened new EntityManager [SessionImpl(1471090407<open>)] for JPA transaction
2026-03-16 16:55:15 [http-nio-8080-exec-1] DEBUG o.s.orm.jpa.JpaTransactionManager - Exposing JPA transaction as JDBC [org.springframework.orm.jpa.vendor.HibernateJpaDialect$HibernateConnectionHandle@32cb84b0]
2026-03-16 16:55:15 [http-nio-8080-exec-1] DEBUG o.s.orm.jpa.JpaTransactionManager - Found thread-bound EntityManager [SessionImpl(1471090407<open>)] for JPA transaction
2026-03-16 16:55:15 [http-nio-8080-exec-1] DEBUG o.s.orm.jpa.JpaTransactionManager - Participating in existing transaction
2026-03-16 16:55:15 [http-nio-8080-exec-1] DEBUG org.hibernate.SQL - select n1_0.ntcn_no,n1_0.frst_register_id,n1_0.frst_regist_pnttm,n1_0.is_read,n1_0.last_updusr_id,n1_0.last_updt_pnttm,n1_0.link_url,n1_0.ntcn_cn,n1_0.ntcn_sj,n1_0.receiver_id from n_user_notification n1_0
2026-03-16 16:55:15 [http-nio-8080-exec-8] DEBUG o.s.orm.jpa.JpaTransactionManager - Closing JPA EntityManager [SessionImpl(78889317<open>)] after transaction
2026-03-16 16:55:15 [http-nio-8080-exec-8] INFO  c.c.p.a.c.menu.MenuController - getLeftMenu returned 5 items
2026-03-16 16:55:15 [http-nio-8080-exec-8] DEBUG o.s.w.s.m.m.a.HttpEntityMethodProcessor - Using 'application/json', given [application/json, text/plain, */*] and supported [application/json, application/*+json, application/yaml]
2026-03-16 16:55:15 [http-nio-8080-exec-8] TRACE o.s.w.s.m.m.a.HttpEntityMethodProcessor - Writing [ApiResponse[success=true, status=200, code=COMMON_001, message=Success, data={list=[com.company.project.service.menu.dto.MenuDto@1b70cee, com.company.project.service.menu.dto.MenuDto@45236d97, com.company.project.service.menu.dto.MenuDto@33278235, com.company.project.service.menu.dto.MenuDto@5c592acc, com.company.project.service.menu.dto.MenuDto@65b08dd5]}, timestamp=2026-03-16T16:55:15.552598200]]
2026-03-16 16:55:15 [http-nio-8080-exec-8] INFO  c.c.p.a.i.OperationalAuditInterceptor - API Audit Log: URL=/api/v1/menu/left, User=webmaster, IP=127.0.0.1
2026-03-16 16:55:15 [http-nio-8080-exec-8] DEBUG o.s.web.servlet.DispatcherServlet - Completed 200 OK
2026-03-16 16:55:15 [http-nio-8080-exec-10] DEBUG c.c.p.s.jwt.JwtAuthenticationFilter - >>> [JwtFilter] Processing request: GET /api/v1/menu/left
2026-03-16 16:55:15 [http-nio-8080-exec-10] DEBUG c.c.p.s.jwt.JwtAuthenticationFilter - >>> [JwtFilter] Found token in header for path: /api/v1/menu/left
2026-03-16 16:55:15 [http-nio-8080-exec-10] DEBUG o.s.orm.jpa.JpaTransactionManager - Creating new transaction with name [com.company.project.security.iam.CustomUserDetailsService.loadUserByUsername]: PROPAGATION_REQUIRED,ISOLATION_DEFAULT,readOnly
2026-03-16 16:55:15 [http-nio-8080-exec-10] DEBUG o.s.orm.jpa.JpaTransactionManager - Opened new EntityManager [SessionImpl(1286335800<open>)] for JPA transaction
2026-03-16 16:55:15 [http-nio-8080-exec-3] DEBUG o.s.orm.jpa.JpaTransactionManager - Closing JPA EntityManager [SessionImpl(1296406942<open>)] after transaction
2026-03-16 16:55:15 [http-nio-8080-exec-3] DEBUG c.c.p.s.jwt.JwtAuthenticationFilter - >>> [JwtFilter] Successfully authenticated user: USRCNFRM_99999999999, Authorities: [ROLE_ADMIN]
2026-03-16 16:55:15 [http-nio-8080-exec-6] DEBUG o.s.orm.jpa.JpaTransactionManager - Initiating transaction commit
2026-03-16 16:55:15 [http-nio-8080-exec-6] DEBUG o.s.orm.jpa.JpaTransactionManager - Committing JPA transaction on EntityManager [SessionImpl(121980042<open>)]
2026-03-16 16:55:15 [http-nio-8080-exec-3] DEBUG o.s.web.servlet.DispatcherServlet - GET "/api/v1/notifications/unread-count", parameters={}
2026-03-16 16:55:15 [http-nio-8080-exec-3] TRACE o.s.w.s.m.m.a.RequestMappingHandlerMapping - Mapped to com.company.project.api.controller.notification.NotificationController#getUnreadCount(UserDetails)
2026-03-16 16:55:15 [http-nio-8080-exec-3] DEBUG o.s.orm.jpa.JpaTransactionManager - Creating new transaction with name [com.company.project.service.notification.NotificationService.getUnreadCount]: PROPAGATION_REQUIRED,ISOLATION_DEFAULT,readOnly
2026-03-16 16:55:15 [http-nio-8080-exec-3] DEBUG o.s.orm.jpa.JpaTransactionManager - Opened new EntityManager [SessionImpl(878248261<open>)] for JPA transaction
2026-03-16 16:55:15 [http-nio-8080-exec-3] DEBUG o.s.orm.jpa.JpaTransactionManager - Exposing JPA transaction as JDBC [org.springframework.orm.jpa.vendor.HibernateJpaDialect$HibernateConnectionHandle@1b9a2114]
2026-03-16 16:55:15 [http-nio-8080-exec-3] DEBUG org.hibernate.SQL - select count(n1_0.ntcn_no) from n_user_notification n1_0 where n1_0.receiver_id=? and n1_0.is_read=?
2026-03-16 16:55:15 [http-nio-8080-exec-1] DEBUG o.s.orm.jpa.JpaTransactionManager - Initiating transaction commit
2026-03-16 16:55:15 [http-nio-8080-exec-1] DEBUG o.s.orm.jpa.JpaTransactionManager - Committing JPA transaction on EntityManager [SessionImpl(1471090407<open>)]
2026-03-16 16:55:15 [http-nio-8080-exec-10] DEBUG o.s.orm.jpa.JpaTransactionManager - Exposing JPA transaction as JDBC [org.springframework.orm.jpa.vendor.HibernateJpaDialect$HibernateConnectionHandle@4195c11a]
2026-03-16 16:55:15 [http-nio-8080-exec-10] DEBUG o.s.orm.jpa.JpaTransactionManager - Found thread-bound EntityManager [SessionImpl(1286335800<open>)] for JPA transaction
2026-03-16 16:55:15 [http-nio-8080-exec-10] DEBUG o.s.orm.jpa.JpaTransactionManager - Participating in existing transaction
2026-03-16 16:55:15 [http-nio-8080-exec-10] DEBUG org.hibernate.SQL - select u1_0.emplyr_id,u1_0.area_no,u1_0.brthdy,u1_0.chg_pwd_cnt,u1_0.frst_register_id,u1_0.frst_regist_pnttm,u1_0.detail_adres,u1_0.email_adres,u1_0.emplyr_sttus_code,u1_0.empl_no,u1_0.esntl_id,u1_0.fxnum,u1_0.group_id,u1_0.house_adres,u1_0.house_end_telno,u1_0.house_middle_telno,u1_0.ihidnum,u1_0.pstinst_code,u1_0.last_updusr_id,u1_0.last_updt_pnttm,u1_0.lock_at,u1_0.lock_cnt,u1_0.lock_last_pnttm,u1_0.mbtlnum,u1_0.ofcps_nm,u1_0.offm_telno,u1_0.orgnzt_id,u1_0.password,u1_0.password_cnsr,u1_0.password_hint,u1_0.chg_pwd_last_pnttm,u1_0.role,u1_0.sbscrb_de,u1_0.sexdstn_code,u1_0.crtfc_dn_value,u1_0.user_nm,u1_0.zip from nemplyrinfo u1_0 where u1_0.emplyr_id=?
2026-03-16 16:55:15 [http-nio-8080-exec-6] DEBUG o.s.orm.jpa.JpaTransactionManager - Closing JPA EntityManager [SessionImpl(121980042<open>)] after transaction
2026-03-16 16:55:15 [http-nio-8080-exec-6] DEBUG o.s.orm.jpa.JpaTransactionManager - Creating new transaction with name [com.company.project.service.usermanagement.UserManageService.selectUserListTotCnt]: PROPAGATION_REQUIRED,ISOLATION_DEFAULT,readOnly
2026-03-16 16:55:15 [http-nio-8080-exec-6] DEBUG o.s.orm.jpa.JpaTransactionManager - Opened new EntityManager [SessionImpl(1971326558<open>)] for JPA transaction
2026-03-16 16:55:15 [http-nio-8080-exec-6] DEBUG o.s.orm.jpa.JpaTransactionManager - Exposing JPA transaction as JDBC [org.springframework.orm.jpa.vendor.HibernateJpaDialect$HibernateConnectionHandle@191fc614]
2026-03-16 16:55:15 [http-nio-8080-exec-6] DEBUG org.hibernate.SQL - select u1_0.emplyr_id,u1_0.area_no,u1_0.brthdy,u1_0.chg_pwd_cnt,u1_0.frst_register_id,u1_0.frst_regist_pnttm,u1_0.detail_adres,u1_0.email_adres,u1_0.emplyr_sttus_code,u1_0.empl_no,u1_0.esntl_id,u1_0.fxnum,u1_0.group_id,u1_0.house_adres,u1_0.house_end_telno,u1_0.house_middle_telno,u1_0.ihidnum,u1_0.pstinst_code,u1_0.last_updusr_id,u1_0.last_updt_pnttm,u1_0.lock_at,u1_0.lock_cnt,u1_0.lock_last_pnttm,u1_0.mbtlnum,u1_0.ofcps_nm,u1_0.offm_telno,u1_0.orgnzt_id,u1_0.password,u1_0.password_cnsr,u1_0.password_hint,u1_0.chg_pwd_last_pnttm,u1_0.role,u1_0.sbscrb_de,u1_0.sexdstn_code,u1_0.crtfc_dn_value,u1_0.user_nm,u1_0.zip from nemplyrinfo u1_0 order by u1_0.emplyr_id desc offset ? rows fetch first ? rows only
2026-03-16 16:55:15 [http-nio-8080-exec-3] DEBUG o.s.orm.jpa.JpaTransactionManager - Initiating transaction commit
2026-03-16 16:55:15 [http-nio-8080-exec-3] DEBUG o.s.orm.jpa.JpaTransactionManager - Committing JPA transaction on EntityManager [SessionImpl(878248261<open>)]
2026-03-16 16:55:15 [http-nio-8080-exec-1] DEBUG o.s.orm.jpa.JpaTransactionManager - Closing JPA EntityManager [SessionImpl(1471090407<open>)] after transaction
2026-03-16 16:55:15 [http-nio-8080-exec-1] DEBUG o.s.w.s.m.m.a.HttpEntityMethodProcessor - Using 'application/json', given [application/json, text/plain, */*] and supported [application/json, application/*+json, application/yaml]
2026-03-16 16:55:15 [http-nio-8080-exec-1] TRACE o.s.w.s.m.m.a.HttpEntityMethodProcessor - Writing [ApiResponse[success=true, status=200, code=COMMON_001, message=Success, data=[NotificationDto(ntfcNo=NT001, ntfcSj=테스트 알림입니다, ntfcCn=알림 내용입니다, ntfcDate=null, ntfcTime=2026-02-25T00:59:33.784070, bhNtfcIntrvl=null, uniqId=null, frstRegisterId=null, frstRegisterPnttm=2026-02-25T00:59:33.784070, lastUpdusrId=null, lastUpdusrPnttm=null)], timestamp=2026-03-16T16:55:15.835663]]
2026-03-16 16:55:15 [http-nio-8080-exec-1] INFO  c.c.p.a.i.OperationalAuditInterceptor - API Audit Log: URL=/api/v1/notifications, User=webmaster, IP=127.0.0.1
2026-03-16 16:55:15 [http-nio-8080-exec-1] DEBUG o.s.web.servlet.DispatcherServlet - Completed 200 OK
2026-03-16 16:55:15 [http-nio-8080-exec-2] DEBUG c.c.p.s.jwt.JwtAuthenticationFilter - >>> [JwtFilter] Processing request: GET /api/v1/notifications
2026-03-16 16:55:15 [http-nio-8080-exec-2] DEBUG c.c.p.s.jwt.JwtAuthenticationFilter - >>> [JwtFilter] Found token in header for path: /api/v1/notifications
2026-03-16 16:55:15 [http-nio-8080-exec-2] DEBUG o.s.orm.jpa.JpaTransactionManager - Creating new transaction with name [com.company.project.security.iam.CustomUserDetailsService.loadUserByUsername]: PROPAGATION_REQUIRED,ISOLATION_DEFAULT,readOnly
2026-03-16 16:55:15 [http-nio-8080-exec-2] DEBUG o.s.orm.jpa.JpaTransactionManager - Opened new EntityManager [SessionImpl(1178354850<open>)] for JPA transaction
2026-03-16 16:55:15 [http-nio-8080-exec-10] DEBUG o.s.orm.jpa.JpaTransactionManager - Found thread-bound EntityManager [SessionImpl(1286335800<open>)] for JPA transaction
2026-03-16 16:55:15 [http-nio-8080-exec-10] DEBUG o.s.orm.jpa.JpaTransactionManager - Participating in existing transaction
2026-03-16 16:55:15 [http-nio-8080-exec-10] DEBUG org.hibernate.SQL - select ua1_0.scrty_dtrmn_trget_id,ua1_0.author_code,ua1_0.frst_register_id,ua1_0.frst_regist_pnttm,ua1_0.last_updusr_id,ua1_0.last_updt_pnttm,ua1_0.mber_ty_code from nemplyrscrtyestbs ua1_0 where ua1_0.scrty_dtrmn_trget_id=?
2026-03-16 16:55:15 [http-nio-8080-exec-3] DEBUG o.s.orm.jpa.JpaTransactionManager - Closing JPA EntityManager [SessionImpl(878248261<open>)] after transaction
2026-03-16 16:55:15 [http-nio-8080-exec-3] DEBUG o.s.w.s.m.m.a.HttpEntityMethodProcessor - Using 'application/json', given [application/json, text/plain, */*] and supported [application/json, application/*+json, application/yaml]
2026-03-16 16:55:15 [http-nio-8080-exec-3] TRACE o.s.w.s.m.m.a.HttpEntityMethodProcessor - Writing [ApiResponse[success=true, status=200, code=COMMON_001, message=Success, data=0, timestamp=2026-03-16T16:55:15.885931800]]
2026-03-16 16:55:15 [http-nio-8080-exec-3] INFO  c.c.p.a.i.OperationalAuditInterceptor - API Audit Log: URL=/api/v1/notifications/unread-count, User=webmaster, IP=127.0.0.1
2026-03-16 16:55:15 [http-nio-8080-exec-3] DEBUG o.s.web.servlet.DispatcherServlet - Completed 200 OK
2026-03-16 16:55:15 [http-nio-8080-exec-7] DEBUG c.c.p.s.jwt.JwtAuthenticationFilter - >>> [JwtFilter] Processing request: GET /api/v1/notifications/unread-count
2026-03-16 16:55:15 [http-nio-8080-exec-7] DEBUG c.c.p.s.jwt.JwtAuthenticationFilter - >>> [JwtFilter] Found token in header for path: /api/v1/notifications/unread-count
2026-03-16 16:55:15 [http-nio-8080-exec-7] DEBUG o.s.orm.jpa.JpaTransactionManager - Creating new transaction with name [com.company.project.security.iam.CustomUserDetailsService.loadUserByUsername]: PROPAGATION_REQUIRED,ISOLATION_DEFAULT,readOnly
2026-03-16 16:55:15 [http-nio-8080-exec-7] DEBUG o.s.orm.jpa.JpaTransactionManager - Opened new EntityManager [SessionImpl(1473998337<open>)] for JPA transaction
2026-03-16 16:55:15 [http-nio-8080-exec-6] DEBUG org.hibernate.SQL - select count(u1_0.emplyr_id) from nemplyrinfo u1_0
2026-03-16 16:55:15 [http-nio-8080-exec-2] DEBUG o.s.orm.jpa.JpaTransactionManager - Exposing JPA transaction as JDBC [org.springframework.orm.jpa.vendor.HibernateJpaDialect$HibernateConnectionHandle@3bb1a7ad]
2026-03-16 16:55:15 [http-nio-8080-exec-2] DEBUG o.s.orm.jpa.JpaTransactionManager - Found thread-bound EntityManager [SessionImpl(1178354850<open>)] for JPA transaction
2026-03-16 16:55:15 [http-nio-8080-exec-2] DEBUG o.s.orm.jpa.JpaTransactionManager - Participating in existing transaction
2026-03-16 16:55:15 [http-nio-8080-exec-2] DEBUG org.hibernate.SQL - select u1_0.emplyr_id,u1_0.area_no,u1_0.brthdy,u1_0.chg_pwd_cnt,u1_0.frst_register_id,u1_0.frst_regist_pnttm,u1_0.detail_adres,u1_0.email_adres,u1_0.emplyr_sttus_code,u1_0.empl_no,u1_0.esntl_id,u1_0.fxnum,u1_0.group_id,u1_0.house_adres,u1_0.house_end_telno,u1_0.house_middle_telno,u1_0.ihidnum,u1_0.pstinst_code,u1_0.last_updusr_id,u1_0.last_updt_pnttm,u1_0.lock_at,u1_0.lock_cnt,u1_0.lock_last_pnttm,u1_0.mbtlnum,u1_0.ofcps_nm,u1_0.offm_telno,u1_0.orgnzt_id,u1_0.password,u1_0.password_cnsr,u1_0.password_hint,u1_0.chg_pwd_last_pnttm,u1_0.role,u1_0.sbscrb_de,u1_0.sexdstn_code,u1_0.crtfc_dn_value,u1_0.user_nm,u1_0.zip from nemplyrinfo u1_0 where u1_0.emplyr_id=?
2026-03-16 16:55:16 [http-nio-8080-exec-10] DEBUG o.s.orm.jpa.JpaTransactionManager - Initiating transaction commit
2026-03-16 16:55:16 [http-nio-8080-exec-10] DEBUG o.s.orm.jpa.JpaTransactionManager - Committing JPA transaction on EntityManager [SessionImpl(1286335800<open>)]
2026-03-16 16:55:16 [http-nio-8080-exec-7] DEBUG o.s.orm.jpa.JpaTransactionManager - Exposing JPA transaction as JDBC [org.springframework.orm.jpa.vendor.HibernateJpaDialect$HibernateConnectionHandle@2a895b14]
2026-03-16 16:55:16 [http-nio-8080-exec-7] DEBUG o.s.orm.jpa.JpaTransactionManager - Found thread-bound EntityManager [SessionImpl(1473998337<open>)] for JPA transaction
2026-03-16 16:55:16 [http-nio-8080-exec-7] DEBUG o.s.orm.jpa.JpaTransactionManager - Participating in existing transaction
2026-03-16 16:55:16 [http-nio-8080-exec-7] DEBUG org.hibernate.SQL - select u1_0.emplyr_id,u1_0.area_no,u1_0.brthdy,u1_0.chg_pwd_cnt,u1_0.frst_register_id,u1_0.frst_regist_pnttm,u1_0.detail_adres,u1_0.email_adres,u1_0.emplyr_sttus_code,u1_0.empl_no,u1_0.esntl_id,u1_0.fxnum,u1_0.group_id,u1_0.house_adres,u1_0.house_end_telno,u1_0.house_middle_telno,u1_0.ihidnum,u1_0.pstinst_code,u1_0.last_updusr_id,u1_0.last_updt_pnttm,u1_0.lock_at,u1_0.lock_cnt,u1_0.lock_last_pnttm,u1_0.mbtlnum,u1_0.ofcps_nm,u1_0.offm_telno,u1_0.orgnzt_id,u1_0.password,u1_0.password_cnsr,u1_0.password_hint,u1_0.chg_pwd_last_pnttm,u1_0.role,u1_0.sbscrb_de,u1_0.sexdstn_code,u1_0.crtfc_dn_value,u1_0.user_nm,u1_0.zip from nemplyrinfo u1_0 where u1_0.emplyr_id=?
2026-03-16 16:55:16 [http-nio-8080-exec-6] DEBUG o.s.orm.jpa.JpaTransactionManager - Initiating transaction commit
2026-03-16 16:55:16 [http-nio-8080-exec-6] DEBUG o.s.orm.jpa.JpaTransactionManager - Committing JPA transaction on EntityManager [SessionImpl(1971326558<open>)]
2026-03-16 16:55:16 [http-nio-8080-exec-2] DEBUG o.s.orm.jpa.JpaTransactionManager - Found thread-bound EntityManager [SessionImpl(1178354850<open>)] for JPA transaction
2026-03-16 16:55:16 [http-nio-8080-exec-2] DEBUG o.s.orm.jpa.JpaTransactionManager - Participating in existing transaction
2026-03-16 16:55:16 [http-nio-8080-exec-2] DEBUG org.hibernate.SQL - select ua1_0.scrty_dtrmn_trget_id,ua1_0.author_code,ua1_0.frst_register_id,ua1_0.frst_regist_pnttm,ua1_0.last_updusr_id,ua1_0.last_updt_pnttm,ua1_0.mber_ty_code from nemplyrscrtyestbs ua1_0 where ua1_0.scrty_dtrmn_trget_id=?
2026-03-16 16:55:16 [http-nio-8080-exec-10] DEBUG o.s.orm.jpa.JpaTransactionManager - Closing JPA EntityManager [SessionImpl(1286335800<open>)] after transaction
2026-03-16 16:55:16 [http-nio-8080-exec-10] DEBUG c.c.p.s.jwt.JwtAuthenticationFilter - >>> [JwtFilter] Successfully authenticated user: USRCNFRM_99999999999, Authorities: [ROLE_ADMIN]
2026-03-16 16:55:16 [http-nio-8080-exec-10] DEBUG o.s.web.servlet.DispatcherServlet - GET "/api/v1/menu/left?menuNo=20", parameters={masked}
2026-03-16 16:55:16 [http-nio-8080-exec-10] TRACE o.s.w.s.m.m.a.RequestMappingHandlerMapping - Mapped to com.company.project.api.controller.menu.MenuController#getLeftMenu(Long)
2026-03-16 16:55:16 [http-nio-8080-exec-10] INFO  c.c.p.a.c.menu.MenuController - getLeftMenu called with menuNo=20
2026-03-16 16:55:16 [http-nio-8080-exec-10] DEBUG o.s.orm.jpa.JpaTransactionManager - Creating new transaction with name [com.company.project.service.menu.MenuService.getSubMenus]: PROPAGATION_REQUIRED,ISOLATION_DEFAULT,readOnly
2026-03-16 16:55:16 [http-nio-8080-exec-10] DEBUG o.s.orm.jpa.JpaTransactionManager - Opened new EntityManager [SessionImpl(429014140<open>)] for JPA transaction
2026-03-16 16:55:16 [http-nio-8080-exec-10] DEBUG o.s.orm.jpa.JpaTransactionManager - Exposing JPA transaction as JDBC [org.springframework.orm.jpa.vendor.HibernateJpaDialect$HibernateConnectionHandle@40866a85]
2026-03-16 16:55:16 [http-nio-8080-exec-10] DEBUG org.hibernate.SQL - select m1_0.menu_no,m1_0.menu_dc,m1_0.menu_nm,m1_0.menu_ordr,m1_0.modern_route,m1_0.progrm_file_nm,m1_0.relate_image_nm,m1_0.relate_image_path,m1_0.route_updated_at,m1_0.upper_menu_no from nmenuinfo m1_0 order by m1_0.upper_menu_no,m1_0.menu_ordr
2026-03-16 16:55:16 [http-nio-8080-exec-7] DEBUG o.s.orm.jpa.JpaTransactionManager - Found thread-bound EntityManager [SessionImpl(1473998337<open>)] for JPA transaction
2026-03-16 16:55:16 [http-nio-8080-exec-7] DEBUG o.s.orm.jpa.JpaTransactionManager - Participating in existing transaction
2026-03-16 16:55:16 [http-nio-8080-exec-7] DEBUG org.hibernate.SQL - select ua1_0.scrty_dtrmn_trget_id,ua1_0.author_code,ua1_0.frst_register_id,ua1_0.frst_regist_pnttm,ua1_0.last_updusr_id,ua1_0.last_updt_pnttm,ua1_0.mber_ty_code from nemplyrscrtyestbs ua1_0 where ua1_0.scrty_dtrmn_trget_id=?
2026-03-16 16:55:16 [http-nio-8080-exec-6] DEBUG o.s.orm.jpa.JpaTransactionManager - Closing JPA EntityManager [SessionImpl(1971326558<open>)] after transaction
2026-03-16 16:55:16 [http-nio-8080-exec-6] DEBUG o.s.w.s.m.m.a.HttpEntityMethodProcessor - Using 'application/json', given [application/json, text/plain, */*] and supported [application/json, application/*+json, application/yaml]
2026-03-16 16:55:16 [http-nio-8080-exec-6] TRACE o.s.w.s.m.m.a.HttpEntityMethodProcessor - Writing [ApiResponse[success=true, status=200, code=COMMON_001, message=Success, data=com.company.project.core.response.PageResponse@658b1260, timestamp=2026-03-16T16:55:16.222605600]]
2026-03-16 16:55:16 [http-nio-8080-exec-6] INFO  c.c.p.a.i.OperationalAuditInterceptor - API Audit Log: URL=/api/v1/admin/system/users, User=webmaster, IP=0:0:0:0:0:0:0:1
2026-03-16 16:55:16 [http-nio-8080-exec-6] DEBUG o.s.web.servlet.DispatcherServlet - Completed 200 OK
2026-03-16 16:55:16 [http-nio-8080-exec-2] DEBUG o.s.orm.jpa.JpaTransactionManager - Initiating transaction commit
2026-03-16 16:55:16 [http-nio-8080-exec-2] DEBUG o.s.orm.jpa.JpaTransactionManager - Committing JPA transaction on EntityManager [SessionImpl(1178354850<open>)]
2026-03-16 16:55:16 [http-nio-8080-exec-7] DEBUG o.s.orm.jpa.JpaTransactionManager - Initiating transaction commit
2026-03-16 16:55:16 [http-nio-8080-exec-7] DEBUG o.s.orm.jpa.JpaTransactionManager - Committing JPA transaction on EntityManager [SessionImpl(1473998337<open>)]
2026-03-16 16:55:16 [http-nio-8080-exec-2] DEBUG o.s.orm.jpa.JpaTransactionManager - Closing JPA EntityManager [SessionImpl(1178354850<open>)] after transaction
2026-03-16 16:55:16 [http-nio-8080-exec-2] DEBUG c.c.p.s.jwt.JwtAuthenticationFilter - >>> [JwtFilter] Successfully authenticated user: USRCNFRM_99999999999, Authorities: [ROLE_ADMIN]
2026-03-16 16:55:16 [http-nio-8080-exec-2] DEBUG o.s.web.servlet.DispatcherServlet - GET "/api/v1/notifications", parameters={}
2026-03-16 16:55:16 [http-nio-8080-exec-2] TRACE o.s.w.s.m.m.a.RequestMappingHandlerMapping - Mapped to com.company.project.api.controller.notification.NotificationController#getMyNotifications(UserDetails)
2026-03-16 16:55:16 [http-nio-8080-exec-2] DEBUG o.s.orm.jpa.JpaTransactionManager - Creating new transaction with name [com.company.project.service.notification.NotificationService.getActiveNotifications]: PROPAGATION_REQUIRED,ISOLATION_DEFAULT,readOnly
2026-03-16 16:55:16 [http-nio-8080-exec-2] DEBUG o.s.orm.jpa.JpaTransactionManager - Opened new EntityManager [SessionImpl(1381623546<open>)] for JPA transaction
2026-03-16 16:55:16 [http-nio-8080-exec-2] DEBUG o.s.orm.jpa.JpaTransactionManager - Exposing JPA transaction as JDBC [org.springframework.orm.jpa.vendor.HibernateJpaDialect$HibernateConnectionHandle@1b484e53]
2026-03-16 16:55:16 [http-nio-8080-exec-2] DEBUG o.s.orm.jpa.JpaTransactionManager - Found thread-bound EntityManager [SessionImpl(1381623546<open>)] for JPA transaction
2026-03-16 16:55:16 [http-nio-8080-exec-2] DEBUG o.s.orm.jpa.JpaTransactionManager - Participating in existing transaction
2026-03-16 16:55:16 [http-nio-8080-exec-2] DEBUG org.hibernate.SQL - select n1_0.ntcn_no,n1_0.frst_register_id,n1_0.frst_regist_pnttm,n1_0.is_read,n1_0.last_updusr_id,n1_0.last_updt_pnttm,n1_0.link_url,n1_0.ntcn_cn,n1_0.ntcn_sj,n1_0.receiver_id from n_user_notification n1_0
2026-03-16 16:55:16 [http-nio-8080-exec-10] DEBUG o.s.orm.jpa.JpaTransactionManager - Found thread-bound EntityManager [SessionImpl(429014140<open>)] for JPA transaction
2026-03-16 16:55:16 [http-nio-8080-exec-10] DEBUG o.s.orm.jpa.JpaTransactionManager - Participating in existing transaction
2026-03-16 16:55:16 [http-nio-8080-exec-10] DEBUG org.hibernate.SQL - select p1_0.progrm_file_nm,p1_0.progrm_dc,p1_0.progrm_korean_nm,p1_0.progrm_stre_path,p1_0.url from nprogrmlist p1_0
2026-03-16 16:55:16 [http-nio-8080-exec-7] DEBUG o.s.orm.jpa.JpaTransactionManager - Closing JPA EntityManager [SessionImpl(1473998337<open>)] after transaction
2026-03-16 16:55:16 [http-nio-8080-exec-7] DEBUG c.c.p.s.jwt.JwtAuthenticationFilter - >>> [JwtFilter] Successfully authenticated user: USRCNFRM_99999999999, Authorities: [ROLE_ADMIN]
2026-03-16 16:55:16 [http-nio-8080-exec-7] DEBUG o.s.web.servlet.DispatcherServlet - GET "/api/v1/notifications/unread-count", parameters={}
2026-03-16 16:55:16 [http-nio-8080-exec-7] TRACE o.s.w.s.m.m.a.RequestMappingHandlerMapping - Mapped to com.company.project.api.controller.notification.NotificationController#getUnreadCount(UserDetails)
2026-03-16 16:55:16 [http-nio-8080-exec-7] DEBUG o.s.orm.jpa.JpaTransactionManager - Creating new transaction with name [com.company.project.service.notification.NotificationService.getUnreadCount]: PROPAGATION_REQUIRED,ISOLATION_DEFAULT,readOnly
2026-03-16 16:55:16 [http-nio-8080-exec-7] DEBUG o.s.orm.jpa.JpaTransactionManager - Opened new EntityManager [SessionImpl(2063169082<open>)] for JPA transaction
2026-03-16 16:55:16 [http-nio-8080-exec-7] DEBUG o.s.orm.jpa.JpaTransactionManager - Exposing JPA transaction as JDBC [org.springframework.orm.jpa.vendor.HibernateJpaDialect$HibernateConnectionHandle@e504bbc]
2026-03-16 16:55:16 [http-nio-8080-exec-7] DEBUG org.hibernate.SQL - select count(n1_0.ntcn_no) from n_user_notification n1_0 where n1_0.receiver_id=? and n1_0.is_read=?
2026-03-16 16:55:16 [http-nio-8080-exec-2] DEBUG o.s.orm.jpa.JpaTransactionManager - Initiating transaction commit
2026-03-16 16:55:16 [http-nio-8080-exec-2] DEBUG o.s.orm.jpa.JpaTransactionManager - Committing JPA transaction on EntityManager [SessionImpl(1381623546<open>)]
2026-03-16 16:55:16 [http-nio-8080-exec-10] DEBUG o.s.orm.jpa.JpaTransactionManager - Initiating transaction commit
2026-03-16 16:55:16 [http-nio-8080-exec-10] DEBUG o.s.orm.jpa.JpaTransactionManager - Committing JPA transaction on EntityManager [SessionImpl(429014140<open>)]
2026-03-16 16:55:16 [http-nio-8080-exec-7] DEBUG o.s.orm.jpa.JpaTransactionManager - Initiating transaction commit
2026-03-16 16:55:16 [http-nio-8080-exec-7] DEBUG o.s.orm.jpa.JpaTransactionManager - Committing JPA transaction on EntityManager [SessionImpl(2063169082<open>)]
2026-03-16 16:55:16 [http-nio-8080-exec-2] DEBUG o.s.orm.jpa.JpaTransactionManager - Closing JPA EntityManager [SessionImpl(1381623546<open>)] after transaction
2026-03-16 16:55:16 [http-nio-8080-exec-2] DEBUG o.s.w.s.m.m.a.HttpEntityMethodProcessor - Using 'application/json', given [application/json, text/plain, */*] and supported [application/json, application/*+json, application/yaml]
2026-03-16 16:55:16 [http-nio-8080-exec-2] TRACE o.s.w.s.m.m.a.HttpEntityMethodProcessor - Writing [ApiResponse[success=true, status=200, code=COMMON_001, message=Success, data=[NotificationDto(ntfcNo=NT001, ntfcSj=테스트 알림입니다, ntfcCn=알림 내용입니다, ntfcDate=null, ntfcTime=2026-02-25T00:59:33.784070, bhNtfcIntrvl=null, uniqId=null, frstRegisterId=null, frstRegisterPnttm=2026-02-25T00:59:33.784070, lastUpdusrId=null, lastUpdusrPnttm=null)], timestamp=2026-03-16T16:55:16.742889]]
2026-03-16 16:55:16 [http-nio-8080-exec-2] INFO  c.c.p.a.i.OperationalAuditInterceptor - API Audit Log: URL=/api/v1/notifications, User=webmaster, IP=127.0.0.1
2026-03-16 16:55:16 [http-nio-8080-exec-2] DEBUG o.s.web.servlet.DispatcherServlet - Completed 200 OK
2026-03-16 16:55:16 [http-nio-8080-exec-10] DEBUG o.s.orm.jpa.JpaTransactionManager - Closing JPA EntityManager [SessionImpl(429014140<open>)] after transaction
2026-03-16 16:55:16 [http-nio-8080-exec-10] INFO  c.c.p.a.c.menu.MenuController - getLeftMenu returned 3 items
2026-03-16 16:55:16 [http-nio-8080-exec-10] DEBUG o.s.w.s.m.m.a.HttpEntityMethodProcessor - Using 'application/json', given [application/json, text/plain, */*] and supported [application/json, application/*+json, application/yaml]
2026-03-16 16:55:16 [http-nio-8080-exec-10] TRACE o.s.w.s.m.m.a.HttpEntityMethodProcessor - Writing [ApiResponse[success=true, status=200, code=COMMON_001, message=Success, data={list=[com.company.project.service.menu.dto.MenuDto@3933b7da, com.company.project.service.menu.dto.MenuDto@3c0bc14c, com.company.project.service.menu.dto.MenuDto@432cd2ae]}, timestamp=2026-03-16T16:55:16.821453]]
2026-03-16 16:55:16 [http-nio-8080-exec-10] INFO  c.c.p.a.i.OperationalAuditInterceptor - API Audit Log: URL=/api/v1/menu/left, User=webmaster, IP=127.0.0.1
2026-03-16 16:55:16 [http-nio-8080-exec-10] DEBUG o.s.web.servlet.DispatcherServlet - Completed 200 OK
2026-03-16 16:55:16 [http-nio-8080-exec-5] DEBUG c.c.p.s.jwt.JwtAuthenticationFilter - >>> [JwtFilter] Processing request: GET /api/v1/menu/left
2026-03-16 16:55:16 [http-nio-8080-exec-5] DEBUG c.c.p.s.jwt.JwtAuthenticationFilter - >>> [JwtFilter] Found token in header for path: /api/v1/menu/left
2026-03-16 16:55:16 [http-nio-8080-exec-5] DEBUG o.s.orm.jpa.JpaTransactionManager - Creating new transaction with name [com.company.project.security.iam.CustomUserDetailsService.loadUserByUsername]: PROPAGATION_REQUIRED,ISOLATION_DEFAULT,readOnly
2026-03-16 16:55:16 [http-nio-8080-exec-5] DEBUG o.s.orm.jpa.JpaTransactionManager - Opened new EntityManager [SessionImpl(1995419858<open>)] for JPA transaction
2026-03-16 16:55:16 [http-nio-8080-exec-7] DEBUG o.s.orm.jpa.JpaTransactionManager - Closing JPA EntityManager [SessionImpl(2063169082<open>)] after transaction
2026-03-16 16:55:16 [http-nio-8080-exec-7] DEBUG o.s.w.s.m.m.a.HttpEntityMethodProcessor - Using 'application/json', given [application/json, text/plain, */*] and supported [application/json, application/*+json, application/yaml]
2026-03-16 16:55:16 [http-nio-8080-exec-7] TRACE o.s.w.s.m.m.a.HttpEntityMethodProcessor - Writing [ApiResponse[success=true, status=200, code=COMMON_001, message=Success, data=0, timestamp=2026-03-16T16:55:16.832643]]
2026-03-16 16:55:16 [http-nio-8080-exec-7] INFO  c.c.p.a.i.OperationalAuditInterceptor - API Audit Log: URL=/api/v1/notifications/unread-count, User=webmaster, IP=127.0.0.1
2026-03-16 16:55:16 [http-nio-8080-exec-7] DEBUG o.s.web.servlet.DispatcherServlet - Completed 200 OK
2026-03-16 16:55:16 [http-nio-8080-exec-5] DEBUG o.s.orm.jpa.JpaTransactionManager - Exposing JPA transaction as JDBC [org.springframework.orm.jpa.vendor.HibernateJpaDialect$HibernateConnectionHandle@3be8d377]
2026-03-16 16:55:16 [http-nio-8080-exec-5] DEBUG o.s.orm.jpa.JpaTransactionManager - Found thread-bound EntityManager [SessionImpl(1995419858<open>)] for JPA transaction
2026-03-16 16:55:16 [http-nio-8080-exec-5] DEBUG o.s.orm.jpa.JpaTransactionManager - Participating in existing transaction
2026-03-16 16:55:16 [http-nio-8080-exec-5] DEBUG org.hibernate.SQL - select u1_0.emplyr_id,u1_0.area_no,u1_0.brthdy,u1_0.chg_pwd_cnt,u1_0.frst_register_id,u1_0.frst_regist_pnttm,u1_0.detail_adres,u1_0.email_adres,u1_0.emplyr_sttus_code,u1_0.empl_no,u1_0.esntl_id,u1_0.fxnum,u1_0.group_id,u1_0.house_adres,u1_0.house_end_telno,u1_0.house_middle_telno,u1_0.ihidnum,u1_0.pstinst_code,u1_0.last_updusr_id,u1_0.last_updt_pnttm,u1_0.lock_at,u1_0.lock_cnt,u1_0.lock_last_pnttm,u1_0.mbtlnum,u1_0.ofcps_nm,u1_0.offm_telno,u1_0.orgnzt_id,u1_0.password,u1_0.password_cnsr,u1_0.password_hint,u1_0.chg_pwd_last_pnttm,u1_0.role,u1_0.sbscrb_de,u1_0.sexdstn_code,u1_0.crtfc_dn_value,u1_0.user_nm,u1_0.zip from nemplyrinfo u1_0 where u1_0.emplyr_id=?
2026-03-16 16:55:17 [http-nio-8080-exec-5] DEBUG o.s.orm.jpa.JpaTransactionManager - Found thread-bound EntityManager [SessionImpl(1995419858<open>)] for JPA transaction
2026-03-16 16:55:17 [http-nio-8080-exec-5] DEBUG o.s.orm.jpa.JpaTransactionManager - Participating in existing transaction
2026-03-16 16:55:17 [http-nio-8080-exec-5] DEBUG org.hibernate.SQL - select ua1_0.scrty_dtrmn_trget_id,ua1_0.author_code,ua1_0.frst_register_id,ua1_0.frst_regist_pnttm,ua1_0.last_updusr_id,ua1_0.last_updt_pnttm,ua1_0.mber_ty_code from nemplyrscrtyestbs ua1_0 where ua1_0.scrty_dtrmn_trget_id=?
2026-03-16 16:55:17 [http-nio-8080-exec-5] DEBUG o.s.orm.jpa.JpaTransactionManager - Initiating transaction commit
2026-03-16 16:55:17 [http-nio-8080-exec-5] DEBUG o.s.orm.jpa.JpaTransactionManager - Committing JPA transaction on EntityManager [SessionImpl(1995419858<open>)]
2026-03-16 16:55:17 [http-nio-8080-exec-5] DEBUG o.s.orm.jpa.JpaTransactionManager - Closing JPA EntityManager [SessionImpl(1995419858<open>)] after transaction
2026-03-16 16:55:17 [http-nio-8080-exec-5] DEBUG c.c.p.s.jwt.JwtAuthenticationFilter - >>> [JwtFilter] Successfully authenticated user: USRCNFRM_99999999999, Authorities: [ROLE_ADMIN]
2026-03-16 16:55:17 [http-nio-8080-exec-5] DEBUG o.s.web.servlet.DispatcherServlet - GET "/api/v1/menu/left?menuNo=40", parameters={masked}
2026-03-16 16:55:17 [http-nio-8080-exec-5] TRACE o.s.w.s.m.m.a.RequestMappingHandlerMapping - Mapped to com.company.project.api.controller.menu.MenuController#getLeftMenu(Long)
2026-03-16 16:55:17 [http-nio-8080-exec-5] INFO  c.c.p.a.c.menu.MenuController - getLeftMenu called with menuNo=40
2026-03-16 16:55:17 [http-nio-8080-exec-5] DEBUG o.s.orm.jpa.JpaTransactionManager - Creating new transaction with name [com.company.project.service.menu.MenuService.getSubMenus]: PROPAGATION_REQUIRED,ISOLATION_DEFAULT,readOnly
2026-03-16 16:55:17 [http-nio-8080-exec-5] DEBUG o.s.orm.jpa.JpaTransactionManager - Opened new EntityManager [SessionImpl(240911344<open>)] for JPA transaction
2026-03-16 16:55:17 [http-nio-8080-exec-5] DEBUG o.s.orm.jpa.JpaTransactionManager - Exposing JPA transaction as JDBC [org.springframework.orm.jpa.vendor.HibernateJpaDialect$HibernateConnectionHandle@7a1b6e7]
2026-03-16 16:55:17 [http-nio-8080-exec-5] DEBUG org.hibernate.SQL - select m1_0.menu_no,m1_0.menu_dc,m1_0.menu_nm,m1_0.menu_ordr,m1_0.modern_route,m1_0.progrm_file_nm,m1_0.relate_image_nm,m1_0.relate_image_path,m1_0.route_updated_at,m1_0.upper_menu_no from nmenuinfo m1_0 order by m1_0.upper_menu_no,m1_0.menu_ordr
2026-03-16 16:55:17 [http-nio-8080-exec-5] DEBUG o.s.orm.jpa.JpaTransactionManager - Found thread-bound EntityManager [SessionImpl(240911344<open>)] for JPA transaction
2026-03-16 16:55:17 [http-nio-8080-exec-5] DEBUG o.s.orm.jpa.JpaTransactionManager - Participating in existing transaction
2026-03-16 16:55:17 [http-nio-8080-exec-5] DEBUG org.hibernate.SQL - select p1_0.progrm_file_nm,p1_0.progrm_dc,p1_0.progrm_korean_nm,p1_0.progrm_stre_path,p1_0.url from nprogrmlist p1_0
2026-03-16 16:55:17 [http-nio-8080-exec-5] DEBUG o.s.orm.jpa.JpaTransactionManager - Initiating transaction commit
2026-03-16 16:55:17 [http-nio-8080-exec-5] DEBUG o.s.orm.jpa.JpaTransactionManager - Committing JPA transaction on EntityManager [SessionImpl(240911344<open>)]
2026-03-16 16:55:18 [http-nio-8080-exec-5] DEBUG o.s.orm.jpa.JpaTransactionManager - Closing JPA EntityManager [SessionImpl(240911344<open>)] after transaction
2026-03-16 16:55:18 [http-nio-8080-exec-5] INFO  c.c.p.a.c.menu.MenuController - getLeftMenu returned 2 items
2026-03-16 16:55:18 [http-nio-8080-exec-5] DEBUG o.s.w.s.m.m.a.HttpEntityMethodProcessor - Using 'application/json', given [application/json, text/plain, */*] and supported [application/json, application/*+json, application/yaml]
2026-03-16 16:55:18 [http-nio-8080-exec-5] TRACE o.s.w.s.m.m.a.HttpEntityMethodProcessor - Writing [ApiResponse[success=true, status=200, code=COMMON_001, message=Success, data={list=[com.company.project.service.menu.dto.MenuDto@c2a5b87, com.company.project.service.menu.dto.MenuDto@26149cbc]}, timestamp=2026-03-16T16:55:18.089467600]]
2026-03-16 16:55:18 [http-nio-8080-exec-5] INFO  c.c.p.a.i.OperationalAuditInterceptor - API Audit Log: URL=/api/v1/menu/left, User=webmaster, IP=127.0.0.1
2026-03-16 16:55:18 [http-nio-8080-exec-5] DEBUG o.s.web.servlet.DispatcherServlet - Completed 200 OK
2026-03-16 16:55:18 [http-nio-8080-exec-9] DEBUG c.c.p.s.jwt.JwtAuthenticationFilter - >>> [JwtFilter] Processing request: GET /api/v1/menu/left
2026-03-16 16:55:18 [http-nio-8080-exec-9] DEBUG c.c.p.s.jwt.JwtAuthenticationFilter - >>> [JwtFilter] Found token in header for path: /api/v1/menu/left
2026-03-16 16:55:18 [http-nio-8080-exec-9] DEBUG o.s.orm.jpa.JpaTransactionManager - Creating new transaction with name [com.company.project.security.iam.CustomUserDetailsService.loadUserByUsername]: PROPAGATION_REQUIRED,ISOLATION_DEFAULT,readOnly
2026-03-16 16:55:18 [http-nio-8080-exec-9] DEBUG o.s.orm.jpa.JpaTransactionManager - Opened new EntityManager [SessionImpl(161106622<open>)] for JPA transaction
2026-03-16 16:55:18 [http-nio-8080-exec-9] DEBUG o.s.orm.jpa.JpaTransactionManager - Exposing JPA transaction as JDBC [org.springframework.orm.jpa.vendor.HibernateJpaDialect$HibernateConnectionHandle@69ba1919]
2026-03-16 16:55:18 [http-nio-8080-exec-9] DEBUG o.s.orm.jpa.JpaTransactionManager - Found thread-bound EntityManager [SessionImpl(161106622<open>)] for JPA transaction
2026-03-16 16:55:18 [http-nio-8080-exec-9] DEBUG o.s.orm.jpa.JpaTransactionManager - Participating in existing transaction
2026-03-16 16:55:18 [http-nio-8080-exec-9] DEBUG org.hibernate.SQL - select u1_0.emplyr_id,u1_0.area_no,u1_0.brthdy,u1_0.chg_pwd_cnt,u1_0.frst_register_id,u1_0.frst_regist_pnttm,u1_0.detail_adres,u1_0.email_adres,u1_0.emplyr_sttus_code,u1_0.empl_no,u1_0.esntl_id,u1_0.fxnum,u1_0.group_id,u1_0.house_adres,u1_0.house_end_telno,u1_0.house_middle_telno,u1_0.ihidnum,u1_0.pstinst_code,u1_0.last_updusr_id,u1_0.last_updt_pnttm,u1_0.lock_at,u1_0.lock_cnt,u1_0.lock_last_pnttm,u1_0.mbtlnum,u1_0.ofcps_nm,u1_0.offm_telno,u1_0.orgnzt_id,u1_0.password,u1_0.password_cnsr,u1_0.password_hint,u1_0.chg_pwd_last_pnttm,u1_0.role,u1_0.sbscrb_de,u1_0.sexdstn_code,u1_0.crtfc_dn_value,u1_0.user_nm,u1_0.zip from nemplyrinfo u1_0 where u1_0.emplyr_id=?
2026-03-16 16:55:18 [http-nio-8080-exec-9] DEBUG o.s.orm.jpa.JpaTransactionManager - Found thread-bound EntityManager [SessionImpl(161106622<open>)] for JPA transaction
2026-03-16 16:55:18 [http-nio-8080-exec-9] DEBUG o.s.orm.jpa.JpaTransactionManager - Participating in existing transaction
2026-03-16 16:55:18 [http-nio-8080-exec-9] DEBUG org.hibernate.SQL - select ua1_0.scrty_dtrmn_trget_id,ua1_0.author_code,ua1_0.frst_register_id,ua1_0.frst_regist_pnttm,ua1_0.last_updusr_id,ua1_0.last_updt_pnttm,ua1_0.mber_ty_code from nemplyrscrtyestbs ua1_0 where ua1_0.scrty_dtrmn_trget_id=?
2026-03-16 16:55:18 [http-nio-8080-exec-9] DEBUG o.s.orm.jpa.JpaTransactionManager - Initiating transaction commit
2026-03-16 16:55:18 [http-nio-8080-exec-9] DEBUG o.s.orm.jpa.JpaTransactionManager - Committing JPA transaction on EntityManager [SessionImpl(161106622<open>)]
2026-03-16 16:55:18 [http-nio-8080-exec-9] DEBUG o.s.orm.jpa.JpaTransactionManager - Closing JPA EntityManager [SessionImpl(161106622<open>)] after transaction
2026-03-16 16:55:18 [http-nio-8080-exec-9] DEBUG c.c.p.s.jwt.JwtAuthenticationFilter - >>> [JwtFilter] Successfully authenticated user: USRCNFRM_99999999999, Authorities: [ROLE_ADMIN]
2026-03-16 16:55:18 [http-nio-8080-exec-9] DEBUG o.s.web.servlet.DispatcherServlet - GET "/api/v1/menu/left?menuNo=50", parameters={masked}
2026-03-16 16:55:18 [http-nio-8080-exec-9] TRACE o.s.w.s.m.m.a.RequestMappingHandlerMapping - Mapped to com.company.project.api.controller.menu.MenuController#getLeftMenu(Long)
2026-03-16 16:55:18 [http-nio-8080-exec-9] INFO  c.c.p.a.c.menu.MenuController - getLeftMenu called with menuNo=50
2026-03-16 16:55:18 [http-nio-8080-exec-9] DEBUG o.s.orm.jpa.JpaTransactionManager - Creating new transaction with name [com.company.project.service.menu.MenuService.getSubMenus]: PROPAGATION_REQUIRED,ISOLATION_DEFAULT,readOnly
2026-03-16 16:55:18 [http-nio-8080-exec-9] DEBUG o.s.orm.jpa.JpaTransactionManager - Opened new EntityManager [SessionImpl(2034801720<open>)] for JPA transaction
2026-03-16 16:55:18 [http-nio-8080-exec-9] DEBUG o.s.orm.jpa.JpaTransactionManager - Exposing JPA transaction as JDBC [org.springframework.orm.jpa.vendor.HibernateJpaDialect$HibernateConnectionHandle@1a938277]
2026-03-16 16:55:18 [http-nio-8080-exec-9] DEBUG org.hibernate.SQL - select m1_0.menu_no,m1_0.menu_dc,m1_0.menu_nm,m1_0.menu_ordr,m1_0.modern_route,m1_0.progrm_file_nm,m1_0.relate_image_nm,m1_0.relate_image_path,m1_0.route_updated_at,m1_0.upper_menu_no from nmenuinfo m1_0 order by m1_0.upper_menu_no,m1_0.menu_ordr
2026-03-16 16:55:19 [http-nio-8080-exec-9] DEBUG o.s.orm.jpa.JpaTransactionManager - Found thread-bound EntityManager [SessionImpl(2034801720<open>)] for JPA transaction
2026-03-16 16:55:19 [http-nio-8080-exec-9] DEBUG o.s.orm.jpa.JpaTransactionManager - Participating in existing transaction
2026-03-16 16:55:19 [http-nio-8080-exec-9] DEBUG org.hibernate.SQL - select p1_0.progrm_file_nm,p1_0.progrm_dc,p1_0.progrm_korean_nm,p1_0.progrm_stre_path,p1_0.url from nprogrmlist p1_0
2026-03-16 16:55:19 [http-nio-8080-exec-9] DEBUG o.s.orm.jpa.JpaTransactionManager - Initiating transaction commit
2026-03-16 16:55:19 [http-nio-8080-exec-9] DEBUG o.s.orm.jpa.JpaTransactionManager - Committing JPA transaction on EntityManager [SessionImpl(2034801720<open>)]
2026-03-16 16:55:19 [http-nio-8080-exec-9] DEBUG o.s.orm.jpa.JpaTransactionManager - Closing JPA EntityManager [SessionImpl(2034801720<open>)] after transaction
2026-03-16 16:55:19 [http-nio-8080-exec-9] INFO  c.c.p.a.c.menu.MenuController - getLeftMenu returned 3 items
2026-03-16 16:55:19 [http-nio-8080-exec-9] DEBUG o.s.w.s.m.m.a.HttpEntityMethodProcessor - Using 'application/json', given [application/json, text/plain, */*] and supported [application/json, application/*+json, application/yaml]
2026-03-16 16:55:19 [http-nio-8080-exec-9] TRACE o.s.w.s.m.m.a.HttpEntityMethodProcessor - Writing [ApiResponse[success=true, status=200, code=COMMON_001, message=Success, data={list=[com.company.project.service.menu.dto.MenuDto@4cdb2ce3, com.company.project.service.menu.dto.MenuDto@6913d910, com.company.project.service.menu.dto.MenuDto@79bbdc35]}, timestamp=2026-03-16T16:55:19.330685700]]
2026-03-16 16:55:19 [http-nio-8080-exec-9] INFO  c.c.p.a.i.OperationalAuditInterceptor - API Audit Log: URL=/api/v1/menu/left, User=webmaster, IP=127.0.0.1
2026-03-16 16:55:19 [http-nio-8080-exec-9] DEBUG o.s.web.servlet.DispatcherServlet - Completed 200 OK
2026-03-16 16:55:19 [http-nio-8080-exec-2] DEBUG c.c.p.s.jwt.JwtAuthenticationFilter - >>> [JwtFilter] Processing request: GET /api/v1/menu/left
2026-03-16 16:55:19 [http-nio-8080-exec-2] DEBUG c.c.p.s.jwt.JwtAuthenticationFilter - >>> [JwtFilter] Found token in header for path: /api/v1/menu/left
2026-03-16 16:55:19 [http-nio-8080-exec-2] DEBUG o.s.orm.jpa.JpaTransactionManager - Creating new transaction with name [com.company.project.security.iam.CustomUserDetailsService.loadUserByUsername]: PROPAGATION_REQUIRED,ISOLATION_DEFAULT,readOnly
2026-03-16 16:55:19 [http-nio-8080-exec-2] DEBUG o.s.orm.jpa.JpaTransactionManager - Opened new EntityManager [SessionImpl(1385529773<open>)] for JPA transaction
2026-03-16 16:55:19 [http-nio-8080-exec-2] DEBUG o.s.orm.jpa.JpaTransactionManager - Exposing JPA transaction as JDBC [org.springframework.orm.jpa.vendor.HibernateJpaDialect$HibernateConnectionHandle@22a3885e]
2026-03-16 16:55:19 [http-nio-8080-exec-2] DEBUG o.s.orm.jpa.JpaTransactionManager - Found thread-bound EntityManager [SessionImpl(1385529773<open>)] for JPA transaction
2026-03-16 16:55:19 [http-nio-8080-exec-2] DEBUG o.s.orm.jpa.JpaTransactionManager - Participating in existing transaction
2026-03-16 16:55:19 [http-nio-8080-exec-2] DEBUG org.hibernate.SQL - select u1_0.emplyr_id,u1_0.area_no,u1_0.brthdy,u1_0.chg_pwd_cnt,u1_0.frst_register_id,u1_0.frst_regist_pnttm,u1_0.detail_adres,u1_0.email_adres,u1_0.emplyr_sttus_code,u1_0.empl_no,u1_0.esntl_id,u1_0.fxnum,u1_0.group_id,u1_0.house_adres,u1_0.house_end_telno,u1_0.house_middle_telno,u1_0.ihidnum,u1_0.pstinst_code,u1_0.last_updusr_id,u1_0.last_updt_pnttm,u1_0.lock_at,u1_0.lock_cnt,u1_0.lock_last_pnttm,u1_0.mbtlnum,u1_0.ofcps_nm,u1_0.offm_telno,u1_0.orgnzt_id,u1_0.password,u1_0.password_cnsr,u1_0.password_hint,u1_0.chg_pwd_last_pnttm,u1_0.role,u1_0.sbscrb_de,u1_0.sexdstn_code,u1_0.crtfc_dn_value,u1_0.user_nm,u1_0.zip from nemplyrinfo u1_0 where u1_0.emplyr_id=?
2026-03-16 16:55:19 [http-nio-8080-exec-2] DEBUG o.s.orm.jpa.JpaTransactionManager - Found thread-bound EntityManager [SessionImpl(1385529773<open>)] for JPA transaction
2026-03-16 16:55:19 [http-nio-8080-exec-2] DEBUG o.s.orm.jpa.JpaTransactionManager - Participating in existing transaction
2026-03-16 16:55:19 [http-nio-8080-exec-2] DEBUG org.hibernate.SQL - select ua1_0.scrty_dtrmn_trget_id,ua1_0.author_code,ua1_0.frst_register_id,ua1_0.frst_regist_pnttm,ua1_0.last_updusr_id,ua1_0.last_updt_pnttm,ua1_0.mber_ty_code from nemplyrscrtyestbs ua1_0 where ua1_0.scrty_dtrmn_trget_id=?
2026-03-16 16:55:19 [http-nio-8080-exec-2] DEBUG o.s.orm.jpa.JpaTransactionManager - Initiating transaction commit
2026-03-16 16:55:19 [http-nio-8080-exec-2] DEBUG o.s.orm.jpa.JpaTransactionManager - Committing JPA transaction on EntityManager [SessionImpl(1385529773<open>)]
2026-03-16 16:55:19 [http-nio-8080-exec-2] DEBUG o.s.orm.jpa.JpaTransactionManager - Closing JPA EntityManager [SessionImpl(1385529773<open>)] after transaction
2026-03-16 16:55:19 [http-nio-8080-exec-2] DEBUG c.c.p.s.jwt.JwtAuthenticationFilter - >>> [JwtFilter] Successfully authenticated user: USRCNFRM_99999999999, Authorities: [ROLE_ADMIN]
2026-03-16 16:55:19 [http-nio-8080-exec-2] DEBUG o.s.web.servlet.DispatcherServlet - GET "/api/v1/menu/left?menuNo=60", parameters={masked}
2026-03-16 16:55:19 [http-nio-8080-exec-2] TRACE o.s.w.s.m.m.a.RequestMappingHandlerMapping - Mapped to com.company.project.api.controller.menu.MenuController#getLeftMenu(Long)
2026-03-16 16:55:19 [http-nio-8080-exec-2] INFO  c.c.p.a.c.menu.MenuController - getLeftMenu called with menuNo=60
2026-03-16 16:55:19 [http-nio-8080-exec-2] DEBUG o.s.orm.jpa.JpaTransactionManager - Creating new transaction with name [com.company.project.service.menu.MenuService.getSubMenus]: PROPAGATION_REQUIRED,ISOLATION_DEFAULT,readOnly
2026-03-16 16:55:19 [http-nio-8080-exec-2] DEBUG o.s.orm.jpa.JpaTransactionManager - Opened new EntityManager [SessionImpl(588455004<open>)] for JPA transaction
2026-03-16 16:55:19 [http-nio-8080-exec-2] DEBUG o.s.orm.jpa.JpaTransactionManager - Exposing JPA transaction as JDBC [org.springframework.orm.jpa.vendor.HibernateJpaDialect$HibernateConnectionHandle@425aa48b]
2026-03-16 16:55:19 [http-nio-8080-exec-2] DEBUG org.hibernate.SQL - select m1_0.menu_no,m1_0.menu_dc,m1_0.menu_nm,m1_0.menu_ordr,m1_0.modern_route,m1_0.progrm_file_nm,m1_0.relate_image_nm,m1_0.relate_image_path,m1_0.route_updated_at,m1_0.upper_menu_no from nmenuinfo m1_0 order by m1_0.upper_menu_no,m1_0.menu_ordr
2026-03-16 16:55:20 [http-nio-8080-exec-2] DEBUG o.s.orm.jpa.JpaTransactionManager - Found thread-bound EntityManager [SessionImpl(588455004<open>)] for JPA transaction
2026-03-16 16:55:20 [http-nio-8080-exec-2] DEBUG o.s.orm.jpa.JpaTransactionManager - Participating in existing transaction
2026-03-16 16:55:20 [http-nio-8080-exec-2] DEBUG org.hibernate.SQL - select p1_0.progrm_file_nm,p1_0.progrm_dc,p1_0.progrm_korean_nm,p1_0.progrm_stre_path,p1_0.url from nprogrmlist p1_0
2026-03-16 16:55:20 [http-nio-8080-exec-2] DEBUG o.s.orm.jpa.JpaTransactionManager - Initiating transaction commit
2026-03-16 16:55:20 [http-nio-8080-exec-2] DEBUG o.s.orm.jpa.JpaTransactionManager - Committing JPA transaction on EntityManager [SessionImpl(588455004<open>)]
2026-03-16 16:55:20 [http-nio-8080-exec-2] DEBUG o.s.orm.jpa.JpaTransactionManager - Closing JPA EntityManager [SessionImpl(588455004<open>)] after transaction
2026-03-16 16:55:20 [http-nio-8080-exec-2] INFO  c.c.p.a.c.menu.MenuController - getLeftMenu returned 1 items
2026-03-16 16:55:20 [http-nio-8080-exec-2] DEBUG o.s.w.s.m.m.a.HttpEntityMethodProcessor - Using 'application/json', given [application/json, text/plain, */*] and supported [application/json, application/*+json, application/yaml]
2026-03-16 16:55:20 [http-nio-8080-exec-2] TRACE o.s.w.s.m.m.a.HttpEntityMethodProcessor - Writing [ApiResponse[success=true, status=200, code=COMMON_001, message=Success, data={list=[com.company.project.service.menu.dto.MenuDto@3bda208e]}, timestamp=2026-03-16T16:55:20.568536900]]
2026-03-16 16:55:20 [http-nio-8080-exec-2] INFO  c.c.p.a.i.OperationalAuditInterceptor - API Audit Log: URL=/api/v1/menu/left, User=webmaster, IP=127.0.0.1
2026-03-16 16:55:20 [http-nio-8080-exec-2] DEBUG o.s.web.servlet.DispatcherServlet - Completed 200 OK
2026-03-16 16:55:21 [MessageBroker-6] DEBUG o.s.w.s.s.t.h.DefaultSockJsService - Closed 1 sessions: [ai3bfmzl]
2026-03-16 16:55:26 [http-nio-8080-exec-7] DEBUG o.s.w.s.h.LoggingWebSocketHandlerDecorator - WebSocketServerSockJsSession[id=4nyzrg2f] closed with CloseStatus[code=1001, reason=null]
2026-03-16 16:55:26 [http-nio-8080-exec-7] DEBUG o.s.w.s.m.SubProtocolWebSocketHandler - Clearing session 4nyzrg2f
2026-03-16 16:55:26 [scheduling-1] DEBUG org.springframework.web.SimpLogging - Processing DISCONNECT session=4nyzrg2f
2026-03-16 16:55:26 [scheduling-1] DEBUG o.s.w.s.m.SubProtocolWebSocketHandler - No session for GenericMessage [payload=byte[0], headers={simpMessageType=DISCONNECT_ACK, simpDisconnectMessage=GenericMessage [payload=byte[0], headers={simpMessageType=DISCONNECT, stompCommand=DISCONNECT, simpSessionAttributes={org.springframework.messaging.simp.SimpAttributes.COMPLETED=true}, simpSessionId=4nyzrg2f}], simpSessionId=4nyzrg2f}]
2026-03-16 16:55:28 [http-nio-8080-exec-1] DEBUG c.c.p.s.jwt.JwtAuthenticationFilter - >>> [JwtFilter] Processing request: GET /api/v1/dashboard
2026-03-16 16:55:28 [http-nio-8080-exec-4] DEBUG c.c.p.s.jwt.JwtAuthenticationFilter - >>> [JwtFilter] Processing request: GET /api/v1/menu/head
2026-03-16 16:55:28 [http-nio-8080-exec-1] DEBUG c.c.p.s.jwt.JwtAuthenticationFilter - >>> [JwtFilter] Found token in header for path: /api/v1/dashboard
2026-03-16 16:55:28 [http-nio-8080-exec-4] DEBUG c.c.p.s.jwt.JwtAuthenticationFilter - >>> [JwtFilter] Found token in header for path: /api/v1/menu/head
2026-03-16 16:55:28 [http-nio-8080-exec-1] DEBUG o.s.orm.jpa.JpaTransactionManager - Creating new transaction with name [com.company.project.security.iam.CustomUserDetailsService.loadUserByUsername]: PROPAGATION_REQUIRED,ISOLATION_DEFAULT,readOnly
2026-03-16 16:55:28 [http-nio-8080-exec-4] DEBUG o.s.orm.jpa.JpaTransactionManager - Creating new transaction with name [com.company.project.security.iam.CustomUserDetailsService.loadUserByUsername]: PROPAGATION_REQUIRED,ISOLATION_DEFAULT,readOnly
2026-03-16 16:55:28 [http-nio-8080-exec-4] DEBUG o.s.orm.jpa.JpaTransactionManager - Opened new EntityManager [SessionImpl(1921794712<open>)] for JPA transaction
2026-03-16 16:55:28 [http-nio-8080-exec-1] DEBUG o.s.orm.jpa.JpaTransactionManager - Opened new EntityManager [SessionImpl(563676281<open>)] for JPA transaction
2026-03-16 16:55:28 [http-nio-8080-exec-4] DEBUG o.s.orm.jpa.JpaTransactionManager - Exposing JPA transaction as JDBC [org.springframework.orm.jpa.vendor.HibernateJpaDialect$HibernateConnectionHandle@1dba232d]
2026-03-16 16:55:28 [http-nio-8080-exec-1] DEBUG o.s.orm.jpa.JpaTransactionManager - Exposing JPA transaction as JDBC [org.springframework.orm.jpa.vendor.HibernateJpaDialect$HibernateConnectionHandle@44e68cc9]
2026-03-16 16:55:28 [http-nio-8080-exec-1] DEBUG o.s.orm.jpa.JpaTransactionManager - Found thread-bound EntityManager [SessionImpl(563676281<open>)] for JPA transaction
2026-03-16 16:55:28 [http-nio-8080-exec-4] DEBUG o.s.orm.jpa.JpaTransactionManager - Found thread-bound EntityManager [SessionImpl(1921794712<open>)] for JPA transaction
2026-03-16 16:55:28 [http-nio-8080-exec-1] DEBUG o.s.orm.jpa.JpaTransactionManager - Participating in existing transaction
2026-03-16 16:55:28 [http-nio-8080-exec-4] DEBUG o.s.orm.jpa.JpaTransactionManager - Participating in existing transaction
2026-03-16 16:55:28 [http-nio-8080-exec-4] DEBUG org.hibernate.SQL - select u1_0.emplyr_id,u1_0.area_no,u1_0.brthdy,u1_0.chg_pwd_cnt,u1_0.frst_register_id,u1_0.frst_regist_pnttm,u1_0.detail_adres,u1_0.email_adres,u1_0.emplyr_sttus_code,u1_0.empl_no,u1_0.esntl_id,u1_0.fxnum,u1_0.group_id,u1_0.house_adres,u1_0.house_end_telno,u1_0.house_middle_telno,u1_0.ihidnum,u1_0.pstinst_code,u1_0.last_updusr_id,u1_0.last_updt_pnttm,u1_0.lock_at,u1_0.lock_cnt,u1_0.lock_last_pnttm,u1_0.mbtlnum,u1_0.ofcps_nm,u1_0.offm_telno,u1_0.orgnzt_id,u1_0.password,u1_0.password_cnsr,u1_0.password_hint,u1_0.chg_pwd_last_pnttm,u1_0.role,u1_0.sbscrb_de,u1_0.sexdstn_code,u1_0.crtfc_dn_value,u1_0.user_nm,u1_0.zip from nemplyrinfo u1_0 where u1_0.emplyr_id=?
2026-03-16 16:55:28 [http-nio-8080-exec-1] DEBUG org.hibernate.SQL - select u1_0.emplyr_id,u1_0.area_no,u1_0.brthdy,u1_0.chg_pwd_cnt,u1_0.frst_register_id,u1_0.frst_regist_pnttm,u1_0.detail_adres,u1_0.email_adres,u1_0.emplyr_sttus_code,u1_0.empl_no,u1_0.esntl_id,u1_0.fxnum,u1_0.group_id,u1_0.house_adres,u1_0.house_end_telno,u1_0.house_middle_telno,u1_0.ihidnum,u1_0.pstinst_code,u1_0.last_updusr_id,u1_0.last_updt_pnttm,u1_0.lock_at,u1_0.lock_cnt,u1_0.lock_last_pnttm,u1_0.mbtlnum,u1_0.ofcps_nm,u1_0.offm_telno,u1_0.orgnzt_id,u1_0.password,u1_0.password_cnsr,u1_0.password_hint,u1_0.chg_pwd_last_pnttm,u1_0.role,u1_0.sbscrb_de,u1_0.sexdstn_code,u1_0.crtfc_dn_value,u1_0.user_nm,u1_0.zip from nemplyrinfo u1_0 where u1_0.emplyr_id=?
2026-03-16 16:55:28 [http-nio-8080-exec-4] DEBUG o.s.orm.jpa.JpaTransactionManager - Found thread-bound EntityManager [SessionImpl(1921794712<open>)] for JPA transaction
2026-03-16 16:55:28 [http-nio-8080-exec-4] DEBUG o.s.orm.jpa.JpaTransactionManager - Participating in existing transaction
2026-03-16 16:55:28 [http-nio-8080-exec-4] DEBUG org.hibernate.SQL - select ua1_0.scrty_dtrmn_trget_id,ua1_0.author_code,ua1_0.frst_register_id,ua1_0.frst_regist_pnttm,ua1_0.last_updusr_id,ua1_0.last_updt_pnttm,ua1_0.mber_ty_code from nemplyrscrtyestbs ua1_0 where ua1_0.scrty_dtrmn_trget_id=?
2026-03-16 16:55:28 [http-nio-8080-exec-1] DEBUG o.s.orm.jpa.JpaTransactionManager - Found thread-bound EntityManager [SessionImpl(563676281<open>)] for JPA transaction
2026-03-16 16:55:28 [http-nio-8080-exec-1] DEBUG o.s.orm.jpa.JpaTransactionManager - Participating in existing transaction
2026-03-16 16:55:28 [http-nio-8080-exec-1] DEBUG org.hibernate.SQL - select ua1_0.scrty_dtrmn_trget_id,ua1_0.author_code,ua1_0.frst_register_id,ua1_0.frst_regist_pnttm,ua1_0.last_updusr_id,ua1_0.last_updt_pnttm,ua1_0.mber_ty_code from nemplyrscrtyestbs ua1_0 where ua1_0.scrty_dtrmn_trget_id=?
2026-03-16 16:55:28 [http-nio-8080-exec-4] DEBUG o.s.orm.jpa.JpaTransactionManager - Initiating transaction commit
2026-03-16 16:55:28 [http-nio-8080-exec-4] DEBUG o.s.orm.jpa.JpaTransactionManager - Committing JPA transaction on EntityManager [SessionImpl(1921794712<open>)]
2026-03-16 16:55:28 [http-nio-8080-exec-1] DEBUG o.s.orm.jpa.JpaTransactionManager - Initiating transaction commit
2026-03-16 16:55:28 [http-nio-8080-exec-1] DEBUG o.s.orm.jpa.JpaTransactionManager - Committing JPA transaction on EntityManager [SessionImpl(563676281<open>)]
2026-03-16 16:55:28 [http-nio-8080-exec-4] DEBUG o.s.orm.jpa.JpaTransactionManager - Closing JPA EntityManager [SessionImpl(1921794712<open>)] after transaction
2026-03-16 16:55:28 [http-nio-8080-exec-4] DEBUG c.c.p.s.jwt.JwtAuthenticationFilter - >>> [JwtFilter] Successfully authenticated user: USRCNFRM_99999999999, Authorities: [ROLE_ADMIN]
2026-03-16 16:55:28 [http-nio-8080-exec-4] DEBUG o.s.web.servlet.DispatcherServlet - GET "/api/v1/menu/head", parameters={}
2026-03-16 16:55:28 [http-nio-8080-exec-4] TRACE o.s.w.s.m.m.a.RequestMappingHandlerMapping - Mapped to com.company.project.api.controller.menu.MenuController#getHeadMenu()
2026-03-16 16:55:28 [http-nio-8080-exec-4] INFO  c.c.p.a.c.menu.MenuController - getHeadMenu called
2026-03-16 16:55:28 [http-nio-8080-exec-4] INFO  c.c.p.a.c.menu.MenuController - getHeadMenu returned 5 items
2026-03-16 16:55:28 [http-nio-8080-exec-4] DEBUG o.s.w.s.m.m.a.HttpEntityMethodProcessor - Using 'application/json', given [application/json, text/plain, */*] and supported [application/json, application/*+json, application/yaml]
2026-03-16 16:55:28 [http-nio-8080-exec-4] TRACE o.s.w.s.m.m.a.HttpEntityMethodProcessor - Writing [ApiResponse[success=true, status=200, code=COMMON_001, message=Success, data={list=[com.company.project.service.menu.dto.MenuDto@2b80d6b0, com.company.project.service.menu.dto.MenuDto@1418cfa3, com.company.project.service.menu.dto.MenuDto@f230bf1, com.company.project.service.menu.dto.MenuDto@734a7f6a, com.company.project.service.menu.dto.MenuDto@5e5202e5]}, timestamp=2026-03-16T16:55:28.713259300]]
2026-03-16 16:55:28 [http-nio-8080-exec-4] INFO  c.c.p.a.i.OperationalAuditInterceptor - API Audit Log: URL=/api/v1/menu/head, User=webmaster, IP=0:0:0:0:0:0:0:1
2026-03-16 16:55:28 [http-nio-8080-exec-4] DEBUG o.s.web.servlet.DispatcherServlet - Completed 200 OK
2026-03-16 16:55:28 [http-nio-8080-exec-1] DEBUG o.s.orm.jpa.JpaTransactionManager - Closing JPA EntityManager [SessionImpl(563676281<open>)] after transaction
2026-03-16 16:55:28 [http-nio-8080-exec-1] DEBUG c.c.p.s.jwt.JwtAuthenticationFilter - >>> [JwtFilter] Successfully authenticated user: USRCNFRM_99999999999, Authorities: [ROLE_ADMIN]
2026-03-16 16:55:28 [http-nio-8080-exec-1] DEBUG o.s.web.servlet.DispatcherServlet - GET "/api/v1/dashboard", parameters={}
2026-03-16 16:55:28 [http-nio-8080-exec-1] TRACE o.s.w.s.m.m.a.RequestMappingHandlerMapping - Mapped to com.company.project.api.controller.main.DashboardController#getDashboardData(UserDetails)
2026-03-16 16:55:28 [http-nio-8080-exec-1] INFO  c.c.p.a.c.main.DashboardController - >>> [Dashboard] Fetching data for user: USRCNFRM_99999999999
2026-03-16 16:55:28 [http-nio-8080-exec-1] DEBUG o.s.orm.jpa.JpaTransactionManager - Creating new transaction with name [com.company.project.service.board.BoardService.getBoardPosts]: PROPAGATION_REQUIRED,ISOLATION_DEFAULT,readOnly
2026-03-16 16:55:28 [http-nio-8080-exec-1] DEBUG o.s.orm.jpa.JpaTransactionManager - Opened new EntityManager [SessionImpl(1570050979<open>)] for JPA transaction
2026-03-16 16:55:28 [http-nio-8080-exec-1] DEBUG o.s.orm.jpa.JpaTransactionManager - Exposing JPA transaction as JDBC [org.springframework.orm.jpa.vendor.HibernateJpaDialect$HibernateConnectionHandle@6682e786]
2026-03-16 16:55:28 [http-nio-8080-exec-1] DEBUG o.s.orm.jpa.JpaTransactionManager - Found thread-bound EntityManager [SessionImpl(1570050979<open>)] for JPA transaction
2026-03-16 16:55:28 [http-nio-8080-exec-1] DEBUG o.s.orm.jpa.JpaTransactionManager - Participating in existing transaction
2026-03-16 16:55:28 [http-nio-8080-exec-1] DEBUG org.hibernate.SQL - select bm1_0.bbs_id,bm1_0.atch_posbl_file_number,bm1_0.atch_posbl_file_size,bm1_0.bbs_attrb_code,bm1_0.bbs_intrcn,bm1_0.bbs_nm,bm1_0.bbs_ty_code,bm1_0.blog_at,bm1_0.blog_id,bm1_0.cmmnty_id,bm1_0.frst_register_id,bm1_0.frst_regist_pnttm,bm1_0.file_atch_posbl_at,bm1_0.last_updusr_id,bm1_0.last_updt_pnttm,bm1_0.reply_posbl_at,bm1_0.tmplat_id,bm1_0.use_at,bm1_1.answer_at,bm1_1.stsfdg_at from nbbsmaster bm1_0 left join nbbsmasteroptn bm1_1 on bm1_0.bbs_id=bm1_1.bbs_id where bm1_0.bbs_id=?
2026-03-16 16:55:28 [http-nio-8080-exec-8] DEBUG c.c.p.s.jwt.JwtAuthenticationFilter - >>> [JwtFilter] Processing request: GET /api/v1/menu/left
2026-03-16 16:55:28 [http-nio-8080-exec-8] DEBUG c.c.p.s.jwt.JwtAuthenticationFilter - >>> [JwtFilter] Found token in header for path: /api/v1/menu/left
2026-03-16 16:55:28 [http-nio-8080-exec-8] DEBUG o.s.orm.jpa.JpaTransactionManager - Creating new transaction with name [com.company.project.security.iam.CustomUserDetailsService.loadUserByUsername]: PROPAGATION_REQUIRED,ISOLATION_DEFAULT,readOnly
2026-03-16 16:55:28 [http-nio-8080-exec-8] DEBUG o.s.orm.jpa.JpaTransactionManager - Opened new EntityManager [SessionImpl(992025377<open>)] for JPA transaction
2026-03-16 16:55:28 [http-nio-8080-exec-2] DEBUG c.c.p.s.jwt.JwtAuthenticationFilter - >>> [JwtFilter] Processing request: GET /api/v1/menu/left
2026-03-16 16:55:28 [http-nio-8080-exec-9] DEBUG c.c.p.s.jwt.JwtAuthenticationFilter - >>> [JwtFilter] Processing request: GET /api/v1/menu/left
2026-03-16 16:55:28 [http-nio-8080-exec-2] DEBUG c.c.p.s.jwt.JwtAuthenticationFilter - >>> [JwtFilter] Found token in header for path: /api/v1/menu/left
2026-03-16 16:55:28 [http-nio-8080-exec-6] DEBUG c.c.p.s.jwt.JwtAuthenticationFilter - >>> [JwtFilter] Processing request: GET /api/v1/menu/left
2026-03-16 16:55:28 [http-nio-8080-exec-3] DEBUG c.c.p.s.jwt.JwtAuthenticationFilter - >>> [JwtFilter] Processing request: GET /api/v1/menu/left
2026-03-16 16:55:28 [http-nio-8080-exec-9] DEBUG c.c.p.s.jwt.JwtAuthenticationFilter - >>> [JwtFilter] Found token in header for path: /api/v1/menu/left
2026-03-16 16:55:28 [http-nio-8080-exec-6] DEBUG c.c.p.s.jwt.JwtAuthenticationFilter - >>> [JwtFilter] Found token in header for path: /api/v1/menu/left
2026-03-16 16:55:28 [http-nio-8080-exec-3] DEBUG c.c.p.s.jwt.JwtAuthenticationFilter - >>> [JwtFilter] Found token in header for path: /api/v1/menu/left
2026-03-16 16:55:28 [http-nio-8080-exec-2] DEBUG o.s.orm.jpa.JpaTransactionManager - Creating new transaction with name [com.company.project.security.iam.CustomUserDetailsService.loadUserByUsername]: PROPAGATION_REQUIRED,ISOLATION_DEFAULT,readOnly
2026-03-16 16:55:28 [http-nio-8080-exec-3] DEBUG o.s.orm.jpa.JpaTransactionManager - Creating new transaction with name [com.company.project.security.iam.CustomUserDetailsService.loadUserByUsername]: PROPAGATION_REQUIRED,ISOLATION_DEFAULT,readOnly
2026-03-16 16:55:28 [http-nio-8080-exec-2] DEBUG o.s.orm.jpa.JpaTransactionManager - Opened new EntityManager [SessionImpl(1977883118<open>)] for JPA transaction
2026-03-16 16:55:28 [http-nio-8080-exec-3] DEBUG o.s.orm.jpa.JpaTransactionManager - Opened new EntityManager [SessionImpl(804010027<open>)] for JPA transaction
2026-03-16 16:55:28 [http-nio-8080-exec-9] DEBUG o.s.orm.jpa.JpaTransactionManager - Creating new transaction with name [com.company.project.security.iam.CustomUserDetailsService.loadUserByUsername]: PROPAGATION_REQUIRED,ISOLATION_DEFAULT,readOnly
2026-03-16 16:55:28 [http-nio-8080-exec-9] DEBUG o.s.orm.jpa.JpaTransactionManager - Opened new EntityManager [SessionImpl(1353733775<open>)] for JPA transaction
2026-03-16 16:55:28 [http-nio-8080-exec-6] DEBUG o.s.orm.jpa.JpaTransactionManager - Creating new transaction with name [com.company.project.security.iam.CustomUserDetailsService.loadUserByUsername]: PROPAGATION_REQUIRED,ISOLATION_DEFAULT,readOnly
2026-03-16 16:55:28 [http-nio-8080-exec-6] DEBUG o.s.orm.jpa.JpaTransactionManager - Opened new EntityManager [SessionImpl(750313416<open>)] for JPA transaction
2026-03-16 16:55:28 [http-nio-8080-exec-1] DEBUG org.hibernate.SQL - select b1_0.ntt_id,b1_0.bbs_id,b1_0.ntt_sj,b1_0.ntcr_nm,b1_0.frst_regist_pnttm,b1_0.rdcnt,b1_0.answer_at,b1_0.parntsctt_no,b1_0.answer_lc,b1_0.sort_ordr,b1_0.ntt_no,b1_0.notice_at,b1_0.secret_at,b1_0.comment_co from nbbs b1_0 left join nemplyrinfo u1_0 on b1_0.frst_register_id=u1_0.esntl_id where (b1_0.use_at = 'Y') and b1_0.bbs_id=? order by b1_0.sort_ordr desc,b1_0.ntt_no offset ? rows fetch first ? rows only
2026-03-16 16:55:28 [http-nio-8080-exec-9] DEBUG o.s.orm.jpa.JpaTransactionManager - Exposing JPA transaction as JDBC [org.springframework.orm.jpa.vendor.HibernateJpaDialect$HibernateConnectionHandle@4599d44e]
2026-03-16 16:55:28 [http-nio-8080-exec-2] DEBUG o.s.orm.jpa.JpaTransactionManager - Exposing JPA transaction as JDBC [org.springframework.orm.jpa.vendor.HibernateJpaDialect$HibernateConnectionHandle@976ac9d]
2026-03-16 16:55:28 [http-nio-8080-exec-9] DEBUG o.s.orm.jpa.JpaTransactionManager - Found thread-bound EntityManager [SessionImpl(1353733775<open>)] for JPA transaction
2026-03-16 16:55:28 [http-nio-8080-exec-2] DEBUG o.s.orm.jpa.JpaTransactionManager - Found thread-bound EntityManager [SessionImpl(1977883118<open>)] for JPA transaction
2026-03-16 16:55:28 [http-nio-8080-exec-9] DEBUG o.s.orm.jpa.JpaTransactionManager - Participating in existing transaction
2026-03-16 16:55:28 [http-nio-8080-exec-2] DEBUG o.s.orm.jpa.JpaTransactionManager - Participating in existing transaction
2026-03-16 16:55:28 [http-nio-8080-exec-2] DEBUG org.hibernate.SQL - select u1_0.emplyr_id,u1_0.area_no,u1_0.brthdy,u1_0.chg_pwd_cnt,u1_0.frst_register_id,u1_0.frst_regist_pnttm,u1_0.detail_adres,u1_0.email_adres,u1_0.emplyr_sttus_code,u1_0.empl_no,u1_0.esntl_id,u1_0.fxnum,u1_0.group_id,u1_0.house_adres,u1_0.house_end_telno,u1_0.house_middle_telno,u1_0.ihidnum,u1_0.pstinst_code,u1_0.last_updusr_id,u1_0.last_updt_pnttm,u1_0.lock_at,u1_0.lock_cnt,u1_0.lock_last_pnttm,u1_0.mbtlnum,u1_0.ofcps_nm,u1_0.offm_telno,u1_0.orgnzt_id,u1_0.password,u1_0.password_cnsr,u1_0.password_hint,u1_0.chg_pwd_last_pnttm,u1_0.role,u1_0.sbscrb_de,u1_0.sexdstn_code,u1_0.crtfc_dn_value,u1_0.user_nm,u1_0.zip from nemplyrinfo u1_0 where u1_0.emplyr_id=?
2026-03-16 16:55:28 [http-nio-8080-exec-9] DEBUG org.hibernate.SQL - select u1_0.emplyr_id,u1_0.area_no,u1_0.brthdy,u1_0.chg_pwd_cnt,u1_0.frst_register_id,u1_0.frst_regist_pnttm,u1_0.detail_adres,u1_0.email_adres,u1_0.emplyr_sttus_code,u1_0.empl_no,u1_0.esntl_id,u1_0.fxnum,u1_0.group_id,u1_0.house_adres,u1_0.house_end_telno,u1_0.house_middle_telno,u1_0.ihidnum,u1_0.pstinst_code,u1_0.last_updusr_id,u1_0.last_updt_pnttm,u1_0.lock_at,u1_0.lock_cnt,u1_0.lock_last_pnttm,u1_0.mbtlnum,u1_0.ofcps_nm,u1_0.offm_telno,u1_0.orgnzt_id,u1_0.password,u1_0.password_cnsr,u1_0.password_hint,u1_0.chg_pwd_last_pnttm,u1_0.role,u1_0.sbscrb_de,u1_0.sexdstn_code,u1_0.crtfc_dn_value,u1_0.user_nm,u1_0.zip from nemplyrinfo u1_0 where u1_0.emplyr_id=?
2026-03-16 16:55:28 [http-nio-8080-exec-8] DEBUG o.s.orm.jpa.JpaTransactionManager - Exposing JPA transaction as JDBC [org.springframework.orm.jpa.vendor.HibernateJpaDialect$HibernateConnectionHandle@3418105a]
2026-03-16 16:55:28 [http-nio-8080-exec-8] DEBUG o.s.orm.jpa.JpaTransactionManager - Found thread-bound EntityManager [SessionImpl(992025377<open>)] for JPA transaction
2026-03-16 16:55:28 [http-nio-8080-exec-8] DEBUG o.s.orm.jpa.JpaTransactionManager - Participating in existing transaction
2026-03-16 16:55:28 [http-nio-8080-exec-8] DEBUG org.hibernate.SQL - select u1_0.emplyr_id,u1_0.area_no,u1_0.brthdy,u1_0.chg_pwd_cnt,u1_0.frst_register_id,u1_0.frst_regist_pnttm,u1_0.detail_adres,u1_0.email_adres,u1_0.emplyr_sttus_code,u1_0.empl_no,u1_0.esntl_id,u1_0.fxnum,u1_0.group_id,u1_0.house_adres,u1_0.house_end_telno,u1_0.house_middle_telno,u1_0.ihidnum,u1_0.pstinst_code,u1_0.last_updusr_id,u1_0.last_updt_pnttm,u1_0.lock_at,u1_0.lock_cnt,u1_0.lock_last_pnttm,u1_0.mbtlnum,u1_0.ofcps_nm,u1_0.offm_telno,u1_0.orgnzt_id,u1_0.password,u1_0.password_cnsr,u1_0.password_hint,u1_0.chg_pwd_last_pnttm,u1_0.role,u1_0.sbscrb_de,u1_0.sexdstn_code,u1_0.crtfc_dn_value,u1_0.user_nm,u1_0.zip from nemplyrinfo u1_0 where u1_0.emplyr_id=?
2026-03-16 16:55:28 [http-nio-8080-exec-3] DEBUG o.s.orm.jpa.JpaTransactionManager - Exposing JPA transaction as JDBC [org.springframework.orm.jpa.vendor.HibernateJpaDialect$HibernateConnectionHandle@34936e55]
2026-03-16 16:55:28 [http-nio-8080-exec-6] DEBUG o.s.orm.jpa.JpaTransactionManager - Exposing JPA transaction as JDBC [org.springframework.orm.jpa.vendor.HibernateJpaDialect$HibernateConnectionHandle@1317d019]
2026-03-16 16:55:28 [http-nio-8080-exec-3] DEBUG o.s.orm.jpa.JpaTransactionManager - Found thread-bound EntityManager [SessionImpl(804010027<open>)] for JPA transaction
2026-03-16 16:55:28 [http-nio-8080-exec-6] DEBUG o.s.orm.jpa.JpaTransactionManager - Found thread-bound EntityManager [SessionImpl(750313416<open>)] for JPA transaction
2026-03-16 16:55:28 [http-nio-8080-exec-3] DEBUG o.s.orm.jpa.JpaTransactionManager - Participating in existing transaction
2026-03-16 16:55:28 [http-nio-8080-exec-6] DEBUG o.s.orm.jpa.JpaTransactionManager - Participating in existing transaction
2026-03-16 16:55:28 [http-nio-8080-exec-3] DEBUG org.hibernate.SQL - select u1_0.emplyr_id,u1_0.area_no,u1_0.brthdy,u1_0.chg_pwd_cnt,u1_0.frst_register_id,u1_0.frst_regist_pnttm,u1_0.detail_adres,u1_0.email_adres,u1_0.emplyr_sttus_code,u1_0.empl_no,u1_0.esntl_id,u1_0.fxnum,u1_0.group_id,u1_0.house_adres,u1_0.house_end_telno,u1_0.house_middle_telno,u1_0.ihidnum,u1_0.pstinst_code,u1_0.last_updusr_id,u1_0.last_updt_pnttm,u1_0.lock_at,u1_0.lock_cnt,u1_0.lock_last_pnttm,u1_0.mbtlnum,u1_0.ofcps_nm,u1_0.offm_telno,u1_0.orgnzt_id,u1_0.password,u1_0.password_cnsr,u1_0.password_hint,u1_0.chg_pwd_last_pnttm,u1_0.role,u1_0.sbscrb_de,u1_0.sexdstn_code,u1_0.crtfc_dn_value,u1_0.user_nm,u1_0.zip from nemplyrinfo u1_0 where u1_0.emplyr_id=?
2026-03-16 16:55:28 [http-nio-8080-exec-6] DEBUG org.hibernate.SQL - select u1_0.emplyr_id,u1_0.area_no,u1_0.brthdy,u1_0.chg_pwd_cnt,u1_0.frst_register_id,u1_0.frst_regist_pnttm,u1_0.detail_adres,u1_0.email_adres,u1_0.emplyr_sttus_code,u1_0.empl_no,u1_0.esntl_id,u1_0.fxnum,u1_0.group_id,u1_0.house_adres,u1_0.house_end_telno,u1_0.house_middle_telno,u1_0.ihidnum,u1_0.pstinst_code,u1_0.last_updusr_id,u1_0.last_updt_pnttm,u1_0.lock_at,u1_0.lock_cnt,u1_0.lock_last_pnttm,u1_0.mbtlnum,u1_0.ofcps_nm,u1_0.offm_telno,u1_0.orgnzt_id,u1_0.password,u1_0.password_cnsr,u1_0.password_hint,u1_0.chg_pwd_last_pnttm,u1_0.role,u1_0.sbscrb_de,u1_0.sexdstn_code,u1_0.crtfc_dn_value,u1_0.user_nm,u1_0.zip from nemplyrinfo u1_0 where u1_0.emplyr_id=?
2026-03-16 16:55:29 [http-nio-8080-exec-1] DEBUG org.hibernate.SQL - select count(b1_0.ntt_id) from nbbs b1_0 left join nemplyrinfo u1_0 on b1_0.frst_register_id=u1_0.esntl_id where (b1_0.use_at = 'Y') and b1_0.bbs_id=?
2026-03-16 16:55:29 [http-nio-8080-exec-2] DEBUG o.s.orm.jpa.JpaTransactionManager - Found thread-bound EntityManager [SessionImpl(1977883118<open>)] for JPA transaction
2026-03-16 16:55:29 [http-nio-8080-exec-2] DEBUG o.s.orm.jpa.JpaTransactionManager - Participating in existing transaction
2026-03-16 16:55:29 [http-nio-8080-exec-2] DEBUG org.hibernate.SQL - select ua1_0.scrty_dtrmn_trget_id,ua1_0.author_code,ua1_0.frst_register_id,ua1_0.frst_regist_pnttm,ua1_0.last_updusr_id,ua1_0.last_updt_pnttm,ua1_0.mber_ty_code from nemplyrscrtyestbs ua1_0 where ua1_0.scrty_dtrmn_trget_id=?
2026-03-16 16:55:29 [http-nio-8080-exec-9] DEBUG o.s.orm.jpa.JpaTransactionManager - Found thread-bound EntityManager [SessionImpl(1353733775<open>)] for JPA transaction
2026-03-16 16:55:29 [http-nio-8080-exec-9] DEBUG o.s.orm.jpa.JpaTransactionManager - Participating in existing transaction
2026-03-16 16:55:29 [http-nio-8080-exec-9] DEBUG org.hibernate.SQL - select ua1_0.scrty_dtrmn_trget_id,ua1_0.author_code,ua1_0.frst_register_id,ua1_0.frst_regist_pnttm,ua1_0.last_updusr_id,ua1_0.last_updt_pnttm,ua1_0.mber_ty_code from nemplyrscrtyestbs ua1_0 where ua1_0.scrty_dtrmn_trget_id=?
2026-03-16 16:55:29 [http-nio-8080-exec-8] DEBUG o.s.orm.jpa.JpaTransactionManager - Found thread-bound EntityManager [SessionImpl(992025377<open>)] for JPA transaction
2026-03-16 16:55:29 [http-nio-8080-exec-8] DEBUG o.s.orm.jpa.JpaTransactionManager - Participating in existing transaction
2026-03-16 16:55:29 [http-nio-8080-exec-8] DEBUG org.hibernate.SQL - select ua1_0.scrty_dtrmn_trget_id,ua1_0.author_code,ua1_0.frst_register_id,ua1_0.frst_regist_pnttm,ua1_0.last_updusr_id,ua1_0.last_updt_pnttm,ua1_0.mber_ty_code from nemplyrscrtyestbs ua1_0 where ua1_0.scrty_dtrmn_trget_id=?
2026-03-16 16:55:29 [http-nio-8080-exec-6] DEBUG o.s.orm.jpa.JpaTransactionManager - Found thread-bound EntityManager [SessionImpl(750313416<open>)] for JPA transaction
2026-03-16 16:55:29 [http-nio-8080-exec-6] DEBUG o.s.orm.jpa.JpaTransactionManager - Participating in existing transaction
2026-03-16 16:55:29 [http-nio-8080-exec-3] DEBUG o.s.orm.jpa.JpaTransactionManager - Found thread-bound EntityManager [SessionImpl(804010027<open>)] for JPA transaction
2026-03-16 16:55:29 [http-nio-8080-exec-3] DEBUG o.s.orm.jpa.JpaTransactionManager - Participating in existing transaction
2026-03-16 16:55:29 [http-nio-8080-exec-6] DEBUG org.hibernate.SQL - select ua1_0.scrty_dtrmn_trget_id,ua1_0.author_code,ua1_0.frst_register_id,ua1_0.frst_regist_pnttm,ua1_0.last_updusr_id,ua1_0.last_updt_pnttm,ua1_0.mber_ty_code from nemplyrscrtyestbs ua1_0 where ua1_0.scrty_dtrmn_trget_id=?
2026-03-16 16:55:29 [http-nio-8080-exec-3] DEBUG org.hibernate.SQL - select ua1_0.scrty_dtrmn_trget_id,ua1_0.author_code,ua1_0.frst_register_id,ua1_0.frst_regist_pnttm,ua1_0.last_updusr_id,ua1_0.last_updt_pnttm,ua1_0.mber_ty_code from nemplyrscrtyestbs ua1_0 where ua1_0.scrty_dtrmn_trget_id=?
2026-03-16 16:55:29 [http-nio-8080-exec-1] DEBUG o.s.orm.jpa.JpaTransactionManager - Initiating transaction commit
2026-03-16 16:55:29 [http-nio-8080-exec-1] DEBUG o.s.orm.jpa.JpaTransactionManager - Committing JPA transaction on EntityManager [SessionImpl(1570050979<open>)]
2026-03-16 16:55:29 [http-nio-8080-exec-9] DEBUG o.s.orm.jpa.JpaTransactionManager - Initiating transaction commit
2026-03-16 16:55:29 [http-nio-8080-exec-9] DEBUG o.s.orm.jpa.JpaTransactionManager - Committing JPA transaction on EntityManager [SessionImpl(1353733775<open>)]
2026-03-16 16:55:29 [http-nio-8080-exec-2] DEBUG o.s.orm.jpa.JpaTransactionManager - Initiating transaction commit
2026-03-16 16:55:29 [http-nio-8080-exec-2] DEBUG o.s.orm.jpa.JpaTransactionManager - Committing JPA transaction on EntityManager [SessionImpl(1977883118<open>)]
2026-03-16 16:55:29 [http-nio-8080-exec-8] DEBUG o.s.orm.jpa.JpaTransactionManager - Initiating transaction commit
2026-03-16 16:55:29 [http-nio-8080-exec-8] DEBUG o.s.orm.jpa.JpaTransactionManager - Committing JPA transaction on EntityManager [SessionImpl(992025377<open>)]
2026-03-16 16:55:29 [http-nio-8080-exec-3] DEBUG o.s.orm.jpa.JpaTransactionManager - Initiating transaction commit
2026-03-16 16:55:29 [http-nio-8080-exec-6] DEBUG o.s.orm.jpa.JpaTransactionManager - Initiating transaction commit
2026-03-16 16:55:29 [http-nio-8080-exec-6] DEBUG o.s.orm.jpa.JpaTransactionManager - Committing JPA transaction on EntityManager [SessionImpl(750313416<open>)]
2026-03-16 16:55:29 [http-nio-8080-exec-3] DEBUG o.s.orm.jpa.JpaTransactionManager - Committing JPA transaction on EntityManager [SessionImpl(804010027<open>)]
2026-03-16 16:55:29 [http-nio-8080-exec-1] DEBUG o.s.orm.jpa.JpaTransactionManager - Closing JPA EntityManager [SessionImpl(1570050979<open>)] after transaction
2026-03-16 16:55:29 [http-nio-8080-exec-1] DEBUG o.s.orm.jpa.JpaTransactionManager - Creating new transaction with name [com.company.project.service.board.BoardService.getBoardPosts]: PROPAGATION_REQUIRED,ISOLATION_DEFAULT,readOnly
2026-03-16 16:55:29 [http-nio-8080-exec-1] DEBUG o.s.orm.jpa.JpaTransactionManager - Opened new EntityManager [SessionImpl(38074034<open>)] for JPA transaction
2026-03-16 16:55:29 [http-nio-8080-exec-1] DEBUG o.s.orm.jpa.JpaTransactionManager - Exposing JPA transaction as JDBC [org.springframework.orm.jpa.vendor.HibernateJpaDialect$HibernateConnectionHandle@70c4684f]
2026-03-16 16:55:29 [http-nio-8080-exec-1] DEBUG o.s.orm.jpa.JpaTransactionManager - Found thread-bound EntityManager [SessionImpl(38074034<open>)] for JPA transaction
2026-03-16 16:55:29 [http-nio-8080-exec-1] DEBUG o.s.orm.jpa.JpaTransactionManager - Participating in existing transaction
2026-03-16 16:55:29 [http-nio-8080-exec-1] DEBUG org.hibernate.SQL - select bm1_0.bbs_id,bm1_0.atch_posbl_file_number,bm1_0.atch_posbl_file_size,bm1_0.bbs_attrb_code,bm1_0.bbs_intrcn,bm1_0.bbs_nm,bm1_0.bbs_ty_code,bm1_0.blog_at,bm1_0.blog_id,bm1_0.cmmnty_id,bm1_0.frst_register_id,bm1_0.frst_regist_pnttm,bm1_0.file_atch_posbl_at,bm1_0.last_updusr_id,bm1_0.last_updt_pnttm,bm1_0.reply_posbl_at,bm1_0.tmplat_id,bm1_0.use_at,bm1_1.answer_at,bm1_1.stsfdg_at from nbbsmaster bm1_0 left join nbbsmasteroptn bm1_1 on bm1_0.bbs_id=bm1_1.bbs_id where bm1_0.bbs_id=?
2026-03-16 16:55:29 [http-nio-8080-exec-9] DEBUG o.s.orm.jpa.JpaTransactionManager - Closing JPA EntityManager [SessionImpl(1353733775<open>)] after transaction
2026-03-16 16:55:29 [http-nio-8080-exec-2] DEBUG o.s.orm.jpa.JpaTransactionManager - Closing JPA EntityManager [SessionImpl(1977883118<open>)] after transaction
2026-03-16 16:55:29 [http-nio-8080-exec-9] DEBUG c.c.p.s.jwt.JwtAuthenticationFilter - >>> [JwtFilter] Successfully authenticated user: USRCNFRM_99999999999, Authorities: [ROLE_ADMIN]
2026-03-16 16:55:29 [http-nio-8080-exec-2] DEBUG c.c.p.s.jwt.JwtAuthenticationFilter - >>> [JwtFilter] Successfully authenticated user: USRCNFRM_99999999999, Authorities: [ROLE_ADMIN]
2026-03-16 16:55:29 [http-nio-8080-exec-9] DEBUG o.s.web.servlet.DispatcherServlet - GET "/api/v1/menu/left?menuNo=50", parameters={masked}
2026-03-16 16:55:29 [http-nio-8080-exec-2] DEBUG o.s.web.servlet.DispatcherServlet - GET "/api/v1/menu/left?menuNo=60", parameters={masked}
2026-03-16 16:55:29 [http-nio-8080-exec-9] TRACE o.s.w.s.m.m.a.RequestMappingHandlerMapping - Mapped to com.company.project.api.controller.menu.MenuController#getLeftMenu(Long)
2026-03-16 16:55:29 [http-nio-8080-exec-2] TRACE o.s.w.s.m.m.a.RequestMappingHandlerMapping - Mapped to com.company.project.api.controller.menu.MenuController#getLeftMenu(Long)
2026-03-16 16:55:29 [http-nio-8080-exec-9] INFO  c.c.p.a.c.menu.MenuController - getLeftMenu called with menuNo=50
2026-03-16 16:55:29 [http-nio-8080-exec-2] INFO  c.c.p.a.c.menu.MenuController - getLeftMenu called with menuNo=60
2026-03-16 16:55:29 [http-nio-8080-exec-9] DEBUG o.s.orm.jpa.JpaTransactionManager - Creating new transaction with name [com.company.project.service.menu.MenuService.getSubMenus]: PROPAGATION_REQUIRED,ISOLATION_DEFAULT,readOnly
2026-03-16 16:55:29 [http-nio-8080-exec-2] DEBUG o.s.orm.jpa.JpaTransactionManager - Creating new transaction with name [com.company.project.service.menu.MenuService.getSubMenus]: PROPAGATION_REQUIRED,ISOLATION_DEFAULT,readOnly
2026-03-16 16:55:29 [http-nio-8080-exec-9] DEBUG o.s.orm.jpa.JpaTransactionManager - Opened new EntityManager [SessionImpl(931334872<open>)] for JPA transaction
2026-03-16 16:55:29 [http-nio-8080-exec-2] DEBUG o.s.orm.jpa.JpaTransactionManager - Opened new EntityManager [SessionImpl(1123829771<open>)] for JPA transaction
2026-03-16 16:55:29 [http-nio-8080-exec-9] DEBUG o.s.orm.jpa.JpaTransactionManager - Exposing JPA transaction as JDBC [org.springframework.orm.jpa.vendor.HibernateJpaDialect$HibernateConnectionHandle@ddaa643]
2026-03-16 16:55:29 [http-nio-8080-exec-2] DEBUG o.s.orm.jpa.JpaTransactionManager - Exposing JPA transaction as JDBC [org.springframework.orm.jpa.vendor.HibernateJpaDialect$HibernateConnectionHandle@1c5d0f1b]
2026-03-16 16:55:29 [http-nio-8080-exec-2] DEBUG org.hibernate.SQL - select m1_0.menu_no,m1_0.menu_dc,m1_0.menu_nm,m1_0.menu_ordr,m1_0.modern_route,m1_0.progrm_file_nm,m1_0.relate_image_nm,m1_0.relate_image_path,m1_0.route_updated_at,m1_0.upper_menu_no from nmenuinfo m1_0 order by m1_0.upper_menu_no,m1_0.menu_ordr
2026-03-16 16:55:29 [http-nio-8080-exec-9] DEBUG org.hibernate.SQL - select m1_0.menu_no,m1_0.menu_dc,m1_0.menu_nm,m1_0.menu_ordr,m1_0.modern_route,m1_0.progrm_file_nm,m1_0.relate_image_nm,m1_0.relate_image_path,m1_0.route_updated_at,m1_0.upper_menu_no from nmenuinfo m1_0 order by m1_0.upper_menu_no,m1_0.menu_ordr
2026-03-16 16:55:29 [http-nio-8080-exec-8] DEBUG o.s.orm.jpa.JpaTransactionManager - Closing JPA EntityManager [SessionImpl(992025377<open>)] after transaction
2026-03-16 16:55:29 [http-nio-8080-exec-8] DEBUG c.c.p.s.jwt.JwtAuthenticationFilter - >>> [JwtFilter] Successfully authenticated user: USRCNFRM_99999999999, Authorities: [ROLE_ADMIN]
2026-03-16 16:55:29 [http-nio-8080-exec-8] DEBUG o.s.web.servlet.DispatcherServlet - GET "/api/v1/menu/left?menuNo=10", parameters={masked}
2026-03-16 16:55:29 [http-nio-8080-exec-8] TRACE o.s.w.s.m.m.a.RequestMappingHandlerMapping - Mapped to com.company.project.api.controller.menu.MenuController#getLeftMenu(Long)
2026-03-16 16:55:29 [http-nio-8080-exec-8] INFO  c.c.p.a.c.menu.MenuController - getLeftMenu called with menuNo=10
2026-03-16 16:55:29 [http-nio-8080-exec-8] DEBUG o.s.orm.jpa.JpaTransactionManager - Creating new transaction with name [com.company.project.service.menu.MenuService.getSubMenus]: PROPAGATION_REQUIRED,ISOLATION_DEFAULT,readOnly
2026-03-16 16:55:29 [http-nio-8080-exec-8] DEBUG o.s.orm.jpa.JpaTransactionManager - Opened new EntityManager [SessionImpl(1485648905<open>)] for JPA transaction
2026-03-16 16:55:29 [http-nio-8080-exec-8] DEBUG o.s.orm.jpa.JpaTransactionManager - Exposing JPA transaction as JDBC [org.springframework.orm.jpa.vendor.HibernateJpaDialect$HibernateConnectionHandle@1f8806ad]
2026-03-16 16:55:29 [http-nio-8080-exec-8] DEBUG org.hibernate.SQL - select m1_0.menu_no,m1_0.menu_dc,m1_0.menu_nm,m1_0.menu_ordr,m1_0.modern_route,m1_0.progrm_file_nm,m1_0.relate_image_nm,m1_0.relate_image_path,m1_0.route_updated_at,m1_0.upper_menu_no from nmenuinfo m1_0 order by m1_0.upper_menu_no,m1_0.menu_ordr
2026-03-16 16:55:29 [http-nio-8080-exec-6] DEBUG o.s.orm.jpa.JpaTransactionManager - Closing JPA EntityManager [SessionImpl(750313416<open>)] after transaction
2026-03-16 16:55:29 [http-nio-8080-exec-6] DEBUG c.c.p.s.jwt.JwtAuthenticationFilter - >>> [JwtFilter] Successfully authenticated user: USRCNFRM_99999999999, Authorities: [ROLE_ADMIN]
2026-03-16 16:55:29 [http-nio-8080-exec-6] DEBUG o.s.web.servlet.DispatcherServlet - GET "/api/v1/menu/left?menuNo=40", parameters={masked}
2026-03-16 16:55:29 [http-nio-8080-exec-6] TRACE o.s.w.s.m.m.a.RequestMappingHandlerMapping - Mapped to com.company.project.api.controller.menu.MenuController#getLeftMenu(Long)
2026-03-16 16:55:29 [http-nio-8080-exec-6] INFO  c.c.p.a.c.menu.MenuController - getLeftMenu called with menuNo=40
2026-03-16 16:55:29 [http-nio-8080-exec-6] DEBUG o.s.orm.jpa.JpaTransactionManager - Creating new transaction with name [com.company.project.service.menu.MenuService.getSubMenus]: PROPAGATION_REQUIRED,ISOLATION_DEFAULT,readOnly
2026-03-16 16:55:29 [http-nio-8080-exec-6] DEBUG o.s.orm.jpa.JpaTransactionManager - Opened new EntityManager [SessionImpl(1255562791<open>)] for JPA transaction
2026-03-16 16:55:29 [http-nio-8080-exec-6] DEBUG o.s.orm.jpa.JpaTransactionManager - Exposing JPA transaction as JDBC [org.springframework.orm.jpa.vendor.HibernateJpaDialect$HibernateConnectionHandle@67cb31aa]
2026-03-16 16:55:29 [http-nio-8080-exec-6] DEBUG org.hibernate.SQL - select m1_0.menu_no,m1_0.menu_dc,m1_0.menu_nm,m1_0.menu_ordr,m1_0.modern_route,m1_0.progrm_file_nm,m1_0.relate_image_nm,m1_0.relate_image_path,m1_0.route_updated_at,m1_0.upper_menu_no from nmenuinfo m1_0 order by m1_0.upper_menu_no,m1_0.menu_ordr
2026-03-16 16:55:29 [http-nio-8080-exec-3] DEBUG o.s.orm.jpa.JpaTransactionManager - Closing JPA EntityManager [SessionImpl(804010027<open>)] after transaction
2026-03-16 16:55:29 [http-nio-8080-exec-3] DEBUG c.c.p.s.jwt.JwtAuthenticationFilter - >>> [JwtFilter] Successfully authenticated user: USRCNFRM_99999999999, Authorities: [ROLE_ADMIN]
2026-03-16 16:55:29 [http-nio-8080-exec-3] DEBUG o.s.web.servlet.DispatcherServlet - GET "/api/v1/menu/left?menuNo=20", parameters={masked}
2026-03-16 16:55:29 [http-nio-8080-exec-3] TRACE o.s.w.s.m.m.a.RequestMappingHandlerMapping - Mapped to com.company.project.api.controller.menu.MenuController#getLeftMenu(Long)
2026-03-16 16:55:29 [http-nio-8080-exec-3] INFO  c.c.p.a.c.menu.MenuController - getLeftMenu called with menuNo=20
2026-03-16 16:55:29 [http-nio-8080-exec-3] DEBUG o.s.orm.jpa.JpaTransactionManager - Creating new transaction with name [com.company.project.service.menu.MenuService.getSubMenus]: PROPAGATION_REQUIRED,ISOLATION_DEFAULT,readOnly
2026-03-16 16:55:29 [http-nio-8080-exec-3] DEBUG o.s.orm.jpa.JpaTransactionManager - Opened new EntityManager [SessionImpl(302788460<open>)] for JPA transaction
2026-03-16 16:55:29 [http-nio-8080-exec-3] DEBUG o.s.orm.jpa.JpaTransactionManager - Exposing JPA transaction as JDBC [org.springframework.orm.jpa.vendor.HibernateJpaDialect$HibernateConnectionHandle@1044b94d]
2026-03-16 16:55:29 [http-nio-8080-exec-3] DEBUG org.hibernate.SQL - select m1_0.menu_no,m1_0.menu_dc,m1_0.menu_nm,m1_0.menu_ordr,m1_0.modern_route,m1_0.progrm_file_nm,m1_0.relate_image_nm,m1_0.relate_image_path,m1_0.route_updated_at,m1_0.upper_menu_no from nmenuinfo m1_0 order by m1_0.upper_menu_no,m1_0.menu_ordr
2026-03-16 16:55:29 [http-nio-8080-exec-1] DEBUG org.hibernate.SQL - select b1_0.ntt_id,b1_0.bbs_id,b1_0.ntt_sj,b1_0.ntcr_nm,b1_0.frst_regist_pnttm,b1_0.rdcnt,b1_0.answer_at,b1_0.parntsctt_no,b1_0.answer_lc,b1_0.sort_ordr,b1_0.ntt_no,b1_0.notice_at,b1_0.secret_at,b1_0.comment_co from nbbs b1_0 left join nemplyrinfo u1_0 on b1_0.frst_register_id=u1_0.esntl_id where (b1_0.use_at = 'Y') and b1_0.bbs_id=? order by b1_0.sort_ordr desc,b1_0.ntt_no offset ? rows fetch first ? rows only
2026-03-16 16:55:29 [http-nio-8080-exec-2] DEBUG o.s.orm.jpa.JpaTransactionManager - Found thread-bound EntityManager [SessionImpl(1123829771<open>)] for JPA transaction
2026-03-16 16:55:29 [http-nio-8080-exec-2] DEBUG o.s.orm.jpa.JpaTransactionManager - Participating in existing transaction
2026-03-16 16:55:29 [http-nio-8080-exec-1] DEBUG org.hibernate.SQL - select count(b1_0.ntt_id) from nbbs b1_0 left join nemplyrinfo u1_0 on b1_0.frst_register_id=u1_0.esntl_id where (b1_0.use_at = 'Y') and b1_0.bbs_id=?
2026-03-16 16:55:29 [http-nio-8080-exec-2] DEBUG org.hibernate.SQL - select p1_0.progrm_file_nm,p1_0.progrm_dc,p1_0.progrm_korean_nm,p1_0.progrm_stre_path,p1_0.url from nprogrmlist p1_0
2026-03-16 16:55:29 [http-nio-8080-exec-9] DEBUG o.s.orm.jpa.JpaTransactionManager - Found thread-bound EntityManager [SessionImpl(931334872<open>)] for JPA transaction
2026-03-16 16:55:29 [http-nio-8080-exec-9] DEBUG o.s.orm.jpa.JpaTransactionManager - Participating in existing transaction
2026-03-16 16:55:29 [http-nio-8080-exec-9] DEBUG org.hibernate.SQL - select p1_0.progrm_file_nm,p1_0.progrm_dc,p1_0.progrm_korean_nm,p1_0.progrm_stre_path,p1_0.url from nprogrmlist p1_0
2026-03-16 16:55:29 [http-nio-8080-exec-8] DEBUG o.s.orm.jpa.JpaTransactionManager - Found thread-bound EntityManager [SessionImpl(1485648905<open>)] for JPA transaction
2026-03-16 16:55:29 [http-nio-8080-exec-8] DEBUG o.s.orm.jpa.JpaTransactionManager - Participating in existing transaction
2026-03-16 16:55:29 [http-nio-8080-exec-8] DEBUG org.hibernate.SQL - select p1_0.progrm_file_nm,p1_0.progrm_dc,p1_0.progrm_korean_nm,p1_0.progrm_stre_path,p1_0.url from nprogrmlist p1_0
2026-03-16 16:55:29 [http-nio-8080-exec-6] DEBUG o.s.orm.jpa.JpaTransactionManager - Found thread-bound EntityManager [SessionImpl(1255562791<open>)] for JPA transaction
2026-03-16 16:55:29 [http-nio-8080-exec-6] DEBUG o.s.orm.jpa.JpaTransactionManager - Participating in existing transaction
2026-03-16 16:55:29 [http-nio-8080-exec-3] DEBUG o.s.orm.jpa.JpaTransactionManager - Found thread-bound EntityManager [SessionImpl(302788460<open>)] for JPA transaction
2026-03-16 16:55:29 [http-nio-8080-exec-3] DEBUG o.s.orm.jpa.JpaTransactionManager - Participating in existing transaction
2026-03-16 16:55:29 [http-nio-8080-exec-6] DEBUG org.hibernate.SQL - select p1_0.progrm_file_nm,p1_0.progrm_dc,p1_0.progrm_korean_nm,p1_0.progrm_stre_path,p1_0.url from nprogrmlist p1_0
2026-03-16 16:55:29 [http-nio-8080-exec-3] DEBUG org.hibernate.SQL - select p1_0.progrm_file_nm,p1_0.progrm_dc,p1_0.progrm_korean_nm,p1_0.progrm_stre_path,p1_0.url from nprogrmlist p1_0
2026-03-16 16:55:29 [http-nio-8080-exec-1] DEBUG o.s.orm.jpa.JpaTransactionManager - Initiating transaction commit
2026-03-16 16:55:29 [http-nio-8080-exec-1] DEBUG o.s.orm.jpa.JpaTransactionManager - Committing JPA transaction on EntityManager [SessionImpl(38074034<open>)]
2026-03-16 16:55:29 [http-nio-8080-exec-2] DEBUG o.s.orm.jpa.JpaTransactionManager - Initiating transaction commit
2026-03-16 16:55:29 [http-nio-8080-exec-2] DEBUG o.s.orm.jpa.JpaTransactionManager - Committing JPA transaction on EntityManager [SessionImpl(1123829771<open>)]
2026-03-16 16:55:29 [http-nio-8080-exec-9] DEBUG o.s.orm.jpa.JpaTransactionManager - Initiating transaction commit
2026-03-16 16:55:29 [http-nio-8080-exec-9] DEBUG o.s.orm.jpa.JpaTransactionManager - Committing JPA transaction on EntityManager [SessionImpl(931334872<open>)]
2026-03-16 16:55:29 [http-nio-8080-exec-8] DEBUG o.s.orm.jpa.JpaTransactionManager - Initiating transaction commit
2026-03-16 16:55:29 [http-nio-8080-exec-8] DEBUG o.s.orm.jpa.JpaTransactionManager - Committing JPA transaction on EntityManager [SessionImpl(1485648905<open>)]
2026-03-16 16:55:29 [http-nio-8080-exec-6] DEBUG o.s.orm.jpa.JpaTransactionManager - Initiating transaction commit
2026-03-16 16:55:29 [http-nio-8080-exec-6] DEBUG o.s.orm.jpa.JpaTransactionManager - Committing JPA transaction on EntityManager [SessionImpl(1255562791<open>)]
2026-03-16 16:55:29 [http-nio-8080-exec-3] DEBUG o.s.orm.jpa.JpaTransactionManager - Initiating transaction commit
2026-03-16 16:55:29 [http-nio-8080-exec-3] DEBUG o.s.orm.jpa.JpaTransactionManager - Committing JPA transaction on EntityManager [SessionImpl(302788460<open>)]
2026-03-16 16:55:29 [http-nio-8080-exec-2] DEBUG o.s.orm.jpa.JpaTransactionManager - Closing JPA EntityManager [SessionImpl(1123829771<open>)] after transaction
2026-03-16 16:55:29 [http-nio-8080-exec-1] DEBUG o.s.orm.jpa.JpaTransactionManager - Closing JPA EntityManager [SessionImpl(38074034<open>)] after transaction
2026-03-16 16:55:29 [http-nio-8080-exec-2] INFO  c.c.p.a.c.menu.MenuController - getLeftMenu returned 1 items
2026-03-16 16:55:29 [http-nio-8080-exec-1] DEBUG o.s.orm.jpa.JpaTransactionManager - Creating new transaction with name [com.company.project.service.informalsanction.InformalSanctionServiceImpl.getReceivedInformalSanctionList]: PROPAGATION_REQUIRED,ISOLATION_DEFAULT,readOnly
2026-03-16 16:55:29 [http-nio-8080-exec-1] DEBUG o.s.orm.jpa.JpaTransactionManager - Opened new EntityManager [SessionImpl(1670552434<open>)] for JPA transaction
2026-03-16 16:55:29 [http-nio-8080-exec-1] DEBUG o.s.orm.jpa.JpaTransactionManager - Exposing JPA transaction as JDBC [org.springframework.orm.jpa.vendor.HibernateJpaDialect$HibernateConnectionHandle@32743563]
2026-03-16 16:55:29 [http-nio-8080-exec-9] DEBUG o.s.orm.jpa.JpaTransactionManager - Closing JPA EntityManager [SessionImpl(931334872<open>)] after transaction
2026-03-16 16:55:29 [http-nio-8080-exec-9] INFO  c.c.p.a.c.menu.MenuController - getLeftMenu returned 3 items
2026-03-16 16:55:29 [http-nio-8080-exec-2] DEBUG o.s.w.s.m.m.a.HttpEntityMethodProcessor - Using 'application/json', given [application/json, text/plain, */*] and supported [application/json, application/*+json, application/yaml]
2026-03-16 16:55:29 [http-nio-8080-exec-9] DEBUG o.s.w.s.m.m.a.HttpEntityMethodProcessor - Using 'application/json', given [application/json, text/plain, */*] and supported [application/json, application/*+json, application/yaml]
2026-03-16 16:55:29 [http-nio-8080-exec-9] TRACE o.s.w.s.m.m.a.HttpEntityMethodProcessor - Writing [ApiResponse[success=true, status=200, code=COMMON_001, message=Success, data={list=[com.company.project.service.menu.dto.MenuDto@107ae7fa, com.company.project.service.menu.dto.MenuDto@28e78870, com.company.project.service.menu.dto.MenuDto@d5ae3d8]}, timestamp=2026-03-16T16:55:29.934975500]]
2026-03-16 16:55:29 [http-nio-8080-exec-2] TRACE o.s.w.s.m.m.a.HttpEntityMethodProcessor - Writing [ApiResponse[success=true, status=200, code=COMMON_001, message=Success, data={list=[com.company.project.service.menu.dto.MenuDto@24bb5ca]}, timestamp=2026-03-16T16:55:29.934975500]]
2026-03-16 16:55:29 [http-nio-8080-exec-9] INFO  c.c.p.a.i.OperationalAuditInterceptor - API Audit Log: URL=/api/v1/menu/left, User=webmaster, IP=0:0:0:0:0:0:0:1
2026-03-16 16:55:29 [http-nio-8080-exec-2] INFO  c.c.p.a.i.OperationalAuditInterceptor - API Audit Log: URL=/api/v1/menu/left, User=webmaster, IP=0:0:0:0:0:0:0:1
2026-03-16 16:55:29 [http-nio-8080-exec-9] DEBUG o.s.web.servlet.DispatcherServlet - Completed 200 OK
2026-03-16 16:55:29 [http-nio-8080-exec-2] DEBUG o.s.web.servlet.DispatcherServlet - Completed 200 OK
2026-03-16 16:55:29 [http-nio-8080-exec-1] DEBUG org.hibernate.SQL - select is1_0.infrml_sanctn_id,is1_0.applcnt_id,is1_0.confm_at,is1_0.frst_register_id,is1_0.frst_regist_pnttm,is1_0.job_se_code,is1_0.last_updusr_id,is1_0.last_updt_pnttm,is1_0.reqst_de,is1_0.return_resn,is1_0.sanctn_dt,is1_0.sanctner_id from ninfrmlsanctn is1_0 where is1_0.sanctner_id=?
2026-03-16 16:55:29 [http-nio-8080-exec-8] DEBUG o.s.orm.jpa.JpaTransactionManager - Closing JPA EntityManager [SessionImpl(1485648905<open>)] after transaction
2026-03-16 16:55:29 [http-nio-8080-exec-8] INFO  c.c.p.a.c.menu.MenuController - getLeftMenu returned 5 items
2026-03-16 16:55:29 [http-nio-8080-exec-8] DEBUG o.s.w.s.m.m.a.HttpEntityMethodProcessor - Using 'application/json', given [application/json, text/plain, */*] and supported [application/json, application/*+json, application/yaml]
2026-03-16 16:55:29 [http-nio-8080-exec-8] TRACE o.s.w.s.m.m.a.HttpEntityMethodProcessor - Writing [ApiResponse[success=true, status=200, code=COMMON_001, message=Success, data={list=[com.company.project.service.menu.dto.MenuDto@e5c776, com.company.project.service.menu.dto.MenuDto@431e008b, com.company.project.service.menu.dto.MenuDto@22e9d4f1, com.company.project.service.menu.dto.MenuDto@9bb4fe3, com.company.project.service.menu.dto.MenuDto@274be7d5]}, timestamp=2026-03-16T16:55:29.970948700]]
2026-03-16 16:55:29 [http-nio-8080-exec-8] INFO  c.c.p.a.i.OperationalAuditInterceptor - API Audit Log: URL=/api/v1/menu/left, User=webmaster, IP=0:0:0:0:0:0:0:1
2026-03-16 16:55:29 [http-nio-8080-exec-8] DEBUG o.s.web.servlet.DispatcherServlet - Completed 200 OK
2026-03-16 16:55:29 [http-nio-8080-exec-6] DEBUG o.s.orm.jpa.JpaTransactionManager - Closing JPA EntityManager [SessionImpl(1255562791<open>)] after transaction
2026-03-16 16:55:29 [http-nio-8080-exec-3] DEBUG o.s.orm.jpa.JpaTransactionManager - Closing JPA EntityManager [SessionImpl(302788460<open>)] after transaction
2026-03-16 16:55:29 [http-nio-8080-exec-6] INFO  c.c.p.a.c.menu.MenuController - getLeftMenu returned 2 items
2026-03-16 16:55:29 [http-nio-8080-exec-3] INFO  c.c.p.a.c.menu.MenuController - getLeftMenu returned 3 items
2026-03-16 16:55:29 [http-nio-8080-exec-6] DEBUG o.s.w.s.m.m.a.HttpEntityMethodProcessor - Using 'application/json', given [application/json, text/plain, */*] and supported [application/json, application/*+json, application/yaml]
2026-03-16 16:55:29 [http-nio-8080-exec-3] DEBUG o.s.w.s.m.m.a.HttpEntityMethodProcessor - Using 'application/json', given [application/json, text/plain, */*] and supported [application/json, application/*+json, application/yaml]
2026-03-16 16:55:29 [http-nio-8080-exec-6] TRACE o.s.w.s.m.m.a.HttpEntityMethodProcessor - Writing [ApiResponse[success=true, status=200, code=COMMON_001, message=Success, data={list=[com.company.project.service.menu.dto.MenuDto@3d2bf8de, com.company.project.service.menu.dto.MenuDto@1f832d3c]}, timestamp=2026-03-16T16:55:29.986269]]
2026-03-16 16:55:29 [http-nio-8080-exec-3] TRACE o.s.w.s.m.m.a.HttpEntityMethodProcessor - Writing [ApiResponse[success=true, status=200, code=COMMON_001, message=Success, data={list=[com.company.project.service.menu.dto.MenuDto@11fb2720, com.company.project.service.menu.dto.MenuDto@1260ade5, com.company.project.service.menu.dto.MenuDto@66c48af5]}, timestamp=2026-03-16T16:55:29.986269]]
2026-03-16 16:55:29 [http-nio-8080-exec-3] INFO  c.c.p.a.i.OperationalAuditInterceptor - API Audit Log: URL=/api/v1/menu/left, User=webmaster, IP=0:0:0:0:0:0:0:1
2026-03-16 16:55:29 [http-nio-8080-exec-6] INFO  c.c.p.a.i.OperationalAuditInterceptor - API Audit Log: URL=/api/v1/menu/left, User=webmaster, IP=0:0:0:0:0:0:0:1
2026-03-16 16:55:29 [http-nio-8080-exec-3] DEBUG o.s.web.servlet.DispatcherServlet - Completed 200 OK
2026-03-16 16:55:29 [http-nio-8080-exec-6] DEBUG o.s.web.servlet.DispatcherServlet - Completed 200 OK
2026-03-16 16:55:30 [http-nio-8080-exec-1] DEBUG o.s.orm.jpa.JpaTransactionManager - Initiating transaction commit
2026-03-16 16:55:30 [http-nio-8080-exec-1] DEBUG o.s.orm.jpa.JpaTransactionManager - Committing JPA transaction on EntityManager [SessionImpl(1670552434<open>)]
2026-03-16 16:55:30 [http-nio-8080-exec-1] DEBUG o.s.orm.jpa.JpaTransactionManager - Closing JPA EntityManager [SessionImpl(1670552434<open>)] after transaction
2026-03-16 16:55:30 [http-nio-8080-exec-1] DEBUG o.s.w.s.m.m.a.HttpEntityMethodProcessor - Using 'application/json', given [application/json, text/plain, */*] and supported [application/json, application/*+json, application/yaml]
2026-03-16 16:55:30 [http-nio-8080-exec-1] TRACE o.s.w.s.m.m.a.HttpEntityMethodProcessor - Writing [{notiList=[com.company.project.service.board.dto.BoardDto@565ad12d], success=true, taskList=[com.company.project.service.board.dto.BoardDto@794636d9], pendingApprovalCount=0}]
2026-03-16 16:55:30 [http-nio-8080-exec-1] INFO  c.c.p.a.i.OperationalAuditInterceptor - API Audit Log: URL=/api/v1/dashboard, User=webmaster, IP=0:0:0:0:0:0:0:1
2026-03-16 16:55:30 [http-nio-8080-exec-1] DEBUG o.s.web.servlet.DispatcherServlet - Completed 200 OK
2026-03-16 16:55:30 [http-nio-8080-exec-5] DEBUG c.c.p.s.jwt.JwtAuthenticationFilter - >>> [JwtFilter] Processing request: GET /api/v1/menu/head
2026-03-16 16:55:30 [http-nio-8080-exec-10] DEBUG c.c.p.s.jwt.JwtAuthenticationFilter - >>> [JwtFilter] Processing request: GET /api/v1/menu/left
2026-03-16 16:55:30 [http-nio-8080-exec-5] DEBUG c.c.p.s.jwt.JwtAuthenticationFilter - >>> [JwtFilter] Found token in header for path: /api/v1/menu/head
2026-03-16 16:55:30 [http-nio-8080-exec-10] DEBUG c.c.p.s.jwt.JwtAuthenticationFilter - >>> [JwtFilter] Found token in header for path: /api/v1/menu/left
2026-03-16 16:55:30 [http-nio-8080-exec-10] DEBUG o.s.orm.jpa.JpaTransactionManager - Creating new transaction with name [com.company.project.security.iam.CustomUserDetailsService.loadUserByUsername]: PROPAGATION_REQUIRED,ISOLATION_DEFAULT,readOnly
2026-03-16 16:55:30 [http-nio-8080-exec-5] DEBUG o.s.orm.jpa.JpaTransactionManager - Creating new transaction with name [com.company.project.security.iam.CustomUserDetailsService.loadUserByUsername]: PROPAGATION_REQUIRED,ISOLATION_DEFAULT,readOnly
2026-03-16 16:55:30 [http-nio-8080-exec-10] DEBUG o.s.orm.jpa.JpaTransactionManager - Opened new EntityManager [SessionImpl(1014388699<open>)] for JPA transaction
2026-03-16 16:55:30 [http-nio-8080-exec-5] DEBUG o.s.orm.jpa.JpaTransactionManager - Opened new EntityManager [SessionImpl(1428381650<open>)] for JPA transaction
2026-03-16 16:55:30 [http-nio-8080-exec-7] DEBUG c.c.p.s.jwt.JwtAuthenticationFilter - >>> [JwtFilter] Processing request: GET /api/v1/auth/me
2026-03-16 16:55:30 [http-nio-8080-exec-7] DEBUG c.c.p.s.jwt.JwtAuthenticationFilter - >>> [JwtFilter] Found token in header for path: /api/v1/auth/me
2026-03-16 16:55:30 [http-nio-8080-exec-7] DEBUG o.s.orm.jpa.JpaTransactionManager - Creating new transaction with name [com.company.project.security.iam.CustomUserDetailsService.loadUserByUsername]: PROPAGATION_REQUIRED,ISOLATION_DEFAULT,readOnly
2026-03-16 16:55:30 [http-nio-8080-exec-7] DEBUG o.s.orm.jpa.JpaTransactionManager - Opened new EntityManager [SessionImpl(1006414028<open>)] for JPA transaction
2026-03-16 16:55:30 [http-nio-8080-exec-10] DEBUG o.s.orm.jpa.JpaTransactionManager - Exposing JPA transaction as JDBC [org.springframework.orm.jpa.vendor.HibernateJpaDialect$HibernateConnectionHandle@18dfaae8]
2026-03-16 16:55:30 [http-nio-8080-exec-5] DEBUG o.s.orm.jpa.JpaTransactionManager - Exposing JPA transaction as JDBC [org.springframework.orm.jpa.vendor.HibernateJpaDialect$HibernateConnectionHandle@36842a72]
2026-03-16 16:55:30 [http-nio-8080-exec-10] DEBUG o.s.orm.jpa.JpaTransactionManager - Found thread-bound EntityManager [SessionImpl(1014388699<open>)] for JPA transaction
2026-03-16 16:55:30 [http-nio-8080-exec-5] DEBUG o.s.orm.jpa.JpaTransactionManager - Found thread-bound EntityManager [SessionImpl(1428381650<open>)] for JPA transaction
2026-03-16 16:55:30 [http-nio-8080-exec-10] DEBUG o.s.orm.jpa.JpaTransactionManager - Participating in existing transaction
2026-03-16 16:55:30 [http-nio-8080-exec-5] DEBUG o.s.orm.jpa.JpaTransactionManager - Participating in existing transaction
2026-03-16 16:55:30 [http-nio-8080-exec-10] DEBUG org.hibernate.SQL - select u1_0.emplyr_id,u1_0.area_no,u1_0.brthdy,u1_0.chg_pwd_cnt,u1_0.frst_register_id,u1_0.frst_regist_pnttm,u1_0.detail_adres,u1_0.email_adres,u1_0.emplyr_sttus_code,u1_0.empl_no,u1_0.esntl_id,u1_0.fxnum,u1_0.group_id,u1_0.house_adres,u1_0.house_end_telno,u1_0.house_middle_telno,u1_0.ihidnum,u1_0.pstinst_code,u1_0.last_updusr_id,u1_0.last_updt_pnttm,u1_0.lock_at,u1_0.lock_cnt,u1_0.lock_last_pnttm,u1_0.mbtlnum,u1_0.ofcps_nm,u1_0.offm_telno,u1_0.orgnzt_id,u1_0.password,u1_0.password_cnsr,u1_0.password_hint,u1_0.chg_pwd_last_pnttm,u1_0.role,u1_0.sbscrb_de,u1_0.sexdstn_code,u1_0.crtfc_dn_value,u1_0.user_nm,u1_0.zip from nemplyrinfo u1_0 where u1_0.emplyr_id=?
2026-03-16 16:55:30 [http-nio-8080-exec-5] DEBUG org.hibernate.SQL - select u1_0.emplyr_id,u1_0.area_no,u1_0.brthdy,u1_0.chg_pwd_cnt,u1_0.frst_register_id,u1_0.frst_regist_pnttm,u1_0.detail_adres,u1_0.email_adres,u1_0.emplyr_sttus_code,u1_0.empl_no,u1_0.esntl_id,u1_0.fxnum,u1_0.group_id,u1_0.house_adres,u1_0.house_end_telno,u1_0.house_middle_telno,u1_0.ihidnum,u1_0.pstinst_code,u1_0.last_updusr_id,u1_0.last_updt_pnttm,u1_0.lock_at,u1_0.lock_cnt,u1_0.lock_last_pnttm,u1_0.mbtlnum,u1_0.ofcps_nm,u1_0.offm_telno,u1_0.orgnzt_id,u1_0.password,u1_0.password_cnsr,u1_0.password_hint,u1_0.chg_pwd_last_pnttm,u1_0.role,u1_0.sbscrb_de,u1_0.sexdstn_code,u1_0.crtfc_dn_value,u1_0.user_nm,u1_0.zip from nemplyrinfo u1_0 where u1_0.emplyr_id=?
2026-03-16 16:55:30 [http-nio-8080-exec-7] DEBUG o.s.orm.jpa.JpaTransactionManager - Exposing JPA transaction as JDBC [org.springframework.orm.jpa.vendor.HibernateJpaDialect$HibernateConnectionHandle@7eac517c]
2026-03-16 16:55:30 [http-nio-8080-exec-7] DEBUG o.s.orm.jpa.JpaTransactionManager - Found thread-bound EntityManager [SessionImpl(1006414028<open>)] for JPA transaction
2026-03-16 16:55:30 [http-nio-8080-exec-7] DEBUG o.s.orm.jpa.JpaTransactionManager - Participating in existing transaction
2026-03-16 16:55:30 [http-nio-8080-exec-7] DEBUG org.hibernate.SQL - select u1_0.emplyr_id,u1_0.area_no,u1_0.brthdy,u1_0.chg_pwd_cnt,u1_0.frst_register_id,u1_0.frst_regist_pnttm,u1_0.detail_adres,u1_0.email_adres,u1_0.emplyr_sttus_code,u1_0.empl_no,u1_0.esntl_id,u1_0.fxnum,u1_0.group_id,u1_0.house_adres,u1_0.house_end_telno,u1_0.house_middle_telno,u1_0.ihidnum,u1_0.pstinst_code,u1_0.last_updusr_id,u1_0.last_updt_pnttm,u1_0.lock_at,u1_0.lock_cnt,u1_0.lock_last_pnttm,u1_0.mbtlnum,u1_0.ofcps_nm,u1_0.offm_telno,u1_0.orgnzt_id,u1_0.password,u1_0.password_cnsr,u1_0.password_hint,u1_0.chg_pwd_last_pnttm,u1_0.role,u1_0.sbscrb_de,u1_0.sexdstn_code,u1_0.crtfc_dn_value,u1_0.user_nm,u1_0.zip from nemplyrinfo u1_0 where u1_0.emplyr_id=?
2026-03-16 16:55:31 [http-nio-8080-exec-7] DEBUG o.s.orm.jpa.JpaTransactionManager - Found thread-bound EntityManager [SessionImpl(1006414028<open>)] for JPA transaction
2026-03-16 16:55:31 [http-nio-8080-exec-10] DEBUG o.s.orm.jpa.JpaTransactionManager - Found thread-bound EntityManager [SessionImpl(1014388699<open>)] for JPA transaction
2026-03-16 16:55:31 [http-nio-8080-exec-5] DEBUG o.s.orm.jpa.JpaTransactionManager - Found thread-bound EntityManager [SessionImpl(1428381650<open>)] for JPA transaction
2026-03-16 16:55:31 [http-nio-8080-exec-7] DEBUG o.s.orm.jpa.JpaTransactionManager - Participating in existing transaction
2026-03-16 16:55:31 [http-nio-8080-exec-7] DEBUG org.hibernate.SQL - select ua1_0.scrty_dtrmn_trget_id,ua1_0.author_code,ua1_0.frst_register_id,ua1_0.frst_regist_pnttm,ua1_0.last_updusr_id,ua1_0.last_updt_pnttm,ua1_0.mber_ty_code from nemplyrscrtyestbs ua1_0 where ua1_0.scrty_dtrmn_trget_id=?
2026-03-16 16:55:31 [http-nio-8080-exec-10] DEBUG o.s.orm.jpa.JpaTransactionManager - Participating in existing transaction
2026-03-16 16:55:31 [http-nio-8080-exec-5] DEBUG o.s.orm.jpa.JpaTransactionManager - Participating in existing transaction
2026-03-16 16:55:31 [http-nio-8080-exec-10] DEBUG org.hibernate.SQL - select ua1_0.scrty_dtrmn_trget_id,ua1_0.author_code,ua1_0.frst_register_id,ua1_0.frst_regist_pnttm,ua1_0.last_updusr_id,ua1_0.last_updt_pnttm,ua1_0.mber_ty_code from nemplyrscrtyestbs ua1_0 where ua1_0.scrty_dtrmn_trget_id=?
2026-03-16 16:55:31 [http-nio-8080-exec-5] DEBUG org.hibernate.SQL - select ua1_0.scrty_dtrmn_trget_id,ua1_0.author_code,ua1_0.frst_register_id,ua1_0.frst_regist_pnttm,ua1_0.last_updusr_id,ua1_0.last_updt_pnttm,ua1_0.mber_ty_code from nemplyrscrtyestbs ua1_0 where ua1_0.scrty_dtrmn_trget_id=?
2026-03-16 16:55:31 [MessageBroker-6] DEBUG o.s.w.s.s.t.h.DefaultSockJsService - Closed 1 sessions: [4nyzrg2f]
2026-03-16 16:55:31 [http-nio-8080-exec-5] DEBUG o.s.orm.jpa.JpaTransactionManager - Initiating transaction commit
2026-03-16 16:55:31 [http-nio-8080-exec-7] DEBUG o.s.orm.jpa.JpaTransactionManager - Initiating transaction commit
2026-03-16 16:55:31 [http-nio-8080-exec-10] DEBUG o.s.orm.jpa.JpaTransactionManager - Initiating transaction commit
2026-03-16 16:55:31 [http-nio-8080-exec-5] DEBUG o.s.orm.jpa.JpaTransactionManager - Committing JPA transaction on EntityManager [SessionImpl(1428381650<open>)]
2026-03-16 16:55:31 [http-nio-8080-exec-7] DEBUG o.s.orm.jpa.JpaTransactionManager - Committing JPA transaction on EntityManager [SessionImpl(1006414028<open>)]
2026-03-16 16:55:31 [http-nio-8080-exec-10] DEBUG o.s.orm.jpa.JpaTransactionManager - Committing JPA transaction on EntityManager [SessionImpl(1014388699<open>)]
2026-03-16 16:55:32 [http-nio-8080-exec-10] DEBUG o.s.orm.jpa.JpaTransactionManager - Closing JPA EntityManager [SessionImpl(1014388699<open>)] after transaction
2026-03-16 16:55:32 [http-nio-8080-exec-5] DEBUG o.s.orm.jpa.JpaTransactionManager - Closing JPA EntityManager [SessionImpl(1428381650<open>)] after transaction
2026-03-16 16:55:32 [http-nio-8080-exec-7] DEBUG o.s.orm.jpa.JpaTransactionManager - Closing JPA EntityManager [SessionImpl(1006414028<open>)] after transaction
2026-03-16 16:55:32 [http-nio-8080-exec-7] DEBUG c.c.p.s.jwt.JwtAuthenticationFilter - >>> [JwtFilter] Successfully authenticated user: USRCNFRM_99999999999, Authorities: [ROLE_ADMIN]
2026-03-16 16:55:32 [http-nio-8080-exec-10] DEBUG c.c.p.s.jwt.JwtAuthenticationFilter - >>> [JwtFilter] Successfully authenticated user: USRCNFRM_99999999999, Authorities: [ROLE_ADMIN]
2026-03-16 16:55:32 [http-nio-8080-exec-5] DEBUG c.c.p.s.jwt.JwtAuthenticationFilter - >>> [JwtFilter] Successfully authenticated user: USRCNFRM_99999999999, Authorities: [ROLE_ADMIN]
2026-03-16 16:55:32 [http-nio-8080-exec-5] DEBUG o.s.web.servlet.DispatcherServlet - GET "/api/v1/menu/head", parameters={}
2026-03-16 16:55:32 [http-nio-8080-exec-7] DEBUG o.s.web.servlet.DispatcherServlet - GET "/api/v1/auth/me", parameters={}
2026-03-16 16:55:32 [http-nio-8080-exec-10] DEBUG o.s.web.servlet.DispatcherServlet - GET "/api/v1/menu/left?menuNo=10", parameters={masked}
2026-03-16 16:55:32 [http-nio-8080-exec-5] TRACE o.s.w.s.m.m.a.RequestMappingHandlerMapping - Mapped to com.company.project.api.controller.menu.MenuController#getHeadMenu()
2026-03-16 16:55:32 [http-nio-8080-exec-7] TRACE o.s.w.s.m.m.a.RequestMappingHandlerMapping - Mapped to com.company.project.api.auth.AuthController#getCurrentUser()
2026-03-16 16:55:32 [http-nio-8080-exec-10] TRACE o.s.w.s.m.m.a.RequestMappingHandlerMapping - Mapped to com.company.project.api.controller.menu.MenuController#getLeftMenu(Long)
2026-03-16 16:55:32 [http-nio-8080-exec-5] INFO  c.c.p.a.c.menu.MenuController - getHeadMenu called
2026-03-16 16:55:32 [http-nio-8080-exec-10] INFO  c.c.p.a.c.menu.MenuController - getLeftMenu called with menuNo=10
2026-03-16 16:55:32 [http-nio-8080-exec-10] DEBUG o.s.orm.jpa.JpaTransactionManager - Creating new transaction with name [com.company.project.service.menu.MenuService.getSubMenus]: PROPAGATION_REQUIRED,ISOLATION_DEFAULT,readOnly
2026-03-16 16:55:32 [http-nio-8080-exec-7] DEBUG o.s.w.s.m.m.a.RequestResponseBodyMethodProcessor - Using 'application/json', given [application/json, text/plain, */*] and supported [application/json, application/*+json, application/yaml]
2026-03-16 16:55:32 [http-nio-8080-exec-10] DEBUG o.s.orm.jpa.JpaTransactionManager - Opened new EntityManager [SessionImpl(310007347<open>)] for JPA transaction
2026-03-16 16:55:32 [http-nio-8080-exec-5] INFO  c.c.p.a.c.menu.MenuController - getHeadMenu returned 5 items
2026-03-16 16:55:32 [http-nio-8080-exec-10] DEBUG o.s.orm.jpa.JpaTransactionManager - Exposing JPA transaction as JDBC [org.springframework.orm.jpa.vendor.HibernateJpaDialect$HibernateConnectionHandle@7f52e0d6]
2026-03-16 16:55:32 [http-nio-8080-exec-7] TRACE o.s.w.s.m.m.a.RequestResponseBodyMethodProcessor - Writing [ApiResponse[success=true, status=200, code=COMMON_001, message=Success, data={role=ROLE_ADMIN, userSe=EMP, name=관리자, id=webmaster}, timestamp=2026-03-16T16:55:32.501994500]]
2026-03-16 16:55:32 [http-nio-8080-exec-5] DEBUG o.s.w.s.m.m.a.HttpEntityMethodProcessor - Using 'application/json', given [application/json, text/plain, */*] and supported [application/json, application/*+json, application/yaml]
2026-03-16 16:55:32 [http-nio-8080-exec-5] TRACE o.s.w.s.m.m.a.HttpEntityMethodProcessor - Writing [ApiResponse[success=true, status=200, code=COMMON_001, message=Success, data={list=[com.company.project.service.menu.dto.MenuDto@2b80d6b0, com.company.project.service.menu.dto.MenuDto@1418cfa3, com.company.project.service.menu.dto.MenuDto@f230bf1, com.company.project.service.menu.dto.MenuDto@734a7f6a, com.company.project.service.menu.dto.MenuDto@5e5202e5]}, timestamp=2026-03-16T16:55:32.502999100]]
2026-03-16 16:55:32 [http-nio-8080-exec-5] INFO  c.c.p.a.i.OperationalAuditInterceptor - API Audit Log: URL=/api/v1/menu/head, User=webmaster, IP=127.0.0.1
2026-03-16 16:55:32 [http-nio-8080-exec-7] INFO  c.c.p.a.i.OperationalAuditInterceptor - API Audit Log: URL=/api/v1/auth/me, User=webmaster, IP=127.0.0.1
2026-03-16 16:55:32 [http-nio-8080-exec-5] DEBUG o.s.web.servlet.DispatcherServlet - Completed 200 OK
2026-03-16 16:55:32 [http-nio-8080-exec-7] DEBUG o.s.web.servlet.DispatcherServlet - Completed 200 OK
2026-03-16 16:55:32 [http-nio-8080-exec-10] DEBUG org.hibernate.SQL - select m1_0.menu_no,m1_0.menu_dc,m1_0.menu_nm,m1_0.menu_ordr,m1_0.modern_route,m1_0.progrm_file_nm,m1_0.relate_image_nm,m1_0.relate_image_path,m1_0.route_updated_at,m1_0.upper_menu_no from nmenuinfo m1_0 order by m1_0.upper_menu_no,m1_0.menu_ordr
2026-03-16 16:55:32 [http-nio-8080-exec-4] DEBUG c.c.p.s.jwt.JwtAuthenticationFilter - >>> [JwtFilter] Processing request: GET /api/v1/notifications
2026-03-16 16:55:32 [http-nio-8080-exec-4] DEBUG c.c.p.s.jwt.JwtAuthenticationFilter - >>> [JwtFilter] Found token in header for path: /api/v1/notifications
2026-03-16 16:55:32 [http-nio-8080-exec-4] DEBUG o.s.orm.jpa.JpaTransactionManager - Creating new transaction with name [com.company.project.security.iam.CustomUserDetailsService.loadUserByUsername]: PROPAGATION_REQUIRED,ISOLATION_DEFAULT,readOnly
2026-03-16 16:55:32 [http-nio-8080-exec-4] DEBUG o.s.orm.jpa.JpaTransactionManager - Opened new EntityManager [SessionImpl(1886701485<open>)] for JPA transaction
2026-03-16 16:55:32 [http-nio-8080-exec-9] DEBUG c.c.p.s.jwt.JwtAuthenticationFilter - >>> [JwtFilter] Processing request: GET /api/v1/notifications/unread-count
2026-03-16 16:55:32 [http-nio-8080-exec-9] DEBUG c.c.p.s.jwt.JwtAuthenticationFilter - >>> [JwtFilter] Found token in header for path: /api/v1/notifications/unread-count
2026-03-16 16:55:32 [http-nio-8080-exec-9] DEBUG o.s.orm.jpa.JpaTransactionManager - Creating new transaction with name [com.company.project.security.iam.CustomUserDetailsService.loadUserByUsername]: PROPAGATION_REQUIRED,ISOLATION_DEFAULT,readOnly
2026-03-16 16:55:32 [http-nio-8080-exec-9] DEBUG o.s.orm.jpa.JpaTransactionManager - Opened new EntityManager [SessionImpl(1517450302<open>)] for JPA transaction
2026-03-16 16:55:32 [http-nio-8080-exec-2] DEBUG c.c.p.s.jwt.JwtAuthenticationFilter - >>> [JwtFilter] Processing request: GET /api/v1/popups/active
2026-03-16 16:55:32 [http-nio-8080-exec-8] DEBUG c.c.p.s.jwt.JwtAuthenticationFilter - >>> [JwtFilter] Processing request: GET /api/v1/admin/system/banners/reflected
2026-03-16 16:55:32 [http-nio-8080-exec-2] DEBUG c.c.p.s.jwt.JwtAuthenticationFilter - >>> [JwtFilter] Found token in header for path: /api/v1/popups/active
2026-03-16 16:55:32 [http-nio-8080-exec-8] DEBUG c.c.p.s.jwt.JwtAuthenticationFilter - >>> [JwtFilter] Found token in header for path: /api/v1/admin/system/banners/reflected
2026-03-16 16:55:32 [http-nio-8080-exec-8] DEBUG o.s.orm.jpa.JpaTransactionManager - Creating new transaction with name [com.company.project.security.iam.CustomUserDetailsService.loadUserByUsername]: PROPAGATION_REQUIRED,ISOLATION_DEFAULT,readOnly
2026-03-16 16:55:32 [http-nio-8080-exec-2] DEBUG o.s.orm.jpa.JpaTransactionManager - Creating new transaction with name [com.company.project.security.iam.CustomUserDetailsService.loadUserByUsername]: PROPAGATION_REQUIRED,ISOLATION_DEFAULT,readOnly
2026-03-16 16:55:32 [http-nio-8080-exec-8] DEBUG o.s.orm.jpa.JpaTransactionManager - Opened new EntityManager [SessionImpl(342008303<open>)] for JPA transaction
2026-03-16 16:55:32 [http-nio-8080-exec-2] DEBUG o.s.orm.jpa.JpaTransactionManager - Opened new EntityManager [SessionImpl(183368054<open>)] for JPA transaction
2026-03-16 16:55:32 [http-nio-8080-exec-3] DEBUG o.s.web.servlet.DispatcherServlet - GET "/ws/info?t=1773647732570", parameters={masked}
2026-03-16 16:55:32 [http-nio-8080-exec-3] DEBUG o.s.w.s.s.s.WebSocketHandlerMapping - Mapped to org.springframework.web.socket.sockjs.support.SockJsHttpRequestHandler@3d80b7ba
2026-03-16 16:55:32 [http-nio-8080-exec-3] DEBUG o.s.w.s.s.t.h.DefaultSockJsService - Processing transport request: GET http://localhost:8080/ws/info?t=1773647732570
2026-03-16 16:55:32 [http-nio-8080-exec-3] DEBUG o.s.web.servlet.DispatcherServlet - Completed 200 OK
2026-03-16 16:55:32 [http-nio-8080-exec-6] DEBUG o.s.web.servlet.DispatcherServlet - GET "/ws/372/g5wcsf15/websocket", parameters={}
2026-03-16 16:55:32 [http-nio-8080-exec-6] DEBUG o.s.w.s.s.s.WebSocketHandlerMapping - Mapped to org.springframework.web.socket.sockjs.support.SockJsHttpRequestHandler@3d80b7ba
2026-03-16 16:55:32 [http-nio-8080-exec-6] DEBUG o.s.w.s.s.t.h.DefaultSockJsService - Processing transport request: GET http://localhost:8080/ws/372/g5wcsf15/websocket
2026-03-16 16:55:32 [http-nio-8080-exec-6] DEBUG o.s.web.servlet.DispatcherServlet - Completed 101 SWITCHING_PROTOCOLS
2026-03-16 16:55:32 [http-nio-8080-exec-6] DEBUG o.s.w.s.h.LoggingWebSocketHandlerDecorator - New WebSocketServerSockJsSession[id=g5wcsf15]
2026-03-16 16:55:32 [scheduling-1] DEBUG org.springframework.web.SimpLogging - Processing CONNECT session=g5wcsf15
2026-03-16 16:55:32 [scheduling-1] DEBUG org.springframework.web.SimpLogging - Processing SUBSCRIBE /topic/notices id=sub-0 session=g5wcsf15
2026-03-16 16:55:32 [scheduling-1] DEBUG org.springframework.web.SimpLogging - Processing SUBSCRIBE destination=/queue/notifications-userg5wcsf15 subscriptionId=sub-1 session=g5wcsf15 payload=byte[0]
2026-03-16 16:55:32 [scheduling-1] DEBUG org.springframework.web.SimpLogging - Processing SUBSCRIBE /topic/public id=sub-2 session=g5wcsf15
2026-03-16 16:55:32 [scheduling-1] DEBUG org.springframework.web.SimpLogging - Processing SUBSCRIBE /topic/dashboard/stats id=sub-4 session=g5wcsf15
2026-03-16 16:55:32 [scheduling-1] DEBUG org.springframework.web.SimpLogging - Processing SUBSCRIBE /topic/notifications id=sub-5 session=g5wcsf15
2026-03-16 16:55:32 [scheduling-1] DEBUG org.springframework.web.SimpLogging - Processing SUBSCRIBE destination=/queue/notifications-userg5wcsf15 subscriptionId=sub-6 session=g5wcsf15 payload=byte[0]
2026-03-16 16:55:32 [http-nio-8080-exec-3] DEBUG c.c.p.s.jwt.JwtAuthenticationFilter - >>> [JwtFilter] Processing request: GET /api/v1/admin/system/statistics/connect
2026-03-16 16:55:32 [http-nio-8080-exec-3] DEBUG c.c.p.s.jwt.JwtAuthenticationFilter - >>> [JwtFilter] Found token in header for path: /api/v1/admin/system/statistics/connect
2026-03-16 16:55:32 [http-nio-8080-exec-3] DEBUG o.s.orm.jpa.JpaTransactionManager - Creating new transaction with name [com.company.project.security.iam.CustomUserDetailsService.loadUserByUsername]: PROPAGATION_REQUIRED,ISOLATION_DEFAULT,readOnly
2026-03-16 16:55:32 [http-nio-8080-exec-3] DEBUG o.s.orm.jpa.JpaTransactionManager - Opened new EntityManager [SessionImpl(822711161<open>)] for JPA transaction
2026-03-16 16:55:34 [http-nio-8080-exec-4] DEBUG o.s.orm.jpa.JpaTransactionManager - Exposing JPA transaction as JDBC [org.springframework.orm.jpa.vendor.HibernateJpaDialect$HibernateConnectionHandle@582508]
2026-03-16 16:55:34 [http-nio-8080-exec-4] DEBUG o.s.orm.jpa.JpaTransactionManager - Found thread-bound EntityManager [SessionImpl(1886701485<open>)] for JPA transaction
2026-03-16 16:55:34 [http-nio-8080-exec-4] DEBUG o.s.orm.jpa.JpaTransactionManager - Participating in existing transaction
2026-03-16 16:55:34 [http-nio-8080-exec-4] DEBUG org.hibernate.SQL - select u1_0.emplyr_id,u1_0.area_no,u1_0.brthdy,u1_0.chg_pwd_cnt,u1_0.frst_register_id,u1_0.frst_regist_pnttm,u1_0.detail_adres,u1_0.email_adres,u1_0.emplyr_sttus_code,u1_0.empl_no,u1_0.esntl_id,u1_0.fxnum,u1_0.group_id,u1_0.house_adres,u1_0.house_end_telno,u1_0.house_middle_telno,u1_0.ihidnum,u1_0.pstinst_code,u1_0.last_updusr_id,u1_0.last_updt_pnttm,u1_0.lock_at,u1_0.lock_cnt,u1_0.lock_last_pnttm,u1_0.mbtlnum,u1_0.ofcps_nm,u1_0.offm_telno,u1_0.orgnzt_id,u1_0.password,u1_0.password_cnsr,u1_0.password_hint,u1_0.chg_pwd_last_pnttm,u1_0.role,u1_0.sbscrb_de,u1_0.sexdstn_code,u1_0.crtfc_dn_value,u1_0.user_nm,u1_0.zip from nemplyrinfo u1_0 where u1_0.emplyr_id=?
2026-03-16 16:55:34 [http-nio-8080-exec-2] DEBUG o.s.orm.jpa.JpaTransactionManager - Exposing JPA transaction as JDBC [org.springframework.orm.jpa.vendor.HibernateJpaDialect$HibernateConnectionHandle@20b1577c]
2026-03-16 16:55:34 [http-nio-8080-exec-2] DEBUG o.s.orm.jpa.JpaTransactionManager - Found thread-bound EntityManager [SessionImpl(183368054<open>)] for JPA transaction
2026-03-16 16:55:34 [http-nio-8080-exec-2] DEBUG o.s.orm.jpa.JpaTransactionManager - Participating in existing transaction
2026-03-16 16:55:34 [http-nio-8080-exec-2] DEBUG org.hibernate.SQL - select u1_0.emplyr_id,u1_0.area_no,u1_0.brthdy,u1_0.chg_pwd_cnt,u1_0.frst_register_id,u1_0.frst_regist_pnttm,u1_0.detail_adres,u1_0.email_adres,u1_0.emplyr_sttus_code,u1_0.empl_no,u1_0.esntl_id,u1_0.fxnum,u1_0.group_id,u1_0.house_adres,u1_0.house_end_telno,u1_0.house_middle_telno,u1_0.ihidnum,u1_0.pstinst_code,u1_0.last_updusr_id,u1_0.last_updt_pnttm,u1_0.lock_at,u1_0.lock_cnt,u1_0.lock_last_pnttm,u1_0.mbtlnum,u1_0.ofcps_nm,u1_0.offm_telno,u1_0.orgnzt_id,u1_0.password,u1_0.password_cnsr,u1_0.password_hint,u1_0.chg_pwd_last_pnttm,u1_0.role,u1_0.sbscrb_de,u1_0.sexdstn_code,u1_0.crtfc_dn_value,u1_0.user_nm,u1_0.zip from nemplyrinfo u1_0 where u1_0.emplyr_id=?
2026-03-16 16:55:34 [http-nio-8080-exec-9] DEBUG o.s.orm.jpa.JpaTransactionManager - Exposing JPA transaction as JDBC [org.springframework.orm.jpa.vendor.HibernateJpaDialect$HibernateConnectionHandle@1df01dbd]
2026-03-16 16:55:34 [http-nio-8080-exec-9] DEBUG o.s.orm.jpa.JpaTransactionManager - Found thread-bound EntityManager [SessionImpl(1517450302<open>)] for JPA transaction
2026-03-16 16:55:34 [http-nio-8080-exec-9] DEBUG o.s.orm.jpa.JpaTransactionManager - Participating in existing transaction
2026-03-16 16:55:34 [http-nio-8080-exec-9] DEBUG org.hibernate.SQL - select u1_0.emplyr_id,u1_0.area_no,u1_0.brthdy,u1_0.chg_pwd_cnt,u1_0.frst_register_id,u1_0.frst_regist_pnttm,u1_0.detail_adres,u1_0.email_adres,u1_0.emplyr_sttus_code,u1_0.empl_no,u1_0.esntl_id,u1_0.fxnum,u1_0.group_id,u1_0.house_adres,u1_0.house_end_telno,u1_0.house_middle_telno,u1_0.ihidnum,u1_0.pstinst_code,u1_0.last_updusr_id,u1_0.last_updt_pnttm,u1_0.lock_at,u1_0.lock_cnt,u1_0.lock_last_pnttm,u1_0.mbtlnum,u1_0.ofcps_nm,u1_0.offm_telno,u1_0.orgnzt_id,u1_0.password,u1_0.password_cnsr,u1_0.password_hint,u1_0.chg_pwd_last_pnttm,u1_0.role,u1_0.sbscrb_de,u1_0.sexdstn_code,u1_0.crtfc_dn_value,u1_0.user_nm,u1_0.zip from nemplyrinfo u1_0 where u1_0.emplyr_id=?
2026-03-16 16:55:34 [http-nio-8080-exec-8] DEBUG o.s.orm.jpa.JpaTransactionManager - Exposing JPA transaction as JDBC [org.springframework.orm.jpa.vendor.HibernateJpaDialect$HibernateConnectionHandle@78c0b1ce]
2026-03-16 16:55:34 [http-nio-8080-exec-8] DEBUG o.s.orm.jpa.JpaTransactionManager - Found thread-bound EntityManager [SessionImpl(342008303<open>)] for JPA transaction
2026-03-16 16:55:34 [http-nio-8080-exec-8] DEBUG o.s.orm.jpa.JpaTransactionManager - Participating in existing transaction
2026-03-16 16:55:34 [http-nio-8080-exec-8] DEBUG org.hibernate.SQL - select u1_0.emplyr_id,u1_0.area_no,u1_0.brthdy,u1_0.chg_pwd_cnt,u1_0.frst_register_id,u1_0.frst_regist_pnttm,u1_0.detail_adres,u1_0.email_adres,u1_0.emplyr_sttus_code,u1_0.empl_no,u1_0.esntl_id,u1_0.fxnum,u1_0.group_id,u1_0.house_adres,u1_0.house_end_telno,u1_0.house_middle_telno,u1_0.ihidnum,u1_0.pstinst_code,u1_0.last_updusr_id,u1_0.last_updt_pnttm,u1_0.lock_at,u1_0.lock_cnt,u1_0.lock_last_pnttm,u1_0.mbtlnum,u1_0.ofcps_nm,u1_0.offm_telno,u1_0.orgnzt_id,u1_0.password,u1_0.password_cnsr,u1_0.password_hint,u1_0.chg_pwd_last_pnttm,u1_0.role,u1_0.sbscrb_de,u1_0.sexdstn_code,u1_0.crtfc_dn_value,u1_0.user_nm,u1_0.zip from nemplyrinfo u1_0 where u1_0.emplyr_id=?
2026-03-16 16:55:34 [http-nio-8080-exec-3] DEBUG o.s.orm.jpa.JpaTransactionManager - Exposing JPA transaction as JDBC [org.springframework.orm.jpa.vendor.HibernateJpaDialect$HibernateConnectionHandle@7983705f]
2026-03-16 16:55:34 [http-nio-8080-exec-3] DEBUG o.s.orm.jpa.JpaTransactionManager - Found thread-bound EntityManager [SessionImpl(822711161<open>)] for JPA transaction
2026-03-16 16:55:34 [http-nio-8080-exec-3] DEBUG o.s.orm.jpa.JpaTransactionManager - Participating in existing transaction
2026-03-16 16:55:34 [http-nio-8080-exec-3] DEBUG org.hibernate.SQL - select u1_0.emplyr_id,u1_0.area_no,u1_0.brthdy,u1_0.chg_pwd_cnt,u1_0.frst_register_id,u1_0.frst_regist_pnttm,u1_0.detail_adres,u1_0.email_adres,u1_0.emplyr_sttus_code,u1_0.empl_no,u1_0.esntl_id,u1_0.fxnum,u1_0.group_id,u1_0.house_adres,u1_0.house_end_telno,u1_0.house_middle_telno,u1_0.ihidnum,u1_0.pstinst_code,u1_0.last_updusr_id,u1_0.last_updt_pnttm,u1_0.lock_at,u1_0.lock_cnt,u1_0.lock_last_pnttm,u1_0.mbtlnum,u1_0.ofcps_nm,u1_0.offm_telno,u1_0.orgnzt_id,u1_0.password,u1_0.password_cnsr,u1_0.password_hint,u1_0.chg_pwd_last_pnttm,u1_0.role,u1_0.sbscrb_de,u1_0.sexdstn_code,u1_0.crtfc_dn_value,u1_0.user_nm,u1_0.zip from nemplyrinfo u1_0 where u1_0.emplyr_id=?
2026-03-16 16:55:37 [http-nio-8080-exec-2] DEBUG o.s.orm.jpa.JpaTransactionManager - Found thread-bound EntityManager [SessionImpl(183368054<open>)] for JPA transaction
2026-03-16 16:55:37 [http-nio-8080-exec-4] DEBUG o.s.orm.jpa.JpaTransactionManager - Found thread-bound EntityManager [SessionImpl(1886701485<open>)] for JPA transaction
2026-03-16 16:55:37 [http-nio-8080-exec-9] DEBUG o.s.orm.jpa.JpaTransactionManager - Found thread-bound EntityManager [SessionImpl(1517450302<open>)] for JPA transaction
2026-03-16 16:55:37 [http-nio-8080-exec-2] DEBUG o.s.orm.jpa.JpaTransactionManager - Participating in existing transaction
2026-03-16 16:55:37 [http-nio-8080-exec-4] DEBUG o.s.orm.jpa.JpaTransactionManager - Participating in existing transaction
2026-03-16 16:55:37 [http-nio-8080-exec-4] DEBUG org.hibernate.SQL - select ua1_0.scrty_dtrmn_trget_id,ua1_0.author_code,ua1_0.frst_register_id,ua1_0.frst_regist_pnttm,ua1_0.last_updusr_id,ua1_0.last_updt_pnttm,ua1_0.mber_ty_code from nemplyrscrtyestbs ua1_0 where ua1_0.scrty_dtrmn_trget_id=?
2026-03-16 16:55:37 [http-nio-8080-exec-9] DEBUG o.s.orm.jpa.JpaTransactionManager - Participating in existing transaction
2026-03-16 16:55:37 [http-nio-8080-exec-2] DEBUG org.hibernate.SQL - select ua1_0.scrty_dtrmn_trget_id,ua1_0.author_code,ua1_0.frst_register_id,ua1_0.frst_regist_pnttm,ua1_0.last_updusr_id,ua1_0.last_updt_pnttm,ua1_0.mber_ty_code from nemplyrscrtyestbs ua1_0 where ua1_0.scrty_dtrmn_trget_id=?
2026-03-16 16:55:37 [http-nio-8080-exec-9] DEBUG org.hibernate.SQL - select ua1_0.scrty_dtrmn_trget_id,ua1_0.author_code,ua1_0.frst_register_id,ua1_0.frst_regist_pnttm,ua1_0.last_updusr_id,ua1_0.last_updt_pnttm,ua1_0.mber_ty_code from nemplyrscrtyestbs ua1_0 where ua1_0.scrty_dtrmn_trget_id=?
2026-03-16 16:55:37 [http-nio-8080-exec-10] DEBUG o.s.orm.jpa.JpaTransactionManager - Found thread-bound EntityManager [SessionImpl(310007347<open>)] for JPA transaction
2026-03-16 16:55:37 [http-nio-8080-exec-10] DEBUG o.s.orm.jpa.JpaTransactionManager - Participating in existing transaction
2026-03-16 16:55:37 [http-nio-8080-exec-10] DEBUG org.hibernate.SQL - select p1_0.progrm_file_nm,p1_0.progrm_dc,p1_0.progrm_korean_nm,p1_0.progrm_stre_path,p1_0.url from nprogrmlist p1_0
2026-03-16 16:55:37 [http-nio-8080-exec-8] DEBUG o.s.orm.jpa.JpaTransactionManager - Found thread-bound EntityManager [SessionImpl(342008303<open>)] for JPA transaction
2026-03-16 16:55:37 [http-nio-8080-exec-3] DEBUG o.s.orm.jpa.JpaTransactionManager - Found thread-bound EntityManager [SessionImpl(822711161<open>)] for JPA transaction
2026-03-16 16:55:37 [http-nio-8080-exec-8] DEBUG o.s.orm.jpa.JpaTransactionManager - Participating in existing transaction
2026-03-16 16:55:37 [http-nio-8080-exec-3] DEBUG o.s.orm.jpa.JpaTransactionManager - Participating in existing transaction
2026-03-16 16:55:37 [http-nio-8080-exec-8] DEBUG org.hibernate.SQL - select ua1_0.scrty_dtrmn_trget_id,ua1_0.author_code,ua1_0.frst_register_id,ua1_0.frst_regist_pnttm,ua1_0.last_updusr_id,ua1_0.last_updt_pnttm,ua1_0.mber_ty_code from nemplyrscrtyestbs ua1_0 where ua1_0.scrty_dtrmn_trget_id=?
2026-03-16 16:55:37 [http-nio-8080-exec-3] DEBUG org.hibernate.SQL - select ua1_0.scrty_dtrmn_trget_id,ua1_0.author_code,ua1_0.frst_register_id,ua1_0.frst_regist_pnttm,ua1_0.last_updusr_id,ua1_0.last_updt_pnttm,ua1_0.mber_ty_code from nemplyrscrtyestbs ua1_0 where ua1_0.scrty_dtrmn_trget_id=?
2026-03-16 16:55:37 [http-nio-8080-exec-9] DEBUG o.s.orm.jpa.JpaTransactionManager - Initiating transaction commit
2026-03-16 16:55:37 [http-nio-8080-exec-4] DEBUG o.s.orm.jpa.JpaTransactionManager - Initiating transaction commit
2026-03-16 16:55:37 [http-nio-8080-exec-9] DEBUG o.s.orm.jpa.JpaTransactionManager - Committing JPA transaction on EntityManager [SessionImpl(1517450302<open>)]
2026-03-16 16:55:37 [http-nio-8080-exec-4] DEBUG o.s.orm.jpa.JpaTransactionManager - Committing JPA transaction on EntityManager [SessionImpl(1886701485<open>)]
2026-03-16 16:55:37 [http-nio-8080-exec-2] DEBUG o.s.orm.jpa.JpaTransactionManager - Initiating transaction commit
2026-03-16 16:55:37 [http-nio-8080-exec-2] DEBUG o.s.orm.jpa.JpaTransactionManager - Committing JPA transaction on EntityManager [SessionImpl(183368054<open>)]
2026-03-16 16:55:38 [http-nio-8080-exec-4] DEBUG o.s.orm.jpa.JpaTransactionManager - Closing JPA EntityManager [SessionImpl(1886701485<open>)] after transaction
2026-03-16 16:55:38 [http-nio-8080-exec-4] DEBUG c.c.p.s.jwt.JwtAuthenticationFilter - >>> [JwtFilter] Successfully authenticated user: USRCNFRM_99999999999, Authorities: [ROLE_ADMIN]
2026-03-16 16:55:38 [http-nio-8080-exec-4] DEBUG o.s.web.servlet.DispatcherServlet - GET "/api/v1/notifications", parameters={}
2026-03-16 16:55:38 [http-nio-8080-exec-4] TRACE o.s.w.s.m.m.a.RequestMappingHandlerMapping - Mapped to com.company.project.api.controller.notification.NotificationController#getMyNotifications(UserDetails)
2026-03-16 16:55:38 [http-nio-8080-exec-4] DEBUG o.s.orm.jpa.JpaTransactionManager - Creating new transaction with name [com.company.project.service.notification.NotificationService.getActiveNotifications]: PROPAGATION_REQUIRED,ISOLATION_DEFAULT,readOnly
2026-03-16 16:55:38 [http-nio-8080-exec-4] DEBUG o.s.orm.jpa.JpaTransactionManager - Opened new EntityManager [SessionImpl(176221300<open>)] for JPA transaction
2026-03-16 16:55:38 [http-nio-8080-exec-4] DEBUG o.s.orm.jpa.JpaTransactionManager - Exposing JPA transaction as JDBC [org.springframework.orm.jpa.vendor.HibernateJpaDialect$HibernateConnectionHandle@525e6d72]
2026-03-16 16:55:38 [http-nio-8080-exec-4] DEBUG o.s.orm.jpa.JpaTransactionManager - Found thread-bound EntityManager [SessionImpl(176221300<open>)] for JPA transaction
2026-03-16 16:55:38 [http-nio-8080-exec-4] DEBUG o.s.orm.jpa.JpaTransactionManager - Participating in existing transaction
2026-03-16 16:55:38 [http-nio-8080-exec-4] DEBUG org.hibernate.SQL - select n1_0.ntcn_no,n1_0.frst_register_id,n1_0.frst_regist_pnttm,n1_0.is_read,n1_0.last_updusr_id,n1_0.last_updt_pnttm,n1_0.link_url,n1_0.ntcn_cn,n1_0.ntcn_sj,n1_0.receiver_id from n_user_notification n1_0
2026-03-16 16:55:38 [http-nio-8080-exec-2] DEBUG o.s.orm.jpa.JpaTransactionManager - Closing JPA EntityManager [SessionImpl(183368054<open>)] after transaction
2026-03-16 16:55:38 [http-nio-8080-exec-2] DEBUG c.c.p.s.jwt.JwtAuthenticationFilter - >>> [JwtFilter] Successfully authenticated user: USRCNFRM_99999999999, Authorities: [ROLE_ADMIN]
2026-03-16 16:55:38 [http-nio-8080-exec-9] DEBUG o.s.orm.jpa.JpaTransactionManager - Closing JPA EntityManager [SessionImpl(1517450302<open>)] after transaction
2026-03-16 16:55:38 [http-nio-8080-exec-9] DEBUG c.c.p.s.jwt.JwtAuthenticationFilter - >>> [JwtFilter] Successfully authenticated user: USRCNFRM_99999999999, Authorities: [ROLE_ADMIN]
2026-03-16 16:55:38 [http-nio-8080-exec-2] DEBUG o.s.web.servlet.DispatcherServlet - GET "/api/v1/popups/active", parameters={}
2026-03-16 16:55:38 [http-nio-8080-exec-2] TRACE o.s.w.s.m.m.a.RequestMappingHandlerMapping - Mapped to com.company.project.api.controller.system.content.popup.PopupController#getActivePopups()
2026-03-16 16:55:38 [http-nio-8080-exec-9] DEBUG o.s.web.servlet.DispatcherServlet - GET "/api/v1/notifications/unread-count", parameters={}
2026-03-16 16:55:38 [http-nio-8080-exec-2] DEBUG o.s.orm.jpa.JpaTransactionManager - Creating new transaction with name [com.company.project.service.system.content.popup.PopupServiceImpl.getActivePopups]: PROPAGATION_REQUIRED,ISOLATION_DEFAULT,readOnly
2026-03-16 16:55:38 [http-nio-8080-exec-2] DEBUG o.s.orm.jpa.JpaTransactionManager - Opened new EntityManager [SessionImpl(206131279<open>)] for JPA transaction
2026-03-16 16:55:38 [http-nio-8080-exec-9] TRACE o.s.w.s.m.m.a.RequestMappingHandlerMapping - Mapped to com.company.project.api.controller.notification.NotificationController#getUnreadCount(UserDetails)
2026-03-16 16:55:38 [http-nio-8080-exec-2] DEBUG o.s.orm.jpa.JpaTransactionManager - Exposing JPA transaction as JDBC [org.springframework.orm.jpa.vendor.HibernateJpaDialect$HibernateConnectionHandle@7deaa908]
2026-03-16 16:55:38 [http-nio-8080-exec-9] DEBUG o.s.orm.jpa.JpaTransactionManager - Creating new transaction with name [com.company.project.service.notification.NotificationService.getUnreadCount]: PROPAGATION_REQUIRED,ISOLATION_DEFAULT,readOnly
2026-03-16 16:55:38 [http-nio-8080-exec-9] DEBUG o.s.orm.jpa.JpaTransactionManager - Opened new EntityManager [SessionImpl(276065967<open>)] for JPA transaction
2026-03-16 16:55:38 [http-nio-8080-exec-9] DEBUG o.s.orm.jpa.JpaTransactionManager - Exposing JPA transaction as JDBC [org.springframework.orm.jpa.vendor.HibernateJpaDialect$HibernateConnectionHandle@348781e2]
2026-03-16 16:55:38 [http-nio-8080-exec-2] DEBUG org.hibernate.SQL - select p1_0.popup_id,p1_0.frst_register_id,p1_0.frst_regist_pnttm,p1_0.file_url,p1_0.ntce_at,p1_0.stopvew_setup_at,p1_0.last_updusr_id,p1_0.last_updt_pnttm,p1_0.ntce_bgnde,p1_0.ntce_endde,p1_0.popup_vrticl_lc,p1_0.popup_vrticl_size,p1_0.popup_sj_nm,p1_0.popup_width_lc,p1_0.popup_width_size from npopupmanage p1_0 where p1_0.ntce_at='Y' and ? between p1_0.ntce_bgnde and p1_0.ntce_endde
2026-03-16 16:55:38 [http-nio-8080-exec-9] DEBUG org.hibernate.SQL - select count(n1_0.ntcn_no) from n_user_notification n1_0 where n1_0.receiver_id=? and n1_0.is_read=?
2026-03-16 16:55:38 [http-nio-8080-exec-10] DEBUG o.s.orm.jpa.JpaTransactionManager - Initiating transaction commit
2026-03-16 16:55:38 [http-nio-8080-exec-10] DEBUG o.s.orm.jpa.JpaTransactionManager - Committing JPA transaction on EntityManager [SessionImpl(310007347<open>)]
2026-03-16 16:55:38 [http-nio-8080-exec-8] DEBUG o.s.orm.jpa.JpaTransactionManager - Initiating transaction commit
2026-03-16 16:55:38 [http-nio-8080-exec-8] DEBUG o.s.orm.jpa.JpaTransactionManager - Committing JPA transaction on EntityManager [SessionImpl(342008303<open>)]
2026-03-16 16:55:38 [http-nio-8080-exec-3] DEBUG o.s.orm.jpa.JpaTransactionManager - Initiating transaction commit
2026-03-16 16:55:38 [http-nio-8080-exec-3] DEBUG o.s.orm.jpa.JpaTransactionManager - Committing JPA transaction on EntityManager [SessionImpl(822711161<open>)]
2026-03-16 16:55:38 [http-nio-8080-exec-4] DEBUG o.s.orm.jpa.JpaTransactionManager - Initiating transaction commit
2026-03-16 16:55:38 [http-nio-8080-exec-4] DEBUG o.s.orm.jpa.JpaTransactionManager - Committing JPA transaction on EntityManager [SessionImpl(176221300<open>)]
2026-03-16 16:55:38 [http-nio-8080-exec-9] DEBUG o.s.orm.jpa.JpaTransactionManager - Initiating transaction commit
2026-03-16 16:55:38 [http-nio-8080-exec-9] DEBUG o.s.orm.jpa.JpaTransactionManager - Committing JPA transaction on EntityManager [SessionImpl(276065967<open>)]
2026-03-16 16:55:38 [http-nio-8080-exec-2] DEBUG o.s.orm.jpa.JpaTransactionManager - Initiating transaction commit
2026-03-16 16:55:38 [http-nio-8080-exec-2] DEBUG o.s.orm.jpa.JpaTransactionManager - Committing JPA transaction on EntityManager [SessionImpl(206131279<open>)]
2026-03-16 16:55:38 [http-nio-8080-exec-3] DEBUG o.s.orm.jpa.JpaTransactionManager - Closing JPA EntityManager [SessionImpl(822711161<open>)] after transaction
2026-03-16 16:55:38 [http-nio-8080-exec-8] DEBUG o.s.orm.jpa.JpaTransactionManager - Closing JPA EntityManager [SessionImpl(342008303<open>)] after transaction
2026-03-16 16:55:38 [http-nio-8080-exec-10] DEBUG o.s.orm.jpa.JpaTransactionManager - Closing JPA EntityManager [SessionImpl(310007347<open>)] after transaction
2026-03-16 16:55:38 [http-nio-8080-exec-3] DEBUG c.c.p.s.jwt.JwtAuthenticationFilter - >>> [JwtFilter] Successfully authenticated user: USRCNFRM_99999999999, Authorities: [ROLE_ADMIN]
2026-03-16 16:55:38 [http-nio-8080-exec-8] DEBUG c.c.p.s.jwt.JwtAuthenticationFilter - >>> [JwtFilter] Successfully authenticated user: USRCNFRM_99999999999, Authorities: [ROLE_ADMIN]
2026-03-16 16:55:38 [http-nio-8080-exec-10] INFO  c.c.p.a.c.menu.MenuController - getLeftMenu returned 5 items
2026-03-16 16:55:38 [http-nio-8080-exec-8] DEBUG o.s.web.servlet.DispatcherServlet - GET "/api/v1/admin/system/banners/reflected", parameters={}
2026-03-16 16:55:38 [http-nio-8080-exec-3] DEBUG o.s.web.servlet.DispatcherServlet - GET "/api/v1/admin/system/statistics/connect?statsKind=SERVICE", parameters={masked}
2026-03-16 16:55:38 [http-nio-8080-exec-10] DEBUG o.s.w.s.m.m.a.HttpEntityMethodProcessor - Using 'application/json', given [application/json, text/plain, */*] and supported [application/json, application/*+json, application/yaml]
2026-03-16 16:55:38 [http-nio-8080-exec-8] TRACE o.s.w.s.m.m.a.RequestMappingHandlerMapping - Mapped to com.company.project.api.controller.system.content.banner.BannerApiController#getReflectedBanners()
2026-03-16 16:55:38 [http-nio-8080-exec-8] DEBUG o.s.orm.jpa.JpaTransactionManager - Creating new transaction with name [com.company.project.service.system.content.banner.BannerService.getReflectedBanners]: PROPAGATION_REQUIRED,ISOLATION_DEFAULT,readOnly
2026-03-16 16:55:38 [http-nio-8080-exec-10] TRACE o.s.w.s.m.m.a.HttpEntityMethodProcessor - Writing [ApiResponse[success=true, status=200, code=COMMON_001, message=Success, data={list=[com.company.project.service.menu.dto.MenuDto@5cdefc2a, com.company.project.service.menu.dto.MenuDto@49d23711, com.company.project.service.menu.dto.MenuDto@52706cac, com.company.project.service.menu.dto.MenuDto@2189f901, com.company.project.service.menu.dto.MenuDto@a9d7eb6]}, timestamp=2026-03-16T16:55:38.849902600]]
2026-03-16 16:55:38 [http-nio-8080-exec-8] DEBUG o.s.orm.jpa.JpaTransactionManager - Opened new EntityManager [SessionImpl(1498506699<open>)] for JPA transaction
2026-03-16 16:55:38 [http-nio-8080-exec-8] DEBUG o.s.orm.jpa.JpaTransactionManager - Exposing JPA transaction as JDBC [org.springframework.orm.jpa.vendor.HibernateJpaDialect$HibernateConnectionHandle@5f1e2efe]
2026-03-16 16:55:38 [http-nio-8080-exec-3] DEBUG o.s.w.s.h.SimpleUrlHandlerMapping - Mapped to ResourceHttpRequestHandler [classpath [META-INF/resources/], classpath [resources/], classpath [static/], classpath [public/], ServletContext [/]]
2026-03-16 16:55:38 [http-nio-8080-exec-10] INFO  c.c.p.a.i.OperationalAuditInterceptor - API Audit Log: URL=/api/v1/menu/left, User=webmaster, IP=127.0.0.1
2026-03-16 16:55:38 [http-nio-8080-exec-10] DEBUG o.s.web.servlet.DispatcherServlet - Completed 200 OK
2026-03-16 16:55:38 [http-nio-8080-exec-8] DEBUG org.hibernate.SQL - select b1_0.banner_id,b1_0.banner_dc,b1_0.banner_image,b1_0.banner_image_file,b1_0.banner_nm,b1_0.frst_register_id,b1_0.frst_regist_pnttm,b1_0.last_updusr_id,b1_0.last_updt_pnttm,b1_0.link_url,b1_0.reflct_at,b1_0.sort_ordr from nbanner b1_0 where b1_0.reflct_at=? order by b1_0.sort_ordr
2026-03-16 16:55:38 [http-nio-8080-exec-3] DEBUG o.s.w.s.r.ResourceHttpRequestHandler - Resource not found
2026-03-16 16:55:38 [http-nio-8080-exec-3] DEBUG o.s.w.s.m.m.a.ExceptionHandlerExceptionResolver - Using @ExceptionHandler com.company.project.core.exception.GlobalExceptionHandler#handleException(Exception)
2026-03-16 16:55:38 [http-nio-8080-exec-3] ERROR c.c.p.c.e.GlobalExceptionHandler - >>> Internal Server Error: No static resource api/v1/admin/system/statistics/connect.
org.springframework.web.servlet.resource.NoResourceFoundException: No static resource api/v1/admin/system/statistics/connect.
	at org.springframework.web.servlet.resource.ResourceHttpRequestHandler.handleRequest(ResourceHttpRequestHandler.java:585)
	at org.springframework.web.servlet.mvc.HttpRequestHandlerAdapter.handle(HttpRequestHandlerAdapter.java:52)
	at org.springframework.web.servlet.DispatcherServlet.doDispatch(DispatcherServlet.java:1088)
	at org.springframework.web.servlet.DispatcherServlet.doService(DispatcherServlet.java:978)
	at org.springframework.web.servlet.FrameworkServlet.processRequest(FrameworkServlet.java:1014)
	at org.springframework.web.servlet.FrameworkServlet.doGet(FrameworkServlet.java:903)
	at jakarta.servlet.http.HttpServlet.service(HttpServlet.java:527)
	at org.springframework.web.servlet.FrameworkServlet.service(FrameworkServlet.java:885)
	at jakarta.servlet.http.HttpServlet.service(HttpServlet.java:614)
	at org.apache.catalina.core.ApplicationFilterChain.internalDoFilter(ApplicationFilterChain.java:195)
	at org.apache.catalina.core.ApplicationFilterChain.doFilter(ApplicationFilterChain.java:140)
	at org.apache.tomcat.websocket.server.WsFilter.doFilter(WsFilter.java:51)
	at org.apache.catalina.core.ApplicationFilterChain.internalDoFilter(ApplicationFilterChain.java:164)
	at org.apache.catalina.core.ApplicationFilterChain.doFilter(ApplicationFilterChain.java:140)
	at org.springframework.web.filter.CompositeFilter$VirtualFilterChain.doFilter(CompositeFilter.java:108)
	at org.springframework.security.web.FilterChainProxy.lambda$doFilterInternal$3(FilterChainProxy.java:231)
	at org.springframework.security.web.ObservationFilterChainDecorator$FilterObservation$SimpleFilterObservation.lambda$wrap$1(ObservationFilterChainDecorator.java:479)
	at org.springframework.security.web.ObservationFilterChainDecorator$AroundFilterObservation$SimpleAroundFilterObservation.lambda$wrap$1(ObservationFilterChainDecorator.java:340)
	at org.springframework.security.web.ObservationFilterChainDecorator.lambda$wrapSecured$0(ObservationFilterChainDecorator.java:82)
	at org.springframework.security.web.ObservationFilterChainDecorator$VirtualFilterChain.doFilter(ObservationFilterChainDecorator.java:128)
	at org.springframework.security.web.access.intercept.AuthorizationFilter.doFilter(AuthorizationFilter.java:101)
	at org.springframework.security.web.ObservationFilterChainDecorator$ObservationFilter.wrapFilter(ObservationFilterChainDecorator.java:240)
	at org.springframework.security.web.ObservationFilterChainDecorator$ObservationFilter.doFilter(ObservationFilterChainDecorator.java:227)
	at org.springframework.security.web.ObservationFilterChainDecorator$VirtualFilterChain.doFilter(ObservationFilterChainDecorator.java:137)
	at org.springframework.security.web.access.ExceptionTranslationFilter.doFilter(ExceptionTranslationFilter.java:126)
	at org.springframework.security.web.access.ExceptionTranslationFilter.doFilter(ExceptionTranslationFilter.java:120)
	at org.springframework.security.web.ObservationFilterChainDecorator$ObservationFilter.wrapFilter(ObservationFilterChainDecorator.java:240)
	at org.springframework.security.web.ObservationFilterChainDecorator$ObservationFilter.doFilter(ObservationFilterChainDecorator.java:227)
	at org.springframework.security.web.ObservationFilterChainDecorator$VirtualFilterChain.doFilter(ObservationFilterChainDecorator.java:137)
	at org.springframework.security.web.session.SessionManagementFilter.doFilter(SessionManagementFilter.java:131)
	at org.springframework.security.web.session.SessionManagementFilter.doFilter(SessionManagementFilter.java:85)
	at org.springframework.security.web.ObservationFilterChainDecorator$ObservationFilter.wrapFilter(ObservationFilterChainDecorator.java:240)
	at org.springframework.security.web.ObservationFilterChainDecorator$ObservationFilter.doFilter(ObservationFilterChainDecorator.java:227)
	at org.springframework.security.web.ObservationFilterChainDecorator$VirtualFilterChain.doFilter(ObservationFilterChainDecorator.java:137)
	at org.springframework.security.web.authentication.AnonymousAuthenticationFilter.doFilter(AnonymousAuthenticationFilter.java:100)
	at org.springframework.security.web.ObservationFilterChainDecorator$ObservationFilter.wrapFilter(ObservationFilterChainDecorator.java:240)
	at org.springframework.security.web.ObservationFilterChainDecorator$ObservationFilter.doFilter(ObservationFilterChainDecorator.java:227)
	at org.springframework.security.web.ObservationFilterChainDecorator$VirtualFilterChain.doFilter(ObservationFilterChainDecorator.java:137)
	at org.springframework.security.web.servletapi.SecurityContextHolderAwareRequestFilter.doFilter(SecurityContextHolderAwareRequestFilter.java:179)
	at org.springframework.security.web.ObservationFilterChainDecorator$ObservationFilter.wrapFilter(ObservationFilterChainDecorator.java:240)
	at org.springframework.security.web.ObservationFilterChainDecorator$ObservationFilter.doFilter(ObservationFilterChainDecorator.java:227)
	at org.springframework.security.web.ObservationFilterChainDecorator$VirtualFilterChain.doFilter(ObservationFilterChainDecorator.java:137)
	at org.springframework.security.web.savedrequest.RequestCacheAwareFilter.doFilter(RequestCacheAwareFilter.java:63)
	at org.springframework.security.web.ObservationFilterChainDecorator$ObservationFilter.wrapFilter(ObservationFilterChainDecorator.java:240)
	at org.springframework.security.web.ObservationFilterChainDecorator$ObservationFilter.doFilter(ObservationFilterChainDecorator.java:227)
	at org.springframework.security.web.ObservationFilterChainDecorator$VirtualFilterChain.doFilter(ObservationFilterChainDecorator.java:137)
	at com.company.project.security.jwt.JwtAuthenticationFilter.doFilterInternal(JwtAuthenticationFilter.java:52)
	at org.springframework.web.filter.OncePerRequestFilter.doFilter(OncePerRequestFilter.java:116)
	at org.springframework.security.web.ObservationFilterChainDecorator$ObservationFilter.wrapFilter(ObservationFilterChainDecorator.java:240)
	at org.springframework.security.web.ObservationFilterChainDecorator$ObservationFilter.doFilter(ObservationFilterChainDecorator.java:227)
	at org.springframework.security.web.ObservationFilterChainDecorator$VirtualFilterChain.doFilter(ObservationFilterChainDecorator.java:137)
	at org.springframework.security.web.authentication.logout.LogoutFilter.doFilter(LogoutFilter.java:107)
	at org.springframework.security.web.authentication.logout.LogoutFilter.doFilter(LogoutFilter.java:93)
	at org.springframework.security.web.ObservationFilterChainDecorator$ObservationFilter.wrapFilter(ObservationFilterChainDecorator.java:240)
	at org.springframework.security.web.ObservationFilterChainDecorator$ObservationFilter.doFilter(ObservationFilterChainDecorator.java:227)
	at org.springframework.security.web.ObservationFilterChainDecorator$VirtualFilterChain.doFilter(ObservationFilterChainDecorator.java:137)
	at org.springframework.web.filter.CorsFilter.doFilterInternal(CorsFilter.java:91)
	at org.springframework.web.filter.OncePerRequestFilter.doFilter(OncePerRequestFilter.java:116)
	at org.springframework.security.web.ObservationFilterChainDecorator$ObservationFilter.wrapFilter(ObservationFilterChainDecorator.java:240)
	at org.springframework.security.web.ObservationFilterChainDecorator$ObservationFilter.doFilter(ObservationFilterChainDecorator.java:227)
	at org.springframework.security.web.ObservationFilterChainDecorator$VirtualFilterChain.doFilter(ObservationFilterChainDecorator.java:137)
	at org.springframework.security.web.header.HeaderWriterFilter.doHeadersAfter(HeaderWriterFilter.java:90)
	at org.springframework.security.web.header.HeaderWriterFilter.doFilterInternal(HeaderWriterFilter.java:75)
	at org.springframework.web.filter.OncePerRequestFilter.doFilter(OncePerRequestFilter.java:116)
	at org.springframework.security.web.ObservationFilterChainDecorator$ObservationFilter.wrapFilter(ObservationFilterChainDecorator.java:240)
	at org.springframework.security.web.ObservationFilterChainDecorator$ObservationFilter.doFilter(ObservationFilterChainDecorator.java:227)
	at org.springframework.security.web.ObservationFilterChainDecorator$VirtualFilterChain.doFilter(ObservationFilterChainDecorator.java:137)
	at org.springframework.security.web.context.SecurityContextHolderFilter.doFilter(SecurityContextHolderFilter.java:82)
	at org.springframework.security.web.context.SecurityContextHolderFilter.doFilter(SecurityContextHolderFilter.java:69)
	at org.springframework.security.web.ObservationFilterChainDecorator$ObservationFilter.wrapFilter(ObservationFilterChainDecorator.java:240)
	at org.springframework.security.web.ObservationFilterChainDecorator$ObservationFilter.doFilter(ObservationFilterChainDecorator.java:227)
	at org.springframework.security.web.ObservationFilterChainDecorator$VirtualFilterChain.doFilter(ObservationFilterChainDecorator.java:137)
	at org.springframework.security.web.context.request.async.WebAsyncManagerIntegrationFilter.doFilterInternal(WebAsyncManagerIntegrationFilter.java:62)
	at org.springframework.web.filter.OncePerRequestFilter.doFilter(OncePerRequestFilter.java:116)
	at org.springframework.security.web.ObservationFilterChainDecorator$ObservationFilter.wrapFilter(ObservationFilterChainDecorator.java:240)
	at org.springframework.security.web.ObservationFilterChainDecorator$ObservationFilter.doFilter(ObservationFilterChainDecorator.java:227)
	at org.springframework.security.web.ObservationFilterChainDecorator$VirtualFilterChain.doFilter(ObservationFilterChainDecorator.java:137)
	at org.springframework.security.web.session.DisableEncodeUrlFilter.doFilterInternal(DisableEncodeUrlFilter.java:42)
	at org.springframework.web.filter.OncePerRequestFilter.doFilter(OncePerRequestFilter.java:116)
	at org.springframework.security.web.ObservationFilterChainDecorator$ObservationFilter.wrapFilter(ObservationFilterChainDecorator.java:240)
	at org.springframework.security.web.ObservationFilterChainDecorator$AroundFilterObservation$SimpleAroundFilterObservation.lambda$wrap$0(ObservationFilterChainDecorator.java:323)
	at org.springframework.security.web.ObservationFilterChainDecorator$ObservationFilter.doFilter(ObservationFilterChainDecorator.java:224)
	at org.springframework.security.web.ObservationFilterChainDecorator$VirtualFilterChain.doFilter(ObservationFilterChainDecorator.java:137)
	at org.springframework.security.web.FilterChainProxy.doFilterInternal(FilterChainProxy.java:233)
	at org.springframework.security.web.FilterChainProxy.doFilter(FilterChainProxy.java:191)
	at org.springframework.web.filter.CompositeFilter$VirtualFilterChain.doFilter(CompositeFilter.java:113)
	at org.springframework.web.servlet.handler.HandlerMappingIntrospector.lambda$createCacheFilter$3(HandlerMappingIntrospector.java:243)
	at org.springframework.web.filter.CompositeFilter$VirtualFilterChain.doFilter(CompositeFilter.java:113)
	at org.springframework.web.filter.CompositeFilter.doFilter(CompositeFilter.java:74)
	at org.springframework.security.config.annotation.web.configuration.WebMvcSecurityConfiguration$CompositeFilterChainProxy.doFilter(WebMvcSecurityConfiguration.java:238)
	at org.springframework.web.filter.DelegatingFilterProxy.invokeDelegate(DelegatingFilterProxy.java:362)
	at org.springframework.web.filter.DelegatingFilterProxy.doFilter(DelegatingFilterProxy.java:278)
	at org.apache.catalina.core.ApplicationFilterChain.internalDoFilter(ApplicationFilterChain.java:164)
	at org.apache.catalina.core.ApplicationFilterChain.doFilter(ApplicationFilterChain.java:140)
	at org.springframework.web.filter.RequestContextFilter.doFilterInternal(RequestContextFilter.java:100)
	at org.springframework.web.filter.OncePerRequestFilter.doFilter(OncePerRequestFilter.java:116)
	at org.apache.catalina.core.ApplicationFilterChain.internalDoFilter(ApplicationFilterChain.java:164)
	at org.apache.catalina.core.ApplicationFilterChain.doFilter(ApplicationFilterChain.java:140)
	at org.springframework.web.filter.FormContentFilter.doFilterInternal(FormContentFilter.java:93)
	at org.springframework.web.filter.OncePerRequestFilter.doFilter(OncePerRequestFilter.java:116)
	at org.apache.catalina.core.ApplicationFilterChain.internalDoFilter(ApplicationFilterChain.java:164)
	at org.apache.catalina.core.ApplicationFilterChain.doFilter(ApplicationFilterChain.java:140)
	at org.springframework.web.filter.ServerHttpObservationFilter.doFilterInternal(ServerHttpObservationFilter.java:114)
	at org.springframework.web.filter.OncePerRequestFilter.doFilter(OncePerRequestFilter.java:116)
	at org.apache.catalina.core.ApplicationFilterChain.internalDoFilter(ApplicationFilterChain.java:164)
	at org.apache.catalina.core.ApplicationFilterChain.doFilter(ApplicationFilterChain.java:140)
	at org.springframework.web.filter.CharacterEncodingFilter.doFilterInternal(CharacterEncodingFilter.java:201)
	at org.springframework.web.filter.OncePerRequestFilter.doFilter(OncePerRequestFilter.java:116)
	at org.apache.catalina.core.ApplicationFilterChain.internalDoFilter(ApplicationFilterChain.java:164)
	at org.apache.catalina.core.ApplicationFilterChain.doFilter(ApplicationFilterChain.java:140)
	at org.apache.catalina.core.StandardWrapperValve.invoke(StandardWrapperValve.java:167)
	at org.apache.catalina.core.StandardContextValve.invoke(StandardContextValve.java:90)
	at org.apache.catalina.authenticator.AuthenticatorBase.invoke(AuthenticatorBase.java:483)
	at org.apache.catalina.core.StandardHostValve.invoke(StandardHostValve.java:115)
	at org.apache.catalina.valves.ErrorReportValve.invoke(ErrorReportValve.java:93)
	at org.apache.catalina.core.StandardEngineValve.invoke(StandardEngineValve.java:74)
	at org.apache.catalina.connector.CoyoteAdapter.service(CoyoteAdapter.java:344)
	at org.apache.coyote.http11.Http11Processor.service(Http11Processor.java:397)
	at org.apache.coyote.AbstractProcessorLight.process(AbstractProcessorLight.java:63)
	at org.apache.coyote.AbstractProtocol$ConnectionHandler.process(AbstractProtocol.java:905)
	at org.apache.tomcat.util.net.NioEndpoint$SocketProcessor.doRun(NioEndpoint.java:1741)
	at org.apache.tomcat.util.net.SocketProcessorBase.run(SocketProcessorBase.java:52)
	at org.apache.tomcat.util.threads.ThreadPoolExecutor.runWorker(ThreadPoolExecutor.java:1190)
	at org.apache.tomcat.util.threads.ThreadPoolExecutor$Worker.run(ThreadPoolExecutor.java:659)
	at org.apache.tomcat.util.threads.TaskThread$WrappingRunnable.run(TaskThread.java:63)
	at java.base/java.lang.Thread.run(Thread.java:1583)
2026-03-16 16:55:38 [http-nio-8080-exec-3] DEBUG o.s.w.s.m.m.a.HttpEntityMethodProcessor - Using 'application/json', given [application/json, text/plain, */*] and supported [application/json, application/*+json, application/yaml]
2026-03-16 16:55:38 [http-nio-8080-exec-3] TRACE o.s.w.s.m.m.a.HttpEntityMethodProcessor - Writing [ApiResponse[success=false, status=500, code=C004, message=예기치 않은 서버 오류가 발생했습니다., data=null, timestamp=2026-03-16T16:55:38.853981500]]
2026-03-16 16:55:38 [http-nio-8080-exec-3] DEBUG o.s.w.s.m.m.a.ExceptionHandlerExceptionResolver - Resolved [org.springframework.web.servlet.resource.NoResourceFoundException: No static resource api/v1/admin/system/statistics/connect.]
2026-03-16 16:55:38 [http-nio-8080-exec-3] DEBUG o.s.web.servlet.DispatcherServlet - Completed 500 INTERNAL_SERVER_ERROR
2026-03-16 16:55:38 [http-nio-8080-exec-5] DEBUG c.c.p.s.jwt.JwtAuthenticationFilter - >>> [JwtFilter] Processing request: GET /api/v1/admin/system/statistics/bbs
2026-03-16 16:55:38 [http-nio-8080-exec-5] DEBUG c.c.p.s.jwt.JwtAuthenticationFilter - >>> [JwtFilter] Found token in header for path: /api/v1/admin/system/statistics/bbs
2026-03-16 16:55:38 [http-nio-8080-exec-5] DEBUG o.s.orm.jpa.JpaTransactionManager - Creating new transaction with name [com.company.project.security.iam.CustomUserDetailsService.loadUserByUsername]: PROPAGATION_REQUIRED,ISOLATION_DEFAULT,readOnly
2026-03-16 16:55:38 [http-nio-8080-exec-5] DEBUG o.s.orm.jpa.JpaTransactionManager - Opened new EntityManager [SessionImpl(1615979443<open>)] for JPA transaction
2026-03-16 16:55:38 [http-nio-8080-exec-7] DEBUG c.c.p.s.jwt.JwtAuthenticationFilter - >>> [JwtFilter] Processing request: GET /api/v1/menu/left
2026-03-16 16:55:38 [http-nio-8080-exec-7] DEBUG c.c.p.s.jwt.JwtAuthenticationFilter - >>> [JwtFilter] Found token in header for path: /api/v1/menu/left
2026-03-16 16:55:38 [http-nio-8080-exec-7] DEBUG o.s.orm.jpa.JpaTransactionManager - Creating new transaction with name [com.company.project.security.iam.CustomUserDetailsService.loadUserByUsername]: PROPAGATION_REQUIRED,ISOLATION_DEFAULT,readOnly
2026-03-16 16:55:38 [http-nio-8080-exec-7] DEBUG o.s.orm.jpa.JpaTransactionManager - Opened new EntityManager [SessionImpl(5326663<open>)] for JPA transaction
2026-03-16 16:55:38 [http-nio-8080-exec-4] DEBUG o.s.orm.jpa.JpaTransactionManager - Closing JPA EntityManager [SessionImpl(176221300<open>)] after transaction
2026-03-16 16:55:38 [http-nio-8080-exec-4] DEBUG o.s.w.s.m.m.a.HttpEntityMethodProcessor - Using 'application/json', given [application/json, text/plain, */*] and supported [application/json, application/*+json, application/yaml]
2026-03-16 16:55:38 [http-nio-8080-exec-4] TRACE o.s.w.s.m.m.a.HttpEntityMethodProcessor - Writing [ApiResponse[success=true, status=200, code=COMMON_001, message=Success, data=[NotificationDto(ntfcNo=NT001, ntfcSj=테스트 알림입니다, ntfcCn=알림 내용입니다, ntfcDate=null, ntfcTime=2026-02-25T00:59:33.784070, bhNtfcIntrvl=null, uniqId=null, frstRegisterId=null, frstRegisterPnttm=2026-02-25T00:59:33.784070, lastUpdusrId=null, lastUpdusrPnttm=null)], timestamp=2026-03-16T16:55:38.983390600]]
2026-03-16 16:55:38 [http-nio-8080-exec-4] INFO  c.c.p.a.i.OperationalAuditInterceptor - API Audit Log: URL=/api/v1/notifications, User=webmaster, IP=127.0.0.1
2026-03-16 16:55:38 [http-nio-8080-exec-4] DEBUG o.s.web.servlet.DispatcherServlet - Completed 200 OK
2026-03-16 16:55:38 [http-nio-8080-exec-9] DEBUG o.s.orm.jpa.JpaTransactionManager - Closing JPA EntityManager [SessionImpl(276065967<open>)] after transaction
2026-03-16 16:55:38 [http-nio-8080-exec-2] DEBUG o.s.orm.jpa.JpaTransactionManager - Closing JPA EntityManager [SessionImpl(206131279<open>)] after transaction
2026-03-16 16:55:38 [http-nio-8080-exec-9] DEBUG o.s.w.s.m.m.a.HttpEntityMethodProcessor - Using 'application/json', given [application/json, text/plain, */*] and supported [application/json, application/*+json, application/yaml]
2026-03-16 16:55:38 [http-nio-8080-exec-2] DEBUG o.s.w.s.m.m.a.HttpEntityMethodProcessor - Using 'application/json', given [application/json, text/plain, */*] and supported [application/json, application/*+json, application/yaml]
2026-03-16 16:55:38 [http-nio-8080-exec-9] TRACE o.s.w.s.m.m.a.HttpEntityMethodProcessor - Writing [ApiResponse[success=true, status=200, code=COMMON_001, message=Success, data=0, timestamp=2026-03-16T16:55:38.989754]]
2026-03-16 16:55:38 [http-nio-8080-exec-2] TRACE o.s.w.s.m.m.a.HttpEntityMethodProcessor - Writing [ApiResponse[success=true, status=200, code=COMMON_001, message=Success, data=[], timestamp=2026-03-16T16:55:38.989754]]
2026-03-16 16:55:38 [http-nio-8080-exec-2] INFO  c.c.p.a.i.OperationalAuditInterceptor - API Audit Log: URL=/api/v1/popups/active, User=webmaster, IP=127.0.0.1
2026-03-16 16:55:38 [http-nio-8080-exec-9] INFO  c.c.p.a.i.OperationalAuditInterceptor - API Audit Log: URL=/api/v1/notifications/unread-count, User=webmaster, IP=127.0.0.1
2026-03-16 16:55:38 [http-nio-8080-exec-2] DEBUG o.s.web.servlet.DispatcherServlet - Completed 200 OK
2026-03-16 16:55:38 [http-nio-8080-exec-9] DEBUG o.s.web.servlet.DispatcherServlet - Completed 200 OK
2026-03-16 16:55:38 [http-nio-8080-exec-1] DEBUG c.c.p.s.jwt.JwtAuthenticationFilter - >>> [JwtFilter] Processing request: GET /api/v1/notifications
2026-03-16 16:55:38 [http-nio-8080-exec-1] DEBUG c.c.p.s.jwt.JwtAuthenticationFilter - >>> [JwtFilter] Found token in header for path: /api/v1/notifications
2026-03-16 16:55:38 [http-nio-8080-exec-1] DEBUG o.s.orm.jpa.JpaTransactionManager - Creating new transaction with name [com.company.project.security.iam.CustomUserDetailsService.loadUserByUsername]: PROPAGATION_REQUIRED,ISOLATION_DEFAULT,readOnly
2026-03-16 16:55:38 [http-nio-8080-exec-1] DEBUG o.s.orm.jpa.JpaTransactionManager - Opened new EntityManager [SessionImpl(130598870<open>)] for JPA transaction
2026-03-16 16:55:39 [http-nio-8080-exec-6] DEBUG c.c.p.s.jwt.JwtAuthenticationFilter - >>> [JwtFilter] Processing request: GET /api/v1/popups/active
2026-03-16 16:55:39 [http-nio-8080-exec-6] DEBUG c.c.p.s.jwt.JwtAuthenticationFilter - >>> [JwtFilter] Found token in header for path: /api/v1/popups/active
2026-03-16 16:55:39 [http-nio-8080-exec-6] DEBUG o.s.orm.jpa.JpaTransactionManager - Creating new transaction with name [com.company.project.security.iam.CustomUserDetailsService.loadUserByUsername]: PROPAGATION_REQUIRED,ISOLATION_DEFAULT,readOnly
2026-03-16 16:55:39 [http-nio-8080-exec-6] DEBUG o.s.orm.jpa.JpaTransactionManager - Opened new EntityManager [SessionImpl(565034013<open>)] for JPA transaction
2026-03-16 16:55:39 [http-nio-8080-exec-10] DEBUG c.c.p.s.jwt.JwtAuthenticationFilter - >>> [JwtFilter] Processing request: GET /api/v1/notifications/unread-count
2026-03-16 16:55:39 [http-nio-8080-exec-10] DEBUG c.c.p.s.jwt.JwtAuthenticationFilter - >>> [JwtFilter] Found token in header for path: /api/v1/notifications/unread-count
2026-03-16 16:55:39 [http-nio-8080-exec-10] DEBUG o.s.orm.jpa.JpaTransactionManager - Creating new transaction with name [com.company.project.security.iam.CustomUserDetailsService.loadUserByUsername]: PROPAGATION_REQUIRED,ISOLATION_DEFAULT,readOnly
2026-03-16 16:55:39 [http-nio-8080-exec-10] DEBUG o.s.orm.jpa.JpaTransactionManager - Opened new EntityManager [SessionImpl(1387248203<open>)] for JPA transaction
2026-03-16 16:55:39 [http-nio-8080-exec-10] DEBUG o.s.orm.jpa.JpaTransactionManager - Exposing JPA transaction as JDBC [org.springframework.orm.jpa.vendor.HibernateJpaDialect$HibernateConnectionHandle@36bb9be]
2026-03-16 16:55:39 [http-nio-8080-exec-10] DEBUG o.s.orm.jpa.JpaTransactionManager - Found thread-bound EntityManager [SessionImpl(1387248203<open>)] for JPA transaction
2026-03-16 16:55:39 [http-nio-8080-exec-10] DEBUG o.s.orm.jpa.JpaTransactionManager - Participating in existing transaction
2026-03-16 16:55:39 [http-nio-8080-exec-10] DEBUG org.hibernate.SQL - select u1_0.emplyr_id,u1_0.area_no,u1_0.brthdy,u1_0.chg_pwd_cnt,u1_0.frst_register_id,u1_0.frst_regist_pnttm,u1_0.detail_adres,u1_0.email_adres,u1_0.emplyr_sttus_code,u1_0.empl_no,u1_0.esntl_id,u1_0.fxnum,u1_0.group_id,u1_0.house_adres,u1_0.house_end_telno,u1_0.house_middle_telno,u1_0.ihidnum,u1_0.pstinst_code,u1_0.last_updusr_id,u1_0.last_updt_pnttm,u1_0.lock_at,u1_0.lock_cnt,u1_0.lock_last_pnttm,u1_0.mbtlnum,u1_0.ofcps_nm,u1_0.offm_telno,u1_0.orgnzt_id,u1_0.password,u1_0.password_cnsr,u1_0.password_hint,u1_0.chg_pwd_last_pnttm,u1_0.role,u1_0.sbscrb_de,u1_0.sexdstn_code,u1_0.crtfc_dn_value,u1_0.user_nm,u1_0.zip from nemplyrinfo u1_0 where u1_0.emplyr_id=?
2026-03-16 16:55:39 [http-nio-8080-exec-8] DEBUG o.s.orm.jpa.JpaTransactionManager - Initiating transaction commit
2026-03-16 16:55:39 [http-nio-8080-exec-8] DEBUG o.s.orm.jpa.JpaTransactionManager - Committing JPA transaction on EntityManager [SessionImpl(1498506699<open>)]
2026-03-16 16:55:39 [http-nio-8080-exec-5] DEBUG o.s.orm.jpa.JpaTransactionManager - Exposing JPA transaction as JDBC [org.springframework.orm.jpa.vendor.HibernateJpaDialect$HibernateConnectionHandle@387960f2]
2026-03-16 16:55:39 [http-nio-8080-exec-5] DEBUG o.s.orm.jpa.JpaTransactionManager - Found thread-bound EntityManager [SessionImpl(1615979443<open>)] for JPA transaction
2026-03-16 16:55:39 [http-nio-8080-exec-5] DEBUG o.s.orm.jpa.JpaTransactionManager - Participating in existing transaction
2026-03-16 16:55:39 [http-nio-8080-exec-5] DEBUG org.hibernate.SQL - select u1_0.emplyr_id,u1_0.area_no,u1_0.brthdy,u1_0.chg_pwd_cnt,u1_0.frst_register_id,u1_0.frst_regist_pnttm,u1_0.detail_adres,u1_0.email_adres,u1_0.emplyr_sttus_code,u1_0.empl_no,u1_0.esntl_id,u1_0.fxnum,u1_0.group_id,u1_0.house_adres,u1_0.house_end_telno,u1_0.house_middle_telno,u1_0.ihidnum,u1_0.pstinst_code,u1_0.last_updusr_id,u1_0.last_updt_pnttm,u1_0.lock_at,u1_0.lock_cnt,u1_0.lock_last_pnttm,u1_0.mbtlnum,u1_0.ofcps_nm,u1_0.offm_telno,u1_0.orgnzt_id,u1_0.password,u1_0.password_cnsr,u1_0.password_hint,u1_0.chg_pwd_last_pnttm,u1_0.role,u1_0.sbscrb_de,u1_0.sexdstn_code,u1_0.crtfc_dn_value,u1_0.user_nm,u1_0.zip from nemplyrinfo u1_0 where u1_0.emplyr_id=?
2026-03-16 16:55:39 [http-nio-8080-exec-7] DEBUG o.s.orm.jpa.JpaTransactionManager - Exposing JPA transaction as JDBC [org.springframework.orm.jpa.vendor.HibernateJpaDialect$HibernateConnectionHandle@67b82145]
2026-03-16 16:55:39 [http-nio-8080-exec-7] DEBUG o.s.orm.jpa.JpaTransactionManager - Found thread-bound EntityManager [SessionImpl(5326663<open>)] for JPA transaction
2026-03-16 16:55:39 [http-nio-8080-exec-7] DEBUG o.s.orm.jpa.JpaTransactionManager - Participating in existing transaction
2026-03-16 16:55:39 [http-nio-8080-exec-7] DEBUG org.hibernate.SQL - select u1_0.emplyr_id,u1_0.area_no,u1_0.brthdy,u1_0.chg_pwd_cnt,u1_0.frst_register_id,u1_0.frst_regist_pnttm,u1_0.detail_adres,u1_0.email_adres,u1_0.emplyr_sttus_code,u1_0.empl_no,u1_0.esntl_id,u1_0.fxnum,u1_0.group_id,u1_0.house_adres,u1_0.house_end_telno,u1_0.house_middle_telno,u1_0.ihidnum,u1_0.pstinst_code,u1_0.last_updusr_id,u1_0.last_updt_pnttm,u1_0.lock_at,u1_0.lock_cnt,u1_0.lock_last_pnttm,u1_0.mbtlnum,u1_0.ofcps_nm,u1_0.offm_telno,u1_0.orgnzt_id,u1_0.password,u1_0.password_cnsr,u1_0.password_hint,u1_0.chg_pwd_last_pnttm,u1_0.role,u1_0.sbscrb_de,u1_0.sexdstn_code,u1_0.crtfc_dn_value,u1_0.user_nm,u1_0.zip from nemplyrinfo u1_0 where u1_0.emplyr_id=?
2026-03-16 16:55:39 [http-nio-8080-exec-1] DEBUG o.s.orm.jpa.JpaTransactionManager - Exposing JPA transaction as JDBC [org.springframework.orm.jpa.vendor.HibernateJpaDialect$HibernateConnectionHandle@f888bee]
2026-03-16 16:55:39 [http-nio-8080-exec-1] DEBUG o.s.orm.jpa.JpaTransactionManager - Found thread-bound EntityManager [SessionImpl(130598870<open>)] for JPA transaction
2026-03-16 16:55:39 [http-nio-8080-exec-1] DEBUG o.s.orm.jpa.JpaTransactionManager - Participating in existing transaction
2026-03-16 16:55:39 [http-nio-8080-exec-1] DEBUG org.hibernate.SQL - select u1_0.emplyr_id,u1_0.area_no,u1_0.brthdy,u1_0.chg_pwd_cnt,u1_0.frst_register_id,u1_0.frst_regist_pnttm,u1_0.detail_adres,u1_0.email_adres,u1_0.emplyr_sttus_code,u1_0.empl_no,u1_0.esntl_id,u1_0.fxnum,u1_0.group_id,u1_0.house_adres,u1_0.house_end_telno,u1_0.house_middle_telno,u1_0.ihidnum,u1_0.pstinst_code,u1_0.last_updusr_id,u1_0.last_updt_pnttm,u1_0.lock_at,u1_0.lock_cnt,u1_0.lock_last_pnttm,u1_0.mbtlnum,u1_0.ofcps_nm,u1_0.offm_telno,u1_0.orgnzt_id,u1_0.password,u1_0.password_cnsr,u1_0.password_hint,u1_0.chg_pwd_last_pnttm,u1_0.role,u1_0.sbscrb_de,u1_0.sexdstn_code,u1_0.crtfc_dn_value,u1_0.user_nm,u1_0.zip from nemplyrinfo u1_0 where u1_0.emplyr_id=?
2026-03-16 16:55:39 [http-nio-8080-exec-6] DEBUG o.s.orm.jpa.JpaTransactionManager - Exposing JPA transaction as JDBC [org.springframework.orm.jpa.vendor.HibernateJpaDialect$HibernateConnectionHandle@1baa51f7]
2026-03-16 16:55:39 [http-nio-8080-exec-6] DEBUG o.s.orm.jpa.JpaTransactionManager - Found thread-bound EntityManager [SessionImpl(565034013<open>)] for JPA transaction
2026-03-16 16:55:39 [http-nio-8080-exec-6] DEBUG o.s.orm.jpa.JpaTransactionManager - Participating in existing transaction
2026-03-16 16:55:39 [http-nio-8080-exec-6] DEBUG org.hibernate.SQL - select u1_0.emplyr_id,u1_0.area_no,u1_0.brthdy,u1_0.chg_pwd_cnt,u1_0.frst_register_id,u1_0.frst_regist_pnttm,u1_0.detail_adres,u1_0.email_adres,u1_0.emplyr_sttus_code,u1_0.empl_no,u1_0.esntl_id,u1_0.fxnum,u1_0.group_id,u1_0.house_adres,u1_0.house_end_telno,u1_0.house_middle_telno,u1_0.ihidnum,u1_0.pstinst_code,u1_0.last_updusr_id,u1_0.last_updt_pnttm,u1_0.lock_at,u1_0.lock_cnt,u1_0.lock_last_pnttm,u1_0.mbtlnum,u1_0.ofcps_nm,u1_0.offm_telno,u1_0.orgnzt_id,u1_0.password,u1_0.password_cnsr,u1_0.password_hint,u1_0.chg_pwd_last_pnttm,u1_0.role,u1_0.sbscrb_de,u1_0.sexdstn_code,u1_0.crtfc_dn_value,u1_0.user_nm,u1_0.zip from nemplyrinfo u1_0 where u1_0.emplyr_id=?
2026-03-16 16:55:39 [http-nio-8080-exec-8] DEBUG o.s.orm.jpa.JpaTransactionManager - Closing JPA EntityManager [SessionImpl(1498506699<open>)] after transaction
2026-03-16 16:55:39 [http-nio-8080-exec-8] DEBUG o.s.w.s.m.m.a.HttpEntityMethodProcessor - Using 'application/json', given [application/json, text/plain, */*] and supported [application/json, application/*+json, application/yaml]
2026-03-16 16:55:39 [http-nio-8080-exec-8] TRACE o.s.w.s.m.m.a.HttpEntityMethodProcessor - Writing [ApiResponse[success=true, status=200, code=COMMON_001, message=Success, data=[], timestamp=2026-03-16T16:55:39.163751200]]
2026-03-16 16:55:39 [http-nio-8080-exec-8] INFO  c.c.p.a.i.OperationalAuditInterceptor - API Audit Log: URL=/api/v1/admin/system/banners/reflected, User=webmaster, IP=127.0.0.1
2026-03-16 16:55:39 [http-nio-8080-exec-8] DEBUG o.s.web.servlet.DispatcherServlet - Completed 200 OK
2026-03-16 16:55:39 [http-nio-8080-exec-3] DEBUG c.c.p.s.jwt.JwtAuthenticationFilter - >>> [JwtFilter] Processing request: GET /api/v1/admin/system/banners/reflected
2026-03-16 16:55:39 [http-nio-8080-exec-3] DEBUG c.c.p.s.jwt.JwtAuthenticationFilter - >>> [JwtFilter] Found token in header for path: /api/v1/admin/system/banners/reflected
2026-03-16 16:55:39 [http-nio-8080-exec-3] DEBUG o.s.orm.jpa.JpaTransactionManager - Creating new transaction with name [com.company.project.security.iam.CustomUserDetailsService.loadUserByUsername]: PROPAGATION_REQUIRED,ISOLATION_DEFAULT,readOnly
2026-03-16 16:55:39 [http-nio-8080-exec-3] DEBUG o.s.orm.jpa.JpaTransactionManager - Opened new EntityManager [SessionImpl(415412238<open>)] for JPA transaction
2026-03-16 16:55:39 [http-nio-8080-exec-3] DEBUG o.s.orm.jpa.JpaTransactionManager - Exposing JPA transaction as JDBC [org.springframework.orm.jpa.vendor.HibernateJpaDialect$HibernateConnectionHandle@7099e728]
2026-03-16 16:55:39 [http-nio-8080-exec-3] DEBUG o.s.orm.jpa.JpaTransactionManager - Found thread-bound EntityManager [SessionImpl(415412238<open>)] for JPA transaction
2026-03-16 16:55:39 [http-nio-8080-exec-3] DEBUG o.s.orm.jpa.JpaTransactionManager - Participating in existing transaction
2026-03-16 16:55:39 [http-nio-8080-exec-3] DEBUG org.hibernate.SQL - select u1_0.emplyr_id,u1_0.area_no,u1_0.brthdy,u1_0.chg_pwd_cnt,u1_0.frst_register_id,u1_0.frst_regist_pnttm,u1_0.detail_adres,u1_0.email_adres,u1_0.emplyr_sttus_code,u1_0.empl_no,u1_0.esntl_id,u1_0.fxnum,u1_0.group_id,u1_0.house_adres,u1_0.house_end_telno,u1_0.house_middle_telno,u1_0.ihidnum,u1_0.pstinst_code,u1_0.last_updusr_id,u1_0.last_updt_pnttm,u1_0.lock_at,u1_0.lock_cnt,u1_0.lock_last_pnttm,u1_0.mbtlnum,u1_0.ofcps_nm,u1_0.offm_telno,u1_0.orgnzt_id,u1_0.password,u1_0.password_cnsr,u1_0.password_hint,u1_0.chg_pwd_last_pnttm,u1_0.role,u1_0.sbscrb_de,u1_0.sexdstn_code,u1_0.crtfc_dn_value,u1_0.user_nm,u1_0.zip from nemplyrinfo u1_0 where u1_0.emplyr_id=?
2026-03-16 16:55:39 [http-nio-8080-exec-7] DEBUG o.s.orm.jpa.JpaTransactionManager - Found thread-bound EntityManager [SessionImpl(5326663<open>)] for JPA transaction
2026-03-16 16:55:39 [http-nio-8080-exec-7] DEBUG o.s.orm.jpa.JpaTransactionManager - Participating in existing transaction
2026-03-16 16:55:39 [http-nio-8080-exec-7] DEBUG org.hibernate.SQL - select ua1_0.scrty_dtrmn_trget_id,ua1_0.author_code,ua1_0.frst_register_id,ua1_0.frst_regist_pnttm,ua1_0.last_updusr_id,ua1_0.last_updt_pnttm,ua1_0.mber_ty_code from nemplyrscrtyestbs ua1_0 where ua1_0.scrty_dtrmn_trget_id=?
2026-03-16 16:55:39 [http-nio-8080-exec-5] DEBUG o.s.orm.jpa.JpaTransactionManager - Found thread-bound EntityManager [SessionImpl(1615979443<open>)] for JPA transaction
2026-03-16 16:55:39 [http-nio-8080-exec-5] DEBUG o.s.orm.jpa.JpaTransactionManager - Participating in existing transaction
2026-03-16 16:55:39 [http-nio-8080-exec-5] DEBUG org.hibernate.SQL - select ua1_0.scrty_dtrmn_trget_id,ua1_0.author_code,ua1_0.frst_register_id,ua1_0.frst_regist_pnttm,ua1_0.last_updusr_id,ua1_0.last_updt_pnttm,ua1_0.mber_ty_code from nemplyrscrtyestbs ua1_0 where ua1_0.scrty_dtrmn_trget_id=?
2026-03-16 16:55:40 [http-nio-8080-exec-1] DEBUG o.s.orm.jpa.JpaTransactionManager - Found thread-bound EntityManager [SessionImpl(130598870<open>)] for JPA transaction
2026-03-16 16:55:40 [http-nio-8080-exec-1] DEBUG o.s.orm.jpa.JpaTransactionManager - Participating in existing transaction
2026-03-16 16:55:40 [http-nio-8080-exec-1] DEBUG org.hibernate.SQL - select ua1_0.scrty_dtrmn_trget_id,ua1_0.author_code,ua1_0.frst_register_id,ua1_0.frst_regist_pnttm,ua1_0.last_updusr_id,ua1_0.last_updt_pnttm,ua1_0.mber_ty_code from nemplyrscrtyestbs ua1_0 where ua1_0.scrty_dtrmn_trget_id=?
2026-03-16 16:55:40 [http-nio-8080-exec-7] DEBUG o.s.orm.jpa.JpaTransactionManager - Initiating transaction commit
2026-03-16 16:55:40 [http-nio-8080-exec-7] DEBUG o.s.orm.jpa.JpaTransactionManager - Committing JPA transaction on EntityManager [SessionImpl(5326663<open>)]
2026-03-16 16:55:40 [http-nio-8080-exec-6] DEBUG o.s.orm.jpa.JpaTransactionManager - Found thread-bound EntityManager [SessionImpl(565034013<open>)] for JPA transaction
2026-03-16 16:55:40 [http-nio-8080-exec-3] DEBUG o.s.orm.jpa.JpaTransactionManager - Found thread-bound EntityManager [SessionImpl(415412238<open>)] for JPA transaction
2026-03-16 16:55:40 [http-nio-8080-exec-5] DEBUG o.s.orm.jpa.JpaTransactionManager - Initiating transaction commit
2026-03-16 16:55:40 [http-nio-8080-exec-6] DEBUG o.s.orm.jpa.JpaTransactionManager - Participating in existing transaction
2026-03-16 16:55:40 [http-nio-8080-exec-6] DEBUG org.hibernate.SQL - select ua1_0.scrty_dtrmn_trget_id,ua1_0.author_code,ua1_0.frst_register_id,ua1_0.frst_regist_pnttm,ua1_0.last_updusr_id,ua1_0.last_updt_pnttm,ua1_0.mber_ty_code from nemplyrscrtyestbs ua1_0 where ua1_0.scrty_dtrmn_trget_id=?
2026-03-16 16:55:40 [http-nio-8080-exec-3] DEBUG o.s.orm.jpa.JpaTransactionManager - Participating in existing transaction
2026-03-16 16:55:40 [http-nio-8080-exec-5] DEBUG o.s.orm.jpa.JpaTransactionManager - Committing JPA transaction on EntityManager [SessionImpl(1615979443<open>)]
2026-03-16 16:55:40 [http-nio-8080-exec-3] DEBUG org.hibernate.SQL - select ua1_0.scrty_dtrmn_trget_id,ua1_0.author_code,ua1_0.frst_register_id,ua1_0.frst_regist_pnttm,ua1_0.last_updusr_id,ua1_0.last_updt_pnttm,ua1_0.mber_ty_code from nemplyrscrtyestbs ua1_0 where ua1_0.scrty_dtrmn_trget_id=?
2026-03-16 16:55:41 [http-nio-8080-exec-1] DEBUG o.s.orm.jpa.JpaTransactionManager - Initiating transaction commit
2026-03-16 16:55:41 [http-nio-8080-exec-1] DEBUG o.s.orm.jpa.JpaTransactionManager - Committing JPA transaction on EntityManager [SessionImpl(130598870<open>)]
2026-03-16 16:55:41 [http-nio-8080-exec-5] DEBUG o.s.orm.jpa.JpaTransactionManager - Closing JPA EntityManager [SessionImpl(1615979443<open>)] after transaction
2026-03-16 16:55:41 [http-nio-8080-exec-7] DEBUG o.s.orm.jpa.JpaTransactionManager - Closing JPA EntityManager [SessionImpl(5326663<open>)] after transaction
2026-03-16 16:55:41 [http-nio-8080-exec-6] DEBUG o.s.orm.jpa.JpaTransactionManager - Initiating transaction commit
2026-03-16 16:55:41 [http-nio-8080-exec-3] DEBUG o.s.orm.jpa.JpaTransactionManager - Initiating transaction commit
2026-03-16 16:55:41 [http-nio-8080-exec-5] DEBUG c.c.p.s.jwt.JwtAuthenticationFilter - >>> [JwtFilter] Successfully authenticated user: USRCNFRM_99999999999, Authorities: [ROLE_ADMIN]
2026-03-16 16:55:41 [http-nio-8080-exec-6] DEBUG o.s.orm.jpa.JpaTransactionManager - Committing JPA transaction on EntityManager [SessionImpl(565034013<open>)]
2026-03-16 16:55:41 [http-nio-8080-exec-7] DEBUG c.c.p.s.jwt.JwtAuthenticationFilter - >>> [JwtFilter] Successfully authenticated user: USRCNFRM_99999999999, Authorities: [ROLE_ADMIN]
2026-03-16 16:55:41 [http-nio-8080-exec-3] DEBUG o.s.orm.jpa.JpaTransactionManager - Committing JPA transaction on EntityManager [SessionImpl(415412238<open>)]
2026-03-16 16:55:41 [http-nio-8080-exec-5] DEBUG o.s.web.servlet.DispatcherServlet - GET "/api/v1/admin/system/statistics/bbs?statsKind=COM101", parameters={masked}
2026-03-16 16:55:41 [http-nio-8080-exec-7] DEBUG o.s.web.servlet.DispatcherServlet - GET "/api/v1/menu/left?menuNo=20", parameters={masked}
2026-03-16 16:55:41 [http-nio-8080-exec-7] TRACE o.s.w.s.m.m.a.RequestMappingHandlerMapping - Mapped to com.company.project.api.controller.menu.MenuController#getLeftMenu(Long)
2026-03-16 16:55:41 [http-nio-8080-exec-7] INFO  c.c.p.a.c.menu.MenuController - getLeftMenu called with menuNo=20
2026-03-16 16:55:41 [http-nio-8080-exec-7] DEBUG o.s.orm.jpa.JpaTransactionManager - Creating new transaction with name [com.company.project.service.menu.MenuService.getSubMenus]: PROPAGATION_REQUIRED,ISOLATION_DEFAULT,readOnly
2026-03-16 16:55:41 [http-nio-8080-exec-7] DEBUG o.s.orm.jpa.JpaTransactionManager - Opened new EntityManager [SessionImpl(2071883138<open>)] for JPA transaction
2026-03-16 16:55:41 [http-nio-8080-exec-7] DEBUG o.s.orm.jpa.JpaTransactionManager - Exposing JPA transaction as JDBC [org.springframework.orm.jpa.vendor.HibernateJpaDialect$HibernateConnectionHandle@68604804]
2026-03-16 16:55:41 [http-nio-8080-exec-5] DEBUG o.s.w.s.h.SimpleUrlHandlerMapping - Mapped to ResourceHttpRequestHandler [classpath [META-INF/resources/], classpath [resources/], classpath [static/], classpath [public/], ServletContext [/]]
2026-03-16 16:55:41 [http-nio-8080-exec-7] DEBUG org.hibernate.SQL - select m1_0.menu_no,m1_0.menu_dc,m1_0.menu_nm,m1_0.menu_ordr,m1_0.modern_route,m1_0.progrm_file_nm,m1_0.relate_image_nm,m1_0.relate_image_path,m1_0.route_updated_at,m1_0.upper_menu_no from nmenuinfo m1_0 order by m1_0.upper_menu_no,m1_0.menu_ordr
2026-03-16 16:55:41 [http-nio-8080-exec-5] DEBUG o.s.w.s.r.ResourceHttpRequestHandler - Resource not found
2026-03-16 16:55:41 [http-nio-8080-exec-5] DEBUG o.s.w.s.m.m.a.ExceptionHandlerExceptionResolver - Using @ExceptionHandler com.company.project.core.exception.GlobalExceptionHandler#handleException(Exception)
2026-03-16 16:55:41 [http-nio-8080-exec-5] ERROR c.c.p.c.e.GlobalExceptionHandler - >>> Internal Server Error: No static resource api/v1/admin/system/statistics/bbs.
org.springframework.web.servlet.resource.NoResourceFoundException: No static resource api/v1/admin/system/statistics/bbs.
	at org.springframework.web.servlet.resource.ResourceHttpRequestHandler.handleRequest(ResourceHttpRequestHandler.java:585)
	at org.springframework.web.servlet.mvc.HttpRequestHandlerAdapter.handle(HttpRequestHandlerAdapter.java:52)
	at org.springframework.web.servlet.DispatcherServlet.doDispatch(DispatcherServlet.java:1088)
	at org.springframework.web.servlet.DispatcherServlet.doService(DispatcherServlet.java:978)
	at org.springframework.web.servlet.FrameworkServlet.processRequest(FrameworkServlet.java:1014)
	at org.springframework.web.servlet.FrameworkServlet.doGet(FrameworkServlet.java:903)
	at jakarta.servlet.http.HttpServlet.service(HttpServlet.java:527)
	at org.springframework.web.servlet.FrameworkServlet.service(FrameworkServlet.java:885)
	at jakarta.servlet.http.HttpServlet.service(HttpServlet.java:614)
	at org.apache.catalina.core.ApplicationFilterChain.internalDoFilter(ApplicationFilterChain.java:195)
	at org.apache.catalina.core.ApplicationFilterChain.doFilter(ApplicationFilterChain.java:140)
	at org.apache.tomcat.websocket.server.WsFilter.doFilter(WsFilter.java:51)
	at org.apache.catalina.core.ApplicationFilterChain.internalDoFilter(ApplicationFilterChain.java:164)
	at org.apache.catalina.core.ApplicationFilterChain.doFilter(ApplicationFilterChain.java:140)
	at org.springframework.web.filter.CompositeFilter$VirtualFilterChain.doFilter(CompositeFilter.java:108)
	at org.springframework.security.web.FilterChainProxy.lambda$doFilterInternal$3(FilterChainProxy.java:231)
	at org.springframework.security.web.ObservationFilterChainDecorator$FilterObservation$SimpleFilterObservation.lambda$wrap$1(ObservationFilterChainDecorator.java:479)
	at org.springframework.security.web.ObservationFilterChainDecorator$AroundFilterObservation$SimpleAroundFilterObservation.lambda$wrap$1(ObservationFilterChainDecorator.java:340)
	at org.springframework.security.web.ObservationFilterChainDecorator.lambda$wrapSecured$0(ObservationFilterChainDecorator.java:82)
	at org.springframework.security.web.ObservationFilterChainDecorator$VirtualFilterChain.doFilter(ObservationFilterChainDecorator.java:128)
	at org.springframework.security.web.access.intercept.AuthorizationFilter.doFilter(AuthorizationFilter.java:101)
	at org.springframework.security.web.ObservationFilterChainDecorator$ObservationFilter.wrapFilter(ObservationFilterChainDecorator.java:240)
	at org.springframework.security.web.ObservationFilterChainDecorator$ObservationFilter.doFilter(ObservationFilterChainDecorator.java:227)
	at org.springframework.security.web.ObservationFilterChainDecorator$VirtualFilterChain.doFilter(ObservationFilterChainDecorator.java:137)
	at org.springframework.security.web.access.ExceptionTranslationFilter.doFilter(ExceptionTranslationFilter.java:126)
	at org.springframework.security.web.access.ExceptionTranslationFilter.doFilter(ExceptionTranslationFilter.java:120)
	at org.springframework.security.web.ObservationFilterChainDecorator$ObservationFilter.wrapFilter(ObservationFilterChainDecorator.java:240)
	at org.springframework.security.web.ObservationFilterChainDecorator$ObservationFilter.doFilter(ObservationFilterChainDecorator.java:227)
	at org.springframework.security.web.ObservationFilterChainDecorator$VirtualFilterChain.doFilter(ObservationFilterChainDecorator.java:137)
	at org.springframework.security.web.session.SessionManagementFilter.doFilter(SessionManagementFilter.java:131)
	at org.springframework.security.web.session.SessionManagementFilter.doFilter(SessionManagementFilter.java:85)
	at org.springframework.security.web.ObservationFilterChainDecorator$ObservationFilter.wrapFilter(ObservationFilterChainDecorator.java:240)
	at org.springframework.security.web.ObservationFilterChainDecorator$ObservationFilter.doFilter(ObservationFilterChainDecorator.java:227)
	at org.springframework.security.web.ObservationFilterChainDecorator$VirtualFilterChain.doFilter(ObservationFilterChainDecorator.java:137)
	at org.springframework.security.web.authentication.AnonymousAuthenticationFilter.doFilter(AnonymousAuthenticationFilter.java:100)
	at org.springframework.security.web.ObservationFilterChainDecorator$ObservationFilter.wrapFilter(ObservationFilterChainDecorator.java:240)
	at org.springframework.security.web.ObservationFilterChainDecorator$ObservationFilter.doFilter(ObservationFilterChainDecorator.java:227)
	at org.springframework.security.web.ObservationFilterChainDecorator$VirtualFilterChain.doFilter(ObservationFilterChainDecorator.java:137)
	at org.springframework.security.web.servletapi.SecurityContextHolderAwareRequestFilter.doFilter(SecurityContextHolderAwareRequestFilter.java:179)
	at org.springframework.security.web.ObservationFilterChainDecorator$ObservationFilter.wrapFilter(ObservationFilterChainDecorator.java:240)
	at org.springframework.security.web.ObservationFilterChainDecorator$ObservationFilter.doFilter(ObservationFilterChainDecorator.java:227)
	at org.springframework.security.web.ObservationFilterChainDecorator$VirtualFilterChain.doFilter(ObservationFilterChainDecorator.java:137)
	at org.springframework.security.web.savedrequest.RequestCacheAwareFilter.doFilter(RequestCacheAwareFilter.java:63)
	at org.springframework.security.web.ObservationFilterChainDecorator$ObservationFilter.wrapFilter(ObservationFilterChainDecorator.java:240)
	at org.springframework.security.web.ObservationFilterChainDecorator$ObservationFilter.doFilter(ObservationFilterChainDecorator.java:227)
	at org.springframework.security.web.ObservationFilterChainDecorator$VirtualFilterChain.doFilter(ObservationFilterChainDecorator.java:137)
	at com.company.project.security.jwt.JwtAuthenticationFilter.doFilterInternal(JwtAuthenticationFilter.java:52)
	at org.springframework.web.filter.OncePerRequestFilter.doFilter(OncePerRequestFilter.java:116)
	at org.springframework.security.web.ObservationFilterChainDecorator$ObservationFilter.wrapFilter(ObservationFilterChainDecorator.java:240)
	at org.springframework.security.web.ObservationFilterChainDecorator$ObservationFilter.doFilter(ObservationFilterChainDecorator.java:227)
	at org.springframework.security.web.ObservationFilterChainDecorator$VirtualFilterChain.doFilter(ObservationFilterChainDecorator.java:137)
	at org.springframework.security.web.authentication.logout.LogoutFilter.doFilter(LogoutFilter.java:107)
	at org.springframework.security.web.authentication.logout.LogoutFilter.doFilter(LogoutFilter.java:93)
	at org.springframework.security.web.ObservationFilterChainDecorator$ObservationFilter.wrapFilter(ObservationFilterChainDecorator.java:240)
	at org.springframework.security.web.ObservationFilterChainDecorator$ObservationFilter.doFilter(ObservationFilterChainDecorator.java:227)
	at org.springframework.security.web.ObservationFilterChainDecorator$VirtualFilterChain.doFilter(ObservationFilterChainDecorator.java:137)
	at org.springframework.web.filter.CorsFilter.doFilterInternal(CorsFilter.java:91)
	at org.springframework.web.filter.OncePerRequestFilter.doFilter(OncePerRequestFilter.java:116)
	at org.springframework.security.web.ObservationFilterChainDecorator$ObservationFilter.wrapFilter(ObservationFilterChainDecorator.java:240)
	at org.springframework.security.web.ObservationFilterChainDecorator$ObservationFilter.doFilter(ObservationFilterChainDecorator.java:227)
	at org.springframework.security.web.ObservationFilterChainDecorator$VirtualFilterChain.doFilter(ObservationFilterChainDecorator.java:137)
	at org.springframework.security.web.header.HeaderWriterFilter.doHeadersAfter(HeaderWriterFilter.java:90)
	at org.springframework.security.web.header.HeaderWriterFilter.doFilterInternal(HeaderWriterFilter.java:75)
	at org.springframework.web.filter.OncePerRequestFilter.doFilter(OncePerRequestFilter.java:116)
	at org.springframework.security.web.ObservationFilterChainDecorator$ObservationFilter.wrapFilter(ObservationFilterChainDecorator.java:240)
	at org.springframework.security.web.ObservationFilterChainDecorator$ObservationFilter.doFilter(ObservationFilterChainDecorator.java:227)
	at org.springframework.security.web.ObservationFilterChainDecorator$VirtualFilterChain.doFilter(ObservationFilterChainDecorator.java:137)
	at org.springframework.security.web.context.SecurityContextHolderFilter.doFilter(SecurityContextHolderFilter.java:82)
	at org.springframework.security.web.context.SecurityContextHolderFilter.doFilter(SecurityContextHolderFilter.java:69)
	at org.springframework.security.web.ObservationFilterChainDecorator$ObservationFilter.wrapFilter(ObservationFilterChainDecorator.java:240)
	at org.springframework.security.web.ObservationFilterChainDecorator$ObservationFilter.doFilter(ObservationFilterChainDecorator.java:227)
	at org.springframework.security.web.ObservationFilterChainDecorator$VirtualFilterChain.doFilter(ObservationFilterChainDecorator.java:137)
	at org.springframework.security.web.context.request.async.WebAsyncManagerIntegrationFilter.doFilterInternal(WebAsyncManagerIntegrationFilter.java:62)
	at org.springframework.web.filter.OncePerRequestFilter.doFilter(OncePerRequestFilter.java:116)
	at org.springframework.security.web.ObservationFilterChainDecorator$ObservationFilter.wrapFilter(ObservationFilterChainDecorator.java:240)
	at org.springframework.security.web.ObservationFilterChainDecorator$ObservationFilter.doFilter(ObservationFilterChainDecorator.java:227)
	at org.springframework.security.web.ObservationFilterChainDecorator$VirtualFilterChain.doFilter(ObservationFilterChainDecorator.java:137)
	at org.springframework.security.web.session.DisableEncodeUrlFilter.doFilterInternal(DisableEncodeUrlFilter.java:42)
	at org.springframework.web.filter.OncePerRequestFilter.doFilter(OncePerRequestFilter.java:116)
	at org.springframework.security.web.ObservationFilterChainDecorator$ObservationFilter.wrapFilter(ObservationFilterChainDecorator.java:240)
	at org.springframework.security.web.ObservationFilterChainDecorator$AroundFilterObservation$SimpleAroundFilterObservation.lambda$wrap$0(ObservationFilterChainDecorator.java:323)
	at org.springframework.security.web.ObservationFilterChainDecorator$ObservationFilter.doFilter(ObservationFilterChainDecorator.java:224)
	at org.springframework.security.web.ObservationFilterChainDecorator$VirtualFilterChain.doFilter(ObservationFilterChainDecorator.java:137)
	at org.springframework.security.web.FilterChainProxy.doFilterInternal(FilterChainProxy.java:233)
	at org.springframework.security.web.FilterChainProxy.doFilter(FilterChainProxy.java:191)
	at org.springframework.web.filter.CompositeFilter$VirtualFilterChain.doFilter(CompositeFilter.java:113)
	at org.springframework.web.servlet.handler.HandlerMappingIntrospector.lambda$createCacheFilter$3(HandlerMappingIntrospector.java:243)
	at org.springframework.web.filter.CompositeFilter$VirtualFilterChain.doFilter(CompositeFilter.java:113)
	at org.springframework.web.filter.CompositeFilter.doFilter(CompositeFilter.java:74)
	at org.springframework.security.config.annotation.web.configuration.WebMvcSecurityConfiguration$CompositeFilterChainProxy.doFilter(WebMvcSecurityConfiguration.java:238)
	at org.springframework.web.filter.DelegatingFilterProxy.invokeDelegate(DelegatingFilterProxy.java:362)
	at org.springframework.web.filter.DelegatingFilterProxy.doFilter(DelegatingFilterProxy.java:278)
	at org.apache.catalina.core.ApplicationFilterChain.internalDoFilter(ApplicationFilterChain.java:164)
	at org.apache.catalina.core.ApplicationFilterChain.doFilter(ApplicationFilterChain.java:140)
	at org.springframework.web.filter.RequestContextFilter.doFilterInternal(RequestContextFilter.java:100)
	at org.springframework.web.filter.OncePerRequestFilter.doFilter(OncePerRequestFilter.java:116)
	at org.apache.catalina.core.ApplicationFilterChain.internalDoFilter(ApplicationFilterChain.java:164)
	at org.apache.catalina.core.ApplicationFilterChain.doFilter(ApplicationFilterChain.java:140)
	at org.springframework.web.filter.FormContentFilter.doFilterInternal(FormContentFilter.java:93)
	at org.springframework.web.filter.OncePerRequestFilter.doFilter(OncePerRequestFilter.java:116)
	at org.apache.catalina.core.ApplicationFilterChain.internalDoFilter(ApplicationFilterChain.java:164)
	at org.apache.catalina.core.ApplicationFilterChain.doFilter(ApplicationFilterChain.java:140)
	at org.springframework.web.filter.ServerHttpObservationFilter.doFilterInternal(ServerHttpObservationFilter.java:114)
	at org.springframework.web.filter.OncePerRequestFilter.doFilter(OncePerRequestFilter.java:116)
	at org.apache.catalina.core.ApplicationFilterChain.internalDoFilter(ApplicationFilterChain.java:164)
	at org.apache.catalina.core.ApplicationFilterChain.doFilter(ApplicationFilterChain.java:140)
	at org.springframework.web.filter.CharacterEncodingFilter.doFilterInternal(CharacterEncodingFilter.java:201)
	at org.springframework.web.filter.OncePerRequestFilter.doFilter(OncePerRequestFilter.java:116)
	at org.apache.catalina.core.ApplicationFilterChain.internalDoFilter(ApplicationFilterChain.java:164)
	at org.apache.catalina.core.ApplicationFilterChain.doFilter(ApplicationFilterChain.java:140)
	at org.apache.catalina.core.StandardWrapperValve.invoke(StandardWrapperValve.java:167)
	at org.apache.catalina.core.StandardContextValve.invoke(StandardContextValve.java:90)
	at org.apache.catalina.authenticator.AuthenticatorBase.invoke(AuthenticatorBase.java:483)
	at org.apache.catalina.core.StandardHostValve.invoke(StandardHostValve.java:115)
	at org.apache.catalina.valves.ErrorReportValve.invoke(ErrorReportValve.java:93)
	at org.apache.catalina.core.StandardEngineValve.invoke(StandardEngineValve.java:74)
	at org.apache.catalina.connector.CoyoteAdapter.service(CoyoteAdapter.java:344)
	at org.apache.coyote.http11.Http11Processor.service(Http11Processor.java:397)
	at org.apache.coyote.AbstractProcessorLight.process(AbstractProcessorLight.java:63)
	at org.apache.coyote.AbstractProtocol$ConnectionHandler.process(AbstractProtocol.java:905)
	at org.apache.tomcat.util.net.NioEndpoint$SocketProcessor.doRun(NioEndpoint.java:1741)
	at org.apache.tomcat.util.net.SocketProcessorBase.run(SocketProcessorBase.java:52)
	at org.apache.tomcat.util.threads.ThreadPoolExecutor.runWorker(ThreadPoolExecutor.java:1190)
	at org.apache.tomcat.util.threads.ThreadPoolExecutor$Worker.run(ThreadPoolExecutor.java:659)
	at org.apache.tomcat.util.threads.TaskThread$WrappingRunnable.run(TaskThread.java:63)
	at java.base/java.lang.Thread.run(Thread.java:1583)
2026-03-16 16:55:41 [http-nio-8080-exec-5] DEBUG o.s.w.s.m.m.a.HttpEntityMethodProcessor - Using 'application/json', given [application/json, text/plain, */*] and supported [application/json, application/*+json, application/yaml]
2026-03-16 16:55:41 [http-nio-8080-exec-5] TRACE o.s.w.s.m.m.a.HttpEntityMethodProcessor - Writing [ApiResponse[success=false, status=500, code=C004, message=예기치 않은 서버 오류가 발생했습니다., data=null, timestamp=2026-03-16T16:55:41.072633200]]
2026-03-16 16:55:41 [http-nio-8080-exec-5] DEBUG o.s.w.s.m.m.a.ExceptionHandlerExceptionResolver - Resolved [org.springframework.web.servlet.resource.NoResourceFoundException: No static resource api/v1/admin/system/statistics/bbs.]
2026-03-16 16:55:41 [http-nio-8080-exec-5] DEBUG o.s.web.servlet.DispatcherServlet - Completed 500 INTERNAL_SERVER_ERROR
2026-03-16 16:55:41 [http-nio-8080-exec-4] DEBUG c.c.p.s.jwt.JwtAuthenticationFilter - >>> [JwtFilter] Processing request: GET /api/v1/admin/system/statistics/connect
2026-03-16 16:55:41 [http-nio-8080-exec-4] DEBUG c.c.p.s.jwt.JwtAuthenticationFilter - >>> [JwtFilter] Found token in header for path: /api/v1/admin/system/statistics/connect
2026-03-16 16:55:41 [http-nio-8080-exec-4] DEBUG o.s.orm.jpa.JpaTransactionManager - Creating new transaction with name [com.company.project.security.iam.CustomUserDetailsService.loadUserByUsername]: PROPAGATION_REQUIRED,ISOLATION_DEFAULT,readOnly
2026-03-16 16:55:41 [http-nio-8080-exec-4] DEBUG o.s.orm.jpa.JpaTransactionManager - Opened new EntityManager [SessionImpl(88409562<open>)] for JPA transaction
2026-03-16 16:55:41 [http-nio-8080-exec-1] DEBUG o.s.orm.jpa.JpaTransactionManager - Closing JPA EntityManager [SessionImpl(130598870<open>)] after transaction
2026-03-16 16:55:41 [http-nio-8080-exec-4] DEBUG o.s.orm.jpa.JpaTransactionManager - Exposing JPA transaction as JDBC [org.springframework.orm.jpa.vendor.HibernateJpaDialect$HibernateConnectionHandle@17f30056]
2026-03-16 16:55:41 [http-nio-8080-exec-1] DEBUG c.c.p.s.jwt.JwtAuthenticationFilter - >>> [JwtFilter] Successfully authenticated user: USRCNFRM_99999999999, Authorities: [ROLE_ADMIN]
2026-03-16 16:55:41 [http-nio-8080-exec-4] DEBUG o.s.orm.jpa.JpaTransactionManager - Found thread-bound EntityManager [SessionImpl(88409562<open>)] for JPA transaction
2026-03-16 16:55:41 [http-nio-8080-exec-4] DEBUG o.s.orm.jpa.JpaTransactionManager - Participating in existing transaction
2026-03-16 16:55:41 [http-nio-8080-exec-4] DEBUG org.hibernate.SQL - select u1_0.emplyr_id,u1_0.area_no,u1_0.brthdy,u1_0.chg_pwd_cnt,u1_0.frst_register_id,u1_0.frst_regist_pnttm,u1_0.detail_adres,u1_0.email_adres,u1_0.emplyr_sttus_code,u1_0.empl_no,u1_0.esntl_id,u1_0.fxnum,u1_0.group_id,u1_0.house_adres,u1_0.house_end_telno,u1_0.house_middle_telno,u1_0.ihidnum,u1_0.pstinst_code,u1_0.last_updusr_id,u1_0.last_updt_pnttm,u1_0.lock_at,u1_0.lock_cnt,u1_0.lock_last_pnttm,u1_0.mbtlnum,u1_0.ofcps_nm,u1_0.offm_telno,u1_0.orgnzt_id,u1_0.password,u1_0.password_cnsr,u1_0.password_hint,u1_0.chg_pwd_last_pnttm,u1_0.role,u1_0.sbscrb_de,u1_0.sexdstn_code,u1_0.crtfc_dn_value,u1_0.user_nm,u1_0.zip from nemplyrinfo u1_0 where u1_0.emplyr_id=?
2026-03-16 16:55:41 [http-nio-8080-exec-1] DEBUG o.s.web.servlet.DispatcherServlet - GET "/api/v1/notifications", parameters={}
2026-03-16 16:55:41 [http-nio-8080-exec-1] TRACE o.s.w.s.m.m.a.RequestMappingHandlerMapping - Mapped to com.company.project.api.controller.notification.NotificationController#getMyNotifications(UserDetails)
2026-03-16 16:55:41 [http-nio-8080-exec-1] DEBUG o.s.orm.jpa.JpaTransactionManager - Creating new transaction with name [com.company.project.service.notification.NotificationService.getActiveNotifications]: PROPAGATION_REQUIRED,ISOLATION_DEFAULT,readOnly
2026-03-16 16:55:41 [http-nio-8080-exec-1] DEBUG o.s.orm.jpa.JpaTransactionManager - Opened new EntityManager [SessionImpl(1615279099<open>)] for JPA transaction
2026-03-16 16:55:41 [http-nio-8080-exec-1] DEBUG o.s.orm.jpa.JpaTransactionManager - Exposing JPA transaction as JDBC [org.springframework.orm.jpa.vendor.HibernateJpaDialect$HibernateConnectionHandle@6f56c354]
2026-03-16 16:55:41 [http-nio-8080-exec-1] DEBUG o.s.orm.jpa.JpaTransactionManager - Found thread-bound EntityManager [SessionImpl(1615279099<open>)] for JPA transaction
2026-03-16 16:55:41 [http-nio-8080-exec-1] DEBUG o.s.orm.jpa.JpaTransactionManager - Participating in existing transaction
2026-03-16 16:55:41 [http-nio-8080-exec-1] DEBUG org.hibernate.SQL - select n1_0.ntcn_no,n1_0.frst_register_id,n1_0.frst_regist_pnttm,n1_0.is_read,n1_0.last_updusr_id,n1_0.last_updt_pnttm,n1_0.link_url,n1_0.ntcn_cn,n1_0.ntcn_sj,n1_0.receiver_id from n_user_notification n1_0
2026-03-16 16:55:41 [http-nio-8080-exec-3] DEBUG o.s.orm.jpa.JpaTransactionManager - Closing JPA EntityManager [SessionImpl(415412238<open>)] after transaction
2026-03-16 16:55:41 [http-nio-8080-exec-6] DEBUG o.s.orm.jpa.JpaTransactionManager - Closing JPA EntityManager [SessionImpl(565034013<open>)] after transaction
2026-03-16 16:55:41 [http-nio-8080-exec-3] DEBUG c.c.p.s.jwt.JwtAuthenticationFilter - >>> [JwtFilter] Successfully authenticated user: USRCNFRM_99999999999, Authorities: [ROLE_ADMIN]
2026-03-16 16:55:41 [http-nio-8080-exec-6] DEBUG c.c.p.s.jwt.JwtAuthenticationFilter - >>> [JwtFilter] Successfully authenticated user: USRCNFRM_99999999999, Authorities: [ROLE_ADMIN]
2026-03-16 16:55:41 [http-nio-8080-exec-3] DEBUG o.s.web.servlet.DispatcherServlet - GET "/api/v1/admin/system/banners/reflected", parameters={}
2026-03-16 16:55:41 [http-nio-8080-exec-6] DEBUG o.s.web.servlet.DispatcherServlet - GET "/api/v1/popups/active", parameters={}
2026-03-16 16:55:41 [http-nio-8080-exec-3] TRACE o.s.w.s.m.m.a.RequestMappingHandlerMapping - Mapped to com.company.project.api.controller.system.content.banner.BannerApiController#getReflectedBanners()
2026-03-16 16:55:41 [http-nio-8080-exec-6] TRACE o.s.w.s.m.m.a.RequestMappingHandlerMapping - Mapped to com.company.project.api.controller.system.content.popup.PopupController#getActivePopups()
2026-03-16 16:55:41 [http-nio-8080-exec-3] DEBUG o.s.orm.jpa.JpaTransactionManager - Creating new transaction with name [com.company.project.service.system.content.banner.BannerService.getReflectedBanners]: PROPAGATION_REQUIRED,ISOLATION_DEFAULT,readOnly
2026-03-16 16:55:41 [http-nio-8080-exec-3] DEBUG o.s.orm.jpa.JpaTransactionManager - Opened new EntityManager [SessionImpl(1881856627<open>)] for JPA transaction
2026-03-16 16:55:41 [http-nio-8080-exec-6] DEBUG o.s.orm.jpa.JpaTransactionManager - Creating new transaction with name [com.company.project.service.system.content.popup.PopupServiceImpl.getActivePopups]: PROPAGATION_REQUIRED,ISOLATION_DEFAULT,readOnly
2026-03-16 16:55:41 [http-nio-8080-exec-3] DEBUG o.s.orm.jpa.JpaTransactionManager - Exposing JPA transaction as JDBC [org.springframework.orm.jpa.vendor.HibernateJpaDialect$HibernateConnectionHandle@311bc8cd]
2026-03-16 16:55:41 [http-nio-8080-exec-6] DEBUG o.s.orm.jpa.JpaTransactionManager - Opened new EntityManager [SessionImpl(56041554<open>)] for JPA transaction
2026-03-16 16:55:41 [http-nio-8080-exec-6] DEBUG o.s.orm.jpa.JpaTransactionManager - Exposing JPA transaction as JDBC [org.springframework.orm.jpa.vendor.HibernateJpaDialect$HibernateConnectionHandle@33b6a349]
2026-03-16 16:55:41 [http-nio-8080-exec-6] DEBUG org.hibernate.SQL - select p1_0.popup_id,p1_0.frst_register_id,p1_0.frst_regist_pnttm,p1_0.file_url,p1_0.ntce_at,p1_0.stopvew_setup_at,p1_0.last_updusr_id,p1_0.last_updt_pnttm,p1_0.ntce_bgnde,p1_0.ntce_endde,p1_0.popup_vrticl_lc,p1_0.popup_vrticl_size,p1_0.popup_sj_nm,p1_0.popup_width_lc,p1_0.popup_width_size from npopupmanage p1_0 where p1_0.ntce_at='Y' and ? between p1_0.ntce_bgnde and p1_0.ntce_endde
2026-03-16 16:55:41 [http-nio-8080-exec-3] DEBUG org.hibernate.SQL - select b1_0.banner_id,b1_0.banner_dc,b1_0.banner_image,b1_0.banner_image_file,b1_0.banner_nm,b1_0.frst_register_id,b1_0.frst_regist_pnttm,b1_0.last_updusr_id,b1_0.last_updt_pnttm,b1_0.link_url,b1_0.reflct_at,b1_0.sort_ordr from nbanner b1_0 where b1_0.reflct_at=? order by b1_0.sort_ordr
2026-03-16 16:55:41 [http-nio-8080-exec-4] DEBUG o.s.orm.jpa.JpaTransactionManager - Found thread-bound EntityManager [SessionImpl(88409562<open>)] for JPA transaction
2026-03-16 16:55:41 [http-nio-8080-exec-1] DEBUG o.s.orm.jpa.JpaTransactionManager - Initiating transaction commit
2026-03-16 16:55:41 [http-nio-8080-exec-4] DEBUG o.s.orm.jpa.JpaTransactionManager - Participating in existing transaction
2026-03-16 16:55:41 [http-nio-8080-exec-1] DEBUG o.s.orm.jpa.JpaTransactionManager - Committing JPA transaction on EntityManager [SessionImpl(1615279099<open>)]
2026-03-16 16:55:41 [http-nio-8080-exec-4] DEBUG org.hibernate.SQL - select ua1_0.scrty_dtrmn_trget_id,ua1_0.author_code,ua1_0.frst_register_id,ua1_0.frst_regist_pnttm,ua1_0.last_updusr_id,ua1_0.last_updt_pnttm,ua1_0.mber_ty_code from nemplyrscrtyestbs ua1_0 where ua1_0.scrty_dtrmn_trget_id=?
2026-03-16 16:55:41 [http-nio-8080-exec-6] DEBUG o.s.orm.jpa.JpaTransactionManager - Initiating transaction commit
2026-03-16 16:55:41 [http-nio-8080-exec-6] DEBUG o.s.orm.jpa.JpaTransactionManager - Committing JPA transaction on EntityManager [SessionImpl(56041554<open>)]
2026-03-16 16:55:41 [http-nio-8080-exec-3] DEBUG o.s.orm.jpa.JpaTransactionManager - Initiating transaction commit
2026-03-16 16:55:41 [http-nio-8080-exec-3] DEBUG o.s.orm.jpa.JpaTransactionManager - Committing JPA transaction on EntityManager [SessionImpl(1881856627<open>)]
2026-03-16 16:55:42 [http-nio-8080-exec-1] DEBUG o.s.orm.jpa.JpaTransactionManager - Closing JPA EntityManager [SessionImpl(1615279099<open>)] after transaction
2026-03-16 16:55:42 [http-nio-8080-exec-1] DEBUG o.s.w.s.m.m.a.HttpEntityMethodProcessor - Using 'application/json', given [application/json, text/plain, */*] and supported [application/json, application/*+json, application/yaml]
2026-03-16 16:55:42 [http-nio-8080-exec-1] TRACE o.s.w.s.m.m.a.HttpEntityMethodProcessor - Writing [ApiResponse[success=true, status=200, code=COMMON_001, message=Success, data=[NotificationDto(ntfcNo=NT001, ntfcSj=테스트 알림입니다, ntfcCn=알림 내용입니다, ntfcDate=null, ntfcTime=2026-02-25T00:59:33.784070, bhNtfcIntrvl=null, uniqId=null, frstRegisterId=null, frstRegisterPnttm=2026-02-25T00:59:33.784070, lastUpdusrId=null, lastUpdusrPnttm=null)], timestamp=2026-03-16T16:55:42.550866900]]
2026-03-16 16:55:42 [http-nio-8080-exec-1] INFO  c.c.p.a.i.OperationalAuditInterceptor - API Audit Log: URL=/api/v1/notifications, User=webmaster, IP=127.0.0.1
2026-03-16 16:55:42 [http-nio-8080-exec-1] DEBUG o.s.web.servlet.DispatcherServlet - Completed 200 OK
2026-03-16 16:55:42 [http-nio-8080-exec-2] DEBUG c.c.p.s.jwt.JwtAuthenticationFilter - >>> [JwtFilter] Processing request: GET /api/v1/admin/system/statistics/bbs
2026-03-16 16:55:42 [http-nio-8080-exec-2] DEBUG c.c.p.s.jwt.JwtAuthenticationFilter - >>> [JwtFilter] Found token in header for path: /api/v1/admin/system/statistics/bbs
2026-03-16 16:55:42 [http-nio-8080-exec-2] DEBUG o.s.orm.jpa.JpaTransactionManager - Creating new transaction with name [com.company.project.security.iam.CustomUserDetailsService.loadUserByUsername]: PROPAGATION_REQUIRED,ISOLATION_DEFAULT,readOnly
2026-03-16 16:55:42 [http-nio-8080-exec-2] DEBUG o.s.orm.jpa.JpaTransactionManager - Opened new EntityManager [SessionImpl(24239749<open>)] for JPA transaction
2026-03-16 16:55:42 [http-nio-8080-exec-6] DEBUG o.s.orm.jpa.JpaTransactionManager - Closing JPA EntityManager [SessionImpl(56041554<open>)] after transaction
2026-03-16 16:55:42 [http-nio-8080-exec-3] DEBUG o.s.orm.jpa.JpaTransactionManager - Closing JPA EntityManager [SessionImpl(1881856627<open>)] after transaction
2026-03-16 16:55:42 [http-nio-8080-exec-6] DEBUG o.s.w.s.m.m.a.HttpEntityMethodProcessor - Using 'application/json', given [application/json, text/plain, */*] and supported [application/json, application/*+json, application/yaml]
2026-03-16 16:55:42 [http-nio-8080-exec-3] DEBUG o.s.w.s.m.m.a.HttpEntityMethodProcessor - Using 'application/json', given [application/json, text/plain, */*] and supported [application/json, application/*+json, application/yaml]
2026-03-16 16:55:42 [http-nio-8080-exec-6] TRACE o.s.w.s.m.m.a.HttpEntityMethodProcessor - Writing [ApiResponse[success=true, status=200, code=COMMON_001, message=Success, data=[], timestamp=2026-03-16T16:55:42.570779200]]
2026-03-16 16:55:42 [http-nio-8080-exec-3] TRACE o.s.w.s.m.m.a.HttpEntityMethodProcessor - Writing [ApiResponse[success=true, status=200, code=COMMON_001, message=Success, data=[], timestamp=2026-03-16T16:55:42.570779200]]
2026-03-16 16:55:42 [http-nio-8080-exec-6] INFO  c.c.p.a.i.OperationalAuditInterceptor - API Audit Log: URL=/api/v1/popups/active, User=webmaster, IP=127.0.0.1
2026-03-16 16:55:42 [http-nio-8080-exec-3] INFO  c.c.p.a.i.OperationalAuditInterceptor - API Audit Log: URL=/api/v1/admin/system/banners/reflected, User=webmaster, IP=127.0.0.1
2026-03-16 16:55:42 [http-nio-8080-exec-6] DEBUG o.s.web.servlet.DispatcherServlet - Completed 200 OK
2026-03-16 16:55:42 [http-nio-8080-exec-3] DEBUG o.s.web.servlet.DispatcherServlet - Completed 200 OK
2026-03-16 16:55:42 [http-nio-8080-exec-4] DEBUG o.s.orm.jpa.JpaTransactionManager - Initiating transaction commit
2026-03-16 16:55:42 [http-nio-8080-exec-4] DEBUG o.s.orm.jpa.JpaTransactionManager - Committing JPA transaction on EntityManager [SessionImpl(88409562<open>)]
2026-03-16 16:55:42 [http-nio-8080-exec-7] DEBUG o.s.orm.jpa.JpaTransactionManager - Found thread-bound EntityManager [SessionImpl(2071883138<open>)] for JPA transaction
2026-03-16 16:55:42 [http-nio-8080-exec-7] DEBUG o.s.orm.jpa.JpaTransactionManager - Participating in existing transaction
2026-03-16 16:55:42 [http-nio-8080-exec-7] DEBUG org.hibernate.SQL - select p1_0.progrm_file_nm,p1_0.progrm_dc,p1_0.progrm_korean_nm,p1_0.progrm_stre_path,p1_0.url from nprogrmlist p1_0
2026-03-16 16:55:42 [http-nio-8080-exec-2] DEBUG o.s.orm.jpa.JpaTransactionManager - Exposing JPA transaction as JDBC [org.springframework.orm.jpa.vendor.HibernateJpaDialect$HibernateConnectionHandle@297b954a]
2026-03-16 16:55:42 [http-nio-8080-exec-2] DEBUG o.s.orm.jpa.JpaTransactionManager - Found thread-bound EntityManager [SessionImpl(24239749<open>)] for JPA transaction
2026-03-16 16:55:42 [http-nio-8080-exec-2] DEBUG o.s.orm.jpa.JpaTransactionManager - Participating in existing transaction
2026-03-16 16:55:42 [http-nio-8080-exec-2] DEBUG org.hibernate.SQL - select u1_0.emplyr_id,u1_0.area_no,u1_0.brthdy,u1_0.chg_pwd_cnt,u1_0.frst_register_id,u1_0.frst_regist_pnttm,u1_0.detail_adres,u1_0.email_adres,u1_0.emplyr_sttus_code,u1_0.empl_no,u1_0.esntl_id,u1_0.fxnum,u1_0.group_id,u1_0.house_adres,u1_0.house_end_telno,u1_0.house_middle_telno,u1_0.ihidnum,u1_0.pstinst_code,u1_0.last_updusr_id,u1_0.last_updt_pnttm,u1_0.lock_at,u1_0.lock_cnt,u1_0.lock_last_pnttm,u1_0.mbtlnum,u1_0.ofcps_nm,u1_0.offm_telno,u1_0.orgnzt_id,u1_0.password,u1_0.password_cnsr,u1_0.password_hint,u1_0.chg_pwd_last_pnttm,u1_0.role,u1_0.sbscrb_de,u1_0.sexdstn_code,u1_0.crtfc_dn_value,u1_0.user_nm,u1_0.zip from nemplyrinfo u1_0 where u1_0.emplyr_id=?
2026-03-16 16:55:42 [http-nio-8080-exec-4] DEBUG o.s.orm.jpa.JpaTransactionManager - Closing JPA EntityManager [SessionImpl(88409562<open>)] after transaction
2026-03-16 16:55:42 [http-nio-8080-exec-4] DEBUG c.c.p.s.jwt.JwtAuthenticationFilter - >>> [JwtFilter] Successfully authenticated user: USRCNFRM_99999999999, Authorities: [ROLE_ADMIN]
2026-03-16 16:55:42 [http-nio-8080-exec-4] DEBUG o.s.web.servlet.DispatcherServlet - GET "/api/v1/admin/system/statistics/connect?statsKind=SERVICE", parameters={masked}
2026-03-16 16:55:42 [http-nio-8080-exec-4] DEBUG o.s.w.s.h.SimpleUrlHandlerMapping - Mapped to ResourceHttpRequestHandler [classpath [META-INF/resources/], classpath [resources/], classpath [static/], classpath [public/], ServletContext [/]]
2026-03-16 16:55:42 [http-nio-8080-exec-4] DEBUG o.s.w.s.r.ResourceHttpRequestHandler - Resource not found
2026-03-16 16:55:42 [http-nio-8080-exec-4] DEBUG o.s.w.s.m.m.a.ExceptionHandlerExceptionResolver - Using @ExceptionHandler com.company.project.core.exception.GlobalExceptionHandler#handleException(Exception)
2026-03-16 16:55:42 [http-nio-8080-exec-4] ERROR c.c.p.c.e.GlobalExceptionHandler - >>> Internal Server Error: No static resource api/v1/admin/system/statistics/connect.
org.springframework.web.servlet.resource.NoResourceFoundException: No static resource api/v1/admin/system/statistics/connect.
	at org.springframework.web.servlet.resource.ResourceHttpRequestHandler.handleRequest(ResourceHttpRequestHandler.java:585)
	at org.springframework.web.servlet.mvc.HttpRequestHandlerAdapter.handle(HttpRequestHandlerAdapter.java:52)
	at org.springframework.web.servlet.DispatcherServlet.doDispatch(DispatcherServlet.java:1088)
	at org.springframework.web.servlet.DispatcherServlet.doService(DispatcherServlet.java:978)
	at org.springframework.web.servlet.FrameworkServlet.processRequest(FrameworkServlet.java:1014)
	at org.springframework.web.servlet.FrameworkServlet.doGet(FrameworkServlet.java:903)
	at jakarta.servlet.http.HttpServlet.service(HttpServlet.java:527)
	at org.springframework.web.servlet.FrameworkServlet.service(FrameworkServlet.java:885)
	at jakarta.servlet.http.HttpServlet.service(HttpServlet.java:614)
	at org.apache.catalina.core.ApplicationFilterChain.internalDoFilter(ApplicationFilterChain.java:195)
	at org.apache.catalina.core.ApplicationFilterChain.doFilter(ApplicationFilterChain.java:140)
	at org.apache.tomcat.websocket.server.WsFilter.doFilter(WsFilter.java:51)
	at org.apache.catalina.core.ApplicationFilterChain.internalDoFilter(ApplicationFilterChain.java:164)
	at org.apache.catalina.core.ApplicationFilterChain.doFilter(ApplicationFilterChain.java:140)
	at org.springframework.web.filter.CompositeFilter$VirtualFilterChain.doFilter(CompositeFilter.java:108)
	at org.springframework.security.web.FilterChainProxy.lambda$doFilterInternal$3(FilterChainProxy.java:231)
	at org.springframework.security.web.ObservationFilterChainDecorator$FilterObservation$SimpleFilterObservation.lambda$wrap$1(ObservationFilterChainDecorator.java:479)
	at org.springframework.security.web.ObservationFilterChainDecorator$AroundFilterObservation$SimpleAroundFilterObservation.lambda$wrap$1(ObservationFilterChainDecorator.java:340)
	at org.springframework.security.web.ObservationFilterChainDecorator.lambda$wrapSecured$0(ObservationFilterChainDecorator.java:82)
	at org.springframework.security.web.ObservationFilterChainDecorator$VirtualFilterChain.doFilter(ObservationFilterChainDecorator.java:128)
	at org.springframework.security.web.access.intercept.AuthorizationFilter.doFilter(AuthorizationFilter.java:101)
	at org.springframework.security.web.ObservationFilterChainDecorator$ObservationFilter.wrapFilter(ObservationFilterChainDecorator.java:240)
	at org.springframework.security.web.ObservationFilterChainDecorator$ObservationFilter.doFilter(ObservationFilterChainDecorator.java:227)
	at org.springframework.security.web.ObservationFilterChainDecorator$VirtualFilterChain.doFilter(ObservationFilterChainDecorator.java:137)
	at org.springframework.security.web.access.ExceptionTranslationFilter.doFilter(ExceptionTranslationFilter.java:126)
	at org.springframework.security.web.access.ExceptionTranslationFilter.doFilter(ExceptionTranslationFilter.java:120)
	at org.springframework.security.web.ObservationFilterChainDecorator$ObservationFilter.wrapFilter(ObservationFilterChainDecorator.java:240)
	at org.springframework.security.web.ObservationFilterChainDecorator$ObservationFilter.doFilter(ObservationFilterChainDecorator.java:227)
	at org.springframework.security.web.ObservationFilterChainDecorator$VirtualFilterChain.doFilter(ObservationFilterChainDecorator.java:137)
	at org.springframework.security.web.session.SessionManagementFilter.doFilter(SessionManagementFilter.java:131)
	at org.springframework.security.web.session.SessionManagementFilter.doFilter(SessionManagementFilter.java:85)
	at org.springframework.security.web.ObservationFilterChainDecorator$ObservationFilter.wrapFilter(ObservationFilterChainDecorator.java:240)
	at org.springframework.security.web.ObservationFilterChainDecorator$ObservationFilter.doFilter(ObservationFilterChainDecorator.java:227)
	at org.springframework.security.web.ObservationFilterChainDecorator$VirtualFilterChain.doFilter(ObservationFilterChainDecorator.java:137)
	at org.springframework.security.web.authentication.AnonymousAuthenticationFilter.doFilter(AnonymousAuthenticationFilter.java:100)
	at org.springframework.security.web.ObservationFilterChainDecorator$ObservationFilter.wrapFilter(ObservationFilterChainDecorator.java:240)
	at org.springframework.security.web.ObservationFilterChainDecorator$ObservationFilter.doFilter(ObservationFilterChainDecorator.java:227)
	at org.springframework.security.web.ObservationFilterChainDecorator$VirtualFilterChain.doFilter(ObservationFilterChainDecorator.java:137)
	at org.springframework.security.web.servletapi.SecurityContextHolderAwareRequestFilter.doFilter(SecurityContextHolderAwareRequestFilter.java:179)
	at org.springframework.security.web.ObservationFilterChainDecorator$ObservationFilter.wrapFilter(ObservationFilterChainDecorator.java:240)
	at org.springframework.security.web.ObservationFilterChainDecorator$ObservationFilter.doFilter(ObservationFilterChainDecorator.java:227)
	at org.springframework.security.web.ObservationFilterChainDecorator$VirtualFilterChain.doFilter(ObservationFilterChainDecorator.java:137)
	at org.springframework.security.web.savedrequest.RequestCacheAwareFilter.doFilter(RequestCacheAwareFilter.java:63)
	at org.springframework.security.web.ObservationFilterChainDecorator$ObservationFilter.wrapFilter(ObservationFilterChainDecorator.java:240)
	at org.springframework.security.web.ObservationFilterChainDecorator$ObservationFilter.doFilter(ObservationFilterChainDecorator.java:227)
	at org.springframework.security.web.ObservationFilterChainDecorator$VirtualFilterChain.doFilter(ObservationFilterChainDecorator.java:137)
	at com.company.project.security.jwt.JwtAuthenticationFilter.doFilterInternal(JwtAuthenticationFilter.java:52)
	at org.springframework.web.filter.OncePerRequestFilter.doFilter(OncePerRequestFilter.java:116)
	at org.springframework.security.web.ObservationFilterChainDecorator$ObservationFilter.wrapFilter(ObservationFilterChainDecorator.java:240)
	at org.springframework.security.web.ObservationFilterChainDecorator$ObservationFilter.doFilter(ObservationFilterChainDecorator.java:227)
	at org.springframework.security.web.ObservationFilterChainDecorator$VirtualFilterChain.doFilter(ObservationFilterChainDecorator.java:137)
	at org.springframework.security.web.authentication.logout.LogoutFilter.doFilter(LogoutFilter.java:107)
	at org.springframework.security.web.authentication.logout.LogoutFilter.doFilter(LogoutFilter.java:93)
	at org.springframework.security.web.ObservationFilterChainDecorator$ObservationFilter.wrapFilter(ObservationFilterChainDecorator.java:240)
	at org.springframework.security.web.ObservationFilterChainDecorator$ObservationFilter.doFilter(ObservationFilterChainDecorator.java:227)
	at org.springframework.security.web.ObservationFilterChainDecorator$VirtualFilterChain.doFilter(ObservationFilterChainDecorator.java:137)
	at org.springframework.web.filter.CorsFilter.doFilterInternal(CorsFilter.java:91)
	at org.springframework.web.filter.OncePerRequestFilter.doFilter(OncePerRequestFilter.java:116)
	at org.springframework.security.web.ObservationFilterChainDecorator$ObservationFilter.wrapFilter(ObservationFilterChainDecorator.java:240)
	at org.springframework.security.web.ObservationFilterChainDecorator$ObservationFilter.doFilter(ObservationFilterChainDecorator.java:227)
	at org.springframework.security.web.ObservationFilterChainDecorator$VirtualFilterChain.doFilter(ObservationFilterChainDecorator.java:137)
	at org.springframework.security.web.header.HeaderWriterFilter.doHeadersAfter(HeaderWriterFilter.java:90)
	at org.springframework.security.web.header.HeaderWriterFilter.doFilterInternal(HeaderWriterFilter.java:75)
	at org.springframework.web.filter.OncePerRequestFilter.doFilter(OncePerRequestFilter.java:116)
	at org.springframework.security.web.ObservationFilterChainDecorator$ObservationFilter.wrapFilter(ObservationFilterChainDecorator.java:240)
	at org.springframework.security.web.ObservationFilterChainDecorator$ObservationFilter.doFilter(ObservationFilterChainDecorator.java:227)
	at org.springframework.security.web.ObservationFilterChainDecorator$VirtualFilterChain.doFilter(ObservationFilterChainDecorator.java:137)
	at org.springframework.security.web.context.SecurityContextHolderFilter.doFilter(SecurityContextHolderFilter.java:82)
	at org.springframework.security.web.context.SecurityContextHolderFilter.doFilter(SecurityContextHolderFilter.java:69)
	at org.springframework.security.web.ObservationFilterChainDecorator$ObservationFilter.wrapFilter(ObservationFilterChainDecorator.java:240)
	at org.springframework.security.web.ObservationFilterChainDecorator$ObservationFilter.doFilter(ObservationFilterChainDecorator.java:227)
	at org.springframework.security.web.ObservationFilterChainDecorator$VirtualFilterChain.doFilter(ObservationFilterChainDecorator.java:137)
	at org.springframework.security.web.context.request.async.WebAsyncManagerIntegrationFilter.doFilterInternal(WebAsyncManagerIntegrationFilter.java:62)
	at org.springframework.web.filter.OncePerRequestFilter.doFilter(OncePerRequestFilter.java:116)
	at org.springframework.security.web.ObservationFilterChainDecorator$ObservationFilter.wrapFilter(ObservationFilterChainDecorator.java:240)
	at org.springframework.security.web.ObservationFilterChainDecorator$ObservationFilter.doFilter(ObservationFilterChainDecorator.java:227)
	at org.springframework.security.web.ObservationFilterChainDecorator$VirtualFilterChain.doFilter(ObservationFilterChainDecorator.java:137)
	at org.springframework.security.web.session.DisableEncodeUrlFilter.doFilterInternal(DisableEncodeUrlFilter.java:42)
	at org.springframework.web.filter.OncePerRequestFilter.doFilter(OncePerRequestFilter.java:116)
	at org.springframework.security.web.ObservationFilterChainDecorator$ObservationFilter.wrapFilter(ObservationFilterChainDecorator.java:240)
	at org.springframework.security.web.ObservationFilterChainDecorator$AroundFilterObservation$SimpleAroundFilterObservation.lambda$wrap$0(ObservationFilterChainDecorator.java:323)
	at org.springframework.security.web.ObservationFilterChainDecorator$ObservationFilter.doFilter(ObservationFilterChainDecorator.java:224)
	at org.springframework.security.web.ObservationFilterChainDecorator$VirtualFilterChain.doFilter(ObservationFilterChainDecorator.java:137)
	at org.springframework.security.web.FilterChainProxy.doFilterInternal(FilterChainProxy.java:233)
	at org.springframework.security.web.FilterChainProxy.doFilter(FilterChainProxy.java:191)
	at org.springframework.web.filter.CompositeFilter$VirtualFilterChain.doFilter(CompositeFilter.java:113)
	at org.springframework.web.servlet.handler.HandlerMappingIntrospector.lambda$createCacheFilter$3(HandlerMappingIntrospector.java:243)
	at org.springframework.web.filter.CompositeFilter$VirtualFilterChain.doFilter(CompositeFilter.java:113)
	at org.springframework.web.filter.CompositeFilter.doFilter(CompositeFilter.java:74)
	at org.springframework.security.config.annotation.web.configuration.WebMvcSecurityConfiguration$CompositeFilterChainProxy.doFilter(WebMvcSecurityConfiguration.java:238)
	at org.springframework.web.filter.DelegatingFilterProxy.invokeDelegate(DelegatingFilterProxy.java:362)
	at org.springframework.web.filter.DelegatingFilterProxy.doFilter(DelegatingFilterProxy.java:278)
	at org.apache.catalina.core.ApplicationFilterChain.internalDoFilter(ApplicationFilterChain.java:164)
	at org.apache.catalina.core.ApplicationFilterChain.doFilter(ApplicationFilterChain.java:140)
	at org.springframework.web.filter.RequestContextFilter.doFilterInternal(RequestContextFilter.java:100)
	at org.springframework.web.filter.OncePerRequestFilter.doFilter(OncePerRequestFilter.java:116)
	at org.apache.catalina.core.ApplicationFilterChain.internalDoFilter(ApplicationFilterChain.java:164)
	at org.apache.catalina.core.ApplicationFilterChain.doFilter(ApplicationFilterChain.java:140)
	at org.springframework.web.filter.FormContentFilter.doFilterInternal(FormContentFilter.java:93)
	at org.springframework.web.filter.OncePerRequestFilter.doFilter(OncePerRequestFilter.java:116)
	at org.apache.catalina.core.ApplicationFilterChain.internalDoFilter(ApplicationFilterChain.java:164)
	at org.apache.catalina.core.ApplicationFilterChain.doFilter(ApplicationFilterChain.java:140)
	at org.springframework.web.filter.ServerHttpObservationFilter.doFilterInternal(ServerHttpObservationFilter.java:114)
	at org.springframework.web.filter.OncePerRequestFilter.doFilter(OncePerRequestFilter.java:116)
	at org.apache.catalina.core.ApplicationFilterChain.internalDoFilter(ApplicationFilterChain.java:164)
	at org.apache.catalina.core.ApplicationFilterChain.doFilter(ApplicationFilterChain.java:140)
	at org.springframework.web.filter.CharacterEncodingFilter.doFilterInternal(CharacterEncodingFilter.java:201)
	at org.springframework.web.filter.OncePerRequestFilter.doFilter(OncePerRequestFilter.java:116)
	at org.apache.catalina.core.ApplicationFilterChain.internalDoFilter(ApplicationFilterChain.java:164)
	at org.apache.catalina.core.ApplicationFilterChain.doFilter(ApplicationFilterChain.java:140)
	at org.apache.catalina.core.StandardWrapperValve.invoke(StandardWrapperValve.java:167)
	at org.apache.catalina.core.StandardContextValve.invoke(StandardContextValve.java:90)
	at org.apache.catalina.authenticator.AuthenticatorBase.invoke(AuthenticatorBase.java:483)
	at org.apache.catalina.core.StandardHostValve.invoke(StandardHostValve.java:115)
	at org.apache.catalina.valves.ErrorReportValve.invoke(ErrorReportValve.java:93)
	at org.apache.catalina.core.StandardEngineValve.invoke(StandardEngineValve.java:74)
	at org.apache.catalina.connector.CoyoteAdapter.service(CoyoteAdapter.java:344)
	at org.apache.coyote.http11.Http11Processor.service(Http11Processor.java:397)
	at org.apache.coyote.AbstractProcessorLight.process(AbstractProcessorLight.java:63)
	at org.apache.coyote.AbstractProtocol$ConnectionHandler.process(AbstractProtocol.java:905)
	at org.apache.tomcat.util.net.NioEndpoint$SocketProcessor.doRun(NioEndpoint.java:1741)
	at org.apache.tomcat.util.net.SocketProcessorBase.run(SocketProcessorBase.java:52)
	at org.apache.tomcat.util.threads.ThreadPoolExecutor.runWorker(ThreadPoolExecutor.java:1190)
	at org.apache.tomcat.util.threads.ThreadPoolExecutor$Worker.run(ThreadPoolExecutor.java:659)
	at org.apache.tomcat.util.threads.TaskThread$WrappingRunnable.run(TaskThread.java:63)
	at java.base/java.lang.Thread.run(Thread.java:1583)
2026-03-16 16:55:42 [http-nio-8080-exec-4] DEBUG o.s.w.s.m.m.a.HttpEntityMethodProcessor - Using 'application/json', given [application/json, text/plain, */*] and supported [application/json, application/*+json, application/yaml]
2026-03-16 16:55:42 [http-nio-8080-exec-4] TRACE o.s.w.s.m.m.a.HttpEntityMethodProcessor - Writing [ApiResponse[success=false, status=500, code=C004, message=예기치 않은 서버 오류가 발생했습니다., data=null, timestamp=2026-03-16T16:55:42.733438900]]
2026-03-16 16:55:42 [http-nio-8080-exec-4] DEBUG o.s.w.s.m.m.a.ExceptionHandlerExceptionResolver - Resolved [org.springframework.web.servlet.resource.NoResourceFoundException: No static resource api/v1/admin/system/statistics/connect.]
2026-03-16 16:55:42 [http-nio-8080-exec-4] DEBUG o.s.web.servlet.DispatcherServlet - Completed 500 INTERNAL_SERVER_ERROR
2026-03-16 16:55:43 [http-nio-8080-exec-10] DEBUG o.s.orm.jpa.JpaTransactionManager - Found thread-bound EntityManager [SessionImpl(1387248203<open>)] for JPA transaction
2026-03-16 16:55:43 [http-nio-8080-exec-10] DEBUG o.s.orm.jpa.JpaTransactionManager - Participating in existing transaction
2026-03-16 16:55:43 [http-nio-8080-exec-10] DEBUG org.hibernate.SQL - select ua1_0.scrty_dtrmn_trget_id,ua1_0.author_code,ua1_0.frst_register_id,ua1_0.frst_regist_pnttm,ua1_0.last_updusr_id,ua1_0.last_updt_pnttm,ua1_0.mber_ty_code from nemplyrscrtyestbs ua1_0 where ua1_0.scrty_dtrmn_trget_id=?
2026-03-16 16:55:43 [http-nio-8080-exec-2] DEBUG o.s.orm.jpa.JpaTransactionManager - Found thread-bound EntityManager [SessionImpl(24239749<open>)] for JPA transaction
2026-03-16 16:55:43 [http-nio-8080-exec-2] DEBUG o.s.orm.jpa.JpaTransactionManager - Participating in existing transaction
2026-03-16 16:55:43 [http-nio-8080-exec-2] DEBUG org.hibernate.SQL - select ua1_0.scrty_dtrmn_trget_id,ua1_0.author_code,ua1_0.frst_register_id,ua1_0.frst_regist_pnttm,ua1_0.last_updusr_id,ua1_0.last_updt_pnttm,ua1_0.mber_ty_code from nemplyrscrtyestbs ua1_0 where ua1_0.scrty_dtrmn_trget_id=?
2026-03-16 16:55:43 [http-nio-8080-exec-10] DEBUG o.s.orm.jpa.JpaTransactionManager - Initiating transaction commit
2026-03-16 16:55:43 [http-nio-8080-exec-10] DEBUG o.s.orm.jpa.JpaTransactionManager - Committing JPA transaction on EntityManager [SessionImpl(1387248203<open>)]
2026-03-16 16:55:44 [http-nio-8080-exec-7] DEBUG o.s.orm.jpa.JpaTransactionManager - Initiating transaction commit
2026-03-16 16:55:44 [http-nio-8080-exec-7] DEBUG o.s.orm.jpa.JpaTransactionManager - Committing JPA transaction on EntityManager [SessionImpl(2071883138<open>)]
2026-03-16 16:55:44 [http-nio-8080-exec-2] DEBUG o.s.orm.jpa.JpaTransactionManager - Initiating transaction commit
2026-03-16 16:55:44 [http-nio-8080-exec-2] DEBUG o.s.orm.jpa.JpaTransactionManager - Committing JPA transaction on EntityManager [SessionImpl(24239749<open>)]
2026-03-16 16:55:44 [http-nio-8080-exec-10] DEBUG o.s.orm.jpa.JpaTransactionManager - Closing JPA EntityManager [SessionImpl(1387248203<open>)] after transaction
2026-03-16 16:55:44 [http-nio-8080-exec-10] DEBUG c.c.p.s.jwt.JwtAuthenticationFilter - >>> [JwtFilter] Successfully authenticated user: USRCNFRM_99999999999, Authorities: [ROLE_ADMIN]
2026-03-16 16:55:44 [http-nio-8080-exec-10] DEBUG o.s.web.servlet.DispatcherServlet - GET "/api/v1/notifications/unread-count", parameters={}
2026-03-16 16:55:44 [http-nio-8080-exec-10] TRACE o.s.w.s.m.m.a.RequestMappingHandlerMapping - Mapped to com.company.project.api.controller.notification.NotificationController#getUnreadCount(UserDetails)
2026-03-16 16:55:44 [http-nio-8080-exec-10] DEBUG o.s.orm.jpa.JpaTransactionManager - Creating new transaction with name [com.company.project.service.notification.NotificationService.getUnreadCount]: PROPAGATION_REQUIRED,ISOLATION_DEFAULT,readOnly
2026-03-16 16:55:44 [http-nio-8080-exec-10] DEBUG o.s.orm.jpa.JpaTransactionManager - Opened new EntityManager [SessionImpl(188741056<open>)] for JPA transaction
2026-03-16 16:55:44 [http-nio-8080-exec-10] DEBUG o.s.orm.jpa.JpaTransactionManager - Exposing JPA transaction as JDBC [org.springframework.orm.jpa.vendor.HibernateJpaDialect$HibernateConnectionHandle@4821560f]
2026-03-16 16:55:44 [http-nio-8080-exec-10] DEBUG org.hibernate.SQL - select count(n1_0.ntcn_no) from n_user_notification n1_0 where n1_0.receiver_id=? and n1_0.is_read=?
2026-03-16 16:55:44 [http-nio-8080-exec-7] DEBUG o.s.orm.jpa.JpaTransactionManager - Closing JPA EntityManager [SessionImpl(2071883138<open>)] after transaction
2026-03-16 16:55:44 [http-nio-8080-exec-7] INFO  c.c.p.a.c.menu.MenuController - getLeftMenu returned 3 items
2026-03-16 16:55:44 [http-nio-8080-exec-7] DEBUG o.s.w.s.m.m.a.HttpEntityMethodProcessor - Using 'application/json', given [application/json, text/plain, */*] and supported [application/json, application/*+json, application/yaml]
2026-03-16 16:55:44 [http-nio-8080-exec-7] TRACE o.s.w.s.m.m.a.HttpEntityMethodProcessor - Writing [ApiResponse[success=true, status=200, code=COMMON_001, message=Success, data={list=[com.company.project.service.menu.dto.MenuDto@70df06d3, com.company.project.service.menu.dto.MenuDto@a6eb2c9, com.company.project.service.menu.dto.MenuDto@4c960c8]}, timestamp=2026-03-16T16:55:44.175120200]]
2026-03-16 16:55:44 [http-nio-8080-exec-7] INFO  c.c.p.a.i.OperationalAuditInterceptor - API Audit Log: URL=/api/v1/menu/left, User=webmaster, IP=127.0.0.1
2026-03-16 16:55:44 [http-nio-8080-exec-7] DEBUG o.s.web.servlet.DispatcherServlet - Completed 200 OK
2026-03-16 16:55:44 [http-nio-8080-exec-9] DEBUG c.c.p.s.jwt.JwtAuthenticationFilter - >>> [JwtFilter] Processing request: GET /api/v1/menu/left
2026-03-16 16:55:44 [http-nio-8080-exec-9] DEBUG c.c.p.s.jwt.JwtAuthenticationFilter - >>> [JwtFilter] Found token in header for path: /api/v1/menu/left
2026-03-16 16:55:44 [http-nio-8080-exec-9] DEBUG o.s.orm.jpa.JpaTransactionManager - Creating new transaction with name [com.company.project.security.iam.CustomUserDetailsService.loadUserByUsername]: PROPAGATION_REQUIRED,ISOLATION_DEFAULT,readOnly
2026-03-16 16:55:44 [http-nio-8080-exec-9] DEBUG o.s.orm.jpa.JpaTransactionManager - Opened new EntityManager [SessionImpl(1986417951<open>)] for JPA transaction
2026-03-16 16:55:44 [http-nio-8080-exec-2] DEBUG o.s.orm.jpa.JpaTransactionManager - Closing JPA EntityManager [SessionImpl(24239749<open>)] after transaction
2026-03-16 16:55:44 [http-nio-8080-exec-2] DEBUG c.c.p.s.jwt.JwtAuthenticationFilter - >>> [JwtFilter] Successfully authenticated user: USRCNFRM_99999999999, Authorities: [ROLE_ADMIN]
2026-03-16 16:55:44 [http-nio-8080-exec-2] DEBUG o.s.web.servlet.DispatcherServlet - GET "/api/v1/admin/system/statistics/bbs?statsKind=COM101", parameters={masked}
2026-03-16 16:55:44 [http-nio-8080-exec-2] DEBUG o.s.w.s.h.SimpleUrlHandlerMapping - Mapped to ResourceHttpRequestHandler [classpath [META-INF/resources/], classpath [resources/], classpath [static/], classpath [public/], ServletContext [/]]
2026-03-16 16:55:44 [http-nio-8080-exec-2] DEBUG o.s.w.s.r.ResourceHttpRequestHandler - Resource not found
2026-03-16 16:55:44 [http-nio-8080-exec-2] DEBUG o.s.w.s.m.m.a.ExceptionHandlerExceptionResolver - Using @ExceptionHandler com.company.project.core.exception.GlobalExceptionHandler#handleException(Exception)
2026-03-16 16:55:44 [http-nio-8080-exec-2] ERROR c.c.p.c.e.GlobalExceptionHandler - >>> Internal Server Error: No static resource api/v1/admin/system/statistics/bbs.
org.springframework.web.servlet.resource.NoResourceFoundException: No static resource api/v1/admin/system/statistics/bbs.
	at org.springframework.web.servlet.resource.ResourceHttpRequestHandler.handleRequest(ResourceHttpRequestHandler.java:585)
	at org.springframework.web.servlet.mvc.HttpRequestHandlerAdapter.handle(HttpRequestHandlerAdapter.java:52)
	at org.springframework.web.servlet.DispatcherServlet.doDispatch(DispatcherServlet.java:1088)
	at org.springframework.web.servlet.DispatcherServlet.doService(DispatcherServlet.java:978)
	at org.springframework.web.servlet.FrameworkServlet.processRequest(FrameworkServlet.java:1014)
	at org.springframework.web.servlet.FrameworkServlet.doGet(FrameworkServlet.java:903)
	at jakarta.servlet.http.HttpServlet.service(HttpServlet.java:527)
	at org.springframework.web.servlet.FrameworkServlet.service(FrameworkServlet.java:885)
	at jakarta.servlet.http.HttpServlet.service(HttpServlet.java:614)
	at org.apache.catalina.core.ApplicationFilterChain.internalDoFilter(ApplicationFilterChain.java:195)
	at org.apache.catalina.core.ApplicationFilterChain.doFilter(ApplicationFilterChain.java:140)
	at org.apache.tomcat.websocket.server.WsFilter.doFilter(WsFilter.java:51)
	at org.apache.catalina.core.ApplicationFilterChain.internalDoFilter(ApplicationFilterChain.java:164)
	at org.apache.catalina.core.ApplicationFilterChain.doFilter(ApplicationFilterChain.java:140)
	at org.springframework.web.filter.CompositeFilter$VirtualFilterChain.doFilter(CompositeFilter.java:108)
	at org.springframework.security.web.FilterChainProxy.lambda$doFilterInternal$3(FilterChainProxy.java:231)
	at org.springframework.security.web.ObservationFilterChainDecorator$FilterObservation$SimpleFilterObservation.lambda$wrap$1(ObservationFilterChainDecorator.java:479)
	at org.springframework.security.web.ObservationFilterChainDecorator$AroundFilterObservation$SimpleAroundFilterObservation.lambda$wrap$1(ObservationFilterChainDecorator.java:340)
	at org.springframework.security.web.ObservationFilterChainDecorator.lambda$wrapSecured$0(ObservationFilterChainDecorator.java:82)
	at org.springframework.security.web.ObservationFilterChainDecorator$VirtualFilterChain.doFilter(ObservationFilterChainDecorator.java:128)
	at org.springframework.security.web.access.intercept.AuthorizationFilter.doFilter(AuthorizationFilter.java:101)
	at org.springframework.security.web.ObservationFilterChainDecorator$ObservationFilter.wrapFilter(ObservationFilterChainDecorator.java:240)
	at org.springframework.security.web.ObservationFilterChainDecorator$ObservationFilter.doFilter(ObservationFilterChainDecorator.java:227)
	at org.springframework.security.web.ObservationFilterChainDecorator$VirtualFilterChain.doFilter(ObservationFilterChainDecorator.java:137)
	at org.springframework.security.web.access.ExceptionTranslationFilter.doFilter(ExceptionTranslationFilter.java:126)
	at org.springframework.security.web.access.ExceptionTranslationFilter.doFilter(ExceptionTranslationFilter.java:120)
	at org.springframework.security.web.ObservationFilterChainDecorator$ObservationFilter.wrapFilter(ObservationFilterChainDecorator.java:240)
	at org.springframework.security.web.ObservationFilterChainDecorator$ObservationFilter.doFilter(ObservationFilterChainDecorator.java:227)
	at org.springframework.security.web.ObservationFilterChainDecorator$VirtualFilterChain.doFilter(ObservationFilterChainDecorator.java:137)
	at org.springframework.security.web.session.SessionManagementFilter.doFilter(SessionManagementFilter.java:131)
	at org.springframework.security.web.session.SessionManagementFilter.doFilter(SessionManagementFilter.java:85)
	at org.springframework.security.web.ObservationFilterChainDecorator$ObservationFilter.wrapFilter(ObservationFilterChainDecorator.java:240)
	at org.springframework.security.web.ObservationFilterChainDecorator$ObservationFilter.doFilter(ObservationFilterChainDecorator.java:227)
	at org.springframework.security.web.ObservationFilterChainDecorator$VirtualFilterChain.doFilter(ObservationFilterChainDecorator.java:137)
	at org.springframework.security.web.authentication.AnonymousAuthenticationFilter.doFilter(AnonymousAuthenticationFilter.java:100)
	at org.springframework.security.web.ObservationFilterChainDecorator$ObservationFilter.wrapFilter(ObservationFilterChainDecorator.java:240)
	at org.springframework.security.web.ObservationFilterChainDecorator$ObservationFilter.doFilter(ObservationFilterChainDecorator.java:227)
	at org.springframework.security.web.ObservationFilterChainDecorator$VirtualFilterChain.doFilter(ObservationFilterChainDecorator.java:137)
	at org.springframework.security.web.servletapi.SecurityContextHolderAwareRequestFilter.doFilter(SecurityContextHolderAwareRequestFilter.java:179)
	at org.springframework.security.web.ObservationFilterChainDecorator$ObservationFilter.wrapFilter(ObservationFilterChainDecorator.java:240)
	at org.springframework.security.web.ObservationFilterChainDecorator$ObservationFilter.doFilter(ObservationFilterChainDecorator.java:227)
	at org.springframework.security.web.ObservationFilterChainDecorator$VirtualFilterChain.doFilter(ObservationFilterChainDecorator.java:137)
	at org.springframework.security.web.savedrequest.RequestCacheAwareFilter.doFilter(RequestCacheAwareFilter.java:63)
	at org.springframework.security.web.ObservationFilterChainDecorator$ObservationFilter.wrapFilter(ObservationFilterChainDecorator.java:240)
	at org.springframework.security.web.ObservationFilterChainDecorator$ObservationFilter.doFilter(ObservationFilterChainDecorator.java:227)
	at org.springframework.security.web.ObservationFilterChainDecorator$VirtualFilterChain.doFilter(ObservationFilterChainDecorator.java:137)
	at com.company.project.security.jwt.JwtAuthenticationFilter.doFilterInternal(JwtAuthenticationFilter.java:52)
	at org.springframework.web.filter.OncePerRequestFilter.doFilter(OncePerRequestFilter.java:116)
	at org.springframework.security.web.ObservationFilterChainDecorator$ObservationFilter.wrapFilter(ObservationFilterChainDecorator.java:240)
	at org.springframework.security.web.ObservationFilterChainDecorator$ObservationFilter.doFilter(ObservationFilterChainDecorator.java:227)
	at org.springframework.security.web.ObservationFilterChainDecorator$VirtualFilterChain.doFilter(ObservationFilterChainDecorator.java:137)
	at org.springframework.security.web.authentication.logout.LogoutFilter.doFilter(LogoutFilter.java:107)
	at org.springframework.security.web.authentication.logout.LogoutFilter.doFilter(LogoutFilter.java:93)
	at org.springframework.security.web.ObservationFilterChainDecorator$ObservationFilter.wrapFilter(ObservationFilterChainDecorator.java:240)
	at org.springframework.security.web.ObservationFilterChainDecorator$ObservationFilter.doFilter(ObservationFilterChainDecorator.java:227)
	at org.springframework.security.web.ObservationFilterChainDecorator$VirtualFilterChain.doFilter(ObservationFilterChainDecorator.java:137)
	at org.springframework.web.filter.CorsFilter.doFilterInternal(CorsFilter.java:91)
	at org.springframework.web.filter.OncePerRequestFilter.doFilter(OncePerRequestFilter.java:116)
	at org.springframework.security.web.ObservationFilterChainDecorator$ObservationFilter.wrapFilter(ObservationFilterChainDecorator.java:240)
	at org.springframework.security.web.ObservationFilterChainDecorator$ObservationFilter.doFilter(ObservationFilterChainDecorator.java:227)
	at org.springframework.security.web.ObservationFilterChainDecorator$VirtualFilterChain.doFilter(ObservationFilterChainDecorator.java:137)
	at org.springframework.security.web.header.HeaderWriterFilter.doHeadersAfter(HeaderWriterFilter.java:90)
	at org.springframework.security.web.header.HeaderWriterFilter.doFilterInternal(HeaderWriterFilter.java:75)
	at org.springframework.web.filter.OncePerRequestFilter.doFilter(OncePerRequestFilter.java:116)
	at org.springframework.security.web.ObservationFilterChainDecorator$ObservationFilter.wrapFilter(ObservationFilterChainDecorator.java:240)
	at org.springframework.security.web.ObservationFilterChainDecorator$ObservationFilter.doFilter(ObservationFilterChainDecorator.java:227)
	at org.springframework.security.web.ObservationFilterChainDecorator$VirtualFilterChain.doFilter(ObservationFilterChainDecorator.java:137)
	at org.springframework.security.web.context.SecurityContextHolderFilter.doFilter(SecurityContextHolderFilter.java:82)
	at org.springframework.security.web.context.SecurityContextHolderFilter.doFilter(SecurityContextHolderFilter.java:69)
	at org.springframework.security.web.ObservationFilterChainDecorator$ObservationFilter.wrapFilter(ObservationFilterChainDecorator.java:240)
	at org.springframework.security.web.ObservationFilterChainDecorator$ObservationFilter.doFilter(ObservationFilterChainDecorator.java:227)
	at org.springframework.security.web.ObservationFilterChainDecorator$VirtualFilterChain.doFilter(ObservationFilterChainDecorator.java:137)
	at org.springframework.security.web.context.request.async.WebAsyncManagerIntegrationFilter.doFilterInternal(WebAsyncManagerIntegrationFilter.java:62)
	at org.springframework.web.filter.OncePerRequestFilter.doFilter(OncePerRequestFilter.java:116)
	at org.springframework.security.web.ObservationFilterChainDecorator$ObservationFilter.wrapFilter(ObservationFilterChainDecorator.java:240)
	at org.springframework.security.web.ObservationFilterChainDecorator$ObservationFilter.doFilter(ObservationFilterChainDecorator.java:227)
	at org.springframework.security.web.ObservationFilterChainDecorator$VirtualFilterChain.doFilter(ObservationFilterChainDecorator.java:137)
	at org.springframework.security.web.session.DisableEncodeUrlFilter.doFilterInternal(DisableEncodeUrlFilter.java:42)
	at org.springframework.web.filter.OncePerRequestFilter.doFilter(OncePerRequestFilter.java:116)
	at org.springframework.security.web.ObservationFilterChainDecorator$ObservationFilter.wrapFilter(ObservationFilterChainDecorator.java:240)
	at org.springframework.security.web.ObservationFilterChainDecorator$AroundFilterObservation$SimpleAroundFilterObservation.lambda$wrap$0(ObservationFilterChainDecorator.java:323)
	at org.springframework.security.web.ObservationFilterChainDecorator$ObservationFilter.doFilter(ObservationFilterChainDecorator.java:224)
	at org.springframework.security.web.ObservationFilterChainDecorator$VirtualFilterChain.doFilter(ObservationFilterChainDecorator.java:137)
	at org.springframework.security.web.FilterChainProxy.doFilterInternal(FilterChainProxy.java:233)
	at org.springframework.security.web.FilterChainProxy.doFilter(FilterChainProxy.java:191)
	at org.springframework.web.filter.CompositeFilter$VirtualFilterChain.doFilter(CompositeFilter.java:113)
	at org.springframework.web.servlet.handler.HandlerMappingIntrospector.lambda$createCacheFilter$3(HandlerMappingIntrospector.java:243)
	at org.springframework.web.filter.CompositeFilter$VirtualFilterChain.doFilter(CompositeFilter.java:113)
	at org.springframework.web.filter.CompositeFilter.doFilter(CompositeFilter.java:74)
	at org.springframework.security.config.annotation.web.configuration.WebMvcSecurityConfiguration$CompositeFilterChainProxy.doFilter(WebMvcSecurityConfiguration.java:238)
	at org.springframework.web.filter.DelegatingFilterProxy.invokeDelegate(DelegatingFilterProxy.java:362)
	at org.springframework.web.filter.DelegatingFilterProxy.doFilter(DelegatingFilterProxy.java:278)
	at org.apache.catalina.core.ApplicationFilterChain.internalDoFilter(ApplicationFilterChain.java:164)
	at org.apache.catalina.core.ApplicationFilterChain.doFilter(ApplicationFilterChain.java:140)
	at org.springframework.web.filter.RequestContextFilter.doFilterInternal(RequestContextFilter.java:100)
	at org.springframework.web.filter.OncePerRequestFilter.doFilter(OncePerRequestFilter.java:116)
	at org.apache.catalina.core.ApplicationFilterChain.internalDoFilter(ApplicationFilterChain.java:164)
	at org.apache.catalina.core.ApplicationFilterChain.doFilter(ApplicationFilterChain.java:140)
	at org.springframework.web.filter.FormContentFilter.doFilterInternal(FormContentFilter.java:93)
	at org.springframework.web.filter.OncePerRequestFilter.doFilter(OncePerRequestFilter.java:116)
	at org.apache.catalina.core.ApplicationFilterChain.internalDoFilter(ApplicationFilterChain.java:164)
	at org.apache.catalina.core.ApplicationFilterChain.doFilter(ApplicationFilterChain.java:140)
	at org.springframework.web.filter.ServerHttpObservationFilter.doFilterInternal(ServerHttpObservationFilter.java:114)
	at org.springframework.web.filter.OncePerRequestFilter.doFilter(OncePerRequestFilter.java:116)
	at org.apache.catalina.core.ApplicationFilterChain.internalDoFilter(ApplicationFilterChain.java:164)
	at org.apache.catalina.core.ApplicationFilterChain.doFilter(ApplicationFilterChain.java:140)
	at org.springframework.web.filter.CharacterEncodingFilter.doFilterInternal(CharacterEncodingFilter.java:201)
	at org.springframework.web.filter.OncePerRequestFilter.doFilter(OncePerRequestFilter.java:116)
	at org.apache.catalina.core.ApplicationFilterChain.internalDoFilter(ApplicationFilterChain.java:164)
	at org.apache.catalina.core.ApplicationFilterChain.doFilter(ApplicationFilterChain.java:140)
	at org.apache.catalina.core.StandardWrapperValve.invoke(StandardWrapperValve.java:167)
	at org.apache.catalina.core.StandardContextValve.invoke(StandardContextValve.java:90)
	at org.apache.catalina.authenticator.AuthenticatorBase.invoke(AuthenticatorBase.java:483)
	at org.apache.catalina.core.StandardHostValve.invoke(StandardHostValve.java:115)
	at org.apache.catalina.valves.ErrorReportValve.invoke(ErrorReportValve.java:93)
	at org.apache.catalina.core.StandardEngineValve.invoke(StandardEngineValve.java:74)
	at org.apache.catalina.connector.CoyoteAdapter.service(CoyoteAdapter.java:344)
	at org.apache.coyote.http11.Http11Processor.service(Http11Processor.java:397)
	at org.apache.coyote.AbstractProcessorLight.process(AbstractProcessorLight.java:63)
	at org.apache.coyote.AbstractProtocol$ConnectionHandler.process(AbstractProtocol.java:905)
	at org.apache.tomcat.util.net.NioEndpoint$SocketProcessor.doRun(NioEndpoint.java:1741)
	at org.apache.tomcat.util.net.SocketProcessorBase.run(SocketProcessorBase.java:52)
	at org.apache.tomcat.util.threads.ThreadPoolExecutor.runWorker(ThreadPoolExecutor.java:1190)
	at org.apache.tomcat.util.threads.ThreadPoolExecutor$Worker.run(ThreadPoolExecutor.java:659)
	at org.apache.tomcat.util.threads.TaskThread$WrappingRunnable.run(TaskThread.java:63)
	at java.base/java.lang.Thread.run(Thread.java:1583)
2026-03-16 16:55:44 [http-nio-8080-exec-2] DEBUG o.s.w.s.m.m.a.HttpEntityMethodProcessor - Using 'application/json', given [application/json, text/plain, */*] and supported [application/json, application/*+json, application/yaml]
2026-03-16 16:55:44 [http-nio-8080-exec-2] TRACE o.s.w.s.m.m.a.HttpEntityMethodProcessor - Writing [ApiResponse[success=false, status=500, code=C004, message=예기치 않은 서버 오류가 발생했습니다., data=null, timestamp=2026-03-16T16:55:44.238799600]]
2026-03-16 16:55:44 [http-nio-8080-exec-2] DEBUG o.s.w.s.m.m.a.ExceptionHandlerExceptionResolver - Resolved [org.springframework.web.servlet.resource.NoResourceFoundException: No static resource api/v1/admin/system/statistics/bbs.]
2026-03-16 16:55:44 [http-nio-8080-exec-2] DEBUG o.s.web.servlet.DispatcherServlet - Completed 500 INTERNAL_SERVER_ERROR
2026-03-16 16:55:44 [http-nio-8080-exec-10] DEBUG o.s.orm.jpa.JpaTransactionManager - Initiating transaction commit
2026-03-16 16:55:44 [http-nio-8080-exec-10] DEBUG o.s.orm.jpa.JpaTransactionManager - Committing JPA transaction on EntityManager [SessionImpl(188741056<open>)]
2026-03-16 16:55:44 [http-nio-8080-exec-9] DEBUG o.s.orm.jpa.JpaTransactionManager - Exposing JPA transaction as JDBC [org.springframework.orm.jpa.vendor.HibernateJpaDialect$HibernateConnectionHandle@4cf4ac83]
2026-03-16 16:55:44 [http-nio-8080-exec-9] DEBUG o.s.orm.jpa.JpaTransactionManager - Found thread-bound EntityManager [SessionImpl(1986417951<open>)] for JPA transaction
2026-03-16 16:55:44 [http-nio-8080-exec-9] DEBUG o.s.orm.jpa.JpaTransactionManager - Participating in existing transaction
2026-03-16 16:55:44 [http-nio-8080-exec-9] DEBUG org.hibernate.SQL - select u1_0.emplyr_id,u1_0.area_no,u1_0.brthdy,u1_0.chg_pwd_cnt,u1_0.frst_register_id,u1_0.frst_regist_pnttm,u1_0.detail_adres,u1_0.email_adres,u1_0.emplyr_sttus_code,u1_0.empl_no,u1_0.esntl_id,u1_0.fxnum,u1_0.group_id,u1_0.house_adres,u1_0.house_end_telno,u1_0.house_middle_telno,u1_0.ihidnum,u1_0.pstinst_code,u1_0.last_updusr_id,u1_0.last_updt_pnttm,u1_0.lock_at,u1_0.lock_cnt,u1_0.lock_last_pnttm,u1_0.mbtlnum,u1_0.ofcps_nm,u1_0.offm_telno,u1_0.orgnzt_id,u1_0.password,u1_0.password_cnsr,u1_0.password_hint,u1_0.chg_pwd_last_pnttm,u1_0.role,u1_0.sbscrb_de,u1_0.sexdstn_code,u1_0.crtfc_dn_value,u1_0.user_nm,u1_0.zip from nemplyrinfo u1_0 where u1_0.emplyr_id=?
2026-03-16 16:55:44 [http-nio-8080-exec-10] DEBUG o.s.orm.jpa.JpaTransactionManager - Closing JPA EntityManager [SessionImpl(188741056<open>)] after transaction
2026-03-16 16:55:44 [http-nio-8080-exec-10] DEBUG o.s.w.s.m.m.a.HttpEntityMethodProcessor - Using 'application/json', given [application/json, text/plain, */*] and supported [application/json, application/*+json, application/yaml]
2026-03-16 16:55:44 [http-nio-8080-exec-10] TRACE o.s.w.s.m.m.a.HttpEntityMethodProcessor - Writing [ApiResponse[success=true, status=200, code=COMMON_001, message=Success, data=0, timestamp=2026-03-16T16:55:44.421808100]]
2026-03-16 16:55:44 [http-nio-8080-exec-10] INFO  c.c.p.a.i.OperationalAuditInterceptor - API Audit Log: URL=/api/v1/notifications/unread-count, User=webmaster, IP=127.0.0.1
2026-03-16 16:55:44 [http-nio-8080-exec-10] DEBUG o.s.web.servlet.DispatcherServlet - Completed 200 OK
2026-03-16 16:55:44 [http-nio-8080-exec-9] DEBUG o.s.orm.jpa.JpaTransactionManager - Found thread-bound EntityManager [SessionImpl(1986417951<open>)] for JPA transaction
2026-03-16 16:55:44 [http-nio-8080-exec-9] DEBUG o.s.orm.jpa.JpaTransactionManager - Participating in existing transaction
2026-03-16 16:55:44 [http-nio-8080-exec-9] DEBUG org.hibernate.SQL - select ua1_0.scrty_dtrmn_trget_id,ua1_0.author_code,ua1_0.frst_register_id,ua1_0.frst_regist_pnttm,ua1_0.last_updusr_id,ua1_0.last_updt_pnttm,ua1_0.mber_ty_code from nemplyrscrtyestbs ua1_0 where ua1_0.scrty_dtrmn_trget_id=?
2026-03-16 16:55:44 [http-nio-8080-exec-9] DEBUG o.s.orm.jpa.JpaTransactionManager - Initiating transaction commit
2026-03-16 16:55:44 [http-nio-8080-exec-9] DEBUG o.s.orm.jpa.JpaTransactionManager - Committing JPA transaction on EntityManager [SessionImpl(1986417951<open>)]
2026-03-16 16:55:44 [http-nio-8080-exec-9] DEBUG o.s.orm.jpa.JpaTransactionManager - Closing JPA EntityManager [SessionImpl(1986417951<open>)] after transaction
2026-03-16 16:55:44 [http-nio-8080-exec-9] DEBUG c.c.p.s.jwt.JwtAuthenticationFilter - >>> [JwtFilter] Successfully authenticated user: USRCNFRM_99999999999, Authorities: [ROLE_ADMIN]
2026-03-16 16:55:44 [http-nio-8080-exec-9] DEBUG o.s.web.servlet.DispatcherServlet - GET "/api/v1/menu/left?menuNo=40", parameters={masked}
2026-03-16 16:55:44 [http-nio-8080-exec-9] TRACE o.s.w.s.m.m.a.RequestMappingHandlerMapping - Mapped to com.company.project.api.controller.menu.MenuController#getLeftMenu(Long)
2026-03-16 16:55:44 [http-nio-8080-exec-9] INFO  c.c.p.a.c.menu.MenuController - getLeftMenu called with menuNo=40
2026-03-16 16:55:44 [http-nio-8080-exec-9] DEBUG o.s.orm.jpa.JpaTransactionManager - Creating new transaction with name [com.company.project.service.menu.MenuService.getSubMenus]: PROPAGATION_REQUIRED,ISOLATION_DEFAULT,readOnly
2026-03-16 16:55:44 [http-nio-8080-exec-9] DEBUG o.s.orm.jpa.JpaTransactionManager - Opened new EntityManager [SessionImpl(709935193<open>)] for JPA transaction
2026-03-16 16:55:44 [http-nio-8080-exec-9] DEBUG o.s.orm.jpa.JpaTransactionManager - Exposing JPA transaction as JDBC [org.springframework.orm.jpa.vendor.HibernateJpaDialect$HibernateConnectionHandle@5078555]
2026-03-16 16:55:44 [http-nio-8080-exec-9] DEBUG org.hibernate.SQL - select m1_0.menu_no,m1_0.menu_dc,m1_0.menu_nm,m1_0.menu_ordr,m1_0.modern_route,m1_0.progrm_file_nm,m1_0.relate_image_nm,m1_0.relate_image_path,m1_0.route_updated_at,m1_0.upper_menu_no from nmenuinfo m1_0 order by m1_0.upper_menu_no,m1_0.menu_ordr
2026-03-16 16:55:45 [http-nio-8080-exec-9] DEBUG o.s.orm.jpa.JpaTransactionManager - Found thread-bound EntityManager [SessionImpl(709935193<open>)] for JPA transaction
2026-03-16 16:55:45 [http-nio-8080-exec-9] DEBUG o.s.orm.jpa.JpaTransactionManager - Participating in existing transaction
2026-03-16 16:55:45 [http-nio-8080-exec-9] DEBUG org.hibernate.SQL - select p1_0.progrm_file_nm,p1_0.progrm_dc,p1_0.progrm_korean_nm,p1_0.progrm_stre_path,p1_0.url from nprogrmlist p1_0
2026-03-16 16:55:45 [http-nio-8080-exec-9] DEBUG o.s.orm.jpa.JpaTransactionManager - Initiating transaction commit
2026-03-16 16:55:45 [http-nio-8080-exec-9] DEBUG o.s.orm.jpa.JpaTransactionManager - Committing JPA transaction on EntityManager [SessionImpl(709935193<open>)]
2026-03-16 16:55:45 [http-nio-8080-exec-9] DEBUG o.s.orm.jpa.JpaTransactionManager - Closing JPA EntityManager [SessionImpl(709935193<open>)] after transaction
2026-03-16 16:55:45 [http-nio-8080-exec-9] INFO  c.c.p.a.c.menu.MenuController - getLeftMenu returned 2 items
2026-03-16 16:55:45 [http-nio-8080-exec-9] DEBUG o.s.w.s.m.m.a.HttpEntityMethodProcessor - Using 'application/json', given [application/json, text/plain, */*] and supported [application/json, application/*+json, application/yaml]
2026-03-16 16:55:45 [http-nio-8080-exec-9] TRACE o.s.w.s.m.m.a.HttpEntityMethodProcessor - Writing [ApiResponse[success=true, status=200, code=COMMON_001, message=Success, data={list=[com.company.project.service.menu.dto.MenuDto@7b5b73ff, com.company.project.service.menu.dto.MenuDto@145d2d9e]}, timestamp=2026-03-16T16:55:45.612880500]]
2026-03-16 16:55:45 [http-nio-8080-exec-9] INFO  c.c.p.a.i.OperationalAuditInterceptor - API Audit Log: URL=/api/v1/menu/left, User=webmaster, IP=127.0.0.1
2026-03-16 16:55:45 [http-nio-8080-exec-9] DEBUG o.s.web.servlet.DispatcherServlet - Completed 200 OK
2026-03-16 16:55:45 [http-nio-8080-exec-8] DEBUG c.c.p.s.jwt.JwtAuthenticationFilter - >>> [JwtFilter] Processing request: GET /api/v1/menu/left
2026-03-16 16:55:45 [http-nio-8080-exec-8] DEBUG c.c.p.s.jwt.JwtAuthenticationFilter - >>> [JwtFilter] Found token in header for path: /api/v1/menu/left
2026-03-16 16:55:45 [http-nio-8080-exec-8] DEBUG o.s.orm.jpa.JpaTransactionManager - Creating new transaction with name [com.company.project.security.iam.CustomUserDetailsService.loadUserByUsername]: PROPAGATION_REQUIRED,ISOLATION_DEFAULT,readOnly
2026-03-16 16:55:45 [http-nio-8080-exec-8] DEBUG o.s.orm.jpa.JpaTransactionManager - Opened new EntityManager [SessionImpl(166496771<open>)] for JPA transaction
2026-03-16 16:55:45 [http-nio-8080-exec-8] DEBUG o.s.orm.jpa.JpaTransactionManager - Exposing JPA transaction as JDBC [org.springframework.orm.jpa.vendor.HibernateJpaDialect$HibernateConnectionHandle@2a9385c3]
2026-03-16 16:55:45 [http-nio-8080-exec-8] DEBUG o.s.orm.jpa.JpaTransactionManager - Found thread-bound EntityManager [SessionImpl(166496771<open>)] for JPA transaction
2026-03-16 16:55:45 [http-nio-8080-exec-8] DEBUG o.s.orm.jpa.JpaTransactionManager - Participating in existing transaction
2026-03-16 16:55:45 [http-nio-8080-exec-8] DEBUG org.hibernate.SQL - select u1_0.emplyr_id,u1_0.area_no,u1_0.brthdy,u1_0.chg_pwd_cnt,u1_0.frst_register_id,u1_0.frst_regist_pnttm,u1_0.detail_adres,u1_0.email_adres,u1_0.emplyr_sttus_code,u1_0.empl_no,u1_0.esntl_id,u1_0.fxnum,u1_0.group_id,u1_0.house_adres,u1_0.house_end_telno,u1_0.house_middle_telno,u1_0.ihidnum,u1_0.pstinst_code,u1_0.last_updusr_id,u1_0.last_updt_pnttm,u1_0.lock_at,u1_0.lock_cnt,u1_0.lock_last_pnttm,u1_0.mbtlnum,u1_0.ofcps_nm,u1_0.offm_telno,u1_0.orgnzt_id,u1_0.password,u1_0.password_cnsr,u1_0.password_hint,u1_0.chg_pwd_last_pnttm,u1_0.role,u1_0.sbscrb_de,u1_0.sexdstn_code,u1_0.crtfc_dn_value,u1_0.user_nm,u1_0.zip from nemplyrinfo u1_0 where u1_0.emplyr_id=?
2026-03-16 16:55:45 [http-nio-8080-exec-8] DEBUG o.s.orm.jpa.JpaTransactionManager - Found thread-bound EntityManager [SessionImpl(166496771<open>)] for JPA transaction
2026-03-16 16:55:45 [http-nio-8080-exec-8] DEBUG o.s.orm.jpa.JpaTransactionManager - Participating in existing transaction
2026-03-16 16:55:45 [http-nio-8080-exec-8] DEBUG org.hibernate.SQL - select ua1_0.scrty_dtrmn_trget_id,ua1_0.author_code,ua1_0.frst_register_id,ua1_0.frst_regist_pnttm,ua1_0.last_updusr_id,ua1_0.last_updt_pnttm,ua1_0.mber_ty_code from nemplyrscrtyestbs ua1_0 where ua1_0.scrty_dtrmn_trget_id=?
2026-03-16 16:55:46 [http-nio-8080-exec-8] DEBUG o.s.orm.jpa.JpaTransactionManager - Initiating transaction commit
2026-03-16 16:55:46 [http-nio-8080-exec-8] DEBUG o.s.orm.jpa.JpaTransactionManager - Committing JPA transaction on EntityManager [SessionImpl(166496771<open>)]
2026-03-16 16:55:46 [http-nio-8080-exec-8] DEBUG o.s.orm.jpa.JpaTransactionManager - Closing JPA EntityManager [SessionImpl(166496771<open>)] after transaction
2026-03-16 16:55:46 [http-nio-8080-exec-8] DEBUG c.c.p.s.jwt.JwtAuthenticationFilter - >>> [JwtFilter] Successfully authenticated user: USRCNFRM_99999999999, Authorities: [ROLE_ADMIN]
2026-03-16 16:55:46 [http-nio-8080-exec-8] DEBUG o.s.web.servlet.DispatcherServlet - GET "/api/v1/menu/left?menuNo=50", parameters={masked}
2026-03-16 16:55:46 [http-nio-8080-exec-8] TRACE o.s.w.s.m.m.a.RequestMappingHandlerMapping - Mapped to com.company.project.api.controller.menu.MenuController#getLeftMenu(Long)
2026-03-16 16:55:46 [http-nio-8080-exec-8] INFO  c.c.p.a.c.menu.MenuController - getLeftMenu called with menuNo=50
2026-03-16 16:55:46 [http-nio-8080-exec-8] DEBUG o.s.orm.jpa.JpaTransactionManager - Creating new transaction with name [com.company.project.service.menu.MenuService.getSubMenus]: PROPAGATION_REQUIRED,ISOLATION_DEFAULT,readOnly
2026-03-16 16:55:46 [http-nio-8080-exec-8] DEBUG o.s.orm.jpa.JpaTransactionManager - Opened new EntityManager [SessionImpl(1807459264<open>)] for JPA transaction
2026-03-16 16:55:46 [http-nio-8080-exec-8] DEBUG o.s.orm.jpa.JpaTransactionManager - Exposing JPA transaction as JDBC [org.springframework.orm.jpa.vendor.HibernateJpaDialect$HibernateConnectionHandle@6eb1034e]
2026-03-16 16:55:46 [http-nio-8080-exec-8] DEBUG org.hibernate.SQL - select m1_0.menu_no,m1_0.menu_dc,m1_0.menu_nm,m1_0.menu_ordr,m1_0.modern_route,m1_0.progrm_file_nm,m1_0.relate_image_nm,m1_0.relate_image_path,m1_0.route_updated_at,m1_0.upper_menu_no from nmenuinfo m1_0 order by m1_0.upper_menu_no,m1_0.menu_ordr
2026-03-16 16:55:46 [http-nio-8080-exec-8] DEBUG o.s.orm.jpa.JpaTransactionManager - Found thread-bound EntityManager [SessionImpl(1807459264<open>)] for JPA transaction
2026-03-16 16:55:46 [http-nio-8080-exec-8] DEBUG o.s.orm.jpa.JpaTransactionManager - Participating in existing transaction
2026-03-16 16:55:46 [http-nio-8080-exec-8] DEBUG org.hibernate.SQL - select p1_0.progrm_file_nm,p1_0.progrm_dc,p1_0.progrm_korean_nm,p1_0.progrm_stre_path,p1_0.url from nprogrmlist p1_0
2026-03-16 16:55:46 [http-nio-8080-exec-8] DEBUG o.s.orm.jpa.JpaTransactionManager - Initiating transaction commit
2026-03-16 16:55:46 [http-nio-8080-exec-8] DEBUG o.s.orm.jpa.JpaTransactionManager - Committing JPA transaction on EntityManager [SessionImpl(1807459264<open>)]
2026-03-16 16:55:47 [http-nio-8080-exec-8] DEBUG o.s.orm.jpa.JpaTransactionManager - Closing JPA EntityManager [SessionImpl(1807459264<open>)] after transaction
2026-03-16 16:55:47 [http-nio-8080-exec-8] INFO  c.c.p.a.c.menu.MenuController - getLeftMenu returned 3 items
2026-03-16 16:55:47 [http-nio-8080-exec-8] DEBUG o.s.w.s.m.m.a.HttpEntityMethodProcessor - Using 'application/json', given [application/json, text/plain, */*] and supported [application/json, application/*+json, application/yaml]
2026-03-16 16:55:47 [http-nio-8080-exec-8] TRACE o.s.w.s.m.m.a.HttpEntityMethodProcessor - Writing [ApiResponse[success=true, status=200, code=COMMON_001, message=Success, data={list=[com.company.project.service.menu.dto.MenuDto@3be8978d, com.company.project.service.menu.dto.MenuDto@6ff2ecdc, com.company.project.service.menu.dto.MenuDto@45fdfbd8]}, timestamp=2026-03-16T16:55:47.040514]]
2026-03-16 16:55:47 [http-nio-8080-exec-8] INFO  c.c.p.a.i.OperationalAuditInterceptor - API Audit Log: URL=/api/v1/menu/left, User=webmaster, IP=127.0.0.1
2026-03-16 16:55:47 [http-nio-8080-exec-8] DEBUG o.s.web.servlet.DispatcherServlet - Completed 200 OK
2026-03-16 16:55:47 [http-nio-8080-exec-5] DEBUG c.c.p.s.jwt.JwtAuthenticationFilter - >>> [JwtFilter] Processing request: GET /api/v1/menu/left
2026-03-16 16:55:47 [http-nio-8080-exec-5] DEBUG c.c.p.s.jwt.JwtAuthenticationFilter - >>> [JwtFilter] Found token in header for path: /api/v1/menu/left
2026-03-16 16:55:47 [http-nio-8080-exec-5] DEBUG o.s.orm.jpa.JpaTransactionManager - Creating new transaction with name [com.company.project.security.iam.CustomUserDetailsService.loadUserByUsername]: PROPAGATION_REQUIRED,ISOLATION_DEFAULT,readOnly
2026-03-16 16:55:47 [http-nio-8080-exec-5] DEBUG o.s.orm.jpa.JpaTransactionManager - Opened new EntityManager [SessionImpl(134857950<open>)] for JPA transaction
2026-03-16 16:55:47 [http-nio-8080-exec-5] DEBUG o.s.orm.jpa.JpaTransactionManager - Exposing JPA transaction as JDBC [org.springframework.orm.jpa.vendor.HibernateJpaDialect$HibernateConnectionHandle@271f4aa3]
2026-03-16 16:55:47 [http-nio-8080-exec-5] DEBUG o.s.orm.jpa.JpaTransactionManager - Found thread-bound EntityManager [SessionImpl(134857950<open>)] for JPA transaction
2026-03-16 16:55:47 [http-nio-8080-exec-5] DEBUG o.s.orm.jpa.JpaTransactionManager - Participating in existing transaction
2026-03-16 16:55:47 [http-nio-8080-exec-5] DEBUG org.hibernate.SQL - select u1_0.emplyr_id,u1_0.area_no,u1_0.brthdy,u1_0.chg_pwd_cnt,u1_0.frst_register_id,u1_0.frst_regist_pnttm,u1_0.detail_adres,u1_0.email_adres,u1_0.emplyr_sttus_code,u1_0.empl_no,u1_0.esntl_id,u1_0.fxnum,u1_0.group_id,u1_0.house_adres,u1_0.house_end_telno,u1_0.house_middle_telno,u1_0.ihidnum,u1_0.pstinst_code,u1_0.last_updusr_id,u1_0.last_updt_pnttm,u1_0.lock_at,u1_0.lock_cnt,u1_0.lock_last_pnttm,u1_0.mbtlnum,u1_0.ofcps_nm,u1_0.offm_telno,u1_0.orgnzt_id,u1_0.password,u1_0.password_cnsr,u1_0.password_hint,u1_0.chg_pwd_last_pnttm,u1_0.role,u1_0.sbscrb_de,u1_0.sexdstn_code,u1_0.crtfc_dn_value,u1_0.user_nm,u1_0.zip from nemplyrinfo u1_0 where u1_0.emplyr_id=?
2026-03-16 16:55:47 [http-nio-8080-exec-5] DEBUG o.s.orm.jpa.JpaTransactionManager - Found thread-bound EntityManager [SessionImpl(134857950<open>)] for JPA transaction
2026-03-16 16:55:47 [http-nio-8080-exec-5] DEBUG o.s.orm.jpa.JpaTransactionManager - Participating in existing transaction
2026-03-16 16:55:47 [http-nio-8080-exec-5] DEBUG org.hibernate.SQL - select ua1_0.scrty_dtrmn_trget_id,ua1_0.author_code,ua1_0.frst_register_id,ua1_0.frst_regist_pnttm,ua1_0.last_updusr_id,ua1_0.last_updt_pnttm,ua1_0.mber_ty_code from nemplyrscrtyestbs ua1_0 where ua1_0.scrty_dtrmn_trget_id=?
2026-03-16 16:55:47 [http-nio-8080-exec-5] DEBUG o.s.orm.jpa.JpaTransactionManager - Initiating transaction commit
2026-03-16 16:55:47 [http-nio-8080-exec-5] DEBUG o.s.orm.jpa.JpaTransactionManager - Committing JPA transaction on EntityManager [SessionImpl(134857950<open>)]
2026-03-16 16:55:47 [http-nio-8080-exec-5] DEBUG o.s.orm.jpa.JpaTransactionManager - Closing JPA EntityManager [SessionImpl(134857950<open>)] after transaction
2026-03-16 16:55:47 [http-nio-8080-exec-5] DEBUG c.c.p.s.jwt.JwtAuthenticationFilter - >>> [JwtFilter] Successfully authenticated user: USRCNFRM_99999999999, Authorities: [ROLE_ADMIN]
2026-03-16 16:55:47 [http-nio-8080-exec-5] DEBUG o.s.web.servlet.DispatcherServlet - GET "/api/v1/menu/left?menuNo=60", parameters={masked}
2026-03-16 16:55:47 [http-nio-8080-exec-5] TRACE o.s.w.s.m.m.a.RequestMappingHandlerMapping - Mapped to com.company.project.api.controller.menu.MenuController#getLeftMenu(Long)
2026-03-16 16:55:47 [http-nio-8080-exec-5] INFO  c.c.p.a.c.menu.MenuController - getLeftMenu called with menuNo=60
2026-03-16 16:55:47 [http-nio-8080-exec-5] DEBUG o.s.orm.jpa.JpaTransactionManager - Creating new transaction with name [com.company.project.service.menu.MenuService.getSubMenus]: PROPAGATION_REQUIRED,ISOLATION_DEFAULT,readOnly
2026-03-16 16:55:47 [http-nio-8080-exec-5] DEBUG o.s.orm.jpa.JpaTransactionManager - Opened new EntityManager [SessionImpl(1221636820<open>)] for JPA transaction
2026-03-16 16:55:47 [http-nio-8080-exec-5] DEBUG o.s.orm.jpa.JpaTransactionManager - Exposing JPA transaction as JDBC [org.springframework.orm.jpa.vendor.HibernateJpaDialect$HibernateConnectionHandle@6fddd3b2]
2026-03-16 16:55:47 [http-nio-8080-exec-5] DEBUG org.hibernate.SQL - select m1_0.menu_no,m1_0.menu_dc,m1_0.menu_nm,m1_0.menu_ordr,m1_0.modern_route,m1_0.progrm_file_nm,m1_0.relate_image_nm,m1_0.relate_image_path,m1_0.route_updated_at,m1_0.upper_menu_no from nmenuinfo m1_0 order by m1_0.upper_menu_no,m1_0.menu_ordr
2026-03-16 16:55:48 [http-nio-8080-exec-5] DEBUG o.s.orm.jpa.JpaTransactionManager - Found thread-bound EntityManager [SessionImpl(1221636820<open>)] for JPA transaction
2026-03-16 16:55:48 [http-nio-8080-exec-5] DEBUG o.s.orm.jpa.JpaTransactionManager - Participating in existing transaction
2026-03-16 16:55:48 [http-nio-8080-exec-5] DEBUG org.hibernate.SQL - select p1_0.progrm_file_nm,p1_0.progrm_dc,p1_0.progrm_korean_nm,p1_0.progrm_stre_path,p1_0.url from nprogrmlist p1_0
2026-03-16 16:55:48 [http-nio-8080-exec-5] DEBUG o.s.orm.jpa.JpaTransactionManager - Initiating transaction commit
2026-03-16 16:55:48 [http-nio-8080-exec-5] DEBUG o.s.orm.jpa.JpaTransactionManager - Committing JPA transaction on EntityManager [SessionImpl(1221636820<open>)]
2026-03-16 16:55:48 [http-nio-8080-exec-5] DEBUG o.s.orm.jpa.JpaTransactionManager - Closing JPA EntityManager [SessionImpl(1221636820<open>)] after transaction
2026-03-16 16:55:48 [http-nio-8080-exec-5] INFO  c.c.p.a.c.menu.MenuController - getLeftMenu returned 1 items
2026-03-16 16:55:48 [http-nio-8080-exec-5] DEBUG o.s.w.s.m.m.a.HttpEntityMethodProcessor - Using 'application/json', given [application/json, text/plain, */*] and supported [application/json, application/*+json, application/yaml]
2026-03-16 16:55:48 [http-nio-8080-exec-5] TRACE o.s.w.s.m.m.a.HttpEntityMethodProcessor - Writing [ApiResponse[success=true, status=200, code=COMMON_001, message=Success, data={list=[com.company.project.service.menu.dto.MenuDto@65ffb2b6]}, timestamp=2026-03-16T16:55:48.948690800]]
2026-03-16 16:55:48 [http-nio-8080-exec-5] INFO  c.c.p.a.i.OperationalAuditInterceptor - API Audit Log: URL=/api/v1/menu/left, User=webmaster, IP=127.0.0.1
2026-03-16 16:55:48 [http-nio-8080-exec-5] DEBUG o.s.web.servlet.DispatcherServlet - Completed 200 OK
2026-03-16 16:55:50 [http-nio-8080-exec-1] DEBUG c.c.p.s.jwt.JwtAuthenticationFilter - >>> [JwtFilter] Processing request: GET /api/v1/menu/head
2026-03-16 16:55:50 [http-nio-8080-exec-1] DEBUG c.c.p.s.jwt.JwtAuthenticationFilter - >>> [JwtFilter] Found token in header for path: /api/v1/menu/head
2026-03-16 16:55:50 [http-nio-8080-exec-1] DEBUG o.s.orm.jpa.JpaTransactionManager - Creating new transaction with name [com.company.project.security.iam.CustomUserDetailsService.loadUserByUsername]: PROPAGATION_REQUIRED,ISOLATION_DEFAULT,readOnly
2026-03-16 16:55:50 [http-nio-8080-exec-1] DEBUG o.s.orm.jpa.JpaTransactionManager - Opened new EntityManager [SessionImpl(410619736<open>)] for JPA transaction
2026-03-16 16:55:51 [http-nio-8080-exec-1] DEBUG o.s.orm.jpa.JpaTransactionManager - Exposing JPA transaction as JDBC [org.springframework.orm.jpa.vendor.HibernateJpaDialect$HibernateConnectionHandle@152fa82c]
2026-03-16 16:55:51 [http-nio-8080-exec-1] DEBUG o.s.orm.jpa.JpaTransactionManager - Found thread-bound EntityManager [SessionImpl(410619736<open>)] for JPA transaction
2026-03-16 16:55:51 [http-nio-8080-exec-1] DEBUG o.s.orm.jpa.JpaTransactionManager - Participating in existing transaction
2026-03-16 16:55:51 [http-nio-8080-exec-1] DEBUG org.hibernate.SQL - select u1_0.emplyr_id,u1_0.area_no,u1_0.brthdy,u1_0.chg_pwd_cnt,u1_0.frst_register_id,u1_0.frst_regist_pnttm,u1_0.detail_adres,u1_0.email_adres,u1_0.emplyr_sttus_code,u1_0.empl_no,u1_0.esntl_id,u1_0.fxnum,u1_0.group_id,u1_0.house_adres,u1_0.house_end_telno,u1_0.house_middle_telno,u1_0.ihidnum,u1_0.pstinst_code,u1_0.last_updusr_id,u1_0.last_updt_pnttm,u1_0.lock_at,u1_0.lock_cnt,u1_0.lock_last_pnttm,u1_0.mbtlnum,u1_0.ofcps_nm,u1_0.offm_telno,u1_0.orgnzt_id,u1_0.password,u1_0.password_cnsr,u1_0.password_hint,u1_0.chg_pwd_last_pnttm,u1_0.role,u1_0.sbscrb_de,u1_0.sexdstn_code,u1_0.crtfc_dn_value,u1_0.user_nm,u1_0.zip from nemplyrinfo u1_0 where u1_0.emplyr_id=?
2026-03-16 16:55:55 [http-nio-8080-exec-1] DEBUG o.s.orm.jpa.JpaTransactionManager - Found thread-bound EntityManager [SessionImpl(410619736<open>)] for JPA transaction
2026-03-16 16:55:55 [http-nio-8080-exec-1] DEBUG o.s.orm.jpa.JpaTransactionManager - Participating in existing transaction
2026-03-16 16:55:55 [http-nio-8080-exec-1] DEBUG org.hibernate.SQL - select ua1_0.scrty_dtrmn_trget_id,ua1_0.author_code,ua1_0.frst_register_id,ua1_0.frst_regist_pnttm,ua1_0.last_updusr_id,ua1_0.last_updt_pnttm,ua1_0.mber_ty_code from nemplyrscrtyestbs ua1_0 where ua1_0.scrty_dtrmn_trget_id=?
2026-03-16 16:55:55 [http-nio-8080-exec-1] DEBUG o.s.orm.jpa.JpaTransactionManager - Initiating transaction commit
2026-03-16 16:55:55 [http-nio-8080-exec-1] DEBUG o.s.orm.jpa.JpaTransactionManager - Committing JPA transaction on EntityManager [SessionImpl(410619736<open>)]
2026-03-16 16:55:56 [http-nio-8080-exec-1] DEBUG o.s.orm.jpa.JpaTransactionManager - Closing JPA EntityManager [SessionImpl(410619736<open>)] after transaction
2026-03-16 16:55:56 [http-nio-8080-exec-1] DEBUG c.c.p.s.jwt.JwtAuthenticationFilter - >>> [JwtFilter] Successfully authenticated user: USRCNFRM_99999999999, Authorities: [ROLE_ADMIN]
2026-03-16 16:55:56 [http-nio-8080-exec-1] DEBUG o.s.web.servlet.DispatcherServlet - GET "/api/v1/menu/head", parameters={}
2026-03-16 16:55:56 [http-nio-8080-exec-1] TRACE o.s.w.s.m.m.a.RequestMappingHandlerMapping - Mapped to com.company.project.api.controller.menu.MenuController#getHeadMenu()
2026-03-16 16:55:56 [http-nio-8080-exec-1] INFO  c.c.p.a.c.menu.MenuController - getHeadMenu called
2026-03-16 16:55:56 [http-nio-8080-exec-1] INFO  c.c.p.a.c.menu.MenuController - getHeadMenu returned 5 items
2026-03-16 16:55:56 [http-nio-8080-exec-1] DEBUG o.s.w.s.m.m.a.HttpEntityMethodProcessor - Using 'application/json', given [application/json, text/plain, */*] and supported [application/json, application/*+json, application/yaml]
2026-03-16 16:55:56 [http-nio-8080-exec-1] TRACE o.s.w.s.m.m.a.HttpEntityMethodProcessor - Writing [ApiResponse[success=true, status=200, code=COMMON_001, message=Success, data={list=[com.company.project.service.menu.dto.MenuDto@2b80d6b0, com.company.project.service.menu.dto.MenuDto@1418cfa3, com.company.project.service.menu.dto.MenuDto@f230bf1, com.company.project.service.menu.dto.MenuDto@734a7f6a, com.company.project.service.menu.dto.MenuDto@5e5202e5]}, timestamp=2026-03-16T16:55:56.272916600]]
2026-03-16 16:55:56 [http-nio-8080-exec-1] INFO  c.c.p.a.i.OperationalAuditInterceptor - API Audit Log: URL=/api/v1/menu/head, User=webmaster, IP=0:0:0:0:0:0:0:1
2026-03-16 16:55:56 [http-nio-8080-exec-1] DEBUG o.s.web.servlet.DispatcherServlet - Completed 200 OK
2026-03-16 16:55:56 [http-nio-8080-exec-6] DEBUG c.c.p.s.jwt.JwtAuthenticationFilter - >>> [JwtFilter] Processing request: GET /api/v1/menu/left
2026-03-16 16:55:56 [http-nio-8080-exec-6] DEBUG c.c.p.s.jwt.JwtAuthenticationFilter - >>> [JwtFilter] Found token in header for path: /api/v1/menu/left
2026-03-16 16:55:56 [http-nio-8080-exec-6] DEBUG o.s.orm.jpa.JpaTransactionManager - Creating new transaction with name [com.company.project.security.iam.CustomUserDetailsService.loadUserByUsername]: PROPAGATION_REQUIRED,ISOLATION_DEFAULT,readOnly
2026-03-16 16:55:56 [http-nio-8080-exec-6] DEBUG o.s.orm.jpa.JpaTransactionManager - Opened new EntityManager [SessionImpl(1563289058<open>)] for JPA transaction
2026-03-16 16:55:56 [http-nio-8080-exec-4] DEBUG c.c.p.s.jwt.JwtAuthenticationFilter - >>> [JwtFilter] Processing request: GET /api/v1/menu/left
2026-03-16 16:55:56 [http-nio-8080-exec-3] DEBUG c.c.p.s.jwt.JwtAuthenticationFilter - >>> [JwtFilter] Processing request: GET /api/v1/menu/left
2026-03-16 16:55:56 [http-nio-8080-exec-2] DEBUG c.c.p.s.jwt.JwtAuthenticationFilter - >>> [JwtFilter] Processing request: GET /api/v1/menu/left
2026-03-16 16:55:56 [http-nio-8080-exec-4] DEBUG c.c.p.s.jwt.JwtAuthenticationFilter - >>> [JwtFilter] Found token in header for path: /api/v1/menu/left
2026-03-16 16:55:56 [http-nio-8080-exec-2] DEBUG c.c.p.s.jwt.JwtAuthenticationFilter - >>> [JwtFilter] Found token in header for path: /api/v1/menu/left
2026-03-16 16:55:56 [http-nio-8080-exec-7] DEBUG c.c.p.s.jwt.JwtAuthenticationFilter - >>> [JwtFilter] Processing request: GET /api/v1/menu/left
2026-03-16 16:55:56 [http-nio-8080-exec-7] DEBUG c.c.p.s.jwt.JwtAuthenticationFilter - >>> [JwtFilter] Found token in header for path: /api/v1/menu/left
2026-03-16 16:55:56 [http-nio-8080-exec-3] DEBUG c.c.p.s.jwt.JwtAuthenticationFilter - >>> [JwtFilter] Found token in header for path: /api/v1/menu/left
2026-03-16 16:55:56 [http-nio-8080-exec-2] DEBUG o.s.orm.jpa.JpaTransactionManager - Creating new transaction with name [com.company.project.security.iam.CustomUserDetailsService.loadUserByUsername]: PROPAGATION_REQUIRED,ISOLATION_DEFAULT,readOnly
2026-03-16 16:55:56 [http-nio-8080-exec-7] DEBUG o.s.orm.jpa.JpaTransactionManager - Creating new transaction with name [com.company.project.security.iam.CustomUserDetailsService.loadUserByUsername]: PROPAGATION_REQUIRED,ISOLATION_DEFAULT,readOnly
2026-03-16 16:55:56 [http-nio-8080-exec-2] DEBUG o.s.orm.jpa.JpaTransactionManager - Opened new EntityManager [SessionImpl(1334818951<open>)] for JPA transaction
2026-03-16 16:55:56 [http-nio-8080-exec-4] DEBUG o.s.orm.jpa.JpaTransactionManager - Creating new transaction with name [com.company.project.security.iam.CustomUserDetailsService.loadUserByUsername]: PROPAGATION_REQUIRED,ISOLATION_DEFAULT,readOnly
2026-03-16 16:55:56 [http-nio-8080-exec-7] DEBUG o.s.orm.jpa.JpaTransactionManager - Opened new EntityManager [SessionImpl(1187463793<open>)] for JPA transaction
2026-03-16 16:55:56 [http-nio-8080-exec-4] DEBUG o.s.orm.jpa.JpaTransactionManager - Opened new EntityManager [SessionImpl(577585217<open>)] for JPA transaction
2026-03-16 16:55:56 [http-nio-8080-exec-3] DEBUG o.s.orm.jpa.JpaTransactionManager - Creating new transaction with name [com.company.project.security.iam.CustomUserDetailsService.loadUserByUsername]: PROPAGATION_REQUIRED,ISOLATION_DEFAULT,readOnly
2026-03-16 16:55:56 [http-nio-8080-exec-3] DEBUG o.s.orm.jpa.JpaTransactionManager - Opened new EntityManager [SessionImpl(1601254159<open>)] for JPA transaction
2026-03-16 16:55:56 [http-nio-8080-exec-2] DEBUG o.s.orm.jpa.JpaTransactionManager - Exposing JPA transaction as JDBC [org.springframework.orm.jpa.vendor.HibernateJpaDialect$HibernateConnectionHandle@5629281b]
2026-03-16 16:55:56 [http-nio-8080-exec-4] DEBUG o.s.orm.jpa.JpaTransactionManager - Exposing JPA transaction as JDBC [org.springframework.orm.jpa.vendor.HibernateJpaDialect$HibernateConnectionHandle@e01b21a]
2026-03-16 16:55:56 [http-nio-8080-exec-2] DEBUG o.s.orm.jpa.JpaTransactionManager - Found thread-bound EntityManager [SessionImpl(1334818951<open>)] for JPA transaction
2026-03-16 16:55:56 [http-nio-8080-exec-2] DEBUG o.s.orm.jpa.JpaTransactionManager - Participating in existing transaction
2026-03-16 16:55:56 [http-nio-8080-exec-4] DEBUG o.s.orm.jpa.JpaTransactionManager - Found thread-bound EntityManager [SessionImpl(577585217<open>)] for JPA transaction
2026-03-16 16:55:56 [http-nio-8080-exec-4] DEBUG o.s.orm.jpa.JpaTransactionManager - Participating in existing transaction
2026-03-16 16:55:56 [http-nio-8080-exec-2] DEBUG org.hibernate.SQL - select u1_0.emplyr_id,u1_0.area_no,u1_0.brthdy,u1_0.chg_pwd_cnt,u1_0.frst_register_id,u1_0.frst_regist_pnttm,u1_0.detail_adres,u1_0.email_adres,u1_0.emplyr_sttus_code,u1_0.empl_no,u1_0.esntl_id,u1_0.fxnum,u1_0.group_id,u1_0.house_adres,u1_0.house_end_telno,u1_0.house_middle_telno,u1_0.ihidnum,u1_0.pstinst_code,u1_0.last_updusr_id,u1_0.last_updt_pnttm,u1_0.lock_at,u1_0.lock_cnt,u1_0.lock_last_pnttm,u1_0.mbtlnum,u1_0.ofcps_nm,u1_0.offm_telno,u1_0.orgnzt_id,u1_0.password,u1_0.password_cnsr,u1_0.password_hint,u1_0.chg_pwd_last_pnttm,u1_0.role,u1_0.sbscrb_de,u1_0.sexdstn_code,u1_0.crtfc_dn_value,u1_0.user_nm,u1_0.zip from nemplyrinfo u1_0 where u1_0.emplyr_id=?
2026-03-16 16:55:56 [http-nio-8080-exec-4] DEBUG org.hibernate.SQL - select u1_0.emplyr_id,u1_0.area_no,u1_0.brthdy,u1_0.chg_pwd_cnt,u1_0.frst_register_id,u1_0.frst_regist_pnttm,u1_0.detail_adres,u1_0.email_adres,u1_0.emplyr_sttus_code,u1_0.empl_no,u1_0.esntl_id,u1_0.fxnum,u1_0.group_id,u1_0.house_adres,u1_0.house_end_telno,u1_0.house_middle_telno,u1_0.ihidnum,u1_0.pstinst_code,u1_0.last_updusr_id,u1_0.last_updt_pnttm,u1_0.lock_at,u1_0.lock_cnt,u1_0.lock_last_pnttm,u1_0.mbtlnum,u1_0.ofcps_nm,u1_0.offm_telno,u1_0.orgnzt_id,u1_0.password,u1_0.password_cnsr,u1_0.password_hint,u1_0.chg_pwd_last_pnttm,u1_0.role,u1_0.sbscrb_de,u1_0.sexdstn_code,u1_0.crtfc_dn_value,u1_0.user_nm,u1_0.zip from nemplyrinfo u1_0 where u1_0.emplyr_id=?
2026-03-16 16:55:56 [http-nio-8080-exec-7] DEBUG o.s.orm.jpa.JpaTransactionManager - Exposing JPA transaction as JDBC [org.springframework.orm.jpa.vendor.HibernateJpaDialect$HibernateConnectionHandle@4e263de4]
2026-03-16 16:55:56 [http-nio-8080-exec-6] DEBUG o.s.orm.jpa.JpaTransactionManager - Exposing JPA transaction as JDBC [org.springframework.orm.jpa.vendor.HibernateJpaDialect$HibernateConnectionHandle@5b87a9e5]
2026-03-16 16:55:56 [http-nio-8080-exec-7] DEBUG o.s.orm.jpa.JpaTransactionManager - Found thread-bound EntityManager [SessionImpl(1187463793<open>)] for JPA transaction
2026-03-16 16:55:56 [http-nio-8080-exec-6] DEBUG o.s.orm.jpa.JpaTransactionManager - Found thread-bound EntityManager [SessionImpl(1563289058<open>)] for JPA transaction
2026-03-16 16:55:56 [http-nio-8080-exec-7] DEBUG o.s.orm.jpa.JpaTransactionManager - Participating in existing transaction
2026-03-16 16:55:56 [http-nio-8080-exec-6] DEBUG o.s.orm.jpa.JpaTransactionManager - Participating in existing transaction
2026-03-16 16:55:56 [http-nio-8080-exec-3] DEBUG o.s.orm.jpa.JpaTransactionManager - Exposing JPA transaction as JDBC [org.springframework.orm.jpa.vendor.HibernateJpaDialect$HibernateConnectionHandle@3f25b3f1]
2026-03-16 16:55:56 [http-nio-8080-exec-3] DEBUG o.s.orm.jpa.JpaTransactionManager - Found thread-bound EntityManager [SessionImpl(1601254159<open>)] for JPA transaction
2026-03-16 16:55:56 [http-nio-8080-exec-6] DEBUG org.hibernate.SQL - select u1_0.emplyr_id,u1_0.area_no,u1_0.brthdy,u1_0.chg_pwd_cnt,u1_0.frst_register_id,u1_0.frst_regist_pnttm,u1_0.detail_adres,u1_0.email_adres,u1_0.emplyr_sttus_code,u1_0.empl_no,u1_0.esntl_id,u1_0.fxnum,u1_0.group_id,u1_0.house_adres,u1_0.house_end_telno,u1_0.house_middle_telno,u1_0.ihidnum,u1_0.pstinst_code,u1_0.last_updusr_id,u1_0.last_updt_pnttm,u1_0.lock_at,u1_0.lock_cnt,u1_0.lock_last_pnttm,u1_0.mbtlnum,u1_0.ofcps_nm,u1_0.offm_telno,u1_0.orgnzt_id,u1_0.password,u1_0.password_cnsr,u1_0.password_hint,u1_0.chg_pwd_last_pnttm,u1_0.role,u1_0.sbscrb_de,u1_0.sexdstn_code,u1_0.crtfc_dn_value,u1_0.user_nm,u1_0.zip from nemplyrinfo u1_0 where u1_0.emplyr_id=?
2026-03-16 16:55:56 [http-nio-8080-exec-3] DEBUG o.s.orm.jpa.JpaTransactionManager - Participating in existing transaction
2026-03-16 16:55:56 [http-nio-8080-exec-3] DEBUG org.hibernate.SQL - select u1_0.emplyr_id,u1_0.area_no,u1_0.brthdy,u1_0.chg_pwd_cnt,u1_0.frst_register_id,u1_0.frst_regist_pnttm,u1_0.detail_adres,u1_0.email_adres,u1_0.emplyr_sttus_code,u1_0.empl_no,u1_0.esntl_id,u1_0.fxnum,u1_0.group_id,u1_0.house_adres,u1_0.house_end_telno,u1_0.house_middle_telno,u1_0.ihidnum,u1_0.pstinst_code,u1_0.last_updusr_id,u1_0.last_updt_pnttm,u1_0.lock_at,u1_0.lock_cnt,u1_0.lock_last_pnttm,u1_0.mbtlnum,u1_0.ofcps_nm,u1_0.offm_telno,u1_0.orgnzt_id,u1_0.password,u1_0.password_cnsr,u1_0.password_hint,u1_0.chg_pwd_last_pnttm,u1_0.role,u1_0.sbscrb_de,u1_0.sexdstn_code,u1_0.crtfc_dn_value,u1_0.user_nm,u1_0.zip from nemplyrinfo u1_0 where u1_0.emplyr_id=?
2026-03-16 16:55:56 [http-nio-8080-exec-7] DEBUG org.hibernate.SQL - select u1_0.emplyr_id,u1_0.area_no,u1_0.brthdy,u1_0.chg_pwd_cnt,u1_0.frst_register_id,u1_0.frst_regist_pnttm,u1_0.detail_adres,u1_0.email_adres,u1_0.emplyr_sttus_code,u1_0.empl_no,u1_0.esntl_id,u1_0.fxnum,u1_0.group_id,u1_0.house_adres,u1_0.house_end_telno,u1_0.house_middle_telno,u1_0.ihidnum,u1_0.pstinst_code,u1_0.last_updusr_id,u1_0.last_updt_pnttm,u1_0.lock_at,u1_0.lock_cnt,u1_0.lock_last_pnttm,u1_0.mbtlnum,u1_0.ofcps_nm,u1_0.offm_telno,u1_0.orgnzt_id,u1_0.password,u1_0.password_cnsr,u1_0.password_hint,u1_0.chg_pwd_last_pnttm,u1_0.role,u1_0.sbscrb_de,u1_0.sexdstn_code,u1_0.crtfc_dn_value,u1_0.user_nm,u1_0.zip from nemplyrinfo u1_0 where u1_0.emplyr_id=?
2026-03-16 16:55:57 [http-nio-8080-exec-2] DEBUG o.s.orm.jpa.JpaTransactionManager - Found thread-bound EntityManager [SessionImpl(1334818951<open>)] for JPA transaction
2026-03-16 16:55:57 [http-nio-8080-exec-2] DEBUG o.s.orm.jpa.JpaTransactionManager - Participating in existing transaction
2026-03-16 16:55:57 [http-nio-8080-exec-2] DEBUG org.hibernate.SQL - select ua1_0.scrty_dtrmn_trget_id,ua1_0.author_code,ua1_0.frst_register_id,ua1_0.frst_regist_pnttm,ua1_0.last_updusr_id,ua1_0.last_updt_pnttm,ua1_0.mber_ty_code from nemplyrscrtyestbs ua1_0 where ua1_0.scrty_dtrmn_trget_id=?
2026-03-16 16:55:57 [http-nio-8080-exec-4] DEBUG o.s.orm.jpa.JpaTransactionManager - Found thread-bound EntityManager [SessionImpl(577585217<open>)] for JPA transaction
2026-03-16 16:55:57 [http-nio-8080-exec-4] DEBUG o.s.orm.jpa.JpaTransactionManager - Participating in existing transaction
2026-03-16 16:55:57 [http-nio-8080-exec-4] DEBUG org.hibernate.SQL - select ua1_0.scrty_dtrmn_trget_id,ua1_0.author_code,ua1_0.frst_register_id,ua1_0.frst_regist_pnttm,ua1_0.last_updusr_id,ua1_0.last_updt_pnttm,ua1_0.mber_ty_code from nemplyrscrtyestbs ua1_0 where ua1_0.scrty_dtrmn_trget_id=?
2026-03-16 16:55:57 [http-nio-8080-exec-3] DEBUG o.s.orm.jpa.JpaTransactionManager - Found thread-bound EntityManager [SessionImpl(1601254159<open>)] for JPA transaction
2026-03-16 16:55:57 [http-nio-8080-exec-3] DEBUG o.s.orm.jpa.JpaTransactionManager - Participating in existing transaction
2026-03-16 16:55:57 [http-nio-8080-exec-3] DEBUG org.hibernate.SQL - select ua1_0.scrty_dtrmn_trget_id,ua1_0.author_code,ua1_0.frst_register_id,ua1_0.frst_regist_pnttm,ua1_0.last_updusr_id,ua1_0.last_updt_pnttm,ua1_0.mber_ty_code from nemplyrscrtyestbs ua1_0 where ua1_0.scrty_dtrmn_trget_id=?
2026-03-16 16:55:57 [http-nio-8080-exec-6] DEBUG o.s.orm.jpa.JpaTransactionManager - Found thread-bound EntityManager [SessionImpl(1563289058<open>)] for JPA transaction
2026-03-16 16:55:57 [http-nio-8080-exec-6] DEBUG o.s.orm.jpa.JpaTransactionManager - Participating in existing transaction
2026-03-16 16:55:57 [http-nio-8080-exec-6] DEBUG org.hibernate.SQL - select ua1_0.scrty_dtrmn_trget_id,ua1_0.author_code,ua1_0.frst_register_id,ua1_0.frst_regist_pnttm,ua1_0.last_updusr_id,ua1_0.last_updt_pnttm,ua1_0.mber_ty_code from nemplyrscrtyestbs ua1_0 where ua1_0.scrty_dtrmn_trget_id=?
2026-03-16 16:55:57 [http-nio-8080-exec-7] DEBUG o.s.orm.jpa.JpaTransactionManager - Found thread-bound EntityManager [SessionImpl(1187463793<open>)] for JPA transaction
2026-03-16 16:55:57 [http-nio-8080-exec-7] DEBUG o.s.orm.jpa.JpaTransactionManager - Participating in existing transaction
2026-03-16 16:55:57 [http-nio-8080-exec-7] DEBUG org.hibernate.SQL - select ua1_0.scrty_dtrmn_trget_id,ua1_0.author_code,ua1_0.frst_register_id,ua1_0.frst_regist_pnttm,ua1_0.last_updusr_id,ua1_0.last_updt_pnttm,ua1_0.mber_ty_code from nemplyrscrtyestbs ua1_0 where ua1_0.scrty_dtrmn_trget_id=?
2026-03-16 16:55:57 [http-nio-8080-exec-2] DEBUG o.s.orm.jpa.JpaTransactionManager - Initiating transaction commit
2026-03-16 16:55:57 [http-nio-8080-exec-4] DEBUG o.s.orm.jpa.JpaTransactionManager - Initiating transaction commit
2026-03-16 16:55:57 [http-nio-8080-exec-2] DEBUG o.s.orm.jpa.JpaTransactionManager - Committing JPA transaction on EntityManager [SessionImpl(1334818951<open>)]
2026-03-16 16:55:57 [http-nio-8080-exec-4] DEBUG o.s.orm.jpa.JpaTransactionManager - Committing JPA transaction on EntityManager [SessionImpl(577585217<open>)]
2026-03-16 16:55:57 [http-nio-8080-exec-7] DEBUG o.s.orm.jpa.JpaTransactionManager - Initiating transaction commit
2026-03-16 16:55:57 [http-nio-8080-exec-3] DEBUG o.s.orm.jpa.JpaTransactionManager - Initiating transaction commit
2026-03-16 16:55:57 [http-nio-8080-exec-6] DEBUG o.s.orm.jpa.JpaTransactionManager - Initiating transaction commit
2026-03-16 16:55:57 [http-nio-8080-exec-7] DEBUG o.s.orm.jpa.JpaTransactionManager - Committing JPA transaction on EntityManager [SessionImpl(1187463793<open>)]
2026-03-16 16:55:57 [http-nio-8080-exec-3] DEBUG o.s.orm.jpa.JpaTransactionManager - Committing JPA transaction on EntityManager [SessionImpl(1601254159<open>)]
2026-03-16 16:55:57 [http-nio-8080-exec-6] DEBUG o.s.orm.jpa.JpaTransactionManager - Committing JPA transaction on EntityManager [SessionImpl(1563289058<open>)]
2026-03-16 16:55:57 [http-nio-8080-exec-2] DEBUG o.s.orm.jpa.JpaTransactionManager - Closing JPA EntityManager [SessionImpl(1334818951<open>)] after transaction
2026-03-16 16:55:57 [http-nio-8080-exec-4] DEBUG o.s.orm.jpa.JpaTransactionManager - Closing JPA EntityManager [SessionImpl(577585217<open>)] after transaction
2026-03-16 16:55:57 [http-nio-8080-exec-2] DEBUG c.c.p.s.jwt.JwtAuthenticationFilter - >>> [JwtFilter] Successfully authenticated user: USRCNFRM_99999999999, Authorities: [ROLE_ADMIN]
2026-03-16 16:55:57 [http-nio-8080-exec-4] DEBUG c.c.p.s.jwt.JwtAuthenticationFilter - >>> [JwtFilter] Successfully authenticated user: USRCNFRM_99999999999, Authorities: [ROLE_ADMIN]
2026-03-16 16:55:57 [http-nio-8080-exec-4] DEBUG o.s.web.servlet.DispatcherServlet - GET "/api/v1/menu/left?menuNo=50", parameters={masked}
2026-03-16 16:55:57 [http-nio-8080-exec-2] DEBUG o.s.web.servlet.DispatcherServlet - GET "/api/v1/menu/left?menuNo=60", parameters={masked}
2026-03-16 16:55:57 [http-nio-8080-exec-4] TRACE o.s.w.s.m.m.a.RequestMappingHandlerMapping - Mapped to com.company.project.api.controller.menu.MenuController#getLeftMenu(Long)
2026-03-16 16:55:57 [http-nio-8080-exec-2] TRACE o.s.w.s.m.m.a.RequestMappingHandlerMapping - Mapped to com.company.project.api.controller.menu.MenuController#getLeftMenu(Long)
2026-03-16 16:55:57 [http-nio-8080-exec-4] INFO  c.c.p.a.c.menu.MenuController - getLeftMenu called with menuNo=50
2026-03-16 16:55:57 [http-nio-8080-exec-2] INFO  c.c.p.a.c.menu.MenuController - getLeftMenu called with menuNo=60
2026-03-16 16:55:57 [http-nio-8080-exec-4] DEBUG o.s.orm.jpa.JpaTransactionManager - Creating new transaction with name [com.company.project.service.menu.MenuService.getSubMenus]: PROPAGATION_REQUIRED,ISOLATION_DEFAULT,readOnly
2026-03-16 16:55:57 [http-nio-8080-exec-2] DEBUG o.s.orm.jpa.JpaTransactionManager - Creating new transaction with name [com.company.project.service.menu.MenuService.getSubMenus]: PROPAGATION_REQUIRED,ISOLATION_DEFAULT,readOnly
2026-03-16 16:55:57 [http-nio-8080-exec-4] DEBUG o.s.orm.jpa.JpaTransactionManager - Opened new EntityManager [SessionImpl(1996094650<open>)] for JPA transaction
2026-03-16 16:55:57 [http-nio-8080-exec-2] DEBUG o.s.orm.jpa.JpaTransactionManager - Opened new EntityManager [SessionImpl(439505554<open>)] for JPA transaction
2026-03-16 16:55:57 [http-nio-8080-exec-4] DEBUG o.s.orm.jpa.JpaTransactionManager - Exposing JPA transaction as JDBC [org.springframework.orm.jpa.vendor.HibernateJpaDialect$HibernateConnectionHandle@6cd84087]
2026-03-16 16:55:57 [http-nio-8080-exec-2] DEBUG o.s.orm.jpa.JpaTransactionManager - Exposing JPA transaction as JDBC [org.springframework.orm.jpa.vendor.HibernateJpaDialect$HibernateConnectionHandle@6419c653]
2026-03-16 16:55:57 [http-nio-8080-exec-4] DEBUG org.hibernate.SQL - select m1_0.menu_no,m1_0.menu_dc,m1_0.menu_nm,m1_0.menu_ordr,m1_0.modern_route,m1_0.progrm_file_nm,m1_0.relate_image_nm,m1_0.relate_image_path,m1_0.route_updated_at,m1_0.upper_menu_no from nmenuinfo m1_0 order by m1_0.upper_menu_no,m1_0.menu_ordr
2026-03-16 16:55:57 [http-nio-8080-exec-2] DEBUG org.hibernate.SQL - select m1_0.menu_no,m1_0.menu_dc,m1_0.menu_nm,m1_0.menu_ordr,m1_0.modern_route,m1_0.progrm_file_nm,m1_0.relate_image_nm,m1_0.relate_image_path,m1_0.route_updated_at,m1_0.upper_menu_no from nmenuinfo m1_0 order by m1_0.upper_menu_no,m1_0.menu_ordr
2026-03-16 16:55:57 [http-nio-8080-exec-6] DEBUG o.s.orm.jpa.JpaTransactionManager - Closing JPA EntityManager [SessionImpl(1563289058<open>)] after transaction
2026-03-16 16:55:57 [http-nio-8080-exec-7] DEBUG o.s.orm.jpa.JpaTransactionManager - Closing JPA EntityManager [SessionImpl(1187463793<open>)] after transaction
2026-03-16 16:55:57 [http-nio-8080-exec-3] DEBUG o.s.orm.jpa.JpaTransactionManager - Closing JPA EntityManager [SessionImpl(1601254159<open>)] after transaction
2026-03-16 16:55:57 [http-nio-8080-exec-6] DEBUG c.c.p.s.jwt.JwtAuthenticationFilter - >>> [JwtFilter] Successfully authenticated user: USRCNFRM_99999999999, Authorities: [ROLE_ADMIN]
2026-03-16 16:55:57 [http-nio-8080-exec-7] DEBUG c.c.p.s.jwt.JwtAuthenticationFilter - >>> [JwtFilter] Successfully authenticated user: USRCNFRM_99999999999, Authorities: [ROLE_ADMIN]
2026-03-16 16:55:57 [http-nio-8080-exec-3] DEBUG c.c.p.s.jwt.JwtAuthenticationFilter - >>> [JwtFilter] Successfully authenticated user: USRCNFRM_99999999999, Authorities: [ROLE_ADMIN]
2026-03-16 16:55:57 [http-nio-8080-exec-6] DEBUG o.s.web.servlet.DispatcherServlet - GET "/api/v1/menu/left?menuNo=10", parameters={masked}
2026-03-16 16:55:57 [http-nio-8080-exec-7] DEBUG o.s.web.servlet.DispatcherServlet - GET "/api/v1/menu/left?menuNo=40", parameters={masked}
2026-03-16 16:55:57 [http-nio-8080-exec-3] DEBUG o.s.web.servlet.DispatcherServlet - GET "/api/v1/menu/left?menuNo=20", parameters={masked}
2026-03-16 16:55:57 [http-nio-8080-exec-6] TRACE o.s.w.s.m.m.a.RequestMappingHandlerMapping - Mapped to com.company.project.api.controller.menu.MenuController#getLeftMenu(Long)
2026-03-16 16:55:57 [http-nio-8080-exec-7] TRACE o.s.w.s.m.m.a.RequestMappingHandlerMapping - Mapped to com.company.project.api.controller.menu.MenuController#getLeftMenu(Long)
2026-03-16 16:55:57 [http-nio-8080-exec-3] TRACE o.s.w.s.m.m.a.RequestMappingHandlerMapping - Mapped to com.company.project.api.controller.menu.MenuController#getLeftMenu(Long)
2026-03-16 16:55:57 [http-nio-8080-exec-6] INFO  c.c.p.a.c.menu.MenuController - getLeftMenu called with menuNo=10
2026-03-16 16:55:57 [http-nio-8080-exec-7] INFO  c.c.p.a.c.menu.MenuController - getLeftMenu called with menuNo=40
2026-03-16 16:55:57 [http-nio-8080-exec-3] INFO  c.c.p.a.c.menu.MenuController - getLeftMenu called with menuNo=20
2026-03-16 16:55:57 [http-nio-8080-exec-6] DEBUG o.s.orm.jpa.JpaTransactionManager - Creating new transaction with name [com.company.project.service.menu.MenuService.getSubMenus]: PROPAGATION_REQUIRED,ISOLATION_DEFAULT,readOnly
2026-03-16 16:55:57 [http-nio-8080-exec-7] DEBUG o.s.orm.jpa.JpaTransactionManager - Creating new transaction with name [com.company.project.service.menu.MenuService.getSubMenus]: PROPAGATION_REQUIRED,ISOLATION_DEFAULT,readOnly
2026-03-16 16:55:57 [http-nio-8080-exec-6] DEBUG o.s.orm.jpa.JpaTransactionManager - Opened new EntityManager [SessionImpl(965256880<open>)] for JPA transaction
2026-03-16 16:55:57 [http-nio-8080-exec-7] DEBUG o.s.orm.jpa.JpaTransactionManager - Opened new EntityManager [SessionImpl(2030698113<open>)] for JPA transaction
2026-03-16 16:55:57 [http-nio-8080-exec-3] DEBUG o.s.orm.jpa.JpaTransactionManager - Creating new transaction with name [com.company.project.service.menu.MenuService.getSubMenus]: PROPAGATION_REQUIRED,ISOLATION_DEFAULT,readOnly
2026-03-16 16:55:57 [http-nio-8080-exec-7] DEBUG o.s.orm.jpa.JpaTransactionManager - Exposing JPA transaction as JDBC [org.springframework.orm.jpa.vendor.HibernateJpaDialect$HibernateConnectionHandle@7ce3c4e2]
2026-03-16 16:55:57 [http-nio-8080-exec-3] DEBUG o.s.orm.jpa.JpaTransactionManager - Opened new EntityManager [SessionImpl(1624598607<open>)] for JPA transaction
2026-03-16 16:55:57 [http-nio-8080-exec-6] DEBUG o.s.orm.jpa.JpaTransactionManager - Exposing JPA transaction as JDBC [org.springframework.orm.jpa.vendor.HibernateJpaDialect$HibernateConnectionHandle@23f6d6a5]
2026-03-16 16:55:57 [http-nio-8080-exec-3] DEBUG o.s.orm.jpa.JpaTransactionManager - Exposing JPA transaction as JDBC [org.springframework.orm.jpa.vendor.HibernateJpaDialect$HibernateConnectionHandle@6ab4735e]
2026-03-16 16:55:57 [http-nio-8080-exec-3] DEBUG org.hibernate.SQL - select m1_0.menu_no,m1_0.menu_dc,m1_0.menu_nm,m1_0.menu_ordr,m1_0.modern_route,m1_0.progrm_file_nm,m1_0.relate_image_nm,m1_0.relate_image_path,m1_0.route_updated_at,m1_0.upper_menu_no from nmenuinfo m1_0 order by m1_0.upper_menu_no,m1_0.menu_ordr
2026-03-16 16:55:57 [http-nio-8080-exec-6] DEBUG org.hibernate.SQL - select m1_0.menu_no,m1_0.menu_dc,m1_0.menu_nm,m1_0.menu_ordr,m1_0.modern_route,m1_0.progrm_file_nm,m1_0.relate_image_nm,m1_0.relate_image_path,m1_0.route_updated_at,m1_0.upper_menu_no from nmenuinfo m1_0 order by m1_0.upper_menu_no,m1_0.menu_ordr
2026-03-16 16:55:57 [http-nio-8080-exec-7] DEBUG org.hibernate.SQL - select m1_0.menu_no,m1_0.menu_dc,m1_0.menu_nm,m1_0.menu_ordr,m1_0.modern_route,m1_0.progrm_file_nm,m1_0.relate_image_nm,m1_0.relate_image_path,m1_0.route_updated_at,m1_0.upper_menu_no from nmenuinfo m1_0 order by m1_0.upper_menu_no,m1_0.menu_ordr
2026-03-16 16:55:58 [http-nio-8080-exec-2] DEBUG o.s.orm.jpa.JpaTransactionManager - Found thread-bound EntityManager [SessionImpl(439505554<open>)] for JPA transaction
2026-03-16 16:55:58 [http-nio-8080-exec-4] DEBUG o.s.orm.jpa.JpaTransactionManager - Found thread-bound EntityManager [SessionImpl(1996094650<open>)] for JPA transaction
2026-03-16 16:55:58 [http-nio-8080-exec-4] DEBUG o.s.orm.jpa.JpaTransactionManager - Participating in existing transaction
2026-03-16 16:55:58 [http-nio-8080-exec-2] DEBUG o.s.orm.jpa.JpaTransactionManager - Participating in existing transaction
2026-03-16 16:55:58 [http-nio-8080-exec-2] DEBUG org.hibernate.SQL - select p1_0.progrm_file_nm,p1_0.progrm_dc,p1_0.progrm_korean_nm,p1_0.progrm_stre_path,p1_0.url from nprogrmlist p1_0
2026-03-16 16:55:58 [http-nio-8080-exec-4] DEBUG org.hibernate.SQL - select p1_0.progrm_file_nm,p1_0.progrm_dc,p1_0.progrm_korean_nm,p1_0.progrm_stre_path,p1_0.url from nprogrmlist p1_0
2026-03-16 16:55:58 [http-nio-8080-exec-6] DEBUG o.s.orm.jpa.JpaTransactionManager - Found thread-bound EntityManager [SessionImpl(965256880<open>)] for JPA transaction
2026-03-16 16:55:58 [http-nio-8080-exec-6] DEBUG o.s.orm.jpa.JpaTransactionManager - Participating in existing transaction
2026-03-16 16:55:58 [http-nio-8080-exec-6] DEBUG org.hibernate.SQL - select p1_0.progrm_file_nm,p1_0.progrm_dc,p1_0.progrm_korean_nm,p1_0.progrm_stre_path,p1_0.url from nprogrmlist p1_0
2026-03-16 16:55:58 [http-nio-8080-exec-3] DEBUG o.s.orm.jpa.JpaTransactionManager - Found thread-bound EntityManager [SessionImpl(1624598607<open>)] for JPA transaction
2026-03-16 16:55:58 [http-nio-8080-exec-3] DEBUG o.s.orm.jpa.JpaTransactionManager - Participating in existing transaction
2026-03-16 16:55:58 [http-nio-8080-exec-7] DEBUG o.s.orm.jpa.JpaTransactionManager - Found thread-bound EntityManager [SessionImpl(2030698113<open>)] for JPA transaction
2026-03-16 16:55:58 [http-nio-8080-exec-7] DEBUG o.s.orm.jpa.JpaTransactionManager - Participating in existing transaction
2026-03-16 16:55:58 [http-nio-8080-exec-3] DEBUG org.hibernate.SQL - select p1_0.progrm_file_nm,p1_0.progrm_dc,p1_0.progrm_korean_nm,p1_0.progrm_stre_path,p1_0.url from nprogrmlist p1_0
2026-03-16 16:55:58 [http-nio-8080-exec-7] DEBUG org.hibernate.SQL - select p1_0.progrm_file_nm,p1_0.progrm_dc,p1_0.progrm_korean_nm,p1_0.progrm_stre_path,p1_0.url from nprogrmlist p1_0
2026-03-16 16:55:58 [http-nio-8080-exec-6] DEBUG o.s.orm.jpa.JpaTransactionManager - Initiating transaction commit
2026-03-16 16:55:58 [http-nio-8080-exec-6] DEBUG o.s.orm.jpa.JpaTransactionManager - Committing JPA transaction on EntityManager [SessionImpl(965256880<open>)]
2026-03-16 16:55:58 [http-nio-8080-exec-7] DEBUG o.s.orm.jpa.JpaTransactionManager - Initiating transaction commit
2026-03-16 16:55:58 [http-nio-8080-exec-7] DEBUG o.s.orm.jpa.JpaTransactionManager - Committing JPA transaction on EntityManager [SessionImpl(2030698113<open>)]
2026-03-16 16:55:58 [http-nio-8080-exec-2] DEBUG o.s.orm.jpa.JpaTransactionManager - Initiating transaction commit
2026-03-16 16:55:58 [http-nio-8080-exec-4] DEBUG o.s.orm.jpa.JpaTransactionManager - Initiating transaction commit
2026-03-16 16:55:58 [http-nio-8080-exec-2] DEBUG o.s.orm.jpa.JpaTransactionManager - Committing JPA transaction on EntityManager [SessionImpl(439505554<open>)]
2026-03-16 16:55:58 [http-nio-8080-exec-4] DEBUG o.s.orm.jpa.JpaTransactionManager - Committing JPA transaction on EntityManager [SessionImpl(1996094650<open>)]
2026-03-16 16:55:58 [http-nio-8080-exec-6] DEBUG o.s.orm.jpa.JpaTransactionManager - Closing JPA EntityManager [SessionImpl(965256880<open>)] after transaction
2026-03-16 16:55:58 [http-nio-8080-exec-6] INFO  c.c.p.a.c.menu.MenuController - getLeftMenu returned 5 items
2026-03-16 16:55:58 [http-nio-8080-exec-3] DEBUG o.s.orm.jpa.JpaTransactionManager - Initiating transaction commit
2026-03-16 16:55:58 [http-nio-8080-exec-6] DEBUG o.s.w.s.m.m.a.HttpEntityMethodProcessor - Using 'application/json', given [application/json, text/plain, */*] and supported [application/json, application/*+json, application/yaml]
2026-03-16 16:55:58 [http-nio-8080-exec-3] DEBUG o.s.orm.jpa.JpaTransactionManager - Committing JPA transaction on EntityManager [SessionImpl(1624598607<open>)]
2026-03-16 16:55:58 [http-nio-8080-exec-7] DEBUG o.s.orm.jpa.JpaTransactionManager - Closing JPA EntityManager [SessionImpl(2030698113<open>)] after transaction
2026-03-16 16:55:58 [http-nio-8080-exec-7] INFO  c.c.p.a.c.menu.MenuController - getLeftMenu returned 2 items
2026-03-16 16:55:58 [http-nio-8080-exec-6] TRACE o.s.w.s.m.m.a.HttpEntityMethodProcessor - Writing [ApiResponse[success=true, status=200, code=COMMON_001, message=Success, data={list=[com.company.project.service.menu.dto.MenuDto@14507fdb, com.company.project.service.menu.dto.MenuDto@392018d6, com.company.project.service.menu.dto.MenuDto@4a7fa327, com.company.project.service.menu.dto.MenuDto@32722801, com.company.project.service.menu.dto.MenuDto@25cb3733]}, timestamp=2026-03-16T16:55:58.553892900]]
2026-03-16 16:55:58 [http-nio-8080-exec-7] DEBUG o.s.w.s.m.m.a.HttpEntityMethodProcessor - Using 'application/json', given [application/json, text/plain, */*] and supported [application/json, application/*+json, application/yaml]
2026-03-16 16:55:58 [http-nio-8080-exec-7] TRACE o.s.w.s.m.m.a.HttpEntityMethodProcessor - Writing [ApiResponse[success=true, status=200, code=COMMON_001, message=Success, data={list=[com.company.project.service.menu.dto.MenuDto@f6115dd, com.company.project.service.menu.dto.MenuDto@69df3ae9]}, timestamp=2026-03-16T16:55:58.553892900]]
2026-03-16 16:55:58 [http-nio-8080-exec-7] INFO  c.c.p.a.i.OperationalAuditInterceptor - API Audit Log: URL=/api/v1/menu/left, User=webmaster, IP=0:0:0:0:0:0:0:1
2026-03-16 16:55:58 [http-nio-8080-exec-6] INFO  c.c.p.a.i.OperationalAuditInterceptor - API Audit Log: URL=/api/v1/menu/left, User=webmaster, IP=0:0:0:0:0:0:0:1
2026-03-16 16:55:58 [http-nio-8080-exec-7] DEBUG o.s.web.servlet.DispatcherServlet - Completed 200 OK
2026-03-16 16:55:58 [http-nio-8080-exec-6] DEBUG o.s.web.servlet.DispatcherServlet - Completed 200 OK
2026-03-16 16:55:58 [http-nio-8080-exec-2] DEBUG o.s.orm.jpa.JpaTransactionManager - Closing JPA EntityManager [SessionImpl(439505554<open>)] after transaction
2026-03-16 16:55:58 [http-nio-8080-exec-4] DEBUG o.s.orm.jpa.JpaTransactionManager - Closing JPA EntityManager [SessionImpl(1996094650<open>)] after transaction
2026-03-16 16:55:58 [http-nio-8080-exec-2] INFO  c.c.p.a.c.menu.MenuController - getLeftMenu returned 1 items
2026-03-16 16:55:58 [http-nio-8080-exec-4] INFO  c.c.p.a.c.menu.MenuController - getLeftMenu returned 3 items
2026-03-16 16:55:58 [http-nio-8080-exec-2] DEBUG o.s.w.s.m.m.a.HttpEntityMethodProcessor - Using 'application/json', given [application/json, text/plain, */*] and supported [application/json, application/*+json, application/yaml]
2026-03-16 16:55:58 [http-nio-8080-exec-4] DEBUG o.s.w.s.m.m.a.HttpEntityMethodProcessor - Using 'application/json', given [application/json, text/plain, */*] and supported [application/json, application/*+json, application/yaml]
2026-03-16 16:55:58 [http-nio-8080-exec-2] TRACE o.s.w.s.m.m.a.HttpEntityMethodProcessor - Writing [ApiResponse[success=true, status=200, code=COMMON_001, message=Success, data={list=[com.company.project.service.menu.dto.MenuDto@7fa72060]}, timestamp=2026-03-16T16:55:58.663992600]]
2026-03-16 16:55:58 [http-nio-8080-exec-4] TRACE o.s.w.s.m.m.a.HttpEntityMethodProcessor - Writing [ApiResponse[success=true, status=200, code=COMMON_001, message=Success, data={list=[com.company.project.service.menu.dto.MenuDto@f8a64ba, com.company.project.service.menu.dto.MenuDto@849a381, com.company.project.service.menu.dto.MenuDto@1864bbc9]}, timestamp=2026-03-16T16:55:58.663992600]]
2026-03-16 16:55:58 [http-nio-8080-exec-4] INFO  c.c.p.a.i.OperationalAuditInterceptor - API Audit Log: URL=/api/v1/menu/left, User=webmaster, IP=0:0:0:0:0:0:0:1
2026-03-16 16:55:58 [http-nio-8080-exec-4] DEBUG o.s.web.servlet.DispatcherServlet - Completed 200 OK
2026-03-16 16:55:58 [http-nio-8080-exec-2] INFO  c.c.p.a.i.OperationalAuditInterceptor - API Audit Log: URL=/api/v1/menu/left, User=webmaster, IP=0:0:0:0:0:0:0:1
2026-03-16 16:55:58 [http-nio-8080-exec-2] DEBUG o.s.web.servlet.DispatcherServlet - Completed 200 OK
2026-03-16 16:55:58 [http-nio-8080-exec-3] DEBUG o.s.orm.jpa.JpaTransactionManager - Closing JPA EntityManager [SessionImpl(1624598607<open>)] after transaction
2026-03-16 16:55:58 [http-nio-8080-exec-3] INFO  c.c.p.a.c.menu.MenuController - getLeftMenu returned 3 items
2026-03-16 16:55:58 [http-nio-8080-exec-3] DEBUG o.s.w.s.m.m.a.HttpEntityMethodProcessor - Using 'application/json', given [application/json, text/plain, */*] and supported [application/json, application/*+json, application/yaml]
2026-03-16 16:55:58 [http-nio-8080-exec-3] TRACE o.s.w.s.m.m.a.HttpEntityMethodProcessor - Writing [ApiResponse[success=true, status=200, code=COMMON_001, message=Success, data={list=[com.company.project.service.menu.dto.MenuDto@1f292881, com.company.project.service.menu.dto.MenuDto@1db72a8b, com.company.project.service.menu.dto.MenuDto@738f2b89]}, timestamp=2026-03-16T16:55:58.709625400]]
2026-03-16 16:55:58 [http-nio-8080-exec-3] INFO  c.c.p.a.i.OperationalAuditInterceptor - API Audit Log: URL=/api/v1/menu/left, User=webmaster, IP=0:0:0:0:0:0:0:1
2026-03-16 16:55:58 [http-nio-8080-exec-3] DEBUG o.s.web.servlet.DispatcherServlet - Completed 200 OK
2026-03-16 16:55:58 [http-nio-8080-exec-10] DEBUG o.s.w.s.h.LoggingWebSocketHandlerDecorator - WebSocketServerSockJsSession[id=g5wcsf15] closed with CloseStatus[code=1000, reason=null]
2026-03-16 16:55:58 [http-nio-8080-exec-10] DEBUG o.s.w.s.m.SubProtocolWebSocketHandler - Clearing session g5wcsf15
2026-03-16 16:55:58 [scheduling-1] DEBUG org.springframework.web.SimpLogging - Processing DISCONNECT session=g5wcsf15
2026-03-16 16:55:58 [scheduling-1] DEBUG o.s.w.s.m.SubProtocolWebSocketHandler - No session for GenericMessage [payload=byte[0], headers={simpMessageType=DISCONNECT_ACK, simpDisconnectMessage=GenericMessage [payload=byte[0], headers={simpMessageType=DISCONNECT, stompCommand=DISCONNECT, simpSessionAttributes={org.springframework.messaging.simp.SimpAttributes.COMPLETED=true}, simpSessionId=g5wcsf15}], simpSessionId=g5wcsf15}]
2026-03-16 16:55:59 [http-nio-8080-exec-8] DEBUG c.c.p.s.jwt.JwtAuthenticationFilter - >>> [JwtFilter] Processing request: GET /api/v1/menu/head
2026-03-16 16:55:59 [http-nio-8080-exec-5] DEBUG c.c.p.s.jwt.JwtAuthenticationFilter - >>> [JwtFilter] Processing request: GET /api/v1/dashboard
2026-03-16 16:55:59 [http-nio-8080-exec-8] DEBUG c.c.p.s.jwt.JwtAuthenticationFilter - >>> [JwtFilter] Found token in header for path: /api/v1/menu/head
2026-03-16 16:55:59 [http-nio-8080-exec-5] DEBUG c.c.p.s.jwt.JwtAuthenticationFilter - >>> [JwtFilter] Found token in header for path: /api/v1/dashboard
2026-03-16 16:55:59 [http-nio-8080-exec-8] DEBUG o.s.orm.jpa.JpaTransactionManager - Creating new transaction with name [com.company.project.security.iam.CustomUserDetailsService.loadUserByUsername]: PROPAGATION_REQUIRED,ISOLATION_DEFAULT,readOnly
2026-03-16 16:55:59 [http-nio-8080-exec-8] DEBUG o.s.orm.jpa.JpaTransactionManager - Opened new EntityManager [SessionImpl(1130886902<open>)] for JPA transaction
2026-03-16 16:55:59 [http-nio-8080-exec-5] DEBUG o.s.orm.jpa.JpaTransactionManager - Creating new transaction with name [com.company.project.security.iam.CustomUserDetailsService.loadUserByUsername]: PROPAGATION_REQUIRED,ISOLATION_DEFAULT,readOnly
2026-03-16 16:55:59 [http-nio-8080-exec-5] DEBUG o.s.orm.jpa.JpaTransactionManager - Opened new EntityManager [SessionImpl(1309336804<open>)] for JPA transaction
2026-03-16 16:55:59 [http-nio-8080-exec-8] DEBUG o.s.orm.jpa.JpaTransactionManager - Exposing JPA transaction as JDBC [org.springframework.orm.jpa.vendor.HibernateJpaDialect$HibernateConnectionHandle@3c4c45e8]
2026-03-16 16:55:59 [http-nio-8080-exec-8] DEBUG o.s.orm.jpa.JpaTransactionManager - Found thread-bound EntityManager [SessionImpl(1130886902<open>)] for JPA transaction
2026-03-16 16:55:59 [http-nio-8080-exec-8] DEBUG o.s.orm.jpa.JpaTransactionManager - Participating in existing transaction
2026-03-16 16:55:59 [http-nio-8080-exec-8] DEBUG org.hibernate.SQL - select u1_0.emplyr_id,u1_0.area_no,u1_0.brthdy,u1_0.chg_pwd_cnt,u1_0.frst_register_id,u1_0.frst_regist_pnttm,u1_0.detail_adres,u1_0.email_adres,u1_0.emplyr_sttus_code,u1_0.empl_no,u1_0.esntl_id,u1_0.fxnum,u1_0.group_id,u1_0.house_adres,u1_0.house_end_telno,u1_0.house_middle_telno,u1_0.ihidnum,u1_0.pstinst_code,u1_0.last_updusr_id,u1_0.last_updt_pnttm,u1_0.lock_at,u1_0.lock_cnt,u1_0.lock_last_pnttm,u1_0.mbtlnum,u1_0.ofcps_nm,u1_0.offm_telno,u1_0.orgnzt_id,u1_0.password,u1_0.password_cnsr,u1_0.password_hint,u1_0.chg_pwd_last_pnttm,u1_0.role,u1_0.sbscrb_de,u1_0.sexdstn_code,u1_0.crtfc_dn_value,u1_0.user_nm,u1_0.zip from nemplyrinfo u1_0 where u1_0.emplyr_id=?
2026-03-16 16:55:59 [http-nio-8080-exec-5] DEBUG o.s.orm.jpa.JpaTransactionManager - Exposing JPA transaction as JDBC [org.springframework.orm.jpa.vendor.HibernateJpaDialect$HibernateConnectionHandle@406c1db1]
2026-03-16 16:55:59 [http-nio-8080-exec-5] DEBUG o.s.orm.jpa.JpaTransactionManager - Found thread-bound EntityManager [SessionImpl(1309336804<open>)] for JPA transaction
2026-03-16 16:55:59 [http-nio-8080-exec-5] DEBUG o.s.orm.jpa.JpaTransactionManager - Participating in existing transaction
2026-03-16 16:55:59 [http-nio-8080-exec-5] DEBUG org.hibernate.SQL - select u1_0.emplyr_id,u1_0.area_no,u1_0.brthdy,u1_0.chg_pwd_cnt,u1_0.frst_register_id,u1_0.frst_regist_pnttm,u1_0.detail_adres,u1_0.email_adres,u1_0.emplyr_sttus_code,u1_0.empl_no,u1_0.esntl_id,u1_0.fxnum,u1_0.group_id,u1_0.house_adres,u1_0.house_end_telno,u1_0.house_middle_telno,u1_0.ihidnum,u1_0.pstinst_code,u1_0.last_updusr_id,u1_0.last_updt_pnttm,u1_0.lock_at,u1_0.lock_cnt,u1_0.lock_last_pnttm,u1_0.mbtlnum,u1_0.ofcps_nm,u1_0.offm_telno,u1_0.orgnzt_id,u1_0.password,u1_0.password_cnsr,u1_0.password_hint,u1_0.chg_pwd_last_pnttm,u1_0.role,u1_0.sbscrb_de,u1_0.sexdstn_code,u1_0.crtfc_dn_value,u1_0.user_nm,u1_0.zip from nemplyrinfo u1_0 where u1_0.emplyr_id=?
2026-03-16 16:55:59 [http-nio-8080-exec-5] DEBUG o.s.orm.jpa.JpaTransactionManager - Found thread-bound EntityManager [SessionImpl(1309336804<open>)] for JPA transaction
2026-03-16 16:55:59 [http-nio-8080-exec-5] DEBUG o.s.orm.jpa.JpaTransactionManager - Participating in existing transaction
2026-03-16 16:55:59 [http-nio-8080-exec-8] DEBUG o.s.orm.jpa.JpaTransactionManager - Found thread-bound EntityManager [SessionImpl(1130886902<open>)] for JPA transaction
2026-03-16 16:55:59 [http-nio-8080-exec-8] DEBUG o.s.orm.jpa.JpaTransactionManager - Participating in existing transaction
2026-03-16 16:55:59 [http-nio-8080-exec-5] DEBUG org.hibernate.SQL - select ua1_0.scrty_dtrmn_trget_id,ua1_0.author_code,ua1_0.frst_register_id,ua1_0.frst_regist_pnttm,ua1_0.last_updusr_id,ua1_0.last_updt_pnttm,ua1_0.mber_ty_code from nemplyrscrtyestbs ua1_0 where ua1_0.scrty_dtrmn_trget_id=?
2026-03-16 16:55:59 [http-nio-8080-exec-8] DEBUG org.hibernate.SQL - select ua1_0.scrty_dtrmn_trget_id,ua1_0.author_code,ua1_0.frst_register_id,ua1_0.frst_regist_pnttm,ua1_0.last_updusr_id,ua1_0.last_updt_pnttm,ua1_0.mber_ty_code from nemplyrscrtyestbs ua1_0 where ua1_0.scrty_dtrmn_trget_id=?
2026-03-16 16:55:59 [http-nio-8080-exec-8] DEBUG o.s.orm.jpa.JpaTransactionManager - Initiating transaction commit
2026-03-16 16:55:59 [http-nio-8080-exec-5] DEBUG o.s.orm.jpa.JpaTransactionManager - Initiating transaction commit
2026-03-16 16:55:59 [http-nio-8080-exec-8] DEBUG o.s.orm.jpa.JpaTransactionManager - Committing JPA transaction on EntityManager [SessionImpl(1130886902<open>)]
2026-03-16 16:55:59 [http-nio-8080-exec-5] DEBUG o.s.orm.jpa.JpaTransactionManager - Committing JPA transaction on EntityManager [SessionImpl(1309336804<open>)]
2026-03-16 16:56:00 [http-nio-8080-exec-5] DEBUG o.s.orm.jpa.JpaTransactionManager - Closing JPA EntityManager [SessionImpl(1309336804<open>)] after transaction
2026-03-16 16:56:00 [http-nio-8080-exec-8] DEBUG o.s.orm.jpa.JpaTransactionManager - Closing JPA EntityManager [SessionImpl(1130886902<open>)] after transaction
2026-03-16 16:56:00 [http-nio-8080-exec-5] DEBUG c.c.p.s.jwt.JwtAuthenticationFilter - >>> [JwtFilter] Successfully authenticated user: USRCNFRM_99999999999, Authorities: [ROLE_ADMIN]
2026-03-16 16:56:00 [http-nio-8080-exec-8] DEBUG c.c.p.s.jwt.JwtAuthenticationFilter - >>> [JwtFilter] Successfully authenticated user: USRCNFRM_99999999999, Authorities: [ROLE_ADMIN]
2026-03-16 16:56:00 [http-nio-8080-exec-5] DEBUG o.s.web.servlet.DispatcherServlet - GET "/api/v1/dashboard", parameters={}
2026-03-16 16:56:00 [http-nio-8080-exec-8] DEBUG o.s.web.servlet.DispatcherServlet - GET "/api/v1/menu/head", parameters={}
2026-03-16 16:56:00 [http-nio-8080-exec-5] TRACE o.s.w.s.m.m.a.RequestMappingHandlerMapping - Mapped to com.company.project.api.controller.main.DashboardController#getDashboardData(UserDetails)
2026-03-16 16:56:00 [http-nio-8080-exec-8] TRACE o.s.w.s.m.m.a.RequestMappingHandlerMapping - Mapped to com.company.project.api.controller.menu.MenuController#getHeadMenu()
2026-03-16 16:56:00 [http-nio-8080-exec-8] INFO  c.c.p.a.c.menu.MenuController - getHeadMenu called
2026-03-16 16:56:00 [http-nio-8080-exec-5] INFO  c.c.p.a.c.main.DashboardController - >>> [Dashboard] Fetching data for user: USRCNFRM_99999999999
2026-03-16 16:56:00 [http-nio-8080-exec-8] INFO  c.c.p.a.c.menu.MenuController - getHeadMenu returned 5 items
2026-03-16 16:56:00 [http-nio-8080-exec-5] DEBUG o.s.orm.jpa.JpaTransactionManager - Creating new transaction with name [com.company.project.service.board.BoardService.getBoardPosts]: PROPAGATION_REQUIRED,ISOLATION_DEFAULT,readOnly
2026-03-16 16:56:00 [http-nio-8080-exec-5] DEBUG o.s.orm.jpa.JpaTransactionManager - Opened new EntityManager [SessionImpl(1827286485<open>)] for JPA transaction
2026-03-16 16:56:00 [http-nio-8080-exec-5] DEBUG o.s.orm.jpa.JpaTransactionManager - Exposing JPA transaction as JDBC [org.springframework.orm.jpa.vendor.HibernateJpaDialect$HibernateConnectionHandle@162c6c8a]
2026-03-16 16:56:00 [http-nio-8080-exec-8] DEBUG o.s.w.s.m.m.a.HttpEntityMethodProcessor - Using 'application/json', given [application/json, text/plain, */*] and supported [application/json, application/*+json, application/yaml]
2026-03-16 16:56:00 [http-nio-8080-exec-5] DEBUG o.s.orm.jpa.JpaTransactionManager - Found thread-bound EntityManager [SessionImpl(1827286485<open>)] for JPA transaction
2026-03-16 16:56:00 [http-nio-8080-exec-5] DEBUG o.s.orm.jpa.JpaTransactionManager - Participating in existing transaction
2026-03-16 16:56:00 [http-nio-8080-exec-8] TRACE o.s.w.s.m.m.a.HttpEntityMethodProcessor - Writing [ApiResponse[success=true, status=200, code=COMMON_001, message=Success, data={list=[com.company.project.service.menu.dto.MenuDto@2b80d6b0, com.company.project.service.menu.dto.MenuDto@1418cfa3, com.company.project.service.menu.dto.MenuDto@f230bf1, com.company.project.service.menu.dto.MenuDto@734a7f6a, com.company.project.service.menu.dto.MenuDto@5e5202e5]}, timestamp=2026-03-16T16:56:00.120300600]]
2026-03-16 16:56:00 [http-nio-8080-exec-5] DEBUG org.hibernate.SQL - select bm1_0.bbs_id,bm1_0.atch_posbl_file_number,bm1_0.atch_posbl_file_size,bm1_0.bbs_attrb_code,bm1_0.bbs_intrcn,bm1_0.bbs_nm,bm1_0.bbs_ty_code,bm1_0.blog_at,bm1_0.blog_id,bm1_0.cmmnty_id,bm1_0.frst_register_id,bm1_0.frst_regist_pnttm,bm1_0.file_atch_posbl_at,bm1_0.last_updusr_id,bm1_0.last_updt_pnttm,bm1_0.reply_posbl_at,bm1_0.tmplat_id,bm1_0.use_at,bm1_1.answer_at,bm1_1.stsfdg_at from nbbsmaster bm1_0 left join nbbsmasteroptn bm1_1 on bm1_0.bbs_id=bm1_1.bbs_id where bm1_0.bbs_id=?
2026-03-16 16:56:00 [http-nio-8080-exec-8] INFO  c.c.p.a.i.OperationalAuditInterceptor - API Audit Log: URL=/api/v1/menu/head, User=webmaster, IP=0:0:0:0:0:0:0:1
2026-03-16 16:56:00 [http-nio-8080-exec-8] DEBUG o.s.web.servlet.DispatcherServlet - Completed 200 OK
2026-03-16 16:56:00 [http-nio-8080-exec-1] DEBUG c.c.p.s.jwt.JwtAuthenticationFilter - >>> [JwtFilter] Processing request: GET /api/v1/menu/left
2026-03-16 16:56:00 [http-nio-8080-exec-4] DEBUG c.c.p.s.jwt.JwtAuthenticationFilter - >>> [JwtFilter] Processing request: GET /api/v1/menu/left
2026-03-16 16:56:00 [http-nio-8080-exec-6] DEBUG c.c.p.s.jwt.JwtAuthenticationFilter - >>> [JwtFilter] Processing request: GET /api/v1/menu/left
2026-03-16 16:56:00 [http-nio-8080-exec-7] DEBUG c.c.p.s.jwt.JwtAuthenticationFilter - >>> [JwtFilter] Processing request: GET /api/v1/menu/left
2026-03-16 16:56:00 [http-nio-8080-exec-1] DEBUG c.c.p.s.jwt.JwtAuthenticationFilter - >>> [JwtFilter] Found token in header for path: /api/v1/menu/left
2026-03-16 16:56:00 [http-nio-8080-exec-4] DEBUG c.c.p.s.jwt.JwtAuthenticationFilter - >>> [JwtFilter] Found token in header for path: /api/v1/menu/left
2026-03-16 16:56:00 [http-nio-8080-exec-6] DEBUG c.c.p.s.jwt.JwtAuthenticationFilter - >>> [JwtFilter] Found token in header for path: /api/v1/menu/left
2026-03-16 16:56:00 [http-nio-8080-exec-7] DEBUG c.c.p.s.jwt.JwtAuthenticationFilter - >>> [JwtFilter] Found token in header for path: /api/v1/menu/left
2026-03-16 16:56:00 [http-nio-8080-exec-2] DEBUG c.c.p.s.jwt.JwtAuthenticationFilter - >>> [JwtFilter] Processing request: GET /api/v1/menu/left
2026-03-16 16:56:00 [http-nio-8080-exec-2] DEBUG c.c.p.s.jwt.JwtAuthenticationFilter - >>> [JwtFilter] Found token in header for path: /api/v1/menu/left
2026-03-16 16:56:00 [http-nio-8080-exec-1] DEBUG o.s.orm.jpa.JpaTransactionManager - Creating new transaction with name [com.company.project.security.iam.CustomUserDetailsService.loadUserByUsername]: PROPAGATION_REQUIRED,ISOLATION_DEFAULT,readOnly
2026-03-16 16:56:00 [http-nio-8080-exec-4] DEBUG o.s.orm.jpa.JpaTransactionManager - Creating new transaction with name [com.company.project.security.iam.CustomUserDetailsService.loadUserByUsername]: PROPAGATION_REQUIRED,ISOLATION_DEFAULT,readOnly
2026-03-16 16:56:00 [http-nio-8080-exec-7] DEBUG o.s.orm.jpa.JpaTransactionManager - Creating new transaction with name [com.company.project.security.iam.CustomUserDetailsService.loadUserByUsername]: PROPAGATION_REQUIRED,ISOLATION_DEFAULT,readOnly
2026-03-16 16:56:00 [http-nio-8080-exec-4] DEBUG o.s.orm.jpa.JpaTransactionManager - Opened new EntityManager [SessionImpl(1245696248<open>)] for JPA transaction
2026-03-16 16:56:00 [http-nio-8080-exec-1] DEBUG o.s.orm.jpa.JpaTransactionManager - Opened new EntityManager [SessionImpl(1444937970<open>)] for JPA transaction
2026-03-16 16:56:00 [http-nio-8080-exec-7] DEBUG o.s.orm.jpa.JpaTransactionManager - Opened new EntityManager [SessionImpl(342136552<open>)] for JPA transaction
2026-03-16 16:56:00 [http-nio-8080-exec-2] DEBUG o.s.orm.jpa.JpaTransactionManager - Creating new transaction with name [com.company.project.security.iam.CustomUserDetailsService.loadUserByUsername]: PROPAGATION_REQUIRED,ISOLATION_DEFAULT,readOnly
2026-03-16 16:56:00 [http-nio-8080-exec-6] DEBUG o.s.orm.jpa.JpaTransactionManager - Creating new transaction with name [com.company.project.security.iam.CustomUserDetailsService.loadUserByUsername]: PROPAGATION_REQUIRED,ISOLATION_DEFAULT,readOnly
2026-03-16 16:56:00 [http-nio-8080-exec-2] DEBUG o.s.orm.jpa.JpaTransactionManager - Opened new EntityManager [SessionImpl(631031379<open>)] for JPA transaction
2026-03-16 16:56:00 [http-nio-8080-exec-6] DEBUG o.s.orm.jpa.JpaTransactionManager - Opened new EntityManager [SessionImpl(471100916<open>)] for JPA transaction
2026-03-16 16:56:00 [http-nio-8080-exec-4] DEBUG o.s.orm.jpa.JpaTransactionManager - Exposing JPA transaction as JDBC [org.springframework.orm.jpa.vendor.HibernateJpaDialect$HibernateConnectionHandle@16ccc2b1]
2026-03-16 16:56:00 [http-nio-8080-exec-2] DEBUG o.s.orm.jpa.JpaTransactionManager - Exposing JPA transaction as JDBC [org.springframework.orm.jpa.vendor.HibernateJpaDialect$HibernateConnectionHandle@19dbcc3e]
2026-03-16 16:56:00 [http-nio-8080-exec-4] DEBUG o.s.orm.jpa.JpaTransactionManager - Found thread-bound EntityManager [SessionImpl(1245696248<open>)] for JPA transaction
2026-03-16 16:56:00 [http-nio-8080-exec-4] DEBUG o.s.orm.jpa.JpaTransactionManager - Participating in existing transaction
2026-03-16 16:56:00 [http-nio-8080-exec-2] DEBUG o.s.orm.jpa.JpaTransactionManager - Found thread-bound EntityManager [SessionImpl(631031379<open>)] for JPA transaction
2026-03-16 16:56:00 [http-nio-8080-exec-4] DEBUG org.hibernate.SQL - select u1_0.emplyr_id,u1_0.area_no,u1_0.brthdy,u1_0.chg_pwd_cnt,u1_0.frst_register_id,u1_0.frst_regist_pnttm,u1_0.detail_adres,u1_0.email_adres,u1_0.emplyr_sttus_code,u1_0.empl_no,u1_0.esntl_id,u1_0.fxnum,u1_0.group_id,u1_0.house_adres,u1_0.house_end_telno,u1_0.house_middle_telno,u1_0.ihidnum,u1_0.pstinst_code,u1_0.last_updusr_id,u1_0.last_updt_pnttm,u1_0.lock_at,u1_0.lock_cnt,u1_0.lock_last_pnttm,u1_0.mbtlnum,u1_0.ofcps_nm,u1_0.offm_telno,u1_0.orgnzt_id,u1_0.password,u1_0.password_cnsr,u1_0.password_hint,u1_0.chg_pwd_last_pnttm,u1_0.role,u1_0.sbscrb_de,u1_0.sexdstn_code,u1_0.crtfc_dn_value,u1_0.user_nm,u1_0.zip from nemplyrinfo u1_0 where u1_0.emplyr_id=?
2026-03-16 16:56:00 [http-nio-8080-exec-2] DEBUG o.s.orm.jpa.JpaTransactionManager - Participating in existing transaction
2026-03-16 16:56:00 [http-nio-8080-exec-2] DEBUG org.hibernate.SQL - select u1_0.emplyr_id,u1_0.area_no,u1_0.brthdy,u1_0.chg_pwd_cnt,u1_0.frst_register_id,u1_0.frst_regist_pnttm,u1_0.detail_adres,u1_0.email_adres,u1_0.emplyr_sttus_code,u1_0.empl_no,u1_0.esntl_id,u1_0.fxnum,u1_0.group_id,u1_0.house_adres,u1_0.house_end_telno,u1_0.house_middle_telno,u1_0.ihidnum,u1_0.pstinst_code,u1_0.last_updusr_id,u1_0.last_updt_pnttm,u1_0.lock_at,u1_0.lock_cnt,u1_0.lock_last_pnttm,u1_0.mbtlnum,u1_0.ofcps_nm,u1_0.offm_telno,u1_0.orgnzt_id,u1_0.password,u1_0.password_cnsr,u1_0.password_hint,u1_0.chg_pwd_last_pnttm,u1_0.role,u1_0.sbscrb_de,u1_0.sexdstn_code,u1_0.crtfc_dn_value,u1_0.user_nm,u1_0.zip from nemplyrinfo u1_0 where u1_0.emplyr_id=?
2026-03-16 16:56:00 [http-nio-8080-exec-1] DEBUG o.s.orm.jpa.JpaTransactionManager - Exposing JPA transaction as JDBC [org.springframework.orm.jpa.vendor.HibernateJpaDialect$HibernateConnectionHandle@1653ded3]
2026-03-16 16:56:00 [http-nio-8080-exec-1] DEBUG o.s.orm.jpa.JpaTransactionManager - Found thread-bound EntityManager [SessionImpl(1444937970<open>)] for JPA transaction
2026-03-16 16:56:00 [http-nio-8080-exec-1] DEBUG o.s.orm.jpa.JpaTransactionManager - Participating in existing transaction
2026-03-16 16:56:00 [http-nio-8080-exec-1] DEBUG org.hibernate.SQL - select u1_0.emplyr_id,u1_0.area_no,u1_0.brthdy,u1_0.chg_pwd_cnt,u1_0.frst_register_id,u1_0.frst_regist_pnttm,u1_0.detail_adres,u1_0.email_adres,u1_0.emplyr_sttus_code,u1_0.empl_no,u1_0.esntl_id,u1_0.fxnum,u1_0.group_id,u1_0.house_adres,u1_0.house_end_telno,u1_0.house_middle_telno,u1_0.ihidnum,u1_0.pstinst_code,u1_0.last_updusr_id,u1_0.last_updt_pnttm,u1_0.lock_at,u1_0.lock_cnt,u1_0.lock_last_pnttm,u1_0.mbtlnum,u1_0.ofcps_nm,u1_0.offm_telno,u1_0.orgnzt_id,u1_0.password,u1_0.password_cnsr,u1_0.password_hint,u1_0.chg_pwd_last_pnttm,u1_0.role,u1_0.sbscrb_de,u1_0.sexdstn_code,u1_0.crtfc_dn_value,u1_0.user_nm,u1_0.zip from nemplyrinfo u1_0 where u1_0.emplyr_id=?
2026-03-16 16:56:00 [http-nio-8080-exec-7] DEBUG o.s.orm.jpa.JpaTransactionManager - Exposing JPA transaction as JDBC [org.springframework.orm.jpa.vendor.HibernateJpaDialect$HibernateConnectionHandle@3941f1f7]
2026-03-16 16:56:00 [http-nio-8080-exec-6] DEBUG o.s.orm.jpa.JpaTransactionManager - Exposing JPA transaction as JDBC [org.springframework.orm.jpa.vendor.HibernateJpaDialect$HibernateConnectionHandle@2b4583ca]
2026-03-16 16:56:00 [http-nio-8080-exec-7] DEBUG o.s.orm.jpa.JpaTransactionManager - Found thread-bound EntityManager [SessionImpl(342136552<open>)] for JPA transaction
2026-03-16 16:56:00 [http-nio-8080-exec-6] DEBUG o.s.orm.jpa.JpaTransactionManager - Found thread-bound EntityManager [SessionImpl(471100916<open>)] for JPA transaction
2026-03-16 16:56:00 [http-nio-8080-exec-7] DEBUG o.s.orm.jpa.JpaTransactionManager - Participating in existing transaction
2026-03-16 16:56:00 [http-nio-8080-exec-6] DEBUG o.s.orm.jpa.JpaTransactionManager - Participating in existing transaction
2026-03-16 16:56:00 [http-nio-8080-exec-7] DEBUG org.hibernate.SQL - select u1_0.emplyr_id,u1_0.area_no,u1_0.brthdy,u1_0.chg_pwd_cnt,u1_0.frst_register_id,u1_0.frst_regist_pnttm,u1_0.detail_adres,u1_0.email_adres,u1_0.emplyr_sttus_code,u1_0.empl_no,u1_0.esntl_id,u1_0.fxnum,u1_0.group_id,u1_0.house_adres,u1_0.house_end_telno,u1_0.house_middle_telno,u1_0.ihidnum,u1_0.pstinst_code,u1_0.last_updusr_id,u1_0.last_updt_pnttm,u1_0.lock_at,u1_0.lock_cnt,u1_0.lock_last_pnttm,u1_0.mbtlnum,u1_0.ofcps_nm,u1_0.offm_telno,u1_0.orgnzt_id,u1_0.password,u1_0.password_cnsr,u1_0.password_hint,u1_0.chg_pwd_last_pnttm,u1_0.role,u1_0.sbscrb_de,u1_0.sexdstn_code,u1_0.crtfc_dn_value,u1_0.user_nm,u1_0.zip from nemplyrinfo u1_0 where u1_0.emplyr_id=?
2026-03-16 16:56:00 [http-nio-8080-exec-6] DEBUG org.hibernate.SQL - select u1_0.emplyr_id,u1_0.area_no,u1_0.brthdy,u1_0.chg_pwd_cnt,u1_0.frst_register_id,u1_0.frst_regist_pnttm,u1_0.detail_adres,u1_0.email_adres,u1_0.emplyr_sttus_code,u1_0.empl_no,u1_0.esntl_id,u1_0.fxnum,u1_0.group_id,u1_0.house_adres,u1_0.house_end_telno,u1_0.house_middle_telno,u1_0.ihidnum,u1_0.pstinst_code,u1_0.last_updusr_id,u1_0.last_updt_pnttm,u1_0.lock_at,u1_0.lock_cnt,u1_0.lock_last_pnttm,u1_0.mbtlnum,u1_0.ofcps_nm,u1_0.offm_telno,u1_0.orgnzt_id,u1_0.password,u1_0.password_cnsr,u1_0.password_hint,u1_0.chg_pwd_last_pnttm,u1_0.role,u1_0.sbscrb_de,u1_0.sexdstn_code,u1_0.crtfc_dn_value,u1_0.user_nm,u1_0.zip from nemplyrinfo u1_0 where u1_0.emplyr_id=?
2026-03-16 16:56:00 [http-nio-8080-exec-5] DEBUG org.hibernate.SQL - select b1_0.ntt_id,b1_0.bbs_id,b1_0.ntt_sj,b1_0.ntcr_nm,b1_0.frst_regist_pnttm,b1_0.rdcnt,b1_0.answer_at,b1_0.parntsctt_no,b1_0.answer_lc,b1_0.sort_ordr,b1_0.ntt_no,b1_0.notice_at,b1_0.secret_at,b1_0.comment_co from nbbs b1_0 left join nemplyrinfo u1_0 on b1_0.frst_register_id=u1_0.esntl_id where (b1_0.use_at = 'Y') and b1_0.bbs_id=? order by b1_0.sort_ordr desc,b1_0.ntt_no offset ? rows fetch first ? rows only
2026-03-16 16:56:00 [http-nio-8080-exec-2] DEBUG o.s.orm.jpa.JpaTransactionManager - Found thread-bound EntityManager [SessionImpl(631031379<open>)] for JPA transaction
2026-03-16 16:56:00 [http-nio-8080-exec-2] DEBUG o.s.orm.jpa.JpaTransactionManager - Participating in existing transaction
2026-03-16 16:56:00 [http-nio-8080-exec-2] DEBUG org.hibernate.SQL - select ua1_0.scrty_dtrmn_trget_id,ua1_0.author_code,ua1_0.frst_register_id,ua1_0.frst_regist_pnttm,ua1_0.last_updusr_id,ua1_0.last_updt_pnttm,ua1_0.mber_ty_code from nemplyrscrtyestbs ua1_0 where ua1_0.scrty_dtrmn_trget_id=?
2026-03-16 16:56:00 [http-nio-8080-exec-1] DEBUG o.s.orm.jpa.JpaTransactionManager - Found thread-bound EntityManager [SessionImpl(1444937970<open>)] for JPA transaction
2026-03-16 16:56:00 [http-nio-8080-exec-4] DEBUG o.s.orm.jpa.JpaTransactionManager - Found thread-bound EntityManager [SessionImpl(1245696248<open>)] for JPA transaction
2026-03-16 16:56:00 [http-nio-8080-exec-6] DEBUG o.s.orm.jpa.JpaTransactionManager - Found thread-bound EntityManager [SessionImpl(471100916<open>)] for JPA transaction
2026-03-16 16:56:00 [http-nio-8080-exec-1] DEBUG o.s.orm.jpa.JpaTransactionManager - Participating in existing transaction
2026-03-16 16:56:00 [http-nio-8080-exec-4] DEBUG o.s.orm.jpa.JpaTransactionManager - Participating in existing transaction
2026-03-16 16:56:00 [http-nio-8080-exec-6] DEBUG o.s.orm.jpa.JpaTransactionManager - Participating in existing transaction
2026-03-16 16:56:00 [http-nio-8080-exec-4] DEBUG org.hibernate.SQL - select ua1_0.scrty_dtrmn_trget_id,ua1_0.author_code,ua1_0.frst_register_id,ua1_0.frst_regist_pnttm,ua1_0.last_updusr_id,ua1_0.last_updt_pnttm,ua1_0.mber_ty_code from nemplyrscrtyestbs ua1_0 where ua1_0.scrty_dtrmn_trget_id=?
2026-03-16 16:56:00 [http-nio-8080-exec-1] DEBUG org.hibernate.SQL - select ua1_0.scrty_dtrmn_trget_id,ua1_0.author_code,ua1_0.frst_register_id,ua1_0.frst_regist_pnttm,ua1_0.last_updusr_id,ua1_0.last_updt_pnttm,ua1_0.mber_ty_code from nemplyrscrtyestbs ua1_0 where ua1_0.scrty_dtrmn_trget_id=?
2026-03-16 16:56:00 [http-nio-8080-exec-6] DEBUG org.hibernate.SQL - select ua1_0.scrty_dtrmn_trget_id,ua1_0.author_code,ua1_0.frst_register_id,ua1_0.frst_regist_pnttm,ua1_0.last_updusr_id,ua1_0.last_updt_pnttm,ua1_0.mber_ty_code from nemplyrscrtyestbs ua1_0 where ua1_0.scrty_dtrmn_trget_id=?
2026-03-16 16:56:00 [http-nio-8080-exec-7] DEBUG o.s.orm.jpa.JpaTransactionManager - Found thread-bound EntityManager [SessionImpl(342136552<open>)] for JPA transaction
2026-03-16 16:56:00 [http-nio-8080-exec-7] DEBUG o.s.orm.jpa.JpaTransactionManager - Participating in existing transaction
2026-03-16 16:56:00 [http-nio-8080-exec-7] DEBUG org.hibernate.SQL - select ua1_0.scrty_dtrmn_trget_id,ua1_0.author_code,ua1_0.frst_register_id,ua1_0.frst_regist_pnttm,ua1_0.last_updusr_id,ua1_0.last_updt_pnttm,ua1_0.mber_ty_code from nemplyrscrtyestbs ua1_0 where ua1_0.scrty_dtrmn_trget_id=?
2026-03-16 16:56:00 [http-nio-8080-exec-5] DEBUG org.hibernate.SQL - select count(b1_0.ntt_id) from nbbs b1_0 left join nemplyrinfo u1_0 on b1_0.frst_register_id=u1_0.esntl_id where (b1_0.use_at = 'Y') and b1_0.bbs_id=?
2026-03-16 16:56:00 [http-nio-8080-exec-4] DEBUG o.s.orm.jpa.JpaTransactionManager - Initiating transaction commit
2026-03-16 16:56:00 [http-nio-8080-exec-2] DEBUG o.s.orm.jpa.JpaTransactionManager - Initiating transaction commit
2026-03-16 16:56:00 [http-nio-8080-exec-1] DEBUG o.s.orm.jpa.JpaTransactionManager - Initiating transaction commit
2026-03-16 16:56:00 [http-nio-8080-exec-4] DEBUG o.s.orm.jpa.JpaTransactionManager - Committing JPA transaction on EntityManager [SessionImpl(1245696248<open>)]
2026-03-16 16:56:00 [http-nio-8080-exec-1] DEBUG o.s.orm.jpa.JpaTransactionManager - Committing JPA transaction on EntityManager [SessionImpl(1444937970<open>)]
2026-03-16 16:56:00 [http-nio-8080-exec-2] DEBUG o.s.orm.jpa.JpaTransactionManager - Committing JPA transaction on EntityManager [SessionImpl(631031379<open>)]
2026-03-16 16:56:00 [http-nio-8080-exec-6] DEBUG o.s.orm.jpa.JpaTransactionManager - Initiating transaction commit
2026-03-16 16:56:00 [http-nio-8080-exec-7] DEBUG o.s.orm.jpa.JpaTransactionManager - Initiating transaction commit
2026-03-16 16:56:00 [http-nio-8080-exec-6] DEBUG o.s.orm.jpa.JpaTransactionManager - Committing JPA transaction on EntityManager [SessionImpl(471100916<open>)]
2026-03-16 16:56:00 [http-nio-8080-exec-7] DEBUG o.s.orm.jpa.JpaTransactionManager - Committing JPA transaction on EntityManager [SessionImpl(342136552<open>)]
2026-03-16 16:56:00 [http-nio-8080-exec-5] DEBUG o.s.orm.jpa.JpaTransactionManager - Initiating transaction commit
2026-03-16 16:56:00 [http-nio-8080-exec-5] DEBUG o.s.orm.jpa.JpaTransactionManager - Committing JPA transaction on EntityManager [SessionImpl(1827286485<open>)]
2026-03-16 16:56:00 [http-nio-8080-exec-4] DEBUG o.s.orm.jpa.JpaTransactionManager - Closing JPA EntityManager [SessionImpl(1245696248<open>)] after transaction
2026-03-16 16:56:00 [http-nio-8080-exec-2] DEBUG o.s.orm.jpa.JpaTransactionManager - Closing JPA EntityManager [SessionImpl(631031379<open>)] after transaction
2026-03-16 16:56:00 [http-nio-8080-exec-1] DEBUG o.s.orm.jpa.JpaTransactionManager - Closing JPA EntityManager [SessionImpl(1444937970<open>)] after transaction
2026-03-16 16:56:00 [http-nio-8080-exec-4] DEBUG c.c.p.s.jwt.JwtAuthenticationFilter - >>> [JwtFilter] Successfully authenticated user: USRCNFRM_99999999999, Authorities: [ROLE_ADMIN]
2026-03-16 16:56:00 [http-nio-8080-exec-2] DEBUG c.c.p.s.jwt.JwtAuthenticationFilter - >>> [JwtFilter] Successfully authenticated user: USRCNFRM_99999999999, Authorities: [ROLE_ADMIN]
2026-03-16 16:56:00 [http-nio-8080-exec-1] DEBUG c.c.p.s.jwt.JwtAuthenticationFilter - >>> [JwtFilter] Successfully authenticated user: USRCNFRM_99999999999, Authorities: [ROLE_ADMIN]
2026-03-16 16:56:00 [http-nio-8080-exec-4] DEBUG o.s.web.servlet.DispatcherServlet - GET "/api/v1/menu/left?menuNo=50", parameters={masked}
2026-03-16 16:56:00 [http-nio-8080-exec-2] DEBUG o.s.web.servlet.DispatcherServlet - GET "/api/v1/menu/left?menuNo=60", parameters={masked}
2026-03-16 16:56:00 [http-nio-8080-exec-1] DEBUG o.s.web.servlet.DispatcherServlet - GET "/api/v1/menu/left?menuNo=10", parameters={masked}
2026-03-16 16:56:00 [http-nio-8080-exec-4] TRACE o.s.w.s.m.m.a.RequestMappingHandlerMapping - Mapped to com.company.project.api.controller.menu.MenuController#getLeftMenu(Long)
2026-03-16 16:56:00 [http-nio-8080-exec-1] TRACE o.s.w.s.m.m.a.RequestMappingHandlerMapping - Mapped to com.company.project.api.controller.menu.MenuController#getLeftMenu(Long)
2026-03-16 16:56:00 [http-nio-8080-exec-4] INFO  c.c.p.a.c.menu.MenuController - getLeftMenu called with menuNo=50
2026-03-16 16:56:00 [http-nio-8080-exec-4] DEBUG o.s.orm.jpa.JpaTransactionManager - Creating new transaction with name [com.company.project.service.menu.MenuService.getSubMenus]: PROPAGATION_REQUIRED,ISOLATION_DEFAULT,readOnly
2026-03-16 16:56:00 [http-nio-8080-exec-2] TRACE o.s.w.s.m.m.a.RequestMappingHandlerMapping - Mapped to com.company.project.api.controller.menu.MenuController#getLeftMenu(Long)
2026-03-16 16:56:00 [http-nio-8080-exec-4] DEBUG o.s.orm.jpa.JpaTransactionManager - Opened new EntityManager [SessionImpl(1234619292<open>)] for JPA transaction
2026-03-16 16:56:00 [http-nio-8080-exec-4] DEBUG o.s.orm.jpa.JpaTransactionManager - Exposing JPA transaction as JDBC [org.springframework.orm.jpa.vendor.HibernateJpaDialect$HibernateConnectionHandle@11b470e7]
2026-03-16 16:56:00 [http-nio-8080-exec-1] INFO  c.c.p.a.c.menu.MenuController - getLeftMenu called with menuNo=10
2026-03-16 16:56:00 [http-nio-8080-exec-1] DEBUG o.s.orm.jpa.JpaTransactionManager - Creating new transaction with name [com.company.project.service.menu.MenuService.getSubMenus]: PROPAGATION_REQUIRED,ISOLATION_DEFAULT,readOnly
2026-03-16 16:56:00 [http-nio-8080-exec-2] INFO  c.c.p.a.c.menu.MenuController - getLeftMenu called with menuNo=60
2026-03-16 16:56:00 [http-nio-8080-exec-1] DEBUG o.s.orm.jpa.JpaTransactionManager - Opened new EntityManager [SessionImpl(318071321<open>)] for JPA transaction
2026-03-16 16:56:00 [http-nio-8080-exec-2] DEBUG o.s.orm.jpa.JpaTransactionManager - Creating new transaction with name [com.company.project.service.menu.MenuService.getSubMenus]: PROPAGATION_REQUIRED,ISOLATION_DEFAULT,readOnly
2026-03-16 16:56:00 [http-nio-8080-exec-6] DEBUG o.s.orm.jpa.JpaTransactionManager - Closing JPA EntityManager [SessionImpl(471100916<open>)] after transaction
2026-03-16 16:56:00 [http-nio-8080-exec-1] DEBUG o.s.orm.jpa.JpaTransactionManager - Exposing JPA transaction as JDBC [org.springframework.orm.jpa.vendor.HibernateJpaDialect$HibernateConnectionHandle@2de1c860]
2026-03-16 16:56:00 [http-nio-8080-exec-7] DEBUG o.s.orm.jpa.JpaTransactionManager - Closing JPA EntityManager [SessionImpl(342136552<open>)] after transaction
2026-03-16 16:56:00 [http-nio-8080-exec-2] DEBUG o.s.orm.jpa.JpaTransactionManager - Opened new EntityManager [SessionImpl(1413986217<open>)] for JPA transaction
2026-03-16 16:56:00 [http-nio-8080-exec-6] DEBUG c.c.p.s.jwt.JwtAuthenticationFilter - >>> [JwtFilter] Successfully authenticated user: USRCNFRM_99999999999, Authorities: [ROLE_ADMIN]
2026-03-16 16:56:00 [http-nio-8080-exec-2] DEBUG o.s.orm.jpa.JpaTransactionManager - Exposing JPA transaction as JDBC [org.springframework.orm.jpa.vendor.HibernateJpaDialect$HibernateConnectionHandle@37b4270d]
2026-03-16 16:56:00 [http-nio-8080-exec-7] DEBUG c.c.p.s.jwt.JwtAuthenticationFilter - >>> [JwtFilter] Successfully authenticated user: USRCNFRM_99999999999, Authorities: [ROLE_ADMIN]
2026-03-16 16:56:00 [http-nio-8080-exec-4] DEBUG org.hibernate.SQL - select m1_0.menu_no,m1_0.menu_dc,m1_0.menu_nm,m1_0.menu_ordr,m1_0.modern_route,m1_0.progrm_file_nm,m1_0.relate_image_nm,m1_0.relate_image_path,m1_0.route_updated_at,m1_0.upper_menu_no from nmenuinfo m1_0 order by m1_0.upper_menu_no,m1_0.menu_ordr
2026-03-16 16:56:00 [http-nio-8080-exec-7] DEBUG o.s.web.servlet.DispatcherServlet - GET "/api/v1/menu/left?menuNo=20", parameters={masked}
2026-03-16 16:56:00 [http-nio-8080-exec-6] DEBUG o.s.web.servlet.DispatcherServlet - GET "/api/v1/menu/left?menuNo=40", parameters={masked}
2026-03-16 16:56:00 [http-nio-8080-exec-2] DEBUG org.hibernate.SQL - select m1_0.menu_no,m1_0.menu_dc,m1_0.menu_nm,m1_0.menu_ordr,m1_0.modern_route,m1_0.progrm_file_nm,m1_0.relate_image_nm,m1_0.relate_image_path,m1_0.route_updated_at,m1_0.upper_menu_no from nmenuinfo m1_0 order by m1_0.upper_menu_no,m1_0.menu_ordr
2026-03-16 16:56:00 [http-nio-8080-exec-1] DEBUG org.hibernate.SQL - select m1_0.menu_no,m1_0.menu_dc,m1_0.menu_nm,m1_0.menu_ordr,m1_0.modern_route,m1_0.progrm_file_nm,m1_0.relate_image_nm,m1_0.relate_image_path,m1_0.route_updated_at,m1_0.upper_menu_no from nmenuinfo m1_0 order by m1_0.upper_menu_no,m1_0.menu_ordr
2026-03-16 16:56:00 [http-nio-8080-exec-7] TRACE o.s.w.s.m.m.a.RequestMappingHandlerMapping - Mapped to com.company.project.api.controller.menu.MenuController#getLeftMenu(Long)
2026-03-16 16:56:00 [http-nio-8080-exec-6] TRACE o.s.w.s.m.m.a.RequestMappingHandlerMapping - Mapped to com.company.project.api.controller.menu.MenuController#getLeftMenu(Long)
2026-03-16 16:56:00 [http-nio-8080-exec-7] INFO  c.c.p.a.c.menu.MenuController - getLeftMenu called with menuNo=20
2026-03-16 16:56:00 [http-nio-8080-exec-6] INFO  c.c.p.a.c.menu.MenuController - getLeftMenu called with menuNo=40
2026-03-16 16:56:00 [http-nio-8080-exec-7] DEBUG o.s.orm.jpa.JpaTransactionManager - Creating new transaction with name [com.company.project.service.menu.MenuService.getSubMenus]: PROPAGATION_REQUIRED,ISOLATION_DEFAULT,readOnly
2026-03-16 16:56:00 [http-nio-8080-exec-6] DEBUG o.s.orm.jpa.JpaTransactionManager - Creating new transaction with name [com.company.project.service.menu.MenuService.getSubMenus]: PROPAGATION_REQUIRED,ISOLATION_DEFAULT,readOnly
2026-03-16 16:56:00 [http-nio-8080-exec-7] DEBUG o.s.orm.jpa.JpaTransactionManager - Opened new EntityManager [SessionImpl(1880631960<open>)] for JPA transaction
2026-03-16 16:56:00 [http-nio-8080-exec-6] DEBUG o.s.orm.jpa.JpaTransactionManager - Opened new EntityManager [SessionImpl(2055584135<open>)] for JPA transaction
2026-03-16 16:56:00 [http-nio-8080-exec-7] DEBUG o.s.orm.jpa.JpaTransactionManager - Exposing JPA transaction as JDBC [org.springframework.orm.jpa.vendor.HibernateJpaDialect$HibernateConnectionHandle@982a2c7]
2026-03-16 16:56:00 [http-nio-8080-exec-6] DEBUG o.s.orm.jpa.JpaTransactionManager - Exposing JPA transaction as JDBC [org.springframework.orm.jpa.vendor.HibernateJpaDialect$HibernateConnectionHandle@2596f393]
2026-03-16 16:56:00 [http-nio-8080-exec-6] DEBUG org.hibernate.SQL - select m1_0.menu_no,m1_0.menu_dc,m1_0.menu_nm,m1_0.menu_ordr,m1_0.modern_route,m1_0.progrm_file_nm,m1_0.relate_image_nm,m1_0.relate_image_path,m1_0.route_updated_at,m1_0.upper_menu_no from nmenuinfo m1_0 order by m1_0.upper_menu_no,m1_0.menu_ordr
2026-03-16 16:56:00 [http-nio-8080-exec-7] DEBUG org.hibernate.SQL - select m1_0.menu_no,m1_0.menu_dc,m1_0.menu_nm,m1_0.menu_ordr,m1_0.modern_route,m1_0.progrm_file_nm,m1_0.relate_image_nm,m1_0.relate_image_path,m1_0.route_updated_at,m1_0.upper_menu_no from nmenuinfo m1_0 order by m1_0.upper_menu_no,m1_0.menu_ordr
2026-03-16 16:56:00 [http-nio-8080-exec-5] DEBUG o.s.orm.jpa.JpaTransactionManager - Closing JPA EntityManager [SessionImpl(1827286485<open>)] after transaction
2026-03-16 16:56:00 [http-nio-8080-exec-5] DEBUG o.s.orm.jpa.JpaTransactionManager - Creating new transaction with name [com.company.project.service.board.BoardService.getBoardPosts]: PROPAGATION_REQUIRED,ISOLATION_DEFAULT,readOnly
2026-03-16 16:56:00 [http-nio-8080-exec-5] DEBUG o.s.orm.jpa.JpaTransactionManager - Opened new EntityManager [SessionImpl(1455548665<open>)] for JPA transaction
2026-03-16 16:56:00 [http-nio-8080-exec-5] DEBUG o.s.orm.jpa.JpaTransactionManager - Exposing JPA transaction as JDBC [org.springframework.orm.jpa.vendor.HibernateJpaDialect$HibernateConnectionHandle@2518fe64]
2026-03-16 16:56:00 [http-nio-8080-exec-5] DEBUG o.s.orm.jpa.JpaTransactionManager - Found thread-bound EntityManager [SessionImpl(1455548665<open>)] for JPA transaction
2026-03-16 16:56:00 [http-nio-8080-exec-5] DEBUG o.s.orm.jpa.JpaTransactionManager - Participating in existing transaction
2026-03-16 16:56:00 [http-nio-8080-exec-5] DEBUG org.hibernate.SQL - select bm1_0.bbs_id,bm1_0.atch_posbl_file_number,bm1_0.atch_posbl_file_size,bm1_0.bbs_attrb_code,bm1_0.bbs_intrcn,bm1_0.bbs_nm,bm1_0.bbs_ty_code,bm1_0.blog_at,bm1_0.blog_id,bm1_0.cmmnty_id,bm1_0.frst_register_id,bm1_0.frst_regist_pnttm,bm1_0.file_atch_posbl_at,bm1_0.last_updusr_id,bm1_0.last_updt_pnttm,bm1_0.reply_posbl_at,bm1_0.tmplat_id,bm1_0.use_at,bm1_1.answer_at,bm1_1.stsfdg_at from nbbsmaster bm1_0 left join nbbsmasteroptn bm1_1 on bm1_0.bbs_id=bm1_1.bbs_id where bm1_0.bbs_id=?
2026-03-16 16:56:00 [http-nio-8080-exec-5] DEBUG org.hibernate.SQL - select b1_0.ntt_id,b1_0.bbs_id,b1_0.ntt_sj,b1_0.ntcr_nm,b1_0.frst_regist_pnttm,b1_0.rdcnt,b1_0.answer_at,b1_0.parntsctt_no,b1_0.answer_lc,b1_0.sort_ordr,b1_0.ntt_no,b1_0.notice_at,b1_0.secret_at,b1_0.comment_co from nbbs b1_0 left join nemplyrinfo u1_0 on b1_0.frst_register_id=u1_0.esntl_id where (b1_0.use_at = 'Y') and b1_0.bbs_id=? order by b1_0.sort_ordr desc,b1_0.ntt_no offset ? rows fetch first ? rows only
2026-03-16 16:56:01 [http-nio-8080-exec-4] DEBUG o.s.orm.jpa.JpaTransactionManager - Found thread-bound EntityManager [SessionImpl(1234619292<open>)] for JPA transaction
2026-03-16 16:56:01 [http-nio-8080-exec-4] DEBUG o.s.orm.jpa.JpaTransactionManager - Participating in existing transaction
2026-03-16 16:56:01 [http-nio-8080-exec-4] DEBUG org.hibernate.SQL - select p1_0.progrm_file_nm,p1_0.progrm_dc,p1_0.progrm_korean_nm,p1_0.progrm_stre_path,p1_0.url from nprogrmlist p1_0
2026-03-16 16:56:01 [http-nio-8080-exec-2] DEBUG o.s.orm.jpa.JpaTransactionManager - Found thread-bound EntityManager [SessionImpl(1413986217<open>)] for JPA transaction
2026-03-16 16:56:01 [http-nio-8080-exec-2] DEBUG o.s.orm.jpa.JpaTransactionManager - Participating in existing transaction
2026-03-16 16:56:01 [http-nio-8080-exec-2] DEBUG org.hibernate.SQL - select p1_0.progrm_file_nm,p1_0.progrm_dc,p1_0.progrm_korean_nm,p1_0.progrm_stre_path,p1_0.url from nprogrmlist p1_0
2026-03-16 16:56:01 [http-nio-8080-exec-6] DEBUG o.s.orm.jpa.JpaTransactionManager - Found thread-bound EntityManager [SessionImpl(2055584135<open>)] for JPA transaction
2026-03-16 16:56:01 [http-nio-8080-exec-6] DEBUG o.s.orm.jpa.JpaTransactionManager - Participating in existing transaction
2026-03-16 16:56:01 [http-nio-8080-exec-6] DEBUG org.hibernate.SQL - select p1_0.progrm_file_nm,p1_0.progrm_dc,p1_0.progrm_korean_nm,p1_0.progrm_stre_path,p1_0.url from nprogrmlist p1_0
2026-03-16 16:56:01 [http-nio-8080-exec-7] DEBUG o.s.orm.jpa.JpaTransactionManager - Found thread-bound EntityManager [SessionImpl(1880631960<open>)] for JPA transaction
2026-03-16 16:56:01 [http-nio-8080-exec-7] DEBUG o.s.orm.jpa.JpaTransactionManager - Participating in existing transaction
2026-03-16 16:56:01 [http-nio-8080-exec-7] DEBUG org.hibernate.SQL - select p1_0.progrm_file_nm,p1_0.progrm_dc,p1_0.progrm_korean_nm,p1_0.progrm_stre_path,p1_0.url from nprogrmlist p1_0
2026-03-16 16:56:01 [http-nio-8080-exec-5] DEBUG org.hibernate.SQL - select count(b1_0.ntt_id) from nbbs b1_0 left join nemplyrinfo u1_0 on b1_0.frst_register_id=u1_0.esntl_id where (b1_0.use_at = 'Y') and b1_0.bbs_id=?
2026-03-16 16:56:01 [http-nio-8080-exec-4] DEBUG o.s.orm.jpa.JpaTransactionManager - Initiating transaction commit
2026-03-16 16:56:01 [http-nio-8080-exec-4] DEBUG o.s.orm.jpa.JpaTransactionManager - Committing JPA transaction on EntityManager [SessionImpl(1234619292<open>)]
2026-03-16 16:56:01 [http-nio-8080-exec-2] DEBUG o.s.orm.jpa.JpaTransactionManager - Initiating transaction commit
2026-03-16 16:56:01 [http-nio-8080-exec-2] DEBUG o.s.orm.jpa.JpaTransactionManager - Committing JPA transaction on EntityManager [SessionImpl(1413986217<open>)]
2026-03-16 16:56:01 [http-nio-8080-exec-7] DEBUG o.s.orm.jpa.JpaTransactionManager - Initiating transaction commit
2026-03-16 16:56:01 [http-nio-8080-exec-7] DEBUG o.s.orm.jpa.JpaTransactionManager - Committing JPA transaction on EntityManager [SessionImpl(1880631960<open>)]
2026-03-16 16:56:01 [http-nio-8080-exec-6] DEBUG o.s.orm.jpa.JpaTransactionManager - Initiating transaction commit
2026-03-16 16:56:01 [http-nio-8080-exec-6] DEBUG o.s.orm.jpa.JpaTransactionManager - Committing JPA transaction on EntityManager [SessionImpl(2055584135<open>)]
2026-03-16 16:56:01 [http-nio-8080-exec-5] DEBUG o.s.orm.jpa.JpaTransactionManager - Initiating transaction commit
2026-03-16 16:56:01 [http-nio-8080-exec-5] DEBUG o.s.orm.jpa.JpaTransactionManager - Committing JPA transaction on EntityManager [SessionImpl(1455548665<open>)]
2026-03-16 16:56:01 [http-nio-8080-exec-1] DEBUG o.s.orm.jpa.JpaTransactionManager - Found thread-bound EntityManager [SessionImpl(318071321<open>)] for JPA transaction
2026-03-16 16:56:01 [http-nio-8080-exec-1] DEBUG o.s.orm.jpa.JpaTransactionManager - Participating in existing transaction
2026-03-16 16:56:01 [http-nio-8080-exec-1] DEBUG org.hibernate.SQL - select p1_0.progrm_file_nm,p1_0.progrm_dc,p1_0.progrm_korean_nm,p1_0.progrm_stre_path,p1_0.url from nprogrmlist p1_0
2026-03-16 16:56:01 [http-nio-8080-exec-4] DEBUG o.s.orm.jpa.JpaTransactionManager - Closing JPA EntityManager [SessionImpl(1234619292<open>)] after transaction
2026-03-16 16:56:01 [http-nio-8080-exec-4] INFO  c.c.p.a.c.menu.MenuController - getLeftMenu returned 3 items
2026-03-16 16:56:01 [http-nio-8080-exec-4] DEBUG o.s.w.s.m.m.a.HttpEntityMethodProcessor - Using 'application/json', given [application/json, text/plain, */*] and supported [application/json, application/*+json, application/yaml]
2026-03-16 16:56:01 [http-nio-8080-exec-4] TRACE o.s.w.s.m.m.a.HttpEntityMethodProcessor - Writing [ApiResponse[success=true, status=200, code=COMMON_001, message=Success, data={list=[com.company.project.service.menu.dto.MenuDto@560c09e, com.company.project.service.menu.dto.MenuDto@5e59b969, com.company.project.service.menu.dto.MenuDto@4a79d238]}, timestamp=2026-03-16T16:56:01.363412100]]
2026-03-16 16:56:01 [http-nio-8080-exec-2] DEBUG o.s.orm.jpa.JpaTransactionManager - Closing JPA EntityManager [SessionImpl(1413986217<open>)] after transaction
2026-03-16 16:56:01 [http-nio-8080-exec-4] INFO  c.c.p.a.i.OperationalAuditInterceptor - API Audit Log: URL=/api/v1/menu/left, User=webmaster, IP=0:0:0:0:0:0:0:1
2026-03-16 16:56:01 [http-nio-8080-exec-4] DEBUG o.s.web.servlet.DispatcherServlet - Completed 200 OK
2026-03-16 16:56:01 [http-nio-8080-exec-2] INFO  c.c.p.a.c.menu.MenuController - getLeftMenu returned 1 items
2026-03-16 16:56:01 [http-nio-8080-exec-2] DEBUG o.s.w.s.m.m.a.HttpEntityMethodProcessor - Using 'application/json', given [application/json, text/plain, */*] and supported [application/json, application/*+json, application/yaml]
2026-03-16 16:56:01 [http-nio-8080-exec-2] TRACE o.s.w.s.m.m.a.HttpEntityMethodProcessor - Writing [ApiResponse[success=true, status=200, code=COMMON_001, message=Success, data={list=[com.company.project.service.menu.dto.MenuDto@7601f11d]}, timestamp=2026-03-16T16:56:01.364417900]]
2026-03-16 16:56:01 [http-nio-8080-exec-2] INFO  c.c.p.a.i.OperationalAuditInterceptor - API Audit Log: URL=/api/v1/menu/left, User=webmaster, IP=0:0:0:0:0:0:0:1
2026-03-16 16:56:01 [http-nio-8080-exec-2] DEBUG o.s.web.servlet.DispatcherServlet - Completed 200 OK
2026-03-16 16:56:01 [http-nio-8080-exec-7] DEBUG o.s.orm.jpa.JpaTransactionManager - Closing JPA EntityManager [SessionImpl(1880631960<open>)] after transaction
2026-03-16 16:56:01 [http-nio-8080-exec-6] DEBUG o.s.orm.jpa.JpaTransactionManager - Closing JPA EntityManager [SessionImpl(2055584135<open>)] after transaction
2026-03-16 16:56:01 [http-nio-8080-exec-7] INFO  c.c.p.a.c.menu.MenuController - getLeftMenu returned 3 items
2026-03-16 16:56:01 [http-nio-8080-exec-6] INFO  c.c.p.a.c.menu.MenuController - getLeftMenu returned 2 items
2026-03-16 16:56:01 [http-nio-8080-exec-7] DEBUG o.s.w.s.m.m.a.HttpEntityMethodProcessor - Using 'application/json', given [application/json, text/plain, */*] and supported [application/json, application/*+json, application/yaml]
2026-03-16 16:56:01 [http-nio-8080-exec-6] DEBUG o.s.w.s.m.m.a.HttpEntityMethodProcessor - Using 'application/json', given [application/json, text/plain, */*] and supported [application/json, application/*+json, application/yaml]
2026-03-16 16:56:01 [http-nio-8080-exec-7] TRACE o.s.w.s.m.m.a.HttpEntityMethodProcessor - Writing [ApiResponse[success=true, status=200, code=COMMON_001, message=Success, data={list=[com.company.project.service.menu.dto.MenuDto@38ff05bd, com.company.project.service.menu.dto.MenuDto@44096ebc, com.company.project.service.menu.dto.MenuDto@2c2e7326]}, timestamp=2026-03-16T16:56:01.385677100]]
2026-03-16 16:56:01 [http-nio-8080-exec-6] TRACE o.s.w.s.m.m.a.HttpEntityMethodProcessor - Writing [ApiResponse[success=true, status=200, code=COMMON_001, message=Success, data={list=[com.company.project.service.menu.dto.MenuDto@77be35c2, com.company.project.service.menu.dto.MenuDto@4c809db1]}, timestamp=2026-03-16T16:56:01.385677100]]
2026-03-16 16:56:01 [http-nio-8080-exec-6] INFO  c.c.p.a.i.OperationalAuditInterceptor - API Audit Log: URL=/api/v1/menu/left, User=webmaster, IP=0:0:0:0:0:0:0:1
2026-03-16 16:56:01 [http-nio-8080-exec-6] DEBUG o.s.web.servlet.DispatcherServlet - Completed 200 OK
2026-03-16 16:56:01 [http-nio-8080-exec-7] INFO  c.c.p.a.i.OperationalAuditInterceptor - API Audit Log: URL=/api/v1/menu/left, User=webmaster, IP=0:0:0:0:0:0:0:1
2026-03-16 16:56:01 [http-nio-8080-exec-7] DEBUG o.s.web.servlet.DispatcherServlet - Completed 200 OK
2026-03-16 16:56:01 [http-nio-8080-exec-5] DEBUG o.s.orm.jpa.JpaTransactionManager - Closing JPA EntityManager [SessionImpl(1455548665<open>)] after transaction
2026-03-16 16:56:01 [http-nio-8080-exec-5] DEBUG o.s.orm.jpa.JpaTransactionManager - Creating new transaction with name [com.company.project.service.informalsanction.InformalSanctionServiceImpl.getReceivedInformalSanctionList]: PROPAGATION_REQUIRED,ISOLATION_DEFAULT,readOnly
2026-03-16 16:56:01 [http-nio-8080-exec-5] DEBUG o.s.orm.jpa.JpaTransactionManager - Opened new EntityManager [SessionImpl(937017280<open>)] for JPA transaction
2026-03-16 16:56:01 [http-nio-8080-exec-5] DEBUG o.s.orm.jpa.JpaTransactionManager - Exposing JPA transaction as JDBC [org.springframework.orm.jpa.vendor.HibernateJpaDialect$HibernateConnectionHandle@3d512915]
2026-03-16 16:56:01 [http-nio-8080-exec-5] DEBUG org.hibernate.SQL - select is1_0.infrml_sanctn_id,is1_0.applcnt_id,is1_0.confm_at,is1_0.frst_register_id,is1_0.frst_regist_pnttm,is1_0.job_se_code,is1_0.last_updusr_id,is1_0.last_updt_pnttm,is1_0.reqst_de,is1_0.return_resn,is1_0.sanctn_dt,is1_0.sanctner_id from ninfrmlsanctn is1_0 where is1_0.sanctner_id=?
2026-03-16 16:56:01 [http-nio-8080-exec-5] DEBUG o.s.orm.jpa.JpaTransactionManager - Initiating transaction commit
2026-03-16 16:56:01 [http-nio-8080-exec-5] DEBUG o.s.orm.jpa.JpaTransactionManager - Committing JPA transaction on EntityManager [SessionImpl(937017280<open>)]
2026-03-16 16:56:01 [http-nio-8080-exec-5] DEBUG o.s.orm.jpa.JpaTransactionManager - Closing JPA EntityManager [SessionImpl(937017280<open>)] after transaction
2026-03-16 16:56:01 [http-nio-8080-exec-5] DEBUG o.s.w.s.m.m.a.HttpEntityMethodProcessor - Using 'application/json', given [application/json, text/plain, */*] and supported [application/json, application/*+json, application/yaml]
2026-03-16 16:56:01 [http-nio-8080-exec-5] TRACE o.s.w.s.m.m.a.HttpEntityMethodProcessor - Writing [{notiList=[com.company.project.service.board.dto.BoardDto@715b05cd], success=true, taskList=[com.company.project.service.board.dto.BoardDto@71abc299], pendingApprovalCount=0}]
2026-03-16 16:56:01 [http-nio-8080-exec-5] INFO  c.c.p.a.i.OperationalAuditInterceptor - API Audit Log: URL=/api/v1/dashboard, User=webmaster, IP=0:0:0:0:0:0:0:1
2026-03-16 16:56:01 [http-nio-8080-exec-5] DEBUG o.s.web.servlet.DispatcherServlet - Completed 200 OK
2026-03-16 16:56:01 [http-nio-8080-exec-1] DEBUG o.s.orm.jpa.JpaTransactionManager - Initiating transaction commit
2026-03-16 16:56:01 [http-nio-8080-exec-1] DEBUG o.s.orm.jpa.JpaTransactionManager - Committing JPA transaction on EntityManager [SessionImpl(318071321<open>)]
2026-03-16 16:56:01 [http-nio-8080-exec-1] DEBUG o.s.orm.jpa.JpaTransactionManager - Closing JPA EntityManager [SessionImpl(318071321<open>)] after transaction
2026-03-16 16:56:01 [http-nio-8080-exec-1] INFO  c.c.p.a.c.menu.MenuController - getLeftMenu returned 5 items
2026-03-16 16:56:01 [http-nio-8080-exec-1] DEBUG o.s.w.s.m.m.a.HttpEntityMethodProcessor - Using 'application/json', given [application/json, text/plain, */*] and supported [application/json, application/*+json, application/yaml]
2026-03-16 16:56:01 [http-nio-8080-exec-1] TRACE o.s.w.s.m.m.a.HttpEntityMethodProcessor - Writing [ApiResponse[success=true, status=200, code=COMMON_001, message=Success, data={list=[com.company.project.service.menu.dto.MenuDto@363ace07, com.company.project.service.menu.dto.MenuDto@432b8aad, com.company.project.service.menu.dto.MenuDto@133a633b, com.company.project.service.menu.dto.MenuDto@2c20cfa3, com.company.project.service.menu.dto.MenuDto@4c0a76d6]}, timestamp=2026-03-16T16:56:01.959647600]]
2026-03-16 16:56:01 [http-nio-8080-exec-1] INFO  c.c.p.a.i.OperationalAuditInterceptor - API Audit Log: URL=/api/v1/menu/left, User=webmaster, IP=0:0:0:0:0:0:0:1
2026-03-16 16:56:01 [http-nio-8080-exec-1] DEBUG o.s.web.servlet.DispatcherServlet - Completed 200 OK
2026-03-16 16:56:02 [http-nio-8080-exec-3] DEBUG c.c.p.s.jwt.JwtAuthenticationFilter - >>> [JwtFilter] Processing request: GET /api/v1/menu/left
2026-03-16 16:56:02 [http-nio-8080-exec-3] DEBUG c.c.p.s.jwt.JwtAuthenticationFilter - >>> [JwtFilter] Found token in header for path: /api/v1/menu/left
2026-03-16 16:56:02 [http-nio-8080-exec-3] DEBUG o.s.orm.jpa.JpaTransactionManager - Creating new transaction with name [com.company.project.security.iam.CustomUserDetailsService.loadUserByUsername]: PROPAGATION_REQUIRED,ISOLATION_DEFAULT,readOnly
2026-03-16 16:56:02 [http-nio-8080-exec-3] DEBUG o.s.orm.jpa.JpaTransactionManager - Opened new EntityManager [SessionImpl(915479598<open>)] for JPA transaction
2026-03-16 16:56:02 [http-nio-8080-exec-9] DEBUG c.c.p.s.jwt.JwtAuthenticationFilter - >>> [JwtFilter] Processing request: GET /api/v1/auth/me
2026-03-16 16:56:02 [http-nio-8080-exec-9] DEBUG c.c.p.s.jwt.JwtAuthenticationFilter - >>> [JwtFilter] Found token in header for path: /api/v1/auth/me
2026-03-16 16:56:02 [http-nio-8080-exec-10] DEBUG c.c.p.s.jwt.JwtAuthenticationFilter - >>> [JwtFilter] Processing request: GET /api/v1/menu/head
2026-03-16 16:56:02 [http-nio-8080-exec-10] DEBUG c.c.p.s.jwt.JwtAuthenticationFilter - >>> [JwtFilter] Found token in header for path: /api/v1/menu/head
2026-03-16 16:56:02 [http-nio-8080-exec-9] DEBUG o.s.orm.jpa.JpaTransactionManager - Creating new transaction with name [com.company.project.security.iam.CustomUserDetailsService.loadUserByUsername]: PROPAGATION_REQUIRED,ISOLATION_DEFAULT,readOnly
2026-03-16 16:56:02 [http-nio-8080-exec-10] DEBUG o.s.orm.jpa.JpaTransactionManager - Creating new transaction with name [com.company.project.security.iam.CustomUserDetailsService.loadUserByUsername]: PROPAGATION_REQUIRED,ISOLATION_DEFAULT,readOnly
2026-03-16 16:56:02 [http-nio-8080-exec-9] DEBUG o.s.orm.jpa.JpaTransactionManager - Opened new EntityManager [SessionImpl(633887648<open>)] for JPA transaction
2026-03-16 16:56:02 [http-nio-8080-exec-10] DEBUG o.s.orm.jpa.JpaTransactionManager - Opened new EntityManager [SessionImpl(1529790069<open>)] for JPA transaction
2026-03-16 16:56:02 [http-nio-8080-exec-9] DEBUG o.s.orm.jpa.JpaTransactionManager - Exposing JPA transaction as JDBC [org.springframework.orm.jpa.vendor.HibernateJpaDialect$HibernateConnectionHandle@6bd3668e]
2026-03-16 16:56:02 [http-nio-8080-exec-9] DEBUG o.s.orm.jpa.JpaTransactionManager - Found thread-bound EntityManager [SessionImpl(633887648<open>)] for JPA transaction
2026-03-16 16:56:02 [http-nio-8080-exec-9] DEBUG o.s.orm.jpa.JpaTransactionManager - Participating in existing transaction
2026-03-16 16:56:02 [http-nio-8080-exec-9] DEBUG org.hibernate.SQL - select u1_0.emplyr_id,u1_0.area_no,u1_0.brthdy,u1_0.chg_pwd_cnt,u1_0.frst_register_id,u1_0.frst_regist_pnttm,u1_0.detail_adres,u1_0.email_adres,u1_0.emplyr_sttus_code,u1_0.empl_no,u1_0.esntl_id,u1_0.fxnum,u1_0.group_id,u1_0.house_adres,u1_0.house_end_telno,u1_0.house_middle_telno,u1_0.ihidnum,u1_0.pstinst_code,u1_0.last_updusr_id,u1_0.last_updt_pnttm,u1_0.lock_at,u1_0.lock_cnt,u1_0.lock_last_pnttm,u1_0.mbtlnum,u1_0.ofcps_nm,u1_0.offm_telno,u1_0.orgnzt_id,u1_0.password,u1_0.password_cnsr,u1_0.password_hint,u1_0.chg_pwd_last_pnttm,u1_0.role,u1_0.sbscrb_de,u1_0.sexdstn_code,u1_0.crtfc_dn_value,u1_0.user_nm,u1_0.zip from nemplyrinfo u1_0 where u1_0.emplyr_id=?
2026-03-16 16:56:02 [http-nio-8080-exec-3] DEBUG o.s.orm.jpa.JpaTransactionManager - Exposing JPA transaction as JDBC [org.springframework.orm.jpa.vendor.HibernateJpaDialect$HibernateConnectionHandle@602a575d]
2026-03-16 16:56:02 [http-nio-8080-exec-3] DEBUG o.s.orm.jpa.JpaTransactionManager - Found thread-bound EntityManager [SessionImpl(915479598<open>)] for JPA transaction
2026-03-16 16:56:02 [http-nio-8080-exec-3] DEBUG o.s.orm.jpa.JpaTransactionManager - Participating in existing transaction
2026-03-16 16:56:02 [http-nio-8080-exec-3] DEBUG org.hibernate.SQL - select u1_0.emplyr_id,u1_0.area_no,u1_0.brthdy,u1_0.chg_pwd_cnt,u1_0.frst_register_id,u1_0.frst_regist_pnttm,u1_0.detail_adres,u1_0.email_adres,u1_0.emplyr_sttus_code,u1_0.empl_no,u1_0.esntl_id,u1_0.fxnum,u1_0.group_id,u1_0.house_adres,u1_0.house_end_telno,u1_0.house_middle_telno,u1_0.ihidnum,u1_0.pstinst_code,u1_0.last_updusr_id,u1_0.last_updt_pnttm,u1_0.lock_at,u1_0.lock_cnt,u1_0.lock_last_pnttm,u1_0.mbtlnum,u1_0.ofcps_nm,u1_0.offm_telno,u1_0.orgnzt_id,u1_0.password,u1_0.password_cnsr,u1_0.password_hint,u1_0.chg_pwd_last_pnttm,u1_0.role,u1_0.sbscrb_de,u1_0.sexdstn_code,u1_0.crtfc_dn_value,u1_0.user_nm,u1_0.zip from nemplyrinfo u1_0 where u1_0.emplyr_id=?
2026-03-16 16:56:02 [http-nio-8080-exec-10] DEBUG o.s.orm.jpa.JpaTransactionManager - Exposing JPA transaction as JDBC [org.springframework.orm.jpa.vendor.HibernateJpaDialect$HibernateConnectionHandle@3e2fbea6]
2026-03-16 16:56:02 [http-nio-8080-exec-10] DEBUG o.s.orm.jpa.JpaTransactionManager - Found thread-bound EntityManager [SessionImpl(1529790069<open>)] for JPA transaction
2026-03-16 16:56:02 [http-nio-8080-exec-10] DEBUG o.s.orm.jpa.JpaTransactionManager - Participating in existing transaction
2026-03-16 16:56:02 [http-nio-8080-exec-10] DEBUG org.hibernate.SQL - select u1_0.emplyr_id,u1_0.area_no,u1_0.brthdy,u1_0.chg_pwd_cnt,u1_0.frst_register_id,u1_0.frst_regist_pnttm,u1_0.detail_adres,u1_0.email_adres,u1_0.emplyr_sttus_code,u1_0.empl_no,u1_0.esntl_id,u1_0.fxnum,u1_0.group_id,u1_0.house_adres,u1_0.house_end_telno,u1_0.house_middle_telno,u1_0.ihidnum,u1_0.pstinst_code,u1_0.last_updusr_id,u1_0.last_updt_pnttm,u1_0.lock_at,u1_0.lock_cnt,u1_0.lock_last_pnttm,u1_0.mbtlnum,u1_0.ofcps_nm,u1_0.offm_telno,u1_0.orgnzt_id,u1_0.password,u1_0.password_cnsr,u1_0.password_hint,u1_0.chg_pwd_last_pnttm,u1_0.role,u1_0.sbscrb_de,u1_0.sexdstn_code,u1_0.crtfc_dn_value,u1_0.user_nm,u1_0.zip from nemplyrinfo u1_0 where u1_0.emplyr_id=?
2026-03-16 16:56:02 [http-nio-8080-exec-9] DEBUG o.s.orm.jpa.JpaTransactionManager - Found thread-bound EntityManager [SessionImpl(633887648<open>)] for JPA transaction
2026-03-16 16:56:02 [http-nio-8080-exec-9] DEBUG o.s.orm.jpa.JpaTransactionManager - Participating in existing transaction
2026-03-16 16:56:02 [http-nio-8080-exec-9] DEBUG org.hibernate.SQL - select ua1_0.scrty_dtrmn_trget_id,ua1_0.author_code,ua1_0.frst_register_id,ua1_0.frst_regist_pnttm,ua1_0.last_updusr_id,ua1_0.last_updt_pnttm,ua1_0.mber_ty_code from nemplyrscrtyestbs ua1_0 where ua1_0.scrty_dtrmn_trget_id=?
2026-03-16 16:56:02 [http-nio-8080-exec-3] DEBUG o.s.orm.jpa.JpaTransactionManager - Found thread-bound EntityManager [SessionImpl(915479598<open>)] for JPA transaction
2026-03-16 16:56:02 [http-nio-8080-exec-3] DEBUG o.s.orm.jpa.JpaTransactionManager - Participating in existing transaction
2026-03-16 16:56:02 [http-nio-8080-exec-3] DEBUG org.hibernate.SQL - select ua1_0.scrty_dtrmn_trget_id,ua1_0.author_code,ua1_0.frst_register_id,ua1_0.frst_regist_pnttm,ua1_0.last_updusr_id,ua1_0.last_updt_pnttm,ua1_0.mber_ty_code from nemplyrscrtyestbs ua1_0 where ua1_0.scrty_dtrmn_trget_id=?
2026-03-16 16:56:02 [http-nio-8080-exec-10] DEBUG o.s.orm.jpa.JpaTransactionManager - Found thread-bound EntityManager [SessionImpl(1529790069<open>)] for JPA transaction
2026-03-16 16:56:02 [http-nio-8080-exec-10] DEBUG o.s.orm.jpa.JpaTransactionManager - Participating in existing transaction
2026-03-16 16:56:02 [http-nio-8080-exec-10] DEBUG org.hibernate.SQL - select ua1_0.scrty_dtrmn_trget_id,ua1_0.author_code,ua1_0.frst_register_id,ua1_0.frst_regist_pnttm,ua1_0.last_updusr_id,ua1_0.last_updt_pnttm,ua1_0.mber_ty_code from nemplyrscrtyestbs ua1_0 where ua1_0.scrty_dtrmn_trget_id=?
2026-03-16 16:56:02 [http-nio-8080-exec-9] DEBUG o.s.orm.jpa.JpaTransactionManager - Initiating transaction commit
2026-03-16 16:56:02 [http-nio-8080-exec-9] DEBUG o.s.orm.jpa.JpaTransactionManager - Committing JPA transaction on EntityManager [SessionImpl(633887648<open>)]
2026-03-16 16:56:02 [http-nio-8080-exec-3] DEBUG o.s.orm.jpa.JpaTransactionManager - Initiating transaction commit
2026-03-16 16:56:02 [http-nio-8080-exec-10] DEBUG o.s.orm.jpa.JpaTransactionManager - Initiating transaction commit
2026-03-16 16:56:02 [http-nio-8080-exec-3] DEBUG o.s.orm.jpa.JpaTransactionManager - Committing JPA transaction on EntityManager [SessionImpl(915479598<open>)]
2026-03-16 16:56:02 [http-nio-8080-exec-10] DEBUG o.s.orm.jpa.JpaTransactionManager - Committing JPA transaction on EntityManager [SessionImpl(1529790069<open>)]
2026-03-16 16:56:03 [http-nio-8080-exec-9] DEBUG o.s.orm.jpa.JpaTransactionManager - Closing JPA EntityManager [SessionImpl(633887648<open>)] after transaction
2026-03-16 16:56:03 [http-nio-8080-exec-9] DEBUG c.c.p.s.jwt.JwtAuthenticationFilter - >>> [JwtFilter] Successfully authenticated user: USRCNFRM_99999999999, Authorities: [ROLE_ADMIN]
2026-03-16 16:56:03 [http-nio-8080-exec-9] DEBUG o.s.web.servlet.DispatcherServlet - GET "/api/v1/auth/me", parameters={}
2026-03-16 16:56:03 [http-nio-8080-exec-9] TRACE o.s.w.s.m.m.a.RequestMappingHandlerMapping - Mapped to com.company.project.api.auth.AuthController#getCurrentUser()
2026-03-16 16:56:03 [http-nio-8080-exec-9] DEBUG o.s.w.s.m.m.a.RequestResponseBodyMethodProcessor - Using 'application/json', given [application/json, text/plain, */*] and supported [application/json, application/*+json, application/yaml]
2026-03-16 16:56:03 [http-nio-8080-exec-9] TRACE o.s.w.s.m.m.a.RequestResponseBodyMethodProcessor - Writing [ApiResponse[success=true, status=200, code=COMMON_001, message=Success, data={role=ROLE_ADMIN, userSe=EMP, name=관리자, id=webmaster}, timestamp=2026-03-16T16:56:03.004786900]]
2026-03-16 16:56:03 [http-nio-8080-exec-9] INFO  c.c.p.a.i.OperationalAuditInterceptor - API Audit Log: URL=/api/v1/auth/me, User=webmaster, IP=127.0.0.1
2026-03-16 16:56:03 [http-nio-8080-exec-9] DEBUG o.s.web.servlet.DispatcherServlet - Completed 200 OK
2026-03-16 16:56:03 [http-nio-8080-exec-10] DEBUG o.s.orm.jpa.JpaTransactionManager - Closing JPA EntityManager [SessionImpl(1529790069<open>)] after transaction
2026-03-16 16:56:03 [http-nio-8080-exec-3] DEBUG o.s.orm.jpa.JpaTransactionManager - Closing JPA EntityManager [SessionImpl(915479598<open>)] after transaction
2026-03-16 16:56:03 [http-nio-8080-exec-10] DEBUG c.c.p.s.jwt.JwtAuthenticationFilter - >>> [JwtFilter] Successfully authenticated user: USRCNFRM_99999999999, Authorities: [ROLE_ADMIN]
2026-03-16 16:56:03 [http-nio-8080-exec-3] DEBUG c.c.p.s.jwt.JwtAuthenticationFilter - >>> [JwtFilter] Successfully authenticated user: USRCNFRM_99999999999, Authorities: [ROLE_ADMIN]
2026-03-16 16:56:03 [http-nio-8080-exec-10] DEBUG o.s.web.servlet.DispatcherServlet - GET "/api/v1/menu/head", parameters={}
2026-03-16 16:56:03 [http-nio-8080-exec-3] DEBUG o.s.web.servlet.DispatcherServlet - GET "/api/v1/menu/left?menuNo=10", parameters={masked}
2026-03-16 16:56:03 [http-nio-8080-exec-3] TRACE o.s.w.s.m.m.a.RequestMappingHandlerMapping - Mapped to com.company.project.api.controller.menu.MenuController#getLeftMenu(Long)
2026-03-16 16:56:03 [http-nio-8080-exec-10] TRACE o.s.w.s.m.m.a.RequestMappingHandlerMapping - Mapped to com.company.project.api.controller.menu.MenuController#getHeadMenu()
2026-03-16 16:56:03 [http-nio-8080-exec-10] INFO  c.c.p.a.c.menu.MenuController - getHeadMenu called
2026-03-16 16:56:03 [http-nio-8080-exec-3] INFO  c.c.p.a.c.menu.MenuController - getLeftMenu called with menuNo=10
2026-03-16 16:56:03 [http-nio-8080-exec-3] DEBUG o.s.orm.jpa.JpaTransactionManager - Creating new transaction with name [com.company.project.service.menu.MenuService.getSubMenus]: PROPAGATION_REQUIRED,ISOLATION_DEFAULT,readOnly
2026-03-16 16:56:03 [http-nio-8080-exec-3] DEBUG o.s.orm.jpa.JpaTransactionManager - Opened new EntityManager [SessionImpl(644247199<open>)] for JPA transaction
2026-03-16 16:56:03 [http-nio-8080-exec-3] DEBUG o.s.orm.jpa.JpaTransactionManager - Exposing JPA transaction as JDBC [org.springframework.orm.jpa.vendor.HibernateJpaDialect$HibernateConnectionHandle@260b39d2]
2026-03-16 16:56:03 [http-nio-8080-exec-10] INFO  c.c.p.a.c.menu.MenuController - getHeadMenu returned 5 items
2026-03-16 16:56:03 [http-nio-8080-exec-10] DEBUG o.s.w.s.m.m.a.HttpEntityMethodProcessor - Using 'application/json', given [application/json, text/plain, */*] and supported [application/json, application/*+json, application/yaml]
2026-03-16 16:56:03 [http-nio-8080-exec-3] DEBUG org.hibernate.SQL - select m1_0.menu_no,m1_0.menu_dc,m1_0.menu_nm,m1_0.menu_ordr,m1_0.modern_route,m1_0.progrm_file_nm,m1_0.relate_image_nm,m1_0.relate_image_path,m1_0.route_updated_at,m1_0.upper_menu_no from nmenuinfo m1_0 order by m1_0.upper_menu_no,m1_0.menu_ordr
2026-03-16 16:56:03 [http-nio-8080-exec-10] TRACE o.s.w.s.m.m.a.HttpEntityMethodProcessor - Writing [ApiResponse[success=true, status=200, code=COMMON_001, message=Success, data={list=[com.company.project.service.menu.dto.MenuDto@2b80d6b0, com.company.project.service.menu.dto.MenuDto@1418cfa3, com.company.project.service.menu.dto.MenuDto@f230bf1, com.company.project.service.menu.dto.MenuDto@734a7f6a, com.company.project.service.menu.dto.MenuDto@5e5202e5]}, timestamp=2026-03-16T16:56:03.025129300]]
2026-03-16 16:56:03 [http-nio-8080-exec-10] INFO  c.c.p.a.i.OperationalAuditInterceptor - API Audit Log: URL=/api/v1/menu/head, User=webmaster, IP=127.0.0.1
2026-03-16 16:56:03 [http-nio-8080-exec-10] DEBUG o.s.web.servlet.DispatcherServlet - Completed 200 OK
2026-03-16 16:56:03 [http-nio-8080-exec-8] DEBUG c.c.p.s.jwt.JwtAuthenticationFilter - >>> [JwtFilter] Processing request: GET /api/v1/notifications
2026-03-16 16:56:03 [http-nio-8080-exec-8] DEBUG c.c.p.s.jwt.JwtAuthenticationFilter - >>> [JwtFilter] Found token in header for path: /api/v1/notifications
2026-03-16 16:56:03 [http-nio-8080-exec-8] DEBUG o.s.orm.jpa.JpaTransactionManager - Creating new transaction with name [com.company.project.security.iam.CustomUserDetailsService.loadUserByUsername]: PROPAGATION_REQUIRED,ISOLATION_DEFAULT,readOnly
2026-03-16 16:56:03 [http-nio-8080-exec-8] DEBUG o.s.orm.jpa.JpaTransactionManager - Opened new EntityManager [SessionImpl(383830839<open>)] for JPA transaction
2026-03-16 16:56:03 [http-nio-8080-exec-4] DEBUG c.c.p.s.jwt.JwtAuthenticationFilter - >>> [JwtFilter] Processing request: GET /api/v1/notifications/unread-count
2026-03-16 16:56:03 [http-nio-8080-exec-6] DEBUG c.c.p.s.jwt.JwtAuthenticationFilter - >>> [JwtFilter] Processing request: GET /api/v1/popups/active
2026-03-16 16:56:03 [http-nio-8080-exec-4] DEBUG c.c.p.s.jwt.JwtAuthenticationFilter - >>> [JwtFilter] Found token in header for path: /api/v1/notifications/unread-count
2026-03-16 16:56:03 [http-nio-8080-exec-2] DEBUG c.c.p.s.jwt.JwtAuthenticationFilter - >>> [JwtFilter] Processing request: GET /api/v1/admin/system/banners/reflected
2026-03-16 16:56:03 [http-nio-8080-exec-6] DEBUG c.c.p.s.jwt.JwtAuthenticationFilter - >>> [JwtFilter] Found token in header for path: /api/v1/popups/active
2026-03-16 16:56:03 [http-nio-8080-exec-2] DEBUG c.c.p.s.jwt.JwtAuthenticationFilter - >>> [JwtFilter] Found token in header for path: /api/v1/admin/system/banners/reflected
2026-03-16 16:56:03 [http-nio-8080-exec-6] DEBUG o.s.orm.jpa.JpaTransactionManager - Creating new transaction with name [com.company.project.security.iam.CustomUserDetailsService.loadUserByUsername]: PROPAGATION_REQUIRED,ISOLATION_DEFAULT,readOnly
2026-03-16 16:56:03 [http-nio-8080-exec-4] DEBUG o.s.orm.jpa.JpaTransactionManager - Creating new transaction with name [com.company.project.security.iam.CustomUserDetailsService.loadUserByUsername]: PROPAGATION_REQUIRED,ISOLATION_DEFAULT,readOnly
2026-03-16 16:56:03 [http-nio-8080-exec-2] DEBUG o.s.orm.jpa.JpaTransactionManager - Creating new transaction with name [com.company.project.security.iam.CustomUserDetailsService.loadUserByUsername]: PROPAGATION_REQUIRED,ISOLATION_DEFAULT,readOnly
2026-03-16 16:56:03 [http-nio-8080-exec-6] DEBUG o.s.orm.jpa.JpaTransactionManager - Opened new EntityManager [SessionImpl(1916936919<open>)] for JPA transaction
2026-03-16 16:56:03 [http-nio-8080-exec-4] DEBUG o.s.orm.jpa.JpaTransactionManager - Opened new EntityManager [SessionImpl(1874847489<open>)] for JPA transaction
2026-03-16 16:56:03 [http-nio-8080-exec-2] DEBUG o.s.orm.jpa.JpaTransactionManager - Opened new EntityManager [SessionImpl(1460576248<open>)] for JPA transaction
2026-03-16 16:56:03 [http-nio-8080-exec-7] DEBUG o.s.web.servlet.DispatcherServlet - GET "/ws/info?t=1773647763079", parameters={masked}
2026-03-16 16:56:03 [http-nio-8080-exec-7] DEBUG o.s.w.s.s.s.WebSocketHandlerMapping - Mapped to org.springframework.web.socket.sockjs.support.SockJsHttpRequestHandler@3d80b7ba
2026-03-16 16:56:03 [http-nio-8080-exec-7] DEBUG o.s.w.s.s.t.h.DefaultSockJsService - Processing transport request: GET http://localhost:8080/ws/info?t=1773647763079
2026-03-16 16:56:03 [http-nio-8080-exec-7] DEBUG o.s.web.servlet.DispatcherServlet - Completed 200 OK
2026-03-16 16:56:03 [http-nio-8080-exec-5] DEBUG o.s.web.servlet.DispatcherServlet - GET "/ws/641/amtac5jc/websocket", parameters={}
2026-03-16 16:56:03 [http-nio-8080-exec-5] DEBUG o.s.w.s.s.s.WebSocketHandlerMapping - Mapped to org.springframework.web.socket.sockjs.support.SockJsHttpRequestHandler@3d80b7ba
2026-03-16 16:56:03 [http-nio-8080-exec-5] DEBUG o.s.w.s.s.t.h.DefaultSockJsService - Processing transport request: GET http://localhost:8080/ws/641/amtac5jc/websocket
2026-03-16 16:56:03 [http-nio-8080-exec-5] DEBUG o.s.web.servlet.DispatcherServlet - Completed 101 SWITCHING_PROTOCOLS
2026-03-16 16:56:03 [http-nio-8080-exec-5] DEBUG o.s.w.s.h.LoggingWebSocketHandlerDecorator - New WebSocketServerSockJsSession[id=amtac5jc]
2026-03-16 16:56:03 [scheduling-1] DEBUG org.springframework.web.SimpLogging - Processing CONNECT session=amtac5jc
2026-03-16 16:56:03 [scheduling-1] DEBUG org.springframework.web.SimpLogging - Processing SUBSCRIBE /topic/notices id=sub-0 session=amtac5jc
2026-03-16 16:56:03 [scheduling-1] DEBUG org.springframework.web.SimpLogging - Processing SUBSCRIBE destination=/queue/notifications-useramtac5jc subscriptionId=sub-1 session=amtac5jc payload=byte[0]
2026-03-16 16:56:03 [scheduling-1] DEBUG org.springframework.web.SimpLogging - Processing SUBSCRIBE /topic/public id=sub-2 session=amtac5jc
2026-03-16 16:56:03 [scheduling-1] DEBUG org.springframework.web.SimpLogging - Processing SUBSCRIBE /topic/dashboard/stats id=sub-4 session=amtac5jc
2026-03-16 16:56:03 [scheduling-1] DEBUG org.springframework.web.SimpLogging - Processing SUBSCRIBE /topic/notifications id=sub-5 session=amtac5jc
2026-03-16 16:56:03 [scheduling-1] DEBUG org.springframework.web.SimpLogging - Processing SUBSCRIBE destination=/queue/notifications-useramtac5jc subscriptionId=sub-6 session=amtac5jc payload=byte[0]
2026-03-16 16:56:03 [http-nio-8080-exec-7] DEBUG c.c.p.s.jwt.JwtAuthenticationFilter - >>> [JwtFilter] Processing request: GET /api/v1/admin/system/statistics/connect
2026-03-16 16:56:03 [http-nio-8080-exec-7] DEBUG c.c.p.s.jwt.JwtAuthenticationFilter - >>> [JwtFilter] Found token in header for path: /api/v1/admin/system/statistics/connect
2026-03-16 16:56:03 [http-nio-8080-exec-7] DEBUG o.s.orm.jpa.JpaTransactionManager - Creating new transaction with name [com.company.project.security.iam.CustomUserDetailsService.loadUserByUsername]: PROPAGATION_REQUIRED,ISOLATION_DEFAULT,readOnly
2026-03-16 16:56:03 [http-nio-8080-exec-7] DEBUG o.s.orm.jpa.JpaTransactionManager - Opened new EntityManager [SessionImpl(588913855<open>)] for JPA transaction
2026-03-16 16:56:03 [http-nio-8080-exec-2] DEBUG o.s.orm.jpa.JpaTransactionManager - Exposing JPA transaction as JDBC [org.springframework.orm.jpa.vendor.HibernateJpaDialect$HibernateConnectionHandle@366a601f]
2026-03-16 16:56:03 [http-nio-8080-exec-2] DEBUG o.s.orm.jpa.JpaTransactionManager - Found thread-bound EntityManager [SessionImpl(1460576248<open>)] for JPA transaction
2026-03-16 16:56:03 [http-nio-8080-exec-2] DEBUG o.s.orm.jpa.JpaTransactionManager - Participating in existing transaction
2026-03-16 16:56:03 [http-nio-8080-exec-2] DEBUG org.hibernate.SQL - select u1_0.emplyr_id,u1_0.area_no,u1_0.brthdy,u1_0.chg_pwd_cnt,u1_0.frst_register_id,u1_0.frst_regist_pnttm,u1_0.detail_adres,u1_0.email_adres,u1_0.emplyr_sttus_code,u1_0.empl_no,u1_0.esntl_id,u1_0.fxnum,u1_0.group_id,u1_0.house_adres,u1_0.house_end_telno,u1_0.house_middle_telno,u1_0.ihidnum,u1_0.pstinst_code,u1_0.last_updusr_id,u1_0.last_updt_pnttm,u1_0.lock_at,u1_0.lock_cnt,u1_0.lock_last_pnttm,u1_0.mbtlnum,u1_0.ofcps_nm,u1_0.offm_telno,u1_0.orgnzt_id,u1_0.password,u1_0.password_cnsr,u1_0.password_hint,u1_0.chg_pwd_last_pnttm,u1_0.role,u1_0.sbscrb_de,u1_0.sexdstn_code,u1_0.crtfc_dn_value,u1_0.user_nm,u1_0.zip from nemplyrinfo u1_0 where u1_0.emplyr_id=?
2026-03-16 16:56:03 [http-nio-8080-exec-4] DEBUG o.s.orm.jpa.JpaTransactionManager - Exposing JPA transaction as JDBC [org.springframework.orm.jpa.vendor.HibernateJpaDialect$HibernateConnectionHandle@6c58ae58]
2026-03-16 16:56:03 [http-nio-8080-exec-4] DEBUG o.s.orm.jpa.JpaTransactionManager - Found thread-bound EntityManager [SessionImpl(1874847489<open>)] for JPA transaction
2026-03-16 16:56:03 [http-nio-8080-exec-4] DEBUG o.s.orm.jpa.JpaTransactionManager - Participating in existing transaction
2026-03-16 16:56:03 [http-nio-8080-exec-4] DEBUG org.hibernate.SQL - select u1_0.emplyr_id,u1_0.area_no,u1_0.brthdy,u1_0.chg_pwd_cnt,u1_0.frst_register_id,u1_0.frst_regist_pnttm,u1_0.detail_adres,u1_0.email_adres,u1_0.emplyr_sttus_code,u1_0.empl_no,u1_0.esntl_id,u1_0.fxnum,u1_0.group_id,u1_0.house_adres,u1_0.house_end_telno,u1_0.house_middle_telno,u1_0.ihidnum,u1_0.pstinst_code,u1_0.last_updusr_id,u1_0.last_updt_pnttm,u1_0.lock_at,u1_0.lock_cnt,u1_0.lock_last_pnttm,u1_0.mbtlnum,u1_0.ofcps_nm,u1_0.offm_telno,u1_0.orgnzt_id,u1_0.password,u1_0.password_cnsr,u1_0.password_hint,u1_0.chg_pwd_last_pnttm,u1_0.role,u1_0.sbscrb_de,u1_0.sexdstn_code,u1_0.crtfc_dn_value,u1_0.user_nm,u1_0.zip from nemplyrinfo u1_0 where u1_0.emplyr_id=?
2026-03-16 16:56:03 [http-nio-8080-exec-8] DEBUG o.s.orm.jpa.JpaTransactionManager - Exposing JPA transaction as JDBC [org.springframework.orm.jpa.vendor.HibernateJpaDialect$HibernateConnectionHandle@1b7d8ca0]
2026-03-16 16:56:03 [http-nio-8080-exec-8] DEBUG o.s.orm.jpa.JpaTransactionManager - Found thread-bound EntityManager [SessionImpl(383830839<open>)] for JPA transaction
2026-03-16 16:56:03 [http-nio-8080-exec-8] DEBUG o.s.orm.jpa.JpaTransactionManager - Participating in existing transaction
2026-03-16 16:56:03 [http-nio-8080-exec-8] DEBUG org.hibernate.SQL - select u1_0.emplyr_id,u1_0.area_no,u1_0.brthdy,u1_0.chg_pwd_cnt,u1_0.frst_register_id,u1_0.frst_regist_pnttm,u1_0.detail_adres,u1_0.email_adres,u1_0.emplyr_sttus_code,u1_0.empl_no,u1_0.esntl_id,u1_0.fxnum,u1_0.group_id,u1_0.house_adres,u1_0.house_end_telno,u1_0.house_middle_telno,u1_0.ihidnum,u1_0.pstinst_code,u1_0.last_updusr_id,u1_0.last_updt_pnttm,u1_0.lock_at,u1_0.lock_cnt,u1_0.lock_last_pnttm,u1_0.mbtlnum,u1_0.ofcps_nm,u1_0.offm_telno,u1_0.orgnzt_id,u1_0.password,u1_0.password_cnsr,u1_0.password_hint,u1_0.chg_pwd_last_pnttm,u1_0.role,u1_0.sbscrb_de,u1_0.sexdstn_code,u1_0.crtfc_dn_value,u1_0.user_nm,u1_0.zip from nemplyrinfo u1_0 where u1_0.emplyr_id=?
2026-03-16 16:56:03 [http-nio-8080-exec-6] DEBUG o.s.orm.jpa.JpaTransactionManager - Exposing JPA transaction as JDBC [org.springframework.orm.jpa.vendor.HibernateJpaDialect$HibernateConnectionHandle@2940ebc8]
2026-03-16 16:56:03 [http-nio-8080-exec-6] DEBUG o.s.orm.jpa.JpaTransactionManager - Found thread-bound EntityManager [SessionImpl(1916936919<open>)] for JPA transaction
2026-03-16 16:56:03 [http-nio-8080-exec-6] DEBUG o.s.orm.jpa.JpaTransactionManager - Participating in existing transaction
2026-03-16 16:56:03 [http-nio-8080-exec-6] DEBUG org.hibernate.SQL - select u1_0.emplyr_id,u1_0.area_no,u1_0.brthdy,u1_0.chg_pwd_cnt,u1_0.frst_register_id,u1_0.frst_regist_pnttm,u1_0.detail_adres,u1_0.email_adres,u1_0.emplyr_sttus_code,u1_0.empl_no,u1_0.esntl_id,u1_0.fxnum,u1_0.group_id,u1_0.house_adres,u1_0.house_end_telno,u1_0.house_middle_telno,u1_0.ihidnum,u1_0.pstinst_code,u1_0.last_updusr_id,u1_0.last_updt_pnttm,u1_0.lock_at,u1_0.lock_cnt,u1_0.lock_last_pnttm,u1_0.mbtlnum,u1_0.ofcps_nm,u1_0.offm_telno,u1_0.orgnzt_id,u1_0.password,u1_0.password_cnsr,u1_0.password_hint,u1_0.chg_pwd_last_pnttm,u1_0.role,u1_0.sbscrb_de,u1_0.sexdstn_code,u1_0.crtfc_dn_value,u1_0.user_nm,u1_0.zip from nemplyrinfo u1_0 where u1_0.emplyr_id=?
2026-03-16 16:56:03 [http-nio-8080-exec-7] DEBUG o.s.orm.jpa.JpaTransactionManager - Exposing JPA transaction as JDBC [org.springframework.orm.jpa.vendor.HibernateJpaDialect$HibernateConnectionHandle@6308378c]
2026-03-16 16:56:03 [http-nio-8080-exec-7] DEBUG o.s.orm.jpa.JpaTransactionManager - Found thread-bound EntityManager [SessionImpl(588913855<open>)] for JPA transaction
2026-03-16 16:56:03 [http-nio-8080-exec-7] DEBUG o.s.orm.jpa.JpaTransactionManager - Participating in existing transaction
2026-03-16 16:56:03 [http-nio-8080-exec-7] DEBUG org.hibernate.SQL - select u1_0.emplyr_id,u1_0.area_no,u1_0.brthdy,u1_0.chg_pwd_cnt,u1_0.frst_register_id,u1_0.frst_regist_pnttm,u1_0.detail_adres,u1_0.email_adres,u1_0.emplyr_sttus_code,u1_0.empl_no,u1_0.esntl_id,u1_0.fxnum,u1_0.group_id,u1_0.house_adres,u1_0.house_end_telno,u1_0.house_middle_telno,u1_0.ihidnum,u1_0.pstinst_code,u1_0.last_updusr_id,u1_0.last_updt_pnttm,u1_0.lock_at,u1_0.lock_cnt,u1_0.lock_last_pnttm,u1_0.mbtlnum,u1_0.ofcps_nm,u1_0.offm_telno,u1_0.orgnzt_id,u1_0.password,u1_0.password_cnsr,u1_0.password_hint,u1_0.chg_pwd_last_pnttm,u1_0.role,u1_0.sbscrb_de,u1_0.sexdstn_code,u1_0.crtfc_dn_value,u1_0.user_nm,u1_0.zip from nemplyrinfo u1_0 where u1_0.emplyr_id=?
2026-03-16 16:56:03 [http-nio-8080-exec-3] DEBUG o.s.orm.jpa.JpaTransactionManager - Found thread-bound EntityManager [SessionImpl(644247199<open>)] for JPA transaction
2026-03-16 16:56:03 [http-nio-8080-exec-3] DEBUG o.s.orm.jpa.JpaTransactionManager - Participating in existing transaction
2026-03-16 16:56:03 [http-nio-8080-exec-3] DEBUG org.hibernate.SQL - select p1_0.progrm_file_nm,p1_0.progrm_dc,p1_0.progrm_korean_nm,p1_0.progrm_stre_path,p1_0.url from nprogrmlist p1_0
2026-03-16 16:56:03 [http-nio-8080-exec-4] DEBUG o.s.orm.jpa.JpaTransactionManager - Found thread-bound EntityManager [SessionImpl(1874847489<open>)] for JPA transaction
2026-03-16 16:56:03 [http-nio-8080-exec-2] DEBUG o.s.orm.jpa.JpaTransactionManager - Found thread-bound EntityManager [SessionImpl(1460576248<open>)] for JPA transaction
2026-03-16 16:56:03 [http-nio-8080-exec-4] DEBUG o.s.orm.jpa.JpaTransactionManager - Participating in existing transaction
2026-03-16 16:56:03 [http-nio-8080-exec-2] DEBUG o.s.orm.jpa.JpaTransactionManager - Participating in existing transaction
2026-03-16 16:56:03 [http-nio-8080-exec-4] DEBUG org.hibernate.SQL - select ua1_0.scrty_dtrmn_trget_id,ua1_0.author_code,ua1_0.frst_register_id,ua1_0.frst_regist_pnttm,ua1_0.last_updusr_id,ua1_0.last_updt_pnttm,ua1_0.mber_ty_code from nemplyrscrtyestbs ua1_0 where ua1_0.scrty_dtrmn_trget_id=?
2026-03-16 16:56:03 [http-nio-8080-exec-2] DEBUG org.hibernate.SQL - select ua1_0.scrty_dtrmn_trget_id,ua1_0.author_code,ua1_0.frst_register_id,ua1_0.frst_regist_pnttm,ua1_0.last_updusr_id,ua1_0.last_updt_pnttm,ua1_0.mber_ty_code from nemplyrscrtyestbs ua1_0 where ua1_0.scrty_dtrmn_trget_id=?
2026-03-16 16:56:03 [http-nio-8080-exec-8] DEBUG o.s.orm.jpa.JpaTransactionManager - Found thread-bound EntityManager [SessionImpl(383830839<open>)] for JPA transaction
2026-03-16 16:56:03 [http-nio-8080-exec-8] DEBUG o.s.orm.jpa.JpaTransactionManager - Participating in existing transaction
2026-03-16 16:56:03 [http-nio-8080-exec-8] DEBUG org.hibernate.SQL - select ua1_0.scrty_dtrmn_trget_id,ua1_0.author_code,ua1_0.frst_register_id,ua1_0.frst_regist_pnttm,ua1_0.last_updusr_id,ua1_0.last_updt_pnttm,ua1_0.mber_ty_code from nemplyrscrtyestbs ua1_0 where ua1_0.scrty_dtrmn_trget_id=?
2026-03-16 16:56:03 [http-nio-8080-exec-6] DEBUG o.s.orm.jpa.JpaTransactionManager - Found thread-bound EntityManager [SessionImpl(1916936919<open>)] for JPA transaction
2026-03-16 16:56:03 [http-nio-8080-exec-6] DEBUG o.s.orm.jpa.JpaTransactionManager - Participating in existing transaction
2026-03-16 16:56:03 [http-nio-8080-exec-6] DEBUG org.hibernate.SQL - select ua1_0.scrty_dtrmn_trget_id,ua1_0.author_code,ua1_0.frst_register_id,ua1_0.frst_regist_pnttm,ua1_0.last_updusr_id,ua1_0.last_updt_pnttm,ua1_0.mber_ty_code from nemplyrscrtyestbs ua1_0 where ua1_0.scrty_dtrmn_trget_id=?
2026-03-16 16:56:03 [http-nio-8080-exec-7] DEBUG o.s.orm.jpa.JpaTransactionManager - Found thread-bound EntityManager [SessionImpl(588913855<open>)] for JPA transaction
2026-03-16 16:56:03 [http-nio-8080-exec-7] DEBUG o.s.orm.jpa.JpaTransactionManager - Participating in existing transaction
2026-03-16 16:56:03 [http-nio-8080-exec-7] DEBUG org.hibernate.SQL - select ua1_0.scrty_dtrmn_trget_id,ua1_0.author_code,ua1_0.frst_register_id,ua1_0.frst_regist_pnttm,ua1_0.last_updusr_id,ua1_0.last_updt_pnttm,ua1_0.mber_ty_code from nemplyrscrtyestbs ua1_0 where ua1_0.scrty_dtrmn_trget_id=?
2026-03-16 16:56:03 [http-nio-8080-exec-4] DEBUG o.s.orm.jpa.JpaTransactionManager - Initiating transaction commit
2026-03-16 16:56:03 [http-nio-8080-exec-4] DEBUG o.s.orm.jpa.JpaTransactionManager - Committing JPA transaction on EntityManager [SessionImpl(1874847489<open>)]
2026-03-16 16:56:03 [http-nio-8080-exec-2] DEBUG o.s.orm.jpa.JpaTransactionManager - Initiating transaction commit
2026-03-16 16:56:03 [http-nio-8080-exec-2] DEBUG o.s.orm.jpa.JpaTransactionManager - Committing JPA transaction on EntityManager [SessionImpl(1460576248<open>)]
2026-03-16 16:56:03 [http-nio-8080-exec-8] DEBUG o.s.orm.jpa.JpaTransactionManager - Initiating transaction commit
2026-03-16 16:56:03 [http-nio-8080-exec-8] DEBUG o.s.orm.jpa.JpaTransactionManager - Committing JPA transaction on EntityManager [SessionImpl(383830839<open>)]
2026-03-16 16:56:03 [http-nio-8080-exec-6] DEBUG o.s.orm.jpa.JpaTransactionManager - Initiating transaction commit
2026-03-16 16:56:03 [http-nio-8080-exec-6] DEBUG o.s.orm.jpa.JpaTransactionManager - Committing JPA transaction on EntityManager [SessionImpl(1916936919<open>)]
2026-03-16 16:56:03 [http-nio-8080-exec-7] DEBUG o.s.orm.jpa.JpaTransactionManager - Initiating transaction commit
2026-03-16 16:56:03 [http-nio-8080-exec-7] DEBUG o.s.orm.jpa.JpaTransactionManager - Committing JPA transaction on EntityManager [SessionImpl(588913855<open>)]
2026-03-16 16:56:03 [http-nio-8080-exec-2] DEBUG o.s.orm.jpa.JpaTransactionManager - Closing JPA EntityManager [SessionImpl(1460576248<open>)] after transaction
2026-03-16 16:56:03 [http-nio-8080-exec-4] DEBUG o.s.orm.jpa.JpaTransactionManager - Closing JPA EntityManager [SessionImpl(1874847489<open>)] after transaction
2026-03-16 16:56:03 [http-nio-8080-exec-2] DEBUG c.c.p.s.jwt.JwtAuthenticationFilter - >>> [JwtFilter] Successfully authenticated user: USRCNFRM_99999999999, Authorities: [ROLE_ADMIN]
2026-03-16 16:56:03 [http-nio-8080-exec-4] DEBUG c.c.p.s.jwt.JwtAuthenticationFilter - >>> [JwtFilter] Successfully authenticated user: USRCNFRM_99999999999, Authorities: [ROLE_ADMIN]
2026-03-16 16:56:03 [http-nio-8080-exec-4] DEBUG o.s.web.servlet.DispatcherServlet - GET "/api/v1/notifications/unread-count", parameters={}
2026-03-16 16:56:03 [http-nio-8080-exec-2] DEBUG o.s.web.servlet.DispatcherServlet - GET "/api/v1/admin/system/banners/reflected", parameters={}
2026-03-16 16:56:03 [http-nio-8080-exec-4] TRACE o.s.w.s.m.m.a.RequestMappingHandlerMapping - Mapped to com.company.project.api.controller.notification.NotificationController#getUnreadCount(UserDetails)
2026-03-16 16:56:03 [http-nio-8080-exec-2] TRACE o.s.w.s.m.m.a.RequestMappingHandlerMapping - Mapped to com.company.project.api.controller.system.content.banner.BannerApiController#getReflectedBanners()
2026-03-16 16:56:03 [http-nio-8080-exec-2] DEBUG o.s.orm.jpa.JpaTransactionManager - Creating new transaction with name [com.company.project.service.system.content.banner.BannerService.getReflectedBanners]: PROPAGATION_REQUIRED,ISOLATION_DEFAULT,readOnly
2026-03-16 16:56:03 [http-nio-8080-exec-2] DEBUG o.s.orm.jpa.JpaTransactionManager - Opened new EntityManager [SessionImpl(639014469<open>)] for JPA transaction
2026-03-16 16:56:03 [http-nio-8080-exec-2] DEBUG o.s.orm.jpa.JpaTransactionManager - Exposing JPA transaction as JDBC [org.springframework.orm.jpa.vendor.HibernateJpaDialect$HibernateConnectionHandle@4dde4c01]
2026-03-16 16:56:03 [http-nio-8080-exec-4] DEBUG o.s.orm.jpa.JpaTransactionManager - Creating new transaction with name [com.company.project.service.notification.NotificationService.getUnreadCount]: PROPAGATION_REQUIRED,ISOLATION_DEFAULT,readOnly
2026-03-16 16:56:03 [http-nio-8080-exec-4] DEBUG o.s.orm.jpa.JpaTransactionManager - Opened new EntityManager [SessionImpl(1481361073<open>)] for JPA transaction
2026-03-16 16:56:03 [http-nio-8080-exec-4] DEBUG o.s.orm.jpa.JpaTransactionManager - Exposing JPA transaction as JDBC [org.springframework.orm.jpa.vendor.HibernateJpaDialect$HibernateConnectionHandle@127a2d73]
2026-03-16 16:56:03 [http-nio-8080-exec-2] DEBUG org.hibernate.SQL - select b1_0.banner_id,b1_0.banner_dc,b1_0.banner_image,b1_0.banner_image_file,b1_0.banner_nm,b1_0.frst_register_id,b1_0.frst_regist_pnttm,b1_0.last_updusr_id,b1_0.last_updt_pnttm,b1_0.link_url,b1_0.reflct_at,b1_0.sort_ordr from nbanner b1_0 where b1_0.reflct_at=? order by b1_0.sort_ordr
2026-03-16 16:56:03 [http-nio-8080-exec-4] DEBUG org.hibernate.SQL - select count(n1_0.ntcn_no) from n_user_notification n1_0 where n1_0.receiver_id=? and n1_0.is_read=?
2026-03-16 16:56:03 [http-nio-8080-exec-3] DEBUG o.s.orm.jpa.JpaTransactionManager - Initiating transaction commit
2026-03-16 16:56:03 [http-nio-8080-exec-3] DEBUG o.s.orm.jpa.JpaTransactionManager - Committing JPA transaction on EntityManager [SessionImpl(644247199<open>)]
2026-03-16 16:56:03 [http-nio-8080-exec-8] DEBUG o.s.orm.jpa.JpaTransactionManager - Closing JPA EntityManager [SessionImpl(383830839<open>)] after transaction
2026-03-16 16:56:03 [http-nio-8080-exec-8] DEBUG c.c.p.s.jwt.JwtAuthenticationFilter - >>> [JwtFilter] Successfully authenticated user: USRCNFRM_99999999999, Authorities: [ROLE_ADMIN]
2026-03-16 16:56:03 [http-nio-8080-exec-8] DEBUG o.s.web.servlet.DispatcherServlet - GET "/api/v1/notifications", parameters={}
2026-03-16 16:56:03 [http-nio-8080-exec-8] TRACE o.s.w.s.m.m.a.RequestMappingHandlerMapping - Mapped to com.company.project.api.controller.notification.NotificationController#getMyNotifications(UserDetails)
2026-03-16 16:56:03 [http-nio-8080-exec-8] DEBUG o.s.orm.jpa.JpaTransactionManager - Creating new transaction with name [com.company.project.service.notification.NotificationService.getActiveNotifications]: PROPAGATION_REQUIRED,ISOLATION_DEFAULT,readOnly
2026-03-16 16:56:03 [http-nio-8080-exec-8] DEBUG o.s.orm.jpa.JpaTransactionManager - Opened new EntityManager [SessionImpl(1798627820<open>)] for JPA transaction
2026-03-16 16:56:03 [http-nio-8080-exec-8] DEBUG o.s.orm.jpa.JpaTransactionManager - Exposing JPA transaction as JDBC [org.springframework.orm.jpa.vendor.HibernateJpaDialect$HibernateConnectionHandle@11219d0c]
2026-03-16 16:56:03 [http-nio-8080-exec-8] DEBUG o.s.orm.jpa.JpaTransactionManager - Found thread-bound EntityManager [SessionImpl(1798627820<open>)] for JPA transaction
2026-03-16 16:56:03 [http-nio-8080-exec-8] DEBUG o.s.orm.jpa.JpaTransactionManager - Participating in existing transaction
2026-03-16 16:56:03 [http-nio-8080-exec-8] DEBUG org.hibernate.SQL - select n1_0.ntcn_no,n1_0.frst_register_id,n1_0.frst_regist_pnttm,n1_0.is_read,n1_0.last_updusr_id,n1_0.last_updt_pnttm,n1_0.link_url,n1_0.ntcn_cn,n1_0.ntcn_sj,n1_0.receiver_id from n_user_notification n1_0
2026-03-16 16:56:03 [http-nio-8080-exec-6] DEBUG o.s.orm.jpa.JpaTransactionManager - Closing JPA EntityManager [SessionImpl(1916936919<open>)] after transaction
2026-03-16 16:56:03 [http-nio-8080-exec-6] DEBUG c.c.p.s.jwt.JwtAuthenticationFilter - >>> [JwtFilter] Successfully authenticated user: USRCNFRM_99999999999, Authorities: [ROLE_ADMIN]
2026-03-16 16:56:03 [http-nio-8080-exec-6] DEBUG o.s.web.servlet.DispatcherServlet - GET "/api/v1/popups/active", parameters={}
2026-03-16 16:56:03 [http-nio-8080-exec-6] TRACE o.s.w.s.m.m.a.RequestMappingHandlerMapping - Mapped to com.company.project.api.controller.system.content.popup.PopupController#getActivePopups()
2026-03-16 16:56:03 [http-nio-8080-exec-6] DEBUG o.s.orm.jpa.JpaTransactionManager - Creating new transaction with name [com.company.project.service.system.content.popup.PopupServiceImpl.getActivePopups]: PROPAGATION_REQUIRED,ISOLATION_DEFAULT,readOnly
2026-03-16 16:56:03 [http-nio-8080-exec-6] DEBUG o.s.orm.jpa.JpaTransactionManager - Opened new EntityManager [SessionImpl(1847352965<open>)] for JPA transaction
2026-03-16 16:56:03 [http-nio-8080-exec-6] DEBUG o.s.orm.jpa.JpaTransactionManager - Exposing JPA transaction as JDBC [org.springframework.orm.jpa.vendor.HibernateJpaDialect$HibernateConnectionHandle@62ec769e]
2026-03-16 16:56:03 [http-nio-8080-exec-6] DEBUG org.hibernate.SQL - select p1_0.popup_id,p1_0.frst_register_id,p1_0.frst_regist_pnttm,p1_0.file_url,p1_0.ntce_at,p1_0.stopvew_setup_at,p1_0.last_updusr_id,p1_0.last_updt_pnttm,p1_0.ntce_bgnde,p1_0.ntce_endde,p1_0.popup_vrticl_lc,p1_0.popup_vrticl_size,p1_0.popup_sj_nm,p1_0.popup_width_lc,p1_0.popup_width_size from npopupmanage p1_0 where p1_0.ntce_at='Y' and ? between p1_0.ntce_bgnde and p1_0.ntce_endde
2026-03-16 16:56:03 [http-nio-8080-exec-7] DEBUG o.s.orm.jpa.JpaTransactionManager - Closing JPA EntityManager [SessionImpl(588913855<open>)] after transaction
2026-03-16 16:56:03 [http-nio-8080-exec-7] DEBUG c.c.p.s.jwt.JwtAuthenticationFilter - >>> [JwtFilter] Successfully authenticated user: USRCNFRM_99999999999, Authorities: [ROLE_ADMIN]
2026-03-16 16:56:03 [http-nio-8080-exec-7] DEBUG o.s.web.servlet.DispatcherServlet - GET "/api/v1/admin/system/statistics/connect?statsKind=SERVICE", parameters={masked}
2026-03-16 16:56:03 [http-nio-8080-exec-7] DEBUG o.s.w.s.h.SimpleUrlHandlerMapping - Mapped to ResourceHttpRequestHandler [classpath [META-INF/resources/], classpath [resources/], classpath [static/], classpath [public/], ServletContext [/]]
2026-03-16 16:56:03 [http-nio-8080-exec-7] DEBUG o.s.w.s.r.ResourceHttpRequestHandler - Resource not found
2026-03-16 16:56:03 [http-nio-8080-exec-7] DEBUG o.s.w.s.m.m.a.ExceptionHandlerExceptionResolver - Using @ExceptionHandler com.company.project.core.exception.GlobalExceptionHandler#handleException(Exception)
2026-03-16 16:56:03 [http-nio-8080-exec-7] ERROR c.c.p.c.e.GlobalExceptionHandler - >>> Internal Server Error: No static resource api/v1/admin/system/statistics/connect.
org.springframework.web.servlet.resource.NoResourceFoundException: No static resource api/v1/admin/system/statistics/connect.
	at org.springframework.web.servlet.resource.ResourceHttpRequestHandler.handleRequest(ResourceHttpRequestHandler.java:585)
	at org.springframework.web.servlet.mvc.HttpRequestHandlerAdapter.handle(HttpRequestHandlerAdapter.java:52)
	at org.springframework.web.servlet.DispatcherServlet.doDispatch(DispatcherServlet.java:1088)
	at org.springframework.web.servlet.DispatcherServlet.doService(DispatcherServlet.java:978)
	at org.springframework.web.servlet.FrameworkServlet.processRequest(FrameworkServlet.java:1014)
	at org.springframework.web.servlet.FrameworkServlet.doGet(FrameworkServlet.java:903)
	at jakarta.servlet.http.HttpServlet.service(HttpServlet.java:527)
	at org.springframework.web.servlet.FrameworkServlet.service(FrameworkServlet.java:885)
	at jakarta.servlet.http.HttpServlet.service(HttpServlet.java:614)
	at org.apache.catalina.core.ApplicationFilterChain.internalDoFilter(ApplicationFilterChain.java:195)
	at org.apache.catalina.core.ApplicationFilterChain.doFilter(ApplicationFilterChain.java:140)
	at org.apache.tomcat.websocket.server.WsFilter.doFilter(WsFilter.java:51)
	at org.apache.catalina.core.ApplicationFilterChain.internalDoFilter(ApplicationFilterChain.java:164)
	at org.apache.catalina.core.ApplicationFilterChain.doFilter(ApplicationFilterChain.java:140)
	at org.springframework.web.filter.CompositeFilter$VirtualFilterChain.doFilter(CompositeFilter.java:108)
	at org.springframework.security.web.FilterChainProxy.lambda$doFilterInternal$3(FilterChainProxy.java:231)
	at org.springframework.security.web.ObservationFilterChainDecorator$FilterObservation$SimpleFilterObservation.lambda$wrap$1(ObservationFilterChainDecorator.java:479)
	at org.springframework.security.web.ObservationFilterChainDecorator$AroundFilterObservation$SimpleAroundFilterObservation.lambda$wrap$1(ObservationFilterChainDecorator.java:340)
	at org.springframework.security.web.ObservationFilterChainDecorator.lambda$wrapSecured$0(ObservationFilterChainDecorator.java:82)
	at org.springframework.security.web.ObservationFilterChainDecorator$VirtualFilterChain.doFilter(ObservationFilterChainDecorator.java:128)
	at org.springframework.security.web.access.intercept.AuthorizationFilter.doFilter(AuthorizationFilter.java:101)
	at org.springframework.security.web.ObservationFilterChainDecorator$ObservationFilter.wrapFilter(ObservationFilterChainDecorator.java:240)
	at org.springframework.security.web.ObservationFilterChainDecorator$ObservationFilter.doFilter(ObservationFilterChainDecorator.java:227)
	at org.springframework.security.web.ObservationFilterChainDecorator$VirtualFilterChain.doFilter(ObservationFilterChainDecorator.java:137)
	at org.springframework.security.web.access.ExceptionTranslationFilter.doFilter(ExceptionTranslationFilter.java:126)
	at org.springframework.security.web.access.ExceptionTranslationFilter.doFilter(ExceptionTranslationFilter.java:120)
	at org.springframework.security.web.ObservationFilterChainDecorator$ObservationFilter.wrapFilter(ObservationFilterChainDecorator.java:240)
	at org.springframework.security.web.ObservationFilterChainDecorator$ObservationFilter.doFilter(ObservationFilterChainDecorator.java:227)
	at org.springframework.security.web.ObservationFilterChainDecorator$VirtualFilterChain.doFilter(ObservationFilterChainDecorator.java:137)
	at org.springframework.security.web.session.SessionManagementFilter.doFilter(SessionManagementFilter.java:131)
	at org.springframework.security.web.session.SessionManagementFilter.doFilter(SessionManagementFilter.java:85)
	at org.springframework.security.web.ObservationFilterChainDecorator$ObservationFilter.wrapFilter(ObservationFilterChainDecorator.java:240)
	at org.springframework.security.web.ObservationFilterChainDecorator$ObservationFilter.doFilter(ObservationFilterChainDecorator.java:227)
	at org.springframework.security.web.ObservationFilterChainDecorator$VirtualFilterChain.doFilter(ObservationFilterChainDecorator.java:137)
	at org.springframework.security.web.authentication.AnonymousAuthenticationFilter.doFilter(AnonymousAuthenticationFilter.java:100)
	at org.springframework.security.web.ObservationFilterChainDecorator$ObservationFilter.wrapFilter(ObservationFilterChainDecorator.java:240)
	at org.springframework.security.web.ObservationFilterChainDecorator$ObservationFilter.doFilter(ObservationFilterChainDecorator.java:227)
	at org.springframework.security.web.ObservationFilterChainDecorator$VirtualFilterChain.doFilter(ObservationFilterChainDecorator.java:137)
	at org.springframework.security.web.servletapi.SecurityContextHolderAwareRequestFilter.doFilter(SecurityContextHolderAwareRequestFilter.java:179)
	at org.springframework.security.web.ObservationFilterChainDecorator$ObservationFilter.wrapFilter(ObservationFilterChainDecorator.java:240)
	at org.springframework.security.web.ObservationFilterChainDecorator$ObservationFilter.doFilter(ObservationFilterChainDecorator.java:227)
	at org.springframework.security.web.ObservationFilterChainDecorator$VirtualFilterChain.doFilter(ObservationFilterChainDecorator.java:137)
	at org.springframework.security.web.savedrequest.RequestCacheAwareFilter.doFilter(RequestCacheAwareFilter.java:63)
	at org.springframework.security.web.ObservationFilterChainDecorator$ObservationFilter.wrapFilter(ObservationFilterChainDecorator.java:240)
	at org.springframework.security.web.ObservationFilterChainDecorator$ObservationFilter.doFilter(ObservationFilterChainDecorator.java:227)
	at org.springframework.security.web.ObservationFilterChainDecorator$VirtualFilterChain.doFilter(ObservationFilterChainDecorator.java:137)
	at com.company.project.security.jwt.JwtAuthenticationFilter.doFilterInternal(JwtAuthenticationFilter.java:52)
	at org.springframework.web.filter.OncePerRequestFilter.doFilter(OncePerRequestFilter.java:116)
	at org.springframework.security.web.ObservationFilterChainDecorator$ObservationFilter.wrapFilter(ObservationFilterChainDecorator.java:240)
	at org.springframework.security.web.ObservationFilterChainDecorator$ObservationFilter.doFilter(ObservationFilterChainDecorator.java:227)
	at org.springframework.security.web.ObservationFilterChainDecorator$VirtualFilterChain.doFilter(ObservationFilterChainDecorator.java:137)
	at org.springframework.security.web.authentication.logout.LogoutFilter.doFilter(LogoutFilter.java:107)
	at org.springframework.security.web.authentication.logout.LogoutFilter.doFilter(LogoutFilter.java:93)
	at org.springframework.security.web.ObservationFilterChainDecorator$ObservationFilter.wrapFilter(ObservationFilterChainDecorator.java:240)
	at org.springframework.security.web.ObservationFilterChainDecorator$ObservationFilter.doFilter(ObservationFilterChainDecorator.java:227)
	at org.springframework.security.web.ObservationFilterChainDecorator$VirtualFilterChain.doFilter(ObservationFilterChainDecorator.java:137)
	at org.springframework.web.filter.CorsFilter.doFilterInternal(CorsFilter.java:91)
	at org.springframework.web.filter.OncePerRequestFilter.doFilter(OncePerRequestFilter.java:116)
	at org.springframework.security.web.ObservationFilterChainDecorator$ObservationFilter.wrapFilter(ObservationFilterChainDecorator.java:240)
	at org.springframework.security.web.ObservationFilterChainDecorator$ObservationFilter.doFilter(ObservationFilterChainDecorator.java:227)
	at org.springframework.security.web.ObservationFilterChainDecorator$VirtualFilterChain.doFilter(ObservationFilterChainDecorator.java:137)
	at org.springframework.security.web.header.HeaderWriterFilter.doHeadersAfter(HeaderWriterFilter.java:90)
	at org.springframework.security.web.header.HeaderWriterFilter.doFilterInternal(HeaderWriterFilter.java:75)
	at org.springframework.web.filter.OncePerRequestFilter.doFilter(OncePerRequestFilter.java:116)
	at org.springframework.security.web.ObservationFilterChainDecorator$ObservationFilter.wrapFilter(ObservationFilterChainDecorator.java:240)
	at org.springframework.security.web.ObservationFilterChainDecorator$ObservationFilter.doFilter(ObservationFilterChainDecorator.java:227)
	at org.springframework.security.web.ObservationFilterChainDecorator$VirtualFilterChain.doFilter(ObservationFilterChainDecorator.java:137)
	at org.springframework.security.web.context.SecurityContextHolderFilter.doFilter(SecurityContextHolderFilter.java:82)
	at org.springframework.security.web.context.SecurityContextHolderFilter.doFilter(SecurityContextHolderFilter.java:69)
	at org.springframework.security.web.ObservationFilterChainDecorator$ObservationFilter.wrapFilter(ObservationFilterChainDecorator.java:240)
	at org.springframework.security.web.ObservationFilterChainDecorator$ObservationFilter.doFilter(ObservationFilterChainDecorator.java:227)
	at org.springframework.security.web.ObservationFilterChainDecorator$VirtualFilterChain.doFilter(ObservationFilterChainDecorator.java:137)
	at org.springframework.security.web.context.request.async.WebAsyncManagerIntegrationFilter.doFilterInternal(WebAsyncManagerIntegrationFilter.java:62)
	at org.springframework.web.filter.OncePerRequestFilter.doFilter(OncePerRequestFilter.java:116)
	at org.springframework.security.web.ObservationFilterChainDecorator$ObservationFilter.wrapFilter(ObservationFilterChainDecorator.java:240)
	at org.springframework.security.web.ObservationFilterChainDecorator$ObservationFilter.doFilter(ObservationFilterChainDecorator.java:227)
	at org.springframework.security.web.ObservationFilterChainDecorator$VirtualFilterChain.doFilter(ObservationFilterChainDecorator.java:137)
	at org.springframework.security.web.session.DisableEncodeUrlFilter.doFilterInternal(DisableEncodeUrlFilter.java:42)
	at org.springframework.web.filter.OncePerRequestFilter.doFilter(OncePerRequestFilter.java:116)
	at org.springframework.security.web.ObservationFilterChainDecorator$ObservationFilter.wrapFilter(ObservationFilterChainDecorator.java:240)
	at org.springframework.security.web.ObservationFilterChainDecorator$AroundFilterObservation$SimpleAroundFilterObservation.lambda$wrap$0(ObservationFilterChainDecorator.java:323)
	at org.springframework.security.web.ObservationFilterChainDecorator$ObservationFilter.doFilter(ObservationFilterChainDecorator.java:224)
	at org.springframework.security.web.ObservationFilterChainDecorator$VirtualFilterChain.doFilter(ObservationFilterChainDecorator.java:137)
	at org.springframework.security.web.FilterChainProxy.doFilterInternal(FilterChainProxy.java:233)
	at org.springframework.security.web.FilterChainProxy.doFilter(FilterChainProxy.java:191)
	at org.springframework.web.filter.CompositeFilter$VirtualFilterChain.doFilter(CompositeFilter.java:113)
	at org.springframework.web.servlet.handler.HandlerMappingIntrospector.lambda$createCacheFilter$3(HandlerMappingIntrospector.java:243)
	at org.springframework.web.filter.CompositeFilter$VirtualFilterChain.doFilter(CompositeFilter.java:113)
	at org.springframework.web.filter.CompositeFilter.doFilter(CompositeFilter.java:74)
	at org.springframework.security.config.annotation.web.configuration.WebMvcSecurityConfiguration$CompositeFilterChainProxy.doFilter(WebMvcSecurityConfiguration.java:238)
	at org.springframework.web.filter.DelegatingFilterProxy.invokeDelegate(DelegatingFilterProxy.java:362)
	at org.springframework.web.filter.DelegatingFilterProxy.doFilter(DelegatingFilterProxy.java:278)
	at org.apache.catalina.core.ApplicationFilterChain.internalDoFilter(ApplicationFilterChain.java:164)
	at org.apache.catalina.core.ApplicationFilterChain.doFilter(ApplicationFilterChain.java:140)
	at org.springframework.web.filter.RequestContextFilter.doFilterInternal(RequestContextFilter.java:100)
	at org.springframework.web.filter.OncePerRequestFilter.doFilter(OncePerRequestFilter.java:116)
	at org.apache.catalina.core.ApplicationFilterChain.internalDoFilter(ApplicationFilterChain.java:164)
	at org.apache.catalina.core.ApplicationFilterChain.doFilter(ApplicationFilterChain.java:140)
	at org.springframework.web.filter.FormContentFilter.doFilterInternal(FormContentFilter.java:93)
	at org.springframework.web.filter.OncePerRequestFilter.doFilter(OncePerRequestFilter.java:116)
	at org.apache.catalina.core.ApplicationFilterChain.internalDoFilter(ApplicationFilterChain.java:164)
	at org.apache.catalina.core.ApplicationFilterChain.doFilter(ApplicationFilterChain.java:140)
	at org.springframework.web.filter.ServerHttpObservationFilter.doFilterInternal(ServerHttpObservationFilter.java:114)
	at org.springframework.web.filter.OncePerRequestFilter.doFilter(OncePerRequestFilter.java:116)
	at org.apache.catalina.core.ApplicationFilterChain.internalDoFilter(ApplicationFilterChain.java:164)
	at org.apache.catalina.core.ApplicationFilterChain.doFilter(ApplicationFilterChain.java:140)
	at org.springframework.web.filter.CharacterEncodingFilter.doFilterInternal(CharacterEncodingFilter.java:201)
	at org.springframework.web.filter.OncePerRequestFilter.doFilter(OncePerRequestFilter.java:116)
	at org.apache.catalina.core.ApplicationFilterChain.internalDoFilter(ApplicationFilterChain.java:164)
	at org.apache.catalina.core.ApplicationFilterChain.doFilter(ApplicationFilterChain.java:140)
	at org.apache.catalina.core.StandardWrapperValve.invoke(StandardWrapperValve.java:167)
	at org.apache.catalina.core.StandardContextValve.invoke(StandardContextValve.java:90)
	at org.apache.catalina.authenticator.AuthenticatorBase.invoke(AuthenticatorBase.java:483)
	at org.apache.catalina.core.StandardHostValve.invoke(StandardHostValve.java:115)
	at org.apache.catalina.valves.ErrorReportValve.invoke(ErrorReportValve.java:93)
	at org.apache.catalina.core.StandardEngineValve.invoke(StandardEngineValve.java:74)
	at org.apache.catalina.connector.CoyoteAdapter.service(CoyoteAdapter.java:344)
	at org.apache.coyote.http11.Http11Processor.service(Http11Processor.java:397)
	at org.apache.coyote.AbstractProcessorLight.process(AbstractProcessorLight.java:63)
	at org.apache.coyote.AbstractProtocol$ConnectionHandler.process(AbstractProtocol.java:905)
	at org.apache.tomcat.util.net.NioEndpoint$SocketProcessor.doRun(NioEndpoint.java:1741)
	at org.apache.tomcat.util.net.SocketProcessorBase.run(SocketProcessorBase.java:52)
	at org.apache.tomcat.util.threads.ThreadPoolExecutor.runWorker(ThreadPoolExecutor.java:1190)
	at org.apache.tomcat.util.threads.ThreadPoolExecutor$Worker.run(ThreadPoolExecutor.java:659)
	at org.apache.tomcat.util.threads.TaskThread$WrappingRunnable.run(TaskThread.java:63)
	at java.base/java.lang.Thread.run(Thread.java:1583)
2026-03-16 16:56:03 [http-nio-8080-exec-7] DEBUG o.s.w.s.m.m.a.HttpEntityMethodProcessor - Using 'application/json', given [application/json, text/plain, */*] and supported [application/json, application/*+json, application/yaml]
2026-03-16 16:56:03 [http-nio-8080-exec-7] TRACE o.s.w.s.m.m.a.HttpEntityMethodProcessor - Writing [ApiResponse[success=false, status=500, code=C004, message=예기치 않은 서버 오류가 발생했습니다., data=null, timestamp=2026-03-16T16:56:03.782128300]]
2026-03-16 16:56:03 [http-nio-8080-exec-7] DEBUG o.s.w.s.m.m.a.ExceptionHandlerExceptionResolver - Resolved [org.springframework.web.servlet.resource.NoResourceFoundException: No static resource api/v1/admin/system/statistics/connect.]
2026-03-16 16:56:03 [http-nio-8080-exec-7] DEBUG o.s.web.servlet.DispatcherServlet - Completed 500 INTERNAL_SERVER_ERROR
2026-03-16 16:56:03 [http-nio-8080-exec-5] DEBUG c.c.p.s.jwt.JwtAuthenticationFilter - >>> [JwtFilter] Processing request: GET /api/v1/admin/system/statistics/bbs
2026-03-16 16:56:03 [http-nio-8080-exec-5] DEBUG c.c.p.s.jwt.JwtAuthenticationFilter - >>> [JwtFilter] Found token in header for path: /api/v1/admin/system/statistics/bbs
2026-03-16 16:56:03 [http-nio-8080-exec-5] DEBUG o.s.orm.jpa.JpaTransactionManager - Creating new transaction with name [com.company.project.security.iam.CustomUserDetailsService.loadUserByUsername]: PROPAGATION_REQUIRED,ISOLATION_DEFAULT,readOnly
2026-03-16 16:56:03 [http-nio-8080-exec-5] DEBUG o.s.orm.jpa.JpaTransactionManager - Opened new EntityManager [SessionImpl(826059941<open>)] for JPA transaction
2026-03-16 16:56:03 [http-nio-8080-exec-4] DEBUG o.s.orm.jpa.JpaTransactionManager - Initiating transaction commit
2026-03-16 16:56:03 [http-nio-8080-exec-2] DEBUG o.s.orm.jpa.JpaTransactionManager - Initiating transaction commit
2026-03-16 16:56:03 [http-nio-8080-exec-4] DEBUG o.s.orm.jpa.JpaTransactionManager - Committing JPA transaction on EntityManager [SessionImpl(1481361073<open>)]
2026-03-16 16:56:03 [http-nio-8080-exec-2] DEBUG o.s.orm.jpa.JpaTransactionManager - Committing JPA transaction on EntityManager [SessionImpl(639014469<open>)]
2026-03-16 16:56:03 [http-nio-8080-exec-3] DEBUG o.s.orm.jpa.JpaTransactionManager - Closing JPA EntityManager [SessionImpl(644247199<open>)] after transaction
2026-03-16 16:56:03 [http-nio-8080-exec-3] INFO  c.c.p.a.c.menu.MenuController - getLeftMenu returned 5 items
2026-03-16 16:56:03 [http-nio-8080-exec-8] DEBUG o.s.orm.jpa.JpaTransactionManager - Initiating transaction commit
2026-03-16 16:56:03 [http-nio-8080-exec-8] DEBUG o.s.orm.jpa.JpaTransactionManager - Committing JPA transaction on EntityManager [SessionImpl(1798627820<open>)]
2026-03-16 16:56:03 [http-nio-8080-exec-3] DEBUG o.s.w.s.m.m.a.HttpEntityMethodProcessor - Using 'application/json', given [application/json, text/plain, */*] and supported [application/json, application/*+json, application/yaml]
2026-03-16 16:56:03 [http-nio-8080-exec-3] TRACE o.s.w.s.m.m.a.HttpEntityMethodProcessor - Writing [ApiResponse[success=true, status=200, code=COMMON_001, message=Success, data={list=[com.company.project.service.menu.dto.MenuDto@216dbd60, com.company.project.service.menu.dto.MenuDto@41f4dd32, com.company.project.service.menu.dto.MenuDto@334c4a52, com.company.project.service.menu.dto.MenuDto@276d1481, com.company.project.service.menu.dto.MenuDto@6ba72bb1]}, timestamp=2026-03-16T16:56:03.840932100]]
2026-03-16 16:56:03 [http-nio-8080-exec-3] INFO  c.c.p.a.i.OperationalAuditInterceptor - API Audit Log: URL=/api/v1/menu/left, User=webmaster, IP=127.0.0.1
2026-03-16 16:56:03 [http-nio-8080-exec-3] DEBUG o.s.web.servlet.DispatcherServlet - Completed 200 OK
2026-03-16 16:56:03 [http-nio-8080-exec-6] DEBUG o.s.orm.jpa.JpaTransactionManager - Initiating transaction commit
2026-03-16 16:56:03 [http-nio-8080-exec-6] DEBUG o.s.orm.jpa.JpaTransactionManager - Committing JPA transaction on EntityManager [SessionImpl(1847352965<open>)]
2026-03-16 16:56:03 [http-nio-8080-exec-1] DEBUG c.c.p.s.jwt.JwtAuthenticationFilter - >>> [JwtFilter] Processing request: GET /api/v1/menu/left
2026-03-16 16:56:03 [http-nio-8080-exec-1] DEBUG c.c.p.s.jwt.JwtAuthenticationFilter - >>> [JwtFilter] Found token in header for path: /api/v1/menu/left
2026-03-16 16:56:03 [http-nio-8080-exec-1] DEBUG o.s.orm.jpa.JpaTransactionManager - Creating new transaction with name [com.company.project.security.iam.CustomUserDetailsService.loadUserByUsername]: PROPAGATION_REQUIRED,ISOLATION_DEFAULT,readOnly
2026-03-16 16:56:03 [http-nio-8080-exec-1] DEBUG o.s.orm.jpa.JpaTransactionManager - Opened new EntityManager [SessionImpl(1399579416<open>)] for JPA transaction
2026-03-16 16:56:03 [http-nio-8080-exec-5] DEBUG o.s.orm.jpa.JpaTransactionManager - Exposing JPA transaction as JDBC [org.springframework.orm.jpa.vendor.HibernateJpaDialect$HibernateConnectionHandle@2bf0b15d]
2026-03-16 16:56:03 [http-nio-8080-exec-5] DEBUG o.s.orm.jpa.JpaTransactionManager - Found thread-bound EntityManager [SessionImpl(826059941<open>)] for JPA transaction
2026-03-16 16:56:03 [http-nio-8080-exec-5] DEBUG o.s.orm.jpa.JpaTransactionManager - Participating in existing transaction
2026-03-16 16:56:03 [http-nio-8080-exec-5] DEBUG org.hibernate.SQL - select u1_0.emplyr_id,u1_0.area_no,u1_0.brthdy,u1_0.chg_pwd_cnt,u1_0.frst_register_id,u1_0.frst_regist_pnttm,u1_0.detail_adres,u1_0.email_adres,u1_0.emplyr_sttus_code,u1_0.empl_no,u1_0.esntl_id,u1_0.fxnum,u1_0.group_id,u1_0.house_adres,u1_0.house_end_telno,u1_0.house_middle_telno,u1_0.ihidnum,u1_0.pstinst_code,u1_0.last_updusr_id,u1_0.last_updt_pnttm,u1_0.lock_at,u1_0.lock_cnt,u1_0.lock_last_pnttm,u1_0.mbtlnum,u1_0.ofcps_nm,u1_0.offm_telno,u1_0.orgnzt_id,u1_0.password,u1_0.password_cnsr,u1_0.password_hint,u1_0.chg_pwd_last_pnttm,u1_0.role,u1_0.sbscrb_de,u1_0.sexdstn_code,u1_0.crtfc_dn_value,u1_0.user_nm,u1_0.zip from nemplyrinfo u1_0 where u1_0.emplyr_id=?
2026-03-16 16:56:03 [http-nio-8080-exec-4] DEBUG o.s.orm.jpa.JpaTransactionManager - Closing JPA EntityManager [SessionImpl(1481361073<open>)] after transaction
2026-03-16 16:56:03 [http-nio-8080-exec-2] DEBUG o.s.orm.jpa.JpaTransactionManager - Closing JPA EntityManager [SessionImpl(639014469<open>)] after transaction
2026-03-16 16:56:03 [http-nio-8080-exec-4] DEBUG o.s.w.s.m.m.a.HttpEntityMethodProcessor - Using 'application/json', given [application/json, text/plain, */*] and supported [application/json, application/*+json, application/yaml]
2026-03-16 16:56:03 [http-nio-8080-exec-2] DEBUG o.s.w.s.m.m.a.HttpEntityMethodProcessor - Using 'application/json', given [application/json, text/plain, */*] and supported [application/json, application/*+json, application/yaml]
2026-03-16 16:56:03 [http-nio-8080-exec-4] TRACE o.s.w.s.m.m.a.HttpEntityMethodProcessor - Writing [ApiResponse[success=true, status=200, code=COMMON_001, message=Success, data=0, timestamp=2026-03-16T16:56:03.972829700]]
2026-03-16 16:56:03 [http-nio-8080-exec-2] TRACE o.s.w.s.m.m.a.HttpEntityMethodProcessor - Writing [ApiResponse[success=true, status=200, code=COMMON_001, message=Success, data=[], timestamp=2026-03-16T16:56:03.972829700]]
2026-03-16 16:56:03 [http-nio-8080-exec-2] INFO  c.c.p.a.i.OperationalAuditInterceptor - API Audit Log: URL=/api/v1/admin/system/banners/reflected, User=webmaster, IP=127.0.0.1
2026-03-16 16:56:03 [http-nio-8080-exec-4] INFO  c.c.p.a.i.OperationalAuditInterceptor - API Audit Log: URL=/api/v1/notifications/unread-count, User=webmaster, IP=127.0.0.1
2026-03-16 16:56:03 [http-nio-8080-exec-2] DEBUG o.s.web.servlet.DispatcherServlet - Completed 200 OK
2026-03-16 16:56:03 [http-nio-8080-exec-4] DEBUG o.s.web.servlet.DispatcherServlet - Completed 200 OK
2026-03-16 16:56:03 [http-nio-8080-exec-10] DEBUG c.c.p.s.jwt.JwtAuthenticationFilter - >>> [JwtFilter] Processing request: GET /api/v1/notifications/unread-count
2026-03-16 16:56:03 [http-nio-8080-exec-9] DEBUG c.c.p.s.jwt.JwtAuthenticationFilter - >>> [JwtFilter] Processing request: GET /api/v1/admin/system/banners/reflected
2026-03-16 16:56:03 [http-nio-8080-exec-10] DEBUG c.c.p.s.jwt.JwtAuthenticationFilter - >>> [JwtFilter] Found token in header for path: /api/v1/notifications/unread-count
2026-03-16 16:56:03 [http-nio-8080-exec-9] DEBUG c.c.p.s.jwt.JwtAuthenticationFilter - >>> [JwtFilter] Found token in header for path: /api/v1/admin/system/banners/reflected
2026-03-16 16:56:03 [http-nio-8080-exec-10] DEBUG o.s.orm.jpa.JpaTransactionManager - Creating new transaction with name [com.company.project.security.iam.CustomUserDetailsService.loadUserByUsername]: PROPAGATION_REQUIRED,ISOLATION_DEFAULT,readOnly
2026-03-16 16:56:03 [http-nio-8080-exec-9] DEBUG o.s.orm.jpa.JpaTransactionManager - Creating new transaction with name [com.company.project.security.iam.CustomUserDetailsService.loadUserByUsername]: PROPAGATION_REQUIRED,ISOLATION_DEFAULT,readOnly
2026-03-16 16:56:03 [http-nio-8080-exec-10] DEBUG o.s.orm.jpa.JpaTransactionManager - Opened new EntityManager [SessionImpl(2135832402<open>)] for JPA transaction
2026-03-16 16:56:03 [http-nio-8080-exec-9] DEBUG o.s.orm.jpa.JpaTransactionManager - Opened new EntityManager [SessionImpl(641304560<open>)] for JPA transaction
2026-03-16 16:56:03 [http-nio-8080-exec-8] DEBUG o.s.orm.jpa.JpaTransactionManager - Closing JPA EntityManager [SessionImpl(1798627820<open>)] after transaction
2026-03-16 16:56:03 [http-nio-8080-exec-8] DEBUG o.s.w.s.m.m.a.HttpEntityMethodProcessor - Using 'application/json', given [application/json, text/plain, */*] and supported [application/json, application/*+json, application/yaml]
2026-03-16 16:56:03 [http-nio-8080-exec-8] TRACE o.s.w.s.m.m.a.HttpEntityMethodProcessor - Writing [ApiResponse[success=true, status=200, code=COMMON_001, message=Success, data=[NotificationDto(ntfcNo=NT001, ntfcSj=테스트 알림입니다, ntfcCn=알림 내용입니다, ntfcDate=null, ntfcTime=2026-02-25T00:59:33.784070, bhNtfcIntrvl=null, uniqId=null, frstRegisterId=null, frstRegisterPnttm=2026-02-25T00:59:33.784070, lastUpdusrId=null, lastUpdusrPnttm=null)], timestamp=2026-03-16T16:56:03.997730700]]
2026-03-16 16:56:03 [http-nio-8080-exec-8] INFO  c.c.p.a.i.OperationalAuditInterceptor - API Audit Log: URL=/api/v1/notifications, User=webmaster, IP=127.0.0.1
2026-03-16 16:56:03 [http-nio-8080-exec-8] DEBUG o.s.web.servlet.DispatcherServlet - Completed 200 OK
2026-03-16 16:56:04 [http-nio-8080-exec-1] DEBUG o.s.orm.jpa.JpaTransactionManager - Exposing JPA transaction as JDBC [org.springframework.orm.jpa.vendor.HibernateJpaDialect$HibernateConnectionHandle@130871f5]
2026-03-16 16:56:04 [http-nio-8080-exec-1] DEBUG o.s.orm.jpa.JpaTransactionManager - Found thread-bound EntityManager [SessionImpl(1399579416<open>)] for JPA transaction
2026-03-16 16:56:04 [http-nio-8080-exec-1] DEBUG o.s.orm.jpa.JpaTransactionManager - Participating in existing transaction
2026-03-16 16:56:04 [http-nio-8080-exec-1] DEBUG org.hibernate.SQL - select u1_0.emplyr_id,u1_0.area_no,u1_0.brthdy,u1_0.chg_pwd_cnt,u1_0.frst_register_id,u1_0.frst_regist_pnttm,u1_0.detail_adres,u1_0.email_adres,u1_0.emplyr_sttus_code,u1_0.empl_no,u1_0.esntl_id,u1_0.fxnum,u1_0.group_id,u1_0.house_adres,u1_0.house_end_telno,u1_0.house_middle_telno,u1_0.ihidnum,u1_0.pstinst_code,u1_0.last_updusr_id,u1_0.last_updt_pnttm,u1_0.lock_at,u1_0.lock_cnt,u1_0.lock_last_pnttm,u1_0.mbtlnum,u1_0.ofcps_nm,u1_0.offm_telno,u1_0.orgnzt_id,u1_0.password,u1_0.password_cnsr,u1_0.password_hint,u1_0.chg_pwd_last_pnttm,u1_0.role,u1_0.sbscrb_de,u1_0.sexdstn_code,u1_0.crtfc_dn_value,u1_0.user_nm,u1_0.zip from nemplyrinfo u1_0 where u1_0.emplyr_id=?
2026-03-16 16:56:04 [http-nio-8080-exec-7] DEBUG c.c.p.s.jwt.JwtAuthenticationFilter - >>> [JwtFilter] Processing request: GET /api/v1/notifications
2026-03-16 16:56:04 [http-nio-8080-exec-7] DEBUG c.c.p.s.jwt.JwtAuthenticationFilter - >>> [JwtFilter] Found token in header for path: /api/v1/notifications
2026-03-16 16:56:04 [http-nio-8080-exec-7] DEBUG o.s.orm.jpa.JpaTransactionManager - Creating new transaction with name [com.company.project.security.iam.CustomUserDetailsService.loadUserByUsername]: PROPAGATION_REQUIRED,ISOLATION_DEFAULT,readOnly
2026-03-16 16:56:04 [http-nio-8080-exec-7] DEBUG o.s.orm.jpa.JpaTransactionManager - Opened new EntityManager [SessionImpl(95975322<open>)] for JPA transaction
2026-03-16 16:56:04 [http-nio-8080-exec-7] DEBUG o.s.orm.jpa.JpaTransactionManager - Exposing JPA transaction as JDBC [org.springframework.orm.jpa.vendor.HibernateJpaDialect$HibernateConnectionHandle@59e2a86]
2026-03-16 16:56:04 [http-nio-8080-exec-7] DEBUG o.s.orm.jpa.JpaTransactionManager - Found thread-bound EntityManager [SessionImpl(95975322<open>)] for JPA transaction
2026-03-16 16:56:04 [http-nio-8080-exec-7] DEBUG o.s.orm.jpa.JpaTransactionManager - Participating in existing transaction
2026-03-16 16:56:04 [http-nio-8080-exec-7] DEBUG org.hibernate.SQL - select u1_0.emplyr_id,u1_0.area_no,u1_0.brthdy,u1_0.chg_pwd_cnt,u1_0.frst_register_id,u1_0.frst_regist_pnttm,u1_0.detail_adres,u1_0.email_adres,u1_0.emplyr_sttus_code,u1_0.empl_no,u1_0.esntl_id,u1_0.fxnum,u1_0.group_id,u1_0.house_adres,u1_0.house_end_telno,u1_0.house_middle_telno,u1_0.ihidnum,u1_0.pstinst_code,u1_0.last_updusr_id,u1_0.last_updt_pnttm,u1_0.lock_at,u1_0.lock_cnt,u1_0.lock_last_pnttm,u1_0.mbtlnum,u1_0.ofcps_nm,u1_0.offm_telno,u1_0.orgnzt_id,u1_0.password,u1_0.password_cnsr,u1_0.password_hint,u1_0.chg_pwd_last_pnttm,u1_0.role,u1_0.sbscrb_de,u1_0.sexdstn_code,u1_0.crtfc_dn_value,u1_0.user_nm,u1_0.zip from nemplyrinfo u1_0 where u1_0.emplyr_id=?
2026-03-16 16:56:04 [http-nio-8080-exec-6] DEBUG o.s.orm.jpa.JpaTransactionManager - Closing JPA EntityManager [SessionImpl(1847352965<open>)] after transaction
2026-03-16 16:56:04 [http-nio-8080-exec-6] DEBUG o.s.w.s.m.m.a.HttpEntityMethodProcessor - Using 'application/json', given [application/json, text/plain, */*] and supported [application/json, application/*+json, application/yaml]
2026-03-16 16:56:04 [http-nio-8080-exec-6] TRACE o.s.w.s.m.m.a.HttpEntityMethodProcessor - Writing [ApiResponse[success=true, status=200, code=COMMON_001, message=Success, data=[], timestamp=2026-03-16T16:56:04.012011900]]
2026-03-16 16:56:04 [http-nio-8080-exec-6] INFO  c.c.p.a.i.OperationalAuditInterceptor - API Audit Log: URL=/api/v1/popups/active, User=webmaster, IP=127.0.0.1
2026-03-16 16:56:04 [http-nio-8080-exec-6] DEBUG o.s.web.servlet.DispatcherServlet - Completed 200 OK
2026-03-16 16:56:04 [http-nio-8080-exec-3] DEBUG c.c.p.s.jwt.JwtAuthenticationFilter - >>> [JwtFilter] Processing request: GET /api/v1/popups/active
2026-03-16 16:56:04 [http-nio-8080-exec-3] DEBUG c.c.p.s.jwt.JwtAuthenticationFilter - >>> [JwtFilter] Found token in header for path: /api/v1/popups/active
2026-03-16 16:56:04 [http-nio-8080-exec-3] DEBUG o.s.orm.jpa.JpaTransactionManager - Creating new transaction with name [com.company.project.security.iam.CustomUserDetailsService.loadUserByUsername]: PROPAGATION_REQUIRED,ISOLATION_DEFAULT,readOnly
2026-03-16 16:56:04 [http-nio-8080-exec-3] DEBUG o.s.orm.jpa.JpaTransactionManager - Opened new EntityManager [SessionImpl(215840442<open>)] for JPA transaction
2026-03-16 16:56:04 [http-nio-8080-exec-3] DEBUG o.s.orm.jpa.JpaTransactionManager - Exposing JPA transaction as JDBC [org.springframework.orm.jpa.vendor.HibernateJpaDialect$HibernateConnectionHandle@5d12b3a9]
2026-03-16 16:56:04 [http-nio-8080-exec-3] DEBUG o.s.orm.jpa.JpaTransactionManager - Found thread-bound EntityManager [SessionImpl(215840442<open>)] for JPA transaction
2026-03-16 16:56:04 [http-nio-8080-exec-3] DEBUG o.s.orm.jpa.JpaTransactionManager - Participating in existing transaction
2026-03-16 16:56:04 [http-nio-8080-exec-3] DEBUG org.hibernate.SQL - select u1_0.emplyr_id,u1_0.area_no,u1_0.brthdy,u1_0.chg_pwd_cnt,u1_0.frst_register_id,u1_0.frst_regist_pnttm,u1_0.detail_adres,u1_0.email_adres,u1_0.emplyr_sttus_code,u1_0.empl_no,u1_0.esntl_id,u1_0.fxnum,u1_0.group_id,u1_0.house_adres,u1_0.house_end_telno,u1_0.house_middle_telno,u1_0.ihidnum,u1_0.pstinst_code,u1_0.last_updusr_id,u1_0.last_updt_pnttm,u1_0.lock_at,u1_0.lock_cnt,u1_0.lock_last_pnttm,u1_0.mbtlnum,u1_0.ofcps_nm,u1_0.offm_telno,u1_0.orgnzt_id,u1_0.password,u1_0.password_cnsr,u1_0.password_hint,u1_0.chg_pwd_last_pnttm,u1_0.role,u1_0.sbscrb_de,u1_0.sexdstn_code,u1_0.crtfc_dn_value,u1_0.user_nm,u1_0.zip from nemplyrinfo u1_0 where u1_0.emplyr_id=?
2026-03-16 16:56:04 [http-nio-8080-exec-5] DEBUG o.s.orm.jpa.JpaTransactionManager - Found thread-bound EntityManager [SessionImpl(826059941<open>)] for JPA transaction
2026-03-16 16:56:04 [http-nio-8080-exec-5] DEBUG o.s.orm.jpa.JpaTransactionManager - Participating in existing transaction
2026-03-16 16:56:04 [http-nio-8080-exec-5] DEBUG org.hibernate.SQL - select ua1_0.scrty_dtrmn_trget_id,ua1_0.author_code,ua1_0.frst_register_id,ua1_0.frst_regist_pnttm,ua1_0.last_updusr_id,ua1_0.last_updt_pnttm,ua1_0.mber_ty_code from nemplyrscrtyestbs ua1_0 where ua1_0.scrty_dtrmn_trget_id=?
2026-03-16 16:56:04 [http-nio-8080-exec-9] DEBUG o.s.orm.jpa.JpaTransactionManager - Exposing JPA transaction as JDBC [org.springframework.orm.jpa.vendor.HibernateJpaDialect$HibernateConnectionHandle@74e4be2d]
2026-03-16 16:56:04 [http-nio-8080-exec-9] DEBUG o.s.orm.jpa.JpaTransactionManager - Found thread-bound EntityManager [SessionImpl(641304560<open>)] for JPA transaction
2026-03-16 16:56:04 [http-nio-8080-exec-9] DEBUG o.s.orm.jpa.JpaTransactionManager - Participating in existing transaction
2026-03-16 16:56:04 [http-nio-8080-exec-9] DEBUG org.hibernate.SQL - select u1_0.emplyr_id,u1_0.area_no,u1_0.brthdy,u1_0.chg_pwd_cnt,u1_0.frst_register_id,u1_0.frst_regist_pnttm,u1_0.detail_adres,u1_0.email_adres,u1_0.emplyr_sttus_code,u1_0.empl_no,u1_0.esntl_id,u1_0.fxnum,u1_0.group_id,u1_0.house_adres,u1_0.house_end_telno,u1_0.house_middle_telno,u1_0.ihidnum,u1_0.pstinst_code,u1_0.last_updusr_id,u1_0.last_updt_pnttm,u1_0.lock_at,u1_0.lock_cnt,u1_0.lock_last_pnttm,u1_0.mbtlnum,u1_0.ofcps_nm,u1_0.offm_telno,u1_0.orgnzt_id,u1_0.password,u1_0.password_cnsr,u1_0.password_hint,u1_0.chg_pwd_last_pnttm,u1_0.role,u1_0.sbscrb_de,u1_0.sexdstn_code,u1_0.crtfc_dn_value,u1_0.user_nm,u1_0.zip from nemplyrinfo u1_0 where u1_0.emplyr_id=?
2026-03-16 16:56:04 [http-nio-8080-exec-10] DEBUG o.s.orm.jpa.JpaTransactionManager - Exposing JPA transaction as JDBC [org.springframework.orm.jpa.vendor.HibernateJpaDialect$HibernateConnectionHandle@5e322b01]
2026-03-16 16:56:04 [http-nio-8080-exec-10] DEBUG o.s.orm.jpa.JpaTransactionManager - Found thread-bound EntityManager [SessionImpl(2135832402<open>)] for JPA transaction
2026-03-16 16:56:04 [http-nio-8080-exec-10] DEBUG o.s.orm.jpa.JpaTransactionManager - Participating in existing transaction
2026-03-16 16:56:04 [http-nio-8080-exec-10] DEBUG org.hibernate.SQL - select u1_0.emplyr_id,u1_0.area_no,u1_0.brthdy,u1_0.chg_pwd_cnt,u1_0.frst_register_id,u1_0.frst_regist_pnttm,u1_0.detail_adres,u1_0.email_adres,u1_0.emplyr_sttus_code,u1_0.empl_no,u1_0.esntl_id,u1_0.fxnum,u1_0.group_id,u1_0.house_adres,u1_0.house_end_telno,u1_0.house_middle_telno,u1_0.ihidnum,u1_0.pstinst_code,u1_0.last_updusr_id,u1_0.last_updt_pnttm,u1_0.lock_at,u1_0.lock_cnt,u1_0.lock_last_pnttm,u1_0.mbtlnum,u1_0.ofcps_nm,u1_0.offm_telno,u1_0.orgnzt_id,u1_0.password,u1_0.password_cnsr,u1_0.password_hint,u1_0.chg_pwd_last_pnttm,u1_0.role,u1_0.sbscrb_de,u1_0.sexdstn_code,u1_0.crtfc_dn_value,u1_0.user_nm,u1_0.zip from nemplyrinfo u1_0 where u1_0.emplyr_id=?
2026-03-16 16:56:04 [http-nio-8080-exec-1] DEBUG o.s.orm.jpa.JpaTransactionManager - Found thread-bound EntityManager [SessionImpl(1399579416<open>)] for JPA transaction
2026-03-16 16:56:04 [http-nio-8080-exec-1] DEBUG o.s.orm.jpa.JpaTransactionManager - Participating in existing transaction
2026-03-16 16:56:04 [http-nio-8080-exec-1] DEBUG org.hibernate.SQL - select ua1_0.scrty_dtrmn_trget_id,ua1_0.author_code,ua1_0.frst_register_id,ua1_0.frst_regist_pnttm,ua1_0.last_updusr_id,ua1_0.last_updt_pnttm,ua1_0.mber_ty_code from nemplyrscrtyestbs ua1_0 where ua1_0.scrty_dtrmn_trget_id=?
2026-03-16 16:56:04 [http-nio-8080-exec-7] DEBUG o.s.orm.jpa.JpaTransactionManager - Found thread-bound EntityManager [SessionImpl(95975322<open>)] for JPA transaction
2026-03-16 16:56:04 [http-nio-8080-exec-7] DEBUG o.s.orm.jpa.JpaTransactionManager - Participating in existing transaction
2026-03-16 16:56:04 [http-nio-8080-exec-7] DEBUG org.hibernate.SQL - select ua1_0.scrty_dtrmn_trget_id,ua1_0.author_code,ua1_0.frst_register_id,ua1_0.frst_regist_pnttm,ua1_0.last_updusr_id,ua1_0.last_updt_pnttm,ua1_0.mber_ty_code from nemplyrscrtyestbs ua1_0 where ua1_0.scrty_dtrmn_trget_id=?
2026-03-16 16:56:04 [http-nio-8080-exec-3] DEBUG o.s.orm.jpa.JpaTransactionManager - Found thread-bound EntityManager [SessionImpl(215840442<open>)] for JPA transaction
2026-03-16 16:56:04 [http-nio-8080-exec-3] DEBUG o.s.orm.jpa.JpaTransactionManager - Participating in existing transaction
2026-03-16 16:56:04 [http-nio-8080-exec-3] DEBUG org.hibernate.SQL - select ua1_0.scrty_dtrmn_trget_id,ua1_0.author_code,ua1_0.frst_register_id,ua1_0.frst_regist_pnttm,ua1_0.last_updusr_id,ua1_0.last_updt_pnttm,ua1_0.mber_ty_code from nemplyrscrtyestbs ua1_0 where ua1_0.scrty_dtrmn_trget_id=?
2026-03-16 16:56:04 [http-nio-8080-exec-5] DEBUG o.s.orm.jpa.JpaTransactionManager - Initiating transaction commit
2026-03-16 16:56:04 [http-nio-8080-exec-5] DEBUG o.s.orm.jpa.JpaTransactionManager - Committing JPA transaction on EntityManager [SessionImpl(826059941<open>)]
2026-03-16 16:56:04 [http-nio-8080-exec-9] DEBUG o.s.orm.jpa.JpaTransactionManager - Found thread-bound EntityManager [SessionImpl(641304560<open>)] for JPA transaction
2026-03-16 16:56:04 [http-nio-8080-exec-9] DEBUG o.s.orm.jpa.JpaTransactionManager - Participating in existing transaction
2026-03-16 16:56:04 [http-nio-8080-exec-9] DEBUG org.hibernate.SQL - select ua1_0.scrty_dtrmn_trget_id,ua1_0.author_code,ua1_0.frst_register_id,ua1_0.frst_regist_pnttm,ua1_0.last_updusr_id,ua1_0.last_updt_pnttm,ua1_0.mber_ty_code from nemplyrscrtyestbs ua1_0 where ua1_0.scrty_dtrmn_trget_id=?
2026-03-16 16:56:04 [http-nio-8080-exec-10] DEBUG o.s.orm.jpa.JpaTransactionManager - Found thread-bound EntityManager [SessionImpl(2135832402<open>)] for JPA transaction
2026-03-16 16:56:04 [http-nio-8080-exec-10] DEBUG o.s.orm.jpa.JpaTransactionManager - Participating in existing transaction
2026-03-16 16:56:04 [http-nio-8080-exec-10] DEBUG org.hibernate.SQL - select ua1_0.scrty_dtrmn_trget_id,ua1_0.author_code,ua1_0.frst_register_id,ua1_0.frst_regist_pnttm,ua1_0.last_updusr_id,ua1_0.last_updt_pnttm,ua1_0.mber_ty_code from nemplyrscrtyestbs ua1_0 where ua1_0.scrty_dtrmn_trget_id=?
2026-03-16 16:56:04 [http-nio-8080-exec-1] DEBUG o.s.orm.jpa.JpaTransactionManager - Initiating transaction commit
2026-03-16 16:56:04 [http-nio-8080-exec-1] DEBUG o.s.orm.jpa.JpaTransactionManager - Committing JPA transaction on EntityManager [SessionImpl(1399579416<open>)]
2026-03-16 16:56:04 [http-nio-8080-exec-7] DEBUG o.s.orm.jpa.JpaTransactionManager - Initiating transaction commit
2026-03-16 16:56:04 [http-nio-8080-exec-7] DEBUG o.s.orm.jpa.JpaTransactionManager - Committing JPA transaction on EntityManager [SessionImpl(95975322<open>)]
2026-03-16 16:56:04 [http-nio-8080-exec-3] DEBUG o.s.orm.jpa.JpaTransactionManager - Initiating transaction commit
2026-03-16 16:56:04 [http-nio-8080-exec-3] DEBUG o.s.orm.jpa.JpaTransactionManager - Committing JPA transaction on EntityManager [SessionImpl(215840442<open>)]
2026-03-16 16:56:04 [http-nio-8080-exec-5] DEBUG o.s.orm.jpa.JpaTransactionManager - Closing JPA EntityManager [SessionImpl(826059941<open>)] after transaction
2026-03-16 16:56:04 [http-nio-8080-exec-5] DEBUG c.c.p.s.jwt.JwtAuthenticationFilter - >>> [JwtFilter] Successfully authenticated user: USRCNFRM_99999999999, Authorities: [ROLE_ADMIN]
2026-03-16 16:56:04 [http-nio-8080-exec-5] DEBUG o.s.web.servlet.DispatcherServlet - GET "/api/v1/admin/system/statistics/bbs?statsKind=COM101", parameters={masked}
2026-03-16 16:56:04 [http-nio-8080-exec-5] DEBUG o.s.w.s.h.SimpleUrlHandlerMapping - Mapped to ResourceHttpRequestHandler [classpath [META-INF/resources/], classpath [resources/], classpath [static/], classpath [public/], ServletContext [/]]
2026-03-16 16:56:04 [http-nio-8080-exec-5] DEBUG o.s.w.s.r.ResourceHttpRequestHandler - Resource not found
2026-03-16 16:56:04 [http-nio-8080-exec-5] DEBUG o.s.w.s.m.m.a.ExceptionHandlerExceptionResolver - Using @ExceptionHandler com.company.project.core.exception.GlobalExceptionHandler#handleException(Exception)
2026-03-16 16:56:04 [http-nio-8080-exec-5] ERROR c.c.p.c.e.GlobalExceptionHandler - >>> Internal Server Error: No static resource api/v1/admin/system/statistics/bbs.
org.springframework.web.servlet.resource.NoResourceFoundException: No static resource api/v1/admin/system/statistics/bbs.
	at org.springframework.web.servlet.resource.ResourceHttpRequestHandler.handleRequest(ResourceHttpRequestHandler.java:585)
	at org.springframework.web.servlet.mvc.HttpRequestHandlerAdapter.handle(HttpRequestHandlerAdapter.java:52)
	at org.springframework.web.servlet.DispatcherServlet.doDispatch(DispatcherServlet.java:1088)
	at org.springframework.web.servlet.DispatcherServlet.doService(DispatcherServlet.java:978)
	at org.springframework.web.servlet.FrameworkServlet.processRequest(FrameworkServlet.java:1014)
	at org.springframework.web.servlet.FrameworkServlet.doGet(FrameworkServlet.java:903)
	at jakarta.servlet.http.HttpServlet.service(HttpServlet.java:527)
	at org.springframework.web.servlet.FrameworkServlet.service(FrameworkServlet.java:885)
	at jakarta.servlet.http.HttpServlet.service(HttpServlet.java:614)
	at org.apache.catalina.core.ApplicationFilterChain.internalDoFilter(ApplicationFilterChain.java:195)
	at org.apache.catalina.core.ApplicationFilterChain.doFilter(ApplicationFilterChain.java:140)
	at org.apache.tomcat.websocket.server.WsFilter.doFilter(WsFilter.java:51)
	at org.apache.catalina.core.ApplicationFilterChain.internalDoFilter(ApplicationFilterChain.java:164)
	at org.apache.catalina.core.ApplicationFilterChain.doFilter(ApplicationFilterChain.java:140)
	at org.springframework.web.filter.CompositeFilter$VirtualFilterChain.doFilter(CompositeFilter.java:108)
	at org.springframework.security.web.FilterChainProxy.lambda$doFilterInternal$3(FilterChainProxy.java:231)
	at org.springframework.security.web.ObservationFilterChainDecorator$FilterObservation$SimpleFilterObservation.lambda$wrap$1(ObservationFilterChainDecorator.java:479)
	at org.springframework.security.web.ObservationFilterChainDecorator$AroundFilterObservation$SimpleAroundFilterObservation.lambda$wrap$1(ObservationFilterChainDecorator.java:340)
	at org.springframework.security.web.ObservationFilterChainDecorator.lambda$wrapSecured$0(ObservationFilterChainDecorator.java:82)
	at org.springframework.security.web.ObservationFilterChainDecorator$VirtualFilterChain.doFilter(ObservationFilterChainDecorator.java:128)
	at org.springframework.security.web.access.intercept.AuthorizationFilter.doFilter(AuthorizationFilter.java:101)
	at org.springframework.security.web.ObservationFilterChainDecorator$ObservationFilter.wrapFilter(ObservationFilterChainDecorator.java:240)
	at org.springframework.security.web.ObservationFilterChainDecorator$ObservationFilter.doFilter(ObservationFilterChainDecorator.java:227)
	at org.springframework.security.web.ObservationFilterChainDecorator$VirtualFilterChain.doFilter(ObservationFilterChainDecorator.java:137)
	at org.springframework.security.web.access.ExceptionTranslationFilter.doFilter(ExceptionTranslationFilter.java:126)
	at org.springframework.security.web.access.ExceptionTranslationFilter.doFilter(ExceptionTranslationFilter.java:120)
	at org.springframework.security.web.ObservationFilterChainDecorator$ObservationFilter.wrapFilter(ObservationFilterChainDecorator.java:240)
	at org.springframework.security.web.ObservationFilterChainDecorator$ObservationFilter.doFilter(ObservationFilterChainDecorator.java:227)
	at org.springframework.security.web.ObservationFilterChainDecorator$VirtualFilterChain.doFilter(ObservationFilterChainDecorator.java:137)
	at org.springframework.security.web.session.SessionManagementFilter.doFilter(SessionManagementFilter.java:131)
	at org.springframework.security.web.session.SessionManagementFilter.doFilter(SessionManagementFilter.java:85)
	at org.springframework.security.web.ObservationFilterChainDecorator$ObservationFilter.wrapFilter(ObservationFilterChainDecorator.java:240)
	at org.springframework.security.web.ObservationFilterChainDecorator$ObservationFilter.doFilter(ObservationFilterChainDecorator.java:227)
	at org.springframework.security.web.ObservationFilterChainDecorator$VirtualFilterChain.doFilter(ObservationFilterChainDecorator.java:137)
	at org.springframework.security.web.authentication.AnonymousAuthenticationFilter.doFilter(AnonymousAuthenticationFilter.java:100)
	at org.springframework.security.web.ObservationFilterChainDecorator$ObservationFilter.wrapFilter(ObservationFilterChainDecorator.java:240)
	at org.springframework.security.web.ObservationFilterChainDecorator$ObservationFilter.doFilter(ObservationFilterChainDecorator.java:227)
	at org.springframework.security.web.ObservationFilterChainDecorator$VirtualFilterChain.doFilter(ObservationFilterChainDecorator.java:137)
	at org.springframework.security.web.servletapi.SecurityContextHolderAwareRequestFilter.doFilter(SecurityContextHolderAwareRequestFilter.java:179)
	at org.springframework.security.web.ObservationFilterChainDecorator$ObservationFilter.wrapFilter(ObservationFilterChainDecorator.java:240)
	at org.springframework.security.web.ObservationFilterChainDecorator$ObservationFilter.doFilter(ObservationFilterChainDecorator.java:227)
	at org.springframework.security.web.ObservationFilterChainDecorator$VirtualFilterChain.doFilter(ObservationFilterChainDecorator.java:137)
	at org.springframework.security.web.savedrequest.RequestCacheAwareFilter.doFilter(RequestCacheAwareFilter.java:63)
	at org.springframework.security.web.ObservationFilterChainDecorator$ObservationFilter.wrapFilter(ObservationFilterChainDecorator.java:240)
	at org.springframework.security.web.ObservationFilterChainDecorator$ObservationFilter.doFilter(ObservationFilterChainDecorator.java:227)
	at org.springframework.security.web.ObservationFilterChainDecorator$VirtualFilterChain.doFilter(ObservationFilterChainDecorator.java:137)
	at com.company.project.security.jwt.JwtAuthenticationFilter.doFilterInternal(JwtAuthenticationFilter.java:52)
	at org.springframework.web.filter.OncePerRequestFilter.doFilter(OncePerRequestFilter.java:116)
	at org.springframework.security.web.ObservationFilterChainDecorator$ObservationFilter.wrapFilter(ObservationFilterChainDecorator.java:240)
	at org.springframework.security.web.ObservationFilterChainDecorator$ObservationFilter.doFilter(ObservationFilterChainDecorator.java:227)
	at org.springframework.security.web.ObservationFilterChainDecorator$VirtualFilterChain.doFilter(ObservationFilterChainDecorator.java:137)
	at org.springframework.security.web.authentication.logout.LogoutFilter.doFilter(LogoutFilter.java:107)
	at org.springframework.security.web.authentication.logout.LogoutFilter.doFilter(LogoutFilter.java:93)
	at org.springframework.security.web.ObservationFilterChainDecorator$ObservationFilter.wrapFilter(ObservationFilterChainDecorator.java:240)
	at org.springframework.security.web.ObservationFilterChainDecorator$ObservationFilter.doFilter(ObservationFilterChainDecorator.java:227)
	at org.springframework.security.web.ObservationFilterChainDecorator$VirtualFilterChain.doFilter(ObservationFilterChainDecorator.java:137)
	at org.springframework.web.filter.CorsFilter.doFilterInternal(CorsFilter.java:91)
	at org.springframework.web.filter.OncePerRequestFilter.doFilter(OncePerRequestFilter.java:116)
	at org.springframework.security.web.ObservationFilterChainDecorator$ObservationFilter.wrapFilter(ObservationFilterChainDecorator.java:240)
	at org.springframework.security.web.ObservationFilterChainDecorator$ObservationFilter.doFilter(ObservationFilterChainDecorator.java:227)
	at org.springframework.security.web.ObservationFilterChainDecorator$VirtualFilterChain.doFilter(ObservationFilterChainDecorator.java:137)
	at org.springframework.security.web.header.HeaderWriterFilter.doHeadersAfter(HeaderWriterFilter.java:90)
	at org.springframework.security.web.header.HeaderWriterFilter.doFilterInternal(HeaderWriterFilter.java:75)
	at org.springframework.web.filter.OncePerRequestFilter.doFilter(OncePerRequestFilter.java:116)
	at org.springframework.security.web.ObservationFilterChainDecorator$ObservationFilter.wrapFilter(ObservationFilterChainDecorator.java:240)
	at org.springframework.security.web.ObservationFilterChainDecorator$ObservationFilter.doFilter(ObservationFilterChainDecorator.java:227)
	at org.springframework.security.web.ObservationFilterChainDecorator$VirtualFilterChain.doFilter(ObservationFilterChainDecorator.java:137)
	at org.springframework.security.web.context.SecurityContextHolderFilter.doFilter(SecurityContextHolderFilter.java:82)
	at org.springframework.security.web.context.SecurityContextHolderFilter.doFilter(SecurityContextHolderFilter.java:69)
	at org.springframework.security.web.ObservationFilterChainDecorator$ObservationFilter.wrapFilter(ObservationFilterChainDecorator.java:240)
	at org.springframework.security.web.ObservationFilterChainDecorator$ObservationFilter.doFilter(ObservationFilterChainDecorator.java:227)
	at org.springframework.security.web.ObservationFilterChainDecorator$VirtualFilterChain.doFilter(ObservationFilterChainDecorator.java:137)
	at org.springframework.security.web.context.request.async.WebAsyncManagerIntegrationFilter.doFilterInternal(WebAsyncManagerIntegrationFilter.java:62)
	at org.springframework.web.filter.OncePerRequestFilter.doFilter(OncePerRequestFilter.java:116)
	at org.springframework.security.web.ObservationFilterChainDecorator$ObservationFilter.wrapFilter(ObservationFilterChainDecorator.java:240)
	at org.springframework.security.web.ObservationFilterChainDecorator$ObservationFilter.doFilter(ObservationFilterChainDecorator.java:227)
	at org.springframework.security.web.ObservationFilterChainDecorator$VirtualFilterChain.doFilter(ObservationFilterChainDecorator.java:137)
	at org.springframework.security.web.session.DisableEncodeUrlFilter.doFilterInternal(DisableEncodeUrlFilter.java:42)
	at org.springframework.web.filter.OncePerRequestFilter.doFilter(OncePerRequestFilter.java:116)
	at org.springframework.security.web.ObservationFilterChainDecorator$ObservationFilter.wrapFilter(ObservationFilterChainDecorator.java:240)
	at org.springframework.security.web.ObservationFilterChainDecorator$AroundFilterObservation$SimpleAroundFilterObservation.lambda$wrap$0(ObservationFilterChainDecorator.java:323)
	at org.springframework.security.web.ObservationFilterChainDecorator$ObservationFilter.doFilter(ObservationFilterChainDecorator.java:224)
	at org.springframework.security.web.ObservationFilterChainDecorator$VirtualFilterChain.doFilter(ObservationFilterChainDecorator.java:137)
	at org.springframework.security.web.FilterChainProxy.doFilterInternal(FilterChainProxy.java:233)
	at org.springframework.security.web.FilterChainProxy.doFilter(FilterChainProxy.java:191)
	at org.springframework.web.filter.CompositeFilter$VirtualFilterChain.doFilter(CompositeFilter.java:113)
	at org.springframework.web.servlet.handler.HandlerMappingIntrospector.lambda$createCacheFilter$3(HandlerMappingIntrospector.java:243)
	at org.springframework.web.filter.CompositeFilter$VirtualFilterChain.doFilter(CompositeFilter.java:113)
	at org.springframework.web.filter.CompositeFilter.doFilter(CompositeFilter.java:74)
	at org.springframework.security.config.annotation.web.configuration.WebMvcSecurityConfiguration$CompositeFilterChainProxy.doFilter(WebMvcSecurityConfiguration.java:238)
	at org.springframework.web.filter.DelegatingFilterProxy.invokeDelegate(DelegatingFilterProxy.java:362)
	at org.springframework.web.filter.DelegatingFilterProxy.doFilter(DelegatingFilterProxy.java:278)
	at org.apache.catalina.core.ApplicationFilterChain.internalDoFilter(ApplicationFilterChain.java:164)
	at org.apache.catalina.core.ApplicationFilterChain.doFilter(ApplicationFilterChain.java:140)
	at org.springframework.web.filter.RequestContextFilter.doFilterInternal(RequestContextFilter.java:100)
	at org.springframework.web.filter.OncePerRequestFilter.doFilter(OncePerRequestFilter.java:116)
	at org.apache.catalina.core.ApplicationFilterChain.internalDoFilter(ApplicationFilterChain.java:164)
	at org.apache.catalina.core.ApplicationFilterChain.doFilter(ApplicationFilterChain.java:140)
	at org.springframework.web.filter.FormContentFilter.doFilterInternal(FormContentFilter.java:93)
	at org.springframework.web.filter.OncePerRequestFilter.doFilter(OncePerRequestFilter.java:116)
	at org.apache.catalina.core.ApplicationFilterChain.internalDoFilter(ApplicationFilterChain.java:164)
	at org.apache.catalina.core.ApplicationFilterChain.doFilter(ApplicationFilterChain.java:140)
	at org.springframework.web.filter.ServerHttpObservationFilter.doFilterInternal(ServerHttpObservationFilter.java:114)
	at org.springframework.web.filter.OncePerRequestFilter.doFilter(OncePerRequestFilter.java:116)
	at org.apache.catalina.core.ApplicationFilterChain.internalDoFilter(ApplicationFilterChain.java:164)
	at org.apache.catalina.core.ApplicationFilterChain.doFilter(ApplicationFilterChain.java:140)
	at org.springframework.web.filter.CharacterEncodingFilter.doFilterInternal(CharacterEncodingFilter.java:201)
	at org.springframework.web.filter.OncePerRequestFilter.doFilter(OncePerRequestFilter.java:116)
	at org.apache.catalina.core.ApplicationFilterChain.internalDoFilter(ApplicationFilterChain.java:164)
	at org.apache.catalina.core.ApplicationFilterChain.doFilter(ApplicationFilterChain.java:140)
	at org.apache.catalina.core.StandardWrapperValve.invoke(StandardWrapperValve.java:167)
	at org.apache.catalina.core.StandardContextValve.invoke(StandardContextValve.java:90)
	at org.apache.catalina.authenticator.AuthenticatorBase.invoke(AuthenticatorBase.java:483)
	at org.apache.catalina.core.StandardHostValve.invoke(StandardHostValve.java:115)
	at org.apache.catalina.valves.ErrorReportValve.invoke(ErrorReportValve.java:93)
	at org.apache.catalina.core.StandardEngineValve.invoke(StandardEngineValve.java:74)
	at org.apache.catalina.connector.CoyoteAdapter.service(CoyoteAdapter.java:344)
	at org.apache.coyote.http11.Http11Processor.service(Http11Processor.java:397)
	at org.apache.coyote.AbstractProcessorLight.process(AbstractProcessorLight.java:63)
	at org.apache.coyote.AbstractProtocol$ConnectionHandler.process(AbstractProtocol.java:905)
	at org.apache.tomcat.util.net.NioEndpoint$SocketProcessor.doRun(NioEndpoint.java:1741)
	at org.apache.tomcat.util.net.SocketProcessorBase.run(SocketProcessorBase.java:52)
	at org.apache.tomcat.util.threads.ThreadPoolExecutor.runWorker(ThreadPoolExecutor.java:1190)
	at org.apache.tomcat.util.threads.ThreadPoolExecutor$Worker.run(ThreadPoolExecutor.java:659)
	at org.apache.tomcat.util.threads.TaskThread$WrappingRunnable.run(TaskThread.java:63)
	at java.base/java.lang.Thread.run(Thread.java:1583)
2026-03-16 16:56:04 [http-nio-8080-exec-9] DEBUG o.s.orm.jpa.JpaTransactionManager - Initiating transaction commit
2026-03-16 16:56:04 [http-nio-8080-exec-9] DEBUG o.s.orm.jpa.JpaTransactionManager - Committing JPA transaction on EntityManager [SessionImpl(641304560<open>)]
2026-03-16 16:56:04 [http-nio-8080-exec-5] DEBUG o.s.w.s.m.m.a.HttpEntityMethodProcessor - Using 'application/json', given [application/json, text/plain, */*] and supported [application/json, application/*+json, application/yaml]
2026-03-16 16:56:04 [http-nio-8080-exec-5] TRACE o.s.w.s.m.m.a.HttpEntityMethodProcessor - Writing [ApiResponse[success=false, status=500, code=C004, message=예기치 않은 서버 오류가 발생했습니다., data=null, timestamp=2026-03-16T16:56:04.438746700]]
2026-03-16 16:56:04 [http-nio-8080-exec-5] DEBUG o.s.w.s.m.m.a.ExceptionHandlerExceptionResolver - Resolved [org.springframework.web.servlet.resource.NoResourceFoundException: No static resource api/v1/admin/system/statistics/bbs.]
2026-03-16 16:56:04 [http-nio-8080-exec-5] DEBUG o.s.web.servlet.DispatcherServlet - Completed 500 INTERNAL_SERVER_ERROR
2026-03-16 16:56:04 [http-nio-8080-exec-1] DEBUG o.s.orm.jpa.JpaTransactionManager - Closing JPA EntityManager [SessionImpl(1399579416<open>)] after transaction
2026-03-16 16:56:04 [http-nio-8080-exec-1] DEBUG c.c.p.s.jwt.JwtAuthenticationFilter - >>> [JwtFilter] Successfully authenticated user: USRCNFRM_99999999999, Authorities: [ROLE_ADMIN]
2026-03-16 16:56:04 [http-nio-8080-exec-10] DEBUG o.s.orm.jpa.JpaTransactionManager - Initiating transaction commit
2026-03-16 16:56:04 [http-nio-8080-exec-10] DEBUG o.s.orm.jpa.JpaTransactionManager - Committing JPA transaction on EntityManager [SessionImpl(2135832402<open>)]
2026-03-16 16:56:04 [http-nio-8080-exec-1] DEBUG o.s.web.servlet.DispatcherServlet - GET "/api/v1/menu/left?menuNo=20", parameters={masked}
2026-03-16 16:56:04 [http-nio-8080-exec-1] TRACE o.s.w.s.m.m.a.RequestMappingHandlerMapping - Mapped to com.company.project.api.controller.menu.MenuController#getLeftMenu(Long)
2026-03-16 16:56:04 [http-nio-8080-exec-1] INFO  c.c.p.a.c.menu.MenuController - getLeftMenu called with menuNo=20
2026-03-16 16:56:04 [http-nio-8080-exec-1] DEBUG o.s.orm.jpa.JpaTransactionManager - Creating new transaction with name [com.company.project.service.menu.MenuService.getSubMenus]: PROPAGATION_REQUIRED,ISOLATION_DEFAULT,readOnly
2026-03-16 16:56:04 [http-nio-8080-exec-1] DEBUG o.s.orm.jpa.JpaTransactionManager - Opened new EntityManager [SessionImpl(1244420579<open>)] for JPA transaction
2026-03-16 16:56:04 [http-nio-8080-exec-1] DEBUG o.s.orm.jpa.JpaTransactionManager - Exposing JPA transaction as JDBC [org.springframework.orm.jpa.vendor.HibernateJpaDialect$HibernateConnectionHandle@14dccd52]
2026-03-16 16:56:04 [http-nio-8080-exec-1] DEBUG org.hibernate.SQL - select m1_0.menu_no,m1_0.menu_dc,m1_0.menu_nm,m1_0.menu_ordr,m1_0.modern_route,m1_0.progrm_file_nm,m1_0.relate_image_nm,m1_0.relate_image_path,m1_0.route_updated_at,m1_0.upper_menu_no from nmenuinfo m1_0 order by m1_0.upper_menu_no,m1_0.menu_ordr
2026-03-16 16:56:04 [http-nio-8080-exec-7] DEBUG o.s.orm.jpa.JpaTransactionManager - Closing JPA EntityManager [SessionImpl(95975322<open>)] after transaction
2026-03-16 16:56:04 [http-nio-8080-exec-7] DEBUG c.c.p.s.jwt.JwtAuthenticationFilter - >>> [JwtFilter] Successfully authenticated user: USRCNFRM_99999999999, Authorities: [ROLE_ADMIN]
2026-03-16 16:56:04 [http-nio-8080-exec-7] DEBUG o.s.web.servlet.DispatcherServlet - GET "/api/v1/notifications", parameters={}
2026-03-16 16:56:04 [http-nio-8080-exec-7] TRACE o.s.w.s.m.m.a.RequestMappingHandlerMapping - Mapped to com.company.project.api.controller.notification.NotificationController#getMyNotifications(UserDetails)
2026-03-16 16:56:04 [http-nio-8080-exec-7] DEBUG o.s.orm.jpa.JpaTransactionManager - Creating new transaction with name [com.company.project.service.notification.NotificationService.getActiveNotifications]: PROPAGATION_REQUIRED,ISOLATION_DEFAULT,readOnly
2026-03-16 16:56:04 [http-nio-8080-exec-7] DEBUG o.s.orm.jpa.JpaTransactionManager - Opened new EntityManager [SessionImpl(805676040<open>)] for JPA transaction
2026-03-16 16:56:04 [http-nio-8080-exec-7] DEBUG o.s.orm.jpa.JpaTransactionManager - Exposing JPA transaction as JDBC [org.springframework.orm.jpa.vendor.HibernateJpaDialect$HibernateConnectionHandle@7ceb8e4e]
2026-03-16 16:56:04 [http-nio-8080-exec-7] DEBUG o.s.orm.jpa.JpaTransactionManager - Found thread-bound EntityManager [SessionImpl(805676040<open>)] for JPA transaction
2026-03-16 16:56:04 [http-nio-8080-exec-7] DEBUG o.s.orm.jpa.JpaTransactionManager - Participating in existing transaction
2026-03-16 16:56:04 [http-nio-8080-exec-7] DEBUG org.hibernate.SQL - select n1_0.ntcn_no,n1_0.frst_register_id,n1_0.frst_regist_pnttm,n1_0.is_read,n1_0.last_updusr_id,n1_0.last_updt_pnttm,n1_0.link_url,n1_0.ntcn_cn,n1_0.ntcn_sj,n1_0.receiver_id from n_user_notification n1_0
2026-03-16 16:56:04 [http-nio-8080-exec-3] DEBUG o.s.orm.jpa.JpaTransactionManager - Closing JPA EntityManager [SessionImpl(215840442<open>)] after transaction
2026-03-16 16:56:04 [http-nio-8080-exec-3] DEBUG c.c.p.s.jwt.JwtAuthenticationFilter - >>> [JwtFilter] Successfully authenticated user: USRCNFRM_99999999999, Authorities: [ROLE_ADMIN]
2026-03-16 16:56:04 [http-nio-8080-exec-3] DEBUG o.s.web.servlet.DispatcherServlet - GET "/api/v1/popups/active", parameters={}
2026-03-16 16:56:04 [http-nio-8080-exec-3] TRACE o.s.w.s.m.m.a.RequestMappingHandlerMapping - Mapped to com.company.project.api.controller.system.content.popup.PopupController#getActivePopups()
2026-03-16 16:56:04 [http-nio-8080-exec-3] DEBUG o.s.orm.jpa.JpaTransactionManager - Creating new transaction with name [com.company.project.service.system.content.popup.PopupServiceImpl.getActivePopups]: PROPAGATION_REQUIRED,ISOLATION_DEFAULT,readOnly
2026-03-16 16:56:04 [http-nio-8080-exec-3] DEBUG o.s.orm.jpa.JpaTransactionManager - Opened new EntityManager [SessionImpl(1201348092<open>)] for JPA transaction
2026-03-16 16:56:04 [http-nio-8080-exec-3] DEBUG o.s.orm.jpa.JpaTransactionManager - Exposing JPA transaction as JDBC [org.springframework.orm.jpa.vendor.HibernateJpaDialect$HibernateConnectionHandle@ca72abe]
2026-03-16 16:56:04 [http-nio-8080-exec-3] DEBUG org.hibernate.SQL - select p1_0.popup_id,p1_0.frst_register_id,p1_0.frst_regist_pnttm,p1_0.file_url,p1_0.ntce_at,p1_0.stopvew_setup_at,p1_0.last_updusr_id,p1_0.last_updt_pnttm,p1_0.ntce_bgnde,p1_0.ntce_endde,p1_0.popup_vrticl_lc,p1_0.popup_vrticl_size,p1_0.popup_sj_nm,p1_0.popup_width_lc,p1_0.popup_width_size from npopupmanage p1_0 where p1_0.ntce_at='Y' and ? between p1_0.ntce_bgnde and p1_0.ntce_endde
2026-03-16 16:56:04 [http-nio-8080-exec-9] DEBUG o.s.orm.jpa.JpaTransactionManager - Closing JPA EntityManager [SessionImpl(641304560<open>)] after transaction
2026-03-16 16:56:04 [http-nio-8080-exec-9] DEBUG c.c.p.s.jwt.JwtAuthenticationFilter - >>> [JwtFilter] Successfully authenticated user: USRCNFRM_99999999999, Authorities: [ROLE_ADMIN]
2026-03-16 16:56:04 [http-nio-8080-exec-9] DEBUG o.s.web.servlet.DispatcherServlet - GET "/api/v1/admin/system/banners/reflected", parameters={}
2026-03-16 16:56:04 [http-nio-8080-exec-9] TRACE o.s.w.s.m.m.a.RequestMappingHandlerMapping - Mapped to com.company.project.api.controller.system.content.banner.BannerApiController#getReflectedBanners()
2026-03-16 16:56:04 [http-nio-8080-exec-9] DEBUG o.s.orm.jpa.JpaTransactionManager - Creating new transaction with name [com.company.project.service.system.content.banner.BannerService.getReflectedBanners]: PROPAGATION_REQUIRED,ISOLATION_DEFAULT,readOnly
2026-03-16 16:56:04 [http-nio-8080-exec-9] DEBUG o.s.orm.jpa.JpaTransactionManager - Opened new EntityManager [SessionImpl(2065825901<open>)] for JPA transaction
2026-03-16 16:56:04 [http-nio-8080-exec-9] DEBUG o.s.orm.jpa.JpaTransactionManager - Exposing JPA transaction as JDBC [org.springframework.orm.jpa.vendor.HibernateJpaDialect$HibernateConnectionHandle@32fb09e6]
2026-03-16 16:56:04 [http-nio-8080-exec-9] DEBUG org.hibernate.SQL - select b1_0.banner_id,b1_0.banner_dc,b1_0.banner_image,b1_0.banner_image_file,b1_0.banner_nm,b1_0.frst_register_id,b1_0.frst_regist_pnttm,b1_0.last_updusr_id,b1_0.last_updt_pnttm,b1_0.link_url,b1_0.reflct_at,b1_0.sort_ordr from nbanner b1_0 where b1_0.reflct_at=? order by b1_0.sort_ordr
2026-03-16 16:56:04 [http-nio-8080-exec-10] DEBUG o.s.orm.jpa.JpaTransactionManager - Closing JPA EntityManager [SessionImpl(2135832402<open>)] after transaction
2026-03-16 16:56:04 [http-nio-8080-exec-10] DEBUG c.c.p.s.jwt.JwtAuthenticationFilter - >>> [JwtFilter] Successfully authenticated user: USRCNFRM_99999999999, Authorities: [ROLE_ADMIN]
2026-03-16 16:56:04 [http-nio-8080-exec-10] DEBUG o.s.web.servlet.DispatcherServlet - GET "/api/v1/notifications/unread-count", parameters={}
2026-03-16 16:56:04 [http-nio-8080-exec-10] TRACE o.s.w.s.m.m.a.RequestMappingHandlerMapping - Mapped to com.company.project.api.controller.notification.NotificationController#getUnreadCount(UserDetails)
2026-03-16 16:56:04 [http-nio-8080-exec-10] DEBUG o.s.orm.jpa.JpaTransactionManager - Creating new transaction with name [com.company.project.service.notification.NotificationService.getUnreadCount]: PROPAGATION_REQUIRED,ISOLATION_DEFAULT,readOnly
2026-03-16 16:56:04 [http-nio-8080-exec-10] DEBUG o.s.orm.jpa.JpaTransactionManager - Opened new EntityManager [SessionImpl(1215190230<open>)] for JPA transaction
2026-03-16 16:56:04 [http-nio-8080-exec-10] DEBUG o.s.orm.jpa.JpaTransactionManager - Exposing JPA transaction as JDBC [org.springframework.orm.jpa.vendor.HibernateJpaDialect$HibernateConnectionHandle@198bbb28]
2026-03-16 16:56:04 [http-nio-8080-exec-10] DEBUG org.hibernate.SQL - select count(n1_0.ntcn_no) from n_user_notification n1_0 where n1_0.receiver_id=? and n1_0.is_read=?
2026-03-16 16:56:04 [http-nio-8080-exec-7] DEBUG o.s.orm.jpa.JpaTransactionManager - Initiating transaction commit
2026-03-16 16:56:04 [http-nio-8080-exec-3] DEBUG o.s.orm.jpa.JpaTransactionManager - Initiating transaction commit
2026-03-16 16:56:04 [http-nio-8080-exec-7] DEBUG o.s.orm.jpa.JpaTransactionManager - Committing JPA transaction on EntityManager [SessionImpl(805676040<open>)]
2026-03-16 16:56:04 [http-nio-8080-exec-3] DEBUG o.s.orm.jpa.JpaTransactionManager - Committing JPA transaction on EntityManager [SessionImpl(1201348092<open>)]
2026-03-16 16:56:04 [http-nio-8080-exec-9] DEBUG o.s.orm.jpa.JpaTransactionManager - Initiating transaction commit
2026-03-16 16:56:04 [http-nio-8080-exec-9] DEBUG o.s.orm.jpa.JpaTransactionManager - Committing JPA transaction on EntityManager [SessionImpl(2065825901<open>)]
2026-03-16 16:56:04 [http-nio-8080-exec-10] DEBUG o.s.orm.jpa.JpaTransactionManager - Initiating transaction commit
2026-03-16 16:56:04 [http-nio-8080-exec-10] DEBUG o.s.orm.jpa.JpaTransactionManager - Committing JPA transaction on EntityManager [SessionImpl(1215190230<open>)]
2026-03-16 16:56:04 [http-nio-8080-exec-4] DEBUG c.c.p.s.jwt.JwtAuthenticationFilter - >>> [JwtFilter] Processing request: GET /api/v1/admin/system/statistics/connect
2026-03-16 16:56:04 [http-nio-8080-exec-4] DEBUG c.c.p.s.jwt.JwtAuthenticationFilter - >>> [JwtFilter] Found token in header for path: /api/v1/admin/system/statistics/connect
2026-03-16 16:56:04 [http-nio-8080-exec-4] DEBUG o.s.orm.jpa.JpaTransactionManager - Creating new transaction with name [com.company.project.security.iam.CustomUserDetailsService.loadUserByUsername]: PROPAGATION_REQUIRED,ISOLATION_DEFAULT,readOnly
2026-03-16 16:56:04 [http-nio-8080-exec-4] DEBUG o.s.orm.jpa.JpaTransactionManager - Opened new EntityManager [SessionImpl(1230631999<open>)] for JPA transaction
2026-03-16 16:56:04 [http-nio-8080-exec-3] DEBUG o.s.orm.jpa.JpaTransactionManager - Closing JPA EntityManager [SessionImpl(1201348092<open>)] after transaction
2026-03-16 16:56:04 [http-nio-8080-exec-7] DEBUG o.s.orm.jpa.JpaTransactionManager - Closing JPA EntityManager [SessionImpl(805676040<open>)] after transaction
2026-03-16 16:56:04 [http-nio-8080-exec-3] DEBUG o.s.w.s.m.m.a.HttpEntityMethodProcessor - Using 'application/json', given [application/json, text/plain, */*] and supported [application/json, application/*+json, application/yaml]
2026-03-16 16:56:04 [http-nio-8080-exec-7] DEBUG o.s.w.s.m.m.a.HttpEntityMethodProcessor - Using 'application/json', given [application/json, text/plain, */*] and supported [application/json, application/*+json, application/yaml]
2026-03-16 16:56:04 [http-nio-8080-exec-3] TRACE o.s.w.s.m.m.a.HttpEntityMethodProcessor - Writing [ApiResponse[success=true, status=200, code=COMMON_001, message=Success, data=[], timestamp=2026-03-16T16:56:04.804530200]]
2026-03-16 16:56:04 [http-nio-8080-exec-7] TRACE o.s.w.s.m.m.a.HttpEntityMethodProcessor - Writing [ApiResponse[success=true, status=200, code=COMMON_001, message=Success, data=[NotificationDto(ntfcNo=NT001, ntfcSj=테스트 알림입니다, ntfcCn=알림 내용입니다, ntfcDate=null, ntfcTime=2026-02-25T00:59:33.784070, bhNtfcIntrvl=null, uniqId=null, frstRegisterId=null, frstRegisterPnttm=2026-02-25T00:59:33.784070, lastUpdusrId=null, lastUpdusrPnttm=null)], timestamp=2026-03-16T16:56:04.804530200]]
2026-03-16 16:56:04 [http-nio-8080-exec-3] INFO  c.c.p.a.i.OperationalAuditInterceptor - API Audit Log: URL=/api/v1/popups/active, User=webmaster, IP=127.0.0.1
2026-03-16 16:56:04 [http-nio-8080-exec-3] DEBUG o.s.web.servlet.DispatcherServlet - Completed 200 OK
2026-03-16 16:56:04 [http-nio-8080-exec-7] INFO  c.c.p.a.i.OperationalAuditInterceptor - API Audit Log: URL=/api/v1/notifications, User=webmaster, IP=127.0.0.1
2026-03-16 16:56:04 [http-nio-8080-exec-7] DEBUG o.s.web.servlet.DispatcherServlet - Completed 200 OK
2026-03-16 16:56:04 [http-nio-8080-exec-9] DEBUG o.s.orm.jpa.JpaTransactionManager - Closing JPA EntityManager [SessionImpl(2065825901<open>)] after transaction
2026-03-16 16:56:04 [http-nio-8080-exec-9] DEBUG o.s.w.s.m.m.a.HttpEntityMethodProcessor - Using 'application/json', given [application/json, text/plain, */*] and supported [application/json, application/*+json, application/yaml]
2026-03-16 16:56:04 [http-nio-8080-exec-9] TRACE o.s.w.s.m.m.a.HttpEntityMethodProcessor - Writing [ApiResponse[success=true, status=200, code=COMMON_001, message=Success, data=[], timestamp=2026-03-16T16:56:04.893621]]
2026-03-16 16:56:04 [http-nio-8080-exec-9] INFO  c.c.p.a.i.OperationalAuditInterceptor - API Audit Log: URL=/api/v1/admin/system/banners/reflected, User=webmaster, IP=127.0.0.1
2026-03-16 16:56:04 [http-nio-8080-exec-9] DEBUG o.s.web.servlet.DispatcherServlet - Completed 200 OK
2026-03-16 16:56:04 [http-nio-8080-exec-1] DEBUG o.s.orm.jpa.JpaTransactionManager - Found thread-bound EntityManager [SessionImpl(1244420579<open>)] for JPA transaction
2026-03-16 16:56:04 [http-nio-8080-exec-1] DEBUG o.s.orm.jpa.JpaTransactionManager - Participating in existing transaction
2026-03-16 16:56:04 [http-nio-8080-exec-1] DEBUG org.hibernate.SQL - select p1_0.progrm_file_nm,p1_0.progrm_dc,p1_0.progrm_korean_nm,p1_0.progrm_stre_path,p1_0.url from nprogrmlist p1_0
2026-03-16 16:56:04 [http-nio-8080-exec-10] DEBUG o.s.orm.jpa.JpaTransactionManager - Closing JPA EntityManager [SessionImpl(1215190230<open>)] after transaction
2026-03-16 16:56:04 [http-nio-8080-exec-10] DEBUG o.s.w.s.m.m.a.HttpEntityMethodProcessor - Using 'application/json', given [application/json, text/plain, */*] and supported [application/json, application/*+json, application/yaml]
2026-03-16 16:56:04 [http-nio-8080-exec-10] TRACE o.s.w.s.m.m.a.HttpEntityMethodProcessor - Writing [ApiResponse[success=true, status=200, code=COMMON_001, message=Success, data=0, timestamp=2026-03-16T16:56:04.939731400]]
2026-03-16 16:56:04 [http-nio-8080-exec-10] INFO  c.c.p.a.i.OperationalAuditInterceptor - API Audit Log: URL=/api/v1/notifications/unread-count, User=webmaster, IP=127.0.0.1
2026-03-16 16:56:04 [http-nio-8080-exec-10] DEBUG o.s.web.servlet.DispatcherServlet - Completed 200 OK
2026-03-16 16:56:04 [http-nio-8080-exec-4] DEBUG o.s.orm.jpa.JpaTransactionManager - Exposing JPA transaction as JDBC [org.springframework.orm.jpa.vendor.HibernateJpaDialect$HibernateConnectionHandle@513a78e7]
2026-03-16 16:56:04 [http-nio-8080-exec-4] DEBUG o.s.orm.jpa.JpaTransactionManager - Found thread-bound EntityManager [SessionImpl(1230631999<open>)] for JPA transaction
2026-03-16 16:56:04 [http-nio-8080-exec-4] DEBUG o.s.orm.jpa.JpaTransactionManager - Participating in existing transaction
2026-03-16 16:56:04 [http-nio-8080-exec-4] DEBUG org.hibernate.SQL - select u1_0.emplyr_id,u1_0.area_no,u1_0.brthdy,u1_0.chg_pwd_cnt,u1_0.frst_register_id,u1_0.frst_regist_pnttm,u1_0.detail_adres,u1_0.email_adres,u1_0.emplyr_sttus_code,u1_0.empl_no,u1_0.esntl_id,u1_0.fxnum,u1_0.group_id,u1_0.house_adres,u1_0.house_end_telno,u1_0.house_middle_telno,u1_0.ihidnum,u1_0.pstinst_code,u1_0.last_updusr_id,u1_0.last_updt_pnttm,u1_0.lock_at,u1_0.lock_cnt,u1_0.lock_last_pnttm,u1_0.mbtlnum,u1_0.ofcps_nm,u1_0.offm_telno,u1_0.orgnzt_id,u1_0.password,u1_0.password_cnsr,u1_0.password_hint,u1_0.chg_pwd_last_pnttm,u1_0.role,u1_0.sbscrb_de,u1_0.sexdstn_code,u1_0.crtfc_dn_value,u1_0.user_nm,u1_0.zip from nemplyrinfo u1_0 where u1_0.emplyr_id=?
2026-03-16 16:56:05 [http-nio-8080-exec-4] DEBUG o.s.orm.jpa.JpaTransactionManager - Found thread-bound EntityManager [SessionImpl(1230631999<open>)] for JPA transaction
2026-03-16 16:56:05 [http-nio-8080-exec-4] DEBUG o.s.orm.jpa.JpaTransactionManager - Participating in existing transaction
2026-03-16 16:56:05 [http-nio-8080-exec-4] DEBUG org.hibernate.SQL - select ua1_0.scrty_dtrmn_trget_id,ua1_0.author_code,ua1_0.frst_register_id,ua1_0.frst_regist_pnttm,ua1_0.last_updusr_id,ua1_0.last_updt_pnttm,ua1_0.mber_ty_code from nemplyrscrtyestbs ua1_0 where ua1_0.scrty_dtrmn_trget_id=?
2026-03-16 16:56:05 [http-nio-8080-exec-1] DEBUG o.s.orm.jpa.JpaTransactionManager - Initiating transaction commit
2026-03-16 16:56:05 [http-nio-8080-exec-1] DEBUG o.s.orm.jpa.JpaTransactionManager - Committing JPA transaction on EntityManager [SessionImpl(1244420579<open>)]
2026-03-16 16:56:05 [http-nio-8080-exec-4] DEBUG o.s.orm.jpa.JpaTransactionManager - Initiating transaction commit
2026-03-16 16:56:05 [http-nio-8080-exec-4] DEBUG o.s.orm.jpa.JpaTransactionManager - Committing JPA transaction on EntityManager [SessionImpl(1230631999<open>)]
2026-03-16 16:56:05 [http-nio-8080-exec-1] DEBUG o.s.orm.jpa.JpaTransactionManager - Closing JPA EntityManager [SessionImpl(1244420579<open>)] after transaction
2026-03-16 16:56:05 [http-nio-8080-exec-1] INFO  c.c.p.a.c.menu.MenuController - getLeftMenu returned 3 items
2026-03-16 16:56:05 [http-nio-8080-exec-1] DEBUG o.s.w.s.m.m.a.HttpEntityMethodProcessor - Using 'application/json', given [application/json, text/plain, */*] and supported [application/json, application/*+json, application/yaml]
2026-03-16 16:56:05 [http-nio-8080-exec-1] TRACE o.s.w.s.m.m.a.HttpEntityMethodProcessor - Writing [ApiResponse[success=true, status=200, code=COMMON_001, message=Success, data={list=[com.company.project.service.menu.dto.MenuDto@36c4e36f, com.company.project.service.menu.dto.MenuDto@4ff5ddc3, com.company.project.service.menu.dto.MenuDto@3fa3e4ac]}, timestamp=2026-03-16T16:56:05.391350600]]
2026-03-16 16:56:05 [http-nio-8080-exec-1] INFO  c.c.p.a.i.OperationalAuditInterceptor - API Audit Log: URL=/api/v1/menu/left, User=webmaster, IP=127.0.0.1
2026-03-16 16:56:05 [http-nio-8080-exec-1] DEBUG o.s.web.servlet.DispatcherServlet - Completed 200 OK
2026-03-16 16:56:05 [http-nio-8080-exec-2] DEBUG c.c.p.s.jwt.JwtAuthenticationFilter - >>> [JwtFilter] Processing request: GET /api/v1/menu/left
2026-03-16 16:56:05 [http-nio-8080-exec-2] DEBUG c.c.p.s.jwt.JwtAuthenticationFilter - >>> [JwtFilter] Found token in header for path: /api/v1/menu/left
2026-03-16 16:56:05 [http-nio-8080-exec-2] DEBUG o.s.orm.jpa.JpaTransactionManager - Creating new transaction with name [com.company.project.security.iam.CustomUserDetailsService.loadUserByUsername]: PROPAGATION_REQUIRED,ISOLATION_DEFAULT,readOnly
2026-03-16 16:56:05 [http-nio-8080-exec-2] DEBUG o.s.orm.jpa.JpaTransactionManager - Opened new EntityManager [SessionImpl(654689985<open>)] for JPA transaction
2026-03-16 16:56:05 [http-nio-8080-exec-4] DEBUG o.s.orm.jpa.JpaTransactionManager - Closing JPA EntityManager [SessionImpl(1230631999<open>)] after transaction
2026-03-16 16:56:05 [http-nio-8080-exec-4] DEBUG c.c.p.s.jwt.JwtAuthenticationFilter - >>> [JwtFilter] Successfully authenticated user: USRCNFRM_99999999999, Authorities: [ROLE_ADMIN]
2026-03-16 16:56:05 [http-nio-8080-exec-4] DEBUG o.s.web.servlet.DispatcherServlet - GET "/api/v1/admin/system/statistics/connect?statsKind=SERVICE", parameters={masked}
2026-03-16 16:56:05 [http-nio-8080-exec-4] DEBUG o.s.w.s.h.SimpleUrlHandlerMapping - Mapped to ResourceHttpRequestHandler [classpath [META-INF/resources/], classpath [resources/], classpath [static/], classpath [public/], ServletContext [/]]
2026-03-16 16:56:05 [http-nio-8080-exec-4] DEBUG o.s.w.s.r.ResourceHttpRequestHandler - Resource not found
2026-03-16 16:56:05 [http-nio-8080-exec-4] DEBUG o.s.w.s.m.m.a.ExceptionHandlerExceptionResolver - Using @ExceptionHandler com.company.project.core.exception.GlobalExceptionHandler#handleException(Exception)
2026-03-16 16:56:05 [http-nio-8080-exec-4] ERROR c.c.p.c.e.GlobalExceptionHandler - >>> Internal Server Error: No static resource api/v1/admin/system/statistics/connect.
org.springframework.web.servlet.resource.NoResourceFoundException: No static resource api/v1/admin/system/statistics/connect.
	at org.springframework.web.servlet.resource.ResourceHttpRequestHandler.handleRequest(ResourceHttpRequestHandler.java:585)
	at org.springframework.web.servlet.mvc.HttpRequestHandlerAdapter.handle(HttpRequestHandlerAdapter.java:52)
	at org.springframework.web.servlet.DispatcherServlet.doDispatch(DispatcherServlet.java:1088)
	at org.springframework.web.servlet.DispatcherServlet.doService(DispatcherServlet.java:978)
	at org.springframework.web.servlet.FrameworkServlet.processRequest(FrameworkServlet.java:1014)
	at org.springframework.web.servlet.FrameworkServlet.doGet(FrameworkServlet.java:903)
	at jakarta.servlet.http.HttpServlet.service(HttpServlet.java:527)
	at org.springframework.web.servlet.FrameworkServlet.service(FrameworkServlet.java:885)
	at jakarta.servlet.http.HttpServlet.service(HttpServlet.java:614)
	at org.apache.catalina.core.ApplicationFilterChain.internalDoFilter(ApplicationFilterChain.java:195)
	at org.apache.catalina.core.ApplicationFilterChain.doFilter(ApplicationFilterChain.java:140)
	at org.apache.tomcat.websocket.server.WsFilter.doFilter(WsFilter.java:51)
	at org.apache.catalina.core.ApplicationFilterChain.internalDoFilter(ApplicationFilterChain.java:164)
	at org.apache.catalina.core.ApplicationFilterChain.doFilter(ApplicationFilterChain.java:140)
	at org.springframework.web.filter.CompositeFilter$VirtualFilterChain.doFilter(CompositeFilter.java:108)
	at org.springframework.security.web.FilterChainProxy.lambda$doFilterInternal$3(FilterChainProxy.java:231)
	at org.springframework.security.web.ObservationFilterChainDecorator$FilterObservation$SimpleFilterObservation.lambda$wrap$1(ObservationFilterChainDecorator.java:479)
	at org.springframework.security.web.ObservationFilterChainDecorator$AroundFilterObservation$SimpleAroundFilterObservation.lambda$wrap$1(ObservationFilterChainDecorator.java:340)
	at org.springframework.security.web.ObservationFilterChainDecorator.lambda$wrapSecured$0(ObservationFilterChainDecorator.java:82)
	at org.springframework.security.web.ObservationFilterChainDecorator$VirtualFilterChain.doFilter(ObservationFilterChainDecorator.java:128)
	at org.springframework.security.web.access.intercept.AuthorizationFilter.doFilter(AuthorizationFilter.java:101)
	at org.springframework.security.web.ObservationFilterChainDecorator$ObservationFilter.wrapFilter(ObservationFilterChainDecorator.java:240)
	at org.springframework.security.web.ObservationFilterChainDecorator$ObservationFilter.doFilter(ObservationFilterChainDecorator.java:227)
	at org.springframework.security.web.ObservationFilterChainDecorator$VirtualFilterChain.doFilter(ObservationFilterChainDecorator.java:137)
	at org.springframework.security.web.access.ExceptionTranslationFilter.doFilter(ExceptionTranslationFilter.java:126)
	at org.springframework.security.web.access.ExceptionTranslationFilter.doFilter(ExceptionTranslationFilter.java:120)
	at org.springframework.security.web.ObservationFilterChainDecorator$ObservationFilter.wrapFilter(ObservationFilterChainDecorator.java:240)
	at org.springframework.security.web.ObservationFilterChainDecorator$ObservationFilter.doFilter(ObservationFilterChainDecorator.java:227)
	at org.springframework.security.web.ObservationFilterChainDecorator$VirtualFilterChain.doFilter(ObservationFilterChainDecorator.java:137)
	at org.springframework.security.web.session.SessionManagementFilter.doFilter(SessionManagementFilter.java:131)
	at org.springframework.security.web.session.SessionManagementFilter.doFilter(SessionManagementFilter.java:85)
	at org.springframework.security.web.ObservationFilterChainDecorator$ObservationFilter.wrapFilter(ObservationFilterChainDecorator.java:240)
	at org.springframework.security.web.ObservationFilterChainDecorator$ObservationFilter.doFilter(ObservationFilterChainDecorator.java:227)
	at org.springframework.security.web.ObservationFilterChainDecorator$VirtualFilterChain.doFilter(ObservationFilterChainDecorator.java:137)
	at org.springframework.security.web.authentication.AnonymousAuthenticationFilter.doFilter(AnonymousAuthenticationFilter.java:100)
	at org.springframework.security.web.ObservationFilterChainDecorator$ObservationFilter.wrapFilter(ObservationFilterChainDecorator.java:240)
	at org.springframework.security.web.ObservationFilterChainDecorator$ObservationFilter.doFilter(ObservationFilterChainDecorator.java:227)
	at org.springframework.security.web.ObservationFilterChainDecorator$VirtualFilterChain.doFilter(ObservationFilterChainDecorator.java:137)
	at org.springframework.security.web.servletapi.SecurityContextHolderAwareRequestFilter.doFilter(SecurityContextHolderAwareRequestFilter.java:179)
	at org.springframework.security.web.ObservationFilterChainDecorator$ObservationFilter.wrapFilter(ObservationFilterChainDecorator.java:240)
	at org.springframework.security.web.ObservationFilterChainDecorator$ObservationFilter.doFilter(ObservationFilterChainDecorator.java:227)
	at org.springframework.security.web.ObservationFilterChainDecorator$VirtualFilterChain.doFilter(ObservationFilterChainDecorator.java:137)
	at org.springframework.security.web.savedrequest.RequestCacheAwareFilter.doFilter(RequestCacheAwareFilter.java:63)
	at org.springframework.security.web.ObservationFilterChainDecorator$ObservationFilter.wrapFilter(ObservationFilterChainDecorator.java:240)
	at org.springframework.security.web.ObservationFilterChainDecorator$ObservationFilter.doFilter(ObservationFilterChainDecorator.java:227)
	at org.springframework.security.web.ObservationFilterChainDecorator$VirtualFilterChain.doFilter(ObservationFilterChainDecorator.java:137)
	at com.company.project.security.jwt.JwtAuthenticationFilter.doFilterInternal(JwtAuthenticationFilter.java:52)
	at org.springframework.web.filter.OncePerRequestFilter.doFilter(OncePerRequestFilter.java:116)
	at org.springframework.security.web.ObservationFilterChainDecorator$ObservationFilter.wrapFilter(ObservationFilterChainDecorator.java:240)
	at org.springframework.security.web.ObservationFilterChainDecorator$ObservationFilter.doFilter(ObservationFilterChainDecorator.java:227)
	at org.springframework.security.web.ObservationFilterChainDecorator$VirtualFilterChain.doFilter(ObservationFilterChainDecorator.java:137)
	at org.springframework.security.web.authentication.logout.LogoutFilter.doFilter(LogoutFilter.java:107)
	at org.springframework.security.web.authentication.logout.LogoutFilter.doFilter(LogoutFilter.java:93)
	at org.springframework.security.web.ObservationFilterChainDecorator$ObservationFilter.wrapFilter(ObservationFilterChainDecorator.java:240)
	at org.springframework.security.web.ObservationFilterChainDecorator$ObservationFilter.doFilter(ObservationFilterChainDecorator.java:227)
	at org.springframework.security.web.ObservationFilterChainDecorator$VirtualFilterChain.doFilter(ObservationFilterChainDecorator.java:137)
	at org.springframework.web.filter.CorsFilter.doFilterInternal(CorsFilter.java:91)
	at org.springframework.web.filter.OncePerRequestFilter.doFilter(OncePerRequestFilter.java:116)
	at org.springframework.security.web.ObservationFilterChainDecorator$ObservationFilter.wrapFilter(ObservationFilterChainDecorator.java:240)
	at org.springframework.security.web.ObservationFilterChainDecorator$ObservationFilter.doFilter(ObservationFilterChainDecorator.java:227)
	at org.springframework.security.web.ObservationFilterChainDecorator$VirtualFilterChain.doFilter(ObservationFilterChainDecorator.java:137)
	at org.springframework.security.web.header.HeaderWriterFilter.doHeadersAfter(HeaderWriterFilter.java:90)
	at org.springframework.security.web.header.HeaderWriterFilter.doFilterInternal(HeaderWriterFilter.java:75)
	at org.springframework.web.filter.OncePerRequestFilter.doFilter(OncePerRequestFilter.java:116)
	at org.springframework.security.web.ObservationFilterChainDecorator$ObservationFilter.wrapFilter(ObservationFilterChainDecorator.java:240)
	at org.springframework.security.web.ObservationFilterChainDecorator$ObservationFilter.doFilter(ObservationFilterChainDecorator.java:227)
	at org.springframework.security.web.ObservationFilterChainDecorator$VirtualFilterChain.doFilter(ObservationFilterChainDecorator.java:137)
	at org.springframework.security.web.context.SecurityContextHolderFilter.doFilter(SecurityContextHolderFilter.java:82)
	at org.springframework.security.web.context.SecurityContextHolderFilter.doFilter(SecurityContextHolderFilter.java:69)
	at org.springframework.security.web.ObservationFilterChainDecorator$ObservationFilter.wrapFilter(ObservationFilterChainDecorator.java:240)
	at org.springframework.security.web.ObservationFilterChainDecorator$ObservationFilter.doFilter(ObservationFilterChainDecorator.java:227)
	at org.springframework.security.web.ObservationFilterChainDecorator$VirtualFilterChain.doFilter(ObservationFilterChainDecorator.java:137)
	at org.springframework.security.web.context.request.async.WebAsyncManagerIntegrationFilter.doFilterInternal(WebAsyncManagerIntegrationFilter.java:62)
	at org.springframework.web.filter.OncePerRequestFilter.doFilter(OncePerRequestFilter.java:116)
	at org.springframework.security.web.ObservationFilterChainDecorator$ObservationFilter.wrapFilter(ObservationFilterChainDecorator.java:240)
	at org.springframework.security.web.ObservationFilterChainDecorator$ObservationFilter.doFilter(ObservationFilterChainDecorator.java:227)
	at org.springframework.security.web.ObservationFilterChainDecorator$VirtualFilterChain.doFilter(ObservationFilterChainDecorator.java:137)
	at org.springframework.security.web.session.DisableEncodeUrlFilter.doFilterInternal(DisableEncodeUrlFilter.java:42)
	at org.springframework.web.filter.OncePerRequestFilter.doFilter(OncePerRequestFilter.java:116)
	at org.springframework.security.web.ObservationFilterChainDecorator$ObservationFilter.wrapFilter(ObservationFilterChainDecorator.java:240)
	at org.springframework.security.web.ObservationFilterChainDecorator$AroundFilterObservation$SimpleAroundFilterObservation.lambda$wrap$0(ObservationFilterChainDecorator.java:323)
	at org.springframework.security.web.ObservationFilterChainDecorator$ObservationFilter.doFilter(ObservationFilterChainDecorator.java:224)
	at org.springframework.security.web.ObservationFilterChainDecorator$VirtualFilterChain.doFilter(ObservationFilterChainDecorator.java:137)
	at org.springframework.security.web.FilterChainProxy.doFilterInternal(FilterChainProxy.java:233)
	at org.springframework.security.web.FilterChainProxy.doFilter(FilterChainProxy.java:191)
	at org.springframework.web.filter.CompositeFilter$VirtualFilterChain.doFilter(CompositeFilter.java:113)
	at org.springframework.web.servlet.handler.HandlerMappingIntrospector.lambda$createCacheFilter$3(HandlerMappingIntrospector.java:243)
	at org.springframework.web.filter.CompositeFilter$VirtualFilterChain.doFilter(CompositeFilter.java:113)
	at org.springframework.web.filter.CompositeFilter.doFilter(CompositeFilter.java:74)
	at org.springframework.security.config.annotation.web.configuration.WebMvcSecurityConfiguration$CompositeFilterChainProxy.doFilter(WebMvcSecurityConfiguration.java:238)
	at org.springframework.web.filter.DelegatingFilterProxy.invokeDelegate(DelegatingFilterProxy.java:362)
	at org.springframework.web.filter.DelegatingFilterProxy.doFilter(DelegatingFilterProxy.java:278)
	at org.apache.catalina.core.ApplicationFilterChain.internalDoFilter(ApplicationFilterChain.java:164)
	at org.apache.catalina.core.ApplicationFilterChain.doFilter(ApplicationFilterChain.java:140)
	at org.springframework.web.filter.RequestContextFilter.doFilterInternal(RequestContextFilter.java:100)
	at org.springframework.web.filter.OncePerRequestFilter.doFilter(OncePerRequestFilter.java:116)
	at org.apache.catalina.core.ApplicationFilterChain.internalDoFilter(ApplicationFilterChain.java:164)
	at org.apache.catalina.core.ApplicationFilterChain.doFilter(ApplicationFilterChain.java:140)
	at org.springframework.web.filter.FormContentFilter.doFilterInternal(FormContentFilter.java:93)
	at org.springframework.web.filter.OncePerRequestFilter.doFilter(OncePerRequestFilter.java:116)
	at org.apache.catalina.core.ApplicationFilterChain.internalDoFilter(ApplicationFilterChain.java:164)
	at org.apache.catalina.core.ApplicationFilterChain.doFilter(ApplicationFilterChain.java:140)
	at org.springframework.web.filter.ServerHttpObservationFilter.doFilterInternal(ServerHttpObservationFilter.java:114)
	at org.springframework.web.filter.OncePerRequestFilter.doFilter(OncePerRequestFilter.java:116)
	at org.apache.catalina.core.ApplicationFilterChain.internalDoFilter(ApplicationFilterChain.java:164)
	at org.apache.catalina.core.ApplicationFilterChain.doFilter(ApplicationFilterChain.java:140)
	at org.springframework.web.filter.CharacterEncodingFilter.doFilterInternal(CharacterEncodingFilter.java:201)
	at org.springframework.web.filter.OncePerRequestFilter.doFilter(OncePerRequestFilter.java:116)
	at org.apache.catalina.core.ApplicationFilterChain.internalDoFilter(ApplicationFilterChain.java:164)
	at org.apache.catalina.core.ApplicationFilterChain.doFilter(ApplicationFilterChain.java:140)
	at org.apache.catalina.core.StandardWrapperValve.invoke(StandardWrapperValve.java:167)
	at org.apache.catalina.core.StandardContextValve.invoke(StandardContextValve.java:90)
	at org.apache.catalina.authenticator.AuthenticatorBase.invoke(AuthenticatorBase.java:483)
	at org.apache.catalina.core.StandardHostValve.invoke(StandardHostValve.java:115)
	at org.apache.catalina.valves.ErrorReportValve.invoke(ErrorReportValve.java:93)
	at org.apache.catalina.core.StandardEngineValve.invoke(StandardEngineValve.java:74)
	at org.apache.catalina.connector.CoyoteAdapter.service(CoyoteAdapter.java:344)
	at org.apache.coyote.http11.Http11Processor.service(Http11Processor.java:397)
	at org.apache.coyote.AbstractProcessorLight.process(AbstractProcessorLight.java:63)
	at org.apache.coyote.AbstractProtocol$ConnectionHandler.process(AbstractProtocol.java:905)
	at org.apache.tomcat.util.net.NioEndpoint$SocketProcessor.doRun(NioEndpoint.java:1741)
	at org.apache.tomcat.util.net.SocketProcessorBase.run(SocketProcessorBase.java:52)
	at org.apache.tomcat.util.threads.ThreadPoolExecutor.runWorker(ThreadPoolExecutor.java:1190)
	at org.apache.tomcat.util.threads.ThreadPoolExecutor$Worker.run(ThreadPoolExecutor.java:659)
	at org.apache.tomcat.util.threads.TaskThread$WrappingRunnable.run(TaskThread.java:63)
	at java.base/java.lang.Thread.run(Thread.java:1583)
2026-03-16 16:56:05 [http-nio-8080-exec-4] DEBUG o.s.w.s.m.m.a.HttpEntityMethodProcessor - Using 'application/json', given [application/json, text/plain, */*] and supported [application/json, application/*+json, application/yaml]
2026-03-16 16:56:05 [http-nio-8080-exec-4] TRACE o.s.w.s.m.m.a.HttpEntityMethodProcessor - Writing [ApiResponse[success=false, status=500, code=C004, message=예기치 않은 서버 오류가 발생했습니다., data=null, timestamp=2026-03-16T16:56:05.407273800]]
2026-03-16 16:56:05 [http-nio-8080-exec-4] DEBUG o.s.w.s.m.m.a.ExceptionHandlerExceptionResolver - Resolved [org.springframework.web.servlet.resource.NoResourceFoundException: No static resource api/v1/admin/system/statistics/connect.]
2026-03-16 16:56:05 [http-nio-8080-exec-4] DEBUG o.s.web.servlet.DispatcherServlet - Completed 500 INTERNAL_SERVER_ERROR
2026-03-16 16:56:05 [http-nio-8080-exec-8] DEBUG c.c.p.s.jwt.JwtAuthenticationFilter - >>> [JwtFilter] Processing request: GET /api/v1/admin/system/statistics/bbs
2026-03-16 16:56:05 [http-nio-8080-exec-8] DEBUG c.c.p.s.jwt.JwtAuthenticationFilter - >>> [JwtFilter] Found token in header for path: /api/v1/admin/system/statistics/bbs
2026-03-16 16:56:05 [http-nio-8080-exec-8] DEBUG o.s.orm.jpa.JpaTransactionManager - Creating new transaction with name [com.company.project.security.iam.CustomUserDetailsService.loadUserByUsername]: PROPAGATION_REQUIRED,ISOLATION_DEFAULT,readOnly
2026-03-16 16:56:05 [http-nio-8080-exec-8] DEBUG o.s.orm.jpa.JpaTransactionManager - Opened new EntityManager [SessionImpl(451809737<open>)] for JPA transaction
2026-03-16 16:56:05 [http-nio-8080-exec-2] DEBUG o.s.orm.jpa.JpaTransactionManager - Exposing JPA transaction as JDBC [org.springframework.orm.jpa.vendor.HibernateJpaDialect$HibernateConnectionHandle@72ac7355]
2026-03-16 16:56:05 [http-nio-8080-exec-2] DEBUG o.s.orm.jpa.JpaTransactionManager - Found thread-bound EntityManager [SessionImpl(654689985<open>)] for JPA transaction
2026-03-16 16:56:05 [http-nio-8080-exec-2] DEBUG o.s.orm.jpa.JpaTransactionManager - Participating in existing transaction
2026-03-16 16:56:05 [http-nio-8080-exec-2] DEBUG org.hibernate.SQL - select u1_0.emplyr_id,u1_0.area_no,u1_0.brthdy,u1_0.chg_pwd_cnt,u1_0.frst_register_id,u1_0.frst_regist_pnttm,u1_0.detail_adres,u1_0.email_adres,u1_0.emplyr_sttus_code,u1_0.empl_no,u1_0.esntl_id,u1_0.fxnum,u1_0.group_id,u1_0.house_adres,u1_0.house_end_telno,u1_0.house_middle_telno,u1_0.ihidnum,u1_0.pstinst_code,u1_0.last_updusr_id,u1_0.last_updt_pnttm,u1_0.lock_at,u1_0.lock_cnt,u1_0.lock_last_pnttm,u1_0.mbtlnum,u1_0.ofcps_nm,u1_0.offm_telno,u1_0.orgnzt_id,u1_0.password,u1_0.password_cnsr,u1_0.password_hint,u1_0.chg_pwd_last_pnttm,u1_0.role,u1_0.sbscrb_de,u1_0.sexdstn_code,u1_0.crtfc_dn_value,u1_0.user_nm,u1_0.zip from nemplyrinfo u1_0 where u1_0.emplyr_id=?
2026-03-16 16:56:05 [http-nio-8080-exec-8] DEBUG o.s.orm.jpa.JpaTransactionManager - Exposing JPA transaction as JDBC [org.springframework.orm.jpa.vendor.HibernateJpaDialect$HibernateConnectionHandle@4e70c1c6]
2026-03-16 16:56:05 [http-nio-8080-exec-8] DEBUG o.s.orm.jpa.JpaTransactionManager - Found thread-bound EntityManager [SessionImpl(451809737<open>)] for JPA transaction
2026-03-16 16:56:05 [http-nio-8080-exec-8] DEBUG o.s.orm.jpa.JpaTransactionManager - Participating in existing transaction
2026-03-16 16:56:05 [http-nio-8080-exec-8] DEBUG org.hibernate.SQL - select u1_0.emplyr_id,u1_0.area_no,u1_0.brthdy,u1_0.chg_pwd_cnt,u1_0.frst_register_id,u1_0.frst_regist_pnttm,u1_0.detail_adres,u1_0.email_adres,u1_0.emplyr_sttus_code,u1_0.empl_no,u1_0.esntl_id,u1_0.fxnum,u1_0.group_id,u1_0.house_adres,u1_0.house_end_telno,u1_0.house_middle_telno,u1_0.ihidnum,u1_0.pstinst_code,u1_0.last_updusr_id,u1_0.last_updt_pnttm,u1_0.lock_at,u1_0.lock_cnt,u1_0.lock_last_pnttm,u1_0.mbtlnum,u1_0.ofcps_nm,u1_0.offm_telno,u1_0.orgnzt_id,u1_0.password,u1_0.password_cnsr,u1_0.password_hint,u1_0.chg_pwd_last_pnttm,u1_0.role,u1_0.sbscrb_de,u1_0.sexdstn_code,u1_0.crtfc_dn_value,u1_0.user_nm,u1_0.zip from nemplyrinfo u1_0 where u1_0.emplyr_id=?
2026-03-16 16:56:05 [http-nio-8080-exec-2] DEBUG o.s.orm.jpa.JpaTransactionManager - Found thread-bound EntityManager [SessionImpl(654689985<open>)] for JPA transaction
2026-03-16 16:56:05 [http-nio-8080-exec-2] DEBUG o.s.orm.jpa.JpaTransactionManager - Participating in existing transaction
2026-03-16 16:56:05 [http-nio-8080-exec-2] DEBUG org.hibernate.SQL - select ua1_0.scrty_dtrmn_trget_id,ua1_0.author_code,ua1_0.frst_register_id,ua1_0.frst_regist_pnttm,ua1_0.last_updusr_id,ua1_0.last_updt_pnttm,ua1_0.mber_ty_code from nemplyrscrtyestbs ua1_0 where ua1_0.scrty_dtrmn_trget_id=?
2026-03-16 16:56:05 [http-nio-8080-exec-8] DEBUG o.s.orm.jpa.JpaTransactionManager - Found thread-bound EntityManager [SessionImpl(451809737<open>)] for JPA transaction
2026-03-16 16:56:05 [http-nio-8080-exec-8] DEBUG o.s.orm.jpa.JpaTransactionManager - Participating in existing transaction
2026-03-16 16:56:05 [http-nio-8080-exec-8] DEBUG org.hibernate.SQL - select ua1_0.scrty_dtrmn_trget_id,ua1_0.author_code,ua1_0.frst_register_id,ua1_0.frst_regist_pnttm,ua1_0.last_updusr_id,ua1_0.last_updt_pnttm,ua1_0.mber_ty_code from nemplyrscrtyestbs ua1_0 where ua1_0.scrty_dtrmn_trget_id=?
2026-03-16 16:56:05 [http-nio-8080-exec-2] DEBUG o.s.orm.jpa.JpaTransactionManager - Initiating transaction commit
2026-03-16 16:56:05 [http-nio-8080-exec-2] DEBUG o.s.orm.jpa.JpaTransactionManager - Committing JPA transaction on EntityManager [SessionImpl(654689985<open>)]
2026-03-16 16:56:05 [http-nio-8080-exec-8] DEBUG o.s.orm.jpa.JpaTransactionManager - Initiating transaction commit
2026-03-16 16:56:05 [http-nio-8080-exec-8] DEBUG o.s.orm.jpa.JpaTransactionManager - Committing JPA transaction on EntityManager [SessionImpl(451809737<open>)]
2026-03-16 16:56:06 [http-nio-8080-exec-2] DEBUG o.s.orm.jpa.JpaTransactionManager - Closing JPA EntityManager [SessionImpl(654689985<open>)] after transaction
2026-03-16 16:56:06 [http-nio-8080-exec-2] DEBUG c.c.p.s.jwt.JwtAuthenticationFilter - >>> [JwtFilter] Successfully authenticated user: USRCNFRM_99999999999, Authorities: [ROLE_ADMIN]
2026-03-16 16:56:06 [http-nio-8080-exec-2] DEBUG o.s.web.servlet.DispatcherServlet - GET "/api/v1/menu/left?menuNo=40", parameters={masked}
2026-03-16 16:56:06 [http-nio-8080-exec-2] TRACE o.s.w.s.m.m.a.RequestMappingHandlerMapping - Mapped to com.company.project.api.controller.menu.MenuController#getLeftMenu(Long)
2026-03-16 16:56:06 [http-nio-8080-exec-2] INFO  c.c.p.a.c.menu.MenuController - getLeftMenu called with menuNo=40
2026-03-16 16:56:06 [http-nio-8080-exec-2] DEBUG o.s.orm.jpa.JpaTransactionManager - Creating new transaction with name [com.company.project.service.menu.MenuService.getSubMenus]: PROPAGATION_REQUIRED,ISOLATION_DEFAULT,readOnly
2026-03-16 16:56:06 [http-nio-8080-exec-2] DEBUG o.s.orm.jpa.JpaTransactionManager - Opened new EntityManager [SessionImpl(2096538473<open>)] for JPA transaction
2026-03-16 16:56:06 [http-nio-8080-exec-2] DEBUG o.s.orm.jpa.JpaTransactionManager - Exposing JPA transaction as JDBC [org.springframework.orm.jpa.vendor.HibernateJpaDialect$HibernateConnectionHandle@4dc9ee74]
2026-03-16 16:56:06 [http-nio-8080-exec-2] DEBUG org.hibernate.SQL - select m1_0.menu_no,m1_0.menu_dc,m1_0.menu_nm,m1_0.menu_ordr,m1_0.modern_route,m1_0.progrm_file_nm,m1_0.relate_image_nm,m1_0.relate_image_path,m1_0.route_updated_at,m1_0.upper_menu_no from nmenuinfo m1_0 order by m1_0.upper_menu_no,m1_0.menu_ordr
2026-03-16 16:56:06 [http-nio-8080-exec-8] DEBUG o.s.orm.jpa.JpaTransactionManager - Closing JPA EntityManager [SessionImpl(451809737<open>)] after transaction
2026-03-16 16:56:06 [http-nio-8080-exec-8] DEBUG c.c.p.s.jwt.JwtAuthenticationFilter - >>> [JwtFilter] Successfully authenticated user: USRCNFRM_99999999999, Authorities: [ROLE_ADMIN]
2026-03-16 16:56:06 [http-nio-8080-exec-8] DEBUG o.s.web.servlet.DispatcherServlet - GET "/api/v1/admin/system/statistics/bbs?statsKind=COM101", parameters={masked}
2026-03-16 16:56:06 [http-nio-8080-exec-8] DEBUG o.s.w.s.h.SimpleUrlHandlerMapping - Mapped to ResourceHttpRequestHandler [classpath [META-INF/resources/], classpath [resources/], classpath [static/], classpath [public/], ServletContext [/]]
2026-03-16 16:56:06 [http-nio-8080-exec-8] DEBUG o.s.w.s.r.ResourceHttpRequestHandler - Resource not found
2026-03-16 16:56:06 [http-nio-8080-exec-8] DEBUG o.s.w.s.m.m.a.ExceptionHandlerExceptionResolver - Using @ExceptionHandler com.company.project.core.exception.GlobalExceptionHandler#handleException(Exception)
2026-03-16 16:56:06 [http-nio-8080-exec-8] ERROR c.c.p.c.e.GlobalExceptionHandler - >>> Internal Server Error: No static resource api/v1/admin/system/statistics/bbs.
org.springframework.web.servlet.resource.NoResourceFoundException: No static resource api/v1/admin/system/statistics/bbs.
	at org.springframework.web.servlet.resource.ResourceHttpRequestHandler.handleRequest(ResourceHttpRequestHandler.java:585)
	at org.springframework.web.servlet.mvc.HttpRequestHandlerAdapter.handle(HttpRequestHandlerAdapter.java:52)
	at org.springframework.web.servlet.DispatcherServlet.doDispatch(DispatcherServlet.java:1088)
	at org.springframework.web.servlet.DispatcherServlet.doService(DispatcherServlet.java:978)
	at org.springframework.web.servlet.FrameworkServlet.processRequest(FrameworkServlet.java:1014)
	at org.springframework.web.servlet.FrameworkServlet.doGet(FrameworkServlet.java:903)
	at jakarta.servlet.http.HttpServlet.service(HttpServlet.java:527)
	at org.springframework.web.servlet.FrameworkServlet.service(FrameworkServlet.java:885)
	at jakarta.servlet.http.HttpServlet.service(HttpServlet.java:614)
	at org.apache.catalina.core.ApplicationFilterChain.internalDoFilter(ApplicationFilterChain.java:195)
	at org.apache.catalina.core.ApplicationFilterChain.doFilter(ApplicationFilterChain.java:140)
	at org.apache.tomcat.websocket.server.WsFilter.doFilter(WsFilter.java:51)
	at org.apache.catalina.core.ApplicationFilterChain.internalDoFilter(ApplicationFilterChain.java:164)
	at org.apache.catalina.core.ApplicationFilterChain.doFilter(ApplicationFilterChain.java:140)
	at org.springframework.web.filter.CompositeFilter$VirtualFilterChain.doFilter(CompositeFilter.java:108)
	at org.springframework.security.web.FilterChainProxy.lambda$doFilterInternal$3(FilterChainProxy.java:231)
	at org.springframework.security.web.ObservationFilterChainDecorator$FilterObservation$SimpleFilterObservation.lambda$wrap$1(ObservationFilterChainDecorator.java:479)
	at org.springframework.security.web.ObservationFilterChainDecorator$AroundFilterObservation$SimpleAroundFilterObservation.lambda$wrap$1(ObservationFilterChainDecorator.java:340)
	at org.springframework.security.web.ObservationFilterChainDecorator.lambda$wrapSecured$0(ObservationFilterChainDecorator.java:82)
	at org.springframework.security.web.ObservationFilterChainDecorator$VirtualFilterChain.doFilter(ObservationFilterChainDecorator.java:128)
	at org.springframework.security.web.access.intercept.AuthorizationFilter.doFilter(AuthorizationFilter.java:101)
	at org.springframework.security.web.ObservationFilterChainDecorator$ObservationFilter.wrapFilter(ObservationFilterChainDecorator.java:240)
	at org.springframework.security.web.ObservationFilterChainDecorator$ObservationFilter.doFilter(ObservationFilterChainDecorator.java:227)
	at org.springframework.security.web.ObservationFilterChainDecorator$VirtualFilterChain.doFilter(ObservationFilterChainDecorator.java:137)
	at org.springframework.security.web.access.ExceptionTranslationFilter.doFilter(ExceptionTranslationFilter.java:126)
	at org.springframework.security.web.access.ExceptionTranslationFilter.doFilter(ExceptionTranslationFilter.java:120)
	at org.springframework.security.web.ObservationFilterChainDecorator$ObservationFilter.wrapFilter(ObservationFilterChainDecorator.java:240)
	at org.springframework.security.web.ObservationFilterChainDecorator$ObservationFilter.doFilter(ObservationFilterChainDecorator.java:227)
	at org.springframework.security.web.ObservationFilterChainDecorator$VirtualFilterChain.doFilter(ObservationFilterChainDecorator.java:137)
	at org.springframework.security.web.session.SessionManagementFilter.doFilter(SessionManagementFilter.java:131)
	at org.springframework.security.web.session.SessionManagementFilter.doFilter(SessionManagementFilter.java:85)
	at org.springframework.security.web.ObservationFilterChainDecorator$ObservationFilter.wrapFilter(ObservationFilterChainDecorator.java:240)
	at org.springframework.security.web.ObservationFilterChainDecorator$ObservationFilter.doFilter(ObservationFilterChainDecorator.java:227)
	at org.springframework.security.web.ObservationFilterChainDecorator$VirtualFilterChain.doFilter(ObservationFilterChainDecorator.java:137)
	at org.springframework.security.web.authentication.AnonymousAuthenticationFilter.doFilter(AnonymousAuthenticationFilter.java:100)
	at org.springframework.security.web.ObservationFilterChainDecorator$ObservationFilter.wrapFilter(ObservationFilterChainDecorator.java:240)
	at org.springframework.security.web.ObservationFilterChainDecorator$ObservationFilter.doFilter(ObservationFilterChainDecorator.java:227)
	at org.springframework.security.web.ObservationFilterChainDecorator$VirtualFilterChain.doFilter(ObservationFilterChainDecorator.java:137)
	at org.springframework.security.web.servletapi.SecurityContextHolderAwareRequestFilter.doFilter(SecurityContextHolderAwareRequestFilter.java:179)
	at org.springframework.security.web.ObservationFilterChainDecorator$ObservationFilter.wrapFilter(ObservationFilterChainDecorator.java:240)
	at org.springframework.security.web.ObservationFilterChainDecorator$ObservationFilter.doFilter(ObservationFilterChainDecorator.java:227)
	at org.springframework.security.web.ObservationFilterChainDecorator$VirtualFilterChain.doFilter(ObservationFilterChainDecorator.java:137)
	at org.springframework.security.web.savedrequest.RequestCacheAwareFilter.doFilter(RequestCacheAwareFilter.java:63)
	at org.springframework.security.web.ObservationFilterChainDecorator$ObservationFilter.wrapFilter(ObservationFilterChainDecorator.java:240)
	at org.springframework.security.web.ObservationFilterChainDecorator$ObservationFilter.doFilter(ObservationFilterChainDecorator.java:227)
	at org.springframework.security.web.ObservationFilterChainDecorator$VirtualFilterChain.doFilter(ObservationFilterChainDecorator.java:137)
	at com.company.project.security.jwt.JwtAuthenticationFilter.doFilterInternal(JwtAuthenticationFilter.java:52)
	at org.springframework.web.filter.OncePerRequestFilter.doFilter(OncePerRequestFilter.java:116)
	at org.springframework.security.web.ObservationFilterChainDecorator$ObservationFilter.wrapFilter(ObservationFilterChainDecorator.java:240)
	at org.springframework.security.web.ObservationFilterChainDecorator$ObservationFilter.doFilter(ObservationFilterChainDecorator.java:227)
	at org.springframework.security.web.ObservationFilterChainDecorator$VirtualFilterChain.doFilter(ObservationFilterChainDecorator.java:137)
	at org.springframework.security.web.authentication.logout.LogoutFilter.doFilter(LogoutFilter.java:107)
	at org.springframework.security.web.authentication.logout.LogoutFilter.doFilter(LogoutFilter.java:93)
	at org.springframework.security.web.ObservationFilterChainDecorator$ObservationFilter.wrapFilter(ObservationFilterChainDecorator.java:240)
	at org.springframework.security.web.ObservationFilterChainDecorator$ObservationFilter.doFilter(ObservationFilterChainDecorator.java:227)
	at org.springframework.security.web.ObservationFilterChainDecorator$VirtualFilterChain.doFilter(ObservationFilterChainDecorator.java:137)
	at org.springframework.web.filter.CorsFilter.doFilterInternal(CorsFilter.java:91)
	at org.springframework.web.filter.OncePerRequestFilter.doFilter(OncePerRequestFilter.java:116)
	at org.springframework.security.web.ObservationFilterChainDecorator$ObservationFilter.wrapFilter(ObservationFilterChainDecorator.java:240)
	at org.springframework.security.web.ObservationFilterChainDecorator$ObservationFilter.doFilter(ObservationFilterChainDecorator.java:227)
	at org.springframework.security.web.ObservationFilterChainDecorator$VirtualFilterChain.doFilter(ObservationFilterChainDecorator.java:137)
	at org.springframework.security.web.header.HeaderWriterFilter.doHeadersAfter(HeaderWriterFilter.java:90)
	at org.springframework.security.web.header.HeaderWriterFilter.doFilterInternal(HeaderWriterFilter.java:75)
	at org.springframework.web.filter.OncePerRequestFilter.doFilter(OncePerRequestFilter.java:116)
	at org.springframework.security.web.ObservationFilterChainDecorator$ObservationFilter.wrapFilter(ObservationFilterChainDecorator.java:240)
	at org.springframework.security.web.ObservationFilterChainDecorator$ObservationFilter.doFilter(ObservationFilterChainDecorator.java:227)
	at org.springframework.security.web.ObservationFilterChainDecorator$VirtualFilterChain.doFilter(ObservationFilterChainDecorator.java:137)
	at org.springframework.security.web.context.SecurityContextHolderFilter.doFilter(SecurityContextHolderFilter.java:82)
	at org.springframework.security.web.context.SecurityContextHolderFilter.doFilter(SecurityContextHolderFilter.java:69)
	at org.springframework.security.web.ObservationFilterChainDecorator$ObservationFilter.wrapFilter(ObservationFilterChainDecorator.java:240)
	at org.springframework.security.web.ObservationFilterChainDecorator$ObservationFilter.doFilter(ObservationFilterChainDecorator.java:227)
	at org.springframework.security.web.ObservationFilterChainDecorator$VirtualFilterChain.doFilter(ObservationFilterChainDecorator.java:137)
	at org.springframework.security.web.context.request.async.WebAsyncManagerIntegrationFilter.doFilterInternal(WebAsyncManagerIntegrationFilter.java:62)
	at org.springframework.web.filter.OncePerRequestFilter.doFilter(OncePerRequestFilter.java:116)
	at org.springframework.security.web.ObservationFilterChainDecorator$ObservationFilter.wrapFilter(ObservationFilterChainDecorator.java:240)
	at org.springframework.security.web.ObservationFilterChainDecorator$ObservationFilter.doFilter(ObservationFilterChainDecorator.java:227)
	at org.springframework.security.web.ObservationFilterChainDecorator$VirtualFilterChain.doFilter(ObservationFilterChainDecorator.java:137)
	at org.springframework.security.web.session.DisableEncodeUrlFilter.doFilterInternal(DisableEncodeUrlFilter.java:42)
	at org.springframework.web.filter.OncePerRequestFilter.doFilter(OncePerRequestFilter.java:116)
	at org.springframework.security.web.ObservationFilterChainDecorator$ObservationFilter.wrapFilter(ObservationFilterChainDecorator.java:240)
	at org.springframework.security.web.ObservationFilterChainDecorator$AroundFilterObservation$SimpleAroundFilterObservation.lambda$wrap$0(ObservationFilterChainDecorator.java:323)
	at org.springframework.security.web.ObservationFilterChainDecorator$ObservationFilter.doFilter(ObservationFilterChainDecorator.java:224)
	at org.springframework.security.web.ObservationFilterChainDecorator$VirtualFilterChain.doFilter(ObservationFilterChainDecorator.java:137)
	at org.springframework.security.web.FilterChainProxy.doFilterInternal(FilterChainProxy.java:233)
	at org.springframework.security.web.FilterChainProxy.doFilter(FilterChainProxy.java:191)
	at org.springframework.web.filter.CompositeFilter$VirtualFilterChain.doFilter(CompositeFilter.java:113)
	at org.springframework.web.servlet.handler.HandlerMappingIntrospector.lambda$createCacheFilter$3(HandlerMappingIntrospector.java:243)
	at org.springframework.web.filter.CompositeFilter$VirtualFilterChain.doFilter(CompositeFilter.java:113)
	at org.springframework.web.filter.CompositeFilter.doFilter(CompositeFilter.java:74)
	at org.springframework.security.config.annotation.web.configuration.WebMvcSecurityConfiguration$CompositeFilterChainProxy.doFilter(WebMvcSecurityConfiguration.java:238)
	at org.springframework.web.filter.DelegatingFilterProxy.invokeDelegate(DelegatingFilterProxy.java:362)
	at org.springframework.web.filter.DelegatingFilterProxy.doFilter(DelegatingFilterProxy.java:278)
	at org.apache.catalina.core.ApplicationFilterChain.internalDoFilter(ApplicationFilterChain.java:164)
	at org.apache.catalina.core.ApplicationFilterChain.doFilter(ApplicationFilterChain.java:140)
	at org.springframework.web.filter.RequestContextFilter.doFilterInternal(RequestContextFilter.java:100)
	at org.springframework.web.filter.OncePerRequestFilter.doFilter(OncePerRequestFilter.java:116)
	at org.apache.catalina.core.ApplicationFilterChain.internalDoFilter(ApplicationFilterChain.java:164)
	at org.apache.catalina.core.ApplicationFilterChain.doFilter(ApplicationFilterChain.java:140)
	at org.springframework.web.filter.FormContentFilter.doFilterInternal(FormContentFilter.java:93)
	at org.springframework.web.filter.OncePerRequestFilter.doFilter(OncePerRequestFilter.java:116)
	at org.apache.catalina.core.ApplicationFilterChain.internalDoFilter(ApplicationFilterChain.java:164)
	at org.apache.catalina.core.ApplicationFilterChain.doFilter(ApplicationFilterChain.java:140)
	at org.springframework.web.filter.ServerHttpObservationFilter.doFilterInternal(ServerHttpObservationFilter.java:114)
	at org.springframework.web.filter.OncePerRequestFilter.doFilter(OncePerRequestFilter.java:116)
	at org.apache.catalina.core.ApplicationFilterChain.internalDoFilter(ApplicationFilterChain.java:164)
	at org.apache.catalina.core.ApplicationFilterChain.doFilter(ApplicationFilterChain.java:140)
	at org.springframework.web.filter.CharacterEncodingFilter.doFilterInternal(CharacterEncodingFilter.java:201)
	at org.springframework.web.filter.OncePerRequestFilter.doFilter(OncePerRequestFilter.java:116)
	at org.apache.catalina.core.ApplicationFilterChain.internalDoFilter(ApplicationFilterChain.java:164)
	at org.apache.catalina.core.ApplicationFilterChain.doFilter(ApplicationFilterChain.java:140)
	at org.apache.catalina.core.StandardWrapperValve.invoke(StandardWrapperValve.java:167)
	at org.apache.catalina.core.StandardContextValve.invoke(StandardContextValve.java:90)
	at org.apache.catalina.authenticator.AuthenticatorBase.invoke(AuthenticatorBase.java:483)
	at org.apache.catalina.core.StandardHostValve.invoke(StandardHostValve.java:115)
	at org.apache.catalina.valves.ErrorReportValve.invoke(ErrorReportValve.java:93)
	at org.apache.catalina.core.StandardEngineValve.invoke(StandardEngineValve.java:74)
	at org.apache.catalina.connector.CoyoteAdapter.service(CoyoteAdapter.java:344)
	at org.apache.coyote.http11.Http11Processor.service(Http11Processor.java:397)
	at org.apache.coyote.AbstractProcessorLight.process(AbstractProcessorLight.java:63)
	at org.apache.coyote.AbstractProtocol$ConnectionHandler.process(AbstractProtocol.java:905)
	at org.apache.tomcat.util.net.NioEndpoint$SocketProcessor.doRun(NioEndpoint.java:1741)
	at org.apache.tomcat.util.net.SocketProcessorBase.run(SocketProcessorBase.java:52)
	at org.apache.tomcat.util.threads.ThreadPoolExecutor.runWorker(ThreadPoolExecutor.java:1190)
	at org.apache.tomcat.util.threads.ThreadPoolExecutor$Worker.run(ThreadPoolExecutor.java:659)
	at org.apache.tomcat.util.threads.TaskThread$WrappingRunnable.run(TaskThread.java:63)
	at java.base/java.lang.Thread.run(Thread.java:1583)
2026-03-16 16:56:06 [http-nio-8080-exec-8] DEBUG o.s.w.s.m.m.a.HttpEntityMethodProcessor - Using 'application/json', given [application/json, text/plain, */*] and supported [application/json, application/*+json, application/yaml]
2026-03-16 16:56:06 [http-nio-8080-exec-8] TRACE o.s.w.s.m.m.a.HttpEntityMethodProcessor - Writing [ApiResponse[success=false, status=500, code=C004, message=예기치 않은 서버 오류가 발생했습니다., data=null, timestamp=2026-03-16T16:56:06.093743800]]
2026-03-16 16:56:06 [http-nio-8080-exec-8] DEBUG o.s.w.s.m.m.a.ExceptionHandlerExceptionResolver - Resolved [org.springframework.web.servlet.resource.NoResourceFoundException: No static resource api/v1/admin/system/statistics/bbs.]
2026-03-16 16:56:06 [http-nio-8080-exec-8] DEBUG o.s.web.servlet.DispatcherServlet - Completed 500 INTERNAL_SERVER_ERROR
2026-03-16 16:56:06 [http-nio-8080-exec-2] DEBUG o.s.orm.jpa.JpaTransactionManager - Found thread-bound EntityManager [SessionImpl(2096538473<open>)] for JPA transaction
2026-03-16 16:56:06 [http-nio-8080-exec-2] DEBUG o.s.orm.jpa.JpaTransactionManager - Participating in existing transaction
2026-03-16 16:56:06 [http-nio-8080-exec-2] DEBUG org.hibernate.SQL - select p1_0.progrm_file_nm,p1_0.progrm_dc,p1_0.progrm_korean_nm,p1_0.progrm_stre_path,p1_0.url from nprogrmlist p1_0
2026-03-16 16:56:06 [http-nio-8080-exec-2] DEBUG o.s.orm.jpa.JpaTransactionManager - Initiating transaction commit
2026-03-16 16:56:06 [http-nio-8080-exec-2] DEBUG o.s.orm.jpa.JpaTransactionManager - Committing JPA transaction on EntityManager [SessionImpl(2096538473<open>)]
2026-03-16 16:56:06 [MessageBroker-7] DEBUG o.s.w.s.s.t.h.DefaultSockJsService - Closed 1 sessions: [g5wcsf15]
2026-03-16 16:56:06 [http-nio-8080-exec-2] DEBUG o.s.orm.jpa.JpaTransactionManager - Closing JPA EntityManager [SessionImpl(2096538473<open>)] after transaction
2026-03-16 16:56:06 [http-nio-8080-exec-2] INFO  c.c.p.a.c.menu.MenuController - getLeftMenu returned 2 items
2026-03-16 16:56:06 [http-nio-8080-exec-2] DEBUG o.s.w.s.m.m.a.HttpEntityMethodProcessor - Using 'application/json', given [application/json, text/plain, */*] and supported [application/json, application/*+json, application/yaml]
2026-03-16 16:56:06 [http-nio-8080-exec-2] TRACE o.s.w.s.m.m.a.HttpEntityMethodProcessor - Writing [ApiResponse[success=true, status=200, code=COMMON_001, message=Success, data={list=[com.company.project.service.menu.dto.MenuDto@1d88e10, com.company.project.service.menu.dto.MenuDto@38db28dc]}, timestamp=2026-03-16T16:56:06.602388700]]
2026-03-16 16:56:06 [http-nio-8080-exec-2] INFO  c.c.p.a.i.OperationalAuditInterceptor - API Audit Log: URL=/api/v1/menu/left, User=webmaster, IP=127.0.0.1
2026-03-16 16:56:06 [http-nio-8080-exec-2] DEBUG o.s.web.servlet.DispatcherServlet - Completed 200 OK
2026-03-16 16:56:06 [http-nio-8080-exec-9] DEBUG c.c.p.s.jwt.JwtAuthenticationFilter - >>> [JwtFilter] Processing request: GET /api/v1/menu/left
2026-03-16 16:56:06 [http-nio-8080-exec-9] DEBUG c.c.p.s.jwt.JwtAuthenticationFilter - >>> [JwtFilter] Found token in header for path: /api/v1/menu/left
2026-03-16 16:56:06 [http-nio-8080-exec-9] DEBUG o.s.orm.jpa.JpaTransactionManager - Creating new transaction with name [com.company.project.security.iam.CustomUserDetailsService.loadUserByUsername]: PROPAGATION_REQUIRED,ISOLATION_DEFAULT,readOnly
2026-03-16 16:56:06 [http-nio-8080-exec-9] DEBUG o.s.orm.jpa.JpaTransactionManager - Opened new EntityManager [SessionImpl(427933254<open>)] for JPA transaction
2026-03-16 16:56:06 [http-nio-8080-exec-9] DEBUG o.s.orm.jpa.JpaTransactionManager - Exposing JPA transaction as JDBC [org.springframework.orm.jpa.vendor.HibernateJpaDialect$HibernateConnectionHandle@17dd734f]
2026-03-16 16:56:06 [http-nio-8080-exec-9] DEBUG o.s.orm.jpa.JpaTransactionManager - Found thread-bound EntityManager [SessionImpl(427933254<open>)] for JPA transaction
2026-03-16 16:56:06 [http-nio-8080-exec-9] DEBUG o.s.orm.jpa.JpaTransactionManager - Participating in existing transaction
2026-03-16 16:56:06 [http-nio-8080-exec-9] DEBUG org.hibernate.SQL - select u1_0.emplyr_id,u1_0.area_no,u1_0.brthdy,u1_0.chg_pwd_cnt,u1_0.frst_register_id,u1_0.frst_regist_pnttm,u1_0.detail_adres,u1_0.email_adres,u1_0.emplyr_sttus_code,u1_0.empl_no,u1_0.esntl_id,u1_0.fxnum,u1_0.group_id,u1_0.house_adres,u1_0.house_end_telno,u1_0.house_middle_telno,u1_0.ihidnum,u1_0.pstinst_code,u1_0.last_updusr_id,u1_0.last_updt_pnttm,u1_0.lock_at,u1_0.lock_cnt,u1_0.lock_last_pnttm,u1_0.mbtlnum,u1_0.ofcps_nm,u1_0.offm_telno,u1_0.orgnzt_id,u1_0.password,u1_0.password_cnsr,u1_0.password_hint,u1_0.chg_pwd_last_pnttm,u1_0.role,u1_0.sbscrb_de,u1_0.sexdstn_code,u1_0.crtfc_dn_value,u1_0.user_nm,u1_0.zip from nemplyrinfo u1_0 where u1_0.emplyr_id=?
2026-03-16 16:56:06 [http-nio-8080-exec-9] DEBUG o.s.orm.jpa.JpaTransactionManager - Found thread-bound EntityManager [SessionImpl(427933254<open>)] for JPA transaction
2026-03-16 16:56:06 [http-nio-8080-exec-9] DEBUG o.s.orm.jpa.JpaTransactionManager - Participating in existing transaction
2026-03-16 16:56:06 [http-nio-8080-exec-9] DEBUG org.hibernate.SQL - select ua1_0.scrty_dtrmn_trget_id,ua1_0.author_code,ua1_0.frst_register_id,ua1_0.frst_regist_pnttm,ua1_0.last_updusr_id,ua1_0.last_updt_pnttm,ua1_0.mber_ty_code from nemplyrscrtyestbs ua1_0 where ua1_0.scrty_dtrmn_trget_id=?
2026-03-16 16:56:07 [http-nio-8080-exec-9] DEBUG o.s.orm.jpa.JpaTransactionManager - Initiating transaction commit
2026-03-16 16:56:07 [http-nio-8080-exec-9] DEBUG o.s.orm.jpa.JpaTransactionManager - Committing JPA transaction on EntityManager [SessionImpl(427933254<open>)]
2026-03-16 16:56:07 [http-nio-8080-exec-9] DEBUG o.s.orm.jpa.JpaTransactionManager - Closing JPA EntityManager [SessionImpl(427933254<open>)] after transaction
2026-03-16 16:56:07 [http-nio-8080-exec-9] DEBUG c.c.p.s.jwt.JwtAuthenticationFilter - >>> [JwtFilter] Successfully authenticated user: USRCNFRM_99999999999, Authorities: [ROLE_ADMIN]
2026-03-16 16:56:07 [http-nio-8080-exec-9] DEBUG o.s.web.servlet.DispatcherServlet - GET "/api/v1/menu/left?menuNo=50", parameters={masked}
2026-03-16 16:56:07 [http-nio-8080-exec-9] TRACE o.s.w.s.m.m.a.RequestMappingHandlerMapping - Mapped to com.company.project.api.controller.menu.MenuController#getLeftMenu(Long)
2026-03-16 16:56:07 [http-nio-8080-exec-9] INFO  c.c.p.a.c.menu.MenuController - getLeftMenu called with menuNo=50
2026-03-16 16:56:07 [http-nio-8080-exec-9] DEBUG o.s.orm.jpa.JpaTransactionManager - Creating new transaction with name [com.company.project.service.menu.MenuService.getSubMenus]: PROPAGATION_REQUIRED,ISOLATION_DEFAULT,readOnly
2026-03-16 16:56:07 [http-nio-8080-exec-9] DEBUG o.s.orm.jpa.JpaTransactionManager - Opened new EntityManager [SessionImpl(990329689<open>)] for JPA transaction
2026-03-16 16:56:07 [http-nio-8080-exec-9] DEBUG o.s.orm.jpa.JpaTransactionManager - Exposing JPA transaction as JDBC [org.springframework.orm.jpa.vendor.HibernateJpaDialect$HibernateConnectionHandle@cce1c61]
2026-03-16 16:56:07 [http-nio-8080-exec-9] DEBUG org.hibernate.SQL - select m1_0.menu_no,m1_0.menu_dc,m1_0.menu_nm,m1_0.menu_ordr,m1_0.modern_route,m1_0.progrm_file_nm,m1_0.relate_image_nm,m1_0.relate_image_path,m1_0.route_updated_at,m1_0.upper_menu_no from nmenuinfo m1_0 order by m1_0.upper_menu_no,m1_0.menu_ordr
2026-03-16 16:56:07 [http-nio-8080-exec-9] DEBUG o.s.orm.jpa.JpaTransactionManager - Found thread-bound EntityManager [SessionImpl(990329689<open>)] for JPA transaction
2026-03-16 16:56:07 [http-nio-8080-exec-9] DEBUG o.s.orm.jpa.JpaTransactionManager - Participating in existing transaction
2026-03-16 16:56:07 [http-nio-8080-exec-9] DEBUG org.hibernate.SQL - select p1_0.progrm_file_nm,p1_0.progrm_dc,p1_0.progrm_korean_nm,p1_0.progrm_stre_path,p1_0.url from nprogrmlist p1_0
2026-03-16 16:56:07 [http-nio-8080-exec-9] DEBUG o.s.orm.jpa.JpaTransactionManager - Initiating transaction commit
2026-03-16 16:56:07 [http-nio-8080-exec-9] DEBUG o.s.orm.jpa.JpaTransactionManager - Committing JPA transaction on EntityManager [SessionImpl(990329689<open>)]
2026-03-16 16:56:07 [http-nio-8080-exec-9] DEBUG o.s.orm.jpa.JpaTransactionManager - Closing JPA EntityManager [SessionImpl(990329689<open>)] after transaction
2026-03-16 16:56:07 [http-nio-8080-exec-9] INFO  c.c.p.a.c.menu.MenuController - getLeftMenu returned 3 items
2026-03-16 16:56:07 [http-nio-8080-exec-9] DEBUG o.s.w.s.m.m.a.HttpEntityMethodProcessor - Using 'application/json', given [application/json, text/plain, */*] and supported [application/json, application/*+json, application/yaml]
2026-03-16 16:56:07 [http-nio-8080-exec-9] TRACE o.s.w.s.m.m.a.HttpEntityMethodProcessor - Writing [ApiResponse[success=true, status=200, code=COMMON_001, message=Success, data={list=[com.company.project.service.menu.dto.MenuDto@3558facf, com.company.project.service.menu.dto.MenuDto@6020eb67, com.company.project.service.menu.dto.MenuDto@19bf5416]}, timestamp=2026-03-16T16:56:07.965326700]]
2026-03-16 16:56:07 [http-nio-8080-exec-9] INFO  c.c.p.a.i.OperationalAuditInterceptor - API Audit Log: URL=/api/v1/menu/left, User=webmaster, IP=127.0.0.1
2026-03-16 16:56:07 [http-nio-8080-exec-9] DEBUG o.s.web.servlet.DispatcherServlet - Completed 200 OK
2026-03-16 16:56:07 [http-nio-8080-exec-4] DEBUG c.c.p.s.jwt.JwtAuthenticationFilter - >>> [JwtFilter] Processing request: GET /api/v1/menu/left
2026-03-16 16:56:07 [http-nio-8080-exec-4] DEBUG c.c.p.s.jwt.JwtAuthenticationFilter - >>> [JwtFilter] Found token in header for path: /api/v1/menu/left
2026-03-16 16:56:07 [http-nio-8080-exec-4] DEBUG o.s.orm.jpa.JpaTransactionManager - Creating new transaction with name [com.company.project.security.iam.CustomUserDetailsService.loadUserByUsername]: PROPAGATION_REQUIRED,ISOLATION_DEFAULT,readOnly
2026-03-16 16:56:07 [http-nio-8080-exec-4] DEBUG o.s.orm.jpa.JpaTransactionManager - Opened new EntityManager [SessionImpl(1328472614<open>)] for JPA transaction
2026-03-16 16:56:08 [http-nio-8080-exec-4] DEBUG o.s.orm.jpa.JpaTransactionManager - Exposing JPA transaction as JDBC [org.springframework.orm.jpa.vendor.HibernateJpaDialect$HibernateConnectionHandle@613acc87]
2026-03-16 16:56:08 [http-nio-8080-exec-4] DEBUG o.s.orm.jpa.JpaTransactionManager - Found thread-bound EntityManager [SessionImpl(1328472614<open>)] for JPA transaction
2026-03-16 16:56:08 [http-nio-8080-exec-4] DEBUG o.s.orm.jpa.JpaTransactionManager - Participating in existing transaction
2026-03-16 16:56:08 [http-nio-8080-exec-4] DEBUG org.hibernate.SQL - select u1_0.emplyr_id,u1_0.area_no,u1_0.brthdy,u1_0.chg_pwd_cnt,u1_0.frst_register_id,u1_0.frst_regist_pnttm,u1_0.detail_adres,u1_0.email_adres,u1_0.emplyr_sttus_code,u1_0.empl_no,u1_0.esntl_id,u1_0.fxnum,u1_0.group_id,u1_0.house_adres,u1_0.house_end_telno,u1_0.house_middle_telno,u1_0.ihidnum,u1_0.pstinst_code,u1_0.last_updusr_id,u1_0.last_updt_pnttm,u1_0.lock_at,u1_0.lock_cnt,u1_0.lock_last_pnttm,u1_0.mbtlnum,u1_0.ofcps_nm,u1_0.offm_telno,u1_0.orgnzt_id,u1_0.password,u1_0.password_cnsr,u1_0.password_hint,u1_0.chg_pwd_last_pnttm,u1_0.role,u1_0.sbscrb_de,u1_0.sexdstn_code,u1_0.crtfc_dn_value,u1_0.user_nm,u1_0.zip from nemplyrinfo u1_0 where u1_0.emplyr_id=?
2026-03-16 16:56:08 [http-nio-8080-exec-4] DEBUG o.s.orm.jpa.JpaTransactionManager - Found thread-bound EntityManager [SessionImpl(1328472614<open>)] for JPA transaction
2026-03-16 16:56:08 [http-nio-8080-exec-4] DEBUG o.s.orm.jpa.JpaTransactionManager - Participating in existing transaction
2026-03-16 16:56:08 [http-nio-8080-exec-4] DEBUG org.hibernate.SQL - select ua1_0.scrty_dtrmn_trget_id,ua1_0.author_code,ua1_0.frst_register_id,ua1_0.frst_regist_pnttm,ua1_0.last_updusr_id,ua1_0.last_updt_pnttm,ua1_0.mber_ty_code from nemplyrscrtyestbs ua1_0 where ua1_0.scrty_dtrmn_trget_id=?
2026-03-16 16:56:08 [http-nio-8080-exec-4] DEBUG o.s.orm.jpa.JpaTransactionManager - Initiating transaction commit
2026-03-16 16:56:08 [http-nio-8080-exec-4] DEBUG o.s.orm.jpa.JpaTransactionManager - Committing JPA transaction on EntityManager [SessionImpl(1328472614<open>)]
2026-03-16 16:56:08 [http-nio-8080-exec-4] DEBUG o.s.orm.jpa.JpaTransactionManager - Closing JPA EntityManager [SessionImpl(1328472614<open>)] after transaction
2026-03-16 16:56:08 [http-nio-8080-exec-4] DEBUG c.c.p.s.jwt.JwtAuthenticationFilter - >>> [JwtFilter] Successfully authenticated user: USRCNFRM_99999999999, Authorities: [ROLE_ADMIN]
2026-03-16 16:56:08 [http-nio-8080-exec-4] DEBUG o.s.web.servlet.DispatcherServlet - GET "/api/v1/menu/left?menuNo=60", parameters={masked}
2026-03-16 16:56:08 [http-nio-8080-exec-4] TRACE o.s.w.s.m.m.a.RequestMappingHandlerMapping - Mapped to com.company.project.api.controller.menu.MenuController#getLeftMenu(Long)
2026-03-16 16:56:08 [http-nio-8080-exec-4] INFO  c.c.p.a.c.menu.MenuController - getLeftMenu called with menuNo=60
2026-03-16 16:56:08 [http-nio-8080-exec-4] DEBUG o.s.orm.jpa.JpaTransactionManager - Creating new transaction with name [com.company.project.service.menu.MenuService.getSubMenus]: PROPAGATION_REQUIRED,ISOLATION_DEFAULT,readOnly
2026-03-16 16:56:08 [http-nio-8080-exec-4] DEBUG o.s.orm.jpa.JpaTransactionManager - Opened new EntityManager [SessionImpl(540143863<open>)] for JPA transaction
2026-03-16 16:56:08 [http-nio-8080-exec-4] DEBUG o.s.orm.jpa.JpaTransactionManager - Exposing JPA transaction as JDBC [org.springframework.orm.jpa.vendor.HibernateJpaDialect$HibernateConnectionHandle@752fd652]
2026-03-16 16:56:08 [http-nio-8080-exec-4] DEBUG org.hibernate.SQL - select m1_0.menu_no,m1_0.menu_dc,m1_0.menu_nm,m1_0.menu_ordr,m1_0.modern_route,m1_0.progrm_file_nm,m1_0.relate_image_nm,m1_0.relate_image_path,m1_0.route_updated_at,m1_0.upper_menu_no from nmenuinfo m1_0 order by m1_0.upper_menu_no,m1_0.menu_ordr
2026-03-16 16:56:08 [http-nio-8080-exec-4] DEBUG o.s.orm.jpa.JpaTransactionManager - Found thread-bound EntityManager [SessionImpl(540143863<open>)] for JPA transaction
2026-03-16 16:56:08 [http-nio-8080-exec-4] DEBUG o.s.orm.jpa.JpaTransactionManager - Participating in existing transaction
2026-03-16 16:56:08 [http-nio-8080-exec-4] DEBUG org.hibernate.SQL - select p1_0.progrm_file_nm,p1_0.progrm_dc,p1_0.progrm_korean_nm,p1_0.progrm_stre_path,p1_0.url from nprogrmlist p1_0
2026-03-16 16:56:09 [http-nio-8080-exec-4] DEBUG o.s.orm.jpa.JpaTransactionManager - Initiating transaction commit
2026-03-16 16:56:09 [http-nio-8080-exec-4] DEBUG o.s.orm.jpa.JpaTransactionManager - Committing JPA transaction on EntityManager [SessionImpl(540143863<open>)]
2026-03-16 16:56:09 [http-nio-8080-exec-4] DEBUG o.s.orm.jpa.JpaTransactionManager - Closing JPA EntityManager [SessionImpl(540143863<open>)] after transaction
2026-03-16 16:56:09 [http-nio-8080-exec-4] INFO  c.c.p.a.c.menu.MenuController - getLeftMenu returned 1 items
2026-03-16 16:56:09 [http-nio-8080-exec-4] DEBUG o.s.w.s.m.m.a.HttpEntityMethodProcessor - Using 'application/json', given [application/json, text/plain, */*] and supported [application/json, application/*+json, application/yaml]
2026-03-16 16:56:09 [http-nio-8080-exec-4] TRACE o.s.w.s.m.m.a.HttpEntityMethodProcessor - Writing [ApiResponse[success=true, status=200, code=COMMON_001, message=Success, data={list=[com.company.project.service.menu.dto.MenuDto@81ddad0]}, timestamp=2026-03-16T16:56:09.185284600]]
2026-03-16 16:56:09 [http-nio-8080-exec-4] INFO  c.c.p.a.i.OperationalAuditInterceptor - API Audit Log: URL=/api/v1/menu/left, User=webmaster, IP=127.0.0.1
2026-03-16 16:56:09 [http-nio-8080-exec-4] DEBUG o.s.web.servlet.DispatcherServlet - Completed 200 OK
2026-03-16 16:56:09 [http-nio-8080-exec-8] DEBUG c.c.p.s.jwt.JwtAuthenticationFilter - >>> [JwtFilter] Processing request: GET /api/v1/menu/head
2026-03-16 16:56:09 [http-nio-8080-exec-8] DEBUG c.c.p.s.jwt.JwtAuthenticationFilter - >>> [JwtFilter] Found token in header for path: /api/v1/menu/head
2026-03-16 16:56:09 [http-nio-8080-exec-8] DEBUG o.s.orm.jpa.JpaTransactionManager - Creating new transaction with name [com.company.project.security.iam.CustomUserDetailsService.loadUserByUsername]: PROPAGATION_REQUIRED,ISOLATION_DEFAULT,readOnly
2026-03-16 16:56:09 [http-nio-8080-exec-8] DEBUG o.s.orm.jpa.JpaTransactionManager - Opened new EntityManager [SessionImpl(187023883<open>)] for JPA transaction
2026-03-16 16:56:09 [http-nio-8080-exec-8] DEBUG o.s.orm.jpa.JpaTransactionManager - Exposing JPA transaction as JDBC [org.springframework.orm.jpa.vendor.HibernateJpaDialect$HibernateConnectionHandle@3001596]
2026-03-16 16:56:09 [http-nio-8080-exec-8] DEBUG o.s.orm.jpa.JpaTransactionManager - Found thread-bound EntityManager [SessionImpl(187023883<open>)] for JPA transaction
2026-03-16 16:56:09 [http-nio-8080-exec-8] DEBUG o.s.orm.jpa.JpaTransactionManager - Participating in existing transaction
2026-03-16 16:56:09 [http-nio-8080-exec-8] DEBUG org.hibernate.SQL - select u1_0.emplyr_id,u1_0.area_no,u1_0.brthdy,u1_0.chg_pwd_cnt,u1_0.frst_register_id,u1_0.frst_regist_pnttm,u1_0.detail_adres,u1_0.email_adres,u1_0.emplyr_sttus_code,u1_0.empl_no,u1_0.esntl_id,u1_0.fxnum,u1_0.group_id,u1_0.house_adres,u1_0.house_end_telno,u1_0.house_middle_telno,u1_0.ihidnum,u1_0.pstinst_code,u1_0.last_updusr_id,u1_0.last_updt_pnttm,u1_0.lock_at,u1_0.lock_cnt,u1_0.lock_last_pnttm,u1_0.mbtlnum,u1_0.ofcps_nm,u1_0.offm_telno,u1_0.orgnzt_id,u1_0.password,u1_0.password_cnsr,u1_0.password_hint,u1_0.chg_pwd_last_pnttm,u1_0.role,u1_0.sbscrb_de,u1_0.sexdstn_code,u1_0.crtfc_dn_value,u1_0.user_nm,u1_0.zip from nemplyrinfo u1_0 where u1_0.emplyr_id=?
2026-03-16 16:56:10 [http-nio-8080-exec-8] DEBUG o.s.orm.jpa.JpaTransactionManager - Found thread-bound EntityManager [SessionImpl(187023883<open>)] for JPA transaction
2026-03-16 16:56:10 [http-nio-8080-exec-8] DEBUG o.s.orm.jpa.JpaTransactionManager - Participating in existing transaction
2026-03-16 16:56:10 [http-nio-8080-exec-8] DEBUG org.hibernate.SQL - select ua1_0.scrty_dtrmn_trget_id,ua1_0.author_code,ua1_0.frst_register_id,ua1_0.frst_regist_pnttm,ua1_0.last_updusr_id,ua1_0.last_updt_pnttm,ua1_0.mber_ty_code from nemplyrscrtyestbs ua1_0 where ua1_0.scrty_dtrmn_trget_id=?
2026-03-16 16:56:10 [http-nio-8080-exec-8] DEBUG o.s.orm.jpa.JpaTransactionManager - Initiating transaction commit
2026-03-16 16:56:10 [http-nio-8080-exec-8] DEBUG o.s.orm.jpa.JpaTransactionManager - Committing JPA transaction on EntityManager [SessionImpl(187023883<open>)]
2026-03-16 16:56:10 [http-nio-8080-exec-8] DEBUG o.s.orm.jpa.JpaTransactionManager - Closing JPA EntityManager [SessionImpl(187023883<open>)] after transaction
2026-03-16 16:56:10 [http-nio-8080-exec-8] DEBUG c.c.p.s.jwt.JwtAuthenticationFilter - >>> [JwtFilter] Successfully authenticated user: USRCNFRM_99999999999, Authorities: [ROLE_ADMIN]
2026-03-16 16:56:10 [http-nio-8080-exec-8] DEBUG o.s.web.servlet.DispatcherServlet - GET "/api/v1/menu/head", parameters={}
2026-03-16 16:56:10 [http-nio-8080-exec-8] TRACE o.s.w.s.m.m.a.RequestMappingHandlerMapping - Mapped to com.company.project.api.controller.menu.MenuController#getHeadMenu()
2026-03-16 16:56:10 [http-nio-8080-exec-8] INFO  c.c.p.a.c.menu.MenuController - getHeadMenu called
2026-03-16 16:56:10 [http-nio-8080-exec-8] INFO  c.c.p.a.c.menu.MenuController - getHeadMenu returned 5 items
2026-03-16 16:56:10 [http-nio-8080-exec-8] DEBUG o.s.w.s.m.m.a.HttpEntityMethodProcessor - Using 'application/json', given [application/json, text/plain, */*] and supported [application/json, application/*+json, application/yaml]
2026-03-16 16:56:10 [http-nio-8080-exec-8] TRACE o.s.w.s.m.m.a.HttpEntityMethodProcessor - Writing [ApiResponse[success=true, status=200, code=COMMON_001, message=Success, data={list=[com.company.project.service.menu.dto.MenuDto@2b80d6b0, com.company.project.service.menu.dto.MenuDto@1418cfa3, com.company.project.service.menu.dto.MenuDto@f230bf1, com.company.project.service.menu.dto.MenuDto@734a7f6a, com.company.project.service.menu.dto.MenuDto@5e5202e5]}, timestamp=2026-03-16T16:56:10.374372100]]
2026-03-16 16:56:10 [http-nio-8080-exec-8] INFO  c.c.p.a.i.OperationalAuditInterceptor - API Audit Log: URL=/api/v1/menu/head, User=webmaster, IP=0:0:0:0:0:0:0:1
2026-03-16 16:56:10 [http-nio-8080-exec-8] DEBUG o.s.web.servlet.DispatcherServlet - Completed 200 OK
2026-03-16 16:56:10 [http-nio-8080-exec-5] DEBUG c.c.p.s.jwt.JwtAuthenticationFilter - >>> [JwtFilter] Processing request: GET /api/v1/menu/left
2026-03-16 16:56:10 [http-nio-8080-exec-5] DEBUG c.c.p.s.jwt.JwtAuthenticationFilter - >>> [JwtFilter] Found token in header for path: /api/v1/menu/left
2026-03-16 16:56:10 [http-nio-8080-exec-6] DEBUG c.c.p.s.jwt.JwtAuthenticationFilter - >>> [JwtFilter] Processing request: GET /api/v1/menu/left
2026-03-16 16:56:10 [http-nio-8080-exec-5] DEBUG o.s.orm.jpa.JpaTransactionManager - Creating new transaction with name [com.company.project.security.iam.CustomUserDetailsService.loadUserByUsername]: PROPAGATION_REQUIRED,ISOLATION_DEFAULT,readOnly
2026-03-16 16:56:10 [http-nio-8080-exec-6] DEBUG c.c.p.s.jwt.JwtAuthenticationFilter - >>> [JwtFilter] Found token in header for path: /api/v1/menu/left
2026-03-16 16:56:10 [http-nio-8080-exec-5] DEBUG o.s.orm.jpa.JpaTransactionManager - Opened new EntityManager [SessionImpl(541161606<open>)] for JPA transaction
2026-03-16 16:56:10 [http-nio-8080-exec-3] DEBUG c.c.p.s.jwt.JwtAuthenticationFilter - >>> [JwtFilter] Processing request: GET /api/v1/menu/left
2026-03-16 16:56:10 [http-nio-8080-exec-2] DEBUG c.c.p.s.jwt.JwtAuthenticationFilter - >>> [JwtFilter] Processing request: GET /api/v1/menu/left
2026-03-16 16:56:10 [http-nio-8080-exec-7] DEBUG c.c.p.s.jwt.JwtAuthenticationFilter - >>> [JwtFilter] Processing request: GET /api/v1/menu/left
2026-03-16 16:56:10 [http-nio-8080-exec-3] DEBUG c.c.p.s.jwt.JwtAuthenticationFilter - >>> [JwtFilter] Found token in header for path: /api/v1/menu/left
2026-03-16 16:56:10 [http-nio-8080-exec-7] DEBUG c.c.p.s.jwt.JwtAuthenticationFilter - >>> [JwtFilter] Found token in header for path: /api/v1/menu/left
2026-03-16 16:56:10 [http-nio-8080-exec-6] DEBUG o.s.orm.jpa.JpaTransactionManager - Creating new transaction with name [com.company.project.security.iam.CustomUserDetailsService.loadUserByUsername]: PROPAGATION_REQUIRED,ISOLATION_DEFAULT,readOnly
2026-03-16 16:56:10 [http-nio-8080-exec-2] DEBUG c.c.p.s.jwt.JwtAuthenticationFilter - >>> [JwtFilter] Found token in header for path: /api/v1/menu/left
2026-03-16 16:56:10 [http-nio-8080-exec-7] DEBUG o.s.orm.jpa.JpaTransactionManager - Creating new transaction with name [com.company.project.security.iam.CustomUserDetailsService.loadUserByUsername]: PROPAGATION_REQUIRED,ISOLATION_DEFAULT,readOnly
2026-03-16 16:56:10 [http-nio-8080-exec-6] DEBUG o.s.orm.jpa.JpaTransactionManager - Opened new EntityManager [SessionImpl(1230923184<open>)] for JPA transaction
2026-03-16 16:56:10 [http-nio-8080-exec-3] DEBUG o.s.orm.jpa.JpaTransactionManager - Creating new transaction with name [com.company.project.security.iam.CustomUserDetailsService.loadUserByUsername]: PROPAGATION_REQUIRED,ISOLATION_DEFAULT,readOnly
2026-03-16 16:56:10 [http-nio-8080-exec-7] DEBUG o.s.orm.jpa.JpaTransactionManager - Opened new EntityManager [SessionImpl(91817910<open>)] for JPA transaction
2026-03-16 16:56:10 [http-nio-8080-exec-3] DEBUG o.s.orm.jpa.JpaTransactionManager - Opened new EntityManager [SessionImpl(1780650951<open>)] for JPA transaction
2026-03-16 16:56:10 [http-nio-8080-exec-2] DEBUG o.s.orm.jpa.JpaTransactionManager - Creating new transaction with name [com.company.project.security.iam.CustomUserDetailsService.loadUserByUsername]: PROPAGATION_REQUIRED,ISOLATION_DEFAULT,readOnly
2026-03-16 16:56:10 [http-nio-8080-exec-2] DEBUG o.s.orm.jpa.JpaTransactionManager - Opened new EntityManager [SessionImpl(1629937706<open>)] for JPA transaction
2026-03-16 16:56:10 [http-nio-8080-exec-2] DEBUG o.s.orm.jpa.JpaTransactionManager - Exposing JPA transaction as JDBC [org.springframework.orm.jpa.vendor.HibernateJpaDialect$HibernateConnectionHandle@5b945cab]
2026-03-16 16:56:10 [http-nio-8080-exec-7] DEBUG o.s.orm.jpa.JpaTransactionManager - Exposing JPA transaction as JDBC [org.springframework.orm.jpa.vendor.HibernateJpaDialect$HibernateConnectionHandle@2d01d68f]
2026-03-16 16:56:10 [http-nio-8080-exec-3] DEBUG o.s.orm.jpa.JpaTransactionManager - Exposing JPA transaction as JDBC [org.springframework.orm.jpa.vendor.HibernateJpaDialect$HibernateConnectionHandle@5fe5b6e7]
2026-03-16 16:56:10 [http-nio-8080-exec-6] DEBUG o.s.orm.jpa.JpaTransactionManager - Exposing JPA transaction as JDBC [org.springframework.orm.jpa.vendor.HibernateJpaDialect$HibernateConnectionHandle@4807b283]
2026-03-16 16:56:10 [http-nio-8080-exec-5] DEBUG o.s.orm.jpa.JpaTransactionManager - Exposing JPA transaction as JDBC [org.springframework.orm.jpa.vendor.HibernateJpaDialect$HibernateConnectionHandle@4b61c4a1]
2026-03-16 16:56:10 [http-nio-8080-exec-2] DEBUG o.s.orm.jpa.JpaTransactionManager - Found thread-bound EntityManager [SessionImpl(1629937706<open>)] for JPA transaction
2026-03-16 16:56:10 [http-nio-8080-exec-3] DEBUG o.s.orm.jpa.JpaTransactionManager - Found thread-bound EntityManager [SessionImpl(1780650951<open>)] for JPA transaction
2026-03-16 16:56:10 [http-nio-8080-exec-7] DEBUG o.s.orm.jpa.JpaTransactionManager - Found thread-bound EntityManager [SessionImpl(91817910<open>)] for JPA transaction
2026-03-16 16:56:10 [http-nio-8080-exec-7] DEBUG o.s.orm.jpa.JpaTransactionManager - Participating in existing transaction
2026-03-16 16:56:10 [http-nio-8080-exec-6] DEBUG o.s.orm.jpa.JpaTransactionManager - Found thread-bound EntityManager [SessionImpl(1230923184<open>)] for JPA transaction
2026-03-16 16:56:10 [http-nio-8080-exec-6] DEBUG o.s.orm.jpa.JpaTransactionManager - Participating in existing transaction
2026-03-16 16:56:10 [http-nio-8080-exec-5] DEBUG o.s.orm.jpa.JpaTransactionManager - Found thread-bound EntityManager [SessionImpl(541161606<open>)] for JPA transaction
2026-03-16 16:56:10 [http-nio-8080-exec-2] DEBUG o.s.orm.jpa.JpaTransactionManager - Participating in existing transaction
2026-03-16 16:56:10 [http-nio-8080-exec-3] DEBUG o.s.orm.jpa.JpaTransactionManager - Participating in existing transaction
2026-03-16 16:56:10 [http-nio-8080-exec-2] DEBUG org.hibernate.SQL - select u1_0.emplyr_id,u1_0.area_no,u1_0.brthdy,u1_0.chg_pwd_cnt,u1_0.frst_register_id,u1_0.frst_regist_pnttm,u1_0.detail_adres,u1_0.email_adres,u1_0.emplyr_sttus_code,u1_0.empl_no,u1_0.esntl_id,u1_0.fxnum,u1_0.group_id,u1_0.house_adres,u1_0.house_end_telno,u1_0.house_middle_telno,u1_0.ihidnum,u1_0.pstinst_code,u1_0.last_updusr_id,u1_0.last_updt_pnttm,u1_0.lock_at,u1_0.lock_cnt,u1_0.lock_last_pnttm,u1_0.mbtlnum,u1_0.ofcps_nm,u1_0.offm_telno,u1_0.orgnzt_id,u1_0.password,u1_0.password_cnsr,u1_0.password_hint,u1_0.chg_pwd_last_pnttm,u1_0.role,u1_0.sbscrb_de,u1_0.sexdstn_code,u1_0.crtfc_dn_value,u1_0.user_nm,u1_0.zip from nemplyrinfo u1_0 where u1_0.emplyr_id=?
2026-03-16 16:56:10 [http-nio-8080-exec-6] DEBUG org.hibernate.SQL - select u1_0.emplyr_id,u1_0.area_no,u1_0.brthdy,u1_0.chg_pwd_cnt,u1_0.frst_register_id,u1_0.frst_regist_pnttm,u1_0.detail_adres,u1_0.email_adres,u1_0.emplyr_sttus_code,u1_0.empl_no,u1_0.esntl_id,u1_0.fxnum,u1_0.group_id,u1_0.house_adres,u1_0.house_end_telno,u1_0.house_middle_telno,u1_0.ihidnum,u1_0.pstinst_code,u1_0.last_updusr_id,u1_0.last_updt_pnttm,u1_0.lock_at,u1_0.lock_cnt,u1_0.lock_last_pnttm,u1_0.mbtlnum,u1_0.ofcps_nm,u1_0.offm_telno,u1_0.orgnzt_id,u1_0.password,u1_0.password_cnsr,u1_0.password_hint,u1_0.chg_pwd_last_pnttm,u1_0.role,u1_0.sbscrb_de,u1_0.sexdstn_code,u1_0.crtfc_dn_value,u1_0.user_nm,u1_0.zip from nemplyrinfo u1_0 where u1_0.emplyr_id=?
2026-03-16 16:56:10 [http-nio-8080-exec-7] DEBUG org.hibernate.SQL - select u1_0.emplyr_id,u1_0.area_no,u1_0.brthdy,u1_0.chg_pwd_cnt,u1_0.frst_register_id,u1_0.frst_regist_pnttm,u1_0.detail_adres,u1_0.email_adres,u1_0.emplyr_sttus_code,u1_0.empl_no,u1_0.esntl_id,u1_0.fxnum,u1_0.group_id,u1_0.house_adres,u1_0.house_end_telno,u1_0.house_middle_telno,u1_0.ihidnum,u1_0.pstinst_code,u1_0.last_updusr_id,u1_0.last_updt_pnttm,u1_0.lock_at,u1_0.lock_cnt,u1_0.lock_last_pnttm,u1_0.mbtlnum,u1_0.ofcps_nm,u1_0.offm_telno,u1_0.orgnzt_id,u1_0.password,u1_0.password_cnsr,u1_0.password_hint,u1_0.chg_pwd_last_pnttm,u1_0.role,u1_0.sbscrb_de,u1_0.sexdstn_code,u1_0.crtfc_dn_value,u1_0.user_nm,u1_0.zip from nemplyrinfo u1_0 where u1_0.emplyr_id=?
2026-03-16 16:56:10 [http-nio-8080-exec-5] DEBUG o.s.orm.jpa.JpaTransactionManager - Participating in existing transaction
2026-03-16 16:56:10 [http-nio-8080-exec-3] DEBUG org.hibernate.SQL - select u1_0.emplyr_id,u1_0.area_no,u1_0.brthdy,u1_0.chg_pwd_cnt,u1_0.frst_register_id,u1_0.frst_regist_pnttm,u1_0.detail_adres,u1_0.email_adres,u1_0.emplyr_sttus_code,u1_0.empl_no,u1_0.esntl_id,u1_0.fxnum,u1_0.group_id,u1_0.house_adres,u1_0.house_end_telno,u1_0.house_middle_telno,u1_0.ihidnum,u1_0.pstinst_code,u1_0.last_updusr_id,u1_0.last_updt_pnttm,u1_0.lock_at,u1_0.lock_cnt,u1_0.lock_last_pnttm,u1_0.mbtlnum,u1_0.ofcps_nm,u1_0.offm_telno,u1_0.orgnzt_id,u1_0.password,u1_0.password_cnsr,u1_0.password_hint,u1_0.chg_pwd_last_pnttm,u1_0.role,u1_0.sbscrb_de,u1_0.sexdstn_code,u1_0.crtfc_dn_value,u1_0.user_nm,u1_0.zip from nemplyrinfo u1_0 where u1_0.emplyr_id=?
2026-03-16 16:56:10 [http-nio-8080-exec-5] DEBUG org.hibernate.SQL - select u1_0.emplyr_id,u1_0.area_no,u1_0.brthdy,u1_0.chg_pwd_cnt,u1_0.frst_register_id,u1_0.frst_regist_pnttm,u1_0.detail_adres,u1_0.email_adres,u1_0.emplyr_sttus_code,u1_0.empl_no,u1_0.esntl_id,u1_0.fxnum,u1_0.group_id,u1_0.house_adres,u1_0.house_end_telno,u1_0.house_middle_telno,u1_0.ihidnum,u1_0.pstinst_code,u1_0.last_updusr_id,u1_0.last_updt_pnttm,u1_0.lock_at,u1_0.lock_cnt,u1_0.lock_last_pnttm,u1_0.mbtlnum,u1_0.ofcps_nm,u1_0.offm_telno,u1_0.orgnzt_id,u1_0.password,u1_0.password_cnsr,u1_0.password_hint,u1_0.chg_pwd_last_pnttm,u1_0.role,u1_0.sbscrb_de,u1_0.sexdstn_code,u1_0.crtfc_dn_value,u1_0.user_nm,u1_0.zip from nemplyrinfo u1_0 where u1_0.emplyr_id=?
2026-03-16 16:56:10 [http-nio-8080-exec-2] DEBUG o.s.orm.jpa.JpaTransactionManager - Found thread-bound EntityManager [SessionImpl(1629937706<open>)] for JPA transaction
2026-03-16 16:56:10 [http-nio-8080-exec-2] DEBUG o.s.orm.jpa.JpaTransactionManager - Participating in existing transaction
2026-03-16 16:56:10 [http-nio-8080-exec-2] DEBUG org.hibernate.SQL - select ua1_0.scrty_dtrmn_trget_id,ua1_0.author_code,ua1_0.frst_register_id,ua1_0.frst_regist_pnttm,ua1_0.last_updusr_id,ua1_0.last_updt_pnttm,ua1_0.mber_ty_code from nemplyrscrtyestbs ua1_0 where ua1_0.scrty_dtrmn_trget_id=?
2026-03-16 16:56:10 [http-nio-8080-exec-7] DEBUG o.s.orm.jpa.JpaTransactionManager - Found thread-bound EntityManager [SessionImpl(91817910<open>)] for JPA transaction
2026-03-16 16:56:10 [http-nio-8080-exec-7] DEBUG o.s.orm.jpa.JpaTransactionManager - Participating in existing transaction
2026-03-16 16:56:10 [http-nio-8080-exec-7] DEBUG org.hibernate.SQL - select ua1_0.scrty_dtrmn_trget_id,ua1_0.author_code,ua1_0.frst_register_id,ua1_0.frst_regist_pnttm,ua1_0.last_updusr_id,ua1_0.last_updt_pnttm,ua1_0.mber_ty_code from nemplyrscrtyestbs ua1_0 where ua1_0.scrty_dtrmn_trget_id=?
2026-03-16 16:56:10 [http-nio-8080-exec-6] DEBUG o.s.orm.jpa.JpaTransactionManager - Found thread-bound EntityManager [SessionImpl(1230923184<open>)] for JPA transaction
2026-03-16 16:56:10 [http-nio-8080-exec-3] DEBUG o.s.orm.jpa.JpaTransactionManager - Found thread-bound EntityManager [SessionImpl(1780650951<open>)] for JPA transaction
2026-03-16 16:56:10 [http-nio-8080-exec-6] DEBUG o.s.orm.jpa.JpaTransactionManager - Participating in existing transaction
2026-03-16 16:56:10 [http-nio-8080-exec-3] DEBUG o.s.orm.jpa.JpaTransactionManager - Participating in existing transaction
2026-03-16 16:56:10 [http-nio-8080-exec-3] DEBUG org.hibernate.SQL - select ua1_0.scrty_dtrmn_trget_id,ua1_0.author_code,ua1_0.frst_register_id,ua1_0.frst_regist_pnttm,ua1_0.last_updusr_id,ua1_0.last_updt_pnttm,ua1_0.mber_ty_code from nemplyrscrtyestbs ua1_0 where ua1_0.scrty_dtrmn_trget_id=?
2026-03-16 16:56:10 [http-nio-8080-exec-5] DEBUG o.s.orm.jpa.JpaTransactionManager - Found thread-bound EntityManager [SessionImpl(541161606<open>)] for JPA transaction
2026-03-16 16:56:10 [http-nio-8080-exec-5] DEBUG o.s.orm.jpa.JpaTransactionManager - Participating in existing transaction
2026-03-16 16:56:10 [http-nio-8080-exec-5] DEBUG org.hibernate.SQL - select ua1_0.scrty_dtrmn_trget_id,ua1_0.author_code,ua1_0.frst_register_id,ua1_0.frst_regist_pnttm,ua1_0.last_updusr_id,ua1_0.last_updt_pnttm,ua1_0.mber_ty_code from nemplyrscrtyestbs ua1_0 where ua1_0.scrty_dtrmn_trget_id=?
2026-03-16 16:56:10 [http-nio-8080-exec-6] DEBUG org.hibernate.SQL - select ua1_0.scrty_dtrmn_trget_id,ua1_0.author_code,ua1_0.frst_register_id,ua1_0.frst_regist_pnttm,ua1_0.last_updusr_id,ua1_0.last_updt_pnttm,ua1_0.mber_ty_code from nemplyrscrtyestbs ua1_0 where ua1_0.scrty_dtrmn_trget_id=?
2026-03-16 16:56:10 [http-nio-8080-exec-2] DEBUG o.s.orm.jpa.JpaTransactionManager - Initiating transaction commit
2026-03-16 16:56:10 [http-nio-8080-exec-2] DEBUG o.s.orm.jpa.JpaTransactionManager - Committing JPA transaction on EntityManager [SessionImpl(1629937706<open>)]
2026-03-16 16:56:10 [http-nio-8080-exec-7] DEBUG o.s.orm.jpa.JpaTransactionManager - Initiating transaction commit
2026-03-16 16:56:10 [http-nio-8080-exec-7] DEBUG o.s.orm.jpa.JpaTransactionManager - Committing JPA transaction on EntityManager [SessionImpl(91817910<open>)]
2026-03-16 16:56:10 [http-nio-8080-exec-6] DEBUG o.s.orm.jpa.JpaTransactionManager - Initiating transaction commit
2026-03-16 16:56:10 [http-nio-8080-exec-6] DEBUG o.s.orm.jpa.JpaTransactionManager - Committing JPA transaction on EntityManager [SessionImpl(1230923184<open>)]
2026-03-16 16:56:10 [http-nio-8080-exec-3] DEBUG o.s.orm.jpa.JpaTransactionManager - Initiating transaction commit
2026-03-16 16:56:10 [http-nio-8080-exec-3] DEBUG o.s.orm.jpa.JpaTransactionManager - Committing JPA transaction on EntityManager [SessionImpl(1780650951<open>)]
2026-03-16 16:56:10 [http-nio-8080-exec-5] DEBUG o.s.orm.jpa.JpaTransactionManager - Initiating transaction commit
2026-03-16 16:56:10 [http-nio-8080-exec-5] DEBUG o.s.orm.jpa.JpaTransactionManager - Committing JPA transaction on EntityManager [SessionImpl(541161606<open>)]
2026-03-16 16:56:10 [http-nio-8080-exec-2] DEBUG o.s.orm.jpa.JpaTransactionManager - Closing JPA EntityManager [SessionImpl(1629937706<open>)] after transaction
2026-03-16 16:56:10 [http-nio-8080-exec-2] DEBUG c.c.p.s.jwt.JwtAuthenticationFilter - >>> [JwtFilter] Successfully authenticated user: USRCNFRM_99999999999, Authorities: [ROLE_ADMIN]
2026-03-16 16:56:10 [http-nio-8080-exec-2] DEBUG o.s.web.servlet.DispatcherServlet - GET "/api/v1/menu/left?menuNo=60", parameters={masked}
2026-03-16 16:56:10 [http-nio-8080-exec-2] TRACE o.s.w.s.m.m.a.RequestMappingHandlerMapping - Mapped to com.company.project.api.controller.menu.MenuController#getLeftMenu(Long)
2026-03-16 16:56:10 [http-nio-8080-exec-2] INFO  c.c.p.a.c.menu.MenuController - getLeftMenu called with menuNo=60
2026-03-16 16:56:10 [http-nio-8080-exec-2] DEBUG o.s.orm.jpa.JpaTransactionManager - Creating new transaction with name [com.company.project.service.menu.MenuService.getSubMenus]: PROPAGATION_REQUIRED,ISOLATION_DEFAULT,readOnly
2026-03-16 16:56:10 [http-nio-8080-exec-2] DEBUG o.s.orm.jpa.JpaTransactionManager - Opened new EntityManager [SessionImpl(1538395017<open>)] for JPA transaction
2026-03-16 16:56:10 [http-nio-8080-exec-2] DEBUG o.s.orm.jpa.JpaTransactionManager - Exposing JPA transaction as JDBC [org.springframework.orm.jpa.vendor.HibernateJpaDialect$HibernateConnectionHandle@6903f46f]
2026-03-16 16:56:11 [http-nio-8080-exec-2] DEBUG org.hibernate.SQL - select m1_0.menu_no,m1_0.menu_dc,m1_0.menu_nm,m1_0.menu_ordr,m1_0.modern_route,m1_0.progrm_file_nm,m1_0.relate_image_nm,m1_0.relate_image_path,m1_0.route_updated_at,m1_0.upper_menu_no from nmenuinfo m1_0 order by m1_0.upper_menu_no,m1_0.menu_ordr
2026-03-16 16:56:11 [http-nio-8080-exec-7] DEBUG o.s.orm.jpa.JpaTransactionManager - Closing JPA EntityManager [SessionImpl(91817910<open>)] after transaction
2026-03-16 16:56:11 [http-nio-8080-exec-7] DEBUG c.c.p.s.jwt.JwtAuthenticationFilter - >>> [JwtFilter] Successfully authenticated user: USRCNFRM_99999999999, Authorities: [ROLE_ADMIN]
2026-03-16 16:56:11 [http-nio-8080-exec-7] DEBUG o.s.web.servlet.DispatcherServlet - GET "/api/v1/menu/left?menuNo=40", parameters={masked}
2026-03-16 16:56:11 [http-nio-8080-exec-7] TRACE o.s.w.s.m.m.a.RequestMappingHandlerMapping - Mapped to com.company.project.api.controller.menu.MenuController#getLeftMenu(Long)
2026-03-16 16:56:11 [http-nio-8080-exec-7] INFO  c.c.p.a.c.menu.MenuController - getLeftMenu called with menuNo=40
2026-03-16 16:56:11 [http-nio-8080-exec-7] DEBUG o.s.orm.jpa.JpaTransactionManager - Creating new transaction with name [com.company.project.service.menu.MenuService.getSubMenus]: PROPAGATION_REQUIRED,ISOLATION_DEFAULT,readOnly
2026-03-16 16:56:11 [http-nio-8080-exec-7] DEBUG o.s.orm.jpa.JpaTransactionManager - Opened new EntityManager [SessionImpl(47559204<open>)] for JPA transaction
2026-03-16 16:56:11 [http-nio-8080-exec-7] DEBUG o.s.orm.jpa.JpaTransactionManager - Exposing JPA transaction as JDBC [org.springframework.orm.jpa.vendor.HibernateJpaDialect$HibernateConnectionHandle@5a871841]
2026-03-16 16:56:11 [http-nio-8080-exec-7] DEBUG org.hibernate.SQL - select m1_0.menu_no,m1_0.menu_dc,m1_0.menu_nm,m1_0.menu_ordr,m1_0.modern_route,m1_0.progrm_file_nm,m1_0.relate_image_nm,m1_0.relate_image_path,m1_0.route_updated_at,m1_0.upper_menu_no from nmenuinfo m1_0 order by m1_0.upper_menu_no,m1_0.menu_ordr
2026-03-16 16:56:11 [http-nio-8080-exec-6] DEBUG o.s.orm.jpa.JpaTransactionManager - Closing JPA EntityManager [SessionImpl(1230923184<open>)] after transaction
2026-03-16 16:56:11 [http-nio-8080-exec-3] DEBUG o.s.orm.jpa.JpaTransactionManager - Closing JPA EntityManager [SessionImpl(1780650951<open>)] after transaction
2026-03-16 16:56:11 [http-nio-8080-exec-6] DEBUG c.c.p.s.jwt.JwtAuthenticationFilter - >>> [JwtFilter] Successfully authenticated user: USRCNFRM_99999999999, Authorities: [ROLE_ADMIN]
2026-03-16 16:56:11 [http-nio-8080-exec-3] DEBUG c.c.p.s.jwt.JwtAuthenticationFilter - >>> [JwtFilter] Successfully authenticated user: USRCNFRM_99999999999, Authorities: [ROLE_ADMIN]
2026-03-16 16:56:11 [http-nio-8080-exec-6] DEBUG o.s.web.servlet.DispatcherServlet - GET "/api/v1/menu/left?menuNo=20", parameters={masked}
2026-03-16 16:56:11 [http-nio-8080-exec-3] DEBUG o.s.web.servlet.DispatcherServlet - GET "/api/v1/menu/left?menuNo=50", parameters={masked}
2026-03-16 16:56:11 [http-nio-8080-exec-6] TRACE o.s.w.s.m.m.a.RequestMappingHandlerMapping - Mapped to com.company.project.api.controller.menu.MenuController#getLeftMenu(Long)
2026-03-16 16:56:11 [http-nio-8080-exec-3] TRACE o.s.w.s.m.m.a.RequestMappingHandlerMapping - Mapped to com.company.project.api.controller.menu.MenuController#getLeftMenu(Long)
2026-03-16 16:56:11 [http-nio-8080-exec-6] INFO  c.c.p.a.c.menu.MenuController - getLeftMenu called with menuNo=20
2026-03-16 16:56:11 [http-nio-8080-exec-6] DEBUG o.s.orm.jpa.JpaTransactionManager - Creating new transaction with name [com.company.project.service.menu.MenuService.getSubMenus]: PROPAGATION_REQUIRED,ISOLATION_DEFAULT,readOnly
2026-03-16 16:56:11 [http-nio-8080-exec-6] DEBUG o.s.orm.jpa.JpaTransactionManager - Opened new EntityManager [SessionImpl(2076210141<open>)] for JPA transaction
2026-03-16 16:56:11 [http-nio-8080-exec-3] INFO  c.c.p.a.c.menu.MenuController - getLeftMenu called with menuNo=50
2026-03-16 16:56:11 [http-nio-8080-exec-6] DEBUG o.s.orm.jpa.JpaTransactionManager - Exposing JPA transaction as JDBC [org.springframework.orm.jpa.vendor.HibernateJpaDialect$HibernateConnectionHandle@559a98ed]
2026-03-16 16:56:11 [http-nio-8080-exec-3] DEBUG o.s.orm.jpa.JpaTransactionManager - Creating new transaction with name [com.company.project.service.menu.MenuService.getSubMenus]: PROPAGATION_REQUIRED,ISOLATION_DEFAULT,readOnly
2026-03-16 16:56:11 [http-nio-8080-exec-3] DEBUG o.s.orm.jpa.JpaTransactionManager - Opened new EntityManager [SessionImpl(480678525<open>)] for JPA transaction
2026-03-16 16:56:11 [http-nio-8080-exec-3] DEBUG o.s.orm.jpa.JpaTransactionManager - Exposing JPA transaction as JDBC [org.springframework.orm.jpa.vendor.HibernateJpaDialect$HibernateConnectionHandle@7c0f4275]
2026-03-16 16:56:11 [http-nio-8080-exec-5] DEBUG o.s.orm.jpa.JpaTransactionManager - Closing JPA EntityManager [SessionImpl(541161606<open>)] after transaction
2026-03-16 16:56:11 [http-nio-8080-exec-5] DEBUG c.c.p.s.jwt.JwtAuthenticationFilter - >>> [JwtFilter] Successfully authenticated user: USRCNFRM_99999999999, Authorities: [ROLE_ADMIN]
2026-03-16 16:56:11 [http-nio-8080-exec-5] DEBUG o.s.web.servlet.DispatcherServlet - GET "/api/v1/menu/left?menuNo=10", parameters={masked}
2026-03-16 16:56:11 [http-nio-8080-exec-5] TRACE o.s.w.s.m.m.a.RequestMappingHandlerMapping - Mapped to com.company.project.api.controller.menu.MenuController#getLeftMenu(Long)
2026-03-16 16:56:11 [http-nio-8080-exec-6] DEBUG org.hibernate.SQL - select m1_0.menu_no,m1_0.menu_dc,m1_0.menu_nm,m1_0.menu_ordr,m1_0.modern_route,m1_0.progrm_file_nm,m1_0.relate_image_nm,m1_0.relate_image_path,m1_0.route_updated_at,m1_0.upper_menu_no from nmenuinfo m1_0 order by m1_0.upper_menu_no,m1_0.menu_ordr
2026-03-16 16:56:11 [http-nio-8080-exec-3] DEBUG org.hibernate.SQL - select m1_0.menu_no,m1_0.menu_dc,m1_0.menu_nm,m1_0.menu_ordr,m1_0.modern_route,m1_0.progrm_file_nm,m1_0.relate_image_nm,m1_0.relate_image_path,m1_0.route_updated_at,m1_0.upper_menu_no from nmenuinfo m1_0 order by m1_0.upper_menu_no,m1_0.menu_ordr
2026-03-16 16:56:11 [http-nio-8080-exec-5] INFO  c.c.p.a.c.menu.MenuController - getLeftMenu called with menuNo=10
2026-03-16 16:56:11 [http-nio-8080-exec-5] DEBUG o.s.orm.jpa.JpaTransactionManager - Creating new transaction with name [com.company.project.service.menu.MenuService.getSubMenus]: PROPAGATION_REQUIRED,ISOLATION_DEFAULT,readOnly
2026-03-16 16:56:11 [http-nio-8080-exec-5] DEBUG o.s.orm.jpa.JpaTransactionManager - Opened new EntityManager [SessionImpl(1151902639<open>)] for JPA transaction
2026-03-16 16:56:11 [http-nio-8080-exec-5] DEBUG o.s.orm.jpa.JpaTransactionManager - Exposing JPA transaction as JDBC [org.springframework.orm.jpa.vendor.HibernateJpaDialect$HibernateConnectionHandle@3ef92c7f]
2026-03-16 16:56:11 [http-nio-8080-exec-5] DEBUG org.hibernate.SQL - select m1_0.menu_no,m1_0.menu_dc,m1_0.menu_nm,m1_0.menu_ordr,m1_0.modern_route,m1_0.progrm_file_nm,m1_0.relate_image_nm,m1_0.relate_image_path,m1_0.route_updated_at,m1_0.upper_menu_no from nmenuinfo m1_0 order by m1_0.upper_menu_no,m1_0.menu_ordr
2026-03-16 16:56:11 [http-nio-8080-exec-2] DEBUG o.s.orm.jpa.JpaTransactionManager - Found thread-bound EntityManager [SessionImpl(1538395017<open>)] for JPA transaction
2026-03-16 16:56:11 [http-nio-8080-exec-2] DEBUG o.s.orm.jpa.JpaTransactionManager - Participating in existing transaction
2026-03-16 16:56:11 [http-nio-8080-exec-2] DEBUG org.hibernate.SQL - select p1_0.progrm_file_nm,p1_0.progrm_dc,p1_0.progrm_korean_nm,p1_0.progrm_stre_path,p1_0.url from nprogrmlist p1_0
2026-03-16 16:56:11 [http-nio-8080-exec-7] DEBUG o.s.orm.jpa.JpaTransactionManager - Found thread-bound EntityManager [SessionImpl(47559204<open>)] for JPA transaction
2026-03-16 16:56:11 [http-nio-8080-exec-7] DEBUG o.s.orm.jpa.JpaTransactionManager - Participating in existing transaction
2026-03-16 16:56:11 [http-nio-8080-exec-7] DEBUG org.hibernate.SQL - select p1_0.progrm_file_nm,p1_0.progrm_dc,p1_0.progrm_korean_nm,p1_0.progrm_stre_path,p1_0.url from nprogrmlist p1_0
2026-03-16 16:56:11 [http-nio-8080-exec-6] DEBUG o.s.orm.jpa.JpaTransactionManager - Found thread-bound EntityManager [SessionImpl(2076210141<open>)] for JPA transaction
2026-03-16 16:56:11 [http-nio-8080-exec-6] DEBUG o.s.orm.jpa.JpaTransactionManager - Participating in existing transaction
2026-03-16 16:56:11 [http-nio-8080-exec-6] DEBUG org.hibernate.SQL - select p1_0.progrm_file_nm,p1_0.progrm_dc,p1_0.progrm_korean_nm,p1_0.progrm_stre_path,p1_0.url from nprogrmlist p1_0
2026-03-16 16:56:11 [http-nio-8080-exec-3] DEBUG o.s.orm.jpa.JpaTransactionManager - Found thread-bound EntityManager [SessionImpl(480678525<open>)] for JPA transaction
2026-03-16 16:56:11 [http-nio-8080-exec-5] DEBUG o.s.orm.jpa.JpaTransactionManager - Found thread-bound EntityManager [SessionImpl(1151902639<open>)] for JPA transaction
2026-03-16 16:56:11 [http-nio-8080-exec-3] DEBUG o.s.orm.jpa.JpaTransactionManager - Participating in existing transaction
2026-03-16 16:56:11 [http-nio-8080-exec-5] DEBUG o.s.orm.jpa.JpaTransactionManager - Participating in existing transaction
2026-03-16 16:56:11 [http-nio-8080-exec-5] DEBUG org.hibernate.SQL - select p1_0.progrm_file_nm,p1_0.progrm_dc,p1_0.progrm_korean_nm,p1_0.progrm_stre_path,p1_0.url from nprogrmlist p1_0
2026-03-16 16:56:11 [http-nio-8080-exec-3] DEBUG org.hibernate.SQL - select p1_0.progrm_file_nm,p1_0.progrm_dc,p1_0.progrm_korean_nm,p1_0.progrm_stre_path,p1_0.url from nprogrmlist p1_0
2026-03-16 16:56:11 [http-nio-8080-exec-2] DEBUG o.s.orm.jpa.JpaTransactionManager - Initiating transaction commit
2026-03-16 16:56:11 [http-nio-8080-exec-2] DEBUG o.s.orm.jpa.JpaTransactionManager - Committing JPA transaction on EntityManager [SessionImpl(1538395017<open>)]
2026-03-16 16:56:11 [http-nio-8080-exec-3] DEBUG o.s.orm.jpa.JpaTransactionManager - Initiating transaction commit
2026-03-16 16:56:11 [http-nio-8080-exec-6] DEBUG o.s.orm.jpa.JpaTransactionManager - Initiating transaction commit
2026-03-16 16:56:11 [http-nio-8080-exec-3] DEBUG o.s.orm.jpa.JpaTransactionManager - Committing JPA transaction on EntityManager [SessionImpl(480678525<open>)]
2026-03-16 16:56:11 [http-nio-8080-exec-6] DEBUG o.s.orm.jpa.JpaTransactionManager - Committing JPA transaction on EntityManager [SessionImpl(2076210141<open>)]
2026-03-16 16:56:11 [http-nio-8080-exec-2] DEBUG o.s.orm.jpa.JpaTransactionManager - Closing JPA EntityManager [SessionImpl(1538395017<open>)] after transaction
2026-03-16 16:56:11 [http-nio-8080-exec-2] INFO  c.c.p.a.c.menu.MenuController - getLeftMenu returned 1 items
2026-03-16 16:56:11 [http-nio-8080-exec-2] DEBUG o.s.w.s.m.m.a.HttpEntityMethodProcessor - Using 'application/json', given [application/json, text/plain, */*] and supported [application/json, application/*+json, application/yaml]
2026-03-16 16:56:11 [http-nio-8080-exec-2] TRACE o.s.w.s.m.m.a.HttpEntityMethodProcessor - Writing [ApiResponse[success=true, status=200, code=COMMON_001, message=Success, data={list=[com.company.project.service.menu.dto.MenuDto@24c1326e]}, timestamp=2026-03-16T16:56:11.645572200]]
2026-03-16 16:56:11 [http-nio-8080-exec-2] INFO  c.c.p.a.i.OperationalAuditInterceptor - API Audit Log: URL=/api/v1/menu/left, User=webmaster, IP=0:0:0:0:0:0:0:1
2026-03-16 16:56:11 [http-nio-8080-exec-2] DEBUG o.s.web.servlet.DispatcherServlet - Completed 200 OK
2026-03-16 16:56:11 [http-nio-8080-exec-6] DEBUG o.s.orm.jpa.JpaTransactionManager - Closing JPA EntityManager [SessionImpl(2076210141<open>)] after transaction
2026-03-16 16:56:11 [http-nio-8080-exec-3] DEBUG o.s.orm.jpa.JpaTransactionManager - Closing JPA EntityManager [SessionImpl(480678525<open>)] after transaction
2026-03-16 16:56:11 [http-nio-8080-exec-3] INFO  c.c.p.a.c.menu.MenuController - getLeftMenu returned 3 items
2026-03-16 16:56:11 [http-nio-8080-exec-6] INFO  c.c.p.a.c.menu.MenuController - getLeftMenu returned 3 items
2026-03-16 16:56:11 [http-nio-8080-exec-3] DEBUG o.s.w.s.m.m.a.HttpEntityMethodProcessor - Using 'application/json', given [application/json, text/plain, */*] and supported [application/json, application/*+json, application/yaml]
2026-03-16 16:56:11 [http-nio-8080-exec-6] DEBUG o.s.w.s.m.m.a.HttpEntityMethodProcessor - Using 'application/json', given [application/json, text/plain, */*] and supported [application/json, application/*+json, application/yaml]
2026-03-16 16:56:11 [http-nio-8080-exec-3] TRACE o.s.w.s.m.m.a.HttpEntityMethodProcessor - Writing [ApiResponse[success=true, status=200, code=COMMON_001, message=Success, data={list=[com.company.project.service.menu.dto.MenuDto@2d24e676, com.company.project.service.menu.dto.MenuDto@26c7374, com.company.project.service.menu.dto.MenuDto@107b143f]}, timestamp=2026-03-16T16:56:11.691589800]]
2026-03-16 16:56:11 [http-nio-8080-exec-6] TRACE o.s.w.s.m.m.a.HttpEntityMethodProcessor - Writing [ApiResponse[success=true, status=200, code=COMMON_001, message=Success, data={list=[com.company.project.service.menu.dto.MenuDto@201cc804, com.company.project.service.menu.dto.MenuDto@5ae82c56, com.company.project.service.menu.dto.MenuDto@19eba9e1]}, timestamp=2026-03-16T16:56:11.691589800]]
2026-03-16 16:56:11 [http-nio-8080-exec-3] INFO  c.c.p.a.i.OperationalAuditInterceptor - API Audit Log: URL=/api/v1/menu/left, User=webmaster, IP=0:0:0:0:0:0:0:1
2026-03-16 16:56:11 [http-nio-8080-exec-3] DEBUG o.s.web.servlet.DispatcherServlet - Completed 200 OK
2026-03-16 16:56:11 [http-nio-8080-exec-6] INFO  c.c.p.a.i.OperationalAuditInterceptor - API Audit Log: URL=/api/v1/menu/left, User=webmaster, IP=0:0:0:0:0:0:0:1
2026-03-16 16:56:11 [http-nio-8080-exec-6] DEBUG o.s.web.servlet.DispatcherServlet - Completed 200 OK
2026-03-16 16:56:11 [http-nio-8080-exec-5] DEBUG o.s.orm.jpa.JpaTransactionManager - Initiating transaction commit
2026-03-16 16:56:11 [http-nio-8080-exec-5] DEBUG o.s.orm.jpa.JpaTransactionManager - Committing JPA transaction on EntityManager [SessionImpl(1151902639<open>)]
2026-03-16 16:56:12 [http-nio-8080-exec-7] DEBUG o.s.orm.jpa.JpaTransactionManager - Initiating transaction commit
2026-03-16 16:56:12 [http-nio-8080-exec-7] DEBUG o.s.orm.jpa.JpaTransactionManager - Committing JPA transaction on EntityManager [SessionImpl(47559204<open>)]
2026-03-16 16:56:12 [http-nio-8080-exec-5] DEBUG o.s.orm.jpa.JpaTransactionManager - Closing JPA EntityManager [SessionImpl(1151902639<open>)] after transaction
2026-03-16 16:56:12 [http-nio-8080-exec-5] INFO  c.c.p.a.c.menu.MenuController - getLeftMenu returned 5 items
2026-03-16 16:56:12 [http-nio-8080-exec-5] DEBUG o.s.w.s.m.m.a.HttpEntityMethodProcessor - Using 'application/json', given [application/json, text/plain, */*] and supported [application/json, application/*+json, application/yaml]
2026-03-16 16:56:12 [http-nio-8080-exec-5] TRACE o.s.w.s.m.m.a.HttpEntityMethodProcessor - Writing [ApiResponse[success=true, status=200, code=COMMON_001, message=Success, data={list=[com.company.project.service.menu.dto.MenuDto@510a5718, com.company.project.service.menu.dto.MenuDto@1f15af29, com.company.project.service.menu.dto.MenuDto@63861ec6, com.company.project.service.menu.dto.MenuDto@e6aa72f, com.company.project.service.menu.dto.MenuDto@d5b836d]}, timestamp=2026-03-16T16:56:12.468722800]]
2026-03-16 16:56:12 [http-nio-8080-exec-5] INFO  c.c.p.a.i.OperationalAuditInterceptor - API Audit Log: URL=/api/v1/menu/left, User=webmaster, IP=0:0:0:0:0:0:0:1
2026-03-16 16:56:12 [http-nio-8080-exec-5] DEBUG o.s.web.servlet.DispatcherServlet - Completed 200 OK
2026-03-16 16:56:12 [http-nio-8080-exec-7] DEBUG o.s.orm.jpa.JpaTransactionManager - Closing JPA EntityManager [SessionImpl(47559204<open>)] after transaction
2026-03-16 16:56:12 [http-nio-8080-exec-7] INFO  c.c.p.a.c.menu.MenuController - getLeftMenu returned 2 items
2026-03-16 16:56:12 [http-nio-8080-exec-7] DEBUG o.s.w.s.m.m.a.HttpEntityMethodProcessor - Using 'application/json', given [application/json, text/plain, */*] and supported [application/json, application/*+json, application/yaml]
2026-03-16 16:56:12 [http-nio-8080-exec-7] TRACE o.s.w.s.m.m.a.HttpEntityMethodProcessor - Writing [ApiResponse[success=true, status=200, code=COMMON_001, message=Success, data={list=[com.company.project.service.menu.dto.MenuDto@2804d39a, com.company.project.service.menu.dto.MenuDto@34dbdac9]}, timestamp=2026-03-16T16:56:12.517004300]]
2026-03-16 16:56:12 [http-nio-8080-exec-7] INFO  c.c.p.a.i.OperationalAuditInterceptor - API Audit Log: URL=/api/v1/menu/left, User=webmaster, IP=0:0:0:0:0:0:0:1
2026-03-16 16:56:12 [http-nio-8080-exec-7] DEBUG o.s.web.servlet.DispatcherServlet - Completed 200 OK
2026-03-16 16:56:12 [http-nio-8080-exec-10] DEBUG o.s.w.s.h.LoggingWebSocketHandlerDecorator - WebSocketServerSockJsSession[id=amtac5jc] closed with CloseStatus[code=1000, reason=null]
2026-03-16 16:56:12 [http-nio-8080-exec-10] DEBUG o.s.w.s.m.SubProtocolWebSocketHandler - Clearing session amtac5jc
2026-03-16 16:56:12 [scheduling-1] DEBUG org.springframework.web.SimpLogging - Processing DISCONNECT session=amtac5jc
2026-03-16 16:56:12 [scheduling-1] DEBUG o.s.w.s.m.SubProtocolWebSocketHandler - No session for GenericMessage [payload=byte[0], headers={simpMessageType=DISCONNECT_ACK, simpDisconnectMessage=GenericMessage [payload=byte[0], headers={simpMessageType=DISCONNECT, stompCommand=DISCONNECT, simpSessionAttributes={org.springframework.messaging.simp.SimpAttributes.COMPLETED=true}, simpSessionId=amtac5jc}], simpSessionId=amtac5jc}]
2026-03-16 16:56:13 [http-nio-8080-exec-9] DEBUG c.c.p.s.jwt.JwtAuthenticationFilter - >>> [JwtFilter] Processing request: GET /api/v1/menu/head
2026-03-16 16:56:13 [http-nio-8080-exec-9] DEBUG c.c.p.s.jwt.JwtAuthenticationFilter - >>> [JwtFilter] Found token in header for path: /api/v1/menu/head
2026-03-16 16:56:13 [http-nio-8080-exec-9] DEBUG o.s.orm.jpa.JpaTransactionManager - Creating new transaction with name [com.company.project.security.iam.CustomUserDetailsService.loadUserByUsername]: PROPAGATION_REQUIRED,ISOLATION_DEFAULT,readOnly
2026-03-16 16:56:13 [http-nio-8080-exec-9] DEBUG o.s.orm.jpa.JpaTransactionManager - Opened new EntityManager [SessionImpl(869937254<open>)] for JPA transaction
2026-03-16 16:56:13 [http-nio-8080-exec-9] DEBUG o.s.orm.jpa.JpaTransactionManager - Exposing JPA transaction as JDBC [org.springframework.orm.jpa.vendor.HibernateJpaDialect$HibernateConnectionHandle@41263a50]
2026-03-16 16:56:13 [http-nio-8080-exec-9] DEBUG o.s.orm.jpa.JpaTransactionManager - Found thread-bound EntityManager [SessionImpl(869937254<open>)] for JPA transaction
2026-03-16 16:56:13 [http-nio-8080-exec-9] DEBUG o.s.orm.jpa.JpaTransactionManager - Participating in existing transaction
2026-03-16 16:56:13 [http-nio-8080-exec-9] DEBUG org.hibernate.SQL - select u1_0.emplyr_id,u1_0.area_no,u1_0.brthdy,u1_0.chg_pwd_cnt,u1_0.frst_register_id,u1_0.frst_regist_pnttm,u1_0.detail_adres,u1_0.email_adres,u1_0.emplyr_sttus_code,u1_0.empl_no,u1_0.esntl_id,u1_0.fxnum,u1_0.group_id,u1_0.house_adres,u1_0.house_end_telno,u1_0.house_middle_telno,u1_0.ihidnum,u1_0.pstinst_code,u1_0.last_updusr_id,u1_0.last_updt_pnttm,u1_0.lock_at,u1_0.lock_cnt,u1_0.lock_last_pnttm,u1_0.mbtlnum,u1_0.ofcps_nm,u1_0.offm_telno,u1_0.orgnzt_id,u1_0.password,u1_0.password_cnsr,u1_0.password_hint,u1_0.chg_pwd_last_pnttm,u1_0.role,u1_0.sbscrb_de,u1_0.sexdstn_code,u1_0.crtfc_dn_value,u1_0.user_nm,u1_0.zip from nemplyrinfo u1_0 where u1_0.emplyr_id=?
2026-03-16 16:56:13 [http-nio-8080-exec-9] DEBUG o.s.orm.jpa.JpaTransactionManager - Found thread-bound EntityManager [SessionImpl(869937254<open>)] for JPA transaction
2026-03-16 16:56:13 [http-nio-8080-exec-9] DEBUG o.s.orm.jpa.JpaTransactionManager - Participating in existing transaction
2026-03-16 16:56:13 [http-nio-8080-exec-9] DEBUG org.hibernate.SQL - select ua1_0.scrty_dtrmn_trget_id,ua1_0.author_code,ua1_0.frst_register_id,ua1_0.frst_regist_pnttm,ua1_0.last_updusr_id,ua1_0.last_updt_pnttm,ua1_0.mber_ty_code from nemplyrscrtyestbs ua1_0 where ua1_0.scrty_dtrmn_trget_id=?
2026-03-16 16:56:14 [http-nio-8080-exec-9] DEBUG o.s.orm.jpa.JpaTransactionManager - Initiating transaction commit
2026-03-16 16:56:14 [http-nio-8080-exec-9] DEBUG o.s.orm.jpa.JpaTransactionManager - Committing JPA transaction on EntityManager [SessionImpl(869937254<open>)]
2026-03-16 16:56:14 [http-nio-8080-exec-9] DEBUG o.s.orm.jpa.JpaTransactionManager - Closing JPA EntityManager [SessionImpl(869937254<open>)] after transaction
2026-03-16 16:56:14 [http-nio-8080-exec-9] DEBUG c.c.p.s.jwt.JwtAuthenticationFilter - >>> [JwtFilter] Successfully authenticated user: USRCNFRM_00000000002, Authorities: [ROLE_USER]
2026-03-16 16:56:14 [http-nio-8080-exec-9] DEBUG o.s.web.servlet.DispatcherServlet - GET "/api/v1/menu/head", parameters={}
2026-03-16 16:56:14 [http-nio-8080-exec-9] TRACE o.s.w.s.m.m.a.RequestMappingHandlerMapping - Mapped to com.company.project.api.controller.menu.MenuController#getHeadMenu()
2026-03-16 16:56:14 [http-nio-8080-exec-9] INFO  c.c.p.a.c.menu.MenuController - getHeadMenu called
2026-03-16 16:56:14 [http-nio-8080-exec-9] INFO  c.c.p.a.c.menu.MenuController - getHeadMenu returned 5 items
2026-03-16 16:56:14 [http-nio-8080-exec-9] DEBUG o.s.w.s.m.m.a.HttpEntityMethodProcessor - Using 'application/json', given [application/json, text/plain, */*] and supported [application/json, application/*+json, application/yaml]
2026-03-16 16:56:14 [http-nio-8080-exec-9] TRACE o.s.w.s.m.m.a.HttpEntityMethodProcessor - Writing [ApiResponse[success=true, status=200, code=COMMON_001, message=Success, data={list=[com.company.project.service.menu.dto.MenuDto@4839fef0, com.company.project.service.menu.dto.MenuDto@1c69c1c2, com.company.project.service.menu.dto.MenuDto@6f5d2c3d, com.company.project.service.menu.dto.MenuDto@6314b47d, com.company.project.service.menu.dto.MenuDto@645d0891]}, timestamp=2026-03-16T16:56:14.154911900]]
2026-03-16 16:56:14 [http-nio-8080-exec-9] INFO  c.c.p.a.i.OperationalAuditInterceptor - API Audit Log: URL=/api/v1/menu/head, User=user_regular, IP=0:0:0:0:0:0:0:1
2026-03-16 16:56:14 [http-nio-8080-exec-9] DEBUG o.s.web.servlet.DispatcherServlet - Completed 200 OK
2026-03-16 16:56:14 [http-nio-8080-exec-4] DEBUG c.c.p.s.jwt.JwtAuthenticationFilter - >>> [JwtFilter] Processing request: GET /api/v1/menu/left
2026-03-16 16:56:14 [http-nio-8080-exec-6] DEBUG c.c.p.s.jwt.JwtAuthenticationFilter - >>> [JwtFilter] Processing request: GET /api/v1/menu/left
2026-03-16 16:56:14 [http-nio-8080-exec-4] DEBUG c.c.p.s.jwt.JwtAuthenticationFilter - >>> [JwtFilter] Found token in header for path: /api/v1/menu/left
2026-03-16 16:56:14 [http-nio-8080-exec-2] DEBUG c.c.p.s.jwt.JwtAuthenticationFilter - >>> [JwtFilter] Processing request: GET /api/v1/menu/left
2026-03-16 16:56:14 [http-nio-8080-exec-3] DEBUG c.c.p.s.jwt.JwtAuthenticationFilter - >>> [JwtFilter] Processing request: GET /api/v1/menu/left
2026-03-16 16:56:14 [http-nio-8080-exec-3] DEBUG c.c.p.s.jwt.JwtAuthenticationFilter - >>> [JwtFilter] Found token in header for path: /api/v1/menu/left
2026-03-16 16:56:14 [http-nio-8080-exec-6] DEBUG c.c.p.s.jwt.JwtAuthenticationFilter - >>> [JwtFilter] Found token in header for path: /api/v1/menu/left
2026-03-16 16:56:14 [http-nio-8080-exec-8] DEBUG c.c.p.s.jwt.JwtAuthenticationFilter - >>> [JwtFilter] Processing request: GET /api/v1/menu/left
2026-03-16 16:56:14 [http-nio-8080-exec-3] DEBUG o.s.orm.jpa.JpaTransactionManager - Creating new transaction with name [com.company.project.security.iam.CustomUserDetailsService.loadUserByUsername]: PROPAGATION_REQUIRED,ISOLATION_DEFAULT,readOnly
2026-03-16 16:56:14 [http-nio-8080-exec-4] DEBUG o.s.orm.jpa.JpaTransactionManager - Creating new transaction with name [com.company.project.security.iam.CustomUserDetailsService.loadUserByUsername]: PROPAGATION_REQUIRED,ISOLATION_DEFAULT,readOnly
2026-03-16 16:56:14 [http-nio-8080-exec-2] DEBUG c.c.p.s.jwt.JwtAuthenticationFilter - >>> [JwtFilter] Found token in header for path: /api/v1/menu/left
2026-03-16 16:56:14 [http-nio-8080-exec-8] DEBUG c.c.p.s.jwt.JwtAuthenticationFilter - >>> [JwtFilter] Found token in header for path: /api/v1/menu/left
2026-03-16 16:56:14 [http-nio-8080-exec-3] DEBUG o.s.orm.jpa.JpaTransactionManager - Opened new EntityManager [SessionImpl(1429478691<open>)] for JPA transaction
2026-03-16 16:56:14 [http-nio-8080-exec-4] DEBUG o.s.orm.jpa.JpaTransactionManager - Opened new EntityManager [SessionImpl(959022926<open>)] for JPA transaction
2026-03-16 16:56:14 [http-nio-8080-exec-6] DEBUG o.s.orm.jpa.JpaTransactionManager - Creating new transaction with name [com.company.project.security.iam.CustomUserDetailsService.loadUserByUsername]: PROPAGATION_REQUIRED,ISOLATION_DEFAULT,readOnly
2026-03-16 16:56:14 [http-nio-8080-exec-6] DEBUG o.s.orm.jpa.JpaTransactionManager - Opened new EntityManager [SessionImpl(1487020768<open>)] for JPA transaction
2026-03-16 16:56:14 [http-nio-8080-exec-8] DEBUG o.s.orm.jpa.JpaTransactionManager - Creating new transaction with name [com.company.project.security.iam.CustomUserDetailsService.loadUserByUsername]: PROPAGATION_REQUIRED,ISOLATION_DEFAULT,readOnly
2026-03-16 16:56:14 [http-nio-8080-exec-8] DEBUG o.s.orm.jpa.JpaTransactionManager - Opened new EntityManager [SessionImpl(44093724<open>)] for JPA transaction
2026-03-16 16:56:14 [http-nio-8080-exec-2] DEBUG o.s.orm.jpa.JpaTransactionManager - Creating new transaction with name [com.company.project.security.iam.CustomUserDetailsService.loadUserByUsername]: PROPAGATION_REQUIRED,ISOLATION_DEFAULT,readOnly
2026-03-16 16:56:14 [http-nio-8080-exec-2] DEBUG o.s.orm.jpa.JpaTransactionManager - Opened new EntityManager [SessionImpl(204493570<open>)] for JPA transaction
2026-03-16 16:56:14 [http-nio-8080-exec-4] DEBUG o.s.orm.jpa.JpaTransactionManager - Exposing JPA transaction as JDBC [org.springframework.orm.jpa.vendor.HibernateJpaDialect$HibernateConnectionHandle@44a77581]
2026-03-16 16:56:14 [http-nio-8080-exec-2] DEBUG o.s.orm.jpa.JpaTransactionManager - Exposing JPA transaction as JDBC [org.springframework.orm.jpa.vendor.HibernateJpaDialect$HibernateConnectionHandle@34d7799]
2026-03-16 16:56:14 [http-nio-8080-exec-2] DEBUG o.s.orm.jpa.JpaTransactionManager - Found thread-bound EntityManager [SessionImpl(204493570<open>)] for JPA transaction
2026-03-16 16:56:14 [http-nio-8080-exec-4] DEBUG o.s.orm.jpa.JpaTransactionManager - Found thread-bound EntityManager [SessionImpl(959022926<open>)] for JPA transaction
2026-03-16 16:56:14 [http-nio-8080-exec-2] DEBUG o.s.orm.jpa.JpaTransactionManager - Participating in existing transaction
2026-03-16 16:56:14 [http-nio-8080-exec-2] DEBUG org.hibernate.SQL - select u1_0.emplyr_id,u1_0.area_no,u1_0.brthdy,u1_0.chg_pwd_cnt,u1_0.frst_register_id,u1_0.frst_regist_pnttm,u1_0.detail_adres,u1_0.email_adres,u1_0.emplyr_sttus_code,u1_0.empl_no,u1_0.esntl_id,u1_0.fxnum,u1_0.group_id,u1_0.house_adres,u1_0.house_end_telno,u1_0.house_middle_telno,u1_0.ihidnum,u1_0.pstinst_code,u1_0.last_updusr_id,u1_0.last_updt_pnttm,u1_0.lock_at,u1_0.lock_cnt,u1_0.lock_last_pnttm,u1_0.mbtlnum,u1_0.ofcps_nm,u1_0.offm_telno,u1_0.orgnzt_id,u1_0.password,u1_0.password_cnsr,u1_0.password_hint,u1_0.chg_pwd_last_pnttm,u1_0.role,u1_0.sbscrb_de,u1_0.sexdstn_code,u1_0.crtfc_dn_value,u1_0.user_nm,u1_0.zip from nemplyrinfo u1_0 where u1_0.emplyr_id=?
2026-03-16 16:56:14 [http-nio-8080-exec-4] DEBUG o.s.orm.jpa.JpaTransactionManager - Participating in existing transaction
2026-03-16 16:56:14 [http-nio-8080-exec-4] DEBUG org.hibernate.SQL - select u1_0.emplyr_id,u1_0.area_no,u1_0.brthdy,u1_0.chg_pwd_cnt,u1_0.frst_register_id,u1_0.frst_regist_pnttm,u1_0.detail_adres,u1_0.email_adres,u1_0.emplyr_sttus_code,u1_0.empl_no,u1_0.esntl_id,u1_0.fxnum,u1_0.group_id,u1_0.house_adres,u1_0.house_end_telno,u1_0.house_middle_telno,u1_0.ihidnum,u1_0.pstinst_code,u1_0.last_updusr_id,u1_0.last_updt_pnttm,u1_0.lock_at,u1_0.lock_cnt,u1_0.lock_last_pnttm,u1_0.mbtlnum,u1_0.ofcps_nm,u1_0.offm_telno,u1_0.orgnzt_id,u1_0.password,u1_0.password_cnsr,u1_0.password_hint,u1_0.chg_pwd_last_pnttm,u1_0.role,u1_0.sbscrb_de,u1_0.sexdstn_code,u1_0.crtfc_dn_value,u1_0.user_nm,u1_0.zip from nemplyrinfo u1_0 where u1_0.emplyr_id=?
2026-03-16 16:56:14 [http-nio-8080-exec-8] DEBUG o.s.orm.jpa.JpaTransactionManager - Exposing JPA transaction as JDBC [org.springframework.orm.jpa.vendor.HibernateJpaDialect$HibernateConnectionHandle@792b299c]
2026-03-16 16:56:14 [http-nio-8080-exec-6] DEBUG o.s.orm.jpa.JpaTransactionManager - Exposing JPA transaction as JDBC [org.springframework.orm.jpa.vendor.HibernateJpaDialect$HibernateConnectionHandle@1eb89d18]
2026-03-16 16:56:14 [http-nio-8080-exec-8] DEBUG o.s.orm.jpa.JpaTransactionManager - Found thread-bound EntityManager [SessionImpl(44093724<open>)] for JPA transaction
2026-03-16 16:56:14 [http-nio-8080-exec-8] DEBUG o.s.orm.jpa.JpaTransactionManager - Participating in existing transaction
2026-03-16 16:56:14 [http-nio-8080-exec-6] DEBUG o.s.orm.jpa.JpaTransactionManager - Found thread-bound EntityManager [SessionImpl(1487020768<open>)] for JPA transaction
2026-03-16 16:56:14 [http-nio-8080-exec-6] DEBUG o.s.orm.jpa.JpaTransactionManager - Participating in existing transaction
2026-03-16 16:56:14 [http-nio-8080-exec-8] DEBUG org.hibernate.SQL - select u1_0.emplyr_id,u1_0.area_no,u1_0.brthdy,u1_0.chg_pwd_cnt,u1_0.frst_register_id,u1_0.frst_regist_pnttm,u1_0.detail_adres,u1_0.email_adres,u1_0.emplyr_sttus_code,u1_0.empl_no,u1_0.esntl_id,u1_0.fxnum,u1_0.group_id,u1_0.house_adres,u1_0.house_end_telno,u1_0.house_middle_telno,u1_0.ihidnum,u1_0.pstinst_code,u1_0.last_updusr_id,u1_0.last_updt_pnttm,u1_0.lock_at,u1_0.lock_cnt,u1_0.lock_last_pnttm,u1_0.mbtlnum,u1_0.ofcps_nm,u1_0.offm_telno,u1_0.orgnzt_id,u1_0.password,u1_0.password_cnsr,u1_0.password_hint,u1_0.chg_pwd_last_pnttm,u1_0.role,u1_0.sbscrb_de,u1_0.sexdstn_code,u1_0.crtfc_dn_value,u1_0.user_nm,u1_0.zip from nemplyrinfo u1_0 where u1_0.emplyr_id=?
2026-03-16 16:56:14 [http-nio-8080-exec-6] DEBUG org.hibernate.SQL - select u1_0.emplyr_id,u1_0.area_no,u1_0.brthdy,u1_0.chg_pwd_cnt,u1_0.frst_register_id,u1_0.frst_regist_pnttm,u1_0.detail_adres,u1_0.email_adres,u1_0.emplyr_sttus_code,u1_0.empl_no,u1_0.esntl_id,u1_0.fxnum,u1_0.group_id,u1_0.house_adres,u1_0.house_end_telno,u1_0.house_middle_telno,u1_0.ihidnum,u1_0.pstinst_code,u1_0.last_updusr_id,u1_0.last_updt_pnttm,u1_0.lock_at,u1_0.lock_cnt,u1_0.lock_last_pnttm,u1_0.mbtlnum,u1_0.ofcps_nm,u1_0.offm_telno,u1_0.orgnzt_id,u1_0.password,u1_0.password_cnsr,u1_0.password_hint,u1_0.chg_pwd_last_pnttm,u1_0.role,u1_0.sbscrb_de,u1_0.sexdstn_code,u1_0.crtfc_dn_value,u1_0.user_nm,u1_0.zip from nemplyrinfo u1_0 where u1_0.emplyr_id=?
2026-03-16 16:56:14 [http-nio-8080-exec-3] DEBUG o.s.orm.jpa.JpaTransactionManager - Exposing JPA transaction as JDBC [org.springframework.orm.jpa.vendor.HibernateJpaDialect$HibernateConnectionHandle@5f2946a5]
2026-03-16 16:56:14 [http-nio-8080-exec-3] DEBUG o.s.orm.jpa.JpaTransactionManager - Found thread-bound EntityManager [SessionImpl(1429478691<open>)] for JPA transaction
2026-03-16 16:56:14 [http-nio-8080-exec-3] DEBUG o.s.orm.jpa.JpaTransactionManager - Participating in existing transaction
2026-03-16 16:56:14 [http-nio-8080-exec-3] DEBUG org.hibernate.SQL - select u1_0.emplyr_id,u1_0.area_no,u1_0.brthdy,u1_0.chg_pwd_cnt,u1_0.frst_register_id,u1_0.frst_regist_pnttm,u1_0.detail_adres,u1_0.email_adres,u1_0.emplyr_sttus_code,u1_0.empl_no,u1_0.esntl_id,u1_0.fxnum,u1_0.group_id,u1_0.house_adres,u1_0.house_end_telno,u1_0.house_middle_telno,u1_0.ihidnum,u1_0.pstinst_code,u1_0.last_updusr_id,u1_0.last_updt_pnttm,u1_0.lock_at,u1_0.lock_cnt,u1_0.lock_last_pnttm,u1_0.mbtlnum,u1_0.ofcps_nm,u1_0.offm_telno,u1_0.orgnzt_id,u1_0.password,u1_0.password_cnsr,u1_0.password_hint,u1_0.chg_pwd_last_pnttm,u1_0.role,u1_0.sbscrb_de,u1_0.sexdstn_code,u1_0.crtfc_dn_value,u1_0.user_nm,u1_0.zip from nemplyrinfo u1_0 where u1_0.emplyr_id=?
2026-03-16 16:56:14 [http-nio-8080-exec-2] DEBUG o.s.orm.jpa.JpaTransactionManager - Found thread-bound EntityManager [SessionImpl(204493570<open>)] for JPA transaction
2026-03-16 16:56:14 [http-nio-8080-exec-2] DEBUG o.s.orm.jpa.JpaTransactionManager - Participating in existing transaction
2026-03-16 16:56:14 [http-nio-8080-exec-2] DEBUG org.hibernate.SQL - select ua1_0.scrty_dtrmn_trget_id,ua1_0.author_code,ua1_0.frst_register_id,ua1_0.frst_regist_pnttm,ua1_0.last_updusr_id,ua1_0.last_updt_pnttm,ua1_0.mber_ty_code from nemplyrscrtyestbs ua1_0 where ua1_0.scrty_dtrmn_trget_id=?
2026-03-16 16:56:14 [http-nio-8080-exec-4] DEBUG o.s.orm.jpa.JpaTransactionManager - Found thread-bound EntityManager [SessionImpl(959022926<open>)] for JPA transaction
2026-03-16 16:56:14 [http-nio-8080-exec-4] DEBUG o.s.orm.jpa.JpaTransactionManager - Participating in existing transaction
2026-03-16 16:56:14 [http-nio-8080-exec-4] DEBUG org.hibernate.SQL - select ua1_0.scrty_dtrmn_trget_id,ua1_0.author_code,ua1_0.frst_register_id,ua1_0.frst_regist_pnttm,ua1_0.last_updusr_id,ua1_0.last_updt_pnttm,ua1_0.mber_ty_code from nemplyrscrtyestbs ua1_0 where ua1_0.scrty_dtrmn_trget_id=?
2026-03-16 16:56:14 [http-nio-8080-exec-6] DEBUG o.s.orm.jpa.JpaTransactionManager - Found thread-bound EntityManager [SessionImpl(1487020768<open>)] for JPA transaction
2026-03-16 16:56:14 [http-nio-8080-exec-8] DEBUG o.s.orm.jpa.JpaTransactionManager - Found thread-bound EntityManager [SessionImpl(44093724<open>)] for JPA transaction
2026-03-16 16:56:14 [http-nio-8080-exec-6] DEBUG o.s.orm.jpa.JpaTransactionManager - Participating in existing transaction
2026-03-16 16:56:14 [http-nio-8080-exec-8] DEBUG o.s.orm.jpa.JpaTransactionManager - Participating in existing transaction
2026-03-16 16:56:14 [http-nio-8080-exec-8] DEBUG org.hibernate.SQL - select ua1_0.scrty_dtrmn_trget_id,ua1_0.author_code,ua1_0.frst_register_id,ua1_0.frst_regist_pnttm,ua1_0.last_updusr_id,ua1_0.last_updt_pnttm,ua1_0.mber_ty_code from nemplyrscrtyestbs ua1_0 where ua1_0.scrty_dtrmn_trget_id=?
2026-03-16 16:56:14 [http-nio-8080-exec-6] DEBUG org.hibernate.SQL - select ua1_0.scrty_dtrmn_trget_id,ua1_0.author_code,ua1_0.frst_register_id,ua1_0.frst_regist_pnttm,ua1_0.last_updusr_id,ua1_0.last_updt_pnttm,ua1_0.mber_ty_code from nemplyrscrtyestbs ua1_0 where ua1_0.scrty_dtrmn_trget_id=?
2026-03-16 16:56:14 [http-nio-8080-exec-3] DEBUG o.s.orm.jpa.JpaTransactionManager - Found thread-bound EntityManager [SessionImpl(1429478691<open>)] for JPA transaction
2026-03-16 16:56:14 [http-nio-8080-exec-3] DEBUG o.s.orm.jpa.JpaTransactionManager - Participating in existing transaction
2026-03-16 16:56:14 [http-nio-8080-exec-3] DEBUG org.hibernate.SQL - select ua1_0.scrty_dtrmn_trget_id,ua1_0.author_code,ua1_0.frst_register_id,ua1_0.frst_regist_pnttm,ua1_0.last_updusr_id,ua1_0.last_updt_pnttm,ua1_0.mber_ty_code from nemplyrscrtyestbs ua1_0 where ua1_0.scrty_dtrmn_trget_id=?
2026-03-16 16:56:14 [http-nio-8080-exec-2] DEBUG o.s.orm.jpa.JpaTransactionManager - Initiating transaction commit
2026-03-16 16:56:14 [http-nio-8080-exec-4] DEBUG o.s.orm.jpa.JpaTransactionManager - Initiating transaction commit
2026-03-16 16:56:14 [http-nio-8080-exec-2] DEBUG o.s.orm.jpa.JpaTransactionManager - Committing JPA transaction on EntityManager [SessionImpl(204493570<open>)]
2026-03-16 16:56:14 [http-nio-8080-exec-4] DEBUG o.s.orm.jpa.JpaTransactionManager - Committing JPA transaction on EntityManager [SessionImpl(959022926<open>)]
2026-03-16 16:56:14 [http-nio-8080-exec-3] DEBUG o.s.orm.jpa.JpaTransactionManager - Initiating transaction commit
2026-03-16 16:56:14 [http-nio-8080-exec-3] DEBUG o.s.orm.jpa.JpaTransactionManager - Committing JPA transaction on EntityManager [SessionImpl(1429478691<open>)]
2026-03-16 16:56:14 [http-nio-8080-exec-2] DEBUG o.s.orm.jpa.JpaTransactionManager - Closing JPA EntityManager [SessionImpl(204493570<open>)] after transaction
2026-03-16 16:56:14 [http-nio-8080-exec-4] DEBUG o.s.orm.jpa.JpaTransactionManager - Closing JPA EntityManager [SessionImpl(959022926<open>)] after transaction
2026-03-16 16:56:14 [http-nio-8080-exec-2] DEBUG c.c.p.s.jwt.JwtAuthenticationFilter - >>> [JwtFilter] Successfully authenticated user: USRCNFRM_00000000002, Authorities: [ROLE_USER]
2026-03-16 16:56:14 [http-nio-8080-exec-4] DEBUG c.c.p.s.jwt.JwtAuthenticationFilter - >>> [JwtFilter] Successfully authenticated user: USRCNFRM_00000000002, Authorities: [ROLE_USER]
2026-03-16 16:56:14 [http-nio-8080-exec-2] DEBUG o.s.web.servlet.DispatcherServlet - GET "/api/v1/menu/left?menuNo=20", parameters={masked}
2026-03-16 16:56:14 [http-nio-8080-exec-4] DEBUG o.s.web.servlet.DispatcherServlet - GET "/api/v1/menu/left?menuNo=10", parameters={masked}
2026-03-16 16:56:14 [http-nio-8080-exec-2] TRACE o.s.w.s.m.m.a.RequestMappingHandlerMapping - Mapped to com.company.project.api.controller.menu.MenuController#getLeftMenu(Long)
2026-03-16 16:56:14 [http-nio-8080-exec-4] TRACE o.s.w.s.m.m.a.RequestMappingHandlerMapping - Mapped to com.company.project.api.controller.menu.MenuController#getLeftMenu(Long)
2026-03-16 16:56:14 [http-nio-8080-exec-2] INFO  c.c.p.a.c.menu.MenuController - getLeftMenu called with menuNo=20
2026-03-16 16:56:14 [http-nio-8080-exec-4] INFO  c.c.p.a.c.menu.MenuController - getLeftMenu called with menuNo=10
2026-03-16 16:56:14 [http-nio-8080-exec-2] DEBUG o.s.orm.jpa.JpaTransactionManager - Creating new transaction with name [com.company.project.service.menu.MenuService.getSubMenus]: PROPAGATION_REQUIRED,ISOLATION_DEFAULT,readOnly
2026-03-16 16:56:14 [http-nio-8080-exec-4] DEBUG o.s.orm.jpa.JpaTransactionManager - Creating new transaction with name [com.company.project.service.menu.MenuService.getSubMenus]: PROPAGATION_REQUIRED,ISOLATION_DEFAULT,readOnly
2026-03-16 16:56:14 [http-nio-8080-exec-2] DEBUG o.s.orm.jpa.JpaTransactionManager - Opened new EntityManager [SessionImpl(1022990585<open>)] for JPA transaction
2026-03-16 16:56:14 [http-nio-8080-exec-4] DEBUG o.s.orm.jpa.JpaTransactionManager - Opened new EntityManager [SessionImpl(1195052870<open>)] for JPA transaction
2026-03-16 16:56:14 [http-nio-8080-exec-2] DEBUG o.s.orm.jpa.JpaTransactionManager - Exposing JPA transaction as JDBC [org.springframework.orm.jpa.vendor.HibernateJpaDialect$HibernateConnectionHandle@6beb87bf]
2026-03-16 16:56:14 [http-nio-8080-exec-4] DEBUG o.s.orm.jpa.JpaTransactionManager - Exposing JPA transaction as JDBC [org.springframework.orm.jpa.vendor.HibernateJpaDialect$HibernateConnectionHandle@b15df19]
2026-03-16 16:56:14 [http-nio-8080-exec-2] DEBUG org.hibernate.SQL - select m1_0.menu_no,m1_0.menu_dc,m1_0.menu_nm,m1_0.menu_ordr,m1_0.modern_route,m1_0.progrm_file_nm,m1_0.relate_image_nm,m1_0.relate_image_path,m1_0.route_updated_at,m1_0.upper_menu_no from nmenuinfo m1_0 order by m1_0.upper_menu_no,m1_0.menu_ordr
2026-03-16 16:56:14 [http-nio-8080-exec-4] DEBUG org.hibernate.SQL - select m1_0.menu_no,m1_0.menu_dc,m1_0.menu_nm,m1_0.menu_ordr,m1_0.modern_route,m1_0.progrm_file_nm,m1_0.relate_image_nm,m1_0.relate_image_path,m1_0.route_updated_at,m1_0.upper_menu_no from nmenuinfo m1_0 order by m1_0.upper_menu_no,m1_0.menu_ordr
2026-03-16 16:56:14 [http-nio-8080-exec-3] DEBUG o.s.orm.jpa.JpaTransactionManager - Closing JPA EntityManager [SessionImpl(1429478691<open>)] after transaction
2026-03-16 16:56:14 [http-nio-8080-exec-3] DEBUG c.c.p.s.jwt.JwtAuthenticationFilter - >>> [JwtFilter] Successfully authenticated user: USRCNFRM_00000000002, Authorities: [ROLE_USER]
2026-03-16 16:56:14 [http-nio-8080-exec-3] DEBUG o.s.web.servlet.DispatcherServlet - GET "/api/v1/menu/left?menuNo=50", parameters={masked}
2026-03-16 16:56:14 [http-nio-8080-exec-3] TRACE o.s.w.s.m.m.a.RequestMappingHandlerMapping - Mapped to com.company.project.api.controller.menu.MenuController#getLeftMenu(Long)
2026-03-16 16:56:14 [http-nio-8080-exec-3] INFO  c.c.p.a.c.menu.MenuController - getLeftMenu called with menuNo=50
2026-03-16 16:56:14 [http-nio-8080-exec-3] DEBUG o.s.orm.jpa.JpaTransactionManager - Creating new transaction with name [com.company.project.service.menu.MenuService.getSubMenus]: PROPAGATION_REQUIRED,ISOLATION_DEFAULT,readOnly
2026-03-16 16:56:14 [http-nio-8080-exec-3] DEBUG o.s.orm.jpa.JpaTransactionManager - Opened new EntityManager [SessionImpl(1620381039<open>)] for JPA transaction
2026-03-16 16:56:14 [http-nio-8080-exec-3] DEBUG o.s.orm.jpa.JpaTransactionManager - Exposing JPA transaction as JDBC [org.springframework.orm.jpa.vendor.HibernateJpaDialect$HibernateConnectionHandle@118dcc62]
2026-03-16 16:56:14 [http-nio-8080-exec-3] DEBUG org.hibernate.SQL - select m1_0.menu_no,m1_0.menu_dc,m1_0.menu_nm,m1_0.menu_ordr,m1_0.modern_route,m1_0.progrm_file_nm,m1_0.relate_image_nm,m1_0.relate_image_path,m1_0.route_updated_at,m1_0.upper_menu_no from nmenuinfo m1_0 order by m1_0.upper_menu_no,m1_0.menu_ordr
2026-03-16 16:56:15 [http-nio-8080-exec-6] DEBUG o.s.orm.jpa.JpaTransactionManager - Initiating transaction commit
2026-03-16 16:56:15 [http-nio-8080-exec-6] DEBUG o.s.orm.jpa.JpaTransactionManager - Committing JPA transaction on EntityManager [SessionImpl(1487020768<open>)]
2026-03-16 16:56:15 [http-nio-8080-exec-8] DEBUG o.s.orm.jpa.JpaTransactionManager - Initiating transaction commit
2026-03-16 16:56:15 [http-nio-8080-exec-8] DEBUG o.s.orm.jpa.JpaTransactionManager - Committing JPA transaction on EntityManager [SessionImpl(44093724<open>)]
2026-03-16 16:56:15 [http-nio-8080-exec-2] DEBUG o.s.orm.jpa.JpaTransactionManager - Found thread-bound EntityManager [SessionImpl(1022990585<open>)] for JPA transaction
2026-03-16 16:56:15 [http-nio-8080-exec-2] DEBUG o.s.orm.jpa.JpaTransactionManager - Participating in existing transaction
2026-03-16 16:56:15 [http-nio-8080-exec-2] DEBUG org.hibernate.SQL - select p1_0.progrm_file_nm,p1_0.progrm_dc,p1_0.progrm_korean_nm,p1_0.progrm_stre_path,p1_0.url from nprogrmlist p1_0
2026-03-16 16:56:15 [http-nio-8080-exec-4] DEBUG o.s.orm.jpa.JpaTransactionManager - Found thread-bound EntityManager [SessionImpl(1195052870<open>)] for JPA transaction
2026-03-16 16:56:15 [http-nio-8080-exec-4] DEBUG o.s.orm.jpa.JpaTransactionManager - Participating in existing transaction
2026-03-16 16:56:15 [http-nio-8080-exec-4] DEBUG org.hibernate.SQL - select p1_0.progrm_file_nm,p1_0.progrm_dc,p1_0.progrm_korean_nm,p1_0.progrm_stre_path,p1_0.url from nprogrmlist p1_0
2026-03-16 16:56:15 [http-nio-8080-exec-3] DEBUG o.s.orm.jpa.JpaTransactionManager - Found thread-bound EntityManager [SessionImpl(1620381039<open>)] for JPA transaction
2026-03-16 16:56:15 [http-nio-8080-exec-3] DEBUG o.s.orm.jpa.JpaTransactionManager - Participating in existing transaction
2026-03-16 16:56:15 [http-nio-8080-exec-3] DEBUG org.hibernate.SQL - select p1_0.progrm_file_nm,p1_0.progrm_dc,p1_0.progrm_korean_nm,p1_0.progrm_stre_path,p1_0.url from nprogrmlist p1_0
2026-03-16 16:56:15 [http-nio-8080-exec-6] DEBUG o.s.orm.jpa.JpaTransactionManager - Closing JPA EntityManager [SessionImpl(1487020768<open>)] after transaction
2026-03-16 16:56:15 [http-nio-8080-exec-6] DEBUG c.c.p.s.jwt.JwtAuthenticationFilter - >>> [JwtFilter] Successfully authenticated user: USRCNFRM_00000000002, Authorities: [ROLE_USER]
2026-03-16 16:56:15 [http-nio-8080-exec-6] DEBUG o.s.web.servlet.DispatcherServlet - GET "/api/v1/menu/left?menuNo=60", parameters={masked}
2026-03-16 16:56:15 [http-nio-8080-exec-8] DEBUG o.s.orm.jpa.JpaTransactionManager - Closing JPA EntityManager [SessionImpl(44093724<open>)] after transaction
2026-03-16 16:56:15 [http-nio-8080-exec-8] DEBUG c.c.p.s.jwt.JwtAuthenticationFilter - >>> [JwtFilter] Successfully authenticated user: USRCNFRM_00000000002, Authorities: [ROLE_USER]
2026-03-16 16:56:15 [http-nio-8080-exec-6] TRACE o.s.w.s.m.m.a.RequestMappingHandlerMapping - Mapped to com.company.project.api.controller.menu.MenuController#getLeftMenu(Long)
2026-03-16 16:56:15 [http-nio-8080-exec-8] DEBUG o.s.web.servlet.DispatcherServlet - GET "/api/v1/menu/left?menuNo=40", parameters={masked}
2026-03-16 16:56:15 [http-nio-8080-exec-8] TRACE o.s.w.s.m.m.a.RequestMappingHandlerMapping - Mapped to com.company.project.api.controller.menu.MenuController#getLeftMenu(Long)
2026-03-16 16:56:15 [http-nio-8080-exec-6] INFO  c.c.p.a.c.menu.MenuController - getLeftMenu called with menuNo=60
2026-03-16 16:56:15 [http-nio-8080-exec-8] INFO  c.c.p.a.c.menu.MenuController - getLeftMenu called with menuNo=40
2026-03-16 16:56:15 [http-nio-8080-exec-6] DEBUG o.s.orm.jpa.JpaTransactionManager - Creating new transaction with name [com.company.project.service.menu.MenuService.getSubMenus]: PROPAGATION_REQUIRED,ISOLATION_DEFAULT,readOnly
2026-03-16 16:56:15 [http-nio-8080-exec-8] DEBUG o.s.orm.jpa.JpaTransactionManager - Creating new transaction with name [com.company.project.service.menu.MenuService.getSubMenus]: PROPAGATION_REQUIRED,ISOLATION_DEFAULT,readOnly
2026-03-16 16:56:15 [http-nio-8080-exec-6] DEBUG o.s.orm.jpa.JpaTransactionManager - Opened new EntityManager [SessionImpl(909219891<open>)] for JPA transaction
2026-03-16 16:56:15 [http-nio-8080-exec-8] DEBUG o.s.orm.jpa.JpaTransactionManager - Opened new EntityManager [SessionImpl(412566133<open>)] for JPA transaction
2026-03-16 16:56:15 [http-nio-8080-exec-6] DEBUG o.s.orm.jpa.JpaTransactionManager - Exposing JPA transaction as JDBC [org.springframework.orm.jpa.vendor.HibernateJpaDialect$HibernateConnectionHandle@1c569d73]
2026-03-16 16:56:15 [http-nio-8080-exec-8] DEBUG o.s.orm.jpa.JpaTransactionManager - Exposing JPA transaction as JDBC [org.springframework.orm.jpa.vendor.HibernateJpaDialect$HibernateConnectionHandle@52cdd641]
2026-03-16 16:56:15 [http-nio-8080-exec-8] DEBUG org.hibernate.SQL - select m1_0.menu_no,m1_0.menu_dc,m1_0.menu_nm,m1_0.menu_ordr,m1_0.modern_route,m1_0.progrm_file_nm,m1_0.relate_image_nm,m1_0.relate_image_path,m1_0.route_updated_at,m1_0.upper_menu_no from nmenuinfo m1_0 order by m1_0.upper_menu_no,m1_0.menu_ordr
2026-03-16 16:56:15 [http-nio-8080-exec-6] DEBUG org.hibernate.SQL - select m1_0.menu_no,m1_0.menu_dc,m1_0.menu_nm,m1_0.menu_ordr,m1_0.modern_route,m1_0.progrm_file_nm,m1_0.relate_image_nm,m1_0.relate_image_path,m1_0.route_updated_at,m1_0.upper_menu_no from nmenuinfo m1_0 order by m1_0.upper_menu_no,m1_0.menu_ordr
2026-03-16 16:56:15 [http-nio-8080-exec-2] DEBUG o.s.orm.jpa.JpaTransactionManager - Initiating transaction commit
2026-03-16 16:56:15 [http-nio-8080-exec-2] DEBUG o.s.orm.jpa.JpaTransactionManager - Committing JPA transaction on EntityManager [SessionImpl(1022990585<open>)]
2026-03-16 16:56:15 [http-nio-8080-exec-4] DEBUG o.s.orm.jpa.JpaTransactionManager - Initiating transaction commit
2026-03-16 16:56:15 [http-nio-8080-exec-4] DEBUG o.s.orm.jpa.JpaTransactionManager - Committing JPA transaction on EntityManager [SessionImpl(1195052870<open>)]
2026-03-16 16:56:15 [http-nio-8080-exec-3] DEBUG o.s.orm.jpa.JpaTransactionManager - Initiating transaction commit
2026-03-16 16:56:15 [http-nio-8080-exec-3] DEBUG o.s.orm.jpa.JpaTransactionManager - Committing JPA transaction on EntityManager [SessionImpl(1620381039<open>)]
2026-03-16 16:56:15 [http-nio-8080-exec-2] DEBUG o.s.orm.jpa.JpaTransactionManager - Closing JPA EntityManager [SessionImpl(1022990585<open>)] after transaction
2026-03-16 16:56:15 [http-nio-8080-exec-2] INFO  c.c.p.a.c.menu.MenuController - getLeftMenu returned 3 items
2026-03-16 16:56:15 [http-nio-8080-exec-2] DEBUG o.s.w.s.m.m.a.HttpEntityMethodProcessor - Using 'application/json', given [application/json, text/plain, */*] and supported [application/json, application/*+json, application/yaml]
2026-03-16 16:56:15 [http-nio-8080-exec-2] TRACE o.s.w.s.m.m.a.HttpEntityMethodProcessor - Writing [ApiResponse[success=true, status=200, code=COMMON_001, message=Success, data={list=[com.company.project.service.menu.dto.MenuDto@2690f2c6, com.company.project.service.menu.dto.MenuDto@18c3eb07, com.company.project.service.menu.dto.MenuDto@bd1015]}, timestamp=2026-03-16T16:56:15.386638200]]
2026-03-16 16:56:15 [http-nio-8080-exec-2] INFO  c.c.p.a.i.OperationalAuditInterceptor - API Audit Log: URL=/api/v1/menu/left, User=user_regular, IP=0:0:0:0:0:0:0:1
2026-03-16 16:56:15 [http-nio-8080-exec-2] DEBUG o.s.web.servlet.DispatcherServlet - Completed 200 OK
2026-03-16 16:56:15 [http-nio-8080-exec-4] DEBUG o.s.orm.jpa.JpaTransactionManager - Closing JPA EntityManager [SessionImpl(1195052870<open>)] after transaction
2026-03-16 16:56:15 [http-nio-8080-exec-4] INFO  c.c.p.a.c.menu.MenuController - getLeftMenu returned 5 items
2026-03-16 16:56:15 [http-nio-8080-exec-4] DEBUG o.s.w.s.m.m.a.HttpEntityMethodProcessor - Using 'application/json', given [application/json, text/plain, */*] and supported [application/json, application/*+json, application/yaml]
2026-03-16 16:56:15 [http-nio-8080-exec-4] TRACE o.s.w.s.m.m.a.HttpEntityMethodProcessor - Writing [ApiResponse[success=true, status=200, code=COMMON_001, message=Success, data={list=[com.company.project.service.menu.dto.MenuDto@1569a0f6, com.company.project.service.menu.dto.MenuDto@3c58a5cc, com.company.project.service.menu.dto.MenuDto@f617cb7, com.company.project.service.menu.dto.MenuDto@68a493de, com.company.project.service.menu.dto.MenuDto@3012f02c]}, timestamp=2026-03-16T16:56:15.407574900]]
2026-03-16 16:56:15 [http-nio-8080-exec-4] INFO  c.c.p.a.i.OperationalAuditInterceptor - API Audit Log: URL=/api/v1/menu/left, User=user_regular, IP=0:0:0:0:0:0:0:1
2026-03-16 16:56:15 [http-nio-8080-exec-4] DEBUG o.s.web.servlet.DispatcherServlet - Completed 200 OK
2026-03-16 16:56:15 [http-nio-8080-exec-3] DEBUG o.s.orm.jpa.JpaTransactionManager - Closing JPA EntityManager [SessionImpl(1620381039<open>)] after transaction
2026-03-16 16:56:15 [http-nio-8080-exec-3] INFO  c.c.p.a.c.menu.MenuController - getLeftMenu returned 3 items
2026-03-16 16:56:15 [http-nio-8080-exec-3] DEBUG o.s.w.s.m.m.a.HttpEntityMethodProcessor - Using 'application/json', given [application/json, text/plain, */*] and supported [application/json, application/*+json, application/yaml]
2026-03-16 16:56:15 [http-nio-8080-exec-3] TRACE o.s.w.s.m.m.a.HttpEntityMethodProcessor - Writing [ApiResponse[success=true, status=200, code=COMMON_001, message=Success, data={list=[com.company.project.service.menu.dto.MenuDto@41096fb7, com.company.project.service.menu.dto.MenuDto@6a781508, com.company.project.service.menu.dto.MenuDto@2edf801b]}, timestamp=2026-03-16T16:56:15.462748]]
2026-03-16 16:56:15 [http-nio-8080-exec-3] INFO  c.c.p.a.i.OperationalAuditInterceptor - API Audit Log: URL=/api/v1/menu/left, User=user_regular, IP=0:0:0:0:0:0:0:1
2026-03-16 16:56:15 [http-nio-8080-exec-3] DEBUG o.s.web.servlet.DispatcherServlet - Completed 200 OK
2026-03-16 16:56:15 [http-nio-8080-exec-6] DEBUG o.s.orm.jpa.JpaTransactionManager - Found thread-bound EntityManager [SessionImpl(909219891<open>)] for JPA transaction
2026-03-16 16:56:15 [http-nio-8080-exec-6] DEBUG o.s.orm.jpa.JpaTransactionManager - Participating in existing transaction
2026-03-16 16:56:15 [http-nio-8080-exec-6] DEBUG org.hibernate.SQL - select p1_0.progrm_file_nm,p1_0.progrm_dc,p1_0.progrm_korean_nm,p1_0.progrm_stre_path,p1_0.url from nprogrmlist p1_0
2026-03-16 16:56:15 [http-nio-8080-exec-8] DEBUG o.s.orm.jpa.JpaTransactionManager - Found thread-bound EntityManager [SessionImpl(412566133<open>)] for JPA transaction
2026-03-16 16:56:15 [http-nio-8080-exec-8] DEBUG o.s.orm.jpa.JpaTransactionManager - Participating in existing transaction
2026-03-16 16:56:15 [http-nio-8080-exec-8] DEBUG org.hibernate.SQL - select p1_0.progrm_file_nm,p1_0.progrm_dc,p1_0.progrm_korean_nm,p1_0.progrm_stre_path,p1_0.url from nprogrmlist p1_0
2026-03-16 16:56:15 [http-nio-8080-exec-6] DEBUG o.s.orm.jpa.JpaTransactionManager - Initiating transaction commit
2026-03-16 16:56:15 [http-nio-8080-exec-6] DEBUG o.s.orm.jpa.JpaTransactionManager - Committing JPA transaction on EntityManager [SessionImpl(909219891<open>)]
2026-03-16 16:56:15 [http-nio-8080-exec-8] DEBUG o.s.orm.jpa.JpaTransactionManager - Initiating transaction commit
2026-03-16 16:56:15 [http-nio-8080-exec-8] DEBUG o.s.orm.jpa.JpaTransactionManager - Committing JPA transaction on EntityManager [SessionImpl(412566133<open>)]
2026-03-16 16:56:15 [http-nio-8080-exec-6] DEBUG o.s.orm.jpa.JpaTransactionManager - Closing JPA EntityManager [SessionImpl(909219891<open>)] after transaction
2026-03-16 16:56:15 [http-nio-8080-exec-6] INFO  c.c.p.a.c.menu.MenuController - getLeftMenu returned 1 items
2026-03-16 16:56:15 [http-nio-8080-exec-6] DEBUG o.s.w.s.m.m.a.HttpEntityMethodProcessor - Using 'application/json', given [application/json, text/plain, */*] and supported [application/json, application/*+json, application/yaml]
2026-03-16 16:56:15 [http-nio-8080-exec-6] TRACE o.s.w.s.m.m.a.HttpEntityMethodProcessor - Writing [ApiResponse[success=true, status=200, code=COMMON_001, message=Success, data={list=[com.company.project.service.menu.dto.MenuDto@6cbadfe5]}, timestamp=2026-03-16T16:56:15.978427400]]
2026-03-16 16:56:15 [http-nio-8080-exec-6] INFO  c.c.p.a.i.OperationalAuditInterceptor - API Audit Log: URL=/api/v1/menu/left, User=user_regular, IP=0:0:0:0:0:0:0:1
2026-03-16 16:56:15 [http-nio-8080-exec-6] DEBUG o.s.web.servlet.DispatcherServlet - Completed 200 OK
2026-03-16 16:56:16 [http-nio-8080-exec-8] DEBUG o.s.orm.jpa.JpaTransactionManager - Closing JPA EntityManager [SessionImpl(412566133<open>)] after transaction
2026-03-16 16:56:16 [http-nio-8080-exec-8] INFO  c.c.p.a.c.menu.MenuController - getLeftMenu returned 2 items
2026-03-16 16:56:16 [http-nio-8080-exec-8] DEBUG o.s.w.s.m.m.a.HttpEntityMethodProcessor - Using 'application/json', given [application/json, text/plain, */*] and supported [application/json, application/*+json, application/yaml]
2026-03-16 16:56:16 [http-nio-8080-exec-8] TRACE o.s.w.s.m.m.a.HttpEntityMethodProcessor - Writing [ApiResponse[success=true, status=200, code=COMMON_001, message=Success, data={list=[com.company.project.service.menu.dto.MenuDto@6b196cf2, com.company.project.service.menu.dto.MenuDto@34df71cb]}, timestamp=2026-03-16T16:56:16.008904500]]
2026-03-16 16:56:16 [http-nio-8080-exec-8] INFO  c.c.p.a.i.OperationalAuditInterceptor - API Audit Log: URL=/api/v1/menu/left, User=user_regular, IP=0:0:0:0:0:0:0:1
2026-03-16 16:56:16 [http-nio-8080-exec-8] DEBUG o.s.web.servlet.DispatcherServlet - Completed 200 OK
2026-03-16 16:56:16 [http-nio-8080-exec-5] DEBUG c.c.p.s.jwt.JwtAuthenticationFilter - >>> [JwtFilter] Processing request: GET /api/v1/menu/left
2026-03-16 16:56:16 [http-nio-8080-exec-10] DEBUG c.c.p.s.jwt.JwtAuthenticationFilter - >>> [JwtFilter] Processing request: GET /api/v1/auth/me
2026-03-16 16:56:16 [http-nio-8080-exec-5] DEBUG c.c.p.s.jwt.JwtAuthenticationFilter - >>> [JwtFilter] Found token in header for path: /api/v1/menu/left
2026-03-16 16:56:16 [http-nio-8080-exec-7] DEBUG c.c.p.s.jwt.JwtAuthenticationFilter - >>> [JwtFilter] Processing request: GET /api/v1/menu/head
2026-03-16 16:56:16 [http-nio-8080-exec-10] DEBUG c.c.p.s.jwt.JwtAuthenticationFilter - >>> [JwtFilter] Found token in header for path: /api/v1/auth/me
2026-03-16 16:56:16 [http-nio-8080-exec-7] DEBUG c.c.p.s.jwt.JwtAuthenticationFilter - >>> [JwtFilter] Found token in header for path: /api/v1/menu/head
2026-03-16 16:56:16 [http-nio-8080-exec-5] DEBUG o.s.orm.jpa.JpaTransactionManager - Creating new transaction with name [com.company.project.security.iam.CustomUserDetailsService.loadUserByUsername]: PROPAGATION_REQUIRED,ISOLATION_DEFAULT,readOnly
2026-03-16 16:56:16 [http-nio-8080-exec-5] DEBUG o.s.orm.jpa.JpaTransactionManager - Opened new EntityManager [SessionImpl(1057298696<open>)] for JPA transaction
2026-03-16 16:56:16 [http-nio-8080-exec-10] DEBUG o.s.orm.jpa.JpaTransactionManager - Creating new transaction with name [com.company.project.security.iam.CustomUserDetailsService.loadUserByUsername]: PROPAGATION_REQUIRED,ISOLATION_DEFAULT,readOnly
2026-03-16 16:56:16 [http-nio-8080-exec-7] DEBUG o.s.orm.jpa.JpaTransactionManager - Creating new transaction with name [com.company.project.security.iam.CustomUserDetailsService.loadUserByUsername]: PROPAGATION_REQUIRED,ISOLATION_DEFAULT,readOnly
2026-03-16 16:56:16 [http-nio-8080-exec-10] DEBUG o.s.orm.jpa.JpaTransactionManager - Opened new EntityManager [SessionImpl(989669097<open>)] for JPA transaction
2026-03-16 16:56:16 [http-nio-8080-exec-7] DEBUG o.s.orm.jpa.JpaTransactionManager - Opened new EntityManager [SessionImpl(1966295750<open>)] for JPA transaction
2026-03-16 16:56:16 [http-nio-8080-exec-10] DEBUG o.s.orm.jpa.JpaTransactionManager - Exposing JPA transaction as JDBC [org.springframework.orm.jpa.vendor.HibernateJpaDialect$HibernateConnectionHandle@56bc15db]
2026-03-16 16:56:16 [http-nio-8080-exec-5] DEBUG o.s.orm.jpa.JpaTransactionManager - Exposing JPA transaction as JDBC [org.springframework.orm.jpa.vendor.HibernateJpaDialect$HibernateConnectionHandle@6c265000]
2026-03-16 16:56:16 [http-nio-8080-exec-10] DEBUG o.s.orm.jpa.JpaTransactionManager - Found thread-bound EntityManager [SessionImpl(989669097<open>)] for JPA transaction
2026-03-16 16:56:16 [http-nio-8080-exec-10] DEBUG o.s.orm.jpa.JpaTransactionManager - Participating in existing transaction
2026-03-16 16:56:16 [http-nio-8080-exec-5] DEBUG o.s.orm.jpa.JpaTransactionManager - Found thread-bound EntityManager [SessionImpl(1057298696<open>)] for JPA transaction
2026-03-16 16:56:16 [http-nio-8080-exec-5] DEBUG o.s.orm.jpa.JpaTransactionManager - Participating in existing transaction
2026-03-16 16:56:16 [http-nio-8080-exec-10] DEBUG org.hibernate.SQL - select u1_0.emplyr_id,u1_0.area_no,u1_0.brthdy,u1_0.chg_pwd_cnt,u1_0.frst_register_id,u1_0.frst_regist_pnttm,u1_0.detail_adres,u1_0.email_adres,u1_0.emplyr_sttus_code,u1_0.empl_no,u1_0.esntl_id,u1_0.fxnum,u1_0.group_id,u1_0.house_adres,u1_0.house_end_telno,u1_0.house_middle_telno,u1_0.ihidnum,u1_0.pstinst_code,u1_0.last_updusr_id,u1_0.last_updt_pnttm,u1_0.lock_at,u1_0.lock_cnt,u1_0.lock_last_pnttm,u1_0.mbtlnum,u1_0.ofcps_nm,u1_0.offm_telno,u1_0.orgnzt_id,u1_0.password,u1_0.password_cnsr,u1_0.password_hint,u1_0.chg_pwd_last_pnttm,u1_0.role,u1_0.sbscrb_de,u1_0.sexdstn_code,u1_0.crtfc_dn_value,u1_0.user_nm,u1_0.zip from nemplyrinfo u1_0 where u1_0.emplyr_id=?
2026-03-16 16:56:16 [http-nio-8080-exec-5] DEBUG org.hibernate.SQL - select u1_0.emplyr_id,u1_0.area_no,u1_0.brthdy,u1_0.chg_pwd_cnt,u1_0.frst_register_id,u1_0.frst_regist_pnttm,u1_0.detail_adres,u1_0.email_adres,u1_0.emplyr_sttus_code,u1_0.empl_no,u1_0.esntl_id,u1_0.fxnum,u1_0.group_id,u1_0.house_adres,u1_0.house_end_telno,u1_0.house_middle_telno,u1_0.ihidnum,u1_0.pstinst_code,u1_0.last_updusr_id,u1_0.last_updt_pnttm,u1_0.lock_at,u1_0.lock_cnt,u1_0.lock_last_pnttm,u1_0.mbtlnum,u1_0.ofcps_nm,u1_0.offm_telno,u1_0.orgnzt_id,u1_0.password,u1_0.password_cnsr,u1_0.password_hint,u1_0.chg_pwd_last_pnttm,u1_0.role,u1_0.sbscrb_de,u1_0.sexdstn_code,u1_0.crtfc_dn_value,u1_0.user_nm,u1_0.zip from nemplyrinfo u1_0 where u1_0.emplyr_id=?
2026-03-16 16:56:16 [http-nio-8080-exec-7] DEBUG o.s.orm.jpa.JpaTransactionManager - Exposing JPA transaction as JDBC [org.springframework.orm.jpa.vendor.HibernateJpaDialect$HibernateConnectionHandle@1abce734]
2026-03-16 16:56:16 [http-nio-8080-exec-7] DEBUG o.s.orm.jpa.JpaTransactionManager - Found thread-bound EntityManager [SessionImpl(1966295750<open>)] for JPA transaction
2026-03-16 16:56:16 [http-nio-8080-exec-7] DEBUG o.s.orm.jpa.JpaTransactionManager - Participating in existing transaction
2026-03-16 16:56:16 [http-nio-8080-exec-7] DEBUG org.hibernate.SQL - select u1_0.emplyr_id,u1_0.area_no,u1_0.brthdy,u1_0.chg_pwd_cnt,u1_0.frst_register_id,u1_0.frst_regist_pnttm,u1_0.detail_adres,u1_0.email_adres,u1_0.emplyr_sttus_code,u1_0.empl_no,u1_0.esntl_id,u1_0.fxnum,u1_0.group_id,u1_0.house_adres,u1_0.house_end_telno,u1_0.house_middle_telno,u1_0.ihidnum,u1_0.pstinst_code,u1_0.last_updusr_id,u1_0.last_updt_pnttm,u1_0.lock_at,u1_0.lock_cnt,u1_0.lock_last_pnttm,u1_0.mbtlnum,u1_0.ofcps_nm,u1_0.offm_telno,u1_0.orgnzt_id,u1_0.password,u1_0.password_cnsr,u1_0.password_hint,u1_0.chg_pwd_last_pnttm,u1_0.role,u1_0.sbscrb_de,u1_0.sexdstn_code,u1_0.crtfc_dn_value,u1_0.user_nm,u1_0.zip from nemplyrinfo u1_0 where u1_0.emplyr_id=?
2026-03-16 16:56:17 [http-nio-8080-exec-7] DEBUG o.s.orm.jpa.JpaTransactionManager - Found thread-bound EntityManager [SessionImpl(1966295750<open>)] for JPA transaction
2026-03-16 16:56:17 [http-nio-8080-exec-5] DEBUG o.s.orm.jpa.JpaTransactionManager - Found thread-bound EntityManager [SessionImpl(1057298696<open>)] for JPA transaction
2026-03-16 16:56:17 [http-nio-8080-exec-10] DEBUG o.s.orm.jpa.JpaTransactionManager - Found thread-bound EntityManager [SessionImpl(989669097<open>)] for JPA transaction
2026-03-16 16:56:17 [http-nio-8080-exec-7] DEBUG o.s.orm.jpa.JpaTransactionManager - Participating in existing transaction
2026-03-16 16:56:17 [http-nio-8080-exec-5] DEBUG o.s.orm.jpa.JpaTransactionManager - Participating in existing transaction
2026-03-16 16:56:17 [http-nio-8080-exec-10] DEBUG o.s.orm.jpa.JpaTransactionManager - Participating in existing transaction
2026-03-16 16:56:17 [http-nio-8080-exec-7] DEBUG org.hibernate.SQL - select ua1_0.scrty_dtrmn_trget_id,ua1_0.author_code,ua1_0.frst_register_id,ua1_0.frst_regist_pnttm,ua1_0.last_updusr_id,ua1_0.last_updt_pnttm,ua1_0.mber_ty_code from nemplyrscrtyestbs ua1_0 where ua1_0.scrty_dtrmn_trget_id=?
2026-03-16 16:56:17 [http-nio-8080-exec-10] DEBUG org.hibernate.SQL - select ua1_0.scrty_dtrmn_trget_id,ua1_0.author_code,ua1_0.frst_register_id,ua1_0.frst_regist_pnttm,ua1_0.last_updusr_id,ua1_0.last_updt_pnttm,ua1_0.mber_ty_code from nemplyrscrtyestbs ua1_0 where ua1_0.scrty_dtrmn_trget_id=?
2026-03-16 16:56:17 [http-nio-8080-exec-5] DEBUG org.hibernate.SQL - select ua1_0.scrty_dtrmn_trget_id,ua1_0.author_code,ua1_0.frst_register_id,ua1_0.frst_regist_pnttm,ua1_0.last_updusr_id,ua1_0.last_updt_pnttm,ua1_0.mber_ty_code from nemplyrscrtyestbs ua1_0 where ua1_0.scrty_dtrmn_trget_id=?
2026-03-16 16:56:17 [http-nio-8080-exec-7] DEBUG o.s.orm.jpa.JpaTransactionManager - Initiating transaction commit
2026-03-16 16:56:17 [http-nio-8080-exec-5] DEBUG o.s.orm.jpa.JpaTransactionManager - Initiating transaction commit
2026-03-16 16:56:17 [http-nio-8080-exec-10] DEBUG o.s.orm.jpa.JpaTransactionManager - Initiating transaction commit
2026-03-16 16:56:17 [http-nio-8080-exec-7] DEBUG o.s.orm.jpa.JpaTransactionManager - Committing JPA transaction on EntityManager [SessionImpl(1966295750<open>)]
2026-03-16 16:56:17 [http-nio-8080-exec-5] DEBUG o.s.orm.jpa.JpaTransactionManager - Committing JPA transaction on EntityManager [SessionImpl(1057298696<open>)]
2026-03-16 16:56:17 [http-nio-8080-exec-10] DEBUG o.s.orm.jpa.JpaTransactionManager - Committing JPA transaction on EntityManager [SessionImpl(989669097<open>)]
2026-03-16 16:56:17 [http-nio-8080-exec-7] DEBUG o.s.orm.jpa.JpaTransactionManager - Closing JPA EntityManager [SessionImpl(1966295750<open>)] after transaction
2026-03-16 16:56:17 [http-nio-8080-exec-7] DEBUG c.c.p.s.jwt.JwtAuthenticationFilter - >>> [JwtFilter] Successfully authenticated user: USRCNFRM_00000000002, Authorities: [ROLE_USER]
2026-03-16 16:56:17 [http-nio-8080-exec-7] DEBUG o.s.web.servlet.DispatcherServlet - GET "/api/v1/menu/head", parameters={}
2026-03-16 16:56:17 [http-nio-8080-exec-7] TRACE o.s.w.s.m.m.a.RequestMappingHandlerMapping - Mapped to com.company.project.api.controller.menu.MenuController#getHeadMenu()
2026-03-16 16:56:17 [http-nio-8080-exec-7] INFO  c.c.p.a.c.menu.MenuController - getHeadMenu called
2026-03-16 16:56:17 [http-nio-8080-exec-5] DEBUG o.s.orm.jpa.JpaTransactionManager - Closing JPA EntityManager [SessionImpl(1057298696<open>)] after transaction
2026-03-16 16:56:17 [http-nio-8080-exec-10] DEBUG o.s.orm.jpa.JpaTransactionManager - Closing JPA EntityManager [SessionImpl(989669097<open>)] after transaction
2026-03-16 16:56:17 [http-nio-8080-exec-5] DEBUG c.c.p.s.jwt.JwtAuthenticationFilter - >>> [JwtFilter] Successfully authenticated user: USRCNFRM_00000000002, Authorities: [ROLE_USER]
2026-03-16 16:56:17 [http-nio-8080-exec-10] DEBUG c.c.p.s.jwt.JwtAuthenticationFilter - >>> [JwtFilter] Successfully authenticated user: USRCNFRM_00000000002, Authorities: [ROLE_USER]
2026-03-16 16:56:17 [http-nio-8080-exec-7] INFO  c.c.p.a.c.menu.MenuController - getHeadMenu returned 5 items
2026-03-16 16:56:17 [http-nio-8080-exec-10] DEBUG o.s.web.servlet.DispatcherServlet - GET "/api/v1/auth/me", parameters={}
2026-03-16 16:56:17 [http-nio-8080-exec-5] DEBUG o.s.web.servlet.DispatcherServlet - GET "/api/v1/menu/left?menuNo=10", parameters={masked}
2026-03-16 16:56:17 [http-nio-8080-exec-7] DEBUG o.s.w.s.m.m.a.HttpEntityMethodProcessor - Using 'application/json', given [application/json, text/plain, */*] and supported [application/json, application/*+json, application/yaml]
2026-03-16 16:56:17 [http-nio-8080-exec-7] TRACE o.s.w.s.m.m.a.HttpEntityMethodProcessor - Writing [ApiResponse[success=true, status=200, code=COMMON_001, message=Success, data={list=[com.company.project.service.menu.dto.MenuDto@4839fef0, com.company.project.service.menu.dto.MenuDto@1c69c1c2, com.company.project.service.menu.dto.MenuDto@6f5d2c3d, com.company.project.service.menu.dto.MenuDto@6314b47d, com.company.project.service.menu.dto.MenuDto@645d0891]}, timestamp=2026-03-16T16:56:17.343680500]]
2026-03-16 16:56:17 [http-nio-8080-exec-5] TRACE o.s.w.s.m.m.a.RequestMappingHandlerMapping - Mapped to com.company.project.api.controller.menu.MenuController#getLeftMenu(Long)
2026-03-16 16:56:17 [http-nio-8080-exec-10] TRACE o.s.w.s.m.m.a.RequestMappingHandlerMapping - Mapped to com.company.project.api.auth.AuthController#getCurrentUser()
2026-03-16 16:56:17 [http-nio-8080-exec-7] INFO  c.c.p.a.i.OperationalAuditInterceptor - API Audit Log: URL=/api/v1/menu/head, User=user_regular, IP=127.0.0.1
2026-03-16 16:56:17 [http-nio-8080-exec-7] DEBUG o.s.web.servlet.DispatcherServlet - Completed 200 OK
2026-03-16 16:56:17 [http-nio-8080-exec-10] DEBUG o.s.w.s.m.m.a.RequestResponseBodyMethodProcessor - Using 'application/json', given [application/json, text/plain, */*] and supported [application/json, application/*+json, application/yaml]
2026-03-16 16:56:17 [http-nio-8080-exec-5] INFO  c.c.p.a.c.menu.MenuController - getLeftMenu called with menuNo=10
2026-03-16 16:56:17 [http-nio-8080-exec-10] TRACE o.s.w.s.m.m.a.RequestResponseBodyMethodProcessor - Writing [ApiResponse[success=true, status=200, code=COMMON_001, message=Success, data={role=ROLE_USER, userSe=USR, name=일반사용자, id=user_regular}, timestamp=2026-03-16T16:56:17.344683500]]
2026-03-16 16:56:17 [http-nio-8080-exec-5] DEBUG o.s.orm.jpa.JpaTransactionManager - Creating new transaction with name [com.company.project.service.menu.MenuService.getSubMenus]: PROPAGATION_REQUIRED,ISOLATION_DEFAULT,readOnly
2026-03-16 16:56:17 [http-nio-8080-exec-5] DEBUG o.s.orm.jpa.JpaTransactionManager - Opened new EntityManager [SessionImpl(765753373<open>)] for JPA transaction
2026-03-16 16:56:17 [http-nio-8080-exec-5] DEBUG o.s.orm.jpa.JpaTransactionManager - Exposing JPA transaction as JDBC [org.springframework.orm.jpa.vendor.HibernateJpaDialect$HibernateConnectionHandle@6a99e3b0]
2026-03-16 16:56:17 [http-nio-8080-exec-10] INFO  c.c.p.a.i.OperationalAuditInterceptor - API Audit Log: URL=/api/v1/auth/me, User=user_regular, IP=127.0.0.1
2026-03-16 16:56:17 [http-nio-8080-exec-10] DEBUG o.s.web.servlet.DispatcherServlet - Completed 200 OK
2026-03-16 16:56:17 [http-nio-8080-exec-5] DEBUG org.hibernate.SQL - select m1_0.menu_no,m1_0.menu_dc,m1_0.menu_nm,m1_0.menu_ordr,m1_0.modern_route,m1_0.progrm_file_nm,m1_0.relate_image_nm,m1_0.relate_image_path,m1_0.route_updated_at,m1_0.upper_menu_no from nmenuinfo m1_0 order by m1_0.upper_menu_no,m1_0.menu_ordr
2026-03-16 16:56:17 [http-nio-8080-exec-1] DEBUG o.s.web.servlet.DispatcherServlet - GET "/ws/info?t=1773647777368", parameters={masked}
2026-03-16 16:56:17 [http-nio-8080-exec-9] DEBUG c.c.p.s.jwt.JwtAuthenticationFilter - >>> [JwtFilter] Processing request: GET /api/v1/notifications
2026-03-16 16:56:17 [http-nio-8080-exec-2] DEBUG c.c.p.s.jwt.JwtAuthenticationFilter - >>> [JwtFilter] Processing request: GET /api/v1/notifications/unread-count
2026-03-16 16:56:17 [http-nio-8080-exec-9] DEBUG c.c.p.s.jwt.JwtAuthenticationFilter - >>> [JwtFilter] Found token in header for path: /api/v1/notifications
2026-03-16 16:56:17 [http-nio-8080-exec-2] DEBUG c.c.p.s.jwt.JwtAuthenticationFilter - >>> [JwtFilter] Found token in header for path: /api/v1/notifications/unread-count
2026-03-16 16:56:17 [http-nio-8080-exec-1] DEBUG o.s.w.s.s.s.WebSocketHandlerMapping - Mapped to org.springframework.web.socket.sockjs.support.SockJsHttpRequestHandler@3d80b7ba
2026-03-16 16:56:17 [http-nio-8080-exec-9] DEBUG o.s.orm.jpa.JpaTransactionManager - Creating new transaction with name [com.company.project.security.iam.CustomUserDetailsService.loadUserByUsername]: PROPAGATION_REQUIRED,ISOLATION_DEFAULT,readOnly
2026-03-16 16:56:17 [http-nio-8080-exec-9] DEBUG o.s.orm.jpa.JpaTransactionManager - Opened new EntityManager [SessionImpl(493488167<open>)] for JPA transaction
2026-03-16 16:56:17 [http-nio-8080-exec-1] DEBUG o.s.w.s.s.t.h.DefaultSockJsService - Processing transport request: GET http://localhost:8080/ws/info?t=1773647777368
2026-03-16 16:56:17 [http-nio-8080-exec-2] DEBUG o.s.orm.jpa.JpaTransactionManager - Creating new transaction with name [com.company.project.security.iam.CustomUserDetailsService.loadUserByUsername]: PROPAGATION_REQUIRED,ISOLATION_DEFAULT,readOnly
2026-03-16 16:56:17 [http-nio-8080-exec-2] DEBUG o.s.orm.jpa.JpaTransactionManager - Opened new EntityManager [SessionImpl(1252349843<open>)] for JPA transaction
2026-03-16 16:56:17 [http-nio-8080-exec-1] DEBUG o.s.web.servlet.DispatcherServlet - Completed 200 OK
2026-03-16 16:56:17 [http-nio-8080-exec-4] DEBUG o.s.web.servlet.DispatcherServlet - GET "/ws/937/m4ibfemy/websocket", parameters={}
2026-03-16 16:56:17 [http-nio-8080-exec-4] DEBUG o.s.w.s.s.s.WebSocketHandlerMapping - Mapped to org.springframework.web.socket.sockjs.support.SockJsHttpRequestHandler@3d80b7ba
2026-03-16 16:56:17 [http-nio-8080-exec-4] DEBUG o.s.w.s.s.t.h.DefaultSockJsService - Processing transport request: GET http://localhost:8080/ws/937/m4ibfemy/websocket
2026-03-16 16:56:17 [http-nio-8080-exec-4] DEBUG o.s.web.servlet.DispatcherServlet - Completed 101 SWITCHING_PROTOCOLS
2026-03-16 16:56:17 [http-nio-8080-exec-4] DEBUG o.s.w.s.h.LoggingWebSocketHandlerDecorator - New WebSocketServerSockJsSession[id=m4ibfemy]
2026-03-16 16:56:17 [scheduling-1] DEBUG org.springframework.web.SimpLogging - Processing CONNECT session=m4ibfemy
2026-03-16 16:56:17 [scheduling-1] DEBUG org.springframework.web.SimpLogging - Processing SUBSCRIBE /topic/notices id=sub-0 session=m4ibfemy
2026-03-16 16:56:17 [scheduling-1] DEBUG org.springframework.web.SimpLogging - Processing SUBSCRIBE destination=/queue/notifications-userm4ibfemy subscriptionId=sub-1 session=m4ibfemy payload=byte[0]
2026-03-16 16:56:17 [scheduling-1] DEBUG org.springframework.web.SimpLogging - Processing SUBSCRIBE /topic/public id=sub-2 session=m4ibfemy
2026-03-16 16:56:17 [http-nio-8080-exec-9] DEBUG o.s.orm.jpa.JpaTransactionManager - Exposing JPA transaction as JDBC [org.springframework.orm.jpa.vendor.HibernateJpaDialect$HibernateConnectionHandle@17e8dba]
2026-03-16 16:56:17 [http-nio-8080-exec-9] DEBUG o.s.orm.jpa.JpaTransactionManager - Found thread-bound EntityManager [SessionImpl(493488167<open>)] for JPA transaction
2026-03-16 16:56:17 [http-nio-8080-exec-9] DEBUG o.s.orm.jpa.JpaTransactionManager - Participating in existing transaction
2026-03-16 16:56:17 [http-nio-8080-exec-9] DEBUG org.hibernate.SQL - select u1_0.emplyr_id,u1_0.area_no,u1_0.brthdy,u1_0.chg_pwd_cnt,u1_0.frst_register_id,u1_0.frst_regist_pnttm,u1_0.detail_adres,u1_0.email_adres,u1_0.emplyr_sttus_code,u1_0.empl_no,u1_0.esntl_id,u1_0.fxnum,u1_0.group_id,u1_0.house_adres,u1_0.house_end_telno,u1_0.house_middle_telno,u1_0.ihidnum,u1_0.pstinst_code,u1_0.last_updusr_id,u1_0.last_updt_pnttm,u1_0.lock_at,u1_0.lock_cnt,u1_0.lock_last_pnttm,u1_0.mbtlnum,u1_0.ofcps_nm,u1_0.offm_telno,u1_0.orgnzt_id,u1_0.password,u1_0.password_cnsr,u1_0.password_hint,u1_0.chg_pwd_last_pnttm,u1_0.role,u1_0.sbscrb_de,u1_0.sexdstn_code,u1_0.crtfc_dn_value,u1_0.user_nm,u1_0.zip from nemplyrinfo u1_0 where u1_0.emplyr_id=?
2026-03-16 16:56:17 [http-nio-8080-exec-2] DEBUG o.s.orm.jpa.JpaTransactionManager - Exposing JPA transaction as JDBC [org.springframework.orm.jpa.vendor.HibernateJpaDialect$HibernateConnectionHandle@6b029ac3]
2026-03-16 16:56:17 [http-nio-8080-exec-2] DEBUG o.s.orm.jpa.JpaTransactionManager - Found thread-bound EntityManager [SessionImpl(1252349843<open>)] for JPA transaction
2026-03-16 16:56:17 [http-nio-8080-exec-2] DEBUG o.s.orm.jpa.JpaTransactionManager - Participating in existing transaction
2026-03-16 16:56:17 [http-nio-8080-exec-2] DEBUG org.hibernate.SQL - select u1_0.emplyr_id,u1_0.area_no,u1_0.brthdy,u1_0.chg_pwd_cnt,u1_0.frst_register_id,u1_0.frst_regist_pnttm,u1_0.detail_adres,u1_0.email_adres,u1_0.emplyr_sttus_code,u1_0.empl_no,u1_0.esntl_id,u1_0.fxnum,u1_0.group_id,u1_0.house_adres,u1_0.house_end_telno,u1_0.house_middle_telno,u1_0.ihidnum,u1_0.pstinst_code,u1_0.last_updusr_id,u1_0.last_updt_pnttm,u1_0.lock_at,u1_0.lock_cnt,u1_0.lock_last_pnttm,u1_0.mbtlnum,u1_0.ofcps_nm,u1_0.offm_telno,u1_0.orgnzt_id,u1_0.password,u1_0.password_cnsr,u1_0.password_hint,u1_0.chg_pwd_last_pnttm,u1_0.role,u1_0.sbscrb_de,u1_0.sexdstn_code,u1_0.crtfc_dn_value,u1_0.user_nm,u1_0.zip from nemplyrinfo u1_0 where u1_0.emplyr_id=?
2026-03-16 16:56:17 [http-nio-8080-exec-2] DEBUG o.s.orm.jpa.JpaTransactionManager - Found thread-bound EntityManager [SessionImpl(1252349843<open>)] for JPA transaction
2026-03-16 16:56:17 [http-nio-8080-exec-9] DEBUG o.s.orm.jpa.JpaTransactionManager - Found thread-bound EntityManager [SessionImpl(493488167<open>)] for JPA transaction
2026-03-16 16:56:17 [http-nio-8080-exec-2] DEBUG o.s.orm.jpa.JpaTransactionManager - Participating in existing transaction
2026-03-16 16:56:17 [http-nio-8080-exec-2] DEBUG org.hibernate.SQL - select ua1_0.scrty_dtrmn_trget_id,ua1_0.author_code,ua1_0.frst_register_id,ua1_0.frst_regist_pnttm,ua1_0.last_updusr_id,ua1_0.last_updt_pnttm,ua1_0.mber_ty_code from nemplyrscrtyestbs ua1_0 where ua1_0.scrty_dtrmn_trget_id=?
2026-03-16 16:56:17 [http-nio-8080-exec-9] DEBUG o.s.orm.jpa.JpaTransactionManager - Participating in existing transaction
2026-03-16 16:56:17 [http-nio-8080-exec-9] DEBUG org.hibernate.SQL - select ua1_0.scrty_dtrmn_trget_id,ua1_0.author_code,ua1_0.frst_register_id,ua1_0.frst_regist_pnttm,ua1_0.last_updusr_id,ua1_0.last_updt_pnttm,ua1_0.mber_ty_code from nemplyrscrtyestbs ua1_0 where ua1_0.scrty_dtrmn_trget_id=?
2026-03-16 16:56:17 [http-nio-8080-exec-9] DEBUG o.s.orm.jpa.JpaTransactionManager - Initiating transaction commit
2026-03-16 16:56:17 [http-nio-8080-exec-2] DEBUG o.s.orm.jpa.JpaTransactionManager - Initiating transaction commit
2026-03-16 16:56:17 [http-nio-8080-exec-9] DEBUG o.s.orm.jpa.JpaTransactionManager - Committing JPA transaction on EntityManager [SessionImpl(493488167<open>)]
2026-03-16 16:56:17 [http-nio-8080-exec-2] DEBUG o.s.orm.jpa.JpaTransactionManager - Committing JPA transaction on EntityManager [SessionImpl(1252349843<open>)]
2026-03-16 16:56:17 [http-nio-8080-exec-5] DEBUG o.s.orm.jpa.JpaTransactionManager - Found thread-bound EntityManager [SessionImpl(765753373<open>)] for JPA transaction
2026-03-16 16:56:17 [http-nio-8080-exec-5] DEBUG o.s.orm.jpa.JpaTransactionManager - Participating in existing transaction
2026-03-16 16:56:17 [http-nio-8080-exec-5] DEBUG org.hibernate.SQL - select p1_0.progrm_file_nm,p1_0.progrm_dc,p1_0.progrm_korean_nm,p1_0.progrm_stre_path,p1_0.url from nprogrmlist p1_0
2026-03-16 16:56:17 [http-nio-8080-exec-2] DEBUG o.s.orm.jpa.JpaTransactionManager - Closing JPA EntityManager [SessionImpl(1252349843<open>)] after transaction
2026-03-16 16:56:17 [http-nio-8080-exec-9] DEBUG o.s.orm.jpa.JpaTransactionManager - Closing JPA EntityManager [SessionImpl(493488167<open>)] after transaction
2026-03-16 16:56:17 [http-nio-8080-exec-2] DEBUG c.c.p.s.jwt.JwtAuthenticationFilter - >>> [JwtFilter] Successfully authenticated user: USRCNFRM_00000000002, Authorities: [ROLE_USER]
2026-03-16 16:56:17 [http-nio-8080-exec-9] DEBUG c.c.p.s.jwt.JwtAuthenticationFilter - >>> [JwtFilter] Successfully authenticated user: USRCNFRM_00000000002, Authorities: [ROLE_USER]
2026-03-16 16:56:17 [http-nio-8080-exec-9] DEBUG o.s.web.servlet.DispatcherServlet - GET "/api/v1/notifications", parameters={}
2026-03-16 16:56:17 [http-nio-8080-exec-2] DEBUG o.s.web.servlet.DispatcherServlet - GET "/api/v1/notifications/unread-count", parameters={}
2026-03-16 16:56:17 [http-nio-8080-exec-2] TRACE o.s.w.s.m.m.a.RequestMappingHandlerMapping - Mapped to com.company.project.api.controller.notification.NotificationController#getUnreadCount(UserDetails)
2026-03-16 16:56:17 [http-nio-8080-exec-9] TRACE o.s.w.s.m.m.a.RequestMappingHandlerMapping - Mapped to com.company.project.api.controller.notification.NotificationController#getMyNotifications(UserDetails)
2026-03-16 16:56:17 [http-nio-8080-exec-2] DEBUG o.s.orm.jpa.JpaTransactionManager - Creating new transaction with name [com.company.project.service.notification.NotificationService.getUnreadCount]: PROPAGATION_REQUIRED,ISOLATION_DEFAULT,readOnly
2026-03-16 16:56:17 [http-nio-8080-exec-2] DEBUG o.s.orm.jpa.JpaTransactionManager - Opened new EntityManager [SessionImpl(797433926<open>)] for JPA transaction
2026-03-16 16:56:17 [http-nio-8080-exec-2] DEBUG o.s.orm.jpa.JpaTransactionManager - Exposing JPA transaction as JDBC [org.springframework.orm.jpa.vendor.HibernateJpaDialect$HibernateConnectionHandle@7a1125ee]
2026-03-16 16:56:17 [http-nio-8080-exec-9] DEBUG o.s.orm.jpa.JpaTransactionManager - Creating new transaction with name [com.company.project.service.notification.NotificationService.getActiveNotifications]: PROPAGATION_REQUIRED,ISOLATION_DEFAULT,readOnly
2026-03-16 16:56:17 [http-nio-8080-exec-9] DEBUG o.s.orm.jpa.JpaTransactionManager - Opened new EntityManager [SessionImpl(1376520193<open>)] for JPA transaction
2026-03-16 16:56:17 [http-nio-8080-exec-9] DEBUG o.s.orm.jpa.JpaTransactionManager - Exposing JPA transaction as JDBC [org.springframework.orm.jpa.vendor.HibernateJpaDialect$HibernateConnectionHandle@364c973e]
2026-03-16 16:56:17 [http-nio-8080-exec-9] DEBUG o.s.orm.jpa.JpaTransactionManager - Found thread-bound EntityManager [SessionImpl(1376520193<open>)] for JPA transaction
2026-03-16 16:56:17 [http-nio-8080-exec-9] DEBUG o.s.orm.jpa.JpaTransactionManager - Participating in existing transaction
2026-03-16 16:56:17 [http-nio-8080-exec-2] DEBUG org.hibernate.SQL - select count(n1_0.ntcn_no) from n_user_notification n1_0 where n1_0.receiver_id=? and n1_0.is_read=?
2026-03-16 16:56:17 [http-nio-8080-exec-9] DEBUG org.hibernate.SQL - select n1_0.ntcn_no,n1_0.frst_register_id,n1_0.frst_regist_pnttm,n1_0.is_read,n1_0.last_updusr_id,n1_0.last_updt_pnttm,n1_0.link_url,n1_0.ntcn_cn,n1_0.ntcn_sj,n1_0.receiver_id from n_user_notification n1_0
2026-03-16 16:56:18 [http-nio-8080-exec-2] DEBUG o.s.orm.jpa.JpaTransactionManager - Initiating transaction commit
2026-03-16 16:56:18 [http-nio-8080-exec-9] DEBUG o.s.orm.jpa.JpaTransactionManager - Initiating transaction commit
2026-03-16 16:56:18 [http-nio-8080-exec-2] DEBUG o.s.orm.jpa.JpaTransactionManager - Committing JPA transaction on EntityManager [SessionImpl(797433926<open>)]
2026-03-16 16:56:18 [http-nio-8080-exec-9] DEBUG o.s.orm.jpa.JpaTransactionManager - Committing JPA transaction on EntityManager [SessionImpl(1376520193<open>)]
2026-03-16 16:56:18 [http-nio-8080-exec-9] DEBUG o.s.orm.jpa.JpaTransactionManager - Closing JPA EntityManager [SessionImpl(1376520193<open>)] after transaction
2026-03-16 16:56:18 [http-nio-8080-exec-9] DEBUG o.s.w.s.m.m.a.HttpEntityMethodProcessor - Using 'application/json', given [application/json, text/plain, */*] and supported [application/json, application/*+json, application/yaml]
2026-03-16 16:56:18 [http-nio-8080-exec-9] TRACE o.s.w.s.m.m.a.HttpEntityMethodProcessor - Writing [ApiResponse[success=true, status=200, code=COMMON_001, message=Success, data=[NotificationDto(ntfcNo=NT001, ntfcSj=테스트 알림입니다, ntfcCn=알림 내용입니다, ntfcDate=null, ntfcTime=2026-02-25T00:59:33.784070, bhNtfcIntrvl=null, uniqId=null, frstRegisterId=null, frstRegisterPnttm=2026-02-25T00:59:33.784070, lastUpdusrId=null, lastUpdusrPnttm=null)], timestamp=2026-03-16T16:56:18.298086300]]
2026-03-16 16:56:18 [http-nio-8080-exec-9] INFO  c.c.p.a.i.OperationalAuditInterceptor - API Audit Log: URL=/api/v1/notifications, User=user_regular, IP=127.0.0.1
2026-03-16 16:56:18 [http-nio-8080-exec-9] DEBUG o.s.web.servlet.DispatcherServlet - Completed 200 OK
2026-03-16 16:56:18 [http-nio-8080-exec-2] DEBUG o.s.orm.jpa.JpaTransactionManager - Closing JPA EntityManager [SessionImpl(797433926<open>)] after transaction
2026-03-16 16:56:18 [http-nio-8080-exec-2] DEBUG o.s.w.s.m.m.a.HttpEntityMethodProcessor - Using 'application/json', given [application/json, text/plain, */*] and supported [application/json, application/*+json, application/yaml]
2026-03-16 16:56:18 [http-nio-8080-exec-2] TRACE o.s.w.s.m.m.a.HttpEntityMethodProcessor - Writing [ApiResponse[success=true, status=200, code=COMMON_001, message=Success, data=0, timestamp=2026-03-16T16:56:18.299564200]]
2026-03-16 16:56:18 [http-nio-8080-exec-2] INFO  c.c.p.a.i.OperationalAuditInterceptor - API Audit Log: URL=/api/v1/notifications/unread-count, User=user_regular, IP=127.0.0.1
2026-03-16 16:56:18 [http-nio-8080-exec-2] DEBUG o.s.web.servlet.DispatcherServlet - Completed 200 OK
2026-03-16 16:56:18 [http-nio-8080-exec-7] DEBUG c.c.p.s.jwt.JwtAuthenticationFilter - >>> [JwtFilter] Processing request: GET /api/v1/notifications
2026-03-16 16:56:18 [http-nio-8080-exec-7] DEBUG c.c.p.s.jwt.JwtAuthenticationFilter - >>> [JwtFilter] Found token in header for path: /api/v1/notifications
2026-03-16 16:56:18 [http-nio-8080-exec-7] DEBUG o.s.orm.jpa.JpaTransactionManager - Creating new transaction with name [com.company.project.security.iam.CustomUserDetailsService.loadUserByUsername]: PROPAGATION_REQUIRED,ISOLATION_DEFAULT,readOnly
2026-03-16 16:56:18 [http-nio-8080-exec-7] DEBUG o.s.orm.jpa.JpaTransactionManager - Opened new EntityManager [SessionImpl(337344172<open>)] for JPA transaction
2026-03-16 16:56:18 [http-nio-8080-exec-10] DEBUG c.c.p.s.jwt.JwtAuthenticationFilter - >>> [JwtFilter] Processing request: GET /api/v1/notifications/unread-count
2026-03-16 16:56:18 [http-nio-8080-exec-10] DEBUG c.c.p.s.jwt.JwtAuthenticationFilter - >>> [JwtFilter] Found token in header for path: /api/v1/notifications/unread-count
2026-03-16 16:56:18 [http-nio-8080-exec-10] DEBUG o.s.orm.jpa.JpaTransactionManager - Creating new transaction with name [com.company.project.security.iam.CustomUserDetailsService.loadUserByUsername]: PROPAGATION_REQUIRED,ISOLATION_DEFAULT,readOnly
2026-03-16 16:56:18 [http-nio-8080-exec-10] DEBUG o.s.orm.jpa.JpaTransactionManager - Opened new EntityManager [SessionImpl(1376679790<open>)] for JPA transaction
2026-03-16 16:56:18 [http-nio-8080-exec-7] DEBUG o.s.orm.jpa.JpaTransactionManager - Exposing JPA transaction as JDBC [org.springframework.orm.jpa.vendor.HibernateJpaDialect$HibernateConnectionHandle@1a13947]
2026-03-16 16:56:18 [http-nio-8080-exec-10] DEBUG o.s.orm.jpa.JpaTransactionManager - Exposing JPA transaction as JDBC [org.springframework.orm.jpa.vendor.HibernateJpaDialect$HibernateConnectionHandle@79f9bda3]
2026-03-16 16:56:18 [http-nio-8080-exec-7] DEBUG o.s.orm.jpa.JpaTransactionManager - Found thread-bound EntityManager [SessionImpl(337344172<open>)] for JPA transaction
2026-03-16 16:56:18 [http-nio-8080-exec-10] DEBUG o.s.orm.jpa.JpaTransactionManager - Found thread-bound EntityManager [SessionImpl(1376679790<open>)] for JPA transaction
2026-03-16 16:56:18 [http-nio-8080-exec-7] DEBUG o.s.orm.jpa.JpaTransactionManager - Participating in existing transaction
2026-03-16 16:56:18 [http-nio-8080-exec-10] DEBUG o.s.orm.jpa.JpaTransactionManager - Participating in existing transaction
2026-03-16 16:56:18 [http-nio-8080-exec-10] DEBUG org.hibernate.SQL - select u1_0.emplyr_id,u1_0.area_no,u1_0.brthdy,u1_0.chg_pwd_cnt,u1_0.frst_register_id,u1_0.frst_regist_pnttm,u1_0.detail_adres,u1_0.email_adres,u1_0.emplyr_sttus_code,u1_0.empl_no,u1_0.esntl_id,u1_0.fxnum,u1_0.group_id,u1_0.house_adres,u1_0.house_end_telno,u1_0.house_middle_telno,u1_0.ihidnum,u1_0.pstinst_code,u1_0.last_updusr_id,u1_0.last_updt_pnttm,u1_0.lock_at,u1_0.lock_cnt,u1_0.lock_last_pnttm,u1_0.mbtlnum,u1_0.ofcps_nm,u1_0.offm_telno,u1_0.orgnzt_id,u1_0.password,u1_0.password_cnsr,u1_0.password_hint,u1_0.chg_pwd_last_pnttm,u1_0.role,u1_0.sbscrb_de,u1_0.sexdstn_code,u1_0.crtfc_dn_value,u1_0.user_nm,u1_0.zip from nemplyrinfo u1_0 where u1_0.emplyr_id=?
2026-03-16 16:56:18 [http-nio-8080-exec-7] DEBUG org.hibernate.SQL - select u1_0.emplyr_id,u1_0.area_no,u1_0.brthdy,u1_0.chg_pwd_cnt,u1_0.frst_register_id,u1_0.frst_regist_pnttm,u1_0.detail_adres,u1_0.email_adres,u1_0.emplyr_sttus_code,u1_0.empl_no,u1_0.esntl_id,u1_0.fxnum,u1_0.group_id,u1_0.house_adres,u1_0.house_end_telno,u1_0.house_middle_telno,u1_0.ihidnum,u1_0.pstinst_code,u1_0.last_updusr_id,u1_0.last_updt_pnttm,u1_0.lock_at,u1_0.lock_cnt,u1_0.lock_last_pnttm,u1_0.mbtlnum,u1_0.ofcps_nm,u1_0.offm_telno,u1_0.orgnzt_id,u1_0.password,u1_0.password_cnsr,u1_0.password_hint,u1_0.chg_pwd_last_pnttm,u1_0.role,u1_0.sbscrb_de,u1_0.sexdstn_code,u1_0.crtfc_dn_value,u1_0.user_nm,u1_0.zip from nemplyrinfo u1_0 where u1_0.emplyr_id=?
2026-03-16 16:56:18 [http-nio-8080-exec-5] DEBUG o.s.orm.jpa.JpaTransactionManager - Initiating transaction commit
2026-03-16 16:56:18 [http-nio-8080-exec-5] DEBUG o.s.orm.jpa.JpaTransactionManager - Committing JPA transaction on EntityManager [SessionImpl(765753373<open>)]
2026-03-16 16:56:18 [http-nio-8080-exec-5] DEBUG o.s.orm.jpa.JpaTransactionManager - Closing JPA EntityManager [SessionImpl(765753373<open>)] after transaction
2026-03-16 16:56:18 [http-nio-8080-exec-7] DEBUG o.s.orm.jpa.JpaTransactionManager - Found thread-bound EntityManager [SessionImpl(337344172<open>)] for JPA transaction
2026-03-16 16:56:18 [http-nio-8080-exec-10] DEBUG o.s.orm.jpa.JpaTransactionManager - Found thread-bound EntityManager [SessionImpl(1376679790<open>)] for JPA transaction
2026-03-16 16:56:18 [http-nio-8080-exec-7] DEBUG o.s.orm.jpa.JpaTransactionManager - Participating in existing transaction
2026-03-16 16:56:18 [http-nio-8080-exec-5] INFO  c.c.p.a.c.menu.MenuController - getLeftMenu returned 5 items
2026-03-16 16:56:18 [http-nio-8080-exec-10] DEBUG o.s.orm.jpa.JpaTransactionManager - Participating in existing transaction
2026-03-16 16:56:18 [http-nio-8080-exec-7] DEBUG org.hibernate.SQL - select ua1_0.scrty_dtrmn_trget_id,ua1_0.author_code,ua1_0.frst_register_id,ua1_0.frst_regist_pnttm,ua1_0.last_updusr_id,ua1_0.last_updt_pnttm,ua1_0.mber_ty_code from nemplyrscrtyestbs ua1_0 where ua1_0.scrty_dtrmn_trget_id=?
2026-03-16 16:56:18 [http-nio-8080-exec-10] DEBUG org.hibernate.SQL - select ua1_0.scrty_dtrmn_trget_id,ua1_0.author_code,ua1_0.frst_register_id,ua1_0.frst_regist_pnttm,ua1_0.last_updusr_id,ua1_0.last_updt_pnttm,ua1_0.mber_ty_code from nemplyrscrtyestbs ua1_0 where ua1_0.scrty_dtrmn_trget_id=?
2026-03-16 16:56:18 [http-nio-8080-exec-5] DEBUG o.s.w.s.m.m.a.HttpEntityMethodProcessor - Using 'application/json', given [application/json, text/plain, */*] and supported [application/json, application/*+json, application/yaml]
2026-03-16 16:56:18 [http-nio-8080-exec-5] TRACE o.s.w.s.m.m.a.HttpEntityMethodProcessor - Writing [ApiResponse[success=true, status=200, code=COMMON_001, message=Success, data={list=[com.company.project.service.menu.dto.MenuDto@6f7f3bac, com.company.project.service.menu.dto.MenuDto@c9cf3ae, com.company.project.service.menu.dto.MenuDto@4a696d5d, com.company.project.service.menu.dto.MenuDto@15a39896, com.company.project.service.menu.dto.MenuDto@39763d5]}, timestamp=2026-03-16T16:56:18.620704500]]
2026-03-16 16:56:18 [http-nio-8080-exec-5] INFO  c.c.p.a.i.OperationalAuditInterceptor - API Audit Log: URL=/api/v1/menu/left, User=user_regular, IP=127.0.0.1
2026-03-16 16:56:18 [http-nio-8080-exec-5] DEBUG o.s.web.servlet.DispatcherServlet - Completed 200 OK
2026-03-16 16:56:18 [http-nio-8080-exec-1] DEBUG c.c.p.s.jwt.JwtAuthenticationFilter - >>> [JwtFilter] Processing request: GET /api/v1/menu/left
2026-03-16 16:56:18 [http-nio-8080-exec-1] DEBUG c.c.p.s.jwt.JwtAuthenticationFilter - >>> [JwtFilter] Found token in header for path: /api/v1/menu/left
2026-03-16 16:56:18 [http-nio-8080-exec-1] DEBUG o.s.orm.jpa.JpaTransactionManager - Creating new transaction with name [com.company.project.security.iam.CustomUserDetailsService.loadUserByUsername]: PROPAGATION_REQUIRED,ISOLATION_DEFAULT,readOnly
2026-03-16 16:56:18 [http-nio-8080-exec-1] DEBUG o.s.orm.jpa.JpaTransactionManager - Opened new EntityManager [SessionImpl(1031090987<open>)] for JPA transaction
2026-03-16 16:56:18 [http-nio-8080-exec-7] DEBUG o.s.orm.jpa.JpaTransactionManager - Initiating transaction commit
2026-03-16 16:56:18 [http-nio-8080-exec-10] DEBUG o.s.orm.jpa.JpaTransactionManager - Initiating transaction commit
2026-03-16 16:56:18 [http-nio-8080-exec-7] DEBUG o.s.orm.jpa.JpaTransactionManager - Committing JPA transaction on EntityManager [SessionImpl(337344172<open>)]
2026-03-16 16:56:18 [http-nio-8080-exec-10] DEBUG o.s.orm.jpa.JpaTransactionManager - Committing JPA transaction on EntityManager [SessionImpl(1376679790<open>)]
2026-03-16 16:56:18 [http-nio-8080-exec-1] DEBUG o.s.orm.jpa.JpaTransactionManager - Exposing JPA transaction as JDBC [org.springframework.orm.jpa.vendor.HibernateJpaDialect$HibernateConnectionHandle@2cbb6071]
2026-03-16 16:56:18 [http-nio-8080-exec-1] DEBUG o.s.orm.jpa.JpaTransactionManager - Found thread-bound EntityManager [SessionImpl(1031090987<open>)] for JPA transaction
2026-03-16 16:56:18 [http-nio-8080-exec-1] DEBUG o.s.orm.jpa.JpaTransactionManager - Participating in existing transaction
2026-03-16 16:56:18 [http-nio-8080-exec-1] DEBUG org.hibernate.SQL - select u1_0.emplyr_id,u1_0.area_no,u1_0.brthdy,u1_0.chg_pwd_cnt,u1_0.frst_register_id,u1_0.frst_regist_pnttm,u1_0.detail_adres,u1_0.email_adres,u1_0.emplyr_sttus_code,u1_0.empl_no,u1_0.esntl_id,u1_0.fxnum,u1_0.group_id,u1_0.house_adres,u1_0.house_end_telno,u1_0.house_middle_telno,u1_0.ihidnum,u1_0.pstinst_code,u1_0.last_updusr_id,u1_0.last_updt_pnttm,u1_0.lock_at,u1_0.lock_cnt,u1_0.lock_last_pnttm,u1_0.mbtlnum,u1_0.ofcps_nm,u1_0.offm_telno,u1_0.orgnzt_id,u1_0.password,u1_0.password_cnsr,u1_0.password_hint,u1_0.chg_pwd_last_pnttm,u1_0.role,u1_0.sbscrb_de,u1_0.sexdstn_code,u1_0.crtfc_dn_value,u1_0.user_nm,u1_0.zip from nemplyrinfo u1_0 where u1_0.emplyr_id=?
2026-03-16 16:56:18 [http-nio-8080-exec-1] DEBUG o.s.orm.jpa.JpaTransactionManager - Found thread-bound EntityManager [SessionImpl(1031090987<open>)] for JPA transaction
2026-03-16 16:56:18 [http-nio-8080-exec-1] DEBUG o.s.orm.jpa.JpaTransactionManager - Participating in existing transaction
2026-03-16 16:56:18 [http-nio-8080-exec-1] DEBUG org.hibernate.SQL - select ua1_0.scrty_dtrmn_trget_id,ua1_0.author_code,ua1_0.frst_register_id,ua1_0.frst_regist_pnttm,ua1_0.last_updusr_id,ua1_0.last_updt_pnttm,ua1_0.mber_ty_code from nemplyrscrtyestbs ua1_0 where ua1_0.scrty_dtrmn_trget_id=?
2026-03-16 16:56:18 [http-nio-8080-exec-7] DEBUG o.s.orm.jpa.JpaTransactionManager - Closing JPA EntityManager [SessionImpl(337344172<open>)] after transaction
2026-03-16 16:56:18 [http-nio-8080-exec-10] DEBUG o.s.orm.jpa.JpaTransactionManager - Closing JPA EntityManager [SessionImpl(1376679790<open>)] after transaction
2026-03-16 16:56:18 [http-nio-8080-exec-7] DEBUG c.c.p.s.jwt.JwtAuthenticationFilter - >>> [JwtFilter] Successfully authenticated user: USRCNFRM_00000000002, Authorities: [ROLE_USER]
2026-03-16 16:56:18 [http-nio-8080-exec-10] DEBUG c.c.p.s.jwt.JwtAuthenticationFilter - >>> [JwtFilter] Successfully authenticated user: USRCNFRM_00000000002, Authorities: [ROLE_USER]
2026-03-16 16:56:18 [http-nio-8080-exec-10] DEBUG o.s.web.servlet.DispatcherServlet - GET "/api/v1/notifications/unread-count", parameters={}
2026-03-16 16:56:18 [http-nio-8080-exec-7] DEBUG o.s.web.servlet.DispatcherServlet - GET "/api/v1/notifications", parameters={}
2026-03-16 16:56:18 [http-nio-8080-exec-7] TRACE o.s.w.s.m.m.a.RequestMappingHandlerMapping - Mapped to com.company.project.api.controller.notification.NotificationController#getMyNotifications(UserDetails)
2026-03-16 16:56:18 [http-nio-8080-exec-10] TRACE o.s.w.s.m.m.a.RequestMappingHandlerMapping - Mapped to com.company.project.api.controller.notification.NotificationController#getUnreadCount(UserDetails)
2026-03-16 16:56:18 [http-nio-8080-exec-7] DEBUG o.s.orm.jpa.JpaTransactionManager - Creating new transaction with name [com.company.project.service.notification.NotificationService.getActiveNotifications]: PROPAGATION_REQUIRED,ISOLATION_DEFAULT,readOnly
2026-03-16 16:56:18 [http-nio-8080-exec-10] DEBUG o.s.orm.jpa.JpaTransactionManager - Creating new transaction with name [com.company.project.service.notification.NotificationService.getUnreadCount]: PROPAGATION_REQUIRED,ISOLATION_DEFAULT,readOnly
2026-03-16 16:56:18 [http-nio-8080-exec-7] DEBUG o.s.orm.jpa.JpaTransactionManager - Opened new EntityManager [SessionImpl(605182919<open>)] for JPA transaction
2026-03-16 16:56:18 [http-nio-8080-exec-10] DEBUG o.s.orm.jpa.JpaTransactionManager - Opened new EntityManager [SessionImpl(883523015<open>)] for JPA transaction
2026-03-16 16:56:18 [http-nio-8080-exec-10] DEBUG o.s.orm.jpa.JpaTransactionManager - Exposing JPA transaction as JDBC [org.springframework.orm.jpa.vendor.HibernateJpaDialect$HibernateConnectionHandle@7b8256fb]
2026-03-16 16:56:18 [http-nio-8080-exec-7] DEBUG o.s.orm.jpa.JpaTransactionManager - Exposing JPA transaction as JDBC [org.springframework.orm.jpa.vendor.HibernateJpaDialect$HibernateConnectionHandle@407ac32a]
2026-03-16 16:56:18 [http-nio-8080-exec-7] DEBUG o.s.orm.jpa.JpaTransactionManager - Found thread-bound EntityManager [SessionImpl(605182919<open>)] for JPA transaction
2026-03-16 16:56:18 [http-nio-8080-exec-7] DEBUG o.s.orm.jpa.JpaTransactionManager - Participating in existing transaction
2026-03-16 16:56:18 [http-nio-8080-exec-7] DEBUG org.hibernate.SQL - select n1_0.ntcn_no,n1_0.frst_register_id,n1_0.frst_regist_pnttm,n1_0.is_read,n1_0.last_updusr_id,n1_0.last_updt_pnttm,n1_0.link_url,n1_0.ntcn_cn,n1_0.ntcn_sj,n1_0.receiver_id from n_user_notification n1_0
2026-03-16 16:56:18 [http-nio-8080-exec-10] DEBUG org.hibernate.SQL - select count(n1_0.ntcn_no) from n_user_notification n1_0 where n1_0.receiver_id=? and n1_0.is_read=?
2026-03-16 16:56:19 [http-nio-8080-exec-1] DEBUG o.s.orm.jpa.JpaTransactionManager - Initiating transaction commit
2026-03-16 16:56:19 [http-nio-8080-exec-1] DEBUG o.s.orm.jpa.JpaTransactionManager - Committing JPA transaction on EntityManager [SessionImpl(1031090987<open>)]
2026-03-16 16:56:19 [http-nio-8080-exec-7] DEBUG o.s.orm.jpa.JpaTransactionManager - Initiating transaction commit
2026-03-16 16:56:19 [http-nio-8080-exec-7] DEBUG o.s.orm.jpa.JpaTransactionManager - Committing JPA transaction on EntityManager [SessionImpl(605182919<open>)]
2026-03-16 16:56:19 [http-nio-8080-exec-10] DEBUG o.s.orm.jpa.JpaTransactionManager - Initiating transaction commit
2026-03-16 16:56:19 [http-nio-8080-exec-10] DEBUG o.s.orm.jpa.JpaTransactionManager - Committing JPA transaction on EntityManager [SessionImpl(883523015<open>)]
2026-03-16 16:56:19 [http-nio-8080-exec-1] DEBUG o.s.orm.jpa.JpaTransactionManager - Closing JPA EntityManager [SessionImpl(1031090987<open>)] after transaction
2026-03-16 16:56:19 [http-nio-8080-exec-1] DEBUG c.c.p.s.jwt.JwtAuthenticationFilter - >>> [JwtFilter] Successfully authenticated user: USRCNFRM_00000000002, Authorities: [ROLE_USER]
2026-03-16 16:56:19 [http-nio-8080-exec-1] DEBUG o.s.web.servlet.DispatcherServlet - GET "/api/v1/menu/left?menuNo=20", parameters={masked}
2026-03-16 16:56:19 [http-nio-8080-exec-1] TRACE o.s.w.s.m.m.a.RequestMappingHandlerMapping - Mapped to com.company.project.api.controller.menu.MenuController#getLeftMenu(Long)
2026-03-16 16:56:19 [http-nio-8080-exec-1] INFO  c.c.p.a.c.menu.MenuController - getLeftMenu called with menuNo=20
2026-03-16 16:56:19 [http-nio-8080-exec-1] DEBUG o.s.orm.jpa.JpaTransactionManager - Creating new transaction with name [com.company.project.service.menu.MenuService.getSubMenus]: PROPAGATION_REQUIRED,ISOLATION_DEFAULT,readOnly
2026-03-16 16:56:19 [http-nio-8080-exec-1] DEBUG o.s.orm.jpa.JpaTransactionManager - Opened new EntityManager [SessionImpl(327528714<open>)] for JPA transaction
2026-03-16 16:56:19 [http-nio-8080-exec-1] DEBUG o.s.orm.jpa.JpaTransactionManager - Exposing JPA transaction as JDBC [org.springframework.orm.jpa.vendor.HibernateJpaDialect$HibernateConnectionHandle@2f3ac9b4]
2026-03-16 16:56:19 [http-nio-8080-exec-1] DEBUG org.hibernate.SQL - select m1_0.menu_no,m1_0.menu_dc,m1_0.menu_nm,m1_0.menu_ordr,m1_0.modern_route,m1_0.progrm_file_nm,m1_0.relate_image_nm,m1_0.relate_image_path,m1_0.route_updated_at,m1_0.upper_menu_no from nmenuinfo m1_0 order by m1_0.upper_menu_no,m1_0.menu_ordr
2026-03-16 16:56:19 [http-nio-8080-exec-10] DEBUG o.s.orm.jpa.JpaTransactionManager - Closing JPA EntityManager [SessionImpl(883523015<open>)] after transaction
2026-03-16 16:56:19 [http-nio-8080-exec-7] DEBUG o.s.orm.jpa.JpaTransactionManager - Closing JPA EntityManager [SessionImpl(605182919<open>)] after transaction
2026-03-16 16:56:19 [http-nio-8080-exec-10] DEBUG o.s.w.s.m.m.a.HttpEntityMethodProcessor - Using 'application/json', given [application/json, text/plain, */*] and supported [application/json, application/*+json, application/yaml]
2026-03-16 16:56:19 [http-nio-8080-exec-7] DEBUG o.s.w.s.m.m.a.HttpEntityMethodProcessor - Using 'application/json', given [application/json, text/plain, */*] and supported [application/json, application/*+json, application/yaml]
2026-03-16 16:56:19 [http-nio-8080-exec-10] TRACE o.s.w.s.m.m.a.HttpEntityMethodProcessor - Writing [ApiResponse[success=true, status=200, code=COMMON_001, message=Success, data=0, timestamp=2026-03-16T16:56:19.259948400]]
2026-03-16 16:56:19 [http-nio-8080-exec-7] TRACE o.s.w.s.m.m.a.HttpEntityMethodProcessor - Writing [ApiResponse[success=true, status=200, code=COMMON_001, message=Success, data=[NotificationDto(ntfcNo=NT001, ntfcSj=테스트 알림입니다, ntfcCn=알림 내용입니다, ntfcDate=null, ntfcTime=2026-02-25T00:59:33.784070, bhNtfcIntrvl=null, uniqId=null, frstRegisterId=null, frstRegisterPnttm=2026-02-25T00:59:33.784070, lastUpdusrId=null, lastUpdusrPnttm=null)], timestamp=2026-03-16T16:56:19.259948400]]
2026-03-16 16:56:19 [http-nio-8080-exec-10] INFO  c.c.p.a.i.OperationalAuditInterceptor - API Audit Log: URL=/api/v1/notifications/unread-count, User=user_regular, IP=127.0.0.1
2026-03-16 16:56:19 [http-nio-8080-exec-7] INFO  c.c.p.a.i.OperationalAuditInterceptor - API Audit Log: URL=/api/v1/notifications, User=user_regular, IP=127.0.0.1
2026-03-16 16:56:19 [http-nio-8080-exec-10] DEBUG o.s.web.servlet.DispatcherServlet - Completed 200 OK
2026-03-16 16:56:19 [http-nio-8080-exec-7] DEBUG o.s.web.servlet.DispatcherServlet - Completed 200 OK
2026-03-16 16:56:19 [http-nio-8080-exec-1] DEBUG o.s.orm.jpa.JpaTransactionManager - Found thread-bound EntityManager [SessionImpl(327528714<open>)] for JPA transaction
2026-03-16 16:56:19 [http-nio-8080-exec-1] DEBUG o.s.orm.jpa.JpaTransactionManager - Participating in existing transaction
2026-03-16 16:56:19 [http-nio-8080-exec-1] DEBUG org.hibernate.SQL - select p1_0.progrm_file_nm,p1_0.progrm_dc,p1_0.progrm_korean_nm,p1_0.progrm_stre_path,p1_0.url from nprogrmlist p1_0
2026-03-16 16:56:19 [http-nio-8080-exec-1] DEBUG o.s.orm.jpa.JpaTransactionManager - Initiating transaction commit
2026-03-16 16:56:19 [http-nio-8080-exec-1] DEBUG o.s.orm.jpa.JpaTransactionManager - Committing JPA transaction on EntityManager [SessionImpl(327528714<open>)]
2026-03-16 16:56:20 [http-nio-8080-exec-1] DEBUG o.s.orm.jpa.JpaTransactionManager - Closing JPA EntityManager [SessionImpl(327528714<open>)] after transaction
2026-03-16 16:56:20 [http-nio-8080-exec-1] INFO  c.c.p.a.c.menu.MenuController - getLeftMenu returned 3 items
2026-03-16 16:56:20 [http-nio-8080-exec-1] DEBUG o.s.w.s.m.m.a.HttpEntityMethodProcessor - Using 'application/json', given [application/json, text/plain, */*] and supported [application/json, application/*+json, application/yaml]
2026-03-16 16:56:20 [http-nio-8080-exec-1] TRACE o.s.w.s.m.m.a.HttpEntityMethodProcessor - Writing [ApiResponse[success=true, status=200, code=COMMON_001, message=Success, data={list=[com.company.project.service.menu.dto.MenuDto@19c16f13, com.company.project.service.menu.dto.MenuDto@68074fed, com.company.project.service.menu.dto.MenuDto@30fbb48b]}, timestamp=2026-03-16T16:56:20.005620200]]
2026-03-16 16:56:20 [http-nio-8080-exec-1] INFO  c.c.p.a.i.OperationalAuditInterceptor - API Audit Log: URL=/api/v1/menu/left, User=user_regular, IP=127.0.0.1
2026-03-16 16:56:20 [http-nio-8080-exec-1] DEBUG o.s.web.servlet.DispatcherServlet - Completed 200 OK
2026-03-16 16:56:20 [http-nio-8080-exec-4] DEBUG c.c.p.s.jwt.JwtAuthenticationFilter - >>> [JwtFilter] Processing request: GET /api/v1/menu/left
2026-03-16 16:56:20 [http-nio-8080-exec-4] DEBUG c.c.p.s.jwt.JwtAuthenticationFilter - >>> [JwtFilter] Found token in header for path: /api/v1/menu/left
2026-03-16 16:56:20 [http-nio-8080-exec-4] DEBUG o.s.orm.jpa.JpaTransactionManager - Creating new transaction with name [com.company.project.security.iam.CustomUserDetailsService.loadUserByUsername]: PROPAGATION_REQUIRED,ISOLATION_DEFAULT,readOnly
2026-03-16 16:56:20 [http-nio-8080-exec-4] DEBUG o.s.orm.jpa.JpaTransactionManager - Opened new EntityManager [SessionImpl(2076197116<open>)] for JPA transaction
2026-03-16 16:56:20 [http-nio-8080-exec-4] DEBUG o.s.orm.jpa.JpaTransactionManager - Exposing JPA transaction as JDBC [org.springframework.orm.jpa.vendor.HibernateJpaDialect$HibernateConnectionHandle@273c7063]
2026-03-16 16:56:20 [http-nio-8080-exec-4] DEBUG o.s.orm.jpa.JpaTransactionManager - Found thread-bound EntityManager [SessionImpl(2076197116<open>)] for JPA transaction
2026-03-16 16:56:20 [http-nio-8080-exec-4] DEBUG o.s.orm.jpa.JpaTransactionManager - Participating in existing transaction
2026-03-16 16:56:20 [http-nio-8080-exec-4] DEBUG org.hibernate.SQL - select u1_0.emplyr_id,u1_0.area_no,u1_0.brthdy,u1_0.chg_pwd_cnt,u1_0.frst_register_id,u1_0.frst_regist_pnttm,u1_0.detail_adres,u1_0.email_adres,u1_0.emplyr_sttus_code,u1_0.empl_no,u1_0.esntl_id,u1_0.fxnum,u1_0.group_id,u1_0.house_adres,u1_0.house_end_telno,u1_0.house_middle_telno,u1_0.ihidnum,u1_0.pstinst_code,u1_0.last_updusr_id,u1_0.last_updt_pnttm,u1_0.lock_at,u1_0.lock_cnt,u1_0.lock_last_pnttm,u1_0.mbtlnum,u1_0.ofcps_nm,u1_0.offm_telno,u1_0.orgnzt_id,u1_0.password,u1_0.password_cnsr,u1_0.password_hint,u1_0.chg_pwd_last_pnttm,u1_0.role,u1_0.sbscrb_de,u1_0.sexdstn_code,u1_0.crtfc_dn_value,u1_0.user_nm,u1_0.zip from nemplyrinfo u1_0 where u1_0.emplyr_id=?
2026-03-16 16:56:20 [http-nio-8080-exec-4] DEBUG o.s.orm.jpa.JpaTransactionManager - Found thread-bound EntityManager [SessionImpl(2076197116<open>)] for JPA transaction
2026-03-16 16:56:20 [http-nio-8080-exec-4] DEBUG o.s.orm.jpa.JpaTransactionManager - Participating in existing transaction
2026-03-16 16:56:20 [http-nio-8080-exec-4] DEBUG org.hibernate.SQL - select ua1_0.scrty_dtrmn_trget_id,ua1_0.author_code,ua1_0.frst_register_id,ua1_0.frst_regist_pnttm,ua1_0.last_updusr_id,ua1_0.last_updt_pnttm,ua1_0.mber_ty_code from nemplyrscrtyestbs ua1_0 where ua1_0.scrty_dtrmn_trget_id=?
2026-03-16 16:56:20 [http-nio-8080-exec-4] DEBUG o.s.orm.jpa.JpaTransactionManager - Initiating transaction commit
2026-03-16 16:56:20 [http-nio-8080-exec-4] DEBUG o.s.orm.jpa.JpaTransactionManager - Committing JPA transaction on EntityManager [SessionImpl(2076197116<open>)]
2026-03-16 16:56:20 [http-nio-8080-exec-4] DEBUG o.s.orm.jpa.JpaTransactionManager - Closing JPA EntityManager [SessionImpl(2076197116<open>)] after transaction
2026-03-16 16:56:20 [http-nio-8080-exec-4] DEBUG c.c.p.s.jwt.JwtAuthenticationFilter - >>> [JwtFilter] Successfully authenticated user: USRCNFRM_00000000002, Authorities: [ROLE_USER]
2026-03-16 16:56:20 [http-nio-8080-exec-4] DEBUG o.s.web.servlet.DispatcherServlet - GET "/api/v1/menu/left?menuNo=40", parameters={masked}
2026-03-16 16:56:20 [http-nio-8080-exec-4] TRACE o.s.w.s.m.m.a.RequestMappingHandlerMapping - Mapped to com.company.project.api.controller.menu.MenuController#getLeftMenu(Long)
2026-03-16 16:56:20 [http-nio-8080-exec-4] INFO  c.c.p.a.c.menu.MenuController - getLeftMenu called with menuNo=40
2026-03-16 16:56:20 [http-nio-8080-exec-4] DEBUG o.s.orm.jpa.JpaTransactionManager - Creating new transaction with name [com.company.project.service.menu.MenuService.getSubMenus]: PROPAGATION_REQUIRED,ISOLATION_DEFAULT,readOnly
2026-03-16 16:56:20 [http-nio-8080-exec-4] DEBUG o.s.orm.jpa.JpaTransactionManager - Opened new EntityManager [SessionImpl(505546601<open>)] for JPA transaction
2026-03-16 16:56:20 [http-nio-8080-exec-4] DEBUG o.s.orm.jpa.JpaTransactionManager - Exposing JPA transaction as JDBC [org.springframework.orm.jpa.vendor.HibernateJpaDialect$HibernateConnectionHandle@d957528]
2026-03-16 16:56:20 [http-nio-8080-exec-4] DEBUG org.hibernate.SQL - select m1_0.menu_no,m1_0.menu_dc,m1_0.menu_nm,m1_0.menu_ordr,m1_0.modern_route,m1_0.progrm_file_nm,m1_0.relate_image_nm,m1_0.relate_image_path,m1_0.route_updated_at,m1_0.upper_menu_no from nmenuinfo m1_0 order by m1_0.upper_menu_no,m1_0.menu_ordr
2026-03-16 16:56:20 [http-nio-8080-exec-4] DEBUG o.s.orm.jpa.JpaTransactionManager - Found thread-bound EntityManager [SessionImpl(505546601<open>)] for JPA transaction
2026-03-16 16:56:20 [http-nio-8080-exec-4] DEBUG o.s.orm.jpa.JpaTransactionManager - Participating in existing transaction
2026-03-16 16:56:20 [http-nio-8080-exec-4] DEBUG org.hibernate.SQL - select p1_0.progrm_file_nm,p1_0.progrm_dc,p1_0.progrm_korean_nm,p1_0.progrm_stre_path,p1_0.url from nprogrmlist p1_0
2026-03-16 16:56:21 [http-nio-8080-exec-4] DEBUG o.s.orm.jpa.JpaTransactionManager - Initiating transaction commit
2026-03-16 16:56:21 [http-nio-8080-exec-4] DEBUG o.s.orm.jpa.JpaTransactionManager - Committing JPA transaction on EntityManager [SessionImpl(505546601<open>)]
2026-03-16 16:56:21 [http-nio-8080-exec-4] DEBUG o.s.orm.jpa.JpaTransactionManager - Closing JPA EntityManager [SessionImpl(505546601<open>)] after transaction
2026-03-16 16:56:21 [http-nio-8080-exec-4] INFO  c.c.p.a.c.menu.MenuController - getLeftMenu returned 2 items
2026-03-16 16:56:21 [http-nio-8080-exec-4] DEBUG o.s.w.s.m.m.a.HttpEntityMethodProcessor - Using 'application/json', given [application/json, text/plain, */*] and supported [application/json, application/*+json, application/yaml]
2026-03-16 16:56:21 [http-nio-8080-exec-4] TRACE o.s.w.s.m.m.a.HttpEntityMethodProcessor - Writing [ApiResponse[success=true, status=200, code=COMMON_001, message=Success, data={list=[com.company.project.service.menu.dto.MenuDto@4844f91, com.company.project.service.menu.dto.MenuDto@305ee974]}, timestamp=2026-03-16T16:56:21.223703900]]
2026-03-16 16:56:21 [http-nio-8080-exec-4] INFO  c.c.p.a.i.OperationalAuditInterceptor - API Audit Log: URL=/api/v1/menu/left, User=user_regular, IP=127.0.0.1
2026-03-16 16:56:21 [http-nio-8080-exec-4] DEBUG o.s.web.servlet.DispatcherServlet - Completed 200 OK
2026-03-16 16:56:21 [http-nio-8080-exec-5] DEBUG c.c.p.s.jwt.JwtAuthenticationFilter - >>> [JwtFilter] Processing request: GET /api/v1/menu/left
2026-03-16 16:56:21 [http-nio-8080-exec-5] DEBUG c.c.p.s.jwt.JwtAuthenticationFilter - >>> [JwtFilter] Found token in header for path: /api/v1/menu/left
2026-03-16 16:56:21 [http-nio-8080-exec-5] DEBUG o.s.orm.jpa.JpaTransactionManager - Creating new transaction with name [com.company.project.security.iam.CustomUserDetailsService.loadUserByUsername]: PROPAGATION_REQUIRED,ISOLATION_DEFAULT,readOnly
2026-03-16 16:56:21 [http-nio-8080-exec-5] DEBUG o.s.orm.jpa.JpaTransactionManager - Opened new EntityManager [SessionImpl(1753084298<open>)] for JPA transaction
2026-03-16 16:56:21 [http-nio-8080-exec-5] DEBUG o.s.orm.jpa.JpaTransactionManager - Exposing JPA transaction as JDBC [org.springframework.orm.jpa.vendor.HibernateJpaDialect$HibernateConnectionHandle@697f7a5d]
2026-03-16 16:56:21 [http-nio-8080-exec-5] DEBUG o.s.orm.jpa.JpaTransactionManager - Found thread-bound EntityManager [SessionImpl(1753084298<open>)] for JPA transaction
2026-03-16 16:56:21 [http-nio-8080-exec-5] DEBUG o.s.orm.jpa.JpaTransactionManager - Participating in existing transaction
2026-03-16 16:56:21 [http-nio-8080-exec-5] DEBUG org.hibernate.SQL - select u1_0.emplyr_id,u1_0.area_no,u1_0.brthdy,u1_0.chg_pwd_cnt,u1_0.frst_register_id,u1_0.frst_regist_pnttm,u1_0.detail_adres,u1_0.email_adres,u1_0.emplyr_sttus_code,u1_0.empl_no,u1_0.esntl_id,u1_0.fxnum,u1_0.group_id,u1_0.house_adres,u1_0.house_end_telno,u1_0.house_middle_telno,u1_0.ihidnum,u1_0.pstinst_code,u1_0.last_updusr_id,u1_0.last_updt_pnttm,u1_0.lock_at,u1_0.lock_cnt,u1_0.lock_last_pnttm,u1_0.mbtlnum,u1_0.ofcps_nm,u1_0.offm_telno,u1_0.orgnzt_id,u1_0.password,u1_0.password_cnsr,u1_0.password_hint,u1_0.chg_pwd_last_pnttm,u1_0.role,u1_0.sbscrb_de,u1_0.sexdstn_code,u1_0.crtfc_dn_value,u1_0.user_nm,u1_0.zip from nemplyrinfo u1_0 where u1_0.emplyr_id=?
2026-03-16 16:56:21 [MessageBroker-7] DEBUG o.s.w.s.s.t.h.DefaultSockJsService - Closed 1 sessions: [amtac5jc]
2026-03-16 16:56:21 [http-nio-8080-exec-5] DEBUG o.s.orm.jpa.JpaTransactionManager - Found thread-bound EntityManager [SessionImpl(1753084298<open>)] for JPA transaction
2026-03-16 16:56:21 [http-nio-8080-exec-5] DEBUG o.s.orm.jpa.JpaTransactionManager - Participating in existing transaction
2026-03-16 16:56:21 [http-nio-8080-exec-5] DEBUG org.hibernate.SQL - select ua1_0.scrty_dtrmn_trget_id,ua1_0.author_code,ua1_0.frst_register_id,ua1_0.frst_regist_pnttm,ua1_0.last_updusr_id,ua1_0.last_updt_pnttm,ua1_0.mber_ty_code from nemplyrscrtyestbs ua1_0 where ua1_0.scrty_dtrmn_trget_id=?
2026-03-16 16:56:21 [http-nio-8080-exec-5] DEBUG o.s.orm.jpa.JpaTransactionManager - Initiating transaction commit
2026-03-16 16:56:21 [http-nio-8080-exec-5] DEBUG o.s.orm.jpa.JpaTransactionManager - Committing JPA transaction on EntityManager [SessionImpl(1753084298<open>)]
2026-03-16 16:56:21 [http-nio-8080-exec-5] DEBUG o.s.orm.jpa.JpaTransactionManager - Closing JPA EntityManager [SessionImpl(1753084298<open>)] after transaction
2026-03-16 16:56:21 [http-nio-8080-exec-5] DEBUG c.c.p.s.jwt.JwtAuthenticationFilter - >>> [JwtFilter] Successfully authenticated user: USRCNFRM_00000000002, Authorities: [ROLE_USER]
2026-03-16 16:56:21 [http-nio-8080-exec-5] DEBUG o.s.web.servlet.DispatcherServlet - GET "/api/v1/menu/left?menuNo=50", parameters={masked}
2026-03-16 16:56:21 [http-nio-8080-exec-5] TRACE o.s.w.s.m.m.a.RequestMappingHandlerMapping - Mapped to com.company.project.api.controller.menu.MenuController#getLeftMenu(Long)
2026-03-16 16:56:21 [http-nio-8080-exec-5] INFO  c.c.p.a.c.menu.MenuController - getLeftMenu called with menuNo=50
2026-03-16 16:56:21 [http-nio-8080-exec-5] DEBUG o.s.orm.jpa.JpaTransactionManager - Creating new transaction with name [com.company.project.service.menu.MenuService.getSubMenus]: PROPAGATION_REQUIRED,ISOLATION_DEFAULT,readOnly
2026-03-16 16:56:21 [http-nio-8080-exec-5] DEBUG o.s.orm.jpa.JpaTransactionManager - Opened new EntityManager [SessionImpl(290293766<open>)] for JPA transaction
2026-03-16 16:56:21 [http-nio-8080-exec-5] DEBUG o.s.orm.jpa.JpaTransactionManager - Exposing JPA transaction as JDBC [org.springframework.orm.jpa.vendor.HibernateJpaDialect$HibernateConnectionHandle@14efe42c]
2026-03-16 16:56:21 [http-nio-8080-exec-5] DEBUG org.hibernate.SQL - select m1_0.menu_no,m1_0.menu_dc,m1_0.menu_nm,m1_0.menu_ordr,m1_0.modern_route,m1_0.progrm_file_nm,m1_0.relate_image_nm,m1_0.relate_image_path,m1_0.route_updated_at,m1_0.upper_menu_no from nmenuinfo m1_0 order by m1_0.upper_menu_no,m1_0.menu_ordr
2026-03-16 16:56:22 [http-nio-8080-exec-5] DEBUG o.s.orm.jpa.JpaTransactionManager - Found thread-bound EntityManager [SessionImpl(290293766<open>)] for JPA transaction
2026-03-16 16:56:22 [http-nio-8080-exec-5] DEBUG o.s.orm.jpa.JpaTransactionManager - Participating in existing transaction
2026-03-16 16:56:22 [http-nio-8080-exec-5] DEBUG org.hibernate.SQL - select p1_0.progrm_file_nm,p1_0.progrm_dc,p1_0.progrm_korean_nm,p1_0.progrm_stre_path,p1_0.url from nprogrmlist p1_0
2026-03-16 16:56:22 [http-nio-8080-exec-5] DEBUG o.s.orm.jpa.JpaTransactionManager - Initiating transaction commit
2026-03-16 16:56:22 [http-nio-8080-exec-5] DEBUG o.s.orm.jpa.JpaTransactionManager - Committing JPA transaction on EntityManager [SessionImpl(290293766<open>)]
2026-03-16 16:56:22 [http-nio-8080-exec-5] DEBUG o.s.orm.jpa.JpaTransactionManager - Closing JPA EntityManager [SessionImpl(290293766<open>)] after transaction
2026-03-16 16:56:22 [http-nio-8080-exec-5] INFO  c.c.p.a.c.menu.MenuController - getLeftMenu returned 3 items
2026-03-16 16:56:22 [http-nio-8080-exec-5] DEBUG o.s.w.s.m.m.a.HttpEntityMethodProcessor - Using 'application/json', given [application/json, text/plain, */*] and supported [application/json, application/*+json, application/yaml]
2026-03-16 16:56:22 [http-nio-8080-exec-5] TRACE o.s.w.s.m.m.a.HttpEntityMethodProcessor - Writing [ApiResponse[success=true, status=200, code=COMMON_001, message=Success, data={list=[com.company.project.service.menu.dto.MenuDto@32cf4ed2, com.company.project.service.menu.dto.MenuDto@2632698c, com.company.project.service.menu.dto.MenuDto@65d498c9]}, timestamp=2026-03-16T16:56:22.641888100]]
2026-03-16 16:56:22 [http-nio-8080-exec-5] INFO  c.c.p.a.i.OperationalAuditInterceptor - API Audit Log: URL=/api/v1/menu/left, User=user_regular, IP=127.0.0.1
2026-03-16 16:56:22 [http-nio-8080-exec-5] DEBUG o.s.web.servlet.DispatcherServlet - Completed 200 OK
2026-03-16 16:56:22 [http-nio-8080-exec-10] DEBUG c.c.p.s.jwt.JwtAuthenticationFilter - >>> [JwtFilter] Processing request: GET /api/v1/menu/left
2026-03-16 16:56:22 [http-nio-8080-exec-10] DEBUG c.c.p.s.jwt.JwtAuthenticationFilter - >>> [JwtFilter] Found token in header for path: /api/v1/menu/left
2026-03-16 16:56:22 [http-nio-8080-exec-10] DEBUG o.s.orm.jpa.JpaTransactionManager - Creating new transaction with name [com.company.project.security.iam.CustomUserDetailsService.loadUserByUsername]: PROPAGATION_REQUIRED,ISOLATION_DEFAULT,readOnly
2026-03-16 16:56:22 [http-nio-8080-exec-10] DEBUG o.s.orm.jpa.JpaTransactionManager - Opened new EntityManager [SessionImpl(1112920511<open>)] for JPA transaction
2026-03-16 16:56:22 [http-nio-8080-exec-10] DEBUG o.s.orm.jpa.JpaTransactionManager - Exposing JPA transaction as JDBC [org.springframework.orm.jpa.vendor.HibernateJpaDialect$HibernateConnectionHandle@56eb4dbb]
2026-03-16 16:56:22 [http-nio-8080-exec-10] DEBUG o.s.orm.jpa.JpaTransactionManager - Found thread-bound EntityManager [SessionImpl(1112920511<open>)] for JPA transaction
2026-03-16 16:56:22 [http-nio-8080-exec-10] DEBUG o.s.orm.jpa.JpaTransactionManager - Participating in existing transaction
2026-03-16 16:56:22 [http-nio-8080-exec-10] DEBUG org.hibernate.SQL - select u1_0.emplyr_id,u1_0.area_no,u1_0.brthdy,u1_0.chg_pwd_cnt,u1_0.frst_register_id,u1_0.frst_regist_pnttm,u1_0.detail_adres,u1_0.email_adres,u1_0.emplyr_sttus_code,u1_0.empl_no,u1_0.esntl_id,u1_0.fxnum,u1_0.group_id,u1_0.house_adres,u1_0.house_end_telno,u1_0.house_middle_telno,u1_0.ihidnum,u1_0.pstinst_code,u1_0.last_updusr_id,u1_0.last_updt_pnttm,u1_0.lock_at,u1_0.lock_cnt,u1_0.lock_last_pnttm,u1_0.mbtlnum,u1_0.ofcps_nm,u1_0.offm_telno,u1_0.orgnzt_id,u1_0.password,u1_0.password_cnsr,u1_0.password_hint,u1_0.chg_pwd_last_pnttm,u1_0.role,u1_0.sbscrb_de,u1_0.sexdstn_code,u1_0.crtfc_dn_value,u1_0.user_nm,u1_0.zip from nemplyrinfo u1_0 where u1_0.emplyr_id=?
2026-03-16 16:56:22 [http-nio-8080-exec-10] DEBUG o.s.orm.jpa.JpaTransactionManager - Found thread-bound EntityManager [SessionImpl(1112920511<open>)] for JPA transaction
2026-03-16 16:56:22 [http-nio-8080-exec-10] DEBUG o.s.orm.jpa.JpaTransactionManager - Participating in existing transaction
2026-03-16 16:56:22 [http-nio-8080-exec-10] DEBUG org.hibernate.SQL - select ua1_0.scrty_dtrmn_trget_id,ua1_0.author_code,ua1_0.frst_register_id,ua1_0.frst_regist_pnttm,ua1_0.last_updusr_id,ua1_0.last_updt_pnttm,ua1_0.mber_ty_code from nemplyrscrtyestbs ua1_0 where ua1_0.scrty_dtrmn_trget_id=?
2026-03-16 16:56:23 [http-nio-8080-exec-10] DEBUG o.s.orm.jpa.JpaTransactionManager - Initiating transaction commit
2026-03-16 16:56:23 [http-nio-8080-exec-10] DEBUG o.s.orm.jpa.JpaTransactionManager - Committing JPA transaction on EntityManager [SessionImpl(1112920511<open>)]
2026-03-16 16:56:23 [http-nio-8080-exec-10] DEBUG o.s.orm.jpa.JpaTransactionManager - Closing JPA EntityManager [SessionImpl(1112920511<open>)] after transaction
2026-03-16 16:56:23 [http-nio-8080-exec-10] DEBUG c.c.p.s.jwt.JwtAuthenticationFilter - >>> [JwtFilter] Successfully authenticated user: USRCNFRM_00000000002, Authorities: [ROLE_USER]
2026-03-16 16:56:23 [http-nio-8080-exec-10] DEBUG o.s.web.servlet.DispatcherServlet - GET "/api/v1/menu/left?menuNo=60", parameters={masked}
2026-03-16 16:56:23 [http-nio-8080-exec-10] TRACE o.s.w.s.m.m.a.RequestMappingHandlerMapping - Mapped to com.company.project.api.controller.menu.MenuController#getLeftMenu(Long)
2026-03-16 16:56:23 [http-nio-8080-exec-10] INFO  c.c.p.a.c.menu.MenuController - getLeftMenu called with menuNo=60
2026-03-16 16:56:23 [http-nio-8080-exec-10] DEBUG o.s.orm.jpa.JpaTransactionManager - Creating new transaction with name [com.company.project.service.menu.MenuService.getSubMenus]: PROPAGATION_REQUIRED,ISOLATION_DEFAULT,readOnly
2026-03-16 16:56:23 [http-nio-8080-exec-10] DEBUG o.s.orm.jpa.JpaTransactionManager - Opened new EntityManager [SessionImpl(343984738<open>)] for JPA transaction
2026-03-16 16:56:23 [http-nio-8080-exec-10] DEBUG o.s.orm.jpa.JpaTransactionManager - Exposing JPA transaction as JDBC [org.springframework.orm.jpa.vendor.HibernateJpaDialect$HibernateConnectionHandle@462b609]
2026-03-16 16:56:23 [http-nio-8080-exec-10] DEBUG org.hibernate.SQL - select m1_0.menu_no,m1_0.menu_dc,m1_0.menu_nm,m1_0.menu_ordr,m1_0.modern_route,m1_0.progrm_file_nm,m1_0.relate_image_nm,m1_0.relate_image_path,m1_0.route_updated_at,m1_0.upper_menu_no from nmenuinfo m1_0 order by m1_0.upper_menu_no,m1_0.menu_ordr
2026-03-16 16:56:23 [http-nio-8080-exec-10] DEBUG o.s.orm.jpa.JpaTransactionManager - Found thread-bound EntityManager [SessionImpl(343984738<open>)] for JPA transaction
2026-03-16 16:56:23 [http-nio-8080-exec-10] DEBUG o.s.orm.jpa.JpaTransactionManager - Participating in existing transaction
2026-03-16 16:56:23 [http-nio-8080-exec-10] DEBUG org.hibernate.SQL - select p1_0.progrm_file_nm,p1_0.progrm_dc,p1_0.progrm_korean_nm,p1_0.progrm_stre_path,p1_0.url from nprogrmlist p1_0
2026-03-16 16:56:24 [http-nio-8080-exec-10] DEBUG o.s.orm.jpa.JpaTransactionManager - Initiating transaction commit
2026-03-16 16:56:24 [http-nio-8080-exec-10] DEBUG o.s.orm.jpa.JpaTransactionManager - Committing JPA transaction on EntityManager [SessionImpl(343984738<open>)]
2026-03-16 16:56:24 [http-nio-8080-exec-10] DEBUG o.s.orm.jpa.JpaTransactionManager - Closing JPA EntityManager [SessionImpl(343984738<open>)] after transaction
2026-03-16 16:56:24 [http-nio-8080-exec-10] INFO  c.c.p.a.c.menu.MenuController - getLeftMenu returned 1 items
2026-03-16 16:56:24 [http-nio-8080-exec-10] DEBUG o.s.w.s.m.m.a.HttpEntityMethodProcessor - Using 'application/json', given [application/json, text/plain, */*] and supported [application/json, application/*+json, application/yaml]
2026-03-16 16:56:24 [http-nio-8080-exec-10] TRACE o.s.w.s.m.m.a.HttpEntityMethodProcessor - Writing [ApiResponse[success=true, status=200, code=COMMON_001, message=Success, data={list=[com.company.project.service.menu.dto.MenuDto@60e8998c]}, timestamp=2026-03-16T16:56:24.228867400]]
2026-03-16 16:56:24 [http-nio-8080-exec-10] INFO  c.c.p.a.i.OperationalAuditInterceptor - API Audit Log: URL=/api/v1/menu/left, User=user_regular, IP=127.0.0.1
2026-03-16 16:56:24 [http-nio-8080-exec-10] DEBUG o.s.web.servlet.DispatcherServlet - Completed 200 OK
2026-03-16 16:56:54 [http-nio-8080-exec-7] DEBUG o.s.w.s.h.LoggingWebSocketHandlerDecorator - WebSocketServerSockJsSession[id=m4ibfemy] closed with CloseStatus[code=1001, reason=null]
2026-03-16 16:56:54 [http-nio-8080-exec-7] DEBUG o.s.w.s.m.SubProtocolWebSocketHandler - Clearing session m4ibfemy
2026-03-16 16:56:54 [scheduling-1] DEBUG org.springframework.web.SimpLogging - Processing DISCONNECT session=m4ibfemy
2026-03-16 16:56:54 [scheduling-1] DEBUG o.s.w.s.m.SubProtocolWebSocketHandler - No session for GenericMessage [payload=byte[0], headers={simpMessageType=DISCONNECT_ACK, simpDisconnectMessage=GenericMessage [payload=byte[0], headers={simpMessageType=DISCONNECT, stompCommand=DISCONNECT, simpSessionAttributes={org.springframework.messaging.simp.SimpAttributes.COMPLETED=true}, simpSessionId=m4ibfemy}], simpSessionId=m4ibfemy}]
2026-03-16 16:56:56 [http-nio-8080-exec-3] DEBUG c.c.p.s.jwt.JwtAuthenticationFilter - >>> [JwtFilter] Processing request: GET /api/v1/menu/head
2026-03-16 16:56:56 [http-nio-8080-exec-3] DEBUG c.c.p.s.jwt.JwtAuthenticationFilter - >>> [JwtFilter] Found token in header for path: /api/v1/menu/head
2026-03-16 16:56:56 [http-nio-8080-exec-3] DEBUG o.s.orm.jpa.JpaTransactionManager - Creating new transaction with name [com.company.project.security.iam.CustomUserDetailsService.loadUserByUsername]: PROPAGATION_REQUIRED,ISOLATION_DEFAULT,readOnly
2026-03-16 16:56:56 [http-nio-8080-exec-3] DEBUG o.s.orm.jpa.JpaTransactionManager - Opened new EntityManager [SessionImpl(2057954428<open>)] for JPA transaction
2026-03-16 16:56:56 [http-nio-8080-exec-3] DEBUG o.s.orm.jpa.JpaTransactionManager - Exposing JPA transaction as JDBC [org.springframework.orm.jpa.vendor.HibernateJpaDialect$HibernateConnectionHandle@70d74849]
2026-03-16 16:56:56 [http-nio-8080-exec-3] DEBUG o.s.orm.jpa.JpaTransactionManager - Found thread-bound EntityManager [SessionImpl(2057954428<open>)] for JPA transaction
2026-03-16 16:56:56 [http-nio-8080-exec-3] DEBUG o.s.orm.jpa.JpaTransactionManager - Participating in existing transaction
2026-03-16 16:56:56 [http-nio-8080-exec-3] DEBUG org.hibernate.SQL - select u1_0.emplyr_id,u1_0.area_no,u1_0.brthdy,u1_0.chg_pwd_cnt,u1_0.frst_register_id,u1_0.frst_regist_pnttm,u1_0.detail_adres,u1_0.email_adres,u1_0.emplyr_sttus_code,u1_0.empl_no,u1_0.esntl_id,u1_0.fxnum,u1_0.group_id,u1_0.house_adres,u1_0.house_end_telno,u1_0.house_middle_telno,u1_0.ihidnum,u1_0.pstinst_code,u1_0.last_updusr_id,u1_0.last_updt_pnttm,u1_0.lock_at,u1_0.lock_cnt,u1_0.lock_last_pnttm,u1_0.mbtlnum,u1_0.ofcps_nm,u1_0.offm_telno,u1_0.orgnzt_id,u1_0.password,u1_0.password_cnsr,u1_0.password_hint,u1_0.chg_pwd_last_pnttm,u1_0.role,u1_0.sbscrb_de,u1_0.sexdstn_code,u1_0.crtfc_dn_value,u1_0.user_nm,u1_0.zip from nemplyrinfo u1_0 where u1_0.emplyr_id=?
2026-03-16 16:56:57 [http-nio-8080-exec-3] DEBUG o.s.orm.jpa.JpaTransactionManager - Found thread-bound EntityManager [SessionImpl(2057954428<open>)] for JPA transaction
2026-03-16 16:56:57 [http-nio-8080-exec-3] DEBUG o.s.orm.jpa.JpaTransactionManager - Participating in existing transaction
2026-03-16 16:56:57 [http-nio-8080-exec-3] DEBUG org.hibernate.SQL - select ua1_0.scrty_dtrmn_trget_id,ua1_0.author_code,ua1_0.frst_register_id,ua1_0.frst_regist_pnttm,ua1_0.last_updusr_id,ua1_0.last_updt_pnttm,ua1_0.mber_ty_code from nemplyrscrtyestbs ua1_0 where ua1_0.scrty_dtrmn_trget_id=?
2026-03-16 16:56:57 [http-nio-8080-exec-3] DEBUG o.s.orm.jpa.JpaTransactionManager - Initiating transaction commit
2026-03-16 16:56:57 [http-nio-8080-exec-3] DEBUG o.s.orm.jpa.JpaTransactionManager - Committing JPA transaction on EntityManager [SessionImpl(2057954428<open>)]
2026-03-16 16:56:57 [http-nio-8080-exec-3] DEBUG o.s.orm.jpa.JpaTransactionManager - Closing JPA EntityManager [SessionImpl(2057954428<open>)] after transaction
2026-03-16 16:56:57 [http-nio-8080-exec-3] DEBUG c.c.p.s.jwt.JwtAuthenticationFilter - >>> [JwtFilter] Successfully authenticated user: USRCNFRM_00000000002, Authorities: [ROLE_USER]
2026-03-16 16:56:57 [http-nio-8080-exec-3] DEBUG o.s.web.servlet.DispatcherServlet - GET "/api/v1/menu/head", parameters={}
2026-03-16 16:56:57 [http-nio-8080-exec-3] TRACE o.s.w.s.m.m.a.RequestMappingHandlerMapping - Mapped to com.company.project.api.controller.menu.MenuController#getHeadMenu()
2026-03-16 16:56:57 [http-nio-8080-exec-3] INFO  c.c.p.a.c.menu.MenuController - getHeadMenu called
2026-03-16 16:56:57 [http-nio-8080-exec-3] INFO  c.c.p.a.c.menu.MenuController - getHeadMenu returned 5 items
2026-03-16 16:56:57 [http-nio-8080-exec-3] DEBUG o.s.w.s.m.m.a.HttpEntityMethodProcessor - Using 'application/json', given [application/json, text/plain, */*] and supported [application/json, application/*+json, application/yaml]
2026-03-16 16:56:57 [http-nio-8080-exec-3] TRACE o.s.w.s.m.m.a.HttpEntityMethodProcessor - Writing [ApiResponse[success=true, status=200, code=COMMON_001, message=Success, data={list=[com.company.project.service.menu.dto.MenuDto@4839fef0, com.company.project.service.menu.dto.MenuDto@1c69c1c2, com.company.project.service.menu.dto.MenuDto@6f5d2c3d, com.company.project.service.menu.dto.MenuDto@6314b47d, com.company.project.service.menu.dto.MenuDto@645d0891]}, timestamp=2026-03-16T16:56:57.463661200]]
2026-03-16 16:56:57 [http-nio-8080-exec-3] INFO  c.c.p.a.i.OperationalAuditInterceptor - API Audit Log: URL=/api/v1/menu/head, User=user_regular, IP=0:0:0:0:0:0:0:1
2026-03-16 16:56:57 [http-nio-8080-exec-3] DEBUG o.s.web.servlet.DispatcherServlet - Completed 200 OK
2026-03-16 16:56:57 [http-nio-8080-exec-6] DEBUG c.c.p.s.jwt.JwtAuthenticationFilter - >>> [JwtFilter] Processing request: GET /api/v1/menu/left
2026-03-16 16:56:57 [http-nio-8080-exec-6] DEBUG c.c.p.s.jwt.JwtAuthenticationFilter - >>> [JwtFilter] Found token in header for path: /api/v1/menu/left
2026-03-16 16:56:57 [http-nio-8080-exec-8] DEBUG c.c.p.s.jwt.JwtAuthenticationFilter - >>> [JwtFilter] Processing request: GET /api/v1/menu/left
2026-03-16 16:56:57 [http-nio-8080-exec-8] DEBUG c.c.p.s.jwt.JwtAuthenticationFilter - >>> [JwtFilter] Found token in header for path: /api/v1/menu/left
2026-03-16 16:56:57 [http-nio-8080-exec-2] DEBUG c.c.p.s.jwt.JwtAuthenticationFilter - >>> [JwtFilter] Processing request: GET /api/v1/menu/left
2026-03-16 16:56:57 [http-nio-8080-exec-6] DEBUG o.s.orm.jpa.JpaTransactionManager - Creating new transaction with name [com.company.project.security.iam.CustomUserDetailsService.loadUserByUsername]: PROPAGATION_REQUIRED,ISOLATION_DEFAULT,readOnly
2026-03-16 16:56:57 [http-nio-8080-exec-4] DEBUG c.c.p.s.jwt.JwtAuthenticationFilter - >>> [JwtFilter] Processing request: GET /api/v1/menu/left
2026-03-16 16:56:57 [http-nio-8080-exec-2] DEBUG c.c.p.s.jwt.JwtAuthenticationFilter - >>> [JwtFilter] Found token in header for path: /api/v1/menu/left
2026-03-16 16:56:57 [http-nio-8080-exec-8] DEBUG o.s.orm.jpa.JpaTransactionManager - Creating new transaction with name [com.company.project.security.iam.CustomUserDetailsService.loadUserByUsername]: PROPAGATION_REQUIRED,ISOLATION_DEFAULT,readOnly
2026-03-16 16:56:57 [http-nio-8080-exec-9] DEBUG c.c.p.s.jwt.JwtAuthenticationFilter - >>> [JwtFilter] Processing request: GET /api/v1/menu/left
2026-03-16 16:56:57 [http-nio-8080-exec-4] DEBUG c.c.p.s.jwt.JwtAuthenticationFilter - >>> [JwtFilter] Found token in header for path: /api/v1/menu/left
2026-03-16 16:56:57 [http-nio-8080-exec-6] DEBUG o.s.orm.jpa.JpaTransactionManager - Opened new EntityManager [SessionImpl(1998210777<open>)] for JPA transaction
2026-03-16 16:56:57 [http-nio-8080-exec-8] DEBUG o.s.orm.jpa.JpaTransactionManager - Opened new EntityManager [SessionImpl(937497154<open>)] for JPA transaction
2026-03-16 16:56:57 [http-nio-8080-exec-9] DEBUG c.c.p.s.jwt.JwtAuthenticationFilter - >>> [JwtFilter] Found token in header for path: /api/v1/menu/left
2026-03-16 16:56:57 [http-nio-8080-exec-2] DEBUG o.s.orm.jpa.JpaTransactionManager - Creating new transaction with name [com.company.project.security.iam.CustomUserDetailsService.loadUserByUsername]: PROPAGATION_REQUIRED,ISOLATION_DEFAULT,readOnly
2026-03-16 16:56:57 [http-nio-8080-exec-2] DEBUG o.s.orm.jpa.JpaTransactionManager - Opened new EntityManager [SessionImpl(1084506878<open>)] for JPA transaction
2026-03-16 16:56:57 [http-nio-8080-exec-4] DEBUG o.s.orm.jpa.JpaTransactionManager - Creating new transaction with name [com.company.project.security.iam.CustomUserDetailsService.loadUserByUsername]: PROPAGATION_REQUIRED,ISOLATION_DEFAULT,readOnly
2026-03-16 16:56:57 [http-nio-8080-exec-4] DEBUG o.s.orm.jpa.JpaTransactionManager - Opened new EntityManager [SessionImpl(1798656300<open>)] for JPA transaction
2026-03-16 16:56:57 [http-nio-8080-exec-9] DEBUG o.s.orm.jpa.JpaTransactionManager - Creating new transaction with name [com.company.project.security.iam.CustomUserDetailsService.loadUserByUsername]: PROPAGATION_REQUIRED,ISOLATION_DEFAULT,readOnly
2026-03-16 16:56:57 [http-nio-8080-exec-9] DEBUG o.s.orm.jpa.JpaTransactionManager - Opened new EntityManager [SessionImpl(220481186<open>)] for JPA transaction
2026-03-16 16:56:57 [http-nio-8080-exec-2] DEBUG o.s.orm.jpa.JpaTransactionManager - Exposing JPA transaction as JDBC [org.springframework.orm.jpa.vendor.HibernateJpaDialect$HibernateConnectionHandle@1e3ea228]
2026-03-16 16:56:57 [http-nio-8080-exec-9] DEBUG o.s.orm.jpa.JpaTransactionManager - Exposing JPA transaction as JDBC [org.springframework.orm.jpa.vendor.HibernateJpaDialect$HibernateConnectionHandle@6800e78b]
2026-03-16 16:56:57 [http-nio-8080-exec-4] DEBUG o.s.orm.jpa.JpaTransactionManager - Exposing JPA transaction as JDBC [org.springframework.orm.jpa.vendor.HibernateJpaDialect$HibernateConnectionHandle@5b0115ec]
2026-03-16 16:56:57 [http-nio-8080-exec-2] DEBUG o.s.orm.jpa.JpaTransactionManager - Found thread-bound EntityManager [SessionImpl(1084506878<open>)] for JPA transaction
2026-03-16 16:56:57 [http-nio-8080-exec-9] DEBUG o.s.orm.jpa.JpaTransactionManager - Found thread-bound EntityManager [SessionImpl(220481186<open>)] for JPA transaction
2026-03-16 16:56:57 [http-nio-8080-exec-2] DEBUG o.s.orm.jpa.JpaTransactionManager - Participating in existing transaction
2026-03-16 16:56:57 [http-nio-8080-exec-9] DEBUG o.s.orm.jpa.JpaTransactionManager - Participating in existing transaction
2026-03-16 16:56:57 [http-nio-8080-exec-4] DEBUG o.s.orm.jpa.JpaTransactionManager - Found thread-bound EntityManager [SessionImpl(1798656300<open>)] for JPA transaction
2026-03-16 16:56:57 [http-nio-8080-exec-4] DEBUG o.s.orm.jpa.JpaTransactionManager - Participating in existing transaction
2026-03-16 16:56:57 [http-nio-8080-exec-2] DEBUG org.hibernate.SQL - select u1_0.emplyr_id,u1_0.area_no,u1_0.brthdy,u1_0.chg_pwd_cnt,u1_0.frst_register_id,u1_0.frst_regist_pnttm,u1_0.detail_adres,u1_0.email_adres,u1_0.emplyr_sttus_code,u1_0.empl_no,u1_0.esntl_id,u1_0.fxnum,u1_0.group_id,u1_0.house_adres,u1_0.house_end_telno,u1_0.house_middle_telno,u1_0.ihidnum,u1_0.pstinst_code,u1_0.last_updusr_id,u1_0.last_updt_pnttm,u1_0.lock_at,u1_0.lock_cnt,u1_0.lock_last_pnttm,u1_0.mbtlnum,u1_0.ofcps_nm,u1_0.offm_telno,u1_0.orgnzt_id,u1_0.password,u1_0.password_cnsr,u1_0.password_hint,u1_0.chg_pwd_last_pnttm,u1_0.role,u1_0.sbscrb_de,u1_0.sexdstn_code,u1_0.crtfc_dn_value,u1_0.user_nm,u1_0.zip from nemplyrinfo u1_0 where u1_0.emplyr_id=?
2026-03-16 16:56:57 [http-nio-8080-exec-9] DEBUG org.hibernate.SQL - select u1_0.emplyr_id,u1_0.area_no,u1_0.brthdy,u1_0.chg_pwd_cnt,u1_0.frst_register_id,u1_0.frst_regist_pnttm,u1_0.detail_adres,u1_0.email_adres,u1_0.emplyr_sttus_code,u1_0.empl_no,u1_0.esntl_id,u1_0.fxnum,u1_0.group_id,u1_0.house_adres,u1_0.house_end_telno,u1_0.house_middle_telno,u1_0.ihidnum,u1_0.pstinst_code,u1_0.last_updusr_id,u1_0.last_updt_pnttm,u1_0.lock_at,u1_0.lock_cnt,u1_0.lock_last_pnttm,u1_0.mbtlnum,u1_0.ofcps_nm,u1_0.offm_telno,u1_0.orgnzt_id,u1_0.password,u1_0.password_cnsr,u1_0.password_hint,u1_0.chg_pwd_last_pnttm,u1_0.role,u1_0.sbscrb_de,u1_0.sexdstn_code,u1_0.crtfc_dn_value,u1_0.user_nm,u1_0.zip from nemplyrinfo u1_0 where u1_0.emplyr_id=?
2026-03-16 16:56:57 [http-nio-8080-exec-4] DEBUG org.hibernate.SQL - select u1_0.emplyr_id,u1_0.area_no,u1_0.brthdy,u1_0.chg_pwd_cnt,u1_0.frst_register_id,u1_0.frst_regist_pnttm,u1_0.detail_adres,u1_0.email_adres,u1_0.emplyr_sttus_code,u1_0.empl_no,u1_0.esntl_id,u1_0.fxnum,u1_0.group_id,u1_0.house_adres,u1_0.house_end_telno,u1_0.house_middle_telno,u1_0.ihidnum,u1_0.pstinst_code,u1_0.last_updusr_id,u1_0.last_updt_pnttm,u1_0.lock_at,u1_0.lock_cnt,u1_0.lock_last_pnttm,u1_0.mbtlnum,u1_0.ofcps_nm,u1_0.offm_telno,u1_0.orgnzt_id,u1_0.password,u1_0.password_cnsr,u1_0.password_hint,u1_0.chg_pwd_last_pnttm,u1_0.role,u1_0.sbscrb_de,u1_0.sexdstn_code,u1_0.crtfc_dn_value,u1_0.user_nm,u1_0.zip from nemplyrinfo u1_0 where u1_0.emplyr_id=?
2026-03-16 16:56:57 [http-nio-8080-exec-6] DEBUG o.s.orm.jpa.JpaTransactionManager - Exposing JPA transaction as JDBC [org.springframework.orm.jpa.vendor.HibernateJpaDialect$HibernateConnectionHandle@4942812c]
2026-03-16 16:56:57 [http-nio-8080-exec-6] DEBUG o.s.orm.jpa.JpaTransactionManager - Found thread-bound EntityManager [SessionImpl(1998210777<open>)] for JPA transaction
2026-03-16 16:56:57 [http-nio-8080-exec-8] DEBUG o.s.orm.jpa.JpaTransactionManager - Exposing JPA transaction as JDBC [org.springframework.orm.jpa.vendor.HibernateJpaDialect$HibernateConnectionHandle@28172cf4]
2026-03-16 16:56:57 [http-nio-8080-exec-8] DEBUG o.s.orm.jpa.JpaTransactionManager - Found thread-bound EntityManager [SessionImpl(937497154<open>)] for JPA transaction
2026-03-16 16:56:57 [http-nio-8080-exec-8] DEBUG o.s.orm.jpa.JpaTransactionManager - Participating in existing transaction
2026-03-16 16:56:57 [http-nio-8080-exec-6] DEBUG o.s.orm.jpa.JpaTransactionManager - Participating in existing transaction
2026-03-16 16:56:57 [http-nio-8080-exec-8] DEBUG org.hibernate.SQL - select u1_0.emplyr_id,u1_0.area_no,u1_0.brthdy,u1_0.chg_pwd_cnt,u1_0.frst_register_id,u1_0.frst_regist_pnttm,u1_0.detail_adres,u1_0.email_adres,u1_0.emplyr_sttus_code,u1_0.empl_no,u1_0.esntl_id,u1_0.fxnum,u1_0.group_id,u1_0.house_adres,u1_0.house_end_telno,u1_0.house_middle_telno,u1_0.ihidnum,u1_0.pstinst_code,u1_0.last_updusr_id,u1_0.last_updt_pnttm,u1_0.lock_at,u1_0.lock_cnt,u1_0.lock_last_pnttm,u1_0.mbtlnum,u1_0.ofcps_nm,u1_0.offm_telno,u1_0.orgnzt_id,u1_0.password,u1_0.password_cnsr,u1_0.password_hint,u1_0.chg_pwd_last_pnttm,u1_0.role,u1_0.sbscrb_de,u1_0.sexdstn_code,u1_0.crtfc_dn_value,u1_0.user_nm,u1_0.zip from nemplyrinfo u1_0 where u1_0.emplyr_id=?
2026-03-16 16:56:57 [http-nio-8080-exec-6] DEBUG org.hibernate.SQL - select u1_0.emplyr_id,u1_0.area_no,u1_0.brthdy,u1_0.chg_pwd_cnt,u1_0.frst_register_id,u1_0.frst_regist_pnttm,u1_0.detail_adres,u1_0.email_adres,u1_0.emplyr_sttus_code,u1_0.empl_no,u1_0.esntl_id,u1_0.fxnum,u1_0.group_id,u1_0.house_adres,u1_0.house_end_telno,u1_0.house_middle_telno,u1_0.ihidnum,u1_0.pstinst_code,u1_0.last_updusr_id,u1_0.last_updt_pnttm,u1_0.lock_at,u1_0.lock_cnt,u1_0.lock_last_pnttm,u1_0.mbtlnum,u1_0.ofcps_nm,u1_0.offm_telno,u1_0.orgnzt_id,u1_0.password,u1_0.password_cnsr,u1_0.password_hint,u1_0.chg_pwd_last_pnttm,u1_0.role,u1_0.sbscrb_de,u1_0.sexdstn_code,u1_0.crtfc_dn_value,u1_0.user_nm,u1_0.zip from nemplyrinfo u1_0 where u1_0.emplyr_id=?
2026-03-16 16:56:57 [http-nio-8080-exec-4] DEBUG o.s.orm.jpa.JpaTransactionManager - Found thread-bound EntityManager [SessionImpl(1798656300<open>)] for JPA transaction
2026-03-16 16:56:57 [http-nio-8080-exec-4] DEBUG o.s.orm.jpa.JpaTransactionManager - Participating in existing transaction
2026-03-16 16:56:57 [http-nio-8080-exec-4] DEBUG org.hibernate.SQL - select ua1_0.scrty_dtrmn_trget_id,ua1_0.author_code,ua1_0.frst_register_id,ua1_0.frst_regist_pnttm,ua1_0.last_updusr_id,ua1_0.last_updt_pnttm,ua1_0.mber_ty_code from nemplyrscrtyestbs ua1_0 where ua1_0.scrty_dtrmn_trget_id=?
2026-03-16 16:56:57 [http-nio-8080-exec-2] DEBUG o.s.orm.jpa.JpaTransactionManager - Found thread-bound EntityManager [SessionImpl(1084506878<open>)] for JPA transaction
2026-03-16 16:56:57 [http-nio-8080-exec-2] DEBUG o.s.orm.jpa.JpaTransactionManager - Participating in existing transaction
2026-03-16 16:56:57 [http-nio-8080-exec-2] DEBUG org.hibernate.SQL - select ua1_0.scrty_dtrmn_trget_id,ua1_0.author_code,ua1_0.frst_register_id,ua1_0.frst_regist_pnttm,ua1_0.last_updusr_id,ua1_0.last_updt_pnttm,ua1_0.mber_ty_code from nemplyrscrtyestbs ua1_0 where ua1_0.scrty_dtrmn_trget_id=?
2026-03-16 16:56:57 [http-nio-8080-exec-9] DEBUG o.s.orm.jpa.JpaTransactionManager - Found thread-bound EntityManager [SessionImpl(220481186<open>)] for JPA transaction
2026-03-16 16:56:57 [http-nio-8080-exec-9] DEBUG o.s.orm.jpa.JpaTransactionManager - Participating in existing transaction
2026-03-16 16:56:57 [http-nio-8080-exec-9] DEBUG org.hibernate.SQL - select ua1_0.scrty_dtrmn_trget_id,ua1_0.author_code,ua1_0.frst_register_id,ua1_0.frst_regist_pnttm,ua1_0.last_updusr_id,ua1_0.last_updt_pnttm,ua1_0.mber_ty_code from nemplyrscrtyestbs ua1_0 where ua1_0.scrty_dtrmn_trget_id=?
2026-03-16 16:56:57 [http-nio-8080-exec-6] DEBUG o.s.orm.jpa.JpaTransactionManager - Found thread-bound EntityManager [SessionImpl(1998210777<open>)] for JPA transaction
2026-03-16 16:56:57 [http-nio-8080-exec-8] DEBUG o.s.orm.jpa.JpaTransactionManager - Found thread-bound EntityManager [SessionImpl(937497154<open>)] for JPA transaction
2026-03-16 16:56:57 [http-nio-8080-exec-6] DEBUG o.s.orm.jpa.JpaTransactionManager - Participating in existing transaction
2026-03-16 16:56:57 [http-nio-8080-exec-8] DEBUG o.s.orm.jpa.JpaTransactionManager - Participating in existing transaction
2026-03-16 16:56:57 [http-nio-8080-exec-8] DEBUG org.hibernate.SQL - select ua1_0.scrty_dtrmn_trget_id,ua1_0.author_code,ua1_0.frst_register_id,ua1_0.frst_regist_pnttm,ua1_0.last_updusr_id,ua1_0.last_updt_pnttm,ua1_0.mber_ty_code from nemplyrscrtyestbs ua1_0 where ua1_0.scrty_dtrmn_trget_id=?
2026-03-16 16:56:57 [http-nio-8080-exec-6] DEBUG org.hibernate.SQL - select ua1_0.scrty_dtrmn_trget_id,ua1_0.author_code,ua1_0.frst_register_id,ua1_0.frst_regist_pnttm,ua1_0.last_updusr_id,ua1_0.last_updt_pnttm,ua1_0.mber_ty_code from nemplyrscrtyestbs ua1_0 where ua1_0.scrty_dtrmn_trget_id=?
2026-03-16 16:56:57 [http-nio-8080-exec-4] DEBUG o.s.orm.jpa.JpaTransactionManager - Initiating transaction commit
2026-03-16 16:56:57 [http-nio-8080-exec-4] DEBUG o.s.orm.jpa.JpaTransactionManager - Committing JPA transaction on EntityManager [SessionImpl(1798656300<open>)]
2026-03-16 16:56:57 [http-nio-8080-exec-2] DEBUG o.s.orm.jpa.JpaTransactionManager - Initiating transaction commit
2026-03-16 16:56:57 [http-nio-8080-exec-2] DEBUG o.s.orm.jpa.JpaTransactionManager - Committing JPA transaction on EntityManager [SessionImpl(1084506878<open>)]
2026-03-16 16:56:57 [http-nio-8080-exec-9] DEBUG o.s.orm.jpa.JpaTransactionManager - Initiating transaction commit
2026-03-16 16:56:57 [http-nio-8080-exec-9] DEBUG o.s.orm.jpa.JpaTransactionManager - Committing JPA transaction on EntityManager [SessionImpl(220481186<open>)]
2026-03-16 16:56:57 [http-nio-8080-exec-6] DEBUG o.s.orm.jpa.JpaTransactionManager - Initiating transaction commit
2026-03-16 16:56:57 [http-nio-8080-exec-6] DEBUG o.s.orm.jpa.JpaTransactionManager - Committing JPA transaction on EntityManager [SessionImpl(1998210777<open>)]
2026-03-16 16:56:57 [http-nio-8080-exec-8] DEBUG o.s.orm.jpa.JpaTransactionManager - Initiating transaction commit
2026-03-16 16:56:57 [http-nio-8080-exec-8] DEBUG o.s.orm.jpa.JpaTransactionManager - Committing JPA transaction on EntityManager [SessionImpl(937497154<open>)]
2026-03-16 16:56:58 [http-nio-8080-exec-4] DEBUG o.s.orm.jpa.JpaTransactionManager - Closing JPA EntityManager [SessionImpl(1798656300<open>)] after transaction
2026-03-16 16:56:58 [http-nio-8080-exec-4] DEBUG c.c.p.s.jwt.JwtAuthenticationFilter - >>> [JwtFilter] Successfully authenticated user: USRCNFRM_00000000002, Authorities: [ROLE_USER]
2026-03-16 16:56:58 [http-nio-8080-exec-4] DEBUG o.s.web.servlet.DispatcherServlet - GET "/api/v1/menu/left?menuNo=60", parameters={masked}
2026-03-16 16:56:58 [http-nio-8080-exec-4] TRACE o.s.w.s.m.m.a.RequestMappingHandlerMapping - Mapped to com.company.project.api.controller.menu.MenuController#getLeftMenu(Long)
2026-03-16 16:56:58 [http-nio-8080-exec-4] INFO  c.c.p.a.c.menu.MenuController - getLeftMenu called with menuNo=60
2026-03-16 16:56:58 [http-nio-8080-exec-4] DEBUG o.s.orm.jpa.JpaTransactionManager - Creating new transaction with name [com.company.project.service.menu.MenuService.getSubMenus]: PROPAGATION_REQUIRED,ISOLATION_DEFAULT,readOnly
2026-03-16 16:56:58 [http-nio-8080-exec-4] DEBUG o.s.orm.jpa.JpaTransactionManager - Opened new EntityManager [SessionImpl(31114834<open>)] for JPA transaction
2026-03-16 16:56:58 [http-nio-8080-exec-4] DEBUG o.s.orm.jpa.JpaTransactionManager - Exposing JPA transaction as JDBC [org.springframework.orm.jpa.vendor.HibernateJpaDialect$HibernateConnectionHandle@4071a81a]
2026-03-16 16:56:58 [http-nio-8080-exec-4] DEBUG org.hibernate.SQL - select m1_0.menu_no,m1_0.menu_dc,m1_0.menu_nm,m1_0.menu_ordr,m1_0.modern_route,m1_0.progrm_file_nm,m1_0.relate_image_nm,m1_0.relate_image_path,m1_0.route_updated_at,m1_0.upper_menu_no from nmenuinfo m1_0 order by m1_0.upper_menu_no,m1_0.menu_ordr
2026-03-16 16:56:58 [http-nio-8080-exec-9] DEBUG o.s.orm.jpa.JpaTransactionManager - Closing JPA EntityManager [SessionImpl(220481186<open>)] after transaction
2026-03-16 16:56:58 [http-nio-8080-exec-9] DEBUG c.c.p.s.jwt.JwtAuthenticationFilter - >>> [JwtFilter] Successfully authenticated user: USRCNFRM_00000000002, Authorities: [ROLE_USER]
2026-03-16 16:56:58 [http-nio-8080-exec-2] DEBUG o.s.orm.jpa.JpaTransactionManager - Closing JPA EntityManager [SessionImpl(1084506878<open>)] after transaction
2026-03-16 16:56:58 [http-nio-8080-exec-2] DEBUG c.c.p.s.jwt.JwtAuthenticationFilter - >>> [JwtFilter] Successfully authenticated user: USRCNFRM_00000000002, Authorities: [ROLE_USER]
2026-03-16 16:56:58 [http-nio-8080-exec-9] DEBUG o.s.web.servlet.DispatcherServlet - GET "/api/v1/menu/left?menuNo=40", parameters={masked}
2026-03-16 16:56:58 [http-nio-8080-exec-9] TRACE o.s.w.s.m.m.a.RequestMappingHandlerMapping - Mapped to com.company.project.api.controller.menu.MenuController#getLeftMenu(Long)
2026-03-16 16:56:58 [http-nio-8080-exec-2] DEBUG o.s.web.servlet.DispatcherServlet - GET "/api/v1/menu/left?menuNo=50", parameters={masked}
2026-03-16 16:56:58 [http-nio-8080-exec-2] TRACE o.s.w.s.m.m.a.RequestMappingHandlerMapping - Mapped to com.company.project.api.controller.menu.MenuController#getLeftMenu(Long)
2026-03-16 16:56:58 [http-nio-8080-exec-9] INFO  c.c.p.a.c.menu.MenuController - getLeftMenu called with menuNo=40
2026-03-16 16:56:58 [http-nio-8080-exec-9] DEBUG o.s.orm.jpa.JpaTransactionManager - Creating new transaction with name [com.company.project.service.menu.MenuService.getSubMenus]: PROPAGATION_REQUIRED,ISOLATION_DEFAULT,readOnly
2026-03-16 16:56:58 [http-nio-8080-exec-9] DEBUG o.s.orm.jpa.JpaTransactionManager - Opened new EntityManager [SessionImpl(174583617<open>)] for JPA transaction
2026-03-16 16:56:58 [http-nio-8080-exec-9] DEBUG o.s.orm.jpa.JpaTransactionManager - Exposing JPA transaction as JDBC [org.springframework.orm.jpa.vendor.HibernateJpaDialect$HibernateConnectionHandle@6b350a9d]
2026-03-16 16:56:58 [http-nio-8080-exec-2] INFO  c.c.p.a.c.menu.MenuController - getLeftMenu called with menuNo=50
2026-03-16 16:56:58 [http-nio-8080-exec-2] DEBUG o.s.orm.jpa.JpaTransactionManager - Creating new transaction with name [com.company.project.service.menu.MenuService.getSubMenus]: PROPAGATION_REQUIRED,ISOLATION_DEFAULT,readOnly
2026-03-16 16:56:58 [http-nio-8080-exec-2] DEBUG o.s.orm.jpa.JpaTransactionManager - Opened new EntityManager [SessionImpl(270879373<open>)] for JPA transaction
2026-03-16 16:56:58 [http-nio-8080-exec-2] DEBUG o.s.orm.jpa.JpaTransactionManager - Exposing JPA transaction as JDBC [org.springframework.orm.jpa.vendor.HibernateJpaDialect$HibernateConnectionHandle@292f1dc6]
2026-03-16 16:56:58 [http-nio-8080-exec-9] DEBUG org.hibernate.SQL - select m1_0.menu_no,m1_0.menu_dc,m1_0.menu_nm,m1_0.menu_ordr,m1_0.modern_route,m1_0.progrm_file_nm,m1_0.relate_image_nm,m1_0.relate_image_path,m1_0.route_updated_at,m1_0.upper_menu_no from nmenuinfo m1_0 order by m1_0.upper_menu_no,m1_0.menu_ordr
2026-03-16 16:56:58 [http-nio-8080-exec-2] DEBUG org.hibernate.SQL - select m1_0.menu_no,m1_0.menu_dc,m1_0.menu_nm,m1_0.menu_ordr,m1_0.modern_route,m1_0.progrm_file_nm,m1_0.relate_image_nm,m1_0.relate_image_path,m1_0.route_updated_at,m1_0.upper_menu_no from nmenuinfo m1_0 order by m1_0.upper_menu_no,m1_0.menu_ordr
2026-03-16 16:56:58 [http-nio-8080-exec-6] DEBUG o.s.orm.jpa.JpaTransactionManager - Closing JPA EntityManager [SessionImpl(1998210777<open>)] after transaction
2026-03-16 16:56:58 [http-nio-8080-exec-6] DEBUG c.c.p.s.jwt.JwtAuthenticationFilter - >>> [JwtFilter] Successfully authenticated user: USRCNFRM_00000000002, Authorities: [ROLE_USER]
2026-03-16 16:56:58 [http-nio-8080-exec-6] DEBUG o.s.web.servlet.DispatcherServlet - GET "/api/v1/menu/left?menuNo=10", parameters={masked}
2026-03-16 16:56:58 [http-nio-8080-exec-6] TRACE o.s.w.s.m.m.a.RequestMappingHandlerMapping - Mapped to com.company.project.api.controller.menu.MenuController#getLeftMenu(Long)
2026-03-16 16:56:58 [http-nio-8080-exec-6] INFO  c.c.p.a.c.menu.MenuController - getLeftMenu called with menuNo=10
2026-03-16 16:56:58 [http-nio-8080-exec-6] DEBUG o.s.orm.jpa.JpaTransactionManager - Creating new transaction with name [com.company.project.service.menu.MenuService.getSubMenus]: PROPAGATION_REQUIRED,ISOLATION_DEFAULT,readOnly
2026-03-16 16:56:58 [http-nio-8080-exec-6] DEBUG o.s.orm.jpa.JpaTransactionManager - Opened new EntityManager [SessionImpl(1700349344<open>)] for JPA transaction
2026-03-16 16:56:58 [http-nio-8080-exec-6] DEBUG o.s.orm.jpa.JpaTransactionManager - Exposing JPA transaction as JDBC [org.springframework.orm.jpa.vendor.HibernateJpaDialect$HibernateConnectionHandle@4d166b8d]
2026-03-16 16:56:58 [http-nio-8080-exec-8] DEBUG o.s.orm.jpa.JpaTransactionManager - Closing JPA EntityManager [SessionImpl(937497154<open>)] after transaction
2026-03-16 16:56:58 [http-nio-8080-exec-8] DEBUG c.c.p.s.jwt.JwtAuthenticationFilter - >>> [JwtFilter] Successfully authenticated user: USRCNFRM_00000000002, Authorities: [ROLE_USER]
2026-03-16 16:56:58 [http-nio-8080-exec-8] DEBUG o.s.web.servlet.DispatcherServlet - GET "/api/v1/menu/left?menuNo=20", parameters={masked}
2026-03-16 16:56:58 [http-nio-8080-exec-6] DEBUG org.hibernate.SQL - select m1_0.menu_no,m1_0.menu_dc,m1_0.menu_nm,m1_0.menu_ordr,m1_0.modern_route,m1_0.progrm_file_nm,m1_0.relate_image_nm,m1_0.relate_image_path,m1_0.route_updated_at,m1_0.upper_menu_no from nmenuinfo m1_0 order by m1_0.upper_menu_no,m1_0.menu_ordr
2026-03-16 16:56:58 [http-nio-8080-exec-8] TRACE o.s.w.s.m.m.a.RequestMappingHandlerMapping - Mapped to com.company.project.api.controller.menu.MenuController#getLeftMenu(Long)
2026-03-16 16:56:58 [http-nio-8080-exec-8] INFO  c.c.p.a.c.menu.MenuController - getLeftMenu called with menuNo=20
2026-03-16 16:56:58 [http-nio-8080-exec-8] DEBUG o.s.orm.jpa.JpaTransactionManager - Creating new transaction with name [com.company.project.service.menu.MenuService.getSubMenus]: PROPAGATION_REQUIRED,ISOLATION_DEFAULT,readOnly
2026-03-16 16:56:58 [http-nio-8080-exec-8] DEBUG o.s.orm.jpa.JpaTransactionManager - Opened new EntityManager [SessionImpl(1886658394<open>)] for JPA transaction
2026-03-16 16:56:58 [http-nio-8080-exec-8] DEBUG o.s.orm.jpa.JpaTransactionManager - Exposing JPA transaction as JDBC [org.springframework.orm.jpa.vendor.HibernateJpaDialect$HibernateConnectionHandle@4b73755e]
2026-03-16 16:56:58 [http-nio-8080-exec-8] DEBUG org.hibernate.SQL - select m1_0.menu_no,m1_0.menu_dc,m1_0.menu_nm,m1_0.menu_ordr,m1_0.modern_route,m1_0.progrm_file_nm,m1_0.relate_image_nm,m1_0.relate_image_path,m1_0.route_updated_at,m1_0.upper_menu_no from nmenuinfo m1_0 order by m1_0.upper_menu_no,m1_0.menu_ordr
2026-03-16 16:56:58 [http-nio-8080-exec-4] DEBUG o.s.orm.jpa.JpaTransactionManager - Found thread-bound EntityManager [SessionImpl(31114834<open>)] for JPA transaction
2026-03-16 16:56:58 [http-nio-8080-exec-4] DEBUG o.s.orm.jpa.JpaTransactionManager - Participating in existing transaction
2026-03-16 16:56:58 [http-nio-8080-exec-4] DEBUG org.hibernate.SQL - select p1_0.progrm_file_nm,p1_0.progrm_dc,p1_0.progrm_korean_nm,p1_0.progrm_stre_path,p1_0.url from nprogrmlist p1_0
2026-03-16 16:56:58 [http-nio-8080-exec-2] DEBUG o.s.orm.jpa.JpaTransactionManager - Found thread-bound EntityManager [SessionImpl(270879373<open>)] for JPA transaction
2026-03-16 16:56:58 [http-nio-8080-exec-2] DEBUG o.s.orm.jpa.JpaTransactionManager - Participating in existing transaction
2026-03-16 16:56:58 [http-nio-8080-exec-2] DEBUG org.hibernate.SQL - select p1_0.progrm_file_nm,p1_0.progrm_dc,p1_0.progrm_korean_nm,p1_0.progrm_stre_path,p1_0.url from nprogrmlist p1_0
2026-03-16 16:56:58 [http-nio-8080-exec-9] DEBUG o.s.orm.jpa.JpaTransactionManager - Found thread-bound EntityManager [SessionImpl(174583617<open>)] for JPA transaction
2026-03-16 16:56:58 [http-nio-8080-exec-9] DEBUG o.s.orm.jpa.JpaTransactionManager - Participating in existing transaction
2026-03-16 16:56:58 [http-nio-8080-exec-9] DEBUG org.hibernate.SQL - select p1_0.progrm_file_nm,p1_0.progrm_dc,p1_0.progrm_korean_nm,p1_0.progrm_stre_path,p1_0.url from nprogrmlist p1_0
2026-03-16 16:56:58 [http-nio-8080-exec-6] DEBUG o.s.orm.jpa.JpaTransactionManager - Found thread-bound EntityManager [SessionImpl(1700349344<open>)] for JPA transaction
2026-03-16 16:56:58 [http-nio-8080-exec-6] DEBUG o.s.orm.jpa.JpaTransactionManager - Participating in existing transaction
2026-03-16 16:56:58 [http-nio-8080-exec-6] DEBUG org.hibernate.SQL - select p1_0.progrm_file_nm,p1_0.progrm_dc,p1_0.progrm_korean_nm,p1_0.progrm_stre_path,p1_0.url from nprogrmlist p1_0
2026-03-16 16:56:58 [http-nio-8080-exec-8] DEBUG o.s.orm.jpa.JpaTransactionManager - Found thread-bound EntityManager [SessionImpl(1886658394<open>)] for JPA transaction
2026-03-16 16:56:58 [http-nio-8080-exec-8] DEBUG o.s.orm.jpa.JpaTransactionManager - Participating in existing transaction
2026-03-16 16:56:58 [http-nio-8080-exec-8] DEBUG org.hibernate.SQL - select p1_0.progrm_file_nm,p1_0.progrm_dc,p1_0.progrm_korean_nm,p1_0.progrm_stre_path,p1_0.url from nprogrmlist p1_0
2026-03-16 16:56:58 [http-nio-8080-exec-9] DEBUG o.s.orm.jpa.JpaTransactionManager - Initiating transaction commit
2026-03-16 16:56:58 [http-nio-8080-exec-9] DEBUG o.s.orm.jpa.JpaTransactionManager - Committing JPA transaction on EntityManager [SessionImpl(174583617<open>)]
2026-03-16 16:56:58 [http-nio-8080-exec-2] DEBUG o.s.orm.jpa.JpaTransactionManager - Initiating transaction commit
2026-03-16 16:56:58 [http-nio-8080-exec-2] DEBUG o.s.orm.jpa.JpaTransactionManager - Committing JPA transaction on EntityManager [SessionImpl(270879373<open>)]
2026-03-16 16:56:58 [http-nio-8080-exec-6] DEBUG o.s.orm.jpa.JpaTransactionManager - Initiating transaction commit
2026-03-16 16:56:58 [http-nio-8080-exec-6] DEBUG o.s.orm.jpa.JpaTransactionManager - Committing JPA transaction on EntityManager [SessionImpl(1700349344<open>)]
2026-03-16 16:56:58 [http-nio-8080-exec-4] DEBUG o.s.orm.jpa.JpaTransactionManager - Initiating transaction commit
2026-03-16 16:56:58 [http-nio-8080-exec-4] DEBUG o.s.orm.jpa.JpaTransactionManager - Committing JPA transaction on EntityManager [SessionImpl(31114834<open>)]
2026-03-16 16:56:58 [http-nio-8080-exec-2] DEBUG o.s.orm.jpa.JpaTransactionManager - Closing JPA EntityManager [SessionImpl(270879373<open>)] after transaction
2026-03-16 16:56:58 [http-nio-8080-exec-4] DEBUG o.s.orm.jpa.JpaTransactionManager - Closing JPA EntityManager [SessionImpl(31114834<open>)] after transaction
2026-03-16 16:56:58 [http-nio-8080-exec-2] INFO  c.c.p.a.c.menu.MenuController - getLeftMenu returned 3 items
2026-03-16 16:56:58 [http-nio-8080-exec-4] INFO  c.c.p.a.c.menu.MenuController - getLeftMenu returned 1 items
2026-03-16 16:56:58 [http-nio-8080-exec-2] DEBUG o.s.w.s.m.m.a.HttpEntityMethodProcessor - Using 'application/json', given [application/json, text/plain, */*] and supported [application/json, application/*+json, application/yaml]
2026-03-16 16:56:58 [http-nio-8080-exec-4] DEBUG o.s.w.s.m.m.a.HttpEntityMethodProcessor - Using 'application/json', given [application/json, text/plain, */*] and supported [application/json, application/*+json, application/yaml]
2026-03-16 16:56:58 [http-nio-8080-exec-2] TRACE o.s.w.s.m.m.a.HttpEntityMethodProcessor - Writing [ApiResponse[success=true, status=200, code=COMMON_001, message=Success, data={list=[com.company.project.service.menu.dto.MenuDto@8618ae1, com.company.project.service.menu.dto.MenuDto@467da29a, com.company.project.service.menu.dto.MenuDto@152470b0]}, timestamp=2026-03-16T16:56:58.722311400]]
2026-03-16 16:56:58 [http-nio-8080-exec-4] TRACE o.s.w.s.m.m.a.HttpEntityMethodProcessor - Writing [ApiResponse[success=true, status=200, code=COMMON_001, message=Success, data={list=[com.company.project.service.menu.dto.MenuDto@15b10cce]}, timestamp=2026-03-16T16:56:58.722311400]]
2026-03-16 16:56:58 [http-nio-8080-exec-2] INFO  c.c.p.a.i.OperationalAuditInterceptor - API Audit Log: URL=/api/v1/menu/left, User=user_regular, IP=0:0:0:0:0:0:0:1
2026-03-16 16:56:58 [http-nio-8080-exec-4] INFO  c.c.p.a.i.OperationalAuditInterceptor - API Audit Log: URL=/api/v1/menu/left, User=user_regular, IP=0:0:0:0:0:0:0:1
2026-03-16 16:56:58 [http-nio-8080-exec-2] DEBUG o.s.web.servlet.DispatcherServlet - Completed 200 OK
2026-03-16 16:56:58 [http-nio-8080-exec-4] DEBUG o.s.web.servlet.DispatcherServlet - Completed 200 OK
2026-03-16 16:56:58 [http-nio-8080-exec-9] DEBUG o.s.orm.jpa.JpaTransactionManager - Closing JPA EntityManager [SessionImpl(174583617<open>)] after transaction
2026-03-16 16:56:58 [http-nio-8080-exec-9] INFO  c.c.p.a.c.menu.MenuController - getLeftMenu returned 2 items
2026-03-16 16:56:58 [http-nio-8080-exec-9] DEBUG o.s.w.s.m.m.a.HttpEntityMethodProcessor - Using 'application/json', given [application/json, text/plain, */*] and supported [application/json, application/*+json, application/yaml]
2026-03-16 16:56:58 [http-nio-8080-exec-9] TRACE o.s.w.s.m.m.a.HttpEntityMethodProcessor - Writing [ApiResponse[success=true, status=200, code=COMMON_001, message=Success, data={list=[com.company.project.service.menu.dto.MenuDto@7d562e8e, com.company.project.service.menu.dto.MenuDto@11aeadc2]}, timestamp=2026-03-16T16:56:58.722864300]]
2026-03-16 16:56:58 [http-nio-8080-exec-9] INFO  c.c.p.a.i.OperationalAuditInterceptor - API Audit Log: URL=/api/v1/menu/left, User=user_regular, IP=0:0:0:0:0:0:0:1
2026-03-16 16:56:58 [http-nio-8080-exec-9] DEBUG o.s.web.servlet.DispatcherServlet - Completed 200 OK
2026-03-16 16:56:58 [http-nio-8080-exec-8] DEBUG o.s.orm.jpa.JpaTransactionManager - Initiating transaction commit
2026-03-16 16:56:58 [http-nio-8080-exec-8] DEBUG o.s.orm.jpa.JpaTransactionManager - Committing JPA transaction on EntityManager [SessionImpl(1886658394<open>)]
2026-03-16 16:56:58 [http-nio-8080-exec-6] DEBUG o.s.orm.jpa.JpaTransactionManager - Closing JPA EntityManager [SessionImpl(1700349344<open>)] after transaction
2026-03-16 16:56:58 [http-nio-8080-exec-6] INFO  c.c.p.a.c.menu.MenuController - getLeftMenu returned 5 items
2026-03-16 16:56:58 [http-nio-8080-exec-6] DEBUG o.s.w.s.m.m.a.HttpEntityMethodProcessor - Using 'application/json', given [application/json, text/plain, */*] and supported [application/json, application/*+json, application/yaml]
2026-03-16 16:56:58 [http-nio-8080-exec-6] TRACE o.s.w.s.m.m.a.HttpEntityMethodProcessor - Writing [ApiResponse[success=true, status=200, code=COMMON_001, message=Success, data={list=[com.company.project.service.menu.dto.MenuDto@58d8a6e7, com.company.project.service.menu.dto.MenuDto@64b3318a, com.company.project.service.menu.dto.MenuDto@2b1e5b70, com.company.project.service.menu.dto.MenuDto@21c4e175, com.company.project.service.menu.dto.MenuDto@3cb68434]}, timestamp=2026-03-16T16:56:58.727099400]]
2026-03-16 16:56:58 [http-nio-8080-exec-6] INFO  c.c.p.a.i.OperationalAuditInterceptor - API Audit Log: URL=/api/v1/menu/left, User=user_regular, IP=0:0:0:0:0:0:0:1
2026-03-16 16:56:58 [http-nio-8080-exec-6] DEBUG o.s.web.servlet.DispatcherServlet - Completed 200 OK
2026-03-16 16:56:58 [http-nio-8080-exec-8] DEBUG o.s.orm.jpa.JpaTransactionManager - Closing JPA EntityManager [SessionImpl(1886658394<open>)] after transaction
2026-03-16 16:56:58 [http-nio-8080-exec-8] INFO  c.c.p.a.c.menu.MenuController - getLeftMenu returned 3 items
2026-03-16 16:56:58 [http-nio-8080-exec-8] DEBUG o.s.w.s.m.m.a.HttpEntityMethodProcessor - Using 'application/json', given [application/json, text/plain, */*] and supported [application/json, application/*+json, application/yaml]
2026-03-16 16:56:58 [http-nio-8080-exec-8] TRACE o.s.w.s.m.m.a.HttpEntityMethodProcessor - Writing [ApiResponse[success=true, status=200, code=COMMON_001, message=Success, data={list=[com.company.project.service.menu.dto.MenuDto@6a49e997, com.company.project.service.menu.dto.MenuDto@253d275a, com.company.project.service.menu.dto.MenuDto@68ecdfa]}, timestamp=2026-03-16T16:56:58.882391400]]
2026-03-16 16:56:58 [http-nio-8080-exec-8] INFO  c.c.p.a.i.OperationalAuditInterceptor - API Audit Log: URL=/api/v1/menu/left, User=user_regular, IP=0:0:0:0:0:0:0:1
2026-03-16 16:56:58 [http-nio-8080-exec-8] DEBUG o.s.web.servlet.DispatcherServlet - Completed 200 OK
2026-03-16 16:56:59 [http-nio-8080-exec-5] DEBUG c.c.p.s.jwt.JwtAuthenticationFilter - >>> [JwtFilter] Processing request: GET /api/v1/menu/left
2026-03-16 16:56:59 [http-nio-8080-exec-5] DEBUG c.c.p.s.jwt.JwtAuthenticationFilter - >>> [JwtFilter] Found token in header for path: /api/v1/menu/left
2026-03-16 16:56:59 [http-nio-8080-exec-5] DEBUG o.s.orm.jpa.JpaTransactionManager - Creating new transaction with name [com.company.project.security.iam.CustomUserDetailsService.loadUserByUsername]: PROPAGATION_REQUIRED,ISOLATION_DEFAULT,readOnly
2026-03-16 16:56:59 [http-nio-8080-exec-5] DEBUG o.s.orm.jpa.JpaTransactionManager - Opened new EntityManager [SessionImpl(1553336519<open>)] for JPA transaction
2026-03-16 16:56:59 [http-nio-8080-exec-1] DEBUG c.c.p.s.jwt.JwtAuthenticationFilter - >>> [JwtFilter] Processing request: GET /api/v1/auth/me
2026-03-16 16:56:59 [http-nio-8080-exec-10] DEBUG c.c.p.s.jwt.JwtAuthenticationFilter - >>> [JwtFilter] Processing request: GET /api/v1/menu/head
2026-03-16 16:56:59 [http-nio-8080-exec-1] DEBUG c.c.p.s.jwt.JwtAuthenticationFilter - >>> [JwtFilter] Found token in header for path: /api/v1/auth/me
2026-03-16 16:56:59 [http-nio-8080-exec-10] DEBUG c.c.p.s.jwt.JwtAuthenticationFilter - >>> [JwtFilter] Found token in header for path: /api/v1/menu/head
2026-03-16 16:56:59 [http-nio-8080-exec-1] DEBUG o.s.orm.jpa.JpaTransactionManager - Creating new transaction with name [com.company.project.security.iam.CustomUserDetailsService.loadUserByUsername]: PROPAGATION_REQUIRED,ISOLATION_DEFAULT,readOnly
2026-03-16 16:56:59 [http-nio-8080-exec-10] DEBUG o.s.orm.jpa.JpaTransactionManager - Creating new transaction with name [com.company.project.security.iam.CustomUserDetailsService.loadUserByUsername]: PROPAGATION_REQUIRED,ISOLATION_DEFAULT,readOnly
2026-03-16 16:56:59 [http-nio-8080-exec-1] DEBUG o.s.orm.jpa.JpaTransactionManager - Opened new EntityManager [SessionImpl(1553844604<open>)] for JPA transaction
2026-03-16 16:56:59 [http-nio-8080-exec-10] DEBUG o.s.orm.jpa.JpaTransactionManager - Opened new EntityManager [SessionImpl(1792679899<open>)] for JPA transaction
2026-03-16 16:56:59 [http-nio-8080-exec-1] DEBUG o.s.orm.jpa.JpaTransactionManager - Exposing JPA transaction as JDBC [org.springframework.orm.jpa.vendor.HibernateJpaDialect$HibernateConnectionHandle@4eb69c0b]
2026-03-16 16:56:59 [http-nio-8080-exec-1] DEBUG o.s.orm.jpa.JpaTransactionManager - Found thread-bound EntityManager [SessionImpl(1553844604<open>)] for JPA transaction
2026-03-16 16:56:59 [http-nio-8080-exec-1] DEBUG o.s.orm.jpa.JpaTransactionManager - Participating in existing transaction
2026-03-16 16:56:59 [http-nio-8080-exec-1] DEBUG org.hibernate.SQL - select u1_0.emplyr_id,u1_0.area_no,u1_0.brthdy,u1_0.chg_pwd_cnt,u1_0.frst_register_id,u1_0.frst_regist_pnttm,u1_0.detail_adres,u1_0.email_adres,u1_0.emplyr_sttus_code,u1_0.empl_no,u1_0.esntl_id,u1_0.fxnum,u1_0.group_id,u1_0.house_adres,u1_0.house_end_telno,u1_0.house_middle_telno,u1_0.ihidnum,u1_0.pstinst_code,u1_0.last_updusr_id,u1_0.last_updt_pnttm,u1_0.lock_at,u1_0.lock_cnt,u1_0.lock_last_pnttm,u1_0.mbtlnum,u1_0.ofcps_nm,u1_0.offm_telno,u1_0.orgnzt_id,u1_0.password,u1_0.password_cnsr,u1_0.password_hint,u1_0.chg_pwd_last_pnttm,u1_0.role,u1_0.sbscrb_de,u1_0.sexdstn_code,u1_0.crtfc_dn_value,u1_0.user_nm,u1_0.zip from nemplyrinfo u1_0 where u1_0.emplyr_id=?
2026-03-16 16:56:59 [http-nio-8080-exec-5] DEBUG o.s.orm.jpa.JpaTransactionManager - Exposing JPA transaction as JDBC [org.springframework.orm.jpa.vendor.HibernateJpaDialect$HibernateConnectionHandle@14676459]
2026-03-16 16:56:59 [http-nio-8080-exec-5] DEBUG o.s.orm.jpa.JpaTransactionManager - Found thread-bound EntityManager [SessionImpl(1553336519<open>)] for JPA transaction
2026-03-16 16:56:59 [http-nio-8080-exec-5] DEBUG o.s.orm.jpa.JpaTransactionManager - Participating in existing transaction
2026-03-16 16:56:59 [http-nio-8080-exec-5] DEBUG org.hibernate.SQL - select u1_0.emplyr_id,u1_0.area_no,u1_0.brthdy,u1_0.chg_pwd_cnt,u1_0.frst_register_id,u1_0.frst_regist_pnttm,u1_0.detail_adres,u1_0.email_adres,u1_0.emplyr_sttus_code,u1_0.empl_no,u1_0.esntl_id,u1_0.fxnum,u1_0.group_id,u1_0.house_adres,u1_0.house_end_telno,u1_0.house_middle_telno,u1_0.ihidnum,u1_0.pstinst_code,u1_0.last_updusr_id,u1_0.last_updt_pnttm,u1_0.lock_at,u1_0.lock_cnt,u1_0.lock_last_pnttm,u1_0.mbtlnum,u1_0.ofcps_nm,u1_0.offm_telno,u1_0.orgnzt_id,u1_0.password,u1_0.password_cnsr,u1_0.password_hint,u1_0.chg_pwd_last_pnttm,u1_0.role,u1_0.sbscrb_de,u1_0.sexdstn_code,u1_0.crtfc_dn_value,u1_0.user_nm,u1_0.zip from nemplyrinfo u1_0 where u1_0.emplyr_id=?
2026-03-16 16:56:59 [http-nio-8080-exec-10] DEBUG o.s.orm.jpa.JpaTransactionManager - Exposing JPA transaction as JDBC [org.springframework.orm.jpa.vendor.HibernateJpaDialect$HibernateConnectionHandle@2a067bbd]
2026-03-16 16:56:59 [http-nio-8080-exec-10] DEBUG o.s.orm.jpa.JpaTransactionManager - Found thread-bound EntityManager [SessionImpl(1792679899<open>)] for JPA transaction
2026-03-16 16:56:59 [http-nio-8080-exec-10] DEBUG o.s.orm.jpa.JpaTransactionManager - Participating in existing transaction
2026-03-16 16:56:59 [http-nio-8080-exec-10] DEBUG org.hibernate.SQL - select u1_0.emplyr_id,u1_0.area_no,u1_0.brthdy,u1_0.chg_pwd_cnt,u1_0.frst_register_id,u1_0.frst_regist_pnttm,u1_0.detail_adres,u1_0.email_adres,u1_0.emplyr_sttus_code,u1_0.empl_no,u1_0.esntl_id,u1_0.fxnum,u1_0.group_id,u1_0.house_adres,u1_0.house_end_telno,u1_0.house_middle_telno,u1_0.ihidnum,u1_0.pstinst_code,u1_0.last_updusr_id,u1_0.last_updt_pnttm,u1_0.lock_at,u1_0.lock_cnt,u1_0.lock_last_pnttm,u1_0.mbtlnum,u1_0.ofcps_nm,u1_0.offm_telno,u1_0.orgnzt_id,u1_0.password,u1_0.password_cnsr,u1_0.password_hint,u1_0.chg_pwd_last_pnttm,u1_0.role,u1_0.sbscrb_de,u1_0.sexdstn_code,u1_0.crtfc_dn_value,u1_0.user_nm,u1_0.zip from nemplyrinfo u1_0 where u1_0.emplyr_id=?
2026-03-16 16:56:59 [http-nio-8080-exec-1] DEBUG o.s.orm.jpa.JpaTransactionManager - Found thread-bound EntityManager [SessionImpl(1553844604<open>)] for JPA transaction
2026-03-16 16:56:59 [http-nio-8080-exec-1] DEBUG o.s.orm.jpa.JpaTransactionManager - Participating in existing transaction
2026-03-16 16:56:59 [http-nio-8080-exec-1] DEBUG org.hibernate.SQL - select ua1_0.scrty_dtrmn_trget_id,ua1_0.author_code,ua1_0.frst_register_id,ua1_0.frst_regist_pnttm,ua1_0.last_updusr_id,ua1_0.last_updt_pnttm,ua1_0.mber_ty_code from nemplyrscrtyestbs ua1_0 where ua1_0.scrty_dtrmn_trget_id=?
2026-03-16 16:56:59 [http-nio-8080-exec-5] DEBUG o.s.orm.jpa.JpaTransactionManager - Found thread-bound EntityManager [SessionImpl(1553336519<open>)] for JPA transaction
2026-03-16 16:56:59 [http-nio-8080-exec-5] DEBUG o.s.orm.jpa.JpaTransactionManager - Participating in existing transaction
2026-03-16 16:56:59 [http-nio-8080-exec-5] DEBUG org.hibernate.SQL - select ua1_0.scrty_dtrmn_trget_id,ua1_0.author_code,ua1_0.frst_register_id,ua1_0.frst_regist_pnttm,ua1_0.last_updusr_id,ua1_0.last_updt_pnttm,ua1_0.mber_ty_code from nemplyrscrtyestbs ua1_0 where ua1_0.scrty_dtrmn_trget_id=?
2026-03-16 16:56:59 [http-nio-8080-exec-10] DEBUG o.s.orm.jpa.JpaTransactionManager - Found thread-bound EntityManager [SessionImpl(1792679899<open>)] for JPA transaction
2026-03-16 16:56:59 [http-nio-8080-exec-10] DEBUG o.s.orm.jpa.JpaTransactionManager - Participating in existing transaction
2026-03-16 16:56:59 [http-nio-8080-exec-10] DEBUG org.hibernate.SQL - select ua1_0.scrty_dtrmn_trget_id,ua1_0.author_code,ua1_0.frst_register_id,ua1_0.frst_regist_pnttm,ua1_0.last_updusr_id,ua1_0.last_updt_pnttm,ua1_0.mber_ty_code from nemplyrscrtyestbs ua1_0 where ua1_0.scrty_dtrmn_trget_id=?
2026-03-16 16:56:59 [http-nio-8080-exec-1] DEBUG o.s.orm.jpa.JpaTransactionManager - Initiating transaction commit
2026-03-16 16:56:59 [http-nio-8080-exec-1] DEBUG o.s.orm.jpa.JpaTransactionManager - Committing JPA transaction on EntityManager [SessionImpl(1553844604<open>)]
2026-03-16 16:56:59 [http-nio-8080-exec-5] DEBUG o.s.orm.jpa.JpaTransactionManager - Initiating transaction commit
2026-03-16 16:56:59 [http-nio-8080-exec-5] DEBUG o.s.orm.jpa.JpaTransactionManager - Committing JPA transaction on EntityManager [SessionImpl(1553336519<open>)]
2026-03-16 16:56:59 [http-nio-8080-exec-10] DEBUG o.s.orm.jpa.JpaTransactionManager - Initiating transaction commit
2026-03-16 16:56:59 [http-nio-8080-exec-10] DEBUG o.s.orm.jpa.JpaTransactionManager - Committing JPA transaction on EntityManager [SessionImpl(1792679899<open>)]
2026-03-16 16:57:00 [http-nio-8080-exec-1] DEBUG o.s.orm.jpa.JpaTransactionManager - Closing JPA EntityManager [SessionImpl(1553844604<open>)] after transaction
2026-03-16 16:57:00 [http-nio-8080-exec-1] DEBUG c.c.p.s.jwt.JwtAuthenticationFilter - >>> [JwtFilter] Successfully authenticated user: USRCNFRM_00000000002, Authorities: [ROLE_USER]
2026-03-16 16:57:00 [http-nio-8080-exec-1] DEBUG o.s.web.servlet.DispatcherServlet - GET "/api/v1/auth/me", parameters={}
2026-03-16 16:57:00 [http-nio-8080-exec-1] TRACE o.s.w.s.m.m.a.RequestMappingHandlerMapping - Mapped to com.company.project.api.auth.AuthController#getCurrentUser()
2026-03-16 16:57:00 [http-nio-8080-exec-1] DEBUG o.s.w.s.m.m.a.RequestResponseBodyMethodProcessor - Using 'application/json', given [application/json, text/plain, */*] and supported [application/json, application/*+json, application/yaml]
2026-03-16 16:57:00 [http-nio-8080-exec-1] TRACE o.s.w.s.m.m.a.RequestResponseBodyMethodProcessor - Writing [ApiResponse[success=true, status=200, code=COMMON_001, message=Success, data={role=ROLE_USER, userSe=USR, name=일반사용자, id=user_regular}, timestamp=2026-03-16T16:57:00.081262]]
2026-03-16 16:57:00 [http-nio-8080-exec-1] INFO  c.c.p.a.i.OperationalAuditInterceptor - API Audit Log: URL=/api/v1/auth/me, User=user_regular, IP=127.0.0.1
2026-03-16 16:57:00 [http-nio-8080-exec-1] DEBUG o.s.web.servlet.DispatcherServlet - Completed 200 OK
2026-03-16 16:57:00 [http-nio-8080-exec-5] DEBUG o.s.orm.jpa.JpaTransactionManager - Closing JPA EntityManager [SessionImpl(1553336519<open>)] after transaction
2026-03-16 16:57:00 [http-nio-8080-exec-5] DEBUG c.c.p.s.jwt.JwtAuthenticationFilter - >>> [JwtFilter] Successfully authenticated user: USRCNFRM_00000000002, Authorities: [ROLE_USER]
2026-03-16 16:57:00 [http-nio-8080-exec-5] DEBUG o.s.web.servlet.DispatcherServlet - GET "/api/v1/menu/left?menuNo=10", parameters={masked}
2026-03-16 16:57:00 [http-nio-8080-exec-5] TRACE o.s.w.s.m.m.a.RequestMappingHandlerMapping - Mapped to com.company.project.api.controller.menu.MenuController#getLeftMenu(Long)
2026-03-16 16:57:00 [http-nio-8080-exec-5] INFO  c.c.p.a.c.menu.MenuController - getLeftMenu called with menuNo=10
2026-03-16 16:57:00 [http-nio-8080-exec-5] DEBUG o.s.orm.jpa.JpaTransactionManager - Creating new transaction with name [com.company.project.service.menu.MenuService.getSubMenus]: PROPAGATION_REQUIRED,ISOLATION_DEFAULT,readOnly
2026-03-16 16:57:00 [http-nio-8080-exec-5] DEBUG o.s.orm.jpa.JpaTransactionManager - Opened new EntityManager [SessionImpl(1772000450<open>)] for JPA transaction
2026-03-16 16:57:00 [http-nio-8080-exec-5] DEBUG o.s.orm.jpa.JpaTransactionManager - Exposing JPA transaction as JDBC [org.springframework.orm.jpa.vendor.HibernateJpaDialect$HibernateConnectionHandle@445a493]
2026-03-16 16:57:00 [http-nio-8080-exec-5] DEBUG org.hibernate.SQL - select m1_0.menu_no,m1_0.menu_dc,m1_0.menu_nm,m1_0.menu_ordr,m1_0.modern_route,m1_0.progrm_file_nm,m1_0.relate_image_nm,m1_0.relate_image_path,m1_0.route_updated_at,m1_0.upper_menu_no from nmenuinfo m1_0 order by m1_0.upper_menu_no,m1_0.menu_ordr
2026-03-16 16:57:00 [http-nio-8080-exec-10] DEBUG o.s.orm.jpa.JpaTransactionManager - Closing JPA EntityManager [SessionImpl(1792679899<open>)] after transaction
2026-03-16 16:57:00 [http-nio-8080-exec-10] DEBUG c.c.p.s.jwt.JwtAuthenticationFilter - >>> [JwtFilter] Successfully authenticated user: USRCNFRM_00000000002, Authorities: [ROLE_USER]
2026-03-16 16:57:00 [http-nio-8080-exec-10] DEBUG o.s.web.servlet.DispatcherServlet - GET "/api/v1/menu/head", parameters={}
2026-03-16 16:57:00 [http-nio-8080-exec-10] TRACE o.s.w.s.m.m.a.RequestMappingHandlerMapping - Mapped to com.company.project.api.controller.menu.MenuController#getHeadMenu()
2026-03-16 16:57:00 [http-nio-8080-exec-10] INFO  c.c.p.a.c.menu.MenuController - getHeadMenu called
2026-03-16 16:57:00 [http-nio-8080-exec-10] INFO  c.c.p.a.c.menu.MenuController - getHeadMenu returned 5 items
2026-03-16 16:57:00 [http-nio-8080-exec-10] DEBUG o.s.w.s.m.m.a.HttpEntityMethodProcessor - Using 'application/json', given [application/json, text/plain, */*] and supported [application/json, application/*+json, application/yaml]
2026-03-16 16:57:00 [http-nio-8080-exec-10] TRACE o.s.w.s.m.m.a.HttpEntityMethodProcessor - Writing [ApiResponse[success=true, status=200, code=COMMON_001, message=Success, data={list=[com.company.project.service.menu.dto.MenuDto@4839fef0, com.company.project.service.menu.dto.MenuDto@1c69c1c2, com.company.project.service.menu.dto.MenuDto@6f5d2c3d, com.company.project.service.menu.dto.MenuDto@6314b47d, com.company.project.service.menu.dto.MenuDto@645d0891]}, timestamp=2026-03-16T16:57:00.104711800]]
2026-03-16 16:57:00 [http-nio-8080-exec-10] INFO  c.c.p.a.i.OperationalAuditInterceptor - API Audit Log: URL=/api/v1/menu/head, User=user_regular, IP=127.0.0.1
2026-03-16 16:57:00 [http-nio-8080-exec-10] DEBUG o.s.web.servlet.DispatcherServlet - Completed 200 OK
2026-03-16 16:57:00 [http-nio-8080-exec-7] DEBUG o.s.web.servlet.DispatcherServlet - GET "/ws/info?t=1773647820108", parameters={masked}
2026-03-16 16:57:00 [http-nio-8080-exec-3] DEBUG c.c.p.s.jwt.JwtAuthenticationFilter - >>> [JwtFilter] Processing request: GET /api/v1/notifications
2026-03-16 16:57:00 [http-nio-8080-exec-3] DEBUG c.c.p.s.jwt.JwtAuthenticationFilter - >>> [JwtFilter] Found token in header for path: /api/v1/notifications
2026-03-16 16:57:00 [http-nio-8080-exec-7] DEBUG o.s.w.s.s.s.WebSocketHandlerMapping - Mapped to org.springframework.web.socket.sockjs.support.SockJsHttpRequestHandler@3d80b7ba
2026-03-16 16:57:00 [http-nio-8080-exec-3] DEBUG o.s.orm.jpa.JpaTransactionManager - Creating new transaction with name [com.company.project.security.iam.CustomUserDetailsService.loadUserByUsername]: PROPAGATION_REQUIRED,ISOLATION_DEFAULT,readOnly
2026-03-16 16:57:00 [http-nio-8080-exec-2] DEBUG c.c.p.s.jwt.JwtAuthenticationFilter - >>> [JwtFilter] Processing request: GET /api/v1/notifications/unread-count
2026-03-16 16:57:00 [http-nio-8080-exec-3] DEBUG o.s.orm.jpa.JpaTransactionManager - Opened new EntityManager [SessionImpl(172810242<open>)] for JPA transaction
2026-03-16 16:57:00 [http-nio-8080-exec-2] DEBUG c.c.p.s.jwt.JwtAuthenticationFilter - >>> [JwtFilter] Found token in header for path: /api/v1/notifications/unread-count
2026-03-16 16:57:00 [http-nio-8080-exec-7] DEBUG o.s.w.s.s.t.h.DefaultSockJsService - Processing transport request: GET http://localhost:8080/ws/info?t=1773647820108
2026-03-16 16:57:00 [http-nio-8080-exec-2] DEBUG o.s.orm.jpa.JpaTransactionManager - Creating new transaction with name [com.company.project.security.iam.CustomUserDetailsService.loadUserByUsername]: PROPAGATION_REQUIRED,ISOLATION_DEFAULT,readOnly
2026-03-16 16:57:00 [http-nio-8080-exec-2] DEBUG o.s.orm.jpa.JpaTransactionManager - Opened new EntityManager [SessionImpl(1336091917<open>)] for JPA transaction
2026-03-16 16:57:00 [http-nio-8080-exec-7] DEBUG o.s.web.servlet.DispatcherServlet - Completed 200 OK
2026-03-16 16:57:00 [http-nio-8080-exec-4] DEBUG o.s.web.servlet.DispatcherServlet - GET "/ws/923/hxs4kard/websocket", parameters={}
2026-03-16 16:57:00 [http-nio-8080-exec-4] DEBUG o.s.w.s.s.s.WebSocketHandlerMapping - Mapped to org.springframework.web.socket.sockjs.support.SockJsHttpRequestHandler@3d80b7ba
2026-03-16 16:57:00 [http-nio-8080-exec-4] DEBUG o.s.w.s.s.t.h.DefaultSockJsService - Processing transport request: GET http://localhost:8080/ws/923/hxs4kard/websocket
2026-03-16 16:57:00 [http-nio-8080-exec-4] DEBUG o.s.web.servlet.DispatcherServlet - Completed 101 SWITCHING_PROTOCOLS
2026-03-16 16:57:00 [http-nio-8080-exec-4] DEBUG o.s.w.s.h.LoggingWebSocketHandlerDecorator - New WebSocketServerSockJsSession[id=hxs4kard]
2026-03-16 16:57:00 [scheduling-1] DEBUG org.springframework.web.SimpLogging - Processing CONNECT session=hxs4kard
2026-03-16 16:57:00 [scheduling-1] DEBUG org.springframework.web.SimpLogging - Processing SUBSCRIBE /topic/notices id=sub-0 session=hxs4kard
2026-03-16 16:57:00 [scheduling-1] DEBUG org.springframework.web.SimpLogging - Processing SUBSCRIBE destination=/queue/notifications-userhxs4kard subscriptionId=sub-1 session=hxs4kard payload=byte[0]
2026-03-16 16:57:00 [scheduling-1] DEBUG org.springframework.web.SimpLogging - Processing SUBSCRIBE /topic/public id=sub-2 session=hxs4kard
2026-03-16 16:57:00 [http-nio-8080-exec-2] DEBUG o.s.orm.jpa.JpaTransactionManager - Exposing JPA transaction as JDBC [org.springframework.orm.jpa.vendor.HibernateJpaDialect$HibernateConnectionHandle@4b91989a]
2026-03-16 16:57:00 [http-nio-8080-exec-2] DEBUG o.s.orm.jpa.JpaTransactionManager - Found thread-bound EntityManager [SessionImpl(1336091917<open>)] for JPA transaction
2026-03-16 16:57:00 [http-nio-8080-exec-2] DEBUG o.s.orm.jpa.JpaTransactionManager - Participating in existing transaction
2026-03-16 16:57:00 [http-nio-8080-exec-2] DEBUG org.hibernate.SQL - select u1_0.emplyr_id,u1_0.area_no,u1_0.brthdy,u1_0.chg_pwd_cnt,u1_0.frst_register_id,u1_0.frst_regist_pnttm,u1_0.detail_adres,u1_0.email_adres,u1_0.emplyr_sttus_code,u1_0.empl_no,u1_0.esntl_id,u1_0.fxnum,u1_0.group_id,u1_0.house_adres,u1_0.house_end_telno,u1_0.house_middle_telno,u1_0.ihidnum,u1_0.pstinst_code,u1_0.last_updusr_id,u1_0.last_updt_pnttm,u1_0.lock_at,u1_0.lock_cnt,u1_0.lock_last_pnttm,u1_0.mbtlnum,u1_0.ofcps_nm,u1_0.offm_telno,u1_0.orgnzt_id,u1_0.password,u1_0.password_cnsr,u1_0.password_hint,u1_0.chg_pwd_last_pnttm,u1_0.role,u1_0.sbscrb_de,u1_0.sexdstn_code,u1_0.crtfc_dn_value,u1_0.user_nm,u1_0.zip from nemplyrinfo u1_0 where u1_0.emplyr_id=?
2026-03-16 16:57:00 [http-nio-8080-exec-3] DEBUG o.s.orm.jpa.JpaTransactionManager - Exposing JPA transaction as JDBC [org.springframework.orm.jpa.vendor.HibernateJpaDialect$HibernateConnectionHandle@7f6d17e7]
2026-03-16 16:57:00 [http-nio-8080-exec-3] DEBUG o.s.orm.jpa.JpaTransactionManager - Found thread-bound EntityManager [SessionImpl(172810242<open>)] for JPA transaction
2026-03-16 16:57:00 [http-nio-8080-exec-3] DEBUG o.s.orm.jpa.JpaTransactionManager - Participating in existing transaction
2026-03-16 16:57:00 [http-nio-8080-exec-3] DEBUG org.hibernate.SQL - select u1_0.emplyr_id,u1_0.area_no,u1_0.brthdy,u1_0.chg_pwd_cnt,u1_0.frst_register_id,u1_0.frst_regist_pnttm,u1_0.detail_adres,u1_0.email_adres,u1_0.emplyr_sttus_code,u1_0.empl_no,u1_0.esntl_id,u1_0.fxnum,u1_0.group_id,u1_0.house_adres,u1_0.house_end_telno,u1_0.house_middle_telno,u1_0.ihidnum,u1_0.pstinst_code,u1_0.last_updusr_id,u1_0.last_updt_pnttm,u1_0.lock_at,u1_0.lock_cnt,u1_0.lock_last_pnttm,u1_0.mbtlnum,u1_0.ofcps_nm,u1_0.offm_telno,u1_0.orgnzt_id,u1_0.password,u1_0.password_cnsr,u1_0.password_hint,u1_0.chg_pwd_last_pnttm,u1_0.role,u1_0.sbscrb_de,u1_0.sexdstn_code,u1_0.crtfc_dn_value,u1_0.user_nm,u1_0.zip from nemplyrinfo u1_0 where u1_0.emplyr_id=?
2026-03-16 16:57:00 [http-nio-8080-exec-5] DEBUG o.s.orm.jpa.JpaTransactionManager - Found thread-bound EntityManager [SessionImpl(1772000450<open>)] for JPA transaction
2026-03-16 16:57:00 [http-nio-8080-exec-5] DEBUG o.s.orm.jpa.JpaTransactionManager - Participating in existing transaction
2026-03-16 16:57:00 [http-nio-8080-exec-5] DEBUG org.hibernate.SQL - select p1_0.progrm_file_nm,p1_0.progrm_dc,p1_0.progrm_korean_nm,p1_0.progrm_stre_path,p1_0.url from nprogrmlist p1_0
2026-03-16 16:57:00 [http-nio-8080-exec-2] DEBUG o.s.orm.jpa.JpaTransactionManager - Found thread-bound EntityManager [SessionImpl(1336091917<open>)] for JPA transaction
2026-03-16 16:57:00 [http-nio-8080-exec-2] DEBUG o.s.orm.jpa.JpaTransactionManager - Participating in existing transaction
2026-03-16 16:57:00 [http-nio-8080-exec-2] DEBUG org.hibernate.SQL - select ua1_0.scrty_dtrmn_trget_id,ua1_0.author_code,ua1_0.frst_register_id,ua1_0.frst_regist_pnttm,ua1_0.last_updusr_id,ua1_0.last_updt_pnttm,ua1_0.mber_ty_code from nemplyrscrtyestbs ua1_0 where ua1_0.scrty_dtrmn_trget_id=?
2026-03-16 16:57:00 [http-nio-8080-exec-3] DEBUG o.s.orm.jpa.JpaTransactionManager - Found thread-bound EntityManager [SessionImpl(172810242<open>)] for JPA transaction
2026-03-16 16:57:00 [http-nio-8080-exec-3] DEBUG o.s.orm.jpa.JpaTransactionManager - Participating in existing transaction
2026-03-16 16:57:00 [http-nio-8080-exec-3] DEBUG org.hibernate.SQL - select ua1_0.scrty_dtrmn_trget_id,ua1_0.author_code,ua1_0.frst_register_id,ua1_0.frst_regist_pnttm,ua1_0.last_updusr_id,ua1_0.last_updt_pnttm,ua1_0.mber_ty_code from nemplyrscrtyestbs ua1_0 where ua1_0.scrty_dtrmn_trget_id=?
2026-03-16 16:57:00 [http-nio-8080-exec-2] DEBUG o.s.orm.jpa.JpaTransactionManager - Initiating transaction commit
2026-03-16 16:57:00 [http-nio-8080-exec-2] DEBUG o.s.orm.jpa.JpaTransactionManager - Committing JPA transaction on EntityManager [SessionImpl(1336091917<open>)]
2026-03-16 16:57:00 [http-nio-8080-exec-3] DEBUG o.s.orm.jpa.JpaTransactionManager - Initiating transaction commit
2026-03-16 16:57:00 [http-nio-8080-exec-3] DEBUG o.s.orm.jpa.JpaTransactionManager - Committing JPA transaction on EntityManager [SessionImpl(172810242<open>)]
2026-03-16 16:57:00 [http-nio-8080-exec-2] DEBUG o.s.orm.jpa.JpaTransactionManager - Closing JPA EntityManager [SessionImpl(1336091917<open>)] after transaction
2026-03-16 16:57:00 [http-nio-8080-exec-2] DEBUG c.c.p.s.jwt.JwtAuthenticationFilter - >>> [JwtFilter] Successfully authenticated user: USRCNFRM_00000000002, Authorities: [ROLE_USER]
2026-03-16 16:57:00 [http-nio-8080-exec-2] DEBUG o.s.web.servlet.DispatcherServlet - GET "/api/v1/notifications/unread-count", parameters={}
2026-03-16 16:57:00 [http-nio-8080-exec-2] TRACE o.s.w.s.m.m.a.RequestMappingHandlerMapping - Mapped to com.company.project.api.controller.notification.NotificationController#getUnreadCount(UserDetails)
2026-03-16 16:57:00 [http-nio-8080-exec-2] DEBUG o.s.orm.jpa.JpaTransactionManager - Creating new transaction with name [com.company.project.service.notification.NotificationService.getUnreadCount]: PROPAGATION_REQUIRED,ISOLATION_DEFAULT,readOnly
2026-03-16 16:57:00 [http-nio-8080-exec-2] DEBUG o.s.orm.jpa.JpaTransactionManager - Opened new EntityManager [SessionImpl(58047597<open>)] for JPA transaction
2026-03-16 16:57:00 [http-nio-8080-exec-2] DEBUG o.s.orm.jpa.JpaTransactionManager - Exposing JPA transaction as JDBC [org.springframework.orm.jpa.vendor.HibernateJpaDialect$HibernateConnectionHandle@1c51090e]
2026-03-16 16:57:00 [http-nio-8080-exec-2] DEBUG org.hibernate.SQL - select count(n1_0.ntcn_no) from n_user_notification n1_0 where n1_0.receiver_id=? and n1_0.is_read=?
2026-03-16 16:57:00 [http-nio-8080-exec-5] DEBUG o.s.orm.jpa.JpaTransactionManager - Initiating transaction commit
2026-03-16 16:57:00 [http-nio-8080-exec-5] DEBUG o.s.orm.jpa.JpaTransactionManager - Committing JPA transaction on EntityManager [SessionImpl(1772000450<open>)]
2026-03-16 16:57:00 [http-nio-8080-exec-3] DEBUG o.s.orm.jpa.JpaTransactionManager - Closing JPA EntityManager [SessionImpl(172810242<open>)] after transaction
2026-03-16 16:57:00 [http-nio-8080-exec-3] DEBUG c.c.p.s.jwt.JwtAuthenticationFilter - >>> [JwtFilter] Successfully authenticated user: USRCNFRM_00000000002, Authorities: [ROLE_USER]
2026-03-16 16:57:00 [http-nio-8080-exec-3] DEBUG o.s.web.servlet.DispatcherServlet - GET "/api/v1/notifications", parameters={}
2026-03-16 16:57:00 [http-nio-8080-exec-3] TRACE o.s.w.s.m.m.a.RequestMappingHandlerMapping - Mapped to com.company.project.api.controller.notification.NotificationController#getMyNotifications(UserDetails)
2026-03-16 16:57:00 [http-nio-8080-exec-3] DEBUG o.s.orm.jpa.JpaTransactionManager - Creating new transaction with name [com.company.project.service.notification.NotificationService.getActiveNotifications]: PROPAGATION_REQUIRED,ISOLATION_DEFAULT,readOnly
2026-03-16 16:57:00 [http-nio-8080-exec-3] DEBUG o.s.orm.jpa.JpaTransactionManager - Opened new EntityManager [SessionImpl(1940540005<open>)] for JPA transaction
2026-03-16 16:57:00 [http-nio-8080-exec-3] DEBUG o.s.orm.jpa.JpaTransactionManager - Exposing JPA transaction as JDBC [org.springframework.orm.jpa.vendor.HibernateJpaDialect$HibernateConnectionHandle@80d1486]
2026-03-16 16:57:00 [http-nio-8080-exec-3] DEBUG o.s.orm.jpa.JpaTransactionManager - Found thread-bound EntityManager [SessionImpl(1940540005<open>)] for JPA transaction
2026-03-16 16:57:00 [http-nio-8080-exec-3] DEBUG o.s.orm.jpa.JpaTransactionManager - Participating in existing transaction
2026-03-16 16:57:00 [http-nio-8080-exec-3] DEBUG org.hibernate.SQL - select n1_0.ntcn_no,n1_0.frst_register_id,n1_0.frst_regist_pnttm,n1_0.is_read,n1_0.last_updusr_id,n1_0.last_updt_pnttm,n1_0.link_url,n1_0.ntcn_cn,n1_0.ntcn_sj,n1_0.receiver_id from n_user_notification n1_0
2026-03-16 16:57:00 [http-nio-8080-exec-2] DEBUG o.s.orm.jpa.JpaTransactionManager - Initiating transaction commit
2026-03-16 16:57:00 [http-nio-8080-exec-2] DEBUG o.s.orm.jpa.JpaTransactionManager - Committing JPA transaction on EntityManager [SessionImpl(58047597<open>)]
2026-03-16 16:57:00 [http-nio-8080-exec-5] DEBUG o.s.orm.jpa.JpaTransactionManager - Closing JPA EntityManager [SessionImpl(1772000450<open>)] after transaction
2026-03-16 16:57:00 [http-nio-8080-exec-5] INFO  c.c.p.a.c.menu.MenuController - getLeftMenu returned 5 items
2026-03-16 16:57:00 [http-nio-8080-exec-5] DEBUG o.s.w.s.m.m.a.HttpEntityMethodProcessor - Using 'application/json', given [application/json, text/plain, */*] and supported [application/json, application/*+json, application/yaml]
2026-03-16 16:57:00 [http-nio-8080-exec-5] TRACE o.s.w.s.m.m.a.HttpEntityMethodProcessor - Writing [ApiResponse[success=true, status=200, code=COMMON_001, message=Success, data={list=[com.company.project.service.menu.dto.MenuDto@4e87a505, com.company.project.service.menu.dto.MenuDto@680c43f6, com.company.project.service.menu.dto.MenuDto@43b6f074, com.company.project.service.menu.dto.MenuDto@6060d84d, com.company.project.service.menu.dto.MenuDto@133ce6c9]}, timestamp=2026-03-16T16:57:00.882556300]]
2026-03-16 16:57:00 [http-nio-8080-exec-5] INFO  c.c.p.a.i.OperationalAuditInterceptor - API Audit Log: URL=/api/v1/menu/left, User=user_regular, IP=127.0.0.1
2026-03-16 16:57:00 [http-nio-8080-exec-5] DEBUG o.s.web.servlet.DispatcherServlet - Completed 200 OK
2026-03-16 16:57:00 [http-nio-8080-exec-1] DEBUG c.c.p.s.jwt.JwtAuthenticationFilter - >>> [JwtFilter] Processing request: GET /api/v1/menu/left
2026-03-16 16:57:00 [http-nio-8080-exec-1] DEBUG c.c.p.s.jwt.JwtAuthenticationFilter - >>> [JwtFilter] Found token in header for path: /api/v1/menu/left
2026-03-16 16:57:00 [http-nio-8080-exec-1] DEBUG o.s.orm.jpa.JpaTransactionManager - Creating new transaction with name [com.company.project.security.iam.CustomUserDetailsService.loadUserByUsername]: PROPAGATION_REQUIRED,ISOLATION_DEFAULT,readOnly
2026-03-16 16:57:00 [http-nio-8080-exec-1] DEBUG o.s.orm.jpa.JpaTransactionManager - Opened new EntityManager [SessionImpl(1454028450<open>)] for JPA transaction
2026-03-16 16:57:00 [http-nio-8080-exec-3] DEBUG o.s.orm.jpa.JpaTransactionManager - Initiating transaction commit
2026-03-16 16:57:00 [http-nio-8080-exec-3] DEBUG o.s.orm.jpa.JpaTransactionManager - Committing JPA transaction on EntityManager [SessionImpl(1940540005<open>)]
2026-03-16 16:57:01 [http-nio-8080-exec-2] DEBUG o.s.orm.jpa.JpaTransactionManager - Closing JPA EntityManager [SessionImpl(58047597<open>)] after transaction
2026-03-16 16:57:01 [http-nio-8080-exec-2] DEBUG o.s.w.s.m.m.a.HttpEntityMethodProcessor - Using 'application/json', given [application/json, text/plain, */*] and supported [application/json, application/*+json, application/yaml]
2026-03-16 16:57:01 [http-nio-8080-exec-2] TRACE o.s.w.s.m.m.a.HttpEntityMethodProcessor - Writing [ApiResponse[success=true, status=200, code=COMMON_001, message=Success, data=0, timestamp=2026-03-16T16:57:01.020131100]]
2026-03-16 16:57:01 [http-nio-8080-exec-2] INFO  c.c.p.a.i.OperationalAuditInterceptor - API Audit Log: URL=/api/v1/notifications/unread-count, User=user_regular, IP=127.0.0.1
2026-03-16 16:57:01 [http-nio-8080-exec-2] DEBUG o.s.web.servlet.DispatcherServlet - Completed 200 OK
2026-03-16 16:57:01 [http-nio-8080-exec-10] DEBUG c.c.p.s.jwt.JwtAuthenticationFilter - >>> [JwtFilter] Processing request: GET /api/v1/notifications/unread-count
2026-03-16 16:57:01 [http-nio-8080-exec-10] DEBUG c.c.p.s.jwt.JwtAuthenticationFilter - >>> [JwtFilter] Found token in header for path: /api/v1/notifications/unread-count
2026-03-16 16:57:01 [http-nio-8080-exec-10] DEBUG o.s.orm.jpa.JpaTransactionManager - Creating new transaction with name [com.company.project.security.iam.CustomUserDetailsService.loadUserByUsername]: PROPAGATION_REQUIRED,ISOLATION_DEFAULT,readOnly
2026-03-16 16:57:01 [http-nio-8080-exec-10] DEBUG o.s.orm.jpa.JpaTransactionManager - Opened new EntityManager [SessionImpl(914659041<open>)] for JPA transaction
2026-03-16 16:57:01 [http-nio-8080-exec-1] DEBUG o.s.orm.jpa.JpaTransactionManager - Exposing JPA transaction as JDBC [org.springframework.orm.jpa.vendor.HibernateJpaDialect$HibernateConnectionHandle@5fcceaeb]
2026-03-16 16:57:01 [http-nio-8080-exec-1] DEBUG o.s.orm.jpa.JpaTransactionManager - Found thread-bound EntityManager [SessionImpl(1454028450<open>)] for JPA transaction
2026-03-16 16:57:01 [http-nio-8080-exec-1] DEBUG o.s.orm.jpa.JpaTransactionManager - Participating in existing transaction
2026-03-16 16:57:01 [http-nio-8080-exec-1] DEBUG org.hibernate.SQL - select u1_0.emplyr_id,u1_0.area_no,u1_0.brthdy,u1_0.chg_pwd_cnt,u1_0.frst_register_id,u1_0.frst_regist_pnttm,u1_0.detail_adres,u1_0.email_adres,u1_0.emplyr_sttus_code,u1_0.empl_no,u1_0.esntl_id,u1_0.fxnum,u1_0.group_id,u1_0.house_adres,u1_0.house_end_telno,u1_0.house_middle_telno,u1_0.ihidnum,u1_0.pstinst_code,u1_0.last_updusr_id,u1_0.last_updt_pnttm,u1_0.lock_at,u1_0.lock_cnt,u1_0.lock_last_pnttm,u1_0.mbtlnum,u1_0.ofcps_nm,u1_0.offm_telno,u1_0.orgnzt_id,u1_0.password,u1_0.password_cnsr,u1_0.password_hint,u1_0.chg_pwd_last_pnttm,u1_0.role,u1_0.sbscrb_de,u1_0.sexdstn_code,u1_0.crtfc_dn_value,u1_0.user_nm,u1_0.zip from nemplyrinfo u1_0 where u1_0.emplyr_id=?
2026-03-16 16:57:01 [http-nio-8080-exec-3] DEBUG o.s.orm.jpa.JpaTransactionManager - Closing JPA EntityManager [SessionImpl(1940540005<open>)] after transaction
2026-03-16 16:57:01 [http-nio-8080-exec-3] DEBUG o.s.w.s.m.m.a.HttpEntityMethodProcessor - Using 'application/json', given [application/json, text/plain, */*] and supported [application/json, application/*+json, application/yaml]
2026-03-16 16:57:01 [http-nio-8080-exec-3] TRACE o.s.w.s.m.m.a.HttpEntityMethodProcessor - Writing [ApiResponse[success=true, status=200, code=COMMON_001, message=Success, data=[NotificationDto(ntfcNo=NT001, ntfcSj=테스트 알림입니다, ntfcCn=알림 내용입니다, ntfcDate=null, ntfcTime=2026-02-25T00:59:33.784070, bhNtfcIntrvl=null, uniqId=null, frstRegisterId=null, frstRegisterPnttm=2026-02-25T00:59:33.784070, lastUpdusrId=null, lastUpdusrPnttm=null)], timestamp=2026-03-16T16:57:01.055024]]
2026-03-16 16:57:01 [http-nio-8080-exec-3] INFO  c.c.p.a.i.OperationalAuditInterceptor - API Audit Log: URL=/api/v1/notifications, User=user_regular, IP=127.0.0.1
2026-03-16 16:57:01 [http-nio-8080-exec-3] DEBUG o.s.web.servlet.DispatcherServlet - Completed 200 OK
2026-03-16 16:57:01 [http-nio-8080-exec-7] DEBUG c.c.p.s.jwt.JwtAuthenticationFilter - >>> [JwtFilter] Processing request: GET /api/v1/notifications
2026-03-16 16:57:01 [http-nio-8080-exec-7] DEBUG c.c.p.s.jwt.JwtAuthenticationFilter - >>> [JwtFilter] Found token in header for path: /api/v1/notifications
2026-03-16 16:57:01 [http-nio-8080-exec-7] DEBUG o.s.orm.jpa.JpaTransactionManager - Creating new transaction with name [com.company.project.security.iam.CustomUserDetailsService.loadUserByUsername]: PROPAGATION_REQUIRED,ISOLATION_DEFAULT,readOnly
2026-03-16 16:57:01 [http-nio-8080-exec-7] DEBUG o.s.orm.jpa.JpaTransactionManager - Opened new EntityManager [SessionImpl(981773758<open>)] for JPA transaction
2026-03-16 16:57:01 [http-nio-8080-exec-10] DEBUG o.s.orm.jpa.JpaTransactionManager - Exposing JPA transaction as JDBC [org.springframework.orm.jpa.vendor.HibernateJpaDialect$HibernateConnectionHandle@334cd6f4]
2026-03-16 16:57:01 [http-nio-8080-exec-10] DEBUG o.s.orm.jpa.JpaTransactionManager - Found thread-bound EntityManager [SessionImpl(914659041<open>)] for JPA transaction
2026-03-16 16:57:01 [http-nio-8080-exec-10] DEBUG o.s.orm.jpa.JpaTransactionManager - Participating in existing transaction
2026-03-16 16:57:01 [http-nio-8080-exec-10] DEBUG org.hibernate.SQL - select u1_0.emplyr_id,u1_0.area_no,u1_0.brthdy,u1_0.chg_pwd_cnt,u1_0.frst_register_id,u1_0.frst_regist_pnttm,u1_0.detail_adres,u1_0.email_adres,u1_0.emplyr_sttus_code,u1_0.empl_no,u1_0.esntl_id,u1_0.fxnum,u1_0.group_id,u1_0.house_adres,u1_0.house_end_telno,u1_0.house_middle_telno,u1_0.ihidnum,u1_0.pstinst_code,u1_0.last_updusr_id,u1_0.last_updt_pnttm,u1_0.lock_at,u1_0.lock_cnt,u1_0.lock_last_pnttm,u1_0.mbtlnum,u1_0.ofcps_nm,u1_0.offm_telno,u1_0.orgnzt_id,u1_0.password,u1_0.password_cnsr,u1_0.password_hint,u1_0.chg_pwd_last_pnttm,u1_0.role,u1_0.sbscrb_de,u1_0.sexdstn_code,u1_0.crtfc_dn_value,u1_0.user_nm,u1_0.zip from nemplyrinfo u1_0 where u1_0.emplyr_id=?
2026-03-16 16:57:01 [http-nio-8080-exec-1] DEBUG o.s.orm.jpa.JpaTransactionManager - Found thread-bound EntityManager [SessionImpl(1454028450<open>)] for JPA transaction
2026-03-16 16:57:01 [http-nio-8080-exec-1] DEBUG o.s.orm.jpa.JpaTransactionManager - Participating in existing transaction
2026-03-16 16:57:01 [http-nio-8080-exec-1] DEBUG org.hibernate.SQL - select ua1_0.scrty_dtrmn_trget_id,ua1_0.author_code,ua1_0.frst_register_id,ua1_0.frst_regist_pnttm,ua1_0.last_updusr_id,ua1_0.last_updt_pnttm,ua1_0.mber_ty_code from nemplyrscrtyestbs ua1_0 where ua1_0.scrty_dtrmn_trget_id=?
2026-03-16 16:57:01 [http-nio-8080-exec-7] DEBUG o.s.orm.jpa.JpaTransactionManager - Exposing JPA transaction as JDBC [org.springframework.orm.jpa.vendor.HibernateJpaDialect$HibernateConnectionHandle@7496646e]
2026-03-16 16:57:01 [http-nio-8080-exec-7] DEBUG o.s.orm.jpa.JpaTransactionManager - Found thread-bound EntityManager [SessionImpl(981773758<open>)] for JPA transaction
2026-03-16 16:57:01 [http-nio-8080-exec-7] DEBUG o.s.orm.jpa.JpaTransactionManager - Participating in existing transaction
2026-03-16 16:57:01 [http-nio-8080-exec-7] DEBUG org.hibernate.SQL - select u1_0.emplyr_id,u1_0.area_no,u1_0.brthdy,u1_0.chg_pwd_cnt,u1_0.frst_register_id,u1_0.frst_regist_pnttm,u1_0.detail_adres,u1_0.email_adres,u1_0.emplyr_sttus_code,u1_0.empl_no,u1_0.esntl_id,u1_0.fxnum,u1_0.group_id,u1_0.house_adres,u1_0.house_end_telno,u1_0.house_middle_telno,u1_0.ihidnum,u1_0.pstinst_code,u1_0.last_updusr_id,u1_0.last_updt_pnttm,u1_0.lock_at,u1_0.lock_cnt,u1_0.lock_last_pnttm,u1_0.mbtlnum,u1_0.ofcps_nm,u1_0.offm_telno,u1_0.orgnzt_id,u1_0.password,u1_0.password_cnsr,u1_0.password_hint,u1_0.chg_pwd_last_pnttm,u1_0.role,u1_0.sbscrb_de,u1_0.sexdstn_code,u1_0.crtfc_dn_value,u1_0.user_nm,u1_0.zip from nemplyrinfo u1_0 where u1_0.emplyr_id=?
2026-03-16 16:57:01 [http-nio-8080-exec-10] DEBUG o.s.orm.jpa.JpaTransactionManager - Found thread-bound EntityManager [SessionImpl(914659041<open>)] for JPA transaction
2026-03-16 16:57:01 [http-nio-8080-exec-10] DEBUG o.s.orm.jpa.JpaTransactionManager - Participating in existing transaction
2026-03-16 16:57:01 [http-nio-8080-exec-10] DEBUG org.hibernate.SQL - select ua1_0.scrty_dtrmn_trget_id,ua1_0.author_code,ua1_0.frst_register_id,ua1_0.frst_regist_pnttm,ua1_0.last_updusr_id,ua1_0.last_updt_pnttm,ua1_0.mber_ty_code from nemplyrscrtyestbs ua1_0 where ua1_0.scrty_dtrmn_trget_id=?
2026-03-16 16:57:01 [http-nio-8080-exec-1] DEBUG o.s.orm.jpa.JpaTransactionManager - Initiating transaction commit
2026-03-16 16:57:01 [http-nio-8080-exec-1] DEBUG o.s.orm.jpa.JpaTransactionManager - Committing JPA transaction on EntityManager [SessionImpl(1454028450<open>)]
2026-03-16 16:57:01 [http-nio-8080-exec-7] DEBUG o.s.orm.jpa.JpaTransactionManager - Found thread-bound EntityManager [SessionImpl(981773758<open>)] for JPA transaction
2026-03-16 16:57:01 [http-nio-8080-exec-7] DEBUG o.s.orm.jpa.JpaTransactionManager - Participating in existing transaction
2026-03-16 16:57:01 [http-nio-8080-exec-7] DEBUG org.hibernate.SQL - select ua1_0.scrty_dtrmn_trget_id,ua1_0.author_code,ua1_0.frst_register_id,ua1_0.frst_regist_pnttm,ua1_0.last_updusr_id,ua1_0.last_updt_pnttm,ua1_0.mber_ty_code from nemplyrscrtyestbs ua1_0 where ua1_0.scrty_dtrmn_trget_id=?
2026-03-16 16:57:01 [MessageBroker-10] DEBUG o.s.w.s.s.t.h.DefaultSockJsService - Closed 1 sessions: [m4ibfemy]
2026-03-16 16:57:01 [http-nio-8080-exec-1] DEBUG o.s.orm.jpa.JpaTransactionManager - Closing JPA EntityManager [SessionImpl(1454028450<open>)] after transaction
2026-03-16 16:57:01 [http-nio-8080-exec-10] DEBUG o.s.orm.jpa.JpaTransactionManager - Initiating transaction commit
2026-03-16 16:57:01 [http-nio-8080-exec-1] DEBUG c.c.p.s.jwt.JwtAuthenticationFilter - >>> [JwtFilter] Successfully authenticated user: USRCNFRM_00000000002, Authorities: [ROLE_USER]
2026-03-16 16:57:01 [http-nio-8080-exec-10] DEBUG o.s.orm.jpa.JpaTransactionManager - Committing JPA transaction on EntityManager [SessionImpl(914659041<open>)]
2026-03-16 16:57:01 [http-nio-8080-exec-1] DEBUG o.s.web.servlet.DispatcherServlet - GET "/api/v1/menu/left?menuNo=20", parameters={masked}
2026-03-16 16:57:01 [http-nio-8080-exec-1] TRACE o.s.w.s.m.m.a.RequestMappingHandlerMapping - Mapped to com.company.project.api.controller.menu.MenuController#getLeftMenu(Long)
2026-03-16 16:57:01 [http-nio-8080-exec-1] INFO  c.c.p.a.c.menu.MenuController - getLeftMenu called with menuNo=20
2026-03-16 16:57:01 [http-nio-8080-exec-1] DEBUG o.s.orm.jpa.JpaTransactionManager - Creating new transaction with name [com.company.project.service.menu.MenuService.getSubMenus]: PROPAGATION_REQUIRED,ISOLATION_DEFAULT,readOnly
2026-03-16 16:57:01 [http-nio-8080-exec-1] DEBUG o.s.orm.jpa.JpaTransactionManager - Opened new EntityManager [SessionImpl(751216360<open>)] for JPA transaction
2026-03-16 16:57:01 [http-nio-8080-exec-1] DEBUG o.s.orm.jpa.JpaTransactionManager - Exposing JPA transaction as JDBC [org.springframework.orm.jpa.vendor.HibernateJpaDialect$HibernateConnectionHandle@5cb602ee]
2026-03-16 16:57:01 [http-nio-8080-exec-1] DEBUG org.hibernate.SQL - select m1_0.menu_no,m1_0.menu_dc,m1_0.menu_nm,m1_0.menu_ordr,m1_0.modern_route,m1_0.progrm_file_nm,m1_0.relate_image_nm,m1_0.relate_image_path,m1_0.route_updated_at,m1_0.upper_menu_no from nmenuinfo m1_0 order by m1_0.upper_menu_no,m1_0.menu_ordr
2026-03-16 16:57:01 [http-nio-8080-exec-7] DEBUG o.s.orm.jpa.JpaTransactionManager - Initiating transaction commit
2026-03-16 16:57:01 [http-nio-8080-exec-7] DEBUG o.s.orm.jpa.JpaTransactionManager - Committing JPA transaction on EntityManager [SessionImpl(981773758<open>)]
2026-03-16 16:57:01 [http-nio-8080-exec-10] DEBUG o.s.orm.jpa.JpaTransactionManager - Closing JPA EntityManager [SessionImpl(914659041<open>)] after transaction
2026-03-16 16:57:01 [http-nio-8080-exec-10] DEBUG c.c.p.s.jwt.JwtAuthenticationFilter - >>> [JwtFilter] Successfully authenticated user: USRCNFRM_00000000002, Authorities: [ROLE_USER]
2026-03-16 16:57:01 [http-nio-8080-exec-10] DEBUG o.s.web.servlet.DispatcherServlet - GET "/api/v1/notifications/unread-count", parameters={}
2026-03-16 16:57:01 [http-nio-8080-exec-10] TRACE o.s.w.s.m.m.a.RequestMappingHandlerMapping - Mapped to com.company.project.api.controller.notification.NotificationController#getUnreadCount(UserDetails)
2026-03-16 16:57:01 [http-nio-8080-exec-10] DEBUG o.s.orm.jpa.JpaTransactionManager - Creating new transaction with name [com.company.project.service.notification.NotificationService.getUnreadCount]: PROPAGATION_REQUIRED,ISOLATION_DEFAULT,readOnly
2026-03-16 16:57:01 [http-nio-8080-exec-10] DEBUG o.s.orm.jpa.JpaTransactionManager - Opened new EntityManager [SessionImpl(396923430<open>)] for JPA transaction
2026-03-16 16:57:01 [http-nio-8080-exec-10] DEBUG o.s.orm.jpa.JpaTransactionManager - Exposing JPA transaction as JDBC [org.springframework.orm.jpa.vendor.HibernateJpaDialect$HibernateConnectionHandle@6db6d569]
2026-03-16 16:57:01 [http-nio-8080-exec-10] DEBUG org.hibernate.SQL - select count(n1_0.ntcn_no) from n_user_notification n1_0 where n1_0.receiver_id=? and n1_0.is_read=?
2026-03-16 16:57:01 [http-nio-8080-exec-7] DEBUG o.s.orm.jpa.JpaTransactionManager - Closing JPA EntityManager [SessionImpl(981773758<open>)] after transaction
2026-03-16 16:57:01 [http-nio-8080-exec-7] DEBUG c.c.p.s.jwt.JwtAuthenticationFilter - >>> [JwtFilter] Successfully authenticated user: USRCNFRM_00000000002, Authorities: [ROLE_USER]
2026-03-16 16:57:01 [http-nio-8080-exec-7] DEBUG o.s.web.servlet.DispatcherServlet - GET "/api/v1/notifications", parameters={}
2026-03-16 16:57:01 [http-nio-8080-exec-7] TRACE o.s.w.s.m.m.a.RequestMappingHandlerMapping - Mapped to com.company.project.api.controller.notification.NotificationController#getMyNotifications(UserDetails)
2026-03-16 16:57:01 [http-nio-8080-exec-7] DEBUG o.s.orm.jpa.JpaTransactionManager - Creating new transaction with name [com.company.project.service.notification.NotificationService.getActiveNotifications]: PROPAGATION_REQUIRED,ISOLATION_DEFAULT,readOnly
2026-03-16 16:57:01 [http-nio-8080-exec-7] DEBUG o.s.orm.jpa.JpaTransactionManager - Opened new EntityManager [SessionImpl(1463129078<open>)] for JPA transaction
2026-03-16 16:57:01 [http-nio-8080-exec-7] DEBUG o.s.orm.jpa.JpaTransactionManager - Exposing JPA transaction as JDBC [org.springframework.orm.jpa.vendor.HibernateJpaDialect$HibernateConnectionHandle@1f61d2da]
2026-03-16 16:57:01 [http-nio-8080-exec-7] DEBUG o.s.orm.jpa.JpaTransactionManager - Found thread-bound EntityManager [SessionImpl(1463129078<open>)] for JPA transaction
2026-03-16 16:57:01 [http-nio-8080-exec-7] DEBUG o.s.orm.jpa.JpaTransactionManager - Participating in existing transaction
2026-03-16 16:57:01 [http-nio-8080-exec-7] DEBUG org.hibernate.SQL - select n1_0.ntcn_no,n1_0.frst_register_id,n1_0.frst_regist_pnttm,n1_0.is_read,n1_0.last_updusr_id,n1_0.last_updt_pnttm,n1_0.link_url,n1_0.ntcn_cn,n1_0.ntcn_sj,n1_0.receiver_id from n_user_notification n1_0
2026-03-16 16:57:01 [http-nio-8080-exec-1] DEBUG o.s.orm.jpa.JpaTransactionManager - Found thread-bound EntityManager [SessionImpl(751216360<open>)] for JPA transaction
2026-03-16 16:57:01 [http-nio-8080-exec-1] DEBUG o.s.orm.jpa.JpaTransactionManager - Participating in existing transaction
2026-03-16 16:57:01 [http-nio-8080-exec-1] DEBUG org.hibernate.SQL - select p1_0.progrm_file_nm,p1_0.progrm_dc,p1_0.progrm_korean_nm,p1_0.progrm_stre_path,p1_0.url from nprogrmlist p1_0
2026-03-16 16:57:01 [http-nio-8080-exec-10] DEBUG o.s.orm.jpa.JpaTransactionManager - Initiating transaction commit
2026-03-16 16:57:01 [http-nio-8080-exec-10] DEBUG o.s.orm.jpa.JpaTransactionManager - Committing JPA transaction on EntityManager [SessionImpl(396923430<open>)]
2026-03-16 16:57:01 [http-nio-8080-exec-7] DEBUG o.s.orm.jpa.JpaTransactionManager - Initiating transaction commit
2026-03-16 16:57:01 [http-nio-8080-exec-7] DEBUG o.s.orm.jpa.JpaTransactionManager - Committing JPA transaction on EntityManager [SessionImpl(1463129078<open>)]
2026-03-16 16:57:01 [http-nio-8080-exec-1] DEBUG o.s.orm.jpa.JpaTransactionManager - Initiating transaction commit
2026-03-16 16:57:01 [http-nio-8080-exec-1] DEBUG o.s.orm.jpa.JpaTransactionManager - Committing JPA transaction on EntityManager [SessionImpl(751216360<open>)]
2026-03-16 16:57:01 [http-nio-8080-exec-10] DEBUG o.s.orm.jpa.JpaTransactionManager - Closing JPA EntityManager [SessionImpl(396923430<open>)] after transaction
2026-03-16 16:57:01 [http-nio-8080-exec-10] DEBUG o.s.w.s.m.m.a.HttpEntityMethodProcessor - Using 'application/json', given [application/json, text/plain, */*] and supported [application/json, application/*+json, application/yaml]
2026-03-16 16:57:01 [http-nio-8080-exec-10] TRACE o.s.w.s.m.m.a.HttpEntityMethodProcessor - Writing [ApiResponse[success=true, status=200, code=COMMON_001, message=Success, data=0, timestamp=2026-03-16T16:57:01.973676600]]
2026-03-16 16:57:01 [http-nio-8080-exec-10] INFO  c.c.p.a.i.OperationalAuditInterceptor - API Audit Log: URL=/api/v1/notifications/unread-count, User=user_regular, IP=127.0.0.1
2026-03-16 16:57:01 [http-nio-8080-exec-10] DEBUG o.s.web.servlet.DispatcherServlet - Completed 200 OK
2026-03-16 16:57:02 [http-nio-8080-exec-7] DEBUG o.s.orm.jpa.JpaTransactionManager - Closing JPA EntityManager [SessionImpl(1463129078<open>)] after transaction
2026-03-16 16:57:02 [http-nio-8080-exec-7] DEBUG o.s.w.s.m.m.a.HttpEntityMethodProcessor - Using 'application/json', given [application/json, text/plain, */*] and supported [application/json, application/*+json, application/yaml]
2026-03-16 16:57:02 [http-nio-8080-exec-7] TRACE o.s.w.s.m.m.a.HttpEntityMethodProcessor - Writing [ApiResponse[success=true, status=200, code=COMMON_001, message=Success, data=[NotificationDto(ntfcNo=NT001, ntfcSj=테스트 알림입니다, ntfcCn=알림 내용입니다, ntfcDate=null, ntfcTime=2026-02-25T00:59:33.784070, bhNtfcIntrvl=null, uniqId=null, frstRegisterId=null, frstRegisterPnttm=2026-02-25T00:59:33.784070, lastUpdusrId=null, lastUpdusrPnttm=null)], timestamp=2026-03-16T16:57:02.007555100]]
2026-03-16 16:57:02 [http-nio-8080-exec-7] INFO  c.c.p.a.i.OperationalAuditInterceptor - API Audit Log: URL=/api/v1/notifications, User=user_regular, IP=127.0.0.1
2026-03-16 16:57:02 [http-nio-8080-exec-7] DEBUG o.s.web.servlet.DispatcherServlet - Completed 200 OK
2026-03-16 16:57:02 [http-nio-8080-exec-1] DEBUG o.s.orm.jpa.JpaTransactionManager - Closing JPA EntityManager [SessionImpl(751216360<open>)] after transaction
2026-03-16 16:57:02 [http-nio-8080-exec-1] INFO  c.c.p.a.c.menu.MenuController - getLeftMenu returned 3 items
2026-03-16 16:57:02 [http-nio-8080-exec-1] DEBUG o.s.w.s.m.m.a.HttpEntityMethodProcessor - Using 'application/json', given [application/json, text/plain, */*] and supported [application/json, application/*+json, application/yaml]
2026-03-16 16:57:02 [http-nio-8080-exec-1] TRACE o.s.w.s.m.m.a.HttpEntityMethodProcessor - Writing [ApiResponse[success=true, status=200, code=COMMON_001, message=Success, data={list=[com.company.project.service.menu.dto.MenuDto@72ff5b8a, com.company.project.service.menu.dto.MenuDto@2d48430d, com.company.project.service.menu.dto.MenuDto@2e116b0c]}, timestamp=2026-03-16T16:57:02.112926900]]
2026-03-16 16:57:02 [http-nio-8080-exec-1] INFO  c.c.p.a.i.OperationalAuditInterceptor - API Audit Log: URL=/api/v1/menu/left, User=user_regular, IP=127.0.0.1
2026-03-16 16:57:02 [http-nio-8080-exec-1] DEBUG o.s.web.servlet.DispatcherServlet - Completed 200 OK
2026-03-16 16:57:02 [http-nio-8080-exec-4] DEBUG c.c.p.s.jwt.JwtAuthenticationFilter - >>> [JwtFilter] Processing request: GET /api/v1/menu/left
2026-03-16 16:57:02 [http-nio-8080-exec-4] DEBUG c.c.p.s.jwt.JwtAuthenticationFilter - >>> [JwtFilter] Found token in header for path: /api/v1/menu/left
2026-03-16 16:57:02 [http-nio-8080-exec-4] DEBUG o.s.orm.jpa.JpaTransactionManager - Creating new transaction with name [com.company.project.security.iam.CustomUserDetailsService.loadUserByUsername]: PROPAGATION_REQUIRED,ISOLATION_DEFAULT,readOnly
2026-03-16 16:57:02 [http-nio-8080-exec-4] DEBUG o.s.orm.jpa.JpaTransactionManager - Opened new EntityManager [SessionImpl(800166709<open>)] for JPA transaction
2026-03-16 16:57:02 [http-nio-8080-exec-4] DEBUG o.s.orm.jpa.JpaTransactionManager - Exposing JPA transaction as JDBC [org.springframework.orm.jpa.vendor.HibernateJpaDialect$HibernateConnectionHandle@91ce8a6]
2026-03-16 16:57:02 [http-nio-8080-exec-4] DEBUG o.s.orm.jpa.JpaTransactionManager - Found thread-bound EntityManager [SessionImpl(800166709<open>)] for JPA transaction
2026-03-16 16:57:02 [http-nio-8080-exec-4] DEBUG o.s.orm.jpa.JpaTransactionManager - Participating in existing transaction
2026-03-16 16:57:02 [http-nio-8080-exec-4] DEBUG org.hibernate.SQL - select u1_0.emplyr_id,u1_0.area_no,u1_0.brthdy,u1_0.chg_pwd_cnt,u1_0.frst_register_id,u1_0.frst_regist_pnttm,u1_0.detail_adres,u1_0.email_adres,u1_0.emplyr_sttus_code,u1_0.empl_no,u1_0.esntl_id,u1_0.fxnum,u1_0.group_id,u1_0.house_adres,u1_0.house_end_telno,u1_0.house_middle_telno,u1_0.ihidnum,u1_0.pstinst_code,u1_0.last_updusr_id,u1_0.last_updt_pnttm,u1_0.lock_at,u1_0.lock_cnt,u1_0.lock_last_pnttm,u1_0.mbtlnum,u1_0.ofcps_nm,u1_0.offm_telno,u1_0.orgnzt_id,u1_0.password,u1_0.password_cnsr,u1_0.password_hint,u1_0.chg_pwd_last_pnttm,u1_0.role,u1_0.sbscrb_de,u1_0.sexdstn_code,u1_0.crtfc_dn_value,u1_0.user_nm,u1_0.zip from nemplyrinfo u1_0 where u1_0.emplyr_id=?
2026-03-16 16:57:02 [http-nio-8080-exec-4] DEBUG o.s.orm.jpa.JpaTransactionManager - Found thread-bound EntityManager [SessionImpl(800166709<open>)] for JPA transaction
2026-03-16 16:57:02 [http-nio-8080-exec-4] DEBUG o.s.orm.jpa.JpaTransactionManager - Participating in existing transaction
2026-03-16 16:57:02 [http-nio-8080-exec-4] DEBUG org.hibernate.SQL - select ua1_0.scrty_dtrmn_trget_id,ua1_0.author_code,ua1_0.frst_register_id,ua1_0.frst_regist_pnttm,ua1_0.last_updusr_id,ua1_0.last_updt_pnttm,ua1_0.mber_ty_code from nemplyrscrtyestbs ua1_0 where ua1_0.scrty_dtrmn_trget_id=?
2026-03-16 16:57:02 [http-nio-8080-exec-4] DEBUG o.s.orm.jpa.JpaTransactionManager - Initiating transaction commit
2026-03-16 16:57:02 [http-nio-8080-exec-4] DEBUG o.s.orm.jpa.JpaTransactionManager - Committing JPA transaction on EntityManager [SessionImpl(800166709<open>)]
2026-03-16 16:57:02 [http-nio-8080-exec-4] DEBUG o.s.orm.jpa.JpaTransactionManager - Closing JPA EntityManager [SessionImpl(800166709<open>)] after transaction
2026-03-16 16:57:02 [http-nio-8080-exec-4] DEBUG c.c.p.s.jwt.JwtAuthenticationFilter - >>> [JwtFilter] Successfully authenticated user: USRCNFRM_00000000002, Authorities: [ROLE_USER]
2026-03-16 16:57:02 [http-nio-8080-exec-4] DEBUG o.s.web.servlet.DispatcherServlet - GET "/api/v1/menu/left?menuNo=40", parameters={masked}
2026-03-16 16:57:02 [http-nio-8080-exec-4] TRACE o.s.w.s.m.m.a.RequestMappingHandlerMapping - Mapped to com.company.project.api.controller.menu.MenuController#getLeftMenu(Long)
2026-03-16 16:57:02 [http-nio-8080-exec-4] INFO  c.c.p.a.c.menu.MenuController - getLeftMenu called with menuNo=40
2026-03-16 16:57:02 [http-nio-8080-exec-4] DEBUG o.s.orm.jpa.JpaTransactionManager - Creating new transaction with name [com.company.project.service.menu.MenuService.getSubMenus]: PROPAGATION_REQUIRED,ISOLATION_DEFAULT,readOnly
2026-03-16 16:57:02 [http-nio-8080-exec-4] DEBUG o.s.orm.jpa.JpaTransactionManager - Opened new EntityManager [SessionImpl(1000211481<open>)] for JPA transaction
2026-03-16 16:57:02 [http-nio-8080-exec-4] DEBUG o.s.orm.jpa.JpaTransactionManager - Exposing JPA transaction as JDBC [org.springframework.orm.jpa.vendor.HibernateJpaDialect$HibernateConnectionHandle@55ecea18]
2026-03-16 16:57:02 [http-nio-8080-exec-4] DEBUG org.hibernate.SQL - select m1_0.menu_no,m1_0.menu_dc,m1_0.menu_nm,m1_0.menu_ordr,m1_0.modern_route,m1_0.progrm_file_nm,m1_0.relate_image_nm,m1_0.relate_image_path,m1_0.route_updated_at,m1_0.upper_menu_no from nmenuinfo m1_0 order by m1_0.upper_menu_no,m1_0.menu_ordr
2026-03-16 16:57:03 [http-nio-8080-exec-4] DEBUG o.s.orm.jpa.JpaTransactionManager - Found thread-bound EntityManager [SessionImpl(1000211481<open>)] for JPA transaction
2026-03-16 16:57:03 [http-nio-8080-exec-4] DEBUG o.s.orm.jpa.JpaTransactionManager - Participating in existing transaction
2026-03-16 16:57:03 [http-nio-8080-exec-4] DEBUG org.hibernate.SQL - select p1_0.progrm_file_nm,p1_0.progrm_dc,p1_0.progrm_korean_nm,p1_0.progrm_stre_path,p1_0.url from nprogrmlist p1_0
2026-03-16 16:57:03 [http-nio-8080-exec-4] DEBUG o.s.orm.jpa.JpaTransactionManager - Initiating transaction commit
2026-03-16 16:57:03 [http-nio-8080-exec-4] DEBUG o.s.orm.jpa.JpaTransactionManager - Committing JPA transaction on EntityManager [SessionImpl(1000211481<open>)]
2026-03-16 16:57:03 [http-nio-8080-exec-4] DEBUG o.s.orm.jpa.JpaTransactionManager - Closing JPA EntityManager [SessionImpl(1000211481<open>)] after transaction
2026-03-16 16:57:03 [http-nio-8080-exec-4] INFO  c.c.p.a.c.menu.MenuController - getLeftMenu returned 2 items
2026-03-16 16:57:03 [http-nio-8080-exec-4] DEBUG o.s.w.s.m.m.a.HttpEntityMethodProcessor - Using 'application/json', given [application/json, text/plain, */*] and supported [application/json, application/*+json, application/yaml]
2026-03-16 16:57:03 [http-nio-8080-exec-4] TRACE o.s.w.s.m.m.a.HttpEntityMethodProcessor - Writing [ApiResponse[success=true, status=200, code=COMMON_001, message=Success, data={list=[com.company.project.service.menu.dto.MenuDto@5ac1a213, com.company.project.service.menu.dto.MenuDto@3551e558]}, timestamp=2026-03-16T16:57:03.337438]]
2026-03-16 16:57:03 [http-nio-8080-exec-4] INFO  c.c.p.a.i.OperationalAuditInterceptor - API Audit Log: URL=/api/v1/menu/left, User=user_regular, IP=127.0.0.1
2026-03-16 16:57:03 [http-nio-8080-exec-4] DEBUG o.s.web.servlet.DispatcherServlet - Completed 200 OK
2026-03-16 16:57:03 [http-nio-8080-exec-9] DEBUG c.c.p.s.jwt.JwtAuthenticationFilter - >>> [JwtFilter] Processing request: GET /api/v1/menu/left
2026-03-16 16:57:03 [http-nio-8080-exec-9] DEBUG c.c.p.s.jwt.JwtAuthenticationFilter - >>> [JwtFilter] Found token in header for path: /api/v1/menu/left
2026-03-16 16:57:03 [http-nio-8080-exec-9] DEBUG o.s.orm.jpa.JpaTransactionManager - Creating new transaction with name [com.company.project.security.iam.CustomUserDetailsService.loadUserByUsername]: PROPAGATION_REQUIRED,ISOLATION_DEFAULT,readOnly
2026-03-16 16:57:03 [http-nio-8080-exec-9] DEBUG o.s.orm.jpa.JpaTransactionManager - Opened new EntityManager [SessionImpl(2114950261<open>)] for JPA transaction
2026-03-16 16:57:03 [http-nio-8080-exec-9] DEBUG o.s.orm.jpa.JpaTransactionManager - Exposing JPA transaction as JDBC [org.springframework.orm.jpa.vendor.HibernateJpaDialect$HibernateConnectionHandle@7a3ea6be]
2026-03-16 16:57:03 [http-nio-8080-exec-9] DEBUG o.s.orm.jpa.JpaTransactionManager - Found thread-bound EntityManager [SessionImpl(2114950261<open>)] for JPA transaction
2026-03-16 16:57:03 [http-nio-8080-exec-9] DEBUG o.s.orm.jpa.JpaTransactionManager - Participating in existing transaction
2026-03-16 16:57:03 [http-nio-8080-exec-9] DEBUG org.hibernate.SQL - select u1_0.emplyr_id,u1_0.area_no,u1_0.brthdy,u1_0.chg_pwd_cnt,u1_0.frst_register_id,u1_0.frst_regist_pnttm,u1_0.detail_adres,u1_0.email_adres,u1_0.emplyr_sttus_code,u1_0.empl_no,u1_0.esntl_id,u1_0.fxnum,u1_0.group_id,u1_0.house_adres,u1_0.house_end_telno,u1_0.house_middle_telno,u1_0.ihidnum,u1_0.pstinst_code,u1_0.last_updusr_id,u1_0.last_updt_pnttm,u1_0.lock_at,u1_0.lock_cnt,u1_0.lock_last_pnttm,u1_0.mbtlnum,u1_0.ofcps_nm,u1_0.offm_telno,u1_0.orgnzt_id,u1_0.password,u1_0.password_cnsr,u1_0.password_hint,u1_0.chg_pwd_last_pnttm,u1_0.role,u1_0.sbscrb_de,u1_0.sexdstn_code,u1_0.crtfc_dn_value,u1_0.user_nm,u1_0.zip from nemplyrinfo u1_0 where u1_0.emplyr_id=?
2026-03-16 16:57:03 [http-nio-8080-exec-9] DEBUG o.s.orm.jpa.JpaTransactionManager - Found thread-bound EntityManager [SessionImpl(2114950261<open>)] for JPA transaction
2026-03-16 16:57:03 [http-nio-8080-exec-9] DEBUG o.s.orm.jpa.JpaTransactionManager - Participating in existing transaction
2026-03-16 16:57:03 [http-nio-8080-exec-9] DEBUG org.hibernate.SQL - select ua1_0.scrty_dtrmn_trget_id,ua1_0.author_code,ua1_0.frst_register_id,ua1_0.frst_regist_pnttm,ua1_0.last_updusr_id,ua1_0.last_updt_pnttm,ua1_0.mber_ty_code from nemplyrscrtyestbs ua1_0 where ua1_0.scrty_dtrmn_trget_id=?
2026-03-16 16:57:03 [http-nio-8080-exec-9] DEBUG o.s.orm.jpa.JpaTransactionManager - Initiating transaction commit
2026-03-16 16:57:03 [http-nio-8080-exec-9] DEBUG o.s.orm.jpa.JpaTransactionManager - Committing JPA transaction on EntityManager [SessionImpl(2114950261<open>)]
2026-03-16 16:57:03 [http-nio-8080-exec-9] DEBUG o.s.orm.jpa.JpaTransactionManager - Closing JPA EntityManager [SessionImpl(2114950261<open>)] after transaction
2026-03-16 16:57:03 [http-nio-8080-exec-9] DEBUG c.c.p.s.jwt.JwtAuthenticationFilter - >>> [JwtFilter] Successfully authenticated user: USRCNFRM_00000000002, Authorities: [ROLE_USER]
2026-03-16 16:57:03 [http-nio-8080-exec-9] DEBUG o.s.web.servlet.DispatcherServlet - GET "/api/v1/menu/left?menuNo=50", parameters={masked}
2026-03-16 16:57:03 [http-nio-8080-exec-9] TRACE o.s.w.s.m.m.a.RequestMappingHandlerMapping - Mapped to com.company.project.api.controller.menu.MenuController#getLeftMenu(Long)
2026-03-16 16:57:03 [http-nio-8080-exec-9] INFO  c.c.p.a.c.menu.MenuController - getLeftMenu called with menuNo=50
2026-03-16 16:57:03 [http-nio-8080-exec-9] DEBUG o.s.orm.jpa.JpaTransactionManager - Creating new transaction with name [com.company.project.service.menu.MenuService.getSubMenus]: PROPAGATION_REQUIRED,ISOLATION_DEFAULT,readOnly
2026-03-16 16:57:03 [http-nio-8080-exec-9] DEBUG o.s.orm.jpa.JpaTransactionManager - Opened new EntityManager [SessionImpl(429874796<open>)] for JPA transaction
2026-03-16 16:57:03 [http-nio-8080-exec-9] DEBUG o.s.orm.jpa.JpaTransactionManager - Exposing JPA transaction as JDBC [org.springframework.orm.jpa.vendor.HibernateJpaDialect$HibernateConnectionHandle@35f6bb14]
2026-03-16 16:57:03 [http-nio-8080-exec-9] DEBUG org.hibernate.SQL - select m1_0.menu_no,m1_0.menu_dc,m1_0.menu_nm,m1_0.menu_ordr,m1_0.modern_route,m1_0.progrm_file_nm,m1_0.relate_image_nm,m1_0.relate_image_path,m1_0.route_updated_at,m1_0.upper_menu_no from nmenuinfo m1_0 order by m1_0.upper_menu_no,m1_0.menu_ordr
2026-03-16 16:57:04 [http-nio-8080-exec-9] DEBUG o.s.orm.jpa.JpaTransactionManager - Found thread-bound EntityManager [SessionImpl(429874796<open>)] for JPA transaction
2026-03-16 16:57:04 [http-nio-8080-exec-9] DEBUG o.s.orm.jpa.JpaTransactionManager - Participating in existing transaction
2026-03-16 16:57:04 [http-nio-8080-exec-9] DEBUG org.hibernate.SQL - select p1_0.progrm_file_nm,p1_0.progrm_dc,p1_0.progrm_korean_nm,p1_0.progrm_stre_path,p1_0.url from nprogrmlist p1_0
2026-03-16 16:57:04 [http-nio-8080-exec-9] DEBUG o.s.orm.jpa.JpaTransactionManager - Initiating transaction commit
2026-03-16 16:57:04 [http-nio-8080-exec-9] DEBUG o.s.orm.jpa.JpaTransactionManager - Committing JPA transaction on EntityManager [SessionImpl(429874796<open>)]
2026-03-16 16:57:04 [http-nio-8080-exec-9] DEBUG o.s.orm.jpa.JpaTransactionManager - Closing JPA EntityManager [SessionImpl(429874796<open>)] after transaction
2026-03-16 16:57:04 [http-nio-8080-exec-9] INFO  c.c.p.a.c.menu.MenuController - getLeftMenu returned 3 items
2026-03-16 16:57:04 [http-nio-8080-exec-9] DEBUG o.s.w.s.m.m.a.HttpEntityMethodProcessor - Using 'application/json', given [application/json, text/plain, */*] and supported [application/json, application/*+json, application/yaml]
2026-03-16 16:57:04 [http-nio-8080-exec-9] TRACE o.s.w.s.m.m.a.HttpEntityMethodProcessor - Writing [ApiResponse[success=true, status=200, code=COMMON_001, message=Success, data={list=[com.company.project.service.menu.dto.MenuDto@620c9214, com.company.project.service.menu.dto.MenuDto@209323db, com.company.project.service.menu.dto.MenuDto@1788c2cf]}, timestamp=2026-03-16T16:57:04.567218900]]
2026-03-16 16:57:04 [http-nio-8080-exec-9] INFO  c.c.p.a.i.OperationalAuditInterceptor - API Audit Log: URL=/api/v1/menu/left, User=user_regular, IP=127.0.0.1
2026-03-16 16:57:04 [http-nio-8080-exec-9] DEBUG o.s.web.servlet.DispatcherServlet - Completed 200 OK
2026-03-16 16:57:04 [http-nio-8080-exec-10] DEBUG c.c.p.s.jwt.JwtAuthenticationFilter - >>> [JwtFilter] Processing request: GET /api/v1/menu/left
2026-03-16 16:57:04 [http-nio-8080-exec-10] DEBUG c.c.p.s.jwt.JwtAuthenticationFilter - >>> [JwtFilter] Found token in header for path: /api/v1/menu/left
2026-03-16 16:57:04 [http-nio-8080-exec-10] DEBUG o.s.orm.jpa.JpaTransactionManager - Creating new transaction with name [com.company.project.security.iam.CustomUserDetailsService.loadUserByUsername]: PROPAGATION_REQUIRED,ISOLATION_DEFAULT,readOnly
2026-03-16 16:57:04 [http-nio-8080-exec-10] DEBUG o.s.orm.jpa.JpaTransactionManager - Opened new EntityManager [SessionImpl(463593940<open>)] for JPA transaction
2026-03-16 16:57:04 [http-nio-8080-exec-10] DEBUG o.s.orm.jpa.JpaTransactionManager - Exposing JPA transaction as JDBC [org.springframework.orm.jpa.vendor.HibernateJpaDialect$HibernateConnectionHandle@5355a469]
2026-03-16 16:57:04 [http-nio-8080-exec-10] DEBUG o.s.orm.jpa.JpaTransactionManager - Found thread-bound EntityManager [SessionImpl(463593940<open>)] for JPA transaction
2026-03-16 16:57:04 [http-nio-8080-exec-10] DEBUG o.s.orm.jpa.JpaTransactionManager - Participating in existing transaction
2026-03-16 16:57:04 [http-nio-8080-exec-10] DEBUG org.hibernate.SQL - select u1_0.emplyr_id,u1_0.area_no,u1_0.brthdy,u1_0.chg_pwd_cnt,u1_0.frst_register_id,u1_0.frst_regist_pnttm,u1_0.detail_adres,u1_0.email_adres,u1_0.emplyr_sttus_code,u1_0.empl_no,u1_0.esntl_id,u1_0.fxnum,u1_0.group_id,u1_0.house_adres,u1_0.house_end_telno,u1_0.house_middle_telno,u1_0.ihidnum,u1_0.pstinst_code,u1_0.last_updusr_id,u1_0.last_updt_pnttm,u1_0.lock_at,u1_0.lock_cnt,u1_0.lock_last_pnttm,u1_0.mbtlnum,u1_0.ofcps_nm,u1_0.offm_telno,u1_0.orgnzt_id,u1_0.password,u1_0.password_cnsr,u1_0.password_hint,u1_0.chg_pwd_last_pnttm,u1_0.role,u1_0.sbscrb_de,u1_0.sexdstn_code,u1_0.crtfc_dn_value,u1_0.user_nm,u1_0.zip from nemplyrinfo u1_0 where u1_0.emplyr_id=?
2026-03-16 16:57:04 [http-nio-8080-exec-10] DEBUG o.s.orm.jpa.JpaTransactionManager - Found thread-bound EntityManager [SessionImpl(463593940<open>)] for JPA transaction
2026-03-16 16:57:04 [http-nio-8080-exec-10] DEBUG o.s.orm.jpa.JpaTransactionManager - Participating in existing transaction
2026-03-16 16:57:04 [http-nio-8080-exec-10] DEBUG org.hibernate.SQL - select ua1_0.scrty_dtrmn_trget_id,ua1_0.author_code,ua1_0.frst_register_id,ua1_0.frst_regist_pnttm,ua1_0.last_updusr_id,ua1_0.last_updt_pnttm,ua1_0.mber_ty_code from nemplyrscrtyestbs ua1_0 where ua1_0.scrty_dtrmn_trget_id=?
2026-03-16 16:57:05 [http-nio-8080-exec-10] DEBUG o.s.orm.jpa.JpaTransactionManager - Initiating transaction commit
2026-03-16 16:57:05 [http-nio-8080-exec-10] DEBUG o.s.orm.jpa.JpaTransactionManager - Committing JPA transaction on EntityManager [SessionImpl(463593940<open>)]
2026-03-16 16:57:05 [http-nio-8080-exec-10] DEBUG o.s.orm.jpa.JpaTransactionManager - Closing JPA EntityManager [SessionImpl(463593940<open>)] after transaction
2026-03-16 16:57:05 [http-nio-8080-exec-10] DEBUG c.c.p.s.jwt.JwtAuthenticationFilter - >>> [JwtFilter] Successfully authenticated user: USRCNFRM_00000000002, Authorities: [ROLE_USER]
2026-03-16 16:57:05 [http-nio-8080-exec-10] DEBUG o.s.web.servlet.DispatcherServlet - GET "/api/v1/menu/left?menuNo=60", parameters={masked}
2026-03-16 16:57:05 [http-nio-8080-exec-10] TRACE o.s.w.s.m.m.a.RequestMappingHandlerMapping - Mapped to com.company.project.api.controller.menu.MenuController#getLeftMenu(Long)
2026-03-16 16:57:05 [http-nio-8080-exec-10] INFO  c.c.p.a.c.menu.MenuController - getLeftMenu called with menuNo=60
2026-03-16 16:57:05 [http-nio-8080-exec-10] DEBUG o.s.orm.jpa.JpaTransactionManager - Creating new transaction with name [com.company.project.service.menu.MenuService.getSubMenus]: PROPAGATION_REQUIRED,ISOLATION_DEFAULT,readOnly
2026-03-16 16:57:05 [http-nio-8080-exec-10] DEBUG o.s.orm.jpa.JpaTransactionManager - Opened new EntityManager [SessionImpl(75128196<open>)] for JPA transaction
2026-03-16 16:57:05 [http-nio-8080-exec-10] DEBUG o.s.orm.jpa.JpaTransactionManager - Exposing JPA transaction as JDBC [org.springframework.orm.jpa.vendor.HibernateJpaDialect$HibernateConnectionHandle@20df02dc]
2026-03-16 16:57:05 [http-nio-8080-exec-10] DEBUG org.hibernate.SQL - select m1_0.menu_no,m1_0.menu_dc,m1_0.menu_nm,m1_0.menu_ordr,m1_0.modern_route,m1_0.progrm_file_nm,m1_0.relate_image_nm,m1_0.relate_image_path,m1_0.route_updated_at,m1_0.upper_menu_no from nmenuinfo m1_0 order by m1_0.upper_menu_no,m1_0.menu_ordr
2026-03-16 16:57:05 [http-nio-8080-exec-10] DEBUG o.s.orm.jpa.JpaTransactionManager - Found thread-bound EntityManager [SessionImpl(75128196<open>)] for JPA transaction
2026-03-16 16:57:05 [http-nio-8080-exec-10] DEBUG o.s.orm.jpa.JpaTransactionManager - Participating in existing transaction
2026-03-16 16:57:05 [http-nio-8080-exec-10] DEBUG org.hibernate.SQL - select p1_0.progrm_file_nm,p1_0.progrm_dc,p1_0.progrm_korean_nm,p1_0.progrm_stre_path,p1_0.url from nprogrmlist p1_0
2026-03-16 16:57:05 [http-nio-8080-exec-10] DEBUG o.s.orm.jpa.JpaTransactionManager - Initiating transaction commit
2026-03-16 16:57:05 [http-nio-8080-exec-10] DEBUG o.s.orm.jpa.JpaTransactionManager - Committing JPA transaction on EntityManager [SessionImpl(75128196<open>)]
2026-03-16 16:57:06 [http-nio-8080-exec-10] DEBUG o.s.orm.jpa.JpaTransactionManager - Closing JPA EntityManager [SessionImpl(75128196<open>)] after transaction
2026-03-16 16:57:06 [http-nio-8080-exec-10] INFO  c.c.p.a.c.menu.MenuController - getLeftMenu returned 1 items
2026-03-16 16:57:06 [http-nio-8080-exec-10] DEBUG o.s.w.s.m.m.a.HttpEntityMethodProcessor - Using 'application/json', given [application/json, text/plain, */*] and supported [application/json, application/*+json, application/yaml]
2026-03-16 16:57:06 [http-nio-8080-exec-10] TRACE o.s.w.s.m.m.a.HttpEntityMethodProcessor - Writing [ApiResponse[success=true, status=200, code=COMMON_001, message=Success, data={list=[com.company.project.service.menu.dto.MenuDto@6de657c]}, timestamp=2026-03-16T16:57:06.001338100]]
2026-03-16 16:57:06 [http-nio-8080-exec-10] INFO  c.c.p.a.i.OperationalAuditInterceptor - API Audit Log: URL=/api/v1/menu/left, User=user_regular, IP=127.0.0.1
2026-03-16 16:57:06 [http-nio-8080-exec-10] DEBUG o.s.web.servlet.DispatcherServlet - Completed 200 OK
2026-03-16 16:57:06 [http-nio-8080-exec-7] DEBUG o.s.w.s.h.LoggingWebSocketHandlerDecorator - WebSocketServerSockJsSession[id=hxs4kard] closed with CloseStatus[code=1001, reason=null]
2026-03-16 16:57:06 [http-nio-8080-exec-7] DEBUG o.s.w.s.m.SubProtocolWebSocketHandler - Clearing session hxs4kard
2026-03-16 16:57:06 [scheduling-1] DEBUG org.springframework.web.SimpLogging - Processing DISCONNECT session=hxs4kard
2026-03-16 16:57:06 [scheduling-1] DEBUG o.s.w.s.m.SubProtocolWebSocketHandler - No session for GenericMessage [payload=byte[0], headers={simpMessageType=DISCONNECT_ACK, simpDisconnectMessage=GenericMessage [payload=byte[0], headers={simpMessageType=DISCONNECT, stompCommand=DISCONNECT, simpSessionAttributes={org.springframework.messaging.simp.SimpAttributes.COMPLETED=true}, simpSessionId=hxs4kard}], simpSessionId=hxs4kard}]
2026-03-16 16:57:06 [http-nio-8080-exec-8] DEBUG c.c.p.s.jwt.JwtAuthenticationFilter - >>> [JwtFilter] Processing request: GET /api/v1/dashboard
2026-03-16 16:57:06 [http-nio-8080-exec-4] DEBUG c.c.p.s.jwt.JwtAuthenticationFilter - >>> [JwtFilter] Processing request: GET /api/v1/menu/head
2026-03-16 16:57:06 [http-nio-8080-exec-8] DEBUG c.c.p.s.jwt.JwtAuthenticationFilter - >>> [JwtFilter] Found token in header for path: /api/v1/dashboard
2026-03-16 16:57:06 [http-nio-8080-exec-4] DEBUG c.c.p.s.jwt.JwtAuthenticationFilter - >>> [JwtFilter] Found token in header for path: /api/v1/menu/head
2026-03-16 16:57:06 [http-nio-8080-exec-8] DEBUG o.s.orm.jpa.JpaTransactionManager - Creating new transaction with name [com.company.project.security.iam.CustomUserDetailsService.loadUserByUsername]: PROPAGATION_REQUIRED,ISOLATION_DEFAULT,readOnly
2026-03-16 16:57:06 [http-nio-8080-exec-4] DEBUG o.s.orm.jpa.JpaTransactionManager - Creating new transaction with name [com.company.project.security.iam.CustomUserDetailsService.loadUserByUsername]: PROPAGATION_REQUIRED,ISOLATION_DEFAULT,readOnly
2026-03-16 16:57:06 [http-nio-8080-exec-8] DEBUG o.s.orm.jpa.JpaTransactionManager - Opened new EntityManager [SessionImpl(739776481<open>)] for JPA transaction
2026-03-16 16:57:06 [http-nio-8080-exec-4] DEBUG o.s.orm.jpa.JpaTransactionManager - Opened new EntityManager [SessionImpl(485341530<open>)] for JPA transaction
2026-03-16 16:57:07 [http-nio-8080-exec-4] DEBUG o.s.orm.jpa.JpaTransactionManager - Exposing JPA transaction as JDBC [org.springframework.orm.jpa.vendor.HibernateJpaDialect$HibernateConnectionHandle@15e74b11]
2026-03-16 16:57:07 [http-nio-8080-exec-4] DEBUG o.s.orm.jpa.JpaTransactionManager - Found thread-bound EntityManager [SessionImpl(485341530<open>)] for JPA transaction
2026-03-16 16:57:07 [http-nio-8080-exec-4] DEBUG o.s.orm.jpa.JpaTransactionManager - Participating in existing transaction
2026-03-16 16:57:07 [http-nio-8080-exec-4] DEBUG org.hibernate.SQL - select u1_0.emplyr_id,u1_0.area_no,u1_0.brthdy,u1_0.chg_pwd_cnt,u1_0.frst_register_id,u1_0.frst_regist_pnttm,u1_0.detail_adres,u1_0.email_adres,u1_0.emplyr_sttus_code,u1_0.empl_no,u1_0.esntl_id,u1_0.fxnum,u1_0.group_id,u1_0.house_adres,u1_0.house_end_telno,u1_0.house_middle_telno,u1_0.ihidnum,u1_0.pstinst_code,u1_0.last_updusr_id,u1_0.last_updt_pnttm,u1_0.lock_at,u1_0.lock_cnt,u1_0.lock_last_pnttm,u1_0.mbtlnum,u1_0.ofcps_nm,u1_0.offm_telno,u1_0.orgnzt_id,u1_0.password,u1_0.password_cnsr,u1_0.password_hint,u1_0.chg_pwd_last_pnttm,u1_0.role,u1_0.sbscrb_de,u1_0.sexdstn_code,u1_0.crtfc_dn_value,u1_0.user_nm,u1_0.zip from nemplyrinfo u1_0 where u1_0.emplyr_id=?
2026-03-16 16:57:07 [http-nio-8080-exec-8] DEBUG o.s.orm.jpa.JpaTransactionManager - Exposing JPA transaction as JDBC [org.springframework.orm.jpa.vendor.HibernateJpaDialect$HibernateConnectionHandle@9b856a4]
2026-03-16 16:57:07 [http-nio-8080-exec-8] DEBUG o.s.orm.jpa.JpaTransactionManager - Found thread-bound EntityManager [SessionImpl(739776481<open>)] for JPA transaction
2026-03-16 16:57:07 [http-nio-8080-exec-8] DEBUG o.s.orm.jpa.JpaTransactionManager - Participating in existing transaction
2026-03-16 16:57:07 [http-nio-8080-exec-8] DEBUG org.hibernate.SQL - select u1_0.emplyr_id,u1_0.area_no,u1_0.brthdy,u1_0.chg_pwd_cnt,u1_0.frst_register_id,u1_0.frst_regist_pnttm,u1_0.detail_adres,u1_0.email_adres,u1_0.emplyr_sttus_code,u1_0.empl_no,u1_0.esntl_id,u1_0.fxnum,u1_0.group_id,u1_0.house_adres,u1_0.house_end_telno,u1_0.house_middle_telno,u1_0.ihidnum,u1_0.pstinst_code,u1_0.last_updusr_id,u1_0.last_updt_pnttm,u1_0.lock_at,u1_0.lock_cnt,u1_0.lock_last_pnttm,u1_0.mbtlnum,u1_0.ofcps_nm,u1_0.offm_telno,u1_0.orgnzt_id,u1_0.password,u1_0.password_cnsr,u1_0.password_hint,u1_0.chg_pwd_last_pnttm,u1_0.role,u1_0.sbscrb_de,u1_0.sexdstn_code,u1_0.crtfc_dn_value,u1_0.user_nm,u1_0.zip from nemplyrinfo u1_0 where u1_0.emplyr_id=?
2026-03-16 16:57:07 [http-nio-8080-exec-4] DEBUG o.s.orm.jpa.JpaTransactionManager - Found thread-bound EntityManager [SessionImpl(485341530<open>)] for JPA transaction
2026-03-16 16:57:07 [http-nio-8080-exec-4] DEBUG o.s.orm.jpa.JpaTransactionManager - Participating in existing transaction
2026-03-16 16:57:07 [http-nio-8080-exec-4] DEBUG org.hibernate.SQL - select ua1_0.scrty_dtrmn_trget_id,ua1_0.author_code,ua1_0.frst_register_id,ua1_0.frst_regist_pnttm,ua1_0.last_updusr_id,ua1_0.last_updt_pnttm,ua1_0.mber_ty_code from nemplyrscrtyestbs ua1_0 where ua1_0.scrty_dtrmn_trget_id=?
2026-03-16 16:57:07 [http-nio-8080-exec-8] DEBUG o.s.orm.jpa.JpaTransactionManager - Found thread-bound EntityManager [SessionImpl(739776481<open>)] for JPA transaction
2026-03-16 16:57:07 [http-nio-8080-exec-8] DEBUG o.s.orm.jpa.JpaTransactionManager - Participating in existing transaction
2026-03-16 16:57:07 [http-nio-8080-exec-8] DEBUG org.hibernate.SQL - select ua1_0.scrty_dtrmn_trget_id,ua1_0.author_code,ua1_0.frst_register_id,ua1_0.frst_regist_pnttm,ua1_0.last_updusr_id,ua1_0.last_updt_pnttm,ua1_0.mber_ty_code from nemplyrscrtyestbs ua1_0 where ua1_0.scrty_dtrmn_trget_id=?
2026-03-16 16:57:07 [http-nio-8080-exec-4] DEBUG o.s.orm.jpa.JpaTransactionManager - Initiating transaction commit
2026-03-16 16:57:07 [http-nio-8080-exec-4] DEBUG o.s.orm.jpa.JpaTransactionManager - Committing JPA transaction on EntityManager [SessionImpl(485341530<open>)]
2026-03-16 16:57:07 [http-nio-8080-exec-8] DEBUG o.s.orm.jpa.JpaTransactionManager - Initiating transaction commit
2026-03-16 16:57:07 [http-nio-8080-exec-8] DEBUG o.s.orm.jpa.JpaTransactionManager - Committing JPA transaction on EntityManager [SessionImpl(739776481<open>)]
2026-03-16 16:57:07 [http-nio-8080-exec-4] DEBUG o.s.orm.jpa.JpaTransactionManager - Closing JPA EntityManager [SessionImpl(485341530<open>)] after transaction
2026-03-16 16:57:07 [http-nio-8080-exec-4] DEBUG c.c.p.s.jwt.JwtAuthenticationFilter - >>> [JwtFilter] Successfully authenticated user: USRCNFRM_99999999999, Authorities: [ROLE_ADMIN]
2026-03-16 16:57:07 [http-nio-8080-exec-4] DEBUG o.s.web.servlet.DispatcherServlet - GET "/api/v1/menu/head", parameters={}
2026-03-16 16:57:07 [http-nio-8080-exec-4] TRACE o.s.w.s.m.m.a.RequestMappingHandlerMapping - Mapped to com.company.project.api.controller.menu.MenuController#getHeadMenu()
2026-03-16 16:57:07 [http-nio-8080-exec-4] INFO  c.c.p.a.c.menu.MenuController - getHeadMenu called
2026-03-16 16:57:07 [http-nio-8080-exec-4] INFO  c.c.p.a.c.menu.MenuController - getHeadMenu returned 5 items
2026-03-16 16:57:07 [http-nio-8080-exec-4] DEBUG o.s.w.s.m.m.a.HttpEntityMethodProcessor - Using 'application/json', given [application/json, text/plain, */*] and supported [application/json, application/*+json, application/yaml]
2026-03-16 16:57:07 [http-nio-8080-exec-4] TRACE o.s.w.s.m.m.a.HttpEntityMethodProcessor - Writing [ApiResponse[success=true, status=200, code=COMMON_001, message=Success, data={list=[com.company.project.service.menu.dto.MenuDto@2b80d6b0, com.company.project.service.menu.dto.MenuDto@1418cfa3, com.company.project.service.menu.dto.MenuDto@f230bf1, com.company.project.service.menu.dto.MenuDto@734a7f6a, com.company.project.service.menu.dto.MenuDto@5e5202e5]}, timestamp=2026-03-16T16:57:07.496659]]
2026-03-16 16:57:07 [http-nio-8080-exec-4] INFO  c.c.p.a.i.OperationalAuditInterceptor - API Audit Log: URL=/api/v1/menu/head, User=webmaster, IP=0:0:0:0:0:0:0:1
2026-03-16 16:57:07 [http-nio-8080-exec-4] DEBUG o.s.web.servlet.DispatcherServlet - Completed 200 OK
2026-03-16 16:57:07 [http-nio-8080-exec-5] DEBUG c.c.p.s.jwt.JwtAuthenticationFilter - >>> [JwtFilter] Processing request: GET /api/v1/menu/left
2026-03-16 16:57:07 [http-nio-8080-exec-5] DEBUG c.c.p.s.jwt.JwtAuthenticationFilter - >>> [JwtFilter] Found token in header for path: /api/v1/menu/left
2026-03-16 16:57:07 [http-nio-8080-exec-5] DEBUG o.s.orm.jpa.JpaTransactionManager - Creating new transaction with name [com.company.project.security.iam.CustomUserDetailsService.loadUserByUsername]: PROPAGATION_REQUIRED,ISOLATION_DEFAULT,readOnly
2026-03-16 16:57:07 [http-nio-8080-exec-5] DEBUG o.s.orm.jpa.JpaTransactionManager - Opened new EntityManager [SessionImpl(421856427<open>)] for JPA transaction
2026-03-16 16:57:07 [http-nio-8080-exec-2] DEBUG c.c.p.s.jwt.JwtAuthenticationFilter - >>> [JwtFilter] Processing request: GET /api/v1/menu/left
2026-03-16 16:57:07 [http-nio-8080-exec-3] DEBUG c.c.p.s.jwt.JwtAuthenticationFilter - >>> [JwtFilter] Processing request: GET /api/v1/menu/left
2026-03-16 16:57:07 [http-nio-8080-exec-6] DEBUG c.c.p.s.jwt.JwtAuthenticationFilter - >>> [JwtFilter] Processing request: GET /api/v1/menu/left
2026-03-16 16:57:07 [http-nio-8080-exec-2] DEBUG c.c.p.s.jwt.JwtAuthenticationFilter - >>> [JwtFilter] Found token in header for path: /api/v1/menu/left
2026-03-16 16:57:07 [http-nio-8080-exec-6] DEBUG c.c.p.s.jwt.JwtAuthenticationFilter - >>> [JwtFilter] Found token in header for path: /api/v1/menu/left
2026-03-16 16:57:07 [http-nio-8080-exec-3] DEBUG c.c.p.s.jwt.JwtAuthenticationFilter - >>> [JwtFilter] Found token in header for path: /api/v1/menu/left
2026-03-16 16:57:07 [http-nio-8080-exec-9] DEBUG c.c.p.s.jwt.JwtAuthenticationFilter - >>> [JwtFilter] Processing request: GET /api/v1/menu/left
2026-03-16 16:57:07 [http-nio-8080-exec-9] DEBUG c.c.p.s.jwt.JwtAuthenticationFilter - >>> [JwtFilter] Found token in header for path: /api/v1/menu/left
2026-03-16 16:57:07 [http-nio-8080-exec-2] DEBUG o.s.orm.jpa.JpaTransactionManager - Creating new transaction with name [com.company.project.security.iam.CustomUserDetailsService.loadUserByUsername]: PROPAGATION_REQUIRED,ISOLATION_DEFAULT,readOnly
2026-03-16 16:57:07 [http-nio-8080-exec-3] DEBUG o.s.orm.jpa.JpaTransactionManager - Creating new transaction with name [com.company.project.security.iam.CustomUserDetailsService.loadUserByUsername]: PROPAGATION_REQUIRED,ISOLATION_DEFAULT,readOnly
2026-03-16 16:57:07 [http-nio-8080-exec-6] DEBUG o.s.orm.jpa.JpaTransactionManager - Creating new transaction with name [com.company.project.security.iam.CustomUserDetailsService.loadUserByUsername]: PROPAGATION_REQUIRED,ISOLATION_DEFAULT,readOnly
2026-03-16 16:57:07 [http-nio-8080-exec-2] DEBUG o.s.orm.jpa.JpaTransactionManager - Opened new EntityManager [SessionImpl(935419000<open>)] for JPA transaction
2026-03-16 16:57:07 [http-nio-8080-exec-3] DEBUG o.s.orm.jpa.JpaTransactionManager - Opened new EntityManager [SessionImpl(1606243699<open>)] for JPA transaction
2026-03-16 16:57:07 [http-nio-8080-exec-9] DEBUG o.s.orm.jpa.JpaTransactionManager - Creating new transaction with name [com.company.project.security.iam.CustomUserDetailsService.loadUserByUsername]: PROPAGATION_REQUIRED,ISOLATION_DEFAULT,readOnly
2026-03-16 16:57:07 [http-nio-8080-exec-6] DEBUG o.s.orm.jpa.JpaTransactionManager - Opened new EntityManager [SessionImpl(1098177865<open>)] for JPA transaction
2026-03-16 16:57:07 [http-nio-8080-exec-9] DEBUG o.s.orm.jpa.JpaTransactionManager - Opened new EntityManager [SessionImpl(989356216<open>)] for JPA transaction
2026-03-16 16:57:07 [http-nio-8080-exec-8] DEBUG o.s.orm.jpa.JpaTransactionManager - Closing JPA EntityManager [SessionImpl(739776481<open>)] after transaction
2026-03-16 16:57:07 [http-nio-8080-exec-8] DEBUG c.c.p.s.jwt.JwtAuthenticationFilter - >>> [JwtFilter] Successfully authenticated user: USRCNFRM_99999999999, Authorities: [ROLE_ADMIN]
2026-03-16 16:57:07 [http-nio-8080-exec-8] DEBUG o.s.web.servlet.DispatcherServlet - GET "/api/v1/dashboard", parameters={}
2026-03-16 16:57:07 [http-nio-8080-exec-8] TRACE o.s.w.s.m.m.a.RequestMappingHandlerMapping - Mapped to com.company.project.api.controller.main.DashboardController#getDashboardData(UserDetails)
2026-03-16 16:57:07 [http-nio-8080-exec-8] INFO  c.c.p.a.c.main.DashboardController - >>> [Dashboard] Fetching data for user: USRCNFRM_99999999999
2026-03-16 16:57:07 [http-nio-8080-exec-8] DEBUG o.s.orm.jpa.JpaTransactionManager - Creating new transaction with name [com.company.project.service.board.BoardService.getBoardPosts]: PROPAGATION_REQUIRED,ISOLATION_DEFAULT,readOnly
2026-03-16 16:57:07 [http-nio-8080-exec-8] DEBUG o.s.orm.jpa.JpaTransactionManager - Opened new EntityManager [SessionImpl(2071265649<open>)] for JPA transaction
2026-03-16 16:57:07 [http-nio-8080-exec-8] DEBUG o.s.orm.jpa.JpaTransactionManager - Exposing JPA transaction as JDBC [org.springframework.orm.jpa.vendor.HibernateJpaDialect$HibernateConnectionHandle@151a82c0]
2026-03-16 16:57:07 [http-nio-8080-exec-8] DEBUG o.s.orm.jpa.JpaTransactionManager - Found thread-bound EntityManager [SessionImpl(2071265649<open>)] for JPA transaction
2026-03-16 16:57:07 [http-nio-8080-exec-8] DEBUG o.s.orm.jpa.JpaTransactionManager - Participating in existing transaction
2026-03-16 16:57:07 [http-nio-8080-exec-8] DEBUG org.hibernate.SQL - select bm1_0.bbs_id,bm1_0.atch_posbl_file_number,bm1_0.atch_posbl_file_size,bm1_0.bbs_attrb_code,bm1_0.bbs_intrcn,bm1_0.bbs_nm,bm1_0.bbs_ty_code,bm1_0.blog_at,bm1_0.blog_id,bm1_0.cmmnty_id,bm1_0.frst_register_id,bm1_0.frst_regist_pnttm,bm1_0.file_atch_posbl_at,bm1_0.last_updusr_id,bm1_0.last_updt_pnttm,bm1_0.reply_posbl_at,bm1_0.tmplat_id,bm1_0.use_at,bm1_1.answer_at,bm1_1.stsfdg_at from nbbsmaster bm1_0 left join nbbsmasteroptn bm1_1 on bm1_0.bbs_id=bm1_1.bbs_id where bm1_0.bbs_id=?
2026-03-16 16:57:07 [http-nio-8080-exec-2] DEBUG o.s.orm.jpa.JpaTransactionManager - Exposing JPA transaction as JDBC [org.springframework.orm.jpa.vendor.HibernateJpaDialect$HibernateConnectionHandle@49db6ed4]
2026-03-16 16:57:07 [http-nio-8080-exec-9] DEBUG o.s.orm.jpa.JpaTransactionManager - Exposing JPA transaction as JDBC [org.springframework.orm.jpa.vendor.HibernateJpaDialect$HibernateConnectionHandle@3c62d9c1]
2026-03-16 16:57:07 [http-nio-8080-exec-9] DEBUG o.s.orm.jpa.JpaTransactionManager - Found thread-bound EntityManager [SessionImpl(989356216<open>)] for JPA transaction
2026-03-16 16:57:07 [http-nio-8080-exec-2] DEBUG o.s.orm.jpa.JpaTransactionManager - Found thread-bound EntityManager [SessionImpl(935419000<open>)] for JPA transaction
2026-03-16 16:57:07 [http-nio-8080-exec-9] DEBUG o.s.orm.jpa.JpaTransactionManager - Participating in existing transaction
2026-03-16 16:57:07 [http-nio-8080-exec-2] DEBUG o.s.orm.jpa.JpaTransactionManager - Participating in existing transaction
2026-03-16 16:57:07 [http-nio-8080-exec-2] DEBUG org.hibernate.SQL - select u1_0.emplyr_id,u1_0.area_no,u1_0.brthdy,u1_0.chg_pwd_cnt,u1_0.frst_register_id,u1_0.frst_regist_pnttm,u1_0.detail_adres,u1_0.email_adres,u1_0.emplyr_sttus_code,u1_0.empl_no,u1_0.esntl_id,u1_0.fxnum,u1_0.group_id,u1_0.house_adres,u1_0.house_end_telno,u1_0.house_middle_telno,u1_0.ihidnum,u1_0.pstinst_code,u1_0.last_updusr_id,u1_0.last_updt_pnttm,u1_0.lock_at,u1_0.lock_cnt,u1_0.lock_last_pnttm,u1_0.mbtlnum,u1_0.ofcps_nm,u1_0.offm_telno,u1_0.orgnzt_id,u1_0.password,u1_0.password_cnsr,u1_0.password_hint,u1_0.chg_pwd_last_pnttm,u1_0.role,u1_0.sbscrb_de,u1_0.sexdstn_code,u1_0.crtfc_dn_value,u1_0.user_nm,u1_0.zip from nemplyrinfo u1_0 where u1_0.emplyr_id=?
2026-03-16 16:57:07 [http-nio-8080-exec-9] DEBUG org.hibernate.SQL - select u1_0.emplyr_id,u1_0.area_no,u1_0.brthdy,u1_0.chg_pwd_cnt,u1_0.frst_register_id,u1_0.frst_regist_pnttm,u1_0.detail_adres,u1_0.email_adres,u1_0.emplyr_sttus_code,u1_0.empl_no,u1_0.esntl_id,u1_0.fxnum,u1_0.group_id,u1_0.house_adres,u1_0.house_end_telno,u1_0.house_middle_telno,u1_0.ihidnum,u1_0.pstinst_code,u1_0.last_updusr_id,u1_0.last_updt_pnttm,u1_0.lock_at,u1_0.lock_cnt,u1_0.lock_last_pnttm,u1_0.mbtlnum,u1_0.ofcps_nm,u1_0.offm_telno,u1_0.orgnzt_id,u1_0.password,u1_0.password_cnsr,u1_0.password_hint,u1_0.chg_pwd_last_pnttm,u1_0.role,u1_0.sbscrb_de,u1_0.sexdstn_code,u1_0.crtfc_dn_value,u1_0.user_nm,u1_0.zip from nemplyrinfo u1_0 where u1_0.emplyr_id=?
2026-03-16 16:57:07 [http-nio-8080-exec-5] DEBUG o.s.orm.jpa.JpaTransactionManager - Exposing JPA transaction as JDBC [org.springframework.orm.jpa.vendor.HibernateJpaDialect$HibernateConnectionHandle@6de462ab]
2026-03-16 16:57:07 [http-nio-8080-exec-5] DEBUG o.s.orm.jpa.JpaTransactionManager - Found thread-bound EntityManager [SessionImpl(421856427<open>)] for JPA transaction
2026-03-16 16:57:07 [http-nio-8080-exec-5] DEBUG o.s.orm.jpa.JpaTransactionManager - Participating in existing transaction
2026-03-16 16:57:07 [http-nio-8080-exec-5] DEBUG org.hibernate.SQL - select u1_0.emplyr_id,u1_0.area_no,u1_0.brthdy,u1_0.chg_pwd_cnt,u1_0.frst_register_id,u1_0.frst_regist_pnttm,u1_0.detail_adres,u1_0.email_adres,u1_0.emplyr_sttus_code,u1_0.empl_no,u1_0.esntl_id,u1_0.fxnum,u1_0.group_id,u1_0.house_adres,u1_0.house_end_telno,u1_0.house_middle_telno,u1_0.ihidnum,u1_0.pstinst_code,u1_0.last_updusr_id,u1_0.last_updt_pnttm,u1_0.lock_at,u1_0.lock_cnt,u1_0.lock_last_pnttm,u1_0.mbtlnum,u1_0.ofcps_nm,u1_0.offm_telno,u1_0.orgnzt_id,u1_0.password,u1_0.password_cnsr,u1_0.password_hint,u1_0.chg_pwd_last_pnttm,u1_0.role,u1_0.sbscrb_de,u1_0.sexdstn_code,u1_0.crtfc_dn_value,u1_0.user_nm,u1_0.zip from nemplyrinfo u1_0 where u1_0.emplyr_id=?
2026-03-16 16:57:07 [http-nio-8080-exec-6] DEBUG o.s.orm.jpa.JpaTransactionManager - Exposing JPA transaction as JDBC [org.springframework.orm.jpa.vendor.HibernateJpaDialect$HibernateConnectionHandle@18e8dbcc]
2026-03-16 16:57:07 [http-nio-8080-exec-3] DEBUG o.s.orm.jpa.JpaTransactionManager - Exposing JPA transaction as JDBC [org.springframework.orm.jpa.vendor.HibernateJpaDialect$HibernateConnectionHandle@3487e86]
2026-03-16 16:57:07 [http-nio-8080-exec-3] DEBUG o.s.orm.jpa.JpaTransactionManager - Found thread-bound EntityManager [SessionImpl(1606243699<open>)] for JPA transaction
2026-03-16 16:57:07 [http-nio-8080-exec-3] DEBUG o.s.orm.jpa.JpaTransactionManager - Participating in existing transaction
2026-03-16 16:57:07 [http-nio-8080-exec-6] DEBUG o.s.orm.jpa.JpaTransactionManager - Found thread-bound EntityManager [SessionImpl(1098177865<open>)] for JPA transaction
2026-03-16 16:57:07 [http-nio-8080-exec-6] DEBUG o.s.orm.jpa.JpaTransactionManager - Participating in existing transaction
2026-03-16 16:57:07 [http-nio-8080-exec-3] DEBUG org.hibernate.SQL - select u1_0.emplyr_id,u1_0.area_no,u1_0.brthdy,u1_0.chg_pwd_cnt,u1_0.frst_register_id,u1_0.frst_regist_pnttm,u1_0.detail_adres,u1_0.email_adres,u1_0.emplyr_sttus_code,u1_0.empl_no,u1_0.esntl_id,u1_0.fxnum,u1_0.group_id,u1_0.house_adres,u1_0.house_end_telno,u1_0.house_middle_telno,u1_0.ihidnum,u1_0.pstinst_code,u1_0.last_updusr_id,u1_0.last_updt_pnttm,u1_0.lock_at,u1_0.lock_cnt,u1_0.lock_last_pnttm,u1_0.mbtlnum,u1_0.ofcps_nm,u1_0.offm_telno,u1_0.orgnzt_id,u1_0.password,u1_0.password_cnsr,u1_0.password_hint,u1_0.chg_pwd_last_pnttm,u1_0.role,u1_0.sbscrb_de,u1_0.sexdstn_code,u1_0.crtfc_dn_value,u1_0.user_nm,u1_0.zip from nemplyrinfo u1_0 where u1_0.emplyr_id=?
2026-03-16 16:57:07 [http-nio-8080-exec-6] DEBUG org.hibernate.SQL - select u1_0.emplyr_id,u1_0.area_no,u1_0.brthdy,u1_0.chg_pwd_cnt,u1_0.frst_register_id,u1_0.frst_regist_pnttm,u1_0.detail_adres,u1_0.email_adres,u1_0.emplyr_sttus_code,u1_0.empl_no,u1_0.esntl_id,u1_0.fxnum,u1_0.group_id,u1_0.house_adres,u1_0.house_end_telno,u1_0.house_middle_telno,u1_0.ihidnum,u1_0.pstinst_code,u1_0.last_updusr_id,u1_0.last_updt_pnttm,u1_0.lock_at,u1_0.lock_cnt,u1_0.lock_last_pnttm,u1_0.mbtlnum,u1_0.ofcps_nm,u1_0.offm_telno,u1_0.orgnzt_id,u1_0.password,u1_0.password_cnsr,u1_0.password_hint,u1_0.chg_pwd_last_pnttm,u1_0.role,u1_0.sbscrb_de,u1_0.sexdstn_code,u1_0.crtfc_dn_value,u1_0.user_nm,u1_0.zip from nemplyrinfo u1_0 where u1_0.emplyr_id=?
2026-03-16 16:57:07 [http-nio-8080-exec-8] DEBUG org.hibernate.SQL - select b1_0.ntt_id,b1_0.bbs_id,b1_0.ntt_sj,b1_0.ntcr_nm,b1_0.frst_regist_pnttm,b1_0.rdcnt,b1_0.answer_at,b1_0.parntsctt_no,b1_0.answer_lc,b1_0.sort_ordr,b1_0.ntt_no,b1_0.notice_at,b1_0.secret_at,b1_0.comment_co from nbbs b1_0 left join nemplyrinfo u1_0 on b1_0.frst_register_id=u1_0.esntl_id where (b1_0.use_at = 'Y') and b1_0.bbs_id=? order by b1_0.sort_ordr desc,b1_0.ntt_no offset ? rows fetch first ? rows only
2026-03-16 16:57:07 [http-nio-8080-exec-2] DEBUG o.s.orm.jpa.JpaTransactionManager - Found thread-bound EntityManager [SessionImpl(935419000<open>)] for JPA transaction
2026-03-16 16:57:07 [http-nio-8080-exec-2] DEBUG o.s.orm.jpa.JpaTransactionManager - Participating in existing transaction
2026-03-16 16:57:07 [http-nio-8080-exec-2] DEBUG org.hibernate.SQL - select ua1_0.scrty_dtrmn_trget_id,ua1_0.author_code,ua1_0.frst_register_id,ua1_0.frst_regist_pnttm,ua1_0.last_updusr_id,ua1_0.last_updt_pnttm,ua1_0.mber_ty_code from nemplyrscrtyestbs ua1_0 where ua1_0.scrty_dtrmn_trget_id=?
2026-03-16 16:57:07 [http-nio-8080-exec-9] DEBUG o.s.orm.jpa.JpaTransactionManager - Found thread-bound EntityManager [SessionImpl(989356216<open>)] for JPA transaction
2026-03-16 16:57:07 [http-nio-8080-exec-9] DEBUG o.s.orm.jpa.JpaTransactionManager - Participating in existing transaction
2026-03-16 16:57:07 [http-nio-8080-exec-9] DEBUG org.hibernate.SQL - select ua1_0.scrty_dtrmn_trget_id,ua1_0.author_code,ua1_0.frst_register_id,ua1_0.frst_regist_pnttm,ua1_0.last_updusr_id,ua1_0.last_updt_pnttm,ua1_0.mber_ty_code from nemplyrscrtyestbs ua1_0 where ua1_0.scrty_dtrmn_trget_id=?
2026-03-16 16:57:07 [http-nio-8080-exec-5] DEBUG o.s.orm.jpa.JpaTransactionManager - Found thread-bound EntityManager [SessionImpl(421856427<open>)] for JPA transaction
2026-03-16 16:57:07 [http-nio-8080-exec-5] DEBUG o.s.orm.jpa.JpaTransactionManager - Participating in existing transaction
2026-03-16 16:57:07 [http-nio-8080-exec-5] DEBUG org.hibernate.SQL - select ua1_0.scrty_dtrmn_trget_id,ua1_0.author_code,ua1_0.frst_register_id,ua1_0.frst_regist_pnttm,ua1_0.last_updusr_id,ua1_0.last_updt_pnttm,ua1_0.mber_ty_code from nemplyrscrtyestbs ua1_0 where ua1_0.scrty_dtrmn_trget_id=?
2026-03-16 16:57:07 [http-nio-8080-exec-6] DEBUG o.s.orm.jpa.JpaTransactionManager - Found thread-bound EntityManager [SessionImpl(1098177865<open>)] for JPA transaction
2026-03-16 16:57:07 [http-nio-8080-exec-6] DEBUG o.s.orm.jpa.JpaTransactionManager - Participating in existing transaction
2026-03-16 16:57:07 [http-nio-8080-exec-6] DEBUG org.hibernate.SQL - select ua1_0.scrty_dtrmn_trget_id,ua1_0.author_code,ua1_0.frst_register_id,ua1_0.frst_regist_pnttm,ua1_0.last_updusr_id,ua1_0.last_updt_pnttm,ua1_0.mber_ty_code from nemplyrscrtyestbs ua1_0 where ua1_0.scrty_dtrmn_trget_id=?
2026-03-16 16:57:07 [http-nio-8080-exec-3] DEBUG o.s.orm.jpa.JpaTransactionManager - Found thread-bound EntityManager [SessionImpl(1606243699<open>)] for JPA transaction
2026-03-16 16:57:07 [http-nio-8080-exec-3] DEBUG o.s.orm.jpa.JpaTransactionManager - Participating in existing transaction
2026-03-16 16:57:07 [http-nio-8080-exec-3] DEBUG org.hibernate.SQL - select ua1_0.scrty_dtrmn_trget_id,ua1_0.author_code,ua1_0.frst_register_id,ua1_0.frst_regist_pnttm,ua1_0.last_updusr_id,ua1_0.last_updt_pnttm,ua1_0.mber_ty_code from nemplyrscrtyestbs ua1_0 where ua1_0.scrty_dtrmn_trget_id=?
2026-03-16 16:57:07 [http-nio-8080-exec-8] DEBUG org.hibernate.SQL - select count(b1_0.ntt_id) from nbbs b1_0 left join nemplyrinfo u1_0 on b1_0.frst_register_id=u1_0.esntl_id where (b1_0.use_at = 'Y') and b1_0.bbs_id=?
2026-03-16 16:57:07 [http-nio-8080-exec-9] DEBUG o.s.orm.jpa.JpaTransactionManager - Initiating transaction commit
2026-03-16 16:57:07 [http-nio-8080-exec-2] DEBUG o.s.orm.jpa.JpaTransactionManager - Initiating transaction commit
2026-03-16 16:57:07 [http-nio-8080-exec-9] DEBUG o.s.orm.jpa.JpaTransactionManager - Committing JPA transaction on EntityManager [SessionImpl(989356216<open>)]
2026-03-16 16:57:07 [http-nio-8080-exec-2] DEBUG o.s.orm.jpa.JpaTransactionManager - Committing JPA transaction on EntityManager [SessionImpl(935419000<open>)]
2026-03-16 16:57:07 [http-nio-8080-exec-5] DEBUG o.s.orm.jpa.JpaTransactionManager - Initiating transaction commit
2026-03-16 16:57:07 [http-nio-8080-exec-5] DEBUG o.s.orm.jpa.JpaTransactionManager - Committing JPA transaction on EntityManager [SessionImpl(421856427<open>)]
2026-03-16 16:57:07 [http-nio-8080-exec-6] DEBUG o.s.orm.jpa.JpaTransactionManager - Initiating transaction commit
2026-03-16 16:57:07 [http-nio-8080-exec-6] DEBUG o.s.orm.jpa.JpaTransactionManager - Committing JPA transaction on EntityManager [SessionImpl(1098177865<open>)]
2026-03-16 16:57:07 [http-nio-8080-exec-3] DEBUG o.s.orm.jpa.JpaTransactionManager - Initiating transaction commit
2026-03-16 16:57:07 [http-nio-8080-exec-3] DEBUG o.s.orm.jpa.JpaTransactionManager - Committing JPA transaction on EntityManager [SessionImpl(1606243699<open>)]
2026-03-16 16:57:07 [http-nio-8080-exec-8] DEBUG o.s.orm.jpa.JpaTransactionManager - Initiating transaction commit
2026-03-16 16:57:07 [http-nio-8080-exec-8] DEBUG o.s.orm.jpa.JpaTransactionManager - Committing JPA transaction on EntityManager [SessionImpl(2071265649<open>)]
2026-03-16 16:57:08 [http-nio-8080-exec-9] DEBUG o.s.orm.jpa.JpaTransactionManager - Closing JPA EntityManager [SessionImpl(989356216<open>)] after transaction
2026-03-16 16:57:08 [http-nio-8080-exec-2] DEBUG o.s.orm.jpa.JpaTransactionManager - Closing JPA EntityManager [SessionImpl(935419000<open>)] after transaction
2026-03-16 16:57:08 [http-nio-8080-exec-9] DEBUG c.c.p.s.jwt.JwtAuthenticationFilter - >>> [JwtFilter] Successfully authenticated user: USRCNFRM_99999999999, Authorities: [ROLE_ADMIN]
2026-03-16 16:57:08 [http-nio-8080-exec-2] DEBUG c.c.p.s.jwt.JwtAuthenticationFilter - >>> [JwtFilter] Successfully authenticated user: USRCNFRM_99999999999, Authorities: [ROLE_ADMIN]
2026-03-16 16:57:08 [http-nio-8080-exec-2] DEBUG o.s.web.servlet.DispatcherServlet - GET "/api/v1/menu/left?menuNo=40", parameters={masked}
2026-03-16 16:57:08 [http-nio-8080-exec-9] DEBUG o.s.web.servlet.DispatcherServlet - GET "/api/v1/menu/left?menuNo=60", parameters={masked}
2026-03-16 16:57:08 [http-nio-8080-exec-2] TRACE o.s.w.s.m.m.a.RequestMappingHandlerMapping - Mapped to com.company.project.api.controller.menu.MenuController#getLeftMenu(Long)
2026-03-16 16:57:08 [http-nio-8080-exec-9] TRACE o.s.w.s.m.m.a.RequestMappingHandlerMapping - Mapped to com.company.project.api.controller.menu.MenuController#getLeftMenu(Long)
2026-03-16 16:57:08 [http-nio-8080-exec-2] INFO  c.c.p.a.c.menu.MenuController - getLeftMenu called with menuNo=40
2026-03-16 16:57:08 [http-nio-8080-exec-2] DEBUG o.s.orm.jpa.JpaTransactionManager - Creating new transaction with name [com.company.project.service.menu.MenuService.getSubMenus]: PROPAGATION_REQUIRED,ISOLATION_DEFAULT,readOnly
2026-03-16 16:57:08 [http-nio-8080-exec-2] DEBUG o.s.orm.jpa.JpaTransactionManager - Opened new EntityManager [SessionImpl(1288634907<open>)] for JPA transaction
2026-03-16 16:57:08 [http-nio-8080-exec-2] DEBUG o.s.orm.jpa.JpaTransactionManager - Exposing JPA transaction as JDBC [org.springframework.orm.jpa.vendor.HibernateJpaDialect$HibernateConnectionHandle@c649d25]
2026-03-16 16:57:08 [http-nio-8080-exec-9] INFO  c.c.p.a.c.menu.MenuController - getLeftMenu called with menuNo=60
2026-03-16 16:57:08 [http-nio-8080-exec-9] DEBUG o.s.orm.jpa.JpaTransactionManager - Creating new transaction with name [com.company.project.service.menu.MenuService.getSubMenus]: PROPAGATION_REQUIRED,ISOLATION_DEFAULT,readOnly
2026-03-16 16:57:08 [http-nio-8080-exec-9] DEBUG o.s.orm.jpa.JpaTransactionManager - Opened new EntityManager [SessionImpl(1818051292<open>)] for JPA transaction
2026-03-16 16:57:08 [http-nio-8080-exec-9] DEBUG o.s.orm.jpa.JpaTransactionManager - Exposing JPA transaction as JDBC [org.springframework.orm.jpa.vendor.HibernateJpaDialect$HibernateConnectionHandle@3600bbbe]
2026-03-16 16:57:08 [http-nio-8080-exec-2] DEBUG org.hibernate.SQL - select m1_0.menu_no,m1_0.menu_dc,m1_0.menu_nm,m1_0.menu_ordr,m1_0.modern_route,m1_0.progrm_file_nm,m1_0.relate_image_nm,m1_0.relate_image_path,m1_0.route_updated_at,m1_0.upper_menu_no from nmenuinfo m1_0 order by m1_0.upper_menu_no,m1_0.menu_ordr
2026-03-16 16:57:08 [http-nio-8080-exec-9] DEBUG org.hibernate.SQL - select m1_0.menu_no,m1_0.menu_dc,m1_0.menu_nm,m1_0.menu_ordr,m1_0.modern_route,m1_0.progrm_file_nm,m1_0.relate_image_nm,m1_0.relate_image_path,m1_0.route_updated_at,m1_0.upper_menu_no from nmenuinfo m1_0 order by m1_0.upper_menu_no,m1_0.menu_ordr
2026-03-16 16:57:08 [http-nio-8080-exec-5] DEBUG o.s.orm.jpa.JpaTransactionManager - Closing JPA EntityManager [SessionImpl(421856427<open>)] after transaction
2026-03-16 16:57:08 [http-nio-8080-exec-5] DEBUG c.c.p.s.jwt.JwtAuthenticationFilter - >>> [JwtFilter] Successfully authenticated user: USRCNFRM_99999999999, Authorities: [ROLE_ADMIN]
2026-03-16 16:57:08 [http-nio-8080-exec-6] DEBUG o.s.orm.jpa.JpaTransactionManager - Closing JPA EntityManager [SessionImpl(1098177865<open>)] after transaction
2026-03-16 16:57:08 [http-nio-8080-exec-6] DEBUG c.c.p.s.jwt.JwtAuthenticationFilter - >>> [JwtFilter] Successfully authenticated user: USRCNFRM_99999999999, Authorities: [ROLE_ADMIN]
2026-03-16 16:57:08 [http-nio-8080-exec-5] DEBUG o.s.web.servlet.DispatcherServlet - GET "/api/v1/menu/left?menuNo=10", parameters={masked}
2026-03-16 16:57:08 [http-nio-8080-exec-6] DEBUG o.s.web.servlet.DispatcherServlet - GET "/api/v1/menu/left?menuNo=20", parameters={masked}
2026-03-16 16:57:08 [http-nio-8080-exec-5] TRACE o.s.w.s.m.m.a.RequestMappingHandlerMapping - Mapped to com.company.project.api.controller.menu.MenuController#getLeftMenu(Long)
2026-03-16 16:57:08 [http-nio-8080-exec-6] TRACE o.s.w.s.m.m.a.RequestMappingHandlerMapping - Mapped to com.company.project.api.controller.menu.MenuController#getLeftMenu(Long)
2026-03-16 16:57:08 [http-nio-8080-exec-3] DEBUG o.s.orm.jpa.JpaTransactionManager - Closing JPA EntityManager [SessionImpl(1606243699<open>)] after transaction
2026-03-16 16:57:08 [http-nio-8080-exec-6] INFO  c.c.p.a.c.menu.MenuController - getLeftMenu called with menuNo=20
2026-03-16 16:57:08 [http-nio-8080-exec-5] INFO  c.c.p.a.c.menu.MenuController - getLeftMenu called with menuNo=10
2026-03-16 16:57:08 [http-nio-8080-exec-3] DEBUG c.c.p.s.jwt.JwtAuthenticationFilter - >>> [JwtFilter] Successfully authenticated user: USRCNFRM_99999999999, Authorities: [ROLE_ADMIN]
2026-03-16 16:57:08 [http-nio-8080-exec-5] DEBUG o.s.orm.jpa.JpaTransactionManager - Creating new transaction with name [com.company.project.service.menu.MenuService.getSubMenus]: PROPAGATION_REQUIRED,ISOLATION_DEFAULT,readOnly
2026-03-16 16:57:08 [http-nio-8080-exec-6] DEBUG o.s.orm.jpa.JpaTransactionManager - Creating new transaction with name [com.company.project.service.menu.MenuService.getSubMenus]: PROPAGATION_REQUIRED,ISOLATION_DEFAULT,readOnly
2026-03-16 16:57:08 [http-nio-8080-exec-5] DEBUG o.s.orm.jpa.JpaTransactionManager - Opened new EntityManager [SessionImpl(855974137<open>)] for JPA transaction
2026-03-16 16:57:08 [http-nio-8080-exec-6] DEBUG o.s.orm.jpa.JpaTransactionManager - Opened new EntityManager [SessionImpl(351534380<open>)] for JPA transaction
2026-03-16 16:57:08 [http-nio-8080-exec-5] DEBUG o.s.orm.jpa.JpaTransactionManager - Exposing JPA transaction as JDBC [org.springframework.orm.jpa.vendor.HibernateJpaDialect$HibernateConnectionHandle@311a3ab1]
2026-03-16 16:57:08 [http-nio-8080-exec-6] DEBUG o.s.orm.jpa.JpaTransactionManager - Exposing JPA transaction as JDBC [org.springframework.orm.jpa.vendor.HibernateJpaDialect$HibernateConnectionHandle@40ab7f53]
2026-03-16 16:57:08 [http-nio-8080-exec-3] DEBUG o.s.web.servlet.DispatcherServlet - GET "/api/v1/menu/left?menuNo=50", parameters={masked}
2026-03-16 16:57:08 [http-nio-8080-exec-3] TRACE o.s.w.s.m.m.a.RequestMappingHandlerMapping - Mapped to com.company.project.api.controller.menu.MenuController#getLeftMenu(Long)
2026-03-16 16:57:08 [http-nio-8080-exec-3] INFO  c.c.p.a.c.menu.MenuController - getLeftMenu called with menuNo=50
2026-03-16 16:57:08 [http-nio-8080-exec-3] DEBUG o.s.orm.jpa.JpaTransactionManager - Creating new transaction with name [com.company.project.service.menu.MenuService.getSubMenus]: PROPAGATION_REQUIRED,ISOLATION_DEFAULT,readOnly
2026-03-16 16:57:08 [http-nio-8080-exec-3] DEBUG o.s.orm.jpa.JpaTransactionManager - Opened new EntityManager [SessionImpl(273099115<open>)] for JPA transaction
2026-03-16 16:57:08 [http-nio-8080-exec-3] DEBUG o.s.orm.jpa.JpaTransactionManager - Exposing JPA transaction as JDBC [org.springframework.orm.jpa.vendor.HibernateJpaDialect$HibernateConnectionHandle@6db047a9]
2026-03-16 16:57:08 [http-nio-8080-exec-6] DEBUG org.hibernate.SQL - select m1_0.menu_no,m1_0.menu_dc,m1_0.menu_nm,m1_0.menu_ordr,m1_0.modern_route,m1_0.progrm_file_nm,m1_0.relate_image_nm,m1_0.relate_image_path,m1_0.route_updated_at,m1_0.upper_menu_no from nmenuinfo m1_0 order by m1_0.upper_menu_no,m1_0.menu_ordr
2026-03-16 16:57:08 [http-nio-8080-exec-5] DEBUG org.hibernate.SQL - select m1_0.menu_no,m1_0.menu_dc,m1_0.menu_nm,m1_0.menu_ordr,m1_0.modern_route,m1_0.progrm_file_nm,m1_0.relate_image_nm,m1_0.relate_image_path,m1_0.route_updated_at,m1_0.upper_menu_no from nmenuinfo m1_0 order by m1_0.upper_menu_no,m1_0.menu_ordr
2026-03-16 16:57:08 [http-nio-8080-exec-3] DEBUG org.hibernate.SQL - select m1_0.menu_no,m1_0.menu_dc,m1_0.menu_nm,m1_0.menu_ordr,m1_0.modern_route,m1_0.progrm_file_nm,m1_0.relate_image_nm,m1_0.relate_image_path,m1_0.route_updated_at,m1_0.upper_menu_no from nmenuinfo m1_0 order by m1_0.upper_menu_no,m1_0.menu_ordr
2026-03-16 16:57:08 [http-nio-8080-exec-8] DEBUG o.s.orm.jpa.JpaTransactionManager - Closing JPA EntityManager [SessionImpl(2071265649<open>)] after transaction
2026-03-16 16:57:08 [http-nio-8080-exec-8] DEBUG o.s.orm.jpa.JpaTransactionManager - Creating new transaction with name [com.company.project.service.board.BoardService.getBoardPosts]: PROPAGATION_REQUIRED,ISOLATION_DEFAULT,readOnly
2026-03-16 16:57:08 [http-nio-8080-exec-8] DEBUG o.s.orm.jpa.JpaTransactionManager - Opened new EntityManager [SessionImpl(238116469<open>)] for JPA transaction
2026-03-16 16:57:08 [http-nio-8080-exec-8] DEBUG o.s.orm.jpa.JpaTransactionManager - Exposing JPA transaction as JDBC [org.springframework.orm.jpa.vendor.HibernateJpaDialect$HibernateConnectionHandle@43d2f386]
2026-03-16 16:57:08 [http-nio-8080-exec-8] DEBUG o.s.orm.jpa.JpaTransactionManager - Found thread-bound EntityManager [SessionImpl(238116469<open>)] for JPA transaction
2026-03-16 16:57:08 [http-nio-8080-exec-8] DEBUG o.s.orm.jpa.JpaTransactionManager - Participating in existing transaction
2026-03-16 16:57:08 [http-nio-8080-exec-8] DEBUG org.hibernate.SQL - select bm1_0.bbs_id,bm1_0.atch_posbl_file_number,bm1_0.atch_posbl_file_size,bm1_0.bbs_attrb_code,bm1_0.bbs_intrcn,bm1_0.bbs_nm,bm1_0.bbs_ty_code,bm1_0.blog_at,bm1_0.blog_id,bm1_0.cmmnty_id,bm1_0.frst_register_id,bm1_0.frst_regist_pnttm,bm1_0.file_atch_posbl_at,bm1_0.last_updusr_id,bm1_0.last_updt_pnttm,bm1_0.reply_posbl_at,bm1_0.tmplat_id,bm1_0.use_at,bm1_1.answer_at,bm1_1.stsfdg_at from nbbsmaster bm1_0 left join nbbsmasteroptn bm1_1 on bm1_0.bbs_id=bm1_1.bbs_id where bm1_0.bbs_id=?
2026-03-16 16:57:08 [http-nio-8080-exec-8] DEBUG org.hibernate.SQL - select b1_0.ntt_id,b1_0.bbs_id,b1_0.ntt_sj,b1_0.ntcr_nm,b1_0.frst_regist_pnttm,b1_0.rdcnt,b1_0.answer_at,b1_0.parntsctt_no,b1_0.answer_lc,b1_0.sort_ordr,b1_0.ntt_no,b1_0.notice_at,b1_0.secret_at,b1_0.comment_co from nbbs b1_0 left join nemplyrinfo u1_0 on b1_0.frst_register_id=u1_0.esntl_id where (b1_0.use_at = 'Y') and b1_0.bbs_id=? order by b1_0.sort_ordr desc,b1_0.ntt_no offset ? rows fetch first ? rows only
2026-03-16 16:57:08 [http-nio-8080-exec-9] DEBUG o.s.orm.jpa.JpaTransactionManager - Found thread-bound EntityManager [SessionImpl(1818051292<open>)] for JPA transaction
2026-03-16 16:57:08 [http-nio-8080-exec-9] DEBUG o.s.orm.jpa.JpaTransactionManager - Participating in existing transaction
2026-03-16 16:57:08 [http-nio-8080-exec-2] DEBUG o.s.orm.jpa.JpaTransactionManager - Found thread-bound EntityManager [SessionImpl(1288634907<open>)] for JPA transaction
2026-03-16 16:57:08 [http-nio-8080-exec-2] DEBUG o.s.orm.jpa.JpaTransactionManager - Participating in existing transaction
2026-03-16 16:57:08 [http-nio-8080-exec-9] DEBUG org.hibernate.SQL - select p1_0.progrm_file_nm,p1_0.progrm_dc,p1_0.progrm_korean_nm,p1_0.progrm_stre_path,p1_0.url from nprogrmlist p1_0
2026-03-16 16:57:08 [http-nio-8080-exec-2] DEBUG org.hibernate.SQL - select p1_0.progrm_file_nm,p1_0.progrm_dc,p1_0.progrm_korean_nm,p1_0.progrm_stre_path,p1_0.url from nprogrmlist p1_0
2026-03-16 16:57:08 [http-nio-8080-exec-6] DEBUG o.s.orm.jpa.JpaTransactionManager - Found thread-bound EntityManager [SessionImpl(351534380<open>)] for JPA transaction
2026-03-16 16:57:08 [http-nio-8080-exec-6] DEBUG o.s.orm.jpa.JpaTransactionManager - Participating in existing transaction
2026-03-16 16:57:08 [http-nio-8080-exec-6] DEBUG org.hibernate.SQL - select p1_0.progrm_file_nm,p1_0.progrm_dc,p1_0.progrm_korean_nm,p1_0.progrm_stre_path,p1_0.url from nprogrmlist p1_0
2026-03-16 16:57:08 [http-nio-8080-exec-3] DEBUG o.s.orm.jpa.JpaTransactionManager - Found thread-bound EntityManager [SessionImpl(273099115<open>)] for JPA transaction
2026-03-16 16:57:08 [http-nio-8080-exec-3] DEBUG o.s.orm.jpa.JpaTransactionManager - Participating in existing transaction
2026-03-16 16:57:08 [http-nio-8080-exec-3] DEBUG org.hibernate.SQL - select p1_0.progrm_file_nm,p1_0.progrm_dc,p1_0.progrm_korean_nm,p1_0.progrm_stre_path,p1_0.url from nprogrmlist p1_0
2026-03-16 16:57:08 [http-nio-8080-exec-5] DEBUG o.s.orm.jpa.JpaTransactionManager - Found thread-bound EntityManager [SessionImpl(855974137<open>)] for JPA transaction
2026-03-16 16:57:08 [http-nio-8080-exec-5] DEBUG o.s.orm.jpa.JpaTransactionManager - Participating in existing transaction
2026-03-16 16:57:08 [http-nio-8080-exec-5] DEBUG org.hibernate.SQL - select p1_0.progrm_file_nm,p1_0.progrm_dc,p1_0.progrm_korean_nm,p1_0.progrm_stre_path,p1_0.url from nprogrmlist p1_0
2026-03-16 16:57:08 [http-nio-8080-exec-8] DEBUG org.hibernate.SQL - select count(b1_0.ntt_id) from nbbs b1_0 left join nemplyrinfo u1_0 on b1_0.frst_register_id=u1_0.esntl_id where (b1_0.use_at = 'Y') and b1_0.bbs_id=?
2026-03-16 16:57:08 [http-nio-8080-exec-9] DEBUG o.s.orm.jpa.JpaTransactionManager - Initiating transaction commit
2026-03-16 16:57:08 [http-nio-8080-exec-9] DEBUG o.s.orm.jpa.JpaTransactionManager - Committing JPA transaction on EntityManager [SessionImpl(1818051292<open>)]
2026-03-16 16:57:08 [http-nio-8080-exec-2] DEBUG o.s.orm.jpa.JpaTransactionManager - Initiating transaction commit
2026-03-16 16:57:08 [http-nio-8080-exec-2] DEBUG o.s.orm.jpa.JpaTransactionManager - Committing JPA transaction on EntityManager [SessionImpl(1288634907<open>)]
2026-03-16 16:57:08 [http-nio-8080-exec-6] DEBUG o.s.orm.jpa.JpaTransactionManager - Initiating transaction commit
2026-03-16 16:57:08 [http-nio-8080-exec-6] DEBUG o.s.orm.jpa.JpaTransactionManager - Committing JPA transaction on EntityManager [SessionImpl(351534380<open>)]
2026-03-16 16:57:08 [http-nio-8080-exec-3] DEBUG o.s.orm.jpa.JpaTransactionManager - Initiating transaction commit
2026-03-16 16:57:08 [http-nio-8080-exec-3] DEBUG o.s.orm.jpa.JpaTransactionManager - Committing JPA transaction on EntityManager [SessionImpl(273099115<open>)]
2026-03-16 16:57:08 [http-nio-8080-exec-8] DEBUG o.s.orm.jpa.JpaTransactionManager - Initiating transaction commit
2026-03-16 16:57:08 [http-nio-8080-exec-8] DEBUG o.s.orm.jpa.JpaTransactionManager - Committing JPA transaction on EntityManager [SessionImpl(238116469<open>)]
2026-03-16 16:57:08 [http-nio-8080-exec-9] DEBUG o.s.orm.jpa.JpaTransactionManager - Closing JPA EntityManager [SessionImpl(1818051292<open>)] after transaction
2026-03-16 16:57:08 [http-nio-8080-exec-9] INFO  c.c.p.a.c.menu.MenuController - getLeftMenu returned 1 items
2026-03-16 16:57:08 [http-nio-8080-exec-9] DEBUG o.s.w.s.m.m.a.HttpEntityMethodProcessor - Using 'application/json', given [application/json, text/plain, */*] and supported [application/json, application/*+json, application/yaml]
2026-03-16 16:57:08 [http-nio-8080-exec-9] TRACE o.s.w.s.m.m.a.HttpEntityMethodProcessor - Writing [ApiResponse[success=true, status=200, code=COMMON_001, message=Success, data={list=[com.company.project.service.menu.dto.MenuDto@49b63ec8]}, timestamp=2026-03-16T16:57:08.713008400]]
2026-03-16 16:57:08 [http-nio-8080-exec-9] INFO  c.c.p.a.i.OperationalAuditInterceptor - API Audit Log: URL=/api/v1/menu/left, User=webmaster, IP=0:0:0:0:0:0:0:1
2026-03-16 16:57:08 [http-nio-8080-exec-9] DEBUG o.s.web.servlet.DispatcherServlet - Completed 200 OK
2026-03-16 16:57:08 [http-nio-8080-exec-2] DEBUG o.s.orm.jpa.JpaTransactionManager - Closing JPA EntityManager [SessionImpl(1288634907<open>)] after transaction
2026-03-16 16:57:08 [http-nio-8080-exec-2] INFO  c.c.p.a.c.menu.MenuController - getLeftMenu returned 2 items
2026-03-16 16:57:08 [http-nio-8080-exec-2] DEBUG o.s.w.s.m.m.a.HttpEntityMethodProcessor - Using 'application/json', given [application/json, text/plain, */*] and supported [application/json, application/*+json, application/yaml]
2026-03-16 16:57:08 [http-nio-8080-exec-2] TRACE o.s.w.s.m.m.a.HttpEntityMethodProcessor - Writing [ApiResponse[success=true, status=200, code=COMMON_001, message=Success, data={list=[com.company.project.service.menu.dto.MenuDto@ce4a341, com.company.project.service.menu.dto.MenuDto@9fa87e2]}, timestamp=2026-03-16T16:57:08.715550]]
2026-03-16 16:57:08 [http-nio-8080-exec-2] INFO  c.c.p.a.i.OperationalAuditInterceptor - API Audit Log: URL=/api/v1/menu/left, User=webmaster, IP=0:0:0:0:0:0:0:1
2026-03-16 16:57:08 [http-nio-8080-exec-2] DEBUG o.s.web.servlet.DispatcherServlet - Completed 200 OK
2026-03-16 16:57:08 [http-nio-8080-exec-6] DEBUG o.s.orm.jpa.JpaTransactionManager - Closing JPA EntityManager [SessionImpl(351534380<open>)] after transaction
2026-03-16 16:57:08 [http-nio-8080-exec-6] INFO  c.c.p.a.c.menu.MenuController - getLeftMenu returned 3 items
2026-03-16 16:57:08 [http-nio-8080-exec-6] DEBUG o.s.w.s.m.m.a.HttpEntityMethodProcessor - Using 'application/json', given [application/json, text/plain, */*] and supported [application/json, application/*+json, application/yaml]
2026-03-16 16:57:08 [http-nio-8080-exec-6] TRACE o.s.w.s.m.m.a.HttpEntityMethodProcessor - Writing [ApiResponse[success=true, status=200, code=COMMON_001, message=Success, data={list=[com.company.project.service.menu.dto.MenuDto@266367c7, com.company.project.service.menu.dto.MenuDto@429488df, com.company.project.service.menu.dto.MenuDto@53032360]}, timestamp=2026-03-16T16:57:08.758570500]]
2026-03-16 16:57:08 [http-nio-8080-exec-6] INFO  c.c.p.a.i.OperationalAuditInterceptor - API Audit Log: URL=/api/v1/menu/left, User=webmaster, IP=0:0:0:0:0:0:0:1
2026-03-16 16:57:08 [http-nio-8080-exec-6] DEBUG o.s.web.servlet.DispatcherServlet - Completed 200 OK
2026-03-16 16:57:08 [http-nio-8080-exec-3] DEBUG o.s.orm.jpa.JpaTransactionManager - Closing JPA EntityManager [SessionImpl(273099115<open>)] after transaction
2026-03-16 16:57:08 [http-nio-8080-exec-3] INFO  c.c.p.a.c.menu.MenuController - getLeftMenu returned 3 items
2026-03-16 16:57:08 [http-nio-8080-exec-3] DEBUG o.s.w.s.m.m.a.HttpEntityMethodProcessor - Using 'application/json', given [application/json, text/plain, */*] and supported [application/json, application/*+json, application/yaml]
2026-03-16 16:57:08 [http-nio-8080-exec-3] TRACE o.s.w.s.m.m.a.HttpEntityMethodProcessor - Writing [ApiResponse[success=true, status=200, code=COMMON_001, message=Success, data={list=[com.company.project.service.menu.dto.MenuDto@459b20fb, com.company.project.service.menu.dto.MenuDto@22eeac2f, com.company.project.service.menu.dto.MenuDto@133f7f6b]}, timestamp=2026-03-16T16:57:08.764115600]]
2026-03-16 16:57:08 [http-nio-8080-exec-3] INFO  c.c.p.a.i.OperationalAuditInterceptor - API Audit Log: URL=/api/v1/menu/left, User=webmaster, IP=0:0:0:0:0:0:0:1
2026-03-16 16:57:08 [http-nio-8080-exec-3] DEBUG o.s.web.servlet.DispatcherServlet - Completed 200 OK
2026-03-16 16:57:08 [http-nio-8080-exec-5] DEBUG o.s.orm.jpa.JpaTransactionManager - Initiating transaction commit
2026-03-16 16:57:08 [http-nio-8080-exec-5] DEBUG o.s.orm.jpa.JpaTransactionManager - Committing JPA transaction on EntityManager [SessionImpl(855974137<open>)]
2026-03-16 16:57:08 [http-nio-8080-exec-8] DEBUG o.s.orm.jpa.JpaTransactionManager - Closing JPA EntityManager [SessionImpl(238116469<open>)] after transaction
2026-03-16 16:57:08 [http-nio-8080-exec-8] DEBUG o.s.orm.jpa.JpaTransactionManager - Creating new transaction with name [com.company.project.service.informalsanction.InformalSanctionServiceImpl.getReceivedInformalSanctionList]: PROPAGATION_REQUIRED,ISOLATION_DEFAULT,readOnly
2026-03-16 16:57:08 [http-nio-8080-exec-8] DEBUG o.s.orm.jpa.JpaTransactionManager - Opened new EntityManager [SessionImpl(2088639244<open>)] for JPA transaction
2026-03-16 16:57:08 [http-nio-8080-exec-8] DEBUG o.s.orm.jpa.JpaTransactionManager - Exposing JPA transaction as JDBC [org.springframework.orm.jpa.vendor.HibernateJpaDialect$HibernateConnectionHandle@53d78d2f]
2026-03-16 16:57:08 [http-nio-8080-exec-8] DEBUG org.hibernate.SQL - select is1_0.infrml_sanctn_id,is1_0.applcnt_id,is1_0.confm_at,is1_0.frst_register_id,is1_0.frst_regist_pnttm,is1_0.job_se_code,is1_0.last_updusr_id,is1_0.last_updt_pnttm,is1_0.reqst_de,is1_0.return_resn,is1_0.sanctn_dt,is1_0.sanctner_id from ninfrmlsanctn is1_0 where is1_0.sanctner_id=?
2026-03-16 16:57:08 [http-nio-8080-exec-5] DEBUG o.s.orm.jpa.JpaTransactionManager - Closing JPA EntityManager [SessionImpl(855974137<open>)] after transaction
2026-03-16 16:57:08 [http-nio-8080-exec-5] INFO  c.c.p.a.c.menu.MenuController - getLeftMenu returned 5 items
2026-03-16 16:57:08 [http-nio-8080-exec-5] DEBUG o.s.w.s.m.m.a.HttpEntityMethodProcessor - Using 'application/json', given [application/json, text/plain, */*] and supported [application/json, application/*+json, application/yaml]
2026-03-16 16:57:08 [http-nio-8080-exec-5] TRACE o.s.w.s.m.m.a.HttpEntityMethodProcessor - Writing [ApiResponse[success=true, status=200, code=COMMON_001, message=Success, data={list=[com.company.project.service.menu.dto.MenuDto@75e51aae, com.company.project.service.menu.dto.MenuDto@187d0f9d, com.company.project.service.menu.dto.MenuDto@57f7cd69, com.company.project.service.menu.dto.MenuDto@59eb4ad7, com.company.project.service.menu.dto.MenuDto@4061b2e]}, timestamp=2026-03-16T16:57:08.926287100]]
2026-03-16 16:57:08 [http-nio-8080-exec-5] INFO  c.c.p.a.i.OperationalAuditInterceptor - API Audit Log: URL=/api/v1/menu/left, User=webmaster, IP=0:0:0:0:0:0:0:1
2026-03-16 16:57:08 [http-nio-8080-exec-5] DEBUG o.s.web.servlet.DispatcherServlet - Completed 200 OK
2026-03-16 16:57:08 [http-nio-8080-exec-8] DEBUG o.s.orm.jpa.JpaTransactionManager - Initiating transaction commit
2026-03-16 16:57:08 [http-nio-8080-exec-8] DEBUG o.s.orm.jpa.JpaTransactionManager - Committing JPA transaction on EntityManager [SessionImpl(2088639244<open>)]
2026-03-16 16:57:09 [http-nio-8080-exec-8] DEBUG o.s.orm.jpa.JpaTransactionManager - Closing JPA EntityManager [SessionImpl(2088639244<open>)] after transaction
2026-03-16 16:57:09 [http-nio-8080-exec-8] DEBUG o.s.w.s.m.m.a.HttpEntityMethodProcessor - Using 'application/json', given [application/json, text/plain, */*] and supported [application/json, application/*+json, application/yaml]
2026-03-16 16:57:09 [http-nio-8080-exec-8] TRACE o.s.w.s.m.m.a.HttpEntityMethodProcessor - Writing [{notiList=[com.company.project.service.board.dto.BoardDto@4630f937], success=true, taskList=[com.company.project.service.board.dto.BoardDto@28dd0ef4], pendingApprovalCount=0}]
2026-03-16 16:57:09 [http-nio-8080-exec-8] INFO  c.c.p.a.i.OperationalAuditInterceptor - API Audit Log: URL=/api/v1/dashboard, User=webmaster, IP=0:0:0:0:0:0:0:1
2026-03-16 16:57:09 [http-nio-8080-exec-8] DEBUG o.s.web.servlet.DispatcherServlet - Completed 200 OK
2026-03-16 16:57:09 [http-nio-8080-exec-7] DEBUG c.c.p.s.jwt.JwtAuthenticationFilter - >>> [JwtFilter] Processing request: GET /api/v1/auth/me
2026-03-16 16:57:09 [http-nio-8080-exec-10] DEBUG c.c.p.s.jwt.JwtAuthenticationFilter - >>> [JwtFilter] Processing request: GET /api/v1/menu/left
2026-03-16 16:57:09 [http-nio-8080-exec-1] DEBUG c.c.p.s.jwt.JwtAuthenticationFilter - >>> [JwtFilter] Processing request: GET /api/v1/menu/head
2026-03-16 16:57:09 [http-nio-8080-exec-7] DEBUG c.c.p.s.jwt.JwtAuthenticationFilter - >>> [JwtFilter] Found token in header for path: /api/v1/auth/me
2026-03-16 16:57:09 [http-nio-8080-exec-10] DEBUG c.c.p.s.jwt.JwtAuthenticationFilter - >>> [JwtFilter] Found token in header for path: /api/v1/menu/left
2026-03-16 16:57:09 [http-nio-8080-exec-1] DEBUG c.c.p.s.jwt.JwtAuthenticationFilter - >>> [JwtFilter] Found token in header for path: /api/v1/menu/head
2026-03-16 16:57:09 [http-nio-8080-exec-10] DEBUG o.s.orm.jpa.JpaTransactionManager - Creating new transaction with name [com.company.project.security.iam.CustomUserDetailsService.loadUserByUsername]: PROPAGATION_REQUIRED,ISOLATION_DEFAULT,readOnly
2026-03-16 16:57:09 [http-nio-8080-exec-1] DEBUG o.s.orm.jpa.JpaTransactionManager - Creating new transaction with name [com.company.project.security.iam.CustomUserDetailsService.loadUserByUsername]: PROPAGATION_REQUIRED,ISOLATION_DEFAULT,readOnly
2026-03-16 16:57:09 [http-nio-8080-exec-7] DEBUG o.s.orm.jpa.JpaTransactionManager - Creating new transaction with name [com.company.project.security.iam.CustomUserDetailsService.loadUserByUsername]: PROPAGATION_REQUIRED,ISOLATION_DEFAULT,readOnly
2026-03-16 16:57:09 [http-nio-8080-exec-10] DEBUG o.s.orm.jpa.JpaTransactionManager - Opened new EntityManager [SessionImpl(860306021<open>)] for JPA transaction
2026-03-16 16:57:09 [http-nio-8080-exec-1] DEBUG o.s.orm.jpa.JpaTransactionManager - Opened new EntityManager [SessionImpl(696568628<open>)] for JPA transaction
2026-03-16 16:57:09 [http-nio-8080-exec-7] DEBUG o.s.orm.jpa.JpaTransactionManager - Opened new EntityManager [SessionImpl(287830940<open>)] for JPA transaction
2026-03-16 16:57:09 [http-nio-8080-exec-1] DEBUG o.s.orm.jpa.JpaTransactionManager - Exposing JPA transaction as JDBC [org.springframework.orm.jpa.vendor.HibernateJpaDialect$HibernateConnectionHandle@212ff685]
2026-03-16 16:57:09 [http-nio-8080-exec-1] DEBUG o.s.orm.jpa.JpaTransactionManager - Found thread-bound EntityManager [SessionImpl(696568628<open>)] for JPA transaction
2026-03-16 16:57:09 [http-nio-8080-exec-1] DEBUG o.s.orm.jpa.JpaTransactionManager - Participating in existing transaction
2026-03-16 16:57:09 [http-nio-8080-exec-1] DEBUG org.hibernate.SQL - select u1_0.emplyr_id,u1_0.area_no,u1_0.brthdy,u1_0.chg_pwd_cnt,u1_0.frst_register_id,u1_0.frst_regist_pnttm,u1_0.detail_adres,u1_0.email_adres,u1_0.emplyr_sttus_code,u1_0.empl_no,u1_0.esntl_id,u1_0.fxnum,u1_0.group_id,u1_0.house_adres,u1_0.house_end_telno,u1_0.house_middle_telno,u1_0.ihidnum,u1_0.pstinst_code,u1_0.last_updusr_id,u1_0.last_updt_pnttm,u1_0.lock_at,u1_0.lock_cnt,u1_0.lock_last_pnttm,u1_0.mbtlnum,u1_0.ofcps_nm,u1_0.offm_telno,u1_0.orgnzt_id,u1_0.password,u1_0.password_cnsr,u1_0.password_hint,u1_0.chg_pwd_last_pnttm,u1_0.role,u1_0.sbscrb_de,u1_0.sexdstn_code,u1_0.crtfc_dn_value,u1_0.user_nm,u1_0.zip from nemplyrinfo u1_0 where u1_0.emplyr_id=?
2026-03-16 16:57:09 [http-nio-8080-exec-10] DEBUG o.s.orm.jpa.JpaTransactionManager - Exposing JPA transaction as JDBC [org.springframework.orm.jpa.vendor.HibernateJpaDialect$HibernateConnectionHandle@147a978f]
2026-03-16 16:57:09 [http-nio-8080-exec-10] DEBUG o.s.orm.jpa.JpaTransactionManager - Found thread-bound EntityManager [SessionImpl(860306021<open>)] for JPA transaction
2026-03-16 16:57:09 [http-nio-8080-exec-10] DEBUG o.s.orm.jpa.JpaTransactionManager - Participating in existing transaction
2026-03-16 16:57:09 [http-nio-8080-exec-10] DEBUG org.hibernate.SQL - select u1_0.emplyr_id,u1_0.area_no,u1_0.brthdy,u1_0.chg_pwd_cnt,u1_0.frst_register_id,u1_0.frst_regist_pnttm,u1_0.detail_adres,u1_0.email_adres,u1_0.emplyr_sttus_code,u1_0.empl_no,u1_0.esntl_id,u1_0.fxnum,u1_0.group_id,u1_0.house_adres,u1_0.house_end_telno,u1_0.house_middle_telno,u1_0.ihidnum,u1_0.pstinst_code,u1_0.last_updusr_id,u1_0.last_updt_pnttm,u1_0.lock_at,u1_0.lock_cnt,u1_0.lock_last_pnttm,u1_0.mbtlnum,u1_0.ofcps_nm,u1_0.offm_telno,u1_0.orgnzt_id,u1_0.password,u1_0.password_cnsr,u1_0.password_hint,u1_0.chg_pwd_last_pnttm,u1_0.role,u1_0.sbscrb_de,u1_0.sexdstn_code,u1_0.crtfc_dn_value,u1_0.user_nm,u1_0.zip from nemplyrinfo u1_0 where u1_0.emplyr_id=?
2026-03-16 16:57:09 [http-nio-8080-exec-7] DEBUG o.s.orm.jpa.JpaTransactionManager - Exposing JPA transaction as JDBC [org.springframework.orm.jpa.vendor.HibernateJpaDialect$HibernateConnectionHandle@5a75a69e]
2026-03-16 16:57:09 [http-nio-8080-exec-7] DEBUG o.s.orm.jpa.JpaTransactionManager - Found thread-bound EntityManager [SessionImpl(287830940<open>)] for JPA transaction
2026-03-16 16:57:09 [http-nio-8080-exec-7] DEBUG o.s.orm.jpa.JpaTransactionManager - Participating in existing transaction
2026-03-16 16:57:09 [http-nio-8080-exec-7] DEBUG org.hibernate.SQL - select u1_0.emplyr_id,u1_0.area_no,u1_0.brthdy,u1_0.chg_pwd_cnt,u1_0.frst_register_id,u1_0.frst_regist_pnttm,u1_0.detail_adres,u1_0.email_adres,u1_0.emplyr_sttus_code,u1_0.empl_no,u1_0.esntl_id,u1_0.fxnum,u1_0.group_id,u1_0.house_adres,u1_0.house_end_telno,u1_0.house_middle_telno,u1_0.ihidnum,u1_0.pstinst_code,u1_0.last_updusr_id,u1_0.last_updt_pnttm,u1_0.lock_at,u1_0.lock_cnt,u1_0.lock_last_pnttm,u1_0.mbtlnum,u1_0.ofcps_nm,u1_0.offm_telno,u1_0.orgnzt_id,u1_0.password,u1_0.password_cnsr,u1_0.password_hint,u1_0.chg_pwd_last_pnttm,u1_0.role,u1_0.sbscrb_de,u1_0.sexdstn_code,u1_0.crtfc_dn_value,u1_0.user_nm,u1_0.zip from nemplyrinfo u1_0 where u1_0.emplyr_id=?
2026-03-16 16:57:09 [http-nio-8080-exec-1] DEBUG o.s.orm.jpa.JpaTransactionManager - Found thread-bound EntityManager [SessionImpl(696568628<open>)] for JPA transaction
2026-03-16 16:57:09 [http-nio-8080-exec-1] DEBUG o.s.orm.jpa.JpaTransactionManager - Participating in existing transaction
2026-03-16 16:57:09 [http-nio-8080-exec-1] DEBUG org.hibernate.SQL - select ua1_0.scrty_dtrmn_trget_id,ua1_0.author_code,ua1_0.frst_register_id,ua1_0.frst_regist_pnttm,ua1_0.last_updusr_id,ua1_0.last_updt_pnttm,ua1_0.mber_ty_code from nemplyrscrtyestbs ua1_0 where ua1_0.scrty_dtrmn_trget_id=?
2026-03-16 16:57:09 [http-nio-8080-exec-10] DEBUG o.s.orm.jpa.JpaTransactionManager - Found thread-bound EntityManager [SessionImpl(860306021<open>)] for JPA transaction
2026-03-16 16:57:09 [http-nio-8080-exec-10] DEBUG o.s.orm.jpa.JpaTransactionManager - Participating in existing transaction
2026-03-16 16:57:09 [http-nio-8080-exec-10] DEBUG org.hibernate.SQL - select ua1_0.scrty_dtrmn_trget_id,ua1_0.author_code,ua1_0.frst_register_id,ua1_0.frst_regist_pnttm,ua1_0.last_updusr_id,ua1_0.last_updt_pnttm,ua1_0.mber_ty_code from nemplyrscrtyestbs ua1_0 where ua1_0.scrty_dtrmn_trget_id=?
2026-03-16 16:57:09 [http-nio-8080-exec-7] DEBUG o.s.orm.jpa.JpaTransactionManager - Found thread-bound EntityManager [SessionImpl(287830940<open>)] for JPA transaction
2026-03-16 16:57:09 [http-nio-8080-exec-7] DEBUG o.s.orm.jpa.JpaTransactionManager - Participating in existing transaction
2026-03-16 16:57:09 [http-nio-8080-exec-7] DEBUG org.hibernate.SQL - select ua1_0.scrty_dtrmn_trget_id,ua1_0.author_code,ua1_0.frst_register_id,ua1_0.frst_regist_pnttm,ua1_0.last_updusr_id,ua1_0.last_updt_pnttm,ua1_0.mber_ty_code from nemplyrscrtyestbs ua1_0 where ua1_0.scrty_dtrmn_trget_id=?
2026-03-16 16:57:09 [http-nio-8080-exec-1] DEBUG o.s.orm.jpa.JpaTransactionManager - Initiating transaction commit
2026-03-16 16:57:09 [http-nio-8080-exec-1] DEBUG o.s.orm.jpa.JpaTransactionManager - Committing JPA transaction on EntityManager [SessionImpl(696568628<open>)]
2026-03-16 16:57:09 [http-nio-8080-exec-10] DEBUG o.s.orm.jpa.JpaTransactionManager - Initiating transaction commit
2026-03-16 16:57:09 [http-nio-8080-exec-7] DEBUG o.s.orm.jpa.JpaTransactionManager - Initiating transaction commit
2026-03-16 16:57:09 [http-nio-8080-exec-10] DEBUG o.s.orm.jpa.JpaTransactionManager - Committing JPA transaction on EntityManager [SessionImpl(860306021<open>)]
2026-03-16 16:57:09 [http-nio-8080-exec-7] DEBUG o.s.orm.jpa.JpaTransactionManager - Committing JPA transaction on EntityManager [SessionImpl(287830940<open>)]
2026-03-16 16:57:10 [http-nio-8080-exec-1] DEBUG o.s.orm.jpa.JpaTransactionManager - Closing JPA EntityManager [SessionImpl(696568628<open>)] after transaction
2026-03-16 16:57:10 [http-nio-8080-exec-1] DEBUG c.c.p.s.jwt.JwtAuthenticationFilter - >>> [JwtFilter] Successfully authenticated user: USRCNFRM_99999999999, Authorities: [ROLE_ADMIN]
2026-03-16 16:57:10 [http-nio-8080-exec-1] DEBUG o.s.web.servlet.DispatcherServlet - GET "/api/v1/menu/head", parameters={}
2026-03-16 16:57:10 [http-nio-8080-exec-1] TRACE o.s.w.s.m.m.a.RequestMappingHandlerMapping - Mapped to com.company.project.api.controller.menu.MenuController#getHeadMenu()
2026-03-16 16:57:10 [http-nio-8080-exec-1] INFO  c.c.p.a.c.menu.MenuController - getHeadMenu called
2026-03-16 16:57:10 [http-nio-8080-exec-1] INFO  c.c.p.a.c.menu.MenuController - getHeadMenu returned 5 items
2026-03-16 16:57:10 [http-nio-8080-exec-1] DEBUG o.s.w.s.m.m.a.HttpEntityMethodProcessor - Using 'application/json', given [application/json, text/plain, */*] and supported [application/json, application/*+json, application/yaml]
2026-03-16 16:57:10 [http-nio-8080-exec-1] TRACE o.s.w.s.m.m.a.HttpEntityMethodProcessor - Writing [ApiResponse[success=true, status=200, code=COMMON_001, message=Success, data={list=[com.company.project.service.menu.dto.MenuDto@2b80d6b0, com.company.project.service.menu.dto.MenuDto@1418cfa3, com.company.project.service.menu.dto.MenuDto@f230bf1, com.company.project.service.menu.dto.MenuDto@734a7f6a, com.company.project.service.menu.dto.MenuDto@5e5202e5]}, timestamp=2026-03-16T16:57:10.060200]]
2026-03-16 16:57:10 [http-nio-8080-exec-1] INFO  c.c.p.a.i.OperationalAuditInterceptor - API Audit Log: URL=/api/v1/menu/head, User=webmaster, IP=127.0.0.1
2026-03-16 16:57:10 [http-nio-8080-exec-1] DEBUG o.s.web.servlet.DispatcherServlet - Completed 200 OK
2026-03-16 16:57:10 [http-nio-8080-exec-10] DEBUG o.s.orm.jpa.JpaTransactionManager - Closing JPA EntityManager [SessionImpl(860306021<open>)] after transaction
2026-03-16 16:57:10 [http-nio-8080-exec-7] DEBUG o.s.orm.jpa.JpaTransactionManager - Closing JPA EntityManager [SessionImpl(287830940<open>)] after transaction
2026-03-16 16:57:10 [http-nio-8080-exec-10] DEBUG c.c.p.s.jwt.JwtAuthenticationFilter - >>> [JwtFilter] Successfully authenticated user: USRCNFRM_99999999999, Authorities: [ROLE_ADMIN]
2026-03-16 16:57:10 [http-nio-8080-exec-7] DEBUG c.c.p.s.jwt.JwtAuthenticationFilter - >>> [JwtFilter] Successfully authenticated user: USRCNFRM_99999999999, Authorities: [ROLE_ADMIN]
2026-03-16 16:57:10 [http-nio-8080-exec-7] DEBUG o.s.web.servlet.DispatcherServlet - GET "/api/v1/auth/me", parameters={}
2026-03-16 16:57:10 [http-nio-8080-exec-10] DEBUG o.s.web.servlet.DispatcherServlet - GET "/api/v1/menu/left?menuNo=10", parameters={masked}
2026-03-16 16:57:10 [http-nio-8080-exec-7] TRACE o.s.w.s.m.m.a.RequestMappingHandlerMapping - Mapped to com.company.project.api.auth.AuthController#getCurrentUser()
2026-03-16 16:57:10 [http-nio-8080-exec-10] TRACE o.s.w.s.m.m.a.RequestMappingHandlerMapping - Mapped to com.company.project.api.controller.menu.MenuController#getLeftMenu(Long)
2026-03-16 16:57:10 [http-nio-8080-exec-7] DEBUG o.s.w.s.m.m.a.RequestResponseBodyMethodProcessor - Using 'application/json', given [application/json, text/plain, */*] and supported [application/json, application/*+json, application/yaml]
2026-03-16 16:57:10 [http-nio-8080-exec-10] INFO  c.c.p.a.c.menu.MenuController - getLeftMenu called with menuNo=10
2026-03-16 16:57:10 [http-nio-8080-exec-7] TRACE o.s.w.s.m.m.a.RequestResponseBodyMethodProcessor - Writing [ApiResponse[success=true, status=200, code=COMMON_001, message=Success, data={role=ROLE_ADMIN, userSe=EMP, name=관리자, id=webmaster}, timestamp=2026-03-16T16:57:10.082062700]]
2026-03-16 16:57:10 [http-nio-8080-exec-10] DEBUG o.s.orm.jpa.JpaTransactionManager - Creating new transaction with name [com.company.project.service.menu.MenuService.getSubMenus]: PROPAGATION_REQUIRED,ISOLATION_DEFAULT,readOnly
2026-03-16 16:57:10 [http-nio-8080-exec-10] DEBUG o.s.orm.jpa.JpaTransactionManager - Opened new EntityManager [SessionImpl(378998999<open>)] for JPA transaction
2026-03-16 16:57:10 [http-nio-8080-exec-10] DEBUG o.s.orm.jpa.JpaTransactionManager - Exposing JPA transaction as JDBC [org.springframework.orm.jpa.vendor.HibernateJpaDialect$HibernateConnectionHandle@6910092f]
2026-03-16 16:57:10 [http-nio-8080-exec-7] INFO  c.c.p.a.i.OperationalAuditInterceptor - API Audit Log: URL=/api/v1/auth/me, User=webmaster, IP=127.0.0.1
2026-03-16 16:57:10 [http-nio-8080-exec-7] DEBUG o.s.web.servlet.DispatcherServlet - Completed 200 OK
2026-03-16 16:57:10 [http-nio-8080-exec-10] DEBUG org.hibernate.SQL - select m1_0.menu_no,m1_0.menu_dc,m1_0.menu_nm,m1_0.menu_ordr,m1_0.modern_route,m1_0.progrm_file_nm,m1_0.relate_image_nm,m1_0.relate_image_path,m1_0.route_updated_at,m1_0.upper_menu_no from nmenuinfo m1_0 order by m1_0.upper_menu_no,m1_0.menu_ordr
2026-03-16 16:57:10 [http-nio-8080-exec-4] DEBUG c.c.p.s.jwt.JwtAuthenticationFilter - >>> [JwtFilter] Processing request: GET /api/v1/notifications
2026-03-16 16:57:10 [http-nio-8080-exec-4] DEBUG c.c.p.s.jwt.JwtAuthenticationFilter - >>> [JwtFilter] Found token in header for path: /api/v1/notifications
2026-03-16 16:57:10 [http-nio-8080-exec-9] DEBUG c.c.p.s.jwt.JwtAuthenticationFilter - >>> [JwtFilter] Processing request: GET /api/v1/notifications/unread-count
2026-03-16 16:57:10 [http-nio-8080-exec-9] DEBUG c.c.p.s.jwt.JwtAuthenticationFilter - >>> [JwtFilter] Found token in header for path: /api/v1/notifications/unread-count
2026-03-16 16:57:10 [http-nio-8080-exec-9] DEBUG o.s.orm.jpa.JpaTransactionManager - Creating new transaction with name [com.company.project.security.iam.CustomUserDetailsService.loadUserByUsername]: PROPAGATION_REQUIRED,ISOLATION_DEFAULT,readOnly
2026-03-16 16:57:10 [http-nio-8080-exec-4] DEBUG o.s.orm.jpa.JpaTransactionManager - Creating new transaction with name [com.company.project.security.iam.CustomUserDetailsService.loadUserByUsername]: PROPAGATION_REQUIRED,ISOLATION_DEFAULT,readOnly
2026-03-16 16:57:10 [http-nio-8080-exec-9] DEBUG o.s.orm.jpa.JpaTransactionManager - Opened new EntityManager [SessionImpl(1077897052<open>)] for JPA transaction
2026-03-16 16:57:10 [http-nio-8080-exec-4] DEBUG o.s.orm.jpa.JpaTransactionManager - Opened new EntityManager [SessionImpl(708874757<open>)] for JPA transaction
2026-03-16 16:57:10 [http-nio-8080-exec-2] DEBUG c.c.p.s.jwt.JwtAuthenticationFilter - >>> [JwtFilter] Processing request: GET /api/v1/popups/active
2026-03-16 16:57:10 [http-nio-8080-exec-6] DEBUG c.c.p.s.jwt.JwtAuthenticationFilter - >>> [JwtFilter] Processing request: GET /api/v1/admin/system/banners/reflected
2026-03-16 16:57:10 [http-nio-8080-exec-2] DEBUG c.c.p.s.jwt.JwtAuthenticationFilter - >>> [JwtFilter] Found token in header for path: /api/v1/popups/active
2026-03-16 16:57:10 [http-nio-8080-exec-6] DEBUG c.c.p.s.jwt.JwtAuthenticationFilter - >>> [JwtFilter] Found token in header for path: /api/v1/admin/system/banners/reflected
2026-03-16 16:57:10 [http-nio-8080-exec-6] DEBUG o.s.orm.jpa.JpaTransactionManager - Creating new transaction with name [com.company.project.security.iam.CustomUserDetailsService.loadUserByUsername]: PROPAGATION_REQUIRED,ISOLATION_DEFAULT,readOnly
2026-03-16 16:57:10 [http-nio-8080-exec-2] DEBUG o.s.orm.jpa.JpaTransactionManager - Creating new transaction with name [com.company.project.security.iam.CustomUserDetailsService.loadUserByUsername]: PROPAGATION_REQUIRED,ISOLATION_DEFAULT,readOnly
2026-03-16 16:57:10 [http-nio-8080-exec-6] DEBUG o.s.orm.jpa.JpaTransactionManager - Opened new EntityManager [SessionImpl(330278274<open>)] for JPA transaction
2026-03-16 16:57:10 [http-nio-8080-exec-2] DEBUG o.s.orm.jpa.JpaTransactionManager - Opened new EntityManager [SessionImpl(732893167<open>)] for JPA transaction
2026-03-16 16:57:10 [http-nio-8080-exec-3] DEBUG o.s.web.servlet.DispatcherServlet - GET "/ws/info?t=1773647830199", parameters={masked}
2026-03-16 16:57:10 [http-nio-8080-exec-3] DEBUG o.s.w.s.s.s.WebSocketHandlerMapping - Mapped to org.springframework.web.socket.sockjs.support.SockJsHttpRequestHandler@3d80b7ba
2026-03-16 16:57:10 [http-nio-8080-exec-3] DEBUG o.s.w.s.s.t.h.DefaultSockJsService - Processing transport request: GET http://localhost:8080/ws/info?t=1773647830199
2026-03-16 16:57:10 [http-nio-8080-exec-3] DEBUG o.s.web.servlet.DispatcherServlet - Completed 200 OK
2026-03-16 16:57:10 [http-nio-8080-exec-5] DEBUG o.s.web.servlet.DispatcherServlet - GET "/ws/198/nkzfzp31/websocket", parameters={}
2026-03-16 16:57:10 [http-nio-8080-exec-5] DEBUG o.s.w.s.s.s.WebSocketHandlerMapping - Mapped to org.springframework.web.socket.sockjs.support.SockJsHttpRequestHandler@3d80b7ba
2026-03-16 16:57:10 [http-nio-8080-exec-5] DEBUG o.s.w.s.s.t.h.DefaultSockJsService - Processing transport request: GET http://localhost:8080/ws/198/nkzfzp31/websocket
2026-03-16 16:57:10 [http-nio-8080-exec-5] DEBUG o.s.web.servlet.DispatcherServlet - Completed 101 SWITCHING_PROTOCOLS
2026-03-16 16:57:10 [http-nio-8080-exec-5] DEBUG o.s.w.s.h.LoggingWebSocketHandlerDecorator - New WebSocketServerSockJsSession[id=nkzfzp31]
2026-03-16 16:57:10 [scheduling-1] DEBUG org.springframework.web.SimpLogging - Processing CONNECT session=nkzfzp31
2026-03-16 16:57:10 [scheduling-1] DEBUG org.springframework.web.SimpLogging - Processing SUBSCRIBE /topic/notices id=sub-0 session=nkzfzp31
2026-03-16 16:57:10 [scheduling-1] DEBUG org.springframework.web.SimpLogging - Processing SUBSCRIBE destination=/queue/notifications-usernkzfzp31 subscriptionId=sub-1 session=nkzfzp31 payload=byte[0]
2026-03-16 16:57:10 [scheduling-1] DEBUG org.springframework.web.SimpLogging - Processing SUBSCRIBE /topic/public id=sub-2 session=nkzfzp31
2026-03-16 16:57:10 [scheduling-1] DEBUG org.springframework.web.SimpLogging - Processing SUBSCRIBE /topic/dashboard/stats id=sub-4 session=nkzfzp31
2026-03-16 16:57:10 [scheduling-1] DEBUG org.springframework.web.SimpLogging - Processing SUBSCRIBE /topic/notifications id=sub-5 session=nkzfzp31
2026-03-16 16:57:10 [scheduling-1] DEBUG org.springframework.web.SimpLogging - Processing SUBSCRIBE destination=/queue/notifications-usernkzfzp31 subscriptionId=sub-6 session=nkzfzp31 payload=byte[0]
2026-03-16 16:57:10 [http-nio-8080-exec-3] DEBUG c.c.p.s.jwt.JwtAuthenticationFilter - >>> [JwtFilter] Processing request: GET /api/v1/admin/system/statistics/connect
2026-03-16 16:57:10 [http-nio-8080-exec-3] DEBUG c.c.p.s.jwt.JwtAuthenticationFilter - >>> [JwtFilter] Found token in header for path: /api/v1/admin/system/statistics/connect
2026-03-16 16:57:10 [http-nio-8080-exec-3] DEBUG o.s.orm.jpa.JpaTransactionManager - Creating new transaction with name [com.company.project.security.iam.CustomUserDetailsService.loadUserByUsername]: PROPAGATION_REQUIRED,ISOLATION_DEFAULT,readOnly
2026-03-16 16:57:10 [http-nio-8080-exec-3] DEBUG o.s.orm.jpa.JpaTransactionManager - Opened new EntityManager [SessionImpl(2141470918<open>)] for JPA transaction
2026-03-16 16:57:10 [http-nio-8080-exec-4] DEBUG o.s.orm.jpa.JpaTransactionManager - Exposing JPA transaction as JDBC [org.springframework.orm.jpa.vendor.HibernateJpaDialect$HibernateConnectionHandle@3a751a0b]
2026-03-16 16:57:10 [http-nio-8080-exec-9] DEBUG o.s.orm.jpa.JpaTransactionManager - Exposing JPA transaction as JDBC [org.springframework.orm.jpa.vendor.HibernateJpaDialect$HibernateConnectionHandle@39e544ef]
2026-03-16 16:57:10 [http-nio-8080-exec-4] DEBUG o.s.orm.jpa.JpaTransactionManager - Found thread-bound EntityManager [SessionImpl(708874757<open>)] for JPA transaction
2026-03-16 16:57:10 [http-nio-8080-exec-4] DEBUG o.s.orm.jpa.JpaTransactionManager - Participating in existing transaction
2026-03-16 16:57:10 [http-nio-8080-exec-9] DEBUG o.s.orm.jpa.JpaTransactionManager - Found thread-bound EntityManager [SessionImpl(1077897052<open>)] for JPA transaction
2026-03-16 16:57:10 [http-nio-8080-exec-9] DEBUG o.s.orm.jpa.JpaTransactionManager - Participating in existing transaction
2026-03-16 16:57:10 [http-nio-8080-exec-9] DEBUG org.hibernate.SQL - select u1_0.emplyr_id,u1_0.area_no,u1_0.brthdy,u1_0.chg_pwd_cnt,u1_0.frst_register_id,u1_0.frst_regist_pnttm,u1_0.detail_adres,u1_0.email_adres,u1_0.emplyr_sttus_code,u1_0.empl_no,u1_0.esntl_id,u1_0.fxnum,u1_0.group_id,u1_0.house_adres,u1_0.house_end_telno,u1_0.house_middle_telno,u1_0.ihidnum,u1_0.pstinst_code,u1_0.last_updusr_id,u1_0.last_updt_pnttm,u1_0.lock_at,u1_0.lock_cnt,u1_0.lock_last_pnttm,u1_0.mbtlnum,u1_0.ofcps_nm,u1_0.offm_telno,u1_0.orgnzt_id,u1_0.password,u1_0.password_cnsr,u1_0.password_hint,u1_0.chg_pwd_last_pnttm,u1_0.role,u1_0.sbscrb_de,u1_0.sexdstn_code,u1_0.crtfc_dn_value,u1_0.user_nm,u1_0.zip from nemplyrinfo u1_0 where u1_0.emplyr_id=?
2026-03-16 16:57:10 [http-nio-8080-exec-4] DEBUG org.hibernate.SQL - select u1_0.emplyr_id,u1_0.area_no,u1_0.brthdy,u1_0.chg_pwd_cnt,u1_0.frst_register_id,u1_0.frst_regist_pnttm,u1_0.detail_adres,u1_0.email_adres,u1_0.emplyr_sttus_code,u1_0.empl_no,u1_0.esntl_id,u1_0.fxnum,u1_0.group_id,u1_0.house_adres,u1_0.house_end_telno,u1_0.house_middle_telno,u1_0.ihidnum,u1_0.pstinst_code,u1_0.last_updusr_id,u1_0.last_updt_pnttm,u1_0.lock_at,u1_0.lock_cnt,u1_0.lock_last_pnttm,u1_0.mbtlnum,u1_0.ofcps_nm,u1_0.offm_telno,u1_0.orgnzt_id,u1_0.password,u1_0.password_cnsr,u1_0.password_hint,u1_0.chg_pwd_last_pnttm,u1_0.role,u1_0.sbscrb_de,u1_0.sexdstn_code,u1_0.crtfc_dn_value,u1_0.user_nm,u1_0.zip from nemplyrinfo u1_0 where u1_0.emplyr_id=?
2026-03-16 16:57:10 [http-nio-8080-exec-2] DEBUG o.s.orm.jpa.JpaTransactionManager - Exposing JPA transaction as JDBC [org.springframework.orm.jpa.vendor.HibernateJpaDialect$HibernateConnectionHandle@79e893fb]
2026-03-16 16:57:10 [http-nio-8080-exec-2] DEBUG o.s.orm.jpa.JpaTransactionManager - Found thread-bound EntityManager [SessionImpl(732893167<open>)] for JPA transaction
2026-03-16 16:57:10 [http-nio-8080-exec-2] DEBUG o.s.orm.jpa.JpaTransactionManager - Participating in existing transaction
2026-03-16 16:57:10 [http-nio-8080-exec-2] DEBUG org.hibernate.SQL - select u1_0.emplyr_id,u1_0.area_no,u1_0.brthdy,u1_0.chg_pwd_cnt,u1_0.frst_register_id,u1_0.frst_regist_pnttm,u1_0.detail_adres,u1_0.email_adres,u1_0.emplyr_sttus_code,u1_0.empl_no,u1_0.esntl_id,u1_0.fxnum,u1_0.group_id,u1_0.house_adres,u1_0.house_end_telno,u1_0.house_middle_telno,u1_0.ihidnum,u1_0.pstinst_code,u1_0.last_updusr_id,u1_0.last_updt_pnttm,u1_0.lock_at,u1_0.lock_cnt,u1_0.lock_last_pnttm,u1_0.mbtlnum,u1_0.ofcps_nm,u1_0.offm_telno,u1_0.orgnzt_id,u1_0.password,u1_0.password_cnsr,u1_0.password_hint,u1_0.chg_pwd_last_pnttm,u1_0.role,u1_0.sbscrb_de,u1_0.sexdstn_code,u1_0.crtfc_dn_value,u1_0.user_nm,u1_0.zip from nemplyrinfo u1_0 where u1_0.emplyr_id=?
2026-03-16 16:57:10 [http-nio-8080-exec-6] DEBUG o.s.orm.jpa.JpaTransactionManager - Exposing JPA transaction as JDBC [org.springframework.orm.jpa.vendor.HibernateJpaDialect$HibernateConnectionHandle@2ecfa56f]
2026-03-16 16:57:10 [http-nio-8080-exec-6] DEBUG o.s.orm.jpa.JpaTransactionManager - Found thread-bound EntityManager [SessionImpl(330278274<open>)] for JPA transaction
2026-03-16 16:57:10 [http-nio-8080-exec-6] DEBUG o.s.orm.jpa.JpaTransactionManager - Participating in existing transaction
2026-03-16 16:57:10 [http-nio-8080-exec-6] DEBUG org.hibernate.SQL - select u1_0.emplyr_id,u1_0.area_no,u1_0.brthdy,u1_0.chg_pwd_cnt,u1_0.frst_register_id,u1_0.frst_regist_pnttm,u1_0.detail_adres,u1_0.email_adres,u1_0.emplyr_sttus_code,u1_0.empl_no,u1_0.esntl_id,u1_0.fxnum,u1_0.group_id,u1_0.house_adres,u1_0.house_end_telno,u1_0.house_middle_telno,u1_0.ihidnum,u1_0.pstinst_code,u1_0.last_updusr_id,u1_0.last_updt_pnttm,u1_0.lock_at,u1_0.lock_cnt,u1_0.lock_last_pnttm,u1_0.mbtlnum,u1_0.ofcps_nm,u1_0.offm_telno,u1_0.orgnzt_id,u1_0.password,u1_0.password_cnsr,u1_0.password_hint,u1_0.chg_pwd_last_pnttm,u1_0.role,u1_0.sbscrb_de,u1_0.sexdstn_code,u1_0.crtfc_dn_value,u1_0.user_nm,u1_0.zip from nemplyrinfo u1_0 where u1_0.emplyr_id=?
2026-03-16 16:57:10 [http-nio-8080-exec-10] DEBUG o.s.orm.jpa.JpaTransactionManager - Found thread-bound EntityManager [SessionImpl(378998999<open>)] for JPA transaction
2026-03-16 16:57:10 [http-nio-8080-exec-10] DEBUG o.s.orm.jpa.JpaTransactionManager - Participating in existing transaction
2026-03-16 16:57:10 [http-nio-8080-exec-10] DEBUG org.hibernate.SQL - select p1_0.progrm_file_nm,p1_0.progrm_dc,p1_0.progrm_korean_nm,p1_0.progrm_stre_path,p1_0.url from nprogrmlist p1_0
2026-03-16 16:57:10 [http-nio-8080-exec-3] DEBUG o.s.orm.jpa.JpaTransactionManager - Exposing JPA transaction as JDBC [org.springframework.orm.jpa.vendor.HibernateJpaDialect$HibernateConnectionHandle@63a42b31]
2026-03-16 16:57:10 [http-nio-8080-exec-3] DEBUG o.s.orm.jpa.JpaTransactionManager - Found thread-bound EntityManager [SessionImpl(2141470918<open>)] for JPA transaction
2026-03-16 16:57:10 [http-nio-8080-exec-3] DEBUG o.s.orm.jpa.JpaTransactionManager - Participating in existing transaction
2026-03-16 16:57:10 [http-nio-8080-exec-3] DEBUG org.hibernate.SQL - select u1_0.emplyr_id,u1_0.area_no,u1_0.brthdy,u1_0.chg_pwd_cnt,u1_0.frst_register_id,u1_0.frst_regist_pnttm,u1_0.detail_adres,u1_0.email_adres,u1_0.emplyr_sttus_code,u1_0.empl_no,u1_0.esntl_id,u1_0.fxnum,u1_0.group_id,u1_0.house_adres,u1_0.house_end_telno,u1_0.house_middle_telno,u1_0.ihidnum,u1_0.pstinst_code,u1_0.last_updusr_id,u1_0.last_updt_pnttm,u1_0.lock_at,u1_0.lock_cnt,u1_0.lock_last_pnttm,u1_0.mbtlnum,u1_0.ofcps_nm,u1_0.offm_telno,u1_0.orgnzt_id,u1_0.password,u1_0.password_cnsr,u1_0.password_hint,u1_0.chg_pwd_last_pnttm,u1_0.role,u1_0.sbscrb_de,u1_0.sexdstn_code,u1_0.crtfc_dn_value,u1_0.user_nm,u1_0.zip from nemplyrinfo u1_0 where u1_0.emplyr_id=?
2026-03-16 16:57:10 [http-nio-8080-exec-9] DEBUG o.s.orm.jpa.JpaTransactionManager - Found thread-bound EntityManager [SessionImpl(1077897052<open>)] for JPA transaction
2026-03-16 16:57:10 [http-nio-8080-exec-4] DEBUG o.s.orm.jpa.JpaTransactionManager - Found thread-bound EntityManager [SessionImpl(708874757<open>)] for JPA transaction
2026-03-16 16:57:10 [http-nio-8080-exec-9] DEBUG o.s.orm.jpa.JpaTransactionManager - Participating in existing transaction
2026-03-16 16:57:10 [http-nio-8080-exec-4] DEBUG o.s.orm.jpa.JpaTransactionManager - Participating in existing transaction
2026-03-16 16:57:10 [http-nio-8080-exec-9] DEBUG org.hibernate.SQL - select ua1_0.scrty_dtrmn_trget_id,ua1_0.author_code,ua1_0.frst_register_id,ua1_0.frst_regist_pnttm,ua1_0.last_updusr_id,ua1_0.last_updt_pnttm,ua1_0.mber_ty_code from nemplyrscrtyestbs ua1_0 where ua1_0.scrty_dtrmn_trget_id=?
2026-03-16 16:57:10 [http-nio-8080-exec-4] DEBUG org.hibernate.SQL - select ua1_0.scrty_dtrmn_trget_id,ua1_0.author_code,ua1_0.frst_register_id,ua1_0.frst_regist_pnttm,ua1_0.last_updusr_id,ua1_0.last_updt_pnttm,ua1_0.mber_ty_code from nemplyrscrtyestbs ua1_0 where ua1_0.scrty_dtrmn_trget_id=?
2026-03-16 16:57:10 [http-nio-8080-exec-2] DEBUG o.s.orm.jpa.JpaTransactionManager - Found thread-bound EntityManager [SessionImpl(732893167<open>)] for JPA transaction
2026-03-16 16:57:10 [http-nio-8080-exec-2] DEBUG o.s.orm.jpa.JpaTransactionManager - Participating in existing transaction
2026-03-16 16:57:10 [http-nio-8080-exec-2] DEBUG org.hibernate.SQL - select ua1_0.scrty_dtrmn_trget_id,ua1_0.author_code,ua1_0.frst_register_id,ua1_0.frst_regist_pnttm,ua1_0.last_updusr_id,ua1_0.last_updt_pnttm,ua1_0.mber_ty_code from nemplyrscrtyestbs ua1_0 where ua1_0.scrty_dtrmn_trget_id=?
2026-03-16 16:57:10 [http-nio-8080-exec-6] DEBUG o.s.orm.jpa.JpaTransactionManager - Found thread-bound EntityManager [SessionImpl(330278274<open>)] for JPA transaction
2026-03-16 16:57:10 [http-nio-8080-exec-6] DEBUG o.s.orm.jpa.JpaTransactionManager - Participating in existing transaction
2026-03-16 16:57:10 [http-nio-8080-exec-6] DEBUG org.hibernate.SQL - select ua1_0.scrty_dtrmn_trget_id,ua1_0.author_code,ua1_0.frst_register_id,ua1_0.frst_regist_pnttm,ua1_0.last_updusr_id,ua1_0.last_updt_pnttm,ua1_0.mber_ty_code from nemplyrscrtyestbs ua1_0 where ua1_0.scrty_dtrmn_trget_id=?
2026-03-16 16:57:10 [http-nio-8080-exec-10] DEBUG o.s.orm.jpa.JpaTransactionManager - Initiating transaction commit
2026-03-16 16:57:10 [http-nio-8080-exec-10] DEBUG o.s.orm.jpa.JpaTransactionManager - Committing JPA transaction on EntityManager [SessionImpl(378998999<open>)]
2026-03-16 16:57:10 [http-nio-8080-exec-3] DEBUG o.s.orm.jpa.JpaTransactionManager - Found thread-bound EntityManager [SessionImpl(2141470918<open>)] for JPA transaction
2026-03-16 16:57:10 [http-nio-8080-exec-3] DEBUG o.s.orm.jpa.JpaTransactionManager - Participating in existing transaction
2026-03-16 16:57:10 [http-nio-8080-exec-3] DEBUG org.hibernate.SQL - select ua1_0.scrty_dtrmn_trget_id,ua1_0.author_code,ua1_0.frst_register_id,ua1_0.frst_regist_pnttm,ua1_0.last_updusr_id,ua1_0.last_updt_pnttm,ua1_0.mber_ty_code from nemplyrscrtyestbs ua1_0 where ua1_0.scrty_dtrmn_trget_id=?
2026-03-16 16:57:10 [http-nio-8080-exec-9] DEBUG o.s.orm.jpa.JpaTransactionManager - Initiating transaction commit
2026-03-16 16:57:10 [http-nio-8080-exec-4] DEBUG o.s.orm.jpa.JpaTransactionManager - Initiating transaction commit
2026-03-16 16:57:10 [http-nio-8080-exec-9] DEBUG o.s.orm.jpa.JpaTransactionManager - Committing JPA transaction on EntityManager [SessionImpl(1077897052<open>)]
2026-03-16 16:57:10 [http-nio-8080-exec-4] DEBUG o.s.orm.jpa.JpaTransactionManager - Committing JPA transaction on EntityManager [SessionImpl(708874757<open>)]
2026-03-16 16:57:10 [http-nio-8080-exec-2] DEBUG o.s.orm.jpa.JpaTransactionManager - Initiating transaction commit
2026-03-16 16:57:10 [http-nio-8080-exec-2] DEBUG o.s.orm.jpa.JpaTransactionManager - Committing JPA transaction on EntityManager [SessionImpl(732893167<open>)]
2026-03-16 16:57:10 [http-nio-8080-exec-6] DEBUG o.s.orm.jpa.JpaTransactionManager - Initiating transaction commit
2026-03-16 16:57:10 [http-nio-8080-exec-6] DEBUG o.s.orm.jpa.JpaTransactionManager - Committing JPA transaction on EntityManager [SessionImpl(330278274<open>)]
2026-03-16 16:57:10 [http-nio-8080-exec-10] DEBUG o.s.orm.jpa.JpaTransactionManager - Closing JPA EntityManager [SessionImpl(378998999<open>)] after transaction
2026-03-16 16:57:10 [http-nio-8080-exec-10] INFO  c.c.p.a.c.menu.MenuController - getLeftMenu returned 5 items
2026-03-16 16:57:10 [http-nio-8080-exec-10] DEBUG o.s.w.s.m.m.a.HttpEntityMethodProcessor - Using 'application/json', given [application/json, text/plain, */*] and supported [application/json, application/*+json, application/yaml]
2026-03-16 16:57:10 [http-nio-8080-exec-10] TRACE o.s.w.s.m.m.a.HttpEntityMethodProcessor - Writing [ApiResponse[success=true, status=200, code=COMMON_001, message=Success, data={list=[com.company.project.service.menu.dto.MenuDto@75d67024, com.company.project.service.menu.dto.MenuDto@5c62b671, com.company.project.service.menu.dto.MenuDto@391aee47, com.company.project.service.menu.dto.MenuDto@57b40902, com.company.project.service.menu.dto.MenuDto@11a50480]}, timestamp=2026-03-16T16:57:10.713400200]]
2026-03-16 16:57:10 [http-nio-8080-exec-10] INFO  c.c.p.a.i.OperationalAuditInterceptor - API Audit Log: URL=/api/v1/menu/left, User=webmaster, IP=127.0.0.1
2026-03-16 16:57:10 [http-nio-8080-exec-10] DEBUG o.s.web.servlet.DispatcherServlet - Completed 200 OK
2026-03-16 16:57:10 [http-nio-8080-exec-5] DEBUG c.c.p.s.jwt.JwtAuthenticationFilter - >>> [JwtFilter] Processing request: GET /api/v1/admin/system/statistics/bbs
2026-03-16 16:57:10 [http-nio-8080-exec-5] DEBUG c.c.p.s.jwt.JwtAuthenticationFilter - >>> [JwtFilter] Found token in header for path: /api/v1/admin/system/statistics/bbs
2026-03-16 16:57:10 [http-nio-8080-exec-5] DEBUG o.s.orm.jpa.JpaTransactionManager - Creating new transaction with name [com.company.project.security.iam.CustomUserDetailsService.loadUserByUsername]: PROPAGATION_REQUIRED,ISOLATION_DEFAULT,readOnly
2026-03-16 16:57:10 [http-nio-8080-exec-5] DEBUG o.s.orm.jpa.JpaTransactionManager - Opened new EntityManager [SessionImpl(279904088<open>)] for JPA transaction
2026-03-16 16:57:10 [http-nio-8080-exec-3] DEBUG o.s.orm.jpa.JpaTransactionManager - Initiating transaction commit
2026-03-16 16:57:10 [http-nio-8080-exec-3] DEBUG o.s.orm.jpa.JpaTransactionManager - Committing JPA transaction on EntityManager [SessionImpl(2141470918<open>)]
2026-03-16 16:57:10 [http-nio-8080-exec-9] DEBUG o.s.orm.jpa.JpaTransactionManager - Closing JPA EntityManager [SessionImpl(1077897052<open>)] after transaction
2026-03-16 16:57:10 [http-nio-8080-exec-4] DEBUG o.s.orm.jpa.JpaTransactionManager - Closing JPA EntityManager [SessionImpl(708874757<open>)] after transaction
2026-03-16 16:57:10 [http-nio-8080-exec-9] DEBUG c.c.p.s.jwt.JwtAuthenticationFilter - >>> [JwtFilter] Successfully authenticated user: USRCNFRM_99999999999, Authorities: [ROLE_ADMIN]
2026-03-16 16:57:10 [http-nio-8080-exec-4] DEBUG c.c.p.s.jwt.JwtAuthenticationFilter - >>> [JwtFilter] Successfully authenticated user: USRCNFRM_99999999999, Authorities: [ROLE_ADMIN]
2026-03-16 16:57:10 [http-nio-8080-exec-9] DEBUG o.s.web.servlet.DispatcherServlet - GET "/api/v1/notifications/unread-count", parameters={}
2026-03-16 16:57:10 [http-nio-8080-exec-4] DEBUG o.s.web.servlet.DispatcherServlet - GET "/api/v1/notifications", parameters={}
2026-03-16 16:57:10 [http-nio-8080-exec-9] TRACE o.s.w.s.m.m.a.RequestMappingHandlerMapping - Mapped to com.company.project.api.controller.notification.NotificationController#getUnreadCount(UserDetails)
2026-03-16 16:57:10 [http-nio-8080-exec-2] DEBUG o.s.orm.jpa.JpaTransactionManager - Closing JPA EntityManager [SessionImpl(732893167<open>)] after transaction
2026-03-16 16:57:10 [http-nio-8080-exec-4] TRACE o.s.w.s.m.m.a.RequestMappingHandlerMapping - Mapped to com.company.project.api.controller.notification.NotificationController#getMyNotifications(UserDetails)
2026-03-16 16:57:10 [http-nio-8080-exec-2] DEBUG c.c.p.s.jwt.JwtAuthenticationFilter - >>> [JwtFilter] Successfully authenticated user: USRCNFRM_99999999999, Authorities: [ROLE_ADMIN]
2026-03-16 16:57:10 [http-nio-8080-exec-4] DEBUG o.s.orm.jpa.JpaTransactionManager - Creating new transaction with name [com.company.project.service.notification.NotificationService.getActiveNotifications]: PROPAGATION_REQUIRED,ISOLATION_DEFAULT,readOnly
2026-03-16 16:57:10 [http-nio-8080-exec-2] DEBUG o.s.web.servlet.DispatcherServlet - GET "/api/v1/popups/active", parameters={}
2026-03-16 16:57:10 [http-nio-8080-exec-9] DEBUG o.s.orm.jpa.JpaTransactionManager - Creating new transaction with name [com.company.project.service.notification.NotificationService.getUnreadCount]: PROPAGATION_REQUIRED,ISOLATION_DEFAULT,readOnly
2026-03-16 16:57:10 [http-nio-8080-exec-4] DEBUG o.s.orm.jpa.JpaTransactionManager - Opened new EntityManager [SessionImpl(1909851<open>)] for JPA transaction
2026-03-16 16:57:10 [http-nio-8080-exec-9] DEBUG o.s.orm.jpa.JpaTransactionManager - Opened new EntityManager [SessionImpl(185724693<open>)] for JPA transaction
2026-03-16 16:57:10 [http-nio-8080-exec-2] TRACE o.s.w.s.m.m.a.RequestMappingHandlerMapping - Mapped to com.company.project.api.controller.system.content.popup.PopupController#getActivePopups()
2026-03-16 16:57:10 [http-nio-8080-exec-4] DEBUG o.s.orm.jpa.JpaTransactionManager - Exposing JPA transaction as JDBC [org.springframework.orm.jpa.vendor.HibernateJpaDialect$HibernateConnectionHandle@47ca07ce]
2026-03-16 16:57:10 [http-nio-8080-exec-9] DEBUG o.s.orm.jpa.JpaTransactionManager - Exposing JPA transaction as JDBC [org.springframework.orm.jpa.vendor.HibernateJpaDialect$HibernateConnectionHandle@6ad91828]
2026-03-16 16:57:10 [http-nio-8080-exec-2] DEBUG o.s.orm.jpa.JpaTransactionManager - Creating new transaction with name [com.company.project.service.system.content.popup.PopupServiceImpl.getActivePopups]: PROPAGATION_REQUIRED,ISOLATION_DEFAULT,readOnly
2026-03-16 16:57:10 [http-nio-8080-exec-4] DEBUG o.s.orm.jpa.JpaTransactionManager - Found thread-bound EntityManager [SessionImpl(1909851<open>)] for JPA transaction
2026-03-16 16:57:10 [http-nio-8080-exec-2] DEBUG o.s.orm.jpa.JpaTransactionManager - Opened new EntityManager [SessionImpl(63582503<open>)] for JPA transaction
2026-03-16 16:57:10 [http-nio-8080-exec-4] DEBUG o.s.orm.jpa.JpaTransactionManager - Participating in existing transaction
2026-03-16 16:57:10 [http-nio-8080-exec-2] DEBUG o.s.orm.jpa.JpaTransactionManager - Exposing JPA transaction as JDBC [org.springframework.orm.jpa.vendor.HibernateJpaDialect$HibernateConnectionHandle@10b77fe8]
2026-03-16 16:57:10 [http-nio-8080-exec-4] DEBUG org.hibernate.SQL - select n1_0.ntcn_no,n1_0.frst_register_id,n1_0.frst_regist_pnttm,n1_0.is_read,n1_0.last_updusr_id,n1_0.last_updt_pnttm,n1_0.link_url,n1_0.ntcn_cn,n1_0.ntcn_sj,n1_0.receiver_id from n_user_notification n1_0
2026-03-16 16:57:10 [http-nio-8080-exec-2] DEBUG org.hibernate.SQL - select p1_0.popup_id,p1_0.frst_register_id,p1_0.frst_regist_pnttm,p1_0.file_url,p1_0.ntce_at,p1_0.stopvew_setup_at,p1_0.last_updusr_id,p1_0.last_updt_pnttm,p1_0.ntce_bgnde,p1_0.ntce_endde,p1_0.popup_vrticl_lc,p1_0.popup_vrticl_size,p1_0.popup_sj_nm,p1_0.popup_width_lc,p1_0.popup_width_size from npopupmanage p1_0 where p1_0.ntce_at='Y' and ? between p1_0.ntce_bgnde and p1_0.ntce_endde
2026-03-16 16:57:10 [http-nio-8080-exec-9] DEBUG org.hibernate.SQL - select count(n1_0.ntcn_no) from n_user_notification n1_0 where n1_0.receiver_id=? and n1_0.is_read=?
2026-03-16 16:57:10 [http-nio-8080-exec-6] DEBUG o.s.orm.jpa.JpaTransactionManager - Closing JPA EntityManager [SessionImpl(330278274<open>)] after transaction
2026-03-16 16:57:10 [http-nio-8080-exec-6] DEBUG c.c.p.s.jwt.JwtAuthenticationFilter - >>> [JwtFilter] Successfully authenticated user: USRCNFRM_99999999999, Authorities: [ROLE_ADMIN]
2026-03-16 16:57:10 [http-nio-8080-exec-6] DEBUG o.s.web.servlet.DispatcherServlet - GET "/api/v1/admin/system/banners/reflected", parameters={}
2026-03-16 16:57:10 [http-nio-8080-exec-6] TRACE o.s.w.s.m.m.a.RequestMappingHandlerMapping - Mapped to com.company.project.api.controller.system.content.banner.BannerApiController#getReflectedBanners()
2026-03-16 16:57:10 [http-nio-8080-exec-6] DEBUG o.s.orm.jpa.JpaTransactionManager - Creating new transaction with name [com.company.project.service.system.content.banner.BannerService.getReflectedBanners]: PROPAGATION_REQUIRED,ISOLATION_DEFAULT,readOnly
2026-03-16 16:57:10 [http-nio-8080-exec-6] DEBUG o.s.orm.jpa.JpaTransactionManager - Opened new EntityManager [SessionImpl(684844296<open>)] for JPA transaction
2026-03-16 16:57:10 [http-nio-8080-exec-6] DEBUG o.s.orm.jpa.JpaTransactionManager - Exposing JPA transaction as JDBC [org.springframework.orm.jpa.vendor.HibernateJpaDialect$HibernateConnectionHandle@e14d9c5]
2026-03-16 16:57:10 [http-nio-8080-exec-6] DEBUG org.hibernate.SQL - select b1_0.banner_id,b1_0.banner_dc,b1_0.banner_image,b1_0.banner_image_file,b1_0.banner_nm,b1_0.frst_register_id,b1_0.frst_regist_pnttm,b1_0.last_updusr_id,b1_0.last_updt_pnttm,b1_0.link_url,b1_0.reflct_at,b1_0.sort_ordr from nbanner b1_0 where b1_0.reflct_at=? order by b1_0.sort_ordr
2026-03-16 16:57:10 [http-nio-8080-exec-5] DEBUG o.s.orm.jpa.JpaTransactionManager - Exposing JPA transaction as JDBC [org.springframework.orm.jpa.vendor.HibernateJpaDialect$HibernateConnectionHandle@2e62ef5]
2026-03-16 16:57:10 [http-nio-8080-exec-5] DEBUG o.s.orm.jpa.JpaTransactionManager - Found thread-bound EntityManager [SessionImpl(279904088<open>)] for JPA transaction
2026-03-16 16:57:10 [http-nio-8080-exec-5] DEBUG o.s.orm.jpa.JpaTransactionManager - Participating in existing transaction
2026-03-16 16:57:10 [http-nio-8080-exec-5] DEBUG org.hibernate.SQL - select u1_0.emplyr_id,u1_0.area_no,u1_0.brthdy,u1_0.chg_pwd_cnt,u1_0.frst_register_id,u1_0.frst_regist_pnttm,u1_0.detail_adres,u1_0.email_adres,u1_0.emplyr_sttus_code,u1_0.empl_no,u1_0.esntl_id,u1_0.fxnum,u1_0.group_id,u1_0.house_adres,u1_0.house_end_telno,u1_0.house_middle_telno,u1_0.ihidnum,u1_0.pstinst_code,u1_0.last_updusr_id,u1_0.last_updt_pnttm,u1_0.lock_at,u1_0.lock_cnt,u1_0.lock_last_pnttm,u1_0.mbtlnum,u1_0.ofcps_nm,u1_0.offm_telno,u1_0.orgnzt_id,u1_0.password,u1_0.password_cnsr,u1_0.password_hint,u1_0.chg_pwd_last_pnttm,u1_0.role,u1_0.sbscrb_de,u1_0.sexdstn_code,u1_0.crtfc_dn_value,u1_0.user_nm,u1_0.zip from nemplyrinfo u1_0 where u1_0.emplyr_id=?
2026-03-16 16:57:10 [http-nio-8080-exec-3] DEBUG o.s.orm.jpa.JpaTransactionManager - Closing JPA EntityManager [SessionImpl(2141470918<open>)] after transaction
2026-03-16 16:57:10 [http-nio-8080-exec-3] DEBUG c.c.p.s.jwt.JwtAuthenticationFilter - >>> [JwtFilter] Successfully authenticated user: USRCNFRM_99999999999, Authorities: [ROLE_ADMIN]
2026-03-16 16:57:10 [http-nio-8080-exec-3] DEBUG o.s.web.servlet.DispatcherServlet - GET "/api/v1/admin/system/statistics/connect?statsKind=SERVICE", parameters={masked}
2026-03-16 16:57:10 [http-nio-8080-exec-3] DEBUG o.s.w.s.h.SimpleUrlHandlerMapping - Mapped to ResourceHttpRequestHandler [classpath [META-INF/resources/], classpath [resources/], classpath [static/], classpath [public/], ServletContext [/]]
2026-03-16 16:57:10 [http-nio-8080-exec-3] DEBUG o.s.w.s.r.ResourceHttpRequestHandler - Resource not found
2026-03-16 16:57:10 [http-nio-8080-exec-3] DEBUG o.s.w.s.m.m.a.ExceptionHandlerExceptionResolver - Using @ExceptionHandler com.company.project.core.exception.GlobalExceptionHandler#handleException(Exception)
2026-03-16 16:57:10 [http-nio-8080-exec-3] ERROR c.c.p.c.e.GlobalExceptionHandler - >>> Internal Server Error: No static resource api/v1/admin/system/statistics/connect.
org.springframework.web.servlet.resource.NoResourceFoundException: No static resource api/v1/admin/system/statistics/connect.
	at org.springframework.web.servlet.resource.ResourceHttpRequestHandler.handleRequest(ResourceHttpRequestHandler.java:585)
	at org.springframework.web.servlet.mvc.HttpRequestHandlerAdapter.handle(HttpRequestHandlerAdapter.java:52)
	at org.springframework.web.servlet.DispatcherServlet.doDispatch(DispatcherServlet.java:1088)
	at org.springframework.web.servlet.DispatcherServlet.doService(DispatcherServlet.java:978)
	at org.springframework.web.servlet.FrameworkServlet.processRequest(FrameworkServlet.java:1014)
	at org.springframework.web.servlet.FrameworkServlet.doGet(FrameworkServlet.java:903)
	at jakarta.servlet.http.HttpServlet.service(HttpServlet.java:527)
	at org.springframework.web.servlet.FrameworkServlet.service(FrameworkServlet.java:885)
	at jakarta.servlet.http.HttpServlet.service(HttpServlet.java:614)
	at org.apache.catalina.core.ApplicationFilterChain.internalDoFilter(ApplicationFilterChain.java:195)
	at org.apache.catalina.core.ApplicationFilterChain.doFilter(ApplicationFilterChain.java:140)
	at org.apache.tomcat.websocket.server.WsFilter.doFilter(WsFilter.java:51)
	at org.apache.catalina.core.ApplicationFilterChain.internalDoFilter(ApplicationFilterChain.java:164)
	at org.apache.catalina.core.ApplicationFilterChain.doFilter(ApplicationFilterChain.java:140)
	at org.springframework.web.filter.CompositeFilter$VirtualFilterChain.doFilter(CompositeFilter.java:108)
	at org.springframework.security.web.FilterChainProxy.lambda$doFilterInternal$3(FilterChainProxy.java:231)
	at org.springframework.security.web.ObservationFilterChainDecorator$FilterObservation$SimpleFilterObservation.lambda$wrap$1(ObservationFilterChainDecorator.java:479)
	at org.springframework.security.web.ObservationFilterChainDecorator$AroundFilterObservation$SimpleAroundFilterObservation.lambda$wrap$1(ObservationFilterChainDecorator.java:340)
	at org.springframework.security.web.ObservationFilterChainDecorator.lambda$wrapSecured$0(ObservationFilterChainDecorator.java:82)
	at org.springframework.security.web.ObservationFilterChainDecorator$VirtualFilterChain.doFilter(ObservationFilterChainDecorator.java:128)
	at org.springframework.security.web.access.intercept.AuthorizationFilter.doFilter(AuthorizationFilter.java:101)
	at org.springframework.security.web.ObservationFilterChainDecorator$ObservationFilter.wrapFilter(ObservationFilterChainDecorator.java:240)
	at org.springframework.security.web.ObservationFilterChainDecorator$ObservationFilter.doFilter(ObservationFilterChainDecorator.java:227)
	at org.springframework.security.web.ObservationFilterChainDecorator$VirtualFilterChain.doFilter(ObservationFilterChainDecorator.java:137)
	at org.springframework.security.web.access.ExceptionTranslationFilter.doFilter(ExceptionTranslationFilter.java:126)
	at org.springframework.security.web.access.ExceptionTranslationFilter.doFilter(ExceptionTranslationFilter.java:120)
	at org.springframework.security.web.ObservationFilterChainDecorator$ObservationFilter.wrapFilter(ObservationFilterChainDecorator.java:240)
	at org.springframework.security.web.ObservationFilterChainDecorator$ObservationFilter.doFilter(ObservationFilterChainDecorator.java:227)
	at org.springframework.security.web.ObservationFilterChainDecorator$VirtualFilterChain.doFilter(ObservationFilterChainDecorator.java:137)
	at org.springframework.security.web.session.SessionManagementFilter.doFilter(SessionManagementFilter.java:131)
	at org.springframework.security.web.session.SessionManagementFilter.doFilter(SessionManagementFilter.java:85)
	at org.springframework.security.web.ObservationFilterChainDecorator$ObservationFilter.wrapFilter(ObservationFilterChainDecorator.java:240)
	at org.springframework.security.web.ObservationFilterChainDecorator$ObservationFilter.doFilter(ObservationFilterChainDecorator.java:227)
	at org.springframework.security.web.ObservationFilterChainDecorator$VirtualFilterChain.doFilter(ObservationFilterChainDecorator.java:137)
	at org.springframework.security.web.authentication.AnonymousAuthenticationFilter.doFilter(AnonymousAuthenticationFilter.java:100)
	at org.springframework.security.web.ObservationFilterChainDecorator$ObservationFilter.wrapFilter(ObservationFilterChainDecorator.java:240)
	at org.springframework.security.web.ObservationFilterChainDecorator$ObservationFilter.doFilter(ObservationFilterChainDecorator.java:227)
	at org.springframework.security.web.ObservationFilterChainDecorator$VirtualFilterChain.doFilter(ObservationFilterChainDecorator.java:137)
	at org.springframework.security.web.servletapi.SecurityContextHolderAwareRequestFilter.doFilter(SecurityContextHolderAwareRequestFilter.java:179)
	at org.springframework.security.web.ObservationFilterChainDecorator$ObservationFilter.wrapFilter(ObservationFilterChainDecorator.java:240)
	at org.springframework.security.web.ObservationFilterChainDecorator$ObservationFilter.doFilter(ObservationFilterChainDecorator.java:227)
	at org.springframework.security.web.ObservationFilterChainDecorator$VirtualFilterChain.doFilter(ObservationFilterChainDecorator.java:137)
	at org.springframework.security.web.savedrequest.RequestCacheAwareFilter.doFilter(RequestCacheAwareFilter.java:63)
	at org.springframework.security.web.ObservationFilterChainDecorator$ObservationFilter.wrapFilter(ObservationFilterChainDecorator.java:240)
	at org.springframework.security.web.ObservationFilterChainDecorator$ObservationFilter.doFilter(ObservationFilterChainDecorator.java:227)
	at org.springframework.security.web.ObservationFilterChainDecorator$VirtualFilterChain.doFilter(ObservationFilterChainDecorator.java:137)
	at com.company.project.security.jwt.JwtAuthenticationFilter.doFilterInternal(JwtAuthenticationFilter.java:52)
	at org.springframework.web.filter.OncePerRequestFilter.doFilter(OncePerRequestFilter.java:116)
	at org.springframework.security.web.ObservationFilterChainDecorator$ObservationFilter.wrapFilter(ObservationFilterChainDecorator.java:240)
	at org.springframework.security.web.ObservationFilterChainDecorator$ObservationFilter.doFilter(ObservationFilterChainDecorator.java:227)
	at org.springframework.security.web.ObservationFilterChainDecorator$VirtualFilterChain.doFilter(ObservationFilterChainDecorator.java:137)
	at org.springframework.security.web.authentication.logout.LogoutFilter.doFilter(LogoutFilter.java:107)
	at org.springframework.security.web.authentication.logout.LogoutFilter.doFilter(LogoutFilter.java:93)
	at org.springframework.security.web.ObservationFilterChainDecorator$ObservationFilter.wrapFilter(ObservationFilterChainDecorator.java:240)
	at org.springframework.security.web.ObservationFilterChainDecorator$ObservationFilter.doFilter(ObservationFilterChainDecorator.java:227)
	at org.springframework.security.web.ObservationFilterChainDecorator$VirtualFilterChain.doFilter(ObservationFilterChainDecorator.java:137)
	at org.springframework.web.filter.CorsFilter.doFilterInternal(CorsFilter.java:91)
	at org.springframework.web.filter.OncePerRequestFilter.doFilter(OncePerRequestFilter.java:116)
	at org.springframework.security.web.ObservationFilterChainDecorator$ObservationFilter.wrapFilter(ObservationFilterChainDecorator.java:240)
	at org.springframework.security.web.ObservationFilterChainDecorator$ObservationFilter.doFilter(ObservationFilterChainDecorator.java:227)
	at org.springframework.security.web.ObservationFilterChainDecorator$VirtualFilterChain.doFilter(ObservationFilterChainDecorator.java:137)
	at org.springframework.security.web.header.HeaderWriterFilter.doHeadersAfter(HeaderWriterFilter.java:90)
	at org.springframework.security.web.header.HeaderWriterFilter.doFilterInternal(HeaderWriterFilter.java:75)
	at org.springframework.web.filter.OncePerRequestFilter.doFilter(OncePerRequestFilter.java:116)
	at org.springframework.security.web.ObservationFilterChainDecorator$ObservationFilter.wrapFilter(ObservationFilterChainDecorator.java:240)
	at org.springframework.security.web.ObservationFilterChainDecorator$ObservationFilter.doFilter(ObservationFilterChainDecorator.java:227)
	at org.springframework.security.web.ObservationFilterChainDecorator$VirtualFilterChain.doFilter(ObservationFilterChainDecorator.java:137)
	at org.springframework.security.web.context.SecurityContextHolderFilter.doFilter(SecurityContextHolderFilter.java:82)
	at org.springframework.security.web.context.SecurityContextHolderFilter.doFilter(SecurityContextHolderFilter.java:69)
	at org.springframework.security.web.ObservationFilterChainDecorator$ObservationFilter.wrapFilter(ObservationFilterChainDecorator.java:240)
	at org.springframework.security.web.ObservationFilterChainDecorator$ObservationFilter.doFilter(ObservationFilterChainDecorator.java:227)
	at org.springframework.security.web.ObservationFilterChainDecorator$VirtualFilterChain.doFilter(ObservationFilterChainDecorator.java:137)
	at org.springframework.security.web.context.request.async.WebAsyncManagerIntegrationFilter.doFilterInternal(WebAsyncManagerIntegrationFilter.java:62)
	at org.springframework.web.filter.OncePerRequestFilter.doFilter(OncePerRequestFilter.java:116)
	at org.springframework.security.web.ObservationFilterChainDecorator$ObservationFilter.wrapFilter(ObservationFilterChainDecorator.java:240)
	at org.springframework.security.web.ObservationFilterChainDecorator$ObservationFilter.doFilter(ObservationFilterChainDecorator.java:227)
	at org.springframework.security.web.ObservationFilterChainDecorator$VirtualFilterChain.doFilter(ObservationFilterChainDecorator.java:137)
	at org.springframework.security.web.session.DisableEncodeUrlFilter.doFilterInternal(DisableEncodeUrlFilter.java:42)
	at org.springframework.web.filter.OncePerRequestFilter.doFilter(OncePerRequestFilter.java:116)
	at org.springframework.security.web.ObservationFilterChainDecorator$ObservationFilter.wrapFilter(ObservationFilterChainDecorator.java:240)
	at org.springframework.security.web.ObservationFilterChainDecorator$AroundFilterObservation$SimpleAroundFilterObservation.lambda$wrap$0(ObservationFilterChainDecorator.java:323)
	at org.springframework.security.web.ObservationFilterChainDecorator$ObservationFilter.doFilter(ObservationFilterChainDecorator.java:224)
	at org.springframework.security.web.ObservationFilterChainDecorator$VirtualFilterChain.doFilter(ObservationFilterChainDecorator.java:137)
	at org.springframework.security.web.FilterChainProxy.doFilterInternal(FilterChainProxy.java:233)
	at org.springframework.security.web.FilterChainProxy.doFilter(FilterChainProxy.java:191)
	at org.springframework.web.filter.CompositeFilter$VirtualFilterChain.doFilter(CompositeFilter.java:113)
	at org.springframework.web.servlet.handler.HandlerMappingIntrospector.lambda$createCacheFilter$3(HandlerMappingIntrospector.java:243)
	at org.springframework.web.filter.CompositeFilter$VirtualFilterChain.doFilter(CompositeFilter.java:113)
	at org.springframework.web.filter.CompositeFilter.doFilter(CompositeFilter.java:74)
	at org.springframework.security.config.annotation.web.configuration.WebMvcSecurityConfiguration$CompositeFilterChainProxy.doFilter(WebMvcSecurityConfiguration.java:238)
	at org.springframework.web.filter.DelegatingFilterProxy.invokeDelegate(DelegatingFilterProxy.java:362)
	at org.springframework.web.filter.DelegatingFilterProxy.doFilter(DelegatingFilterProxy.java:278)
	at org.apache.catalina.core.ApplicationFilterChain.internalDoFilter(ApplicationFilterChain.java:164)
	at org.apache.catalina.core.ApplicationFilterChain.doFilter(ApplicationFilterChain.java:140)
	at org.springframework.web.filter.RequestContextFilter.doFilterInternal(RequestContextFilter.java:100)
	at org.springframework.web.filter.OncePerRequestFilter.doFilter(OncePerRequestFilter.java:116)
	at org.apache.catalina.core.ApplicationFilterChain.internalDoFilter(ApplicationFilterChain.java:164)
	at org.apache.catalina.core.ApplicationFilterChain.doFilter(ApplicationFilterChain.java:140)
	at org.springframework.web.filter.FormContentFilter.doFilterInternal(FormContentFilter.java:93)
	at org.springframework.web.filter.OncePerRequestFilter.doFilter(OncePerRequestFilter.java:116)
	at org.apache.catalina.core.ApplicationFilterChain.internalDoFilter(ApplicationFilterChain.java:164)
	at org.apache.catalina.core.ApplicationFilterChain.doFilter(ApplicationFilterChain.java:140)
	at org.springframework.web.filter.ServerHttpObservationFilter.doFilterInternal(ServerHttpObservationFilter.java:114)
	at org.springframework.web.filter.OncePerRequestFilter.doFilter(OncePerRequestFilter.java:116)
	at org.apache.catalina.core.ApplicationFilterChain.internalDoFilter(ApplicationFilterChain.java:164)
	at org.apache.catalina.core.ApplicationFilterChain.doFilter(ApplicationFilterChain.java:140)
	at org.springframework.web.filter.CharacterEncodingFilter.doFilterInternal(CharacterEncodingFilter.java:201)
	at org.springframework.web.filter.OncePerRequestFilter.doFilter(OncePerRequestFilter.java:116)
	at org.apache.catalina.core.ApplicationFilterChain.internalDoFilter(ApplicationFilterChain.java:164)
	at org.apache.catalina.core.ApplicationFilterChain.doFilter(ApplicationFilterChain.java:140)
	at org.apache.catalina.core.StandardWrapperValve.invoke(StandardWrapperValve.java:167)
	at org.apache.catalina.core.StandardContextValve.invoke(StandardContextValve.java:90)
	at org.apache.catalina.authenticator.AuthenticatorBase.invoke(AuthenticatorBase.java:483)
	at org.apache.catalina.core.StandardHostValve.invoke(StandardHostValve.java:115)
	at org.apache.catalina.valves.ErrorReportValve.invoke(ErrorReportValve.java:93)
	at org.apache.catalina.core.StandardEngineValve.invoke(StandardEngineValve.java:74)
	at org.apache.catalina.connector.CoyoteAdapter.service(CoyoteAdapter.java:344)
	at org.apache.coyote.http11.Http11Processor.service(Http11Processor.java:397)
	at org.apache.coyote.AbstractProcessorLight.process(AbstractProcessorLight.java:63)
	at org.apache.coyote.AbstractProtocol$ConnectionHandler.process(AbstractProtocol.java:905)
	at org.apache.tomcat.util.net.NioEndpoint$SocketProcessor.doRun(NioEndpoint.java:1741)
	at org.apache.tomcat.util.net.SocketProcessorBase.run(SocketProcessorBase.java:52)
	at org.apache.tomcat.util.threads.ThreadPoolExecutor.runWorker(ThreadPoolExecutor.java:1190)
	at org.apache.tomcat.util.threads.ThreadPoolExecutor$Worker.run(ThreadPoolExecutor.java:659)
	at org.apache.tomcat.util.threads.TaskThread$WrappingRunnable.run(TaskThread.java:63)
	at java.base/java.lang.Thread.run(Thread.java:1583)
2026-03-16 16:57:10 [http-nio-8080-exec-4] DEBUG o.s.orm.jpa.JpaTransactionManager - Initiating transaction commit
2026-03-16 16:57:10 [http-nio-8080-exec-4] DEBUG o.s.orm.jpa.JpaTransactionManager - Committing JPA transaction on EntityManager [SessionImpl(1909851<open>)]
2026-03-16 16:57:10 [http-nio-8080-exec-2] DEBUG o.s.orm.jpa.JpaTransactionManager - Initiating transaction commit
2026-03-16 16:57:10 [http-nio-8080-exec-9] DEBUG o.s.orm.jpa.JpaTransactionManager - Initiating transaction commit
2026-03-16 16:57:10 [http-nio-8080-exec-2] DEBUG o.s.orm.jpa.JpaTransactionManager - Committing JPA transaction on EntityManager [SessionImpl(63582503<open>)]
2026-03-16 16:57:10 [http-nio-8080-exec-9] DEBUG o.s.orm.jpa.JpaTransactionManager - Committing JPA transaction on EntityManager [SessionImpl(185724693<open>)]
2026-03-16 16:57:10 [http-nio-8080-exec-3] DEBUG o.s.w.s.m.m.a.HttpEntityMethodProcessor - Using 'application/json', given [application/json, text/plain, */*] and supported [application/json, application/*+json, application/yaml]
2026-03-16 16:57:10 [http-nio-8080-exec-3] TRACE o.s.w.s.m.m.a.HttpEntityMethodProcessor - Writing [ApiResponse[success=false, status=500, code=C004, message=예기치 않은 서버 오류가 발생했습니다., data=null, timestamp=2026-03-16T16:57:10.916290400]]
2026-03-16 16:57:10 [http-nio-8080-exec-3] DEBUG o.s.w.s.m.m.a.ExceptionHandlerExceptionResolver - Resolved [org.springframework.web.servlet.resource.NoResourceFoundException: No static resource api/v1/admin/system/statistics/connect.]
2026-03-16 16:57:10 [http-nio-8080-exec-3] DEBUG o.s.web.servlet.DispatcherServlet - Completed 500 INTERNAL_SERVER_ERROR
2026-03-16 16:57:10 [http-nio-8080-exec-8] DEBUG c.c.p.s.jwt.JwtAuthenticationFilter - >>> [JwtFilter] Processing request: GET /api/v1/menu/left
2026-03-16 16:57:10 [http-nio-8080-exec-8] DEBUG c.c.p.s.jwt.JwtAuthenticationFilter - >>> [JwtFilter] Found token in header for path: /api/v1/menu/left
2026-03-16 16:57:10 [http-nio-8080-exec-8] DEBUG o.s.orm.jpa.JpaTransactionManager - Creating new transaction with name [com.company.project.security.iam.CustomUserDetailsService.loadUserByUsername]: PROPAGATION_REQUIRED,ISOLATION_DEFAULT,readOnly
2026-03-16 16:57:10 [http-nio-8080-exec-8] DEBUG o.s.orm.jpa.JpaTransactionManager - Opened new EntityManager [SessionImpl(58283122<open>)] for JPA transaction
2026-03-16 16:57:10 [http-nio-8080-exec-6] DEBUG o.s.orm.jpa.JpaTransactionManager - Initiating transaction commit
2026-03-16 16:57:10 [http-nio-8080-exec-6] DEBUG o.s.orm.jpa.JpaTransactionManager - Committing JPA transaction on EntityManager [SessionImpl(684844296<open>)]
2026-03-16 16:57:11 [http-nio-8080-exec-5] DEBUG o.s.orm.jpa.JpaTransactionManager - Found thread-bound EntityManager [SessionImpl(279904088<open>)] for JPA transaction
2026-03-16 16:57:11 [http-nio-8080-exec-5] DEBUG o.s.orm.jpa.JpaTransactionManager - Participating in existing transaction
2026-03-16 16:57:11 [http-nio-8080-exec-5] DEBUG org.hibernate.SQL - select ua1_0.scrty_dtrmn_trget_id,ua1_0.author_code,ua1_0.frst_register_id,ua1_0.frst_regist_pnttm,ua1_0.last_updusr_id,ua1_0.last_updt_pnttm,ua1_0.mber_ty_code from nemplyrscrtyestbs ua1_0 where ua1_0.scrty_dtrmn_trget_id=?
2026-03-16 16:57:11 [http-nio-8080-exec-4] DEBUG o.s.orm.jpa.JpaTransactionManager - Closing JPA EntityManager [SessionImpl(1909851<open>)] after transaction
2026-03-16 16:57:11 [http-nio-8080-exec-4] DEBUG o.s.w.s.m.m.a.HttpEntityMethodProcessor - Using 'application/json', given [application/json, text/plain, */*] and supported [application/json, application/*+json, application/yaml]
2026-03-16 16:57:11 [http-nio-8080-exec-4] TRACE o.s.w.s.m.m.a.HttpEntityMethodProcessor - Writing [ApiResponse[success=true, status=200, code=COMMON_001, message=Success, data=[NotificationDto(ntfcNo=NT001, ntfcSj=테스트 알림입니다, ntfcCn=알림 내용입니다, ntfcDate=null, ntfcTime=2026-02-25T00:59:33.784070, bhNtfcIntrvl=null, uniqId=null, frstRegisterId=null, frstRegisterPnttm=2026-02-25T00:59:33.784070, lastUpdusrId=null, lastUpdusrPnttm=null)], timestamp=2026-03-16T16:57:11.066471100]]
2026-03-16 16:57:11 [http-nio-8080-exec-4] INFO  c.c.p.a.i.OperationalAuditInterceptor - API Audit Log: URL=/api/v1/notifications, User=webmaster, IP=127.0.0.1
2026-03-16 16:57:11 [http-nio-8080-exec-4] DEBUG o.s.web.servlet.DispatcherServlet - Completed 200 OK
2026-03-16 16:57:11 [http-nio-8080-exec-9] DEBUG o.s.orm.jpa.JpaTransactionManager - Closing JPA EntityManager [SessionImpl(185724693<open>)] after transaction
2026-03-16 16:57:11 [http-nio-8080-exec-2] DEBUG o.s.orm.jpa.JpaTransactionManager - Closing JPA EntityManager [SessionImpl(63582503<open>)] after transaction
2026-03-16 16:57:11 [http-nio-8080-exec-9] DEBUG o.s.w.s.m.m.a.HttpEntityMethodProcessor - Using 'application/json', given [application/json, text/plain, */*] and supported [application/json, application/*+json, application/yaml]
2026-03-16 16:57:11 [http-nio-8080-exec-9] TRACE o.s.w.s.m.m.a.HttpEntityMethodProcessor - Writing [ApiResponse[success=true, status=200, code=COMMON_001, message=Success, data=0, timestamp=2026-03-16T16:57:11.067361700]]
2026-03-16 16:57:11 [http-nio-8080-exec-2] DEBUG o.s.w.s.m.m.a.HttpEntityMethodProcessor - Using 'application/json', given [application/json, text/plain, */*] and supported [application/json, application/*+json, application/yaml]
2026-03-16 16:57:11 [http-nio-8080-exec-2] TRACE o.s.w.s.m.m.a.HttpEntityMethodProcessor - Writing [ApiResponse[success=true, status=200, code=COMMON_001, message=Success, data=[], timestamp=2026-03-16T16:57:11.068328400]]
2026-03-16 16:57:11 [http-nio-8080-exec-2] INFO  c.c.p.a.i.OperationalAuditInterceptor - API Audit Log: URL=/api/v1/popups/active, User=webmaster, IP=127.0.0.1
2026-03-16 16:57:11 [http-nio-8080-exec-9] INFO  c.c.p.a.i.OperationalAuditInterceptor - API Audit Log: URL=/api/v1/notifications/unread-count, User=webmaster, IP=127.0.0.1
2026-03-16 16:57:11 [http-nio-8080-exec-2] DEBUG o.s.web.servlet.DispatcherServlet - Completed 200 OK
2026-03-16 16:57:11 [http-nio-8080-exec-9] DEBUG o.s.web.servlet.DispatcherServlet - Completed 200 OK
2026-03-16 16:57:11 [http-nio-8080-exec-8] DEBUG o.s.orm.jpa.JpaTransactionManager - Exposing JPA transaction as JDBC [org.springframework.orm.jpa.vendor.HibernateJpaDialect$HibernateConnectionHandle@434d8d14]
2026-03-16 16:57:11 [http-nio-8080-exec-8] DEBUG o.s.orm.jpa.JpaTransactionManager - Found thread-bound EntityManager [SessionImpl(58283122<open>)] for JPA transaction
2026-03-16 16:57:11 [http-nio-8080-exec-8] DEBUG o.s.orm.jpa.JpaTransactionManager - Participating in existing transaction
2026-03-16 16:57:11 [http-nio-8080-exec-8] DEBUG org.hibernate.SQL - select u1_0.emplyr_id,u1_0.area_no,u1_0.brthdy,u1_0.chg_pwd_cnt,u1_0.frst_register_id,u1_0.frst_regist_pnttm,u1_0.detail_adres,u1_0.email_adres,u1_0.emplyr_sttus_code,u1_0.empl_no,u1_0.esntl_id,u1_0.fxnum,u1_0.group_id,u1_0.house_adres,u1_0.house_end_telno,u1_0.house_middle_telno,u1_0.ihidnum,u1_0.pstinst_code,u1_0.last_updusr_id,u1_0.last_updt_pnttm,u1_0.lock_at,u1_0.lock_cnt,u1_0.lock_last_pnttm,u1_0.mbtlnum,u1_0.ofcps_nm,u1_0.offm_telno,u1_0.orgnzt_id,u1_0.password,u1_0.password_cnsr,u1_0.password_hint,u1_0.chg_pwd_last_pnttm,u1_0.role,u1_0.sbscrb_de,u1_0.sexdstn_code,u1_0.crtfc_dn_value,u1_0.user_nm,u1_0.zip from nemplyrinfo u1_0 where u1_0.emplyr_id=?
2026-03-16 16:57:11 [http-nio-8080-exec-7] DEBUG c.c.p.s.jwt.JwtAuthenticationFilter - >>> [JwtFilter] Processing request: GET /api/v1/notifications/unread-count
2026-03-16 16:57:11 [http-nio-8080-exec-1] DEBUG c.c.p.s.jwt.JwtAuthenticationFilter - >>> [JwtFilter] Processing request: GET /api/v1/notifications
2026-03-16 16:57:11 [http-nio-8080-exec-10] DEBUG c.c.p.s.jwt.JwtAuthenticationFilter - >>> [JwtFilter] Processing request: GET /api/v1/popups/active
2026-03-16 16:57:11 [http-nio-8080-exec-7] DEBUG c.c.p.s.jwt.JwtAuthenticationFilter - >>> [JwtFilter] Found token in header for path: /api/v1/notifications/unread-count
2026-03-16 16:57:11 [http-nio-8080-exec-1] DEBUG c.c.p.s.jwt.JwtAuthenticationFilter - >>> [JwtFilter] Found token in header for path: /api/v1/notifications
2026-03-16 16:57:11 [http-nio-8080-exec-7] DEBUG o.s.orm.jpa.JpaTransactionManager - Creating new transaction with name [com.company.project.security.iam.CustomUserDetailsService.loadUserByUsername]: PROPAGATION_REQUIRED,ISOLATION_DEFAULT,readOnly
2026-03-16 16:57:11 [http-nio-8080-exec-10] DEBUG c.c.p.s.jwt.JwtAuthenticationFilter - >>> [JwtFilter] Found token in header for path: /api/v1/popups/active
2026-03-16 16:57:11 [http-nio-8080-exec-7] DEBUG o.s.orm.jpa.JpaTransactionManager - Opened new EntityManager [SessionImpl(1098372216<open>)] for JPA transaction
2026-03-16 16:57:11 [http-nio-8080-exec-10] DEBUG o.s.orm.jpa.JpaTransactionManager - Creating new transaction with name [com.company.project.security.iam.CustomUserDetailsService.loadUserByUsername]: PROPAGATION_REQUIRED,ISOLATION_DEFAULT,readOnly
2026-03-16 16:57:11 [http-nio-8080-exec-1] DEBUG o.s.orm.jpa.JpaTransactionManager - Creating new transaction with name [com.company.project.security.iam.CustomUserDetailsService.loadUserByUsername]: PROPAGATION_REQUIRED,ISOLATION_DEFAULT,readOnly
2026-03-16 16:57:11 [http-nio-8080-exec-10] DEBUG o.s.orm.jpa.JpaTransactionManager - Opened new EntityManager [SessionImpl(1488841211<open>)] for JPA transaction
2026-03-16 16:57:11 [http-nio-8080-exec-10] DEBUG o.s.orm.jpa.JpaTransactionManager - Exposing JPA transaction as JDBC [org.springframework.orm.jpa.vendor.HibernateJpaDialect$HibernateConnectionHandle@36bb4c7d]
2026-03-16 16:57:11 [http-nio-8080-exec-1] DEBUG o.s.orm.jpa.JpaTransactionManager - Opened new EntityManager [SessionImpl(1793876968<open>)] for JPA transaction
2026-03-16 16:57:11 [http-nio-8080-exec-10] DEBUG o.s.orm.jpa.JpaTransactionManager - Found thread-bound EntityManager [SessionImpl(1488841211<open>)] for JPA transaction
2026-03-16 16:57:11 [http-nio-8080-exec-10] DEBUG o.s.orm.jpa.JpaTransactionManager - Participating in existing transaction
2026-03-16 16:57:11 [http-nio-8080-exec-10] DEBUG org.hibernate.SQL - select u1_0.emplyr_id,u1_0.area_no,u1_0.brthdy,u1_0.chg_pwd_cnt,u1_0.frst_register_id,u1_0.frst_regist_pnttm,u1_0.detail_adres,u1_0.email_adres,u1_0.emplyr_sttus_code,u1_0.empl_no,u1_0.esntl_id,u1_0.fxnum,u1_0.group_id,u1_0.house_adres,u1_0.house_end_telno,u1_0.house_middle_telno,u1_0.ihidnum,u1_0.pstinst_code,u1_0.last_updusr_id,u1_0.last_updt_pnttm,u1_0.lock_at,u1_0.lock_cnt,u1_0.lock_last_pnttm,u1_0.mbtlnum,u1_0.ofcps_nm,u1_0.offm_telno,u1_0.orgnzt_id,u1_0.password,u1_0.password_cnsr,u1_0.password_hint,u1_0.chg_pwd_last_pnttm,u1_0.role,u1_0.sbscrb_de,u1_0.sexdstn_code,u1_0.crtfc_dn_value,u1_0.user_nm,u1_0.zip from nemplyrinfo u1_0 where u1_0.emplyr_id=?
2026-03-16 16:57:11 [http-nio-8080-exec-6] DEBUG o.s.orm.jpa.JpaTransactionManager - Closing JPA EntityManager [SessionImpl(684844296<open>)] after transaction
2026-03-16 16:57:11 [http-nio-8080-exec-6] DEBUG o.s.w.s.m.m.a.HttpEntityMethodProcessor - Using 'application/json', given [application/json, text/plain, */*] and supported [application/json, application/*+json, application/yaml]
2026-03-16 16:57:11 [http-nio-8080-exec-6] TRACE o.s.w.s.m.m.a.HttpEntityMethodProcessor - Writing [ApiResponse[success=true, status=200, code=COMMON_001, message=Success, data=[], timestamp=2026-03-16T16:57:11.109695500]]
2026-03-16 16:57:11 [http-nio-8080-exec-6] INFO  c.c.p.a.i.OperationalAuditInterceptor - API Audit Log: URL=/api/v1/admin/system/banners/reflected, User=webmaster, IP=127.0.0.1
2026-03-16 16:57:11 [http-nio-8080-exec-6] DEBUG o.s.web.servlet.DispatcherServlet - Completed 200 OK
2026-03-16 16:57:11 [http-nio-8080-exec-3] DEBUG c.c.p.s.jwt.JwtAuthenticationFilter - >>> [JwtFilter] Processing request: GET /api/v1/admin/system/banners/reflected
2026-03-16 16:57:11 [http-nio-8080-exec-3] DEBUG c.c.p.s.jwt.JwtAuthenticationFilter - >>> [JwtFilter] Found token in header for path: /api/v1/admin/system/banners/reflected
2026-03-16 16:57:11 [http-nio-8080-exec-3] DEBUG o.s.orm.jpa.JpaTransactionManager - Creating new transaction with name [com.company.project.security.iam.CustomUserDetailsService.loadUserByUsername]: PROPAGATION_REQUIRED,ISOLATION_DEFAULT,readOnly
2026-03-16 16:57:11 [http-nio-8080-exec-3] DEBUG o.s.orm.jpa.JpaTransactionManager - Opened new EntityManager [SessionImpl(925570009<open>)] for JPA transaction
2026-03-16 16:57:11 [http-nio-8080-exec-3] DEBUG o.s.orm.jpa.JpaTransactionManager - Exposing JPA transaction as JDBC [org.springframework.orm.jpa.vendor.HibernateJpaDialect$HibernateConnectionHandle@5cb2b8c8]
2026-03-16 16:57:11 [http-nio-8080-exec-3] DEBUG o.s.orm.jpa.JpaTransactionManager - Found thread-bound EntityManager [SessionImpl(925570009<open>)] for JPA transaction
2026-03-16 16:57:11 [http-nio-8080-exec-3] DEBUG o.s.orm.jpa.JpaTransactionManager - Participating in existing transaction
2026-03-16 16:57:11 [http-nio-8080-exec-3] DEBUG org.hibernate.SQL - select u1_0.emplyr_id,u1_0.area_no,u1_0.brthdy,u1_0.chg_pwd_cnt,u1_0.frst_register_id,u1_0.frst_regist_pnttm,u1_0.detail_adres,u1_0.email_adres,u1_0.emplyr_sttus_code,u1_0.empl_no,u1_0.esntl_id,u1_0.fxnum,u1_0.group_id,u1_0.house_adres,u1_0.house_end_telno,u1_0.house_middle_telno,u1_0.ihidnum,u1_0.pstinst_code,u1_0.last_updusr_id,u1_0.last_updt_pnttm,u1_0.lock_at,u1_0.lock_cnt,u1_0.lock_last_pnttm,u1_0.mbtlnum,u1_0.ofcps_nm,u1_0.offm_telno,u1_0.orgnzt_id,u1_0.password,u1_0.password_cnsr,u1_0.password_hint,u1_0.chg_pwd_last_pnttm,u1_0.role,u1_0.sbscrb_de,u1_0.sexdstn_code,u1_0.crtfc_dn_value,u1_0.user_nm,u1_0.zip from nemplyrinfo u1_0 where u1_0.emplyr_id=?
2026-03-16 16:57:11 [http-nio-8080-exec-5] DEBUG o.s.orm.jpa.JpaTransactionManager - Initiating transaction commit
2026-03-16 16:57:11 [http-nio-8080-exec-5] DEBUG o.s.orm.jpa.JpaTransactionManager - Committing JPA transaction on EntityManager [SessionImpl(279904088<open>)]
2026-03-16 16:57:11 [http-nio-8080-exec-8] DEBUG o.s.orm.jpa.JpaTransactionManager - Found thread-bound EntityManager [SessionImpl(58283122<open>)] for JPA transaction
2026-03-16 16:57:11 [http-nio-8080-exec-8] DEBUG o.s.orm.jpa.JpaTransactionManager - Participating in existing transaction
2026-03-16 16:57:11 [http-nio-8080-exec-8] DEBUG org.hibernate.SQL - select ua1_0.scrty_dtrmn_trget_id,ua1_0.author_code,ua1_0.frst_register_id,ua1_0.frst_regist_pnttm,ua1_0.last_updusr_id,ua1_0.last_updt_pnttm,ua1_0.mber_ty_code from nemplyrscrtyestbs ua1_0 where ua1_0.scrty_dtrmn_trget_id=?
2026-03-16 16:57:11 [http-nio-8080-exec-1] DEBUG o.s.orm.jpa.JpaTransactionManager - Exposing JPA transaction as JDBC [org.springframework.orm.jpa.vendor.HibernateJpaDialect$HibernateConnectionHandle@9e15850]
2026-03-16 16:57:11 [http-nio-8080-exec-1] DEBUG o.s.orm.jpa.JpaTransactionManager - Found thread-bound EntityManager [SessionImpl(1793876968<open>)] for JPA transaction
2026-03-16 16:57:11 [http-nio-8080-exec-1] DEBUG o.s.orm.jpa.JpaTransactionManager - Participating in existing transaction
2026-03-16 16:57:11 [http-nio-8080-exec-1] DEBUG org.hibernate.SQL - select u1_0.emplyr_id,u1_0.area_no,u1_0.brthdy,u1_0.chg_pwd_cnt,u1_0.frst_register_id,u1_0.frst_regist_pnttm,u1_0.detail_adres,u1_0.email_adres,u1_0.emplyr_sttus_code,u1_0.empl_no,u1_0.esntl_id,u1_0.fxnum,u1_0.group_id,u1_0.house_adres,u1_0.house_end_telno,u1_0.house_middle_telno,u1_0.ihidnum,u1_0.pstinst_code,u1_0.last_updusr_id,u1_0.last_updt_pnttm,u1_0.lock_at,u1_0.lock_cnt,u1_0.lock_last_pnttm,u1_0.mbtlnum,u1_0.ofcps_nm,u1_0.offm_telno,u1_0.orgnzt_id,u1_0.password,u1_0.password_cnsr,u1_0.password_hint,u1_0.chg_pwd_last_pnttm,u1_0.role,u1_0.sbscrb_de,u1_0.sexdstn_code,u1_0.crtfc_dn_value,u1_0.user_nm,u1_0.zip from nemplyrinfo u1_0 where u1_0.emplyr_id=?
2026-03-16 16:57:11 [http-nio-8080-exec-7] DEBUG o.s.orm.jpa.JpaTransactionManager - Exposing JPA transaction as JDBC [org.springframework.orm.jpa.vendor.HibernateJpaDialect$HibernateConnectionHandle@3d9bca5a]
2026-03-16 16:57:11 [http-nio-8080-exec-7] DEBUG o.s.orm.jpa.JpaTransactionManager - Found thread-bound EntityManager [SessionImpl(1098372216<open>)] for JPA transaction
2026-03-16 16:57:11 [http-nio-8080-exec-7] DEBUG o.s.orm.jpa.JpaTransactionManager - Participating in existing transaction
2026-03-16 16:57:11 [http-nio-8080-exec-7] DEBUG org.hibernate.SQL - select u1_0.emplyr_id,u1_0.area_no,u1_0.brthdy,u1_0.chg_pwd_cnt,u1_0.frst_register_id,u1_0.frst_regist_pnttm,u1_0.detail_adres,u1_0.email_adres,u1_0.emplyr_sttus_code,u1_0.empl_no,u1_0.esntl_id,u1_0.fxnum,u1_0.group_id,u1_0.house_adres,u1_0.house_end_telno,u1_0.house_middle_telno,u1_0.ihidnum,u1_0.pstinst_code,u1_0.last_updusr_id,u1_0.last_updt_pnttm,u1_0.lock_at,u1_0.lock_cnt,u1_0.lock_last_pnttm,u1_0.mbtlnum,u1_0.ofcps_nm,u1_0.offm_telno,u1_0.orgnzt_id,u1_0.password,u1_0.password_cnsr,u1_0.password_hint,u1_0.chg_pwd_last_pnttm,u1_0.role,u1_0.sbscrb_de,u1_0.sexdstn_code,u1_0.crtfc_dn_value,u1_0.user_nm,u1_0.zip from nemplyrinfo u1_0 where u1_0.emplyr_id=?
2026-03-16 16:57:11 [http-nio-8080-exec-10] DEBUG o.s.orm.jpa.JpaTransactionManager - Found thread-bound EntityManager [SessionImpl(1488841211<open>)] for JPA transaction
2026-03-16 16:57:11 [http-nio-8080-exec-10] DEBUG o.s.orm.jpa.JpaTransactionManager - Participating in existing transaction
2026-03-16 16:57:11 [http-nio-8080-exec-10] DEBUG org.hibernate.SQL - select ua1_0.scrty_dtrmn_trget_id,ua1_0.author_code,ua1_0.frst_register_id,ua1_0.frst_regist_pnttm,ua1_0.last_updusr_id,ua1_0.last_updt_pnttm,ua1_0.mber_ty_code from nemplyrscrtyestbs ua1_0 where ua1_0.scrty_dtrmn_trget_id=?
2026-03-16 16:57:11 [http-nio-8080-exec-3] DEBUG o.s.orm.jpa.JpaTransactionManager - Found thread-bound EntityManager [SessionImpl(925570009<open>)] for JPA transaction
2026-03-16 16:57:11 [http-nio-8080-exec-3] DEBUG o.s.orm.jpa.JpaTransactionManager - Participating in existing transaction
2026-03-16 16:57:11 [http-nio-8080-exec-3] DEBUG org.hibernate.SQL - select ua1_0.scrty_dtrmn_trget_id,ua1_0.author_code,ua1_0.frst_register_id,ua1_0.frst_regist_pnttm,ua1_0.last_updusr_id,ua1_0.last_updt_pnttm,ua1_0.mber_ty_code from nemplyrscrtyestbs ua1_0 where ua1_0.scrty_dtrmn_trget_id=?
2026-03-16 16:57:11 [http-nio-8080-exec-5] DEBUG o.s.orm.jpa.JpaTransactionManager - Closing JPA EntityManager [SessionImpl(279904088<open>)] after transaction
2026-03-16 16:57:11 [http-nio-8080-exec-5] DEBUG c.c.p.s.jwt.JwtAuthenticationFilter - >>> [JwtFilter] Successfully authenticated user: USRCNFRM_99999999999, Authorities: [ROLE_ADMIN]
2026-03-16 16:57:11 [http-nio-8080-exec-5] DEBUG o.s.web.servlet.DispatcherServlet - GET "/api/v1/admin/system/statistics/bbs?statsKind=COM101", parameters={masked}
2026-03-16 16:57:11 [http-nio-8080-exec-5] DEBUG o.s.w.s.h.SimpleUrlHandlerMapping - Mapped to ResourceHttpRequestHandler [classpath [META-INF/resources/], classpath [resources/], classpath [static/], classpath [public/], ServletContext [/]]
2026-03-16 16:57:11 [http-nio-8080-exec-5] DEBUG o.s.w.s.r.ResourceHttpRequestHandler - Resource not found
2026-03-16 16:57:11 [http-nio-8080-exec-5] DEBUG o.s.w.s.m.m.a.ExceptionHandlerExceptionResolver - Using @ExceptionHandler com.company.project.core.exception.GlobalExceptionHandler#handleException(Exception)
2026-03-16 16:57:11 [http-nio-8080-exec-5] ERROR c.c.p.c.e.GlobalExceptionHandler - >>> Internal Server Error: No static resource api/v1/admin/system/statistics/bbs.
org.springframework.web.servlet.resource.NoResourceFoundException: No static resource api/v1/admin/system/statistics/bbs.
	at org.springframework.web.servlet.resource.ResourceHttpRequestHandler.handleRequest(ResourceHttpRequestHandler.java:585)
	at org.springframework.web.servlet.mvc.HttpRequestHandlerAdapter.handle(HttpRequestHandlerAdapter.java:52)
	at org.springframework.web.servlet.DispatcherServlet.doDispatch(DispatcherServlet.java:1088)
	at org.springframework.web.servlet.DispatcherServlet.doService(DispatcherServlet.java:978)
	at org.springframework.web.servlet.FrameworkServlet.processRequest(FrameworkServlet.java:1014)
	at org.springframework.web.servlet.FrameworkServlet.doGet(FrameworkServlet.java:903)
	at jakarta.servlet.http.HttpServlet.service(HttpServlet.java:527)
	at org.springframework.web.servlet.FrameworkServlet.service(FrameworkServlet.java:885)
	at jakarta.servlet.http.HttpServlet.service(HttpServlet.java:614)
	at org.apache.catalina.core.ApplicationFilterChain.internalDoFilter(ApplicationFilterChain.java:195)
	at org.apache.catalina.core.ApplicationFilterChain.doFilter(ApplicationFilterChain.java:140)
	at org.apache.tomcat.websocket.server.WsFilter.doFilter(WsFilter.java:51)
	at org.apache.catalina.core.ApplicationFilterChain.internalDoFilter(ApplicationFilterChain.java:164)
	at org.apache.catalina.core.ApplicationFilterChain.doFilter(ApplicationFilterChain.java:140)
	at org.springframework.web.filter.CompositeFilter$VirtualFilterChain.doFilter(CompositeFilter.java:108)
	at org.springframework.security.web.FilterChainProxy.lambda$doFilterInternal$3(FilterChainProxy.java:231)
	at org.springframework.security.web.ObservationFilterChainDecorator$FilterObservation$SimpleFilterObservation.lambda$wrap$1(ObservationFilterChainDecorator.java:479)
	at org.springframework.security.web.ObservationFilterChainDecorator$AroundFilterObservation$SimpleAroundFilterObservation.lambda$wrap$1(ObservationFilterChainDecorator.java:340)
	at org.springframework.security.web.ObservationFilterChainDecorator.lambda$wrapSecured$0(ObservationFilterChainDecorator.java:82)
	at org.springframework.security.web.ObservationFilterChainDecorator$VirtualFilterChain.doFilter(ObservationFilterChainDecorator.java:128)
	at org.springframework.security.web.access.intercept.AuthorizationFilter.doFilter(AuthorizationFilter.java:101)
	at org.springframework.security.web.ObservationFilterChainDecorator$ObservationFilter.wrapFilter(ObservationFilterChainDecorator.java:240)
	at org.springframework.security.web.ObservationFilterChainDecorator$ObservationFilter.doFilter(ObservationFilterChainDecorator.java:227)
	at org.springframework.security.web.ObservationFilterChainDecorator$VirtualFilterChain.doFilter(ObservationFilterChainDecorator.java:137)
	at org.springframework.security.web.access.ExceptionTranslationFilter.doFilter(ExceptionTranslationFilter.java:126)
	at org.springframework.security.web.access.ExceptionTranslationFilter.doFilter(ExceptionTranslationFilter.java:120)
	at org.springframework.security.web.ObservationFilterChainDecorator$ObservationFilter.wrapFilter(ObservationFilterChainDecorator.java:240)
	at org.springframework.security.web.ObservationFilterChainDecorator$ObservationFilter.doFilter(ObservationFilterChainDecorator.java:227)
	at org.springframework.security.web.ObservationFilterChainDecorator$VirtualFilterChain.doFilter(ObservationFilterChainDecorator.java:137)
	at org.springframework.security.web.session.SessionManagementFilter.doFilter(SessionManagementFilter.java:131)
	at org.springframework.security.web.session.SessionManagementFilter.doFilter(SessionManagementFilter.java:85)
	at org.springframework.security.web.ObservationFilterChainDecorator$ObservationFilter.wrapFilter(ObservationFilterChainDecorator.java:240)
	at org.springframework.security.web.ObservationFilterChainDecorator$ObservationFilter.doFilter(ObservationFilterChainDecorator.java:227)
	at org.springframework.security.web.ObservationFilterChainDecorator$VirtualFilterChain.doFilter(ObservationFilterChainDecorator.java:137)
	at org.springframework.security.web.authentication.AnonymousAuthenticationFilter.doFilter(AnonymousAuthenticationFilter.java:100)
	at org.springframework.security.web.ObservationFilterChainDecorator$ObservationFilter.wrapFilter(ObservationFilterChainDecorator.java:240)
	at org.springframework.security.web.ObservationFilterChainDecorator$ObservationFilter.doFilter(ObservationFilterChainDecorator.java:227)
	at org.springframework.security.web.ObservationFilterChainDecorator$VirtualFilterChain.doFilter(ObservationFilterChainDecorator.java:137)
	at org.springframework.security.web.servletapi.SecurityContextHolderAwareRequestFilter.doFilter(SecurityContextHolderAwareRequestFilter.java:179)
	at org.springframework.security.web.ObservationFilterChainDecorator$ObservationFilter.wrapFilter(ObservationFilterChainDecorator.java:240)
	at org.springframework.security.web.ObservationFilterChainDecorator$ObservationFilter.doFilter(ObservationFilterChainDecorator.java:227)
	at org.springframework.security.web.ObservationFilterChainDecorator$VirtualFilterChain.doFilter(ObservationFilterChainDecorator.java:137)
	at org.springframework.security.web.savedrequest.RequestCacheAwareFilter.doFilter(RequestCacheAwareFilter.java:63)
	at org.springframework.security.web.ObservationFilterChainDecorator$ObservationFilter.wrapFilter(ObservationFilterChainDecorator.java:240)
	at org.springframework.security.web.ObservationFilterChainDecorator$ObservationFilter.doFilter(ObservationFilterChainDecorator.java:227)
	at org.springframework.security.web.ObservationFilterChainDecorator$VirtualFilterChain.doFilter(ObservationFilterChainDecorator.java:137)
	at com.company.project.security.jwt.JwtAuthenticationFilter.doFilterInternal(JwtAuthenticationFilter.java:52)
	at org.springframework.web.filter.OncePerRequestFilter.doFilter(OncePerRequestFilter.java:116)
	at org.springframework.security.web.ObservationFilterChainDecorator$ObservationFilter.wrapFilter(ObservationFilterChainDecorator.java:240)
	at org.springframework.security.web.ObservationFilterChainDecorator$ObservationFilter.doFilter(ObservationFilterChainDecorator.java:227)
	at org.springframework.security.web.ObservationFilterChainDecorator$VirtualFilterChain.doFilter(ObservationFilterChainDecorator.java:137)
	at org.springframework.security.web.authentication.logout.LogoutFilter.doFilter(LogoutFilter.java:107)
	at org.springframework.security.web.authentication.logout.LogoutFilter.doFilter(LogoutFilter.java:93)
	at org.springframework.security.web.ObservationFilterChainDecorator$ObservationFilter.wrapFilter(ObservationFilterChainDecorator.java:240)
	at org.springframework.security.web.ObservationFilterChainDecorator$ObservationFilter.doFilter(ObservationFilterChainDecorator.java:227)
	at org.springframework.security.web.ObservationFilterChainDecorator$VirtualFilterChain.doFilter(ObservationFilterChainDecorator.java:137)
	at org.springframework.web.filter.CorsFilter.doFilterInternal(CorsFilter.java:91)
	at org.springframework.web.filter.OncePerRequestFilter.doFilter(OncePerRequestFilter.java:116)
	at org.springframework.security.web.ObservationFilterChainDecorator$ObservationFilter.wrapFilter(ObservationFilterChainDecorator.java:240)
	at org.springframework.security.web.ObservationFilterChainDecorator$ObservationFilter.doFilter(ObservationFilterChainDecorator.java:227)
	at org.springframework.security.web.ObservationFilterChainDecorator$VirtualFilterChain.doFilter(ObservationFilterChainDecorator.java:137)
	at org.springframework.security.web.header.HeaderWriterFilter.doHeadersAfter(HeaderWriterFilter.java:90)
	at org.springframework.security.web.header.HeaderWriterFilter.doFilterInternal(HeaderWriterFilter.java:75)
	at org.springframework.web.filter.OncePerRequestFilter.doFilter(OncePerRequestFilter.java:116)
	at org.springframework.security.web.ObservationFilterChainDecorator$ObservationFilter.wrapFilter(ObservationFilterChainDecorator.java:240)
	at org.springframework.security.web.ObservationFilterChainDecorator$ObservationFilter.doFilter(ObservationFilterChainDecorator.java:227)
	at org.springframework.security.web.ObservationFilterChainDecorator$VirtualFilterChain.doFilter(ObservationFilterChainDecorator.java:137)
	at org.springframework.security.web.context.SecurityContextHolderFilter.doFilter(SecurityContextHolderFilter.java:82)
	at org.springframework.security.web.context.SecurityContextHolderFilter.doFilter(SecurityContextHolderFilter.java:69)
	at org.springframework.security.web.ObservationFilterChainDecorator$ObservationFilter.wrapFilter(ObservationFilterChainDecorator.java:240)
	at org.springframework.security.web.ObservationFilterChainDecorator$ObservationFilter.doFilter(ObservationFilterChainDecorator.java:227)
	at org.springframework.security.web.ObservationFilterChainDecorator$VirtualFilterChain.doFilter(ObservationFilterChainDecorator.java:137)
	at org.springframework.security.web.context.request.async.WebAsyncManagerIntegrationFilter.doFilterInternal(WebAsyncManagerIntegrationFilter.java:62)
	at org.springframework.web.filter.OncePerRequestFilter.doFilter(OncePerRequestFilter.java:116)
	at org.springframework.security.web.ObservationFilterChainDecorator$ObservationFilter.wrapFilter(ObservationFilterChainDecorator.java:240)
	at org.springframework.security.web.ObservationFilterChainDecorator$ObservationFilter.doFilter(ObservationFilterChainDecorator.java:227)
	at org.springframework.security.web.ObservationFilterChainDecorator$VirtualFilterChain.doFilter(ObservationFilterChainDecorator.java:137)
	at org.springframework.security.web.session.DisableEncodeUrlFilter.doFilterInternal(DisableEncodeUrlFilter.java:42)
	at org.springframework.web.filter.OncePerRequestFilter.doFilter(OncePerRequestFilter.java:116)
	at org.springframework.security.web.ObservationFilterChainDecorator$ObservationFilter.wrapFilter(ObservationFilterChainDecorator.java:240)
	at org.springframework.security.web.ObservationFilterChainDecorator$AroundFilterObservation$SimpleAroundFilterObservation.lambda$wrap$0(ObservationFilterChainDecorator.java:323)
	at org.springframework.security.web.ObservationFilterChainDecorator$ObservationFilter.doFilter(ObservationFilterChainDecorator.java:224)
	at org.springframework.security.web.ObservationFilterChainDecorator$VirtualFilterChain.doFilter(ObservationFilterChainDecorator.java:137)
	at org.springframework.security.web.FilterChainProxy.doFilterInternal(FilterChainProxy.java:233)
	at org.springframework.security.web.FilterChainProxy.doFilter(FilterChainProxy.java:191)
	at org.springframework.web.filter.CompositeFilter$VirtualFilterChain.doFilter(CompositeFilter.java:113)
	at org.springframework.web.servlet.handler.HandlerMappingIntrospector.lambda$createCacheFilter$3(HandlerMappingIntrospector.java:243)
	at org.springframework.web.filter.CompositeFilter$VirtualFilterChain.doFilter(CompositeFilter.java:113)
	at org.springframework.web.filter.CompositeFilter.doFilter(CompositeFilter.java:74)
	at org.springframework.security.config.annotation.web.configuration.WebMvcSecurityConfiguration$CompositeFilterChainProxy.doFilter(WebMvcSecurityConfiguration.java:238)
	at org.springframework.web.filter.DelegatingFilterProxy.invokeDelegate(DelegatingFilterProxy.java:362)
	at org.springframework.web.filter.DelegatingFilterProxy.doFilter(DelegatingFilterProxy.java:278)
	at org.apache.catalina.core.ApplicationFilterChain.internalDoFilter(ApplicationFilterChain.java:164)
	at org.apache.catalina.core.ApplicationFilterChain.doFilter(ApplicationFilterChain.java:140)
	at org.springframework.web.filter.RequestContextFilter.doFilterInternal(RequestContextFilter.java:100)
	at org.springframework.web.filter.OncePerRequestFilter.doFilter(OncePerRequestFilter.java:116)
	at org.apache.catalina.core.ApplicationFilterChain.internalDoFilter(ApplicationFilterChain.java:164)
	at org.apache.catalina.core.ApplicationFilterChain.doFilter(ApplicationFilterChain.java:140)
	at org.springframework.web.filter.FormContentFilter.doFilterInternal(FormContentFilter.java:93)
	at org.springframework.web.filter.OncePerRequestFilter.doFilter(OncePerRequestFilter.java:116)
	at org.apache.catalina.core.ApplicationFilterChain.internalDoFilter(ApplicationFilterChain.java:164)
	at org.apache.catalina.core.ApplicationFilterChain.doFilter(ApplicationFilterChain.java:140)
	at org.springframework.web.filter.ServerHttpObservationFilter.doFilterInternal(ServerHttpObservationFilter.java:114)
	at org.springframework.web.filter.OncePerRequestFilter.doFilter(OncePerRequestFilter.java:116)
	at org.apache.catalina.core.ApplicationFilterChain.internalDoFilter(ApplicationFilterChain.java:164)
	at org.apache.catalina.core.ApplicationFilterChain.doFilter(ApplicationFilterChain.java:140)
	at org.springframework.web.filter.CharacterEncodingFilter.doFilterInternal(CharacterEncodingFilter.java:201)
	at org.springframework.web.filter.OncePerRequestFilter.doFilter(OncePerRequestFilter.java:116)
	at org.apache.catalina.core.ApplicationFilterChain.internalDoFilter(ApplicationFilterChain.java:164)
	at org.apache.catalina.core.ApplicationFilterChain.doFilter(ApplicationFilterChain.java:140)
	at org.apache.catalina.core.StandardWrapperValve.invoke(StandardWrapperValve.java:167)
	at org.apache.catalina.core.StandardContextValve.invoke(StandardContextValve.java:90)
	at org.apache.catalina.authenticator.AuthenticatorBase.invoke(AuthenticatorBase.java:483)
	at org.apache.catalina.core.StandardHostValve.invoke(StandardHostValve.java:115)
	at org.apache.catalina.valves.ErrorReportValve.invoke(ErrorReportValve.java:93)
	at org.apache.catalina.core.StandardEngineValve.invoke(StandardEngineValve.java:74)
	at org.apache.catalina.connector.CoyoteAdapter.service(CoyoteAdapter.java:344)
	at org.apache.coyote.http11.Http11Processor.service(Http11Processor.java:397)
	at org.apache.coyote.AbstractProcessorLight.process(AbstractProcessorLight.java:63)
	at org.apache.coyote.AbstractProtocol$ConnectionHandler.process(AbstractProtocol.java:905)
	at org.apache.tomcat.util.net.NioEndpoint$SocketProcessor.doRun(NioEndpoint.java:1741)
	at org.apache.tomcat.util.net.SocketProcessorBase.run(SocketProcessorBase.java:52)
	at org.apache.tomcat.util.threads.ThreadPoolExecutor.runWorker(ThreadPoolExecutor.java:1190)
	at org.apache.tomcat.util.threads.ThreadPoolExecutor$Worker.run(ThreadPoolExecutor.java:659)
	at org.apache.tomcat.util.threads.TaskThread$WrappingRunnable.run(TaskThread.java:63)
	at java.base/java.lang.Thread.run(Thread.java:1583)
2026-03-16 16:57:11 [http-nio-8080-exec-5] DEBUG o.s.w.s.m.m.a.HttpEntityMethodProcessor - Using 'application/json', given [application/json, text/plain, */*] and supported [application/json, application/*+json, application/yaml]
2026-03-16 16:57:11 [http-nio-8080-exec-5] TRACE o.s.w.s.m.m.a.HttpEntityMethodProcessor - Writing [ApiResponse[success=false, status=500, code=C004, message=예기치 않은 서버 오류가 발생했습니다., data=null, timestamp=2026-03-16T16:57:11.364043800]]
2026-03-16 16:57:11 [http-nio-8080-exec-5] DEBUG o.s.w.s.m.m.a.ExceptionHandlerExceptionResolver - Resolved [org.springframework.web.servlet.resource.NoResourceFoundException: No static resource api/v1/admin/system/statistics/bbs.]
2026-03-16 16:57:11 [http-nio-8080-exec-5] DEBUG o.s.web.servlet.DispatcherServlet - Completed 500 INTERNAL_SERVER_ERROR
2026-03-16 16:57:11 [http-nio-8080-exec-1] DEBUG o.s.orm.jpa.JpaTransactionManager - Found thread-bound EntityManager [SessionImpl(1793876968<open>)] for JPA transaction
2026-03-16 16:57:11 [http-nio-8080-exec-1] DEBUG o.s.orm.jpa.JpaTransactionManager - Participating in existing transaction
2026-03-16 16:57:11 [http-nio-8080-exec-8] DEBUG o.s.orm.jpa.JpaTransactionManager - Initiating transaction commit
2026-03-16 16:57:11 [http-nio-8080-exec-1] DEBUG org.hibernate.SQL - select ua1_0.scrty_dtrmn_trget_id,ua1_0.author_code,ua1_0.frst_register_id,ua1_0.frst_regist_pnttm,ua1_0.last_updusr_id,ua1_0.last_updt_pnttm,ua1_0.mber_ty_code from nemplyrscrtyestbs ua1_0 where ua1_0.scrty_dtrmn_trget_id=?
2026-03-16 16:57:11 [http-nio-8080-exec-8] DEBUG o.s.orm.jpa.JpaTransactionManager - Committing JPA transaction on EntityManager [SessionImpl(58283122<open>)]
2026-03-16 16:57:11 [http-nio-8080-exec-7] DEBUG o.s.orm.jpa.JpaTransactionManager - Found thread-bound EntityManager [SessionImpl(1098372216<open>)] for JPA transaction
2026-03-16 16:57:11 [http-nio-8080-exec-7] DEBUG o.s.orm.jpa.JpaTransactionManager - Participating in existing transaction
2026-03-16 16:57:11 [http-nio-8080-exec-7] DEBUG org.hibernate.SQL - select ua1_0.scrty_dtrmn_trget_id,ua1_0.author_code,ua1_0.frst_register_id,ua1_0.frst_regist_pnttm,ua1_0.last_updusr_id,ua1_0.last_updt_pnttm,ua1_0.mber_ty_code from nemplyrscrtyestbs ua1_0 where ua1_0.scrty_dtrmn_trget_id=?
2026-03-16 16:57:11 [http-nio-8080-exec-10] DEBUG o.s.orm.jpa.JpaTransactionManager - Initiating transaction commit
2026-03-16 16:57:11 [http-nio-8080-exec-10] DEBUG o.s.orm.jpa.JpaTransactionManager - Committing JPA transaction on EntityManager [SessionImpl(1488841211<open>)]
2026-03-16 16:57:11 [http-nio-8080-exec-3] DEBUG o.s.orm.jpa.JpaTransactionManager - Initiating transaction commit
2026-03-16 16:57:11 [http-nio-8080-exec-3] DEBUG o.s.orm.jpa.JpaTransactionManager - Committing JPA transaction on EntityManager [SessionImpl(925570009<open>)]
2026-03-16 16:57:11 [http-nio-8080-exec-1] DEBUG o.s.orm.jpa.JpaTransactionManager - Initiating transaction commit
2026-03-16 16:57:11 [http-nio-8080-exec-1] DEBUG o.s.orm.jpa.JpaTransactionManager - Committing JPA transaction on EntityManager [SessionImpl(1793876968<open>)]
2026-03-16 16:57:11 [http-nio-8080-exec-8] DEBUG o.s.orm.jpa.JpaTransactionManager - Closing JPA EntityManager [SessionImpl(58283122<open>)] after transaction
2026-03-16 16:57:11 [http-nio-8080-exec-8] DEBUG c.c.p.s.jwt.JwtAuthenticationFilter - >>> [JwtFilter] Successfully authenticated user: USRCNFRM_99999999999, Authorities: [ROLE_ADMIN]
2026-03-16 16:57:11 [http-nio-8080-exec-8] DEBUG o.s.web.servlet.DispatcherServlet - GET "/api/v1/menu/left?menuNo=20", parameters={masked}
2026-03-16 16:57:11 [http-nio-8080-exec-8] TRACE o.s.w.s.m.m.a.RequestMappingHandlerMapping - Mapped to com.company.project.api.controller.menu.MenuController#getLeftMenu(Long)
2026-03-16 16:57:11 [http-nio-8080-exec-8] INFO  c.c.p.a.c.menu.MenuController - getLeftMenu called with menuNo=20
2026-03-16 16:57:11 [http-nio-8080-exec-8] DEBUG o.s.orm.jpa.JpaTransactionManager - Creating new transaction with name [com.company.project.service.menu.MenuService.getSubMenus]: PROPAGATION_REQUIRED,ISOLATION_DEFAULT,readOnly
2026-03-16 16:57:11 [http-nio-8080-exec-8] DEBUG o.s.orm.jpa.JpaTransactionManager - Opened new EntityManager [SessionImpl(1581598714<open>)] for JPA transaction
2026-03-16 16:57:11 [http-nio-8080-exec-8] DEBUG o.s.orm.jpa.JpaTransactionManager - Exposing JPA transaction as JDBC [org.springframework.orm.jpa.vendor.HibernateJpaDialect$HibernateConnectionHandle@4b6349b6]
2026-03-16 16:57:11 [http-nio-8080-exec-8] DEBUG org.hibernate.SQL - select m1_0.menu_no,m1_0.menu_dc,m1_0.menu_nm,m1_0.menu_ordr,m1_0.modern_route,m1_0.progrm_file_nm,m1_0.relate_image_nm,m1_0.relate_image_path,m1_0.route_updated_at,m1_0.upper_menu_no from nmenuinfo m1_0 order by m1_0.upper_menu_no,m1_0.menu_ordr
2026-03-16 16:57:11 [http-nio-8080-exec-10] DEBUG o.s.orm.jpa.JpaTransactionManager - Closing JPA EntityManager [SessionImpl(1488841211<open>)] after transaction
2026-03-16 16:57:11 [http-nio-8080-exec-7] DEBUG o.s.orm.jpa.JpaTransactionManager - Initiating transaction commit
2026-03-16 16:57:11 [http-nio-8080-exec-10] DEBUG c.c.p.s.jwt.JwtAuthenticationFilter - >>> [JwtFilter] Successfully authenticated user: USRCNFRM_99999999999, Authorities: [ROLE_ADMIN]
2026-03-16 16:57:11 [http-nio-8080-exec-7] DEBUG o.s.orm.jpa.JpaTransactionManager - Committing JPA transaction on EntityManager [SessionImpl(1098372216<open>)]
2026-03-16 16:57:11 [http-nio-8080-exec-10] DEBUG o.s.web.servlet.DispatcherServlet - GET "/api/v1/popups/active", parameters={}
2026-03-16 16:57:11 [http-nio-8080-exec-10] TRACE o.s.w.s.m.m.a.RequestMappingHandlerMapping - Mapped to com.company.project.api.controller.system.content.popup.PopupController#getActivePopups()
2026-03-16 16:57:11 [http-nio-8080-exec-10] DEBUG o.s.orm.jpa.JpaTransactionManager - Creating new transaction with name [com.company.project.service.system.content.popup.PopupServiceImpl.getActivePopups]: PROPAGATION_REQUIRED,ISOLATION_DEFAULT,readOnly
2026-03-16 16:57:11 [http-nio-8080-exec-10] DEBUG o.s.orm.jpa.JpaTransactionManager - Opened new EntityManager [SessionImpl(2118829418<open>)] for JPA transaction
2026-03-16 16:57:11 [http-nio-8080-exec-10] DEBUG o.s.orm.jpa.JpaTransactionManager - Exposing JPA transaction as JDBC [org.springframework.orm.jpa.vendor.HibernateJpaDialect$HibernateConnectionHandle@11833780]
2026-03-16 16:57:11 [http-nio-8080-exec-10] DEBUG org.hibernate.SQL - select p1_0.popup_id,p1_0.frst_register_id,p1_0.frst_regist_pnttm,p1_0.file_url,p1_0.ntce_at,p1_0.stopvew_setup_at,p1_0.last_updusr_id,p1_0.last_updt_pnttm,p1_0.ntce_bgnde,p1_0.ntce_endde,p1_0.popup_vrticl_lc,p1_0.popup_vrticl_size,p1_0.popup_sj_nm,p1_0.popup_width_lc,p1_0.popup_width_size from npopupmanage p1_0 where p1_0.ntce_at='Y' and ? between p1_0.ntce_bgnde and p1_0.ntce_endde
2026-03-16 16:57:11 [http-nio-8080-exec-3] DEBUG o.s.orm.jpa.JpaTransactionManager - Closing JPA EntityManager [SessionImpl(925570009<open>)] after transaction
2026-03-16 16:57:11 [http-nio-8080-exec-3] DEBUG c.c.p.s.jwt.JwtAuthenticationFilter - >>> [JwtFilter] Successfully authenticated user: USRCNFRM_99999999999, Authorities: [ROLE_ADMIN]
2026-03-16 16:57:11 [http-nio-8080-exec-3] DEBUG o.s.web.servlet.DispatcherServlet - GET "/api/v1/admin/system/banners/reflected", parameters={}
2026-03-16 16:57:11 [http-nio-8080-exec-3] TRACE o.s.w.s.m.m.a.RequestMappingHandlerMapping - Mapped to com.company.project.api.controller.system.content.banner.BannerApiController#getReflectedBanners()
2026-03-16 16:57:11 [http-nio-8080-exec-3] DEBUG o.s.orm.jpa.JpaTransactionManager - Creating new transaction with name [com.company.project.service.system.content.banner.BannerService.getReflectedBanners]: PROPAGATION_REQUIRED,ISOLATION_DEFAULT,readOnly
2026-03-16 16:57:11 [http-nio-8080-exec-3] DEBUG o.s.orm.jpa.JpaTransactionManager - Opened new EntityManager [SessionImpl(2008223566<open>)] for JPA transaction
2026-03-16 16:57:11 [http-nio-8080-exec-3] DEBUG o.s.orm.jpa.JpaTransactionManager - Exposing JPA transaction as JDBC [org.springframework.orm.jpa.vendor.HibernateJpaDialect$HibernateConnectionHandle@3ff9247c]
2026-03-16 16:57:11 [http-nio-8080-exec-3] DEBUG org.hibernate.SQL - select b1_0.banner_id,b1_0.banner_dc,b1_0.banner_image,b1_0.banner_image_file,b1_0.banner_nm,b1_0.frst_register_id,b1_0.frst_regist_pnttm,b1_0.last_updusr_id,b1_0.last_updt_pnttm,b1_0.link_url,b1_0.reflct_at,b1_0.sort_ordr from nbanner b1_0 where b1_0.reflct_at=? order by b1_0.sort_ordr
2026-03-16 16:57:11 [http-nio-8080-exec-1] DEBUG o.s.orm.jpa.JpaTransactionManager - Closing JPA EntityManager [SessionImpl(1793876968<open>)] after transaction
2026-03-16 16:57:11 [http-nio-8080-exec-1] DEBUG c.c.p.s.jwt.JwtAuthenticationFilter - >>> [JwtFilter] Successfully authenticated user: USRCNFRM_99999999999, Authorities: [ROLE_ADMIN]
2026-03-16 16:57:11 [http-nio-8080-exec-1] DEBUG o.s.web.servlet.DispatcherServlet - GET "/api/v1/notifications", parameters={}
2026-03-16 16:57:11 [http-nio-8080-exec-1] TRACE o.s.w.s.m.m.a.RequestMappingHandlerMapping - Mapped to com.company.project.api.controller.notification.NotificationController#getMyNotifications(UserDetails)
2026-03-16 16:57:11 [http-nio-8080-exec-1] DEBUG o.s.orm.jpa.JpaTransactionManager - Creating new transaction with name [com.company.project.service.notification.NotificationService.getActiveNotifications]: PROPAGATION_REQUIRED,ISOLATION_DEFAULT,readOnly
2026-03-16 16:57:11 [http-nio-8080-exec-1] DEBUG o.s.orm.jpa.JpaTransactionManager - Opened new EntityManager [SessionImpl(2068149539<open>)] for JPA transaction
2026-03-16 16:57:11 [http-nio-8080-exec-1] DEBUG o.s.orm.jpa.JpaTransactionManager - Exposing JPA transaction as JDBC [org.springframework.orm.jpa.vendor.HibernateJpaDialect$HibernateConnectionHandle@2aefad09]
2026-03-16 16:57:11 [http-nio-8080-exec-1] DEBUG o.s.orm.jpa.JpaTransactionManager - Found thread-bound EntityManager [SessionImpl(2068149539<open>)] for JPA transaction
2026-03-16 16:57:11 [http-nio-8080-exec-1] DEBUG o.s.orm.jpa.JpaTransactionManager - Participating in existing transaction
2026-03-16 16:57:11 [http-nio-8080-exec-1] DEBUG org.hibernate.SQL - select n1_0.ntcn_no,n1_0.frst_register_id,n1_0.frst_regist_pnttm,n1_0.is_read,n1_0.last_updusr_id,n1_0.last_updt_pnttm,n1_0.link_url,n1_0.ntcn_cn,n1_0.ntcn_sj,n1_0.receiver_id from n_user_notification n1_0
2026-03-16 16:57:11 [http-nio-8080-exec-7] DEBUG o.s.orm.jpa.JpaTransactionManager - Closing JPA EntityManager [SessionImpl(1098372216<open>)] after transaction
2026-03-16 16:57:11 [http-nio-8080-exec-10] DEBUG o.s.orm.jpa.JpaTransactionManager - Initiating transaction commit
2026-03-16 16:57:11 [http-nio-8080-exec-10] DEBUG o.s.orm.jpa.JpaTransactionManager - Committing JPA transaction on EntityManager [SessionImpl(2118829418<open>)]
2026-03-16 16:57:11 [http-nio-8080-exec-7] DEBUG c.c.p.s.jwt.JwtAuthenticationFilter - >>> [JwtFilter] Successfully authenticated user: USRCNFRM_99999999999, Authorities: [ROLE_ADMIN]
2026-03-16 16:57:11 [http-nio-8080-exec-7] DEBUG o.s.web.servlet.DispatcherServlet - GET "/api/v1/notifications/unread-count", parameters={}
2026-03-16 16:57:11 [http-nio-8080-exec-7] TRACE o.s.w.s.m.m.a.RequestMappingHandlerMapping - Mapped to com.company.project.api.controller.notification.NotificationController#getUnreadCount(UserDetails)
2026-03-16 16:57:11 [http-nio-8080-exec-7] DEBUG o.s.orm.jpa.JpaTransactionManager - Creating new transaction with name [com.company.project.service.notification.NotificationService.getUnreadCount]: PROPAGATION_REQUIRED,ISOLATION_DEFAULT,readOnly
2026-03-16 16:57:11 [http-nio-8080-exec-7] DEBUG o.s.orm.jpa.JpaTransactionManager - Opened new EntityManager [SessionImpl(899600948<open>)] for JPA transaction
2026-03-16 16:57:11 [http-nio-8080-exec-7] DEBUG o.s.orm.jpa.JpaTransactionManager - Exposing JPA transaction as JDBC [org.springframework.orm.jpa.vendor.HibernateJpaDialect$HibernateConnectionHandle@15b0b029]
2026-03-16 16:57:11 [http-nio-8080-exec-7] DEBUG org.hibernate.SQL - select count(n1_0.ntcn_no) from n_user_notification n1_0 where n1_0.receiver_id=? and n1_0.is_read=?
2026-03-16 16:57:11 [http-nio-8080-exec-3] DEBUG o.s.orm.jpa.JpaTransactionManager - Initiating transaction commit
2026-03-16 16:57:11 [http-nio-8080-exec-3] DEBUG o.s.orm.jpa.JpaTransactionManager - Committing JPA transaction on EntityManager [SessionImpl(2008223566<open>)]
2026-03-16 16:57:11 [http-nio-8080-exec-1] DEBUG o.s.orm.jpa.JpaTransactionManager - Initiating transaction commit
2026-03-16 16:57:11 [http-nio-8080-exec-1] DEBUG o.s.orm.jpa.JpaTransactionManager - Committing JPA transaction on EntityManager [SessionImpl(2068149539<open>)]
2026-03-16 16:57:11 [http-nio-8080-exec-8] DEBUG o.s.orm.jpa.JpaTransactionManager - Found thread-bound EntityManager [SessionImpl(1581598714<open>)] for JPA transaction
2026-03-16 16:57:11 [http-nio-8080-exec-8] DEBUG o.s.orm.jpa.JpaTransactionManager - Participating in existing transaction
2026-03-16 16:57:11 [http-nio-8080-exec-8] DEBUG org.hibernate.SQL - select p1_0.progrm_file_nm,p1_0.progrm_dc,p1_0.progrm_korean_nm,p1_0.progrm_stre_path,p1_0.url from nprogrmlist p1_0
2026-03-16 16:57:11 [http-nio-8080-exec-10] DEBUG o.s.orm.jpa.JpaTransactionManager - Closing JPA EntityManager [SessionImpl(2118829418<open>)] after transaction
2026-03-16 16:57:11 [http-nio-8080-exec-10] DEBUG o.s.w.s.m.m.a.HttpEntityMethodProcessor - Using 'application/json', given [application/json, text/plain, */*] and supported [application/json, application/*+json, application/yaml]
2026-03-16 16:57:11 [http-nio-8080-exec-10] TRACE o.s.w.s.m.m.a.HttpEntityMethodProcessor - Writing [ApiResponse[success=true, status=200, code=COMMON_001, message=Success, data=[], timestamp=2026-03-16T16:57:11.878847600]]
2026-03-16 16:57:11 [http-nio-8080-exec-10] INFO  c.c.p.a.i.OperationalAuditInterceptor - API Audit Log: URL=/api/v1/popups/active, User=webmaster, IP=127.0.0.1
2026-03-16 16:57:11 [http-nio-8080-exec-10] DEBUG o.s.web.servlet.DispatcherServlet - Completed 200 OK
2026-03-16 16:57:11 [http-nio-8080-exec-7] DEBUG o.s.orm.jpa.JpaTransactionManager - Initiating transaction commit
2026-03-16 16:57:11 [http-nio-8080-exec-7] DEBUG o.s.orm.jpa.JpaTransactionManager - Committing JPA transaction on EntityManager [SessionImpl(899600948<open>)]
2026-03-16 16:57:11 [http-nio-8080-exec-3] DEBUG o.s.orm.jpa.JpaTransactionManager - Closing JPA EntityManager [SessionImpl(2008223566<open>)] after transaction
2026-03-16 16:57:11 [http-nio-8080-exec-3] DEBUG o.s.w.s.m.m.a.HttpEntityMethodProcessor - Using 'application/json', given [application/json, text/plain, */*] and supported [application/json, application/*+json, application/yaml]
2026-03-16 16:57:11 [http-nio-8080-exec-3] TRACE o.s.w.s.m.m.a.HttpEntityMethodProcessor - Writing [ApiResponse[success=true, status=200, code=COMMON_001, message=Success, data=[], timestamp=2026-03-16T16:57:11.919985100]]
2026-03-16 16:57:11 [http-nio-8080-exec-3] INFO  c.c.p.a.i.OperationalAuditInterceptor - API Audit Log: URL=/api/v1/admin/system/banners/reflected, User=webmaster, IP=127.0.0.1
2026-03-16 16:57:11 [http-nio-8080-exec-3] DEBUG o.s.web.servlet.DispatcherServlet - Completed 200 OK
2026-03-16 16:57:11 [http-nio-8080-exec-4] DEBUG c.c.p.s.jwt.JwtAuthenticationFilter - >>> [JwtFilter] Processing request: GET /api/v1/admin/system/statistics/connect
2026-03-16 16:57:11 [http-nio-8080-exec-4] DEBUG c.c.p.s.jwt.JwtAuthenticationFilter - >>> [JwtFilter] Found token in header for path: /api/v1/admin/system/statistics/connect
2026-03-16 16:57:11 [http-nio-8080-exec-4] DEBUG o.s.orm.jpa.JpaTransactionManager - Creating new transaction with name [com.company.project.security.iam.CustomUserDetailsService.loadUserByUsername]: PROPAGATION_REQUIRED,ISOLATION_DEFAULT,readOnly
2026-03-16 16:57:11 [http-nio-8080-exec-4] DEBUG o.s.orm.jpa.JpaTransactionManager - Opened new EntityManager [SessionImpl(210650007<open>)] for JPA transaction
2026-03-16 16:57:12 [http-nio-8080-exec-2] DEBUG c.c.p.s.jwt.JwtAuthenticationFilter - >>> [JwtFilter] Processing request: GET /api/v1/admin/system/statistics/bbs
2026-03-16 16:57:12 [http-nio-8080-exec-2] DEBUG c.c.p.s.jwt.JwtAuthenticationFilter - >>> [JwtFilter] Found token in header for path: /api/v1/admin/system/statistics/bbs
2026-03-16 16:57:12 [http-nio-8080-exec-2] DEBUG o.s.orm.jpa.JpaTransactionManager - Creating new transaction with name [com.company.project.security.iam.CustomUserDetailsService.loadUserByUsername]: PROPAGATION_REQUIRED,ISOLATION_DEFAULT,readOnly
2026-03-16 16:57:12 [http-nio-8080-exec-2] DEBUG o.s.orm.jpa.JpaTransactionManager - Opened new EntityManager [SessionImpl(298127314<open>)] for JPA transaction
2026-03-16 16:57:12 [http-nio-8080-exec-1] DEBUG o.s.orm.jpa.JpaTransactionManager - Closing JPA EntityManager [SessionImpl(2068149539<open>)] after transaction
2026-03-16 16:57:12 [http-nio-8080-exec-4] DEBUG o.s.orm.jpa.JpaTransactionManager - Exposing JPA transaction as JDBC [org.springframework.orm.jpa.vendor.HibernateJpaDialect$HibernateConnectionHandle@6603aab8]
2026-03-16 16:57:12 [http-nio-8080-exec-4] DEBUG o.s.orm.jpa.JpaTransactionManager - Found thread-bound EntityManager [SessionImpl(210650007<open>)] for JPA transaction
2026-03-16 16:57:12 [http-nio-8080-exec-1] DEBUG o.s.w.s.m.m.a.HttpEntityMethodProcessor - Using 'application/json', given [application/json, text/plain, */*] and supported [application/json, application/*+json, application/yaml]
2026-03-16 16:57:12 [http-nio-8080-exec-4] DEBUG o.s.orm.jpa.JpaTransactionManager - Participating in existing transaction
2026-03-16 16:57:12 [http-nio-8080-exec-4] DEBUG org.hibernate.SQL - select u1_0.emplyr_id,u1_0.area_no,u1_0.brthdy,u1_0.chg_pwd_cnt,u1_0.frst_register_id,u1_0.frst_regist_pnttm,u1_0.detail_adres,u1_0.email_adres,u1_0.emplyr_sttus_code,u1_0.empl_no,u1_0.esntl_id,u1_0.fxnum,u1_0.group_id,u1_0.house_adres,u1_0.house_end_telno,u1_0.house_middle_telno,u1_0.ihidnum,u1_0.pstinst_code,u1_0.last_updusr_id,u1_0.last_updt_pnttm,u1_0.lock_at,u1_0.lock_cnt,u1_0.lock_last_pnttm,u1_0.mbtlnum,u1_0.ofcps_nm,u1_0.offm_telno,u1_0.orgnzt_id,u1_0.password,u1_0.password_cnsr,u1_0.password_hint,u1_0.chg_pwd_last_pnttm,u1_0.role,u1_0.sbscrb_de,u1_0.sexdstn_code,u1_0.crtfc_dn_value,u1_0.user_nm,u1_0.zip from nemplyrinfo u1_0 where u1_0.emplyr_id=?
2026-03-16 16:57:12 [http-nio-8080-exec-1] TRACE o.s.w.s.m.m.a.HttpEntityMethodProcessor - Writing [ApiResponse[success=true, status=200, code=COMMON_001, message=Success, data=[NotificationDto(ntfcNo=NT001, ntfcSj=테스트 알림입니다, ntfcCn=알림 내용입니다, ntfcDate=null, ntfcTime=2026-02-25T00:59:33.784070, bhNtfcIntrvl=null, uniqId=null, frstRegisterId=null, frstRegisterPnttm=2026-02-25T00:59:33.784070, lastUpdusrId=null, lastUpdusrPnttm=null)], timestamp=2026-03-16T16:57:12.564004100]]
2026-03-16 16:57:12 [http-nio-8080-exec-1] INFO  c.c.p.a.i.OperationalAuditInterceptor - API Audit Log: URL=/api/v1/notifications, User=webmaster, IP=127.0.0.1
2026-03-16 16:57:12 [http-nio-8080-exec-1] DEBUG o.s.web.servlet.DispatcherServlet - Completed 200 OK
2026-03-16 16:57:12 [http-nio-8080-exec-2] DEBUG o.s.orm.jpa.JpaTransactionManager - Exposing JPA transaction as JDBC [org.springframework.orm.jpa.vendor.HibernateJpaDialect$HibernateConnectionHandle@3aa66a3d]
2026-03-16 16:57:12 [http-nio-8080-exec-2] DEBUG o.s.orm.jpa.JpaTransactionManager - Found thread-bound EntityManager [SessionImpl(298127314<open>)] for JPA transaction
2026-03-16 16:57:12 [http-nio-8080-exec-2] DEBUG o.s.orm.jpa.JpaTransactionManager - Participating in existing transaction
2026-03-16 16:57:12 [http-nio-8080-exec-2] DEBUG org.hibernate.SQL - select u1_0.emplyr_id,u1_0.area_no,u1_0.brthdy,u1_0.chg_pwd_cnt,u1_0.frst_register_id,u1_0.frst_regist_pnttm,u1_0.detail_adres,u1_0.email_adres,u1_0.emplyr_sttus_code,u1_0.empl_no,u1_0.esntl_id,u1_0.fxnum,u1_0.group_id,u1_0.house_adres,u1_0.house_end_telno,u1_0.house_middle_telno,u1_0.ihidnum,u1_0.pstinst_code,u1_0.last_updusr_id,u1_0.last_updt_pnttm,u1_0.lock_at,u1_0.lock_cnt,u1_0.lock_last_pnttm,u1_0.mbtlnum,u1_0.ofcps_nm,u1_0.offm_telno,u1_0.orgnzt_id,u1_0.password,u1_0.password_cnsr,u1_0.password_hint,u1_0.chg_pwd_last_pnttm,u1_0.role,u1_0.sbscrb_de,u1_0.sexdstn_code,u1_0.crtfc_dn_value,u1_0.user_nm,u1_0.zip from nemplyrinfo u1_0 where u1_0.emplyr_id=?
2026-03-16 16:57:12 [http-nio-8080-exec-7] DEBUG o.s.orm.jpa.JpaTransactionManager - Closing JPA EntityManager [SessionImpl(899600948<open>)] after transaction
2026-03-16 16:57:12 [http-nio-8080-exec-7] DEBUG o.s.w.s.m.m.a.HttpEntityMethodProcessor - Using 'application/json', given [application/json, text/plain, */*] and supported [application/json, application/*+json, application/yaml]
2026-03-16 16:57:12 [http-nio-8080-exec-7] TRACE o.s.w.s.m.m.a.HttpEntityMethodProcessor - Writing [ApiResponse[success=true, status=200, code=COMMON_001, message=Success, data=0, timestamp=2026-03-16T16:57:12.571151700]]
2026-03-16 16:57:12 [http-nio-8080-exec-7] INFO  c.c.p.a.i.OperationalAuditInterceptor - API Audit Log: URL=/api/v1/notifications/unread-count, User=webmaster, IP=127.0.0.1
2026-03-16 16:57:12 [http-nio-8080-exec-7] DEBUG o.s.web.servlet.DispatcherServlet - Completed 200 OK
2026-03-16 16:57:12 [http-nio-8080-exec-4] DEBUG o.s.orm.jpa.JpaTransactionManager - Found thread-bound EntityManager [SessionImpl(210650007<open>)] for JPA transaction
2026-03-16 16:57:12 [http-nio-8080-exec-4] DEBUG o.s.orm.jpa.JpaTransactionManager - Participating in existing transaction
2026-03-16 16:57:12 [http-nio-8080-exec-4] DEBUG org.hibernate.SQL - select ua1_0.scrty_dtrmn_trget_id,ua1_0.author_code,ua1_0.frst_register_id,ua1_0.frst_regist_pnttm,ua1_0.last_updusr_id,ua1_0.last_updt_pnttm,ua1_0.mber_ty_code from nemplyrscrtyestbs ua1_0 where ua1_0.scrty_dtrmn_trget_id=?
2026-03-16 16:57:12 [http-nio-8080-exec-2] DEBUG o.s.orm.jpa.JpaTransactionManager - Found thread-bound EntityManager [SessionImpl(298127314<open>)] for JPA transaction
2026-03-16 16:57:12 [http-nio-8080-exec-2] DEBUG o.s.orm.jpa.JpaTransactionManager - Participating in existing transaction
2026-03-16 16:57:12 [http-nio-8080-exec-2] DEBUG org.hibernate.SQL - select ua1_0.scrty_dtrmn_trget_id,ua1_0.author_code,ua1_0.frst_register_id,ua1_0.frst_regist_pnttm,ua1_0.last_updusr_id,ua1_0.last_updt_pnttm,ua1_0.mber_ty_code from nemplyrscrtyestbs ua1_0 where ua1_0.scrty_dtrmn_trget_id=?
2026-03-16 16:57:12 [http-nio-8080-exec-8] DEBUG o.s.orm.jpa.JpaTransactionManager - Initiating transaction commit
2026-03-16 16:57:12 [http-nio-8080-exec-8] DEBUG o.s.orm.jpa.JpaTransactionManager - Committing JPA transaction on EntityManager [SessionImpl(1581598714<open>)]
2026-03-16 16:57:13 [http-nio-8080-exec-4] DEBUG o.s.orm.jpa.JpaTransactionManager - Initiating transaction commit
2026-03-16 16:57:13 [http-nio-8080-exec-4] DEBUG o.s.orm.jpa.JpaTransactionManager - Committing JPA transaction on EntityManager [SessionImpl(210650007<open>)]
2026-03-16 16:57:13 [http-nio-8080-exec-2] DEBUG o.s.orm.jpa.JpaTransactionManager - Initiating transaction commit
2026-03-16 16:57:13 [http-nio-8080-exec-2] DEBUG o.s.orm.jpa.JpaTransactionManager - Committing JPA transaction on EntityManager [SessionImpl(298127314<open>)]
2026-03-16 16:57:13 [http-nio-8080-exec-8] DEBUG o.s.orm.jpa.JpaTransactionManager - Closing JPA EntityManager [SessionImpl(1581598714<open>)] after transaction
2026-03-16 16:57:13 [http-nio-8080-exec-8] INFO  c.c.p.a.c.menu.MenuController - getLeftMenu returned 3 items
2026-03-16 16:57:13 [http-nio-8080-exec-8] DEBUG o.s.w.s.m.m.a.HttpEntityMethodProcessor - Using 'application/json', given [application/json, text/plain, */*] and supported [application/json, application/*+json, application/yaml]
2026-03-16 16:57:13 [http-nio-8080-exec-8] TRACE o.s.w.s.m.m.a.HttpEntityMethodProcessor - Writing [ApiResponse[success=true, status=200, code=COMMON_001, message=Success, data={list=[com.company.project.service.menu.dto.MenuDto@3fc53659, com.company.project.service.menu.dto.MenuDto@115f1afd, com.company.project.service.menu.dto.MenuDto@63e7b447]}, timestamp=2026-03-16T16:57:13.185411800]]
2026-03-16 16:57:13 [http-nio-8080-exec-8] INFO  c.c.p.a.i.OperationalAuditInterceptor - API Audit Log: URL=/api/v1/menu/left, User=webmaster, IP=127.0.0.1
2026-03-16 16:57:13 [http-nio-8080-exec-8] DEBUG o.s.web.servlet.DispatcherServlet - Completed 200 OK
2026-03-16 16:57:13 [http-nio-8080-exec-9] DEBUG c.c.p.s.jwt.JwtAuthenticationFilter - >>> [JwtFilter] Processing request: GET /api/v1/menu/left
2026-03-16 16:57:13 [http-nio-8080-exec-9] DEBUG c.c.p.s.jwt.JwtAuthenticationFilter - >>> [JwtFilter] Found token in header for path: /api/v1/menu/left
2026-03-16 16:57:13 [http-nio-8080-exec-9] DEBUG o.s.orm.jpa.JpaTransactionManager - Creating new transaction with name [com.company.project.security.iam.CustomUserDetailsService.loadUserByUsername]: PROPAGATION_REQUIRED,ISOLATION_DEFAULT,readOnly
2026-03-16 16:57:13 [http-nio-8080-exec-9] DEBUG o.s.orm.jpa.JpaTransactionManager - Opened new EntityManager [SessionImpl(1994673274<open>)] for JPA transaction
2026-03-16 16:57:14 [http-nio-8080-exec-4] DEBUG o.s.orm.jpa.JpaTransactionManager - Closing JPA EntityManager [SessionImpl(210650007<open>)] after transaction
2026-03-16 16:57:14 [http-nio-8080-exec-2] DEBUG o.s.orm.jpa.JpaTransactionManager - Closing JPA EntityManager [SessionImpl(298127314<open>)] after transaction
2026-03-16 16:57:14 [http-nio-8080-exec-4] DEBUG c.c.p.s.jwt.JwtAuthenticationFilter - >>> [JwtFilter] Successfully authenticated user: USRCNFRM_99999999999, Authorities: [ROLE_ADMIN]
2026-03-16 16:57:14 [http-nio-8080-exec-2] DEBUG c.c.p.s.jwt.JwtAuthenticationFilter - >>> [JwtFilter] Successfully authenticated user: USRCNFRM_99999999999, Authorities: [ROLE_ADMIN]
2026-03-16 16:57:14 [http-nio-8080-exec-2] DEBUG o.s.web.servlet.DispatcherServlet - GET "/api/v1/admin/system/statistics/bbs?statsKind=COM101", parameters={masked}
2026-03-16 16:57:14 [http-nio-8080-exec-4] DEBUG o.s.web.servlet.DispatcherServlet - GET "/api/v1/admin/system/statistics/connect?statsKind=SERVICE", parameters={masked}
2026-03-16 16:57:14 [http-nio-8080-exec-2] DEBUG o.s.w.s.h.SimpleUrlHandlerMapping - Mapped to ResourceHttpRequestHandler [classpath [META-INF/resources/], classpath [resources/], classpath [static/], classpath [public/], ServletContext [/]]
2026-03-16 16:57:14 [http-nio-8080-exec-4] DEBUG o.s.w.s.h.SimpleUrlHandlerMapping - Mapped to ResourceHttpRequestHandler [classpath [META-INF/resources/], classpath [resources/], classpath [static/], classpath [public/], ServletContext [/]]
2026-03-16 16:57:14 [http-nio-8080-exec-9] DEBUG o.s.orm.jpa.JpaTransactionManager - Exposing JPA transaction as JDBC [org.springframework.orm.jpa.vendor.HibernateJpaDialect$HibernateConnectionHandle@20f868fc]
2026-03-16 16:57:14 [http-nio-8080-exec-9] DEBUG o.s.orm.jpa.JpaTransactionManager - Found thread-bound EntityManager [SessionImpl(1994673274<open>)] for JPA transaction
2026-03-16 16:57:14 [http-nio-8080-exec-9] DEBUG o.s.orm.jpa.JpaTransactionManager - Participating in existing transaction
2026-03-16 16:57:14 [http-nio-8080-exec-9] DEBUG org.hibernate.SQL - select u1_0.emplyr_id,u1_0.area_no,u1_0.brthdy,u1_0.chg_pwd_cnt,u1_0.frst_register_id,u1_0.frst_regist_pnttm,u1_0.detail_adres,u1_0.email_adres,u1_0.emplyr_sttus_code,u1_0.empl_no,u1_0.esntl_id,u1_0.fxnum,u1_0.group_id,u1_0.house_adres,u1_0.house_end_telno,u1_0.house_middle_telno,u1_0.ihidnum,u1_0.pstinst_code,u1_0.last_updusr_id,u1_0.last_updt_pnttm,u1_0.lock_at,u1_0.lock_cnt,u1_0.lock_last_pnttm,u1_0.mbtlnum,u1_0.ofcps_nm,u1_0.offm_telno,u1_0.orgnzt_id,u1_0.password,u1_0.password_cnsr,u1_0.password_hint,u1_0.chg_pwd_last_pnttm,u1_0.role,u1_0.sbscrb_de,u1_0.sexdstn_code,u1_0.crtfc_dn_value,u1_0.user_nm,u1_0.zip from nemplyrinfo u1_0 where u1_0.emplyr_id=?
2026-03-16 16:57:14 [http-nio-8080-exec-2] DEBUG o.s.w.s.r.ResourceHttpRequestHandler - Resource not found
2026-03-16 16:57:14 [http-nio-8080-exec-4] DEBUG o.s.w.s.r.ResourceHttpRequestHandler - Resource not found
2026-03-16 16:57:14 [http-nio-8080-exec-2] DEBUG o.s.w.s.m.m.a.ExceptionHandlerExceptionResolver - Using @ExceptionHandler com.company.project.core.exception.GlobalExceptionHandler#handleException(Exception)
2026-03-16 16:57:14 [http-nio-8080-exec-4] DEBUG o.s.w.s.m.m.a.ExceptionHandlerExceptionResolver - Using @ExceptionHandler com.company.project.core.exception.GlobalExceptionHandler#handleException(Exception)
2026-03-16 16:57:14 [http-nio-8080-exec-4] ERROR c.c.p.c.e.GlobalExceptionHandler - >>> Internal Server Error: No static resource api/v1/admin/system/statistics/connect.
org.springframework.web.servlet.resource.NoResourceFoundException: No static resource api/v1/admin/system/statistics/connect.
	at org.springframework.web.servlet.resource.ResourceHttpRequestHandler.handleRequest(ResourceHttpRequestHandler.java:585)
	at org.springframework.web.servlet.mvc.HttpRequestHandlerAdapter.handle(HttpRequestHandlerAdapter.java:52)
	at org.springframework.web.servlet.DispatcherServlet.doDispatch(DispatcherServlet.java:1088)
	at org.springframework.web.servlet.DispatcherServlet.doService(DispatcherServlet.java:978)
	at org.springframework.web.servlet.FrameworkServlet.processRequest(FrameworkServlet.java:1014)
	at org.springframework.web.servlet.FrameworkServlet.doGet(FrameworkServlet.java:903)
	at jakarta.servlet.http.HttpServlet.service(HttpServlet.java:527)
	at org.springframework.web.servlet.FrameworkServlet.service(FrameworkServlet.java:885)
	at jakarta.servlet.http.HttpServlet.service(HttpServlet.java:614)
	at org.apache.catalina.core.ApplicationFilterChain.internalDoFilter(ApplicationFilterChain.java:195)
	at org.apache.catalina.core.ApplicationFilterChain.doFilter(ApplicationFilterChain.java:140)
	at org.apache.tomcat.websocket.server.WsFilter.doFilter(WsFilter.java:51)
	at org.apache.catalina.core.ApplicationFilterChain.internalDoFilter(ApplicationFilterChain.java:164)
	at org.apache.catalina.core.ApplicationFilterChain.doFilter(ApplicationFilterChain.java:140)
	at org.springframework.web.filter.CompositeFilter$VirtualFilterChain.doFilter(CompositeFilter.java:108)
	at org.springframework.security.web.FilterChainProxy.lambda$doFilterInternal$3(FilterChainProxy.java:231)
	at org.springframework.security.web.ObservationFilterChainDecorator$FilterObservation$SimpleFilterObservation.lambda$wrap$1(ObservationFilterChainDecorator.java:479)
	at org.springframework.security.web.ObservationFilterChainDecorator$AroundFilterObservation$SimpleAroundFilterObservation.lambda$wrap$1(ObservationFilterChainDecorator.java:340)
	at org.springframework.security.web.ObservationFilterChainDecorator.lambda$wrapSecured$0(ObservationFilterChainDecorator.java:82)
	at org.springframework.security.web.ObservationFilterChainDecorator$VirtualFilterChain.doFilter(ObservationFilterChainDecorator.java:128)
	at org.springframework.security.web.access.intercept.AuthorizationFilter.doFilter(AuthorizationFilter.java:101)
	at org.springframework.security.web.ObservationFilterChainDecorator$ObservationFilter.wrapFilter(ObservationFilterChainDecorator.java:240)
	at org.springframework.security.web.ObservationFilterChainDecorator$ObservationFilter.doFilter(ObservationFilterChainDecorator.java:227)
	at org.springframework.security.web.ObservationFilterChainDecorator$VirtualFilterChain.doFilter(ObservationFilterChainDecorator.java:137)
	at org.springframework.security.web.access.ExceptionTranslationFilter.doFilter(ExceptionTranslationFilter.java:126)
	at org.springframework.security.web.access.ExceptionTranslationFilter.doFilter(ExceptionTranslationFilter.java:120)
	at org.springframework.security.web.ObservationFilterChainDecorator$ObservationFilter.wrapFilter(ObservationFilterChainDecorator.java:240)
	at org.springframework.security.web.ObservationFilterChainDecorator$ObservationFilter.doFilter(ObservationFilterChainDecorator.java:227)
	at org.springframework.security.web.ObservationFilterChainDecorator$VirtualFilterChain.doFilter(ObservationFilterChainDecorator.java:137)
	at org.springframework.security.web.session.SessionManagementFilter.doFilter(SessionManagementFilter.java:131)
	at org.springframework.security.web.session.SessionManagementFilter.doFilter(SessionManagementFilter.java:85)
	at org.springframework.security.web.ObservationFilterChainDecorator$ObservationFilter.wrapFilter(ObservationFilterChainDecorator.java:240)
	at org.springframework.security.web.ObservationFilterChainDecorator$ObservationFilter.doFilter(ObservationFilterChainDecorator.java:227)
	at org.springframework.security.web.ObservationFilterChainDecorator$VirtualFilterChain.doFilter(ObservationFilterChainDecorator.java:137)
	at org.springframework.security.web.authentication.AnonymousAuthenticationFilter.doFilter(AnonymousAuthenticationFilter.java:100)
	at org.springframework.security.web.ObservationFilterChainDecorator$ObservationFilter.wrapFilter(ObservationFilterChainDecorator.java:240)
	at org.springframework.security.web.ObservationFilterChainDecorator$ObservationFilter.doFilter(ObservationFilterChainDecorator.java:227)
	at org.springframework.security.web.ObservationFilterChainDecorator$VirtualFilterChain.doFilter(ObservationFilterChainDecorator.java:137)
	at org.springframework.security.web.servletapi.SecurityContextHolderAwareRequestFilter.doFilter(SecurityContextHolderAwareRequestFilter.java:179)
	at org.springframework.security.web.ObservationFilterChainDecorator$ObservationFilter.wrapFilter(ObservationFilterChainDecorator.java:240)
	at org.springframework.security.web.ObservationFilterChainDecorator$ObservationFilter.doFilter(ObservationFilterChainDecorator.java:227)
	at org.springframework.security.web.ObservationFilterChainDecorator$VirtualFilterChain.doFilter(ObservationFilterChainDecorator.java:137)
	at org.springframework.security.web.savedrequest.RequestCacheAwareFilter.doFilter(RequestCacheAwareFilter.java:63)
	at org.springframework.security.web.ObservationFilterChainDecorator$ObservationFilter.wrapFilter(ObservationFilterChainDecorator.java:240)
	at org.springframework.security.web.ObservationFilterChainDecorator$ObservationFilter.doFilter(ObservationFilterChainDecorator.java:227)
	at org.springframework.security.web.ObservationFilterChainDecorator$VirtualFilterChain.doFilter(ObservationFilterChainDecorator.java:137)
	at com.company.project.security.jwt.JwtAuthenticationFilter.doFilterInternal(JwtAuthenticationFilter.java:52)
	at org.springframework.web.filter.OncePerRequestFilter.doFilter(OncePerRequestFilter.java:116)
	at org.springframework.security.web.ObservationFilterChainDecorator$ObservationFilter.wrapFilter(ObservationFilterChainDecorator.java:240)
	at org.springframework.security.web.ObservationFilterChainDecorator$ObservationFilter.doFilter(ObservationFilterChainDecorator.java:227)
	at org.springframework.security.web.ObservationFilterChainDecorator$VirtualFilterChain.doFilter(ObservationFilterChainDecorator.java:137)
	at org.springframework.security.web.authentication.logout.LogoutFilter.doFilter(LogoutFilter.java:107)
	at org.springframework.security.web.authentication.logout.LogoutFilter.doFilter(LogoutFilter.java:93)
	at org.springframework.security.web.ObservationFilterChainDecorator$ObservationFilter.wrapFilter(ObservationFilterChainDecorator.java:240)
	at org.springframework.security.web.ObservationFilterChainDecorator$ObservationFilter.doFilter(ObservationFilterChainDecorator.java:227)
	at org.springframework.security.web.ObservationFilterChainDecorator$VirtualFilterChain.doFilter(ObservationFilterChainDecorator.java:137)
	at org.springframework.web.filter.CorsFilter.doFilterInternal(CorsFilter.java:91)
	at org.springframework.web.filter.OncePerRequestFilter.doFilter(OncePerRequestFilter.java:116)
	at org.springframework.security.web.ObservationFilterChainDecorator$ObservationFilter.wrapFilter(ObservationFilterChainDecorator.java:240)
	at org.springframework.security.web.ObservationFilterChainDecorator$ObservationFilter.doFilter(ObservationFilterChainDecorator.java:227)
	at org.springframework.security.web.ObservationFilterChainDecorator$VirtualFilterChain.doFilter(ObservationFilterChainDecorator.java:137)
	at org.springframework.security.web.header.HeaderWriterFilter.doHeadersAfter(HeaderWriterFilter.java:90)
	at org.springframework.security.web.header.HeaderWriterFilter.doFilterInternal(HeaderWriterFilter.java:75)
	at org.springframework.web.filter.OncePerRequestFilter.doFilter(OncePerRequestFilter.java:116)
	at org.springframework.security.web.ObservationFilterChainDecorator$ObservationFilter.wrapFilter(ObservationFilterChainDecorator.java:240)
	at org.springframework.security.web.ObservationFilterChainDecorator$ObservationFilter.doFilter(ObservationFilterChainDecorator.java:227)
	at org.springframework.security.web.ObservationFilterChainDecorator$VirtualFilterChain.doFilter(ObservationFilterChainDecorator.java:137)
	at org.springframework.security.web.context.SecurityContextHolderFilter.doFilter(SecurityContextHolderFilter.java:82)
	at org.springframework.security.web.context.SecurityContextHolderFilter.doFilter(SecurityContextHolderFilter.java:69)
	at org.springframework.security.web.ObservationFilterChainDecorator$ObservationFilter.wrapFilter(ObservationFilterChainDecorator.java:240)
	at org.springframework.security.web.ObservationFilterChainDecorator$ObservationFilter.doFilter(ObservationFilterChainDecorator.java:227)
	at org.springframework.security.web.ObservationFilterChainDecorator$VirtualFilterChain.doFilter(ObservationFilterChainDecorator.java:137)
	at org.springframework.security.web.context.request.async.WebAsyncManagerIntegrationFilter.doFilterInternal(WebAsyncManagerIntegrationFilter.java:62)
	at org.springframework.web.filter.OncePerRequestFilter.doFilter(OncePerRequestFilter.java:116)
	at org.springframework.security.web.ObservationFilterChainDecorator$ObservationFilter.wrapFilter(ObservationFilterChainDecorator.java:240)
	at org.springframework.security.web.ObservationFilterChainDecorator$ObservationFilter.doFilter(ObservationFilterChainDecorator.java:227)
	at org.springframework.security.web.ObservationFilterChainDecorator$VirtualFilterChain.doFilter(ObservationFilterChainDecorator.java:137)
	at org.springframework.security.web.session.DisableEncodeUrlFilter.doFilterInternal(DisableEncodeUrlFilter.java:42)
	at org.springframework.web.filter.OncePerRequestFilter.doFilter(OncePerRequestFilter.java:116)
	at org.springframework.security.web.ObservationFilterChainDecorator$ObservationFilter.wrapFilter(ObservationFilterChainDecorator.java:240)
	at org.springframework.security.web.ObservationFilterChainDecorator$AroundFilterObservation$SimpleAroundFilterObservation.lambda$wrap$0(ObservationFilterChainDecorator.java:323)
	at org.springframework.security.web.ObservationFilterChainDecorator$ObservationFilter.doFilter(ObservationFilterChainDecorator.java:224)
	at org.springframework.security.web.ObservationFilterChainDecorator$VirtualFilterChain.doFilter(ObservationFilterChainDecorator.java:137)
	at org.springframework.security.web.FilterChainProxy.doFilterInternal(FilterChainProxy.java:233)
	at org.springframework.security.web.FilterChainProxy.doFilter(FilterChainProxy.java:191)
	at org.springframework.web.filter.CompositeFilter$VirtualFilterChain.doFilter(CompositeFilter.java:113)
	at org.springframework.web.servlet.handler.HandlerMappingIntrospector.lambda$createCacheFilter$3(HandlerMappingIntrospector.java:243)
	at org.springframework.web.filter.CompositeFilter$VirtualFilterChain.doFilter(CompositeFilter.java:113)
	at org.springframework.web.filter.CompositeFilter.doFilter(CompositeFilter.java:74)
	at org.springframework.security.config.annotation.web.configuration.WebMvcSecurityConfiguration$CompositeFilterChainProxy.doFilter(WebMvcSecurityConfiguration.java:238)
	at org.springframework.web.filter.DelegatingFilterProxy.invokeDelegate(DelegatingFilterProxy.java:362)
	at org.springframework.web.filter.DelegatingFilterProxy.doFilter(DelegatingFilterProxy.java:278)
	at org.apache.catalina.core.ApplicationFilterChain.internalDoFilter(ApplicationFilterChain.java:164)
	at org.apache.catalina.core.ApplicationFilterChain.doFilter(ApplicationFilterChain.java:140)
	at org.springframework.web.filter.RequestContextFilter.doFilterInternal(RequestContextFilter.java:100)
	at org.springframework.web.filter.OncePerRequestFilter.doFilter(OncePerRequestFilter.java:116)
	at org.apache.catalina.core.ApplicationFilterChain.internalDoFilter(ApplicationFilterChain.java:164)
	at org.apache.catalina.core.ApplicationFilterChain.doFilter(ApplicationFilterChain.java:140)
	at org.springframework.web.filter.FormContentFilter.doFilterInternal(FormContentFilter.java:93)
	at org.springframework.web.filter.OncePerRequestFilter.doFilter(OncePerRequestFilter.java:116)
	at org.apache.catalina.core.ApplicationFilterChain.internalDoFilter(ApplicationFilterChain.java:164)
	at org.apache.catalina.core.ApplicationFilterChain.doFilter(ApplicationFilterChain.java:140)
	at org.springframework.web.filter.ServerHttpObservationFilter.doFilterInternal(ServerHttpObservationFilter.java:114)
	at org.springframework.web.filter.OncePerRequestFilter.doFilter(OncePerRequestFilter.java:116)
	at org.apache.catalina.core.ApplicationFilterChain.internalDoFilter(ApplicationFilterChain.java:164)
	at org.apache.catalina.core.ApplicationFilterChain.doFilter(ApplicationFilterChain.java:140)
	at org.springframework.web.filter.CharacterEncodingFilter.doFilterInternal(CharacterEncodingFilter.java:201)
	at org.springframework.web.filter.OncePerRequestFilter.doFilter(OncePerRequestFilter.java:116)
	at org.apache.catalina.core.ApplicationFilterChain.internalDoFilter(ApplicationFilterChain.java:164)
	at org.apache.catalina.core.ApplicationFilterChain.doFilter(ApplicationFilterChain.java:140)
	at org.apache.catalina.core.StandardWrapperValve.invoke(StandardWrapperValve.java:167)
	at org.apache.catalina.core.StandardContextValve.invoke(StandardContextValve.java:90)
	at org.apache.catalina.authenticator.AuthenticatorBase.invoke(AuthenticatorBase.java:483)
	at org.apache.catalina.core.StandardHostValve.invoke(StandardHostValve.java:115)
	at org.apache.catalina.valves.ErrorReportValve.invoke(ErrorReportValve.java:93)
	at org.apache.catalina.core.StandardEngineValve.invoke(StandardEngineValve.java:74)
	at org.apache.catalina.connector.CoyoteAdapter.service(CoyoteAdapter.java:344)
	at org.apache.coyote.http11.Http11Processor.service(Http11Processor.java:397)
	at org.apache.coyote.AbstractProcessorLight.process(AbstractProcessorLight.java:63)
	at org.apache.coyote.AbstractProtocol$ConnectionHandler.process(AbstractProtocol.java:905)
	at org.apache.tomcat.util.net.NioEndpoint$SocketProcessor.doRun(NioEndpoint.java:1741)
	at org.apache.tomcat.util.net.SocketProcessorBase.run(SocketProcessorBase.java:52)
	at org.apache.tomcat.util.threads.ThreadPoolExecutor.runWorker(ThreadPoolExecutor.java:1190)
	at org.apache.tomcat.util.threads.ThreadPoolExecutor$Worker.run(ThreadPoolExecutor.java:659)
	at org.apache.tomcat.util.threads.TaskThread$WrappingRunnable.run(TaskThread.java:63)
	at java.base/java.lang.Thread.run(Thread.java:1583)
2026-03-16 16:57:14 [http-nio-8080-exec-2] ERROR c.c.p.c.e.GlobalExceptionHandler - >>> Internal Server Error: No static resource api/v1/admin/system/statistics/bbs.
org.springframework.web.servlet.resource.NoResourceFoundException: No static resource api/v1/admin/system/statistics/bbs.
	at org.springframework.web.servlet.resource.ResourceHttpRequestHandler.handleRequest(ResourceHttpRequestHandler.java:585)
	at org.springframework.web.servlet.mvc.HttpRequestHandlerAdapter.handle(HttpRequestHandlerAdapter.java:52)
	at org.springframework.web.servlet.DispatcherServlet.doDispatch(DispatcherServlet.java:1088)
	at org.springframework.web.servlet.DispatcherServlet.doService(DispatcherServlet.java:978)
	at org.springframework.web.servlet.FrameworkServlet.processRequest(FrameworkServlet.java:1014)
	at org.springframework.web.servlet.FrameworkServlet.doGet(FrameworkServlet.java:903)
	at jakarta.servlet.http.HttpServlet.service(HttpServlet.java:527)
	at org.springframework.web.servlet.FrameworkServlet.service(FrameworkServlet.java:885)
	at jakarta.servlet.http.HttpServlet.service(HttpServlet.java:614)
	at org.apache.catalina.core.ApplicationFilterChain.internalDoFilter(ApplicationFilterChain.java:195)
	at org.apache.catalina.core.ApplicationFilterChain.doFilter(ApplicationFilterChain.java:140)
	at org.apache.tomcat.websocket.server.WsFilter.doFilter(WsFilter.java:51)
	at org.apache.catalina.core.ApplicationFilterChain.internalDoFilter(ApplicationFilterChain.java:164)
	at org.apache.catalina.core.ApplicationFilterChain.doFilter(ApplicationFilterChain.java:140)
	at org.springframework.web.filter.CompositeFilter$VirtualFilterChain.doFilter(CompositeFilter.java:108)
	at org.springframework.security.web.FilterChainProxy.lambda$doFilterInternal$3(FilterChainProxy.java:231)
	at org.springframework.security.web.ObservationFilterChainDecorator$FilterObservation$SimpleFilterObservation.lambda$wrap$1(ObservationFilterChainDecorator.java:479)
	at org.springframework.security.web.ObservationFilterChainDecorator$AroundFilterObservation$SimpleAroundFilterObservation.lambda$wrap$1(ObservationFilterChainDecorator.java:340)
	at org.springframework.security.web.ObservationFilterChainDecorator.lambda$wrapSecured$0(ObservationFilterChainDecorator.java:82)
	at org.springframework.security.web.ObservationFilterChainDecorator$VirtualFilterChain.doFilter(ObservationFilterChainDecorator.java:128)
	at org.springframework.security.web.access.intercept.AuthorizationFilter.doFilter(AuthorizationFilter.java:101)
	at org.springframework.security.web.ObservationFilterChainDecorator$ObservationFilter.wrapFilter(ObservationFilterChainDecorator.java:240)
	at org.springframework.security.web.ObservationFilterChainDecorator$ObservationFilter.doFilter(ObservationFilterChainDecorator.java:227)
	at org.springframework.security.web.ObservationFilterChainDecorator$VirtualFilterChain.doFilter(ObservationFilterChainDecorator.java:137)
	at org.springframework.security.web.access.ExceptionTranslationFilter.doFilter(ExceptionTranslationFilter.java:126)
	at org.springframework.security.web.access.ExceptionTranslationFilter.doFilter(ExceptionTranslationFilter.java:120)
	at org.springframework.security.web.ObservationFilterChainDecorator$ObservationFilter.wrapFilter(ObservationFilterChainDecorator.java:240)
	at org.springframework.security.web.ObservationFilterChainDecorator$ObservationFilter.doFilter(ObservationFilterChainDecorator.java:227)
	at org.springframework.security.web.ObservationFilterChainDecorator$VirtualFilterChain.doFilter(ObservationFilterChainDecorator.java:137)
	at org.springframework.security.web.session.SessionManagementFilter.doFilter(SessionManagementFilter.java:131)
	at org.springframework.security.web.session.SessionManagementFilter.doFilter(SessionManagementFilter.java:85)
	at org.springframework.security.web.ObservationFilterChainDecorator$ObservationFilter.wrapFilter(ObservationFilterChainDecorator.java:240)
	at org.springframework.security.web.ObservationFilterChainDecorator$ObservationFilter.doFilter(ObservationFilterChainDecorator.java:227)
	at org.springframework.security.web.ObservationFilterChainDecorator$VirtualFilterChain.doFilter(ObservationFilterChainDecorator.java:137)
	at org.springframework.security.web.authentication.AnonymousAuthenticationFilter.doFilter(AnonymousAuthenticationFilter.java:100)
	at org.springframework.security.web.ObservationFilterChainDecorator$ObservationFilter.wrapFilter(ObservationFilterChainDecorator.java:240)
	at org.springframework.security.web.ObservationFilterChainDecorator$ObservationFilter.doFilter(ObservationFilterChainDecorator.java:227)
	at org.springframework.security.web.ObservationFilterChainDecorator$VirtualFilterChain.doFilter(ObservationFilterChainDecorator.java:137)
	at org.springframework.security.web.servletapi.SecurityContextHolderAwareRequestFilter.doFilter(SecurityContextHolderAwareRequestFilter.java:179)
	at org.springframework.security.web.ObservationFilterChainDecorator$ObservationFilter.wrapFilter(ObservationFilterChainDecorator.java:240)
	at org.springframework.security.web.ObservationFilterChainDecorator$ObservationFilter.doFilter(ObservationFilterChainDecorator.java:227)
	at org.springframework.security.web.ObservationFilterChainDecorator$VirtualFilterChain.doFilter(ObservationFilterChainDecorator.java:137)
	at org.springframework.security.web.savedrequest.RequestCacheAwareFilter.doFilter(RequestCacheAwareFilter.java:63)
	at org.springframework.security.web.ObservationFilterChainDecorator$ObservationFilter.wrapFilter(ObservationFilterChainDecorator.java:240)
	at org.springframework.security.web.ObservationFilterChainDecorator$ObservationFilter.doFilter(ObservationFilterChainDecorator.java:227)
	at org.springframework.security.web.ObservationFilterChainDecorator$VirtualFilterChain.doFilter(ObservationFilterChainDecorator.java:137)
	at com.company.project.security.jwt.JwtAuthenticationFilter.doFilterInternal(JwtAuthenticationFilter.java:52)
	at org.springframework.web.filter.OncePerRequestFilter.doFilter(OncePerRequestFilter.java:116)
	at org.springframework.security.web.ObservationFilterChainDecorator$ObservationFilter.wrapFilter(ObservationFilterChainDecorator.java:240)
	at org.springframework.security.web.ObservationFilterChainDecorator$ObservationFilter.doFilter(ObservationFilterChainDecorator.java:227)
	at org.springframework.security.web.ObservationFilterChainDecorator$VirtualFilterChain.doFilter(ObservationFilterChainDecorator.java:137)
	at org.springframework.security.web.authentication.logout.LogoutFilter.doFilter(LogoutFilter.java:107)
	at org.springframework.security.web.authentication.logout.LogoutFilter.doFilter(LogoutFilter.java:93)
	at org.springframework.security.web.ObservationFilterChainDecorator$ObservationFilter.wrapFilter(ObservationFilterChainDecorator.java:240)
	at org.springframework.security.web.ObservationFilterChainDecorator$ObservationFilter.doFilter(ObservationFilterChainDecorator.java:227)
	at org.springframework.security.web.ObservationFilterChainDecorator$VirtualFilterChain.doFilter(ObservationFilterChainDecorator.java:137)
	at org.springframework.web.filter.CorsFilter.doFilterInternal(CorsFilter.java:91)
	at org.springframework.web.filter.OncePerRequestFilter.doFilter(OncePerRequestFilter.java:116)
	at org.springframework.security.web.ObservationFilterChainDecorator$ObservationFilter.wrapFilter(ObservationFilterChainDecorator.java:240)
	at org.springframework.security.web.ObservationFilterChainDecorator$ObservationFilter.doFilter(ObservationFilterChainDecorator.java:227)
	at org.springframework.security.web.ObservationFilterChainDecorator$VirtualFilterChain.doFilter(ObservationFilterChainDecorator.java:137)
	at org.springframework.security.web.header.HeaderWriterFilter.doHeadersAfter(HeaderWriterFilter.java:90)
	at org.springframework.security.web.header.HeaderWriterFilter.doFilterInternal(HeaderWriterFilter.java:75)
	at org.springframework.web.filter.OncePerRequestFilter.doFilter(OncePerRequestFilter.java:116)
	at org.springframework.security.web.ObservationFilterChainDecorator$ObservationFilter.wrapFilter(ObservationFilterChainDecorator.java:240)
	at org.springframework.security.web.ObservationFilterChainDecorator$ObservationFilter.doFilter(ObservationFilterChainDecorator.java:227)
	at org.springframework.security.web.ObservationFilterChainDecorator$VirtualFilterChain.doFilter(ObservationFilterChainDecorator.java:137)
	at org.springframework.security.web.context.SecurityContextHolderFilter.doFilter(SecurityContextHolderFilter.java:82)
	at org.springframework.security.web.context.SecurityContextHolderFilter.doFilter(SecurityContextHolderFilter.java:69)
	at org.springframework.security.web.ObservationFilterChainDecorator$ObservationFilter.wrapFilter(ObservationFilterChainDecorator.java:240)
	at org.springframework.security.web.ObservationFilterChainDecorator$ObservationFilter.doFilter(ObservationFilterChainDecorator.java:227)
	at org.springframework.security.web.ObservationFilterChainDecorator$VirtualFilterChain.doFilter(ObservationFilterChainDecorator.java:137)
	at org.springframework.security.web.context.request.async.WebAsyncManagerIntegrationFilter.doFilterInternal(WebAsyncManagerIntegrationFilter.java:62)
	at org.springframework.web.filter.OncePerRequestFilter.doFilter(OncePerRequestFilter.java:116)
	at org.springframework.security.web.ObservationFilterChainDecorator$ObservationFilter.wrapFilter(ObservationFilterChainDecorator.java:240)
	at org.springframework.security.web.ObservationFilterChainDecorator$ObservationFilter.doFilter(ObservationFilterChainDecorator.java:227)
	at org.springframework.security.web.ObservationFilterChainDecorator$VirtualFilterChain.doFilter(ObservationFilterChainDecorator.java:137)
	at org.springframework.security.web.session.DisableEncodeUrlFilter.doFilterInternal(DisableEncodeUrlFilter.java:42)
	at org.springframework.web.filter.OncePerRequestFilter.doFilter(OncePerRequestFilter.java:116)
	at org.springframework.security.web.ObservationFilterChainDecorator$ObservationFilter.wrapFilter(ObservationFilterChainDecorator.java:240)
	at org.springframework.security.web.ObservationFilterChainDecorator$AroundFilterObservation$SimpleAroundFilterObservation.lambda$wrap$0(ObservationFilterChainDecorator.java:323)
	at org.springframework.security.web.ObservationFilterChainDecorator$ObservationFilter.doFilter(ObservationFilterChainDecorator.java:224)
	at org.springframework.security.web.ObservationFilterChainDecorator$VirtualFilterChain.doFilter(ObservationFilterChainDecorator.java:137)
	at org.springframework.security.web.FilterChainProxy.doFilterInternal(FilterChainProxy.java:233)
	at org.springframework.security.web.FilterChainProxy.doFilter(FilterChainProxy.java:191)
	at org.springframework.web.filter.CompositeFilter$VirtualFilterChain.doFilter(CompositeFilter.java:113)
	at org.springframework.web.servlet.handler.HandlerMappingIntrospector.lambda$createCacheFilter$3(HandlerMappingIntrospector.java:243)
	at org.springframework.web.filter.CompositeFilter$VirtualFilterChain.doFilter(CompositeFilter.java:113)
	at org.springframework.web.filter.CompositeFilter.doFilter(CompositeFilter.java:74)
	at org.springframework.security.config.annotation.web.configuration.WebMvcSecurityConfiguration$CompositeFilterChainProxy.doFilter(WebMvcSecurityConfiguration.java:238)
	at org.springframework.web.filter.DelegatingFilterProxy.invokeDelegate(DelegatingFilterProxy.java:362)
	at org.springframework.web.filter.DelegatingFilterProxy.doFilter(DelegatingFilterProxy.java:278)
	at org.apache.catalina.core.ApplicationFilterChain.internalDoFilter(ApplicationFilterChain.java:164)
	at org.apache.catalina.core.ApplicationFilterChain.doFilter(ApplicationFilterChain.java:140)
	at org.springframework.web.filter.RequestContextFilter.doFilterInternal(RequestContextFilter.java:100)
	at org.springframework.web.filter.OncePerRequestFilter.doFilter(OncePerRequestFilter.java:116)
	at org.apache.catalina.core.ApplicationFilterChain.internalDoFilter(ApplicationFilterChain.java:164)
	at org.apache.catalina.core.ApplicationFilterChain.doFilter(ApplicationFilterChain.java:140)
	at org.springframework.web.filter.FormContentFilter.doFilterInternal(FormContentFilter.java:93)
	at org.springframework.web.filter.OncePerRequestFilter.doFilter(OncePerRequestFilter.java:116)
	at org.apache.catalina.core.ApplicationFilterChain.internalDoFilter(ApplicationFilterChain.java:164)
	at org.apache.catalina.core.ApplicationFilterChain.doFilter(ApplicationFilterChain.java:140)
	at org.springframework.web.filter.ServerHttpObservationFilter.doFilterInternal(ServerHttpObservationFilter.java:114)
	at org.springframework.web.filter.OncePerRequestFilter.doFilter(OncePerRequestFilter.java:116)
	at org.apache.catalina.core.ApplicationFilterChain.internalDoFilter(ApplicationFilterChain.java:164)
	at org.apache.catalina.core.ApplicationFilterChain.doFilter(ApplicationFilterChain.java:140)
	at org.springframework.web.filter.CharacterEncodingFilter.doFilterInternal(CharacterEncodingFilter.java:201)
	at org.springframework.web.filter.OncePerRequestFilter.doFilter(OncePerRequestFilter.java:116)
	at org.apache.catalina.core.ApplicationFilterChain.internalDoFilter(ApplicationFilterChain.java:164)
	at org.apache.catalina.core.ApplicationFilterChain.doFilter(ApplicationFilterChain.java:140)
	at org.apache.catalina.core.StandardWrapperValve.invoke(StandardWrapperValve.java:167)
	at org.apache.catalina.core.StandardContextValve.invoke(StandardContextValve.java:90)
	at org.apache.catalina.authenticator.AuthenticatorBase.invoke(AuthenticatorBase.java:483)
	at org.apache.catalina.core.StandardHostValve.invoke(StandardHostValve.java:115)
	at org.apache.catalina.valves.ErrorReportValve.invoke(ErrorReportValve.java:93)
	at org.apache.catalina.core.StandardEngineValve.invoke(StandardEngineValve.java:74)
	at org.apache.catalina.connector.CoyoteAdapter.service(CoyoteAdapter.java:344)
	at org.apache.coyote.http11.Http11Processor.service(Http11Processor.java:397)
	at org.apache.coyote.AbstractProcessorLight.process(AbstractProcessorLight.java:63)
	at org.apache.coyote.AbstractProtocol$ConnectionHandler.process(AbstractProtocol.java:905)
	at org.apache.tomcat.util.net.NioEndpoint$SocketProcessor.doRun(NioEndpoint.java:1741)
	at org.apache.tomcat.util.net.SocketProcessorBase.run(SocketProcessorBase.java:52)
	at org.apache.tomcat.util.threads.ThreadPoolExecutor.runWorker(ThreadPoolExecutor.java:1190)
	at org.apache.tomcat.util.threads.ThreadPoolExecutor$Worker.run(ThreadPoolExecutor.java:659)
	at org.apache.tomcat.util.threads.TaskThread$WrappingRunnable.run(TaskThread.java:63)
	at java.base/java.lang.Thread.run(Thread.java:1583)
2026-03-16 16:57:14 [http-nio-8080-exec-4] DEBUG o.s.w.s.m.m.a.HttpEntityMethodProcessor - Using 'application/json', given [application/json, text/plain, */*] and supported [application/json, application/*+json, application/yaml]
2026-03-16 16:57:14 [http-nio-8080-exec-2] DEBUG o.s.w.s.m.m.a.HttpEntityMethodProcessor - Using 'application/json', given [application/json, text/plain, */*] and supported [application/json, application/*+json, application/yaml]
2026-03-16 16:57:14 [http-nio-8080-exec-4] TRACE o.s.w.s.m.m.a.HttpEntityMethodProcessor - Writing [ApiResponse[success=false, status=500, code=C004, message=예기치 않은 서버 오류가 발생했습니다., data=null, timestamp=2026-03-16T16:57:14.047517500]]
2026-03-16 16:57:14 [http-nio-8080-exec-2] TRACE o.s.w.s.m.m.a.HttpEntityMethodProcessor - Writing [ApiResponse[success=false, status=500, code=C004, message=예기치 않은 서버 오류가 발생했습니다., data=null, timestamp=2026-03-16T16:57:14.049032500]]
2026-03-16 16:57:14 [http-nio-8080-exec-4] DEBUG o.s.w.s.m.m.a.ExceptionHandlerExceptionResolver - Resolved [org.springframework.web.servlet.resource.NoResourceFoundException: No static resource api/v1/admin/system/statistics/connect.]
2026-03-16 16:57:14 [http-nio-8080-exec-2] DEBUG o.s.w.s.m.m.a.ExceptionHandlerExceptionResolver - Resolved [org.springframework.web.servlet.resource.NoResourceFoundException: No static resource api/v1/admin/system/statistics/bbs.]
2026-03-16 16:57:14 [http-nio-8080-exec-4] DEBUG o.s.web.servlet.DispatcherServlet - Completed 500 INTERNAL_SERVER_ERROR
2026-03-16 16:57:14 [http-nio-8080-exec-2] DEBUG o.s.web.servlet.DispatcherServlet - Completed 500 INTERNAL_SERVER_ERROR
2026-03-16 16:57:15 [http-nio-8080-exec-9] DEBUG o.s.orm.jpa.JpaTransactionManager - Found thread-bound EntityManager [SessionImpl(1994673274<open>)] for JPA transaction
2026-03-16 16:57:15 [http-nio-8080-exec-9] DEBUG o.s.orm.jpa.JpaTransactionManager - Participating in existing transaction
2026-03-16 16:57:15 [http-nio-8080-exec-9] DEBUG org.hibernate.SQL - select ua1_0.scrty_dtrmn_trget_id,ua1_0.author_code,ua1_0.frst_register_id,ua1_0.frst_regist_pnttm,ua1_0.last_updusr_id,ua1_0.last_updt_pnttm,ua1_0.mber_ty_code from nemplyrscrtyestbs ua1_0 where ua1_0.scrty_dtrmn_trget_id=?
2026-03-16 16:57:16 [MessageBroker-10] DEBUG o.s.w.s.s.t.h.DefaultSockJsService - Closed 1 sessions: [hxs4kard]
2026-03-16 16:57:17 [http-nio-8080-exec-9] DEBUG o.s.orm.jpa.JpaTransactionManager - Initiating transaction commit
2026-03-16 16:57:17 [http-nio-8080-exec-9] DEBUG o.s.orm.jpa.JpaTransactionManager - Committing JPA transaction on EntityManager [SessionImpl(1994673274<open>)]
2026-03-16 16:57:18 [http-nio-8080-exec-9] DEBUG o.s.orm.jpa.JpaTransactionManager - Closing JPA EntityManager [SessionImpl(1994673274<open>)] after transaction
2026-03-16 16:57:18 [http-nio-8080-exec-9] DEBUG c.c.p.s.jwt.JwtAuthenticationFilter - >>> [JwtFilter] Successfully authenticated user: USRCNFRM_99999999999, Authorities: [ROLE_ADMIN]
2026-03-16 16:57:18 [http-nio-8080-exec-9] DEBUG o.s.web.servlet.DispatcherServlet - GET "/api/v1/menu/left?menuNo=40", parameters={masked}
2026-03-16 16:57:18 [http-nio-8080-exec-9] TRACE o.s.w.s.m.m.a.RequestMappingHandlerMapping - Mapped to com.company.project.api.controller.menu.MenuController#getLeftMenu(Long)
2026-03-16 16:57:18 [http-nio-8080-exec-9] INFO  c.c.p.a.c.menu.MenuController - getLeftMenu called with menuNo=40
2026-03-16 16:57:18 [http-nio-8080-exec-9] DEBUG o.s.orm.jpa.JpaTransactionManager - Creating new transaction with name [com.company.project.service.menu.MenuService.getSubMenus]: PROPAGATION_REQUIRED,ISOLATION_DEFAULT,readOnly
2026-03-16 16:57:18 [http-nio-8080-exec-9] DEBUG o.s.orm.jpa.JpaTransactionManager - Opened new EntityManager [SessionImpl(449129749<open>)] for JPA transaction
2026-03-16 16:57:18 [http-nio-8080-exec-9] DEBUG o.s.orm.jpa.JpaTransactionManager - Exposing JPA transaction as JDBC [org.springframework.orm.jpa.vendor.HibernateJpaDialect$HibernateConnectionHandle@52966968]
2026-03-16 16:57:18 [http-nio-8080-exec-9] DEBUG org.hibernate.SQL - select m1_0.menu_no,m1_0.menu_dc,m1_0.menu_nm,m1_0.menu_ordr,m1_0.modern_route,m1_0.progrm_file_nm,m1_0.relate_image_nm,m1_0.relate_image_path,m1_0.route_updated_at,m1_0.upper_menu_no from nmenuinfo m1_0 order by m1_0.upper_menu_no,m1_0.menu_ordr
2026-03-16 16:57:20 [http-nio-8080-exec-9] DEBUG o.s.orm.jpa.JpaTransactionManager - Found thread-bound EntityManager [SessionImpl(449129749<open>)] for JPA transaction
2026-03-16 16:57:20 [http-nio-8080-exec-9] DEBUG o.s.orm.jpa.JpaTransactionManager - Participating in existing transaction
2026-03-16 16:57:20 [http-nio-8080-exec-9] DEBUG org.hibernate.SQL - select p1_0.progrm_file_nm,p1_0.progrm_dc,p1_0.progrm_korean_nm,p1_0.progrm_stre_path,p1_0.url from nprogrmlist p1_0
2026-03-16 16:57:21 [http-nio-8080-exec-9] DEBUG o.s.orm.jpa.JpaTransactionManager - Initiating transaction commit
2026-03-16 16:57:21 [http-nio-8080-exec-9] DEBUG o.s.orm.jpa.JpaTransactionManager - Committing JPA transaction on EntityManager [SessionImpl(449129749<open>)]
2026-03-16 16:57:22 [http-nio-8080-exec-9] DEBUG o.s.orm.jpa.JpaTransactionManager - Closing JPA EntityManager [SessionImpl(449129749<open>)] after transaction
2026-03-16 16:57:22 [http-nio-8080-exec-9] INFO  c.c.p.a.c.menu.MenuController - getLeftMenu returned 2 items
2026-03-16 16:57:22 [http-nio-8080-exec-9] DEBUG o.s.w.s.m.m.a.HttpEntityMethodProcessor - Using 'application/json', given [application/json, text/plain, */*] and supported [application/json, application/*+json, application/yaml]
2026-03-16 16:57:22 [http-nio-8080-exec-9] TRACE o.s.w.s.m.m.a.HttpEntityMethodProcessor - Writing [ApiResponse[success=true, status=200, code=COMMON_001, message=Success, data={list=[com.company.project.service.menu.dto.MenuDto@534870dd, com.company.project.service.menu.dto.MenuDto@4475ad4a]}, timestamp=2026-03-16T16:57:22.238447600]]
2026-03-16 16:57:22 [http-nio-8080-exec-9] INFO  c.c.p.a.i.OperationalAuditInterceptor - API Audit Log: URL=/api/v1/menu/left, User=webmaster, IP=127.0.0.1
2026-03-16 16:57:22 [http-nio-8080-exec-9] DEBUG o.s.web.servlet.DispatcherServlet - Completed 200 OK
2026-03-16 16:57:22 [http-nio-8080-exec-8] DEBUG c.c.p.s.jwt.JwtAuthenticationFilter - >>> [JwtFilter] Processing request: GET /api/v1/menu/left
2026-03-16 16:57:22 [http-nio-8080-exec-8] DEBUG c.c.p.s.jwt.JwtAuthenticationFilter - >>> [JwtFilter] Found token in header for path: /api/v1/menu/left
2026-03-16 16:57:22 [http-nio-8080-exec-8] DEBUG o.s.orm.jpa.JpaTransactionManager - Creating new transaction with name [com.company.project.security.iam.CustomUserDetailsService.loadUserByUsername]: PROPAGATION_REQUIRED,ISOLATION_DEFAULT,readOnly
2026-03-16 16:57:22 [http-nio-8080-exec-8] DEBUG o.s.orm.jpa.JpaTransactionManager - Opened new EntityManager [SessionImpl(206165776<open>)] for JPA transaction
2026-03-16 16:57:22 [http-nio-8080-exec-8] DEBUG o.s.orm.jpa.JpaTransactionManager - Exposing JPA transaction as JDBC [org.springframework.orm.jpa.vendor.HibernateJpaDialect$HibernateConnectionHandle@1a284f3e]
2026-03-16 16:57:22 [http-nio-8080-exec-8] DEBUG o.s.orm.jpa.JpaTransactionManager - Found thread-bound EntityManager [SessionImpl(206165776<open>)] for JPA transaction
2026-03-16 16:57:22 [http-nio-8080-exec-8] DEBUG o.s.orm.jpa.JpaTransactionManager - Participating in existing transaction
2026-03-16 16:57:22 [http-nio-8080-exec-8] DEBUG org.hibernate.SQL - select u1_0.emplyr_id,u1_0.area_no,u1_0.brthdy,u1_0.chg_pwd_cnt,u1_0.frst_register_id,u1_0.frst_regist_pnttm,u1_0.detail_adres,u1_0.email_adres,u1_0.emplyr_sttus_code,u1_0.empl_no,u1_0.esntl_id,u1_0.fxnum,u1_0.group_id,u1_0.house_adres,u1_0.house_end_telno,u1_0.house_middle_telno,u1_0.ihidnum,u1_0.pstinst_code,u1_0.last_updusr_id,u1_0.last_updt_pnttm,u1_0.lock_at,u1_0.lock_cnt,u1_0.lock_last_pnttm,u1_0.mbtlnum,u1_0.ofcps_nm,u1_0.offm_telno,u1_0.orgnzt_id,u1_0.password,u1_0.password_cnsr,u1_0.password_hint,u1_0.chg_pwd_last_pnttm,u1_0.role,u1_0.sbscrb_de,u1_0.sexdstn_code,u1_0.crtfc_dn_value,u1_0.user_nm,u1_0.zip from nemplyrinfo u1_0 where u1_0.emplyr_id=?
2026-03-16 16:57:22 [http-nio-8080-exec-8] DEBUG o.s.orm.jpa.JpaTransactionManager - Found thread-bound EntityManager [SessionImpl(206165776<open>)] for JPA transaction
2026-03-16 16:57:22 [http-nio-8080-exec-8] DEBUG o.s.orm.jpa.JpaTransactionManager - Participating in existing transaction
2026-03-16 16:57:22 [http-nio-8080-exec-8] DEBUG org.hibernate.SQL - select ua1_0.scrty_dtrmn_trget_id,ua1_0.author_code,ua1_0.frst_register_id,ua1_0.frst_regist_pnttm,ua1_0.last_updusr_id,ua1_0.last_updt_pnttm,ua1_0.mber_ty_code from nemplyrscrtyestbs ua1_0 where ua1_0.scrty_dtrmn_trget_id=?
2026-03-16 16:57:23 [http-nio-8080-exec-8] DEBUG o.s.orm.jpa.JpaTransactionManager - Initiating transaction commit
2026-03-16 16:57:23 [http-nio-8080-exec-8] DEBUG o.s.orm.jpa.JpaTransactionManager - Committing JPA transaction on EntityManager [SessionImpl(206165776<open>)]
2026-03-16 16:57:23 [http-nio-8080-exec-8] DEBUG o.s.orm.jpa.JpaTransactionManager - Closing JPA EntityManager [SessionImpl(206165776<open>)] after transaction
2026-03-16 16:57:23 [http-nio-8080-exec-8] DEBUG c.c.p.s.jwt.JwtAuthenticationFilter - >>> [JwtFilter] Successfully authenticated user: USRCNFRM_99999999999, Authorities: [ROLE_ADMIN]
2026-03-16 16:57:23 [http-nio-8080-exec-8] DEBUG o.s.web.servlet.DispatcherServlet - GET "/api/v1/menu/left?menuNo=50", parameters={masked}
2026-03-16 16:57:23 [http-nio-8080-exec-8] TRACE o.s.w.s.m.m.a.RequestMappingHandlerMapping - Mapped to com.company.project.api.controller.menu.MenuController#getLeftMenu(Long)
2026-03-16 16:57:23 [http-nio-8080-exec-8] INFO  c.c.p.a.c.menu.MenuController - getLeftMenu called with menuNo=50
2026-03-16 16:57:23 [http-nio-8080-exec-8] DEBUG o.s.orm.jpa.JpaTransactionManager - Creating new transaction with name [com.company.project.service.menu.MenuService.getSubMenus]: PROPAGATION_REQUIRED,ISOLATION_DEFAULT,readOnly
2026-03-16 16:57:23 [http-nio-8080-exec-8] DEBUG o.s.orm.jpa.JpaTransactionManager - Opened new EntityManager [SessionImpl(1390128051<open>)] for JPA transaction
2026-03-16 16:57:23 [http-nio-8080-exec-8] DEBUG o.s.orm.jpa.JpaTransactionManager - Exposing JPA transaction as JDBC [org.springframework.orm.jpa.vendor.HibernateJpaDialect$HibernateConnectionHandle@20cb52bf]
2026-03-16 16:57:23 [http-nio-8080-exec-8] DEBUG org.hibernate.SQL - select m1_0.menu_no,m1_0.menu_dc,m1_0.menu_nm,m1_0.menu_ordr,m1_0.modern_route,m1_0.progrm_file_nm,m1_0.relate_image_nm,m1_0.relate_image_path,m1_0.route_updated_at,m1_0.upper_menu_no from nmenuinfo m1_0 order by m1_0.upper_menu_no,m1_0.menu_ordr
2026-03-16 16:57:24 [http-nio-8080-exec-8] DEBUG o.s.orm.jpa.JpaTransactionManager - Found thread-bound EntityManager [SessionImpl(1390128051<open>)] for JPA transaction
2026-03-16 16:57:24 [http-nio-8080-exec-8] DEBUG o.s.orm.jpa.JpaTransactionManager - Participating in existing transaction
2026-03-16 16:57:24 [http-nio-8080-exec-8] DEBUG org.hibernate.SQL - select p1_0.progrm_file_nm,p1_0.progrm_dc,p1_0.progrm_korean_nm,p1_0.progrm_stre_path,p1_0.url from nprogrmlist p1_0
2026-03-16 16:57:25 [http-nio-8080-exec-8] DEBUG o.s.orm.jpa.JpaTransactionManager - Initiating transaction commit
2026-03-16 16:57:25 [http-nio-8080-exec-8] DEBUG o.s.orm.jpa.JpaTransactionManager - Committing JPA transaction on EntityManager [SessionImpl(1390128051<open>)]
2026-03-16 16:57:25 [http-nio-8080-exec-8] DEBUG o.s.orm.jpa.JpaTransactionManager - Closing JPA EntityManager [SessionImpl(1390128051<open>)] after transaction
2026-03-16 16:57:25 [http-nio-8080-exec-8] INFO  c.c.p.a.c.menu.MenuController - getLeftMenu returned 3 items
2026-03-16 16:57:25 [http-nio-8080-exec-8] DEBUG o.s.w.s.m.m.a.HttpEntityMethodProcessor - Using 'application/json', given [application/json, text/plain, */*] and supported [application/json, application/*+json, application/yaml]
2026-03-16 16:57:25 [http-nio-8080-exec-8] TRACE o.s.w.s.m.m.a.HttpEntityMethodProcessor - Writing [ApiResponse[success=true, status=200, code=COMMON_001, message=Success, data={list=[com.company.project.service.menu.dto.MenuDto@28e4ddf8, com.company.project.service.menu.dto.MenuDto@2c904744, com.company.project.service.menu.dto.MenuDto@101404f1]}, timestamp=2026-03-16T16:57:25.245305900]]
2026-03-16 16:57:25 [http-nio-8080-exec-8] INFO  c.c.p.a.i.OperationalAuditInterceptor - API Audit Log: URL=/api/v1/menu/left, User=webmaster, IP=127.0.0.1
2026-03-16 16:57:25 [http-nio-8080-exec-8] DEBUG o.s.web.servlet.DispatcherServlet - Completed 200 OK
2026-03-16 16:57:25 [http-nio-8080-exec-6] DEBUG c.c.p.s.jwt.JwtAuthenticationFilter - >>> [JwtFilter] Processing request: GET /api/v1/menu/left
2026-03-16 16:57:25 [http-nio-8080-exec-6] DEBUG c.c.p.s.jwt.JwtAuthenticationFilter - >>> [JwtFilter] Found token in header for path: /api/v1/menu/left
2026-03-16 16:57:25 [http-nio-8080-exec-6] DEBUG o.s.orm.jpa.JpaTransactionManager - Creating new transaction with name [com.company.project.security.iam.CustomUserDetailsService.loadUserByUsername]: PROPAGATION_REQUIRED,ISOLATION_DEFAULT,readOnly
2026-03-16 16:57:25 [http-nio-8080-exec-6] DEBUG o.s.orm.jpa.JpaTransactionManager - Opened new EntityManager [SessionImpl(1820649414<open>)] for JPA transaction
2026-03-16 16:57:25 [http-nio-8080-exec-6] DEBUG o.s.orm.jpa.JpaTransactionManager - Exposing JPA transaction as JDBC [org.springframework.orm.jpa.vendor.HibernateJpaDialect$HibernateConnectionHandle@3e54747f]
2026-03-16 16:57:25 [http-nio-8080-exec-6] DEBUG o.s.orm.jpa.JpaTransactionManager - Found thread-bound EntityManager [SessionImpl(1820649414<open>)] for JPA transaction
2026-03-16 16:57:25 [http-nio-8080-exec-6] DEBUG o.s.orm.jpa.JpaTransactionManager - Participating in existing transaction
2026-03-16 16:57:25 [http-nio-8080-exec-6] DEBUG org.hibernate.SQL - select u1_0.emplyr_id,u1_0.area_no,u1_0.brthdy,u1_0.chg_pwd_cnt,u1_0.frst_register_id,u1_0.frst_regist_pnttm,u1_0.detail_adres,u1_0.email_adres,u1_0.emplyr_sttus_code,u1_0.empl_no,u1_0.esntl_id,u1_0.fxnum,u1_0.group_id,u1_0.house_adres,u1_0.house_end_telno,u1_0.house_middle_telno,u1_0.ihidnum,u1_0.pstinst_code,u1_0.last_updusr_id,u1_0.last_updt_pnttm,u1_0.lock_at,u1_0.lock_cnt,u1_0.lock_last_pnttm,u1_0.mbtlnum,u1_0.ofcps_nm,u1_0.offm_telno,u1_0.orgnzt_id,u1_0.password,u1_0.password_cnsr,u1_0.password_hint,u1_0.chg_pwd_last_pnttm,u1_0.role,u1_0.sbscrb_de,u1_0.sexdstn_code,u1_0.crtfc_dn_value,u1_0.user_nm,u1_0.zip from nemplyrinfo u1_0 where u1_0.emplyr_id=?
2026-03-16 16:57:25 [http-nio-8080-exec-6] DEBUG o.s.orm.jpa.JpaTransactionManager - Found thread-bound EntityManager [SessionImpl(1820649414<open>)] for JPA transaction
2026-03-16 16:57:25 [http-nio-8080-exec-6] DEBUG o.s.orm.jpa.JpaTransactionManager - Participating in existing transaction
2026-03-16 16:57:25 [http-nio-8080-exec-6] DEBUG org.hibernate.SQL - select ua1_0.scrty_dtrmn_trget_id,ua1_0.author_code,ua1_0.frst_register_id,ua1_0.frst_regist_pnttm,ua1_0.last_updusr_id,ua1_0.last_updt_pnttm,ua1_0.mber_ty_code from nemplyrscrtyestbs ua1_0 where ua1_0.scrty_dtrmn_trget_id=?
2026-03-16 16:57:25 [http-nio-8080-exec-6] DEBUG o.s.orm.jpa.JpaTransactionManager - Initiating transaction commit
2026-03-16 16:57:25 [http-nio-8080-exec-6] DEBUG o.s.orm.jpa.JpaTransactionManager - Committing JPA transaction on EntityManager [SessionImpl(1820649414<open>)]
2026-03-16 16:57:26 [http-nio-8080-exec-6] DEBUG o.s.orm.jpa.JpaTransactionManager - Closing JPA EntityManager [SessionImpl(1820649414<open>)] after transaction
2026-03-16 16:57:26 [http-nio-8080-exec-6] DEBUG c.c.p.s.jwt.JwtAuthenticationFilter - >>> [JwtFilter] Successfully authenticated user: USRCNFRM_99999999999, Authorities: [ROLE_ADMIN]
2026-03-16 16:57:26 [http-nio-8080-exec-6] DEBUG o.s.web.servlet.DispatcherServlet - GET "/api/v1/menu/left?menuNo=60", parameters={masked}
2026-03-16 16:57:26 [http-nio-8080-exec-6] TRACE o.s.w.s.m.m.a.RequestMappingHandlerMapping - Mapped to com.company.project.api.controller.menu.MenuController#getLeftMenu(Long)
2026-03-16 16:57:26 [http-nio-8080-exec-6] INFO  c.c.p.a.c.menu.MenuController - getLeftMenu called with menuNo=60
2026-03-16 16:57:26 [http-nio-8080-exec-6] DEBUG o.s.orm.jpa.JpaTransactionManager - Creating new transaction with name [com.company.project.service.menu.MenuService.getSubMenus]: PROPAGATION_REQUIRED,ISOLATION_DEFAULT,readOnly
2026-03-16 16:57:26 [http-nio-8080-exec-6] DEBUG o.s.orm.jpa.JpaTransactionManager - Opened new EntityManager [SessionImpl(1838658474<open>)] for JPA transaction
2026-03-16 16:57:26 [http-nio-8080-exec-6] DEBUG o.s.orm.jpa.JpaTransactionManager - Exposing JPA transaction as JDBC [org.springframework.orm.jpa.vendor.HibernateJpaDialect$HibernateConnectionHandle@24142494]
2026-03-16 16:57:26 [http-nio-8080-exec-6] DEBUG org.hibernate.SQL - select m1_0.menu_no,m1_0.menu_dc,m1_0.menu_nm,m1_0.menu_ordr,m1_0.modern_route,m1_0.progrm_file_nm,m1_0.relate_image_nm,m1_0.relate_image_path,m1_0.route_updated_at,m1_0.upper_menu_no from nmenuinfo m1_0 order by m1_0.upper_menu_no,m1_0.menu_ordr
2026-03-16 16:57:26 [http-nio-8080-exec-6] DEBUG o.s.orm.jpa.JpaTransactionManager - Found thread-bound EntityManager [SessionImpl(1838658474<open>)] for JPA transaction
2026-03-16 16:57:26 [http-nio-8080-exec-6] DEBUG o.s.orm.jpa.JpaTransactionManager - Participating in existing transaction
2026-03-16 16:57:26 [http-nio-8080-exec-6] DEBUG org.hibernate.SQL - select p1_0.progrm_file_nm,p1_0.progrm_dc,p1_0.progrm_korean_nm,p1_0.progrm_stre_path,p1_0.url from nprogrmlist p1_0
2026-03-16 16:57:26 [http-nio-8080-exec-6] DEBUG o.s.orm.jpa.JpaTransactionManager - Initiating transaction commit
2026-03-16 16:57:26 [http-nio-8080-exec-6] DEBUG o.s.orm.jpa.JpaTransactionManager - Committing JPA transaction on EntityManager [SessionImpl(1838658474<open>)]
2026-03-16 16:57:26 [http-nio-8080-exec-6] DEBUG o.s.orm.jpa.JpaTransactionManager - Closing JPA EntityManager [SessionImpl(1838658474<open>)] after transaction
2026-03-16 16:57:26 [http-nio-8080-exec-6] INFO  c.c.p.a.c.menu.MenuController - getLeftMenu returned 1 items
2026-03-16 16:57:26 [http-nio-8080-exec-6] DEBUG o.s.w.s.m.m.a.HttpEntityMethodProcessor - Using 'application/json', given [application/json, text/plain, */*] and supported [application/json, application/*+json, application/yaml]
2026-03-16 16:57:26 [http-nio-8080-exec-6] TRACE o.s.w.s.m.m.a.HttpEntityMethodProcessor - Writing [ApiResponse[success=true, status=200, code=COMMON_001, message=Success, data={list=[com.company.project.service.menu.dto.MenuDto@731aeedb]}, timestamp=2026-03-16T16:57:26.819341900]]
2026-03-16 16:57:26 [http-nio-8080-exec-6] INFO  c.c.p.a.i.OperationalAuditInterceptor - API Audit Log: URL=/api/v1/menu/left, User=webmaster, IP=127.0.0.1
2026-03-16 16:57:26 [http-nio-8080-exec-6] DEBUG o.s.web.servlet.DispatcherServlet - Completed 200 OK
2026-03-16 16:57:27 [http-nio-8080-exec-5] DEBUG c.c.p.s.jwt.JwtAuthenticationFilter - >>> [JwtFilter] Processing request: GET /api/v1/menu/head
2026-03-16 16:57:27 [http-nio-8080-exec-5] DEBUG c.c.p.s.jwt.JwtAuthenticationFilter - >>> [JwtFilter] Found token in header for path: /api/v1/menu/head
2026-03-16 16:57:27 [http-nio-8080-exec-5] DEBUG o.s.orm.jpa.JpaTransactionManager - Creating new transaction with name [com.company.project.security.iam.CustomUserDetailsService.loadUserByUsername]: PROPAGATION_REQUIRED,ISOLATION_DEFAULT,readOnly
2026-03-16 16:57:27 [http-nio-8080-exec-5] DEBUG o.s.orm.jpa.JpaTransactionManager - Opened new EntityManager [SessionImpl(2105551605<open>)] for JPA transaction
2026-03-16 16:57:27 [http-nio-8080-exec-5] DEBUG o.s.orm.jpa.JpaTransactionManager - Exposing JPA transaction as JDBC [org.springframework.orm.jpa.vendor.HibernateJpaDialect$HibernateConnectionHandle@2227f58d]
2026-03-16 16:57:27 [http-nio-8080-exec-5] DEBUG o.s.orm.jpa.JpaTransactionManager - Found thread-bound EntityManager [SessionImpl(2105551605<open>)] for JPA transaction
2026-03-16 16:57:27 [http-nio-8080-exec-5] DEBUG o.s.orm.jpa.JpaTransactionManager - Participating in existing transaction
2026-03-16 16:57:27 [http-nio-8080-exec-5] DEBUG org.hibernate.SQL - select u1_0.emplyr_id,u1_0.area_no,u1_0.brthdy,u1_0.chg_pwd_cnt,u1_0.frst_register_id,u1_0.frst_regist_pnttm,u1_0.detail_adres,u1_0.email_adres,u1_0.emplyr_sttus_code,u1_0.empl_no,u1_0.esntl_id,u1_0.fxnum,u1_0.group_id,u1_0.house_adres,u1_0.house_end_telno,u1_0.house_middle_telno,u1_0.ihidnum,u1_0.pstinst_code,u1_0.last_updusr_id,u1_0.last_updt_pnttm,u1_0.lock_at,u1_0.lock_cnt,u1_0.lock_last_pnttm,u1_0.mbtlnum,u1_0.ofcps_nm,u1_0.offm_telno,u1_0.orgnzt_id,u1_0.password,u1_0.password_cnsr,u1_0.password_hint,u1_0.chg_pwd_last_pnttm,u1_0.role,u1_0.sbscrb_de,u1_0.sexdstn_code,u1_0.crtfc_dn_value,u1_0.user_nm,u1_0.zip from nemplyrinfo u1_0 where u1_0.emplyr_id=?
2026-03-16 16:57:27 [http-nio-8080-exec-5] DEBUG o.s.orm.jpa.JpaTransactionManager - Found thread-bound EntityManager [SessionImpl(2105551605<open>)] for JPA transaction
2026-03-16 16:57:27 [http-nio-8080-exec-5] DEBUG o.s.orm.jpa.JpaTransactionManager - Participating in existing transaction
2026-03-16 16:57:27 [http-nio-8080-exec-5] DEBUG org.hibernate.SQL - select ua1_0.scrty_dtrmn_trget_id,ua1_0.author_code,ua1_0.frst_register_id,ua1_0.frst_regist_pnttm,ua1_0.last_updusr_id,ua1_0.last_updt_pnttm,ua1_0.mber_ty_code from nemplyrscrtyestbs ua1_0 where ua1_0.scrty_dtrmn_trget_id=?
2026-03-16 16:57:27 [http-nio-8080-exec-5] DEBUG o.s.orm.jpa.JpaTransactionManager - Initiating transaction commit
2026-03-16 16:57:27 [http-nio-8080-exec-5] DEBUG o.s.orm.jpa.JpaTransactionManager - Committing JPA transaction on EntityManager [SessionImpl(2105551605<open>)]
2026-03-16 16:57:28 [http-nio-8080-exec-5] DEBUG o.s.orm.jpa.JpaTransactionManager - Closing JPA EntityManager [SessionImpl(2105551605<open>)] after transaction
2026-03-16 16:57:28 [http-nio-8080-exec-5] DEBUG c.c.p.s.jwt.JwtAuthenticationFilter - >>> [JwtFilter] Successfully authenticated user: USRCNFRM_99999999999, Authorities: [ROLE_ADMIN]
2026-03-16 16:57:28 [http-nio-8080-exec-5] DEBUG o.s.web.servlet.DispatcherServlet - GET "/api/v1/menu/head", parameters={}
2026-03-16 16:57:28 [http-nio-8080-exec-5] TRACE o.s.w.s.m.m.a.RequestMappingHandlerMapping - Mapped to com.company.project.api.controller.menu.MenuController#getHeadMenu()
2026-03-16 16:57:28 [http-nio-8080-exec-5] INFO  c.c.p.a.c.menu.MenuController - getHeadMenu called
2026-03-16 16:57:28 [http-nio-8080-exec-5] INFO  c.c.p.a.c.menu.MenuController - getHeadMenu returned 5 items
2026-03-16 16:57:28 [http-nio-8080-exec-5] DEBUG o.s.w.s.m.m.a.HttpEntityMethodProcessor - Using 'application/json', given [application/json, text/plain, */*] and supported [application/json, application/*+json, application/yaml]
2026-03-16 16:57:28 [http-nio-8080-exec-5] TRACE o.s.w.s.m.m.a.HttpEntityMethodProcessor - Writing [ApiResponse[success=true, status=200, code=COMMON_001, message=Success, data={list=[com.company.project.service.menu.dto.MenuDto@2b80d6b0, com.company.project.service.menu.dto.MenuDto@1418cfa3, com.company.project.service.menu.dto.MenuDto@f230bf1, com.company.project.service.menu.dto.MenuDto@734a7f6a, com.company.project.service.menu.dto.MenuDto@5e5202e5]}, timestamp=2026-03-16T16:57:28.011665800]]
2026-03-16 16:57:28 [http-nio-8080-exec-5] INFO  c.c.p.a.i.OperationalAuditInterceptor - API Audit Log: URL=/api/v1/menu/head, User=webmaster, IP=0:0:0:0:0:0:0:1
2026-03-16 16:57:28 [http-nio-8080-exec-5] DEBUG o.s.web.servlet.DispatcherServlet - Completed 200 OK
2026-03-16 16:57:28 [http-nio-8080-exec-3] DEBUG c.c.p.s.jwt.JwtAuthenticationFilter - >>> [JwtFilter] Processing request: GET /api/v1/menu/left
2026-03-16 16:57:28 [http-nio-8080-exec-3] DEBUG c.c.p.s.jwt.JwtAuthenticationFilter - >>> [JwtFilter] Found token in header for path: /api/v1/menu/left
2026-03-16 16:57:28 [http-nio-8080-exec-3] DEBUG o.s.orm.jpa.JpaTransactionManager - Creating new transaction with name [com.company.project.security.iam.CustomUserDetailsService.loadUserByUsername]: PROPAGATION_REQUIRED,ISOLATION_DEFAULT,readOnly
2026-03-16 16:57:28 [http-nio-8080-exec-3] DEBUG o.s.orm.jpa.JpaTransactionManager - Opened new EntityManager [SessionImpl(531523214<open>)] for JPA transaction
2026-03-16 16:57:28 [http-nio-8080-exec-1] DEBUG c.c.p.s.jwt.JwtAuthenticationFilter - >>> [JwtFilter] Processing request: GET /api/v1/menu/left
2026-03-16 16:57:28 [http-nio-8080-exec-10] DEBUG c.c.p.s.jwt.JwtAuthenticationFilter - >>> [JwtFilter] Processing request: GET /api/v1/menu/left
2026-03-16 16:57:28 [http-nio-8080-exec-1] DEBUG c.c.p.s.jwt.JwtAuthenticationFilter - >>> [JwtFilter] Found token in header for path: /api/v1/menu/left
2026-03-16 16:57:28 [http-nio-8080-exec-10] DEBUG c.c.p.s.jwt.JwtAuthenticationFilter - >>> [JwtFilter] Found token in header for path: /api/v1/menu/left
2026-03-16 16:57:28 [http-nio-8080-exec-2] DEBUG c.c.p.s.jwt.JwtAuthenticationFilter - >>> [JwtFilter] Processing request: GET /api/v1/menu/left
2026-03-16 16:57:28 [http-nio-8080-exec-1] DEBUG o.s.orm.jpa.JpaTransactionManager - Creating new transaction with name [com.company.project.security.iam.CustomUserDetailsService.loadUserByUsername]: PROPAGATION_REQUIRED,ISOLATION_DEFAULT,readOnly
2026-03-16 16:57:28 [http-nio-8080-exec-2] DEBUG c.c.p.s.jwt.JwtAuthenticationFilter - >>> [JwtFilter] Found token in header for path: /api/v1/menu/left
2026-03-16 16:57:28 [http-nio-8080-exec-4] DEBUG c.c.p.s.jwt.JwtAuthenticationFilter - >>> [JwtFilter] Processing request: GET /api/v1/menu/left
2026-03-16 16:57:28 [http-nio-8080-exec-1] DEBUG o.s.orm.jpa.JpaTransactionManager - Opened new EntityManager [SessionImpl(2028493777<open>)] for JPA transaction
2026-03-16 16:57:28 [http-nio-8080-exec-4] DEBUG c.c.p.s.jwt.JwtAuthenticationFilter - >>> [JwtFilter] Found token in header for path: /api/v1/menu/left
2026-03-16 16:57:28 [http-nio-8080-exec-10] DEBUG o.s.orm.jpa.JpaTransactionManager - Creating new transaction with name [com.company.project.security.iam.CustomUserDetailsService.loadUserByUsername]: PROPAGATION_REQUIRED,ISOLATION_DEFAULT,readOnly
2026-03-16 16:57:28 [http-nio-8080-exec-10] DEBUG o.s.orm.jpa.JpaTransactionManager - Opened new EntityManager [SessionImpl(229181973<open>)] for JPA transaction
2026-03-16 16:57:28 [http-nio-8080-exec-2] DEBUG o.s.orm.jpa.JpaTransactionManager - Creating new transaction with name [com.company.project.security.iam.CustomUserDetailsService.loadUserByUsername]: PROPAGATION_REQUIRED,ISOLATION_DEFAULT,readOnly
2026-03-16 16:57:28 [http-nio-8080-exec-4] DEBUG o.s.orm.jpa.JpaTransactionManager - Creating new transaction with name [com.company.project.security.iam.CustomUserDetailsService.loadUserByUsername]: PROPAGATION_REQUIRED,ISOLATION_DEFAULT,readOnly
2026-03-16 16:57:28 [http-nio-8080-exec-2] DEBUG o.s.orm.jpa.JpaTransactionManager - Opened new EntityManager [SessionImpl(1519873061<open>)] for JPA transaction
2026-03-16 16:57:28 [http-nio-8080-exec-4] DEBUG o.s.orm.jpa.JpaTransactionManager - Opened new EntityManager [SessionImpl(779424749<open>)] for JPA transaction
2026-03-16 16:57:28 [http-nio-8080-exec-4] DEBUG o.s.orm.jpa.JpaTransactionManager - Exposing JPA transaction as JDBC [org.springframework.orm.jpa.vendor.HibernateJpaDialect$HibernateConnectionHandle@44a1765d]
2026-03-16 16:57:28 [http-nio-8080-exec-2] DEBUG o.s.orm.jpa.JpaTransactionManager - Exposing JPA transaction as JDBC [org.springframework.orm.jpa.vendor.HibernateJpaDialect$HibernateConnectionHandle@3ef87e0a]
2026-03-16 16:57:28 [http-nio-8080-exec-1] DEBUG o.s.orm.jpa.JpaTransactionManager - Exposing JPA transaction as JDBC [org.springframework.orm.jpa.vendor.HibernateJpaDialect$HibernateConnectionHandle@2b89c86d]
2026-03-16 16:57:28 [http-nio-8080-exec-4] DEBUG o.s.orm.jpa.JpaTransactionManager - Found thread-bound EntityManager [SessionImpl(779424749<open>)] for JPA transaction
2026-03-16 16:57:28 [http-nio-8080-exec-4] DEBUG o.s.orm.jpa.JpaTransactionManager - Participating in existing transaction
2026-03-16 16:57:28 [http-nio-8080-exec-1] DEBUG o.s.orm.jpa.JpaTransactionManager - Found thread-bound EntityManager [SessionImpl(2028493777<open>)] for JPA transaction
2026-03-16 16:57:28 [http-nio-8080-exec-1] DEBUG o.s.orm.jpa.JpaTransactionManager - Participating in existing transaction
2026-03-16 16:57:28 [http-nio-8080-exec-2] DEBUG o.s.orm.jpa.JpaTransactionManager - Found thread-bound EntityManager [SessionImpl(1519873061<open>)] for JPA transaction
2026-03-16 16:57:28 [http-nio-8080-exec-4] DEBUG org.hibernate.SQL - select u1_0.emplyr_id,u1_0.area_no,u1_0.brthdy,u1_0.chg_pwd_cnt,u1_0.frst_register_id,u1_0.frst_regist_pnttm,u1_0.detail_adres,u1_0.email_adres,u1_0.emplyr_sttus_code,u1_0.empl_no,u1_0.esntl_id,u1_0.fxnum,u1_0.group_id,u1_0.house_adres,u1_0.house_end_telno,u1_0.house_middle_telno,u1_0.ihidnum,u1_0.pstinst_code,u1_0.last_updusr_id,u1_0.last_updt_pnttm,u1_0.lock_at,u1_0.lock_cnt,u1_0.lock_last_pnttm,u1_0.mbtlnum,u1_0.ofcps_nm,u1_0.offm_telno,u1_0.orgnzt_id,u1_0.password,u1_0.password_cnsr,u1_0.password_hint,u1_0.chg_pwd_last_pnttm,u1_0.role,u1_0.sbscrb_de,u1_0.sexdstn_code,u1_0.crtfc_dn_value,u1_0.user_nm,u1_0.zip from nemplyrinfo u1_0 where u1_0.emplyr_id=?
2026-03-16 16:57:28 [http-nio-8080-exec-1] DEBUG org.hibernate.SQL - select u1_0.emplyr_id,u1_0.area_no,u1_0.brthdy,u1_0.chg_pwd_cnt,u1_0.frst_register_id,u1_0.frst_regist_pnttm,u1_0.detail_adres,u1_0.email_adres,u1_0.emplyr_sttus_code,u1_0.empl_no,u1_0.esntl_id,u1_0.fxnum,u1_0.group_id,u1_0.house_adres,u1_0.house_end_telno,u1_0.house_middle_telno,u1_0.ihidnum,u1_0.pstinst_code,u1_0.last_updusr_id,u1_0.last_updt_pnttm,u1_0.lock_at,u1_0.lock_cnt,u1_0.lock_last_pnttm,u1_0.mbtlnum,u1_0.ofcps_nm,u1_0.offm_telno,u1_0.orgnzt_id,u1_0.password,u1_0.password_cnsr,u1_0.password_hint,u1_0.chg_pwd_last_pnttm,u1_0.role,u1_0.sbscrb_de,u1_0.sexdstn_code,u1_0.crtfc_dn_value,u1_0.user_nm,u1_0.zip from nemplyrinfo u1_0 where u1_0.emplyr_id=?
2026-03-16 16:57:28 [http-nio-8080-exec-2] DEBUG o.s.orm.jpa.JpaTransactionManager - Participating in existing transaction
2026-03-16 16:57:28 [http-nio-8080-exec-2] DEBUG org.hibernate.SQL - select u1_0.emplyr_id,u1_0.area_no,u1_0.brthdy,u1_0.chg_pwd_cnt,u1_0.frst_register_id,u1_0.frst_regist_pnttm,u1_0.detail_adres,u1_0.email_adres,u1_0.emplyr_sttus_code,u1_0.empl_no,u1_0.esntl_id,u1_0.fxnum,u1_0.group_id,u1_0.house_adres,u1_0.house_end_telno,u1_0.house_middle_telno,u1_0.ihidnum,u1_0.pstinst_code,u1_0.last_updusr_id,u1_0.last_updt_pnttm,u1_0.lock_at,u1_0.lock_cnt,u1_0.lock_last_pnttm,u1_0.mbtlnum,u1_0.ofcps_nm,u1_0.offm_telno,u1_0.orgnzt_id,u1_0.password,u1_0.password_cnsr,u1_0.password_hint,u1_0.chg_pwd_last_pnttm,u1_0.role,u1_0.sbscrb_de,u1_0.sexdstn_code,u1_0.crtfc_dn_value,u1_0.user_nm,u1_0.zip from nemplyrinfo u1_0 where u1_0.emplyr_id=?
2026-03-16 16:57:28 [http-nio-8080-exec-3] DEBUG o.s.orm.jpa.JpaTransactionManager - Exposing JPA transaction as JDBC [org.springframework.orm.jpa.vendor.HibernateJpaDialect$HibernateConnectionHandle@4cf7bb37]
2026-03-16 16:57:28 [http-nio-8080-exec-3] DEBUG o.s.orm.jpa.JpaTransactionManager - Found thread-bound EntityManager [SessionImpl(531523214<open>)] for JPA transaction
2026-03-16 16:57:28 [http-nio-8080-exec-3] DEBUG o.s.orm.jpa.JpaTransactionManager - Participating in existing transaction
2026-03-16 16:57:28 [http-nio-8080-exec-3] DEBUG org.hibernate.SQL - select u1_0.emplyr_id,u1_0.area_no,u1_0.brthdy,u1_0.chg_pwd_cnt,u1_0.frst_register_id,u1_0.frst_regist_pnttm,u1_0.detail_adres,u1_0.email_adres,u1_0.emplyr_sttus_code,u1_0.empl_no,u1_0.esntl_id,u1_0.fxnum,u1_0.group_id,u1_0.house_adres,u1_0.house_end_telno,u1_0.house_middle_telno,u1_0.ihidnum,u1_0.pstinst_code,u1_0.last_updusr_id,u1_0.last_updt_pnttm,u1_0.lock_at,u1_0.lock_cnt,u1_0.lock_last_pnttm,u1_0.mbtlnum,u1_0.ofcps_nm,u1_0.offm_telno,u1_0.orgnzt_id,u1_0.password,u1_0.password_cnsr,u1_0.password_hint,u1_0.chg_pwd_last_pnttm,u1_0.role,u1_0.sbscrb_de,u1_0.sexdstn_code,u1_0.crtfc_dn_value,u1_0.user_nm,u1_0.zip from nemplyrinfo u1_0 where u1_0.emplyr_id=?
2026-03-16 16:57:28 [http-nio-8080-exec-10] DEBUG o.s.orm.jpa.JpaTransactionManager - Exposing JPA transaction as JDBC [org.springframework.orm.jpa.vendor.HibernateJpaDialect$HibernateConnectionHandle@59e1317]
2026-03-16 16:57:28 [http-nio-8080-exec-10] DEBUG o.s.orm.jpa.JpaTransactionManager - Found thread-bound EntityManager [SessionImpl(229181973<open>)] for JPA transaction
2026-03-16 16:57:28 [http-nio-8080-exec-10] DEBUG o.s.orm.jpa.JpaTransactionManager - Participating in existing transaction
2026-03-16 16:57:28 [http-nio-8080-exec-10] DEBUG org.hibernate.SQL - select u1_0.emplyr_id,u1_0.area_no,u1_0.brthdy,u1_0.chg_pwd_cnt,u1_0.frst_register_id,u1_0.frst_regist_pnttm,u1_0.detail_adres,u1_0.email_adres,u1_0.emplyr_sttus_code,u1_0.empl_no,u1_0.esntl_id,u1_0.fxnum,u1_0.group_id,u1_0.house_adres,u1_0.house_end_telno,u1_0.house_middle_telno,u1_0.ihidnum,u1_0.pstinst_code,u1_0.last_updusr_id,u1_0.last_updt_pnttm,u1_0.lock_at,u1_0.lock_cnt,u1_0.lock_last_pnttm,u1_0.mbtlnum,u1_0.ofcps_nm,u1_0.offm_telno,u1_0.orgnzt_id,u1_0.password,u1_0.password_cnsr,u1_0.password_hint,u1_0.chg_pwd_last_pnttm,u1_0.role,u1_0.sbscrb_de,u1_0.sexdstn_code,u1_0.crtfc_dn_value,u1_0.user_nm,u1_0.zip from nemplyrinfo u1_0 where u1_0.emplyr_id=?
2026-03-16 16:57:28 [http-nio-8080-exec-4] DEBUG o.s.orm.jpa.JpaTransactionManager - Found thread-bound EntityManager [SessionImpl(779424749<open>)] for JPA transaction
2026-03-16 16:57:28 [http-nio-8080-exec-4] DEBUG o.s.orm.jpa.JpaTransactionManager - Participating in existing transaction
2026-03-16 16:57:28 [http-nio-8080-exec-4] DEBUG org.hibernate.SQL - select ua1_0.scrty_dtrmn_trget_id,ua1_0.author_code,ua1_0.frst_register_id,ua1_0.frst_regist_pnttm,ua1_0.last_updusr_id,ua1_0.last_updt_pnttm,ua1_0.mber_ty_code from nemplyrscrtyestbs ua1_0 where ua1_0.scrty_dtrmn_trget_id=?
2026-03-16 16:57:28 [http-nio-8080-exec-2] DEBUG o.s.orm.jpa.JpaTransactionManager - Found thread-bound EntityManager [SessionImpl(1519873061<open>)] for JPA transaction
2026-03-16 16:57:28 [http-nio-8080-exec-2] DEBUG o.s.orm.jpa.JpaTransactionManager - Participating in existing transaction
2026-03-16 16:57:28 [http-nio-8080-exec-1] DEBUG o.s.orm.jpa.JpaTransactionManager - Found thread-bound EntityManager [SessionImpl(2028493777<open>)] for JPA transaction
2026-03-16 16:57:28 [http-nio-8080-exec-2] DEBUG org.hibernate.SQL - select ua1_0.scrty_dtrmn_trget_id,ua1_0.author_code,ua1_0.frst_register_id,ua1_0.frst_regist_pnttm,ua1_0.last_updusr_id,ua1_0.last_updt_pnttm,ua1_0.mber_ty_code from nemplyrscrtyestbs ua1_0 where ua1_0.scrty_dtrmn_trget_id=?
2026-03-16 16:57:28 [http-nio-8080-exec-1] DEBUG o.s.orm.jpa.JpaTransactionManager - Participating in existing transaction
2026-03-16 16:57:28 [http-nio-8080-exec-1] DEBUG org.hibernate.SQL - select ua1_0.scrty_dtrmn_trget_id,ua1_0.author_code,ua1_0.frst_register_id,ua1_0.frst_regist_pnttm,ua1_0.last_updusr_id,ua1_0.last_updt_pnttm,ua1_0.mber_ty_code from nemplyrscrtyestbs ua1_0 where ua1_0.scrty_dtrmn_trget_id=?
2026-03-16 16:57:28 [http-nio-8080-exec-3] DEBUG o.s.orm.jpa.JpaTransactionManager - Found thread-bound EntityManager [SessionImpl(531523214<open>)] for JPA transaction
2026-03-16 16:57:28 [http-nio-8080-exec-3] DEBUG o.s.orm.jpa.JpaTransactionManager - Participating in existing transaction
2026-03-16 16:57:28 [http-nio-8080-exec-3] DEBUG org.hibernate.SQL - select ua1_0.scrty_dtrmn_trget_id,ua1_0.author_code,ua1_0.frst_register_id,ua1_0.frst_regist_pnttm,ua1_0.last_updusr_id,ua1_0.last_updt_pnttm,ua1_0.mber_ty_code from nemplyrscrtyestbs ua1_0 where ua1_0.scrty_dtrmn_trget_id=?
2026-03-16 16:57:28 [http-nio-8080-exec-10] DEBUG o.s.orm.jpa.JpaTransactionManager - Found thread-bound EntityManager [SessionImpl(229181973<open>)] for JPA transaction
2026-03-16 16:57:28 [http-nio-8080-exec-10] DEBUG o.s.orm.jpa.JpaTransactionManager - Participating in existing transaction
2026-03-16 16:57:28 [http-nio-8080-exec-10] DEBUG org.hibernate.SQL - select ua1_0.scrty_dtrmn_trget_id,ua1_0.author_code,ua1_0.frst_register_id,ua1_0.frst_regist_pnttm,ua1_0.last_updusr_id,ua1_0.last_updt_pnttm,ua1_0.mber_ty_code from nemplyrscrtyestbs ua1_0 where ua1_0.scrty_dtrmn_trget_id=?
2026-03-16 16:57:28 [http-nio-8080-exec-4] DEBUG o.s.orm.jpa.JpaTransactionManager - Initiating transaction commit
2026-03-16 16:57:28 [http-nio-8080-exec-4] DEBUG o.s.orm.jpa.JpaTransactionManager - Committing JPA transaction on EntityManager [SessionImpl(779424749<open>)]
2026-03-16 16:57:28 [http-nio-8080-exec-2] DEBUG o.s.orm.jpa.JpaTransactionManager - Initiating transaction commit
2026-03-16 16:57:28 [http-nio-8080-exec-1] DEBUG o.s.orm.jpa.JpaTransactionManager - Initiating transaction commit
2026-03-16 16:57:28 [http-nio-8080-exec-2] DEBUG o.s.orm.jpa.JpaTransactionManager - Committing JPA transaction on EntityManager [SessionImpl(1519873061<open>)]
2026-03-16 16:57:28 [http-nio-8080-exec-1] DEBUG o.s.orm.jpa.JpaTransactionManager - Committing JPA transaction on EntityManager [SessionImpl(2028493777<open>)]
2026-03-16 16:57:28 [http-nio-8080-exec-3] DEBUG o.s.orm.jpa.JpaTransactionManager - Initiating transaction commit
2026-03-16 16:57:28 [http-nio-8080-exec-3] DEBUG o.s.orm.jpa.JpaTransactionManager - Committing JPA transaction on EntityManager [SessionImpl(531523214<open>)]
2026-03-16 16:57:28 [http-nio-8080-exec-10] DEBUG o.s.orm.jpa.JpaTransactionManager - Initiating transaction commit
2026-03-16 16:57:28 [http-nio-8080-exec-10] DEBUG o.s.orm.jpa.JpaTransactionManager - Committing JPA transaction on EntityManager [SessionImpl(229181973<open>)]
2026-03-16 16:57:28 [http-nio-8080-exec-2] DEBUG o.s.orm.jpa.JpaTransactionManager - Closing JPA EntityManager [SessionImpl(1519873061<open>)] after transaction
2026-03-16 16:57:28 [http-nio-8080-exec-4] DEBUG o.s.orm.jpa.JpaTransactionManager - Closing JPA EntityManager [SessionImpl(779424749<open>)] after transaction
2026-03-16 16:57:28 [http-nio-8080-exec-2] DEBUG c.c.p.s.jwt.JwtAuthenticationFilter - >>> [JwtFilter] Successfully authenticated user: USRCNFRM_99999999999, Authorities: [ROLE_ADMIN]
2026-03-16 16:57:28 [http-nio-8080-exec-4] DEBUG c.c.p.s.jwt.JwtAuthenticationFilter - >>> [JwtFilter] Successfully authenticated user: USRCNFRM_99999999999, Authorities: [ROLE_ADMIN]
2026-03-16 16:57:28 [http-nio-8080-exec-2] DEBUG o.s.web.servlet.DispatcherServlet - GET "/api/v1/menu/left?menuNo=50", parameters={masked}
2026-03-16 16:57:28 [http-nio-8080-exec-4] DEBUG o.s.web.servlet.DispatcherServlet - GET "/api/v1/menu/left?menuNo=60", parameters={masked}
2026-03-16 16:57:28 [http-nio-8080-exec-2] TRACE o.s.w.s.m.m.a.RequestMappingHandlerMapping - Mapped to com.company.project.api.controller.menu.MenuController#getLeftMenu(Long)
2026-03-16 16:57:28 [http-nio-8080-exec-4] TRACE o.s.w.s.m.m.a.RequestMappingHandlerMapping - Mapped to com.company.project.api.controller.menu.MenuController#getLeftMenu(Long)
2026-03-16 16:57:28 [http-nio-8080-exec-2] INFO  c.c.p.a.c.menu.MenuController - getLeftMenu called with menuNo=50
2026-03-16 16:57:28 [http-nio-8080-exec-4] INFO  c.c.p.a.c.menu.MenuController - getLeftMenu called with menuNo=60
2026-03-16 16:57:28 [http-nio-8080-exec-2] DEBUG o.s.orm.jpa.JpaTransactionManager - Creating new transaction with name [com.company.project.service.menu.MenuService.getSubMenus]: PROPAGATION_REQUIRED,ISOLATION_DEFAULT,readOnly
2026-03-16 16:57:28 [http-nio-8080-exec-1] DEBUG o.s.orm.jpa.JpaTransactionManager - Closing JPA EntityManager [SessionImpl(2028493777<open>)] after transaction
2026-03-16 16:57:28 [http-nio-8080-exec-4] DEBUG o.s.orm.jpa.JpaTransactionManager - Creating new transaction with name [com.company.project.service.menu.MenuService.getSubMenus]: PROPAGATION_REQUIRED,ISOLATION_DEFAULT,readOnly
2026-03-16 16:57:28 [http-nio-8080-exec-2] DEBUG o.s.orm.jpa.JpaTransactionManager - Opened new EntityManager [SessionImpl(1367245599<open>)] for JPA transaction
2026-03-16 16:57:28 [http-nio-8080-exec-2] DEBUG o.s.orm.jpa.JpaTransactionManager - Exposing JPA transaction as JDBC [org.springframework.orm.jpa.vendor.HibernateJpaDialect$HibernateConnectionHandle@442fc1ac]
2026-03-16 16:57:28 [http-nio-8080-exec-1] DEBUG c.c.p.s.jwt.JwtAuthenticationFilter - >>> [JwtFilter] Successfully authenticated user: USRCNFRM_99999999999, Authorities: [ROLE_ADMIN]
2026-03-16 16:57:28 [http-nio-8080-exec-4] DEBUG o.s.orm.jpa.JpaTransactionManager - Opened new EntityManager [SessionImpl(58254763<open>)] for JPA transaction
2026-03-16 16:57:28 [http-nio-8080-exec-4] DEBUG o.s.orm.jpa.JpaTransactionManager - Exposing JPA transaction as JDBC [org.springframework.orm.jpa.vendor.HibernateJpaDialect$HibernateConnectionHandle@4d1ae5c4]
2026-03-16 16:57:28 [http-nio-8080-exec-1] DEBUG o.s.web.servlet.DispatcherServlet - GET "/api/v1/menu/left?menuNo=20", parameters={masked}
2026-03-16 16:57:28 [http-nio-8080-exec-1] TRACE o.s.w.s.m.m.a.RequestMappingHandlerMapping - Mapped to com.company.project.api.controller.menu.MenuController#getLeftMenu(Long)
2026-03-16 16:57:28 [http-nio-8080-exec-2] DEBUG org.hibernate.SQL - select m1_0.menu_no,m1_0.menu_dc,m1_0.menu_nm,m1_0.menu_ordr,m1_0.modern_route,m1_0.progrm_file_nm,m1_0.relate_image_nm,m1_0.relate_image_path,m1_0.route_updated_at,m1_0.upper_menu_no from nmenuinfo m1_0 order by m1_0.upper_menu_no,m1_0.menu_ordr
2026-03-16 16:57:28 [http-nio-8080-exec-4] DEBUG org.hibernate.SQL - select m1_0.menu_no,m1_0.menu_dc,m1_0.menu_nm,m1_0.menu_ordr,m1_0.modern_route,m1_0.progrm_file_nm,m1_0.relate_image_nm,m1_0.relate_image_path,m1_0.route_updated_at,m1_0.upper_menu_no from nmenuinfo m1_0 order by m1_0.upper_menu_no,m1_0.menu_ordr
2026-03-16 16:57:28 [http-nio-8080-exec-1] INFO  c.c.p.a.c.menu.MenuController - getLeftMenu called with menuNo=20
2026-03-16 16:57:28 [http-nio-8080-exec-1] DEBUG o.s.orm.jpa.JpaTransactionManager - Creating new transaction with name [com.company.project.service.menu.MenuService.getSubMenus]: PROPAGATION_REQUIRED,ISOLATION_DEFAULT,readOnly
2026-03-16 16:57:28 [http-nio-8080-exec-1] DEBUG o.s.orm.jpa.JpaTransactionManager - Opened new EntityManager [SessionImpl(1842062605<open>)] for JPA transaction
2026-03-16 16:57:28 [http-nio-8080-exec-1] DEBUG o.s.orm.jpa.JpaTransactionManager - Exposing JPA transaction as JDBC [org.springframework.orm.jpa.vendor.HibernateJpaDialect$HibernateConnectionHandle@1440479b]
2026-03-16 16:57:28 [http-nio-8080-exec-1] DEBUG org.hibernate.SQL - select m1_0.menu_no,m1_0.menu_dc,m1_0.menu_nm,m1_0.menu_ordr,m1_0.modern_route,m1_0.progrm_file_nm,m1_0.relate_image_nm,m1_0.relate_image_path,m1_0.route_updated_at,m1_0.upper_menu_no from nmenuinfo m1_0 order by m1_0.upper_menu_no,m1_0.menu_ordr
2026-03-16 16:57:28 [http-nio-8080-exec-10] DEBUG o.s.orm.jpa.JpaTransactionManager - Closing JPA EntityManager [SessionImpl(229181973<open>)] after transaction
2026-03-16 16:57:28 [http-nio-8080-exec-3] DEBUG o.s.orm.jpa.JpaTransactionManager - Closing JPA EntityManager [SessionImpl(531523214<open>)] after transaction
2026-03-16 16:57:28 [http-nio-8080-exec-10] DEBUG c.c.p.s.jwt.JwtAuthenticationFilter - >>> [JwtFilter] Successfully authenticated user: USRCNFRM_99999999999, Authorities: [ROLE_ADMIN]
2026-03-16 16:57:28 [http-nio-8080-exec-3] DEBUG c.c.p.s.jwt.JwtAuthenticationFilter - >>> [JwtFilter] Successfully authenticated user: USRCNFRM_99999999999, Authorities: [ROLE_ADMIN]
2026-03-16 16:57:28 [http-nio-8080-exec-3] DEBUG o.s.web.servlet.DispatcherServlet - GET "/api/v1/menu/left?menuNo=10", parameters={masked}
2026-03-16 16:57:28 [http-nio-8080-exec-10] DEBUG o.s.web.servlet.DispatcherServlet - GET "/api/v1/menu/left?menuNo=40", parameters={masked}
2026-03-16 16:57:28 [http-nio-8080-exec-3] TRACE o.s.w.s.m.m.a.RequestMappingHandlerMapping - Mapped to com.company.project.api.controller.menu.MenuController#getLeftMenu(Long)
2026-03-16 16:57:28 [http-nio-8080-exec-10] TRACE o.s.w.s.m.m.a.RequestMappingHandlerMapping - Mapped to com.company.project.api.controller.menu.MenuController#getLeftMenu(Long)
2026-03-16 16:57:28 [http-nio-8080-exec-10] INFO  c.c.p.a.c.menu.MenuController - getLeftMenu called with menuNo=40
2026-03-16 16:57:28 [http-nio-8080-exec-10] DEBUG o.s.orm.jpa.JpaTransactionManager - Creating new transaction with name [com.company.project.service.menu.MenuService.getSubMenus]: PROPAGATION_REQUIRED,ISOLATION_DEFAULT,readOnly
2026-03-16 16:57:28 [http-nio-8080-exec-3] INFO  c.c.p.a.c.menu.MenuController - getLeftMenu called with menuNo=10
2026-03-16 16:57:28 [http-nio-8080-exec-10] DEBUG o.s.orm.jpa.JpaTransactionManager - Opened new EntityManager [SessionImpl(1664979984<open>)] for JPA transaction
2026-03-16 16:57:28 [http-nio-8080-exec-3] DEBUG o.s.orm.jpa.JpaTransactionManager - Creating new transaction with name [com.company.project.service.menu.MenuService.getSubMenus]: PROPAGATION_REQUIRED,ISOLATION_DEFAULT,readOnly
2026-03-16 16:57:28 [http-nio-8080-exec-10] DEBUG o.s.orm.jpa.JpaTransactionManager - Exposing JPA transaction as JDBC [org.springframework.orm.jpa.vendor.HibernateJpaDialect$HibernateConnectionHandle@733105df]
2026-03-16 16:57:28 [http-nio-8080-exec-3] DEBUG o.s.orm.jpa.JpaTransactionManager - Opened new EntityManager [SessionImpl(1024145736<open>)] for JPA transaction
2026-03-16 16:57:28 [http-nio-8080-exec-3] DEBUG o.s.orm.jpa.JpaTransactionManager - Exposing JPA transaction as JDBC [org.springframework.orm.jpa.vendor.HibernateJpaDialect$HibernateConnectionHandle@416083e8]
2026-03-16 16:57:28 [http-nio-8080-exec-10] DEBUG org.hibernate.SQL - select m1_0.menu_no,m1_0.menu_dc,m1_0.menu_nm,m1_0.menu_ordr,m1_0.modern_route,m1_0.progrm_file_nm,m1_0.relate_image_nm,m1_0.relate_image_path,m1_0.route_updated_at,m1_0.upper_menu_no from nmenuinfo m1_0 order by m1_0.upper_menu_no,m1_0.menu_ordr
2026-03-16 16:57:28 [http-nio-8080-exec-3] DEBUG org.hibernate.SQL - select m1_0.menu_no,m1_0.menu_dc,m1_0.menu_nm,m1_0.menu_ordr,m1_0.modern_route,m1_0.progrm_file_nm,m1_0.relate_image_nm,m1_0.relate_image_path,m1_0.route_updated_at,m1_0.upper_menu_no from nmenuinfo m1_0 order by m1_0.upper_menu_no,m1_0.menu_ordr
2026-03-16 16:57:28 [http-nio-8080-exec-2] DEBUG o.s.orm.jpa.JpaTransactionManager - Found thread-bound EntityManager [SessionImpl(1367245599<open>)] for JPA transaction
2026-03-16 16:57:28 [http-nio-8080-exec-4] DEBUG o.s.orm.jpa.JpaTransactionManager - Found thread-bound EntityManager [SessionImpl(58254763<open>)] for JPA transaction
2026-03-16 16:57:28 [http-nio-8080-exec-1] DEBUG o.s.orm.jpa.JpaTransactionManager - Found thread-bound EntityManager [SessionImpl(1842062605<open>)] for JPA transaction
2026-03-16 16:57:28 [http-nio-8080-exec-2] DEBUG o.s.orm.jpa.JpaTransactionManager - Participating in existing transaction
2026-03-16 16:57:28 [http-nio-8080-exec-1] DEBUG o.s.orm.jpa.JpaTransactionManager - Participating in existing transaction
2026-03-16 16:57:28 [http-nio-8080-exec-4] DEBUG o.s.orm.jpa.JpaTransactionManager - Participating in existing transaction
2026-03-16 16:57:28 [http-nio-8080-exec-4] DEBUG org.hibernate.SQL - select p1_0.progrm_file_nm,p1_0.progrm_dc,p1_0.progrm_korean_nm,p1_0.progrm_stre_path,p1_0.url from nprogrmlist p1_0
2026-03-16 16:57:28 [http-nio-8080-exec-1] DEBUG org.hibernate.SQL - select p1_0.progrm_file_nm,p1_0.progrm_dc,p1_0.progrm_korean_nm,p1_0.progrm_stre_path,p1_0.url from nprogrmlist p1_0
2026-03-16 16:57:28 [http-nio-8080-exec-2] DEBUG org.hibernate.SQL - select p1_0.progrm_file_nm,p1_0.progrm_dc,p1_0.progrm_korean_nm,p1_0.progrm_stre_path,p1_0.url from nprogrmlist p1_0
2026-03-16 16:57:28 [http-nio-8080-exec-10] DEBUG o.s.orm.jpa.JpaTransactionManager - Found thread-bound EntityManager [SessionImpl(1664979984<open>)] for JPA transaction
2026-03-16 16:57:28 [http-nio-8080-exec-10] DEBUG o.s.orm.jpa.JpaTransactionManager - Participating in existing transaction
2026-03-16 16:57:28 [http-nio-8080-exec-3] DEBUG o.s.orm.jpa.JpaTransactionManager - Found thread-bound EntityManager [SessionImpl(1024145736<open>)] for JPA transaction
2026-03-16 16:57:28 [http-nio-8080-exec-3] DEBUG o.s.orm.jpa.JpaTransactionManager - Participating in existing transaction
2026-03-16 16:57:28 [http-nio-8080-exec-3] DEBUG org.hibernate.SQL - select p1_0.progrm_file_nm,p1_0.progrm_dc,p1_0.progrm_korean_nm,p1_0.progrm_stre_path,p1_0.url from nprogrmlist p1_0
2026-03-16 16:57:28 [http-nio-8080-exec-10] DEBUG org.hibernate.SQL - select p1_0.progrm_file_nm,p1_0.progrm_dc,p1_0.progrm_korean_nm,p1_0.progrm_stre_path,p1_0.url from nprogrmlist p1_0
2026-03-16 16:57:29 [http-nio-8080-exec-1] DEBUG o.s.orm.jpa.JpaTransactionManager - Initiating transaction commit
2026-03-16 16:57:29 [http-nio-8080-exec-1] DEBUG o.s.orm.jpa.JpaTransactionManager - Committing JPA transaction on EntityManager [SessionImpl(1842062605<open>)]
2026-03-16 16:57:29 [http-nio-8080-exec-3] DEBUG o.s.orm.jpa.JpaTransactionManager - Initiating transaction commit
2026-03-16 16:57:29 [http-nio-8080-exec-10] DEBUG o.s.orm.jpa.JpaTransactionManager - Initiating transaction commit
2026-03-16 16:57:29 [http-nio-8080-exec-3] DEBUG o.s.orm.jpa.JpaTransactionManager - Committing JPA transaction on EntityManager [SessionImpl(1024145736<open>)]
2026-03-16 16:57:29 [http-nio-8080-exec-10] DEBUG o.s.orm.jpa.JpaTransactionManager - Committing JPA transaction on EntityManager [SessionImpl(1664979984<open>)]
2026-03-16 16:57:29 [http-nio-8080-exec-4] DEBUG o.s.orm.jpa.JpaTransactionManager - Initiating transaction commit
2026-03-16 16:57:29 [http-nio-8080-exec-4] DEBUG o.s.orm.jpa.JpaTransactionManager - Committing JPA transaction on EntityManager [SessionImpl(58254763<open>)]
2026-03-16 16:57:29 [http-nio-8080-exec-1] DEBUG o.s.orm.jpa.JpaTransactionManager - Closing JPA EntityManager [SessionImpl(1842062605<open>)] after transaction
2026-03-16 16:57:29 [http-nio-8080-exec-1] INFO  c.c.p.a.c.menu.MenuController - getLeftMenu returned 3 items
2026-03-16 16:57:29 [http-nio-8080-exec-1] DEBUG o.s.w.s.m.m.a.HttpEntityMethodProcessor - Using 'application/json', given [application/json, text/plain, */*] and supported [application/json, application/*+json, application/yaml]
2026-03-16 16:57:29 [http-nio-8080-exec-1] TRACE o.s.w.s.m.m.a.HttpEntityMethodProcessor - Writing [ApiResponse[success=true, status=200, code=COMMON_001, message=Success, data={list=[com.company.project.service.menu.dto.MenuDto@3545b715, com.company.project.service.menu.dto.MenuDto@2deb5d4f, com.company.project.service.menu.dto.MenuDto@18802ab]}, timestamp=2026-03-16T16:57:29.280280]]
2026-03-16 16:57:29 [http-nio-8080-exec-1] INFO  c.c.p.a.i.OperationalAuditInterceptor - API Audit Log: URL=/api/v1/menu/left, User=webmaster, IP=0:0:0:0:0:0:0:1
2026-03-16 16:57:29 [http-nio-8080-exec-1] DEBUG o.s.web.servlet.DispatcherServlet - Completed 200 OK
2026-03-16 16:57:29 [http-nio-8080-exec-4] DEBUG o.s.orm.jpa.JpaTransactionManager - Closing JPA EntityManager [SessionImpl(58254763<open>)] after transaction
2026-03-16 16:57:29 [http-nio-8080-exec-4] INFO  c.c.p.a.c.menu.MenuController - getLeftMenu returned 1 items
2026-03-16 16:57:29 [http-nio-8080-exec-4] DEBUG o.s.w.s.m.m.a.HttpEntityMethodProcessor - Using 'application/json', given [application/json, text/plain, */*] and supported [application/json, application/*+json, application/yaml]
2026-03-16 16:57:29 [http-nio-8080-exec-4] TRACE o.s.w.s.m.m.a.HttpEntityMethodProcessor - Writing [ApiResponse[success=true, status=200, code=COMMON_001, message=Success, data={list=[com.company.project.service.menu.dto.MenuDto@a8c7a96]}, timestamp=2026-03-16T16:57:29.407870100]]
2026-03-16 16:57:29 [http-nio-8080-exec-4] INFO  c.c.p.a.i.OperationalAuditInterceptor - API Audit Log: URL=/api/v1/menu/left, User=webmaster, IP=0:0:0:0:0:0:0:1
2026-03-16 16:57:29 [http-nio-8080-exec-4] DEBUG o.s.web.servlet.DispatcherServlet - Completed 200 OK
2026-03-16 16:57:29 [http-nio-8080-exec-10] DEBUG o.s.orm.jpa.JpaTransactionManager - Closing JPA EntityManager [SessionImpl(1664979984<open>)] after transaction
2026-03-16 16:57:29 [http-nio-8080-exec-10] INFO  c.c.p.a.c.menu.MenuController - getLeftMenu returned 2 items
2026-03-16 16:57:29 [http-nio-8080-exec-10] DEBUG o.s.w.s.m.m.a.HttpEntityMethodProcessor - Using 'application/json', given [application/json, text/plain, */*] and supported [application/json, application/*+json, application/yaml]
2026-03-16 16:57:29 [http-nio-8080-exec-10] TRACE o.s.w.s.m.m.a.HttpEntityMethodProcessor - Writing [ApiResponse[success=true, status=200, code=COMMON_001, message=Success, data={list=[com.company.project.service.menu.dto.MenuDto@6ee584e3, com.company.project.service.menu.dto.MenuDto@7f12920e]}, timestamp=2026-03-16T16:57:29.412395300]]
2026-03-16 16:57:29 [http-nio-8080-exec-10] INFO  c.c.p.a.i.OperationalAuditInterceptor - API Audit Log: URL=/api/v1/menu/left, User=webmaster, IP=0:0:0:0:0:0:0:1
2026-03-16 16:57:29 [http-nio-8080-exec-10] DEBUG o.s.web.servlet.DispatcherServlet - Completed 200 OK
2026-03-16 16:57:29 [http-nio-8080-exec-3] DEBUG o.s.orm.jpa.JpaTransactionManager - Closing JPA EntityManager [SessionImpl(1024145736<open>)] after transaction
2026-03-16 16:57:29 [http-nio-8080-exec-3] INFO  c.c.p.a.c.menu.MenuController - getLeftMenu returned 5 items
2026-03-16 16:57:29 [http-nio-8080-exec-3] DEBUG o.s.w.s.m.m.a.HttpEntityMethodProcessor - Using 'application/json', given [application/json, text/plain, */*] and supported [application/json, application/*+json, application/yaml]
2026-03-16 16:57:29 [http-nio-8080-exec-3] TRACE o.s.w.s.m.m.a.HttpEntityMethodProcessor - Writing [ApiResponse[success=true, status=200, code=COMMON_001, message=Success, data={list=[com.company.project.service.menu.dto.MenuDto@509802a5, com.company.project.service.menu.dto.MenuDto@2cb03ee8, com.company.project.service.menu.dto.MenuDto@710f4cf3, com.company.project.service.menu.dto.MenuDto@68f01238, com.company.project.service.menu.dto.MenuDto@78eda8a9]}, timestamp=2026-03-16T16:57:29.422252700]]
2026-03-16 16:57:29 [http-nio-8080-exec-3] INFO  c.c.p.a.i.OperationalAuditInterceptor - API Audit Log: URL=/api/v1/menu/left, User=webmaster, IP=0:0:0:0:0:0:0:1
2026-03-16 16:57:29 [http-nio-8080-exec-3] DEBUG o.s.web.servlet.DispatcherServlet - Completed 200 OK
2026-03-16 16:57:29 [http-nio-8080-exec-2] DEBUG o.s.orm.jpa.JpaTransactionManager - Initiating transaction commit
2026-03-16 16:57:29 [http-nio-8080-exec-2] DEBUG o.s.orm.jpa.JpaTransactionManager - Committing JPA transaction on EntityManager [SessionImpl(1367245599<open>)]
2026-03-16 16:57:29 [http-nio-8080-exec-2] DEBUG o.s.orm.jpa.JpaTransactionManager - Closing JPA EntityManager [SessionImpl(1367245599<open>)] after transaction
2026-03-16 16:57:29 [http-nio-8080-exec-2] INFO  c.c.p.a.c.menu.MenuController - getLeftMenu returned 3 items
2026-03-16 16:57:29 [http-nio-8080-exec-2] DEBUG o.s.w.s.m.m.a.HttpEntityMethodProcessor - Using 'application/json', given [application/json, text/plain, */*] and supported [application/json, application/*+json, application/yaml]
2026-03-16 16:57:29 [http-nio-8080-exec-2] TRACE o.s.w.s.m.m.a.HttpEntityMethodProcessor - Writing [ApiResponse[success=true, status=200, code=COMMON_001, message=Success, data={list=[com.company.project.service.menu.dto.MenuDto@2531c9f4, com.company.project.service.menu.dto.MenuDto@74d7f5d6, com.company.project.service.menu.dto.MenuDto@178489d9]}, timestamp=2026-03-16T16:57:29.931522600]]
2026-03-16 16:57:29 [http-nio-8080-exec-2] INFO  c.c.p.a.i.OperationalAuditInterceptor - API Audit Log: URL=/api/v1/menu/left, User=webmaster, IP=0:0:0:0:0:0:0:1
2026-03-16 16:57:29 [http-nio-8080-exec-2] DEBUG o.s.web.servlet.DispatcherServlet - Completed 200 OK
2026-03-16 16:57:29 [http-nio-8080-exec-7] DEBUG o.s.w.s.h.LoggingWebSocketHandlerDecorator - WebSocketServerSockJsSession[id=nkzfzp31] closed with CloseStatus[code=1000, reason=null]
2026-03-16 16:57:29 [http-nio-8080-exec-7] DEBUG o.s.w.s.m.SubProtocolWebSocketHandler - Clearing session nkzfzp31
2026-03-16 16:57:29 [scheduling-1] DEBUG org.springframework.web.SimpLogging - Processing DISCONNECT session=nkzfzp31
2026-03-16 16:57:29 [scheduling-1] DEBUG o.s.w.s.m.SubProtocolWebSocketHandler - No session for GenericMessage [payload=byte[0], headers={simpMessageType=DISCONNECT_ACK, simpDisconnectMessage=GenericMessage [payload=byte[0], headers={simpMessageType=DISCONNECT, stompCommand=DISCONNECT, simpSessionAttributes={org.springframework.messaging.simp.SimpAttributes.COMPLETED=true}, simpSessionId=nkzfzp31}], simpSessionId=nkzfzp31}]
2026-03-16 16:57:30 [http-nio-8080-exec-6] DEBUG c.c.p.s.jwt.JwtAuthenticationFilter - >>> [JwtFilter] Processing request: GET /api/v1/dashboard
2026-03-16 16:57:30 [http-nio-8080-exec-8] DEBUG c.c.p.s.jwt.JwtAuthenticationFilter - >>> [JwtFilter] Processing request: GET /api/v1/menu/head
2026-03-16 16:57:30 [http-nio-8080-exec-6] DEBUG c.c.p.s.jwt.JwtAuthenticationFilter - >>> [JwtFilter] Found token in header for path: /api/v1/dashboard
2026-03-16 16:57:30 [http-nio-8080-exec-8] DEBUG c.c.p.s.jwt.JwtAuthenticationFilter - >>> [JwtFilter] Found token in header for path: /api/v1/menu/head
2026-03-16 16:57:30 [http-nio-8080-exec-8] DEBUG o.s.orm.jpa.JpaTransactionManager - Creating new transaction with name [com.company.project.security.iam.CustomUserDetailsService.loadUserByUsername]: PROPAGATION_REQUIRED,ISOLATION_DEFAULT,readOnly
2026-03-16 16:57:30 [http-nio-8080-exec-6] DEBUG o.s.orm.jpa.JpaTransactionManager - Creating new transaction with name [com.company.project.security.iam.CustomUserDetailsService.loadUserByUsername]: PROPAGATION_REQUIRED,ISOLATION_DEFAULT,readOnly
2026-03-16 16:57:30 [http-nio-8080-exec-6] DEBUG o.s.orm.jpa.JpaTransactionManager - Opened new EntityManager [SessionImpl(119314752<open>)] for JPA transaction
2026-03-16 16:57:30 [http-nio-8080-exec-8] DEBUG o.s.orm.jpa.JpaTransactionManager - Opened new EntityManager [SessionImpl(1651150879<open>)] for JPA transaction
2026-03-16 16:57:30 [http-nio-8080-exec-8] DEBUG o.s.orm.jpa.JpaTransactionManager - Exposing JPA transaction as JDBC [org.springframework.orm.jpa.vendor.HibernateJpaDialect$HibernateConnectionHandle@6cef9ab7]
2026-03-16 16:57:30 [http-nio-8080-exec-6] DEBUG o.s.orm.jpa.JpaTransactionManager - Exposing JPA transaction as JDBC [org.springframework.orm.jpa.vendor.HibernateJpaDialect$HibernateConnectionHandle@521a0885]
2026-03-16 16:57:30 [http-nio-8080-exec-8] DEBUG o.s.orm.jpa.JpaTransactionManager - Found thread-bound EntityManager [SessionImpl(1651150879<open>)] for JPA transaction
2026-03-16 16:57:30 [http-nio-8080-exec-6] DEBUG o.s.orm.jpa.JpaTransactionManager - Found thread-bound EntityManager [SessionImpl(119314752<open>)] for JPA transaction
2026-03-16 16:57:30 [http-nio-8080-exec-8] DEBUG o.s.orm.jpa.JpaTransactionManager - Participating in existing transaction
2026-03-16 16:57:30 [http-nio-8080-exec-6] DEBUG o.s.orm.jpa.JpaTransactionManager - Participating in existing transaction
2026-03-16 16:57:30 [http-nio-8080-exec-6] DEBUG org.hibernate.SQL - select u1_0.emplyr_id,u1_0.area_no,u1_0.brthdy,u1_0.chg_pwd_cnt,u1_0.frst_register_id,u1_0.frst_regist_pnttm,u1_0.detail_adres,u1_0.email_adres,u1_0.emplyr_sttus_code,u1_0.empl_no,u1_0.esntl_id,u1_0.fxnum,u1_0.group_id,u1_0.house_adres,u1_0.house_end_telno,u1_0.house_middle_telno,u1_0.ihidnum,u1_0.pstinst_code,u1_0.last_updusr_id,u1_0.last_updt_pnttm,u1_0.lock_at,u1_0.lock_cnt,u1_0.lock_last_pnttm,u1_0.mbtlnum,u1_0.ofcps_nm,u1_0.offm_telno,u1_0.orgnzt_id,u1_0.password,u1_0.password_cnsr,u1_0.password_hint,u1_0.chg_pwd_last_pnttm,u1_0.role,u1_0.sbscrb_de,u1_0.sexdstn_code,u1_0.crtfc_dn_value,u1_0.user_nm,u1_0.zip from nemplyrinfo u1_0 where u1_0.emplyr_id=?
2026-03-16 16:57:30 [http-nio-8080-exec-8] DEBUG org.hibernate.SQL - select u1_0.emplyr_id,u1_0.area_no,u1_0.brthdy,u1_0.chg_pwd_cnt,u1_0.frst_register_id,u1_0.frst_regist_pnttm,u1_0.detail_adres,u1_0.email_adres,u1_0.emplyr_sttus_code,u1_0.empl_no,u1_0.esntl_id,u1_0.fxnum,u1_0.group_id,u1_0.house_adres,u1_0.house_end_telno,u1_0.house_middle_telno,u1_0.ihidnum,u1_0.pstinst_code,u1_0.last_updusr_id,u1_0.last_updt_pnttm,u1_0.lock_at,u1_0.lock_cnt,u1_0.lock_last_pnttm,u1_0.mbtlnum,u1_0.ofcps_nm,u1_0.offm_telno,u1_0.orgnzt_id,u1_0.password,u1_0.password_cnsr,u1_0.password_hint,u1_0.chg_pwd_last_pnttm,u1_0.role,u1_0.sbscrb_de,u1_0.sexdstn_code,u1_0.crtfc_dn_value,u1_0.user_nm,u1_0.zip from nemplyrinfo u1_0 where u1_0.emplyr_id=?
2026-03-16 16:57:36 [http-nio-8080-exec-6] DEBUG o.s.orm.jpa.JpaTransactionManager - Found thread-bound EntityManager [SessionImpl(119314752<open>)] for JPA transaction
2026-03-16 16:57:36 [http-nio-8080-exec-6] DEBUG o.s.orm.jpa.JpaTransactionManager - Participating in existing transaction
2026-03-16 16:57:36 [http-nio-8080-exec-6] DEBUG org.hibernate.SQL - select ua1_0.scrty_dtrmn_trget_id,ua1_0.author_code,ua1_0.frst_register_id,ua1_0.frst_regist_pnttm,ua1_0.last_updusr_id,ua1_0.last_updt_pnttm,ua1_0.mber_ty_code from nemplyrscrtyestbs ua1_0 where ua1_0.scrty_dtrmn_trget_id=?
2026-03-16 16:57:36 [http-nio-8080-exec-8] DEBUG o.s.orm.jpa.JpaTransactionManager - Found thread-bound EntityManager [SessionImpl(1651150879<open>)] for JPA transaction
2026-03-16 16:57:36 [http-nio-8080-exec-8] DEBUG o.s.orm.jpa.JpaTransactionManager - Participating in existing transaction
2026-03-16 16:57:36 [http-nio-8080-exec-8] DEBUG org.hibernate.SQL - select ua1_0.scrty_dtrmn_trget_id,ua1_0.author_code,ua1_0.frst_register_id,ua1_0.frst_regist_pnttm,ua1_0.last_updusr_id,ua1_0.last_updt_pnttm,ua1_0.mber_ty_code from nemplyrscrtyestbs ua1_0 where ua1_0.scrty_dtrmn_trget_id=?
2026-03-16 16:57:36 [http-nio-8080-exec-6] DEBUG o.s.orm.jpa.JpaTransactionManager - Initiating transaction commit
2026-03-16 16:57:36 [http-nio-8080-exec-6] DEBUG o.s.orm.jpa.JpaTransactionManager - Committing JPA transaction on EntityManager [SessionImpl(119314752<open>)]
2026-03-16 16:57:36 [http-nio-8080-exec-8] DEBUG o.s.orm.jpa.JpaTransactionManager - Initiating transaction commit
2026-03-16 16:57:36 [http-nio-8080-exec-8] DEBUG o.s.orm.jpa.JpaTransactionManager - Committing JPA transaction on EntityManager [SessionImpl(1651150879<open>)]
2026-03-16 16:57:36 [MessageBroker-10] DEBUG o.s.w.s.s.t.h.DefaultSockJsService - Closed 1 sessions: [nkzfzp31]
2026-03-16 16:57:36 [http-nio-8080-exec-6] DEBUG o.s.orm.jpa.JpaTransactionManager - Closing JPA EntityManager [SessionImpl(119314752<open>)] after transaction
2026-03-16 16:57:36 [http-nio-8080-exec-8] DEBUG o.s.orm.jpa.JpaTransactionManager - Closing JPA EntityManager [SessionImpl(1651150879<open>)] after transaction
2026-03-16 16:57:36 [http-nio-8080-exec-6] DEBUG c.c.p.s.jwt.JwtAuthenticationFilter - >>> [JwtFilter] Successfully authenticated user: USRCNFRM_99999999999, Authorities: [ROLE_ADMIN]
2026-03-16 16:57:36 [http-nio-8080-exec-8] DEBUG c.c.p.s.jwt.JwtAuthenticationFilter - >>> [JwtFilter] Successfully authenticated user: USRCNFRM_99999999999, Authorities: [ROLE_ADMIN]
2026-03-16 16:57:36 [http-nio-8080-exec-6] DEBUG o.s.web.servlet.DispatcherServlet - GET "/api/v1/dashboard", parameters={}
2026-03-16 16:57:36 [http-nio-8080-exec-8] DEBUG o.s.web.servlet.DispatcherServlet - GET "/api/v1/menu/head", parameters={}
2026-03-16 16:57:36 [http-nio-8080-exec-6] TRACE o.s.w.s.m.m.a.RequestMappingHandlerMapping - Mapped to com.company.project.api.controller.main.DashboardController#getDashboardData(UserDetails)
2026-03-16 16:57:36 [http-nio-8080-exec-8] TRACE o.s.w.s.m.m.a.RequestMappingHandlerMapping - Mapped to com.company.project.api.controller.menu.MenuController#getHeadMenu()
2026-03-16 16:57:36 [http-nio-8080-exec-6] INFO  c.c.p.a.c.main.DashboardController - >>> [Dashboard] Fetching data for user: USRCNFRM_99999999999
2026-03-16 16:57:36 [http-nio-8080-exec-6] DEBUG o.s.orm.jpa.JpaTransactionManager - Creating new transaction with name [com.company.project.service.board.BoardService.getBoardPosts]: PROPAGATION_REQUIRED,ISOLATION_DEFAULT,readOnly
2026-03-16 16:57:36 [http-nio-8080-exec-8] INFO  c.c.p.a.c.menu.MenuController - getHeadMenu called
2026-03-16 16:57:36 [http-nio-8080-exec-6] DEBUG o.s.orm.jpa.JpaTransactionManager - Opened new EntityManager [SessionImpl(512897420<open>)] for JPA transaction
2026-03-16 16:57:36 [http-nio-8080-exec-6] DEBUG o.s.orm.jpa.JpaTransactionManager - Exposing JPA transaction as JDBC [org.springframework.orm.jpa.vendor.HibernateJpaDialect$HibernateConnectionHandle@4bb546ee]
2026-03-16 16:57:36 [http-nio-8080-exec-6] DEBUG o.s.orm.jpa.JpaTransactionManager - Found thread-bound EntityManager [SessionImpl(512897420<open>)] for JPA transaction
2026-03-16 16:57:36 [http-nio-8080-exec-6] DEBUG o.s.orm.jpa.JpaTransactionManager - Participating in existing transaction
2026-03-16 16:57:36 [http-nio-8080-exec-6] DEBUG org.hibernate.SQL - select bm1_0.bbs_id,bm1_0.atch_posbl_file_number,bm1_0.atch_posbl_file_size,bm1_0.bbs_attrb_code,bm1_0.bbs_intrcn,bm1_0.bbs_nm,bm1_0.bbs_ty_code,bm1_0.blog_at,bm1_0.blog_id,bm1_0.cmmnty_id,bm1_0.frst_register_id,bm1_0.frst_regist_pnttm,bm1_0.file_atch_posbl_at,bm1_0.last_updusr_id,bm1_0.last_updt_pnttm,bm1_0.reply_posbl_at,bm1_0.tmplat_id,bm1_0.use_at,bm1_1.answer_at,bm1_1.stsfdg_at from nbbsmaster bm1_0 left join nbbsmasteroptn bm1_1 on bm1_0.bbs_id=bm1_1.bbs_id where bm1_0.bbs_id=?
2026-03-16 16:57:36 [http-nio-8080-exec-8] INFO  c.c.p.a.c.menu.MenuController - getHeadMenu returned 5 items
2026-03-16 16:57:36 [http-nio-8080-exec-8] DEBUG o.s.w.s.m.m.a.HttpEntityMethodProcessor - Using 'application/json', given [application/json, text/plain, */*] and supported [application/json, application/*+json, application/yaml]
2026-03-16 16:57:36 [http-nio-8080-exec-8] TRACE o.s.w.s.m.m.a.HttpEntityMethodProcessor - Writing [ApiResponse[success=true, status=200, code=COMMON_001, message=Success, data={list=[com.company.project.service.menu.dto.MenuDto@2b80d6b0, com.company.project.service.menu.dto.MenuDto@1418cfa3, com.company.project.service.menu.dto.MenuDto@f230bf1, com.company.project.service.menu.dto.MenuDto@734a7f6a, com.company.project.service.menu.dto.MenuDto@5e5202e5]}, timestamp=2026-03-16T16:57:36.657207100]]
2026-03-16 16:57:36 [http-nio-8080-exec-8] INFO  c.c.p.a.i.OperationalAuditInterceptor - API Audit Log: URL=/api/v1/menu/head, User=webmaster, IP=0:0:0:0:0:0:0:1
2026-03-16 16:57:36 [http-nio-8080-exec-8] DEBUG o.s.web.servlet.DispatcherServlet - Completed 200 OK
2026-03-16 16:57:36 [http-nio-8080-exec-10] DEBUG c.c.p.s.jwt.JwtAuthenticationFilter - >>> [JwtFilter] Processing request: GET /api/v1/menu/left
2026-03-16 16:57:36 [http-nio-8080-exec-10] DEBUG c.c.p.s.jwt.JwtAuthenticationFilter - >>> [JwtFilter] Found token in header for path: /api/v1/menu/left
2026-03-16 16:57:36 [http-nio-8080-exec-10] DEBUG o.s.orm.jpa.JpaTransactionManager - Creating new transaction with name [com.company.project.security.iam.CustomUserDetailsService.loadUserByUsername]: PROPAGATION_REQUIRED,ISOLATION_DEFAULT,readOnly
2026-03-16 16:57:36 [http-nio-8080-exec-10] DEBUG o.s.orm.jpa.JpaTransactionManager - Opened new EntityManager [SessionImpl(1376108920<open>)] for JPA transaction
2026-03-16 16:57:36 [http-nio-8080-exec-3] DEBUG c.c.p.s.jwt.JwtAuthenticationFilter - >>> [JwtFilter] Processing request: GET /api/v1/menu/left
2026-03-16 16:57:36 [http-nio-8080-exec-2] DEBUG c.c.p.s.jwt.JwtAuthenticationFilter - >>> [JwtFilter] Processing request: GET /api/v1/menu/left
2026-03-16 16:57:36 [http-nio-8080-exec-7] DEBUG c.c.p.s.jwt.JwtAuthenticationFilter - >>> [JwtFilter] Processing request: GET /api/v1/menu/left
2026-03-16 16:57:36 [http-nio-8080-exec-9] DEBUG c.c.p.s.jwt.JwtAuthenticationFilter - >>> [JwtFilter] Processing request: GET /api/v1/menu/left
2026-03-16 16:57:36 [http-nio-8080-exec-3] DEBUG c.c.p.s.jwt.JwtAuthenticationFilter - >>> [JwtFilter] Found token in header for path: /api/v1/menu/left
2026-03-16 16:57:36 [http-nio-8080-exec-2] DEBUG c.c.p.s.jwt.JwtAuthenticationFilter - >>> [JwtFilter] Found token in header for path: /api/v1/menu/left
2026-03-16 16:57:36 [http-nio-8080-exec-7] DEBUG c.c.p.s.jwt.JwtAuthenticationFilter - >>> [JwtFilter] Found token in header for path: /api/v1/menu/left
2026-03-16 16:57:36 [http-nio-8080-exec-9] DEBUG c.c.p.s.jwt.JwtAuthenticationFilter - >>> [JwtFilter] Found token in header for path: /api/v1/menu/left
2026-03-16 16:57:36 [http-nio-8080-exec-7] DEBUG o.s.orm.jpa.JpaTransactionManager - Creating new transaction with name [com.company.project.security.iam.CustomUserDetailsService.loadUserByUsername]: PROPAGATION_REQUIRED,ISOLATION_DEFAULT,readOnly
2026-03-16 16:57:36 [http-nio-8080-exec-2] DEBUG o.s.orm.jpa.JpaTransactionManager - Creating new transaction with name [com.company.project.security.iam.CustomUserDetailsService.loadUserByUsername]: PROPAGATION_REQUIRED,ISOLATION_DEFAULT,readOnly
2026-03-16 16:57:36 [http-nio-8080-exec-9] DEBUG o.s.orm.jpa.JpaTransactionManager - Creating new transaction with name [com.company.project.security.iam.CustomUserDetailsService.loadUserByUsername]: PROPAGATION_REQUIRED,ISOLATION_DEFAULT,readOnly
2026-03-16 16:57:36 [http-nio-8080-exec-7] DEBUG o.s.orm.jpa.JpaTransactionManager - Opened new EntityManager [SessionImpl(254707008<open>)] for JPA transaction
2026-03-16 16:57:36 [http-nio-8080-exec-2] DEBUG o.s.orm.jpa.JpaTransactionManager - Opened new EntityManager [SessionImpl(365167407<open>)] for JPA transaction
2026-03-16 16:57:36 [http-nio-8080-exec-9] DEBUG o.s.orm.jpa.JpaTransactionManager - Opened new EntityManager [SessionImpl(276097354<open>)] for JPA transaction
2026-03-16 16:57:36 [http-nio-8080-exec-3] DEBUG o.s.orm.jpa.JpaTransactionManager - Creating new transaction with name [com.company.project.security.iam.CustomUserDetailsService.loadUserByUsername]: PROPAGATION_REQUIRED,ISOLATION_DEFAULT,readOnly
2026-03-16 16:57:36 [http-nio-8080-exec-3] DEBUG o.s.orm.jpa.JpaTransactionManager - Opened new EntityManager [SessionImpl(1426562594<open>)] for JPA transaction
2026-03-16 16:57:37 [http-nio-8080-exec-9] DEBUG o.s.orm.jpa.JpaTransactionManager - Exposing JPA transaction as JDBC [org.springframework.orm.jpa.vendor.HibernateJpaDialect$HibernateConnectionHandle@1c81550]
2026-03-16 16:57:37 [http-nio-8080-exec-7] DEBUG o.s.orm.jpa.JpaTransactionManager - Exposing JPA transaction as JDBC [org.springframework.orm.jpa.vendor.HibernateJpaDialect$HibernateConnectionHandle@29dd5a2]
2026-03-16 16:57:37 [http-nio-8080-exec-2] DEBUG o.s.orm.jpa.JpaTransactionManager - Exposing JPA transaction as JDBC [org.springframework.orm.jpa.vendor.HibernateJpaDialect$HibernateConnectionHandle@3e91060a]
2026-03-16 16:57:37 [http-nio-8080-exec-3] DEBUG o.s.orm.jpa.JpaTransactionManager - Exposing JPA transaction as JDBC [org.springframework.orm.jpa.vendor.HibernateJpaDialect$HibernateConnectionHandle@5e6438a5]
2026-03-16 16:57:37 [http-nio-8080-exec-10] DEBUG o.s.orm.jpa.JpaTransactionManager - Exposing JPA transaction as JDBC [org.springframework.orm.jpa.vendor.HibernateJpaDialect$HibernateConnectionHandle@6f766c68]
2026-03-16 16:57:37 [http-nio-8080-exec-9] DEBUG o.s.orm.jpa.JpaTransactionManager - Found thread-bound EntityManager [SessionImpl(276097354<open>)] for JPA transaction
2026-03-16 16:57:37 [http-nio-8080-exec-7] DEBUG o.s.orm.jpa.JpaTransactionManager - Found thread-bound EntityManager [SessionImpl(254707008<open>)] for JPA transaction
2026-03-16 16:57:37 [http-nio-8080-exec-2] DEBUG o.s.orm.jpa.JpaTransactionManager - Found thread-bound EntityManager [SessionImpl(365167407<open>)] for JPA transaction
2026-03-16 16:57:37 [http-nio-8080-exec-10] DEBUG o.s.orm.jpa.JpaTransactionManager - Found thread-bound EntityManager [SessionImpl(1376108920<open>)] for JPA transaction
2026-03-16 16:57:37 [http-nio-8080-exec-2] DEBUG o.s.orm.jpa.JpaTransactionManager - Participating in existing transaction
2026-03-16 16:57:37 [http-nio-8080-exec-3] DEBUG o.s.orm.jpa.JpaTransactionManager - Found thread-bound EntityManager [SessionImpl(1426562594<open>)] for JPA transaction
2026-03-16 16:57:37 [http-nio-8080-exec-3] DEBUG o.s.orm.jpa.JpaTransactionManager - Participating in existing transaction
2026-03-16 16:57:37 [http-nio-8080-exec-9] DEBUG o.s.orm.jpa.JpaTransactionManager - Participating in existing transaction
2026-03-16 16:57:37 [http-nio-8080-exec-2] DEBUG org.hibernate.SQL - select u1_0.emplyr_id,u1_0.area_no,u1_0.brthdy,u1_0.chg_pwd_cnt,u1_0.frst_register_id,u1_0.frst_regist_pnttm,u1_0.detail_adres,u1_0.email_adres,u1_0.emplyr_sttus_code,u1_0.empl_no,u1_0.esntl_id,u1_0.fxnum,u1_0.group_id,u1_0.house_adres,u1_0.house_end_telno,u1_0.house_middle_telno,u1_0.ihidnum,u1_0.pstinst_code,u1_0.last_updusr_id,u1_0.last_updt_pnttm,u1_0.lock_at,u1_0.lock_cnt,u1_0.lock_last_pnttm,u1_0.mbtlnum,u1_0.ofcps_nm,u1_0.offm_telno,u1_0.orgnzt_id,u1_0.password,u1_0.password_cnsr,u1_0.password_hint,u1_0.chg_pwd_last_pnttm,u1_0.role,u1_0.sbscrb_de,u1_0.sexdstn_code,u1_0.crtfc_dn_value,u1_0.user_nm,u1_0.zip from nemplyrinfo u1_0 where u1_0.emplyr_id=?
2026-03-16 16:57:37 [http-nio-8080-exec-7] DEBUG o.s.orm.jpa.JpaTransactionManager - Participating in existing transaction
2026-03-16 16:57:37 [http-nio-8080-exec-3] DEBUG org.hibernate.SQL - select u1_0.emplyr_id,u1_0.area_no,u1_0.brthdy,u1_0.chg_pwd_cnt,u1_0.frst_register_id,u1_0.frst_regist_pnttm,u1_0.detail_adres,u1_0.email_adres,u1_0.emplyr_sttus_code,u1_0.empl_no,u1_0.esntl_id,u1_0.fxnum,u1_0.group_id,u1_0.house_adres,u1_0.house_end_telno,u1_0.house_middle_telno,u1_0.ihidnum,u1_0.pstinst_code,u1_0.last_updusr_id,u1_0.last_updt_pnttm,u1_0.lock_at,u1_0.lock_cnt,u1_0.lock_last_pnttm,u1_0.mbtlnum,u1_0.ofcps_nm,u1_0.offm_telno,u1_0.orgnzt_id,u1_0.password,u1_0.password_cnsr,u1_0.password_hint,u1_0.chg_pwd_last_pnttm,u1_0.role,u1_0.sbscrb_de,u1_0.sexdstn_code,u1_0.crtfc_dn_value,u1_0.user_nm,u1_0.zip from nemplyrinfo u1_0 where u1_0.emplyr_id=?
2026-03-16 16:57:37 [http-nio-8080-exec-10] DEBUG o.s.orm.jpa.JpaTransactionManager - Participating in existing transaction
2026-03-16 16:57:37 [http-nio-8080-exec-9] DEBUG org.hibernate.SQL - select u1_0.emplyr_id,u1_0.area_no,u1_0.brthdy,u1_0.chg_pwd_cnt,u1_0.frst_register_id,u1_0.frst_regist_pnttm,u1_0.detail_adres,u1_0.email_adres,u1_0.emplyr_sttus_code,u1_0.empl_no,u1_0.esntl_id,u1_0.fxnum,u1_0.group_id,u1_0.house_adres,u1_0.house_end_telno,u1_0.house_middle_telno,u1_0.ihidnum,u1_0.pstinst_code,u1_0.last_updusr_id,u1_0.last_updt_pnttm,u1_0.lock_at,u1_0.lock_cnt,u1_0.lock_last_pnttm,u1_0.mbtlnum,u1_0.ofcps_nm,u1_0.offm_telno,u1_0.orgnzt_id,u1_0.password,u1_0.password_cnsr,u1_0.password_hint,u1_0.chg_pwd_last_pnttm,u1_0.role,u1_0.sbscrb_de,u1_0.sexdstn_code,u1_0.crtfc_dn_value,u1_0.user_nm,u1_0.zip from nemplyrinfo u1_0 where u1_0.emplyr_id=?
2026-03-16 16:57:37 [http-nio-8080-exec-10] DEBUG org.hibernate.SQL - select u1_0.emplyr_id,u1_0.area_no,u1_0.brthdy,u1_0.chg_pwd_cnt,u1_0.frst_register_id,u1_0.frst_regist_pnttm,u1_0.detail_adres,u1_0.email_adres,u1_0.emplyr_sttus_code,u1_0.empl_no,u1_0.esntl_id,u1_0.fxnum,u1_0.group_id,u1_0.house_adres,u1_0.house_end_telno,u1_0.house_middle_telno,u1_0.ihidnum,u1_0.pstinst_code,u1_0.last_updusr_id,u1_0.last_updt_pnttm,u1_0.lock_at,u1_0.lock_cnt,u1_0.lock_last_pnttm,u1_0.mbtlnum,u1_0.ofcps_nm,u1_0.offm_telno,u1_0.orgnzt_id,u1_0.password,u1_0.password_cnsr,u1_0.password_hint,u1_0.chg_pwd_last_pnttm,u1_0.role,u1_0.sbscrb_de,u1_0.sexdstn_code,u1_0.crtfc_dn_value,u1_0.user_nm,u1_0.zip from nemplyrinfo u1_0 where u1_0.emplyr_id=?
2026-03-16 16:57:37 [http-nio-8080-exec-7] DEBUG org.hibernate.SQL - select u1_0.emplyr_id,u1_0.area_no,u1_0.brthdy,u1_0.chg_pwd_cnt,u1_0.frst_register_id,u1_0.frst_regist_pnttm,u1_0.detail_adres,u1_0.email_adres,u1_0.emplyr_sttus_code,u1_0.empl_no,u1_0.esntl_id,u1_0.fxnum,u1_0.group_id,u1_0.house_adres,u1_0.house_end_telno,u1_0.house_middle_telno,u1_0.ihidnum,u1_0.pstinst_code,u1_0.last_updusr_id,u1_0.last_updt_pnttm,u1_0.lock_at,u1_0.lock_cnt,u1_0.lock_last_pnttm,u1_0.mbtlnum,u1_0.ofcps_nm,u1_0.offm_telno,u1_0.orgnzt_id,u1_0.password,u1_0.password_cnsr,u1_0.password_hint,u1_0.chg_pwd_last_pnttm,u1_0.role,u1_0.sbscrb_de,u1_0.sexdstn_code,u1_0.crtfc_dn_value,u1_0.user_nm,u1_0.zip from nemplyrinfo u1_0 where u1_0.emplyr_id=?
2026-03-16 16:57:37 [http-nio-8080-exec-6] DEBUG org.hibernate.SQL - select b1_0.ntt_id,b1_0.bbs_id,b1_0.ntt_sj,b1_0.ntcr_nm,b1_0.frst_regist_pnttm,b1_0.rdcnt,b1_0.answer_at,b1_0.parntsctt_no,b1_0.answer_lc,b1_0.sort_ordr,b1_0.ntt_no,b1_0.notice_at,b1_0.secret_at,b1_0.comment_co from nbbs b1_0 left join nemplyrinfo u1_0 on b1_0.frst_register_id=u1_0.esntl_id where (b1_0.use_at = 'Y') and b1_0.bbs_id=? order by b1_0.sort_ordr desc,b1_0.ntt_no offset ? rows fetch first ? rows only
2026-03-16 16:57:38 [http-nio-8080-exec-2] DEBUG o.s.orm.jpa.JpaTransactionManager - Found thread-bound EntityManager [SessionImpl(365167407<open>)] for JPA transaction
2026-03-16 16:57:38 [http-nio-8080-exec-2] DEBUG o.s.orm.jpa.JpaTransactionManager - Participating in existing transaction
2026-03-16 16:57:38 [http-nio-8080-exec-9] DEBUG o.s.orm.jpa.JpaTransactionManager - Found thread-bound EntityManager [SessionImpl(276097354<open>)] for JPA transaction
2026-03-16 16:57:38 [http-nio-8080-exec-3] DEBUG o.s.orm.jpa.JpaTransactionManager - Found thread-bound EntityManager [SessionImpl(1426562594<open>)] for JPA transaction
2026-03-16 16:57:38 [http-nio-8080-exec-9] DEBUG o.s.orm.jpa.JpaTransactionManager - Participating in existing transaction
2026-03-16 16:57:38 [http-nio-8080-exec-3] DEBUG o.s.orm.jpa.JpaTransactionManager - Participating in existing transaction
2026-03-16 16:57:38 [http-nio-8080-exec-7] DEBUG o.s.orm.jpa.JpaTransactionManager - Found thread-bound EntityManager [SessionImpl(254707008<open>)] for JPA transaction
2026-03-16 16:57:38 [http-nio-8080-exec-2] DEBUG org.hibernate.SQL - select ua1_0.scrty_dtrmn_trget_id,ua1_0.author_code,ua1_0.frst_register_id,ua1_0.frst_regist_pnttm,ua1_0.last_updusr_id,ua1_0.last_updt_pnttm,ua1_0.mber_ty_code from nemplyrscrtyestbs ua1_0 where ua1_0.scrty_dtrmn_trget_id=?
2026-03-16 16:57:38 [http-nio-8080-exec-7] DEBUG o.s.orm.jpa.JpaTransactionManager - Participating in existing transaction
2026-03-16 16:57:38 [http-nio-8080-exec-3] DEBUG org.hibernate.SQL - select ua1_0.scrty_dtrmn_trget_id,ua1_0.author_code,ua1_0.frst_register_id,ua1_0.frst_regist_pnttm,ua1_0.last_updusr_id,ua1_0.last_updt_pnttm,ua1_0.mber_ty_code from nemplyrscrtyestbs ua1_0 where ua1_0.scrty_dtrmn_trget_id=?
2026-03-16 16:57:38 [http-nio-8080-exec-7] DEBUG org.hibernate.SQL - select ua1_0.scrty_dtrmn_trget_id,ua1_0.author_code,ua1_0.frst_register_id,ua1_0.frst_regist_pnttm,ua1_0.last_updusr_id,ua1_0.last_updt_pnttm,ua1_0.mber_ty_code from nemplyrscrtyestbs ua1_0 where ua1_0.scrty_dtrmn_trget_id=?
2026-03-16 16:57:38 [http-nio-8080-exec-9] DEBUG org.hibernate.SQL - select ua1_0.scrty_dtrmn_trget_id,ua1_0.author_code,ua1_0.frst_register_id,ua1_0.frst_regist_pnttm,ua1_0.last_updusr_id,ua1_0.last_updt_pnttm,ua1_0.mber_ty_code from nemplyrscrtyestbs ua1_0 where ua1_0.scrty_dtrmn_trget_id=?
2026-03-16 16:57:38 [http-nio-8080-exec-10] DEBUG o.s.orm.jpa.JpaTransactionManager - Found thread-bound EntityManager [SessionImpl(1376108920<open>)] for JPA transaction
2026-03-16 16:57:38 [http-nio-8080-exec-10] DEBUG o.s.orm.jpa.JpaTransactionManager - Participating in existing transaction
2026-03-16 16:57:38 [http-nio-8080-exec-10] DEBUG org.hibernate.SQL - select ua1_0.scrty_dtrmn_trget_id,ua1_0.author_code,ua1_0.frst_register_id,ua1_0.frst_regist_pnttm,ua1_0.last_updusr_id,ua1_0.last_updt_pnttm,ua1_0.mber_ty_code from nemplyrscrtyestbs ua1_0 where ua1_0.scrty_dtrmn_trget_id=?
2026-03-16 16:57:38 [http-nio-8080-exec-6] DEBUG org.hibernate.SQL - select count(b1_0.ntt_id) from nbbs b1_0 left join nemplyrinfo u1_0 on b1_0.frst_register_id=u1_0.esntl_id where (b1_0.use_at = 'Y') and b1_0.bbs_id=?
2026-03-16 16:57:38 [http-nio-8080-exec-9] DEBUG o.s.orm.jpa.JpaTransactionManager - Initiating transaction commit
2026-03-16 16:57:38 [http-nio-8080-exec-9] DEBUG o.s.orm.jpa.JpaTransactionManager - Committing JPA transaction on EntityManager [SessionImpl(276097354<open>)]
2026-03-16 16:57:38 [http-nio-8080-exec-2] DEBUG o.s.orm.jpa.JpaTransactionManager - Initiating transaction commit
2026-03-16 16:57:38 [http-nio-8080-exec-2] DEBUG o.s.orm.jpa.JpaTransactionManager - Committing JPA transaction on EntityManager [SessionImpl(365167407<open>)]
2026-03-16 16:57:38 [http-nio-8080-exec-7] DEBUG o.s.orm.jpa.JpaTransactionManager - Initiating transaction commit
2026-03-16 16:57:38 [http-nio-8080-exec-10] DEBUG o.s.orm.jpa.JpaTransactionManager - Initiating transaction commit
2026-03-16 16:57:38 [http-nio-8080-exec-3] DEBUG o.s.orm.jpa.JpaTransactionManager - Initiating transaction commit
2026-03-16 16:57:38 [http-nio-8080-exec-6] DEBUG o.s.orm.jpa.JpaTransactionManager - Initiating transaction commit
2026-03-16 16:57:38 [http-nio-8080-exec-7] DEBUG o.s.orm.jpa.JpaTransactionManager - Committing JPA transaction on EntityManager [SessionImpl(254707008<open>)]
2026-03-16 16:57:38 [http-nio-8080-exec-10] DEBUG o.s.orm.jpa.JpaTransactionManager - Committing JPA transaction on EntityManager [SessionImpl(1376108920<open>)]
2026-03-16 16:57:38 [http-nio-8080-exec-3] DEBUG o.s.orm.jpa.JpaTransactionManager - Committing JPA transaction on EntityManager [SessionImpl(1426562594<open>)]
2026-03-16 16:57:38 [http-nio-8080-exec-6] DEBUG o.s.orm.jpa.JpaTransactionManager - Committing JPA transaction on EntityManager [SessionImpl(512897420<open>)]
2026-03-16 16:57:38 [http-nio-8080-exec-2] DEBUG o.s.orm.jpa.JpaTransactionManager - Closing JPA EntityManager [SessionImpl(365167407<open>)] after transaction
2026-03-16 16:57:38 [http-nio-8080-exec-9] DEBUG o.s.orm.jpa.JpaTransactionManager - Closing JPA EntityManager [SessionImpl(276097354<open>)] after transaction
2026-03-16 16:57:38 [http-nio-8080-exec-2] DEBUG c.c.p.s.jwt.JwtAuthenticationFilter - >>> [JwtFilter] Successfully authenticated user: USRCNFRM_99999999999, Authorities: [ROLE_ADMIN]
2026-03-16 16:57:38 [http-nio-8080-exec-9] DEBUG c.c.p.s.jwt.JwtAuthenticationFilter - >>> [JwtFilter] Successfully authenticated user: USRCNFRM_99999999999, Authorities: [ROLE_ADMIN]
2026-03-16 16:57:38 [http-nio-8080-exec-2] DEBUG o.s.web.servlet.DispatcherServlet - GET "/api/v1/menu/left?menuNo=40", parameters={masked}
2026-03-16 16:57:38 [http-nio-8080-exec-9] DEBUG o.s.web.servlet.DispatcherServlet - GET "/api/v1/menu/left?menuNo=60", parameters={masked}
2026-03-16 16:57:38 [http-nio-8080-exec-2] TRACE o.s.w.s.m.m.a.RequestMappingHandlerMapping - Mapped to com.company.project.api.controller.menu.MenuController#getLeftMenu(Long)
2026-03-16 16:57:38 [http-nio-8080-exec-9] TRACE o.s.w.s.m.m.a.RequestMappingHandlerMapping - Mapped to com.company.project.api.controller.menu.MenuController#getLeftMenu(Long)
2026-03-16 16:57:38 [http-nio-8080-exec-2] INFO  c.c.p.a.c.menu.MenuController - getLeftMenu called with menuNo=40
2026-03-16 16:57:38 [http-nio-8080-exec-9] INFO  c.c.p.a.c.menu.MenuController - getLeftMenu called with menuNo=60
2026-03-16 16:57:38 [http-nio-8080-exec-2] DEBUG o.s.orm.jpa.JpaTransactionManager - Creating new transaction with name [com.company.project.service.menu.MenuService.getSubMenus]: PROPAGATION_REQUIRED,ISOLATION_DEFAULT,readOnly
2026-03-16 16:57:38 [http-nio-8080-exec-9] DEBUG o.s.orm.jpa.JpaTransactionManager - Creating new transaction with name [com.company.project.service.menu.MenuService.getSubMenus]: PROPAGATION_REQUIRED,ISOLATION_DEFAULT,readOnly
2026-03-16 16:57:38 [http-nio-8080-exec-2] DEBUG o.s.orm.jpa.JpaTransactionManager - Opened new EntityManager [SessionImpl(1508672368<open>)] for JPA transaction
2026-03-16 16:57:38 [http-nio-8080-exec-9] DEBUG o.s.orm.jpa.JpaTransactionManager - Opened new EntityManager [SessionImpl(1448298887<open>)] for JPA transaction
2026-03-16 16:57:38 [http-nio-8080-exec-2] DEBUG o.s.orm.jpa.JpaTransactionManager - Exposing JPA transaction as JDBC [org.springframework.orm.jpa.vendor.HibernateJpaDialect$HibernateConnectionHandle@33ddac60]
2026-03-16 16:57:38 [http-nio-8080-exec-9] DEBUG o.s.orm.jpa.JpaTransactionManager - Exposing JPA transaction as JDBC [org.springframework.orm.jpa.vendor.HibernateJpaDialect$HibernateConnectionHandle@e6a8706]
2026-03-16 16:57:38 [http-nio-8080-exec-9] DEBUG org.hibernate.SQL - select m1_0.menu_no,m1_0.menu_dc,m1_0.menu_nm,m1_0.menu_ordr,m1_0.modern_route,m1_0.progrm_file_nm,m1_0.relate_image_nm,m1_0.relate_image_path,m1_0.route_updated_at,m1_0.upper_menu_no from nmenuinfo m1_0 order by m1_0.upper_menu_no,m1_0.menu_ordr
2026-03-16 16:57:38 [http-nio-8080-exec-2] DEBUG org.hibernate.SQL - select m1_0.menu_no,m1_0.menu_dc,m1_0.menu_nm,m1_0.menu_ordr,m1_0.modern_route,m1_0.progrm_file_nm,m1_0.relate_image_nm,m1_0.relate_image_path,m1_0.route_updated_at,m1_0.upper_menu_no from nmenuinfo m1_0 order by m1_0.upper_menu_no,m1_0.menu_ordr
2026-03-16 16:57:38 [http-nio-8080-exec-10] DEBUG o.s.orm.jpa.JpaTransactionManager - Closing JPA EntityManager [SessionImpl(1376108920<open>)] after transaction
2026-03-16 16:57:38 [http-nio-8080-exec-7] DEBUG o.s.orm.jpa.JpaTransactionManager - Closing JPA EntityManager [SessionImpl(254707008<open>)] after transaction
2026-03-16 16:57:38 [http-nio-8080-exec-10] DEBUG c.c.p.s.jwt.JwtAuthenticationFilter - >>> [JwtFilter] Successfully authenticated user: USRCNFRM_99999999999, Authorities: [ROLE_ADMIN]
2026-03-16 16:57:38 [http-nio-8080-exec-7] DEBUG c.c.p.s.jwt.JwtAuthenticationFilter - >>> [JwtFilter] Successfully authenticated user: USRCNFRM_99999999999, Authorities: [ROLE_ADMIN]
2026-03-16 16:57:38 [http-nio-8080-exec-10] DEBUG o.s.web.servlet.DispatcherServlet - GET "/api/v1/menu/left?menuNo=10", parameters={masked}
2026-03-16 16:57:38 [http-nio-8080-exec-7] DEBUG o.s.web.servlet.DispatcherServlet - GET "/api/v1/menu/left?menuNo=50", parameters={masked}
2026-03-16 16:57:38 [http-nio-8080-exec-10] TRACE o.s.w.s.m.m.a.RequestMappingHandlerMapping - Mapped to com.company.project.api.controller.menu.MenuController#getLeftMenu(Long)
2026-03-16 16:57:38 [http-nio-8080-exec-7] TRACE o.s.w.s.m.m.a.RequestMappingHandlerMapping - Mapped to com.company.project.api.controller.menu.MenuController#getLeftMenu(Long)
2026-03-16 16:57:38 [http-nio-8080-exec-6] DEBUG o.s.orm.jpa.JpaTransactionManager - Closing JPA EntityManager [SessionImpl(512897420<open>)] after transaction
2026-03-16 16:57:38 [http-nio-8080-exec-3] DEBUG o.s.orm.jpa.JpaTransactionManager - Closing JPA EntityManager [SessionImpl(1426562594<open>)] after transaction
2026-03-16 16:57:38 [http-nio-8080-exec-3] DEBUG c.c.p.s.jwt.JwtAuthenticationFilter - >>> [JwtFilter] Successfully authenticated user: USRCNFRM_99999999999, Authorities: [ROLE_ADMIN]
2026-03-16 16:57:38 [http-nio-8080-exec-6] DEBUG o.s.orm.jpa.JpaTransactionManager - Creating new transaction with name [com.company.project.service.board.BoardService.getBoardPosts]: PROPAGATION_REQUIRED,ISOLATION_DEFAULT,readOnly
2026-03-16 16:57:38 [http-nio-8080-exec-6] DEBUG o.s.orm.jpa.JpaTransactionManager - Opened new EntityManager [SessionImpl(939370729<open>)] for JPA transaction
2026-03-16 16:57:38 [http-nio-8080-exec-10] INFO  c.c.p.a.c.menu.MenuController - getLeftMenu called with menuNo=10
2026-03-16 16:57:38 [http-nio-8080-exec-6] DEBUG o.s.orm.jpa.JpaTransactionManager - Exposing JPA transaction as JDBC [org.springframework.orm.jpa.vendor.HibernateJpaDialect$HibernateConnectionHandle@27889e72]
2026-03-16 16:57:38 [http-nio-8080-exec-7] INFO  c.c.p.a.c.menu.MenuController - getLeftMenu called with menuNo=50
2026-03-16 16:57:38 [http-nio-8080-exec-10] DEBUG o.s.orm.jpa.JpaTransactionManager - Creating new transaction with name [com.company.project.service.menu.MenuService.getSubMenus]: PROPAGATION_REQUIRED,ISOLATION_DEFAULT,readOnly
2026-03-16 16:57:38 [http-nio-8080-exec-3] DEBUG o.s.web.servlet.DispatcherServlet - GET "/api/v1/menu/left?menuNo=20", parameters={masked}
2026-03-16 16:57:38 [http-nio-8080-exec-7] DEBUG o.s.orm.jpa.JpaTransactionManager - Creating new transaction with name [com.company.project.service.menu.MenuService.getSubMenus]: PROPAGATION_REQUIRED,ISOLATION_DEFAULT,readOnly
2026-03-16 16:57:38 [http-nio-8080-exec-10] DEBUG o.s.orm.jpa.JpaTransactionManager - Opened new EntityManager [SessionImpl(378670769<open>)] for JPA transaction
2026-03-16 16:57:38 [http-nio-8080-exec-7] DEBUG o.s.orm.jpa.JpaTransactionManager - Opened new EntityManager [SessionImpl(781428417<open>)] for JPA transaction
2026-03-16 16:57:38 [http-nio-8080-exec-7] DEBUG o.s.orm.jpa.JpaTransactionManager - Exposing JPA transaction as JDBC [org.springframework.orm.jpa.vendor.HibernateJpaDialect$HibernateConnectionHandle@2b87643f]
2026-03-16 16:57:38 [http-nio-8080-exec-3] TRACE o.s.w.s.m.m.a.RequestMappingHandlerMapping - Mapped to com.company.project.api.controller.menu.MenuController#getLeftMenu(Long)
2026-03-16 16:57:38 [http-nio-8080-exec-6] DEBUG o.s.orm.jpa.JpaTransactionManager - Found thread-bound EntityManager [SessionImpl(939370729<open>)] for JPA transaction
2026-03-16 16:57:38 [http-nio-8080-exec-10] DEBUG o.s.orm.jpa.JpaTransactionManager - Exposing JPA transaction as JDBC [org.springframework.orm.jpa.vendor.HibernateJpaDialect$HibernateConnectionHandle@536b03d8]
2026-03-16 16:57:38 [http-nio-8080-exec-6] DEBUG o.s.orm.jpa.JpaTransactionManager - Participating in existing transaction
2026-03-16 16:57:38 [http-nio-8080-exec-3] INFO  c.c.p.a.c.menu.MenuController - getLeftMenu called with menuNo=20
2026-03-16 16:57:38 [http-nio-8080-exec-3] DEBUG o.s.orm.jpa.JpaTransactionManager - Creating new transaction with name [com.company.project.service.menu.MenuService.getSubMenus]: PROPAGATION_REQUIRED,ISOLATION_DEFAULT,readOnly
2026-03-16 16:57:38 [http-nio-8080-exec-6] DEBUG org.hibernate.SQL - select bm1_0.bbs_id,bm1_0.atch_posbl_file_number,bm1_0.atch_posbl_file_size,bm1_0.bbs_attrb_code,bm1_0.bbs_intrcn,bm1_0.bbs_nm,bm1_0.bbs_ty_code,bm1_0.blog_at,bm1_0.blog_id,bm1_0.cmmnty_id,bm1_0.frst_register_id,bm1_0.frst_regist_pnttm,bm1_0.file_atch_posbl_at,bm1_0.last_updusr_id,bm1_0.last_updt_pnttm,bm1_0.reply_posbl_at,bm1_0.tmplat_id,bm1_0.use_at,bm1_1.answer_at,bm1_1.stsfdg_at from nbbsmaster bm1_0 left join nbbsmasteroptn bm1_1 on bm1_0.bbs_id=bm1_1.bbs_id where bm1_0.bbs_id=?
2026-03-16 16:57:38 [http-nio-8080-exec-3] DEBUG o.s.orm.jpa.JpaTransactionManager - Opened new EntityManager [SessionImpl(2110377022<open>)] for JPA transaction
2026-03-16 16:57:38 [http-nio-8080-exec-3] DEBUG o.s.orm.jpa.JpaTransactionManager - Exposing JPA transaction as JDBC [org.springframework.orm.jpa.vendor.HibernateJpaDialect$HibernateConnectionHandle@40b47148]
2026-03-16 16:57:38 [http-nio-8080-exec-10] DEBUG org.hibernate.SQL - select m1_0.menu_no,m1_0.menu_dc,m1_0.menu_nm,m1_0.menu_ordr,m1_0.modern_route,m1_0.progrm_file_nm,m1_0.relate_image_nm,m1_0.relate_image_path,m1_0.route_updated_at,m1_0.upper_menu_no from nmenuinfo m1_0 order by m1_0.upper_menu_no,m1_0.menu_ordr
2026-03-16 16:57:38 [http-nio-8080-exec-3] DEBUG org.hibernate.SQL - select m1_0.menu_no,m1_0.menu_dc,m1_0.menu_nm,m1_0.menu_ordr,m1_0.modern_route,m1_0.progrm_file_nm,m1_0.relate_image_nm,m1_0.relate_image_path,m1_0.route_updated_at,m1_0.upper_menu_no from nmenuinfo m1_0 order by m1_0.upper_menu_no,m1_0.menu_ordr
2026-03-16 16:57:38 [http-nio-8080-exec-7] DEBUG org.hibernate.SQL - select m1_0.menu_no,m1_0.menu_dc,m1_0.menu_nm,m1_0.menu_ordr,m1_0.modern_route,m1_0.progrm_file_nm,m1_0.relate_image_nm,m1_0.relate_image_path,m1_0.route_updated_at,m1_0.upper_menu_no from nmenuinfo m1_0 order by m1_0.upper_menu_no,m1_0.menu_ordr
2026-03-16 16:57:38 [http-nio-8080-exec-6] DEBUG org.hibernate.SQL - select b1_0.ntt_id,b1_0.bbs_id,b1_0.ntt_sj,b1_0.ntcr_nm,b1_0.frst_regist_pnttm,b1_0.rdcnt,b1_0.answer_at,b1_0.parntsctt_no,b1_0.answer_lc,b1_0.sort_ordr,b1_0.ntt_no,b1_0.notice_at,b1_0.secret_at,b1_0.comment_co from nbbs b1_0 left join nemplyrinfo u1_0 on b1_0.frst_register_id=u1_0.esntl_id where (b1_0.use_at = 'Y') and b1_0.bbs_id=? order by b1_0.sort_ordr desc,b1_0.ntt_no offset ? rows fetch first ? rows only
2026-03-16 16:57:38 [http-nio-8080-exec-2] DEBUG o.s.orm.jpa.JpaTransactionManager - Found thread-bound EntityManager [SessionImpl(1508672368<open>)] for JPA transaction
2026-03-16 16:57:38 [http-nio-8080-exec-2] DEBUG o.s.orm.jpa.JpaTransactionManager - Participating in existing transaction
2026-03-16 16:57:38 [http-nio-8080-exec-2] DEBUG org.hibernate.SQL - select p1_0.progrm_file_nm,p1_0.progrm_dc,p1_0.progrm_korean_nm,p1_0.progrm_stre_path,p1_0.url from nprogrmlist p1_0
2026-03-16 16:57:38 [http-nio-8080-exec-7] DEBUG o.s.orm.jpa.JpaTransactionManager - Found thread-bound EntityManager [SessionImpl(781428417<open>)] for JPA transaction
2026-03-16 16:57:38 [http-nio-8080-exec-7] DEBUG o.s.orm.jpa.JpaTransactionManager - Participating in existing transaction
2026-03-16 16:57:38 [http-nio-8080-exec-7] DEBUG org.hibernate.SQL - select p1_0.progrm_file_nm,p1_0.progrm_dc,p1_0.progrm_korean_nm,p1_0.progrm_stre_path,p1_0.url from nprogrmlist p1_0
2026-03-16 16:57:38 [http-nio-8080-exec-6] DEBUG org.hibernate.SQL - select count(b1_0.ntt_id) from nbbs b1_0 left join nemplyrinfo u1_0 on b1_0.frst_register_id=u1_0.esntl_id where (b1_0.use_at = 'Y') and b1_0.bbs_id=?
2026-03-16 16:57:38 [http-nio-8080-exec-10] DEBUG o.s.orm.jpa.JpaTransactionManager - Found thread-bound EntityManager [SessionImpl(378670769<open>)] for JPA transaction
2026-03-16 16:57:38 [http-nio-8080-exec-10] DEBUG o.s.orm.jpa.JpaTransactionManager - Participating in existing transaction
2026-03-16 16:57:38 [http-nio-8080-exec-10] DEBUG org.hibernate.SQL - select p1_0.progrm_file_nm,p1_0.progrm_dc,p1_0.progrm_korean_nm,p1_0.progrm_stre_path,p1_0.url from nprogrmlist p1_0
2026-03-16 16:57:38 [http-nio-8080-exec-3] DEBUG o.s.orm.jpa.JpaTransactionManager - Found thread-bound EntityManager [SessionImpl(2110377022<open>)] for JPA transaction
2026-03-16 16:57:38 [http-nio-8080-exec-3] DEBUG o.s.orm.jpa.JpaTransactionManager - Participating in existing transaction
2026-03-16 16:57:38 [http-nio-8080-exec-3] DEBUG org.hibernate.SQL - select p1_0.progrm_file_nm,p1_0.progrm_dc,p1_0.progrm_korean_nm,p1_0.progrm_stre_path,p1_0.url from nprogrmlist p1_0
2026-03-16 16:57:38 [http-nio-8080-exec-9] DEBUG o.s.orm.jpa.JpaTransactionManager - Found thread-bound EntityManager [SessionImpl(1448298887<open>)] for JPA transaction
2026-03-16 16:57:38 [http-nio-8080-exec-9] DEBUG o.s.orm.jpa.JpaTransactionManager - Participating in existing transaction
2026-03-16 16:57:38 [http-nio-8080-exec-9] DEBUG org.hibernate.SQL - select p1_0.progrm_file_nm,p1_0.progrm_dc,p1_0.progrm_korean_nm,p1_0.progrm_stre_path,p1_0.url from nprogrmlist p1_0
2026-03-16 16:57:38 [http-nio-8080-exec-6] DEBUG o.s.orm.jpa.JpaTransactionManager - Initiating transaction commit
2026-03-16 16:57:38 [http-nio-8080-exec-6] DEBUG o.s.orm.jpa.JpaTransactionManager - Committing JPA transaction on EntityManager [SessionImpl(939370729<open>)]
2026-03-16 16:57:38 [http-nio-8080-exec-7] DEBUG o.s.orm.jpa.JpaTransactionManager - Initiating transaction commit
2026-03-16 16:57:38 [http-nio-8080-exec-10] DEBUG o.s.orm.jpa.JpaTransactionManager - Initiating transaction commit
2026-03-16 16:57:38 [http-nio-8080-exec-7] DEBUG o.s.orm.jpa.JpaTransactionManager - Committing JPA transaction on EntityManager [SessionImpl(781428417<open>)]
2026-03-16 16:57:38 [http-nio-8080-exec-10] DEBUG o.s.orm.jpa.JpaTransactionManager - Committing JPA transaction on EntityManager [SessionImpl(378670769<open>)]
2026-03-16 16:57:38 [http-nio-8080-exec-3] DEBUG o.s.orm.jpa.JpaTransactionManager - Initiating transaction commit
2026-03-16 16:57:38 [http-nio-8080-exec-3] DEBUG o.s.orm.jpa.JpaTransactionManager - Committing JPA transaction on EntityManager [SessionImpl(2110377022<open>)]
2026-03-16 16:57:38 [http-nio-8080-exec-2] DEBUG o.s.orm.jpa.JpaTransactionManager - Initiating transaction commit
2026-03-16 16:57:38 [http-nio-8080-exec-2] DEBUG o.s.orm.jpa.JpaTransactionManager - Committing JPA transaction on EntityManager [SessionImpl(1508672368<open>)]
2026-03-16 16:57:38 [http-nio-8080-exec-7] DEBUG o.s.orm.jpa.JpaTransactionManager - Closing JPA EntityManager [SessionImpl(781428417<open>)] after transaction
2026-03-16 16:57:38 [http-nio-8080-exec-6] DEBUG o.s.orm.jpa.JpaTransactionManager - Closing JPA EntityManager [SessionImpl(939370729<open>)] after transaction
2026-03-16 16:57:38 [http-nio-8080-exec-7] INFO  c.c.p.a.c.menu.MenuController - getLeftMenu returned 3 items
2026-03-16 16:57:38 [http-nio-8080-exec-7] DEBUG o.s.w.s.m.m.a.HttpEntityMethodProcessor - Using 'application/json', given [application/json, text/plain, */*] and supported [application/json, application/*+json, application/yaml]
2026-03-16 16:57:38 [http-nio-8080-exec-6] DEBUG o.s.orm.jpa.JpaTransactionManager - Creating new transaction with name [com.company.project.service.informalsanction.InformalSanctionServiceImpl.getReceivedInformalSanctionList]: PROPAGATION_REQUIRED,ISOLATION_DEFAULT,readOnly
2026-03-16 16:57:38 [http-nio-8080-exec-7] TRACE o.s.w.s.m.m.a.HttpEntityMethodProcessor - Writing [ApiResponse[success=true, status=200, code=COMMON_001, message=Success, data={list=[com.company.project.service.menu.dto.MenuDto@159ac8da, com.company.project.service.menu.dto.MenuDto@590588d, com.company.project.service.menu.dto.MenuDto@3ed32ef3]}, timestamp=2026-03-16T16:57:38.999983600]]
2026-03-16 16:57:38 [http-nio-8080-exec-6] DEBUG o.s.orm.jpa.JpaTransactionManager - Opened new EntityManager [SessionImpl(5565993<open>)] for JPA transaction
2026-03-16 16:57:38 [http-nio-8080-exec-6] DEBUG o.s.orm.jpa.JpaTransactionManager - Exposing JPA transaction as JDBC [org.springframework.orm.jpa.vendor.HibernateJpaDialect$HibernateConnectionHandle@4eabb164]
2026-03-16 16:57:39 [http-nio-8080-exec-7] INFO  c.c.p.a.i.OperationalAuditInterceptor - API Audit Log: URL=/api/v1/menu/left, User=webmaster, IP=0:0:0:0:0:0:0:1
2026-03-16 16:57:39 [http-nio-8080-exec-7] DEBUG o.s.web.servlet.DispatcherServlet - Completed 200 OK
2026-03-16 16:57:39 [http-nio-8080-exec-3] DEBUG o.s.orm.jpa.JpaTransactionManager - Closing JPA EntityManager [SessionImpl(2110377022<open>)] after transaction
2026-03-16 16:57:39 [http-nio-8080-exec-10] DEBUG o.s.orm.jpa.JpaTransactionManager - Closing JPA EntityManager [SessionImpl(378670769<open>)] after transaction
2026-03-16 16:57:39 [http-nio-8080-exec-6] DEBUG org.hibernate.SQL - select is1_0.infrml_sanctn_id,is1_0.applcnt_id,is1_0.confm_at,is1_0.frst_register_id,is1_0.frst_regist_pnttm,is1_0.job_se_code,is1_0.last_updusr_id,is1_0.last_updt_pnttm,is1_0.reqst_de,is1_0.return_resn,is1_0.sanctn_dt,is1_0.sanctner_id from ninfrmlsanctn is1_0 where is1_0.sanctner_id=?
2026-03-16 16:57:39 [http-nio-8080-exec-3] INFO  c.c.p.a.c.menu.MenuController - getLeftMenu returned 3 items
2026-03-16 16:57:39 [http-nio-8080-exec-10] INFO  c.c.p.a.c.menu.MenuController - getLeftMenu returned 5 items
2026-03-16 16:57:39 [http-nio-8080-exec-10] DEBUG o.s.w.s.m.m.a.HttpEntityMethodProcessor - Using 'application/json', given [application/json, text/plain, */*] and supported [application/json, application/*+json, application/yaml]
2026-03-16 16:57:39 [http-nio-8080-exec-3] DEBUG o.s.w.s.m.m.a.HttpEntityMethodProcessor - Using 'application/json', given [application/json, text/plain, */*] and supported [application/json, application/*+json, application/yaml]
2026-03-16 16:57:39 [http-nio-8080-exec-10] TRACE o.s.w.s.m.m.a.HttpEntityMethodProcessor - Writing [ApiResponse[success=true, status=200, code=COMMON_001, message=Success, data={list=[com.company.project.service.menu.dto.MenuDto@78b77696, com.company.project.service.menu.dto.MenuDto@56677f4a, com.company.project.service.menu.dto.MenuDto@50b383d1, com.company.project.service.menu.dto.MenuDto@671e9c03, com.company.project.service.menu.dto.MenuDto@24de45b0]}, timestamp=2026-03-16T16:57:39.001744900]]
2026-03-16 16:57:39 [http-nio-8080-exec-3] TRACE o.s.w.s.m.m.a.HttpEntityMethodProcessor - Writing [ApiResponse[success=true, status=200, code=COMMON_001, message=Success, data={list=[com.company.project.service.menu.dto.MenuDto@2edd2948, com.company.project.service.menu.dto.MenuDto@1d1d7349, com.company.project.service.menu.dto.MenuDto@53ed9d43]}, timestamp=2026-03-16T16:57:39.001744900]]
2026-03-16 16:57:39 [http-nio-8080-exec-10] INFO  c.c.p.a.i.OperationalAuditInterceptor - API Audit Log: URL=/api/v1/menu/left, User=webmaster, IP=0:0:0:0:0:0:0:1
2026-03-16 16:57:39 [http-nio-8080-exec-3] INFO  c.c.p.a.i.OperationalAuditInterceptor - API Audit Log: URL=/api/v1/menu/left, User=webmaster, IP=0:0:0:0:0:0:0:1
2026-03-16 16:57:39 [http-nio-8080-exec-10] DEBUG o.s.web.servlet.DispatcherServlet - Completed 200 OK
2026-03-16 16:57:39 [http-nio-8080-exec-3] DEBUG o.s.web.servlet.DispatcherServlet - Completed 200 OK
2026-03-16 16:57:39 [http-nio-8080-exec-2] DEBUG o.s.orm.jpa.JpaTransactionManager - Closing JPA EntityManager [SessionImpl(1508672368<open>)] after transaction
2026-03-16 16:57:39 [http-nio-8080-exec-2] INFO  c.c.p.a.c.menu.MenuController - getLeftMenu returned 2 items
2026-03-16 16:57:39 [http-nio-8080-exec-2] DEBUG o.s.w.s.m.m.a.HttpEntityMethodProcessor - Using 'application/json', given [application/json, text/plain, */*] and supported [application/json, application/*+json, application/yaml]
2026-03-16 16:57:39 [http-nio-8080-exec-2] TRACE o.s.w.s.m.m.a.HttpEntityMethodProcessor - Writing [ApiResponse[success=true, status=200, code=COMMON_001, message=Success, data={list=[com.company.project.service.menu.dto.MenuDto@7925fc8c, com.company.project.service.menu.dto.MenuDto@1df8d871]}, timestamp=2026-03-16T16:57:39.120950700]]
2026-03-16 16:57:39 [http-nio-8080-exec-2] INFO  c.c.p.a.i.OperationalAuditInterceptor - API Audit Log: URL=/api/v1/menu/left, User=webmaster, IP=0:0:0:0:0:0:0:1
2026-03-16 16:57:39 [http-nio-8080-exec-2] DEBUG o.s.web.servlet.DispatcherServlet - Completed 200 OK
2026-03-16 16:57:39 [http-nio-8080-exec-9] DEBUG o.s.orm.jpa.JpaTransactionManager - Initiating transaction commit
2026-03-16 16:57:39 [http-nio-8080-exec-9] DEBUG o.s.orm.jpa.JpaTransactionManager - Committing JPA transaction on EntityManager [SessionImpl(1448298887<open>)]
2026-03-16 16:57:39 [http-nio-8080-exec-6] DEBUG o.s.orm.jpa.JpaTransactionManager - Initiating transaction commit
2026-03-16 16:57:39 [http-nio-8080-exec-6] DEBUG o.s.orm.jpa.JpaTransactionManager - Committing JPA transaction on EntityManager [SessionImpl(5565993<open>)]
2026-03-16 16:57:39 [http-nio-8080-exec-9] DEBUG o.s.orm.jpa.JpaTransactionManager - Closing JPA EntityManager [SessionImpl(1448298887<open>)] after transaction
2026-03-16 16:57:39 [http-nio-8080-exec-9] INFO  c.c.p.a.c.menu.MenuController - getLeftMenu returned 1 items
2026-03-16 16:57:39 [http-nio-8080-exec-9] DEBUG o.s.w.s.m.m.a.HttpEntityMethodProcessor - Using 'application/json', given [application/json, text/plain, */*] and supported [application/json, application/*+json, application/yaml]
2026-03-16 16:57:39 [http-nio-8080-exec-9] TRACE o.s.w.s.m.m.a.HttpEntityMethodProcessor - Writing [ApiResponse[success=true, status=200, code=COMMON_001, message=Success, data={list=[com.company.project.service.menu.dto.MenuDto@75da4fd6]}, timestamp=2026-03-16T16:57:39.273974100]]
2026-03-16 16:57:39 [http-nio-8080-exec-9] INFO  c.c.p.a.i.OperationalAuditInterceptor - API Audit Log: URL=/api/v1/menu/left, User=webmaster, IP=0:0:0:0:0:0:0:1
2026-03-16 16:57:39 [http-nio-8080-exec-9] DEBUG o.s.web.servlet.DispatcherServlet - Completed 200 OK
2026-03-16 16:57:39 [http-nio-8080-exec-6] DEBUG o.s.orm.jpa.JpaTransactionManager - Closing JPA EntityManager [SessionImpl(5565993<open>)] after transaction
2026-03-16 16:57:39 [http-nio-8080-exec-6] DEBUG o.s.w.s.m.m.a.HttpEntityMethodProcessor - Using 'application/json', given [application/json, text/plain, */*] and supported [application/json, application/*+json, application/yaml]
2026-03-16 16:57:39 [http-nio-8080-exec-6] TRACE o.s.w.s.m.m.a.HttpEntityMethodProcessor - Writing [{notiList=[com.company.project.service.board.dto.BoardDto@72c8dc6b], success=true, taskList=[com.company.project.service.board.dto.BoardDto@38dc646d], pendingApprovalCount=0}]
2026-03-16 16:57:39 [http-nio-8080-exec-6] INFO  c.c.p.a.i.OperationalAuditInterceptor - API Audit Log: URL=/api/v1/dashboard, User=webmaster, IP=0:0:0:0:0:0:0:1
2026-03-16 16:57:39 [http-nio-8080-exec-6] DEBUG o.s.web.servlet.DispatcherServlet - Completed 200 OK
2026-03-16 16:57:40 [http-nio-8080-exec-5] DEBUG c.c.p.s.jwt.JwtAuthenticationFilter - >>> [JwtFilter] Processing request: GET /api/v1/menu/left
2026-03-16 16:57:40 [http-nio-8080-exec-5] DEBUG c.c.p.s.jwt.JwtAuthenticationFilter - >>> [JwtFilter] Found token in header for path: /api/v1/menu/left
2026-03-16 16:57:40 [http-nio-8080-exec-5] DEBUG o.s.orm.jpa.JpaTransactionManager - Creating new transaction with name [com.company.project.security.iam.CustomUserDetailsService.loadUserByUsername]: PROPAGATION_REQUIRED,ISOLATION_DEFAULT,readOnly
2026-03-16 16:57:40 [http-nio-8080-exec-5] DEBUG o.s.orm.jpa.JpaTransactionManager - Opened new EntityManager [SessionImpl(1373308375<open>)] for JPA transaction
2026-03-16 16:57:40 [http-nio-8080-exec-1] DEBUG c.c.p.s.jwt.JwtAuthenticationFilter - >>> [JwtFilter] Processing request: GET /api/v1/menu/head
2026-03-16 16:57:40 [http-nio-8080-exec-4] DEBUG c.c.p.s.jwt.JwtAuthenticationFilter - >>> [JwtFilter] Processing request: GET /api/v1/auth/me
2026-03-16 16:57:40 [http-nio-8080-exec-1] DEBUG c.c.p.s.jwt.JwtAuthenticationFilter - >>> [JwtFilter] Found token in header for path: /api/v1/menu/head
2026-03-16 16:57:40 [http-nio-8080-exec-4] DEBUG c.c.p.s.jwt.JwtAuthenticationFilter - >>> [JwtFilter] Found token in header for path: /api/v1/auth/me
2026-03-16 16:57:40 [http-nio-8080-exec-4] DEBUG o.s.orm.jpa.JpaTransactionManager - Creating new transaction with name [com.company.project.security.iam.CustomUserDetailsService.loadUserByUsername]: PROPAGATION_REQUIRED,ISOLATION_DEFAULT,readOnly
2026-03-16 16:57:40 [http-nio-8080-exec-1] DEBUG o.s.orm.jpa.JpaTransactionManager - Creating new transaction with name [com.company.project.security.iam.CustomUserDetailsService.loadUserByUsername]: PROPAGATION_REQUIRED,ISOLATION_DEFAULT,readOnly
2026-03-16 16:57:40 [http-nio-8080-exec-4] DEBUG o.s.orm.jpa.JpaTransactionManager - Opened new EntityManager [SessionImpl(2129036581<open>)] for JPA transaction
2026-03-16 16:57:40 [http-nio-8080-exec-1] DEBUG o.s.orm.jpa.JpaTransactionManager - Opened new EntityManager [SessionImpl(501934266<open>)] for JPA transaction
2026-03-16 16:57:40 [http-nio-8080-exec-8] DEBUG c.c.p.s.jwt.JwtAuthenticationFilter - >>> [JwtFilter] Processing request: GET /api/v1/menu/head
2026-03-16 16:57:40 [http-nio-8080-exec-8] DEBUG c.c.p.s.jwt.JwtAuthenticationFilter - >>> [JwtFilter] Found token in header for path: /api/v1/menu/head
2026-03-16 16:57:40 [http-nio-8080-exec-8] DEBUG o.s.orm.jpa.JpaTransactionManager - Creating new transaction with name [com.company.project.security.iam.CustomUserDetailsService.loadUserByUsername]: PROPAGATION_REQUIRED,ISOLATION_DEFAULT,readOnly
2026-03-16 16:57:40 [http-nio-8080-exec-8] DEBUG o.s.orm.jpa.JpaTransactionManager - Opened new EntityManager [SessionImpl(517092824<open>)] for JPA transaction
2026-03-16 16:57:40 [http-nio-8080-exec-4] DEBUG o.s.orm.jpa.JpaTransactionManager - Exposing JPA transaction as JDBC [org.springframework.orm.jpa.vendor.HibernateJpaDialect$HibernateConnectionHandle@69dae11]
2026-03-16 16:57:40 [http-nio-8080-exec-1] DEBUG o.s.orm.jpa.JpaTransactionManager - Exposing JPA transaction as JDBC [org.springframework.orm.jpa.vendor.HibernateJpaDialect$HibernateConnectionHandle@58f190d]
2026-03-16 16:57:40 [http-nio-8080-exec-1] DEBUG o.s.orm.jpa.JpaTransactionManager - Found thread-bound EntityManager [SessionImpl(501934266<open>)] for JPA transaction
2026-03-16 16:57:40 [http-nio-8080-exec-4] DEBUG o.s.orm.jpa.JpaTransactionManager - Found thread-bound EntityManager [SessionImpl(2129036581<open>)] for JPA transaction
2026-03-16 16:57:40 [http-nio-8080-exec-1] DEBUG o.s.orm.jpa.JpaTransactionManager - Participating in existing transaction
2026-03-16 16:57:40 [http-nio-8080-exec-4] DEBUG o.s.orm.jpa.JpaTransactionManager - Participating in existing transaction
2026-03-16 16:57:40 [http-nio-8080-exec-4] DEBUG org.hibernate.SQL - select u1_0.emplyr_id,u1_0.area_no,u1_0.brthdy,u1_0.chg_pwd_cnt,u1_0.frst_register_id,u1_0.frst_regist_pnttm,u1_0.detail_adres,u1_0.email_adres,u1_0.emplyr_sttus_code,u1_0.empl_no,u1_0.esntl_id,u1_0.fxnum,u1_0.group_id,u1_0.house_adres,u1_0.house_end_telno,u1_0.house_middle_telno,u1_0.ihidnum,u1_0.pstinst_code,u1_0.last_updusr_id,u1_0.last_updt_pnttm,u1_0.lock_at,u1_0.lock_cnt,u1_0.lock_last_pnttm,u1_0.mbtlnum,u1_0.ofcps_nm,u1_0.offm_telno,u1_0.orgnzt_id,u1_0.password,u1_0.password_cnsr,u1_0.password_hint,u1_0.chg_pwd_last_pnttm,u1_0.role,u1_0.sbscrb_de,u1_0.sexdstn_code,u1_0.crtfc_dn_value,u1_0.user_nm,u1_0.zip from nemplyrinfo u1_0 where u1_0.emplyr_id=?
2026-03-16 16:57:40 [http-nio-8080-exec-1] DEBUG org.hibernate.SQL - select u1_0.emplyr_id,u1_0.area_no,u1_0.brthdy,u1_0.chg_pwd_cnt,u1_0.frst_register_id,u1_0.frst_regist_pnttm,u1_0.detail_adres,u1_0.email_adres,u1_0.emplyr_sttus_code,u1_0.empl_no,u1_0.esntl_id,u1_0.fxnum,u1_0.group_id,u1_0.house_adres,u1_0.house_end_telno,u1_0.house_middle_telno,u1_0.ihidnum,u1_0.pstinst_code,u1_0.last_updusr_id,u1_0.last_updt_pnttm,u1_0.lock_at,u1_0.lock_cnt,u1_0.lock_last_pnttm,u1_0.mbtlnum,u1_0.ofcps_nm,u1_0.offm_telno,u1_0.orgnzt_id,u1_0.password,u1_0.password_cnsr,u1_0.password_hint,u1_0.chg_pwd_last_pnttm,u1_0.role,u1_0.sbscrb_de,u1_0.sexdstn_code,u1_0.crtfc_dn_value,u1_0.user_nm,u1_0.zip from nemplyrinfo u1_0 where u1_0.emplyr_id=?
2026-03-16 16:57:40 [http-nio-8080-exec-5] DEBUG o.s.orm.jpa.JpaTransactionManager - Exposing JPA transaction as JDBC [org.springframework.orm.jpa.vendor.HibernateJpaDialect$HibernateConnectionHandle@3c8760fd]
2026-03-16 16:57:40 [http-nio-8080-exec-5] DEBUG o.s.orm.jpa.JpaTransactionManager - Found thread-bound EntityManager [SessionImpl(1373308375<open>)] for JPA transaction
2026-03-16 16:57:40 [http-nio-8080-exec-5] DEBUG o.s.orm.jpa.JpaTransactionManager - Participating in existing transaction
2026-03-16 16:57:40 [http-nio-8080-exec-5] DEBUG org.hibernate.SQL - select u1_0.emplyr_id,u1_0.area_no,u1_0.brthdy,u1_0.chg_pwd_cnt,u1_0.frst_register_id,u1_0.frst_regist_pnttm,u1_0.detail_adres,u1_0.email_adres,u1_0.emplyr_sttus_code,u1_0.empl_no,u1_0.esntl_id,u1_0.fxnum,u1_0.group_id,u1_0.house_adres,u1_0.house_end_telno,u1_0.house_middle_telno,u1_0.ihidnum,u1_0.pstinst_code,u1_0.last_updusr_id,u1_0.last_updt_pnttm,u1_0.lock_at,u1_0.lock_cnt,u1_0.lock_last_pnttm,u1_0.mbtlnum,u1_0.ofcps_nm,u1_0.offm_telno,u1_0.orgnzt_id,u1_0.password,u1_0.password_cnsr,u1_0.password_hint,u1_0.chg_pwd_last_pnttm,u1_0.role,u1_0.sbscrb_de,u1_0.sexdstn_code,u1_0.crtfc_dn_value,u1_0.user_nm,u1_0.zip from nemplyrinfo u1_0 where u1_0.emplyr_id=?
2026-03-16 16:57:40 [http-nio-8080-exec-8] DEBUG o.s.orm.jpa.JpaTransactionManager - Exposing JPA transaction as JDBC [org.springframework.orm.jpa.vendor.HibernateJpaDialect$HibernateConnectionHandle@39634173]
2026-03-16 16:57:40 [http-nio-8080-exec-8] DEBUG o.s.orm.jpa.JpaTransactionManager - Found thread-bound EntityManager [SessionImpl(517092824<open>)] for JPA transaction
2026-03-16 16:57:40 [http-nio-8080-exec-8] DEBUG o.s.orm.jpa.JpaTransactionManager - Participating in existing transaction
2026-03-16 16:57:40 [http-nio-8080-exec-8] DEBUG org.hibernate.SQL - select u1_0.emplyr_id,u1_0.area_no,u1_0.brthdy,u1_0.chg_pwd_cnt,u1_0.frst_register_id,u1_0.frst_regist_pnttm,u1_0.detail_adres,u1_0.email_adres,u1_0.emplyr_sttus_code,u1_0.empl_no,u1_0.esntl_id,u1_0.fxnum,u1_0.group_id,u1_0.house_adres,u1_0.house_end_telno,u1_0.house_middle_telno,u1_0.ihidnum,u1_0.pstinst_code,u1_0.last_updusr_id,u1_0.last_updt_pnttm,u1_0.lock_at,u1_0.lock_cnt,u1_0.lock_last_pnttm,u1_0.mbtlnum,u1_0.ofcps_nm,u1_0.offm_telno,u1_0.orgnzt_id,u1_0.password,u1_0.password_cnsr,u1_0.password_hint,u1_0.chg_pwd_last_pnttm,u1_0.role,u1_0.sbscrb_de,u1_0.sexdstn_code,u1_0.crtfc_dn_value,u1_0.user_nm,u1_0.zip from nemplyrinfo u1_0 where u1_0.emplyr_id=?
2026-03-16 16:57:40 [http-nio-8080-exec-1] DEBUG o.s.orm.jpa.JpaTransactionManager - Found thread-bound EntityManager [SessionImpl(501934266<open>)] for JPA transaction
2026-03-16 16:57:40 [http-nio-8080-exec-1] DEBUG o.s.orm.jpa.JpaTransactionManager - Participating in existing transaction
2026-03-16 16:57:40 [http-nio-8080-exec-1] DEBUG org.hibernate.SQL - select ua1_0.scrty_dtrmn_trget_id,ua1_0.author_code,ua1_0.frst_register_id,ua1_0.frst_regist_pnttm,ua1_0.last_updusr_id,ua1_0.last_updt_pnttm,ua1_0.mber_ty_code from nemplyrscrtyestbs ua1_0 where ua1_0.scrty_dtrmn_trget_id=?
2026-03-16 16:57:40 [http-nio-8080-exec-4] DEBUG o.s.orm.jpa.JpaTransactionManager - Found thread-bound EntityManager [SessionImpl(2129036581<open>)] for JPA transaction
2026-03-16 16:57:40 [http-nio-8080-exec-4] DEBUG o.s.orm.jpa.JpaTransactionManager - Participating in existing transaction
2026-03-16 16:57:40 [http-nio-8080-exec-4] DEBUG org.hibernate.SQL - select ua1_0.scrty_dtrmn_trget_id,ua1_0.author_code,ua1_0.frst_register_id,ua1_0.frst_regist_pnttm,ua1_0.last_updusr_id,ua1_0.last_updt_pnttm,ua1_0.mber_ty_code from nemplyrscrtyestbs ua1_0 where ua1_0.scrty_dtrmn_trget_id=?
2026-03-16 16:57:40 [http-nio-8080-exec-5] DEBUG o.s.orm.jpa.JpaTransactionManager - Found thread-bound EntityManager [SessionImpl(1373308375<open>)] for JPA transaction
2026-03-16 16:57:40 [http-nio-8080-exec-5] DEBUG o.s.orm.jpa.JpaTransactionManager - Participating in existing transaction
2026-03-16 16:57:40 [http-nio-8080-exec-5] DEBUG org.hibernate.SQL - select ua1_0.scrty_dtrmn_trget_id,ua1_0.author_code,ua1_0.frst_register_id,ua1_0.frst_regist_pnttm,ua1_0.last_updusr_id,ua1_0.last_updt_pnttm,ua1_0.mber_ty_code from nemplyrscrtyestbs ua1_0 where ua1_0.scrty_dtrmn_trget_id=?
2026-03-16 16:57:40 [http-nio-8080-exec-8] DEBUG o.s.orm.jpa.JpaTransactionManager - Found thread-bound EntityManager [SessionImpl(517092824<open>)] for JPA transaction
2026-03-16 16:57:40 [http-nio-8080-exec-8] DEBUG o.s.orm.jpa.JpaTransactionManager - Participating in existing transaction
2026-03-16 16:57:40 [http-nio-8080-exec-8] DEBUG org.hibernate.SQL - select ua1_0.scrty_dtrmn_trget_id,ua1_0.author_code,ua1_0.frst_register_id,ua1_0.frst_regist_pnttm,ua1_0.last_updusr_id,ua1_0.last_updt_pnttm,ua1_0.mber_ty_code from nemplyrscrtyestbs ua1_0 where ua1_0.scrty_dtrmn_trget_id=?
2026-03-16 16:57:40 [http-nio-8080-exec-1] DEBUG o.s.orm.jpa.JpaTransactionManager - Initiating transaction commit
2026-03-16 16:57:40 [http-nio-8080-exec-1] DEBUG o.s.orm.jpa.JpaTransactionManager - Committing JPA transaction on EntityManager [SessionImpl(501934266<open>)]
2026-03-16 16:57:40 [http-nio-8080-exec-4] DEBUG o.s.orm.jpa.JpaTransactionManager - Initiating transaction commit
2026-03-16 16:57:40 [http-nio-8080-exec-4] DEBUG o.s.orm.jpa.JpaTransactionManager - Committing JPA transaction on EntityManager [SessionImpl(2129036581<open>)]
2026-03-16 16:57:40 [http-nio-8080-exec-5] DEBUG o.s.orm.jpa.JpaTransactionManager - Initiating transaction commit
2026-03-16 16:57:40 [http-nio-8080-exec-5] DEBUG o.s.orm.jpa.JpaTransactionManager - Committing JPA transaction on EntityManager [SessionImpl(1373308375<open>)]
2026-03-16 16:57:40 [http-nio-8080-exec-8] DEBUG o.s.orm.jpa.JpaTransactionManager - Initiating transaction commit
2026-03-16 16:57:40 [http-nio-8080-exec-8] DEBUG o.s.orm.jpa.JpaTransactionManager - Committing JPA transaction on EntityManager [SessionImpl(517092824<open>)]
2026-03-16 16:57:40 [http-nio-8080-exec-1] DEBUG o.s.orm.jpa.JpaTransactionManager - Closing JPA EntityManager [SessionImpl(501934266<open>)] after transaction
2026-03-16 16:57:40 [http-nio-8080-exec-1] DEBUG c.c.p.s.jwt.JwtAuthenticationFilter - >>> [JwtFilter] Successfully authenticated user: USRCNFRM_99999999999, Authorities: [ROLE_ADMIN]
2026-03-16 16:57:40 [http-nio-8080-exec-1] DEBUG o.s.web.servlet.DispatcherServlet - GET "/api/v1/menu/head", parameters={}
2026-03-16 16:57:40 [http-nio-8080-exec-1] TRACE o.s.w.s.m.m.a.RequestMappingHandlerMapping - Mapped to com.company.project.api.controller.menu.MenuController#getHeadMenu()
2026-03-16 16:57:40 [http-nio-8080-exec-1] INFO  c.c.p.a.c.menu.MenuController - getHeadMenu called
2026-03-16 16:57:40 [http-nio-8080-exec-1] INFO  c.c.p.a.c.menu.MenuController - getHeadMenu returned 5 items
2026-03-16 16:57:40 [http-nio-8080-exec-1] DEBUG o.s.w.s.m.m.a.HttpEntityMethodProcessor - Using 'application/json', given [application/json, text/plain, */*] and supported [application/json, application/*+json, application/yaml]
2026-03-16 16:57:40 [http-nio-8080-exec-1] TRACE o.s.w.s.m.m.a.HttpEntityMethodProcessor - Writing [ApiResponse[success=true, status=200, code=COMMON_001, message=Success, data={list=[com.company.project.service.menu.dto.MenuDto@2b80d6b0, com.company.project.service.menu.dto.MenuDto@1418cfa3, com.company.project.service.menu.dto.MenuDto@f230bf1, com.company.project.service.menu.dto.MenuDto@734a7f6a, com.company.project.service.menu.dto.MenuDto@5e5202e5]}, timestamp=2026-03-16T16:57:40.650144400]]
2026-03-16 16:57:40 [http-nio-8080-exec-4] DEBUG o.s.orm.jpa.JpaTransactionManager - Closing JPA EntityManager [SessionImpl(2129036581<open>)] after transaction
2026-03-16 16:57:40 [http-nio-8080-exec-4] DEBUG c.c.p.s.jwt.JwtAuthenticationFilter - >>> [JwtFilter] Successfully authenticated user: USRCNFRM_99999999999, Authorities: [ROLE_ADMIN]
2026-03-16 16:57:40 [http-nio-8080-exec-1] INFO  c.c.p.a.i.OperationalAuditInterceptor - API Audit Log: URL=/api/v1/menu/head, User=webmaster, IP=127.0.0.1
2026-03-16 16:57:40 [http-nio-8080-exec-1] DEBUG o.s.web.servlet.DispatcherServlet - Completed 200 OK
2026-03-16 16:57:40 [http-nio-8080-exec-4] DEBUG o.s.web.servlet.DispatcherServlet - GET "/api/v1/auth/me", parameters={}
2026-03-16 16:57:40 [http-nio-8080-exec-4] TRACE o.s.w.s.m.m.a.RequestMappingHandlerMapping - Mapped to com.company.project.api.auth.AuthController#getCurrentUser()
2026-03-16 16:57:40 [http-nio-8080-exec-4] DEBUG o.s.w.s.m.m.a.RequestResponseBodyMethodProcessor - Using 'application/json', given [application/json, text/plain, */*] and supported [application/json, application/*+json, application/yaml]
2026-03-16 16:57:40 [http-nio-8080-exec-4] TRACE o.s.w.s.m.m.a.RequestResponseBodyMethodProcessor - Writing [ApiResponse[success=true, status=200, code=COMMON_001, message=Success, data={role=ROLE_ADMIN, userSe=EMP, name=관리자, id=webmaster}, timestamp=2026-03-16T16:57:40.652155900]]
2026-03-16 16:57:40 [http-nio-8080-exec-4] INFO  c.c.p.a.i.OperationalAuditInterceptor - API Audit Log: URL=/api/v1/auth/me, User=webmaster, IP=127.0.0.1
2026-03-16 16:57:40 [http-nio-8080-exec-4] DEBUG o.s.web.servlet.DispatcherServlet - Completed 200 OK
2026-03-16 16:57:40 [http-nio-8080-exec-5] DEBUG o.s.orm.jpa.JpaTransactionManager - Closing JPA EntityManager [SessionImpl(1373308375<open>)] after transaction
2026-03-16 16:57:40 [http-nio-8080-exec-5] DEBUG c.c.p.s.jwt.JwtAuthenticationFilter - >>> [JwtFilter] Successfully authenticated user: USRCNFRM_99999999999, Authorities: [ROLE_ADMIN]
2026-03-16 16:57:40 [http-nio-8080-exec-5] DEBUG o.s.web.servlet.DispatcherServlet - GET "/api/v1/menu/left?menuNo=10", parameters={masked}
2026-03-16 16:57:40 [http-nio-8080-exec-5] TRACE o.s.w.s.m.m.a.RequestMappingHandlerMapping - Mapped to com.company.project.api.controller.menu.MenuController#getLeftMenu(Long)
2026-03-16 16:57:40 [http-nio-8080-exec-5] INFO  c.c.p.a.c.menu.MenuController - getLeftMenu called with menuNo=10
2026-03-16 16:57:40 [http-nio-8080-exec-5] DEBUG o.s.orm.jpa.JpaTransactionManager - Creating new transaction with name [com.company.project.service.menu.MenuService.getSubMenus]: PROPAGATION_REQUIRED,ISOLATION_DEFAULT,readOnly
2026-03-16 16:57:40 [http-nio-8080-exec-5] DEBUG o.s.orm.jpa.JpaTransactionManager - Opened new EntityManager [SessionImpl(1765645446<open>)] for JPA transaction
2026-03-16 16:57:40 [http-nio-8080-exec-5] DEBUG o.s.orm.jpa.JpaTransactionManager - Exposing JPA transaction as JDBC [org.springframework.orm.jpa.vendor.HibernateJpaDialect$HibernateConnectionHandle@61edfaca]
2026-03-16 16:57:40 [http-nio-8080-exec-5] DEBUG org.hibernate.SQL - select m1_0.menu_no,m1_0.menu_dc,m1_0.menu_nm,m1_0.menu_ordr,m1_0.modern_route,m1_0.progrm_file_nm,m1_0.relate_image_nm,m1_0.relate_image_path,m1_0.route_updated_at,m1_0.upper_menu_no from nmenuinfo m1_0 order by m1_0.upper_menu_no,m1_0.menu_ordr
2026-03-16 16:57:40 [http-nio-8080-exec-8] DEBUG o.s.orm.jpa.JpaTransactionManager - Closing JPA EntityManager [SessionImpl(517092824<open>)] after transaction
2026-03-16 16:57:40 [http-nio-8080-exec-8] DEBUG c.c.p.s.jwt.JwtAuthenticationFilter - >>> [JwtFilter] Successfully authenticated user: USRCNFRM_99999999999, Authorities: [ROLE_ADMIN]
2026-03-16 16:57:40 [http-nio-8080-exec-8] DEBUG o.s.web.servlet.DispatcherServlet - GET "/api/v1/menu/head", parameters={}
2026-03-16 16:57:40 [http-nio-8080-exec-8] TRACE o.s.w.s.m.m.a.RequestMappingHandlerMapping - Mapped to com.company.project.api.controller.menu.MenuController#getHeadMenu()
2026-03-16 16:57:40 [http-nio-8080-exec-8] INFO  c.c.p.a.c.menu.MenuController - getHeadMenu called
2026-03-16 16:57:40 [http-nio-8080-exec-8] INFO  c.c.p.a.c.menu.MenuController - getHeadMenu returned 5 items
2026-03-16 16:57:40 [http-nio-8080-exec-8] DEBUG o.s.w.s.m.m.a.HttpEntityMethodProcessor - Using 'application/json', given [application/json, text/plain, */*] and supported [application/json, application/*+json, application/yaml]
2026-03-16 16:57:40 [http-nio-8080-exec-8] TRACE o.s.w.s.m.m.a.HttpEntityMethodProcessor - Writing [ApiResponse[success=true, status=200, code=COMMON_001, message=Success, data={list=[com.company.project.service.menu.dto.MenuDto@2b80d6b0, com.company.project.service.menu.dto.MenuDto@1418cfa3, com.company.project.service.menu.dto.MenuDto@f230bf1, com.company.project.service.menu.dto.MenuDto@734a7f6a, com.company.project.service.menu.dto.MenuDto@5e5202e5]}, timestamp=2026-03-16T16:57:40.705885600]]
2026-03-16 16:57:40 [http-nio-8080-exec-8] INFO  c.c.p.a.i.OperationalAuditInterceptor - API Audit Log: URL=/api/v1/menu/head, User=webmaster, IP=0:0:0:0:0:0:0:1
2026-03-16 16:57:40 [http-nio-8080-exec-8] DEBUG o.s.web.servlet.DispatcherServlet - Completed 200 OK
2026-03-16 16:57:40 [http-nio-8080-exec-3] DEBUG c.c.p.s.jwt.JwtAuthenticationFilter - >>> [JwtFilter] Processing request: GET /api/v1/menu/left
2026-03-16 16:57:40 [http-nio-8080-exec-7] DEBUG c.c.p.s.jwt.JwtAuthenticationFilter - >>> [JwtFilter] Processing request: GET /api/v1/menu/left
2026-03-16 16:57:40 [http-nio-8080-exec-3] DEBUG c.c.p.s.jwt.JwtAuthenticationFilter - >>> [JwtFilter] Found token in header for path: /api/v1/menu/left
2026-03-16 16:57:40 [http-nio-8080-exec-2] DEBUG c.c.p.s.jwt.JwtAuthenticationFilter - >>> [JwtFilter] Processing request: GET /api/v1/menu/left
2026-03-16 16:57:40 [http-nio-8080-exec-10] DEBUG c.c.p.s.jwt.JwtAuthenticationFilter - >>> [JwtFilter] Processing request: GET /api/v1/menu/left
2026-03-16 16:57:40 [http-nio-8080-exec-7] DEBUG c.c.p.s.jwt.JwtAuthenticationFilter - >>> [JwtFilter] Found token in header for path: /api/v1/menu/left
2026-03-16 16:57:40 [http-nio-8080-exec-2] DEBUG c.c.p.s.jwt.JwtAuthenticationFilter - >>> [JwtFilter] Found token in header for path: /api/v1/menu/left
2026-03-16 16:57:40 [http-nio-8080-exec-9] DEBUG c.c.p.s.jwt.JwtAuthenticationFilter - >>> [JwtFilter] Processing request: GET /api/v1/menu/left
2026-03-16 16:57:40 [http-nio-8080-exec-10] DEBUG c.c.p.s.jwt.JwtAuthenticationFilter - >>> [JwtFilter] Found token in header for path: /api/v1/menu/left
2026-03-16 16:57:40 [http-nio-8080-exec-9] DEBUG c.c.p.s.jwt.JwtAuthenticationFilter - >>> [JwtFilter] Found token in header for path: /api/v1/menu/left
2026-03-16 16:57:40 [http-nio-8080-exec-2] DEBUG o.s.orm.jpa.JpaTransactionManager - Creating new transaction with name [com.company.project.security.iam.CustomUserDetailsService.loadUserByUsername]: PROPAGATION_REQUIRED,ISOLATION_DEFAULT,readOnly
2026-03-16 16:57:40 [http-nio-8080-exec-2] DEBUG o.s.orm.jpa.JpaTransactionManager - Opened new EntityManager [SessionImpl(1502665740<open>)] for JPA transaction
2026-03-16 16:57:40 [http-nio-8080-exec-9] DEBUG o.s.orm.jpa.JpaTransactionManager - Creating new transaction with name [com.company.project.security.iam.CustomUserDetailsService.loadUserByUsername]: PROPAGATION_REQUIRED,ISOLATION_DEFAULT,readOnly
2026-03-16 16:57:40 [http-nio-8080-exec-7] DEBUG o.s.orm.jpa.JpaTransactionManager - Creating new transaction with name [com.company.project.security.iam.CustomUserDetailsService.loadUserByUsername]: PROPAGATION_REQUIRED,ISOLATION_DEFAULT,readOnly
2026-03-16 16:57:40 [http-nio-8080-exec-10] DEBUG o.s.orm.jpa.JpaTransactionManager - Creating new transaction with name [com.company.project.security.iam.CustomUserDetailsService.loadUserByUsername]: PROPAGATION_REQUIRED,ISOLATION_DEFAULT,readOnly
2026-03-16 16:57:40 [http-nio-8080-exec-9] DEBUG o.s.orm.jpa.JpaTransactionManager - Opened new EntityManager [SessionImpl(808949054<open>)] for JPA transaction
2026-03-16 16:57:40 [http-nio-8080-exec-7] DEBUG o.s.orm.jpa.JpaTransactionManager - Opened new EntityManager [SessionImpl(804337513<open>)] for JPA transaction
2026-03-16 16:57:40 [http-nio-8080-exec-10] DEBUG o.s.orm.jpa.JpaTransactionManager - Opened new EntityManager [SessionImpl(1227813710<open>)] for JPA transaction
2026-03-16 16:57:40 [http-nio-8080-exec-3] DEBUG o.s.orm.jpa.JpaTransactionManager - Creating new transaction with name [com.company.project.security.iam.CustomUserDetailsService.loadUserByUsername]: PROPAGATION_REQUIRED,ISOLATION_DEFAULT,readOnly
2026-03-16 16:57:40 [http-nio-8080-exec-3] DEBUG o.s.orm.jpa.JpaTransactionManager - Opened new EntityManager [SessionImpl(1058246898<open>)] for JPA transaction
2026-03-16 16:57:40 [http-nio-8080-exec-6] DEBUG c.c.p.s.jwt.JwtAuthenticationFilter - >>> [JwtFilter] Processing request: GET /api/v1/notifications
2026-03-16 16:57:40 [http-nio-8080-exec-6] DEBUG c.c.p.s.jwt.JwtAuthenticationFilter - >>> [JwtFilter] Found token in header for path: /api/v1/notifications
2026-03-16 16:57:40 [http-nio-8080-exec-6] DEBUG o.s.orm.jpa.JpaTransactionManager - Creating new transaction with name [com.company.project.security.iam.CustomUserDetailsService.loadUserByUsername]: PROPAGATION_REQUIRED,ISOLATION_DEFAULT,readOnly
2026-03-16 16:57:40 [http-nio-8080-exec-6] DEBUG o.s.orm.jpa.JpaTransactionManager - Opened new EntityManager [SessionImpl(504272650<open>)] for JPA transaction
2026-03-16 16:57:40 [http-nio-8080-exec-1] DEBUG c.c.p.s.jwt.JwtAuthenticationFilter - >>> [JwtFilter] Processing request: GET /api/v1/popups/active
2026-03-16 16:57:40 [http-nio-8080-exec-4] DEBUG c.c.p.s.jwt.JwtAuthenticationFilter - >>> [JwtFilter] Processing request: GET /api/v1/notifications/unread-count
2026-03-16 16:57:40 [http-nio-8080-exec-1] DEBUG c.c.p.s.jwt.JwtAuthenticationFilter - >>> [JwtFilter] Found token in header for path: /api/v1/popups/active
2026-03-16 16:57:40 [http-nio-8080-exec-4] DEBUG c.c.p.s.jwt.JwtAuthenticationFilter - >>> [JwtFilter] Found token in header for path: /api/v1/notifications/unread-count
2026-03-16 16:57:40 [http-nio-8080-exec-1] DEBUG o.s.orm.jpa.JpaTransactionManager - Creating new transaction with name [com.company.project.security.iam.CustomUserDetailsService.loadUserByUsername]: PROPAGATION_REQUIRED,ISOLATION_DEFAULT,readOnly
2026-03-16 16:57:40 [http-nio-8080-exec-4] DEBUG o.s.orm.jpa.JpaTransactionManager - Creating new transaction with name [com.company.project.security.iam.CustomUserDetailsService.loadUserByUsername]: PROPAGATION_REQUIRED,ISOLATION_DEFAULT,readOnly
2026-03-16 16:57:40 [http-nio-8080-exec-4] DEBUG o.s.orm.jpa.JpaTransactionManager - Opened new EntityManager [SessionImpl(1309471855<open>)] for JPA transaction
2026-03-16 16:57:40 [http-nio-8080-exec-1] DEBUG o.s.orm.jpa.JpaTransactionManager - Opened new EntityManager [SessionImpl(1507462746<open>)] for JPA transaction
2026-03-16 16:57:40 [http-nio-8080-exec-4] DEBUG o.s.orm.jpa.JpaTransactionManager - Exposing JPA transaction as JDBC [org.springframework.orm.jpa.vendor.HibernateJpaDialect$HibernateConnectionHandle@4c59b79b]
2026-03-16 16:57:40 [http-nio-8080-exec-1] DEBUG o.s.orm.jpa.JpaTransactionManager - Exposing JPA transaction as JDBC [org.springframework.orm.jpa.vendor.HibernateJpaDialect$HibernateConnectionHandle@f108537]
2026-03-16 16:57:40 [http-nio-8080-exec-1] DEBUG o.s.orm.jpa.JpaTransactionManager - Found thread-bound EntityManager [SessionImpl(1507462746<open>)] for JPA transaction
2026-03-16 16:57:40 [http-nio-8080-exec-1] DEBUG o.s.orm.jpa.JpaTransactionManager - Participating in existing transaction
2026-03-16 16:57:40 [http-nio-8080-exec-4] DEBUG o.s.orm.jpa.JpaTransactionManager - Found thread-bound EntityManager [SessionImpl(1309471855<open>)] for JPA transaction
2026-03-16 16:57:40 [http-nio-8080-exec-4] DEBUG o.s.orm.jpa.JpaTransactionManager - Participating in existing transaction
2026-03-16 16:57:40 [http-nio-8080-exec-1] DEBUG org.hibernate.SQL - select u1_0.emplyr_id,u1_0.area_no,u1_0.brthdy,u1_0.chg_pwd_cnt,u1_0.frst_register_id,u1_0.frst_regist_pnttm,u1_0.detail_adres,u1_0.email_adres,u1_0.emplyr_sttus_code,u1_0.empl_no,u1_0.esntl_id,u1_0.fxnum,u1_0.group_id,u1_0.house_adres,u1_0.house_end_telno,u1_0.house_middle_telno,u1_0.ihidnum,u1_0.pstinst_code,u1_0.last_updusr_id,u1_0.last_updt_pnttm,u1_0.lock_at,u1_0.lock_cnt,u1_0.lock_last_pnttm,u1_0.mbtlnum,u1_0.ofcps_nm,u1_0.offm_telno,u1_0.orgnzt_id,u1_0.password,u1_0.password_cnsr,u1_0.password_hint,u1_0.chg_pwd_last_pnttm,u1_0.role,u1_0.sbscrb_de,u1_0.sexdstn_code,u1_0.crtfc_dn_value,u1_0.user_nm,u1_0.zip from nemplyrinfo u1_0 where u1_0.emplyr_id=?
2026-03-16 16:57:40 [http-nio-8080-exec-4] DEBUG org.hibernate.SQL - select u1_0.emplyr_id,u1_0.area_no,u1_0.brthdy,u1_0.chg_pwd_cnt,u1_0.frst_register_id,u1_0.frst_regist_pnttm,u1_0.detail_adres,u1_0.email_adres,u1_0.emplyr_sttus_code,u1_0.empl_no,u1_0.esntl_id,u1_0.fxnum,u1_0.group_id,u1_0.house_adres,u1_0.house_end_telno,u1_0.house_middle_telno,u1_0.ihidnum,u1_0.pstinst_code,u1_0.last_updusr_id,u1_0.last_updt_pnttm,u1_0.lock_at,u1_0.lock_cnt,u1_0.lock_last_pnttm,u1_0.mbtlnum,u1_0.ofcps_nm,u1_0.offm_telno,u1_0.orgnzt_id,u1_0.password,u1_0.password_cnsr,u1_0.password_hint,u1_0.chg_pwd_last_pnttm,u1_0.role,u1_0.sbscrb_de,u1_0.sexdstn_code,u1_0.crtfc_dn_value,u1_0.user_nm,u1_0.zip from nemplyrinfo u1_0 where u1_0.emplyr_id=?
2026-03-16 16:57:40 [http-nio-8080-exec-8] DEBUG o.s.web.servlet.DispatcherServlet - GET "/ws/info?t=1773647860792", parameters={masked}
2026-03-16 16:57:40 [http-nio-8080-exec-8] DEBUG o.s.w.s.s.s.WebSocketHandlerMapping - Mapped to org.springframework.web.socket.sockjs.support.SockJsHttpRequestHandler@3d80b7ba
2026-03-16 16:57:40 [http-nio-8080-exec-8] DEBUG o.s.w.s.s.t.h.DefaultSockJsService - Processing transport request: GET http://localhost:8080/ws/info?t=1773647860792
2026-03-16 16:57:40 [http-nio-8080-exec-8] DEBUG o.s.web.servlet.DispatcherServlet - Completed 200 OK
2026-03-16 16:57:40 [http-nio-8080-exec-8] DEBUG o.s.web.servlet.DispatcherServlet - GET "/ws/426/r3akfzni/websocket", parameters={}
2026-03-16 16:57:40 [http-nio-8080-exec-8] DEBUG o.s.w.s.s.s.WebSocketHandlerMapping - Mapped to org.springframework.web.socket.sockjs.support.SockJsHttpRequestHandler@3d80b7ba
2026-03-16 16:57:40 [http-nio-8080-exec-8] DEBUG o.s.w.s.s.t.h.DefaultSockJsService - Processing transport request: GET http://localhost:8080/ws/426/r3akfzni/websocket
2026-03-16 16:57:40 [http-nio-8080-exec-8] DEBUG o.s.web.servlet.DispatcherServlet - Completed 101 SWITCHING_PROTOCOLS
2026-03-16 16:57:40 [http-nio-8080-exec-8] DEBUG o.s.w.s.h.LoggingWebSocketHandlerDecorator - New WebSocketServerSockJsSession[id=r3akfzni]
2026-03-16 16:57:40 [scheduling-1] DEBUG org.springframework.web.SimpLogging - Processing CONNECT session=r3akfzni
2026-03-16 16:57:40 [scheduling-1] DEBUG org.springframework.web.SimpLogging - Processing SUBSCRIBE /topic/notices id=sub-0 session=r3akfzni
2026-03-16 16:57:40 [scheduling-1] DEBUG org.springframework.web.SimpLogging - Processing SUBSCRIBE destination=/queue/notifications-userr3akfzni subscriptionId=sub-1 session=r3akfzni payload=byte[0]
2026-03-16 16:57:40 [scheduling-1] DEBUG org.springframework.web.SimpLogging - Processing SUBSCRIBE /topic/public id=sub-2 session=r3akfzni
2026-03-16 16:57:40 [scheduling-1] DEBUG org.springframework.web.SimpLogging - Processing SUBSCRIBE /topic/dashboard/stats id=sub-4 session=r3akfzni
2026-03-16 16:57:40 [scheduling-1] DEBUG org.springframework.web.SimpLogging - Processing SUBSCRIBE /topic/notifications id=sub-5 session=r3akfzni
2026-03-16 16:57:40 [scheduling-1] DEBUG org.springframework.web.SimpLogging - Processing SUBSCRIBE destination=/queue/notifications-userr3akfzni subscriptionId=sub-6 session=r3akfzni payload=byte[0]
2026-03-16 16:57:40 [http-nio-8080-exec-9] DEBUG o.s.orm.jpa.JpaTransactionManager - Exposing JPA transaction as JDBC [org.springframework.orm.jpa.vendor.HibernateJpaDialect$HibernateConnectionHandle@4dff5511]
2026-03-16 16:57:40 [http-nio-8080-exec-2] DEBUG o.s.orm.jpa.JpaTransactionManager - Exposing JPA transaction as JDBC [org.springframework.orm.jpa.vendor.HibernateJpaDialect$HibernateConnectionHandle@747124ad]
2026-03-16 16:57:40 [http-nio-8080-exec-9] DEBUG o.s.orm.jpa.JpaTransactionManager - Found thread-bound EntityManager [SessionImpl(808949054<open>)] for JPA transaction
2026-03-16 16:57:40 [http-nio-8080-exec-2] DEBUG o.s.orm.jpa.JpaTransactionManager - Found thread-bound EntityManager [SessionImpl(1502665740<open>)] for JPA transaction
2026-03-16 16:57:40 [http-nio-8080-exec-9] DEBUG o.s.orm.jpa.JpaTransactionManager - Participating in existing transaction
2026-03-16 16:57:40 [http-nio-8080-exec-2] DEBUG o.s.orm.jpa.JpaTransactionManager - Participating in existing transaction
2026-03-16 16:57:40 [http-nio-8080-exec-9] DEBUG org.hibernate.SQL - select u1_0.emplyr_id,u1_0.area_no,u1_0.brthdy,u1_0.chg_pwd_cnt,u1_0.frst_register_id,u1_0.frst_regist_pnttm,u1_0.detail_adres,u1_0.email_adres,u1_0.emplyr_sttus_code,u1_0.empl_no,u1_0.esntl_id,u1_0.fxnum,u1_0.group_id,u1_0.house_adres,u1_0.house_end_telno,u1_0.house_middle_telno,u1_0.ihidnum,u1_0.pstinst_code,u1_0.last_updusr_id,u1_0.last_updt_pnttm,u1_0.lock_at,u1_0.lock_cnt,u1_0.lock_last_pnttm,u1_0.mbtlnum,u1_0.ofcps_nm,u1_0.offm_telno,u1_0.orgnzt_id,u1_0.password,u1_0.password_cnsr,u1_0.password_hint,u1_0.chg_pwd_last_pnttm,u1_0.role,u1_0.sbscrb_de,u1_0.sexdstn_code,u1_0.crtfc_dn_value,u1_0.user_nm,u1_0.zip from nemplyrinfo u1_0 where u1_0.emplyr_id=?
2026-03-16 16:57:40 [http-nio-8080-exec-2] DEBUG org.hibernate.SQL - select u1_0.emplyr_id,u1_0.area_no,u1_0.brthdy,u1_0.chg_pwd_cnt,u1_0.frst_register_id,u1_0.frst_regist_pnttm,u1_0.detail_adres,u1_0.email_adres,u1_0.emplyr_sttus_code,u1_0.empl_no,u1_0.esntl_id,u1_0.fxnum,u1_0.group_id,u1_0.house_adres,u1_0.house_end_telno,u1_0.house_middle_telno,u1_0.ihidnum,u1_0.pstinst_code,u1_0.last_updusr_id,u1_0.last_updt_pnttm,u1_0.lock_at,u1_0.lock_cnt,u1_0.lock_last_pnttm,u1_0.mbtlnum,u1_0.ofcps_nm,u1_0.offm_telno,u1_0.orgnzt_id,u1_0.password,u1_0.password_cnsr,u1_0.password_hint,u1_0.chg_pwd_last_pnttm,u1_0.role,u1_0.sbscrb_de,u1_0.sexdstn_code,u1_0.crtfc_dn_value,u1_0.user_nm,u1_0.zip from nemplyrinfo u1_0 where u1_0.emplyr_id=?
2026-03-16 16:57:40 [http-nio-8080-exec-8] DEBUG c.c.p.s.jwt.JwtAuthenticationFilter - >>> [JwtFilter] Processing request: GET /api/v1/admin/system/banners/reflected
2026-03-16 16:57:40 [http-nio-8080-exec-8] DEBUG c.c.p.s.jwt.JwtAuthenticationFilter - >>> [JwtFilter] Found token in header for path: /api/v1/admin/system/banners/reflected
2026-03-16 16:57:40 [http-nio-8080-exec-8] DEBUG o.s.orm.jpa.JpaTransactionManager - Creating new transaction with name [com.company.project.security.iam.CustomUserDetailsService.loadUserByUsername]: PROPAGATION_REQUIRED,ISOLATION_DEFAULT,readOnly
2026-03-16 16:57:40 [http-nio-8080-exec-8] DEBUG o.s.orm.jpa.JpaTransactionManager - Opened new EntityManager [SessionImpl(772420458<open>)] for JPA transaction
2026-03-16 16:57:40 [http-nio-8080-exec-8] DEBUG o.s.orm.jpa.JpaTransactionManager - Exposing JPA transaction as JDBC [org.springframework.orm.jpa.vendor.HibernateJpaDialect$HibernateConnectionHandle@1013cc01]
2026-03-16 16:57:40 [http-nio-8080-exec-8] DEBUG o.s.orm.jpa.JpaTransactionManager - Found thread-bound EntityManager [SessionImpl(772420458<open>)] for JPA transaction
2026-03-16 16:57:40 [http-nio-8080-exec-8] DEBUG o.s.orm.jpa.JpaTransactionManager - Participating in existing transaction
2026-03-16 16:57:40 [http-nio-8080-exec-8] DEBUG org.hibernate.SQL - select u1_0.emplyr_id,u1_0.area_no,u1_0.brthdy,u1_0.chg_pwd_cnt,u1_0.frst_register_id,u1_0.frst_regist_pnttm,u1_0.detail_adres,u1_0.email_adres,u1_0.emplyr_sttus_code,u1_0.empl_no,u1_0.esntl_id,u1_0.fxnum,u1_0.group_id,u1_0.house_adres,u1_0.house_end_telno,u1_0.house_middle_telno,u1_0.ihidnum,u1_0.pstinst_code,u1_0.last_updusr_id,u1_0.last_updt_pnttm,u1_0.lock_at,u1_0.lock_cnt,u1_0.lock_last_pnttm,u1_0.mbtlnum,u1_0.ofcps_nm,u1_0.offm_telno,u1_0.orgnzt_id,u1_0.password,u1_0.password_cnsr,u1_0.password_hint,u1_0.chg_pwd_last_pnttm,u1_0.role,u1_0.sbscrb_de,u1_0.sexdstn_code,u1_0.crtfc_dn_value,u1_0.user_nm,u1_0.zip from nemplyrinfo u1_0 where u1_0.emplyr_id=?
2026-03-16 16:57:40 [http-nio-8080-exec-7] DEBUG o.s.orm.jpa.JpaTransactionManager - Exposing JPA transaction as JDBC [org.springframework.orm.jpa.vendor.HibernateJpaDialect$HibernateConnectionHandle@6ceee655]
2026-03-16 16:57:40 [http-nio-8080-exec-7] DEBUG o.s.orm.jpa.JpaTransactionManager - Found thread-bound EntityManager [SessionImpl(804337513<open>)] for JPA transaction
2026-03-16 16:57:40 [http-nio-8080-exec-7] DEBUG o.s.orm.jpa.JpaTransactionManager - Participating in existing transaction
2026-03-16 16:57:40 [http-nio-8080-exec-7] DEBUG org.hibernate.SQL - select u1_0.emplyr_id,u1_0.area_no,u1_0.brthdy,u1_0.chg_pwd_cnt,u1_0.frst_register_id,u1_0.frst_regist_pnttm,u1_0.detail_adres,u1_0.email_adres,u1_0.emplyr_sttus_code,u1_0.empl_no,u1_0.esntl_id,u1_0.fxnum,u1_0.group_id,u1_0.house_adres,u1_0.house_end_telno,u1_0.house_middle_telno,u1_0.ihidnum,u1_0.pstinst_code,u1_0.last_updusr_id,u1_0.last_updt_pnttm,u1_0.lock_at,u1_0.lock_cnt,u1_0.lock_last_pnttm,u1_0.mbtlnum,u1_0.ofcps_nm,u1_0.offm_telno,u1_0.orgnzt_id,u1_0.password,u1_0.password_cnsr,u1_0.password_hint,u1_0.chg_pwd_last_pnttm,u1_0.role,u1_0.sbscrb_de,u1_0.sexdstn_code,u1_0.crtfc_dn_value,u1_0.user_nm,u1_0.zip from nemplyrinfo u1_0 where u1_0.emplyr_id=?
2026-03-16 16:57:40 [http-nio-8080-exec-10] DEBUG o.s.orm.jpa.JpaTransactionManager - Exposing JPA transaction as JDBC [org.springframework.orm.jpa.vendor.HibernateJpaDialect$HibernateConnectionHandle@54f5cb1]
2026-03-16 16:57:40 [http-nio-8080-exec-10] DEBUG o.s.orm.jpa.JpaTransactionManager - Found thread-bound EntityManager [SessionImpl(1227813710<open>)] for JPA transaction
2026-03-16 16:57:40 [http-nio-8080-exec-10] DEBUG o.s.orm.jpa.JpaTransactionManager - Participating in existing transaction
2026-03-16 16:57:40 [http-nio-8080-exec-10] DEBUG org.hibernate.SQL - select u1_0.emplyr_id,u1_0.area_no,u1_0.brthdy,u1_0.chg_pwd_cnt,u1_0.frst_register_id,u1_0.frst_regist_pnttm,u1_0.detail_adres,u1_0.email_adres,u1_0.emplyr_sttus_code,u1_0.empl_no,u1_0.esntl_id,u1_0.fxnum,u1_0.group_id,u1_0.house_adres,u1_0.house_end_telno,u1_0.house_middle_telno,u1_0.ihidnum,u1_0.pstinst_code,u1_0.last_updusr_id,u1_0.last_updt_pnttm,u1_0.lock_at,u1_0.lock_cnt,u1_0.lock_last_pnttm,u1_0.mbtlnum,u1_0.ofcps_nm,u1_0.offm_telno,u1_0.orgnzt_id,u1_0.password,u1_0.password_cnsr,u1_0.password_hint,u1_0.chg_pwd_last_pnttm,u1_0.role,u1_0.sbscrb_de,u1_0.sexdstn_code,u1_0.crtfc_dn_value,u1_0.user_nm,u1_0.zip from nemplyrinfo u1_0 where u1_0.emplyr_id=?
2026-03-16 16:57:40 [http-nio-8080-exec-3] DEBUG o.s.orm.jpa.JpaTransactionManager - Exposing JPA transaction as JDBC [org.springframework.orm.jpa.vendor.HibernateJpaDialect$HibernateConnectionHandle@78c37931]
2026-03-16 16:57:40 [http-nio-8080-exec-3] DEBUG o.s.orm.jpa.JpaTransactionManager - Found thread-bound EntityManager [SessionImpl(1058246898<open>)] for JPA transaction
2026-03-16 16:57:40 [http-nio-8080-exec-3] DEBUG o.s.orm.jpa.JpaTransactionManager - Participating in existing transaction
2026-03-16 16:57:40 [http-nio-8080-exec-3] DEBUG org.hibernate.SQL - select u1_0.emplyr_id,u1_0.area_no,u1_0.brthdy,u1_0.chg_pwd_cnt,u1_0.frst_register_id,u1_0.frst_regist_pnttm,u1_0.detail_adres,u1_0.email_adres,u1_0.emplyr_sttus_code,u1_0.empl_no,u1_0.esntl_id,u1_0.fxnum,u1_0.group_id,u1_0.house_adres,u1_0.house_end_telno,u1_0.house_middle_telno,u1_0.ihidnum,u1_0.pstinst_code,u1_0.last_updusr_id,u1_0.last_updt_pnttm,u1_0.lock_at,u1_0.lock_cnt,u1_0.lock_last_pnttm,u1_0.mbtlnum,u1_0.ofcps_nm,u1_0.offm_telno,u1_0.orgnzt_id,u1_0.password,u1_0.password_cnsr,u1_0.password_hint,u1_0.chg_pwd_last_pnttm,u1_0.role,u1_0.sbscrb_de,u1_0.sexdstn_code,u1_0.crtfc_dn_value,u1_0.user_nm,u1_0.zip from nemplyrinfo u1_0 where u1_0.emplyr_id=?
2026-03-16 16:57:40 [http-nio-8080-exec-6] DEBUG o.s.orm.jpa.JpaTransactionManager - Exposing JPA transaction as JDBC [org.springframework.orm.jpa.vendor.HibernateJpaDialect$HibernateConnectionHandle@513dbbc1]
2026-03-16 16:57:40 [http-nio-8080-exec-6] DEBUG o.s.orm.jpa.JpaTransactionManager - Found thread-bound EntityManager [SessionImpl(504272650<open>)] for JPA transaction
2026-03-16 16:57:40 [http-nio-8080-exec-6] DEBUG o.s.orm.jpa.JpaTransactionManager - Participating in existing transaction
2026-03-16 16:57:40 [http-nio-8080-exec-6] DEBUG org.hibernate.SQL - select u1_0.emplyr_id,u1_0.area_no,u1_0.brthdy,u1_0.chg_pwd_cnt,u1_0.frst_register_id,u1_0.frst_regist_pnttm,u1_0.detail_adres,u1_0.email_adres,u1_0.emplyr_sttus_code,u1_0.empl_no,u1_0.esntl_id,u1_0.fxnum,u1_0.group_id,u1_0.house_adres,u1_0.house_end_telno,u1_0.house_middle_telno,u1_0.ihidnum,u1_0.pstinst_code,u1_0.last_updusr_id,u1_0.last_updt_pnttm,u1_0.lock_at,u1_0.lock_cnt,u1_0.lock_last_pnttm,u1_0.mbtlnum,u1_0.ofcps_nm,u1_0.offm_telno,u1_0.orgnzt_id,u1_0.password,u1_0.password_cnsr,u1_0.password_hint,u1_0.chg_pwd_last_pnttm,u1_0.role,u1_0.sbscrb_de,u1_0.sexdstn_code,u1_0.crtfc_dn_value,u1_0.user_nm,u1_0.zip from nemplyrinfo u1_0 where u1_0.emplyr_id=?
2026-03-16 16:57:40 [http-nio-8080-exec-4] DEBUG o.s.orm.jpa.JpaTransactionManager - Found thread-bound EntityManager [SessionImpl(1309471855<open>)] for JPA transaction
2026-03-16 16:57:40 [http-nio-8080-exec-1] DEBUG o.s.orm.jpa.JpaTransactionManager - Found thread-bound EntityManager [SessionImpl(1507462746<open>)] for JPA transaction
2026-03-16 16:57:40 [http-nio-8080-exec-4] DEBUG o.s.orm.jpa.JpaTransactionManager - Participating in existing transaction
2026-03-16 16:57:40 [http-nio-8080-exec-1] DEBUG o.s.orm.jpa.JpaTransactionManager - Participating in existing transaction
2026-03-16 16:57:40 [http-nio-8080-exec-4] DEBUG org.hibernate.SQL - select ua1_0.scrty_dtrmn_trget_id,ua1_0.author_code,ua1_0.frst_register_id,ua1_0.frst_regist_pnttm,ua1_0.last_updusr_id,ua1_0.last_updt_pnttm,ua1_0.mber_ty_code from nemplyrscrtyestbs ua1_0 where ua1_0.scrty_dtrmn_trget_id=?
2026-03-16 16:57:40 [http-nio-8080-exec-1] DEBUG org.hibernate.SQL - select ua1_0.scrty_dtrmn_trget_id,ua1_0.author_code,ua1_0.frst_register_id,ua1_0.frst_regist_pnttm,ua1_0.last_updusr_id,ua1_0.last_updt_pnttm,ua1_0.mber_ty_code from nemplyrscrtyestbs ua1_0 where ua1_0.scrty_dtrmn_trget_id=?
2026-03-16 16:57:40 [http-nio-8080-exec-5] DEBUG o.s.orm.jpa.JpaTransactionManager - Found thread-bound EntityManager [SessionImpl(1765645446<open>)] for JPA transaction
2026-03-16 16:57:40 [http-nio-8080-exec-5] DEBUG o.s.orm.jpa.JpaTransactionManager - Participating in existing transaction
2026-03-16 16:57:40 [http-nio-8080-exec-5] DEBUG org.hibernate.SQL - select p1_0.progrm_file_nm,p1_0.progrm_dc,p1_0.progrm_korean_nm,p1_0.progrm_stre_path,p1_0.url from nprogrmlist p1_0
2026-03-16 16:57:41 [http-nio-8080-exec-2] DEBUG o.s.orm.jpa.JpaTransactionManager - Found thread-bound EntityManager [SessionImpl(1502665740<open>)] for JPA transaction
2026-03-16 16:57:41 [http-nio-8080-exec-2] DEBUG o.s.orm.jpa.JpaTransactionManager - Participating in existing transaction
2026-03-16 16:57:41 [http-nio-8080-exec-2] DEBUG org.hibernate.SQL - select ua1_0.scrty_dtrmn_trget_id,ua1_0.author_code,ua1_0.frst_register_id,ua1_0.frst_regist_pnttm,ua1_0.last_updusr_id,ua1_0.last_updt_pnttm,ua1_0.mber_ty_code from nemplyrscrtyestbs ua1_0 where ua1_0.scrty_dtrmn_trget_id=?
2026-03-16 16:57:41 [http-nio-8080-exec-9] DEBUG o.s.orm.jpa.JpaTransactionManager - Found thread-bound EntityManager [SessionImpl(808949054<open>)] for JPA transaction
2026-03-16 16:57:41 [http-nio-8080-exec-9] DEBUG o.s.orm.jpa.JpaTransactionManager - Participating in existing transaction
2026-03-16 16:57:41 [http-nio-8080-exec-9] DEBUG org.hibernate.SQL - select ua1_0.scrty_dtrmn_trget_id,ua1_0.author_code,ua1_0.frst_register_id,ua1_0.frst_regist_pnttm,ua1_0.last_updusr_id,ua1_0.last_updt_pnttm,ua1_0.mber_ty_code from nemplyrscrtyestbs ua1_0 where ua1_0.scrty_dtrmn_trget_id=?
2026-03-16 16:57:41 [http-nio-8080-exec-8] DEBUG o.s.orm.jpa.JpaTransactionManager - Found thread-bound EntityManager [SessionImpl(772420458<open>)] for JPA transaction
2026-03-16 16:57:41 [http-nio-8080-exec-8] DEBUG o.s.orm.jpa.JpaTransactionManager - Participating in existing transaction
2026-03-16 16:57:41 [http-nio-8080-exec-8] DEBUG org.hibernate.SQL - select ua1_0.scrty_dtrmn_trget_id,ua1_0.author_code,ua1_0.frst_register_id,ua1_0.frst_regist_pnttm,ua1_0.last_updusr_id,ua1_0.last_updt_pnttm,ua1_0.mber_ty_code from nemplyrscrtyestbs ua1_0 where ua1_0.scrty_dtrmn_trget_id=?
2026-03-16 16:57:41 [http-nio-8080-exec-7] DEBUG o.s.orm.jpa.JpaTransactionManager - Found thread-bound EntityManager [SessionImpl(804337513<open>)] for JPA transaction
2026-03-16 16:57:41 [http-nio-8080-exec-7] DEBUG o.s.orm.jpa.JpaTransactionManager - Participating in existing transaction
2026-03-16 16:57:41 [http-nio-8080-exec-7] DEBUG org.hibernate.SQL - select ua1_0.scrty_dtrmn_trget_id,ua1_0.author_code,ua1_0.frst_register_id,ua1_0.frst_regist_pnttm,ua1_0.last_updusr_id,ua1_0.last_updt_pnttm,ua1_0.mber_ty_code from nemplyrscrtyestbs ua1_0 where ua1_0.scrty_dtrmn_trget_id=?
2026-03-16 16:57:41 [http-nio-8080-exec-10] DEBUG o.s.orm.jpa.JpaTransactionManager - Found thread-bound EntityManager [SessionImpl(1227813710<open>)] for JPA transaction
2026-03-16 16:57:41 [http-nio-8080-exec-10] DEBUG o.s.orm.jpa.JpaTransactionManager - Participating in existing transaction
2026-03-16 16:57:41 [http-nio-8080-exec-10] DEBUG org.hibernate.SQL - select ua1_0.scrty_dtrmn_trget_id,ua1_0.author_code,ua1_0.frst_register_id,ua1_0.frst_regist_pnttm,ua1_0.last_updusr_id,ua1_0.last_updt_pnttm,ua1_0.mber_ty_code from nemplyrscrtyestbs ua1_0 where ua1_0.scrty_dtrmn_trget_id=?
2026-03-16 16:57:41 [http-nio-8080-exec-3] DEBUG o.s.orm.jpa.JpaTransactionManager - Found thread-bound EntityManager [SessionImpl(1058246898<open>)] for JPA transaction
2026-03-16 16:57:41 [http-nio-8080-exec-3] DEBUG o.s.orm.jpa.JpaTransactionManager - Participating in existing transaction
2026-03-16 16:57:41 [http-nio-8080-exec-3] DEBUG org.hibernate.SQL - select ua1_0.scrty_dtrmn_trget_id,ua1_0.author_code,ua1_0.frst_register_id,ua1_0.frst_regist_pnttm,ua1_0.last_updusr_id,ua1_0.last_updt_pnttm,ua1_0.mber_ty_code from nemplyrscrtyestbs ua1_0 where ua1_0.scrty_dtrmn_trget_id=?
2026-03-16 16:57:41 [http-nio-8080-exec-1] DEBUG o.s.orm.jpa.JpaTransactionManager - Initiating transaction commit
2026-03-16 16:57:41 [http-nio-8080-exec-4] DEBUG o.s.orm.jpa.JpaTransactionManager - Initiating transaction commit
2026-03-16 16:57:41 [http-nio-8080-exec-1] DEBUG o.s.orm.jpa.JpaTransactionManager - Committing JPA transaction on EntityManager [SessionImpl(1507462746<open>)]
2026-03-16 16:57:41 [http-nio-8080-exec-4] DEBUG o.s.orm.jpa.JpaTransactionManager - Committing JPA transaction on EntityManager [SessionImpl(1309471855<open>)]
2026-03-16 16:57:41 [http-nio-8080-exec-6] DEBUG o.s.orm.jpa.JpaTransactionManager - Found thread-bound EntityManager [SessionImpl(504272650<open>)] for JPA transaction
2026-03-16 16:57:41 [http-nio-8080-exec-6] DEBUG o.s.orm.jpa.JpaTransactionManager - Participating in existing transaction
2026-03-16 16:57:41 [http-nio-8080-exec-6] DEBUG org.hibernate.SQL - select ua1_0.scrty_dtrmn_trget_id,ua1_0.author_code,ua1_0.frst_register_id,ua1_0.frst_regist_pnttm,ua1_0.last_updusr_id,ua1_0.last_updt_pnttm,ua1_0.mber_ty_code from nemplyrscrtyestbs ua1_0 where ua1_0.scrty_dtrmn_trget_id=?
2026-03-16 16:57:41 [http-nio-8080-exec-5] DEBUG o.s.orm.jpa.JpaTransactionManager - Initiating transaction commit
2026-03-16 16:57:41 [http-nio-8080-exec-5] DEBUG o.s.orm.jpa.JpaTransactionManager - Committing JPA transaction on EntityManager [SessionImpl(1765645446<open>)]
2026-03-16 16:57:41 [http-nio-8080-exec-2] DEBUG o.s.orm.jpa.JpaTransactionManager - Initiating transaction commit
2026-03-16 16:57:41 [http-nio-8080-exec-9] DEBUG o.s.orm.jpa.JpaTransactionManager - Initiating transaction commit
2026-03-16 16:57:41 [http-nio-8080-exec-2] DEBUG o.s.orm.jpa.JpaTransactionManager - Committing JPA transaction on EntityManager [SessionImpl(1502665740<open>)]
2026-03-16 16:57:41 [http-nio-8080-exec-9] DEBUG o.s.orm.jpa.JpaTransactionManager - Committing JPA transaction on EntityManager [SessionImpl(808949054<open>)]
2026-03-16 16:57:41 [http-nio-8080-exec-8] DEBUG o.s.orm.jpa.JpaTransactionManager - Initiating transaction commit
2026-03-16 16:57:41 [http-nio-8080-exec-8] DEBUG o.s.orm.jpa.JpaTransactionManager - Committing JPA transaction on EntityManager [SessionImpl(772420458<open>)]
2026-03-16 16:57:41 [http-nio-8080-exec-10] DEBUG o.s.orm.jpa.JpaTransactionManager - Initiating transaction commit
2026-03-16 16:57:41 [http-nio-8080-exec-7] DEBUG o.s.orm.jpa.JpaTransactionManager - Initiating transaction commit
2026-03-16 16:57:41 [http-nio-8080-exec-10] DEBUG o.s.orm.jpa.JpaTransactionManager - Committing JPA transaction on EntityManager [SessionImpl(1227813710<open>)]
2026-03-16 16:57:41 [http-nio-8080-exec-7] DEBUG o.s.orm.jpa.JpaTransactionManager - Committing JPA transaction on EntityManager [SessionImpl(804337513<open>)]
2026-03-16 16:57:41 [http-nio-8080-exec-3] DEBUG o.s.orm.jpa.JpaTransactionManager - Initiating transaction commit
2026-03-16 16:57:41 [http-nio-8080-exec-3] DEBUG o.s.orm.jpa.JpaTransactionManager - Committing JPA transaction on EntityManager [SessionImpl(1058246898<open>)]
2026-03-16 16:57:41 [http-nio-8080-exec-4] DEBUG o.s.orm.jpa.JpaTransactionManager - Closing JPA EntityManager [SessionImpl(1309471855<open>)] after transaction
2026-03-16 16:57:41 [http-nio-8080-exec-1] DEBUG o.s.orm.jpa.JpaTransactionManager - Closing JPA EntityManager [SessionImpl(1507462746<open>)] after transaction
2026-03-16 16:57:41 [http-nio-8080-exec-4] DEBUG c.c.p.s.jwt.JwtAuthenticationFilter - >>> [JwtFilter] Successfully authenticated user: USRCNFRM_99999999999, Authorities: [ROLE_ADMIN]
2026-03-16 16:57:41 [http-nio-8080-exec-1] DEBUG c.c.p.s.jwt.JwtAuthenticationFilter - >>> [JwtFilter] Successfully authenticated user: USRCNFRM_99999999999, Authorities: [ROLE_ADMIN]
2026-03-16 16:57:41 [http-nio-8080-exec-4] DEBUG o.s.web.servlet.DispatcherServlet - GET "/api/v1/notifications/unread-count", parameters={}
2026-03-16 16:57:41 [http-nio-8080-exec-1] DEBUG o.s.web.servlet.DispatcherServlet - GET "/api/v1/popups/active", parameters={}
2026-03-16 16:57:41 [http-nio-8080-exec-4] TRACE o.s.w.s.m.m.a.RequestMappingHandlerMapping - Mapped to com.company.project.api.controller.notification.NotificationController#getUnreadCount(UserDetails)
2026-03-16 16:57:41 [http-nio-8080-exec-1] TRACE o.s.w.s.m.m.a.RequestMappingHandlerMapping - Mapped to com.company.project.api.controller.system.content.popup.PopupController#getActivePopups()
2026-03-16 16:57:41 [http-nio-8080-exec-4] DEBUG o.s.orm.jpa.JpaTransactionManager - Creating new transaction with name [com.company.project.service.notification.NotificationService.getUnreadCount]: PROPAGATION_REQUIRED,ISOLATION_DEFAULT,readOnly
2026-03-16 16:57:41 [http-nio-8080-exec-4] DEBUG o.s.orm.jpa.JpaTransactionManager - Opened new EntityManager [SessionImpl(2001857808<open>)] for JPA transaction
2026-03-16 16:57:41 [http-nio-8080-exec-4] DEBUG o.s.orm.jpa.JpaTransactionManager - Exposing JPA transaction as JDBC [org.springframework.orm.jpa.vendor.HibernateJpaDialect$HibernateConnectionHandle@1bd3a36a]
2026-03-16 16:57:41 [http-nio-8080-exec-1] DEBUG o.s.orm.jpa.JpaTransactionManager - Creating new transaction with name [com.company.project.service.system.content.popup.PopupServiceImpl.getActivePopups]: PROPAGATION_REQUIRED,ISOLATION_DEFAULT,readOnly
2026-03-16 16:57:41 [http-nio-8080-exec-1] DEBUG o.s.orm.jpa.JpaTransactionManager - Opened new EntityManager [SessionImpl(438852299<open>)] for JPA transaction
2026-03-16 16:57:41 [http-nio-8080-exec-1] DEBUG o.s.orm.jpa.JpaTransactionManager - Exposing JPA transaction as JDBC [org.springframework.orm.jpa.vendor.HibernateJpaDialect$HibernateConnectionHandle@3473e554]
2026-03-16 16:57:41 [http-nio-8080-exec-4] DEBUG org.hibernate.SQL - select count(n1_0.ntcn_no) from n_user_notification n1_0 where n1_0.receiver_id=? and n1_0.is_read=?
2026-03-16 16:57:41 [http-nio-8080-exec-1] DEBUG org.hibernate.SQL - select p1_0.popup_id,p1_0.frst_register_id,p1_0.frst_regist_pnttm,p1_0.file_url,p1_0.ntce_at,p1_0.stopvew_setup_at,p1_0.last_updusr_id,p1_0.last_updt_pnttm,p1_0.ntce_bgnde,p1_0.ntce_endde,p1_0.popup_vrticl_lc,p1_0.popup_vrticl_size,p1_0.popup_sj_nm,p1_0.popup_width_lc,p1_0.popup_width_size from npopupmanage p1_0 where p1_0.ntce_at='Y' and ? between p1_0.ntce_bgnde and p1_0.ntce_endde
2026-03-16 16:57:41 [http-nio-8080-exec-6] DEBUG o.s.orm.jpa.JpaTransactionManager - Initiating transaction commit
2026-03-16 16:57:41 [http-nio-8080-exec-6] DEBUG o.s.orm.jpa.JpaTransactionManager - Committing JPA transaction on EntityManager [SessionImpl(504272650<open>)]
2026-03-16 16:57:41 [http-nio-8080-exec-5] DEBUG o.s.orm.jpa.JpaTransactionManager - Closing JPA EntityManager [SessionImpl(1765645446<open>)] after transaction
2026-03-16 16:57:41 [http-nio-8080-exec-5] INFO  c.c.p.a.c.menu.MenuController - getLeftMenu returned 5 items
2026-03-16 16:57:41 [http-nio-8080-exec-5] DEBUG o.s.w.s.m.m.a.HttpEntityMethodProcessor - Using 'application/json', given [application/json, text/plain, */*] and supported [application/json, application/*+json, application/yaml]
2026-03-16 16:57:41 [http-nio-8080-exec-5] TRACE o.s.w.s.m.m.a.HttpEntityMethodProcessor - Writing [ApiResponse[success=true, status=200, code=COMMON_001, message=Success, data={list=[com.company.project.service.menu.dto.MenuDto@36745767, com.company.project.service.menu.dto.MenuDto@10561c39, com.company.project.service.menu.dto.MenuDto@c5c22e, com.company.project.service.menu.dto.MenuDto@5c4a38a8, com.company.project.service.menu.dto.MenuDto@48918329]}, timestamp=2026-03-16T16:57:41.305957600]]
2026-03-16 16:57:41 [http-nio-8080-exec-5] INFO  c.c.p.a.i.OperationalAuditInterceptor - API Audit Log: URL=/api/v1/menu/left, User=webmaster, IP=127.0.0.1
2026-03-16 16:57:41 [http-nio-8080-exec-5] DEBUG o.s.web.servlet.DispatcherServlet - Completed 200 OK
2026-03-16 16:57:41 [http-nio-8080-exec-5] DEBUG c.c.p.s.jwt.JwtAuthenticationFilter - >>> [JwtFilter] Processing request: GET /api/v1/admin/system/statistics/connect
2026-03-16 16:57:41 [http-nio-8080-exec-5] DEBUG c.c.p.s.jwt.JwtAuthenticationFilter - >>> [JwtFilter] Found token in header for path: /api/v1/admin/system/statistics/connect
2026-03-16 16:57:41 [http-nio-8080-exec-5] DEBUG o.s.orm.jpa.JpaTransactionManager - Creating new transaction with name [com.company.project.security.iam.CustomUserDetailsService.loadUserByUsername]: PROPAGATION_REQUIRED,ISOLATION_DEFAULT,readOnly
2026-03-16 16:57:41 [http-nio-8080-exec-5] DEBUG o.s.orm.jpa.JpaTransactionManager - Opened new EntityManager [SessionImpl(1745287638<open>)] for JPA transaction
2026-03-16 16:57:41 [http-nio-8080-exec-5] DEBUG o.s.orm.jpa.JpaTransactionManager - Exposing JPA transaction as JDBC [org.springframework.orm.jpa.vendor.HibernateJpaDialect$HibernateConnectionHandle@467c824a]
2026-03-16 16:57:41 [http-nio-8080-exec-5] DEBUG o.s.orm.jpa.JpaTransactionManager - Found thread-bound EntityManager [SessionImpl(1745287638<open>)] for JPA transaction
2026-03-16 16:57:41 [http-nio-8080-exec-5] DEBUG o.s.orm.jpa.JpaTransactionManager - Participating in existing transaction
2026-03-16 16:57:41 [http-nio-8080-exec-5] DEBUG org.hibernate.SQL - select u1_0.emplyr_id,u1_0.area_no,u1_0.brthdy,u1_0.chg_pwd_cnt,u1_0.frst_register_id,u1_0.frst_regist_pnttm,u1_0.detail_adres,u1_0.email_adres,u1_0.emplyr_sttus_code,u1_0.empl_no,u1_0.esntl_id,u1_0.fxnum,u1_0.group_id,u1_0.house_adres,u1_0.house_end_telno,u1_0.house_middle_telno,u1_0.ihidnum,u1_0.pstinst_code,u1_0.last_updusr_id,u1_0.last_updt_pnttm,u1_0.lock_at,u1_0.lock_cnt,u1_0.lock_last_pnttm,u1_0.mbtlnum,u1_0.ofcps_nm,u1_0.offm_telno,u1_0.orgnzt_id,u1_0.password,u1_0.password_cnsr,u1_0.password_hint,u1_0.chg_pwd_last_pnttm,u1_0.role,u1_0.sbscrb_de,u1_0.sexdstn_code,u1_0.crtfc_dn_value,u1_0.user_nm,u1_0.zip from nemplyrinfo u1_0 where u1_0.emplyr_id=?
2026-03-16 16:57:41 [http-nio-8080-exec-9] DEBUG o.s.orm.jpa.JpaTransactionManager - Closing JPA EntityManager [SessionImpl(808949054<open>)] after transaction
2026-03-16 16:57:41 [http-nio-8080-exec-2] DEBUG o.s.orm.jpa.JpaTransactionManager - Closing JPA EntityManager [SessionImpl(1502665740<open>)] after transaction
2026-03-16 16:57:41 [http-nio-8080-exec-9] DEBUG c.c.p.s.jwt.JwtAuthenticationFilter - >>> [JwtFilter] Successfully authenticated user: USRCNFRM_99999999999, Authorities: [ROLE_ADMIN]
2026-03-16 16:57:41 [http-nio-8080-exec-2] DEBUG c.c.p.s.jwt.JwtAuthenticationFilter - >>> [JwtFilter] Successfully authenticated user: USRCNFRM_99999999999, Authorities: [ROLE_ADMIN]
2026-03-16 16:57:41 [http-nio-8080-exec-9] DEBUG o.s.web.servlet.DispatcherServlet - GET "/api/v1/menu/left?menuNo=60", parameters={masked}
2026-03-16 16:57:41 [http-nio-8080-exec-2] DEBUG o.s.web.servlet.DispatcherServlet - GET "/api/v1/menu/left?menuNo=50", parameters={masked}
2026-03-16 16:57:41 [http-nio-8080-exec-9] TRACE o.s.w.s.m.m.a.RequestMappingHandlerMapping - Mapped to com.company.project.api.controller.menu.MenuController#getLeftMenu(Long)
2026-03-16 16:57:41 [http-nio-8080-exec-2] TRACE o.s.w.s.m.m.a.RequestMappingHandlerMapping - Mapped to com.company.project.api.controller.menu.MenuController#getLeftMenu(Long)
2026-03-16 16:57:41 [http-nio-8080-exec-9] INFO  c.c.p.a.c.menu.MenuController - getLeftMenu called with menuNo=60
2026-03-16 16:57:41 [http-nio-8080-exec-2] INFO  c.c.p.a.c.menu.MenuController - getLeftMenu called with menuNo=50
2026-03-16 16:57:41 [http-nio-8080-exec-9] DEBUG o.s.orm.jpa.JpaTransactionManager - Creating new transaction with name [com.company.project.service.menu.MenuService.getSubMenus]: PROPAGATION_REQUIRED,ISOLATION_DEFAULT,readOnly
2026-03-16 16:57:41 [http-nio-8080-exec-2] DEBUG o.s.orm.jpa.JpaTransactionManager - Creating new transaction with name [com.company.project.service.menu.MenuService.getSubMenus]: PROPAGATION_REQUIRED,ISOLATION_DEFAULT,readOnly
2026-03-16 16:57:41 [http-nio-8080-exec-9] DEBUG o.s.orm.jpa.JpaTransactionManager - Opened new EntityManager [SessionImpl(1093403205<open>)] for JPA transaction
2026-03-16 16:57:41 [http-nio-8080-exec-2] DEBUG o.s.orm.jpa.JpaTransactionManager - Opened new EntityManager [SessionImpl(1809585444<open>)] for JPA transaction
2026-03-16 16:57:41 [http-nio-8080-exec-2] DEBUG o.s.orm.jpa.JpaTransactionManager - Exposing JPA transaction as JDBC [org.springframework.orm.jpa.vendor.HibernateJpaDialect$HibernateConnectionHandle@36beb032]
2026-03-16 16:57:41 [http-nio-8080-exec-9] DEBUG o.s.orm.jpa.JpaTransactionManager - Exposing JPA transaction as JDBC [org.springframework.orm.jpa.vendor.HibernateJpaDialect$HibernateConnectionHandle@6890c6ad]
2026-03-16 16:57:41 [http-nio-8080-exec-9] DEBUG org.hibernate.SQL - select m1_0.menu_no,m1_0.menu_dc,m1_0.menu_nm,m1_0.menu_ordr,m1_0.modern_route,m1_0.progrm_file_nm,m1_0.relate_image_nm,m1_0.relate_image_path,m1_0.route_updated_at,m1_0.upper_menu_no from nmenuinfo m1_0 order by m1_0.upper_menu_no,m1_0.menu_ordr
2026-03-16 16:57:41 [http-nio-8080-exec-2] DEBUG org.hibernate.SQL - select m1_0.menu_no,m1_0.menu_dc,m1_0.menu_nm,m1_0.menu_ordr,m1_0.modern_route,m1_0.progrm_file_nm,m1_0.relate_image_nm,m1_0.relate_image_path,m1_0.route_updated_at,m1_0.upper_menu_no from nmenuinfo m1_0 order by m1_0.upper_menu_no,m1_0.menu_ordr
2026-03-16 16:57:41 [http-nio-8080-exec-8] DEBUG o.s.orm.jpa.JpaTransactionManager - Closing JPA EntityManager [SessionImpl(772420458<open>)] after transaction
2026-03-16 16:57:41 [http-nio-8080-exec-8] DEBUG c.c.p.s.jwt.JwtAuthenticationFilter - >>> [JwtFilter] Successfully authenticated user: USRCNFRM_99999999999, Authorities: [ROLE_ADMIN]
2026-03-16 16:57:41 [http-nio-8080-exec-8] DEBUG o.s.web.servlet.DispatcherServlet - GET "/api/v1/admin/system/banners/reflected", parameters={}
2026-03-16 16:57:41 [http-nio-8080-exec-8] TRACE o.s.w.s.m.m.a.RequestMappingHandlerMapping - Mapped to com.company.project.api.controller.system.content.banner.BannerApiController#getReflectedBanners()
2026-03-16 16:57:41 [http-nio-8080-exec-8] DEBUG o.s.orm.jpa.JpaTransactionManager - Creating new transaction with name [com.company.project.service.system.content.banner.BannerService.getReflectedBanners]: PROPAGATION_REQUIRED,ISOLATION_DEFAULT,readOnly
2026-03-16 16:57:41 [http-nio-8080-exec-8] DEBUG o.s.orm.jpa.JpaTransactionManager - Opened new EntityManager [SessionImpl(862323454<open>)] for JPA transaction
2026-03-16 16:57:41 [http-nio-8080-exec-8] DEBUG o.s.orm.jpa.JpaTransactionManager - Exposing JPA transaction as JDBC [org.springframework.orm.jpa.vendor.HibernateJpaDialect$HibernateConnectionHandle@2337b669]
2026-03-16 16:57:41 [http-nio-8080-exec-8] DEBUG org.hibernate.SQL - select b1_0.banner_id,b1_0.banner_dc,b1_0.banner_image,b1_0.banner_image_file,b1_0.banner_nm,b1_0.frst_register_id,b1_0.frst_regist_pnttm,b1_0.last_updusr_id,b1_0.last_updt_pnttm,b1_0.link_url,b1_0.reflct_at,b1_0.sort_ordr from nbanner b1_0 where b1_0.reflct_at=? order by b1_0.sort_ordr
2026-03-16 16:57:41 [http-nio-8080-exec-7] DEBUG o.s.orm.jpa.JpaTransactionManager - Closing JPA EntityManager [SessionImpl(804337513<open>)] after transaction
2026-03-16 16:57:41 [http-nio-8080-exec-10] DEBUG o.s.orm.jpa.JpaTransactionManager - Closing JPA EntityManager [SessionImpl(1227813710<open>)] after transaction
2026-03-16 16:57:41 [http-nio-8080-exec-7] DEBUG c.c.p.s.jwt.JwtAuthenticationFilter - >>> [JwtFilter] Successfully authenticated user: USRCNFRM_99999999999, Authorities: [ROLE_ADMIN]
2026-03-16 16:57:41 [http-nio-8080-exec-10] DEBUG c.c.p.s.jwt.JwtAuthenticationFilter - >>> [JwtFilter] Successfully authenticated user: USRCNFRM_99999999999, Authorities: [ROLE_ADMIN]
2026-03-16 16:57:41 [http-nio-8080-exec-10] DEBUG o.s.web.servlet.DispatcherServlet - GET "/api/v1/menu/left?menuNo=20", parameters={masked}
2026-03-16 16:57:41 [http-nio-8080-exec-7] DEBUG o.s.web.servlet.DispatcherServlet - GET "/api/v1/menu/left?menuNo=10", parameters={masked}
2026-03-16 16:57:41 [http-nio-8080-exec-10] TRACE o.s.w.s.m.m.a.RequestMappingHandlerMapping - Mapped to com.company.project.api.controller.menu.MenuController#getLeftMenu(Long)
2026-03-16 16:57:41 [http-nio-8080-exec-7] TRACE o.s.w.s.m.m.a.RequestMappingHandlerMapping - Mapped to com.company.project.api.controller.menu.MenuController#getLeftMenu(Long)
2026-03-16 16:57:41 [http-nio-8080-exec-3] DEBUG o.s.orm.jpa.JpaTransactionManager - Closing JPA EntityManager [SessionImpl(1058246898<open>)] after transaction
2026-03-16 16:57:41 [http-nio-8080-exec-7] INFO  c.c.p.a.c.menu.MenuController - getLeftMenu called with menuNo=10
2026-03-16 16:57:41 [http-nio-8080-exec-3] DEBUG c.c.p.s.jwt.JwtAuthenticationFilter - >>> [JwtFilter] Successfully authenticated user: USRCNFRM_99999999999, Authorities: [ROLE_ADMIN]
2026-03-16 16:57:41 [http-nio-8080-exec-10] INFO  c.c.p.a.c.menu.MenuController - getLeftMenu called with menuNo=20
2026-03-16 16:57:41 [http-nio-8080-exec-10] DEBUG o.s.orm.jpa.JpaTransactionManager - Creating new transaction with name [com.company.project.service.menu.MenuService.getSubMenus]: PROPAGATION_REQUIRED,ISOLATION_DEFAULT,readOnly
2026-03-16 16:57:41 [http-nio-8080-exec-7] DEBUG o.s.orm.jpa.JpaTransactionManager - Creating new transaction with name [com.company.project.service.menu.MenuService.getSubMenus]: PROPAGATION_REQUIRED,ISOLATION_DEFAULT,readOnly
2026-03-16 16:57:41 [http-nio-8080-exec-10] DEBUG o.s.orm.jpa.JpaTransactionManager - Opened new EntityManager [SessionImpl(1775384634<open>)] for JPA transaction
2026-03-16 16:57:41 [http-nio-8080-exec-7] DEBUG o.s.orm.jpa.JpaTransactionManager - Opened new EntityManager [SessionImpl(823912274<open>)] for JPA transaction
2026-03-16 16:57:41 [http-nio-8080-exec-10] DEBUG o.s.orm.jpa.JpaTransactionManager - Exposing JPA transaction as JDBC [org.springframework.orm.jpa.vendor.HibernateJpaDialect$HibernateConnectionHandle@2a2beb23]
2026-03-16 16:57:41 [http-nio-8080-exec-7] DEBUG o.s.orm.jpa.JpaTransactionManager - Exposing JPA transaction as JDBC [org.springframework.orm.jpa.vendor.HibernateJpaDialect$HibernateConnectionHandle@69ca63fd]
2026-03-16 16:57:41 [http-nio-8080-exec-4] DEBUG o.s.orm.jpa.JpaTransactionManager - Initiating transaction commit
2026-03-16 16:57:41 [http-nio-8080-exec-3] DEBUG o.s.web.servlet.DispatcherServlet - GET "/api/v1/menu/left?menuNo=40", parameters={masked}
2026-03-16 16:57:41 [http-nio-8080-exec-4] DEBUG o.s.orm.jpa.JpaTransactionManager - Committing JPA transaction on EntityManager [SessionImpl(2001857808<open>)]
2026-03-16 16:57:41 [http-nio-8080-exec-3] TRACE o.s.w.s.m.m.a.RequestMappingHandlerMapping - Mapped to com.company.project.api.controller.menu.MenuController#getLeftMenu(Long)
2026-03-16 16:57:41 [http-nio-8080-exec-3] INFO  c.c.p.a.c.menu.MenuController - getLeftMenu called with menuNo=40
2026-03-16 16:57:41 [http-nio-8080-exec-3] DEBUG o.s.orm.jpa.JpaTransactionManager - Creating new transaction with name [com.company.project.service.menu.MenuService.getSubMenus]: PROPAGATION_REQUIRED,ISOLATION_DEFAULT,readOnly
2026-03-16 16:57:41 [http-nio-8080-exec-3] DEBUG o.s.orm.jpa.JpaTransactionManager - Opened new EntityManager [SessionImpl(1989339457<open>)] for JPA transaction
2026-03-16 16:57:41 [http-nio-8080-exec-3] DEBUG o.s.orm.jpa.JpaTransactionManager - Exposing JPA transaction as JDBC [org.springframework.orm.jpa.vendor.HibernateJpaDialect$HibernateConnectionHandle@2686f9d6]
2026-03-16 16:57:41 [http-nio-8080-exec-3] DEBUG org.hibernate.SQL - select m1_0.menu_no,m1_0.menu_dc,m1_0.menu_nm,m1_0.menu_ordr,m1_0.modern_route,m1_0.progrm_file_nm,m1_0.relate_image_nm,m1_0.relate_image_path,m1_0.route_updated_at,m1_0.upper_menu_no from nmenuinfo m1_0 order by m1_0.upper_menu_no,m1_0.menu_ordr
2026-03-16 16:57:41 [http-nio-8080-exec-7] DEBUG org.hibernate.SQL - select m1_0.menu_no,m1_0.menu_dc,m1_0.menu_nm,m1_0.menu_ordr,m1_0.modern_route,m1_0.progrm_file_nm,m1_0.relate_image_nm,m1_0.relate_image_path,m1_0.route_updated_at,m1_0.upper_menu_no from nmenuinfo m1_0 order by m1_0.upper_menu_no,m1_0.menu_ordr
2026-03-16 16:57:41 [http-nio-8080-exec-10] DEBUG org.hibernate.SQL - select m1_0.menu_no,m1_0.menu_dc,m1_0.menu_nm,m1_0.menu_ordr,m1_0.modern_route,m1_0.progrm_file_nm,m1_0.relate_image_nm,m1_0.relate_image_path,m1_0.route_updated_at,m1_0.upper_menu_no from nmenuinfo m1_0 order by m1_0.upper_menu_no,m1_0.menu_ordr
2026-03-16 16:57:41 [http-nio-8080-exec-1] DEBUG o.s.orm.jpa.JpaTransactionManager - Initiating transaction commit
2026-03-16 16:57:41 [http-nio-8080-exec-1] DEBUG o.s.orm.jpa.JpaTransactionManager - Committing JPA transaction on EntityManager [SessionImpl(438852299<open>)]
2026-03-16 16:57:41 [http-nio-8080-exec-6] DEBUG o.s.orm.jpa.JpaTransactionManager - Closing JPA EntityManager [SessionImpl(504272650<open>)] after transaction
2026-03-16 16:57:41 [http-nio-8080-exec-6] DEBUG c.c.p.s.jwt.JwtAuthenticationFilter - >>> [JwtFilter] Successfully authenticated user: USRCNFRM_99999999999, Authorities: [ROLE_ADMIN]
2026-03-16 16:57:41 [http-nio-8080-exec-6] DEBUG o.s.web.servlet.DispatcherServlet - GET "/api/v1/notifications", parameters={}
2026-03-16 16:57:41 [http-nio-8080-exec-6] TRACE o.s.w.s.m.m.a.RequestMappingHandlerMapping - Mapped to com.company.project.api.controller.notification.NotificationController#getMyNotifications(UserDetails)
2026-03-16 16:57:41 [http-nio-8080-exec-6] DEBUG o.s.orm.jpa.JpaTransactionManager - Creating new transaction with name [com.company.project.service.notification.NotificationService.getActiveNotifications]: PROPAGATION_REQUIRED,ISOLATION_DEFAULT,readOnly
2026-03-16 16:57:41 [http-nio-8080-exec-6] DEBUG o.s.orm.jpa.JpaTransactionManager - Opened new EntityManager [SessionImpl(340207556<open>)] for JPA transaction
2026-03-16 16:57:41 [http-nio-8080-exec-6] DEBUG o.s.orm.jpa.JpaTransactionManager - Exposing JPA transaction as JDBC [org.springframework.orm.jpa.vendor.HibernateJpaDialect$HibernateConnectionHandle@52ed5469]
2026-03-16 16:57:41 [http-nio-8080-exec-6] DEBUG o.s.orm.jpa.JpaTransactionManager - Found thread-bound EntityManager [SessionImpl(340207556<open>)] for JPA transaction
2026-03-16 16:57:41 [http-nio-8080-exec-6] DEBUG o.s.orm.jpa.JpaTransactionManager - Participating in existing transaction
2026-03-16 16:57:41 [http-nio-8080-exec-6] DEBUG org.hibernate.SQL - select n1_0.ntcn_no,n1_0.frst_register_id,n1_0.frst_regist_pnttm,n1_0.is_read,n1_0.last_updusr_id,n1_0.last_updt_pnttm,n1_0.link_url,n1_0.ntcn_cn,n1_0.ntcn_sj,n1_0.receiver_id from n_user_notification n1_0
2026-03-16 16:57:41 [http-nio-8080-exec-5] DEBUG o.s.orm.jpa.JpaTransactionManager - Found thread-bound EntityManager [SessionImpl(1745287638<open>)] for JPA transaction
2026-03-16 16:57:41 [http-nio-8080-exec-5] DEBUG o.s.orm.jpa.JpaTransactionManager - Participating in existing transaction
2026-03-16 16:57:41 [http-nio-8080-exec-5] DEBUG org.hibernate.SQL - select ua1_0.scrty_dtrmn_trget_id,ua1_0.author_code,ua1_0.frst_register_id,ua1_0.frst_regist_pnttm,ua1_0.last_updusr_id,ua1_0.last_updt_pnttm,ua1_0.mber_ty_code from nemplyrscrtyestbs ua1_0 where ua1_0.scrty_dtrmn_trget_id=?
2026-03-16 16:57:41 [http-nio-8080-exec-8] DEBUG o.s.orm.jpa.JpaTransactionManager - Initiating transaction commit
2026-03-16 16:57:41 [http-nio-8080-exec-8] DEBUG o.s.orm.jpa.JpaTransactionManager - Committing JPA transaction on EntityManager [SessionImpl(862323454<open>)]
2026-03-16 16:57:41 [http-nio-8080-exec-4] DEBUG o.s.orm.jpa.JpaTransactionManager - Closing JPA EntityManager [SessionImpl(2001857808<open>)] after transaction
2026-03-16 16:57:41 [http-nio-8080-exec-4] DEBUG o.s.w.s.m.m.a.HttpEntityMethodProcessor - Using 'application/json', given [application/json, text/plain, */*] and supported [application/json, application/*+json, application/yaml]
2026-03-16 16:57:41 [http-nio-8080-exec-4] TRACE o.s.w.s.m.m.a.HttpEntityMethodProcessor - Writing [ApiResponse[success=true, status=200, code=COMMON_001, message=Success, data=0, timestamp=2026-03-16T16:57:41.499644300]]
2026-03-16 16:57:41 [http-nio-8080-exec-1] DEBUG o.s.orm.jpa.JpaTransactionManager - Closing JPA EntityManager [SessionImpl(438852299<open>)] after transaction
2026-03-16 16:57:41 [http-nio-8080-exec-1] DEBUG o.s.w.s.m.m.a.HttpEntityMethodProcessor - Using 'application/json', given [application/json, text/plain, */*] and supported [application/json, application/*+json, application/yaml]
2026-03-16 16:57:41 [http-nio-8080-exec-1] TRACE o.s.w.s.m.m.a.HttpEntityMethodProcessor - Writing [ApiResponse[success=true, status=200, code=COMMON_001, message=Success, data=[], timestamp=2026-03-16T16:57:41.500494600]]
2026-03-16 16:57:41 [http-nio-8080-exec-1] INFO  c.c.p.a.i.OperationalAuditInterceptor - API Audit Log: URL=/api/v1/popups/active, User=webmaster, IP=127.0.0.1
2026-03-16 16:57:41 [http-nio-8080-exec-4] INFO  c.c.p.a.i.OperationalAuditInterceptor - API Audit Log: URL=/api/v1/notifications/unread-count, User=webmaster, IP=127.0.0.1
2026-03-16 16:57:41 [http-nio-8080-exec-1] DEBUG o.s.web.servlet.DispatcherServlet - Completed 200 OK
2026-03-16 16:57:41 [http-nio-8080-exec-4] DEBUG o.s.web.servlet.DispatcherServlet - Completed 200 OK
2026-03-16 16:57:41 [http-nio-8080-exec-4] DEBUG c.c.p.s.jwt.JwtAuthenticationFilter - >>> [JwtFilter] Processing request: GET /api/v1/menu/left
2026-03-16 16:57:41 [http-nio-8080-exec-4] DEBUG c.c.p.s.jwt.JwtAuthenticationFilter - >>> [JwtFilter] Found token in header for path: /api/v1/menu/left
2026-03-16 16:57:41 [http-nio-8080-exec-1] DEBUG c.c.p.s.jwt.JwtAuthenticationFilter - >>> [JwtFilter] Processing request: GET /api/v1/admin/system/statistics/bbs
2026-03-16 16:57:41 [http-nio-8080-exec-4] DEBUG o.s.orm.jpa.JpaTransactionManager - Creating new transaction with name [com.company.project.security.iam.CustomUserDetailsService.loadUserByUsername]: PROPAGATION_REQUIRED,ISOLATION_DEFAULT,readOnly
2026-03-16 16:57:41 [http-nio-8080-exec-1] DEBUG c.c.p.s.jwt.JwtAuthenticationFilter - >>> [JwtFilter] Found token in header for path: /api/v1/admin/system/statistics/bbs
2026-03-16 16:57:41 [http-nio-8080-exec-4] DEBUG o.s.orm.jpa.JpaTransactionManager - Opened new EntityManager [SessionImpl(1282128174<open>)] for JPA transaction
2026-03-16 16:57:41 [http-nio-8080-exec-4] DEBUG o.s.orm.jpa.JpaTransactionManager - Exposing JPA transaction as JDBC [org.springframework.orm.jpa.vendor.HibernateJpaDialect$HibernateConnectionHandle@134a0ed1]
2026-03-16 16:57:41 [http-nio-8080-exec-4] DEBUG o.s.orm.jpa.JpaTransactionManager - Found thread-bound EntityManager [SessionImpl(1282128174<open>)] for JPA transaction
2026-03-16 16:57:41 [http-nio-8080-exec-4] DEBUG o.s.orm.jpa.JpaTransactionManager - Participating in existing transaction
2026-03-16 16:57:41 [http-nio-8080-exec-1] DEBUG o.s.orm.jpa.JpaTransactionManager - Creating new transaction with name [com.company.project.security.iam.CustomUserDetailsService.loadUserByUsername]: PROPAGATION_REQUIRED,ISOLATION_DEFAULT,readOnly
2026-03-16 16:57:41 [http-nio-8080-exec-1] DEBUG o.s.orm.jpa.JpaTransactionManager - Opened new EntityManager [SessionImpl(1063035760<open>)] for JPA transaction
2026-03-16 16:57:41 [http-nio-8080-exec-4] DEBUG org.hibernate.SQL - select u1_0.emplyr_id,u1_0.area_no,u1_0.brthdy,u1_0.chg_pwd_cnt,u1_0.frst_register_id,u1_0.frst_regist_pnttm,u1_0.detail_adres,u1_0.email_adres,u1_0.emplyr_sttus_code,u1_0.empl_no,u1_0.esntl_id,u1_0.fxnum,u1_0.group_id,u1_0.house_adres,u1_0.house_end_telno,u1_0.house_middle_telno,u1_0.ihidnum,u1_0.pstinst_code,u1_0.last_updusr_id,u1_0.last_updt_pnttm,u1_0.lock_at,u1_0.lock_cnt,u1_0.lock_last_pnttm,u1_0.mbtlnum,u1_0.ofcps_nm,u1_0.offm_telno,u1_0.orgnzt_id,u1_0.password,u1_0.password_cnsr,u1_0.password_hint,u1_0.chg_pwd_last_pnttm,u1_0.role,u1_0.sbscrb_de,u1_0.sexdstn_code,u1_0.crtfc_dn_value,u1_0.user_nm,u1_0.zip from nemplyrinfo u1_0 where u1_0.emplyr_id=?
2026-03-16 16:57:41 [http-nio-8080-exec-1] DEBUG o.s.orm.jpa.JpaTransactionManager - Exposing JPA transaction as JDBC [org.springframework.orm.jpa.vendor.HibernateJpaDialect$HibernateConnectionHandle@142eb88a]
2026-03-16 16:57:41 [http-nio-8080-exec-1] DEBUG o.s.orm.jpa.JpaTransactionManager - Found thread-bound EntityManager [SessionImpl(1063035760<open>)] for JPA transaction
2026-03-16 16:57:41 [http-nio-8080-exec-1] DEBUG o.s.orm.jpa.JpaTransactionManager - Participating in existing transaction
2026-03-16 16:57:41 [http-nio-8080-exec-1] DEBUG org.hibernate.SQL - select u1_0.emplyr_id,u1_0.area_no,u1_0.brthdy,u1_0.chg_pwd_cnt,u1_0.frst_register_id,u1_0.frst_regist_pnttm,u1_0.detail_adres,u1_0.email_adres,u1_0.emplyr_sttus_code,u1_0.empl_no,u1_0.esntl_id,u1_0.fxnum,u1_0.group_id,u1_0.house_adres,u1_0.house_end_telno,u1_0.house_middle_telno,u1_0.ihidnum,u1_0.pstinst_code,u1_0.last_updusr_id,u1_0.last_updt_pnttm,u1_0.lock_at,u1_0.lock_cnt,u1_0.lock_last_pnttm,u1_0.mbtlnum,u1_0.ofcps_nm,u1_0.offm_telno,u1_0.orgnzt_id,u1_0.password,u1_0.password_cnsr,u1_0.password_hint,u1_0.chg_pwd_last_pnttm,u1_0.role,u1_0.sbscrb_de,u1_0.sexdstn_code,u1_0.crtfc_dn_value,u1_0.user_nm,u1_0.zip from nemplyrinfo u1_0 where u1_0.emplyr_id=?
2026-03-16 16:57:41 [http-nio-8080-exec-6] DEBUG o.s.orm.jpa.JpaTransactionManager - Initiating transaction commit
2026-03-16 16:57:41 [http-nio-8080-exec-6] DEBUG o.s.orm.jpa.JpaTransactionManager - Committing JPA transaction on EntityManager [SessionImpl(340207556<open>)]
2026-03-16 16:57:41 [http-nio-8080-exec-2] DEBUG o.s.orm.jpa.JpaTransactionManager - Found thread-bound EntityManager [SessionImpl(1809585444<open>)] for JPA transaction
2026-03-16 16:57:41 [http-nio-8080-exec-9] DEBUG o.s.orm.jpa.JpaTransactionManager - Found thread-bound EntityManager [SessionImpl(1093403205<open>)] for JPA transaction
2026-03-16 16:57:41 [http-nio-8080-exec-2] DEBUG o.s.orm.jpa.JpaTransactionManager - Participating in existing transaction
2026-03-16 16:57:41 [http-nio-8080-exec-9] DEBUG o.s.orm.jpa.JpaTransactionManager - Participating in existing transaction
2026-03-16 16:57:41 [http-nio-8080-exec-9] DEBUG org.hibernate.SQL - select p1_0.progrm_file_nm,p1_0.progrm_dc,p1_0.progrm_korean_nm,p1_0.progrm_stre_path,p1_0.url from nprogrmlist p1_0
2026-03-16 16:57:41 [http-nio-8080-exec-2] DEBUG org.hibernate.SQL - select p1_0.progrm_file_nm,p1_0.progrm_dc,p1_0.progrm_korean_nm,p1_0.progrm_stre_path,p1_0.url from nprogrmlist p1_0
2026-03-16 16:57:41 [http-nio-8080-exec-5] DEBUG o.s.orm.jpa.JpaTransactionManager - Initiating transaction commit
2026-03-16 16:57:41 [http-nio-8080-exec-5] DEBUG o.s.orm.jpa.JpaTransactionManager - Committing JPA transaction on EntityManager [SessionImpl(1745287638<open>)]
2026-03-16 16:57:41 [http-nio-8080-exec-8] DEBUG o.s.orm.jpa.JpaTransactionManager - Closing JPA EntityManager [SessionImpl(862323454<open>)] after transaction
2026-03-16 16:57:41 [http-nio-8080-exec-8] DEBUG o.s.w.s.m.m.a.HttpEntityMethodProcessor - Using 'application/json', given [application/json, text/plain, */*] and supported [application/json, application/*+json, application/yaml]
2026-03-16 16:57:41 [http-nio-8080-exec-8] TRACE o.s.w.s.m.m.a.HttpEntityMethodProcessor - Writing [ApiResponse[success=true, status=200, code=COMMON_001, message=Success, data=[], timestamp=2026-03-16T16:57:41.649998800]]
2026-03-16 16:57:41 [http-nio-8080-exec-8] INFO  c.c.p.a.i.OperationalAuditInterceptor - API Audit Log: URL=/api/v1/admin/system/banners/reflected, User=webmaster, IP=127.0.0.1
2026-03-16 16:57:41 [http-nio-8080-exec-8] DEBUG o.s.web.servlet.DispatcherServlet - Completed 200 OK
2026-03-16 16:57:41 [http-nio-8080-exec-8] DEBUG c.c.p.s.jwt.JwtAuthenticationFilter - >>> [JwtFilter] Processing request: GET /api/v1/notifications/unread-count
2026-03-16 16:57:41 [http-nio-8080-exec-8] DEBUG c.c.p.s.jwt.JwtAuthenticationFilter - >>> [JwtFilter] Found token in header for path: /api/v1/notifications/unread-count
2026-03-16 16:57:41 [http-nio-8080-exec-8] DEBUG o.s.orm.jpa.JpaTransactionManager - Creating new transaction with name [com.company.project.security.iam.CustomUserDetailsService.loadUserByUsername]: PROPAGATION_REQUIRED,ISOLATION_DEFAULT,readOnly
2026-03-16 16:57:41 [http-nio-8080-exec-8] DEBUG o.s.orm.jpa.JpaTransactionManager - Opened new EntityManager [SessionImpl(1905052026<open>)] for JPA transaction
2026-03-16 16:57:41 [http-nio-8080-exec-8] DEBUG o.s.orm.jpa.JpaTransactionManager - Exposing JPA transaction as JDBC [org.springframework.orm.jpa.vendor.HibernateJpaDialect$HibernateConnectionHandle@627a38bf]
2026-03-16 16:57:41 [http-nio-8080-exec-8] DEBUG o.s.orm.jpa.JpaTransactionManager - Found thread-bound EntityManager [SessionImpl(1905052026<open>)] for JPA transaction
2026-03-16 16:57:41 [http-nio-8080-exec-8] DEBUG o.s.orm.jpa.JpaTransactionManager - Participating in existing transaction
2026-03-16 16:57:41 [http-nio-8080-exec-8] DEBUG org.hibernate.SQL - select u1_0.emplyr_id,u1_0.area_no,u1_0.brthdy,u1_0.chg_pwd_cnt,u1_0.frst_register_id,u1_0.frst_regist_pnttm,u1_0.detail_adres,u1_0.email_adres,u1_0.emplyr_sttus_code,u1_0.empl_no,u1_0.esntl_id,u1_0.fxnum,u1_0.group_id,u1_0.house_adres,u1_0.house_end_telno,u1_0.house_middle_telno,u1_0.ihidnum,u1_0.pstinst_code,u1_0.last_updusr_id,u1_0.last_updt_pnttm,u1_0.lock_at,u1_0.lock_cnt,u1_0.lock_last_pnttm,u1_0.mbtlnum,u1_0.ofcps_nm,u1_0.offm_telno,u1_0.orgnzt_id,u1_0.password,u1_0.password_cnsr,u1_0.password_hint,u1_0.chg_pwd_last_pnttm,u1_0.role,u1_0.sbscrb_de,u1_0.sexdstn_code,u1_0.crtfc_dn_value,u1_0.user_nm,u1_0.zip from nemplyrinfo u1_0 where u1_0.emplyr_id=?
2026-03-16 16:57:41 [http-nio-8080-exec-7] DEBUG o.s.orm.jpa.JpaTransactionManager - Found thread-bound EntityManager [SessionImpl(823912274<open>)] for JPA transaction
2026-03-16 16:57:41 [http-nio-8080-exec-7] DEBUG o.s.orm.jpa.JpaTransactionManager - Participating in existing transaction
2026-03-16 16:57:41 [http-nio-8080-exec-7] DEBUG org.hibernate.SQL - select p1_0.progrm_file_nm,p1_0.progrm_dc,p1_0.progrm_korean_nm,p1_0.progrm_stre_path,p1_0.url from nprogrmlist p1_0
2026-03-16 16:57:41 [http-nio-8080-exec-3] DEBUG o.s.orm.jpa.JpaTransactionManager - Found thread-bound EntityManager [SessionImpl(1989339457<open>)] for JPA transaction
2026-03-16 16:57:41 [http-nio-8080-exec-10] DEBUG o.s.orm.jpa.JpaTransactionManager - Found thread-bound EntityManager [SessionImpl(1775384634<open>)] for JPA transaction
2026-03-16 16:57:41 [http-nio-8080-exec-3] DEBUG o.s.orm.jpa.JpaTransactionManager - Participating in existing transaction
2026-03-16 16:57:41 [http-nio-8080-exec-10] DEBUG o.s.orm.jpa.JpaTransactionManager - Participating in existing transaction
2026-03-16 16:57:41 [http-nio-8080-exec-10] DEBUG org.hibernate.SQL - select p1_0.progrm_file_nm,p1_0.progrm_dc,p1_0.progrm_korean_nm,p1_0.progrm_stre_path,p1_0.url from nprogrmlist p1_0
2026-03-16 16:57:41 [http-nio-8080-exec-3] DEBUG org.hibernate.SQL - select p1_0.progrm_file_nm,p1_0.progrm_dc,p1_0.progrm_korean_nm,p1_0.progrm_stre_path,p1_0.url from nprogrmlist p1_0
2026-03-16 16:57:41 [http-nio-8080-exec-4] DEBUG o.s.orm.jpa.JpaTransactionManager - Found thread-bound EntityManager [SessionImpl(1282128174<open>)] for JPA transaction
2026-03-16 16:57:41 [http-nio-8080-exec-4] DEBUG o.s.orm.jpa.JpaTransactionManager - Participating in existing transaction
2026-03-16 16:57:41 [http-nio-8080-exec-4] DEBUG org.hibernate.SQL - select ua1_0.scrty_dtrmn_trget_id,ua1_0.author_code,ua1_0.frst_register_id,ua1_0.frst_regist_pnttm,ua1_0.last_updusr_id,ua1_0.last_updt_pnttm,ua1_0.mber_ty_code from nemplyrscrtyestbs ua1_0 where ua1_0.scrty_dtrmn_trget_id=?
2026-03-16 16:57:41 [http-nio-8080-exec-1] DEBUG o.s.orm.jpa.JpaTransactionManager - Found thread-bound EntityManager [SessionImpl(1063035760<open>)] for JPA transaction
2026-03-16 16:57:41 [http-nio-8080-exec-1] DEBUG o.s.orm.jpa.JpaTransactionManager - Participating in existing transaction
2026-03-16 16:57:41 [http-nio-8080-exec-1] DEBUG org.hibernate.SQL - select ua1_0.scrty_dtrmn_trget_id,ua1_0.author_code,ua1_0.frst_register_id,ua1_0.frst_regist_pnttm,ua1_0.last_updusr_id,ua1_0.last_updt_pnttm,ua1_0.mber_ty_code from nemplyrscrtyestbs ua1_0 where ua1_0.scrty_dtrmn_trget_id=?
2026-03-16 16:57:41 [http-nio-8080-exec-6] DEBUG o.s.orm.jpa.JpaTransactionManager - Closing JPA EntityManager [SessionImpl(340207556<open>)] after transaction
2026-03-16 16:57:41 [http-nio-8080-exec-6] DEBUG o.s.w.s.m.m.a.HttpEntityMethodProcessor - Using 'application/json', given [application/json, text/plain, */*] and supported [application/json, application/*+json, application/yaml]
2026-03-16 16:57:41 [http-nio-8080-exec-6] TRACE o.s.w.s.m.m.a.HttpEntityMethodProcessor - Writing [ApiResponse[success=true, status=200, code=COMMON_001, message=Success, data=[NotificationDto(ntfcNo=NT001, ntfcSj=테스트 알림입니다, ntfcCn=알림 내용입니다, ntfcDate=null, ntfcTime=2026-02-25T00:59:33.784070, bhNtfcIntrvl=null, uniqId=null, frstRegisterId=null, frstRegisterPnttm=2026-02-25T00:59:33.784070, lastUpdusrId=null, lastUpdusrPnttm=null)], timestamp=2026-03-16T16:57:41.685105800]]
2026-03-16 16:57:41 [http-nio-8080-exec-6] INFO  c.c.p.a.i.OperationalAuditInterceptor - API Audit Log: URL=/api/v1/notifications, User=webmaster, IP=127.0.0.1
2026-03-16 16:57:41 [http-nio-8080-exec-6] DEBUG o.s.web.servlet.DispatcherServlet - Completed 200 OK
2026-03-16 16:57:41 [http-nio-8080-exec-6] DEBUG c.c.p.s.jwt.JwtAuthenticationFilter - >>> [JwtFilter] Processing request: GET /api/v1/popups/active
2026-03-16 16:57:41 [http-nio-8080-exec-6] DEBUG c.c.p.s.jwt.JwtAuthenticationFilter - >>> [JwtFilter] Found token in header for path: /api/v1/popups/active
2026-03-16 16:57:41 [http-nio-8080-exec-6] DEBUG o.s.orm.jpa.JpaTransactionManager - Creating new transaction with name [com.company.project.security.iam.CustomUserDetailsService.loadUserByUsername]: PROPAGATION_REQUIRED,ISOLATION_DEFAULT,readOnly
2026-03-16 16:57:41 [http-nio-8080-exec-6] DEBUG o.s.orm.jpa.JpaTransactionManager - Opened new EntityManager [SessionImpl(490440403<open>)] for JPA transaction
2026-03-16 16:57:41 [http-nio-8080-exec-6] DEBUG o.s.orm.jpa.JpaTransactionManager - Exposing JPA transaction as JDBC [org.springframework.orm.jpa.vendor.HibernateJpaDialect$HibernateConnectionHandle@3ad1434d]
2026-03-16 16:57:41 [http-nio-8080-exec-6] DEBUG o.s.orm.jpa.JpaTransactionManager - Found thread-bound EntityManager [SessionImpl(490440403<open>)] for JPA transaction
2026-03-16 16:57:41 [http-nio-8080-exec-6] DEBUG o.s.orm.jpa.JpaTransactionManager - Participating in existing transaction
2026-03-16 16:57:41 [http-nio-8080-exec-6] DEBUG org.hibernate.SQL - select u1_0.emplyr_id,u1_0.area_no,u1_0.brthdy,u1_0.chg_pwd_cnt,u1_0.frst_register_id,u1_0.frst_regist_pnttm,u1_0.detail_adres,u1_0.email_adres,u1_0.emplyr_sttus_code,u1_0.empl_no,u1_0.esntl_id,u1_0.fxnum,u1_0.group_id,u1_0.house_adres,u1_0.house_end_telno,u1_0.house_middle_telno,u1_0.ihidnum,u1_0.pstinst_code,u1_0.last_updusr_id,u1_0.last_updt_pnttm,u1_0.lock_at,u1_0.lock_cnt,u1_0.lock_last_pnttm,u1_0.mbtlnum,u1_0.ofcps_nm,u1_0.offm_telno,u1_0.orgnzt_id,u1_0.password,u1_0.password_cnsr,u1_0.password_hint,u1_0.chg_pwd_last_pnttm,u1_0.role,u1_0.sbscrb_de,u1_0.sexdstn_code,u1_0.crtfc_dn_value,u1_0.user_nm,u1_0.zip from nemplyrinfo u1_0 where u1_0.emplyr_id=?
2026-03-16 16:57:41 [http-nio-8080-exec-5] DEBUG o.s.orm.jpa.JpaTransactionManager - Closing JPA EntityManager [SessionImpl(1745287638<open>)] after transaction
2026-03-16 16:57:41 [http-nio-8080-exec-5] DEBUG c.c.p.s.jwt.JwtAuthenticationFilter - >>> [JwtFilter] Successfully authenticated user: USRCNFRM_99999999999, Authorities: [ROLE_ADMIN]
2026-03-16 16:57:41 [http-nio-8080-exec-5] DEBUG o.s.web.servlet.DispatcherServlet - GET "/api/v1/admin/system/statistics/connect?statsKind=SERVICE", parameters={masked}
2026-03-16 16:57:41 [http-nio-8080-exec-5] DEBUG o.s.w.s.h.SimpleUrlHandlerMapping - Mapped to ResourceHttpRequestHandler [classpath [META-INF/resources/], classpath [resources/], classpath [static/], classpath [public/], ServletContext [/]]
2026-03-16 16:57:41 [http-nio-8080-exec-5] DEBUG o.s.w.s.r.ResourceHttpRequestHandler - Resource not found
2026-03-16 16:57:41 [http-nio-8080-exec-5] DEBUG o.s.w.s.m.m.a.ExceptionHandlerExceptionResolver - Using @ExceptionHandler com.company.project.core.exception.GlobalExceptionHandler#handleException(Exception)
2026-03-16 16:57:41 [http-nio-8080-exec-5] ERROR c.c.p.c.e.GlobalExceptionHandler - >>> Internal Server Error: No static resource api/v1/admin/system/statistics/connect.
org.springframework.web.servlet.resource.NoResourceFoundException: No static resource api/v1/admin/system/statistics/connect.
	at org.springframework.web.servlet.resource.ResourceHttpRequestHandler.handleRequest(ResourceHttpRequestHandler.java:585)
	at org.springframework.web.servlet.mvc.HttpRequestHandlerAdapter.handle(HttpRequestHandlerAdapter.java:52)
	at org.springframework.web.servlet.DispatcherServlet.doDispatch(DispatcherServlet.java:1088)
	at org.springframework.web.servlet.DispatcherServlet.doService(DispatcherServlet.java:978)
	at org.springframework.web.servlet.FrameworkServlet.processRequest(FrameworkServlet.java:1014)
	at org.springframework.web.servlet.FrameworkServlet.doGet(FrameworkServlet.java:903)
	at jakarta.servlet.http.HttpServlet.service(HttpServlet.java:527)
	at org.springframework.web.servlet.FrameworkServlet.service(FrameworkServlet.java:885)
	at jakarta.servlet.http.HttpServlet.service(HttpServlet.java:614)
	at org.apache.catalina.core.ApplicationFilterChain.internalDoFilter(ApplicationFilterChain.java:195)
	at org.apache.catalina.core.ApplicationFilterChain.doFilter(ApplicationFilterChain.java:140)
	at org.apache.tomcat.websocket.server.WsFilter.doFilter(WsFilter.java:51)
	at org.apache.catalina.core.ApplicationFilterChain.internalDoFilter(ApplicationFilterChain.java:164)
	at org.apache.catalina.core.ApplicationFilterChain.doFilter(ApplicationFilterChain.java:140)
	at org.springframework.web.filter.CompositeFilter$VirtualFilterChain.doFilter(CompositeFilter.java:108)
	at org.springframework.security.web.FilterChainProxy.lambda$doFilterInternal$3(FilterChainProxy.java:231)
	at org.springframework.security.web.ObservationFilterChainDecorator$FilterObservation$SimpleFilterObservation.lambda$wrap$1(ObservationFilterChainDecorator.java:479)
	at org.springframework.security.web.ObservationFilterChainDecorator$AroundFilterObservation$SimpleAroundFilterObservation.lambda$wrap$1(ObservationFilterChainDecorator.java:340)
	at org.springframework.security.web.ObservationFilterChainDecorator.lambda$wrapSecured$0(ObservationFilterChainDecorator.java:82)
	at org.springframework.security.web.ObservationFilterChainDecorator$VirtualFilterChain.doFilter(ObservationFilterChainDecorator.java:128)
	at org.springframework.security.web.access.intercept.AuthorizationFilter.doFilter(AuthorizationFilter.java:101)
	at org.springframework.security.web.ObservationFilterChainDecorator$ObservationFilter.wrapFilter(ObservationFilterChainDecorator.java:240)
	at org.springframework.security.web.ObservationFilterChainDecorator$ObservationFilter.doFilter(ObservationFilterChainDecorator.java:227)
	at org.springframework.security.web.ObservationFilterChainDecorator$VirtualFilterChain.doFilter(ObservationFilterChainDecorator.java:137)
	at org.springframework.security.web.access.ExceptionTranslationFilter.doFilter(ExceptionTranslationFilter.java:126)
	at org.springframework.security.web.access.ExceptionTranslationFilter.doFilter(ExceptionTranslationFilter.java:120)
	at org.springframework.security.web.ObservationFilterChainDecorator$ObservationFilter.wrapFilter(ObservationFilterChainDecorator.java:240)
	at org.springframework.security.web.ObservationFilterChainDecorator$ObservationFilter.doFilter(ObservationFilterChainDecorator.java:227)
	at org.springframework.security.web.ObservationFilterChainDecorator$VirtualFilterChain.doFilter(ObservationFilterChainDecorator.java:137)
	at org.springframework.security.web.session.SessionManagementFilter.doFilter(SessionManagementFilter.java:131)
	at org.springframework.security.web.session.SessionManagementFilter.doFilter(SessionManagementFilter.java:85)
	at org.springframework.security.web.ObservationFilterChainDecorator$ObservationFilter.wrapFilter(ObservationFilterChainDecorator.java:240)
	at org.springframework.security.web.ObservationFilterChainDecorator$ObservationFilter.doFilter(ObservationFilterChainDecorator.java:227)
	at org.springframework.security.web.ObservationFilterChainDecorator$VirtualFilterChain.doFilter(ObservationFilterChainDecorator.java:137)
	at org.springframework.security.web.authentication.AnonymousAuthenticationFilter.doFilter(AnonymousAuthenticationFilter.java:100)
	at org.springframework.security.web.ObservationFilterChainDecorator$ObservationFilter.wrapFilter(ObservationFilterChainDecorator.java:240)
	at org.springframework.security.web.ObservationFilterChainDecorator$ObservationFilter.doFilter(ObservationFilterChainDecorator.java:227)
	at org.springframework.security.web.ObservationFilterChainDecorator$VirtualFilterChain.doFilter(ObservationFilterChainDecorator.java:137)
	at org.springframework.security.web.servletapi.SecurityContextHolderAwareRequestFilter.doFilter(SecurityContextHolderAwareRequestFilter.java:179)
	at org.springframework.security.web.ObservationFilterChainDecorator$ObservationFilter.wrapFilter(ObservationFilterChainDecorator.java:240)
	at org.springframework.security.web.ObservationFilterChainDecorator$ObservationFilter.doFilter(ObservationFilterChainDecorator.java:227)
	at org.springframework.security.web.ObservationFilterChainDecorator$VirtualFilterChain.doFilter(ObservationFilterChainDecorator.java:137)
	at org.springframework.security.web.savedrequest.RequestCacheAwareFilter.doFilter(RequestCacheAwareFilter.java:63)
	at org.springframework.security.web.ObservationFilterChainDecorator$ObservationFilter.wrapFilter(ObservationFilterChainDecorator.java:240)
	at org.springframework.security.web.ObservationFilterChainDecorator$ObservationFilter.doFilter(ObservationFilterChainDecorator.java:227)
	at org.springframework.security.web.ObservationFilterChainDecorator$VirtualFilterChain.doFilter(ObservationFilterChainDecorator.java:137)
	at com.company.project.security.jwt.JwtAuthenticationFilter.doFilterInternal(JwtAuthenticationFilter.java:52)
	at org.springframework.web.filter.OncePerRequestFilter.doFilter(OncePerRequestFilter.java:116)
	at org.springframework.security.web.ObservationFilterChainDecorator$ObservationFilter.wrapFilter(ObservationFilterChainDecorator.java:240)
	at org.springframework.security.web.ObservationFilterChainDecorator$ObservationFilter.doFilter(ObservationFilterChainDecorator.java:227)
	at org.springframework.security.web.ObservationFilterChainDecorator$VirtualFilterChain.doFilter(ObservationFilterChainDecorator.java:137)
	at org.springframework.security.web.authentication.logout.LogoutFilter.doFilter(LogoutFilter.java:107)
	at org.springframework.security.web.authentication.logout.LogoutFilter.doFilter(LogoutFilter.java:93)
	at org.springframework.security.web.ObservationFilterChainDecorator$ObservationFilter.wrapFilter(ObservationFilterChainDecorator.java:240)
	at org.springframework.security.web.ObservationFilterChainDecorator$ObservationFilter.doFilter(ObservationFilterChainDecorator.java:227)
	at org.springframework.security.web.ObservationFilterChainDecorator$VirtualFilterChain.doFilter(ObservationFilterChainDecorator.java:137)
	at org.springframework.web.filter.CorsFilter.doFilterInternal(CorsFilter.java:91)
	at org.springframework.web.filter.OncePerRequestFilter.doFilter(OncePerRequestFilter.java:116)
	at org.springframework.security.web.ObservationFilterChainDecorator$ObservationFilter.wrapFilter(ObservationFilterChainDecorator.java:240)
	at org.springframework.security.web.ObservationFilterChainDecorator$ObservationFilter.doFilter(ObservationFilterChainDecorator.java:227)
	at org.springframework.security.web.ObservationFilterChainDecorator$VirtualFilterChain.doFilter(ObservationFilterChainDecorator.java:137)
	at org.springframework.security.web.header.HeaderWriterFilter.doHeadersAfter(HeaderWriterFilter.java:90)
	at org.springframework.security.web.header.HeaderWriterFilter.doFilterInternal(HeaderWriterFilter.java:75)
	at org.springframework.web.filter.OncePerRequestFilter.doFilter(OncePerRequestFilter.java:116)
	at org.springframework.security.web.ObservationFilterChainDecorator$ObservationFilter.wrapFilter(ObservationFilterChainDecorator.java:240)
	at org.springframework.security.web.ObservationFilterChainDecorator$ObservationFilter.doFilter(ObservationFilterChainDecorator.java:227)
	at org.springframework.security.web.ObservationFilterChainDecorator$VirtualFilterChain.doFilter(ObservationFilterChainDecorator.java:137)
	at org.springframework.security.web.context.SecurityContextHolderFilter.doFilter(SecurityContextHolderFilter.java:82)
	at org.springframework.security.web.context.SecurityContextHolderFilter.doFilter(SecurityContextHolderFilter.java:69)
	at org.springframework.security.web.ObservationFilterChainDecorator$ObservationFilter.wrapFilter(ObservationFilterChainDecorator.java:240)
	at org.springframework.security.web.ObservationFilterChainDecorator$ObservationFilter.doFilter(ObservationFilterChainDecorator.java:227)
	at org.springframework.security.web.ObservationFilterChainDecorator$VirtualFilterChain.doFilter(ObservationFilterChainDecorator.java:137)
	at org.springframework.security.web.context.request.async.WebAsyncManagerIntegrationFilter.doFilterInternal(WebAsyncManagerIntegrationFilter.java:62)
	at org.springframework.web.filter.OncePerRequestFilter.doFilter(OncePerRequestFilter.java:116)
	at org.springframework.security.web.ObservationFilterChainDecorator$ObservationFilter.wrapFilter(ObservationFilterChainDecorator.java:240)
	at org.springframework.security.web.ObservationFilterChainDecorator$ObservationFilter.doFilter(ObservationFilterChainDecorator.java:227)
	at org.springframework.security.web.ObservationFilterChainDecorator$VirtualFilterChain.doFilter(ObservationFilterChainDecorator.java:137)
	at org.springframework.security.web.session.DisableEncodeUrlFilter.doFilterInternal(DisableEncodeUrlFilter.java:42)
	at org.springframework.web.filter.OncePerRequestFilter.doFilter(OncePerRequestFilter.java:116)
	at org.springframework.security.web.ObservationFilterChainDecorator$ObservationFilter.wrapFilter(ObservationFilterChainDecorator.java:240)
	at org.springframework.security.web.ObservationFilterChainDecorator$AroundFilterObservation$SimpleAroundFilterObservation.lambda$wrap$0(ObservationFilterChainDecorator.java:323)
	at org.springframework.security.web.ObservationFilterChainDecorator$ObservationFilter.doFilter(ObservationFilterChainDecorator.java:224)
	at org.springframework.security.web.ObservationFilterChainDecorator$VirtualFilterChain.doFilter(ObservationFilterChainDecorator.java:137)
	at org.springframework.security.web.FilterChainProxy.doFilterInternal(FilterChainProxy.java:233)
	at org.springframework.security.web.FilterChainProxy.doFilter(FilterChainProxy.java:191)
	at org.springframework.web.filter.CompositeFilter$VirtualFilterChain.doFilter(CompositeFilter.java:113)
	at org.springframework.web.servlet.handler.HandlerMappingIntrospector.lambda$createCacheFilter$3(HandlerMappingIntrospector.java:243)
	at org.springframework.web.filter.CompositeFilter$VirtualFilterChain.doFilter(CompositeFilter.java:113)
	at org.springframework.web.filter.CompositeFilter.doFilter(CompositeFilter.java:74)
	at org.springframework.security.config.annotation.web.configuration.WebMvcSecurityConfiguration$CompositeFilterChainProxy.doFilter(WebMvcSecurityConfiguration.java:238)
	at org.springframework.web.filter.DelegatingFilterProxy.invokeDelegate(DelegatingFilterProxy.java:362)
	at org.springframework.web.filter.DelegatingFilterProxy.doFilter(DelegatingFilterProxy.java:278)
	at org.apache.catalina.core.ApplicationFilterChain.internalDoFilter(ApplicationFilterChain.java:164)
	at org.apache.catalina.core.ApplicationFilterChain.doFilter(ApplicationFilterChain.java:140)
	at org.springframework.web.filter.RequestContextFilter.doFilterInternal(RequestContextFilter.java:100)
	at org.springframework.web.filter.OncePerRequestFilter.doFilter(OncePerRequestFilter.java:116)
	at org.apache.catalina.core.ApplicationFilterChain.internalDoFilter(ApplicationFilterChain.java:164)
	at org.apache.catalina.core.ApplicationFilterChain.doFilter(ApplicationFilterChain.java:140)
	at org.springframework.web.filter.FormContentFilter.doFilterInternal(FormContentFilter.java:93)
	at org.springframework.web.filter.OncePerRequestFilter.doFilter(OncePerRequestFilter.java:116)
	at org.apache.catalina.core.ApplicationFilterChain.internalDoFilter(ApplicationFilterChain.java:164)
	at org.apache.catalina.core.ApplicationFilterChain.doFilter(ApplicationFilterChain.java:140)
	at org.springframework.web.filter.ServerHttpObservationFilter.doFilterInternal(ServerHttpObservationFilter.java:114)
	at org.springframework.web.filter.OncePerRequestFilter.doFilter(OncePerRequestFilter.java:116)
	at org.apache.catalina.core.ApplicationFilterChain.internalDoFilter(ApplicationFilterChain.java:164)
	at org.apache.catalina.core.ApplicationFilterChain.doFilter(ApplicationFilterChain.java:140)
	at org.springframework.web.filter.CharacterEncodingFilter.doFilterInternal(CharacterEncodingFilter.java:201)
	at org.springframework.web.filter.OncePerRequestFilter.doFilter(OncePerRequestFilter.java:116)
	at org.apache.catalina.core.ApplicationFilterChain.internalDoFilter(ApplicationFilterChain.java:164)
	at org.apache.catalina.core.ApplicationFilterChain.doFilter(ApplicationFilterChain.java:140)
	at org.apache.catalina.core.StandardWrapperValve.invoke(StandardWrapperValve.java:167)
	at org.apache.catalina.core.StandardContextValve.invoke(StandardContextValve.java:90)
	at org.apache.catalina.authenticator.AuthenticatorBase.invoke(AuthenticatorBase.java:483)
	at org.apache.catalina.core.StandardHostValve.invoke(StandardHostValve.java:115)
	at org.apache.catalina.valves.ErrorReportValve.invoke(ErrorReportValve.java:93)
	at org.apache.catalina.core.StandardEngineValve.invoke(StandardEngineValve.java:74)
	at org.apache.catalina.connector.CoyoteAdapter.service(CoyoteAdapter.java:344)
	at org.apache.coyote.http11.Http11Processor.service(Http11Processor.java:397)
	at org.apache.coyote.AbstractProcessorLight.process(AbstractProcessorLight.java:63)
	at org.apache.coyote.AbstractProtocol$ConnectionHandler.process(AbstractProtocol.java:905)
	at org.apache.tomcat.util.net.NioEndpoint$SocketProcessor.doRun(NioEndpoint.java:1741)
	at org.apache.tomcat.util.net.SocketProcessorBase.run(SocketProcessorBase.java:52)
	at org.apache.tomcat.util.threads.ThreadPoolExecutor.runWorker(ThreadPoolExecutor.java:1190)
	at org.apache.tomcat.util.threads.ThreadPoolExecutor$Worker.run(ThreadPoolExecutor.java:659)
	at org.apache.tomcat.util.threads.TaskThread$WrappingRunnable.run(TaskThread.java:63)
	at java.base/java.lang.Thread.run(Thread.java:1583)
2026-03-16 16:57:41 [http-nio-8080-exec-5] DEBUG o.s.w.s.m.m.a.HttpEntityMethodProcessor - Using 'application/json', given [application/json, text/plain, */*] and supported [application/json, application/*+json, application/yaml]
2026-03-16 16:57:41 [http-nio-8080-exec-5] TRACE o.s.w.s.m.m.a.HttpEntityMethodProcessor - Writing [ApiResponse[success=false, status=500, code=C004, message=예기치 않은 서버 오류가 발생했습니다., data=null, timestamp=2026-03-16T16:57:41.793434500]]
2026-03-16 16:57:41 [http-nio-8080-exec-5] DEBUG o.s.w.s.m.m.a.ExceptionHandlerExceptionResolver - Resolved [org.springframework.web.servlet.resource.NoResourceFoundException: No static resource api/v1/admin/system/statistics/connect.]
2026-03-16 16:57:41 [http-nio-8080-exec-5] DEBUG o.s.web.servlet.DispatcherServlet - Completed 500 INTERNAL_SERVER_ERROR
2026-03-16 16:57:41 [http-nio-8080-exec-5] DEBUG c.c.p.s.jwt.JwtAuthenticationFilter - >>> [JwtFilter] Processing request: GET /api/v1/admin/system/banners/reflected
2026-03-16 16:57:41 [http-nio-8080-exec-5] DEBUG c.c.p.s.jwt.JwtAuthenticationFilter - >>> [JwtFilter] Found token in header for path: /api/v1/admin/system/banners/reflected
2026-03-16 16:57:41 [http-nio-8080-exec-5] DEBUG o.s.orm.jpa.JpaTransactionManager - Creating new transaction with name [com.company.project.security.iam.CustomUserDetailsService.loadUserByUsername]: PROPAGATION_REQUIRED,ISOLATION_DEFAULT,readOnly
2026-03-16 16:57:41 [http-nio-8080-exec-5] DEBUG o.s.orm.jpa.JpaTransactionManager - Opened new EntityManager [SessionImpl(509925974<open>)] for JPA transaction
2026-03-16 16:57:41 [http-nio-8080-exec-5] DEBUG o.s.orm.jpa.JpaTransactionManager - Exposing JPA transaction as JDBC [org.springframework.orm.jpa.vendor.HibernateJpaDialect$HibernateConnectionHandle@27e3fe80]
2026-03-16 16:57:41 [http-nio-8080-exec-5] DEBUG o.s.orm.jpa.JpaTransactionManager - Found thread-bound EntityManager [SessionImpl(509925974<open>)] for JPA transaction
2026-03-16 16:57:41 [http-nio-8080-exec-5] DEBUG o.s.orm.jpa.JpaTransactionManager - Participating in existing transaction
2026-03-16 16:57:41 [http-nio-8080-exec-5] DEBUG org.hibernate.SQL - select u1_0.emplyr_id,u1_0.area_no,u1_0.brthdy,u1_0.chg_pwd_cnt,u1_0.frst_register_id,u1_0.frst_regist_pnttm,u1_0.detail_adres,u1_0.email_adres,u1_0.emplyr_sttus_code,u1_0.empl_no,u1_0.esntl_id,u1_0.fxnum,u1_0.group_id,u1_0.house_adres,u1_0.house_end_telno,u1_0.house_middle_telno,u1_0.ihidnum,u1_0.pstinst_code,u1_0.last_updusr_id,u1_0.last_updt_pnttm,u1_0.lock_at,u1_0.lock_cnt,u1_0.lock_last_pnttm,u1_0.mbtlnum,u1_0.ofcps_nm,u1_0.offm_telno,u1_0.orgnzt_id,u1_0.password,u1_0.password_cnsr,u1_0.password_hint,u1_0.chg_pwd_last_pnttm,u1_0.role,u1_0.sbscrb_de,u1_0.sexdstn_code,u1_0.crtfc_dn_value,u1_0.user_nm,u1_0.zip from nemplyrinfo u1_0 where u1_0.emplyr_id=?
2026-03-16 16:57:41 [http-nio-8080-exec-4] DEBUG o.s.orm.jpa.JpaTransactionManager - Initiating transaction commit
2026-03-16 16:57:41 [http-nio-8080-exec-4] DEBUG o.s.orm.jpa.JpaTransactionManager - Committing JPA transaction on EntityManager [SessionImpl(1282128174<open>)]
2026-03-16 16:57:41 [http-nio-8080-exec-1] DEBUG o.s.orm.jpa.JpaTransactionManager - Initiating transaction commit
2026-03-16 16:57:41 [http-nio-8080-exec-1] DEBUG o.s.orm.jpa.JpaTransactionManager - Committing JPA transaction on EntityManager [SessionImpl(1063035760<open>)]
2026-03-16 16:57:41 [http-nio-8080-exec-8] DEBUG o.s.orm.jpa.JpaTransactionManager - Found thread-bound EntityManager [SessionImpl(1905052026<open>)] for JPA transaction
2026-03-16 16:57:41 [http-nio-8080-exec-8] DEBUG o.s.orm.jpa.JpaTransactionManager - Participating in existing transaction
2026-03-16 16:57:41 [http-nio-8080-exec-8] DEBUG org.hibernate.SQL - select ua1_0.scrty_dtrmn_trget_id,ua1_0.author_code,ua1_0.frst_register_id,ua1_0.frst_regist_pnttm,ua1_0.last_updusr_id,ua1_0.last_updt_pnttm,ua1_0.mber_ty_code from nemplyrscrtyestbs ua1_0 where ua1_0.scrty_dtrmn_trget_id=?
2026-03-16 16:57:41 [http-nio-8080-exec-7] DEBUG o.s.orm.jpa.JpaTransactionManager - Initiating transaction commit
2026-03-16 16:57:41 [http-nio-8080-exec-7] DEBUG o.s.orm.jpa.JpaTransactionManager - Committing JPA transaction on EntityManager [SessionImpl(823912274<open>)]
2026-03-16 16:57:41 [http-nio-8080-exec-10] DEBUG o.s.orm.jpa.JpaTransactionManager - Initiating transaction commit
2026-03-16 16:57:41 [http-nio-8080-exec-10] DEBUG o.s.orm.jpa.JpaTransactionManager - Committing JPA transaction on EntityManager [SessionImpl(1775384634<open>)]
2026-03-16 16:57:41 [http-nio-8080-exec-3] DEBUG o.s.orm.jpa.JpaTransactionManager - Initiating transaction commit
2026-03-16 16:57:41 [http-nio-8080-exec-3] DEBUG o.s.orm.jpa.JpaTransactionManager - Committing JPA transaction on EntityManager [SessionImpl(1989339457<open>)]
2026-03-16 16:57:41 [http-nio-8080-exec-6] DEBUG o.s.orm.jpa.JpaTransactionManager - Found thread-bound EntityManager [SessionImpl(490440403<open>)] for JPA transaction
2026-03-16 16:57:41 [http-nio-8080-exec-6] DEBUG o.s.orm.jpa.JpaTransactionManager - Participating in existing transaction
2026-03-16 16:57:41 [http-nio-8080-exec-6] DEBUG org.hibernate.SQL - select ua1_0.scrty_dtrmn_trget_id,ua1_0.author_code,ua1_0.frst_register_id,ua1_0.frst_regist_pnttm,ua1_0.last_updusr_id,ua1_0.last_updt_pnttm,ua1_0.mber_ty_code from nemplyrscrtyestbs ua1_0 where ua1_0.scrty_dtrmn_trget_id=?
2026-03-16 16:57:41 [http-nio-8080-exec-2] DEBUG o.s.orm.jpa.JpaTransactionManager - Initiating transaction commit
2026-03-16 16:57:41 [http-nio-8080-exec-2] DEBUG o.s.orm.jpa.JpaTransactionManager - Committing JPA transaction on EntityManager [SessionImpl(1809585444<open>)]
2026-03-16 16:57:41 [http-nio-8080-exec-9] DEBUG o.s.orm.jpa.JpaTransactionManager - Initiating transaction commit
2026-03-16 16:57:41 [http-nio-8080-exec-9] DEBUG o.s.orm.jpa.JpaTransactionManager - Committing JPA transaction on EntityManager [SessionImpl(1093403205<open>)]
2026-03-16 16:57:41 [http-nio-8080-exec-5] DEBUG o.s.orm.jpa.JpaTransactionManager - Found thread-bound EntityManager [SessionImpl(509925974<open>)] for JPA transaction
2026-03-16 16:57:41 [http-nio-8080-exec-5] DEBUG o.s.orm.jpa.JpaTransactionManager - Participating in existing transaction
2026-03-16 16:57:41 [http-nio-8080-exec-5] DEBUG org.hibernate.SQL - select ua1_0.scrty_dtrmn_trget_id,ua1_0.author_code,ua1_0.frst_register_id,ua1_0.frst_regist_pnttm,ua1_0.last_updusr_id,ua1_0.last_updt_pnttm,ua1_0.mber_ty_code from nemplyrscrtyestbs ua1_0 where ua1_0.scrty_dtrmn_trget_id=?
2026-03-16 16:57:41 [http-nio-8080-exec-4] DEBUG o.s.orm.jpa.JpaTransactionManager - Closing JPA EntityManager [SessionImpl(1282128174<open>)] after transaction
2026-03-16 16:57:41 [http-nio-8080-exec-4] DEBUG c.c.p.s.jwt.JwtAuthenticationFilter - >>> [JwtFilter] Successfully authenticated user: USRCNFRM_99999999999, Authorities: [ROLE_ADMIN]
2026-03-16 16:57:41 [http-nio-8080-exec-4] DEBUG o.s.web.servlet.DispatcherServlet - GET "/api/v1/menu/left?menuNo=20", parameters={masked}
2026-03-16 16:57:41 [http-nio-8080-exec-1] DEBUG o.s.orm.jpa.JpaTransactionManager - Closing JPA EntityManager [SessionImpl(1063035760<open>)] after transaction
2026-03-16 16:57:41 [http-nio-8080-exec-1] DEBUG c.c.p.s.jwt.JwtAuthenticationFilter - >>> [JwtFilter] Successfully authenticated user: USRCNFRM_99999999999, Authorities: [ROLE_ADMIN]
2026-03-16 16:57:41 [http-nio-8080-exec-4] TRACE o.s.w.s.m.m.a.RequestMappingHandlerMapping - Mapped to com.company.project.api.controller.menu.MenuController#getLeftMenu(Long)
2026-03-16 16:57:41 [http-nio-8080-exec-1] DEBUG o.s.web.servlet.DispatcherServlet - GET "/api/v1/admin/system/statistics/bbs?statsKind=COM101", parameters={masked}
2026-03-16 16:57:41 [http-nio-8080-exec-4] INFO  c.c.p.a.c.menu.MenuController - getLeftMenu called with menuNo=20
2026-03-16 16:57:41 [http-nio-8080-exec-4] DEBUG o.s.orm.jpa.JpaTransactionManager - Creating new transaction with name [com.company.project.service.menu.MenuService.getSubMenus]: PROPAGATION_REQUIRED,ISOLATION_DEFAULT,readOnly
2026-03-16 16:57:41 [http-nio-8080-exec-4] DEBUG o.s.orm.jpa.JpaTransactionManager - Opened new EntityManager [SessionImpl(1770719488<open>)] for JPA transaction
2026-03-16 16:57:41 [http-nio-8080-exec-4] DEBUG o.s.orm.jpa.JpaTransactionManager - Exposing JPA transaction as JDBC [org.springframework.orm.jpa.vendor.HibernateJpaDialect$HibernateConnectionHandle@1c03ac3c]
2026-03-16 16:57:41 [http-nio-8080-exec-1] DEBUG o.s.w.s.h.SimpleUrlHandlerMapping - Mapped to ResourceHttpRequestHandler [classpath [META-INF/resources/], classpath [resources/], classpath [static/], classpath [public/], ServletContext [/]]
2026-03-16 16:57:41 [http-nio-8080-exec-4] DEBUG org.hibernate.SQL - select m1_0.menu_no,m1_0.menu_dc,m1_0.menu_nm,m1_0.menu_ordr,m1_0.modern_route,m1_0.progrm_file_nm,m1_0.relate_image_nm,m1_0.relate_image_path,m1_0.route_updated_at,m1_0.upper_menu_no from nmenuinfo m1_0 order by m1_0.upper_menu_no,m1_0.menu_ordr
2026-03-16 16:57:41 [http-nio-8080-exec-1] DEBUG o.s.w.s.r.ResourceHttpRequestHandler - Resource not found
2026-03-16 16:57:41 [http-nio-8080-exec-1] DEBUG o.s.w.s.m.m.a.ExceptionHandlerExceptionResolver - Using @ExceptionHandler com.company.project.core.exception.GlobalExceptionHandler#handleException(Exception)
2026-03-16 16:57:41 [http-nio-8080-exec-1] ERROR c.c.p.c.e.GlobalExceptionHandler - >>> Internal Server Error: No static resource api/v1/admin/system/statistics/bbs.
org.springframework.web.servlet.resource.NoResourceFoundException: No static resource api/v1/admin/system/statistics/bbs.
	at org.springframework.web.servlet.resource.ResourceHttpRequestHandler.handleRequest(ResourceHttpRequestHandler.java:585)
	at org.springframework.web.servlet.mvc.HttpRequestHandlerAdapter.handle(HttpRequestHandlerAdapter.java:52)
	at org.springframework.web.servlet.DispatcherServlet.doDispatch(DispatcherServlet.java:1088)
	at org.springframework.web.servlet.DispatcherServlet.doService(DispatcherServlet.java:978)
	at org.springframework.web.servlet.FrameworkServlet.processRequest(FrameworkServlet.java:1014)
	at org.springframework.web.servlet.FrameworkServlet.doGet(FrameworkServlet.java:903)
	at jakarta.servlet.http.HttpServlet.service(HttpServlet.java:527)
	at org.springframework.web.servlet.FrameworkServlet.service(FrameworkServlet.java:885)
	at jakarta.servlet.http.HttpServlet.service(HttpServlet.java:614)
	at org.apache.catalina.core.ApplicationFilterChain.internalDoFilter(ApplicationFilterChain.java:195)
	at org.apache.catalina.core.ApplicationFilterChain.doFilter(ApplicationFilterChain.java:140)
	at org.apache.tomcat.websocket.server.WsFilter.doFilter(WsFilter.java:51)
	at org.apache.catalina.core.ApplicationFilterChain.internalDoFilter(ApplicationFilterChain.java:164)
	at org.apache.catalina.core.ApplicationFilterChain.doFilter(ApplicationFilterChain.java:140)
	at org.springframework.web.filter.CompositeFilter$VirtualFilterChain.doFilter(CompositeFilter.java:108)
	at org.springframework.security.web.FilterChainProxy.lambda$doFilterInternal$3(FilterChainProxy.java:231)
	at org.springframework.security.web.ObservationFilterChainDecorator$FilterObservation$SimpleFilterObservation.lambda$wrap$1(ObservationFilterChainDecorator.java:479)
	at org.springframework.security.web.ObservationFilterChainDecorator$AroundFilterObservation$SimpleAroundFilterObservation.lambda$wrap$1(ObservationFilterChainDecorator.java:340)
	at org.springframework.security.web.ObservationFilterChainDecorator.lambda$wrapSecured$0(ObservationFilterChainDecorator.java:82)
	at org.springframework.security.web.ObservationFilterChainDecorator$VirtualFilterChain.doFilter(ObservationFilterChainDecorator.java:128)
	at org.springframework.security.web.access.intercept.AuthorizationFilter.doFilter(AuthorizationFilter.java:101)
	at org.springframework.security.web.ObservationFilterChainDecorator$ObservationFilter.wrapFilter(ObservationFilterChainDecorator.java:240)
	at org.springframework.security.web.ObservationFilterChainDecorator$ObservationFilter.doFilter(ObservationFilterChainDecorator.java:227)
	at org.springframework.security.web.ObservationFilterChainDecorator$VirtualFilterChain.doFilter(ObservationFilterChainDecorator.java:137)
	at org.springframework.security.web.access.ExceptionTranslationFilter.doFilter(ExceptionTranslationFilter.java:126)
	at org.springframework.security.web.access.ExceptionTranslationFilter.doFilter(ExceptionTranslationFilter.java:120)
	at org.springframework.security.web.ObservationFilterChainDecorator$ObservationFilter.wrapFilter(ObservationFilterChainDecorator.java:240)
	at org.springframework.security.web.ObservationFilterChainDecorator$ObservationFilter.doFilter(ObservationFilterChainDecorator.java:227)
	at org.springframework.security.web.ObservationFilterChainDecorator$VirtualFilterChain.doFilter(ObservationFilterChainDecorator.java:137)
	at org.springframework.security.web.session.SessionManagementFilter.doFilter(SessionManagementFilter.java:131)
	at org.springframework.security.web.session.SessionManagementFilter.doFilter(SessionManagementFilter.java:85)
	at org.springframework.security.web.ObservationFilterChainDecorator$ObservationFilter.wrapFilter(ObservationFilterChainDecorator.java:240)
	at org.springframework.security.web.ObservationFilterChainDecorator$ObservationFilter.doFilter(ObservationFilterChainDecorator.java:227)
	at org.springframework.security.web.ObservationFilterChainDecorator$VirtualFilterChain.doFilter(ObservationFilterChainDecorator.java:137)
	at org.springframework.security.web.authentication.AnonymousAuthenticationFilter.doFilter(AnonymousAuthenticationFilter.java:100)
	at org.springframework.security.web.ObservationFilterChainDecorator$ObservationFilter.wrapFilter(ObservationFilterChainDecorator.java:240)
	at org.springframework.security.web.ObservationFilterChainDecorator$ObservationFilter.doFilter(ObservationFilterChainDecorator.java:227)
	at org.springframework.security.web.ObservationFilterChainDecorator$VirtualFilterChain.doFilter(ObservationFilterChainDecorator.java:137)
	at org.springframework.security.web.servletapi.SecurityContextHolderAwareRequestFilter.doFilter(SecurityContextHolderAwareRequestFilter.java:179)
	at org.springframework.security.web.ObservationFilterChainDecorator$ObservationFilter.wrapFilter(ObservationFilterChainDecorator.java:240)
	at org.springframework.security.web.ObservationFilterChainDecorator$ObservationFilter.doFilter(ObservationFilterChainDecorator.java:227)
	at org.springframework.security.web.ObservationFilterChainDecorator$VirtualFilterChain.doFilter(ObservationFilterChainDecorator.java:137)
	at org.springframework.security.web.savedrequest.RequestCacheAwareFilter.doFilter(RequestCacheAwareFilter.java:63)
	at org.springframework.security.web.ObservationFilterChainDecorator$ObservationFilter.wrapFilter(ObservationFilterChainDecorator.java:240)
	at org.springframework.security.web.ObservationFilterChainDecorator$ObservationFilter.doFilter(ObservationFilterChainDecorator.java:227)
	at org.springframework.security.web.ObservationFilterChainDecorator$VirtualFilterChain.doFilter(ObservationFilterChainDecorator.java:137)
	at com.company.project.security.jwt.JwtAuthenticationFilter.doFilterInternal(JwtAuthenticationFilter.java:52)
	at org.springframework.web.filter.OncePerRequestFilter.doFilter(OncePerRequestFilter.java:116)
	at org.springframework.security.web.ObservationFilterChainDecorator$ObservationFilter.wrapFilter(ObservationFilterChainDecorator.java:240)
	at org.springframework.security.web.ObservationFilterChainDecorator$ObservationFilter.doFilter(ObservationFilterChainDecorator.java:227)
	at org.springframework.security.web.ObservationFilterChainDecorator$VirtualFilterChain.doFilter(ObservationFilterChainDecorator.java:137)
	at org.springframework.security.web.authentication.logout.LogoutFilter.doFilter(LogoutFilter.java:107)
	at org.springframework.security.web.authentication.logout.LogoutFilter.doFilter(LogoutFilter.java:93)
	at org.springframework.security.web.ObservationFilterChainDecorator$ObservationFilter.wrapFilter(ObservationFilterChainDecorator.java:240)
	at org.springframework.security.web.ObservationFilterChainDecorator$ObservationFilter.doFilter(ObservationFilterChainDecorator.java:227)
	at org.springframework.security.web.ObservationFilterChainDecorator$VirtualFilterChain.doFilter(ObservationFilterChainDecorator.java:137)
	at org.springframework.web.filter.CorsFilter.doFilterInternal(CorsFilter.java:91)
	at org.springframework.web.filter.OncePerRequestFilter.doFilter(OncePerRequestFilter.java:116)
	at org.springframework.security.web.ObservationFilterChainDecorator$ObservationFilter.wrapFilter(ObservationFilterChainDecorator.java:240)
	at org.springframework.security.web.ObservationFilterChainDecorator$ObservationFilter.doFilter(ObservationFilterChainDecorator.java:227)
	at org.springframework.security.web.ObservationFilterChainDecorator$VirtualFilterChain.doFilter(ObservationFilterChainDecorator.java:137)
	at org.springframework.security.web.header.HeaderWriterFilter.doHeadersAfter(HeaderWriterFilter.java:90)
	at org.springframework.security.web.header.HeaderWriterFilter.doFilterInternal(HeaderWriterFilter.java:75)
	at org.springframework.web.filter.OncePerRequestFilter.doFilter(OncePerRequestFilter.java:116)
	at org.springframework.security.web.ObservationFilterChainDecorator$ObservationFilter.wrapFilter(ObservationFilterChainDecorator.java:240)
	at org.springframework.security.web.ObservationFilterChainDecorator$ObservationFilter.doFilter(ObservationFilterChainDecorator.java:227)
	at org.springframework.security.web.ObservationFilterChainDecorator$VirtualFilterChain.doFilter(ObservationFilterChainDecorator.java:137)
	at org.springframework.security.web.context.SecurityContextHolderFilter.doFilter(SecurityContextHolderFilter.java:82)
	at org.springframework.security.web.context.SecurityContextHolderFilter.doFilter(SecurityContextHolderFilter.java:69)
	at org.springframework.security.web.ObservationFilterChainDecorator$ObservationFilter.wrapFilter(ObservationFilterChainDecorator.java:240)
	at org.springframework.security.web.ObservationFilterChainDecorator$ObservationFilter.doFilter(ObservationFilterChainDecorator.java:227)
	at org.springframework.security.web.ObservationFilterChainDecorator$VirtualFilterChain.doFilter(ObservationFilterChainDecorator.java:137)
	at org.springframework.security.web.context.request.async.WebAsyncManagerIntegrationFilter.doFilterInternal(WebAsyncManagerIntegrationFilter.java:62)
	at org.springframework.web.filter.OncePerRequestFilter.doFilter(OncePerRequestFilter.java:116)
	at org.springframework.security.web.ObservationFilterChainDecorator$ObservationFilter.wrapFilter(ObservationFilterChainDecorator.java:240)
	at org.springframework.security.web.ObservationFilterChainDecorator$ObservationFilter.doFilter(ObservationFilterChainDecorator.java:227)
	at org.springframework.security.web.ObservationFilterChainDecorator$VirtualFilterChain.doFilter(ObservationFilterChainDecorator.java:137)
	at org.springframework.security.web.session.DisableEncodeUrlFilter.doFilterInternal(DisableEncodeUrlFilter.java:42)
	at org.springframework.web.filter.OncePerRequestFilter.doFilter(OncePerRequestFilter.java:116)
	at org.springframework.security.web.ObservationFilterChainDecorator$ObservationFilter.wrapFilter(ObservationFilterChainDecorator.java:240)
	at org.springframework.security.web.ObservationFilterChainDecorator$AroundFilterObservation$SimpleAroundFilterObservation.lambda$wrap$0(ObservationFilterChainDecorator.java:323)
	at org.springframework.security.web.ObservationFilterChainDecorator$ObservationFilter.doFilter(ObservationFilterChainDecorator.java:224)
	at org.springframework.security.web.ObservationFilterChainDecorator$VirtualFilterChain.doFilter(ObservationFilterChainDecorator.java:137)
	at org.springframework.security.web.FilterChainProxy.doFilterInternal(FilterChainProxy.java:233)
	at org.springframework.security.web.FilterChainProxy.doFilter(FilterChainProxy.java:191)
	at org.springframework.web.filter.CompositeFilter$VirtualFilterChain.doFilter(CompositeFilter.java:113)
	at org.springframework.web.servlet.handler.HandlerMappingIntrospector.lambda$createCacheFilter$3(HandlerMappingIntrospector.java:243)
	at org.springframework.web.filter.CompositeFilter$VirtualFilterChain.doFilter(CompositeFilter.java:113)
	at org.springframework.web.filter.CompositeFilter.doFilter(CompositeFilter.java:74)
	at org.springframework.security.config.annotation.web.configuration.WebMvcSecurityConfiguration$CompositeFilterChainProxy.doFilter(WebMvcSecurityConfiguration.java:238)
	at org.springframework.web.filter.DelegatingFilterProxy.invokeDelegate(DelegatingFilterProxy.java:362)
	at org.springframework.web.filter.DelegatingFilterProxy.doFilter(DelegatingFilterProxy.java:278)
	at org.apache.catalina.core.ApplicationFilterChain.internalDoFilter(ApplicationFilterChain.java:164)
	at org.apache.catalina.core.ApplicationFilterChain.doFilter(ApplicationFilterChain.java:140)
	at org.springframework.web.filter.RequestContextFilter.doFilterInternal(RequestContextFilter.java:100)
	at org.springframework.web.filter.OncePerRequestFilter.doFilter(OncePerRequestFilter.java:116)
	at org.apache.catalina.core.ApplicationFilterChain.internalDoFilter(ApplicationFilterChain.java:164)
	at org.apache.catalina.core.ApplicationFilterChain.doFilter(ApplicationFilterChain.java:140)
	at org.springframework.web.filter.FormContentFilter.doFilterInternal(FormContentFilter.java:93)
	at org.springframework.web.filter.OncePerRequestFilter.doFilter(OncePerRequestFilter.java:116)
	at org.apache.catalina.core.ApplicationFilterChain.internalDoFilter(ApplicationFilterChain.java:164)
	at org.apache.catalina.core.ApplicationFilterChain.doFilter(ApplicationFilterChain.java:140)
	at org.springframework.web.filter.ServerHttpObservationFilter.doFilterInternal(ServerHttpObservationFilter.java:114)
	at org.springframework.web.filter.OncePerRequestFilter.doFilter(OncePerRequestFilter.java:116)
	at org.apache.catalina.core.ApplicationFilterChain.internalDoFilter(ApplicationFilterChain.java:164)
	at org.apache.catalina.core.ApplicationFilterChain.doFilter(ApplicationFilterChain.java:140)
	at org.springframework.web.filter.CharacterEncodingFilter.doFilterInternal(CharacterEncodingFilter.java:201)
	at org.springframework.web.filter.OncePerRequestFilter.doFilter(OncePerRequestFilter.java:116)
	at org.apache.catalina.core.ApplicationFilterChain.internalDoFilter(ApplicationFilterChain.java:164)
	at org.apache.catalina.core.ApplicationFilterChain.doFilter(ApplicationFilterChain.java:140)
	at org.apache.catalina.core.StandardWrapperValve.invoke(StandardWrapperValve.java:167)
	at org.apache.catalina.core.StandardContextValve.invoke(StandardContextValve.java:90)
	at org.apache.catalina.authenticator.AuthenticatorBase.invoke(AuthenticatorBase.java:483)
	at org.apache.catalina.core.StandardHostValve.invoke(StandardHostValve.java:115)
	at org.apache.catalina.valves.ErrorReportValve.invoke(ErrorReportValve.java:93)
	at org.apache.catalina.core.StandardEngineValve.invoke(StandardEngineValve.java:74)
	at org.apache.catalina.connector.CoyoteAdapter.service(CoyoteAdapter.java:344)
	at org.apache.coyote.http11.Http11Processor.service(Http11Processor.java:397)
	at org.apache.coyote.AbstractProcessorLight.process(AbstractProcessorLight.java:63)
	at org.apache.coyote.AbstractProtocol$ConnectionHandler.process(AbstractProtocol.java:905)
	at org.apache.tomcat.util.net.NioEndpoint$SocketProcessor.doRun(NioEndpoint.java:1741)
	at org.apache.tomcat.util.net.SocketProcessorBase.run(SocketProcessorBase.java:52)
	at org.apache.tomcat.util.threads.ThreadPoolExecutor.runWorker(ThreadPoolExecutor.java:1190)
	at org.apache.tomcat.util.threads.ThreadPoolExecutor$Worker.run(ThreadPoolExecutor.java:659)
	at org.apache.tomcat.util.threads.TaskThread$WrappingRunnable.run(TaskThread.java:63)
	at java.base/java.lang.Thread.run(Thread.java:1583)
2026-03-16 16:57:41 [http-nio-8080-exec-1] DEBUG o.s.w.s.m.m.a.HttpEntityMethodProcessor - Using 'application/json', given [application/json, text/plain, */*] and supported [application/json, application/*+json, application/yaml]
2026-03-16 16:57:41 [http-nio-8080-exec-1] TRACE o.s.w.s.m.m.a.HttpEntityMethodProcessor - Writing [ApiResponse[success=false, status=500, code=C004, message=예기치 않은 서버 오류가 발생했습니다., data=null, timestamp=2026-03-16T16:57:41.973684800]]
2026-03-16 16:57:41 [http-nio-8080-exec-1] DEBUG o.s.w.s.m.m.a.ExceptionHandlerExceptionResolver - Resolved [org.springframework.web.servlet.resource.NoResourceFoundException: No static resource api/v1/admin/system/statistics/bbs.]
2026-03-16 16:57:41 [http-nio-8080-exec-1] DEBUG o.s.web.servlet.DispatcherServlet - Completed 500 INTERNAL_SERVER_ERROR
2026-03-16 16:57:41 [http-nio-8080-exec-8] DEBUG o.s.orm.jpa.JpaTransactionManager - Initiating transaction commit
2026-03-16 16:57:41 [http-nio-8080-exec-8] DEBUG o.s.orm.jpa.JpaTransactionManager - Committing JPA transaction on EntityManager [SessionImpl(1905052026<open>)]
2026-03-16 16:57:41 [http-nio-8080-exec-7] DEBUG o.s.orm.jpa.JpaTransactionManager - Closing JPA EntityManager [SessionImpl(823912274<open>)] after transaction
2026-03-16 16:57:41 [http-nio-8080-exec-7] INFO  c.c.p.a.c.menu.MenuController - getLeftMenu returned 5 items
2026-03-16 16:57:41 [http-nio-8080-exec-7] DEBUG o.s.w.s.m.m.a.HttpEntityMethodProcessor - Using 'application/json', given [application/json, text/plain, */*] and supported [application/json, application/*+json, application/yaml]
2026-03-16 16:57:41 [http-nio-8080-exec-7] TRACE o.s.w.s.m.m.a.HttpEntityMethodProcessor - Writing [ApiResponse[success=true, status=200, code=COMMON_001, message=Success, data={list=[com.company.project.service.menu.dto.MenuDto@307e39c4, com.company.project.service.menu.dto.MenuDto@130638cd, com.company.project.service.menu.dto.MenuDto@641d5f52, com.company.project.service.menu.dto.MenuDto@705f9fa7, com.company.project.service.menu.dto.MenuDto@31ae2871]}, timestamp=2026-03-16T16:57:41.979813200]]
2026-03-16 16:57:41 [http-nio-8080-exec-10] DEBUG o.s.orm.jpa.JpaTransactionManager - Closing JPA EntityManager [SessionImpl(1775384634<open>)] after transaction
2026-03-16 16:57:41 [http-nio-8080-exec-3] DEBUG o.s.orm.jpa.JpaTransactionManager - Closing JPA EntityManager [SessionImpl(1989339457<open>)] after transaction
2026-03-16 16:57:41 [http-nio-8080-exec-7] INFO  c.c.p.a.i.OperationalAuditInterceptor - API Audit Log: URL=/api/v1/menu/left, User=webmaster, IP=0:0:0:0:0:0:0:1
2026-03-16 16:57:41 [http-nio-8080-exec-10] INFO  c.c.p.a.c.menu.MenuController - getLeftMenu returned 3 items
2026-03-16 16:57:41 [http-nio-8080-exec-3] INFO  c.c.p.a.c.menu.MenuController - getLeftMenu returned 2 items
2026-03-16 16:57:41 [http-nio-8080-exec-7] DEBUG o.s.web.servlet.DispatcherServlet - Completed 200 OK
2026-03-16 16:57:41 [http-nio-8080-exec-3] DEBUG o.s.w.s.m.m.a.HttpEntityMethodProcessor - Using 'application/json', given [application/json, text/plain, */*] and supported [application/json, application/*+json, application/yaml]
2026-03-16 16:57:41 [http-nio-8080-exec-10] DEBUG o.s.w.s.m.m.a.HttpEntityMethodProcessor - Using 'application/json', given [application/json, text/plain, */*] and supported [application/json, application/*+json, application/yaml]
2026-03-16 16:57:41 [http-nio-8080-exec-3] TRACE o.s.w.s.m.m.a.HttpEntityMethodProcessor - Writing [ApiResponse[success=true, status=200, code=COMMON_001, message=Success, data={list=[com.company.project.service.menu.dto.MenuDto@326240a0, com.company.project.service.menu.dto.MenuDto@11971c79]}, timestamp=2026-03-16T16:57:41.980826500]]
2026-03-16 16:57:41 [http-nio-8080-exec-10] TRACE o.s.w.s.m.m.a.HttpEntityMethodProcessor - Writing [ApiResponse[success=true, status=200, code=COMMON_001, message=Success, data={list=[com.company.project.service.menu.dto.MenuDto@1b027554, com.company.project.service.menu.dto.MenuDto@6112c21b, com.company.project.service.menu.dto.MenuDto@1f8b2515]}, timestamp=2026-03-16T16:57:41.980826500]]
2026-03-16 16:57:41 [http-nio-8080-exec-3] INFO  c.c.p.a.i.OperationalAuditInterceptor - API Audit Log: URL=/api/v1/menu/left, User=webmaster, IP=0:0:0:0:0:0:0:1
2026-03-16 16:57:41 [http-nio-8080-exec-10] INFO  c.c.p.a.i.OperationalAuditInterceptor - API Audit Log: URL=/api/v1/menu/left, User=webmaster, IP=0:0:0:0:0:0:0:1
2026-03-16 16:57:41 [http-nio-8080-exec-3] DEBUG o.s.web.servlet.DispatcherServlet - Completed 200 OK
2026-03-16 16:57:41 [http-nio-8080-exec-10] DEBUG o.s.web.servlet.DispatcherServlet - Completed 200 OK
2026-03-16 16:57:41 [http-nio-8080-exec-1] DEBUG c.c.p.s.jwt.JwtAuthenticationFilter - >>> [JwtFilter] Processing request: GET /api/v1/notifications
2026-03-16 16:57:41 [http-nio-8080-exec-1] DEBUG c.c.p.s.jwt.JwtAuthenticationFilter - >>> [JwtFilter] Found token in header for path: /api/v1/notifications
2026-03-16 16:57:41 [http-nio-8080-exec-1] DEBUG o.s.orm.jpa.JpaTransactionManager - Creating new transaction with name [com.company.project.security.iam.CustomUserDetailsService.loadUserByUsername]: PROPAGATION_REQUIRED,ISOLATION_DEFAULT,readOnly
2026-03-16 16:57:41 [http-nio-8080-exec-1] DEBUG o.s.orm.jpa.JpaTransactionManager - Opened new EntityManager [SessionImpl(1980078075<open>)] for JPA transaction
2026-03-16 16:57:41 [http-nio-8080-exec-1] DEBUG o.s.orm.jpa.JpaTransactionManager - Exposing JPA transaction as JDBC [org.springframework.orm.jpa.vendor.HibernateJpaDialect$HibernateConnectionHandle@1b32de4d]
2026-03-16 16:57:41 [http-nio-8080-exec-1] DEBUG o.s.orm.jpa.JpaTransactionManager - Found thread-bound EntityManager [SessionImpl(1980078075<open>)] for JPA transaction
2026-03-16 16:57:41 [http-nio-8080-exec-1] DEBUG o.s.orm.jpa.JpaTransactionManager - Participating in existing transaction
2026-03-16 16:57:41 [http-nio-8080-exec-1] DEBUG org.hibernate.SQL - select u1_0.emplyr_id,u1_0.area_no,u1_0.brthdy,u1_0.chg_pwd_cnt,u1_0.frst_register_id,u1_0.frst_regist_pnttm,u1_0.detail_adres,u1_0.email_adres,u1_0.emplyr_sttus_code,u1_0.empl_no,u1_0.esntl_id,u1_0.fxnum,u1_0.group_id,u1_0.house_adres,u1_0.house_end_telno,u1_0.house_middle_telno,u1_0.ihidnum,u1_0.pstinst_code,u1_0.last_updusr_id,u1_0.last_updt_pnttm,u1_0.lock_at,u1_0.lock_cnt,u1_0.lock_last_pnttm,u1_0.mbtlnum,u1_0.ofcps_nm,u1_0.offm_telno,u1_0.orgnzt_id,u1_0.password,u1_0.password_cnsr,u1_0.password_hint,u1_0.chg_pwd_last_pnttm,u1_0.role,u1_0.sbscrb_de,u1_0.sexdstn_code,u1_0.crtfc_dn_value,u1_0.user_nm,u1_0.zip from nemplyrinfo u1_0 where u1_0.emplyr_id=?
2026-03-16 16:57:42 [http-nio-8080-exec-6] DEBUG o.s.orm.jpa.JpaTransactionManager - Initiating transaction commit
2026-03-16 16:57:42 [http-nio-8080-exec-6] DEBUG o.s.orm.jpa.JpaTransactionManager - Committing JPA transaction on EntityManager [SessionImpl(490440403<open>)]
2026-03-16 16:57:42 [http-nio-8080-exec-2] DEBUG o.s.orm.jpa.JpaTransactionManager - Closing JPA EntityManager [SessionImpl(1809585444<open>)] after transaction
2026-03-16 16:57:42 [http-nio-8080-exec-9] DEBUG o.s.orm.jpa.JpaTransactionManager - Closing JPA EntityManager [SessionImpl(1093403205<open>)] after transaction
2026-03-16 16:57:42 [http-nio-8080-exec-2] INFO  c.c.p.a.c.menu.MenuController - getLeftMenu returned 3 items
2026-03-16 16:57:42 [http-nio-8080-exec-9] INFO  c.c.p.a.c.menu.MenuController - getLeftMenu returned 1 items
2026-03-16 16:57:42 [http-nio-8080-exec-2] DEBUG o.s.w.s.m.m.a.HttpEntityMethodProcessor - Using 'application/json', given [application/json, text/plain, */*] and supported [application/json, application/*+json, application/yaml]
2026-03-16 16:57:42 [http-nio-8080-exec-9] DEBUG o.s.w.s.m.m.a.HttpEntityMethodProcessor - Using 'application/json', given [application/json, text/plain, */*] and supported [application/json, application/*+json, application/yaml]
2026-03-16 16:57:42 [http-nio-8080-exec-2] TRACE o.s.w.s.m.m.a.HttpEntityMethodProcessor - Writing [ApiResponse[success=true, status=200, code=COMMON_001, message=Success, data={list=[com.company.project.service.menu.dto.MenuDto@1c6d3b26, com.company.project.service.menu.dto.MenuDto@6ea596bc, com.company.project.service.menu.dto.MenuDto@2a84a581]}, timestamp=2026-03-16T16:57:42.074813300]]
2026-03-16 16:57:42 [http-nio-8080-exec-9] TRACE o.s.w.s.m.m.a.HttpEntityMethodProcessor - Writing [ApiResponse[success=true, status=200, code=COMMON_001, message=Success, data={list=[com.company.project.service.menu.dto.MenuDto@1be1dd1f]}, timestamp=2026-03-16T16:57:42.074813300]]
2026-03-16 16:57:42 [http-nio-8080-exec-2] INFO  c.c.p.a.i.OperationalAuditInterceptor - API Audit Log: URL=/api/v1/menu/left, User=webmaster, IP=0:0:0:0:0:0:0:1
2026-03-16 16:57:42 [http-nio-8080-exec-9] INFO  c.c.p.a.i.OperationalAuditInterceptor - API Audit Log: URL=/api/v1/menu/left, User=webmaster, IP=0:0:0:0:0:0:0:1
2026-03-16 16:57:42 [http-nio-8080-exec-2] DEBUG o.s.web.servlet.DispatcherServlet - Completed 200 OK
2026-03-16 16:57:42 [http-nio-8080-exec-9] DEBUG o.s.web.servlet.DispatcherServlet - Completed 200 OK
2026-03-16 16:57:42 [http-nio-8080-exec-7] DEBUG o.s.w.s.h.LoggingWebSocketHandlerDecorator - WebSocketServerSockJsSession[id=r3akfzni] closed with CloseStatus[code=1000, reason=null]
2026-03-16 16:57:42 [http-nio-8080-exec-7] DEBUG o.s.w.s.m.SubProtocolWebSocketHandler - Clearing session r3akfzni
2026-03-16 16:57:42 [scheduling-1] DEBUG org.springframework.web.SimpLogging - Processing DISCONNECT session=r3akfzni
2026-03-16 16:57:42 [scheduling-1] DEBUG o.s.w.s.m.SubProtocolWebSocketHandler - No session for GenericMessage [payload=byte[0], headers={simpMessageType=DISCONNECT_ACK, simpDisconnectMessage=GenericMessage [payload=byte[0], headers={simpMessageType=DISCONNECT, stompCommand=DISCONNECT, simpSessionAttributes={org.springframework.messaging.simp.SimpAttributes.COMPLETED=true}, simpSessionId=r3akfzni}], simpSessionId=r3akfzni}]
2026-03-16 16:57:42 [http-nio-8080-exec-5] DEBUG o.s.orm.jpa.JpaTransactionManager - Initiating transaction commit
2026-03-16 16:57:42 [http-nio-8080-exec-5] DEBUG o.s.orm.jpa.JpaTransactionManager - Committing JPA transaction on EntityManager [SessionImpl(509925974<open>)]
2026-03-16 16:57:42 [http-nio-8080-exec-8] DEBUG o.s.orm.jpa.JpaTransactionManager - Closing JPA EntityManager [SessionImpl(1905052026<open>)] after transaction
2026-03-16 16:57:42 [http-nio-8080-exec-8] DEBUG c.c.p.s.jwt.JwtAuthenticationFilter - >>> [JwtFilter] Successfully authenticated user: USRCNFRM_99999999999, Authorities: [ROLE_ADMIN]
2026-03-16 16:57:42 [http-nio-8080-exec-8] DEBUG o.s.web.servlet.DispatcherServlet - GET "/api/v1/notifications/unread-count", parameters={}
2026-03-16 16:57:42 [http-nio-8080-exec-8] TRACE o.s.w.s.m.m.a.RequestMappingHandlerMapping - Mapped to com.company.project.api.controller.notification.NotificationController#getUnreadCount(UserDetails)
2026-03-16 16:57:42 [http-nio-8080-exec-8] DEBUG o.s.orm.jpa.JpaTransactionManager - Creating new transaction with name [com.company.project.service.notification.NotificationService.getUnreadCount]: PROPAGATION_REQUIRED,ISOLATION_DEFAULT,readOnly
2026-03-16 16:57:42 [http-nio-8080-exec-8] DEBUG o.s.orm.jpa.JpaTransactionManager - Opened new EntityManager [SessionImpl(1919372880<open>)] for JPA transaction
2026-03-16 16:57:42 [http-nio-8080-exec-8] DEBUG o.s.orm.jpa.JpaTransactionManager - Exposing JPA transaction as JDBC [org.springframework.orm.jpa.vendor.HibernateJpaDialect$HibernateConnectionHandle@2709e6ea]
2026-03-16 16:57:42 [http-nio-8080-exec-8] DEBUG org.hibernate.SQL - select count(n1_0.ntcn_no) from n_user_notification n1_0 where n1_0.receiver_id=? and n1_0.is_read=?
2026-03-16 16:57:42 [http-nio-8080-exec-1] DEBUG o.s.orm.jpa.JpaTransactionManager - Found thread-bound EntityManager [SessionImpl(1980078075<open>)] for JPA transaction
2026-03-16 16:57:42 [http-nio-8080-exec-1] DEBUG o.s.orm.jpa.JpaTransactionManager - Participating in existing transaction
2026-03-16 16:57:42 [http-nio-8080-exec-1] DEBUG org.hibernate.SQL - select ua1_0.scrty_dtrmn_trget_id,ua1_0.author_code,ua1_0.frst_register_id,ua1_0.frst_regist_pnttm,ua1_0.last_updusr_id,ua1_0.last_updt_pnttm,ua1_0.mber_ty_code from nemplyrscrtyestbs ua1_0 where ua1_0.scrty_dtrmn_trget_id=?
2026-03-16 16:57:42 [http-nio-8080-exec-6] DEBUG o.s.orm.jpa.JpaTransactionManager - Closing JPA EntityManager [SessionImpl(490440403<open>)] after transaction
2026-03-16 16:57:42 [http-nio-8080-exec-6] DEBUG c.c.p.s.jwt.JwtAuthenticationFilter - >>> [JwtFilter] Successfully authenticated user: USRCNFRM_99999999999, Authorities: [ROLE_ADMIN]
2026-03-16 16:57:42 [http-nio-8080-exec-6] DEBUG o.s.web.servlet.DispatcherServlet - GET "/api/v1/popups/active", parameters={}
2026-03-16 16:57:42 [http-nio-8080-exec-6] TRACE o.s.w.s.m.m.a.RequestMappingHandlerMapping - Mapped to com.company.project.api.controller.system.content.popup.PopupController#getActivePopups()
2026-03-16 16:57:42 [http-nio-8080-exec-6] DEBUG o.s.orm.jpa.JpaTransactionManager - Creating new transaction with name [com.company.project.service.system.content.popup.PopupServiceImpl.getActivePopups]: PROPAGATION_REQUIRED,ISOLATION_DEFAULT,readOnly
2026-03-16 16:57:42 [http-nio-8080-exec-6] DEBUG o.s.orm.jpa.JpaTransactionManager - Opened new EntityManager [SessionImpl(470898535<open>)] for JPA transaction
2026-03-16 16:57:42 [http-nio-8080-exec-6] DEBUG o.s.orm.jpa.JpaTransactionManager - Exposing JPA transaction as JDBC [org.springframework.orm.jpa.vendor.HibernateJpaDialect$HibernateConnectionHandle@5ae53740]
2026-03-16 16:57:42 [http-nio-8080-exec-6] DEBUG org.hibernate.SQL - select p1_0.popup_id,p1_0.frst_register_id,p1_0.frst_regist_pnttm,p1_0.file_url,p1_0.ntce_at,p1_0.stopvew_setup_at,p1_0.last_updusr_id,p1_0.last_updt_pnttm,p1_0.ntce_bgnde,p1_0.ntce_endde,p1_0.popup_vrticl_lc,p1_0.popup_vrticl_size,p1_0.popup_sj_nm,p1_0.popup_width_lc,p1_0.popup_width_size from npopupmanage p1_0 where p1_0.ntce_at='Y' and ? between p1_0.ntce_bgnde and p1_0.ntce_endde
2026-03-16 16:57:42 [http-nio-8080-exec-4] DEBUG o.s.orm.jpa.JpaTransactionManager - Found thread-bound EntityManager [SessionImpl(1770719488<open>)] for JPA transaction
2026-03-16 16:57:42 [http-nio-8080-exec-4] DEBUG o.s.orm.jpa.JpaTransactionManager - Participating in existing transaction
2026-03-16 16:57:42 [http-nio-8080-exec-4] DEBUG org.hibernate.SQL - select p1_0.progrm_file_nm,p1_0.progrm_dc,p1_0.progrm_korean_nm,p1_0.progrm_stre_path,p1_0.url from nprogrmlist p1_0
2026-03-16 16:57:42 [http-nio-8080-exec-5] DEBUG o.s.orm.jpa.JpaTransactionManager - Closing JPA EntityManager [SessionImpl(509925974<open>)] after transaction
2026-03-16 16:57:42 [http-nio-8080-exec-5] DEBUG c.c.p.s.jwt.JwtAuthenticationFilter - >>> [JwtFilter] Successfully authenticated user: USRCNFRM_99999999999, Authorities: [ROLE_ADMIN]
2026-03-16 16:57:42 [http-nio-8080-exec-5] DEBUG o.s.web.servlet.DispatcherServlet - GET "/api/v1/admin/system/banners/reflected", parameters={}
2026-03-16 16:57:42 [http-nio-8080-exec-5] TRACE o.s.w.s.m.m.a.RequestMappingHandlerMapping - Mapped to com.company.project.api.controller.system.content.banner.BannerApiController#getReflectedBanners()
2026-03-16 16:57:42 [http-nio-8080-exec-5] DEBUG o.s.orm.jpa.JpaTransactionManager - Creating new transaction with name [com.company.project.service.system.content.banner.BannerService.getReflectedBanners]: PROPAGATION_REQUIRED,ISOLATION_DEFAULT,readOnly
2026-03-16 16:57:42 [http-nio-8080-exec-5] DEBUG o.s.orm.jpa.JpaTransactionManager - Opened new EntityManager [SessionImpl(1366835900<open>)] for JPA transaction
2026-03-16 16:57:42 [http-nio-8080-exec-5] DEBUG o.s.orm.jpa.JpaTransactionManager - Exposing JPA transaction as JDBC [org.springframework.orm.jpa.vendor.HibernateJpaDialect$HibernateConnectionHandle@29953d6f]
2026-03-16 16:57:42 [http-nio-8080-exec-5] DEBUG org.hibernate.SQL - select b1_0.banner_id,b1_0.banner_dc,b1_0.banner_image,b1_0.banner_image_file,b1_0.banner_nm,b1_0.frst_register_id,b1_0.frst_regist_pnttm,b1_0.last_updusr_id,b1_0.last_updt_pnttm,b1_0.link_url,b1_0.reflct_at,b1_0.sort_ordr from nbanner b1_0 where b1_0.reflct_at=? order by b1_0.sort_ordr
2026-03-16 16:57:42 [http-nio-8080-exec-8] DEBUG o.s.orm.jpa.JpaTransactionManager - Initiating transaction commit
2026-03-16 16:57:42 [http-nio-8080-exec-8] DEBUG o.s.orm.jpa.JpaTransactionManager - Committing JPA transaction on EntityManager [SessionImpl(1919372880<open>)]
2026-03-16 16:57:42 [http-nio-8080-exec-1] DEBUG o.s.orm.jpa.JpaTransactionManager - Initiating transaction commit
2026-03-16 16:57:42 [http-nio-8080-exec-1] DEBUG o.s.orm.jpa.JpaTransactionManager - Committing JPA transaction on EntityManager [SessionImpl(1980078075<open>)]
2026-03-16 16:57:42 [http-nio-8080-exec-6] DEBUG o.s.orm.jpa.JpaTransactionManager - Initiating transaction commit
2026-03-16 16:57:42 [http-nio-8080-exec-6] DEBUG o.s.orm.jpa.JpaTransactionManager - Committing JPA transaction on EntityManager [SessionImpl(470898535<open>)]
2026-03-16 16:57:42 [http-nio-8080-exec-4] DEBUG o.s.orm.jpa.JpaTransactionManager - Initiating transaction commit
2026-03-16 16:57:42 [http-nio-8080-exec-4] DEBUG o.s.orm.jpa.JpaTransactionManager - Committing JPA transaction on EntityManager [SessionImpl(1770719488<open>)]
2026-03-16 16:57:42 [http-nio-8080-exec-5] DEBUG o.s.orm.jpa.JpaTransactionManager - Initiating transaction commit
2026-03-16 16:57:42 [http-nio-8080-exec-5] DEBUG o.s.orm.jpa.JpaTransactionManager - Committing JPA transaction on EntityManager [SessionImpl(1366835900<open>)]
2026-03-16 16:57:42 [http-nio-8080-exec-1] DEBUG o.s.orm.jpa.JpaTransactionManager - Closing JPA EntityManager [SessionImpl(1980078075<open>)] after transaction
2026-03-16 16:57:42 [http-nio-8080-exec-1] DEBUG c.c.p.s.jwt.JwtAuthenticationFilter - >>> [JwtFilter] Successfully authenticated user: USRCNFRM_99999999999, Authorities: [ROLE_ADMIN]
2026-03-16 16:57:42 [http-nio-8080-exec-1] DEBUG o.s.web.servlet.DispatcherServlet - GET "/api/v1/notifications", parameters={}
2026-03-16 16:57:42 [http-nio-8080-exec-1] TRACE o.s.w.s.m.m.a.RequestMappingHandlerMapping - Mapped to com.company.project.api.controller.notification.NotificationController#getMyNotifications(UserDetails)
2026-03-16 16:57:42 [http-nio-8080-exec-1] DEBUG o.s.orm.jpa.JpaTransactionManager - Creating new transaction with name [com.company.project.service.notification.NotificationService.getActiveNotifications]: PROPAGATION_REQUIRED,ISOLATION_DEFAULT,readOnly
2026-03-16 16:57:42 [http-nio-8080-exec-1] DEBUG o.s.orm.jpa.JpaTransactionManager - Opened new EntityManager [SessionImpl(629622151<open>)] for JPA transaction
2026-03-16 16:57:42 [http-nio-8080-exec-1] DEBUG o.s.orm.jpa.JpaTransactionManager - Exposing JPA transaction as JDBC [org.springframework.orm.jpa.vendor.HibernateJpaDialect$HibernateConnectionHandle@3f96fe61]
2026-03-16 16:57:42 [http-nio-8080-exec-1] DEBUG o.s.orm.jpa.JpaTransactionManager - Found thread-bound EntityManager [SessionImpl(629622151<open>)] for JPA transaction
2026-03-16 16:57:42 [http-nio-8080-exec-1] DEBUG o.s.orm.jpa.JpaTransactionManager - Participating in existing transaction
2026-03-16 16:57:42 [http-nio-8080-exec-1] DEBUG org.hibernate.SQL - select n1_0.ntcn_no,n1_0.frst_register_id,n1_0.frst_regist_pnttm,n1_0.is_read,n1_0.last_updusr_id,n1_0.last_updt_pnttm,n1_0.link_url,n1_0.ntcn_cn,n1_0.ntcn_sj,n1_0.receiver_id from n_user_notification n1_0
2026-03-16 16:57:42 [http-nio-8080-exec-8] DEBUG o.s.orm.jpa.JpaTransactionManager - Closing JPA EntityManager [SessionImpl(1919372880<open>)] after transaction
2026-03-16 16:57:42 [http-nio-8080-exec-8] DEBUG o.s.w.s.m.m.a.HttpEntityMethodProcessor - Using 'application/json', given [application/json, text/plain, */*] and supported [application/json, application/*+json, application/yaml]
2026-03-16 16:57:42 [http-nio-8080-exec-8] TRACE o.s.w.s.m.m.a.HttpEntityMethodProcessor - Writing [ApiResponse[success=true, status=200, code=COMMON_001, message=Success, data=0, timestamp=2026-03-16T16:57:42.449116300]]
2026-03-16 16:57:42 [http-nio-8080-exec-8] INFO  c.c.p.a.i.OperationalAuditInterceptor - API Audit Log: URL=/api/v1/notifications/unread-count, User=webmaster, IP=127.0.0.1
2026-03-16 16:57:42 [http-nio-8080-exec-8] DEBUG o.s.web.servlet.DispatcherServlet - Completed 200 OK
2026-03-16 16:57:42 [http-nio-8080-exec-6] DEBUG o.s.orm.jpa.JpaTransactionManager - Closing JPA EntityManager [SessionImpl(470898535<open>)] after transaction
2026-03-16 16:57:42 [http-nio-8080-exec-6] DEBUG o.s.w.s.m.m.a.HttpEntityMethodProcessor - Using 'application/json', given [application/json, text/plain, */*] and supported [application/json, application/*+json, application/yaml]
2026-03-16 16:57:42 [http-nio-8080-exec-6] TRACE o.s.w.s.m.m.a.HttpEntityMethodProcessor - Writing [ApiResponse[success=true, status=200, code=COMMON_001, message=Success, data=[], timestamp=2026-03-16T16:57:42.487830400]]
2026-03-16 16:57:42 [http-nio-8080-exec-6] INFO  c.c.p.a.i.OperationalAuditInterceptor - API Audit Log: URL=/api/v1/popups/active, User=webmaster, IP=127.0.0.1
2026-03-16 16:57:42 [http-nio-8080-exec-6] DEBUG o.s.web.servlet.DispatcherServlet - Completed 200 OK
2026-03-16 16:57:42 [http-nio-8080-exec-4] DEBUG o.s.orm.jpa.JpaTransactionManager - Closing JPA EntityManager [SessionImpl(1770719488<open>)] after transaction
2026-03-16 16:57:42 [http-nio-8080-exec-4] INFO  c.c.p.a.c.menu.MenuController - getLeftMenu returned 3 items
2026-03-16 16:57:42 [http-nio-8080-exec-4] DEBUG o.s.w.s.m.m.a.HttpEntityMethodProcessor - Using 'application/json', given [application/json, text/plain, */*] and supported [application/json, application/*+json, application/yaml]
2026-03-16 16:57:42 [http-nio-8080-exec-4] TRACE o.s.w.s.m.m.a.HttpEntityMethodProcessor - Writing [ApiResponse[success=true, status=200, code=COMMON_001, message=Success, data={list=[com.company.project.service.menu.dto.MenuDto@26bd1ce1, com.company.project.service.menu.dto.MenuDto@5ed29946, com.company.project.service.menu.dto.MenuDto@4d07d708]}, timestamp=2026-03-16T16:57:42.570606500]]
2026-03-16 16:57:42 [http-nio-8080-exec-4] INFO  c.c.p.a.i.OperationalAuditInterceptor - API Audit Log: URL=/api/v1/menu/left, User=webmaster, IP=127.0.0.1
2026-03-16 16:57:42 [http-nio-8080-exec-4] DEBUG o.s.web.servlet.DispatcherServlet - Completed 200 OK
2026-03-16 16:57:42 [http-nio-8080-exec-5] DEBUG o.s.orm.jpa.JpaTransactionManager - Closing JPA EntityManager [SessionImpl(1366835900<open>)] after transaction
2026-03-16 16:57:42 [http-nio-8080-exec-5] DEBUG o.s.w.s.m.m.a.HttpEntityMethodProcessor - Using 'application/json', given [application/json, text/plain, */*] and supported [application/json, application/*+json, application/yaml]
2026-03-16 16:57:42 [http-nio-8080-exec-5] TRACE o.s.w.s.m.m.a.HttpEntityMethodProcessor - Writing [ApiResponse[success=true, status=200, code=COMMON_001, message=Success, data=[], timestamp=2026-03-16T16:57:42.592910900]]
2026-03-16 16:57:42 [http-nio-8080-exec-5] INFO  c.c.p.a.i.OperationalAuditInterceptor - API Audit Log: URL=/api/v1/admin/system/banners/reflected, User=webmaster, IP=127.0.0.1
2026-03-16 16:57:42 [http-nio-8080-exec-5] DEBUG o.s.web.servlet.DispatcherServlet - Completed 200 OK
2026-03-16 16:57:42 [http-nio-8080-exec-1] DEBUG o.s.orm.jpa.JpaTransactionManager - Initiating transaction commit
2026-03-16 16:57:42 [http-nio-8080-exec-1] DEBUG o.s.orm.jpa.JpaTransactionManager - Committing JPA transaction on EntityManager [SessionImpl(629622151<open>)]
2026-03-16 16:57:42 [http-nio-8080-exec-1] DEBUG o.s.orm.jpa.JpaTransactionManager - Closing JPA EntityManager [SessionImpl(629622151<open>)] after transaction
2026-03-16 16:57:42 [http-nio-8080-exec-1] DEBUG o.s.w.s.m.m.a.HttpEntityMethodProcessor - Using 'application/json', given [application/json, text/plain, */*] and supported [application/json, application/*+json, application/yaml]
2026-03-16 16:57:42 [http-nio-8080-exec-1] TRACE o.s.w.s.m.m.a.HttpEntityMethodProcessor - Writing [ApiResponse[success=true, status=200, code=COMMON_001, message=Success, data=[NotificationDto(ntfcNo=NT001, ntfcSj=테스트 알림입니다, ntfcCn=알림 내용입니다, ntfcDate=null, ntfcTime=2026-02-25T00:59:33.784070, bhNtfcIntrvl=null, uniqId=null, frstRegisterId=null, frstRegisterPnttm=2026-02-25T00:59:33.784070, lastUpdusrId=null, lastUpdusrPnttm=null)], timestamp=2026-03-16T16:57:42.748578600]]
2026-03-16 16:57:42 [http-nio-8080-exec-1] INFO  c.c.p.a.i.OperationalAuditInterceptor - API Audit Log: URL=/api/v1/notifications, User=webmaster, IP=127.0.0.1
2026-03-16 16:57:42 [http-nio-8080-exec-1] DEBUG o.s.web.servlet.DispatcherServlet - Completed 200 OK
2026-03-16 16:57:42 [http-nio-8080-exec-10] DEBUG c.c.p.s.jwt.JwtAuthenticationFilter - >>> [JwtFilter] Processing request: GET /api/v1/menu/head
2026-03-16 16:57:42 [http-nio-8080-exec-9] DEBUG c.c.p.s.jwt.JwtAuthenticationFilter - >>> [JwtFilter] Processing request: GET /api/v1/auth/me
2026-03-16 16:57:42 [http-nio-8080-exec-3] DEBUG c.c.p.s.jwt.JwtAuthenticationFilter - >>> [JwtFilter] Processing request: GET /api/v1/menu/left
2026-03-16 16:57:42 [http-nio-8080-exec-10] DEBUG c.c.p.s.jwt.JwtAuthenticationFilter - >>> [JwtFilter] Found token in header for path: /api/v1/menu/head
2026-03-16 16:57:42 [http-nio-8080-exec-9] DEBUG c.c.p.s.jwt.JwtAuthenticationFilter - >>> [JwtFilter] Found token in header for path: /api/v1/auth/me
2026-03-16 16:57:42 [http-nio-8080-exec-3] DEBUG c.c.p.s.jwt.JwtAuthenticationFilter - >>> [JwtFilter] Found token in header for path: /api/v1/menu/left
2026-03-16 16:57:42 [http-nio-8080-exec-9] DEBUG o.s.orm.jpa.JpaTransactionManager - Creating new transaction with name [com.company.project.security.iam.CustomUserDetailsService.loadUserByUsername]: PROPAGATION_REQUIRED,ISOLATION_DEFAULT,readOnly
2026-03-16 16:57:42 [http-nio-8080-exec-3] DEBUG o.s.orm.jpa.JpaTransactionManager - Creating new transaction with name [com.company.project.security.iam.CustomUserDetailsService.loadUserByUsername]: PROPAGATION_REQUIRED,ISOLATION_DEFAULT,readOnly
2026-03-16 16:57:42 [http-nio-8080-exec-9] DEBUG o.s.orm.jpa.JpaTransactionManager - Opened new EntityManager [SessionImpl(699343293<open>)] for JPA transaction
2026-03-16 16:57:42 [http-nio-8080-exec-3] DEBUG o.s.orm.jpa.JpaTransactionManager - Opened new EntityManager [SessionImpl(487749654<open>)] for JPA transaction
2026-03-16 16:57:42 [http-nio-8080-exec-10] DEBUG o.s.orm.jpa.JpaTransactionManager - Creating new transaction with name [com.company.project.security.iam.CustomUserDetailsService.loadUserByUsername]: PROPAGATION_REQUIRED,ISOLATION_DEFAULT,readOnly
2026-03-16 16:57:42 [http-nio-8080-exec-10] DEBUG o.s.orm.jpa.JpaTransactionManager - Opened new EntityManager [SessionImpl(1288808108<open>)] for JPA transaction
2026-03-16 16:57:42 [http-nio-8080-exec-9] DEBUG o.s.orm.jpa.JpaTransactionManager - Exposing JPA transaction as JDBC [org.springframework.orm.jpa.vendor.HibernateJpaDialect$HibernateConnectionHandle@10505ed]
2026-03-16 16:57:42 [http-nio-8080-exec-9] DEBUG o.s.orm.jpa.JpaTransactionManager - Found thread-bound EntityManager [SessionImpl(699343293<open>)] for JPA transaction
2026-03-16 16:57:42 [http-nio-8080-exec-9] DEBUG o.s.orm.jpa.JpaTransactionManager - Participating in existing transaction
2026-03-16 16:57:42 [http-nio-8080-exec-9] DEBUG org.hibernate.SQL - select u1_0.emplyr_id,u1_0.area_no,u1_0.brthdy,u1_0.chg_pwd_cnt,u1_0.frst_register_id,u1_0.frst_regist_pnttm,u1_0.detail_adres,u1_0.email_adres,u1_0.emplyr_sttus_code,u1_0.empl_no,u1_0.esntl_id,u1_0.fxnum,u1_0.group_id,u1_0.house_adres,u1_0.house_end_telno,u1_0.house_middle_telno,u1_0.ihidnum,u1_0.pstinst_code,u1_0.last_updusr_id,u1_0.last_updt_pnttm,u1_0.lock_at,u1_0.lock_cnt,u1_0.lock_last_pnttm,u1_0.mbtlnum,u1_0.ofcps_nm,u1_0.offm_telno,u1_0.orgnzt_id,u1_0.password,u1_0.password_cnsr,u1_0.password_hint,u1_0.chg_pwd_last_pnttm,u1_0.role,u1_0.sbscrb_de,u1_0.sexdstn_code,u1_0.crtfc_dn_value,u1_0.user_nm,u1_0.zip from nemplyrinfo u1_0 where u1_0.emplyr_id=?
2026-03-16 16:57:42 [http-nio-8080-exec-3] DEBUG o.s.orm.jpa.JpaTransactionManager - Exposing JPA transaction as JDBC [org.springframework.orm.jpa.vendor.HibernateJpaDialect$HibernateConnectionHandle@2c79163c]
2026-03-16 16:57:42 [http-nio-8080-exec-10] DEBUG o.s.orm.jpa.JpaTransactionManager - Exposing JPA transaction as JDBC [org.springframework.orm.jpa.vendor.HibernateJpaDialect$HibernateConnectionHandle@4471c2b7]
2026-03-16 16:57:42 [http-nio-8080-exec-3] DEBUG o.s.orm.jpa.JpaTransactionManager - Found thread-bound EntityManager [SessionImpl(487749654<open>)] for JPA transaction
2026-03-16 16:57:42 [http-nio-8080-exec-3] DEBUG o.s.orm.jpa.JpaTransactionManager - Participating in existing transaction
2026-03-16 16:57:42 [http-nio-8080-exec-10] DEBUG o.s.orm.jpa.JpaTransactionManager - Found thread-bound EntityManager [SessionImpl(1288808108<open>)] for JPA transaction
2026-03-16 16:57:42 [http-nio-8080-exec-10] DEBUG o.s.orm.jpa.JpaTransactionManager - Participating in existing transaction
2026-03-16 16:57:42 [http-nio-8080-exec-3] DEBUG org.hibernate.SQL - select u1_0.emplyr_id,u1_0.area_no,u1_0.brthdy,u1_0.chg_pwd_cnt,u1_0.frst_register_id,u1_0.frst_regist_pnttm,u1_0.detail_adres,u1_0.email_adres,u1_0.emplyr_sttus_code,u1_0.empl_no,u1_0.esntl_id,u1_0.fxnum,u1_0.group_id,u1_0.house_adres,u1_0.house_end_telno,u1_0.house_middle_telno,u1_0.ihidnum,u1_0.pstinst_code,u1_0.last_updusr_id,u1_0.last_updt_pnttm,u1_0.lock_at,u1_0.lock_cnt,u1_0.lock_last_pnttm,u1_0.mbtlnum,u1_0.ofcps_nm,u1_0.offm_telno,u1_0.orgnzt_id,u1_0.password,u1_0.password_cnsr,u1_0.password_hint,u1_0.chg_pwd_last_pnttm,u1_0.role,u1_0.sbscrb_de,u1_0.sexdstn_code,u1_0.crtfc_dn_value,u1_0.user_nm,u1_0.zip from nemplyrinfo u1_0 where u1_0.emplyr_id=?
2026-03-16 16:57:42 [http-nio-8080-exec-10] DEBUG org.hibernate.SQL - select u1_0.emplyr_id,u1_0.area_no,u1_0.brthdy,u1_0.chg_pwd_cnt,u1_0.frst_register_id,u1_0.frst_regist_pnttm,u1_0.detail_adres,u1_0.email_adres,u1_0.emplyr_sttus_code,u1_0.empl_no,u1_0.esntl_id,u1_0.fxnum,u1_0.group_id,u1_0.house_adres,u1_0.house_end_telno,u1_0.house_middle_telno,u1_0.ihidnum,u1_0.pstinst_code,u1_0.last_updusr_id,u1_0.last_updt_pnttm,u1_0.lock_at,u1_0.lock_cnt,u1_0.lock_last_pnttm,u1_0.mbtlnum,u1_0.ofcps_nm,u1_0.offm_telno,u1_0.orgnzt_id,u1_0.password,u1_0.password_cnsr,u1_0.password_hint,u1_0.chg_pwd_last_pnttm,u1_0.role,u1_0.sbscrb_de,u1_0.sexdstn_code,u1_0.crtfc_dn_value,u1_0.user_nm,u1_0.zip from nemplyrinfo u1_0 where u1_0.emplyr_id=?
2026-03-16 16:57:43 [http-nio-8080-exec-9] DEBUG o.s.orm.jpa.JpaTransactionManager - Found thread-bound EntityManager [SessionImpl(699343293<open>)] for JPA transaction
2026-03-16 16:57:43 [http-nio-8080-exec-9] DEBUG o.s.orm.jpa.JpaTransactionManager - Participating in existing transaction
2026-03-16 16:57:43 [http-nio-8080-exec-9] DEBUG org.hibernate.SQL - select ua1_0.scrty_dtrmn_trget_id,ua1_0.author_code,ua1_0.frst_register_id,ua1_0.frst_regist_pnttm,ua1_0.last_updusr_id,ua1_0.last_updt_pnttm,ua1_0.mber_ty_code from nemplyrscrtyestbs ua1_0 where ua1_0.scrty_dtrmn_trget_id=?
2026-03-16 16:57:43 [http-nio-8080-exec-3] DEBUG o.s.orm.jpa.JpaTransactionManager - Found thread-bound EntityManager [SessionImpl(487749654<open>)] for JPA transaction
2026-03-16 16:57:43 [http-nio-8080-exec-3] DEBUG o.s.orm.jpa.JpaTransactionManager - Participating in existing transaction
2026-03-16 16:57:43 [http-nio-8080-exec-3] DEBUG org.hibernate.SQL - select ua1_0.scrty_dtrmn_trget_id,ua1_0.author_code,ua1_0.frst_register_id,ua1_0.frst_regist_pnttm,ua1_0.last_updusr_id,ua1_0.last_updt_pnttm,ua1_0.mber_ty_code from nemplyrscrtyestbs ua1_0 where ua1_0.scrty_dtrmn_trget_id=?
2026-03-16 16:57:43 [http-nio-8080-exec-10] DEBUG o.s.orm.jpa.JpaTransactionManager - Found thread-bound EntityManager [SessionImpl(1288808108<open>)] for JPA transaction
2026-03-16 16:57:43 [http-nio-8080-exec-10] DEBUG o.s.orm.jpa.JpaTransactionManager - Participating in existing transaction
2026-03-16 16:57:43 [http-nio-8080-exec-10] DEBUG org.hibernate.SQL - select ua1_0.scrty_dtrmn_trget_id,ua1_0.author_code,ua1_0.frst_register_id,ua1_0.frst_regist_pnttm,ua1_0.last_updusr_id,ua1_0.last_updt_pnttm,ua1_0.mber_ty_code from nemplyrscrtyestbs ua1_0 where ua1_0.scrty_dtrmn_trget_id=?
2026-03-16 16:57:43 [http-nio-8080-exec-9] DEBUG o.s.orm.jpa.JpaTransactionManager - Initiating transaction commit
2026-03-16 16:57:43 [http-nio-8080-exec-9] DEBUG o.s.orm.jpa.JpaTransactionManager - Committing JPA transaction on EntityManager [SessionImpl(699343293<open>)]
2026-03-16 16:57:43 [http-nio-8080-exec-10] DEBUG o.s.orm.jpa.JpaTransactionManager - Initiating transaction commit
2026-03-16 16:57:43 [http-nio-8080-exec-3] DEBUG o.s.orm.jpa.JpaTransactionManager - Initiating transaction commit
2026-03-16 16:57:43 [http-nio-8080-exec-10] DEBUG o.s.orm.jpa.JpaTransactionManager - Committing JPA transaction on EntityManager [SessionImpl(1288808108<open>)]
2026-03-16 16:57:43 [http-nio-8080-exec-3] DEBUG o.s.orm.jpa.JpaTransactionManager - Committing JPA transaction on EntityManager [SessionImpl(487749654<open>)]
2026-03-16 16:57:43 [http-nio-8080-exec-9] DEBUG o.s.orm.jpa.JpaTransactionManager - Closing JPA EntityManager [SessionImpl(699343293<open>)] after transaction
2026-03-16 16:57:43 [http-nio-8080-exec-9] DEBUG c.c.p.s.jwt.JwtAuthenticationFilter - >>> [JwtFilter] Successfully authenticated user: USRCNFRM_99999999999, Authorities: [ROLE_ADMIN]
2026-03-16 16:57:43 [http-nio-8080-exec-9] DEBUG o.s.web.servlet.DispatcherServlet - GET "/api/v1/auth/me", parameters={}
2026-03-16 16:57:43 [http-nio-8080-exec-9] TRACE o.s.w.s.m.m.a.RequestMappingHandlerMapping - Mapped to com.company.project.api.auth.AuthController#getCurrentUser()
2026-03-16 16:57:43 [http-nio-8080-exec-9] DEBUG o.s.w.s.m.m.a.RequestResponseBodyMethodProcessor - Using 'application/json', given [application/json, text/plain, */*] and supported [application/json, application/*+json, application/yaml]
2026-03-16 16:57:43 [http-nio-8080-exec-9] TRACE o.s.w.s.m.m.a.RequestResponseBodyMethodProcessor - Writing [ApiResponse[success=true, status=200, code=COMMON_001, message=Success, data={role=ROLE_ADMIN, userSe=EMP, name=관리자, id=webmaster}, timestamp=2026-03-16T16:57:43.357396200]]
2026-03-16 16:57:43 [http-nio-8080-exec-9] INFO  c.c.p.a.i.OperationalAuditInterceptor - API Audit Log: URL=/api/v1/auth/me, User=webmaster, IP=127.0.0.1
2026-03-16 16:57:43 [http-nio-8080-exec-9] DEBUG o.s.web.servlet.DispatcherServlet - Completed 200 OK
2026-03-16 16:57:43 [http-nio-8080-exec-2] DEBUG o.s.web.servlet.DispatcherServlet - GET "/ws/info?t=1773647863377", parameters={masked}
2026-03-16 16:57:43 [http-nio-8080-exec-2] DEBUG o.s.w.s.s.s.WebSocketHandlerMapping - Mapped to org.springframework.web.socket.sockjs.support.SockJsHttpRequestHandler@3d80b7ba
2026-03-16 16:57:43 [http-nio-8080-exec-2] DEBUG o.s.w.s.s.t.h.DefaultSockJsService - Processing transport request: GET http://localhost:8080/ws/info?t=1773647863377
2026-03-16 16:57:43 [http-nio-8080-exec-3] DEBUG o.s.orm.jpa.JpaTransactionManager - Closing JPA EntityManager [SessionImpl(487749654<open>)] after transaction
2026-03-16 16:57:43 [http-nio-8080-exec-10] DEBUG o.s.orm.jpa.JpaTransactionManager - Closing JPA EntityManager [SessionImpl(1288808108<open>)] after transaction
2026-03-16 16:57:43 [http-nio-8080-exec-3] DEBUG c.c.p.s.jwt.JwtAuthenticationFilter - >>> [JwtFilter] Successfully authenticated user: USRCNFRM_99999999999, Authorities: [ROLE_ADMIN]
2026-03-16 16:57:43 [http-nio-8080-exec-2] DEBUG o.s.web.servlet.DispatcherServlet - Completed 200 OK
2026-03-16 16:57:43 [http-nio-8080-exec-10] DEBUG c.c.p.s.jwt.JwtAuthenticationFilter - >>> [JwtFilter] Successfully authenticated user: USRCNFRM_99999999999, Authorities: [ROLE_ADMIN]
2026-03-16 16:57:43 [http-nio-8080-exec-10] DEBUG o.s.web.servlet.DispatcherServlet - GET "/api/v1/menu/head", parameters={}
2026-03-16 16:57:43 [http-nio-8080-exec-3] DEBUG o.s.web.servlet.DispatcherServlet - GET "/api/v1/menu/left?menuNo=10", parameters={masked}
2026-03-16 16:57:43 [http-nio-8080-exec-10] TRACE o.s.w.s.m.m.a.RequestMappingHandlerMapping - Mapped to com.company.project.api.controller.menu.MenuController#getHeadMenu()
2026-03-16 16:57:43 [http-nio-8080-exec-3] TRACE o.s.w.s.m.m.a.RequestMappingHandlerMapping - Mapped to com.company.project.api.controller.menu.MenuController#getLeftMenu(Long)
2026-03-16 16:57:43 [http-nio-8080-exec-10] INFO  c.c.p.a.c.menu.MenuController - getHeadMenu called
2026-03-16 16:57:43 [http-nio-8080-exec-3] INFO  c.c.p.a.c.menu.MenuController - getLeftMenu called with menuNo=10
2026-03-16 16:57:43 [http-nio-8080-exec-3] DEBUG o.s.orm.jpa.JpaTransactionManager - Creating new transaction with name [com.company.project.service.menu.MenuService.getSubMenus]: PROPAGATION_REQUIRED,ISOLATION_DEFAULT,readOnly
2026-03-16 16:57:43 [http-nio-8080-exec-3] DEBUG o.s.orm.jpa.JpaTransactionManager - Opened new EntityManager [SessionImpl(1546895225<open>)] for JPA transaction
2026-03-16 16:57:43 [http-nio-8080-exec-3] DEBUG o.s.orm.jpa.JpaTransactionManager - Exposing JPA transaction as JDBC [org.springframework.orm.jpa.vendor.HibernateJpaDialect$HibernateConnectionHandle@e7722c9]
2026-03-16 16:57:43 [http-nio-8080-exec-7] DEBUG c.c.p.s.jwt.JwtAuthenticationFilter - >>> [JwtFilter] Processing request: GET /api/v1/notifications
2026-03-16 16:57:43 [http-nio-8080-exec-10] INFO  c.c.p.a.c.menu.MenuController - getHeadMenu returned 5 items
2026-03-16 16:57:43 [http-nio-8080-exec-7] DEBUG c.c.p.s.jwt.JwtAuthenticationFilter - >>> [JwtFilter] Found token in header for path: /api/v1/notifications
2026-03-16 16:57:43 [http-nio-8080-exec-8] DEBUG c.c.p.s.jwt.JwtAuthenticationFilter - >>> [JwtFilter] Processing request: GET /api/v1/notifications/unread-count
2026-03-16 16:57:43 [http-nio-8080-exec-8] DEBUG c.c.p.s.jwt.JwtAuthenticationFilter - >>> [JwtFilter] Found token in header for path: /api/v1/notifications/unread-count
2026-03-16 16:57:43 [http-nio-8080-exec-10] DEBUG o.s.w.s.m.m.a.HttpEntityMethodProcessor - Using 'application/json', given [application/json, text/plain, */*] and supported [application/json, application/*+json, application/yaml]
2026-03-16 16:57:43 [http-nio-8080-exec-10] TRACE o.s.w.s.m.m.a.HttpEntityMethodProcessor - Writing [ApiResponse[success=true, status=200, code=COMMON_001, message=Success, data={list=[com.company.project.service.menu.dto.MenuDto@2b80d6b0, com.company.project.service.menu.dto.MenuDto@1418cfa3, com.company.project.service.menu.dto.MenuDto@f230bf1, com.company.project.service.menu.dto.MenuDto@734a7f6a, com.company.project.service.menu.dto.MenuDto@5e5202e5]}, timestamp=2026-03-16T16:57:43.382875200]]
2026-03-16 16:57:43 [http-nio-8080-exec-3] DEBUG org.hibernate.SQL - select m1_0.menu_no,m1_0.menu_dc,m1_0.menu_nm,m1_0.menu_ordr,m1_0.modern_route,m1_0.progrm_file_nm,m1_0.relate_image_nm,m1_0.relate_image_path,m1_0.route_updated_at,m1_0.upper_menu_no from nmenuinfo m1_0 order by m1_0.upper_menu_no,m1_0.menu_ordr
2026-03-16 16:57:43 [http-nio-8080-exec-7] DEBUG o.s.orm.jpa.JpaTransactionManager - Creating new transaction with name [com.company.project.security.iam.CustomUserDetailsService.loadUserByUsername]: PROPAGATION_REQUIRED,ISOLATION_DEFAULT,readOnly
2026-03-16 16:57:43 [http-nio-8080-exec-8] DEBUG o.s.orm.jpa.JpaTransactionManager - Creating new transaction with name [com.company.project.security.iam.CustomUserDetailsService.loadUserByUsername]: PROPAGATION_REQUIRED,ISOLATION_DEFAULT,readOnly
2026-03-16 16:57:43 [http-nio-8080-exec-7] DEBUG o.s.orm.jpa.JpaTransactionManager - Opened new EntityManager [SessionImpl(323792601<open>)] for JPA transaction
2026-03-16 16:57:43 [http-nio-8080-exec-8] DEBUG o.s.orm.jpa.JpaTransactionManager - Opened new EntityManager [SessionImpl(284413246<open>)] for JPA transaction
2026-03-16 16:57:43 [http-nio-8080-exec-10] INFO  c.c.p.a.i.OperationalAuditInterceptor - API Audit Log: URL=/api/v1/menu/head, User=webmaster, IP=127.0.0.1
2026-03-16 16:57:43 [http-nio-8080-exec-10] DEBUG o.s.web.servlet.DispatcherServlet - Completed 200 OK
2026-03-16 16:57:43 [http-nio-8080-exec-6] DEBUG o.s.web.servlet.DispatcherServlet - GET "/ws/236/mv20l4fp/websocket", parameters={}
2026-03-16 16:57:43 [http-nio-8080-exec-6] DEBUG o.s.w.s.s.s.WebSocketHandlerMapping - Mapped to org.springframework.web.socket.sockjs.support.SockJsHttpRequestHandler@3d80b7ba
2026-03-16 16:57:43 [http-nio-8080-exec-6] DEBUG o.s.w.s.s.t.h.DefaultSockJsService - Processing transport request: GET http://localhost:8080/ws/236/mv20l4fp/websocket
2026-03-16 16:57:43 [http-nio-8080-exec-6] DEBUG o.s.web.servlet.DispatcherServlet - Completed 101 SWITCHING_PROTOCOLS
2026-03-16 16:57:43 [http-nio-8080-exec-6] DEBUG o.s.w.s.h.LoggingWebSocketHandlerDecorator - New WebSocketServerSockJsSession[id=mv20l4fp]
2026-03-16 16:57:43 [scheduling-1] DEBUG org.springframework.web.SimpLogging - Processing CONNECT session=mv20l4fp
2026-03-16 16:57:43 [scheduling-1] DEBUG org.springframework.web.SimpLogging - Processing SUBSCRIBE /topic/notices id=sub-0 session=mv20l4fp
2026-03-16 16:57:43 [scheduling-1] DEBUG org.springframework.web.SimpLogging - Processing SUBSCRIBE destination=/queue/notifications-usermv20l4fp subscriptionId=sub-1 session=mv20l4fp payload=byte[0]
2026-03-16 16:57:43 [scheduling-1] DEBUG org.springframework.web.SimpLogging - Processing SUBSCRIBE /topic/public id=sub-2 session=mv20l4fp
2026-03-16 16:57:43 [http-nio-8080-exec-7] DEBUG o.s.orm.jpa.JpaTransactionManager - Exposing JPA transaction as JDBC [org.springframework.orm.jpa.vendor.HibernateJpaDialect$HibernateConnectionHandle@1da5942d]
2026-03-16 16:57:43 [http-nio-8080-exec-8] DEBUG o.s.orm.jpa.JpaTransactionManager - Exposing JPA transaction as JDBC [org.springframework.orm.jpa.vendor.HibernateJpaDialect$HibernateConnectionHandle@89069d2]
2026-03-16 16:57:43 [http-nio-8080-exec-8] DEBUG o.s.orm.jpa.JpaTransactionManager - Found thread-bound EntityManager [SessionImpl(284413246<open>)] for JPA transaction
2026-03-16 16:57:43 [http-nio-8080-exec-7] DEBUG o.s.orm.jpa.JpaTransactionManager - Found thread-bound EntityManager [SessionImpl(323792601<open>)] for JPA transaction
2026-03-16 16:57:43 [http-nio-8080-exec-8] DEBUG o.s.orm.jpa.JpaTransactionManager - Participating in existing transaction
2026-03-16 16:57:43 [http-nio-8080-exec-7] DEBUG o.s.orm.jpa.JpaTransactionManager - Participating in existing transaction
2026-03-16 16:57:43 [http-nio-8080-exec-8] DEBUG org.hibernate.SQL - select u1_0.emplyr_id,u1_0.area_no,u1_0.brthdy,u1_0.chg_pwd_cnt,u1_0.frst_register_id,u1_0.frst_regist_pnttm,u1_0.detail_adres,u1_0.email_adres,u1_0.emplyr_sttus_code,u1_0.empl_no,u1_0.esntl_id,u1_0.fxnum,u1_0.group_id,u1_0.house_adres,u1_0.house_end_telno,u1_0.house_middle_telno,u1_0.ihidnum,u1_0.pstinst_code,u1_0.last_updusr_id,u1_0.last_updt_pnttm,u1_0.lock_at,u1_0.lock_cnt,u1_0.lock_last_pnttm,u1_0.mbtlnum,u1_0.ofcps_nm,u1_0.offm_telno,u1_0.orgnzt_id,u1_0.password,u1_0.password_cnsr,u1_0.password_hint,u1_0.chg_pwd_last_pnttm,u1_0.role,u1_0.sbscrb_de,u1_0.sexdstn_code,u1_0.crtfc_dn_value,u1_0.user_nm,u1_0.zip from nemplyrinfo u1_0 where u1_0.emplyr_id=?
2026-03-16 16:57:43 [http-nio-8080-exec-7] DEBUG org.hibernate.SQL - select u1_0.emplyr_id,u1_0.area_no,u1_0.brthdy,u1_0.chg_pwd_cnt,u1_0.frst_register_id,u1_0.frst_regist_pnttm,u1_0.detail_adres,u1_0.email_adres,u1_0.emplyr_sttus_code,u1_0.empl_no,u1_0.esntl_id,u1_0.fxnum,u1_0.group_id,u1_0.house_adres,u1_0.house_end_telno,u1_0.house_middle_telno,u1_0.ihidnum,u1_0.pstinst_code,u1_0.last_updusr_id,u1_0.last_updt_pnttm,u1_0.lock_at,u1_0.lock_cnt,u1_0.lock_last_pnttm,u1_0.mbtlnum,u1_0.ofcps_nm,u1_0.offm_telno,u1_0.orgnzt_id,u1_0.password,u1_0.password_cnsr,u1_0.password_hint,u1_0.chg_pwd_last_pnttm,u1_0.role,u1_0.sbscrb_de,u1_0.sexdstn_code,u1_0.crtfc_dn_value,u1_0.user_nm,u1_0.zip from nemplyrinfo u1_0 where u1_0.emplyr_id=?
2026-03-16 16:57:43 [http-nio-8080-exec-7] DEBUG o.s.orm.jpa.JpaTransactionManager - Found thread-bound EntityManager [SessionImpl(323792601<open>)] for JPA transaction
2026-03-16 16:57:43 [http-nio-8080-exec-7] DEBUG o.s.orm.jpa.JpaTransactionManager - Participating in existing transaction
2026-03-16 16:57:43 [http-nio-8080-exec-7] DEBUG org.hibernate.SQL - select ua1_0.scrty_dtrmn_trget_id,ua1_0.author_code,ua1_0.frst_register_id,ua1_0.frst_regist_pnttm,ua1_0.last_updusr_id,ua1_0.last_updt_pnttm,ua1_0.mber_ty_code from nemplyrscrtyestbs ua1_0 where ua1_0.scrty_dtrmn_trget_id=?
2026-03-16 16:57:43 [http-nio-8080-exec-3] DEBUG o.s.orm.jpa.JpaTransactionManager - Found thread-bound EntityManager [SessionImpl(1546895225<open>)] for JPA transaction
2026-03-16 16:57:43 [http-nio-8080-exec-8] DEBUG o.s.orm.jpa.JpaTransactionManager - Found thread-bound EntityManager [SessionImpl(284413246<open>)] for JPA transaction
2026-03-16 16:57:43 [http-nio-8080-exec-3] DEBUG o.s.orm.jpa.JpaTransactionManager - Participating in existing transaction
2026-03-16 16:57:43 [http-nio-8080-exec-8] DEBUG o.s.orm.jpa.JpaTransactionManager - Participating in existing transaction
2026-03-16 16:57:43 [http-nio-8080-exec-8] DEBUG org.hibernate.SQL - select ua1_0.scrty_dtrmn_trget_id,ua1_0.author_code,ua1_0.frst_register_id,ua1_0.frst_regist_pnttm,ua1_0.last_updusr_id,ua1_0.last_updt_pnttm,ua1_0.mber_ty_code from nemplyrscrtyestbs ua1_0 where ua1_0.scrty_dtrmn_trget_id=?
2026-03-16 16:57:43 [http-nio-8080-exec-3] DEBUG org.hibernate.SQL - select p1_0.progrm_file_nm,p1_0.progrm_dc,p1_0.progrm_korean_nm,p1_0.progrm_stre_path,p1_0.url from nprogrmlist p1_0
2026-03-16 16:57:43 [http-nio-8080-exec-7] DEBUG o.s.orm.jpa.JpaTransactionManager - Initiating transaction commit
2026-03-16 16:57:43 [http-nio-8080-exec-7] DEBUG o.s.orm.jpa.JpaTransactionManager - Committing JPA transaction on EntityManager [SessionImpl(323792601<open>)]
2026-03-16 16:57:43 [http-nio-8080-exec-8] DEBUG o.s.orm.jpa.JpaTransactionManager - Initiating transaction commit
2026-03-16 16:57:43 [http-nio-8080-exec-8] DEBUG o.s.orm.jpa.JpaTransactionManager - Committing JPA transaction on EntityManager [SessionImpl(284413246<open>)]
2026-03-16 16:57:43 [http-nio-8080-exec-3] DEBUG o.s.orm.jpa.JpaTransactionManager - Initiating transaction commit
2026-03-16 16:57:43 [http-nio-8080-exec-3] DEBUG o.s.orm.jpa.JpaTransactionManager - Committing JPA transaction on EntityManager [SessionImpl(1546895225<open>)]
2026-03-16 16:57:44 [http-nio-8080-exec-7] DEBUG o.s.orm.jpa.JpaTransactionManager - Closing JPA EntityManager [SessionImpl(323792601<open>)] after transaction
2026-03-16 16:57:44 [http-nio-8080-exec-8] DEBUG o.s.orm.jpa.JpaTransactionManager - Closing JPA EntityManager [SessionImpl(284413246<open>)] after transaction
2026-03-16 16:57:44 [http-nio-8080-exec-7] DEBUG c.c.p.s.jwt.JwtAuthenticationFilter - >>> [JwtFilter] Successfully authenticated user: USRCNFRM_99999999999, Authorities: [ROLE_ADMIN]
2026-03-16 16:57:44 [http-nio-8080-exec-8] DEBUG c.c.p.s.jwt.JwtAuthenticationFilter - >>> [JwtFilter] Successfully authenticated user: USRCNFRM_99999999999, Authorities: [ROLE_ADMIN]
2026-03-16 16:57:44 [http-nio-8080-exec-7] DEBUG o.s.web.servlet.DispatcherServlet - GET "/api/v1/notifications", parameters={}
2026-03-16 16:57:44 [http-nio-8080-exec-8] DEBUG o.s.web.servlet.DispatcherServlet - GET "/api/v1/notifications/unread-count", parameters={}
2026-03-16 16:57:44 [http-nio-8080-exec-7] TRACE o.s.w.s.m.m.a.RequestMappingHandlerMapping - Mapped to com.company.project.api.controller.notification.NotificationController#getMyNotifications(UserDetails)
2026-03-16 16:57:44 [http-nio-8080-exec-8] TRACE o.s.w.s.m.m.a.RequestMappingHandlerMapping - Mapped to com.company.project.api.controller.notification.NotificationController#getUnreadCount(UserDetails)
2026-03-16 16:57:44 [http-nio-8080-exec-7] DEBUG o.s.orm.jpa.JpaTransactionManager - Creating new transaction with name [com.company.project.service.notification.NotificationService.getActiveNotifications]: PROPAGATION_REQUIRED,ISOLATION_DEFAULT,readOnly
2026-03-16 16:57:44 [http-nio-8080-exec-8] DEBUG o.s.orm.jpa.JpaTransactionManager - Creating new transaction with name [com.company.project.service.notification.NotificationService.getUnreadCount]: PROPAGATION_REQUIRED,ISOLATION_DEFAULT,readOnly
2026-03-16 16:57:44 [http-nio-8080-exec-7] DEBUG o.s.orm.jpa.JpaTransactionManager - Opened new EntityManager [SessionImpl(1331808806<open>)] for JPA transaction
2026-03-16 16:57:44 [http-nio-8080-exec-8] DEBUG o.s.orm.jpa.JpaTransactionManager - Opened new EntityManager [SessionImpl(2127743603<open>)] for JPA transaction
2026-03-16 16:57:44 [http-nio-8080-exec-3] DEBUG o.s.orm.jpa.JpaTransactionManager - Closing JPA EntityManager [SessionImpl(1546895225<open>)] after transaction
2026-03-16 16:57:44 [http-nio-8080-exec-8] DEBUG o.s.orm.jpa.JpaTransactionManager - Exposing JPA transaction as JDBC [org.springframework.orm.jpa.vendor.HibernateJpaDialect$HibernateConnectionHandle@88193ff]
2026-03-16 16:57:44 [http-nio-8080-exec-7] DEBUG o.s.orm.jpa.JpaTransactionManager - Exposing JPA transaction as JDBC [org.springframework.orm.jpa.vendor.HibernateJpaDialect$HibernateConnectionHandle@22ed3583]
2026-03-16 16:57:44 [http-nio-8080-exec-3] INFO  c.c.p.a.c.menu.MenuController - getLeftMenu returned 5 items
2026-03-16 16:57:44 [http-nio-8080-exec-7] DEBUG o.s.orm.jpa.JpaTransactionManager - Found thread-bound EntityManager [SessionImpl(1331808806<open>)] for JPA transaction
2026-03-16 16:57:44 [http-nio-8080-exec-7] DEBUG o.s.orm.jpa.JpaTransactionManager - Participating in existing transaction
2026-03-16 16:57:44 [http-nio-8080-exec-3] DEBUG o.s.w.s.m.m.a.HttpEntityMethodProcessor - Using 'application/json', given [application/json, text/plain, */*] and supported [application/json, application/*+json, application/yaml]
2026-03-16 16:57:44 [http-nio-8080-exec-3] TRACE o.s.w.s.m.m.a.HttpEntityMethodProcessor - Writing [ApiResponse[success=true, status=200, code=COMMON_001, message=Success, data={list=[com.company.project.service.menu.dto.MenuDto@7e2bd68b, com.company.project.service.menu.dto.MenuDto@6371e239, com.company.project.service.menu.dto.MenuDto@9aebe94, com.company.project.service.menu.dto.MenuDto@3aeb783c, com.company.project.service.menu.dto.MenuDto@1a547e64]}, timestamp=2026-03-16T16:57:44.008477700]]
2026-03-16 16:57:44 [http-nio-8080-exec-7] DEBUG org.hibernate.SQL - select n1_0.ntcn_no,n1_0.frst_register_id,n1_0.frst_regist_pnttm,n1_0.is_read,n1_0.last_updusr_id,n1_0.last_updt_pnttm,n1_0.link_url,n1_0.ntcn_cn,n1_0.ntcn_sj,n1_0.receiver_id from n_user_notification n1_0
2026-03-16 16:57:44 [http-nio-8080-exec-8] DEBUG org.hibernate.SQL - select count(n1_0.ntcn_no) from n_user_notification n1_0 where n1_0.receiver_id=? and n1_0.is_read=?
2026-03-16 16:57:44 [http-nio-8080-exec-3] INFO  c.c.p.a.i.OperationalAuditInterceptor - API Audit Log: URL=/api/v1/menu/left, User=webmaster, IP=127.0.0.1
2026-03-16 16:57:44 [http-nio-8080-exec-3] DEBUG o.s.web.servlet.DispatcherServlet - Completed 200 OK
2026-03-16 16:57:44 [http-nio-8080-exec-2] DEBUG c.c.p.s.jwt.JwtAuthenticationFilter - >>> [JwtFilter] Processing request: GET /api/v1/menu/left
2026-03-16 16:57:44 [http-nio-8080-exec-2] DEBUG c.c.p.s.jwt.JwtAuthenticationFilter - >>> [JwtFilter] Found token in header for path: /api/v1/menu/left
2026-03-16 16:57:44 [http-nio-8080-exec-2] DEBUG o.s.orm.jpa.JpaTransactionManager - Creating new transaction with name [com.company.project.security.iam.CustomUserDetailsService.loadUserByUsername]: PROPAGATION_REQUIRED,ISOLATION_DEFAULT,readOnly
2026-03-16 16:57:44 [http-nio-8080-exec-2] DEBUG o.s.orm.jpa.JpaTransactionManager - Opened new EntityManager [SessionImpl(807655884<open>)] for JPA transaction
2026-03-16 16:57:44 [http-nio-8080-exec-8] DEBUG o.s.orm.jpa.JpaTransactionManager - Initiating transaction commit
2026-03-16 16:57:44 [http-nio-8080-exec-8] DEBUG o.s.orm.jpa.JpaTransactionManager - Committing JPA transaction on EntityManager [SessionImpl(2127743603<open>)]
2026-03-16 16:57:44 [http-nio-8080-exec-7] DEBUG o.s.orm.jpa.JpaTransactionManager - Initiating transaction commit
2026-03-16 16:57:44 [http-nio-8080-exec-7] DEBUG o.s.orm.jpa.JpaTransactionManager - Committing JPA transaction on EntityManager [SessionImpl(1331808806<open>)]
2026-03-16 16:57:44 [http-nio-8080-exec-2] DEBUG o.s.orm.jpa.JpaTransactionManager - Exposing JPA transaction as JDBC [org.springframework.orm.jpa.vendor.HibernateJpaDialect$HibernateConnectionHandle@45e270e5]
2026-03-16 16:57:44 [http-nio-8080-exec-2] DEBUG o.s.orm.jpa.JpaTransactionManager - Found thread-bound EntityManager [SessionImpl(807655884<open>)] for JPA transaction
2026-03-16 16:57:44 [http-nio-8080-exec-2] DEBUG o.s.orm.jpa.JpaTransactionManager - Participating in existing transaction
2026-03-16 16:57:44 [http-nio-8080-exec-2] DEBUG org.hibernate.SQL - select u1_0.emplyr_id,u1_0.area_no,u1_0.brthdy,u1_0.chg_pwd_cnt,u1_0.frst_register_id,u1_0.frst_regist_pnttm,u1_0.detail_adres,u1_0.email_adres,u1_0.emplyr_sttus_code,u1_0.empl_no,u1_0.esntl_id,u1_0.fxnum,u1_0.group_id,u1_0.house_adres,u1_0.house_end_telno,u1_0.house_middle_telno,u1_0.ihidnum,u1_0.pstinst_code,u1_0.last_updusr_id,u1_0.last_updt_pnttm,u1_0.lock_at,u1_0.lock_cnt,u1_0.lock_last_pnttm,u1_0.mbtlnum,u1_0.ofcps_nm,u1_0.offm_telno,u1_0.orgnzt_id,u1_0.password,u1_0.password_cnsr,u1_0.password_hint,u1_0.chg_pwd_last_pnttm,u1_0.role,u1_0.sbscrb_de,u1_0.sexdstn_code,u1_0.crtfc_dn_value,u1_0.user_nm,u1_0.zip from nemplyrinfo u1_0 where u1_0.emplyr_id=?
2026-03-16 16:57:44 [http-nio-8080-exec-2] DEBUG o.s.orm.jpa.JpaTransactionManager - Found thread-bound EntityManager [SessionImpl(807655884<open>)] for JPA transaction
2026-03-16 16:57:44 [http-nio-8080-exec-2] DEBUG o.s.orm.jpa.JpaTransactionManager - Participating in existing transaction
2026-03-16 16:57:44 [http-nio-8080-exec-2] DEBUG org.hibernate.SQL - select ua1_0.scrty_dtrmn_trget_id,ua1_0.author_code,ua1_0.frst_register_id,ua1_0.frst_regist_pnttm,ua1_0.last_updusr_id,ua1_0.last_updt_pnttm,ua1_0.mber_ty_code from nemplyrscrtyestbs ua1_0 where ua1_0.scrty_dtrmn_trget_id=?
2026-03-16 16:57:44 [http-nio-8080-exec-7] DEBUG o.s.orm.jpa.JpaTransactionManager - Closing JPA EntityManager [SessionImpl(1331808806<open>)] after transaction
2026-03-16 16:57:44 [http-nio-8080-exec-8] DEBUG o.s.orm.jpa.JpaTransactionManager - Closing JPA EntityManager [SessionImpl(2127743603<open>)] after transaction
2026-03-16 16:57:44 [http-nio-8080-exec-7] DEBUG o.s.w.s.m.m.a.HttpEntityMethodProcessor - Using 'application/json', given [application/json, text/plain, */*] and supported [application/json, application/*+json, application/yaml]
2026-03-16 16:57:44 [http-nio-8080-exec-8] DEBUG o.s.w.s.m.m.a.HttpEntityMethodProcessor - Using 'application/json', given [application/json, text/plain, */*] and supported [application/json, application/*+json, application/yaml]
2026-03-16 16:57:44 [http-nio-8080-exec-7] TRACE o.s.w.s.m.m.a.HttpEntityMethodProcessor - Writing [ApiResponse[success=true, status=200, code=COMMON_001, message=Success, data=[NotificationDto(ntfcNo=NT001, ntfcSj=테스트 알림입니다, ntfcCn=알림 내용입니다, ntfcDate=null, ntfcTime=2026-02-25T00:59:33.784070, bhNtfcIntrvl=null, uniqId=null, frstRegisterId=null, frstRegisterPnttm=2026-02-25T00:59:33.784070, lastUpdusrId=null, lastUpdusrPnttm=null)], timestamp=2026-03-16T16:57:44.322870100]]
2026-03-16 16:57:44 [http-nio-8080-exec-8] TRACE o.s.w.s.m.m.a.HttpEntityMethodProcessor - Writing [ApiResponse[success=true, status=200, code=COMMON_001, message=Success, data=0, timestamp=2026-03-16T16:57:44.322870100]]
2026-03-16 16:57:44 [http-nio-8080-exec-8] INFO  c.c.p.a.i.OperationalAuditInterceptor - API Audit Log: URL=/api/v1/notifications/unread-count, User=webmaster, IP=127.0.0.1
2026-03-16 16:57:44 [http-nio-8080-exec-7] INFO  c.c.p.a.i.OperationalAuditInterceptor - API Audit Log: URL=/api/v1/notifications, User=webmaster, IP=127.0.0.1
2026-03-16 16:57:44 [http-nio-8080-exec-8] DEBUG o.s.web.servlet.DispatcherServlet - Completed 200 OK
2026-03-16 16:57:44 [http-nio-8080-exec-7] DEBUG o.s.web.servlet.DispatcherServlet - Completed 200 OK
2026-03-16 16:57:44 [http-nio-8080-exec-10] DEBUG c.c.p.s.jwt.JwtAuthenticationFilter - >>> [JwtFilter] Processing request: GET /api/v1/notifications/unread-count
2026-03-16 16:57:44 [http-nio-8080-exec-6] DEBUG c.c.p.s.jwt.JwtAuthenticationFilter - >>> [JwtFilter] Processing request: GET /api/v1/notifications
2026-03-16 16:57:44 [http-nio-8080-exec-10] DEBUG c.c.p.s.jwt.JwtAuthenticationFilter - >>> [JwtFilter] Found token in header for path: /api/v1/notifications/unread-count
2026-03-16 16:57:44 [http-nio-8080-exec-6] DEBUG c.c.p.s.jwt.JwtAuthenticationFilter - >>> [JwtFilter] Found token in header for path: /api/v1/notifications
2026-03-16 16:57:44 [http-nio-8080-exec-10] DEBUG o.s.orm.jpa.JpaTransactionManager - Creating new transaction with name [com.company.project.security.iam.CustomUserDetailsService.loadUserByUsername]: PROPAGATION_REQUIRED,ISOLATION_DEFAULT,readOnly
2026-03-16 16:57:44 [http-nio-8080-exec-10] DEBUG o.s.orm.jpa.JpaTransactionManager - Opened new EntityManager [SessionImpl(62985895<open>)] for JPA transaction
2026-03-16 16:57:44 [http-nio-8080-exec-6] DEBUG o.s.orm.jpa.JpaTransactionManager - Creating new transaction with name [com.company.project.security.iam.CustomUserDetailsService.loadUserByUsername]: PROPAGATION_REQUIRED,ISOLATION_DEFAULT,readOnly
2026-03-16 16:57:44 [http-nio-8080-exec-6] DEBUG o.s.orm.jpa.JpaTransactionManager - Opened new EntityManager [SessionImpl(106367151<open>)] for JPA transaction
2026-03-16 16:57:44 [http-nio-8080-exec-2] DEBUG o.s.orm.jpa.JpaTransactionManager - Initiating transaction commit
2026-03-16 16:57:44 [http-nio-8080-exec-2] DEBUG o.s.orm.jpa.JpaTransactionManager - Committing JPA transaction on EntityManager [SessionImpl(807655884<open>)]
2026-03-16 16:57:44 [http-nio-8080-exec-10] DEBUG o.s.orm.jpa.JpaTransactionManager - Exposing JPA transaction as JDBC [org.springframework.orm.jpa.vendor.HibernateJpaDialect$HibernateConnectionHandle@2b7158da]
2026-03-16 16:57:44 [http-nio-8080-exec-6] DEBUG o.s.orm.jpa.JpaTransactionManager - Exposing JPA transaction as JDBC [org.springframework.orm.jpa.vendor.HibernateJpaDialect$HibernateConnectionHandle@44320b51]
2026-03-16 16:57:44 [http-nio-8080-exec-10] DEBUG o.s.orm.jpa.JpaTransactionManager - Found thread-bound EntityManager [SessionImpl(62985895<open>)] for JPA transaction
2026-03-16 16:57:44 [http-nio-8080-exec-10] DEBUG o.s.orm.jpa.JpaTransactionManager - Participating in existing transaction
2026-03-16 16:57:44 [http-nio-8080-exec-6] DEBUG o.s.orm.jpa.JpaTransactionManager - Found thread-bound EntityManager [SessionImpl(106367151<open>)] for JPA transaction
2026-03-16 16:57:44 [http-nio-8080-exec-6] DEBUG o.s.orm.jpa.JpaTransactionManager - Participating in existing transaction
2026-03-16 16:57:44 [http-nio-8080-exec-10] DEBUG org.hibernate.SQL - select u1_0.emplyr_id,u1_0.area_no,u1_0.brthdy,u1_0.chg_pwd_cnt,u1_0.frst_register_id,u1_0.frst_regist_pnttm,u1_0.detail_adres,u1_0.email_adres,u1_0.emplyr_sttus_code,u1_0.empl_no,u1_0.esntl_id,u1_0.fxnum,u1_0.group_id,u1_0.house_adres,u1_0.house_end_telno,u1_0.house_middle_telno,u1_0.ihidnum,u1_0.pstinst_code,u1_0.last_updusr_id,u1_0.last_updt_pnttm,u1_0.lock_at,u1_0.lock_cnt,u1_0.lock_last_pnttm,u1_0.mbtlnum,u1_0.ofcps_nm,u1_0.offm_telno,u1_0.orgnzt_id,u1_0.password,u1_0.password_cnsr,u1_0.password_hint,u1_0.chg_pwd_last_pnttm,u1_0.role,u1_0.sbscrb_de,u1_0.sexdstn_code,u1_0.crtfc_dn_value,u1_0.user_nm,u1_0.zip from nemplyrinfo u1_0 where u1_0.emplyr_id=?
2026-03-16 16:57:44 [http-nio-8080-exec-6] DEBUG org.hibernate.SQL - select u1_0.emplyr_id,u1_0.area_no,u1_0.brthdy,u1_0.chg_pwd_cnt,u1_0.frst_register_id,u1_0.frst_regist_pnttm,u1_0.detail_adres,u1_0.email_adres,u1_0.emplyr_sttus_code,u1_0.empl_no,u1_0.esntl_id,u1_0.fxnum,u1_0.group_id,u1_0.house_adres,u1_0.house_end_telno,u1_0.house_middle_telno,u1_0.ihidnum,u1_0.pstinst_code,u1_0.last_updusr_id,u1_0.last_updt_pnttm,u1_0.lock_at,u1_0.lock_cnt,u1_0.lock_last_pnttm,u1_0.mbtlnum,u1_0.ofcps_nm,u1_0.offm_telno,u1_0.orgnzt_id,u1_0.password,u1_0.password_cnsr,u1_0.password_hint,u1_0.chg_pwd_last_pnttm,u1_0.role,u1_0.sbscrb_de,u1_0.sexdstn_code,u1_0.crtfc_dn_value,u1_0.user_nm,u1_0.zip from nemplyrinfo u1_0 where u1_0.emplyr_id=?
2026-03-16 16:57:44 [http-nio-8080-exec-2] DEBUG o.s.orm.jpa.JpaTransactionManager - Closing JPA EntityManager [SessionImpl(807655884<open>)] after transaction
2026-03-16 16:57:44 [http-nio-8080-exec-2] DEBUG c.c.p.s.jwt.JwtAuthenticationFilter - >>> [JwtFilter] Successfully authenticated user: USRCNFRM_99999999999, Authorities: [ROLE_ADMIN]
2026-03-16 16:57:44 [http-nio-8080-exec-2] DEBUG o.s.web.servlet.DispatcherServlet - GET "/api/v1/menu/left?menuNo=20", parameters={masked}
2026-03-16 16:57:44 [http-nio-8080-exec-2] TRACE o.s.w.s.m.m.a.RequestMappingHandlerMapping - Mapped to com.company.project.api.controller.menu.MenuController#getLeftMenu(Long)
2026-03-16 16:57:44 [http-nio-8080-exec-2] INFO  c.c.p.a.c.menu.MenuController - getLeftMenu called with menuNo=20
2026-03-16 16:57:44 [http-nio-8080-exec-2] DEBUG o.s.orm.jpa.JpaTransactionManager - Creating new transaction with name [com.company.project.service.menu.MenuService.getSubMenus]: PROPAGATION_REQUIRED,ISOLATION_DEFAULT,readOnly
2026-03-16 16:57:44 [http-nio-8080-exec-2] DEBUG o.s.orm.jpa.JpaTransactionManager - Opened new EntityManager [SessionImpl(1140373701<open>)] for JPA transaction
2026-03-16 16:57:44 [http-nio-8080-exec-2] DEBUG o.s.orm.jpa.JpaTransactionManager - Exposing JPA transaction as JDBC [org.springframework.orm.jpa.vendor.HibernateJpaDialect$HibernateConnectionHandle@8ee42dc]
2026-03-16 16:57:44 [http-nio-8080-exec-2] DEBUG org.hibernate.SQL - select m1_0.menu_no,m1_0.menu_dc,m1_0.menu_nm,m1_0.menu_ordr,m1_0.modern_route,m1_0.progrm_file_nm,m1_0.relate_image_nm,m1_0.relate_image_path,m1_0.route_updated_at,m1_0.upper_menu_no from nmenuinfo m1_0 order by m1_0.upper_menu_no,m1_0.menu_ordr
2026-03-16 16:57:44 [http-nio-8080-exec-10] DEBUG o.s.orm.jpa.JpaTransactionManager - Found thread-bound EntityManager [SessionImpl(62985895<open>)] for JPA transaction
2026-03-16 16:57:44 [http-nio-8080-exec-6] DEBUG o.s.orm.jpa.JpaTransactionManager - Found thread-bound EntityManager [SessionImpl(106367151<open>)] for JPA transaction
2026-03-16 16:57:44 [http-nio-8080-exec-10] DEBUG o.s.orm.jpa.JpaTransactionManager - Participating in existing transaction
2026-03-16 16:57:44 [http-nio-8080-exec-6] DEBUG o.s.orm.jpa.JpaTransactionManager - Participating in existing transaction
2026-03-16 16:57:44 [http-nio-8080-exec-10] DEBUG org.hibernate.SQL - select ua1_0.scrty_dtrmn_trget_id,ua1_0.author_code,ua1_0.frst_register_id,ua1_0.frst_regist_pnttm,ua1_0.last_updusr_id,ua1_0.last_updt_pnttm,ua1_0.mber_ty_code from nemplyrscrtyestbs ua1_0 where ua1_0.scrty_dtrmn_trget_id=?
2026-03-16 16:57:44 [http-nio-8080-exec-6] DEBUG org.hibernate.SQL - select ua1_0.scrty_dtrmn_trget_id,ua1_0.author_code,ua1_0.frst_register_id,ua1_0.frst_regist_pnttm,ua1_0.last_updusr_id,ua1_0.last_updt_pnttm,ua1_0.mber_ty_code from nemplyrscrtyestbs ua1_0 where ua1_0.scrty_dtrmn_trget_id=?
2026-03-16 16:57:44 [http-nio-8080-exec-10] DEBUG o.s.orm.jpa.JpaTransactionManager - Initiating transaction commit
2026-03-16 16:57:44 [http-nio-8080-exec-10] DEBUG o.s.orm.jpa.JpaTransactionManager - Committing JPA transaction on EntityManager [SessionImpl(62985895<open>)]
2026-03-16 16:57:44 [http-nio-8080-exec-6] DEBUG o.s.orm.jpa.JpaTransactionManager - Initiating transaction commit
2026-03-16 16:57:44 [http-nio-8080-exec-6] DEBUG o.s.orm.jpa.JpaTransactionManager - Committing JPA transaction on EntityManager [SessionImpl(106367151<open>)]
2026-03-16 16:57:44 [http-nio-8080-exec-2] DEBUG o.s.orm.jpa.JpaTransactionManager - Found thread-bound EntityManager [SessionImpl(1140373701<open>)] for JPA transaction
2026-03-16 16:57:44 [http-nio-8080-exec-2] DEBUG o.s.orm.jpa.JpaTransactionManager - Participating in existing transaction
2026-03-16 16:57:44 [http-nio-8080-exec-2] DEBUG org.hibernate.SQL - select p1_0.progrm_file_nm,p1_0.progrm_dc,p1_0.progrm_korean_nm,p1_0.progrm_stre_path,p1_0.url from nprogrmlist p1_0
2026-03-16 16:57:44 [http-nio-8080-exec-6] DEBUG o.s.orm.jpa.JpaTransactionManager - Closing JPA EntityManager [SessionImpl(106367151<open>)] after transaction
2026-03-16 16:57:44 [http-nio-8080-exec-10] DEBUG o.s.orm.jpa.JpaTransactionManager - Closing JPA EntityManager [SessionImpl(62985895<open>)] after transaction
2026-03-16 16:57:44 [http-nio-8080-exec-6] DEBUG c.c.p.s.jwt.JwtAuthenticationFilter - >>> [JwtFilter] Successfully authenticated user: USRCNFRM_99999999999, Authorities: [ROLE_ADMIN]
2026-03-16 16:57:44 [http-nio-8080-exec-10] DEBUG c.c.p.s.jwt.JwtAuthenticationFilter - >>> [JwtFilter] Successfully authenticated user: USRCNFRM_99999999999, Authorities: [ROLE_ADMIN]
2026-03-16 16:57:44 [http-nio-8080-exec-6] DEBUG o.s.web.servlet.DispatcherServlet - GET "/api/v1/notifications", parameters={}
2026-03-16 16:57:44 [http-nio-8080-exec-10] DEBUG o.s.web.servlet.DispatcherServlet - GET "/api/v1/notifications/unread-count", parameters={}
2026-03-16 16:57:44 [http-nio-8080-exec-6] TRACE o.s.w.s.m.m.a.RequestMappingHandlerMapping - Mapped to com.company.project.api.controller.notification.NotificationController#getMyNotifications(UserDetails)
2026-03-16 16:57:44 [http-nio-8080-exec-10] TRACE o.s.w.s.m.m.a.RequestMappingHandlerMapping - Mapped to com.company.project.api.controller.notification.NotificationController#getUnreadCount(UserDetails)
2026-03-16 16:57:44 [http-nio-8080-exec-6] DEBUG o.s.orm.jpa.JpaTransactionManager - Creating new transaction with name [com.company.project.service.notification.NotificationService.getActiveNotifications]: PROPAGATION_REQUIRED,ISOLATION_DEFAULT,readOnly
2026-03-16 16:57:44 [http-nio-8080-exec-6] DEBUG o.s.orm.jpa.JpaTransactionManager - Opened new EntityManager [SessionImpl(1983258750<open>)] for JPA transaction
2026-03-16 16:57:44 [http-nio-8080-exec-10] DEBUG o.s.orm.jpa.JpaTransactionManager - Creating new transaction with name [com.company.project.service.notification.NotificationService.getUnreadCount]: PROPAGATION_REQUIRED,ISOLATION_DEFAULT,readOnly
2026-03-16 16:57:44 [http-nio-8080-exec-6] DEBUG o.s.orm.jpa.JpaTransactionManager - Exposing JPA transaction as JDBC [org.springframework.orm.jpa.vendor.HibernateJpaDialect$HibernateConnectionHandle@7ba88f6f]
2026-03-16 16:57:44 [http-nio-8080-exec-10] DEBUG o.s.orm.jpa.JpaTransactionManager - Opened new EntityManager [SessionImpl(1772050998<open>)] for JPA transaction
2026-03-16 16:57:44 [http-nio-8080-exec-6] DEBUG o.s.orm.jpa.JpaTransactionManager - Found thread-bound EntityManager [SessionImpl(1983258750<open>)] for JPA transaction
2026-03-16 16:57:44 [http-nio-8080-exec-10] DEBUG o.s.orm.jpa.JpaTransactionManager - Exposing JPA transaction as JDBC [org.springframework.orm.jpa.vendor.HibernateJpaDialect$HibernateConnectionHandle@6432830c]
2026-03-16 16:57:44 [http-nio-8080-exec-6] DEBUG o.s.orm.jpa.JpaTransactionManager - Participating in existing transaction
2026-03-16 16:57:44 [http-nio-8080-exec-6] DEBUG org.hibernate.SQL - select n1_0.ntcn_no,n1_0.frst_register_id,n1_0.frst_regist_pnttm,n1_0.is_read,n1_0.last_updusr_id,n1_0.last_updt_pnttm,n1_0.link_url,n1_0.ntcn_cn,n1_0.ntcn_sj,n1_0.receiver_id from n_user_notification n1_0
2026-03-16 16:57:44 [http-nio-8080-exec-10] DEBUG org.hibernate.SQL - select count(n1_0.ntcn_no) from n_user_notification n1_0 where n1_0.receiver_id=? and n1_0.is_read=?
2026-03-16 16:57:45 [http-nio-8080-exec-2] DEBUG o.s.orm.jpa.JpaTransactionManager - Initiating transaction commit
2026-03-16 16:57:45 [http-nio-8080-exec-2] DEBUG o.s.orm.jpa.JpaTransactionManager - Committing JPA transaction on EntityManager [SessionImpl(1140373701<open>)]
2026-03-16 16:57:45 [http-nio-8080-exec-10] DEBUG o.s.orm.jpa.JpaTransactionManager - Initiating transaction commit
2026-03-16 16:57:45 [http-nio-8080-exec-6] DEBUG o.s.orm.jpa.JpaTransactionManager - Initiating transaction commit
2026-03-16 16:57:45 [http-nio-8080-exec-10] DEBUG o.s.orm.jpa.JpaTransactionManager - Committing JPA transaction on EntityManager [SessionImpl(1772050998<open>)]
2026-03-16 16:57:45 [http-nio-8080-exec-6] DEBUG o.s.orm.jpa.JpaTransactionManager - Committing JPA transaction on EntityManager [SessionImpl(1983258750<open>)]
2026-03-16 16:57:45 [http-nio-8080-exec-2] DEBUG o.s.orm.jpa.JpaTransactionManager - Closing JPA EntityManager [SessionImpl(1140373701<open>)] after transaction
2026-03-16 16:57:45 [http-nio-8080-exec-2] INFO  c.c.p.a.c.menu.MenuController - getLeftMenu returned 3 items
2026-03-16 16:57:45 [http-nio-8080-exec-2] DEBUG o.s.w.s.m.m.a.HttpEntityMethodProcessor - Using 'application/json', given [application/json, text/plain, */*] and supported [application/json, application/*+json, application/yaml]
2026-03-16 16:57:45 [http-nio-8080-exec-2] TRACE o.s.w.s.m.m.a.HttpEntityMethodProcessor - Writing [ApiResponse[success=true, status=200, code=COMMON_001, message=Success, data={list=[com.company.project.service.menu.dto.MenuDto@34c57f2e, com.company.project.service.menu.dto.MenuDto@4a5d7c1, com.company.project.service.menu.dto.MenuDto@5fc537f1]}, timestamp=2026-03-16T16:57:45.227557700]]
2026-03-16 16:57:45 [http-nio-8080-exec-2] INFO  c.c.p.a.i.OperationalAuditInterceptor - API Audit Log: URL=/api/v1/menu/left, User=webmaster, IP=127.0.0.1
2026-03-16 16:57:45 [http-nio-8080-exec-2] DEBUG o.s.web.servlet.DispatcherServlet - Completed 200 OK
2026-03-16 16:57:45 [http-nio-8080-exec-4] DEBUG c.c.p.s.jwt.JwtAuthenticationFilter - >>> [JwtFilter] Processing request: GET /api/v1/menu/left
2026-03-16 16:57:45 [http-nio-8080-exec-4] DEBUG c.c.p.s.jwt.JwtAuthenticationFilter - >>> [JwtFilter] Found token in header for path: /api/v1/menu/left
2026-03-16 16:57:45 [http-nio-8080-exec-4] DEBUG o.s.orm.jpa.JpaTransactionManager - Creating new transaction with name [com.company.project.security.iam.CustomUserDetailsService.loadUserByUsername]: PROPAGATION_REQUIRED,ISOLATION_DEFAULT,readOnly
2026-03-16 16:57:45 [http-nio-8080-exec-4] DEBUG o.s.orm.jpa.JpaTransactionManager - Opened new EntityManager [SessionImpl(1615462421<open>)] for JPA transaction
2026-03-16 16:57:45 [http-nio-8080-exec-10] DEBUG o.s.orm.jpa.JpaTransactionManager - Closing JPA EntityManager [SessionImpl(1772050998<open>)] after transaction
2026-03-16 16:57:45 [http-nio-8080-exec-6] DEBUG o.s.orm.jpa.JpaTransactionManager - Closing JPA EntityManager [SessionImpl(1983258750<open>)] after transaction
2026-03-16 16:57:45 [http-nio-8080-exec-10] DEBUG o.s.w.s.m.m.a.HttpEntityMethodProcessor - Using 'application/json', given [application/json, text/plain, */*] and supported [application/json, application/*+json, application/yaml]
2026-03-16 16:57:45 [http-nio-8080-exec-10] TRACE o.s.w.s.m.m.a.HttpEntityMethodProcessor - Writing [ApiResponse[success=true, status=200, code=COMMON_001, message=Success, data=0, timestamp=2026-03-16T16:57:45.277961100]]
2026-03-16 16:57:45 [http-nio-8080-exec-6] DEBUG o.s.w.s.m.m.a.HttpEntityMethodProcessor - Using 'application/json', given [application/json, text/plain, */*] and supported [application/json, application/*+json, application/yaml]
2026-03-16 16:57:45 [http-nio-8080-exec-6] TRACE o.s.w.s.m.m.a.HttpEntityMethodProcessor - Writing [ApiResponse[success=true, status=200, code=COMMON_001, message=Success, data=[NotificationDto(ntfcNo=NT001, ntfcSj=테스트 알림입니다, ntfcCn=알림 내용입니다, ntfcDate=null, ntfcTime=2026-02-25T00:59:33.784070, bhNtfcIntrvl=null, uniqId=null, frstRegisterId=null, frstRegisterPnttm=2026-02-25T00:59:33.784070, lastUpdusrId=null, lastUpdusrPnttm=null)], timestamp=2026-03-16T16:57:45.277961100]]
2026-03-16 16:57:45 [http-nio-8080-exec-10] INFO  c.c.p.a.i.OperationalAuditInterceptor - API Audit Log: URL=/api/v1/notifications/unread-count, User=webmaster, IP=127.0.0.1
2026-03-16 16:57:45 [http-nio-8080-exec-10] DEBUG o.s.web.servlet.DispatcherServlet - Completed 200 OK
2026-03-16 16:57:45 [http-nio-8080-exec-6] INFO  c.c.p.a.i.OperationalAuditInterceptor - API Audit Log: URL=/api/v1/notifications, User=webmaster, IP=127.0.0.1
2026-03-16 16:57:45 [http-nio-8080-exec-6] DEBUG o.s.web.servlet.DispatcherServlet - Completed 200 OK
2026-03-16 16:57:45 [http-nio-8080-exec-4] DEBUG o.s.orm.jpa.JpaTransactionManager - Exposing JPA transaction as JDBC [org.springframework.orm.jpa.vendor.HibernateJpaDialect$HibernateConnectionHandle@2e5e52e9]
2026-03-16 16:57:45 [http-nio-8080-exec-4] DEBUG o.s.orm.jpa.JpaTransactionManager - Found thread-bound EntityManager [SessionImpl(1615462421<open>)] for JPA transaction
2026-03-16 16:57:45 [http-nio-8080-exec-4] DEBUG o.s.orm.jpa.JpaTransactionManager - Participating in existing transaction
2026-03-16 16:57:45 [http-nio-8080-exec-4] DEBUG org.hibernate.SQL - select u1_0.emplyr_id,u1_0.area_no,u1_0.brthdy,u1_0.chg_pwd_cnt,u1_0.frst_register_id,u1_0.frst_regist_pnttm,u1_0.detail_adres,u1_0.email_adres,u1_0.emplyr_sttus_code,u1_0.empl_no,u1_0.esntl_id,u1_0.fxnum,u1_0.group_id,u1_0.house_adres,u1_0.house_end_telno,u1_0.house_middle_telno,u1_0.ihidnum,u1_0.pstinst_code,u1_0.last_updusr_id,u1_0.last_updt_pnttm,u1_0.lock_at,u1_0.lock_cnt,u1_0.lock_last_pnttm,u1_0.mbtlnum,u1_0.ofcps_nm,u1_0.offm_telno,u1_0.orgnzt_id,u1_0.password,u1_0.password_cnsr,u1_0.password_hint,u1_0.chg_pwd_last_pnttm,u1_0.role,u1_0.sbscrb_de,u1_0.sexdstn_code,u1_0.crtfc_dn_value,u1_0.user_nm,u1_0.zip from nemplyrinfo u1_0 where u1_0.emplyr_id=?
2026-03-16 16:57:45 [http-nio-8080-exec-4] DEBUG o.s.orm.jpa.JpaTransactionManager - Found thread-bound EntityManager [SessionImpl(1615462421<open>)] for JPA transaction
2026-03-16 16:57:45 [http-nio-8080-exec-4] DEBUG o.s.orm.jpa.JpaTransactionManager - Participating in existing transaction
2026-03-16 16:57:45 [http-nio-8080-exec-4] DEBUG org.hibernate.SQL - select ua1_0.scrty_dtrmn_trget_id,ua1_0.author_code,ua1_0.frst_register_id,ua1_0.frst_regist_pnttm,ua1_0.last_updusr_id,ua1_0.last_updt_pnttm,ua1_0.mber_ty_code from nemplyrscrtyestbs ua1_0 where ua1_0.scrty_dtrmn_trget_id=?
2026-03-16 16:57:45 [http-nio-8080-exec-4] DEBUG o.s.orm.jpa.JpaTransactionManager - Initiating transaction commit
2026-03-16 16:57:45 [http-nio-8080-exec-4] DEBUG o.s.orm.jpa.JpaTransactionManager - Committing JPA transaction on EntityManager [SessionImpl(1615462421<open>)]
2026-03-16 16:57:45 [http-nio-8080-exec-4] DEBUG o.s.orm.jpa.JpaTransactionManager - Closing JPA EntityManager [SessionImpl(1615462421<open>)] after transaction
2026-03-16 16:57:45 [http-nio-8080-exec-4] DEBUG c.c.p.s.jwt.JwtAuthenticationFilter - >>> [JwtFilter] Successfully authenticated user: USRCNFRM_99999999999, Authorities: [ROLE_ADMIN]
2026-03-16 16:57:45 [http-nio-8080-exec-4] DEBUG o.s.web.servlet.DispatcherServlet - GET "/api/v1/menu/left?menuNo=40", parameters={masked}
2026-03-16 16:57:45 [http-nio-8080-exec-4] TRACE o.s.w.s.m.m.a.RequestMappingHandlerMapping - Mapped to com.company.project.api.controller.menu.MenuController#getLeftMenu(Long)
2026-03-16 16:57:45 [http-nio-8080-exec-4] INFO  c.c.p.a.c.menu.MenuController - getLeftMenu called with menuNo=40
2026-03-16 16:57:45 [http-nio-8080-exec-4] DEBUG o.s.orm.jpa.JpaTransactionManager - Creating new transaction with name [com.company.project.service.menu.MenuService.getSubMenus]: PROPAGATION_REQUIRED,ISOLATION_DEFAULT,readOnly
2026-03-16 16:57:45 [http-nio-8080-exec-4] DEBUG o.s.orm.jpa.JpaTransactionManager - Opened new EntityManager [SessionImpl(529132561<open>)] for JPA transaction
2026-03-16 16:57:45 [http-nio-8080-exec-4] DEBUG o.s.orm.jpa.JpaTransactionManager - Exposing JPA transaction as JDBC [org.springframework.orm.jpa.vendor.HibernateJpaDialect$HibernateConnectionHandle@1b8e8917]
2026-03-16 16:57:45 [http-nio-8080-exec-4] DEBUG org.hibernate.SQL - select m1_0.menu_no,m1_0.menu_dc,m1_0.menu_nm,m1_0.menu_ordr,m1_0.modern_route,m1_0.progrm_file_nm,m1_0.relate_image_nm,m1_0.relate_image_path,m1_0.route_updated_at,m1_0.upper_menu_no from nmenuinfo m1_0 order by m1_0.upper_menu_no,m1_0.menu_ordr
2026-03-16 16:57:46 [http-nio-8080-exec-4] DEBUG o.s.orm.jpa.JpaTransactionManager - Found thread-bound EntityManager [SessionImpl(529132561<open>)] for JPA transaction
2026-03-16 16:57:46 [http-nio-8080-exec-4] DEBUG o.s.orm.jpa.JpaTransactionManager - Participating in existing transaction
2026-03-16 16:57:46 [http-nio-8080-exec-4] DEBUG org.hibernate.SQL - select p1_0.progrm_file_nm,p1_0.progrm_dc,p1_0.progrm_korean_nm,p1_0.progrm_stre_path,p1_0.url from nprogrmlist p1_0
2026-03-16 16:57:46 [http-nio-8080-exec-4] DEBUG o.s.orm.jpa.JpaTransactionManager - Initiating transaction commit
2026-03-16 16:57:46 [http-nio-8080-exec-4] DEBUG o.s.orm.jpa.JpaTransactionManager - Committing JPA transaction on EntityManager [SessionImpl(529132561<open>)]
2026-03-16 16:57:46 [http-nio-8080-exec-4] DEBUG o.s.orm.jpa.JpaTransactionManager - Closing JPA EntityManager [SessionImpl(529132561<open>)] after transaction
2026-03-16 16:57:46 [http-nio-8080-exec-4] INFO  c.c.p.a.c.menu.MenuController - getLeftMenu returned 2 items
2026-03-16 16:57:46 [http-nio-8080-exec-4] DEBUG o.s.w.s.m.m.a.HttpEntityMethodProcessor - Using 'application/json', given [application/json, text/plain, */*] and supported [application/json, application/*+json, application/yaml]
2026-03-16 16:57:46 [http-nio-8080-exec-4] TRACE o.s.w.s.m.m.a.HttpEntityMethodProcessor - Writing [ApiResponse[success=true, status=200, code=COMMON_001, message=Success, data={list=[com.company.project.service.menu.dto.MenuDto@52add711, com.company.project.service.menu.dto.MenuDto@40c0fedf]}, timestamp=2026-03-16T16:57:46.453362400]]
2026-03-16 16:57:46 [http-nio-8080-exec-4] INFO  c.c.p.a.i.OperationalAuditInterceptor - API Audit Log: URL=/api/v1/menu/left, User=webmaster, IP=127.0.0.1
2026-03-16 16:57:46 [http-nio-8080-exec-4] DEBUG o.s.web.servlet.DispatcherServlet - Completed 200 OK
2026-03-16 16:57:46 [http-nio-8080-exec-5] DEBUG c.c.p.s.jwt.JwtAuthenticationFilter - >>> [JwtFilter] Processing request: GET /api/v1/menu/left
2026-03-16 16:57:46 [http-nio-8080-exec-5] DEBUG c.c.p.s.jwt.JwtAuthenticationFilter - >>> [JwtFilter] Found token in header for path: /api/v1/menu/left
2026-03-16 16:57:46 [http-nio-8080-exec-5] DEBUG o.s.orm.jpa.JpaTransactionManager - Creating new transaction with name [com.company.project.security.iam.CustomUserDetailsService.loadUserByUsername]: PROPAGATION_REQUIRED,ISOLATION_DEFAULT,readOnly
2026-03-16 16:57:46 [http-nio-8080-exec-5] DEBUG o.s.orm.jpa.JpaTransactionManager - Opened new EntityManager [SessionImpl(1158190070<open>)] for JPA transaction
2026-03-16 16:57:46 [http-nio-8080-exec-5] DEBUG o.s.orm.jpa.JpaTransactionManager - Exposing JPA transaction as JDBC [org.springframework.orm.jpa.vendor.HibernateJpaDialect$HibernateConnectionHandle@c22d2ec]
2026-03-16 16:57:46 [http-nio-8080-exec-5] DEBUG o.s.orm.jpa.JpaTransactionManager - Found thread-bound EntityManager [SessionImpl(1158190070<open>)] for JPA transaction
2026-03-16 16:57:46 [http-nio-8080-exec-5] DEBUG o.s.orm.jpa.JpaTransactionManager - Participating in existing transaction
2026-03-16 16:57:46 [http-nio-8080-exec-5] DEBUG org.hibernate.SQL - select u1_0.emplyr_id,u1_0.area_no,u1_0.brthdy,u1_0.chg_pwd_cnt,u1_0.frst_register_id,u1_0.frst_regist_pnttm,u1_0.detail_adres,u1_0.email_adres,u1_0.emplyr_sttus_code,u1_0.empl_no,u1_0.esntl_id,u1_0.fxnum,u1_0.group_id,u1_0.house_adres,u1_0.house_end_telno,u1_0.house_middle_telno,u1_0.ihidnum,u1_0.pstinst_code,u1_0.last_updusr_id,u1_0.last_updt_pnttm,u1_0.lock_at,u1_0.lock_cnt,u1_0.lock_last_pnttm,u1_0.mbtlnum,u1_0.ofcps_nm,u1_0.offm_telno,u1_0.orgnzt_id,u1_0.password,u1_0.password_cnsr,u1_0.password_hint,u1_0.chg_pwd_last_pnttm,u1_0.role,u1_0.sbscrb_de,u1_0.sexdstn_code,u1_0.crtfc_dn_value,u1_0.user_nm,u1_0.zip from nemplyrinfo u1_0 where u1_0.emplyr_id=?
2026-03-16 16:57:46 [http-nio-8080-exec-5] DEBUG o.s.orm.jpa.JpaTransactionManager - Found thread-bound EntityManager [SessionImpl(1158190070<open>)] for JPA transaction
2026-03-16 16:57:46 [http-nio-8080-exec-5] DEBUG o.s.orm.jpa.JpaTransactionManager - Participating in existing transaction
2026-03-16 16:57:46 [http-nio-8080-exec-5] DEBUG org.hibernate.SQL - select ua1_0.scrty_dtrmn_trget_id,ua1_0.author_code,ua1_0.frst_register_id,ua1_0.frst_regist_pnttm,ua1_0.last_updusr_id,ua1_0.last_updt_pnttm,ua1_0.mber_ty_code from nemplyrscrtyestbs ua1_0 where ua1_0.scrty_dtrmn_trget_id=?
2026-03-16 16:57:46 [http-nio-8080-exec-5] DEBUG o.s.orm.jpa.JpaTransactionManager - Initiating transaction commit
2026-03-16 16:57:46 [http-nio-8080-exec-5] DEBUG o.s.orm.jpa.JpaTransactionManager - Committing JPA transaction on EntityManager [SessionImpl(1158190070<open>)]
2026-03-16 16:57:47 [http-nio-8080-exec-5] DEBUG o.s.orm.jpa.JpaTransactionManager - Closing JPA EntityManager [SessionImpl(1158190070<open>)] after transaction
2026-03-16 16:57:47 [http-nio-8080-exec-5] DEBUG c.c.p.s.jwt.JwtAuthenticationFilter - >>> [JwtFilter] Successfully authenticated user: USRCNFRM_99999999999, Authorities: [ROLE_ADMIN]
2026-03-16 16:57:47 [http-nio-8080-exec-5] DEBUG o.s.web.servlet.DispatcherServlet - GET "/api/v1/menu/left?menuNo=50", parameters={masked}
2026-03-16 16:57:47 [http-nio-8080-exec-5] TRACE o.s.w.s.m.m.a.RequestMappingHandlerMapping - Mapped to com.company.project.api.controller.menu.MenuController#getLeftMenu(Long)
2026-03-16 16:57:47 [http-nio-8080-exec-5] INFO  c.c.p.a.c.menu.MenuController - getLeftMenu called with menuNo=50
2026-03-16 16:57:47 [http-nio-8080-exec-5] DEBUG o.s.orm.jpa.JpaTransactionManager - Creating new transaction with name [com.company.project.service.menu.MenuService.getSubMenus]: PROPAGATION_REQUIRED,ISOLATION_DEFAULT,readOnly
2026-03-16 16:57:47 [http-nio-8080-exec-5] DEBUG o.s.orm.jpa.JpaTransactionManager - Opened new EntityManager [SessionImpl(890295691<open>)] for JPA transaction
2026-03-16 16:57:47 [http-nio-8080-exec-5] DEBUG o.s.orm.jpa.JpaTransactionManager - Exposing JPA transaction as JDBC [org.springframework.orm.jpa.vendor.HibernateJpaDialect$HibernateConnectionHandle@2f9c93ff]
2026-03-16 16:57:47 [http-nio-8080-exec-5] DEBUG org.hibernate.SQL - select m1_0.menu_no,m1_0.menu_dc,m1_0.menu_nm,m1_0.menu_ordr,m1_0.modern_route,m1_0.progrm_file_nm,m1_0.relate_image_nm,m1_0.relate_image_path,m1_0.route_updated_at,m1_0.upper_menu_no from nmenuinfo m1_0 order by m1_0.upper_menu_no,m1_0.menu_ordr
2026-03-16 16:57:47 [http-nio-8080-exec-5] DEBUG o.s.orm.jpa.JpaTransactionManager - Found thread-bound EntityManager [SessionImpl(890295691<open>)] for JPA transaction
2026-03-16 16:57:47 [http-nio-8080-exec-5] DEBUG o.s.orm.jpa.JpaTransactionManager - Participating in existing transaction
2026-03-16 16:57:47 [http-nio-8080-exec-5] DEBUG org.hibernate.SQL - select p1_0.progrm_file_nm,p1_0.progrm_dc,p1_0.progrm_korean_nm,p1_0.progrm_stre_path,p1_0.url from nprogrmlist p1_0
2026-03-16 16:57:47 [http-nio-8080-exec-5] DEBUG o.s.orm.jpa.JpaTransactionManager - Initiating transaction commit
2026-03-16 16:57:47 [http-nio-8080-exec-5] DEBUG o.s.orm.jpa.JpaTransactionManager - Committing JPA transaction on EntityManager [SessionImpl(890295691<open>)]
2026-03-16 16:57:47 [http-nio-8080-exec-5] DEBUG o.s.orm.jpa.JpaTransactionManager - Closing JPA EntityManager [SessionImpl(890295691<open>)] after transaction
2026-03-16 16:57:47 [http-nio-8080-exec-5] INFO  c.c.p.a.c.menu.MenuController - getLeftMenu returned 3 items
2026-03-16 16:57:47 [http-nio-8080-exec-5] DEBUG o.s.w.s.m.m.a.HttpEntityMethodProcessor - Using 'application/json', given [application/json, text/plain, */*] and supported [application/json, application/*+json, application/yaml]
2026-03-16 16:57:47 [http-nio-8080-exec-5] TRACE o.s.w.s.m.m.a.HttpEntityMethodProcessor - Writing [ApiResponse[success=true, status=200, code=COMMON_001, message=Success, data={list=[com.company.project.service.menu.dto.MenuDto@3243f8de, com.company.project.service.menu.dto.MenuDto@470f41b1, com.company.project.service.menu.dto.MenuDto@3075faab]}, timestamp=2026-03-16T16:57:47.725783500]]
2026-03-16 16:57:47 [http-nio-8080-exec-5] INFO  c.c.p.a.i.OperationalAuditInterceptor - API Audit Log: URL=/api/v1/menu/left, User=webmaster, IP=127.0.0.1
2026-03-16 16:57:47 [http-nio-8080-exec-5] DEBUG o.s.web.servlet.DispatcherServlet - Completed 200 OK
2026-03-16 16:57:47 [http-nio-8080-exec-2] DEBUG c.c.p.s.jwt.JwtAuthenticationFilter - >>> [JwtFilter] Processing request: GET /api/v1/menu/left
2026-03-16 16:57:47 [http-nio-8080-exec-2] DEBUG c.c.p.s.jwt.JwtAuthenticationFilter - >>> [JwtFilter] Found token in header for path: /api/v1/menu/left
2026-03-16 16:57:47 [http-nio-8080-exec-2] DEBUG o.s.orm.jpa.JpaTransactionManager - Creating new transaction with name [com.company.project.security.iam.CustomUserDetailsService.loadUserByUsername]: PROPAGATION_REQUIRED,ISOLATION_DEFAULT,readOnly
2026-03-16 16:57:47 [http-nio-8080-exec-2] DEBUG o.s.orm.jpa.JpaTransactionManager - Opened new EntityManager [SessionImpl(1980640098<open>)] for JPA transaction
2026-03-16 16:57:47 [http-nio-8080-exec-2] DEBUG o.s.orm.jpa.JpaTransactionManager - Exposing JPA transaction as JDBC [org.springframework.orm.jpa.vendor.HibernateJpaDialect$HibernateConnectionHandle@69ad0682]
2026-03-16 16:57:47 [http-nio-8080-exec-2] DEBUG o.s.orm.jpa.JpaTransactionManager - Found thread-bound EntityManager [SessionImpl(1980640098<open>)] for JPA transaction
2026-03-16 16:57:47 [http-nio-8080-exec-2] DEBUG o.s.orm.jpa.JpaTransactionManager - Participating in existing transaction
2026-03-16 16:57:47 [http-nio-8080-exec-2] DEBUG org.hibernate.SQL - select u1_0.emplyr_id,u1_0.area_no,u1_0.brthdy,u1_0.chg_pwd_cnt,u1_0.frst_register_id,u1_0.frst_regist_pnttm,u1_0.detail_adres,u1_0.email_adres,u1_0.emplyr_sttus_code,u1_0.empl_no,u1_0.esntl_id,u1_0.fxnum,u1_0.group_id,u1_0.house_adres,u1_0.house_end_telno,u1_0.house_middle_telno,u1_0.ihidnum,u1_0.pstinst_code,u1_0.last_updusr_id,u1_0.last_updt_pnttm,u1_0.lock_at,u1_0.lock_cnt,u1_0.lock_last_pnttm,u1_0.mbtlnum,u1_0.ofcps_nm,u1_0.offm_telno,u1_0.orgnzt_id,u1_0.password,u1_0.password_cnsr,u1_0.password_hint,u1_0.chg_pwd_last_pnttm,u1_0.role,u1_0.sbscrb_de,u1_0.sexdstn_code,u1_0.crtfc_dn_value,u1_0.user_nm,u1_0.zip from nemplyrinfo u1_0 where u1_0.emplyr_id=?
2026-03-16 16:57:48 [http-nio-8080-exec-2] DEBUG o.s.orm.jpa.JpaTransactionManager - Found thread-bound EntityManager [SessionImpl(1980640098<open>)] for JPA transaction
2026-03-16 16:57:48 [http-nio-8080-exec-2] DEBUG o.s.orm.jpa.JpaTransactionManager - Participating in existing transaction
2026-03-16 16:57:48 [http-nio-8080-exec-2] DEBUG org.hibernate.SQL - select ua1_0.scrty_dtrmn_trget_id,ua1_0.author_code,ua1_0.frst_register_id,ua1_0.frst_regist_pnttm,ua1_0.last_updusr_id,ua1_0.last_updt_pnttm,ua1_0.mber_ty_code from nemplyrscrtyestbs ua1_0 where ua1_0.scrty_dtrmn_trget_id=?
2026-03-16 16:57:48 [http-nio-8080-exec-2] DEBUG o.s.orm.jpa.JpaTransactionManager - Initiating transaction commit
2026-03-16 16:57:48 [http-nio-8080-exec-2] DEBUG o.s.orm.jpa.JpaTransactionManager - Committing JPA transaction on EntityManager [SessionImpl(1980640098<open>)]
2026-03-16 16:57:48 [http-nio-8080-exec-2] DEBUG o.s.orm.jpa.JpaTransactionManager - Closing JPA EntityManager [SessionImpl(1980640098<open>)] after transaction
2026-03-16 16:57:48 [http-nio-8080-exec-2] DEBUG c.c.p.s.jwt.JwtAuthenticationFilter - >>> [JwtFilter] Successfully authenticated user: USRCNFRM_99999999999, Authorities: [ROLE_ADMIN]
2026-03-16 16:57:48 [http-nio-8080-exec-2] DEBUG o.s.web.servlet.DispatcherServlet - GET "/api/v1/menu/left?menuNo=60", parameters={masked}
2026-03-16 16:57:48 [http-nio-8080-exec-2] TRACE o.s.w.s.m.m.a.RequestMappingHandlerMapping - Mapped to com.company.project.api.controller.menu.MenuController#getLeftMenu(Long)
2026-03-16 16:57:48 [http-nio-8080-exec-2] INFO  c.c.p.a.c.menu.MenuController - getLeftMenu called with menuNo=60
2026-03-16 16:57:48 [http-nio-8080-exec-2] DEBUG o.s.orm.jpa.JpaTransactionManager - Creating new transaction with name [com.company.project.service.menu.MenuService.getSubMenus]: PROPAGATION_REQUIRED,ISOLATION_DEFAULT,readOnly
2026-03-16 16:57:48 [http-nio-8080-exec-2] DEBUG o.s.orm.jpa.JpaTransactionManager - Opened new EntityManager [SessionImpl(35631131<open>)] for JPA transaction
2026-03-16 16:57:48 [http-nio-8080-exec-2] DEBUG o.s.orm.jpa.JpaTransactionManager - Exposing JPA transaction as JDBC [org.springframework.orm.jpa.vendor.HibernateJpaDialect$HibernateConnectionHandle@66bc8c90]
2026-03-16 16:57:48 [http-nio-8080-exec-2] DEBUG org.hibernate.SQL - select m1_0.menu_no,m1_0.menu_dc,m1_0.menu_nm,m1_0.menu_ordr,m1_0.modern_route,m1_0.progrm_file_nm,m1_0.relate_image_nm,m1_0.relate_image_path,m1_0.route_updated_at,m1_0.upper_menu_no from nmenuinfo m1_0 order by m1_0.upper_menu_no,m1_0.menu_ordr
2026-03-16 16:57:48 [http-nio-8080-exec-2] DEBUG o.s.orm.jpa.JpaTransactionManager - Found thread-bound EntityManager [SessionImpl(35631131<open>)] for JPA transaction
2026-03-16 16:57:48 [http-nio-8080-exec-2] DEBUG o.s.orm.jpa.JpaTransactionManager - Participating in existing transaction
2026-03-16 16:57:48 [http-nio-8080-exec-2] DEBUG org.hibernate.SQL - select p1_0.progrm_file_nm,p1_0.progrm_dc,p1_0.progrm_korean_nm,p1_0.progrm_stre_path,p1_0.url from nprogrmlist p1_0
2026-03-16 16:57:48 [http-nio-8080-exec-2] DEBUG o.s.orm.jpa.JpaTransactionManager - Initiating transaction commit
2026-03-16 16:57:48 [http-nio-8080-exec-2] DEBUG o.s.orm.jpa.JpaTransactionManager - Committing JPA transaction on EntityManager [SessionImpl(35631131<open>)]
2026-03-16 16:57:48 [http-nio-8080-exec-2] DEBUG o.s.orm.jpa.JpaTransactionManager - Closing JPA EntityManager [SessionImpl(35631131<open>)] after transaction
2026-03-16 16:57:48 [http-nio-8080-exec-2] INFO  c.c.p.a.c.menu.MenuController - getLeftMenu returned 1 items
2026-03-16 16:57:48 [http-nio-8080-exec-2] DEBUG o.s.w.s.m.m.a.HttpEntityMethodProcessor - Using 'application/json', given [application/json, text/plain, */*] and supported [application/json, application/*+json, application/yaml]
2026-03-16 16:57:48 [http-nio-8080-exec-2] TRACE o.s.w.s.m.m.a.HttpEntityMethodProcessor - Writing [ApiResponse[success=true, status=200, code=COMMON_001, message=Success, data={list=[com.company.project.service.menu.dto.MenuDto@14f63e01]}, timestamp=2026-03-16T16:57:48.954860400]]
2026-03-16 16:57:48 [http-nio-8080-exec-2] INFO  c.c.p.a.i.OperationalAuditInterceptor - API Audit Log: URL=/api/v1/menu/left, User=webmaster, IP=127.0.0.1
2026-03-16 16:57:48 [http-nio-8080-exec-2] DEBUG o.s.web.servlet.DispatcherServlet - Completed 200 OK
2026-03-16 16:57:49 [http-nio-8080-exec-10] DEBUG c.c.p.s.jwt.JwtAuthenticationFilter - >>> [JwtFilter] Processing request: GET /api/v1/menu/head
2026-03-16 16:57:49 [http-nio-8080-exec-10] DEBUG c.c.p.s.jwt.JwtAuthenticationFilter - >>> [JwtFilter] Found token in header for path: /api/v1/menu/head
2026-03-16 16:57:49 [http-nio-8080-exec-10] DEBUG o.s.orm.jpa.JpaTransactionManager - Creating new transaction with name [com.company.project.security.iam.CustomUserDetailsService.loadUserByUsername]: PROPAGATION_REQUIRED,ISOLATION_DEFAULT,readOnly
2026-03-16 16:57:49 [http-nio-8080-exec-10] DEBUG o.s.orm.jpa.JpaTransactionManager - Opened new EntityManager [SessionImpl(1900297728<open>)] for JPA transaction
2026-03-16 16:57:49 [http-nio-8080-exec-10] DEBUG o.s.orm.jpa.JpaTransactionManager - Exposing JPA transaction as JDBC [org.springframework.orm.jpa.vendor.HibernateJpaDialect$HibernateConnectionHandle@572148b5]
2026-03-16 16:57:49 [http-nio-8080-exec-10] DEBUG o.s.orm.jpa.JpaTransactionManager - Found thread-bound EntityManager [SessionImpl(1900297728<open>)] for JPA transaction
2026-03-16 16:57:49 [http-nio-8080-exec-10] DEBUG o.s.orm.jpa.JpaTransactionManager - Participating in existing transaction
2026-03-16 16:57:49 [http-nio-8080-exec-10] DEBUG org.hibernate.SQL - select u1_0.emplyr_id,u1_0.area_no,u1_0.brthdy,u1_0.chg_pwd_cnt,u1_0.frst_register_id,u1_0.frst_regist_pnttm,u1_0.detail_adres,u1_0.email_adres,u1_0.emplyr_sttus_code,u1_0.empl_no,u1_0.esntl_id,u1_0.fxnum,u1_0.group_id,u1_0.house_adres,u1_0.house_end_telno,u1_0.house_middle_telno,u1_0.ihidnum,u1_0.pstinst_code,u1_0.last_updusr_id,u1_0.last_updt_pnttm,u1_0.lock_at,u1_0.lock_cnt,u1_0.lock_last_pnttm,u1_0.mbtlnum,u1_0.ofcps_nm,u1_0.offm_telno,u1_0.orgnzt_id,u1_0.password,u1_0.password_cnsr,u1_0.password_hint,u1_0.chg_pwd_last_pnttm,u1_0.role,u1_0.sbscrb_de,u1_0.sexdstn_code,u1_0.crtfc_dn_value,u1_0.user_nm,u1_0.zip from nemplyrinfo u1_0 where u1_0.emplyr_id=?
2026-03-16 16:57:49 [http-nio-8080-exec-10] DEBUG o.s.orm.jpa.JpaTransactionManager - Found thread-bound EntityManager [SessionImpl(1900297728<open>)] for JPA transaction
2026-03-16 16:57:49 [http-nio-8080-exec-10] DEBUG o.s.orm.jpa.JpaTransactionManager - Participating in existing transaction
2026-03-16 16:57:49 [http-nio-8080-exec-10] DEBUG org.hibernate.SQL - select ua1_0.scrty_dtrmn_trget_id,ua1_0.author_code,ua1_0.frst_register_id,ua1_0.frst_regist_pnttm,ua1_0.last_updusr_id,ua1_0.last_updt_pnttm,ua1_0.mber_ty_code from nemplyrscrtyestbs ua1_0 where ua1_0.scrty_dtrmn_trget_id=?
2026-03-16 16:57:50 [http-nio-8080-exec-10] DEBUG o.s.orm.jpa.JpaTransactionManager - Initiating transaction commit
2026-03-16 16:57:50 [http-nio-8080-exec-10] DEBUG o.s.orm.jpa.JpaTransactionManager - Committing JPA transaction on EntityManager [SessionImpl(1900297728<open>)]
2026-03-16 16:57:50 [http-nio-8080-exec-10] DEBUG o.s.orm.jpa.JpaTransactionManager - Closing JPA EntityManager [SessionImpl(1900297728<open>)] after transaction
2026-03-16 16:57:50 [http-nio-8080-exec-10] DEBUG c.c.p.s.jwt.JwtAuthenticationFilter - >>> [JwtFilter] Successfully authenticated user: USRCNFRM_99999999999, Authorities: [ROLE_ADMIN]
2026-03-16 16:57:50 [http-nio-8080-exec-10] DEBUG o.s.web.servlet.DispatcherServlet - GET "/api/v1/menu/head", parameters={}
2026-03-16 16:57:50 [http-nio-8080-exec-10] TRACE o.s.w.s.m.m.a.RequestMappingHandlerMapping - Mapped to com.company.project.api.controller.menu.MenuController#getHeadMenu()
2026-03-16 16:57:50 [http-nio-8080-exec-10] INFO  c.c.p.a.c.menu.MenuController - getHeadMenu called
2026-03-16 16:57:50 [http-nio-8080-exec-10] INFO  c.c.p.a.c.menu.MenuController - getHeadMenu returned 5 items
2026-03-16 16:57:50 [http-nio-8080-exec-10] DEBUG o.s.w.s.m.m.a.HttpEntityMethodProcessor - Using 'application/json', given [application/json, text/plain, */*] and supported [application/json, application/*+json, application/yaml]
2026-03-16 16:57:50 [http-nio-8080-exec-10] TRACE o.s.w.s.m.m.a.HttpEntityMethodProcessor - Writing [ApiResponse[success=true, status=200, code=COMMON_001, message=Success, data={list=[com.company.project.service.menu.dto.MenuDto@2b80d6b0, com.company.project.service.menu.dto.MenuDto@1418cfa3, com.company.project.service.menu.dto.MenuDto@f230bf1, com.company.project.service.menu.dto.MenuDto@734a7f6a, com.company.project.service.menu.dto.MenuDto@5e5202e5]}, timestamp=2026-03-16T16:57:50.198437300]]
2026-03-16 16:57:50 [http-nio-8080-exec-10] INFO  c.c.p.a.i.OperationalAuditInterceptor - API Audit Log: URL=/api/v1/menu/head, User=webmaster, IP=0:0:0:0:0:0:0:1
2026-03-16 16:57:50 [http-nio-8080-exec-10] DEBUG o.s.web.servlet.DispatcherServlet - Completed 200 OK
2026-03-16 16:57:50 [http-nio-8080-exec-6] DEBUG c.c.p.s.jwt.JwtAuthenticationFilter - >>> [JwtFilter] Processing request: GET /api/v1/menu/left
2026-03-16 16:57:50 [http-nio-8080-exec-6] DEBUG c.c.p.s.jwt.JwtAuthenticationFilter - >>> [JwtFilter] Found token in header for path: /api/v1/menu/left
2026-03-16 16:57:50 [http-nio-8080-exec-6] DEBUG o.s.orm.jpa.JpaTransactionManager - Creating new transaction with name [com.company.project.security.iam.CustomUserDetailsService.loadUserByUsername]: PROPAGATION_REQUIRED,ISOLATION_DEFAULT,readOnly
2026-03-16 16:57:50 [http-nio-8080-exec-6] DEBUG o.s.orm.jpa.JpaTransactionManager - Opened new EntityManager [SessionImpl(10390876<open>)] for JPA transaction
2026-03-16 16:57:50 [http-nio-8080-exec-4] DEBUG c.c.p.s.jwt.JwtAuthenticationFilter - >>> [JwtFilter] Processing request: GET /api/v1/menu/left
2026-03-16 16:57:50 [http-nio-8080-exec-9] DEBUG c.c.p.s.jwt.JwtAuthenticationFilter - >>> [JwtFilter] Processing request: GET /api/v1/menu/left
2026-03-16 16:57:50 [http-nio-8080-exec-1] DEBUG c.c.p.s.jwt.JwtAuthenticationFilter - >>> [JwtFilter] Processing request: GET /api/v1/menu/left
2026-03-16 16:57:50 [http-nio-8080-exec-3] DEBUG c.c.p.s.jwt.JwtAuthenticationFilter - >>> [JwtFilter] Processing request: GET /api/v1/menu/left
2026-03-16 16:57:50 [http-nio-8080-exec-4] DEBUG c.c.p.s.jwt.JwtAuthenticationFilter - >>> [JwtFilter] Found token in header for path: /api/v1/menu/left
2026-03-16 16:57:50 [http-nio-8080-exec-9] DEBUG c.c.p.s.jwt.JwtAuthenticationFilter - >>> [JwtFilter] Found token in header for path: /api/v1/menu/left
2026-03-16 16:57:50 [http-nio-8080-exec-1] DEBUG c.c.p.s.jwt.JwtAuthenticationFilter - >>> [JwtFilter] Found token in header for path: /api/v1/menu/left
2026-03-16 16:57:50 [http-nio-8080-exec-3] DEBUG c.c.p.s.jwt.JwtAuthenticationFilter - >>> [JwtFilter] Found token in header for path: /api/v1/menu/left
2026-03-16 16:57:50 [http-nio-8080-exec-1] DEBUG o.s.orm.jpa.JpaTransactionManager - Creating new transaction with name [com.company.project.security.iam.CustomUserDetailsService.loadUserByUsername]: PROPAGATION_REQUIRED,ISOLATION_DEFAULT,readOnly
2026-03-16 16:57:50 [http-nio-8080-exec-3] DEBUG o.s.orm.jpa.JpaTransactionManager - Creating new transaction with name [com.company.project.security.iam.CustomUserDetailsService.loadUserByUsername]: PROPAGATION_REQUIRED,ISOLATION_DEFAULT,readOnly
2026-03-16 16:57:50 [http-nio-8080-exec-9] DEBUG o.s.orm.jpa.JpaTransactionManager - Creating new transaction with name [com.company.project.security.iam.CustomUserDetailsService.loadUserByUsername]: PROPAGATION_REQUIRED,ISOLATION_DEFAULT,readOnly
2026-03-16 16:57:50 [http-nio-8080-exec-4] DEBUG o.s.orm.jpa.JpaTransactionManager - Creating new transaction with name [com.company.project.security.iam.CustomUserDetailsService.loadUserByUsername]: PROPAGATION_REQUIRED,ISOLATION_DEFAULT,readOnly
2026-03-16 16:57:50 [http-nio-8080-exec-1] DEBUG o.s.orm.jpa.JpaTransactionManager - Opened new EntityManager [SessionImpl(1191178432<open>)] for JPA transaction
2026-03-16 16:57:50 [http-nio-8080-exec-4] DEBUG o.s.orm.jpa.JpaTransactionManager - Opened new EntityManager [SessionImpl(1214111731<open>)] for JPA transaction
2026-03-16 16:57:50 [http-nio-8080-exec-3] DEBUG o.s.orm.jpa.JpaTransactionManager - Opened new EntityManager [SessionImpl(1985488701<open>)] for JPA transaction
2026-03-16 16:57:50 [http-nio-8080-exec-9] DEBUG o.s.orm.jpa.JpaTransactionManager - Opened new EntityManager [SessionImpl(1252590057<open>)] for JPA transaction
2026-03-16 16:57:50 [http-nio-8080-exec-4] DEBUG o.s.orm.jpa.JpaTransactionManager - Exposing JPA transaction as JDBC [org.springframework.orm.jpa.vendor.HibernateJpaDialect$HibernateConnectionHandle@31499487]
2026-03-16 16:57:50 [http-nio-8080-exec-1] DEBUG o.s.orm.jpa.JpaTransactionManager - Exposing JPA transaction as JDBC [org.springframework.orm.jpa.vendor.HibernateJpaDialect$HibernateConnectionHandle@29112bcf]
2026-03-16 16:57:50 [http-nio-8080-exec-4] DEBUG o.s.orm.jpa.JpaTransactionManager - Found thread-bound EntityManager [SessionImpl(1214111731<open>)] for JPA transaction
2026-03-16 16:57:50 [http-nio-8080-exec-1] DEBUG o.s.orm.jpa.JpaTransactionManager - Found thread-bound EntityManager [SessionImpl(1191178432<open>)] for JPA transaction
2026-03-16 16:57:50 [http-nio-8080-exec-4] DEBUG o.s.orm.jpa.JpaTransactionManager - Participating in existing transaction
2026-03-16 16:57:50 [http-nio-8080-exec-1] DEBUG o.s.orm.jpa.JpaTransactionManager - Participating in existing transaction
2026-03-16 16:57:50 [http-nio-8080-exec-4] DEBUG org.hibernate.SQL - select u1_0.emplyr_id,u1_0.area_no,u1_0.brthdy,u1_0.chg_pwd_cnt,u1_0.frst_register_id,u1_0.frst_regist_pnttm,u1_0.detail_adres,u1_0.email_adres,u1_0.emplyr_sttus_code,u1_0.empl_no,u1_0.esntl_id,u1_0.fxnum,u1_0.group_id,u1_0.house_adres,u1_0.house_end_telno,u1_0.house_middle_telno,u1_0.ihidnum,u1_0.pstinst_code,u1_0.last_updusr_id,u1_0.last_updt_pnttm,u1_0.lock_at,u1_0.lock_cnt,u1_0.lock_last_pnttm,u1_0.mbtlnum,u1_0.ofcps_nm,u1_0.offm_telno,u1_0.orgnzt_id,u1_0.password,u1_0.password_cnsr,u1_0.password_hint,u1_0.chg_pwd_last_pnttm,u1_0.role,u1_0.sbscrb_de,u1_0.sexdstn_code,u1_0.crtfc_dn_value,u1_0.user_nm,u1_0.zip from nemplyrinfo u1_0 where u1_0.emplyr_id=?
2026-03-16 16:57:50 [http-nio-8080-exec-1] DEBUG org.hibernate.SQL - select u1_0.emplyr_id,u1_0.area_no,u1_0.brthdy,u1_0.chg_pwd_cnt,u1_0.frst_register_id,u1_0.frst_regist_pnttm,u1_0.detail_adres,u1_0.email_adres,u1_0.emplyr_sttus_code,u1_0.empl_no,u1_0.esntl_id,u1_0.fxnum,u1_0.group_id,u1_0.house_adres,u1_0.house_end_telno,u1_0.house_middle_telno,u1_0.ihidnum,u1_0.pstinst_code,u1_0.last_updusr_id,u1_0.last_updt_pnttm,u1_0.lock_at,u1_0.lock_cnt,u1_0.lock_last_pnttm,u1_0.mbtlnum,u1_0.ofcps_nm,u1_0.offm_telno,u1_0.orgnzt_id,u1_0.password,u1_0.password_cnsr,u1_0.password_hint,u1_0.chg_pwd_last_pnttm,u1_0.role,u1_0.sbscrb_de,u1_0.sexdstn_code,u1_0.crtfc_dn_value,u1_0.user_nm,u1_0.zip from nemplyrinfo u1_0 where u1_0.emplyr_id=?
2026-03-16 16:57:50 [http-nio-8080-exec-9] DEBUG o.s.orm.jpa.JpaTransactionManager - Exposing JPA transaction as JDBC [org.springframework.orm.jpa.vendor.HibernateJpaDialect$HibernateConnectionHandle@50c17456]
2026-03-16 16:57:50 [http-nio-8080-exec-9] DEBUG o.s.orm.jpa.JpaTransactionManager - Found thread-bound EntityManager [SessionImpl(1252590057<open>)] for JPA transaction
2026-03-16 16:57:50 [http-nio-8080-exec-9] DEBUG o.s.orm.jpa.JpaTransactionManager - Participating in existing transaction
2026-03-16 16:57:50 [http-nio-8080-exec-9] DEBUG org.hibernate.SQL - select u1_0.emplyr_id,u1_0.area_no,u1_0.brthdy,u1_0.chg_pwd_cnt,u1_0.frst_register_id,u1_0.frst_regist_pnttm,u1_0.detail_adres,u1_0.email_adres,u1_0.emplyr_sttus_code,u1_0.empl_no,u1_0.esntl_id,u1_0.fxnum,u1_0.group_id,u1_0.house_adres,u1_0.house_end_telno,u1_0.house_middle_telno,u1_0.ihidnum,u1_0.pstinst_code,u1_0.last_updusr_id,u1_0.last_updt_pnttm,u1_0.lock_at,u1_0.lock_cnt,u1_0.lock_last_pnttm,u1_0.mbtlnum,u1_0.ofcps_nm,u1_0.offm_telno,u1_0.orgnzt_id,u1_0.password,u1_0.password_cnsr,u1_0.password_hint,u1_0.chg_pwd_last_pnttm,u1_0.role,u1_0.sbscrb_de,u1_0.sexdstn_code,u1_0.crtfc_dn_value,u1_0.user_nm,u1_0.zip from nemplyrinfo u1_0 where u1_0.emplyr_id=?
2026-03-16 16:57:50 [http-nio-8080-exec-6] DEBUG o.s.orm.jpa.JpaTransactionManager - Exposing JPA transaction as JDBC [org.springframework.orm.jpa.vendor.HibernateJpaDialect$HibernateConnectionHandle@6a55036d]
2026-03-16 16:57:50 [http-nio-8080-exec-6] DEBUG o.s.orm.jpa.JpaTransactionManager - Found thread-bound EntityManager [SessionImpl(10390876<open>)] for JPA transaction
2026-03-16 16:57:50 [http-nio-8080-exec-6] DEBUG o.s.orm.jpa.JpaTransactionManager - Participating in existing transaction
2026-03-16 16:57:50 [http-nio-8080-exec-6] DEBUG org.hibernate.SQL - select u1_0.emplyr_id,u1_0.area_no,u1_0.brthdy,u1_0.chg_pwd_cnt,u1_0.frst_register_id,u1_0.frst_regist_pnttm,u1_0.detail_adres,u1_0.email_adres,u1_0.emplyr_sttus_code,u1_0.empl_no,u1_0.esntl_id,u1_0.fxnum,u1_0.group_id,u1_0.house_adres,u1_0.house_end_telno,u1_0.house_middle_telno,u1_0.ihidnum,u1_0.pstinst_code,u1_0.last_updusr_id,u1_0.last_updt_pnttm,u1_0.lock_at,u1_0.lock_cnt,u1_0.lock_last_pnttm,u1_0.mbtlnum,u1_0.ofcps_nm,u1_0.offm_telno,u1_0.orgnzt_id,u1_0.password,u1_0.password_cnsr,u1_0.password_hint,u1_0.chg_pwd_last_pnttm,u1_0.role,u1_0.sbscrb_de,u1_0.sexdstn_code,u1_0.crtfc_dn_value,u1_0.user_nm,u1_0.zip from nemplyrinfo u1_0 where u1_0.emplyr_id=?
2026-03-16 16:57:50 [http-nio-8080-exec-3] DEBUG o.s.orm.jpa.JpaTransactionManager - Exposing JPA transaction as JDBC [org.springframework.orm.jpa.vendor.HibernateJpaDialect$HibernateConnectionHandle@a7e7d7c]
2026-03-16 16:57:50 [http-nio-8080-exec-3] DEBUG o.s.orm.jpa.JpaTransactionManager - Found thread-bound EntityManager [SessionImpl(1985488701<open>)] for JPA transaction
2026-03-16 16:57:50 [http-nio-8080-exec-3] DEBUG o.s.orm.jpa.JpaTransactionManager - Participating in existing transaction
2026-03-16 16:57:50 [http-nio-8080-exec-3] DEBUG org.hibernate.SQL - select u1_0.emplyr_id,u1_0.area_no,u1_0.brthdy,u1_0.chg_pwd_cnt,u1_0.frst_register_id,u1_0.frst_regist_pnttm,u1_0.detail_adres,u1_0.email_adres,u1_0.emplyr_sttus_code,u1_0.empl_no,u1_0.esntl_id,u1_0.fxnum,u1_0.group_id,u1_0.house_adres,u1_0.house_end_telno,u1_0.house_middle_telno,u1_0.ihidnum,u1_0.pstinst_code,u1_0.last_updusr_id,u1_0.last_updt_pnttm,u1_0.lock_at,u1_0.lock_cnt,u1_0.lock_last_pnttm,u1_0.mbtlnum,u1_0.ofcps_nm,u1_0.offm_telno,u1_0.orgnzt_id,u1_0.password,u1_0.password_cnsr,u1_0.password_hint,u1_0.chg_pwd_last_pnttm,u1_0.role,u1_0.sbscrb_de,u1_0.sexdstn_code,u1_0.crtfc_dn_value,u1_0.user_nm,u1_0.zip from nemplyrinfo u1_0 where u1_0.emplyr_id=?
2026-03-16 16:57:50 [http-nio-8080-exec-4] DEBUG o.s.orm.jpa.JpaTransactionManager - Found thread-bound EntityManager [SessionImpl(1214111731<open>)] for JPA transaction
2026-03-16 16:57:50 [http-nio-8080-exec-4] DEBUG o.s.orm.jpa.JpaTransactionManager - Participating in existing transaction
2026-03-16 16:57:50 [http-nio-8080-exec-1] DEBUG o.s.orm.jpa.JpaTransactionManager - Found thread-bound EntityManager [SessionImpl(1191178432<open>)] for JPA transaction
2026-03-16 16:57:50 [http-nio-8080-exec-1] DEBUG o.s.orm.jpa.JpaTransactionManager - Participating in existing transaction
2026-03-16 16:57:50 [http-nio-8080-exec-1] DEBUG org.hibernate.SQL - select ua1_0.scrty_dtrmn_trget_id,ua1_0.author_code,ua1_0.frst_register_id,ua1_0.frst_regist_pnttm,ua1_0.last_updusr_id,ua1_0.last_updt_pnttm,ua1_0.mber_ty_code from nemplyrscrtyestbs ua1_0 where ua1_0.scrty_dtrmn_trget_id=?
2026-03-16 16:57:50 [http-nio-8080-exec-4] DEBUG org.hibernate.SQL - select ua1_0.scrty_dtrmn_trget_id,ua1_0.author_code,ua1_0.frst_register_id,ua1_0.frst_regist_pnttm,ua1_0.last_updusr_id,ua1_0.last_updt_pnttm,ua1_0.mber_ty_code from nemplyrscrtyestbs ua1_0 where ua1_0.scrty_dtrmn_trget_id=?
2026-03-16 16:57:50 [http-nio-8080-exec-9] DEBUG o.s.orm.jpa.JpaTransactionManager - Found thread-bound EntityManager [SessionImpl(1252590057<open>)] for JPA transaction
2026-03-16 16:57:50 [http-nio-8080-exec-9] DEBUG o.s.orm.jpa.JpaTransactionManager - Participating in existing transaction
2026-03-16 16:57:50 [http-nio-8080-exec-9] DEBUG org.hibernate.SQL - select ua1_0.scrty_dtrmn_trget_id,ua1_0.author_code,ua1_0.frst_register_id,ua1_0.frst_regist_pnttm,ua1_0.last_updusr_id,ua1_0.last_updt_pnttm,ua1_0.mber_ty_code from nemplyrscrtyestbs ua1_0 where ua1_0.scrty_dtrmn_trget_id=?
2026-03-16 16:57:50 [http-nio-8080-exec-6] DEBUG o.s.orm.jpa.JpaTransactionManager - Found thread-bound EntityManager [SessionImpl(10390876<open>)] for JPA transaction
2026-03-16 16:57:50 [http-nio-8080-exec-6] DEBUG o.s.orm.jpa.JpaTransactionManager - Participating in existing transaction
2026-03-16 16:57:50 [http-nio-8080-exec-6] DEBUG org.hibernate.SQL - select ua1_0.scrty_dtrmn_trget_id,ua1_0.author_code,ua1_0.frst_register_id,ua1_0.frst_regist_pnttm,ua1_0.last_updusr_id,ua1_0.last_updt_pnttm,ua1_0.mber_ty_code from nemplyrscrtyestbs ua1_0 where ua1_0.scrty_dtrmn_trget_id=?
2026-03-16 16:57:50 [http-nio-8080-exec-3] DEBUG o.s.orm.jpa.JpaTransactionManager - Found thread-bound EntityManager [SessionImpl(1985488701<open>)] for JPA transaction
2026-03-16 16:57:50 [http-nio-8080-exec-3] DEBUG o.s.orm.jpa.JpaTransactionManager - Participating in existing transaction
2026-03-16 16:57:50 [http-nio-8080-exec-3] DEBUG org.hibernate.SQL - select ua1_0.scrty_dtrmn_trget_id,ua1_0.author_code,ua1_0.frst_register_id,ua1_0.frst_regist_pnttm,ua1_0.last_updusr_id,ua1_0.last_updt_pnttm,ua1_0.mber_ty_code from nemplyrscrtyestbs ua1_0 where ua1_0.scrty_dtrmn_trget_id=?
2026-03-16 16:57:50 [http-nio-8080-exec-1] DEBUG o.s.orm.jpa.JpaTransactionManager - Initiating transaction commit
2026-03-16 16:57:50 [http-nio-8080-exec-4] DEBUG o.s.orm.jpa.JpaTransactionManager - Initiating transaction commit
2026-03-16 16:57:50 [http-nio-8080-exec-1] DEBUG o.s.orm.jpa.JpaTransactionManager - Committing JPA transaction on EntityManager [SessionImpl(1191178432<open>)]
2026-03-16 16:57:50 [http-nio-8080-exec-4] DEBUG o.s.orm.jpa.JpaTransactionManager - Committing JPA transaction on EntityManager [SessionImpl(1214111731<open>)]
2026-03-16 16:57:50 [http-nio-8080-exec-9] DEBUG o.s.orm.jpa.JpaTransactionManager - Initiating transaction commit
2026-03-16 16:57:50 [http-nio-8080-exec-9] DEBUG o.s.orm.jpa.JpaTransactionManager - Committing JPA transaction on EntityManager [SessionImpl(1252590057<open>)]
2026-03-16 16:57:50 [http-nio-8080-exec-6] DEBUG o.s.orm.jpa.JpaTransactionManager - Initiating transaction commit
2026-03-16 16:57:50 [http-nio-8080-exec-6] DEBUG o.s.orm.jpa.JpaTransactionManager - Committing JPA transaction on EntityManager [SessionImpl(10390876<open>)]
2026-03-16 16:57:50 [http-nio-8080-exec-3] DEBUG o.s.orm.jpa.JpaTransactionManager - Initiating transaction commit
2026-03-16 16:57:50 [http-nio-8080-exec-3] DEBUG o.s.orm.jpa.JpaTransactionManager - Committing JPA transaction on EntityManager [SessionImpl(1985488701<open>)]
2026-03-16 16:57:50 [http-nio-8080-exec-1] DEBUG o.s.orm.jpa.JpaTransactionManager - Closing JPA EntityManager [SessionImpl(1191178432<open>)] after transaction
2026-03-16 16:57:50 [http-nio-8080-exec-9] DEBUG o.s.orm.jpa.JpaTransactionManager - Closing JPA EntityManager [SessionImpl(1252590057<open>)] after transaction
2026-03-16 16:57:50 [http-nio-8080-exec-4] DEBUG o.s.orm.jpa.JpaTransactionManager - Closing JPA EntityManager [SessionImpl(1214111731<open>)] after transaction
2026-03-16 16:57:50 [http-nio-8080-exec-1] DEBUG c.c.p.s.jwt.JwtAuthenticationFilter - >>> [JwtFilter] Successfully authenticated user: USRCNFRM_99999999999, Authorities: [ROLE_ADMIN]
2026-03-16 16:57:50 [http-nio-8080-exec-4] DEBUG c.c.p.s.jwt.JwtAuthenticationFilter - >>> [JwtFilter] Successfully authenticated user: USRCNFRM_99999999999, Authorities: [ROLE_ADMIN]
2026-03-16 16:57:50 [http-nio-8080-exec-9] DEBUG c.c.p.s.jwt.JwtAuthenticationFilter - >>> [JwtFilter] Successfully authenticated user: USRCNFRM_99999999999, Authorities: [ROLE_ADMIN]
2026-03-16 16:57:50 [http-nio-8080-exec-1] DEBUG o.s.web.servlet.DispatcherServlet - GET "/api/v1/menu/left?menuNo=50", parameters={masked}
2026-03-16 16:57:50 [http-nio-8080-exec-4] DEBUG o.s.web.servlet.DispatcherServlet - GET "/api/v1/menu/left?menuNo=20", parameters={masked}
2026-03-16 16:57:50 [http-nio-8080-exec-1] TRACE o.s.w.s.m.m.a.RequestMappingHandlerMapping - Mapped to com.company.project.api.controller.menu.MenuController#getLeftMenu(Long)
2026-03-16 16:57:50 [http-nio-8080-exec-9] DEBUG o.s.web.servlet.DispatcherServlet - GET "/api/v1/menu/left?menuNo=60", parameters={masked}
2026-03-16 16:57:50 [http-nio-8080-exec-4] TRACE o.s.w.s.m.m.a.RequestMappingHandlerMapping - Mapped to com.company.project.api.controller.menu.MenuController#getLeftMenu(Long)
2026-03-16 16:57:50 [http-nio-8080-exec-1] INFO  c.c.p.a.c.menu.MenuController - getLeftMenu called with menuNo=50
2026-03-16 16:57:50 [http-nio-8080-exec-4] INFO  c.c.p.a.c.menu.MenuController - getLeftMenu called with menuNo=20
2026-03-16 16:57:50 [http-nio-8080-exec-9] TRACE o.s.w.s.m.m.a.RequestMappingHandlerMapping - Mapped to com.company.project.api.controller.menu.MenuController#getLeftMenu(Long)
2026-03-16 16:57:50 [http-nio-8080-exec-1] DEBUG o.s.orm.jpa.JpaTransactionManager - Creating new transaction with name [com.company.project.service.menu.MenuService.getSubMenus]: PROPAGATION_REQUIRED,ISOLATION_DEFAULT,readOnly
2026-03-16 16:57:50 [http-nio-8080-exec-4] DEBUG o.s.orm.jpa.JpaTransactionManager - Creating new transaction with name [com.company.project.service.menu.MenuService.getSubMenus]: PROPAGATION_REQUIRED,ISOLATION_DEFAULT,readOnly
2026-03-16 16:57:50 [http-nio-8080-exec-9] INFO  c.c.p.a.c.menu.MenuController - getLeftMenu called with menuNo=60
2026-03-16 16:57:50 [http-nio-8080-exec-9] DEBUG o.s.orm.jpa.JpaTransactionManager - Creating new transaction with name [com.company.project.service.menu.MenuService.getSubMenus]: PROPAGATION_REQUIRED,ISOLATION_DEFAULT,readOnly
2026-03-16 16:57:50 [http-nio-8080-exec-4] DEBUG o.s.orm.jpa.JpaTransactionManager - Opened new EntityManager [SessionImpl(457933643<open>)] for JPA transaction
2026-03-16 16:57:50 [http-nio-8080-exec-9] DEBUG o.s.orm.jpa.JpaTransactionManager - Opened new EntityManager [SessionImpl(1068694477<open>)] for JPA transaction
2026-03-16 16:57:50 [http-nio-8080-exec-9] DEBUG o.s.orm.jpa.JpaTransactionManager - Exposing JPA transaction as JDBC [org.springframework.orm.jpa.vendor.HibernateJpaDialect$HibernateConnectionHandle@4f3d788]
2026-03-16 16:57:50 [http-nio-8080-exec-4] DEBUG o.s.orm.jpa.JpaTransactionManager - Exposing JPA transaction as JDBC [org.springframework.orm.jpa.vendor.HibernateJpaDialect$HibernateConnectionHandle@203bc261]
2026-03-16 16:57:50 [http-nio-8080-exec-1] DEBUG o.s.orm.jpa.JpaTransactionManager - Opened new EntityManager [SessionImpl(314313436<open>)] for JPA transaction
2026-03-16 16:57:50 [http-nio-8080-exec-1] DEBUG o.s.orm.jpa.JpaTransactionManager - Exposing JPA transaction as JDBC [org.springframework.orm.jpa.vendor.HibernateJpaDialect$HibernateConnectionHandle@2f12baa1]
2026-03-16 16:57:50 [http-nio-8080-exec-9] DEBUG org.hibernate.SQL - select m1_0.menu_no,m1_0.menu_dc,m1_0.menu_nm,m1_0.menu_ordr,m1_0.modern_route,m1_0.progrm_file_nm,m1_0.relate_image_nm,m1_0.relate_image_path,m1_0.route_updated_at,m1_0.upper_menu_no from nmenuinfo m1_0 order by m1_0.upper_menu_no,m1_0.menu_ordr
2026-03-16 16:57:50 [http-nio-8080-exec-4] DEBUG org.hibernate.SQL - select m1_0.menu_no,m1_0.menu_dc,m1_0.menu_nm,m1_0.menu_ordr,m1_0.modern_route,m1_0.progrm_file_nm,m1_0.relate_image_nm,m1_0.relate_image_path,m1_0.route_updated_at,m1_0.upper_menu_no from nmenuinfo m1_0 order by m1_0.upper_menu_no,m1_0.menu_ordr
2026-03-16 16:57:50 [http-nio-8080-exec-1] DEBUG org.hibernate.SQL - select m1_0.menu_no,m1_0.menu_dc,m1_0.menu_nm,m1_0.menu_ordr,m1_0.modern_route,m1_0.progrm_file_nm,m1_0.relate_image_nm,m1_0.relate_image_path,m1_0.route_updated_at,m1_0.upper_menu_no from nmenuinfo m1_0 order by m1_0.upper_menu_no,m1_0.menu_ordr
2026-03-16 16:57:50 [http-nio-8080-exec-6] DEBUG o.s.orm.jpa.JpaTransactionManager - Closing JPA EntityManager [SessionImpl(10390876<open>)] after transaction
2026-03-16 16:57:50 [http-nio-8080-exec-6] DEBUG c.c.p.s.jwt.JwtAuthenticationFilter - >>> [JwtFilter] Successfully authenticated user: USRCNFRM_99999999999, Authorities: [ROLE_ADMIN]
2026-03-16 16:57:50 [http-nio-8080-exec-6] DEBUG o.s.web.servlet.DispatcherServlet - GET "/api/v1/menu/left?menuNo=10", parameters={masked}
2026-03-16 16:57:50 [http-nio-8080-exec-6] TRACE o.s.w.s.m.m.a.RequestMappingHandlerMapping - Mapped to com.company.project.api.controller.menu.MenuController#getLeftMenu(Long)
2026-03-16 16:57:50 [http-nio-8080-exec-6] INFO  c.c.p.a.c.menu.MenuController - getLeftMenu called with menuNo=10
2026-03-16 16:57:50 [http-nio-8080-exec-6] DEBUG o.s.orm.jpa.JpaTransactionManager - Creating new transaction with name [com.company.project.service.menu.MenuService.getSubMenus]: PROPAGATION_REQUIRED,ISOLATION_DEFAULT,readOnly
2026-03-16 16:57:50 [http-nio-8080-exec-6] DEBUG o.s.orm.jpa.JpaTransactionManager - Opened new EntityManager [SessionImpl(1059176361<open>)] for JPA transaction
2026-03-16 16:57:50 [http-nio-8080-exec-6] DEBUG o.s.orm.jpa.JpaTransactionManager - Exposing JPA transaction as JDBC [org.springframework.orm.jpa.vendor.HibernateJpaDialect$HibernateConnectionHandle@cf45815]
2026-03-16 16:57:50 [http-nio-8080-exec-6] DEBUG org.hibernate.SQL - select m1_0.menu_no,m1_0.menu_dc,m1_0.menu_nm,m1_0.menu_ordr,m1_0.modern_route,m1_0.progrm_file_nm,m1_0.relate_image_nm,m1_0.relate_image_path,m1_0.route_updated_at,m1_0.upper_menu_no from nmenuinfo m1_0 order by m1_0.upper_menu_no,m1_0.menu_ordr
2026-03-16 16:57:50 [http-nio-8080-exec-3] DEBUG o.s.orm.jpa.JpaTransactionManager - Closing JPA EntityManager [SessionImpl(1985488701<open>)] after transaction
2026-03-16 16:57:50 [http-nio-8080-exec-3] DEBUG c.c.p.s.jwt.JwtAuthenticationFilter - >>> [JwtFilter] Successfully authenticated user: USRCNFRM_99999999999, Authorities: [ROLE_ADMIN]
2026-03-16 16:57:50 [http-nio-8080-exec-3] DEBUG o.s.web.servlet.DispatcherServlet - GET "/api/v1/menu/left?menuNo=40", parameters={masked}
2026-03-16 16:57:50 [http-nio-8080-exec-3] TRACE o.s.w.s.m.m.a.RequestMappingHandlerMapping - Mapped to com.company.project.api.controller.menu.MenuController#getLeftMenu(Long)
2026-03-16 16:57:50 [http-nio-8080-exec-3] INFO  c.c.p.a.c.menu.MenuController - getLeftMenu called with menuNo=40
2026-03-16 16:57:50 [http-nio-8080-exec-3] DEBUG o.s.orm.jpa.JpaTransactionManager - Creating new transaction with name [com.company.project.service.menu.MenuService.getSubMenus]: PROPAGATION_REQUIRED,ISOLATION_DEFAULT,readOnly
2026-03-16 16:57:50 [http-nio-8080-exec-3] DEBUG o.s.orm.jpa.JpaTransactionManager - Opened new EntityManager [SessionImpl(1541718148<open>)] for JPA transaction
2026-03-16 16:57:50 [http-nio-8080-exec-3] DEBUG o.s.orm.jpa.JpaTransactionManager - Exposing JPA transaction as JDBC [org.springframework.orm.jpa.vendor.HibernateJpaDialect$HibernateConnectionHandle@4bb49140]
2026-03-16 16:57:50 [http-nio-8080-exec-3] DEBUG org.hibernate.SQL - select m1_0.menu_no,m1_0.menu_dc,m1_0.menu_nm,m1_0.menu_ordr,m1_0.modern_route,m1_0.progrm_file_nm,m1_0.relate_image_nm,m1_0.relate_image_path,m1_0.route_updated_at,m1_0.upper_menu_no from nmenuinfo m1_0 order by m1_0.upper_menu_no,m1_0.menu_ordr
2026-03-16 16:57:51 [http-nio-8080-exec-4] DEBUG o.s.orm.jpa.JpaTransactionManager - Found thread-bound EntityManager [SessionImpl(457933643<open>)] for JPA transaction
2026-03-16 16:57:51 [http-nio-8080-exec-4] DEBUG o.s.orm.jpa.JpaTransactionManager - Participating in existing transaction
2026-03-16 16:57:51 [http-nio-8080-exec-4] DEBUG org.hibernate.SQL - select p1_0.progrm_file_nm,p1_0.progrm_dc,p1_0.progrm_korean_nm,p1_0.progrm_stre_path,p1_0.url from nprogrmlist p1_0
2026-03-16 16:57:51 [http-nio-8080-exec-1] DEBUG o.s.orm.jpa.JpaTransactionManager - Found thread-bound EntityManager [SessionImpl(314313436<open>)] for JPA transaction
2026-03-16 16:57:51 [http-nio-8080-exec-1] DEBUG o.s.orm.jpa.JpaTransactionManager - Participating in existing transaction
2026-03-16 16:57:51 [http-nio-8080-exec-1] DEBUG org.hibernate.SQL - select p1_0.progrm_file_nm,p1_0.progrm_dc,p1_0.progrm_korean_nm,p1_0.progrm_stre_path,p1_0.url from nprogrmlist p1_0
2026-03-16 16:57:51 [http-nio-8080-exec-9] DEBUG o.s.orm.jpa.JpaTransactionManager - Found thread-bound EntityManager [SessionImpl(1068694477<open>)] for JPA transaction
2026-03-16 16:57:51 [http-nio-8080-exec-9] DEBUG o.s.orm.jpa.JpaTransactionManager - Participating in existing transaction
2026-03-16 16:57:51 [http-nio-8080-exec-9] DEBUG org.hibernate.SQL - select p1_0.progrm_file_nm,p1_0.progrm_dc,p1_0.progrm_korean_nm,p1_0.progrm_stre_path,p1_0.url from nprogrmlist p1_0
2026-03-16 16:57:51 [http-nio-8080-exec-6] DEBUG o.s.orm.jpa.JpaTransactionManager - Found thread-bound EntityManager [SessionImpl(1059176361<open>)] for JPA transaction
2026-03-16 16:57:51 [http-nio-8080-exec-6] DEBUG o.s.orm.jpa.JpaTransactionManager - Participating in existing transaction
2026-03-16 16:57:51 [http-nio-8080-exec-3] DEBUG o.s.orm.jpa.JpaTransactionManager - Found thread-bound EntityManager [SessionImpl(1541718148<open>)] for JPA transaction
2026-03-16 16:57:51 [http-nio-8080-exec-3] DEBUG o.s.orm.jpa.JpaTransactionManager - Participating in existing transaction
2026-03-16 16:57:51 [http-nio-8080-exec-3] DEBUG org.hibernate.SQL - select p1_0.progrm_file_nm,p1_0.progrm_dc,p1_0.progrm_korean_nm,p1_0.progrm_stre_path,p1_0.url from nprogrmlist p1_0
2026-03-16 16:57:51 [http-nio-8080-exec-6] DEBUG org.hibernate.SQL - select p1_0.progrm_file_nm,p1_0.progrm_dc,p1_0.progrm_korean_nm,p1_0.progrm_stre_path,p1_0.url from nprogrmlist p1_0
2026-03-16 16:57:51 [http-nio-8080-exec-1] DEBUG o.s.orm.jpa.JpaTransactionManager - Initiating transaction commit
2026-03-16 16:57:51 [http-nio-8080-exec-4] DEBUG o.s.orm.jpa.JpaTransactionManager - Initiating transaction commit
2026-03-16 16:57:51 [http-nio-8080-exec-1] DEBUG o.s.orm.jpa.JpaTransactionManager - Committing JPA transaction on EntityManager [SessionImpl(314313436<open>)]
2026-03-16 16:57:51 [http-nio-8080-exec-4] DEBUG o.s.orm.jpa.JpaTransactionManager - Committing JPA transaction on EntityManager [SessionImpl(457933643<open>)]
2026-03-16 16:57:51 [http-nio-8080-exec-6] DEBUG o.s.orm.jpa.JpaTransactionManager - Initiating transaction commit
2026-03-16 16:57:51 [http-nio-8080-exec-6] DEBUG o.s.orm.jpa.JpaTransactionManager - Committing JPA transaction on EntityManager [SessionImpl(1059176361<open>)]
2026-03-16 16:57:51 [http-nio-8080-exec-3] DEBUG o.s.orm.jpa.JpaTransactionManager - Initiating transaction commit
2026-03-16 16:57:51 [http-nio-8080-exec-3] DEBUG o.s.orm.jpa.JpaTransactionManager - Committing JPA transaction on EntityManager [SessionImpl(1541718148<open>)]
2026-03-16 16:57:51 [http-nio-8080-exec-9] DEBUG o.s.orm.jpa.JpaTransactionManager - Initiating transaction commit
2026-03-16 16:57:51 [http-nio-8080-exec-9] DEBUG o.s.orm.jpa.JpaTransactionManager - Committing JPA transaction on EntityManager [SessionImpl(1068694477<open>)]
2026-03-16 16:57:51 [http-nio-8080-exec-4] DEBUG o.s.orm.jpa.JpaTransactionManager - Closing JPA EntityManager [SessionImpl(457933643<open>)] after transaction
2026-03-16 16:57:51 [http-nio-8080-exec-4] INFO  c.c.p.a.c.menu.MenuController - getLeftMenu returned 3 items
2026-03-16 16:57:51 [http-nio-8080-exec-4] DEBUG o.s.w.s.m.m.a.HttpEntityMethodProcessor - Using 'application/json', given [application/json, text/plain, */*] and supported [application/json, application/*+json, application/yaml]
2026-03-16 16:57:51 [http-nio-8080-exec-4] TRACE o.s.w.s.m.m.a.HttpEntityMethodProcessor - Writing [ApiResponse[success=true, status=200, code=COMMON_001, message=Success, data={list=[com.company.project.service.menu.dto.MenuDto@52995fb0, com.company.project.service.menu.dto.MenuDto@1a9c0af2, com.company.project.service.menu.dto.MenuDto@1ca1abda]}, timestamp=2026-03-16T16:57:51.423629200]]
2026-03-16 16:57:51 [http-nio-8080-exec-4] INFO  c.c.p.a.i.OperationalAuditInterceptor - API Audit Log: URL=/api/v1/menu/left, User=webmaster, IP=0:0:0:0:0:0:0:1
2026-03-16 16:57:51 [http-nio-8080-exec-4] DEBUG o.s.web.servlet.DispatcherServlet - Completed 200 OK
2026-03-16 16:57:51 [http-nio-8080-exec-1] DEBUG o.s.orm.jpa.JpaTransactionManager - Closing JPA EntityManager [SessionImpl(314313436<open>)] after transaction
2026-03-16 16:57:51 [http-nio-8080-exec-1] INFO  c.c.p.a.c.menu.MenuController - getLeftMenu returned 3 items
2026-03-16 16:57:51 [http-nio-8080-exec-1] DEBUG o.s.w.s.m.m.a.HttpEntityMethodProcessor - Using 'application/json', given [application/json, text/plain, */*] and supported [application/json, application/*+json, application/yaml]
2026-03-16 16:57:51 [http-nio-8080-exec-1] TRACE o.s.w.s.m.m.a.HttpEntityMethodProcessor - Writing [ApiResponse[success=true, status=200, code=COMMON_001, message=Success, data={list=[com.company.project.service.menu.dto.MenuDto@75cc4519, com.company.project.service.menu.dto.MenuDto@1d51ffad, com.company.project.service.menu.dto.MenuDto@37aa231a]}, timestamp=2026-03-16T16:57:51.424630600]]
2026-03-16 16:57:51 [http-nio-8080-exec-1] INFO  c.c.p.a.i.OperationalAuditInterceptor - API Audit Log: URL=/api/v1/menu/left, User=webmaster, IP=0:0:0:0:0:0:0:1
2026-03-16 16:57:51 [http-nio-8080-exec-1] DEBUG o.s.web.servlet.DispatcherServlet - Completed 200 OK
2026-03-16 16:57:51 [http-nio-8080-exec-3] DEBUG o.s.orm.jpa.JpaTransactionManager - Closing JPA EntityManager [SessionImpl(1541718148<open>)] after transaction
2026-03-16 16:57:51 [http-nio-8080-exec-6] DEBUG o.s.orm.jpa.JpaTransactionManager - Closing JPA EntityManager [SessionImpl(1059176361<open>)] after transaction
2026-03-16 16:57:51 [http-nio-8080-exec-3] INFO  c.c.p.a.c.menu.MenuController - getLeftMenu returned 2 items
2026-03-16 16:57:51 [http-nio-8080-exec-6] INFO  c.c.p.a.c.menu.MenuController - getLeftMenu returned 5 items
2026-03-16 16:57:51 [http-nio-8080-exec-6] DEBUG o.s.w.s.m.m.a.HttpEntityMethodProcessor - Using 'application/json', given [application/json, text/plain, */*] and supported [application/json, application/*+json, application/yaml]
2026-03-16 16:57:51 [http-nio-8080-exec-3] DEBUG o.s.w.s.m.m.a.HttpEntityMethodProcessor - Using 'application/json', given [application/json, text/plain, */*] and supported [application/json, application/*+json, application/yaml]
2026-03-16 16:57:51 [http-nio-8080-exec-6] TRACE o.s.w.s.m.m.a.HttpEntityMethodProcessor - Writing [ApiResponse[success=true, status=200, code=COMMON_001, message=Success, data={list=[com.company.project.service.menu.dto.MenuDto@53a35d0f, com.company.project.service.menu.dto.MenuDto@29f8c123, com.company.project.service.menu.dto.MenuDto@5680c66b, com.company.project.service.menu.dto.MenuDto@41c3f30c, com.company.project.service.menu.dto.MenuDto@8c1951e]}, timestamp=2026-03-16T16:57:51.470471600]]
2026-03-16 16:57:51 [http-nio-8080-exec-3] TRACE o.s.w.s.m.m.a.HttpEntityMethodProcessor - Writing [ApiResponse[success=true, status=200, code=COMMON_001, message=Success, data={list=[com.company.project.service.menu.dto.MenuDto@673a32c7, com.company.project.service.menu.dto.MenuDto@635fea52]}, timestamp=2026-03-16T16:57:51.470471600]]
2026-03-16 16:57:51 [http-nio-8080-exec-3] INFO  c.c.p.a.i.OperationalAuditInterceptor - API Audit Log: URL=/api/v1/menu/left, User=webmaster, IP=0:0:0:0:0:0:0:1
2026-03-16 16:57:51 [http-nio-8080-exec-6] INFO  c.c.p.a.i.OperationalAuditInterceptor - API Audit Log: URL=/api/v1/menu/left, User=webmaster, IP=0:0:0:0:0:0:0:1
2026-03-16 16:57:51 [http-nio-8080-exec-3] DEBUG o.s.web.servlet.DispatcherServlet - Completed 200 OK
2026-03-16 16:57:51 [http-nio-8080-exec-6] DEBUG o.s.web.servlet.DispatcherServlet - Completed 200 OK
2026-03-16 16:57:51 [MessageBroker-10] DEBUG o.s.w.s.s.t.h.DefaultSockJsService - Closed 1 sessions: [r3akfzni]
2026-03-16 16:57:51 [http-nio-8080-exec-9] DEBUG o.s.orm.jpa.JpaTransactionManager - Closing JPA EntityManager [SessionImpl(1068694477<open>)] after transaction
2026-03-16 16:57:51 [http-nio-8080-exec-9] INFO  c.c.p.a.c.menu.MenuController - getLeftMenu returned 1 items
2026-03-16 16:57:51 [http-nio-8080-exec-9] DEBUG o.s.w.s.m.m.a.HttpEntityMethodProcessor - Using 'application/json', given [application/json, text/plain, */*] and supported [application/json, application/*+json, application/yaml]
2026-03-16 16:57:51 [http-nio-8080-exec-9] TRACE o.s.w.s.m.m.a.HttpEntityMethodProcessor - Writing [ApiResponse[success=true, status=200, code=COMMON_001, message=Success, data={list=[com.company.project.service.menu.dto.MenuDto@231738e8]}, timestamp=2026-03-16T16:57:51.571452300]]
2026-03-16 16:57:51 [http-nio-8080-exec-9] INFO  c.c.p.a.i.OperationalAuditInterceptor - API Audit Log: URL=/api/v1/menu/left, User=webmaster, IP=0:0:0:0:0:0:0:1
2026-03-16 16:57:51 [http-nio-8080-exec-9] DEBUG o.s.web.servlet.DispatcherServlet - Completed 200 OK
2026-03-16 16:57:51 [http-nio-8080-exec-7] DEBUG o.s.w.s.h.LoggingWebSocketHandlerDecorator - WebSocketServerSockJsSession[id=mv20l4fp] closed with CloseStatus[code=1000, reason=null]
2026-03-16 16:57:51 [http-nio-8080-exec-7] DEBUG o.s.w.s.m.SubProtocolWebSocketHandler - Clearing session mv20l4fp
2026-03-16 16:57:51 [scheduling-1] DEBUG org.springframework.web.SimpLogging - Processing DISCONNECT session=mv20l4fp
2026-03-16 16:57:51 [scheduling-1] DEBUG o.s.w.s.m.SubProtocolWebSocketHandler - No session for GenericMessage [payload=byte[0], headers={simpMessageType=DISCONNECT_ACK, simpDisconnectMessage=GenericMessage [payload=byte[0], headers={simpMessageType=DISCONNECT, stompCommand=DISCONNECT, simpSessionAttributes={org.springframework.messaging.simp.SimpAttributes.COMPLETED=true}, simpSessionId=mv20l4fp}], simpSessionId=mv20l4fp}]
2026-03-16 16:57:52 [http-nio-8080-exec-2] DEBUG c.c.p.s.jwt.JwtAuthenticationFilter - >>> [JwtFilter] Processing request: GET /api/v1/auth/me
2026-03-16 16:57:52 [http-nio-8080-exec-8] DEBUG c.c.p.s.jwt.JwtAuthenticationFilter - >>> [JwtFilter] Processing request: GET /api/v1/menu/left
2026-03-16 16:57:52 [http-nio-8080-exec-5] DEBUG c.c.p.s.jwt.JwtAuthenticationFilter - >>> [JwtFilter] Processing request: GET /api/v1/menu/head
2026-03-16 16:57:52 [http-nio-8080-exec-2] DEBUG c.c.p.s.jwt.JwtAuthenticationFilter - >>> [JwtFilter] Found token in header for path: /api/v1/auth/me
2026-03-16 16:57:52 [http-nio-8080-exec-8] DEBUG c.c.p.s.jwt.JwtAuthenticationFilter - >>> [JwtFilter] Found token in header for path: /api/v1/menu/left
2026-03-16 16:57:52 [http-nio-8080-exec-5] DEBUG c.c.p.s.jwt.JwtAuthenticationFilter - >>> [JwtFilter] Found token in header for path: /api/v1/menu/head
2026-03-16 16:57:52 [http-nio-8080-exec-2] DEBUG o.s.orm.jpa.JpaTransactionManager - Creating new transaction with name [com.company.project.security.iam.CustomUserDetailsService.loadUserByUsername]: PROPAGATION_REQUIRED,ISOLATION_DEFAULT,readOnly
2026-03-16 16:57:52 [http-nio-8080-exec-8] DEBUG o.s.orm.jpa.JpaTransactionManager - Creating new transaction with name [com.company.project.security.iam.CustomUserDetailsService.loadUserByUsername]: PROPAGATION_REQUIRED,ISOLATION_DEFAULT,readOnly
2026-03-16 16:57:52 [http-nio-8080-exec-2] DEBUG o.s.orm.jpa.JpaTransactionManager - Opened new EntityManager [SessionImpl(1681147013<open>)] for JPA transaction
2026-03-16 16:57:52 [http-nio-8080-exec-8] DEBUG o.s.orm.jpa.JpaTransactionManager - Opened new EntityManager [SessionImpl(1242392840<open>)] for JPA transaction
2026-03-16 16:57:52 [http-nio-8080-exec-5] DEBUG o.s.orm.jpa.JpaTransactionManager - Creating new transaction with name [com.company.project.security.iam.CustomUserDetailsService.loadUserByUsername]: PROPAGATION_REQUIRED,ISOLATION_DEFAULT,readOnly
2026-03-16 16:57:52 [http-nio-8080-exec-5] DEBUG o.s.orm.jpa.JpaTransactionManager - Opened new EntityManager [SessionImpl(1094057827<open>)] for JPA transaction
2026-03-16 16:57:52 [http-nio-8080-exec-2] DEBUG o.s.orm.jpa.JpaTransactionManager - Exposing JPA transaction as JDBC [org.springframework.orm.jpa.vendor.HibernateJpaDialect$HibernateConnectionHandle@1063f9d6]
2026-03-16 16:57:52 [http-nio-8080-exec-2] DEBUG o.s.orm.jpa.JpaTransactionManager - Found thread-bound EntityManager [SessionImpl(1681147013<open>)] for JPA transaction
2026-03-16 16:57:52 [http-nio-8080-exec-2] DEBUG o.s.orm.jpa.JpaTransactionManager - Participating in existing transaction
2026-03-16 16:57:52 [http-nio-8080-exec-2] DEBUG org.hibernate.SQL - select u1_0.emplyr_id,u1_0.area_no,u1_0.brthdy,u1_0.chg_pwd_cnt,u1_0.frst_register_id,u1_0.frst_regist_pnttm,u1_0.detail_adres,u1_0.email_adres,u1_0.emplyr_sttus_code,u1_0.empl_no,u1_0.esntl_id,u1_0.fxnum,u1_0.group_id,u1_0.house_adres,u1_0.house_end_telno,u1_0.house_middle_telno,u1_0.ihidnum,u1_0.pstinst_code,u1_0.last_updusr_id,u1_0.last_updt_pnttm,u1_0.lock_at,u1_0.lock_cnt,u1_0.lock_last_pnttm,u1_0.mbtlnum,u1_0.ofcps_nm,u1_0.offm_telno,u1_0.orgnzt_id,u1_0.password,u1_0.password_cnsr,u1_0.password_hint,u1_0.chg_pwd_last_pnttm,u1_0.role,u1_0.sbscrb_de,u1_0.sexdstn_code,u1_0.crtfc_dn_value,u1_0.user_nm,u1_0.zip from nemplyrinfo u1_0 where u1_0.emplyr_id=?
2026-03-16 16:57:52 [http-nio-8080-exec-8] DEBUG o.s.orm.jpa.JpaTransactionManager - Exposing JPA transaction as JDBC [org.springframework.orm.jpa.vendor.HibernateJpaDialect$HibernateConnectionHandle@66307839]
2026-03-16 16:57:52 [http-nio-8080-exec-8] DEBUG o.s.orm.jpa.JpaTransactionManager - Found thread-bound EntityManager [SessionImpl(1242392840<open>)] for JPA transaction
2026-03-16 16:57:52 [http-nio-8080-exec-8] DEBUG o.s.orm.jpa.JpaTransactionManager - Participating in existing transaction
2026-03-16 16:57:52 [http-nio-8080-exec-8] DEBUG org.hibernate.SQL - select u1_0.emplyr_id,u1_0.area_no,u1_0.brthdy,u1_0.chg_pwd_cnt,u1_0.frst_register_id,u1_0.frst_regist_pnttm,u1_0.detail_adres,u1_0.email_adres,u1_0.emplyr_sttus_code,u1_0.empl_no,u1_0.esntl_id,u1_0.fxnum,u1_0.group_id,u1_0.house_adres,u1_0.house_end_telno,u1_0.house_middle_telno,u1_0.ihidnum,u1_0.pstinst_code,u1_0.last_updusr_id,u1_0.last_updt_pnttm,u1_0.lock_at,u1_0.lock_cnt,u1_0.lock_last_pnttm,u1_0.mbtlnum,u1_0.ofcps_nm,u1_0.offm_telno,u1_0.orgnzt_id,u1_0.password,u1_0.password_cnsr,u1_0.password_hint,u1_0.chg_pwd_last_pnttm,u1_0.role,u1_0.sbscrb_de,u1_0.sexdstn_code,u1_0.crtfc_dn_value,u1_0.user_nm,u1_0.zip from nemplyrinfo u1_0 where u1_0.emplyr_id=?
2026-03-16 16:57:52 [http-nio-8080-exec-5] DEBUG o.s.orm.jpa.JpaTransactionManager - Exposing JPA transaction as JDBC [org.springframework.orm.jpa.vendor.HibernateJpaDialect$HibernateConnectionHandle@6c9d7a93]
2026-03-16 16:57:52 [http-nio-8080-exec-5] DEBUG o.s.orm.jpa.JpaTransactionManager - Found thread-bound EntityManager [SessionImpl(1094057827<open>)] for JPA transaction
2026-03-16 16:57:52 [http-nio-8080-exec-5] DEBUG o.s.orm.jpa.JpaTransactionManager - Participating in existing transaction
2026-03-16 16:57:52 [http-nio-8080-exec-5] DEBUG org.hibernate.SQL - select u1_0.emplyr_id,u1_0.area_no,u1_0.brthdy,u1_0.chg_pwd_cnt,u1_0.frst_register_id,u1_0.frst_regist_pnttm,u1_0.detail_adres,u1_0.email_adres,u1_0.emplyr_sttus_code,u1_0.empl_no,u1_0.esntl_id,u1_0.fxnum,u1_0.group_id,u1_0.house_adres,u1_0.house_end_telno,u1_0.house_middle_telno,u1_0.ihidnum,u1_0.pstinst_code,u1_0.last_updusr_id,u1_0.last_updt_pnttm,u1_0.lock_at,u1_0.lock_cnt,u1_0.lock_last_pnttm,u1_0.mbtlnum,u1_0.ofcps_nm,u1_0.offm_telno,u1_0.orgnzt_id,u1_0.password,u1_0.password_cnsr,u1_0.password_hint,u1_0.chg_pwd_last_pnttm,u1_0.role,u1_0.sbscrb_de,u1_0.sexdstn_code,u1_0.crtfc_dn_value,u1_0.user_nm,u1_0.zip from nemplyrinfo u1_0 where u1_0.emplyr_id=?
2026-03-16 16:57:52 [http-nio-8080-exec-2] DEBUG o.s.orm.jpa.JpaTransactionManager - Found thread-bound EntityManager [SessionImpl(1681147013<open>)] for JPA transaction
2026-03-16 16:57:52 [http-nio-8080-exec-2] DEBUG o.s.orm.jpa.JpaTransactionManager - Participating in existing transaction
2026-03-16 16:57:52 [http-nio-8080-exec-2] DEBUG org.hibernate.SQL - select ua1_0.scrty_dtrmn_trget_id,ua1_0.author_code,ua1_0.frst_register_id,ua1_0.frst_regist_pnttm,ua1_0.last_updusr_id,ua1_0.last_updt_pnttm,ua1_0.mber_ty_code from nemplyrscrtyestbs ua1_0 where ua1_0.scrty_dtrmn_trget_id=?
2026-03-16 16:57:52 [http-nio-8080-exec-8] DEBUG o.s.orm.jpa.JpaTransactionManager - Found thread-bound EntityManager [SessionImpl(1242392840<open>)] for JPA transaction
2026-03-16 16:57:52 [http-nio-8080-exec-8] DEBUG o.s.orm.jpa.JpaTransactionManager - Participating in existing transaction
2026-03-16 16:57:52 [http-nio-8080-exec-8] DEBUG org.hibernate.SQL - select ua1_0.scrty_dtrmn_trget_id,ua1_0.author_code,ua1_0.frst_register_id,ua1_0.frst_regist_pnttm,ua1_0.last_updusr_id,ua1_0.last_updt_pnttm,ua1_0.mber_ty_code from nemplyrscrtyestbs ua1_0 where ua1_0.scrty_dtrmn_trget_id=?
2026-03-16 16:57:52 [http-nio-8080-exec-5] DEBUG o.s.orm.jpa.JpaTransactionManager - Found thread-bound EntityManager [SessionImpl(1094057827<open>)] for JPA transaction
2026-03-16 16:57:52 [http-nio-8080-exec-5] DEBUG o.s.orm.jpa.JpaTransactionManager - Participating in existing transaction
2026-03-16 16:57:52 [http-nio-8080-exec-5] DEBUG org.hibernate.SQL - select ua1_0.scrty_dtrmn_trget_id,ua1_0.author_code,ua1_0.frst_register_id,ua1_0.frst_regist_pnttm,ua1_0.last_updusr_id,ua1_0.last_updt_pnttm,ua1_0.mber_ty_code from nemplyrscrtyestbs ua1_0 where ua1_0.scrty_dtrmn_trget_id=?
2026-03-16 16:57:52 [http-nio-8080-exec-2] DEBUG o.s.orm.jpa.JpaTransactionManager - Initiating transaction commit
2026-03-16 16:57:52 [http-nio-8080-exec-2] DEBUG o.s.orm.jpa.JpaTransactionManager - Committing JPA transaction on EntityManager [SessionImpl(1681147013<open>)]
2026-03-16 16:57:52 [http-nio-8080-exec-8] DEBUG o.s.orm.jpa.JpaTransactionManager - Initiating transaction commit
2026-03-16 16:57:52 [http-nio-8080-exec-8] DEBUG o.s.orm.jpa.JpaTransactionManager - Committing JPA transaction on EntityManager [SessionImpl(1242392840<open>)]
2026-03-16 16:57:52 [http-nio-8080-exec-5] DEBUG o.s.orm.jpa.JpaTransactionManager - Initiating transaction commit
2026-03-16 16:57:52 [http-nio-8080-exec-5] DEBUG o.s.orm.jpa.JpaTransactionManager - Committing JPA transaction on EntityManager [SessionImpl(1094057827<open>)]
2026-03-16 16:57:52 [http-nio-8080-exec-2] DEBUG o.s.orm.jpa.JpaTransactionManager - Closing JPA EntityManager [SessionImpl(1681147013<open>)] after transaction
2026-03-16 16:57:52 [http-nio-8080-exec-2] DEBUG c.c.p.s.jwt.JwtAuthenticationFilter - >>> [JwtFilter] Successfully authenticated user: USRCNFRM_99999999999, Authorities: [ROLE_ADMIN]
2026-03-16 16:57:52 [http-nio-8080-exec-2] DEBUG o.s.web.servlet.DispatcherServlet - GET "/api/v1/auth/me", parameters={}
2026-03-16 16:57:52 [http-nio-8080-exec-2] TRACE o.s.w.s.m.m.a.RequestMappingHandlerMapping - Mapped to com.company.project.api.auth.AuthController#getCurrentUser()
2026-03-16 16:57:52 [http-nio-8080-exec-2] DEBUG o.s.w.s.m.m.a.RequestResponseBodyMethodProcessor - Using 'application/json', given [application/json, text/plain, */*] and supported [application/json, application/*+json, application/yaml]
2026-03-16 16:57:52 [http-nio-8080-exec-2] TRACE o.s.w.s.m.m.a.RequestResponseBodyMethodProcessor - Writing [ApiResponse[success=true, status=200, code=COMMON_001, message=Success, data={role=ROLE_ADMIN, userSe=EMP, name=관리자, id=webmaster}, timestamp=2026-03-16T16:57:52.733109200]]
2026-03-16 16:57:52 [http-nio-8080-exec-2] INFO  c.c.p.a.i.OperationalAuditInterceptor - API Audit Log: URL=/api/v1/auth/me, User=webmaster, IP=127.0.0.1
2026-03-16 16:57:52 [http-nio-8080-exec-2] DEBUG o.s.web.servlet.DispatcherServlet - Completed 200 OK
2026-03-16 16:57:52 [http-nio-8080-exec-8] DEBUG o.s.orm.jpa.JpaTransactionManager - Closing JPA EntityManager [SessionImpl(1242392840<open>)] after transaction
2026-03-16 16:57:52 [http-nio-8080-exec-8] DEBUG c.c.p.s.jwt.JwtAuthenticationFilter - >>> [JwtFilter] Successfully authenticated user: USRCNFRM_99999999999, Authorities: [ROLE_ADMIN]
2026-03-16 16:57:52 [http-nio-8080-exec-8] DEBUG o.s.web.servlet.DispatcherServlet - GET "/api/v1/menu/left?menuNo=10", parameters={masked}
2026-03-16 16:57:52 [http-nio-8080-exec-8] TRACE o.s.w.s.m.m.a.RequestMappingHandlerMapping - Mapped to com.company.project.api.controller.menu.MenuController#getLeftMenu(Long)
2026-03-16 16:57:52 [http-nio-8080-exec-8] INFO  c.c.p.a.c.menu.MenuController - getLeftMenu called with menuNo=10
2026-03-16 16:57:52 [http-nio-8080-exec-8] DEBUG o.s.orm.jpa.JpaTransactionManager - Creating new transaction with name [com.company.project.service.menu.MenuService.getSubMenus]: PROPAGATION_REQUIRED,ISOLATION_DEFAULT,readOnly
2026-03-16 16:57:52 [http-nio-8080-exec-8] DEBUG o.s.orm.jpa.JpaTransactionManager - Opened new EntityManager [SessionImpl(1496711481<open>)] for JPA transaction
2026-03-16 16:57:52 [http-nio-8080-exec-8] DEBUG o.s.orm.jpa.JpaTransactionManager - Exposing JPA transaction as JDBC [org.springframework.orm.jpa.vendor.HibernateJpaDialect$HibernateConnectionHandle@4f8b61e4]
2026-03-16 16:57:52 [http-nio-8080-exec-8] DEBUG org.hibernate.SQL - select m1_0.menu_no,m1_0.menu_dc,m1_0.menu_nm,m1_0.menu_ordr,m1_0.modern_route,m1_0.progrm_file_nm,m1_0.relate_image_nm,m1_0.relate_image_path,m1_0.route_updated_at,m1_0.upper_menu_no from nmenuinfo m1_0 order by m1_0.upper_menu_no,m1_0.menu_ordr
2026-03-16 16:57:52 [http-nio-8080-exec-10] DEBUG o.s.web.servlet.DispatcherServlet - GET "/ws/info?t=1773647872749", parameters={masked}
2026-03-16 16:57:52 [http-nio-8080-exec-10] DEBUG o.s.w.s.s.s.WebSocketHandlerMapping - Mapped to org.springframework.web.socket.sockjs.support.SockJsHttpRequestHandler@3d80b7ba
2026-03-16 16:57:52 [http-nio-8080-exec-10] DEBUG o.s.w.s.s.t.h.DefaultSockJsService - Processing transport request: GET http://localhost:8080/ws/info?t=1773647872749
2026-03-16 16:57:52 [http-nio-8080-exec-10] DEBUG o.s.web.servlet.DispatcherServlet - Completed 200 OK
2026-03-16 16:57:52 [http-nio-8080-exec-10] DEBUG c.c.p.s.jwt.JwtAuthenticationFilter - >>> [JwtFilter] Processing request: GET /api/v1/notifications
2026-03-16 16:57:52 [http-nio-8080-exec-1] DEBUG c.c.p.s.jwt.JwtAuthenticationFilter - >>> [JwtFilter] Processing request: GET /api/v1/notifications/unread-count
2026-03-16 16:57:52 [http-nio-8080-exec-10] DEBUG c.c.p.s.jwt.JwtAuthenticationFilter - >>> [JwtFilter] Found token in header for path: /api/v1/notifications
2026-03-16 16:57:52 [http-nio-8080-exec-1] DEBUG c.c.p.s.jwt.JwtAuthenticationFilter - >>> [JwtFilter] Found token in header for path: /api/v1/notifications/unread-count
2026-03-16 16:57:52 [http-nio-8080-exec-10] DEBUG o.s.orm.jpa.JpaTransactionManager - Creating new transaction with name [com.company.project.security.iam.CustomUserDetailsService.loadUserByUsername]: PROPAGATION_REQUIRED,ISOLATION_DEFAULT,readOnly
2026-03-16 16:57:52 [http-nio-8080-exec-5] DEBUG o.s.orm.jpa.JpaTransactionManager - Closing JPA EntityManager [SessionImpl(1094057827<open>)] after transaction
2026-03-16 16:57:52 [http-nio-8080-exec-1] DEBUG o.s.orm.jpa.JpaTransactionManager - Creating new transaction with name [com.company.project.security.iam.CustomUserDetailsService.loadUserByUsername]: PROPAGATION_REQUIRED,ISOLATION_DEFAULT,readOnly
2026-03-16 16:57:52 [http-nio-8080-exec-10] DEBUG o.s.orm.jpa.JpaTransactionManager - Opened new EntityManager [SessionImpl(1205251860<open>)] for JPA transaction
2026-03-16 16:57:52 [http-nio-8080-exec-5] DEBUG c.c.p.s.jwt.JwtAuthenticationFilter - >>> [JwtFilter] Successfully authenticated user: USRCNFRM_99999999999, Authorities: [ROLE_ADMIN]
2026-03-16 16:57:52 [http-nio-8080-exec-1] DEBUG o.s.orm.jpa.JpaTransactionManager - Opened new EntityManager [SessionImpl(914021348<open>)] for JPA transaction
2026-03-16 16:57:52 [http-nio-8080-exec-5] DEBUG o.s.web.servlet.DispatcherServlet - GET "/api/v1/menu/head", parameters={}
2026-03-16 16:57:52 [http-nio-8080-exec-5] TRACE o.s.w.s.m.m.a.RequestMappingHandlerMapping - Mapped to com.company.project.api.controller.menu.MenuController#getHeadMenu()
2026-03-16 16:57:52 [http-nio-8080-exec-5] INFO  c.c.p.a.c.menu.MenuController - getHeadMenu called
2026-03-16 16:57:52 [http-nio-8080-exec-5] INFO  c.c.p.a.c.menu.MenuController - getHeadMenu returned 5 items
2026-03-16 16:57:52 [http-nio-8080-exec-5] DEBUG o.s.w.s.m.m.a.HttpEntityMethodProcessor - Using 'application/json', given [application/json, text/plain, */*] and supported [application/json, application/*+json, application/yaml]
2026-03-16 16:57:52 [http-nio-8080-exec-5] TRACE o.s.w.s.m.m.a.HttpEntityMethodProcessor - Writing [ApiResponse[success=true, status=200, code=COMMON_001, message=Success, data={list=[com.company.project.service.menu.dto.MenuDto@2b80d6b0, com.company.project.service.menu.dto.MenuDto@1418cfa3, com.company.project.service.menu.dto.MenuDto@f230bf1, com.company.project.service.menu.dto.MenuDto@734a7f6a, com.company.project.service.menu.dto.MenuDto@5e5202e5]}, timestamp=2026-03-16T16:57:52.756035800]]
2026-03-16 16:57:52 [http-nio-8080-exec-5] INFO  c.c.p.a.i.OperationalAuditInterceptor - API Audit Log: URL=/api/v1/menu/head, User=webmaster, IP=127.0.0.1
2026-03-16 16:57:52 [http-nio-8080-exec-5] DEBUG o.s.web.servlet.DispatcherServlet - Completed 200 OK
2026-03-16 16:57:52 [http-nio-8080-exec-3] DEBUG o.s.web.servlet.DispatcherServlet - GET "/ws/482/nxp10f1q/websocket", parameters={}
2026-03-16 16:57:52 [http-nio-8080-exec-3] DEBUG o.s.w.s.s.s.WebSocketHandlerMapping - Mapped to org.springframework.web.socket.sockjs.support.SockJsHttpRequestHandler@3d80b7ba
2026-03-16 16:57:52 [http-nio-8080-exec-3] DEBUG o.s.w.s.s.t.h.DefaultSockJsService - Processing transport request: GET http://localhost:8080/ws/482/nxp10f1q/websocket
2026-03-16 16:57:52 [http-nio-8080-exec-3] DEBUG o.s.web.servlet.DispatcherServlet - Completed 101 SWITCHING_PROTOCOLS
2026-03-16 16:57:52 [http-nio-8080-exec-3] DEBUG o.s.w.s.h.LoggingWebSocketHandlerDecorator - New WebSocketServerSockJsSession[id=nxp10f1q]
2026-03-16 16:57:52 [scheduling-1] DEBUG org.springframework.web.SimpLogging - Processing CONNECT session=nxp10f1q
2026-03-16 16:57:52 [scheduling-1] DEBUG org.springframework.web.SimpLogging - Processing SUBSCRIBE /topic/notices id=sub-0 session=nxp10f1q
2026-03-16 16:57:52 [scheduling-1] DEBUG org.springframework.web.SimpLogging - Processing SUBSCRIBE destination=/queue/notifications-usernxp10f1q subscriptionId=sub-1 session=nxp10f1q payload=byte[0]
2026-03-16 16:57:52 [scheduling-1] DEBUG org.springframework.web.SimpLogging - Processing SUBSCRIBE /topic/public id=sub-2 session=nxp10f1q
2026-03-16 16:57:52 [http-nio-8080-exec-1] DEBUG o.s.orm.jpa.JpaTransactionManager - Exposing JPA transaction as JDBC [org.springframework.orm.jpa.vendor.HibernateJpaDialect$HibernateConnectionHandle@2109b4bf]
2026-03-16 16:57:52 [http-nio-8080-exec-1] DEBUG o.s.orm.jpa.JpaTransactionManager - Found thread-bound EntityManager [SessionImpl(914021348<open>)] for JPA transaction
2026-03-16 16:57:52 [http-nio-8080-exec-1] DEBUG o.s.orm.jpa.JpaTransactionManager - Participating in existing transaction
2026-03-16 16:57:52 [http-nio-8080-exec-1] DEBUG org.hibernate.SQL - select u1_0.emplyr_id,u1_0.area_no,u1_0.brthdy,u1_0.chg_pwd_cnt,u1_0.frst_register_id,u1_0.frst_regist_pnttm,u1_0.detail_adres,u1_0.email_adres,u1_0.emplyr_sttus_code,u1_0.empl_no,u1_0.esntl_id,u1_0.fxnum,u1_0.group_id,u1_0.house_adres,u1_0.house_end_telno,u1_0.house_middle_telno,u1_0.ihidnum,u1_0.pstinst_code,u1_0.last_updusr_id,u1_0.last_updt_pnttm,u1_0.lock_at,u1_0.lock_cnt,u1_0.lock_last_pnttm,u1_0.mbtlnum,u1_0.ofcps_nm,u1_0.offm_telno,u1_0.orgnzt_id,u1_0.password,u1_0.password_cnsr,u1_0.password_hint,u1_0.chg_pwd_last_pnttm,u1_0.role,u1_0.sbscrb_de,u1_0.sexdstn_code,u1_0.crtfc_dn_value,u1_0.user_nm,u1_0.zip from nemplyrinfo u1_0 where u1_0.emplyr_id=?
2026-03-16 16:57:52 [http-nio-8080-exec-10] DEBUG o.s.orm.jpa.JpaTransactionManager - Exposing JPA transaction as JDBC [org.springframework.orm.jpa.vendor.HibernateJpaDialect$HibernateConnectionHandle@779bdf25]
2026-03-16 16:57:52 [http-nio-8080-exec-10] DEBUG o.s.orm.jpa.JpaTransactionManager - Found thread-bound EntityManager [SessionImpl(1205251860<open>)] for JPA transaction
2026-03-16 16:57:52 [http-nio-8080-exec-10] DEBUG o.s.orm.jpa.JpaTransactionManager - Participating in existing transaction
2026-03-16 16:57:52 [http-nio-8080-exec-10] DEBUG org.hibernate.SQL - select u1_0.emplyr_id,u1_0.area_no,u1_0.brthdy,u1_0.chg_pwd_cnt,u1_0.frst_register_id,u1_0.frst_regist_pnttm,u1_0.detail_adres,u1_0.email_adres,u1_0.emplyr_sttus_code,u1_0.empl_no,u1_0.esntl_id,u1_0.fxnum,u1_0.group_id,u1_0.house_adres,u1_0.house_end_telno,u1_0.house_middle_telno,u1_0.ihidnum,u1_0.pstinst_code,u1_0.last_updusr_id,u1_0.last_updt_pnttm,u1_0.lock_at,u1_0.lock_cnt,u1_0.lock_last_pnttm,u1_0.mbtlnum,u1_0.ofcps_nm,u1_0.offm_telno,u1_0.orgnzt_id,u1_0.password,u1_0.password_cnsr,u1_0.password_hint,u1_0.chg_pwd_last_pnttm,u1_0.role,u1_0.sbscrb_de,u1_0.sexdstn_code,u1_0.crtfc_dn_value,u1_0.user_nm,u1_0.zip from nemplyrinfo u1_0 where u1_0.emplyr_id=?
2026-03-16 16:57:53 [http-nio-8080-exec-1] DEBUG o.s.orm.jpa.JpaTransactionManager - Found thread-bound EntityManager [SessionImpl(914021348<open>)] for JPA transaction
2026-03-16 16:57:53 [http-nio-8080-exec-1] DEBUG o.s.orm.jpa.JpaTransactionManager - Participating in existing transaction
2026-03-16 16:57:53 [http-nio-8080-exec-1] DEBUG org.hibernate.SQL - select ua1_0.scrty_dtrmn_trget_id,ua1_0.author_code,ua1_0.frst_register_id,ua1_0.frst_regist_pnttm,ua1_0.last_updusr_id,ua1_0.last_updt_pnttm,ua1_0.mber_ty_code from nemplyrscrtyestbs ua1_0 where ua1_0.scrty_dtrmn_trget_id=?
2026-03-16 16:57:53 [http-nio-8080-exec-10] DEBUG o.s.orm.jpa.JpaTransactionManager - Found thread-bound EntityManager [SessionImpl(1205251860<open>)] for JPA transaction
2026-03-16 16:57:53 [http-nio-8080-exec-10] DEBUG o.s.orm.jpa.JpaTransactionManager - Participating in existing transaction
2026-03-16 16:57:53 [http-nio-8080-exec-10] DEBUG org.hibernate.SQL - select ua1_0.scrty_dtrmn_trget_id,ua1_0.author_code,ua1_0.frst_register_id,ua1_0.frst_regist_pnttm,ua1_0.last_updusr_id,ua1_0.last_updt_pnttm,ua1_0.mber_ty_code from nemplyrscrtyestbs ua1_0 where ua1_0.scrty_dtrmn_trget_id=?
2026-03-16 16:57:53 [http-nio-8080-exec-1] DEBUG o.s.orm.jpa.JpaTransactionManager - Initiating transaction commit
2026-03-16 16:57:53 [http-nio-8080-exec-1] DEBUG o.s.orm.jpa.JpaTransactionManager - Committing JPA transaction on EntityManager [SessionImpl(914021348<open>)]
2026-03-16 16:57:53 [http-nio-8080-exec-10] DEBUG o.s.orm.jpa.JpaTransactionManager - Initiating transaction commit
2026-03-16 16:57:53 [http-nio-8080-exec-10] DEBUG o.s.orm.jpa.JpaTransactionManager - Committing JPA transaction on EntityManager [SessionImpl(1205251860<open>)]
2026-03-16 16:57:53 [http-nio-8080-exec-1] DEBUG o.s.orm.jpa.JpaTransactionManager - Closing JPA EntityManager [SessionImpl(914021348<open>)] after transaction
2026-03-16 16:57:53 [http-nio-8080-exec-1] DEBUG c.c.p.s.jwt.JwtAuthenticationFilter - >>> [JwtFilter] Successfully authenticated user: USRCNFRM_99999999999, Authorities: [ROLE_ADMIN]
2026-03-16 16:57:53 [http-nio-8080-exec-1] DEBUG o.s.web.servlet.DispatcherServlet - GET "/api/v1/notifications/unread-count", parameters={}
2026-03-16 16:57:53 [http-nio-8080-exec-1] TRACE o.s.w.s.m.m.a.RequestMappingHandlerMapping - Mapped to com.company.project.api.controller.notification.NotificationController#getUnreadCount(UserDetails)
2026-03-16 16:57:53 [http-nio-8080-exec-1] DEBUG o.s.orm.jpa.JpaTransactionManager - Creating new transaction with name [com.company.project.service.notification.NotificationService.getUnreadCount]: PROPAGATION_REQUIRED,ISOLATION_DEFAULT,readOnly
2026-03-16 16:57:53 [http-nio-8080-exec-1] DEBUG o.s.orm.jpa.JpaTransactionManager - Opened new EntityManager [SessionImpl(480870762<open>)] for JPA transaction
2026-03-16 16:57:53 [http-nio-8080-exec-1] DEBUG o.s.orm.jpa.JpaTransactionManager - Exposing JPA transaction as JDBC [org.springframework.orm.jpa.vendor.HibernateJpaDialect$HibernateConnectionHandle@76d39436]
2026-03-16 16:57:53 [http-nio-8080-exec-1] DEBUG org.hibernate.SQL - select count(n1_0.ntcn_no) from n_user_notification n1_0 where n1_0.receiver_id=? and n1_0.is_read=?
2026-03-16 16:57:53 [http-nio-8080-exec-8] DEBUG o.s.orm.jpa.JpaTransactionManager - Found thread-bound EntityManager [SessionImpl(1496711481<open>)] for JPA transaction
2026-03-16 16:57:53 [http-nio-8080-exec-8] DEBUG o.s.orm.jpa.JpaTransactionManager - Participating in existing transaction
2026-03-16 16:57:53 [http-nio-8080-exec-8] DEBUG org.hibernate.SQL - select p1_0.progrm_file_nm,p1_0.progrm_dc,p1_0.progrm_korean_nm,p1_0.progrm_stre_path,p1_0.url from nprogrmlist p1_0
2026-03-16 16:57:53 [http-nio-8080-exec-10] DEBUG o.s.orm.jpa.JpaTransactionManager - Closing JPA EntityManager [SessionImpl(1205251860<open>)] after transaction
2026-03-16 16:57:53 [http-nio-8080-exec-10] DEBUG c.c.p.s.jwt.JwtAuthenticationFilter - >>> [JwtFilter] Successfully authenticated user: USRCNFRM_99999999999, Authorities: [ROLE_ADMIN]
2026-03-16 16:57:53 [http-nio-8080-exec-10] DEBUG o.s.web.servlet.DispatcherServlet - GET "/api/v1/notifications", parameters={}
2026-03-16 16:57:53 [http-nio-8080-exec-10] TRACE o.s.w.s.m.m.a.RequestMappingHandlerMapping - Mapped to com.company.project.api.controller.notification.NotificationController#getMyNotifications(UserDetails)
2026-03-16 16:57:53 [http-nio-8080-exec-10] DEBUG o.s.orm.jpa.JpaTransactionManager - Creating new transaction with name [com.company.project.service.notification.NotificationService.getActiveNotifications]: PROPAGATION_REQUIRED,ISOLATION_DEFAULT,readOnly
2026-03-16 16:57:53 [http-nio-8080-exec-10] DEBUG o.s.orm.jpa.JpaTransactionManager - Opened new EntityManager [SessionImpl(161525854<open>)] for JPA transaction
2026-03-16 16:57:53 [http-nio-8080-exec-10] DEBUG o.s.orm.jpa.JpaTransactionManager - Exposing JPA transaction as JDBC [org.springframework.orm.jpa.vendor.HibernateJpaDialect$HibernateConnectionHandle@ea508a9]
2026-03-16 16:57:53 [http-nio-8080-exec-10] DEBUG o.s.orm.jpa.JpaTransactionManager - Found thread-bound EntityManager [SessionImpl(161525854<open>)] for JPA transaction
2026-03-16 16:57:53 [http-nio-8080-exec-10] DEBUG o.s.orm.jpa.JpaTransactionManager - Participating in existing transaction
2026-03-16 16:57:53 [http-nio-8080-exec-10] DEBUG org.hibernate.SQL - select n1_0.ntcn_no,n1_0.frst_register_id,n1_0.frst_regist_pnttm,n1_0.is_read,n1_0.last_updusr_id,n1_0.last_updt_pnttm,n1_0.link_url,n1_0.ntcn_cn,n1_0.ntcn_sj,n1_0.receiver_id from n_user_notification n1_0
2026-03-16 16:57:53 [http-nio-8080-exec-1] DEBUG o.s.orm.jpa.JpaTransactionManager - Initiating transaction commit
2026-03-16 16:57:53 [http-nio-8080-exec-1] DEBUG o.s.orm.jpa.JpaTransactionManager - Committing JPA transaction on EntityManager [SessionImpl(480870762<open>)]
2026-03-16 16:57:53 [http-nio-8080-exec-10] DEBUG o.s.orm.jpa.JpaTransactionManager - Initiating transaction commit
2026-03-16 16:57:53 [http-nio-8080-exec-10] DEBUG o.s.orm.jpa.JpaTransactionManager - Committing JPA transaction on EntityManager [SessionImpl(161525854<open>)]
2026-03-16 16:57:53 [http-nio-8080-exec-1] DEBUG o.s.orm.jpa.JpaTransactionManager - Closing JPA EntityManager [SessionImpl(480870762<open>)] after transaction
2026-03-16 16:57:53 [http-nio-8080-exec-1] DEBUG o.s.w.s.m.m.a.HttpEntityMethodProcessor - Using 'application/json', given [application/json, text/plain, */*] and supported [application/json, application/*+json, application/yaml]
2026-03-16 16:57:53 [http-nio-8080-exec-1] TRACE o.s.w.s.m.m.a.HttpEntityMethodProcessor - Writing [ApiResponse[success=true, status=200, code=COMMON_001, message=Success, data=0, timestamp=2026-03-16T16:57:53.662465]]
2026-03-16 16:57:53 [http-nio-8080-exec-1] INFO  c.c.p.a.i.OperationalAuditInterceptor - API Audit Log: URL=/api/v1/notifications/unread-count, User=webmaster, IP=127.0.0.1
2026-03-16 16:57:53 [http-nio-8080-exec-1] DEBUG o.s.web.servlet.DispatcherServlet - Completed 200 OK
2026-03-16 16:57:53 [http-nio-8080-exec-2] DEBUG c.c.p.s.jwt.JwtAuthenticationFilter - >>> [JwtFilter] Processing request: GET /api/v1/notifications/unread-count
2026-03-16 16:57:53 [http-nio-8080-exec-2] DEBUG c.c.p.s.jwt.JwtAuthenticationFilter - >>> [JwtFilter] Found token in header for path: /api/v1/notifications/unread-count
2026-03-16 16:57:53 [http-nio-8080-exec-2] DEBUG o.s.orm.jpa.JpaTransactionManager - Creating new transaction with name [com.company.project.security.iam.CustomUserDetailsService.loadUserByUsername]: PROPAGATION_REQUIRED,ISOLATION_DEFAULT,readOnly
2026-03-16 16:57:53 [http-nio-8080-exec-2] DEBUG o.s.orm.jpa.JpaTransactionManager - Opened new EntityManager [SessionImpl(1656089730<open>)] for JPA transaction
2026-03-16 16:57:53 [http-nio-8080-exec-8] DEBUG o.s.orm.jpa.JpaTransactionManager - Initiating transaction commit
2026-03-16 16:57:53 [http-nio-8080-exec-8] DEBUG o.s.orm.jpa.JpaTransactionManager - Committing JPA transaction on EntityManager [SessionImpl(1496711481<open>)]
2026-03-16 16:57:53 [http-nio-8080-exec-10] DEBUG o.s.orm.jpa.JpaTransactionManager - Closing JPA EntityManager [SessionImpl(161525854<open>)] after transaction
2026-03-16 16:57:53 [http-nio-8080-exec-10] DEBUG o.s.w.s.m.m.a.HttpEntityMethodProcessor - Using 'application/json', given [application/json, text/plain, */*] and supported [application/json, application/*+json, application/yaml]
2026-03-16 16:57:53 [http-nio-8080-exec-10] TRACE o.s.w.s.m.m.a.HttpEntityMethodProcessor - Writing [ApiResponse[success=true, status=200, code=COMMON_001, message=Success, data=[NotificationDto(ntfcNo=NT001, ntfcSj=테스트 알림입니다, ntfcCn=알림 내용입니다, ntfcDate=null, ntfcTime=2026-02-25T00:59:33.784070, bhNtfcIntrvl=null, uniqId=null, frstRegisterId=null, frstRegisterPnttm=2026-02-25T00:59:33.784070, lastUpdusrId=null, lastUpdusrPnttm=null)], timestamp=2026-03-16T16:57:53.691907600]]
2026-03-16 16:57:53 [http-nio-8080-exec-10] INFO  c.c.p.a.i.OperationalAuditInterceptor - API Audit Log: URL=/api/v1/notifications, User=webmaster, IP=127.0.0.1
2026-03-16 16:57:53 [http-nio-8080-exec-10] DEBUG o.s.web.servlet.DispatcherServlet - Completed 200 OK
2026-03-16 16:57:53 [http-nio-8080-exec-4] DEBUG c.c.p.s.jwt.JwtAuthenticationFilter - >>> [JwtFilter] Processing request: GET /api/v1/notifications
2026-03-16 16:57:53 [http-nio-8080-exec-4] DEBUG c.c.p.s.jwt.JwtAuthenticationFilter - >>> [JwtFilter] Found token in header for path: /api/v1/notifications
2026-03-16 16:57:53 [http-nio-8080-exec-4] DEBUG o.s.orm.jpa.JpaTransactionManager - Creating new transaction with name [com.company.project.security.iam.CustomUserDetailsService.loadUserByUsername]: PROPAGATION_REQUIRED,ISOLATION_DEFAULT,readOnly
2026-03-16 16:57:53 [http-nio-8080-exec-4] DEBUG o.s.orm.jpa.JpaTransactionManager - Opened new EntityManager [SessionImpl(2110879512<open>)] for JPA transaction
2026-03-16 16:57:53 [http-nio-8080-exec-2] DEBUG o.s.orm.jpa.JpaTransactionManager - Exposing JPA transaction as JDBC [org.springframework.orm.jpa.vendor.HibernateJpaDialect$HibernateConnectionHandle@1a9b6343]
2026-03-16 16:57:53 [http-nio-8080-exec-2] DEBUG o.s.orm.jpa.JpaTransactionManager - Found thread-bound EntityManager [SessionImpl(1656089730<open>)] for JPA transaction
2026-03-16 16:57:53 [http-nio-8080-exec-2] DEBUG o.s.orm.jpa.JpaTransactionManager - Participating in existing transaction
2026-03-16 16:57:53 [http-nio-8080-exec-2] DEBUG org.hibernate.SQL - select u1_0.emplyr_id,u1_0.area_no,u1_0.brthdy,u1_0.chg_pwd_cnt,u1_0.frst_register_id,u1_0.frst_regist_pnttm,u1_0.detail_adres,u1_0.email_adres,u1_0.emplyr_sttus_code,u1_0.empl_no,u1_0.esntl_id,u1_0.fxnum,u1_0.group_id,u1_0.house_adres,u1_0.house_end_telno,u1_0.house_middle_telno,u1_0.ihidnum,u1_0.pstinst_code,u1_0.last_updusr_id,u1_0.last_updt_pnttm,u1_0.lock_at,u1_0.lock_cnt,u1_0.lock_last_pnttm,u1_0.mbtlnum,u1_0.ofcps_nm,u1_0.offm_telno,u1_0.orgnzt_id,u1_0.password,u1_0.password_cnsr,u1_0.password_hint,u1_0.chg_pwd_last_pnttm,u1_0.role,u1_0.sbscrb_de,u1_0.sexdstn_code,u1_0.crtfc_dn_value,u1_0.user_nm,u1_0.zip from nemplyrinfo u1_0 where u1_0.emplyr_id=?
2026-03-16 16:57:53 [http-nio-8080-exec-8] DEBUG o.s.orm.jpa.JpaTransactionManager - Closing JPA EntityManager [SessionImpl(1496711481<open>)] after transaction
2026-03-16 16:57:53 [http-nio-8080-exec-8] INFO  c.c.p.a.c.menu.MenuController - getLeftMenu returned 5 items
2026-03-16 16:57:53 [http-nio-8080-exec-8] DEBUG o.s.w.s.m.m.a.HttpEntityMethodProcessor - Using 'application/json', given [application/json, text/plain, */*] and supported [application/json, application/*+json, application/yaml]
2026-03-16 16:57:53 [http-nio-8080-exec-8] TRACE o.s.w.s.m.m.a.HttpEntityMethodProcessor - Writing [ApiResponse[success=true, status=200, code=COMMON_001, message=Success, data={list=[com.company.project.service.menu.dto.MenuDto@573a5a23, com.company.project.service.menu.dto.MenuDto@3ee20643, com.company.project.service.menu.dto.MenuDto@d190d78, com.company.project.service.menu.dto.MenuDto@279c587, com.company.project.service.menu.dto.MenuDto@7177ca9]}, timestamp=2026-03-16T16:57:53.843574400]]
2026-03-16 16:57:53 [http-nio-8080-exec-8] INFO  c.c.p.a.i.OperationalAuditInterceptor - API Audit Log: URL=/api/v1/menu/left, User=webmaster, IP=127.0.0.1
2026-03-16 16:57:53 [http-nio-8080-exec-8] DEBUG o.s.web.servlet.DispatcherServlet - Completed 200 OK
2026-03-16 16:57:53 [http-nio-8080-exec-4] DEBUG o.s.orm.jpa.JpaTransactionManager - Exposing JPA transaction as JDBC [org.springframework.orm.jpa.vendor.HibernateJpaDialect$HibernateConnectionHandle@652dd3cd]
2026-03-16 16:57:53 [http-nio-8080-exec-4] DEBUG o.s.orm.jpa.JpaTransactionManager - Found thread-bound EntityManager [SessionImpl(2110879512<open>)] for JPA transaction
2026-03-16 16:57:53 [http-nio-8080-exec-4] DEBUG o.s.orm.jpa.JpaTransactionManager - Participating in existing transaction
2026-03-16 16:57:53 [http-nio-8080-exec-4] DEBUG org.hibernate.SQL - select u1_0.emplyr_id,u1_0.area_no,u1_0.brthdy,u1_0.chg_pwd_cnt,u1_0.frst_register_id,u1_0.frst_regist_pnttm,u1_0.detail_adres,u1_0.email_adres,u1_0.emplyr_sttus_code,u1_0.empl_no,u1_0.esntl_id,u1_0.fxnum,u1_0.group_id,u1_0.house_adres,u1_0.house_end_telno,u1_0.house_middle_telno,u1_0.ihidnum,u1_0.pstinst_code,u1_0.last_updusr_id,u1_0.last_updt_pnttm,u1_0.lock_at,u1_0.lock_cnt,u1_0.lock_last_pnttm,u1_0.mbtlnum,u1_0.ofcps_nm,u1_0.offm_telno,u1_0.orgnzt_id,u1_0.password,u1_0.password_cnsr,u1_0.password_hint,u1_0.chg_pwd_last_pnttm,u1_0.role,u1_0.sbscrb_de,u1_0.sexdstn_code,u1_0.crtfc_dn_value,u1_0.user_nm,u1_0.zip from nemplyrinfo u1_0 where u1_0.emplyr_id=?
2026-03-16 16:57:53 [http-nio-8080-exec-5] DEBUG c.c.p.s.jwt.JwtAuthenticationFilter - >>> [JwtFilter] Processing request: GET /api/v1/menu/left
2026-03-16 16:57:53 [http-nio-8080-exec-5] DEBUG c.c.p.s.jwt.JwtAuthenticationFilter - >>> [JwtFilter] Found token in header for path: /api/v1/menu/left
2026-03-16 16:57:53 [http-nio-8080-exec-5] DEBUG o.s.orm.jpa.JpaTransactionManager - Creating new transaction with name [com.company.project.security.iam.CustomUserDetailsService.loadUserByUsername]: PROPAGATION_REQUIRED,ISOLATION_DEFAULT,readOnly
2026-03-16 16:57:53 [http-nio-8080-exec-5] DEBUG o.s.orm.jpa.JpaTransactionManager - Opened new EntityManager [SessionImpl(205208754<open>)] for JPA transaction
2026-03-16 16:57:53 [http-nio-8080-exec-2] DEBUG o.s.orm.jpa.JpaTransactionManager - Found thread-bound EntityManager [SessionImpl(1656089730<open>)] for JPA transaction
2026-03-16 16:57:53 [http-nio-8080-exec-2] DEBUG o.s.orm.jpa.JpaTransactionManager - Participating in existing transaction
2026-03-16 16:57:53 [http-nio-8080-exec-2] DEBUG org.hibernate.SQL - select ua1_0.scrty_dtrmn_trget_id,ua1_0.author_code,ua1_0.frst_register_id,ua1_0.frst_regist_pnttm,ua1_0.last_updusr_id,ua1_0.last_updt_pnttm,ua1_0.mber_ty_code from nemplyrscrtyestbs ua1_0 where ua1_0.scrty_dtrmn_trget_id=?
2026-03-16 16:57:53 [http-nio-8080-exec-4] DEBUG o.s.orm.jpa.JpaTransactionManager - Found thread-bound EntityManager [SessionImpl(2110879512<open>)] for JPA transaction
2026-03-16 16:57:53 [http-nio-8080-exec-4] DEBUG o.s.orm.jpa.JpaTransactionManager - Participating in existing transaction
2026-03-16 16:57:53 [http-nio-8080-exec-4] DEBUG org.hibernate.SQL - select ua1_0.scrty_dtrmn_trget_id,ua1_0.author_code,ua1_0.frst_register_id,ua1_0.frst_regist_pnttm,ua1_0.last_updusr_id,ua1_0.last_updt_pnttm,ua1_0.mber_ty_code from nemplyrscrtyestbs ua1_0 where ua1_0.scrty_dtrmn_trget_id=?
2026-03-16 16:57:54 [http-nio-8080-exec-5] DEBUG o.s.orm.jpa.JpaTransactionManager - Exposing JPA transaction as JDBC [org.springframework.orm.jpa.vendor.HibernateJpaDialect$HibernateConnectionHandle@322d0eca]
2026-03-16 16:57:54 [http-nio-8080-exec-5] DEBUG o.s.orm.jpa.JpaTransactionManager - Found thread-bound EntityManager [SessionImpl(205208754<open>)] for JPA transaction
2026-03-16 16:57:54 [http-nio-8080-exec-5] DEBUG o.s.orm.jpa.JpaTransactionManager - Participating in existing transaction
2026-03-16 16:57:54 [http-nio-8080-exec-5] DEBUG org.hibernate.SQL - select u1_0.emplyr_id,u1_0.area_no,u1_0.brthdy,u1_0.chg_pwd_cnt,u1_0.frst_register_id,u1_0.frst_regist_pnttm,u1_0.detail_adres,u1_0.email_adres,u1_0.emplyr_sttus_code,u1_0.empl_no,u1_0.esntl_id,u1_0.fxnum,u1_0.group_id,u1_0.house_adres,u1_0.house_end_telno,u1_0.house_middle_telno,u1_0.ihidnum,u1_0.pstinst_code,u1_0.last_updusr_id,u1_0.last_updt_pnttm,u1_0.lock_at,u1_0.lock_cnt,u1_0.lock_last_pnttm,u1_0.mbtlnum,u1_0.ofcps_nm,u1_0.offm_telno,u1_0.orgnzt_id,u1_0.password,u1_0.password_cnsr,u1_0.password_hint,u1_0.chg_pwd_last_pnttm,u1_0.role,u1_0.sbscrb_de,u1_0.sexdstn_code,u1_0.crtfc_dn_value,u1_0.user_nm,u1_0.zip from nemplyrinfo u1_0 where u1_0.emplyr_id=?
2026-03-16 16:57:54 [http-nio-8080-exec-2] DEBUG o.s.orm.jpa.JpaTransactionManager - Initiating transaction commit
2026-03-16 16:57:54 [http-nio-8080-exec-2] DEBUG o.s.orm.jpa.JpaTransactionManager - Committing JPA transaction on EntityManager [SessionImpl(1656089730<open>)]
2026-03-16 16:57:54 [http-nio-8080-exec-4] DEBUG o.s.orm.jpa.JpaTransactionManager - Initiating transaction commit
2026-03-16 16:57:54 [http-nio-8080-exec-4] DEBUG o.s.orm.jpa.JpaTransactionManager - Committing JPA transaction on EntityManager [SessionImpl(2110879512<open>)]
2026-03-16 16:57:54 [http-nio-8080-exec-5] DEBUG o.s.orm.jpa.JpaTransactionManager - Found thread-bound EntityManager [SessionImpl(205208754<open>)] for JPA transaction
2026-03-16 16:57:54 [http-nio-8080-exec-5] DEBUG o.s.orm.jpa.JpaTransactionManager - Participating in existing transaction
2026-03-16 16:57:54 [http-nio-8080-exec-5] DEBUG org.hibernate.SQL - select ua1_0.scrty_dtrmn_trget_id,ua1_0.author_code,ua1_0.frst_register_id,ua1_0.frst_regist_pnttm,ua1_0.last_updusr_id,ua1_0.last_updt_pnttm,ua1_0.mber_ty_code from nemplyrscrtyestbs ua1_0 where ua1_0.scrty_dtrmn_trget_id=?
2026-03-16 16:57:54 [http-nio-8080-exec-2] DEBUG o.s.orm.jpa.JpaTransactionManager - Closing JPA EntityManager [SessionImpl(1656089730<open>)] after transaction
2026-03-16 16:57:54 [http-nio-8080-exec-2] DEBUG c.c.p.s.jwt.JwtAuthenticationFilter - >>> [JwtFilter] Successfully authenticated user: USRCNFRM_99999999999, Authorities: [ROLE_ADMIN]
2026-03-16 16:57:54 [http-nio-8080-exec-2] DEBUG o.s.web.servlet.DispatcherServlet - GET "/api/v1/notifications/unread-count", parameters={}
2026-03-16 16:57:54 [http-nio-8080-exec-2] TRACE o.s.w.s.m.m.a.RequestMappingHandlerMapping - Mapped to com.company.project.api.controller.notification.NotificationController#getUnreadCount(UserDetails)
2026-03-16 16:57:54 [http-nio-8080-exec-2] DEBUG o.s.orm.jpa.JpaTransactionManager - Creating new transaction with name [com.company.project.service.notification.NotificationService.getUnreadCount]: PROPAGATION_REQUIRED,ISOLATION_DEFAULT,readOnly
2026-03-16 16:57:54 [http-nio-8080-exec-2] DEBUG o.s.orm.jpa.JpaTransactionManager - Opened new EntityManager [SessionImpl(1415030103<open>)] for JPA transaction
2026-03-16 16:57:54 [http-nio-8080-exec-2] DEBUG o.s.orm.jpa.JpaTransactionManager - Exposing JPA transaction as JDBC [org.springframework.orm.jpa.vendor.HibernateJpaDialect$HibernateConnectionHandle@492e51fc]
2026-03-16 16:57:54 [http-nio-8080-exec-2] DEBUG org.hibernate.SQL - select count(n1_0.ntcn_no) from n_user_notification n1_0 where n1_0.receiver_id=? and n1_0.is_read=?
2026-03-16 16:57:54 [http-nio-8080-exec-4] DEBUG o.s.orm.jpa.JpaTransactionManager - Closing JPA EntityManager [SessionImpl(2110879512<open>)] after transaction
2026-03-16 16:57:54 [http-nio-8080-exec-4] DEBUG c.c.p.s.jwt.JwtAuthenticationFilter - >>> [JwtFilter] Successfully authenticated user: USRCNFRM_99999999999, Authorities: [ROLE_ADMIN]
2026-03-16 16:57:54 [http-nio-8080-exec-4] DEBUG o.s.web.servlet.DispatcherServlet - GET "/api/v1/notifications", parameters={}
2026-03-16 16:57:54 [http-nio-8080-exec-4] TRACE o.s.w.s.m.m.a.RequestMappingHandlerMapping - Mapped to com.company.project.api.controller.notification.NotificationController#getMyNotifications(UserDetails)
2026-03-16 16:57:54 [http-nio-8080-exec-4] DEBUG o.s.orm.jpa.JpaTransactionManager - Creating new transaction with name [com.company.project.service.notification.NotificationService.getActiveNotifications]: PROPAGATION_REQUIRED,ISOLATION_DEFAULT,readOnly
2026-03-16 16:57:54 [http-nio-8080-exec-4] DEBUG o.s.orm.jpa.JpaTransactionManager - Opened new EntityManager [SessionImpl(11406814<open>)] for JPA transaction
2026-03-16 16:57:54 [http-nio-8080-exec-4] DEBUG o.s.orm.jpa.JpaTransactionManager - Exposing JPA transaction as JDBC [org.springframework.orm.jpa.vendor.HibernateJpaDialect$HibernateConnectionHandle@5dacc392]
2026-03-16 16:57:54 [http-nio-8080-exec-4] DEBUG o.s.orm.jpa.JpaTransactionManager - Found thread-bound EntityManager [SessionImpl(11406814<open>)] for JPA transaction
2026-03-16 16:57:54 [http-nio-8080-exec-4] DEBUG o.s.orm.jpa.JpaTransactionManager - Participating in existing transaction
2026-03-16 16:57:54 [http-nio-8080-exec-4] DEBUG org.hibernate.SQL - select n1_0.ntcn_no,n1_0.frst_register_id,n1_0.frst_regist_pnttm,n1_0.is_read,n1_0.last_updusr_id,n1_0.last_updt_pnttm,n1_0.link_url,n1_0.ntcn_cn,n1_0.ntcn_sj,n1_0.receiver_id from n_user_notification n1_0
2026-03-16 16:57:54 [http-nio-8080-exec-5] DEBUG o.s.orm.jpa.JpaTransactionManager - Initiating transaction commit
2026-03-16 16:57:54 [http-nio-8080-exec-5] DEBUG o.s.orm.jpa.JpaTransactionManager - Committing JPA transaction on EntityManager [SessionImpl(205208754<open>)]
2026-03-16 16:57:54 [http-nio-8080-exec-2] DEBUG o.s.orm.jpa.JpaTransactionManager - Initiating transaction commit
2026-03-16 16:57:54 [http-nio-8080-exec-2] DEBUG o.s.orm.jpa.JpaTransactionManager - Committing JPA transaction on EntityManager [SessionImpl(1415030103<open>)]
2026-03-16 16:57:54 [http-nio-8080-exec-4] DEBUG o.s.orm.jpa.JpaTransactionManager - Initiating transaction commit
2026-03-16 16:57:54 [http-nio-8080-exec-4] DEBUG o.s.orm.jpa.JpaTransactionManager - Committing JPA transaction on EntityManager [SessionImpl(11406814<open>)]
2026-03-16 16:57:54 [http-nio-8080-exec-5] DEBUG o.s.orm.jpa.JpaTransactionManager - Closing JPA EntityManager [SessionImpl(205208754<open>)] after transaction
2026-03-16 16:57:54 [http-nio-8080-exec-5] DEBUG c.c.p.s.jwt.JwtAuthenticationFilter - >>> [JwtFilter] Successfully authenticated user: USRCNFRM_99999999999, Authorities: [ROLE_ADMIN]
2026-03-16 16:57:54 [http-nio-8080-exec-5] DEBUG o.s.web.servlet.DispatcherServlet - GET "/api/v1/menu/left?menuNo=20", parameters={masked}
2026-03-16 16:57:54 [http-nio-8080-exec-5] TRACE o.s.w.s.m.m.a.RequestMappingHandlerMapping - Mapped to com.company.project.api.controller.menu.MenuController#getLeftMenu(Long)
2026-03-16 16:57:54 [http-nio-8080-exec-5] INFO  c.c.p.a.c.menu.MenuController - getLeftMenu called with menuNo=20
2026-03-16 16:57:54 [http-nio-8080-exec-5] DEBUG o.s.orm.jpa.JpaTransactionManager - Creating new transaction with name [com.company.project.service.menu.MenuService.getSubMenus]: PROPAGATION_REQUIRED,ISOLATION_DEFAULT,readOnly
2026-03-16 16:57:54 [http-nio-8080-exec-5] DEBUG o.s.orm.jpa.JpaTransactionManager - Opened new EntityManager [SessionImpl(1883189324<open>)] for JPA transaction
2026-03-16 16:57:54 [http-nio-8080-exec-5] DEBUG o.s.orm.jpa.JpaTransactionManager - Exposing JPA transaction as JDBC [org.springframework.orm.jpa.vendor.HibernateJpaDialect$HibernateConnectionHandle@2f1de4db]
2026-03-16 16:57:54 [http-nio-8080-exec-5] DEBUG org.hibernate.SQL - select m1_0.menu_no,m1_0.menu_dc,m1_0.menu_nm,m1_0.menu_ordr,m1_0.modern_route,m1_0.progrm_file_nm,m1_0.relate_image_nm,m1_0.relate_image_path,m1_0.route_updated_at,m1_0.upper_menu_no from nmenuinfo m1_0 order by m1_0.upper_menu_no,m1_0.menu_ordr
2026-03-16 16:57:54 [http-nio-8080-exec-2] DEBUG o.s.orm.jpa.JpaTransactionManager - Closing JPA EntityManager [SessionImpl(1415030103<open>)] after transaction
2026-03-16 16:57:54 [http-nio-8080-exec-2] DEBUG o.s.w.s.m.m.a.HttpEntityMethodProcessor - Using 'application/json', given [application/json, text/plain, */*] and supported [application/json, application/*+json, application/yaml]
2026-03-16 16:57:54 [http-nio-8080-exec-2] TRACE o.s.w.s.m.m.a.HttpEntityMethodProcessor - Writing [ApiResponse[success=true, status=200, code=COMMON_001, message=Success, data=0, timestamp=2026-03-16T16:57:54.570278700]]
2026-03-16 16:57:54 [http-nio-8080-exec-2] INFO  c.c.p.a.i.OperationalAuditInterceptor - API Audit Log: URL=/api/v1/notifications/unread-count, User=webmaster, IP=127.0.0.1
2026-03-16 16:57:54 [http-nio-8080-exec-2] DEBUG o.s.web.servlet.DispatcherServlet - Completed 200 OK
2026-03-16 16:57:54 [http-nio-8080-exec-4] DEBUG o.s.orm.jpa.JpaTransactionManager - Closing JPA EntityManager [SessionImpl(11406814<open>)] after transaction
2026-03-16 16:57:54 [http-nio-8080-exec-4] DEBUG o.s.w.s.m.m.a.HttpEntityMethodProcessor - Using 'application/json', given [application/json, text/plain, */*] and supported [application/json, application/*+json, application/yaml]
2026-03-16 16:57:54 [http-nio-8080-exec-4] TRACE o.s.w.s.m.m.a.HttpEntityMethodProcessor - Writing [ApiResponse[success=true, status=200, code=COMMON_001, message=Success, data=[NotificationDto(ntfcNo=NT001, ntfcSj=테스트 알림입니다, ntfcCn=알림 내용입니다, ntfcDate=null, ntfcTime=2026-02-25T00:59:33.784070, bhNtfcIntrvl=null, uniqId=null, frstRegisterId=null, frstRegisterPnttm=2026-02-25T00:59:33.784070, lastUpdusrId=null, lastUpdusrPnttm=null)], timestamp=2026-03-16T16:57:54.602838500]]
2026-03-16 16:57:54 [http-nio-8080-exec-4] INFO  c.c.p.a.i.OperationalAuditInterceptor - API Audit Log: URL=/api/v1/notifications, User=webmaster, IP=127.0.0.1
2026-03-16 16:57:54 [http-nio-8080-exec-4] DEBUG o.s.web.servlet.DispatcherServlet - Completed 200 OK
2026-03-16 16:57:54 [http-nio-8080-exec-5] DEBUG o.s.orm.jpa.JpaTransactionManager - Found thread-bound EntityManager [SessionImpl(1883189324<open>)] for JPA transaction
2026-03-16 16:57:54 [http-nio-8080-exec-5] DEBUG o.s.orm.jpa.JpaTransactionManager - Participating in existing transaction
2026-03-16 16:57:54 [http-nio-8080-exec-5] DEBUG org.hibernate.SQL - select p1_0.progrm_file_nm,p1_0.progrm_dc,p1_0.progrm_korean_nm,p1_0.progrm_stre_path,p1_0.url from nprogrmlist p1_0
2026-03-16 16:57:54 [http-nio-8080-exec-5] DEBUG o.s.orm.jpa.JpaTransactionManager - Initiating transaction commit
2026-03-16 16:57:54 [http-nio-8080-exec-5] DEBUG o.s.orm.jpa.JpaTransactionManager - Committing JPA transaction on EntityManager [SessionImpl(1883189324<open>)]
2026-03-16 16:57:55 [http-nio-8080-exec-5] DEBUG o.s.orm.jpa.JpaTransactionManager - Closing JPA EntityManager [SessionImpl(1883189324<open>)] after transaction
2026-03-16 16:57:55 [http-nio-8080-exec-5] INFO  c.c.p.a.c.menu.MenuController - getLeftMenu returned 3 items
2026-03-16 16:57:55 [http-nio-8080-exec-5] DEBUG o.s.w.s.m.m.a.HttpEntityMethodProcessor - Using 'application/json', given [application/json, text/plain, */*] and supported [application/json, application/*+json, application/yaml]
2026-03-16 16:57:55 [http-nio-8080-exec-5] TRACE o.s.w.s.m.m.a.HttpEntityMethodProcessor - Writing [ApiResponse[success=true, status=200, code=COMMON_001, message=Success, data={list=[com.company.project.service.menu.dto.MenuDto@48cb205, com.company.project.service.menu.dto.MenuDto@37ed745d, com.company.project.service.menu.dto.MenuDto@1809aec3]}, timestamp=2026-03-16T16:57:55.113823]]
2026-03-16 16:57:55 [http-nio-8080-exec-5] INFO  c.c.p.a.i.OperationalAuditInterceptor - API Audit Log: URL=/api/v1/menu/left, User=webmaster, IP=127.0.0.1
2026-03-16 16:57:55 [http-nio-8080-exec-5] DEBUG o.s.web.servlet.DispatcherServlet - Completed 200 OK
2026-03-16 16:57:55 [http-nio-8080-exec-3] DEBUG c.c.p.s.jwt.JwtAuthenticationFilter - >>> [JwtFilter] Processing request: GET /api/v1/menu/left
2026-03-16 16:57:55 [http-nio-8080-exec-3] DEBUG c.c.p.s.jwt.JwtAuthenticationFilter - >>> [JwtFilter] Found token in header for path: /api/v1/menu/left
2026-03-16 16:57:55 [http-nio-8080-exec-3] DEBUG o.s.orm.jpa.JpaTransactionManager - Creating new transaction with name [com.company.project.security.iam.CustomUserDetailsService.loadUserByUsername]: PROPAGATION_REQUIRED,ISOLATION_DEFAULT,readOnly
2026-03-16 16:57:55 [http-nio-8080-exec-3] DEBUG o.s.orm.jpa.JpaTransactionManager - Opened new EntityManager [SessionImpl(16729148<open>)] for JPA transaction
2026-03-16 16:57:55 [http-nio-8080-exec-3] DEBUG o.s.orm.jpa.JpaTransactionManager - Exposing JPA transaction as JDBC [org.springframework.orm.jpa.vendor.HibernateJpaDialect$HibernateConnectionHandle@73f1a714]
2026-03-16 16:57:55 [http-nio-8080-exec-3] DEBUG o.s.orm.jpa.JpaTransactionManager - Found thread-bound EntityManager [SessionImpl(16729148<open>)] for JPA transaction
2026-03-16 16:57:55 [http-nio-8080-exec-3] DEBUG o.s.orm.jpa.JpaTransactionManager - Participating in existing transaction
2026-03-16 16:57:55 [http-nio-8080-exec-3] DEBUG org.hibernate.SQL - select u1_0.emplyr_id,u1_0.area_no,u1_0.brthdy,u1_0.chg_pwd_cnt,u1_0.frst_register_id,u1_0.frst_regist_pnttm,u1_0.detail_adres,u1_0.email_adres,u1_0.emplyr_sttus_code,u1_0.empl_no,u1_0.esntl_id,u1_0.fxnum,u1_0.group_id,u1_0.house_adres,u1_0.house_end_telno,u1_0.house_middle_telno,u1_0.ihidnum,u1_0.pstinst_code,u1_0.last_updusr_id,u1_0.last_updt_pnttm,u1_0.lock_at,u1_0.lock_cnt,u1_0.lock_last_pnttm,u1_0.mbtlnum,u1_0.ofcps_nm,u1_0.offm_telno,u1_0.orgnzt_id,u1_0.password,u1_0.password_cnsr,u1_0.password_hint,u1_0.chg_pwd_last_pnttm,u1_0.role,u1_0.sbscrb_de,u1_0.sexdstn_code,u1_0.crtfc_dn_value,u1_0.user_nm,u1_0.zip from nemplyrinfo u1_0 where u1_0.emplyr_id=?
2026-03-16 16:57:55 [http-nio-8080-exec-3] DEBUG o.s.orm.jpa.JpaTransactionManager - Found thread-bound EntityManager [SessionImpl(16729148<open>)] for JPA transaction
2026-03-16 16:57:55 [http-nio-8080-exec-3] DEBUG o.s.orm.jpa.JpaTransactionManager - Participating in existing transaction
2026-03-16 16:57:55 [http-nio-8080-exec-3] DEBUG org.hibernate.SQL - select ua1_0.scrty_dtrmn_trget_id,ua1_0.author_code,ua1_0.frst_register_id,ua1_0.frst_regist_pnttm,ua1_0.last_updusr_id,ua1_0.last_updt_pnttm,ua1_0.mber_ty_code from nemplyrscrtyestbs ua1_0 where ua1_0.scrty_dtrmn_trget_id=?
2026-03-16 16:57:55 [http-nio-8080-exec-3] DEBUG o.s.orm.jpa.JpaTransactionManager - Initiating transaction commit
2026-03-16 16:57:55 [http-nio-8080-exec-3] DEBUG o.s.orm.jpa.JpaTransactionManager - Committing JPA transaction on EntityManager [SessionImpl(16729148<open>)]
2026-03-16 16:57:55 [http-nio-8080-exec-3] DEBUG o.s.orm.jpa.JpaTransactionManager - Closing JPA EntityManager [SessionImpl(16729148<open>)] after transaction
2026-03-16 16:57:55 [http-nio-8080-exec-3] DEBUG c.c.p.s.jwt.JwtAuthenticationFilter - >>> [JwtFilter] Successfully authenticated user: USRCNFRM_99999999999, Authorities: [ROLE_ADMIN]
2026-03-16 16:57:55 [http-nio-8080-exec-3] DEBUG o.s.web.servlet.DispatcherServlet - GET "/api/v1/menu/left?menuNo=40", parameters={masked}
2026-03-16 16:57:55 [http-nio-8080-exec-3] TRACE o.s.w.s.m.m.a.RequestMappingHandlerMapping - Mapped to com.company.project.api.controller.menu.MenuController#getLeftMenu(Long)
2026-03-16 16:57:55 [http-nio-8080-exec-3] INFO  c.c.p.a.c.menu.MenuController - getLeftMenu called with menuNo=40
2026-03-16 16:57:55 [http-nio-8080-exec-3] DEBUG o.s.orm.jpa.JpaTransactionManager - Creating new transaction with name [com.company.project.service.menu.MenuService.getSubMenus]: PROPAGATION_REQUIRED,ISOLATION_DEFAULT,readOnly
2026-03-16 16:57:55 [http-nio-8080-exec-3] DEBUG o.s.orm.jpa.JpaTransactionManager - Opened new EntityManager [SessionImpl(31792260<open>)] for JPA transaction
2026-03-16 16:57:55 [http-nio-8080-exec-3] DEBUG o.s.orm.jpa.JpaTransactionManager - Exposing JPA transaction as JDBC [org.springframework.orm.jpa.vendor.HibernateJpaDialect$HibernateConnectionHandle@54872a5b]
2026-03-16 16:57:55 [http-nio-8080-exec-3] DEBUG org.hibernate.SQL - select m1_0.menu_no,m1_0.menu_dc,m1_0.menu_nm,m1_0.menu_ordr,m1_0.modern_route,m1_0.progrm_file_nm,m1_0.relate_image_nm,m1_0.relate_image_path,m1_0.route_updated_at,m1_0.upper_menu_no from nmenuinfo m1_0 order by m1_0.upper_menu_no,m1_0.menu_ordr
2026-03-16 16:57:56 [http-nio-8080-exec-3] DEBUG o.s.orm.jpa.JpaTransactionManager - Found thread-bound EntityManager [SessionImpl(31792260<open>)] for JPA transaction
2026-03-16 16:57:56 [http-nio-8080-exec-3] DEBUG o.s.orm.jpa.JpaTransactionManager - Participating in existing transaction
2026-03-16 16:57:56 [http-nio-8080-exec-3] DEBUG org.hibernate.SQL - select p1_0.progrm_file_nm,p1_0.progrm_dc,p1_0.progrm_korean_nm,p1_0.progrm_stre_path,p1_0.url from nprogrmlist p1_0
2026-03-16 16:57:56 [http-nio-8080-exec-3] DEBUG o.s.orm.jpa.JpaTransactionManager - Initiating transaction commit
2026-03-16 16:57:56 [http-nio-8080-exec-3] DEBUG o.s.orm.jpa.JpaTransactionManager - Committing JPA transaction on EntityManager [SessionImpl(31792260<open>)]
2026-03-16 16:57:56 [http-nio-8080-exec-3] DEBUG o.s.orm.jpa.JpaTransactionManager - Closing JPA EntityManager [SessionImpl(31792260<open>)] after transaction
2026-03-16 16:57:56 [http-nio-8080-exec-3] INFO  c.c.p.a.c.menu.MenuController - getLeftMenu returned 2 items
2026-03-16 16:57:56 [http-nio-8080-exec-3] DEBUG o.s.w.s.m.m.a.HttpEntityMethodProcessor - Using 'application/json', given [application/json, text/plain, */*] and supported [application/json, application/*+json, application/yaml]
2026-03-16 16:57:56 [http-nio-8080-exec-3] TRACE o.s.w.s.m.m.a.HttpEntityMethodProcessor - Writing [ApiResponse[success=true, status=200, code=COMMON_001, message=Success, data={list=[com.company.project.service.menu.dto.MenuDto@6f603fce, com.company.project.service.menu.dto.MenuDto@69fbc926]}, timestamp=2026-03-16T16:57:56.383450100]]
2026-03-16 16:57:56 [http-nio-8080-exec-3] INFO  c.c.p.a.i.OperationalAuditInterceptor - API Audit Log: URL=/api/v1/menu/left, User=webmaster, IP=127.0.0.1
2026-03-16 16:57:56 [http-nio-8080-exec-3] DEBUG o.s.web.servlet.DispatcherServlet - Completed 200 OK
2026-03-16 16:57:56 [http-nio-8080-exec-6] DEBUG c.c.p.s.jwt.JwtAuthenticationFilter - >>> [JwtFilter] Processing request: GET /api/v1/menu/left
2026-03-16 16:57:56 [http-nio-8080-exec-6] DEBUG c.c.p.s.jwt.JwtAuthenticationFilter - >>> [JwtFilter] Found token in header for path: /api/v1/menu/left
2026-03-16 16:57:56 [http-nio-8080-exec-6] DEBUG o.s.orm.jpa.JpaTransactionManager - Creating new transaction with name [com.company.project.security.iam.CustomUserDetailsService.loadUserByUsername]: PROPAGATION_REQUIRED,ISOLATION_DEFAULT,readOnly
2026-03-16 16:57:56 [http-nio-8080-exec-6] DEBUG o.s.orm.jpa.JpaTransactionManager - Opened new EntityManager [SessionImpl(1734327548<open>)] for JPA transaction
2026-03-16 16:57:56 [http-nio-8080-exec-6] DEBUG o.s.orm.jpa.JpaTransactionManager - Exposing JPA transaction as JDBC [org.springframework.orm.jpa.vendor.HibernateJpaDialect$HibernateConnectionHandle@37bc9de2]
2026-03-16 16:57:56 [http-nio-8080-exec-6] DEBUG o.s.orm.jpa.JpaTransactionManager - Found thread-bound EntityManager [SessionImpl(1734327548<open>)] for JPA transaction
2026-03-16 16:57:56 [http-nio-8080-exec-6] DEBUG o.s.orm.jpa.JpaTransactionManager - Participating in existing transaction
2026-03-16 16:57:56 [http-nio-8080-exec-6] DEBUG org.hibernate.SQL - select u1_0.emplyr_id,u1_0.area_no,u1_0.brthdy,u1_0.chg_pwd_cnt,u1_0.frst_register_id,u1_0.frst_regist_pnttm,u1_0.detail_adres,u1_0.email_adres,u1_0.emplyr_sttus_code,u1_0.empl_no,u1_0.esntl_id,u1_0.fxnum,u1_0.group_id,u1_0.house_adres,u1_0.house_end_telno,u1_0.house_middle_telno,u1_0.ihidnum,u1_0.pstinst_code,u1_0.last_updusr_id,u1_0.last_updt_pnttm,u1_0.lock_at,u1_0.lock_cnt,u1_0.lock_last_pnttm,u1_0.mbtlnum,u1_0.ofcps_nm,u1_0.offm_telno,u1_0.orgnzt_id,u1_0.password,u1_0.password_cnsr,u1_0.password_hint,u1_0.chg_pwd_last_pnttm,u1_0.role,u1_0.sbscrb_de,u1_0.sexdstn_code,u1_0.crtfc_dn_value,u1_0.user_nm,u1_0.zip from nemplyrinfo u1_0 where u1_0.emplyr_id=?
2026-03-16 16:57:56 [http-nio-8080-exec-6] DEBUG o.s.orm.jpa.JpaTransactionManager - Found thread-bound EntityManager [SessionImpl(1734327548<open>)] for JPA transaction
2026-03-16 16:57:56 [http-nio-8080-exec-6] DEBUG o.s.orm.jpa.JpaTransactionManager - Participating in existing transaction
2026-03-16 16:57:56 [http-nio-8080-exec-6] DEBUG org.hibernate.SQL - select ua1_0.scrty_dtrmn_trget_id,ua1_0.author_code,ua1_0.frst_register_id,ua1_0.frst_regist_pnttm,ua1_0.last_updusr_id,ua1_0.last_updt_pnttm,ua1_0.mber_ty_code from nemplyrscrtyestbs ua1_0 where ua1_0.scrty_dtrmn_trget_id=?
2026-03-16 16:57:56 [http-nio-8080-exec-6] DEBUG o.s.orm.jpa.JpaTransactionManager - Initiating transaction commit
2026-03-16 16:57:56 [http-nio-8080-exec-6] DEBUG o.s.orm.jpa.JpaTransactionManager - Committing JPA transaction on EntityManager [SessionImpl(1734327548<open>)]
2026-03-16 16:57:57 [http-nio-8080-exec-6] DEBUG o.s.orm.jpa.JpaTransactionManager - Closing JPA EntityManager [SessionImpl(1734327548<open>)] after transaction
2026-03-16 16:57:57 [http-nio-8080-exec-6] DEBUG c.c.p.s.jwt.JwtAuthenticationFilter - >>> [JwtFilter] Successfully authenticated user: USRCNFRM_99999999999, Authorities: [ROLE_ADMIN]
2026-03-16 16:57:57 [http-nio-8080-exec-6] DEBUG o.s.web.servlet.DispatcherServlet - GET "/api/v1/menu/left?menuNo=50", parameters={masked}
2026-03-16 16:57:57 [http-nio-8080-exec-6] TRACE o.s.w.s.m.m.a.RequestMappingHandlerMapping - Mapped to com.company.project.api.controller.menu.MenuController#getLeftMenu(Long)
2026-03-16 16:57:57 [http-nio-8080-exec-6] INFO  c.c.p.a.c.menu.MenuController - getLeftMenu called with menuNo=50
2026-03-16 16:57:57 [http-nio-8080-exec-6] DEBUG o.s.orm.jpa.JpaTransactionManager - Creating new transaction with name [com.company.project.service.menu.MenuService.getSubMenus]: PROPAGATION_REQUIRED,ISOLATION_DEFAULT,readOnly
2026-03-16 16:57:57 [http-nio-8080-exec-6] DEBUG o.s.orm.jpa.JpaTransactionManager - Opened new EntityManager [SessionImpl(169284504<open>)] for JPA transaction
2026-03-16 16:57:57 [http-nio-8080-exec-6] DEBUG o.s.orm.jpa.JpaTransactionManager - Exposing JPA transaction as JDBC [org.springframework.orm.jpa.vendor.HibernateJpaDialect$HibernateConnectionHandle@1d2cad84]
2026-03-16 16:57:57 [http-nio-8080-exec-6] DEBUG org.hibernate.SQL - select m1_0.menu_no,m1_0.menu_dc,m1_0.menu_nm,m1_0.menu_ordr,m1_0.modern_route,m1_0.progrm_file_nm,m1_0.relate_image_nm,m1_0.relate_image_path,m1_0.route_updated_at,m1_0.upper_menu_no from nmenuinfo m1_0 order by m1_0.upper_menu_no,m1_0.menu_ordr
2026-03-16 16:57:57 [http-nio-8080-exec-6] DEBUG o.s.orm.jpa.JpaTransactionManager - Found thread-bound EntityManager [SessionImpl(169284504<open>)] for JPA transaction
2026-03-16 16:57:57 [http-nio-8080-exec-6] DEBUG o.s.orm.jpa.JpaTransactionManager - Participating in existing transaction
2026-03-16 16:57:57 [http-nio-8080-exec-6] DEBUG org.hibernate.SQL - select p1_0.progrm_file_nm,p1_0.progrm_dc,p1_0.progrm_korean_nm,p1_0.progrm_stre_path,p1_0.url from nprogrmlist p1_0
2026-03-16 16:57:57 [http-nio-8080-exec-6] DEBUG o.s.orm.jpa.JpaTransactionManager - Initiating transaction commit
2026-03-16 16:57:57 [http-nio-8080-exec-6] DEBUG o.s.orm.jpa.JpaTransactionManager - Committing JPA transaction on EntityManager [SessionImpl(169284504<open>)]
2026-03-16 16:57:57 [http-nio-8080-exec-6] DEBUG o.s.orm.jpa.JpaTransactionManager - Closing JPA EntityManager [SessionImpl(169284504<open>)] after transaction
2026-03-16 16:57:57 [http-nio-8080-exec-6] INFO  c.c.p.a.c.menu.MenuController - getLeftMenu returned 3 items
2026-03-16 16:57:57 [http-nio-8080-exec-6] DEBUG o.s.w.s.m.m.a.HttpEntityMethodProcessor - Using 'application/json', given [application/json, text/plain, */*] and supported [application/json, application/*+json, application/yaml]
2026-03-16 16:57:57 [http-nio-8080-exec-6] TRACE o.s.w.s.m.m.a.HttpEntityMethodProcessor - Writing [ApiResponse[success=true, status=200, code=COMMON_001, message=Success, data={list=[com.company.project.service.menu.dto.MenuDto@14bcabe3, com.company.project.service.menu.dto.MenuDto@89eb98e, com.company.project.service.menu.dto.MenuDto@125690fc]}, timestamp=2026-03-16T16:57:57.658367700]]
2026-03-16 16:57:57 [http-nio-8080-exec-6] INFO  c.c.p.a.i.OperationalAuditInterceptor - API Audit Log: URL=/api/v1/menu/left, User=webmaster, IP=127.0.0.1
2026-03-16 16:57:57 [http-nio-8080-exec-6] DEBUG o.s.web.servlet.DispatcherServlet - Completed 200 OK
2026-03-16 16:57:57 [http-nio-8080-exec-2] DEBUG c.c.p.s.jwt.JwtAuthenticationFilter - >>> [JwtFilter] Processing request: GET /api/v1/menu/left
2026-03-16 16:57:57 [http-nio-8080-exec-2] DEBUG c.c.p.s.jwt.JwtAuthenticationFilter - >>> [JwtFilter] Found token in header for path: /api/v1/menu/left
2026-03-16 16:57:57 [http-nio-8080-exec-2] DEBUG o.s.orm.jpa.JpaTransactionManager - Creating new transaction with name [com.company.project.security.iam.CustomUserDetailsService.loadUserByUsername]: PROPAGATION_REQUIRED,ISOLATION_DEFAULT,readOnly
2026-03-16 16:57:57 [http-nio-8080-exec-2] DEBUG o.s.orm.jpa.JpaTransactionManager - Opened new EntityManager [SessionImpl(152269530<open>)] for JPA transaction
2026-03-16 16:57:57 [http-nio-8080-exec-2] DEBUG o.s.orm.jpa.JpaTransactionManager - Exposing JPA transaction as JDBC [org.springframework.orm.jpa.vendor.HibernateJpaDialect$HibernateConnectionHandle@5172630c]
2026-03-16 16:57:57 [http-nio-8080-exec-2] DEBUG o.s.orm.jpa.JpaTransactionManager - Found thread-bound EntityManager [SessionImpl(152269530<open>)] for JPA transaction
2026-03-16 16:57:57 [http-nio-8080-exec-2] DEBUG o.s.orm.jpa.JpaTransactionManager - Participating in existing transaction
2026-03-16 16:57:57 [http-nio-8080-exec-2] DEBUG org.hibernate.SQL - select u1_0.emplyr_id,u1_0.area_no,u1_0.brthdy,u1_0.chg_pwd_cnt,u1_0.frst_register_id,u1_0.frst_regist_pnttm,u1_0.detail_adres,u1_0.email_adres,u1_0.emplyr_sttus_code,u1_0.empl_no,u1_0.esntl_id,u1_0.fxnum,u1_0.group_id,u1_0.house_adres,u1_0.house_end_telno,u1_0.house_middle_telno,u1_0.ihidnum,u1_0.pstinst_code,u1_0.last_updusr_id,u1_0.last_updt_pnttm,u1_0.lock_at,u1_0.lock_cnt,u1_0.lock_last_pnttm,u1_0.mbtlnum,u1_0.ofcps_nm,u1_0.offm_telno,u1_0.orgnzt_id,u1_0.password,u1_0.password_cnsr,u1_0.password_hint,u1_0.chg_pwd_last_pnttm,u1_0.role,u1_0.sbscrb_de,u1_0.sexdstn_code,u1_0.crtfc_dn_value,u1_0.user_nm,u1_0.zip from nemplyrinfo u1_0 where u1_0.emplyr_id=?
2026-03-16 16:57:57 [http-nio-8080-exec-2] DEBUG o.s.orm.jpa.JpaTransactionManager - Found thread-bound EntityManager [SessionImpl(152269530<open>)] for JPA transaction
2026-03-16 16:57:57 [http-nio-8080-exec-2] DEBUG o.s.orm.jpa.JpaTransactionManager - Participating in existing transaction
2026-03-16 16:57:57 [http-nio-8080-exec-2] DEBUG org.hibernate.SQL - select ua1_0.scrty_dtrmn_trget_id,ua1_0.author_code,ua1_0.frst_register_id,ua1_0.frst_regist_pnttm,ua1_0.last_updusr_id,ua1_0.last_updt_pnttm,ua1_0.mber_ty_code from nemplyrscrtyestbs ua1_0 where ua1_0.scrty_dtrmn_trget_id=?
2026-03-16 16:57:58 [http-nio-8080-exec-2] DEBUG o.s.orm.jpa.JpaTransactionManager - Initiating transaction commit
2026-03-16 16:57:58 [http-nio-8080-exec-2] DEBUG o.s.orm.jpa.JpaTransactionManager - Committing JPA transaction on EntityManager [SessionImpl(152269530<open>)]
2026-03-16 16:57:58 [http-nio-8080-exec-2] DEBUG o.s.orm.jpa.JpaTransactionManager - Closing JPA EntityManager [SessionImpl(152269530<open>)] after transaction
2026-03-16 16:57:58 [http-nio-8080-exec-2] DEBUG c.c.p.s.jwt.JwtAuthenticationFilter - >>> [JwtFilter] Successfully authenticated user: USRCNFRM_99999999999, Authorities: [ROLE_ADMIN]
2026-03-16 16:57:58 [http-nio-8080-exec-2] DEBUG o.s.web.servlet.DispatcherServlet - GET "/api/v1/menu/left?menuNo=60", parameters={masked}
2026-03-16 16:57:58 [http-nio-8080-exec-2] TRACE o.s.w.s.m.m.a.RequestMappingHandlerMapping - Mapped to com.company.project.api.controller.menu.MenuController#getLeftMenu(Long)
2026-03-16 16:57:58 [http-nio-8080-exec-2] INFO  c.c.p.a.c.menu.MenuController - getLeftMenu called with menuNo=60
2026-03-16 16:57:58 [http-nio-8080-exec-2] DEBUG o.s.orm.jpa.JpaTransactionManager - Creating new transaction with name [com.company.project.service.menu.MenuService.getSubMenus]: PROPAGATION_REQUIRED,ISOLATION_DEFAULT,readOnly
2026-03-16 16:57:58 [http-nio-8080-exec-2] DEBUG o.s.orm.jpa.JpaTransactionManager - Opened new EntityManager [SessionImpl(1966188368<open>)] for JPA transaction
2026-03-16 16:57:58 [http-nio-8080-exec-2] DEBUG o.s.orm.jpa.JpaTransactionManager - Exposing JPA transaction as JDBC [org.springframework.orm.jpa.vendor.HibernateJpaDialect$HibernateConnectionHandle@298e7a64]
2026-03-16 16:57:58 [http-nio-8080-exec-2] DEBUG org.hibernate.SQL - select m1_0.menu_no,m1_0.menu_dc,m1_0.menu_nm,m1_0.menu_ordr,m1_0.modern_route,m1_0.progrm_file_nm,m1_0.relate_image_nm,m1_0.relate_image_path,m1_0.route_updated_at,m1_0.upper_menu_no from nmenuinfo m1_0 order by m1_0.upper_menu_no,m1_0.menu_ordr
2026-03-16 16:57:58 [http-nio-8080-exec-2] DEBUG o.s.orm.jpa.JpaTransactionManager - Found thread-bound EntityManager [SessionImpl(1966188368<open>)] for JPA transaction
2026-03-16 16:57:58 [http-nio-8080-exec-2] DEBUG o.s.orm.jpa.JpaTransactionManager - Participating in existing transaction
2026-03-16 16:57:58 [http-nio-8080-exec-2] DEBUG org.hibernate.SQL - select p1_0.progrm_file_nm,p1_0.progrm_dc,p1_0.progrm_korean_nm,p1_0.progrm_stre_path,p1_0.url from nprogrmlist p1_0
2026-03-16 16:57:58 [http-nio-8080-exec-2] DEBUG o.s.orm.jpa.JpaTransactionManager - Initiating transaction commit
2026-03-16 16:57:58 [http-nio-8080-exec-2] DEBUG o.s.orm.jpa.JpaTransactionManager - Committing JPA transaction on EntityManager [SessionImpl(1966188368<open>)]
2026-03-16 16:57:58 [http-nio-8080-exec-2] DEBUG o.s.orm.jpa.JpaTransactionManager - Closing JPA EntityManager [SessionImpl(1966188368<open>)] after transaction
2026-03-16 16:57:58 [http-nio-8080-exec-2] INFO  c.c.p.a.c.menu.MenuController - getLeftMenu returned 1 items
2026-03-16 16:57:58 [http-nio-8080-exec-2] DEBUG o.s.w.s.m.m.a.HttpEntityMethodProcessor - Using 'application/json', given [application/json, text/plain, */*] and supported [application/json, application/*+json, application/yaml]
2026-03-16 16:57:58 [http-nio-8080-exec-2] TRACE o.s.w.s.m.m.a.HttpEntityMethodProcessor - Writing [ApiResponse[success=true, status=200, code=COMMON_001, message=Success, data={list=[com.company.project.service.menu.dto.MenuDto@4abf0dd0]}, timestamp=2026-03-16T16:57:58.920617900]]
2026-03-16 16:57:58 [http-nio-8080-exec-2] INFO  c.c.p.a.i.OperationalAuditInterceptor - API Audit Log: URL=/api/v1/menu/left, User=webmaster, IP=127.0.0.1
2026-03-16 16:57:58 [http-nio-8080-exec-2] DEBUG o.s.web.servlet.DispatcherServlet - Completed 200 OK
2026-03-16 16:57:59 [http-nio-8080-exec-4] DEBUG o.s.w.s.h.LoggingWebSocketHandlerDecorator - WebSocketServerSockJsSession[id=nxp10f1q] closed with CloseStatus[code=1001, reason=null]
2026-03-16 16:57:59 [http-nio-8080-exec-4] DEBUG o.s.w.s.m.SubProtocolWebSocketHandler - Clearing session nxp10f1q
2026-03-16 16:57:59 [scheduling-1] DEBUG org.springframework.web.SimpLogging - Processing DISCONNECT session=nxp10f1q
2026-03-16 16:57:59 [scheduling-1] DEBUG o.s.w.s.m.SubProtocolWebSocketHandler - No session for GenericMessage [payload=byte[0], headers={simpMessageType=DISCONNECT_ACK, simpDisconnectMessage=GenericMessage [payload=byte[0], headers={simpMessageType=DISCONNECT, stompCommand=DISCONNECT, simpSessionAttributes={org.springframework.messaging.simp.SimpAttributes.COMPLETED=true}, simpSessionId=nxp10f1q}], simpSessionId=nxp10f1q}]
2026-03-16 16:57:59 [http-nio-8080-exec-9] DEBUG c.c.p.s.jwt.JwtAuthenticationFilter - >>> [JwtFilter] Processing request: GET /api/v1/dashboard
2026-03-16 16:57:59 [http-nio-8080-exec-3] DEBUG c.c.p.s.jwt.JwtAuthenticationFilter - >>> [JwtFilter] Processing request: GET /api/v1/menu/head
2026-03-16 16:57:59 [http-nio-8080-exec-9] DEBUG c.c.p.s.jwt.JwtAuthenticationFilter - >>> [JwtFilter] Found token in header for path: /api/v1/dashboard
2026-03-16 16:57:59 [http-nio-8080-exec-3] DEBUG c.c.p.s.jwt.JwtAuthenticationFilter - >>> [JwtFilter] Found token in header for path: /api/v1/menu/head
2026-03-16 16:57:59 [http-nio-8080-exec-3] DEBUG o.s.orm.jpa.JpaTransactionManager - Creating new transaction with name [com.company.project.security.iam.CustomUserDetailsService.loadUserByUsername]: PROPAGATION_REQUIRED,ISOLATION_DEFAULT,readOnly
2026-03-16 16:57:59 [http-nio-8080-exec-3] DEBUG o.s.orm.jpa.JpaTransactionManager - Opened new EntityManager [SessionImpl(1578071833<open>)] for JPA transaction
2026-03-16 16:57:59 [http-nio-8080-exec-9] DEBUG o.s.orm.jpa.JpaTransactionManager - Creating new transaction with name [com.company.project.security.iam.CustomUserDetailsService.loadUserByUsername]: PROPAGATION_REQUIRED,ISOLATION_DEFAULT,readOnly
2026-03-16 16:57:59 [http-nio-8080-exec-9] DEBUG o.s.orm.jpa.JpaTransactionManager - Opened new EntityManager [SessionImpl(147458808<open>)] for JPA transaction
2026-03-16 16:57:59 [http-nio-8080-exec-9] DEBUG o.s.orm.jpa.JpaTransactionManager - Exposing JPA transaction as JDBC [org.springframework.orm.jpa.vendor.HibernateJpaDialect$HibernateConnectionHandle@45c5ce7d]
2026-03-16 16:57:59 [http-nio-8080-exec-9] DEBUG o.s.orm.jpa.JpaTransactionManager - Found thread-bound EntityManager [SessionImpl(147458808<open>)] for JPA transaction
2026-03-16 16:57:59 [http-nio-8080-exec-9] DEBUG o.s.orm.jpa.JpaTransactionManager - Participating in existing transaction
2026-03-16 16:57:59 [http-nio-8080-exec-9] DEBUG org.hibernate.SQL - select u1_0.emplyr_id,u1_0.area_no,u1_0.brthdy,u1_0.chg_pwd_cnt,u1_0.frst_register_id,u1_0.frst_regist_pnttm,u1_0.detail_adres,u1_0.email_adres,u1_0.emplyr_sttus_code,u1_0.empl_no,u1_0.esntl_id,u1_0.fxnum,u1_0.group_id,u1_0.house_adres,u1_0.house_end_telno,u1_0.house_middle_telno,u1_0.ihidnum,u1_0.pstinst_code,u1_0.last_updusr_id,u1_0.last_updt_pnttm,u1_0.lock_at,u1_0.lock_cnt,u1_0.lock_last_pnttm,u1_0.mbtlnum,u1_0.ofcps_nm,u1_0.offm_telno,u1_0.orgnzt_id,u1_0.password,u1_0.password_cnsr,u1_0.password_hint,u1_0.chg_pwd_last_pnttm,u1_0.role,u1_0.sbscrb_de,u1_0.sexdstn_code,u1_0.crtfc_dn_value,u1_0.user_nm,u1_0.zip from nemplyrinfo u1_0 where u1_0.emplyr_id=?
2026-03-16 16:57:59 [http-nio-8080-exec-3] DEBUG o.s.orm.jpa.JpaTransactionManager - Exposing JPA transaction as JDBC [org.springframework.orm.jpa.vendor.HibernateJpaDialect$HibernateConnectionHandle@4642927c]
2026-03-16 16:57:59 [http-nio-8080-exec-3] DEBUG o.s.orm.jpa.JpaTransactionManager - Found thread-bound EntityManager [SessionImpl(1578071833<open>)] for JPA transaction
2026-03-16 16:57:59 [http-nio-8080-exec-3] DEBUG o.s.orm.jpa.JpaTransactionManager - Participating in existing transaction
2026-03-16 16:57:59 [http-nio-8080-exec-3] DEBUG org.hibernate.SQL - select u1_0.emplyr_id,u1_0.area_no,u1_0.brthdy,u1_0.chg_pwd_cnt,u1_0.frst_register_id,u1_0.frst_regist_pnttm,u1_0.detail_adres,u1_0.email_adres,u1_0.emplyr_sttus_code,u1_0.empl_no,u1_0.esntl_id,u1_0.fxnum,u1_0.group_id,u1_0.house_adres,u1_0.house_end_telno,u1_0.house_middle_telno,u1_0.ihidnum,u1_0.pstinst_code,u1_0.last_updusr_id,u1_0.last_updt_pnttm,u1_0.lock_at,u1_0.lock_cnt,u1_0.lock_last_pnttm,u1_0.mbtlnum,u1_0.ofcps_nm,u1_0.offm_telno,u1_0.orgnzt_id,u1_0.password,u1_0.password_cnsr,u1_0.password_hint,u1_0.chg_pwd_last_pnttm,u1_0.role,u1_0.sbscrb_de,u1_0.sexdstn_code,u1_0.crtfc_dn_value,u1_0.user_nm,u1_0.zip from nemplyrinfo u1_0 where u1_0.emplyr_id=?
2026-03-16 16:58:00 [http-nio-8080-exec-9] DEBUG o.s.orm.jpa.JpaTransactionManager - Found thread-bound EntityManager [SessionImpl(147458808<open>)] for JPA transaction
2026-03-16 16:58:00 [http-nio-8080-exec-9] DEBUG o.s.orm.jpa.JpaTransactionManager - Participating in existing transaction
2026-03-16 16:58:00 [http-nio-8080-exec-9] DEBUG org.hibernate.SQL - select ua1_0.scrty_dtrmn_trget_id,ua1_0.author_code,ua1_0.frst_register_id,ua1_0.frst_regist_pnttm,ua1_0.last_updusr_id,ua1_0.last_updt_pnttm,ua1_0.mber_ty_code from nemplyrscrtyestbs ua1_0 where ua1_0.scrty_dtrmn_trget_id=?
2026-03-16 16:58:00 [http-nio-8080-exec-3] DEBUG o.s.orm.jpa.JpaTransactionManager - Found thread-bound EntityManager [SessionImpl(1578071833<open>)] for JPA transaction
2026-03-16 16:58:00 [http-nio-8080-exec-3] DEBUG o.s.orm.jpa.JpaTransactionManager - Participating in existing transaction
2026-03-16 16:58:00 [http-nio-8080-exec-3] DEBUG org.hibernate.SQL - select ua1_0.scrty_dtrmn_trget_id,ua1_0.author_code,ua1_0.frst_register_id,ua1_0.frst_regist_pnttm,ua1_0.last_updusr_id,ua1_0.last_updt_pnttm,ua1_0.mber_ty_code from nemplyrscrtyestbs ua1_0 where ua1_0.scrty_dtrmn_trget_id=?
2026-03-16 16:58:00 [http-nio-8080-exec-9] DEBUG o.s.orm.jpa.JpaTransactionManager - Initiating transaction commit
2026-03-16 16:58:00 [http-nio-8080-exec-9] DEBUG o.s.orm.jpa.JpaTransactionManager - Committing JPA transaction on EntityManager [SessionImpl(147458808<open>)]
2026-03-16 16:58:00 [http-nio-8080-exec-3] DEBUG o.s.orm.jpa.JpaTransactionManager - Initiating transaction commit
2026-03-16 16:58:00 [http-nio-8080-exec-3] DEBUG o.s.orm.jpa.JpaTransactionManager - Committing JPA transaction on EntityManager [SessionImpl(1578071833<open>)]
2026-03-16 16:58:00 [http-nio-8080-exec-9] DEBUG o.s.orm.jpa.JpaTransactionManager - Closing JPA EntityManager [SessionImpl(147458808<open>)] after transaction
2026-03-16 16:58:00 [http-nio-8080-exec-9] DEBUG c.c.p.s.jwt.JwtAuthenticationFilter - >>> [JwtFilter] Successfully authenticated user: USRCNFRM_99999999999, Authorities: [ROLE_ADMIN]
2026-03-16 16:58:00 [http-nio-8080-exec-9] DEBUG o.s.web.servlet.DispatcherServlet - GET "/api/v1/dashboard", parameters={}
2026-03-16 16:58:00 [http-nio-8080-exec-9] TRACE o.s.w.s.m.m.a.RequestMappingHandlerMapping - Mapped to com.company.project.api.controller.main.DashboardController#getDashboardData(UserDetails)
2026-03-16 16:58:00 [http-nio-8080-exec-9] INFO  c.c.p.a.c.main.DashboardController - >>> [Dashboard] Fetching data for user: USRCNFRM_99999999999
2026-03-16 16:58:00 [http-nio-8080-exec-9] DEBUG o.s.orm.jpa.JpaTransactionManager - Creating new transaction with name [com.company.project.service.board.BoardService.getBoardPosts]: PROPAGATION_REQUIRED,ISOLATION_DEFAULT,readOnly
2026-03-16 16:58:00 [http-nio-8080-exec-9] DEBUG o.s.orm.jpa.JpaTransactionManager - Opened new EntityManager [SessionImpl(1469814019<open>)] for JPA transaction
2026-03-16 16:58:00 [http-nio-8080-exec-9] DEBUG o.s.orm.jpa.JpaTransactionManager - Exposing JPA transaction as JDBC [org.springframework.orm.jpa.vendor.HibernateJpaDialect$HibernateConnectionHandle@57388cd9]
2026-03-16 16:58:00 [http-nio-8080-exec-9] DEBUG o.s.orm.jpa.JpaTransactionManager - Found thread-bound EntityManager [SessionImpl(1469814019<open>)] for JPA transaction
2026-03-16 16:58:00 [http-nio-8080-exec-9] DEBUG o.s.orm.jpa.JpaTransactionManager - Participating in existing transaction
2026-03-16 16:58:00 [http-nio-8080-exec-9] DEBUG org.hibernate.SQL - select bm1_0.bbs_id,bm1_0.atch_posbl_file_number,bm1_0.atch_posbl_file_size,bm1_0.bbs_attrb_code,bm1_0.bbs_intrcn,bm1_0.bbs_nm,bm1_0.bbs_ty_code,bm1_0.blog_at,bm1_0.blog_id,bm1_0.cmmnty_id,bm1_0.frst_register_id,bm1_0.frst_regist_pnttm,bm1_0.file_atch_posbl_at,bm1_0.last_updusr_id,bm1_0.last_updt_pnttm,bm1_0.reply_posbl_at,bm1_0.tmplat_id,bm1_0.use_at,bm1_1.answer_at,bm1_1.stsfdg_at from nbbsmaster bm1_0 left join nbbsmasteroptn bm1_1 on bm1_0.bbs_id=bm1_1.bbs_id where bm1_0.bbs_id=?
2026-03-16 16:58:00 [http-nio-8080-exec-3] DEBUG o.s.orm.jpa.JpaTransactionManager - Closing JPA EntityManager [SessionImpl(1578071833<open>)] after transaction
2026-03-16 16:58:00 [http-nio-8080-exec-3] DEBUG c.c.p.s.jwt.JwtAuthenticationFilter - >>> [JwtFilter] Successfully authenticated user: USRCNFRM_99999999999, Authorities: [ROLE_ADMIN]
2026-03-16 16:58:00 [http-nio-8080-exec-3] DEBUG o.s.web.servlet.DispatcherServlet - GET "/api/v1/menu/head", parameters={}
2026-03-16 16:58:00 [http-nio-8080-exec-3] TRACE o.s.w.s.m.m.a.RequestMappingHandlerMapping - Mapped to com.company.project.api.controller.menu.MenuController#getHeadMenu()
2026-03-16 16:58:00 [http-nio-8080-exec-3] INFO  c.c.p.a.c.menu.MenuController - getHeadMenu called
2026-03-16 16:58:00 [http-nio-8080-exec-3] INFO  c.c.p.a.c.menu.MenuController - getHeadMenu returned 5 items
2026-03-16 16:58:00 [http-nio-8080-exec-3] DEBUG o.s.w.s.m.m.a.HttpEntityMethodProcessor - Using 'application/json', given [application/json, text/plain, */*] and supported [application/json, application/*+json, application/yaml]
2026-03-16 16:58:00 [http-nio-8080-exec-3] TRACE o.s.w.s.m.m.a.HttpEntityMethodProcessor - Writing [ApiResponse[success=true, status=200, code=COMMON_001, message=Success, data={list=[com.company.project.service.menu.dto.MenuDto@2b80d6b0, com.company.project.service.menu.dto.MenuDto@1418cfa3, com.company.project.service.menu.dto.MenuDto@f230bf1, com.company.project.service.menu.dto.MenuDto@734a7f6a, com.company.project.service.menu.dto.MenuDto@5e5202e5]}, timestamp=2026-03-16T16:58:00.415326400]]
2026-03-16 16:58:00 [http-nio-8080-exec-3] INFO  c.c.p.a.i.OperationalAuditInterceptor - API Audit Log: URL=/api/v1/menu/head, User=webmaster, IP=0:0:0:0:0:0:0:1
2026-03-16 16:58:00 [http-nio-8080-exec-3] DEBUG o.s.web.servlet.DispatcherServlet - Completed 200 OK
2026-03-16 16:58:00 [http-nio-8080-exec-7] DEBUG c.c.p.s.jwt.JwtAuthenticationFilter - >>> [JwtFilter] Processing request: GET /api/v1/menu/left
2026-03-16 16:58:00 [http-nio-8080-exec-7] DEBUG c.c.p.s.jwt.JwtAuthenticationFilter - >>> [JwtFilter] Found token in header for path: /api/v1/menu/left
2026-03-16 16:58:00 [http-nio-8080-exec-7] DEBUG o.s.orm.jpa.JpaTransactionManager - Creating new transaction with name [com.company.project.security.iam.CustomUserDetailsService.loadUserByUsername]: PROPAGATION_REQUIRED,ISOLATION_DEFAULT,readOnly
2026-03-16 16:58:00 [http-nio-8080-exec-7] DEBUG o.s.orm.jpa.JpaTransactionManager - Opened new EntityManager [SessionImpl(2107516249<open>)] for JPA transaction
2026-03-16 16:58:00 [http-nio-8080-exec-1] DEBUG c.c.p.s.jwt.JwtAuthenticationFilter - >>> [JwtFilter] Processing request: GET /api/v1/menu/left
2026-03-16 16:58:00 [http-nio-8080-exec-1] DEBUG c.c.p.s.jwt.JwtAuthenticationFilter - >>> [JwtFilter] Found token in header for path: /api/v1/menu/left
2026-03-16 16:58:00 [http-nio-8080-exec-10] DEBUG c.c.p.s.jwt.JwtAuthenticationFilter - >>> [JwtFilter] Processing request: GET /api/v1/menu/left
2026-03-16 16:58:00 [http-nio-8080-exec-10] DEBUG c.c.p.s.jwt.JwtAuthenticationFilter - >>> [JwtFilter] Found token in header for path: /api/v1/menu/left
2026-03-16 16:58:00 [http-nio-8080-exec-8] DEBUG c.c.p.s.jwt.JwtAuthenticationFilter - >>> [JwtFilter] Processing request: GET /api/v1/menu/left
2026-03-16 16:58:00 [http-nio-8080-exec-1] DEBUG o.s.orm.jpa.JpaTransactionManager - Creating new transaction with name [com.company.project.security.iam.CustomUserDetailsService.loadUserByUsername]: PROPAGATION_REQUIRED,ISOLATION_DEFAULT,readOnly
2026-03-16 16:58:00 [http-nio-8080-exec-8] DEBUG c.c.p.s.jwt.JwtAuthenticationFilter - >>> [JwtFilter] Found token in header for path: /api/v1/menu/left
2026-03-16 16:58:00 [http-nio-8080-exec-6] DEBUG c.c.p.s.jwt.JwtAuthenticationFilter - >>> [JwtFilter] Processing request: GET /api/v1/menu/left
2026-03-16 16:58:00 [http-nio-8080-exec-1] DEBUG o.s.orm.jpa.JpaTransactionManager - Opened new EntityManager [SessionImpl(158927240<open>)] for JPA transaction
2026-03-16 16:58:00 [http-nio-8080-exec-10] DEBUG o.s.orm.jpa.JpaTransactionManager - Creating new transaction with name [com.company.project.security.iam.CustomUserDetailsService.loadUserByUsername]: PROPAGATION_REQUIRED,ISOLATION_DEFAULT,readOnly
2026-03-16 16:58:00 [http-nio-8080-exec-6] DEBUG c.c.p.s.jwt.JwtAuthenticationFilter - >>> [JwtFilter] Found token in header for path: /api/v1/menu/left
2026-03-16 16:58:00 [http-nio-8080-exec-10] DEBUG o.s.orm.jpa.JpaTransactionManager - Opened new EntityManager [SessionImpl(2004225019<open>)] for JPA transaction
2026-03-16 16:58:00 [http-nio-8080-exec-8] DEBUG o.s.orm.jpa.JpaTransactionManager - Creating new transaction with name [com.company.project.security.iam.CustomUserDetailsService.loadUserByUsername]: PROPAGATION_REQUIRED,ISOLATION_DEFAULT,readOnly
2026-03-16 16:58:00 [http-nio-8080-exec-8] DEBUG o.s.orm.jpa.JpaTransactionManager - Opened new EntityManager [SessionImpl(694792726<open>)] for JPA transaction
2026-03-16 16:58:00 [http-nio-8080-exec-6] DEBUG o.s.orm.jpa.JpaTransactionManager - Creating new transaction with name [com.company.project.security.iam.CustomUserDetailsService.loadUserByUsername]: PROPAGATION_REQUIRED,ISOLATION_DEFAULT,readOnly
2026-03-16 16:58:00 [http-nio-8080-exec-6] DEBUG o.s.orm.jpa.JpaTransactionManager - Opened new EntityManager [SessionImpl(1285720654<open>)] for JPA transaction
2026-03-16 16:58:00 [http-nio-8080-exec-9] DEBUG org.hibernate.SQL - select b1_0.ntt_id,b1_0.bbs_id,b1_0.ntt_sj,b1_0.ntcr_nm,b1_0.frst_regist_pnttm,b1_0.rdcnt,b1_0.answer_at,b1_0.parntsctt_no,b1_0.answer_lc,b1_0.sort_ordr,b1_0.ntt_no,b1_0.notice_at,b1_0.secret_at,b1_0.comment_co from nbbs b1_0 left join nemplyrinfo u1_0 on b1_0.frst_register_id=u1_0.esntl_id where (b1_0.use_at = 'Y') and b1_0.bbs_id=? order by b1_0.sort_ordr desc,b1_0.ntt_no offset ? rows fetch first ? rows only
2026-03-16 16:58:00 [http-nio-8080-exec-1] DEBUG o.s.orm.jpa.JpaTransactionManager - Exposing JPA transaction as JDBC [org.springframework.orm.jpa.vendor.HibernateJpaDialect$HibernateConnectionHandle@124a3f]
2026-03-16 16:58:00 [http-nio-8080-exec-1] DEBUG o.s.orm.jpa.JpaTransactionManager - Found thread-bound EntityManager [SessionImpl(158927240<open>)] for JPA transaction
2026-03-16 16:58:00 [http-nio-8080-exec-1] DEBUG o.s.orm.jpa.JpaTransactionManager - Participating in existing transaction
2026-03-16 16:58:00 [http-nio-8080-exec-1] DEBUG org.hibernate.SQL - select u1_0.emplyr_id,u1_0.area_no,u1_0.brthdy,u1_0.chg_pwd_cnt,u1_0.frst_register_id,u1_0.frst_regist_pnttm,u1_0.detail_adres,u1_0.email_adres,u1_0.emplyr_sttus_code,u1_0.empl_no,u1_0.esntl_id,u1_0.fxnum,u1_0.group_id,u1_0.house_adres,u1_0.house_end_telno,u1_0.house_middle_telno,u1_0.ihidnum,u1_0.pstinst_code,u1_0.last_updusr_id,u1_0.last_updt_pnttm,u1_0.lock_at,u1_0.lock_cnt,u1_0.lock_last_pnttm,u1_0.mbtlnum,u1_0.ofcps_nm,u1_0.offm_telno,u1_0.orgnzt_id,u1_0.password,u1_0.password_cnsr,u1_0.password_hint,u1_0.chg_pwd_last_pnttm,u1_0.role,u1_0.sbscrb_de,u1_0.sexdstn_code,u1_0.crtfc_dn_value,u1_0.user_nm,u1_0.zip from nemplyrinfo u1_0 where u1_0.emplyr_id=?
2026-03-16 16:58:00 [http-nio-8080-exec-7] DEBUG o.s.orm.jpa.JpaTransactionManager - Exposing JPA transaction as JDBC [org.springframework.orm.jpa.vendor.HibernateJpaDialect$HibernateConnectionHandle@49a843b7]
2026-03-16 16:58:00 [http-nio-8080-exec-7] DEBUG o.s.orm.jpa.JpaTransactionManager - Found thread-bound EntityManager [SessionImpl(2107516249<open>)] for JPA transaction
2026-03-16 16:58:00 [http-nio-8080-exec-7] DEBUG o.s.orm.jpa.JpaTransactionManager - Participating in existing transaction
2026-03-16 16:58:00 [http-nio-8080-exec-7] DEBUG org.hibernate.SQL - select u1_0.emplyr_id,u1_0.area_no,u1_0.brthdy,u1_0.chg_pwd_cnt,u1_0.frst_register_id,u1_0.frst_regist_pnttm,u1_0.detail_adres,u1_0.email_adres,u1_0.emplyr_sttus_code,u1_0.empl_no,u1_0.esntl_id,u1_0.fxnum,u1_0.group_id,u1_0.house_adres,u1_0.house_end_telno,u1_0.house_middle_telno,u1_0.ihidnum,u1_0.pstinst_code,u1_0.last_updusr_id,u1_0.last_updt_pnttm,u1_0.lock_at,u1_0.lock_cnt,u1_0.lock_last_pnttm,u1_0.mbtlnum,u1_0.ofcps_nm,u1_0.offm_telno,u1_0.orgnzt_id,u1_0.password,u1_0.password_cnsr,u1_0.password_hint,u1_0.chg_pwd_last_pnttm,u1_0.role,u1_0.sbscrb_de,u1_0.sexdstn_code,u1_0.crtfc_dn_value,u1_0.user_nm,u1_0.zip from nemplyrinfo u1_0 where u1_0.emplyr_id=?
2026-03-16 16:58:00 [http-nio-8080-exec-10] DEBUG o.s.orm.jpa.JpaTransactionManager - Exposing JPA transaction as JDBC [org.springframework.orm.jpa.vendor.HibernateJpaDialect$HibernateConnectionHandle@3d497b98]
2026-03-16 16:58:00 [http-nio-8080-exec-6] DEBUG o.s.orm.jpa.JpaTransactionManager - Exposing JPA transaction as JDBC [org.springframework.orm.jpa.vendor.HibernateJpaDialect$HibernateConnectionHandle@3db0c38a]
2026-03-16 16:58:00 [http-nio-8080-exec-10] DEBUG o.s.orm.jpa.JpaTransactionManager - Found thread-bound EntityManager [SessionImpl(2004225019<open>)] for JPA transaction
2026-03-16 16:58:00 [http-nio-8080-exec-10] DEBUG o.s.orm.jpa.JpaTransactionManager - Participating in existing transaction
2026-03-16 16:58:00 [http-nio-8080-exec-8] DEBUG o.s.orm.jpa.JpaTransactionManager - Exposing JPA transaction as JDBC [org.springframework.orm.jpa.vendor.HibernateJpaDialect$HibernateConnectionHandle@6cde188e]
2026-03-16 16:58:00 [http-nio-8080-exec-6] DEBUG o.s.orm.jpa.JpaTransactionManager - Found thread-bound EntityManager [SessionImpl(1285720654<open>)] for JPA transaction
2026-03-16 16:58:00 [http-nio-8080-exec-10] DEBUG org.hibernate.SQL - select u1_0.emplyr_id,u1_0.area_no,u1_0.brthdy,u1_0.chg_pwd_cnt,u1_0.frst_register_id,u1_0.frst_regist_pnttm,u1_0.detail_adres,u1_0.email_adres,u1_0.emplyr_sttus_code,u1_0.empl_no,u1_0.esntl_id,u1_0.fxnum,u1_0.group_id,u1_0.house_adres,u1_0.house_end_telno,u1_0.house_middle_telno,u1_0.ihidnum,u1_0.pstinst_code,u1_0.last_updusr_id,u1_0.last_updt_pnttm,u1_0.lock_at,u1_0.lock_cnt,u1_0.lock_last_pnttm,u1_0.mbtlnum,u1_0.ofcps_nm,u1_0.offm_telno,u1_0.orgnzt_id,u1_0.password,u1_0.password_cnsr,u1_0.password_hint,u1_0.chg_pwd_last_pnttm,u1_0.role,u1_0.sbscrb_de,u1_0.sexdstn_code,u1_0.crtfc_dn_value,u1_0.user_nm,u1_0.zip from nemplyrinfo u1_0 where u1_0.emplyr_id=?
2026-03-16 16:58:00 [http-nio-8080-exec-8] DEBUG o.s.orm.jpa.JpaTransactionManager - Found thread-bound EntityManager [SessionImpl(694792726<open>)] for JPA transaction
2026-03-16 16:58:00 [http-nio-8080-exec-8] DEBUG o.s.orm.jpa.JpaTransactionManager - Participating in existing transaction
2026-03-16 16:58:00 [http-nio-8080-exec-6] DEBUG o.s.orm.jpa.JpaTransactionManager - Participating in existing transaction
2026-03-16 16:58:00 [http-nio-8080-exec-8] DEBUG org.hibernate.SQL - select u1_0.emplyr_id,u1_0.area_no,u1_0.brthdy,u1_0.chg_pwd_cnt,u1_0.frst_register_id,u1_0.frst_regist_pnttm,u1_0.detail_adres,u1_0.email_adres,u1_0.emplyr_sttus_code,u1_0.empl_no,u1_0.esntl_id,u1_0.fxnum,u1_0.group_id,u1_0.house_adres,u1_0.house_end_telno,u1_0.house_middle_telno,u1_0.ihidnum,u1_0.pstinst_code,u1_0.last_updusr_id,u1_0.last_updt_pnttm,u1_0.lock_at,u1_0.lock_cnt,u1_0.lock_last_pnttm,u1_0.mbtlnum,u1_0.ofcps_nm,u1_0.offm_telno,u1_0.orgnzt_id,u1_0.password,u1_0.password_cnsr,u1_0.password_hint,u1_0.chg_pwd_last_pnttm,u1_0.role,u1_0.sbscrb_de,u1_0.sexdstn_code,u1_0.crtfc_dn_value,u1_0.user_nm,u1_0.zip from nemplyrinfo u1_0 where u1_0.emplyr_id=?
2026-03-16 16:58:00 [http-nio-8080-exec-6] DEBUG org.hibernate.SQL - select u1_0.emplyr_id,u1_0.area_no,u1_0.brthdy,u1_0.chg_pwd_cnt,u1_0.frst_register_id,u1_0.frst_regist_pnttm,u1_0.detail_adres,u1_0.email_adres,u1_0.emplyr_sttus_code,u1_0.empl_no,u1_0.esntl_id,u1_0.fxnum,u1_0.group_id,u1_0.house_adres,u1_0.house_end_telno,u1_0.house_middle_telno,u1_0.ihidnum,u1_0.pstinst_code,u1_0.last_updusr_id,u1_0.last_updt_pnttm,u1_0.lock_at,u1_0.lock_cnt,u1_0.lock_last_pnttm,u1_0.mbtlnum,u1_0.ofcps_nm,u1_0.offm_telno,u1_0.orgnzt_id,u1_0.password,u1_0.password_cnsr,u1_0.password_hint,u1_0.chg_pwd_last_pnttm,u1_0.role,u1_0.sbscrb_de,u1_0.sexdstn_code,u1_0.crtfc_dn_value,u1_0.user_nm,u1_0.zip from nemplyrinfo u1_0 where u1_0.emplyr_id=?
2026-03-16 16:58:00 [http-nio-8080-exec-9] DEBUG org.hibernate.SQL - select count(b1_0.ntt_id) from nbbs b1_0 left join nemplyrinfo u1_0 on b1_0.frst_register_id=u1_0.esntl_id where (b1_0.use_at = 'Y') and b1_0.bbs_id=?
2026-03-16 16:58:00 [http-nio-8080-exec-1] DEBUG o.s.orm.jpa.JpaTransactionManager - Found thread-bound EntityManager [SessionImpl(158927240<open>)] for JPA transaction
2026-03-16 16:58:00 [http-nio-8080-exec-1] DEBUG o.s.orm.jpa.JpaTransactionManager - Participating in existing transaction
2026-03-16 16:58:00 [http-nio-8080-exec-1] DEBUG org.hibernate.SQL - select ua1_0.scrty_dtrmn_trget_id,ua1_0.author_code,ua1_0.frst_register_id,ua1_0.frst_regist_pnttm,ua1_0.last_updusr_id,ua1_0.last_updt_pnttm,ua1_0.mber_ty_code from nemplyrscrtyestbs ua1_0 where ua1_0.scrty_dtrmn_trget_id=?
2026-03-16 16:58:00 [http-nio-8080-exec-7] DEBUG o.s.orm.jpa.JpaTransactionManager - Found thread-bound EntityManager [SessionImpl(2107516249<open>)] for JPA transaction
2026-03-16 16:58:00 [http-nio-8080-exec-7] DEBUG o.s.orm.jpa.JpaTransactionManager - Participating in existing transaction
2026-03-16 16:58:00 [http-nio-8080-exec-7] DEBUG org.hibernate.SQL - select ua1_0.scrty_dtrmn_trget_id,ua1_0.author_code,ua1_0.frst_register_id,ua1_0.frst_regist_pnttm,ua1_0.last_updusr_id,ua1_0.last_updt_pnttm,ua1_0.mber_ty_code from nemplyrscrtyestbs ua1_0 where ua1_0.scrty_dtrmn_trget_id=?
2026-03-16 16:58:00 [http-nio-8080-exec-6] DEBUG o.s.orm.jpa.JpaTransactionManager - Found thread-bound EntityManager [SessionImpl(1285720654<open>)] for JPA transaction
2026-03-16 16:58:00 [http-nio-8080-exec-6] DEBUG o.s.orm.jpa.JpaTransactionManager - Participating in existing transaction
2026-03-16 16:58:00 [http-nio-8080-exec-6] DEBUG org.hibernate.SQL - select ua1_0.scrty_dtrmn_trget_id,ua1_0.author_code,ua1_0.frst_register_id,ua1_0.frst_regist_pnttm,ua1_0.last_updusr_id,ua1_0.last_updt_pnttm,ua1_0.mber_ty_code from nemplyrscrtyestbs ua1_0 where ua1_0.scrty_dtrmn_trget_id=?
2026-03-16 16:58:00 [http-nio-8080-exec-8] DEBUG o.s.orm.jpa.JpaTransactionManager - Found thread-bound EntityManager [SessionImpl(694792726<open>)] for JPA transaction
2026-03-16 16:58:00 [http-nio-8080-exec-8] DEBUG o.s.orm.jpa.JpaTransactionManager - Participating in existing transaction
2026-03-16 16:58:00 [http-nio-8080-exec-10] DEBUG o.s.orm.jpa.JpaTransactionManager - Found thread-bound EntityManager [SessionImpl(2004225019<open>)] for JPA transaction
2026-03-16 16:58:00 [http-nio-8080-exec-10] DEBUG o.s.orm.jpa.JpaTransactionManager - Participating in existing transaction
2026-03-16 16:58:00 [http-nio-8080-exec-8] DEBUG org.hibernate.SQL - select ua1_0.scrty_dtrmn_trget_id,ua1_0.author_code,ua1_0.frst_register_id,ua1_0.frst_regist_pnttm,ua1_0.last_updusr_id,ua1_0.last_updt_pnttm,ua1_0.mber_ty_code from nemplyrscrtyestbs ua1_0 where ua1_0.scrty_dtrmn_trget_id=?
2026-03-16 16:58:00 [http-nio-8080-exec-10] DEBUG org.hibernate.SQL - select ua1_0.scrty_dtrmn_trget_id,ua1_0.author_code,ua1_0.frst_register_id,ua1_0.frst_regist_pnttm,ua1_0.last_updusr_id,ua1_0.last_updt_pnttm,ua1_0.mber_ty_code from nemplyrscrtyestbs ua1_0 where ua1_0.scrty_dtrmn_trget_id=?
2026-03-16 16:58:00 [http-nio-8080-exec-9] DEBUG o.s.orm.jpa.JpaTransactionManager - Initiating transaction commit
2026-03-16 16:58:00 [http-nio-8080-exec-9] DEBUG o.s.orm.jpa.JpaTransactionManager - Committing JPA transaction on EntityManager [SessionImpl(1469814019<open>)]
2026-03-16 16:58:00 [http-nio-8080-exec-1] DEBUG o.s.orm.jpa.JpaTransactionManager - Initiating transaction commit
2026-03-16 16:58:00 [http-nio-8080-exec-1] DEBUG o.s.orm.jpa.JpaTransactionManager - Committing JPA transaction on EntityManager [SessionImpl(158927240<open>)]
2026-03-16 16:58:00 [http-nio-8080-exec-6] DEBUG o.s.orm.jpa.JpaTransactionManager - Initiating transaction commit
2026-03-16 16:58:00 [http-nio-8080-exec-6] DEBUG o.s.orm.jpa.JpaTransactionManager - Committing JPA transaction on EntityManager [SessionImpl(1285720654<open>)]
2026-03-16 16:58:00 [http-nio-8080-exec-7] DEBUG o.s.orm.jpa.JpaTransactionManager - Initiating transaction commit
2026-03-16 16:58:00 [http-nio-8080-exec-7] DEBUG o.s.orm.jpa.JpaTransactionManager - Committing JPA transaction on EntityManager [SessionImpl(2107516249<open>)]
2026-03-16 16:58:00 [http-nio-8080-exec-10] DEBUG o.s.orm.jpa.JpaTransactionManager - Initiating transaction commit
2026-03-16 16:58:00 [http-nio-8080-exec-8] DEBUG o.s.orm.jpa.JpaTransactionManager - Initiating transaction commit
2026-03-16 16:58:00 [http-nio-8080-exec-10] DEBUG o.s.orm.jpa.JpaTransactionManager - Committing JPA transaction on EntityManager [SessionImpl(2004225019<open>)]
2026-03-16 16:58:00 [http-nio-8080-exec-8] DEBUG o.s.orm.jpa.JpaTransactionManager - Committing JPA transaction on EntityManager [SessionImpl(694792726<open>)]
2026-03-16 16:58:00 [http-nio-8080-exec-9] DEBUG o.s.orm.jpa.JpaTransactionManager - Closing JPA EntityManager [SessionImpl(1469814019<open>)] after transaction
2026-03-16 16:58:00 [http-nio-8080-exec-9] DEBUG o.s.orm.jpa.JpaTransactionManager - Creating new transaction with name [com.company.project.service.board.BoardService.getBoardPosts]: PROPAGATION_REQUIRED,ISOLATION_DEFAULT,readOnly
2026-03-16 16:58:00 [http-nio-8080-exec-9] DEBUG o.s.orm.jpa.JpaTransactionManager - Opened new EntityManager [SessionImpl(827786240<open>)] for JPA transaction
2026-03-16 16:58:00 [http-nio-8080-exec-9] DEBUG o.s.orm.jpa.JpaTransactionManager - Exposing JPA transaction as JDBC [org.springframework.orm.jpa.vendor.HibernateJpaDialect$HibernateConnectionHandle@1d83d88b]
2026-03-16 16:58:00 [http-nio-8080-exec-9] DEBUG o.s.orm.jpa.JpaTransactionManager - Found thread-bound EntityManager [SessionImpl(827786240<open>)] for JPA transaction
2026-03-16 16:58:00 [http-nio-8080-exec-9] DEBUG o.s.orm.jpa.JpaTransactionManager - Participating in existing transaction
2026-03-16 16:58:00 [http-nio-8080-exec-9] DEBUG org.hibernate.SQL - select bm1_0.bbs_id,bm1_0.atch_posbl_file_number,bm1_0.atch_posbl_file_size,bm1_0.bbs_attrb_code,bm1_0.bbs_intrcn,bm1_0.bbs_nm,bm1_0.bbs_ty_code,bm1_0.blog_at,bm1_0.blog_id,bm1_0.cmmnty_id,bm1_0.frst_register_id,bm1_0.frst_regist_pnttm,bm1_0.file_atch_posbl_at,bm1_0.last_updusr_id,bm1_0.last_updt_pnttm,bm1_0.reply_posbl_at,bm1_0.tmplat_id,bm1_0.use_at,bm1_1.answer_at,bm1_1.stsfdg_at from nbbsmaster bm1_0 left join nbbsmasteroptn bm1_1 on bm1_0.bbs_id=bm1_1.bbs_id where bm1_0.bbs_id=?
2026-03-16 16:58:01 [http-nio-8080-exec-1] DEBUG o.s.orm.jpa.JpaTransactionManager - Closing JPA EntityManager [SessionImpl(158927240<open>)] after transaction
2026-03-16 16:58:01 [http-nio-8080-exec-1] DEBUG c.c.p.s.jwt.JwtAuthenticationFilter - >>> [JwtFilter] Successfully authenticated user: USRCNFRM_99999999999, Authorities: [ROLE_ADMIN]
2026-03-16 16:58:01 [http-nio-8080-exec-1] DEBUG o.s.web.servlet.DispatcherServlet - GET "/api/v1/menu/left?menuNo=40", parameters={masked}
2026-03-16 16:58:01 [http-nio-8080-exec-1] TRACE o.s.w.s.m.m.a.RequestMappingHandlerMapping - Mapped to com.company.project.api.controller.menu.MenuController#getLeftMenu(Long)
2026-03-16 16:58:01 [http-nio-8080-exec-1] INFO  c.c.p.a.c.menu.MenuController - getLeftMenu called with menuNo=40
2026-03-16 16:58:01 [http-nio-8080-exec-1] DEBUG o.s.orm.jpa.JpaTransactionManager - Creating new transaction with name [com.company.project.service.menu.MenuService.getSubMenus]: PROPAGATION_REQUIRED,ISOLATION_DEFAULT,readOnly
2026-03-16 16:58:01 [http-nio-8080-exec-1] DEBUG o.s.orm.jpa.JpaTransactionManager - Opened new EntityManager [SessionImpl(952943299<open>)] for JPA transaction
2026-03-16 16:58:01 [http-nio-8080-exec-1] DEBUG o.s.orm.jpa.JpaTransactionManager - Exposing JPA transaction as JDBC [org.springframework.orm.jpa.vendor.HibernateJpaDialect$HibernateConnectionHandle@68e67a9d]
2026-03-16 16:58:01 [http-nio-8080-exec-1] DEBUG org.hibernate.SQL - select m1_0.menu_no,m1_0.menu_dc,m1_0.menu_nm,m1_0.menu_ordr,m1_0.modern_route,m1_0.progrm_file_nm,m1_0.relate_image_nm,m1_0.relate_image_path,m1_0.route_updated_at,m1_0.upper_menu_no from nmenuinfo m1_0 order by m1_0.upper_menu_no,m1_0.menu_ordr
2026-03-16 16:58:01 [http-nio-8080-exec-6] DEBUG o.s.orm.jpa.JpaTransactionManager - Closing JPA EntityManager [SessionImpl(1285720654<open>)] after transaction
2026-03-16 16:58:01 [http-nio-8080-exec-6] DEBUG c.c.p.s.jwt.JwtAuthenticationFilter - >>> [JwtFilter] Successfully authenticated user: USRCNFRM_99999999999, Authorities: [ROLE_ADMIN]
2026-03-16 16:58:01 [http-nio-8080-exec-7] DEBUG o.s.orm.jpa.JpaTransactionManager - Closing JPA EntityManager [SessionImpl(2107516249<open>)] after transaction
2026-03-16 16:58:01 [http-nio-8080-exec-6] DEBUG o.s.web.servlet.DispatcherServlet - GET "/api/v1/menu/left?menuNo=60", parameters={masked}
2026-03-16 16:58:01 [http-nio-8080-exec-7] DEBUG c.c.p.s.jwt.JwtAuthenticationFilter - >>> [JwtFilter] Successfully authenticated user: USRCNFRM_99999999999, Authorities: [ROLE_ADMIN]
2026-03-16 16:58:01 [http-nio-8080-exec-7] DEBUG o.s.web.servlet.DispatcherServlet - GET "/api/v1/menu/left?menuNo=10", parameters={masked}
2026-03-16 16:58:01 [http-nio-8080-exec-6] TRACE o.s.w.s.m.m.a.RequestMappingHandlerMapping - Mapped to com.company.project.api.controller.menu.MenuController#getLeftMenu(Long)
2026-03-16 16:58:01 [http-nio-8080-exec-7] TRACE o.s.w.s.m.m.a.RequestMappingHandlerMapping - Mapped to com.company.project.api.controller.menu.MenuController#getLeftMenu(Long)
2026-03-16 16:58:01 [http-nio-8080-exec-6] INFO  c.c.p.a.c.menu.MenuController - getLeftMenu called with menuNo=60
2026-03-16 16:58:01 [http-nio-8080-exec-7] INFO  c.c.p.a.c.menu.MenuController - getLeftMenu called with menuNo=10
2026-03-16 16:58:01 [http-nio-8080-exec-7] DEBUG o.s.orm.jpa.JpaTransactionManager - Creating new transaction with name [com.company.project.service.menu.MenuService.getSubMenus]: PROPAGATION_REQUIRED,ISOLATION_DEFAULT,readOnly
2026-03-16 16:58:01 [http-nio-8080-exec-6] DEBUG o.s.orm.jpa.JpaTransactionManager - Creating new transaction with name [com.company.project.service.menu.MenuService.getSubMenus]: PROPAGATION_REQUIRED,ISOLATION_DEFAULT,readOnly
2026-03-16 16:58:01 [http-nio-8080-exec-7] DEBUG o.s.orm.jpa.JpaTransactionManager - Opened new EntityManager [SessionImpl(1557033812<open>)] for JPA transaction
2026-03-16 16:58:01 [http-nio-8080-exec-6] DEBUG o.s.orm.jpa.JpaTransactionManager - Opened new EntityManager [SessionImpl(654998162<open>)] for JPA transaction
2026-03-16 16:58:01 [http-nio-8080-exec-7] DEBUG o.s.orm.jpa.JpaTransactionManager - Exposing JPA transaction as JDBC [org.springframework.orm.jpa.vendor.HibernateJpaDialect$HibernateConnectionHandle@2f7b784f]
2026-03-16 16:58:01 [http-nio-8080-exec-6] DEBUG o.s.orm.jpa.JpaTransactionManager - Exposing JPA transaction as JDBC [org.springframework.orm.jpa.vendor.HibernateJpaDialect$HibernateConnectionHandle@1ca45307]
2026-03-16 16:58:01 [http-nio-8080-exec-6] DEBUG org.hibernate.SQL - select m1_0.menu_no,m1_0.menu_dc,m1_0.menu_nm,m1_0.menu_ordr,m1_0.modern_route,m1_0.progrm_file_nm,m1_0.relate_image_nm,m1_0.relate_image_path,m1_0.route_updated_at,m1_0.upper_menu_no from nmenuinfo m1_0 order by m1_0.upper_menu_no,m1_0.menu_ordr
2026-03-16 16:58:01 [http-nio-8080-exec-7] DEBUG org.hibernate.SQL - select m1_0.menu_no,m1_0.menu_dc,m1_0.menu_nm,m1_0.menu_ordr,m1_0.modern_route,m1_0.progrm_file_nm,m1_0.relate_image_nm,m1_0.relate_image_path,m1_0.route_updated_at,m1_0.upper_menu_no from nmenuinfo m1_0 order by m1_0.upper_menu_no,m1_0.menu_ordr
2026-03-16 16:58:01 [http-nio-8080-exec-10] DEBUG o.s.orm.jpa.JpaTransactionManager - Closing JPA EntityManager [SessionImpl(2004225019<open>)] after transaction
2026-03-16 16:58:01 [http-nio-8080-exec-8] DEBUG o.s.orm.jpa.JpaTransactionManager - Closing JPA EntityManager [SessionImpl(694792726<open>)] after transaction
2026-03-16 16:58:01 [http-nio-8080-exec-10] DEBUG c.c.p.s.jwt.JwtAuthenticationFilter - >>> [JwtFilter] Successfully authenticated user: USRCNFRM_99999999999, Authorities: [ROLE_ADMIN]
2026-03-16 16:58:01 [http-nio-8080-exec-8] DEBUG c.c.p.s.jwt.JwtAuthenticationFilter - >>> [JwtFilter] Successfully authenticated user: USRCNFRM_99999999999, Authorities: [ROLE_ADMIN]
2026-03-16 16:58:01 [http-nio-8080-exec-10] DEBUG o.s.web.servlet.DispatcherServlet - GET "/api/v1/menu/left?menuNo=20", parameters={masked}
2026-03-16 16:58:01 [http-nio-8080-exec-8] DEBUG o.s.web.servlet.DispatcherServlet - GET "/api/v1/menu/left?menuNo=50", parameters={masked}
2026-03-16 16:58:01 [http-nio-8080-exec-10] TRACE o.s.w.s.m.m.a.RequestMappingHandlerMapping - Mapped to com.company.project.api.controller.menu.MenuController#getLeftMenu(Long)
2026-03-16 16:58:01 [http-nio-8080-exec-8] TRACE o.s.w.s.m.m.a.RequestMappingHandlerMapping - Mapped to com.company.project.api.controller.menu.MenuController#getLeftMenu(Long)
2026-03-16 16:58:01 [http-nio-8080-exec-10] INFO  c.c.p.a.c.menu.MenuController - getLeftMenu called with menuNo=20
2026-03-16 16:58:01 [http-nio-8080-exec-10] DEBUG o.s.orm.jpa.JpaTransactionManager - Creating new transaction with name [com.company.project.service.menu.MenuService.getSubMenus]: PROPAGATION_REQUIRED,ISOLATION_DEFAULT,readOnly
2026-03-16 16:58:01 [http-nio-8080-exec-10] DEBUG o.s.orm.jpa.JpaTransactionManager - Opened new EntityManager [SessionImpl(1593420850<open>)] for JPA transaction
2026-03-16 16:58:01 [http-nio-8080-exec-10] DEBUG o.s.orm.jpa.JpaTransactionManager - Exposing JPA transaction as JDBC [org.springframework.orm.jpa.vendor.HibernateJpaDialect$HibernateConnectionHandle@772b230b]
2026-03-16 16:58:01 [http-nio-8080-exec-8] INFO  c.c.p.a.c.menu.MenuController - getLeftMenu called with menuNo=50
2026-03-16 16:58:01 [http-nio-8080-exec-8] DEBUG o.s.orm.jpa.JpaTransactionManager - Creating new transaction with name [com.company.project.service.menu.MenuService.getSubMenus]: PROPAGATION_REQUIRED,ISOLATION_DEFAULT,readOnly
2026-03-16 16:58:01 [http-nio-8080-exec-8] DEBUG o.s.orm.jpa.JpaTransactionManager - Opened new EntityManager [SessionImpl(1920048130<open>)] for JPA transaction
2026-03-16 16:58:01 [http-nio-8080-exec-8] DEBUG o.s.orm.jpa.JpaTransactionManager - Exposing JPA transaction as JDBC [org.springframework.orm.jpa.vendor.HibernateJpaDialect$HibernateConnectionHandle@144f6e5]
2026-03-16 16:58:01 [http-nio-8080-exec-10] DEBUG org.hibernate.SQL - select m1_0.menu_no,m1_0.menu_dc,m1_0.menu_nm,m1_0.menu_ordr,m1_0.modern_route,m1_0.progrm_file_nm,m1_0.relate_image_nm,m1_0.relate_image_path,m1_0.route_updated_at,m1_0.upper_menu_no from nmenuinfo m1_0 order by m1_0.upper_menu_no,m1_0.menu_ordr
2026-03-16 16:58:01 [http-nio-8080-exec-8] DEBUG org.hibernate.SQL - select m1_0.menu_no,m1_0.menu_dc,m1_0.menu_nm,m1_0.menu_ordr,m1_0.modern_route,m1_0.progrm_file_nm,m1_0.relate_image_nm,m1_0.relate_image_path,m1_0.route_updated_at,m1_0.upper_menu_no from nmenuinfo m1_0 order by m1_0.upper_menu_no,m1_0.menu_ordr
2026-03-16 16:58:01 [http-nio-8080-exec-9] DEBUG org.hibernate.SQL - select b1_0.ntt_id,b1_0.bbs_id,b1_0.ntt_sj,b1_0.ntcr_nm,b1_0.frst_regist_pnttm,b1_0.rdcnt,b1_0.answer_at,b1_0.parntsctt_no,b1_0.answer_lc,b1_0.sort_ordr,b1_0.ntt_no,b1_0.notice_at,b1_0.secret_at,b1_0.comment_co from nbbs b1_0 left join nemplyrinfo u1_0 on b1_0.frst_register_id=u1_0.esntl_id where (b1_0.use_at = 'Y') and b1_0.bbs_id=? order by b1_0.sort_ordr desc,b1_0.ntt_no offset ? rows fetch first ? rows only
2026-03-16 16:58:01 [http-nio-8080-exec-9] DEBUG org.hibernate.SQL - select count(b1_0.ntt_id) from nbbs b1_0 left join nemplyrinfo u1_0 on b1_0.frst_register_id=u1_0.esntl_id where (b1_0.use_at = 'Y') and b1_0.bbs_id=?
2026-03-16 16:58:01 [http-nio-8080-exec-1] DEBUG o.s.orm.jpa.JpaTransactionManager - Found thread-bound EntityManager [SessionImpl(952943299<open>)] for JPA transaction
2026-03-16 16:58:01 [http-nio-8080-exec-1] DEBUG o.s.orm.jpa.JpaTransactionManager - Participating in existing transaction
2026-03-16 16:58:01 [http-nio-8080-exec-1] DEBUG org.hibernate.SQL - select p1_0.progrm_file_nm,p1_0.progrm_dc,p1_0.progrm_korean_nm,p1_0.progrm_stre_path,p1_0.url from nprogrmlist p1_0
2026-03-16 16:58:01 [http-nio-8080-exec-6] DEBUG o.s.orm.jpa.JpaTransactionManager - Found thread-bound EntityManager [SessionImpl(654998162<open>)] for JPA transaction
2026-03-16 16:58:01 [http-nio-8080-exec-6] DEBUG o.s.orm.jpa.JpaTransactionManager - Participating in existing transaction
2026-03-16 16:58:01 [http-nio-8080-exec-6] DEBUG org.hibernate.SQL - select p1_0.progrm_file_nm,p1_0.progrm_dc,p1_0.progrm_korean_nm,p1_0.progrm_stre_path,p1_0.url from nprogrmlist p1_0
2026-03-16 16:58:01 [http-nio-8080-exec-7] DEBUG o.s.orm.jpa.JpaTransactionManager - Found thread-bound EntityManager [SessionImpl(1557033812<open>)] for JPA transaction
2026-03-16 16:58:01 [http-nio-8080-exec-7] DEBUG o.s.orm.jpa.JpaTransactionManager - Participating in existing transaction
2026-03-16 16:58:01 [http-nio-8080-exec-7] DEBUG org.hibernate.SQL - select p1_0.progrm_file_nm,p1_0.progrm_dc,p1_0.progrm_korean_nm,p1_0.progrm_stre_path,p1_0.url from nprogrmlist p1_0
2026-03-16 16:58:01 [http-nio-8080-exec-10] DEBUG o.s.orm.jpa.JpaTransactionManager - Found thread-bound EntityManager [SessionImpl(1593420850<open>)] for JPA transaction
2026-03-16 16:58:01 [http-nio-8080-exec-10] DEBUG o.s.orm.jpa.JpaTransactionManager - Participating in existing transaction
2026-03-16 16:58:01 [http-nio-8080-exec-10] DEBUG org.hibernate.SQL - select p1_0.progrm_file_nm,p1_0.progrm_dc,p1_0.progrm_korean_nm,p1_0.progrm_stre_path,p1_0.url from nprogrmlist p1_0
2026-03-16 16:58:01 [http-nio-8080-exec-8] DEBUG o.s.orm.jpa.JpaTransactionManager - Found thread-bound EntityManager [SessionImpl(1920048130<open>)] for JPA transaction
2026-03-16 16:58:01 [http-nio-8080-exec-8] DEBUG o.s.orm.jpa.JpaTransactionManager - Participating in existing transaction
2026-03-16 16:58:01 [http-nio-8080-exec-8] DEBUG org.hibernate.SQL - select p1_0.progrm_file_nm,p1_0.progrm_dc,p1_0.progrm_korean_nm,p1_0.progrm_stre_path,p1_0.url from nprogrmlist p1_0
2026-03-16 16:58:01 [http-nio-8080-exec-9] DEBUG o.s.orm.jpa.JpaTransactionManager - Initiating transaction commit
2026-03-16 16:58:01 [http-nio-8080-exec-9] DEBUG o.s.orm.jpa.JpaTransactionManager - Committing JPA transaction on EntityManager [SessionImpl(827786240<open>)]
2026-03-16 16:58:01 [http-nio-8080-exec-1] DEBUG o.s.orm.jpa.JpaTransactionManager - Initiating transaction commit
2026-03-16 16:58:01 [http-nio-8080-exec-1] DEBUG o.s.orm.jpa.JpaTransactionManager - Committing JPA transaction on EntityManager [SessionImpl(952943299<open>)]
2026-03-16 16:58:01 [MessageBroker-10] DEBUG o.s.w.s.s.t.h.DefaultSockJsService - Closed 1 sessions: [mv20l4fp]
2026-03-16 16:58:01 [http-nio-8080-exec-6] DEBUG o.s.orm.jpa.JpaTransactionManager - Initiating transaction commit
2026-03-16 16:58:01 [http-nio-8080-exec-6] DEBUG o.s.orm.jpa.JpaTransactionManager - Committing JPA transaction on EntityManager [SessionImpl(654998162<open>)]
2026-03-16 16:58:01 [http-nio-8080-exec-7] DEBUG o.s.orm.jpa.JpaTransactionManager - Initiating transaction commit
2026-03-16 16:58:01 [http-nio-8080-exec-10] DEBUG o.s.orm.jpa.JpaTransactionManager - Initiating transaction commit
2026-03-16 16:58:01 [http-nio-8080-exec-7] DEBUG o.s.orm.jpa.JpaTransactionManager - Committing JPA transaction on EntityManager [SessionImpl(1557033812<open>)]
2026-03-16 16:58:01 [http-nio-8080-exec-10] DEBUG o.s.orm.jpa.JpaTransactionManager - Committing JPA transaction on EntityManager [SessionImpl(1593420850<open>)]
2026-03-16 16:58:01 [http-nio-8080-exec-9] DEBUG o.s.orm.jpa.JpaTransactionManager - Closing JPA EntityManager [SessionImpl(827786240<open>)] after transaction
2026-03-16 16:58:01 [http-nio-8080-exec-9] DEBUG o.s.orm.jpa.JpaTransactionManager - Creating new transaction with name [com.company.project.service.informalsanction.InformalSanctionServiceImpl.getReceivedInformalSanctionList]: PROPAGATION_REQUIRED,ISOLATION_DEFAULT,readOnly
2026-03-16 16:58:01 [http-nio-8080-exec-9] DEBUG o.s.orm.jpa.JpaTransactionManager - Opened new EntityManager [SessionImpl(1914767300<open>)] for JPA transaction
2026-03-16 16:58:01 [http-nio-8080-exec-9] DEBUG o.s.orm.jpa.JpaTransactionManager - Exposing JPA transaction as JDBC [org.springframework.orm.jpa.vendor.HibernateJpaDialect$HibernateConnectionHandle@59926d81]
2026-03-16 16:58:01 [http-nio-8080-exec-9] DEBUG org.hibernate.SQL - select is1_0.infrml_sanctn_id,is1_0.applcnt_id,is1_0.confm_at,is1_0.frst_register_id,is1_0.frst_regist_pnttm,is1_0.job_se_code,is1_0.last_updusr_id,is1_0.last_updt_pnttm,is1_0.reqst_de,is1_0.return_resn,is1_0.sanctn_dt,is1_0.sanctner_id from ninfrmlsanctn is1_0 where is1_0.sanctner_id=?
2026-03-16 16:58:01 [http-nio-8080-exec-1] DEBUG o.s.orm.jpa.JpaTransactionManager - Closing JPA EntityManager [SessionImpl(952943299<open>)] after transaction
2026-03-16 16:58:01 [http-nio-8080-exec-1] INFO  c.c.p.a.c.menu.MenuController - getLeftMenu returned 2 items
2026-03-16 16:58:01 [http-nio-8080-exec-1] DEBUG o.s.w.s.m.m.a.HttpEntityMethodProcessor - Using 'application/json', given [application/json, text/plain, */*] and supported [application/json, application/*+json, application/yaml]
2026-03-16 16:58:01 [http-nio-8080-exec-1] TRACE o.s.w.s.m.m.a.HttpEntityMethodProcessor - Writing [ApiResponse[success=true, status=200, code=COMMON_001, message=Success, data={list=[com.company.project.service.menu.dto.MenuDto@66bb5d44, com.company.project.service.menu.dto.MenuDto@35b182d4]}, timestamp=2026-03-16T16:58:01.634492]]
2026-03-16 16:58:01 [http-nio-8080-exec-1] INFO  c.c.p.a.i.OperationalAuditInterceptor - API Audit Log: URL=/api/v1/menu/left, User=webmaster, IP=0:0:0:0:0:0:0:1
2026-03-16 16:58:01 [http-nio-8080-exec-1] DEBUG o.s.web.servlet.DispatcherServlet - Completed 200 OK
2026-03-16 16:58:01 [http-nio-8080-exec-7] DEBUG o.s.orm.jpa.JpaTransactionManager - Closing JPA EntityManager [SessionImpl(1557033812<open>)] after transaction
2026-03-16 16:58:01 [http-nio-8080-exec-6] DEBUG o.s.orm.jpa.JpaTransactionManager - Closing JPA EntityManager [SessionImpl(654998162<open>)] after transaction
2026-03-16 16:58:01 [http-nio-8080-exec-7] INFO  c.c.p.a.c.menu.MenuController - getLeftMenu returned 5 items
2026-03-16 16:58:01 [http-nio-8080-exec-6] INFO  c.c.p.a.c.menu.MenuController - getLeftMenu returned 1 items
2026-03-16 16:58:01 [http-nio-8080-exec-7] DEBUG o.s.w.s.m.m.a.HttpEntityMethodProcessor - Using 'application/json', given [application/json, text/plain, */*] and supported [application/json, application/*+json, application/yaml]
2026-03-16 16:58:01 [http-nio-8080-exec-6] DEBUG o.s.w.s.m.m.a.HttpEntityMethodProcessor - Using 'application/json', given [application/json, text/plain, */*] and supported [application/json, application/*+json, application/yaml]
2026-03-16 16:58:01 [http-nio-8080-exec-7] TRACE o.s.w.s.m.m.a.HttpEntityMethodProcessor - Writing [ApiResponse[success=true, status=200, code=COMMON_001, message=Success, data={list=[com.company.project.service.menu.dto.MenuDto@7f781d26, com.company.project.service.menu.dto.MenuDto@71520076, com.company.project.service.menu.dto.MenuDto@14681431, com.company.project.service.menu.dto.MenuDto@7b38952b, com.company.project.service.menu.dto.MenuDto@44962647]}, timestamp=2026-03-16T16:58:01.685940500]]
2026-03-16 16:58:01 [http-nio-8080-exec-6] TRACE o.s.w.s.m.m.a.HttpEntityMethodProcessor - Writing [ApiResponse[success=true, status=200, code=COMMON_001, message=Success, data={list=[com.company.project.service.menu.dto.MenuDto@4fc823e8]}, timestamp=2026-03-16T16:58:01.685940500]]
2026-03-16 16:58:01 [http-nio-8080-exec-7] INFO  c.c.p.a.i.OperationalAuditInterceptor - API Audit Log: URL=/api/v1/menu/left, User=webmaster, IP=0:0:0:0:0:0:0:1
2026-03-16 16:58:01 [http-nio-8080-exec-6] INFO  c.c.p.a.i.OperationalAuditInterceptor - API Audit Log: URL=/api/v1/menu/left, User=webmaster, IP=0:0:0:0:0:0:0:1
2026-03-16 16:58:01 [http-nio-8080-exec-7] DEBUG o.s.web.servlet.DispatcherServlet - Completed 200 OK
2026-03-16 16:58:01 [http-nio-8080-exec-6] DEBUG o.s.web.servlet.DispatcherServlet - Completed 200 OK
2026-03-16 16:58:01 [http-nio-8080-exec-10] DEBUG o.s.orm.jpa.JpaTransactionManager - Closing JPA EntityManager [SessionImpl(1593420850<open>)] after transaction
2026-03-16 16:58:01 [http-nio-8080-exec-10] INFO  c.c.p.a.c.menu.MenuController - getLeftMenu returned 3 items
2026-03-16 16:58:01 [http-nio-8080-exec-10] DEBUG o.s.w.s.m.m.a.HttpEntityMethodProcessor - Using 'application/json', given [application/json, text/plain, */*] and supported [application/json, application/*+json, application/yaml]
2026-03-16 16:58:01 [http-nio-8080-exec-10] TRACE o.s.w.s.m.m.a.HttpEntityMethodProcessor - Writing [ApiResponse[success=true, status=200, code=COMMON_001, message=Success, data={list=[com.company.project.service.menu.dto.MenuDto@71475cd2, com.company.project.service.menu.dto.MenuDto@28a01f19, com.company.project.service.menu.dto.MenuDto@67520489]}, timestamp=2026-03-16T16:58:01.690661]]
2026-03-16 16:58:01 [http-nio-8080-exec-10] INFO  c.c.p.a.i.OperationalAuditInterceptor - API Audit Log: URL=/api/v1/menu/left, User=webmaster, IP=0:0:0:0:0:0:0:1
2026-03-16 16:58:01 [http-nio-8080-exec-10] DEBUG o.s.web.servlet.DispatcherServlet - Completed 200 OK
2026-03-16 16:58:01 [http-nio-8080-exec-8] DEBUG o.s.orm.jpa.JpaTransactionManager - Initiating transaction commit
2026-03-16 16:58:01 [http-nio-8080-exec-8] DEBUG o.s.orm.jpa.JpaTransactionManager - Committing JPA transaction on EntityManager [SessionImpl(1920048130<open>)]
2026-03-16 16:58:01 [http-nio-8080-exec-9] DEBUG o.s.orm.jpa.JpaTransactionManager - Initiating transaction commit
2026-03-16 16:58:01 [http-nio-8080-exec-9] DEBUG o.s.orm.jpa.JpaTransactionManager - Committing JPA transaction on EntityManager [SessionImpl(1914767300<open>)]
2026-03-16 16:58:01 [http-nio-8080-exec-8] DEBUG o.s.orm.jpa.JpaTransactionManager - Closing JPA EntityManager [SessionImpl(1920048130<open>)] after transaction
2026-03-16 16:58:01 [http-nio-8080-exec-8] INFO  c.c.p.a.c.menu.MenuController - getLeftMenu returned 3 items
2026-03-16 16:58:01 [http-nio-8080-exec-8] DEBUG o.s.w.s.m.m.a.HttpEntityMethodProcessor - Using 'application/json', given [application/json, text/plain, */*] and supported [application/json, application/*+json, application/yaml]
2026-03-16 16:58:01 [http-nio-8080-exec-8] TRACE o.s.w.s.m.m.a.HttpEntityMethodProcessor - Writing [ApiResponse[success=true, status=200, code=COMMON_001, message=Success, data={list=[com.company.project.service.menu.dto.MenuDto@51ef52d6, com.company.project.service.menu.dto.MenuDto@3961018, com.company.project.service.menu.dto.MenuDto@2aa116f1]}, timestamp=2026-03-16T16:58:01.881026600]]
2026-03-16 16:58:01 [http-nio-8080-exec-8] INFO  c.c.p.a.i.OperationalAuditInterceptor - API Audit Log: URL=/api/v1/menu/left, User=webmaster, IP=0:0:0:0:0:0:0:1
2026-03-16 16:58:01 [http-nio-8080-exec-8] DEBUG o.s.web.servlet.DispatcherServlet - Completed 200 OK
2026-03-16 16:58:01 [http-nio-8080-exec-9] DEBUG o.s.orm.jpa.JpaTransactionManager - Closing JPA EntityManager [SessionImpl(1914767300<open>)] after transaction
2026-03-16 16:58:01 [http-nio-8080-exec-9] DEBUG o.s.w.s.m.m.a.HttpEntityMethodProcessor - Using 'application/json', given [application/json, text/plain, */*] and supported [application/json, application/*+json, application/yaml]
2026-03-16 16:58:01 [http-nio-8080-exec-9] TRACE o.s.w.s.m.m.a.HttpEntityMethodProcessor - Writing [{notiList=[com.company.project.service.board.dto.BoardDto@47486896], success=true, taskList=[com.company.project.service.board.dto.BoardDto@3642b7b], pendingApprovalCount=0}]
2026-03-16 16:58:01 [http-nio-8080-exec-9] INFO  c.c.p.a.i.OperationalAuditInterceptor - API Audit Log: URL=/api/v1/dashboard, User=webmaster, IP=0:0:0:0:0:0:0:1
2026-03-16 16:58:01 [http-nio-8080-exec-9] DEBUG o.s.web.servlet.DispatcherServlet - Completed 200 OK
2026-03-16 16:58:02 [http-nio-8080-exec-4] DEBUG c.c.p.s.jwt.JwtAuthenticationFilter - >>> [JwtFilter] Processing request: GET /api/v1/auth/me
2026-03-16 16:58:02 [http-nio-8080-exec-2] DEBUG c.c.p.s.jwt.JwtAuthenticationFilter - >>> [JwtFilter] Processing request: GET /api/v1/menu/left
2026-03-16 16:58:02 [http-nio-8080-exec-5] DEBUG c.c.p.s.jwt.JwtAuthenticationFilter - >>> [JwtFilter] Processing request: GET /api/v1/menu/head
2026-03-16 16:58:02 [http-nio-8080-exec-4] DEBUG c.c.p.s.jwt.JwtAuthenticationFilter - >>> [JwtFilter] Found token in header for path: /api/v1/auth/me
2026-03-16 16:58:02 [http-nio-8080-exec-5] DEBUG c.c.p.s.jwt.JwtAuthenticationFilter - >>> [JwtFilter] Found token in header for path: /api/v1/menu/head
2026-03-16 16:58:02 [http-nio-8080-exec-2] DEBUG c.c.p.s.jwt.JwtAuthenticationFilter - >>> [JwtFilter] Found token in header for path: /api/v1/menu/left
2026-03-16 16:58:02 [http-nio-8080-exec-4] DEBUG o.s.orm.jpa.JpaTransactionManager - Creating new transaction with name [com.company.project.security.iam.CustomUserDetailsService.loadUserByUsername]: PROPAGATION_REQUIRED,ISOLATION_DEFAULT,readOnly
2026-03-16 16:58:02 [http-nio-8080-exec-2] DEBUG o.s.orm.jpa.JpaTransactionManager - Creating new transaction with name [com.company.project.security.iam.CustomUserDetailsService.loadUserByUsername]: PROPAGATION_REQUIRED,ISOLATION_DEFAULT,readOnly
2026-03-16 16:58:02 [http-nio-8080-exec-4] DEBUG o.s.orm.jpa.JpaTransactionManager - Opened new EntityManager [SessionImpl(110268491<open>)] for JPA transaction
2026-03-16 16:58:02 [http-nio-8080-exec-2] DEBUG o.s.orm.jpa.JpaTransactionManager - Opened new EntityManager [SessionImpl(859837320<open>)] for JPA transaction
2026-03-16 16:58:02 [http-nio-8080-exec-5] DEBUG o.s.orm.jpa.JpaTransactionManager - Creating new transaction with name [com.company.project.security.iam.CustomUserDetailsService.loadUserByUsername]: PROPAGATION_REQUIRED,ISOLATION_DEFAULT,readOnly
2026-03-16 16:58:02 [http-nio-8080-exec-5] DEBUG o.s.orm.jpa.JpaTransactionManager - Opened new EntityManager [SessionImpl(1209953316<open>)] for JPA transaction
2026-03-16 16:58:02 [http-nio-8080-exec-4] DEBUG o.s.orm.jpa.JpaTransactionManager - Exposing JPA transaction as JDBC [org.springframework.orm.jpa.vendor.HibernateJpaDialect$HibernateConnectionHandle@7b2a0af]
2026-03-16 16:58:02 [http-nio-8080-exec-2] DEBUG o.s.orm.jpa.JpaTransactionManager - Exposing JPA transaction as JDBC [org.springframework.orm.jpa.vendor.HibernateJpaDialect$HibernateConnectionHandle@663cbc67]
2026-03-16 16:58:02 [http-nio-8080-exec-4] DEBUG o.s.orm.jpa.JpaTransactionManager - Found thread-bound EntityManager [SessionImpl(110268491<open>)] for JPA transaction
2026-03-16 16:58:02 [http-nio-8080-exec-2] DEBUG o.s.orm.jpa.JpaTransactionManager - Found thread-bound EntityManager [SessionImpl(859837320<open>)] for JPA transaction
2026-03-16 16:58:02 [http-nio-8080-exec-4] DEBUG o.s.orm.jpa.JpaTransactionManager - Participating in existing transaction
2026-03-16 16:58:02 [http-nio-8080-exec-2] DEBUG o.s.orm.jpa.JpaTransactionManager - Participating in existing transaction
2026-03-16 16:58:02 [http-nio-8080-exec-4] DEBUG org.hibernate.SQL - select u1_0.emplyr_id,u1_0.area_no,u1_0.brthdy,u1_0.chg_pwd_cnt,u1_0.frst_register_id,u1_0.frst_regist_pnttm,u1_0.detail_adres,u1_0.email_adres,u1_0.emplyr_sttus_code,u1_0.empl_no,u1_0.esntl_id,u1_0.fxnum,u1_0.group_id,u1_0.house_adres,u1_0.house_end_telno,u1_0.house_middle_telno,u1_0.ihidnum,u1_0.pstinst_code,u1_0.last_updusr_id,u1_0.last_updt_pnttm,u1_0.lock_at,u1_0.lock_cnt,u1_0.lock_last_pnttm,u1_0.mbtlnum,u1_0.ofcps_nm,u1_0.offm_telno,u1_0.orgnzt_id,u1_0.password,u1_0.password_cnsr,u1_0.password_hint,u1_0.chg_pwd_last_pnttm,u1_0.role,u1_0.sbscrb_de,u1_0.sexdstn_code,u1_0.crtfc_dn_value,u1_0.user_nm,u1_0.zip from nemplyrinfo u1_0 where u1_0.emplyr_id=?
2026-03-16 16:58:02 [http-nio-8080-exec-2] DEBUG org.hibernate.SQL - select u1_0.emplyr_id,u1_0.area_no,u1_0.brthdy,u1_0.chg_pwd_cnt,u1_0.frst_register_id,u1_0.frst_regist_pnttm,u1_0.detail_adres,u1_0.email_adres,u1_0.emplyr_sttus_code,u1_0.empl_no,u1_0.esntl_id,u1_0.fxnum,u1_0.group_id,u1_0.house_adres,u1_0.house_end_telno,u1_0.house_middle_telno,u1_0.ihidnum,u1_0.pstinst_code,u1_0.last_updusr_id,u1_0.last_updt_pnttm,u1_0.lock_at,u1_0.lock_cnt,u1_0.lock_last_pnttm,u1_0.mbtlnum,u1_0.ofcps_nm,u1_0.offm_telno,u1_0.orgnzt_id,u1_0.password,u1_0.password_cnsr,u1_0.password_hint,u1_0.chg_pwd_last_pnttm,u1_0.role,u1_0.sbscrb_de,u1_0.sexdstn_code,u1_0.crtfc_dn_value,u1_0.user_nm,u1_0.zip from nemplyrinfo u1_0 where u1_0.emplyr_id=?
2026-03-16 16:58:02 [http-nio-8080-exec-5] DEBUG o.s.orm.jpa.JpaTransactionManager - Exposing JPA transaction as JDBC [org.springframework.orm.jpa.vendor.HibernateJpaDialect$HibernateConnectionHandle@29e3e3b8]
2026-03-16 16:58:02 [http-nio-8080-exec-5] DEBUG o.s.orm.jpa.JpaTransactionManager - Found thread-bound EntityManager [SessionImpl(1209953316<open>)] for JPA transaction
2026-03-16 16:58:02 [http-nio-8080-exec-5] DEBUG o.s.orm.jpa.JpaTransactionManager - Participating in existing transaction
2026-03-16 16:58:02 [http-nio-8080-exec-5] DEBUG org.hibernate.SQL - select u1_0.emplyr_id,u1_0.area_no,u1_0.brthdy,u1_0.chg_pwd_cnt,u1_0.frst_register_id,u1_0.frst_regist_pnttm,u1_0.detail_adres,u1_0.email_adres,u1_0.emplyr_sttus_code,u1_0.empl_no,u1_0.esntl_id,u1_0.fxnum,u1_0.group_id,u1_0.house_adres,u1_0.house_end_telno,u1_0.house_middle_telno,u1_0.ihidnum,u1_0.pstinst_code,u1_0.last_updusr_id,u1_0.last_updt_pnttm,u1_0.lock_at,u1_0.lock_cnt,u1_0.lock_last_pnttm,u1_0.mbtlnum,u1_0.ofcps_nm,u1_0.offm_telno,u1_0.orgnzt_id,u1_0.password,u1_0.password_cnsr,u1_0.password_hint,u1_0.chg_pwd_last_pnttm,u1_0.role,u1_0.sbscrb_de,u1_0.sexdstn_code,u1_0.crtfc_dn_value,u1_0.user_nm,u1_0.zip from nemplyrinfo u1_0 where u1_0.emplyr_id=?
2026-03-16 16:58:02 [http-nio-8080-exec-4] DEBUG o.s.orm.jpa.JpaTransactionManager - Found thread-bound EntityManager [SessionImpl(110268491<open>)] for JPA transaction
2026-03-16 16:58:02 [http-nio-8080-exec-2] DEBUG o.s.orm.jpa.JpaTransactionManager - Found thread-bound EntityManager [SessionImpl(859837320<open>)] for JPA transaction
2026-03-16 16:58:02 [http-nio-8080-exec-4] DEBUG o.s.orm.jpa.JpaTransactionManager - Participating in existing transaction
2026-03-16 16:58:02 [http-nio-8080-exec-2] DEBUG o.s.orm.jpa.JpaTransactionManager - Participating in existing transaction
2026-03-16 16:58:02 [http-nio-8080-exec-2] DEBUG org.hibernate.SQL - select ua1_0.scrty_dtrmn_trget_id,ua1_0.author_code,ua1_0.frst_register_id,ua1_0.frst_regist_pnttm,ua1_0.last_updusr_id,ua1_0.last_updt_pnttm,ua1_0.mber_ty_code from nemplyrscrtyestbs ua1_0 where ua1_0.scrty_dtrmn_trget_id=?
2026-03-16 16:58:02 [http-nio-8080-exec-4] DEBUG org.hibernate.SQL - select ua1_0.scrty_dtrmn_trget_id,ua1_0.author_code,ua1_0.frst_register_id,ua1_0.frst_regist_pnttm,ua1_0.last_updusr_id,ua1_0.last_updt_pnttm,ua1_0.mber_ty_code from nemplyrscrtyestbs ua1_0 where ua1_0.scrty_dtrmn_trget_id=?
2026-03-16 16:58:02 [http-nio-8080-exec-5] DEBUG o.s.orm.jpa.JpaTransactionManager - Found thread-bound EntityManager [SessionImpl(1209953316<open>)] for JPA transaction
2026-03-16 16:58:02 [http-nio-8080-exec-5] DEBUG o.s.orm.jpa.JpaTransactionManager - Participating in existing transaction
2026-03-16 16:58:02 [http-nio-8080-exec-5] DEBUG org.hibernate.SQL - select ua1_0.scrty_dtrmn_trget_id,ua1_0.author_code,ua1_0.frst_register_id,ua1_0.frst_regist_pnttm,ua1_0.last_updusr_id,ua1_0.last_updt_pnttm,ua1_0.mber_ty_code from nemplyrscrtyestbs ua1_0 where ua1_0.scrty_dtrmn_trget_id=?
2026-03-16 16:58:02 [http-nio-8080-exec-2] DEBUG o.s.orm.jpa.JpaTransactionManager - Initiating transaction commit
2026-03-16 16:58:02 [http-nio-8080-exec-4] DEBUG o.s.orm.jpa.JpaTransactionManager - Initiating transaction commit
2026-03-16 16:58:02 [http-nio-8080-exec-2] DEBUG o.s.orm.jpa.JpaTransactionManager - Committing JPA transaction on EntityManager [SessionImpl(859837320<open>)]
2026-03-16 16:58:02 [http-nio-8080-exec-4] DEBUG o.s.orm.jpa.JpaTransactionManager - Committing JPA transaction on EntityManager [SessionImpl(110268491<open>)]
2026-03-16 16:58:02 [http-nio-8080-exec-5] DEBUG o.s.orm.jpa.JpaTransactionManager - Initiating transaction commit
2026-03-16 16:58:02 [http-nio-8080-exec-5] DEBUG o.s.orm.jpa.JpaTransactionManager - Committing JPA transaction on EntityManager [SessionImpl(1209953316<open>)]
2026-03-16 16:58:02 [http-nio-8080-exec-4] DEBUG o.s.orm.jpa.JpaTransactionManager - Closing JPA EntityManager [SessionImpl(110268491<open>)] after transaction
2026-03-16 16:58:02 [http-nio-8080-exec-2] DEBUG o.s.orm.jpa.JpaTransactionManager - Closing JPA EntityManager [SessionImpl(859837320<open>)] after transaction
2026-03-16 16:58:02 [http-nio-8080-exec-4] DEBUG c.c.p.s.jwt.JwtAuthenticationFilter - >>> [JwtFilter] Successfully authenticated user: USRCNFRM_99999999999, Authorities: [ROLE_ADMIN]
2026-03-16 16:58:02 [http-nio-8080-exec-2] DEBUG c.c.p.s.jwt.JwtAuthenticationFilter - >>> [JwtFilter] Successfully authenticated user: USRCNFRM_99999999999, Authorities: [ROLE_ADMIN]
2026-03-16 16:58:02 [http-nio-8080-exec-2] DEBUG o.s.web.servlet.DispatcherServlet - GET "/api/v1/menu/left?menuNo=10", parameters={masked}
2026-03-16 16:58:02 [http-nio-8080-exec-4] DEBUG o.s.web.servlet.DispatcherServlet - GET "/api/v1/auth/me", parameters={}
2026-03-16 16:58:02 [http-nio-8080-exec-2] TRACE o.s.w.s.m.m.a.RequestMappingHandlerMapping - Mapped to com.company.project.api.controller.menu.MenuController#getLeftMenu(Long)
2026-03-16 16:58:02 [http-nio-8080-exec-4] TRACE o.s.w.s.m.m.a.RequestMappingHandlerMapping - Mapped to com.company.project.api.auth.AuthController#getCurrentUser()
2026-03-16 16:58:02 [http-nio-8080-exec-2] INFO  c.c.p.a.c.menu.MenuController - getLeftMenu called with menuNo=10
2026-03-16 16:58:02 [http-nio-8080-exec-2] DEBUG o.s.orm.jpa.JpaTransactionManager - Creating new transaction with name [com.company.project.service.menu.MenuService.getSubMenus]: PROPAGATION_REQUIRED,ISOLATION_DEFAULT,readOnly
2026-03-16 16:58:02 [http-nio-8080-exec-2] DEBUG o.s.orm.jpa.JpaTransactionManager - Opened new EntityManager [SessionImpl(343777315<open>)] for JPA transaction
2026-03-16 16:58:02 [http-nio-8080-exec-2] DEBUG o.s.orm.jpa.JpaTransactionManager - Exposing JPA transaction as JDBC [org.springframework.orm.jpa.vendor.HibernateJpaDialect$HibernateConnectionHandle@42615c29]
2026-03-16 16:58:02 [http-nio-8080-exec-4] DEBUG o.s.w.s.m.m.a.RequestResponseBodyMethodProcessor - Using 'application/json', given [application/json, text/plain, */*] and supported [application/json, application/*+json, application/yaml]
2026-03-16 16:58:02 [http-nio-8080-exec-4] TRACE o.s.w.s.m.m.a.RequestResponseBodyMethodProcessor - Writing [ApiResponse[success=true, status=200, code=COMMON_001, message=Success, data={role=ROLE_ADMIN, userSe=EMP, name=관리자, id=webmaster}, timestamp=2026-03-16T16:58:02.961210400]]
2026-03-16 16:58:02 [http-nio-8080-exec-2] DEBUG org.hibernate.SQL - select m1_0.menu_no,m1_0.menu_dc,m1_0.menu_nm,m1_0.menu_ordr,m1_0.modern_route,m1_0.progrm_file_nm,m1_0.relate_image_nm,m1_0.relate_image_path,m1_0.route_updated_at,m1_0.upper_menu_no from nmenuinfo m1_0 order by m1_0.upper_menu_no,m1_0.menu_ordr
2026-03-16 16:58:02 [http-nio-8080-exec-4] INFO  c.c.p.a.i.OperationalAuditInterceptor - API Audit Log: URL=/api/v1/auth/me, User=webmaster, IP=127.0.0.1
2026-03-16 16:58:02 [http-nio-8080-exec-4] DEBUG o.s.web.servlet.DispatcherServlet - Completed 200 OK
2026-03-16 16:58:02 [http-nio-8080-exec-5] DEBUG o.s.orm.jpa.JpaTransactionManager - Closing JPA EntityManager [SessionImpl(1209953316<open>)] after transaction
2026-03-16 16:58:02 [http-nio-8080-exec-5] DEBUG c.c.p.s.jwt.JwtAuthenticationFilter - >>> [JwtFilter] Successfully authenticated user: USRCNFRM_99999999999, Authorities: [ROLE_ADMIN]
2026-03-16 16:58:02 [http-nio-8080-exec-5] DEBUG o.s.web.servlet.DispatcherServlet - GET "/api/v1/menu/head", parameters={}
2026-03-16 16:58:02 [http-nio-8080-exec-5] TRACE o.s.w.s.m.m.a.RequestMappingHandlerMapping - Mapped to com.company.project.api.controller.menu.MenuController#getHeadMenu()
2026-03-16 16:58:02 [http-nio-8080-exec-5] INFO  c.c.p.a.c.menu.MenuController - getHeadMenu called
2026-03-16 16:58:02 [http-nio-8080-exec-5] INFO  c.c.p.a.c.menu.MenuController - getHeadMenu returned 5 items
2026-03-16 16:58:02 [http-nio-8080-exec-5] DEBUG o.s.w.s.m.m.a.HttpEntityMethodProcessor - Using 'application/json', given [application/json, text/plain, */*] and supported [application/json, application/*+json, application/yaml]
2026-03-16 16:58:02 [http-nio-8080-exec-5] TRACE o.s.w.s.m.m.a.HttpEntityMethodProcessor - Writing [ApiResponse[success=true, status=200, code=COMMON_001, message=Success, data={list=[com.company.project.service.menu.dto.MenuDto@2b80d6b0, com.company.project.service.menu.dto.MenuDto@1418cfa3, com.company.project.service.menu.dto.MenuDto@f230bf1, com.company.project.service.menu.dto.MenuDto@734a7f6a, com.company.project.service.menu.dto.MenuDto@5e5202e5]}, timestamp=2026-03-16T16:58:02.986526600]]
2026-03-16 16:58:02 [http-nio-8080-exec-5] INFO  c.c.p.a.i.OperationalAuditInterceptor - API Audit Log: URL=/api/v1/menu/head, User=webmaster, IP=127.0.0.1
2026-03-16 16:58:02 [http-nio-8080-exec-5] DEBUG o.s.web.servlet.DispatcherServlet - Completed 200 OK
2026-03-16 16:58:03 [http-nio-8080-exec-3] DEBUG c.c.p.s.jwt.JwtAuthenticationFilter - >>> [JwtFilter] Processing request: GET /api/v1/notifications
2026-03-16 16:58:03 [http-nio-8080-exec-3] DEBUG c.c.p.s.jwt.JwtAuthenticationFilter - >>> [JwtFilter] Found token in header for path: /api/v1/notifications
2026-03-16 16:58:03 [http-nio-8080-exec-3] DEBUG o.s.orm.jpa.JpaTransactionManager - Creating new transaction with name [com.company.project.security.iam.CustomUserDetailsService.loadUserByUsername]: PROPAGATION_REQUIRED,ISOLATION_DEFAULT,readOnly
2026-03-16 16:58:03 [http-nio-8080-exec-3] DEBUG o.s.orm.jpa.JpaTransactionManager - Opened new EntityManager [SessionImpl(1737160728<open>)] for JPA transaction
2026-03-16 16:58:03 [http-nio-8080-exec-1] DEBUG c.c.p.s.jwt.JwtAuthenticationFilter - >>> [JwtFilter] Processing request: GET /api/v1/notifications/unread-count
2026-03-16 16:58:03 [http-nio-8080-exec-1] DEBUG c.c.p.s.jwt.JwtAuthenticationFilter - >>> [JwtFilter] Found token in header for path: /api/v1/notifications/unread-count
2026-03-16 16:58:03 [http-nio-8080-exec-1] DEBUG o.s.orm.jpa.JpaTransactionManager - Creating new transaction with name [com.company.project.security.iam.CustomUserDetailsService.loadUserByUsername]: PROPAGATION_REQUIRED,ISOLATION_DEFAULT,readOnly
2026-03-16 16:58:03 [http-nio-8080-exec-1] DEBUG o.s.orm.jpa.JpaTransactionManager - Opened new EntityManager [SessionImpl(952719578<open>)] for JPA transaction
2026-03-16 16:58:03 [http-nio-8080-exec-7] DEBUG c.c.p.s.jwt.JwtAuthenticationFilter - >>> [JwtFilter] Processing request: GET /api/v1/admin/system/banners/reflected
2026-03-16 16:58:03 [http-nio-8080-exec-6] DEBUG c.c.p.s.jwt.JwtAuthenticationFilter - >>> [JwtFilter] Processing request: GET /api/v1/popups/active
2026-03-16 16:58:03 [http-nio-8080-exec-7] DEBUG c.c.p.s.jwt.JwtAuthenticationFilter - >>> [JwtFilter] Found token in header for path: /api/v1/admin/system/banners/reflected
2026-03-16 16:58:03 [http-nio-8080-exec-6] DEBUG c.c.p.s.jwt.JwtAuthenticationFilter - >>> [JwtFilter] Found token in header for path: /api/v1/popups/active
2026-03-16 16:58:03 [http-nio-8080-exec-6] DEBUG o.s.orm.jpa.JpaTransactionManager - Creating new transaction with name [com.company.project.security.iam.CustomUserDetailsService.loadUserByUsername]: PROPAGATION_REQUIRED,ISOLATION_DEFAULT,readOnly
2026-03-16 16:58:03 [http-nio-8080-exec-7] DEBUG o.s.orm.jpa.JpaTransactionManager - Creating new transaction with name [com.company.project.security.iam.CustomUserDetailsService.loadUserByUsername]: PROPAGATION_REQUIRED,ISOLATION_DEFAULT,readOnly
2026-03-16 16:58:03 [http-nio-8080-exec-6] DEBUG o.s.orm.jpa.JpaTransactionManager - Opened new EntityManager [SessionImpl(1764446033<open>)] for JPA transaction
2026-03-16 16:58:03 [http-nio-8080-exec-7] DEBUG o.s.orm.jpa.JpaTransactionManager - Opened new EntityManager [SessionImpl(623300371<open>)] for JPA transaction
2026-03-16 16:58:03 [http-nio-8080-exec-10] DEBUG o.s.web.servlet.DispatcherServlet - GET "/ws/info?t=1773647883093", parameters={masked}
2026-03-16 16:58:03 [http-nio-8080-exec-10] DEBUG o.s.w.s.s.s.WebSocketHandlerMapping - Mapped to org.springframework.web.socket.sockjs.support.SockJsHttpRequestHandler@3d80b7ba
2026-03-16 16:58:03 [http-nio-8080-exec-10] DEBUG o.s.w.s.s.t.h.DefaultSockJsService - Processing transport request: GET http://localhost:8080/ws/info?t=1773647883093
2026-03-16 16:58:03 [http-nio-8080-exec-10] DEBUG o.s.web.servlet.DispatcherServlet - Completed 200 OK
2026-03-16 16:58:03 [http-nio-8080-exec-8] DEBUG o.s.web.servlet.DispatcherServlet - GET "/ws/054/a20tzotq/websocket", parameters={}
2026-03-16 16:58:03 [http-nio-8080-exec-8] DEBUG o.s.w.s.s.s.WebSocketHandlerMapping - Mapped to org.springframework.web.socket.sockjs.support.SockJsHttpRequestHandler@3d80b7ba
2026-03-16 16:58:03 [http-nio-8080-exec-8] DEBUG o.s.w.s.s.t.h.DefaultSockJsService - Processing transport request: GET http://localhost:8080/ws/054/a20tzotq/websocket
2026-03-16 16:58:03 [http-nio-8080-exec-8] DEBUG o.s.web.servlet.DispatcherServlet - Completed 101 SWITCHING_PROTOCOLS
2026-03-16 16:58:03 [http-nio-8080-exec-8] DEBUG o.s.w.s.h.LoggingWebSocketHandlerDecorator - New WebSocketServerSockJsSession[id=a20tzotq]
2026-03-16 16:58:03 [scheduling-1] DEBUG org.springframework.web.SimpLogging - Processing CONNECT session=a20tzotq
2026-03-16 16:58:03 [scheduling-1] DEBUG org.springframework.web.SimpLogging - Processing SUBSCRIBE /topic/notices id=sub-0 session=a20tzotq
2026-03-16 16:58:03 [scheduling-1] DEBUG org.springframework.web.SimpLogging - Processing SUBSCRIBE destination=/queue/notifications-usera20tzotq subscriptionId=sub-1 session=a20tzotq payload=byte[0]
2026-03-16 16:58:03 [scheduling-1] DEBUG org.springframework.web.SimpLogging - Processing SUBSCRIBE /topic/public id=sub-2 session=a20tzotq
2026-03-16 16:58:03 [scheduling-1] DEBUG org.springframework.web.SimpLogging - Processing SUBSCRIBE /topic/dashboard/stats id=sub-4 session=a20tzotq
2026-03-16 16:58:03 [scheduling-1] DEBUG org.springframework.web.SimpLogging - Processing SUBSCRIBE /topic/notifications id=sub-5 session=a20tzotq
2026-03-16 16:58:03 [scheduling-1] DEBUG org.springframework.web.SimpLogging - Processing SUBSCRIBE destination=/queue/notifications-usera20tzotq subscriptionId=sub-6 session=a20tzotq payload=byte[0]
2026-03-16 16:58:03 [http-nio-8080-exec-10] DEBUG c.c.p.s.jwt.JwtAuthenticationFilter - >>> [JwtFilter] Processing request: GET /api/v1/admin/system/statistics/connect
2026-03-16 16:58:03 [http-nio-8080-exec-10] DEBUG c.c.p.s.jwt.JwtAuthenticationFilter - >>> [JwtFilter] Found token in header for path: /api/v1/admin/system/statistics/connect
2026-03-16 16:58:03 [http-nio-8080-exec-10] DEBUG o.s.orm.jpa.JpaTransactionManager - Creating new transaction with name [com.company.project.security.iam.CustomUserDetailsService.loadUserByUsername]: PROPAGATION_REQUIRED,ISOLATION_DEFAULT,readOnly
2026-03-16 16:58:03 [http-nio-8080-exec-10] DEBUG o.s.orm.jpa.JpaTransactionManager - Opened new EntityManager [SessionImpl(748110242<open>)] for JPA transaction
2026-03-16 16:58:03 [http-nio-8080-exec-1] DEBUG o.s.orm.jpa.JpaTransactionManager - Exposing JPA transaction as JDBC [org.springframework.orm.jpa.vendor.HibernateJpaDialect$HibernateConnectionHandle@6e73e2ac]
2026-03-16 16:58:03 [http-nio-8080-exec-1] DEBUG o.s.orm.jpa.JpaTransactionManager - Found thread-bound EntityManager [SessionImpl(952719578<open>)] for JPA transaction
2026-03-16 16:58:03 [http-nio-8080-exec-1] DEBUG o.s.orm.jpa.JpaTransactionManager - Participating in existing transaction
2026-03-16 16:58:03 [http-nio-8080-exec-1] DEBUG org.hibernate.SQL - select u1_0.emplyr_id,u1_0.area_no,u1_0.brthdy,u1_0.chg_pwd_cnt,u1_0.frst_register_id,u1_0.frst_regist_pnttm,u1_0.detail_adres,u1_0.email_adres,u1_0.emplyr_sttus_code,u1_0.empl_no,u1_0.esntl_id,u1_0.fxnum,u1_0.group_id,u1_0.house_adres,u1_0.house_end_telno,u1_0.house_middle_telno,u1_0.ihidnum,u1_0.pstinst_code,u1_0.last_updusr_id,u1_0.last_updt_pnttm,u1_0.lock_at,u1_0.lock_cnt,u1_0.lock_last_pnttm,u1_0.mbtlnum,u1_0.ofcps_nm,u1_0.offm_telno,u1_0.orgnzt_id,u1_0.password,u1_0.password_cnsr,u1_0.password_hint,u1_0.chg_pwd_last_pnttm,u1_0.role,u1_0.sbscrb_de,u1_0.sexdstn_code,u1_0.crtfc_dn_value,u1_0.user_nm,u1_0.zip from nemplyrinfo u1_0 where u1_0.emplyr_id=?
2026-03-16 16:58:03 [http-nio-8080-exec-3] DEBUG o.s.orm.jpa.JpaTransactionManager - Exposing JPA transaction as JDBC [org.springframework.orm.jpa.vendor.HibernateJpaDialect$HibernateConnectionHandle@3aa68f15]
2026-03-16 16:58:03 [http-nio-8080-exec-3] DEBUG o.s.orm.jpa.JpaTransactionManager - Found thread-bound EntityManager [SessionImpl(1737160728<open>)] for JPA transaction
2026-03-16 16:58:03 [http-nio-8080-exec-3] DEBUG o.s.orm.jpa.JpaTransactionManager - Participating in existing transaction
2026-03-16 16:58:03 [http-nio-8080-exec-3] DEBUG org.hibernate.SQL - select u1_0.emplyr_id,u1_0.area_no,u1_0.brthdy,u1_0.chg_pwd_cnt,u1_0.frst_register_id,u1_0.frst_regist_pnttm,u1_0.detail_adres,u1_0.email_adres,u1_0.emplyr_sttus_code,u1_0.empl_no,u1_0.esntl_id,u1_0.fxnum,u1_0.group_id,u1_0.house_adres,u1_0.house_end_telno,u1_0.house_middle_telno,u1_0.ihidnum,u1_0.pstinst_code,u1_0.last_updusr_id,u1_0.last_updt_pnttm,u1_0.lock_at,u1_0.lock_cnt,u1_0.lock_last_pnttm,u1_0.mbtlnum,u1_0.ofcps_nm,u1_0.offm_telno,u1_0.orgnzt_id,u1_0.password,u1_0.password_cnsr,u1_0.password_hint,u1_0.chg_pwd_last_pnttm,u1_0.role,u1_0.sbscrb_de,u1_0.sexdstn_code,u1_0.crtfc_dn_value,u1_0.user_nm,u1_0.zip from nemplyrinfo u1_0 where u1_0.emplyr_id=?
2026-03-16 16:58:03 [http-nio-8080-exec-7] DEBUG o.s.orm.jpa.JpaTransactionManager - Exposing JPA transaction as JDBC [org.springframework.orm.jpa.vendor.HibernateJpaDialect$HibernateConnectionHandle@71bb8e1a]
2026-03-16 16:58:03 [http-nio-8080-exec-7] DEBUG o.s.orm.jpa.JpaTransactionManager - Found thread-bound EntityManager [SessionImpl(623300371<open>)] for JPA transaction
2026-03-16 16:58:03 [http-nio-8080-exec-7] DEBUG o.s.orm.jpa.JpaTransactionManager - Participating in existing transaction
2026-03-16 16:58:03 [http-nio-8080-exec-7] DEBUG org.hibernate.SQL - select u1_0.emplyr_id,u1_0.area_no,u1_0.brthdy,u1_0.chg_pwd_cnt,u1_0.frst_register_id,u1_0.frst_regist_pnttm,u1_0.detail_adres,u1_0.email_adres,u1_0.emplyr_sttus_code,u1_0.empl_no,u1_0.esntl_id,u1_0.fxnum,u1_0.group_id,u1_0.house_adres,u1_0.house_end_telno,u1_0.house_middle_telno,u1_0.ihidnum,u1_0.pstinst_code,u1_0.last_updusr_id,u1_0.last_updt_pnttm,u1_0.lock_at,u1_0.lock_cnt,u1_0.lock_last_pnttm,u1_0.mbtlnum,u1_0.ofcps_nm,u1_0.offm_telno,u1_0.orgnzt_id,u1_0.password,u1_0.password_cnsr,u1_0.password_hint,u1_0.chg_pwd_last_pnttm,u1_0.role,u1_0.sbscrb_de,u1_0.sexdstn_code,u1_0.crtfc_dn_value,u1_0.user_nm,u1_0.zip from nemplyrinfo u1_0 where u1_0.emplyr_id=?
2026-03-16 16:58:03 [http-nio-8080-exec-6] DEBUG o.s.orm.jpa.JpaTransactionManager - Exposing JPA transaction as JDBC [org.springframework.orm.jpa.vendor.HibernateJpaDialect$HibernateConnectionHandle@30b642cb]
2026-03-16 16:58:03 [http-nio-8080-exec-6] DEBUG o.s.orm.jpa.JpaTransactionManager - Found thread-bound EntityManager [SessionImpl(1764446033<open>)] for JPA transaction
2026-03-16 16:58:03 [http-nio-8080-exec-6] DEBUG o.s.orm.jpa.JpaTransactionManager - Participating in existing transaction
2026-03-16 16:58:03 [http-nio-8080-exec-6] DEBUG org.hibernate.SQL - select u1_0.emplyr_id,u1_0.area_no,u1_0.brthdy,u1_0.chg_pwd_cnt,u1_0.frst_register_id,u1_0.frst_regist_pnttm,u1_0.detail_adres,u1_0.email_adres,u1_0.emplyr_sttus_code,u1_0.empl_no,u1_0.esntl_id,u1_0.fxnum,u1_0.group_id,u1_0.house_adres,u1_0.house_end_telno,u1_0.house_middle_telno,u1_0.ihidnum,u1_0.pstinst_code,u1_0.last_updusr_id,u1_0.last_updt_pnttm,u1_0.lock_at,u1_0.lock_cnt,u1_0.lock_last_pnttm,u1_0.mbtlnum,u1_0.ofcps_nm,u1_0.offm_telno,u1_0.orgnzt_id,u1_0.password,u1_0.password_cnsr,u1_0.password_hint,u1_0.chg_pwd_last_pnttm,u1_0.role,u1_0.sbscrb_de,u1_0.sexdstn_code,u1_0.crtfc_dn_value,u1_0.user_nm,u1_0.zip from nemplyrinfo u1_0 where u1_0.emplyr_id=?
2026-03-16 16:58:03 [http-nio-8080-exec-2] DEBUG o.s.orm.jpa.JpaTransactionManager - Found thread-bound EntityManager [SessionImpl(343777315<open>)] for JPA transaction
2026-03-16 16:58:03 [http-nio-8080-exec-2] DEBUG o.s.orm.jpa.JpaTransactionManager - Participating in existing transaction
2026-03-16 16:58:03 [http-nio-8080-exec-2] DEBUG org.hibernate.SQL - select p1_0.progrm_file_nm,p1_0.progrm_dc,p1_0.progrm_korean_nm,p1_0.progrm_stre_path,p1_0.url from nprogrmlist p1_0
2026-03-16 16:58:03 [http-nio-8080-exec-10] DEBUG o.s.orm.jpa.JpaTransactionManager - Exposing JPA transaction as JDBC [org.springframework.orm.jpa.vendor.HibernateJpaDialect$HibernateConnectionHandle@677d392e]
2026-03-16 16:58:03 [http-nio-8080-exec-10] DEBUG o.s.orm.jpa.JpaTransactionManager - Found thread-bound EntityManager [SessionImpl(748110242<open>)] for JPA transaction
2026-03-16 16:58:03 [http-nio-8080-exec-10] DEBUG o.s.orm.jpa.JpaTransactionManager - Participating in existing transaction
2026-03-16 16:58:03 [http-nio-8080-exec-10] DEBUG org.hibernate.SQL - select u1_0.emplyr_id,u1_0.area_no,u1_0.brthdy,u1_0.chg_pwd_cnt,u1_0.frst_register_id,u1_0.frst_regist_pnttm,u1_0.detail_adres,u1_0.email_adres,u1_0.emplyr_sttus_code,u1_0.empl_no,u1_0.esntl_id,u1_0.fxnum,u1_0.group_id,u1_0.house_adres,u1_0.house_end_telno,u1_0.house_middle_telno,u1_0.ihidnum,u1_0.pstinst_code,u1_0.last_updusr_id,u1_0.last_updt_pnttm,u1_0.lock_at,u1_0.lock_cnt,u1_0.lock_last_pnttm,u1_0.mbtlnum,u1_0.ofcps_nm,u1_0.offm_telno,u1_0.orgnzt_id,u1_0.password,u1_0.password_cnsr,u1_0.password_hint,u1_0.chg_pwd_last_pnttm,u1_0.role,u1_0.sbscrb_de,u1_0.sexdstn_code,u1_0.crtfc_dn_value,u1_0.user_nm,u1_0.zip from nemplyrinfo u1_0 where u1_0.emplyr_id=?
2026-03-16 16:58:03 [http-nio-8080-exec-1] DEBUG o.s.orm.jpa.JpaTransactionManager - Found thread-bound EntityManager [SessionImpl(952719578<open>)] for JPA transaction
2026-03-16 16:58:03 [http-nio-8080-exec-1] DEBUG o.s.orm.jpa.JpaTransactionManager - Participating in existing transaction
2026-03-16 16:58:03 [http-nio-8080-exec-1] DEBUG org.hibernate.SQL - select ua1_0.scrty_dtrmn_trget_id,ua1_0.author_code,ua1_0.frst_register_id,ua1_0.frst_regist_pnttm,ua1_0.last_updusr_id,ua1_0.last_updt_pnttm,ua1_0.mber_ty_code from nemplyrscrtyestbs ua1_0 where ua1_0.scrty_dtrmn_trget_id=?
2026-03-16 16:58:03 [http-nio-8080-exec-3] DEBUG o.s.orm.jpa.JpaTransactionManager - Found thread-bound EntityManager [SessionImpl(1737160728<open>)] for JPA transaction
2026-03-16 16:58:03 [http-nio-8080-exec-3] DEBUG o.s.orm.jpa.JpaTransactionManager - Participating in existing transaction
2026-03-16 16:58:03 [http-nio-8080-exec-3] DEBUG org.hibernate.SQL - select ua1_0.scrty_dtrmn_trget_id,ua1_0.author_code,ua1_0.frst_register_id,ua1_0.frst_regist_pnttm,ua1_0.last_updusr_id,ua1_0.last_updt_pnttm,ua1_0.mber_ty_code from nemplyrscrtyestbs ua1_0 where ua1_0.scrty_dtrmn_trget_id=?
2026-03-16 16:58:03 [http-nio-8080-exec-7] DEBUG o.s.orm.jpa.JpaTransactionManager - Found thread-bound EntityManager [SessionImpl(623300371<open>)] for JPA transaction
2026-03-16 16:58:03 [http-nio-8080-exec-7] DEBUG o.s.orm.jpa.JpaTransactionManager - Participating in existing transaction
2026-03-16 16:58:03 [http-nio-8080-exec-7] DEBUG org.hibernate.SQL - select ua1_0.scrty_dtrmn_trget_id,ua1_0.author_code,ua1_0.frst_register_id,ua1_0.frst_regist_pnttm,ua1_0.last_updusr_id,ua1_0.last_updt_pnttm,ua1_0.mber_ty_code from nemplyrscrtyestbs ua1_0 where ua1_0.scrty_dtrmn_trget_id=?
2026-03-16 16:58:03 [http-nio-8080-exec-6] DEBUG o.s.orm.jpa.JpaTransactionManager - Found thread-bound EntityManager [SessionImpl(1764446033<open>)] for JPA transaction
2026-03-16 16:58:03 [http-nio-8080-exec-6] DEBUG o.s.orm.jpa.JpaTransactionManager - Participating in existing transaction
2026-03-16 16:58:03 [http-nio-8080-exec-6] DEBUG org.hibernate.SQL - select ua1_0.scrty_dtrmn_trget_id,ua1_0.author_code,ua1_0.frst_register_id,ua1_0.frst_regist_pnttm,ua1_0.last_updusr_id,ua1_0.last_updt_pnttm,ua1_0.mber_ty_code from nemplyrscrtyestbs ua1_0 where ua1_0.scrty_dtrmn_trget_id=?
2026-03-16 16:58:03 [http-nio-8080-exec-2] DEBUG o.s.orm.jpa.JpaTransactionManager - Initiating transaction commit
2026-03-16 16:58:03 [http-nio-8080-exec-2] DEBUG o.s.orm.jpa.JpaTransactionManager - Committing JPA transaction on EntityManager [SessionImpl(343777315<open>)]
2026-03-16 16:58:03 [http-nio-8080-exec-10] DEBUG o.s.orm.jpa.JpaTransactionManager - Found thread-bound EntityManager [SessionImpl(748110242<open>)] for JPA transaction
2026-03-16 16:58:03 [http-nio-8080-exec-10] DEBUG o.s.orm.jpa.JpaTransactionManager - Participating in existing transaction
2026-03-16 16:58:03 [http-nio-8080-exec-10] DEBUG org.hibernate.SQL - select ua1_0.scrty_dtrmn_trget_id,ua1_0.author_code,ua1_0.frst_register_id,ua1_0.frst_regist_pnttm,ua1_0.last_updusr_id,ua1_0.last_updt_pnttm,ua1_0.mber_ty_code from nemplyrscrtyestbs ua1_0 where ua1_0.scrty_dtrmn_trget_id=?
2026-03-16 16:58:03 [http-nio-8080-exec-1] DEBUG o.s.orm.jpa.JpaTransactionManager - Initiating transaction commit
2026-03-16 16:58:03 [http-nio-8080-exec-1] DEBUG o.s.orm.jpa.JpaTransactionManager - Committing JPA transaction on EntityManager [SessionImpl(952719578<open>)]
2026-03-16 16:58:03 [http-nio-8080-exec-3] DEBUG o.s.orm.jpa.JpaTransactionManager - Initiating transaction commit
2026-03-16 16:58:03 [http-nio-8080-exec-3] DEBUG o.s.orm.jpa.JpaTransactionManager - Committing JPA transaction on EntityManager [SessionImpl(1737160728<open>)]
2026-03-16 16:58:03 [http-nio-8080-exec-7] DEBUG o.s.orm.jpa.JpaTransactionManager - Initiating transaction commit
2026-03-16 16:58:03 [http-nio-8080-exec-7] DEBUG o.s.orm.jpa.JpaTransactionManager - Committing JPA transaction on EntityManager [SessionImpl(623300371<open>)]
2026-03-16 16:58:03 [http-nio-8080-exec-6] DEBUG o.s.orm.jpa.JpaTransactionManager - Initiating transaction commit
2026-03-16 16:58:03 [http-nio-8080-exec-6] DEBUG o.s.orm.jpa.JpaTransactionManager - Committing JPA transaction on EntityManager [SessionImpl(1764446033<open>)]
2026-03-16 16:58:03 [http-nio-8080-exec-2] DEBUG o.s.orm.jpa.JpaTransactionManager - Closing JPA EntityManager [SessionImpl(343777315<open>)] after transaction
2026-03-16 16:58:03 [http-nio-8080-exec-2] INFO  c.c.p.a.c.menu.MenuController - getLeftMenu returned 5 items
2026-03-16 16:58:03 [http-nio-8080-exec-2] DEBUG o.s.w.s.m.m.a.HttpEntityMethodProcessor - Using 'application/json', given [application/json, text/plain, */*] and supported [application/json, application/*+json, application/yaml]
2026-03-16 16:58:03 [http-nio-8080-exec-2] TRACE o.s.w.s.m.m.a.HttpEntityMethodProcessor - Writing [ApiResponse[success=true, status=200, code=COMMON_001, message=Success, data={list=[com.company.project.service.menu.dto.MenuDto@15757768, com.company.project.service.menu.dto.MenuDto@20022957, com.company.project.service.menu.dto.MenuDto@66a212c5, com.company.project.service.menu.dto.MenuDto@72ce927d, com.company.project.service.menu.dto.MenuDto@4cbe657b]}, timestamp=2026-03-16T16:58:03.565772]]
2026-03-16 16:58:03 [http-nio-8080-exec-2] INFO  c.c.p.a.i.OperationalAuditInterceptor - API Audit Log: URL=/api/v1/menu/left, User=webmaster, IP=127.0.0.1
2026-03-16 16:58:03 [http-nio-8080-exec-2] DEBUG o.s.web.servlet.DispatcherServlet - Completed 200 OK
2026-03-16 16:58:03 [http-nio-8080-exec-8] DEBUG c.c.p.s.jwt.JwtAuthenticationFilter - >>> [JwtFilter] Processing request: GET /api/v1/admin/system/statistics/bbs
2026-03-16 16:58:03 [http-nio-8080-exec-8] DEBUG c.c.p.s.jwt.JwtAuthenticationFilter - >>> [JwtFilter] Found token in header for path: /api/v1/admin/system/statistics/bbs
2026-03-16 16:58:03 [http-nio-8080-exec-8] DEBUG o.s.orm.jpa.JpaTransactionManager - Creating new transaction with name [com.company.project.security.iam.CustomUserDetailsService.loadUserByUsername]: PROPAGATION_REQUIRED,ISOLATION_DEFAULT,readOnly
2026-03-16 16:58:03 [http-nio-8080-exec-8] DEBUG o.s.orm.jpa.JpaTransactionManager - Opened new EntityManager [SessionImpl(2138367384<open>)] for JPA transaction
2026-03-16 16:58:03 [http-nio-8080-exec-10] DEBUG o.s.orm.jpa.JpaTransactionManager - Initiating transaction commit
2026-03-16 16:58:03 [http-nio-8080-exec-10] DEBUG o.s.orm.jpa.JpaTransactionManager - Committing JPA transaction on EntityManager [SessionImpl(748110242<open>)]
2026-03-16 16:58:03 [http-nio-8080-exec-1] DEBUG o.s.orm.jpa.JpaTransactionManager - Closing JPA EntityManager [SessionImpl(952719578<open>)] after transaction
2026-03-16 16:58:03 [http-nio-8080-exec-1] DEBUG c.c.p.s.jwt.JwtAuthenticationFilter - >>> [JwtFilter] Successfully authenticated user: USRCNFRM_99999999999, Authorities: [ROLE_ADMIN]
2026-03-16 16:58:03 [http-nio-8080-exec-1] DEBUG o.s.web.servlet.DispatcherServlet - GET "/api/v1/notifications/unread-count", parameters={}
2026-03-16 16:58:03 [http-nio-8080-exec-1] TRACE o.s.w.s.m.m.a.RequestMappingHandlerMapping - Mapped to com.company.project.api.controller.notification.NotificationController#getUnreadCount(UserDetails)
2026-03-16 16:58:03 [http-nio-8080-exec-1] DEBUG o.s.orm.jpa.JpaTransactionManager - Creating new transaction with name [com.company.project.service.notification.NotificationService.getUnreadCount]: PROPAGATION_REQUIRED,ISOLATION_DEFAULT,readOnly
2026-03-16 16:58:03 [http-nio-8080-exec-1] DEBUG o.s.orm.jpa.JpaTransactionManager - Opened new EntityManager [SessionImpl(1391990921<open>)] for JPA transaction
2026-03-16 16:58:03 [http-nio-8080-exec-1] DEBUG o.s.orm.jpa.JpaTransactionManager - Exposing JPA transaction as JDBC [org.springframework.orm.jpa.vendor.HibernateJpaDialect$HibernateConnectionHandle@6b253f42]
2026-03-16 16:58:03 [http-nio-8080-exec-1] DEBUG org.hibernate.SQL - select count(n1_0.ntcn_no) from n_user_notification n1_0 where n1_0.receiver_id=? and n1_0.is_read=?
2026-03-16 16:58:03 [http-nio-8080-exec-7] DEBUG o.s.orm.jpa.JpaTransactionManager - Closing JPA EntityManager [SessionImpl(623300371<open>)] after transaction
2026-03-16 16:58:03 [http-nio-8080-exec-3] DEBUG o.s.orm.jpa.JpaTransactionManager - Closing JPA EntityManager [SessionImpl(1737160728<open>)] after transaction
2026-03-16 16:58:03 [http-nio-8080-exec-7] DEBUG c.c.p.s.jwt.JwtAuthenticationFilter - >>> [JwtFilter] Successfully authenticated user: USRCNFRM_99999999999, Authorities: [ROLE_ADMIN]
2026-03-16 16:58:03 [http-nio-8080-exec-3] DEBUG c.c.p.s.jwt.JwtAuthenticationFilter - >>> [JwtFilter] Successfully authenticated user: USRCNFRM_99999999999, Authorities: [ROLE_ADMIN]
2026-03-16 16:58:03 [http-nio-8080-exec-3] DEBUG o.s.web.servlet.DispatcherServlet - GET "/api/v1/notifications", parameters={}
2026-03-16 16:58:03 [http-nio-8080-exec-7] DEBUG o.s.web.servlet.DispatcherServlet - GET "/api/v1/admin/system/banners/reflected", parameters={}
2026-03-16 16:58:03 [http-nio-8080-exec-7] TRACE o.s.w.s.m.m.a.RequestMappingHandlerMapping - Mapped to com.company.project.api.controller.system.content.banner.BannerApiController#getReflectedBanners()
2026-03-16 16:58:03 [http-nio-8080-exec-3] TRACE o.s.w.s.m.m.a.RequestMappingHandlerMapping - Mapped to com.company.project.api.controller.notification.NotificationController#getMyNotifications(UserDetails)
2026-03-16 16:58:03 [http-nio-8080-exec-3] DEBUG o.s.orm.jpa.JpaTransactionManager - Creating new transaction with name [com.company.project.service.notification.NotificationService.getActiveNotifications]: PROPAGATION_REQUIRED,ISOLATION_DEFAULT,readOnly
2026-03-16 16:58:03 [http-nio-8080-exec-7] DEBUG o.s.orm.jpa.JpaTransactionManager - Creating new transaction with name [com.company.project.service.system.content.banner.BannerService.getReflectedBanners]: PROPAGATION_REQUIRED,ISOLATION_DEFAULT,readOnly
2026-03-16 16:58:03 [http-nio-8080-exec-3] DEBUG o.s.orm.jpa.JpaTransactionManager - Opened new EntityManager [SessionImpl(1929025320<open>)] for JPA transaction
2026-03-16 16:58:03 [http-nio-8080-exec-3] DEBUG o.s.orm.jpa.JpaTransactionManager - Exposing JPA transaction as JDBC [org.springframework.orm.jpa.vendor.HibernateJpaDialect$HibernateConnectionHandle@47252ae]
2026-03-16 16:58:03 [http-nio-8080-exec-7] DEBUG o.s.orm.jpa.JpaTransactionManager - Opened new EntityManager [SessionImpl(507201293<open>)] for JPA transaction
2026-03-16 16:58:03 [http-nio-8080-exec-3] DEBUG o.s.orm.jpa.JpaTransactionManager - Found thread-bound EntityManager [SessionImpl(1929025320<open>)] for JPA transaction
2026-03-16 16:58:03 [http-nio-8080-exec-7] DEBUG o.s.orm.jpa.JpaTransactionManager - Exposing JPA transaction as JDBC [org.springframework.orm.jpa.vendor.HibernateJpaDialect$HibernateConnectionHandle@64271bca]
2026-03-16 16:58:03 [http-nio-8080-exec-3] DEBUG o.s.orm.jpa.JpaTransactionManager - Participating in existing transaction
2026-03-16 16:58:03 [http-nio-8080-exec-6] DEBUG o.s.orm.jpa.JpaTransactionManager - Closing JPA EntityManager [SessionImpl(1764446033<open>)] after transaction
2026-03-16 16:58:03 [http-nio-8080-exec-6] DEBUG c.c.p.s.jwt.JwtAuthenticationFilter - >>> [JwtFilter] Successfully authenticated user: USRCNFRM_99999999999, Authorities: [ROLE_ADMIN]
2026-03-16 16:58:03 [http-nio-8080-exec-6] DEBUG o.s.web.servlet.DispatcherServlet - GET "/api/v1/popups/active", parameters={}
2026-03-16 16:58:03 [http-nio-8080-exec-3] DEBUG org.hibernate.SQL - select n1_0.ntcn_no,n1_0.frst_register_id,n1_0.frst_regist_pnttm,n1_0.is_read,n1_0.last_updusr_id,n1_0.last_updt_pnttm,n1_0.link_url,n1_0.ntcn_cn,n1_0.ntcn_sj,n1_0.receiver_id from n_user_notification n1_0
2026-03-16 16:58:03 [http-nio-8080-exec-6] TRACE o.s.w.s.m.m.a.RequestMappingHandlerMapping - Mapped to com.company.project.api.controller.system.content.popup.PopupController#getActivePopups()
2026-03-16 16:58:03 [http-nio-8080-exec-7] DEBUG org.hibernate.SQL - select b1_0.banner_id,b1_0.banner_dc,b1_0.banner_image,b1_0.banner_image_file,b1_0.banner_nm,b1_0.frst_register_id,b1_0.frst_regist_pnttm,b1_0.last_updusr_id,b1_0.last_updt_pnttm,b1_0.link_url,b1_0.reflct_at,b1_0.sort_ordr from nbanner b1_0 where b1_0.reflct_at=? order by b1_0.sort_ordr
2026-03-16 16:58:03 [http-nio-8080-exec-6] DEBUG o.s.orm.jpa.JpaTransactionManager - Creating new transaction with name [com.company.project.service.system.content.popup.PopupServiceImpl.getActivePopups]: PROPAGATION_REQUIRED,ISOLATION_DEFAULT,readOnly
2026-03-16 16:58:03 [http-nio-8080-exec-6] DEBUG o.s.orm.jpa.JpaTransactionManager - Opened new EntityManager [SessionImpl(825395607<open>)] for JPA transaction
2026-03-16 16:58:03 [http-nio-8080-exec-6] DEBUG o.s.orm.jpa.JpaTransactionManager - Exposing JPA transaction as JDBC [org.springframework.orm.jpa.vendor.HibernateJpaDialect$HibernateConnectionHandle@499c6c54]
2026-03-16 16:58:03 [http-nio-8080-exec-6] DEBUG org.hibernate.SQL - select p1_0.popup_id,p1_0.frst_register_id,p1_0.frst_regist_pnttm,p1_0.file_url,p1_0.ntce_at,p1_0.stopvew_setup_at,p1_0.last_updusr_id,p1_0.last_updt_pnttm,p1_0.ntce_bgnde,p1_0.ntce_endde,p1_0.popup_vrticl_lc,p1_0.popup_vrticl_size,p1_0.popup_sj_nm,p1_0.popup_width_lc,p1_0.popup_width_size from npopupmanage p1_0 where p1_0.ntce_at='Y' and ? between p1_0.ntce_bgnde and p1_0.ntce_endde
2026-03-16 16:58:03 [http-nio-8080-exec-8] DEBUG o.s.orm.jpa.JpaTransactionManager - Exposing JPA transaction as JDBC [org.springframework.orm.jpa.vendor.HibernateJpaDialect$HibernateConnectionHandle@1c35816f]
2026-03-16 16:58:03 [http-nio-8080-exec-8] DEBUG o.s.orm.jpa.JpaTransactionManager - Found thread-bound EntityManager [SessionImpl(2138367384<open>)] for JPA transaction
2026-03-16 16:58:03 [http-nio-8080-exec-8] DEBUG o.s.orm.jpa.JpaTransactionManager - Participating in existing transaction
2026-03-16 16:58:03 [http-nio-8080-exec-8] DEBUG org.hibernate.SQL - select u1_0.emplyr_id,u1_0.area_no,u1_0.brthdy,u1_0.chg_pwd_cnt,u1_0.frst_register_id,u1_0.frst_regist_pnttm,u1_0.detail_adres,u1_0.email_adres,u1_0.emplyr_sttus_code,u1_0.empl_no,u1_0.esntl_id,u1_0.fxnum,u1_0.group_id,u1_0.house_adres,u1_0.house_end_telno,u1_0.house_middle_telno,u1_0.ihidnum,u1_0.pstinst_code,u1_0.last_updusr_id,u1_0.last_updt_pnttm,u1_0.lock_at,u1_0.lock_cnt,u1_0.lock_last_pnttm,u1_0.mbtlnum,u1_0.ofcps_nm,u1_0.offm_telno,u1_0.orgnzt_id,u1_0.password,u1_0.password_cnsr,u1_0.password_hint,u1_0.chg_pwd_last_pnttm,u1_0.role,u1_0.sbscrb_de,u1_0.sexdstn_code,u1_0.crtfc_dn_value,u1_0.user_nm,u1_0.zip from nemplyrinfo u1_0 where u1_0.emplyr_id=?
2026-03-16 16:58:03 [http-nio-8080-exec-10] DEBUG o.s.orm.jpa.JpaTransactionManager - Closing JPA EntityManager [SessionImpl(748110242<open>)] after transaction
2026-03-16 16:58:03 [http-nio-8080-exec-10] DEBUG c.c.p.s.jwt.JwtAuthenticationFilter - >>> [JwtFilter] Successfully authenticated user: USRCNFRM_99999999999, Authorities: [ROLE_ADMIN]
2026-03-16 16:58:03 [http-nio-8080-exec-10] DEBUG o.s.web.servlet.DispatcherServlet - GET "/api/v1/admin/system/statistics/connect?statsKind=SERVICE", parameters={masked}
2026-03-16 16:58:03 [http-nio-8080-exec-10] DEBUG o.s.w.s.h.SimpleUrlHandlerMapping - Mapped to ResourceHttpRequestHandler [classpath [META-INF/resources/], classpath [resources/], classpath [static/], classpath [public/], ServletContext [/]]
2026-03-16 16:58:03 [http-nio-8080-exec-10] DEBUG o.s.w.s.r.ResourceHttpRequestHandler - Resource not found
2026-03-16 16:58:03 [http-nio-8080-exec-10] DEBUG o.s.w.s.m.m.a.ExceptionHandlerExceptionResolver - Using @ExceptionHandler com.company.project.core.exception.GlobalExceptionHandler#handleException(Exception)
2026-03-16 16:58:03 [http-nio-8080-exec-10] ERROR c.c.p.c.e.GlobalExceptionHandler - >>> Internal Server Error: No static resource api/v1/admin/system/statistics/connect.
org.springframework.web.servlet.resource.NoResourceFoundException: No static resource api/v1/admin/system/statistics/connect.
	at org.springframework.web.servlet.resource.ResourceHttpRequestHandler.handleRequest(ResourceHttpRequestHandler.java:585)
	at org.springframework.web.servlet.mvc.HttpRequestHandlerAdapter.handle(HttpRequestHandlerAdapter.java:52)
	at org.springframework.web.servlet.DispatcherServlet.doDispatch(DispatcherServlet.java:1088)
	at org.springframework.web.servlet.DispatcherServlet.doService(DispatcherServlet.java:978)
	at org.springframework.web.servlet.FrameworkServlet.processRequest(FrameworkServlet.java:1014)
	at org.springframework.web.servlet.FrameworkServlet.doGet(FrameworkServlet.java:903)
	at jakarta.servlet.http.HttpServlet.service(HttpServlet.java:527)
	at org.springframework.web.servlet.FrameworkServlet.service(FrameworkServlet.java:885)
	at jakarta.servlet.http.HttpServlet.service(HttpServlet.java:614)
	at org.apache.catalina.core.ApplicationFilterChain.internalDoFilter(ApplicationFilterChain.java:195)
	at org.apache.catalina.core.ApplicationFilterChain.doFilter(ApplicationFilterChain.java:140)
	at org.apache.tomcat.websocket.server.WsFilter.doFilter(WsFilter.java:51)
	at org.apache.catalina.core.ApplicationFilterChain.internalDoFilter(ApplicationFilterChain.java:164)
	at org.apache.catalina.core.ApplicationFilterChain.doFilter(ApplicationFilterChain.java:140)
	at org.springframework.web.filter.CompositeFilter$VirtualFilterChain.doFilter(CompositeFilter.java:108)
	at org.springframework.security.web.FilterChainProxy.lambda$doFilterInternal$3(FilterChainProxy.java:231)
	at org.springframework.security.web.ObservationFilterChainDecorator$FilterObservation$SimpleFilterObservation.lambda$wrap$1(ObservationFilterChainDecorator.java:479)
	at org.springframework.security.web.ObservationFilterChainDecorator$AroundFilterObservation$SimpleAroundFilterObservation.lambda$wrap$1(ObservationFilterChainDecorator.java:340)
	at org.springframework.security.web.ObservationFilterChainDecorator.lambda$wrapSecured$0(ObservationFilterChainDecorator.java:82)
	at org.springframework.security.web.ObservationFilterChainDecorator$VirtualFilterChain.doFilter(ObservationFilterChainDecorator.java:128)
	at org.springframework.security.web.access.intercept.AuthorizationFilter.doFilter(AuthorizationFilter.java:101)
	at org.springframework.security.web.ObservationFilterChainDecorator$ObservationFilter.wrapFilter(ObservationFilterChainDecorator.java:240)
	at org.springframework.security.web.ObservationFilterChainDecorator$ObservationFilter.doFilter(ObservationFilterChainDecorator.java:227)
	at org.springframework.security.web.ObservationFilterChainDecorator$VirtualFilterChain.doFilter(ObservationFilterChainDecorator.java:137)
	at org.springframework.security.web.access.ExceptionTranslationFilter.doFilter(ExceptionTranslationFilter.java:126)
	at org.springframework.security.web.access.ExceptionTranslationFilter.doFilter(ExceptionTranslationFilter.java:120)
	at org.springframework.security.web.ObservationFilterChainDecorator$ObservationFilter.wrapFilter(ObservationFilterChainDecorator.java:240)
	at org.springframework.security.web.ObservationFilterChainDecorator$ObservationFilter.doFilter(ObservationFilterChainDecorator.java:227)
	at org.springframework.security.web.ObservationFilterChainDecorator$VirtualFilterChain.doFilter(ObservationFilterChainDecorator.java:137)
	at org.springframework.security.web.session.SessionManagementFilter.doFilter(SessionManagementFilter.java:131)
	at org.springframework.security.web.session.SessionManagementFilter.doFilter(SessionManagementFilter.java:85)
	at org.springframework.security.web.ObservationFilterChainDecorator$ObservationFilter.wrapFilter(ObservationFilterChainDecorator.java:240)
	at org.springframework.security.web.ObservationFilterChainDecorator$ObservationFilter.doFilter(ObservationFilterChainDecorator.java:227)
	at org.springframework.security.web.ObservationFilterChainDecorator$VirtualFilterChain.doFilter(ObservationFilterChainDecorator.java:137)
	at org.springframework.security.web.authentication.AnonymousAuthenticationFilter.doFilter(AnonymousAuthenticationFilter.java:100)
	at org.springframework.security.web.ObservationFilterChainDecorator$ObservationFilter.wrapFilter(ObservationFilterChainDecorator.java:240)
	at org.springframework.security.web.ObservationFilterChainDecorator$ObservationFilter.doFilter(ObservationFilterChainDecorator.java:227)
	at org.springframework.security.web.ObservationFilterChainDecorator$VirtualFilterChain.doFilter(ObservationFilterChainDecorator.java:137)
	at org.springframework.security.web.servletapi.SecurityContextHolderAwareRequestFilter.doFilter(SecurityContextHolderAwareRequestFilter.java:179)
	at org.springframework.security.web.ObservationFilterChainDecorator$ObservationFilter.wrapFilter(ObservationFilterChainDecorator.java:240)
	at org.springframework.security.web.ObservationFilterChainDecorator$ObservationFilter.doFilter(ObservationFilterChainDecorator.java:227)
	at org.springframework.security.web.ObservationFilterChainDecorator$VirtualFilterChain.doFilter(ObservationFilterChainDecorator.java:137)
	at org.springframework.security.web.savedrequest.RequestCacheAwareFilter.doFilter(RequestCacheAwareFilter.java:63)
	at org.springframework.security.web.ObservationFilterChainDecorator$ObservationFilter.wrapFilter(ObservationFilterChainDecorator.java:240)
	at org.springframework.security.web.ObservationFilterChainDecorator$ObservationFilter.doFilter(ObservationFilterChainDecorator.java:227)
	at org.springframework.security.web.ObservationFilterChainDecorator$VirtualFilterChain.doFilter(ObservationFilterChainDecorator.java:137)
	at com.company.project.security.jwt.JwtAuthenticationFilter.doFilterInternal(JwtAuthenticationFilter.java:52)
	at org.springframework.web.filter.OncePerRequestFilter.doFilter(OncePerRequestFilter.java:116)
	at org.springframework.security.web.ObservationFilterChainDecorator$ObservationFilter.wrapFilter(ObservationFilterChainDecorator.java:240)
	at org.springframework.security.web.ObservationFilterChainDecorator$ObservationFilter.doFilter(ObservationFilterChainDecorator.java:227)
	at org.springframework.security.web.ObservationFilterChainDecorator$VirtualFilterChain.doFilter(ObservationFilterChainDecorator.java:137)
	at org.springframework.security.web.authentication.logout.LogoutFilter.doFilter(LogoutFilter.java:107)
	at org.springframework.security.web.authentication.logout.LogoutFilter.doFilter(LogoutFilter.java:93)
	at org.springframework.security.web.ObservationFilterChainDecorator$ObservationFilter.wrapFilter(ObservationFilterChainDecorator.java:240)
	at org.springframework.security.web.ObservationFilterChainDecorator$ObservationFilter.doFilter(ObservationFilterChainDecorator.java:227)
	at org.springframework.security.web.ObservationFilterChainDecorator$VirtualFilterChain.doFilter(ObservationFilterChainDecorator.java:137)
	at org.springframework.web.filter.CorsFilter.doFilterInternal(CorsFilter.java:91)
	at org.springframework.web.filter.OncePerRequestFilter.doFilter(OncePerRequestFilter.java:116)
	at org.springframework.security.web.ObservationFilterChainDecorator$ObservationFilter.wrapFilter(ObservationFilterChainDecorator.java:240)
	at org.springframework.security.web.ObservationFilterChainDecorator$ObservationFilter.doFilter(ObservationFilterChainDecorator.java:227)
	at org.springframework.security.web.ObservationFilterChainDecorator$VirtualFilterChain.doFilter(ObservationFilterChainDecorator.java:137)
	at org.springframework.security.web.header.HeaderWriterFilter.doHeadersAfter(HeaderWriterFilter.java:90)
	at org.springframework.security.web.header.HeaderWriterFilter.doFilterInternal(HeaderWriterFilter.java:75)
	at org.springframework.web.filter.OncePerRequestFilter.doFilter(OncePerRequestFilter.java:116)
	at org.springframework.security.web.ObservationFilterChainDecorator$ObservationFilter.wrapFilter(ObservationFilterChainDecorator.java:240)
	at org.springframework.security.web.ObservationFilterChainDecorator$ObservationFilter.doFilter(ObservationFilterChainDecorator.java:227)
	at org.springframework.security.web.ObservationFilterChainDecorator$VirtualFilterChain.doFilter(ObservationFilterChainDecorator.java:137)
	at org.springframework.security.web.context.SecurityContextHolderFilter.doFilter(SecurityContextHolderFilter.java:82)
	at org.springframework.security.web.context.SecurityContextHolderFilter.doFilter(SecurityContextHolderFilter.java:69)
	at org.springframework.security.web.ObservationFilterChainDecorator$ObservationFilter.wrapFilter(ObservationFilterChainDecorator.java:240)
	at org.springframework.security.web.ObservationFilterChainDecorator$ObservationFilter.doFilter(ObservationFilterChainDecorator.java:227)
	at org.springframework.security.web.ObservationFilterChainDecorator$VirtualFilterChain.doFilter(ObservationFilterChainDecorator.java:137)
	at org.springframework.security.web.context.request.async.WebAsyncManagerIntegrationFilter.doFilterInternal(WebAsyncManagerIntegrationFilter.java:62)
	at org.springframework.web.filter.OncePerRequestFilter.doFilter(OncePerRequestFilter.java:116)
	at org.springframework.security.web.ObservationFilterChainDecorator$ObservationFilter.wrapFilter(ObservationFilterChainDecorator.java:240)
	at org.springframework.security.web.ObservationFilterChainDecorator$ObservationFilter.doFilter(ObservationFilterChainDecorator.java:227)
	at org.springframework.security.web.ObservationFilterChainDecorator$VirtualFilterChain.doFilter(ObservationFilterChainDecorator.java:137)
	at org.springframework.security.web.session.DisableEncodeUrlFilter.doFilterInternal(DisableEncodeUrlFilter.java:42)
	at org.springframework.web.filter.OncePerRequestFilter.doFilter(OncePerRequestFilter.java:116)
	at org.springframework.security.web.ObservationFilterChainDecorator$ObservationFilter.wrapFilter(ObservationFilterChainDecorator.java:240)
	at org.springframework.security.web.ObservationFilterChainDecorator$AroundFilterObservation$SimpleAroundFilterObservation.lambda$wrap$0(ObservationFilterChainDecorator.java:323)
	at org.springframework.security.web.ObservationFilterChainDecorator$ObservationFilter.doFilter(ObservationFilterChainDecorator.java:224)
	at org.springframework.security.web.ObservationFilterChainDecorator$VirtualFilterChain.doFilter(ObservationFilterChainDecorator.java:137)
	at org.springframework.security.web.FilterChainProxy.doFilterInternal(FilterChainProxy.java:233)
	at org.springframework.security.web.FilterChainProxy.doFilter(FilterChainProxy.java:191)
	at org.springframework.web.filter.CompositeFilter$VirtualFilterChain.doFilter(CompositeFilter.java:113)
	at org.springframework.web.servlet.handler.HandlerMappingIntrospector.lambda$createCacheFilter$3(HandlerMappingIntrospector.java:243)
	at org.springframework.web.filter.CompositeFilter$VirtualFilterChain.doFilter(CompositeFilter.java:113)
	at org.springframework.web.filter.CompositeFilter.doFilter(CompositeFilter.java:74)
	at org.springframework.security.config.annotation.web.configuration.WebMvcSecurityConfiguration$CompositeFilterChainProxy.doFilter(WebMvcSecurityConfiguration.java:238)
	at org.springframework.web.filter.DelegatingFilterProxy.invokeDelegate(DelegatingFilterProxy.java:362)
	at org.springframework.web.filter.DelegatingFilterProxy.doFilter(DelegatingFilterProxy.java:278)
	at org.apache.catalina.core.ApplicationFilterChain.internalDoFilter(ApplicationFilterChain.java:164)
	at org.apache.catalina.core.ApplicationFilterChain.doFilter(ApplicationFilterChain.java:140)
	at org.springframework.web.filter.RequestContextFilter.doFilterInternal(RequestContextFilter.java:100)
	at org.springframework.web.filter.OncePerRequestFilter.doFilter(OncePerRequestFilter.java:116)
	at org.apache.catalina.core.ApplicationFilterChain.internalDoFilter(ApplicationFilterChain.java:164)
	at org.apache.catalina.core.ApplicationFilterChain.doFilter(ApplicationFilterChain.java:140)
	at org.springframework.web.filter.FormContentFilter.doFilterInternal(FormContentFilter.java:93)
	at org.springframework.web.filter.OncePerRequestFilter.doFilter(OncePerRequestFilter.java:116)
	at org.apache.catalina.core.ApplicationFilterChain.internalDoFilter(ApplicationFilterChain.java:164)
	at org.apache.catalina.core.ApplicationFilterChain.doFilter(ApplicationFilterChain.java:140)
	at org.springframework.web.filter.ServerHttpObservationFilter.doFilterInternal(ServerHttpObservationFilter.java:114)
	at org.springframework.web.filter.OncePerRequestFilter.doFilter(OncePerRequestFilter.java:116)
	at org.apache.catalina.core.ApplicationFilterChain.internalDoFilter(ApplicationFilterChain.java:164)
	at org.apache.catalina.core.ApplicationFilterChain.doFilter(ApplicationFilterChain.java:140)
	at org.springframework.web.filter.CharacterEncodingFilter.doFilterInternal(CharacterEncodingFilter.java:201)
	at org.springframework.web.filter.OncePerRequestFilter.doFilter(OncePerRequestFilter.java:116)
	at org.apache.catalina.core.ApplicationFilterChain.internalDoFilter(ApplicationFilterChain.java:164)
	at org.apache.catalina.core.ApplicationFilterChain.doFilter(ApplicationFilterChain.java:140)
	at org.apache.catalina.core.StandardWrapperValve.invoke(StandardWrapperValve.java:167)
	at org.apache.catalina.core.StandardContextValve.invoke(StandardContextValve.java:90)
	at org.apache.catalina.authenticator.AuthenticatorBase.invoke(AuthenticatorBase.java:483)
	at org.apache.catalina.core.StandardHostValve.invoke(StandardHostValve.java:115)
	at org.apache.catalina.valves.ErrorReportValve.invoke(ErrorReportValve.java:93)
	at org.apache.catalina.core.StandardEngineValve.invoke(StandardEngineValve.java:74)
	at org.apache.catalina.connector.CoyoteAdapter.service(CoyoteAdapter.java:344)
	at org.apache.coyote.http11.Http11Processor.service(Http11Processor.java:397)
	at org.apache.coyote.AbstractProcessorLight.process(AbstractProcessorLight.java:63)
	at org.apache.coyote.AbstractProtocol$ConnectionHandler.process(AbstractProtocol.java:905)
	at org.apache.tomcat.util.net.NioEndpoint$SocketProcessor.doRun(NioEndpoint.java:1741)
	at org.apache.tomcat.util.net.SocketProcessorBase.run(SocketProcessorBase.java:52)
	at org.apache.tomcat.util.threads.ThreadPoolExecutor.runWorker(ThreadPoolExecutor.java:1190)
	at org.apache.tomcat.util.threads.ThreadPoolExecutor$Worker.run(ThreadPoolExecutor.java:659)
	at org.apache.tomcat.util.threads.TaskThread$WrappingRunnable.run(TaskThread.java:63)
	at java.base/java.lang.Thread.run(Thread.java:1583)
2026-03-16 16:58:03 [http-nio-8080-exec-1] DEBUG o.s.orm.jpa.JpaTransactionManager - Initiating transaction commit
2026-03-16 16:58:03 [http-nio-8080-exec-1] DEBUG o.s.orm.jpa.JpaTransactionManager - Committing JPA transaction on EntityManager [SessionImpl(1391990921<open>)]
2026-03-16 16:58:03 [http-nio-8080-exec-10] DEBUG o.s.w.s.m.m.a.HttpEntityMethodProcessor - Using 'application/json', given [application/json, text/plain, */*] and supported [application/json, application/*+json, application/yaml]
2026-03-16 16:58:03 [http-nio-8080-exec-10] TRACE o.s.w.s.m.m.a.HttpEntityMethodProcessor - Writing [ApiResponse[success=false, status=500, code=C004, message=예기치 않은 서버 오류가 발생했습니다., data=null, timestamp=2026-03-16T16:58:03.809300400]]
2026-03-16 16:58:03 [http-nio-8080-exec-10] DEBUG o.s.w.s.m.m.a.ExceptionHandlerExceptionResolver - Resolved [org.springframework.web.servlet.resource.NoResourceFoundException: No static resource api/v1/admin/system/statistics/connect.]
2026-03-16 16:58:03 [http-nio-8080-exec-10] DEBUG o.s.web.servlet.DispatcherServlet - Completed 500 INTERNAL_SERVER_ERROR
2026-03-16 16:58:03 [http-nio-8080-exec-9] DEBUG c.c.p.s.jwt.JwtAuthenticationFilter - >>> [JwtFilter] Processing request: GET /api/v1/menu/left
2026-03-16 16:58:03 [http-nio-8080-exec-9] DEBUG c.c.p.s.jwt.JwtAuthenticationFilter - >>> [JwtFilter] Found token in header for path: /api/v1/menu/left
2026-03-16 16:58:03 [http-nio-8080-exec-9] DEBUG o.s.orm.jpa.JpaTransactionManager - Creating new transaction with name [com.company.project.security.iam.CustomUserDetailsService.loadUserByUsername]: PROPAGATION_REQUIRED,ISOLATION_DEFAULT,readOnly
2026-03-16 16:58:03 [http-nio-8080-exec-9] DEBUG o.s.orm.jpa.JpaTransactionManager - Opened new EntityManager [SessionImpl(1237330391<open>)] for JPA transaction
2026-03-16 16:58:03 [http-nio-8080-exec-6] DEBUG o.s.orm.jpa.JpaTransactionManager - Initiating transaction commit
2026-03-16 16:58:03 [http-nio-8080-exec-3] DEBUG o.s.orm.jpa.JpaTransactionManager - Initiating transaction commit
2026-03-16 16:58:03 [http-nio-8080-exec-7] DEBUG o.s.orm.jpa.JpaTransactionManager - Initiating transaction commit
2026-03-16 16:58:03 [http-nio-8080-exec-6] DEBUG o.s.orm.jpa.JpaTransactionManager - Committing JPA transaction on EntityManager [SessionImpl(825395607<open>)]
2026-03-16 16:58:03 [http-nio-8080-exec-3] DEBUG o.s.orm.jpa.JpaTransactionManager - Committing JPA transaction on EntityManager [SessionImpl(1929025320<open>)]
2026-03-16 16:58:03 [http-nio-8080-exec-7] DEBUG o.s.orm.jpa.JpaTransactionManager - Committing JPA transaction on EntityManager [SessionImpl(507201293<open>)]
2026-03-16 16:58:03 [http-nio-8080-exec-8] DEBUG o.s.orm.jpa.JpaTransactionManager - Found thread-bound EntityManager [SessionImpl(2138367384<open>)] for JPA transaction
2026-03-16 16:58:03 [http-nio-8080-exec-8] DEBUG o.s.orm.jpa.JpaTransactionManager - Participating in existing transaction
2026-03-16 16:58:03 [http-nio-8080-exec-8] DEBUG org.hibernate.SQL - select ua1_0.scrty_dtrmn_trget_id,ua1_0.author_code,ua1_0.frst_register_id,ua1_0.frst_regist_pnttm,ua1_0.last_updusr_id,ua1_0.last_updt_pnttm,ua1_0.mber_ty_code from nemplyrscrtyestbs ua1_0 where ua1_0.scrty_dtrmn_trget_id=?
2026-03-16 16:58:03 [http-nio-8080-exec-1] DEBUG o.s.orm.jpa.JpaTransactionManager - Closing JPA EntityManager [SessionImpl(1391990921<open>)] after transaction
2026-03-16 16:58:03 [http-nio-8080-exec-1] DEBUG o.s.w.s.m.m.a.HttpEntityMethodProcessor - Using 'application/json', given [application/json, text/plain, */*] and supported [application/json, application/*+json, application/yaml]
2026-03-16 16:58:03 [http-nio-8080-exec-1] TRACE o.s.w.s.m.m.a.HttpEntityMethodProcessor - Writing [ApiResponse[success=true, status=200, code=COMMON_001, message=Success, data=0, timestamp=2026-03-16T16:58:03.958551300]]
2026-03-16 16:58:03 [http-nio-8080-exec-1] INFO  c.c.p.a.i.OperationalAuditInterceptor - API Audit Log: URL=/api/v1/notifications/unread-count, User=webmaster, IP=127.0.0.1
2026-03-16 16:58:03 [http-nio-8080-exec-1] DEBUG o.s.web.servlet.DispatcherServlet - Completed 200 OK
2026-03-16 16:58:03 [http-nio-8080-exec-4] DEBUG c.c.p.s.jwt.JwtAuthenticationFilter - >>> [JwtFilter] Processing request: GET /api/v1/notifications/unread-count
2026-03-16 16:58:03 [http-nio-8080-exec-4] DEBUG c.c.p.s.jwt.JwtAuthenticationFilter - >>> [JwtFilter] Found token in header for path: /api/v1/notifications/unread-count
2026-03-16 16:58:03 [http-nio-8080-exec-4] DEBUG o.s.orm.jpa.JpaTransactionManager - Creating new transaction with name [com.company.project.security.iam.CustomUserDetailsService.loadUserByUsername]: PROPAGATION_REQUIRED,ISOLATION_DEFAULT,readOnly
2026-03-16 16:58:03 [http-nio-8080-exec-4] DEBUG o.s.orm.jpa.JpaTransactionManager - Opened new EntityManager [SessionImpl(177088628<open>)] for JPA transaction
2026-03-16 16:58:03 [http-nio-8080-exec-9] DEBUG o.s.orm.jpa.JpaTransactionManager - Exposing JPA transaction as JDBC [org.springframework.orm.jpa.vendor.HibernateJpaDialect$HibernateConnectionHandle@1350fd26]
2026-03-16 16:58:03 [http-nio-8080-exec-9] DEBUG o.s.orm.jpa.JpaTransactionManager - Found thread-bound EntityManager [SessionImpl(1237330391<open>)] for JPA transaction
2026-03-16 16:58:03 [http-nio-8080-exec-9] DEBUG o.s.orm.jpa.JpaTransactionManager - Participating in existing transaction
2026-03-16 16:58:03 [http-nio-8080-exec-9] DEBUG org.hibernate.SQL - select u1_0.emplyr_id,u1_0.area_no,u1_0.brthdy,u1_0.chg_pwd_cnt,u1_0.frst_register_id,u1_0.frst_regist_pnttm,u1_0.detail_adres,u1_0.email_adres,u1_0.emplyr_sttus_code,u1_0.empl_no,u1_0.esntl_id,u1_0.fxnum,u1_0.group_id,u1_0.house_adres,u1_0.house_end_telno,u1_0.house_middle_telno,u1_0.ihidnum,u1_0.pstinst_code,u1_0.last_updusr_id,u1_0.last_updt_pnttm,u1_0.lock_at,u1_0.lock_cnt,u1_0.lock_last_pnttm,u1_0.mbtlnum,u1_0.ofcps_nm,u1_0.offm_telno,u1_0.orgnzt_id,u1_0.password,u1_0.password_cnsr,u1_0.password_hint,u1_0.chg_pwd_last_pnttm,u1_0.role,u1_0.sbscrb_de,u1_0.sexdstn_code,u1_0.crtfc_dn_value,u1_0.user_nm,u1_0.zip from nemplyrinfo u1_0 where u1_0.emplyr_id=?
2026-03-16 16:58:03 [http-nio-8080-exec-6] DEBUG o.s.orm.jpa.JpaTransactionManager - Closing JPA EntityManager [SessionImpl(825395607<open>)] after transaction
2026-03-16 16:58:03 [http-nio-8080-exec-6] DEBUG o.s.w.s.m.m.a.HttpEntityMethodProcessor - Using 'application/json', given [application/json, text/plain, */*] and supported [application/json, application/*+json, application/yaml]
2026-03-16 16:58:03 [http-nio-8080-exec-6] TRACE o.s.w.s.m.m.a.HttpEntityMethodProcessor - Writing [ApiResponse[success=true, status=200, code=COMMON_001, message=Success, data=[], timestamp=2026-03-16T16:58:03.985422200]]
2026-03-16 16:58:03 [http-nio-8080-exec-7] DEBUG o.s.orm.jpa.JpaTransactionManager - Closing JPA EntityManager [SessionImpl(507201293<open>)] after transaction
2026-03-16 16:58:03 [http-nio-8080-exec-3] DEBUG o.s.orm.jpa.JpaTransactionManager - Closing JPA EntityManager [SessionImpl(1929025320<open>)] after transaction
2026-03-16 16:58:03 [http-nio-8080-exec-7] DEBUG o.s.w.s.m.m.a.HttpEntityMethodProcessor - Using 'application/json', given [application/json, text/plain, */*] and supported [application/json, application/*+json, application/yaml]
2026-03-16 16:58:03 [http-nio-8080-exec-7] TRACE o.s.w.s.m.m.a.HttpEntityMethodProcessor - Writing [ApiResponse[success=true, status=200, code=COMMON_001, message=Success, data=[], timestamp=2026-03-16T16:58:03.986372400]]
2026-03-16 16:58:03 [http-nio-8080-exec-3] DEBUG o.s.w.s.m.m.a.HttpEntityMethodProcessor - Using 'application/json', given [application/json, text/plain, */*] and supported [application/json, application/*+json, application/yaml]
2026-03-16 16:58:03 [http-nio-8080-exec-6] INFO  c.c.p.a.i.OperationalAuditInterceptor - API Audit Log: URL=/api/v1/popups/active, User=webmaster, IP=127.0.0.1
2026-03-16 16:58:03 [http-nio-8080-exec-6] DEBUG o.s.web.servlet.DispatcherServlet - Completed 200 OK
2026-03-16 16:58:03 [http-nio-8080-exec-3] TRACE o.s.w.s.m.m.a.HttpEntityMethodProcessor - Writing [ApiResponse[success=true, status=200, code=COMMON_001, message=Success, data=[NotificationDto(ntfcNo=NT001, ntfcSj=테스트 알림입니다, ntfcCn=알림 내용입니다, ntfcDate=null, ntfcTime=2026-02-25T00:59:33.784070, bhNtfcIntrvl=null, uniqId=null, frstRegisterId=null, frstRegisterPnttm=2026-02-25T00:59:33.784070, lastUpdusrId=null, lastUpdusrPnttm=null)], timestamp=2026-03-16T16:58:03.986372400]]
2026-03-16 16:58:03 [http-nio-8080-exec-7] INFO  c.c.p.a.i.OperationalAuditInterceptor - API Audit Log: URL=/api/v1/admin/system/banners/reflected, User=webmaster, IP=127.0.0.1
2026-03-16 16:58:03 [http-nio-8080-exec-7] DEBUG o.s.web.servlet.DispatcherServlet - Completed 200 OK
2026-03-16 16:58:03 [http-nio-8080-exec-3] INFO  c.c.p.a.i.OperationalAuditInterceptor - API Audit Log: URL=/api/v1/notifications, User=webmaster, IP=127.0.0.1
2026-03-16 16:58:03 [http-nio-8080-exec-3] DEBUG o.s.web.servlet.DispatcherServlet - Completed 200 OK
2026-03-16 16:58:04 [http-nio-8080-exec-10] DEBUG c.c.p.s.jwt.JwtAuthenticationFilter - >>> [JwtFilter] Processing request: GET /api/v1/notifications
2026-03-16 16:58:04 [http-nio-8080-exec-2] DEBUG c.c.p.s.jwt.JwtAuthenticationFilter - >>> [JwtFilter] Processing request: GET /api/v1/admin/system/banners/reflected
2026-03-16 16:58:04 [http-nio-8080-exec-5] DEBUG c.c.p.s.jwt.JwtAuthenticationFilter - >>> [JwtFilter] Processing request: GET /api/v1/popups/active
2026-03-16 16:58:04 [http-nio-8080-exec-10] DEBUG c.c.p.s.jwt.JwtAuthenticationFilter - >>> [JwtFilter] Found token in header for path: /api/v1/notifications
2026-03-16 16:58:04 [http-nio-8080-exec-2] DEBUG c.c.p.s.jwt.JwtAuthenticationFilter - >>> [JwtFilter] Found token in header for path: /api/v1/admin/system/banners/reflected
2026-03-16 16:58:04 [http-nio-8080-exec-5] DEBUG c.c.p.s.jwt.JwtAuthenticationFilter - >>> [JwtFilter] Found token in header for path: /api/v1/popups/active
2026-03-16 16:58:04 [http-nio-8080-exec-10] DEBUG o.s.orm.jpa.JpaTransactionManager - Creating new transaction with name [com.company.project.security.iam.CustomUserDetailsService.loadUserByUsername]: PROPAGATION_REQUIRED,ISOLATION_DEFAULT,readOnly
2026-03-16 16:58:04 [http-nio-8080-exec-2] DEBUG o.s.orm.jpa.JpaTransactionManager - Creating new transaction with name [com.company.project.security.iam.CustomUserDetailsService.loadUserByUsername]: PROPAGATION_REQUIRED,ISOLATION_DEFAULT,readOnly
2026-03-16 16:58:04 [http-nio-8080-exec-10] DEBUG o.s.orm.jpa.JpaTransactionManager - Opened new EntityManager [SessionImpl(391558460<open>)] for JPA transaction
2026-03-16 16:58:04 [http-nio-8080-exec-2] DEBUG o.s.orm.jpa.JpaTransactionManager - Opened new EntityManager [SessionImpl(2101847338<open>)] for JPA transaction
2026-03-16 16:58:04 [http-nio-8080-exec-10] DEBUG o.s.orm.jpa.JpaTransactionManager - Exposing JPA transaction as JDBC [org.springframework.orm.jpa.vendor.HibernateJpaDialect$HibernateConnectionHandle@15de6f9d]
2026-03-16 16:58:04 [http-nio-8080-exec-2] DEBUG o.s.orm.jpa.JpaTransactionManager - Exposing JPA transaction as JDBC [org.springframework.orm.jpa.vendor.HibernateJpaDialect$HibernateConnectionHandle@b05a47d]
2026-03-16 16:58:04 [http-nio-8080-exec-10] DEBUG o.s.orm.jpa.JpaTransactionManager - Found thread-bound EntityManager [SessionImpl(391558460<open>)] for JPA transaction
2026-03-16 16:58:04 [http-nio-8080-exec-2] DEBUG o.s.orm.jpa.JpaTransactionManager - Found thread-bound EntityManager [SessionImpl(2101847338<open>)] for JPA transaction
2026-03-16 16:58:04 [http-nio-8080-exec-10] DEBUG o.s.orm.jpa.JpaTransactionManager - Participating in existing transaction
2026-03-16 16:58:04 [http-nio-8080-exec-2] DEBUG o.s.orm.jpa.JpaTransactionManager - Participating in existing transaction
2026-03-16 16:58:04 [http-nio-8080-exec-10] DEBUG org.hibernate.SQL - select u1_0.emplyr_id,u1_0.area_no,u1_0.brthdy,u1_0.chg_pwd_cnt,u1_0.frst_register_id,u1_0.frst_regist_pnttm,u1_0.detail_adres,u1_0.email_adres,u1_0.emplyr_sttus_code,u1_0.empl_no,u1_0.esntl_id,u1_0.fxnum,u1_0.group_id,u1_0.house_adres,u1_0.house_end_telno,u1_0.house_middle_telno,u1_0.ihidnum,u1_0.pstinst_code,u1_0.last_updusr_id,u1_0.last_updt_pnttm,u1_0.lock_at,u1_0.lock_cnt,u1_0.lock_last_pnttm,u1_0.mbtlnum,u1_0.ofcps_nm,u1_0.offm_telno,u1_0.orgnzt_id,u1_0.password,u1_0.password_cnsr,u1_0.password_hint,u1_0.chg_pwd_last_pnttm,u1_0.role,u1_0.sbscrb_de,u1_0.sexdstn_code,u1_0.crtfc_dn_value,u1_0.user_nm,u1_0.zip from nemplyrinfo u1_0 where u1_0.emplyr_id=?
2026-03-16 16:58:04 [http-nio-8080-exec-5] DEBUG o.s.orm.jpa.JpaTransactionManager - Creating new transaction with name [com.company.project.security.iam.CustomUserDetailsService.loadUserByUsername]: PROPAGATION_REQUIRED,ISOLATION_DEFAULT,readOnly
2026-03-16 16:58:04 [http-nio-8080-exec-2] DEBUG org.hibernate.SQL - select u1_0.emplyr_id,u1_0.area_no,u1_0.brthdy,u1_0.chg_pwd_cnt,u1_0.frst_register_id,u1_0.frst_regist_pnttm,u1_0.detail_adres,u1_0.email_adres,u1_0.emplyr_sttus_code,u1_0.empl_no,u1_0.esntl_id,u1_0.fxnum,u1_0.group_id,u1_0.house_adres,u1_0.house_end_telno,u1_0.house_middle_telno,u1_0.ihidnum,u1_0.pstinst_code,u1_0.last_updusr_id,u1_0.last_updt_pnttm,u1_0.lock_at,u1_0.lock_cnt,u1_0.lock_last_pnttm,u1_0.mbtlnum,u1_0.ofcps_nm,u1_0.offm_telno,u1_0.orgnzt_id,u1_0.password,u1_0.password_cnsr,u1_0.password_hint,u1_0.chg_pwd_last_pnttm,u1_0.role,u1_0.sbscrb_de,u1_0.sexdstn_code,u1_0.crtfc_dn_value,u1_0.user_nm,u1_0.zip from nemplyrinfo u1_0 where u1_0.emplyr_id=?
2026-03-16 16:58:04 [http-nio-8080-exec-5] DEBUG o.s.orm.jpa.JpaTransactionManager - Opened new EntityManager [SessionImpl(1134368716<open>)] for JPA transaction
2026-03-16 16:58:04 [http-nio-8080-exec-8] DEBUG o.s.orm.jpa.JpaTransactionManager - Initiating transaction commit
2026-03-16 16:58:04 [http-nio-8080-exec-8] DEBUG o.s.orm.jpa.JpaTransactionManager - Committing JPA transaction on EntityManager [SessionImpl(2138367384<open>)]
2026-03-16 16:58:04 [http-nio-8080-exec-4] DEBUG o.s.orm.jpa.JpaTransactionManager - Exposing JPA transaction as JDBC [org.springframework.orm.jpa.vendor.HibernateJpaDialect$HibernateConnectionHandle@a7f2d92]
2026-03-16 16:58:04 [http-nio-8080-exec-4] DEBUG o.s.orm.jpa.JpaTransactionManager - Found thread-bound EntityManager [SessionImpl(177088628<open>)] for JPA transaction
2026-03-16 16:58:04 [http-nio-8080-exec-4] DEBUG o.s.orm.jpa.JpaTransactionManager - Participating in existing transaction
2026-03-16 16:58:04 [http-nio-8080-exec-4] DEBUG org.hibernate.SQL - select u1_0.emplyr_id,u1_0.area_no,u1_0.brthdy,u1_0.chg_pwd_cnt,u1_0.frst_register_id,u1_0.frst_regist_pnttm,u1_0.detail_adres,u1_0.email_adres,u1_0.emplyr_sttus_code,u1_0.empl_no,u1_0.esntl_id,u1_0.fxnum,u1_0.group_id,u1_0.house_adres,u1_0.house_end_telno,u1_0.house_middle_telno,u1_0.ihidnum,u1_0.pstinst_code,u1_0.last_updusr_id,u1_0.last_updt_pnttm,u1_0.lock_at,u1_0.lock_cnt,u1_0.lock_last_pnttm,u1_0.mbtlnum,u1_0.ofcps_nm,u1_0.offm_telno,u1_0.orgnzt_id,u1_0.password,u1_0.password_cnsr,u1_0.password_hint,u1_0.chg_pwd_last_pnttm,u1_0.role,u1_0.sbscrb_de,u1_0.sexdstn_code,u1_0.crtfc_dn_value,u1_0.user_nm,u1_0.zip from nemplyrinfo u1_0 where u1_0.emplyr_id=?
2026-03-16 16:58:04 [http-nio-8080-exec-9] DEBUG o.s.orm.jpa.JpaTransactionManager - Found thread-bound EntityManager [SessionImpl(1237330391<open>)] for JPA transaction
2026-03-16 16:58:04 [http-nio-8080-exec-9] DEBUG o.s.orm.jpa.JpaTransactionManager - Participating in existing transaction
2026-03-16 16:58:04 [http-nio-8080-exec-9] DEBUG org.hibernate.SQL - select ua1_0.scrty_dtrmn_trget_id,ua1_0.author_code,ua1_0.frst_register_id,ua1_0.frst_regist_pnttm,ua1_0.last_updusr_id,ua1_0.last_updt_pnttm,ua1_0.mber_ty_code from nemplyrscrtyestbs ua1_0 where ua1_0.scrty_dtrmn_trget_id=?
2026-03-16 16:58:04 [http-nio-8080-exec-2] DEBUG o.s.orm.jpa.JpaTransactionManager - Found thread-bound EntityManager [SessionImpl(2101847338<open>)] for JPA transaction
2026-03-16 16:58:04 [http-nio-8080-exec-2] DEBUG o.s.orm.jpa.JpaTransactionManager - Participating in existing transaction
2026-03-16 16:58:04 [http-nio-8080-exec-2] DEBUG org.hibernate.SQL - select ua1_0.scrty_dtrmn_trget_id,ua1_0.author_code,ua1_0.frst_register_id,ua1_0.frst_regist_pnttm,ua1_0.last_updusr_id,ua1_0.last_updt_pnttm,ua1_0.mber_ty_code from nemplyrscrtyestbs ua1_0 where ua1_0.scrty_dtrmn_trget_id=?
2026-03-16 16:58:04 [http-nio-8080-exec-5] DEBUG o.s.orm.jpa.JpaTransactionManager - Exposing JPA transaction as JDBC [org.springframework.orm.jpa.vendor.HibernateJpaDialect$HibernateConnectionHandle@5e0e3219]
2026-03-16 16:58:04 [http-nio-8080-exec-5] DEBUG o.s.orm.jpa.JpaTransactionManager - Found thread-bound EntityManager [SessionImpl(1134368716<open>)] for JPA transaction
2026-03-16 16:58:04 [http-nio-8080-exec-10] DEBUG o.s.orm.jpa.JpaTransactionManager - Found thread-bound EntityManager [SessionImpl(391558460<open>)] for JPA transaction
2026-03-16 16:58:04 [http-nio-8080-exec-5] DEBUG o.s.orm.jpa.JpaTransactionManager - Participating in existing transaction
2026-03-16 16:58:04 [http-nio-8080-exec-10] DEBUG o.s.orm.jpa.JpaTransactionManager - Participating in existing transaction
2026-03-16 16:58:04 [http-nio-8080-exec-10] DEBUG org.hibernate.SQL - select ua1_0.scrty_dtrmn_trget_id,ua1_0.author_code,ua1_0.frst_register_id,ua1_0.frst_regist_pnttm,ua1_0.last_updusr_id,ua1_0.last_updt_pnttm,ua1_0.mber_ty_code from nemplyrscrtyestbs ua1_0 where ua1_0.scrty_dtrmn_trget_id=?
2026-03-16 16:58:04 [http-nio-8080-exec-5] DEBUG org.hibernate.SQL - select u1_0.emplyr_id,u1_0.area_no,u1_0.brthdy,u1_0.chg_pwd_cnt,u1_0.frst_register_id,u1_0.frst_regist_pnttm,u1_0.detail_adres,u1_0.email_adres,u1_0.emplyr_sttus_code,u1_0.empl_no,u1_0.esntl_id,u1_0.fxnum,u1_0.group_id,u1_0.house_adres,u1_0.house_end_telno,u1_0.house_middle_telno,u1_0.ihidnum,u1_0.pstinst_code,u1_0.last_updusr_id,u1_0.last_updt_pnttm,u1_0.lock_at,u1_0.lock_cnt,u1_0.lock_last_pnttm,u1_0.mbtlnum,u1_0.ofcps_nm,u1_0.offm_telno,u1_0.orgnzt_id,u1_0.password,u1_0.password_cnsr,u1_0.password_hint,u1_0.chg_pwd_last_pnttm,u1_0.role,u1_0.sbscrb_de,u1_0.sexdstn_code,u1_0.crtfc_dn_value,u1_0.user_nm,u1_0.zip from nemplyrinfo u1_0 where u1_0.emplyr_id=?
2026-03-16 16:58:04 [http-nio-8080-exec-8] DEBUG o.s.orm.jpa.JpaTransactionManager - Closing JPA EntityManager [SessionImpl(2138367384<open>)] after transaction
2026-03-16 16:58:04 [http-nio-8080-exec-8] DEBUG c.c.p.s.jwt.JwtAuthenticationFilter - >>> [JwtFilter] Successfully authenticated user: USRCNFRM_99999999999, Authorities: [ROLE_ADMIN]
2026-03-16 16:58:04 [http-nio-8080-exec-8] DEBUG o.s.web.servlet.DispatcherServlet - GET "/api/v1/admin/system/statistics/bbs?statsKind=COM101", parameters={masked}
2026-03-16 16:58:04 [http-nio-8080-exec-8] DEBUG o.s.w.s.h.SimpleUrlHandlerMapping - Mapped to ResourceHttpRequestHandler [classpath [META-INF/resources/], classpath [resources/], classpath [static/], classpath [public/], ServletContext [/]]
2026-03-16 16:58:04 [http-nio-8080-exec-8] DEBUG o.s.w.s.r.ResourceHttpRequestHandler - Resource not found
2026-03-16 16:58:04 [http-nio-8080-exec-8] DEBUG o.s.w.s.m.m.a.ExceptionHandlerExceptionResolver - Using @ExceptionHandler com.company.project.core.exception.GlobalExceptionHandler#handleException(Exception)
2026-03-16 16:58:04 [http-nio-8080-exec-8] ERROR c.c.p.c.e.GlobalExceptionHandler - >>> Internal Server Error: No static resource api/v1/admin/system/statistics/bbs.
org.springframework.web.servlet.resource.NoResourceFoundException: No static resource api/v1/admin/system/statistics/bbs.
	at org.springframework.web.servlet.resource.ResourceHttpRequestHandler.handleRequest(ResourceHttpRequestHandler.java:585)
	at org.springframework.web.servlet.mvc.HttpRequestHandlerAdapter.handle(HttpRequestHandlerAdapter.java:52)
	at org.springframework.web.servlet.DispatcherServlet.doDispatch(DispatcherServlet.java:1088)
	at org.springframework.web.servlet.DispatcherServlet.doService(DispatcherServlet.java:978)
	at org.springframework.web.servlet.FrameworkServlet.processRequest(FrameworkServlet.java:1014)
	at org.springframework.web.servlet.FrameworkServlet.doGet(FrameworkServlet.java:903)
	at jakarta.servlet.http.HttpServlet.service(HttpServlet.java:527)
	at org.springframework.web.servlet.FrameworkServlet.service(FrameworkServlet.java:885)
	at jakarta.servlet.http.HttpServlet.service(HttpServlet.java:614)
	at org.apache.catalina.core.ApplicationFilterChain.internalDoFilter(ApplicationFilterChain.java:195)
	at org.apache.catalina.core.ApplicationFilterChain.doFilter(ApplicationFilterChain.java:140)
	at org.apache.tomcat.websocket.server.WsFilter.doFilter(WsFilter.java:51)
	at org.apache.catalina.core.ApplicationFilterChain.internalDoFilter(ApplicationFilterChain.java:164)
	at org.apache.catalina.core.ApplicationFilterChain.doFilter(ApplicationFilterChain.java:140)
	at org.springframework.web.filter.CompositeFilter$VirtualFilterChain.doFilter(CompositeFilter.java:108)
	at org.springframework.security.web.FilterChainProxy.lambda$doFilterInternal$3(FilterChainProxy.java:231)
	at org.springframework.security.web.ObservationFilterChainDecorator$FilterObservation$SimpleFilterObservation.lambda$wrap$1(ObservationFilterChainDecorator.java:479)
	at org.springframework.security.web.ObservationFilterChainDecorator$AroundFilterObservation$SimpleAroundFilterObservation.lambda$wrap$1(ObservationFilterChainDecorator.java:340)
	at org.springframework.security.web.ObservationFilterChainDecorator.lambda$wrapSecured$0(ObservationFilterChainDecorator.java:82)
	at org.springframework.security.web.ObservationFilterChainDecorator$VirtualFilterChain.doFilter(ObservationFilterChainDecorator.java:128)
	at org.springframework.security.web.access.intercept.AuthorizationFilter.doFilter(AuthorizationFilter.java:101)
	at org.springframework.security.web.ObservationFilterChainDecorator$ObservationFilter.wrapFilter(ObservationFilterChainDecorator.java:240)
	at org.springframework.security.web.ObservationFilterChainDecorator$ObservationFilter.doFilter(ObservationFilterChainDecorator.java:227)
	at org.springframework.security.web.ObservationFilterChainDecorator$VirtualFilterChain.doFilter(ObservationFilterChainDecorator.java:137)
	at org.springframework.security.web.access.ExceptionTranslationFilter.doFilter(ExceptionTranslationFilter.java:126)
	at org.springframework.security.web.access.ExceptionTranslationFilter.doFilter(ExceptionTranslationFilter.java:120)
	at org.springframework.security.web.ObservationFilterChainDecorator$ObservationFilter.wrapFilter(ObservationFilterChainDecorator.java:240)
	at org.springframework.security.web.ObservationFilterChainDecorator$ObservationFilter.doFilter(ObservationFilterChainDecorator.java:227)
	at org.springframework.security.web.ObservationFilterChainDecorator$VirtualFilterChain.doFilter(ObservationFilterChainDecorator.java:137)
	at org.springframework.security.web.session.SessionManagementFilter.doFilter(SessionManagementFilter.java:131)
	at org.springframework.security.web.session.SessionManagementFilter.doFilter(SessionManagementFilter.java:85)
	at org.springframework.security.web.ObservationFilterChainDecorator$ObservationFilter.wrapFilter(ObservationFilterChainDecorator.java:240)
	at org.springframework.security.web.ObservationFilterChainDecorator$ObservationFilter.doFilter(ObservationFilterChainDecorator.java:227)
	at org.springframework.security.web.ObservationFilterChainDecorator$VirtualFilterChain.doFilter(ObservationFilterChainDecorator.java:137)
	at org.springframework.security.web.authentication.AnonymousAuthenticationFilter.doFilter(AnonymousAuthenticationFilter.java:100)
	at org.springframework.security.web.ObservationFilterChainDecorator$ObservationFilter.wrapFilter(ObservationFilterChainDecorator.java:240)
	at org.springframework.security.web.ObservationFilterChainDecorator$ObservationFilter.doFilter(ObservationFilterChainDecorator.java:227)
	at org.springframework.security.web.ObservationFilterChainDecorator$VirtualFilterChain.doFilter(ObservationFilterChainDecorator.java:137)
	at org.springframework.security.web.servletapi.SecurityContextHolderAwareRequestFilter.doFilter(SecurityContextHolderAwareRequestFilter.java:179)
	at org.springframework.security.web.ObservationFilterChainDecorator$ObservationFilter.wrapFilter(ObservationFilterChainDecorator.java:240)
	at org.springframework.security.web.ObservationFilterChainDecorator$ObservationFilter.doFilter(ObservationFilterChainDecorator.java:227)
	at org.springframework.security.web.ObservationFilterChainDecorator$VirtualFilterChain.doFilter(ObservationFilterChainDecorator.java:137)
	at org.springframework.security.web.savedrequest.RequestCacheAwareFilter.doFilter(RequestCacheAwareFilter.java:63)
	at org.springframework.security.web.ObservationFilterChainDecorator$ObservationFilter.wrapFilter(ObservationFilterChainDecorator.java:240)
	at org.springframework.security.web.ObservationFilterChainDecorator$ObservationFilter.doFilter(ObservationFilterChainDecorator.java:227)
	at org.springframework.security.web.ObservationFilterChainDecorator$VirtualFilterChain.doFilter(ObservationFilterChainDecorator.java:137)
	at com.company.project.security.jwt.JwtAuthenticationFilter.doFilterInternal(JwtAuthenticationFilter.java:52)
	at org.springframework.web.filter.OncePerRequestFilter.doFilter(OncePerRequestFilter.java:116)
	at org.springframework.security.web.ObservationFilterChainDecorator$ObservationFilter.wrapFilter(ObservationFilterChainDecorator.java:240)
	at org.springframework.security.web.ObservationFilterChainDecorator$ObservationFilter.doFilter(ObservationFilterChainDecorator.java:227)
	at org.springframework.security.web.ObservationFilterChainDecorator$VirtualFilterChain.doFilter(ObservationFilterChainDecorator.java:137)
	at org.springframework.security.web.authentication.logout.LogoutFilter.doFilter(LogoutFilter.java:107)
	at org.springframework.security.web.authentication.logout.LogoutFilter.doFilter(LogoutFilter.java:93)
	at org.springframework.security.web.ObservationFilterChainDecorator$ObservationFilter.wrapFilter(ObservationFilterChainDecorator.java:240)
	at org.springframework.security.web.ObservationFilterChainDecorator$ObservationFilter.doFilter(ObservationFilterChainDecorator.java:227)
	at org.springframework.security.web.ObservationFilterChainDecorator$VirtualFilterChain.doFilter(ObservationFilterChainDecorator.java:137)
	at org.springframework.web.filter.CorsFilter.doFilterInternal(CorsFilter.java:91)
	at org.springframework.web.filter.OncePerRequestFilter.doFilter(OncePerRequestFilter.java:116)
	at org.springframework.security.web.ObservationFilterChainDecorator$ObservationFilter.wrapFilter(ObservationFilterChainDecorator.java:240)
	at org.springframework.security.web.ObservationFilterChainDecorator$ObservationFilter.doFilter(ObservationFilterChainDecorator.java:227)
	at org.springframework.security.web.ObservationFilterChainDecorator$VirtualFilterChain.doFilter(ObservationFilterChainDecorator.java:137)
	at org.springframework.security.web.header.HeaderWriterFilter.doHeadersAfter(HeaderWriterFilter.java:90)
	at org.springframework.security.web.header.HeaderWriterFilter.doFilterInternal(HeaderWriterFilter.java:75)
	at org.springframework.web.filter.OncePerRequestFilter.doFilter(OncePerRequestFilter.java:116)
	at org.springframework.security.web.ObservationFilterChainDecorator$ObservationFilter.wrapFilter(ObservationFilterChainDecorator.java:240)
	at org.springframework.security.web.ObservationFilterChainDecorator$ObservationFilter.doFilter(ObservationFilterChainDecorator.java:227)
	at org.springframework.security.web.ObservationFilterChainDecorator$VirtualFilterChain.doFilter(ObservationFilterChainDecorator.java:137)
	at org.springframework.security.web.context.SecurityContextHolderFilter.doFilter(SecurityContextHolderFilter.java:82)
	at org.springframework.security.web.context.SecurityContextHolderFilter.doFilter(SecurityContextHolderFilter.java:69)
	at org.springframework.security.web.ObservationFilterChainDecorator$ObservationFilter.wrapFilter(ObservationFilterChainDecorator.java:240)
	at org.springframework.security.web.ObservationFilterChainDecorator$ObservationFilter.doFilter(ObservationFilterChainDecorator.java:227)
	at org.springframework.security.web.ObservationFilterChainDecorator$VirtualFilterChain.doFilter(ObservationFilterChainDecorator.java:137)
	at org.springframework.security.web.context.request.async.WebAsyncManagerIntegrationFilter.doFilterInternal(WebAsyncManagerIntegrationFilter.java:62)
	at org.springframework.web.filter.OncePerRequestFilter.doFilter(OncePerRequestFilter.java:116)
	at org.springframework.security.web.ObservationFilterChainDecorator$ObservationFilter.wrapFilter(ObservationFilterChainDecorator.java:240)
	at org.springframework.security.web.ObservationFilterChainDecorator$ObservationFilter.doFilter(ObservationFilterChainDecorator.java:227)
	at org.springframework.security.web.ObservationFilterChainDecorator$VirtualFilterChain.doFilter(ObservationFilterChainDecorator.java:137)
	at org.springframework.security.web.session.DisableEncodeUrlFilter.doFilterInternal(DisableEncodeUrlFilter.java:42)
	at org.springframework.web.filter.OncePerRequestFilter.doFilter(OncePerRequestFilter.java:116)
	at org.springframework.security.web.ObservationFilterChainDecorator$ObservationFilter.wrapFilter(ObservationFilterChainDecorator.java:240)
	at org.springframework.security.web.ObservationFilterChainDecorator$AroundFilterObservation$SimpleAroundFilterObservation.lambda$wrap$0(ObservationFilterChainDecorator.java:323)
	at org.springframework.security.web.ObservationFilterChainDecorator$ObservationFilter.doFilter(ObservationFilterChainDecorator.java:224)
	at org.springframework.security.web.ObservationFilterChainDecorator$VirtualFilterChain.doFilter(ObservationFilterChainDecorator.java:137)
	at org.springframework.security.web.FilterChainProxy.doFilterInternal(FilterChainProxy.java:233)
	at org.springframework.security.web.FilterChainProxy.doFilter(FilterChainProxy.java:191)
	at org.springframework.web.filter.CompositeFilter$VirtualFilterChain.doFilter(CompositeFilter.java:113)
	at org.springframework.web.servlet.handler.HandlerMappingIntrospector.lambda$createCacheFilter$3(HandlerMappingIntrospector.java:243)
	at org.springframework.web.filter.CompositeFilter$VirtualFilterChain.doFilter(CompositeFilter.java:113)
	at org.springframework.web.filter.CompositeFilter.doFilter(CompositeFilter.java:74)
	at org.springframework.security.config.annotation.web.configuration.WebMvcSecurityConfiguration$CompositeFilterChainProxy.doFilter(WebMvcSecurityConfiguration.java:238)
	at org.springframework.web.filter.DelegatingFilterProxy.invokeDelegate(DelegatingFilterProxy.java:362)
	at org.springframework.web.filter.DelegatingFilterProxy.doFilter(DelegatingFilterProxy.java:278)
	at org.apache.catalina.core.ApplicationFilterChain.internalDoFilter(ApplicationFilterChain.java:164)
	at org.apache.catalina.core.ApplicationFilterChain.doFilter(ApplicationFilterChain.java:140)
	at org.springframework.web.filter.RequestContextFilter.doFilterInternal(RequestContextFilter.java:100)
	at org.springframework.web.filter.OncePerRequestFilter.doFilter(OncePerRequestFilter.java:116)
	at org.apache.catalina.core.ApplicationFilterChain.internalDoFilter(ApplicationFilterChain.java:164)
	at org.apache.catalina.core.ApplicationFilterChain.doFilter(ApplicationFilterChain.java:140)
	at org.springframework.web.filter.FormContentFilter.doFilterInternal(FormContentFilter.java:93)
	at org.springframework.web.filter.OncePerRequestFilter.doFilter(OncePerRequestFilter.java:116)
	at org.apache.catalina.core.ApplicationFilterChain.internalDoFilter(ApplicationFilterChain.java:164)
	at org.apache.catalina.core.ApplicationFilterChain.doFilter(ApplicationFilterChain.java:140)
	at org.springframework.web.filter.ServerHttpObservationFilter.doFilterInternal(ServerHttpObservationFilter.java:114)
	at org.springframework.web.filter.OncePerRequestFilter.doFilter(OncePerRequestFilter.java:116)
	at org.apache.catalina.core.ApplicationFilterChain.internalDoFilter(ApplicationFilterChain.java:164)
	at org.apache.catalina.core.ApplicationFilterChain.doFilter(ApplicationFilterChain.java:140)
	at org.springframework.web.filter.CharacterEncodingFilter.doFilterInternal(CharacterEncodingFilter.java:201)
	at org.springframework.web.filter.OncePerRequestFilter.doFilter(OncePerRequestFilter.java:116)
	at org.apache.catalina.core.ApplicationFilterChain.internalDoFilter(ApplicationFilterChain.java:164)
	at org.apache.catalina.core.ApplicationFilterChain.doFilter(ApplicationFilterChain.java:140)
	at org.apache.catalina.core.StandardWrapperValve.invoke(StandardWrapperValve.java:167)
	at org.apache.catalina.core.StandardContextValve.invoke(StandardContextValve.java:90)
	at org.apache.catalina.authenticator.AuthenticatorBase.invoke(AuthenticatorBase.java:483)
	at org.apache.catalina.core.StandardHostValve.invoke(StandardHostValve.java:115)
	at org.apache.catalina.valves.ErrorReportValve.invoke(ErrorReportValve.java:93)
	at org.apache.catalina.core.StandardEngineValve.invoke(StandardEngineValve.java:74)
	at org.apache.catalina.connector.CoyoteAdapter.service(CoyoteAdapter.java:344)
	at org.apache.coyote.http11.Http11Processor.service(Http11Processor.java:397)
	at org.apache.coyote.AbstractProcessorLight.process(AbstractProcessorLight.java:63)
	at org.apache.coyote.AbstractProtocol$ConnectionHandler.process(AbstractProtocol.java:905)
	at org.apache.tomcat.util.net.NioEndpoint$SocketProcessor.doRun(NioEndpoint.java:1741)
	at org.apache.tomcat.util.net.SocketProcessorBase.run(SocketProcessorBase.java:52)
	at org.apache.tomcat.util.threads.ThreadPoolExecutor.runWorker(ThreadPoolExecutor.java:1190)
	at org.apache.tomcat.util.threads.ThreadPoolExecutor$Worker.run(ThreadPoolExecutor.java:659)
	at org.apache.tomcat.util.threads.TaskThread$WrappingRunnable.run(TaskThread.java:63)
	at java.base/java.lang.Thread.run(Thread.java:1583)
2026-03-16 16:58:04 [http-nio-8080-exec-8] DEBUG o.s.w.s.m.m.a.HttpEntityMethodProcessor - Using 'application/json', given [application/json, text/plain, */*] and supported [application/json, application/*+json, application/yaml]
2026-03-16 16:58:04 [http-nio-8080-exec-8] TRACE o.s.w.s.m.m.a.HttpEntityMethodProcessor - Writing [ApiResponse[success=false, status=500, code=C004, message=예기치 않은 서버 오류가 발생했습니다., data=null, timestamp=2026-03-16T16:58:04.210961200]]
2026-03-16 16:58:04 [http-nio-8080-exec-8] DEBUG o.s.w.s.m.m.a.ExceptionHandlerExceptionResolver - Resolved [org.springframework.web.servlet.resource.NoResourceFoundException: No static resource api/v1/admin/system/statistics/bbs.]
2026-03-16 16:58:04 [http-nio-8080-exec-8] DEBUG o.s.web.servlet.DispatcherServlet - Completed 500 INTERNAL_SERVER_ERROR
2026-03-16 16:58:04 [http-nio-8080-exec-4] DEBUG o.s.orm.jpa.JpaTransactionManager - Found thread-bound EntityManager [SessionImpl(177088628<open>)] for JPA transaction
2026-03-16 16:58:04 [http-nio-8080-exec-4] DEBUG o.s.orm.jpa.JpaTransactionManager - Participating in existing transaction
2026-03-16 16:58:04 [http-nio-8080-exec-4] DEBUG org.hibernate.SQL - select ua1_0.scrty_dtrmn_trget_id,ua1_0.author_code,ua1_0.frst_register_id,ua1_0.frst_regist_pnttm,ua1_0.last_updusr_id,ua1_0.last_updt_pnttm,ua1_0.mber_ty_code from nemplyrscrtyestbs ua1_0 where ua1_0.scrty_dtrmn_trget_id=?
2026-03-16 16:58:04 [http-nio-8080-exec-9] DEBUG o.s.orm.jpa.JpaTransactionManager - Initiating transaction commit
2026-03-16 16:58:04 [http-nio-8080-exec-9] DEBUG o.s.orm.jpa.JpaTransactionManager - Committing JPA transaction on EntityManager [SessionImpl(1237330391<open>)]
2026-03-16 16:58:04 [http-nio-8080-exec-2] DEBUG o.s.orm.jpa.JpaTransactionManager - Initiating transaction commit
2026-03-16 16:58:04 [http-nio-8080-exec-2] DEBUG o.s.orm.jpa.JpaTransactionManager - Committing JPA transaction on EntityManager [SessionImpl(2101847338<open>)]
2026-03-16 16:58:04 [http-nio-8080-exec-10] DEBUG o.s.orm.jpa.JpaTransactionManager - Initiating transaction commit
2026-03-16 16:58:04 [http-nio-8080-exec-10] DEBUG o.s.orm.jpa.JpaTransactionManager - Committing JPA transaction on EntityManager [SessionImpl(391558460<open>)]
2026-03-16 16:58:04 [http-nio-8080-exec-5] DEBUG o.s.orm.jpa.JpaTransactionManager - Found thread-bound EntityManager [SessionImpl(1134368716<open>)] for JPA transaction
2026-03-16 16:58:04 [http-nio-8080-exec-5] DEBUG o.s.orm.jpa.JpaTransactionManager - Participating in existing transaction
2026-03-16 16:58:04 [http-nio-8080-exec-5] DEBUG org.hibernate.SQL - select ua1_0.scrty_dtrmn_trget_id,ua1_0.author_code,ua1_0.frst_register_id,ua1_0.frst_regist_pnttm,ua1_0.last_updusr_id,ua1_0.last_updt_pnttm,ua1_0.mber_ty_code from nemplyrscrtyestbs ua1_0 where ua1_0.scrty_dtrmn_trget_id=?
2026-03-16 16:58:04 [http-nio-8080-exec-4] DEBUG o.s.orm.jpa.JpaTransactionManager - Initiating transaction commit
2026-03-16 16:58:04 [http-nio-8080-exec-4] DEBUG o.s.orm.jpa.JpaTransactionManager - Committing JPA transaction on EntityManager [SessionImpl(177088628<open>)]
2026-03-16 16:58:04 [http-nio-8080-exec-9] DEBUG o.s.orm.jpa.JpaTransactionManager - Closing JPA EntityManager [SessionImpl(1237330391<open>)] after transaction
2026-03-16 16:58:04 [http-nio-8080-exec-9] DEBUG c.c.p.s.jwt.JwtAuthenticationFilter - >>> [JwtFilter] Successfully authenticated user: USRCNFRM_99999999999, Authorities: [ROLE_ADMIN]
2026-03-16 16:58:04 [http-nio-8080-exec-9] DEBUG o.s.web.servlet.DispatcherServlet - GET "/api/v1/menu/left?menuNo=20", parameters={masked}
2026-03-16 16:58:04 [http-nio-8080-exec-9] TRACE o.s.w.s.m.m.a.RequestMappingHandlerMapping - Mapped to com.company.project.api.controller.menu.MenuController#getLeftMenu(Long)
2026-03-16 16:58:04 [http-nio-8080-exec-9] INFO  c.c.p.a.c.menu.MenuController - getLeftMenu called with menuNo=20
2026-03-16 16:58:04 [http-nio-8080-exec-9] DEBUG o.s.orm.jpa.JpaTransactionManager - Creating new transaction with name [com.company.project.service.menu.MenuService.getSubMenus]: PROPAGATION_REQUIRED,ISOLATION_DEFAULT,readOnly
2026-03-16 16:58:04 [http-nio-8080-exec-9] DEBUG o.s.orm.jpa.JpaTransactionManager - Opened new EntityManager [SessionImpl(1191789185<open>)] for JPA transaction
2026-03-16 16:58:04 [http-nio-8080-exec-9] DEBUG o.s.orm.jpa.JpaTransactionManager - Exposing JPA transaction as JDBC [org.springframework.orm.jpa.vendor.HibernateJpaDialect$HibernateConnectionHandle@5a846d13]
2026-03-16 16:58:04 [http-nio-8080-exec-9] DEBUG org.hibernate.SQL - select m1_0.menu_no,m1_0.menu_dc,m1_0.menu_nm,m1_0.menu_ordr,m1_0.modern_route,m1_0.progrm_file_nm,m1_0.relate_image_nm,m1_0.relate_image_path,m1_0.route_updated_at,m1_0.upper_menu_no from nmenuinfo m1_0 order by m1_0.upper_menu_no,m1_0.menu_ordr
2026-03-16 16:58:04 [http-nio-8080-exec-2] DEBUG o.s.orm.jpa.JpaTransactionManager - Closing JPA EntityManager [SessionImpl(2101847338<open>)] after transaction
2026-03-16 16:58:04 [http-nio-8080-exec-2] DEBUG c.c.p.s.jwt.JwtAuthenticationFilter - >>> [JwtFilter] Successfully authenticated user: USRCNFRM_99999999999, Authorities: [ROLE_ADMIN]
2026-03-16 16:58:04 [http-nio-8080-exec-2] DEBUG o.s.web.servlet.DispatcherServlet - GET "/api/v1/admin/system/banners/reflected", parameters={}
2026-03-16 16:58:04 [http-nio-8080-exec-2] TRACE o.s.w.s.m.m.a.RequestMappingHandlerMapping - Mapped to com.company.project.api.controller.system.content.banner.BannerApiController#getReflectedBanners()
2026-03-16 16:58:04 [http-nio-8080-exec-2] DEBUG o.s.orm.jpa.JpaTransactionManager - Creating new transaction with name [com.company.project.service.system.content.banner.BannerService.getReflectedBanners]: PROPAGATION_REQUIRED,ISOLATION_DEFAULT,readOnly
2026-03-16 16:58:04 [http-nio-8080-exec-2] DEBUG o.s.orm.jpa.JpaTransactionManager - Opened new EntityManager [SessionImpl(429588924<open>)] for JPA transaction
2026-03-16 16:58:04 [http-nio-8080-exec-2] DEBUG o.s.orm.jpa.JpaTransactionManager - Exposing JPA transaction as JDBC [org.springframework.orm.jpa.vendor.HibernateJpaDialect$HibernateConnectionHandle@1f53eea1]
2026-03-16 16:58:04 [http-nio-8080-exec-2] DEBUG org.hibernate.SQL - select b1_0.banner_id,b1_0.banner_dc,b1_0.banner_image,b1_0.banner_image_file,b1_0.banner_nm,b1_0.frst_register_id,b1_0.frst_regist_pnttm,b1_0.last_updusr_id,b1_0.last_updt_pnttm,b1_0.link_url,b1_0.reflct_at,b1_0.sort_ordr from nbanner b1_0 where b1_0.reflct_at=? order by b1_0.sort_ordr
2026-03-16 16:58:04 [http-nio-8080-exec-10] DEBUG o.s.orm.jpa.JpaTransactionManager - Closing JPA EntityManager [SessionImpl(391558460<open>)] after transaction
2026-03-16 16:58:04 [http-nio-8080-exec-10] DEBUG c.c.p.s.jwt.JwtAuthenticationFilter - >>> [JwtFilter] Successfully authenticated user: USRCNFRM_99999999999, Authorities: [ROLE_ADMIN]
2026-03-16 16:58:04 [http-nio-8080-exec-10] DEBUG o.s.web.servlet.DispatcherServlet - GET "/api/v1/notifications", parameters={}
2026-03-16 16:58:04 [http-nio-8080-exec-10] TRACE o.s.w.s.m.m.a.RequestMappingHandlerMapping - Mapped to com.company.project.api.controller.notification.NotificationController#getMyNotifications(UserDetails)
2026-03-16 16:58:04 [http-nio-8080-exec-10] DEBUG o.s.orm.jpa.JpaTransactionManager - Creating new transaction with name [com.company.project.service.notification.NotificationService.getActiveNotifications]: PROPAGATION_REQUIRED,ISOLATION_DEFAULT,readOnly
2026-03-16 16:58:04 [http-nio-8080-exec-10] DEBUG o.s.orm.jpa.JpaTransactionManager - Opened new EntityManager [SessionImpl(774679893<open>)] for JPA transaction
2026-03-16 16:58:04 [http-nio-8080-exec-10] DEBUG o.s.orm.jpa.JpaTransactionManager - Exposing JPA transaction as JDBC [org.springframework.orm.jpa.vendor.HibernateJpaDialect$HibernateConnectionHandle@5f6f5f4e]
2026-03-16 16:58:04 [http-nio-8080-exec-10] DEBUG o.s.orm.jpa.JpaTransactionManager - Found thread-bound EntityManager [SessionImpl(774679893<open>)] for JPA transaction
2026-03-16 16:58:04 [http-nio-8080-exec-5] DEBUG o.s.orm.jpa.JpaTransactionManager - Initiating transaction commit
2026-03-16 16:58:04 [http-nio-8080-exec-10] DEBUG o.s.orm.jpa.JpaTransactionManager - Participating in existing transaction
2026-03-16 16:58:04 [http-nio-8080-exec-5] DEBUG o.s.orm.jpa.JpaTransactionManager - Committing JPA transaction on EntityManager [SessionImpl(1134368716<open>)]
2026-03-16 16:58:04 [http-nio-8080-exec-10] DEBUG org.hibernate.SQL - select n1_0.ntcn_no,n1_0.frst_register_id,n1_0.frst_regist_pnttm,n1_0.is_read,n1_0.last_updusr_id,n1_0.last_updt_pnttm,n1_0.link_url,n1_0.ntcn_cn,n1_0.ntcn_sj,n1_0.receiver_id from n_user_notification n1_0
2026-03-16 16:58:04 [http-nio-8080-exec-4] DEBUG o.s.orm.jpa.JpaTransactionManager - Closing JPA EntityManager [SessionImpl(177088628<open>)] after transaction
2026-03-16 16:58:04 [http-nio-8080-exec-4] DEBUG c.c.p.s.jwt.JwtAuthenticationFilter - >>> [JwtFilter] Successfully authenticated user: USRCNFRM_99999999999, Authorities: [ROLE_ADMIN]
2026-03-16 16:58:04 [http-nio-8080-exec-4] DEBUG o.s.web.servlet.DispatcherServlet - GET "/api/v1/notifications/unread-count", parameters={}
2026-03-16 16:58:04 [http-nio-8080-exec-4] TRACE o.s.w.s.m.m.a.RequestMappingHandlerMapping - Mapped to com.company.project.api.controller.notification.NotificationController#getUnreadCount(UserDetails)
2026-03-16 16:58:04 [http-nio-8080-exec-4] DEBUG o.s.orm.jpa.JpaTransactionManager - Creating new transaction with name [com.company.project.service.notification.NotificationService.getUnreadCount]: PROPAGATION_REQUIRED,ISOLATION_DEFAULT,readOnly
2026-03-16 16:58:04 [http-nio-8080-exec-4] DEBUG o.s.orm.jpa.JpaTransactionManager - Opened new EntityManager [SessionImpl(1128775205<open>)] for JPA transaction
2026-03-16 16:58:04 [http-nio-8080-exec-4] DEBUG o.s.orm.jpa.JpaTransactionManager - Exposing JPA transaction as JDBC [org.springframework.orm.jpa.vendor.HibernateJpaDialect$HibernateConnectionHandle@6ed29f44]
2026-03-16 16:58:04 [http-nio-8080-exec-4] DEBUG org.hibernate.SQL - select count(n1_0.ntcn_no) from n_user_notification n1_0 where n1_0.receiver_id=? and n1_0.is_read=?
2026-03-16 16:58:04 [http-nio-8080-exec-2] DEBUG o.s.orm.jpa.JpaTransactionManager - Initiating transaction commit
2026-03-16 16:58:04 [http-nio-8080-exec-2] DEBUG o.s.orm.jpa.JpaTransactionManager - Committing JPA transaction on EntityManager [SessionImpl(429588924<open>)]
2026-03-16 16:58:04 [http-nio-8080-exec-5] DEBUG o.s.orm.jpa.JpaTransactionManager - Closing JPA EntityManager [SessionImpl(1134368716<open>)] after transaction
2026-03-16 16:58:04 [http-nio-8080-exec-5] DEBUG c.c.p.s.jwt.JwtAuthenticationFilter - >>> [JwtFilter] Successfully authenticated user: USRCNFRM_99999999999, Authorities: [ROLE_ADMIN]
2026-03-16 16:58:04 [http-nio-8080-exec-5] DEBUG o.s.web.servlet.DispatcherServlet - GET "/api/v1/popups/active", parameters={}
2026-03-16 16:58:04 [http-nio-8080-exec-5] TRACE o.s.w.s.m.m.a.RequestMappingHandlerMapping - Mapped to com.company.project.api.controller.system.content.popup.PopupController#getActivePopups()
2026-03-16 16:58:04 [http-nio-8080-exec-10] DEBUG o.s.orm.jpa.JpaTransactionManager - Initiating transaction commit
2026-03-16 16:58:04 [http-nio-8080-exec-10] DEBUG o.s.orm.jpa.JpaTransactionManager - Committing JPA transaction on EntityManager [SessionImpl(774679893<open>)]
2026-03-16 16:58:04 [http-nio-8080-exec-5] DEBUG o.s.orm.jpa.JpaTransactionManager - Creating new transaction with name [com.company.project.service.system.content.popup.PopupServiceImpl.getActivePopups]: PROPAGATION_REQUIRED,ISOLATION_DEFAULT,readOnly
2026-03-16 16:58:04 [http-nio-8080-exec-5] DEBUG o.s.orm.jpa.JpaTransactionManager - Opened new EntityManager [SessionImpl(1478980967<open>)] for JPA transaction
2026-03-16 16:58:04 [http-nio-8080-exec-5] DEBUG o.s.orm.jpa.JpaTransactionManager - Exposing JPA transaction as JDBC [org.springframework.orm.jpa.vendor.HibernateJpaDialect$HibernateConnectionHandle@69e10edd]
2026-03-16 16:58:04 [http-nio-8080-exec-5] DEBUG org.hibernate.SQL - select p1_0.popup_id,p1_0.frst_register_id,p1_0.frst_regist_pnttm,p1_0.file_url,p1_0.ntce_at,p1_0.stopvew_setup_at,p1_0.last_updusr_id,p1_0.last_updt_pnttm,p1_0.ntce_bgnde,p1_0.ntce_endde,p1_0.popup_vrticl_lc,p1_0.popup_vrticl_size,p1_0.popup_sj_nm,p1_0.popup_width_lc,p1_0.popup_width_size from npopupmanage p1_0 where p1_0.ntce_at='Y' and ? between p1_0.ntce_bgnde and p1_0.ntce_endde
2026-03-16 16:58:04 [http-nio-8080-exec-4] DEBUG o.s.orm.jpa.JpaTransactionManager - Initiating transaction commit
2026-03-16 16:58:04 [http-nio-8080-exec-4] DEBUG o.s.orm.jpa.JpaTransactionManager - Committing JPA transaction on EntityManager [SessionImpl(1128775205<open>)]
2026-03-16 16:58:04 [http-nio-8080-exec-9] DEBUG o.s.orm.jpa.JpaTransactionManager - Found thread-bound EntityManager [SessionImpl(1191789185<open>)] for JPA transaction
2026-03-16 16:58:04 [http-nio-8080-exec-9] DEBUG o.s.orm.jpa.JpaTransactionManager - Participating in existing transaction
2026-03-16 16:58:04 [http-nio-8080-exec-9] DEBUG org.hibernate.SQL - select p1_0.progrm_file_nm,p1_0.progrm_dc,p1_0.progrm_korean_nm,p1_0.progrm_stre_path,p1_0.url from nprogrmlist p1_0
2026-03-16 16:58:04 [http-nio-8080-exec-2] DEBUG o.s.orm.jpa.JpaTransactionManager - Closing JPA EntityManager [SessionImpl(429588924<open>)] after transaction
2026-03-16 16:58:04 [http-nio-8080-exec-2] DEBUG o.s.w.s.m.m.a.HttpEntityMethodProcessor - Using 'application/json', given [application/json, text/plain, */*] and supported [application/json, application/*+json, application/yaml]
2026-03-16 16:58:04 [http-nio-8080-exec-2] TRACE o.s.w.s.m.m.a.HttpEntityMethodProcessor - Writing [ApiResponse[success=true, status=200, code=COMMON_001, message=Success, data=[], timestamp=2026-03-16T16:58:04.758162900]]
2026-03-16 16:58:04 [http-nio-8080-exec-2] INFO  c.c.p.a.i.OperationalAuditInterceptor - API Audit Log: URL=/api/v1/admin/system/banners/reflected, User=webmaster, IP=127.0.0.1
2026-03-16 16:58:04 [http-nio-8080-exec-2] DEBUG o.s.web.servlet.DispatcherServlet - Completed 200 OK
2026-03-16 16:58:04 [http-nio-8080-exec-10] DEBUG o.s.orm.jpa.JpaTransactionManager - Closing JPA EntityManager [SessionImpl(774679893<open>)] after transaction
2026-03-16 16:58:04 [http-nio-8080-exec-10] DEBUG o.s.w.s.m.m.a.HttpEntityMethodProcessor - Using 'application/json', given [application/json, text/plain, */*] and supported [application/json, application/*+json, application/yaml]
2026-03-16 16:58:04 [http-nio-8080-exec-10] TRACE o.s.w.s.m.m.a.HttpEntityMethodProcessor - Writing [ApiResponse[success=true, status=200, code=COMMON_001, message=Success, data=[NotificationDto(ntfcNo=NT001, ntfcSj=테스트 알림입니다, ntfcCn=알림 내용입니다, ntfcDate=null, ntfcTime=2026-02-25T00:59:33.784070, bhNtfcIntrvl=null, uniqId=null, frstRegisterId=null, frstRegisterPnttm=2026-02-25T00:59:33.784070, lastUpdusrId=null, lastUpdusrPnttm=null)], timestamp=2026-03-16T16:58:04.792238500]]
2026-03-16 16:58:04 [http-nio-8080-exec-5] DEBUG o.s.orm.jpa.JpaTransactionManager - Initiating transaction commit
2026-03-16 16:58:04 [http-nio-8080-exec-5] DEBUG o.s.orm.jpa.JpaTransactionManager - Committing JPA transaction on EntityManager [SessionImpl(1478980967<open>)]
2026-03-16 16:58:04 [http-nio-8080-exec-10] INFO  c.c.p.a.i.OperationalAuditInterceptor - API Audit Log: URL=/api/v1/notifications, User=webmaster, IP=127.0.0.1
2026-03-16 16:58:04 [http-nio-8080-exec-10] DEBUG o.s.web.servlet.DispatcherServlet - Completed 200 OK
2026-03-16 16:58:04 [http-nio-8080-exec-1] DEBUG c.c.p.s.jwt.JwtAuthenticationFilter - >>> [JwtFilter] Processing request: GET /api/v1/admin/system/statistics/connect
2026-03-16 16:58:04 [http-nio-8080-exec-1] DEBUG c.c.p.s.jwt.JwtAuthenticationFilter - >>> [JwtFilter] Found token in header for path: /api/v1/admin/system/statistics/connect
2026-03-16 16:58:04 [http-nio-8080-exec-1] DEBUG o.s.orm.jpa.JpaTransactionManager - Creating new transaction with name [com.company.project.security.iam.CustomUserDetailsService.loadUserByUsername]: PROPAGATION_REQUIRED,ISOLATION_DEFAULT,readOnly
2026-03-16 16:58:04 [http-nio-8080-exec-1] DEBUG o.s.orm.jpa.JpaTransactionManager - Opened new EntityManager [SessionImpl(1880286836<open>)] for JPA transaction
2026-03-16 16:58:04 [http-nio-8080-exec-4] DEBUG o.s.orm.jpa.JpaTransactionManager - Closing JPA EntityManager [SessionImpl(1128775205<open>)] after transaction
2026-03-16 16:58:04 [http-nio-8080-exec-4] DEBUG o.s.w.s.m.m.a.HttpEntityMethodProcessor - Using 'application/json', given [application/json, text/plain, */*] and supported [application/json, application/*+json, application/yaml]
2026-03-16 16:58:04 [http-nio-8080-exec-4] TRACE o.s.w.s.m.m.a.HttpEntityMethodProcessor - Writing [ApiResponse[success=true, status=200, code=COMMON_001, message=Success, data=0, timestamp=2026-03-16T16:58:04.873719900]]
2026-03-16 16:58:04 [http-nio-8080-exec-4] INFO  c.c.p.a.i.OperationalAuditInterceptor - API Audit Log: URL=/api/v1/notifications/unread-count, User=webmaster, IP=127.0.0.1
2026-03-16 16:58:04 [http-nio-8080-exec-4] DEBUG o.s.web.servlet.DispatcherServlet - Completed 200 OK
2026-03-16 16:58:04 [http-nio-8080-exec-9] DEBUG o.s.orm.jpa.JpaTransactionManager - Initiating transaction commit
2026-03-16 16:58:04 [http-nio-8080-exec-9] DEBUG o.s.orm.jpa.JpaTransactionManager - Committing JPA transaction on EntityManager [SessionImpl(1191789185<open>)]
2026-03-16 16:58:04 [http-nio-8080-exec-5] DEBUG o.s.orm.jpa.JpaTransactionManager - Closing JPA EntityManager [SessionImpl(1478980967<open>)] after transaction
2026-03-16 16:58:04 [http-nio-8080-exec-5] DEBUG o.s.w.s.m.m.a.HttpEntityMethodProcessor - Using 'application/json', given [application/json, text/plain, */*] and supported [application/json, application/*+json, application/yaml]
2026-03-16 16:58:04 [http-nio-8080-exec-5] TRACE o.s.w.s.m.m.a.HttpEntityMethodProcessor - Writing [ApiResponse[success=true, status=200, code=COMMON_001, message=Success, data=[], timestamp=2026-03-16T16:58:04.948672100]]
2026-03-16 16:58:04 [http-nio-8080-exec-5] INFO  c.c.p.a.i.OperationalAuditInterceptor - API Audit Log: URL=/api/v1/popups/active, User=webmaster, IP=127.0.0.1
2026-03-16 16:58:04 [http-nio-8080-exec-5] DEBUG o.s.web.servlet.DispatcherServlet - Completed 200 OK
2026-03-16 16:58:04 [http-nio-8080-exec-1] DEBUG o.s.orm.jpa.JpaTransactionManager - Exposing JPA transaction as JDBC [org.springframework.orm.jpa.vendor.HibernateJpaDialect$HibernateConnectionHandle@3929e2f1]
2026-03-16 16:58:04 [http-nio-8080-exec-1] DEBUG o.s.orm.jpa.JpaTransactionManager - Found thread-bound EntityManager [SessionImpl(1880286836<open>)] for JPA transaction
2026-03-16 16:58:04 [http-nio-8080-exec-1] DEBUG o.s.orm.jpa.JpaTransactionManager - Participating in existing transaction
2026-03-16 16:58:04 [http-nio-8080-exec-1] DEBUG org.hibernate.SQL - select u1_0.emplyr_id,u1_0.area_no,u1_0.brthdy,u1_0.chg_pwd_cnt,u1_0.frst_register_id,u1_0.frst_regist_pnttm,u1_0.detail_adres,u1_0.email_adres,u1_0.emplyr_sttus_code,u1_0.empl_no,u1_0.esntl_id,u1_0.fxnum,u1_0.group_id,u1_0.house_adres,u1_0.house_end_telno,u1_0.house_middle_telno,u1_0.ihidnum,u1_0.pstinst_code,u1_0.last_updusr_id,u1_0.last_updt_pnttm,u1_0.lock_at,u1_0.lock_cnt,u1_0.lock_last_pnttm,u1_0.mbtlnum,u1_0.ofcps_nm,u1_0.offm_telno,u1_0.orgnzt_id,u1_0.password,u1_0.password_cnsr,u1_0.password_hint,u1_0.chg_pwd_last_pnttm,u1_0.role,u1_0.sbscrb_de,u1_0.sexdstn_code,u1_0.crtfc_dn_value,u1_0.user_nm,u1_0.zip from nemplyrinfo u1_0 where u1_0.emplyr_id=?
2026-03-16 16:58:05 [http-nio-8080-exec-9] DEBUG o.s.orm.jpa.JpaTransactionManager - Closing JPA EntityManager [SessionImpl(1191789185<open>)] after transaction
2026-03-16 16:58:05 [http-nio-8080-exec-9] INFO  c.c.p.a.c.menu.MenuController - getLeftMenu returned 3 items
2026-03-16 16:58:05 [http-nio-8080-exec-9] DEBUG o.s.w.s.m.m.a.HttpEntityMethodProcessor - Using 'application/json', given [application/json, text/plain, */*] and supported [application/json, application/*+json, application/yaml]
2026-03-16 16:58:05 [http-nio-8080-exec-9] TRACE o.s.w.s.m.m.a.HttpEntityMethodProcessor - Writing [ApiResponse[success=true, status=200, code=COMMON_001, message=Success, data={list=[com.company.project.service.menu.dto.MenuDto@51a417aa, com.company.project.service.menu.dto.MenuDto@279fb399, com.company.project.service.menu.dto.MenuDto@39fec808]}, timestamp=2026-03-16T16:58:05.029927900]]
2026-03-16 16:58:05 [http-nio-8080-exec-9] INFO  c.c.p.a.i.OperationalAuditInterceptor - API Audit Log: URL=/api/v1/menu/left, User=webmaster, IP=127.0.0.1
2026-03-16 16:58:05 [http-nio-8080-exec-9] DEBUG o.s.web.servlet.DispatcherServlet - Completed 200 OK
2026-03-16 16:58:05 [http-nio-8080-exec-7] DEBUG c.c.p.s.jwt.JwtAuthenticationFilter - >>> [JwtFilter] Processing request: GET /api/v1/menu/left
2026-03-16 16:58:05 [http-nio-8080-exec-7] DEBUG c.c.p.s.jwt.JwtAuthenticationFilter - >>> [JwtFilter] Found token in header for path: /api/v1/menu/left
2026-03-16 16:58:05 [http-nio-8080-exec-7] DEBUG o.s.orm.jpa.JpaTransactionManager - Creating new transaction with name [com.company.project.security.iam.CustomUserDetailsService.loadUserByUsername]: PROPAGATION_REQUIRED,ISOLATION_DEFAULT,readOnly
2026-03-16 16:58:05 [http-nio-8080-exec-7] DEBUG o.s.orm.jpa.JpaTransactionManager - Opened new EntityManager [SessionImpl(784804372<open>)] for JPA transaction
2026-03-16 16:58:05 [http-nio-8080-exec-1] DEBUG o.s.orm.jpa.JpaTransactionManager - Found thread-bound EntityManager [SessionImpl(1880286836<open>)] for JPA transaction
2026-03-16 16:58:05 [http-nio-8080-exec-1] DEBUG o.s.orm.jpa.JpaTransactionManager - Participating in existing transaction
2026-03-16 16:58:05 [http-nio-8080-exec-1] DEBUG org.hibernate.SQL - select ua1_0.scrty_dtrmn_trget_id,ua1_0.author_code,ua1_0.frst_register_id,ua1_0.frst_regist_pnttm,ua1_0.last_updusr_id,ua1_0.last_updt_pnttm,ua1_0.mber_ty_code from nemplyrscrtyestbs ua1_0 where ua1_0.scrty_dtrmn_trget_id=?
2026-03-16 16:58:05 [http-nio-8080-exec-7] DEBUG o.s.orm.jpa.JpaTransactionManager - Exposing JPA transaction as JDBC [org.springframework.orm.jpa.vendor.HibernateJpaDialect$HibernateConnectionHandle@5448686b]
2026-03-16 16:58:05 [http-nio-8080-exec-7] DEBUG o.s.orm.jpa.JpaTransactionManager - Found thread-bound EntityManager [SessionImpl(784804372<open>)] for JPA transaction
2026-03-16 16:58:05 [http-nio-8080-exec-7] DEBUG o.s.orm.jpa.JpaTransactionManager - Participating in existing transaction
2026-03-16 16:58:05 [http-nio-8080-exec-7] DEBUG org.hibernate.SQL - select u1_0.emplyr_id,u1_0.area_no,u1_0.brthdy,u1_0.chg_pwd_cnt,u1_0.frst_register_id,u1_0.frst_regist_pnttm,u1_0.detail_adres,u1_0.email_adres,u1_0.emplyr_sttus_code,u1_0.empl_no,u1_0.esntl_id,u1_0.fxnum,u1_0.group_id,u1_0.house_adres,u1_0.house_end_telno,u1_0.house_middle_telno,u1_0.ihidnum,u1_0.pstinst_code,u1_0.last_updusr_id,u1_0.last_updt_pnttm,u1_0.lock_at,u1_0.lock_cnt,u1_0.lock_last_pnttm,u1_0.mbtlnum,u1_0.ofcps_nm,u1_0.offm_telno,u1_0.orgnzt_id,u1_0.password,u1_0.password_cnsr,u1_0.password_hint,u1_0.chg_pwd_last_pnttm,u1_0.role,u1_0.sbscrb_de,u1_0.sexdstn_code,u1_0.crtfc_dn_value,u1_0.user_nm,u1_0.zip from nemplyrinfo u1_0 where u1_0.emplyr_id=?
2026-03-16 16:58:05 [http-nio-8080-exec-6] DEBUG c.c.p.s.jwt.JwtAuthenticationFilter - >>> [JwtFilter] Processing request: GET /api/v1/admin/system/statistics/bbs
2026-03-16 16:58:05 [http-nio-8080-exec-6] DEBUG c.c.p.s.jwt.JwtAuthenticationFilter - >>> [JwtFilter] Found token in header for path: /api/v1/admin/system/statistics/bbs
2026-03-16 16:58:05 [http-nio-8080-exec-6] DEBUG o.s.orm.jpa.JpaTransactionManager - Creating new transaction with name [com.company.project.security.iam.CustomUserDetailsService.loadUserByUsername]: PROPAGATION_REQUIRED,ISOLATION_DEFAULT,readOnly
2026-03-16 16:58:05 [http-nio-8080-exec-6] DEBUG o.s.orm.jpa.JpaTransactionManager - Opened new EntityManager [SessionImpl(1483453214<open>)] for JPA transaction
2026-03-16 16:58:05 [http-nio-8080-exec-1] DEBUG o.s.orm.jpa.JpaTransactionManager - Initiating transaction commit
2026-03-16 16:58:05 [http-nio-8080-exec-1] DEBUG o.s.orm.jpa.JpaTransactionManager - Committing JPA transaction on EntityManager [SessionImpl(1880286836<open>)]
2026-03-16 16:58:05 [http-nio-8080-exec-7] DEBUG o.s.orm.jpa.JpaTransactionManager - Found thread-bound EntityManager [SessionImpl(784804372<open>)] for JPA transaction
2026-03-16 16:58:05 [http-nio-8080-exec-7] DEBUG o.s.orm.jpa.JpaTransactionManager - Participating in existing transaction
2026-03-16 16:58:05 [http-nio-8080-exec-7] DEBUG org.hibernate.SQL - select ua1_0.scrty_dtrmn_trget_id,ua1_0.author_code,ua1_0.frst_register_id,ua1_0.frst_regist_pnttm,ua1_0.last_updusr_id,ua1_0.last_updt_pnttm,ua1_0.mber_ty_code from nemplyrscrtyestbs ua1_0 where ua1_0.scrty_dtrmn_trget_id=?
2026-03-16 16:58:05 [http-nio-8080-exec-6] DEBUG o.s.orm.jpa.JpaTransactionManager - Exposing JPA transaction as JDBC [org.springframework.orm.jpa.vendor.HibernateJpaDialect$HibernateConnectionHandle@723f8a8b]
2026-03-16 16:58:05 [http-nio-8080-exec-6] DEBUG o.s.orm.jpa.JpaTransactionManager - Found thread-bound EntityManager [SessionImpl(1483453214<open>)] for JPA transaction
2026-03-16 16:58:05 [http-nio-8080-exec-6] DEBUG o.s.orm.jpa.JpaTransactionManager - Participating in existing transaction
2026-03-16 16:58:05 [http-nio-8080-exec-6] DEBUG org.hibernate.SQL - select u1_0.emplyr_id,u1_0.area_no,u1_0.brthdy,u1_0.chg_pwd_cnt,u1_0.frst_register_id,u1_0.frst_regist_pnttm,u1_0.detail_adres,u1_0.email_adres,u1_0.emplyr_sttus_code,u1_0.empl_no,u1_0.esntl_id,u1_0.fxnum,u1_0.group_id,u1_0.house_adres,u1_0.house_end_telno,u1_0.house_middle_telno,u1_0.ihidnum,u1_0.pstinst_code,u1_0.last_updusr_id,u1_0.last_updt_pnttm,u1_0.lock_at,u1_0.lock_cnt,u1_0.lock_last_pnttm,u1_0.mbtlnum,u1_0.ofcps_nm,u1_0.offm_telno,u1_0.orgnzt_id,u1_0.password,u1_0.password_cnsr,u1_0.password_hint,u1_0.chg_pwd_last_pnttm,u1_0.role,u1_0.sbscrb_de,u1_0.sexdstn_code,u1_0.crtfc_dn_value,u1_0.user_nm,u1_0.zip from nemplyrinfo u1_0 where u1_0.emplyr_id=?
2026-03-16 16:58:05 [http-nio-8080-exec-1] DEBUG o.s.orm.jpa.JpaTransactionManager - Closing JPA EntityManager [SessionImpl(1880286836<open>)] after transaction
2026-03-16 16:58:05 [http-nio-8080-exec-1] DEBUG c.c.p.s.jwt.JwtAuthenticationFilter - >>> [JwtFilter] Successfully authenticated user: USRCNFRM_99999999999, Authorities: [ROLE_ADMIN]
2026-03-16 16:58:05 [http-nio-8080-exec-1] DEBUG o.s.web.servlet.DispatcherServlet - GET "/api/v1/admin/system/statistics/connect?statsKind=SERVICE", parameters={masked}
2026-03-16 16:58:05 [http-nio-8080-exec-1] DEBUG o.s.w.s.h.SimpleUrlHandlerMapping - Mapped to ResourceHttpRequestHandler [classpath [META-INF/resources/], classpath [resources/], classpath [static/], classpath [public/], ServletContext [/]]
2026-03-16 16:58:05 [http-nio-8080-exec-1] DEBUG o.s.w.s.r.ResourceHttpRequestHandler - Resource not found
2026-03-16 16:58:05 [http-nio-8080-exec-1] DEBUG o.s.w.s.m.m.a.ExceptionHandlerExceptionResolver - Using @ExceptionHandler com.company.project.core.exception.GlobalExceptionHandler#handleException(Exception)
2026-03-16 16:58:05 [http-nio-8080-exec-1] ERROR c.c.p.c.e.GlobalExceptionHandler - >>> Internal Server Error: No static resource api/v1/admin/system/statistics/connect.
org.springframework.web.servlet.resource.NoResourceFoundException: No static resource api/v1/admin/system/statistics/connect.
	at org.springframework.web.servlet.resource.ResourceHttpRequestHandler.handleRequest(ResourceHttpRequestHandler.java:585)
	at org.springframework.web.servlet.mvc.HttpRequestHandlerAdapter.handle(HttpRequestHandlerAdapter.java:52)
	at org.springframework.web.servlet.DispatcherServlet.doDispatch(DispatcherServlet.java:1088)
	at org.springframework.web.servlet.DispatcherServlet.doService(DispatcherServlet.java:978)
	at org.springframework.web.servlet.FrameworkServlet.processRequest(FrameworkServlet.java:1014)
	at org.springframework.web.servlet.FrameworkServlet.doGet(FrameworkServlet.java:903)
	at jakarta.servlet.http.HttpServlet.service(HttpServlet.java:527)
	at org.springframework.web.servlet.FrameworkServlet.service(FrameworkServlet.java:885)
	at jakarta.servlet.http.HttpServlet.service(HttpServlet.java:614)
	at org.apache.catalina.core.ApplicationFilterChain.internalDoFilter(ApplicationFilterChain.java:195)
	at org.apache.catalina.core.ApplicationFilterChain.doFilter(ApplicationFilterChain.java:140)
	at org.apache.tomcat.websocket.server.WsFilter.doFilter(WsFilter.java:51)
	at org.apache.catalina.core.ApplicationFilterChain.internalDoFilter(ApplicationFilterChain.java:164)
	at org.apache.catalina.core.ApplicationFilterChain.doFilter(ApplicationFilterChain.java:140)
	at org.springframework.web.filter.CompositeFilter$VirtualFilterChain.doFilter(CompositeFilter.java:108)
	at org.springframework.security.web.FilterChainProxy.lambda$doFilterInternal$3(FilterChainProxy.java:231)
	at org.springframework.security.web.ObservationFilterChainDecorator$FilterObservation$SimpleFilterObservation.lambda$wrap$1(ObservationFilterChainDecorator.java:479)
	at org.springframework.security.web.ObservationFilterChainDecorator$AroundFilterObservation$SimpleAroundFilterObservation.lambda$wrap$1(ObservationFilterChainDecorator.java:340)
	at org.springframework.security.web.ObservationFilterChainDecorator.lambda$wrapSecured$0(ObservationFilterChainDecorator.java:82)
	at org.springframework.security.web.ObservationFilterChainDecorator$VirtualFilterChain.doFilter(ObservationFilterChainDecorator.java:128)
	at org.springframework.security.web.access.intercept.AuthorizationFilter.doFilter(AuthorizationFilter.java:101)
	at org.springframework.security.web.ObservationFilterChainDecorator$ObservationFilter.wrapFilter(ObservationFilterChainDecorator.java:240)
	at org.springframework.security.web.ObservationFilterChainDecorator$ObservationFilter.doFilter(ObservationFilterChainDecorator.java:227)
	at org.springframework.security.web.ObservationFilterChainDecorator$VirtualFilterChain.doFilter(ObservationFilterChainDecorator.java:137)
	at org.springframework.security.web.access.ExceptionTranslationFilter.doFilter(ExceptionTranslationFilter.java:126)
	at org.springframework.security.web.access.ExceptionTranslationFilter.doFilter(ExceptionTranslationFilter.java:120)
	at org.springframework.security.web.ObservationFilterChainDecorator$ObservationFilter.wrapFilter(ObservationFilterChainDecorator.java:240)
	at org.springframework.security.web.ObservationFilterChainDecorator$ObservationFilter.doFilter(ObservationFilterChainDecorator.java:227)
	at org.springframework.security.web.ObservationFilterChainDecorator$VirtualFilterChain.doFilter(ObservationFilterChainDecorator.java:137)
	at org.springframework.security.web.session.SessionManagementFilter.doFilter(SessionManagementFilter.java:131)
	at org.springframework.security.web.session.SessionManagementFilter.doFilter(SessionManagementFilter.java:85)
	at org.springframework.security.web.ObservationFilterChainDecorator$ObservationFilter.wrapFilter(ObservationFilterChainDecorator.java:240)
	at org.springframework.security.web.ObservationFilterChainDecorator$ObservationFilter.doFilter(ObservationFilterChainDecorator.java:227)
	at org.springframework.security.web.ObservationFilterChainDecorator$VirtualFilterChain.doFilter(ObservationFilterChainDecorator.java:137)
	at org.springframework.security.web.authentication.AnonymousAuthenticationFilter.doFilter(AnonymousAuthenticationFilter.java:100)
	at org.springframework.security.web.ObservationFilterChainDecorator$ObservationFilter.wrapFilter(ObservationFilterChainDecorator.java:240)
	at org.springframework.security.web.ObservationFilterChainDecorator$ObservationFilter.doFilter(ObservationFilterChainDecorator.java:227)
	at org.springframework.security.web.ObservationFilterChainDecorator$VirtualFilterChain.doFilter(ObservationFilterChainDecorator.java:137)
	at org.springframework.security.web.servletapi.SecurityContextHolderAwareRequestFilter.doFilter(SecurityContextHolderAwareRequestFilter.java:179)
	at org.springframework.security.web.ObservationFilterChainDecorator$ObservationFilter.wrapFilter(ObservationFilterChainDecorator.java:240)
	at org.springframework.security.web.ObservationFilterChainDecorator$ObservationFilter.doFilter(ObservationFilterChainDecorator.java:227)
	at org.springframework.security.web.ObservationFilterChainDecorator$VirtualFilterChain.doFilter(ObservationFilterChainDecorator.java:137)
	at org.springframework.security.web.savedrequest.RequestCacheAwareFilter.doFilter(RequestCacheAwareFilter.java:63)
	at org.springframework.security.web.ObservationFilterChainDecorator$ObservationFilter.wrapFilter(ObservationFilterChainDecorator.java:240)
	at org.springframework.security.web.ObservationFilterChainDecorator$ObservationFilter.doFilter(ObservationFilterChainDecorator.java:227)
	at org.springframework.security.web.ObservationFilterChainDecorator$VirtualFilterChain.doFilter(ObservationFilterChainDecorator.java:137)
	at com.company.project.security.jwt.JwtAuthenticationFilter.doFilterInternal(JwtAuthenticationFilter.java:52)
	at org.springframework.web.filter.OncePerRequestFilter.doFilter(OncePerRequestFilter.java:116)
	at org.springframework.security.web.ObservationFilterChainDecorator$ObservationFilter.wrapFilter(ObservationFilterChainDecorator.java:240)
	at org.springframework.security.web.ObservationFilterChainDecorator$ObservationFilter.doFilter(ObservationFilterChainDecorator.java:227)
	at org.springframework.security.web.ObservationFilterChainDecorator$VirtualFilterChain.doFilter(ObservationFilterChainDecorator.java:137)
	at org.springframework.security.web.authentication.logout.LogoutFilter.doFilter(LogoutFilter.java:107)
	at org.springframework.security.web.authentication.logout.LogoutFilter.doFilter(LogoutFilter.java:93)
	at org.springframework.security.web.ObservationFilterChainDecorator$ObservationFilter.wrapFilter(ObservationFilterChainDecorator.java:240)
	at org.springframework.security.web.ObservationFilterChainDecorator$ObservationFilter.doFilter(ObservationFilterChainDecorator.java:227)
	at org.springframework.security.web.ObservationFilterChainDecorator$VirtualFilterChain.doFilter(ObservationFilterChainDecorator.java:137)
	at org.springframework.web.filter.CorsFilter.doFilterInternal(CorsFilter.java:91)
	at org.springframework.web.filter.OncePerRequestFilter.doFilter(OncePerRequestFilter.java:116)
	at org.springframework.security.web.ObservationFilterChainDecorator$ObservationFilter.wrapFilter(ObservationFilterChainDecorator.java:240)
	at org.springframework.security.web.ObservationFilterChainDecorator$ObservationFilter.doFilter(ObservationFilterChainDecorator.java:227)
	at org.springframework.security.web.ObservationFilterChainDecorator$VirtualFilterChain.doFilter(ObservationFilterChainDecorator.java:137)
	at org.springframework.security.web.header.HeaderWriterFilter.doHeadersAfter(HeaderWriterFilter.java:90)
	at org.springframework.security.web.header.HeaderWriterFilter.doFilterInternal(HeaderWriterFilter.java:75)
	at org.springframework.web.filter.OncePerRequestFilter.doFilter(OncePerRequestFilter.java:116)
	at org.springframework.security.web.ObservationFilterChainDecorator$ObservationFilter.wrapFilter(ObservationFilterChainDecorator.java:240)
	at org.springframework.security.web.ObservationFilterChainDecorator$ObservationFilter.doFilter(ObservationFilterChainDecorator.java:227)
	at org.springframework.security.web.ObservationFilterChainDecorator$VirtualFilterChain.doFilter(ObservationFilterChainDecorator.java:137)
	at org.springframework.security.web.context.SecurityContextHolderFilter.doFilter(SecurityContextHolderFilter.java:82)
	at org.springframework.security.web.context.SecurityContextHolderFilter.doFilter(SecurityContextHolderFilter.java:69)
	at org.springframework.security.web.ObservationFilterChainDecorator$ObservationFilter.wrapFilter(ObservationFilterChainDecorator.java:240)
	at org.springframework.security.web.ObservationFilterChainDecorator$ObservationFilter.doFilter(ObservationFilterChainDecorator.java:227)
	at org.springframework.security.web.ObservationFilterChainDecorator$VirtualFilterChain.doFilter(ObservationFilterChainDecorator.java:137)
	at org.springframework.security.web.context.request.async.WebAsyncManagerIntegrationFilter.doFilterInternal(WebAsyncManagerIntegrationFilter.java:62)
	at org.springframework.web.filter.OncePerRequestFilter.doFilter(OncePerRequestFilter.java:116)
	at org.springframework.security.web.ObservationFilterChainDecorator$ObservationFilter.wrapFilter(ObservationFilterChainDecorator.java:240)
	at org.springframework.security.web.ObservationFilterChainDecorator$ObservationFilter.doFilter(ObservationFilterChainDecorator.java:227)
	at org.springframework.security.web.ObservationFilterChainDecorator$VirtualFilterChain.doFilter(ObservationFilterChainDecorator.java:137)
	at org.springframework.security.web.session.DisableEncodeUrlFilter.doFilterInternal(DisableEncodeUrlFilter.java:42)
	at org.springframework.web.filter.OncePerRequestFilter.doFilter(OncePerRequestFilter.java:116)
	at org.springframework.security.web.ObservationFilterChainDecorator$ObservationFilter.wrapFilter(ObservationFilterChainDecorator.java:240)
	at org.springframework.security.web.ObservationFilterChainDecorator$AroundFilterObservation$SimpleAroundFilterObservation.lambda$wrap$0(ObservationFilterChainDecorator.java:323)
	at org.springframework.security.web.ObservationFilterChainDecorator$ObservationFilter.doFilter(ObservationFilterChainDecorator.java:224)
	at org.springframework.security.web.ObservationFilterChainDecorator$VirtualFilterChain.doFilter(ObservationFilterChainDecorator.java:137)
	at org.springframework.security.web.FilterChainProxy.doFilterInternal(FilterChainProxy.java:233)
	at org.springframework.security.web.FilterChainProxy.doFilter(FilterChainProxy.java:191)
	at org.springframework.web.filter.CompositeFilter$VirtualFilterChain.doFilter(CompositeFilter.java:113)
	at org.springframework.web.servlet.handler.HandlerMappingIntrospector.lambda$createCacheFilter$3(HandlerMappingIntrospector.java:243)
	at org.springframework.web.filter.CompositeFilter$VirtualFilterChain.doFilter(CompositeFilter.java:113)
	at org.springframework.web.filter.CompositeFilter.doFilter(CompositeFilter.java:74)
	at org.springframework.security.config.annotation.web.configuration.WebMvcSecurityConfiguration$CompositeFilterChainProxy.doFilter(WebMvcSecurityConfiguration.java:238)
	at org.springframework.web.filter.DelegatingFilterProxy.invokeDelegate(DelegatingFilterProxy.java:362)
	at org.springframework.web.filter.DelegatingFilterProxy.doFilter(DelegatingFilterProxy.java:278)
	at org.apache.catalina.core.ApplicationFilterChain.internalDoFilter(ApplicationFilterChain.java:164)
	at org.apache.catalina.core.ApplicationFilterChain.doFilter(ApplicationFilterChain.java:140)
	at org.springframework.web.filter.RequestContextFilter.doFilterInternal(RequestContextFilter.java:100)
	at org.springframework.web.filter.OncePerRequestFilter.doFilter(OncePerRequestFilter.java:116)
	at org.apache.catalina.core.ApplicationFilterChain.internalDoFilter(ApplicationFilterChain.java:164)
	at org.apache.catalina.core.ApplicationFilterChain.doFilter(ApplicationFilterChain.java:140)
	at org.springframework.web.filter.FormContentFilter.doFilterInternal(FormContentFilter.java:93)
	at org.springframework.web.filter.OncePerRequestFilter.doFilter(OncePerRequestFilter.java:116)
	at org.apache.catalina.core.ApplicationFilterChain.internalDoFilter(ApplicationFilterChain.java:164)
	at org.apache.catalina.core.ApplicationFilterChain.doFilter(ApplicationFilterChain.java:140)
	at org.springframework.web.filter.ServerHttpObservationFilter.doFilterInternal(ServerHttpObservationFilter.java:114)
	at org.springframework.web.filter.OncePerRequestFilter.doFilter(OncePerRequestFilter.java:116)
	at org.apache.catalina.core.ApplicationFilterChain.internalDoFilter(ApplicationFilterChain.java:164)
	at org.apache.catalina.core.ApplicationFilterChain.doFilter(ApplicationFilterChain.java:140)
	at org.springframework.web.filter.CharacterEncodingFilter.doFilterInternal(CharacterEncodingFilter.java:201)
	at org.springframework.web.filter.OncePerRequestFilter.doFilter(OncePerRequestFilter.java:116)
	at org.apache.catalina.core.ApplicationFilterChain.internalDoFilter(ApplicationFilterChain.java:164)
	at org.apache.catalina.core.ApplicationFilterChain.doFilter(ApplicationFilterChain.java:140)
	at org.apache.catalina.core.StandardWrapperValve.invoke(StandardWrapperValve.java:167)
	at org.apache.catalina.core.StandardContextValve.invoke(StandardContextValve.java:90)
	at org.apache.catalina.authenticator.AuthenticatorBase.invoke(AuthenticatorBase.java:483)
	at org.apache.catalina.core.StandardHostValve.invoke(StandardHostValve.java:115)
	at org.apache.catalina.valves.ErrorReportValve.invoke(ErrorReportValve.java:93)
	at org.apache.catalina.core.StandardEngineValve.invoke(StandardEngineValve.java:74)
	at org.apache.catalina.connector.CoyoteAdapter.service(CoyoteAdapter.java:344)
	at org.apache.coyote.http11.Http11Processor.service(Http11Processor.java:397)
	at org.apache.coyote.AbstractProcessorLight.process(AbstractProcessorLight.java:63)
	at org.apache.coyote.AbstractProtocol$ConnectionHandler.process(AbstractProtocol.java:905)
	at org.apache.tomcat.util.net.NioEndpoint$SocketProcessor.doRun(NioEndpoint.java:1741)
	at org.apache.tomcat.util.net.SocketProcessorBase.run(SocketProcessorBase.java:52)
	at org.apache.tomcat.util.threads.ThreadPoolExecutor.runWorker(ThreadPoolExecutor.java:1190)
	at org.apache.tomcat.util.threads.ThreadPoolExecutor$Worker.run(ThreadPoolExecutor.java:659)
	at org.apache.tomcat.util.threads.TaskThread$WrappingRunnable.run(TaskThread.java:63)
	at java.base/java.lang.Thread.run(Thread.java:1583)
2026-03-16 16:58:05 [http-nio-8080-exec-1] DEBUG o.s.w.s.m.m.a.HttpEntityMethodProcessor - Using 'application/json', given [application/json, text/plain, */*] and supported [application/json, application/*+json, application/yaml]
2026-03-16 16:58:05 [http-nio-8080-exec-1] TRACE o.s.w.s.m.m.a.HttpEntityMethodProcessor - Writing [ApiResponse[success=false, status=500, code=C004, message=예기치 않은 서버 오류가 발생했습니다., data=null, timestamp=2026-03-16T16:58:05.431967500]]
2026-03-16 16:58:05 [http-nio-8080-exec-1] DEBUG o.s.w.s.m.m.a.ExceptionHandlerExceptionResolver - Resolved [org.springframework.web.servlet.resource.NoResourceFoundException: No static resource api/v1/admin/system/statistics/connect.]
2026-03-16 16:58:05 [http-nio-8080-exec-1] DEBUG o.s.web.servlet.DispatcherServlet - Completed 500 INTERNAL_SERVER_ERROR
2026-03-16 16:58:05 [http-nio-8080-exec-7] DEBUG o.s.orm.jpa.JpaTransactionManager - Initiating transaction commit
2026-03-16 16:58:05 [http-nio-8080-exec-7] DEBUG o.s.orm.jpa.JpaTransactionManager - Committing JPA transaction on EntityManager [SessionImpl(784804372<open>)]
2026-03-16 16:58:05 [http-nio-8080-exec-6] DEBUG o.s.orm.jpa.JpaTransactionManager - Found thread-bound EntityManager [SessionImpl(1483453214<open>)] for JPA transaction
2026-03-16 16:58:05 [http-nio-8080-exec-6] DEBUG o.s.orm.jpa.JpaTransactionManager - Participating in existing transaction
2026-03-16 16:58:05 [http-nio-8080-exec-6] DEBUG org.hibernate.SQL - select ua1_0.scrty_dtrmn_trget_id,ua1_0.author_code,ua1_0.frst_register_id,ua1_0.frst_regist_pnttm,ua1_0.last_updusr_id,ua1_0.last_updt_pnttm,ua1_0.mber_ty_code from nemplyrscrtyestbs ua1_0 where ua1_0.scrty_dtrmn_trget_id=?
2026-03-16 16:58:05 [http-nio-8080-exec-7] DEBUG o.s.orm.jpa.JpaTransactionManager - Closing JPA EntityManager [SessionImpl(784804372<open>)] after transaction
2026-03-16 16:58:05 [http-nio-8080-exec-7] DEBUG c.c.p.s.jwt.JwtAuthenticationFilter - >>> [JwtFilter] Successfully authenticated user: USRCNFRM_99999999999, Authorities: [ROLE_ADMIN]
2026-03-16 16:58:05 [http-nio-8080-exec-7] DEBUG o.s.web.servlet.DispatcherServlet - GET "/api/v1/menu/left?menuNo=40", parameters={masked}
2026-03-16 16:58:05 [http-nio-8080-exec-7] TRACE o.s.w.s.m.m.a.RequestMappingHandlerMapping - Mapped to com.company.project.api.controller.menu.MenuController#getLeftMenu(Long)
2026-03-16 16:58:05 [http-nio-8080-exec-7] INFO  c.c.p.a.c.menu.MenuController - getLeftMenu called with menuNo=40
2026-03-16 16:58:05 [http-nio-8080-exec-7] DEBUG o.s.orm.jpa.JpaTransactionManager - Creating new transaction with name [com.company.project.service.menu.MenuService.getSubMenus]: PROPAGATION_REQUIRED,ISOLATION_DEFAULT,readOnly
2026-03-16 16:58:05 [http-nio-8080-exec-7] DEBUG o.s.orm.jpa.JpaTransactionManager - Opened new EntityManager [SessionImpl(935392329<open>)] for JPA transaction
2026-03-16 16:58:05 [http-nio-8080-exec-7] DEBUG o.s.orm.jpa.JpaTransactionManager - Exposing JPA transaction as JDBC [org.springframework.orm.jpa.vendor.HibernateJpaDialect$HibernateConnectionHandle@3bb0f7e5]
2026-03-16 16:58:05 [http-nio-8080-exec-7] DEBUG org.hibernate.SQL - select m1_0.menu_no,m1_0.menu_dc,m1_0.menu_nm,m1_0.menu_ordr,m1_0.modern_route,m1_0.progrm_file_nm,m1_0.relate_image_nm,m1_0.relate_image_path,m1_0.route_updated_at,m1_0.upper_menu_no from nmenuinfo m1_0 order by m1_0.upper_menu_no,m1_0.menu_ordr
2026-03-16 16:58:05 [http-nio-8080-exec-6] DEBUG o.s.orm.jpa.JpaTransactionManager - Initiating transaction commit
2026-03-16 16:58:05 [http-nio-8080-exec-6] DEBUG o.s.orm.jpa.JpaTransactionManager - Committing JPA transaction on EntityManager [SessionImpl(1483453214<open>)]
2026-03-16 16:58:05 [http-nio-8080-exec-6] DEBUG o.s.orm.jpa.JpaTransactionManager - Closing JPA EntityManager [SessionImpl(1483453214<open>)] after transaction
2026-03-16 16:58:05 [http-nio-8080-exec-6] DEBUG c.c.p.s.jwt.JwtAuthenticationFilter - >>> [JwtFilter] Successfully authenticated user: USRCNFRM_99999999999, Authorities: [ROLE_ADMIN]
2026-03-16 16:58:05 [http-nio-8080-exec-6] DEBUG o.s.web.servlet.DispatcherServlet - GET "/api/v1/admin/system/statistics/bbs?statsKind=COM101", parameters={masked}
2026-03-16 16:58:05 [http-nio-8080-exec-6] DEBUG o.s.w.s.h.SimpleUrlHandlerMapping - Mapped to ResourceHttpRequestHandler [classpath [META-INF/resources/], classpath [resources/], classpath [static/], classpath [public/], ServletContext [/]]
2026-03-16 16:58:05 [http-nio-8080-exec-6] DEBUG o.s.w.s.r.ResourceHttpRequestHandler - Resource not found
2026-03-16 16:58:05 [http-nio-8080-exec-6] DEBUG o.s.w.s.m.m.a.ExceptionHandlerExceptionResolver - Using @ExceptionHandler com.company.project.core.exception.GlobalExceptionHandler#handleException(Exception)
2026-03-16 16:58:05 [http-nio-8080-exec-6] ERROR c.c.p.c.e.GlobalExceptionHandler - >>> Internal Server Error: No static resource api/v1/admin/system/statistics/bbs.
org.springframework.web.servlet.resource.NoResourceFoundException: No static resource api/v1/admin/system/statistics/bbs.
	at org.springframework.web.servlet.resource.ResourceHttpRequestHandler.handleRequest(ResourceHttpRequestHandler.java:585)
	at org.springframework.web.servlet.mvc.HttpRequestHandlerAdapter.handle(HttpRequestHandlerAdapter.java:52)
	at org.springframework.web.servlet.DispatcherServlet.doDispatch(DispatcherServlet.java:1088)
	at org.springframework.web.servlet.DispatcherServlet.doService(DispatcherServlet.java:978)
	at org.springframework.web.servlet.FrameworkServlet.processRequest(FrameworkServlet.java:1014)
	at org.springframework.web.servlet.FrameworkServlet.doGet(FrameworkServlet.java:903)
	at jakarta.servlet.http.HttpServlet.service(HttpServlet.java:527)
	at org.springframework.web.servlet.FrameworkServlet.service(FrameworkServlet.java:885)
	at jakarta.servlet.http.HttpServlet.service(HttpServlet.java:614)
	at org.apache.catalina.core.ApplicationFilterChain.internalDoFilter(ApplicationFilterChain.java:195)
	at org.apache.catalina.core.ApplicationFilterChain.doFilter(ApplicationFilterChain.java:140)
	at org.apache.tomcat.websocket.server.WsFilter.doFilter(WsFilter.java:51)
	at org.apache.catalina.core.ApplicationFilterChain.internalDoFilter(ApplicationFilterChain.java:164)
	at org.apache.catalina.core.ApplicationFilterChain.doFilter(ApplicationFilterChain.java:140)
	at org.springframework.web.filter.CompositeFilter$VirtualFilterChain.doFilter(CompositeFilter.java:108)
	at org.springframework.security.web.FilterChainProxy.lambda$doFilterInternal$3(FilterChainProxy.java:231)
	at org.springframework.security.web.ObservationFilterChainDecorator$FilterObservation$SimpleFilterObservation.lambda$wrap$1(ObservationFilterChainDecorator.java:479)
	at org.springframework.security.web.ObservationFilterChainDecorator$AroundFilterObservation$SimpleAroundFilterObservation.lambda$wrap$1(ObservationFilterChainDecorator.java:340)
	at org.springframework.security.web.ObservationFilterChainDecorator.lambda$wrapSecured$0(ObservationFilterChainDecorator.java:82)
	at org.springframework.security.web.ObservationFilterChainDecorator$VirtualFilterChain.doFilter(ObservationFilterChainDecorator.java:128)
	at org.springframework.security.web.access.intercept.AuthorizationFilter.doFilter(AuthorizationFilter.java:101)
	at org.springframework.security.web.ObservationFilterChainDecorator$ObservationFilter.wrapFilter(ObservationFilterChainDecorator.java:240)
	at org.springframework.security.web.ObservationFilterChainDecorator$ObservationFilter.doFilter(ObservationFilterChainDecorator.java:227)
	at org.springframework.security.web.ObservationFilterChainDecorator$VirtualFilterChain.doFilter(ObservationFilterChainDecorator.java:137)
	at org.springframework.security.web.access.ExceptionTranslationFilter.doFilter(ExceptionTranslationFilter.java:126)
	at org.springframework.security.web.access.ExceptionTranslationFilter.doFilter(ExceptionTranslationFilter.java:120)
	at org.springframework.security.web.ObservationFilterChainDecorator$ObservationFilter.wrapFilter(ObservationFilterChainDecorator.java:240)
	at org.springframework.security.web.ObservationFilterChainDecorator$ObservationFilter.doFilter(ObservationFilterChainDecorator.java:227)
	at org.springframework.security.web.ObservationFilterChainDecorator$VirtualFilterChain.doFilter(ObservationFilterChainDecorator.java:137)
	at org.springframework.security.web.session.SessionManagementFilter.doFilter(SessionManagementFilter.java:131)
	at org.springframework.security.web.session.SessionManagementFilter.doFilter(SessionManagementFilter.java:85)
	at org.springframework.security.web.ObservationFilterChainDecorator$ObservationFilter.wrapFilter(ObservationFilterChainDecorator.java:240)
	at org.springframework.security.web.ObservationFilterChainDecorator$ObservationFilter.doFilter(ObservationFilterChainDecorator.java:227)
	at org.springframework.security.web.ObservationFilterChainDecorator$VirtualFilterChain.doFilter(ObservationFilterChainDecorator.java:137)
	at org.springframework.security.web.authentication.AnonymousAuthenticationFilter.doFilter(AnonymousAuthenticationFilter.java:100)
	at org.springframework.security.web.ObservationFilterChainDecorator$ObservationFilter.wrapFilter(ObservationFilterChainDecorator.java:240)
	at org.springframework.security.web.ObservationFilterChainDecorator$ObservationFilter.doFilter(ObservationFilterChainDecorator.java:227)
	at org.springframework.security.web.ObservationFilterChainDecorator$VirtualFilterChain.doFilter(ObservationFilterChainDecorator.java:137)
	at org.springframework.security.web.servletapi.SecurityContextHolderAwareRequestFilter.doFilter(SecurityContextHolderAwareRequestFilter.java:179)
	at org.springframework.security.web.ObservationFilterChainDecorator$ObservationFilter.wrapFilter(ObservationFilterChainDecorator.java:240)
	at org.springframework.security.web.ObservationFilterChainDecorator$ObservationFilter.doFilter(ObservationFilterChainDecorator.java:227)
	at org.springframework.security.web.ObservationFilterChainDecorator$VirtualFilterChain.doFilter(ObservationFilterChainDecorator.java:137)
	at org.springframework.security.web.savedrequest.RequestCacheAwareFilter.doFilter(RequestCacheAwareFilter.java:63)
	at org.springframework.security.web.ObservationFilterChainDecorator$ObservationFilter.wrapFilter(ObservationFilterChainDecorator.java:240)
	at org.springframework.security.web.ObservationFilterChainDecorator$ObservationFilter.doFilter(ObservationFilterChainDecorator.java:227)
	at org.springframework.security.web.ObservationFilterChainDecorator$VirtualFilterChain.doFilter(ObservationFilterChainDecorator.java:137)
	at com.company.project.security.jwt.JwtAuthenticationFilter.doFilterInternal(JwtAuthenticationFilter.java:52)
	at org.springframework.web.filter.OncePerRequestFilter.doFilter(OncePerRequestFilter.java:116)
	at org.springframework.security.web.ObservationFilterChainDecorator$ObservationFilter.wrapFilter(ObservationFilterChainDecorator.java:240)
	at org.springframework.security.web.ObservationFilterChainDecorator$ObservationFilter.doFilter(ObservationFilterChainDecorator.java:227)
	at org.springframework.security.web.ObservationFilterChainDecorator$VirtualFilterChain.doFilter(ObservationFilterChainDecorator.java:137)
	at org.springframework.security.web.authentication.logout.LogoutFilter.doFilter(LogoutFilter.java:107)
	at org.springframework.security.web.authentication.logout.LogoutFilter.doFilter(LogoutFilter.java:93)
	at org.springframework.security.web.ObservationFilterChainDecorator$ObservationFilter.wrapFilter(ObservationFilterChainDecorator.java:240)
	at org.springframework.security.web.ObservationFilterChainDecorator$ObservationFilter.doFilter(ObservationFilterChainDecorator.java:227)
	at org.springframework.security.web.ObservationFilterChainDecorator$VirtualFilterChain.doFilter(ObservationFilterChainDecorator.java:137)
	at org.springframework.web.filter.CorsFilter.doFilterInternal(CorsFilter.java:91)
	at org.springframework.web.filter.OncePerRequestFilter.doFilter(OncePerRequestFilter.java:116)
	at org.springframework.security.web.ObservationFilterChainDecorator$ObservationFilter.wrapFilter(ObservationFilterChainDecorator.java:240)
	at org.springframework.security.web.ObservationFilterChainDecorator$ObservationFilter.doFilter(ObservationFilterChainDecorator.java:227)
	at org.springframework.security.web.ObservationFilterChainDecorator$VirtualFilterChain.doFilter(ObservationFilterChainDecorator.java:137)
	at org.springframework.security.web.header.HeaderWriterFilter.doHeadersAfter(HeaderWriterFilter.java:90)
	at org.springframework.security.web.header.HeaderWriterFilter.doFilterInternal(HeaderWriterFilter.java:75)
	at org.springframework.web.filter.OncePerRequestFilter.doFilter(OncePerRequestFilter.java:116)
	at org.springframework.security.web.ObservationFilterChainDecorator$ObservationFilter.wrapFilter(ObservationFilterChainDecorator.java:240)
	at org.springframework.security.web.ObservationFilterChainDecorator$ObservationFilter.doFilter(ObservationFilterChainDecorator.java:227)
	at org.springframework.security.web.ObservationFilterChainDecorator$VirtualFilterChain.doFilter(ObservationFilterChainDecorator.java:137)
	at org.springframework.security.web.context.SecurityContextHolderFilter.doFilter(SecurityContextHolderFilter.java:82)
	at org.springframework.security.web.context.SecurityContextHolderFilter.doFilter(SecurityContextHolderFilter.java:69)
	at org.springframework.security.web.ObservationFilterChainDecorator$ObservationFilter.wrapFilter(ObservationFilterChainDecorator.java:240)
	at org.springframework.security.web.ObservationFilterChainDecorator$ObservationFilter.doFilter(ObservationFilterChainDecorator.java:227)
	at org.springframework.security.web.ObservationFilterChainDecorator$VirtualFilterChain.doFilter(ObservationFilterChainDecorator.java:137)
	at org.springframework.security.web.context.request.async.WebAsyncManagerIntegrationFilter.doFilterInternal(WebAsyncManagerIntegrationFilter.java:62)
	at org.springframework.web.filter.OncePerRequestFilter.doFilter(OncePerRequestFilter.java:116)
	at org.springframework.security.web.ObservationFilterChainDecorator$ObservationFilter.wrapFilter(ObservationFilterChainDecorator.java:240)
	at org.springframework.security.web.ObservationFilterChainDecorator$ObservationFilter.doFilter(ObservationFilterChainDecorator.java:227)
	at org.springframework.security.web.ObservationFilterChainDecorator$VirtualFilterChain.doFilter(ObservationFilterChainDecorator.java:137)
	at org.springframework.security.web.session.DisableEncodeUrlFilter.doFilterInternal(DisableEncodeUrlFilter.java:42)
	at org.springframework.web.filter.OncePerRequestFilter.doFilter(OncePerRequestFilter.java:116)
	at org.springframework.security.web.ObservationFilterChainDecorator$ObservationFilter.wrapFilter(ObservationFilterChainDecorator.java:240)
	at org.springframework.security.web.ObservationFilterChainDecorator$AroundFilterObservation$SimpleAroundFilterObservation.lambda$wrap$0(ObservationFilterChainDecorator.java:323)
	at org.springframework.security.web.ObservationFilterChainDecorator$ObservationFilter.doFilter(ObservationFilterChainDecorator.java:224)
	at org.springframework.security.web.ObservationFilterChainDecorator$VirtualFilterChain.doFilter(ObservationFilterChainDecorator.java:137)
	at org.springframework.security.web.FilterChainProxy.doFilterInternal(FilterChainProxy.java:233)
	at org.springframework.security.web.FilterChainProxy.doFilter(FilterChainProxy.java:191)
	at org.springframework.web.filter.CompositeFilter$VirtualFilterChain.doFilter(CompositeFilter.java:113)
	at org.springframework.web.servlet.handler.HandlerMappingIntrospector.lambda$createCacheFilter$3(HandlerMappingIntrospector.java:243)
	at org.springframework.web.filter.CompositeFilter$VirtualFilterChain.doFilter(CompositeFilter.java:113)
	at org.springframework.web.filter.CompositeFilter.doFilter(CompositeFilter.java:74)
	at org.springframework.security.config.annotation.web.configuration.WebMvcSecurityConfiguration$CompositeFilterChainProxy.doFilter(WebMvcSecurityConfiguration.java:238)
	at org.springframework.web.filter.DelegatingFilterProxy.invokeDelegate(DelegatingFilterProxy.java:362)
	at org.springframework.web.filter.DelegatingFilterProxy.doFilter(DelegatingFilterProxy.java:278)
	at org.apache.catalina.core.ApplicationFilterChain.internalDoFilter(ApplicationFilterChain.java:164)
	at org.apache.catalina.core.ApplicationFilterChain.doFilter(ApplicationFilterChain.java:140)
	at org.springframework.web.filter.RequestContextFilter.doFilterInternal(RequestContextFilter.java:100)
	at org.springframework.web.filter.OncePerRequestFilter.doFilter(OncePerRequestFilter.java:116)
	at org.apache.catalina.core.ApplicationFilterChain.internalDoFilter(ApplicationFilterChain.java:164)
	at org.apache.catalina.core.ApplicationFilterChain.doFilter(ApplicationFilterChain.java:140)
	at org.springframework.web.filter.FormContentFilter.doFilterInternal(FormContentFilter.java:93)
	at org.springframework.web.filter.OncePerRequestFilter.doFilter(OncePerRequestFilter.java:116)
	at org.apache.catalina.core.ApplicationFilterChain.internalDoFilter(ApplicationFilterChain.java:164)
	at org.apache.catalina.core.ApplicationFilterChain.doFilter(ApplicationFilterChain.java:140)
	at org.springframework.web.filter.ServerHttpObservationFilter.doFilterInternal(ServerHttpObservationFilter.java:114)
	at org.springframework.web.filter.OncePerRequestFilter.doFilter(OncePerRequestFilter.java:116)
	at org.apache.catalina.core.ApplicationFilterChain.internalDoFilter(ApplicationFilterChain.java:164)
	at org.apache.catalina.core.ApplicationFilterChain.doFilter(ApplicationFilterChain.java:140)
	at org.springframework.web.filter.CharacterEncodingFilter.doFilterInternal(CharacterEncodingFilter.java:201)
	at org.springframework.web.filter.OncePerRequestFilter.doFilter(OncePerRequestFilter.java:116)
	at org.apache.catalina.core.ApplicationFilterChain.internalDoFilter(ApplicationFilterChain.java:164)
	at org.apache.catalina.core.ApplicationFilterChain.doFilter(ApplicationFilterChain.java:140)
	at org.apache.catalina.core.StandardWrapperValve.invoke(StandardWrapperValve.java:167)
	at org.apache.catalina.core.StandardContextValve.invoke(StandardContextValve.java:90)
	at org.apache.catalina.authenticator.AuthenticatorBase.invoke(AuthenticatorBase.java:483)
	at org.apache.catalina.core.StandardHostValve.invoke(StandardHostValve.java:115)
	at org.apache.catalina.valves.ErrorReportValve.invoke(ErrorReportValve.java:93)
	at org.apache.catalina.core.StandardEngineValve.invoke(StandardEngineValve.java:74)
	at org.apache.catalina.connector.CoyoteAdapter.service(CoyoteAdapter.java:344)
	at org.apache.coyote.http11.Http11Processor.service(Http11Processor.java:397)
	at org.apache.coyote.AbstractProcessorLight.process(AbstractProcessorLight.java:63)
	at org.apache.coyote.AbstractProtocol$ConnectionHandler.process(AbstractProtocol.java:905)
	at org.apache.tomcat.util.net.NioEndpoint$SocketProcessor.doRun(NioEndpoint.java:1741)
	at org.apache.tomcat.util.net.SocketProcessorBase.run(SocketProcessorBase.java:52)
	at org.apache.tomcat.util.threads.ThreadPoolExecutor.runWorker(ThreadPoolExecutor.java:1190)
	at org.apache.tomcat.util.threads.ThreadPoolExecutor$Worker.run(ThreadPoolExecutor.java:659)
	at org.apache.tomcat.util.threads.TaskThread$WrappingRunnable.run(TaskThread.java:63)
	at java.base/java.lang.Thread.run(Thread.java:1583)
2026-03-16 16:58:05 [http-nio-8080-exec-6] DEBUG o.s.w.s.m.m.a.HttpEntityMethodProcessor - Using 'application/json', given [application/json, text/plain, */*] and supported [application/json, application/*+json, application/yaml]
2026-03-16 16:58:05 [http-nio-8080-exec-6] TRACE o.s.w.s.m.m.a.HttpEntityMethodProcessor - Writing [ApiResponse[success=false, status=500, code=C004, message=예기치 않은 서버 오류가 발생했습니다., data=null, timestamp=2026-03-16T16:58:05.858734400]]
2026-03-16 16:58:05 [http-nio-8080-exec-6] DEBUG o.s.w.s.m.m.a.ExceptionHandlerExceptionResolver - Resolved [org.springframework.web.servlet.resource.NoResourceFoundException: No static resource api/v1/admin/system/statistics/bbs.]
2026-03-16 16:58:05 [http-nio-8080-exec-6] DEBUG o.s.web.servlet.DispatcherServlet - Completed 500 INTERNAL_SERVER_ERROR
2026-03-16 16:58:05 [http-nio-8080-exec-7] DEBUG o.s.orm.jpa.JpaTransactionManager - Found thread-bound EntityManager [SessionImpl(935392329<open>)] for JPA transaction
2026-03-16 16:58:05 [http-nio-8080-exec-7] DEBUG o.s.orm.jpa.JpaTransactionManager - Participating in existing transaction
2026-03-16 16:58:05 [http-nio-8080-exec-7] DEBUG org.hibernate.SQL - select p1_0.progrm_file_nm,p1_0.progrm_dc,p1_0.progrm_korean_nm,p1_0.progrm_stre_path,p1_0.url from nprogrmlist p1_0
2026-03-16 16:58:06 [http-nio-8080-exec-7] DEBUG o.s.orm.jpa.JpaTransactionManager - Initiating transaction commit
2026-03-16 16:58:06 [http-nio-8080-exec-7] DEBUG o.s.orm.jpa.JpaTransactionManager - Committing JPA transaction on EntityManager [SessionImpl(935392329<open>)]
2026-03-16 16:58:06 [http-nio-8080-exec-7] DEBUG o.s.orm.jpa.JpaTransactionManager - Closing JPA EntityManager [SessionImpl(935392329<open>)] after transaction
2026-03-16 16:58:06 [http-nio-8080-exec-7] INFO  c.c.p.a.c.menu.MenuController - getLeftMenu returned 2 items
2026-03-16 16:58:06 [http-nio-8080-exec-7] DEBUG o.s.w.s.m.m.a.HttpEntityMethodProcessor - Using 'application/json', given [application/json, text/plain, */*] and supported [application/json, application/*+json, application/yaml]
2026-03-16 16:58:06 [http-nio-8080-exec-7] TRACE o.s.w.s.m.m.a.HttpEntityMethodProcessor - Writing [ApiResponse[success=true, status=200, code=COMMON_001, message=Success, data={list=[com.company.project.service.menu.dto.MenuDto@883df9e, com.company.project.service.menu.dto.MenuDto@44e29eb4]}, timestamp=2026-03-16T16:58:06.307826400]]
2026-03-16 16:58:06 [http-nio-8080-exec-7] INFO  c.c.p.a.i.OperationalAuditInterceptor - API Audit Log: URL=/api/v1/menu/left, User=webmaster, IP=127.0.0.1
2026-03-16 16:58:06 [http-nio-8080-exec-7] DEBUG o.s.web.servlet.DispatcherServlet - Completed 200 OK
2026-03-16 16:58:06 [http-nio-8080-exec-3] DEBUG c.c.p.s.jwt.JwtAuthenticationFilter - >>> [JwtFilter] Processing request: GET /api/v1/menu/left
2026-03-16 16:58:06 [http-nio-8080-exec-3] DEBUG c.c.p.s.jwt.JwtAuthenticationFilter - >>> [JwtFilter] Found token in header for path: /api/v1/menu/left
2026-03-16 16:58:06 [http-nio-8080-exec-3] DEBUG o.s.orm.jpa.JpaTransactionManager - Creating new transaction with name [com.company.project.security.iam.CustomUserDetailsService.loadUserByUsername]: PROPAGATION_REQUIRED,ISOLATION_DEFAULT,readOnly
2026-03-16 16:58:06 [http-nio-8080-exec-3] DEBUG o.s.orm.jpa.JpaTransactionManager - Opened new EntityManager [SessionImpl(1385770076<open>)] for JPA transaction
2026-03-16 16:58:06 [http-nio-8080-exec-3] DEBUG o.s.orm.jpa.JpaTransactionManager - Exposing JPA transaction as JDBC [org.springframework.orm.jpa.vendor.HibernateJpaDialect$HibernateConnectionHandle@19ee8eae]
2026-03-16 16:58:06 [http-nio-8080-exec-3] DEBUG o.s.orm.jpa.JpaTransactionManager - Found thread-bound EntityManager [SessionImpl(1385770076<open>)] for JPA transaction
2026-03-16 16:58:06 [http-nio-8080-exec-3] DEBUG o.s.orm.jpa.JpaTransactionManager - Participating in existing transaction
2026-03-16 16:58:06 [http-nio-8080-exec-3] DEBUG org.hibernate.SQL - select u1_0.emplyr_id,u1_0.area_no,u1_0.brthdy,u1_0.chg_pwd_cnt,u1_0.frst_register_id,u1_0.frst_regist_pnttm,u1_0.detail_adres,u1_0.email_adres,u1_0.emplyr_sttus_code,u1_0.empl_no,u1_0.esntl_id,u1_0.fxnum,u1_0.group_id,u1_0.house_adres,u1_0.house_end_telno,u1_0.house_middle_telno,u1_0.ihidnum,u1_0.pstinst_code,u1_0.last_updusr_id,u1_0.last_updt_pnttm,u1_0.lock_at,u1_0.lock_cnt,u1_0.lock_last_pnttm,u1_0.mbtlnum,u1_0.ofcps_nm,u1_0.offm_telno,u1_0.orgnzt_id,u1_0.password,u1_0.password_cnsr,u1_0.password_hint,u1_0.chg_pwd_last_pnttm,u1_0.role,u1_0.sbscrb_de,u1_0.sexdstn_code,u1_0.crtfc_dn_value,u1_0.user_nm,u1_0.zip from nemplyrinfo u1_0 where u1_0.emplyr_id=?
2026-03-16 16:58:06 [MessageBroker-10] DEBUG o.s.w.s.s.t.h.DefaultSockJsService - Closed 1 sessions: [nxp10f1q]
2026-03-16 16:58:06 [http-nio-8080-exec-3] DEBUG o.s.orm.jpa.JpaTransactionManager - Found thread-bound EntityManager [SessionImpl(1385770076<open>)] for JPA transaction
2026-03-16 16:58:06 [http-nio-8080-exec-3] DEBUG o.s.orm.jpa.JpaTransactionManager - Participating in existing transaction
2026-03-16 16:58:06 [http-nio-8080-exec-3] DEBUG org.hibernate.SQL - select ua1_0.scrty_dtrmn_trget_id,ua1_0.author_code,ua1_0.frst_register_id,ua1_0.frst_regist_pnttm,ua1_0.last_updusr_id,ua1_0.last_updt_pnttm,ua1_0.mber_ty_code from nemplyrscrtyestbs ua1_0 where ua1_0.scrty_dtrmn_trget_id=?
2026-03-16 16:58:06 [http-nio-8080-exec-3] DEBUG o.s.orm.jpa.JpaTransactionManager - Initiating transaction commit
2026-03-16 16:58:06 [http-nio-8080-exec-3] DEBUG o.s.orm.jpa.JpaTransactionManager - Committing JPA transaction on EntityManager [SessionImpl(1385770076<open>)]
2026-03-16 16:58:06 [http-nio-8080-exec-3] DEBUG o.s.orm.jpa.JpaTransactionManager - Closing JPA EntityManager [SessionImpl(1385770076<open>)] after transaction
2026-03-16 16:58:06 [http-nio-8080-exec-3] DEBUG c.c.p.s.jwt.JwtAuthenticationFilter - >>> [JwtFilter] Successfully authenticated user: USRCNFRM_99999999999, Authorities: [ROLE_ADMIN]
2026-03-16 16:58:06 [http-nio-8080-exec-3] DEBUG o.s.web.servlet.DispatcherServlet - GET "/api/v1/menu/left?menuNo=50", parameters={masked}
2026-03-16 16:58:06 [http-nio-8080-exec-3] TRACE o.s.w.s.m.m.a.RequestMappingHandlerMapping - Mapped to com.company.project.api.controller.menu.MenuController#getLeftMenu(Long)
2026-03-16 16:58:06 [http-nio-8080-exec-3] INFO  c.c.p.a.c.menu.MenuController - getLeftMenu called with menuNo=50
2026-03-16 16:58:06 [http-nio-8080-exec-3] DEBUG o.s.orm.jpa.JpaTransactionManager - Creating new transaction with name [com.company.project.service.menu.MenuService.getSubMenus]: PROPAGATION_REQUIRED,ISOLATION_DEFAULT,readOnly
2026-03-16 16:58:06 [http-nio-8080-exec-3] DEBUG o.s.orm.jpa.JpaTransactionManager - Opened new EntityManager [SessionImpl(1432415801<open>)] for JPA transaction
2026-03-16 16:58:06 [http-nio-8080-exec-3] DEBUG o.s.orm.jpa.JpaTransactionManager - Exposing JPA transaction as JDBC [org.springframework.orm.jpa.vendor.HibernateJpaDialect$HibernateConnectionHandle@360df4cf]
2026-03-16 16:58:06 [http-nio-8080-exec-3] DEBUG org.hibernate.SQL - select m1_0.menu_no,m1_0.menu_dc,m1_0.menu_nm,m1_0.menu_ordr,m1_0.modern_route,m1_0.progrm_file_nm,m1_0.relate_image_nm,m1_0.relate_image_path,m1_0.route_updated_at,m1_0.upper_menu_no from nmenuinfo m1_0 order by m1_0.upper_menu_no,m1_0.menu_ordr
2026-03-16 16:58:07 [http-nio-8080-exec-3] DEBUG o.s.orm.jpa.JpaTransactionManager - Found thread-bound EntityManager [SessionImpl(1432415801<open>)] for JPA transaction
2026-03-16 16:58:07 [http-nio-8080-exec-3] DEBUG o.s.orm.jpa.JpaTransactionManager - Participating in existing transaction
2026-03-16 16:58:07 [http-nio-8080-exec-3] DEBUG org.hibernate.SQL - select p1_0.progrm_file_nm,p1_0.progrm_dc,p1_0.progrm_korean_nm,p1_0.progrm_stre_path,p1_0.url from nprogrmlist p1_0
2026-03-16 16:58:07 [http-nio-8080-exec-3] DEBUG o.s.orm.jpa.JpaTransactionManager - Initiating transaction commit
2026-03-16 16:58:07 [http-nio-8080-exec-3] DEBUG o.s.orm.jpa.JpaTransactionManager - Committing JPA transaction on EntityManager [SessionImpl(1432415801<open>)]
2026-03-16 16:58:07 [http-nio-8080-exec-3] DEBUG o.s.orm.jpa.JpaTransactionManager - Closing JPA EntityManager [SessionImpl(1432415801<open>)] after transaction
2026-03-16 16:58:07 [http-nio-8080-exec-3] INFO  c.c.p.a.c.menu.MenuController - getLeftMenu returned 3 items
2026-03-16 16:58:07 [http-nio-8080-exec-3] DEBUG o.s.w.s.m.m.a.HttpEntityMethodProcessor - Using 'application/json', given [application/json, text/plain, */*] and supported [application/json, application/*+json, application/yaml]
2026-03-16 16:58:07 [http-nio-8080-exec-3] TRACE o.s.w.s.m.m.a.HttpEntityMethodProcessor - Writing [ApiResponse[success=true, status=200, code=COMMON_001, message=Success, data={list=[com.company.project.service.menu.dto.MenuDto@24a3268f, com.company.project.service.menu.dto.MenuDto@57662d03, com.company.project.service.menu.dto.MenuDto@2dd6d6fa]}, timestamp=2026-03-16T16:58:07.625072900]]
2026-03-16 16:58:07 [http-nio-8080-exec-3] INFO  c.c.p.a.i.OperationalAuditInterceptor - API Audit Log: URL=/api/v1/menu/left, User=webmaster, IP=127.0.0.1
2026-03-16 16:58:07 [http-nio-8080-exec-3] DEBUG o.s.web.servlet.DispatcherServlet - Completed 200 OK
2026-03-16 16:58:07 [http-nio-8080-exec-1] DEBUG c.c.p.s.jwt.JwtAuthenticationFilter - >>> [JwtFilter] Processing request: GET /api/v1/menu/left
2026-03-16 16:58:07 [http-nio-8080-exec-1] DEBUG c.c.p.s.jwt.JwtAuthenticationFilter - >>> [JwtFilter] Found token in header for path: /api/v1/menu/left
2026-03-16 16:58:07 [http-nio-8080-exec-1] DEBUG o.s.orm.jpa.JpaTransactionManager - Creating new transaction with name [com.company.project.security.iam.CustomUserDetailsService.loadUserByUsername]: PROPAGATION_REQUIRED,ISOLATION_DEFAULT,readOnly
2026-03-16 16:58:07 [http-nio-8080-exec-1] DEBUG o.s.orm.jpa.JpaTransactionManager - Opened new EntityManager [SessionImpl(1131904569<open>)] for JPA transaction
2026-03-16 16:58:07 [http-nio-8080-exec-1] DEBUG o.s.orm.jpa.JpaTransactionManager - Exposing JPA transaction as JDBC [org.springframework.orm.jpa.vendor.HibernateJpaDialect$HibernateConnectionHandle@756f27fd]
2026-03-16 16:58:07 [http-nio-8080-exec-1] DEBUG o.s.orm.jpa.JpaTransactionManager - Found thread-bound EntityManager [SessionImpl(1131904569<open>)] for JPA transaction
2026-03-16 16:58:07 [http-nio-8080-exec-1] DEBUG o.s.orm.jpa.JpaTransactionManager - Participating in existing transaction
2026-03-16 16:58:07 [http-nio-8080-exec-1] DEBUG org.hibernate.SQL - select u1_0.emplyr_id,u1_0.area_no,u1_0.brthdy,u1_0.chg_pwd_cnt,u1_0.frst_register_id,u1_0.frst_regist_pnttm,u1_0.detail_adres,u1_0.email_adres,u1_0.emplyr_sttus_code,u1_0.empl_no,u1_0.esntl_id,u1_0.fxnum,u1_0.group_id,u1_0.house_adres,u1_0.house_end_telno,u1_0.house_middle_telno,u1_0.ihidnum,u1_0.pstinst_code,u1_0.last_updusr_id,u1_0.last_updt_pnttm,u1_0.lock_at,u1_0.lock_cnt,u1_0.lock_last_pnttm,u1_0.mbtlnum,u1_0.ofcps_nm,u1_0.offm_telno,u1_0.orgnzt_id,u1_0.password,u1_0.password_cnsr,u1_0.password_hint,u1_0.chg_pwd_last_pnttm,u1_0.role,u1_0.sbscrb_de,u1_0.sexdstn_code,u1_0.crtfc_dn_value,u1_0.user_nm,u1_0.zip from nemplyrinfo u1_0 where u1_0.emplyr_id=?
2026-03-16 16:58:07 [http-nio-8080-exec-1] DEBUG o.s.orm.jpa.JpaTransactionManager - Found thread-bound EntityManager [SessionImpl(1131904569<open>)] for JPA transaction
2026-03-16 16:58:07 [http-nio-8080-exec-1] DEBUG o.s.orm.jpa.JpaTransactionManager - Participating in existing transaction
2026-03-16 16:58:07 [http-nio-8080-exec-1] DEBUG org.hibernate.SQL - select ua1_0.scrty_dtrmn_trget_id,ua1_0.author_code,ua1_0.frst_register_id,ua1_0.frst_regist_pnttm,ua1_0.last_updusr_id,ua1_0.last_updt_pnttm,ua1_0.mber_ty_code from nemplyrscrtyestbs ua1_0 where ua1_0.scrty_dtrmn_trget_id=?
2026-03-16 16:58:08 [http-nio-8080-exec-1] DEBUG o.s.orm.jpa.JpaTransactionManager - Initiating transaction commit
2026-03-16 16:58:08 [http-nio-8080-exec-1] DEBUG o.s.orm.jpa.JpaTransactionManager - Committing JPA transaction on EntityManager [SessionImpl(1131904569<open>)]
2026-03-16 16:58:08 [http-nio-8080-exec-1] DEBUG o.s.orm.jpa.JpaTransactionManager - Closing JPA EntityManager [SessionImpl(1131904569<open>)] after transaction
2026-03-16 16:58:08 [http-nio-8080-exec-1] DEBUG c.c.p.s.jwt.JwtAuthenticationFilter - >>> [JwtFilter] Successfully authenticated user: USRCNFRM_99999999999, Authorities: [ROLE_ADMIN]
2026-03-16 16:58:08 [http-nio-8080-exec-1] DEBUG o.s.web.servlet.DispatcherServlet - GET "/api/v1/menu/left?menuNo=60", parameters={masked}
2026-03-16 16:58:08 [http-nio-8080-exec-1] TRACE o.s.w.s.m.m.a.RequestMappingHandlerMapping - Mapped to com.company.project.api.controller.menu.MenuController#getLeftMenu(Long)
2026-03-16 16:58:08 [http-nio-8080-exec-1] INFO  c.c.p.a.c.menu.MenuController - getLeftMenu called with menuNo=60
2026-03-16 16:58:08 [http-nio-8080-exec-1] DEBUG o.s.orm.jpa.JpaTransactionManager - Creating new transaction with name [com.company.project.service.menu.MenuService.getSubMenus]: PROPAGATION_REQUIRED,ISOLATION_DEFAULT,readOnly
2026-03-16 16:58:08 [http-nio-8080-exec-1] DEBUG o.s.orm.jpa.JpaTransactionManager - Opened new EntityManager [SessionImpl(873332355<open>)] for JPA transaction
2026-03-16 16:58:08 [http-nio-8080-exec-1] DEBUG o.s.orm.jpa.JpaTransactionManager - Exposing JPA transaction as JDBC [org.springframework.orm.jpa.vendor.HibernateJpaDialect$HibernateConnectionHandle@28655406]
2026-03-16 16:58:08 [http-nio-8080-exec-1] DEBUG org.hibernate.SQL - select m1_0.menu_no,m1_0.menu_dc,m1_0.menu_nm,m1_0.menu_ordr,m1_0.modern_route,m1_0.progrm_file_nm,m1_0.relate_image_nm,m1_0.relate_image_path,m1_0.route_updated_at,m1_0.upper_menu_no from nmenuinfo m1_0 order by m1_0.upper_menu_no,m1_0.menu_ordr
2026-03-16 16:58:08 [http-nio-8080-exec-1] DEBUG o.s.orm.jpa.JpaTransactionManager - Found thread-bound EntityManager [SessionImpl(873332355<open>)] for JPA transaction
2026-03-16 16:58:08 [http-nio-8080-exec-1] DEBUG o.s.orm.jpa.JpaTransactionManager - Participating in existing transaction
2026-03-16 16:58:08 [http-nio-8080-exec-1] DEBUG org.hibernate.SQL - select p1_0.progrm_file_nm,p1_0.progrm_dc,p1_0.progrm_korean_nm,p1_0.progrm_stre_path,p1_0.url from nprogrmlist p1_0
2026-03-16 16:58:08 [http-nio-8080-exec-1] DEBUG o.s.orm.jpa.JpaTransactionManager - Initiating transaction commit
2026-03-16 16:58:08 [http-nio-8080-exec-1] DEBUG o.s.orm.jpa.JpaTransactionManager - Committing JPA transaction on EntityManager [SessionImpl(873332355<open>)]
2026-03-16 16:58:08 [http-nio-8080-exec-1] DEBUG o.s.orm.jpa.JpaTransactionManager - Closing JPA EntityManager [SessionImpl(873332355<open>)] after transaction
2026-03-16 16:58:08 [http-nio-8080-exec-1] INFO  c.c.p.a.c.menu.MenuController - getLeftMenu returned 1 items
2026-03-16 16:58:08 [http-nio-8080-exec-1] DEBUG o.s.w.s.m.m.a.HttpEntityMethodProcessor - Using 'application/json', given [application/json, text/plain, */*] and supported [application/json, application/*+json, application/yaml]
2026-03-16 16:58:08 [http-nio-8080-exec-1] TRACE o.s.w.s.m.m.a.HttpEntityMethodProcessor - Writing [ApiResponse[success=true, status=200, code=COMMON_001, message=Success, data={list=[com.company.project.service.menu.dto.MenuDto@7ccb86d7]}, timestamp=2026-03-16T16:58:08.842593200]]
2026-03-16 16:58:08 [http-nio-8080-exec-1] INFO  c.c.p.a.i.OperationalAuditInterceptor - API Audit Log: URL=/api/v1/menu/left, User=webmaster, IP=127.0.0.1
2026-03-16 16:58:08 [http-nio-8080-exec-1] DEBUG o.s.web.servlet.DispatcherServlet - Completed 200 OK
2026-03-16 16:58:09 [http-nio-8080-exec-6] DEBUG c.c.p.s.jwt.JwtAuthenticationFilter - >>> [JwtFilter] Processing request: GET /api/v1/menu/head
2026-03-16 16:58:09 [http-nio-8080-exec-6] DEBUG c.c.p.s.jwt.JwtAuthenticationFilter - >>> [JwtFilter] Found token in header for path: /api/v1/menu/head
2026-03-16 16:58:09 [http-nio-8080-exec-6] DEBUG o.s.orm.jpa.JpaTransactionManager - Creating new transaction with name [com.company.project.security.iam.CustomUserDetailsService.loadUserByUsername]: PROPAGATION_REQUIRED,ISOLATION_DEFAULT,readOnly
2026-03-16 16:58:09 [http-nio-8080-exec-6] DEBUG o.s.orm.jpa.JpaTransactionManager - Opened new EntityManager [SessionImpl(2079661140<open>)] for JPA transaction
2026-03-16 16:58:09 [http-nio-8080-exec-6] DEBUG o.s.orm.jpa.JpaTransactionManager - Exposing JPA transaction as JDBC [org.springframework.orm.jpa.vendor.HibernateJpaDialect$HibernateConnectionHandle@34166ee]
2026-03-16 16:58:09 [http-nio-8080-exec-6] DEBUG o.s.orm.jpa.JpaTransactionManager - Found thread-bound EntityManager [SessionImpl(2079661140<open>)] for JPA transaction
2026-03-16 16:58:09 [http-nio-8080-exec-6] DEBUG o.s.orm.jpa.JpaTransactionManager - Participating in existing transaction
2026-03-16 16:58:09 [http-nio-8080-exec-6] DEBUG org.hibernate.SQL - select u1_0.emplyr_id,u1_0.area_no,u1_0.brthdy,u1_0.chg_pwd_cnt,u1_0.frst_register_id,u1_0.frst_regist_pnttm,u1_0.detail_adres,u1_0.email_adres,u1_0.emplyr_sttus_code,u1_0.empl_no,u1_0.esntl_id,u1_0.fxnum,u1_0.group_id,u1_0.house_adres,u1_0.house_end_telno,u1_0.house_middle_telno,u1_0.ihidnum,u1_0.pstinst_code,u1_0.last_updusr_id,u1_0.last_updt_pnttm,u1_0.lock_at,u1_0.lock_cnt,u1_0.lock_last_pnttm,u1_0.mbtlnum,u1_0.ofcps_nm,u1_0.offm_telno,u1_0.orgnzt_id,u1_0.password,u1_0.password_cnsr,u1_0.password_hint,u1_0.chg_pwd_last_pnttm,u1_0.role,u1_0.sbscrb_de,u1_0.sexdstn_code,u1_0.crtfc_dn_value,u1_0.user_nm,u1_0.zip from nemplyrinfo u1_0 where u1_0.emplyr_id=?
2026-03-16 16:58:09 [http-nio-8080-exec-6] DEBUG o.s.orm.jpa.JpaTransactionManager - Found thread-bound EntityManager [SessionImpl(2079661140<open>)] for JPA transaction
2026-03-16 16:58:09 [http-nio-8080-exec-6] DEBUG o.s.orm.jpa.JpaTransactionManager - Participating in existing transaction
2026-03-16 16:58:09 [http-nio-8080-exec-6] DEBUG org.hibernate.SQL - select ua1_0.scrty_dtrmn_trget_id,ua1_0.author_code,ua1_0.frst_register_id,ua1_0.frst_regist_pnttm,ua1_0.last_updusr_id,ua1_0.last_updt_pnttm,ua1_0.mber_ty_code from nemplyrscrtyestbs ua1_0 where ua1_0.scrty_dtrmn_trget_id=?
2026-03-16 16:58:09 [http-nio-8080-exec-6] DEBUG o.s.orm.jpa.JpaTransactionManager - Initiating transaction commit
2026-03-16 16:58:09 [http-nio-8080-exec-6] DEBUG o.s.orm.jpa.JpaTransactionManager - Committing JPA transaction on EntityManager [SessionImpl(2079661140<open>)]
2026-03-16 16:58:10 [http-nio-8080-exec-6] DEBUG o.s.orm.jpa.JpaTransactionManager - Closing JPA EntityManager [SessionImpl(2079661140<open>)] after transaction
2026-03-16 16:58:10 [http-nio-8080-exec-6] DEBUG c.c.p.s.jwt.JwtAuthenticationFilter - >>> [JwtFilter] Successfully authenticated user: USRCNFRM_99999999999, Authorities: [ROLE_ADMIN]
2026-03-16 16:58:10 [http-nio-8080-exec-6] DEBUG o.s.web.servlet.DispatcherServlet - GET "/api/v1/menu/head", parameters={}
2026-03-16 16:58:10 [http-nio-8080-exec-6] TRACE o.s.w.s.m.m.a.RequestMappingHandlerMapping - Mapped to com.company.project.api.controller.menu.MenuController#getHeadMenu()
2026-03-16 16:58:10 [http-nio-8080-exec-6] INFO  c.c.p.a.c.menu.MenuController - getHeadMenu called
2026-03-16 16:58:10 [http-nio-8080-exec-6] INFO  c.c.p.a.c.menu.MenuController - getHeadMenu returned 5 items
2026-03-16 16:58:10 [http-nio-8080-exec-6] DEBUG o.s.w.s.m.m.a.HttpEntityMethodProcessor - Using 'application/json', given [application/json, text/plain, */*] and supported [application/json, application/*+json, application/yaml]
2026-03-16 16:58:10 [http-nio-8080-exec-6] TRACE o.s.w.s.m.m.a.HttpEntityMethodProcessor - Writing [ApiResponse[success=true, status=200, code=COMMON_001, message=Success, data={list=[com.company.project.service.menu.dto.MenuDto@2b80d6b0, com.company.project.service.menu.dto.MenuDto@1418cfa3, com.company.project.service.menu.dto.MenuDto@f230bf1, com.company.project.service.menu.dto.MenuDto@734a7f6a, com.company.project.service.menu.dto.MenuDto@5e5202e5]}, timestamp=2026-03-16T16:58:10.023044500]]
2026-03-16 16:58:10 [http-nio-8080-exec-6] INFO  c.c.p.a.i.OperationalAuditInterceptor - API Audit Log: URL=/api/v1/menu/head, User=webmaster, IP=0:0:0:0:0:0:0:1
2026-03-16 16:58:10 [http-nio-8080-exec-6] DEBUG o.s.web.servlet.DispatcherServlet - Completed 200 OK
2026-03-16 16:58:10 [http-nio-8080-exec-7] DEBUG c.c.p.s.jwt.JwtAuthenticationFilter - >>> [JwtFilter] Processing request: GET /api/v1/menu/left
2026-03-16 16:58:10 [http-nio-8080-exec-7] DEBUG c.c.p.s.jwt.JwtAuthenticationFilter - >>> [JwtFilter] Found token in header for path: /api/v1/menu/left
2026-03-16 16:58:10 [http-nio-8080-exec-7] DEBUG o.s.orm.jpa.JpaTransactionManager - Creating new transaction with name [com.company.project.security.iam.CustomUserDetailsService.loadUserByUsername]: PROPAGATION_REQUIRED,ISOLATION_DEFAULT,readOnly
2026-03-16 16:58:10 [http-nio-8080-exec-7] DEBUG o.s.orm.jpa.JpaTransactionManager - Opened new EntityManager [SessionImpl(1910973398<open>)] for JPA transaction
2026-03-16 16:58:10 [http-nio-8080-exec-2] DEBUG c.c.p.s.jwt.JwtAuthenticationFilter - >>> [JwtFilter] Processing request: GET /api/v1/menu/left
2026-03-16 16:58:10 [http-nio-8080-exec-8] DEBUG c.c.p.s.jwt.JwtAuthenticationFilter - >>> [JwtFilter] Processing request: GET /api/v1/menu/left
2026-03-16 16:58:10 [http-nio-8080-exec-10] DEBUG c.c.p.s.jwt.JwtAuthenticationFilter - >>> [JwtFilter] Processing request: GET /api/v1/menu/left
2026-03-16 16:58:10 [http-nio-8080-exec-4] DEBUG c.c.p.s.jwt.JwtAuthenticationFilter - >>> [JwtFilter] Processing request: GET /api/v1/menu/left
2026-03-16 16:58:10 [http-nio-8080-exec-2] DEBUG c.c.p.s.jwt.JwtAuthenticationFilter - >>> [JwtFilter] Found token in header for path: /api/v1/menu/left
2026-03-16 16:58:10 [http-nio-8080-exec-4] DEBUG c.c.p.s.jwt.JwtAuthenticationFilter - >>> [JwtFilter] Found token in header for path: /api/v1/menu/left
2026-03-16 16:58:10 [http-nio-8080-exec-8] DEBUG c.c.p.s.jwt.JwtAuthenticationFilter - >>> [JwtFilter] Found token in header for path: /api/v1/menu/left
2026-03-16 16:58:10 [http-nio-8080-exec-10] DEBUG c.c.p.s.jwt.JwtAuthenticationFilter - >>> [JwtFilter] Found token in header for path: /api/v1/menu/left
2026-03-16 16:58:10 [http-nio-8080-exec-10] DEBUG o.s.orm.jpa.JpaTransactionManager - Creating new transaction with name [com.company.project.security.iam.CustomUserDetailsService.loadUserByUsername]: PROPAGATION_REQUIRED,ISOLATION_DEFAULT,readOnly
2026-03-16 16:58:10 [http-nio-8080-exec-8] DEBUG o.s.orm.jpa.JpaTransactionManager - Creating new transaction with name [com.company.project.security.iam.CustomUserDetailsService.loadUserByUsername]: PROPAGATION_REQUIRED,ISOLATION_DEFAULT,readOnly
2026-03-16 16:58:10 [http-nio-8080-exec-2] DEBUG o.s.orm.jpa.JpaTransactionManager - Creating new transaction with name [com.company.project.security.iam.CustomUserDetailsService.loadUserByUsername]: PROPAGATION_REQUIRED,ISOLATION_DEFAULT,readOnly
2026-03-16 16:58:10 [http-nio-8080-exec-10] DEBUG o.s.orm.jpa.JpaTransactionManager - Opened new EntityManager [SessionImpl(79009951<open>)] for JPA transaction
2026-03-16 16:58:10 [http-nio-8080-exec-8] DEBUG o.s.orm.jpa.JpaTransactionManager - Opened new EntityManager [SessionImpl(1160751409<open>)] for JPA transaction
2026-03-16 16:58:10 [http-nio-8080-exec-4] DEBUG o.s.orm.jpa.JpaTransactionManager - Creating new transaction with name [com.company.project.security.iam.CustomUserDetailsService.loadUserByUsername]: PROPAGATION_REQUIRED,ISOLATION_DEFAULT,readOnly
2026-03-16 16:58:10 [http-nio-8080-exec-2] DEBUG o.s.orm.jpa.JpaTransactionManager - Opened new EntityManager [SessionImpl(1928487802<open>)] for JPA transaction
2026-03-16 16:58:10 [http-nio-8080-exec-4] DEBUG o.s.orm.jpa.JpaTransactionManager - Opened new EntityManager [SessionImpl(63816589<open>)] for JPA transaction
2026-03-16 16:58:10 [http-nio-8080-exec-4] DEBUG o.s.orm.jpa.JpaTransactionManager - Exposing JPA transaction as JDBC [org.springframework.orm.jpa.vendor.HibernateJpaDialect$HibernateConnectionHandle@2798cce4]
2026-03-16 16:58:10 [http-nio-8080-exec-4] DEBUG o.s.orm.jpa.JpaTransactionManager - Found thread-bound EntityManager [SessionImpl(63816589<open>)] for JPA transaction
2026-03-16 16:58:10 [http-nio-8080-exec-4] DEBUG o.s.orm.jpa.JpaTransactionManager - Participating in existing transaction
2026-03-16 16:58:10 [http-nio-8080-exec-4] DEBUG org.hibernate.SQL - select u1_0.emplyr_id,u1_0.area_no,u1_0.brthdy,u1_0.chg_pwd_cnt,u1_0.frst_register_id,u1_0.frst_regist_pnttm,u1_0.detail_adres,u1_0.email_adres,u1_0.emplyr_sttus_code,u1_0.empl_no,u1_0.esntl_id,u1_0.fxnum,u1_0.group_id,u1_0.house_adres,u1_0.house_end_telno,u1_0.house_middle_telno,u1_0.ihidnum,u1_0.pstinst_code,u1_0.last_updusr_id,u1_0.last_updt_pnttm,u1_0.lock_at,u1_0.lock_cnt,u1_0.lock_last_pnttm,u1_0.mbtlnum,u1_0.ofcps_nm,u1_0.offm_telno,u1_0.orgnzt_id,u1_0.password,u1_0.password_cnsr,u1_0.password_hint,u1_0.chg_pwd_last_pnttm,u1_0.role,u1_0.sbscrb_de,u1_0.sexdstn_code,u1_0.crtfc_dn_value,u1_0.user_nm,u1_0.zip from nemplyrinfo u1_0 where u1_0.emplyr_id=?
2026-03-16 16:58:10 [http-nio-8080-exec-2] DEBUG o.s.orm.jpa.JpaTransactionManager - Exposing JPA transaction as JDBC [org.springframework.orm.jpa.vendor.HibernateJpaDialect$HibernateConnectionHandle@48bc8762]
2026-03-16 16:58:10 [http-nio-8080-exec-7] DEBUG o.s.orm.jpa.JpaTransactionManager - Exposing JPA transaction as JDBC [org.springframework.orm.jpa.vendor.HibernateJpaDialect$HibernateConnectionHandle@1a4b811e]
2026-03-16 16:58:10 [http-nio-8080-exec-2] DEBUG o.s.orm.jpa.JpaTransactionManager - Found thread-bound EntityManager [SessionImpl(1928487802<open>)] for JPA transaction
2026-03-16 16:58:10 [http-nio-8080-exec-2] DEBUG o.s.orm.jpa.JpaTransactionManager - Participating in existing transaction
2026-03-16 16:58:10 [http-nio-8080-exec-2] DEBUG org.hibernate.SQL - select u1_0.emplyr_id,u1_0.area_no,u1_0.brthdy,u1_0.chg_pwd_cnt,u1_0.frst_register_id,u1_0.frst_regist_pnttm,u1_0.detail_adres,u1_0.email_adres,u1_0.emplyr_sttus_code,u1_0.empl_no,u1_0.esntl_id,u1_0.fxnum,u1_0.group_id,u1_0.house_adres,u1_0.house_end_telno,u1_0.house_middle_telno,u1_0.ihidnum,u1_0.pstinst_code,u1_0.last_updusr_id,u1_0.last_updt_pnttm,u1_0.lock_at,u1_0.lock_cnt,u1_0.lock_last_pnttm,u1_0.mbtlnum,u1_0.ofcps_nm,u1_0.offm_telno,u1_0.orgnzt_id,u1_0.password,u1_0.password_cnsr,u1_0.password_hint,u1_0.chg_pwd_last_pnttm,u1_0.role,u1_0.sbscrb_de,u1_0.sexdstn_code,u1_0.crtfc_dn_value,u1_0.user_nm,u1_0.zip from nemplyrinfo u1_0 where u1_0.emplyr_id=?
2026-03-16 16:58:10 [http-nio-8080-exec-7] DEBUG o.s.orm.jpa.JpaTransactionManager - Found thread-bound EntityManager [SessionImpl(1910973398<open>)] for JPA transaction
2026-03-16 16:58:10 [http-nio-8080-exec-7] DEBUG o.s.orm.jpa.JpaTransactionManager - Participating in existing transaction
2026-03-16 16:58:10 [http-nio-8080-exec-7] DEBUG org.hibernate.SQL - select u1_0.emplyr_id,u1_0.area_no,u1_0.brthdy,u1_0.chg_pwd_cnt,u1_0.frst_register_id,u1_0.frst_regist_pnttm,u1_0.detail_adres,u1_0.email_adres,u1_0.emplyr_sttus_code,u1_0.empl_no,u1_0.esntl_id,u1_0.fxnum,u1_0.group_id,u1_0.house_adres,u1_0.house_end_telno,u1_0.house_middle_telno,u1_0.ihidnum,u1_0.pstinst_code,u1_0.last_updusr_id,u1_0.last_updt_pnttm,u1_0.lock_at,u1_0.lock_cnt,u1_0.lock_last_pnttm,u1_0.mbtlnum,u1_0.ofcps_nm,u1_0.offm_telno,u1_0.orgnzt_id,u1_0.password,u1_0.password_cnsr,u1_0.password_hint,u1_0.chg_pwd_last_pnttm,u1_0.role,u1_0.sbscrb_de,u1_0.sexdstn_code,u1_0.crtfc_dn_value,u1_0.user_nm,u1_0.zip from nemplyrinfo u1_0 where u1_0.emplyr_id=?
2026-03-16 16:58:10 [http-nio-8080-exec-8] DEBUG o.s.orm.jpa.JpaTransactionManager - Exposing JPA transaction as JDBC [org.springframework.orm.jpa.vendor.HibernateJpaDialect$HibernateConnectionHandle@267c43cd]
2026-03-16 16:58:10 [http-nio-8080-exec-10] DEBUG o.s.orm.jpa.JpaTransactionManager - Exposing JPA transaction as JDBC [org.springframework.orm.jpa.vendor.HibernateJpaDialect$HibernateConnectionHandle@6d082af9]
2026-03-16 16:58:10 [http-nio-8080-exec-8] DEBUG o.s.orm.jpa.JpaTransactionManager - Found thread-bound EntityManager [SessionImpl(1160751409<open>)] for JPA transaction
2026-03-16 16:58:10 [http-nio-8080-exec-8] DEBUG o.s.orm.jpa.JpaTransactionManager - Participating in existing transaction
2026-03-16 16:58:10 [http-nio-8080-exec-10] DEBUG o.s.orm.jpa.JpaTransactionManager - Found thread-bound EntityManager [SessionImpl(79009951<open>)] for JPA transaction
2026-03-16 16:58:10 [http-nio-8080-exec-10] DEBUG o.s.orm.jpa.JpaTransactionManager - Participating in existing transaction
2026-03-16 16:58:10 [http-nio-8080-exec-8] DEBUG org.hibernate.SQL - select u1_0.emplyr_id,u1_0.area_no,u1_0.brthdy,u1_0.chg_pwd_cnt,u1_0.frst_register_id,u1_0.frst_regist_pnttm,u1_0.detail_adres,u1_0.email_adres,u1_0.emplyr_sttus_code,u1_0.empl_no,u1_0.esntl_id,u1_0.fxnum,u1_0.group_id,u1_0.house_adres,u1_0.house_end_telno,u1_0.house_middle_telno,u1_0.ihidnum,u1_0.pstinst_code,u1_0.last_updusr_id,u1_0.last_updt_pnttm,u1_0.lock_at,u1_0.lock_cnt,u1_0.lock_last_pnttm,u1_0.mbtlnum,u1_0.ofcps_nm,u1_0.offm_telno,u1_0.orgnzt_id,u1_0.password,u1_0.password_cnsr,u1_0.password_hint,u1_0.chg_pwd_last_pnttm,u1_0.role,u1_0.sbscrb_de,u1_0.sexdstn_code,u1_0.crtfc_dn_value,u1_0.user_nm,u1_0.zip from nemplyrinfo u1_0 where u1_0.emplyr_id=?
2026-03-16 16:58:10 [http-nio-8080-exec-10] DEBUG org.hibernate.SQL - select u1_0.emplyr_id,u1_0.area_no,u1_0.brthdy,u1_0.chg_pwd_cnt,u1_0.frst_register_id,u1_0.frst_regist_pnttm,u1_0.detail_adres,u1_0.email_adres,u1_0.emplyr_sttus_code,u1_0.empl_no,u1_0.esntl_id,u1_0.fxnum,u1_0.group_id,u1_0.house_adres,u1_0.house_end_telno,u1_0.house_middle_telno,u1_0.ihidnum,u1_0.pstinst_code,u1_0.last_updusr_id,u1_0.last_updt_pnttm,u1_0.lock_at,u1_0.lock_cnt,u1_0.lock_last_pnttm,u1_0.mbtlnum,u1_0.ofcps_nm,u1_0.offm_telno,u1_0.orgnzt_id,u1_0.password,u1_0.password_cnsr,u1_0.password_hint,u1_0.chg_pwd_last_pnttm,u1_0.role,u1_0.sbscrb_de,u1_0.sexdstn_code,u1_0.crtfc_dn_value,u1_0.user_nm,u1_0.zip from nemplyrinfo u1_0 where u1_0.emplyr_id=?
2026-03-16 16:58:10 [http-nio-8080-exec-4] DEBUG o.s.orm.jpa.JpaTransactionManager - Found thread-bound EntityManager [SessionImpl(63816589<open>)] for JPA transaction
2026-03-16 16:58:10 [http-nio-8080-exec-4] DEBUG o.s.orm.jpa.JpaTransactionManager - Participating in existing transaction
2026-03-16 16:58:10 [http-nio-8080-exec-4] DEBUG org.hibernate.SQL - select ua1_0.scrty_dtrmn_trget_id,ua1_0.author_code,ua1_0.frst_register_id,ua1_0.frst_regist_pnttm,ua1_0.last_updusr_id,ua1_0.last_updt_pnttm,ua1_0.mber_ty_code from nemplyrscrtyestbs ua1_0 where ua1_0.scrty_dtrmn_trget_id=?
2026-03-16 16:58:10 [http-nio-8080-exec-2] DEBUG o.s.orm.jpa.JpaTransactionManager - Found thread-bound EntityManager [SessionImpl(1928487802<open>)] for JPA transaction
2026-03-16 16:58:10 [http-nio-8080-exec-2] DEBUG o.s.orm.jpa.JpaTransactionManager - Participating in existing transaction
2026-03-16 16:58:10 [http-nio-8080-exec-2] DEBUG org.hibernate.SQL - select ua1_0.scrty_dtrmn_trget_id,ua1_0.author_code,ua1_0.frst_register_id,ua1_0.frst_regist_pnttm,ua1_0.last_updusr_id,ua1_0.last_updt_pnttm,ua1_0.mber_ty_code from nemplyrscrtyestbs ua1_0 where ua1_0.scrty_dtrmn_trget_id=?
2026-03-16 16:58:10 [http-nio-8080-exec-7] DEBUG o.s.orm.jpa.JpaTransactionManager - Found thread-bound EntityManager [SessionImpl(1910973398<open>)] for JPA transaction
2026-03-16 16:58:10 [http-nio-8080-exec-7] DEBUG o.s.orm.jpa.JpaTransactionManager - Participating in existing transaction
2026-03-16 16:58:10 [http-nio-8080-exec-7] DEBUG org.hibernate.SQL - select ua1_0.scrty_dtrmn_trget_id,ua1_0.author_code,ua1_0.frst_register_id,ua1_0.frst_regist_pnttm,ua1_0.last_updusr_id,ua1_0.last_updt_pnttm,ua1_0.mber_ty_code from nemplyrscrtyestbs ua1_0 where ua1_0.scrty_dtrmn_trget_id=?
2026-03-16 16:58:10 [http-nio-8080-exec-8] DEBUG o.s.orm.jpa.JpaTransactionManager - Found thread-bound EntityManager [SessionImpl(1160751409<open>)] for JPA transaction
2026-03-16 16:58:10 [http-nio-8080-exec-8] DEBUG o.s.orm.jpa.JpaTransactionManager - Participating in existing transaction
2026-03-16 16:58:10 [http-nio-8080-exec-8] DEBUG org.hibernate.SQL - select ua1_0.scrty_dtrmn_trget_id,ua1_0.author_code,ua1_0.frst_register_id,ua1_0.frst_regist_pnttm,ua1_0.last_updusr_id,ua1_0.last_updt_pnttm,ua1_0.mber_ty_code from nemplyrscrtyestbs ua1_0 where ua1_0.scrty_dtrmn_trget_id=?
2026-03-16 16:58:10 [http-nio-8080-exec-10] DEBUG o.s.orm.jpa.JpaTransactionManager - Found thread-bound EntityManager [SessionImpl(79009951<open>)] for JPA transaction
2026-03-16 16:58:10 [http-nio-8080-exec-10] DEBUG o.s.orm.jpa.JpaTransactionManager - Participating in existing transaction
2026-03-16 16:58:10 [http-nio-8080-exec-10] DEBUG org.hibernate.SQL - select ua1_0.scrty_dtrmn_trget_id,ua1_0.author_code,ua1_0.frst_register_id,ua1_0.frst_regist_pnttm,ua1_0.last_updusr_id,ua1_0.last_updt_pnttm,ua1_0.mber_ty_code from nemplyrscrtyestbs ua1_0 where ua1_0.scrty_dtrmn_trget_id=?
2026-03-16 16:58:10 [http-nio-8080-exec-4] DEBUG o.s.orm.jpa.JpaTransactionManager - Initiating transaction commit
2026-03-16 16:58:10 [http-nio-8080-exec-4] DEBUG o.s.orm.jpa.JpaTransactionManager - Committing JPA transaction on EntityManager [SessionImpl(63816589<open>)]
2026-03-16 16:58:10 [http-nio-8080-exec-2] DEBUG o.s.orm.jpa.JpaTransactionManager - Initiating transaction commit
2026-03-16 16:58:10 [http-nio-8080-exec-2] DEBUG o.s.orm.jpa.JpaTransactionManager - Committing JPA transaction on EntityManager [SessionImpl(1928487802<open>)]
2026-03-16 16:58:10 [http-nio-8080-exec-7] DEBUG o.s.orm.jpa.JpaTransactionManager - Initiating transaction commit
2026-03-16 16:58:10 [http-nio-8080-exec-7] DEBUG o.s.orm.jpa.JpaTransactionManager - Committing JPA transaction on EntityManager [SessionImpl(1910973398<open>)]
2026-03-16 16:58:10 [http-nio-8080-exec-8] DEBUG o.s.orm.jpa.JpaTransactionManager - Initiating transaction commit
2026-03-16 16:58:10 [http-nio-8080-exec-10] DEBUG o.s.orm.jpa.JpaTransactionManager - Initiating transaction commit
2026-03-16 16:58:10 [http-nio-8080-exec-8] DEBUG o.s.orm.jpa.JpaTransactionManager - Committing JPA transaction on EntityManager [SessionImpl(1160751409<open>)]
2026-03-16 16:58:10 [http-nio-8080-exec-10] DEBUG o.s.orm.jpa.JpaTransactionManager - Committing JPA transaction on EntityManager [SessionImpl(79009951<open>)]
2026-03-16 16:58:10 [http-nio-8080-exec-4] DEBUG o.s.orm.jpa.JpaTransactionManager - Closing JPA EntityManager [SessionImpl(63816589<open>)] after transaction
2026-03-16 16:58:10 [http-nio-8080-exec-4] DEBUG c.c.p.s.jwt.JwtAuthenticationFilter - >>> [JwtFilter] Successfully authenticated user: USRCNFRM_99999999999, Authorities: [ROLE_ADMIN]
2026-03-16 16:58:10 [http-nio-8080-exec-4] DEBUG o.s.web.servlet.DispatcherServlet - GET "/api/v1/menu/left?menuNo=40", parameters={masked}
2026-03-16 16:58:10 [http-nio-8080-exec-4] TRACE o.s.w.s.m.m.a.RequestMappingHandlerMapping - Mapped to com.company.project.api.controller.menu.MenuController#getLeftMenu(Long)
2026-03-16 16:58:10 [http-nio-8080-exec-4] INFO  c.c.p.a.c.menu.MenuController - getLeftMenu called with menuNo=40
2026-03-16 16:58:10 [http-nio-8080-exec-4] DEBUG o.s.orm.jpa.JpaTransactionManager - Creating new transaction with name [com.company.project.service.menu.MenuService.getSubMenus]: PROPAGATION_REQUIRED,ISOLATION_DEFAULT,readOnly
2026-03-16 16:58:10 [http-nio-8080-exec-4] DEBUG o.s.orm.jpa.JpaTransactionManager - Opened new EntityManager [SessionImpl(1442950695<open>)] for JPA transaction
2026-03-16 16:58:10 [http-nio-8080-exec-4] DEBUG o.s.orm.jpa.JpaTransactionManager - Exposing JPA transaction as JDBC [org.springframework.orm.jpa.vendor.HibernateJpaDialect$HibernateConnectionHandle@38753d7c]
2026-03-16 16:58:10 [http-nio-8080-exec-2] DEBUG o.s.orm.jpa.JpaTransactionManager - Closing JPA EntityManager [SessionImpl(1928487802<open>)] after transaction
2026-03-16 16:58:10 [http-nio-8080-exec-2] DEBUG c.c.p.s.jwt.JwtAuthenticationFilter - >>> [JwtFilter] Successfully authenticated user: USRCNFRM_99999999999, Authorities: [ROLE_ADMIN]
2026-03-16 16:58:10 [http-nio-8080-exec-2] DEBUG o.s.web.servlet.DispatcherServlet - GET "/api/v1/menu/left?menuNo=50", parameters={masked}
2026-03-16 16:58:10 [http-nio-8080-exec-2] TRACE o.s.w.s.m.m.a.RequestMappingHandlerMapping - Mapped to com.company.project.api.controller.menu.MenuController#getLeftMenu(Long)
2026-03-16 16:58:10 [http-nio-8080-exec-4] DEBUG org.hibernate.SQL - select m1_0.menu_no,m1_0.menu_dc,m1_0.menu_nm,m1_0.menu_ordr,m1_0.modern_route,m1_0.progrm_file_nm,m1_0.relate_image_nm,m1_0.relate_image_path,m1_0.route_updated_at,m1_0.upper_menu_no from nmenuinfo m1_0 order by m1_0.upper_menu_no,m1_0.menu_ordr
2026-03-16 16:58:10 [http-nio-8080-exec-2] INFO  c.c.p.a.c.menu.MenuController - getLeftMenu called with menuNo=50
2026-03-16 16:58:10 [http-nio-8080-exec-2] DEBUG o.s.orm.jpa.JpaTransactionManager - Creating new transaction with name [com.company.project.service.menu.MenuService.getSubMenus]: PROPAGATION_REQUIRED,ISOLATION_DEFAULT,readOnly
2026-03-16 16:58:10 [http-nio-8080-exec-2] DEBUG o.s.orm.jpa.JpaTransactionManager - Opened new EntityManager [SessionImpl(585300039<open>)] for JPA transaction
2026-03-16 16:58:10 [http-nio-8080-exec-2] DEBUG o.s.orm.jpa.JpaTransactionManager - Exposing JPA transaction as JDBC [org.springframework.orm.jpa.vendor.HibernateJpaDialect$HibernateConnectionHandle@1fcda67b]
2026-03-16 16:58:10 [http-nio-8080-exec-2] DEBUG org.hibernate.SQL - select m1_0.menu_no,m1_0.menu_dc,m1_0.menu_nm,m1_0.menu_ordr,m1_0.modern_route,m1_0.progrm_file_nm,m1_0.relate_image_nm,m1_0.relate_image_path,m1_0.route_updated_at,m1_0.upper_menu_no from nmenuinfo m1_0 order by m1_0.upper_menu_no,m1_0.menu_ordr
2026-03-16 16:58:10 [http-nio-8080-exec-7] DEBUG o.s.orm.jpa.JpaTransactionManager - Closing JPA EntityManager [SessionImpl(1910973398<open>)] after transaction
2026-03-16 16:58:10 [http-nio-8080-exec-7] DEBUG c.c.p.s.jwt.JwtAuthenticationFilter - >>> [JwtFilter] Successfully authenticated user: USRCNFRM_99999999999, Authorities: [ROLE_ADMIN]
2026-03-16 16:58:10 [http-nio-8080-exec-7] DEBUG o.s.web.servlet.DispatcherServlet - GET "/api/v1/menu/left?menuNo=10", parameters={masked}
2026-03-16 16:58:10 [http-nio-8080-exec-7] TRACE o.s.w.s.m.m.a.RequestMappingHandlerMapping - Mapped to com.company.project.api.controller.menu.MenuController#getLeftMenu(Long)
2026-03-16 16:58:10 [http-nio-8080-exec-7] INFO  c.c.p.a.c.menu.MenuController - getLeftMenu called with menuNo=10
2026-03-16 16:58:10 [http-nio-8080-exec-7] DEBUG o.s.orm.jpa.JpaTransactionManager - Creating new transaction with name [com.company.project.service.menu.MenuService.getSubMenus]: PROPAGATION_REQUIRED,ISOLATION_DEFAULT,readOnly
2026-03-16 16:58:10 [http-nio-8080-exec-7] DEBUG o.s.orm.jpa.JpaTransactionManager - Opened new EntityManager [SessionImpl(184712834<open>)] for JPA transaction
2026-03-16 16:58:10 [http-nio-8080-exec-7] DEBUG o.s.orm.jpa.JpaTransactionManager - Exposing JPA transaction as JDBC [org.springframework.orm.jpa.vendor.HibernateJpaDialect$HibernateConnectionHandle@54527b3d]
2026-03-16 16:58:10 [http-nio-8080-exec-7] DEBUG org.hibernate.SQL - select m1_0.menu_no,m1_0.menu_dc,m1_0.menu_nm,m1_0.menu_ordr,m1_0.modern_route,m1_0.progrm_file_nm,m1_0.relate_image_nm,m1_0.relate_image_path,m1_0.route_updated_at,m1_0.upper_menu_no from nmenuinfo m1_0 order by m1_0.upper_menu_no,m1_0.menu_ordr
2026-03-16 16:58:10 [http-nio-8080-exec-8] DEBUG o.s.orm.jpa.JpaTransactionManager - Closing JPA EntityManager [SessionImpl(1160751409<open>)] after transaction
2026-03-16 16:58:10 [http-nio-8080-exec-8] DEBUG c.c.p.s.jwt.JwtAuthenticationFilter - >>> [JwtFilter] Successfully authenticated user: USRCNFRM_99999999999, Authorities: [ROLE_ADMIN]
2026-03-16 16:58:10 [http-nio-8080-exec-10] DEBUG o.s.orm.jpa.JpaTransactionManager - Closing JPA EntityManager [SessionImpl(79009951<open>)] after transaction
2026-03-16 16:58:10 [http-nio-8080-exec-10] DEBUG c.c.p.s.jwt.JwtAuthenticationFilter - >>> [JwtFilter] Successfully authenticated user: USRCNFRM_99999999999, Authorities: [ROLE_ADMIN]
2026-03-16 16:58:10 [http-nio-8080-exec-8] DEBUG o.s.web.servlet.DispatcherServlet - GET "/api/v1/menu/left?menuNo=20", parameters={masked}
2026-03-16 16:58:10 [http-nio-8080-exec-10] DEBUG o.s.web.servlet.DispatcherServlet - GET "/api/v1/menu/left?menuNo=60", parameters={masked}
2026-03-16 16:58:10 [http-nio-8080-exec-8] TRACE o.s.w.s.m.m.a.RequestMappingHandlerMapping - Mapped to com.company.project.api.controller.menu.MenuController#getLeftMenu(Long)
2026-03-16 16:58:10 [http-nio-8080-exec-10] TRACE o.s.w.s.m.m.a.RequestMappingHandlerMapping - Mapped to com.company.project.api.controller.menu.MenuController#getLeftMenu(Long)
2026-03-16 16:58:10 [http-nio-8080-exec-10] INFO  c.c.p.a.c.menu.MenuController - getLeftMenu called with menuNo=60
2026-03-16 16:58:10 [http-nio-8080-exec-8] INFO  c.c.p.a.c.menu.MenuController - getLeftMenu called with menuNo=20
2026-03-16 16:58:10 [http-nio-8080-exec-10] DEBUG o.s.orm.jpa.JpaTransactionManager - Creating new transaction with name [com.company.project.service.menu.MenuService.getSubMenus]: PROPAGATION_REQUIRED,ISOLATION_DEFAULT,readOnly
2026-03-16 16:58:10 [http-nio-8080-exec-8] DEBUG o.s.orm.jpa.JpaTransactionManager - Creating new transaction with name [com.company.project.service.menu.MenuService.getSubMenus]: PROPAGATION_REQUIRED,ISOLATION_DEFAULT,readOnly
2026-03-16 16:58:10 [http-nio-8080-exec-10] DEBUG o.s.orm.jpa.JpaTransactionManager - Opened new EntityManager [SessionImpl(162704908<open>)] for JPA transaction
2026-03-16 16:58:10 [http-nio-8080-exec-8] DEBUG o.s.orm.jpa.JpaTransactionManager - Opened new EntityManager [SessionImpl(1184374980<open>)] for JPA transaction
2026-03-16 16:58:10 [http-nio-8080-exec-10] DEBUG o.s.orm.jpa.JpaTransactionManager - Exposing JPA transaction as JDBC [org.springframework.orm.jpa.vendor.HibernateJpaDialect$HibernateConnectionHandle@40dcb9a9]
2026-03-16 16:58:10 [http-nio-8080-exec-8] DEBUG o.s.orm.jpa.JpaTransactionManager - Exposing JPA transaction as JDBC [org.springframework.orm.jpa.vendor.HibernateJpaDialect$HibernateConnectionHandle@2948aec8]
2026-03-16 16:58:10 [http-nio-8080-exec-10] DEBUG org.hibernate.SQL - select m1_0.menu_no,m1_0.menu_dc,m1_0.menu_nm,m1_0.menu_ordr,m1_0.modern_route,m1_0.progrm_file_nm,m1_0.relate_image_nm,m1_0.relate_image_path,m1_0.route_updated_at,m1_0.upper_menu_no from nmenuinfo m1_0 order by m1_0.upper_menu_no,m1_0.menu_ordr
2026-03-16 16:58:10 [http-nio-8080-exec-8] DEBUG org.hibernate.SQL - select m1_0.menu_no,m1_0.menu_dc,m1_0.menu_nm,m1_0.menu_ordr,m1_0.modern_route,m1_0.progrm_file_nm,m1_0.relate_image_nm,m1_0.relate_image_path,m1_0.route_updated_at,m1_0.upper_menu_no from nmenuinfo m1_0 order by m1_0.upper_menu_no,m1_0.menu_ordr
2026-03-16 16:58:10 [http-nio-8080-exec-4] DEBUG o.s.orm.jpa.JpaTransactionManager - Found thread-bound EntityManager [SessionImpl(1442950695<open>)] for JPA transaction
2026-03-16 16:58:10 [http-nio-8080-exec-4] DEBUG o.s.orm.jpa.JpaTransactionManager - Participating in existing transaction
2026-03-16 16:58:10 [http-nio-8080-exec-4] DEBUG org.hibernate.SQL - select p1_0.progrm_file_nm,p1_0.progrm_dc,p1_0.progrm_korean_nm,p1_0.progrm_stre_path,p1_0.url from nprogrmlist p1_0
2026-03-16 16:58:10 [http-nio-8080-exec-2] DEBUG o.s.orm.jpa.JpaTransactionManager - Found thread-bound EntityManager [SessionImpl(585300039<open>)] for JPA transaction
2026-03-16 16:58:10 [http-nio-8080-exec-2] DEBUG o.s.orm.jpa.JpaTransactionManager - Participating in existing transaction
2026-03-16 16:58:10 [http-nio-8080-exec-2] DEBUG org.hibernate.SQL - select p1_0.progrm_file_nm,p1_0.progrm_dc,p1_0.progrm_korean_nm,p1_0.progrm_stre_path,p1_0.url from nprogrmlist p1_0
2026-03-16 16:58:10 [http-nio-8080-exec-7] DEBUG o.s.orm.jpa.JpaTransactionManager - Found thread-bound EntityManager [SessionImpl(184712834<open>)] for JPA transaction
2026-03-16 16:58:10 [http-nio-8080-exec-7] DEBUG o.s.orm.jpa.JpaTransactionManager - Participating in existing transaction
2026-03-16 16:58:10 [http-nio-8080-exec-7] DEBUG org.hibernate.SQL - select p1_0.progrm_file_nm,p1_0.progrm_dc,p1_0.progrm_korean_nm,p1_0.progrm_stre_path,p1_0.url from nprogrmlist p1_0
2026-03-16 16:58:10 [http-nio-8080-exec-8] DEBUG o.s.orm.jpa.JpaTransactionManager - Found thread-bound EntityManager [SessionImpl(1184374980<open>)] for JPA transaction
2026-03-16 16:58:10 [http-nio-8080-exec-8] DEBUG o.s.orm.jpa.JpaTransactionManager - Participating in existing transaction
2026-03-16 16:58:10 [http-nio-8080-exec-10] DEBUG o.s.orm.jpa.JpaTransactionManager - Found thread-bound EntityManager [SessionImpl(162704908<open>)] for JPA transaction
2026-03-16 16:58:10 [http-nio-8080-exec-10] DEBUG o.s.orm.jpa.JpaTransactionManager - Participating in existing transaction
2026-03-16 16:58:10 [http-nio-8080-exec-8] DEBUG org.hibernate.SQL - select p1_0.progrm_file_nm,p1_0.progrm_dc,p1_0.progrm_korean_nm,p1_0.progrm_stre_path,p1_0.url from nprogrmlist p1_0
2026-03-16 16:58:10 [http-nio-8080-exec-10] DEBUG org.hibernate.SQL - select p1_0.progrm_file_nm,p1_0.progrm_dc,p1_0.progrm_korean_nm,p1_0.progrm_stre_path,p1_0.url from nprogrmlist p1_0
2026-03-16 16:58:11 [http-nio-8080-exec-4] DEBUG o.s.orm.jpa.JpaTransactionManager - Initiating transaction commit
2026-03-16 16:58:11 [http-nio-8080-exec-4] DEBUG o.s.orm.jpa.JpaTransactionManager - Committing JPA transaction on EntityManager [SessionImpl(1442950695<open>)]
2026-03-16 16:58:11 [http-nio-8080-exec-2] DEBUG o.s.orm.jpa.JpaTransactionManager - Initiating transaction commit
2026-03-16 16:58:11 [http-nio-8080-exec-2] DEBUG o.s.orm.jpa.JpaTransactionManager - Committing JPA transaction on EntityManager [SessionImpl(585300039<open>)]
2026-03-16 16:58:11 [http-nio-8080-exec-7] DEBUG o.s.orm.jpa.JpaTransactionManager - Initiating transaction commit
2026-03-16 16:58:11 [http-nio-8080-exec-7] DEBUG o.s.orm.jpa.JpaTransactionManager - Committing JPA transaction on EntityManager [SessionImpl(184712834<open>)]
2026-03-16 16:58:11 [http-nio-8080-exec-10] DEBUG o.s.orm.jpa.JpaTransactionManager - Initiating transaction commit
2026-03-16 16:58:11 [http-nio-8080-exec-10] DEBUG o.s.orm.jpa.JpaTransactionManager - Committing JPA transaction on EntityManager [SessionImpl(162704908<open>)]
2026-03-16 16:58:11 [http-nio-8080-exec-4] DEBUG o.s.orm.jpa.JpaTransactionManager - Closing JPA EntityManager [SessionImpl(1442950695<open>)] after transaction
2026-03-16 16:58:11 [http-nio-8080-exec-4] INFO  c.c.p.a.c.menu.MenuController - getLeftMenu returned 2 items
2026-03-16 16:58:11 [http-nio-8080-exec-4] DEBUG o.s.w.s.m.m.a.HttpEntityMethodProcessor - Using 'application/json', given [application/json, text/plain, */*] and supported [application/json, application/*+json, application/yaml]
2026-03-16 16:58:11 [http-nio-8080-exec-4] TRACE o.s.w.s.m.m.a.HttpEntityMethodProcessor - Writing [ApiResponse[success=true, status=200, code=COMMON_001, message=Success, data={list=[com.company.project.service.menu.dto.MenuDto@1eb69ee8, com.company.project.service.menu.dto.MenuDto@12b18c04]}, timestamp=2026-03-16T16:58:11.240977200]]
2026-03-16 16:58:11 [http-nio-8080-exec-4] INFO  c.c.p.a.i.OperationalAuditInterceptor - API Audit Log: URL=/api/v1/menu/left, User=webmaster, IP=0:0:0:0:0:0:0:1
2026-03-16 16:58:11 [http-nio-8080-exec-4] DEBUG o.s.web.servlet.DispatcherServlet - Completed 200 OK
2026-03-16 16:58:11 [http-nio-8080-exec-2] DEBUG o.s.orm.jpa.JpaTransactionManager - Closing JPA EntityManager [SessionImpl(585300039<open>)] after transaction
2026-03-16 16:58:11 [http-nio-8080-exec-2] INFO  c.c.p.a.c.menu.MenuController - getLeftMenu returned 3 items
2026-03-16 16:58:11 [http-nio-8080-exec-2] DEBUG o.s.w.s.m.m.a.HttpEntityMethodProcessor - Using 'application/json', given [application/json, text/plain, */*] and supported [application/json, application/*+json, application/yaml]
2026-03-16 16:58:11 [http-nio-8080-exec-2] TRACE o.s.w.s.m.m.a.HttpEntityMethodProcessor - Writing [ApiResponse[success=true, status=200, code=COMMON_001, message=Success, data={list=[com.company.project.service.menu.dto.MenuDto@56347933, com.company.project.service.menu.dto.MenuDto@35ef312, com.company.project.service.menu.dto.MenuDto@7e546d]}, timestamp=2026-03-16T16:58:11.245000500]]
2026-03-16 16:58:11 [http-nio-8080-exec-2] INFO  c.c.p.a.i.OperationalAuditInterceptor - API Audit Log: URL=/api/v1/menu/left, User=webmaster, IP=0:0:0:0:0:0:0:1
2026-03-16 16:58:11 [http-nio-8080-exec-2] DEBUG o.s.web.servlet.DispatcherServlet - Completed 200 OK
2026-03-16 16:58:11 [http-nio-8080-exec-7] DEBUG o.s.orm.jpa.JpaTransactionManager - Closing JPA EntityManager [SessionImpl(184712834<open>)] after transaction
2026-03-16 16:58:11 [http-nio-8080-exec-7] INFO  c.c.p.a.c.menu.MenuController - getLeftMenu returned 5 items
2026-03-16 16:58:11 [http-nio-8080-exec-7] DEBUG o.s.w.s.m.m.a.HttpEntityMethodProcessor - Using 'application/json', given [application/json, text/plain, */*] and supported [application/json, application/*+json, application/yaml]
2026-03-16 16:58:11 [http-nio-8080-exec-7] TRACE o.s.w.s.m.m.a.HttpEntityMethodProcessor - Writing [ApiResponse[success=true, status=200, code=COMMON_001, message=Success, data={list=[com.company.project.service.menu.dto.MenuDto@61cf1425, com.company.project.service.menu.dto.MenuDto@73aaf6a, com.company.project.service.menu.dto.MenuDto@1520f50e, com.company.project.service.menu.dto.MenuDto@7439092b, com.company.project.service.menu.dto.MenuDto@6d4e45b5]}, timestamp=2026-03-16T16:58:11.280234500]]
2026-03-16 16:58:11 [http-nio-8080-exec-7] INFO  c.c.p.a.i.OperationalAuditInterceptor - API Audit Log: URL=/api/v1/menu/left, User=webmaster, IP=0:0:0:0:0:0:0:1
2026-03-16 16:58:11 [http-nio-8080-exec-7] DEBUG o.s.web.servlet.DispatcherServlet - Completed 200 OK
2026-03-16 16:58:11 [http-nio-8080-exec-8] DEBUG o.s.orm.jpa.JpaTransactionManager - Initiating transaction commit
2026-03-16 16:58:11 [http-nio-8080-exec-8] DEBUG o.s.orm.jpa.JpaTransactionManager - Committing JPA transaction on EntityManager [SessionImpl(1184374980<open>)]
2026-03-16 16:58:11 [http-nio-8080-exec-10] DEBUG o.s.orm.jpa.JpaTransactionManager - Closing JPA EntityManager [SessionImpl(162704908<open>)] after transaction
2026-03-16 16:58:11 [http-nio-8080-exec-10] INFO  c.c.p.a.c.menu.MenuController - getLeftMenu returned 1 items
2026-03-16 16:58:11 [http-nio-8080-exec-10] DEBUG o.s.w.s.m.m.a.HttpEntityMethodProcessor - Using 'application/json', given [application/json, text/plain, */*] and supported [application/json, application/*+json, application/yaml]
2026-03-16 16:58:11 [http-nio-8080-exec-10] TRACE o.s.w.s.m.m.a.HttpEntityMethodProcessor - Writing [ApiResponse[success=true, status=200, code=COMMON_001, message=Success, data={list=[com.company.project.service.menu.dto.MenuDto@22d39cb1]}, timestamp=2026-03-16T16:58:11.286149400]]
2026-03-16 16:58:11 [http-nio-8080-exec-10] INFO  c.c.p.a.i.OperationalAuditInterceptor - API Audit Log: URL=/api/v1/menu/left, User=webmaster, IP=0:0:0:0:0:0:0:1
2026-03-16 16:58:11 [http-nio-8080-exec-10] DEBUG o.s.web.servlet.DispatcherServlet - Completed 200 OK
2026-03-16 16:58:11 [http-nio-8080-exec-8] DEBUG o.s.orm.jpa.JpaTransactionManager - Closing JPA EntityManager [SessionImpl(1184374980<open>)] after transaction
2026-03-16 16:58:11 [http-nio-8080-exec-8] INFO  c.c.p.a.c.menu.MenuController - getLeftMenu returned 3 items
2026-03-16 16:58:11 [http-nio-8080-exec-8] DEBUG o.s.w.s.m.m.a.HttpEntityMethodProcessor - Using 'application/json', given [application/json, text/plain, */*] and supported [application/json, application/*+json, application/yaml]
2026-03-16 16:58:11 [http-nio-8080-exec-8] TRACE o.s.w.s.m.m.a.HttpEntityMethodProcessor - Writing [ApiResponse[success=true, status=200, code=COMMON_001, message=Success, data={list=[com.company.project.service.menu.dto.MenuDto@debf632, com.company.project.service.menu.dto.MenuDto@62e0d703, com.company.project.service.menu.dto.MenuDto@63675a7c]}, timestamp=2026-03-16T16:58:11.437892]]
2026-03-16 16:58:11 [http-nio-8080-exec-8] INFO  c.c.p.a.i.OperationalAuditInterceptor - API Audit Log: URL=/api/v1/menu/left, User=webmaster, IP=0:0:0:0:0:0:0:1
2026-03-16 16:58:11 [http-nio-8080-exec-8] DEBUG o.s.web.servlet.DispatcherServlet - Completed 200 OK
2026-03-16 16:58:11 [http-nio-8080-exec-5] DEBUG o.s.w.s.h.LoggingWebSocketHandlerDecorator - WebSocketServerSockJsSession[id=a20tzotq] closed with CloseStatus[code=1000, reason=null]
2026-03-16 16:58:11 [http-nio-8080-exec-5] DEBUG o.s.w.s.m.SubProtocolWebSocketHandler - Clearing session a20tzotq
2026-03-16 16:58:11 [scheduling-1] DEBUG org.springframework.web.SimpLogging - Processing DISCONNECT session=a20tzotq
2026-03-16 16:58:11 [scheduling-1] DEBUG o.s.w.s.m.SubProtocolWebSocketHandler - No session for GenericMessage [payload=byte[0], headers={simpMessageType=DISCONNECT_ACK, simpDisconnectMessage=GenericMessage [payload=byte[0], headers={simpMessageType=DISCONNECT, stompCommand=DISCONNECT, simpSessionAttributes={org.springframework.messaging.simp.SimpAttributes.COMPLETED=true}, simpSessionId=a20tzotq}], simpSessionId=a20tzotq}]
2026-03-16 16:58:12 [http-nio-8080-exec-1] DEBUG c.c.p.s.jwt.JwtAuthenticationFilter - >>> [JwtFilter] Processing request: GET /api/v1/dashboard
2026-03-16 16:58:12 [http-nio-8080-exec-3] DEBUG c.c.p.s.jwt.JwtAuthenticationFilter - >>> [JwtFilter] Processing request: GET /api/v1/menu/head
2026-03-16 16:58:12 [http-nio-8080-exec-1] DEBUG c.c.p.s.jwt.JwtAuthenticationFilter - >>> [JwtFilter] Found token in header for path: /api/v1/dashboard
2026-03-16 16:58:12 [http-nio-8080-exec-3] DEBUG c.c.p.s.jwt.JwtAuthenticationFilter - >>> [JwtFilter] Found token in header for path: /api/v1/menu/head
2026-03-16 16:58:12 [http-nio-8080-exec-3] DEBUG o.s.orm.jpa.JpaTransactionManager - Creating new transaction with name [com.company.project.security.iam.CustomUserDetailsService.loadUserByUsername]: PROPAGATION_REQUIRED,ISOLATION_DEFAULT,readOnly
2026-03-16 16:58:12 [http-nio-8080-exec-3] DEBUG o.s.orm.jpa.JpaTransactionManager - Opened new EntityManager [SessionImpl(860849724<open>)] for JPA transaction
2026-03-16 16:58:12 [http-nio-8080-exec-1] DEBUG o.s.orm.jpa.JpaTransactionManager - Creating new transaction with name [com.company.project.security.iam.CustomUserDetailsService.loadUserByUsername]: PROPAGATION_REQUIRED,ISOLATION_DEFAULT,readOnly
2026-03-16 16:58:12 [http-nio-8080-exec-1] DEBUG o.s.orm.jpa.JpaTransactionManager - Opened new EntityManager [SessionImpl(469913160<open>)] for JPA transaction
2026-03-16 16:58:12 [http-nio-8080-exec-1] DEBUG o.s.orm.jpa.JpaTransactionManager - Exposing JPA transaction as JDBC [org.springframework.orm.jpa.vendor.HibernateJpaDialect$HibernateConnectionHandle@30237ab6]
2026-03-16 16:58:12 [http-nio-8080-exec-1] DEBUG o.s.orm.jpa.JpaTransactionManager - Found thread-bound EntityManager [SessionImpl(469913160<open>)] for JPA transaction
2026-03-16 16:58:12 [http-nio-8080-exec-1] DEBUG o.s.orm.jpa.JpaTransactionManager - Participating in existing transaction
2026-03-16 16:58:12 [http-nio-8080-exec-1] DEBUG org.hibernate.SQL - select u1_0.emplyr_id,u1_0.area_no,u1_0.brthdy,u1_0.chg_pwd_cnt,u1_0.frst_register_id,u1_0.frst_regist_pnttm,u1_0.detail_adres,u1_0.email_adres,u1_0.emplyr_sttus_code,u1_0.empl_no,u1_0.esntl_id,u1_0.fxnum,u1_0.group_id,u1_0.house_adres,u1_0.house_end_telno,u1_0.house_middle_telno,u1_0.ihidnum,u1_0.pstinst_code,u1_0.last_updusr_id,u1_0.last_updt_pnttm,u1_0.lock_at,u1_0.lock_cnt,u1_0.lock_last_pnttm,u1_0.mbtlnum,u1_0.ofcps_nm,u1_0.offm_telno,u1_0.orgnzt_id,u1_0.password,u1_0.password_cnsr,u1_0.password_hint,u1_0.chg_pwd_last_pnttm,u1_0.role,u1_0.sbscrb_de,u1_0.sexdstn_code,u1_0.crtfc_dn_value,u1_0.user_nm,u1_0.zip from nemplyrinfo u1_0 where u1_0.emplyr_id=?
2026-03-16 16:58:12 [http-nio-8080-exec-3] DEBUG o.s.orm.jpa.JpaTransactionManager - Exposing JPA transaction as JDBC [org.springframework.orm.jpa.vendor.HibernateJpaDialect$HibernateConnectionHandle@ee54984]
2026-03-16 16:58:12 [http-nio-8080-exec-3] DEBUG o.s.orm.jpa.JpaTransactionManager - Found thread-bound EntityManager [SessionImpl(860849724<open>)] for JPA transaction
2026-03-16 16:58:12 [http-nio-8080-exec-3] DEBUG o.s.orm.jpa.JpaTransactionManager - Participating in existing transaction
2026-03-16 16:58:12 [http-nio-8080-exec-3] DEBUG org.hibernate.SQL - select u1_0.emplyr_id,u1_0.area_no,u1_0.brthdy,u1_0.chg_pwd_cnt,u1_0.frst_register_id,u1_0.frst_regist_pnttm,u1_0.detail_adres,u1_0.email_adres,u1_0.emplyr_sttus_code,u1_0.empl_no,u1_0.esntl_id,u1_0.fxnum,u1_0.group_id,u1_0.house_adres,u1_0.house_end_telno,u1_0.house_middle_telno,u1_0.ihidnum,u1_0.pstinst_code,u1_0.last_updusr_id,u1_0.last_updt_pnttm,u1_0.lock_at,u1_0.lock_cnt,u1_0.lock_last_pnttm,u1_0.mbtlnum,u1_0.ofcps_nm,u1_0.offm_telno,u1_0.orgnzt_id,u1_0.password,u1_0.password_cnsr,u1_0.password_hint,u1_0.chg_pwd_last_pnttm,u1_0.role,u1_0.sbscrb_de,u1_0.sexdstn_code,u1_0.crtfc_dn_value,u1_0.user_nm,u1_0.zip from nemplyrinfo u1_0 where u1_0.emplyr_id=?
2026-03-16 16:58:12 [http-nio-8080-exec-1] DEBUG o.s.orm.jpa.JpaTransactionManager - Found thread-bound EntityManager [SessionImpl(469913160<open>)] for JPA transaction
2026-03-16 16:58:12 [http-nio-8080-exec-1] DEBUG o.s.orm.jpa.JpaTransactionManager - Participating in existing transaction
2026-03-16 16:58:12 [http-nio-8080-exec-1] DEBUG org.hibernate.SQL - select ua1_0.scrty_dtrmn_trget_id,ua1_0.author_code,ua1_0.frst_register_id,ua1_0.frst_regist_pnttm,ua1_0.last_updusr_id,ua1_0.last_updt_pnttm,ua1_0.mber_ty_code from nemplyrscrtyestbs ua1_0 where ua1_0.scrty_dtrmn_trget_id=?
2026-03-16 16:58:12 [http-nio-8080-exec-3] DEBUG o.s.orm.jpa.JpaTransactionManager - Found thread-bound EntityManager [SessionImpl(860849724<open>)] for JPA transaction
2026-03-16 16:58:12 [http-nio-8080-exec-3] DEBUG o.s.orm.jpa.JpaTransactionManager - Participating in existing transaction
2026-03-16 16:58:12 [http-nio-8080-exec-3] DEBUG org.hibernate.SQL - select ua1_0.scrty_dtrmn_trget_id,ua1_0.author_code,ua1_0.frst_register_id,ua1_0.frst_regist_pnttm,ua1_0.last_updusr_id,ua1_0.last_updt_pnttm,ua1_0.mber_ty_code from nemplyrscrtyestbs ua1_0 where ua1_0.scrty_dtrmn_trget_id=?
2026-03-16 16:58:12 [http-nio-8080-exec-1] DEBUG o.s.orm.jpa.JpaTransactionManager - Initiating transaction commit
2026-03-16 16:58:12 [http-nio-8080-exec-1] DEBUG o.s.orm.jpa.JpaTransactionManager - Committing JPA transaction on EntityManager [SessionImpl(469913160<open>)]
2026-03-16 16:58:12 [http-nio-8080-exec-3] DEBUG o.s.orm.jpa.JpaTransactionManager - Initiating transaction commit
2026-03-16 16:58:12 [http-nio-8080-exec-3] DEBUG o.s.orm.jpa.JpaTransactionManager - Committing JPA transaction on EntityManager [SessionImpl(860849724<open>)]
2026-03-16 16:58:12 [http-nio-8080-exec-1] DEBUG o.s.orm.jpa.JpaTransactionManager - Closing JPA EntityManager [SessionImpl(469913160<open>)] after transaction
2026-03-16 16:58:12 [http-nio-8080-exec-1] DEBUG c.c.p.s.jwt.JwtAuthenticationFilter - >>> [JwtFilter] Successfully authenticated user: USRCNFRM_99999999999, Authorities: [ROLE_ADMIN]
2026-03-16 16:58:12 [http-nio-8080-exec-1] DEBUG o.s.web.servlet.DispatcherServlet - GET "/api/v1/dashboard", parameters={}
2026-03-16 16:58:12 [http-nio-8080-exec-1] TRACE o.s.w.s.m.m.a.RequestMappingHandlerMapping - Mapped to com.company.project.api.controller.main.DashboardController#getDashboardData(UserDetails)
2026-03-16 16:58:12 [http-nio-8080-exec-1] INFO  c.c.p.a.c.main.DashboardController - >>> [Dashboard] Fetching data for user: USRCNFRM_99999999999
2026-03-16 16:58:12 [http-nio-8080-exec-1] DEBUG o.s.orm.jpa.JpaTransactionManager - Creating new transaction with name [com.company.project.service.board.BoardService.getBoardPosts]: PROPAGATION_REQUIRED,ISOLATION_DEFAULT,readOnly
2026-03-16 16:58:12 [http-nio-8080-exec-1] DEBUG o.s.orm.jpa.JpaTransactionManager - Opened new EntityManager [SessionImpl(525187354<open>)] for JPA transaction
2026-03-16 16:58:12 [http-nio-8080-exec-1] DEBUG o.s.orm.jpa.JpaTransactionManager - Exposing JPA transaction as JDBC [org.springframework.orm.jpa.vendor.HibernateJpaDialect$HibernateConnectionHandle@524cdd12]
2026-03-16 16:58:12 [http-nio-8080-exec-1] DEBUG o.s.orm.jpa.JpaTransactionManager - Found thread-bound EntityManager [SessionImpl(525187354<open>)] for JPA transaction
2026-03-16 16:58:12 [http-nio-8080-exec-1] DEBUG o.s.orm.jpa.JpaTransactionManager - Participating in existing transaction
2026-03-16 16:58:12 [http-nio-8080-exec-1] DEBUG org.hibernate.SQL - select bm1_0.bbs_id,bm1_0.atch_posbl_file_number,bm1_0.atch_posbl_file_size,bm1_0.bbs_attrb_code,bm1_0.bbs_intrcn,bm1_0.bbs_nm,bm1_0.bbs_ty_code,bm1_0.blog_at,bm1_0.blog_id,bm1_0.cmmnty_id,bm1_0.frst_register_id,bm1_0.frst_regist_pnttm,bm1_0.file_atch_posbl_at,bm1_0.last_updusr_id,bm1_0.last_updt_pnttm,bm1_0.reply_posbl_at,bm1_0.tmplat_id,bm1_0.use_at,bm1_1.answer_at,bm1_1.stsfdg_at from nbbsmaster bm1_0 left join nbbsmasteroptn bm1_1 on bm1_0.bbs_id=bm1_1.bbs_id where bm1_0.bbs_id=?
2026-03-16 16:58:12 [http-nio-8080-exec-3] DEBUG o.s.orm.jpa.JpaTransactionManager - Closing JPA EntityManager [SessionImpl(860849724<open>)] after transaction
2026-03-16 16:58:12 [http-nio-8080-exec-3] DEBUG c.c.p.s.jwt.JwtAuthenticationFilter - >>> [JwtFilter] Successfully authenticated user: USRCNFRM_99999999999, Authorities: [ROLE_ADMIN]
2026-03-16 16:58:12 [http-nio-8080-exec-3] DEBUG o.s.web.servlet.DispatcherServlet - GET "/api/v1/menu/head", parameters={}
2026-03-16 16:58:12 [http-nio-8080-exec-3] TRACE o.s.w.s.m.m.a.RequestMappingHandlerMapping - Mapped to com.company.project.api.controller.menu.MenuController#getHeadMenu()
2026-03-16 16:58:12 [http-nio-8080-exec-3] INFO  c.c.p.a.c.menu.MenuController - getHeadMenu called
2026-03-16 16:58:12 [http-nio-8080-exec-3] INFO  c.c.p.a.c.menu.MenuController - getHeadMenu returned 5 items
2026-03-16 16:58:12 [http-nio-8080-exec-3] DEBUG o.s.w.s.m.m.a.HttpEntityMethodProcessor - Using 'application/json', given [application/json, text/plain, */*] and supported [application/json, application/*+json, application/yaml]
2026-03-16 16:58:12 [http-nio-8080-exec-3] TRACE o.s.w.s.m.m.a.HttpEntityMethodProcessor - Writing [ApiResponse[success=true, status=200, code=COMMON_001, message=Success, data={list=[com.company.project.service.menu.dto.MenuDto@2b80d6b0, com.company.project.service.menu.dto.MenuDto@1418cfa3, com.company.project.service.menu.dto.MenuDto@f230bf1, com.company.project.service.menu.dto.MenuDto@734a7f6a, com.company.project.service.menu.dto.MenuDto@5e5202e5]}, timestamp=2026-03-16T16:58:12.941926500]]
2026-03-16 16:58:12 [http-nio-8080-exec-3] INFO  c.c.p.a.i.OperationalAuditInterceptor - API Audit Log: URL=/api/v1/menu/head, User=webmaster, IP=0:0:0:0:0:0:0:1
2026-03-16 16:58:12 [http-nio-8080-exec-3] DEBUG o.s.web.servlet.DispatcherServlet - Completed 200 OK
2026-03-16 16:58:12 [http-nio-8080-exec-2] DEBUG c.c.p.s.jwt.JwtAuthenticationFilter - >>> [JwtFilter] Processing request: GET /api/v1/menu/left
2026-03-16 16:58:12 [http-nio-8080-exec-4] DEBUG c.c.p.s.jwt.JwtAuthenticationFilter - >>> [JwtFilter] Processing request: GET /api/v1/menu/left
2026-03-16 16:58:12 [http-nio-8080-exec-2] DEBUG c.c.p.s.jwt.JwtAuthenticationFilter - >>> [JwtFilter] Found token in header for path: /api/v1/menu/left
2026-03-16 16:58:12 [http-nio-8080-exec-7] DEBUG c.c.p.s.jwt.JwtAuthenticationFilter - >>> [JwtFilter] Processing request: GET /api/v1/menu/left
2026-03-16 16:58:12 [http-nio-8080-exec-6] DEBUG c.c.p.s.jwt.JwtAuthenticationFilter - >>> [JwtFilter] Processing request: GET /api/v1/menu/left
2026-03-16 16:58:12 [http-nio-8080-exec-4] DEBUG c.c.p.s.jwt.JwtAuthenticationFilter - >>> [JwtFilter] Found token in header for path: /api/v1/menu/left
2026-03-16 16:58:12 [http-nio-8080-exec-6] DEBUG c.c.p.s.jwt.JwtAuthenticationFilter - >>> [JwtFilter] Found token in header for path: /api/v1/menu/left
2026-03-16 16:58:12 [http-nio-8080-exec-7] DEBUG c.c.p.s.jwt.JwtAuthenticationFilter - >>> [JwtFilter] Found token in header for path: /api/v1/menu/left
2026-03-16 16:58:12 [http-nio-8080-exec-2] DEBUG o.s.orm.jpa.JpaTransactionManager - Creating new transaction with name [com.company.project.security.iam.CustomUserDetailsService.loadUserByUsername]: PROPAGATION_REQUIRED,ISOLATION_DEFAULT,readOnly
2026-03-16 16:58:12 [http-nio-8080-exec-2] DEBUG o.s.orm.jpa.JpaTransactionManager - Opened new EntityManager [SessionImpl(1387188285<open>)] for JPA transaction
2026-03-16 16:58:12 [http-nio-8080-exec-6] DEBUG o.s.orm.jpa.JpaTransactionManager - Creating new transaction with name [com.company.project.security.iam.CustomUserDetailsService.loadUserByUsername]: PROPAGATION_REQUIRED,ISOLATION_DEFAULT,readOnly
2026-03-16 16:58:12 [http-nio-8080-exec-6] DEBUG o.s.orm.jpa.JpaTransactionManager - Opened new EntityManager [SessionImpl(919371900<open>)] for JPA transaction
2026-03-16 16:58:12 [http-nio-8080-exec-4] DEBUG o.s.orm.jpa.JpaTransactionManager - Creating new transaction with name [com.company.project.security.iam.CustomUserDetailsService.loadUserByUsername]: PROPAGATION_REQUIRED,ISOLATION_DEFAULT,readOnly
2026-03-16 16:58:12 [http-nio-8080-exec-4] DEBUG o.s.orm.jpa.JpaTransactionManager - Opened new EntityManager [SessionImpl(244920474<open>)] for JPA transaction
2026-03-16 16:58:12 [http-nio-8080-exec-7] DEBUG o.s.orm.jpa.JpaTransactionManager - Creating new transaction with name [com.company.project.security.iam.CustomUserDetailsService.loadUserByUsername]: PROPAGATION_REQUIRED,ISOLATION_DEFAULT,readOnly
2026-03-16 16:58:12 [http-nio-8080-exec-7] DEBUG o.s.orm.jpa.JpaTransactionManager - Opened new EntityManager [SessionImpl(1071507081<open>)] for JPA transaction
2026-03-16 16:58:12 [http-nio-8080-exec-10] DEBUG c.c.p.s.jwt.JwtAuthenticationFilter - >>> [JwtFilter] Processing request: GET /api/v1/menu/left
2026-03-16 16:58:12 [http-nio-8080-exec-10] DEBUG c.c.p.s.jwt.JwtAuthenticationFilter - >>> [JwtFilter] Found token in header for path: /api/v1/menu/left
2026-03-16 16:58:12 [http-nio-8080-exec-10] DEBUG o.s.orm.jpa.JpaTransactionManager - Creating new transaction with name [com.company.project.security.iam.CustomUserDetailsService.loadUserByUsername]: PROPAGATION_REQUIRED,ISOLATION_DEFAULT,readOnly
2026-03-16 16:58:12 [http-nio-8080-exec-10] DEBUG o.s.orm.jpa.JpaTransactionManager - Opened new EntityManager [SessionImpl(1255021908<open>)] for JPA transaction
2026-03-16 16:58:13 [http-nio-8080-exec-1] DEBUG org.hibernate.SQL - select b1_0.ntt_id,b1_0.bbs_id,b1_0.ntt_sj,b1_0.ntcr_nm,b1_0.frst_regist_pnttm,b1_0.rdcnt,b1_0.answer_at,b1_0.parntsctt_no,b1_0.answer_lc,b1_0.sort_ordr,b1_0.ntt_no,b1_0.notice_at,b1_0.secret_at,b1_0.comment_co from nbbs b1_0 left join nemplyrinfo u1_0 on b1_0.frst_register_id=u1_0.esntl_id where (b1_0.use_at = 'Y') and b1_0.bbs_id=? order by b1_0.sort_ordr desc,b1_0.ntt_no offset ? rows fetch first ? rows only
2026-03-16 16:58:13 [http-nio-8080-exec-4] DEBUG o.s.orm.jpa.JpaTransactionManager - Exposing JPA transaction as JDBC [org.springframework.orm.jpa.vendor.HibernateJpaDialect$HibernateConnectionHandle@27160bbb]
2026-03-16 16:58:13 [http-nio-8080-exec-2] DEBUG o.s.orm.jpa.JpaTransactionManager - Exposing JPA transaction as JDBC [org.springframework.orm.jpa.vendor.HibernateJpaDialect$HibernateConnectionHandle@2726d6ba]
2026-03-16 16:58:13 [http-nio-8080-exec-4] DEBUG o.s.orm.jpa.JpaTransactionManager - Found thread-bound EntityManager [SessionImpl(244920474<open>)] for JPA transaction
2026-03-16 16:58:13 [http-nio-8080-exec-2] DEBUG o.s.orm.jpa.JpaTransactionManager - Found thread-bound EntityManager [SessionImpl(1387188285<open>)] for JPA transaction
2026-03-16 16:58:13 [http-nio-8080-exec-4] DEBUG o.s.orm.jpa.JpaTransactionManager - Participating in existing transaction
2026-03-16 16:58:13 [http-nio-8080-exec-2] DEBUG o.s.orm.jpa.JpaTransactionManager - Participating in existing transaction
2026-03-16 16:58:13 [http-nio-8080-exec-4] DEBUG org.hibernate.SQL - select u1_0.emplyr_id,u1_0.area_no,u1_0.brthdy,u1_0.chg_pwd_cnt,u1_0.frst_register_id,u1_0.frst_regist_pnttm,u1_0.detail_adres,u1_0.email_adres,u1_0.emplyr_sttus_code,u1_0.empl_no,u1_0.esntl_id,u1_0.fxnum,u1_0.group_id,u1_0.house_adres,u1_0.house_end_telno,u1_0.house_middle_telno,u1_0.ihidnum,u1_0.pstinst_code,u1_0.last_updusr_id,u1_0.last_updt_pnttm,u1_0.lock_at,u1_0.lock_cnt,u1_0.lock_last_pnttm,u1_0.mbtlnum,u1_0.ofcps_nm,u1_0.offm_telno,u1_0.orgnzt_id,u1_0.password,u1_0.password_cnsr,u1_0.password_hint,u1_0.chg_pwd_last_pnttm,u1_0.role,u1_0.sbscrb_de,u1_0.sexdstn_code,u1_0.crtfc_dn_value,u1_0.user_nm,u1_0.zip from nemplyrinfo u1_0 where u1_0.emplyr_id=?
2026-03-16 16:58:13 [http-nio-8080-exec-2] DEBUG org.hibernate.SQL - select u1_0.emplyr_id,u1_0.area_no,u1_0.brthdy,u1_0.chg_pwd_cnt,u1_0.frst_register_id,u1_0.frst_regist_pnttm,u1_0.detail_adres,u1_0.email_adres,u1_0.emplyr_sttus_code,u1_0.empl_no,u1_0.esntl_id,u1_0.fxnum,u1_0.group_id,u1_0.house_adres,u1_0.house_end_telno,u1_0.house_middle_telno,u1_0.ihidnum,u1_0.pstinst_code,u1_0.last_updusr_id,u1_0.last_updt_pnttm,u1_0.lock_at,u1_0.lock_cnt,u1_0.lock_last_pnttm,u1_0.mbtlnum,u1_0.ofcps_nm,u1_0.offm_telno,u1_0.orgnzt_id,u1_0.password,u1_0.password_cnsr,u1_0.password_hint,u1_0.chg_pwd_last_pnttm,u1_0.role,u1_0.sbscrb_de,u1_0.sexdstn_code,u1_0.crtfc_dn_value,u1_0.user_nm,u1_0.zip from nemplyrinfo u1_0 where u1_0.emplyr_id=?
2026-03-16 16:58:13 [http-nio-8080-exec-6] DEBUG o.s.orm.jpa.JpaTransactionManager - Exposing JPA transaction as JDBC [org.springframework.orm.jpa.vendor.HibernateJpaDialect$HibernateConnectionHandle@8ee17f1]
2026-03-16 16:58:13 [http-nio-8080-exec-6] DEBUG o.s.orm.jpa.JpaTransactionManager - Found thread-bound EntityManager [SessionImpl(919371900<open>)] for JPA transaction
2026-03-16 16:58:13 [http-nio-8080-exec-6] DEBUG o.s.orm.jpa.JpaTransactionManager - Participating in existing transaction
2026-03-16 16:58:13 [http-nio-8080-exec-6] DEBUG org.hibernate.SQL - select u1_0.emplyr_id,u1_0.area_no,u1_0.brthdy,u1_0.chg_pwd_cnt,u1_0.frst_register_id,u1_0.frst_regist_pnttm,u1_0.detail_adres,u1_0.email_adres,u1_0.emplyr_sttus_code,u1_0.empl_no,u1_0.esntl_id,u1_0.fxnum,u1_0.group_id,u1_0.house_adres,u1_0.house_end_telno,u1_0.house_middle_telno,u1_0.ihidnum,u1_0.pstinst_code,u1_0.last_updusr_id,u1_0.last_updt_pnttm,u1_0.lock_at,u1_0.lock_cnt,u1_0.lock_last_pnttm,u1_0.mbtlnum,u1_0.ofcps_nm,u1_0.offm_telno,u1_0.orgnzt_id,u1_0.password,u1_0.password_cnsr,u1_0.password_hint,u1_0.chg_pwd_last_pnttm,u1_0.role,u1_0.sbscrb_de,u1_0.sexdstn_code,u1_0.crtfc_dn_value,u1_0.user_nm,u1_0.zip from nemplyrinfo u1_0 where u1_0.emplyr_id=?
2026-03-16 16:58:13 [http-nio-8080-exec-7] DEBUG o.s.orm.jpa.JpaTransactionManager - Exposing JPA transaction as JDBC [org.springframework.orm.jpa.vendor.HibernateJpaDialect$HibernateConnectionHandle@2d47ecf9]
2026-03-16 16:58:13 [http-nio-8080-exec-7] DEBUG o.s.orm.jpa.JpaTransactionManager - Found thread-bound EntityManager [SessionImpl(1071507081<open>)] for JPA transaction
2026-03-16 16:58:13 [http-nio-8080-exec-7] DEBUG o.s.orm.jpa.JpaTransactionManager - Participating in existing transaction
2026-03-16 16:58:13 [http-nio-8080-exec-7] DEBUG org.hibernate.SQL - select u1_0.emplyr_id,u1_0.area_no,u1_0.brthdy,u1_0.chg_pwd_cnt,u1_0.frst_register_id,u1_0.frst_regist_pnttm,u1_0.detail_adres,u1_0.email_adres,u1_0.emplyr_sttus_code,u1_0.empl_no,u1_0.esntl_id,u1_0.fxnum,u1_0.group_id,u1_0.house_adres,u1_0.house_end_telno,u1_0.house_middle_telno,u1_0.ihidnum,u1_0.pstinst_code,u1_0.last_updusr_id,u1_0.last_updt_pnttm,u1_0.lock_at,u1_0.lock_cnt,u1_0.lock_last_pnttm,u1_0.mbtlnum,u1_0.ofcps_nm,u1_0.offm_telno,u1_0.orgnzt_id,u1_0.password,u1_0.password_cnsr,u1_0.password_hint,u1_0.chg_pwd_last_pnttm,u1_0.role,u1_0.sbscrb_de,u1_0.sexdstn_code,u1_0.crtfc_dn_value,u1_0.user_nm,u1_0.zip from nemplyrinfo u1_0 where u1_0.emplyr_id=?
2026-03-16 16:58:13 [http-nio-8080-exec-10] DEBUG o.s.orm.jpa.JpaTransactionManager - Exposing JPA transaction as JDBC [org.springframework.orm.jpa.vendor.HibernateJpaDialect$HibernateConnectionHandle@7d2fe1ad]
2026-03-16 16:58:13 [http-nio-8080-exec-10] DEBUG o.s.orm.jpa.JpaTransactionManager - Found thread-bound EntityManager [SessionImpl(1255021908<open>)] for JPA transaction
2026-03-16 16:58:13 [http-nio-8080-exec-10] DEBUG o.s.orm.jpa.JpaTransactionManager - Participating in existing transaction
2026-03-16 16:58:13 [http-nio-8080-exec-10] DEBUG org.hibernate.SQL - select u1_0.emplyr_id,u1_0.area_no,u1_0.brthdy,u1_0.chg_pwd_cnt,u1_0.frst_register_id,u1_0.frst_regist_pnttm,u1_0.detail_adres,u1_0.email_adres,u1_0.emplyr_sttus_code,u1_0.empl_no,u1_0.esntl_id,u1_0.fxnum,u1_0.group_id,u1_0.house_adres,u1_0.house_end_telno,u1_0.house_middle_telno,u1_0.ihidnum,u1_0.pstinst_code,u1_0.last_updusr_id,u1_0.last_updt_pnttm,u1_0.lock_at,u1_0.lock_cnt,u1_0.lock_last_pnttm,u1_0.mbtlnum,u1_0.ofcps_nm,u1_0.offm_telno,u1_0.orgnzt_id,u1_0.password,u1_0.password_cnsr,u1_0.password_hint,u1_0.chg_pwd_last_pnttm,u1_0.role,u1_0.sbscrb_de,u1_0.sexdstn_code,u1_0.crtfc_dn_value,u1_0.user_nm,u1_0.zip from nemplyrinfo u1_0 where u1_0.emplyr_id=?
2026-03-16 16:58:13 [http-nio-8080-exec-1] DEBUG org.hibernate.SQL - select count(b1_0.ntt_id) from nbbs b1_0 left join nemplyrinfo u1_0 on b1_0.frst_register_id=u1_0.esntl_id where (b1_0.use_at = 'Y') and b1_0.bbs_id=?
2026-03-16 16:58:13 [http-nio-8080-exec-4] DEBUG o.s.orm.jpa.JpaTransactionManager - Found thread-bound EntityManager [SessionImpl(244920474<open>)] for JPA transaction
2026-03-16 16:58:13 [http-nio-8080-exec-4] DEBUG o.s.orm.jpa.JpaTransactionManager - Participating in existing transaction
2026-03-16 16:58:13 [http-nio-8080-exec-2] DEBUG o.s.orm.jpa.JpaTransactionManager - Found thread-bound EntityManager [SessionImpl(1387188285<open>)] for JPA transaction
2026-03-16 16:58:13 [http-nio-8080-exec-4] DEBUG org.hibernate.SQL - select ua1_0.scrty_dtrmn_trget_id,ua1_0.author_code,ua1_0.frst_register_id,ua1_0.frst_regist_pnttm,ua1_0.last_updusr_id,ua1_0.last_updt_pnttm,ua1_0.mber_ty_code from nemplyrscrtyestbs ua1_0 where ua1_0.scrty_dtrmn_trget_id=?
2026-03-16 16:58:13 [http-nio-8080-exec-2] DEBUG o.s.orm.jpa.JpaTransactionManager - Participating in existing transaction
2026-03-16 16:58:13 [http-nio-8080-exec-2] DEBUG org.hibernate.SQL - select ua1_0.scrty_dtrmn_trget_id,ua1_0.author_code,ua1_0.frst_register_id,ua1_0.frst_regist_pnttm,ua1_0.last_updusr_id,ua1_0.last_updt_pnttm,ua1_0.mber_ty_code from nemplyrscrtyestbs ua1_0 where ua1_0.scrty_dtrmn_trget_id=?
2026-03-16 16:58:13 [http-nio-8080-exec-7] DEBUG o.s.orm.jpa.JpaTransactionManager - Found thread-bound EntityManager [SessionImpl(1071507081<open>)] for JPA transaction
2026-03-16 16:58:13 [http-nio-8080-exec-7] DEBUG o.s.orm.jpa.JpaTransactionManager - Participating in existing transaction
2026-03-16 16:58:13 [http-nio-8080-exec-6] DEBUG o.s.orm.jpa.JpaTransactionManager - Found thread-bound EntityManager [SessionImpl(919371900<open>)] for JPA transaction
2026-03-16 16:58:13 [http-nio-8080-exec-7] DEBUG org.hibernate.SQL - select ua1_0.scrty_dtrmn_trget_id,ua1_0.author_code,ua1_0.frst_register_id,ua1_0.frst_regist_pnttm,ua1_0.last_updusr_id,ua1_0.last_updt_pnttm,ua1_0.mber_ty_code from nemplyrscrtyestbs ua1_0 where ua1_0.scrty_dtrmn_trget_id=?
2026-03-16 16:58:13 [http-nio-8080-exec-6] DEBUG o.s.orm.jpa.JpaTransactionManager - Participating in existing transaction
2026-03-16 16:58:13 [http-nio-8080-exec-6] DEBUG org.hibernate.SQL - select ua1_0.scrty_dtrmn_trget_id,ua1_0.author_code,ua1_0.frst_register_id,ua1_0.frst_regist_pnttm,ua1_0.last_updusr_id,ua1_0.last_updt_pnttm,ua1_0.mber_ty_code from nemplyrscrtyestbs ua1_0 where ua1_0.scrty_dtrmn_trget_id=?
2026-03-16 16:58:13 [http-nio-8080-exec-10] DEBUG o.s.orm.jpa.JpaTransactionManager - Found thread-bound EntityManager [SessionImpl(1255021908<open>)] for JPA transaction
2026-03-16 16:58:13 [http-nio-8080-exec-10] DEBUG o.s.orm.jpa.JpaTransactionManager - Participating in existing transaction
2026-03-16 16:58:13 [http-nio-8080-exec-10] DEBUG org.hibernate.SQL - select ua1_0.scrty_dtrmn_trget_id,ua1_0.author_code,ua1_0.frst_register_id,ua1_0.frst_regist_pnttm,ua1_0.last_updusr_id,ua1_0.last_updt_pnttm,ua1_0.mber_ty_code from nemplyrscrtyestbs ua1_0 where ua1_0.scrty_dtrmn_trget_id=?
2026-03-16 16:58:13 [http-nio-8080-exec-1] DEBUG o.s.orm.jpa.JpaTransactionManager - Initiating transaction commit
2026-03-16 16:58:13 [http-nio-8080-exec-1] DEBUG o.s.orm.jpa.JpaTransactionManager - Committing JPA transaction on EntityManager [SessionImpl(525187354<open>)]
2026-03-16 16:58:13 [http-nio-8080-exec-4] DEBUG o.s.orm.jpa.JpaTransactionManager - Initiating transaction commit
2026-03-16 16:58:13 [http-nio-8080-exec-2] DEBUG o.s.orm.jpa.JpaTransactionManager - Initiating transaction commit
2026-03-16 16:58:13 [http-nio-8080-exec-4] DEBUG o.s.orm.jpa.JpaTransactionManager - Committing JPA transaction on EntityManager [SessionImpl(244920474<open>)]
2026-03-16 16:58:13 [http-nio-8080-exec-2] DEBUG o.s.orm.jpa.JpaTransactionManager - Committing JPA transaction on EntityManager [SessionImpl(1387188285<open>)]
2026-03-16 16:58:13 [http-nio-8080-exec-7] DEBUG o.s.orm.jpa.JpaTransactionManager - Initiating transaction commit
2026-03-16 16:58:13 [http-nio-8080-exec-7] DEBUG o.s.orm.jpa.JpaTransactionManager - Committing JPA transaction on EntityManager [SessionImpl(1071507081<open>)]
2026-03-16 16:58:13 [http-nio-8080-exec-6] DEBUG o.s.orm.jpa.JpaTransactionManager - Initiating transaction commit
2026-03-16 16:58:13 [http-nio-8080-exec-6] DEBUG o.s.orm.jpa.JpaTransactionManager - Committing JPA transaction on EntityManager [SessionImpl(919371900<open>)]
2026-03-16 16:58:13 [http-nio-8080-exec-10] DEBUG o.s.orm.jpa.JpaTransactionManager - Initiating transaction commit
2026-03-16 16:58:13 [http-nio-8080-exec-10] DEBUG o.s.orm.jpa.JpaTransactionManager - Committing JPA transaction on EntityManager [SessionImpl(1255021908<open>)]
2026-03-16 16:58:13 [http-nio-8080-exec-1] DEBUG o.s.orm.jpa.JpaTransactionManager - Closing JPA EntityManager [SessionImpl(525187354<open>)] after transaction
2026-03-16 16:58:13 [http-nio-8080-exec-1] DEBUG o.s.orm.jpa.JpaTransactionManager - Creating new transaction with name [com.company.project.service.board.BoardService.getBoardPosts]: PROPAGATION_REQUIRED,ISOLATION_DEFAULT,readOnly
2026-03-16 16:58:13 [http-nio-8080-exec-1] DEBUG o.s.orm.jpa.JpaTransactionManager - Opened new EntityManager [SessionImpl(1436890658<open>)] for JPA transaction
2026-03-16 16:58:13 [http-nio-8080-exec-1] DEBUG o.s.orm.jpa.JpaTransactionManager - Exposing JPA transaction as JDBC [org.springframework.orm.jpa.vendor.HibernateJpaDialect$HibernateConnectionHandle@3e70fee9]
2026-03-16 16:58:13 [http-nio-8080-exec-1] DEBUG o.s.orm.jpa.JpaTransactionManager - Found thread-bound EntityManager [SessionImpl(1436890658<open>)] for JPA transaction
2026-03-16 16:58:13 [http-nio-8080-exec-1] DEBUG o.s.orm.jpa.JpaTransactionManager - Participating in existing transaction
2026-03-16 16:58:13 [http-nio-8080-exec-1] DEBUG org.hibernate.SQL - select bm1_0.bbs_id,bm1_0.atch_posbl_file_number,bm1_0.atch_posbl_file_size,bm1_0.bbs_attrb_code,bm1_0.bbs_intrcn,bm1_0.bbs_nm,bm1_0.bbs_ty_code,bm1_0.blog_at,bm1_0.blog_id,bm1_0.cmmnty_id,bm1_0.frst_register_id,bm1_0.frst_regist_pnttm,bm1_0.file_atch_posbl_at,bm1_0.last_updusr_id,bm1_0.last_updt_pnttm,bm1_0.reply_posbl_at,bm1_0.tmplat_id,bm1_0.use_at,bm1_1.answer_at,bm1_1.stsfdg_at from nbbsmaster bm1_0 left join nbbsmasteroptn bm1_1 on bm1_0.bbs_id=bm1_1.bbs_id where bm1_0.bbs_id=?
2026-03-16 16:58:13 [http-nio-8080-exec-4] DEBUG o.s.orm.jpa.JpaTransactionManager - Closing JPA EntityManager [SessionImpl(244920474<open>)] after transaction
2026-03-16 16:58:13 [http-nio-8080-exec-2] DEBUG o.s.orm.jpa.JpaTransactionManager - Closing JPA EntityManager [SessionImpl(1387188285<open>)] after transaction
2026-03-16 16:58:13 [http-nio-8080-exec-2] DEBUG c.c.p.s.jwt.JwtAuthenticationFilter - >>> [JwtFilter] Successfully authenticated user: USRCNFRM_99999999999, Authorities: [ROLE_ADMIN]
2026-03-16 16:58:13 [http-nio-8080-exec-4] DEBUG c.c.p.s.jwt.JwtAuthenticationFilter - >>> [JwtFilter] Successfully authenticated user: USRCNFRM_99999999999, Authorities: [ROLE_ADMIN]
2026-03-16 16:58:13 [http-nio-8080-exec-2] DEBUG o.s.web.servlet.DispatcherServlet - GET "/api/v1/menu/left?menuNo=20", parameters={masked}
2026-03-16 16:58:13 [http-nio-8080-exec-4] DEBUG o.s.web.servlet.DispatcherServlet - GET "/api/v1/menu/left?menuNo=40", parameters={masked}
2026-03-16 16:58:13 [http-nio-8080-exec-2] TRACE o.s.w.s.m.m.a.RequestMappingHandlerMapping - Mapped to com.company.project.api.controller.menu.MenuController#getLeftMenu(Long)
2026-03-16 16:58:13 [http-nio-8080-exec-4] TRACE o.s.w.s.m.m.a.RequestMappingHandlerMapping - Mapped to com.company.project.api.controller.menu.MenuController#getLeftMenu(Long)
2026-03-16 16:58:13 [http-nio-8080-exec-2] INFO  c.c.p.a.c.menu.MenuController - getLeftMenu called with menuNo=20
2026-03-16 16:58:13 [http-nio-8080-exec-4] INFO  c.c.p.a.c.menu.MenuController - getLeftMenu called with menuNo=40
2026-03-16 16:58:13 [http-nio-8080-exec-4] DEBUG o.s.orm.jpa.JpaTransactionManager - Creating new transaction with name [com.company.project.service.menu.MenuService.getSubMenus]: PROPAGATION_REQUIRED,ISOLATION_DEFAULT,readOnly
2026-03-16 16:58:13 [http-nio-8080-exec-2] DEBUG o.s.orm.jpa.JpaTransactionManager - Creating new transaction with name [com.company.project.service.menu.MenuService.getSubMenus]: PROPAGATION_REQUIRED,ISOLATION_DEFAULT,readOnly
2026-03-16 16:58:13 [http-nio-8080-exec-4] DEBUG o.s.orm.jpa.JpaTransactionManager - Opened new EntityManager [SessionImpl(840540921<open>)] for JPA transaction
2026-03-16 16:58:13 [http-nio-8080-exec-2] DEBUG o.s.orm.jpa.JpaTransactionManager - Opened new EntityManager [SessionImpl(402732183<open>)] for JPA transaction
2026-03-16 16:58:13 [http-nio-8080-exec-2] DEBUG o.s.orm.jpa.JpaTransactionManager - Exposing JPA transaction as JDBC [org.springframework.orm.jpa.vendor.HibernateJpaDialect$HibernateConnectionHandle@1ce66e99]
2026-03-16 16:58:13 [http-nio-8080-exec-4] DEBUG o.s.orm.jpa.JpaTransactionManager - Exposing JPA transaction as JDBC [org.springframework.orm.jpa.vendor.HibernateJpaDialect$HibernateConnectionHandle@55c68522]
2026-03-16 16:58:13 [http-nio-8080-exec-4] DEBUG org.hibernate.SQL - select m1_0.menu_no,m1_0.menu_dc,m1_0.menu_nm,m1_0.menu_ordr,m1_0.modern_route,m1_0.progrm_file_nm,m1_0.relate_image_nm,m1_0.relate_image_path,m1_0.route_updated_at,m1_0.upper_menu_no from nmenuinfo m1_0 order by m1_0.upper_menu_no,m1_0.menu_ordr
2026-03-16 16:58:13 [http-nio-8080-exec-2] DEBUG org.hibernate.SQL - select m1_0.menu_no,m1_0.menu_dc,m1_0.menu_nm,m1_0.menu_ordr,m1_0.modern_route,m1_0.progrm_file_nm,m1_0.relate_image_nm,m1_0.relate_image_path,m1_0.route_updated_at,m1_0.upper_menu_no from nmenuinfo m1_0 order by m1_0.upper_menu_no,m1_0.menu_ordr
2026-03-16 16:58:13 [http-nio-8080-exec-7] DEBUG o.s.orm.jpa.JpaTransactionManager - Closing JPA EntityManager [SessionImpl(1071507081<open>)] after transaction
2026-03-16 16:58:13 [http-nio-8080-exec-7] DEBUG c.c.p.s.jwt.JwtAuthenticationFilter - >>> [JwtFilter] Successfully authenticated user: USRCNFRM_99999999999, Authorities: [ROLE_ADMIN]
2026-03-16 16:58:13 [http-nio-8080-exec-7] DEBUG o.s.web.servlet.DispatcherServlet - GET "/api/v1/menu/left?menuNo=50", parameters={masked}
2026-03-16 16:58:13 [http-nio-8080-exec-7] TRACE o.s.w.s.m.m.a.RequestMappingHandlerMapping - Mapped to com.company.project.api.controller.menu.MenuController#getLeftMenu(Long)
2026-03-16 16:58:13 [http-nio-8080-exec-7] INFO  c.c.p.a.c.menu.MenuController - getLeftMenu called with menuNo=50
2026-03-16 16:58:13 [http-nio-8080-exec-7] DEBUG o.s.orm.jpa.JpaTransactionManager - Creating new transaction with name [com.company.project.service.menu.MenuService.getSubMenus]: PROPAGATION_REQUIRED,ISOLATION_DEFAULT,readOnly
2026-03-16 16:58:13 [http-nio-8080-exec-7] DEBUG o.s.orm.jpa.JpaTransactionManager - Opened new EntityManager [SessionImpl(426629232<open>)] for JPA transaction
2026-03-16 16:58:13 [http-nio-8080-exec-7] DEBUG o.s.orm.jpa.JpaTransactionManager - Exposing JPA transaction as JDBC [org.springframework.orm.jpa.vendor.HibernateJpaDialect$HibernateConnectionHandle@35d0af97]
2026-03-16 16:58:13 [http-nio-8080-exec-7] DEBUG org.hibernate.SQL - select m1_0.menu_no,m1_0.menu_dc,m1_0.menu_nm,m1_0.menu_ordr,m1_0.modern_route,m1_0.progrm_file_nm,m1_0.relate_image_nm,m1_0.relate_image_path,m1_0.route_updated_at,m1_0.upper_menu_no from nmenuinfo m1_0 order by m1_0.upper_menu_no,m1_0.menu_ordr
2026-03-16 16:58:13 [http-nio-8080-exec-6] DEBUG o.s.orm.jpa.JpaTransactionManager - Closing JPA EntityManager [SessionImpl(919371900<open>)] after transaction
2026-03-16 16:58:13 [http-nio-8080-exec-6] DEBUG c.c.p.s.jwt.JwtAuthenticationFilter - >>> [JwtFilter] Successfully authenticated user: USRCNFRM_99999999999, Authorities: [ROLE_ADMIN]
2026-03-16 16:58:13 [http-nio-8080-exec-6] DEBUG o.s.web.servlet.DispatcherServlet - GET "/api/v1/menu/left?menuNo=10", parameters={masked}
2026-03-16 16:58:13 [http-nio-8080-exec-6] TRACE o.s.w.s.m.m.a.RequestMappingHandlerMapping - Mapped to com.company.project.api.controller.menu.MenuController#getLeftMenu(Long)
2026-03-16 16:58:13 [http-nio-8080-exec-6] INFO  c.c.p.a.c.menu.MenuController - getLeftMenu called with menuNo=10
2026-03-16 16:58:13 [http-nio-8080-exec-6] DEBUG o.s.orm.jpa.JpaTransactionManager - Creating new transaction with name [com.company.project.service.menu.MenuService.getSubMenus]: PROPAGATION_REQUIRED,ISOLATION_DEFAULT,readOnly
2026-03-16 16:58:13 [http-nio-8080-exec-6] DEBUG o.s.orm.jpa.JpaTransactionManager - Opened new EntityManager [SessionImpl(845299471<open>)] for JPA transaction
2026-03-16 16:58:13 [http-nio-8080-exec-6] DEBUG o.s.orm.jpa.JpaTransactionManager - Exposing JPA transaction as JDBC [org.springframework.orm.jpa.vendor.HibernateJpaDialect$HibernateConnectionHandle@a12e93a]
2026-03-16 16:58:13 [http-nio-8080-exec-6] DEBUG org.hibernate.SQL - select m1_0.menu_no,m1_0.menu_dc,m1_0.menu_nm,m1_0.menu_ordr,m1_0.modern_route,m1_0.progrm_file_nm,m1_0.relate_image_nm,m1_0.relate_image_path,m1_0.route_updated_at,m1_0.upper_menu_no from nmenuinfo m1_0 order by m1_0.upper_menu_no,m1_0.menu_ordr
2026-03-16 16:58:13 [http-nio-8080-exec-10] DEBUG o.s.orm.jpa.JpaTransactionManager - Closing JPA EntityManager [SessionImpl(1255021908<open>)] after transaction
2026-03-16 16:58:13 [http-nio-8080-exec-10] DEBUG c.c.p.s.jwt.JwtAuthenticationFilter - >>> [JwtFilter] Successfully authenticated user: USRCNFRM_99999999999, Authorities: [ROLE_ADMIN]
2026-03-16 16:58:13 [http-nio-8080-exec-10] DEBUG o.s.web.servlet.DispatcherServlet - GET "/api/v1/menu/left?menuNo=60", parameters={masked}
2026-03-16 16:58:13 [http-nio-8080-exec-10] TRACE o.s.w.s.m.m.a.RequestMappingHandlerMapping - Mapped to com.company.project.api.controller.menu.MenuController#getLeftMenu(Long)
2026-03-16 16:58:13 [http-nio-8080-exec-10] INFO  c.c.p.a.c.menu.MenuController - getLeftMenu called with menuNo=60
2026-03-16 16:58:13 [http-nio-8080-exec-10] DEBUG o.s.orm.jpa.JpaTransactionManager - Creating new transaction with name [com.company.project.service.menu.MenuService.getSubMenus]: PROPAGATION_REQUIRED,ISOLATION_DEFAULT,readOnly
2026-03-16 16:58:13 [http-nio-8080-exec-10] DEBUG o.s.orm.jpa.JpaTransactionManager - Opened new EntityManager [SessionImpl(703705648<open>)] for JPA transaction
2026-03-16 16:58:13 [http-nio-8080-exec-10] DEBUG o.s.orm.jpa.JpaTransactionManager - Exposing JPA transaction as JDBC [org.springframework.orm.jpa.vendor.HibernateJpaDialect$HibernateConnectionHandle@22b25b7b]
2026-03-16 16:58:13 [http-nio-8080-exec-10] DEBUG org.hibernate.SQL - select m1_0.menu_no,m1_0.menu_dc,m1_0.menu_nm,m1_0.menu_ordr,m1_0.modern_route,m1_0.progrm_file_nm,m1_0.relate_image_nm,m1_0.relate_image_path,m1_0.route_updated_at,m1_0.upper_menu_no from nmenuinfo m1_0 order by m1_0.upper_menu_no,m1_0.menu_ordr
2026-03-16 16:58:13 [http-nio-8080-exec-1] DEBUG org.hibernate.SQL - select b1_0.ntt_id,b1_0.bbs_id,b1_0.ntt_sj,b1_0.ntcr_nm,b1_0.frst_regist_pnttm,b1_0.rdcnt,b1_0.answer_at,b1_0.parntsctt_no,b1_0.answer_lc,b1_0.sort_ordr,b1_0.ntt_no,b1_0.notice_at,b1_0.secret_at,b1_0.comment_co from nbbs b1_0 left join nemplyrinfo u1_0 on b1_0.frst_register_id=u1_0.esntl_id where (b1_0.use_at = 'Y') and b1_0.bbs_id=? order by b1_0.sort_ordr desc,b1_0.ntt_no offset ? rows fetch first ? rows only
2026-03-16 16:58:13 [http-nio-8080-exec-1] DEBUG org.hibernate.SQL - select count(b1_0.ntt_id) from nbbs b1_0 left join nemplyrinfo u1_0 on b1_0.frst_register_id=u1_0.esntl_id where (b1_0.use_at = 'Y') and b1_0.bbs_id=?
2026-03-16 16:58:13 [http-nio-8080-exec-4] DEBUG o.s.orm.jpa.JpaTransactionManager - Found thread-bound EntityManager [SessionImpl(840540921<open>)] for JPA transaction
2026-03-16 16:58:13 [http-nio-8080-exec-4] DEBUG o.s.orm.jpa.JpaTransactionManager - Participating in existing transaction
2026-03-16 16:58:13 [http-nio-8080-exec-4] DEBUG org.hibernate.SQL - select p1_0.progrm_file_nm,p1_0.progrm_dc,p1_0.progrm_korean_nm,p1_0.progrm_stre_path,p1_0.url from nprogrmlist p1_0
2026-03-16 16:58:13 [http-nio-8080-exec-2] DEBUG o.s.orm.jpa.JpaTransactionManager - Found thread-bound EntityManager [SessionImpl(402732183<open>)] for JPA transaction
2026-03-16 16:58:13 [http-nio-8080-exec-2] DEBUG o.s.orm.jpa.JpaTransactionManager - Participating in existing transaction
2026-03-16 16:58:13 [http-nio-8080-exec-2] DEBUG org.hibernate.SQL - select p1_0.progrm_file_nm,p1_0.progrm_dc,p1_0.progrm_korean_nm,p1_0.progrm_stre_path,p1_0.url from nprogrmlist p1_0
2026-03-16 16:58:13 [http-nio-8080-exec-7] DEBUG o.s.orm.jpa.JpaTransactionManager - Found thread-bound EntityManager [SessionImpl(426629232<open>)] for JPA transaction
2026-03-16 16:58:13 [http-nio-8080-exec-7] DEBUG o.s.orm.jpa.JpaTransactionManager - Participating in existing transaction
2026-03-16 16:58:13 [http-nio-8080-exec-7] DEBUG org.hibernate.SQL - select p1_0.progrm_file_nm,p1_0.progrm_dc,p1_0.progrm_korean_nm,p1_0.progrm_stre_path,p1_0.url from nprogrmlist p1_0
2026-03-16 16:58:13 [http-nio-8080-exec-6] DEBUG o.s.orm.jpa.JpaTransactionManager - Found thread-bound EntityManager [SessionImpl(845299471<open>)] for JPA transaction
2026-03-16 16:58:13 [http-nio-8080-exec-6] DEBUG o.s.orm.jpa.JpaTransactionManager - Participating in existing transaction
2026-03-16 16:58:13 [http-nio-8080-exec-10] DEBUG o.s.orm.jpa.JpaTransactionManager - Found thread-bound EntityManager [SessionImpl(703705648<open>)] for JPA transaction
2026-03-16 16:58:13 [http-nio-8080-exec-10] DEBUG o.s.orm.jpa.JpaTransactionManager - Participating in existing transaction
2026-03-16 16:58:13 [http-nio-8080-exec-6] DEBUG org.hibernate.SQL - select p1_0.progrm_file_nm,p1_0.progrm_dc,p1_0.progrm_korean_nm,p1_0.progrm_stre_path,p1_0.url from nprogrmlist p1_0
2026-03-16 16:58:13 [http-nio-8080-exec-10] DEBUG org.hibernate.SQL - select p1_0.progrm_file_nm,p1_0.progrm_dc,p1_0.progrm_korean_nm,p1_0.progrm_stre_path,p1_0.url from nprogrmlist p1_0
2026-03-16 16:58:13 [http-nio-8080-exec-1] DEBUG o.s.orm.jpa.JpaTransactionManager - Initiating transaction commit
2026-03-16 16:58:13 [http-nio-8080-exec-1] DEBUG o.s.orm.jpa.JpaTransactionManager - Committing JPA transaction on EntityManager [SessionImpl(1436890658<open>)]
2026-03-16 16:58:14 [http-nio-8080-exec-4] DEBUG o.s.orm.jpa.JpaTransactionManager - Initiating transaction commit
2026-03-16 16:58:14 [http-nio-8080-exec-4] DEBUG o.s.orm.jpa.JpaTransactionManager - Committing JPA transaction on EntityManager [SessionImpl(840540921<open>)]
2026-03-16 16:58:14 [http-nio-8080-exec-2] DEBUG o.s.orm.jpa.JpaTransactionManager - Initiating transaction commit
2026-03-16 16:58:14 [http-nio-8080-exec-2] DEBUG o.s.orm.jpa.JpaTransactionManager - Committing JPA transaction on EntityManager [SessionImpl(402732183<open>)]
2026-03-16 16:58:14 [http-nio-8080-exec-7] DEBUG o.s.orm.jpa.JpaTransactionManager - Initiating transaction commit
2026-03-16 16:58:14 [http-nio-8080-exec-7] DEBUG o.s.orm.jpa.JpaTransactionManager - Committing JPA transaction on EntityManager [SessionImpl(426629232<open>)]
2026-03-16 16:58:14 [http-nio-8080-exec-6] DEBUG o.s.orm.jpa.JpaTransactionManager - Initiating transaction commit
2026-03-16 16:58:14 [http-nio-8080-exec-10] DEBUG o.s.orm.jpa.JpaTransactionManager - Initiating transaction commit
2026-03-16 16:58:14 [http-nio-8080-exec-6] DEBUG o.s.orm.jpa.JpaTransactionManager - Committing JPA transaction on EntityManager [SessionImpl(845299471<open>)]
2026-03-16 16:58:14 [http-nio-8080-exec-10] DEBUG o.s.orm.jpa.JpaTransactionManager - Committing JPA transaction on EntityManager [SessionImpl(703705648<open>)]
2026-03-16 16:58:14 [http-nio-8080-exec-1] DEBUG o.s.orm.jpa.JpaTransactionManager - Closing JPA EntityManager [SessionImpl(1436890658<open>)] after transaction
2026-03-16 16:58:14 [http-nio-8080-exec-1] DEBUG o.s.orm.jpa.JpaTransactionManager - Creating new transaction with name [com.company.project.service.informalsanction.InformalSanctionServiceImpl.getReceivedInformalSanctionList]: PROPAGATION_REQUIRED,ISOLATION_DEFAULT,readOnly
2026-03-16 16:58:14 [http-nio-8080-exec-1] DEBUG o.s.orm.jpa.JpaTransactionManager - Opened new EntityManager [SessionImpl(1404842316<open>)] for JPA transaction
2026-03-16 16:58:14 [http-nio-8080-exec-1] DEBUG o.s.orm.jpa.JpaTransactionManager - Exposing JPA transaction as JDBC [org.springframework.orm.jpa.vendor.HibernateJpaDialect$HibernateConnectionHandle@39f88b02]
2026-03-16 16:58:14 [http-nio-8080-exec-1] DEBUG org.hibernate.SQL - select is1_0.infrml_sanctn_id,is1_0.applcnt_id,is1_0.confm_at,is1_0.frst_register_id,is1_0.frst_regist_pnttm,is1_0.job_se_code,is1_0.last_updusr_id,is1_0.last_updt_pnttm,is1_0.reqst_de,is1_0.return_resn,is1_0.sanctn_dt,is1_0.sanctner_id from ninfrmlsanctn is1_0 where is1_0.sanctner_id=?
2026-03-16 16:58:14 [http-nio-8080-exec-4] DEBUG o.s.orm.jpa.JpaTransactionManager - Closing JPA EntityManager [SessionImpl(840540921<open>)] after transaction
2026-03-16 16:58:14 [http-nio-8080-exec-4] INFO  c.c.p.a.c.menu.MenuController - getLeftMenu returned 2 items
2026-03-16 16:58:14 [http-nio-8080-exec-2] DEBUG o.s.orm.jpa.JpaTransactionManager - Closing JPA EntityManager [SessionImpl(402732183<open>)] after transaction
2026-03-16 16:58:14 [http-nio-8080-exec-2] INFO  c.c.p.a.c.menu.MenuController - getLeftMenu returned 3 items
2026-03-16 16:58:14 [http-nio-8080-exec-4] DEBUG o.s.w.s.m.m.a.HttpEntityMethodProcessor - Using 'application/json', given [application/json, text/plain, */*] and supported [application/json, application/*+json, application/yaml]
2026-03-16 16:58:14 [http-nio-8080-exec-2] DEBUG o.s.w.s.m.m.a.HttpEntityMethodProcessor - Using 'application/json', given [application/json, text/plain, */*] and supported [application/json, application/*+json, application/yaml]
2026-03-16 16:58:14 [http-nio-8080-exec-4] TRACE o.s.w.s.m.m.a.HttpEntityMethodProcessor - Writing [ApiResponse[success=true, status=200, code=COMMON_001, message=Success, data={list=[com.company.project.service.menu.dto.MenuDto@1cb328ad, com.company.project.service.menu.dto.MenuDto@12fa0904]}, timestamp=2026-03-16T16:58:14.155660500]]
2026-03-16 16:58:14 [http-nio-8080-exec-2] TRACE o.s.w.s.m.m.a.HttpEntityMethodProcessor - Writing [ApiResponse[success=true, status=200, code=COMMON_001, message=Success, data={list=[com.company.project.service.menu.dto.MenuDto@65b98af2, com.company.project.service.menu.dto.MenuDto@6066a8d0, com.company.project.service.menu.dto.MenuDto@5bb87883]}, timestamp=2026-03-16T16:58:14.155660500]]
2026-03-16 16:58:14 [http-nio-8080-exec-2] INFO  c.c.p.a.i.OperationalAuditInterceptor - API Audit Log: URL=/api/v1/menu/left, User=webmaster, IP=0:0:0:0:0:0:0:1
2026-03-16 16:58:14 [http-nio-8080-exec-4] INFO  c.c.p.a.i.OperationalAuditInterceptor - API Audit Log: URL=/api/v1/menu/left, User=webmaster, IP=0:0:0:0:0:0:0:1
2026-03-16 16:58:14 [http-nio-8080-exec-2] DEBUG o.s.web.servlet.DispatcherServlet - Completed 200 OK
2026-03-16 16:58:14 [http-nio-8080-exec-4] DEBUG o.s.web.servlet.DispatcherServlet - Completed 200 OK
2026-03-16 16:58:14 [http-nio-8080-exec-7] DEBUG o.s.orm.jpa.JpaTransactionManager - Closing JPA EntityManager [SessionImpl(426629232<open>)] after transaction
2026-03-16 16:58:14 [http-nio-8080-exec-7] INFO  c.c.p.a.c.menu.MenuController - getLeftMenu returned 3 items
2026-03-16 16:58:14 [http-nio-8080-exec-7] DEBUG o.s.w.s.m.m.a.HttpEntityMethodProcessor - Using 'application/json', given [application/json, text/plain, */*] and supported [application/json, application/*+json, application/yaml]
2026-03-16 16:58:14 [http-nio-8080-exec-7] TRACE o.s.w.s.m.m.a.HttpEntityMethodProcessor - Writing [ApiResponse[success=true, status=200, code=COMMON_001, message=Success, data={list=[com.company.project.service.menu.dto.MenuDto@3825f8e4, com.company.project.service.menu.dto.MenuDto@34b1347, com.company.project.service.menu.dto.MenuDto@36f24cbf]}, timestamp=2026-03-16T16:58:14.199682900]]
2026-03-16 16:58:14 [http-nio-8080-exec-7] INFO  c.c.p.a.i.OperationalAuditInterceptor - API Audit Log: URL=/api/v1/menu/left, User=webmaster, IP=0:0:0:0:0:0:0:1
2026-03-16 16:58:14 [http-nio-8080-exec-7] DEBUG o.s.web.servlet.DispatcherServlet - Completed 200 OK
2026-03-16 16:58:14 [http-nio-8080-exec-10] DEBUG o.s.orm.jpa.JpaTransactionManager - Closing JPA EntityManager [SessionImpl(703705648<open>)] after transaction
2026-03-16 16:58:14 [http-nio-8080-exec-10] INFO  c.c.p.a.c.menu.MenuController - getLeftMenu returned 1 items
2026-03-16 16:58:14 [http-nio-8080-exec-10] DEBUG o.s.w.s.m.m.a.HttpEntityMethodProcessor - Using 'application/json', given [application/json, text/plain, */*] and supported [application/json, application/*+json, application/yaml]
2026-03-16 16:58:14 [http-nio-8080-exec-10] TRACE o.s.w.s.m.m.a.HttpEntityMethodProcessor - Writing [ApiResponse[success=true, status=200, code=COMMON_001, message=Success, data={list=[com.company.project.service.menu.dto.MenuDto@12355660]}, timestamp=2026-03-16T16:58:14.203885700]]
2026-03-16 16:58:14 [http-nio-8080-exec-6] DEBUG o.s.orm.jpa.JpaTransactionManager - Closing JPA EntityManager [SessionImpl(845299471<open>)] after transaction
2026-03-16 16:58:14 [http-nio-8080-exec-10] INFO  c.c.p.a.i.OperationalAuditInterceptor - API Audit Log: URL=/api/v1/menu/left, User=webmaster, IP=0:0:0:0:0:0:0:1
2026-03-16 16:58:14 [http-nio-8080-exec-10] DEBUG o.s.web.servlet.DispatcherServlet - Completed 200 OK
2026-03-16 16:58:14 [http-nio-8080-exec-6] INFO  c.c.p.a.c.menu.MenuController - getLeftMenu returned 5 items
2026-03-16 16:58:14 [http-nio-8080-exec-6] DEBUG o.s.w.s.m.m.a.HttpEntityMethodProcessor - Using 'application/json', given [application/json, text/plain, */*] and supported [application/json, application/*+json, application/yaml]
2026-03-16 16:58:14 [http-nio-8080-exec-6] TRACE o.s.w.s.m.m.a.HttpEntityMethodProcessor - Writing [ApiResponse[success=true, status=200, code=COMMON_001, message=Success, data={list=[com.company.project.service.menu.dto.MenuDto@2047905e, com.company.project.service.menu.dto.MenuDto@3e1f7387, com.company.project.service.menu.dto.MenuDto@17d964, com.company.project.service.menu.dto.MenuDto@250fb354, com.company.project.service.menu.dto.MenuDto@395612cb]}, timestamp=2026-03-16T16:58:14.204897700]]
2026-03-16 16:58:14 [http-nio-8080-exec-6] INFO  c.c.p.a.i.OperationalAuditInterceptor - API Audit Log: URL=/api/v1/menu/left, User=webmaster, IP=0:0:0:0:0:0:0:1
2026-03-16 16:58:14 [http-nio-8080-exec-6] DEBUG o.s.web.servlet.DispatcherServlet - Completed 200 OK
2026-03-16 16:58:14 [http-nio-8080-exec-1] DEBUG o.s.orm.jpa.JpaTransactionManager - Initiating transaction commit
2026-03-16 16:58:14 [http-nio-8080-exec-1] DEBUG o.s.orm.jpa.JpaTransactionManager - Committing JPA transaction on EntityManager [SessionImpl(1404842316<open>)]
2026-03-16 16:58:14 [http-nio-8080-exec-1] DEBUG o.s.orm.jpa.JpaTransactionManager - Closing JPA EntityManager [SessionImpl(1404842316<open>)] after transaction
2026-03-16 16:58:14 [http-nio-8080-exec-1] DEBUG o.s.w.s.m.m.a.HttpEntityMethodProcessor - Using 'application/json', given [application/json, text/plain, */*] and supported [application/json, application/*+json, application/yaml]
2026-03-16 16:58:14 [http-nio-8080-exec-1] TRACE o.s.w.s.m.m.a.HttpEntityMethodProcessor - Writing [{notiList=[com.company.project.service.board.dto.BoardDto@29d0af19], success=true, taskList=[com.company.project.service.board.dto.BoardDto@2ed2cd53], pendingApprovalCount=0}]
2026-03-16 16:58:14 [http-nio-8080-exec-1] INFO  c.c.p.a.i.OperationalAuditInterceptor - API Audit Log: URL=/api/v1/dashboard, User=webmaster, IP=0:0:0:0:0:0:0:1
2026-03-16 16:58:14 [http-nio-8080-exec-1] DEBUG o.s.web.servlet.DispatcherServlet - Completed 200 OK
2026-03-16 16:58:14 [http-nio-8080-exec-9] DEBUG c.c.p.s.jwt.JwtAuthenticationFilter - >>> [JwtFilter] Processing request: GET /api/v1/auth/me
2026-03-16 16:58:14 [http-nio-8080-exec-8] DEBUG c.c.p.s.jwt.JwtAuthenticationFilter - >>> [JwtFilter] Processing request: GET /api/v1/menu/left
2026-03-16 16:58:14 [http-nio-8080-exec-5] DEBUG c.c.p.s.jwt.JwtAuthenticationFilter - >>> [JwtFilter] Processing request: GET /api/v1/menu/head
2026-03-16 16:58:14 [http-nio-8080-exec-9] DEBUG c.c.p.s.jwt.JwtAuthenticationFilter - >>> [JwtFilter] Found token in header for path: /api/v1/auth/me
2026-03-16 16:58:14 [http-nio-8080-exec-8] DEBUG c.c.p.s.jwt.JwtAuthenticationFilter - >>> [JwtFilter] Found token in header for path: /api/v1/menu/left
2026-03-16 16:58:14 [http-nio-8080-exec-5] DEBUG c.c.p.s.jwt.JwtAuthenticationFilter - >>> [JwtFilter] Found token in header for path: /api/v1/menu/head
2026-03-16 16:58:14 [http-nio-8080-exec-5] DEBUG o.s.orm.jpa.JpaTransactionManager - Creating new transaction with name [com.company.project.security.iam.CustomUserDetailsService.loadUserByUsername]: PROPAGATION_REQUIRED,ISOLATION_DEFAULT,readOnly
2026-03-16 16:58:14 [http-nio-8080-exec-9] DEBUG o.s.orm.jpa.JpaTransactionManager - Creating new transaction with name [com.company.project.security.iam.CustomUserDetailsService.loadUserByUsername]: PROPAGATION_REQUIRED,ISOLATION_DEFAULT,readOnly
2026-03-16 16:58:14 [http-nio-8080-exec-8] DEBUG o.s.orm.jpa.JpaTransactionManager - Creating new transaction with name [com.company.project.security.iam.CustomUserDetailsService.loadUserByUsername]: PROPAGATION_REQUIRED,ISOLATION_DEFAULT,readOnly
2026-03-16 16:58:14 [http-nio-8080-exec-5] DEBUG o.s.orm.jpa.JpaTransactionManager - Opened new EntityManager [SessionImpl(778788580<open>)] for JPA transaction
2026-03-16 16:58:14 [http-nio-8080-exec-8] DEBUG o.s.orm.jpa.JpaTransactionManager - Opened new EntityManager [SessionImpl(2053965086<open>)] for JPA transaction
2026-03-16 16:58:14 [http-nio-8080-exec-9] DEBUG o.s.orm.jpa.JpaTransactionManager - Opened new EntityManager [SessionImpl(982844785<open>)] for JPA transaction
2026-03-16 16:58:14 [http-nio-8080-exec-9] DEBUG o.s.orm.jpa.JpaTransactionManager - Exposing JPA transaction as JDBC [org.springframework.orm.jpa.vendor.HibernateJpaDialect$HibernateConnectionHandle@4b7d5cce]
2026-03-16 16:58:14 [http-nio-8080-exec-9] DEBUG o.s.orm.jpa.JpaTransactionManager - Found thread-bound EntityManager [SessionImpl(982844785<open>)] for JPA transaction
2026-03-16 16:58:14 [http-nio-8080-exec-9] DEBUG o.s.orm.jpa.JpaTransactionManager - Participating in existing transaction
2026-03-16 16:58:14 [http-nio-8080-exec-9] DEBUG org.hibernate.SQL - select u1_0.emplyr_id,u1_0.area_no,u1_0.brthdy,u1_0.chg_pwd_cnt,u1_0.frst_register_id,u1_0.frst_regist_pnttm,u1_0.detail_adres,u1_0.email_adres,u1_0.emplyr_sttus_code,u1_0.empl_no,u1_0.esntl_id,u1_0.fxnum,u1_0.group_id,u1_0.house_adres,u1_0.house_end_telno,u1_0.house_middle_telno,u1_0.ihidnum,u1_0.pstinst_code,u1_0.last_updusr_id,u1_0.last_updt_pnttm,u1_0.lock_at,u1_0.lock_cnt,u1_0.lock_last_pnttm,u1_0.mbtlnum,u1_0.ofcps_nm,u1_0.offm_telno,u1_0.orgnzt_id,u1_0.password,u1_0.password_cnsr,u1_0.password_hint,u1_0.chg_pwd_last_pnttm,u1_0.role,u1_0.sbscrb_de,u1_0.sexdstn_code,u1_0.crtfc_dn_value,u1_0.user_nm,u1_0.zip from nemplyrinfo u1_0 where u1_0.emplyr_id=?
2026-03-16 16:58:14 [http-nio-8080-exec-8] DEBUG o.s.orm.jpa.JpaTransactionManager - Exposing JPA transaction as JDBC [org.springframework.orm.jpa.vendor.HibernateJpaDialect$HibernateConnectionHandle@28e53607]
2026-03-16 16:58:14 [http-nio-8080-exec-8] DEBUG o.s.orm.jpa.JpaTransactionManager - Found thread-bound EntityManager [SessionImpl(2053965086<open>)] for JPA transaction
2026-03-16 16:58:14 [http-nio-8080-exec-8] DEBUG o.s.orm.jpa.JpaTransactionManager - Participating in existing transaction
2026-03-16 16:58:14 [http-nio-8080-exec-8] DEBUG org.hibernate.SQL - select u1_0.emplyr_id,u1_0.area_no,u1_0.brthdy,u1_0.chg_pwd_cnt,u1_0.frst_register_id,u1_0.frst_regist_pnttm,u1_0.detail_adres,u1_0.email_adres,u1_0.emplyr_sttus_code,u1_0.empl_no,u1_0.esntl_id,u1_0.fxnum,u1_0.group_id,u1_0.house_adres,u1_0.house_end_telno,u1_0.house_middle_telno,u1_0.ihidnum,u1_0.pstinst_code,u1_0.last_updusr_id,u1_0.last_updt_pnttm,u1_0.lock_at,u1_0.lock_cnt,u1_0.lock_last_pnttm,u1_0.mbtlnum,u1_0.ofcps_nm,u1_0.offm_telno,u1_0.orgnzt_id,u1_0.password,u1_0.password_cnsr,u1_0.password_hint,u1_0.chg_pwd_last_pnttm,u1_0.role,u1_0.sbscrb_de,u1_0.sexdstn_code,u1_0.crtfc_dn_value,u1_0.user_nm,u1_0.zip from nemplyrinfo u1_0 where u1_0.emplyr_id=?
2026-03-16 16:58:14 [http-nio-8080-exec-5] DEBUG o.s.orm.jpa.JpaTransactionManager - Exposing JPA transaction as JDBC [org.springframework.orm.jpa.vendor.HibernateJpaDialect$HibernateConnectionHandle@4f9d3a12]
2026-03-16 16:58:14 [http-nio-8080-exec-5] DEBUG o.s.orm.jpa.JpaTransactionManager - Found thread-bound EntityManager [SessionImpl(778788580<open>)] for JPA transaction
2026-03-16 16:58:14 [http-nio-8080-exec-5] DEBUG o.s.orm.jpa.JpaTransactionManager - Participating in existing transaction
2026-03-16 16:58:14 [http-nio-8080-exec-5] DEBUG org.hibernate.SQL - select u1_0.emplyr_id,u1_0.area_no,u1_0.brthdy,u1_0.chg_pwd_cnt,u1_0.frst_register_id,u1_0.frst_regist_pnttm,u1_0.detail_adres,u1_0.email_adres,u1_0.emplyr_sttus_code,u1_0.empl_no,u1_0.esntl_id,u1_0.fxnum,u1_0.group_id,u1_0.house_adres,u1_0.house_end_telno,u1_0.house_middle_telno,u1_0.ihidnum,u1_0.pstinst_code,u1_0.last_updusr_id,u1_0.last_updt_pnttm,u1_0.lock_at,u1_0.lock_cnt,u1_0.lock_last_pnttm,u1_0.mbtlnum,u1_0.ofcps_nm,u1_0.offm_telno,u1_0.orgnzt_id,u1_0.password,u1_0.password_cnsr,u1_0.password_hint,u1_0.chg_pwd_last_pnttm,u1_0.role,u1_0.sbscrb_de,u1_0.sexdstn_code,u1_0.crtfc_dn_value,u1_0.user_nm,u1_0.zip from nemplyrinfo u1_0 where u1_0.emplyr_id=?
2026-03-16 16:58:15 [http-nio-8080-exec-9] DEBUG o.s.orm.jpa.JpaTransactionManager - Found thread-bound EntityManager [SessionImpl(982844785<open>)] for JPA transaction
2026-03-16 16:58:15 [http-nio-8080-exec-9] DEBUG o.s.orm.jpa.JpaTransactionManager - Participating in existing transaction
2026-03-16 16:58:15 [http-nio-8080-exec-9] DEBUG org.hibernate.SQL - select ua1_0.scrty_dtrmn_trget_id,ua1_0.author_code,ua1_0.frst_register_id,ua1_0.frst_regist_pnttm,ua1_0.last_updusr_id,ua1_0.last_updt_pnttm,ua1_0.mber_ty_code from nemplyrscrtyestbs ua1_0 where ua1_0.scrty_dtrmn_trget_id=?
2026-03-16 16:58:15 [http-nio-8080-exec-5] DEBUG o.s.orm.jpa.JpaTransactionManager - Found thread-bound EntityManager [SessionImpl(778788580<open>)] for JPA transaction
2026-03-16 16:58:15 [http-nio-8080-exec-8] DEBUG o.s.orm.jpa.JpaTransactionManager - Found thread-bound EntityManager [SessionImpl(2053965086<open>)] for JPA transaction
2026-03-16 16:58:15 [http-nio-8080-exec-5] DEBUG o.s.orm.jpa.JpaTransactionManager - Participating in existing transaction
2026-03-16 16:58:15 [http-nio-8080-exec-8] DEBUG o.s.orm.jpa.JpaTransactionManager - Participating in existing transaction
2026-03-16 16:58:15 [http-nio-8080-exec-5] DEBUG org.hibernate.SQL - select ua1_0.scrty_dtrmn_trget_id,ua1_0.author_code,ua1_0.frst_register_id,ua1_0.frst_regist_pnttm,ua1_0.last_updusr_id,ua1_0.last_updt_pnttm,ua1_0.mber_ty_code from nemplyrscrtyestbs ua1_0 where ua1_0.scrty_dtrmn_trget_id=?
2026-03-16 16:58:15 [http-nio-8080-exec-8] DEBUG org.hibernate.SQL - select ua1_0.scrty_dtrmn_trget_id,ua1_0.author_code,ua1_0.frst_register_id,ua1_0.frst_regist_pnttm,ua1_0.last_updusr_id,ua1_0.last_updt_pnttm,ua1_0.mber_ty_code from nemplyrscrtyestbs ua1_0 where ua1_0.scrty_dtrmn_trget_id=?
2026-03-16 16:58:15 [http-nio-8080-exec-9] DEBUG o.s.orm.jpa.JpaTransactionManager - Initiating transaction commit
2026-03-16 16:58:15 [http-nio-8080-exec-9] DEBUG o.s.orm.jpa.JpaTransactionManager - Committing JPA transaction on EntityManager [SessionImpl(982844785<open>)]
2026-03-16 16:58:15 [http-nio-8080-exec-5] DEBUG o.s.orm.jpa.JpaTransactionManager - Initiating transaction commit
2026-03-16 16:58:15 [http-nio-8080-exec-5] DEBUG o.s.orm.jpa.JpaTransactionManager - Committing JPA transaction on EntityManager [SessionImpl(778788580<open>)]
2026-03-16 16:58:15 [http-nio-8080-exec-8] DEBUG o.s.orm.jpa.JpaTransactionManager - Initiating transaction commit
2026-03-16 16:58:15 [http-nio-8080-exec-8] DEBUG o.s.orm.jpa.JpaTransactionManager - Committing JPA transaction on EntityManager [SessionImpl(2053965086<open>)]
2026-03-16 16:58:15 [http-nio-8080-exec-9] DEBUG o.s.orm.jpa.JpaTransactionManager - Closing JPA EntityManager [SessionImpl(982844785<open>)] after transaction
2026-03-16 16:58:15 [http-nio-8080-exec-9] DEBUG c.c.p.s.jwt.JwtAuthenticationFilter - >>> [JwtFilter] Successfully authenticated user: USRCNFRM_99999999999, Authorities: [ROLE_ADMIN]
2026-03-16 16:58:15 [http-nio-8080-exec-9] DEBUG o.s.web.servlet.DispatcherServlet - GET "/api/v1/auth/me", parameters={}
2026-03-16 16:58:15 [http-nio-8080-exec-9] TRACE o.s.w.s.m.m.a.RequestMappingHandlerMapping - Mapped to com.company.project.api.auth.AuthController#getCurrentUser()
2026-03-16 16:58:15 [http-nio-8080-exec-9] DEBUG o.s.w.s.m.m.a.RequestResponseBodyMethodProcessor - Using 'application/json', given [application/json, text/plain, */*] and supported [application/json, application/*+json, application/yaml]
2026-03-16 16:58:15 [http-nio-8080-exec-9] TRACE o.s.w.s.m.m.a.RequestResponseBodyMethodProcessor - Writing [ApiResponse[success=true, status=200, code=COMMON_001, message=Success, data={role=ROLE_ADMIN, userSe=EMP, name=관리자, id=webmaster}, timestamp=2026-03-16T16:58:15.310857100]]
2026-03-16 16:58:15 [http-nio-8080-exec-9] INFO  c.c.p.a.i.OperationalAuditInterceptor - API Audit Log: URL=/api/v1/auth/me, User=webmaster, IP=127.0.0.1
2026-03-16 16:58:15 [http-nio-8080-exec-9] DEBUG o.s.web.servlet.DispatcherServlet - Completed 200 OK
2026-03-16 16:58:15 [http-nio-8080-exec-5] DEBUG o.s.orm.jpa.JpaTransactionManager - Closing JPA EntityManager [SessionImpl(778788580<open>)] after transaction
2026-03-16 16:58:15 [http-nio-8080-exec-8] DEBUG o.s.orm.jpa.JpaTransactionManager - Closing JPA EntityManager [SessionImpl(2053965086<open>)] after transaction
2026-03-16 16:58:15 [http-nio-8080-exec-5] DEBUG c.c.p.s.jwt.JwtAuthenticationFilter - >>> [JwtFilter] Successfully authenticated user: USRCNFRM_99999999999, Authorities: [ROLE_ADMIN]
2026-03-16 16:58:15 [http-nio-8080-exec-8] DEBUG c.c.p.s.jwt.JwtAuthenticationFilter - >>> [JwtFilter] Successfully authenticated user: USRCNFRM_99999999999, Authorities: [ROLE_ADMIN]
2026-03-16 16:58:15 [http-nio-8080-exec-5] DEBUG o.s.web.servlet.DispatcherServlet - GET "/api/v1/menu/head", parameters={}
2026-03-16 16:58:15 [http-nio-8080-exec-5] TRACE o.s.w.s.m.m.a.RequestMappingHandlerMapping - Mapped to com.company.project.api.controller.menu.MenuController#getHeadMenu()
2026-03-16 16:58:15 [http-nio-8080-exec-8] DEBUG o.s.web.servlet.DispatcherServlet - GET "/api/v1/menu/left?menuNo=10", parameters={masked}
2026-03-16 16:58:15 [http-nio-8080-exec-5] INFO  c.c.p.a.c.menu.MenuController - getHeadMenu called
2026-03-16 16:58:15 [http-nio-8080-exec-8] TRACE o.s.w.s.m.m.a.RequestMappingHandlerMapping - Mapped to com.company.project.api.controller.menu.MenuController#getLeftMenu(Long)
2026-03-16 16:58:15 [http-nio-8080-exec-5] INFO  c.c.p.a.c.menu.MenuController - getHeadMenu returned 5 items
2026-03-16 16:58:15 [http-nio-8080-exec-8] INFO  c.c.p.a.c.menu.MenuController - getLeftMenu called with menuNo=10
2026-03-16 16:58:15 [http-nio-8080-exec-8] DEBUG o.s.orm.jpa.JpaTransactionManager - Creating new transaction with name [com.company.project.service.menu.MenuService.getSubMenus]: PROPAGATION_REQUIRED,ISOLATION_DEFAULT,readOnly
2026-03-16 16:58:15 [http-nio-8080-exec-8] DEBUG o.s.orm.jpa.JpaTransactionManager - Opened new EntityManager [SessionImpl(673394747<open>)] for JPA transaction
2026-03-16 16:58:15 [http-nio-8080-exec-5] DEBUG o.s.w.s.m.m.a.HttpEntityMethodProcessor - Using 'application/json', given [application/json, text/plain, */*] and supported [application/json, application/*+json, application/yaml]
2026-03-16 16:58:15 [http-nio-8080-exec-8] DEBUG o.s.orm.jpa.JpaTransactionManager - Exposing JPA transaction as JDBC [org.springframework.orm.jpa.vendor.HibernateJpaDialect$HibernateConnectionHandle@14f909c7]
2026-03-16 16:58:15 [http-nio-8080-exec-5] TRACE o.s.w.s.m.m.a.HttpEntityMethodProcessor - Writing [ApiResponse[success=true, status=200, code=COMMON_001, message=Success, data={list=[com.company.project.service.menu.dto.MenuDto@2b80d6b0, com.company.project.service.menu.dto.MenuDto@1418cfa3, com.company.project.service.menu.dto.MenuDto@f230bf1, com.company.project.service.menu.dto.MenuDto@734a7f6a, com.company.project.service.menu.dto.MenuDto@5e5202e5]}, timestamp=2026-03-16T16:58:15.340565700]]
2026-03-16 16:58:15 [http-nio-8080-exec-5] INFO  c.c.p.a.i.OperationalAuditInterceptor - API Audit Log: URL=/api/v1/menu/head, User=webmaster, IP=127.0.0.1
2026-03-16 16:58:15 [http-nio-8080-exec-5] DEBUG o.s.web.servlet.DispatcherServlet - Completed 200 OK
2026-03-16 16:58:15 [http-nio-8080-exec-8] DEBUG org.hibernate.SQL - select m1_0.menu_no,m1_0.menu_dc,m1_0.menu_nm,m1_0.menu_ordr,m1_0.modern_route,m1_0.progrm_file_nm,m1_0.relate_image_nm,m1_0.relate_image_path,m1_0.route_updated_at,m1_0.upper_menu_no from nmenuinfo m1_0 order by m1_0.upper_menu_no,m1_0.menu_ordr
2026-03-16 16:58:15 [http-nio-8080-exec-3] DEBUG c.c.p.s.jwt.JwtAuthenticationFilter - >>> [JwtFilter] Processing request: GET /api/v1/notifications
2026-03-16 16:58:15 [http-nio-8080-exec-4] DEBUG c.c.p.s.jwt.JwtAuthenticationFilter - >>> [JwtFilter] Processing request: GET /api/v1/notifications/unread-count
2026-03-16 16:58:15 [http-nio-8080-exec-3] DEBUG c.c.p.s.jwt.JwtAuthenticationFilter - >>> [JwtFilter] Found token in header for path: /api/v1/notifications
2026-03-16 16:58:15 [http-nio-8080-exec-4] DEBUG c.c.p.s.jwt.JwtAuthenticationFilter - >>> [JwtFilter] Found token in header for path: /api/v1/notifications/unread-count
2026-03-16 16:58:15 [http-nio-8080-exec-3] DEBUG o.s.orm.jpa.JpaTransactionManager - Creating new transaction with name [com.company.project.security.iam.CustomUserDetailsService.loadUserByUsername]: PROPAGATION_REQUIRED,ISOLATION_DEFAULT,readOnly
2026-03-16 16:58:15 [http-nio-8080-exec-3] DEBUG o.s.orm.jpa.JpaTransactionManager - Opened new EntityManager [SessionImpl(1545171418<open>)] for JPA transaction
2026-03-16 16:58:15 [http-nio-8080-exec-4] DEBUG o.s.orm.jpa.JpaTransactionManager - Creating new transaction with name [com.company.project.security.iam.CustomUserDetailsService.loadUserByUsername]: PROPAGATION_REQUIRED,ISOLATION_DEFAULT,readOnly
2026-03-16 16:58:15 [http-nio-8080-exec-4] DEBUG o.s.orm.jpa.JpaTransactionManager - Opened new EntityManager [SessionImpl(150066331<open>)] for JPA transaction
2026-03-16 16:58:15 [http-nio-8080-exec-2] DEBUG c.c.p.s.jwt.JwtAuthenticationFilter - >>> [JwtFilter] Processing request: GET /api/v1/popups/active
2026-03-16 16:58:15 [http-nio-8080-exec-7] DEBUG c.c.p.s.jwt.JwtAuthenticationFilter - >>> [JwtFilter] Processing request: GET /api/v1/admin/system/banners/reflected
2026-03-16 16:58:15 [http-nio-8080-exec-2] DEBUG c.c.p.s.jwt.JwtAuthenticationFilter - >>> [JwtFilter] Found token in header for path: /api/v1/popups/active
2026-03-16 16:58:15 [http-nio-8080-exec-7] DEBUG c.c.p.s.jwt.JwtAuthenticationFilter - >>> [JwtFilter] Found token in header for path: /api/v1/admin/system/banners/reflected
2026-03-16 16:58:15 [http-nio-8080-exec-2] DEBUG o.s.orm.jpa.JpaTransactionManager - Creating new transaction with name [com.company.project.security.iam.CustomUserDetailsService.loadUserByUsername]: PROPAGATION_REQUIRED,ISOLATION_DEFAULT,readOnly
2026-03-16 16:58:15 [http-nio-8080-exec-7] DEBUG o.s.orm.jpa.JpaTransactionManager - Creating new transaction with name [com.company.project.security.iam.CustomUserDetailsService.loadUserByUsername]: PROPAGATION_REQUIRED,ISOLATION_DEFAULT,readOnly
2026-03-16 16:58:15 [http-nio-8080-exec-2] DEBUG o.s.orm.jpa.JpaTransactionManager - Opened new EntityManager [SessionImpl(512013476<open>)] for JPA transaction
2026-03-16 16:58:15 [http-nio-8080-exec-7] DEBUG o.s.orm.jpa.JpaTransactionManager - Opened new EntityManager [SessionImpl(604873184<open>)] for JPA transaction
2026-03-16 16:58:15 [http-nio-8080-exec-10] DEBUG o.s.web.servlet.DispatcherServlet - GET "/ws/info?t=1773647895432", parameters={masked}
2026-03-16 16:58:15 [http-nio-8080-exec-10] DEBUG o.s.w.s.s.s.WebSocketHandlerMapping - Mapped to org.springframework.web.socket.sockjs.support.SockJsHttpRequestHandler@3d80b7ba
2026-03-16 16:58:15 [http-nio-8080-exec-10] DEBUG o.s.w.s.s.t.h.DefaultSockJsService - Processing transport request: GET http://localhost:8080/ws/info?t=1773647895432
2026-03-16 16:58:15 [http-nio-8080-exec-10] DEBUG o.s.web.servlet.DispatcherServlet - Completed 200 OK
2026-03-16 16:58:15 [http-nio-8080-exec-6] DEBUG o.s.web.servlet.DispatcherServlet - GET "/ws/873/hgs3r3yu/websocket", parameters={}
2026-03-16 16:58:15 [http-nio-8080-exec-6] DEBUG o.s.w.s.s.s.WebSocketHandlerMapping - Mapped to org.springframework.web.socket.sockjs.support.SockJsHttpRequestHandler@3d80b7ba
2026-03-16 16:58:15 [http-nio-8080-exec-6] DEBUG o.s.w.s.s.t.h.DefaultSockJsService - Processing transport request: GET http://localhost:8080/ws/873/hgs3r3yu/websocket
2026-03-16 16:58:15 [http-nio-8080-exec-6] DEBUG o.s.web.servlet.DispatcherServlet - Completed 101 SWITCHING_PROTOCOLS
2026-03-16 16:58:15 [http-nio-8080-exec-6] DEBUG o.s.w.s.h.LoggingWebSocketHandlerDecorator - New WebSocketServerSockJsSession[id=hgs3r3yu]
2026-03-16 16:58:15 [scheduling-1] DEBUG org.springframework.web.SimpLogging - Processing CONNECT session=hgs3r3yu
2026-03-16 16:58:15 [scheduling-1] DEBUG org.springframework.web.SimpLogging - Processing SUBSCRIBE /topic/notices id=sub-0 session=hgs3r3yu
2026-03-16 16:58:15 [scheduling-1] DEBUG org.springframework.web.SimpLogging - Processing SUBSCRIBE destination=/queue/notifications-userhgs3r3yu subscriptionId=sub-1 session=hgs3r3yu payload=byte[0]
2026-03-16 16:58:15 [scheduling-1] DEBUG org.springframework.web.SimpLogging - Processing SUBSCRIBE /topic/public id=sub-2 session=hgs3r3yu
2026-03-16 16:58:15 [scheduling-1] DEBUG org.springframework.web.SimpLogging - Processing SUBSCRIBE /topic/dashboard/stats id=sub-4 session=hgs3r3yu
2026-03-16 16:58:15 [scheduling-1] DEBUG org.springframework.web.SimpLogging - Processing SUBSCRIBE /topic/notifications id=sub-5 session=hgs3r3yu
2026-03-16 16:58:15 [scheduling-1] DEBUG org.springframework.web.SimpLogging - Processing SUBSCRIBE destination=/queue/notifications-userhgs3r3yu subscriptionId=sub-6 session=hgs3r3yu payload=byte[0]
2026-03-16 16:58:15 [http-nio-8080-exec-10] DEBUG c.c.p.s.jwt.JwtAuthenticationFilter - >>> [JwtFilter] Processing request: GET /api/v1/admin/system/statistics/connect
2026-03-16 16:58:15 [http-nio-8080-exec-10] DEBUG c.c.p.s.jwt.JwtAuthenticationFilter - >>> [JwtFilter] Found token in header for path: /api/v1/admin/system/statistics/connect
2026-03-16 16:58:15 [http-nio-8080-exec-10] DEBUG o.s.orm.jpa.JpaTransactionManager - Creating new transaction with name [com.company.project.security.iam.CustomUserDetailsService.loadUserByUsername]: PROPAGATION_REQUIRED,ISOLATION_DEFAULT,readOnly
2026-03-16 16:58:15 [http-nio-8080-exec-10] DEBUG o.s.orm.jpa.JpaTransactionManager - Opened new EntityManager [SessionImpl(1397740835<open>)] for JPA transaction
2026-03-16 16:58:15 [http-nio-8080-exec-4] DEBUG o.s.orm.jpa.JpaTransactionManager - Exposing JPA transaction as JDBC [org.springframework.orm.jpa.vendor.HibernateJpaDialect$HibernateConnectionHandle@4f978566]
2026-03-16 16:58:15 [http-nio-8080-exec-4] DEBUG o.s.orm.jpa.JpaTransactionManager - Found thread-bound EntityManager [SessionImpl(150066331<open>)] for JPA transaction
2026-03-16 16:58:15 [http-nio-8080-exec-4] DEBUG o.s.orm.jpa.JpaTransactionManager - Participating in existing transaction
2026-03-16 16:58:15 [http-nio-8080-exec-4] DEBUG org.hibernate.SQL - select u1_0.emplyr_id,u1_0.area_no,u1_0.brthdy,u1_0.chg_pwd_cnt,u1_0.frst_register_id,u1_0.frst_regist_pnttm,u1_0.detail_adres,u1_0.email_adres,u1_0.emplyr_sttus_code,u1_0.empl_no,u1_0.esntl_id,u1_0.fxnum,u1_0.group_id,u1_0.house_adres,u1_0.house_end_telno,u1_0.house_middle_telno,u1_0.ihidnum,u1_0.pstinst_code,u1_0.last_updusr_id,u1_0.last_updt_pnttm,u1_0.lock_at,u1_0.lock_cnt,u1_0.lock_last_pnttm,u1_0.mbtlnum,u1_0.ofcps_nm,u1_0.offm_telno,u1_0.orgnzt_id,u1_0.password,u1_0.password_cnsr,u1_0.password_hint,u1_0.chg_pwd_last_pnttm,u1_0.role,u1_0.sbscrb_de,u1_0.sexdstn_code,u1_0.crtfc_dn_value,u1_0.user_nm,u1_0.zip from nemplyrinfo u1_0 where u1_0.emplyr_id=?
2026-03-16 16:58:15 [http-nio-8080-exec-3] DEBUG o.s.orm.jpa.JpaTransactionManager - Exposing JPA transaction as JDBC [org.springframework.orm.jpa.vendor.HibernateJpaDialect$HibernateConnectionHandle@1a523fd3]
2026-03-16 16:58:15 [http-nio-8080-exec-3] DEBUG o.s.orm.jpa.JpaTransactionManager - Found thread-bound EntityManager [SessionImpl(1545171418<open>)] for JPA transaction
2026-03-16 16:58:15 [http-nio-8080-exec-3] DEBUG o.s.orm.jpa.JpaTransactionManager - Participating in existing transaction
2026-03-16 16:58:15 [http-nio-8080-exec-3] DEBUG org.hibernate.SQL - select u1_0.emplyr_id,u1_0.area_no,u1_0.brthdy,u1_0.chg_pwd_cnt,u1_0.frst_register_id,u1_0.frst_regist_pnttm,u1_0.detail_adres,u1_0.email_adres,u1_0.emplyr_sttus_code,u1_0.empl_no,u1_0.esntl_id,u1_0.fxnum,u1_0.group_id,u1_0.house_adres,u1_0.house_end_telno,u1_0.house_middle_telno,u1_0.ihidnum,u1_0.pstinst_code,u1_0.last_updusr_id,u1_0.last_updt_pnttm,u1_0.lock_at,u1_0.lock_cnt,u1_0.lock_last_pnttm,u1_0.mbtlnum,u1_0.ofcps_nm,u1_0.offm_telno,u1_0.orgnzt_id,u1_0.password,u1_0.password_cnsr,u1_0.password_hint,u1_0.chg_pwd_last_pnttm,u1_0.role,u1_0.sbscrb_de,u1_0.sexdstn_code,u1_0.crtfc_dn_value,u1_0.user_nm,u1_0.zip from nemplyrinfo u1_0 where u1_0.emplyr_id=?
2026-03-16 16:58:15 [http-nio-8080-exec-2] DEBUG o.s.orm.jpa.JpaTransactionManager - Exposing JPA transaction as JDBC [org.springframework.orm.jpa.vendor.HibernateJpaDialect$HibernateConnectionHandle@3743539c]
2026-03-16 16:58:15 [http-nio-8080-exec-2] DEBUG o.s.orm.jpa.JpaTransactionManager - Found thread-bound EntityManager [SessionImpl(512013476<open>)] for JPA transaction
2026-03-16 16:58:15 [http-nio-8080-exec-2] DEBUG o.s.orm.jpa.JpaTransactionManager - Participating in existing transaction
2026-03-16 16:58:15 [http-nio-8080-exec-2] DEBUG org.hibernate.SQL - select u1_0.emplyr_id,u1_0.area_no,u1_0.brthdy,u1_0.chg_pwd_cnt,u1_0.frst_register_id,u1_0.frst_regist_pnttm,u1_0.detail_adres,u1_0.email_adres,u1_0.emplyr_sttus_code,u1_0.empl_no,u1_0.esntl_id,u1_0.fxnum,u1_0.group_id,u1_0.house_adres,u1_0.house_end_telno,u1_0.house_middle_telno,u1_0.ihidnum,u1_0.pstinst_code,u1_0.last_updusr_id,u1_0.last_updt_pnttm,u1_0.lock_at,u1_0.lock_cnt,u1_0.lock_last_pnttm,u1_0.mbtlnum,u1_0.ofcps_nm,u1_0.offm_telno,u1_0.orgnzt_id,u1_0.password,u1_0.password_cnsr,u1_0.password_hint,u1_0.chg_pwd_last_pnttm,u1_0.role,u1_0.sbscrb_de,u1_0.sexdstn_code,u1_0.crtfc_dn_value,u1_0.user_nm,u1_0.zip from nemplyrinfo u1_0 where u1_0.emplyr_id=?
2026-03-16 16:58:15 [http-nio-8080-exec-7] DEBUG o.s.orm.jpa.JpaTransactionManager - Exposing JPA transaction as JDBC [org.springframework.orm.jpa.vendor.HibernateJpaDialect$HibernateConnectionHandle@33f89f5d]
2026-03-16 16:58:15 [http-nio-8080-exec-7] DEBUG o.s.orm.jpa.JpaTransactionManager - Found thread-bound EntityManager [SessionImpl(604873184<open>)] for JPA transaction
2026-03-16 16:58:15 [http-nio-8080-exec-7] DEBUG o.s.orm.jpa.JpaTransactionManager - Participating in existing transaction
2026-03-16 16:58:15 [http-nio-8080-exec-7] DEBUG org.hibernate.SQL - select u1_0.emplyr_id,u1_0.area_no,u1_0.brthdy,u1_0.chg_pwd_cnt,u1_0.frst_register_id,u1_0.frst_regist_pnttm,u1_0.detail_adres,u1_0.email_adres,u1_0.emplyr_sttus_code,u1_0.empl_no,u1_0.esntl_id,u1_0.fxnum,u1_0.group_id,u1_0.house_adres,u1_0.house_end_telno,u1_0.house_middle_telno,u1_0.ihidnum,u1_0.pstinst_code,u1_0.last_updusr_id,u1_0.last_updt_pnttm,u1_0.lock_at,u1_0.lock_cnt,u1_0.lock_last_pnttm,u1_0.mbtlnum,u1_0.ofcps_nm,u1_0.offm_telno,u1_0.orgnzt_id,u1_0.password,u1_0.password_cnsr,u1_0.password_hint,u1_0.chg_pwd_last_pnttm,u1_0.role,u1_0.sbscrb_de,u1_0.sexdstn_code,u1_0.crtfc_dn_value,u1_0.user_nm,u1_0.zip from nemplyrinfo u1_0 where u1_0.emplyr_id=?
2026-03-16 16:58:15 [http-nio-8080-exec-8] DEBUG o.s.orm.jpa.JpaTransactionManager - Found thread-bound EntityManager [SessionImpl(673394747<open>)] for JPA transaction
2026-03-16 16:58:15 [http-nio-8080-exec-8] DEBUG o.s.orm.jpa.JpaTransactionManager - Participating in existing transaction
2026-03-16 16:58:15 [http-nio-8080-exec-8] DEBUG org.hibernate.SQL - select p1_0.progrm_file_nm,p1_0.progrm_dc,p1_0.progrm_korean_nm,p1_0.progrm_stre_path,p1_0.url from nprogrmlist p1_0
2026-03-16 16:58:15 [http-nio-8080-exec-10] DEBUG o.s.orm.jpa.JpaTransactionManager - Exposing JPA transaction as JDBC [org.springframework.orm.jpa.vendor.HibernateJpaDialect$HibernateConnectionHandle@13b9469]
2026-03-16 16:58:15 [http-nio-8080-exec-10] DEBUG o.s.orm.jpa.JpaTransactionManager - Found thread-bound EntityManager [SessionImpl(1397740835<open>)] for JPA transaction
2026-03-16 16:58:15 [http-nio-8080-exec-10] DEBUG o.s.orm.jpa.JpaTransactionManager - Participating in existing transaction
2026-03-16 16:58:15 [http-nio-8080-exec-10] DEBUG org.hibernate.SQL - select u1_0.emplyr_id,u1_0.area_no,u1_0.brthdy,u1_0.chg_pwd_cnt,u1_0.frst_register_id,u1_0.frst_regist_pnttm,u1_0.detail_adres,u1_0.email_adres,u1_0.emplyr_sttus_code,u1_0.empl_no,u1_0.esntl_id,u1_0.fxnum,u1_0.group_id,u1_0.house_adres,u1_0.house_end_telno,u1_0.house_middle_telno,u1_0.ihidnum,u1_0.pstinst_code,u1_0.last_updusr_id,u1_0.last_updt_pnttm,u1_0.lock_at,u1_0.lock_cnt,u1_0.lock_last_pnttm,u1_0.mbtlnum,u1_0.ofcps_nm,u1_0.offm_telno,u1_0.orgnzt_id,u1_0.password,u1_0.password_cnsr,u1_0.password_hint,u1_0.chg_pwd_last_pnttm,u1_0.role,u1_0.sbscrb_de,u1_0.sexdstn_code,u1_0.crtfc_dn_value,u1_0.user_nm,u1_0.zip from nemplyrinfo u1_0 where u1_0.emplyr_id=?
2026-03-16 16:58:15 [http-nio-8080-exec-4] DEBUG o.s.orm.jpa.JpaTransactionManager - Found thread-bound EntityManager [SessionImpl(150066331<open>)] for JPA transaction
2026-03-16 16:58:15 [http-nio-8080-exec-4] DEBUG o.s.orm.jpa.JpaTransactionManager - Participating in existing transaction
2026-03-16 16:58:15 [http-nio-8080-exec-4] DEBUG org.hibernate.SQL - select ua1_0.scrty_dtrmn_trget_id,ua1_0.author_code,ua1_0.frst_register_id,ua1_0.frst_regist_pnttm,ua1_0.last_updusr_id,ua1_0.last_updt_pnttm,ua1_0.mber_ty_code from nemplyrscrtyestbs ua1_0 where ua1_0.scrty_dtrmn_trget_id=?
2026-03-16 16:58:15 [http-nio-8080-exec-2] DEBUG o.s.orm.jpa.JpaTransactionManager - Found thread-bound EntityManager [SessionImpl(512013476<open>)] for JPA transaction
2026-03-16 16:58:15 [http-nio-8080-exec-2] DEBUG o.s.orm.jpa.JpaTransactionManager - Participating in existing transaction
2026-03-16 16:58:15 [http-nio-8080-exec-2] DEBUG org.hibernate.SQL - select ua1_0.scrty_dtrmn_trget_id,ua1_0.author_code,ua1_0.frst_register_id,ua1_0.frst_regist_pnttm,ua1_0.last_updusr_id,ua1_0.last_updt_pnttm,ua1_0.mber_ty_code from nemplyrscrtyestbs ua1_0 where ua1_0.scrty_dtrmn_trget_id=?
2026-03-16 16:58:15 [http-nio-8080-exec-3] DEBUG o.s.orm.jpa.JpaTransactionManager - Found thread-bound EntityManager [SessionImpl(1545171418<open>)] for JPA transaction
2026-03-16 16:58:15 [http-nio-8080-exec-3] DEBUG o.s.orm.jpa.JpaTransactionManager - Participating in existing transaction
2026-03-16 16:58:15 [http-nio-8080-exec-3] DEBUG org.hibernate.SQL - select ua1_0.scrty_dtrmn_trget_id,ua1_0.author_code,ua1_0.frst_register_id,ua1_0.frst_regist_pnttm,ua1_0.last_updusr_id,ua1_0.last_updt_pnttm,ua1_0.mber_ty_code from nemplyrscrtyestbs ua1_0 where ua1_0.scrty_dtrmn_trget_id=?
2026-03-16 16:58:15 [http-nio-8080-exec-7] DEBUG o.s.orm.jpa.JpaTransactionManager - Found thread-bound EntityManager [SessionImpl(604873184<open>)] for JPA transaction
2026-03-16 16:58:15 [http-nio-8080-exec-7] DEBUG o.s.orm.jpa.JpaTransactionManager - Participating in existing transaction
2026-03-16 16:58:15 [http-nio-8080-exec-7] DEBUG org.hibernate.SQL - select ua1_0.scrty_dtrmn_trget_id,ua1_0.author_code,ua1_0.frst_register_id,ua1_0.frst_regist_pnttm,ua1_0.last_updusr_id,ua1_0.last_updt_pnttm,ua1_0.mber_ty_code from nemplyrscrtyestbs ua1_0 where ua1_0.scrty_dtrmn_trget_id=?
2026-03-16 16:58:15 [http-nio-8080-exec-10] DEBUG o.s.orm.jpa.JpaTransactionManager - Found thread-bound EntityManager [SessionImpl(1397740835<open>)] for JPA transaction
2026-03-16 16:58:15 [http-nio-8080-exec-10] DEBUG o.s.orm.jpa.JpaTransactionManager - Participating in existing transaction
2026-03-16 16:58:15 [http-nio-8080-exec-10] DEBUG org.hibernate.SQL - select ua1_0.scrty_dtrmn_trget_id,ua1_0.author_code,ua1_0.frst_register_id,ua1_0.frst_regist_pnttm,ua1_0.last_updusr_id,ua1_0.last_updt_pnttm,ua1_0.mber_ty_code from nemplyrscrtyestbs ua1_0 where ua1_0.scrty_dtrmn_trget_id=?
2026-03-16 16:58:15 [http-nio-8080-exec-4] DEBUG o.s.orm.jpa.JpaTransactionManager - Initiating transaction commit
2026-03-16 16:58:15 [http-nio-8080-exec-4] DEBUG o.s.orm.jpa.JpaTransactionManager - Committing JPA transaction on EntityManager [SessionImpl(150066331<open>)]
2026-03-16 16:58:15 [http-nio-8080-exec-2] DEBUG o.s.orm.jpa.JpaTransactionManager - Initiating transaction commit
2026-03-16 16:58:15 [http-nio-8080-exec-2] DEBUG o.s.orm.jpa.JpaTransactionManager - Committing JPA transaction on EntityManager [SessionImpl(512013476<open>)]
2026-03-16 16:58:15 [http-nio-8080-exec-3] DEBUG o.s.orm.jpa.JpaTransactionManager - Initiating transaction commit
2026-03-16 16:58:15 [http-nio-8080-exec-3] DEBUG o.s.orm.jpa.JpaTransactionManager - Committing JPA transaction on EntityManager [SessionImpl(1545171418<open>)]
2026-03-16 16:58:15 [http-nio-8080-exec-7] DEBUG o.s.orm.jpa.JpaTransactionManager - Initiating transaction commit
2026-03-16 16:58:15 [http-nio-8080-exec-7] DEBUG o.s.orm.jpa.JpaTransactionManager - Committing JPA transaction on EntityManager [SessionImpl(604873184<open>)]
2026-03-16 16:58:15 [http-nio-8080-exec-8] DEBUG o.s.orm.jpa.JpaTransactionManager - Initiating transaction commit
2026-03-16 16:58:15 [http-nio-8080-exec-8] DEBUG o.s.orm.jpa.JpaTransactionManager - Committing JPA transaction on EntityManager [SessionImpl(673394747<open>)]
2026-03-16 16:58:15 [http-nio-8080-exec-10] DEBUG o.s.orm.jpa.JpaTransactionManager - Initiating transaction commit
2026-03-16 16:58:15 [http-nio-8080-exec-10] DEBUG o.s.orm.jpa.JpaTransactionManager - Committing JPA transaction on EntityManager [SessionImpl(1397740835<open>)]
2026-03-16 16:58:15 [http-nio-8080-exec-4] DEBUG o.s.orm.jpa.JpaTransactionManager - Closing JPA EntityManager [SessionImpl(150066331<open>)] after transaction
2026-03-16 16:58:15 [http-nio-8080-exec-4] DEBUG c.c.p.s.jwt.JwtAuthenticationFilter - >>> [JwtFilter] Successfully authenticated user: USRCNFRM_99999999999, Authorities: [ROLE_ADMIN]
2026-03-16 16:58:15 [http-nio-8080-exec-4] DEBUG o.s.web.servlet.DispatcherServlet - GET "/api/v1/notifications/unread-count", parameters={}
2026-03-16 16:58:15 [http-nio-8080-exec-4] TRACE o.s.w.s.m.m.a.RequestMappingHandlerMapping - Mapped to com.company.project.api.controller.notification.NotificationController#getUnreadCount(UserDetails)
2026-03-16 16:58:15 [http-nio-8080-exec-4] DEBUG o.s.orm.jpa.JpaTransactionManager - Creating new transaction with name [com.company.project.service.notification.NotificationService.getUnreadCount]: PROPAGATION_REQUIRED,ISOLATION_DEFAULT,readOnly
2026-03-16 16:58:15 [http-nio-8080-exec-4] DEBUG o.s.orm.jpa.JpaTransactionManager - Opened new EntityManager [SessionImpl(182407414<open>)] for JPA transaction
2026-03-16 16:58:15 [http-nio-8080-exec-4] DEBUG o.s.orm.jpa.JpaTransactionManager - Exposing JPA transaction as JDBC [org.springframework.orm.jpa.vendor.HibernateJpaDialect$HibernateConnectionHandle@30a95573]
2026-03-16 16:58:15 [http-nio-8080-exec-4] DEBUG org.hibernate.SQL - select count(n1_0.ntcn_no) from n_user_notification n1_0 where n1_0.receiver_id=? and n1_0.is_read=?
2026-03-16 16:58:15 [http-nio-8080-exec-2] DEBUG o.s.orm.jpa.JpaTransactionManager - Closing JPA EntityManager [SessionImpl(512013476<open>)] after transaction
2026-03-16 16:58:15 [http-nio-8080-exec-2] DEBUG c.c.p.s.jwt.JwtAuthenticationFilter - >>> [JwtFilter] Successfully authenticated user: USRCNFRM_99999999999, Authorities: [ROLE_ADMIN]
2026-03-16 16:58:15 [http-nio-8080-exec-2] DEBUG o.s.web.servlet.DispatcherServlet - GET "/api/v1/popups/active", parameters={}
2026-03-16 16:58:15 [http-nio-8080-exec-2] TRACE o.s.w.s.m.m.a.RequestMappingHandlerMapping - Mapped to com.company.project.api.controller.system.content.popup.PopupController#getActivePopups()
2026-03-16 16:58:15 [http-nio-8080-exec-2] DEBUG o.s.orm.jpa.JpaTransactionManager - Creating new transaction with name [com.company.project.service.system.content.popup.PopupServiceImpl.getActivePopups]: PROPAGATION_REQUIRED,ISOLATION_DEFAULT,readOnly
2026-03-16 16:58:15 [http-nio-8080-exec-2] DEBUG o.s.orm.jpa.JpaTransactionManager - Opened new EntityManager [SessionImpl(1377290105<open>)] for JPA transaction
2026-03-16 16:58:15 [http-nio-8080-exec-2] DEBUG o.s.orm.jpa.JpaTransactionManager - Exposing JPA transaction as JDBC [org.springframework.orm.jpa.vendor.HibernateJpaDialect$HibernateConnectionHandle@6a0fd655]
2026-03-16 16:58:15 [http-nio-8080-exec-2] DEBUG org.hibernate.SQL - select p1_0.popup_id,p1_0.frst_register_id,p1_0.frst_regist_pnttm,p1_0.file_url,p1_0.ntce_at,p1_0.stopvew_setup_at,p1_0.last_updusr_id,p1_0.last_updt_pnttm,p1_0.ntce_bgnde,p1_0.ntce_endde,p1_0.popup_vrticl_lc,p1_0.popup_vrticl_size,p1_0.popup_sj_nm,p1_0.popup_width_lc,p1_0.popup_width_size from npopupmanage p1_0 where p1_0.ntce_at='Y' and ? between p1_0.ntce_bgnde and p1_0.ntce_endde
2026-03-16 16:58:16 [http-nio-8080-exec-3] DEBUG o.s.orm.jpa.JpaTransactionManager - Closing JPA EntityManager [SessionImpl(1545171418<open>)] after transaction
2026-03-16 16:58:16 [http-nio-8080-exec-3] DEBUG c.c.p.s.jwt.JwtAuthenticationFilter - >>> [JwtFilter] Successfully authenticated user: USRCNFRM_99999999999, Authorities: [ROLE_ADMIN]
2026-03-16 16:58:16 [http-nio-8080-exec-3] DEBUG o.s.web.servlet.DispatcherServlet - GET "/api/v1/notifications", parameters={}
2026-03-16 16:58:16 [http-nio-8080-exec-3] TRACE o.s.w.s.m.m.a.RequestMappingHandlerMapping - Mapped to com.company.project.api.controller.notification.NotificationController#getMyNotifications(UserDetails)
2026-03-16 16:58:16 [http-nio-8080-exec-3] DEBUG o.s.orm.jpa.JpaTransactionManager - Creating new transaction with name [com.company.project.service.notification.NotificationService.getActiveNotifications]: PROPAGATION_REQUIRED,ISOLATION_DEFAULT,readOnly
2026-03-16 16:58:16 [http-nio-8080-exec-3] DEBUG o.s.orm.jpa.JpaTransactionManager - Opened new EntityManager [SessionImpl(175890402<open>)] for JPA transaction
2026-03-16 16:58:16 [http-nio-8080-exec-3] DEBUG o.s.orm.jpa.JpaTransactionManager - Exposing JPA transaction as JDBC [org.springframework.orm.jpa.vendor.HibernateJpaDialect$HibernateConnectionHandle@442df502]
2026-03-16 16:58:16 [http-nio-8080-exec-3] DEBUG o.s.orm.jpa.JpaTransactionManager - Found thread-bound EntityManager [SessionImpl(175890402<open>)] for JPA transaction
2026-03-16 16:58:16 [http-nio-8080-exec-3] DEBUG o.s.orm.jpa.JpaTransactionManager - Participating in existing transaction
2026-03-16 16:58:16 [http-nio-8080-exec-3] DEBUG org.hibernate.SQL - select n1_0.ntcn_no,n1_0.frst_register_id,n1_0.frst_regist_pnttm,n1_0.is_read,n1_0.last_updusr_id,n1_0.last_updt_pnttm,n1_0.link_url,n1_0.ntcn_cn,n1_0.ntcn_sj,n1_0.receiver_id from n_user_notification n1_0
2026-03-16 16:58:16 [http-nio-8080-exec-7] DEBUG o.s.orm.jpa.JpaTransactionManager - Closing JPA EntityManager [SessionImpl(604873184<open>)] after transaction
2026-03-16 16:58:16 [http-nio-8080-exec-7] DEBUG c.c.p.s.jwt.JwtAuthenticationFilter - >>> [JwtFilter] Successfully authenticated user: USRCNFRM_99999999999, Authorities: [ROLE_ADMIN]
2026-03-16 16:58:16 [http-nio-8080-exec-7] DEBUG o.s.web.servlet.DispatcherServlet - GET "/api/v1/admin/system/banners/reflected", parameters={}
2026-03-16 16:58:16 [http-nio-8080-exec-7] TRACE o.s.w.s.m.m.a.RequestMappingHandlerMapping - Mapped to com.company.project.api.controller.system.content.banner.BannerApiController#getReflectedBanners()
2026-03-16 16:58:16 [http-nio-8080-exec-7] DEBUG o.s.orm.jpa.JpaTransactionManager - Creating new transaction with name [com.company.project.service.system.content.banner.BannerService.getReflectedBanners]: PROPAGATION_REQUIRED,ISOLATION_DEFAULT,readOnly
2026-03-16 16:58:16 [http-nio-8080-exec-7] DEBUG o.s.orm.jpa.JpaTransactionManager - Opened new EntityManager [SessionImpl(501551229<open>)] for JPA transaction
2026-03-16 16:58:16 [http-nio-8080-exec-7] DEBUG o.s.orm.jpa.JpaTransactionManager - Exposing JPA transaction as JDBC [org.springframework.orm.jpa.vendor.HibernateJpaDialect$HibernateConnectionHandle@13842692]
2026-03-16 16:58:16 [http-nio-8080-exec-7] DEBUG org.hibernate.SQL - select b1_0.banner_id,b1_0.banner_dc,b1_0.banner_image,b1_0.banner_image_file,b1_0.banner_nm,b1_0.frst_register_id,b1_0.frst_regist_pnttm,b1_0.last_updusr_id,b1_0.last_updt_pnttm,b1_0.link_url,b1_0.reflct_at,b1_0.sort_ordr from nbanner b1_0 where b1_0.reflct_at=? order by b1_0.sort_ordr
2026-03-16 16:58:16 [http-nio-8080-exec-8] DEBUG o.s.orm.jpa.JpaTransactionManager - Closing JPA EntityManager [SessionImpl(673394747<open>)] after transaction
2026-03-16 16:58:16 [http-nio-8080-exec-8] INFO  c.c.p.a.c.menu.MenuController - getLeftMenu returned 5 items
2026-03-16 16:58:16 [http-nio-8080-exec-8] DEBUG o.s.w.s.m.m.a.HttpEntityMethodProcessor - Using 'application/json', given [application/json, text/plain, */*] and supported [application/json, application/*+json, application/yaml]
2026-03-16 16:58:16 [http-nio-8080-exec-8] TRACE o.s.w.s.m.m.a.HttpEntityMethodProcessor - Writing [ApiResponse[success=true, status=200, code=COMMON_001, message=Success, data={list=[com.company.project.service.menu.dto.MenuDto@31a32326, com.company.project.service.menu.dto.MenuDto@3a9ef168, com.company.project.service.menu.dto.MenuDto@30846246, com.company.project.service.menu.dto.MenuDto@51edf677, com.company.project.service.menu.dto.MenuDto@797f457f]}, timestamp=2026-03-16T16:58:16.130295400]]
2026-03-16 16:58:16 [http-nio-8080-exec-8] INFO  c.c.p.a.i.OperationalAuditInterceptor - API Audit Log: URL=/api/v1/menu/left, User=webmaster, IP=127.0.0.1
2026-03-16 16:58:16 [http-nio-8080-exec-8] DEBUG o.s.web.servlet.DispatcherServlet - Completed 200 OK
2026-03-16 16:58:16 [http-nio-8080-exec-10] DEBUG o.s.orm.jpa.JpaTransactionManager - Closing JPA EntityManager [SessionImpl(1397740835<open>)] after transaction
2026-03-16 16:58:16 [http-nio-8080-exec-10] DEBUG c.c.p.s.jwt.JwtAuthenticationFilter - >>> [JwtFilter] Successfully authenticated user: USRCNFRM_99999999999, Authorities: [ROLE_ADMIN]
2026-03-16 16:58:16 [http-nio-8080-exec-10] DEBUG o.s.web.servlet.DispatcherServlet - GET "/api/v1/admin/system/statistics/connect?statsKind=SERVICE", parameters={masked}
2026-03-16 16:58:16 [http-nio-8080-exec-10] DEBUG o.s.w.s.h.SimpleUrlHandlerMapping - Mapped to ResourceHttpRequestHandler [classpath [META-INF/resources/], classpath [resources/], classpath [static/], classpath [public/], ServletContext [/]]
2026-03-16 16:58:16 [http-nio-8080-exec-6] DEBUG c.c.p.s.jwt.JwtAuthenticationFilter - >>> [JwtFilter] Processing request: GET /api/v1/admin/system/statistics/bbs
2026-03-16 16:58:16 [http-nio-8080-exec-6] DEBUG c.c.p.s.jwt.JwtAuthenticationFilter - >>> [JwtFilter] Found token in header for path: /api/v1/admin/system/statistics/bbs
2026-03-16 16:58:16 [http-nio-8080-exec-6] DEBUG o.s.orm.jpa.JpaTransactionManager - Creating new transaction with name [com.company.project.security.iam.CustomUserDetailsService.loadUserByUsername]: PROPAGATION_REQUIRED,ISOLATION_DEFAULT,readOnly
2026-03-16 16:58:16 [http-nio-8080-exec-4] DEBUG o.s.orm.jpa.JpaTransactionManager - Initiating transaction commit
2026-03-16 16:58:16 [http-nio-8080-exec-6] DEBUG o.s.orm.jpa.JpaTransactionManager - Opened new EntityManager [SessionImpl(1576820599<open>)] for JPA transaction
2026-03-16 16:58:16 [http-nio-8080-exec-4] DEBUG o.s.orm.jpa.JpaTransactionManager - Committing JPA transaction on EntityManager [SessionImpl(182407414<open>)]
2026-03-16 16:58:16 [http-nio-8080-exec-10] DEBUG o.s.w.s.r.ResourceHttpRequestHandler - Resource not found
2026-03-16 16:58:16 [http-nio-8080-exec-10] DEBUG o.s.w.s.m.m.a.ExceptionHandlerExceptionResolver - Using @ExceptionHandler com.company.project.core.exception.GlobalExceptionHandler#handleException(Exception)
2026-03-16 16:58:16 [http-nio-8080-exec-2] DEBUG o.s.orm.jpa.JpaTransactionManager - Initiating transaction commit
2026-03-16 16:58:16 [http-nio-8080-exec-2] DEBUG o.s.orm.jpa.JpaTransactionManager - Committing JPA transaction on EntityManager [SessionImpl(1377290105<open>)]
2026-03-16 16:58:16 [http-nio-8080-exec-10] ERROR c.c.p.c.e.GlobalExceptionHandler - >>> Internal Server Error: No static resource api/v1/admin/system/statistics/connect.
org.springframework.web.servlet.resource.NoResourceFoundException: No static resource api/v1/admin/system/statistics/connect.
	at org.springframework.web.servlet.resource.ResourceHttpRequestHandler.handleRequest(ResourceHttpRequestHandler.java:585)
	at org.springframework.web.servlet.mvc.HttpRequestHandlerAdapter.handle(HttpRequestHandlerAdapter.java:52)
	at org.springframework.web.servlet.DispatcherServlet.doDispatch(DispatcherServlet.java:1088)
	at org.springframework.web.servlet.DispatcherServlet.doService(DispatcherServlet.java:978)
	at org.springframework.web.servlet.FrameworkServlet.processRequest(FrameworkServlet.java:1014)
	at org.springframework.web.servlet.FrameworkServlet.doGet(FrameworkServlet.java:903)
	at jakarta.servlet.http.HttpServlet.service(HttpServlet.java:527)
	at org.springframework.web.servlet.FrameworkServlet.service(FrameworkServlet.java:885)
	at jakarta.servlet.http.HttpServlet.service(HttpServlet.java:614)
	at org.apache.catalina.core.ApplicationFilterChain.internalDoFilter(ApplicationFilterChain.java:195)
	at org.apache.catalina.core.ApplicationFilterChain.doFilter(ApplicationFilterChain.java:140)
	at org.apache.tomcat.websocket.server.WsFilter.doFilter(WsFilter.java:51)
	at org.apache.catalina.core.ApplicationFilterChain.internalDoFilter(ApplicationFilterChain.java:164)
	at org.apache.catalina.core.ApplicationFilterChain.doFilter(ApplicationFilterChain.java:140)
	at org.springframework.web.filter.CompositeFilter$VirtualFilterChain.doFilter(CompositeFilter.java:108)
	at org.springframework.security.web.FilterChainProxy.lambda$doFilterInternal$3(FilterChainProxy.java:231)
	at org.springframework.security.web.ObservationFilterChainDecorator$FilterObservation$SimpleFilterObservation.lambda$wrap$1(ObservationFilterChainDecorator.java:479)
	at org.springframework.security.web.ObservationFilterChainDecorator$AroundFilterObservation$SimpleAroundFilterObservation.lambda$wrap$1(ObservationFilterChainDecorator.java:340)
	at org.springframework.security.web.ObservationFilterChainDecorator.lambda$wrapSecured$0(ObservationFilterChainDecorator.java:82)
	at org.springframework.security.web.ObservationFilterChainDecorator$VirtualFilterChain.doFilter(ObservationFilterChainDecorator.java:128)
	at org.springframework.security.web.access.intercept.AuthorizationFilter.doFilter(AuthorizationFilter.java:101)
	at org.springframework.security.web.ObservationFilterChainDecorator$ObservationFilter.wrapFilter(ObservationFilterChainDecorator.java:240)
	at org.springframework.security.web.ObservationFilterChainDecorator$ObservationFilter.doFilter(ObservationFilterChainDecorator.java:227)
	at org.springframework.security.web.ObservationFilterChainDecorator$VirtualFilterChain.doFilter(ObservationFilterChainDecorator.java:137)
	at org.springframework.security.web.access.ExceptionTranslationFilter.doFilter(ExceptionTranslationFilter.java:126)
	at org.springframework.security.web.access.ExceptionTranslationFilter.doFilter(ExceptionTranslationFilter.java:120)
	at org.springframework.security.web.ObservationFilterChainDecorator$ObservationFilter.wrapFilter(ObservationFilterChainDecorator.java:240)
	at org.springframework.security.web.ObservationFilterChainDecorator$ObservationFilter.doFilter(ObservationFilterChainDecorator.java:227)
	at org.springframework.security.web.ObservationFilterChainDecorator$VirtualFilterChain.doFilter(ObservationFilterChainDecorator.java:137)
	at org.springframework.security.web.session.SessionManagementFilter.doFilter(SessionManagementFilter.java:131)
	at org.springframework.security.web.session.SessionManagementFilter.doFilter(SessionManagementFilter.java:85)
	at org.springframework.security.web.ObservationFilterChainDecorator$ObservationFilter.wrapFilter(ObservationFilterChainDecorator.java:240)
	at org.springframework.security.web.ObservationFilterChainDecorator$ObservationFilter.doFilter(ObservationFilterChainDecorator.java:227)
	at org.springframework.security.web.ObservationFilterChainDecorator$VirtualFilterChain.doFilter(ObservationFilterChainDecorator.java:137)
	at org.springframework.security.web.authentication.AnonymousAuthenticationFilter.doFilter(AnonymousAuthenticationFilter.java:100)
	at org.springframework.security.web.ObservationFilterChainDecorator$ObservationFilter.wrapFilter(ObservationFilterChainDecorator.java:240)
	at org.springframework.security.web.ObservationFilterChainDecorator$ObservationFilter.doFilter(ObservationFilterChainDecorator.java:227)
	at org.springframework.security.web.ObservationFilterChainDecorator$VirtualFilterChain.doFilter(ObservationFilterChainDecorator.java:137)
	at org.springframework.security.web.servletapi.SecurityContextHolderAwareRequestFilter.doFilter(SecurityContextHolderAwareRequestFilter.java:179)
	at org.springframework.security.web.ObservationFilterChainDecorator$ObservationFilter.wrapFilter(ObservationFilterChainDecorator.java:240)
	at org.springframework.security.web.ObservationFilterChainDecorator$ObservationFilter.doFilter(ObservationFilterChainDecorator.java:227)
	at org.springframework.security.web.ObservationFilterChainDecorator$VirtualFilterChain.doFilter(ObservationFilterChainDecorator.java:137)
	at org.springframework.security.web.savedrequest.RequestCacheAwareFilter.doFilter(RequestCacheAwareFilter.java:63)
	at org.springframework.security.web.ObservationFilterChainDecorator$ObservationFilter.wrapFilter(ObservationFilterChainDecorator.java:240)
	at org.springframework.security.web.ObservationFilterChainDecorator$ObservationFilter.doFilter(ObservationFilterChainDecorator.java:227)
	at org.springframework.security.web.ObservationFilterChainDecorator$VirtualFilterChain.doFilter(ObservationFilterChainDecorator.java:137)
	at com.company.project.security.jwt.JwtAuthenticationFilter.doFilterInternal(JwtAuthenticationFilter.java:52)
	at org.springframework.web.filter.OncePerRequestFilter.doFilter(OncePerRequestFilter.java:116)
	at org.springframework.security.web.ObservationFilterChainDecorator$ObservationFilter.wrapFilter(ObservationFilterChainDecorator.java:240)
	at org.springframework.security.web.ObservationFilterChainDecorator$ObservationFilter.doFilter(ObservationFilterChainDecorator.java:227)
	at org.springframework.security.web.ObservationFilterChainDecorator$VirtualFilterChain.doFilter(ObservationFilterChainDecorator.java:137)
	at org.springframework.security.web.authentication.logout.LogoutFilter.doFilter(LogoutFilter.java:107)
	at org.springframework.security.web.authentication.logout.LogoutFilter.doFilter(LogoutFilter.java:93)
	at org.springframework.security.web.ObservationFilterChainDecorator$ObservationFilter.wrapFilter(ObservationFilterChainDecorator.java:240)
	at org.springframework.security.web.ObservationFilterChainDecorator$ObservationFilter.doFilter(ObservationFilterChainDecorator.java:227)
	at org.springframework.security.web.ObservationFilterChainDecorator$VirtualFilterChain.doFilter(ObservationFilterChainDecorator.java:137)
	at org.springframework.web.filter.CorsFilter.doFilterInternal(CorsFilter.java:91)
	at org.springframework.web.filter.OncePerRequestFilter.doFilter(OncePerRequestFilter.java:116)
	at org.springframework.security.web.ObservationFilterChainDecorator$ObservationFilter.wrapFilter(ObservationFilterChainDecorator.java:240)
	at org.springframework.security.web.ObservationFilterChainDecorator$ObservationFilter.doFilter(ObservationFilterChainDecorator.java:227)
	at org.springframework.security.web.ObservationFilterChainDecorator$VirtualFilterChain.doFilter(ObservationFilterChainDecorator.java:137)
	at org.springframework.security.web.header.HeaderWriterFilter.doHeadersAfter(HeaderWriterFilter.java:90)
	at org.springframework.security.web.header.HeaderWriterFilter.doFilterInternal(HeaderWriterFilter.java:75)
	at org.springframework.web.filter.OncePerRequestFilter.doFilter(OncePerRequestFilter.java:116)
	at org.springframework.security.web.ObservationFilterChainDecorator$ObservationFilter.wrapFilter(ObservationFilterChainDecorator.java:240)
	at org.springframework.security.web.ObservationFilterChainDecorator$ObservationFilter.doFilter(ObservationFilterChainDecorator.java:227)
	at org.springframework.security.web.ObservationFilterChainDecorator$VirtualFilterChain.doFilter(ObservationFilterChainDecorator.java:137)
	at org.springframework.security.web.context.SecurityContextHolderFilter.doFilter(SecurityContextHolderFilter.java:82)
	at org.springframework.security.web.context.SecurityContextHolderFilter.doFilter(SecurityContextHolderFilter.java:69)
	at org.springframework.security.web.ObservationFilterChainDecorator$ObservationFilter.wrapFilter(ObservationFilterChainDecorator.java:240)
	at org.springframework.security.web.ObservationFilterChainDecorator$ObservationFilter.doFilter(ObservationFilterChainDecorator.java:227)
	at org.springframework.security.web.ObservationFilterChainDecorator$VirtualFilterChain.doFilter(ObservationFilterChainDecorator.java:137)
	at org.springframework.security.web.context.request.async.WebAsyncManagerIntegrationFilter.doFilterInternal(WebAsyncManagerIntegrationFilter.java:62)
	at org.springframework.web.filter.OncePerRequestFilter.doFilter(OncePerRequestFilter.java:116)
	at org.springframework.security.web.ObservationFilterChainDecorator$ObservationFilter.wrapFilter(ObservationFilterChainDecorator.java:240)
	at org.springframework.security.web.ObservationFilterChainDecorator$ObservationFilter.doFilter(ObservationFilterChainDecorator.java:227)
	at org.springframework.security.web.ObservationFilterChainDecorator$VirtualFilterChain.doFilter(ObservationFilterChainDecorator.java:137)
	at org.springframework.security.web.session.DisableEncodeUrlFilter.doFilterInternal(DisableEncodeUrlFilter.java:42)
	at org.springframework.web.filter.OncePerRequestFilter.doFilter(OncePerRequestFilter.java:116)
	at org.springframework.security.web.ObservationFilterChainDecorator$ObservationFilter.wrapFilter(ObservationFilterChainDecorator.java:240)
	at org.springframework.security.web.ObservationFilterChainDecorator$AroundFilterObservation$SimpleAroundFilterObservation.lambda$wrap$0(ObservationFilterChainDecorator.java:323)
	at org.springframework.security.web.ObservationFilterChainDecorator$ObservationFilter.doFilter(ObservationFilterChainDecorator.java:224)
	at org.springframework.security.web.ObservationFilterChainDecorator$VirtualFilterChain.doFilter(ObservationFilterChainDecorator.java:137)
	at org.springframework.security.web.FilterChainProxy.doFilterInternal(FilterChainProxy.java:233)
	at org.springframework.security.web.FilterChainProxy.doFilter(FilterChainProxy.java:191)
	at org.springframework.web.filter.CompositeFilter$VirtualFilterChain.doFilter(CompositeFilter.java:113)
	at org.springframework.web.servlet.handler.HandlerMappingIntrospector.lambda$createCacheFilter$3(HandlerMappingIntrospector.java:243)
	at org.springframework.web.filter.CompositeFilter$VirtualFilterChain.doFilter(CompositeFilter.java:113)
	at org.springframework.web.filter.CompositeFilter.doFilter(CompositeFilter.java:74)
	at org.springframework.security.config.annotation.web.configuration.WebMvcSecurityConfiguration$CompositeFilterChainProxy.doFilter(WebMvcSecurityConfiguration.java:238)
	at org.springframework.web.filter.DelegatingFilterProxy.invokeDelegate(DelegatingFilterProxy.java:362)
	at org.springframework.web.filter.DelegatingFilterProxy.doFilter(DelegatingFilterProxy.java:278)
	at org.apache.catalina.core.ApplicationFilterChain.internalDoFilter(ApplicationFilterChain.java:164)
	at org.apache.catalina.core.ApplicationFilterChain.doFilter(ApplicationFilterChain.java:140)
	at org.springframework.web.filter.RequestContextFilter.doFilterInternal(RequestContextFilter.java:100)
	at org.springframework.web.filter.OncePerRequestFilter.doFilter(OncePerRequestFilter.java:116)
	at org.apache.catalina.core.ApplicationFilterChain.internalDoFilter(ApplicationFilterChain.java:164)
	at org.apache.catalina.core.ApplicationFilterChain.doFilter(ApplicationFilterChain.java:140)
	at org.springframework.web.filter.FormContentFilter.doFilterInternal(FormContentFilter.java:93)
	at org.springframework.web.filter.OncePerRequestFilter.doFilter(OncePerRequestFilter.java:116)
	at org.apache.catalina.core.ApplicationFilterChain.internalDoFilter(ApplicationFilterChain.java:164)
	at org.apache.catalina.core.ApplicationFilterChain.doFilter(ApplicationFilterChain.java:140)
	at org.springframework.web.filter.ServerHttpObservationFilter.doFilterInternal(ServerHttpObservationFilter.java:114)
	at org.springframework.web.filter.OncePerRequestFilter.doFilter(OncePerRequestFilter.java:116)
	at org.apache.catalina.core.ApplicationFilterChain.internalDoFilter(ApplicationFilterChain.java:164)
	at org.apache.catalina.core.ApplicationFilterChain.doFilter(ApplicationFilterChain.java:140)
	at org.springframework.web.filter.CharacterEncodingFilter.doFilterInternal(CharacterEncodingFilter.java:201)
	at org.springframework.web.filter.OncePerRequestFilter.doFilter(OncePerRequestFilter.java:116)
	at org.apache.catalina.core.ApplicationFilterChain.internalDoFilter(ApplicationFilterChain.java:164)
	at org.apache.catalina.core.ApplicationFilterChain.doFilter(ApplicationFilterChain.java:140)
	at org.apache.catalina.core.StandardWrapperValve.invoke(StandardWrapperValve.java:167)
	at org.apache.catalina.core.StandardContextValve.invoke(StandardContextValve.java:90)
	at org.apache.catalina.authenticator.AuthenticatorBase.invoke(AuthenticatorBase.java:483)
	at org.apache.catalina.core.StandardHostValve.invoke(StandardHostValve.java:115)
	at org.apache.catalina.valves.ErrorReportValve.invoke(ErrorReportValve.java:93)
	at org.apache.catalina.core.StandardEngineValve.invoke(StandardEngineValve.java:74)
	at org.apache.catalina.connector.CoyoteAdapter.service(CoyoteAdapter.java:344)
	at org.apache.coyote.http11.Http11Processor.service(Http11Processor.java:397)
	at org.apache.coyote.AbstractProcessorLight.process(AbstractProcessorLight.java:63)
	at org.apache.coyote.AbstractProtocol$ConnectionHandler.process(AbstractProtocol.java:905)
	at org.apache.tomcat.util.net.NioEndpoint$SocketProcessor.doRun(NioEndpoint.java:1741)
	at org.apache.tomcat.util.net.SocketProcessorBase.run(SocketProcessorBase.java:52)
	at org.apache.tomcat.util.threads.ThreadPoolExecutor.runWorker(ThreadPoolExecutor.java:1190)
	at org.apache.tomcat.util.threads.ThreadPoolExecutor$Worker.run(ThreadPoolExecutor.java:659)
	at org.apache.tomcat.util.threads.TaskThread$WrappingRunnable.run(TaskThread.java:63)
	at java.base/java.lang.Thread.run(Thread.java:1583)
2026-03-16 16:58:16 [http-nio-8080-exec-10] DEBUG o.s.w.s.m.m.a.HttpEntityMethodProcessor - Using 'application/json', given [application/json, text/plain, */*] and supported [application/json, application/*+json, application/yaml]
2026-03-16 16:58:16 [http-nio-8080-exec-10] TRACE o.s.w.s.m.m.a.HttpEntityMethodProcessor - Writing [ApiResponse[success=false, status=500, code=C004, message=예기치 않은 서버 오류가 발생했습니다., data=null, timestamp=2026-03-16T16:58:16.144569400]]
2026-03-16 16:58:16 [http-nio-8080-exec-10] DEBUG o.s.w.s.m.m.a.ExceptionHandlerExceptionResolver - Resolved [org.springframework.web.servlet.resource.NoResourceFoundException: No static resource api/v1/admin/system/statistics/connect.]
2026-03-16 16:58:16 [http-nio-8080-exec-10] DEBUG o.s.web.servlet.DispatcherServlet - Completed 500 INTERNAL_SERVER_ERROR
2026-03-16 16:58:16 [http-nio-8080-exec-1] DEBUG c.c.p.s.jwt.JwtAuthenticationFilter - >>> [JwtFilter] Processing request: GET /api/v1/menu/left
2026-03-16 16:58:16 [http-nio-8080-exec-1] DEBUG c.c.p.s.jwt.JwtAuthenticationFilter - >>> [JwtFilter] Found token in header for path: /api/v1/menu/left
2026-03-16 16:58:16 [http-nio-8080-exec-1] DEBUG o.s.orm.jpa.JpaTransactionManager - Creating new transaction with name [com.company.project.security.iam.CustomUserDetailsService.loadUserByUsername]: PROPAGATION_REQUIRED,ISOLATION_DEFAULT,readOnly
2026-03-16 16:58:16 [http-nio-8080-exec-1] DEBUG o.s.orm.jpa.JpaTransactionManager - Opened new EntityManager [SessionImpl(1690178246<open>)] for JPA transaction
2026-03-16 16:58:16 [http-nio-8080-exec-3] DEBUG o.s.orm.jpa.JpaTransactionManager - Initiating transaction commit
2026-03-16 16:58:16 [http-nio-8080-exec-3] DEBUG o.s.orm.jpa.JpaTransactionManager - Committing JPA transaction on EntityManager [SessionImpl(175890402<open>)]
2026-03-16 16:58:16 [http-nio-8080-exec-7] DEBUG o.s.orm.jpa.JpaTransactionManager - Initiating transaction commit
2026-03-16 16:58:16 [http-nio-8080-exec-7] DEBUG o.s.orm.jpa.JpaTransactionManager - Committing JPA transaction on EntityManager [SessionImpl(501551229<open>)]
2026-03-16 16:58:16 [http-nio-8080-exec-4] DEBUG o.s.orm.jpa.JpaTransactionManager - Closing JPA EntityManager [SessionImpl(182407414<open>)] after transaction
2026-03-16 16:58:16 [http-nio-8080-exec-4] DEBUG o.s.w.s.m.m.a.HttpEntityMethodProcessor - Using 'application/json', given [application/json, text/plain, */*] and supported [application/json, application/*+json, application/yaml]
2026-03-16 16:58:16 [http-nio-8080-exec-4] TRACE o.s.w.s.m.m.a.HttpEntityMethodProcessor - Writing [ApiResponse[success=true, status=200, code=COMMON_001, message=Success, data=0, timestamp=2026-03-16T16:58:16.288348300]]
2026-03-16 16:58:16 [http-nio-8080-exec-4] INFO  c.c.p.a.i.OperationalAuditInterceptor - API Audit Log: URL=/api/v1/notifications/unread-count, User=webmaster, IP=127.0.0.1
2026-03-16 16:58:16 [http-nio-8080-exec-4] DEBUG o.s.web.servlet.DispatcherServlet - Completed 200 OK
2026-03-16 16:58:16 [http-nio-8080-exec-2] DEBUG o.s.orm.jpa.JpaTransactionManager - Closing JPA EntityManager [SessionImpl(1377290105<open>)] after transaction
2026-03-16 16:58:16 [http-nio-8080-exec-2] DEBUG o.s.w.s.m.m.a.HttpEntityMethodProcessor - Using 'application/json', given [application/json, text/plain, */*] and supported [application/json, application/*+json, application/yaml]
2026-03-16 16:58:16 [http-nio-8080-exec-2] TRACE o.s.w.s.m.m.a.HttpEntityMethodProcessor - Writing [ApiResponse[success=true, status=200, code=COMMON_001, message=Success, data=[], timestamp=2026-03-16T16:58:16.292454900]]
2026-03-16 16:58:16 [http-nio-8080-exec-2] INFO  c.c.p.a.i.OperationalAuditInterceptor - API Audit Log: URL=/api/v1/popups/active, User=webmaster, IP=127.0.0.1
2026-03-16 16:58:16 [http-nio-8080-exec-2] DEBUG o.s.web.servlet.DispatcherServlet - Completed 200 OK
2026-03-16 16:58:16 [http-nio-8080-exec-6] DEBUG o.s.orm.jpa.JpaTransactionManager - Exposing JPA transaction as JDBC [org.springframework.orm.jpa.vendor.HibernateJpaDialect$HibernateConnectionHandle@7929ad2d]
2026-03-16 16:58:16 [http-nio-8080-exec-6] DEBUG o.s.orm.jpa.JpaTransactionManager - Found thread-bound EntityManager [SessionImpl(1576820599<open>)] for JPA transaction
2026-03-16 16:58:16 [http-nio-8080-exec-6] DEBUG o.s.orm.jpa.JpaTransactionManager - Participating in existing transaction
2026-03-16 16:58:16 [http-nio-8080-exec-6] DEBUG org.hibernate.SQL - select u1_0.emplyr_id,u1_0.area_no,u1_0.brthdy,u1_0.chg_pwd_cnt,u1_0.frst_register_id,u1_0.frst_regist_pnttm,u1_0.detail_adres,u1_0.email_adres,u1_0.emplyr_sttus_code,u1_0.empl_no,u1_0.esntl_id,u1_0.fxnum,u1_0.group_id,u1_0.house_adres,u1_0.house_end_telno,u1_0.house_middle_telno,u1_0.ihidnum,u1_0.pstinst_code,u1_0.last_updusr_id,u1_0.last_updt_pnttm,u1_0.lock_at,u1_0.lock_cnt,u1_0.lock_last_pnttm,u1_0.mbtlnum,u1_0.ofcps_nm,u1_0.offm_telno,u1_0.orgnzt_id,u1_0.password,u1_0.password_cnsr,u1_0.password_hint,u1_0.chg_pwd_last_pnttm,u1_0.role,u1_0.sbscrb_de,u1_0.sexdstn_code,u1_0.crtfc_dn_value,u1_0.user_nm,u1_0.zip from nemplyrinfo u1_0 where u1_0.emplyr_id=?
2026-03-16 16:58:16 [http-nio-8080-exec-9] DEBUG c.c.p.s.jwt.JwtAuthenticationFilter - >>> [JwtFilter] Processing request: GET /api/v1/notifications/unread-count
2026-03-16 16:58:16 [http-nio-8080-exec-9] DEBUG c.c.p.s.jwt.JwtAuthenticationFilter - >>> [JwtFilter] Found token in header for path: /api/v1/notifications/unread-count
2026-03-16 16:58:16 [http-nio-8080-exec-9] DEBUG o.s.orm.jpa.JpaTransactionManager - Creating new transaction with name [com.company.project.security.iam.CustomUserDetailsService.loadUserByUsername]: PROPAGATION_REQUIRED,ISOLATION_DEFAULT,readOnly
2026-03-16 16:58:16 [http-nio-8080-exec-9] DEBUG o.s.orm.jpa.JpaTransactionManager - Opened new EntityManager [SessionImpl(782434833<open>)] for JPA transaction
2026-03-16 16:58:16 [http-nio-8080-exec-5] DEBUG c.c.p.s.jwt.JwtAuthenticationFilter - >>> [JwtFilter] Processing request: GET /api/v1/popups/active
2026-03-16 16:58:16 [http-nio-8080-exec-5] DEBUG c.c.p.s.jwt.JwtAuthenticationFilter - >>> [JwtFilter] Found token in header for path: /api/v1/popups/active
2026-03-16 16:58:16 [http-nio-8080-exec-5] DEBUG o.s.orm.jpa.JpaTransactionManager - Creating new transaction with name [com.company.project.security.iam.CustomUserDetailsService.loadUserByUsername]: PROPAGATION_REQUIRED,ISOLATION_DEFAULT,readOnly
2026-03-16 16:58:16 [http-nio-8080-exec-5] DEBUG o.s.orm.jpa.JpaTransactionManager - Opened new EntityManager [SessionImpl(2124503495<open>)] for JPA transaction
2026-03-16 16:58:16 [http-nio-8080-exec-1] DEBUG o.s.orm.jpa.JpaTransactionManager - Exposing JPA transaction as JDBC [org.springframework.orm.jpa.vendor.HibernateJpaDialect$HibernateConnectionHandle@70252208]
2026-03-16 16:58:16 [http-nio-8080-exec-1] DEBUG o.s.orm.jpa.JpaTransactionManager - Found thread-bound EntityManager [SessionImpl(1690178246<open>)] for JPA transaction
2026-03-16 16:58:16 [http-nio-8080-exec-1] DEBUG o.s.orm.jpa.JpaTransactionManager - Participating in existing transaction
2026-03-16 16:58:16 [http-nio-8080-exec-1] DEBUG org.hibernate.SQL - select u1_0.emplyr_id,u1_0.area_no,u1_0.brthdy,u1_0.chg_pwd_cnt,u1_0.frst_register_id,u1_0.frst_regist_pnttm,u1_0.detail_adres,u1_0.email_adres,u1_0.emplyr_sttus_code,u1_0.empl_no,u1_0.esntl_id,u1_0.fxnum,u1_0.group_id,u1_0.house_adres,u1_0.house_end_telno,u1_0.house_middle_telno,u1_0.ihidnum,u1_0.pstinst_code,u1_0.last_updusr_id,u1_0.last_updt_pnttm,u1_0.lock_at,u1_0.lock_cnt,u1_0.lock_last_pnttm,u1_0.mbtlnum,u1_0.ofcps_nm,u1_0.offm_telno,u1_0.orgnzt_id,u1_0.password,u1_0.password_cnsr,u1_0.password_hint,u1_0.chg_pwd_last_pnttm,u1_0.role,u1_0.sbscrb_de,u1_0.sexdstn_code,u1_0.crtfc_dn_value,u1_0.user_nm,u1_0.zip from nemplyrinfo u1_0 where u1_0.emplyr_id=?
2026-03-16 16:58:16 [http-nio-8080-exec-3] DEBUG o.s.orm.jpa.JpaTransactionManager - Closing JPA EntityManager [SessionImpl(175890402<open>)] after transaction
2026-03-16 16:58:16 [http-nio-8080-exec-3] DEBUG o.s.w.s.m.m.a.HttpEntityMethodProcessor - Using 'application/json', given [application/json, text/plain, */*] and supported [application/json, application/*+json, application/yaml]
2026-03-16 16:58:16 [http-nio-8080-exec-3] TRACE o.s.w.s.m.m.a.HttpEntityMethodProcessor - Writing [ApiResponse[success=true, status=200, code=COMMON_001, message=Success, data=[NotificationDto(ntfcNo=NT001, ntfcSj=테스트 알림입니다, ntfcCn=알림 내용입니다, ntfcDate=null, ntfcTime=2026-02-25T00:59:33.784070, bhNtfcIntrvl=null, uniqId=null, frstRegisterId=null, frstRegisterPnttm=2026-02-25T00:59:33.784070, lastUpdusrId=null, lastUpdusrPnttm=null)], timestamp=2026-03-16T16:58:16.319006200]]
2026-03-16 16:58:16 [http-nio-8080-exec-3] INFO  c.c.p.a.i.OperationalAuditInterceptor - API Audit Log: URL=/api/v1/notifications, User=webmaster, IP=127.0.0.1
2026-03-16 16:58:16 [http-nio-8080-exec-3] DEBUG o.s.web.servlet.DispatcherServlet - Completed 200 OK
2026-03-16 16:58:16 [http-nio-8080-exec-7] DEBUG o.s.orm.jpa.JpaTransactionManager - Closing JPA EntityManager [SessionImpl(501551229<open>)] after transaction
2026-03-16 16:58:16 [http-nio-8080-exec-7] DEBUG o.s.w.s.m.m.a.HttpEntityMethodProcessor - Using 'application/json', given [application/json, text/plain, */*] and supported [application/json, application/*+json, application/yaml]
2026-03-16 16:58:16 [http-nio-8080-exec-7] TRACE o.s.w.s.m.m.a.HttpEntityMethodProcessor - Writing [ApiResponse[success=true, status=200, code=COMMON_001, message=Success, data=[], timestamp=2026-03-16T16:58:16.326529400]]
2026-03-16 16:58:16 [http-nio-8080-exec-7] INFO  c.c.p.a.i.OperationalAuditInterceptor - API Audit Log: URL=/api/v1/admin/system/banners/reflected, User=webmaster, IP=127.0.0.1
2026-03-16 16:58:16 [http-nio-8080-exec-7] DEBUG o.s.web.servlet.DispatcherServlet - Completed 200 OK
2026-03-16 16:58:16 [http-nio-8080-exec-8] DEBUG c.c.p.s.jwt.JwtAuthenticationFilter - >>> [JwtFilter] Processing request: GET /api/v1/notifications
2026-03-16 16:58:16 [http-nio-8080-exec-8] DEBUG c.c.p.s.jwt.JwtAuthenticationFilter - >>> [JwtFilter] Found token in header for path: /api/v1/notifications
2026-03-16 16:58:16 [http-nio-8080-exec-8] DEBUG o.s.orm.jpa.JpaTransactionManager - Creating new transaction with name [com.company.project.security.iam.CustomUserDetailsService.loadUserByUsername]: PROPAGATION_REQUIRED,ISOLATION_DEFAULT,readOnly
2026-03-16 16:58:16 [http-nio-8080-exec-8] DEBUG o.s.orm.jpa.JpaTransactionManager - Opened new EntityManager [SessionImpl(883424905<open>)] for JPA transaction
2026-03-16 16:58:16 [http-nio-8080-exec-8] DEBUG o.s.orm.jpa.JpaTransactionManager - Exposing JPA transaction as JDBC [org.springframework.orm.jpa.vendor.HibernateJpaDialect$HibernateConnectionHandle@27223c09]
2026-03-16 16:58:16 [http-nio-8080-exec-8] DEBUG o.s.orm.jpa.JpaTransactionManager - Found thread-bound EntityManager [SessionImpl(883424905<open>)] for JPA transaction
2026-03-16 16:58:16 [http-nio-8080-exec-8] DEBUG o.s.orm.jpa.JpaTransactionManager - Participating in existing transaction
2026-03-16 16:58:16 [http-nio-8080-exec-8] DEBUG org.hibernate.SQL - select u1_0.emplyr_id,u1_0.area_no,u1_0.brthdy,u1_0.chg_pwd_cnt,u1_0.frst_register_id,u1_0.frst_regist_pnttm,u1_0.detail_adres,u1_0.email_adres,u1_0.emplyr_sttus_code,u1_0.empl_no,u1_0.esntl_id,u1_0.fxnum,u1_0.group_id,u1_0.house_adres,u1_0.house_end_telno,u1_0.house_middle_telno,u1_0.ihidnum,u1_0.pstinst_code,u1_0.last_updusr_id,u1_0.last_updt_pnttm,u1_0.lock_at,u1_0.lock_cnt,u1_0.lock_last_pnttm,u1_0.mbtlnum,u1_0.ofcps_nm,u1_0.offm_telno,u1_0.orgnzt_id,u1_0.password,u1_0.password_cnsr,u1_0.password_hint,u1_0.chg_pwd_last_pnttm,u1_0.role,u1_0.sbscrb_de,u1_0.sexdstn_code,u1_0.crtfc_dn_value,u1_0.user_nm,u1_0.zip from nemplyrinfo u1_0 where u1_0.emplyr_id=?
2026-03-16 16:58:16 [http-nio-8080-exec-10] DEBUG c.c.p.s.jwt.JwtAuthenticationFilter - >>> [JwtFilter] Processing request: GET /api/v1/admin/system/banners/reflected
2026-03-16 16:58:16 [http-nio-8080-exec-10] DEBUG c.c.p.s.jwt.JwtAuthenticationFilter - >>> [JwtFilter] Found token in header for path: /api/v1/admin/system/banners/reflected
2026-03-16 16:58:16 [http-nio-8080-exec-10] DEBUG o.s.orm.jpa.JpaTransactionManager - Creating new transaction with name [com.company.project.security.iam.CustomUserDetailsService.loadUserByUsername]: PROPAGATION_REQUIRED,ISOLATION_DEFAULT,readOnly
2026-03-16 16:58:16 [http-nio-8080-exec-10] DEBUG o.s.orm.jpa.JpaTransactionManager - Opened new EntityManager [SessionImpl(992510793<open>)] for JPA transaction
2026-03-16 16:58:16 [http-nio-8080-exec-10] DEBUG o.s.orm.jpa.JpaTransactionManager - Exposing JPA transaction as JDBC [org.springframework.orm.jpa.vendor.HibernateJpaDialect$HibernateConnectionHandle@728243]
2026-03-16 16:58:16 [http-nio-8080-exec-10] DEBUG o.s.orm.jpa.JpaTransactionManager - Found thread-bound EntityManager [SessionImpl(992510793<open>)] for JPA transaction
2026-03-16 16:58:16 [http-nio-8080-exec-10] DEBUG o.s.orm.jpa.JpaTransactionManager - Participating in existing transaction
2026-03-16 16:58:16 [http-nio-8080-exec-10] DEBUG org.hibernate.SQL - select u1_0.emplyr_id,u1_0.area_no,u1_0.brthdy,u1_0.chg_pwd_cnt,u1_0.frst_register_id,u1_0.frst_regist_pnttm,u1_0.detail_adres,u1_0.email_adres,u1_0.emplyr_sttus_code,u1_0.empl_no,u1_0.esntl_id,u1_0.fxnum,u1_0.group_id,u1_0.house_adres,u1_0.house_end_telno,u1_0.house_middle_telno,u1_0.ihidnum,u1_0.pstinst_code,u1_0.last_updusr_id,u1_0.last_updt_pnttm,u1_0.lock_at,u1_0.lock_cnt,u1_0.lock_last_pnttm,u1_0.mbtlnum,u1_0.ofcps_nm,u1_0.offm_telno,u1_0.orgnzt_id,u1_0.password,u1_0.password_cnsr,u1_0.password_hint,u1_0.chg_pwd_last_pnttm,u1_0.role,u1_0.sbscrb_de,u1_0.sexdstn_code,u1_0.crtfc_dn_value,u1_0.user_nm,u1_0.zip from nemplyrinfo u1_0 where u1_0.emplyr_id=?
2026-03-16 16:58:16 [http-nio-8080-exec-9] DEBUG o.s.orm.jpa.JpaTransactionManager - Exposing JPA transaction as JDBC [org.springframework.orm.jpa.vendor.HibernateJpaDialect$HibernateConnectionHandle@5fecc616]
2026-03-16 16:58:16 [http-nio-8080-exec-9] DEBUG o.s.orm.jpa.JpaTransactionManager - Found thread-bound EntityManager [SessionImpl(782434833<open>)] for JPA transaction
2026-03-16 16:58:16 [http-nio-8080-exec-9] DEBUG o.s.orm.jpa.JpaTransactionManager - Participating in existing transaction
2026-03-16 16:58:16 [http-nio-8080-exec-9] DEBUG org.hibernate.SQL - select u1_0.emplyr_id,u1_0.area_no,u1_0.brthdy,u1_0.chg_pwd_cnt,u1_0.frst_register_id,u1_0.frst_regist_pnttm,u1_0.detail_adres,u1_0.email_adres,u1_0.emplyr_sttus_code,u1_0.empl_no,u1_0.esntl_id,u1_0.fxnum,u1_0.group_id,u1_0.house_adres,u1_0.house_end_telno,u1_0.house_middle_telno,u1_0.ihidnum,u1_0.pstinst_code,u1_0.last_updusr_id,u1_0.last_updt_pnttm,u1_0.lock_at,u1_0.lock_cnt,u1_0.lock_last_pnttm,u1_0.mbtlnum,u1_0.ofcps_nm,u1_0.offm_telno,u1_0.orgnzt_id,u1_0.password,u1_0.password_cnsr,u1_0.password_hint,u1_0.chg_pwd_last_pnttm,u1_0.role,u1_0.sbscrb_de,u1_0.sexdstn_code,u1_0.crtfc_dn_value,u1_0.user_nm,u1_0.zip from nemplyrinfo u1_0 where u1_0.emplyr_id=?
2026-03-16 16:58:16 [http-nio-8080-exec-6] DEBUG o.s.orm.jpa.JpaTransactionManager - Found thread-bound EntityManager [SessionImpl(1576820599<open>)] for JPA transaction
2026-03-16 16:58:16 [http-nio-8080-exec-6] DEBUG o.s.orm.jpa.JpaTransactionManager - Participating in existing transaction
2026-03-16 16:58:16 [http-nio-8080-exec-6] DEBUG org.hibernate.SQL - select ua1_0.scrty_dtrmn_trget_id,ua1_0.author_code,ua1_0.frst_register_id,ua1_0.frst_regist_pnttm,ua1_0.last_updusr_id,ua1_0.last_updt_pnttm,ua1_0.mber_ty_code from nemplyrscrtyestbs ua1_0 where ua1_0.scrty_dtrmn_trget_id=?
2026-03-16 16:58:16 [http-nio-8080-exec-5] DEBUG o.s.orm.jpa.JpaTransactionManager - Exposing JPA transaction as JDBC [org.springframework.orm.jpa.vendor.HibernateJpaDialect$HibernateConnectionHandle@48c8848e]
2026-03-16 16:58:16 [http-nio-8080-exec-5] DEBUG o.s.orm.jpa.JpaTransactionManager - Found thread-bound EntityManager [SessionImpl(2124503495<open>)] for JPA transaction
2026-03-16 16:58:16 [http-nio-8080-exec-1] DEBUG o.s.orm.jpa.JpaTransactionManager - Found thread-bound EntityManager [SessionImpl(1690178246<open>)] for JPA transaction
2026-03-16 16:58:16 [http-nio-8080-exec-5] DEBUG o.s.orm.jpa.JpaTransactionManager - Participating in existing transaction
2026-03-16 16:58:16 [http-nio-8080-exec-1] DEBUG o.s.orm.jpa.JpaTransactionManager - Participating in existing transaction
2026-03-16 16:58:16 [http-nio-8080-exec-1] DEBUG org.hibernate.SQL - select ua1_0.scrty_dtrmn_trget_id,ua1_0.author_code,ua1_0.frst_register_id,ua1_0.frst_regist_pnttm,ua1_0.last_updusr_id,ua1_0.last_updt_pnttm,ua1_0.mber_ty_code from nemplyrscrtyestbs ua1_0 where ua1_0.scrty_dtrmn_trget_id=?
2026-03-16 16:58:16 [http-nio-8080-exec-5] DEBUG org.hibernate.SQL - select u1_0.emplyr_id,u1_0.area_no,u1_0.brthdy,u1_0.chg_pwd_cnt,u1_0.frst_register_id,u1_0.frst_regist_pnttm,u1_0.detail_adres,u1_0.email_adres,u1_0.emplyr_sttus_code,u1_0.empl_no,u1_0.esntl_id,u1_0.fxnum,u1_0.group_id,u1_0.house_adres,u1_0.house_end_telno,u1_0.house_middle_telno,u1_0.ihidnum,u1_0.pstinst_code,u1_0.last_updusr_id,u1_0.last_updt_pnttm,u1_0.lock_at,u1_0.lock_cnt,u1_0.lock_last_pnttm,u1_0.mbtlnum,u1_0.ofcps_nm,u1_0.offm_telno,u1_0.orgnzt_id,u1_0.password,u1_0.password_cnsr,u1_0.password_hint,u1_0.chg_pwd_last_pnttm,u1_0.role,u1_0.sbscrb_de,u1_0.sexdstn_code,u1_0.crtfc_dn_value,u1_0.user_nm,u1_0.zip from nemplyrinfo u1_0 where u1_0.emplyr_id=?
2026-03-16 16:58:16 [http-nio-8080-exec-8] DEBUG o.s.orm.jpa.JpaTransactionManager - Found thread-bound EntityManager [SessionImpl(883424905<open>)] for JPA transaction
2026-03-16 16:58:16 [http-nio-8080-exec-8] DEBUG o.s.orm.jpa.JpaTransactionManager - Participating in existing transaction
2026-03-16 16:58:16 [http-nio-8080-exec-8] DEBUG org.hibernate.SQL - select ua1_0.scrty_dtrmn_trget_id,ua1_0.author_code,ua1_0.frst_register_id,ua1_0.frst_regist_pnttm,ua1_0.last_updusr_id,ua1_0.last_updt_pnttm,ua1_0.mber_ty_code from nemplyrscrtyestbs ua1_0 where ua1_0.scrty_dtrmn_trget_id=?
2026-03-16 16:58:16 [MessageBroker-8] DEBUG o.s.w.s.s.t.h.DefaultSockJsService - Closed 1 sessions: [a20tzotq]
2026-03-16 16:58:16 [http-nio-8080-exec-10] DEBUG o.s.orm.jpa.JpaTransactionManager - Found thread-bound EntityManager [SessionImpl(992510793<open>)] for JPA transaction
2026-03-16 16:58:16 [http-nio-8080-exec-10] DEBUG o.s.orm.jpa.JpaTransactionManager - Participating in existing transaction
2026-03-16 16:58:16 [http-nio-8080-exec-10] DEBUG org.hibernate.SQL - select ua1_0.scrty_dtrmn_trget_id,ua1_0.author_code,ua1_0.frst_register_id,ua1_0.frst_regist_pnttm,ua1_0.last_updusr_id,ua1_0.last_updt_pnttm,ua1_0.mber_ty_code from nemplyrscrtyestbs ua1_0 where ua1_0.scrty_dtrmn_trget_id=?
2026-03-16 16:58:16 [http-nio-8080-exec-9] DEBUG o.s.orm.jpa.JpaTransactionManager - Found thread-bound EntityManager [SessionImpl(782434833<open>)] for JPA transaction
2026-03-16 16:58:16 [http-nio-8080-exec-6] DEBUG o.s.orm.jpa.JpaTransactionManager - Initiating transaction commit
2026-03-16 16:58:16 [http-nio-8080-exec-9] DEBUG o.s.orm.jpa.JpaTransactionManager - Participating in existing transaction
2026-03-16 16:58:16 [http-nio-8080-exec-6] DEBUG o.s.orm.jpa.JpaTransactionManager - Committing JPA transaction on EntityManager [SessionImpl(1576820599<open>)]
2026-03-16 16:58:16 [http-nio-8080-exec-9] DEBUG org.hibernate.SQL - select ua1_0.scrty_dtrmn_trget_id,ua1_0.author_code,ua1_0.frst_register_id,ua1_0.frst_regist_pnttm,ua1_0.last_updusr_id,ua1_0.last_updt_pnttm,ua1_0.mber_ty_code from nemplyrscrtyestbs ua1_0 where ua1_0.scrty_dtrmn_trget_id=?
2026-03-16 16:58:16 [http-nio-8080-exec-1] DEBUG o.s.orm.jpa.JpaTransactionManager - Initiating transaction commit
2026-03-16 16:58:16 [http-nio-8080-exec-1] DEBUG o.s.orm.jpa.JpaTransactionManager - Committing JPA transaction on EntityManager [SessionImpl(1690178246<open>)]
2026-03-16 16:58:16 [http-nio-8080-exec-5] DEBUG o.s.orm.jpa.JpaTransactionManager - Found thread-bound EntityManager [SessionImpl(2124503495<open>)] for JPA transaction
2026-03-16 16:58:16 [http-nio-8080-exec-5] DEBUG o.s.orm.jpa.JpaTransactionManager - Participating in existing transaction
2026-03-16 16:58:16 [http-nio-8080-exec-5] DEBUG org.hibernate.SQL - select ua1_0.scrty_dtrmn_trget_id,ua1_0.author_code,ua1_0.frst_register_id,ua1_0.frst_regist_pnttm,ua1_0.last_updusr_id,ua1_0.last_updt_pnttm,ua1_0.mber_ty_code from nemplyrscrtyestbs ua1_0 where ua1_0.scrty_dtrmn_trget_id=?
2026-03-16 16:58:16 [http-nio-8080-exec-8] DEBUG o.s.orm.jpa.JpaTransactionManager - Initiating transaction commit
2026-03-16 16:58:16 [http-nio-8080-exec-8] DEBUG o.s.orm.jpa.JpaTransactionManager - Committing JPA transaction on EntityManager [SessionImpl(883424905<open>)]
2026-03-16 16:58:16 [http-nio-8080-exec-10] DEBUG o.s.orm.jpa.JpaTransactionManager - Initiating transaction commit
2026-03-16 16:58:16 [http-nio-8080-exec-10] DEBUG o.s.orm.jpa.JpaTransactionManager - Committing JPA transaction on EntityManager [SessionImpl(992510793<open>)]
2026-03-16 16:58:16 [http-nio-8080-exec-1] DEBUG o.s.orm.jpa.JpaTransactionManager - Closing JPA EntityManager [SessionImpl(1690178246<open>)] after transaction
2026-03-16 16:58:16 [http-nio-8080-exec-9] DEBUG o.s.orm.jpa.JpaTransactionManager - Initiating transaction commit
2026-03-16 16:58:16 [http-nio-8080-exec-9] DEBUG o.s.orm.jpa.JpaTransactionManager - Committing JPA transaction on EntityManager [SessionImpl(782434833<open>)]
2026-03-16 16:58:16 [http-nio-8080-exec-1] DEBUG c.c.p.s.jwt.JwtAuthenticationFilter - >>> [JwtFilter] Successfully authenticated user: USRCNFRM_99999999999, Authorities: [ROLE_ADMIN]
2026-03-16 16:58:16 [http-nio-8080-exec-1] DEBUG o.s.web.servlet.DispatcherServlet - GET "/api/v1/menu/left?menuNo=20", parameters={masked}
2026-03-16 16:58:16 [http-nio-8080-exec-1] TRACE o.s.w.s.m.m.a.RequestMappingHandlerMapping - Mapped to com.company.project.api.controller.menu.MenuController#getLeftMenu(Long)
2026-03-16 16:58:16 [http-nio-8080-exec-1] INFO  c.c.p.a.c.menu.MenuController - getLeftMenu called with menuNo=20
2026-03-16 16:58:16 [http-nio-8080-exec-1] DEBUG o.s.orm.jpa.JpaTransactionManager - Creating new transaction with name [com.company.project.service.menu.MenuService.getSubMenus]: PROPAGATION_REQUIRED,ISOLATION_DEFAULT,readOnly
2026-03-16 16:58:16 [http-nio-8080-exec-1] DEBUG o.s.orm.jpa.JpaTransactionManager - Opened new EntityManager [SessionImpl(241402556<open>)] for JPA transaction
2026-03-16 16:58:16 [http-nio-8080-exec-1] DEBUG o.s.orm.jpa.JpaTransactionManager - Exposing JPA transaction as JDBC [org.springframework.orm.jpa.vendor.HibernateJpaDialect$HibernateConnectionHandle@2d66b78b]
2026-03-16 16:58:16 [http-nio-8080-exec-1] DEBUG org.hibernate.SQL - select m1_0.menu_no,m1_0.menu_dc,m1_0.menu_nm,m1_0.menu_ordr,m1_0.modern_route,m1_0.progrm_file_nm,m1_0.relate_image_nm,m1_0.relate_image_path,m1_0.route_updated_at,m1_0.upper_menu_no from nmenuinfo m1_0 order by m1_0.upper_menu_no,m1_0.menu_ordr
2026-03-16 16:58:16 [http-nio-8080-exec-6] DEBUG o.s.orm.jpa.JpaTransactionManager - Closing JPA EntityManager [SessionImpl(1576820599<open>)] after transaction
2026-03-16 16:58:16 [http-nio-8080-exec-6] DEBUG c.c.p.s.jwt.JwtAuthenticationFilter - >>> [JwtFilter] Successfully authenticated user: USRCNFRM_99999999999, Authorities: [ROLE_ADMIN]
2026-03-16 16:58:16 [http-nio-8080-exec-6] DEBUG o.s.web.servlet.DispatcherServlet - GET "/api/v1/admin/system/statistics/bbs?statsKind=COM101", parameters={masked}
2026-03-16 16:58:16 [http-nio-8080-exec-6] DEBUG o.s.w.s.h.SimpleUrlHandlerMapping - Mapped to ResourceHttpRequestHandler [classpath [META-INF/resources/], classpath [resources/], classpath [static/], classpath [public/], ServletContext [/]]
2026-03-16 16:58:16 [http-nio-8080-exec-6] DEBUG o.s.w.s.r.ResourceHttpRequestHandler - Resource not found
2026-03-16 16:58:16 [http-nio-8080-exec-6] DEBUG o.s.w.s.m.m.a.ExceptionHandlerExceptionResolver - Using @ExceptionHandler com.company.project.core.exception.GlobalExceptionHandler#handleException(Exception)
2026-03-16 16:58:16 [http-nio-8080-exec-6] ERROR c.c.p.c.e.GlobalExceptionHandler - >>> Internal Server Error: No static resource api/v1/admin/system/statistics/bbs.
org.springframework.web.servlet.resource.NoResourceFoundException: No static resource api/v1/admin/system/statistics/bbs.
	at org.springframework.web.servlet.resource.ResourceHttpRequestHandler.handleRequest(ResourceHttpRequestHandler.java:585)
	at org.springframework.web.servlet.mvc.HttpRequestHandlerAdapter.handle(HttpRequestHandlerAdapter.java:52)
	at org.springframework.web.servlet.DispatcherServlet.doDispatch(DispatcherServlet.java:1088)
	at org.springframework.web.servlet.DispatcherServlet.doService(DispatcherServlet.java:978)
	at org.springframework.web.servlet.FrameworkServlet.processRequest(FrameworkServlet.java:1014)
	at org.springframework.web.servlet.FrameworkServlet.doGet(FrameworkServlet.java:903)
	at jakarta.servlet.http.HttpServlet.service(HttpServlet.java:527)
	at org.springframework.web.servlet.FrameworkServlet.service(FrameworkServlet.java:885)
	at jakarta.servlet.http.HttpServlet.service(HttpServlet.java:614)
	at org.apache.catalina.core.ApplicationFilterChain.internalDoFilter(ApplicationFilterChain.java:195)
	at org.apache.catalina.core.ApplicationFilterChain.doFilter(ApplicationFilterChain.java:140)
	at org.apache.tomcat.websocket.server.WsFilter.doFilter(WsFilter.java:51)
	at org.apache.catalina.core.ApplicationFilterChain.internalDoFilter(ApplicationFilterChain.java:164)
	at org.apache.catalina.core.ApplicationFilterChain.doFilter(ApplicationFilterChain.java:140)
	at org.springframework.web.filter.CompositeFilter$VirtualFilterChain.doFilter(CompositeFilter.java:108)
	at org.springframework.security.web.FilterChainProxy.lambda$doFilterInternal$3(FilterChainProxy.java:231)
	at org.springframework.security.web.ObservationFilterChainDecorator$FilterObservation$SimpleFilterObservation.lambda$wrap$1(ObservationFilterChainDecorator.java:479)
	at org.springframework.security.web.ObservationFilterChainDecorator$AroundFilterObservation$SimpleAroundFilterObservation.lambda$wrap$1(ObservationFilterChainDecorator.java:340)
	at org.springframework.security.web.ObservationFilterChainDecorator.lambda$wrapSecured$0(ObservationFilterChainDecorator.java:82)
	at org.springframework.security.web.ObservationFilterChainDecorator$VirtualFilterChain.doFilter(ObservationFilterChainDecorator.java:128)
	at org.springframework.security.web.access.intercept.AuthorizationFilter.doFilter(AuthorizationFilter.java:101)
	at org.springframework.security.web.ObservationFilterChainDecorator$ObservationFilter.wrapFilter(ObservationFilterChainDecorator.java:240)
	at org.springframework.security.web.ObservationFilterChainDecorator$ObservationFilter.doFilter(ObservationFilterChainDecorator.java:227)
	at org.springframework.security.web.ObservationFilterChainDecorator$VirtualFilterChain.doFilter(ObservationFilterChainDecorator.java:137)
	at org.springframework.security.web.access.ExceptionTranslationFilter.doFilter(ExceptionTranslationFilter.java:126)
	at org.springframework.security.web.access.ExceptionTranslationFilter.doFilter(ExceptionTranslationFilter.java:120)
	at org.springframework.security.web.ObservationFilterChainDecorator$ObservationFilter.wrapFilter(ObservationFilterChainDecorator.java:240)
	at org.springframework.security.web.ObservationFilterChainDecorator$ObservationFilter.doFilter(ObservationFilterChainDecorator.java:227)
	at org.springframework.security.web.ObservationFilterChainDecorator$VirtualFilterChain.doFilter(ObservationFilterChainDecorator.java:137)
	at org.springframework.security.web.session.SessionManagementFilter.doFilter(SessionManagementFilter.java:131)
	at org.springframework.security.web.session.SessionManagementFilter.doFilter(SessionManagementFilter.java:85)
	at org.springframework.security.web.ObservationFilterChainDecorator$ObservationFilter.wrapFilter(ObservationFilterChainDecorator.java:240)
	at org.springframework.security.web.ObservationFilterChainDecorator$ObservationFilter.doFilter(ObservationFilterChainDecorator.java:227)
	at org.springframework.security.web.ObservationFilterChainDecorator$VirtualFilterChain.doFilter(ObservationFilterChainDecorator.java:137)
	at org.springframework.security.web.authentication.AnonymousAuthenticationFilter.doFilter(AnonymousAuthenticationFilter.java:100)
	at org.springframework.security.web.ObservationFilterChainDecorator$ObservationFilter.wrapFilter(ObservationFilterChainDecorator.java:240)
	at org.springframework.security.web.ObservationFilterChainDecorator$ObservationFilter.doFilter(ObservationFilterChainDecorator.java:227)
	at org.springframework.security.web.ObservationFilterChainDecorator$VirtualFilterChain.doFilter(ObservationFilterChainDecorator.java:137)
	at org.springframework.security.web.servletapi.SecurityContextHolderAwareRequestFilter.doFilter(SecurityContextHolderAwareRequestFilter.java:179)
	at org.springframework.security.web.ObservationFilterChainDecorator$ObservationFilter.wrapFilter(ObservationFilterChainDecorator.java:240)
	at org.springframework.security.web.ObservationFilterChainDecorator$ObservationFilter.doFilter(ObservationFilterChainDecorator.java:227)
	at org.springframework.security.web.ObservationFilterChainDecorator$VirtualFilterChain.doFilter(ObservationFilterChainDecorator.java:137)
	at org.springframework.security.web.savedrequest.RequestCacheAwareFilter.doFilter(RequestCacheAwareFilter.java:63)
	at org.springframework.security.web.ObservationFilterChainDecorator$ObservationFilter.wrapFilter(ObservationFilterChainDecorator.java:240)
	at org.springframework.security.web.ObservationFilterChainDecorator$ObservationFilter.doFilter(ObservationFilterChainDecorator.java:227)
	at org.springframework.security.web.ObservationFilterChainDecorator$VirtualFilterChain.doFilter(ObservationFilterChainDecorator.java:137)
	at com.company.project.security.jwt.JwtAuthenticationFilter.doFilterInternal(JwtAuthenticationFilter.java:52)
	at org.springframework.web.filter.OncePerRequestFilter.doFilter(OncePerRequestFilter.java:116)
	at org.springframework.security.web.ObservationFilterChainDecorator$ObservationFilter.wrapFilter(ObservationFilterChainDecorator.java:240)
	at org.springframework.security.web.ObservationFilterChainDecorator$ObservationFilter.doFilter(ObservationFilterChainDecorator.java:227)
	at org.springframework.security.web.ObservationFilterChainDecorator$VirtualFilterChain.doFilter(ObservationFilterChainDecorator.java:137)
	at org.springframework.security.web.authentication.logout.LogoutFilter.doFilter(LogoutFilter.java:107)
	at org.springframework.security.web.authentication.logout.LogoutFilter.doFilter(LogoutFilter.java:93)
	at org.springframework.security.web.ObservationFilterChainDecorator$ObservationFilter.wrapFilter(ObservationFilterChainDecorator.java:240)
	at org.springframework.security.web.ObservationFilterChainDecorator$ObservationFilter.doFilter(ObservationFilterChainDecorator.java:227)
	at org.springframework.security.web.ObservationFilterChainDecorator$VirtualFilterChain.doFilter(ObservationFilterChainDecorator.java:137)
	at org.springframework.web.filter.CorsFilter.doFilterInternal(CorsFilter.java:91)
	at org.springframework.web.filter.OncePerRequestFilter.doFilter(OncePerRequestFilter.java:116)
	at org.springframework.security.web.ObservationFilterChainDecorator$ObservationFilter.wrapFilter(ObservationFilterChainDecorator.java:240)
	at org.springframework.security.web.ObservationFilterChainDecorator$ObservationFilter.doFilter(ObservationFilterChainDecorator.java:227)
	at org.springframework.security.web.ObservationFilterChainDecorator$VirtualFilterChain.doFilter(ObservationFilterChainDecorator.java:137)
	at org.springframework.security.web.header.HeaderWriterFilter.doHeadersAfter(HeaderWriterFilter.java:90)
	at org.springframework.security.web.header.HeaderWriterFilter.doFilterInternal(HeaderWriterFilter.java:75)
	at org.springframework.web.filter.OncePerRequestFilter.doFilter(OncePerRequestFilter.java:116)
	at org.springframework.security.web.ObservationFilterChainDecorator$ObservationFilter.wrapFilter(ObservationFilterChainDecorator.java:240)
	at org.springframework.security.web.ObservationFilterChainDecorator$ObservationFilter.doFilter(ObservationFilterChainDecorator.java:227)
	at org.springframework.security.web.ObservationFilterChainDecorator$VirtualFilterChain.doFilter(ObservationFilterChainDecorator.java:137)
	at org.springframework.security.web.context.SecurityContextHolderFilter.doFilter(SecurityContextHolderFilter.java:82)
	at org.springframework.security.web.context.SecurityContextHolderFilter.doFilter(SecurityContextHolderFilter.java:69)
	at org.springframework.security.web.ObservationFilterChainDecorator$ObservationFilter.wrapFilter(ObservationFilterChainDecorator.java:240)
	at org.springframework.security.web.ObservationFilterChainDecorator$ObservationFilter.doFilter(ObservationFilterChainDecorator.java:227)
	at org.springframework.security.web.ObservationFilterChainDecorator$VirtualFilterChain.doFilter(ObservationFilterChainDecorator.java:137)
	at org.springframework.security.web.context.request.async.WebAsyncManagerIntegrationFilter.doFilterInternal(WebAsyncManagerIntegrationFilter.java:62)
	at org.springframework.web.filter.OncePerRequestFilter.doFilter(OncePerRequestFilter.java:116)
	at org.springframework.security.web.ObservationFilterChainDecorator$ObservationFilter.wrapFilter(ObservationFilterChainDecorator.java:240)
	at org.springframework.security.web.ObservationFilterChainDecorator$ObservationFilter.doFilter(ObservationFilterChainDecorator.java:227)
	at org.springframework.security.web.ObservationFilterChainDecorator$VirtualFilterChain.doFilter(ObservationFilterChainDecorator.java:137)
	at org.springframework.security.web.session.DisableEncodeUrlFilter.doFilterInternal(DisableEncodeUrlFilter.java:42)
	at org.springframework.web.filter.OncePerRequestFilter.doFilter(OncePerRequestFilter.java:116)
	at org.springframework.security.web.ObservationFilterChainDecorator$ObservationFilter.wrapFilter(ObservationFilterChainDecorator.java:240)
	at org.springframework.security.web.ObservationFilterChainDecorator$AroundFilterObservation$SimpleAroundFilterObservation.lambda$wrap$0(ObservationFilterChainDecorator.java:323)
	at org.springframework.security.web.ObservationFilterChainDecorator$ObservationFilter.doFilter(ObservationFilterChainDecorator.java:224)
	at org.springframework.security.web.ObservationFilterChainDecorator$VirtualFilterChain.doFilter(ObservationFilterChainDecorator.java:137)
	at org.springframework.security.web.FilterChainProxy.doFilterInternal(FilterChainProxy.java:233)
	at org.springframework.security.web.FilterChainProxy.doFilter(FilterChainProxy.java:191)
	at org.springframework.web.filter.CompositeFilter$VirtualFilterChain.doFilter(CompositeFilter.java:113)
	at org.springframework.web.servlet.handler.HandlerMappingIntrospector.lambda$createCacheFilter$3(HandlerMappingIntrospector.java:243)
	at org.springframework.web.filter.CompositeFilter$VirtualFilterChain.doFilter(CompositeFilter.java:113)
	at org.springframework.web.filter.CompositeFilter.doFilter(CompositeFilter.java:74)
	at org.springframework.security.config.annotation.web.configuration.WebMvcSecurityConfiguration$CompositeFilterChainProxy.doFilter(WebMvcSecurityConfiguration.java:238)
	at org.springframework.web.filter.DelegatingFilterProxy.invokeDelegate(DelegatingFilterProxy.java:362)
	at org.springframework.web.filter.DelegatingFilterProxy.doFilter(DelegatingFilterProxy.java:278)
	at org.apache.catalina.core.ApplicationFilterChain.internalDoFilter(ApplicationFilterChain.java:164)
	at org.apache.catalina.core.ApplicationFilterChain.doFilter(ApplicationFilterChain.java:140)
	at org.springframework.web.filter.RequestContextFilter.doFilterInternal(RequestContextFilter.java:100)
	at org.springframework.web.filter.OncePerRequestFilter.doFilter(OncePerRequestFilter.java:116)
	at org.apache.catalina.core.ApplicationFilterChain.internalDoFilter(ApplicationFilterChain.java:164)
	at org.apache.catalina.core.ApplicationFilterChain.doFilter(ApplicationFilterChain.java:140)
	at org.springframework.web.filter.FormContentFilter.doFilterInternal(FormContentFilter.java:93)
	at org.springframework.web.filter.OncePerRequestFilter.doFilter(OncePerRequestFilter.java:116)
	at org.apache.catalina.core.ApplicationFilterChain.internalDoFilter(ApplicationFilterChain.java:164)
	at org.apache.catalina.core.ApplicationFilterChain.doFilter(ApplicationFilterChain.java:140)
	at org.springframework.web.filter.ServerHttpObservationFilter.doFilterInternal(ServerHttpObservationFilter.java:114)
	at org.springframework.web.filter.OncePerRequestFilter.doFilter(OncePerRequestFilter.java:116)
	at org.apache.catalina.core.ApplicationFilterChain.internalDoFilter(ApplicationFilterChain.java:164)
	at org.apache.catalina.core.ApplicationFilterChain.doFilter(ApplicationFilterChain.java:140)
	at org.springframework.web.filter.CharacterEncodingFilter.doFilterInternal(CharacterEncodingFilter.java:201)
	at org.springframework.web.filter.OncePerRequestFilter.doFilter(OncePerRequestFilter.java:116)
	at org.apache.catalina.core.ApplicationFilterChain.internalDoFilter(ApplicationFilterChain.java:164)
	at org.apache.catalina.core.ApplicationFilterChain.doFilter(ApplicationFilterChain.java:140)
	at org.apache.catalina.core.StandardWrapperValve.invoke(StandardWrapperValve.java:167)
	at org.apache.catalina.core.StandardContextValve.invoke(StandardContextValve.java:90)
	at org.apache.catalina.authenticator.AuthenticatorBase.invoke(AuthenticatorBase.java:483)
	at org.apache.catalina.core.StandardHostValve.invoke(StandardHostValve.java:115)
	at org.apache.catalina.valves.ErrorReportValve.invoke(ErrorReportValve.java:93)
	at org.apache.catalina.core.StandardEngineValve.invoke(StandardEngineValve.java:74)
	at org.apache.catalina.connector.CoyoteAdapter.service(CoyoteAdapter.java:344)
	at org.apache.coyote.http11.Http11Processor.service(Http11Processor.java:397)
	at org.apache.coyote.AbstractProcessorLight.process(AbstractProcessorLight.java:63)
	at org.apache.coyote.AbstractProtocol$ConnectionHandler.process(AbstractProtocol.java:905)
	at org.apache.tomcat.util.net.NioEndpoint$SocketProcessor.doRun(NioEndpoint.java:1741)
	at org.apache.tomcat.util.net.SocketProcessorBase.run(SocketProcessorBase.java:52)
	at org.apache.tomcat.util.threads.ThreadPoolExecutor.runWorker(ThreadPoolExecutor.java:1190)
	at org.apache.tomcat.util.threads.ThreadPoolExecutor$Worker.run(ThreadPoolExecutor.java:659)
	at org.apache.tomcat.util.threads.TaskThread$WrappingRunnable.run(TaskThread.java:63)
	at java.base/java.lang.Thread.run(Thread.java:1583)
2026-03-16 16:58:16 [http-nio-8080-exec-6] DEBUG o.s.w.s.m.m.a.HttpEntityMethodProcessor - Using 'application/json', given [application/json, text/plain, */*] and supported [application/json, application/*+json, application/yaml]
2026-03-16 16:58:16 [http-nio-8080-exec-6] TRACE o.s.w.s.m.m.a.HttpEntityMethodProcessor - Writing [ApiResponse[success=false, status=500, code=C004, message=예기치 않은 서버 오류가 발생했습니다., data=null, timestamp=2026-03-16T16:58:16.771360400]]
2026-03-16 16:58:16 [http-nio-8080-exec-6] DEBUG o.s.w.s.m.m.a.ExceptionHandlerExceptionResolver - Resolved [org.springframework.web.servlet.resource.NoResourceFoundException: No static resource api/v1/admin/system/statistics/bbs.]
2026-03-16 16:58:16 [http-nio-8080-exec-6] DEBUG o.s.web.servlet.DispatcherServlet - Completed 500 INTERNAL_SERVER_ERROR
2026-03-16 16:58:16 [http-nio-8080-exec-5] DEBUG o.s.orm.jpa.JpaTransactionManager - Initiating transaction commit
2026-03-16 16:58:16 [http-nio-8080-exec-5] DEBUG o.s.orm.jpa.JpaTransactionManager - Committing JPA transaction on EntityManager [SessionImpl(2124503495<open>)]
2026-03-16 16:58:16 [http-nio-8080-exec-8] DEBUG o.s.orm.jpa.JpaTransactionManager - Closing JPA EntityManager [SessionImpl(883424905<open>)] after transaction
2026-03-16 16:58:16 [http-nio-8080-exec-8] DEBUG c.c.p.s.jwt.JwtAuthenticationFilter - >>> [JwtFilter] Successfully authenticated user: USRCNFRM_99999999999, Authorities: [ROLE_ADMIN]
2026-03-16 16:58:16 [http-nio-8080-exec-8] DEBUG o.s.web.servlet.DispatcherServlet - GET "/api/v1/notifications", parameters={}
2026-03-16 16:58:16 [http-nio-8080-exec-8] TRACE o.s.w.s.m.m.a.RequestMappingHandlerMapping - Mapped to com.company.project.api.controller.notification.NotificationController#getMyNotifications(UserDetails)
2026-03-16 16:58:16 [http-nio-8080-exec-8] DEBUG o.s.orm.jpa.JpaTransactionManager - Creating new transaction with name [com.company.project.service.notification.NotificationService.getActiveNotifications]: PROPAGATION_REQUIRED,ISOLATION_DEFAULT,readOnly
2026-03-16 16:58:16 [http-nio-8080-exec-8] DEBUG o.s.orm.jpa.JpaTransactionManager - Opened new EntityManager [SessionImpl(1662184393<open>)] for JPA transaction
2026-03-16 16:58:16 [http-nio-8080-exec-8] DEBUG o.s.orm.jpa.JpaTransactionManager - Exposing JPA transaction as JDBC [org.springframework.orm.jpa.vendor.HibernateJpaDialect$HibernateConnectionHandle@8407614]
2026-03-16 16:58:16 [http-nio-8080-exec-8] DEBUG o.s.orm.jpa.JpaTransactionManager - Found thread-bound EntityManager [SessionImpl(1662184393<open>)] for JPA transaction
2026-03-16 16:58:16 [http-nio-8080-exec-8] DEBUG o.s.orm.jpa.JpaTransactionManager - Participating in existing transaction
2026-03-16 16:58:16 [http-nio-8080-exec-8] DEBUG org.hibernate.SQL - select n1_0.ntcn_no,n1_0.frst_register_id,n1_0.frst_regist_pnttm,n1_0.is_read,n1_0.last_updusr_id,n1_0.last_updt_pnttm,n1_0.link_url,n1_0.ntcn_cn,n1_0.ntcn_sj,n1_0.receiver_id from n_user_notification n1_0
2026-03-16 16:58:16 [http-nio-8080-exec-10] DEBUG o.s.orm.jpa.JpaTransactionManager - Closing JPA EntityManager [SessionImpl(992510793<open>)] after transaction
2026-03-16 16:58:16 [http-nio-8080-exec-10] DEBUG c.c.p.s.jwt.JwtAuthenticationFilter - >>> [JwtFilter] Successfully authenticated user: USRCNFRM_99999999999, Authorities: [ROLE_ADMIN]
2026-03-16 16:58:16 [http-nio-8080-exec-10] DEBUG o.s.web.servlet.DispatcherServlet - GET "/api/v1/admin/system/banners/reflected", parameters={}
2026-03-16 16:58:16 [http-nio-8080-exec-10] TRACE o.s.w.s.m.m.a.RequestMappingHandlerMapping - Mapped to com.company.project.api.controller.system.content.banner.BannerApiController#getReflectedBanners()
2026-03-16 16:58:16 [http-nio-8080-exec-10] DEBUG o.s.orm.jpa.JpaTransactionManager - Creating new transaction with name [com.company.project.service.system.content.banner.BannerService.getReflectedBanners]: PROPAGATION_REQUIRED,ISOLATION_DEFAULT,readOnly
2026-03-16 16:58:16 [http-nio-8080-exec-10] DEBUG o.s.orm.jpa.JpaTransactionManager - Opened new EntityManager [SessionImpl(1409524076<open>)] for JPA transaction
2026-03-16 16:58:16 [http-nio-8080-exec-10] DEBUG o.s.orm.jpa.JpaTransactionManager - Exposing JPA transaction as JDBC [org.springframework.orm.jpa.vendor.HibernateJpaDialect$HibernateConnectionHandle@652e7320]
2026-03-16 16:58:16 [http-nio-8080-exec-10] DEBUG org.hibernate.SQL - select b1_0.banner_id,b1_0.banner_dc,b1_0.banner_image,b1_0.banner_image_file,b1_0.banner_nm,b1_0.frst_register_id,b1_0.frst_regist_pnttm,b1_0.last_updusr_id,b1_0.last_updt_pnttm,b1_0.link_url,b1_0.reflct_at,b1_0.sort_ordr from nbanner b1_0 where b1_0.reflct_at=? order by b1_0.sort_ordr
2026-03-16 16:58:16 [http-nio-8080-exec-9] DEBUG o.s.orm.jpa.JpaTransactionManager - Closing JPA EntityManager [SessionImpl(782434833<open>)] after transaction
2026-03-16 16:58:16 [http-nio-8080-exec-9] DEBUG c.c.p.s.jwt.JwtAuthenticationFilter - >>> [JwtFilter] Successfully authenticated user: USRCNFRM_99999999999, Authorities: [ROLE_ADMIN]
2026-03-16 16:58:16 [http-nio-8080-exec-9] DEBUG o.s.web.servlet.DispatcherServlet - GET "/api/v1/notifications/unread-count", parameters={}
2026-03-16 16:58:16 [http-nio-8080-exec-9] TRACE o.s.w.s.m.m.a.RequestMappingHandlerMapping - Mapped to com.company.project.api.controller.notification.NotificationController#getUnreadCount(UserDetails)
2026-03-16 16:58:16 [http-nio-8080-exec-9] DEBUG o.s.orm.jpa.JpaTransactionManager - Creating new transaction with name [com.company.project.service.notification.NotificationService.getUnreadCount]: PROPAGATION_REQUIRED,ISOLATION_DEFAULT,readOnly
2026-03-16 16:58:16 [http-nio-8080-exec-9] DEBUG o.s.orm.jpa.JpaTransactionManager - Opened new EntityManager [SessionImpl(1407092509<open>)] for JPA transaction
2026-03-16 16:58:16 [http-nio-8080-exec-9] DEBUG o.s.orm.jpa.JpaTransactionManager - Exposing JPA transaction as JDBC [org.springframework.orm.jpa.vendor.HibernateJpaDialect$HibernateConnectionHandle@147c8ab8]
2026-03-16 16:58:16 [http-nio-8080-exec-9] DEBUG org.hibernate.SQL - select count(n1_0.ntcn_no) from n_user_notification n1_0 where n1_0.receiver_id=? and n1_0.is_read=?
2026-03-16 16:58:16 [http-nio-8080-exec-5] DEBUG o.s.orm.jpa.JpaTransactionManager - Closing JPA EntityManager [SessionImpl(2124503495<open>)] after transaction
2026-03-16 16:58:16 [http-nio-8080-exec-5] DEBUG c.c.p.s.jwt.JwtAuthenticationFilter - >>> [JwtFilter] Successfully authenticated user: USRCNFRM_99999999999, Authorities: [ROLE_ADMIN]
2026-03-16 16:58:16 [http-nio-8080-exec-5] DEBUG o.s.web.servlet.DispatcherServlet - GET "/api/v1/popups/active", parameters={}
2026-03-16 16:58:16 [http-nio-8080-exec-5] TRACE o.s.w.s.m.m.a.RequestMappingHandlerMapping - Mapped to com.company.project.api.controller.system.content.popup.PopupController#getActivePopups()
2026-03-16 16:58:16 [http-nio-8080-exec-5] DEBUG o.s.orm.jpa.JpaTransactionManager - Creating new transaction with name [com.company.project.service.system.content.popup.PopupServiceImpl.getActivePopups]: PROPAGATION_REQUIRED,ISOLATION_DEFAULT,readOnly
2026-03-16 16:58:16 [http-nio-8080-exec-5] DEBUG o.s.orm.jpa.JpaTransactionManager - Opened new EntityManager [SessionImpl(1676869270<open>)] for JPA transaction
2026-03-16 16:58:16 [http-nio-8080-exec-5] DEBUG o.s.orm.jpa.JpaTransactionManager - Exposing JPA transaction as JDBC [org.springframework.orm.jpa.vendor.HibernateJpaDialect$HibernateConnectionHandle@3577e601]
2026-03-16 16:58:16 [http-nio-8080-exec-5] DEBUG org.hibernate.SQL - select p1_0.popup_id,p1_0.frst_register_id,p1_0.frst_regist_pnttm,p1_0.file_url,p1_0.ntce_at,p1_0.stopvew_setup_at,p1_0.last_updusr_id,p1_0.last_updt_pnttm,p1_0.ntce_bgnde,p1_0.ntce_endde,p1_0.popup_vrticl_lc,p1_0.popup_vrticl_size,p1_0.popup_sj_nm,p1_0.popup_width_lc,p1_0.popup_width_size from npopupmanage p1_0 where p1_0.ntce_at='Y' and ? between p1_0.ntce_bgnde and p1_0.ntce_endde
2026-03-16 16:58:16 [http-nio-8080-exec-8] DEBUG o.s.orm.jpa.JpaTransactionManager - Initiating transaction commit
2026-03-16 16:58:16 [http-nio-8080-exec-8] DEBUG o.s.orm.jpa.JpaTransactionManager - Committing JPA transaction on EntityManager [SessionImpl(1662184393<open>)]
2026-03-16 16:58:16 [http-nio-8080-exec-10] DEBUG o.s.orm.jpa.JpaTransactionManager - Initiating transaction commit
2026-03-16 16:58:16 [http-nio-8080-exec-10] DEBUG o.s.orm.jpa.JpaTransactionManager - Committing JPA transaction on EntityManager [SessionImpl(1409524076<open>)]
2026-03-16 16:58:17 [http-nio-8080-exec-1] DEBUG o.s.orm.jpa.JpaTransactionManager - Found thread-bound EntityManager [SessionImpl(241402556<open>)] for JPA transaction
2026-03-16 16:58:17 [http-nio-8080-exec-9] DEBUG o.s.orm.jpa.JpaTransactionManager - Initiating transaction commit
2026-03-16 16:58:17 [http-nio-8080-exec-1] DEBUG o.s.orm.jpa.JpaTransactionManager - Participating in existing transaction
2026-03-16 16:58:17 [http-nio-8080-exec-9] DEBUG o.s.orm.jpa.JpaTransactionManager - Committing JPA transaction on EntityManager [SessionImpl(1407092509<open>)]
2026-03-16 16:58:17 [http-nio-8080-exec-1] DEBUG org.hibernate.SQL - select p1_0.progrm_file_nm,p1_0.progrm_dc,p1_0.progrm_korean_nm,p1_0.progrm_stre_path,p1_0.url from nprogrmlist p1_0
2026-03-16 16:58:17 [http-nio-8080-exec-5] DEBUG o.s.orm.jpa.JpaTransactionManager - Initiating transaction commit
2026-03-16 16:58:17 [http-nio-8080-exec-5] DEBUG o.s.orm.jpa.JpaTransactionManager - Committing JPA transaction on EntityManager [SessionImpl(1676869270<open>)]
2026-03-16 16:58:17 [http-nio-8080-exec-8] DEBUG o.s.orm.jpa.JpaTransactionManager - Closing JPA EntityManager [SessionImpl(1662184393<open>)] after transaction
2026-03-16 16:58:17 [http-nio-8080-exec-8] DEBUG o.s.w.s.m.m.a.HttpEntityMethodProcessor - Using 'application/json', given [application/json, text/plain, */*] and supported [application/json, application/*+json, application/yaml]
2026-03-16 16:58:17 [http-nio-8080-exec-8] TRACE o.s.w.s.m.m.a.HttpEntityMethodProcessor - Writing [ApiResponse[success=true, status=200, code=COMMON_001, message=Success, data=[NotificationDto(ntfcNo=NT001, ntfcSj=테스트 알림입니다, ntfcCn=알림 내용입니다, ntfcDate=null, ntfcTime=2026-02-25T00:59:33.784070, bhNtfcIntrvl=null, uniqId=null, frstRegisterId=null, frstRegisterPnttm=2026-02-25T00:59:33.784070, lastUpdusrId=null, lastUpdusrPnttm=null)], timestamp=2026-03-16T16:58:17.112432300]]
2026-03-16 16:58:17 [http-nio-8080-exec-8] INFO  c.c.p.a.i.OperationalAuditInterceptor - API Audit Log: URL=/api/v1/notifications, User=webmaster, IP=127.0.0.1
2026-03-16 16:58:17 [http-nio-8080-exec-8] DEBUG o.s.web.servlet.DispatcherServlet - Completed 200 OK
2026-03-16 16:58:17 [http-nio-8080-exec-10] DEBUG o.s.orm.jpa.JpaTransactionManager - Closing JPA EntityManager [SessionImpl(1409524076<open>)] after transaction
2026-03-16 16:58:17 [http-nio-8080-exec-10] DEBUG o.s.w.s.m.m.a.HttpEntityMethodProcessor - Using 'application/json', given [application/json, text/plain, */*] and supported [application/json, application/*+json, application/yaml]
2026-03-16 16:58:17 [http-nio-8080-exec-10] TRACE o.s.w.s.m.m.a.HttpEntityMethodProcessor - Writing [ApiResponse[success=true, status=200, code=COMMON_001, message=Success, data=[], timestamp=2026-03-16T16:58:17.120125600]]
2026-03-16 16:58:17 [http-nio-8080-exec-10] INFO  c.c.p.a.i.OperationalAuditInterceptor - API Audit Log: URL=/api/v1/admin/system/banners/reflected, User=webmaster, IP=127.0.0.1
2026-03-16 16:58:17 [http-nio-8080-exec-10] DEBUG o.s.web.servlet.DispatcherServlet - Completed 200 OK
2026-03-16 16:58:17 [http-nio-8080-exec-4] DEBUG c.c.p.s.jwt.JwtAuthenticationFilter - >>> [JwtFilter] Processing request: GET /api/v1/admin/system/statistics/connect
2026-03-16 16:58:17 [http-nio-8080-exec-4] DEBUG c.c.p.s.jwt.JwtAuthenticationFilter - >>> [JwtFilter] Found token in header for path: /api/v1/admin/system/statistics/connect
2026-03-16 16:58:17 [http-nio-8080-exec-4] DEBUG o.s.orm.jpa.JpaTransactionManager - Creating new transaction with name [com.company.project.security.iam.CustomUserDetailsService.loadUserByUsername]: PROPAGATION_REQUIRED,ISOLATION_DEFAULT,readOnly
2026-03-16 16:58:17 [http-nio-8080-exec-4] DEBUG o.s.orm.jpa.JpaTransactionManager - Opened new EntityManager [SessionImpl(1574290206<open>)] for JPA transaction
2026-03-16 16:58:17 [http-nio-8080-exec-9] DEBUG o.s.orm.jpa.JpaTransactionManager - Closing JPA EntityManager [SessionImpl(1407092509<open>)] after transaction
2026-03-16 16:58:17 [http-nio-8080-exec-9] DEBUG o.s.w.s.m.m.a.HttpEntityMethodProcessor - Using 'application/json', given [application/json, text/plain, */*] and supported [application/json, application/*+json, application/yaml]
2026-03-16 16:58:17 [http-nio-8080-exec-9] TRACE o.s.w.s.m.m.a.HttpEntityMethodProcessor - Writing [ApiResponse[success=true, status=200, code=COMMON_001, message=Success, data=0, timestamp=2026-03-16T16:58:17.210849900]]
2026-03-16 16:58:17 [http-nio-8080-exec-9] INFO  c.c.p.a.i.OperationalAuditInterceptor - API Audit Log: URL=/api/v1/notifications/unread-count, User=webmaster, IP=127.0.0.1
2026-03-16 16:58:17 [http-nio-8080-exec-9] DEBUG o.s.web.servlet.DispatcherServlet - Completed 200 OK
2026-03-16 16:58:17 [http-nio-8080-exec-1] DEBUG o.s.orm.jpa.JpaTransactionManager - Initiating transaction commit
2026-03-16 16:58:17 [http-nio-8080-exec-1] DEBUG o.s.orm.jpa.JpaTransactionManager - Committing JPA transaction on EntityManager [SessionImpl(241402556<open>)]
2026-03-16 16:58:17 [http-nio-8080-exec-5] DEBUG o.s.orm.jpa.JpaTransactionManager - Closing JPA EntityManager [SessionImpl(1676869270<open>)] after transaction
2026-03-16 16:58:17 [http-nio-8080-exec-5] DEBUG o.s.w.s.m.m.a.HttpEntityMethodProcessor - Using 'application/json', given [application/json, text/plain, */*] and supported [application/json, application/*+json, application/yaml]
2026-03-16 16:58:17 [http-nio-8080-exec-5] TRACE o.s.w.s.m.m.a.HttpEntityMethodProcessor - Writing [ApiResponse[success=true, status=200, code=COMMON_001, message=Success, data=[], timestamp=2026-03-16T16:58:17.282428800]]
2026-03-16 16:58:17 [http-nio-8080-exec-5] INFO  c.c.p.a.i.OperationalAuditInterceptor - API Audit Log: URL=/api/v1/popups/active, User=webmaster, IP=127.0.0.1
2026-03-16 16:58:17 [http-nio-8080-exec-5] DEBUG o.s.web.servlet.DispatcherServlet - Completed 200 OK
2026-03-16 16:58:17 [http-nio-8080-exec-4] DEBUG o.s.orm.jpa.JpaTransactionManager - Exposing JPA transaction as JDBC [org.springframework.orm.jpa.vendor.HibernateJpaDialect$HibernateConnectionHandle@2b71c412]
2026-03-16 16:58:17 [http-nio-8080-exec-4] DEBUG o.s.orm.jpa.JpaTransactionManager - Found thread-bound EntityManager [SessionImpl(1574290206<open>)] for JPA transaction
2026-03-16 16:58:17 [http-nio-8080-exec-4] DEBUG o.s.orm.jpa.JpaTransactionManager - Participating in existing transaction
2026-03-16 16:58:17 [http-nio-8080-exec-4] DEBUG org.hibernate.SQL - select u1_0.emplyr_id,u1_0.area_no,u1_0.brthdy,u1_0.chg_pwd_cnt,u1_0.frst_register_id,u1_0.frst_regist_pnttm,u1_0.detail_adres,u1_0.email_adres,u1_0.emplyr_sttus_code,u1_0.empl_no,u1_0.esntl_id,u1_0.fxnum,u1_0.group_id,u1_0.house_adres,u1_0.house_end_telno,u1_0.house_middle_telno,u1_0.ihidnum,u1_0.pstinst_code,u1_0.last_updusr_id,u1_0.last_updt_pnttm,u1_0.lock_at,u1_0.lock_cnt,u1_0.lock_last_pnttm,u1_0.mbtlnum,u1_0.ofcps_nm,u1_0.offm_telno,u1_0.orgnzt_id,u1_0.password,u1_0.password_cnsr,u1_0.password_hint,u1_0.chg_pwd_last_pnttm,u1_0.role,u1_0.sbscrb_de,u1_0.sexdstn_code,u1_0.crtfc_dn_value,u1_0.user_nm,u1_0.zip from nemplyrinfo u1_0 where u1_0.emplyr_id=?
2026-03-16 16:58:17 [http-nio-8080-exec-1] DEBUG o.s.orm.jpa.JpaTransactionManager - Closing JPA EntityManager [SessionImpl(241402556<open>)] after transaction
2026-03-16 16:58:17 [http-nio-8080-exec-1] INFO  c.c.p.a.c.menu.MenuController - getLeftMenu returned 3 items
2026-03-16 16:58:17 [http-nio-8080-exec-1] DEBUG o.s.w.s.m.m.a.HttpEntityMethodProcessor - Using 'application/json', given [application/json, text/plain, */*] and supported [application/json, application/*+json, application/yaml]
2026-03-16 16:58:17 [http-nio-8080-exec-1] TRACE o.s.w.s.m.m.a.HttpEntityMethodProcessor - Writing [ApiResponse[success=true, status=200, code=COMMON_001, message=Success, data={list=[com.company.project.service.menu.dto.MenuDto@43c59116, com.company.project.service.menu.dto.MenuDto@7b702a58, com.company.project.service.menu.dto.MenuDto@7f4ac172]}, timestamp=2026-03-16T16:58:17.368187300]]
2026-03-16 16:58:17 [http-nio-8080-exec-1] INFO  c.c.p.a.i.OperationalAuditInterceptor - API Audit Log: URL=/api/v1/menu/left, User=webmaster, IP=127.0.0.1
2026-03-16 16:58:17 [http-nio-8080-exec-1] DEBUG o.s.web.servlet.DispatcherServlet - Completed 200 OK
2026-03-16 16:58:17 [http-nio-8080-exec-2] DEBUG c.c.p.s.jwt.JwtAuthenticationFilter - >>> [JwtFilter] Processing request: GET /api/v1/menu/left
2026-03-16 16:58:17 [http-nio-8080-exec-2] DEBUG c.c.p.s.jwt.JwtAuthenticationFilter - >>> [JwtFilter] Found token in header for path: /api/v1/menu/left
2026-03-16 16:58:17 [http-nio-8080-exec-2] DEBUG o.s.orm.jpa.JpaTransactionManager - Creating new transaction with name [com.company.project.security.iam.CustomUserDetailsService.loadUserByUsername]: PROPAGATION_REQUIRED,ISOLATION_DEFAULT,readOnly
2026-03-16 16:58:17 [http-nio-8080-exec-2] DEBUG o.s.orm.jpa.JpaTransactionManager - Opened new EntityManager [SessionImpl(2007274100<open>)] for JPA transaction
2026-03-16 16:58:17 [http-nio-8080-exec-4] DEBUG o.s.orm.jpa.JpaTransactionManager - Found thread-bound EntityManager [SessionImpl(1574290206<open>)] for JPA transaction
2026-03-16 16:58:17 [http-nio-8080-exec-4] DEBUG o.s.orm.jpa.JpaTransactionManager - Participating in existing transaction
2026-03-16 16:58:17 [http-nio-8080-exec-4] DEBUG org.hibernate.SQL - select ua1_0.scrty_dtrmn_trget_id,ua1_0.author_code,ua1_0.frst_register_id,ua1_0.frst_regist_pnttm,ua1_0.last_updusr_id,ua1_0.last_updt_pnttm,ua1_0.mber_ty_code from nemplyrscrtyestbs ua1_0 where ua1_0.scrty_dtrmn_trget_id=?
2026-03-16 16:58:17 [http-nio-8080-exec-2] DEBUG o.s.orm.jpa.JpaTransactionManager - Exposing JPA transaction as JDBC [org.springframework.orm.jpa.vendor.HibernateJpaDialect$HibernateConnectionHandle@630d5fab]
2026-03-16 16:58:17 [http-nio-8080-exec-2] DEBUG o.s.orm.jpa.JpaTransactionManager - Found thread-bound EntityManager [SessionImpl(2007274100<open>)] for JPA transaction
2026-03-16 16:58:17 [http-nio-8080-exec-2] DEBUG o.s.orm.jpa.JpaTransactionManager - Participating in existing transaction
2026-03-16 16:58:17 [http-nio-8080-exec-2] DEBUG org.hibernate.SQL - select u1_0.emplyr_id,u1_0.area_no,u1_0.brthdy,u1_0.chg_pwd_cnt,u1_0.frst_register_id,u1_0.frst_regist_pnttm,u1_0.detail_adres,u1_0.email_adres,u1_0.emplyr_sttus_code,u1_0.empl_no,u1_0.esntl_id,u1_0.fxnum,u1_0.group_id,u1_0.house_adres,u1_0.house_end_telno,u1_0.house_middle_telno,u1_0.ihidnum,u1_0.pstinst_code,u1_0.last_updusr_id,u1_0.last_updt_pnttm,u1_0.lock_at,u1_0.lock_cnt,u1_0.lock_last_pnttm,u1_0.mbtlnum,u1_0.ofcps_nm,u1_0.offm_telno,u1_0.orgnzt_id,u1_0.password,u1_0.password_cnsr,u1_0.password_hint,u1_0.chg_pwd_last_pnttm,u1_0.role,u1_0.sbscrb_de,u1_0.sexdstn_code,u1_0.crtfc_dn_value,u1_0.user_nm,u1_0.zip from nemplyrinfo u1_0 where u1_0.emplyr_id=?
2026-03-16 16:58:17 [http-nio-8080-exec-4] DEBUG o.s.orm.jpa.JpaTransactionManager - Initiating transaction commit
2026-03-16 16:58:17 [http-nio-8080-exec-4] DEBUG o.s.orm.jpa.JpaTransactionManager - Committing JPA transaction on EntityManager [SessionImpl(1574290206<open>)]
2026-03-16 16:58:17 [http-nio-8080-exec-2] DEBUG o.s.orm.jpa.JpaTransactionManager - Found thread-bound EntityManager [SessionImpl(2007274100<open>)] for JPA transaction
2026-03-16 16:58:17 [http-nio-8080-exec-2] DEBUG o.s.orm.jpa.JpaTransactionManager - Participating in existing transaction
2026-03-16 16:58:17 [http-nio-8080-exec-2] DEBUG org.hibernate.SQL - select ua1_0.scrty_dtrmn_trget_id,ua1_0.author_code,ua1_0.frst_register_id,ua1_0.frst_regist_pnttm,ua1_0.last_updusr_id,ua1_0.last_updt_pnttm,ua1_0.mber_ty_code from nemplyrscrtyestbs ua1_0 where ua1_0.scrty_dtrmn_trget_id=?
2026-03-16 16:58:17 [http-nio-8080-exec-3] DEBUG c.c.p.s.jwt.JwtAuthenticationFilter - >>> [JwtFilter] Processing request: GET /api/v1/admin/system/statistics/bbs
2026-03-16 16:58:17 [http-nio-8080-exec-3] DEBUG c.c.p.s.jwt.JwtAuthenticationFilter - >>> [JwtFilter] Found token in header for path: /api/v1/admin/system/statistics/bbs
2026-03-16 16:58:17 [http-nio-8080-exec-3] DEBUG o.s.orm.jpa.JpaTransactionManager - Creating new transaction with name [com.company.project.security.iam.CustomUserDetailsService.loadUserByUsername]: PROPAGATION_REQUIRED,ISOLATION_DEFAULT,readOnly
2026-03-16 16:58:17 [http-nio-8080-exec-3] DEBUG o.s.orm.jpa.JpaTransactionManager - Opened new EntityManager [SessionImpl(906117750<open>)] for JPA transaction
2026-03-16 16:58:17 [http-nio-8080-exec-4] DEBUG o.s.orm.jpa.JpaTransactionManager - Closing JPA EntityManager [SessionImpl(1574290206<open>)] after transaction
2026-03-16 16:58:17 [http-nio-8080-exec-4] DEBUG c.c.p.s.jwt.JwtAuthenticationFilter - >>> [JwtFilter] Successfully authenticated user: USRCNFRM_99999999999, Authorities: [ROLE_ADMIN]
2026-03-16 16:58:17 [http-nio-8080-exec-4] DEBUG o.s.web.servlet.DispatcherServlet - GET "/api/v1/admin/system/statistics/connect?statsKind=SERVICE", parameters={masked}
2026-03-16 16:58:17 [http-nio-8080-exec-2] DEBUG o.s.orm.jpa.JpaTransactionManager - Initiating transaction commit
2026-03-16 16:58:17 [http-nio-8080-exec-2] DEBUG o.s.orm.jpa.JpaTransactionManager - Committing JPA transaction on EntityManager [SessionImpl(2007274100<open>)]
2026-03-16 16:58:17 [http-nio-8080-exec-4] DEBUG o.s.w.s.h.SimpleUrlHandlerMapping - Mapped to ResourceHttpRequestHandler [classpath [META-INF/resources/], classpath [resources/], classpath [static/], classpath [public/], ServletContext [/]]
2026-03-16 16:58:17 [http-nio-8080-exec-4] DEBUG o.s.w.s.r.ResourceHttpRequestHandler - Resource not found
2026-03-16 16:58:17 [http-nio-8080-exec-4] DEBUG o.s.w.s.m.m.a.ExceptionHandlerExceptionResolver - Using @ExceptionHandler com.company.project.core.exception.GlobalExceptionHandler#handleException(Exception)
2026-03-16 16:58:17 [http-nio-8080-exec-4] ERROR c.c.p.c.e.GlobalExceptionHandler - >>> Internal Server Error: No static resource api/v1/admin/system/statistics/connect.
org.springframework.web.servlet.resource.NoResourceFoundException: No static resource api/v1/admin/system/statistics/connect.
	at org.springframework.web.servlet.resource.ResourceHttpRequestHandler.handleRequest(ResourceHttpRequestHandler.java:585)
	at org.springframework.web.servlet.mvc.HttpRequestHandlerAdapter.handle(HttpRequestHandlerAdapter.java:52)
	at org.springframework.web.servlet.DispatcherServlet.doDispatch(DispatcherServlet.java:1088)
	at org.springframework.web.servlet.DispatcherServlet.doService(DispatcherServlet.java:978)
	at org.springframework.web.servlet.FrameworkServlet.processRequest(FrameworkServlet.java:1014)
	at org.springframework.web.servlet.FrameworkServlet.doGet(FrameworkServlet.java:903)
	at jakarta.servlet.http.HttpServlet.service(HttpServlet.java:527)
	at org.springframework.web.servlet.FrameworkServlet.service(FrameworkServlet.java:885)
	at jakarta.servlet.http.HttpServlet.service(HttpServlet.java:614)
	at org.apache.catalina.core.ApplicationFilterChain.internalDoFilter(ApplicationFilterChain.java:195)
	at org.apache.catalina.core.ApplicationFilterChain.doFilter(ApplicationFilterChain.java:140)
	at org.apache.tomcat.websocket.server.WsFilter.doFilter(WsFilter.java:51)
	at org.apache.catalina.core.ApplicationFilterChain.internalDoFilter(ApplicationFilterChain.java:164)
	at org.apache.catalina.core.ApplicationFilterChain.doFilter(ApplicationFilterChain.java:140)
	at org.springframework.web.filter.CompositeFilter$VirtualFilterChain.doFilter(CompositeFilter.java:108)
	at org.springframework.security.web.FilterChainProxy.lambda$doFilterInternal$3(FilterChainProxy.java:231)
	at org.springframework.security.web.ObservationFilterChainDecorator$FilterObservation$SimpleFilterObservation.lambda$wrap$1(ObservationFilterChainDecorator.java:479)
	at org.springframework.security.web.ObservationFilterChainDecorator$AroundFilterObservation$SimpleAroundFilterObservation.lambda$wrap$1(ObservationFilterChainDecorator.java:340)
	at org.springframework.security.web.ObservationFilterChainDecorator.lambda$wrapSecured$0(ObservationFilterChainDecorator.java:82)
	at org.springframework.security.web.ObservationFilterChainDecorator$VirtualFilterChain.doFilter(ObservationFilterChainDecorator.java:128)
	at org.springframework.security.web.access.intercept.AuthorizationFilter.doFilter(AuthorizationFilter.java:101)
	at org.springframework.security.web.ObservationFilterChainDecorator$ObservationFilter.wrapFilter(ObservationFilterChainDecorator.java:240)
	at org.springframework.security.web.ObservationFilterChainDecorator$ObservationFilter.doFilter(ObservationFilterChainDecorator.java:227)
	at org.springframework.security.web.ObservationFilterChainDecorator$VirtualFilterChain.doFilter(ObservationFilterChainDecorator.java:137)
	at org.springframework.security.web.access.ExceptionTranslationFilter.doFilter(ExceptionTranslationFilter.java:126)
	at org.springframework.security.web.access.ExceptionTranslationFilter.doFilter(ExceptionTranslationFilter.java:120)
	at org.springframework.security.web.ObservationFilterChainDecorator$ObservationFilter.wrapFilter(ObservationFilterChainDecorator.java:240)
	at org.springframework.security.web.ObservationFilterChainDecorator$ObservationFilter.doFilter(ObservationFilterChainDecorator.java:227)
	at org.springframework.security.web.ObservationFilterChainDecorator$VirtualFilterChain.doFilter(ObservationFilterChainDecorator.java:137)
	at org.springframework.security.web.session.SessionManagementFilter.doFilter(SessionManagementFilter.java:131)
	at org.springframework.security.web.session.SessionManagementFilter.doFilter(SessionManagementFilter.java:85)
	at org.springframework.security.web.ObservationFilterChainDecorator$ObservationFilter.wrapFilter(ObservationFilterChainDecorator.java:240)
	at org.springframework.security.web.ObservationFilterChainDecorator$ObservationFilter.doFilter(ObservationFilterChainDecorator.java:227)
	at org.springframework.security.web.ObservationFilterChainDecorator$VirtualFilterChain.doFilter(ObservationFilterChainDecorator.java:137)
	at org.springframework.security.web.authentication.AnonymousAuthenticationFilter.doFilter(AnonymousAuthenticationFilter.java:100)
	at org.springframework.security.web.ObservationFilterChainDecorator$ObservationFilter.wrapFilter(ObservationFilterChainDecorator.java:240)
	at org.springframework.security.web.ObservationFilterChainDecorator$ObservationFilter.doFilter(ObservationFilterChainDecorator.java:227)
	at org.springframework.security.web.ObservationFilterChainDecorator$VirtualFilterChain.doFilter(ObservationFilterChainDecorator.java:137)
	at org.springframework.security.web.servletapi.SecurityContextHolderAwareRequestFilter.doFilter(SecurityContextHolderAwareRequestFilter.java:179)
	at org.springframework.security.web.ObservationFilterChainDecorator$ObservationFilter.wrapFilter(ObservationFilterChainDecorator.java:240)
	at org.springframework.security.web.ObservationFilterChainDecorator$ObservationFilter.doFilter(ObservationFilterChainDecorator.java:227)
	at org.springframework.security.web.ObservationFilterChainDecorator$VirtualFilterChain.doFilter(ObservationFilterChainDecorator.java:137)
	at org.springframework.security.web.savedrequest.RequestCacheAwareFilter.doFilter(RequestCacheAwareFilter.java:63)
	at org.springframework.security.web.ObservationFilterChainDecorator$ObservationFilter.wrapFilter(ObservationFilterChainDecorator.java:240)
	at org.springframework.security.web.ObservationFilterChainDecorator$ObservationFilter.doFilter(ObservationFilterChainDecorator.java:227)
	at org.springframework.security.web.ObservationFilterChainDecorator$VirtualFilterChain.doFilter(ObservationFilterChainDecorator.java:137)
	at com.company.project.security.jwt.JwtAuthenticationFilter.doFilterInternal(JwtAuthenticationFilter.java:52)
	at org.springframework.web.filter.OncePerRequestFilter.doFilter(OncePerRequestFilter.java:116)
	at org.springframework.security.web.ObservationFilterChainDecorator$ObservationFilter.wrapFilter(ObservationFilterChainDecorator.java:240)
	at org.springframework.security.web.ObservationFilterChainDecorator$ObservationFilter.doFilter(ObservationFilterChainDecorator.java:227)
	at org.springframework.security.web.ObservationFilterChainDecorator$VirtualFilterChain.doFilter(ObservationFilterChainDecorator.java:137)
	at org.springframework.security.web.authentication.logout.LogoutFilter.doFilter(LogoutFilter.java:107)
	at org.springframework.security.web.authentication.logout.LogoutFilter.doFilter(LogoutFilter.java:93)
	at org.springframework.security.web.ObservationFilterChainDecorator$ObservationFilter.wrapFilter(ObservationFilterChainDecorator.java:240)
	at org.springframework.security.web.ObservationFilterChainDecorator$ObservationFilter.doFilter(ObservationFilterChainDecorator.java:227)
	at org.springframework.security.web.ObservationFilterChainDecorator$VirtualFilterChain.doFilter(ObservationFilterChainDecorator.java:137)
	at org.springframework.web.filter.CorsFilter.doFilterInternal(CorsFilter.java:91)
	at org.springframework.web.filter.OncePerRequestFilter.doFilter(OncePerRequestFilter.java:116)
	at org.springframework.security.web.ObservationFilterChainDecorator$ObservationFilter.wrapFilter(ObservationFilterChainDecorator.java:240)
	at org.springframework.security.web.ObservationFilterChainDecorator$ObservationFilter.doFilter(ObservationFilterChainDecorator.java:227)
	at org.springframework.security.web.ObservationFilterChainDecorator$VirtualFilterChain.doFilter(ObservationFilterChainDecorator.java:137)
	at org.springframework.security.web.header.HeaderWriterFilter.doHeadersAfter(HeaderWriterFilter.java:90)
	at org.springframework.security.web.header.HeaderWriterFilter.doFilterInternal(HeaderWriterFilter.java:75)
	at org.springframework.web.filter.OncePerRequestFilter.doFilter(OncePerRequestFilter.java:116)
	at org.springframework.security.web.ObservationFilterChainDecorator$ObservationFilter.wrapFilter(ObservationFilterChainDecorator.java:240)
	at org.springframework.security.web.ObservationFilterChainDecorator$ObservationFilter.doFilter(ObservationFilterChainDecorator.java:227)
	at org.springframework.security.web.ObservationFilterChainDecorator$VirtualFilterChain.doFilter(ObservationFilterChainDecorator.java:137)
	at org.springframework.security.web.context.SecurityContextHolderFilter.doFilter(SecurityContextHolderFilter.java:82)
	at org.springframework.security.web.context.SecurityContextHolderFilter.doFilter(SecurityContextHolderFilter.java:69)
	at org.springframework.security.web.ObservationFilterChainDecorator$ObservationFilter.wrapFilter(ObservationFilterChainDecorator.java:240)
	at org.springframework.security.web.ObservationFilterChainDecorator$ObservationFilter.doFilter(ObservationFilterChainDecorator.java:227)
	at org.springframework.security.web.ObservationFilterChainDecorator$VirtualFilterChain.doFilter(ObservationFilterChainDecorator.java:137)
	at org.springframework.security.web.context.request.async.WebAsyncManagerIntegrationFilter.doFilterInternal(WebAsyncManagerIntegrationFilter.java:62)
	at org.springframework.web.filter.OncePerRequestFilter.doFilter(OncePerRequestFilter.java:116)
	at org.springframework.security.web.ObservationFilterChainDecorator$ObservationFilter.wrapFilter(ObservationFilterChainDecorator.java:240)
	at org.springframework.security.web.ObservationFilterChainDecorator$ObservationFilter.doFilter(ObservationFilterChainDecorator.java:227)
	at org.springframework.security.web.ObservationFilterChainDecorator$VirtualFilterChain.doFilter(ObservationFilterChainDecorator.java:137)
	at org.springframework.security.web.session.DisableEncodeUrlFilter.doFilterInternal(DisableEncodeUrlFilter.java:42)
	at org.springframework.web.filter.OncePerRequestFilter.doFilter(OncePerRequestFilter.java:116)
	at org.springframework.security.web.ObservationFilterChainDecorator$ObservationFilter.wrapFilter(ObservationFilterChainDecorator.java:240)
	at org.springframework.security.web.ObservationFilterChainDecorator$AroundFilterObservation$SimpleAroundFilterObservation.lambda$wrap$0(ObservationFilterChainDecorator.java:323)
	at org.springframework.security.web.ObservationFilterChainDecorator$ObservationFilter.doFilter(ObservationFilterChainDecorator.java:224)
	at org.springframework.security.web.ObservationFilterChainDecorator$VirtualFilterChain.doFilter(ObservationFilterChainDecorator.java:137)
	at org.springframework.security.web.FilterChainProxy.doFilterInternal(FilterChainProxy.java:233)
	at org.springframework.security.web.FilterChainProxy.doFilter(FilterChainProxy.java:191)
	at org.springframework.web.filter.CompositeFilter$VirtualFilterChain.doFilter(CompositeFilter.java:113)
	at org.springframework.web.servlet.handler.HandlerMappingIntrospector.lambda$createCacheFilter$3(HandlerMappingIntrospector.java:243)
	at org.springframework.web.filter.CompositeFilter$VirtualFilterChain.doFilter(CompositeFilter.java:113)
	at org.springframework.web.filter.CompositeFilter.doFilter(CompositeFilter.java:74)
	at org.springframework.security.config.annotation.web.configuration.WebMvcSecurityConfiguration$CompositeFilterChainProxy.doFilter(WebMvcSecurityConfiguration.java:238)
	at org.springframework.web.filter.DelegatingFilterProxy.invokeDelegate(DelegatingFilterProxy.java:362)
	at org.springframework.web.filter.DelegatingFilterProxy.doFilter(DelegatingFilterProxy.java:278)
	at org.apache.catalina.core.ApplicationFilterChain.internalDoFilter(ApplicationFilterChain.java:164)
	at org.apache.catalina.core.ApplicationFilterChain.doFilter(ApplicationFilterChain.java:140)
	at org.springframework.web.filter.RequestContextFilter.doFilterInternal(RequestContextFilter.java:100)
	at org.springframework.web.filter.OncePerRequestFilter.doFilter(OncePerRequestFilter.java:116)
	at org.apache.catalina.core.ApplicationFilterChain.internalDoFilter(ApplicationFilterChain.java:164)
	at org.apache.catalina.core.ApplicationFilterChain.doFilter(ApplicationFilterChain.java:140)
	at org.springframework.web.filter.FormContentFilter.doFilterInternal(FormContentFilter.java:93)
	at org.springframework.web.filter.OncePerRequestFilter.doFilter(OncePerRequestFilter.java:116)
	at org.apache.catalina.core.ApplicationFilterChain.internalDoFilter(ApplicationFilterChain.java:164)
	at org.apache.catalina.core.ApplicationFilterChain.doFilter(ApplicationFilterChain.java:140)
	at org.springframework.web.filter.ServerHttpObservationFilter.doFilterInternal(ServerHttpObservationFilter.java:114)
	at org.springframework.web.filter.OncePerRequestFilter.doFilter(OncePerRequestFilter.java:116)
	at org.apache.catalina.core.ApplicationFilterChain.internalDoFilter(ApplicationFilterChain.java:164)
	at org.apache.catalina.core.ApplicationFilterChain.doFilter(ApplicationFilterChain.java:140)
	at org.springframework.web.filter.CharacterEncodingFilter.doFilterInternal(CharacterEncodingFilter.java:201)
	at org.springframework.web.filter.OncePerRequestFilter.doFilter(OncePerRequestFilter.java:116)
	at org.apache.catalina.core.ApplicationFilterChain.internalDoFilter(ApplicationFilterChain.java:164)
	at org.apache.catalina.core.ApplicationFilterChain.doFilter(ApplicationFilterChain.java:140)
	at org.apache.catalina.core.StandardWrapperValve.invoke(StandardWrapperValve.java:167)
	at org.apache.catalina.core.StandardContextValve.invoke(StandardContextValve.java:90)
	at org.apache.catalina.authenticator.AuthenticatorBase.invoke(AuthenticatorBase.java:483)
	at org.apache.catalina.core.StandardHostValve.invoke(StandardHostValve.java:115)
	at org.apache.catalina.valves.ErrorReportValve.invoke(ErrorReportValve.java:93)
	at org.apache.catalina.core.StandardEngineValve.invoke(StandardEngineValve.java:74)
	at org.apache.catalina.connector.CoyoteAdapter.service(CoyoteAdapter.java:344)
	at org.apache.coyote.http11.Http11Processor.service(Http11Processor.java:397)
	at org.apache.coyote.AbstractProcessorLight.process(AbstractProcessorLight.java:63)
	at org.apache.coyote.AbstractProtocol$ConnectionHandler.process(AbstractProtocol.java:905)
	at org.apache.tomcat.util.net.NioEndpoint$SocketProcessor.doRun(NioEndpoint.java:1741)
	at org.apache.tomcat.util.net.SocketProcessorBase.run(SocketProcessorBase.java:52)
	at org.apache.tomcat.util.threads.ThreadPoolExecutor.runWorker(ThreadPoolExecutor.java:1190)
	at org.apache.tomcat.util.threads.ThreadPoolExecutor$Worker.run(ThreadPoolExecutor.java:659)
	at org.apache.tomcat.util.threads.TaskThread$WrappingRunnable.run(TaskThread.java:63)
	at java.base/java.lang.Thread.run(Thread.java:1583)
2026-03-16 16:58:17 [http-nio-8080-exec-4] DEBUG o.s.w.s.m.m.a.HttpEntityMethodProcessor - Using 'application/json', given [application/json, text/plain, */*] and supported [application/json, application/*+json, application/yaml]
2026-03-16 16:58:17 [http-nio-8080-exec-4] TRACE o.s.w.s.m.m.a.HttpEntityMethodProcessor - Writing [ApiResponse[success=false, status=500, code=C004, message=예기치 않은 서버 오류가 발생했습니다., data=null, timestamp=2026-03-16T16:58:17.853102600]]
2026-03-16 16:58:17 [http-nio-8080-exec-4] DEBUG o.s.w.s.m.m.a.ExceptionHandlerExceptionResolver - Resolved [org.springframework.web.servlet.resource.NoResourceFoundException: No static resource api/v1/admin/system/statistics/connect.]
2026-03-16 16:58:17 [http-nio-8080-exec-4] DEBUG o.s.web.servlet.DispatcherServlet - Completed 500 INTERNAL_SERVER_ERROR
2026-03-16 16:58:17 [http-nio-8080-exec-3] DEBUG o.s.orm.jpa.JpaTransactionManager - Exposing JPA transaction as JDBC [org.springframework.orm.jpa.vendor.HibernateJpaDialect$HibernateConnectionHandle@2495215]
2026-03-16 16:58:17 [http-nio-8080-exec-3] DEBUG o.s.orm.jpa.JpaTransactionManager - Found thread-bound EntityManager [SessionImpl(906117750<open>)] for JPA transaction
2026-03-16 16:58:17 [http-nio-8080-exec-3] DEBUG o.s.orm.jpa.JpaTransactionManager - Participating in existing transaction
2026-03-16 16:58:17 [http-nio-8080-exec-3] DEBUG org.hibernate.SQL - select u1_0.emplyr_id,u1_0.area_no,u1_0.brthdy,u1_0.chg_pwd_cnt,u1_0.frst_register_id,u1_0.frst_regist_pnttm,u1_0.detail_adres,u1_0.email_adres,u1_0.emplyr_sttus_code,u1_0.empl_no,u1_0.esntl_id,u1_0.fxnum,u1_0.group_id,u1_0.house_adres,u1_0.house_end_telno,u1_0.house_middle_telno,u1_0.ihidnum,u1_0.pstinst_code,u1_0.last_updusr_id,u1_0.last_updt_pnttm,u1_0.lock_at,u1_0.lock_cnt,u1_0.lock_last_pnttm,u1_0.mbtlnum,u1_0.ofcps_nm,u1_0.offm_telno,u1_0.orgnzt_id,u1_0.password,u1_0.password_cnsr,u1_0.password_hint,u1_0.chg_pwd_last_pnttm,u1_0.role,u1_0.sbscrb_de,u1_0.sexdstn_code,u1_0.crtfc_dn_value,u1_0.user_nm,u1_0.zip from nemplyrinfo u1_0 where u1_0.emplyr_id=?
2026-03-16 16:58:17 [http-nio-8080-exec-2] DEBUG o.s.orm.jpa.JpaTransactionManager - Closing JPA EntityManager [SessionImpl(2007274100<open>)] after transaction
2026-03-16 16:58:17 [http-nio-8080-exec-2] DEBUG c.c.p.s.jwt.JwtAuthenticationFilter - >>> [JwtFilter] Successfully authenticated user: USRCNFRM_99999999999, Authorities: [ROLE_ADMIN]
2026-03-16 16:58:17 [http-nio-8080-exec-2] DEBUG o.s.web.servlet.DispatcherServlet - GET "/api/v1/menu/left?menuNo=40", parameters={masked}
2026-03-16 16:58:17 [http-nio-8080-exec-2] TRACE o.s.w.s.m.m.a.RequestMappingHandlerMapping - Mapped to com.company.project.api.controller.menu.MenuController#getLeftMenu(Long)
2026-03-16 16:58:17 [http-nio-8080-exec-2] INFO  c.c.p.a.c.menu.MenuController - getLeftMenu called with menuNo=40
2026-03-16 16:58:17 [http-nio-8080-exec-2] DEBUG o.s.orm.jpa.JpaTransactionManager - Creating new transaction with name [com.company.project.service.menu.MenuService.getSubMenus]: PROPAGATION_REQUIRED,ISOLATION_DEFAULT,readOnly
2026-03-16 16:58:17 [http-nio-8080-exec-2] DEBUG o.s.orm.jpa.JpaTransactionManager - Opened new EntityManager [SessionImpl(955631767<open>)] for JPA transaction
2026-03-16 16:58:17 [http-nio-8080-exec-2] DEBUG o.s.orm.jpa.JpaTransactionManager - Exposing JPA transaction as JDBC [org.springframework.orm.jpa.vendor.HibernateJpaDialect$HibernateConnectionHandle@39699b4f]
2026-03-16 16:58:17 [http-nio-8080-exec-2] DEBUG org.hibernate.SQL - select m1_0.menu_no,m1_0.menu_dc,m1_0.menu_nm,m1_0.menu_ordr,m1_0.modern_route,m1_0.progrm_file_nm,m1_0.relate_image_nm,m1_0.relate_image_path,m1_0.route_updated_at,m1_0.upper_menu_no from nmenuinfo m1_0 order by m1_0.upper_menu_no,m1_0.menu_ordr
2026-03-16 16:58:18 [http-nio-8080-exec-3] DEBUG o.s.orm.jpa.JpaTransactionManager - Found thread-bound EntityManager [SessionImpl(906117750<open>)] for JPA transaction
2026-03-16 16:58:18 [http-nio-8080-exec-3] DEBUG o.s.orm.jpa.JpaTransactionManager - Participating in existing transaction
2026-03-16 16:58:18 [http-nio-8080-exec-3] DEBUG org.hibernate.SQL - select ua1_0.scrty_dtrmn_trget_id,ua1_0.author_code,ua1_0.frst_register_id,ua1_0.frst_regist_pnttm,ua1_0.last_updusr_id,ua1_0.last_updt_pnttm,ua1_0.mber_ty_code from nemplyrscrtyestbs ua1_0 where ua1_0.scrty_dtrmn_trget_id=?
2026-03-16 16:58:18 [http-nio-8080-exec-3] DEBUG o.s.orm.jpa.JpaTransactionManager - Initiating transaction commit
2026-03-16 16:58:18 [http-nio-8080-exec-3] DEBUG o.s.orm.jpa.JpaTransactionManager - Committing JPA transaction on EntityManager [SessionImpl(906117750<open>)]
2026-03-16 16:58:18 [http-nio-8080-exec-2] DEBUG o.s.orm.jpa.JpaTransactionManager - Found thread-bound EntityManager [SessionImpl(955631767<open>)] for JPA transaction
2026-03-16 16:58:18 [http-nio-8080-exec-2] DEBUG o.s.orm.jpa.JpaTransactionManager - Participating in existing transaction
2026-03-16 16:58:18 [http-nio-8080-exec-2] DEBUG org.hibernate.SQL - select p1_0.progrm_file_nm,p1_0.progrm_dc,p1_0.progrm_korean_nm,p1_0.progrm_stre_path,p1_0.url from nprogrmlist p1_0
2026-03-16 16:58:18 [http-nio-8080-exec-3] DEBUG o.s.orm.jpa.JpaTransactionManager - Closing JPA EntityManager [SessionImpl(906117750<open>)] after transaction
2026-03-16 16:58:18 [http-nio-8080-exec-3] DEBUG c.c.p.s.jwt.JwtAuthenticationFilter - >>> [JwtFilter] Successfully authenticated user: USRCNFRM_99999999999, Authorities: [ROLE_ADMIN]
2026-03-16 16:58:18 [http-nio-8080-exec-3] DEBUG o.s.web.servlet.DispatcherServlet - GET "/api/v1/admin/system/statistics/bbs?statsKind=COM101", parameters={masked}
2026-03-16 16:58:18 [http-nio-8080-exec-3] DEBUG o.s.w.s.h.SimpleUrlHandlerMapping - Mapped to ResourceHttpRequestHandler [classpath [META-INF/resources/], classpath [resources/], classpath [static/], classpath [public/], ServletContext [/]]
2026-03-16 16:58:18 [http-nio-8080-exec-3] DEBUG o.s.w.s.r.ResourceHttpRequestHandler - Resource not found
2026-03-16 16:58:18 [http-nio-8080-exec-3] DEBUG o.s.w.s.m.m.a.ExceptionHandlerExceptionResolver - Using @ExceptionHandler com.company.project.core.exception.GlobalExceptionHandler#handleException(Exception)
2026-03-16 16:58:18 [http-nio-8080-exec-3] ERROR c.c.p.c.e.GlobalExceptionHandler - >>> Internal Server Error: No static resource api/v1/admin/system/statistics/bbs.
org.springframework.web.servlet.resource.NoResourceFoundException: No static resource api/v1/admin/system/statistics/bbs.
	at org.springframework.web.servlet.resource.ResourceHttpRequestHandler.handleRequest(ResourceHttpRequestHandler.java:585)
	at org.springframework.web.servlet.mvc.HttpRequestHandlerAdapter.handle(HttpRequestHandlerAdapter.java:52)
	at org.springframework.web.servlet.DispatcherServlet.doDispatch(DispatcherServlet.java:1088)
	at org.springframework.web.servlet.DispatcherServlet.doService(DispatcherServlet.java:978)
	at org.springframework.web.servlet.FrameworkServlet.processRequest(FrameworkServlet.java:1014)
	at org.springframework.web.servlet.FrameworkServlet.doGet(FrameworkServlet.java:903)
	at jakarta.servlet.http.HttpServlet.service(HttpServlet.java:527)
	at org.springframework.web.servlet.FrameworkServlet.service(FrameworkServlet.java:885)
	at jakarta.servlet.http.HttpServlet.service(HttpServlet.java:614)
	at org.apache.catalina.core.ApplicationFilterChain.internalDoFilter(ApplicationFilterChain.java:195)
	at org.apache.catalina.core.ApplicationFilterChain.doFilter(ApplicationFilterChain.java:140)
	at org.apache.tomcat.websocket.server.WsFilter.doFilter(WsFilter.java:51)
	at org.apache.catalina.core.ApplicationFilterChain.internalDoFilter(ApplicationFilterChain.java:164)
	at org.apache.catalina.core.ApplicationFilterChain.doFilter(ApplicationFilterChain.java:140)
	at org.springframework.web.filter.CompositeFilter$VirtualFilterChain.doFilter(CompositeFilter.java:108)
	at org.springframework.security.web.FilterChainProxy.lambda$doFilterInternal$3(FilterChainProxy.java:231)
	at org.springframework.security.web.ObservationFilterChainDecorator$FilterObservation$SimpleFilterObservation.lambda$wrap$1(ObservationFilterChainDecorator.java:479)
	at org.springframework.security.web.ObservationFilterChainDecorator$AroundFilterObservation$SimpleAroundFilterObservation.lambda$wrap$1(ObservationFilterChainDecorator.java:340)
	at org.springframework.security.web.ObservationFilterChainDecorator.lambda$wrapSecured$0(ObservationFilterChainDecorator.java:82)
	at org.springframework.security.web.ObservationFilterChainDecorator$VirtualFilterChain.doFilter(ObservationFilterChainDecorator.java:128)
	at org.springframework.security.web.access.intercept.AuthorizationFilter.doFilter(AuthorizationFilter.java:101)
	at org.springframework.security.web.ObservationFilterChainDecorator$ObservationFilter.wrapFilter(ObservationFilterChainDecorator.java:240)
	at org.springframework.security.web.ObservationFilterChainDecorator$ObservationFilter.doFilter(ObservationFilterChainDecorator.java:227)
	at org.springframework.security.web.ObservationFilterChainDecorator$VirtualFilterChain.doFilter(ObservationFilterChainDecorator.java:137)
	at org.springframework.security.web.access.ExceptionTranslationFilter.doFilter(ExceptionTranslationFilter.java:126)
	at org.springframework.security.web.access.ExceptionTranslationFilter.doFilter(ExceptionTranslationFilter.java:120)
	at org.springframework.security.web.ObservationFilterChainDecorator$ObservationFilter.wrapFilter(ObservationFilterChainDecorator.java:240)
	at org.springframework.security.web.ObservationFilterChainDecorator$ObservationFilter.doFilter(ObservationFilterChainDecorator.java:227)
	at org.springframework.security.web.ObservationFilterChainDecorator$VirtualFilterChain.doFilter(ObservationFilterChainDecorator.java:137)
	at org.springframework.security.web.session.SessionManagementFilter.doFilter(SessionManagementFilter.java:131)
	at org.springframework.security.web.session.SessionManagementFilter.doFilter(SessionManagementFilter.java:85)
	at org.springframework.security.web.ObservationFilterChainDecorator$ObservationFilter.wrapFilter(ObservationFilterChainDecorator.java:240)
	at org.springframework.security.web.ObservationFilterChainDecorator$ObservationFilter.doFilter(ObservationFilterChainDecorator.java:227)
	at org.springframework.security.web.ObservationFilterChainDecorator$VirtualFilterChain.doFilter(ObservationFilterChainDecorator.java:137)
	at org.springframework.security.web.authentication.AnonymousAuthenticationFilter.doFilter(AnonymousAuthenticationFilter.java:100)
	at org.springframework.security.web.ObservationFilterChainDecorator$ObservationFilter.wrapFilter(ObservationFilterChainDecorator.java:240)
	at org.springframework.security.web.ObservationFilterChainDecorator$ObservationFilter.doFilter(ObservationFilterChainDecorator.java:227)
	at org.springframework.security.web.ObservationFilterChainDecorator$VirtualFilterChain.doFilter(ObservationFilterChainDecorator.java:137)
	at org.springframework.security.web.servletapi.SecurityContextHolderAwareRequestFilter.doFilter(SecurityContextHolderAwareRequestFilter.java:179)
	at org.springframework.security.web.ObservationFilterChainDecorator$ObservationFilter.wrapFilter(ObservationFilterChainDecorator.java:240)
	at org.springframework.security.web.ObservationFilterChainDecorator$ObservationFilter.doFilter(ObservationFilterChainDecorator.java:227)
	at org.springframework.security.web.ObservationFilterChainDecorator$VirtualFilterChain.doFilter(ObservationFilterChainDecorator.java:137)
	at org.springframework.security.web.savedrequest.RequestCacheAwareFilter.doFilter(RequestCacheAwareFilter.java:63)
	at org.springframework.security.web.ObservationFilterChainDecorator$ObservationFilter.wrapFilter(ObservationFilterChainDecorator.java:240)
	at org.springframework.security.web.ObservationFilterChainDecorator$ObservationFilter.doFilter(ObservationFilterChainDecorator.java:227)
	at org.springframework.security.web.ObservationFilterChainDecorator$VirtualFilterChain.doFilter(ObservationFilterChainDecorator.java:137)
	at com.company.project.security.jwt.JwtAuthenticationFilter.doFilterInternal(JwtAuthenticationFilter.java:52)
	at org.springframework.web.filter.OncePerRequestFilter.doFilter(OncePerRequestFilter.java:116)
	at org.springframework.security.web.ObservationFilterChainDecorator$ObservationFilter.wrapFilter(ObservationFilterChainDecorator.java:240)
	at org.springframework.security.web.ObservationFilterChainDecorator$ObservationFilter.doFilter(ObservationFilterChainDecorator.java:227)
	at org.springframework.security.web.ObservationFilterChainDecorator$VirtualFilterChain.doFilter(ObservationFilterChainDecorator.java:137)
	at org.springframework.security.web.authentication.logout.LogoutFilter.doFilter(LogoutFilter.java:107)
	at org.springframework.security.web.authentication.logout.LogoutFilter.doFilter(LogoutFilter.java:93)
	at org.springframework.security.web.ObservationFilterChainDecorator$ObservationFilter.wrapFilter(ObservationFilterChainDecorator.java:240)
	at org.springframework.security.web.ObservationFilterChainDecorator$ObservationFilter.doFilter(ObservationFilterChainDecorator.java:227)
	at org.springframework.security.web.ObservationFilterChainDecorator$VirtualFilterChain.doFilter(ObservationFilterChainDecorator.java:137)
	at org.springframework.web.filter.CorsFilter.doFilterInternal(CorsFilter.java:91)
	at org.springframework.web.filter.OncePerRequestFilter.doFilter(OncePerRequestFilter.java:116)
	at org.springframework.security.web.ObservationFilterChainDecorator$ObservationFilter.wrapFilter(ObservationFilterChainDecorator.java:240)
	at org.springframework.security.web.ObservationFilterChainDecorator$ObservationFilter.doFilter(ObservationFilterChainDecorator.java:227)
	at org.springframework.security.web.ObservationFilterChainDecorator$VirtualFilterChain.doFilter(ObservationFilterChainDecorator.java:137)
	at org.springframework.security.web.header.HeaderWriterFilter.doHeadersAfter(HeaderWriterFilter.java:90)
	at org.springframework.security.web.header.HeaderWriterFilter.doFilterInternal(HeaderWriterFilter.java:75)
	at org.springframework.web.filter.OncePerRequestFilter.doFilter(OncePerRequestFilter.java:116)
	at org.springframework.security.web.ObservationFilterChainDecorator$ObservationFilter.wrapFilter(ObservationFilterChainDecorator.java:240)
	at org.springframework.security.web.ObservationFilterChainDecorator$ObservationFilter.doFilter(ObservationFilterChainDecorator.java:227)
	at org.springframework.security.web.ObservationFilterChainDecorator$VirtualFilterChain.doFilter(ObservationFilterChainDecorator.java:137)
	at org.springframework.security.web.context.SecurityContextHolderFilter.doFilter(SecurityContextHolderFilter.java:82)
	at org.springframework.security.web.context.SecurityContextHolderFilter.doFilter(SecurityContextHolderFilter.java:69)
	at org.springframework.security.web.ObservationFilterChainDecorator$ObservationFilter.wrapFilter(ObservationFilterChainDecorator.java:240)
	at org.springframework.security.web.ObservationFilterChainDecorator$ObservationFilter.doFilter(ObservationFilterChainDecorator.java:227)
	at org.springframework.security.web.ObservationFilterChainDecorator$VirtualFilterChain.doFilter(ObservationFilterChainDecorator.java:137)
	at org.springframework.security.web.context.request.async.WebAsyncManagerIntegrationFilter.doFilterInternal(WebAsyncManagerIntegrationFilter.java:62)
	at org.springframework.web.filter.OncePerRequestFilter.doFilter(OncePerRequestFilter.java:116)
	at org.springframework.security.web.ObservationFilterChainDecorator$ObservationFilter.wrapFilter(ObservationFilterChainDecorator.java:240)
	at org.springframework.security.web.ObservationFilterChainDecorator$ObservationFilter.doFilter(ObservationFilterChainDecorator.java:227)
	at org.springframework.security.web.ObservationFilterChainDecorator$VirtualFilterChain.doFilter(ObservationFilterChainDecorator.java:137)
	at org.springframework.security.web.session.DisableEncodeUrlFilter.doFilterInternal(DisableEncodeUrlFilter.java:42)
	at org.springframework.web.filter.OncePerRequestFilter.doFilter(OncePerRequestFilter.java:116)
	at org.springframework.security.web.ObservationFilterChainDecorator$ObservationFilter.wrapFilter(ObservationFilterChainDecorator.java:240)
	at org.springframework.security.web.ObservationFilterChainDecorator$AroundFilterObservation$SimpleAroundFilterObservation.lambda$wrap$0(ObservationFilterChainDecorator.java:323)
	at org.springframework.security.web.ObservationFilterChainDecorator$ObservationFilter.doFilter(ObservationFilterChainDecorator.java:224)
	at org.springframework.security.web.ObservationFilterChainDecorator$VirtualFilterChain.doFilter(ObservationFilterChainDecorator.java:137)
	at org.springframework.security.web.FilterChainProxy.doFilterInternal(FilterChainProxy.java:233)
	at org.springframework.security.web.FilterChainProxy.doFilter(FilterChainProxy.java:191)
	at org.springframework.web.filter.CompositeFilter$VirtualFilterChain.doFilter(CompositeFilter.java:113)
	at org.springframework.web.servlet.handler.HandlerMappingIntrospector.lambda$createCacheFilter$3(HandlerMappingIntrospector.java:243)
	at org.springframework.web.filter.CompositeFilter$VirtualFilterChain.doFilter(CompositeFilter.java:113)
	at org.springframework.web.filter.CompositeFilter.doFilter(CompositeFilter.java:74)
	at org.springframework.security.config.annotation.web.configuration.WebMvcSecurityConfiguration$CompositeFilterChainProxy.doFilter(WebMvcSecurityConfiguration.java:238)
	at org.springframework.web.filter.DelegatingFilterProxy.invokeDelegate(DelegatingFilterProxy.java:362)
	at org.springframework.web.filter.DelegatingFilterProxy.doFilter(DelegatingFilterProxy.java:278)
	at org.apache.catalina.core.ApplicationFilterChain.internalDoFilter(ApplicationFilterChain.java:164)
	at org.apache.catalina.core.ApplicationFilterChain.doFilter(ApplicationFilterChain.java:140)
	at org.springframework.web.filter.RequestContextFilter.doFilterInternal(RequestContextFilter.java:100)
	at org.springframework.web.filter.OncePerRequestFilter.doFilter(OncePerRequestFilter.java:116)
	at org.apache.catalina.core.ApplicationFilterChain.internalDoFilter(ApplicationFilterChain.java:164)
	at org.apache.catalina.core.ApplicationFilterChain.doFilter(ApplicationFilterChain.java:140)
	at org.springframework.web.filter.FormContentFilter.doFilterInternal(FormContentFilter.java:93)
	at org.springframework.web.filter.OncePerRequestFilter.doFilter(OncePerRequestFilter.java:116)
	at org.apache.catalina.core.ApplicationFilterChain.internalDoFilter(ApplicationFilterChain.java:164)
	at org.apache.catalina.core.ApplicationFilterChain.doFilter(ApplicationFilterChain.java:140)
	at org.springframework.web.filter.ServerHttpObservationFilter.doFilterInternal(ServerHttpObservationFilter.java:114)
	at org.springframework.web.filter.OncePerRequestFilter.doFilter(OncePerRequestFilter.java:116)
	at org.apache.catalina.core.ApplicationFilterChain.internalDoFilter(ApplicationFilterChain.java:164)
	at org.apache.catalina.core.ApplicationFilterChain.doFilter(ApplicationFilterChain.java:140)
	at org.springframework.web.filter.CharacterEncodingFilter.doFilterInternal(CharacterEncodingFilter.java:201)
	at org.springframework.web.filter.OncePerRequestFilter.doFilter(OncePerRequestFilter.java:116)
	at org.apache.catalina.core.ApplicationFilterChain.internalDoFilter(ApplicationFilterChain.java:164)
	at org.apache.catalina.core.ApplicationFilterChain.doFilter(ApplicationFilterChain.java:140)
	at org.apache.catalina.core.StandardWrapperValve.invoke(StandardWrapperValve.java:167)
	at org.apache.catalina.core.StandardContextValve.invoke(StandardContextValve.java:90)
	at org.apache.catalina.authenticator.AuthenticatorBase.invoke(AuthenticatorBase.java:483)
	at org.apache.catalina.core.StandardHostValve.invoke(StandardHostValve.java:115)
	at org.apache.catalina.valves.ErrorReportValve.invoke(ErrorReportValve.java:93)
	at org.apache.catalina.core.StandardEngineValve.invoke(StandardEngineValve.java:74)
	at org.apache.catalina.connector.CoyoteAdapter.service(CoyoteAdapter.java:344)
	at org.apache.coyote.http11.Http11Processor.service(Http11Processor.java:397)
	at org.apache.coyote.AbstractProcessorLight.process(AbstractProcessorLight.java:63)
	at org.apache.coyote.AbstractProtocol$ConnectionHandler.process(AbstractProtocol.java:905)
	at org.apache.tomcat.util.net.NioEndpoint$SocketProcessor.doRun(NioEndpoint.java:1741)
	at org.apache.tomcat.util.net.SocketProcessorBase.run(SocketProcessorBase.java:52)
	at org.apache.tomcat.util.threads.ThreadPoolExecutor.runWorker(ThreadPoolExecutor.java:1190)
	at org.apache.tomcat.util.threads.ThreadPoolExecutor$Worker.run(ThreadPoolExecutor.java:659)
	at org.apache.tomcat.util.threads.TaskThread$WrappingRunnable.run(TaskThread.java:63)
	at java.base/java.lang.Thread.run(Thread.java:1583)
2026-03-16 16:58:18 [http-nio-8080-exec-3] DEBUG o.s.w.s.m.m.a.HttpEntityMethodProcessor - Using 'application/json', given [application/json, text/plain, */*] and supported [application/json, application/*+json, application/yaml]
2026-03-16 16:58:18 [http-nio-8080-exec-3] TRACE o.s.w.s.m.m.a.HttpEntityMethodProcessor - Writing [ApiResponse[success=false, status=500, code=C004, message=예기치 않은 서버 오류가 발생했습니다., data=null, timestamp=2026-03-16T16:58:18.415823]]
2026-03-16 16:58:18 [http-nio-8080-exec-3] DEBUG o.s.w.s.m.m.a.ExceptionHandlerExceptionResolver - Resolved [org.springframework.web.servlet.resource.NoResourceFoundException: No static resource api/v1/admin/system/statistics/bbs.]
2026-03-16 16:58:18 [http-nio-8080-exec-3] DEBUG o.s.web.servlet.DispatcherServlet - Completed 500 INTERNAL_SERVER_ERROR
2026-03-16 16:58:18 [http-nio-8080-exec-2] DEBUG o.s.orm.jpa.JpaTransactionManager - Initiating transaction commit
2026-03-16 16:58:18 [http-nio-8080-exec-2] DEBUG o.s.orm.jpa.JpaTransactionManager - Committing JPA transaction on EntityManager [SessionImpl(955631767<open>)]
2026-03-16 16:58:18 [http-nio-8080-exec-2] DEBUG o.s.orm.jpa.JpaTransactionManager - Closing JPA EntityManager [SessionImpl(955631767<open>)] after transaction
2026-03-16 16:58:18 [http-nio-8080-exec-2] INFO  c.c.p.a.c.menu.MenuController - getLeftMenu returned 2 items
2026-03-16 16:58:18 [http-nio-8080-exec-2] DEBUG o.s.w.s.m.m.a.HttpEntityMethodProcessor - Using 'application/json', given [application/json, text/plain, */*] and supported [application/json, application/*+json, application/yaml]
2026-03-16 16:58:18 [http-nio-8080-exec-2] TRACE o.s.w.s.m.m.a.HttpEntityMethodProcessor - Writing [ApiResponse[success=true, status=200, code=COMMON_001, message=Success, data={list=[com.company.project.service.menu.dto.MenuDto@1eca35, com.company.project.service.menu.dto.MenuDto@fed0886]}, timestamp=2026-03-16T16:58:18.601770600]]
2026-03-16 16:58:18 [http-nio-8080-exec-2] INFO  c.c.p.a.i.OperationalAuditInterceptor - API Audit Log: URL=/api/v1/menu/left, User=webmaster, IP=127.0.0.1
2026-03-16 16:58:18 [http-nio-8080-exec-2] DEBUG o.s.web.servlet.DispatcherServlet - Completed 200 OK
2026-03-16 16:58:18 [http-nio-8080-exec-7] DEBUG c.c.p.s.jwt.JwtAuthenticationFilter - >>> [JwtFilter] Processing request: GET /api/v1/menu/left
2026-03-16 16:58:18 [http-nio-8080-exec-7] DEBUG c.c.p.s.jwt.JwtAuthenticationFilter - >>> [JwtFilter] Found token in header for path: /api/v1/menu/left
2026-03-16 16:58:18 [http-nio-8080-exec-7] DEBUG o.s.orm.jpa.JpaTransactionManager - Creating new transaction with name [com.company.project.security.iam.CustomUserDetailsService.loadUserByUsername]: PROPAGATION_REQUIRED,ISOLATION_DEFAULT,readOnly
2026-03-16 16:58:18 [http-nio-8080-exec-7] DEBUG o.s.orm.jpa.JpaTransactionManager - Opened new EntityManager [SessionImpl(967946454<open>)] for JPA transaction
2026-03-16 16:58:18 [http-nio-8080-exec-7] DEBUG o.s.orm.jpa.JpaTransactionManager - Exposing JPA transaction as JDBC [org.springframework.orm.jpa.vendor.HibernateJpaDialect$HibernateConnectionHandle@62828fba]
2026-03-16 16:58:18 [http-nio-8080-exec-7] DEBUG o.s.orm.jpa.JpaTransactionManager - Found thread-bound EntityManager [SessionImpl(967946454<open>)] for JPA transaction
2026-03-16 16:58:18 [http-nio-8080-exec-7] DEBUG o.s.orm.jpa.JpaTransactionManager - Participating in existing transaction
2026-03-16 16:58:18 [http-nio-8080-exec-7] DEBUG org.hibernate.SQL - select u1_0.emplyr_id,u1_0.area_no,u1_0.brthdy,u1_0.chg_pwd_cnt,u1_0.frst_register_id,u1_0.frst_regist_pnttm,u1_0.detail_adres,u1_0.email_adres,u1_0.emplyr_sttus_code,u1_0.empl_no,u1_0.esntl_id,u1_0.fxnum,u1_0.group_id,u1_0.house_adres,u1_0.house_end_telno,u1_0.house_middle_telno,u1_0.ihidnum,u1_0.pstinst_code,u1_0.last_updusr_id,u1_0.last_updt_pnttm,u1_0.lock_at,u1_0.lock_cnt,u1_0.lock_last_pnttm,u1_0.mbtlnum,u1_0.ofcps_nm,u1_0.offm_telno,u1_0.orgnzt_id,u1_0.password,u1_0.password_cnsr,u1_0.password_hint,u1_0.chg_pwd_last_pnttm,u1_0.role,u1_0.sbscrb_de,u1_0.sexdstn_code,u1_0.crtfc_dn_value,u1_0.user_nm,u1_0.zip from nemplyrinfo u1_0 where u1_0.emplyr_id=?
2026-03-16 16:58:18 [http-nio-8080-exec-7] DEBUG o.s.orm.jpa.JpaTransactionManager - Found thread-bound EntityManager [SessionImpl(967946454<open>)] for JPA transaction
2026-03-16 16:58:18 [http-nio-8080-exec-7] DEBUG o.s.orm.jpa.JpaTransactionManager - Participating in existing transaction
2026-03-16 16:58:18 [http-nio-8080-exec-7] DEBUG org.hibernate.SQL - select ua1_0.scrty_dtrmn_trget_id,ua1_0.author_code,ua1_0.frst_register_id,ua1_0.frst_regist_pnttm,ua1_0.last_updusr_id,ua1_0.last_updt_pnttm,ua1_0.mber_ty_code from nemplyrscrtyestbs ua1_0 where ua1_0.scrty_dtrmn_trget_id=?
2026-03-16 16:58:19 [http-nio-8080-exec-7] DEBUG o.s.orm.jpa.JpaTransactionManager - Initiating transaction commit
2026-03-16 16:58:19 [http-nio-8080-exec-7] DEBUG o.s.orm.jpa.JpaTransactionManager - Committing JPA transaction on EntityManager [SessionImpl(967946454<open>)]
2026-03-16 16:58:19 [http-nio-8080-exec-7] DEBUG o.s.orm.jpa.JpaTransactionManager - Closing JPA EntityManager [SessionImpl(967946454<open>)] after transaction
2026-03-16 16:58:19 [http-nio-8080-exec-7] DEBUG c.c.p.s.jwt.JwtAuthenticationFilter - >>> [JwtFilter] Successfully authenticated user: USRCNFRM_99999999999, Authorities: [ROLE_ADMIN]
2026-03-16 16:58:19 [http-nio-8080-exec-7] DEBUG o.s.web.servlet.DispatcherServlet - GET "/api/v1/menu/left?menuNo=50", parameters={masked}
2026-03-16 16:58:19 [http-nio-8080-exec-7] TRACE o.s.w.s.m.m.a.RequestMappingHandlerMapping - Mapped to com.company.project.api.controller.menu.MenuController#getLeftMenu(Long)
2026-03-16 16:58:19 [http-nio-8080-exec-7] INFO  c.c.p.a.c.menu.MenuController - getLeftMenu called with menuNo=50
2026-03-16 16:58:19 [http-nio-8080-exec-7] DEBUG o.s.orm.jpa.JpaTransactionManager - Creating new transaction with name [com.company.project.service.menu.MenuService.getSubMenus]: PROPAGATION_REQUIRED,ISOLATION_DEFAULT,readOnly
2026-03-16 16:58:19 [http-nio-8080-exec-7] DEBUG o.s.orm.jpa.JpaTransactionManager - Opened new EntityManager [SessionImpl(688450738<open>)] for JPA transaction
2026-03-16 16:58:19 [http-nio-8080-exec-7] DEBUG o.s.orm.jpa.JpaTransactionManager - Exposing JPA transaction as JDBC [org.springframework.orm.jpa.vendor.HibernateJpaDialect$HibernateConnectionHandle@2f976f4e]
2026-03-16 16:58:19 [http-nio-8080-exec-7] DEBUG org.hibernate.SQL - select m1_0.menu_no,m1_0.menu_dc,m1_0.menu_nm,m1_0.menu_ordr,m1_0.modern_route,m1_0.progrm_file_nm,m1_0.relate_image_nm,m1_0.relate_image_path,m1_0.route_updated_at,m1_0.upper_menu_no from nmenuinfo m1_0 order by m1_0.upper_menu_no,m1_0.menu_ordr
2026-03-16 16:58:19 [http-nio-8080-exec-7] DEBUG o.s.orm.jpa.JpaTransactionManager - Found thread-bound EntityManager [SessionImpl(688450738<open>)] for JPA transaction
2026-03-16 16:58:19 [http-nio-8080-exec-7] DEBUG o.s.orm.jpa.JpaTransactionManager - Participating in existing transaction
2026-03-16 16:58:19 [http-nio-8080-exec-7] DEBUG org.hibernate.SQL - select p1_0.progrm_file_nm,p1_0.progrm_dc,p1_0.progrm_korean_nm,p1_0.progrm_stre_path,p1_0.url from nprogrmlist p1_0
2026-03-16 16:58:19 [http-nio-8080-exec-7] DEBUG o.s.orm.jpa.JpaTransactionManager - Initiating transaction commit
2026-03-16 16:58:19 [http-nio-8080-exec-7] DEBUG o.s.orm.jpa.JpaTransactionManager - Committing JPA transaction on EntityManager [SessionImpl(688450738<open>)]
2026-03-16 16:58:19 [http-nio-8080-exec-7] DEBUG o.s.orm.jpa.JpaTransactionManager - Closing JPA EntityManager [SessionImpl(688450738<open>)] after transaction
2026-03-16 16:58:19 [http-nio-8080-exec-7] INFO  c.c.p.a.c.menu.MenuController - getLeftMenu returned 3 items
2026-03-16 16:58:19 [http-nio-8080-exec-7] DEBUG o.s.w.s.m.m.a.HttpEntityMethodProcessor - Using 'application/json', given [application/json, text/plain, */*] and supported [application/json, application/*+json, application/yaml]
2026-03-16 16:58:19 [http-nio-8080-exec-7] TRACE o.s.w.s.m.m.a.HttpEntityMethodProcessor - Writing [ApiResponse[success=true, status=200, code=COMMON_001, message=Success, data={list=[com.company.project.service.menu.dto.MenuDto@36932cc7, com.company.project.service.menu.dto.MenuDto@4d1cd8be, com.company.project.service.menu.dto.MenuDto@9f4bd46]}, timestamp=2026-03-16T16:58:19.860876100]]
2026-03-16 16:58:19 [http-nio-8080-exec-7] INFO  c.c.p.a.i.OperationalAuditInterceptor - API Audit Log: URL=/api/v1/menu/left, User=webmaster, IP=127.0.0.1
2026-03-16 16:58:19 [http-nio-8080-exec-7] DEBUG o.s.web.servlet.DispatcherServlet - Completed 200 OK
2026-03-16 16:58:19 [http-nio-8080-exec-4] DEBUG c.c.p.s.jwt.JwtAuthenticationFilter - >>> [JwtFilter] Processing request: GET /api/v1/menu/left
2026-03-16 16:58:19 [http-nio-8080-exec-4] DEBUG c.c.p.s.jwt.JwtAuthenticationFilter - >>> [JwtFilter] Found token in header for path: /api/v1/menu/left
2026-03-16 16:58:19 [http-nio-8080-exec-4] DEBUG o.s.orm.jpa.JpaTransactionManager - Creating new transaction with name [com.company.project.security.iam.CustomUserDetailsService.loadUserByUsername]: PROPAGATION_REQUIRED,ISOLATION_DEFAULT,readOnly
2026-03-16 16:58:19 [http-nio-8080-exec-4] DEBUG o.s.orm.jpa.JpaTransactionManager - Opened new EntityManager [SessionImpl(300340111<open>)] for JPA transaction
2026-03-16 16:58:20 [http-nio-8080-exec-4] DEBUG o.s.orm.jpa.JpaTransactionManager - Exposing JPA transaction as JDBC [org.springframework.orm.jpa.vendor.HibernateJpaDialect$HibernateConnectionHandle@660c8d43]
2026-03-16 16:58:20 [http-nio-8080-exec-4] DEBUG o.s.orm.jpa.JpaTransactionManager - Found thread-bound EntityManager [SessionImpl(300340111<open>)] for JPA transaction
2026-03-16 16:58:20 [http-nio-8080-exec-4] DEBUG o.s.orm.jpa.JpaTransactionManager - Participating in existing transaction
2026-03-16 16:58:20 [http-nio-8080-exec-4] DEBUG org.hibernate.SQL - select u1_0.emplyr_id,u1_0.area_no,u1_0.brthdy,u1_0.chg_pwd_cnt,u1_0.frst_register_id,u1_0.frst_regist_pnttm,u1_0.detail_adres,u1_0.email_adres,u1_0.emplyr_sttus_code,u1_0.empl_no,u1_0.esntl_id,u1_0.fxnum,u1_0.group_id,u1_0.house_adres,u1_0.house_end_telno,u1_0.house_middle_telno,u1_0.ihidnum,u1_0.pstinst_code,u1_0.last_updusr_id,u1_0.last_updt_pnttm,u1_0.lock_at,u1_0.lock_cnt,u1_0.lock_last_pnttm,u1_0.mbtlnum,u1_0.ofcps_nm,u1_0.offm_telno,u1_0.orgnzt_id,u1_0.password,u1_0.password_cnsr,u1_0.password_hint,u1_0.chg_pwd_last_pnttm,u1_0.role,u1_0.sbscrb_de,u1_0.sexdstn_code,u1_0.crtfc_dn_value,u1_0.user_nm,u1_0.zip from nemplyrinfo u1_0 where u1_0.emplyr_id=?
2026-03-16 16:58:20 [http-nio-8080-exec-4] DEBUG o.s.orm.jpa.JpaTransactionManager - Found thread-bound EntityManager [SessionImpl(300340111<open>)] for JPA transaction
2026-03-16 16:58:20 [http-nio-8080-exec-4] DEBUG o.s.orm.jpa.JpaTransactionManager - Participating in existing transaction
2026-03-16 16:58:20 [http-nio-8080-exec-4] DEBUG org.hibernate.SQL - select ua1_0.scrty_dtrmn_trget_id,ua1_0.author_code,ua1_0.frst_register_id,ua1_0.frst_regist_pnttm,ua1_0.last_updusr_id,ua1_0.last_updt_pnttm,ua1_0.mber_ty_code from nemplyrscrtyestbs ua1_0 where ua1_0.scrty_dtrmn_trget_id=?
2026-03-16 16:58:20 [http-nio-8080-exec-4] DEBUG o.s.orm.jpa.JpaTransactionManager - Initiating transaction commit
2026-03-16 16:58:20 [http-nio-8080-exec-4] DEBUG o.s.orm.jpa.JpaTransactionManager - Committing JPA transaction on EntityManager [SessionImpl(300340111<open>)]
2026-03-16 16:58:20 [http-nio-8080-exec-4] DEBUG o.s.orm.jpa.JpaTransactionManager - Closing JPA EntityManager [SessionImpl(300340111<open>)] after transaction
2026-03-16 16:58:20 [http-nio-8080-exec-4] DEBUG c.c.p.s.jwt.JwtAuthenticationFilter - >>> [JwtFilter] Successfully authenticated user: USRCNFRM_99999999999, Authorities: [ROLE_ADMIN]
2026-03-16 16:58:20 [http-nio-8080-exec-4] DEBUG o.s.web.servlet.DispatcherServlet - GET "/api/v1/menu/left?menuNo=60", parameters={masked}
2026-03-16 16:58:20 [http-nio-8080-exec-4] TRACE o.s.w.s.m.m.a.RequestMappingHandlerMapping - Mapped to com.company.project.api.controller.menu.MenuController#getLeftMenu(Long)
2026-03-16 16:58:20 [http-nio-8080-exec-4] INFO  c.c.p.a.c.menu.MenuController - getLeftMenu called with menuNo=60
2026-03-16 16:58:20 [http-nio-8080-exec-4] DEBUG o.s.orm.jpa.JpaTransactionManager - Creating new transaction with name [com.company.project.service.menu.MenuService.getSubMenus]: PROPAGATION_REQUIRED,ISOLATION_DEFAULT,readOnly
2026-03-16 16:58:20 [http-nio-8080-exec-4] DEBUG o.s.orm.jpa.JpaTransactionManager - Opened new EntityManager [SessionImpl(1109919031<open>)] for JPA transaction
2026-03-16 16:58:20 [http-nio-8080-exec-4] DEBUG o.s.orm.jpa.JpaTransactionManager - Exposing JPA transaction as JDBC [org.springframework.orm.jpa.vendor.HibernateJpaDialect$HibernateConnectionHandle@5156559b]
2026-03-16 16:58:20 [http-nio-8080-exec-4] DEBUG org.hibernate.SQL - select m1_0.menu_no,m1_0.menu_dc,m1_0.menu_nm,m1_0.menu_ordr,m1_0.modern_route,m1_0.progrm_file_nm,m1_0.relate_image_nm,m1_0.relate_image_path,m1_0.route_updated_at,m1_0.upper_menu_no from nmenuinfo m1_0 order by m1_0.upper_menu_no,m1_0.menu_ordr
2026-03-16 16:58:20 [http-nio-8080-exec-4] DEBUG o.s.orm.jpa.JpaTransactionManager - Found thread-bound EntityManager [SessionImpl(1109919031<open>)] for JPA transaction
2026-03-16 16:58:20 [http-nio-8080-exec-4] DEBUG o.s.orm.jpa.JpaTransactionManager - Participating in existing transaction
2026-03-16 16:58:20 [http-nio-8080-exec-4] DEBUG org.hibernate.SQL - select p1_0.progrm_file_nm,p1_0.progrm_dc,p1_0.progrm_korean_nm,p1_0.progrm_stre_path,p1_0.url from nprogrmlist p1_0
2026-03-16 16:58:20 [http-nio-8080-exec-4] DEBUG o.s.orm.jpa.JpaTransactionManager - Initiating transaction commit
2026-03-16 16:58:20 [http-nio-8080-exec-4] DEBUG o.s.orm.jpa.JpaTransactionManager - Committing JPA transaction on EntityManager [SessionImpl(1109919031<open>)]
2026-03-16 16:58:21 [http-nio-8080-exec-4] DEBUG o.s.orm.jpa.JpaTransactionManager - Closing JPA EntityManager [SessionImpl(1109919031<open>)] after transaction
2026-03-16 16:58:21 [http-nio-8080-exec-4] INFO  c.c.p.a.c.menu.MenuController - getLeftMenu returned 1 items
2026-03-16 16:58:21 [http-nio-8080-exec-4] DEBUG o.s.w.s.m.m.a.HttpEntityMethodProcessor - Using 'application/json', given [application/json, text/plain, */*] and supported [application/json, application/*+json, application/yaml]
2026-03-16 16:58:21 [http-nio-8080-exec-4] TRACE o.s.w.s.m.m.a.HttpEntityMethodProcessor - Writing [ApiResponse[success=true, status=200, code=COMMON_001, message=Success, data={list=[com.company.project.service.menu.dto.MenuDto@34f44098]}, timestamp=2026-03-16T16:58:21.079098500]]
2026-03-16 16:58:21 [http-nio-8080-exec-4] INFO  c.c.p.a.i.OperationalAuditInterceptor - API Audit Log: URL=/api/v1/menu/left, User=webmaster, IP=127.0.0.1
2026-03-16 16:58:21 [http-nio-8080-exec-4] DEBUG o.s.web.servlet.DispatcherServlet - Completed 200 OK
2026-03-16 16:58:31 [http-nio-8080-exec-3] DEBUG o.s.w.s.h.LoggingWebSocketHandlerDecorator - WebSocketServerSockJsSession[id=hgs3r3yu] closed with CloseStatus[code=1001, reason=null]
2026-03-16 16:58:31 [http-nio-8080-exec-3] DEBUG o.s.w.s.m.SubProtocolWebSocketHandler - Clearing session hgs3r3yu
2026-03-16 16:58:31 [scheduling-1] DEBUG org.springframework.web.SimpLogging - Processing DISCONNECT session=hgs3r3yu
2026-03-16 16:58:31 [scheduling-1] DEBUG o.s.w.s.m.SubProtocolWebSocketHandler - No session for GenericMessage [payload=byte[0], headers={simpMessageType=DISCONNECT_ACK, simpDisconnectMessage=GenericMessage [payload=byte[0], headers={simpMessageType=DISCONNECT, stompCommand=DISCONNECT, simpSessionAttributes={org.springframework.messaging.simp.SimpAttributes.COMPLETED=true}, simpSessionId=hgs3r3yu}], simpSessionId=hgs3r3yu}]
2026-03-16 16:58:33 [http-nio-8080-exec-6] DEBUG c.c.p.s.jwt.JwtAuthenticationFilter - >>> [JwtFilter] Processing request: GET /api/v1/menu/head
2026-03-16 16:58:33 [http-nio-8080-exec-6] DEBUG c.c.p.s.jwt.JwtAuthenticationFilter - >>> [JwtFilter] Found token in header for path: /api/v1/menu/head
2026-03-16 16:58:33 [http-nio-8080-exec-8] DEBUG c.c.p.s.jwt.JwtAuthenticationFilter - >>> [JwtFilter] Processing request: GET /api/v1/dashboard
2026-03-16 16:58:33 [http-nio-8080-exec-8] DEBUG c.c.p.s.jwt.JwtAuthenticationFilter - >>> [JwtFilter] Found token in header for path: /api/v1/dashboard
2026-03-16 16:58:33 [http-nio-8080-exec-6] DEBUG o.s.orm.jpa.JpaTransactionManager - Creating new transaction with name [com.company.project.security.iam.CustomUserDetailsService.loadUserByUsername]: PROPAGATION_REQUIRED,ISOLATION_DEFAULT,readOnly
2026-03-16 16:58:33 [http-nio-8080-exec-8] DEBUG o.s.orm.jpa.JpaTransactionManager - Creating new transaction with name [com.company.project.security.iam.CustomUserDetailsService.loadUserByUsername]: PROPAGATION_REQUIRED,ISOLATION_DEFAULT,readOnly
2026-03-16 16:58:33 [http-nio-8080-exec-6] DEBUG o.s.orm.jpa.JpaTransactionManager - Opened new EntityManager [SessionImpl(36697642<open>)] for JPA transaction
2026-03-16 16:58:33 [http-nio-8080-exec-8] DEBUG o.s.orm.jpa.JpaTransactionManager - Opened new EntityManager [SessionImpl(1054758804<open>)] for JPA transaction
2026-03-16 16:58:33 [http-nio-8080-exec-6] DEBUG o.s.orm.jpa.JpaTransactionManager - Exposing JPA transaction as JDBC [org.springframework.orm.jpa.vendor.HibernateJpaDialect$HibernateConnectionHandle@6af09e4e]
2026-03-16 16:58:33 [http-nio-8080-exec-8] DEBUG o.s.orm.jpa.JpaTransactionManager - Exposing JPA transaction as JDBC [org.springframework.orm.jpa.vendor.HibernateJpaDialect$HibernateConnectionHandle@cfa7c00]
2026-03-16 16:58:33 [http-nio-8080-exec-6] DEBUG o.s.orm.jpa.JpaTransactionManager - Found thread-bound EntityManager [SessionImpl(36697642<open>)] for JPA transaction
2026-03-16 16:58:33 [http-nio-8080-exec-6] DEBUG o.s.orm.jpa.JpaTransactionManager - Participating in existing transaction
2026-03-16 16:58:33 [http-nio-8080-exec-8] DEBUG o.s.orm.jpa.JpaTransactionManager - Found thread-bound EntityManager [SessionImpl(1054758804<open>)] for JPA transaction
2026-03-16 16:58:33 [http-nio-8080-exec-8] DEBUG o.s.orm.jpa.JpaTransactionManager - Participating in existing transaction
2026-03-16 16:58:33 [http-nio-8080-exec-8] DEBUG org.hibernate.SQL - select u1_0.emplyr_id,u1_0.area_no,u1_0.brthdy,u1_0.chg_pwd_cnt,u1_0.frst_register_id,u1_0.frst_regist_pnttm,u1_0.detail_adres,u1_0.email_adres,u1_0.emplyr_sttus_code,u1_0.empl_no,u1_0.esntl_id,u1_0.fxnum,u1_0.group_id,u1_0.house_adres,u1_0.house_end_telno,u1_0.house_middle_telno,u1_0.ihidnum,u1_0.pstinst_code,u1_0.last_updusr_id,u1_0.last_updt_pnttm,u1_0.lock_at,u1_0.lock_cnt,u1_0.lock_last_pnttm,u1_0.mbtlnum,u1_0.ofcps_nm,u1_0.offm_telno,u1_0.orgnzt_id,u1_0.password,u1_0.password_cnsr,u1_0.password_hint,u1_0.chg_pwd_last_pnttm,u1_0.role,u1_0.sbscrb_de,u1_0.sexdstn_code,u1_0.crtfc_dn_value,u1_0.user_nm,u1_0.zip from nemplyrinfo u1_0 where u1_0.emplyr_id=?
2026-03-16 16:58:33 [http-nio-8080-exec-6] DEBUG org.hibernate.SQL - select u1_0.emplyr_id,u1_0.area_no,u1_0.brthdy,u1_0.chg_pwd_cnt,u1_0.frst_register_id,u1_0.frst_regist_pnttm,u1_0.detail_adres,u1_0.email_adres,u1_0.emplyr_sttus_code,u1_0.empl_no,u1_0.esntl_id,u1_0.fxnum,u1_0.group_id,u1_0.house_adres,u1_0.house_end_telno,u1_0.house_middle_telno,u1_0.ihidnum,u1_0.pstinst_code,u1_0.last_updusr_id,u1_0.last_updt_pnttm,u1_0.lock_at,u1_0.lock_cnt,u1_0.lock_last_pnttm,u1_0.mbtlnum,u1_0.ofcps_nm,u1_0.offm_telno,u1_0.orgnzt_id,u1_0.password,u1_0.password_cnsr,u1_0.password_hint,u1_0.chg_pwd_last_pnttm,u1_0.role,u1_0.sbscrb_de,u1_0.sexdstn_code,u1_0.crtfc_dn_value,u1_0.user_nm,u1_0.zip from nemplyrinfo u1_0 where u1_0.emplyr_id=?
2026-03-16 16:58:33 [http-nio-8080-exec-6] DEBUG o.s.orm.jpa.JpaTransactionManager - Found thread-bound EntityManager [SessionImpl(36697642<open>)] for JPA transaction
2026-03-16 16:58:33 [http-nio-8080-exec-6] DEBUG o.s.orm.jpa.JpaTransactionManager - Participating in existing transaction
2026-03-16 16:58:33 [http-nio-8080-exec-6] DEBUG org.hibernate.SQL - select ua1_0.scrty_dtrmn_trget_id,ua1_0.author_code,ua1_0.frst_register_id,ua1_0.frst_regist_pnttm,ua1_0.last_updusr_id,ua1_0.last_updt_pnttm,ua1_0.mber_ty_code from nemplyrscrtyestbs ua1_0 where ua1_0.scrty_dtrmn_trget_id=?
2026-03-16 16:58:33 [http-nio-8080-exec-8] DEBUG o.s.orm.jpa.JpaTransactionManager - Found thread-bound EntityManager [SessionImpl(1054758804<open>)] for JPA transaction
2026-03-16 16:58:33 [http-nio-8080-exec-8] DEBUG o.s.orm.jpa.JpaTransactionManager - Participating in existing transaction
2026-03-16 16:58:33 [http-nio-8080-exec-8] DEBUG org.hibernate.SQL - select ua1_0.scrty_dtrmn_trget_id,ua1_0.author_code,ua1_0.frst_register_id,ua1_0.frst_regist_pnttm,ua1_0.last_updusr_id,ua1_0.last_updt_pnttm,ua1_0.mber_ty_code from nemplyrscrtyestbs ua1_0 where ua1_0.scrty_dtrmn_trget_id=?
2026-03-16 16:58:34 [http-nio-8080-exec-8] DEBUG o.s.orm.jpa.JpaTransactionManager - Initiating transaction commit
2026-03-16 16:58:34 [http-nio-8080-exec-6] DEBUG o.s.orm.jpa.JpaTransactionManager - Initiating transaction commit
2026-03-16 16:58:34 [http-nio-8080-exec-8] DEBUG o.s.orm.jpa.JpaTransactionManager - Committing JPA transaction on EntityManager [SessionImpl(1054758804<open>)]
2026-03-16 16:58:34 [http-nio-8080-exec-6] DEBUG o.s.orm.jpa.JpaTransactionManager - Committing JPA transaction on EntityManager [SessionImpl(36697642<open>)]
2026-03-16 16:58:34 [http-nio-8080-exec-8] DEBUG o.s.orm.jpa.JpaTransactionManager - Closing JPA EntityManager [SessionImpl(1054758804<open>)] after transaction
2026-03-16 16:58:34 [http-nio-8080-exec-6] DEBUG o.s.orm.jpa.JpaTransactionManager - Closing JPA EntityManager [SessionImpl(36697642<open>)] after transaction
2026-03-16 16:58:34 [http-nio-8080-exec-8] DEBUG c.c.p.s.jwt.JwtAuthenticationFilter - >>> [JwtFilter] Successfully authenticated user: USRCNFRM_99999999999, Authorities: [ROLE_ADMIN]
2026-03-16 16:58:34 [http-nio-8080-exec-6] DEBUG c.c.p.s.jwt.JwtAuthenticationFilter - >>> [JwtFilter] Successfully authenticated user: USRCNFRM_99999999999, Authorities: [ROLE_ADMIN]
2026-03-16 16:58:34 [http-nio-8080-exec-6] DEBUG o.s.web.servlet.DispatcherServlet - GET "/api/v1/menu/head", parameters={}
2026-03-16 16:58:34 [http-nio-8080-exec-8] DEBUG o.s.web.servlet.DispatcherServlet - GET "/api/v1/dashboard", parameters={}
2026-03-16 16:58:34 [http-nio-8080-exec-8] TRACE o.s.w.s.m.m.a.RequestMappingHandlerMapping - Mapped to com.company.project.api.controller.main.DashboardController#getDashboardData(UserDetails)
2026-03-16 16:58:34 [http-nio-8080-exec-6] TRACE o.s.w.s.m.m.a.RequestMappingHandlerMapping - Mapped to com.company.project.api.controller.menu.MenuController#getHeadMenu()
2026-03-16 16:58:34 [http-nio-8080-exec-8] INFO  c.c.p.a.c.main.DashboardController - >>> [Dashboard] Fetching data for user: USRCNFRM_99999999999
2026-03-16 16:58:34 [http-nio-8080-exec-8] DEBUG o.s.orm.jpa.JpaTransactionManager - Creating new transaction with name [com.company.project.service.board.BoardService.getBoardPosts]: PROPAGATION_REQUIRED,ISOLATION_DEFAULT,readOnly
2026-03-16 16:58:34 [http-nio-8080-exec-6] INFO  c.c.p.a.c.menu.MenuController - getHeadMenu called
2026-03-16 16:58:34 [http-nio-8080-exec-8] DEBUG o.s.orm.jpa.JpaTransactionManager - Opened new EntityManager [SessionImpl(455113580<open>)] for JPA transaction
2026-03-16 16:58:34 [http-nio-8080-exec-8] DEBUG o.s.orm.jpa.JpaTransactionManager - Exposing JPA transaction as JDBC [org.springframework.orm.jpa.vendor.HibernateJpaDialect$HibernateConnectionHandle@421b5668]
2026-03-16 16:58:34 [http-nio-8080-exec-8] DEBUG o.s.orm.jpa.JpaTransactionManager - Found thread-bound EntityManager [SessionImpl(455113580<open>)] for JPA transaction
2026-03-16 16:58:34 [http-nio-8080-exec-8] DEBUG o.s.orm.jpa.JpaTransactionManager - Participating in existing transaction
2026-03-16 16:58:34 [http-nio-8080-exec-8] DEBUG org.hibernate.SQL - select bm1_0.bbs_id,bm1_0.atch_posbl_file_number,bm1_0.atch_posbl_file_size,bm1_0.bbs_attrb_code,bm1_0.bbs_intrcn,bm1_0.bbs_nm,bm1_0.bbs_ty_code,bm1_0.blog_at,bm1_0.blog_id,bm1_0.cmmnty_id,bm1_0.frst_register_id,bm1_0.frst_regist_pnttm,bm1_0.file_atch_posbl_at,bm1_0.last_updusr_id,bm1_0.last_updt_pnttm,bm1_0.reply_posbl_at,bm1_0.tmplat_id,bm1_0.use_at,bm1_1.answer_at,bm1_1.stsfdg_at from nbbsmaster bm1_0 left join nbbsmasteroptn bm1_1 on bm1_0.bbs_id=bm1_1.bbs_id where bm1_0.bbs_id=?
2026-03-16 16:58:34 [http-nio-8080-exec-6] INFO  c.c.p.a.c.menu.MenuController - getHeadMenu returned 5 items
2026-03-16 16:58:34 [http-nio-8080-exec-6] DEBUG o.s.w.s.m.m.a.HttpEntityMethodProcessor - Using 'application/json', given [application/json, text/plain, */*] and supported [application/json, application/*+json, application/yaml]
2026-03-16 16:58:34 [http-nio-8080-exec-6] TRACE o.s.w.s.m.m.a.HttpEntityMethodProcessor - Writing [ApiResponse[success=true, status=200, code=COMMON_001, message=Success, data={list=[com.company.project.service.menu.dto.MenuDto@2b80d6b0, com.company.project.service.menu.dto.MenuDto@1418cfa3, com.company.project.service.menu.dto.MenuDto@f230bf1, com.company.project.service.menu.dto.MenuDto@734a7f6a, com.company.project.service.menu.dto.MenuDto@5e5202e5]}, timestamp=2026-03-16T16:58:34.304941800]]
2026-03-16 16:58:34 [http-nio-8080-exec-6] INFO  c.c.p.a.i.OperationalAuditInterceptor - API Audit Log: URL=/api/v1/menu/head, User=webmaster, IP=0:0:0:0:0:0:0:1
2026-03-16 16:58:34 [http-nio-8080-exec-6] DEBUG o.s.web.servlet.DispatcherServlet - Completed 200 OK
2026-03-16 16:58:34 [http-nio-8080-exec-10] DEBUG c.c.p.s.jwt.JwtAuthenticationFilter - >>> [JwtFilter] Processing request: GET /api/v1/menu/left
2026-03-16 16:58:34 [http-nio-8080-exec-10] DEBUG c.c.p.s.jwt.JwtAuthenticationFilter - >>> [JwtFilter] Found token in header for path: /api/v1/menu/left
2026-03-16 16:58:34 [http-nio-8080-exec-10] DEBUG o.s.orm.jpa.JpaTransactionManager - Creating new transaction with name [com.company.project.security.iam.CustomUserDetailsService.loadUserByUsername]: PROPAGATION_REQUIRED,ISOLATION_DEFAULT,readOnly
2026-03-16 16:58:34 [http-nio-8080-exec-10] DEBUG o.s.orm.jpa.JpaTransactionManager - Opened new EntityManager [SessionImpl(996967086<open>)] for JPA transaction
2026-03-16 16:58:34 [http-nio-8080-exec-7] DEBUG c.c.p.s.jwt.JwtAuthenticationFilter - >>> [JwtFilter] Processing request: GET /api/v1/menu/left
2026-03-16 16:58:34 [http-nio-8080-exec-5] DEBUG c.c.p.s.jwt.JwtAuthenticationFilter - >>> [JwtFilter] Processing request: GET /api/v1/menu/left
2026-03-16 16:58:34 [http-nio-8080-exec-7] DEBUG c.c.p.s.jwt.JwtAuthenticationFilter - >>> [JwtFilter] Found token in header for path: /api/v1/menu/left
2026-03-16 16:58:34 [http-nio-8080-exec-9] DEBUG c.c.p.s.jwt.JwtAuthenticationFilter - >>> [JwtFilter] Processing request: GET /api/v1/menu/left
2026-03-16 16:58:34 [http-nio-8080-exec-5] DEBUG c.c.p.s.jwt.JwtAuthenticationFilter - >>> [JwtFilter] Found token in header for path: /api/v1/menu/left
2026-03-16 16:58:34 [http-nio-8080-exec-9] DEBUG c.c.p.s.jwt.JwtAuthenticationFilter - >>> [JwtFilter] Found token in header for path: /api/v1/menu/left
2026-03-16 16:58:34 [http-nio-8080-exec-1] DEBUG c.c.p.s.jwt.JwtAuthenticationFilter - >>> [JwtFilter] Processing request: GET /api/v1/menu/left
2026-03-16 16:58:34 [http-nio-8080-exec-1] DEBUG c.c.p.s.jwt.JwtAuthenticationFilter - >>> [JwtFilter] Found token in header for path: /api/v1/menu/left
2026-03-16 16:58:34 [http-nio-8080-exec-9] DEBUG o.s.orm.jpa.JpaTransactionManager - Creating new transaction with name [com.company.project.security.iam.CustomUserDetailsService.loadUserByUsername]: PROPAGATION_REQUIRED,ISOLATION_DEFAULT,readOnly
2026-03-16 16:58:34 [http-nio-8080-exec-7] DEBUG o.s.orm.jpa.JpaTransactionManager - Creating new transaction with name [com.company.project.security.iam.CustomUserDetailsService.loadUserByUsername]: PROPAGATION_REQUIRED,ISOLATION_DEFAULT,readOnly
2026-03-16 16:58:34 [http-nio-8080-exec-9] DEBUG o.s.orm.jpa.JpaTransactionManager - Opened new EntityManager [SessionImpl(973212055<open>)] for JPA transaction
2026-03-16 16:58:34 [http-nio-8080-exec-7] DEBUG o.s.orm.jpa.JpaTransactionManager - Opened new EntityManager [SessionImpl(1131361930<open>)] for JPA transaction
2026-03-16 16:58:34 [http-nio-8080-exec-5] DEBUG o.s.orm.jpa.JpaTransactionManager - Creating new transaction with name [com.company.project.security.iam.CustomUserDetailsService.loadUserByUsername]: PROPAGATION_REQUIRED,ISOLATION_DEFAULT,readOnly
2026-03-16 16:58:34 [http-nio-8080-exec-5] DEBUG o.s.orm.jpa.JpaTransactionManager - Opened new EntityManager [SessionImpl(1428724058<open>)] for JPA transaction
2026-03-16 16:58:34 [http-nio-8080-exec-1] DEBUG o.s.orm.jpa.JpaTransactionManager - Creating new transaction with name [com.company.project.security.iam.CustomUserDetailsService.loadUserByUsername]: PROPAGATION_REQUIRED,ISOLATION_DEFAULT,readOnly
2026-03-16 16:58:34 [http-nio-8080-exec-1] DEBUG o.s.orm.jpa.JpaTransactionManager - Opened new EntityManager [SessionImpl(2069381483<open>)] for JPA transaction
2026-03-16 16:58:34 [http-nio-8080-exec-8] DEBUG org.hibernate.SQL - select b1_0.ntt_id,b1_0.bbs_id,b1_0.ntt_sj,b1_0.ntcr_nm,b1_0.frst_regist_pnttm,b1_0.rdcnt,b1_0.answer_at,b1_0.parntsctt_no,b1_0.answer_lc,b1_0.sort_ordr,b1_0.ntt_no,b1_0.notice_at,b1_0.secret_at,b1_0.comment_co from nbbs b1_0 left join nemplyrinfo u1_0 on b1_0.frst_register_id=u1_0.esntl_id where (b1_0.use_at = 'Y') and b1_0.bbs_id=? order by b1_0.sort_ordr desc,b1_0.ntt_no offset ? rows fetch first ? rows only
2026-03-16 16:58:34 [http-nio-8080-exec-9] DEBUG o.s.orm.jpa.JpaTransactionManager - Exposing JPA transaction as JDBC [org.springframework.orm.jpa.vendor.HibernateJpaDialect$HibernateConnectionHandle@15e061ff]
2026-03-16 16:58:34 [http-nio-8080-exec-9] DEBUG o.s.orm.jpa.JpaTransactionManager - Found thread-bound EntityManager [SessionImpl(973212055<open>)] for JPA transaction
2026-03-16 16:58:34 [http-nio-8080-exec-9] DEBUG o.s.orm.jpa.JpaTransactionManager - Participating in existing transaction
2026-03-16 16:58:34 [http-nio-8080-exec-9] DEBUG org.hibernate.SQL - select u1_0.emplyr_id,u1_0.area_no,u1_0.brthdy,u1_0.chg_pwd_cnt,u1_0.frst_register_id,u1_0.frst_regist_pnttm,u1_0.detail_adres,u1_0.email_adres,u1_0.emplyr_sttus_code,u1_0.empl_no,u1_0.esntl_id,u1_0.fxnum,u1_0.group_id,u1_0.house_adres,u1_0.house_end_telno,u1_0.house_middle_telno,u1_0.ihidnum,u1_0.pstinst_code,u1_0.last_updusr_id,u1_0.last_updt_pnttm,u1_0.lock_at,u1_0.lock_cnt,u1_0.lock_last_pnttm,u1_0.mbtlnum,u1_0.ofcps_nm,u1_0.offm_telno,u1_0.orgnzt_id,u1_0.password,u1_0.password_cnsr,u1_0.password_hint,u1_0.chg_pwd_last_pnttm,u1_0.role,u1_0.sbscrb_de,u1_0.sexdstn_code,u1_0.crtfc_dn_value,u1_0.user_nm,u1_0.zip from nemplyrinfo u1_0 where u1_0.emplyr_id=?
2026-03-16 16:58:34 [http-nio-8080-exec-1] DEBUG o.s.orm.jpa.JpaTransactionManager - Exposing JPA transaction as JDBC [org.springframework.orm.jpa.vendor.HibernateJpaDialect$HibernateConnectionHandle@147a2237]
2026-03-16 16:58:34 [http-nio-8080-exec-1] DEBUG o.s.orm.jpa.JpaTransactionManager - Found thread-bound EntityManager [SessionImpl(2069381483<open>)] for JPA transaction
2026-03-16 16:58:34 [http-nio-8080-exec-1] DEBUG o.s.orm.jpa.JpaTransactionManager - Participating in existing transaction
2026-03-16 16:58:34 [http-nio-8080-exec-1] DEBUG org.hibernate.SQL - select u1_0.emplyr_id,u1_0.area_no,u1_0.brthdy,u1_0.chg_pwd_cnt,u1_0.frst_register_id,u1_0.frst_regist_pnttm,u1_0.detail_adres,u1_0.email_adres,u1_0.emplyr_sttus_code,u1_0.empl_no,u1_0.esntl_id,u1_0.fxnum,u1_0.group_id,u1_0.house_adres,u1_0.house_end_telno,u1_0.house_middle_telno,u1_0.ihidnum,u1_0.pstinst_code,u1_0.last_updusr_id,u1_0.last_updt_pnttm,u1_0.lock_at,u1_0.lock_cnt,u1_0.lock_last_pnttm,u1_0.mbtlnum,u1_0.ofcps_nm,u1_0.offm_telno,u1_0.orgnzt_id,u1_0.password,u1_0.password_cnsr,u1_0.password_hint,u1_0.chg_pwd_last_pnttm,u1_0.role,u1_0.sbscrb_de,u1_0.sexdstn_code,u1_0.crtfc_dn_value,u1_0.user_nm,u1_0.zip from nemplyrinfo u1_0 where u1_0.emplyr_id=?
2026-03-16 16:58:34 [http-nio-8080-exec-10] DEBUG o.s.orm.jpa.JpaTransactionManager - Exposing JPA transaction as JDBC [org.springframework.orm.jpa.vendor.HibernateJpaDialect$HibernateConnectionHandle@4a561457]
2026-03-16 16:58:34 [http-nio-8080-exec-10] DEBUG o.s.orm.jpa.JpaTransactionManager - Found thread-bound EntityManager [SessionImpl(996967086<open>)] for JPA transaction
2026-03-16 16:58:34 [http-nio-8080-exec-10] DEBUG o.s.orm.jpa.JpaTransactionManager - Participating in existing transaction
2026-03-16 16:58:34 [http-nio-8080-exec-10] DEBUG org.hibernate.SQL - select u1_0.emplyr_id,u1_0.area_no,u1_0.brthdy,u1_0.chg_pwd_cnt,u1_0.frst_register_id,u1_0.frst_regist_pnttm,u1_0.detail_adres,u1_0.email_adres,u1_0.emplyr_sttus_code,u1_0.empl_no,u1_0.esntl_id,u1_0.fxnum,u1_0.group_id,u1_0.house_adres,u1_0.house_end_telno,u1_0.house_middle_telno,u1_0.ihidnum,u1_0.pstinst_code,u1_0.last_updusr_id,u1_0.last_updt_pnttm,u1_0.lock_at,u1_0.lock_cnt,u1_0.lock_last_pnttm,u1_0.mbtlnum,u1_0.ofcps_nm,u1_0.offm_telno,u1_0.orgnzt_id,u1_0.password,u1_0.password_cnsr,u1_0.password_hint,u1_0.chg_pwd_last_pnttm,u1_0.role,u1_0.sbscrb_de,u1_0.sexdstn_code,u1_0.crtfc_dn_value,u1_0.user_nm,u1_0.zip from nemplyrinfo u1_0 where u1_0.emplyr_id=?
2026-03-16 16:58:34 [http-nio-8080-exec-7] DEBUG o.s.orm.jpa.JpaTransactionManager - Exposing JPA transaction as JDBC [org.springframework.orm.jpa.vendor.HibernateJpaDialect$HibernateConnectionHandle@6cb5df34]
2026-03-16 16:58:34 [http-nio-8080-exec-7] DEBUG o.s.orm.jpa.JpaTransactionManager - Found thread-bound EntityManager [SessionImpl(1131361930<open>)] for JPA transaction
2026-03-16 16:58:34 [http-nio-8080-exec-7] DEBUG o.s.orm.jpa.JpaTransactionManager - Participating in existing transaction
2026-03-16 16:58:34 [http-nio-8080-exec-7] DEBUG org.hibernate.SQL - select u1_0.emplyr_id,u1_0.area_no,u1_0.brthdy,u1_0.chg_pwd_cnt,u1_0.frst_register_id,u1_0.frst_regist_pnttm,u1_0.detail_adres,u1_0.email_adres,u1_0.emplyr_sttus_code,u1_0.empl_no,u1_0.esntl_id,u1_0.fxnum,u1_0.group_id,u1_0.house_adres,u1_0.house_end_telno,u1_0.house_middle_telno,u1_0.ihidnum,u1_0.pstinst_code,u1_0.last_updusr_id,u1_0.last_updt_pnttm,u1_0.lock_at,u1_0.lock_cnt,u1_0.lock_last_pnttm,u1_0.mbtlnum,u1_0.ofcps_nm,u1_0.offm_telno,u1_0.orgnzt_id,u1_0.password,u1_0.password_cnsr,u1_0.password_hint,u1_0.chg_pwd_last_pnttm,u1_0.role,u1_0.sbscrb_de,u1_0.sexdstn_code,u1_0.crtfc_dn_value,u1_0.user_nm,u1_0.zip from nemplyrinfo u1_0 where u1_0.emplyr_id=?
2026-03-16 16:58:34 [http-nio-8080-exec-5] DEBUG o.s.orm.jpa.JpaTransactionManager - Exposing JPA transaction as JDBC [org.springframework.orm.jpa.vendor.HibernateJpaDialect$HibernateConnectionHandle@5f653a10]
2026-03-16 16:58:34 [http-nio-8080-exec-5] DEBUG o.s.orm.jpa.JpaTransactionManager - Found thread-bound EntityManager [SessionImpl(1428724058<open>)] for JPA transaction
2026-03-16 16:58:34 [http-nio-8080-exec-5] DEBUG o.s.orm.jpa.JpaTransactionManager - Participating in existing transaction
2026-03-16 16:58:34 [http-nio-8080-exec-5] DEBUG org.hibernate.SQL - select u1_0.emplyr_id,u1_0.area_no,u1_0.brthdy,u1_0.chg_pwd_cnt,u1_0.frst_register_id,u1_0.frst_regist_pnttm,u1_0.detail_adres,u1_0.email_adres,u1_0.emplyr_sttus_code,u1_0.empl_no,u1_0.esntl_id,u1_0.fxnum,u1_0.group_id,u1_0.house_adres,u1_0.house_end_telno,u1_0.house_middle_telno,u1_0.ihidnum,u1_0.pstinst_code,u1_0.last_updusr_id,u1_0.last_updt_pnttm,u1_0.lock_at,u1_0.lock_cnt,u1_0.lock_last_pnttm,u1_0.mbtlnum,u1_0.ofcps_nm,u1_0.offm_telno,u1_0.orgnzt_id,u1_0.password,u1_0.password_cnsr,u1_0.password_hint,u1_0.chg_pwd_last_pnttm,u1_0.role,u1_0.sbscrb_de,u1_0.sexdstn_code,u1_0.crtfc_dn_value,u1_0.user_nm,u1_0.zip from nemplyrinfo u1_0 where u1_0.emplyr_id=?
2026-03-16 16:58:34 [http-nio-8080-exec-1] DEBUG o.s.orm.jpa.JpaTransactionManager - Found thread-bound EntityManager [SessionImpl(2069381483<open>)] for JPA transaction
2026-03-16 16:58:34 [http-nio-8080-exec-9] DEBUG o.s.orm.jpa.JpaTransactionManager - Found thread-bound EntityManager [SessionImpl(973212055<open>)] for JPA transaction
2026-03-16 16:58:34 [http-nio-8080-exec-1] DEBUG o.s.orm.jpa.JpaTransactionManager - Participating in existing transaction
2026-03-16 16:58:34 [http-nio-8080-exec-9] DEBUG o.s.orm.jpa.JpaTransactionManager - Participating in existing transaction
2026-03-16 16:58:34 [http-nio-8080-exec-9] DEBUG org.hibernate.SQL - select ua1_0.scrty_dtrmn_trget_id,ua1_0.author_code,ua1_0.frst_register_id,ua1_0.frst_regist_pnttm,ua1_0.last_updusr_id,ua1_0.last_updt_pnttm,ua1_0.mber_ty_code from nemplyrscrtyestbs ua1_0 where ua1_0.scrty_dtrmn_trget_id=?
2026-03-16 16:58:34 [http-nio-8080-exec-1] DEBUG org.hibernate.SQL - select ua1_0.scrty_dtrmn_trget_id,ua1_0.author_code,ua1_0.frst_register_id,ua1_0.frst_regist_pnttm,ua1_0.last_updusr_id,ua1_0.last_updt_pnttm,ua1_0.mber_ty_code from nemplyrscrtyestbs ua1_0 where ua1_0.scrty_dtrmn_trget_id=?
2026-03-16 16:58:34 [http-nio-8080-exec-8] DEBUG org.hibernate.SQL - select count(b1_0.ntt_id) from nbbs b1_0 left join nemplyrinfo u1_0 on b1_0.frst_register_id=u1_0.esntl_id where (b1_0.use_at = 'Y') and b1_0.bbs_id=?
2026-03-16 16:58:34 [http-nio-8080-exec-10] DEBUG o.s.orm.jpa.JpaTransactionManager - Found thread-bound EntityManager [SessionImpl(996967086<open>)] for JPA transaction
2026-03-16 16:58:34 [http-nio-8080-exec-10] DEBUG o.s.orm.jpa.JpaTransactionManager - Participating in existing transaction
2026-03-16 16:58:34 [http-nio-8080-exec-10] DEBUG org.hibernate.SQL - select ua1_0.scrty_dtrmn_trget_id,ua1_0.author_code,ua1_0.frst_register_id,ua1_0.frst_regist_pnttm,ua1_0.last_updusr_id,ua1_0.last_updt_pnttm,ua1_0.mber_ty_code from nemplyrscrtyestbs ua1_0 where ua1_0.scrty_dtrmn_trget_id=?
2026-03-16 16:58:34 [http-nio-8080-exec-7] DEBUG o.s.orm.jpa.JpaTransactionManager - Found thread-bound EntityManager [SessionImpl(1131361930<open>)] for JPA transaction
2026-03-16 16:58:34 [http-nio-8080-exec-7] DEBUG o.s.orm.jpa.JpaTransactionManager - Participating in existing transaction
2026-03-16 16:58:34 [http-nio-8080-exec-7] DEBUG org.hibernate.SQL - select ua1_0.scrty_dtrmn_trget_id,ua1_0.author_code,ua1_0.frst_register_id,ua1_0.frst_regist_pnttm,ua1_0.last_updusr_id,ua1_0.last_updt_pnttm,ua1_0.mber_ty_code from nemplyrscrtyestbs ua1_0 where ua1_0.scrty_dtrmn_trget_id=?
2026-03-16 16:58:34 [http-nio-8080-exec-5] DEBUG o.s.orm.jpa.JpaTransactionManager - Found thread-bound EntityManager [SessionImpl(1428724058<open>)] for JPA transaction
2026-03-16 16:58:34 [http-nio-8080-exec-5] DEBUG o.s.orm.jpa.JpaTransactionManager - Participating in existing transaction
2026-03-16 16:58:34 [http-nio-8080-exec-5] DEBUG org.hibernate.SQL - select ua1_0.scrty_dtrmn_trget_id,ua1_0.author_code,ua1_0.frst_register_id,ua1_0.frst_regist_pnttm,ua1_0.last_updusr_id,ua1_0.last_updt_pnttm,ua1_0.mber_ty_code from nemplyrscrtyestbs ua1_0 where ua1_0.scrty_dtrmn_trget_id=?
2026-03-16 16:58:34 [http-nio-8080-exec-1] DEBUG o.s.orm.jpa.JpaTransactionManager - Initiating transaction commit
2026-03-16 16:58:34 [http-nio-8080-exec-1] DEBUG o.s.orm.jpa.JpaTransactionManager - Committing JPA transaction on EntityManager [SessionImpl(2069381483<open>)]
2026-03-16 16:58:34 [http-nio-8080-exec-9] DEBUG o.s.orm.jpa.JpaTransactionManager - Initiating transaction commit
2026-03-16 16:58:34 [http-nio-8080-exec-9] DEBUG o.s.orm.jpa.JpaTransactionManager - Committing JPA transaction on EntityManager [SessionImpl(973212055<open>)]
2026-03-16 16:58:34 [http-nio-8080-exec-8] DEBUG o.s.orm.jpa.JpaTransactionManager - Initiating transaction commit
2026-03-16 16:58:34 [http-nio-8080-exec-8] DEBUG o.s.orm.jpa.JpaTransactionManager - Committing JPA transaction on EntityManager [SessionImpl(455113580<open>)]
2026-03-16 16:58:34 [http-nio-8080-exec-10] DEBUG o.s.orm.jpa.JpaTransactionManager - Initiating transaction commit
2026-03-16 16:58:34 [http-nio-8080-exec-10] DEBUG o.s.orm.jpa.JpaTransactionManager - Committing JPA transaction on EntityManager [SessionImpl(996967086<open>)]
2026-03-16 16:58:34 [http-nio-8080-exec-5] DEBUG o.s.orm.jpa.JpaTransactionManager - Initiating transaction commit
2026-03-16 16:58:34 [http-nio-8080-exec-7] DEBUG o.s.orm.jpa.JpaTransactionManager - Initiating transaction commit
2026-03-16 16:58:34 [http-nio-8080-exec-5] DEBUG o.s.orm.jpa.JpaTransactionManager - Committing JPA transaction on EntityManager [SessionImpl(1428724058<open>)]
2026-03-16 16:58:34 [http-nio-8080-exec-7] DEBUG o.s.orm.jpa.JpaTransactionManager - Committing JPA transaction on EntityManager [SessionImpl(1131361930<open>)]
2026-03-16 16:58:34 [http-nio-8080-exec-1] DEBUG o.s.orm.jpa.JpaTransactionManager - Closing JPA EntityManager [SessionImpl(2069381483<open>)] after transaction
2026-03-16 16:58:34 [http-nio-8080-exec-1] DEBUG c.c.p.s.jwt.JwtAuthenticationFilter - >>> [JwtFilter] Successfully authenticated user: USRCNFRM_99999999999, Authorities: [ROLE_ADMIN]
2026-03-16 16:58:34 [http-nio-8080-exec-1] DEBUG o.s.web.servlet.DispatcherServlet - GET "/api/v1/menu/left?menuNo=50", parameters={masked}
2026-03-16 16:58:34 [http-nio-8080-exec-1] TRACE o.s.w.s.m.m.a.RequestMappingHandlerMapping - Mapped to com.company.project.api.controller.menu.MenuController#getLeftMenu(Long)
2026-03-16 16:58:34 [http-nio-8080-exec-1] INFO  c.c.p.a.c.menu.MenuController - getLeftMenu called with menuNo=50
2026-03-16 16:58:34 [http-nio-8080-exec-1] DEBUG o.s.orm.jpa.JpaTransactionManager - Creating new transaction with name [com.company.project.service.menu.MenuService.getSubMenus]: PROPAGATION_REQUIRED,ISOLATION_DEFAULT,readOnly
2026-03-16 16:58:34 [http-nio-8080-exec-1] DEBUG o.s.orm.jpa.JpaTransactionManager - Opened new EntityManager [SessionImpl(687923907<open>)] for JPA transaction
2026-03-16 16:58:34 [http-nio-8080-exec-1] DEBUG o.s.orm.jpa.JpaTransactionManager - Exposing JPA transaction as JDBC [org.springframework.orm.jpa.vendor.HibernateJpaDialect$HibernateConnectionHandle@608f10cd]
2026-03-16 16:58:34 [http-nio-8080-exec-1] DEBUG org.hibernate.SQL - select m1_0.menu_no,m1_0.menu_dc,m1_0.menu_nm,m1_0.menu_ordr,m1_0.modern_route,m1_0.progrm_file_nm,m1_0.relate_image_nm,m1_0.relate_image_path,m1_0.route_updated_at,m1_0.upper_menu_no from nmenuinfo m1_0 order by m1_0.upper_menu_no,m1_0.menu_ordr
2026-03-16 16:58:34 [http-nio-8080-exec-9] DEBUG o.s.orm.jpa.JpaTransactionManager - Closing JPA EntityManager [SessionImpl(973212055<open>)] after transaction
2026-03-16 16:58:34 [http-nio-8080-exec-9] DEBUG c.c.p.s.jwt.JwtAuthenticationFilter - >>> [JwtFilter] Successfully authenticated user: USRCNFRM_99999999999, Authorities: [ROLE_ADMIN]
2026-03-16 16:58:34 [http-nio-8080-exec-9] DEBUG o.s.web.servlet.DispatcherServlet - GET "/api/v1/menu/left?menuNo=40", parameters={masked}
2026-03-16 16:58:34 [http-nio-8080-exec-9] TRACE o.s.w.s.m.m.a.RequestMappingHandlerMapping - Mapped to com.company.project.api.controller.menu.MenuController#getLeftMenu(Long)
2026-03-16 16:58:34 [http-nio-8080-exec-9] INFO  c.c.p.a.c.menu.MenuController - getLeftMenu called with menuNo=40
2026-03-16 16:58:34 [http-nio-8080-exec-9] DEBUG o.s.orm.jpa.JpaTransactionManager - Creating new transaction with name [com.company.project.service.menu.MenuService.getSubMenus]: PROPAGATION_REQUIRED,ISOLATION_DEFAULT,readOnly
2026-03-16 16:58:34 [http-nio-8080-exec-9] DEBUG o.s.orm.jpa.JpaTransactionManager - Opened new EntityManager [SessionImpl(720172765<open>)] for JPA transaction
2026-03-16 16:58:34 [http-nio-8080-exec-9] DEBUG o.s.orm.jpa.JpaTransactionManager - Exposing JPA transaction as JDBC [org.springframework.orm.jpa.vendor.HibernateJpaDialect$HibernateConnectionHandle@37d0d063]
2026-03-16 16:58:34 [http-nio-8080-exec-9] DEBUG org.hibernate.SQL - select m1_0.menu_no,m1_0.menu_dc,m1_0.menu_nm,m1_0.menu_ordr,m1_0.modern_route,m1_0.progrm_file_nm,m1_0.relate_image_nm,m1_0.relate_image_path,m1_0.route_updated_at,m1_0.upper_menu_no from nmenuinfo m1_0 order by m1_0.upper_menu_no,m1_0.menu_ordr
2026-03-16 16:58:34 [http-nio-8080-exec-8] DEBUG o.s.orm.jpa.JpaTransactionManager - Closing JPA EntityManager [SessionImpl(455113580<open>)] after transaction
2026-03-16 16:58:34 [http-nio-8080-exec-8] DEBUG o.s.orm.jpa.JpaTransactionManager - Creating new transaction with name [com.company.project.service.board.BoardService.getBoardPosts]: PROPAGATION_REQUIRED,ISOLATION_DEFAULT,readOnly
2026-03-16 16:58:34 [http-nio-8080-exec-8] DEBUG o.s.orm.jpa.JpaTransactionManager - Opened new EntityManager [SessionImpl(73496141<open>)] for JPA transaction
2026-03-16 16:58:34 [http-nio-8080-exec-8] DEBUG o.s.orm.jpa.JpaTransactionManager - Exposing JPA transaction as JDBC [org.springframework.orm.jpa.vendor.HibernateJpaDialect$HibernateConnectionHandle@68c10710]
2026-03-16 16:58:34 [http-nio-8080-exec-8] DEBUG o.s.orm.jpa.JpaTransactionManager - Found thread-bound EntityManager [SessionImpl(73496141<open>)] for JPA transaction
2026-03-16 16:58:34 [http-nio-8080-exec-8] DEBUG o.s.orm.jpa.JpaTransactionManager - Participating in existing transaction
2026-03-16 16:58:34 [http-nio-8080-exec-8] DEBUG org.hibernate.SQL - select bm1_0.bbs_id,bm1_0.atch_posbl_file_number,bm1_0.atch_posbl_file_size,bm1_0.bbs_attrb_code,bm1_0.bbs_intrcn,bm1_0.bbs_nm,bm1_0.bbs_ty_code,bm1_0.blog_at,bm1_0.blog_id,bm1_0.cmmnty_id,bm1_0.frst_register_id,bm1_0.frst_regist_pnttm,bm1_0.file_atch_posbl_at,bm1_0.last_updusr_id,bm1_0.last_updt_pnttm,bm1_0.reply_posbl_at,bm1_0.tmplat_id,bm1_0.use_at,bm1_1.answer_at,bm1_1.stsfdg_at from nbbsmaster bm1_0 left join nbbsmasteroptn bm1_1 on bm1_0.bbs_id=bm1_1.bbs_id where bm1_0.bbs_id=?
2026-03-16 16:58:34 [http-nio-8080-exec-10] DEBUG o.s.orm.jpa.JpaTransactionManager - Closing JPA EntityManager [SessionImpl(996967086<open>)] after transaction
2026-03-16 16:58:34 [http-nio-8080-exec-10] DEBUG c.c.p.s.jwt.JwtAuthenticationFilter - >>> [JwtFilter] Successfully authenticated user: USRCNFRM_99999999999, Authorities: [ROLE_ADMIN]
2026-03-16 16:58:34 [http-nio-8080-exec-5] DEBUG o.s.orm.jpa.JpaTransactionManager - Closing JPA EntityManager [SessionImpl(1428724058<open>)] after transaction
2026-03-16 16:58:34 [http-nio-8080-exec-5] DEBUG c.c.p.s.jwt.JwtAuthenticationFilter - >>> [JwtFilter] Successfully authenticated user: USRCNFRM_99999999999, Authorities: [ROLE_ADMIN]
2026-03-16 16:58:34 [http-nio-8080-exec-5] DEBUG o.s.web.servlet.DispatcherServlet - GET "/api/v1/menu/left?menuNo=20", parameters={masked}
2026-03-16 16:58:34 [http-nio-8080-exec-10] DEBUG o.s.web.servlet.DispatcherServlet - GET "/api/v1/menu/left?menuNo=10", parameters={masked}
2026-03-16 16:58:34 [http-nio-8080-exec-7] DEBUG o.s.orm.jpa.JpaTransactionManager - Closing JPA EntityManager [SessionImpl(1131361930<open>)] after transaction
2026-03-16 16:58:34 [http-nio-8080-exec-7] DEBUG c.c.p.s.jwt.JwtAuthenticationFilter - >>> [JwtFilter] Successfully authenticated user: USRCNFRM_99999999999, Authorities: [ROLE_ADMIN]
2026-03-16 16:58:34 [http-nio-8080-exec-5] TRACE o.s.w.s.m.m.a.RequestMappingHandlerMapping - Mapped to com.company.project.api.controller.menu.MenuController#getLeftMenu(Long)
2026-03-16 16:58:34 [http-nio-8080-exec-7] DEBUG o.s.web.servlet.DispatcherServlet - GET "/api/v1/menu/left?menuNo=60", parameters={masked}
2026-03-16 16:58:34 [http-nio-8080-exec-10] TRACE o.s.w.s.m.m.a.RequestMappingHandlerMapping - Mapped to com.company.project.api.controller.menu.MenuController#getLeftMenu(Long)
2026-03-16 16:58:34 [http-nio-8080-exec-7] TRACE o.s.w.s.m.m.a.RequestMappingHandlerMapping - Mapped to com.company.project.api.controller.menu.MenuController#getLeftMenu(Long)
2026-03-16 16:58:34 [http-nio-8080-exec-7] INFO  c.c.p.a.c.menu.MenuController - getLeftMenu called with menuNo=60
2026-03-16 16:58:34 [http-nio-8080-exec-10] INFO  c.c.p.a.c.menu.MenuController - getLeftMenu called with menuNo=10
2026-03-16 16:58:34 [http-nio-8080-exec-7] DEBUG o.s.orm.jpa.JpaTransactionManager - Creating new transaction with name [com.company.project.service.menu.MenuService.getSubMenus]: PROPAGATION_REQUIRED,ISOLATION_DEFAULT,readOnly
2026-03-16 16:58:34 [http-nio-8080-exec-10] DEBUG o.s.orm.jpa.JpaTransactionManager - Creating new transaction with name [com.company.project.service.menu.MenuService.getSubMenus]: PROPAGATION_REQUIRED,ISOLATION_DEFAULT,readOnly
2026-03-16 16:58:34 [http-nio-8080-exec-7] DEBUG o.s.orm.jpa.JpaTransactionManager - Opened new EntityManager [SessionImpl(1516778308<open>)] for JPA transaction
2026-03-16 16:58:34 [http-nio-8080-exec-5] INFO  c.c.p.a.c.menu.MenuController - getLeftMenu called with menuNo=20
2026-03-16 16:58:34 [http-nio-8080-exec-10] DEBUG o.s.orm.jpa.JpaTransactionManager - Opened new EntityManager [SessionImpl(569249060<open>)] for JPA transaction
2026-03-16 16:58:34 [http-nio-8080-exec-7] DEBUG o.s.orm.jpa.JpaTransactionManager - Exposing JPA transaction as JDBC [org.springframework.orm.jpa.vendor.HibernateJpaDialect$HibernateConnectionHandle@18bf7cb4]
2026-03-16 16:58:34 [http-nio-8080-exec-5] DEBUG o.s.orm.jpa.JpaTransactionManager - Creating new transaction with name [com.company.project.service.menu.MenuService.getSubMenus]: PROPAGATION_REQUIRED,ISOLATION_DEFAULT,readOnly
2026-03-16 16:58:34 [http-nio-8080-exec-5] DEBUG o.s.orm.jpa.JpaTransactionManager - Opened new EntityManager [SessionImpl(984055185<open>)] for JPA transaction
2026-03-16 16:58:34 [http-nio-8080-exec-5] DEBUG o.s.orm.jpa.JpaTransactionManager - Exposing JPA transaction as JDBC [org.springframework.orm.jpa.vendor.HibernateJpaDialect$HibernateConnectionHandle@1b77698b]
2026-03-16 16:58:34 [http-nio-8080-exec-10] DEBUG o.s.orm.jpa.JpaTransactionManager - Exposing JPA transaction as JDBC [org.springframework.orm.jpa.vendor.HibernateJpaDialect$HibernateConnectionHandle@339a31e]
2026-03-16 16:58:34 [http-nio-8080-exec-5] DEBUG org.hibernate.SQL - select m1_0.menu_no,m1_0.menu_dc,m1_0.menu_nm,m1_0.menu_ordr,m1_0.modern_route,m1_0.progrm_file_nm,m1_0.relate_image_nm,m1_0.relate_image_path,m1_0.route_updated_at,m1_0.upper_menu_no from nmenuinfo m1_0 order by m1_0.upper_menu_no,m1_0.menu_ordr
2026-03-16 16:58:34 [http-nio-8080-exec-7] DEBUG org.hibernate.SQL - select m1_0.menu_no,m1_0.menu_dc,m1_0.menu_nm,m1_0.menu_ordr,m1_0.modern_route,m1_0.progrm_file_nm,m1_0.relate_image_nm,m1_0.relate_image_path,m1_0.route_updated_at,m1_0.upper_menu_no from nmenuinfo m1_0 order by m1_0.upper_menu_no,m1_0.menu_ordr
2026-03-16 16:58:34 [http-nio-8080-exec-10] DEBUG org.hibernate.SQL - select m1_0.menu_no,m1_0.menu_dc,m1_0.menu_nm,m1_0.menu_ordr,m1_0.modern_route,m1_0.progrm_file_nm,m1_0.relate_image_nm,m1_0.relate_image_path,m1_0.route_updated_at,m1_0.upper_menu_no from nmenuinfo m1_0 order by m1_0.upper_menu_no,m1_0.menu_ordr
2026-03-16 16:58:35 [http-nio-8080-exec-8] DEBUG org.hibernate.SQL - select b1_0.ntt_id,b1_0.bbs_id,b1_0.ntt_sj,b1_0.ntcr_nm,b1_0.frst_regist_pnttm,b1_0.rdcnt,b1_0.answer_at,b1_0.parntsctt_no,b1_0.answer_lc,b1_0.sort_ordr,b1_0.ntt_no,b1_0.notice_at,b1_0.secret_at,b1_0.comment_co from nbbs b1_0 left join nemplyrinfo u1_0 on b1_0.frst_register_id=u1_0.esntl_id where (b1_0.use_at = 'Y') and b1_0.bbs_id=? order by b1_0.sort_ordr desc,b1_0.ntt_no offset ? rows fetch first ? rows only
2026-03-16 16:58:35 [http-nio-8080-exec-1] DEBUG o.s.orm.jpa.JpaTransactionManager - Found thread-bound EntityManager [SessionImpl(687923907<open>)] for JPA transaction
2026-03-16 16:58:35 [http-nio-8080-exec-9] DEBUG o.s.orm.jpa.JpaTransactionManager - Found thread-bound EntityManager [SessionImpl(720172765<open>)] for JPA transaction
2026-03-16 16:58:35 [http-nio-8080-exec-1] DEBUG o.s.orm.jpa.JpaTransactionManager - Participating in existing transaction
2026-03-16 16:58:35 [http-nio-8080-exec-9] DEBUG o.s.orm.jpa.JpaTransactionManager - Participating in existing transaction
2026-03-16 16:58:35 [http-nio-8080-exec-9] DEBUG org.hibernate.SQL - select p1_0.progrm_file_nm,p1_0.progrm_dc,p1_0.progrm_korean_nm,p1_0.progrm_stre_path,p1_0.url from nprogrmlist p1_0
2026-03-16 16:58:35 [http-nio-8080-exec-1] DEBUG org.hibernate.SQL - select p1_0.progrm_file_nm,p1_0.progrm_dc,p1_0.progrm_korean_nm,p1_0.progrm_stre_path,p1_0.url from nprogrmlist p1_0
2026-03-16 16:58:35 [http-nio-8080-exec-7] DEBUG o.s.orm.jpa.JpaTransactionManager - Found thread-bound EntityManager [SessionImpl(1516778308<open>)] for JPA transaction
2026-03-16 16:58:35 [http-nio-8080-exec-7] DEBUG o.s.orm.jpa.JpaTransactionManager - Participating in existing transaction
2026-03-16 16:58:35 [http-nio-8080-exec-7] DEBUG org.hibernate.SQL - select p1_0.progrm_file_nm,p1_0.progrm_dc,p1_0.progrm_korean_nm,p1_0.progrm_stre_path,p1_0.url from nprogrmlist p1_0
2026-03-16 16:58:35 [http-nio-8080-exec-8] DEBUG org.hibernate.SQL - select count(b1_0.ntt_id) from nbbs b1_0 left join nemplyrinfo u1_0 on b1_0.frst_register_id=u1_0.esntl_id where (b1_0.use_at = 'Y') and b1_0.bbs_id=?
2026-03-16 16:58:35 [http-nio-8080-exec-10] DEBUG o.s.orm.jpa.JpaTransactionManager - Found thread-bound EntityManager [SessionImpl(569249060<open>)] for JPA transaction
2026-03-16 16:58:35 [http-nio-8080-exec-10] DEBUG o.s.orm.jpa.JpaTransactionManager - Participating in existing transaction
2026-03-16 16:58:35 [http-nio-8080-exec-5] DEBUG o.s.orm.jpa.JpaTransactionManager - Found thread-bound EntityManager [SessionImpl(984055185<open>)] for JPA transaction
2026-03-16 16:58:35 [http-nio-8080-exec-5] DEBUG o.s.orm.jpa.JpaTransactionManager - Participating in existing transaction
2026-03-16 16:58:35 [http-nio-8080-exec-5] DEBUG org.hibernate.SQL - select p1_0.progrm_file_nm,p1_0.progrm_dc,p1_0.progrm_korean_nm,p1_0.progrm_stre_path,p1_0.url from nprogrmlist p1_0
2026-03-16 16:58:35 [http-nio-8080-exec-10] DEBUG org.hibernate.SQL - select p1_0.progrm_file_nm,p1_0.progrm_dc,p1_0.progrm_korean_nm,p1_0.progrm_stre_path,p1_0.url from nprogrmlist p1_0
2026-03-16 16:58:35 [http-nio-8080-exec-1] DEBUG o.s.orm.jpa.JpaTransactionManager - Initiating transaction commit
2026-03-16 16:58:35 [http-nio-8080-exec-1] DEBUG o.s.orm.jpa.JpaTransactionManager - Committing JPA transaction on EntityManager [SessionImpl(687923907<open>)]
2026-03-16 16:58:35 [http-nio-8080-exec-9] DEBUG o.s.orm.jpa.JpaTransactionManager - Initiating transaction commit
2026-03-16 16:58:35 [http-nio-8080-exec-9] DEBUG o.s.orm.jpa.JpaTransactionManager - Committing JPA transaction on EntityManager [SessionImpl(720172765<open>)]
2026-03-16 16:58:35 [http-nio-8080-exec-7] DEBUG o.s.orm.jpa.JpaTransactionManager - Initiating transaction commit
2026-03-16 16:58:35 [http-nio-8080-exec-7] DEBUG o.s.orm.jpa.JpaTransactionManager - Committing JPA transaction on EntityManager [SessionImpl(1516778308<open>)]
2026-03-16 16:58:35 [http-nio-8080-exec-8] DEBUG o.s.orm.jpa.JpaTransactionManager - Initiating transaction commit
2026-03-16 16:58:35 [http-nio-8080-exec-8] DEBUG o.s.orm.jpa.JpaTransactionManager - Committing JPA transaction on EntityManager [SessionImpl(73496141<open>)]
2026-03-16 16:58:35 [http-nio-8080-exec-10] DEBUG o.s.orm.jpa.JpaTransactionManager - Initiating transaction commit
2026-03-16 16:58:35 [http-nio-8080-exec-10] DEBUG o.s.orm.jpa.JpaTransactionManager - Committing JPA transaction on EntityManager [SessionImpl(569249060<open>)]
2026-03-16 16:58:35 [http-nio-8080-exec-5] DEBUG o.s.orm.jpa.JpaTransactionManager - Initiating transaction commit
2026-03-16 16:58:35 [http-nio-8080-exec-5] DEBUG o.s.orm.jpa.JpaTransactionManager - Committing JPA transaction on EntityManager [SessionImpl(984055185<open>)]
2026-03-16 16:58:35 [http-nio-8080-exec-1] DEBUG o.s.orm.jpa.JpaTransactionManager - Closing JPA EntityManager [SessionImpl(687923907<open>)] after transaction
2026-03-16 16:58:35 [http-nio-8080-exec-9] DEBUG o.s.orm.jpa.JpaTransactionManager - Closing JPA EntityManager [SessionImpl(720172765<open>)] after transaction
2026-03-16 16:58:35 [http-nio-8080-exec-1] INFO  c.c.p.a.c.menu.MenuController - getLeftMenu returned 3 items
2026-03-16 16:58:35 [http-nio-8080-exec-9] INFO  c.c.p.a.c.menu.MenuController - getLeftMenu returned 2 items
2026-03-16 16:58:35 [http-nio-8080-exec-1] DEBUG o.s.w.s.m.m.a.HttpEntityMethodProcessor - Using 'application/json', given [application/json, text/plain, */*] and supported [application/json, application/*+json, application/yaml]
2026-03-16 16:58:35 [http-nio-8080-exec-9] DEBUG o.s.w.s.m.m.a.HttpEntityMethodProcessor - Using 'application/json', given [application/json, text/plain, */*] and supported [application/json, application/*+json, application/yaml]
2026-03-16 16:58:35 [http-nio-8080-exec-1] TRACE o.s.w.s.m.m.a.HttpEntityMethodProcessor - Writing [ApiResponse[success=true, status=200, code=COMMON_001, message=Success, data={list=[com.company.project.service.menu.dto.MenuDto@1e99eb27, com.company.project.service.menu.dto.MenuDto@43f99bff, com.company.project.service.menu.dto.MenuDto@670d627a]}, timestamp=2026-03-16T16:58:35.534952600]]
2026-03-16 16:58:35 [http-nio-8080-exec-9] TRACE o.s.w.s.m.m.a.HttpEntityMethodProcessor - Writing [ApiResponse[success=true, status=200, code=COMMON_001, message=Success, data={list=[com.company.project.service.menu.dto.MenuDto@3027bac4, com.company.project.service.menu.dto.MenuDto@6947d661]}, timestamp=2026-03-16T16:58:35.534952600]]
2026-03-16 16:58:35 [http-nio-8080-exec-1] INFO  c.c.p.a.i.OperationalAuditInterceptor - API Audit Log: URL=/api/v1/menu/left, User=webmaster, IP=0:0:0:0:0:0:0:1
2026-03-16 16:58:35 [http-nio-8080-exec-9] INFO  c.c.p.a.i.OperationalAuditInterceptor - API Audit Log: URL=/api/v1/menu/left, User=webmaster, IP=0:0:0:0:0:0:0:1
2026-03-16 16:58:35 [http-nio-8080-exec-1] DEBUG o.s.web.servlet.DispatcherServlet - Completed 200 OK
2026-03-16 16:58:35 [http-nio-8080-exec-9] DEBUG o.s.web.servlet.DispatcherServlet - Completed 200 OK
2026-03-16 16:58:35 [http-nio-8080-exec-8] DEBUG o.s.orm.jpa.JpaTransactionManager - Closing JPA EntityManager [SessionImpl(73496141<open>)] after transaction
2026-03-16 16:58:35 [http-nio-8080-exec-7] DEBUG o.s.orm.jpa.JpaTransactionManager - Closing JPA EntityManager [SessionImpl(1516778308<open>)] after transaction
2026-03-16 16:58:35 [http-nio-8080-exec-8] DEBUG o.s.orm.jpa.JpaTransactionManager - Creating new transaction with name [com.company.project.service.informalsanction.InformalSanctionServiceImpl.getReceivedInformalSanctionList]: PROPAGATION_REQUIRED,ISOLATION_DEFAULT,readOnly
2026-03-16 16:58:35 [http-nio-8080-exec-7] INFO  c.c.p.a.c.menu.MenuController - getLeftMenu returned 1 items
2026-03-16 16:58:35 [http-nio-8080-exec-8] DEBUG o.s.orm.jpa.JpaTransactionManager - Opened new EntityManager [SessionImpl(811417800<open>)] for JPA transaction
2026-03-16 16:58:35 [http-nio-8080-exec-8] DEBUG o.s.orm.jpa.JpaTransactionManager - Exposing JPA transaction as JDBC [org.springframework.orm.jpa.vendor.HibernateJpaDialect$HibernateConnectionHandle@521d158d]
2026-03-16 16:58:35 [http-nio-8080-exec-7] DEBUG o.s.w.s.m.m.a.HttpEntityMethodProcessor - Using 'application/json', given [application/json, text/plain, */*] and supported [application/json, application/*+json, application/yaml]
2026-03-16 16:58:35 [http-nio-8080-exec-7] TRACE o.s.w.s.m.m.a.HttpEntityMethodProcessor - Writing [ApiResponse[success=true, status=200, code=COMMON_001, message=Success, data={list=[com.company.project.service.menu.dto.MenuDto@67706387]}, timestamp=2026-03-16T16:58:35.569710500]]
2026-03-16 16:58:35 [http-nio-8080-exec-7] INFO  c.c.p.a.i.OperationalAuditInterceptor - API Audit Log: URL=/api/v1/menu/left, User=webmaster, IP=0:0:0:0:0:0:0:1
2026-03-16 16:58:35 [http-nio-8080-exec-7] DEBUG o.s.web.servlet.DispatcherServlet - Completed 200 OK
2026-03-16 16:58:35 [http-nio-8080-exec-8] DEBUG org.hibernate.SQL - select is1_0.infrml_sanctn_id,is1_0.applcnt_id,is1_0.confm_at,is1_0.frst_register_id,is1_0.frst_regist_pnttm,is1_0.job_se_code,is1_0.last_updusr_id,is1_0.last_updt_pnttm,is1_0.reqst_de,is1_0.return_resn,is1_0.sanctn_dt,is1_0.sanctner_id from ninfrmlsanctn is1_0 where is1_0.sanctner_id=?
2026-03-16 16:58:35 [http-nio-8080-exec-10] DEBUG o.s.orm.jpa.JpaTransactionManager - Closing JPA EntityManager [SessionImpl(569249060<open>)] after transaction
2026-03-16 16:58:35 [http-nio-8080-exec-5] DEBUG o.s.orm.jpa.JpaTransactionManager - Closing JPA EntityManager [SessionImpl(984055185<open>)] after transaction
2026-03-16 16:58:35 [http-nio-8080-exec-5] INFO  c.c.p.a.c.menu.MenuController - getLeftMenu returned 3 items
2026-03-16 16:58:35 [http-nio-8080-exec-10] INFO  c.c.p.a.c.menu.MenuController - getLeftMenu returned 5 items
2026-03-16 16:58:35 [http-nio-8080-exec-5] DEBUG o.s.w.s.m.m.a.HttpEntityMethodProcessor - Using 'application/json', given [application/json, text/plain, */*] and supported [application/json, application/*+json, application/yaml]
2026-03-16 16:58:35 [http-nio-8080-exec-10] DEBUG o.s.w.s.m.m.a.HttpEntityMethodProcessor - Using 'application/json', given [application/json, text/plain, */*] and supported [application/json, application/*+json, application/yaml]
2026-03-16 16:58:35 [http-nio-8080-exec-5] TRACE o.s.w.s.m.m.a.HttpEntityMethodProcessor - Writing [ApiResponse[success=true, status=200, code=COMMON_001, message=Success, data={list=[com.company.project.service.menu.dto.MenuDto@71c1e03f, com.company.project.service.menu.dto.MenuDto@736fd5cc, com.company.project.service.menu.dto.MenuDto@2ba1b4da]}, timestamp=2026-03-16T16:58:35.578726100]]
2026-03-16 16:58:35 [http-nio-8080-exec-10] TRACE o.s.w.s.m.m.a.HttpEntityMethodProcessor - Writing [ApiResponse[success=true, status=200, code=COMMON_001, message=Success, data={list=[com.company.project.service.menu.dto.MenuDto@17c81019, com.company.project.service.menu.dto.MenuDto@b343e09, com.company.project.service.menu.dto.MenuDto@542fefa6, com.company.project.service.menu.dto.MenuDto@6e62c4aa, com.company.project.service.menu.dto.MenuDto@39fd59a7]}, timestamp=2026-03-16T16:58:35.578726100]]
2026-03-16 16:58:35 [http-nio-8080-exec-10] INFO  c.c.p.a.i.OperationalAuditInterceptor - API Audit Log: URL=/api/v1/menu/left, User=webmaster, IP=0:0:0:0:0:0:0:1
2026-03-16 16:58:35 [http-nio-8080-exec-5] INFO  c.c.p.a.i.OperationalAuditInterceptor - API Audit Log: URL=/api/v1/menu/left, User=webmaster, IP=0:0:0:0:0:0:0:1
2026-03-16 16:58:35 [http-nio-8080-exec-10] DEBUG o.s.web.servlet.DispatcherServlet - Completed 200 OK
2026-03-16 16:58:35 [http-nio-8080-exec-5] DEBUG o.s.web.servlet.DispatcherServlet - Completed 200 OK
2026-03-16 16:58:35 [http-nio-8080-exec-8] DEBUG o.s.orm.jpa.JpaTransactionManager - Initiating transaction commit
2026-03-16 16:58:35 [http-nio-8080-exec-8] DEBUG o.s.orm.jpa.JpaTransactionManager - Committing JPA transaction on EntityManager [SessionImpl(811417800<open>)]
2026-03-16 16:58:35 [http-nio-8080-exec-8] DEBUG o.s.orm.jpa.JpaTransactionManager - Closing JPA EntityManager [SessionImpl(811417800<open>)] after transaction
2026-03-16 16:58:35 [http-nio-8080-exec-8] DEBUG o.s.w.s.m.m.a.HttpEntityMethodProcessor - Using 'application/json', given [application/json, text/plain, */*] and supported [application/json, application/*+json, application/yaml]
2026-03-16 16:58:35 [http-nio-8080-exec-8] TRACE o.s.w.s.m.m.a.HttpEntityMethodProcessor - Writing [{notiList=[com.company.project.service.board.dto.BoardDto@230549d2], success=true, taskList=[com.company.project.service.board.dto.BoardDto@623e2192], pendingApprovalCount=0}]
2026-03-16 16:58:35 [http-nio-8080-exec-8] INFO  c.c.p.a.i.OperationalAuditInterceptor - API Audit Log: URL=/api/v1/dashboard, User=webmaster, IP=0:0:0:0:0:0:0:1
2026-03-16 16:58:35 [http-nio-8080-exec-8] DEBUG o.s.web.servlet.DispatcherServlet - Completed 200 OK
2026-03-16 16:58:36 [http-nio-8080-exec-4] DEBUG c.c.p.s.jwt.JwtAuthenticationFilter - >>> [JwtFilter] Processing request: GET /api/v1/menu/left
2026-03-16 16:58:36 [http-nio-8080-exec-2] DEBUG c.c.p.s.jwt.JwtAuthenticationFilter - >>> [JwtFilter] Processing request: GET /api/v1/menu/head
2026-03-16 16:58:36 [http-nio-8080-exec-4] DEBUG c.c.p.s.jwt.JwtAuthenticationFilter - >>> [JwtFilter] Found token in header for path: /api/v1/menu/left
2026-03-16 16:58:36 [http-nio-8080-exec-2] DEBUG c.c.p.s.jwt.JwtAuthenticationFilter - >>> [JwtFilter] Found token in header for path: /api/v1/menu/head
2026-03-16 16:58:36 [http-nio-8080-exec-3] DEBUG c.c.p.s.jwt.JwtAuthenticationFilter - >>> [JwtFilter] Processing request: GET /api/v1/auth/me
2026-03-16 16:58:36 [http-nio-8080-exec-3] DEBUG c.c.p.s.jwt.JwtAuthenticationFilter - >>> [JwtFilter] Found token in header for path: /api/v1/auth/me
2026-03-16 16:58:36 [http-nio-8080-exec-3] DEBUG o.s.orm.jpa.JpaTransactionManager - Creating new transaction with name [com.company.project.security.iam.CustomUserDetailsService.loadUserByUsername]: PROPAGATION_REQUIRED,ISOLATION_DEFAULT,readOnly
2026-03-16 16:58:36 [http-nio-8080-exec-2] DEBUG o.s.orm.jpa.JpaTransactionManager - Creating new transaction with name [com.company.project.security.iam.CustomUserDetailsService.loadUserByUsername]: PROPAGATION_REQUIRED,ISOLATION_DEFAULT,readOnly
2026-03-16 16:58:36 [http-nio-8080-exec-3] DEBUG o.s.orm.jpa.JpaTransactionManager - Opened new EntityManager [SessionImpl(1405131372<open>)] for JPA transaction
2026-03-16 16:58:36 [http-nio-8080-exec-4] DEBUG o.s.orm.jpa.JpaTransactionManager - Creating new transaction with name [com.company.project.security.iam.CustomUserDetailsService.loadUserByUsername]: PROPAGATION_REQUIRED,ISOLATION_DEFAULT,readOnly
2026-03-16 16:58:36 [http-nio-8080-exec-2] DEBUG o.s.orm.jpa.JpaTransactionManager - Opened new EntityManager [SessionImpl(1605463256<open>)] for JPA transaction
2026-03-16 16:58:36 [http-nio-8080-exec-4] DEBUG o.s.orm.jpa.JpaTransactionManager - Opened new EntityManager [SessionImpl(1504471677<open>)] for JPA transaction
2026-03-16 16:58:36 [http-nio-8080-exec-4] DEBUG o.s.orm.jpa.JpaTransactionManager - Exposing JPA transaction as JDBC [org.springframework.orm.jpa.vendor.HibernateJpaDialect$HibernateConnectionHandle@7cf08bb4]
2026-03-16 16:58:36 [http-nio-8080-exec-4] DEBUG o.s.orm.jpa.JpaTransactionManager - Found thread-bound EntityManager [SessionImpl(1504471677<open>)] for JPA transaction
2026-03-16 16:58:36 [http-nio-8080-exec-4] DEBUG o.s.orm.jpa.JpaTransactionManager - Participating in existing transaction
2026-03-16 16:58:36 [http-nio-8080-exec-4] DEBUG org.hibernate.SQL - select u1_0.emplyr_id,u1_0.area_no,u1_0.brthdy,u1_0.chg_pwd_cnt,u1_0.frst_register_id,u1_0.frst_regist_pnttm,u1_0.detail_adres,u1_0.email_adres,u1_0.emplyr_sttus_code,u1_0.empl_no,u1_0.esntl_id,u1_0.fxnum,u1_0.group_id,u1_0.house_adres,u1_0.house_end_telno,u1_0.house_middle_telno,u1_0.ihidnum,u1_0.pstinst_code,u1_0.last_updusr_id,u1_0.last_updt_pnttm,u1_0.lock_at,u1_0.lock_cnt,u1_0.lock_last_pnttm,u1_0.mbtlnum,u1_0.ofcps_nm,u1_0.offm_telno,u1_0.orgnzt_id,u1_0.password,u1_0.password_cnsr,u1_0.password_hint,u1_0.chg_pwd_last_pnttm,u1_0.role,u1_0.sbscrb_de,u1_0.sexdstn_code,u1_0.crtfc_dn_value,u1_0.user_nm,u1_0.zip from nemplyrinfo u1_0 where u1_0.emplyr_id=?
2026-03-16 16:58:36 [http-nio-8080-exec-2] DEBUG o.s.orm.jpa.JpaTransactionManager - Exposing JPA transaction as JDBC [org.springframework.orm.jpa.vendor.HibernateJpaDialect$HibernateConnectionHandle@4581220b]
2026-03-16 16:58:36 [http-nio-8080-exec-2] DEBUG o.s.orm.jpa.JpaTransactionManager - Found thread-bound EntityManager [SessionImpl(1605463256<open>)] for JPA transaction
2026-03-16 16:58:36 [http-nio-8080-exec-2] DEBUG o.s.orm.jpa.JpaTransactionManager - Participating in existing transaction
2026-03-16 16:58:36 [http-nio-8080-exec-2] DEBUG org.hibernate.SQL - select u1_0.emplyr_id,u1_0.area_no,u1_0.brthdy,u1_0.chg_pwd_cnt,u1_0.frst_register_id,u1_0.frst_regist_pnttm,u1_0.detail_adres,u1_0.email_adres,u1_0.emplyr_sttus_code,u1_0.empl_no,u1_0.esntl_id,u1_0.fxnum,u1_0.group_id,u1_0.house_adres,u1_0.house_end_telno,u1_0.house_middle_telno,u1_0.ihidnum,u1_0.pstinst_code,u1_0.last_updusr_id,u1_0.last_updt_pnttm,u1_0.lock_at,u1_0.lock_cnt,u1_0.lock_last_pnttm,u1_0.mbtlnum,u1_0.ofcps_nm,u1_0.offm_telno,u1_0.orgnzt_id,u1_0.password,u1_0.password_cnsr,u1_0.password_hint,u1_0.chg_pwd_last_pnttm,u1_0.role,u1_0.sbscrb_de,u1_0.sexdstn_code,u1_0.crtfc_dn_value,u1_0.user_nm,u1_0.zip from nemplyrinfo u1_0 where u1_0.emplyr_id=?
2026-03-16 16:58:36 [http-nio-8080-exec-3] DEBUG o.s.orm.jpa.JpaTransactionManager - Exposing JPA transaction as JDBC [org.springframework.orm.jpa.vendor.HibernateJpaDialect$HibernateConnectionHandle@21c19fdb]
2026-03-16 16:58:36 [http-nio-8080-exec-3] DEBUG o.s.orm.jpa.JpaTransactionManager - Found thread-bound EntityManager [SessionImpl(1405131372<open>)] for JPA transaction
2026-03-16 16:58:36 [http-nio-8080-exec-3] DEBUG o.s.orm.jpa.JpaTransactionManager - Participating in existing transaction
2026-03-16 16:58:36 [http-nio-8080-exec-3] DEBUG org.hibernate.SQL - select u1_0.emplyr_id,u1_0.area_no,u1_0.brthdy,u1_0.chg_pwd_cnt,u1_0.frst_register_id,u1_0.frst_regist_pnttm,u1_0.detail_adres,u1_0.email_adres,u1_0.emplyr_sttus_code,u1_0.empl_no,u1_0.esntl_id,u1_0.fxnum,u1_0.group_id,u1_0.house_adres,u1_0.house_end_telno,u1_0.house_middle_telno,u1_0.ihidnum,u1_0.pstinst_code,u1_0.last_updusr_id,u1_0.last_updt_pnttm,u1_0.lock_at,u1_0.lock_cnt,u1_0.lock_last_pnttm,u1_0.mbtlnum,u1_0.ofcps_nm,u1_0.offm_telno,u1_0.orgnzt_id,u1_0.password,u1_0.password_cnsr,u1_0.password_hint,u1_0.chg_pwd_last_pnttm,u1_0.role,u1_0.sbscrb_de,u1_0.sexdstn_code,u1_0.crtfc_dn_value,u1_0.user_nm,u1_0.zip from nemplyrinfo u1_0 where u1_0.emplyr_id=?
2026-03-16 16:58:36 [http-nio-8080-exec-4] DEBUG o.s.orm.jpa.JpaTransactionManager - Found thread-bound EntityManager [SessionImpl(1504471677<open>)] for JPA transaction
2026-03-16 16:58:36 [http-nio-8080-exec-4] DEBUG o.s.orm.jpa.JpaTransactionManager - Participating in existing transaction
2026-03-16 16:58:36 [http-nio-8080-exec-4] DEBUG org.hibernate.SQL - select ua1_0.scrty_dtrmn_trget_id,ua1_0.author_code,ua1_0.frst_register_id,ua1_0.frst_regist_pnttm,ua1_0.last_updusr_id,ua1_0.last_updt_pnttm,ua1_0.mber_ty_code from nemplyrscrtyestbs ua1_0 where ua1_0.scrty_dtrmn_trget_id=?
2026-03-16 16:58:36 [http-nio-8080-exec-2] DEBUG o.s.orm.jpa.JpaTransactionManager - Found thread-bound EntityManager [SessionImpl(1605463256<open>)] for JPA transaction
2026-03-16 16:58:36 [http-nio-8080-exec-2] DEBUG o.s.orm.jpa.JpaTransactionManager - Participating in existing transaction
2026-03-16 16:58:36 [http-nio-8080-exec-2] DEBUG org.hibernate.SQL - select ua1_0.scrty_dtrmn_trget_id,ua1_0.author_code,ua1_0.frst_register_id,ua1_0.frst_regist_pnttm,ua1_0.last_updusr_id,ua1_0.last_updt_pnttm,ua1_0.mber_ty_code from nemplyrscrtyestbs ua1_0 where ua1_0.scrty_dtrmn_trget_id=?
2026-03-16 16:58:36 [http-nio-8080-exec-3] DEBUG o.s.orm.jpa.JpaTransactionManager - Found thread-bound EntityManager [SessionImpl(1405131372<open>)] for JPA transaction
2026-03-16 16:58:36 [http-nio-8080-exec-3] DEBUG o.s.orm.jpa.JpaTransactionManager - Participating in existing transaction
2026-03-16 16:58:36 [http-nio-8080-exec-3] DEBUG org.hibernate.SQL - select ua1_0.scrty_dtrmn_trget_id,ua1_0.author_code,ua1_0.frst_register_id,ua1_0.frst_regist_pnttm,ua1_0.last_updusr_id,ua1_0.last_updt_pnttm,ua1_0.mber_ty_code from nemplyrscrtyestbs ua1_0 where ua1_0.scrty_dtrmn_trget_id=?
2026-03-16 16:58:36 [http-nio-8080-exec-4] DEBUG o.s.orm.jpa.JpaTransactionManager - Initiating transaction commit
2026-03-16 16:58:36 [http-nio-8080-exec-4] DEBUG o.s.orm.jpa.JpaTransactionManager - Committing JPA transaction on EntityManager [SessionImpl(1504471677<open>)]
2026-03-16 16:58:36 [http-nio-8080-exec-2] DEBUG o.s.orm.jpa.JpaTransactionManager - Initiating transaction commit
2026-03-16 16:58:36 [http-nio-8080-exec-2] DEBUG o.s.orm.jpa.JpaTransactionManager - Committing JPA transaction on EntityManager [SessionImpl(1605463256<open>)]
2026-03-16 16:58:36 [http-nio-8080-exec-3] DEBUG o.s.orm.jpa.JpaTransactionManager - Initiating transaction commit
2026-03-16 16:58:36 [http-nio-8080-exec-3] DEBUG o.s.orm.jpa.JpaTransactionManager - Committing JPA transaction on EntityManager [SessionImpl(1405131372<open>)]
2026-03-16 16:58:36 [http-nio-8080-exec-4] DEBUG o.s.orm.jpa.JpaTransactionManager - Closing JPA EntityManager [SessionImpl(1504471677<open>)] after transaction
2026-03-16 16:58:36 [http-nio-8080-exec-4] DEBUG c.c.p.s.jwt.JwtAuthenticationFilter - >>> [JwtFilter] Successfully authenticated user: USRCNFRM_99999999999, Authorities: [ROLE_ADMIN]
2026-03-16 16:58:36 [http-nio-8080-exec-4] DEBUG o.s.web.servlet.DispatcherServlet - GET "/api/v1/menu/left?menuNo=10", parameters={masked}
2026-03-16 16:58:36 [http-nio-8080-exec-4] TRACE o.s.w.s.m.m.a.RequestMappingHandlerMapping - Mapped to com.company.project.api.controller.menu.MenuController#getLeftMenu(Long)
2026-03-16 16:58:36 [http-nio-8080-exec-4] INFO  c.c.p.a.c.menu.MenuController - getLeftMenu called with menuNo=10
2026-03-16 16:58:36 [http-nio-8080-exec-4] DEBUG o.s.orm.jpa.JpaTransactionManager - Creating new transaction with name [com.company.project.service.menu.MenuService.getSubMenus]: PROPAGATION_REQUIRED,ISOLATION_DEFAULT,readOnly
2026-03-16 16:58:36 [http-nio-8080-exec-4] DEBUG o.s.orm.jpa.JpaTransactionManager - Opened new EntityManager [SessionImpl(1256230956<open>)] for JPA transaction
2026-03-16 16:58:36 [http-nio-8080-exec-4] DEBUG o.s.orm.jpa.JpaTransactionManager - Exposing JPA transaction as JDBC [org.springframework.orm.jpa.vendor.HibernateJpaDialect$HibernateConnectionHandle@58cd23e9]
2026-03-16 16:58:36 [http-nio-8080-exec-4] DEBUG org.hibernate.SQL - select m1_0.menu_no,m1_0.menu_dc,m1_0.menu_nm,m1_0.menu_ordr,m1_0.modern_route,m1_0.progrm_file_nm,m1_0.relate_image_nm,m1_0.relate_image_path,m1_0.route_updated_at,m1_0.upper_menu_no from nmenuinfo m1_0 order by m1_0.upper_menu_no,m1_0.menu_ordr
2026-03-16 16:58:36 [http-nio-8080-exec-2] DEBUG o.s.orm.jpa.JpaTransactionManager - Closing JPA EntityManager [SessionImpl(1605463256<open>)] after transaction
2026-03-16 16:58:36 [http-nio-8080-exec-3] DEBUG o.s.orm.jpa.JpaTransactionManager - Closing JPA EntityManager [SessionImpl(1405131372<open>)] after transaction
2026-03-16 16:58:36 [http-nio-8080-exec-2] DEBUG c.c.p.s.jwt.JwtAuthenticationFilter - >>> [JwtFilter] Successfully authenticated user: USRCNFRM_99999999999, Authorities: [ROLE_ADMIN]
2026-03-16 16:58:36 [http-nio-8080-exec-3] DEBUG c.c.p.s.jwt.JwtAuthenticationFilter - >>> [JwtFilter] Successfully authenticated user: USRCNFRM_99999999999, Authorities: [ROLE_ADMIN]
2026-03-16 16:58:36 [http-nio-8080-exec-2] DEBUG o.s.web.servlet.DispatcherServlet - GET "/api/v1/menu/head", parameters={}
2026-03-16 16:58:36 [http-nio-8080-exec-3] DEBUG o.s.web.servlet.DispatcherServlet - GET "/api/v1/auth/me", parameters={}
2026-03-16 16:58:36 [http-nio-8080-exec-2] TRACE o.s.w.s.m.m.a.RequestMappingHandlerMapping - Mapped to com.company.project.api.controller.menu.MenuController#getHeadMenu()
2026-03-16 16:58:36 [http-nio-8080-exec-3] TRACE o.s.w.s.m.m.a.RequestMappingHandlerMapping - Mapped to com.company.project.api.auth.AuthController#getCurrentUser()
2026-03-16 16:58:36 [http-nio-8080-exec-2] INFO  c.c.p.a.c.menu.MenuController - getHeadMenu called
2026-03-16 16:58:36 [http-nio-8080-exec-3] DEBUG o.s.w.s.m.m.a.RequestResponseBodyMethodProcessor - Using 'application/json', given [application/json, text/plain, */*] and supported [application/json, application/*+json, application/yaml]
2026-03-16 16:58:36 [http-nio-8080-exec-3] TRACE o.s.w.s.m.m.a.RequestResponseBodyMethodProcessor - Writing [ApiResponse[success=true, status=200, code=COMMON_001, message=Success, data={role=ROLE_ADMIN, userSe=EMP, name=관리자, id=webmaster}, timestamp=2026-03-16T16:58:36.763399300]]
2026-03-16 16:58:36 [http-nio-8080-exec-2] INFO  c.c.p.a.c.menu.MenuController - getHeadMenu returned 5 items
2026-03-16 16:58:36 [http-nio-8080-exec-2] DEBUG o.s.w.s.m.m.a.HttpEntityMethodProcessor - Using 'application/json', given [application/json, text/plain, */*] and supported [application/json, application/*+json, application/yaml]
2026-03-16 16:58:36 [http-nio-8080-exec-2] TRACE o.s.w.s.m.m.a.HttpEntityMethodProcessor - Writing [ApiResponse[success=true, status=200, code=COMMON_001, message=Success, data={list=[com.company.project.service.menu.dto.MenuDto@2b80d6b0, com.company.project.service.menu.dto.MenuDto@1418cfa3, com.company.project.service.menu.dto.MenuDto@f230bf1, com.company.project.service.menu.dto.MenuDto@734a7f6a, com.company.project.service.menu.dto.MenuDto@5e5202e5]}, timestamp=2026-03-16T16:58:36.763399300]]
2026-03-16 16:58:36 [http-nio-8080-exec-3] INFO  c.c.p.a.i.OperationalAuditInterceptor - API Audit Log: URL=/api/v1/auth/me, User=webmaster, IP=127.0.0.1
2026-03-16 16:58:36 [http-nio-8080-exec-3] DEBUG o.s.web.servlet.DispatcherServlet - Completed 200 OK
2026-03-16 16:58:36 [http-nio-8080-exec-2] INFO  c.c.p.a.i.OperationalAuditInterceptor - API Audit Log: URL=/api/v1/menu/head, User=webmaster, IP=127.0.0.1
2026-03-16 16:58:36 [http-nio-8080-exec-2] DEBUG o.s.web.servlet.DispatcherServlet - Completed 200 OK
2026-03-16 16:58:36 [http-nio-8080-exec-6] DEBUG c.c.p.s.jwt.JwtAuthenticationFilter - >>> [JwtFilter] Processing request: GET /api/v1/notifications
2026-03-16 16:58:36 [http-nio-8080-exec-6] DEBUG c.c.p.s.jwt.JwtAuthenticationFilter - >>> [JwtFilter] Found token in header for path: /api/v1/notifications
2026-03-16 16:58:36 [http-nio-8080-exec-6] DEBUG o.s.orm.jpa.JpaTransactionManager - Creating new transaction with name [com.company.project.security.iam.CustomUserDetailsService.loadUserByUsername]: PROPAGATION_REQUIRED,ISOLATION_DEFAULT,readOnly
2026-03-16 16:58:36 [http-nio-8080-exec-9] DEBUG c.c.p.s.jwt.JwtAuthenticationFilter - >>> [JwtFilter] Processing request: GET /api/v1/notifications/unread-count
2026-03-16 16:58:36 [http-nio-8080-exec-6] DEBUG o.s.orm.jpa.JpaTransactionManager - Opened new EntityManager [SessionImpl(83425929<open>)] for JPA transaction
2026-03-16 16:58:36 [http-nio-8080-exec-9] DEBUG c.c.p.s.jwt.JwtAuthenticationFilter - >>> [JwtFilter] Found token in header for path: /api/v1/notifications/unread-count
2026-03-16 16:58:36 [http-nio-8080-exec-9] DEBUG o.s.orm.jpa.JpaTransactionManager - Creating new transaction with name [com.company.project.security.iam.CustomUserDetailsService.loadUserByUsername]: PROPAGATION_REQUIRED,ISOLATION_DEFAULT,readOnly
2026-03-16 16:58:36 [http-nio-8080-exec-9] DEBUG o.s.orm.jpa.JpaTransactionManager - Opened new EntityManager [SessionImpl(889288552<open>)] for JPA transaction
2026-03-16 16:58:36 [http-nio-8080-exec-1] DEBUG c.c.p.s.jwt.JwtAuthenticationFilter - >>> [JwtFilter] Processing request: GET /api/v1/popups/active
2026-03-16 16:58:36 [http-nio-8080-exec-7] DEBUG c.c.p.s.jwt.JwtAuthenticationFilter - >>> [JwtFilter] Processing request: GET /api/v1/admin/system/banners/reflected
2026-03-16 16:58:36 [http-nio-8080-exec-1] DEBUG c.c.p.s.jwt.JwtAuthenticationFilter - >>> [JwtFilter] Found token in header for path: /api/v1/popups/active
2026-03-16 16:58:36 [http-nio-8080-exec-7] DEBUG c.c.p.s.jwt.JwtAuthenticationFilter - >>> [JwtFilter] Found token in header for path: /api/v1/admin/system/banners/reflected
2026-03-16 16:58:36 [http-nio-8080-exec-7] DEBUG o.s.orm.jpa.JpaTransactionManager - Creating new transaction with name [com.company.project.security.iam.CustomUserDetailsService.loadUserByUsername]: PROPAGATION_REQUIRED,ISOLATION_DEFAULT,readOnly
2026-03-16 16:58:36 [http-nio-8080-exec-1] DEBUG o.s.orm.jpa.JpaTransactionManager - Creating new transaction with name [com.company.project.security.iam.CustomUserDetailsService.loadUserByUsername]: PROPAGATION_REQUIRED,ISOLATION_DEFAULT,readOnly
2026-03-16 16:58:36 [http-nio-8080-exec-1] DEBUG o.s.orm.jpa.JpaTransactionManager - Opened new EntityManager [SessionImpl(109053167<open>)] for JPA transaction
2026-03-16 16:58:36 [http-nio-8080-exec-7] DEBUG o.s.orm.jpa.JpaTransactionManager - Opened new EntityManager [SessionImpl(1650113425<open>)] for JPA transaction
2026-03-16 16:58:36 [http-nio-8080-exec-10] DEBUG o.s.web.servlet.DispatcherServlet - GET "/ws/info?t=1773647916903", parameters={masked}
2026-03-16 16:58:36 [http-nio-8080-exec-10] DEBUG o.s.w.s.s.s.WebSocketHandlerMapping - Mapped to org.springframework.web.socket.sockjs.support.SockJsHttpRequestHandler@3d80b7ba
2026-03-16 16:58:36 [http-nio-8080-exec-10] DEBUG o.s.w.s.s.t.h.DefaultSockJsService - Processing transport request: GET http://localhost:8080/ws/info?t=1773647916903
2026-03-16 16:58:36 [http-nio-8080-exec-10] DEBUG o.s.web.servlet.DispatcherServlet - Completed 200 OK
2026-03-16 16:58:36 [http-nio-8080-exec-5] DEBUG o.s.web.servlet.DispatcherServlet - GET "/ws/217/kvspen5y/websocket", parameters={}
2026-03-16 16:58:36 [http-nio-8080-exec-5] DEBUG o.s.w.s.s.s.WebSocketHandlerMapping - Mapped to org.springframework.web.socket.sockjs.support.SockJsHttpRequestHandler@3d80b7ba
2026-03-16 16:58:36 [http-nio-8080-exec-5] DEBUG o.s.w.s.s.t.h.DefaultSockJsService - Processing transport request: GET http://localhost:8080/ws/217/kvspen5y/websocket
2026-03-16 16:58:36 [http-nio-8080-exec-5] DEBUG o.s.web.servlet.DispatcherServlet - Completed 101 SWITCHING_PROTOCOLS
2026-03-16 16:58:36 [http-nio-8080-exec-5] DEBUG o.s.w.s.h.LoggingWebSocketHandlerDecorator - New WebSocketServerSockJsSession[id=kvspen5y]
2026-03-16 16:58:36 [scheduling-1] DEBUG org.springframework.web.SimpLogging - Processing CONNECT session=kvspen5y
2026-03-16 16:58:36 [scheduling-1] DEBUG org.springframework.web.SimpLogging - Processing SUBSCRIBE /topic/notices id=sub-0 session=kvspen5y
2026-03-16 16:58:36 [scheduling-1] DEBUG org.springframework.web.SimpLogging - Processing SUBSCRIBE destination=/queue/notifications-userkvspen5y subscriptionId=sub-1 session=kvspen5y payload=byte[0]
2026-03-16 16:58:36 [scheduling-1] DEBUG org.springframework.web.SimpLogging - Processing SUBSCRIBE /topic/public id=sub-2 session=kvspen5y
2026-03-16 16:58:36 [scheduling-1] DEBUG org.springframework.web.SimpLogging - Processing SUBSCRIBE /topic/dashboard/stats id=sub-4 session=kvspen5y
2026-03-16 16:58:36 [scheduling-1] DEBUG org.springframework.web.SimpLogging - Processing SUBSCRIBE /topic/notifications id=sub-5 session=kvspen5y
2026-03-16 16:58:36 [scheduling-1] DEBUG org.springframework.web.SimpLogging - Processing SUBSCRIBE destination=/queue/notifications-userkvspen5y subscriptionId=sub-6 session=kvspen5y payload=byte[0]
2026-03-16 16:58:36 [http-nio-8080-exec-10] DEBUG c.c.p.s.jwt.JwtAuthenticationFilter - >>> [JwtFilter] Processing request: GET /api/v1/admin/system/statistics/connect
2026-03-16 16:58:36 [http-nio-8080-exec-10] DEBUG c.c.p.s.jwt.JwtAuthenticationFilter - >>> [JwtFilter] Found token in header for path: /api/v1/admin/system/statistics/connect
2026-03-16 16:58:36 [http-nio-8080-exec-10] DEBUG o.s.orm.jpa.JpaTransactionManager - Creating new transaction with name [com.company.project.security.iam.CustomUserDetailsService.loadUserByUsername]: PROPAGATION_REQUIRED,ISOLATION_DEFAULT,readOnly
2026-03-16 16:58:36 [http-nio-8080-exec-10] DEBUG o.s.orm.jpa.JpaTransactionManager - Opened new EntityManager [SessionImpl(320077031<open>)] for JPA transaction
2026-03-16 16:58:37 [http-nio-8080-exec-9] DEBUG o.s.orm.jpa.JpaTransactionManager - Exposing JPA transaction as JDBC [org.springframework.orm.jpa.vendor.HibernateJpaDialect$HibernateConnectionHandle@45d2a85e]
2026-03-16 16:58:37 [http-nio-8080-exec-9] DEBUG o.s.orm.jpa.JpaTransactionManager - Found thread-bound EntityManager [SessionImpl(889288552<open>)] for JPA transaction
2026-03-16 16:58:37 [http-nio-8080-exec-9] DEBUG o.s.orm.jpa.JpaTransactionManager - Participating in existing transaction
2026-03-16 16:58:37 [http-nio-8080-exec-9] DEBUG org.hibernate.SQL - select u1_0.emplyr_id,u1_0.area_no,u1_0.brthdy,u1_0.chg_pwd_cnt,u1_0.frst_register_id,u1_0.frst_regist_pnttm,u1_0.detail_adres,u1_0.email_adres,u1_0.emplyr_sttus_code,u1_0.empl_no,u1_0.esntl_id,u1_0.fxnum,u1_0.group_id,u1_0.house_adres,u1_0.house_end_telno,u1_0.house_middle_telno,u1_0.ihidnum,u1_0.pstinst_code,u1_0.last_updusr_id,u1_0.last_updt_pnttm,u1_0.lock_at,u1_0.lock_cnt,u1_0.lock_last_pnttm,u1_0.mbtlnum,u1_0.ofcps_nm,u1_0.offm_telno,u1_0.orgnzt_id,u1_0.password,u1_0.password_cnsr,u1_0.password_hint,u1_0.chg_pwd_last_pnttm,u1_0.role,u1_0.sbscrb_de,u1_0.sexdstn_code,u1_0.crtfc_dn_value,u1_0.user_nm,u1_0.zip from nemplyrinfo u1_0 where u1_0.emplyr_id=?
2026-03-16 16:58:37 [http-nio-8080-exec-6] DEBUG o.s.orm.jpa.JpaTransactionManager - Exposing JPA transaction as JDBC [org.springframework.orm.jpa.vendor.HibernateJpaDialect$HibernateConnectionHandle@ba10840]
2026-03-16 16:58:37 [http-nio-8080-exec-1] DEBUG o.s.orm.jpa.JpaTransactionManager - Exposing JPA transaction as JDBC [org.springframework.orm.jpa.vendor.HibernateJpaDialect$HibernateConnectionHandle@579117cb]
2026-03-16 16:58:37 [http-nio-8080-exec-6] DEBUG o.s.orm.jpa.JpaTransactionManager - Found thread-bound EntityManager [SessionImpl(83425929<open>)] for JPA transaction
2026-03-16 16:58:37 [http-nio-8080-exec-6] DEBUG o.s.orm.jpa.JpaTransactionManager - Participating in existing transaction
2026-03-16 16:58:37 [http-nio-8080-exec-1] DEBUG o.s.orm.jpa.JpaTransactionManager - Found thread-bound EntityManager [SessionImpl(109053167<open>)] for JPA transaction
2026-03-16 16:58:37 [http-nio-8080-exec-1] DEBUG o.s.orm.jpa.JpaTransactionManager - Participating in existing transaction
2026-03-16 16:58:37 [http-nio-8080-exec-6] DEBUG org.hibernate.SQL - select u1_0.emplyr_id,u1_0.area_no,u1_0.brthdy,u1_0.chg_pwd_cnt,u1_0.frst_register_id,u1_0.frst_regist_pnttm,u1_0.detail_adres,u1_0.email_adres,u1_0.emplyr_sttus_code,u1_0.empl_no,u1_0.esntl_id,u1_0.fxnum,u1_0.group_id,u1_0.house_adres,u1_0.house_end_telno,u1_0.house_middle_telno,u1_0.ihidnum,u1_0.pstinst_code,u1_0.last_updusr_id,u1_0.last_updt_pnttm,u1_0.lock_at,u1_0.lock_cnt,u1_0.lock_last_pnttm,u1_0.mbtlnum,u1_0.ofcps_nm,u1_0.offm_telno,u1_0.orgnzt_id,u1_0.password,u1_0.password_cnsr,u1_0.password_hint,u1_0.chg_pwd_last_pnttm,u1_0.role,u1_0.sbscrb_de,u1_0.sexdstn_code,u1_0.crtfc_dn_value,u1_0.user_nm,u1_0.zip from nemplyrinfo u1_0 where u1_0.emplyr_id=?
2026-03-16 16:58:37 [http-nio-8080-exec-1] DEBUG org.hibernate.SQL - select u1_0.emplyr_id,u1_0.area_no,u1_0.brthdy,u1_0.chg_pwd_cnt,u1_0.frst_register_id,u1_0.frst_regist_pnttm,u1_0.detail_adres,u1_0.email_adres,u1_0.emplyr_sttus_code,u1_0.empl_no,u1_0.esntl_id,u1_0.fxnum,u1_0.group_id,u1_0.house_adres,u1_0.house_end_telno,u1_0.house_middle_telno,u1_0.ihidnum,u1_0.pstinst_code,u1_0.last_updusr_id,u1_0.last_updt_pnttm,u1_0.lock_at,u1_0.lock_cnt,u1_0.lock_last_pnttm,u1_0.mbtlnum,u1_0.ofcps_nm,u1_0.offm_telno,u1_0.orgnzt_id,u1_0.password,u1_0.password_cnsr,u1_0.password_hint,u1_0.chg_pwd_last_pnttm,u1_0.role,u1_0.sbscrb_de,u1_0.sexdstn_code,u1_0.crtfc_dn_value,u1_0.user_nm,u1_0.zip from nemplyrinfo u1_0 where u1_0.emplyr_id=?
2026-03-16 16:58:37 [http-nio-8080-exec-7] DEBUG o.s.orm.jpa.JpaTransactionManager - Exposing JPA transaction as JDBC [org.springframework.orm.jpa.vendor.HibernateJpaDialect$HibernateConnectionHandle@36d6d399]
2026-03-16 16:58:37 [http-nio-8080-exec-7] DEBUG o.s.orm.jpa.JpaTransactionManager - Found thread-bound EntityManager [SessionImpl(1650113425<open>)] for JPA transaction
2026-03-16 16:58:37 [http-nio-8080-exec-7] DEBUG o.s.orm.jpa.JpaTransactionManager - Participating in existing transaction
2026-03-16 16:58:37 [http-nio-8080-exec-7] DEBUG org.hibernate.SQL - select u1_0.emplyr_id,u1_0.area_no,u1_0.brthdy,u1_0.chg_pwd_cnt,u1_0.frst_register_id,u1_0.frst_regist_pnttm,u1_0.detail_adres,u1_0.email_adres,u1_0.emplyr_sttus_code,u1_0.empl_no,u1_0.esntl_id,u1_0.fxnum,u1_0.group_id,u1_0.house_adres,u1_0.house_end_telno,u1_0.house_middle_telno,u1_0.ihidnum,u1_0.pstinst_code,u1_0.last_updusr_id,u1_0.last_updt_pnttm,u1_0.lock_at,u1_0.lock_cnt,u1_0.lock_last_pnttm,u1_0.mbtlnum,u1_0.ofcps_nm,u1_0.offm_telno,u1_0.orgnzt_id,u1_0.password,u1_0.password_cnsr,u1_0.password_hint,u1_0.chg_pwd_last_pnttm,u1_0.role,u1_0.sbscrb_de,u1_0.sexdstn_code,u1_0.crtfc_dn_value,u1_0.user_nm,u1_0.zip from nemplyrinfo u1_0 where u1_0.emplyr_id=?
2026-03-16 16:58:37 [http-nio-8080-exec-4] DEBUG o.s.orm.jpa.JpaTransactionManager - Found thread-bound EntityManager [SessionImpl(1256230956<open>)] for JPA transaction
2026-03-16 16:58:37 [http-nio-8080-exec-4] DEBUG o.s.orm.jpa.JpaTransactionManager - Participating in existing transaction
2026-03-16 16:58:37 [http-nio-8080-exec-4] DEBUG org.hibernate.SQL - select p1_0.progrm_file_nm,p1_0.progrm_dc,p1_0.progrm_korean_nm,p1_0.progrm_stre_path,p1_0.url from nprogrmlist p1_0
2026-03-16 16:58:37 [http-nio-8080-exec-10] DEBUG o.s.orm.jpa.JpaTransactionManager - Exposing JPA transaction as JDBC [org.springframework.orm.jpa.vendor.HibernateJpaDialect$HibernateConnectionHandle@386a63fc]
2026-03-16 16:58:37 [http-nio-8080-exec-10] DEBUG o.s.orm.jpa.JpaTransactionManager - Found thread-bound EntityManager [SessionImpl(320077031<open>)] for JPA transaction
2026-03-16 16:58:37 [http-nio-8080-exec-10] DEBUG o.s.orm.jpa.JpaTransactionManager - Participating in existing transaction
2026-03-16 16:58:37 [http-nio-8080-exec-10] DEBUG org.hibernate.SQL - select u1_0.emplyr_id,u1_0.area_no,u1_0.brthdy,u1_0.chg_pwd_cnt,u1_0.frst_register_id,u1_0.frst_regist_pnttm,u1_0.detail_adres,u1_0.email_adres,u1_0.emplyr_sttus_code,u1_0.empl_no,u1_0.esntl_id,u1_0.fxnum,u1_0.group_id,u1_0.house_adres,u1_0.house_end_telno,u1_0.house_middle_telno,u1_0.ihidnum,u1_0.pstinst_code,u1_0.last_updusr_id,u1_0.last_updt_pnttm,u1_0.lock_at,u1_0.lock_cnt,u1_0.lock_last_pnttm,u1_0.mbtlnum,u1_0.ofcps_nm,u1_0.offm_telno,u1_0.orgnzt_id,u1_0.password,u1_0.password_cnsr,u1_0.password_hint,u1_0.chg_pwd_last_pnttm,u1_0.role,u1_0.sbscrb_de,u1_0.sexdstn_code,u1_0.crtfc_dn_value,u1_0.user_nm,u1_0.zip from nemplyrinfo u1_0 where u1_0.emplyr_id=?
2026-03-16 16:58:37 [http-nio-8080-exec-9] DEBUG o.s.orm.jpa.JpaTransactionManager - Found thread-bound EntityManager [SessionImpl(889288552<open>)] for JPA transaction
2026-03-16 16:58:37 [http-nio-8080-exec-9] DEBUG o.s.orm.jpa.JpaTransactionManager - Participating in existing transaction
2026-03-16 16:58:37 [http-nio-8080-exec-9] DEBUG org.hibernate.SQL - select ua1_0.scrty_dtrmn_trget_id,ua1_0.author_code,ua1_0.frst_register_id,ua1_0.frst_regist_pnttm,ua1_0.last_updusr_id,ua1_0.last_updt_pnttm,ua1_0.mber_ty_code from nemplyrscrtyestbs ua1_0 where ua1_0.scrty_dtrmn_trget_id=?
2026-03-16 16:58:37 [http-nio-8080-exec-1] DEBUG o.s.orm.jpa.JpaTransactionManager - Found thread-bound EntityManager [SessionImpl(109053167<open>)] for JPA transaction
2026-03-16 16:58:37 [http-nio-8080-exec-6] DEBUG o.s.orm.jpa.JpaTransactionManager - Found thread-bound EntityManager [SessionImpl(83425929<open>)] for JPA transaction
2026-03-16 16:58:37 [http-nio-8080-exec-7] DEBUG o.s.orm.jpa.JpaTransactionManager - Found thread-bound EntityManager [SessionImpl(1650113425<open>)] for JPA transaction
2026-03-16 16:58:37 [http-nio-8080-exec-1] DEBUG o.s.orm.jpa.JpaTransactionManager - Participating in existing transaction
2026-03-16 16:58:37 [http-nio-8080-exec-6] DEBUG o.s.orm.jpa.JpaTransactionManager - Participating in existing transaction
2026-03-16 16:58:37 [http-nio-8080-exec-7] DEBUG o.s.orm.jpa.JpaTransactionManager - Participating in existing transaction
2026-03-16 16:58:37 [http-nio-8080-exec-6] DEBUG org.hibernate.SQL - select ua1_0.scrty_dtrmn_trget_id,ua1_0.author_code,ua1_0.frst_register_id,ua1_0.frst_regist_pnttm,ua1_0.last_updusr_id,ua1_0.last_updt_pnttm,ua1_0.mber_ty_code from nemplyrscrtyestbs ua1_0 where ua1_0.scrty_dtrmn_trget_id=?
2026-03-16 16:58:37 [http-nio-8080-exec-1] DEBUG org.hibernate.SQL - select ua1_0.scrty_dtrmn_trget_id,ua1_0.author_code,ua1_0.frst_register_id,ua1_0.frst_regist_pnttm,ua1_0.last_updusr_id,ua1_0.last_updt_pnttm,ua1_0.mber_ty_code from nemplyrscrtyestbs ua1_0 where ua1_0.scrty_dtrmn_trget_id=?
2026-03-16 16:58:37 [http-nio-8080-exec-7] DEBUG org.hibernate.SQL - select ua1_0.scrty_dtrmn_trget_id,ua1_0.author_code,ua1_0.frst_register_id,ua1_0.frst_regist_pnttm,ua1_0.last_updusr_id,ua1_0.last_updt_pnttm,ua1_0.mber_ty_code from nemplyrscrtyestbs ua1_0 where ua1_0.scrty_dtrmn_trget_id=?
2026-03-16 16:58:37 [http-nio-8080-exec-4] DEBUG o.s.orm.jpa.JpaTransactionManager - Initiating transaction commit
2026-03-16 16:58:37 [http-nio-8080-exec-4] DEBUG o.s.orm.jpa.JpaTransactionManager - Committing JPA transaction on EntityManager [SessionImpl(1256230956<open>)]
2026-03-16 16:58:37 [http-nio-8080-exec-10] DEBUG o.s.orm.jpa.JpaTransactionManager - Found thread-bound EntityManager [SessionImpl(320077031<open>)] for JPA transaction
2026-03-16 16:58:37 [http-nio-8080-exec-10] DEBUG o.s.orm.jpa.JpaTransactionManager - Participating in existing transaction
2026-03-16 16:58:37 [http-nio-8080-exec-10] DEBUG org.hibernate.SQL - select ua1_0.scrty_dtrmn_trget_id,ua1_0.author_code,ua1_0.frst_register_id,ua1_0.frst_regist_pnttm,ua1_0.last_updusr_id,ua1_0.last_updt_pnttm,ua1_0.mber_ty_code from nemplyrscrtyestbs ua1_0 where ua1_0.scrty_dtrmn_trget_id=?
2026-03-16 16:58:37 [http-nio-8080-exec-9] DEBUG o.s.orm.jpa.JpaTransactionManager - Initiating transaction commit
2026-03-16 16:58:37 [http-nio-8080-exec-9] DEBUG o.s.orm.jpa.JpaTransactionManager - Committing JPA transaction on EntityManager [SessionImpl(889288552<open>)]
2026-03-16 16:58:37 [http-nio-8080-exec-1] DEBUG o.s.orm.jpa.JpaTransactionManager - Initiating transaction commit
2026-03-16 16:58:37 [http-nio-8080-exec-1] DEBUG o.s.orm.jpa.JpaTransactionManager - Committing JPA transaction on EntityManager [SessionImpl(109053167<open>)]
2026-03-16 16:58:37 [http-nio-8080-exec-7] DEBUG o.s.orm.jpa.JpaTransactionManager - Initiating transaction commit
2026-03-16 16:58:37 [http-nio-8080-exec-6] DEBUG o.s.orm.jpa.JpaTransactionManager - Initiating transaction commit
2026-03-16 16:58:37 [http-nio-8080-exec-7] DEBUG o.s.orm.jpa.JpaTransactionManager - Committing JPA transaction on EntityManager [SessionImpl(1650113425<open>)]
2026-03-16 16:58:37 [http-nio-8080-exec-6] DEBUG o.s.orm.jpa.JpaTransactionManager - Committing JPA transaction on EntityManager [SessionImpl(83425929<open>)]
2026-03-16 16:58:37 [http-nio-8080-exec-4] DEBUG o.s.orm.jpa.JpaTransactionManager - Closing JPA EntityManager [SessionImpl(1256230956<open>)] after transaction
2026-03-16 16:58:37 [http-nio-8080-exec-4] INFO  c.c.p.a.c.menu.MenuController - getLeftMenu returned 5 items
2026-03-16 16:58:37 [http-nio-8080-exec-4] DEBUG o.s.w.s.m.m.a.HttpEntityMethodProcessor - Using 'application/json', given [application/json, text/plain, */*] and supported [application/json, application/*+json, application/yaml]
2026-03-16 16:58:37 [http-nio-8080-exec-4] TRACE o.s.w.s.m.m.a.HttpEntityMethodProcessor - Writing [ApiResponse[success=true, status=200, code=COMMON_001, message=Success, data={list=[com.company.project.service.menu.dto.MenuDto@765cfa85, com.company.project.service.menu.dto.MenuDto@2a5fa96b, com.company.project.service.menu.dto.MenuDto@76f6b3b6, com.company.project.service.menu.dto.MenuDto@51a90903, com.company.project.service.menu.dto.MenuDto@40b05961]}, timestamp=2026-03-16T16:58:37.374707200]]
2026-03-16 16:58:37 [http-nio-8080-exec-4] INFO  c.c.p.a.i.OperationalAuditInterceptor - API Audit Log: URL=/api/v1/menu/left, User=webmaster, IP=127.0.0.1
2026-03-16 16:58:37 [http-nio-8080-exec-4] DEBUG o.s.web.servlet.DispatcherServlet - Completed 200 OK
2026-03-16 16:58:37 [http-nio-8080-exec-5] DEBUG c.c.p.s.jwt.JwtAuthenticationFilter - >>> [JwtFilter] Processing request: GET /api/v1/admin/system/statistics/bbs
2026-03-16 16:58:37 [http-nio-8080-exec-5] DEBUG c.c.p.s.jwt.JwtAuthenticationFilter - >>> [JwtFilter] Found token in header for path: /api/v1/admin/system/statistics/bbs
2026-03-16 16:58:37 [http-nio-8080-exec-5] DEBUG o.s.orm.jpa.JpaTransactionManager - Creating new transaction with name [com.company.project.security.iam.CustomUserDetailsService.loadUserByUsername]: PROPAGATION_REQUIRED,ISOLATION_DEFAULT,readOnly
2026-03-16 16:58:37 [http-nio-8080-exec-5] DEBUG o.s.orm.jpa.JpaTransactionManager - Opened new EntityManager [SessionImpl(1210992275<open>)] for JPA transaction
2026-03-16 16:58:37 [http-nio-8080-exec-10] DEBUG o.s.orm.jpa.JpaTransactionManager - Initiating transaction commit
2026-03-16 16:58:37 [http-nio-8080-exec-10] DEBUG o.s.orm.jpa.JpaTransactionManager - Committing JPA transaction on EntityManager [SessionImpl(320077031<open>)]
2026-03-16 16:58:37 [http-nio-8080-exec-9] DEBUG o.s.orm.jpa.JpaTransactionManager - Closing JPA EntityManager [SessionImpl(889288552<open>)] after transaction
2026-03-16 16:58:37 [http-nio-8080-exec-9] DEBUG c.c.p.s.jwt.JwtAuthenticationFilter - >>> [JwtFilter] Successfully authenticated user: USRCNFRM_99999999999, Authorities: [ROLE_ADMIN]
2026-03-16 16:58:37 [http-nio-8080-exec-1] DEBUG o.s.orm.jpa.JpaTransactionManager - Closing JPA EntityManager [SessionImpl(109053167<open>)] after transaction
2026-03-16 16:58:37 [http-nio-8080-exec-1] DEBUG c.c.p.s.jwt.JwtAuthenticationFilter - >>> [JwtFilter] Successfully authenticated user: USRCNFRM_99999999999, Authorities: [ROLE_ADMIN]
2026-03-16 16:58:37 [http-nio-8080-exec-9] DEBUG o.s.web.servlet.DispatcherServlet - GET "/api/v1/notifications/unread-count", parameters={}
2026-03-16 16:58:37 [http-nio-8080-exec-1] DEBUG o.s.web.servlet.DispatcherServlet - GET "/api/v1/popups/active", parameters={}
2026-03-16 16:58:37 [http-nio-8080-exec-9] TRACE o.s.w.s.m.m.a.RequestMappingHandlerMapping - Mapped to com.company.project.api.controller.notification.NotificationController#getUnreadCount(UserDetails)
2026-03-16 16:58:37 [http-nio-8080-exec-1] TRACE o.s.w.s.m.m.a.RequestMappingHandlerMapping - Mapped to com.company.project.api.controller.system.content.popup.PopupController#getActivePopups()
2026-03-16 16:58:37 [http-nio-8080-exec-9] DEBUG o.s.orm.jpa.JpaTransactionManager - Creating new transaction with name [com.company.project.service.notification.NotificationService.getUnreadCount]: PROPAGATION_REQUIRED,ISOLATION_DEFAULT,readOnly
2026-03-16 16:58:37 [http-nio-8080-exec-1] DEBUG o.s.orm.jpa.JpaTransactionManager - Creating new transaction with name [com.company.project.service.system.content.popup.PopupServiceImpl.getActivePopups]: PROPAGATION_REQUIRED,ISOLATION_DEFAULT,readOnly
2026-03-16 16:58:37 [http-nio-8080-exec-9] DEBUG o.s.orm.jpa.JpaTransactionManager - Opened new EntityManager [SessionImpl(1441783110<open>)] for JPA transaction
2026-03-16 16:58:37 [http-nio-8080-exec-9] DEBUG o.s.orm.jpa.JpaTransactionManager - Exposing JPA transaction as JDBC [org.springframework.orm.jpa.vendor.HibernateJpaDialect$HibernateConnectionHandle@694e3890]
2026-03-16 16:58:37 [http-nio-8080-exec-1] DEBUG o.s.orm.jpa.JpaTransactionManager - Opened new EntityManager [SessionImpl(524095582<open>)] for JPA transaction
2026-03-16 16:58:37 [http-nio-8080-exec-1] DEBUG o.s.orm.jpa.JpaTransactionManager - Exposing JPA transaction as JDBC [org.springframework.orm.jpa.vendor.HibernateJpaDialect$HibernateConnectionHandle@48b4d10c]
2026-03-16 16:58:37 [http-nio-8080-exec-1] DEBUG org.hibernate.SQL - select p1_0.popup_id,p1_0.frst_register_id,p1_0.frst_regist_pnttm,p1_0.file_url,p1_0.ntce_at,p1_0.stopvew_setup_at,p1_0.last_updusr_id,p1_0.last_updt_pnttm,p1_0.ntce_bgnde,p1_0.ntce_endde,p1_0.popup_vrticl_lc,p1_0.popup_vrticl_size,p1_0.popup_sj_nm,p1_0.popup_width_lc,p1_0.popup_width_size from npopupmanage p1_0 where p1_0.ntce_at='Y' and ? between p1_0.ntce_bgnde and p1_0.ntce_endde
2026-03-16 16:58:37 [http-nio-8080-exec-9] DEBUG org.hibernate.SQL - select count(n1_0.ntcn_no) from n_user_notification n1_0 where n1_0.receiver_id=? and n1_0.is_read=?
2026-03-16 16:58:37 [http-nio-8080-exec-6] DEBUG o.s.orm.jpa.JpaTransactionManager - Closing JPA EntityManager [SessionImpl(83425929<open>)] after transaction
2026-03-16 16:58:37 [http-nio-8080-exec-6] DEBUG c.c.p.s.jwt.JwtAuthenticationFilter - >>> [JwtFilter] Successfully authenticated user: USRCNFRM_99999999999, Authorities: [ROLE_ADMIN]
2026-03-16 16:58:37 [http-nio-8080-exec-6] DEBUG o.s.web.servlet.DispatcherServlet - GET "/api/v1/notifications", parameters={}
2026-03-16 16:58:37 [http-nio-8080-exec-6] TRACE o.s.w.s.m.m.a.RequestMappingHandlerMapping - Mapped to com.company.project.api.controller.notification.NotificationController#getMyNotifications(UserDetails)
2026-03-16 16:58:37 [http-nio-8080-exec-7] DEBUG o.s.orm.jpa.JpaTransactionManager - Closing JPA EntityManager [SessionImpl(1650113425<open>)] after transaction
2026-03-16 16:58:37 [http-nio-8080-exec-7] DEBUG c.c.p.s.jwt.JwtAuthenticationFilter - >>> [JwtFilter] Successfully authenticated user: USRCNFRM_99999999999, Authorities: [ROLE_ADMIN]
2026-03-16 16:58:37 [http-nio-8080-exec-6] DEBUG o.s.orm.jpa.JpaTransactionManager - Creating new transaction with name [com.company.project.service.notification.NotificationService.getActiveNotifications]: PROPAGATION_REQUIRED,ISOLATION_DEFAULT,readOnly
2026-03-16 16:58:37 [http-nio-8080-exec-6] DEBUG o.s.orm.jpa.JpaTransactionManager - Opened new EntityManager [SessionImpl(1739488689<open>)] for JPA transaction
2026-03-16 16:58:37 [http-nio-8080-exec-6] DEBUG o.s.orm.jpa.JpaTransactionManager - Exposing JPA transaction as JDBC [org.springframework.orm.jpa.vendor.HibernateJpaDialect$HibernateConnectionHandle@7528fbdb]
2026-03-16 16:58:37 [http-nio-8080-exec-7] DEBUG o.s.web.servlet.DispatcherServlet - GET "/api/v1/admin/system/banners/reflected", parameters={}
2026-03-16 16:58:37 [http-nio-8080-exec-6] DEBUG o.s.orm.jpa.JpaTransactionManager - Found thread-bound EntityManager [SessionImpl(1739488689<open>)] for JPA transaction
2026-03-16 16:58:37 [http-nio-8080-exec-6] DEBUG o.s.orm.jpa.JpaTransactionManager - Participating in existing transaction
2026-03-16 16:58:37 [http-nio-8080-exec-7] TRACE o.s.w.s.m.m.a.RequestMappingHandlerMapping - Mapped to com.company.project.api.controller.system.content.banner.BannerApiController#getReflectedBanners()
2026-03-16 16:58:37 [http-nio-8080-exec-7] DEBUG o.s.orm.jpa.JpaTransactionManager - Creating new transaction with name [com.company.project.service.system.content.banner.BannerService.getReflectedBanners]: PROPAGATION_REQUIRED,ISOLATION_DEFAULT,readOnly
2026-03-16 16:58:37 [http-nio-8080-exec-7] DEBUG o.s.orm.jpa.JpaTransactionManager - Opened new EntityManager [SessionImpl(270104875<open>)] for JPA transaction
2026-03-16 16:58:37 [http-nio-8080-exec-7] DEBUG o.s.orm.jpa.JpaTransactionManager - Exposing JPA transaction as JDBC [org.springframework.orm.jpa.vendor.HibernateJpaDialect$HibernateConnectionHandle@66a8e310]
2026-03-16 16:58:37 [http-nio-8080-exec-6] DEBUG org.hibernate.SQL - select n1_0.ntcn_no,n1_0.frst_register_id,n1_0.frst_regist_pnttm,n1_0.is_read,n1_0.last_updusr_id,n1_0.last_updt_pnttm,n1_0.link_url,n1_0.ntcn_cn,n1_0.ntcn_sj,n1_0.receiver_id from n_user_notification n1_0
2026-03-16 16:58:37 [http-nio-8080-exec-7] DEBUG org.hibernate.SQL - select b1_0.banner_id,b1_0.banner_dc,b1_0.banner_image,b1_0.banner_image_file,b1_0.banner_nm,b1_0.frst_register_id,b1_0.frst_regist_pnttm,b1_0.last_updusr_id,b1_0.last_updt_pnttm,b1_0.link_url,b1_0.reflct_at,b1_0.sort_ordr from nbanner b1_0 where b1_0.reflct_at=? order by b1_0.sort_ordr
2026-03-16 16:58:37 [http-nio-8080-exec-5] DEBUG o.s.orm.jpa.JpaTransactionManager - Exposing JPA transaction as JDBC [org.springframework.orm.jpa.vendor.HibernateJpaDialect$HibernateConnectionHandle@58c8144a]
2026-03-16 16:58:37 [http-nio-8080-exec-5] DEBUG o.s.orm.jpa.JpaTransactionManager - Found thread-bound EntityManager [SessionImpl(1210992275<open>)] for JPA transaction
2026-03-16 16:58:37 [http-nio-8080-exec-5] DEBUG o.s.orm.jpa.JpaTransactionManager - Participating in existing transaction
2026-03-16 16:58:37 [http-nio-8080-exec-5] DEBUG org.hibernate.SQL - select u1_0.emplyr_id,u1_0.area_no,u1_0.brthdy,u1_0.chg_pwd_cnt,u1_0.frst_register_id,u1_0.frst_regist_pnttm,u1_0.detail_adres,u1_0.email_adres,u1_0.emplyr_sttus_code,u1_0.empl_no,u1_0.esntl_id,u1_0.fxnum,u1_0.group_id,u1_0.house_adres,u1_0.house_end_telno,u1_0.house_middle_telno,u1_0.ihidnum,u1_0.pstinst_code,u1_0.last_updusr_id,u1_0.last_updt_pnttm,u1_0.lock_at,u1_0.lock_cnt,u1_0.lock_last_pnttm,u1_0.mbtlnum,u1_0.ofcps_nm,u1_0.offm_telno,u1_0.orgnzt_id,u1_0.password,u1_0.password_cnsr,u1_0.password_hint,u1_0.chg_pwd_last_pnttm,u1_0.role,u1_0.sbscrb_de,u1_0.sexdstn_code,u1_0.crtfc_dn_value,u1_0.user_nm,u1_0.zip from nemplyrinfo u1_0 where u1_0.emplyr_id=?
2026-03-16 16:58:37 [http-nio-8080-exec-10] DEBUG o.s.orm.jpa.JpaTransactionManager - Closing JPA EntityManager [SessionImpl(320077031<open>)] after transaction
2026-03-16 16:58:37 [http-nio-8080-exec-10] DEBUG c.c.p.s.jwt.JwtAuthenticationFilter - >>> [JwtFilter] Successfully authenticated user: USRCNFRM_99999999999, Authorities: [ROLE_ADMIN]
2026-03-16 16:58:37 [http-nio-8080-exec-10] DEBUG o.s.web.servlet.DispatcherServlet - GET "/api/v1/admin/system/statistics/connect?statsKind=SERVICE", parameters={masked}
2026-03-16 16:58:37 [http-nio-8080-exec-10] DEBUG o.s.w.s.h.SimpleUrlHandlerMapping - Mapped to ResourceHttpRequestHandler [classpath [META-INF/resources/], classpath [resources/], classpath [static/], classpath [public/], ServletContext [/]]
2026-03-16 16:58:37 [http-nio-8080-exec-10] DEBUG o.s.w.s.r.ResourceHttpRequestHandler - Resource not found
2026-03-16 16:58:37 [http-nio-8080-exec-10] DEBUG o.s.w.s.m.m.a.ExceptionHandlerExceptionResolver - Using @ExceptionHandler com.company.project.core.exception.GlobalExceptionHandler#handleException(Exception)
2026-03-16 16:58:37 [http-nio-8080-exec-10] ERROR c.c.p.c.e.GlobalExceptionHandler - >>> Internal Server Error: No static resource api/v1/admin/system/statistics/connect.
org.springframework.web.servlet.resource.NoResourceFoundException: No static resource api/v1/admin/system/statistics/connect.
	at org.springframework.web.servlet.resource.ResourceHttpRequestHandler.handleRequest(ResourceHttpRequestHandler.java:585)
	at org.springframework.web.servlet.mvc.HttpRequestHandlerAdapter.handle(HttpRequestHandlerAdapter.java:52)
	at org.springframework.web.servlet.DispatcherServlet.doDispatch(DispatcherServlet.java:1088)
	at org.springframework.web.servlet.DispatcherServlet.doService(DispatcherServlet.java:978)
	at org.springframework.web.servlet.FrameworkServlet.processRequest(FrameworkServlet.java:1014)
	at org.springframework.web.servlet.FrameworkServlet.doGet(FrameworkServlet.java:903)
	at jakarta.servlet.http.HttpServlet.service(HttpServlet.java:527)
	at org.springframework.web.servlet.FrameworkServlet.service(FrameworkServlet.java:885)
	at jakarta.servlet.http.HttpServlet.service(HttpServlet.java:614)
	at org.apache.catalina.core.ApplicationFilterChain.internalDoFilter(ApplicationFilterChain.java:195)
	at org.apache.catalina.core.ApplicationFilterChain.doFilter(ApplicationFilterChain.java:140)
	at org.apache.tomcat.websocket.server.WsFilter.doFilter(WsFilter.java:51)
	at org.apache.catalina.core.ApplicationFilterChain.internalDoFilter(ApplicationFilterChain.java:164)
	at org.apache.catalina.core.ApplicationFilterChain.doFilter(ApplicationFilterChain.java:140)
	at org.springframework.web.filter.CompositeFilter$VirtualFilterChain.doFilter(CompositeFilter.java:108)
	at org.springframework.security.web.FilterChainProxy.lambda$doFilterInternal$3(FilterChainProxy.java:231)
	at org.springframework.security.web.ObservationFilterChainDecorator$FilterObservation$SimpleFilterObservation.lambda$wrap$1(ObservationFilterChainDecorator.java:479)
	at org.springframework.security.web.ObservationFilterChainDecorator$AroundFilterObservation$SimpleAroundFilterObservation.lambda$wrap$1(ObservationFilterChainDecorator.java:340)
	at org.springframework.security.web.ObservationFilterChainDecorator.lambda$wrapSecured$0(ObservationFilterChainDecorator.java:82)
	at org.springframework.security.web.ObservationFilterChainDecorator$VirtualFilterChain.doFilter(ObservationFilterChainDecorator.java:128)
	at org.springframework.security.web.access.intercept.AuthorizationFilter.doFilter(AuthorizationFilter.java:101)
	at org.springframework.security.web.ObservationFilterChainDecorator$ObservationFilter.wrapFilter(ObservationFilterChainDecorator.java:240)
	at org.springframework.security.web.ObservationFilterChainDecorator$ObservationFilter.doFilter(ObservationFilterChainDecorator.java:227)
	at org.springframework.security.web.ObservationFilterChainDecorator$VirtualFilterChain.doFilter(ObservationFilterChainDecorator.java:137)
	at org.springframework.security.web.access.ExceptionTranslationFilter.doFilter(ExceptionTranslationFilter.java:126)
	at org.springframework.security.web.access.ExceptionTranslationFilter.doFilter(ExceptionTranslationFilter.java:120)
	at org.springframework.security.web.ObservationFilterChainDecorator$ObservationFilter.wrapFilter(ObservationFilterChainDecorator.java:240)
	at org.springframework.security.web.ObservationFilterChainDecorator$ObservationFilter.doFilter(ObservationFilterChainDecorator.java:227)
	at org.springframework.security.web.ObservationFilterChainDecorator$VirtualFilterChain.doFilter(ObservationFilterChainDecorator.java:137)
	at org.springframework.security.web.session.SessionManagementFilter.doFilter(SessionManagementFilter.java:131)
	at org.springframework.security.web.session.SessionManagementFilter.doFilter(SessionManagementFilter.java:85)
	at org.springframework.security.web.ObservationFilterChainDecorator$ObservationFilter.wrapFilter(ObservationFilterChainDecorator.java:240)
	at org.springframework.security.web.ObservationFilterChainDecorator$ObservationFilter.doFilter(ObservationFilterChainDecorator.java:227)
	at org.springframework.security.web.ObservationFilterChainDecorator$VirtualFilterChain.doFilter(ObservationFilterChainDecorator.java:137)
	at org.springframework.security.web.authentication.AnonymousAuthenticationFilter.doFilter(AnonymousAuthenticationFilter.java:100)
	at org.springframework.security.web.ObservationFilterChainDecorator$ObservationFilter.wrapFilter(ObservationFilterChainDecorator.java:240)
	at org.springframework.security.web.ObservationFilterChainDecorator$ObservationFilter.doFilter(ObservationFilterChainDecorator.java:227)
	at org.springframework.security.web.ObservationFilterChainDecorator$VirtualFilterChain.doFilter(ObservationFilterChainDecorator.java:137)
	at org.springframework.security.web.servletapi.SecurityContextHolderAwareRequestFilter.doFilter(SecurityContextHolderAwareRequestFilter.java:179)
	at org.springframework.security.web.ObservationFilterChainDecorator$ObservationFilter.wrapFilter(ObservationFilterChainDecorator.java:240)
	at org.springframework.security.web.ObservationFilterChainDecorator$ObservationFilter.doFilter(ObservationFilterChainDecorator.java:227)
	at org.springframework.security.web.ObservationFilterChainDecorator$VirtualFilterChain.doFilter(ObservationFilterChainDecorator.java:137)
	at org.springframework.security.web.savedrequest.RequestCacheAwareFilter.doFilter(RequestCacheAwareFilter.java:63)
	at org.springframework.security.web.ObservationFilterChainDecorator$ObservationFilter.wrapFilter(ObservationFilterChainDecorator.java:240)
	at org.springframework.security.web.ObservationFilterChainDecorator$ObservationFilter.doFilter(ObservationFilterChainDecorator.java:227)
	at org.springframework.security.web.ObservationFilterChainDecorator$VirtualFilterChain.doFilter(ObservationFilterChainDecorator.java:137)
	at com.company.project.security.jwt.JwtAuthenticationFilter.doFilterInternal(JwtAuthenticationFilter.java:52)
	at org.springframework.web.filter.OncePerRequestFilter.doFilter(OncePerRequestFilter.java:116)
	at org.springframework.security.web.ObservationFilterChainDecorator$ObservationFilter.wrapFilter(ObservationFilterChainDecorator.java:240)
	at org.springframework.security.web.ObservationFilterChainDecorator$ObservationFilter.doFilter(ObservationFilterChainDecorator.java:227)
	at org.springframework.security.web.ObservationFilterChainDecorator$VirtualFilterChain.doFilter(ObservationFilterChainDecorator.java:137)
	at org.springframework.security.web.authentication.logout.LogoutFilter.doFilter(LogoutFilter.java:107)
	at org.springframework.security.web.authentication.logout.LogoutFilter.doFilter(LogoutFilter.java:93)
	at org.springframework.security.web.ObservationFilterChainDecorator$ObservationFilter.wrapFilter(ObservationFilterChainDecorator.java:240)
	at org.springframework.security.web.ObservationFilterChainDecorator$ObservationFilter.doFilter(ObservationFilterChainDecorator.java:227)
	at org.springframework.security.web.ObservationFilterChainDecorator$VirtualFilterChain.doFilter(ObservationFilterChainDecorator.java:137)
	at org.springframework.web.filter.CorsFilter.doFilterInternal(CorsFilter.java:91)
	at org.springframework.web.filter.OncePerRequestFilter.doFilter(OncePerRequestFilter.java:116)
	at org.springframework.security.web.ObservationFilterChainDecorator$ObservationFilter.wrapFilter(ObservationFilterChainDecorator.java:240)
	at org.springframework.security.web.ObservationFilterChainDecorator$ObservationFilter.doFilter(ObservationFilterChainDecorator.java:227)
	at org.springframework.security.web.ObservationFilterChainDecorator$VirtualFilterChain.doFilter(ObservationFilterChainDecorator.java:137)
	at org.springframework.security.web.header.HeaderWriterFilter.doHeadersAfter(HeaderWriterFilter.java:90)
	at org.springframework.security.web.header.HeaderWriterFilter.doFilterInternal(HeaderWriterFilter.java:75)
	at org.springframework.web.filter.OncePerRequestFilter.doFilter(OncePerRequestFilter.java:116)
	at org.springframework.security.web.ObservationFilterChainDecorator$ObservationFilter.wrapFilter(ObservationFilterChainDecorator.java:240)
	at org.springframework.security.web.ObservationFilterChainDecorator$ObservationFilter.doFilter(ObservationFilterChainDecorator.java:227)
	at org.springframework.security.web.ObservationFilterChainDecorator$VirtualFilterChain.doFilter(ObservationFilterChainDecorator.java:137)
	at org.springframework.security.web.context.SecurityContextHolderFilter.doFilter(SecurityContextHolderFilter.java:82)
	at org.springframework.security.web.context.SecurityContextHolderFilter.doFilter(SecurityContextHolderFilter.java:69)
	at org.springframework.security.web.ObservationFilterChainDecorator$ObservationFilter.wrapFilter(ObservationFilterChainDecorator.java:240)
	at org.springframework.security.web.ObservationFilterChainDecorator$ObservationFilter.doFilter(ObservationFilterChainDecorator.java:227)
	at org.springframework.security.web.ObservationFilterChainDecorator$VirtualFilterChain.doFilter(ObservationFilterChainDecorator.java:137)
	at org.springframework.security.web.context.request.async.WebAsyncManagerIntegrationFilter.doFilterInternal(WebAsyncManagerIntegrationFilter.java:62)
	at org.springframework.web.filter.OncePerRequestFilter.doFilter(OncePerRequestFilter.java:116)
	at org.springframework.security.web.ObservationFilterChainDecorator$ObservationFilter.wrapFilter(ObservationFilterChainDecorator.java:240)
	at org.springframework.security.web.ObservationFilterChainDecorator$ObservationFilter.doFilter(ObservationFilterChainDecorator.java:227)
	at org.springframework.security.web.ObservationFilterChainDecorator$VirtualFilterChain.doFilter(ObservationFilterChainDecorator.java:137)
	at org.springframework.security.web.session.DisableEncodeUrlFilter.doFilterInternal(DisableEncodeUrlFilter.java:42)
	at org.springframework.web.filter.OncePerRequestFilter.doFilter(OncePerRequestFilter.java:116)
	at org.springframework.security.web.ObservationFilterChainDecorator$ObservationFilter.wrapFilter(ObservationFilterChainDecorator.java:240)
	at org.springframework.security.web.ObservationFilterChainDecorator$AroundFilterObservation$SimpleAroundFilterObservation.lambda$wrap$0(ObservationFilterChainDecorator.java:323)
	at org.springframework.security.web.ObservationFilterChainDecorator$ObservationFilter.doFilter(ObservationFilterChainDecorator.java:224)
	at org.springframework.security.web.ObservationFilterChainDecorator$VirtualFilterChain.doFilter(ObservationFilterChainDecorator.java:137)
	at org.springframework.security.web.FilterChainProxy.doFilterInternal(FilterChainProxy.java:233)
	at org.springframework.security.web.FilterChainProxy.doFilter(FilterChainProxy.java:191)
	at org.springframework.web.filter.CompositeFilter$VirtualFilterChain.doFilter(CompositeFilter.java:113)
	at org.springframework.web.servlet.handler.HandlerMappingIntrospector.lambda$createCacheFilter$3(HandlerMappingIntrospector.java:243)
	at org.springframework.web.filter.CompositeFilter$VirtualFilterChain.doFilter(CompositeFilter.java:113)
	at org.springframework.web.filter.CompositeFilter.doFilter(CompositeFilter.java:74)
	at org.springframework.security.config.annotation.web.configuration.WebMvcSecurityConfiguration$CompositeFilterChainProxy.doFilter(WebMvcSecurityConfiguration.java:238)
	at org.springframework.web.filter.DelegatingFilterProxy.invokeDelegate(DelegatingFilterProxy.java:362)
	at org.springframework.web.filter.DelegatingFilterProxy.doFilter(DelegatingFilterProxy.java:278)
	at org.apache.catalina.core.ApplicationFilterChain.internalDoFilter(ApplicationFilterChain.java:164)
	at org.apache.catalina.core.ApplicationFilterChain.doFilter(ApplicationFilterChain.java:140)
	at org.springframework.web.filter.RequestContextFilter.doFilterInternal(RequestContextFilter.java:100)
	at org.springframework.web.filter.OncePerRequestFilter.doFilter(OncePerRequestFilter.java:116)
	at org.apache.catalina.core.ApplicationFilterChain.internalDoFilter(ApplicationFilterChain.java:164)
	at org.apache.catalina.core.ApplicationFilterChain.doFilter(ApplicationFilterChain.java:140)
	at org.springframework.web.filter.FormContentFilter.doFilterInternal(FormContentFilter.java:93)
	at org.springframework.web.filter.OncePerRequestFilter.doFilter(OncePerRequestFilter.java:116)
	at org.apache.catalina.core.ApplicationFilterChain.internalDoFilter(ApplicationFilterChain.java:164)
	at org.apache.catalina.core.ApplicationFilterChain.doFilter(ApplicationFilterChain.java:140)
	at org.springframework.web.filter.ServerHttpObservationFilter.doFilterInternal(ServerHttpObservationFilter.java:114)
	at org.springframework.web.filter.OncePerRequestFilter.doFilter(OncePerRequestFilter.java:116)
	at org.apache.catalina.core.ApplicationFilterChain.internalDoFilter(ApplicationFilterChain.java:164)
	at org.apache.catalina.core.ApplicationFilterChain.doFilter(ApplicationFilterChain.java:140)
	at org.springframework.web.filter.CharacterEncodingFilter.doFilterInternal(CharacterEncodingFilter.java:201)
	at org.springframework.web.filter.OncePerRequestFilter.doFilter(OncePerRequestFilter.java:116)
	at org.apache.catalina.core.ApplicationFilterChain.internalDoFilter(ApplicationFilterChain.java:164)
	at org.apache.catalina.core.ApplicationFilterChain.doFilter(ApplicationFilterChain.java:140)
	at org.apache.catalina.core.StandardWrapperValve.invoke(StandardWrapperValve.java:167)
	at org.apache.catalina.core.StandardContextValve.invoke(StandardContextValve.java:90)
	at org.apache.catalina.authenticator.AuthenticatorBase.invoke(AuthenticatorBase.java:483)
	at org.apache.catalina.core.StandardHostValve.invoke(StandardHostValve.java:115)
	at org.apache.catalina.valves.ErrorReportValve.invoke(ErrorReportValve.java:93)
	at org.apache.catalina.core.StandardEngineValve.invoke(StandardEngineValve.java:74)
	at org.apache.catalina.connector.CoyoteAdapter.service(CoyoteAdapter.java:344)
	at org.apache.coyote.http11.Http11Processor.service(Http11Processor.java:397)
	at org.apache.coyote.AbstractProcessorLight.process(AbstractProcessorLight.java:63)
	at org.apache.coyote.AbstractProtocol$ConnectionHandler.process(AbstractProtocol.java:905)
	at org.apache.tomcat.util.net.NioEndpoint$SocketProcessor.doRun(NioEndpoint.java:1741)
	at org.apache.tomcat.util.net.SocketProcessorBase.run(SocketProcessorBase.java:52)
	at org.apache.tomcat.util.threads.ThreadPoolExecutor.runWorker(ThreadPoolExecutor.java:1190)
	at org.apache.tomcat.util.threads.ThreadPoolExecutor$Worker.run(ThreadPoolExecutor.java:659)
	at org.apache.tomcat.util.threads.TaskThread$WrappingRunnable.run(TaskThread.java:63)
	at java.base/java.lang.Thread.run(Thread.java:1583)
2026-03-16 16:58:37 [http-nio-8080-exec-10] DEBUG o.s.w.s.m.m.a.HttpEntityMethodProcessor - Using 'application/json', given [application/json, text/plain, */*] and supported [application/json, application/*+json, application/yaml]
2026-03-16 16:58:37 [http-nio-8080-exec-10] TRACE o.s.w.s.m.m.a.HttpEntityMethodProcessor - Writing [ApiResponse[success=false, status=500, code=C004, message=예기치 않은 서버 오류가 발생했습니다., data=null, timestamp=2026-03-16T16:58:37.623964200]]
2026-03-16 16:58:37 [http-nio-8080-exec-10] DEBUG o.s.w.s.m.m.a.ExceptionHandlerExceptionResolver - Resolved [org.springframework.web.servlet.resource.NoResourceFoundException: No static resource api/v1/admin/system/statistics/connect.]
2026-03-16 16:58:37 [http-nio-8080-exec-10] DEBUG o.s.web.servlet.DispatcherServlet - Completed 500 INTERNAL_SERVER_ERROR
2026-03-16 16:58:37 [http-nio-8080-exec-1] DEBUG o.s.orm.jpa.JpaTransactionManager - Initiating transaction commit
2026-03-16 16:58:37 [http-nio-8080-exec-9] DEBUG o.s.orm.jpa.JpaTransactionManager - Initiating transaction commit
2026-03-16 16:58:37 [http-nio-8080-exec-1] DEBUG o.s.orm.jpa.JpaTransactionManager - Committing JPA transaction on EntityManager [SessionImpl(524095582<open>)]
2026-03-16 16:58:37 [http-nio-8080-exec-9] DEBUG o.s.orm.jpa.JpaTransactionManager - Committing JPA transaction on EntityManager [SessionImpl(1441783110<open>)]
2026-03-16 16:58:37 [http-nio-8080-exec-8] DEBUG c.c.p.s.jwt.JwtAuthenticationFilter - >>> [JwtFilter] Processing request: GET /api/v1/menu/left
2026-03-16 16:58:37 [http-nio-8080-exec-8] DEBUG c.c.p.s.jwt.JwtAuthenticationFilter - >>> [JwtFilter] Found token in header for path: /api/v1/menu/left
2026-03-16 16:58:37 [http-nio-8080-exec-8] DEBUG o.s.orm.jpa.JpaTransactionManager - Creating new transaction with name [com.company.project.security.iam.CustomUserDetailsService.loadUserByUsername]: PROPAGATION_REQUIRED,ISOLATION_DEFAULT,readOnly
2026-03-16 16:58:37 [http-nio-8080-exec-8] DEBUG o.s.orm.jpa.JpaTransactionManager - Opened new EntityManager [SessionImpl(886277142<open>)] for JPA transaction
2026-03-16 16:58:37 [http-nio-8080-exec-7] DEBUG o.s.orm.jpa.JpaTransactionManager - Initiating transaction commit
2026-03-16 16:58:37 [http-nio-8080-exec-6] DEBUG o.s.orm.jpa.JpaTransactionManager - Initiating transaction commit
2026-03-16 16:58:37 [http-nio-8080-exec-7] DEBUG o.s.orm.jpa.JpaTransactionManager - Committing JPA transaction on EntityManager [SessionImpl(270104875<open>)]
2026-03-16 16:58:37 [http-nio-8080-exec-6] DEBUG o.s.orm.jpa.JpaTransactionManager - Committing JPA transaction on EntityManager [SessionImpl(1739488689<open>)]
2026-03-16 16:58:37 [http-nio-8080-exec-5] DEBUG o.s.orm.jpa.JpaTransactionManager - Found thread-bound EntityManager [SessionImpl(1210992275<open>)] for JPA transaction
2026-03-16 16:58:37 [http-nio-8080-exec-5] DEBUG o.s.orm.jpa.JpaTransactionManager - Participating in existing transaction
2026-03-16 16:58:37 [http-nio-8080-exec-5] DEBUG org.hibernate.SQL - select ua1_0.scrty_dtrmn_trget_id,ua1_0.author_code,ua1_0.frst_register_id,ua1_0.frst_regist_pnttm,ua1_0.last_updusr_id,ua1_0.last_updt_pnttm,ua1_0.mber_ty_code from nemplyrscrtyestbs ua1_0 where ua1_0.scrty_dtrmn_trget_id=?
2026-03-16 16:58:37 [http-nio-8080-exec-9] DEBUG o.s.orm.jpa.JpaTransactionManager - Closing JPA EntityManager [SessionImpl(1441783110<open>)] after transaction
2026-03-16 16:58:37 [http-nio-8080-exec-1] DEBUG o.s.orm.jpa.JpaTransactionManager - Closing JPA EntityManager [SessionImpl(524095582<open>)] after transaction
2026-03-16 16:58:37 [http-nio-8080-exec-9] DEBUG o.s.w.s.m.m.a.HttpEntityMethodProcessor - Using 'application/json', given [application/json, text/plain, */*] and supported [application/json, application/*+json, application/yaml]
2026-03-16 16:58:37 [http-nio-8080-exec-1] DEBUG o.s.w.s.m.m.a.HttpEntityMethodProcessor - Using 'application/json', given [application/json, text/plain, */*] and supported [application/json, application/*+json, application/yaml]
2026-03-16 16:58:37 [http-nio-8080-exec-9] TRACE o.s.w.s.m.m.a.HttpEntityMethodProcessor - Writing [ApiResponse[success=true, status=200, code=COMMON_001, message=Success, data=0, timestamp=2026-03-16T16:58:37.780913200]]
2026-03-16 16:58:37 [http-nio-8080-exec-1] TRACE o.s.w.s.m.m.a.HttpEntityMethodProcessor - Writing [ApiResponse[success=true, status=200, code=COMMON_001, message=Success, data=[], timestamp=2026-03-16T16:58:37.780913200]]
2026-03-16 16:58:37 [http-nio-8080-exec-9] INFO  c.c.p.a.i.OperationalAuditInterceptor - API Audit Log: URL=/api/v1/notifications/unread-count, User=webmaster, IP=127.0.0.1
2026-03-16 16:58:37 [http-nio-8080-exec-9] DEBUG o.s.web.servlet.DispatcherServlet - Completed 200 OK
2026-03-16 16:58:37 [http-nio-8080-exec-1] INFO  c.c.p.a.i.OperationalAuditInterceptor - API Audit Log: URL=/api/v1/popups/active, User=webmaster, IP=127.0.0.1
2026-03-16 16:58:37 [http-nio-8080-exec-1] DEBUG o.s.web.servlet.DispatcherServlet - Completed 200 OK
2026-03-16 16:58:37 [http-nio-8080-exec-8] DEBUG o.s.orm.jpa.JpaTransactionManager - Exposing JPA transaction as JDBC [org.springframework.orm.jpa.vendor.HibernateJpaDialect$HibernateConnectionHandle@73f41cc6]
2026-03-16 16:58:37 [http-nio-8080-exec-8] DEBUG o.s.orm.jpa.JpaTransactionManager - Found thread-bound EntityManager [SessionImpl(886277142<open>)] for JPA transaction
2026-03-16 16:58:37 [http-nio-8080-exec-8] DEBUG o.s.orm.jpa.JpaTransactionManager - Participating in existing transaction
2026-03-16 16:58:37 [http-nio-8080-exec-8] DEBUG org.hibernate.SQL - select u1_0.emplyr_id,u1_0.area_no,u1_0.brthdy,u1_0.chg_pwd_cnt,u1_0.frst_register_id,u1_0.frst_regist_pnttm,u1_0.detail_adres,u1_0.email_adres,u1_0.emplyr_sttus_code,u1_0.empl_no,u1_0.esntl_id,u1_0.fxnum,u1_0.group_id,u1_0.house_adres,u1_0.house_end_telno,u1_0.house_middle_telno,u1_0.ihidnum,u1_0.pstinst_code,u1_0.last_updusr_id,u1_0.last_updt_pnttm,u1_0.lock_at,u1_0.lock_cnt,u1_0.lock_last_pnttm,u1_0.mbtlnum,u1_0.ofcps_nm,u1_0.offm_telno,u1_0.orgnzt_id,u1_0.password,u1_0.password_cnsr,u1_0.password_hint,u1_0.chg_pwd_last_pnttm,u1_0.role,u1_0.sbscrb_de,u1_0.sexdstn_code,u1_0.crtfc_dn_value,u1_0.user_nm,u1_0.zip from nemplyrinfo u1_0 where u1_0.emplyr_id=?
2026-03-16 16:58:37 [http-nio-8080-exec-3] DEBUG c.c.p.s.jwt.JwtAuthenticationFilter - >>> [JwtFilter] Processing request: GET /api/v1/notifications/unread-count
2026-03-16 16:58:37 [http-nio-8080-exec-2] DEBUG c.c.p.s.jwt.JwtAuthenticationFilter - >>> [JwtFilter] Processing request: GET /api/v1/popups/active
2026-03-16 16:58:37 [http-nio-8080-exec-3] DEBUG c.c.p.s.jwt.JwtAuthenticationFilter - >>> [JwtFilter] Found token in header for path: /api/v1/notifications/unread-count
2026-03-16 16:58:37 [http-nio-8080-exec-2] DEBUG c.c.p.s.jwt.JwtAuthenticationFilter - >>> [JwtFilter] Found token in header for path: /api/v1/popups/active
2026-03-16 16:58:37 [http-nio-8080-exec-2] DEBUG o.s.orm.jpa.JpaTransactionManager - Creating new transaction with name [com.company.project.security.iam.CustomUserDetailsService.loadUserByUsername]: PROPAGATION_REQUIRED,ISOLATION_DEFAULT,readOnly
2026-03-16 16:58:37 [http-nio-8080-exec-3] DEBUG o.s.orm.jpa.JpaTransactionManager - Creating new transaction with name [com.company.project.security.iam.CustomUserDetailsService.loadUserByUsername]: PROPAGATION_REQUIRED,ISOLATION_DEFAULT,readOnly
2026-03-16 16:58:37 [http-nio-8080-exec-3] DEBUG o.s.orm.jpa.JpaTransactionManager - Opened new EntityManager [SessionImpl(207052502<open>)] for JPA transaction
2026-03-16 16:58:37 [http-nio-8080-exec-2] DEBUG o.s.orm.jpa.JpaTransactionManager - Opened new EntityManager [SessionImpl(1889522295<open>)] for JPA transaction
2026-03-16 16:58:37 [http-nio-8080-exec-7] DEBUG o.s.orm.jpa.JpaTransactionManager - Closing JPA EntityManager [SessionImpl(270104875<open>)] after transaction
2026-03-16 16:58:37 [http-nio-8080-exec-6] DEBUG o.s.orm.jpa.JpaTransactionManager - Closing JPA EntityManager [SessionImpl(1739488689<open>)] after transaction
2026-03-16 16:58:37 [http-nio-8080-exec-7] DEBUG o.s.w.s.m.m.a.HttpEntityMethodProcessor - Using 'application/json', given [application/json, text/plain, */*] and supported [application/json, application/*+json, application/yaml]
2026-03-16 16:58:37 [http-nio-8080-exec-6] DEBUG o.s.w.s.m.m.a.HttpEntityMethodProcessor - Using 'application/json', given [application/json, text/plain, */*] and supported [application/json, application/*+json, application/yaml]
2026-03-16 16:58:37 [http-nio-8080-exec-7] TRACE o.s.w.s.m.m.a.HttpEntityMethodProcessor - Writing [ApiResponse[success=true, status=200, code=COMMON_001, message=Success, data=[], timestamp=2026-03-16T16:58:37.802245100]]
2026-03-16 16:58:37 [http-nio-8080-exec-6] TRACE o.s.w.s.m.m.a.HttpEntityMethodProcessor - Writing [ApiResponse[success=true, status=200, code=COMMON_001, message=Success, data=[NotificationDto(ntfcNo=NT001, ntfcSj=테스트 알림입니다, ntfcCn=알림 내용입니다, ntfcDate=null, ntfcTime=2026-02-25T00:59:33.784070, bhNtfcIntrvl=null, uniqId=null, frstRegisterId=null, frstRegisterPnttm=2026-02-25T00:59:33.784070, lastUpdusrId=null, lastUpdusrPnttm=null)], timestamp=2026-03-16T16:58:37.802245100]]
2026-03-16 16:58:37 [http-nio-8080-exec-6] INFO  c.c.p.a.i.OperationalAuditInterceptor - API Audit Log: URL=/api/v1/notifications, User=webmaster, IP=127.0.0.1
2026-03-16 16:58:37 [http-nio-8080-exec-7] INFO  c.c.p.a.i.OperationalAuditInterceptor - API Audit Log: URL=/api/v1/admin/system/banners/reflected, User=webmaster, IP=127.0.0.1
2026-03-16 16:58:37 [http-nio-8080-exec-6] DEBUG o.s.web.servlet.DispatcherServlet - Completed 200 OK
2026-03-16 16:58:37 [http-nio-8080-exec-7] DEBUG o.s.web.servlet.DispatcherServlet - Completed 200 OK
2026-03-16 16:58:37 [http-nio-8080-exec-4] DEBUG c.c.p.s.jwt.JwtAuthenticationFilter - >>> [JwtFilter] Processing request: GET /api/v1/notifications
2026-03-16 16:58:37 [http-nio-8080-exec-4] DEBUG c.c.p.s.jwt.JwtAuthenticationFilter - >>> [JwtFilter] Found token in header for path: /api/v1/notifications
2026-03-16 16:58:37 [http-nio-8080-exec-4] DEBUG o.s.orm.jpa.JpaTransactionManager - Creating new transaction with name [com.company.project.security.iam.CustomUserDetailsService.loadUserByUsername]: PROPAGATION_REQUIRED,ISOLATION_DEFAULT,readOnly
2026-03-16 16:58:37 [http-nio-8080-exec-4] DEBUG o.s.orm.jpa.JpaTransactionManager - Opened new EntityManager [SessionImpl(401843437<open>)] for JPA transaction
2026-03-16 16:58:37 [http-nio-8080-exec-4] DEBUG o.s.orm.jpa.JpaTransactionManager - Exposing JPA transaction as JDBC [org.springframework.orm.jpa.vendor.HibernateJpaDialect$HibernateConnectionHandle@54dbdea6]
2026-03-16 16:58:37 [http-nio-8080-exec-4] DEBUG o.s.orm.jpa.JpaTransactionManager - Found thread-bound EntityManager [SessionImpl(401843437<open>)] for JPA transaction
2026-03-16 16:58:37 [http-nio-8080-exec-4] DEBUG o.s.orm.jpa.JpaTransactionManager - Participating in existing transaction
2026-03-16 16:58:37 [http-nio-8080-exec-4] DEBUG org.hibernate.SQL - select u1_0.emplyr_id,u1_0.area_no,u1_0.brthdy,u1_0.chg_pwd_cnt,u1_0.frst_register_id,u1_0.frst_regist_pnttm,u1_0.detail_adres,u1_0.email_adres,u1_0.emplyr_sttus_code,u1_0.empl_no,u1_0.esntl_id,u1_0.fxnum,u1_0.group_id,u1_0.house_adres,u1_0.house_end_telno,u1_0.house_middle_telno,u1_0.ihidnum,u1_0.pstinst_code,u1_0.last_updusr_id,u1_0.last_updt_pnttm,u1_0.lock_at,u1_0.lock_cnt,u1_0.lock_last_pnttm,u1_0.mbtlnum,u1_0.ofcps_nm,u1_0.offm_telno,u1_0.orgnzt_id,u1_0.password,u1_0.password_cnsr,u1_0.password_hint,u1_0.chg_pwd_last_pnttm,u1_0.role,u1_0.sbscrb_de,u1_0.sexdstn_code,u1_0.crtfc_dn_value,u1_0.user_nm,u1_0.zip from nemplyrinfo u1_0 where u1_0.emplyr_id=?
2026-03-16 16:58:37 [http-nio-8080-exec-10] DEBUG c.c.p.s.jwt.JwtAuthenticationFilter - >>> [JwtFilter] Processing request: GET /api/v1/admin/system/banners/reflected
2026-03-16 16:58:37 [http-nio-8080-exec-10] DEBUG c.c.p.s.jwt.JwtAuthenticationFilter - >>> [JwtFilter] Found token in header for path: /api/v1/admin/system/banners/reflected
2026-03-16 16:58:37 [http-nio-8080-exec-10] DEBUG o.s.orm.jpa.JpaTransactionManager - Creating new transaction with name [com.company.project.security.iam.CustomUserDetailsService.loadUserByUsername]: PROPAGATION_REQUIRED,ISOLATION_DEFAULT,readOnly
2026-03-16 16:58:37 [http-nio-8080-exec-10] DEBUG o.s.orm.jpa.JpaTransactionManager - Opened new EntityManager [SessionImpl(274200774<open>)] for JPA transaction
2026-03-16 16:58:37 [http-nio-8080-exec-10] DEBUG o.s.orm.jpa.JpaTransactionManager - Exposing JPA transaction as JDBC [org.springframework.orm.jpa.vendor.HibernateJpaDialect$HibernateConnectionHandle@4fc588ea]
2026-03-16 16:58:37 [http-nio-8080-exec-10] DEBUG o.s.orm.jpa.JpaTransactionManager - Found thread-bound EntityManager [SessionImpl(274200774<open>)] for JPA transaction
2026-03-16 16:58:37 [http-nio-8080-exec-10] DEBUG o.s.orm.jpa.JpaTransactionManager - Participating in existing transaction
2026-03-16 16:58:37 [http-nio-8080-exec-10] DEBUG org.hibernate.SQL - select u1_0.emplyr_id,u1_0.area_no,u1_0.brthdy,u1_0.chg_pwd_cnt,u1_0.frst_register_id,u1_0.frst_regist_pnttm,u1_0.detail_adres,u1_0.email_adres,u1_0.emplyr_sttus_code,u1_0.empl_no,u1_0.esntl_id,u1_0.fxnum,u1_0.group_id,u1_0.house_adres,u1_0.house_end_telno,u1_0.house_middle_telno,u1_0.ihidnum,u1_0.pstinst_code,u1_0.last_updusr_id,u1_0.last_updt_pnttm,u1_0.lock_at,u1_0.lock_cnt,u1_0.lock_last_pnttm,u1_0.mbtlnum,u1_0.ofcps_nm,u1_0.offm_telno,u1_0.orgnzt_id,u1_0.password,u1_0.password_cnsr,u1_0.password_hint,u1_0.chg_pwd_last_pnttm,u1_0.role,u1_0.sbscrb_de,u1_0.sexdstn_code,u1_0.crtfc_dn_value,u1_0.user_nm,u1_0.zip from nemplyrinfo u1_0 where u1_0.emplyr_id=?
2026-03-16 16:58:37 [http-nio-8080-exec-5] DEBUG o.s.orm.jpa.JpaTransactionManager - Initiating transaction commit
2026-03-16 16:58:37 [http-nio-8080-exec-5] DEBUG o.s.orm.jpa.JpaTransactionManager - Committing JPA transaction on EntityManager [SessionImpl(1210992275<open>)]
2026-03-16 16:58:37 [http-nio-8080-exec-8] DEBUG o.s.orm.jpa.JpaTransactionManager - Found thread-bound EntityManager [SessionImpl(886277142<open>)] for JPA transaction
2026-03-16 16:58:37 [http-nio-8080-exec-8] DEBUG o.s.orm.jpa.JpaTransactionManager - Participating in existing transaction
2026-03-16 16:58:37 [http-nio-8080-exec-8] DEBUG org.hibernate.SQL - select ua1_0.scrty_dtrmn_trget_id,ua1_0.author_code,ua1_0.frst_register_id,ua1_0.frst_regist_pnttm,ua1_0.last_updusr_id,ua1_0.last_updt_pnttm,ua1_0.mber_ty_code from nemplyrscrtyestbs ua1_0 where ua1_0.scrty_dtrmn_trget_id=?
2026-03-16 16:58:37 [http-nio-8080-exec-2] DEBUG o.s.orm.jpa.JpaTransactionManager - Exposing JPA transaction as JDBC [org.springframework.orm.jpa.vendor.HibernateJpaDialect$HibernateConnectionHandle@7ceeabde]
2026-03-16 16:58:37 [http-nio-8080-exec-2] DEBUG o.s.orm.jpa.JpaTransactionManager - Found thread-bound EntityManager [SessionImpl(1889522295<open>)] for JPA transaction
2026-03-16 16:58:37 [http-nio-8080-exec-2] DEBUG o.s.orm.jpa.JpaTransactionManager - Participating in existing transaction
2026-03-16 16:58:37 [http-nio-8080-exec-2] DEBUG org.hibernate.SQL - select u1_0.emplyr_id,u1_0.area_no,u1_0.brthdy,u1_0.chg_pwd_cnt,u1_0.frst_register_id,u1_0.frst_regist_pnttm,u1_0.detail_adres,u1_0.email_adres,u1_0.emplyr_sttus_code,u1_0.empl_no,u1_0.esntl_id,u1_0.fxnum,u1_0.group_id,u1_0.house_adres,u1_0.house_end_telno,u1_0.house_middle_telno,u1_0.ihidnum,u1_0.pstinst_code,u1_0.last_updusr_id,u1_0.last_updt_pnttm,u1_0.lock_at,u1_0.lock_cnt,u1_0.lock_last_pnttm,u1_0.mbtlnum,u1_0.ofcps_nm,u1_0.offm_telno,u1_0.orgnzt_id,u1_0.password,u1_0.password_cnsr,u1_0.password_hint,u1_0.chg_pwd_last_pnttm,u1_0.role,u1_0.sbscrb_de,u1_0.sexdstn_code,u1_0.crtfc_dn_value,u1_0.user_nm,u1_0.zip from nemplyrinfo u1_0 where u1_0.emplyr_id=?
2026-03-16 16:58:37 [http-nio-8080-exec-3] DEBUG o.s.orm.jpa.JpaTransactionManager - Exposing JPA transaction as JDBC [org.springframework.orm.jpa.vendor.HibernateJpaDialect$HibernateConnectionHandle@1e2f25a0]
2026-03-16 16:58:37 [http-nio-8080-exec-3] DEBUG o.s.orm.jpa.JpaTransactionManager - Found thread-bound EntityManager [SessionImpl(207052502<open>)] for JPA transaction
2026-03-16 16:58:37 [http-nio-8080-exec-3] DEBUG o.s.orm.jpa.JpaTransactionManager - Participating in existing transaction
2026-03-16 16:58:37 [http-nio-8080-exec-3] DEBUG org.hibernate.SQL - select u1_0.emplyr_id,u1_0.area_no,u1_0.brthdy,u1_0.chg_pwd_cnt,u1_0.frst_register_id,u1_0.frst_regist_pnttm,u1_0.detail_adres,u1_0.email_adres,u1_0.emplyr_sttus_code,u1_0.empl_no,u1_0.esntl_id,u1_0.fxnum,u1_0.group_id,u1_0.house_adres,u1_0.house_end_telno,u1_0.house_middle_telno,u1_0.ihidnum,u1_0.pstinst_code,u1_0.last_updusr_id,u1_0.last_updt_pnttm,u1_0.lock_at,u1_0.lock_cnt,u1_0.lock_last_pnttm,u1_0.mbtlnum,u1_0.ofcps_nm,u1_0.offm_telno,u1_0.orgnzt_id,u1_0.password,u1_0.password_cnsr,u1_0.password_hint,u1_0.chg_pwd_last_pnttm,u1_0.role,u1_0.sbscrb_de,u1_0.sexdstn_code,u1_0.crtfc_dn_value,u1_0.user_nm,u1_0.zip from nemplyrinfo u1_0 where u1_0.emplyr_id=?
2026-03-16 16:58:37 [http-nio-8080-exec-4] DEBUG o.s.orm.jpa.JpaTransactionManager - Found thread-bound EntityManager [SessionImpl(401843437<open>)] for JPA transaction
2026-03-16 16:58:37 [http-nio-8080-exec-4] DEBUG o.s.orm.jpa.JpaTransactionManager - Participating in existing transaction
2026-03-16 16:58:37 [http-nio-8080-exec-4] DEBUG org.hibernate.SQL - select ua1_0.scrty_dtrmn_trget_id,ua1_0.author_code,ua1_0.frst_register_id,ua1_0.frst_regist_pnttm,ua1_0.last_updusr_id,ua1_0.last_updt_pnttm,ua1_0.mber_ty_code from nemplyrscrtyestbs ua1_0 where ua1_0.scrty_dtrmn_trget_id=?
2026-03-16 16:58:37 [http-nio-8080-exec-10] DEBUG o.s.orm.jpa.JpaTransactionManager - Found thread-bound EntityManager [SessionImpl(274200774<open>)] for JPA transaction
2026-03-16 16:58:37 [http-nio-8080-exec-10] DEBUG o.s.orm.jpa.JpaTransactionManager - Participating in existing transaction
2026-03-16 16:58:37 [http-nio-8080-exec-10] DEBUG org.hibernate.SQL - select ua1_0.scrty_dtrmn_trget_id,ua1_0.author_code,ua1_0.frst_register_id,ua1_0.frst_regist_pnttm,ua1_0.last_updusr_id,ua1_0.last_updt_pnttm,ua1_0.mber_ty_code from nemplyrscrtyestbs ua1_0 where ua1_0.scrty_dtrmn_trget_id=?
2026-03-16 16:58:38 [http-nio-8080-exec-5] DEBUG o.s.orm.jpa.JpaTransactionManager - Closing JPA EntityManager [SessionImpl(1210992275<open>)] after transaction
2026-03-16 16:58:38 [http-nio-8080-exec-5] DEBUG c.c.p.s.jwt.JwtAuthenticationFilter - >>> [JwtFilter] Successfully authenticated user: USRCNFRM_99999999999, Authorities: [ROLE_ADMIN]
2026-03-16 16:58:38 [http-nio-8080-exec-5] DEBUG o.s.web.servlet.DispatcherServlet - GET "/api/v1/admin/system/statistics/bbs?statsKind=COM101", parameters={masked}
2026-03-16 16:58:38 [http-nio-8080-exec-5] DEBUG o.s.w.s.h.SimpleUrlHandlerMapping - Mapped to ResourceHttpRequestHandler [classpath [META-INF/resources/], classpath [resources/], classpath [static/], classpath [public/], ServletContext [/]]
2026-03-16 16:58:38 [http-nio-8080-exec-5] DEBUG o.s.w.s.r.ResourceHttpRequestHandler - Resource not found
2026-03-16 16:58:38 [http-nio-8080-exec-5] DEBUG o.s.w.s.m.m.a.ExceptionHandlerExceptionResolver - Using @ExceptionHandler com.company.project.core.exception.GlobalExceptionHandler#handleException(Exception)
2026-03-16 16:58:38 [http-nio-8080-exec-5] ERROR c.c.p.c.e.GlobalExceptionHandler - >>> Internal Server Error: No static resource api/v1/admin/system/statistics/bbs.
org.springframework.web.servlet.resource.NoResourceFoundException: No static resource api/v1/admin/system/statistics/bbs.
	at org.springframework.web.servlet.resource.ResourceHttpRequestHandler.handleRequest(ResourceHttpRequestHandler.java:585)
	at org.springframework.web.servlet.mvc.HttpRequestHandlerAdapter.handle(HttpRequestHandlerAdapter.java:52)
	at org.springframework.web.servlet.DispatcherServlet.doDispatch(DispatcherServlet.java:1088)
	at org.springframework.web.servlet.DispatcherServlet.doService(DispatcherServlet.java:978)
	at org.springframework.web.servlet.FrameworkServlet.processRequest(FrameworkServlet.java:1014)
	at org.springframework.web.servlet.FrameworkServlet.doGet(FrameworkServlet.java:903)
	at jakarta.servlet.http.HttpServlet.service(HttpServlet.java:527)
	at org.springframework.web.servlet.FrameworkServlet.service(FrameworkServlet.java:885)
	at jakarta.servlet.http.HttpServlet.service(HttpServlet.java:614)
	at org.apache.catalina.core.ApplicationFilterChain.internalDoFilter(ApplicationFilterChain.java:195)
	at org.apache.catalina.core.ApplicationFilterChain.doFilter(ApplicationFilterChain.java:140)
	at org.apache.tomcat.websocket.server.WsFilter.doFilter(WsFilter.java:51)
	at org.apache.catalina.core.ApplicationFilterChain.internalDoFilter(ApplicationFilterChain.java:164)
	at org.apache.catalina.core.ApplicationFilterChain.doFilter(ApplicationFilterChain.java:140)
	at org.springframework.web.filter.CompositeFilter$VirtualFilterChain.doFilter(CompositeFilter.java:108)
	at org.springframework.security.web.FilterChainProxy.lambda$doFilterInternal$3(FilterChainProxy.java:231)
	at org.springframework.security.web.ObservationFilterChainDecorator$FilterObservation$SimpleFilterObservation.lambda$wrap$1(ObservationFilterChainDecorator.java:479)
	at org.springframework.security.web.ObservationFilterChainDecorator$AroundFilterObservation$SimpleAroundFilterObservation.lambda$wrap$1(ObservationFilterChainDecorator.java:340)
	at org.springframework.security.web.ObservationFilterChainDecorator.lambda$wrapSecured$0(ObservationFilterChainDecorator.java:82)
	at org.springframework.security.web.ObservationFilterChainDecorator$VirtualFilterChain.doFilter(ObservationFilterChainDecorator.java:128)
	at org.springframework.security.web.access.intercept.AuthorizationFilter.doFilter(AuthorizationFilter.java:101)
	at org.springframework.security.web.ObservationFilterChainDecorator$ObservationFilter.wrapFilter(ObservationFilterChainDecorator.java:240)
	at org.springframework.security.web.ObservationFilterChainDecorator$ObservationFilter.doFilter(ObservationFilterChainDecorator.java:227)
	at org.springframework.security.web.ObservationFilterChainDecorator$VirtualFilterChain.doFilter(ObservationFilterChainDecorator.java:137)
	at org.springframework.security.web.access.ExceptionTranslationFilter.doFilter(ExceptionTranslationFilter.java:126)
	at org.springframework.security.web.access.ExceptionTranslationFilter.doFilter(ExceptionTranslationFilter.java:120)
	at org.springframework.security.web.ObservationFilterChainDecorator$ObservationFilter.wrapFilter(ObservationFilterChainDecorator.java:240)
	at org.springframework.security.web.ObservationFilterChainDecorator$ObservationFilter.doFilter(ObservationFilterChainDecorator.java:227)
	at org.springframework.security.web.ObservationFilterChainDecorator$VirtualFilterChain.doFilter(ObservationFilterChainDecorator.java:137)
	at org.springframework.security.web.session.SessionManagementFilter.doFilter(SessionManagementFilter.java:131)
	at org.springframework.security.web.session.SessionManagementFilter.doFilter(SessionManagementFilter.java:85)
	at org.springframework.security.web.ObservationFilterChainDecorator$ObservationFilter.wrapFilter(ObservationFilterChainDecorator.java:240)
	at org.springframework.security.web.ObservationFilterChainDecorator$ObservationFilter.doFilter(ObservationFilterChainDecorator.java:227)
	at org.springframework.security.web.ObservationFilterChainDecorator$VirtualFilterChain.doFilter(ObservationFilterChainDecorator.java:137)
	at org.springframework.security.web.authentication.AnonymousAuthenticationFilter.doFilter(AnonymousAuthenticationFilter.java:100)
	at org.springframework.security.web.ObservationFilterChainDecorator$ObservationFilter.wrapFilter(ObservationFilterChainDecorator.java:240)
	at org.springframework.security.web.ObservationFilterChainDecorator$ObservationFilter.doFilter(ObservationFilterChainDecorator.java:227)
	at org.springframework.security.web.ObservationFilterChainDecorator$VirtualFilterChain.doFilter(ObservationFilterChainDecorator.java:137)
	at org.springframework.security.web.servletapi.SecurityContextHolderAwareRequestFilter.doFilter(SecurityContextHolderAwareRequestFilter.java:179)
	at org.springframework.security.web.ObservationFilterChainDecorator$ObservationFilter.wrapFilter(ObservationFilterChainDecorator.java:240)
	at org.springframework.security.web.ObservationFilterChainDecorator$ObservationFilter.doFilter(ObservationFilterChainDecorator.java:227)
	at org.springframework.security.web.ObservationFilterChainDecorator$VirtualFilterChain.doFilter(ObservationFilterChainDecorator.java:137)
	at org.springframework.security.web.savedrequest.RequestCacheAwareFilter.doFilter(RequestCacheAwareFilter.java:63)
	at org.springframework.security.web.ObservationFilterChainDecorator$ObservationFilter.wrapFilter(ObservationFilterChainDecorator.java:240)
	at org.springframework.security.web.ObservationFilterChainDecorator$ObservationFilter.doFilter(ObservationFilterChainDecorator.java:227)
	at org.springframework.security.web.ObservationFilterChainDecorator$VirtualFilterChain.doFilter(ObservationFilterChainDecorator.java:137)
	at com.company.project.security.jwt.JwtAuthenticationFilter.doFilterInternal(JwtAuthenticationFilter.java:52)
	at org.springframework.web.filter.OncePerRequestFilter.doFilter(OncePerRequestFilter.java:116)
	at org.springframework.security.web.ObservationFilterChainDecorator$ObservationFilter.wrapFilter(ObservationFilterChainDecorator.java:240)
	at org.springframework.security.web.ObservationFilterChainDecorator$ObservationFilter.doFilter(ObservationFilterChainDecorator.java:227)
	at org.springframework.security.web.ObservationFilterChainDecorator$VirtualFilterChain.doFilter(ObservationFilterChainDecorator.java:137)
	at org.springframework.security.web.authentication.logout.LogoutFilter.doFilter(LogoutFilter.java:107)
	at org.springframework.security.web.authentication.logout.LogoutFilter.doFilter(LogoutFilter.java:93)
	at org.springframework.security.web.ObservationFilterChainDecorator$ObservationFilter.wrapFilter(ObservationFilterChainDecorator.java:240)
	at org.springframework.security.web.ObservationFilterChainDecorator$ObservationFilter.doFilter(ObservationFilterChainDecorator.java:227)
	at org.springframework.security.web.ObservationFilterChainDecorator$VirtualFilterChain.doFilter(ObservationFilterChainDecorator.java:137)
	at org.springframework.web.filter.CorsFilter.doFilterInternal(CorsFilter.java:91)
	at org.springframework.web.filter.OncePerRequestFilter.doFilter(OncePerRequestFilter.java:116)
	at org.springframework.security.web.ObservationFilterChainDecorator$ObservationFilter.wrapFilter(ObservationFilterChainDecorator.java:240)
	at org.springframework.security.web.ObservationFilterChainDecorator$ObservationFilter.doFilter(ObservationFilterChainDecorator.java:227)
	at org.springframework.security.web.ObservationFilterChainDecorator$VirtualFilterChain.doFilter(ObservationFilterChainDecorator.java:137)
	at org.springframework.security.web.header.HeaderWriterFilter.doHeadersAfter(HeaderWriterFilter.java:90)
	at org.springframework.security.web.header.HeaderWriterFilter.doFilterInternal(HeaderWriterFilter.java:75)
	at org.springframework.web.filter.OncePerRequestFilter.doFilter(OncePerRequestFilter.java:116)
	at org.springframework.security.web.ObservationFilterChainDecorator$ObservationFilter.wrapFilter(ObservationFilterChainDecorator.java:240)
	at org.springframework.security.web.ObservationFilterChainDecorator$ObservationFilter.doFilter(ObservationFilterChainDecorator.java:227)
	at org.springframework.security.web.ObservationFilterChainDecorator$VirtualFilterChain.doFilter(ObservationFilterChainDecorator.java:137)
	at org.springframework.security.web.context.SecurityContextHolderFilter.doFilter(SecurityContextHolderFilter.java:82)
	at org.springframework.security.web.context.SecurityContextHolderFilter.doFilter(SecurityContextHolderFilter.java:69)
	at org.springframework.security.web.ObservationFilterChainDecorator$ObservationFilter.wrapFilter(ObservationFilterChainDecorator.java:240)
	at org.springframework.security.web.ObservationFilterChainDecorator$ObservationFilter.doFilter(ObservationFilterChainDecorator.java:227)
	at org.springframework.security.web.ObservationFilterChainDecorator$VirtualFilterChain.doFilter(ObservationFilterChainDecorator.java:137)
	at org.springframework.security.web.context.request.async.WebAsyncManagerIntegrationFilter.doFilterInternal(WebAsyncManagerIntegrationFilter.java:62)
	at org.springframework.web.filter.OncePerRequestFilter.doFilter(OncePerRequestFilter.java:116)
	at org.springframework.security.web.ObservationFilterChainDecorator$ObservationFilter.wrapFilter(ObservationFilterChainDecorator.java:240)
	at org.springframework.security.web.ObservationFilterChainDecorator$ObservationFilter.doFilter(ObservationFilterChainDecorator.java:227)
	at org.springframework.security.web.ObservationFilterChainDecorator$VirtualFilterChain.doFilter(ObservationFilterChainDecorator.java:137)
	at org.springframework.security.web.session.DisableEncodeUrlFilter.doFilterInternal(DisableEncodeUrlFilter.java:42)
	at org.springframework.web.filter.OncePerRequestFilter.doFilter(OncePerRequestFilter.java:116)
	at org.springframework.security.web.ObservationFilterChainDecorator$ObservationFilter.wrapFilter(ObservationFilterChainDecorator.java:240)
	at org.springframework.security.web.ObservationFilterChainDecorator$AroundFilterObservation$SimpleAroundFilterObservation.lambda$wrap$0(ObservationFilterChainDecorator.java:323)
	at org.springframework.security.web.ObservationFilterChainDecorator$ObservationFilter.doFilter(ObservationFilterChainDecorator.java:224)
	at org.springframework.security.web.ObservationFilterChainDecorator$VirtualFilterChain.doFilter(ObservationFilterChainDecorator.java:137)
	at org.springframework.security.web.FilterChainProxy.doFilterInternal(FilterChainProxy.java:233)
	at org.springframework.security.web.FilterChainProxy.doFilter(FilterChainProxy.java:191)
	at org.springframework.web.filter.CompositeFilter$VirtualFilterChain.doFilter(CompositeFilter.java:113)
	at org.springframework.web.servlet.handler.HandlerMappingIntrospector.lambda$createCacheFilter$3(HandlerMappingIntrospector.java:243)
	at org.springframework.web.filter.CompositeFilter$VirtualFilterChain.doFilter(CompositeFilter.java:113)
	at org.springframework.web.filter.CompositeFilter.doFilter(CompositeFilter.java:74)
	at org.springframework.security.config.annotation.web.configuration.WebMvcSecurityConfiguration$CompositeFilterChainProxy.doFilter(WebMvcSecurityConfiguration.java:238)
	at org.springframework.web.filter.DelegatingFilterProxy.invokeDelegate(DelegatingFilterProxy.java:362)
	at org.springframework.web.filter.DelegatingFilterProxy.doFilter(DelegatingFilterProxy.java:278)
	at org.apache.catalina.core.ApplicationFilterChain.internalDoFilter(ApplicationFilterChain.java:164)
	at org.apache.catalina.core.ApplicationFilterChain.doFilter(ApplicationFilterChain.java:140)
	at org.springframework.web.filter.RequestContextFilter.doFilterInternal(RequestContextFilter.java:100)
	at org.springframework.web.filter.OncePerRequestFilter.doFilter(OncePerRequestFilter.java:116)
	at org.apache.catalina.core.ApplicationFilterChain.internalDoFilter(ApplicationFilterChain.java:164)
	at org.apache.catalina.core.ApplicationFilterChain.doFilter(ApplicationFilterChain.java:140)
	at org.springframework.web.filter.FormContentFilter.doFilterInternal(FormContentFilter.java:93)
	at org.springframework.web.filter.OncePerRequestFilter.doFilter(OncePerRequestFilter.java:116)
	at org.apache.catalina.core.ApplicationFilterChain.internalDoFilter(ApplicationFilterChain.java:164)
	at org.apache.catalina.core.ApplicationFilterChain.doFilter(ApplicationFilterChain.java:140)
	at org.springframework.web.filter.ServerHttpObservationFilter.doFilterInternal(ServerHttpObservationFilter.java:114)
	at org.springframework.web.filter.OncePerRequestFilter.doFilter(OncePerRequestFilter.java:116)
	at org.apache.catalina.core.ApplicationFilterChain.internalDoFilter(ApplicationFilterChain.java:164)
	at org.apache.catalina.core.ApplicationFilterChain.doFilter(ApplicationFilterChain.java:140)
	at org.springframework.web.filter.CharacterEncodingFilter.doFilterInternal(CharacterEncodingFilter.java:201)
	at org.springframework.web.filter.OncePerRequestFilter.doFilter(OncePerRequestFilter.java:116)
	at org.apache.catalina.core.ApplicationFilterChain.internalDoFilter(ApplicationFilterChain.java:164)
	at org.apache.catalina.core.ApplicationFilterChain.doFilter(ApplicationFilterChain.java:140)
	at org.apache.catalina.core.StandardWrapperValve.invoke(StandardWrapperValve.java:167)
	at org.apache.catalina.core.StandardContextValve.invoke(StandardContextValve.java:90)
	at org.apache.catalina.authenticator.AuthenticatorBase.invoke(AuthenticatorBase.java:483)
	at org.apache.catalina.core.StandardHostValve.invoke(StandardHostValve.java:115)
	at org.apache.catalina.valves.ErrorReportValve.invoke(ErrorReportValve.java:93)
	at org.apache.catalina.core.StandardEngineValve.invoke(StandardEngineValve.java:74)
	at org.apache.catalina.connector.CoyoteAdapter.service(CoyoteAdapter.java:344)
	at org.apache.coyote.http11.Http11Processor.service(Http11Processor.java:397)
	at org.apache.coyote.AbstractProcessorLight.process(AbstractProcessorLight.java:63)
	at org.apache.coyote.AbstractProtocol$ConnectionHandler.process(AbstractProtocol.java:905)
	at org.apache.tomcat.util.net.NioEndpoint$SocketProcessor.doRun(NioEndpoint.java:1741)
	at org.apache.tomcat.util.net.SocketProcessorBase.run(SocketProcessorBase.java:52)
	at org.apache.tomcat.util.threads.ThreadPoolExecutor.runWorker(ThreadPoolExecutor.java:1190)
	at org.apache.tomcat.util.threads.ThreadPoolExecutor$Worker.run(ThreadPoolExecutor.java:659)
	at org.apache.tomcat.util.threads.TaskThread$WrappingRunnable.run(TaskThread.java:63)
	at java.base/java.lang.Thread.run(Thread.java:1583)
2026-03-16 16:58:38 [http-nio-8080-exec-5] DEBUG o.s.w.s.m.m.a.HttpEntityMethodProcessor - Using 'application/json', given [application/json, text/plain, */*] and supported [application/json, application/*+json, application/yaml]
2026-03-16 16:58:38 [http-nio-8080-exec-5] TRACE o.s.w.s.m.m.a.HttpEntityMethodProcessor - Writing [ApiResponse[success=false, status=500, code=C004, message=예기치 않은 서버 오류가 발생했습니다., data=null, timestamp=2026-03-16T16:58:38.022535]]
2026-03-16 16:58:38 [http-nio-8080-exec-5] DEBUG o.s.w.s.m.m.a.ExceptionHandlerExceptionResolver - Resolved [org.springframework.web.servlet.resource.NoResourceFoundException: No static resource api/v1/admin/system/statistics/bbs.]
2026-03-16 16:58:38 [http-nio-8080-exec-5] DEBUG o.s.web.servlet.DispatcherServlet - Completed 500 INTERNAL_SERVER_ERROR
2026-03-16 16:58:38 [http-nio-8080-exec-2] DEBUG o.s.orm.jpa.JpaTransactionManager - Found thread-bound EntityManager [SessionImpl(1889522295<open>)] for JPA transaction
2026-03-16 16:58:38 [http-nio-8080-exec-2] DEBUG o.s.orm.jpa.JpaTransactionManager - Participating in existing transaction
2026-03-16 16:58:38 [http-nio-8080-exec-2] DEBUG org.hibernate.SQL - select ua1_0.scrty_dtrmn_trget_id,ua1_0.author_code,ua1_0.frst_register_id,ua1_0.frst_regist_pnttm,ua1_0.last_updusr_id,ua1_0.last_updt_pnttm,ua1_0.mber_ty_code from nemplyrscrtyestbs ua1_0 where ua1_0.scrty_dtrmn_trget_id=?
2026-03-16 16:58:38 [http-nio-8080-exec-8] DEBUG o.s.orm.jpa.JpaTransactionManager - Initiating transaction commit
2026-03-16 16:58:38 [http-nio-8080-exec-8] DEBUG o.s.orm.jpa.JpaTransactionManager - Committing JPA transaction on EntityManager [SessionImpl(886277142<open>)]
2026-03-16 16:58:38 [http-nio-8080-exec-3] DEBUG o.s.orm.jpa.JpaTransactionManager - Found thread-bound EntityManager [SessionImpl(207052502<open>)] for JPA transaction
2026-03-16 16:58:38 [http-nio-8080-exec-3] DEBUG o.s.orm.jpa.JpaTransactionManager - Participating in existing transaction
2026-03-16 16:58:38 [http-nio-8080-exec-3] DEBUG org.hibernate.SQL - select ua1_0.scrty_dtrmn_trget_id,ua1_0.author_code,ua1_0.frst_register_id,ua1_0.frst_regist_pnttm,ua1_0.last_updusr_id,ua1_0.last_updt_pnttm,ua1_0.mber_ty_code from nemplyrscrtyestbs ua1_0 where ua1_0.scrty_dtrmn_trget_id=?
2026-03-16 16:58:38 [http-nio-8080-exec-4] DEBUG o.s.orm.jpa.JpaTransactionManager - Initiating transaction commit
2026-03-16 16:58:38 [http-nio-8080-exec-4] DEBUG o.s.orm.jpa.JpaTransactionManager - Committing JPA transaction on EntityManager [SessionImpl(401843437<open>)]
2026-03-16 16:58:38 [http-nio-8080-exec-10] DEBUG o.s.orm.jpa.JpaTransactionManager - Initiating transaction commit
2026-03-16 16:58:38 [http-nio-8080-exec-10] DEBUG o.s.orm.jpa.JpaTransactionManager - Committing JPA transaction on EntityManager [SessionImpl(274200774<open>)]
2026-03-16 16:58:38 [http-nio-8080-exec-8] DEBUG o.s.orm.jpa.JpaTransactionManager - Closing JPA EntityManager [SessionImpl(886277142<open>)] after transaction
2026-03-16 16:58:38 [http-nio-8080-exec-2] DEBUG o.s.orm.jpa.JpaTransactionManager - Initiating transaction commit
2026-03-16 16:58:38 [http-nio-8080-exec-2] DEBUG o.s.orm.jpa.JpaTransactionManager - Committing JPA transaction on EntityManager [SessionImpl(1889522295<open>)]
2026-03-16 16:58:38 [http-nio-8080-exec-8] DEBUG c.c.p.s.jwt.JwtAuthenticationFilter - >>> [JwtFilter] Successfully authenticated user: USRCNFRM_99999999999, Authorities: [ROLE_ADMIN]
2026-03-16 16:58:38 [http-nio-8080-exec-8] DEBUG o.s.web.servlet.DispatcherServlet - GET "/api/v1/menu/left?menuNo=20", parameters={masked}
2026-03-16 16:58:38 [http-nio-8080-exec-8] TRACE o.s.w.s.m.m.a.RequestMappingHandlerMapping - Mapped to com.company.project.api.controller.menu.MenuController#getLeftMenu(Long)
2026-03-16 16:58:38 [http-nio-8080-exec-8] INFO  c.c.p.a.c.menu.MenuController - getLeftMenu called with menuNo=20
2026-03-16 16:58:38 [http-nio-8080-exec-8] DEBUG o.s.orm.jpa.JpaTransactionManager - Creating new transaction with name [com.company.project.service.menu.MenuService.getSubMenus]: PROPAGATION_REQUIRED,ISOLATION_DEFAULT,readOnly
2026-03-16 16:58:38 [http-nio-8080-exec-8] DEBUG o.s.orm.jpa.JpaTransactionManager - Opened new EntityManager [SessionImpl(713888401<open>)] for JPA transaction
2026-03-16 16:58:38 [http-nio-8080-exec-8] DEBUG o.s.orm.jpa.JpaTransactionManager - Exposing JPA transaction as JDBC [org.springframework.orm.jpa.vendor.HibernateJpaDialect$HibernateConnectionHandle@577dc20d]
2026-03-16 16:58:38 [http-nio-8080-exec-8] DEBUG org.hibernate.SQL - select m1_0.menu_no,m1_0.menu_dc,m1_0.menu_nm,m1_0.menu_ordr,m1_0.modern_route,m1_0.progrm_file_nm,m1_0.relate_image_nm,m1_0.relate_image_path,m1_0.route_updated_at,m1_0.upper_menu_no from nmenuinfo m1_0 order by m1_0.upper_menu_no,m1_0.menu_ordr
2026-03-16 16:58:38 [http-nio-8080-exec-3] DEBUG o.s.orm.jpa.JpaTransactionManager - Initiating transaction commit
2026-03-16 16:58:38 [http-nio-8080-exec-3] DEBUG o.s.orm.jpa.JpaTransactionManager - Committing JPA transaction on EntityManager [SessionImpl(207052502<open>)]
2026-03-16 16:58:38 [http-nio-8080-exec-4] DEBUG o.s.orm.jpa.JpaTransactionManager - Closing JPA EntityManager [SessionImpl(401843437<open>)] after transaction
2026-03-16 16:58:38 [http-nio-8080-exec-4] DEBUG c.c.p.s.jwt.JwtAuthenticationFilter - >>> [JwtFilter] Successfully authenticated user: USRCNFRM_99999999999, Authorities: [ROLE_ADMIN]
2026-03-16 16:58:38 [http-nio-8080-exec-4] DEBUG o.s.web.servlet.DispatcherServlet - GET "/api/v1/notifications", parameters={}
2026-03-16 16:58:38 [http-nio-8080-exec-4] TRACE o.s.w.s.m.m.a.RequestMappingHandlerMapping - Mapped to com.company.project.api.controller.notification.NotificationController#getMyNotifications(UserDetails)
2026-03-16 16:58:38 [http-nio-8080-exec-4] DEBUG o.s.orm.jpa.JpaTransactionManager - Creating new transaction with name [com.company.project.service.notification.NotificationService.getActiveNotifications]: PROPAGATION_REQUIRED,ISOLATION_DEFAULT,readOnly
2026-03-16 16:58:38 [http-nio-8080-exec-4] DEBUG o.s.orm.jpa.JpaTransactionManager - Opened new EntityManager [SessionImpl(568099618<open>)] for JPA transaction
2026-03-16 16:58:38 [http-nio-8080-exec-4] DEBUG o.s.orm.jpa.JpaTransactionManager - Exposing JPA transaction as JDBC [org.springframework.orm.jpa.vendor.HibernateJpaDialect$HibernateConnectionHandle@28411506]
2026-03-16 16:58:38 [http-nio-8080-exec-4] DEBUG o.s.orm.jpa.JpaTransactionManager - Found thread-bound EntityManager [SessionImpl(568099618<open>)] for JPA transaction
2026-03-16 16:58:38 [http-nio-8080-exec-4] DEBUG o.s.orm.jpa.JpaTransactionManager - Participating in existing transaction
2026-03-16 16:58:38 [http-nio-8080-exec-4] DEBUG org.hibernate.SQL - select n1_0.ntcn_no,n1_0.frst_register_id,n1_0.frst_regist_pnttm,n1_0.is_read,n1_0.last_updusr_id,n1_0.last_updt_pnttm,n1_0.link_url,n1_0.ntcn_cn,n1_0.ntcn_sj,n1_0.receiver_id from n_user_notification n1_0
2026-03-16 16:58:38 [http-nio-8080-exec-10] DEBUG o.s.orm.jpa.JpaTransactionManager - Closing JPA EntityManager [SessionImpl(274200774<open>)] after transaction
2026-03-16 16:58:38 [http-nio-8080-exec-10] DEBUG c.c.p.s.jwt.JwtAuthenticationFilter - >>> [JwtFilter] Successfully authenticated user: USRCNFRM_99999999999, Authorities: [ROLE_ADMIN]
2026-03-16 16:58:38 [http-nio-8080-exec-10] DEBUG o.s.web.servlet.DispatcherServlet - GET "/api/v1/admin/system/banners/reflected", parameters={}
2026-03-16 16:58:38 [http-nio-8080-exec-10] TRACE o.s.w.s.m.m.a.RequestMappingHandlerMapping - Mapped to com.company.project.api.controller.system.content.banner.BannerApiController#getReflectedBanners()
2026-03-16 16:58:38 [http-nio-8080-exec-10] DEBUG o.s.orm.jpa.JpaTransactionManager - Creating new transaction with name [com.company.project.service.system.content.banner.BannerService.getReflectedBanners]: PROPAGATION_REQUIRED,ISOLATION_DEFAULT,readOnly
2026-03-16 16:58:38 [http-nio-8080-exec-10] DEBUG o.s.orm.jpa.JpaTransactionManager - Opened new EntityManager [SessionImpl(417861089<open>)] for JPA transaction
2026-03-16 16:58:38 [http-nio-8080-exec-10] DEBUG o.s.orm.jpa.JpaTransactionManager - Exposing JPA transaction as JDBC [org.springframework.orm.jpa.vendor.HibernateJpaDialect$HibernateConnectionHandle@214f4b90]
2026-03-16 16:58:38 [http-nio-8080-exec-10] DEBUG org.hibernate.SQL - select b1_0.banner_id,b1_0.banner_dc,b1_0.banner_image,b1_0.banner_image_file,b1_0.banner_nm,b1_0.frst_register_id,b1_0.frst_regist_pnttm,b1_0.last_updusr_id,b1_0.last_updt_pnttm,b1_0.link_url,b1_0.reflct_at,b1_0.sort_ordr from nbanner b1_0 where b1_0.reflct_at=? order by b1_0.sort_ordr
2026-03-16 16:58:38 [http-nio-8080-exec-2] DEBUG o.s.orm.jpa.JpaTransactionManager - Closing JPA EntityManager [SessionImpl(1889522295<open>)] after transaction
2026-03-16 16:58:38 [http-nio-8080-exec-2] DEBUG c.c.p.s.jwt.JwtAuthenticationFilter - >>> [JwtFilter] Successfully authenticated user: USRCNFRM_99999999999, Authorities: [ROLE_ADMIN]
2026-03-16 16:58:38 [http-nio-8080-exec-2] DEBUG o.s.web.servlet.DispatcherServlet - GET "/api/v1/popups/active", parameters={}
2026-03-16 16:58:38 [http-nio-8080-exec-2] TRACE o.s.w.s.m.m.a.RequestMappingHandlerMapping - Mapped to com.company.project.api.controller.system.content.popup.PopupController#getActivePopups()
2026-03-16 16:58:38 [http-nio-8080-exec-2] DEBUG o.s.orm.jpa.JpaTransactionManager - Creating new transaction with name [com.company.project.service.system.content.popup.PopupServiceImpl.getActivePopups]: PROPAGATION_REQUIRED,ISOLATION_DEFAULT,readOnly
2026-03-16 16:58:38 [http-nio-8080-exec-2] DEBUG o.s.orm.jpa.JpaTransactionManager - Opened new EntityManager [SessionImpl(61684787<open>)] for JPA transaction
2026-03-16 16:58:38 [http-nio-8080-exec-2] DEBUG o.s.orm.jpa.JpaTransactionManager - Exposing JPA transaction as JDBC [org.springframework.orm.jpa.vendor.HibernateJpaDialect$HibernateConnectionHandle@5eab3f15]
2026-03-16 16:58:38 [http-nio-8080-exec-2] DEBUG org.hibernate.SQL - select p1_0.popup_id,p1_0.frst_register_id,p1_0.frst_regist_pnttm,p1_0.file_url,p1_0.ntce_at,p1_0.stopvew_setup_at,p1_0.last_updusr_id,p1_0.last_updt_pnttm,p1_0.ntce_bgnde,p1_0.ntce_endde,p1_0.popup_vrticl_lc,p1_0.popup_vrticl_size,p1_0.popup_sj_nm,p1_0.popup_width_lc,p1_0.popup_width_size from npopupmanage p1_0 where p1_0.ntce_at='Y' and ? between p1_0.ntce_bgnde and p1_0.ntce_endde
2026-03-16 16:58:38 [http-nio-8080-exec-3] DEBUG o.s.orm.jpa.JpaTransactionManager - Closing JPA EntityManager [SessionImpl(207052502<open>)] after transaction
2026-03-16 16:58:38 [http-nio-8080-exec-3] DEBUG c.c.p.s.jwt.JwtAuthenticationFilter - >>> [JwtFilter] Successfully authenticated user: USRCNFRM_99999999999, Authorities: [ROLE_ADMIN]
2026-03-16 16:58:38 [http-nio-8080-exec-3] DEBUG o.s.web.servlet.DispatcherServlet - GET "/api/v1/notifications/unread-count", parameters={}
2026-03-16 16:58:38 [http-nio-8080-exec-3] TRACE o.s.w.s.m.m.a.RequestMappingHandlerMapping - Mapped to com.company.project.api.controller.notification.NotificationController#getUnreadCount(UserDetails)
2026-03-16 16:58:38 [http-nio-8080-exec-3] DEBUG o.s.orm.jpa.JpaTransactionManager - Creating new transaction with name [com.company.project.service.notification.NotificationService.getUnreadCount]: PROPAGATION_REQUIRED,ISOLATION_DEFAULT,readOnly
2026-03-16 16:58:38 [http-nio-8080-exec-3] DEBUG o.s.orm.jpa.JpaTransactionManager - Opened new EntityManager [SessionImpl(1155463588<open>)] for JPA transaction
2026-03-16 16:58:38 [http-nio-8080-exec-3] DEBUG o.s.orm.jpa.JpaTransactionManager - Exposing JPA transaction as JDBC [org.springframework.orm.jpa.vendor.HibernateJpaDialect$HibernateConnectionHandle@45c6dc0a]
2026-03-16 16:58:38 [http-nio-8080-exec-3] DEBUG org.hibernate.SQL - select count(n1_0.ntcn_no) from n_user_notification n1_0 where n1_0.receiver_id=? and n1_0.is_read=?
2026-03-16 16:58:38 [http-nio-8080-exec-4] DEBUG o.s.orm.jpa.JpaTransactionManager - Initiating transaction commit
2026-03-16 16:58:38 [http-nio-8080-exec-4] DEBUG o.s.orm.jpa.JpaTransactionManager - Committing JPA transaction on EntityManager [SessionImpl(568099618<open>)]
2026-03-16 16:58:38 [http-nio-8080-exec-10] DEBUG o.s.orm.jpa.JpaTransactionManager - Initiating transaction commit
2026-03-16 16:58:38 [http-nio-8080-exec-10] DEBUG o.s.orm.jpa.JpaTransactionManager - Committing JPA transaction on EntityManager [SessionImpl(417861089<open>)]
2026-03-16 16:58:38 [http-nio-8080-exec-2] DEBUG o.s.orm.jpa.JpaTransactionManager - Initiating transaction commit
2026-03-16 16:58:38 [http-nio-8080-exec-2] DEBUG o.s.orm.jpa.JpaTransactionManager - Committing JPA transaction on EntityManager [SessionImpl(61684787<open>)]
2026-03-16 16:58:38 [http-nio-8080-exec-4] DEBUG o.s.orm.jpa.JpaTransactionManager - Closing JPA EntityManager [SessionImpl(568099618<open>)] after transaction
2026-03-16 16:58:38 [http-nio-8080-exec-4] DEBUG o.s.w.s.m.m.a.HttpEntityMethodProcessor - Using 'application/json', given [application/json, text/plain, */*] and supported [application/json, application/*+json, application/yaml]
2026-03-16 16:58:38 [http-nio-8080-exec-4] TRACE o.s.w.s.m.m.a.HttpEntityMethodProcessor - Writing [ApiResponse[success=true, status=200, code=COMMON_001, message=Success, data=[NotificationDto(ntfcNo=NT001, ntfcSj=테스트 알림입니다, ntfcCn=알림 내용입니다, ntfcDate=null, ntfcTime=2026-02-25T00:59:33.784070, bhNtfcIntrvl=null, uniqId=null, frstRegisterId=null, frstRegisterPnttm=2026-02-25T00:59:33.784070, lastUpdusrId=null, lastUpdusrPnttm=null)], timestamp=2026-03-16T16:58:38.574068500]]
2026-03-16 16:58:38 [http-nio-8080-exec-4] INFO  c.c.p.a.i.OperationalAuditInterceptor - API Audit Log: URL=/api/v1/notifications, User=webmaster, IP=127.0.0.1
2026-03-16 16:58:38 [http-nio-8080-exec-4] DEBUG o.s.web.servlet.DispatcherServlet - Completed 200 OK
2026-03-16 16:58:38 [http-nio-8080-exec-8] DEBUG o.s.orm.jpa.JpaTransactionManager - Found thread-bound EntityManager [SessionImpl(713888401<open>)] for JPA transaction
2026-03-16 16:58:38 [http-nio-8080-exec-8] DEBUG o.s.orm.jpa.JpaTransactionManager - Participating in existing transaction
2026-03-16 16:58:38 [http-nio-8080-exec-8] DEBUG org.hibernate.SQL - select p1_0.progrm_file_nm,p1_0.progrm_dc,p1_0.progrm_korean_nm,p1_0.progrm_stre_path,p1_0.url from nprogrmlist p1_0
2026-03-16 16:58:38 [http-nio-8080-exec-3] DEBUG o.s.orm.jpa.JpaTransactionManager - Initiating transaction commit
2026-03-16 16:58:38 [http-nio-8080-exec-3] DEBUG o.s.orm.jpa.JpaTransactionManager - Committing JPA transaction on EntityManager [SessionImpl(1155463588<open>)]
2026-03-16 16:58:38 [http-nio-8080-exec-10] DEBUG o.s.orm.jpa.JpaTransactionManager - Closing JPA EntityManager [SessionImpl(417861089<open>)] after transaction
2026-03-16 16:58:38 [http-nio-8080-exec-10] DEBUG o.s.w.s.m.m.a.HttpEntityMethodProcessor - Using 'application/json', given [application/json, text/plain, */*] and supported [application/json, application/*+json, application/yaml]
2026-03-16 16:58:38 [http-nio-8080-exec-10] TRACE o.s.w.s.m.m.a.HttpEntityMethodProcessor - Writing [ApiResponse[success=true, status=200, code=COMMON_001, message=Success, data=[], timestamp=2026-03-16T16:58:38.606340200]]
2026-03-16 16:58:38 [http-nio-8080-exec-10] INFO  c.c.p.a.i.OperationalAuditInterceptor - API Audit Log: URL=/api/v1/admin/system/banners/reflected, User=webmaster, IP=127.0.0.1
2026-03-16 16:58:38 [http-nio-8080-exec-10] DEBUG o.s.web.servlet.DispatcherServlet - Completed 200 OK
2026-03-16 16:58:38 [http-nio-8080-exec-9] DEBUG c.c.p.s.jwt.JwtAuthenticationFilter - >>> [JwtFilter] Processing request: GET /api/v1/admin/system/statistics/connect
2026-03-16 16:58:38 [http-nio-8080-exec-9] DEBUG c.c.p.s.jwt.JwtAuthenticationFilter - >>> [JwtFilter] Found token in header for path: /api/v1/admin/system/statistics/connect
2026-03-16 16:58:38 [http-nio-8080-exec-9] DEBUG o.s.orm.jpa.JpaTransactionManager - Creating new transaction with name [com.company.project.security.iam.CustomUserDetailsService.loadUserByUsername]: PROPAGATION_REQUIRED,ISOLATION_DEFAULT,readOnly
2026-03-16 16:58:38 [http-nio-8080-exec-9] DEBUG o.s.orm.jpa.JpaTransactionManager - Opened new EntityManager [SessionImpl(524476400<open>)] for JPA transaction
2026-03-16 16:58:38 [http-nio-8080-exec-2] DEBUG o.s.orm.jpa.JpaTransactionManager - Closing JPA EntityManager [SessionImpl(61684787<open>)] after transaction
2026-03-16 16:58:38 [http-nio-8080-exec-2] DEBUG o.s.w.s.m.m.a.HttpEntityMethodProcessor - Using 'application/json', given [application/json, text/plain, */*] and supported [application/json, application/*+json, application/yaml]
2026-03-16 16:58:38 [http-nio-8080-exec-2] TRACE o.s.w.s.m.m.a.HttpEntityMethodProcessor - Writing [ApiResponse[success=true, status=200, code=COMMON_001, message=Success, data=[], timestamp=2026-03-16T16:58:38.718811600]]
2026-03-16 16:58:38 [http-nio-8080-exec-2] INFO  c.c.p.a.i.OperationalAuditInterceptor - API Audit Log: URL=/api/v1/popups/active, User=webmaster, IP=127.0.0.1
2026-03-16 16:58:38 [http-nio-8080-exec-2] DEBUG o.s.web.servlet.DispatcherServlet - Completed 200 OK
2026-03-16 16:58:38 [http-nio-8080-exec-3] DEBUG o.s.orm.jpa.JpaTransactionManager - Closing JPA EntityManager [SessionImpl(1155463588<open>)] after transaction
2026-03-16 16:58:38 [http-nio-8080-exec-8] DEBUG o.s.orm.jpa.JpaTransactionManager - Initiating transaction commit
2026-03-16 16:58:38 [http-nio-8080-exec-8] DEBUG o.s.orm.jpa.JpaTransactionManager - Committing JPA transaction on EntityManager [SessionImpl(713888401<open>)]
2026-03-16 16:58:38 [http-nio-8080-exec-3] DEBUG o.s.w.s.m.m.a.HttpEntityMethodProcessor - Using 'application/json', given [application/json, text/plain, */*] and supported [application/json, application/*+json, application/yaml]
2026-03-16 16:58:38 [http-nio-8080-exec-3] TRACE o.s.w.s.m.m.a.HttpEntityMethodProcessor - Writing [ApiResponse[success=true, status=200, code=COMMON_001, message=Success, data=0, timestamp=2026-03-16T16:58:38.733982400]]
2026-03-16 16:58:38 [http-nio-8080-exec-3] INFO  c.c.p.a.i.OperationalAuditInterceptor - API Audit Log: URL=/api/v1/notifications/unread-count, User=webmaster, IP=127.0.0.1
2026-03-16 16:58:38 [http-nio-8080-exec-3] DEBUG o.s.web.servlet.DispatcherServlet - Completed 200 OK
2026-03-16 16:58:38 [http-nio-8080-exec-9] DEBUG o.s.orm.jpa.JpaTransactionManager - Exposing JPA transaction as JDBC [org.springframework.orm.jpa.vendor.HibernateJpaDialect$HibernateConnectionHandle@368f05e8]
2026-03-16 16:58:38 [http-nio-8080-exec-9] DEBUG o.s.orm.jpa.JpaTransactionManager - Found thread-bound EntityManager [SessionImpl(524476400<open>)] for JPA transaction
2026-03-16 16:58:38 [http-nio-8080-exec-9] DEBUG o.s.orm.jpa.JpaTransactionManager - Participating in existing transaction
2026-03-16 16:58:38 [http-nio-8080-exec-9] DEBUG org.hibernate.SQL - select u1_0.emplyr_id,u1_0.area_no,u1_0.brthdy,u1_0.chg_pwd_cnt,u1_0.frst_register_id,u1_0.frst_regist_pnttm,u1_0.detail_adres,u1_0.email_adres,u1_0.emplyr_sttus_code,u1_0.empl_no,u1_0.esntl_id,u1_0.fxnum,u1_0.group_id,u1_0.house_adres,u1_0.house_end_telno,u1_0.house_middle_telno,u1_0.ihidnum,u1_0.pstinst_code,u1_0.last_updusr_id,u1_0.last_updt_pnttm,u1_0.lock_at,u1_0.lock_cnt,u1_0.lock_last_pnttm,u1_0.mbtlnum,u1_0.ofcps_nm,u1_0.offm_telno,u1_0.orgnzt_id,u1_0.password,u1_0.password_cnsr,u1_0.password_hint,u1_0.chg_pwd_last_pnttm,u1_0.role,u1_0.sbscrb_de,u1_0.sexdstn_code,u1_0.crtfc_dn_value,u1_0.user_nm,u1_0.zip from nemplyrinfo u1_0 where u1_0.emplyr_id=?
2026-03-16 16:58:38 [http-nio-8080-exec-8] DEBUG o.s.orm.jpa.JpaTransactionManager - Closing JPA EntityManager [SessionImpl(713888401<open>)] after transaction
2026-03-16 16:58:38 [http-nio-8080-exec-8] INFO  c.c.p.a.c.menu.MenuController - getLeftMenu returned 3 items
2026-03-16 16:58:38 [http-nio-8080-exec-8] DEBUG o.s.w.s.m.m.a.HttpEntityMethodProcessor - Using 'application/json', given [application/json, text/plain, */*] and supported [application/json, application/*+json, application/yaml]
2026-03-16 16:58:38 [http-nio-8080-exec-8] TRACE o.s.w.s.m.m.a.HttpEntityMethodProcessor - Writing [ApiResponse[success=true, status=200, code=COMMON_001, message=Success, data={list=[com.company.project.service.menu.dto.MenuDto@539a41f1, com.company.project.service.menu.dto.MenuDto@10399b5c, com.company.project.service.menu.dto.MenuDto@3cd30cf0]}, timestamp=2026-03-16T16:58:38.888239800]]
2026-03-16 16:58:38 [http-nio-8080-exec-8] INFO  c.c.p.a.i.OperationalAuditInterceptor - API Audit Log: URL=/api/v1/menu/left, User=webmaster, IP=127.0.0.1
2026-03-16 16:58:38 [http-nio-8080-exec-8] DEBUG o.s.web.servlet.DispatcherServlet - Completed 200 OK
2026-03-16 16:58:38 [http-nio-8080-exec-1] DEBUG c.c.p.s.jwt.JwtAuthenticationFilter - >>> [JwtFilter] Processing request: GET /api/v1/menu/left
2026-03-16 16:58:38 [http-nio-8080-exec-1] DEBUG c.c.p.s.jwt.JwtAuthenticationFilter - >>> [JwtFilter] Found token in header for path: /api/v1/menu/left
2026-03-16 16:58:38 [http-nio-8080-exec-1] DEBUG o.s.orm.jpa.JpaTransactionManager - Creating new transaction with name [com.company.project.security.iam.CustomUserDetailsService.loadUserByUsername]: PROPAGATION_REQUIRED,ISOLATION_DEFAULT,readOnly
2026-03-16 16:58:38 [http-nio-8080-exec-1] DEBUG o.s.orm.jpa.JpaTransactionManager - Opened new EntityManager [SessionImpl(803206255<open>)] for JPA transaction
2026-03-16 16:58:38 [http-nio-8080-exec-9] DEBUG o.s.orm.jpa.JpaTransactionManager - Found thread-bound EntityManager [SessionImpl(524476400<open>)] for JPA transaction
2026-03-16 16:58:38 [http-nio-8080-exec-9] DEBUG o.s.orm.jpa.JpaTransactionManager - Participating in existing transaction
2026-03-16 16:58:38 [http-nio-8080-exec-9] DEBUG org.hibernate.SQL - select ua1_0.scrty_dtrmn_trget_id,ua1_0.author_code,ua1_0.frst_register_id,ua1_0.frst_regist_pnttm,ua1_0.last_updusr_id,ua1_0.last_updt_pnttm,ua1_0.mber_ty_code from nemplyrscrtyestbs ua1_0 where ua1_0.scrty_dtrmn_trget_id=?
2026-03-16 16:58:39 [http-nio-8080-exec-7] DEBUG c.c.p.s.jwt.JwtAuthenticationFilter - >>> [JwtFilter] Processing request: GET /api/v1/admin/system/statistics/bbs
2026-03-16 16:58:39 [http-nio-8080-exec-7] DEBUG c.c.p.s.jwt.JwtAuthenticationFilter - >>> [JwtFilter] Found token in header for path: /api/v1/admin/system/statistics/bbs
2026-03-16 16:58:39 [http-nio-8080-exec-7] DEBUG o.s.orm.jpa.JpaTransactionManager - Creating new transaction with name [com.company.project.security.iam.CustomUserDetailsService.loadUserByUsername]: PROPAGATION_REQUIRED,ISOLATION_DEFAULT,readOnly
2026-03-16 16:58:39 [http-nio-8080-exec-7] DEBUG o.s.orm.jpa.JpaTransactionManager - Opened new EntityManager [SessionImpl(1872159935<open>)] for JPA transaction
2026-03-16 16:58:39 [http-nio-8080-exec-1] DEBUG o.s.orm.jpa.JpaTransactionManager - Exposing JPA transaction as JDBC [org.springframework.orm.jpa.vendor.HibernateJpaDialect$HibernateConnectionHandle@410d6c29]
2026-03-16 16:58:39 [http-nio-8080-exec-1] DEBUG o.s.orm.jpa.JpaTransactionManager - Found thread-bound EntityManager [SessionImpl(803206255<open>)] for JPA transaction
2026-03-16 16:58:39 [http-nio-8080-exec-1] DEBUG o.s.orm.jpa.JpaTransactionManager - Participating in existing transaction
2026-03-16 16:58:39 [http-nio-8080-exec-1] DEBUG org.hibernate.SQL - select u1_0.emplyr_id,u1_0.area_no,u1_0.brthdy,u1_0.chg_pwd_cnt,u1_0.frst_register_id,u1_0.frst_regist_pnttm,u1_0.detail_adres,u1_0.email_adres,u1_0.emplyr_sttus_code,u1_0.empl_no,u1_0.esntl_id,u1_0.fxnum,u1_0.group_id,u1_0.house_adres,u1_0.house_end_telno,u1_0.house_middle_telno,u1_0.ihidnum,u1_0.pstinst_code,u1_0.last_updusr_id,u1_0.last_updt_pnttm,u1_0.lock_at,u1_0.lock_cnt,u1_0.lock_last_pnttm,u1_0.mbtlnum,u1_0.ofcps_nm,u1_0.offm_telno,u1_0.orgnzt_id,u1_0.password,u1_0.password_cnsr,u1_0.password_hint,u1_0.chg_pwd_last_pnttm,u1_0.role,u1_0.sbscrb_de,u1_0.sexdstn_code,u1_0.crtfc_dn_value,u1_0.user_nm,u1_0.zip from nemplyrinfo u1_0 where u1_0.emplyr_id=?
2026-03-16 16:58:39 [http-nio-8080-exec-9] DEBUG o.s.orm.jpa.JpaTransactionManager - Initiating transaction commit
2026-03-16 16:58:39 [http-nio-8080-exec-9] DEBUG o.s.orm.jpa.JpaTransactionManager - Committing JPA transaction on EntityManager [SessionImpl(524476400<open>)]
2026-03-16 16:58:39 [http-nio-8080-exec-7] DEBUG o.s.orm.jpa.JpaTransactionManager - Exposing JPA transaction as JDBC [org.springframework.orm.jpa.vendor.HibernateJpaDialect$HibernateConnectionHandle@3d36387d]
2026-03-16 16:58:39 [http-nio-8080-exec-7] DEBUG o.s.orm.jpa.JpaTransactionManager - Found thread-bound EntityManager [SessionImpl(1872159935<open>)] for JPA transaction
2026-03-16 16:58:39 [http-nio-8080-exec-7] DEBUG o.s.orm.jpa.JpaTransactionManager - Participating in existing transaction
2026-03-16 16:58:39 [http-nio-8080-exec-7] DEBUG org.hibernate.SQL - select u1_0.emplyr_id,u1_0.area_no,u1_0.brthdy,u1_0.chg_pwd_cnt,u1_0.frst_register_id,u1_0.frst_regist_pnttm,u1_0.detail_adres,u1_0.email_adres,u1_0.emplyr_sttus_code,u1_0.empl_no,u1_0.esntl_id,u1_0.fxnum,u1_0.group_id,u1_0.house_adres,u1_0.house_end_telno,u1_0.house_middle_telno,u1_0.ihidnum,u1_0.pstinst_code,u1_0.last_updusr_id,u1_0.last_updt_pnttm,u1_0.lock_at,u1_0.lock_cnt,u1_0.lock_last_pnttm,u1_0.mbtlnum,u1_0.ofcps_nm,u1_0.offm_telno,u1_0.orgnzt_id,u1_0.password,u1_0.password_cnsr,u1_0.password_hint,u1_0.chg_pwd_last_pnttm,u1_0.role,u1_0.sbscrb_de,u1_0.sexdstn_code,u1_0.crtfc_dn_value,u1_0.user_nm,u1_0.zip from nemplyrinfo u1_0 where u1_0.emplyr_id=?
2026-03-16 16:58:39 [http-nio-8080-exec-1] DEBUG o.s.orm.jpa.JpaTransactionManager - Found thread-bound EntityManager [SessionImpl(803206255<open>)] for JPA transaction
2026-03-16 16:58:39 [http-nio-8080-exec-1] DEBUG o.s.orm.jpa.JpaTransactionManager - Participating in existing transaction
2026-03-16 16:58:39 [http-nio-8080-exec-1] DEBUG org.hibernate.SQL - select ua1_0.scrty_dtrmn_trget_id,ua1_0.author_code,ua1_0.frst_register_id,ua1_0.frst_regist_pnttm,ua1_0.last_updusr_id,ua1_0.last_updt_pnttm,ua1_0.mber_ty_code from nemplyrscrtyestbs ua1_0 where ua1_0.scrty_dtrmn_trget_id=?
2026-03-16 16:58:39 [http-nio-8080-exec-9] DEBUG o.s.orm.jpa.JpaTransactionManager - Closing JPA EntityManager [SessionImpl(524476400<open>)] after transaction
2026-03-16 16:58:39 [http-nio-8080-exec-9] DEBUG c.c.p.s.jwt.JwtAuthenticationFilter - >>> [JwtFilter] Successfully authenticated user: USRCNFRM_99999999999, Authorities: [ROLE_ADMIN]
2026-03-16 16:58:39 [http-nio-8080-exec-9] DEBUG o.s.web.servlet.DispatcherServlet - GET "/api/v1/admin/system/statistics/connect?statsKind=SERVICE", parameters={masked}
2026-03-16 16:58:39 [http-nio-8080-exec-9] DEBUG o.s.w.s.h.SimpleUrlHandlerMapping - Mapped to ResourceHttpRequestHandler [classpath [META-INF/resources/], classpath [resources/], classpath [static/], classpath [public/], ServletContext [/]]
2026-03-16 16:58:39 [http-nio-8080-exec-9] DEBUG o.s.w.s.r.ResourceHttpRequestHandler - Resource not found
2026-03-16 16:58:39 [http-nio-8080-exec-9] DEBUG o.s.w.s.m.m.a.ExceptionHandlerExceptionResolver - Using @ExceptionHandler com.company.project.core.exception.GlobalExceptionHandler#handleException(Exception)
2026-03-16 16:58:39 [http-nio-8080-exec-9] ERROR c.c.p.c.e.GlobalExceptionHandler - >>> Internal Server Error: No static resource api/v1/admin/system/statistics/connect.
org.springframework.web.servlet.resource.NoResourceFoundException: No static resource api/v1/admin/system/statistics/connect.
	at org.springframework.web.servlet.resource.ResourceHttpRequestHandler.handleRequest(ResourceHttpRequestHandler.java:585)
	at org.springframework.web.servlet.mvc.HttpRequestHandlerAdapter.handle(HttpRequestHandlerAdapter.java:52)
	at org.springframework.web.servlet.DispatcherServlet.doDispatch(DispatcherServlet.java:1088)
	at org.springframework.web.servlet.DispatcherServlet.doService(DispatcherServlet.java:978)
	at org.springframework.web.servlet.FrameworkServlet.processRequest(FrameworkServlet.java:1014)
	at org.springframework.web.servlet.FrameworkServlet.doGet(FrameworkServlet.java:903)
	at jakarta.servlet.http.HttpServlet.service(HttpServlet.java:527)
	at org.springframework.web.servlet.FrameworkServlet.service(FrameworkServlet.java:885)
	at jakarta.servlet.http.HttpServlet.service(HttpServlet.java:614)
	at org.apache.catalina.core.ApplicationFilterChain.internalDoFilter(ApplicationFilterChain.java:195)
	at org.apache.catalina.core.ApplicationFilterChain.doFilter(ApplicationFilterChain.java:140)
	at org.apache.tomcat.websocket.server.WsFilter.doFilter(WsFilter.java:51)
	at org.apache.catalina.core.ApplicationFilterChain.internalDoFilter(ApplicationFilterChain.java:164)
	at org.apache.catalina.core.ApplicationFilterChain.doFilter(ApplicationFilterChain.java:140)
	at org.springframework.web.filter.CompositeFilter$VirtualFilterChain.doFilter(CompositeFilter.java:108)
	at org.springframework.security.web.FilterChainProxy.lambda$doFilterInternal$3(FilterChainProxy.java:231)
	at org.springframework.security.web.ObservationFilterChainDecorator$FilterObservation$SimpleFilterObservation.lambda$wrap$1(ObservationFilterChainDecorator.java:479)
	at org.springframework.security.web.ObservationFilterChainDecorator$AroundFilterObservation$SimpleAroundFilterObservation.lambda$wrap$1(ObservationFilterChainDecorator.java:340)
	at org.springframework.security.web.ObservationFilterChainDecorator.lambda$wrapSecured$0(ObservationFilterChainDecorator.java:82)
	at org.springframework.security.web.ObservationFilterChainDecorator$VirtualFilterChain.doFilter(ObservationFilterChainDecorator.java:128)
	at org.springframework.security.web.access.intercept.AuthorizationFilter.doFilter(AuthorizationFilter.java:101)
	at org.springframework.security.web.ObservationFilterChainDecorator$ObservationFilter.wrapFilter(ObservationFilterChainDecorator.java:240)
	at org.springframework.security.web.ObservationFilterChainDecorator$ObservationFilter.doFilter(ObservationFilterChainDecorator.java:227)
	at org.springframework.security.web.ObservationFilterChainDecorator$VirtualFilterChain.doFilter(ObservationFilterChainDecorator.java:137)
	at org.springframework.security.web.access.ExceptionTranslationFilter.doFilter(ExceptionTranslationFilter.java:126)
	at org.springframework.security.web.access.ExceptionTranslationFilter.doFilter(ExceptionTranslationFilter.java:120)
	at org.springframework.security.web.ObservationFilterChainDecorator$ObservationFilter.wrapFilter(ObservationFilterChainDecorator.java:240)
	at org.springframework.security.web.ObservationFilterChainDecorator$ObservationFilter.doFilter(ObservationFilterChainDecorator.java:227)
	at org.springframework.security.web.ObservationFilterChainDecorator$VirtualFilterChain.doFilter(ObservationFilterChainDecorator.java:137)
	at org.springframework.security.web.session.SessionManagementFilter.doFilter(SessionManagementFilter.java:131)
	at org.springframework.security.web.session.SessionManagementFilter.doFilter(SessionManagementFilter.java:85)
	at org.springframework.security.web.ObservationFilterChainDecorator$ObservationFilter.wrapFilter(ObservationFilterChainDecorator.java:240)
	at org.springframework.security.web.ObservationFilterChainDecorator$ObservationFilter.doFilter(ObservationFilterChainDecorator.java:227)
	at org.springframework.security.web.ObservationFilterChainDecorator$VirtualFilterChain.doFilter(ObservationFilterChainDecorator.java:137)
	at org.springframework.security.web.authentication.AnonymousAuthenticationFilter.doFilter(AnonymousAuthenticationFilter.java:100)
	at org.springframework.security.web.ObservationFilterChainDecorator$ObservationFilter.wrapFilter(ObservationFilterChainDecorator.java:240)
	at org.springframework.security.web.ObservationFilterChainDecorator$ObservationFilter.doFilter(ObservationFilterChainDecorator.java:227)
	at org.springframework.security.web.ObservationFilterChainDecorator$VirtualFilterChain.doFilter(ObservationFilterChainDecorator.java:137)
	at org.springframework.security.web.servletapi.SecurityContextHolderAwareRequestFilter.doFilter(SecurityContextHolderAwareRequestFilter.java:179)
	at org.springframework.security.web.ObservationFilterChainDecorator$ObservationFilter.wrapFilter(ObservationFilterChainDecorator.java:240)
	at org.springframework.security.web.ObservationFilterChainDecorator$ObservationFilter.doFilter(ObservationFilterChainDecorator.java:227)
	at org.springframework.security.web.ObservationFilterChainDecorator$VirtualFilterChain.doFilter(ObservationFilterChainDecorator.java:137)
	at org.springframework.security.web.savedrequest.RequestCacheAwareFilter.doFilter(RequestCacheAwareFilter.java:63)
	at org.springframework.security.web.ObservationFilterChainDecorator$ObservationFilter.wrapFilter(ObservationFilterChainDecorator.java:240)
	at org.springframework.security.web.ObservationFilterChainDecorator$ObservationFilter.doFilter(ObservationFilterChainDecorator.java:227)
	at org.springframework.security.web.ObservationFilterChainDecorator$VirtualFilterChain.doFilter(ObservationFilterChainDecorator.java:137)
	at com.company.project.security.jwt.JwtAuthenticationFilter.doFilterInternal(JwtAuthenticationFilter.java:52)
	at org.springframework.web.filter.OncePerRequestFilter.doFilter(OncePerRequestFilter.java:116)
	at org.springframework.security.web.ObservationFilterChainDecorator$ObservationFilter.wrapFilter(ObservationFilterChainDecorator.java:240)
	at org.springframework.security.web.ObservationFilterChainDecorator$ObservationFilter.doFilter(ObservationFilterChainDecorator.java:227)
	at org.springframework.security.web.ObservationFilterChainDecorator$VirtualFilterChain.doFilter(ObservationFilterChainDecorator.java:137)
	at org.springframework.security.web.authentication.logout.LogoutFilter.doFilter(LogoutFilter.java:107)
	at org.springframework.security.web.authentication.logout.LogoutFilter.doFilter(LogoutFilter.java:93)
	at org.springframework.security.web.ObservationFilterChainDecorator$ObservationFilter.wrapFilter(ObservationFilterChainDecorator.java:240)
	at org.springframework.security.web.ObservationFilterChainDecorator$ObservationFilter.doFilter(ObservationFilterChainDecorator.java:227)
	at org.springframework.security.web.ObservationFilterChainDecorator$VirtualFilterChain.doFilter(ObservationFilterChainDecorator.java:137)
	at org.springframework.web.filter.CorsFilter.doFilterInternal(CorsFilter.java:91)
	at org.springframework.web.filter.OncePerRequestFilter.doFilter(OncePerRequestFilter.java:116)
	at org.springframework.security.web.ObservationFilterChainDecorator$ObservationFilter.wrapFilter(ObservationFilterChainDecorator.java:240)
	at org.springframework.security.web.ObservationFilterChainDecorator$ObservationFilter.doFilter(ObservationFilterChainDecorator.java:227)
	at org.springframework.security.web.ObservationFilterChainDecorator$VirtualFilterChain.doFilter(ObservationFilterChainDecorator.java:137)
	at org.springframework.security.web.header.HeaderWriterFilter.doHeadersAfter(HeaderWriterFilter.java:90)
	at org.springframework.security.web.header.HeaderWriterFilter.doFilterInternal(HeaderWriterFilter.java:75)
	at org.springframework.web.filter.OncePerRequestFilter.doFilter(OncePerRequestFilter.java:116)
	at org.springframework.security.web.ObservationFilterChainDecorator$ObservationFilter.wrapFilter(ObservationFilterChainDecorator.java:240)
	at org.springframework.security.web.ObservationFilterChainDecorator$ObservationFilter.doFilter(ObservationFilterChainDecorator.java:227)
	at org.springframework.security.web.ObservationFilterChainDecorator$VirtualFilterChain.doFilter(ObservationFilterChainDecorator.java:137)
	at org.springframework.security.web.context.SecurityContextHolderFilter.doFilter(SecurityContextHolderFilter.java:82)
	at org.springframework.security.web.context.SecurityContextHolderFilter.doFilter(SecurityContextHolderFilter.java:69)
	at org.springframework.security.web.ObservationFilterChainDecorator$ObservationFilter.wrapFilter(ObservationFilterChainDecorator.java:240)
	at org.springframework.security.web.ObservationFilterChainDecorator$ObservationFilter.doFilter(ObservationFilterChainDecorator.java:227)
	at org.springframework.security.web.ObservationFilterChainDecorator$VirtualFilterChain.doFilter(ObservationFilterChainDecorator.java:137)
	at org.springframework.security.web.context.request.async.WebAsyncManagerIntegrationFilter.doFilterInternal(WebAsyncManagerIntegrationFilter.java:62)
	at org.springframework.web.filter.OncePerRequestFilter.doFilter(OncePerRequestFilter.java:116)
	at org.springframework.security.web.ObservationFilterChainDecorator$ObservationFilter.wrapFilter(ObservationFilterChainDecorator.java:240)
	at org.springframework.security.web.ObservationFilterChainDecorator$ObservationFilter.doFilter(ObservationFilterChainDecorator.java:227)
	at org.springframework.security.web.ObservationFilterChainDecorator$VirtualFilterChain.doFilter(ObservationFilterChainDecorator.java:137)
	at org.springframework.security.web.session.DisableEncodeUrlFilter.doFilterInternal(DisableEncodeUrlFilter.java:42)
	at org.springframework.web.filter.OncePerRequestFilter.doFilter(OncePerRequestFilter.java:116)
	at org.springframework.security.web.ObservationFilterChainDecorator$ObservationFilter.wrapFilter(ObservationFilterChainDecorator.java:240)
	at org.springframework.security.web.ObservationFilterChainDecorator$AroundFilterObservation$SimpleAroundFilterObservation.lambda$wrap$0(ObservationFilterChainDecorator.java:323)
	at org.springframework.security.web.ObservationFilterChainDecorator$ObservationFilter.doFilter(ObservationFilterChainDecorator.java:224)
	at org.springframework.security.web.ObservationFilterChainDecorator$VirtualFilterChain.doFilter(ObservationFilterChainDecorator.java:137)
	at org.springframework.security.web.FilterChainProxy.doFilterInternal(FilterChainProxy.java:233)
	at org.springframework.security.web.FilterChainProxy.doFilter(FilterChainProxy.java:191)
	at org.springframework.web.filter.CompositeFilter$VirtualFilterChain.doFilter(CompositeFilter.java:113)
	at org.springframework.web.servlet.handler.HandlerMappingIntrospector.lambda$createCacheFilter$3(HandlerMappingIntrospector.java:243)
	at org.springframework.web.filter.CompositeFilter$VirtualFilterChain.doFilter(CompositeFilter.java:113)
	at org.springframework.web.filter.CompositeFilter.doFilter(CompositeFilter.java:74)
	at org.springframework.security.config.annotation.web.configuration.WebMvcSecurityConfiguration$CompositeFilterChainProxy.doFilter(WebMvcSecurityConfiguration.java:238)
	at org.springframework.web.filter.DelegatingFilterProxy.invokeDelegate(DelegatingFilterProxy.java:362)
	at org.springframework.web.filter.DelegatingFilterProxy.doFilter(DelegatingFilterProxy.java:278)
	at org.apache.catalina.core.ApplicationFilterChain.internalDoFilter(ApplicationFilterChain.java:164)
	at org.apache.catalina.core.ApplicationFilterChain.doFilter(ApplicationFilterChain.java:140)
	at org.springframework.web.filter.RequestContextFilter.doFilterInternal(RequestContextFilter.java:100)
	at org.springframework.web.filter.OncePerRequestFilter.doFilter(OncePerRequestFilter.java:116)
	at org.apache.catalina.core.ApplicationFilterChain.internalDoFilter(ApplicationFilterChain.java:164)
	at org.apache.catalina.core.ApplicationFilterChain.doFilter(ApplicationFilterChain.java:140)
	at org.springframework.web.filter.FormContentFilter.doFilterInternal(FormContentFilter.java:93)
	at org.springframework.web.filter.OncePerRequestFilter.doFilter(OncePerRequestFilter.java:116)
	at org.apache.catalina.core.ApplicationFilterChain.internalDoFilter(ApplicationFilterChain.java:164)
	at org.apache.catalina.core.ApplicationFilterChain.doFilter(ApplicationFilterChain.java:140)
	at org.springframework.web.filter.ServerHttpObservationFilter.doFilterInternal(ServerHttpObservationFilter.java:114)
	at org.springframework.web.filter.OncePerRequestFilter.doFilter(OncePerRequestFilter.java:116)
	at org.apache.catalina.core.ApplicationFilterChain.internalDoFilter(ApplicationFilterChain.java:164)
	at org.apache.catalina.core.ApplicationFilterChain.doFilter(ApplicationFilterChain.java:140)
	at org.springframework.web.filter.CharacterEncodingFilter.doFilterInternal(CharacterEncodingFilter.java:201)
	at org.springframework.web.filter.OncePerRequestFilter.doFilter(OncePerRequestFilter.java:116)
	at org.apache.catalina.core.ApplicationFilterChain.internalDoFilter(ApplicationFilterChain.java:164)
	at org.apache.catalina.core.ApplicationFilterChain.doFilter(ApplicationFilterChain.java:140)
	at org.apache.catalina.core.StandardWrapperValve.invoke(StandardWrapperValve.java:167)
	at org.apache.catalina.core.StandardContextValve.invoke(StandardContextValve.java:90)
	at org.apache.catalina.authenticator.AuthenticatorBase.invoke(AuthenticatorBase.java:483)
	at org.apache.catalina.core.StandardHostValve.invoke(StandardHostValve.java:115)
	at org.apache.catalina.valves.ErrorReportValve.invoke(ErrorReportValve.java:93)
	at org.apache.catalina.core.StandardEngineValve.invoke(StandardEngineValve.java:74)
	at org.apache.catalina.connector.CoyoteAdapter.service(CoyoteAdapter.java:344)
	at org.apache.coyote.http11.Http11Processor.service(Http11Processor.java:397)
	at org.apache.coyote.AbstractProcessorLight.process(AbstractProcessorLight.java:63)
	at org.apache.coyote.AbstractProtocol$ConnectionHandler.process(AbstractProtocol.java:905)
	at org.apache.tomcat.util.net.NioEndpoint$SocketProcessor.doRun(NioEndpoint.java:1741)
	at org.apache.tomcat.util.net.SocketProcessorBase.run(SocketProcessorBase.java:52)
	at org.apache.tomcat.util.threads.ThreadPoolExecutor.runWorker(ThreadPoolExecutor.java:1190)
	at org.apache.tomcat.util.threads.ThreadPoolExecutor$Worker.run(ThreadPoolExecutor.java:659)
	at org.apache.tomcat.util.threads.TaskThread$WrappingRunnable.run(TaskThread.java:63)
	at java.base/java.lang.Thread.run(Thread.java:1583)
2026-03-16 16:58:39 [http-nio-8080-exec-9] DEBUG o.s.w.s.m.m.a.HttpEntityMethodProcessor - Using 'application/json', given [application/json, text/plain, */*] and supported [application/json, application/*+json, application/yaml]
2026-03-16 16:58:39 [http-nio-8080-exec-9] TRACE o.s.w.s.m.m.a.HttpEntityMethodProcessor - Writing [ApiResponse[success=false, status=500, code=C004, message=예기치 않은 서버 오류가 발생했습니다., data=null, timestamp=2026-03-16T16:58:39.259502400]]
2026-03-16 16:58:39 [http-nio-8080-exec-9] DEBUG o.s.w.s.m.m.a.ExceptionHandlerExceptionResolver - Resolved [org.springframework.web.servlet.resource.NoResourceFoundException: No static resource api/v1/admin/system/statistics/connect.]
2026-03-16 16:58:39 [http-nio-8080-exec-9] DEBUG o.s.web.servlet.DispatcherServlet - Completed 500 INTERNAL_SERVER_ERROR
2026-03-16 16:58:39 [http-nio-8080-exec-7] DEBUG o.s.orm.jpa.JpaTransactionManager - Found thread-bound EntityManager [SessionImpl(1872159935<open>)] for JPA transaction
2026-03-16 16:58:39 [http-nio-8080-exec-1] DEBUG o.s.orm.jpa.JpaTransactionManager - Initiating transaction commit
2026-03-16 16:58:39 [http-nio-8080-exec-7] DEBUG o.s.orm.jpa.JpaTransactionManager - Participating in existing transaction
2026-03-16 16:58:39 [http-nio-8080-exec-1] DEBUG o.s.orm.jpa.JpaTransactionManager - Committing JPA transaction on EntityManager [SessionImpl(803206255<open>)]
2026-03-16 16:58:39 [http-nio-8080-exec-7] DEBUG org.hibernate.SQL - select ua1_0.scrty_dtrmn_trget_id,ua1_0.author_code,ua1_0.frst_register_id,ua1_0.frst_regist_pnttm,ua1_0.last_updusr_id,ua1_0.last_updt_pnttm,ua1_0.mber_ty_code from nemplyrscrtyestbs ua1_0 where ua1_0.scrty_dtrmn_trget_id=?
2026-03-16 16:58:39 [http-nio-8080-exec-1] DEBUG o.s.orm.jpa.JpaTransactionManager - Closing JPA EntityManager [SessionImpl(803206255<open>)] after transaction
2026-03-16 16:58:39 [http-nio-8080-exec-1] DEBUG c.c.p.s.jwt.JwtAuthenticationFilter - >>> [JwtFilter] Successfully authenticated user: USRCNFRM_99999999999, Authorities: [ROLE_ADMIN]
2026-03-16 16:58:39 [http-nio-8080-exec-1] DEBUG o.s.web.servlet.DispatcherServlet - GET "/api/v1/menu/left?menuNo=40", parameters={masked}
2026-03-16 16:58:39 [http-nio-8080-exec-1] TRACE o.s.w.s.m.m.a.RequestMappingHandlerMapping - Mapped to com.company.project.api.controller.menu.MenuController#getLeftMenu(Long)
2026-03-16 16:58:39 [http-nio-8080-exec-1] INFO  c.c.p.a.c.menu.MenuController - getLeftMenu called with menuNo=40
2026-03-16 16:58:39 [http-nio-8080-exec-1] DEBUG o.s.orm.jpa.JpaTransactionManager - Creating new transaction with name [com.company.project.service.menu.MenuService.getSubMenus]: PROPAGATION_REQUIRED,ISOLATION_DEFAULT,readOnly
2026-03-16 16:58:39 [http-nio-8080-exec-1] DEBUG o.s.orm.jpa.JpaTransactionManager - Opened new EntityManager [SessionImpl(593542280<open>)] for JPA transaction
2026-03-16 16:58:39 [http-nio-8080-exec-1] DEBUG o.s.orm.jpa.JpaTransactionManager - Exposing JPA transaction as JDBC [org.springframework.orm.jpa.vendor.HibernateJpaDialect$HibernateConnectionHandle@61afe365]
2026-03-16 16:58:39 [http-nio-8080-exec-1] DEBUG org.hibernate.SQL - select m1_0.menu_no,m1_0.menu_dc,m1_0.menu_nm,m1_0.menu_ordr,m1_0.modern_route,m1_0.progrm_file_nm,m1_0.relate_image_nm,m1_0.relate_image_path,m1_0.route_updated_at,m1_0.upper_menu_no from nmenuinfo m1_0 order by m1_0.upper_menu_no,m1_0.menu_ordr
2026-03-16 16:58:39 [http-nio-8080-exec-7] DEBUG o.s.orm.jpa.JpaTransactionManager - Initiating transaction commit
2026-03-16 16:58:39 [http-nio-8080-exec-7] DEBUG o.s.orm.jpa.JpaTransactionManager - Committing JPA transaction on EntityManager [SessionImpl(1872159935<open>)]
2026-03-16 16:58:39 [http-nio-8080-exec-7] DEBUG o.s.orm.jpa.JpaTransactionManager - Closing JPA EntityManager [SessionImpl(1872159935<open>)] after transaction
2026-03-16 16:58:39 [http-nio-8080-exec-7] DEBUG c.c.p.s.jwt.JwtAuthenticationFilter - >>> [JwtFilter] Successfully authenticated user: USRCNFRM_99999999999, Authorities: [ROLE_ADMIN]
2026-03-16 16:58:39 [http-nio-8080-exec-7] DEBUG o.s.web.servlet.DispatcherServlet - GET "/api/v1/admin/system/statistics/bbs?statsKind=COM101", parameters={masked}
2026-03-16 16:58:39 [http-nio-8080-exec-7] DEBUG o.s.w.s.h.SimpleUrlHandlerMapping - Mapped to ResourceHttpRequestHandler [classpath [META-INF/resources/], classpath [resources/], classpath [static/], classpath [public/], ServletContext [/]]
2026-03-16 16:58:39 [http-nio-8080-exec-7] DEBUG o.s.w.s.r.ResourceHttpRequestHandler - Resource not found
2026-03-16 16:58:39 [http-nio-8080-exec-7] DEBUG o.s.w.s.m.m.a.ExceptionHandlerExceptionResolver - Using @ExceptionHandler com.company.project.core.exception.GlobalExceptionHandler#handleException(Exception)
2026-03-16 16:58:39 [http-nio-8080-exec-7] ERROR c.c.p.c.e.GlobalExceptionHandler - >>> Internal Server Error: No static resource api/v1/admin/system/statistics/bbs.
org.springframework.web.servlet.resource.NoResourceFoundException: No static resource api/v1/admin/system/statistics/bbs.
	at org.springframework.web.servlet.resource.ResourceHttpRequestHandler.handleRequest(ResourceHttpRequestHandler.java:585)
	at org.springframework.web.servlet.mvc.HttpRequestHandlerAdapter.handle(HttpRequestHandlerAdapter.java:52)
	at org.springframework.web.servlet.DispatcherServlet.doDispatch(DispatcherServlet.java:1088)
	at org.springframework.web.servlet.DispatcherServlet.doService(DispatcherServlet.java:978)
	at org.springframework.web.servlet.FrameworkServlet.processRequest(FrameworkServlet.java:1014)
	at org.springframework.web.servlet.FrameworkServlet.doGet(FrameworkServlet.java:903)
	at jakarta.servlet.http.HttpServlet.service(HttpServlet.java:527)
	at org.springframework.web.servlet.FrameworkServlet.service(FrameworkServlet.java:885)
	at jakarta.servlet.http.HttpServlet.service(HttpServlet.java:614)
	at org.apache.catalina.core.ApplicationFilterChain.internalDoFilter(ApplicationFilterChain.java:195)
	at org.apache.catalina.core.ApplicationFilterChain.doFilter(ApplicationFilterChain.java:140)
	at org.apache.tomcat.websocket.server.WsFilter.doFilter(WsFilter.java:51)
	at org.apache.catalina.core.ApplicationFilterChain.internalDoFilter(ApplicationFilterChain.java:164)
	at org.apache.catalina.core.ApplicationFilterChain.doFilter(ApplicationFilterChain.java:140)
	at org.springframework.web.filter.CompositeFilter$VirtualFilterChain.doFilter(CompositeFilter.java:108)
	at org.springframework.security.web.FilterChainProxy.lambda$doFilterInternal$3(FilterChainProxy.java:231)
	at org.springframework.security.web.ObservationFilterChainDecorator$FilterObservation$SimpleFilterObservation.lambda$wrap$1(ObservationFilterChainDecorator.java:479)
	at org.springframework.security.web.ObservationFilterChainDecorator$AroundFilterObservation$SimpleAroundFilterObservation.lambda$wrap$1(ObservationFilterChainDecorator.java:340)
	at org.springframework.security.web.ObservationFilterChainDecorator.lambda$wrapSecured$0(ObservationFilterChainDecorator.java:82)
	at org.springframework.security.web.ObservationFilterChainDecorator$VirtualFilterChain.doFilter(ObservationFilterChainDecorator.java:128)
	at org.springframework.security.web.access.intercept.AuthorizationFilter.doFilter(AuthorizationFilter.java:101)
	at org.springframework.security.web.ObservationFilterChainDecorator$ObservationFilter.wrapFilter(ObservationFilterChainDecorator.java:240)
	at org.springframework.security.web.ObservationFilterChainDecorator$ObservationFilter.doFilter(ObservationFilterChainDecorator.java:227)
	at org.springframework.security.web.ObservationFilterChainDecorator$VirtualFilterChain.doFilter(ObservationFilterChainDecorator.java:137)
	at org.springframework.security.web.access.ExceptionTranslationFilter.doFilter(ExceptionTranslationFilter.java:126)
	at org.springframework.security.web.access.ExceptionTranslationFilter.doFilter(ExceptionTranslationFilter.java:120)
	at org.springframework.security.web.ObservationFilterChainDecorator$ObservationFilter.wrapFilter(ObservationFilterChainDecorator.java:240)
	at org.springframework.security.web.ObservationFilterChainDecorator$ObservationFilter.doFilter(ObservationFilterChainDecorator.java:227)
	at org.springframework.security.web.ObservationFilterChainDecorator$VirtualFilterChain.doFilter(ObservationFilterChainDecorator.java:137)
	at org.springframework.security.web.session.SessionManagementFilter.doFilter(SessionManagementFilter.java:131)
	at org.springframework.security.web.session.SessionManagementFilter.doFilter(SessionManagementFilter.java:85)
	at org.springframework.security.web.ObservationFilterChainDecorator$ObservationFilter.wrapFilter(ObservationFilterChainDecorator.java:240)
	at org.springframework.security.web.ObservationFilterChainDecorator$ObservationFilter.doFilter(ObservationFilterChainDecorator.java:227)
	at org.springframework.security.web.ObservationFilterChainDecorator$VirtualFilterChain.doFilter(ObservationFilterChainDecorator.java:137)
	at org.springframework.security.web.authentication.AnonymousAuthenticationFilter.doFilter(AnonymousAuthenticationFilter.java:100)
	at org.springframework.security.web.ObservationFilterChainDecorator$ObservationFilter.wrapFilter(ObservationFilterChainDecorator.java:240)
	at org.springframework.security.web.ObservationFilterChainDecorator$ObservationFilter.doFilter(ObservationFilterChainDecorator.java:227)
	at org.springframework.security.web.ObservationFilterChainDecorator$VirtualFilterChain.doFilter(ObservationFilterChainDecorator.java:137)
	at org.springframework.security.web.servletapi.SecurityContextHolderAwareRequestFilter.doFilter(SecurityContextHolderAwareRequestFilter.java:179)
	at org.springframework.security.web.ObservationFilterChainDecorator$ObservationFilter.wrapFilter(ObservationFilterChainDecorator.java:240)
	at org.springframework.security.web.ObservationFilterChainDecorator$ObservationFilter.doFilter(ObservationFilterChainDecorator.java:227)
	at org.springframework.security.web.ObservationFilterChainDecorator$VirtualFilterChain.doFilter(ObservationFilterChainDecorator.java:137)
	at org.springframework.security.web.savedrequest.RequestCacheAwareFilter.doFilter(RequestCacheAwareFilter.java:63)
	at org.springframework.security.web.ObservationFilterChainDecorator$ObservationFilter.wrapFilter(ObservationFilterChainDecorator.java:240)
	at org.springframework.security.web.ObservationFilterChainDecorator$ObservationFilter.doFilter(ObservationFilterChainDecorator.java:227)
	at org.springframework.security.web.ObservationFilterChainDecorator$VirtualFilterChain.doFilter(ObservationFilterChainDecorator.java:137)
	at com.company.project.security.jwt.JwtAuthenticationFilter.doFilterInternal(JwtAuthenticationFilter.java:52)
	at org.springframework.web.filter.OncePerRequestFilter.doFilter(OncePerRequestFilter.java:116)
	at org.springframework.security.web.ObservationFilterChainDecorator$ObservationFilter.wrapFilter(ObservationFilterChainDecorator.java:240)
	at org.springframework.security.web.ObservationFilterChainDecorator$ObservationFilter.doFilter(ObservationFilterChainDecorator.java:227)
	at org.springframework.security.web.ObservationFilterChainDecorator$VirtualFilterChain.doFilter(ObservationFilterChainDecorator.java:137)
	at org.springframework.security.web.authentication.logout.LogoutFilter.doFilter(LogoutFilter.java:107)
	at org.springframework.security.web.authentication.logout.LogoutFilter.doFilter(LogoutFilter.java:93)
	at org.springframework.security.web.ObservationFilterChainDecorator$ObservationFilter.wrapFilter(ObservationFilterChainDecorator.java:240)
	at org.springframework.security.web.ObservationFilterChainDecorator$ObservationFilter.doFilter(ObservationFilterChainDecorator.java:227)
	at org.springframework.security.web.ObservationFilterChainDecorator$VirtualFilterChain.doFilter(ObservationFilterChainDecorator.java:137)
	at org.springframework.web.filter.CorsFilter.doFilterInternal(CorsFilter.java:91)
	at org.springframework.web.filter.OncePerRequestFilter.doFilter(OncePerRequestFilter.java:116)
	at org.springframework.security.web.ObservationFilterChainDecorator$ObservationFilter.wrapFilter(ObservationFilterChainDecorator.java:240)
	at org.springframework.security.web.ObservationFilterChainDecorator$ObservationFilter.doFilter(ObservationFilterChainDecorator.java:227)
	at org.springframework.security.web.ObservationFilterChainDecorator$VirtualFilterChain.doFilter(ObservationFilterChainDecorator.java:137)
	at org.springframework.security.web.header.HeaderWriterFilter.doHeadersAfter(HeaderWriterFilter.java:90)
	at org.springframework.security.web.header.HeaderWriterFilter.doFilterInternal(HeaderWriterFilter.java:75)
	at org.springframework.web.filter.OncePerRequestFilter.doFilter(OncePerRequestFilter.java:116)
	at org.springframework.security.web.ObservationFilterChainDecorator$ObservationFilter.wrapFilter(ObservationFilterChainDecorator.java:240)
	at org.springframework.security.web.ObservationFilterChainDecorator$ObservationFilter.doFilter(ObservationFilterChainDecorator.java:227)
	at org.springframework.security.web.ObservationFilterChainDecorator$VirtualFilterChain.doFilter(ObservationFilterChainDecorator.java:137)
	at org.springframework.security.web.context.SecurityContextHolderFilter.doFilter(SecurityContextHolderFilter.java:82)
	at org.springframework.security.web.context.SecurityContextHolderFilter.doFilter(SecurityContextHolderFilter.java:69)
	at org.springframework.security.web.ObservationFilterChainDecorator$ObservationFilter.wrapFilter(ObservationFilterChainDecorator.java:240)
	at org.springframework.security.web.ObservationFilterChainDecorator$ObservationFilter.doFilter(ObservationFilterChainDecorator.java:227)
	at org.springframework.security.web.ObservationFilterChainDecorator$VirtualFilterChain.doFilter(ObservationFilterChainDecorator.java:137)
	at org.springframework.security.web.context.request.async.WebAsyncManagerIntegrationFilter.doFilterInternal(WebAsyncManagerIntegrationFilter.java:62)
	at org.springframework.web.filter.OncePerRequestFilter.doFilter(OncePerRequestFilter.java:116)
	at org.springframework.security.web.ObservationFilterChainDecorator$ObservationFilter.wrapFilter(ObservationFilterChainDecorator.java:240)
	at org.springframework.security.web.ObservationFilterChainDecorator$ObservationFilter.doFilter(ObservationFilterChainDecorator.java:227)
	at org.springframework.security.web.ObservationFilterChainDecorator$VirtualFilterChain.doFilter(ObservationFilterChainDecorator.java:137)
	at org.springframework.security.web.session.DisableEncodeUrlFilter.doFilterInternal(DisableEncodeUrlFilter.java:42)
	at org.springframework.web.filter.OncePerRequestFilter.doFilter(OncePerRequestFilter.java:116)
	at org.springframework.security.web.ObservationFilterChainDecorator$ObservationFilter.wrapFilter(ObservationFilterChainDecorator.java:240)
	at org.springframework.security.web.ObservationFilterChainDecorator$AroundFilterObservation$SimpleAroundFilterObservation.lambda$wrap$0(ObservationFilterChainDecorator.java:323)
	at org.springframework.security.web.ObservationFilterChainDecorator$ObservationFilter.doFilter(ObservationFilterChainDecorator.java:224)
	at org.springframework.security.web.ObservationFilterChainDecorator$VirtualFilterChain.doFilter(ObservationFilterChainDecorator.java:137)
	at org.springframework.security.web.FilterChainProxy.doFilterInternal(FilterChainProxy.java:233)
	at org.springframework.security.web.FilterChainProxy.doFilter(FilterChainProxy.java:191)
	at org.springframework.web.filter.CompositeFilter$VirtualFilterChain.doFilter(CompositeFilter.java:113)
	at org.springframework.web.servlet.handler.HandlerMappingIntrospector.lambda$createCacheFilter$3(HandlerMappingIntrospector.java:243)
	at org.springframework.web.filter.CompositeFilter$VirtualFilterChain.doFilter(CompositeFilter.java:113)
	at org.springframework.web.filter.CompositeFilter.doFilter(CompositeFilter.java:74)
	at org.springframework.security.config.annotation.web.configuration.WebMvcSecurityConfiguration$CompositeFilterChainProxy.doFilter(WebMvcSecurityConfiguration.java:238)
	at org.springframework.web.filter.DelegatingFilterProxy.invokeDelegate(DelegatingFilterProxy.java:362)
	at org.springframework.web.filter.DelegatingFilterProxy.doFilter(DelegatingFilterProxy.java:278)
	at org.apache.catalina.core.ApplicationFilterChain.internalDoFilter(ApplicationFilterChain.java:164)
	at org.apache.catalina.core.ApplicationFilterChain.doFilter(ApplicationFilterChain.java:140)
	at org.springframework.web.filter.RequestContextFilter.doFilterInternal(RequestContextFilter.java:100)
	at org.springframework.web.filter.OncePerRequestFilter.doFilter(OncePerRequestFilter.java:116)
	at org.apache.catalina.core.ApplicationFilterChain.internalDoFilter(ApplicationFilterChain.java:164)
	at org.apache.catalina.core.ApplicationFilterChain.doFilter(ApplicationFilterChain.java:140)
	at org.springframework.web.filter.FormContentFilter.doFilterInternal(FormContentFilter.java:93)
	at org.springframework.web.filter.OncePerRequestFilter.doFilter(OncePerRequestFilter.java:116)
	at org.apache.catalina.core.ApplicationFilterChain.internalDoFilter(ApplicationFilterChain.java:164)
	at org.apache.catalina.core.ApplicationFilterChain.doFilter(ApplicationFilterChain.java:140)
	at org.springframework.web.filter.ServerHttpObservationFilter.doFilterInternal(ServerHttpObservationFilter.java:114)
	at org.springframework.web.filter.OncePerRequestFilter.doFilter(OncePerRequestFilter.java:116)
	at org.apache.catalina.core.ApplicationFilterChain.internalDoFilter(ApplicationFilterChain.java:164)
	at org.apache.catalina.core.ApplicationFilterChain.doFilter(ApplicationFilterChain.java:140)
	at org.springframework.web.filter.CharacterEncodingFilter.doFilterInternal(CharacterEncodingFilter.java:201)
	at org.springframework.web.filter.OncePerRequestFilter.doFilter(OncePerRequestFilter.java:116)
	at org.apache.catalina.core.ApplicationFilterChain.internalDoFilter(ApplicationFilterChain.java:164)
	at org.apache.catalina.core.ApplicationFilterChain.doFilter(ApplicationFilterChain.java:140)
	at org.apache.catalina.core.StandardWrapperValve.invoke(StandardWrapperValve.java:167)
	at org.apache.catalina.core.StandardContextValve.invoke(StandardContextValve.java:90)
	at org.apache.catalina.authenticator.AuthenticatorBase.invoke(AuthenticatorBase.java:483)
	at org.apache.catalina.core.StandardHostValve.invoke(StandardHostValve.java:115)
	at org.apache.catalina.valves.ErrorReportValve.invoke(ErrorReportValve.java:93)
	at org.apache.catalina.core.StandardEngineValve.invoke(StandardEngineValve.java:74)
	at org.apache.catalina.connector.CoyoteAdapter.service(CoyoteAdapter.java:344)
	at org.apache.coyote.http11.Http11Processor.service(Http11Processor.java:397)
	at org.apache.coyote.AbstractProcessorLight.process(AbstractProcessorLight.java:63)
	at org.apache.coyote.AbstractProtocol$ConnectionHandler.process(AbstractProtocol.java:905)
	at org.apache.tomcat.util.net.NioEndpoint$SocketProcessor.doRun(NioEndpoint.java:1741)
	at org.apache.tomcat.util.net.SocketProcessorBase.run(SocketProcessorBase.java:52)
	at org.apache.tomcat.util.threads.ThreadPoolExecutor.runWorker(ThreadPoolExecutor.java:1190)
	at org.apache.tomcat.util.threads.ThreadPoolExecutor$Worker.run(ThreadPoolExecutor.java:659)
	at org.apache.tomcat.util.threads.TaskThread$WrappingRunnable.run(TaskThread.java:63)
	at java.base/java.lang.Thread.run(Thread.java:1583)
2026-03-16 16:58:39 [http-nio-8080-exec-7] DEBUG o.s.w.s.m.m.a.HttpEntityMethodProcessor - Using 'application/json', given [application/json, text/plain, */*] and supported [application/json, application/*+json, application/yaml]
2026-03-16 16:58:39 [http-nio-8080-exec-7] TRACE o.s.w.s.m.m.a.HttpEntityMethodProcessor - Writing [ApiResponse[success=false, status=500, code=C004, message=예기치 않은 서버 오류가 발생했습니다., data=null, timestamp=2026-03-16T16:58:39.669255700]]
2026-03-16 16:58:39 [http-nio-8080-exec-7] DEBUG o.s.w.s.m.m.a.ExceptionHandlerExceptionResolver - Resolved [org.springframework.web.servlet.resource.NoResourceFoundException: No static resource api/v1/admin/system/statistics/bbs.]
2026-03-16 16:58:39 [http-nio-8080-exec-7] DEBUG o.s.web.servlet.DispatcherServlet - Completed 500 INTERNAL_SERVER_ERROR
2026-03-16 16:58:39 [http-nio-8080-exec-1] DEBUG o.s.orm.jpa.JpaTransactionManager - Found thread-bound EntityManager [SessionImpl(593542280<open>)] for JPA transaction
2026-03-16 16:58:39 [http-nio-8080-exec-1] DEBUG o.s.orm.jpa.JpaTransactionManager - Participating in existing transaction
2026-03-16 16:58:39 [http-nio-8080-exec-1] DEBUG org.hibernate.SQL - select p1_0.progrm_file_nm,p1_0.progrm_dc,p1_0.progrm_korean_nm,p1_0.progrm_stre_path,p1_0.url from nprogrmlist p1_0
2026-03-16 16:58:39 [http-nio-8080-exec-1] DEBUG o.s.orm.jpa.JpaTransactionManager - Initiating transaction commit
2026-03-16 16:58:39 [http-nio-8080-exec-1] DEBUG o.s.orm.jpa.JpaTransactionManager - Committing JPA transaction on EntityManager [SessionImpl(593542280<open>)]
2026-03-16 16:58:40 [http-nio-8080-exec-1] DEBUG o.s.orm.jpa.JpaTransactionManager - Closing JPA EntityManager [SessionImpl(593542280<open>)] after transaction
2026-03-16 16:58:40 [http-nio-8080-exec-1] INFO  c.c.p.a.c.menu.MenuController - getLeftMenu returned 2 items
2026-03-16 16:58:40 [http-nio-8080-exec-1] DEBUG o.s.w.s.m.m.a.HttpEntityMethodProcessor - Using 'application/json', given [application/json, text/plain, */*] and supported [application/json, application/*+json, application/yaml]
2026-03-16 16:58:40 [http-nio-8080-exec-1] TRACE o.s.w.s.m.m.a.HttpEntityMethodProcessor - Writing [ApiResponse[success=true, status=200, code=COMMON_001, message=Success, data={list=[com.company.project.service.menu.dto.MenuDto@55c21978, com.company.project.service.menu.dto.MenuDto@46764d6e]}, timestamp=2026-03-16T16:58:40.114364100]]
2026-03-16 16:58:40 [http-nio-8080-exec-1] INFO  c.c.p.a.i.OperationalAuditInterceptor - API Audit Log: URL=/api/v1/menu/left, User=webmaster, IP=127.0.0.1
2026-03-16 16:58:40 [http-nio-8080-exec-1] DEBUG o.s.web.servlet.DispatcherServlet - Completed 200 OK
2026-03-16 16:58:40 [http-nio-8080-exec-6] DEBUG c.c.p.s.jwt.JwtAuthenticationFilter - >>> [JwtFilter] Processing request: GET /api/v1/menu/left
2026-03-16 16:58:40 [http-nio-8080-exec-6] DEBUG c.c.p.s.jwt.JwtAuthenticationFilter - >>> [JwtFilter] Found token in header for path: /api/v1/menu/left
2026-03-16 16:58:40 [http-nio-8080-exec-6] DEBUG o.s.orm.jpa.JpaTransactionManager - Creating new transaction with name [com.company.project.security.iam.CustomUserDetailsService.loadUserByUsername]: PROPAGATION_REQUIRED,ISOLATION_DEFAULT,readOnly
2026-03-16 16:58:40 [http-nio-8080-exec-6] DEBUG o.s.orm.jpa.JpaTransactionManager - Opened new EntityManager [SessionImpl(1901404498<open>)] for JPA transaction
2026-03-16 16:58:40 [http-nio-8080-exec-6] DEBUG o.s.orm.jpa.JpaTransactionManager - Exposing JPA transaction as JDBC [org.springframework.orm.jpa.vendor.HibernateJpaDialect$HibernateConnectionHandle@414e521]
2026-03-16 16:58:40 [http-nio-8080-exec-6] DEBUG o.s.orm.jpa.JpaTransactionManager - Found thread-bound EntityManager [SessionImpl(1901404498<open>)] for JPA transaction
2026-03-16 16:58:40 [http-nio-8080-exec-6] DEBUG o.s.orm.jpa.JpaTransactionManager - Participating in existing transaction
2026-03-16 16:58:40 [http-nio-8080-exec-6] DEBUG org.hibernate.SQL - select u1_0.emplyr_id,u1_0.area_no,u1_0.brthdy,u1_0.chg_pwd_cnt,u1_0.frst_register_id,u1_0.frst_regist_pnttm,u1_0.detail_adres,u1_0.email_adres,u1_0.emplyr_sttus_code,u1_0.empl_no,u1_0.esntl_id,u1_0.fxnum,u1_0.group_id,u1_0.house_adres,u1_0.house_end_telno,u1_0.house_middle_telno,u1_0.ihidnum,u1_0.pstinst_code,u1_0.last_updusr_id,u1_0.last_updt_pnttm,u1_0.lock_at,u1_0.lock_cnt,u1_0.lock_last_pnttm,u1_0.mbtlnum,u1_0.ofcps_nm,u1_0.offm_telno,u1_0.orgnzt_id,u1_0.password,u1_0.password_cnsr,u1_0.password_hint,u1_0.chg_pwd_last_pnttm,u1_0.role,u1_0.sbscrb_de,u1_0.sexdstn_code,u1_0.crtfc_dn_value,u1_0.user_nm,u1_0.zip from nemplyrinfo u1_0 where u1_0.emplyr_id=?
2026-03-16 16:58:40 [http-nio-8080-exec-6] DEBUG o.s.orm.jpa.JpaTransactionManager - Found thread-bound EntityManager [SessionImpl(1901404498<open>)] for JPA transaction
2026-03-16 16:58:40 [http-nio-8080-exec-6] DEBUG o.s.orm.jpa.JpaTransactionManager - Participating in existing transaction
2026-03-16 16:58:40 [http-nio-8080-exec-6] DEBUG org.hibernate.SQL - select ua1_0.scrty_dtrmn_trget_id,ua1_0.author_code,ua1_0.frst_register_id,ua1_0.frst_regist_pnttm,ua1_0.last_updusr_id,ua1_0.last_updt_pnttm,ua1_0.mber_ty_code from nemplyrscrtyestbs ua1_0 where ua1_0.scrty_dtrmn_trget_id=?
2026-03-16 16:58:40 [http-nio-8080-exec-6] DEBUG o.s.orm.jpa.JpaTransactionManager - Initiating transaction commit
2026-03-16 16:58:40 [http-nio-8080-exec-6] DEBUG o.s.orm.jpa.JpaTransactionManager - Committing JPA transaction on EntityManager [SessionImpl(1901404498<open>)]
2026-03-16 16:58:40 [http-nio-8080-exec-6] DEBUG o.s.orm.jpa.JpaTransactionManager - Closing JPA EntityManager [SessionImpl(1901404498<open>)] after transaction
2026-03-16 16:58:40 [http-nio-8080-exec-6] DEBUG c.c.p.s.jwt.JwtAuthenticationFilter - >>> [JwtFilter] Successfully authenticated user: USRCNFRM_99999999999, Authorities: [ROLE_ADMIN]
2026-03-16 16:58:40 [http-nio-8080-exec-6] DEBUG o.s.web.servlet.DispatcherServlet - GET "/api/v1/menu/left?menuNo=50", parameters={masked}
2026-03-16 16:58:40 [http-nio-8080-exec-6] TRACE o.s.w.s.m.m.a.RequestMappingHandlerMapping - Mapped to com.company.project.api.controller.menu.MenuController#getLeftMenu(Long)
2026-03-16 16:58:40 [http-nio-8080-exec-6] INFO  c.c.p.a.c.menu.MenuController - getLeftMenu called with menuNo=50
2026-03-16 16:58:40 [http-nio-8080-exec-6] DEBUG o.s.orm.jpa.JpaTransactionManager - Creating new transaction with name [com.company.project.service.menu.MenuService.getSubMenus]: PROPAGATION_REQUIRED,ISOLATION_DEFAULT,readOnly
2026-03-16 16:58:40 [http-nio-8080-exec-6] DEBUG o.s.orm.jpa.JpaTransactionManager - Opened new EntityManager [SessionImpl(1793415926<open>)] for JPA transaction
2026-03-16 16:58:40 [http-nio-8080-exec-6] DEBUG o.s.orm.jpa.JpaTransactionManager - Exposing JPA transaction as JDBC [org.springframework.orm.jpa.vendor.HibernateJpaDialect$HibernateConnectionHandle@a2fad7c]
2026-03-16 16:58:40 [http-nio-8080-exec-6] DEBUG org.hibernate.SQL - select m1_0.menu_no,m1_0.menu_dc,m1_0.menu_nm,m1_0.menu_ordr,m1_0.modern_route,m1_0.progrm_file_nm,m1_0.relate_image_nm,m1_0.relate_image_path,m1_0.route_updated_at,m1_0.upper_menu_no from nmenuinfo m1_0 order by m1_0.upper_menu_no,m1_0.menu_ordr
2026-03-16 16:58:41 [http-nio-8080-exec-6] DEBUG o.s.orm.jpa.JpaTransactionManager - Found thread-bound EntityManager [SessionImpl(1793415926<open>)] for JPA transaction
2026-03-16 16:58:41 [http-nio-8080-exec-6] DEBUG o.s.orm.jpa.JpaTransactionManager - Participating in existing transaction
2026-03-16 16:58:41 [http-nio-8080-exec-6] DEBUG org.hibernate.SQL - select p1_0.progrm_file_nm,p1_0.progrm_dc,p1_0.progrm_korean_nm,p1_0.progrm_stre_path,p1_0.url from nprogrmlist p1_0
2026-03-16 16:58:41 [http-nio-8080-exec-6] DEBUG o.s.orm.jpa.JpaTransactionManager - Initiating transaction commit
2026-03-16 16:58:41 [http-nio-8080-exec-6] DEBUG o.s.orm.jpa.JpaTransactionManager - Committing JPA transaction on EntityManager [SessionImpl(1793415926<open>)]
2026-03-16 16:58:41 [http-nio-8080-exec-6] DEBUG o.s.orm.jpa.JpaTransactionManager - Closing JPA EntityManager [SessionImpl(1793415926<open>)] after transaction
2026-03-16 16:58:41 [http-nio-8080-exec-6] INFO  c.c.p.a.c.menu.MenuController - getLeftMenu returned 3 items
2026-03-16 16:58:41 [http-nio-8080-exec-6] DEBUG o.s.w.s.m.m.a.HttpEntityMethodProcessor - Using 'application/json', given [application/json, text/plain, */*] and supported [application/json, application/*+json, application/yaml]
2026-03-16 16:58:41 [http-nio-8080-exec-6] TRACE o.s.w.s.m.m.a.HttpEntityMethodProcessor - Writing [ApiResponse[success=true, status=200, code=COMMON_001, message=Success, data={list=[com.company.project.service.menu.dto.MenuDto@9e55be0, com.company.project.service.menu.dto.MenuDto@580d1f15, com.company.project.service.menu.dto.MenuDto@65a647a6]}, timestamp=2026-03-16T16:58:41.398160500]]
2026-03-16 16:58:41 [http-nio-8080-exec-6] INFO  c.c.p.a.i.OperationalAuditInterceptor - API Audit Log: URL=/api/v1/menu/left, User=webmaster, IP=127.0.0.1
2026-03-16 16:58:41 [http-nio-8080-exec-6] DEBUG o.s.web.servlet.DispatcherServlet - Completed 200 OK
2026-03-16 16:58:41 [http-nio-8080-exec-9] DEBUG c.c.p.s.jwt.JwtAuthenticationFilter - >>> [JwtFilter] Processing request: GET /api/v1/menu/left
2026-03-16 16:58:41 [http-nio-8080-exec-9] DEBUG c.c.p.s.jwt.JwtAuthenticationFilter - >>> [JwtFilter] Found token in header for path: /api/v1/menu/left
2026-03-16 16:58:41 [http-nio-8080-exec-9] DEBUG o.s.orm.jpa.JpaTransactionManager - Creating new transaction with name [com.company.project.security.iam.CustomUserDetailsService.loadUserByUsername]: PROPAGATION_REQUIRED,ISOLATION_DEFAULT,readOnly
2026-03-16 16:58:41 [http-nio-8080-exec-9] DEBUG o.s.orm.jpa.JpaTransactionManager - Opened new EntityManager [SessionImpl(139006438<open>)] for JPA transaction
2026-03-16 16:58:41 [MessageBroker-8] DEBUG o.s.w.s.s.t.h.DefaultSockJsService - Closed 1 sessions: [hgs3r3yu]
2026-03-16 16:58:41 [http-nio-8080-exec-9] DEBUG o.s.orm.jpa.JpaTransactionManager - Exposing JPA transaction as JDBC [org.springframework.orm.jpa.vendor.HibernateJpaDialect$HibernateConnectionHandle@1d22b319]
2026-03-16 16:58:41 [http-nio-8080-exec-9] DEBUG o.s.orm.jpa.JpaTransactionManager - Found thread-bound EntityManager [SessionImpl(139006438<open>)] for JPA transaction
2026-03-16 16:58:41 [http-nio-8080-exec-9] DEBUG o.s.orm.jpa.JpaTransactionManager - Participating in existing transaction
2026-03-16 16:58:41 [http-nio-8080-exec-9] DEBUG org.hibernate.SQL - select u1_0.emplyr_id,u1_0.area_no,u1_0.brthdy,u1_0.chg_pwd_cnt,u1_0.frst_register_id,u1_0.frst_regist_pnttm,u1_0.detail_adres,u1_0.email_adres,u1_0.emplyr_sttus_code,u1_0.empl_no,u1_0.esntl_id,u1_0.fxnum,u1_0.group_id,u1_0.house_adres,u1_0.house_end_telno,u1_0.house_middle_telno,u1_0.ihidnum,u1_0.pstinst_code,u1_0.last_updusr_id,u1_0.last_updt_pnttm,u1_0.lock_at,u1_0.lock_cnt,u1_0.lock_last_pnttm,u1_0.mbtlnum,u1_0.ofcps_nm,u1_0.offm_telno,u1_0.orgnzt_id,u1_0.password,u1_0.password_cnsr,u1_0.password_hint,u1_0.chg_pwd_last_pnttm,u1_0.role,u1_0.sbscrb_de,u1_0.sexdstn_code,u1_0.crtfc_dn_value,u1_0.user_nm,u1_0.zip from nemplyrinfo u1_0 where u1_0.emplyr_id=?
2026-03-16 16:58:41 [http-nio-8080-exec-9] DEBUG o.s.orm.jpa.JpaTransactionManager - Found thread-bound EntityManager [SessionImpl(139006438<open>)] for JPA transaction
2026-03-16 16:58:41 [http-nio-8080-exec-9] DEBUG o.s.orm.jpa.JpaTransactionManager - Participating in existing transaction
2026-03-16 16:58:41 [http-nio-8080-exec-9] DEBUG org.hibernate.SQL - select ua1_0.scrty_dtrmn_trget_id,ua1_0.author_code,ua1_0.frst_register_id,ua1_0.frst_regist_pnttm,ua1_0.last_updusr_id,ua1_0.last_updt_pnttm,ua1_0.mber_ty_code from nemplyrscrtyestbs ua1_0 where ua1_0.scrty_dtrmn_trget_id=?
2026-03-16 16:58:41 [http-nio-8080-exec-9] DEBUG o.s.orm.jpa.JpaTransactionManager - Initiating transaction commit
2026-03-16 16:58:41 [http-nio-8080-exec-9] DEBUG o.s.orm.jpa.JpaTransactionManager - Committing JPA transaction on EntityManager [SessionImpl(139006438<open>)]
2026-03-16 16:58:42 [http-nio-8080-exec-9] DEBUG o.s.orm.jpa.JpaTransactionManager - Closing JPA EntityManager [SessionImpl(139006438<open>)] after transaction
2026-03-16 16:58:42 [http-nio-8080-exec-9] DEBUG c.c.p.s.jwt.JwtAuthenticationFilter - >>> [JwtFilter] Successfully authenticated user: USRCNFRM_99999999999, Authorities: [ROLE_ADMIN]
2026-03-16 16:58:42 [http-nio-8080-exec-9] DEBUG o.s.web.servlet.DispatcherServlet - GET "/api/v1/menu/left?menuNo=60", parameters={masked}
2026-03-16 16:58:42 [http-nio-8080-exec-9] TRACE o.s.w.s.m.m.a.RequestMappingHandlerMapping - Mapped to com.company.project.api.controller.menu.MenuController#getLeftMenu(Long)
2026-03-16 16:58:42 [http-nio-8080-exec-9] INFO  c.c.p.a.c.menu.MenuController - getLeftMenu called with menuNo=60
2026-03-16 16:58:42 [http-nio-8080-exec-9] DEBUG o.s.orm.jpa.JpaTransactionManager - Creating new transaction with name [com.company.project.service.menu.MenuService.getSubMenus]: PROPAGATION_REQUIRED,ISOLATION_DEFAULT,readOnly
2026-03-16 16:58:42 [http-nio-8080-exec-9] DEBUG o.s.orm.jpa.JpaTransactionManager - Opened new EntityManager [SessionImpl(1520781087<open>)] for JPA transaction
2026-03-16 16:58:42 [http-nio-8080-exec-9] DEBUG o.s.orm.jpa.JpaTransactionManager - Exposing JPA transaction as JDBC [org.springframework.orm.jpa.vendor.HibernateJpaDialect$HibernateConnectionHandle@e2d8dc0]
2026-03-16 16:58:42 [http-nio-8080-exec-9] DEBUG org.hibernate.SQL - select m1_0.menu_no,m1_0.menu_dc,m1_0.menu_nm,m1_0.menu_ordr,m1_0.modern_route,m1_0.progrm_file_nm,m1_0.relate_image_nm,m1_0.relate_image_path,m1_0.route_updated_at,m1_0.upper_menu_no from nmenuinfo m1_0 order by m1_0.upper_menu_no,m1_0.menu_ordr
2026-03-16 16:58:42 [http-nio-8080-exec-9] DEBUG o.s.orm.jpa.JpaTransactionManager - Found thread-bound EntityManager [SessionImpl(1520781087<open>)] for JPA transaction
2026-03-16 16:58:42 [http-nio-8080-exec-9] DEBUG o.s.orm.jpa.JpaTransactionManager - Participating in existing transaction
2026-03-16 16:58:42 [http-nio-8080-exec-9] DEBUG org.hibernate.SQL - select p1_0.progrm_file_nm,p1_0.progrm_dc,p1_0.progrm_korean_nm,p1_0.progrm_stre_path,p1_0.url from nprogrmlist p1_0
2026-03-16 16:58:42 [http-nio-8080-exec-9] DEBUG o.s.orm.jpa.JpaTransactionManager - Initiating transaction commit
2026-03-16 16:58:42 [http-nio-8080-exec-9] DEBUG o.s.orm.jpa.JpaTransactionManager - Committing JPA transaction on EntityManager [SessionImpl(1520781087<open>)]
2026-03-16 16:58:42 [http-nio-8080-exec-9] DEBUG o.s.orm.jpa.JpaTransactionManager - Closing JPA EntityManager [SessionImpl(1520781087<open>)] after transaction
2026-03-16 16:58:42 [http-nio-8080-exec-9] INFO  c.c.p.a.c.menu.MenuController - getLeftMenu returned 1 items
2026-03-16 16:58:42 [http-nio-8080-exec-9] DEBUG o.s.w.s.m.m.a.HttpEntityMethodProcessor - Using 'application/json', given [application/json, text/plain, */*] and supported [application/json, application/*+json, application/yaml]
2026-03-16 16:58:42 [http-nio-8080-exec-9] TRACE o.s.w.s.m.m.a.HttpEntityMethodProcessor - Writing [ApiResponse[success=true, status=200, code=COMMON_001, message=Success, data={list=[com.company.project.service.menu.dto.MenuDto@5c148417]}, timestamp=2026-03-16T16:58:42.631047900]]
2026-03-16 16:58:42 [http-nio-8080-exec-9] INFO  c.c.p.a.i.OperationalAuditInterceptor - API Audit Log: URL=/api/v1/menu/left, User=webmaster, IP=127.0.0.1
2026-03-16 16:58:42 [http-nio-8080-exec-9] DEBUG o.s.web.servlet.DispatcherServlet - Completed 200 OK
2026-03-16 16:58:46 [scheduling-1] DEBUG o.s.w.s.m.WebSocketAnnotationMethodMessageHandler - Searching methods to handle SEND /app/user.disconnect session=kvspen5y, lookupDestination='/user.disconnect'
2026-03-16 16:58:46 [scheduling-1] DEBUG o.s.w.s.m.WebSocketAnnotationMethodMessageHandler - Invoking RealTimeDashboardController#handleUserDisconnect[0 args]
2026-03-16 16:58:46 [scheduling-1] INFO  c.c.p.c.s.RealTimeDashboardController - User disconnected
2026-03-16 16:58:46 [scheduling-1] DEBUG org.springframework.web.SimpLogging - Processing UNSUBSCRIBE id=sub-4 session=kvspen5y
2026-03-16 16:58:46 [scheduling-1] DEBUG org.springframework.web.SimpLogging - Processing UNSUBSCRIBE id=sub-5 session=kvspen5y
2026-03-16 16:58:46 [scheduling-1] DEBUG org.springframework.web.SimpLogging - Processing UNSUBSCRIBE id=sub-6 session=kvspen5y
2026-03-16 16:58:47 [http-nio-8080-exec-1] DEBUG c.c.p.s.jwt.JwtAuthenticationFilter - >>> [JwtFilter] Processing request: GET /api/v1/boards/BBSMSTR_AAAAAAAAAAAA
2026-03-16 16:58:47 [http-nio-8080-exec-1] DEBUG c.c.p.s.jwt.JwtAuthenticationFilter - >>> [JwtFilter] Found token in header for path: /api/v1/boards/BBSMSTR_AAAAAAAAAAAA
2026-03-16 16:58:47 [http-nio-8080-exec-1] DEBUG o.s.orm.jpa.JpaTransactionManager - Creating new transaction with name [com.company.project.security.iam.CustomUserDetailsService.loadUserByUsername]: PROPAGATION_REQUIRED,ISOLATION_DEFAULT,readOnly
2026-03-16 16:58:47 [http-nio-8080-exec-1] DEBUG o.s.orm.jpa.JpaTransactionManager - Opened new EntityManager [SessionImpl(1027881851<open>)] for JPA transaction
2026-03-16 16:58:47 [http-nio-8080-exec-1] DEBUG o.s.orm.jpa.JpaTransactionManager - Exposing JPA transaction as JDBC [org.springframework.orm.jpa.vendor.HibernateJpaDialect$HibernateConnectionHandle@6aa9fafc]
2026-03-16 16:58:47 [http-nio-8080-exec-1] DEBUG o.s.orm.jpa.JpaTransactionManager - Found thread-bound EntityManager [SessionImpl(1027881851<open>)] for JPA transaction
2026-03-16 16:58:47 [http-nio-8080-exec-1] DEBUG o.s.orm.jpa.JpaTransactionManager - Participating in existing transaction
2026-03-16 16:58:47 [http-nio-8080-exec-1] DEBUG org.hibernate.SQL - select u1_0.emplyr_id,u1_0.area_no,u1_0.brthdy,u1_0.chg_pwd_cnt,u1_0.frst_register_id,u1_0.frst_regist_pnttm,u1_0.detail_adres,u1_0.email_adres,u1_0.emplyr_sttus_code,u1_0.empl_no,u1_0.esntl_id,u1_0.fxnum,u1_0.group_id,u1_0.house_adres,u1_0.house_end_telno,u1_0.house_middle_telno,u1_0.ihidnum,u1_0.pstinst_code,u1_0.last_updusr_id,u1_0.last_updt_pnttm,u1_0.lock_at,u1_0.lock_cnt,u1_0.lock_last_pnttm,u1_0.mbtlnum,u1_0.ofcps_nm,u1_0.offm_telno,u1_0.orgnzt_id,u1_0.password,u1_0.password_cnsr,u1_0.password_hint,u1_0.chg_pwd_last_pnttm,u1_0.role,u1_0.sbscrb_de,u1_0.sexdstn_code,u1_0.crtfc_dn_value,u1_0.user_nm,u1_0.zip from nemplyrinfo u1_0 where u1_0.emplyr_id=?
2026-03-16 16:58:47 [http-nio-8080-exec-1] DEBUG o.s.orm.jpa.JpaTransactionManager - Found thread-bound EntityManager [SessionImpl(1027881851<open>)] for JPA transaction
2026-03-16 16:58:47 [http-nio-8080-exec-1] DEBUG o.s.orm.jpa.JpaTransactionManager - Participating in existing transaction
2026-03-16 16:58:47 [http-nio-8080-exec-1] DEBUG org.hibernate.SQL - select ua1_0.scrty_dtrmn_trget_id,ua1_0.author_code,ua1_0.frst_register_id,ua1_0.frst_regist_pnttm,ua1_0.last_updusr_id,ua1_0.last_updt_pnttm,ua1_0.mber_ty_code from nemplyrscrtyestbs ua1_0 where ua1_0.scrty_dtrmn_trget_id=?
2026-03-16 16:58:47 [http-nio-8080-exec-1] DEBUG o.s.orm.jpa.JpaTransactionManager - Initiating transaction commit
2026-03-16 16:58:47 [http-nio-8080-exec-1] DEBUG o.s.orm.jpa.JpaTransactionManager - Committing JPA transaction on EntityManager [SessionImpl(1027881851<open>)]
2026-03-16 16:58:47 [http-nio-8080-exec-1] DEBUG o.s.orm.jpa.JpaTransactionManager - Closing JPA EntityManager [SessionImpl(1027881851<open>)] after transaction
2026-03-16 16:58:47 [http-nio-8080-exec-1] DEBUG c.c.p.s.jwt.JwtAuthenticationFilter - >>> [JwtFilter] Successfully authenticated user: USRCNFRM_99999999999, Authorities: [ROLE_ADMIN]
2026-03-16 16:58:47 [http-nio-8080-exec-1] DEBUG o.s.web.servlet.DispatcherServlet - GET "/api/v1/boards/BBSMSTR_AAAAAAAAAAAA?page=0&size=10&searchWrd=&searchCnd=0", parameters={masked}
2026-03-16 16:58:47 [http-nio-8080-exec-1] TRACE o.s.w.s.m.m.a.RequestMappingHandlerMapping - Mapped to com.company.project.api.controller.board.BoardController#getPosts(String, Pageable)
2026-03-16 16:58:47 [http-nio-8080-exec-1] DEBUG o.s.o.j.SharedEntityManagerCreator$SharedEntityManagerInvocationHandler - Creating new EntityManager for shared EntityManager invocation
2026-03-16 16:58:47 [http-nio-8080-exec-1] DEBUG o.s.o.j.SharedEntityManagerCreator$SharedEntityManagerInvocationHandler - Creating new EntityManager for shared EntityManager invocation
2026-03-16 16:58:47 [http-nio-8080-exec-1] DEBUG o.s.o.j.SharedEntityManagerCreator$SharedEntityManagerInvocationHandler - Creating new EntityManager for shared EntityManager invocation
2026-03-16 16:58:47 [http-nio-8080-exec-1] DEBUG o.s.o.j.SharedEntityManagerCreator$SharedEntityManagerInvocationHandler - Creating new EntityManager for shared EntityManager invocation
2026-03-16 16:58:47 [http-nio-8080-exec-1] DEBUG o.s.o.j.SharedEntityManagerCreator$SharedEntityManagerInvocationHandler - Creating new EntityManager for shared EntityManager invocation
2026-03-16 16:58:47 [http-nio-8080-exec-1] DEBUG o.s.o.j.SharedEntityManagerCreator$SharedEntityManagerInvocationHandler - Creating new EntityManager for shared EntityManager invocation
2026-03-16 16:58:47 [http-nio-8080-exec-1] DEBUG o.s.orm.jpa.JpaTransactionManager - Creating new transaction with name [com.company.project.service.board.BoardService.getBoardPosts]: PROPAGATION_REQUIRED,ISOLATION_DEFAULT,readOnly
2026-03-16 16:58:47 [http-nio-8080-exec-1] DEBUG o.s.orm.jpa.JpaTransactionManager - Opened new EntityManager [SessionImpl(5946546<open>)] for JPA transaction
2026-03-16 16:58:47 [http-nio-8080-exec-1] DEBUG o.s.orm.jpa.JpaTransactionManager - Exposing JPA transaction as JDBC [org.springframework.orm.jpa.vendor.HibernateJpaDialect$HibernateConnectionHandle@3a1821b7]
2026-03-16 16:58:47 [http-nio-8080-exec-1] DEBUG o.s.orm.jpa.JpaTransactionManager - Found thread-bound EntityManager [SessionImpl(5946546<open>)] for JPA transaction
2026-03-16 16:58:47 [http-nio-8080-exec-1] DEBUG o.s.orm.jpa.JpaTransactionManager - Participating in existing transaction
2026-03-16 16:58:47 [http-nio-8080-exec-1] DEBUG org.hibernate.SQL - select bm1_0.bbs_id,bm1_0.atch_posbl_file_number,bm1_0.atch_posbl_file_size,bm1_0.bbs_attrb_code,bm1_0.bbs_intrcn,bm1_0.bbs_nm,bm1_0.bbs_ty_code,bm1_0.blog_at,bm1_0.blog_id,bm1_0.cmmnty_id,bm1_0.frst_register_id,bm1_0.frst_regist_pnttm,bm1_0.file_atch_posbl_at,bm1_0.last_updusr_id,bm1_0.last_updt_pnttm,bm1_0.reply_posbl_at,bm1_0.tmplat_id,bm1_0.use_at,bm1_1.answer_at,bm1_1.stsfdg_at from nbbsmaster bm1_0 left join nbbsmasteroptn bm1_1 on bm1_0.bbs_id=bm1_1.bbs_id where bm1_0.bbs_id=?
2026-03-16 16:58:48 [http-nio-8080-exec-1] DEBUG org.hibernate.SQL - select b1_0.ntt_id,b1_0.bbs_id,b1_0.ntt_sj,b1_0.ntcr_nm,b1_0.frst_regist_pnttm,b1_0.rdcnt,b1_0.answer_at,b1_0.parntsctt_no,b1_0.answer_lc,b1_0.sort_ordr,b1_0.ntt_no,b1_0.notice_at,b1_0.secret_at,b1_0.comment_co from nbbs b1_0 left join nemplyrinfo u1_0 on b1_0.frst_register_id=u1_0.esntl_id where (b1_0.use_at = 'Y') and b1_0.bbs_id=? order by b1_0.sort_ordr desc,b1_0.ntt_no offset ? rows fetch first ? rows only
2026-03-16 16:58:48 [http-nio-8080-exec-1] DEBUG org.hibernate.SQL - select count(b1_0.ntt_id) from nbbs b1_0 left join nemplyrinfo u1_0 on b1_0.frst_register_id=u1_0.esntl_id where (b1_0.use_at = 'Y') and b1_0.bbs_id=?
2026-03-16 16:58:48 [http-nio-8080-exec-1] DEBUG o.s.orm.jpa.JpaTransactionManager - Initiating transaction commit
2026-03-16 16:58:48 [http-nio-8080-exec-1] DEBUG o.s.orm.jpa.JpaTransactionManager - Committing JPA transaction on EntityManager [SessionImpl(5946546<open>)]
2026-03-16 16:58:48 [http-nio-8080-exec-1] DEBUG o.s.orm.jpa.JpaTransactionManager - Closing JPA EntityManager [SessionImpl(5946546<open>)] after transaction
2026-03-16 16:58:48 [http-nio-8080-exec-1] DEBUG o.s.w.s.m.m.a.HttpEntityMethodProcessor - Using 'application/json', given [application/json, text/plain, */*] and supported [application/json, application/*+json, application/yaml]
2026-03-16 16:58:48 [http-nio-8080-exec-1] TRACE o.s.w.s.m.m.a.HttpEntityMethodProcessor - Writing [ApiResponse[success=true, status=200, code=COMMON_001, message=Success, data=Page 1 of 1 containing com.company.project.service.board.dto.BoardDto instances, timestamp=2026-03-16T16:58:48.555400800]]
2026-03-16 16:58:48 [http-nio-8080-exec-1] WARN  o.s.d.w.c.SpringDataJacksonConfiguration$PageModule$WarningLoggingModifier - Serializing PageImpl instances as-is is not supported, meaning that there is no guarantee about the stability of the resulting JSON structure!
	For a stable JSON structure, please use Spring Data's PagedModel (globally via @EnableSpringDataWebSupport(pageSerializationMode = VIA_DTO))
	or Spring HATEOAS and Spring Data's PagedResourcesAssembler as documented in https://docs.spring.io/spring-data/commons/reference/repositories/core-extensions.html#core.web.pageables.

2026-03-16 16:58:48 [http-nio-8080-exec-1] INFO  c.c.p.a.i.OperationalAuditInterceptor - API Audit Log: URL=/api/v1/boards/BBSMSTR_AAAAAAAAAAAA, User=webmaster, IP=127.0.0.1
2026-03-16 16:58:48 [http-nio-8080-exec-1] DEBUG o.s.web.servlet.DispatcherServlet - Completed 200 OK
2026-03-16 16:58:48 [http-nio-8080-exec-5] DEBUG c.c.p.s.jwt.JwtAuthenticationFilter - >>> [JwtFilter] Processing request: GET /api/v1/boards/BBSMSTR_AAAAAAAAAAAA
2026-03-16 16:58:48 [http-nio-8080-exec-5] DEBUG c.c.p.s.jwt.JwtAuthenticationFilter - >>> [JwtFilter] Found token in header for path: /api/v1/boards/BBSMSTR_AAAAAAAAAAAA
2026-03-16 16:58:48 [http-nio-8080-exec-5] DEBUG o.s.orm.jpa.JpaTransactionManager - Creating new transaction with name [com.company.project.security.iam.CustomUserDetailsService.loadUserByUsername]: PROPAGATION_REQUIRED,ISOLATION_DEFAULT,readOnly
2026-03-16 16:58:48 [http-nio-8080-exec-5] DEBUG o.s.orm.jpa.JpaTransactionManager - Opened new EntityManager [SessionImpl(336240203<open>)] for JPA transaction
2026-03-16 16:58:48 [http-nio-8080-exec-5] DEBUG o.s.orm.jpa.JpaTransactionManager - Exposing JPA transaction as JDBC [org.springframework.orm.jpa.vendor.HibernateJpaDialect$HibernateConnectionHandle@a91b87f]
2026-03-16 16:58:48 [http-nio-8080-exec-5] DEBUG o.s.orm.jpa.JpaTransactionManager - Found thread-bound EntityManager [SessionImpl(336240203<open>)] for JPA transaction
2026-03-16 16:58:48 [http-nio-8080-exec-5] DEBUG o.s.orm.jpa.JpaTransactionManager - Participating in existing transaction
2026-03-16 16:58:48 [http-nio-8080-exec-5] DEBUG org.hibernate.SQL - select u1_0.emplyr_id,u1_0.area_no,u1_0.brthdy,u1_0.chg_pwd_cnt,u1_0.frst_register_id,u1_0.frst_regist_pnttm,u1_0.detail_adres,u1_0.email_adres,u1_0.emplyr_sttus_code,u1_0.empl_no,u1_0.esntl_id,u1_0.fxnum,u1_0.group_id,u1_0.house_adres,u1_0.house_end_telno,u1_0.house_middle_telno,u1_0.ihidnum,u1_0.pstinst_code,u1_0.last_updusr_id,u1_0.last_updt_pnttm,u1_0.lock_at,u1_0.lock_cnt,u1_0.lock_last_pnttm,u1_0.mbtlnum,u1_0.ofcps_nm,u1_0.offm_telno,u1_0.orgnzt_id,u1_0.password,u1_0.password_cnsr,u1_0.password_hint,u1_0.chg_pwd_last_pnttm,u1_0.role,u1_0.sbscrb_de,u1_0.sexdstn_code,u1_0.crtfc_dn_value,u1_0.user_nm,u1_0.zip from nemplyrinfo u1_0 where u1_0.emplyr_id=?
2026-03-16 16:58:48 [http-nio-8080-exec-5] DEBUG o.s.orm.jpa.JpaTransactionManager - Found thread-bound EntityManager [SessionImpl(336240203<open>)] for JPA transaction
2026-03-16 16:58:48 [http-nio-8080-exec-5] DEBUG o.s.orm.jpa.JpaTransactionManager - Participating in existing transaction
2026-03-16 16:58:48 [http-nio-8080-exec-5] DEBUG org.hibernate.SQL - select ua1_0.scrty_dtrmn_trget_id,ua1_0.author_code,ua1_0.frst_register_id,ua1_0.frst_regist_pnttm,ua1_0.last_updusr_id,ua1_0.last_updt_pnttm,ua1_0.mber_ty_code from nemplyrscrtyestbs ua1_0 where ua1_0.scrty_dtrmn_trget_id=?
2026-03-16 16:58:49 [http-nio-8080-exec-5] DEBUG o.s.orm.jpa.JpaTransactionManager - Initiating transaction commit
2026-03-16 16:58:49 [http-nio-8080-exec-5] DEBUG o.s.orm.jpa.JpaTransactionManager - Committing JPA transaction on EntityManager [SessionImpl(336240203<open>)]
2026-03-16 16:58:49 [http-nio-8080-exec-5] DEBUG o.s.orm.jpa.JpaTransactionManager - Closing JPA EntityManager [SessionImpl(336240203<open>)] after transaction
2026-03-16 16:58:49 [http-nio-8080-exec-5] DEBUG c.c.p.s.jwt.JwtAuthenticationFilter - >>> [JwtFilter] Successfully authenticated user: USRCNFRM_99999999999, Authorities: [ROLE_ADMIN]
2026-03-16 16:58:49 [http-nio-8080-exec-5] DEBUG o.s.web.servlet.DispatcherServlet - GET "/api/v1/boards/BBSMSTR_AAAAAAAAAAAA?page=0&size=10&searchWrd=&searchCnd=0", parameters={masked}
2026-03-16 16:58:49 [http-nio-8080-exec-5] TRACE o.s.w.s.m.m.a.RequestMappingHandlerMapping - Mapped to com.company.project.api.controller.board.BoardController#getPosts(String, Pageable)
2026-03-16 16:58:49 [http-nio-8080-exec-5] DEBUG o.s.orm.jpa.JpaTransactionManager - Creating new transaction with name [com.company.project.service.board.BoardService.getBoardPosts]: PROPAGATION_REQUIRED,ISOLATION_DEFAULT,readOnly
2026-03-16 16:58:49 [http-nio-8080-exec-5] DEBUG o.s.orm.jpa.JpaTransactionManager - Opened new EntityManager [SessionImpl(779552493<open>)] for JPA transaction
2026-03-16 16:58:49 [http-nio-8080-exec-5] DEBUG o.s.orm.jpa.JpaTransactionManager - Exposing JPA transaction as JDBC [org.springframework.orm.jpa.vendor.HibernateJpaDialect$HibernateConnectionHandle@152c9cdb]
2026-03-16 16:58:49 [http-nio-8080-exec-5] DEBUG o.s.orm.jpa.JpaTransactionManager - Found thread-bound EntityManager [SessionImpl(779552493<open>)] for JPA transaction
2026-03-16 16:58:49 [http-nio-8080-exec-5] DEBUG o.s.orm.jpa.JpaTransactionManager - Participating in existing transaction
2026-03-16 16:58:49 [http-nio-8080-exec-5] DEBUG org.hibernate.SQL - select bm1_0.bbs_id,bm1_0.atch_posbl_file_number,bm1_0.atch_posbl_file_size,bm1_0.bbs_attrb_code,bm1_0.bbs_intrcn,bm1_0.bbs_nm,bm1_0.bbs_ty_code,bm1_0.blog_at,bm1_0.blog_id,bm1_0.cmmnty_id,bm1_0.frst_register_id,bm1_0.frst_regist_pnttm,bm1_0.file_atch_posbl_at,bm1_0.last_updusr_id,bm1_0.last_updt_pnttm,bm1_0.reply_posbl_at,bm1_0.tmplat_id,bm1_0.use_at,bm1_1.answer_at,bm1_1.stsfdg_at from nbbsmaster bm1_0 left join nbbsmasteroptn bm1_1 on bm1_0.bbs_id=bm1_1.bbs_id where bm1_0.bbs_id=?
2026-03-16 16:58:49 [http-nio-8080-exec-5] DEBUG org.hibernate.SQL - select b1_0.ntt_id,b1_0.bbs_id,b1_0.ntt_sj,b1_0.ntcr_nm,b1_0.frst_regist_pnttm,b1_0.rdcnt,b1_0.answer_at,b1_0.parntsctt_no,b1_0.answer_lc,b1_0.sort_ordr,b1_0.ntt_no,b1_0.notice_at,b1_0.secret_at,b1_0.comment_co from nbbs b1_0 left join nemplyrinfo u1_0 on b1_0.frst_register_id=u1_0.esntl_id where (b1_0.use_at = 'Y') and b1_0.bbs_id=? order by b1_0.sort_ordr desc,b1_0.ntt_no offset ? rows fetch first ? rows only
2026-03-16 16:58:49 [http-nio-8080-exec-5] DEBUG org.hibernate.SQL - select count(b1_0.ntt_id) from nbbs b1_0 left join nemplyrinfo u1_0 on b1_0.frst_register_id=u1_0.esntl_id where (b1_0.use_at = 'Y') and b1_0.bbs_id=?
2026-03-16 16:58:49 [http-nio-8080-exec-5] DEBUG o.s.orm.jpa.JpaTransactionManager - Initiating transaction commit
2026-03-16 16:58:49 [http-nio-8080-exec-5] DEBUG o.s.orm.jpa.JpaTransactionManager - Committing JPA transaction on EntityManager [SessionImpl(779552493<open>)]
2026-03-16 16:58:49 [http-nio-8080-exec-5] DEBUG o.s.orm.jpa.JpaTransactionManager - Closing JPA EntityManager [SessionImpl(779552493<open>)] after transaction
2026-03-16 16:58:49 [http-nio-8080-exec-5] DEBUG o.s.w.s.m.m.a.HttpEntityMethodProcessor - Using 'application/json', given [application/json, text/plain, */*] and supported [application/json, application/*+json, application/yaml]
2026-03-16 16:58:49 [http-nio-8080-exec-5] TRACE o.s.w.s.m.m.a.HttpEntityMethodProcessor - Writing [ApiResponse[success=true, status=200, code=COMMON_001, message=Success, data=Page 1 of 1 containing com.company.project.service.board.dto.BoardDto instances, timestamp=2026-03-16T16:58:49.833007800]]
2026-03-16 16:58:49 [http-nio-8080-exec-5] INFO  c.c.p.a.i.OperationalAuditInterceptor - API Audit Log: URL=/api/v1/boards/BBSMSTR_AAAAAAAAAAAA, User=webmaster, IP=127.0.0.1
2026-03-16 16:58:49 [http-nio-8080-exec-5] DEBUG o.s.web.servlet.DispatcherServlet - Completed 200 OK
2026-03-16 16:58:49 [http-nio-8080-exec-4] DEBUG c.c.p.s.jwt.JwtAuthenticationFilter - >>> [JwtFilter] Processing request: GET /api/v1/boards/BBSMSTR_AAAAAAAAAAAA
2026-03-16 16:58:49 [http-nio-8080-exec-4] DEBUG c.c.p.s.jwt.JwtAuthenticationFilter - >>> [JwtFilter] Found token in header for path: /api/v1/boards/BBSMSTR_AAAAAAAAAAAA
2026-03-16 16:58:49 [http-nio-8080-exec-4] DEBUG o.s.orm.jpa.JpaTransactionManager - Creating new transaction with name [com.company.project.security.iam.CustomUserDetailsService.loadUserByUsername]: PROPAGATION_REQUIRED,ISOLATION_DEFAULT,readOnly
2026-03-16 16:58:49 [http-nio-8080-exec-4] DEBUG o.s.orm.jpa.JpaTransactionManager - Opened new EntityManager [SessionImpl(1202078051<open>)] for JPA transaction
2026-03-16 16:58:49 [http-nio-8080-exec-4] DEBUG o.s.orm.jpa.JpaTransactionManager - Exposing JPA transaction as JDBC [org.springframework.orm.jpa.vendor.HibernateJpaDialect$HibernateConnectionHandle@30f82980]
2026-03-16 16:58:49 [http-nio-8080-exec-4] DEBUG o.s.orm.jpa.JpaTransactionManager - Found thread-bound EntityManager [SessionImpl(1202078051<open>)] for JPA transaction
2026-03-16 16:58:49 [http-nio-8080-exec-4] DEBUG o.s.orm.jpa.JpaTransactionManager - Participating in existing transaction
2026-03-16 16:58:49 [http-nio-8080-exec-4] DEBUG org.hibernate.SQL - select u1_0.emplyr_id,u1_0.area_no,u1_0.brthdy,u1_0.chg_pwd_cnt,u1_0.frst_register_id,u1_0.frst_regist_pnttm,u1_0.detail_adres,u1_0.email_adres,u1_0.emplyr_sttus_code,u1_0.empl_no,u1_0.esntl_id,u1_0.fxnum,u1_0.group_id,u1_0.house_adres,u1_0.house_end_telno,u1_0.house_middle_telno,u1_0.ihidnum,u1_0.pstinst_code,u1_0.last_updusr_id,u1_0.last_updt_pnttm,u1_0.lock_at,u1_0.lock_cnt,u1_0.lock_last_pnttm,u1_0.mbtlnum,u1_0.ofcps_nm,u1_0.offm_telno,u1_0.orgnzt_id,u1_0.password,u1_0.password_cnsr,u1_0.password_hint,u1_0.chg_pwd_last_pnttm,u1_0.role,u1_0.sbscrb_de,u1_0.sexdstn_code,u1_0.crtfc_dn_value,u1_0.user_nm,u1_0.zip from nemplyrinfo u1_0 where u1_0.emplyr_id=?
2026-03-16 16:58:50 [http-nio-8080-exec-4] DEBUG o.s.orm.jpa.JpaTransactionManager - Found thread-bound EntityManager [SessionImpl(1202078051<open>)] for JPA transaction
2026-03-16 16:58:50 [http-nio-8080-exec-4] DEBUG o.s.orm.jpa.JpaTransactionManager - Participating in existing transaction
2026-03-16 16:58:50 [http-nio-8080-exec-4] DEBUG org.hibernate.SQL - select ua1_0.scrty_dtrmn_trget_id,ua1_0.author_code,ua1_0.frst_register_id,ua1_0.frst_regist_pnttm,ua1_0.last_updusr_id,ua1_0.last_updt_pnttm,ua1_0.mber_ty_code from nemplyrscrtyestbs ua1_0 where ua1_0.scrty_dtrmn_trget_id=?
2026-03-16 16:58:50 [http-nio-8080-exec-4] DEBUG o.s.orm.jpa.JpaTransactionManager - Initiating transaction commit
2026-03-16 16:58:50 [http-nio-8080-exec-4] DEBUG o.s.orm.jpa.JpaTransactionManager - Committing JPA transaction on EntityManager [SessionImpl(1202078051<open>)]
2026-03-16 16:58:50 [http-nio-8080-exec-4] DEBUG o.s.orm.jpa.JpaTransactionManager - Closing JPA EntityManager [SessionImpl(1202078051<open>)] after transaction
2026-03-16 16:58:50 [http-nio-8080-exec-4] DEBUG c.c.p.s.jwt.JwtAuthenticationFilter - >>> [JwtFilter] Successfully authenticated user: USRCNFRM_99999999999, Authorities: [ROLE_ADMIN]
2026-03-16 16:58:50 [http-nio-8080-exec-4] DEBUG o.s.web.servlet.DispatcherServlet - GET "/api/v1/boards/BBSMSTR_AAAAAAAAAAAA?page=0&size=10&searchWrd=&searchCnd=0", parameters={masked}
2026-03-16 16:58:50 [http-nio-8080-exec-4] TRACE o.s.w.s.m.m.a.RequestMappingHandlerMapping - Mapped to com.company.project.api.controller.board.BoardController#getPosts(String, Pageable)
2026-03-16 16:58:50 [http-nio-8080-exec-4] DEBUG o.s.orm.jpa.JpaTransactionManager - Creating new transaction with name [com.company.project.service.board.BoardService.getBoardPosts]: PROPAGATION_REQUIRED,ISOLATION_DEFAULT,readOnly
2026-03-16 16:58:50 [http-nio-8080-exec-4] DEBUG o.s.orm.jpa.JpaTransactionManager - Opened new EntityManager [SessionImpl(1672501543<open>)] for JPA transaction
2026-03-16 16:58:50 [http-nio-8080-exec-4] DEBUG o.s.orm.jpa.JpaTransactionManager - Exposing JPA transaction as JDBC [org.springframework.orm.jpa.vendor.HibernateJpaDialect$HibernateConnectionHandle@289b703d]
2026-03-16 16:58:50 [http-nio-8080-exec-4] DEBUG o.s.orm.jpa.JpaTransactionManager - Found thread-bound EntityManager [SessionImpl(1672501543<open>)] for JPA transaction
2026-03-16 16:58:50 [http-nio-8080-exec-4] DEBUG o.s.orm.jpa.JpaTransactionManager - Participating in existing transaction
2026-03-16 16:58:50 [http-nio-8080-exec-4] DEBUG org.hibernate.SQL - select bm1_0.bbs_id,bm1_0.atch_posbl_file_number,bm1_0.atch_posbl_file_size,bm1_0.bbs_attrb_code,bm1_0.bbs_intrcn,bm1_0.bbs_nm,bm1_0.bbs_ty_code,bm1_0.blog_at,bm1_0.blog_id,bm1_0.cmmnty_id,bm1_0.frst_register_id,bm1_0.frst_regist_pnttm,bm1_0.file_atch_posbl_at,bm1_0.last_updusr_id,bm1_0.last_updt_pnttm,bm1_0.reply_posbl_at,bm1_0.tmplat_id,bm1_0.use_at,bm1_1.answer_at,bm1_1.stsfdg_at from nbbsmaster bm1_0 left join nbbsmasteroptn bm1_1 on bm1_0.bbs_id=bm1_1.bbs_id where bm1_0.bbs_id=?
2026-03-16 16:58:50 [http-nio-8080-exec-4] DEBUG org.hibernate.SQL - select b1_0.ntt_id,b1_0.bbs_id,b1_0.ntt_sj,b1_0.ntcr_nm,b1_0.frst_regist_pnttm,b1_0.rdcnt,b1_0.answer_at,b1_0.parntsctt_no,b1_0.answer_lc,b1_0.sort_ordr,b1_0.ntt_no,b1_0.notice_at,b1_0.secret_at,b1_0.comment_co from nbbs b1_0 left join nemplyrinfo u1_0 on b1_0.frst_register_id=u1_0.esntl_id where (b1_0.use_at = 'Y') and b1_0.bbs_id=? order by b1_0.sort_ordr desc,b1_0.ntt_no offset ? rows fetch first ? rows only
2026-03-16 16:58:50 [http-nio-8080-exec-4] DEBUG org.hibernate.SQL - select count(b1_0.ntt_id) from nbbs b1_0 left join nemplyrinfo u1_0 on b1_0.frst_register_id=u1_0.esntl_id where (b1_0.use_at = 'Y') and b1_0.bbs_id=?
2026-03-16 16:58:50 [http-nio-8080-exec-4] DEBUG o.s.orm.jpa.JpaTransactionManager - Initiating transaction commit
2026-03-16 16:58:50 [http-nio-8080-exec-4] DEBUG o.s.orm.jpa.JpaTransactionManager - Committing JPA transaction on EntityManager [SessionImpl(1672501543<open>)]
2026-03-16 16:58:51 [http-nio-8080-exec-4] DEBUG o.s.orm.jpa.JpaTransactionManager - Closing JPA EntityManager [SessionImpl(1672501543<open>)] after transaction
2026-03-16 16:58:51 [http-nio-8080-exec-4] DEBUG o.s.w.s.m.m.a.HttpEntityMethodProcessor - Using 'application/json', given [application/json, text/plain, */*] and supported [application/json, application/*+json, application/yaml]
2026-03-16 16:58:51 [http-nio-8080-exec-4] TRACE o.s.w.s.m.m.a.HttpEntityMethodProcessor - Writing [ApiResponse[success=true, status=200, code=COMMON_001, message=Success, data=Page 1 of 1 containing com.company.project.service.board.dto.BoardDto instances, timestamp=2026-03-16T16:58:51.051951600]]
2026-03-16 16:58:51 [http-nio-8080-exec-4] INFO  c.c.p.a.i.OperationalAuditInterceptor - API Audit Log: URL=/api/v1/boards/BBSMSTR_AAAAAAAAAAAA, User=webmaster, IP=127.0.0.1
2026-03-16 16:58:51 [http-nio-8080-exec-4] DEBUG o.s.web.servlet.DispatcherServlet - Completed 200 OK
2026-03-16 16:58:51 [http-nio-8080-exec-3] DEBUG c.c.p.s.jwt.JwtAuthenticationFilter - >>> [JwtFilter] Processing request: GET /api/v1/boards/BBSMSTR_AAAAAAAAAAAA
2026-03-16 16:58:51 [http-nio-8080-exec-3] DEBUG c.c.p.s.jwt.JwtAuthenticationFilter - >>> [JwtFilter] Found token in header for path: /api/v1/boards/BBSMSTR_AAAAAAAAAAAA
2026-03-16 16:58:51 [http-nio-8080-exec-3] DEBUG o.s.orm.jpa.JpaTransactionManager - Creating new transaction with name [com.company.project.security.iam.CustomUserDetailsService.loadUserByUsername]: PROPAGATION_REQUIRED,ISOLATION_DEFAULT,readOnly
2026-03-16 16:58:51 [http-nio-8080-exec-3] DEBUG o.s.orm.jpa.JpaTransactionManager - Opened new EntityManager [SessionImpl(1232746355<open>)] for JPA transaction
2026-03-16 16:58:51 [http-nio-8080-exec-3] DEBUG o.s.orm.jpa.JpaTransactionManager - Exposing JPA transaction as JDBC [org.springframework.orm.jpa.vendor.HibernateJpaDialect$HibernateConnectionHandle@2b33f57d]
2026-03-16 16:58:51 [http-nio-8080-exec-3] DEBUG o.s.orm.jpa.JpaTransactionManager - Found thread-bound EntityManager [SessionImpl(1232746355<open>)] for JPA transaction
2026-03-16 16:58:51 [http-nio-8080-exec-3] DEBUG o.s.orm.jpa.JpaTransactionManager - Participating in existing transaction
2026-03-16 16:58:51 [http-nio-8080-exec-3] DEBUG org.hibernate.SQL - select u1_0.emplyr_id,u1_0.area_no,u1_0.brthdy,u1_0.chg_pwd_cnt,u1_0.frst_register_id,u1_0.frst_regist_pnttm,u1_0.detail_adres,u1_0.email_adres,u1_0.emplyr_sttus_code,u1_0.empl_no,u1_0.esntl_id,u1_0.fxnum,u1_0.group_id,u1_0.house_adres,u1_0.house_end_telno,u1_0.house_middle_telno,u1_0.ihidnum,u1_0.pstinst_code,u1_0.last_updusr_id,u1_0.last_updt_pnttm,u1_0.lock_at,u1_0.lock_cnt,u1_0.lock_last_pnttm,u1_0.mbtlnum,u1_0.ofcps_nm,u1_0.offm_telno,u1_0.orgnzt_id,u1_0.password,u1_0.password_cnsr,u1_0.password_hint,u1_0.chg_pwd_last_pnttm,u1_0.role,u1_0.sbscrb_de,u1_0.sexdstn_code,u1_0.crtfc_dn_value,u1_0.user_nm,u1_0.zip from nemplyrinfo u1_0 where u1_0.emplyr_id=?
2026-03-16 16:58:51 [http-nio-8080-exec-3] DEBUG o.s.orm.jpa.JpaTransactionManager - Found thread-bound EntityManager [SessionImpl(1232746355<open>)] for JPA transaction
2026-03-16 16:58:51 [http-nio-8080-exec-3] DEBUG o.s.orm.jpa.JpaTransactionManager - Participating in existing transaction
2026-03-16 16:58:51 [http-nio-8080-exec-3] DEBUG org.hibernate.SQL - select ua1_0.scrty_dtrmn_trget_id,ua1_0.author_code,ua1_0.frst_register_id,ua1_0.frst_regist_pnttm,ua1_0.last_updusr_id,ua1_0.last_updt_pnttm,ua1_0.mber_ty_code from nemplyrscrtyestbs ua1_0 where ua1_0.scrty_dtrmn_trget_id=?
2026-03-16 16:58:51 [http-nio-8080-exec-3] DEBUG o.s.orm.jpa.JpaTransactionManager - Initiating transaction commit
2026-03-16 16:58:51 [http-nio-8080-exec-3] DEBUG o.s.orm.jpa.JpaTransactionManager - Committing JPA transaction on EntityManager [SessionImpl(1232746355<open>)]
2026-03-16 16:58:51 [http-nio-8080-exec-3] DEBUG o.s.orm.jpa.JpaTransactionManager - Closing JPA EntityManager [SessionImpl(1232746355<open>)] after transaction
2026-03-16 16:58:51 [http-nio-8080-exec-3] DEBUG c.c.p.s.jwt.JwtAuthenticationFilter - >>> [JwtFilter] Successfully authenticated user: USRCNFRM_99999999999, Authorities: [ROLE_ADMIN]
2026-03-16 16:58:51 [http-nio-8080-exec-3] DEBUG o.s.web.servlet.DispatcherServlet - GET "/api/v1/boards/BBSMSTR_AAAAAAAAAAAA?page=0&size=10&searchWrd=&searchCnd=0", parameters={masked}
2026-03-16 16:58:51 [http-nio-8080-exec-3] TRACE o.s.w.s.m.m.a.RequestMappingHandlerMapping - Mapped to com.company.project.api.controller.board.BoardController#getPosts(String, Pageable)
2026-03-16 16:58:51 [http-nio-8080-exec-3] DEBUG o.s.orm.jpa.JpaTransactionManager - Creating new transaction with name [com.company.project.service.board.BoardService.getBoardPosts]: PROPAGATION_REQUIRED,ISOLATION_DEFAULT,readOnly
2026-03-16 16:58:51 [http-nio-8080-exec-3] DEBUG o.s.orm.jpa.JpaTransactionManager - Opened new EntityManager [SessionImpl(571918237<open>)] for JPA transaction
2026-03-16 16:58:51 [http-nio-8080-exec-3] DEBUG o.s.orm.jpa.JpaTransactionManager - Exposing JPA transaction as JDBC [org.springframework.orm.jpa.vendor.HibernateJpaDialect$HibernateConnectionHandle@6fb6cd2c]
2026-03-16 16:58:51 [http-nio-8080-exec-3] DEBUG o.s.orm.jpa.JpaTransactionManager - Found thread-bound EntityManager [SessionImpl(571918237<open>)] for JPA transaction
2026-03-16 16:58:51 [http-nio-8080-exec-3] DEBUG o.s.orm.jpa.JpaTransactionManager - Participating in existing transaction
2026-03-16 16:58:51 [http-nio-8080-exec-3] DEBUG org.hibernate.SQL - select bm1_0.bbs_id,bm1_0.atch_posbl_file_number,bm1_0.atch_posbl_file_size,bm1_0.bbs_attrb_code,bm1_0.bbs_intrcn,bm1_0.bbs_nm,bm1_0.bbs_ty_code,bm1_0.blog_at,bm1_0.blog_id,bm1_0.cmmnty_id,bm1_0.frst_register_id,bm1_0.frst_regist_pnttm,bm1_0.file_atch_posbl_at,bm1_0.last_updusr_id,bm1_0.last_updt_pnttm,bm1_0.reply_posbl_at,bm1_0.tmplat_id,bm1_0.use_at,bm1_1.answer_at,bm1_1.stsfdg_at from nbbsmaster bm1_0 left join nbbsmasteroptn bm1_1 on bm1_0.bbs_id=bm1_1.bbs_id where bm1_0.bbs_id=?
2026-03-16 16:58:51 [http-nio-8080-exec-3] DEBUG org.hibernate.SQL - select b1_0.ntt_id,b1_0.bbs_id,b1_0.ntt_sj,b1_0.ntcr_nm,b1_0.frst_regist_pnttm,b1_0.rdcnt,b1_0.answer_at,b1_0.parntsctt_no,b1_0.answer_lc,b1_0.sort_ordr,b1_0.ntt_no,b1_0.notice_at,b1_0.secret_at,b1_0.comment_co from nbbs b1_0 left join nemplyrinfo u1_0 on b1_0.frst_register_id=u1_0.esntl_id where (b1_0.use_at = 'Y') and b1_0.bbs_id=? order by b1_0.sort_ordr desc,b1_0.ntt_no offset ? rows fetch first ? rows only
2026-03-16 16:58:52 [http-nio-8080-exec-3] DEBUG org.hibernate.SQL - select count(b1_0.ntt_id) from nbbs b1_0 left join nemplyrinfo u1_0 on b1_0.frst_register_id=u1_0.esntl_id where (b1_0.use_at = 'Y') and b1_0.bbs_id=?
2026-03-16 16:58:52 [http-nio-8080-exec-3] DEBUG o.s.orm.jpa.JpaTransactionManager - Initiating transaction commit
2026-03-16 16:58:52 [http-nio-8080-exec-3] DEBUG o.s.orm.jpa.JpaTransactionManager - Committing JPA transaction on EntityManager [SessionImpl(571918237<open>)]
2026-03-16 16:58:52 [http-nio-8080-exec-3] DEBUG o.s.orm.jpa.JpaTransactionManager - Closing JPA EntityManager [SessionImpl(571918237<open>)] after transaction
2026-03-16 16:58:52 [http-nio-8080-exec-3] DEBUG o.s.w.s.m.m.a.HttpEntityMethodProcessor - Using 'application/json', given [application/json, text/plain, */*] and supported [application/json, application/*+json, application/yaml]
2026-03-16 16:58:52 [http-nio-8080-exec-3] TRACE o.s.w.s.m.m.a.HttpEntityMethodProcessor - Writing [ApiResponse[success=true, status=200, code=COMMON_001, message=Success, data=Page 1 of 1 containing com.company.project.service.board.dto.BoardDto instances, timestamp=2026-03-16T16:58:52.320331400]]
2026-03-16 16:58:52 [http-nio-8080-exec-3] INFO  c.c.p.a.i.OperationalAuditInterceptor - API Audit Log: URL=/api/v1/boards/BBSMSTR_AAAAAAAAAAAA, User=webmaster, IP=127.0.0.1
2026-03-16 16:58:52 [http-nio-8080-exec-3] DEBUG o.s.web.servlet.DispatcherServlet - Completed 200 OK
2026-03-16 16:58:52 [http-nio-8080-exec-2] DEBUG c.c.p.s.jwt.JwtAuthenticationFilter - >>> [JwtFilter] Processing request: GET /api/v1/boards/BBSMSTR_AAAAAAAAAAAA
2026-03-16 16:58:52 [http-nio-8080-exec-2] DEBUG c.c.p.s.jwt.JwtAuthenticationFilter - >>> [JwtFilter] Found token in header for path: /api/v1/boards/BBSMSTR_AAAAAAAAAAAA
2026-03-16 16:58:52 [http-nio-8080-exec-2] DEBUG o.s.orm.jpa.JpaTransactionManager - Creating new transaction with name [com.company.project.security.iam.CustomUserDetailsService.loadUserByUsername]: PROPAGATION_REQUIRED,ISOLATION_DEFAULT,readOnly
2026-03-16 16:58:52 [http-nio-8080-exec-2] DEBUG o.s.orm.jpa.JpaTransactionManager - Opened new EntityManager [SessionImpl(302218889<open>)] for JPA transaction
2026-03-16 16:58:52 [http-nio-8080-exec-2] DEBUG o.s.orm.jpa.JpaTransactionManager - Exposing JPA transaction as JDBC [org.springframework.orm.jpa.vendor.HibernateJpaDialect$HibernateConnectionHandle@1557b84b]
2026-03-16 16:58:52 [http-nio-8080-exec-2] DEBUG o.s.orm.jpa.JpaTransactionManager - Found thread-bound EntityManager [SessionImpl(302218889<open>)] for JPA transaction
2026-03-16 16:58:52 [http-nio-8080-exec-2] DEBUG o.s.orm.jpa.JpaTransactionManager - Participating in existing transaction
2026-03-16 16:58:52 [http-nio-8080-exec-2] DEBUG org.hibernate.SQL - select u1_0.emplyr_id,u1_0.area_no,u1_0.brthdy,u1_0.chg_pwd_cnt,u1_0.frst_register_id,u1_0.frst_regist_pnttm,u1_0.detail_adres,u1_0.email_adres,u1_0.emplyr_sttus_code,u1_0.empl_no,u1_0.esntl_id,u1_0.fxnum,u1_0.group_id,u1_0.house_adres,u1_0.house_end_telno,u1_0.house_middle_telno,u1_0.ihidnum,u1_0.pstinst_code,u1_0.last_updusr_id,u1_0.last_updt_pnttm,u1_0.lock_at,u1_0.lock_cnt,u1_0.lock_last_pnttm,u1_0.mbtlnum,u1_0.ofcps_nm,u1_0.offm_telno,u1_0.orgnzt_id,u1_0.password,u1_0.password_cnsr,u1_0.password_hint,u1_0.chg_pwd_last_pnttm,u1_0.role,u1_0.sbscrb_de,u1_0.sexdstn_code,u1_0.crtfc_dn_value,u1_0.user_nm,u1_0.zip from nemplyrinfo u1_0 where u1_0.emplyr_id=?
2026-03-16 16:58:52 [http-nio-8080-exec-2] DEBUG o.s.orm.jpa.JpaTransactionManager - Found thread-bound EntityManager [SessionImpl(302218889<open>)] for JPA transaction
2026-03-16 16:58:52 [http-nio-8080-exec-2] DEBUG o.s.orm.jpa.JpaTransactionManager - Participating in existing transaction
2026-03-16 16:58:52 [http-nio-8080-exec-2] DEBUG org.hibernate.SQL - select ua1_0.scrty_dtrmn_trget_id,ua1_0.author_code,ua1_0.frst_register_id,ua1_0.frst_regist_pnttm,ua1_0.last_updusr_id,ua1_0.last_updt_pnttm,ua1_0.mber_ty_code from nemplyrscrtyestbs ua1_0 where ua1_0.scrty_dtrmn_trget_id=?
2026-03-16 16:58:52 [http-nio-8080-exec-2] DEBUG o.s.orm.jpa.JpaTransactionManager - Initiating transaction commit
2026-03-16 16:58:52 [http-nio-8080-exec-2] DEBUG o.s.orm.jpa.JpaTransactionManager - Committing JPA transaction on EntityManager [SessionImpl(302218889<open>)]
2026-03-16 16:58:52 [http-nio-8080-exec-2] DEBUG o.s.orm.jpa.JpaTransactionManager - Closing JPA EntityManager [SessionImpl(302218889<open>)] after transaction
2026-03-16 16:58:52 [http-nio-8080-exec-2] DEBUG c.c.p.s.jwt.JwtAuthenticationFilter - >>> [JwtFilter] Successfully authenticated user: USRCNFRM_99999999999, Authorities: [ROLE_ADMIN]
2026-03-16 16:58:52 [http-nio-8080-exec-2] DEBUG o.s.web.servlet.DispatcherServlet - GET "/api/v1/boards/BBSMSTR_AAAAAAAAAAAA?page=0&size=10&searchWrd=&searchCnd=0", parameters={masked}
2026-03-16 16:58:52 [http-nio-8080-exec-2] TRACE o.s.w.s.m.m.a.RequestMappingHandlerMapping - Mapped to com.company.project.api.controller.board.BoardController#getPosts(String, Pageable)
2026-03-16 16:58:52 [http-nio-8080-exec-2] DEBUG o.s.orm.jpa.JpaTransactionManager - Creating new transaction with name [com.company.project.service.board.BoardService.getBoardPosts]: PROPAGATION_REQUIRED,ISOLATION_DEFAULT,readOnly
2026-03-16 16:58:52 [http-nio-8080-exec-2] DEBUG o.s.orm.jpa.JpaTransactionManager - Opened new EntityManager [SessionImpl(1689343798<open>)] for JPA transaction
2026-03-16 16:58:52 [http-nio-8080-exec-2] DEBUG o.s.orm.jpa.JpaTransactionManager - Exposing JPA transaction as JDBC [org.springframework.orm.jpa.vendor.HibernateJpaDialect$HibernateConnectionHandle@51ebc5d5]
2026-03-16 16:58:52 [http-nio-8080-exec-2] DEBUG o.s.orm.jpa.JpaTransactionManager - Found thread-bound EntityManager [SessionImpl(1689343798<open>)] for JPA transaction
2026-03-16 16:58:52 [http-nio-8080-exec-2] DEBUG o.s.orm.jpa.JpaTransactionManager - Participating in existing transaction
2026-03-16 16:58:52 [http-nio-8080-exec-2] DEBUG org.hibernate.SQL - select bm1_0.bbs_id,bm1_0.atch_posbl_file_number,bm1_0.atch_posbl_file_size,bm1_0.bbs_attrb_code,bm1_0.bbs_intrcn,bm1_0.bbs_nm,bm1_0.bbs_ty_code,bm1_0.blog_at,bm1_0.blog_id,bm1_0.cmmnty_id,bm1_0.frst_register_id,bm1_0.frst_regist_pnttm,bm1_0.file_atch_posbl_at,bm1_0.last_updusr_id,bm1_0.last_updt_pnttm,bm1_0.reply_posbl_at,bm1_0.tmplat_id,bm1_0.use_at,bm1_1.answer_at,bm1_1.stsfdg_at from nbbsmaster bm1_0 left join nbbsmasteroptn bm1_1 on bm1_0.bbs_id=bm1_1.bbs_id where bm1_0.bbs_id=?
2026-03-16 16:58:53 [http-nio-8080-exec-2] DEBUG org.hibernate.SQL - select b1_0.ntt_id,b1_0.bbs_id,b1_0.ntt_sj,b1_0.ntcr_nm,b1_0.frst_regist_pnttm,b1_0.rdcnt,b1_0.answer_at,b1_0.parntsctt_no,b1_0.answer_lc,b1_0.sort_ordr,b1_0.ntt_no,b1_0.notice_at,b1_0.secret_at,b1_0.comment_co from nbbs b1_0 left join nemplyrinfo u1_0 on b1_0.frst_register_id=u1_0.esntl_id where (b1_0.use_at = 'Y') and b1_0.bbs_id=? order by b1_0.sort_ordr desc,b1_0.ntt_no offset ? rows fetch first ? rows only
2026-03-16 16:58:53 [http-nio-8080-exec-2] DEBUG org.hibernate.SQL - select count(b1_0.ntt_id) from nbbs b1_0 left join nemplyrinfo u1_0 on b1_0.frst_register_id=u1_0.esntl_id where (b1_0.use_at = 'Y') and b1_0.bbs_id=?
2026-03-16 16:58:53 [http-nio-8080-exec-2] DEBUG o.s.orm.jpa.JpaTransactionManager - Initiating transaction commit
2026-03-16 16:58:53 [http-nio-8080-exec-2] DEBUG o.s.orm.jpa.JpaTransactionManager - Committing JPA transaction on EntityManager [SessionImpl(1689343798<open>)]
2026-03-16 16:58:53 [http-nio-8080-exec-2] DEBUG o.s.orm.jpa.JpaTransactionManager - Closing JPA EntityManager [SessionImpl(1689343798<open>)] after transaction
2026-03-16 16:58:53 [http-nio-8080-exec-2] DEBUG o.s.w.s.m.m.a.HttpEntityMethodProcessor - Using 'application/json', given [application/json, text/plain, */*] and supported [application/json, application/*+json, application/yaml]
2026-03-16 16:58:53 [http-nio-8080-exec-2] TRACE o.s.w.s.m.m.a.HttpEntityMethodProcessor - Writing [ApiResponse[success=true, status=200, code=COMMON_001, message=Success, data=Page 1 of 1 containing com.company.project.service.board.dto.BoardDto instances, timestamp=2026-03-16T16:58:53.539533800]]
2026-03-16 16:58:53 [http-nio-8080-exec-2] INFO  c.c.p.a.i.OperationalAuditInterceptor - API Audit Log: URL=/api/v1/boards/BBSMSTR_AAAAAAAAAAAA, User=webmaster, IP=127.0.0.1
2026-03-16 16:58:53 [http-nio-8080-exec-2] DEBUG o.s.web.servlet.DispatcherServlet - Completed 200 OK
2026-03-16 16:58:53 [http-nio-8080-exec-10] DEBUG c.c.p.s.jwt.JwtAuthenticationFilter - >>> [JwtFilter] Processing request: GET /api/v1/boards/BBSMSTR_AAAAAAAAAAAA
2026-03-16 16:58:53 [http-nio-8080-exec-10] DEBUG c.c.p.s.jwt.JwtAuthenticationFilter - >>> [JwtFilter] Found token in header for path: /api/v1/boards/BBSMSTR_AAAAAAAAAAAA
2026-03-16 16:58:53 [http-nio-8080-exec-10] DEBUG o.s.orm.jpa.JpaTransactionManager - Creating new transaction with name [com.company.project.security.iam.CustomUserDetailsService.loadUserByUsername]: PROPAGATION_REQUIRED,ISOLATION_DEFAULT,readOnly
2026-03-16 16:58:53 [http-nio-8080-exec-10] DEBUG o.s.orm.jpa.JpaTransactionManager - Opened new EntityManager [SessionImpl(206447803<open>)] for JPA transaction
2026-03-16 16:58:53 [http-nio-8080-exec-10] DEBUG o.s.orm.jpa.JpaTransactionManager - Exposing JPA transaction as JDBC [org.springframework.orm.jpa.vendor.HibernateJpaDialect$HibernateConnectionHandle@5a4af61]
2026-03-16 16:58:53 [http-nio-8080-exec-10] DEBUG o.s.orm.jpa.JpaTransactionManager - Found thread-bound EntityManager [SessionImpl(206447803<open>)] for JPA transaction
2026-03-16 16:58:53 [http-nio-8080-exec-10] DEBUG o.s.orm.jpa.JpaTransactionManager - Participating in existing transaction
2026-03-16 16:58:53 [http-nio-8080-exec-10] DEBUG org.hibernate.SQL - select u1_0.emplyr_id,u1_0.area_no,u1_0.brthdy,u1_0.chg_pwd_cnt,u1_0.frst_register_id,u1_0.frst_regist_pnttm,u1_0.detail_adres,u1_0.email_adres,u1_0.emplyr_sttus_code,u1_0.empl_no,u1_0.esntl_id,u1_0.fxnum,u1_0.group_id,u1_0.house_adres,u1_0.house_end_telno,u1_0.house_middle_telno,u1_0.ihidnum,u1_0.pstinst_code,u1_0.last_updusr_id,u1_0.last_updt_pnttm,u1_0.lock_at,u1_0.lock_cnt,u1_0.lock_last_pnttm,u1_0.mbtlnum,u1_0.ofcps_nm,u1_0.offm_telno,u1_0.orgnzt_id,u1_0.password,u1_0.password_cnsr,u1_0.password_hint,u1_0.chg_pwd_last_pnttm,u1_0.role,u1_0.sbscrb_de,u1_0.sexdstn_code,u1_0.crtfc_dn_value,u1_0.user_nm,u1_0.zip from nemplyrinfo u1_0 where u1_0.emplyr_id=?
2026-03-16 16:58:53 [http-nio-8080-exec-10] DEBUG o.s.orm.jpa.JpaTransactionManager - Found thread-bound EntityManager [SessionImpl(206447803<open>)] for JPA transaction
2026-03-16 16:58:53 [http-nio-8080-exec-10] DEBUG o.s.orm.jpa.JpaTransactionManager - Participating in existing transaction
2026-03-16 16:58:53 [http-nio-8080-exec-10] DEBUG org.hibernate.SQL - select ua1_0.scrty_dtrmn_trget_id,ua1_0.author_code,ua1_0.frst_register_id,ua1_0.frst_regist_pnttm,ua1_0.last_updusr_id,ua1_0.last_updt_pnttm,ua1_0.mber_ty_code from nemplyrscrtyestbs ua1_0 where ua1_0.scrty_dtrmn_trget_id=?
2026-03-16 16:58:54 [http-nio-8080-exec-10] DEBUG o.s.orm.jpa.JpaTransactionManager - Initiating transaction commit
2026-03-16 16:58:54 [http-nio-8080-exec-10] DEBUG o.s.orm.jpa.JpaTransactionManager - Committing JPA transaction on EntityManager [SessionImpl(206447803<open>)]
2026-03-16 16:58:54 [http-nio-8080-exec-10] DEBUG o.s.orm.jpa.JpaTransactionManager - Closing JPA EntityManager [SessionImpl(206447803<open>)] after transaction
2026-03-16 16:58:54 [http-nio-8080-exec-10] DEBUG c.c.p.s.jwt.JwtAuthenticationFilter - >>> [JwtFilter] Successfully authenticated user: USRCNFRM_99999999999, Authorities: [ROLE_ADMIN]
2026-03-16 16:58:54 [http-nio-8080-exec-10] DEBUG o.s.web.servlet.DispatcherServlet - GET "/api/v1/boards/BBSMSTR_AAAAAAAAAAAA?page=0&size=10&searchWrd=&searchCnd=0", parameters={masked}
2026-03-16 16:58:54 [http-nio-8080-exec-10] TRACE o.s.w.s.m.m.a.RequestMappingHandlerMapping - Mapped to com.company.project.api.controller.board.BoardController#getPosts(String, Pageable)
2026-03-16 16:58:54 [http-nio-8080-exec-10] DEBUG o.s.orm.jpa.JpaTransactionManager - Creating new transaction with name [com.company.project.service.board.BoardService.getBoardPosts]: PROPAGATION_REQUIRED,ISOLATION_DEFAULT,readOnly
2026-03-16 16:58:54 [http-nio-8080-exec-10] DEBUG o.s.orm.jpa.JpaTransactionManager - Opened new EntityManager [SessionImpl(1757425725<open>)] for JPA transaction
2026-03-16 16:58:54 [http-nio-8080-exec-10] DEBUG o.s.orm.jpa.JpaTransactionManager - Exposing JPA transaction as JDBC [org.springframework.orm.jpa.vendor.HibernateJpaDialect$HibernateConnectionHandle@32d752d7]
2026-03-16 16:58:54 [http-nio-8080-exec-10] DEBUG o.s.orm.jpa.JpaTransactionManager - Found thread-bound EntityManager [SessionImpl(1757425725<open>)] for JPA transaction
2026-03-16 16:58:54 [http-nio-8080-exec-10] DEBUG o.s.orm.jpa.JpaTransactionManager - Participating in existing transaction
2026-03-16 16:58:54 [http-nio-8080-exec-10] DEBUG org.hibernate.SQL - select bm1_0.bbs_id,bm1_0.atch_posbl_file_number,bm1_0.atch_posbl_file_size,bm1_0.bbs_attrb_code,bm1_0.bbs_intrcn,bm1_0.bbs_nm,bm1_0.bbs_ty_code,bm1_0.blog_at,bm1_0.blog_id,bm1_0.cmmnty_id,bm1_0.frst_register_id,bm1_0.frst_regist_pnttm,bm1_0.file_atch_posbl_at,bm1_0.last_updusr_id,bm1_0.last_updt_pnttm,bm1_0.reply_posbl_at,bm1_0.tmplat_id,bm1_0.use_at,bm1_1.answer_at,bm1_1.stsfdg_at from nbbsmaster bm1_0 left join nbbsmasteroptn bm1_1 on bm1_0.bbs_id=bm1_1.bbs_id where bm1_0.bbs_id=?
2026-03-16 16:58:54 [http-nio-8080-exec-10] DEBUG org.hibernate.SQL - select b1_0.ntt_id,b1_0.bbs_id,b1_0.ntt_sj,b1_0.ntcr_nm,b1_0.frst_regist_pnttm,b1_0.rdcnt,b1_0.answer_at,b1_0.parntsctt_no,b1_0.answer_lc,b1_0.sort_ordr,b1_0.ntt_no,b1_0.notice_at,b1_0.secret_at,b1_0.comment_co from nbbs b1_0 left join nemplyrinfo u1_0 on b1_0.frst_register_id=u1_0.esntl_id where (b1_0.use_at = 'Y') and b1_0.bbs_id=? order by b1_0.sort_ordr desc,b1_0.ntt_no offset ? rows fetch first ? rows only
2026-03-16 16:58:54 [http-nio-8080-exec-10] DEBUG org.hibernate.SQL - select count(b1_0.ntt_id) from nbbs b1_0 left join nemplyrinfo u1_0 on b1_0.frst_register_id=u1_0.esntl_id where (b1_0.use_at = 'Y') and b1_0.bbs_id=?
2026-03-16 16:58:54 [http-nio-8080-exec-10] DEBUG o.s.orm.jpa.JpaTransactionManager - Initiating transaction commit
2026-03-16 16:58:54 [http-nio-8080-exec-10] DEBUG o.s.orm.jpa.JpaTransactionManager - Committing JPA transaction on EntityManager [SessionImpl(1757425725<open>)]
2026-03-16 16:58:54 [http-nio-8080-exec-10] DEBUG o.s.orm.jpa.JpaTransactionManager - Closing JPA EntityManager [SessionImpl(1757425725<open>)] after transaction
2026-03-16 16:58:54 [http-nio-8080-exec-10] DEBUG o.s.w.s.m.m.a.HttpEntityMethodProcessor - Using 'application/json', given [application/json, text/plain, */*] and supported [application/json, application/*+json, application/yaml]
2026-03-16 16:58:54 [http-nio-8080-exec-10] TRACE o.s.w.s.m.m.a.HttpEntityMethodProcessor - Writing [ApiResponse[success=true, status=200, code=COMMON_001, message=Success, data=Page 1 of 1 containing com.company.project.service.board.dto.BoardDto instances, timestamp=2026-03-16T16:58:54.810973200]]
2026-03-16 16:58:54 [http-nio-8080-exec-10] INFO  c.c.p.a.i.OperationalAuditInterceptor - API Audit Log: URL=/api/v1/boards/BBSMSTR_AAAAAAAAAAAA, User=webmaster, IP=127.0.0.1
2026-03-16 16:58:54 [http-nio-8080-exec-10] DEBUG o.s.web.servlet.DispatcherServlet - Completed 200 OK
2026-03-16 16:58:54 [http-nio-8080-exec-8] DEBUG c.c.p.s.jwt.JwtAuthenticationFilter - >>> [JwtFilter] Processing request: GET /api/v1/boards/BBSMSTR_AAAAAAAAAAAA
2026-03-16 16:58:54 [http-nio-8080-exec-8] DEBUG c.c.p.s.jwt.JwtAuthenticationFilter - >>> [JwtFilter] Found token in header for path: /api/v1/boards/BBSMSTR_AAAAAAAAAAAA
2026-03-16 16:58:54 [http-nio-8080-exec-8] DEBUG o.s.orm.jpa.JpaTransactionManager - Creating new transaction with name [com.company.project.security.iam.CustomUserDetailsService.loadUserByUsername]: PROPAGATION_REQUIRED,ISOLATION_DEFAULT,readOnly
2026-03-16 16:58:54 [http-nio-8080-exec-8] DEBUG o.s.orm.jpa.JpaTransactionManager - Opened new EntityManager [SessionImpl(28171921<open>)] for JPA transaction
2026-03-16 16:58:54 [http-nio-8080-exec-8] DEBUG o.s.orm.jpa.JpaTransactionManager - Exposing JPA transaction as JDBC [org.springframework.orm.jpa.vendor.HibernateJpaDialect$HibernateConnectionHandle@39829c]
2026-03-16 16:58:54 [http-nio-8080-exec-8] DEBUG o.s.orm.jpa.JpaTransactionManager - Found thread-bound EntityManager [SessionImpl(28171921<open>)] for JPA transaction
2026-03-16 16:58:54 [http-nio-8080-exec-8] DEBUG o.s.orm.jpa.JpaTransactionManager - Participating in existing transaction
2026-03-16 16:58:54 [http-nio-8080-exec-8] DEBUG org.hibernate.SQL - select u1_0.emplyr_id,u1_0.area_no,u1_0.brthdy,u1_0.chg_pwd_cnt,u1_0.frst_register_id,u1_0.frst_regist_pnttm,u1_0.detail_adres,u1_0.email_adres,u1_0.emplyr_sttus_code,u1_0.empl_no,u1_0.esntl_id,u1_0.fxnum,u1_0.group_id,u1_0.house_adres,u1_0.house_end_telno,u1_0.house_middle_telno,u1_0.ihidnum,u1_0.pstinst_code,u1_0.last_updusr_id,u1_0.last_updt_pnttm,u1_0.lock_at,u1_0.lock_cnt,u1_0.lock_last_pnttm,u1_0.mbtlnum,u1_0.ofcps_nm,u1_0.offm_telno,u1_0.orgnzt_id,u1_0.password,u1_0.password_cnsr,u1_0.password_hint,u1_0.chg_pwd_last_pnttm,u1_0.role,u1_0.sbscrb_de,u1_0.sexdstn_code,u1_0.crtfc_dn_value,u1_0.user_nm,u1_0.zip from nemplyrinfo u1_0 where u1_0.emplyr_id=?
2026-03-16 16:58:55 [http-nio-8080-exec-8] DEBUG o.s.orm.jpa.JpaTransactionManager - Found thread-bound EntityManager [SessionImpl(28171921<open>)] for JPA transaction
2026-03-16 16:58:55 [http-nio-8080-exec-8] DEBUG o.s.orm.jpa.JpaTransactionManager - Participating in existing transaction
2026-03-16 16:58:55 [http-nio-8080-exec-8] DEBUG org.hibernate.SQL - select ua1_0.scrty_dtrmn_trget_id,ua1_0.author_code,ua1_0.frst_register_id,ua1_0.frst_regist_pnttm,ua1_0.last_updusr_id,ua1_0.last_updt_pnttm,ua1_0.mber_ty_code from nemplyrscrtyestbs ua1_0 where ua1_0.scrty_dtrmn_trget_id=?
2026-03-16 16:58:55 [http-nio-8080-exec-8] DEBUG o.s.orm.jpa.JpaTransactionManager - Initiating transaction commit
2026-03-16 16:58:55 [http-nio-8080-exec-8] DEBUG o.s.orm.jpa.JpaTransactionManager - Committing JPA transaction on EntityManager [SessionImpl(28171921<open>)]
2026-03-16 16:58:55 [http-nio-8080-exec-8] DEBUG o.s.orm.jpa.JpaTransactionManager - Closing JPA EntityManager [SessionImpl(28171921<open>)] after transaction
2026-03-16 16:58:55 [http-nio-8080-exec-8] DEBUG c.c.p.s.jwt.JwtAuthenticationFilter - >>> [JwtFilter] Successfully authenticated user: USRCNFRM_99999999999, Authorities: [ROLE_ADMIN]
2026-03-16 16:58:55 [http-nio-8080-exec-8] DEBUG o.s.web.servlet.DispatcherServlet - GET "/api/v1/boards/BBSMSTR_AAAAAAAAAAAA?page=0&size=10&searchWrd=&searchCnd=0", parameters={masked}
2026-03-16 16:58:55 [http-nio-8080-exec-8] TRACE o.s.w.s.m.m.a.RequestMappingHandlerMapping - Mapped to com.company.project.api.controller.board.BoardController#getPosts(String, Pageable)
2026-03-16 16:58:55 [http-nio-8080-exec-8] DEBUG o.s.orm.jpa.JpaTransactionManager - Creating new transaction with name [com.company.project.service.board.BoardService.getBoardPosts]: PROPAGATION_REQUIRED,ISOLATION_DEFAULT,readOnly
2026-03-16 16:58:55 [http-nio-8080-exec-8] DEBUG o.s.orm.jpa.JpaTransactionManager - Opened new EntityManager [SessionImpl(1745967102<open>)] for JPA transaction
2026-03-16 16:58:55 [http-nio-8080-exec-8] DEBUG o.s.orm.jpa.JpaTransactionManager - Exposing JPA transaction as JDBC [org.springframework.orm.jpa.vendor.HibernateJpaDialect$HibernateConnectionHandle@38a433ef]
2026-03-16 16:58:55 [http-nio-8080-exec-8] DEBUG o.s.orm.jpa.JpaTransactionManager - Found thread-bound EntityManager [SessionImpl(1745967102<open>)] for JPA transaction
2026-03-16 16:58:55 [http-nio-8080-exec-8] DEBUG o.s.orm.jpa.JpaTransactionManager - Participating in existing transaction
2026-03-16 16:58:55 [http-nio-8080-exec-8] DEBUG org.hibernate.SQL - select bm1_0.bbs_id,bm1_0.atch_posbl_file_number,bm1_0.atch_posbl_file_size,bm1_0.bbs_attrb_code,bm1_0.bbs_intrcn,bm1_0.bbs_nm,bm1_0.bbs_ty_code,bm1_0.blog_at,bm1_0.blog_id,bm1_0.cmmnty_id,bm1_0.frst_register_id,bm1_0.frst_regist_pnttm,bm1_0.file_atch_posbl_at,bm1_0.last_updusr_id,bm1_0.last_updt_pnttm,bm1_0.reply_posbl_at,bm1_0.tmplat_id,bm1_0.use_at,bm1_1.answer_at,bm1_1.stsfdg_at from nbbsmaster bm1_0 left join nbbsmasteroptn bm1_1 on bm1_0.bbs_id=bm1_1.bbs_id where bm1_0.bbs_id=?
2026-03-16 16:58:55 [http-nio-8080-exec-8] DEBUG org.hibernate.SQL - select b1_0.ntt_id,b1_0.bbs_id,b1_0.ntt_sj,b1_0.ntcr_nm,b1_0.frst_regist_pnttm,b1_0.rdcnt,b1_0.answer_at,b1_0.parntsctt_no,b1_0.answer_lc,b1_0.sort_ordr,b1_0.ntt_no,b1_0.notice_at,b1_0.secret_at,b1_0.comment_co from nbbs b1_0 left join nemplyrinfo u1_0 on b1_0.frst_register_id=u1_0.esntl_id where (b1_0.use_at = 'Y') and b1_0.bbs_id=? order by b1_0.sort_ordr desc,b1_0.ntt_no offset ? rows fetch first ? rows only
2026-03-16 16:58:55 [http-nio-8080-exec-8] DEBUG org.hibernate.SQL - select count(b1_0.ntt_id) from nbbs b1_0 left join nemplyrinfo u1_0 on b1_0.frst_register_id=u1_0.esntl_id where (b1_0.use_at = 'Y') and b1_0.bbs_id=?
2026-03-16 16:58:55 [http-nio-8080-exec-8] DEBUG o.s.orm.jpa.JpaTransactionManager - Initiating transaction commit
2026-03-16 16:58:55 [http-nio-8080-exec-8] DEBUG o.s.orm.jpa.JpaTransactionManager - Committing JPA transaction on EntityManager [SessionImpl(1745967102<open>)]
2026-03-16 16:58:56 [http-nio-8080-exec-8] DEBUG o.s.orm.jpa.JpaTransactionManager - Closing JPA EntityManager [SessionImpl(1745967102<open>)] after transaction
2026-03-16 16:58:56 [http-nio-8080-exec-8] DEBUG o.s.w.s.m.m.a.HttpEntityMethodProcessor - Using 'application/json', given [application/json, text/plain, */*] and supported [application/json, application/*+json, application/yaml]
2026-03-16 16:58:56 [http-nio-8080-exec-8] TRACE o.s.w.s.m.m.a.HttpEntityMethodProcessor - Writing [ApiResponse[success=true, status=200, code=COMMON_001, message=Success, data=Page 1 of 1 containing com.company.project.service.board.dto.BoardDto instances, timestamp=2026-03-16T16:58:56.077888700]]
2026-03-16 16:58:56 [http-nio-8080-exec-8] INFO  c.c.p.a.i.OperationalAuditInterceptor - API Audit Log: URL=/api/v1/boards/BBSMSTR_AAAAAAAAAAAA, User=webmaster, IP=127.0.0.1
2026-03-16 16:58:56 [http-nio-8080-exec-8] DEBUG o.s.web.servlet.DispatcherServlet - Completed 200 OK
2026-03-16 16:58:56 [http-nio-8080-exec-6] DEBUG c.c.p.s.jwt.JwtAuthenticationFilter - >>> [JwtFilter] Processing request: GET /api/v1/boards/BBSMSTR_AAAAAAAAAAAA
2026-03-16 16:58:56 [http-nio-8080-exec-6] DEBUG c.c.p.s.jwt.JwtAuthenticationFilter - >>> [JwtFilter] Found token in header for path: /api/v1/boards/BBSMSTR_AAAAAAAAAAAA
2026-03-16 16:58:56 [http-nio-8080-exec-6] DEBUG o.s.orm.jpa.JpaTransactionManager - Creating new transaction with name [com.company.project.security.iam.CustomUserDetailsService.loadUserByUsername]: PROPAGATION_REQUIRED,ISOLATION_DEFAULT,readOnly
2026-03-16 16:58:56 [http-nio-8080-exec-6] DEBUG o.s.orm.jpa.JpaTransactionManager - Opened new EntityManager [SessionImpl(873254232<open>)] for JPA transaction
2026-03-16 16:58:56 [http-nio-8080-exec-6] DEBUG o.s.orm.jpa.JpaTransactionManager - Exposing JPA transaction as JDBC [org.springframework.orm.jpa.vendor.HibernateJpaDialect$HibernateConnectionHandle@1715ba62]
2026-03-16 16:58:56 [http-nio-8080-exec-6] DEBUG o.s.orm.jpa.JpaTransactionManager - Found thread-bound EntityManager [SessionImpl(873254232<open>)] for JPA transaction
2026-03-16 16:58:56 [http-nio-8080-exec-6] DEBUG o.s.orm.jpa.JpaTransactionManager - Participating in existing transaction
2026-03-16 16:58:56 [http-nio-8080-exec-6] DEBUG org.hibernate.SQL - select u1_0.emplyr_id,u1_0.area_no,u1_0.brthdy,u1_0.chg_pwd_cnt,u1_0.frst_register_id,u1_0.frst_regist_pnttm,u1_0.detail_adres,u1_0.email_adres,u1_0.emplyr_sttus_code,u1_0.empl_no,u1_0.esntl_id,u1_0.fxnum,u1_0.group_id,u1_0.house_adres,u1_0.house_end_telno,u1_0.house_middle_telno,u1_0.ihidnum,u1_0.pstinst_code,u1_0.last_updusr_id,u1_0.last_updt_pnttm,u1_0.lock_at,u1_0.lock_cnt,u1_0.lock_last_pnttm,u1_0.mbtlnum,u1_0.ofcps_nm,u1_0.offm_telno,u1_0.orgnzt_id,u1_0.password,u1_0.password_cnsr,u1_0.password_hint,u1_0.chg_pwd_last_pnttm,u1_0.role,u1_0.sbscrb_de,u1_0.sexdstn_code,u1_0.crtfc_dn_value,u1_0.user_nm,u1_0.zip from nemplyrinfo u1_0 where u1_0.emplyr_id=?
2026-03-16 16:58:56 [http-nio-8080-exec-6] DEBUG o.s.orm.jpa.JpaTransactionManager - Found thread-bound EntityManager [SessionImpl(873254232<open>)] for JPA transaction
2026-03-16 16:58:56 [http-nio-8080-exec-6] DEBUG o.s.orm.jpa.JpaTransactionManager - Participating in existing transaction
2026-03-16 16:58:56 [http-nio-8080-exec-6] DEBUG org.hibernate.SQL - select ua1_0.scrty_dtrmn_trget_id,ua1_0.author_code,ua1_0.frst_register_id,ua1_0.frst_regist_pnttm,ua1_0.last_updusr_id,ua1_0.last_updt_pnttm,ua1_0.mber_ty_code from nemplyrscrtyestbs ua1_0 where ua1_0.scrty_dtrmn_trget_id=?
2026-03-16 16:58:56 [http-nio-8080-exec-6] DEBUG o.s.orm.jpa.JpaTransactionManager - Initiating transaction commit
2026-03-16 16:58:56 [http-nio-8080-exec-6] DEBUG o.s.orm.jpa.JpaTransactionManager - Committing JPA transaction on EntityManager [SessionImpl(873254232<open>)]
2026-03-16 16:58:56 [http-nio-8080-exec-6] DEBUG o.s.orm.jpa.JpaTransactionManager - Closing JPA EntityManager [SessionImpl(873254232<open>)] after transaction
2026-03-16 16:58:56 [http-nio-8080-exec-6] DEBUG c.c.p.s.jwt.JwtAuthenticationFilter - >>> [JwtFilter] Successfully authenticated user: USRCNFRM_99999999999, Authorities: [ROLE_ADMIN]
2026-03-16 16:58:56 [http-nio-8080-exec-6] DEBUG o.s.web.servlet.DispatcherServlet - GET "/api/v1/boards/BBSMSTR_AAAAAAAAAAAA?page=0&size=10&searchWrd=&searchCnd=0", parameters={masked}
2026-03-16 16:58:56 [http-nio-8080-exec-6] TRACE o.s.w.s.m.m.a.RequestMappingHandlerMapping - Mapped to com.company.project.api.controller.board.BoardController#getPosts(String, Pageable)
2026-03-16 16:58:56 [http-nio-8080-exec-6] DEBUG o.s.orm.jpa.JpaTransactionManager - Creating new transaction with name [com.company.project.service.board.BoardService.getBoardPosts]: PROPAGATION_REQUIRED,ISOLATION_DEFAULT,readOnly
2026-03-16 16:58:56 [http-nio-8080-exec-6] DEBUG o.s.orm.jpa.JpaTransactionManager - Opened new EntityManager [SessionImpl(1234845328<open>)] for JPA transaction
2026-03-16 16:58:56 [http-nio-8080-exec-6] DEBUG o.s.orm.jpa.JpaTransactionManager - Exposing JPA transaction as JDBC [org.springframework.orm.jpa.vendor.HibernateJpaDialect$HibernateConnectionHandle@718802fe]
2026-03-16 16:58:56 [http-nio-8080-exec-6] DEBUG o.s.orm.jpa.JpaTransactionManager - Found thread-bound EntityManager [SessionImpl(1234845328<open>)] for JPA transaction
2026-03-16 16:58:56 [http-nio-8080-exec-6] DEBUG o.s.orm.jpa.JpaTransactionManager - Participating in existing transaction
2026-03-16 16:58:56 [http-nio-8080-exec-6] DEBUG org.hibernate.SQL - select bm1_0.bbs_id,bm1_0.atch_posbl_file_number,bm1_0.atch_posbl_file_size,bm1_0.bbs_attrb_code,bm1_0.bbs_intrcn,bm1_0.bbs_nm,bm1_0.bbs_ty_code,bm1_0.blog_at,bm1_0.blog_id,bm1_0.cmmnty_id,bm1_0.frst_register_id,bm1_0.frst_regist_pnttm,bm1_0.file_atch_posbl_at,bm1_0.last_updusr_id,bm1_0.last_updt_pnttm,bm1_0.reply_posbl_at,bm1_0.tmplat_id,bm1_0.use_at,bm1_1.answer_at,bm1_1.stsfdg_at from nbbsmaster bm1_0 left join nbbsmasteroptn bm1_1 on bm1_0.bbs_id=bm1_1.bbs_id where bm1_0.bbs_id=?
2026-03-16 16:58:56 [http-nio-8080-exec-6] DEBUG org.hibernate.SQL - select b1_0.ntt_id,b1_0.bbs_id,b1_0.ntt_sj,b1_0.ntcr_nm,b1_0.frst_regist_pnttm,b1_0.rdcnt,b1_0.answer_at,b1_0.parntsctt_no,b1_0.answer_lc,b1_0.sort_ordr,b1_0.ntt_no,b1_0.notice_at,b1_0.secret_at,b1_0.comment_co from nbbs b1_0 left join nemplyrinfo u1_0 on b1_0.frst_register_id=u1_0.esntl_id where (b1_0.use_at = 'Y') and b1_0.bbs_id=? order by b1_0.sort_ordr desc,b1_0.ntt_no offset ? rows fetch first ? rows only
2026-03-16 16:58:57 [http-nio-8080-exec-6] DEBUG org.hibernate.SQL - select count(b1_0.ntt_id) from nbbs b1_0 left join nemplyrinfo u1_0 on b1_0.frst_register_id=u1_0.esntl_id where (b1_0.use_at = 'Y') and b1_0.bbs_id=?
2026-03-16 16:58:57 [http-nio-8080-exec-6] DEBUG o.s.orm.jpa.JpaTransactionManager - Initiating transaction commit
2026-03-16 16:58:57 [http-nio-8080-exec-6] DEBUG o.s.orm.jpa.JpaTransactionManager - Committing JPA transaction on EntityManager [SessionImpl(1234845328<open>)]
2026-03-16 16:58:57 [http-nio-8080-exec-6] DEBUG o.s.orm.jpa.JpaTransactionManager - Closing JPA EntityManager [SessionImpl(1234845328<open>)] after transaction
2026-03-16 16:58:57 [http-nio-8080-exec-6] DEBUG o.s.w.s.m.m.a.HttpEntityMethodProcessor - Using 'application/json', given [application/json, text/plain, */*] and supported [application/json, application/*+json, application/yaml]
2026-03-16 16:58:57 [http-nio-8080-exec-6] TRACE o.s.w.s.m.m.a.HttpEntityMethodProcessor - Writing [ApiResponse[success=true, status=200, code=COMMON_001, message=Success, data=Page 1 of 1 containing com.company.project.service.board.dto.BoardDto instances, timestamp=2026-03-16T16:58:57.341222]]
2026-03-16 16:58:57 [http-nio-8080-exec-6] INFO  c.c.p.a.i.OperationalAuditInterceptor - API Audit Log: URL=/api/v1/boards/BBSMSTR_AAAAAAAAAAAA, User=webmaster, IP=127.0.0.1
2026-03-16 16:58:57 [http-nio-8080-exec-6] DEBUG o.s.web.servlet.DispatcherServlet - Completed 200 OK
2026-03-16 16:58:57 [http-nio-8080-exec-9] DEBUG c.c.p.s.jwt.JwtAuthenticationFilter - >>> [JwtFilter] Processing request: GET /api/v1/boards/BBSMSTR_AAAAAAAAAAAA
2026-03-16 16:58:57 [http-nio-8080-exec-9] DEBUG c.c.p.s.jwt.JwtAuthenticationFilter - >>> [JwtFilter] Found token in header for path: /api/v1/boards/BBSMSTR_AAAAAAAAAAAA
2026-03-16 16:58:57 [http-nio-8080-exec-9] DEBUG o.s.orm.jpa.JpaTransactionManager - Creating new transaction with name [com.company.project.security.iam.CustomUserDetailsService.loadUserByUsername]: PROPAGATION_REQUIRED,ISOLATION_DEFAULT,readOnly
2026-03-16 16:58:57 [http-nio-8080-exec-9] DEBUG o.s.orm.jpa.JpaTransactionManager - Opened new EntityManager [SessionImpl(66443931<open>)] for JPA transaction
2026-03-16 16:58:57 [http-nio-8080-exec-9] DEBUG o.s.orm.jpa.JpaTransactionManager - Exposing JPA transaction as JDBC [org.springframework.orm.jpa.vendor.HibernateJpaDialect$HibernateConnectionHandle@14d61196]
2026-03-16 16:58:57 [http-nio-8080-exec-9] DEBUG o.s.orm.jpa.JpaTransactionManager - Found thread-bound EntityManager [SessionImpl(66443931<open>)] for JPA transaction
2026-03-16 16:58:57 [http-nio-8080-exec-9] DEBUG o.s.orm.jpa.JpaTransactionManager - Participating in existing transaction
2026-03-16 16:58:57 [http-nio-8080-exec-9] DEBUG org.hibernate.SQL - select u1_0.emplyr_id,u1_0.area_no,u1_0.brthdy,u1_0.chg_pwd_cnt,u1_0.frst_register_id,u1_0.frst_regist_pnttm,u1_0.detail_adres,u1_0.email_adres,u1_0.emplyr_sttus_code,u1_0.empl_no,u1_0.esntl_id,u1_0.fxnum,u1_0.group_id,u1_0.house_adres,u1_0.house_end_telno,u1_0.house_middle_telno,u1_0.ihidnum,u1_0.pstinst_code,u1_0.last_updusr_id,u1_0.last_updt_pnttm,u1_0.lock_at,u1_0.lock_cnt,u1_0.lock_last_pnttm,u1_0.mbtlnum,u1_0.ofcps_nm,u1_0.offm_telno,u1_0.orgnzt_id,u1_0.password,u1_0.password_cnsr,u1_0.password_hint,u1_0.chg_pwd_last_pnttm,u1_0.role,u1_0.sbscrb_de,u1_0.sexdstn_code,u1_0.crtfc_dn_value,u1_0.user_nm,u1_0.zip from nemplyrinfo u1_0 where u1_0.emplyr_id=?
2026-03-16 16:58:57 [http-nio-8080-exec-9] DEBUG o.s.orm.jpa.JpaTransactionManager - Found thread-bound EntityManager [SessionImpl(66443931<open>)] for JPA transaction
2026-03-16 16:58:57 [http-nio-8080-exec-9] DEBUG o.s.orm.jpa.JpaTransactionManager - Participating in existing transaction
2026-03-16 16:58:57 [http-nio-8080-exec-9] DEBUG org.hibernate.SQL - select ua1_0.scrty_dtrmn_trget_id,ua1_0.author_code,ua1_0.frst_register_id,ua1_0.frst_regist_pnttm,ua1_0.last_updusr_id,ua1_0.last_updt_pnttm,ua1_0.mber_ty_code from nemplyrscrtyestbs ua1_0 where ua1_0.scrty_dtrmn_trget_id=?
2026-03-16 16:58:57 [http-nio-8080-exec-9] DEBUG o.s.orm.jpa.JpaTransactionManager - Initiating transaction commit
2026-03-16 16:58:57 [http-nio-8080-exec-9] DEBUG o.s.orm.jpa.JpaTransactionManager - Committing JPA transaction on EntityManager [SessionImpl(66443931<open>)]
2026-03-16 16:58:57 [http-nio-8080-exec-9] DEBUG o.s.orm.jpa.JpaTransactionManager - Closing JPA EntityManager [SessionImpl(66443931<open>)] after transaction
2026-03-16 16:58:57 [http-nio-8080-exec-9] DEBUG c.c.p.s.jwt.JwtAuthenticationFilter - >>> [JwtFilter] Successfully authenticated user: USRCNFRM_99999999999, Authorities: [ROLE_ADMIN]
2026-03-16 16:58:57 [http-nio-8080-exec-9] DEBUG o.s.web.servlet.DispatcherServlet - GET "/api/v1/boards/BBSMSTR_AAAAAAAAAAAA?page=0&size=10&searchWrd=&searchCnd=0", parameters={masked}
2026-03-16 16:58:57 [http-nio-8080-exec-9] TRACE o.s.w.s.m.m.a.RequestMappingHandlerMapping - Mapped to com.company.project.api.controller.board.BoardController#getPosts(String, Pageable)
2026-03-16 16:58:57 [http-nio-8080-exec-9] DEBUG o.s.orm.jpa.JpaTransactionManager - Creating new transaction with name [com.company.project.service.board.BoardService.getBoardPosts]: PROPAGATION_REQUIRED,ISOLATION_DEFAULT,readOnly
2026-03-16 16:58:57 [http-nio-8080-exec-9] DEBUG o.s.orm.jpa.JpaTransactionManager - Opened new EntityManager [SessionImpl(63734458<open>)] for JPA transaction
2026-03-16 16:58:57 [http-nio-8080-exec-9] DEBUG o.s.orm.jpa.JpaTransactionManager - Exposing JPA transaction as JDBC [org.springframework.orm.jpa.vendor.HibernateJpaDialect$HibernateConnectionHandle@517043eb]
2026-03-16 16:58:57 [http-nio-8080-exec-9] DEBUG o.s.orm.jpa.JpaTransactionManager - Found thread-bound EntityManager [SessionImpl(63734458<open>)] for JPA transaction
2026-03-16 16:58:57 [http-nio-8080-exec-9] DEBUG o.s.orm.jpa.JpaTransactionManager - Participating in existing transaction
2026-03-16 16:58:57 [http-nio-8080-exec-9] DEBUG org.hibernate.SQL - select bm1_0.bbs_id,bm1_0.atch_posbl_file_number,bm1_0.atch_posbl_file_size,bm1_0.bbs_attrb_code,bm1_0.bbs_intrcn,bm1_0.bbs_nm,bm1_0.bbs_ty_code,bm1_0.blog_at,bm1_0.blog_id,bm1_0.cmmnty_id,bm1_0.frst_register_id,bm1_0.frst_regist_pnttm,bm1_0.file_atch_posbl_at,bm1_0.last_updusr_id,bm1_0.last_updt_pnttm,bm1_0.reply_posbl_at,bm1_0.tmplat_id,bm1_0.use_at,bm1_1.answer_at,bm1_1.stsfdg_at from nbbsmaster bm1_0 left join nbbsmasteroptn bm1_1 on bm1_0.bbs_id=bm1_1.bbs_id where bm1_0.bbs_id=?
2026-03-16 16:58:58 [http-nio-8080-exec-9] DEBUG org.hibernate.SQL - select b1_0.ntt_id,b1_0.bbs_id,b1_0.ntt_sj,b1_0.ntcr_nm,b1_0.frst_regist_pnttm,b1_0.rdcnt,b1_0.answer_at,b1_0.parntsctt_no,b1_0.answer_lc,b1_0.sort_ordr,b1_0.ntt_no,b1_0.notice_at,b1_0.secret_at,b1_0.comment_co from nbbs b1_0 left join nemplyrinfo u1_0 on b1_0.frst_register_id=u1_0.esntl_id where (b1_0.use_at = 'Y') and b1_0.bbs_id=? order by b1_0.sort_ordr desc,b1_0.ntt_no offset ? rows fetch first ? rows only
2026-03-16 16:58:58 [http-nio-8080-exec-9] DEBUG org.hibernate.SQL - select count(b1_0.ntt_id) from nbbs b1_0 left join nemplyrinfo u1_0 on b1_0.frst_register_id=u1_0.esntl_id where (b1_0.use_at = 'Y') and b1_0.bbs_id=?
2026-03-16 16:58:58 [http-nio-8080-exec-9] DEBUG o.s.orm.jpa.JpaTransactionManager - Initiating transaction commit
2026-03-16 16:58:58 [http-nio-8080-exec-9] DEBUG o.s.orm.jpa.JpaTransactionManager - Committing JPA transaction on EntityManager [SessionImpl(63734458<open>)]
2026-03-16 16:58:58 [http-nio-8080-exec-9] DEBUG o.s.orm.jpa.JpaTransactionManager - Closing JPA EntityManager [SessionImpl(63734458<open>)] after transaction
2026-03-16 16:58:58 [http-nio-8080-exec-9] DEBUG o.s.w.s.m.m.a.HttpEntityMethodProcessor - Using 'application/json', given [application/json, text/plain, */*] and supported [application/json, application/*+json, application/yaml]
2026-03-16 16:58:58 [http-nio-8080-exec-9] TRACE o.s.w.s.m.m.a.HttpEntityMethodProcessor - Writing [ApiResponse[success=true, status=200, code=COMMON_001, message=Success, data=Page 1 of 1 containing com.company.project.service.board.dto.BoardDto instances, timestamp=2026-03-16T16:58:58.562478100]]
2026-03-16 16:58:58 [http-nio-8080-exec-9] INFO  c.c.p.a.i.OperationalAuditInterceptor - API Audit Log: URL=/api/v1/boards/BBSMSTR_AAAAAAAAAAAA, User=webmaster, IP=127.0.0.1
2026-03-16 16:58:58 [http-nio-8080-exec-9] DEBUG o.s.web.servlet.DispatcherServlet - Completed 200 OK
2026-03-16 16:58:58 [http-nio-8080-exec-7] DEBUG c.c.p.s.jwt.JwtAuthenticationFilter - >>> [JwtFilter] Processing request: GET /api/v1/boards/BBSMSTR_AAAAAAAAAAAA
2026-03-16 16:58:58 [http-nio-8080-exec-7] DEBUG c.c.p.s.jwt.JwtAuthenticationFilter - >>> [JwtFilter] Found token in header for path: /api/v1/boards/BBSMSTR_AAAAAAAAAAAA
2026-03-16 16:58:58 [http-nio-8080-exec-7] DEBUG o.s.orm.jpa.JpaTransactionManager - Creating new transaction with name [com.company.project.security.iam.CustomUserDetailsService.loadUserByUsername]: PROPAGATION_REQUIRED,ISOLATION_DEFAULT,readOnly
2026-03-16 16:58:58 [http-nio-8080-exec-7] DEBUG o.s.orm.jpa.JpaTransactionManager - Opened new EntityManager [SessionImpl(847180276<open>)] for JPA transaction
2026-03-16 16:58:58 [http-nio-8080-exec-7] DEBUG o.s.orm.jpa.JpaTransactionManager - Exposing JPA transaction as JDBC [org.springframework.orm.jpa.vendor.HibernateJpaDialect$HibernateConnectionHandle@7ca74c79]
2026-03-16 16:58:58 [http-nio-8080-exec-7] DEBUG o.s.orm.jpa.JpaTransactionManager - Found thread-bound EntityManager [SessionImpl(847180276<open>)] for JPA transaction
2026-03-16 16:58:58 [http-nio-8080-exec-7] DEBUG o.s.orm.jpa.JpaTransactionManager - Participating in existing transaction
2026-03-16 16:58:58 [http-nio-8080-exec-7] DEBUG org.hibernate.SQL - select u1_0.emplyr_id,u1_0.area_no,u1_0.brthdy,u1_0.chg_pwd_cnt,u1_0.frst_register_id,u1_0.frst_regist_pnttm,u1_0.detail_adres,u1_0.email_adres,u1_0.emplyr_sttus_code,u1_0.empl_no,u1_0.esntl_id,u1_0.fxnum,u1_0.group_id,u1_0.house_adres,u1_0.house_end_telno,u1_0.house_middle_telno,u1_0.ihidnum,u1_0.pstinst_code,u1_0.last_updusr_id,u1_0.last_updt_pnttm,u1_0.lock_at,u1_0.lock_cnt,u1_0.lock_last_pnttm,u1_0.mbtlnum,u1_0.ofcps_nm,u1_0.offm_telno,u1_0.orgnzt_id,u1_0.password,u1_0.password_cnsr,u1_0.password_hint,u1_0.chg_pwd_last_pnttm,u1_0.role,u1_0.sbscrb_de,u1_0.sexdstn_code,u1_0.crtfc_dn_value,u1_0.user_nm,u1_0.zip from nemplyrinfo u1_0 where u1_0.emplyr_id=?
2026-03-16 16:58:58 [http-nio-8080-exec-7] DEBUG o.s.orm.jpa.JpaTransactionManager - Found thread-bound EntityManager [SessionImpl(847180276<open>)] for JPA transaction
2026-03-16 16:58:58 [http-nio-8080-exec-7] DEBUG o.s.orm.jpa.JpaTransactionManager - Participating in existing transaction
2026-03-16 16:58:58 [http-nio-8080-exec-7] DEBUG org.hibernate.SQL - select ua1_0.scrty_dtrmn_trget_id,ua1_0.author_code,ua1_0.frst_register_id,ua1_0.frst_regist_pnttm,ua1_0.last_updusr_id,ua1_0.last_updt_pnttm,ua1_0.mber_ty_code from nemplyrscrtyestbs ua1_0 where ua1_0.scrty_dtrmn_trget_id=?
2026-03-16 16:58:59 [http-nio-8080-exec-7] DEBUG o.s.orm.jpa.JpaTransactionManager - Initiating transaction commit
2026-03-16 16:58:59 [http-nio-8080-exec-7] DEBUG o.s.orm.jpa.JpaTransactionManager - Committing JPA transaction on EntityManager [SessionImpl(847180276<open>)]
2026-03-16 16:58:59 [http-nio-8080-exec-7] DEBUG o.s.orm.jpa.JpaTransactionManager - Closing JPA EntityManager [SessionImpl(847180276<open>)] after transaction
2026-03-16 16:58:59 [http-nio-8080-exec-7] DEBUG c.c.p.s.jwt.JwtAuthenticationFilter - >>> [JwtFilter] Successfully authenticated user: USRCNFRM_99999999999, Authorities: [ROLE_ADMIN]
2026-03-16 16:58:59 [http-nio-8080-exec-7] DEBUG o.s.web.servlet.DispatcherServlet - GET "/api/v1/boards/BBSMSTR_AAAAAAAAAAAA?page=0&size=10&searchWrd=&searchCnd=0", parameters={masked}
2026-03-16 16:58:59 [http-nio-8080-exec-7] TRACE o.s.w.s.m.m.a.RequestMappingHandlerMapping - Mapped to com.company.project.api.controller.board.BoardController#getPosts(String, Pageable)
2026-03-16 16:58:59 [http-nio-8080-exec-7] DEBUG o.s.orm.jpa.JpaTransactionManager - Creating new transaction with name [com.company.project.service.board.BoardService.getBoardPosts]: PROPAGATION_REQUIRED,ISOLATION_DEFAULT,readOnly
2026-03-16 16:58:59 [http-nio-8080-exec-7] DEBUG o.s.orm.jpa.JpaTransactionManager - Opened new EntityManager [SessionImpl(1820412245<open>)] for JPA transaction
2026-03-16 16:58:59 [http-nio-8080-exec-7] DEBUG o.s.orm.jpa.JpaTransactionManager - Exposing JPA transaction as JDBC [org.springframework.orm.jpa.vendor.HibernateJpaDialect$HibernateConnectionHandle@63cf5e38]
2026-03-16 16:58:59 [http-nio-8080-exec-7] DEBUG o.s.orm.jpa.JpaTransactionManager - Found thread-bound EntityManager [SessionImpl(1820412245<open>)] for JPA transaction
2026-03-16 16:58:59 [http-nio-8080-exec-7] DEBUG o.s.orm.jpa.JpaTransactionManager - Participating in existing transaction
2026-03-16 16:58:59 [http-nio-8080-exec-7] DEBUG org.hibernate.SQL - select bm1_0.bbs_id,bm1_0.atch_posbl_file_number,bm1_0.atch_posbl_file_size,bm1_0.bbs_attrb_code,bm1_0.bbs_intrcn,bm1_0.bbs_nm,bm1_0.bbs_ty_code,bm1_0.blog_at,bm1_0.blog_id,bm1_0.cmmnty_id,bm1_0.frst_register_id,bm1_0.frst_regist_pnttm,bm1_0.file_atch_posbl_at,bm1_0.last_updusr_id,bm1_0.last_updt_pnttm,bm1_0.reply_posbl_at,bm1_0.tmplat_id,bm1_0.use_at,bm1_1.answer_at,bm1_1.stsfdg_at from nbbsmaster bm1_0 left join nbbsmasteroptn bm1_1 on bm1_0.bbs_id=bm1_1.bbs_id where bm1_0.bbs_id=?
2026-03-16 16:58:59 [http-nio-8080-exec-7] DEBUG org.hibernate.SQL - select b1_0.ntt_id,b1_0.bbs_id,b1_0.ntt_sj,b1_0.ntcr_nm,b1_0.frst_regist_pnttm,b1_0.rdcnt,b1_0.answer_at,b1_0.parntsctt_no,b1_0.answer_lc,b1_0.sort_ordr,b1_0.ntt_no,b1_0.notice_at,b1_0.secret_at,b1_0.comment_co from nbbs b1_0 left join nemplyrinfo u1_0 on b1_0.frst_register_id=u1_0.esntl_id where (b1_0.use_at = 'Y') and b1_0.bbs_id=? order by b1_0.sort_ordr desc,b1_0.ntt_no offset ? rows fetch first ? rows only
2026-03-16 16:58:59 [http-nio-8080-exec-7] DEBUG org.hibernate.SQL - select count(b1_0.ntt_id) from nbbs b1_0 left join nemplyrinfo u1_0 on b1_0.frst_register_id=u1_0.esntl_id where (b1_0.use_at = 'Y') and b1_0.bbs_id=?
2026-03-16 16:58:59 [http-nio-8080-exec-7] DEBUG o.s.orm.jpa.JpaTransactionManager - Initiating transaction commit
2026-03-16 16:58:59 [http-nio-8080-exec-7] DEBUG o.s.orm.jpa.JpaTransactionManager - Committing JPA transaction on EntityManager [SessionImpl(1820412245<open>)]
2026-03-16 16:58:59 [http-nio-8080-exec-7] DEBUG o.s.orm.jpa.JpaTransactionManager - Closing JPA EntityManager [SessionImpl(1820412245<open>)] after transaction
2026-03-16 16:58:59 [http-nio-8080-exec-7] DEBUG o.s.w.s.m.m.a.HttpEntityMethodProcessor - Using 'application/json', given [application/json, text/plain, */*] and supported [application/json, application/*+json, application/yaml]
2026-03-16 16:58:59 [http-nio-8080-exec-7] TRACE o.s.w.s.m.m.a.HttpEntityMethodProcessor - Writing [ApiResponse[success=true, status=200, code=COMMON_001, message=Success, data=Page 1 of 1 containing com.company.project.service.board.dto.BoardDto instances, timestamp=2026-03-16T16:58:59.828236500]]
2026-03-16 16:58:59 [http-nio-8080-exec-7] INFO  c.c.p.a.i.OperationalAuditInterceptor - API Audit Log: URL=/api/v1/boards/BBSMSTR_AAAAAAAAAAAA, User=webmaster, IP=127.0.0.1
2026-03-16 16:58:59 [http-nio-8080-exec-7] DEBUG o.s.web.servlet.DispatcherServlet - Completed 200 OK
2026-03-16 16:58:59 [http-nio-8080-exec-1] DEBUG c.c.p.s.jwt.JwtAuthenticationFilter - >>> [JwtFilter] Processing request: GET /api/v1/boards/BBSMSTR_AAAAAAAAAAAA
2026-03-16 16:58:59 [http-nio-8080-exec-1] DEBUG c.c.p.s.jwt.JwtAuthenticationFilter - >>> [JwtFilter] Found token in header for path: /api/v1/boards/BBSMSTR_AAAAAAAAAAAA
2026-03-16 16:58:59 [http-nio-8080-exec-1] DEBUG o.s.orm.jpa.JpaTransactionManager - Creating new transaction with name [com.company.project.security.iam.CustomUserDetailsService.loadUserByUsername]: PROPAGATION_REQUIRED,ISOLATION_DEFAULT,readOnly
2026-03-16 16:58:59 [http-nio-8080-exec-1] DEBUG o.s.orm.jpa.JpaTransactionManager - Opened new EntityManager [SessionImpl(756384316<open>)] for JPA transaction
2026-03-16 16:58:59 [http-nio-8080-exec-1] DEBUG o.s.orm.jpa.JpaTransactionManager - Exposing JPA transaction as JDBC [org.springframework.orm.jpa.vendor.HibernateJpaDialect$HibernateConnectionHandle@60844f34]
2026-03-16 16:58:59 [http-nio-8080-exec-1] DEBUG o.s.orm.jpa.JpaTransactionManager - Found thread-bound EntityManager [SessionImpl(756384316<open>)] for JPA transaction
2026-03-16 16:58:59 [http-nio-8080-exec-1] DEBUG o.s.orm.jpa.JpaTransactionManager - Participating in existing transaction
2026-03-16 16:58:59 [http-nio-8080-exec-1] DEBUG org.hibernate.SQL - select u1_0.emplyr_id,u1_0.area_no,u1_0.brthdy,u1_0.chg_pwd_cnt,u1_0.frst_register_id,u1_0.frst_regist_pnttm,u1_0.detail_adres,u1_0.email_adres,u1_0.emplyr_sttus_code,u1_0.empl_no,u1_0.esntl_id,u1_0.fxnum,u1_0.group_id,u1_0.house_adres,u1_0.house_end_telno,u1_0.house_middle_telno,u1_0.ihidnum,u1_0.pstinst_code,u1_0.last_updusr_id,u1_0.last_updt_pnttm,u1_0.lock_at,u1_0.lock_cnt,u1_0.lock_last_pnttm,u1_0.mbtlnum,u1_0.ofcps_nm,u1_0.offm_telno,u1_0.orgnzt_id,u1_0.password,u1_0.password_cnsr,u1_0.password_hint,u1_0.chg_pwd_last_pnttm,u1_0.role,u1_0.sbscrb_de,u1_0.sexdstn_code,u1_0.crtfc_dn_value,u1_0.user_nm,u1_0.zip from nemplyrinfo u1_0 where u1_0.emplyr_id=?
2026-03-16 16:59:00 [http-nio-8080-exec-1] DEBUG o.s.orm.jpa.JpaTransactionManager - Found thread-bound EntityManager [SessionImpl(756384316<open>)] for JPA transaction
2026-03-16 16:59:00 [http-nio-8080-exec-1] DEBUG o.s.orm.jpa.JpaTransactionManager - Participating in existing transaction
2026-03-16 16:59:00 [http-nio-8080-exec-1] DEBUG org.hibernate.SQL - select ua1_0.scrty_dtrmn_trget_id,ua1_0.author_code,ua1_0.frst_register_id,ua1_0.frst_regist_pnttm,ua1_0.last_updusr_id,ua1_0.last_updt_pnttm,ua1_0.mber_ty_code from nemplyrscrtyestbs ua1_0 where ua1_0.scrty_dtrmn_trget_id=?
2026-03-16 16:59:00 [http-nio-8080-exec-1] DEBUG o.s.orm.jpa.JpaTransactionManager - Initiating transaction commit
2026-03-16 16:59:00 [http-nio-8080-exec-1] DEBUG o.s.orm.jpa.JpaTransactionManager - Committing JPA transaction on EntityManager [SessionImpl(756384316<open>)]
2026-03-16 16:59:00 [http-nio-8080-exec-1] DEBUG o.s.orm.jpa.JpaTransactionManager - Closing JPA EntityManager [SessionImpl(756384316<open>)] after transaction
2026-03-16 16:59:00 [http-nio-8080-exec-1] DEBUG c.c.p.s.jwt.JwtAuthenticationFilter - >>> [JwtFilter] Successfully authenticated user: USRCNFRM_99999999999, Authorities: [ROLE_ADMIN]
2026-03-16 16:59:00 [http-nio-8080-exec-1] DEBUG o.s.web.servlet.DispatcherServlet - GET "/api/v1/boards/BBSMSTR_AAAAAAAAAAAA?page=0&size=10&searchWrd=&searchCnd=0", parameters={masked}
2026-03-16 16:59:00 [http-nio-8080-exec-1] TRACE o.s.w.s.m.m.a.RequestMappingHandlerMapping - Mapped to com.company.project.api.controller.board.BoardController#getPosts(String, Pageable)
2026-03-16 16:59:00 [http-nio-8080-exec-1] DEBUG o.s.orm.jpa.JpaTransactionManager - Creating new transaction with name [com.company.project.service.board.BoardService.getBoardPosts]: PROPAGATION_REQUIRED,ISOLATION_DEFAULT,readOnly
2026-03-16 16:59:00 [http-nio-8080-exec-1] DEBUG o.s.orm.jpa.JpaTransactionManager - Opened new EntityManager [SessionImpl(1322157027<open>)] for JPA transaction
2026-03-16 16:59:00 [http-nio-8080-exec-1] DEBUG o.s.orm.jpa.JpaTransactionManager - Exposing JPA transaction as JDBC [org.springframework.orm.jpa.vendor.HibernateJpaDialect$HibernateConnectionHandle@4f2bbb08]
2026-03-16 16:59:00 [http-nio-8080-exec-1] DEBUG o.s.orm.jpa.JpaTransactionManager - Found thread-bound EntityManager [SessionImpl(1322157027<open>)] for JPA transaction
2026-03-16 16:59:00 [http-nio-8080-exec-1] DEBUG o.s.orm.jpa.JpaTransactionManager - Participating in existing transaction
2026-03-16 16:59:00 [http-nio-8080-exec-1] DEBUG org.hibernate.SQL - select bm1_0.bbs_id,bm1_0.atch_posbl_file_number,bm1_0.atch_posbl_file_size,bm1_0.bbs_attrb_code,bm1_0.bbs_intrcn,bm1_0.bbs_nm,bm1_0.bbs_ty_code,bm1_0.blog_at,bm1_0.blog_id,bm1_0.cmmnty_id,bm1_0.frst_register_id,bm1_0.frst_regist_pnttm,bm1_0.file_atch_posbl_at,bm1_0.last_updusr_id,bm1_0.last_updt_pnttm,bm1_0.reply_posbl_at,bm1_0.tmplat_id,bm1_0.use_at,bm1_1.answer_at,bm1_1.stsfdg_at from nbbsmaster bm1_0 left join nbbsmasteroptn bm1_1 on bm1_0.bbs_id=bm1_1.bbs_id where bm1_0.bbs_id=?
2026-03-16 16:59:00 [http-nio-8080-exec-1] DEBUG org.hibernate.SQL - select b1_0.ntt_id,b1_0.bbs_id,b1_0.ntt_sj,b1_0.ntcr_nm,b1_0.frst_regist_pnttm,b1_0.rdcnt,b1_0.answer_at,b1_0.parntsctt_no,b1_0.answer_lc,b1_0.sort_ordr,b1_0.ntt_no,b1_0.notice_at,b1_0.secret_at,b1_0.comment_co from nbbs b1_0 left join nemplyrinfo u1_0 on b1_0.frst_register_id=u1_0.esntl_id where (b1_0.use_at = 'Y') and b1_0.bbs_id=? order by b1_0.sort_ordr desc,b1_0.ntt_no offset ? rows fetch first ? rows only
2026-03-16 16:59:00 [http-nio-8080-exec-1] DEBUG org.hibernate.SQL - select count(b1_0.ntt_id) from nbbs b1_0 left join nemplyrinfo u1_0 on b1_0.frst_register_id=u1_0.esntl_id where (b1_0.use_at = 'Y') and b1_0.bbs_id=?
2026-03-16 16:59:00 [http-nio-8080-exec-1] DEBUG o.s.orm.jpa.JpaTransactionManager - Initiating transaction commit
2026-03-16 16:59:00 [http-nio-8080-exec-1] DEBUG o.s.orm.jpa.JpaTransactionManager - Committing JPA transaction on EntityManager [SessionImpl(1322157027<open>)]
2026-03-16 16:59:01 [http-nio-8080-exec-1] DEBUG o.s.orm.jpa.JpaTransactionManager - Closing JPA EntityManager [SessionImpl(1322157027<open>)] after transaction
2026-03-16 16:59:01 [http-nio-8080-exec-1] DEBUG o.s.w.s.m.m.a.HttpEntityMethodProcessor - Using 'application/json', given [application/json, text/plain, */*] and supported [application/json, application/*+json, application/yaml]
2026-03-16 16:59:01 [http-nio-8080-exec-1] TRACE o.s.w.s.m.m.a.HttpEntityMethodProcessor - Writing [ApiResponse[success=true, status=200, code=COMMON_001, message=Success, data=Page 1 of 1 containing com.company.project.service.board.dto.BoardDto instances, timestamp=2026-03-16T16:59:01.045052900]]
2026-03-16 16:59:01 [http-nio-8080-exec-1] INFO  c.c.p.a.i.OperationalAuditInterceptor - API Audit Log: URL=/api/v1/boards/BBSMSTR_AAAAAAAAAAAA, User=webmaster, IP=127.0.0.1
2026-03-16 16:59:01 [http-nio-8080-exec-1] DEBUG o.s.web.servlet.DispatcherServlet - Completed 200 OK
2026-03-16 16:59:01 [http-nio-8080-exec-5] DEBUG c.c.p.s.jwt.JwtAuthenticationFilter - >>> [JwtFilter] Processing request: GET /api/v1/boards/BBSMSTR_AAAAAAAAAAAA
2026-03-16 16:59:01 [http-nio-8080-exec-5] DEBUG c.c.p.s.jwt.JwtAuthenticationFilter - >>> [JwtFilter] Found token in header for path: /api/v1/boards/BBSMSTR_AAAAAAAAAAAA
2026-03-16 16:59:01 [http-nio-8080-exec-5] DEBUG o.s.orm.jpa.JpaTransactionManager - Creating new transaction with name [com.company.project.security.iam.CustomUserDetailsService.loadUserByUsername]: PROPAGATION_REQUIRED,ISOLATION_DEFAULT,readOnly
2026-03-16 16:59:01 [http-nio-8080-exec-5] DEBUG o.s.orm.jpa.JpaTransactionManager - Opened new EntityManager [SessionImpl(683160420<open>)] for JPA transaction
2026-03-16 16:59:01 [http-nio-8080-exec-5] DEBUG o.s.orm.jpa.JpaTransactionManager - Exposing JPA transaction as JDBC [org.springframework.orm.jpa.vendor.HibernateJpaDialect$HibernateConnectionHandle@2a4f15a4]
2026-03-16 16:59:01 [http-nio-8080-exec-5] DEBUG o.s.orm.jpa.JpaTransactionManager - Found thread-bound EntityManager [SessionImpl(683160420<open>)] for JPA transaction
2026-03-16 16:59:01 [http-nio-8080-exec-5] DEBUG o.s.orm.jpa.JpaTransactionManager - Participating in existing transaction
2026-03-16 16:59:01 [http-nio-8080-exec-5] DEBUG org.hibernate.SQL - select u1_0.emplyr_id,u1_0.area_no,u1_0.brthdy,u1_0.chg_pwd_cnt,u1_0.frst_register_id,u1_0.frst_regist_pnttm,u1_0.detail_adres,u1_0.email_adres,u1_0.emplyr_sttus_code,u1_0.empl_no,u1_0.esntl_id,u1_0.fxnum,u1_0.group_id,u1_0.house_adres,u1_0.house_end_telno,u1_0.house_middle_telno,u1_0.ihidnum,u1_0.pstinst_code,u1_0.last_updusr_id,u1_0.last_updt_pnttm,u1_0.lock_at,u1_0.lock_cnt,u1_0.lock_last_pnttm,u1_0.mbtlnum,u1_0.ofcps_nm,u1_0.offm_telno,u1_0.orgnzt_id,u1_0.password,u1_0.password_cnsr,u1_0.password_hint,u1_0.chg_pwd_last_pnttm,u1_0.role,u1_0.sbscrb_de,u1_0.sexdstn_code,u1_0.crtfc_dn_value,u1_0.user_nm,u1_0.zip from nemplyrinfo u1_0 where u1_0.emplyr_id=?
2026-03-16 16:59:01 [http-nio-8080-exec-5] DEBUG o.s.orm.jpa.JpaTransactionManager - Found thread-bound EntityManager [SessionImpl(683160420<open>)] for JPA transaction
2026-03-16 16:59:01 [http-nio-8080-exec-5] DEBUG o.s.orm.jpa.JpaTransactionManager - Participating in existing transaction
2026-03-16 16:59:01 [http-nio-8080-exec-5] DEBUG org.hibernate.SQL - select ua1_0.scrty_dtrmn_trget_id,ua1_0.author_code,ua1_0.frst_register_id,ua1_0.frst_regist_pnttm,ua1_0.last_updusr_id,ua1_0.last_updt_pnttm,ua1_0.mber_ty_code from nemplyrscrtyestbs ua1_0 where ua1_0.scrty_dtrmn_trget_id=?
2026-03-16 16:59:01 [http-nio-8080-exec-5] DEBUG o.s.orm.jpa.JpaTransactionManager - Initiating transaction commit
2026-03-16 16:59:01 [http-nio-8080-exec-5] DEBUG o.s.orm.jpa.JpaTransactionManager - Committing JPA transaction on EntityManager [SessionImpl(683160420<open>)]
2026-03-16 16:59:01 [http-nio-8080-exec-5] DEBUG o.s.orm.jpa.JpaTransactionManager - Closing JPA EntityManager [SessionImpl(683160420<open>)] after transaction
2026-03-16 16:59:01 [http-nio-8080-exec-5] DEBUG c.c.p.s.jwt.JwtAuthenticationFilter - >>> [JwtFilter] Successfully authenticated user: USRCNFRM_99999999999, Authorities: [ROLE_ADMIN]
2026-03-16 16:59:01 [http-nio-8080-exec-5] DEBUG o.s.web.servlet.DispatcherServlet - GET "/api/v1/boards/BBSMSTR_AAAAAAAAAAAA?page=0&size=10&searchWrd=&searchCnd=0", parameters={masked}
2026-03-16 16:59:01 [http-nio-8080-exec-5] TRACE o.s.w.s.m.m.a.RequestMappingHandlerMapping - Mapped to com.company.project.api.controller.board.BoardController#getPosts(String, Pageable)
2026-03-16 16:59:01 [http-nio-8080-exec-5] DEBUG o.s.orm.jpa.JpaTransactionManager - Creating new transaction with name [com.company.project.service.board.BoardService.getBoardPosts]: PROPAGATION_REQUIRED,ISOLATION_DEFAULT,readOnly
2026-03-16 16:59:01 [http-nio-8080-exec-5] DEBUG o.s.orm.jpa.JpaTransactionManager - Opened new EntityManager [SessionImpl(1033055608<open>)] for JPA transaction
2026-03-16 16:59:01 [http-nio-8080-exec-5] DEBUG o.s.orm.jpa.JpaTransactionManager - Exposing JPA transaction as JDBC [org.springframework.orm.jpa.vendor.HibernateJpaDialect$HibernateConnectionHandle@4d54a213]
2026-03-16 16:59:01 [http-nio-8080-exec-5] DEBUG o.s.orm.jpa.JpaTransactionManager - Found thread-bound EntityManager [SessionImpl(1033055608<open>)] for JPA transaction
2026-03-16 16:59:01 [http-nio-8080-exec-5] DEBUG o.s.orm.jpa.JpaTransactionManager - Participating in existing transaction
2026-03-16 16:59:01 [http-nio-8080-exec-5] DEBUG org.hibernate.SQL - select bm1_0.bbs_id,bm1_0.atch_posbl_file_number,bm1_0.atch_posbl_file_size,bm1_0.bbs_attrb_code,bm1_0.bbs_intrcn,bm1_0.bbs_nm,bm1_0.bbs_ty_code,bm1_0.blog_at,bm1_0.blog_id,bm1_0.cmmnty_id,bm1_0.frst_register_id,bm1_0.frst_regist_pnttm,bm1_0.file_atch_posbl_at,bm1_0.last_updusr_id,bm1_0.last_updt_pnttm,bm1_0.reply_posbl_at,bm1_0.tmplat_id,bm1_0.use_at,bm1_1.answer_at,bm1_1.stsfdg_at from nbbsmaster bm1_0 left join nbbsmasteroptn bm1_1 on bm1_0.bbs_id=bm1_1.bbs_id where bm1_0.bbs_id=?
2026-03-16 16:59:01 [http-nio-8080-exec-5] DEBUG org.hibernate.SQL - select b1_0.ntt_id,b1_0.bbs_id,b1_0.ntt_sj,b1_0.ntcr_nm,b1_0.frst_regist_pnttm,b1_0.rdcnt,b1_0.answer_at,b1_0.parntsctt_no,b1_0.answer_lc,b1_0.sort_ordr,b1_0.ntt_no,b1_0.notice_at,b1_0.secret_at,b1_0.comment_co from nbbs b1_0 left join nemplyrinfo u1_0 on b1_0.frst_register_id=u1_0.esntl_id where (b1_0.use_at = 'Y') and b1_0.bbs_id=? order by b1_0.sort_ordr desc,b1_0.ntt_no offset ? rows fetch first ? rows only
2026-03-16 16:59:02 [http-nio-8080-exec-5] DEBUG org.hibernate.SQL - select count(b1_0.ntt_id) from nbbs b1_0 left join nemplyrinfo u1_0 on b1_0.frst_register_id=u1_0.esntl_id where (b1_0.use_at = 'Y') and b1_0.bbs_id=?
2026-03-16 16:59:02 [http-nio-8080-exec-5] DEBUG o.s.orm.jpa.JpaTransactionManager - Initiating transaction commit
2026-03-16 16:59:02 [http-nio-8080-exec-5] DEBUG o.s.orm.jpa.JpaTransactionManager - Committing JPA transaction on EntityManager [SessionImpl(1033055608<open>)]
2026-03-16 16:59:02 [http-nio-8080-exec-5] DEBUG o.s.orm.jpa.JpaTransactionManager - Closing JPA EntityManager [SessionImpl(1033055608<open>)] after transaction
2026-03-16 16:59:02 [http-nio-8080-exec-5] DEBUG o.s.w.s.m.m.a.HttpEntityMethodProcessor - Using 'application/json', given [application/json, text/plain, */*] and supported [application/json, application/*+json, application/yaml]
2026-03-16 16:59:02 [http-nio-8080-exec-5] TRACE o.s.w.s.m.m.a.HttpEntityMethodProcessor - Writing [ApiResponse[success=true, status=200, code=COMMON_001, message=Success, data=Page 1 of 1 containing com.company.project.service.board.dto.BoardDto instances, timestamp=2026-03-16T16:59:02.329664800]]
2026-03-16 16:59:02 [http-nio-8080-exec-5] INFO  c.c.p.a.i.OperationalAuditInterceptor - API Audit Log: URL=/api/v1/boards/BBSMSTR_AAAAAAAAAAAA, User=webmaster, IP=127.0.0.1
2026-03-16 16:59:02 [http-nio-8080-exec-5] DEBUG o.s.web.servlet.DispatcherServlet - Completed 200 OK
2026-03-16 16:59:02 [http-nio-8080-exec-4] DEBUG c.c.p.s.jwt.JwtAuthenticationFilter - >>> [JwtFilter] Processing request: GET /api/v1/boards/BBSMSTR_AAAAAAAAAAAA
2026-03-16 16:59:02 [http-nio-8080-exec-4] DEBUG c.c.p.s.jwt.JwtAuthenticationFilter - >>> [JwtFilter] Found token in header for path: /api/v1/boards/BBSMSTR_AAAAAAAAAAAA
2026-03-16 16:59:02 [http-nio-8080-exec-4] DEBUG o.s.orm.jpa.JpaTransactionManager - Creating new transaction with name [com.company.project.security.iam.CustomUserDetailsService.loadUserByUsername]: PROPAGATION_REQUIRED,ISOLATION_DEFAULT,readOnly
2026-03-16 16:59:02 [http-nio-8080-exec-4] DEBUG o.s.orm.jpa.JpaTransactionManager - Opened new EntityManager [SessionImpl(1231125844<open>)] for JPA transaction
2026-03-16 16:59:02 [http-nio-8080-exec-4] DEBUG o.s.orm.jpa.JpaTransactionManager - Exposing JPA transaction as JDBC [org.springframework.orm.jpa.vendor.HibernateJpaDialect$HibernateConnectionHandle@3a90986b]
2026-03-16 16:59:02 [http-nio-8080-exec-4] DEBUG o.s.orm.jpa.JpaTransactionManager - Found thread-bound EntityManager [SessionImpl(1231125844<open>)] for JPA transaction
2026-03-16 16:59:02 [http-nio-8080-exec-4] DEBUG o.s.orm.jpa.JpaTransactionManager - Participating in existing transaction
2026-03-16 16:59:02 [http-nio-8080-exec-4] DEBUG org.hibernate.SQL - select u1_0.emplyr_id,u1_0.area_no,u1_0.brthdy,u1_0.chg_pwd_cnt,u1_0.frst_register_id,u1_0.frst_regist_pnttm,u1_0.detail_adres,u1_0.email_adres,u1_0.emplyr_sttus_code,u1_0.empl_no,u1_0.esntl_id,u1_0.fxnum,u1_0.group_id,u1_0.house_adres,u1_0.house_end_telno,u1_0.house_middle_telno,u1_0.ihidnum,u1_0.pstinst_code,u1_0.last_updusr_id,u1_0.last_updt_pnttm,u1_0.lock_at,u1_0.lock_cnt,u1_0.lock_last_pnttm,u1_0.mbtlnum,u1_0.ofcps_nm,u1_0.offm_telno,u1_0.orgnzt_id,u1_0.password,u1_0.password_cnsr,u1_0.password_hint,u1_0.chg_pwd_last_pnttm,u1_0.role,u1_0.sbscrb_de,u1_0.sexdstn_code,u1_0.crtfc_dn_value,u1_0.user_nm,u1_0.zip from nemplyrinfo u1_0 where u1_0.emplyr_id=?
2026-03-16 16:59:02 [http-nio-8080-exec-4] DEBUG o.s.orm.jpa.JpaTransactionManager - Found thread-bound EntityManager [SessionImpl(1231125844<open>)] for JPA transaction
2026-03-16 16:59:02 [http-nio-8080-exec-4] DEBUG o.s.orm.jpa.JpaTransactionManager - Participating in existing transaction
2026-03-16 16:59:02 [http-nio-8080-exec-4] DEBUG org.hibernate.SQL - select ua1_0.scrty_dtrmn_trget_id,ua1_0.author_code,ua1_0.frst_register_id,ua1_0.frst_regist_pnttm,ua1_0.last_updusr_id,ua1_0.last_updt_pnttm,ua1_0.mber_ty_code from nemplyrscrtyestbs ua1_0 where ua1_0.scrty_dtrmn_trget_id=?
2026-03-16 16:59:02 [http-nio-8080-exec-4] DEBUG o.s.orm.jpa.JpaTransactionManager - Initiating transaction commit
2026-03-16 16:59:02 [http-nio-8080-exec-4] DEBUG o.s.orm.jpa.JpaTransactionManager - Committing JPA transaction on EntityManager [SessionImpl(1231125844<open>)]
2026-03-16 16:59:02 [http-nio-8080-exec-4] DEBUG o.s.orm.jpa.JpaTransactionManager - Closing JPA EntityManager [SessionImpl(1231125844<open>)] after transaction
2026-03-16 16:59:02 [http-nio-8080-exec-4] DEBUG c.c.p.s.jwt.JwtAuthenticationFilter - >>> [JwtFilter] Successfully authenticated user: USRCNFRM_99999999999, Authorities: [ROLE_ADMIN]
2026-03-16 16:59:02 [http-nio-8080-exec-4] DEBUG o.s.web.servlet.DispatcherServlet - GET "/api/v1/boards/BBSMSTR_AAAAAAAAAAAA?page=0&size=10&searchWrd=&searchCnd=0", parameters={masked}
2026-03-16 16:59:02 [http-nio-8080-exec-4] TRACE o.s.w.s.m.m.a.RequestMappingHandlerMapping - Mapped to com.company.project.api.controller.board.BoardController#getPosts(String, Pageable)
2026-03-16 16:59:02 [http-nio-8080-exec-4] DEBUG o.s.orm.jpa.JpaTransactionManager - Creating new transaction with name [com.company.project.service.board.BoardService.getBoardPosts]: PROPAGATION_REQUIRED,ISOLATION_DEFAULT,readOnly
2026-03-16 16:59:02 [http-nio-8080-exec-4] DEBUG o.s.orm.jpa.JpaTransactionManager - Opened new EntityManager [SessionImpl(321380439<open>)] for JPA transaction
2026-03-16 16:59:02 [http-nio-8080-exec-4] DEBUG o.s.orm.jpa.JpaTransactionManager - Exposing JPA transaction as JDBC [org.springframework.orm.jpa.vendor.HibernateJpaDialect$HibernateConnectionHandle@37764ba]
2026-03-16 16:59:02 [http-nio-8080-exec-4] DEBUG o.s.orm.jpa.JpaTransactionManager - Found thread-bound EntityManager [SessionImpl(321380439<open>)] for JPA transaction
2026-03-16 16:59:02 [http-nio-8080-exec-4] DEBUG o.s.orm.jpa.JpaTransactionManager - Participating in existing transaction
2026-03-16 16:59:02 [http-nio-8080-exec-4] DEBUG org.hibernate.SQL - select bm1_0.bbs_id,bm1_0.atch_posbl_file_number,bm1_0.atch_posbl_file_size,bm1_0.bbs_attrb_code,bm1_0.bbs_intrcn,bm1_0.bbs_nm,bm1_0.bbs_ty_code,bm1_0.blog_at,bm1_0.blog_id,bm1_0.cmmnty_id,bm1_0.frst_register_id,bm1_0.frst_regist_pnttm,bm1_0.file_atch_posbl_at,bm1_0.last_updusr_id,bm1_0.last_updt_pnttm,bm1_0.reply_posbl_at,bm1_0.tmplat_id,bm1_0.use_at,bm1_1.answer_at,bm1_1.stsfdg_at from nbbsmaster bm1_0 left join nbbsmasteroptn bm1_1 on bm1_0.bbs_id=bm1_1.bbs_id where bm1_0.bbs_id=?
2026-03-16 16:59:03 [http-nio-8080-exec-4] DEBUG org.hibernate.SQL - select b1_0.ntt_id,b1_0.bbs_id,b1_0.ntt_sj,b1_0.ntcr_nm,b1_0.frst_regist_pnttm,b1_0.rdcnt,b1_0.answer_at,b1_0.parntsctt_no,b1_0.answer_lc,b1_0.sort_ordr,b1_0.ntt_no,b1_0.notice_at,b1_0.secret_at,b1_0.comment_co from nbbs b1_0 left join nemplyrinfo u1_0 on b1_0.frst_register_id=u1_0.esntl_id where (b1_0.use_at = 'Y') and b1_0.bbs_id=? order by b1_0.sort_ordr desc,b1_0.ntt_no offset ? rows fetch first ? rows only
2026-03-16 16:59:03 [http-nio-8080-exec-4] DEBUG org.hibernate.SQL - select count(b1_0.ntt_id) from nbbs b1_0 left join nemplyrinfo u1_0 on b1_0.frst_register_id=u1_0.esntl_id where (b1_0.use_at = 'Y') and b1_0.bbs_id=?
2026-03-16 16:59:03 [http-nio-8080-exec-4] DEBUG o.s.orm.jpa.JpaTransactionManager - Initiating transaction commit
2026-03-16 16:59:03 [http-nio-8080-exec-4] DEBUG o.s.orm.jpa.JpaTransactionManager - Committing JPA transaction on EntityManager [SessionImpl(321380439<open>)]
2026-03-16 16:59:03 [http-nio-8080-exec-4] DEBUG o.s.orm.jpa.JpaTransactionManager - Closing JPA EntityManager [SessionImpl(321380439<open>)] after transaction
2026-03-16 16:59:03 [http-nio-8080-exec-4] DEBUG o.s.w.s.m.m.a.HttpEntityMethodProcessor - Using 'application/json', given [application/json, text/plain, */*] and supported [application/json, application/*+json, application/yaml]
2026-03-16 16:59:03 [http-nio-8080-exec-4] TRACE o.s.w.s.m.m.a.HttpEntityMethodProcessor - Writing [ApiResponse[success=true, status=200, code=COMMON_001, message=Success, data=Page 1 of 1 containing com.company.project.service.board.dto.BoardDto instances, timestamp=2026-03-16T16:59:03.559495]]
2026-03-16 16:59:03 [http-nio-8080-exec-4] INFO  c.c.p.a.i.OperationalAuditInterceptor - API Audit Log: URL=/api/v1/boards/BBSMSTR_AAAAAAAAAAAA, User=webmaster, IP=127.0.0.1
2026-03-16 16:59:03 [http-nio-8080-exec-4] DEBUG o.s.web.servlet.DispatcherServlet - Completed 200 OK
2026-03-16 16:59:03 [http-nio-8080-exec-3] DEBUG c.c.p.s.jwt.JwtAuthenticationFilter - >>> [JwtFilter] Processing request: GET /api/v1/boards/BBSMSTR_AAAAAAAAAAAA
2026-03-16 16:59:03 [http-nio-8080-exec-3] DEBUG c.c.p.s.jwt.JwtAuthenticationFilter - >>> [JwtFilter] Found token in header for path: /api/v1/boards/BBSMSTR_AAAAAAAAAAAA
2026-03-16 16:59:03 [http-nio-8080-exec-3] DEBUG o.s.orm.jpa.JpaTransactionManager - Creating new transaction with name [com.company.project.security.iam.CustomUserDetailsService.loadUserByUsername]: PROPAGATION_REQUIRED,ISOLATION_DEFAULT,readOnly
2026-03-16 16:59:03 [http-nio-8080-exec-3] DEBUG o.s.orm.jpa.JpaTransactionManager - Opened new EntityManager [SessionImpl(228666872<open>)] for JPA transaction
2026-03-16 16:59:03 [http-nio-8080-exec-3] DEBUG o.s.orm.jpa.JpaTransactionManager - Exposing JPA transaction as JDBC [org.springframework.orm.jpa.vendor.HibernateJpaDialect$HibernateConnectionHandle@35a73c01]
2026-03-16 16:59:03 [http-nio-8080-exec-3] DEBUG o.s.orm.jpa.JpaTransactionManager - Found thread-bound EntityManager [SessionImpl(228666872<open>)] for JPA transaction
2026-03-16 16:59:03 [http-nio-8080-exec-3] DEBUG o.s.orm.jpa.JpaTransactionManager - Participating in existing transaction
2026-03-16 16:59:03 [http-nio-8080-exec-3] DEBUG org.hibernate.SQL - select u1_0.emplyr_id,u1_0.area_no,u1_0.brthdy,u1_0.chg_pwd_cnt,u1_0.frst_register_id,u1_0.frst_regist_pnttm,u1_0.detail_adres,u1_0.email_adres,u1_0.emplyr_sttus_code,u1_0.empl_no,u1_0.esntl_id,u1_0.fxnum,u1_0.group_id,u1_0.house_adres,u1_0.house_end_telno,u1_0.house_middle_telno,u1_0.ihidnum,u1_0.pstinst_code,u1_0.last_updusr_id,u1_0.last_updt_pnttm,u1_0.lock_at,u1_0.lock_cnt,u1_0.lock_last_pnttm,u1_0.mbtlnum,u1_0.ofcps_nm,u1_0.offm_telno,u1_0.orgnzt_id,u1_0.password,u1_0.password_cnsr,u1_0.password_hint,u1_0.chg_pwd_last_pnttm,u1_0.role,u1_0.sbscrb_de,u1_0.sexdstn_code,u1_0.crtfc_dn_value,u1_0.user_nm,u1_0.zip from nemplyrinfo u1_0 where u1_0.emplyr_id=?
2026-03-16 16:59:03 [http-nio-8080-exec-3] DEBUG o.s.orm.jpa.JpaTransactionManager - Found thread-bound EntityManager [SessionImpl(228666872<open>)] for JPA transaction
2026-03-16 16:59:03 [http-nio-8080-exec-3] DEBUG o.s.orm.jpa.JpaTransactionManager - Participating in existing transaction
2026-03-16 16:59:03 [http-nio-8080-exec-3] DEBUG org.hibernate.SQL - select ua1_0.scrty_dtrmn_trget_id,ua1_0.author_code,ua1_0.frst_register_id,ua1_0.frst_regist_pnttm,ua1_0.last_updusr_id,ua1_0.last_updt_pnttm,ua1_0.mber_ty_code from nemplyrscrtyestbs ua1_0 where ua1_0.scrty_dtrmn_trget_id=?
2026-03-16 16:59:04 [http-nio-8080-exec-3] DEBUG o.s.orm.jpa.JpaTransactionManager - Initiating transaction commit
2026-03-16 16:59:04 [http-nio-8080-exec-3] DEBUG o.s.orm.jpa.JpaTransactionManager - Committing JPA transaction on EntityManager [SessionImpl(228666872<open>)]
2026-03-16 16:59:04 [http-nio-8080-exec-3] DEBUG o.s.orm.jpa.JpaTransactionManager - Closing JPA EntityManager [SessionImpl(228666872<open>)] after transaction
2026-03-16 16:59:04 [http-nio-8080-exec-3] DEBUG c.c.p.s.jwt.JwtAuthenticationFilter - >>> [JwtFilter] Successfully authenticated user: USRCNFRM_99999999999, Authorities: [ROLE_ADMIN]
2026-03-16 16:59:04 [http-nio-8080-exec-3] DEBUG o.s.web.servlet.DispatcherServlet - GET "/api/v1/boards/BBSMSTR_AAAAAAAAAAAA?page=0&size=10&searchWrd=&searchCnd=0", parameters={masked}
2026-03-16 16:59:04 [http-nio-8080-exec-3] TRACE o.s.w.s.m.m.a.RequestMappingHandlerMapping - Mapped to com.company.project.api.controller.board.BoardController#getPosts(String, Pageable)
2026-03-16 16:59:04 [http-nio-8080-exec-3] DEBUG o.s.orm.jpa.JpaTransactionManager - Creating new transaction with name [com.company.project.service.board.BoardService.getBoardPosts]: PROPAGATION_REQUIRED,ISOLATION_DEFAULT,readOnly
2026-03-16 16:59:04 [http-nio-8080-exec-3] DEBUG o.s.orm.jpa.JpaTransactionManager - Opened new EntityManager [SessionImpl(976950901<open>)] for JPA transaction
2026-03-16 16:59:04 [http-nio-8080-exec-3] DEBUG o.s.orm.jpa.JpaTransactionManager - Exposing JPA transaction as JDBC [org.springframework.orm.jpa.vendor.HibernateJpaDialect$HibernateConnectionHandle@38386325]
2026-03-16 16:59:04 [http-nio-8080-exec-3] DEBUG o.s.orm.jpa.JpaTransactionManager - Found thread-bound EntityManager [SessionImpl(976950901<open>)] for JPA transaction
2026-03-16 16:59:04 [http-nio-8080-exec-3] DEBUG o.s.orm.jpa.JpaTransactionManager - Participating in existing transaction
2026-03-16 16:59:04 [http-nio-8080-exec-3] DEBUG org.hibernate.SQL - select bm1_0.bbs_id,bm1_0.atch_posbl_file_number,bm1_0.atch_posbl_file_size,bm1_0.bbs_attrb_code,bm1_0.bbs_intrcn,bm1_0.bbs_nm,bm1_0.bbs_ty_code,bm1_0.blog_at,bm1_0.blog_id,bm1_0.cmmnty_id,bm1_0.frst_register_id,bm1_0.frst_regist_pnttm,bm1_0.file_atch_posbl_at,bm1_0.last_updusr_id,bm1_0.last_updt_pnttm,bm1_0.reply_posbl_at,bm1_0.tmplat_id,bm1_0.use_at,bm1_1.answer_at,bm1_1.stsfdg_at from nbbsmaster bm1_0 left join nbbsmasteroptn bm1_1 on bm1_0.bbs_id=bm1_1.bbs_id where bm1_0.bbs_id=?
2026-03-16 16:59:04 [http-nio-8080-exec-3] DEBUG org.hibernate.SQL - select b1_0.ntt_id,b1_0.bbs_id,b1_0.ntt_sj,b1_0.ntcr_nm,b1_0.frst_regist_pnttm,b1_0.rdcnt,b1_0.answer_at,b1_0.parntsctt_no,b1_0.answer_lc,b1_0.sort_ordr,b1_0.ntt_no,b1_0.notice_at,b1_0.secret_at,b1_0.comment_co from nbbs b1_0 left join nemplyrinfo u1_0 on b1_0.frst_register_id=u1_0.esntl_id where (b1_0.use_at = 'Y') and b1_0.bbs_id=? order by b1_0.sort_ordr desc,b1_0.ntt_no offset ? rows fetch first ? rows only
2026-03-16 16:59:04 [http-nio-8080-exec-3] DEBUG org.hibernate.SQL - select count(b1_0.ntt_id) from nbbs b1_0 left join nemplyrinfo u1_0 on b1_0.frst_register_id=u1_0.esntl_id where (b1_0.use_at = 'Y') and b1_0.bbs_id=?
2026-03-16 16:59:04 [http-nio-8080-exec-3] DEBUG o.s.orm.jpa.JpaTransactionManager - Initiating transaction commit
2026-03-16 16:59:04 [http-nio-8080-exec-3] DEBUG o.s.orm.jpa.JpaTransactionManager - Committing JPA transaction on EntityManager [SessionImpl(976950901<open>)]
2026-03-16 16:59:04 [http-nio-8080-exec-3] DEBUG o.s.orm.jpa.JpaTransactionManager - Closing JPA EntityManager [SessionImpl(976950901<open>)] after transaction
2026-03-16 16:59:04 [http-nio-8080-exec-3] DEBUG o.s.w.s.m.m.a.HttpEntityMethodProcessor - Using 'application/json', given [application/json, text/plain, */*] and supported [application/json, application/*+json, application/yaml]
2026-03-16 16:59:04 [http-nio-8080-exec-3] TRACE o.s.w.s.m.m.a.HttpEntityMethodProcessor - Writing [ApiResponse[success=true, status=200, code=COMMON_001, message=Success, data=Page 1 of 1 containing com.company.project.service.board.dto.BoardDto instances, timestamp=2026-03-16T16:59:04.831381900]]
2026-03-16 16:59:04 [http-nio-8080-exec-3] INFO  c.c.p.a.i.OperationalAuditInterceptor - API Audit Log: URL=/api/v1/boards/BBSMSTR_AAAAAAAAAAAA, User=webmaster, IP=127.0.0.1
2026-03-16 16:59:04 [http-nio-8080-exec-3] DEBUG o.s.web.servlet.DispatcherServlet - Completed 200 OK
2026-03-16 16:59:04 [http-nio-8080-exec-2] DEBUG c.c.p.s.jwt.JwtAuthenticationFilter - >>> [JwtFilter] Processing request: GET /api/v1/boards/BBSMSTR_AAAAAAAAAAAA
2026-03-16 16:59:04 [http-nio-8080-exec-2] DEBUG c.c.p.s.jwt.JwtAuthenticationFilter - >>> [JwtFilter] Found token in header for path: /api/v1/boards/BBSMSTR_AAAAAAAAAAAA
2026-03-16 16:59:04 [http-nio-8080-exec-2] DEBUG o.s.orm.jpa.JpaTransactionManager - Creating new transaction with name [com.company.project.security.iam.CustomUserDetailsService.loadUserByUsername]: PROPAGATION_REQUIRED,ISOLATION_DEFAULT,readOnly
2026-03-16 16:59:04 [http-nio-8080-exec-2] DEBUG o.s.orm.jpa.JpaTransactionManager - Opened new EntityManager [SessionImpl(1212629422<open>)] for JPA transaction
2026-03-16 16:59:04 [http-nio-8080-exec-2] DEBUG o.s.orm.jpa.JpaTransactionManager - Exposing JPA transaction as JDBC [org.springframework.orm.jpa.vendor.HibernateJpaDialect$HibernateConnectionHandle@127ac6a4]
2026-03-16 16:59:04 [http-nio-8080-exec-2] DEBUG o.s.orm.jpa.JpaTransactionManager - Found thread-bound EntityManager [SessionImpl(1212629422<open>)] for JPA transaction
2026-03-16 16:59:04 [http-nio-8080-exec-2] DEBUG o.s.orm.jpa.JpaTransactionManager - Participating in existing transaction
2026-03-16 16:59:04 [http-nio-8080-exec-2] DEBUG org.hibernate.SQL - select u1_0.emplyr_id,u1_0.area_no,u1_0.brthdy,u1_0.chg_pwd_cnt,u1_0.frst_register_id,u1_0.frst_regist_pnttm,u1_0.detail_adres,u1_0.email_adres,u1_0.emplyr_sttus_code,u1_0.empl_no,u1_0.esntl_id,u1_0.fxnum,u1_0.group_id,u1_0.house_adres,u1_0.house_end_telno,u1_0.house_middle_telno,u1_0.ihidnum,u1_0.pstinst_code,u1_0.last_updusr_id,u1_0.last_updt_pnttm,u1_0.lock_at,u1_0.lock_cnt,u1_0.lock_last_pnttm,u1_0.mbtlnum,u1_0.ofcps_nm,u1_0.offm_telno,u1_0.orgnzt_id,u1_0.password,u1_0.password_cnsr,u1_0.password_hint,u1_0.chg_pwd_last_pnttm,u1_0.role,u1_0.sbscrb_de,u1_0.sexdstn_code,u1_0.crtfc_dn_value,u1_0.user_nm,u1_0.zip from nemplyrinfo u1_0 where u1_0.emplyr_id=?
2026-03-16 16:59:05 [http-nio-8080-exec-2] DEBUG o.s.orm.jpa.JpaTransactionManager - Found thread-bound EntityManager [SessionImpl(1212629422<open>)] for JPA transaction
2026-03-16 16:59:05 [http-nio-8080-exec-2] DEBUG o.s.orm.jpa.JpaTransactionManager - Participating in existing transaction
2026-03-16 16:59:05 [http-nio-8080-exec-2] DEBUG org.hibernate.SQL - select ua1_0.scrty_dtrmn_trget_id,ua1_0.author_code,ua1_0.frst_register_id,ua1_0.frst_regist_pnttm,ua1_0.last_updusr_id,ua1_0.last_updt_pnttm,ua1_0.mber_ty_code from nemplyrscrtyestbs ua1_0 where ua1_0.scrty_dtrmn_trget_id=?
2026-03-16 16:59:05 [http-nio-8080-exec-2] DEBUG o.s.orm.jpa.JpaTransactionManager - Initiating transaction commit
2026-03-16 16:59:05 [http-nio-8080-exec-2] DEBUG o.s.orm.jpa.JpaTransactionManager - Committing JPA transaction on EntityManager [SessionImpl(1212629422<open>)]
2026-03-16 16:59:05 [http-nio-8080-exec-2] DEBUG o.s.orm.jpa.JpaTransactionManager - Closing JPA EntityManager [SessionImpl(1212629422<open>)] after transaction
2026-03-16 16:59:05 [http-nio-8080-exec-2] DEBUG c.c.p.s.jwt.JwtAuthenticationFilter - >>> [JwtFilter] Successfully authenticated user: USRCNFRM_99999999999, Authorities: [ROLE_ADMIN]
2026-03-16 16:59:05 [http-nio-8080-exec-2] DEBUG o.s.web.servlet.DispatcherServlet - GET "/api/v1/boards/BBSMSTR_AAAAAAAAAAAA?page=0&size=10&searchWrd=&searchCnd=0", parameters={masked}
2026-03-16 16:59:05 [http-nio-8080-exec-2] TRACE o.s.w.s.m.m.a.RequestMappingHandlerMapping - Mapped to com.company.project.api.controller.board.BoardController#getPosts(String, Pageable)
2026-03-16 16:59:05 [http-nio-8080-exec-2] DEBUG o.s.orm.jpa.JpaTransactionManager - Creating new transaction with name [com.company.project.service.board.BoardService.getBoardPosts]: PROPAGATION_REQUIRED,ISOLATION_DEFAULT,readOnly
2026-03-16 16:59:05 [http-nio-8080-exec-2] DEBUG o.s.orm.jpa.JpaTransactionManager - Opened new EntityManager [SessionImpl(1232777964<open>)] for JPA transaction
2026-03-16 16:59:05 [http-nio-8080-exec-2] DEBUG o.s.orm.jpa.JpaTransactionManager - Exposing JPA transaction as JDBC [org.springframework.orm.jpa.vendor.HibernateJpaDialect$HibernateConnectionHandle@7a7243ae]
2026-03-16 16:59:05 [http-nio-8080-exec-2] DEBUG o.s.orm.jpa.JpaTransactionManager - Found thread-bound EntityManager [SessionImpl(1232777964<open>)] for JPA transaction
2026-03-16 16:59:05 [http-nio-8080-exec-2] DEBUG o.s.orm.jpa.JpaTransactionManager - Participating in existing transaction
2026-03-16 16:59:05 [http-nio-8080-exec-2] DEBUG org.hibernate.SQL - select bm1_0.bbs_id,bm1_0.atch_posbl_file_number,bm1_0.atch_posbl_file_size,bm1_0.bbs_attrb_code,bm1_0.bbs_intrcn,bm1_0.bbs_nm,bm1_0.bbs_ty_code,bm1_0.blog_at,bm1_0.blog_id,bm1_0.cmmnty_id,bm1_0.frst_register_id,bm1_0.frst_regist_pnttm,bm1_0.file_atch_posbl_at,bm1_0.last_updusr_id,bm1_0.last_updt_pnttm,bm1_0.reply_posbl_at,bm1_0.tmplat_id,bm1_0.use_at,bm1_1.answer_at,bm1_1.stsfdg_at from nbbsmaster bm1_0 left join nbbsmasteroptn bm1_1 on bm1_0.bbs_id=bm1_1.bbs_id where bm1_0.bbs_id=?
2026-03-16 16:59:05 [http-nio-8080-exec-2] DEBUG org.hibernate.SQL - select b1_0.ntt_id,b1_0.bbs_id,b1_0.ntt_sj,b1_0.ntcr_nm,b1_0.frst_regist_pnttm,b1_0.rdcnt,b1_0.answer_at,b1_0.parntsctt_no,b1_0.answer_lc,b1_0.sort_ordr,b1_0.ntt_no,b1_0.notice_at,b1_0.secret_at,b1_0.comment_co from nbbs b1_0 left join nemplyrinfo u1_0 on b1_0.frst_register_id=u1_0.esntl_id where (b1_0.use_at = 'Y') and b1_0.bbs_id=? order by b1_0.sort_ordr desc,b1_0.ntt_no offset ? rows fetch first ? rows only
2026-03-16 16:59:05 [http-nio-8080-exec-2] DEBUG org.hibernate.SQL - select count(b1_0.ntt_id) from nbbs b1_0 left join nemplyrinfo u1_0 on b1_0.frst_register_id=u1_0.esntl_id where (b1_0.use_at = 'Y') and b1_0.bbs_id=?
2026-03-16 16:59:05 [http-nio-8080-exec-2] DEBUG o.s.orm.jpa.JpaTransactionManager - Initiating transaction commit
2026-03-16 16:59:05 [http-nio-8080-exec-2] DEBUG o.s.orm.jpa.JpaTransactionManager - Committing JPA transaction on EntityManager [SessionImpl(1232777964<open>)]
2026-03-16 16:59:06 [http-nio-8080-exec-2] DEBUG o.s.orm.jpa.JpaTransactionManager - Closing JPA EntityManager [SessionImpl(1232777964<open>)] after transaction
2026-03-16 16:59:06 [http-nio-8080-exec-2] DEBUG o.s.w.s.m.m.a.HttpEntityMethodProcessor - Using 'application/json', given [application/json, text/plain, */*] and supported [application/json, application/*+json, application/yaml]
2026-03-16 16:59:06 [http-nio-8080-exec-2] TRACE o.s.w.s.m.m.a.HttpEntityMethodProcessor - Writing [ApiResponse[success=true, status=200, code=COMMON_001, message=Success, data=Page 1 of 1 containing com.company.project.service.board.dto.BoardDto instances, timestamp=2026-03-16T16:59:06.052216]]
2026-03-16 16:59:06 [http-nio-8080-exec-2] INFO  c.c.p.a.i.OperationalAuditInterceptor - API Audit Log: URL=/api/v1/boards/BBSMSTR_AAAAAAAAAAAA, User=webmaster, IP=127.0.0.1
2026-03-16 16:59:06 [http-nio-8080-exec-2] DEBUG o.s.web.servlet.DispatcherServlet - Completed 200 OK
2026-03-16 16:59:06 [http-nio-8080-exec-10] DEBUG c.c.p.s.jwt.JwtAuthenticationFilter - >>> [JwtFilter] Processing request: GET /api/v1/boards/BBSMSTR_AAAAAAAAAAAA
2026-03-16 16:59:06 [http-nio-8080-exec-10] DEBUG c.c.p.s.jwt.JwtAuthenticationFilter - >>> [JwtFilter] Found token in header for path: /api/v1/boards/BBSMSTR_AAAAAAAAAAAA
2026-03-16 16:59:06 [http-nio-8080-exec-10] DEBUG o.s.orm.jpa.JpaTransactionManager - Creating new transaction with name [com.company.project.security.iam.CustomUserDetailsService.loadUserByUsername]: PROPAGATION_REQUIRED,ISOLATION_DEFAULT,readOnly
2026-03-16 16:59:06 [http-nio-8080-exec-10] DEBUG o.s.orm.jpa.JpaTransactionManager - Opened new EntityManager [SessionImpl(636855921<open>)] for JPA transaction
2026-03-16 16:59:06 [http-nio-8080-exec-10] DEBUG o.s.orm.jpa.JpaTransactionManager - Exposing JPA transaction as JDBC [org.springframework.orm.jpa.vendor.HibernateJpaDialect$HibernateConnectionHandle@6b2ce5c]
2026-03-16 16:59:06 [http-nio-8080-exec-10] DEBUG o.s.orm.jpa.JpaTransactionManager - Found thread-bound EntityManager [SessionImpl(636855921<open>)] for JPA transaction
2026-03-16 16:59:06 [http-nio-8080-exec-10] DEBUG o.s.orm.jpa.JpaTransactionManager - Participating in existing transaction
2026-03-16 16:59:06 [http-nio-8080-exec-10] DEBUG org.hibernate.SQL - select u1_0.emplyr_id,u1_0.area_no,u1_0.brthdy,u1_0.chg_pwd_cnt,u1_0.frst_register_id,u1_0.frst_regist_pnttm,u1_0.detail_adres,u1_0.email_adres,u1_0.emplyr_sttus_code,u1_0.empl_no,u1_0.esntl_id,u1_0.fxnum,u1_0.group_id,u1_0.house_adres,u1_0.house_end_telno,u1_0.house_middle_telno,u1_0.ihidnum,u1_0.pstinst_code,u1_0.last_updusr_id,u1_0.last_updt_pnttm,u1_0.lock_at,u1_0.lock_cnt,u1_0.lock_last_pnttm,u1_0.mbtlnum,u1_0.ofcps_nm,u1_0.offm_telno,u1_0.orgnzt_id,u1_0.password,u1_0.password_cnsr,u1_0.password_hint,u1_0.chg_pwd_last_pnttm,u1_0.role,u1_0.sbscrb_de,u1_0.sexdstn_code,u1_0.crtfc_dn_value,u1_0.user_nm,u1_0.zip from nemplyrinfo u1_0 where u1_0.emplyr_id=?
2026-03-16 16:59:06 [http-nio-8080-exec-10] DEBUG o.s.orm.jpa.JpaTransactionManager - Found thread-bound EntityManager [SessionImpl(636855921<open>)] for JPA transaction
2026-03-16 16:59:06 [http-nio-8080-exec-10] DEBUG o.s.orm.jpa.JpaTransactionManager - Participating in existing transaction
2026-03-16 16:59:06 [http-nio-8080-exec-10] DEBUG org.hibernate.SQL - select ua1_0.scrty_dtrmn_trget_id,ua1_0.author_code,ua1_0.frst_register_id,ua1_0.frst_regist_pnttm,ua1_0.last_updusr_id,ua1_0.last_updt_pnttm,ua1_0.mber_ty_code from nemplyrscrtyestbs ua1_0 where ua1_0.scrty_dtrmn_trget_id=?
2026-03-16 16:59:06 [http-nio-8080-exec-10] DEBUG o.s.orm.jpa.JpaTransactionManager - Initiating transaction commit
2026-03-16 16:59:06 [http-nio-8080-exec-10] DEBUG o.s.orm.jpa.JpaTransactionManager - Committing JPA transaction on EntityManager [SessionImpl(636855921<open>)]
2026-03-16 16:59:06 [http-nio-8080-exec-10] DEBUG o.s.orm.jpa.JpaTransactionManager - Closing JPA EntityManager [SessionImpl(636855921<open>)] after transaction
2026-03-16 16:59:06 [http-nio-8080-exec-10] DEBUG c.c.p.s.jwt.JwtAuthenticationFilter - >>> [JwtFilter] Successfully authenticated user: USRCNFRM_99999999999, Authorities: [ROLE_ADMIN]
2026-03-16 16:59:06 [http-nio-8080-exec-10] DEBUG o.s.web.servlet.DispatcherServlet - GET "/api/v1/boards/BBSMSTR_AAAAAAAAAAAA?page=0&size=10&searchWrd=&searchCnd=0", parameters={masked}
2026-03-16 16:59:06 [http-nio-8080-exec-10] TRACE o.s.w.s.m.m.a.RequestMappingHandlerMapping - Mapped to com.company.project.api.controller.board.BoardController#getPosts(String, Pageable)
2026-03-16 16:59:06 [http-nio-8080-exec-10] DEBUG o.s.orm.jpa.JpaTransactionManager - Creating new transaction with name [com.company.project.service.board.BoardService.getBoardPosts]: PROPAGATION_REQUIRED,ISOLATION_DEFAULT,readOnly
2026-03-16 16:59:06 [http-nio-8080-exec-10] DEBUG o.s.orm.jpa.JpaTransactionManager - Opened new EntityManager [SessionImpl(337538695<open>)] for JPA transaction
2026-03-16 16:59:06 [http-nio-8080-exec-10] DEBUG o.s.orm.jpa.JpaTransactionManager - Exposing JPA transaction as JDBC [org.springframework.orm.jpa.vendor.HibernateJpaDialect$HibernateConnectionHandle@504bd60c]
2026-03-16 16:59:06 [http-nio-8080-exec-10] DEBUG o.s.orm.jpa.JpaTransactionManager - Found thread-bound EntityManager [SessionImpl(337538695<open>)] for JPA transaction
2026-03-16 16:59:06 [http-nio-8080-exec-10] DEBUG o.s.orm.jpa.JpaTransactionManager - Participating in existing transaction
2026-03-16 16:59:06 [http-nio-8080-exec-10] DEBUG org.hibernate.SQL - select bm1_0.bbs_id,bm1_0.atch_posbl_file_number,bm1_0.atch_posbl_file_size,bm1_0.bbs_attrb_code,bm1_0.bbs_intrcn,bm1_0.bbs_nm,bm1_0.bbs_ty_code,bm1_0.blog_at,bm1_0.blog_id,bm1_0.cmmnty_id,bm1_0.frst_register_id,bm1_0.frst_regist_pnttm,bm1_0.file_atch_posbl_at,bm1_0.last_updusr_id,bm1_0.last_updt_pnttm,bm1_0.reply_posbl_at,bm1_0.tmplat_id,bm1_0.use_at,bm1_1.answer_at,bm1_1.stsfdg_at from nbbsmaster bm1_0 left join nbbsmasteroptn bm1_1 on bm1_0.bbs_id=bm1_1.bbs_id where bm1_0.bbs_id=?
2026-03-16 16:59:06 [http-nio-8080-exec-10] DEBUG org.hibernate.SQL - select b1_0.ntt_id,b1_0.bbs_id,b1_0.ntt_sj,b1_0.ntcr_nm,b1_0.frst_regist_pnttm,b1_0.rdcnt,b1_0.answer_at,b1_0.parntsctt_no,b1_0.answer_lc,b1_0.sort_ordr,b1_0.ntt_no,b1_0.notice_at,b1_0.secret_at,b1_0.comment_co from nbbs b1_0 left join nemplyrinfo u1_0 on b1_0.frst_register_id=u1_0.esntl_id where (b1_0.use_at = 'Y') and b1_0.bbs_id=? order by b1_0.sort_ordr desc,b1_0.ntt_no offset ? rows fetch first ? rows only
2026-03-16 16:59:07 [http-nio-8080-exec-10] DEBUG org.hibernate.SQL - select count(b1_0.ntt_id) from nbbs b1_0 left join nemplyrinfo u1_0 on b1_0.frst_register_id=u1_0.esntl_id where (b1_0.use_at = 'Y') and b1_0.bbs_id=?
2026-03-16 16:59:07 [http-nio-8080-exec-10] DEBUG o.s.orm.jpa.JpaTransactionManager - Initiating transaction commit
2026-03-16 16:59:07 [http-nio-8080-exec-10] DEBUG o.s.orm.jpa.JpaTransactionManager - Committing JPA transaction on EntityManager [SessionImpl(337538695<open>)]
2026-03-16 16:59:07 [http-nio-8080-exec-10] DEBUG o.s.orm.jpa.JpaTransactionManager - Closing JPA EntityManager [SessionImpl(337538695<open>)] after transaction
2026-03-16 16:59:07 [http-nio-8080-exec-10] DEBUG o.s.w.s.m.m.a.HttpEntityMethodProcessor - Using 'application/json', given [application/json, text/plain, */*] and supported [application/json, application/*+json, application/yaml]
2026-03-16 16:59:07 [http-nio-8080-exec-10] TRACE o.s.w.s.m.m.a.HttpEntityMethodProcessor - Writing [ApiResponse[success=true, status=200, code=COMMON_001, message=Success, data=Page 1 of 1 containing com.company.project.service.board.dto.BoardDto instances, timestamp=2026-03-16T16:59:07.321410300]]
2026-03-16 16:59:07 [http-nio-8080-exec-10] INFO  c.c.p.a.i.OperationalAuditInterceptor - API Audit Log: URL=/api/v1/boards/BBSMSTR_AAAAAAAAAAAA, User=webmaster, IP=127.0.0.1
2026-03-16 16:59:07 [http-nio-8080-exec-10] DEBUG o.s.web.servlet.DispatcherServlet - Completed 200 OK
2026-03-16 16:59:07 [http-nio-8080-exec-8] DEBUG c.c.p.s.jwt.JwtAuthenticationFilter - >>> [JwtFilter] Processing request: GET /api/v1/boards/BBSMSTR_AAAAAAAAAAAA
2026-03-16 16:59:07 [http-nio-8080-exec-8] DEBUG c.c.p.s.jwt.JwtAuthenticationFilter - >>> [JwtFilter] Found token in header for path: /api/v1/boards/BBSMSTR_AAAAAAAAAAAA
2026-03-16 16:59:07 [http-nio-8080-exec-8] DEBUG o.s.orm.jpa.JpaTransactionManager - Creating new transaction with name [com.company.project.security.iam.CustomUserDetailsService.loadUserByUsername]: PROPAGATION_REQUIRED,ISOLATION_DEFAULT,readOnly
2026-03-16 16:59:07 [http-nio-8080-exec-8] DEBUG o.s.orm.jpa.JpaTransactionManager - Opened new EntityManager [SessionImpl(1218028005<open>)] for JPA transaction
2026-03-16 16:59:07 [http-nio-8080-exec-8] DEBUG o.s.orm.jpa.JpaTransactionManager - Exposing JPA transaction as JDBC [org.springframework.orm.jpa.vendor.HibernateJpaDialect$HibernateConnectionHandle@3d84e054]
2026-03-16 16:59:07 [http-nio-8080-exec-8] DEBUG o.s.orm.jpa.JpaTransactionManager - Found thread-bound EntityManager [SessionImpl(1218028005<open>)] for JPA transaction
2026-03-16 16:59:07 [http-nio-8080-exec-8] DEBUG o.s.orm.jpa.JpaTransactionManager - Participating in existing transaction
2026-03-16 16:59:07 [http-nio-8080-exec-8] DEBUG org.hibernate.SQL - select u1_0.emplyr_id,u1_0.area_no,u1_0.brthdy,u1_0.chg_pwd_cnt,u1_0.frst_register_id,u1_0.frst_regist_pnttm,u1_0.detail_adres,u1_0.email_adres,u1_0.emplyr_sttus_code,u1_0.empl_no,u1_0.esntl_id,u1_0.fxnum,u1_0.group_id,u1_0.house_adres,u1_0.house_end_telno,u1_0.house_middle_telno,u1_0.ihidnum,u1_0.pstinst_code,u1_0.last_updusr_id,u1_0.last_updt_pnttm,u1_0.lock_at,u1_0.lock_cnt,u1_0.lock_last_pnttm,u1_0.mbtlnum,u1_0.ofcps_nm,u1_0.offm_telno,u1_0.orgnzt_id,u1_0.password,u1_0.password_cnsr,u1_0.password_hint,u1_0.chg_pwd_last_pnttm,u1_0.role,u1_0.sbscrb_de,u1_0.sexdstn_code,u1_0.crtfc_dn_value,u1_0.user_nm,u1_0.zip from nemplyrinfo u1_0 where u1_0.emplyr_id=?
2026-03-16 16:59:07 [http-nio-8080-exec-8] DEBUG o.s.orm.jpa.JpaTransactionManager - Found thread-bound EntityManager [SessionImpl(1218028005<open>)] for JPA transaction
2026-03-16 16:59:07 [http-nio-8080-exec-8] DEBUG o.s.orm.jpa.JpaTransactionManager - Participating in existing transaction
2026-03-16 16:59:07 [http-nio-8080-exec-8] DEBUG org.hibernate.SQL - select ua1_0.scrty_dtrmn_trget_id,ua1_0.author_code,ua1_0.frst_register_id,ua1_0.frst_regist_pnttm,ua1_0.last_updusr_id,ua1_0.last_updt_pnttm,ua1_0.mber_ty_code from nemplyrscrtyestbs ua1_0 where ua1_0.scrty_dtrmn_trget_id=?
2026-03-16 16:59:07 [http-nio-8080-exec-8] DEBUG o.s.orm.jpa.JpaTransactionManager - Initiating transaction commit
2026-03-16 16:59:07 [http-nio-8080-exec-8] DEBUG o.s.orm.jpa.JpaTransactionManager - Committing JPA transaction on EntityManager [SessionImpl(1218028005<open>)]
2026-03-16 16:59:07 [http-nio-8080-exec-8] DEBUG o.s.orm.jpa.JpaTransactionManager - Closing JPA EntityManager [SessionImpl(1218028005<open>)] after transaction
2026-03-16 16:59:07 [http-nio-8080-exec-8] DEBUG c.c.p.s.jwt.JwtAuthenticationFilter - >>> [JwtFilter] Successfully authenticated user: USRCNFRM_99999999999, Authorities: [ROLE_ADMIN]
2026-03-16 16:59:07 [http-nio-8080-exec-8] DEBUG o.s.web.servlet.DispatcherServlet - GET "/api/v1/boards/BBSMSTR_AAAAAAAAAAAA?page=0&size=10&searchWrd=&searchCnd=0", parameters={masked}
2026-03-16 16:59:07 [http-nio-8080-exec-8] TRACE o.s.w.s.m.m.a.RequestMappingHandlerMapping - Mapped to com.company.project.api.controller.board.BoardController#getPosts(String, Pageable)
2026-03-16 16:59:07 [http-nio-8080-exec-8] DEBUG o.s.orm.jpa.JpaTransactionManager - Creating new transaction with name [com.company.project.service.board.BoardService.getBoardPosts]: PROPAGATION_REQUIRED,ISOLATION_DEFAULT,readOnly
2026-03-16 16:59:07 [http-nio-8080-exec-8] DEBUG o.s.orm.jpa.JpaTransactionManager - Opened new EntityManager [SessionImpl(1676829793<open>)] for JPA transaction
2026-03-16 16:59:07 [http-nio-8080-exec-8] DEBUG o.s.orm.jpa.JpaTransactionManager - Exposing JPA transaction as JDBC [org.springframework.orm.jpa.vendor.HibernateJpaDialect$HibernateConnectionHandle@405055c5]
2026-03-16 16:59:07 [http-nio-8080-exec-8] DEBUG o.s.orm.jpa.JpaTransactionManager - Found thread-bound EntityManager [SessionImpl(1676829793<open>)] for JPA transaction
2026-03-16 16:59:07 [http-nio-8080-exec-8] DEBUG o.s.orm.jpa.JpaTransactionManager - Participating in existing transaction
2026-03-16 16:59:07 [http-nio-8080-exec-8] DEBUG org.hibernate.SQL - select bm1_0.bbs_id,bm1_0.atch_posbl_file_number,bm1_0.atch_posbl_file_size,bm1_0.bbs_attrb_code,bm1_0.bbs_intrcn,bm1_0.bbs_nm,bm1_0.bbs_ty_code,bm1_0.blog_at,bm1_0.blog_id,bm1_0.cmmnty_id,bm1_0.frst_register_id,bm1_0.frst_regist_pnttm,bm1_0.file_atch_posbl_at,bm1_0.last_updusr_id,bm1_0.last_updt_pnttm,bm1_0.reply_posbl_at,bm1_0.tmplat_id,bm1_0.use_at,bm1_1.answer_at,bm1_1.stsfdg_at from nbbsmaster bm1_0 left join nbbsmasteroptn bm1_1 on bm1_0.bbs_id=bm1_1.bbs_id where bm1_0.bbs_id=?
2026-03-16 16:59:08 [http-nio-8080-exec-8] DEBUG org.hibernate.SQL - select b1_0.ntt_id,b1_0.bbs_id,b1_0.ntt_sj,b1_0.ntcr_nm,b1_0.frst_regist_pnttm,b1_0.rdcnt,b1_0.answer_at,b1_0.parntsctt_no,b1_0.answer_lc,b1_0.sort_ordr,b1_0.ntt_no,b1_0.notice_at,b1_0.secret_at,b1_0.comment_co from nbbs b1_0 left join nemplyrinfo u1_0 on b1_0.frst_register_id=u1_0.esntl_id where (b1_0.use_at = 'Y') and b1_0.bbs_id=? order by b1_0.sort_ordr desc,b1_0.ntt_no offset ? rows fetch first ? rows only
2026-03-16 16:59:08 [http-nio-8080-exec-8] DEBUG org.hibernate.SQL - select count(b1_0.ntt_id) from nbbs b1_0 left join nemplyrinfo u1_0 on b1_0.frst_register_id=u1_0.esntl_id where (b1_0.use_at = 'Y') and b1_0.bbs_id=?
2026-03-16 16:59:08 [http-nio-8080-exec-8] DEBUG o.s.orm.jpa.JpaTransactionManager - Initiating transaction commit
2026-03-16 16:59:08 [http-nio-8080-exec-8] DEBUG o.s.orm.jpa.JpaTransactionManager - Committing JPA transaction on EntityManager [SessionImpl(1676829793<open>)]
2026-03-16 16:59:08 [http-nio-8080-exec-8] DEBUG o.s.orm.jpa.JpaTransactionManager - Closing JPA EntityManager [SessionImpl(1676829793<open>)] after transaction
2026-03-16 16:59:08 [http-nio-8080-exec-8] DEBUG o.s.w.s.m.m.a.HttpEntityMethodProcessor - Using 'application/json', given [application/json, text/plain, */*] and supported [application/json, application/*+json, application/yaml]
2026-03-16 16:59:08 [http-nio-8080-exec-8] TRACE o.s.w.s.m.m.a.HttpEntityMethodProcessor - Writing [ApiResponse[success=true, status=200, code=COMMON_001, message=Success, data=Page 1 of 1 containing com.company.project.service.board.dto.BoardDto instances, timestamp=2026-03-16T16:59:08.594708500]]
2026-03-16 16:59:08 [http-nio-8080-exec-8] INFO  c.c.p.a.i.OperationalAuditInterceptor - API Audit Log: URL=/api/v1/boards/BBSMSTR_AAAAAAAAAAAA, User=webmaster, IP=127.0.0.1
2026-03-16 16:59:08 [http-nio-8080-exec-8] DEBUG o.s.web.servlet.DispatcherServlet - Completed 200 OK
2026-03-16 16:59:08 [http-nio-8080-exec-6] DEBUG c.c.p.s.jwt.JwtAuthenticationFilter - >>> [JwtFilter] Processing request: GET /api/v1/boards/BBSMSTR_AAAAAAAAAAAA
2026-03-16 16:59:08 [http-nio-8080-exec-6] DEBUG c.c.p.s.jwt.JwtAuthenticationFilter - >>> [JwtFilter] Found token in header for path: /api/v1/boards/BBSMSTR_AAAAAAAAAAAA
2026-03-16 16:59:08 [http-nio-8080-exec-6] DEBUG o.s.orm.jpa.JpaTransactionManager - Creating new transaction with name [com.company.project.security.iam.CustomUserDetailsService.loadUserByUsername]: PROPAGATION_REQUIRED,ISOLATION_DEFAULT,readOnly
2026-03-16 16:59:08 [http-nio-8080-exec-6] DEBUG o.s.orm.jpa.JpaTransactionManager - Opened new EntityManager [SessionImpl(351604854<open>)] for JPA transaction
2026-03-16 16:59:08 [http-nio-8080-exec-6] DEBUG o.s.orm.jpa.JpaTransactionManager - Exposing JPA transaction as JDBC [org.springframework.orm.jpa.vendor.HibernateJpaDialect$HibernateConnectionHandle@54d11157]
2026-03-16 16:59:08 [http-nio-8080-exec-6] DEBUG o.s.orm.jpa.JpaTransactionManager - Found thread-bound EntityManager [SessionImpl(351604854<open>)] for JPA transaction
2026-03-16 16:59:08 [http-nio-8080-exec-6] DEBUG o.s.orm.jpa.JpaTransactionManager - Participating in existing transaction
2026-03-16 16:59:08 [http-nio-8080-exec-6] DEBUG org.hibernate.SQL - select u1_0.emplyr_id,u1_0.area_no,u1_0.brthdy,u1_0.chg_pwd_cnt,u1_0.frst_register_id,u1_0.frst_regist_pnttm,u1_0.detail_adres,u1_0.email_adres,u1_0.emplyr_sttus_code,u1_0.empl_no,u1_0.esntl_id,u1_0.fxnum,u1_0.group_id,u1_0.house_adres,u1_0.house_end_telno,u1_0.house_middle_telno,u1_0.ihidnum,u1_0.pstinst_code,u1_0.last_updusr_id,u1_0.last_updt_pnttm,u1_0.lock_at,u1_0.lock_cnt,u1_0.lock_last_pnttm,u1_0.mbtlnum,u1_0.ofcps_nm,u1_0.offm_telno,u1_0.orgnzt_id,u1_0.password,u1_0.password_cnsr,u1_0.password_hint,u1_0.chg_pwd_last_pnttm,u1_0.role,u1_0.sbscrb_de,u1_0.sexdstn_code,u1_0.crtfc_dn_value,u1_0.user_nm,u1_0.zip from nemplyrinfo u1_0 where u1_0.emplyr_id=?
2026-03-16 16:59:08 [http-nio-8080-exec-6] DEBUG o.s.orm.jpa.JpaTransactionManager - Found thread-bound EntityManager [SessionImpl(351604854<open>)] for JPA transaction
2026-03-16 16:59:08 [http-nio-8080-exec-6] DEBUG o.s.orm.jpa.JpaTransactionManager - Participating in existing transaction
2026-03-16 16:59:08 [http-nio-8080-exec-6] DEBUG org.hibernate.SQL - select ua1_0.scrty_dtrmn_trget_id,ua1_0.author_code,ua1_0.frst_register_id,ua1_0.frst_regist_pnttm,ua1_0.last_updusr_id,ua1_0.last_updt_pnttm,ua1_0.mber_ty_code from nemplyrscrtyestbs ua1_0 where ua1_0.scrty_dtrmn_trget_id=?
2026-03-16 16:59:09 [http-nio-8080-exec-6] DEBUG o.s.orm.jpa.JpaTransactionManager - Initiating transaction commit
2026-03-16 16:59:09 [http-nio-8080-exec-6] DEBUG o.s.orm.jpa.JpaTransactionManager - Committing JPA transaction on EntityManager [SessionImpl(351604854<open>)]
2026-03-16 16:59:09 [http-nio-8080-exec-6] DEBUG o.s.orm.jpa.JpaTransactionManager - Closing JPA EntityManager [SessionImpl(351604854<open>)] after transaction
2026-03-16 16:59:09 [http-nio-8080-exec-6] DEBUG c.c.p.s.jwt.JwtAuthenticationFilter - >>> [JwtFilter] Successfully authenticated user: USRCNFRM_99999999999, Authorities: [ROLE_ADMIN]
2026-03-16 16:59:09 [http-nio-8080-exec-6] DEBUG o.s.web.servlet.DispatcherServlet - GET "/api/v1/boards/BBSMSTR_AAAAAAAAAAAA?page=0&size=10&searchWrd=&searchCnd=0", parameters={masked}
2026-03-16 16:59:09 [http-nio-8080-exec-6] TRACE o.s.w.s.m.m.a.RequestMappingHandlerMapping - Mapped to com.company.project.api.controller.board.BoardController#getPosts(String, Pageable)
2026-03-16 16:59:09 [http-nio-8080-exec-6] DEBUG o.s.orm.jpa.JpaTransactionManager - Creating new transaction with name [com.company.project.service.board.BoardService.getBoardPosts]: PROPAGATION_REQUIRED,ISOLATION_DEFAULT,readOnly
2026-03-16 16:59:09 [http-nio-8080-exec-6] DEBUG o.s.orm.jpa.JpaTransactionManager - Opened new EntityManager [SessionImpl(275358001<open>)] for JPA transaction
2026-03-16 16:59:09 [http-nio-8080-exec-6] DEBUG o.s.orm.jpa.JpaTransactionManager - Exposing JPA transaction as JDBC [org.springframework.orm.jpa.vendor.HibernateJpaDialect$HibernateConnectionHandle@4ba77017]
2026-03-16 16:59:09 [http-nio-8080-exec-6] DEBUG o.s.orm.jpa.JpaTransactionManager - Found thread-bound EntityManager [SessionImpl(275358001<open>)] for JPA transaction
2026-03-16 16:59:09 [http-nio-8080-exec-6] DEBUG o.s.orm.jpa.JpaTransactionManager - Participating in existing transaction
2026-03-16 16:59:09 [http-nio-8080-exec-6] DEBUG org.hibernate.SQL - select bm1_0.bbs_id,bm1_0.atch_posbl_file_number,bm1_0.atch_posbl_file_size,bm1_0.bbs_attrb_code,bm1_0.bbs_intrcn,bm1_0.bbs_nm,bm1_0.bbs_ty_code,bm1_0.blog_at,bm1_0.blog_id,bm1_0.cmmnty_id,bm1_0.frst_register_id,bm1_0.frst_regist_pnttm,bm1_0.file_atch_posbl_at,bm1_0.last_updusr_id,bm1_0.last_updt_pnttm,bm1_0.reply_posbl_at,bm1_0.tmplat_id,bm1_0.use_at,bm1_1.answer_at,bm1_1.stsfdg_at from nbbsmaster bm1_0 left join nbbsmasteroptn bm1_1 on bm1_0.bbs_id=bm1_1.bbs_id where bm1_0.bbs_id=?
2026-03-16 16:59:09 [http-nio-8080-exec-6] DEBUG org.hibernate.SQL - select b1_0.ntt_id,b1_0.bbs_id,b1_0.ntt_sj,b1_0.ntcr_nm,b1_0.frst_regist_pnttm,b1_0.rdcnt,b1_0.answer_at,b1_0.parntsctt_no,b1_0.answer_lc,b1_0.sort_ordr,b1_0.ntt_no,b1_0.notice_at,b1_0.secret_at,b1_0.comment_co from nbbs b1_0 left join nemplyrinfo u1_0 on b1_0.frst_register_id=u1_0.esntl_id where (b1_0.use_at = 'Y') and b1_0.bbs_id=? order by b1_0.sort_ordr desc,b1_0.ntt_no offset ? rows fetch first ? rows only
2026-03-16 16:59:09 [http-nio-8080-exec-6] DEBUG org.hibernate.SQL - select count(b1_0.ntt_id) from nbbs b1_0 left join nemplyrinfo u1_0 on b1_0.frst_register_id=u1_0.esntl_id where (b1_0.use_at = 'Y') and b1_0.bbs_id=?
2026-03-16 16:59:09 [http-nio-8080-exec-6] DEBUG o.s.orm.jpa.JpaTransactionManager - Initiating transaction commit
2026-03-16 16:59:09 [http-nio-8080-exec-6] DEBUG o.s.orm.jpa.JpaTransactionManager - Committing JPA transaction on EntityManager [SessionImpl(275358001<open>)]
2026-03-16 16:59:09 [http-nio-8080-exec-6] DEBUG o.s.orm.jpa.JpaTransactionManager - Closing JPA EntityManager [SessionImpl(275358001<open>)] after transaction
2026-03-16 16:59:09 [http-nio-8080-exec-6] DEBUG o.s.w.s.m.m.a.HttpEntityMethodProcessor - Using 'application/json', given [application/json, text/plain, */*] and supported [application/json, application/*+json, application/yaml]
2026-03-16 16:59:09 [http-nio-8080-exec-6] TRACE o.s.w.s.m.m.a.HttpEntityMethodProcessor - Writing [ApiResponse[success=true, status=200, code=COMMON_001, message=Success, data=Page 1 of 1 containing com.company.project.service.board.dto.BoardDto instances, timestamp=2026-03-16T16:59:09.861109700]]
2026-03-16 16:59:09 [http-nio-8080-exec-6] INFO  c.c.p.a.i.OperationalAuditInterceptor - API Audit Log: URL=/api/v1/boards/BBSMSTR_AAAAAAAAAAAA, User=webmaster, IP=127.0.0.1
2026-03-16 16:59:09 [http-nio-8080-exec-6] DEBUG o.s.web.servlet.DispatcherServlet - Completed 200 OK
2026-03-16 16:59:09 [http-nio-8080-exec-9] DEBUG c.c.p.s.jwt.JwtAuthenticationFilter - >>> [JwtFilter] Processing request: GET /api/v1/boards/BBSMSTR_AAAAAAAAAAAA
2026-03-16 16:59:09 [http-nio-8080-exec-9] DEBUG c.c.p.s.jwt.JwtAuthenticationFilter - >>> [JwtFilter] Found token in header for path: /api/v1/boards/BBSMSTR_AAAAAAAAAAAA
2026-03-16 16:59:09 [http-nio-8080-exec-9] DEBUG o.s.orm.jpa.JpaTransactionManager - Creating new transaction with name [com.company.project.security.iam.CustomUserDetailsService.loadUserByUsername]: PROPAGATION_REQUIRED,ISOLATION_DEFAULT,readOnly
2026-03-16 16:59:09 [http-nio-8080-exec-9] DEBUG o.s.orm.jpa.JpaTransactionManager - Opened new EntityManager [SessionImpl(1901959493<open>)] for JPA transaction
2026-03-16 16:59:10 [http-nio-8080-exec-9] DEBUG o.s.orm.jpa.JpaTransactionManager - Exposing JPA transaction as JDBC [org.springframework.orm.jpa.vendor.HibernateJpaDialect$HibernateConnectionHandle@22bf55dd]
2026-03-16 16:59:10 [http-nio-8080-exec-9] DEBUG o.s.orm.jpa.JpaTransactionManager - Found thread-bound EntityManager [SessionImpl(1901959493<open>)] for JPA transaction
2026-03-16 16:59:10 [http-nio-8080-exec-9] DEBUG o.s.orm.jpa.JpaTransactionManager - Participating in existing transaction
2026-03-16 16:59:10 [http-nio-8080-exec-9] DEBUG org.hibernate.SQL - select u1_0.emplyr_id,u1_0.area_no,u1_0.brthdy,u1_0.chg_pwd_cnt,u1_0.frst_register_id,u1_0.frst_regist_pnttm,u1_0.detail_adres,u1_0.email_adres,u1_0.emplyr_sttus_code,u1_0.empl_no,u1_0.esntl_id,u1_0.fxnum,u1_0.group_id,u1_0.house_adres,u1_0.house_end_telno,u1_0.house_middle_telno,u1_0.ihidnum,u1_0.pstinst_code,u1_0.last_updusr_id,u1_0.last_updt_pnttm,u1_0.lock_at,u1_0.lock_cnt,u1_0.lock_last_pnttm,u1_0.mbtlnum,u1_0.ofcps_nm,u1_0.offm_telno,u1_0.orgnzt_id,u1_0.password,u1_0.password_cnsr,u1_0.password_hint,u1_0.chg_pwd_last_pnttm,u1_0.role,u1_0.sbscrb_de,u1_0.sexdstn_code,u1_0.crtfc_dn_value,u1_0.user_nm,u1_0.zip from nemplyrinfo u1_0 where u1_0.emplyr_id=?
2026-03-16 16:59:10 [http-nio-8080-exec-9] DEBUG o.s.orm.jpa.JpaTransactionManager - Found thread-bound EntityManager [SessionImpl(1901959493<open>)] for JPA transaction
2026-03-16 16:59:10 [http-nio-8080-exec-9] DEBUG o.s.orm.jpa.JpaTransactionManager - Participating in existing transaction
2026-03-16 16:59:10 [http-nio-8080-exec-9] DEBUG org.hibernate.SQL - select ua1_0.scrty_dtrmn_trget_id,ua1_0.author_code,ua1_0.frst_register_id,ua1_0.frst_regist_pnttm,ua1_0.last_updusr_id,ua1_0.last_updt_pnttm,ua1_0.mber_ty_code from nemplyrscrtyestbs ua1_0 where ua1_0.scrty_dtrmn_trget_id=?
2026-03-16 16:59:10 [http-nio-8080-exec-9] DEBUG o.s.orm.jpa.JpaTransactionManager - Initiating transaction commit
2026-03-16 16:59:10 [http-nio-8080-exec-9] DEBUG o.s.orm.jpa.JpaTransactionManager - Committing JPA transaction on EntityManager [SessionImpl(1901959493<open>)]
2026-03-16 16:59:10 [http-nio-8080-exec-9] DEBUG o.s.orm.jpa.JpaTransactionManager - Closing JPA EntityManager [SessionImpl(1901959493<open>)] after transaction
2026-03-16 16:59:10 [http-nio-8080-exec-9] DEBUG c.c.p.s.jwt.JwtAuthenticationFilter - >>> [JwtFilter] Successfully authenticated user: USRCNFRM_99999999999, Authorities: [ROLE_ADMIN]
2026-03-16 16:59:10 [http-nio-8080-exec-9] DEBUG o.s.web.servlet.DispatcherServlet - GET "/api/v1/boards/BBSMSTR_AAAAAAAAAAAA?page=0&size=10&searchWrd=&searchCnd=0", parameters={masked}
2026-03-16 16:59:10 [http-nio-8080-exec-9] TRACE o.s.w.s.m.m.a.RequestMappingHandlerMapping - Mapped to com.company.project.api.controller.board.BoardController#getPosts(String, Pageable)
2026-03-16 16:59:10 [http-nio-8080-exec-9] DEBUG o.s.orm.jpa.JpaTransactionManager - Creating new transaction with name [com.company.project.service.board.BoardService.getBoardPosts]: PROPAGATION_REQUIRED,ISOLATION_DEFAULT,readOnly
2026-03-16 16:59:10 [http-nio-8080-exec-9] DEBUG o.s.orm.jpa.JpaTransactionManager - Opened new EntityManager [SessionImpl(152874989<open>)] for JPA transaction
2026-03-16 16:59:10 [http-nio-8080-exec-9] DEBUG o.s.orm.jpa.JpaTransactionManager - Exposing JPA transaction as JDBC [org.springframework.orm.jpa.vendor.HibernateJpaDialect$HibernateConnectionHandle@6234b43e]
2026-03-16 16:59:10 [http-nio-8080-exec-9] DEBUG o.s.orm.jpa.JpaTransactionManager - Found thread-bound EntityManager [SessionImpl(152874989<open>)] for JPA transaction
2026-03-16 16:59:10 [http-nio-8080-exec-9] DEBUG o.s.orm.jpa.JpaTransactionManager - Participating in existing transaction
2026-03-16 16:59:10 [http-nio-8080-exec-9] DEBUG org.hibernate.SQL - select bm1_0.bbs_id,bm1_0.atch_posbl_file_number,bm1_0.atch_posbl_file_size,bm1_0.bbs_attrb_code,bm1_0.bbs_intrcn,bm1_0.bbs_nm,bm1_0.bbs_ty_code,bm1_0.blog_at,bm1_0.blog_id,bm1_0.cmmnty_id,bm1_0.frst_register_id,bm1_0.frst_regist_pnttm,bm1_0.file_atch_posbl_at,bm1_0.last_updusr_id,bm1_0.last_updt_pnttm,bm1_0.reply_posbl_at,bm1_0.tmplat_id,bm1_0.use_at,bm1_1.answer_at,bm1_1.stsfdg_at from nbbsmaster bm1_0 left join nbbsmasteroptn bm1_1 on bm1_0.bbs_id=bm1_1.bbs_id where bm1_0.bbs_id=?
2026-03-16 16:59:10 [http-nio-8080-exec-9] DEBUG org.hibernate.SQL - select b1_0.ntt_id,b1_0.bbs_id,b1_0.ntt_sj,b1_0.ntcr_nm,b1_0.frst_regist_pnttm,b1_0.rdcnt,b1_0.answer_at,b1_0.parntsctt_no,b1_0.answer_lc,b1_0.sort_ordr,b1_0.ntt_no,b1_0.notice_at,b1_0.secret_at,b1_0.comment_co from nbbs b1_0 left join nemplyrinfo u1_0 on b1_0.frst_register_id=u1_0.esntl_id where (b1_0.use_at = 'Y') and b1_0.bbs_id=? order by b1_0.sort_ordr desc,b1_0.ntt_no offset ? rows fetch first ? rows only
2026-03-16 16:59:10 [http-nio-8080-exec-9] DEBUG org.hibernate.SQL - select count(b1_0.ntt_id) from nbbs b1_0 left join nemplyrinfo u1_0 on b1_0.frst_register_id=u1_0.esntl_id where (b1_0.use_at = 'Y') and b1_0.bbs_id=?
2026-03-16 16:59:10 [http-nio-8080-exec-9] DEBUG o.s.orm.jpa.JpaTransactionManager - Initiating transaction commit
2026-03-16 16:59:10 [http-nio-8080-exec-9] DEBUG o.s.orm.jpa.JpaTransactionManager - Committing JPA transaction on EntityManager [SessionImpl(152874989<open>)]
2026-03-16 16:59:11 [http-nio-8080-exec-9] DEBUG o.s.orm.jpa.JpaTransactionManager - Closing JPA EntityManager [SessionImpl(152874989<open>)] after transaction
2026-03-16 16:59:11 [http-nio-8080-exec-9] DEBUG o.s.w.s.m.m.a.HttpEntityMethodProcessor - Using 'application/json', given [application/json, text/plain, */*] and supported [application/json, application/*+json, application/yaml]
2026-03-16 16:59:11 [http-nio-8080-exec-9] TRACE o.s.w.s.m.m.a.HttpEntityMethodProcessor - Writing [ApiResponse[success=true, status=200, code=COMMON_001, message=Success, data=Page 1 of 1 containing com.company.project.service.board.dto.BoardDto instances, timestamp=2026-03-16T16:59:11.087785300]]
2026-03-16 16:59:11 [http-nio-8080-exec-9] INFO  c.c.p.a.i.OperationalAuditInterceptor - API Audit Log: URL=/api/v1/boards/BBSMSTR_AAAAAAAAAAAA, User=webmaster, IP=127.0.0.1
2026-03-16 16:59:11 [http-nio-8080-exec-9] DEBUG o.s.web.servlet.DispatcherServlet - Completed 200 OK
2026-03-16 16:59:11 [http-nio-8080-exec-7] DEBUG c.c.p.s.jwt.JwtAuthenticationFilter - >>> [JwtFilter] Processing request: GET /api/v1/boards/BBSMSTR_AAAAAAAAAAAA
2026-03-16 16:59:11 [http-nio-8080-exec-7] DEBUG c.c.p.s.jwt.JwtAuthenticationFilter - >>> [JwtFilter] Found token in header for path: /api/v1/boards/BBSMSTR_AAAAAAAAAAAA
2026-03-16 16:59:11 [http-nio-8080-exec-7] DEBUG o.s.orm.jpa.JpaTransactionManager - Creating new transaction with name [com.company.project.security.iam.CustomUserDetailsService.loadUserByUsername]: PROPAGATION_REQUIRED,ISOLATION_DEFAULT,readOnly
2026-03-16 16:59:11 [http-nio-8080-exec-7] DEBUG o.s.orm.jpa.JpaTransactionManager - Opened new EntityManager [SessionImpl(654904637<open>)] for JPA transaction
2026-03-16 16:59:11 [http-nio-8080-exec-7] DEBUG o.s.orm.jpa.JpaTransactionManager - Exposing JPA transaction as JDBC [org.springframework.orm.jpa.vendor.HibernateJpaDialect$HibernateConnectionHandle@64e90ce1]
2026-03-16 16:59:11 [http-nio-8080-exec-7] DEBUG o.s.orm.jpa.JpaTransactionManager - Found thread-bound EntityManager [SessionImpl(654904637<open>)] for JPA transaction
2026-03-16 16:59:11 [http-nio-8080-exec-7] DEBUG o.s.orm.jpa.JpaTransactionManager - Participating in existing transaction
2026-03-16 16:59:11 [http-nio-8080-exec-7] DEBUG org.hibernate.SQL - select u1_0.emplyr_id,u1_0.area_no,u1_0.brthdy,u1_0.chg_pwd_cnt,u1_0.frst_register_id,u1_0.frst_regist_pnttm,u1_0.detail_adres,u1_0.email_adres,u1_0.emplyr_sttus_code,u1_0.empl_no,u1_0.esntl_id,u1_0.fxnum,u1_0.group_id,u1_0.house_adres,u1_0.house_end_telno,u1_0.house_middle_telno,u1_0.ihidnum,u1_0.pstinst_code,u1_0.last_updusr_id,u1_0.last_updt_pnttm,u1_0.lock_at,u1_0.lock_cnt,u1_0.lock_last_pnttm,u1_0.mbtlnum,u1_0.ofcps_nm,u1_0.offm_telno,u1_0.orgnzt_id,u1_0.password,u1_0.password_cnsr,u1_0.password_hint,u1_0.chg_pwd_last_pnttm,u1_0.role,u1_0.sbscrb_de,u1_0.sexdstn_code,u1_0.crtfc_dn_value,u1_0.user_nm,u1_0.zip from nemplyrinfo u1_0 where u1_0.emplyr_id=?
2026-03-16 16:59:11 [http-nio-8080-exec-7] DEBUG o.s.orm.jpa.JpaTransactionManager - Found thread-bound EntityManager [SessionImpl(654904637<open>)] for JPA transaction
2026-03-16 16:59:11 [http-nio-8080-exec-7] DEBUG o.s.orm.jpa.JpaTransactionManager - Participating in existing transaction
2026-03-16 16:59:11 [http-nio-8080-exec-7] DEBUG org.hibernate.SQL - select ua1_0.scrty_dtrmn_trget_id,ua1_0.author_code,ua1_0.frst_register_id,ua1_0.frst_regist_pnttm,ua1_0.last_updusr_id,ua1_0.last_updt_pnttm,ua1_0.mber_ty_code from nemplyrscrtyestbs ua1_0 where ua1_0.scrty_dtrmn_trget_id=?
2026-03-16 16:59:11 [http-nio-8080-exec-7] DEBUG o.s.orm.jpa.JpaTransactionManager - Initiating transaction commit
2026-03-16 16:59:11 [http-nio-8080-exec-7] DEBUG o.s.orm.jpa.JpaTransactionManager - Committing JPA transaction on EntityManager [SessionImpl(654904637<open>)]
2026-03-16 16:59:11 [http-nio-8080-exec-7] DEBUG o.s.orm.jpa.JpaTransactionManager - Closing JPA EntityManager [SessionImpl(654904637<open>)] after transaction
2026-03-16 16:59:11 [http-nio-8080-exec-7] DEBUG c.c.p.s.jwt.JwtAuthenticationFilter - >>> [JwtFilter] Successfully authenticated user: USRCNFRM_99999999999, Authorities: [ROLE_ADMIN]
2026-03-16 16:59:11 [http-nio-8080-exec-7] DEBUG o.s.web.servlet.DispatcherServlet - GET "/api/v1/boards/BBSMSTR_AAAAAAAAAAAA?page=0&size=10&searchWrd=&searchCnd=0", parameters={masked}
2026-03-16 16:59:11 [http-nio-8080-exec-7] TRACE o.s.w.s.m.m.a.RequestMappingHandlerMapping - Mapped to com.company.project.api.controller.board.BoardController#getPosts(String, Pageable)
2026-03-16 16:59:11 [http-nio-8080-exec-7] DEBUG o.s.orm.jpa.JpaTransactionManager - Creating new transaction with name [com.company.project.service.board.BoardService.getBoardPosts]: PROPAGATION_REQUIRED,ISOLATION_DEFAULT,readOnly
2026-03-16 16:59:11 [http-nio-8080-exec-7] DEBUG o.s.orm.jpa.JpaTransactionManager - Opened new EntityManager [SessionImpl(2107642267<open>)] for JPA transaction
2026-03-16 16:59:11 [http-nio-8080-exec-7] DEBUG o.s.orm.jpa.JpaTransactionManager - Exposing JPA transaction as JDBC [org.springframework.orm.jpa.vendor.HibernateJpaDialect$HibernateConnectionHandle@35985e31]
2026-03-16 16:59:11 [http-nio-8080-exec-7] DEBUG o.s.orm.jpa.JpaTransactionManager - Found thread-bound EntityManager [SessionImpl(2107642267<open>)] for JPA transaction
2026-03-16 16:59:11 [http-nio-8080-exec-7] DEBUG o.s.orm.jpa.JpaTransactionManager - Participating in existing transaction
2026-03-16 16:59:11 [http-nio-8080-exec-7] DEBUG org.hibernate.SQL - select bm1_0.bbs_id,bm1_0.atch_posbl_file_number,bm1_0.atch_posbl_file_size,bm1_0.bbs_attrb_code,bm1_0.bbs_intrcn,bm1_0.bbs_nm,bm1_0.bbs_ty_code,bm1_0.blog_at,bm1_0.blog_id,bm1_0.cmmnty_id,bm1_0.frst_register_id,bm1_0.frst_regist_pnttm,bm1_0.file_atch_posbl_at,bm1_0.last_updusr_id,bm1_0.last_updt_pnttm,bm1_0.reply_posbl_at,bm1_0.tmplat_id,bm1_0.use_at,bm1_1.answer_at,bm1_1.stsfdg_at from nbbsmaster bm1_0 left join nbbsmasteroptn bm1_1 on bm1_0.bbs_id=bm1_1.bbs_id where bm1_0.bbs_id=?
2026-03-16 16:59:11 [http-nio-8080-exec-7] DEBUG org.hibernate.SQL - select b1_0.ntt_id,b1_0.bbs_id,b1_0.ntt_sj,b1_0.ntcr_nm,b1_0.frst_regist_pnttm,b1_0.rdcnt,b1_0.answer_at,b1_0.parntsctt_no,b1_0.answer_lc,b1_0.sort_ordr,b1_0.ntt_no,b1_0.notice_at,b1_0.secret_at,b1_0.comment_co from nbbs b1_0 left join nemplyrinfo u1_0 on b1_0.frst_register_id=u1_0.esntl_id where (b1_0.use_at = 'Y') and b1_0.bbs_id=? order by b1_0.sort_ordr desc,b1_0.ntt_no offset ? rows fetch first ? rows only
2026-03-16 16:59:12 [http-nio-8080-exec-7] DEBUG org.hibernate.SQL - select count(b1_0.ntt_id) from nbbs b1_0 left join nemplyrinfo u1_0 on b1_0.frst_register_id=u1_0.esntl_id where (b1_0.use_at = 'Y') and b1_0.bbs_id=?
2026-03-16 16:59:12 [http-nio-8080-exec-7] DEBUG o.s.orm.jpa.JpaTransactionManager - Initiating transaction commit
2026-03-16 16:59:12 [http-nio-8080-exec-7] DEBUG o.s.orm.jpa.JpaTransactionManager - Committing JPA transaction on EntityManager [SessionImpl(2107642267<open>)]
2026-03-16 16:59:12 [http-nio-8080-exec-7] DEBUG o.s.orm.jpa.JpaTransactionManager - Closing JPA EntityManager [SessionImpl(2107642267<open>)] after transaction
2026-03-16 16:59:12 [http-nio-8080-exec-7] DEBUG o.s.w.s.m.m.a.HttpEntityMethodProcessor - Using 'application/json', given [application/json, text/plain, */*] and supported [application/json, application/*+json, application/yaml]
2026-03-16 16:59:12 [http-nio-8080-exec-7] TRACE o.s.w.s.m.m.a.HttpEntityMethodProcessor - Writing [ApiResponse[success=true, status=200, code=COMMON_001, message=Success, data=Page 1 of 1 containing com.company.project.service.board.dto.BoardDto instances, timestamp=2026-03-16T16:59:12.361641400]]
2026-03-16 16:59:12 [http-nio-8080-exec-7] INFO  c.c.p.a.i.OperationalAuditInterceptor - API Audit Log: URL=/api/v1/boards/BBSMSTR_AAAAAAAAAAAA, User=webmaster, IP=127.0.0.1
2026-03-16 16:59:12 [http-nio-8080-exec-7] DEBUG o.s.web.servlet.DispatcherServlet - Completed 200 OK
2026-03-16 16:59:12 [http-nio-8080-exec-1] DEBUG c.c.p.s.jwt.JwtAuthenticationFilter - >>> [JwtFilter] Processing request: GET /api/v1/boards/BBSMSTR_AAAAAAAAAAAA
2026-03-16 16:59:12 [http-nio-8080-exec-1] DEBUG c.c.p.s.jwt.JwtAuthenticationFilter - >>> [JwtFilter] Found token in header for path: /api/v1/boards/BBSMSTR_AAAAAAAAAAAA
2026-03-16 16:59:12 [http-nio-8080-exec-1] DEBUG o.s.orm.jpa.JpaTransactionManager - Creating new transaction with name [com.company.project.security.iam.CustomUserDetailsService.loadUserByUsername]: PROPAGATION_REQUIRED,ISOLATION_DEFAULT,readOnly
2026-03-16 16:59:12 [http-nio-8080-exec-1] DEBUG o.s.orm.jpa.JpaTransactionManager - Opened new EntityManager [SessionImpl(1021801464<open>)] for JPA transaction
2026-03-16 16:59:12 [http-nio-8080-exec-1] DEBUG o.s.orm.jpa.JpaTransactionManager - Exposing JPA transaction as JDBC [org.springframework.orm.jpa.vendor.HibernateJpaDialect$HibernateConnectionHandle@5dda6bd2]
2026-03-16 16:59:12 [http-nio-8080-exec-1] DEBUG o.s.orm.jpa.JpaTransactionManager - Found thread-bound EntityManager [SessionImpl(1021801464<open>)] for JPA transaction
2026-03-16 16:59:12 [http-nio-8080-exec-1] DEBUG o.s.orm.jpa.JpaTransactionManager - Participating in existing transaction
2026-03-16 16:59:12 [http-nio-8080-exec-1] DEBUG org.hibernate.SQL - select u1_0.emplyr_id,u1_0.area_no,u1_0.brthdy,u1_0.chg_pwd_cnt,u1_0.frst_register_id,u1_0.frst_regist_pnttm,u1_0.detail_adres,u1_0.email_adres,u1_0.emplyr_sttus_code,u1_0.empl_no,u1_0.esntl_id,u1_0.fxnum,u1_0.group_id,u1_0.house_adres,u1_0.house_end_telno,u1_0.house_middle_telno,u1_0.ihidnum,u1_0.pstinst_code,u1_0.last_updusr_id,u1_0.last_updt_pnttm,u1_0.lock_at,u1_0.lock_cnt,u1_0.lock_last_pnttm,u1_0.mbtlnum,u1_0.ofcps_nm,u1_0.offm_telno,u1_0.orgnzt_id,u1_0.password,u1_0.password_cnsr,u1_0.password_hint,u1_0.chg_pwd_last_pnttm,u1_0.role,u1_0.sbscrb_de,u1_0.sexdstn_code,u1_0.crtfc_dn_value,u1_0.user_nm,u1_0.zip from nemplyrinfo u1_0 where u1_0.emplyr_id=?
2026-03-16 16:59:12 [http-nio-8080-exec-1] DEBUG o.s.orm.jpa.JpaTransactionManager - Found thread-bound EntityManager [SessionImpl(1021801464<open>)] for JPA transaction
2026-03-16 16:59:12 [http-nio-8080-exec-1] DEBUG o.s.orm.jpa.JpaTransactionManager - Participating in existing transaction
2026-03-16 16:59:12 [http-nio-8080-exec-1] DEBUG org.hibernate.SQL - select ua1_0.scrty_dtrmn_trget_id,ua1_0.author_code,ua1_0.frst_register_id,ua1_0.frst_regist_pnttm,ua1_0.last_updusr_id,ua1_0.last_updt_pnttm,ua1_0.mber_ty_code from nemplyrscrtyestbs ua1_0 where ua1_0.scrty_dtrmn_trget_id=?
2026-03-16 16:59:12 [http-nio-8080-exec-1] DEBUG o.s.orm.jpa.JpaTransactionManager - Initiating transaction commit
2026-03-16 16:59:12 [http-nio-8080-exec-1] DEBUG o.s.orm.jpa.JpaTransactionManager - Committing JPA transaction on EntityManager [SessionImpl(1021801464<open>)]
2026-03-16 16:59:12 [http-nio-8080-exec-1] DEBUG o.s.orm.jpa.JpaTransactionManager - Closing JPA EntityManager [SessionImpl(1021801464<open>)] after transaction
2026-03-16 16:59:12 [http-nio-8080-exec-1] DEBUG c.c.p.s.jwt.JwtAuthenticationFilter - >>> [JwtFilter] Successfully authenticated user: USRCNFRM_99999999999, Authorities: [ROLE_ADMIN]
2026-03-16 16:59:12 [http-nio-8080-exec-1] DEBUG o.s.web.servlet.DispatcherServlet - GET "/api/v1/boards/BBSMSTR_AAAAAAAAAAAA?page=0&size=10&searchWrd=&searchCnd=0", parameters={masked}
2026-03-16 16:59:12 [http-nio-8080-exec-1] TRACE o.s.w.s.m.m.a.RequestMappingHandlerMapping - Mapped to com.company.project.api.controller.board.BoardController#getPosts(String, Pageable)
2026-03-16 16:59:12 [http-nio-8080-exec-1] DEBUG o.s.orm.jpa.JpaTransactionManager - Creating new transaction with name [com.company.project.service.board.BoardService.getBoardPosts]: PROPAGATION_REQUIRED,ISOLATION_DEFAULT,readOnly
2026-03-16 16:59:12 [http-nio-8080-exec-1] DEBUG o.s.orm.jpa.JpaTransactionManager - Opened new EntityManager [SessionImpl(419313202<open>)] for JPA transaction
2026-03-16 16:59:12 [http-nio-8080-exec-1] DEBUG o.s.orm.jpa.JpaTransactionManager - Exposing JPA transaction as JDBC [org.springframework.orm.jpa.vendor.HibernateJpaDialect$HibernateConnectionHandle@386fe7b]
2026-03-16 16:59:12 [http-nio-8080-exec-1] DEBUG o.s.orm.jpa.JpaTransactionManager - Found thread-bound EntityManager [SessionImpl(419313202<open>)] for JPA transaction
2026-03-16 16:59:12 [http-nio-8080-exec-1] DEBUG o.s.orm.jpa.JpaTransactionManager - Participating in existing transaction
2026-03-16 16:59:12 [http-nio-8080-exec-1] DEBUG org.hibernate.SQL - select bm1_0.bbs_id,bm1_0.atch_posbl_file_number,bm1_0.atch_posbl_file_size,bm1_0.bbs_attrb_code,bm1_0.bbs_intrcn,bm1_0.bbs_nm,bm1_0.bbs_ty_code,bm1_0.blog_at,bm1_0.blog_id,bm1_0.cmmnty_id,bm1_0.frst_register_id,bm1_0.frst_regist_pnttm,bm1_0.file_atch_posbl_at,bm1_0.last_updusr_id,bm1_0.last_updt_pnttm,bm1_0.reply_posbl_at,bm1_0.tmplat_id,bm1_0.use_at,bm1_1.answer_at,bm1_1.stsfdg_at from nbbsmaster bm1_0 left join nbbsmasteroptn bm1_1 on bm1_0.bbs_id=bm1_1.bbs_id where bm1_0.bbs_id=?
2026-03-16 16:59:13 [http-nio-8080-exec-1] DEBUG org.hibernate.SQL - select b1_0.ntt_id,b1_0.bbs_id,b1_0.ntt_sj,b1_0.ntcr_nm,b1_0.frst_regist_pnttm,b1_0.rdcnt,b1_0.answer_at,b1_0.parntsctt_no,b1_0.answer_lc,b1_0.sort_ordr,b1_0.ntt_no,b1_0.notice_at,b1_0.secret_at,b1_0.comment_co from nbbs b1_0 left join nemplyrinfo u1_0 on b1_0.frst_register_id=u1_0.esntl_id where (b1_0.use_at = 'Y') and b1_0.bbs_id=? order by b1_0.sort_ordr desc,b1_0.ntt_no offset ? rows fetch first ? rows only
2026-03-16 16:59:13 [http-nio-8080-exec-1] DEBUG org.hibernate.SQL - select count(b1_0.ntt_id) from nbbs b1_0 left join nemplyrinfo u1_0 on b1_0.frst_register_id=u1_0.esntl_id where (b1_0.use_at = 'Y') and b1_0.bbs_id=?
2026-03-16 16:59:13 [http-nio-8080-exec-1] DEBUG o.s.orm.jpa.JpaTransactionManager - Initiating transaction commit
2026-03-16 16:59:13 [http-nio-8080-exec-1] DEBUG o.s.orm.jpa.JpaTransactionManager - Committing JPA transaction on EntityManager [SessionImpl(419313202<open>)]
2026-03-16 16:59:13 [http-nio-8080-exec-1] DEBUG o.s.orm.jpa.JpaTransactionManager - Closing JPA EntityManager [SessionImpl(419313202<open>)] after transaction
2026-03-16 16:59:13 [http-nio-8080-exec-1] DEBUG o.s.w.s.m.m.a.HttpEntityMethodProcessor - Using 'application/json', given [application/json, text/plain, */*] and supported [application/json, application/*+json, application/yaml]
2026-03-16 16:59:13 [http-nio-8080-exec-1] TRACE o.s.w.s.m.m.a.HttpEntityMethodProcessor - Writing [ApiResponse[success=true, status=200, code=COMMON_001, message=Success, data=Page 1 of 1 containing com.company.project.service.board.dto.BoardDto instances, timestamp=2026-03-16T16:59:13.590990100]]
2026-03-16 16:59:13 [http-nio-8080-exec-1] INFO  c.c.p.a.i.OperationalAuditInterceptor - API Audit Log: URL=/api/v1/boards/BBSMSTR_AAAAAAAAAAAA, User=webmaster, IP=127.0.0.1
2026-03-16 16:59:13 [http-nio-8080-exec-1] DEBUG o.s.web.servlet.DispatcherServlet - Completed 200 OK
2026-03-16 16:59:13 [http-nio-8080-exec-5] DEBUG c.c.p.s.jwt.JwtAuthenticationFilter - >>> [JwtFilter] Processing request: GET /api/v1/boards/BBSMSTR_AAAAAAAAAAAA
2026-03-16 16:59:13 [http-nio-8080-exec-5] DEBUG c.c.p.s.jwt.JwtAuthenticationFilter - >>> [JwtFilter] Found token in header for path: /api/v1/boards/BBSMSTR_AAAAAAAAAAAA
2026-03-16 16:59:13 [http-nio-8080-exec-5] DEBUG o.s.orm.jpa.JpaTransactionManager - Creating new transaction with name [com.company.project.security.iam.CustomUserDetailsService.loadUserByUsername]: PROPAGATION_REQUIRED,ISOLATION_DEFAULT,readOnly
2026-03-16 16:59:13 [http-nio-8080-exec-5] DEBUG o.s.orm.jpa.JpaTransactionManager - Opened new EntityManager [SessionImpl(312059852<open>)] for JPA transaction
2026-03-16 16:59:13 [http-nio-8080-exec-5] DEBUG o.s.orm.jpa.JpaTransactionManager - Exposing JPA transaction as JDBC [org.springframework.orm.jpa.vendor.HibernateJpaDialect$HibernateConnectionHandle@3730919b]
2026-03-16 16:59:13 [http-nio-8080-exec-5] DEBUG o.s.orm.jpa.JpaTransactionManager - Found thread-bound EntityManager [SessionImpl(312059852<open>)] for JPA transaction
2026-03-16 16:59:13 [http-nio-8080-exec-5] DEBUG o.s.orm.jpa.JpaTransactionManager - Participating in existing transaction
2026-03-16 16:59:13 [http-nio-8080-exec-5] DEBUG org.hibernate.SQL - select u1_0.emplyr_id,u1_0.area_no,u1_0.brthdy,u1_0.chg_pwd_cnt,u1_0.frst_register_id,u1_0.frst_regist_pnttm,u1_0.detail_adres,u1_0.email_adres,u1_0.emplyr_sttus_code,u1_0.empl_no,u1_0.esntl_id,u1_0.fxnum,u1_0.group_id,u1_0.house_adres,u1_0.house_end_telno,u1_0.house_middle_telno,u1_0.ihidnum,u1_0.pstinst_code,u1_0.last_updusr_id,u1_0.last_updt_pnttm,u1_0.lock_at,u1_0.lock_cnt,u1_0.lock_last_pnttm,u1_0.mbtlnum,u1_0.ofcps_nm,u1_0.offm_telno,u1_0.orgnzt_id,u1_0.password,u1_0.password_cnsr,u1_0.password_hint,u1_0.chg_pwd_last_pnttm,u1_0.role,u1_0.sbscrb_de,u1_0.sexdstn_code,u1_0.crtfc_dn_value,u1_0.user_nm,u1_0.zip from nemplyrinfo u1_0 where u1_0.emplyr_id=?
2026-03-16 16:59:13 [http-nio-8080-exec-5] DEBUG o.s.orm.jpa.JpaTransactionManager - Found thread-bound EntityManager [SessionImpl(312059852<open>)] for JPA transaction
2026-03-16 16:59:13 [http-nio-8080-exec-5] DEBUG o.s.orm.jpa.JpaTransactionManager - Participating in existing transaction
2026-03-16 16:59:13 [http-nio-8080-exec-5] DEBUG org.hibernate.SQL - select ua1_0.scrty_dtrmn_trget_id,ua1_0.author_code,ua1_0.frst_register_id,ua1_0.frst_regist_pnttm,ua1_0.last_updusr_id,ua1_0.last_updt_pnttm,ua1_0.mber_ty_code from nemplyrscrtyestbs ua1_0 where ua1_0.scrty_dtrmn_trget_id=?
2026-03-16 16:59:14 [http-nio-8080-exec-5] DEBUG o.s.orm.jpa.JpaTransactionManager - Initiating transaction commit
2026-03-16 16:59:14 [http-nio-8080-exec-5] DEBUG o.s.orm.jpa.JpaTransactionManager - Committing JPA transaction on EntityManager [SessionImpl(312059852<open>)]
2026-03-16 16:59:14 [http-nio-8080-exec-5] DEBUG o.s.orm.jpa.JpaTransactionManager - Closing JPA EntityManager [SessionImpl(312059852<open>)] after transaction
2026-03-16 16:59:14 [http-nio-8080-exec-5] DEBUG c.c.p.s.jwt.JwtAuthenticationFilter - >>> [JwtFilter] Successfully authenticated user: USRCNFRM_99999999999, Authorities: [ROLE_ADMIN]
2026-03-16 16:59:14 [http-nio-8080-exec-5] DEBUG o.s.web.servlet.DispatcherServlet - GET "/api/v1/boards/BBSMSTR_AAAAAAAAAAAA?page=0&size=10&searchWrd=&searchCnd=0", parameters={masked}
2026-03-16 16:59:14 [http-nio-8080-exec-5] TRACE o.s.w.s.m.m.a.RequestMappingHandlerMapping - Mapped to com.company.project.api.controller.board.BoardController#getPosts(String, Pageable)
2026-03-16 16:59:14 [http-nio-8080-exec-5] DEBUG o.s.orm.jpa.JpaTransactionManager - Creating new transaction with name [com.company.project.service.board.BoardService.getBoardPosts]: PROPAGATION_REQUIRED,ISOLATION_DEFAULT,readOnly
2026-03-16 16:59:14 [http-nio-8080-exec-5] DEBUG o.s.orm.jpa.JpaTransactionManager - Opened new EntityManager [SessionImpl(1651790252<open>)] for JPA transaction
2026-03-16 16:59:14 [http-nio-8080-exec-5] DEBUG o.s.orm.jpa.JpaTransactionManager - Exposing JPA transaction as JDBC [org.springframework.orm.jpa.vendor.HibernateJpaDialect$HibernateConnectionHandle@609540a4]
2026-03-16 16:59:14 [http-nio-8080-exec-5] DEBUG o.s.orm.jpa.JpaTransactionManager - Found thread-bound EntityManager [SessionImpl(1651790252<open>)] for JPA transaction
2026-03-16 16:59:14 [http-nio-8080-exec-5] DEBUG o.s.orm.jpa.JpaTransactionManager - Participating in existing transaction
2026-03-16 16:59:14 [http-nio-8080-exec-5] DEBUG org.hibernate.SQL - select bm1_0.bbs_id,bm1_0.atch_posbl_file_number,bm1_0.atch_posbl_file_size,bm1_0.bbs_attrb_code,bm1_0.bbs_intrcn,bm1_0.bbs_nm,bm1_0.bbs_ty_code,bm1_0.blog_at,bm1_0.blog_id,bm1_0.cmmnty_id,bm1_0.frst_register_id,bm1_0.frst_regist_pnttm,bm1_0.file_atch_posbl_at,bm1_0.last_updusr_id,bm1_0.last_updt_pnttm,bm1_0.reply_posbl_at,bm1_0.tmplat_id,bm1_0.use_at,bm1_1.answer_at,bm1_1.stsfdg_at from nbbsmaster bm1_0 left join nbbsmasteroptn bm1_1 on bm1_0.bbs_id=bm1_1.bbs_id where bm1_0.bbs_id=?
2026-03-16 16:59:14 [http-nio-8080-exec-5] DEBUG org.hibernate.SQL - select b1_0.ntt_id,b1_0.bbs_id,b1_0.ntt_sj,b1_0.ntcr_nm,b1_0.frst_regist_pnttm,b1_0.rdcnt,b1_0.answer_at,b1_0.parntsctt_no,b1_0.answer_lc,b1_0.sort_ordr,b1_0.ntt_no,b1_0.notice_at,b1_0.secret_at,b1_0.comment_co from nbbs b1_0 left join nemplyrinfo u1_0 on b1_0.frst_register_id=u1_0.esntl_id where (b1_0.use_at = 'Y') and b1_0.bbs_id=? order by b1_0.sort_ordr desc,b1_0.ntt_no offset ? rows fetch first ? rows only
2026-03-16 16:59:14 [http-nio-8080-exec-5] DEBUG org.hibernate.SQL - select count(b1_0.ntt_id) from nbbs b1_0 left join nemplyrinfo u1_0 on b1_0.frst_register_id=u1_0.esntl_id where (b1_0.use_at = 'Y') and b1_0.bbs_id=?
2026-03-16 16:59:14 [http-nio-8080-exec-5] DEBUG o.s.orm.jpa.JpaTransactionManager - Initiating transaction commit
2026-03-16 16:59:14 [http-nio-8080-exec-5] DEBUG o.s.orm.jpa.JpaTransactionManager - Committing JPA transaction on EntityManager [SessionImpl(1651790252<open>)]
2026-03-16 16:59:14 [http-nio-8080-exec-5] DEBUG o.s.orm.jpa.JpaTransactionManager - Closing JPA EntityManager [SessionImpl(1651790252<open>)] after transaction
2026-03-16 16:59:14 [http-nio-8080-exec-5] DEBUG o.s.w.s.m.m.a.HttpEntityMethodProcessor - Using 'application/json', given [application/json, text/plain, */*] and supported [application/json, application/*+json, application/yaml]
2026-03-16 16:59:14 [http-nio-8080-exec-5] TRACE o.s.w.s.m.m.a.HttpEntityMethodProcessor - Writing [ApiResponse[success=true, status=200, code=COMMON_001, message=Success, data=Page 1 of 1 containing com.company.project.service.board.dto.BoardDto instances, timestamp=2026-03-16T16:59:14.860882300]]
2026-03-16 16:59:14 [http-nio-8080-exec-5] INFO  c.c.p.a.i.OperationalAuditInterceptor - API Audit Log: URL=/api/v1/boards/BBSMSTR_AAAAAAAAAAAA, User=webmaster, IP=127.0.0.1
2026-03-16 16:59:14 [http-nio-8080-exec-5] DEBUG o.s.web.servlet.DispatcherServlet - Completed 200 OK
2026-03-16 16:59:14 [http-nio-8080-exec-4] DEBUG c.c.p.s.jwt.JwtAuthenticationFilter - >>> [JwtFilter] Processing request: GET /api/v1/boards/BBSMSTR_AAAAAAAAAAAA
2026-03-16 16:59:14 [http-nio-8080-exec-4] DEBUG c.c.p.s.jwt.JwtAuthenticationFilter - >>> [JwtFilter] Found token in header for path: /api/v1/boards/BBSMSTR_AAAAAAAAAAAA
2026-03-16 16:59:14 [http-nio-8080-exec-4] DEBUG o.s.orm.jpa.JpaTransactionManager - Creating new transaction with name [com.company.project.security.iam.CustomUserDetailsService.loadUserByUsername]: PROPAGATION_REQUIRED,ISOLATION_DEFAULT,readOnly
2026-03-16 16:59:14 [http-nio-8080-exec-4] DEBUG o.s.orm.jpa.JpaTransactionManager - Opened new EntityManager [SessionImpl(1311691934<open>)] for JPA transaction
2026-03-16 16:59:15 [http-nio-8080-exec-4] DEBUG o.s.orm.jpa.JpaTransactionManager - Exposing JPA transaction as JDBC [org.springframework.orm.jpa.vendor.HibernateJpaDialect$HibernateConnectionHandle@6c307603]
2026-03-16 16:59:15 [http-nio-8080-exec-4] DEBUG o.s.orm.jpa.JpaTransactionManager - Found thread-bound EntityManager [SessionImpl(1311691934<open>)] for JPA transaction
2026-03-16 16:59:15 [http-nio-8080-exec-4] DEBUG o.s.orm.jpa.JpaTransactionManager - Participating in existing transaction
2026-03-16 16:59:15 [http-nio-8080-exec-4] DEBUG org.hibernate.SQL - select u1_0.emplyr_id,u1_0.area_no,u1_0.brthdy,u1_0.chg_pwd_cnt,u1_0.frst_register_id,u1_0.frst_regist_pnttm,u1_0.detail_adres,u1_0.email_adres,u1_0.emplyr_sttus_code,u1_0.empl_no,u1_0.esntl_id,u1_0.fxnum,u1_0.group_id,u1_0.house_adres,u1_0.house_end_telno,u1_0.house_middle_telno,u1_0.ihidnum,u1_0.pstinst_code,u1_0.last_updusr_id,u1_0.last_updt_pnttm,u1_0.lock_at,u1_0.lock_cnt,u1_0.lock_last_pnttm,u1_0.mbtlnum,u1_0.ofcps_nm,u1_0.offm_telno,u1_0.orgnzt_id,u1_0.password,u1_0.password_cnsr,u1_0.password_hint,u1_0.chg_pwd_last_pnttm,u1_0.role,u1_0.sbscrb_de,u1_0.sexdstn_code,u1_0.crtfc_dn_value,u1_0.user_nm,u1_0.zip from nemplyrinfo u1_0 where u1_0.emplyr_id=?
2026-03-16 16:59:15 [http-nio-8080-exec-4] DEBUG o.s.orm.jpa.JpaTransactionManager - Found thread-bound EntityManager [SessionImpl(1311691934<open>)] for JPA transaction
2026-03-16 16:59:15 [http-nio-8080-exec-4] DEBUG o.s.orm.jpa.JpaTransactionManager - Participating in existing transaction
2026-03-16 16:59:15 [http-nio-8080-exec-4] DEBUG org.hibernate.SQL - select ua1_0.scrty_dtrmn_trget_id,ua1_0.author_code,ua1_0.frst_register_id,ua1_0.frst_regist_pnttm,ua1_0.last_updusr_id,ua1_0.last_updt_pnttm,ua1_0.mber_ty_code from nemplyrscrtyestbs ua1_0 where ua1_0.scrty_dtrmn_trget_id=?
2026-03-16 16:59:15 [http-nio-8080-exec-4] DEBUG o.s.orm.jpa.JpaTransactionManager - Initiating transaction commit
2026-03-16 16:59:15 [http-nio-8080-exec-4] DEBUG o.s.orm.jpa.JpaTransactionManager - Committing JPA transaction on EntityManager [SessionImpl(1311691934<open>)]
2026-03-16 16:59:15 [http-nio-8080-exec-4] DEBUG o.s.orm.jpa.JpaTransactionManager - Closing JPA EntityManager [SessionImpl(1311691934<open>)] after transaction
2026-03-16 16:59:15 [http-nio-8080-exec-4] DEBUG c.c.p.s.jwt.JwtAuthenticationFilter - >>> [JwtFilter] Successfully authenticated user: USRCNFRM_99999999999, Authorities: [ROLE_ADMIN]
2026-03-16 16:59:15 [http-nio-8080-exec-4] DEBUG o.s.web.servlet.DispatcherServlet - GET "/api/v1/boards/BBSMSTR_AAAAAAAAAAAA?page=0&size=10&searchWrd=&searchCnd=0", parameters={masked}
2026-03-16 16:59:15 [http-nio-8080-exec-4] TRACE o.s.w.s.m.m.a.RequestMappingHandlerMapping - Mapped to com.company.project.api.controller.board.BoardController#getPosts(String, Pageable)
2026-03-16 16:59:15 [http-nio-8080-exec-4] DEBUG o.s.orm.jpa.JpaTransactionManager - Creating new transaction with name [com.company.project.service.board.BoardService.getBoardPosts]: PROPAGATION_REQUIRED,ISOLATION_DEFAULT,readOnly
2026-03-16 16:59:15 [http-nio-8080-exec-4] DEBUG o.s.orm.jpa.JpaTransactionManager - Opened new EntityManager [SessionImpl(1170569038<open>)] for JPA transaction
2026-03-16 16:59:15 [http-nio-8080-exec-4] DEBUG o.s.orm.jpa.JpaTransactionManager - Exposing JPA transaction as JDBC [org.springframework.orm.jpa.vendor.HibernateJpaDialect$HibernateConnectionHandle@579e210]
2026-03-16 16:59:15 [http-nio-8080-exec-4] DEBUG o.s.orm.jpa.JpaTransactionManager - Found thread-bound EntityManager [SessionImpl(1170569038<open>)] for JPA transaction
2026-03-16 16:59:15 [http-nio-8080-exec-4] DEBUG o.s.orm.jpa.JpaTransactionManager - Participating in existing transaction
2026-03-16 16:59:15 [http-nio-8080-exec-4] DEBUG org.hibernate.SQL - select bm1_0.bbs_id,bm1_0.atch_posbl_file_number,bm1_0.atch_posbl_file_size,bm1_0.bbs_attrb_code,bm1_0.bbs_intrcn,bm1_0.bbs_nm,bm1_0.bbs_ty_code,bm1_0.blog_at,bm1_0.blog_id,bm1_0.cmmnty_id,bm1_0.frst_register_id,bm1_0.frst_regist_pnttm,bm1_0.file_atch_posbl_at,bm1_0.last_updusr_id,bm1_0.last_updt_pnttm,bm1_0.reply_posbl_at,bm1_0.tmplat_id,bm1_0.use_at,bm1_1.answer_at,bm1_1.stsfdg_at from nbbsmaster bm1_0 left join nbbsmasteroptn bm1_1 on bm1_0.bbs_id=bm1_1.bbs_id where bm1_0.bbs_id=?
2026-03-16 16:59:15 [http-nio-8080-exec-4] DEBUG org.hibernate.SQL - select b1_0.ntt_id,b1_0.bbs_id,b1_0.ntt_sj,b1_0.ntcr_nm,b1_0.frst_regist_pnttm,b1_0.rdcnt,b1_0.answer_at,b1_0.parntsctt_no,b1_0.answer_lc,b1_0.sort_ordr,b1_0.ntt_no,b1_0.notice_at,b1_0.secret_at,b1_0.comment_co from nbbs b1_0 left join nemplyrinfo u1_0 on b1_0.frst_register_id=u1_0.esntl_id where (b1_0.use_at = 'Y') and b1_0.bbs_id=? order by b1_0.sort_ordr desc,b1_0.ntt_no offset ? rows fetch first ? rows only
2026-03-16 16:59:15 [http-nio-8080-exec-4] DEBUG org.hibernate.SQL - select count(b1_0.ntt_id) from nbbs b1_0 left join nemplyrinfo u1_0 on b1_0.frst_register_id=u1_0.esntl_id where (b1_0.use_at = 'Y') and b1_0.bbs_id=?
2026-03-16 16:59:15 [http-nio-8080-exec-4] DEBUG o.s.orm.jpa.JpaTransactionManager - Initiating transaction commit
2026-03-16 16:59:15 [http-nio-8080-exec-4] DEBUG o.s.orm.jpa.JpaTransactionManager - Committing JPA transaction on EntityManager [SessionImpl(1170569038<open>)]
2026-03-16 16:59:16 [http-nio-8080-exec-4] DEBUG o.s.orm.jpa.JpaTransactionManager - Closing JPA EntityManager [SessionImpl(1170569038<open>)] after transaction
2026-03-16 16:59:16 [http-nio-8080-exec-4] DEBUG o.s.w.s.m.m.a.HttpEntityMethodProcessor - Using 'application/json', given [application/json, text/plain, */*] and supported [application/json, application/*+json, application/yaml]
2026-03-16 16:59:16 [http-nio-8080-exec-4] TRACE o.s.w.s.m.m.a.HttpEntityMethodProcessor - Writing [ApiResponse[success=true, status=200, code=COMMON_001, message=Success, data=Page 1 of 1 containing com.company.project.service.board.dto.BoardDto instances, timestamp=2026-03-16T16:59:16.094668500]]
2026-03-16 16:59:16 [http-nio-8080-exec-4] INFO  c.c.p.a.i.OperationalAuditInterceptor - API Audit Log: URL=/api/v1/boards/BBSMSTR_AAAAAAAAAAAA, User=webmaster, IP=127.0.0.1
2026-03-16 16:59:16 [http-nio-8080-exec-4] DEBUG o.s.web.servlet.DispatcherServlet - Completed 200 OK
2026-03-16 16:59:16 [http-nio-8080-exec-3] DEBUG c.c.p.s.jwt.JwtAuthenticationFilter - >>> [JwtFilter] Processing request: GET /api/v1/boards/BBSMSTR_AAAAAAAAAAAA
2026-03-16 16:59:16 [http-nio-8080-exec-3] DEBUG c.c.p.s.jwt.JwtAuthenticationFilter - >>> [JwtFilter] Found token in header for path: /api/v1/boards/BBSMSTR_AAAAAAAAAAAA
2026-03-16 16:59:16 [http-nio-8080-exec-3] DEBUG o.s.orm.jpa.JpaTransactionManager - Creating new transaction with name [com.company.project.security.iam.CustomUserDetailsService.loadUserByUsername]: PROPAGATION_REQUIRED,ISOLATION_DEFAULT,readOnly
2026-03-16 16:59:16 [http-nio-8080-exec-3] DEBUG o.s.orm.jpa.JpaTransactionManager - Opened new EntityManager [SessionImpl(753267173<open>)] for JPA transaction
2026-03-16 16:59:16 [http-nio-8080-exec-3] DEBUG o.s.orm.jpa.JpaTransactionManager - Exposing JPA transaction as JDBC [org.springframework.orm.jpa.vendor.HibernateJpaDialect$HibernateConnectionHandle@2cd417b]
2026-03-16 16:59:16 [http-nio-8080-exec-3] DEBUG o.s.orm.jpa.JpaTransactionManager - Found thread-bound EntityManager [SessionImpl(753267173<open>)] for JPA transaction
2026-03-16 16:59:16 [http-nio-8080-exec-3] DEBUG o.s.orm.jpa.JpaTransactionManager - Participating in existing transaction
2026-03-16 16:59:16 [http-nio-8080-exec-3] DEBUG org.hibernate.SQL - select u1_0.emplyr_id,u1_0.area_no,u1_0.brthdy,u1_0.chg_pwd_cnt,u1_0.frst_register_id,u1_0.frst_regist_pnttm,u1_0.detail_adres,u1_0.email_adres,u1_0.emplyr_sttus_code,u1_0.empl_no,u1_0.esntl_id,u1_0.fxnum,u1_0.group_id,u1_0.house_adres,u1_0.house_end_telno,u1_0.house_middle_telno,u1_0.ihidnum,u1_0.pstinst_code,u1_0.last_updusr_id,u1_0.last_updt_pnttm,u1_0.lock_at,u1_0.lock_cnt,u1_0.lock_last_pnttm,u1_0.mbtlnum,u1_0.ofcps_nm,u1_0.offm_telno,u1_0.orgnzt_id,u1_0.password,u1_0.password_cnsr,u1_0.password_hint,u1_0.chg_pwd_last_pnttm,u1_0.role,u1_0.sbscrb_de,u1_0.sexdstn_code,u1_0.crtfc_dn_value,u1_0.user_nm,u1_0.zip from nemplyrinfo u1_0 where u1_0.emplyr_id=?
2026-03-16 16:59:16 [http-nio-8080-exec-3] DEBUG o.s.orm.jpa.JpaTransactionManager - Found thread-bound EntityManager [SessionImpl(753267173<open>)] for JPA transaction
2026-03-16 16:59:16 [http-nio-8080-exec-3] DEBUG o.s.orm.jpa.JpaTransactionManager - Participating in existing transaction
2026-03-16 16:59:16 [http-nio-8080-exec-3] DEBUG org.hibernate.SQL - select ua1_0.scrty_dtrmn_trget_id,ua1_0.author_code,ua1_0.frst_register_id,ua1_0.frst_regist_pnttm,ua1_0.last_updusr_id,ua1_0.last_updt_pnttm,ua1_0.mber_ty_code from nemplyrscrtyestbs ua1_0 where ua1_0.scrty_dtrmn_trget_id=?
2026-03-16 16:59:16 [http-nio-8080-exec-3] DEBUG o.s.orm.jpa.JpaTransactionManager - Initiating transaction commit
2026-03-16 16:59:16 [http-nio-8080-exec-3] DEBUG o.s.orm.jpa.JpaTransactionManager - Committing JPA transaction on EntityManager [SessionImpl(753267173<open>)]
2026-03-16 16:59:16 [http-nio-8080-exec-3] DEBUG o.s.orm.jpa.JpaTransactionManager - Closing JPA EntityManager [SessionImpl(753267173<open>)] after transaction
2026-03-16 16:59:16 [http-nio-8080-exec-3] DEBUG c.c.p.s.jwt.JwtAuthenticationFilter - >>> [JwtFilter] Successfully authenticated user: USRCNFRM_99999999999, Authorities: [ROLE_ADMIN]
2026-03-16 16:59:16 [http-nio-8080-exec-3] DEBUG o.s.web.servlet.DispatcherServlet - GET "/api/v1/boards/BBSMSTR_AAAAAAAAAAAA?page=0&size=10&searchWrd=&searchCnd=0", parameters={masked}
2026-03-16 16:59:16 [http-nio-8080-exec-3] TRACE o.s.w.s.m.m.a.RequestMappingHandlerMapping - Mapped to com.company.project.api.controller.board.BoardController#getPosts(String, Pageable)
2026-03-16 16:59:16 [http-nio-8080-exec-3] DEBUG o.s.orm.jpa.JpaTransactionManager - Creating new transaction with name [com.company.project.service.board.BoardService.getBoardPosts]: PROPAGATION_REQUIRED,ISOLATION_DEFAULT,readOnly
2026-03-16 16:59:16 [http-nio-8080-exec-3] DEBUG o.s.orm.jpa.JpaTransactionManager - Opened new EntityManager [SessionImpl(541091049<open>)] for JPA transaction
2026-03-16 16:59:16 [http-nio-8080-exec-3] DEBUG o.s.orm.jpa.JpaTransactionManager - Exposing JPA transaction as JDBC [org.springframework.orm.jpa.vendor.HibernateJpaDialect$HibernateConnectionHandle@24634ad2]
2026-03-16 16:59:16 [http-nio-8080-exec-3] DEBUG o.s.orm.jpa.JpaTransactionManager - Found thread-bound EntityManager [SessionImpl(541091049<open>)] for JPA transaction
2026-03-16 16:59:16 [http-nio-8080-exec-3] DEBUG o.s.orm.jpa.JpaTransactionManager - Participating in existing transaction
2026-03-16 16:59:16 [http-nio-8080-exec-3] DEBUG org.hibernate.SQL - select bm1_0.bbs_id,bm1_0.atch_posbl_file_number,bm1_0.atch_posbl_file_size,bm1_0.bbs_attrb_code,bm1_0.bbs_intrcn,bm1_0.bbs_nm,bm1_0.bbs_ty_code,bm1_0.blog_at,bm1_0.blog_id,bm1_0.cmmnty_id,bm1_0.frst_register_id,bm1_0.frst_regist_pnttm,bm1_0.file_atch_posbl_at,bm1_0.last_updusr_id,bm1_0.last_updt_pnttm,bm1_0.reply_posbl_at,bm1_0.tmplat_id,bm1_0.use_at,bm1_1.answer_at,bm1_1.stsfdg_at from nbbsmaster bm1_0 left join nbbsmasteroptn bm1_1 on bm1_0.bbs_id=bm1_1.bbs_id where bm1_0.bbs_id=?
2026-03-16 16:59:16 [http-nio-8080-exec-3] DEBUG org.hibernate.SQL - select b1_0.ntt_id,b1_0.bbs_id,b1_0.ntt_sj,b1_0.ntcr_nm,b1_0.frst_regist_pnttm,b1_0.rdcnt,b1_0.answer_at,b1_0.parntsctt_no,b1_0.answer_lc,b1_0.sort_ordr,b1_0.ntt_no,b1_0.notice_at,b1_0.secret_at,b1_0.comment_co from nbbs b1_0 left join nemplyrinfo u1_0 on b1_0.frst_register_id=u1_0.esntl_id where (b1_0.use_at = 'Y') and b1_0.bbs_id=? order by b1_0.sort_ordr desc,b1_0.ntt_no offset ? rows fetch first ? rows only
2026-03-16 16:59:17 [http-nio-8080-exec-3] DEBUG org.hibernate.SQL - select count(b1_0.ntt_id) from nbbs b1_0 left join nemplyrinfo u1_0 on b1_0.frst_register_id=u1_0.esntl_id where (b1_0.use_at = 'Y') and b1_0.bbs_id=?
2026-03-16 16:59:17 [http-nio-8080-exec-3] DEBUG o.s.orm.jpa.JpaTransactionManager - Initiating transaction commit
2026-03-16 16:59:17 [http-nio-8080-exec-3] DEBUG o.s.orm.jpa.JpaTransactionManager - Committing JPA transaction on EntityManager [SessionImpl(541091049<open>)]
2026-03-16 16:59:17 [http-nio-8080-exec-3] DEBUG o.s.orm.jpa.JpaTransactionManager - Closing JPA EntityManager [SessionImpl(541091049<open>)] after transaction
2026-03-16 16:59:17 [http-nio-8080-exec-3] DEBUG o.s.w.s.m.m.a.HttpEntityMethodProcessor - Using 'application/json', given [application/json, text/plain, */*] and supported [application/json, application/*+json, application/yaml]
2026-03-16 16:59:17 [http-nio-8080-exec-3] TRACE o.s.w.s.m.m.a.HttpEntityMethodProcessor - Writing [ApiResponse[success=true, status=200, code=COMMON_001, message=Success, data=Page 1 of 1 containing com.company.project.service.board.dto.BoardDto instances, timestamp=2026-03-16T16:59:17.368625400]]
2026-03-16 16:59:17 [http-nio-8080-exec-3] INFO  c.c.p.a.i.OperationalAuditInterceptor - API Audit Log: URL=/api/v1/boards/BBSMSTR_AAAAAAAAAAAA, User=webmaster, IP=127.0.0.1
2026-03-16 16:59:17 [http-nio-8080-exec-3] DEBUG o.s.web.servlet.DispatcherServlet - Completed 200 OK
2026-03-16 16:59:17 [http-nio-8080-exec-2] DEBUG c.c.p.s.jwt.JwtAuthenticationFilter - >>> [JwtFilter] Processing request: GET /api/v1/boards/BBSMSTR_AAAAAAAAAAAA
2026-03-16 16:59:17 [http-nio-8080-exec-2] DEBUG c.c.p.s.jwt.JwtAuthenticationFilter - >>> [JwtFilter] Found token in header for path: /api/v1/boards/BBSMSTR_AAAAAAAAAAAA
2026-03-16 16:59:17 [http-nio-8080-exec-2] DEBUG o.s.orm.jpa.JpaTransactionManager - Creating new transaction with name [com.company.project.security.iam.CustomUserDetailsService.loadUserByUsername]: PROPAGATION_REQUIRED,ISOLATION_DEFAULT,readOnly
2026-03-16 16:59:17 [http-nio-8080-exec-2] DEBUG o.s.orm.jpa.JpaTransactionManager - Opened new EntityManager [SessionImpl(545772961<open>)] for JPA transaction
2026-03-16 16:59:17 [http-nio-8080-exec-2] DEBUG o.s.orm.jpa.JpaTransactionManager - Exposing JPA transaction as JDBC [org.springframework.orm.jpa.vendor.HibernateJpaDialect$HibernateConnectionHandle@5cc2d9ac]
2026-03-16 16:59:17 [http-nio-8080-exec-2] DEBUG o.s.orm.jpa.JpaTransactionManager - Found thread-bound EntityManager [SessionImpl(545772961<open>)] for JPA transaction
2026-03-16 16:59:17 [http-nio-8080-exec-2] DEBUG o.s.orm.jpa.JpaTransactionManager - Participating in existing transaction
2026-03-16 16:59:17 [http-nio-8080-exec-2] DEBUG org.hibernate.SQL - select u1_0.emplyr_id,u1_0.area_no,u1_0.brthdy,u1_0.chg_pwd_cnt,u1_0.frst_register_id,u1_0.frst_regist_pnttm,u1_0.detail_adres,u1_0.email_adres,u1_0.emplyr_sttus_code,u1_0.empl_no,u1_0.esntl_id,u1_0.fxnum,u1_0.group_id,u1_0.house_adres,u1_0.house_end_telno,u1_0.house_middle_telno,u1_0.ihidnum,u1_0.pstinst_code,u1_0.last_updusr_id,u1_0.last_updt_pnttm,u1_0.lock_at,u1_0.lock_cnt,u1_0.lock_last_pnttm,u1_0.mbtlnum,u1_0.ofcps_nm,u1_0.offm_telno,u1_0.orgnzt_id,u1_0.password,u1_0.password_cnsr,u1_0.password_hint,u1_0.chg_pwd_last_pnttm,u1_0.role,u1_0.sbscrb_de,u1_0.sexdstn_code,u1_0.crtfc_dn_value,u1_0.user_nm,u1_0.zip from nemplyrinfo u1_0 where u1_0.emplyr_id=?
2026-03-16 16:59:17 [http-nio-8080-exec-2] DEBUG o.s.orm.jpa.JpaTransactionManager - Found thread-bound EntityManager [SessionImpl(545772961<open>)] for JPA transaction
2026-03-16 16:59:17 [http-nio-8080-exec-2] DEBUG o.s.orm.jpa.JpaTransactionManager - Participating in existing transaction
2026-03-16 16:59:17 [http-nio-8080-exec-2] DEBUG org.hibernate.SQL - select ua1_0.scrty_dtrmn_trget_id,ua1_0.author_code,ua1_0.frst_register_id,ua1_0.frst_regist_pnttm,ua1_0.last_updusr_id,ua1_0.last_updt_pnttm,ua1_0.mber_ty_code from nemplyrscrtyestbs ua1_0 where ua1_0.scrty_dtrmn_trget_id=?
2026-03-16 16:59:17 [http-nio-8080-exec-2] DEBUG o.s.orm.jpa.JpaTransactionManager - Initiating transaction commit
2026-03-16 16:59:17 [http-nio-8080-exec-2] DEBUG o.s.orm.jpa.JpaTransactionManager - Committing JPA transaction on EntityManager [SessionImpl(545772961<open>)]
2026-03-16 16:59:17 [http-nio-8080-exec-2] DEBUG o.s.orm.jpa.JpaTransactionManager - Closing JPA EntityManager [SessionImpl(545772961<open>)] after transaction
2026-03-16 16:59:17 [http-nio-8080-exec-2] DEBUG c.c.p.s.jwt.JwtAuthenticationFilter - >>> [JwtFilter] Successfully authenticated user: USRCNFRM_99999999999, Authorities: [ROLE_ADMIN]
2026-03-16 16:59:17 [http-nio-8080-exec-2] DEBUG o.s.web.servlet.DispatcherServlet - GET "/api/v1/boards/BBSMSTR_AAAAAAAAAAAA?page=0&size=10&searchWrd=&searchCnd=0", parameters={masked}
2026-03-16 16:59:17 [http-nio-8080-exec-2] TRACE o.s.w.s.m.m.a.RequestMappingHandlerMapping - Mapped to com.company.project.api.controller.board.BoardController#getPosts(String, Pageable)
2026-03-16 16:59:17 [http-nio-8080-exec-2] DEBUG o.s.orm.jpa.JpaTransactionManager - Creating new transaction with name [com.company.project.service.board.BoardService.getBoardPosts]: PROPAGATION_REQUIRED,ISOLATION_DEFAULT,readOnly
2026-03-16 16:59:17 [http-nio-8080-exec-2] DEBUG o.s.orm.jpa.JpaTransactionManager - Opened new EntityManager [SessionImpl(227949360<open>)] for JPA transaction
2026-03-16 16:59:17 [http-nio-8080-exec-2] DEBUG o.s.orm.jpa.JpaTransactionManager - Exposing JPA transaction as JDBC [org.springframework.orm.jpa.vendor.HibernateJpaDialect$HibernateConnectionHandle@3ba4912a]
2026-03-16 16:59:17 [http-nio-8080-exec-2] DEBUG o.s.orm.jpa.JpaTransactionManager - Found thread-bound EntityManager [SessionImpl(227949360<open>)] for JPA transaction
2026-03-16 16:59:17 [http-nio-8080-exec-2] DEBUG o.s.orm.jpa.JpaTransactionManager - Participating in existing transaction
2026-03-16 16:59:17 [http-nio-8080-exec-2] DEBUG org.hibernate.SQL - select bm1_0.bbs_id,bm1_0.atch_posbl_file_number,bm1_0.atch_posbl_file_size,bm1_0.bbs_attrb_code,bm1_0.bbs_intrcn,bm1_0.bbs_nm,bm1_0.bbs_ty_code,bm1_0.blog_at,bm1_0.blog_id,bm1_0.cmmnty_id,bm1_0.frst_register_id,bm1_0.frst_regist_pnttm,bm1_0.file_atch_posbl_at,bm1_0.last_updusr_id,bm1_0.last_updt_pnttm,bm1_0.reply_posbl_at,bm1_0.tmplat_id,bm1_0.use_at,bm1_1.answer_at,bm1_1.stsfdg_at from nbbsmaster bm1_0 left join nbbsmasteroptn bm1_1 on bm1_0.bbs_id=bm1_1.bbs_id where bm1_0.bbs_id=?
2026-03-16 16:59:18 [http-nio-8080-exec-2] DEBUG org.hibernate.SQL - select b1_0.ntt_id,b1_0.bbs_id,b1_0.ntt_sj,b1_0.ntcr_nm,b1_0.frst_regist_pnttm,b1_0.rdcnt,b1_0.answer_at,b1_0.parntsctt_no,b1_0.answer_lc,b1_0.sort_ordr,b1_0.ntt_no,b1_0.notice_at,b1_0.secret_at,b1_0.comment_co from nbbs b1_0 left join nemplyrinfo u1_0 on b1_0.frst_register_id=u1_0.esntl_id where (b1_0.use_at = 'Y') and b1_0.bbs_id=? order by b1_0.sort_ordr desc,b1_0.ntt_no offset ? rows fetch first ? rows only
2026-03-16 16:59:18 [http-nio-8080-exec-2] DEBUG org.hibernate.SQL - select count(b1_0.ntt_id) from nbbs b1_0 left join nemplyrinfo u1_0 on b1_0.frst_register_id=u1_0.esntl_id where (b1_0.use_at = 'Y') and b1_0.bbs_id=?
2026-03-16 16:59:18 [http-nio-8080-exec-2] DEBUG o.s.orm.jpa.JpaTransactionManager - Initiating transaction commit
2026-03-16 16:59:18 [http-nio-8080-exec-2] DEBUG o.s.orm.jpa.JpaTransactionManager - Committing JPA transaction on EntityManager [SessionImpl(227949360<open>)]
2026-03-16 16:59:18 [http-nio-8080-exec-2] DEBUG o.s.orm.jpa.JpaTransactionManager - Closing JPA EntityManager [SessionImpl(227949360<open>)] after transaction
2026-03-16 16:59:18 [http-nio-8080-exec-2] DEBUG o.s.w.s.m.m.a.HttpEntityMethodProcessor - Using 'application/json', given [application/json, text/plain, */*] and supported [application/json, application/*+json, application/yaml]
2026-03-16 16:59:18 [http-nio-8080-exec-2] TRACE o.s.w.s.m.m.a.HttpEntityMethodProcessor - Writing [ApiResponse[success=true, status=200, code=COMMON_001, message=Success, data=Page 1 of 1 containing com.company.project.service.board.dto.BoardDto instances, timestamp=2026-03-16T16:59:18.598615]]
2026-03-16 16:59:18 [http-nio-8080-exec-2] INFO  c.c.p.a.i.OperationalAuditInterceptor - API Audit Log: URL=/api/v1/boards/BBSMSTR_AAAAAAAAAAAA, User=webmaster, IP=127.0.0.1
2026-03-16 16:59:18 [http-nio-8080-exec-2] DEBUG o.s.web.servlet.DispatcherServlet - Completed 200 OK
2026-03-16 16:59:18 [http-nio-8080-exec-10] DEBUG c.c.p.s.jwt.JwtAuthenticationFilter - >>> [JwtFilter] Processing request: GET /api/v1/boards/BBSMSTR_AAAAAAAAAAAA
2026-03-16 16:59:18 [http-nio-8080-exec-10] DEBUG c.c.p.s.jwt.JwtAuthenticationFilter - >>> [JwtFilter] Found token in header for path: /api/v1/boards/BBSMSTR_AAAAAAAAAAAA
2026-03-16 16:59:18 [http-nio-8080-exec-10] DEBUG o.s.orm.jpa.JpaTransactionManager - Creating new transaction with name [com.company.project.security.iam.CustomUserDetailsService.loadUserByUsername]: PROPAGATION_REQUIRED,ISOLATION_DEFAULT,readOnly
2026-03-16 16:59:18 [http-nio-8080-exec-10] DEBUG o.s.orm.jpa.JpaTransactionManager - Opened new EntityManager [SessionImpl(255540310<open>)] for JPA transaction
2026-03-16 16:59:18 [http-nio-8080-exec-10] DEBUG o.s.orm.jpa.JpaTransactionManager - Exposing JPA transaction as JDBC [org.springframework.orm.jpa.vendor.HibernateJpaDialect$HibernateConnectionHandle@de83a43]
2026-03-16 16:59:18 [http-nio-8080-exec-10] DEBUG o.s.orm.jpa.JpaTransactionManager - Found thread-bound EntityManager [SessionImpl(255540310<open>)] for JPA transaction
2026-03-16 16:59:18 [http-nio-8080-exec-10] DEBUG o.s.orm.jpa.JpaTransactionManager - Participating in existing transaction
2026-03-16 16:59:18 [http-nio-8080-exec-10] DEBUG org.hibernate.SQL - select u1_0.emplyr_id,u1_0.area_no,u1_0.brthdy,u1_0.chg_pwd_cnt,u1_0.frst_register_id,u1_0.frst_regist_pnttm,u1_0.detail_adres,u1_0.email_adres,u1_0.emplyr_sttus_code,u1_0.empl_no,u1_0.esntl_id,u1_0.fxnum,u1_0.group_id,u1_0.house_adres,u1_0.house_end_telno,u1_0.house_middle_telno,u1_0.ihidnum,u1_0.pstinst_code,u1_0.last_updusr_id,u1_0.last_updt_pnttm,u1_0.lock_at,u1_0.lock_cnt,u1_0.lock_last_pnttm,u1_0.mbtlnum,u1_0.ofcps_nm,u1_0.offm_telno,u1_0.orgnzt_id,u1_0.password,u1_0.password_cnsr,u1_0.password_hint,u1_0.chg_pwd_last_pnttm,u1_0.role,u1_0.sbscrb_de,u1_0.sexdstn_code,u1_0.crtfc_dn_value,u1_0.user_nm,u1_0.zip from nemplyrinfo u1_0 where u1_0.emplyr_id=?
2026-03-16 16:59:18 [http-nio-8080-exec-10] DEBUG o.s.orm.jpa.JpaTransactionManager - Found thread-bound EntityManager [SessionImpl(255540310<open>)] for JPA transaction
2026-03-16 16:59:18 [http-nio-8080-exec-10] DEBUG o.s.orm.jpa.JpaTransactionManager - Participating in existing transaction
2026-03-16 16:59:18 [http-nio-8080-exec-10] DEBUG org.hibernate.SQL - select ua1_0.scrty_dtrmn_trget_id,ua1_0.author_code,ua1_0.frst_register_id,ua1_0.frst_regist_pnttm,ua1_0.last_updusr_id,ua1_0.last_updt_pnttm,ua1_0.mber_ty_code from nemplyrscrtyestbs ua1_0 where ua1_0.scrty_dtrmn_trget_id=?
2026-03-16 16:59:19 [http-nio-8080-exec-10] DEBUG o.s.orm.jpa.JpaTransactionManager - Initiating transaction commit
2026-03-16 16:59:19 [http-nio-8080-exec-10] DEBUG o.s.orm.jpa.JpaTransactionManager - Committing JPA transaction on EntityManager [SessionImpl(255540310<open>)]
2026-03-16 16:59:19 [http-nio-8080-exec-10] DEBUG o.s.orm.jpa.JpaTransactionManager - Closing JPA EntityManager [SessionImpl(255540310<open>)] after transaction
2026-03-16 16:59:19 [http-nio-8080-exec-10] DEBUG c.c.p.s.jwt.JwtAuthenticationFilter - >>> [JwtFilter] Successfully authenticated user: USRCNFRM_99999999999, Authorities: [ROLE_ADMIN]
2026-03-16 16:59:19 [http-nio-8080-exec-10] DEBUG o.s.web.servlet.DispatcherServlet - GET "/api/v1/boards/BBSMSTR_AAAAAAAAAAAA?page=0&size=10&searchWrd=&searchCnd=0", parameters={masked}
2026-03-16 16:59:19 [http-nio-8080-exec-10] TRACE o.s.w.s.m.m.a.RequestMappingHandlerMapping - Mapped to com.company.project.api.controller.board.BoardController#getPosts(String, Pageable)
2026-03-16 16:59:19 [http-nio-8080-exec-10] DEBUG o.s.orm.jpa.JpaTransactionManager - Creating new transaction with name [com.company.project.service.board.BoardService.getBoardPosts]: PROPAGATION_REQUIRED,ISOLATION_DEFAULT,readOnly
2026-03-16 16:59:19 [http-nio-8080-exec-10] DEBUG o.s.orm.jpa.JpaTransactionManager - Opened new EntityManager [SessionImpl(1098435749<open>)] for JPA transaction
2026-03-16 16:59:19 [http-nio-8080-exec-10] DEBUG o.s.orm.jpa.JpaTransactionManager - Exposing JPA transaction as JDBC [org.springframework.orm.jpa.vendor.HibernateJpaDialect$HibernateConnectionHandle@13e98a51]
2026-03-16 16:59:19 [http-nio-8080-exec-10] DEBUG o.s.orm.jpa.JpaTransactionManager - Found thread-bound EntityManager [SessionImpl(1098435749<open>)] for JPA transaction
2026-03-16 16:59:19 [http-nio-8080-exec-10] DEBUG o.s.orm.jpa.JpaTransactionManager - Participating in existing transaction
2026-03-16 16:59:19 [http-nio-8080-exec-10] DEBUG org.hibernate.SQL - select bm1_0.bbs_id,bm1_0.atch_posbl_file_number,bm1_0.atch_posbl_file_size,bm1_0.bbs_attrb_code,bm1_0.bbs_intrcn,bm1_0.bbs_nm,bm1_0.bbs_ty_code,bm1_0.blog_at,bm1_0.blog_id,bm1_0.cmmnty_id,bm1_0.frst_register_id,bm1_0.frst_regist_pnttm,bm1_0.file_atch_posbl_at,bm1_0.last_updusr_id,bm1_0.last_updt_pnttm,bm1_0.reply_posbl_at,bm1_0.tmplat_id,bm1_0.use_at,bm1_1.answer_at,bm1_1.stsfdg_at from nbbsmaster bm1_0 left join nbbsmasteroptn bm1_1 on bm1_0.bbs_id=bm1_1.bbs_id where bm1_0.bbs_id=?
2026-03-16 16:59:19 [http-nio-8080-exec-10] DEBUG org.hibernate.SQL - select b1_0.ntt_id,b1_0.bbs_id,b1_0.ntt_sj,b1_0.ntcr_nm,b1_0.frst_regist_pnttm,b1_0.rdcnt,b1_0.answer_at,b1_0.parntsctt_no,b1_0.answer_lc,b1_0.sort_ordr,b1_0.ntt_no,b1_0.notice_at,b1_0.secret_at,b1_0.comment_co from nbbs b1_0 left join nemplyrinfo u1_0 on b1_0.frst_register_id=u1_0.esntl_id where (b1_0.use_at = 'Y') and b1_0.bbs_id=? order by b1_0.sort_ordr desc,b1_0.ntt_no offset ? rows fetch first ? rows only
2026-03-16 16:59:19 [http-nio-8080-exec-10] DEBUG org.hibernate.SQL - select count(b1_0.ntt_id) from nbbs b1_0 left join nemplyrinfo u1_0 on b1_0.frst_register_id=u1_0.esntl_id where (b1_0.use_at = 'Y') and b1_0.bbs_id=?
2026-03-16 16:59:19 [http-nio-8080-exec-10] DEBUG o.s.orm.jpa.JpaTransactionManager - Initiating transaction commit
2026-03-16 16:59:19 [http-nio-8080-exec-10] DEBUG o.s.orm.jpa.JpaTransactionManager - Committing JPA transaction on EntityManager [SessionImpl(1098435749<open>)]
2026-03-16 16:59:19 [http-nio-8080-exec-10] DEBUG o.s.orm.jpa.JpaTransactionManager - Closing JPA EntityManager [SessionImpl(1098435749<open>)] after transaction
2026-03-16 16:59:19 [http-nio-8080-exec-10] DEBUG o.s.w.s.m.m.a.HttpEntityMethodProcessor - Using 'application/json', given [application/json, text/plain, */*] and supported [application/json, application/*+json, application/yaml]
2026-03-16 16:59:19 [http-nio-8080-exec-10] TRACE o.s.w.s.m.m.a.HttpEntityMethodProcessor - Writing [ApiResponse[success=true, status=200, code=COMMON_001, message=Success, data=Page 1 of 1 containing com.company.project.service.board.dto.BoardDto instances, timestamp=2026-03-16T16:59:19.870756700]]
2026-03-16 16:59:19 [http-nio-8080-exec-10] INFO  c.c.p.a.i.OperationalAuditInterceptor - API Audit Log: URL=/api/v1/boards/BBSMSTR_AAAAAAAAAAAA, User=webmaster, IP=127.0.0.1
2026-03-16 16:59:19 [http-nio-8080-exec-10] DEBUG o.s.web.servlet.DispatcherServlet - Completed 200 OK
2026-03-16 16:59:19 [http-nio-8080-exec-8] DEBUG c.c.p.s.jwt.JwtAuthenticationFilter - >>> [JwtFilter] Processing request: GET /api/v1/boards/BBSMSTR_AAAAAAAAAAAA
2026-03-16 16:59:19 [http-nio-8080-exec-8] DEBUG c.c.p.s.jwt.JwtAuthenticationFilter - >>> [JwtFilter] Found token in header for path: /api/v1/boards/BBSMSTR_AAAAAAAAAAAA
2026-03-16 16:59:19 [http-nio-8080-exec-8] DEBUG o.s.orm.jpa.JpaTransactionManager - Creating new transaction with name [com.company.project.security.iam.CustomUserDetailsService.loadUserByUsername]: PROPAGATION_REQUIRED,ISOLATION_DEFAULT,readOnly
2026-03-16 16:59:19 [http-nio-8080-exec-8] DEBUG o.s.orm.jpa.JpaTransactionManager - Opened new EntityManager [SessionImpl(153229023<open>)] for JPA transaction
2026-03-16 16:59:20 [http-nio-8080-exec-8] DEBUG o.s.orm.jpa.JpaTransactionManager - Exposing JPA transaction as JDBC [org.springframework.orm.jpa.vendor.HibernateJpaDialect$HibernateConnectionHandle@6a194962]
2026-03-16 16:59:20 [http-nio-8080-exec-8] DEBUG o.s.orm.jpa.JpaTransactionManager - Found thread-bound EntityManager [SessionImpl(153229023<open>)] for JPA transaction
2026-03-16 16:59:20 [http-nio-8080-exec-8] DEBUG o.s.orm.jpa.JpaTransactionManager - Participating in existing transaction
2026-03-16 16:59:20 [http-nio-8080-exec-8] DEBUG org.hibernate.SQL - select u1_0.emplyr_id,u1_0.area_no,u1_0.brthdy,u1_0.chg_pwd_cnt,u1_0.frst_register_id,u1_0.frst_regist_pnttm,u1_0.detail_adres,u1_0.email_adres,u1_0.emplyr_sttus_code,u1_0.empl_no,u1_0.esntl_id,u1_0.fxnum,u1_0.group_id,u1_0.house_adres,u1_0.house_end_telno,u1_0.house_middle_telno,u1_0.ihidnum,u1_0.pstinst_code,u1_0.last_updusr_id,u1_0.last_updt_pnttm,u1_0.lock_at,u1_0.lock_cnt,u1_0.lock_last_pnttm,u1_0.mbtlnum,u1_0.ofcps_nm,u1_0.offm_telno,u1_0.orgnzt_id,u1_0.password,u1_0.password_cnsr,u1_0.password_hint,u1_0.chg_pwd_last_pnttm,u1_0.role,u1_0.sbscrb_de,u1_0.sexdstn_code,u1_0.crtfc_dn_value,u1_0.user_nm,u1_0.zip from nemplyrinfo u1_0 where u1_0.emplyr_id=?
2026-03-16 16:59:20 [http-nio-8080-exec-8] DEBUG o.s.orm.jpa.JpaTransactionManager - Found thread-bound EntityManager [SessionImpl(153229023<open>)] for JPA transaction
2026-03-16 16:59:20 [http-nio-8080-exec-8] DEBUG o.s.orm.jpa.JpaTransactionManager - Participating in existing transaction
2026-03-16 16:59:20 [http-nio-8080-exec-8] DEBUG org.hibernate.SQL - select ua1_0.scrty_dtrmn_trget_id,ua1_0.author_code,ua1_0.frst_register_id,ua1_0.frst_regist_pnttm,ua1_0.last_updusr_id,ua1_0.last_updt_pnttm,ua1_0.mber_ty_code from nemplyrscrtyestbs ua1_0 where ua1_0.scrty_dtrmn_trget_id=?
2026-03-16 16:59:20 [http-nio-8080-exec-8] DEBUG o.s.orm.jpa.JpaTransactionManager - Initiating transaction commit
2026-03-16 16:59:20 [http-nio-8080-exec-8] DEBUG o.s.orm.jpa.JpaTransactionManager - Committing JPA transaction on EntityManager [SessionImpl(153229023<open>)]
2026-03-16 16:59:20 [http-nio-8080-exec-8] DEBUG o.s.orm.jpa.JpaTransactionManager - Closing JPA EntityManager [SessionImpl(153229023<open>)] after transaction
2026-03-16 16:59:20 [http-nio-8080-exec-8] DEBUG c.c.p.s.jwt.JwtAuthenticationFilter - >>> [JwtFilter] Successfully authenticated user: USRCNFRM_99999999999, Authorities: [ROLE_ADMIN]
2026-03-16 16:59:20 [http-nio-8080-exec-8] DEBUG o.s.web.servlet.DispatcherServlet - GET "/api/v1/boards/BBSMSTR_AAAAAAAAAAAA?page=0&size=10&searchWrd=&searchCnd=0", parameters={masked}
2026-03-16 16:59:20 [http-nio-8080-exec-8] TRACE o.s.w.s.m.m.a.RequestMappingHandlerMapping - Mapped to com.company.project.api.controller.board.BoardController#getPosts(String, Pageable)
2026-03-16 16:59:20 [http-nio-8080-exec-8] DEBUG o.s.orm.jpa.JpaTransactionManager - Creating new transaction with name [com.company.project.service.board.BoardService.getBoardPosts]: PROPAGATION_REQUIRED,ISOLATION_DEFAULT,readOnly
2026-03-16 16:59:20 [http-nio-8080-exec-8] DEBUG o.s.orm.jpa.JpaTransactionManager - Opened new EntityManager [SessionImpl(1414749269<open>)] for JPA transaction
2026-03-16 16:59:20 [http-nio-8080-exec-8] DEBUG o.s.orm.jpa.JpaTransactionManager - Exposing JPA transaction as JDBC [org.springframework.orm.jpa.vendor.HibernateJpaDialect$HibernateConnectionHandle@6ed5335c]
2026-03-16 16:59:20 [http-nio-8080-exec-8] DEBUG o.s.orm.jpa.JpaTransactionManager - Found thread-bound EntityManager [SessionImpl(1414749269<open>)] for JPA transaction
2026-03-16 16:59:20 [http-nio-8080-exec-8] DEBUG o.s.orm.jpa.JpaTransactionManager - Participating in existing transaction
2026-03-16 16:59:20 [http-nio-8080-exec-8] DEBUG org.hibernate.SQL - select bm1_0.bbs_id,bm1_0.atch_posbl_file_number,bm1_0.atch_posbl_file_size,bm1_0.bbs_attrb_code,bm1_0.bbs_intrcn,bm1_0.bbs_nm,bm1_0.bbs_ty_code,bm1_0.blog_at,bm1_0.blog_id,bm1_0.cmmnty_id,bm1_0.frst_register_id,bm1_0.frst_regist_pnttm,bm1_0.file_atch_posbl_at,bm1_0.last_updusr_id,bm1_0.last_updt_pnttm,bm1_0.reply_posbl_at,bm1_0.tmplat_id,bm1_0.use_at,bm1_1.answer_at,bm1_1.stsfdg_at from nbbsmaster bm1_0 left join nbbsmasteroptn bm1_1 on bm1_0.bbs_id=bm1_1.bbs_id where bm1_0.bbs_id=?
2026-03-16 16:59:20 [http-nio-8080-exec-8] DEBUG org.hibernate.SQL - select b1_0.ntt_id,b1_0.bbs_id,b1_0.ntt_sj,b1_0.ntcr_nm,b1_0.frst_regist_pnttm,b1_0.rdcnt,b1_0.answer_at,b1_0.parntsctt_no,b1_0.answer_lc,b1_0.sort_ordr,b1_0.ntt_no,b1_0.notice_at,b1_0.secret_at,b1_0.comment_co from nbbs b1_0 left join nemplyrinfo u1_0 on b1_0.frst_register_id=u1_0.esntl_id where (b1_0.use_at = 'Y') and b1_0.bbs_id=? order by b1_0.sort_ordr desc,b1_0.ntt_no offset ? rows fetch first ? rows only
2026-03-16 16:59:20 [http-nio-8080-exec-8] DEBUG org.hibernate.SQL - select count(b1_0.ntt_id) from nbbs b1_0 left join nemplyrinfo u1_0 on b1_0.frst_register_id=u1_0.esntl_id where (b1_0.use_at = 'Y') and b1_0.bbs_id=?
2026-03-16 16:59:21 [http-nio-8080-exec-8] DEBUG o.s.orm.jpa.JpaTransactionManager - Initiating transaction commit
2026-03-16 16:59:21 [http-nio-8080-exec-8] DEBUG o.s.orm.jpa.JpaTransactionManager - Committing JPA transaction on EntityManager [SessionImpl(1414749269<open>)]
2026-03-16 16:59:21 [http-nio-8080-exec-8] DEBUG o.s.orm.jpa.JpaTransactionManager - Closing JPA EntityManager [SessionImpl(1414749269<open>)] after transaction
2026-03-16 16:59:21 [http-nio-8080-exec-8] DEBUG o.s.w.s.m.m.a.HttpEntityMethodProcessor - Using 'application/json', given [application/json, text/plain, */*] and supported [application/json, application/*+json, application/yaml]
2026-03-16 16:59:21 [http-nio-8080-exec-8] TRACE o.s.w.s.m.m.a.HttpEntityMethodProcessor - Writing [ApiResponse[success=true, status=200, code=COMMON_001, message=Success, data=Page 1 of 1 containing com.company.project.service.board.dto.BoardDto instances, timestamp=2026-03-16T16:59:21.166647100]]
2026-03-16 16:59:21 [http-nio-8080-exec-8] INFO  c.c.p.a.i.OperationalAuditInterceptor - API Audit Log: URL=/api/v1/boards/BBSMSTR_AAAAAAAAAAAA, User=webmaster, IP=127.0.0.1
2026-03-16 16:59:21 [http-nio-8080-exec-8] DEBUG o.s.web.servlet.DispatcherServlet - Completed 200 OK
2026-03-16 16:59:21 [http-nio-8080-exec-6] DEBUG c.c.p.s.jwt.JwtAuthenticationFilter - >>> [JwtFilter] Processing request: GET /api/v1/boards/BBSMSTR_AAAAAAAAAAAA
2026-03-16 16:59:21 [http-nio-8080-exec-6] DEBUG c.c.p.s.jwt.JwtAuthenticationFilter - >>> [JwtFilter] Found token in header for path: /api/v1/boards/BBSMSTR_AAAAAAAAAAAA
2026-03-16 16:59:21 [http-nio-8080-exec-6] DEBUG o.s.orm.jpa.JpaTransactionManager - Creating new transaction with name [com.company.project.security.iam.CustomUserDetailsService.loadUserByUsername]: PROPAGATION_REQUIRED,ISOLATION_DEFAULT,readOnly
2026-03-16 16:59:21 [http-nio-8080-exec-6] DEBUG o.s.orm.jpa.JpaTransactionManager - Opened new EntityManager [SessionImpl(1324047075<open>)] for JPA transaction
2026-03-16 16:59:21 [http-nio-8080-exec-6] DEBUG o.s.orm.jpa.JpaTransactionManager - Exposing JPA transaction as JDBC [org.springframework.orm.jpa.vendor.HibernateJpaDialect$HibernateConnectionHandle@64099b8]
2026-03-16 16:59:21 [http-nio-8080-exec-6] DEBUG o.s.orm.jpa.JpaTransactionManager - Found thread-bound EntityManager [SessionImpl(1324047075<open>)] for JPA transaction
2026-03-16 16:59:21 [http-nio-8080-exec-6] DEBUG o.s.orm.jpa.JpaTransactionManager - Participating in existing transaction
2026-03-16 16:59:21 [http-nio-8080-exec-6] DEBUG org.hibernate.SQL - select u1_0.emplyr_id,u1_0.area_no,u1_0.brthdy,u1_0.chg_pwd_cnt,u1_0.frst_register_id,u1_0.frst_regist_pnttm,u1_0.detail_adres,u1_0.email_adres,u1_0.emplyr_sttus_code,u1_0.empl_no,u1_0.esntl_id,u1_0.fxnum,u1_0.group_id,u1_0.house_adres,u1_0.house_end_telno,u1_0.house_middle_telno,u1_0.ihidnum,u1_0.pstinst_code,u1_0.last_updusr_id,u1_0.last_updt_pnttm,u1_0.lock_at,u1_0.lock_cnt,u1_0.lock_last_pnttm,u1_0.mbtlnum,u1_0.ofcps_nm,u1_0.offm_telno,u1_0.orgnzt_id,u1_0.password,u1_0.password_cnsr,u1_0.password_hint,u1_0.chg_pwd_last_pnttm,u1_0.role,u1_0.sbscrb_de,u1_0.sexdstn_code,u1_0.crtfc_dn_value,u1_0.user_nm,u1_0.zip from nemplyrinfo u1_0 where u1_0.emplyr_id=?
2026-03-16 16:59:21 [http-nio-8080-exec-6] DEBUG o.s.orm.jpa.JpaTransactionManager - Found thread-bound EntityManager [SessionImpl(1324047075<open>)] for JPA transaction
2026-03-16 16:59:21 [http-nio-8080-exec-6] DEBUG o.s.orm.jpa.JpaTransactionManager - Participating in existing transaction
2026-03-16 16:59:21 [http-nio-8080-exec-6] DEBUG org.hibernate.SQL - select ua1_0.scrty_dtrmn_trget_id,ua1_0.author_code,ua1_0.frst_register_id,ua1_0.frst_regist_pnttm,ua1_0.last_updusr_id,ua1_0.last_updt_pnttm,ua1_0.mber_ty_code from nemplyrscrtyestbs ua1_0 where ua1_0.scrty_dtrmn_trget_id=?
2026-03-16 16:59:21 [http-nio-8080-exec-6] DEBUG o.s.orm.jpa.JpaTransactionManager - Initiating transaction commit
2026-03-16 16:59:21 [http-nio-8080-exec-6] DEBUG o.s.orm.jpa.JpaTransactionManager - Committing JPA transaction on EntityManager [SessionImpl(1324047075<open>)]
2026-03-16 16:59:21 [http-nio-8080-exec-6] DEBUG o.s.orm.jpa.JpaTransactionManager - Closing JPA EntityManager [SessionImpl(1324047075<open>)] after transaction
2026-03-16 16:59:21 [http-nio-8080-exec-6] DEBUG c.c.p.s.jwt.JwtAuthenticationFilter - >>> [JwtFilter] Successfully authenticated user: USRCNFRM_99999999999, Authorities: [ROLE_ADMIN]
2026-03-16 16:59:21 [http-nio-8080-exec-6] DEBUG o.s.web.servlet.DispatcherServlet - GET "/api/v1/boards/BBSMSTR_AAAAAAAAAAAA?page=0&size=10&searchWrd=&searchCnd=0", parameters={masked}
2026-03-16 16:59:21 [http-nio-8080-exec-6] TRACE o.s.w.s.m.m.a.RequestMappingHandlerMapping - Mapped to com.company.project.api.controller.board.BoardController#getPosts(String, Pageable)
2026-03-16 16:59:21 [http-nio-8080-exec-6] DEBUG o.s.orm.jpa.JpaTransactionManager - Creating new transaction with name [com.company.project.service.board.BoardService.getBoardPosts]: PROPAGATION_REQUIRED,ISOLATION_DEFAULT,readOnly
2026-03-16 16:59:21 [http-nio-8080-exec-6] DEBUG o.s.orm.jpa.JpaTransactionManager - Opened new EntityManager [SessionImpl(505183547<open>)] for JPA transaction
2026-03-16 16:59:21 [http-nio-8080-exec-6] DEBUG o.s.orm.jpa.JpaTransactionManager - Exposing JPA transaction as JDBC [org.springframework.orm.jpa.vendor.HibernateJpaDialect$HibernateConnectionHandle@5a72a1fd]
2026-03-16 16:59:21 [http-nio-8080-exec-6] DEBUG o.s.orm.jpa.JpaTransactionManager - Found thread-bound EntityManager [SessionImpl(505183547<open>)] for JPA transaction
2026-03-16 16:59:21 [http-nio-8080-exec-6] DEBUG o.s.orm.jpa.JpaTransactionManager - Participating in existing transaction
2026-03-16 16:59:21 [http-nio-8080-exec-6] DEBUG org.hibernate.SQL - select bm1_0.bbs_id,bm1_0.atch_posbl_file_number,bm1_0.atch_posbl_file_size,bm1_0.bbs_attrb_code,bm1_0.bbs_intrcn,bm1_0.bbs_nm,bm1_0.bbs_ty_code,bm1_0.blog_at,bm1_0.blog_id,bm1_0.cmmnty_id,bm1_0.frst_register_id,bm1_0.frst_regist_pnttm,bm1_0.file_atch_posbl_at,bm1_0.last_updusr_id,bm1_0.last_updt_pnttm,bm1_0.reply_posbl_at,bm1_0.tmplat_id,bm1_0.use_at,bm1_1.answer_at,bm1_1.stsfdg_at from nbbsmaster bm1_0 left join nbbsmasteroptn bm1_1 on bm1_0.bbs_id=bm1_1.bbs_id where bm1_0.bbs_id=?
2026-03-16 16:59:21 [http-nio-8080-exec-6] DEBUG org.hibernate.SQL - select b1_0.ntt_id,b1_0.bbs_id,b1_0.ntt_sj,b1_0.ntcr_nm,b1_0.frst_regist_pnttm,b1_0.rdcnt,b1_0.answer_at,b1_0.parntsctt_no,b1_0.answer_lc,b1_0.sort_ordr,b1_0.ntt_no,b1_0.notice_at,b1_0.secret_at,b1_0.comment_co from nbbs b1_0 left join nemplyrinfo u1_0 on b1_0.frst_register_id=u1_0.esntl_id where (b1_0.use_at = 'Y') and b1_0.bbs_id=? order by b1_0.sort_ordr desc,b1_0.ntt_no offset ? rows fetch first ? rows only
2026-03-16 16:59:22 [http-nio-8080-exec-6] DEBUG org.hibernate.SQL - select count(b1_0.ntt_id) from nbbs b1_0 left join nemplyrinfo u1_0 on b1_0.frst_register_id=u1_0.esntl_id where (b1_0.use_at = 'Y') and b1_0.bbs_id=?
2026-03-16 16:59:22 [http-nio-8080-exec-6] DEBUG o.s.orm.jpa.JpaTransactionManager - Initiating transaction commit
2026-03-16 16:59:22 [http-nio-8080-exec-6] DEBUG o.s.orm.jpa.JpaTransactionManager - Committing JPA transaction on EntityManager [SessionImpl(505183547<open>)]
2026-03-16 16:59:22 [http-nio-8080-exec-6] DEBUG o.s.orm.jpa.JpaTransactionManager - Closing JPA EntityManager [SessionImpl(505183547<open>)] after transaction
2026-03-16 16:59:22 [http-nio-8080-exec-6] DEBUG o.s.w.s.m.m.a.HttpEntityMethodProcessor - Using 'application/json', given [application/json, text/plain, */*] and supported [application/json, application/*+json, application/yaml]
2026-03-16 16:59:22 [http-nio-8080-exec-6] TRACE o.s.w.s.m.m.a.HttpEntityMethodProcessor - Writing [ApiResponse[success=true, status=200, code=COMMON_001, message=Success, data=Page 1 of 1 containing com.company.project.service.board.dto.BoardDto instances, timestamp=2026-03-16T16:59:22.433287300]]
2026-03-16 16:59:22 [http-nio-8080-exec-6] INFO  c.c.p.a.i.OperationalAuditInterceptor - API Audit Log: URL=/api/v1/boards/BBSMSTR_AAAAAAAAAAAA, User=webmaster, IP=127.0.0.1
2026-03-16 16:59:22 [http-nio-8080-exec-6] DEBUG o.s.web.servlet.DispatcherServlet - Completed 200 OK
2026-03-16 16:59:22 [http-nio-8080-exec-9] DEBUG c.c.p.s.jwt.JwtAuthenticationFilter - >>> [JwtFilter] Processing request: GET /api/v1/boards/BBSMSTR_AAAAAAAAAAAA
2026-03-16 16:59:22 [http-nio-8080-exec-9] DEBUG c.c.p.s.jwt.JwtAuthenticationFilter - >>> [JwtFilter] Found token in header for path: /api/v1/boards/BBSMSTR_AAAAAAAAAAAA
2026-03-16 16:59:22 [http-nio-8080-exec-9] DEBUG o.s.orm.jpa.JpaTransactionManager - Creating new transaction with name [com.company.project.security.iam.CustomUserDetailsService.loadUserByUsername]: PROPAGATION_REQUIRED,ISOLATION_DEFAULT,readOnly
2026-03-16 16:59:22 [http-nio-8080-exec-9] DEBUG o.s.orm.jpa.JpaTransactionManager - Opened new EntityManager [SessionImpl(286670696<open>)] for JPA transaction
2026-03-16 16:59:22 [http-nio-8080-exec-9] DEBUG o.s.orm.jpa.JpaTransactionManager - Exposing JPA transaction as JDBC [org.springframework.orm.jpa.vendor.HibernateJpaDialect$HibernateConnectionHandle@6105f12a]
2026-03-16 16:59:22 [http-nio-8080-exec-9] DEBUG o.s.orm.jpa.JpaTransactionManager - Found thread-bound EntityManager [SessionImpl(286670696<open>)] for JPA transaction
2026-03-16 16:59:22 [http-nio-8080-exec-9] DEBUG o.s.orm.jpa.JpaTransactionManager - Participating in existing transaction
2026-03-16 16:59:22 [http-nio-8080-exec-9] DEBUG org.hibernate.SQL - select u1_0.emplyr_id,u1_0.area_no,u1_0.brthdy,u1_0.chg_pwd_cnt,u1_0.frst_register_id,u1_0.frst_regist_pnttm,u1_0.detail_adres,u1_0.email_adres,u1_0.emplyr_sttus_code,u1_0.empl_no,u1_0.esntl_id,u1_0.fxnum,u1_0.group_id,u1_0.house_adres,u1_0.house_end_telno,u1_0.house_middle_telno,u1_0.ihidnum,u1_0.pstinst_code,u1_0.last_updusr_id,u1_0.last_updt_pnttm,u1_0.lock_at,u1_0.lock_cnt,u1_0.lock_last_pnttm,u1_0.mbtlnum,u1_0.ofcps_nm,u1_0.offm_telno,u1_0.orgnzt_id,u1_0.password,u1_0.password_cnsr,u1_0.password_hint,u1_0.chg_pwd_last_pnttm,u1_0.role,u1_0.sbscrb_de,u1_0.sexdstn_code,u1_0.crtfc_dn_value,u1_0.user_nm,u1_0.zip from nemplyrinfo u1_0 where u1_0.emplyr_id=?
2026-03-16 16:59:22 [http-nio-8080-exec-9] DEBUG o.s.orm.jpa.JpaTransactionManager - Found thread-bound EntityManager [SessionImpl(286670696<open>)] for JPA transaction
2026-03-16 16:59:22 [http-nio-8080-exec-9] DEBUG o.s.orm.jpa.JpaTransactionManager - Participating in existing transaction
2026-03-16 16:59:22 [http-nio-8080-exec-9] DEBUG org.hibernate.SQL - select ua1_0.scrty_dtrmn_trget_id,ua1_0.author_code,ua1_0.frst_register_id,ua1_0.frst_regist_pnttm,ua1_0.last_updusr_id,ua1_0.last_updt_pnttm,ua1_0.mber_ty_code from nemplyrscrtyestbs ua1_0 where ua1_0.scrty_dtrmn_trget_id=?
2026-03-16 16:59:22 [http-nio-8080-exec-9] DEBUG o.s.orm.jpa.JpaTransactionManager - Initiating transaction commit
2026-03-16 16:59:22 [http-nio-8080-exec-9] DEBUG o.s.orm.jpa.JpaTransactionManager - Committing JPA transaction on EntityManager [SessionImpl(286670696<open>)]
2026-03-16 16:59:23 [http-nio-8080-exec-9] DEBUG o.s.orm.jpa.JpaTransactionManager - Closing JPA EntityManager [SessionImpl(286670696<open>)] after transaction
2026-03-16 16:59:23 [http-nio-8080-exec-9] DEBUG c.c.p.s.jwt.JwtAuthenticationFilter - >>> [JwtFilter] Successfully authenticated user: USRCNFRM_99999999999, Authorities: [ROLE_ADMIN]
2026-03-16 16:59:23 [http-nio-8080-exec-9] DEBUG o.s.web.servlet.DispatcherServlet - GET "/api/v1/boards/BBSMSTR_AAAAAAAAAAAA?page=0&size=10&searchWrd=&searchCnd=0", parameters={masked}
2026-03-16 16:59:23 [http-nio-8080-exec-9] TRACE o.s.w.s.m.m.a.RequestMappingHandlerMapping - Mapped to com.company.project.api.controller.board.BoardController#getPosts(String, Pageable)
2026-03-16 16:59:23 [http-nio-8080-exec-9] DEBUG o.s.orm.jpa.JpaTransactionManager - Creating new transaction with name [com.company.project.service.board.BoardService.getBoardPosts]: PROPAGATION_REQUIRED,ISOLATION_DEFAULT,readOnly
2026-03-16 16:59:23 [http-nio-8080-exec-9] DEBUG o.s.orm.jpa.JpaTransactionManager - Opened new EntityManager [SessionImpl(587811063<open>)] for JPA transaction
2026-03-16 16:59:23 [http-nio-8080-exec-9] DEBUG o.s.orm.jpa.JpaTransactionManager - Exposing JPA transaction as JDBC [org.springframework.orm.jpa.vendor.HibernateJpaDialect$HibernateConnectionHandle@200b221a]
2026-03-16 16:59:23 [http-nio-8080-exec-9] DEBUG o.s.orm.jpa.JpaTransactionManager - Found thread-bound EntityManager [SessionImpl(587811063<open>)] for JPA transaction
2026-03-16 16:59:23 [http-nio-8080-exec-9] DEBUG o.s.orm.jpa.JpaTransactionManager - Participating in existing transaction
2026-03-16 16:59:23 [http-nio-8080-exec-9] DEBUG org.hibernate.SQL - select bm1_0.bbs_id,bm1_0.atch_posbl_file_number,bm1_0.atch_posbl_file_size,bm1_0.bbs_attrb_code,bm1_0.bbs_intrcn,bm1_0.bbs_nm,bm1_0.bbs_ty_code,bm1_0.blog_at,bm1_0.blog_id,bm1_0.cmmnty_id,bm1_0.frst_register_id,bm1_0.frst_regist_pnttm,bm1_0.file_atch_posbl_at,bm1_0.last_updusr_id,bm1_0.last_updt_pnttm,bm1_0.reply_posbl_at,bm1_0.tmplat_id,bm1_0.use_at,bm1_1.answer_at,bm1_1.stsfdg_at from nbbsmaster bm1_0 left join nbbsmasteroptn bm1_1 on bm1_0.bbs_id=bm1_1.bbs_id where bm1_0.bbs_id=?
2026-03-16 16:59:23 [http-nio-8080-exec-9] DEBUG org.hibernate.SQL - select b1_0.ntt_id,b1_0.bbs_id,b1_0.ntt_sj,b1_0.ntcr_nm,b1_0.frst_regist_pnttm,b1_0.rdcnt,b1_0.answer_at,b1_0.parntsctt_no,b1_0.answer_lc,b1_0.sort_ordr,b1_0.ntt_no,b1_0.notice_at,b1_0.secret_at,b1_0.comment_co from nbbs b1_0 left join nemplyrinfo u1_0 on b1_0.frst_register_id=u1_0.esntl_id where (b1_0.use_at = 'Y') and b1_0.bbs_id=? order by b1_0.sort_ordr desc,b1_0.ntt_no offset ? rows fetch first ? rows only
2026-03-16 16:59:23 [http-nio-8080-exec-9] DEBUG org.hibernate.SQL - select count(b1_0.ntt_id) from nbbs b1_0 left join nemplyrinfo u1_0 on b1_0.frst_register_id=u1_0.esntl_id where (b1_0.use_at = 'Y') and b1_0.bbs_id=?
2026-03-16 16:59:23 [http-nio-8080-exec-9] DEBUG o.s.orm.jpa.JpaTransactionManager - Initiating transaction commit
2026-03-16 16:59:23 [http-nio-8080-exec-9] DEBUG o.s.orm.jpa.JpaTransactionManager - Committing JPA transaction on EntityManager [SessionImpl(587811063<open>)]
2026-03-16 16:59:23 [http-nio-8080-exec-9] DEBUG o.s.orm.jpa.JpaTransactionManager - Closing JPA EntityManager [SessionImpl(587811063<open>)] after transaction
2026-03-16 16:59:23 [http-nio-8080-exec-9] DEBUG o.s.w.s.m.m.a.HttpEntityMethodProcessor - Using 'application/json', given [application/json, text/plain, */*] and supported [application/json, application/*+json, application/yaml]
2026-03-16 16:59:23 [http-nio-8080-exec-9] TRACE o.s.w.s.m.m.a.HttpEntityMethodProcessor - Writing [ApiResponse[success=true, status=200, code=COMMON_001, message=Success, data=Page 1 of 1 containing com.company.project.service.board.dto.BoardDto instances, timestamp=2026-03-16T16:59:23.661195900]]
2026-03-16 16:59:23 [http-nio-8080-exec-9] INFO  c.c.p.a.i.OperationalAuditInterceptor - API Audit Log: URL=/api/v1/boards/BBSMSTR_AAAAAAAAAAAA, User=webmaster, IP=127.0.0.1
2026-03-16 16:59:23 [http-nio-8080-exec-9] DEBUG o.s.web.servlet.DispatcherServlet - Completed 200 OK
2026-03-16 16:59:23 [http-nio-8080-exec-7] DEBUG c.c.p.s.jwt.JwtAuthenticationFilter - >>> [JwtFilter] Processing request: GET /api/v1/boards/BBSMSTR_AAAAAAAAAAAA
2026-03-16 16:59:23 [http-nio-8080-exec-7] DEBUG c.c.p.s.jwt.JwtAuthenticationFilter - >>> [JwtFilter] Found token in header for path: /api/v1/boards/BBSMSTR_AAAAAAAAAAAA
2026-03-16 16:59:23 [http-nio-8080-exec-7] DEBUG o.s.orm.jpa.JpaTransactionManager - Creating new transaction with name [com.company.project.security.iam.CustomUserDetailsService.loadUserByUsername]: PROPAGATION_REQUIRED,ISOLATION_DEFAULT,readOnly
2026-03-16 16:59:23 [http-nio-8080-exec-7] DEBUG o.s.orm.jpa.JpaTransactionManager - Opened new EntityManager [SessionImpl(2012347251<open>)] for JPA transaction
2026-03-16 16:59:23 [http-nio-8080-exec-7] DEBUG o.s.orm.jpa.JpaTransactionManager - Exposing JPA transaction as JDBC [org.springframework.orm.jpa.vendor.HibernateJpaDialect$HibernateConnectionHandle@6eebcdd0]
2026-03-16 16:59:23 [http-nio-8080-exec-7] DEBUG o.s.orm.jpa.JpaTransactionManager - Found thread-bound EntityManager [SessionImpl(2012347251<open>)] for JPA transaction
2026-03-16 16:59:23 [http-nio-8080-exec-7] DEBUG o.s.orm.jpa.JpaTransactionManager - Participating in existing transaction
2026-03-16 16:59:23 [http-nio-8080-exec-7] DEBUG org.hibernate.SQL - select u1_0.emplyr_id,u1_0.area_no,u1_0.brthdy,u1_0.chg_pwd_cnt,u1_0.frst_register_id,u1_0.frst_regist_pnttm,u1_0.detail_adres,u1_0.email_adres,u1_0.emplyr_sttus_code,u1_0.empl_no,u1_0.esntl_id,u1_0.fxnum,u1_0.group_id,u1_0.house_adres,u1_0.house_end_telno,u1_0.house_middle_telno,u1_0.ihidnum,u1_0.pstinst_code,u1_0.last_updusr_id,u1_0.last_updt_pnttm,u1_0.lock_at,u1_0.lock_cnt,u1_0.lock_last_pnttm,u1_0.mbtlnum,u1_0.ofcps_nm,u1_0.offm_telno,u1_0.orgnzt_id,u1_0.password,u1_0.password_cnsr,u1_0.password_hint,u1_0.chg_pwd_last_pnttm,u1_0.role,u1_0.sbscrb_de,u1_0.sexdstn_code,u1_0.crtfc_dn_value,u1_0.user_nm,u1_0.zip from nemplyrinfo u1_0 where u1_0.emplyr_id=?
2026-03-16 16:59:23 [http-nio-8080-exec-7] DEBUG o.s.orm.jpa.JpaTransactionManager - Found thread-bound EntityManager [SessionImpl(2012347251<open>)] for JPA transaction
2026-03-16 16:59:23 [http-nio-8080-exec-7] DEBUG o.s.orm.jpa.JpaTransactionManager - Participating in existing transaction
2026-03-16 16:59:23 [http-nio-8080-exec-7] DEBUG org.hibernate.SQL - select ua1_0.scrty_dtrmn_trget_id,ua1_0.author_code,ua1_0.frst_register_id,ua1_0.frst_regist_pnttm,ua1_0.last_updusr_id,ua1_0.last_updt_pnttm,ua1_0.mber_ty_code from nemplyrscrtyestbs ua1_0 where ua1_0.scrty_dtrmn_trget_id=?
2026-03-16 16:59:24 [http-nio-8080-exec-7] DEBUG o.s.orm.jpa.JpaTransactionManager - Initiating transaction commit
2026-03-16 16:59:24 [http-nio-8080-exec-7] DEBUG o.s.orm.jpa.JpaTransactionManager - Committing JPA transaction on EntityManager [SessionImpl(2012347251<open>)]
2026-03-16 16:59:24 [http-nio-8080-exec-7] DEBUG o.s.orm.jpa.JpaTransactionManager - Closing JPA EntityManager [SessionImpl(2012347251<open>)] after transaction
2026-03-16 16:59:24 [http-nio-8080-exec-7] DEBUG c.c.p.s.jwt.JwtAuthenticationFilter - >>> [JwtFilter] Successfully authenticated user: USRCNFRM_99999999999, Authorities: [ROLE_ADMIN]
2026-03-16 16:59:24 [http-nio-8080-exec-7] DEBUG o.s.web.servlet.DispatcherServlet - GET "/api/v1/boards/BBSMSTR_AAAAAAAAAAAA?page=0&size=10&searchWrd=&searchCnd=0", parameters={masked}
2026-03-16 16:59:24 [http-nio-8080-exec-7] TRACE o.s.w.s.m.m.a.RequestMappingHandlerMapping - Mapped to com.company.project.api.controller.board.BoardController#getPosts(String, Pageable)
2026-03-16 16:59:24 [http-nio-8080-exec-7] DEBUG o.s.orm.jpa.JpaTransactionManager - Creating new transaction with name [com.company.project.service.board.BoardService.getBoardPosts]: PROPAGATION_REQUIRED,ISOLATION_DEFAULT,readOnly
2026-03-16 16:59:24 [http-nio-8080-exec-7] DEBUG o.s.orm.jpa.JpaTransactionManager - Opened new EntityManager [SessionImpl(601282682<open>)] for JPA transaction
2026-03-16 16:59:24 [http-nio-8080-exec-7] DEBUG o.s.orm.jpa.JpaTransactionManager - Exposing JPA transaction as JDBC [org.springframework.orm.jpa.vendor.HibernateJpaDialect$HibernateConnectionHandle@ae668d0]
2026-03-16 16:59:24 [http-nio-8080-exec-7] DEBUG o.s.orm.jpa.JpaTransactionManager - Found thread-bound EntityManager [SessionImpl(601282682<open>)] for JPA transaction
2026-03-16 16:59:24 [http-nio-8080-exec-7] DEBUG o.s.orm.jpa.JpaTransactionManager - Participating in existing transaction
2026-03-16 16:59:24 [http-nio-8080-exec-7] DEBUG org.hibernate.SQL - select bm1_0.bbs_id,bm1_0.atch_posbl_file_number,bm1_0.atch_posbl_file_size,bm1_0.bbs_attrb_code,bm1_0.bbs_intrcn,bm1_0.bbs_nm,bm1_0.bbs_ty_code,bm1_0.blog_at,bm1_0.blog_id,bm1_0.cmmnty_id,bm1_0.frst_register_id,bm1_0.frst_regist_pnttm,bm1_0.file_atch_posbl_at,bm1_0.last_updusr_id,bm1_0.last_updt_pnttm,bm1_0.reply_posbl_at,bm1_0.tmplat_id,bm1_0.use_at,bm1_1.answer_at,bm1_1.stsfdg_at from nbbsmaster bm1_0 left join nbbsmasteroptn bm1_1 on bm1_0.bbs_id=bm1_1.bbs_id where bm1_0.bbs_id=?
2026-03-16 16:59:24 [http-nio-8080-exec-7] DEBUG org.hibernate.SQL - select b1_0.ntt_id,b1_0.bbs_id,b1_0.ntt_sj,b1_0.ntcr_nm,b1_0.frst_regist_pnttm,b1_0.rdcnt,b1_0.answer_at,b1_0.parntsctt_no,b1_0.answer_lc,b1_0.sort_ordr,b1_0.ntt_no,b1_0.notice_at,b1_0.secret_at,b1_0.comment_co from nbbs b1_0 left join nemplyrinfo u1_0 on b1_0.frst_register_id=u1_0.esntl_id where (b1_0.use_at = 'Y') and b1_0.bbs_id=? order by b1_0.sort_ordr desc,b1_0.ntt_no offset ? rows fetch first ? rows only
2026-03-16 16:59:24 [http-nio-8080-exec-7] DEBUG org.hibernate.SQL - select count(b1_0.ntt_id) from nbbs b1_0 left join nemplyrinfo u1_0 on b1_0.frst_register_id=u1_0.esntl_id where (b1_0.use_at = 'Y') and b1_0.bbs_id=?
2026-03-16 16:59:24 [http-nio-8080-exec-7] DEBUG o.s.orm.jpa.JpaTransactionManager - Initiating transaction commit
2026-03-16 16:59:24 [http-nio-8080-exec-7] DEBUG o.s.orm.jpa.JpaTransactionManager - Committing JPA transaction on EntityManager [SessionImpl(601282682<open>)]
2026-03-16 16:59:24 [http-nio-8080-exec-7] DEBUG o.s.orm.jpa.JpaTransactionManager - Closing JPA EntityManager [SessionImpl(601282682<open>)] after transaction
2026-03-16 16:59:24 [http-nio-8080-exec-7] DEBUG o.s.w.s.m.m.a.HttpEntityMethodProcessor - Using 'application/json', given [application/json, text/plain, */*] and supported [application/json, application/*+json, application/yaml]
2026-03-16 16:59:24 [http-nio-8080-exec-7] TRACE o.s.w.s.m.m.a.HttpEntityMethodProcessor - Writing [ApiResponse[success=true, status=200, code=COMMON_001, message=Success, data=Page 1 of 1 containing com.company.project.service.board.dto.BoardDto instances, timestamp=2026-03-16T16:59:24.925421500]]
2026-03-16 16:59:24 [http-nio-8080-exec-7] INFO  c.c.p.a.i.OperationalAuditInterceptor - API Audit Log: URL=/api/v1/boards/BBSMSTR_AAAAAAAAAAAA, User=webmaster, IP=127.0.0.1
2026-03-16 16:59:24 [http-nio-8080-exec-7] DEBUG o.s.web.servlet.DispatcherServlet - Completed 200 OK
2026-03-16 16:59:24 [http-nio-8080-exec-1] DEBUG c.c.p.s.jwt.JwtAuthenticationFilter - >>> [JwtFilter] Processing request: GET /api/v1/boards/BBSMSTR_AAAAAAAAAAAA
2026-03-16 16:59:24 [http-nio-8080-exec-1] DEBUG c.c.p.s.jwt.JwtAuthenticationFilter - >>> [JwtFilter] Found token in header for path: /api/v1/boards/BBSMSTR_AAAAAAAAAAAA
2026-03-16 16:59:24 [http-nio-8080-exec-1] DEBUG o.s.orm.jpa.JpaTransactionManager - Creating new transaction with name [com.company.project.security.iam.CustomUserDetailsService.loadUserByUsername]: PROPAGATION_REQUIRED,ISOLATION_DEFAULT,readOnly
2026-03-16 16:59:24 [http-nio-8080-exec-1] DEBUG o.s.orm.jpa.JpaTransactionManager - Opened new EntityManager [SessionImpl(1573980423<open>)] for JPA transaction
2026-03-16 16:59:25 [http-nio-8080-exec-1] DEBUG o.s.orm.jpa.JpaTransactionManager - Exposing JPA transaction as JDBC [org.springframework.orm.jpa.vendor.HibernateJpaDialect$HibernateConnectionHandle@4de43a90]
2026-03-16 16:59:25 [http-nio-8080-exec-1] DEBUG o.s.orm.jpa.JpaTransactionManager - Found thread-bound EntityManager [SessionImpl(1573980423<open>)] for JPA transaction
2026-03-16 16:59:25 [http-nio-8080-exec-1] DEBUG o.s.orm.jpa.JpaTransactionManager - Participating in existing transaction
2026-03-16 16:59:25 [http-nio-8080-exec-1] DEBUG org.hibernate.SQL - select u1_0.emplyr_id,u1_0.area_no,u1_0.brthdy,u1_0.chg_pwd_cnt,u1_0.frst_register_id,u1_0.frst_regist_pnttm,u1_0.detail_adres,u1_0.email_adres,u1_0.emplyr_sttus_code,u1_0.empl_no,u1_0.esntl_id,u1_0.fxnum,u1_0.group_id,u1_0.house_adres,u1_0.house_end_telno,u1_0.house_middle_telno,u1_0.ihidnum,u1_0.pstinst_code,u1_0.last_updusr_id,u1_0.last_updt_pnttm,u1_0.lock_at,u1_0.lock_cnt,u1_0.lock_last_pnttm,u1_0.mbtlnum,u1_0.ofcps_nm,u1_0.offm_telno,u1_0.orgnzt_id,u1_0.password,u1_0.password_cnsr,u1_0.password_hint,u1_0.chg_pwd_last_pnttm,u1_0.role,u1_0.sbscrb_de,u1_0.sexdstn_code,u1_0.crtfc_dn_value,u1_0.user_nm,u1_0.zip from nemplyrinfo u1_0 where u1_0.emplyr_id=?
2026-03-16 16:59:25 [http-nio-8080-exec-1] DEBUG o.s.orm.jpa.JpaTransactionManager - Found thread-bound EntityManager [SessionImpl(1573980423<open>)] for JPA transaction
2026-03-16 16:59:25 [http-nio-8080-exec-1] DEBUG o.s.orm.jpa.JpaTransactionManager - Participating in existing transaction
2026-03-16 16:59:25 [http-nio-8080-exec-1] DEBUG org.hibernate.SQL - select ua1_0.scrty_dtrmn_trget_id,ua1_0.author_code,ua1_0.frst_register_id,ua1_0.frst_regist_pnttm,ua1_0.last_updusr_id,ua1_0.last_updt_pnttm,ua1_0.mber_ty_code from nemplyrscrtyestbs ua1_0 where ua1_0.scrty_dtrmn_trget_id=?
2026-03-16 16:59:25 [http-nio-8080-exec-1] DEBUG o.s.orm.jpa.JpaTransactionManager - Initiating transaction commit
2026-03-16 16:59:25 [http-nio-8080-exec-1] DEBUG o.s.orm.jpa.JpaTransactionManager - Committing JPA transaction on EntityManager [SessionImpl(1573980423<open>)]
2026-03-16 16:59:25 [http-nio-8080-exec-1] DEBUG o.s.orm.jpa.JpaTransactionManager - Closing JPA EntityManager [SessionImpl(1573980423<open>)] after transaction
2026-03-16 16:59:25 [http-nio-8080-exec-1] DEBUG c.c.p.s.jwt.JwtAuthenticationFilter - >>> [JwtFilter] Successfully authenticated user: USRCNFRM_99999999999, Authorities: [ROLE_ADMIN]
2026-03-16 16:59:25 [http-nio-8080-exec-1] DEBUG o.s.web.servlet.DispatcherServlet - GET "/api/v1/boards/BBSMSTR_AAAAAAAAAAAA?page=0&size=10&searchWrd=&searchCnd=0", parameters={masked}
2026-03-16 16:59:25 [http-nio-8080-exec-1] TRACE o.s.w.s.m.m.a.RequestMappingHandlerMapping - Mapped to com.company.project.api.controller.board.BoardController#getPosts(String, Pageable)
2026-03-16 16:59:25 [http-nio-8080-exec-1] DEBUG o.s.orm.jpa.JpaTransactionManager - Creating new transaction with name [com.company.project.service.board.BoardService.getBoardPosts]: PROPAGATION_REQUIRED,ISOLATION_DEFAULT,readOnly
2026-03-16 16:59:25 [http-nio-8080-exec-1] DEBUG o.s.orm.jpa.JpaTransactionManager - Opened new EntityManager [SessionImpl(1743174569<open>)] for JPA transaction
2026-03-16 16:59:25 [http-nio-8080-exec-1] DEBUG o.s.orm.jpa.JpaTransactionManager - Exposing JPA transaction as JDBC [org.springframework.orm.jpa.vendor.HibernateJpaDialect$HibernateConnectionHandle@667d03b0]
2026-03-16 16:59:25 [http-nio-8080-exec-1] DEBUG o.s.orm.jpa.JpaTransactionManager - Found thread-bound EntityManager [SessionImpl(1743174569<open>)] for JPA transaction
2026-03-16 16:59:25 [http-nio-8080-exec-1] DEBUG o.s.orm.jpa.JpaTransactionManager - Participating in existing transaction
2026-03-16 16:59:25 [http-nio-8080-exec-1] DEBUG org.hibernate.SQL - select bm1_0.bbs_id,bm1_0.atch_posbl_file_number,bm1_0.atch_posbl_file_size,bm1_0.bbs_attrb_code,bm1_0.bbs_intrcn,bm1_0.bbs_nm,bm1_0.bbs_ty_code,bm1_0.blog_at,bm1_0.blog_id,bm1_0.cmmnty_id,bm1_0.frst_register_id,bm1_0.frst_regist_pnttm,bm1_0.file_atch_posbl_at,bm1_0.last_updusr_id,bm1_0.last_updt_pnttm,bm1_0.reply_posbl_at,bm1_0.tmplat_id,bm1_0.use_at,bm1_1.answer_at,bm1_1.stsfdg_at from nbbsmaster bm1_0 left join nbbsmasteroptn bm1_1 on bm1_0.bbs_id=bm1_1.bbs_id where bm1_0.bbs_id=?
2026-03-16 16:59:25 [http-nio-8080-exec-1] DEBUG org.hibernate.SQL - select b1_0.ntt_id,b1_0.bbs_id,b1_0.ntt_sj,b1_0.ntcr_nm,b1_0.frst_regist_pnttm,b1_0.rdcnt,b1_0.answer_at,b1_0.parntsctt_no,b1_0.answer_lc,b1_0.sort_ordr,b1_0.ntt_no,b1_0.notice_at,b1_0.secret_at,b1_0.comment_co from nbbs b1_0 left join nemplyrinfo u1_0 on b1_0.frst_register_id=u1_0.esntl_id where (b1_0.use_at = 'Y') and b1_0.bbs_id=? order by b1_0.sort_ordr desc,b1_0.ntt_no offset ? rows fetch first ? rows only
2026-03-16 16:59:25 [http-nio-8080-exec-1] DEBUG org.hibernate.SQL - select count(b1_0.ntt_id) from nbbs b1_0 left join nemplyrinfo u1_0 on b1_0.frst_register_id=u1_0.esntl_id where (b1_0.use_at = 'Y') and b1_0.bbs_id=?
2026-03-16 16:59:25 [http-nio-8080-exec-1] DEBUG o.s.orm.jpa.JpaTransactionManager - Initiating transaction commit
2026-03-16 16:59:25 [http-nio-8080-exec-1] DEBUG o.s.orm.jpa.JpaTransactionManager - Committing JPA transaction on EntityManager [SessionImpl(1743174569<open>)]
2026-03-16 16:59:26 [http-nio-8080-exec-1] DEBUG o.s.orm.jpa.JpaTransactionManager - Closing JPA EntityManager [SessionImpl(1743174569<open>)] after transaction
2026-03-16 16:59:26 [http-nio-8080-exec-1] DEBUG o.s.w.s.m.m.a.HttpEntityMethodProcessor - Using 'application/json', given [application/json, text/plain, */*] and supported [application/json, application/*+json, application/yaml]
2026-03-16 16:59:26 [http-nio-8080-exec-1] TRACE o.s.w.s.m.m.a.HttpEntityMethodProcessor - Writing [ApiResponse[success=true, status=200, code=COMMON_001, message=Success, data=Page 1 of 1 containing com.company.project.service.board.dto.BoardDto instances, timestamp=2026-03-16T16:59:26.148983100]]
2026-03-16 16:59:26 [http-nio-8080-exec-1] INFO  c.c.p.a.i.OperationalAuditInterceptor - API Audit Log: URL=/api/v1/boards/BBSMSTR_AAAAAAAAAAAA, User=webmaster, IP=127.0.0.1
2026-03-16 16:59:26 [http-nio-8080-exec-1] DEBUG o.s.web.servlet.DispatcherServlet - Completed 200 OK
2026-03-16 16:59:26 [http-nio-8080-exec-5] DEBUG c.c.p.s.jwt.JwtAuthenticationFilter - >>> [JwtFilter] Processing request: GET /api/v1/boards/BBSMSTR_AAAAAAAAAAAA
2026-03-16 16:59:26 [http-nio-8080-exec-5] DEBUG c.c.p.s.jwt.JwtAuthenticationFilter - >>> [JwtFilter] Found token in header for path: /api/v1/boards/BBSMSTR_AAAAAAAAAAAA
2026-03-16 16:59:26 [http-nio-8080-exec-5] DEBUG o.s.orm.jpa.JpaTransactionManager - Creating new transaction with name [com.company.project.security.iam.CustomUserDetailsService.loadUserByUsername]: PROPAGATION_REQUIRED,ISOLATION_DEFAULT,readOnly
2026-03-16 16:59:26 [http-nio-8080-exec-5] DEBUG o.s.orm.jpa.JpaTransactionManager - Opened new EntityManager [SessionImpl(1469745342<open>)] for JPA transaction
2026-03-16 16:59:26 [http-nio-8080-exec-5] DEBUG o.s.orm.jpa.JpaTransactionManager - Exposing JPA transaction as JDBC [org.springframework.orm.jpa.vendor.HibernateJpaDialect$HibernateConnectionHandle@ab7e984]
2026-03-16 16:59:26 [http-nio-8080-exec-5] DEBUG o.s.orm.jpa.JpaTransactionManager - Found thread-bound EntityManager [SessionImpl(1469745342<open>)] for JPA transaction
2026-03-16 16:59:26 [http-nio-8080-exec-5] DEBUG o.s.orm.jpa.JpaTransactionManager - Participating in existing transaction
2026-03-16 16:59:26 [http-nio-8080-exec-5] DEBUG org.hibernate.SQL - select u1_0.emplyr_id,u1_0.area_no,u1_0.brthdy,u1_0.chg_pwd_cnt,u1_0.frst_register_id,u1_0.frst_regist_pnttm,u1_0.detail_adres,u1_0.email_adres,u1_0.emplyr_sttus_code,u1_0.empl_no,u1_0.esntl_id,u1_0.fxnum,u1_0.group_id,u1_0.house_adres,u1_0.house_end_telno,u1_0.house_middle_telno,u1_0.ihidnum,u1_0.pstinst_code,u1_0.last_updusr_id,u1_0.last_updt_pnttm,u1_0.lock_at,u1_0.lock_cnt,u1_0.lock_last_pnttm,u1_0.mbtlnum,u1_0.ofcps_nm,u1_0.offm_telno,u1_0.orgnzt_id,u1_0.password,u1_0.password_cnsr,u1_0.password_hint,u1_0.chg_pwd_last_pnttm,u1_0.role,u1_0.sbscrb_de,u1_0.sexdstn_code,u1_0.crtfc_dn_value,u1_0.user_nm,u1_0.zip from nemplyrinfo u1_0 where u1_0.emplyr_id=?
2026-03-16 16:59:26 [http-nio-8080-exec-5] DEBUG o.s.orm.jpa.JpaTransactionManager - Found thread-bound EntityManager [SessionImpl(1469745342<open>)] for JPA transaction
2026-03-16 16:59:26 [http-nio-8080-exec-5] DEBUG o.s.orm.jpa.JpaTransactionManager - Participating in existing transaction
2026-03-16 16:59:26 [http-nio-8080-exec-5] DEBUG org.hibernate.SQL - select ua1_0.scrty_dtrmn_trget_id,ua1_0.author_code,ua1_0.frst_register_id,ua1_0.frst_regist_pnttm,ua1_0.last_updusr_id,ua1_0.last_updt_pnttm,ua1_0.mber_ty_code from nemplyrscrtyestbs ua1_0 where ua1_0.scrty_dtrmn_trget_id=?
2026-03-16 16:59:26 [http-nio-8080-exec-5] DEBUG o.s.orm.jpa.JpaTransactionManager - Initiating transaction commit
2026-03-16 16:59:26 [http-nio-8080-exec-5] DEBUG o.s.orm.jpa.JpaTransactionManager - Committing JPA transaction on EntityManager [SessionImpl(1469745342<open>)]
2026-03-16 16:59:26 [http-nio-8080-exec-5] DEBUG o.s.orm.jpa.JpaTransactionManager - Closing JPA EntityManager [SessionImpl(1469745342<open>)] after transaction
2026-03-16 16:59:26 [http-nio-8080-exec-5] DEBUG c.c.p.s.jwt.JwtAuthenticationFilter - >>> [JwtFilter] Successfully authenticated user: USRCNFRM_99999999999, Authorities: [ROLE_ADMIN]
2026-03-16 16:59:26 [http-nio-8080-exec-5] DEBUG o.s.web.servlet.DispatcherServlet - GET "/api/v1/boards/BBSMSTR_AAAAAAAAAAAA?page=0&size=10&searchWrd=&searchCnd=0", parameters={masked}
2026-03-16 16:59:26 [http-nio-8080-exec-5] TRACE o.s.w.s.m.m.a.RequestMappingHandlerMapping - Mapped to com.company.project.api.controller.board.BoardController#getPosts(String, Pageable)
2026-03-16 16:59:26 [http-nio-8080-exec-5] DEBUG o.s.orm.jpa.JpaTransactionManager - Creating new transaction with name [com.company.project.service.board.BoardService.getBoardPosts]: PROPAGATION_REQUIRED,ISOLATION_DEFAULT,readOnly
2026-03-16 16:59:26 [http-nio-8080-exec-5] DEBUG o.s.orm.jpa.JpaTransactionManager - Opened new EntityManager [SessionImpl(2069434749<open>)] for JPA transaction
2026-03-16 16:59:26 [http-nio-8080-exec-5] DEBUG o.s.orm.jpa.JpaTransactionManager - Exposing JPA transaction as JDBC [org.springframework.orm.jpa.vendor.HibernateJpaDialect$HibernateConnectionHandle@500f7a73]
2026-03-16 16:59:26 [http-nio-8080-exec-5] DEBUG o.s.orm.jpa.JpaTransactionManager - Found thread-bound EntityManager [SessionImpl(2069434749<open>)] for JPA transaction
2026-03-16 16:59:26 [http-nio-8080-exec-5] DEBUG o.s.orm.jpa.JpaTransactionManager - Participating in existing transaction
2026-03-16 16:59:26 [http-nio-8080-exec-5] DEBUG org.hibernate.SQL - select bm1_0.bbs_id,bm1_0.atch_posbl_file_number,bm1_0.atch_posbl_file_size,bm1_0.bbs_attrb_code,bm1_0.bbs_intrcn,bm1_0.bbs_nm,bm1_0.bbs_ty_code,bm1_0.blog_at,bm1_0.blog_id,bm1_0.cmmnty_id,bm1_0.frst_register_id,bm1_0.frst_regist_pnttm,bm1_0.file_atch_posbl_at,bm1_0.last_updusr_id,bm1_0.last_updt_pnttm,bm1_0.reply_posbl_at,bm1_0.tmplat_id,bm1_0.use_at,bm1_1.answer_at,bm1_1.stsfdg_at from nbbsmaster bm1_0 left join nbbsmasteroptn bm1_1 on bm1_0.bbs_id=bm1_1.bbs_id where bm1_0.bbs_id=?
2026-03-16 16:59:26 [http-nio-8080-exec-5] DEBUG org.hibernate.SQL - select b1_0.ntt_id,b1_0.bbs_id,b1_0.ntt_sj,b1_0.ntcr_nm,b1_0.frst_regist_pnttm,b1_0.rdcnt,b1_0.answer_at,b1_0.parntsctt_no,b1_0.answer_lc,b1_0.sort_ordr,b1_0.ntt_no,b1_0.notice_at,b1_0.secret_at,b1_0.comment_co from nbbs b1_0 left join nemplyrinfo u1_0 on b1_0.frst_register_id=u1_0.esntl_id where (b1_0.use_at = 'Y') and b1_0.bbs_id=? order by b1_0.sort_ordr desc,b1_0.ntt_no offset ? rows fetch first ? rows only
2026-03-16 16:59:27 [http-nio-8080-exec-5] DEBUG org.hibernate.SQL - select count(b1_0.ntt_id) from nbbs b1_0 left join nemplyrinfo u1_0 on b1_0.frst_register_id=u1_0.esntl_id where (b1_0.use_at = 'Y') and b1_0.bbs_id=?
2026-03-16 16:59:27 [http-nio-8080-exec-5] DEBUG o.s.orm.jpa.JpaTransactionManager - Initiating transaction commit
2026-03-16 16:59:27 [http-nio-8080-exec-5] DEBUG o.s.orm.jpa.JpaTransactionManager - Committing JPA transaction on EntityManager [SessionImpl(2069434749<open>)]
2026-03-16 16:59:27 [http-nio-8080-exec-5] DEBUG o.s.orm.jpa.JpaTransactionManager - Closing JPA EntityManager [SessionImpl(2069434749<open>)] after transaction
2026-03-16 16:59:27 [http-nio-8080-exec-5] DEBUG o.s.w.s.m.m.a.HttpEntityMethodProcessor - Using 'application/json', given [application/json, text/plain, */*] and supported [application/json, application/*+json, application/yaml]
2026-03-16 16:59:27 [http-nio-8080-exec-5] TRACE o.s.w.s.m.m.a.HttpEntityMethodProcessor - Writing [ApiResponse[success=true, status=200, code=COMMON_001, message=Success, data=Page 1 of 1 containing com.company.project.service.board.dto.BoardDto instances, timestamp=2026-03-16T16:59:27.426078500]]
2026-03-16 16:59:27 [http-nio-8080-exec-5] INFO  c.c.p.a.i.OperationalAuditInterceptor - API Audit Log: URL=/api/v1/boards/BBSMSTR_AAAAAAAAAAAA, User=webmaster, IP=127.0.0.1
2026-03-16 16:59:27 [http-nio-8080-exec-5] DEBUG o.s.web.servlet.DispatcherServlet - Completed 200 OK
2026-03-16 16:59:27 [http-nio-8080-exec-4] DEBUG c.c.p.s.jwt.JwtAuthenticationFilter - >>> [JwtFilter] Processing request: GET /api/v1/boards/BBSMSTR_AAAAAAAAAAAA
2026-03-16 16:59:27 [http-nio-8080-exec-4] DEBUG c.c.p.s.jwt.JwtAuthenticationFilter - >>> [JwtFilter] Found token in header for path: /api/v1/boards/BBSMSTR_AAAAAAAAAAAA
2026-03-16 16:59:27 [http-nio-8080-exec-4] DEBUG o.s.orm.jpa.JpaTransactionManager - Creating new transaction with name [com.company.project.security.iam.CustomUserDetailsService.loadUserByUsername]: PROPAGATION_REQUIRED,ISOLATION_DEFAULT,readOnly
2026-03-16 16:59:27 [http-nio-8080-exec-4] DEBUG o.s.orm.jpa.JpaTransactionManager - Opened new EntityManager [SessionImpl(950939418<open>)] for JPA transaction
2026-03-16 16:59:27 [http-nio-8080-exec-4] DEBUG o.s.orm.jpa.JpaTransactionManager - Exposing JPA transaction as JDBC [org.springframework.orm.jpa.vendor.HibernateJpaDialect$HibernateConnectionHandle@53062584]
2026-03-16 16:59:27 [http-nio-8080-exec-4] DEBUG o.s.orm.jpa.JpaTransactionManager - Found thread-bound EntityManager [SessionImpl(950939418<open>)] for JPA transaction
2026-03-16 16:59:27 [http-nio-8080-exec-4] DEBUG o.s.orm.jpa.JpaTransactionManager - Participating in existing transaction
2026-03-16 16:59:27 [http-nio-8080-exec-4] DEBUG org.hibernate.SQL - select u1_0.emplyr_id,u1_0.area_no,u1_0.brthdy,u1_0.chg_pwd_cnt,u1_0.frst_register_id,u1_0.frst_regist_pnttm,u1_0.detail_adres,u1_0.email_adres,u1_0.emplyr_sttus_code,u1_0.empl_no,u1_0.esntl_id,u1_0.fxnum,u1_0.group_id,u1_0.house_adres,u1_0.house_end_telno,u1_0.house_middle_telno,u1_0.ihidnum,u1_0.pstinst_code,u1_0.last_updusr_id,u1_0.last_updt_pnttm,u1_0.lock_at,u1_0.lock_cnt,u1_0.lock_last_pnttm,u1_0.mbtlnum,u1_0.ofcps_nm,u1_0.offm_telno,u1_0.orgnzt_id,u1_0.password,u1_0.password_cnsr,u1_0.password_hint,u1_0.chg_pwd_last_pnttm,u1_0.role,u1_0.sbscrb_de,u1_0.sexdstn_code,u1_0.crtfc_dn_value,u1_0.user_nm,u1_0.zip from nemplyrinfo u1_0 where u1_0.emplyr_id=?
2026-03-16 16:59:27 [http-nio-8080-exec-4] DEBUG o.s.orm.jpa.JpaTransactionManager - Found thread-bound EntityManager [SessionImpl(950939418<open>)] for JPA transaction
2026-03-16 16:59:27 [http-nio-8080-exec-4] DEBUG o.s.orm.jpa.JpaTransactionManager - Participating in existing transaction
2026-03-16 16:59:27 [http-nio-8080-exec-4] DEBUG org.hibernate.SQL - select ua1_0.scrty_dtrmn_trget_id,ua1_0.author_code,ua1_0.frst_register_id,ua1_0.frst_regist_pnttm,ua1_0.last_updusr_id,ua1_0.last_updt_pnttm,ua1_0.mber_ty_code from nemplyrscrtyestbs ua1_0 where ua1_0.scrty_dtrmn_trget_id=?
2026-03-16 16:59:27 [http-nio-8080-exec-4] DEBUG o.s.orm.jpa.JpaTransactionManager - Initiating transaction commit
2026-03-16 16:59:27 [http-nio-8080-exec-4] DEBUG o.s.orm.jpa.JpaTransactionManager - Committing JPA transaction on EntityManager [SessionImpl(950939418<open>)]
2026-03-16 16:59:28 [http-nio-8080-exec-4] DEBUG o.s.orm.jpa.JpaTransactionManager - Closing JPA EntityManager [SessionImpl(950939418<open>)] after transaction
2026-03-16 16:59:28 [http-nio-8080-exec-4] DEBUG c.c.p.s.jwt.JwtAuthenticationFilter - >>> [JwtFilter] Successfully authenticated user: USRCNFRM_99999999999, Authorities: [ROLE_ADMIN]
2026-03-16 16:59:28 [http-nio-8080-exec-4] DEBUG o.s.web.servlet.DispatcherServlet - GET "/api/v1/boards/BBSMSTR_AAAAAAAAAAAA?page=0&size=10&searchWrd=&searchCnd=0", parameters={masked}
2026-03-16 16:59:28 [http-nio-8080-exec-4] TRACE o.s.w.s.m.m.a.RequestMappingHandlerMapping - Mapped to com.company.project.api.controller.board.BoardController#getPosts(String, Pageable)
2026-03-16 16:59:28 [http-nio-8080-exec-4] DEBUG o.s.orm.jpa.JpaTransactionManager - Creating new transaction with name [com.company.project.service.board.BoardService.getBoardPosts]: PROPAGATION_REQUIRED,ISOLATION_DEFAULT,readOnly
2026-03-16 16:59:28 [http-nio-8080-exec-4] DEBUG o.s.orm.jpa.JpaTransactionManager - Opened new EntityManager [SessionImpl(1741872426<open>)] for JPA transaction
2026-03-16 16:59:28 [http-nio-8080-exec-4] DEBUG o.s.orm.jpa.JpaTransactionManager - Exposing JPA transaction as JDBC [org.springframework.orm.jpa.vendor.HibernateJpaDialect$HibernateConnectionHandle@add7358]
2026-03-16 16:59:28 [http-nio-8080-exec-4] DEBUG o.s.orm.jpa.JpaTransactionManager - Found thread-bound EntityManager [SessionImpl(1741872426<open>)] for JPA transaction
2026-03-16 16:59:28 [http-nio-8080-exec-4] DEBUG o.s.orm.jpa.JpaTransactionManager - Participating in existing transaction
2026-03-16 16:59:28 [http-nio-8080-exec-4] DEBUG org.hibernate.SQL - select bm1_0.bbs_id,bm1_0.atch_posbl_file_number,bm1_0.atch_posbl_file_size,bm1_0.bbs_attrb_code,bm1_0.bbs_intrcn,bm1_0.bbs_nm,bm1_0.bbs_ty_code,bm1_0.blog_at,bm1_0.blog_id,bm1_0.cmmnty_id,bm1_0.frst_register_id,bm1_0.frst_regist_pnttm,bm1_0.file_atch_posbl_at,bm1_0.last_updusr_id,bm1_0.last_updt_pnttm,bm1_0.reply_posbl_at,bm1_0.tmplat_id,bm1_0.use_at,bm1_1.answer_at,bm1_1.stsfdg_at from nbbsmaster bm1_0 left join nbbsmasteroptn bm1_1 on bm1_0.bbs_id=bm1_1.bbs_id where bm1_0.bbs_id=?
2026-03-16 16:59:28 [http-nio-8080-exec-4] DEBUG org.hibernate.SQL - select b1_0.ntt_id,b1_0.bbs_id,b1_0.ntt_sj,b1_0.ntcr_nm,b1_0.frst_regist_pnttm,b1_0.rdcnt,b1_0.answer_at,b1_0.parntsctt_no,b1_0.answer_lc,b1_0.sort_ordr,b1_0.ntt_no,b1_0.notice_at,b1_0.secret_at,b1_0.comment_co from nbbs b1_0 left join nemplyrinfo u1_0 on b1_0.frst_register_id=u1_0.esntl_id where (b1_0.use_at = 'Y') and b1_0.bbs_id=? order by b1_0.sort_ordr desc,b1_0.ntt_no offset ? rows fetch first ? rows only
2026-03-16 16:59:28 [http-nio-8080-exec-4] DEBUG org.hibernate.SQL - select count(b1_0.ntt_id) from nbbs b1_0 left join nemplyrinfo u1_0 on b1_0.frst_register_id=u1_0.esntl_id where (b1_0.use_at = 'Y') and b1_0.bbs_id=?
2026-03-16 16:59:28 [http-nio-8080-exec-4] DEBUG o.s.orm.jpa.JpaTransactionManager - Initiating transaction commit
2026-03-16 16:59:28 [http-nio-8080-exec-4] DEBUG o.s.orm.jpa.JpaTransactionManager - Committing JPA transaction on EntityManager [SessionImpl(1741872426<open>)]
2026-03-16 16:59:28 [http-nio-8080-exec-4] DEBUG o.s.orm.jpa.JpaTransactionManager - Closing JPA EntityManager [SessionImpl(1741872426<open>)] after transaction
2026-03-16 16:59:28 [http-nio-8080-exec-4] DEBUG o.s.w.s.m.m.a.HttpEntityMethodProcessor - Using 'application/json', given [application/json, text/plain, */*] and supported [application/json, application/*+json, application/yaml]
2026-03-16 16:59:28 [http-nio-8080-exec-4] TRACE o.s.w.s.m.m.a.HttpEntityMethodProcessor - Writing [ApiResponse[success=true, status=200, code=COMMON_001, message=Success, data=Page 1 of 1 containing com.company.project.service.board.dto.BoardDto instances, timestamp=2026-03-16T16:59:28.640751400]]
2026-03-16 16:59:28 [http-nio-8080-exec-4] INFO  c.c.p.a.i.OperationalAuditInterceptor - API Audit Log: URL=/api/v1/boards/BBSMSTR_AAAAAAAAAAAA, User=webmaster, IP=127.0.0.1
2026-03-16 16:59:28 [http-nio-8080-exec-4] DEBUG o.s.web.servlet.DispatcherServlet - Completed 200 OK
2026-03-16 16:59:28 [http-nio-8080-exec-3] DEBUG c.c.p.s.jwt.JwtAuthenticationFilter - >>> [JwtFilter] Processing request: GET /api/v1/boards/BBSMSTR_AAAAAAAAAAAA
2026-03-16 16:59:28 [http-nio-8080-exec-3] DEBUG c.c.p.s.jwt.JwtAuthenticationFilter - >>> [JwtFilter] Found token in header for path: /api/v1/boards/BBSMSTR_AAAAAAAAAAAA
2026-03-16 16:59:28 [http-nio-8080-exec-3] DEBUG o.s.orm.jpa.JpaTransactionManager - Creating new transaction with name [com.company.project.security.iam.CustomUserDetailsService.loadUserByUsername]: PROPAGATION_REQUIRED,ISOLATION_DEFAULT,readOnly
2026-03-16 16:59:28 [http-nio-8080-exec-3] DEBUG o.s.orm.jpa.JpaTransactionManager - Opened new EntityManager [SessionImpl(1894085947<open>)] for JPA transaction
2026-03-16 16:59:28 [http-nio-8080-exec-3] DEBUG o.s.orm.jpa.JpaTransactionManager - Exposing JPA transaction as JDBC [org.springframework.orm.jpa.vendor.HibernateJpaDialect$HibernateConnectionHandle@7fbb0f46]
2026-03-16 16:59:28 [http-nio-8080-exec-3] DEBUG o.s.orm.jpa.JpaTransactionManager - Found thread-bound EntityManager [SessionImpl(1894085947<open>)] for JPA transaction
2026-03-16 16:59:28 [http-nio-8080-exec-3] DEBUG o.s.orm.jpa.JpaTransactionManager - Participating in existing transaction
2026-03-16 16:59:28 [http-nio-8080-exec-3] DEBUG org.hibernate.SQL - select u1_0.emplyr_id,u1_0.area_no,u1_0.brthdy,u1_0.chg_pwd_cnt,u1_0.frst_register_id,u1_0.frst_regist_pnttm,u1_0.detail_adres,u1_0.email_adres,u1_0.emplyr_sttus_code,u1_0.empl_no,u1_0.esntl_id,u1_0.fxnum,u1_0.group_id,u1_0.house_adres,u1_0.house_end_telno,u1_0.house_middle_telno,u1_0.ihidnum,u1_0.pstinst_code,u1_0.last_updusr_id,u1_0.last_updt_pnttm,u1_0.lock_at,u1_0.lock_cnt,u1_0.lock_last_pnttm,u1_0.mbtlnum,u1_0.ofcps_nm,u1_0.offm_telno,u1_0.orgnzt_id,u1_0.password,u1_0.password_cnsr,u1_0.password_hint,u1_0.chg_pwd_last_pnttm,u1_0.role,u1_0.sbscrb_de,u1_0.sexdstn_code,u1_0.crtfc_dn_value,u1_0.user_nm,u1_0.zip from nemplyrinfo u1_0 where u1_0.emplyr_id=?
2026-03-16 16:59:28 [http-nio-8080-exec-3] DEBUG o.s.orm.jpa.JpaTransactionManager - Found thread-bound EntityManager [SessionImpl(1894085947<open>)] for JPA transaction
2026-03-16 16:59:28 [http-nio-8080-exec-3] DEBUG o.s.orm.jpa.JpaTransactionManager - Participating in existing transaction
2026-03-16 16:59:28 [http-nio-8080-exec-3] DEBUG org.hibernate.SQL - select ua1_0.scrty_dtrmn_trget_id,ua1_0.author_code,ua1_0.frst_register_id,ua1_0.frst_regist_pnttm,ua1_0.last_updusr_id,ua1_0.last_updt_pnttm,ua1_0.mber_ty_code from nemplyrscrtyestbs ua1_0 where ua1_0.scrty_dtrmn_trget_id=?
2026-03-16 16:59:29 [http-nio-8080-exec-3] DEBUG o.s.orm.jpa.JpaTransactionManager - Initiating transaction commit
2026-03-16 16:59:29 [http-nio-8080-exec-3] DEBUG o.s.orm.jpa.JpaTransactionManager - Committing JPA transaction on EntityManager [SessionImpl(1894085947<open>)]
2026-03-16 16:59:29 [http-nio-8080-exec-3] DEBUG o.s.orm.jpa.JpaTransactionManager - Closing JPA EntityManager [SessionImpl(1894085947<open>)] after transaction
2026-03-16 16:59:29 [http-nio-8080-exec-3] DEBUG c.c.p.s.jwt.JwtAuthenticationFilter - >>> [JwtFilter] Successfully authenticated user: USRCNFRM_99999999999, Authorities: [ROLE_ADMIN]
2026-03-16 16:59:29 [http-nio-8080-exec-3] DEBUG o.s.web.servlet.DispatcherServlet - GET "/api/v1/boards/BBSMSTR_AAAAAAAAAAAA?page=0&size=10&searchWrd=&searchCnd=0", parameters={masked}
2026-03-16 16:59:29 [http-nio-8080-exec-3] TRACE o.s.w.s.m.m.a.RequestMappingHandlerMapping - Mapped to com.company.project.api.controller.board.BoardController#getPosts(String, Pageable)
2026-03-16 16:59:29 [http-nio-8080-exec-3] DEBUG o.s.orm.jpa.JpaTransactionManager - Creating new transaction with name [com.company.project.service.board.BoardService.getBoardPosts]: PROPAGATION_REQUIRED,ISOLATION_DEFAULT,readOnly
2026-03-16 16:59:29 [http-nio-8080-exec-3] DEBUG o.s.orm.jpa.JpaTransactionManager - Opened new EntityManager [SessionImpl(877272018<open>)] for JPA transaction
2026-03-16 16:59:29 [http-nio-8080-exec-3] DEBUG o.s.orm.jpa.JpaTransactionManager - Exposing JPA transaction as JDBC [org.springframework.orm.jpa.vendor.HibernateJpaDialect$HibernateConnectionHandle@6c4f4d]
2026-03-16 16:59:29 [http-nio-8080-exec-3] DEBUG o.s.orm.jpa.JpaTransactionManager - Found thread-bound EntityManager [SessionImpl(877272018<open>)] for JPA transaction
2026-03-16 16:59:29 [http-nio-8080-exec-3] DEBUG o.s.orm.jpa.JpaTransactionManager - Participating in existing transaction
2026-03-16 16:59:29 [http-nio-8080-exec-3] DEBUG org.hibernate.SQL - select bm1_0.bbs_id,bm1_0.atch_posbl_file_number,bm1_0.atch_posbl_file_size,bm1_0.bbs_attrb_code,bm1_0.bbs_intrcn,bm1_0.bbs_nm,bm1_0.bbs_ty_code,bm1_0.blog_at,bm1_0.blog_id,bm1_0.cmmnty_id,bm1_0.frst_register_id,bm1_0.frst_regist_pnttm,bm1_0.file_atch_posbl_at,bm1_0.last_updusr_id,bm1_0.last_updt_pnttm,bm1_0.reply_posbl_at,bm1_0.tmplat_id,bm1_0.use_at,bm1_1.answer_at,bm1_1.stsfdg_at from nbbsmaster bm1_0 left join nbbsmasteroptn bm1_1 on bm1_0.bbs_id=bm1_1.bbs_id where bm1_0.bbs_id=?
2026-03-16 16:59:29 [http-nio-8080-exec-3] DEBUG org.hibernate.SQL - select b1_0.ntt_id,b1_0.bbs_id,b1_0.ntt_sj,b1_0.ntcr_nm,b1_0.frst_regist_pnttm,b1_0.rdcnt,b1_0.answer_at,b1_0.parntsctt_no,b1_0.answer_lc,b1_0.sort_ordr,b1_0.ntt_no,b1_0.notice_at,b1_0.secret_at,b1_0.comment_co from nbbs b1_0 left join nemplyrinfo u1_0 on b1_0.frst_register_id=u1_0.esntl_id where (b1_0.use_at = 'Y') and b1_0.bbs_id=? order by b1_0.sort_ordr desc,b1_0.ntt_no offset ? rows fetch first ? rows only
2026-03-16 16:59:29 [http-nio-8080-exec-3] DEBUG org.hibernate.SQL - select count(b1_0.ntt_id) from nbbs b1_0 left join nemplyrinfo u1_0 on b1_0.frst_register_id=u1_0.esntl_id where (b1_0.use_at = 'Y') and b1_0.bbs_id=?
2026-03-16 16:59:29 [http-nio-8080-exec-3] DEBUG o.s.orm.jpa.JpaTransactionManager - Initiating transaction commit
2026-03-16 16:59:29 [http-nio-8080-exec-3] DEBUG o.s.orm.jpa.JpaTransactionManager - Committing JPA transaction on EntityManager [SessionImpl(877272018<open>)]
2026-03-16 16:59:29 [http-nio-8080-exec-3] DEBUG o.s.orm.jpa.JpaTransactionManager - Closing JPA EntityManager [SessionImpl(877272018<open>)] after transaction
2026-03-16 16:59:29 [http-nio-8080-exec-3] DEBUG o.s.w.s.m.m.a.HttpEntityMethodProcessor - Using 'application/json', given [application/json, text/plain, */*] and supported [application/json, application/*+json, application/yaml]
2026-03-16 16:59:29 [http-nio-8080-exec-3] TRACE o.s.w.s.m.m.a.HttpEntityMethodProcessor - Writing [ApiResponse[success=true, status=200, code=COMMON_001, message=Success, data=Page 1 of 1 containing com.company.project.service.board.dto.BoardDto instances, timestamp=2026-03-16T16:59:29.909899700]]
2026-03-16 16:59:29 [http-nio-8080-exec-3] INFO  c.c.p.a.i.OperationalAuditInterceptor - API Audit Log: URL=/api/v1/boards/BBSMSTR_AAAAAAAAAAAA, User=webmaster, IP=127.0.0.1
2026-03-16 16:59:29 [http-nio-8080-exec-3] DEBUG o.s.web.servlet.DispatcherServlet - Completed 200 OK
2026-03-16 16:59:29 [http-nio-8080-exec-2] DEBUG c.c.p.s.jwt.JwtAuthenticationFilter - >>> [JwtFilter] Processing request: GET /api/v1/boards/BBSMSTR_AAAAAAAAAAAA
2026-03-16 16:59:29 [http-nio-8080-exec-2] DEBUG c.c.p.s.jwt.JwtAuthenticationFilter - >>> [JwtFilter] Found token in header for path: /api/v1/boards/BBSMSTR_AAAAAAAAAAAA
2026-03-16 16:59:29 [http-nio-8080-exec-2] DEBUG o.s.orm.jpa.JpaTransactionManager - Creating new transaction with name [com.company.project.security.iam.CustomUserDetailsService.loadUserByUsername]: PROPAGATION_REQUIRED,ISOLATION_DEFAULT,readOnly
2026-03-16 16:59:29 [http-nio-8080-exec-2] DEBUG o.s.orm.jpa.JpaTransactionManager - Opened new EntityManager [SessionImpl(254838188<open>)] for JPA transaction
2026-03-16 16:59:30 [http-nio-8080-exec-2] DEBUG o.s.orm.jpa.JpaTransactionManager - Exposing JPA transaction as JDBC [org.springframework.orm.jpa.vendor.HibernateJpaDialect$HibernateConnectionHandle@20b5849d]
2026-03-16 16:59:30 [http-nio-8080-exec-2] DEBUG o.s.orm.jpa.JpaTransactionManager - Found thread-bound EntityManager [SessionImpl(254838188<open>)] for JPA transaction
2026-03-16 16:59:30 [http-nio-8080-exec-2] DEBUG o.s.orm.jpa.JpaTransactionManager - Participating in existing transaction
2026-03-16 16:59:30 [http-nio-8080-exec-2] DEBUG org.hibernate.SQL - select u1_0.emplyr_id,u1_0.area_no,u1_0.brthdy,u1_0.chg_pwd_cnt,u1_0.frst_register_id,u1_0.frst_regist_pnttm,u1_0.detail_adres,u1_0.email_adres,u1_0.emplyr_sttus_code,u1_0.empl_no,u1_0.esntl_id,u1_0.fxnum,u1_0.group_id,u1_0.house_adres,u1_0.house_end_telno,u1_0.house_middle_telno,u1_0.ihidnum,u1_0.pstinst_code,u1_0.last_updusr_id,u1_0.last_updt_pnttm,u1_0.lock_at,u1_0.lock_cnt,u1_0.lock_last_pnttm,u1_0.mbtlnum,u1_0.ofcps_nm,u1_0.offm_telno,u1_0.orgnzt_id,u1_0.password,u1_0.password_cnsr,u1_0.password_hint,u1_0.chg_pwd_last_pnttm,u1_0.role,u1_0.sbscrb_de,u1_0.sexdstn_code,u1_0.crtfc_dn_value,u1_0.user_nm,u1_0.zip from nemplyrinfo u1_0 where u1_0.emplyr_id=?
2026-03-16 16:59:30 [http-nio-8080-exec-2] DEBUG o.s.orm.jpa.JpaTransactionManager - Found thread-bound EntityManager [SessionImpl(254838188<open>)] for JPA transaction
2026-03-16 16:59:30 [http-nio-8080-exec-2] DEBUG o.s.orm.jpa.JpaTransactionManager - Participating in existing transaction
2026-03-16 16:59:30 [http-nio-8080-exec-2] DEBUG org.hibernate.SQL - select ua1_0.scrty_dtrmn_trget_id,ua1_0.author_code,ua1_0.frst_register_id,ua1_0.frst_regist_pnttm,ua1_0.last_updusr_id,ua1_0.last_updt_pnttm,ua1_0.mber_ty_code from nemplyrscrtyestbs ua1_0 where ua1_0.scrty_dtrmn_trget_id=?
2026-03-16 16:59:30 [http-nio-8080-exec-2] DEBUG o.s.orm.jpa.JpaTransactionManager - Initiating transaction commit
2026-03-16 16:59:30 [http-nio-8080-exec-2] DEBUG o.s.orm.jpa.JpaTransactionManager - Committing JPA transaction on EntityManager [SessionImpl(254838188<open>)]
2026-03-16 16:59:30 [http-nio-8080-exec-2] DEBUG o.s.orm.jpa.JpaTransactionManager - Closing JPA EntityManager [SessionImpl(254838188<open>)] after transaction
2026-03-16 16:59:30 [http-nio-8080-exec-2] DEBUG c.c.p.s.jwt.JwtAuthenticationFilter - >>> [JwtFilter] Successfully authenticated user: USRCNFRM_99999999999, Authorities: [ROLE_ADMIN]
2026-03-16 16:59:30 [http-nio-8080-exec-2] DEBUG o.s.web.servlet.DispatcherServlet - GET "/api/v1/boards/BBSMSTR_AAAAAAAAAAAA?page=0&size=10&searchWrd=&searchCnd=0", parameters={masked}
2026-03-16 16:59:30 [http-nio-8080-exec-2] TRACE o.s.w.s.m.m.a.RequestMappingHandlerMapping - Mapped to com.company.project.api.controller.board.BoardController#getPosts(String, Pageable)
2026-03-16 16:59:30 [http-nio-8080-exec-2] DEBUG o.s.orm.jpa.JpaTransactionManager - Creating new transaction with name [com.company.project.service.board.BoardService.getBoardPosts]: PROPAGATION_REQUIRED,ISOLATION_DEFAULT,readOnly
2026-03-16 16:59:30 [http-nio-8080-exec-2] DEBUG o.s.orm.jpa.JpaTransactionManager - Opened new EntityManager [SessionImpl(1508476797<open>)] for JPA transaction
2026-03-16 16:59:30 [http-nio-8080-exec-2] DEBUG o.s.orm.jpa.JpaTransactionManager - Exposing JPA transaction as JDBC [org.springframework.orm.jpa.vendor.HibernateJpaDialect$HibernateConnectionHandle@758bb9b6]
2026-03-16 16:59:30 [http-nio-8080-exec-2] DEBUG o.s.orm.jpa.JpaTransactionManager - Found thread-bound EntityManager [SessionImpl(1508476797<open>)] for JPA transaction
2026-03-16 16:59:30 [http-nio-8080-exec-2] DEBUG o.s.orm.jpa.JpaTransactionManager - Participating in existing transaction
2026-03-16 16:59:30 [http-nio-8080-exec-2] DEBUG org.hibernate.SQL - select bm1_0.bbs_id,bm1_0.atch_posbl_file_number,bm1_0.atch_posbl_file_size,bm1_0.bbs_attrb_code,bm1_0.bbs_intrcn,bm1_0.bbs_nm,bm1_0.bbs_ty_code,bm1_0.blog_at,bm1_0.blog_id,bm1_0.cmmnty_id,bm1_0.frst_register_id,bm1_0.frst_regist_pnttm,bm1_0.file_atch_posbl_at,bm1_0.last_updusr_id,bm1_0.last_updt_pnttm,bm1_0.reply_posbl_at,bm1_0.tmplat_id,bm1_0.use_at,bm1_1.answer_at,bm1_1.stsfdg_at from nbbsmaster bm1_0 left join nbbsmasteroptn bm1_1 on bm1_0.bbs_id=bm1_1.bbs_id where bm1_0.bbs_id=?
2026-03-16 16:59:30 [http-nio-8080-exec-2] DEBUG org.hibernate.SQL - select b1_0.ntt_id,b1_0.bbs_id,b1_0.ntt_sj,b1_0.ntcr_nm,b1_0.frst_regist_pnttm,b1_0.rdcnt,b1_0.answer_at,b1_0.parntsctt_no,b1_0.answer_lc,b1_0.sort_ordr,b1_0.ntt_no,b1_0.notice_at,b1_0.secret_at,b1_0.comment_co from nbbs b1_0 left join nemplyrinfo u1_0 on b1_0.frst_register_id=u1_0.esntl_id where (b1_0.use_at = 'Y') and b1_0.bbs_id=? order by b1_0.sort_ordr desc,b1_0.ntt_no offset ? rows fetch first ? rows only
2026-03-16 16:59:30 [http-nio-8080-exec-2] DEBUG org.hibernate.SQL - select count(b1_0.ntt_id) from nbbs b1_0 left join nemplyrinfo u1_0 on b1_0.frst_register_id=u1_0.esntl_id where (b1_0.use_at = 'Y') and b1_0.bbs_id=?
2026-03-16 16:59:31 [http-nio-8080-exec-2] DEBUG o.s.orm.jpa.JpaTransactionManager - Initiating transaction commit
2026-03-16 16:59:31 [http-nio-8080-exec-2] DEBUG o.s.orm.jpa.JpaTransactionManager - Committing JPA transaction on EntityManager [SessionImpl(1508476797<open>)]
2026-03-16 16:59:31 [http-nio-8080-exec-2] DEBUG o.s.orm.jpa.JpaTransactionManager - Closing JPA EntityManager [SessionImpl(1508476797<open>)] after transaction
2026-03-16 16:59:31 [http-nio-8080-exec-2] DEBUG o.s.w.s.m.m.a.HttpEntityMethodProcessor - Using 'application/json', given [application/json, text/plain, */*] and supported [application/json, application/*+json, application/yaml]
2026-03-16 16:59:31 [http-nio-8080-exec-2] TRACE o.s.w.s.m.m.a.HttpEntityMethodProcessor - Writing [ApiResponse[success=true, status=200, code=COMMON_001, message=Success, data=Page 1 of 1 containing com.company.project.service.board.dto.BoardDto instances, timestamp=2026-03-16T16:59:31.462526500]]
2026-03-16 16:59:31 [http-nio-8080-exec-2] INFO  c.c.p.a.i.OperationalAuditInterceptor - API Audit Log: URL=/api/v1/boards/BBSMSTR_AAAAAAAAAAAA, User=webmaster, IP=127.0.0.1
2026-03-16 16:59:31 [http-nio-8080-exec-2] DEBUG o.s.web.servlet.DispatcherServlet - Completed 200 OK
2026-03-16 16:59:31 [http-nio-8080-exec-10] DEBUG c.c.p.s.jwt.JwtAuthenticationFilter - >>> [JwtFilter] Processing request: GET /api/v1/boards/BBSMSTR_AAAAAAAAAAAA
2026-03-16 16:59:31 [http-nio-8080-exec-10] DEBUG c.c.p.s.jwt.JwtAuthenticationFilter - >>> [JwtFilter] Found token in header for path: /api/v1/boards/BBSMSTR_AAAAAAAAAAAA
2026-03-16 16:59:31 [http-nio-8080-exec-10] DEBUG o.s.orm.jpa.JpaTransactionManager - Creating new transaction with name [com.company.project.security.iam.CustomUserDetailsService.loadUserByUsername]: PROPAGATION_REQUIRED,ISOLATION_DEFAULT,readOnly
2026-03-16 16:59:31 [http-nio-8080-exec-10] DEBUG o.s.orm.jpa.JpaTransactionManager - Opened new EntityManager [SessionImpl(323988459<open>)] for JPA transaction
2026-03-16 16:59:31 [http-nio-8080-exec-10] DEBUG o.s.orm.jpa.JpaTransactionManager - Exposing JPA transaction as JDBC [org.springframework.orm.jpa.vendor.HibernateJpaDialect$HibernateConnectionHandle@581ae67d]
2026-03-16 16:59:31 [http-nio-8080-exec-10] DEBUG o.s.orm.jpa.JpaTransactionManager - Found thread-bound EntityManager [SessionImpl(323988459<open>)] for JPA transaction
2026-03-16 16:59:31 [http-nio-8080-exec-10] DEBUG o.s.orm.jpa.JpaTransactionManager - Participating in existing transaction
2026-03-16 16:59:31 [http-nio-8080-exec-10] DEBUG org.hibernate.SQL - select u1_0.emplyr_id,u1_0.area_no,u1_0.brthdy,u1_0.chg_pwd_cnt,u1_0.frst_register_id,u1_0.frst_regist_pnttm,u1_0.detail_adres,u1_0.email_adres,u1_0.emplyr_sttus_code,u1_0.empl_no,u1_0.esntl_id,u1_0.fxnum,u1_0.group_id,u1_0.house_adres,u1_0.house_end_telno,u1_0.house_middle_telno,u1_0.ihidnum,u1_0.pstinst_code,u1_0.last_updusr_id,u1_0.last_updt_pnttm,u1_0.lock_at,u1_0.lock_cnt,u1_0.lock_last_pnttm,u1_0.mbtlnum,u1_0.ofcps_nm,u1_0.offm_telno,u1_0.orgnzt_id,u1_0.password,u1_0.password_cnsr,u1_0.password_hint,u1_0.chg_pwd_last_pnttm,u1_0.role,u1_0.sbscrb_de,u1_0.sexdstn_code,u1_0.crtfc_dn_value,u1_0.user_nm,u1_0.zip from nemplyrinfo u1_0 where u1_0.emplyr_id=?
2026-03-16 16:59:31 [http-nio-8080-exec-10] DEBUG o.s.orm.jpa.JpaTransactionManager - Found thread-bound EntityManager [SessionImpl(323988459<open>)] for JPA transaction
2026-03-16 16:59:31 [http-nio-8080-exec-10] DEBUG o.s.orm.jpa.JpaTransactionManager - Participating in existing transaction
2026-03-16 16:59:31 [http-nio-8080-exec-10] DEBUG org.hibernate.SQL - select ua1_0.scrty_dtrmn_trget_id,ua1_0.author_code,ua1_0.frst_register_id,ua1_0.frst_regist_pnttm,ua1_0.last_updusr_id,ua1_0.last_updt_pnttm,ua1_0.mber_ty_code from nemplyrscrtyestbs ua1_0 where ua1_0.scrty_dtrmn_trget_id=?
2026-03-16 16:59:31 [http-nio-8080-exec-10] DEBUG o.s.orm.jpa.JpaTransactionManager - Initiating transaction commit
2026-03-16 16:59:31 [http-nio-8080-exec-10] DEBUG o.s.orm.jpa.JpaTransactionManager - Committing JPA transaction on EntityManager [SessionImpl(323988459<open>)]
2026-03-16 16:59:32 [http-nio-8080-exec-10] DEBUG o.s.orm.jpa.JpaTransactionManager - Closing JPA EntityManager [SessionImpl(323988459<open>)] after transaction
2026-03-16 16:59:32 [http-nio-8080-exec-10] DEBUG c.c.p.s.jwt.JwtAuthenticationFilter - >>> [JwtFilter] Successfully authenticated user: USRCNFRM_99999999999, Authorities: [ROLE_ADMIN]
2026-03-16 16:59:32 [http-nio-8080-exec-10] DEBUG o.s.web.servlet.DispatcherServlet - GET "/api/v1/boards/BBSMSTR_AAAAAAAAAAAA?page=0&size=10&searchWrd=&searchCnd=0", parameters={masked}
2026-03-16 16:59:32 [http-nio-8080-exec-10] TRACE o.s.w.s.m.m.a.RequestMappingHandlerMapping - Mapped to com.company.project.api.controller.board.BoardController#getPosts(String, Pageable)
2026-03-16 16:59:32 [http-nio-8080-exec-10] DEBUG o.s.orm.jpa.JpaTransactionManager - Creating new transaction with name [com.company.project.service.board.BoardService.getBoardPosts]: PROPAGATION_REQUIRED,ISOLATION_DEFAULT,readOnly
2026-03-16 16:59:32 [http-nio-8080-exec-10] DEBUG o.s.orm.jpa.JpaTransactionManager - Opened new EntityManager [SessionImpl(436296075<open>)] for JPA transaction
2026-03-16 16:59:32 [http-nio-8080-exec-10] DEBUG o.s.orm.jpa.JpaTransactionManager - Exposing JPA transaction as JDBC [org.springframework.orm.jpa.vendor.HibernateJpaDialect$HibernateConnectionHandle@56ce025c]
2026-03-16 16:59:32 [http-nio-8080-exec-10] DEBUG o.s.orm.jpa.JpaTransactionManager - Found thread-bound EntityManager [SessionImpl(436296075<open>)] for JPA transaction
2026-03-16 16:59:32 [http-nio-8080-exec-10] DEBUG o.s.orm.jpa.JpaTransactionManager - Participating in existing transaction
2026-03-16 16:59:32 [http-nio-8080-exec-10] DEBUG org.hibernate.SQL - select bm1_0.bbs_id,bm1_0.atch_posbl_file_number,bm1_0.atch_posbl_file_size,bm1_0.bbs_attrb_code,bm1_0.bbs_intrcn,bm1_0.bbs_nm,bm1_0.bbs_ty_code,bm1_0.blog_at,bm1_0.blog_id,bm1_0.cmmnty_id,bm1_0.frst_register_id,bm1_0.frst_regist_pnttm,bm1_0.file_atch_posbl_at,bm1_0.last_updusr_id,bm1_0.last_updt_pnttm,bm1_0.reply_posbl_at,bm1_0.tmplat_id,bm1_0.use_at,bm1_1.answer_at,bm1_1.stsfdg_at from nbbsmaster bm1_0 left join nbbsmasteroptn bm1_1 on bm1_0.bbs_id=bm1_1.bbs_id where bm1_0.bbs_id=?
2026-03-16 16:59:32 [http-nio-8080-exec-10] DEBUG org.hibernate.SQL - select b1_0.ntt_id,b1_0.bbs_id,b1_0.ntt_sj,b1_0.ntcr_nm,b1_0.frst_regist_pnttm,b1_0.rdcnt,b1_0.answer_at,b1_0.parntsctt_no,b1_0.answer_lc,b1_0.sort_ordr,b1_0.ntt_no,b1_0.notice_at,b1_0.secret_at,b1_0.comment_co from nbbs b1_0 left join nemplyrinfo u1_0 on b1_0.frst_register_id=u1_0.esntl_id where (b1_0.use_at = 'Y') and b1_0.bbs_id=? order by b1_0.sort_ordr desc,b1_0.ntt_no offset ? rows fetch first ? rows only
2026-03-16 16:59:32 [http-nio-8080-exec-10] DEBUG org.hibernate.SQL - select count(b1_0.ntt_id) from nbbs b1_0 left join nemplyrinfo u1_0 on b1_0.frst_register_id=u1_0.esntl_id where (b1_0.use_at = 'Y') and b1_0.bbs_id=?
2026-03-16 16:59:32 [http-nio-8080-exec-10] DEBUG o.s.orm.jpa.JpaTransactionManager - Initiating transaction commit
2026-03-16 16:59:32 [http-nio-8080-exec-10] DEBUG o.s.orm.jpa.JpaTransactionManager - Committing JPA transaction on EntityManager [SessionImpl(436296075<open>)]
2026-03-16 16:59:32 [http-nio-8080-exec-10] DEBUG o.s.orm.jpa.JpaTransactionManager - Closing JPA EntityManager [SessionImpl(436296075<open>)] after transaction
2026-03-16 16:59:32 [http-nio-8080-exec-10] DEBUG o.s.w.s.m.m.a.HttpEntityMethodProcessor - Using 'application/json', given [application/json, text/plain, */*] and supported [application/json, application/*+json, application/yaml]
2026-03-16 16:59:32 [http-nio-8080-exec-10] TRACE o.s.w.s.m.m.a.HttpEntityMethodProcessor - Writing [ApiResponse[success=true, status=200, code=COMMON_001, message=Success, data=Page 1 of 1 containing com.company.project.service.board.dto.BoardDto instances, timestamp=2026-03-16T16:59:32.738026700]]
2026-03-16 16:59:32 [http-nio-8080-exec-10] INFO  c.c.p.a.i.OperationalAuditInterceptor - API Audit Log: URL=/api/v1/boards/BBSMSTR_AAAAAAAAAAAA, User=webmaster, IP=127.0.0.1
2026-03-16 16:59:32 [http-nio-8080-exec-10] DEBUG o.s.web.servlet.DispatcherServlet - Completed 200 OK
2026-03-16 16:59:32 [http-nio-8080-exec-8] DEBUG c.c.p.s.jwt.JwtAuthenticationFilter - >>> [JwtFilter] Processing request: GET /api/v1/boards/BBSMSTR_AAAAAAAAAAAA
2026-03-16 16:59:32 [http-nio-8080-exec-8] DEBUG c.c.p.s.jwt.JwtAuthenticationFilter - >>> [JwtFilter] Found token in header for path: /api/v1/boards/BBSMSTR_AAAAAAAAAAAA
2026-03-16 16:59:32 [http-nio-8080-exec-8] DEBUG o.s.orm.jpa.JpaTransactionManager - Creating new transaction with name [com.company.project.security.iam.CustomUserDetailsService.loadUserByUsername]: PROPAGATION_REQUIRED,ISOLATION_DEFAULT,readOnly
2026-03-16 16:59:32 [http-nio-8080-exec-8] DEBUG o.s.orm.jpa.JpaTransactionManager - Opened new EntityManager [SessionImpl(887866230<open>)] for JPA transaction
2026-03-16 16:59:32 [http-nio-8080-exec-8] DEBUG o.s.orm.jpa.JpaTransactionManager - Exposing JPA transaction as JDBC [org.springframework.orm.jpa.vendor.HibernateJpaDialect$HibernateConnectionHandle@4f6f6e83]
2026-03-16 16:59:32 [http-nio-8080-exec-8] DEBUG o.s.orm.jpa.JpaTransactionManager - Found thread-bound EntityManager [SessionImpl(887866230<open>)] for JPA transaction
2026-03-16 16:59:32 [http-nio-8080-exec-8] DEBUG o.s.orm.jpa.JpaTransactionManager - Participating in existing transaction
2026-03-16 16:59:32 [http-nio-8080-exec-8] DEBUG org.hibernate.SQL - select u1_0.emplyr_id,u1_0.area_no,u1_0.brthdy,u1_0.chg_pwd_cnt,u1_0.frst_register_id,u1_0.frst_regist_pnttm,u1_0.detail_adres,u1_0.email_adres,u1_0.emplyr_sttus_code,u1_0.empl_no,u1_0.esntl_id,u1_0.fxnum,u1_0.group_id,u1_0.house_adres,u1_0.house_end_telno,u1_0.house_middle_telno,u1_0.ihidnum,u1_0.pstinst_code,u1_0.last_updusr_id,u1_0.last_updt_pnttm,u1_0.lock_at,u1_0.lock_cnt,u1_0.lock_last_pnttm,u1_0.mbtlnum,u1_0.ofcps_nm,u1_0.offm_telno,u1_0.orgnzt_id,u1_0.password,u1_0.password_cnsr,u1_0.password_hint,u1_0.chg_pwd_last_pnttm,u1_0.role,u1_0.sbscrb_de,u1_0.sexdstn_code,u1_0.crtfc_dn_value,u1_0.user_nm,u1_0.zip from nemplyrinfo u1_0 where u1_0.emplyr_id=?
2026-03-16 16:59:33 [http-nio-8080-exec-8] DEBUG o.s.orm.jpa.JpaTransactionManager - Found thread-bound EntityManager [SessionImpl(887866230<open>)] for JPA transaction
2026-03-16 16:59:33 [http-nio-8080-exec-8] DEBUG o.s.orm.jpa.JpaTransactionManager - Participating in existing transaction
2026-03-16 16:59:33 [http-nio-8080-exec-8] DEBUG org.hibernate.SQL - select ua1_0.scrty_dtrmn_trget_id,ua1_0.author_code,ua1_0.frst_register_id,ua1_0.frst_regist_pnttm,ua1_0.last_updusr_id,ua1_0.last_updt_pnttm,ua1_0.mber_ty_code from nemplyrscrtyestbs ua1_0 where ua1_0.scrty_dtrmn_trget_id=?
2026-03-16 16:59:33 [http-nio-8080-exec-8] DEBUG o.s.orm.jpa.JpaTransactionManager - Initiating transaction commit
2026-03-16 16:59:33 [http-nio-8080-exec-8] DEBUG o.s.orm.jpa.JpaTransactionManager - Committing JPA transaction on EntityManager [SessionImpl(887866230<open>)]
2026-03-16 16:59:33 [http-nio-8080-exec-8] DEBUG o.s.orm.jpa.JpaTransactionManager - Closing JPA EntityManager [SessionImpl(887866230<open>)] after transaction
2026-03-16 16:59:33 [http-nio-8080-exec-8] DEBUG c.c.p.s.jwt.JwtAuthenticationFilter - >>> [JwtFilter] Successfully authenticated user: USRCNFRM_99999999999, Authorities: [ROLE_ADMIN]
2026-03-16 16:59:33 [http-nio-8080-exec-8] DEBUG o.s.web.servlet.DispatcherServlet - GET "/api/v1/boards/BBSMSTR_AAAAAAAAAAAA?page=0&size=10&searchWrd=&searchCnd=0", parameters={masked}
2026-03-16 16:59:33 [http-nio-8080-exec-8] TRACE o.s.w.s.m.m.a.RequestMappingHandlerMapping - Mapped to com.company.project.api.controller.board.BoardController#getPosts(String, Pageable)
2026-03-16 16:59:33 [http-nio-8080-exec-8] DEBUG o.s.orm.jpa.JpaTransactionManager - Creating new transaction with name [com.company.project.service.board.BoardService.getBoardPosts]: PROPAGATION_REQUIRED,ISOLATION_DEFAULT,readOnly
2026-03-16 16:59:33 [http-nio-8080-exec-8] DEBUG o.s.orm.jpa.JpaTransactionManager - Opened new EntityManager [SessionImpl(1156710970<open>)] for JPA transaction
2026-03-16 16:59:33 [http-nio-8080-exec-8] DEBUG o.s.orm.jpa.JpaTransactionManager - Exposing JPA transaction as JDBC [org.springframework.orm.jpa.vendor.HibernateJpaDialect$HibernateConnectionHandle@144a0bca]
2026-03-16 16:59:33 [http-nio-8080-exec-8] DEBUG o.s.orm.jpa.JpaTransactionManager - Found thread-bound EntityManager [SessionImpl(1156710970<open>)] for JPA transaction
2026-03-16 16:59:33 [http-nio-8080-exec-8] DEBUG o.s.orm.jpa.JpaTransactionManager - Participating in existing transaction
2026-03-16 16:59:33 [http-nio-8080-exec-8] DEBUG org.hibernate.SQL - select bm1_0.bbs_id,bm1_0.atch_posbl_file_number,bm1_0.atch_posbl_file_size,bm1_0.bbs_attrb_code,bm1_0.bbs_intrcn,bm1_0.bbs_nm,bm1_0.bbs_ty_code,bm1_0.blog_at,bm1_0.blog_id,bm1_0.cmmnty_id,bm1_0.frst_register_id,bm1_0.frst_regist_pnttm,bm1_0.file_atch_posbl_at,bm1_0.last_updusr_id,bm1_0.last_updt_pnttm,bm1_0.reply_posbl_at,bm1_0.tmplat_id,bm1_0.use_at,bm1_1.answer_at,bm1_1.stsfdg_at from nbbsmaster bm1_0 left join nbbsmasteroptn bm1_1 on bm1_0.bbs_id=bm1_1.bbs_id where bm1_0.bbs_id=?
2026-03-16 16:59:33 [http-nio-8080-exec-6] DEBUG o.s.w.s.h.LoggingWebSocketHandlerDecorator - WebSocketServerSockJsSession[id=kvspen5y] closed with CloseStatus[code=1001, reason=null]
2026-03-16 16:59:33 [http-nio-8080-exec-6] DEBUG o.s.w.s.m.SubProtocolWebSocketHandler - Clearing session kvspen5y
2026-03-16 16:59:33 [scheduling-1] DEBUG org.springframework.web.SimpLogging - Processing DISCONNECT session=kvspen5y
2026-03-16 16:59:33 [scheduling-1] DEBUG o.s.w.s.m.SubProtocolWebSocketHandler - No session for GenericMessage [payload=byte[0], headers={simpMessageType=DISCONNECT_ACK, simpDisconnectMessage=GenericMessage [payload=byte[0], headers={simpMessageType=DISCONNECT, stompCommand=DISCONNECT, simpSessionAttributes={org.springframework.messaging.simp.SimpAttributes.COMPLETED=true}, simpSessionId=kvspen5y}], simpSessionId=kvspen5y}]
2026-03-16 16:59:33 [http-nio-8080-exec-8] DEBUG org.hibernate.SQL - select b1_0.ntt_id,b1_0.bbs_id,b1_0.ntt_sj,b1_0.ntcr_nm,b1_0.frst_regist_pnttm,b1_0.rdcnt,b1_0.answer_at,b1_0.parntsctt_no,b1_0.answer_lc,b1_0.sort_ordr,b1_0.ntt_no,b1_0.notice_at,b1_0.secret_at,b1_0.comment_co from nbbs b1_0 left join nemplyrinfo u1_0 on b1_0.frst_register_id=u1_0.esntl_id where (b1_0.use_at = 'Y') and b1_0.bbs_id=? order by b1_0.sort_ordr desc,b1_0.ntt_no offset ? rows fetch first ? rows only
2026-03-16 16:59:33 [http-nio-8080-exec-8] DEBUG org.hibernate.SQL - select count(b1_0.ntt_id) from nbbs b1_0 left join nemplyrinfo u1_0 on b1_0.frst_register_id=u1_0.esntl_id where (b1_0.use_at = 'Y') and b1_0.bbs_id=?
2026-03-16 16:59:33 [http-nio-8080-exec-8] DEBUG o.s.orm.jpa.JpaTransactionManager - Initiating transaction commit
2026-03-16 16:59:33 [http-nio-8080-exec-8] DEBUG o.s.orm.jpa.JpaTransactionManager - Committing JPA transaction on EntityManager [SessionImpl(1156710970<open>)]
2026-03-16 16:59:34 [http-nio-8080-exec-8] DEBUG o.s.orm.jpa.JpaTransactionManager - Closing JPA EntityManager [SessionImpl(1156710970<open>)] after transaction
2026-03-16 16:59:34 [http-nio-8080-exec-8] DEBUG o.s.w.s.m.m.a.HttpEntityMethodProcessor - Using 'application/json', given [application/json, text/plain, */*] and supported [application/json, application/*+json, application/yaml]
2026-03-16 16:59:34 [http-nio-8080-exec-8] TRACE o.s.w.s.m.m.a.HttpEntityMethodProcessor - Writing [ApiResponse[success=true, status=200, code=COMMON_001, message=Success, data=Page 1 of 1 containing com.company.project.service.board.dto.BoardDto instances, timestamp=2026-03-16T16:59:34.010360600]]
2026-03-16 16:59:34 [http-nio-8080-exec-8] INFO  c.c.p.a.i.OperationalAuditInterceptor - API Audit Log: URL=/api/v1/boards/BBSMSTR_AAAAAAAAAAAA, User=webmaster, IP=127.0.0.1
2026-03-16 16:59:34 [http-nio-8080-exec-8] DEBUG o.s.web.servlet.DispatcherServlet - Completed 200 OK
2026-03-16 16:59:35 [http-nio-8080-exec-1] DEBUG c.c.p.s.jwt.JwtAuthenticationFilter - >>> [JwtFilter] Processing request: GET /api/v1/dashboard
2026-03-16 16:59:35 [http-nio-8080-exec-1] DEBUG c.c.p.s.jwt.JwtAuthenticationFilter - >>> [JwtFilter] Found token in header for path: /api/v1/dashboard
2026-03-16 16:59:35 [http-nio-8080-exec-7] DEBUG c.c.p.s.jwt.JwtAuthenticationFilter - >>> [JwtFilter] Processing request: GET /api/v1/menu/head
2026-03-16 16:59:35 [http-nio-8080-exec-7] DEBUG c.c.p.s.jwt.JwtAuthenticationFilter - >>> [JwtFilter] Found token in header for path: /api/v1/menu/head
2026-03-16 16:59:35 [http-nio-8080-exec-1] DEBUG o.s.orm.jpa.JpaTransactionManager - Creating new transaction with name [com.company.project.security.iam.CustomUserDetailsService.loadUserByUsername]: PROPAGATION_REQUIRED,ISOLATION_DEFAULT,readOnly
2026-03-16 16:59:35 [http-nio-8080-exec-1] DEBUG o.s.orm.jpa.JpaTransactionManager - Opened new EntityManager [SessionImpl(349003150<open>)] for JPA transaction
2026-03-16 16:59:35 [http-nio-8080-exec-7] DEBUG o.s.orm.jpa.JpaTransactionManager - Creating new transaction with name [com.company.project.security.iam.CustomUserDetailsService.loadUserByUsername]: PROPAGATION_REQUIRED,ISOLATION_DEFAULT,readOnly
2026-03-16 16:59:35 [http-nio-8080-exec-7] DEBUG o.s.orm.jpa.JpaTransactionManager - Opened new EntityManager [SessionImpl(746926976<open>)] for JPA transaction
2026-03-16 16:59:35 [http-nio-8080-exec-1] DEBUG o.s.orm.jpa.JpaTransactionManager - Exposing JPA transaction as JDBC [org.springframework.orm.jpa.vendor.HibernateJpaDialect$HibernateConnectionHandle@625fd48]
2026-03-16 16:59:35 [http-nio-8080-exec-1] DEBUG o.s.orm.jpa.JpaTransactionManager - Found thread-bound EntityManager [SessionImpl(349003150<open>)] for JPA transaction
2026-03-16 16:59:35 [http-nio-8080-exec-1] DEBUG o.s.orm.jpa.JpaTransactionManager - Participating in existing transaction
2026-03-16 16:59:35 [http-nio-8080-exec-1] DEBUG org.hibernate.SQL - select u1_0.emplyr_id,u1_0.area_no,u1_0.brthdy,u1_0.chg_pwd_cnt,u1_0.frst_register_id,u1_0.frst_regist_pnttm,u1_0.detail_adres,u1_0.email_adres,u1_0.emplyr_sttus_code,u1_0.empl_no,u1_0.esntl_id,u1_0.fxnum,u1_0.group_id,u1_0.house_adres,u1_0.house_end_telno,u1_0.house_middle_telno,u1_0.ihidnum,u1_0.pstinst_code,u1_0.last_updusr_id,u1_0.last_updt_pnttm,u1_0.lock_at,u1_0.lock_cnt,u1_0.lock_last_pnttm,u1_0.mbtlnum,u1_0.ofcps_nm,u1_0.offm_telno,u1_0.orgnzt_id,u1_0.password,u1_0.password_cnsr,u1_0.password_hint,u1_0.chg_pwd_last_pnttm,u1_0.role,u1_0.sbscrb_de,u1_0.sexdstn_code,u1_0.crtfc_dn_value,u1_0.user_nm,u1_0.zip from nemplyrinfo u1_0 where u1_0.emplyr_id=?
2026-03-16 16:59:35 [http-nio-8080-exec-7] DEBUG o.s.orm.jpa.JpaTransactionManager - Exposing JPA transaction as JDBC [org.springframework.orm.jpa.vendor.HibernateJpaDialect$HibernateConnectionHandle@58a8bad8]
2026-03-16 16:59:35 [http-nio-8080-exec-7] DEBUG o.s.orm.jpa.JpaTransactionManager - Found thread-bound EntityManager [SessionImpl(746926976<open>)] for JPA transaction
2026-03-16 16:59:35 [http-nio-8080-exec-7] DEBUG o.s.orm.jpa.JpaTransactionManager - Participating in existing transaction
2026-03-16 16:59:35 [http-nio-8080-exec-7] DEBUG org.hibernate.SQL - select u1_0.emplyr_id,u1_0.area_no,u1_0.brthdy,u1_0.chg_pwd_cnt,u1_0.frst_register_id,u1_0.frst_regist_pnttm,u1_0.detail_adres,u1_0.email_adres,u1_0.emplyr_sttus_code,u1_0.empl_no,u1_0.esntl_id,u1_0.fxnum,u1_0.group_id,u1_0.house_adres,u1_0.house_end_telno,u1_0.house_middle_telno,u1_0.ihidnum,u1_0.pstinst_code,u1_0.last_updusr_id,u1_0.last_updt_pnttm,u1_0.lock_at,u1_0.lock_cnt,u1_0.lock_last_pnttm,u1_0.mbtlnum,u1_0.ofcps_nm,u1_0.offm_telno,u1_0.orgnzt_id,u1_0.password,u1_0.password_cnsr,u1_0.password_hint,u1_0.chg_pwd_last_pnttm,u1_0.role,u1_0.sbscrb_de,u1_0.sexdstn_code,u1_0.crtfc_dn_value,u1_0.user_nm,u1_0.zip from nemplyrinfo u1_0 where u1_0.emplyr_id=?
2026-03-16 16:59:35 [http-nio-8080-exec-1] DEBUG o.s.orm.jpa.JpaTransactionManager - Found thread-bound EntityManager [SessionImpl(349003150<open>)] for JPA transaction
2026-03-16 16:59:35 [http-nio-8080-exec-1] DEBUG o.s.orm.jpa.JpaTransactionManager - Participating in existing transaction
2026-03-16 16:59:35 [http-nio-8080-exec-1] DEBUG org.hibernate.SQL - select ua1_0.scrty_dtrmn_trget_id,ua1_0.author_code,ua1_0.frst_register_id,ua1_0.frst_regist_pnttm,ua1_0.last_updusr_id,ua1_0.last_updt_pnttm,ua1_0.mber_ty_code from nemplyrscrtyestbs ua1_0 where ua1_0.scrty_dtrmn_trget_id=?
2026-03-16 16:59:35 [http-nio-8080-exec-7] DEBUG o.s.orm.jpa.JpaTransactionManager - Found thread-bound EntityManager [SessionImpl(746926976<open>)] for JPA transaction
2026-03-16 16:59:35 [http-nio-8080-exec-7] DEBUG o.s.orm.jpa.JpaTransactionManager - Participating in existing transaction
2026-03-16 16:59:35 [http-nio-8080-exec-7] DEBUG org.hibernate.SQL - select ua1_0.scrty_dtrmn_trget_id,ua1_0.author_code,ua1_0.frst_register_id,ua1_0.frst_regist_pnttm,ua1_0.last_updusr_id,ua1_0.last_updt_pnttm,ua1_0.mber_ty_code from nemplyrscrtyestbs ua1_0 where ua1_0.scrty_dtrmn_trget_id=?
2026-03-16 16:59:35 [http-nio-8080-exec-1] DEBUG o.s.orm.jpa.JpaTransactionManager - Initiating transaction commit
2026-03-16 16:59:35 [http-nio-8080-exec-1] DEBUG o.s.orm.jpa.JpaTransactionManager - Committing JPA transaction on EntityManager [SessionImpl(349003150<open>)]
2026-03-16 16:59:35 [http-nio-8080-exec-7] DEBUG o.s.orm.jpa.JpaTransactionManager - Initiating transaction commit
2026-03-16 16:59:35 [http-nio-8080-exec-7] DEBUG o.s.orm.jpa.JpaTransactionManager - Committing JPA transaction on EntityManager [SessionImpl(746926976<open>)]
2026-03-16 16:59:35 [http-nio-8080-exec-1] DEBUG o.s.orm.jpa.JpaTransactionManager - Closing JPA EntityManager [SessionImpl(349003150<open>)] after transaction
2026-03-16 16:59:35 [http-nio-8080-exec-1] DEBUG c.c.p.s.jwt.JwtAuthenticationFilter - >>> [JwtFilter] Successfully authenticated user: USRCNFRM_99999999999, Authorities: [ROLE_ADMIN]
2026-03-16 16:59:35 [http-nio-8080-exec-1] DEBUG o.s.web.servlet.DispatcherServlet - GET "/api/v1/dashboard", parameters={}
2026-03-16 16:59:35 [http-nio-8080-exec-1] TRACE o.s.w.s.m.m.a.RequestMappingHandlerMapping - Mapped to com.company.project.api.controller.main.DashboardController#getDashboardData(UserDetails)
2026-03-16 16:59:35 [http-nio-8080-exec-1] INFO  c.c.p.a.c.main.DashboardController - >>> [Dashboard] Fetching data for user: USRCNFRM_99999999999
2026-03-16 16:59:35 [http-nio-8080-exec-1] DEBUG o.s.orm.jpa.JpaTransactionManager - Creating new transaction with name [com.company.project.service.board.BoardService.getBoardPosts]: PROPAGATION_REQUIRED,ISOLATION_DEFAULT,readOnly
2026-03-16 16:59:35 [http-nio-8080-exec-1] DEBUG o.s.orm.jpa.JpaTransactionManager - Opened new EntityManager [SessionImpl(1769428753<open>)] for JPA transaction
2026-03-16 16:59:35 [http-nio-8080-exec-1] DEBUG o.s.orm.jpa.JpaTransactionManager - Exposing JPA transaction as JDBC [org.springframework.orm.jpa.vendor.HibernateJpaDialect$HibernateConnectionHandle@22126f97]
2026-03-16 16:59:35 [http-nio-8080-exec-1] DEBUG o.s.orm.jpa.JpaTransactionManager - Found thread-bound EntityManager [SessionImpl(1769428753<open>)] for JPA transaction
2026-03-16 16:59:35 [http-nio-8080-exec-1] DEBUG o.s.orm.jpa.JpaTransactionManager - Participating in existing transaction
2026-03-16 16:59:35 [http-nio-8080-exec-1] DEBUG org.hibernate.SQL - select bm1_0.bbs_id,bm1_0.atch_posbl_file_number,bm1_0.atch_posbl_file_size,bm1_0.bbs_attrb_code,bm1_0.bbs_intrcn,bm1_0.bbs_nm,bm1_0.bbs_ty_code,bm1_0.blog_at,bm1_0.blog_id,bm1_0.cmmnty_id,bm1_0.frst_register_id,bm1_0.frst_regist_pnttm,bm1_0.file_atch_posbl_at,bm1_0.last_updusr_id,bm1_0.last_updt_pnttm,bm1_0.reply_posbl_at,bm1_0.tmplat_id,bm1_0.use_at,bm1_1.answer_at,bm1_1.stsfdg_at from nbbsmaster bm1_0 left join nbbsmasteroptn bm1_1 on bm1_0.bbs_id=bm1_1.bbs_id where bm1_0.bbs_id=?
2026-03-16 16:59:35 [http-nio-8080-exec-7] DEBUG o.s.orm.jpa.JpaTransactionManager - Closing JPA EntityManager [SessionImpl(746926976<open>)] after transaction
2026-03-16 16:59:35 [http-nio-8080-exec-7] DEBUG c.c.p.s.jwt.JwtAuthenticationFilter - >>> [JwtFilter] Successfully authenticated user: USRCNFRM_99999999999, Authorities: [ROLE_ADMIN]
2026-03-16 16:59:35 [http-nio-8080-exec-7] DEBUG o.s.web.servlet.DispatcherServlet - GET "/api/v1/menu/head", parameters={}
2026-03-16 16:59:35 [http-nio-8080-exec-7] TRACE o.s.w.s.m.m.a.RequestMappingHandlerMapping - Mapped to com.company.project.api.controller.menu.MenuController#getHeadMenu()
2026-03-16 16:59:35 [http-nio-8080-exec-7] INFO  c.c.p.a.c.menu.MenuController - getHeadMenu called
2026-03-16 16:59:35 [http-nio-8080-exec-7] INFO  c.c.p.a.c.menu.MenuController - getHeadMenu returned 5 items
2026-03-16 16:59:35 [http-nio-8080-exec-7] DEBUG o.s.w.s.m.m.a.HttpEntityMethodProcessor - Using 'application/json', given [application/json, text/plain, */*] and supported [application/json, application/*+json, application/yaml]
2026-03-16 16:59:35 [http-nio-8080-exec-7] TRACE o.s.w.s.m.m.a.HttpEntityMethodProcessor - Writing [ApiResponse[success=true, status=200, code=COMMON_001, message=Success, data={list=[com.company.project.service.menu.dto.MenuDto@2b80d6b0, com.company.project.service.menu.dto.MenuDto@1418cfa3, com.company.project.service.menu.dto.MenuDto@f230bf1, com.company.project.service.menu.dto.MenuDto@734a7f6a, com.company.project.service.menu.dto.MenuDto@5e5202e5]}, timestamp=2026-03-16T16:59:35.865587900]]
2026-03-16 16:59:35 [http-nio-8080-exec-7] INFO  c.c.p.a.i.OperationalAuditInterceptor - API Audit Log: URL=/api/v1/menu/head, User=webmaster, IP=0:0:0:0:0:0:0:1
2026-03-16 16:59:35 [http-nio-8080-exec-7] DEBUG o.s.web.servlet.DispatcherServlet - Completed 200 OK
2026-03-16 16:59:35 [http-nio-8080-exec-5] DEBUG c.c.p.s.jwt.JwtAuthenticationFilter - >>> [JwtFilter] Processing request: GET /api/v1/menu/left
2026-03-16 16:59:35 [http-nio-8080-exec-5] DEBUG c.c.p.s.jwt.JwtAuthenticationFilter - >>> [JwtFilter] Found token in header for path: /api/v1/menu/left
2026-03-16 16:59:35 [http-nio-8080-exec-5] DEBUG o.s.orm.jpa.JpaTransactionManager - Creating new transaction with name [com.company.project.security.iam.CustomUserDetailsService.loadUserByUsername]: PROPAGATION_REQUIRED,ISOLATION_DEFAULT,readOnly
2026-03-16 16:59:35 [http-nio-8080-exec-5] DEBUG o.s.orm.jpa.JpaTransactionManager - Opened new EntityManager [SessionImpl(1364576418<open>)] for JPA transaction
2026-03-16 16:59:35 [http-nio-8080-exec-2] DEBUG c.c.p.s.jwt.JwtAuthenticationFilter - >>> [JwtFilter] Processing request: GET /api/v1/menu/left
2026-03-16 16:59:35 [http-nio-8080-exec-4] DEBUG c.c.p.s.jwt.JwtAuthenticationFilter - >>> [JwtFilter] Processing request: GET /api/v1/menu/left
2026-03-16 16:59:35 [http-nio-8080-exec-3] DEBUG c.c.p.s.jwt.JwtAuthenticationFilter - >>> [JwtFilter] Processing request: GET /api/v1/menu/left
2026-03-16 16:59:35 [http-nio-8080-exec-2] DEBUG c.c.p.s.jwt.JwtAuthenticationFilter - >>> [JwtFilter] Found token in header for path: /api/v1/menu/left
2026-03-16 16:59:35 [http-nio-8080-exec-3] DEBUG c.c.p.s.jwt.JwtAuthenticationFilter - >>> [JwtFilter] Found token in header for path: /api/v1/menu/left
2026-03-16 16:59:35 [http-nio-8080-exec-10] DEBUG c.c.p.s.jwt.JwtAuthenticationFilter - >>> [JwtFilter] Processing request: GET /api/v1/menu/left
2026-03-16 16:59:35 [http-nio-8080-exec-4] DEBUG c.c.p.s.jwt.JwtAuthenticationFilter - >>> [JwtFilter] Found token in header for path: /api/v1/menu/left
2026-03-16 16:59:35 [http-nio-8080-exec-10] DEBUG c.c.p.s.jwt.JwtAuthenticationFilter - >>> [JwtFilter] Found token in header for path: /api/v1/menu/left
2026-03-16 16:59:35 [http-nio-8080-exec-4] DEBUG o.s.orm.jpa.JpaTransactionManager - Creating new transaction with name [com.company.project.security.iam.CustomUserDetailsService.loadUserByUsername]: PROPAGATION_REQUIRED,ISOLATION_DEFAULT,readOnly
2026-03-16 16:59:35 [http-nio-8080-exec-3] DEBUG o.s.orm.jpa.JpaTransactionManager - Creating new transaction with name [com.company.project.security.iam.CustomUserDetailsService.loadUserByUsername]: PROPAGATION_REQUIRED,ISOLATION_DEFAULT,readOnly
2026-03-16 16:59:35 [http-nio-8080-exec-2] DEBUG o.s.orm.jpa.JpaTransactionManager - Creating new transaction with name [com.company.project.security.iam.CustomUserDetailsService.loadUserByUsername]: PROPAGATION_REQUIRED,ISOLATION_DEFAULT,readOnly
2026-03-16 16:59:35 [http-nio-8080-exec-10] DEBUG o.s.orm.jpa.JpaTransactionManager - Creating new transaction with name [com.company.project.security.iam.CustomUserDetailsService.loadUserByUsername]: PROPAGATION_REQUIRED,ISOLATION_DEFAULT,readOnly
2026-03-16 16:59:35 [http-nio-8080-exec-4] DEBUG o.s.orm.jpa.JpaTransactionManager - Opened new EntityManager [SessionImpl(1966759104<open>)] for JPA transaction
2026-03-16 16:59:35 [http-nio-8080-exec-10] DEBUG o.s.orm.jpa.JpaTransactionManager - Opened new EntityManager [SessionImpl(1371737138<open>)] for JPA transaction
2026-03-16 16:59:35 [http-nio-8080-exec-3] DEBUG o.s.orm.jpa.JpaTransactionManager - Opened new EntityManager [SessionImpl(2084819314<open>)] for JPA transaction
2026-03-16 16:59:35 [http-nio-8080-exec-2] DEBUG o.s.orm.jpa.JpaTransactionManager - Opened new EntityManager [SessionImpl(746651655<open>)] for JPA transaction
2026-03-16 16:59:35 [http-nio-8080-exec-1] DEBUG org.hibernate.SQL - select b1_0.ntt_id,b1_0.bbs_id,b1_0.ntt_sj,b1_0.ntcr_nm,b1_0.frst_regist_pnttm,b1_0.rdcnt,b1_0.answer_at,b1_0.parntsctt_no,b1_0.answer_lc,b1_0.sort_ordr,b1_0.ntt_no,b1_0.notice_at,b1_0.secret_at,b1_0.comment_co from nbbs b1_0 left join nemplyrinfo u1_0 on b1_0.frst_register_id=u1_0.esntl_id where (b1_0.use_at = 'Y') and b1_0.bbs_id=? order by b1_0.sort_ordr desc,b1_0.ntt_no offset ? rows fetch first ? rows only
2026-03-16 16:59:36 [http-nio-8080-exec-4] DEBUG o.s.orm.jpa.JpaTransactionManager - Exposing JPA transaction as JDBC [org.springframework.orm.jpa.vendor.HibernateJpaDialect$HibernateConnectionHandle@76bf285f]
2026-03-16 16:59:36 [http-nio-8080-exec-2] DEBUG o.s.orm.jpa.JpaTransactionManager - Exposing JPA transaction as JDBC [org.springframework.orm.jpa.vendor.HibernateJpaDialect$HibernateConnectionHandle@642ac6cf]
2026-03-16 16:59:36 [http-nio-8080-exec-4] DEBUG o.s.orm.jpa.JpaTransactionManager - Found thread-bound EntityManager [SessionImpl(1966759104<open>)] for JPA transaction
2026-03-16 16:59:36 [http-nio-8080-exec-2] DEBUG o.s.orm.jpa.JpaTransactionManager - Found thread-bound EntityManager [SessionImpl(746651655<open>)] for JPA transaction
2026-03-16 16:59:36 [http-nio-8080-exec-4] DEBUG o.s.orm.jpa.JpaTransactionManager - Participating in existing transaction
2026-03-16 16:59:36 [http-nio-8080-exec-2] DEBUG o.s.orm.jpa.JpaTransactionManager - Participating in existing transaction
2026-03-16 16:59:36 [http-nio-8080-exec-4] DEBUG org.hibernate.SQL - select u1_0.emplyr_id,u1_0.area_no,u1_0.brthdy,u1_0.chg_pwd_cnt,u1_0.frst_register_id,u1_0.frst_regist_pnttm,u1_0.detail_adres,u1_0.email_adres,u1_0.emplyr_sttus_code,u1_0.empl_no,u1_0.esntl_id,u1_0.fxnum,u1_0.group_id,u1_0.house_adres,u1_0.house_end_telno,u1_0.house_middle_telno,u1_0.ihidnum,u1_0.pstinst_code,u1_0.last_updusr_id,u1_0.last_updt_pnttm,u1_0.lock_at,u1_0.lock_cnt,u1_0.lock_last_pnttm,u1_0.mbtlnum,u1_0.ofcps_nm,u1_0.offm_telno,u1_0.orgnzt_id,u1_0.password,u1_0.password_cnsr,u1_0.password_hint,u1_0.chg_pwd_last_pnttm,u1_0.role,u1_0.sbscrb_de,u1_0.sexdstn_code,u1_0.crtfc_dn_value,u1_0.user_nm,u1_0.zip from nemplyrinfo u1_0 where u1_0.emplyr_id=?
2026-03-16 16:59:36 [http-nio-8080-exec-2] DEBUG org.hibernate.SQL - select u1_0.emplyr_id,u1_0.area_no,u1_0.brthdy,u1_0.chg_pwd_cnt,u1_0.frst_register_id,u1_0.frst_regist_pnttm,u1_0.detail_adres,u1_0.email_adres,u1_0.emplyr_sttus_code,u1_0.empl_no,u1_0.esntl_id,u1_0.fxnum,u1_0.group_id,u1_0.house_adres,u1_0.house_end_telno,u1_0.house_middle_telno,u1_0.ihidnum,u1_0.pstinst_code,u1_0.last_updusr_id,u1_0.last_updt_pnttm,u1_0.lock_at,u1_0.lock_cnt,u1_0.lock_last_pnttm,u1_0.mbtlnum,u1_0.ofcps_nm,u1_0.offm_telno,u1_0.orgnzt_id,u1_0.password,u1_0.password_cnsr,u1_0.password_hint,u1_0.chg_pwd_last_pnttm,u1_0.role,u1_0.sbscrb_de,u1_0.sexdstn_code,u1_0.crtfc_dn_value,u1_0.user_nm,u1_0.zip from nemplyrinfo u1_0 where u1_0.emplyr_id=?
2026-03-16 16:59:36 [http-nio-8080-exec-5] DEBUG o.s.orm.jpa.JpaTransactionManager - Exposing JPA transaction as JDBC [org.springframework.orm.jpa.vendor.HibernateJpaDialect$HibernateConnectionHandle@2de8022d]
2026-03-16 16:59:36 [http-nio-8080-exec-5] DEBUG o.s.orm.jpa.JpaTransactionManager - Found thread-bound EntityManager [SessionImpl(1364576418<open>)] for JPA transaction
2026-03-16 16:59:36 [http-nio-8080-exec-5] DEBUG o.s.orm.jpa.JpaTransactionManager - Participating in existing transaction
2026-03-16 16:59:36 [http-nio-8080-exec-5] DEBUG org.hibernate.SQL - select u1_0.emplyr_id,u1_0.area_no,u1_0.brthdy,u1_0.chg_pwd_cnt,u1_0.frst_register_id,u1_0.frst_regist_pnttm,u1_0.detail_adres,u1_0.email_adres,u1_0.emplyr_sttus_code,u1_0.empl_no,u1_0.esntl_id,u1_0.fxnum,u1_0.group_id,u1_0.house_adres,u1_0.house_end_telno,u1_0.house_middle_telno,u1_0.ihidnum,u1_0.pstinst_code,u1_0.last_updusr_id,u1_0.last_updt_pnttm,u1_0.lock_at,u1_0.lock_cnt,u1_0.lock_last_pnttm,u1_0.mbtlnum,u1_0.ofcps_nm,u1_0.offm_telno,u1_0.orgnzt_id,u1_0.password,u1_0.password_cnsr,u1_0.password_hint,u1_0.chg_pwd_last_pnttm,u1_0.role,u1_0.sbscrb_de,u1_0.sexdstn_code,u1_0.crtfc_dn_value,u1_0.user_nm,u1_0.zip from nemplyrinfo u1_0 where u1_0.emplyr_id=?
2026-03-16 16:59:36 [http-nio-8080-exec-3] DEBUG o.s.orm.jpa.JpaTransactionManager - Exposing JPA transaction as JDBC [org.springframework.orm.jpa.vendor.HibernateJpaDialect$HibernateConnectionHandle@3073a572]
2026-03-16 16:59:36 [http-nio-8080-exec-3] DEBUG o.s.orm.jpa.JpaTransactionManager - Found thread-bound EntityManager [SessionImpl(2084819314<open>)] for JPA transaction
2026-03-16 16:59:36 [http-nio-8080-exec-3] DEBUG o.s.orm.jpa.JpaTransactionManager - Participating in existing transaction
2026-03-16 16:59:36 [http-nio-8080-exec-3] DEBUG org.hibernate.SQL - select u1_0.emplyr_id,u1_0.area_no,u1_0.brthdy,u1_0.chg_pwd_cnt,u1_0.frst_register_id,u1_0.frst_regist_pnttm,u1_0.detail_adres,u1_0.email_adres,u1_0.emplyr_sttus_code,u1_0.empl_no,u1_0.esntl_id,u1_0.fxnum,u1_0.group_id,u1_0.house_adres,u1_0.house_end_telno,u1_0.house_middle_telno,u1_0.ihidnum,u1_0.pstinst_code,u1_0.last_updusr_id,u1_0.last_updt_pnttm,u1_0.lock_at,u1_0.lock_cnt,u1_0.lock_last_pnttm,u1_0.mbtlnum,u1_0.ofcps_nm,u1_0.offm_telno,u1_0.orgnzt_id,u1_0.password,u1_0.password_cnsr,u1_0.password_hint,u1_0.chg_pwd_last_pnttm,u1_0.role,u1_0.sbscrb_de,u1_0.sexdstn_code,u1_0.crtfc_dn_value,u1_0.user_nm,u1_0.zip from nemplyrinfo u1_0 where u1_0.emplyr_id=?
2026-03-16 16:59:36 [http-nio-8080-exec-10] DEBUG o.s.orm.jpa.JpaTransactionManager - Exposing JPA transaction as JDBC [org.springframework.orm.jpa.vendor.HibernateJpaDialect$HibernateConnectionHandle@34df43a6]
2026-03-16 16:59:36 [http-nio-8080-exec-10] DEBUG o.s.orm.jpa.JpaTransactionManager - Found thread-bound EntityManager [SessionImpl(1371737138<open>)] for JPA transaction
2026-03-16 16:59:36 [http-nio-8080-exec-10] DEBUG o.s.orm.jpa.JpaTransactionManager - Participating in existing transaction
2026-03-16 16:59:36 [http-nio-8080-exec-10] DEBUG org.hibernate.SQL - select u1_0.emplyr_id,u1_0.area_no,u1_0.brthdy,u1_0.chg_pwd_cnt,u1_0.frst_register_id,u1_0.frst_regist_pnttm,u1_0.detail_adres,u1_0.email_adres,u1_0.emplyr_sttus_code,u1_0.empl_no,u1_0.esntl_id,u1_0.fxnum,u1_0.group_id,u1_0.house_adres,u1_0.house_end_telno,u1_0.house_middle_telno,u1_0.ihidnum,u1_0.pstinst_code,u1_0.last_updusr_id,u1_0.last_updt_pnttm,u1_0.lock_at,u1_0.lock_cnt,u1_0.lock_last_pnttm,u1_0.mbtlnum,u1_0.ofcps_nm,u1_0.offm_telno,u1_0.orgnzt_id,u1_0.password,u1_0.password_cnsr,u1_0.password_hint,u1_0.chg_pwd_last_pnttm,u1_0.role,u1_0.sbscrb_de,u1_0.sexdstn_code,u1_0.crtfc_dn_value,u1_0.user_nm,u1_0.zip from nemplyrinfo u1_0 where u1_0.emplyr_id=?
2026-03-16 16:59:36 [http-nio-8080-exec-1] DEBUG org.hibernate.SQL - select count(b1_0.ntt_id) from nbbs b1_0 left join nemplyrinfo u1_0 on b1_0.frst_register_id=u1_0.esntl_id where (b1_0.use_at = 'Y') and b1_0.bbs_id=?
2026-03-16 16:59:36 [http-nio-8080-exec-4] DEBUG o.s.orm.jpa.JpaTransactionManager - Found thread-bound EntityManager [SessionImpl(1966759104<open>)] for JPA transaction
2026-03-16 16:59:36 [http-nio-8080-exec-4] DEBUG o.s.orm.jpa.JpaTransactionManager - Participating in existing transaction
2026-03-16 16:59:36 [http-nio-8080-exec-4] DEBUG org.hibernate.SQL - select ua1_0.scrty_dtrmn_trget_id,ua1_0.author_code,ua1_0.frst_register_id,ua1_0.frst_regist_pnttm,ua1_0.last_updusr_id,ua1_0.last_updt_pnttm,ua1_0.mber_ty_code from nemplyrscrtyestbs ua1_0 where ua1_0.scrty_dtrmn_trget_id=?
2026-03-16 16:59:36 [http-nio-8080-exec-2] DEBUG o.s.orm.jpa.JpaTransactionManager - Found thread-bound EntityManager [SessionImpl(746651655<open>)] for JPA transaction
2026-03-16 16:59:36 [http-nio-8080-exec-2] DEBUG o.s.orm.jpa.JpaTransactionManager - Participating in existing transaction
2026-03-16 16:59:36 [http-nio-8080-exec-2] DEBUG org.hibernate.SQL - select ua1_0.scrty_dtrmn_trget_id,ua1_0.author_code,ua1_0.frst_register_id,ua1_0.frst_regist_pnttm,ua1_0.last_updusr_id,ua1_0.last_updt_pnttm,ua1_0.mber_ty_code from nemplyrscrtyestbs ua1_0 where ua1_0.scrty_dtrmn_trget_id=?
2026-03-16 16:59:36 [http-nio-8080-exec-5] DEBUG o.s.orm.jpa.JpaTransactionManager - Found thread-bound EntityManager [SessionImpl(1364576418<open>)] for JPA transaction
2026-03-16 16:59:36 [http-nio-8080-exec-5] DEBUG o.s.orm.jpa.JpaTransactionManager - Participating in existing transaction
2026-03-16 16:59:36 [http-nio-8080-exec-5] DEBUG org.hibernate.SQL - select ua1_0.scrty_dtrmn_trget_id,ua1_0.author_code,ua1_0.frst_register_id,ua1_0.frst_regist_pnttm,ua1_0.last_updusr_id,ua1_0.last_updt_pnttm,ua1_0.mber_ty_code from nemplyrscrtyestbs ua1_0 where ua1_0.scrty_dtrmn_trget_id=?
2026-03-16 16:59:36 [http-nio-8080-exec-10] DEBUG o.s.orm.jpa.JpaTransactionManager - Found thread-bound EntityManager [SessionImpl(1371737138<open>)] for JPA transaction
2026-03-16 16:59:36 [http-nio-8080-exec-10] DEBUG o.s.orm.jpa.JpaTransactionManager - Participating in existing transaction
2026-03-16 16:59:36 [http-nio-8080-exec-10] DEBUG org.hibernate.SQL - select ua1_0.scrty_dtrmn_trget_id,ua1_0.author_code,ua1_0.frst_register_id,ua1_0.frst_regist_pnttm,ua1_0.last_updusr_id,ua1_0.last_updt_pnttm,ua1_0.mber_ty_code from nemplyrscrtyestbs ua1_0 where ua1_0.scrty_dtrmn_trget_id=?
2026-03-16 16:59:36 [http-nio-8080-exec-3] DEBUG o.s.orm.jpa.JpaTransactionManager - Found thread-bound EntityManager [SessionImpl(2084819314<open>)] for JPA transaction
2026-03-16 16:59:36 [http-nio-8080-exec-3] DEBUG o.s.orm.jpa.JpaTransactionManager - Participating in existing transaction
2026-03-16 16:59:36 [http-nio-8080-exec-3] DEBUG org.hibernate.SQL - select ua1_0.scrty_dtrmn_trget_id,ua1_0.author_code,ua1_0.frst_register_id,ua1_0.frst_regist_pnttm,ua1_0.last_updusr_id,ua1_0.last_updt_pnttm,ua1_0.mber_ty_code from nemplyrscrtyestbs ua1_0 where ua1_0.scrty_dtrmn_trget_id=?
2026-03-16 16:59:36 [http-nio-8080-exec-1] DEBUG o.s.orm.jpa.JpaTransactionManager - Initiating transaction commit
2026-03-16 16:59:36 [http-nio-8080-exec-1] DEBUG o.s.orm.jpa.JpaTransactionManager - Committing JPA transaction on EntityManager [SessionImpl(1769428753<open>)]
2026-03-16 16:59:36 [http-nio-8080-exec-4] DEBUG o.s.orm.jpa.JpaTransactionManager - Initiating transaction commit
2026-03-16 16:59:36 [http-nio-8080-exec-4] DEBUG o.s.orm.jpa.JpaTransactionManager - Committing JPA transaction on EntityManager [SessionImpl(1966759104<open>)]
2026-03-16 16:59:36 [http-nio-8080-exec-2] DEBUG o.s.orm.jpa.JpaTransactionManager - Initiating transaction commit
2026-03-16 16:59:36 [http-nio-8080-exec-2] DEBUG o.s.orm.jpa.JpaTransactionManager - Committing JPA transaction on EntityManager [SessionImpl(746651655<open>)]
2026-03-16 16:59:36 [http-nio-8080-exec-10] DEBUG o.s.orm.jpa.JpaTransactionManager - Initiating transaction commit
2026-03-16 16:59:36 [http-nio-8080-exec-5] DEBUG o.s.orm.jpa.JpaTransactionManager - Initiating transaction commit
2026-03-16 16:59:36 [http-nio-8080-exec-10] DEBUG o.s.orm.jpa.JpaTransactionManager - Committing JPA transaction on EntityManager [SessionImpl(1371737138<open>)]
2026-03-16 16:59:36 [http-nio-8080-exec-5] DEBUG o.s.orm.jpa.JpaTransactionManager - Committing JPA transaction on EntityManager [SessionImpl(1364576418<open>)]
2026-03-16 16:59:36 [http-nio-8080-exec-3] DEBUG o.s.orm.jpa.JpaTransactionManager - Initiating transaction commit
2026-03-16 16:59:36 [http-nio-8080-exec-3] DEBUG o.s.orm.jpa.JpaTransactionManager - Committing JPA transaction on EntityManager [SessionImpl(2084819314<open>)]
2026-03-16 16:59:36 [http-nio-8080-exec-1] DEBUG o.s.orm.jpa.JpaTransactionManager - Closing JPA EntityManager [SessionImpl(1769428753<open>)] after transaction
2026-03-16 16:59:36 [http-nio-8080-exec-1] DEBUG o.s.orm.jpa.JpaTransactionManager - Creating new transaction with name [com.company.project.service.board.BoardService.getBoardPosts]: PROPAGATION_REQUIRED,ISOLATION_DEFAULT,readOnly
2026-03-16 16:59:36 [http-nio-8080-exec-1] DEBUG o.s.orm.jpa.JpaTransactionManager - Opened new EntityManager [SessionImpl(1915779590<open>)] for JPA transaction
2026-03-16 16:59:36 [http-nio-8080-exec-1] DEBUG o.s.orm.jpa.JpaTransactionManager - Exposing JPA transaction as JDBC [org.springframework.orm.jpa.vendor.HibernateJpaDialect$HibernateConnectionHandle@14c3d306]
2026-03-16 16:59:36 [http-nio-8080-exec-1] DEBUG o.s.orm.jpa.JpaTransactionManager - Found thread-bound EntityManager [SessionImpl(1915779590<open>)] for JPA transaction
2026-03-16 16:59:36 [http-nio-8080-exec-1] DEBUG o.s.orm.jpa.JpaTransactionManager - Participating in existing transaction
2026-03-16 16:59:36 [http-nio-8080-exec-1] DEBUG org.hibernate.SQL - select bm1_0.bbs_id,bm1_0.atch_posbl_file_number,bm1_0.atch_posbl_file_size,bm1_0.bbs_attrb_code,bm1_0.bbs_intrcn,bm1_0.bbs_nm,bm1_0.bbs_ty_code,bm1_0.blog_at,bm1_0.blog_id,bm1_0.cmmnty_id,bm1_0.frst_register_id,bm1_0.frst_regist_pnttm,bm1_0.file_atch_posbl_at,bm1_0.last_updusr_id,bm1_0.last_updt_pnttm,bm1_0.reply_posbl_at,bm1_0.tmplat_id,bm1_0.use_at,bm1_1.answer_at,bm1_1.stsfdg_at from nbbsmaster bm1_0 left join nbbsmasteroptn bm1_1 on bm1_0.bbs_id=bm1_1.bbs_id where bm1_0.bbs_id=?
2026-03-16 16:59:36 [http-nio-8080-exec-4] DEBUG o.s.orm.jpa.JpaTransactionManager - Closing JPA EntityManager [SessionImpl(1966759104<open>)] after transaction
2026-03-16 16:59:36 [http-nio-8080-exec-4] DEBUG c.c.p.s.jwt.JwtAuthenticationFilter - >>> [JwtFilter] Successfully authenticated user: USRCNFRM_99999999999, Authorities: [ROLE_ADMIN]
2026-03-16 16:59:36 [http-nio-8080-exec-4] DEBUG o.s.web.servlet.DispatcherServlet - GET "/api/v1/menu/left?menuNo=20", parameters={masked}
2026-03-16 16:59:36 [http-nio-8080-exec-2] DEBUG o.s.orm.jpa.JpaTransactionManager - Closing JPA EntityManager [SessionImpl(746651655<open>)] after transaction
2026-03-16 16:59:36 [http-nio-8080-exec-4] TRACE o.s.w.s.m.m.a.RequestMappingHandlerMapping - Mapped to com.company.project.api.controller.menu.MenuController#getLeftMenu(Long)
2026-03-16 16:59:36 [http-nio-8080-exec-2] DEBUG c.c.p.s.jwt.JwtAuthenticationFilter - >>> [JwtFilter] Successfully authenticated user: USRCNFRM_99999999999, Authorities: [ROLE_ADMIN]
2026-03-16 16:59:36 [http-nio-8080-exec-2] DEBUG o.s.web.servlet.DispatcherServlet - GET "/api/v1/menu/left?menuNo=50", parameters={masked}
2026-03-16 16:59:36 [http-nio-8080-exec-4] INFO  c.c.p.a.c.menu.MenuController - getLeftMenu called with menuNo=20
2026-03-16 16:59:36 [http-nio-8080-exec-4] DEBUG o.s.orm.jpa.JpaTransactionManager - Creating new transaction with name [com.company.project.service.menu.MenuService.getSubMenus]: PROPAGATION_REQUIRED,ISOLATION_DEFAULT,readOnly
2026-03-16 16:59:36 [http-nio-8080-exec-2] TRACE o.s.w.s.m.m.a.RequestMappingHandlerMapping - Mapped to com.company.project.api.controller.menu.MenuController#getLeftMenu(Long)
2026-03-16 16:59:36 [http-nio-8080-exec-4] DEBUG o.s.orm.jpa.JpaTransactionManager - Opened new EntityManager [SessionImpl(393997492<open>)] for JPA transaction
2026-03-16 16:59:36 [http-nio-8080-exec-4] DEBUG o.s.orm.jpa.JpaTransactionManager - Exposing JPA transaction as JDBC [org.springframework.orm.jpa.vendor.HibernateJpaDialect$HibernateConnectionHandle@2893653c]
2026-03-16 16:59:36 [http-nio-8080-exec-2] INFO  c.c.p.a.c.menu.MenuController - getLeftMenu called with menuNo=50
2026-03-16 16:59:36 [http-nio-8080-exec-2] DEBUG o.s.orm.jpa.JpaTransactionManager - Creating new transaction with name [com.company.project.service.menu.MenuService.getSubMenus]: PROPAGATION_REQUIRED,ISOLATION_DEFAULT,readOnly
2026-03-16 16:59:36 [http-nio-8080-exec-2] DEBUG o.s.orm.jpa.JpaTransactionManager - Opened new EntityManager [SessionImpl(373278759<open>)] for JPA transaction
2026-03-16 16:59:36 [http-nio-8080-exec-2] DEBUG o.s.orm.jpa.JpaTransactionManager - Exposing JPA transaction as JDBC [org.springframework.orm.jpa.vendor.HibernateJpaDialect$HibernateConnectionHandle@522fadcb]
2026-03-16 16:59:36 [http-nio-8080-exec-4] DEBUG org.hibernate.SQL - select m1_0.menu_no,m1_0.menu_dc,m1_0.menu_nm,m1_0.menu_ordr,m1_0.modern_route,m1_0.progrm_file_nm,m1_0.relate_image_nm,m1_0.relate_image_path,m1_0.route_updated_at,m1_0.upper_menu_no from nmenuinfo m1_0 order by m1_0.upper_menu_no,m1_0.menu_ordr
2026-03-16 16:59:36 [http-nio-8080-exec-2] DEBUG org.hibernate.SQL - select m1_0.menu_no,m1_0.menu_dc,m1_0.menu_nm,m1_0.menu_ordr,m1_0.modern_route,m1_0.progrm_file_nm,m1_0.relate_image_nm,m1_0.relate_image_path,m1_0.route_updated_at,m1_0.upper_menu_no from nmenuinfo m1_0 order by m1_0.upper_menu_no,m1_0.menu_ordr
2026-03-16 16:59:36 [http-nio-8080-exec-10] DEBUG o.s.orm.jpa.JpaTransactionManager - Closing JPA EntityManager [SessionImpl(1371737138<open>)] after transaction
2026-03-16 16:59:36 [http-nio-8080-exec-10] DEBUG c.c.p.s.jwt.JwtAuthenticationFilter - >>> [JwtFilter] Successfully authenticated user: USRCNFRM_99999999999, Authorities: [ROLE_ADMIN]
2026-03-16 16:59:36 [http-nio-8080-exec-10] DEBUG o.s.web.servlet.DispatcherServlet - GET "/api/v1/menu/left?menuNo=60", parameters={masked}
2026-03-16 16:59:36 [http-nio-8080-exec-5] DEBUG o.s.orm.jpa.JpaTransactionManager - Closing JPA EntityManager [SessionImpl(1364576418<open>)] after transaction
2026-03-16 16:59:36 [http-nio-8080-exec-5] DEBUG c.c.p.s.jwt.JwtAuthenticationFilter - >>> [JwtFilter] Successfully authenticated user: USRCNFRM_99999999999, Authorities: [ROLE_ADMIN]
2026-03-16 16:59:36 [http-nio-8080-exec-10] TRACE o.s.w.s.m.m.a.RequestMappingHandlerMapping - Mapped to com.company.project.api.controller.menu.MenuController#getLeftMenu(Long)
2026-03-16 16:59:36 [http-nio-8080-exec-3] DEBUG o.s.orm.jpa.JpaTransactionManager - Closing JPA EntityManager [SessionImpl(2084819314<open>)] after transaction
2026-03-16 16:59:36 [http-nio-8080-exec-5] DEBUG o.s.web.servlet.DispatcherServlet - GET "/api/v1/menu/left?menuNo=10", parameters={masked}
2026-03-16 16:59:36 [http-nio-8080-exec-3] DEBUG c.c.p.s.jwt.JwtAuthenticationFilter - >>> [JwtFilter] Successfully authenticated user: USRCNFRM_99999999999, Authorities: [ROLE_ADMIN]
2026-03-16 16:59:36 [http-nio-8080-exec-5] TRACE o.s.w.s.m.m.a.RequestMappingHandlerMapping - Mapped to com.company.project.api.controller.menu.MenuController#getLeftMenu(Long)
2026-03-16 16:59:36 [http-nio-8080-exec-10] INFO  c.c.p.a.c.menu.MenuController - getLeftMenu called with menuNo=60
2026-03-16 16:59:36 [http-nio-8080-exec-5] INFO  c.c.p.a.c.menu.MenuController - getLeftMenu called with menuNo=10
2026-03-16 16:59:36 [http-nio-8080-exec-3] DEBUG o.s.web.servlet.DispatcherServlet - GET "/api/v1/menu/left?menuNo=40", parameters={masked}
2026-03-16 16:59:36 [http-nio-8080-exec-10] DEBUG o.s.orm.jpa.JpaTransactionManager - Creating new transaction with name [com.company.project.service.menu.MenuService.getSubMenus]: PROPAGATION_REQUIRED,ISOLATION_DEFAULT,readOnly
2026-03-16 16:59:36 [http-nio-8080-exec-5] DEBUG o.s.orm.jpa.JpaTransactionManager - Creating new transaction with name [com.company.project.service.menu.MenuService.getSubMenus]: PROPAGATION_REQUIRED,ISOLATION_DEFAULT,readOnly
2026-03-16 16:59:36 [http-nio-8080-exec-5] DEBUG o.s.orm.jpa.JpaTransactionManager - Opened new EntityManager [SessionImpl(1556056492<open>)] for JPA transaction
2026-03-16 16:59:36 [http-nio-8080-exec-10] DEBUG o.s.orm.jpa.JpaTransactionManager - Opened new EntityManager [SessionImpl(161176421<open>)] for JPA transaction
2026-03-16 16:59:36 [http-nio-8080-exec-5] DEBUG o.s.orm.jpa.JpaTransactionManager - Exposing JPA transaction as JDBC [org.springframework.orm.jpa.vendor.HibernateJpaDialect$HibernateConnectionHandle@5e990b2e]
2026-03-16 16:59:36 [http-nio-8080-exec-10] DEBUG o.s.orm.jpa.JpaTransactionManager - Exposing JPA transaction as JDBC [org.springframework.orm.jpa.vendor.HibernateJpaDialect$HibernateConnectionHandle@7fb6ad4e]
2026-03-16 16:59:36 [http-nio-8080-exec-3] TRACE o.s.w.s.m.m.a.RequestMappingHandlerMapping - Mapped to com.company.project.api.controller.menu.MenuController#getLeftMenu(Long)
2026-03-16 16:59:36 [http-nio-8080-exec-3] INFO  c.c.p.a.c.menu.MenuController - getLeftMenu called with menuNo=40
2026-03-16 16:59:36 [http-nio-8080-exec-3] DEBUG o.s.orm.jpa.JpaTransactionManager - Creating new transaction with name [com.company.project.service.menu.MenuService.getSubMenus]: PROPAGATION_REQUIRED,ISOLATION_DEFAULT,readOnly
2026-03-16 16:59:36 [http-nio-8080-exec-3] DEBUG o.s.orm.jpa.JpaTransactionManager - Opened new EntityManager [SessionImpl(1292967755<open>)] for JPA transaction
2026-03-16 16:59:36 [http-nio-8080-exec-3] DEBUG o.s.orm.jpa.JpaTransactionManager - Exposing JPA transaction as JDBC [org.springframework.orm.jpa.vendor.HibernateJpaDialect$HibernateConnectionHandle@1dc825b6]
2026-03-16 16:59:36 [http-nio-8080-exec-5] DEBUG org.hibernate.SQL - select m1_0.menu_no,m1_0.menu_dc,m1_0.menu_nm,m1_0.menu_ordr,m1_0.modern_route,m1_0.progrm_file_nm,m1_0.relate_image_nm,m1_0.relate_image_path,m1_0.route_updated_at,m1_0.upper_menu_no from nmenuinfo m1_0 order by m1_0.upper_menu_no,m1_0.menu_ordr
2026-03-16 16:59:36 [http-nio-8080-exec-3] DEBUG org.hibernate.SQL - select m1_0.menu_no,m1_0.menu_dc,m1_0.menu_nm,m1_0.menu_ordr,m1_0.modern_route,m1_0.progrm_file_nm,m1_0.relate_image_nm,m1_0.relate_image_path,m1_0.route_updated_at,m1_0.upper_menu_no from nmenuinfo m1_0 order by m1_0.upper_menu_no,m1_0.menu_ordr
2026-03-16 16:59:36 [http-nio-8080-exec-10] DEBUG org.hibernate.SQL - select m1_0.menu_no,m1_0.menu_dc,m1_0.menu_nm,m1_0.menu_ordr,m1_0.modern_route,m1_0.progrm_file_nm,m1_0.relate_image_nm,m1_0.relate_image_path,m1_0.route_updated_at,m1_0.upper_menu_no from nmenuinfo m1_0 order by m1_0.upper_menu_no,m1_0.menu_ordr
2026-03-16 16:59:36 [http-nio-8080-exec-1] DEBUG org.hibernate.SQL - select b1_0.ntt_id,b1_0.bbs_id,b1_0.ntt_sj,b1_0.ntcr_nm,b1_0.frst_regist_pnttm,b1_0.rdcnt,b1_0.answer_at,b1_0.parntsctt_no,b1_0.answer_lc,b1_0.sort_ordr,b1_0.ntt_no,b1_0.notice_at,b1_0.secret_at,b1_0.comment_co from nbbs b1_0 left join nemplyrinfo u1_0 on b1_0.frst_register_id=u1_0.esntl_id where (b1_0.use_at = 'Y') and b1_0.bbs_id=? order by b1_0.sort_ordr desc,b1_0.ntt_no offset ? rows fetch first ? rows only
2026-03-16 16:59:36 [http-nio-8080-exec-1] DEBUG org.hibernate.SQL - select count(b1_0.ntt_id) from nbbs b1_0 left join nemplyrinfo u1_0 on b1_0.frst_register_id=u1_0.esntl_id where (b1_0.use_at = 'Y') and b1_0.bbs_id=?
2026-03-16 16:59:36 [http-nio-8080-exec-4] DEBUG o.s.orm.jpa.JpaTransactionManager - Found thread-bound EntityManager [SessionImpl(393997492<open>)] for JPA transaction
2026-03-16 16:59:36 [http-nio-8080-exec-4] DEBUG o.s.orm.jpa.JpaTransactionManager - Participating in existing transaction
2026-03-16 16:59:36 [http-nio-8080-exec-4] DEBUG org.hibernate.SQL - select p1_0.progrm_file_nm,p1_0.progrm_dc,p1_0.progrm_korean_nm,p1_0.progrm_stre_path,p1_0.url from nprogrmlist p1_0
2026-03-16 16:59:36 [http-nio-8080-exec-2] DEBUG o.s.orm.jpa.JpaTransactionManager - Found thread-bound EntityManager [SessionImpl(373278759<open>)] for JPA transaction
2026-03-16 16:59:36 [http-nio-8080-exec-2] DEBUG o.s.orm.jpa.JpaTransactionManager - Participating in existing transaction
2026-03-16 16:59:36 [http-nio-8080-exec-2] DEBUG org.hibernate.SQL - select p1_0.progrm_file_nm,p1_0.progrm_dc,p1_0.progrm_korean_nm,p1_0.progrm_stre_path,p1_0.url from nprogrmlist p1_0
2026-03-16 16:59:36 [http-nio-8080-exec-10] DEBUG o.s.orm.jpa.JpaTransactionManager - Found thread-bound EntityManager [SessionImpl(161176421<open>)] for JPA transaction
2026-03-16 16:59:36 [http-nio-8080-exec-10] DEBUG o.s.orm.jpa.JpaTransactionManager - Participating in existing transaction
2026-03-16 16:59:36 [http-nio-8080-exec-10] DEBUG org.hibernate.SQL - select p1_0.progrm_file_nm,p1_0.progrm_dc,p1_0.progrm_korean_nm,p1_0.progrm_stre_path,p1_0.url from nprogrmlist p1_0
2026-03-16 16:59:36 [http-nio-8080-exec-5] DEBUG o.s.orm.jpa.JpaTransactionManager - Found thread-bound EntityManager [SessionImpl(1556056492<open>)] for JPA transaction
2026-03-16 16:59:36 [http-nio-8080-exec-3] DEBUG o.s.orm.jpa.JpaTransactionManager - Found thread-bound EntityManager [SessionImpl(1292967755<open>)] for JPA transaction
2026-03-16 16:59:36 [http-nio-8080-exec-5] DEBUG o.s.orm.jpa.JpaTransactionManager - Participating in existing transaction
2026-03-16 16:59:36 [http-nio-8080-exec-3] DEBUG o.s.orm.jpa.JpaTransactionManager - Participating in existing transaction
2026-03-16 16:59:36 [http-nio-8080-exec-5] DEBUG org.hibernate.SQL - select p1_0.progrm_file_nm,p1_0.progrm_dc,p1_0.progrm_korean_nm,p1_0.progrm_stre_path,p1_0.url from nprogrmlist p1_0
2026-03-16 16:59:36 [http-nio-8080-exec-3] DEBUG org.hibernate.SQL - select p1_0.progrm_file_nm,p1_0.progrm_dc,p1_0.progrm_korean_nm,p1_0.progrm_stre_path,p1_0.url from nprogrmlist p1_0
2026-03-16 16:59:36 [http-nio-8080-exec-1] DEBUG o.s.orm.jpa.JpaTransactionManager - Initiating transaction commit
2026-03-16 16:59:36 [http-nio-8080-exec-1] DEBUG o.s.orm.jpa.JpaTransactionManager - Committing JPA transaction on EntityManager [SessionImpl(1915779590<open>)]
2026-03-16 16:59:36 [http-nio-8080-exec-4] DEBUG o.s.orm.jpa.JpaTransactionManager - Initiating transaction commit
2026-03-16 16:59:36 [http-nio-8080-exec-4] DEBUG o.s.orm.jpa.JpaTransactionManager - Committing JPA transaction on EntityManager [SessionImpl(393997492<open>)]
2026-03-16 16:59:36 [http-nio-8080-exec-2] DEBUG o.s.orm.jpa.JpaTransactionManager - Initiating transaction commit
2026-03-16 16:59:36 [http-nio-8080-exec-2] DEBUG o.s.orm.jpa.JpaTransactionManager - Committing JPA transaction on EntityManager [SessionImpl(373278759<open>)]
2026-03-16 16:59:36 [http-nio-8080-exec-10] DEBUG o.s.orm.jpa.JpaTransactionManager - Initiating transaction commit
2026-03-16 16:59:36 [http-nio-8080-exec-10] DEBUG o.s.orm.jpa.JpaTransactionManager - Committing JPA transaction on EntityManager [SessionImpl(161176421<open>)]
2026-03-16 16:59:36 [http-nio-8080-exec-5] DEBUG o.s.orm.jpa.JpaTransactionManager - Initiating transaction commit
2026-03-16 16:59:36 [http-nio-8080-exec-3] DEBUG o.s.orm.jpa.JpaTransactionManager - Initiating transaction commit
2026-03-16 16:59:36 [http-nio-8080-exec-5] DEBUG o.s.orm.jpa.JpaTransactionManager - Committing JPA transaction on EntityManager [SessionImpl(1556056492<open>)]
2026-03-16 16:59:36 [http-nio-8080-exec-3] DEBUG o.s.orm.jpa.JpaTransactionManager - Committing JPA transaction on EntityManager [SessionImpl(1292967755<open>)]
2026-03-16 16:59:37 [http-nio-8080-exec-1] DEBUG o.s.orm.jpa.JpaTransactionManager - Closing JPA EntityManager [SessionImpl(1915779590<open>)] after transaction
2026-03-16 16:59:37 [http-nio-8080-exec-1] DEBUG o.s.orm.jpa.JpaTransactionManager - Creating new transaction with name [com.company.project.service.informalsanction.InformalSanctionServiceImpl.getReceivedInformalSanctionList]: PROPAGATION_REQUIRED,ISOLATION_DEFAULT,readOnly
2026-03-16 16:59:37 [http-nio-8080-exec-1] DEBUG o.s.orm.jpa.JpaTransactionManager - Opened new EntityManager [SessionImpl(393371727<open>)] for JPA transaction
2026-03-16 16:59:37 [http-nio-8080-exec-1] DEBUG o.s.orm.jpa.JpaTransactionManager - Exposing JPA transaction as JDBC [org.springframework.orm.jpa.vendor.HibernateJpaDialect$HibernateConnectionHandle@5858312d]
2026-03-16 16:59:37 [http-nio-8080-exec-1] DEBUG org.hibernate.SQL - select is1_0.infrml_sanctn_id,is1_0.applcnt_id,is1_0.confm_at,is1_0.frst_register_id,is1_0.frst_regist_pnttm,is1_0.job_se_code,is1_0.last_updusr_id,is1_0.last_updt_pnttm,is1_0.reqst_de,is1_0.return_resn,is1_0.sanctn_dt,is1_0.sanctner_id from ninfrmlsanctn is1_0 where is1_0.sanctner_id=?
2026-03-16 16:59:37 [http-nio-8080-exec-4] DEBUG o.s.orm.jpa.JpaTransactionManager - Closing JPA EntityManager [SessionImpl(393997492<open>)] after transaction
2026-03-16 16:59:37 [http-nio-8080-exec-4] INFO  c.c.p.a.c.menu.MenuController - getLeftMenu returned 3 items
2026-03-16 16:59:37 [http-nio-8080-exec-4] DEBUG o.s.w.s.m.m.a.HttpEntityMethodProcessor - Using 'application/json', given [application/json, text/plain, */*] and supported [application/json, application/*+json, application/yaml]
2026-03-16 16:59:37 [http-nio-8080-exec-4] TRACE o.s.w.s.m.m.a.HttpEntityMethodProcessor - Writing [ApiResponse[success=true, status=200, code=COMMON_001, message=Success, data={list=[com.company.project.service.menu.dto.MenuDto@726a91e0, com.company.project.service.menu.dto.MenuDto@6a07a71a, com.company.project.service.menu.dto.MenuDto@2b930a6d]}, timestamp=2026-03-16T16:59:37.090668500]]
2026-03-16 16:59:37 [http-nio-8080-exec-4] INFO  c.c.p.a.i.OperationalAuditInterceptor - API Audit Log: URL=/api/v1/menu/left, User=webmaster, IP=0:0:0:0:0:0:0:1
2026-03-16 16:59:37 [http-nio-8080-exec-4] DEBUG o.s.web.servlet.DispatcherServlet - Completed 200 OK
2026-03-16 16:59:37 [http-nio-8080-exec-2] DEBUG o.s.orm.jpa.JpaTransactionManager - Closing JPA EntityManager [SessionImpl(373278759<open>)] after transaction
2026-03-16 16:59:37 [http-nio-8080-exec-2] INFO  c.c.p.a.c.menu.MenuController - getLeftMenu returned 3 items
2026-03-16 16:59:37 [http-nio-8080-exec-2] DEBUG o.s.w.s.m.m.a.HttpEntityMethodProcessor - Using 'application/json', given [application/json, text/plain, */*] and supported [application/json, application/*+json, application/yaml]
2026-03-16 16:59:37 [http-nio-8080-exec-2] TRACE o.s.w.s.m.m.a.HttpEntityMethodProcessor - Writing [ApiResponse[success=true, status=200, code=COMMON_001, message=Success, data={list=[com.company.project.service.menu.dto.MenuDto@2270598b, com.company.project.service.menu.dto.MenuDto@42422621, com.company.project.service.menu.dto.MenuDto@36c619c]}, timestamp=2026-03-16T16:59:37.092149700]]
2026-03-16 16:59:37 [http-nio-8080-exec-2] INFO  c.c.p.a.i.OperationalAuditInterceptor - API Audit Log: URL=/api/v1/menu/left, User=webmaster, IP=0:0:0:0:0:0:0:1
2026-03-16 16:59:37 [http-nio-8080-exec-2] DEBUG o.s.web.servlet.DispatcherServlet - Completed 200 OK
2026-03-16 16:59:37 [http-nio-8080-exec-10] DEBUG o.s.orm.jpa.JpaTransactionManager - Closing JPA EntityManager [SessionImpl(161176421<open>)] after transaction
2026-03-16 16:59:37 [http-nio-8080-exec-10] INFO  c.c.p.a.c.menu.MenuController - getLeftMenu returned 1 items
2026-03-16 16:59:37 [http-nio-8080-exec-10] DEBUG o.s.w.s.m.m.a.HttpEntityMethodProcessor - Using 'application/json', given [application/json, text/plain, */*] and supported [application/json, application/*+json, application/yaml]
2026-03-16 16:59:37 [http-nio-8080-exec-10] TRACE o.s.w.s.m.m.a.HttpEntityMethodProcessor - Writing [ApiResponse[success=true, status=200, code=COMMON_001, message=Success, data={list=[com.company.project.service.menu.dto.MenuDto@72ef0d83]}, timestamp=2026-03-16T16:59:37.129620300]]
2026-03-16 16:59:37 [http-nio-8080-exec-10] INFO  c.c.p.a.i.OperationalAuditInterceptor - API Audit Log: URL=/api/v1/menu/left, User=webmaster, IP=0:0:0:0:0:0:0:1
2026-03-16 16:59:37 [http-nio-8080-exec-10] DEBUG o.s.web.servlet.DispatcherServlet - Completed 200 OK
2026-03-16 16:59:37 [http-nio-8080-exec-5] DEBUG o.s.orm.jpa.JpaTransactionManager - Closing JPA EntityManager [SessionImpl(1556056492<open>)] after transaction
2026-03-16 16:59:37 [http-nio-8080-exec-5] INFO  c.c.p.a.c.menu.MenuController - getLeftMenu returned 5 items
2026-03-16 16:59:37 [http-nio-8080-exec-5] DEBUG o.s.w.s.m.m.a.HttpEntityMethodProcessor - Using 'application/json', given [application/json, text/plain, */*] and supported [application/json, application/*+json, application/yaml]
2026-03-16 16:59:37 [http-nio-8080-exec-5] TRACE o.s.w.s.m.m.a.HttpEntityMethodProcessor - Writing [ApiResponse[success=true, status=200, code=COMMON_001, message=Success, data={list=[com.company.project.service.menu.dto.MenuDto@3ff90aa4, com.company.project.service.menu.dto.MenuDto@b7d298c, com.company.project.service.menu.dto.MenuDto@4aa86f24, com.company.project.service.menu.dto.MenuDto@3461040, com.company.project.service.menu.dto.MenuDto@749d96a6]}, timestamp=2026-03-16T16:59:37.132580200]]
2026-03-16 16:59:37 [http-nio-8080-exec-5] INFO  c.c.p.a.i.OperationalAuditInterceptor - API Audit Log: URL=/api/v1/menu/left, User=webmaster, IP=0:0:0:0:0:0:0:1
2026-03-16 16:59:37 [http-nio-8080-exec-5] DEBUG o.s.web.servlet.DispatcherServlet - Completed 200 OK
2026-03-16 16:59:37 [http-nio-8080-exec-3] DEBUG o.s.orm.jpa.JpaTransactionManager - Closing JPA EntityManager [SessionImpl(1292967755<open>)] after transaction
2026-03-16 16:59:37 [http-nio-8080-exec-3] INFO  c.c.p.a.c.menu.MenuController - getLeftMenu returned 2 items
2026-03-16 16:59:37 [http-nio-8080-exec-3] DEBUG o.s.w.s.m.m.a.HttpEntityMethodProcessor - Using 'application/json', given [application/json, text/plain, */*] and supported [application/json, application/*+json, application/yaml]
2026-03-16 16:59:37 [http-nio-8080-exec-3] TRACE o.s.w.s.m.m.a.HttpEntityMethodProcessor - Writing [ApiResponse[success=true, status=200, code=COMMON_001, message=Success, data={list=[com.company.project.service.menu.dto.MenuDto@233ed525, com.company.project.service.menu.dto.MenuDto@3ef2c29e]}, timestamp=2026-03-16T16:59:37.133546]]
2026-03-16 16:59:37 [http-nio-8080-exec-3] INFO  c.c.p.a.i.OperationalAuditInterceptor - API Audit Log: URL=/api/v1/menu/left, User=webmaster, IP=0:0:0:0:0:0:0:1
2026-03-16 16:59:37 [http-nio-8080-exec-3] DEBUG o.s.web.servlet.DispatcherServlet - Completed 200 OK
2026-03-16 16:59:37 [http-nio-8080-exec-1] DEBUG o.s.orm.jpa.JpaTransactionManager - Initiating transaction commit
2026-03-16 16:59:37 [http-nio-8080-exec-1] DEBUG o.s.orm.jpa.JpaTransactionManager - Committing JPA transaction on EntityManager [SessionImpl(393371727<open>)]
2026-03-16 16:59:37 [http-nio-8080-exec-1] DEBUG o.s.orm.jpa.JpaTransactionManager - Closing JPA EntityManager [SessionImpl(393371727<open>)] after transaction
2026-03-16 16:59:37 [http-nio-8080-exec-1] DEBUG o.s.w.s.m.m.a.HttpEntityMethodProcessor - Using 'application/json', given [application/json, text/plain, */*] and supported [application/json, application/*+json, application/yaml]
2026-03-16 16:59:37 [http-nio-8080-exec-1] TRACE o.s.w.s.m.m.a.HttpEntityMethodProcessor - Writing [{notiList=[com.company.project.service.board.dto.BoardDto@33bbc8ed], success=true, taskList=[com.company.project.service.board.dto.BoardDto@2327e9d3], pendingApprovalCount=0}]
2026-03-16 16:59:37 [http-nio-8080-exec-1] INFO  c.c.p.a.i.OperationalAuditInterceptor - API Audit Log: URL=/api/v1/dashboard, User=webmaster, IP=0:0:0:0:0:0:0:1
2026-03-16 16:59:37 [http-nio-8080-exec-1] DEBUG o.s.web.servlet.DispatcherServlet - Completed 200 OK
2026-03-16 16:59:37 [http-nio-8080-exec-9] DEBUG c.c.p.s.jwt.JwtAuthenticationFilter - >>> [JwtFilter] Processing request: GET /api/v1/menu/left
2026-03-16 16:59:37 [http-nio-8080-exec-6] DEBUG c.c.p.s.jwt.JwtAuthenticationFilter - >>> [JwtFilter] Processing request: GET /api/v1/menu/head
2026-03-16 16:59:37 [http-nio-8080-exec-9] DEBUG c.c.p.s.jwt.JwtAuthenticationFilter - >>> [JwtFilter] Found token in header for path: /api/v1/menu/left
2026-03-16 16:59:37 [http-nio-8080-exec-8] DEBUG c.c.p.s.jwt.JwtAuthenticationFilter - >>> [JwtFilter] Processing request: GET /api/v1/auth/me
2026-03-16 16:59:37 [http-nio-8080-exec-6] DEBUG c.c.p.s.jwt.JwtAuthenticationFilter - >>> [JwtFilter] Found token in header for path: /api/v1/menu/head
2026-03-16 16:59:37 [http-nio-8080-exec-8] DEBUG c.c.p.s.jwt.JwtAuthenticationFilter - >>> [JwtFilter] Found token in header for path: /api/v1/auth/me
2026-03-16 16:59:37 [http-nio-8080-exec-9] DEBUG o.s.orm.jpa.JpaTransactionManager - Creating new transaction with name [com.company.project.security.iam.CustomUserDetailsService.loadUserByUsername]: PROPAGATION_REQUIRED,ISOLATION_DEFAULT,readOnly
2026-03-16 16:59:37 [http-nio-8080-exec-8] DEBUG o.s.orm.jpa.JpaTransactionManager - Creating new transaction with name [com.company.project.security.iam.CustomUserDetailsService.loadUserByUsername]: PROPAGATION_REQUIRED,ISOLATION_DEFAULT,readOnly
2026-03-16 16:59:37 [http-nio-8080-exec-9] DEBUG o.s.orm.jpa.JpaTransactionManager - Opened new EntityManager [SessionImpl(1296877864<open>)] for JPA transaction
2026-03-16 16:59:37 [http-nio-8080-exec-6] DEBUG o.s.orm.jpa.JpaTransactionManager - Creating new transaction with name [com.company.project.security.iam.CustomUserDetailsService.loadUserByUsername]: PROPAGATION_REQUIRED,ISOLATION_DEFAULT,readOnly
2026-03-16 16:59:37 [http-nio-8080-exec-8] DEBUG o.s.orm.jpa.JpaTransactionManager - Opened new EntityManager [SessionImpl(16790606<open>)] for JPA transaction
2026-03-16 16:59:37 [http-nio-8080-exec-6] DEBUG o.s.orm.jpa.JpaTransactionManager - Opened new EntityManager [SessionImpl(1303980632<open>)] for JPA transaction
2026-03-16 16:59:38 [http-nio-8080-exec-9] DEBUG o.s.orm.jpa.JpaTransactionManager - Exposing JPA transaction as JDBC [org.springframework.orm.jpa.vendor.HibernateJpaDialect$HibernateConnectionHandle@74576740]
2026-03-16 16:59:38 [http-nio-8080-exec-9] DEBUG o.s.orm.jpa.JpaTransactionManager - Found thread-bound EntityManager [SessionImpl(1296877864<open>)] for JPA transaction
2026-03-16 16:59:38 [http-nio-8080-exec-9] DEBUG o.s.orm.jpa.JpaTransactionManager - Participating in existing transaction
2026-03-16 16:59:38 [http-nio-8080-exec-9] DEBUG org.hibernate.SQL - select u1_0.emplyr_id,u1_0.area_no,u1_0.brthdy,u1_0.chg_pwd_cnt,u1_0.frst_register_id,u1_0.frst_regist_pnttm,u1_0.detail_adres,u1_0.email_adres,u1_0.emplyr_sttus_code,u1_0.empl_no,u1_0.esntl_id,u1_0.fxnum,u1_0.group_id,u1_0.house_adres,u1_0.house_end_telno,u1_0.house_middle_telno,u1_0.ihidnum,u1_0.pstinst_code,u1_0.last_updusr_id,u1_0.last_updt_pnttm,u1_0.lock_at,u1_0.lock_cnt,u1_0.lock_last_pnttm,u1_0.mbtlnum,u1_0.ofcps_nm,u1_0.offm_telno,u1_0.orgnzt_id,u1_0.password,u1_0.password_cnsr,u1_0.password_hint,u1_0.chg_pwd_last_pnttm,u1_0.role,u1_0.sbscrb_de,u1_0.sexdstn_code,u1_0.crtfc_dn_value,u1_0.user_nm,u1_0.zip from nemplyrinfo u1_0 where u1_0.emplyr_id=?
2026-03-16 16:59:38 [http-nio-8080-exec-6] DEBUG o.s.orm.jpa.JpaTransactionManager - Exposing JPA transaction as JDBC [org.springframework.orm.jpa.vendor.HibernateJpaDialect$HibernateConnectionHandle@4745dfde]
2026-03-16 16:59:38 [http-nio-8080-exec-8] DEBUG o.s.orm.jpa.JpaTransactionManager - Exposing JPA transaction as JDBC [org.springframework.orm.jpa.vendor.HibernateJpaDialect$HibernateConnectionHandle@11848c4]
2026-03-16 16:59:38 [http-nio-8080-exec-6] DEBUG o.s.orm.jpa.JpaTransactionManager - Found thread-bound EntityManager [SessionImpl(1303980632<open>)] for JPA transaction
2026-03-16 16:59:38 [http-nio-8080-exec-8] DEBUG o.s.orm.jpa.JpaTransactionManager - Found thread-bound EntityManager [SessionImpl(16790606<open>)] for JPA transaction
2026-03-16 16:59:38 [http-nio-8080-exec-6] DEBUG o.s.orm.jpa.JpaTransactionManager - Participating in existing transaction
2026-03-16 16:59:38 [http-nio-8080-exec-8] DEBUG o.s.orm.jpa.JpaTransactionManager - Participating in existing transaction
2026-03-16 16:59:38 [http-nio-8080-exec-8] DEBUG org.hibernate.SQL - select u1_0.emplyr_id,u1_0.area_no,u1_0.brthdy,u1_0.chg_pwd_cnt,u1_0.frst_register_id,u1_0.frst_regist_pnttm,u1_0.detail_adres,u1_0.email_adres,u1_0.emplyr_sttus_code,u1_0.empl_no,u1_0.esntl_id,u1_0.fxnum,u1_0.group_id,u1_0.house_adres,u1_0.house_end_telno,u1_0.house_middle_telno,u1_0.ihidnum,u1_0.pstinst_code,u1_0.last_updusr_id,u1_0.last_updt_pnttm,u1_0.lock_at,u1_0.lock_cnt,u1_0.lock_last_pnttm,u1_0.mbtlnum,u1_0.ofcps_nm,u1_0.offm_telno,u1_0.orgnzt_id,u1_0.password,u1_0.password_cnsr,u1_0.password_hint,u1_0.chg_pwd_last_pnttm,u1_0.role,u1_0.sbscrb_de,u1_0.sexdstn_code,u1_0.crtfc_dn_value,u1_0.user_nm,u1_0.zip from nemplyrinfo u1_0 where u1_0.emplyr_id=?
2026-03-16 16:59:38 [http-nio-8080-exec-6] DEBUG org.hibernate.SQL - select u1_0.emplyr_id,u1_0.area_no,u1_0.brthdy,u1_0.chg_pwd_cnt,u1_0.frst_register_id,u1_0.frst_regist_pnttm,u1_0.detail_adres,u1_0.email_adres,u1_0.emplyr_sttus_code,u1_0.empl_no,u1_0.esntl_id,u1_0.fxnum,u1_0.group_id,u1_0.house_adres,u1_0.house_end_telno,u1_0.house_middle_telno,u1_0.ihidnum,u1_0.pstinst_code,u1_0.last_updusr_id,u1_0.last_updt_pnttm,u1_0.lock_at,u1_0.lock_cnt,u1_0.lock_last_pnttm,u1_0.mbtlnum,u1_0.ofcps_nm,u1_0.offm_telno,u1_0.orgnzt_id,u1_0.password,u1_0.password_cnsr,u1_0.password_hint,u1_0.chg_pwd_last_pnttm,u1_0.role,u1_0.sbscrb_de,u1_0.sexdstn_code,u1_0.crtfc_dn_value,u1_0.user_nm,u1_0.zip from nemplyrinfo u1_0 where u1_0.emplyr_id=?
2026-03-16 16:59:38 [http-nio-8080-exec-9] DEBUG o.s.orm.jpa.JpaTransactionManager - Found thread-bound EntityManager [SessionImpl(1296877864<open>)] for JPA transaction
2026-03-16 16:59:38 [http-nio-8080-exec-9] DEBUG o.s.orm.jpa.JpaTransactionManager - Participating in existing transaction
2026-03-16 16:59:38 [http-nio-8080-exec-9] DEBUG org.hibernate.SQL - select ua1_0.scrty_dtrmn_trget_id,ua1_0.author_code,ua1_0.frst_register_id,ua1_0.frst_regist_pnttm,ua1_0.last_updusr_id,ua1_0.last_updt_pnttm,ua1_0.mber_ty_code from nemplyrscrtyestbs ua1_0 where ua1_0.scrty_dtrmn_trget_id=?
2026-03-16 16:59:38 [http-nio-8080-exec-8] DEBUG o.s.orm.jpa.JpaTransactionManager - Found thread-bound EntityManager [SessionImpl(16790606<open>)] for JPA transaction
2026-03-16 16:59:38 [http-nio-8080-exec-6] DEBUG o.s.orm.jpa.JpaTransactionManager - Found thread-bound EntityManager [SessionImpl(1303980632<open>)] for JPA transaction
2026-03-16 16:59:38 [http-nio-8080-exec-8] DEBUG o.s.orm.jpa.JpaTransactionManager - Participating in existing transaction
2026-03-16 16:59:38 [http-nio-8080-exec-6] DEBUG o.s.orm.jpa.JpaTransactionManager - Participating in existing transaction
2026-03-16 16:59:38 [http-nio-8080-exec-8] DEBUG org.hibernate.SQL - select ua1_0.scrty_dtrmn_trget_id,ua1_0.author_code,ua1_0.frst_register_id,ua1_0.frst_regist_pnttm,ua1_0.last_updusr_id,ua1_0.last_updt_pnttm,ua1_0.mber_ty_code from nemplyrscrtyestbs ua1_0 where ua1_0.scrty_dtrmn_trget_id=?
2026-03-16 16:59:38 [http-nio-8080-exec-6] DEBUG org.hibernate.SQL - select ua1_0.scrty_dtrmn_trget_id,ua1_0.author_code,ua1_0.frst_register_id,ua1_0.frst_regist_pnttm,ua1_0.last_updusr_id,ua1_0.last_updt_pnttm,ua1_0.mber_ty_code from nemplyrscrtyestbs ua1_0 where ua1_0.scrty_dtrmn_trget_id=?
2026-03-16 16:59:38 [http-nio-8080-exec-9] DEBUG o.s.orm.jpa.JpaTransactionManager - Initiating transaction commit
2026-03-16 16:59:38 [http-nio-8080-exec-9] DEBUG o.s.orm.jpa.JpaTransactionManager - Committing JPA transaction on EntityManager [SessionImpl(1296877864<open>)]
2026-03-16 16:59:38 [http-nio-8080-exec-8] DEBUG o.s.orm.jpa.JpaTransactionManager - Initiating transaction commit
2026-03-16 16:59:38 [http-nio-8080-exec-8] DEBUG o.s.orm.jpa.JpaTransactionManager - Committing JPA transaction on EntityManager [SessionImpl(16790606<open>)]
2026-03-16 16:59:38 [http-nio-8080-exec-6] DEBUG o.s.orm.jpa.JpaTransactionManager - Initiating transaction commit
2026-03-16 16:59:38 [http-nio-8080-exec-6] DEBUG o.s.orm.jpa.JpaTransactionManager - Committing JPA transaction on EntityManager [SessionImpl(1303980632<open>)]
2026-03-16 16:59:38 [http-nio-8080-exec-9] DEBUG o.s.orm.jpa.JpaTransactionManager - Closing JPA EntityManager [SessionImpl(1296877864<open>)] after transaction
2026-03-16 16:59:38 [http-nio-8080-exec-9] DEBUG c.c.p.s.jwt.JwtAuthenticationFilter - >>> [JwtFilter] Successfully authenticated user: USRCNFRM_99999999999, Authorities: [ROLE_ADMIN]
2026-03-16 16:59:38 [http-nio-8080-exec-9] DEBUG o.s.web.servlet.DispatcherServlet - GET "/api/v1/menu/left?menuNo=10", parameters={masked}
2026-03-16 16:59:38 [http-nio-8080-exec-9] TRACE o.s.w.s.m.m.a.RequestMappingHandlerMapping - Mapped to com.company.project.api.controller.menu.MenuController#getLeftMenu(Long)
2026-03-16 16:59:38 [http-nio-8080-exec-9] INFO  c.c.p.a.c.menu.MenuController - getLeftMenu called with menuNo=10
2026-03-16 16:59:38 [http-nio-8080-exec-9] DEBUG o.s.orm.jpa.JpaTransactionManager - Creating new transaction with name [com.company.project.service.menu.MenuService.getSubMenus]: PROPAGATION_REQUIRED,ISOLATION_DEFAULT,readOnly
2026-03-16 16:59:38 [http-nio-8080-exec-9] DEBUG o.s.orm.jpa.JpaTransactionManager - Opened new EntityManager [SessionImpl(258186257<open>)] for JPA transaction
2026-03-16 16:59:38 [http-nio-8080-exec-9] DEBUG o.s.orm.jpa.JpaTransactionManager - Exposing JPA transaction as JDBC [org.springframework.orm.jpa.vendor.HibernateJpaDialect$HibernateConnectionHandle@79275559]
2026-03-16 16:59:38 [http-nio-8080-exec-9] DEBUG org.hibernate.SQL - select m1_0.menu_no,m1_0.menu_dc,m1_0.menu_nm,m1_0.menu_ordr,m1_0.modern_route,m1_0.progrm_file_nm,m1_0.relate_image_nm,m1_0.relate_image_path,m1_0.route_updated_at,m1_0.upper_menu_no from nmenuinfo m1_0 order by m1_0.upper_menu_no,m1_0.menu_ordr
2026-03-16 16:59:38 [http-nio-8080-exec-6] DEBUG o.s.orm.jpa.JpaTransactionManager - Closing JPA EntityManager [SessionImpl(1303980632<open>)] after transaction
2026-03-16 16:59:38 [http-nio-8080-exec-8] DEBUG o.s.orm.jpa.JpaTransactionManager - Closing JPA EntityManager [SessionImpl(16790606<open>)] after transaction
2026-03-16 16:59:38 [http-nio-8080-exec-6] DEBUG c.c.p.s.jwt.JwtAuthenticationFilter - >>> [JwtFilter] Successfully authenticated user: USRCNFRM_99999999999, Authorities: [ROLE_ADMIN]
2026-03-16 16:59:38 [http-nio-8080-exec-8] DEBUG c.c.p.s.jwt.JwtAuthenticationFilter - >>> [JwtFilter] Successfully authenticated user: USRCNFRM_99999999999, Authorities: [ROLE_ADMIN]
2026-03-16 16:59:38 [http-nio-8080-exec-6] DEBUG o.s.web.servlet.DispatcherServlet - GET "/api/v1/menu/head", parameters={}
2026-03-16 16:59:38 [http-nio-8080-exec-8] DEBUG o.s.web.servlet.DispatcherServlet - GET "/api/v1/auth/me", parameters={}
2026-03-16 16:59:38 [http-nio-8080-exec-6] TRACE o.s.w.s.m.m.a.RequestMappingHandlerMapping - Mapped to com.company.project.api.controller.menu.MenuController#getHeadMenu()
2026-03-16 16:59:38 [http-nio-8080-exec-6] INFO  c.c.p.a.c.menu.MenuController - getHeadMenu called
2026-03-16 16:59:38 [http-nio-8080-exec-8] TRACE o.s.w.s.m.m.a.RequestMappingHandlerMapping - Mapped to com.company.project.api.auth.AuthController#getCurrentUser()
2026-03-16 16:59:38 [http-nio-8080-exec-6] INFO  c.c.p.a.c.menu.MenuController - getHeadMenu returned 5 items
2026-03-16 16:59:38 [http-nio-8080-exec-6] DEBUG o.s.w.s.m.m.a.HttpEntityMethodProcessor - Using 'application/json', given [application/json, text/plain, */*] and supported [application/json, application/*+json, application/yaml]
2026-03-16 16:59:38 [http-nio-8080-exec-8] DEBUG o.s.w.s.m.m.a.RequestResponseBodyMethodProcessor - Using 'application/json', given [application/json, text/plain, */*] and supported [application/json, application/*+json, application/yaml]
2026-03-16 16:59:38 [http-nio-8080-exec-6] TRACE o.s.w.s.m.m.a.HttpEntityMethodProcessor - Writing [ApiResponse[success=true, status=200, code=COMMON_001, message=Success, data={list=[com.company.project.service.menu.dto.MenuDto@2b80d6b0, com.company.project.service.menu.dto.MenuDto@1418cfa3, com.company.project.service.menu.dto.MenuDto@f230bf1, com.company.project.service.menu.dto.MenuDto@734a7f6a, com.company.project.service.menu.dto.MenuDto@5e5202e5]}, timestamp=2026-03-16T16:59:38.568716]]
2026-03-16 16:59:38 [http-nio-8080-exec-8] TRACE o.s.w.s.m.m.a.RequestResponseBodyMethodProcessor - Writing [ApiResponse[success=true, status=200, code=COMMON_001, message=Success, data={role=ROLE_ADMIN, userSe=EMP, name=관리자, id=webmaster}, timestamp=2026-03-16T16:59:38.568716]]
2026-03-16 16:59:38 [http-nio-8080-exec-8] INFO  c.c.p.a.i.OperationalAuditInterceptor - API Audit Log: URL=/api/v1/auth/me, User=webmaster, IP=127.0.0.1
2026-03-16 16:59:38 [http-nio-8080-exec-6] INFO  c.c.p.a.i.OperationalAuditInterceptor - API Audit Log: URL=/api/v1/menu/head, User=webmaster, IP=127.0.0.1
2026-03-16 16:59:38 [http-nio-8080-exec-8] DEBUG o.s.web.servlet.DispatcherServlet - Completed 200 OK
2026-03-16 16:59:38 [http-nio-8080-exec-6] DEBUG o.s.web.servlet.DispatcherServlet - Completed 200 OK
2026-03-16 16:59:38 [http-nio-8080-exec-7] DEBUG c.c.p.s.jwt.JwtAuthenticationFilter - >>> [JwtFilter] Processing request: GET /api/v1/notifications
2026-03-16 16:59:38 [http-nio-8080-exec-7] DEBUG c.c.p.s.jwt.JwtAuthenticationFilter - >>> [JwtFilter] Found token in header for path: /api/v1/notifications
2026-03-16 16:59:38 [http-nio-8080-exec-7] DEBUG o.s.orm.jpa.JpaTransactionManager - Creating new transaction with name [com.company.project.security.iam.CustomUserDetailsService.loadUserByUsername]: PROPAGATION_REQUIRED,ISOLATION_DEFAULT,readOnly
2026-03-16 16:59:38 [http-nio-8080-exec-7] DEBUG o.s.orm.jpa.JpaTransactionManager - Opened new EntityManager [SessionImpl(1292823717<open>)] for JPA transaction
2026-03-16 16:59:38 [http-nio-8080-exec-4] DEBUG c.c.p.s.jwt.JwtAuthenticationFilter - >>> [JwtFilter] Processing request: GET /api/v1/notifications/unread-count
2026-03-16 16:59:38 [http-nio-8080-exec-10] DEBUG c.c.p.s.jwt.JwtAuthenticationFilter - >>> [JwtFilter] Processing request: GET /api/v1/admin/system/banners/reflected
2026-03-16 16:59:38 [http-nio-8080-exec-2] DEBUG c.c.p.s.jwt.JwtAuthenticationFilter - >>> [JwtFilter] Processing request: GET /api/v1/popups/active
2026-03-16 16:59:38 [http-nio-8080-exec-4] DEBUG c.c.p.s.jwt.JwtAuthenticationFilter - >>> [JwtFilter] Found token in header for path: /api/v1/notifications/unread-count
2026-03-16 16:59:38 [http-nio-8080-exec-10] DEBUG c.c.p.s.jwt.JwtAuthenticationFilter - >>> [JwtFilter] Found token in header for path: /api/v1/admin/system/banners/reflected
2026-03-16 16:59:38 [http-nio-8080-exec-2] DEBUG c.c.p.s.jwt.JwtAuthenticationFilter - >>> [JwtFilter] Found token in header for path: /api/v1/popups/active
2026-03-16 16:59:38 [http-nio-8080-exec-2] DEBUG o.s.orm.jpa.JpaTransactionManager - Creating new transaction with name [com.company.project.security.iam.CustomUserDetailsService.loadUserByUsername]: PROPAGATION_REQUIRED,ISOLATION_DEFAULT,readOnly
2026-03-16 16:59:38 [http-nio-8080-exec-10] DEBUG o.s.orm.jpa.JpaTransactionManager - Creating new transaction with name [com.company.project.security.iam.CustomUserDetailsService.loadUserByUsername]: PROPAGATION_REQUIRED,ISOLATION_DEFAULT,readOnly
2026-03-16 16:59:38 [http-nio-8080-exec-2] DEBUG o.s.orm.jpa.JpaTransactionManager - Opened new EntityManager [SessionImpl(269087389<open>)] for JPA transaction
2026-03-16 16:59:38 [http-nio-8080-exec-10] DEBUG o.s.orm.jpa.JpaTransactionManager - Opened new EntityManager [SessionImpl(1050901090<open>)] for JPA transaction
2026-03-16 16:59:38 [http-nio-8080-exec-4] DEBUG o.s.orm.jpa.JpaTransactionManager - Creating new transaction with name [com.company.project.security.iam.CustomUserDetailsService.loadUserByUsername]: PROPAGATION_REQUIRED,ISOLATION_DEFAULT,readOnly
2026-03-16 16:59:38 [http-nio-8080-exec-4] DEBUG o.s.orm.jpa.JpaTransactionManager - Opened new EntityManager [SessionImpl(1710264039<open>)] for JPA transaction
2026-03-16 16:59:38 [http-nio-8080-exec-5] DEBUG o.s.web.servlet.DispatcherServlet - GET "/ws/info?t=1773647978718", parameters={masked}
2026-03-16 16:59:38 [http-nio-8080-exec-5] DEBUG o.s.w.s.s.s.WebSocketHandlerMapping - Mapped to org.springframework.web.socket.sockjs.support.SockJsHttpRequestHandler@3d80b7ba
2026-03-16 16:59:38 [http-nio-8080-exec-5] DEBUG o.s.w.s.s.t.h.DefaultSockJsService - Processing transport request: GET http://localhost:8080/ws/info?t=1773647978718
2026-03-16 16:59:38 [http-nio-8080-exec-5] DEBUG o.s.web.servlet.DispatcherServlet - Completed 200 OK
2026-03-16 16:59:38 [http-nio-8080-exec-3] DEBUG o.s.web.servlet.DispatcherServlet - GET "/ws/918/yqqvzocy/websocket", parameters={}
2026-03-16 16:59:38 [http-nio-8080-exec-3] DEBUG o.s.w.s.s.s.WebSocketHandlerMapping - Mapped to org.springframework.web.socket.sockjs.support.SockJsHttpRequestHandler@3d80b7ba
2026-03-16 16:59:38 [http-nio-8080-exec-3] DEBUG o.s.w.s.s.t.h.DefaultSockJsService - Processing transport request: GET http://localhost:8080/ws/918/yqqvzocy/websocket
2026-03-16 16:59:38 [http-nio-8080-exec-3] DEBUG o.s.web.servlet.DispatcherServlet - Completed 101 SWITCHING_PROTOCOLS
2026-03-16 16:59:38 [http-nio-8080-exec-3] DEBUG o.s.w.s.h.LoggingWebSocketHandlerDecorator - New WebSocketServerSockJsSession[id=yqqvzocy]
2026-03-16 16:59:38 [scheduling-1] DEBUG org.springframework.web.SimpLogging - Processing CONNECT session=yqqvzocy
2026-03-16 16:59:38 [scheduling-1] DEBUG org.springframework.web.SimpLogging - Processing SUBSCRIBE /topic/notices id=sub-0 session=yqqvzocy
2026-03-16 16:59:38 [scheduling-1] DEBUG org.springframework.web.SimpLogging - Processing SUBSCRIBE destination=/queue/notifications-useryqqvzocy subscriptionId=sub-1 session=yqqvzocy payload=byte[0]
2026-03-16 16:59:38 [scheduling-1] DEBUG org.springframework.web.SimpLogging - Processing SUBSCRIBE /topic/public id=sub-2 session=yqqvzocy
2026-03-16 16:59:38 [scheduling-1] DEBUG org.springframework.web.SimpLogging - Processing SUBSCRIBE /topic/dashboard/stats id=sub-4 session=yqqvzocy
2026-03-16 16:59:38 [scheduling-1] DEBUG org.springframework.web.SimpLogging - Processing SUBSCRIBE /topic/notifications id=sub-5 session=yqqvzocy
2026-03-16 16:59:38 [scheduling-1] DEBUG org.springframework.web.SimpLogging - Processing SUBSCRIBE destination=/queue/notifications-useryqqvzocy subscriptionId=sub-6 session=yqqvzocy payload=byte[0]
2026-03-16 16:59:38 [http-nio-8080-exec-5] DEBUG c.c.p.s.jwt.JwtAuthenticationFilter - >>> [JwtFilter] Processing request: GET /api/v1/admin/system/statistics/connect
2026-03-16 16:59:38 [http-nio-8080-exec-5] DEBUG c.c.p.s.jwt.JwtAuthenticationFilter - >>> [JwtFilter] Found token in header for path: /api/v1/admin/system/statistics/connect
2026-03-16 16:59:38 [http-nio-8080-exec-5] DEBUG o.s.orm.jpa.JpaTransactionManager - Creating new transaction with name [com.company.project.security.iam.CustomUserDetailsService.loadUserByUsername]: PROPAGATION_REQUIRED,ISOLATION_DEFAULT,readOnly
2026-03-16 16:59:38 [http-nio-8080-exec-5] DEBUG o.s.orm.jpa.JpaTransactionManager - Opened new EntityManager [SessionImpl(374268144<open>)] for JPA transaction
2026-03-16 16:59:38 [http-nio-8080-exec-7] DEBUG o.s.orm.jpa.JpaTransactionManager - Exposing JPA transaction as JDBC [org.springframework.orm.jpa.vendor.HibernateJpaDialect$HibernateConnectionHandle@71f5a8e8]
2026-03-16 16:59:38 [http-nio-8080-exec-7] DEBUG o.s.orm.jpa.JpaTransactionManager - Found thread-bound EntityManager [SessionImpl(1292823717<open>)] for JPA transaction
2026-03-16 16:59:38 [http-nio-8080-exec-7] DEBUG o.s.orm.jpa.JpaTransactionManager - Participating in existing transaction
2026-03-16 16:59:38 [http-nio-8080-exec-7] DEBUG org.hibernate.SQL - select u1_0.emplyr_id,u1_0.area_no,u1_0.brthdy,u1_0.chg_pwd_cnt,u1_0.frst_register_id,u1_0.frst_regist_pnttm,u1_0.detail_adres,u1_0.email_adres,u1_0.emplyr_sttus_code,u1_0.empl_no,u1_0.esntl_id,u1_0.fxnum,u1_0.group_id,u1_0.house_adres,u1_0.house_end_telno,u1_0.house_middle_telno,u1_0.ihidnum,u1_0.pstinst_code,u1_0.last_updusr_id,u1_0.last_updt_pnttm,u1_0.lock_at,u1_0.lock_cnt,u1_0.lock_last_pnttm,u1_0.mbtlnum,u1_0.ofcps_nm,u1_0.offm_telno,u1_0.orgnzt_id,u1_0.password,u1_0.password_cnsr,u1_0.password_hint,u1_0.chg_pwd_last_pnttm,u1_0.role,u1_0.sbscrb_de,u1_0.sexdstn_code,u1_0.crtfc_dn_value,u1_0.user_nm,u1_0.zip from nemplyrinfo u1_0 where u1_0.emplyr_id=?
2026-03-16 16:59:38 [http-nio-8080-exec-2] DEBUG o.s.orm.jpa.JpaTransactionManager - Exposing JPA transaction as JDBC [org.springframework.orm.jpa.vendor.HibernateJpaDialect$HibernateConnectionHandle@30954d16]
2026-03-16 16:59:38 [http-nio-8080-exec-4] DEBUG o.s.orm.jpa.JpaTransactionManager - Exposing JPA transaction as JDBC [org.springframework.orm.jpa.vendor.HibernateJpaDialect$HibernateConnectionHandle@43b3e628]
2026-03-16 16:59:38 [http-nio-8080-exec-2] DEBUG o.s.orm.jpa.JpaTransactionManager - Found thread-bound EntityManager [SessionImpl(269087389<open>)] for JPA transaction
2026-03-16 16:59:38 [http-nio-8080-exec-4] DEBUG o.s.orm.jpa.JpaTransactionManager - Found thread-bound EntityManager [SessionImpl(1710264039<open>)] for JPA transaction
2026-03-16 16:59:38 [http-nio-8080-exec-2] DEBUG o.s.orm.jpa.JpaTransactionManager - Participating in existing transaction
2026-03-16 16:59:38 [http-nio-8080-exec-4] DEBUG o.s.orm.jpa.JpaTransactionManager - Participating in existing transaction
2026-03-16 16:59:38 [http-nio-8080-exec-4] DEBUG org.hibernate.SQL - select u1_0.emplyr_id,u1_0.area_no,u1_0.brthdy,u1_0.chg_pwd_cnt,u1_0.frst_register_id,u1_0.frst_regist_pnttm,u1_0.detail_adres,u1_0.email_adres,u1_0.emplyr_sttus_code,u1_0.empl_no,u1_0.esntl_id,u1_0.fxnum,u1_0.group_id,u1_0.house_adres,u1_0.house_end_telno,u1_0.house_middle_telno,u1_0.ihidnum,u1_0.pstinst_code,u1_0.last_updusr_id,u1_0.last_updt_pnttm,u1_0.lock_at,u1_0.lock_cnt,u1_0.lock_last_pnttm,u1_0.mbtlnum,u1_0.ofcps_nm,u1_0.offm_telno,u1_0.orgnzt_id,u1_0.password,u1_0.password_cnsr,u1_0.password_hint,u1_0.chg_pwd_last_pnttm,u1_0.role,u1_0.sbscrb_de,u1_0.sexdstn_code,u1_0.crtfc_dn_value,u1_0.user_nm,u1_0.zip from nemplyrinfo u1_0 where u1_0.emplyr_id=?
2026-03-16 16:59:38 [http-nio-8080-exec-2] DEBUG org.hibernate.SQL - select u1_0.emplyr_id,u1_0.area_no,u1_0.brthdy,u1_0.chg_pwd_cnt,u1_0.frst_register_id,u1_0.frst_regist_pnttm,u1_0.detail_adres,u1_0.email_adres,u1_0.emplyr_sttus_code,u1_0.empl_no,u1_0.esntl_id,u1_0.fxnum,u1_0.group_id,u1_0.house_adres,u1_0.house_end_telno,u1_0.house_middle_telno,u1_0.ihidnum,u1_0.pstinst_code,u1_0.last_updusr_id,u1_0.last_updt_pnttm,u1_0.lock_at,u1_0.lock_cnt,u1_0.lock_last_pnttm,u1_0.mbtlnum,u1_0.ofcps_nm,u1_0.offm_telno,u1_0.orgnzt_id,u1_0.password,u1_0.password_cnsr,u1_0.password_hint,u1_0.chg_pwd_last_pnttm,u1_0.role,u1_0.sbscrb_de,u1_0.sexdstn_code,u1_0.crtfc_dn_value,u1_0.user_nm,u1_0.zip from nemplyrinfo u1_0 where u1_0.emplyr_id=?
2026-03-16 16:59:38 [http-nio-8080-exec-10] DEBUG o.s.orm.jpa.JpaTransactionManager - Exposing JPA transaction as JDBC [org.springframework.orm.jpa.vendor.HibernateJpaDialect$HibernateConnectionHandle@39fc5bab]
2026-03-16 16:59:38 [http-nio-8080-exec-10] DEBUG o.s.orm.jpa.JpaTransactionManager - Found thread-bound EntityManager [SessionImpl(1050901090<open>)] for JPA transaction
2026-03-16 16:59:38 [http-nio-8080-exec-10] DEBUG o.s.orm.jpa.JpaTransactionManager - Participating in existing transaction
2026-03-16 16:59:38 [http-nio-8080-exec-10] DEBUG org.hibernate.SQL - select u1_0.emplyr_id,u1_0.area_no,u1_0.brthdy,u1_0.chg_pwd_cnt,u1_0.frst_register_id,u1_0.frst_regist_pnttm,u1_0.detail_adres,u1_0.email_adres,u1_0.emplyr_sttus_code,u1_0.empl_no,u1_0.esntl_id,u1_0.fxnum,u1_0.group_id,u1_0.house_adres,u1_0.house_end_telno,u1_0.house_middle_telno,u1_0.ihidnum,u1_0.pstinst_code,u1_0.last_updusr_id,u1_0.last_updt_pnttm,u1_0.lock_at,u1_0.lock_cnt,u1_0.lock_last_pnttm,u1_0.mbtlnum,u1_0.ofcps_nm,u1_0.offm_telno,u1_0.orgnzt_id,u1_0.password,u1_0.password_cnsr,u1_0.password_hint,u1_0.chg_pwd_last_pnttm,u1_0.role,u1_0.sbscrb_de,u1_0.sexdstn_code,u1_0.crtfc_dn_value,u1_0.user_nm,u1_0.zip from nemplyrinfo u1_0 where u1_0.emplyr_id=?
2026-03-16 16:59:38 [http-nio-8080-exec-9] DEBUG o.s.orm.jpa.JpaTransactionManager - Found thread-bound EntityManager [SessionImpl(258186257<open>)] for JPA transaction
2026-03-16 16:59:38 [http-nio-8080-exec-9] DEBUG o.s.orm.jpa.JpaTransactionManager - Participating in existing transaction
2026-03-16 16:59:38 [http-nio-8080-exec-9] DEBUG org.hibernate.SQL - select p1_0.progrm_file_nm,p1_0.progrm_dc,p1_0.progrm_korean_nm,p1_0.progrm_stre_path,p1_0.url from nprogrmlist p1_0
2026-03-16 16:59:38 [http-nio-8080-exec-5] DEBUG o.s.orm.jpa.JpaTransactionManager - Exposing JPA transaction as JDBC [org.springframework.orm.jpa.vendor.HibernateJpaDialect$HibernateConnectionHandle@1f966c52]
2026-03-16 16:59:38 [http-nio-8080-exec-5] DEBUG o.s.orm.jpa.JpaTransactionManager - Found thread-bound EntityManager [SessionImpl(374268144<open>)] for JPA transaction
2026-03-16 16:59:38 [http-nio-8080-exec-5] DEBUG o.s.orm.jpa.JpaTransactionManager - Participating in existing transaction
2026-03-16 16:59:38 [http-nio-8080-exec-5] DEBUG org.hibernate.SQL - select u1_0.emplyr_id,u1_0.area_no,u1_0.brthdy,u1_0.chg_pwd_cnt,u1_0.frst_register_id,u1_0.frst_regist_pnttm,u1_0.detail_adres,u1_0.email_adres,u1_0.emplyr_sttus_code,u1_0.empl_no,u1_0.esntl_id,u1_0.fxnum,u1_0.group_id,u1_0.house_adres,u1_0.house_end_telno,u1_0.house_middle_telno,u1_0.ihidnum,u1_0.pstinst_code,u1_0.last_updusr_id,u1_0.last_updt_pnttm,u1_0.lock_at,u1_0.lock_cnt,u1_0.lock_last_pnttm,u1_0.mbtlnum,u1_0.ofcps_nm,u1_0.offm_telno,u1_0.orgnzt_id,u1_0.password,u1_0.password_cnsr,u1_0.password_hint,u1_0.chg_pwd_last_pnttm,u1_0.role,u1_0.sbscrb_de,u1_0.sexdstn_code,u1_0.crtfc_dn_value,u1_0.user_nm,u1_0.zip from nemplyrinfo u1_0 where u1_0.emplyr_id=?
2026-03-16 16:59:38 [http-nio-8080-exec-4] DEBUG o.s.orm.jpa.JpaTransactionManager - Found thread-bound EntityManager [SessionImpl(1710264039<open>)] for JPA transaction
2026-03-16 16:59:38 [http-nio-8080-exec-4] DEBUG o.s.orm.jpa.JpaTransactionManager - Participating in existing transaction
2026-03-16 16:59:38 [http-nio-8080-exec-4] DEBUG org.hibernate.SQL - select ua1_0.scrty_dtrmn_trget_id,ua1_0.author_code,ua1_0.frst_register_id,ua1_0.frst_regist_pnttm,ua1_0.last_updusr_id,ua1_0.last_updt_pnttm,ua1_0.mber_ty_code from nemplyrscrtyestbs ua1_0 where ua1_0.scrty_dtrmn_trget_id=?
2026-03-16 16:59:38 [http-nio-8080-exec-2] DEBUG o.s.orm.jpa.JpaTransactionManager - Found thread-bound EntityManager [SessionImpl(269087389<open>)] for JPA transaction
2026-03-16 16:59:38 [http-nio-8080-exec-2] DEBUG o.s.orm.jpa.JpaTransactionManager - Participating in existing transaction
2026-03-16 16:59:38 [http-nio-8080-exec-2] DEBUG org.hibernate.SQL - select ua1_0.scrty_dtrmn_trget_id,ua1_0.author_code,ua1_0.frst_register_id,ua1_0.frst_regist_pnttm,ua1_0.last_updusr_id,ua1_0.last_updt_pnttm,ua1_0.mber_ty_code from nemplyrscrtyestbs ua1_0 where ua1_0.scrty_dtrmn_trget_id=?
2026-03-16 16:59:38 [http-nio-8080-exec-7] DEBUG o.s.orm.jpa.JpaTransactionManager - Found thread-bound EntityManager [SessionImpl(1292823717<open>)] for JPA transaction
2026-03-16 16:59:38 [http-nio-8080-exec-7] DEBUG o.s.orm.jpa.JpaTransactionManager - Participating in existing transaction
2026-03-16 16:59:38 [http-nio-8080-exec-7] DEBUG org.hibernate.SQL - select ua1_0.scrty_dtrmn_trget_id,ua1_0.author_code,ua1_0.frst_register_id,ua1_0.frst_regist_pnttm,ua1_0.last_updusr_id,ua1_0.last_updt_pnttm,ua1_0.mber_ty_code from nemplyrscrtyestbs ua1_0 where ua1_0.scrty_dtrmn_trget_id=?
2026-03-16 16:59:38 [http-nio-8080-exec-10] DEBUG o.s.orm.jpa.JpaTransactionManager - Found thread-bound EntityManager [SessionImpl(1050901090<open>)] for JPA transaction
2026-03-16 16:59:38 [http-nio-8080-exec-10] DEBUG o.s.orm.jpa.JpaTransactionManager - Participating in existing transaction
2026-03-16 16:59:38 [http-nio-8080-exec-10] DEBUG org.hibernate.SQL - select ua1_0.scrty_dtrmn_trget_id,ua1_0.author_code,ua1_0.frst_register_id,ua1_0.frst_regist_pnttm,ua1_0.last_updusr_id,ua1_0.last_updt_pnttm,ua1_0.mber_ty_code from nemplyrscrtyestbs ua1_0 where ua1_0.scrty_dtrmn_trget_id=?
2026-03-16 16:59:39 [http-nio-8080-exec-9] DEBUG o.s.orm.jpa.JpaTransactionManager - Initiating transaction commit
2026-03-16 16:59:39 [http-nio-8080-exec-9] DEBUG o.s.orm.jpa.JpaTransactionManager - Committing JPA transaction on EntityManager [SessionImpl(258186257<open>)]
2026-03-16 16:59:39 [http-nio-8080-exec-5] DEBUG o.s.orm.jpa.JpaTransactionManager - Found thread-bound EntityManager [SessionImpl(374268144<open>)] for JPA transaction
2026-03-16 16:59:39 [http-nio-8080-exec-5] DEBUG o.s.orm.jpa.JpaTransactionManager - Participating in existing transaction
2026-03-16 16:59:39 [http-nio-8080-exec-5] DEBUG org.hibernate.SQL - select ua1_0.scrty_dtrmn_trget_id,ua1_0.author_code,ua1_0.frst_register_id,ua1_0.frst_regist_pnttm,ua1_0.last_updusr_id,ua1_0.last_updt_pnttm,ua1_0.mber_ty_code from nemplyrscrtyestbs ua1_0 where ua1_0.scrty_dtrmn_trget_id=?
2026-03-16 16:59:39 [http-nio-8080-exec-4] DEBUG o.s.orm.jpa.JpaTransactionManager - Initiating transaction commit
2026-03-16 16:59:39 [http-nio-8080-exec-4] DEBUG o.s.orm.jpa.JpaTransactionManager - Committing JPA transaction on EntityManager [SessionImpl(1710264039<open>)]
2026-03-16 16:59:39 [http-nio-8080-exec-2] DEBUG o.s.orm.jpa.JpaTransactionManager - Initiating transaction commit
2026-03-16 16:59:39 [http-nio-8080-exec-2] DEBUG o.s.orm.jpa.JpaTransactionManager - Committing JPA transaction on EntityManager [SessionImpl(269087389<open>)]
2026-03-16 16:59:39 [http-nio-8080-exec-7] DEBUG o.s.orm.jpa.JpaTransactionManager - Initiating transaction commit
2026-03-16 16:59:39 [http-nio-8080-exec-7] DEBUG o.s.orm.jpa.JpaTransactionManager - Committing JPA transaction on EntityManager [SessionImpl(1292823717<open>)]
2026-03-16 16:59:39 [http-nio-8080-exec-10] DEBUG o.s.orm.jpa.JpaTransactionManager - Initiating transaction commit
2026-03-16 16:59:39 [http-nio-8080-exec-10] DEBUG o.s.orm.jpa.JpaTransactionManager - Committing JPA transaction on EntityManager [SessionImpl(1050901090<open>)]
2026-03-16 16:59:39 [http-nio-8080-exec-9] DEBUG o.s.orm.jpa.JpaTransactionManager - Closing JPA EntityManager [SessionImpl(258186257<open>)] after transaction
2026-03-16 16:59:39 [http-nio-8080-exec-9] INFO  c.c.p.a.c.menu.MenuController - getLeftMenu returned 5 items
2026-03-16 16:59:39 [http-nio-8080-exec-9] DEBUG o.s.w.s.m.m.a.HttpEntityMethodProcessor - Using 'application/json', given [application/json, text/plain, */*] and supported [application/json, application/*+json, application/yaml]
2026-03-16 16:59:39 [http-nio-8080-exec-9] TRACE o.s.w.s.m.m.a.HttpEntityMethodProcessor - Writing [ApiResponse[success=true, status=200, code=COMMON_001, message=Success, data={list=[com.company.project.service.menu.dto.MenuDto@55602216, com.company.project.service.menu.dto.MenuDto@4469e1f, com.company.project.service.menu.dto.MenuDto@68fb2433, com.company.project.service.menu.dto.MenuDto@8e0ade3, com.company.project.service.menu.dto.MenuDto@5cc45e7b]}, timestamp=2026-03-16T16:59:39.152266800]]
2026-03-16 16:59:39 [http-nio-8080-exec-9] INFO  c.c.p.a.i.OperationalAuditInterceptor - API Audit Log: URL=/api/v1/menu/left, User=webmaster, IP=127.0.0.1
2026-03-16 16:59:39 [http-nio-8080-exec-9] DEBUG o.s.web.servlet.DispatcherServlet - Completed 200 OK
2026-03-16 16:59:39 [http-nio-8080-exec-3] DEBUG c.c.p.s.jwt.JwtAuthenticationFilter - >>> [JwtFilter] Processing request: GET /api/v1/admin/system/statistics/bbs
2026-03-16 16:59:39 [http-nio-8080-exec-3] DEBUG c.c.p.s.jwt.JwtAuthenticationFilter - >>> [JwtFilter] Found token in header for path: /api/v1/admin/system/statistics/bbs
2026-03-16 16:59:39 [http-nio-8080-exec-3] DEBUG o.s.orm.jpa.JpaTransactionManager - Creating new transaction with name [com.company.project.security.iam.CustomUserDetailsService.loadUserByUsername]: PROPAGATION_REQUIRED,ISOLATION_DEFAULT,readOnly
2026-03-16 16:59:39 [http-nio-8080-exec-3] DEBUG o.s.orm.jpa.JpaTransactionManager - Opened new EntityManager [SessionImpl(307792534<open>)] for JPA transaction
2026-03-16 16:59:39 [http-nio-8080-exec-4] DEBUG o.s.orm.jpa.JpaTransactionManager - Closing JPA EntityManager [SessionImpl(1710264039<open>)] after transaction
2026-03-16 16:59:39 [http-nio-8080-exec-2] DEBUG o.s.orm.jpa.JpaTransactionManager - Closing JPA EntityManager [SessionImpl(269087389<open>)] after transaction
2026-03-16 16:59:39 [http-nio-8080-exec-4] DEBUG c.c.p.s.jwt.JwtAuthenticationFilter - >>> [JwtFilter] Successfully authenticated user: USRCNFRM_99999999999, Authorities: [ROLE_ADMIN]
2026-03-16 16:59:39 [http-nio-8080-exec-2] DEBUG c.c.p.s.jwt.JwtAuthenticationFilter - >>> [JwtFilter] Successfully authenticated user: USRCNFRM_99999999999, Authorities: [ROLE_ADMIN]
2026-03-16 16:59:39 [http-nio-8080-exec-2] DEBUG o.s.web.servlet.DispatcherServlet - GET "/api/v1/popups/active", parameters={}
2026-03-16 16:59:39 [http-nio-8080-exec-4] DEBUG o.s.web.servlet.DispatcherServlet - GET "/api/v1/notifications/unread-count", parameters={}
2026-03-16 16:59:39 [http-nio-8080-exec-2] TRACE o.s.w.s.m.m.a.RequestMappingHandlerMapping - Mapped to com.company.project.api.controller.system.content.popup.PopupController#getActivePopups()
2026-03-16 16:59:39 [http-nio-8080-exec-4] TRACE o.s.w.s.m.m.a.RequestMappingHandlerMapping - Mapped to com.company.project.api.controller.notification.NotificationController#getUnreadCount(UserDetails)
2026-03-16 16:59:39 [http-nio-8080-exec-2] DEBUG o.s.orm.jpa.JpaTransactionManager - Creating new transaction with name [com.company.project.service.system.content.popup.PopupServiceImpl.getActivePopups]: PROPAGATION_REQUIRED,ISOLATION_DEFAULT,readOnly
2026-03-16 16:59:39 [http-nio-8080-exec-2] DEBUG o.s.orm.jpa.JpaTransactionManager - Opened new EntityManager [SessionImpl(1181238149<open>)] for JPA transaction
2026-03-16 16:59:39 [http-nio-8080-exec-4] DEBUG o.s.orm.jpa.JpaTransactionManager - Creating new transaction with name [com.company.project.service.notification.NotificationService.getUnreadCount]: PROPAGATION_REQUIRED,ISOLATION_DEFAULT,readOnly
2026-03-16 16:59:39 [http-nio-8080-exec-2] DEBUG o.s.orm.jpa.JpaTransactionManager - Exposing JPA transaction as JDBC [org.springframework.orm.jpa.vendor.HibernateJpaDialect$HibernateConnectionHandle@302a3eb]
2026-03-16 16:59:39 [http-nio-8080-exec-4] DEBUG o.s.orm.jpa.JpaTransactionManager - Opened new EntityManager [SessionImpl(61381333<open>)] for JPA transaction
2026-03-16 16:59:39 [http-nio-8080-exec-4] DEBUG o.s.orm.jpa.JpaTransactionManager - Exposing JPA transaction as JDBC [org.springframework.orm.jpa.vendor.HibernateJpaDialect$HibernateConnectionHandle@1958cf5b]
2026-03-16 16:59:39 [http-nio-8080-exec-2] DEBUG org.hibernate.SQL - select p1_0.popup_id,p1_0.frst_register_id,p1_0.frst_regist_pnttm,p1_0.file_url,p1_0.ntce_at,p1_0.stopvew_setup_at,p1_0.last_updusr_id,p1_0.last_updt_pnttm,p1_0.ntce_bgnde,p1_0.ntce_endde,p1_0.popup_vrticl_lc,p1_0.popup_vrticl_size,p1_0.popup_sj_nm,p1_0.popup_width_lc,p1_0.popup_width_size from npopupmanage p1_0 where p1_0.ntce_at='Y' and ? between p1_0.ntce_bgnde and p1_0.ntce_endde
2026-03-16 16:59:39 [http-nio-8080-exec-4] DEBUG org.hibernate.SQL - select count(n1_0.ntcn_no) from n_user_notification n1_0 where n1_0.receiver_id=? and n1_0.is_read=?
2026-03-16 16:59:39 [http-nio-8080-exec-5] DEBUG o.s.orm.jpa.JpaTransactionManager - Initiating transaction commit
2026-03-16 16:59:39 [http-nio-8080-exec-5] DEBUG o.s.orm.jpa.JpaTransactionManager - Committing JPA transaction on EntityManager [SessionImpl(374268144<open>)]
2026-03-16 16:59:39 [http-nio-8080-exec-7] DEBUG o.s.orm.jpa.JpaTransactionManager - Closing JPA EntityManager [SessionImpl(1292823717<open>)] after transaction
2026-03-16 16:59:39 [http-nio-8080-exec-7] DEBUG c.c.p.s.jwt.JwtAuthenticationFilter - >>> [JwtFilter] Successfully authenticated user: USRCNFRM_99999999999, Authorities: [ROLE_ADMIN]
2026-03-16 16:59:39 [http-nio-8080-exec-7] DEBUG o.s.web.servlet.DispatcherServlet - GET "/api/v1/notifications", parameters={}
2026-03-16 16:59:39 [http-nio-8080-exec-7] TRACE o.s.w.s.m.m.a.RequestMappingHandlerMapping - Mapped to com.company.project.api.controller.notification.NotificationController#getMyNotifications(UserDetails)
2026-03-16 16:59:39 [http-nio-8080-exec-7] DEBUG o.s.orm.jpa.JpaTransactionManager - Creating new transaction with name [com.company.project.service.notification.NotificationService.getActiveNotifications]: PROPAGATION_REQUIRED,ISOLATION_DEFAULT,readOnly
2026-03-16 16:59:39 [http-nio-8080-exec-7] DEBUG o.s.orm.jpa.JpaTransactionManager - Opened new EntityManager [SessionImpl(712566360<open>)] for JPA transaction
2026-03-16 16:59:39 [http-nio-8080-exec-7] DEBUG o.s.orm.jpa.JpaTransactionManager - Exposing JPA transaction as JDBC [org.springframework.orm.jpa.vendor.HibernateJpaDialect$HibernateConnectionHandle@74588601]
2026-03-16 16:59:39 [http-nio-8080-exec-7] DEBUG o.s.orm.jpa.JpaTransactionManager - Found thread-bound EntityManager [SessionImpl(712566360<open>)] for JPA transaction
2026-03-16 16:59:39 [http-nio-8080-exec-7] DEBUG o.s.orm.jpa.JpaTransactionManager - Participating in existing transaction
2026-03-16 16:59:39 [http-nio-8080-exec-7] DEBUG org.hibernate.SQL - select n1_0.ntcn_no,n1_0.frst_register_id,n1_0.frst_regist_pnttm,n1_0.is_read,n1_0.last_updusr_id,n1_0.last_updt_pnttm,n1_0.link_url,n1_0.ntcn_cn,n1_0.ntcn_sj,n1_0.receiver_id from n_user_notification n1_0
2026-03-16 16:59:39 [http-nio-8080-exec-10] DEBUG o.s.orm.jpa.JpaTransactionManager - Closing JPA EntityManager [SessionImpl(1050901090<open>)] after transaction
2026-03-16 16:59:39 [http-nio-8080-exec-10] DEBUG c.c.p.s.jwt.JwtAuthenticationFilter - >>> [JwtFilter] Successfully authenticated user: USRCNFRM_99999999999, Authorities: [ROLE_ADMIN]
2026-03-16 16:59:39 [http-nio-8080-exec-10] DEBUG o.s.web.servlet.DispatcherServlet - GET "/api/v1/admin/system/banners/reflected", parameters={}
2026-03-16 16:59:39 [http-nio-8080-exec-10] TRACE o.s.w.s.m.m.a.RequestMappingHandlerMapping - Mapped to com.company.project.api.controller.system.content.banner.BannerApiController#getReflectedBanners()
2026-03-16 16:59:39 [http-nio-8080-exec-10] DEBUG o.s.orm.jpa.JpaTransactionManager - Creating new transaction with name [com.company.project.service.system.content.banner.BannerService.getReflectedBanners]: PROPAGATION_REQUIRED,ISOLATION_DEFAULT,readOnly
2026-03-16 16:59:39 [http-nio-8080-exec-10] DEBUG o.s.orm.jpa.JpaTransactionManager - Opened new EntityManager [SessionImpl(1694031932<open>)] for JPA transaction
2026-03-16 16:59:39 [http-nio-8080-exec-10] DEBUG o.s.orm.jpa.JpaTransactionManager - Exposing JPA transaction as JDBC [org.springframework.orm.jpa.vendor.HibernateJpaDialect$HibernateConnectionHandle@29b4ed33]
2026-03-16 16:59:39 [http-nio-8080-exec-10] DEBUG org.hibernate.SQL - select b1_0.banner_id,b1_0.banner_dc,b1_0.banner_image,b1_0.banner_image_file,b1_0.banner_nm,b1_0.frst_register_id,b1_0.frst_regist_pnttm,b1_0.last_updusr_id,b1_0.last_updt_pnttm,b1_0.link_url,b1_0.reflct_at,b1_0.sort_ordr from nbanner b1_0 where b1_0.reflct_at=? order by b1_0.sort_ordr
2026-03-16 16:59:39 [http-nio-8080-exec-3] DEBUG o.s.orm.jpa.JpaTransactionManager - Exposing JPA transaction as JDBC [org.springframework.orm.jpa.vendor.HibernateJpaDialect$HibernateConnectionHandle@5f7765ab]
2026-03-16 16:59:39 [http-nio-8080-exec-3] DEBUG o.s.orm.jpa.JpaTransactionManager - Found thread-bound EntityManager [SessionImpl(307792534<open>)] for JPA transaction
2026-03-16 16:59:39 [http-nio-8080-exec-3] DEBUG o.s.orm.jpa.JpaTransactionManager - Participating in existing transaction
2026-03-16 16:59:39 [http-nio-8080-exec-3] DEBUG org.hibernate.SQL - select u1_0.emplyr_id,u1_0.area_no,u1_0.brthdy,u1_0.chg_pwd_cnt,u1_0.frst_register_id,u1_0.frst_regist_pnttm,u1_0.detail_adres,u1_0.email_adres,u1_0.emplyr_sttus_code,u1_0.empl_no,u1_0.esntl_id,u1_0.fxnum,u1_0.group_id,u1_0.house_adres,u1_0.house_end_telno,u1_0.house_middle_telno,u1_0.ihidnum,u1_0.pstinst_code,u1_0.last_updusr_id,u1_0.last_updt_pnttm,u1_0.lock_at,u1_0.lock_cnt,u1_0.lock_last_pnttm,u1_0.mbtlnum,u1_0.ofcps_nm,u1_0.offm_telno,u1_0.orgnzt_id,u1_0.password,u1_0.password_cnsr,u1_0.password_hint,u1_0.chg_pwd_last_pnttm,u1_0.role,u1_0.sbscrb_de,u1_0.sexdstn_code,u1_0.crtfc_dn_value,u1_0.user_nm,u1_0.zip from nemplyrinfo u1_0 where u1_0.emplyr_id=?
2026-03-16 16:59:39 [http-nio-8080-exec-4] DEBUG o.s.orm.jpa.JpaTransactionManager - Initiating transaction commit
2026-03-16 16:59:39 [http-nio-8080-exec-2] DEBUG o.s.orm.jpa.JpaTransactionManager - Initiating transaction commit
2026-03-16 16:59:39 [http-nio-8080-exec-4] DEBUG o.s.orm.jpa.JpaTransactionManager - Committing JPA transaction on EntityManager [SessionImpl(61381333<open>)]
2026-03-16 16:59:39 [http-nio-8080-exec-2] DEBUG o.s.orm.jpa.JpaTransactionManager - Committing JPA transaction on EntityManager [SessionImpl(1181238149<open>)]
2026-03-16 16:59:39 [http-nio-8080-exec-5] DEBUG o.s.orm.jpa.JpaTransactionManager - Closing JPA EntityManager [SessionImpl(374268144<open>)] after transaction
2026-03-16 16:59:39 [http-nio-8080-exec-5] DEBUG c.c.p.s.jwt.JwtAuthenticationFilter - >>> [JwtFilter] Successfully authenticated user: USRCNFRM_99999999999, Authorities: [ROLE_ADMIN]
2026-03-16 16:59:39 [http-nio-8080-exec-5] DEBUG o.s.web.servlet.DispatcherServlet - GET "/api/v1/admin/system/statistics/connect?statsKind=SERVICE", parameters={masked}
2026-03-16 16:59:39 [http-nio-8080-exec-5] DEBUG o.s.w.s.h.SimpleUrlHandlerMapping - Mapped to ResourceHttpRequestHandler [classpath [META-INF/resources/], classpath [resources/], classpath [static/], classpath [public/], ServletContext [/]]
2026-03-16 16:59:39 [http-nio-8080-exec-5] DEBUG o.s.w.s.r.ResourceHttpRequestHandler - Resource not found
2026-03-16 16:59:39 [http-nio-8080-exec-5] DEBUG o.s.w.s.m.m.a.ExceptionHandlerExceptionResolver - Using @ExceptionHandler com.company.project.core.exception.GlobalExceptionHandler#handleException(Exception)
2026-03-16 16:59:39 [http-nio-8080-exec-5] ERROR c.c.p.c.e.GlobalExceptionHandler - >>> Internal Server Error: No static resource api/v1/admin/system/statistics/connect.
org.springframework.web.servlet.resource.NoResourceFoundException: No static resource api/v1/admin/system/statistics/connect.
	at org.springframework.web.servlet.resource.ResourceHttpRequestHandler.handleRequest(ResourceHttpRequestHandler.java:585)
	at org.springframework.web.servlet.mvc.HttpRequestHandlerAdapter.handle(HttpRequestHandlerAdapter.java:52)
	at org.springframework.web.servlet.DispatcherServlet.doDispatch(DispatcherServlet.java:1088)
	at org.springframework.web.servlet.DispatcherServlet.doService(DispatcherServlet.java:978)
	at org.springframework.web.servlet.FrameworkServlet.processRequest(FrameworkServlet.java:1014)
	at org.springframework.web.servlet.FrameworkServlet.doGet(FrameworkServlet.java:903)
	at jakarta.servlet.http.HttpServlet.service(HttpServlet.java:527)
	at org.springframework.web.servlet.FrameworkServlet.service(FrameworkServlet.java:885)
	at jakarta.servlet.http.HttpServlet.service(HttpServlet.java:614)
	at org.apache.catalina.core.ApplicationFilterChain.internalDoFilter(ApplicationFilterChain.java:195)
	at org.apache.catalina.core.ApplicationFilterChain.doFilter(ApplicationFilterChain.java:140)
	at org.apache.tomcat.websocket.server.WsFilter.doFilter(WsFilter.java:51)
	at org.apache.catalina.core.ApplicationFilterChain.internalDoFilter(ApplicationFilterChain.java:164)
	at org.apache.catalina.core.ApplicationFilterChain.doFilter(ApplicationFilterChain.java:140)
	at org.springframework.web.filter.CompositeFilter$VirtualFilterChain.doFilter(CompositeFilter.java:108)
	at org.springframework.security.web.FilterChainProxy.lambda$doFilterInternal$3(FilterChainProxy.java:231)
	at org.springframework.security.web.ObservationFilterChainDecorator$FilterObservation$SimpleFilterObservation.lambda$wrap$1(ObservationFilterChainDecorator.java:479)
	at org.springframework.security.web.ObservationFilterChainDecorator$AroundFilterObservation$SimpleAroundFilterObservation.lambda$wrap$1(ObservationFilterChainDecorator.java:340)
	at org.springframework.security.web.ObservationFilterChainDecorator.lambda$wrapSecured$0(ObservationFilterChainDecorator.java:82)
	at org.springframework.security.web.ObservationFilterChainDecorator$VirtualFilterChain.doFilter(ObservationFilterChainDecorator.java:128)
	at org.springframework.security.web.access.intercept.AuthorizationFilter.doFilter(AuthorizationFilter.java:101)
	at org.springframework.security.web.ObservationFilterChainDecorator$ObservationFilter.wrapFilter(ObservationFilterChainDecorator.java:240)
	at org.springframework.security.web.ObservationFilterChainDecorator$ObservationFilter.doFilter(ObservationFilterChainDecorator.java:227)
	at org.springframework.security.web.ObservationFilterChainDecorator$VirtualFilterChain.doFilter(ObservationFilterChainDecorator.java:137)
	at org.springframework.security.web.access.ExceptionTranslationFilter.doFilter(ExceptionTranslationFilter.java:126)
	at org.springframework.security.web.access.ExceptionTranslationFilter.doFilter(ExceptionTranslationFilter.java:120)
	at org.springframework.security.web.ObservationFilterChainDecorator$ObservationFilter.wrapFilter(ObservationFilterChainDecorator.java:240)
	at org.springframework.security.web.ObservationFilterChainDecorator$ObservationFilter.doFilter(ObservationFilterChainDecorator.java:227)
	at org.springframework.security.web.ObservationFilterChainDecorator$VirtualFilterChain.doFilter(ObservationFilterChainDecorator.java:137)
	at org.springframework.security.web.session.SessionManagementFilter.doFilter(SessionManagementFilter.java:131)
	at org.springframework.security.web.session.SessionManagementFilter.doFilter(SessionManagementFilter.java:85)
	at org.springframework.security.web.ObservationFilterChainDecorator$ObservationFilter.wrapFilter(ObservationFilterChainDecorator.java:240)
	at org.springframework.security.web.ObservationFilterChainDecorator$ObservationFilter.doFilter(ObservationFilterChainDecorator.java:227)
	at org.springframework.security.web.ObservationFilterChainDecorator$VirtualFilterChain.doFilter(ObservationFilterChainDecorator.java:137)
	at org.springframework.security.web.authentication.AnonymousAuthenticationFilter.doFilter(AnonymousAuthenticationFilter.java:100)
	at org.springframework.security.web.ObservationFilterChainDecorator$ObservationFilter.wrapFilter(ObservationFilterChainDecorator.java:240)
	at org.springframework.security.web.ObservationFilterChainDecorator$ObservationFilter.doFilter(ObservationFilterChainDecorator.java:227)
	at org.springframework.security.web.ObservationFilterChainDecorator$VirtualFilterChain.doFilter(ObservationFilterChainDecorator.java:137)
	at org.springframework.security.web.servletapi.SecurityContextHolderAwareRequestFilter.doFilter(SecurityContextHolderAwareRequestFilter.java:179)
	at org.springframework.security.web.ObservationFilterChainDecorator$ObservationFilter.wrapFilter(ObservationFilterChainDecorator.java:240)
	at org.springframework.security.web.ObservationFilterChainDecorator$ObservationFilter.doFilter(ObservationFilterChainDecorator.java:227)
	at org.springframework.security.web.ObservationFilterChainDecorator$VirtualFilterChain.doFilter(ObservationFilterChainDecorator.java:137)
	at org.springframework.security.web.savedrequest.RequestCacheAwareFilter.doFilter(RequestCacheAwareFilter.java:63)
	at org.springframework.security.web.ObservationFilterChainDecorator$ObservationFilter.wrapFilter(ObservationFilterChainDecorator.java:240)
	at org.springframework.security.web.ObservationFilterChainDecorator$ObservationFilter.doFilter(ObservationFilterChainDecorator.java:227)
	at org.springframework.security.web.ObservationFilterChainDecorator$VirtualFilterChain.doFilter(ObservationFilterChainDecorator.java:137)
	at com.company.project.security.jwt.JwtAuthenticationFilter.doFilterInternal(JwtAuthenticationFilter.java:52)
	at org.springframework.web.filter.OncePerRequestFilter.doFilter(OncePerRequestFilter.java:116)
	at org.springframework.security.web.ObservationFilterChainDecorator$ObservationFilter.wrapFilter(ObservationFilterChainDecorator.java:240)
	at org.springframework.security.web.ObservationFilterChainDecorator$ObservationFilter.doFilter(ObservationFilterChainDecorator.java:227)
	at org.springframework.security.web.ObservationFilterChainDecorator$VirtualFilterChain.doFilter(ObservationFilterChainDecorator.java:137)
	at org.springframework.security.web.authentication.logout.LogoutFilter.doFilter(LogoutFilter.java:107)
	at org.springframework.security.web.authentication.logout.LogoutFilter.doFilter(LogoutFilter.java:93)
	at org.springframework.security.web.ObservationFilterChainDecorator$ObservationFilter.wrapFilter(ObservationFilterChainDecorator.java:240)
	at org.springframework.security.web.ObservationFilterChainDecorator$ObservationFilter.doFilter(ObservationFilterChainDecorator.java:227)
	at org.springframework.security.web.ObservationFilterChainDecorator$VirtualFilterChain.doFilter(ObservationFilterChainDecorator.java:137)
	at org.springframework.web.filter.CorsFilter.doFilterInternal(CorsFilter.java:91)
	at org.springframework.web.filter.OncePerRequestFilter.doFilter(OncePerRequestFilter.java:116)
	at org.springframework.security.web.ObservationFilterChainDecorator$ObservationFilter.wrapFilter(ObservationFilterChainDecorator.java:240)
	at org.springframework.security.web.ObservationFilterChainDecorator$ObservationFilter.doFilter(ObservationFilterChainDecorator.java:227)
	at org.springframework.security.web.ObservationFilterChainDecorator$VirtualFilterChain.doFilter(ObservationFilterChainDecorator.java:137)
	at org.springframework.security.web.header.HeaderWriterFilter.doHeadersAfter(HeaderWriterFilter.java:90)
	at org.springframework.security.web.header.HeaderWriterFilter.doFilterInternal(HeaderWriterFilter.java:75)
	at org.springframework.web.filter.OncePerRequestFilter.doFilter(OncePerRequestFilter.java:116)
	at org.springframework.security.web.ObservationFilterChainDecorator$ObservationFilter.wrapFilter(ObservationFilterChainDecorator.java:240)
	at org.springframework.security.web.ObservationFilterChainDecorator$ObservationFilter.doFilter(ObservationFilterChainDecorator.java:227)
	at org.springframework.security.web.ObservationFilterChainDecorator$VirtualFilterChain.doFilter(ObservationFilterChainDecorator.java:137)
	at org.springframework.security.web.context.SecurityContextHolderFilter.doFilter(SecurityContextHolderFilter.java:82)
	at org.springframework.security.web.context.SecurityContextHolderFilter.doFilter(SecurityContextHolderFilter.java:69)
	at org.springframework.security.web.ObservationFilterChainDecorator$ObservationFilter.wrapFilter(ObservationFilterChainDecorator.java:240)
	at org.springframework.security.web.ObservationFilterChainDecorator$ObservationFilter.doFilter(ObservationFilterChainDecorator.java:227)
	at org.springframework.security.web.ObservationFilterChainDecorator$VirtualFilterChain.doFilter(ObservationFilterChainDecorator.java:137)
	at org.springframework.security.web.context.request.async.WebAsyncManagerIntegrationFilter.doFilterInternal(WebAsyncManagerIntegrationFilter.java:62)
	at org.springframework.web.filter.OncePerRequestFilter.doFilter(OncePerRequestFilter.java:116)
	at org.springframework.security.web.ObservationFilterChainDecorator$ObservationFilter.wrapFilter(ObservationFilterChainDecorator.java:240)
	at org.springframework.security.web.ObservationFilterChainDecorator$ObservationFilter.doFilter(ObservationFilterChainDecorator.java:227)
	at org.springframework.security.web.ObservationFilterChainDecorator$VirtualFilterChain.doFilter(ObservationFilterChainDecorator.java:137)
	at org.springframework.security.web.session.DisableEncodeUrlFilter.doFilterInternal(DisableEncodeUrlFilter.java:42)
	at org.springframework.web.filter.OncePerRequestFilter.doFilter(OncePerRequestFilter.java:116)
	at org.springframework.security.web.ObservationFilterChainDecorator$ObservationFilter.wrapFilter(ObservationFilterChainDecorator.java:240)
	at org.springframework.security.web.ObservationFilterChainDecorator$AroundFilterObservation$SimpleAroundFilterObservation.lambda$wrap$0(ObservationFilterChainDecorator.java:323)
	at org.springframework.security.web.ObservationFilterChainDecorator$ObservationFilter.doFilter(ObservationFilterChainDecorator.java:224)
	at org.springframework.security.web.ObservationFilterChainDecorator$VirtualFilterChain.doFilter(ObservationFilterChainDecorator.java:137)
	at org.springframework.security.web.FilterChainProxy.doFilterInternal(FilterChainProxy.java:233)
	at org.springframework.security.web.FilterChainProxy.doFilter(FilterChainProxy.java:191)
	at org.springframework.web.filter.CompositeFilter$VirtualFilterChain.doFilter(CompositeFilter.java:113)
	at org.springframework.web.servlet.handler.HandlerMappingIntrospector.lambda$createCacheFilter$3(HandlerMappingIntrospector.java:243)
	at org.springframework.web.filter.CompositeFilter$VirtualFilterChain.doFilter(CompositeFilter.java:113)
	at org.springframework.web.filter.CompositeFilter.doFilter(CompositeFilter.java:74)
	at org.springframework.security.config.annotation.web.configuration.WebMvcSecurityConfiguration$CompositeFilterChainProxy.doFilter(WebMvcSecurityConfiguration.java:238)
	at org.springframework.web.filter.DelegatingFilterProxy.invokeDelegate(DelegatingFilterProxy.java:362)
	at org.springframework.web.filter.DelegatingFilterProxy.doFilter(DelegatingFilterProxy.java:278)
	at org.apache.catalina.core.ApplicationFilterChain.internalDoFilter(ApplicationFilterChain.java:164)
	at org.apache.catalina.core.ApplicationFilterChain.doFilter(ApplicationFilterChain.java:140)
	at org.springframework.web.filter.RequestContextFilter.doFilterInternal(RequestContextFilter.java:100)
	at org.springframework.web.filter.OncePerRequestFilter.doFilter(OncePerRequestFilter.java:116)
	at org.apache.catalina.core.ApplicationFilterChain.internalDoFilter(ApplicationFilterChain.java:164)
	at org.apache.catalina.core.ApplicationFilterChain.doFilter(ApplicationFilterChain.java:140)
	at org.springframework.web.filter.FormContentFilter.doFilterInternal(FormContentFilter.java:93)
	at org.springframework.web.filter.OncePerRequestFilter.doFilter(OncePerRequestFilter.java:116)
	at org.apache.catalina.core.ApplicationFilterChain.internalDoFilter(ApplicationFilterChain.java:164)
	at org.apache.catalina.core.ApplicationFilterChain.doFilter(ApplicationFilterChain.java:140)
	at org.springframework.web.filter.ServerHttpObservationFilter.doFilterInternal(ServerHttpObservationFilter.java:114)
	at org.springframework.web.filter.OncePerRequestFilter.doFilter(OncePerRequestFilter.java:116)
	at org.apache.catalina.core.ApplicationFilterChain.internalDoFilter(ApplicationFilterChain.java:164)
	at org.apache.catalina.core.ApplicationFilterChain.doFilter(ApplicationFilterChain.java:140)
	at org.springframework.web.filter.CharacterEncodingFilter.doFilterInternal(CharacterEncodingFilter.java:201)
	at org.springframework.web.filter.OncePerRequestFilter.doFilter(OncePerRequestFilter.java:116)
	at org.apache.catalina.core.ApplicationFilterChain.internalDoFilter(ApplicationFilterChain.java:164)
	at org.apache.catalina.core.ApplicationFilterChain.doFilter(ApplicationFilterChain.java:140)
	at org.apache.catalina.core.StandardWrapperValve.invoke(StandardWrapperValve.java:167)
	at org.apache.catalina.core.StandardContextValve.invoke(StandardContextValve.java:90)
	at org.apache.catalina.authenticator.AuthenticatorBase.invoke(AuthenticatorBase.java:483)
	at org.apache.catalina.core.StandardHostValve.invoke(StandardHostValve.java:115)
	at org.apache.catalina.valves.ErrorReportValve.invoke(ErrorReportValve.java:93)
	at org.apache.catalina.core.StandardEngineValve.invoke(StandardEngineValve.java:74)
	at org.apache.catalina.connector.CoyoteAdapter.service(CoyoteAdapter.java:344)
	at org.apache.coyote.http11.Http11Processor.service(Http11Processor.java:397)
	at org.apache.coyote.AbstractProcessorLight.process(AbstractProcessorLight.java:63)
	at org.apache.coyote.AbstractProtocol$ConnectionHandler.process(AbstractProtocol.java:905)
	at org.apache.tomcat.util.net.NioEndpoint$SocketProcessor.doRun(NioEndpoint.java:1741)
	at org.apache.tomcat.util.net.SocketProcessorBase.run(SocketProcessorBase.java:52)
	at org.apache.tomcat.util.threads.ThreadPoolExecutor.runWorker(ThreadPoolExecutor.java:1190)
	at org.apache.tomcat.util.threads.ThreadPoolExecutor$Worker.run(ThreadPoolExecutor.java:659)
	at org.apache.tomcat.util.threads.TaskThread$WrappingRunnable.run(TaskThread.java:63)
	at java.base/java.lang.Thread.run(Thread.java:1583)
2026-03-16 16:59:39 [http-nio-8080-exec-5] DEBUG o.s.w.s.m.m.a.HttpEntityMethodProcessor - Using 'application/json', given [application/json, text/plain, */*] and supported [application/json, application/*+json, application/yaml]
2026-03-16 16:59:39 [http-nio-8080-exec-5] TRACE o.s.w.s.m.m.a.HttpEntityMethodProcessor - Writing [ApiResponse[success=false, status=500, code=C004, message=예기치 않은 서버 오류가 발생했습니다., data=null, timestamp=2026-03-16T16:59:39.435384900]]
2026-03-16 16:59:39 [http-nio-8080-exec-5] DEBUG o.s.w.s.m.m.a.ExceptionHandlerExceptionResolver - Resolved [org.springframework.web.servlet.resource.NoResourceFoundException: No static resource api/v1/admin/system/statistics/connect.]
2026-03-16 16:59:39 [http-nio-8080-exec-5] DEBUG o.s.web.servlet.DispatcherServlet - Completed 500 INTERNAL_SERVER_ERROR
2026-03-16 16:59:39 [http-nio-8080-exec-7] DEBUG o.s.orm.jpa.JpaTransactionManager - Initiating transaction commit
2026-03-16 16:59:39 [http-nio-8080-exec-7] DEBUG o.s.orm.jpa.JpaTransactionManager - Committing JPA transaction on EntityManager [SessionImpl(712566360<open>)]
2026-03-16 16:59:39 [http-nio-8080-exec-1] DEBUG c.c.p.s.jwt.JwtAuthenticationFilter - >>> [JwtFilter] Processing request: GET /api/v1/menu/left
2026-03-16 16:59:39 [http-nio-8080-exec-1] DEBUG c.c.p.s.jwt.JwtAuthenticationFilter - >>> [JwtFilter] Found token in header for path: /api/v1/menu/left
2026-03-16 16:59:39 [http-nio-8080-exec-1] DEBUG o.s.orm.jpa.JpaTransactionManager - Creating new transaction with name [com.company.project.security.iam.CustomUserDetailsService.loadUserByUsername]: PROPAGATION_REQUIRED,ISOLATION_DEFAULT,readOnly
2026-03-16 16:59:39 [http-nio-8080-exec-1] DEBUG o.s.orm.jpa.JpaTransactionManager - Opened new EntityManager [SessionImpl(2049318519<open>)] for JPA transaction
2026-03-16 16:59:39 [http-nio-8080-exec-10] DEBUG o.s.orm.jpa.JpaTransactionManager - Initiating transaction commit
2026-03-16 16:59:39 [http-nio-8080-exec-10] DEBUG o.s.orm.jpa.JpaTransactionManager - Committing JPA transaction on EntityManager [SessionImpl(1694031932<open>)]
2026-03-16 16:59:39 [http-nio-8080-exec-3] DEBUG o.s.orm.jpa.JpaTransactionManager - Found thread-bound EntityManager [SessionImpl(307792534<open>)] for JPA transaction
2026-03-16 16:59:39 [http-nio-8080-exec-3] DEBUG o.s.orm.jpa.JpaTransactionManager - Participating in existing transaction
2026-03-16 16:59:39 [http-nio-8080-exec-3] DEBUG org.hibernate.SQL - select ua1_0.scrty_dtrmn_trget_id,ua1_0.author_code,ua1_0.frst_register_id,ua1_0.frst_regist_pnttm,ua1_0.last_updusr_id,ua1_0.last_updt_pnttm,ua1_0.mber_ty_code from nemplyrscrtyestbs ua1_0 where ua1_0.scrty_dtrmn_trget_id=?
2026-03-16 16:59:39 [http-nio-8080-exec-4] DEBUG o.s.orm.jpa.JpaTransactionManager - Closing JPA EntityManager [SessionImpl(61381333<open>)] after transaction
2026-03-16 16:59:39 [http-nio-8080-exec-2] DEBUG o.s.orm.jpa.JpaTransactionManager - Closing JPA EntityManager [SessionImpl(1181238149<open>)] after transaction
2026-03-16 16:59:39 [http-nio-8080-exec-2] DEBUG o.s.w.s.m.m.a.HttpEntityMethodProcessor - Using 'application/json', given [application/json, text/plain, */*] and supported [application/json, application/*+json, application/yaml]
2026-03-16 16:59:39 [http-nio-8080-exec-4] DEBUG o.s.w.s.m.m.a.HttpEntityMethodProcessor - Using 'application/json', given [application/json, text/plain, */*] and supported [application/json, application/*+json, application/yaml]
2026-03-16 16:59:39 [http-nio-8080-exec-2] TRACE o.s.w.s.m.m.a.HttpEntityMethodProcessor - Writing [ApiResponse[success=true, status=200, code=COMMON_001, message=Success, data=[], timestamp=2026-03-16T16:59:39.572253400]]
2026-03-16 16:59:39 [http-nio-8080-exec-4] TRACE o.s.w.s.m.m.a.HttpEntityMethodProcessor - Writing [ApiResponse[success=true, status=200, code=COMMON_001, message=Success, data=0, timestamp=2026-03-16T16:59:39.572253400]]
2026-03-16 16:59:39 [http-nio-8080-exec-2] INFO  c.c.p.a.i.OperationalAuditInterceptor - API Audit Log: URL=/api/v1/popups/active, User=webmaster, IP=127.0.0.1
2026-03-16 16:59:39 [http-nio-8080-exec-4] INFO  c.c.p.a.i.OperationalAuditInterceptor - API Audit Log: URL=/api/v1/notifications/unread-count, User=webmaster, IP=127.0.0.1
2026-03-16 16:59:39 [http-nio-8080-exec-2] DEBUG o.s.web.servlet.DispatcherServlet - Completed 200 OK
2026-03-16 16:59:39 [http-nio-8080-exec-4] DEBUG o.s.web.servlet.DispatcherServlet - Completed 200 OK
2026-03-16 16:59:39 [http-nio-8080-exec-6] DEBUG c.c.p.s.jwt.JwtAuthenticationFilter - >>> [JwtFilter] Processing request: GET /api/v1/popups/active
2026-03-16 16:59:39 [http-nio-8080-exec-8] DEBUG c.c.p.s.jwt.JwtAuthenticationFilter - >>> [JwtFilter] Processing request: GET /api/v1/notifications/unread-count
2026-03-16 16:59:39 [http-nio-8080-exec-6] DEBUG c.c.p.s.jwt.JwtAuthenticationFilter - >>> [JwtFilter] Found token in header for path: /api/v1/popups/active
2026-03-16 16:59:39 [http-nio-8080-exec-8] DEBUG c.c.p.s.jwt.JwtAuthenticationFilter - >>> [JwtFilter] Found token in header for path: /api/v1/notifications/unread-count
2026-03-16 16:59:39 [http-nio-8080-exec-6] DEBUG o.s.orm.jpa.JpaTransactionManager - Creating new transaction with name [com.company.project.security.iam.CustomUserDetailsService.loadUserByUsername]: PROPAGATION_REQUIRED,ISOLATION_DEFAULT,readOnly
2026-03-16 16:59:39 [http-nio-8080-exec-8] DEBUG o.s.orm.jpa.JpaTransactionManager - Creating new transaction with name [com.company.project.security.iam.CustomUserDetailsService.loadUserByUsername]: PROPAGATION_REQUIRED,ISOLATION_DEFAULT,readOnly
2026-03-16 16:59:39 [http-nio-8080-exec-6] DEBUG o.s.orm.jpa.JpaTransactionManager - Opened new EntityManager [SessionImpl(1851971213<open>)] for JPA transaction
2026-03-16 16:59:39 [http-nio-8080-exec-8] DEBUG o.s.orm.jpa.JpaTransactionManager - Opened new EntityManager [SessionImpl(299808813<open>)] for JPA transaction
2026-03-16 16:59:39 [http-nio-8080-exec-7] DEBUG o.s.orm.jpa.JpaTransactionManager - Closing JPA EntityManager [SessionImpl(712566360<open>)] after transaction
2026-03-16 16:59:39 [http-nio-8080-exec-1] DEBUG o.s.orm.jpa.JpaTransactionManager - Exposing JPA transaction as JDBC [org.springframework.orm.jpa.vendor.HibernateJpaDialect$HibernateConnectionHandle@9d9f913]
2026-03-16 16:59:39 [http-nio-8080-exec-1] DEBUG o.s.orm.jpa.JpaTransactionManager - Found thread-bound EntityManager [SessionImpl(2049318519<open>)] for JPA transaction
2026-03-16 16:59:39 [http-nio-8080-exec-1] DEBUG o.s.orm.jpa.JpaTransactionManager - Participating in existing transaction
2026-03-16 16:59:39 [http-nio-8080-exec-1] DEBUG org.hibernate.SQL - select u1_0.emplyr_id,u1_0.area_no,u1_0.brthdy,u1_0.chg_pwd_cnt,u1_0.frst_register_id,u1_0.frst_regist_pnttm,u1_0.detail_adres,u1_0.email_adres,u1_0.emplyr_sttus_code,u1_0.empl_no,u1_0.esntl_id,u1_0.fxnum,u1_0.group_id,u1_0.house_adres,u1_0.house_end_telno,u1_0.house_middle_telno,u1_0.ihidnum,u1_0.pstinst_code,u1_0.last_updusr_id,u1_0.last_updt_pnttm,u1_0.lock_at,u1_0.lock_cnt,u1_0.lock_last_pnttm,u1_0.mbtlnum,u1_0.ofcps_nm,u1_0.offm_telno,u1_0.orgnzt_id,u1_0.password,u1_0.password_cnsr,u1_0.password_hint,u1_0.chg_pwd_last_pnttm,u1_0.role,u1_0.sbscrb_de,u1_0.sexdstn_code,u1_0.crtfc_dn_value,u1_0.user_nm,u1_0.zip from nemplyrinfo u1_0 where u1_0.emplyr_id=?
2026-03-16 16:59:39 [http-nio-8080-exec-7] DEBUG o.s.w.s.m.m.a.HttpEntityMethodProcessor - Using 'application/json', given [application/json, text/plain, */*] and supported [application/json, application/*+json, application/yaml]
2026-03-16 16:59:39 [http-nio-8080-exec-7] TRACE o.s.w.s.m.m.a.HttpEntityMethodProcessor - Writing [ApiResponse[success=true, status=200, code=COMMON_001, message=Success, data=[NotificationDto(ntfcNo=NT001, ntfcSj=테스트 알림입니다, ntfcCn=알림 내용입니다, ntfcDate=null, ntfcTime=2026-02-25T00:59:33.784070, bhNtfcIntrvl=null, uniqId=null, frstRegisterId=null, frstRegisterPnttm=2026-02-25T00:59:33.784070, lastUpdusrId=null, lastUpdusrPnttm=null)], timestamp=2026-03-16T16:59:39.599008]]
2026-03-16 16:59:39 [http-nio-8080-exec-7] INFO  c.c.p.a.i.OperationalAuditInterceptor - API Audit Log: URL=/api/v1/notifications, User=webmaster, IP=127.0.0.1
2026-03-16 16:59:39 [http-nio-8080-exec-7] DEBUG o.s.web.servlet.DispatcherServlet - Completed 200 OK
2026-03-16 16:59:39 [http-nio-8080-exec-9] DEBUG c.c.p.s.jwt.JwtAuthenticationFilter - >>> [JwtFilter] Processing request: GET /api/v1/notifications
2026-03-16 16:59:39 [http-nio-8080-exec-9] DEBUG c.c.p.s.jwt.JwtAuthenticationFilter - >>> [JwtFilter] Found token in header for path: /api/v1/notifications
2026-03-16 16:59:39 [http-nio-8080-exec-9] DEBUG o.s.orm.jpa.JpaTransactionManager - Creating new transaction with name [com.company.project.security.iam.CustomUserDetailsService.loadUserByUsername]: PROPAGATION_REQUIRED,ISOLATION_DEFAULT,readOnly
2026-03-16 16:59:39 [http-nio-8080-exec-9] DEBUG o.s.orm.jpa.JpaTransactionManager - Opened new EntityManager [SessionImpl(1824691610<open>)] for JPA transaction
2026-03-16 16:59:39 [http-nio-8080-exec-9] DEBUG o.s.orm.jpa.JpaTransactionManager - Exposing JPA transaction as JDBC [org.springframework.orm.jpa.vendor.HibernateJpaDialect$HibernateConnectionHandle@5d29fe8d]
2026-03-16 16:59:39 [http-nio-8080-exec-9] DEBUG o.s.orm.jpa.JpaTransactionManager - Found thread-bound EntityManager [SessionImpl(1824691610<open>)] for JPA transaction
2026-03-16 16:59:39 [http-nio-8080-exec-9] DEBUG o.s.orm.jpa.JpaTransactionManager - Participating in existing transaction
2026-03-16 16:59:39 [http-nio-8080-exec-9] DEBUG org.hibernate.SQL - select u1_0.emplyr_id,u1_0.area_no,u1_0.brthdy,u1_0.chg_pwd_cnt,u1_0.frst_register_id,u1_0.frst_regist_pnttm,u1_0.detail_adres,u1_0.email_adres,u1_0.emplyr_sttus_code,u1_0.empl_no,u1_0.esntl_id,u1_0.fxnum,u1_0.group_id,u1_0.house_adres,u1_0.house_end_telno,u1_0.house_middle_telno,u1_0.ihidnum,u1_0.pstinst_code,u1_0.last_updusr_id,u1_0.last_updt_pnttm,u1_0.lock_at,u1_0.lock_cnt,u1_0.lock_last_pnttm,u1_0.mbtlnum,u1_0.ofcps_nm,u1_0.offm_telno,u1_0.orgnzt_id,u1_0.password,u1_0.password_cnsr,u1_0.password_hint,u1_0.chg_pwd_last_pnttm,u1_0.role,u1_0.sbscrb_de,u1_0.sexdstn_code,u1_0.crtfc_dn_value,u1_0.user_nm,u1_0.zip from nemplyrinfo u1_0 where u1_0.emplyr_id=?
2026-03-16 16:59:39 [http-nio-8080-exec-10] DEBUG o.s.orm.jpa.JpaTransactionManager - Closing JPA EntityManager [SessionImpl(1694031932<open>)] after transaction
2026-03-16 16:59:39 [http-nio-8080-exec-10] DEBUG o.s.w.s.m.m.a.HttpEntityMethodProcessor - Using 'application/json', given [application/json, text/plain, */*] and supported [application/json, application/*+json, application/yaml]
2026-03-16 16:59:39 [http-nio-8080-exec-10] TRACE o.s.w.s.m.m.a.HttpEntityMethodProcessor - Writing [ApiResponse[success=true, status=200, code=COMMON_001, message=Success, data=[], timestamp=2026-03-16T16:59:39.613090700]]
2026-03-16 16:59:39 [http-nio-8080-exec-10] INFO  c.c.p.a.i.OperationalAuditInterceptor - API Audit Log: URL=/api/v1/admin/system/banners/reflected, User=webmaster, IP=127.0.0.1
2026-03-16 16:59:39 [http-nio-8080-exec-10] DEBUG o.s.web.servlet.DispatcherServlet - Completed 200 OK
2026-03-16 16:59:39 [http-nio-8080-exec-5] DEBUG c.c.p.s.jwt.JwtAuthenticationFilter - >>> [JwtFilter] Processing request: GET /api/v1/admin/system/banners/reflected
2026-03-16 16:59:39 [http-nio-8080-exec-5] DEBUG c.c.p.s.jwt.JwtAuthenticationFilter - >>> [JwtFilter] Found token in header for path: /api/v1/admin/system/banners/reflected
2026-03-16 16:59:39 [http-nio-8080-exec-5] DEBUG o.s.orm.jpa.JpaTransactionManager - Creating new transaction with name [com.company.project.security.iam.CustomUserDetailsService.loadUserByUsername]: PROPAGATION_REQUIRED,ISOLATION_DEFAULT,readOnly
2026-03-16 16:59:39 [http-nio-8080-exec-5] DEBUG o.s.orm.jpa.JpaTransactionManager - Opened new EntityManager [SessionImpl(1209448948<open>)] for JPA transaction
2026-03-16 16:59:39 [http-nio-8080-exec-5] DEBUG o.s.orm.jpa.JpaTransactionManager - Exposing JPA transaction as JDBC [org.springframework.orm.jpa.vendor.HibernateJpaDialect$HibernateConnectionHandle@452f2b99]
2026-03-16 16:59:39 [http-nio-8080-exec-5] DEBUG o.s.orm.jpa.JpaTransactionManager - Found thread-bound EntityManager [SessionImpl(1209448948<open>)] for JPA transaction
2026-03-16 16:59:39 [http-nio-8080-exec-5] DEBUG o.s.orm.jpa.JpaTransactionManager - Participating in existing transaction
2026-03-16 16:59:39 [http-nio-8080-exec-5] DEBUG org.hibernate.SQL - select u1_0.emplyr_id,u1_0.area_no,u1_0.brthdy,u1_0.chg_pwd_cnt,u1_0.frst_register_id,u1_0.frst_regist_pnttm,u1_0.detail_adres,u1_0.email_adres,u1_0.emplyr_sttus_code,u1_0.empl_no,u1_0.esntl_id,u1_0.fxnum,u1_0.group_id,u1_0.house_adres,u1_0.house_end_telno,u1_0.house_middle_telno,u1_0.ihidnum,u1_0.pstinst_code,u1_0.last_updusr_id,u1_0.last_updt_pnttm,u1_0.lock_at,u1_0.lock_cnt,u1_0.lock_last_pnttm,u1_0.mbtlnum,u1_0.ofcps_nm,u1_0.offm_telno,u1_0.orgnzt_id,u1_0.password,u1_0.password_cnsr,u1_0.password_hint,u1_0.chg_pwd_last_pnttm,u1_0.role,u1_0.sbscrb_de,u1_0.sexdstn_code,u1_0.crtfc_dn_value,u1_0.user_nm,u1_0.zip from nemplyrinfo u1_0 where u1_0.emplyr_id=?
2026-03-16 16:59:39 [http-nio-8080-exec-3] DEBUG o.s.orm.jpa.JpaTransactionManager - Initiating transaction commit
2026-03-16 16:59:39 [http-nio-8080-exec-3] DEBUG o.s.orm.jpa.JpaTransactionManager - Committing JPA transaction on EntityManager [SessionImpl(307792534<open>)]
2026-03-16 16:59:39 [http-nio-8080-exec-6] DEBUG o.s.orm.jpa.JpaTransactionManager - Exposing JPA transaction as JDBC [org.springframework.orm.jpa.vendor.HibernateJpaDialect$HibernateConnectionHandle@e66c704]
2026-03-16 16:59:39 [http-nio-8080-exec-8] DEBUG o.s.orm.jpa.JpaTransactionManager - Exposing JPA transaction as JDBC [org.springframework.orm.jpa.vendor.HibernateJpaDialect$HibernateConnectionHandle@80b88b3]
2026-03-16 16:59:39 [http-nio-8080-exec-6] DEBUG o.s.orm.jpa.JpaTransactionManager - Found thread-bound EntityManager [SessionImpl(1851971213<open>)] for JPA transaction
2026-03-16 16:59:39 [http-nio-8080-exec-6] DEBUG o.s.orm.jpa.JpaTransactionManager - Participating in existing transaction
2026-03-16 16:59:39 [http-nio-8080-exec-6] DEBUG org.hibernate.SQL - select u1_0.emplyr_id,u1_0.area_no,u1_0.brthdy,u1_0.chg_pwd_cnt,u1_0.frst_register_id,u1_0.frst_regist_pnttm,u1_0.detail_adres,u1_0.email_adres,u1_0.emplyr_sttus_code,u1_0.empl_no,u1_0.esntl_id,u1_0.fxnum,u1_0.group_id,u1_0.house_adres,u1_0.house_end_telno,u1_0.house_middle_telno,u1_0.ihidnum,u1_0.pstinst_code,u1_0.last_updusr_id,u1_0.last_updt_pnttm,u1_0.lock_at,u1_0.lock_cnt,u1_0.lock_last_pnttm,u1_0.mbtlnum,u1_0.ofcps_nm,u1_0.offm_telno,u1_0.orgnzt_id,u1_0.password,u1_0.password_cnsr,u1_0.password_hint,u1_0.chg_pwd_last_pnttm,u1_0.role,u1_0.sbscrb_de,u1_0.sexdstn_code,u1_0.crtfc_dn_value,u1_0.user_nm,u1_0.zip from nemplyrinfo u1_0 where u1_0.emplyr_id=?
2026-03-16 16:59:39 [http-nio-8080-exec-8] DEBUG o.s.orm.jpa.JpaTransactionManager - Found thread-bound EntityManager [SessionImpl(299808813<open>)] for JPA transaction
2026-03-16 16:59:39 [http-nio-8080-exec-8] DEBUG o.s.orm.jpa.JpaTransactionManager - Participating in existing transaction
2026-03-16 16:59:39 [http-nio-8080-exec-8] DEBUG org.hibernate.SQL - select u1_0.emplyr_id,u1_0.area_no,u1_0.brthdy,u1_0.chg_pwd_cnt,u1_0.frst_register_id,u1_0.frst_regist_pnttm,u1_0.detail_adres,u1_0.email_adres,u1_0.emplyr_sttus_code,u1_0.empl_no,u1_0.esntl_id,u1_0.fxnum,u1_0.group_id,u1_0.house_adres,u1_0.house_end_telno,u1_0.house_middle_telno,u1_0.ihidnum,u1_0.pstinst_code,u1_0.last_updusr_id,u1_0.last_updt_pnttm,u1_0.lock_at,u1_0.lock_cnt,u1_0.lock_last_pnttm,u1_0.mbtlnum,u1_0.ofcps_nm,u1_0.offm_telno,u1_0.orgnzt_id,u1_0.password,u1_0.password_cnsr,u1_0.password_hint,u1_0.chg_pwd_last_pnttm,u1_0.role,u1_0.sbscrb_de,u1_0.sexdstn_code,u1_0.crtfc_dn_value,u1_0.user_nm,u1_0.zip from nemplyrinfo u1_0 where u1_0.emplyr_id=?
2026-03-16 16:59:39 [http-nio-8080-exec-1] DEBUG o.s.orm.jpa.JpaTransactionManager - Found thread-bound EntityManager [SessionImpl(2049318519<open>)] for JPA transaction
2026-03-16 16:59:39 [http-nio-8080-exec-1] DEBUG o.s.orm.jpa.JpaTransactionManager - Participating in existing transaction
2026-03-16 16:59:39 [http-nio-8080-exec-1] DEBUG org.hibernate.SQL - select ua1_0.scrty_dtrmn_trget_id,ua1_0.author_code,ua1_0.frst_register_id,ua1_0.frst_regist_pnttm,ua1_0.last_updusr_id,ua1_0.last_updt_pnttm,ua1_0.mber_ty_code from nemplyrscrtyestbs ua1_0 where ua1_0.scrty_dtrmn_trget_id=?
2026-03-16 16:59:39 [http-nio-8080-exec-9] DEBUG o.s.orm.jpa.JpaTransactionManager - Found thread-bound EntityManager [SessionImpl(1824691610<open>)] for JPA transaction
2026-03-16 16:59:39 [http-nio-8080-exec-9] DEBUG o.s.orm.jpa.JpaTransactionManager - Participating in existing transaction
2026-03-16 16:59:39 [http-nio-8080-exec-9] DEBUG org.hibernate.SQL - select ua1_0.scrty_dtrmn_trget_id,ua1_0.author_code,ua1_0.frst_register_id,ua1_0.frst_regist_pnttm,ua1_0.last_updusr_id,ua1_0.last_updt_pnttm,ua1_0.mber_ty_code from nemplyrscrtyestbs ua1_0 where ua1_0.scrty_dtrmn_trget_id=?
2026-03-16 16:59:39 [http-nio-8080-exec-5] DEBUG o.s.orm.jpa.JpaTransactionManager - Found thread-bound EntityManager [SessionImpl(1209448948<open>)] for JPA transaction
2026-03-16 16:59:39 [http-nio-8080-exec-5] DEBUG o.s.orm.jpa.JpaTransactionManager - Participating in existing transaction
2026-03-16 16:59:39 [http-nio-8080-exec-5] DEBUG org.hibernate.SQL - select ua1_0.scrty_dtrmn_trget_id,ua1_0.author_code,ua1_0.frst_register_id,ua1_0.frst_regist_pnttm,ua1_0.last_updusr_id,ua1_0.last_updt_pnttm,ua1_0.mber_ty_code from nemplyrscrtyestbs ua1_0 where ua1_0.scrty_dtrmn_trget_id=?
2026-03-16 16:59:39 [http-nio-8080-exec-3] DEBUG o.s.orm.jpa.JpaTransactionManager - Closing JPA EntityManager [SessionImpl(307792534<open>)] after transaction
2026-03-16 16:59:39 [http-nio-8080-exec-3] DEBUG c.c.p.s.jwt.JwtAuthenticationFilter - >>> [JwtFilter] Successfully authenticated user: USRCNFRM_99999999999, Authorities: [ROLE_ADMIN]
2026-03-16 16:59:39 [http-nio-8080-exec-3] DEBUG o.s.web.servlet.DispatcherServlet - GET "/api/v1/admin/system/statistics/bbs?statsKind=COM101", parameters={masked}
2026-03-16 16:59:39 [http-nio-8080-exec-3] DEBUG o.s.w.s.h.SimpleUrlHandlerMapping - Mapped to ResourceHttpRequestHandler [classpath [META-INF/resources/], classpath [resources/], classpath [static/], classpath [public/], ServletContext [/]]
2026-03-16 16:59:39 [http-nio-8080-exec-3] DEBUG o.s.w.s.r.ResourceHttpRequestHandler - Resource not found
2026-03-16 16:59:39 [http-nio-8080-exec-3] DEBUG o.s.w.s.m.m.a.ExceptionHandlerExceptionResolver - Using @ExceptionHandler com.company.project.core.exception.GlobalExceptionHandler#handleException(Exception)
2026-03-16 16:59:39 [http-nio-8080-exec-3] ERROR c.c.p.c.e.GlobalExceptionHandler - >>> Internal Server Error: No static resource api/v1/admin/system/statistics/bbs.
org.springframework.web.servlet.resource.NoResourceFoundException: No static resource api/v1/admin/system/statistics/bbs.
	at org.springframework.web.servlet.resource.ResourceHttpRequestHandler.handleRequest(ResourceHttpRequestHandler.java:585)
	at org.springframework.web.servlet.mvc.HttpRequestHandlerAdapter.handle(HttpRequestHandlerAdapter.java:52)
	at org.springframework.web.servlet.DispatcherServlet.doDispatch(DispatcherServlet.java:1088)
	at org.springframework.web.servlet.DispatcherServlet.doService(DispatcherServlet.java:978)
	at org.springframework.web.servlet.FrameworkServlet.processRequest(FrameworkServlet.java:1014)
	at org.springframework.web.servlet.FrameworkServlet.doGet(FrameworkServlet.java:903)
	at jakarta.servlet.http.HttpServlet.service(HttpServlet.java:527)
	at org.springframework.web.servlet.FrameworkServlet.service(FrameworkServlet.java:885)
	at jakarta.servlet.http.HttpServlet.service(HttpServlet.java:614)
	at org.apache.catalina.core.ApplicationFilterChain.internalDoFilter(ApplicationFilterChain.java:195)
	at org.apache.catalina.core.ApplicationFilterChain.doFilter(ApplicationFilterChain.java:140)
	at org.apache.tomcat.websocket.server.WsFilter.doFilter(WsFilter.java:51)
	at org.apache.catalina.core.ApplicationFilterChain.internalDoFilter(ApplicationFilterChain.java:164)
	at org.apache.catalina.core.ApplicationFilterChain.doFilter(ApplicationFilterChain.java:140)
	at org.springframework.web.filter.CompositeFilter$VirtualFilterChain.doFilter(CompositeFilter.java:108)
	at org.springframework.security.web.FilterChainProxy.lambda$doFilterInternal$3(FilterChainProxy.java:231)
	at org.springframework.security.web.ObservationFilterChainDecorator$FilterObservation$SimpleFilterObservation.lambda$wrap$1(ObservationFilterChainDecorator.java:479)
	at org.springframework.security.web.ObservationFilterChainDecorator$AroundFilterObservation$SimpleAroundFilterObservation.lambda$wrap$1(ObservationFilterChainDecorator.java:340)
	at org.springframework.security.web.ObservationFilterChainDecorator.lambda$wrapSecured$0(ObservationFilterChainDecorator.java:82)
	at org.springframework.security.web.ObservationFilterChainDecorator$VirtualFilterChain.doFilter(ObservationFilterChainDecorator.java:128)
	at org.springframework.security.web.access.intercept.AuthorizationFilter.doFilter(AuthorizationFilter.java:101)
	at org.springframework.security.web.ObservationFilterChainDecorator$ObservationFilter.wrapFilter(ObservationFilterChainDecorator.java:240)
	at org.springframework.security.web.ObservationFilterChainDecorator$ObservationFilter.doFilter(ObservationFilterChainDecorator.java:227)
	at org.springframework.security.web.ObservationFilterChainDecorator$VirtualFilterChain.doFilter(ObservationFilterChainDecorator.java:137)
	at org.springframework.security.web.access.ExceptionTranslationFilter.doFilter(ExceptionTranslationFilter.java:126)
	at org.springframework.security.web.access.ExceptionTranslationFilter.doFilter(ExceptionTranslationFilter.java:120)
	at org.springframework.security.web.ObservationFilterChainDecorator$ObservationFilter.wrapFilter(ObservationFilterChainDecorator.java:240)
	at org.springframework.security.web.ObservationFilterChainDecorator$ObservationFilter.doFilter(ObservationFilterChainDecorator.java:227)
	at org.springframework.security.web.ObservationFilterChainDecorator$VirtualFilterChain.doFilter(ObservationFilterChainDecorator.java:137)
	at org.springframework.security.web.session.SessionManagementFilter.doFilter(SessionManagementFilter.java:131)
	at org.springframework.security.web.session.SessionManagementFilter.doFilter(SessionManagementFilter.java:85)
	at org.springframework.security.web.ObservationFilterChainDecorator$ObservationFilter.wrapFilter(ObservationFilterChainDecorator.java:240)
	at org.springframework.security.web.ObservationFilterChainDecorator$ObservationFilter.doFilter(ObservationFilterChainDecorator.java:227)
	at org.springframework.security.web.ObservationFilterChainDecorator$VirtualFilterChain.doFilter(ObservationFilterChainDecorator.java:137)
	at org.springframework.security.web.authentication.AnonymousAuthenticationFilter.doFilter(AnonymousAuthenticationFilter.java:100)
	at org.springframework.security.web.ObservationFilterChainDecorator$ObservationFilter.wrapFilter(ObservationFilterChainDecorator.java:240)
	at org.springframework.security.web.ObservationFilterChainDecorator$ObservationFilter.doFilter(ObservationFilterChainDecorator.java:227)
	at org.springframework.security.web.ObservationFilterChainDecorator$VirtualFilterChain.doFilter(ObservationFilterChainDecorator.java:137)
	at org.springframework.security.web.servletapi.SecurityContextHolderAwareRequestFilter.doFilter(SecurityContextHolderAwareRequestFilter.java:179)
	at org.springframework.security.web.ObservationFilterChainDecorator$ObservationFilter.wrapFilter(ObservationFilterChainDecorator.java:240)
	at org.springframework.security.web.ObservationFilterChainDecorator$ObservationFilter.doFilter(ObservationFilterChainDecorator.java:227)
	at org.springframework.security.web.ObservationFilterChainDecorator$VirtualFilterChain.doFilter(ObservationFilterChainDecorator.java:137)
	at org.springframework.security.web.savedrequest.RequestCacheAwareFilter.doFilter(RequestCacheAwareFilter.java:63)
	at org.springframework.security.web.ObservationFilterChainDecorator$ObservationFilter.wrapFilter(ObservationFilterChainDecorator.java:240)
	at org.springframework.security.web.ObservationFilterChainDecorator$ObservationFilter.doFilter(ObservationFilterChainDecorator.java:227)
	at org.springframework.security.web.ObservationFilterChainDecorator$VirtualFilterChain.doFilter(ObservationFilterChainDecorator.java:137)
	at com.company.project.security.jwt.JwtAuthenticationFilter.doFilterInternal(JwtAuthenticationFilter.java:52)
	at org.springframework.web.filter.OncePerRequestFilter.doFilter(OncePerRequestFilter.java:116)
	at org.springframework.security.web.ObservationFilterChainDecorator$ObservationFilter.wrapFilter(ObservationFilterChainDecorator.java:240)
	at org.springframework.security.web.ObservationFilterChainDecorator$ObservationFilter.doFilter(ObservationFilterChainDecorator.java:227)
	at org.springframework.security.web.ObservationFilterChainDecorator$VirtualFilterChain.doFilter(ObservationFilterChainDecorator.java:137)
	at org.springframework.security.web.authentication.logout.LogoutFilter.doFilter(LogoutFilter.java:107)
	at org.springframework.security.web.authentication.logout.LogoutFilter.doFilter(LogoutFilter.java:93)
	at org.springframework.security.web.ObservationFilterChainDecorator$ObservationFilter.wrapFilter(ObservationFilterChainDecorator.java:240)
	at org.springframework.security.web.ObservationFilterChainDecorator$ObservationFilter.doFilter(ObservationFilterChainDecorator.java:227)
	at org.springframework.security.web.ObservationFilterChainDecorator$VirtualFilterChain.doFilter(ObservationFilterChainDecorator.java:137)
	at org.springframework.web.filter.CorsFilter.doFilterInternal(CorsFilter.java:91)
	at org.springframework.web.filter.OncePerRequestFilter.doFilter(OncePerRequestFilter.java:116)
	at org.springframework.security.web.ObservationFilterChainDecorator$ObservationFilter.wrapFilter(ObservationFilterChainDecorator.java:240)
	at org.springframework.security.web.ObservationFilterChainDecorator$ObservationFilter.doFilter(ObservationFilterChainDecorator.java:227)
	at org.springframework.security.web.ObservationFilterChainDecorator$VirtualFilterChain.doFilter(ObservationFilterChainDecorator.java:137)
	at org.springframework.security.web.header.HeaderWriterFilter.doHeadersAfter(HeaderWriterFilter.java:90)
	at org.springframework.security.web.header.HeaderWriterFilter.doFilterInternal(HeaderWriterFilter.java:75)
	at org.springframework.web.filter.OncePerRequestFilter.doFilter(OncePerRequestFilter.java:116)
	at org.springframework.security.web.ObservationFilterChainDecorator$ObservationFilter.wrapFilter(ObservationFilterChainDecorator.java:240)
	at org.springframework.security.web.ObservationFilterChainDecorator$ObservationFilter.doFilter(ObservationFilterChainDecorator.java:227)
	at org.springframework.security.web.ObservationFilterChainDecorator$VirtualFilterChain.doFilter(ObservationFilterChainDecorator.java:137)
	at org.springframework.security.web.context.SecurityContextHolderFilter.doFilter(SecurityContextHolderFilter.java:82)
	at org.springframework.security.web.context.SecurityContextHolderFilter.doFilter(SecurityContextHolderFilter.java:69)
	at org.springframework.security.web.ObservationFilterChainDecorator$ObservationFilter.wrapFilter(ObservationFilterChainDecorator.java:240)
	at org.springframework.security.web.ObservationFilterChainDecorator$ObservationFilter.doFilter(ObservationFilterChainDecorator.java:227)
	at org.springframework.security.web.ObservationFilterChainDecorator$VirtualFilterChain.doFilter(ObservationFilterChainDecorator.java:137)
	at org.springframework.security.web.context.request.async.WebAsyncManagerIntegrationFilter.doFilterInternal(WebAsyncManagerIntegrationFilter.java:62)
	at org.springframework.web.filter.OncePerRequestFilter.doFilter(OncePerRequestFilter.java:116)
	at org.springframework.security.web.ObservationFilterChainDecorator$ObservationFilter.wrapFilter(ObservationFilterChainDecorator.java:240)
	at org.springframework.security.web.ObservationFilterChainDecorator$ObservationFilter.doFilter(ObservationFilterChainDecorator.java:227)
	at org.springframework.security.web.ObservationFilterChainDecorator$VirtualFilterChain.doFilter(ObservationFilterChainDecorator.java:137)
	at org.springframework.security.web.session.DisableEncodeUrlFilter.doFilterInternal(DisableEncodeUrlFilter.java:42)
	at org.springframework.web.filter.OncePerRequestFilter.doFilter(OncePerRequestFilter.java:116)
	at org.springframework.security.web.ObservationFilterChainDecorator$ObservationFilter.wrapFilter(ObservationFilterChainDecorator.java:240)
	at org.springframework.security.web.ObservationFilterChainDecorator$AroundFilterObservation$SimpleAroundFilterObservation.lambda$wrap$0(ObservationFilterChainDecorator.java:323)
	at org.springframework.security.web.ObservationFilterChainDecorator$ObservationFilter.doFilter(ObservationFilterChainDecorator.java:224)
	at org.springframework.security.web.ObservationFilterChainDecorator$VirtualFilterChain.doFilter(ObservationFilterChainDecorator.java:137)
	at org.springframework.security.web.FilterChainProxy.doFilterInternal(FilterChainProxy.java:233)
	at org.springframework.security.web.FilterChainProxy.doFilter(FilterChainProxy.java:191)
	at org.springframework.web.filter.CompositeFilter$VirtualFilterChain.doFilter(CompositeFilter.java:113)
	at org.springframework.web.servlet.handler.HandlerMappingIntrospector.lambda$createCacheFilter$3(HandlerMappingIntrospector.java:243)
	at org.springframework.web.filter.CompositeFilter$VirtualFilterChain.doFilter(CompositeFilter.java:113)
	at org.springframework.web.filter.CompositeFilter.doFilter(CompositeFilter.java:74)
	at org.springframework.security.config.annotation.web.configuration.WebMvcSecurityConfiguration$CompositeFilterChainProxy.doFilter(WebMvcSecurityConfiguration.java:238)
	at org.springframework.web.filter.DelegatingFilterProxy.invokeDelegate(DelegatingFilterProxy.java:362)
	at org.springframework.web.filter.DelegatingFilterProxy.doFilter(DelegatingFilterProxy.java:278)
	at org.apache.catalina.core.ApplicationFilterChain.internalDoFilter(ApplicationFilterChain.java:164)
	at org.apache.catalina.core.ApplicationFilterChain.doFilter(ApplicationFilterChain.java:140)
	at org.springframework.web.filter.RequestContextFilter.doFilterInternal(RequestContextFilter.java:100)
	at org.springframework.web.filter.OncePerRequestFilter.doFilter(OncePerRequestFilter.java:116)
	at org.apache.catalina.core.ApplicationFilterChain.internalDoFilter(ApplicationFilterChain.java:164)
	at org.apache.catalina.core.ApplicationFilterChain.doFilter(ApplicationFilterChain.java:140)
	at org.springframework.web.filter.FormContentFilter.doFilterInternal(FormContentFilter.java:93)
	at org.springframework.web.filter.OncePerRequestFilter.doFilter(OncePerRequestFilter.java:116)
	at org.apache.catalina.core.ApplicationFilterChain.internalDoFilter(ApplicationFilterChain.java:164)
	at org.apache.catalina.core.ApplicationFilterChain.doFilter(ApplicationFilterChain.java:140)
	at org.springframework.web.filter.ServerHttpObservationFilter.doFilterInternal(ServerHttpObservationFilter.java:114)
	at org.springframework.web.filter.OncePerRequestFilter.doFilter(OncePerRequestFilter.java:116)
	at org.apache.catalina.core.ApplicationFilterChain.internalDoFilter(ApplicationFilterChain.java:164)
	at org.apache.catalina.core.ApplicationFilterChain.doFilter(ApplicationFilterChain.java:140)
	at org.springframework.web.filter.CharacterEncodingFilter.doFilterInternal(CharacterEncodingFilter.java:201)
	at org.springframework.web.filter.OncePerRequestFilter.doFilter(OncePerRequestFilter.java:116)
	at org.apache.catalina.core.ApplicationFilterChain.internalDoFilter(ApplicationFilterChain.java:164)
	at org.apache.catalina.core.ApplicationFilterChain.doFilter(ApplicationFilterChain.java:140)
	at org.apache.catalina.core.StandardWrapperValve.invoke(StandardWrapperValve.java:167)
	at org.apache.catalina.core.StandardContextValve.invoke(StandardContextValve.java:90)
	at org.apache.catalina.authenticator.AuthenticatorBase.invoke(AuthenticatorBase.java:483)
	at org.apache.catalina.core.StandardHostValve.invoke(StandardHostValve.java:115)
	at org.apache.catalina.valves.ErrorReportValve.invoke(ErrorReportValve.java:93)
	at org.apache.catalina.core.StandardEngineValve.invoke(StandardEngineValve.java:74)
	at org.apache.catalina.connector.CoyoteAdapter.service(CoyoteAdapter.java:344)
	at org.apache.coyote.http11.Http11Processor.service(Http11Processor.java:397)
	at org.apache.coyote.AbstractProcessorLight.process(AbstractProcessorLight.java:63)
	at org.apache.coyote.AbstractProtocol$ConnectionHandler.process(AbstractProtocol.java:905)
	at org.apache.tomcat.util.net.NioEndpoint$SocketProcessor.doRun(NioEndpoint.java:1741)
	at org.apache.tomcat.util.net.SocketProcessorBase.run(SocketProcessorBase.java:52)
	at org.apache.tomcat.util.threads.ThreadPoolExecutor.runWorker(ThreadPoolExecutor.java:1190)
	at org.apache.tomcat.util.threads.ThreadPoolExecutor$Worker.run(ThreadPoolExecutor.java:659)
	at org.apache.tomcat.util.threads.TaskThread$WrappingRunnable.run(TaskThread.java:63)
	at java.base/java.lang.Thread.run(Thread.java:1583)
2026-03-16 16:59:39 [http-nio-8080-exec-3] DEBUG o.s.w.s.m.m.a.HttpEntityMethodProcessor - Using 'application/json', given [application/json, text/plain, */*] and supported [application/json, application/*+json, application/yaml]
2026-03-16 16:59:39 [http-nio-8080-exec-3] TRACE o.s.w.s.m.m.a.HttpEntityMethodProcessor - Writing [ApiResponse[success=false, status=500, code=C004, message=예기치 않은 서버 오류가 발생했습니다., data=null, timestamp=2026-03-16T16:59:39.794844200]]
2026-03-16 16:59:39 [http-nio-8080-exec-3] DEBUG o.s.w.s.m.m.a.ExceptionHandlerExceptionResolver - Resolved [org.springframework.web.servlet.resource.NoResourceFoundException: No static resource api/v1/admin/system/statistics/bbs.]
2026-03-16 16:59:39 [http-nio-8080-exec-3] DEBUG o.s.web.servlet.DispatcherServlet - Completed 500 INTERNAL_SERVER_ERROR
2026-03-16 16:59:39 [http-nio-8080-exec-6] DEBUG o.s.orm.jpa.JpaTransactionManager - Found thread-bound EntityManager [SessionImpl(1851971213<open>)] for JPA transaction
2026-03-16 16:59:39 [http-nio-8080-exec-6] DEBUG o.s.orm.jpa.JpaTransactionManager - Participating in existing transaction
2026-03-16 16:59:39 [http-nio-8080-exec-6] DEBUG org.hibernate.SQL - select ua1_0.scrty_dtrmn_trget_id,ua1_0.author_code,ua1_0.frst_register_id,ua1_0.frst_regist_pnttm,ua1_0.last_updusr_id,ua1_0.last_updt_pnttm,ua1_0.mber_ty_code from nemplyrscrtyestbs ua1_0 where ua1_0.scrty_dtrmn_trget_id=?
2026-03-16 16:59:39 [http-nio-8080-exec-8] DEBUG o.s.orm.jpa.JpaTransactionManager - Found thread-bound EntityManager [SessionImpl(299808813<open>)] for JPA transaction
2026-03-16 16:59:39 [http-nio-8080-exec-8] DEBUG o.s.orm.jpa.JpaTransactionManager - Participating in existing transaction
2026-03-16 16:59:39 [http-nio-8080-exec-8] DEBUG org.hibernate.SQL - select ua1_0.scrty_dtrmn_trget_id,ua1_0.author_code,ua1_0.frst_register_id,ua1_0.frst_regist_pnttm,ua1_0.last_updusr_id,ua1_0.last_updt_pnttm,ua1_0.mber_ty_code from nemplyrscrtyestbs ua1_0 where ua1_0.scrty_dtrmn_trget_id=?
2026-03-16 16:59:39 [http-nio-8080-exec-1] DEBUG o.s.orm.jpa.JpaTransactionManager - Initiating transaction commit
2026-03-16 16:59:39 [http-nio-8080-exec-1] DEBUG o.s.orm.jpa.JpaTransactionManager - Committing JPA transaction on EntityManager [SessionImpl(2049318519<open>)]
2026-03-16 16:59:39 [http-nio-8080-exec-9] DEBUG o.s.orm.jpa.JpaTransactionManager - Initiating transaction commit
2026-03-16 16:59:39 [http-nio-8080-exec-9] DEBUG o.s.orm.jpa.JpaTransactionManager - Committing JPA transaction on EntityManager [SessionImpl(1824691610<open>)]
2026-03-16 16:59:39 [http-nio-8080-exec-5] DEBUG o.s.orm.jpa.JpaTransactionManager - Initiating transaction commit
2026-03-16 16:59:39 [http-nio-8080-exec-5] DEBUG o.s.orm.jpa.JpaTransactionManager - Committing JPA transaction on EntityManager [SessionImpl(1209448948<open>)]
2026-03-16 16:59:40 [http-nio-8080-exec-1] DEBUG o.s.orm.jpa.JpaTransactionManager - Closing JPA EntityManager [SessionImpl(2049318519<open>)] after transaction
2026-03-16 16:59:40 [http-nio-8080-exec-1] DEBUG c.c.p.s.jwt.JwtAuthenticationFilter - >>> [JwtFilter] Successfully authenticated user: USRCNFRM_99999999999, Authorities: [ROLE_ADMIN]
2026-03-16 16:59:40 [http-nio-8080-exec-1] DEBUG o.s.web.servlet.DispatcherServlet - GET "/api/v1/menu/left?menuNo=20", parameters={masked}
2026-03-16 16:59:40 [http-nio-8080-exec-1] TRACE o.s.w.s.m.m.a.RequestMappingHandlerMapping - Mapped to com.company.project.api.controller.menu.MenuController#getLeftMenu(Long)
2026-03-16 16:59:40 [http-nio-8080-exec-1] INFO  c.c.p.a.c.menu.MenuController - getLeftMenu called with menuNo=20
2026-03-16 16:59:40 [http-nio-8080-exec-1] DEBUG o.s.orm.jpa.JpaTransactionManager - Creating new transaction with name [com.company.project.service.menu.MenuService.getSubMenus]: PROPAGATION_REQUIRED,ISOLATION_DEFAULT,readOnly
2026-03-16 16:59:40 [http-nio-8080-exec-1] DEBUG o.s.orm.jpa.JpaTransactionManager - Opened new EntityManager [SessionImpl(1685550182<open>)] for JPA transaction
2026-03-16 16:59:40 [http-nio-8080-exec-1] DEBUG o.s.orm.jpa.JpaTransactionManager - Exposing JPA transaction as JDBC [org.springframework.orm.jpa.vendor.HibernateJpaDialect$HibernateConnectionHandle@3d8e929c]
2026-03-16 16:59:40 [http-nio-8080-exec-1] DEBUG org.hibernate.SQL - select m1_0.menu_no,m1_0.menu_dc,m1_0.menu_nm,m1_0.menu_ordr,m1_0.modern_route,m1_0.progrm_file_nm,m1_0.relate_image_nm,m1_0.relate_image_path,m1_0.route_updated_at,m1_0.upper_menu_no from nmenuinfo m1_0 order by m1_0.upper_menu_no,m1_0.menu_ordr
2026-03-16 16:59:40 [http-nio-8080-exec-6] DEBUG o.s.orm.jpa.JpaTransactionManager - Initiating transaction commit
2026-03-16 16:59:40 [http-nio-8080-exec-8] DEBUG o.s.orm.jpa.JpaTransactionManager - Initiating transaction commit
2026-03-16 16:59:40 [http-nio-8080-exec-6] DEBUG o.s.orm.jpa.JpaTransactionManager - Committing JPA transaction on EntityManager [SessionImpl(1851971213<open>)]
2026-03-16 16:59:40 [http-nio-8080-exec-8] DEBUG o.s.orm.jpa.JpaTransactionManager - Committing JPA transaction on EntityManager [SessionImpl(299808813<open>)]
2026-03-16 16:59:40 [http-nio-8080-exec-9] DEBUG o.s.orm.jpa.JpaTransactionManager - Closing JPA EntityManager [SessionImpl(1824691610<open>)] after transaction
2026-03-16 16:59:40 [http-nio-8080-exec-9] DEBUG c.c.p.s.jwt.JwtAuthenticationFilter - >>> [JwtFilter] Successfully authenticated user: USRCNFRM_99999999999, Authorities: [ROLE_ADMIN]
2026-03-16 16:59:40 [http-nio-8080-exec-9] DEBUG o.s.web.servlet.DispatcherServlet - GET "/api/v1/notifications", parameters={}
2026-03-16 16:59:40 [http-nio-8080-exec-9] TRACE o.s.w.s.m.m.a.RequestMappingHandlerMapping - Mapped to com.company.project.api.controller.notification.NotificationController#getMyNotifications(UserDetails)
2026-03-16 16:59:40 [http-nio-8080-exec-9] DEBUG o.s.orm.jpa.JpaTransactionManager - Creating new transaction with name [com.company.project.service.notification.NotificationService.getActiveNotifications]: PROPAGATION_REQUIRED,ISOLATION_DEFAULT,readOnly
2026-03-16 16:59:40 [http-nio-8080-exec-9] DEBUG o.s.orm.jpa.JpaTransactionManager - Opened new EntityManager [SessionImpl(55196428<open>)] for JPA transaction
2026-03-16 16:59:40 [http-nio-8080-exec-9] DEBUG o.s.orm.jpa.JpaTransactionManager - Exposing JPA transaction as JDBC [org.springframework.orm.jpa.vendor.HibernateJpaDialect$HibernateConnectionHandle@1fb7512e]
2026-03-16 16:59:40 [http-nio-8080-exec-9] DEBUG o.s.orm.jpa.JpaTransactionManager - Found thread-bound EntityManager [SessionImpl(55196428<open>)] for JPA transaction
2026-03-16 16:59:40 [http-nio-8080-exec-9] DEBUG o.s.orm.jpa.JpaTransactionManager - Participating in existing transaction
2026-03-16 16:59:40 [http-nio-8080-exec-9] DEBUG org.hibernate.SQL - select n1_0.ntcn_no,n1_0.frst_register_id,n1_0.frst_regist_pnttm,n1_0.is_read,n1_0.last_updusr_id,n1_0.last_updt_pnttm,n1_0.link_url,n1_0.ntcn_cn,n1_0.ntcn_sj,n1_0.receiver_id from n_user_notification n1_0
2026-03-16 16:59:40 [http-nio-8080-exec-5] DEBUG o.s.orm.jpa.JpaTransactionManager - Closing JPA EntityManager [SessionImpl(1209448948<open>)] after transaction
2026-03-16 16:59:40 [http-nio-8080-exec-5] DEBUG c.c.p.s.jwt.JwtAuthenticationFilter - >>> [JwtFilter] Successfully authenticated user: USRCNFRM_99999999999, Authorities: [ROLE_ADMIN]
2026-03-16 16:59:40 [http-nio-8080-exec-5] DEBUG o.s.web.servlet.DispatcherServlet - GET "/api/v1/admin/system/banners/reflected", parameters={}
2026-03-16 16:59:40 [http-nio-8080-exec-5] TRACE o.s.w.s.m.m.a.RequestMappingHandlerMapping - Mapped to com.company.project.api.controller.system.content.banner.BannerApiController#getReflectedBanners()
2026-03-16 16:59:40 [http-nio-8080-exec-5] DEBUG o.s.orm.jpa.JpaTransactionManager - Creating new transaction with name [com.company.project.service.system.content.banner.BannerService.getReflectedBanners]: PROPAGATION_REQUIRED,ISOLATION_DEFAULT,readOnly
2026-03-16 16:59:40 [http-nio-8080-exec-5] DEBUG o.s.orm.jpa.JpaTransactionManager - Opened new EntityManager [SessionImpl(1316195270<open>)] for JPA transaction
2026-03-16 16:59:40 [http-nio-8080-exec-5] DEBUG o.s.orm.jpa.JpaTransactionManager - Exposing JPA transaction as JDBC [org.springframework.orm.jpa.vendor.HibernateJpaDialect$HibernateConnectionHandle@298cafdf]
2026-03-16 16:59:40 [http-nio-8080-exec-5] DEBUG org.hibernate.SQL - select b1_0.banner_id,b1_0.banner_dc,b1_0.banner_image,b1_0.banner_image_file,b1_0.banner_nm,b1_0.frst_register_id,b1_0.frst_regist_pnttm,b1_0.last_updusr_id,b1_0.last_updt_pnttm,b1_0.link_url,b1_0.reflct_at,b1_0.sort_ordr from nbanner b1_0 where b1_0.reflct_at=? order by b1_0.sort_ordr
2026-03-16 16:59:40 [http-nio-8080-exec-8] DEBUG o.s.orm.jpa.JpaTransactionManager - Closing JPA EntityManager [SessionImpl(299808813<open>)] after transaction
2026-03-16 16:59:40 [http-nio-8080-exec-6] DEBUG o.s.orm.jpa.JpaTransactionManager - Closing JPA EntityManager [SessionImpl(1851971213<open>)] after transaction
2026-03-16 16:59:40 [http-nio-8080-exec-8] DEBUG c.c.p.s.jwt.JwtAuthenticationFilter - >>> [JwtFilter] Successfully authenticated user: USRCNFRM_99999999999, Authorities: [ROLE_ADMIN]
2026-03-16 16:59:40 [http-nio-8080-exec-9] DEBUG o.s.orm.jpa.JpaTransactionManager - Initiating transaction commit
2026-03-16 16:59:40 [http-nio-8080-exec-6] DEBUG c.c.p.s.jwt.JwtAuthenticationFilter - >>> [JwtFilter] Successfully authenticated user: USRCNFRM_99999999999, Authorities: [ROLE_ADMIN]
2026-03-16 16:59:40 [http-nio-8080-exec-9] DEBUG o.s.orm.jpa.JpaTransactionManager - Committing JPA transaction on EntityManager [SessionImpl(55196428<open>)]
2026-03-16 16:59:40 [http-nio-8080-exec-8] DEBUG o.s.web.servlet.DispatcherServlet - GET "/api/v1/notifications/unread-count", parameters={}
2026-03-16 16:59:40 [http-nio-8080-exec-6] DEBUG o.s.web.servlet.DispatcherServlet - GET "/api/v1/popups/active", parameters={}
2026-03-16 16:59:40 [http-nio-8080-exec-8] TRACE o.s.w.s.m.m.a.RequestMappingHandlerMapping - Mapped to com.company.project.api.controller.notification.NotificationController#getUnreadCount(UserDetails)
2026-03-16 16:59:40 [http-nio-8080-exec-6] TRACE o.s.w.s.m.m.a.RequestMappingHandlerMapping - Mapped to com.company.project.api.controller.system.content.popup.PopupController#getActivePopups()
2026-03-16 16:59:40 [http-nio-8080-exec-6] DEBUG o.s.orm.jpa.JpaTransactionManager - Creating new transaction with name [com.company.project.service.system.content.popup.PopupServiceImpl.getActivePopups]: PROPAGATION_REQUIRED,ISOLATION_DEFAULT,readOnly
2026-03-16 16:59:40 [http-nio-8080-exec-8] DEBUG o.s.orm.jpa.JpaTransactionManager - Creating new transaction with name [com.company.project.service.notification.NotificationService.getUnreadCount]: PROPAGATION_REQUIRED,ISOLATION_DEFAULT,readOnly
2026-03-16 16:59:40 [http-nio-8080-exec-6] DEBUG o.s.orm.jpa.JpaTransactionManager - Opened new EntityManager [SessionImpl(1159761849<open>)] for JPA transaction
2026-03-16 16:59:40 [http-nio-8080-exec-8] DEBUG o.s.orm.jpa.JpaTransactionManager - Opened new EntityManager [SessionImpl(1219108481<open>)] for JPA transaction
2026-03-16 16:59:40 [http-nio-8080-exec-6] DEBUG o.s.orm.jpa.JpaTransactionManager - Exposing JPA transaction as JDBC [org.springframework.orm.jpa.vendor.HibernateJpaDialect$HibernateConnectionHandle@1e6b08c]
2026-03-16 16:59:40 [http-nio-8080-exec-8] DEBUG o.s.orm.jpa.JpaTransactionManager - Exposing JPA transaction as JDBC [org.springframework.orm.jpa.vendor.HibernateJpaDialect$HibernateConnectionHandle@37a17c4c]
2026-03-16 16:59:40 [http-nio-8080-exec-6] DEBUG org.hibernate.SQL - select p1_0.popup_id,p1_0.frst_register_id,p1_0.frst_regist_pnttm,p1_0.file_url,p1_0.ntce_at,p1_0.stopvew_setup_at,p1_0.last_updusr_id,p1_0.last_updt_pnttm,p1_0.ntce_bgnde,p1_0.ntce_endde,p1_0.popup_vrticl_lc,p1_0.popup_vrticl_size,p1_0.popup_sj_nm,p1_0.popup_width_lc,p1_0.popup_width_size from npopupmanage p1_0 where p1_0.ntce_at='Y' and ? between p1_0.ntce_bgnde and p1_0.ntce_endde
2026-03-16 16:59:40 [http-nio-8080-exec-8] DEBUG org.hibernate.SQL - select count(n1_0.ntcn_no) from n_user_notification n1_0 where n1_0.receiver_id=? and n1_0.is_read=?
2026-03-16 16:59:40 [http-nio-8080-exec-5] DEBUG o.s.orm.jpa.JpaTransactionManager - Initiating transaction commit
2026-03-16 16:59:40 [http-nio-8080-exec-5] DEBUG o.s.orm.jpa.JpaTransactionManager - Committing JPA transaction on EntityManager [SessionImpl(1316195270<open>)]
2026-03-16 16:59:40 [http-nio-8080-exec-1] DEBUG o.s.orm.jpa.JpaTransactionManager - Found thread-bound EntityManager [SessionImpl(1685550182<open>)] for JPA transaction
2026-03-16 16:59:40 [http-nio-8080-exec-1] DEBUG o.s.orm.jpa.JpaTransactionManager - Participating in existing transaction
2026-03-16 16:59:40 [http-nio-8080-exec-1] DEBUG org.hibernate.SQL - select p1_0.progrm_file_nm,p1_0.progrm_dc,p1_0.progrm_korean_nm,p1_0.progrm_stre_path,p1_0.url from nprogrmlist p1_0
2026-03-16 16:59:40 [http-nio-8080-exec-9] DEBUG o.s.orm.jpa.JpaTransactionManager - Closing JPA EntityManager [SessionImpl(55196428<open>)] after transaction
2026-03-16 16:59:40 [http-nio-8080-exec-9] DEBUG o.s.w.s.m.m.a.HttpEntityMethodProcessor - Using 'application/json', given [application/json, text/plain, */*] and supported [application/json, application/*+json, application/yaml]
2026-03-16 16:59:40 [http-nio-8080-exec-9] TRACE o.s.w.s.m.m.a.HttpEntityMethodProcessor - Writing [ApiResponse[success=true, status=200, code=COMMON_001, message=Success, data=[NotificationDto(ntfcNo=NT001, ntfcSj=테스트 알림입니다, ntfcCn=알림 내용입니다, ntfcDate=null, ntfcTime=2026-02-25T00:59:33.784070, bhNtfcIntrvl=null, uniqId=null, frstRegisterId=null, frstRegisterPnttm=2026-02-25T00:59:33.784070, lastUpdusrId=null, lastUpdusrPnttm=null)], timestamp=2026-03-16T16:59:40.365867600]]
2026-03-16 16:59:40 [http-nio-8080-exec-9] INFO  c.c.p.a.i.OperationalAuditInterceptor - API Audit Log: URL=/api/v1/notifications, User=webmaster, IP=127.0.0.1
2026-03-16 16:59:40 [http-nio-8080-exec-9] DEBUG o.s.web.servlet.DispatcherServlet - Completed 200 OK
2026-03-16 16:59:40 [http-nio-8080-exec-6] DEBUG o.s.orm.jpa.JpaTransactionManager - Initiating transaction commit
2026-03-16 16:59:40 [http-nio-8080-exec-6] DEBUG o.s.orm.jpa.JpaTransactionManager - Committing JPA transaction on EntityManager [SessionImpl(1159761849<open>)]
2026-03-16 16:59:40 [http-nio-8080-exec-8] DEBUG o.s.orm.jpa.JpaTransactionManager - Initiating transaction commit
2026-03-16 16:59:40 [http-nio-8080-exec-8] DEBUG o.s.orm.jpa.JpaTransactionManager - Committing JPA transaction on EntityManager [SessionImpl(1219108481<open>)]
2026-03-16 16:59:40 [http-nio-8080-exec-5] DEBUG o.s.orm.jpa.JpaTransactionManager - Closing JPA EntityManager [SessionImpl(1316195270<open>)] after transaction
2026-03-16 16:59:40 [http-nio-8080-exec-5] DEBUG o.s.w.s.m.m.a.HttpEntityMethodProcessor - Using 'application/json', given [application/json, text/plain, */*] and supported [application/json, application/*+json, application/yaml]
2026-03-16 16:59:40 [http-nio-8080-exec-5] TRACE o.s.w.s.m.m.a.HttpEntityMethodProcessor - Writing [ApiResponse[success=true, status=200, code=COMMON_001, message=Success, data=[], timestamp=2026-03-16T16:59:40.408732600]]
2026-03-16 16:59:40 [http-nio-8080-exec-5] INFO  c.c.p.a.i.OperationalAuditInterceptor - API Audit Log: URL=/api/v1/admin/system/banners/reflected, User=webmaster, IP=127.0.0.1
2026-03-16 16:59:40 [http-nio-8080-exec-5] DEBUG o.s.web.servlet.DispatcherServlet - Completed 200 OK
2026-03-16 16:59:40 [http-nio-8080-exec-2] DEBUG c.c.p.s.jwt.JwtAuthenticationFilter - >>> [JwtFilter] Processing request: GET /api/v1/admin/system/statistics/connect
2026-03-16 16:59:40 [http-nio-8080-exec-2] DEBUG c.c.p.s.jwt.JwtAuthenticationFilter - >>> [JwtFilter] Found token in header for path: /api/v1/admin/system/statistics/connect
2026-03-16 16:59:40 [http-nio-8080-exec-2] DEBUG o.s.orm.jpa.JpaTransactionManager - Creating new transaction with name [com.company.project.security.iam.CustomUserDetailsService.loadUserByUsername]: PROPAGATION_REQUIRED,ISOLATION_DEFAULT,readOnly
2026-03-16 16:59:40 [http-nio-8080-exec-2] DEBUG o.s.orm.jpa.JpaTransactionManager - Opened new EntityManager [SessionImpl(992565194<open>)] for JPA transaction
2026-03-16 16:59:40 [http-nio-8080-exec-1] DEBUG o.s.orm.jpa.JpaTransactionManager - Initiating transaction commit
2026-03-16 16:59:40 [http-nio-8080-exec-1] DEBUG o.s.orm.jpa.JpaTransactionManager - Committing JPA transaction on EntityManager [SessionImpl(1685550182<open>)]
2026-03-16 16:59:40 [http-nio-8080-exec-6] DEBUG o.s.orm.jpa.JpaTransactionManager - Closing JPA EntityManager [SessionImpl(1159761849<open>)] after transaction
2026-03-16 16:59:40 [http-nio-8080-exec-8] DEBUG o.s.orm.jpa.JpaTransactionManager - Closing JPA EntityManager [SessionImpl(1219108481<open>)] after transaction
2026-03-16 16:59:40 [http-nio-8080-exec-8] DEBUG o.s.w.s.m.m.a.HttpEntityMethodProcessor - Using 'application/json', given [application/json, text/plain, */*] and supported [application/json, application/*+json, application/yaml]
2026-03-16 16:59:40 [http-nio-8080-exec-6] DEBUG o.s.w.s.m.m.a.HttpEntityMethodProcessor - Using 'application/json', given [application/json, text/plain, */*] and supported [application/json, application/*+json, application/yaml]
2026-03-16 16:59:40 [http-nio-8080-exec-8] TRACE o.s.w.s.m.m.a.HttpEntityMethodProcessor - Writing [ApiResponse[success=true, status=200, code=COMMON_001, message=Success, data=0, timestamp=2026-03-16T16:59:40.528829100]]
2026-03-16 16:59:40 [http-nio-8080-exec-6] TRACE o.s.w.s.m.m.a.HttpEntityMethodProcessor - Writing [ApiResponse[success=true, status=200, code=COMMON_001, message=Success, data=[], timestamp=2026-03-16T16:59:40.528829100]]
2026-03-16 16:59:40 [http-nio-8080-exec-8] INFO  c.c.p.a.i.OperationalAuditInterceptor - API Audit Log: URL=/api/v1/notifications/unread-count, User=webmaster, IP=127.0.0.1
2026-03-16 16:59:40 [http-nio-8080-exec-6] INFO  c.c.p.a.i.OperationalAuditInterceptor - API Audit Log: URL=/api/v1/popups/active, User=webmaster, IP=127.0.0.1
2026-03-16 16:59:40 [http-nio-8080-exec-8] DEBUG o.s.web.servlet.DispatcherServlet - Completed 200 OK
2026-03-16 16:59:40 [http-nio-8080-exec-6] DEBUG o.s.web.servlet.DispatcherServlet - Completed 200 OK
2026-03-16 16:59:40 [http-nio-8080-exec-2] DEBUG o.s.orm.jpa.JpaTransactionManager - Exposing JPA transaction as JDBC [org.springframework.orm.jpa.vendor.HibernateJpaDialect$HibernateConnectionHandle@2da2a6bf]
2026-03-16 16:59:40 [http-nio-8080-exec-2] DEBUG o.s.orm.jpa.JpaTransactionManager - Found thread-bound EntityManager [SessionImpl(992565194<open>)] for JPA transaction
2026-03-16 16:59:40 [http-nio-8080-exec-2] DEBUG o.s.orm.jpa.JpaTransactionManager - Participating in existing transaction
2026-03-16 16:59:40 [http-nio-8080-exec-2] DEBUG org.hibernate.SQL - select u1_0.emplyr_id,u1_0.area_no,u1_0.brthdy,u1_0.chg_pwd_cnt,u1_0.frst_register_id,u1_0.frst_regist_pnttm,u1_0.detail_adres,u1_0.email_adres,u1_0.emplyr_sttus_code,u1_0.empl_no,u1_0.esntl_id,u1_0.fxnum,u1_0.group_id,u1_0.house_adres,u1_0.house_end_telno,u1_0.house_middle_telno,u1_0.ihidnum,u1_0.pstinst_code,u1_0.last_updusr_id,u1_0.last_updt_pnttm,u1_0.lock_at,u1_0.lock_cnt,u1_0.lock_last_pnttm,u1_0.mbtlnum,u1_0.ofcps_nm,u1_0.offm_telno,u1_0.orgnzt_id,u1_0.password,u1_0.password_cnsr,u1_0.password_hint,u1_0.chg_pwd_last_pnttm,u1_0.role,u1_0.sbscrb_de,u1_0.sexdstn_code,u1_0.crtfc_dn_value,u1_0.user_nm,u1_0.zip from nemplyrinfo u1_0 where u1_0.emplyr_id=?
2026-03-16 16:59:40 [http-nio-8080-exec-1] DEBUG o.s.orm.jpa.JpaTransactionManager - Closing JPA EntityManager [SessionImpl(1685550182<open>)] after transaction
2026-03-16 16:59:40 [http-nio-8080-exec-1] INFO  c.c.p.a.c.menu.MenuController - getLeftMenu returned 3 items
2026-03-16 16:59:40 [http-nio-8080-exec-1] DEBUG o.s.w.s.m.m.a.HttpEntityMethodProcessor - Using 'application/json', given [application/json, text/plain, */*] and supported [application/json, application/*+json, application/yaml]
2026-03-16 16:59:40 [http-nio-8080-exec-1] TRACE o.s.w.s.m.m.a.HttpEntityMethodProcessor - Writing [ApiResponse[success=true, status=200, code=COMMON_001, message=Success, data={list=[com.company.project.service.menu.dto.MenuDto@3bc8104f, com.company.project.service.menu.dto.MenuDto@1fd753f5, com.company.project.service.menu.dto.MenuDto@8f473e5]}, timestamp=2026-03-16T16:59:40.671893600]]
2026-03-16 16:59:40 [http-nio-8080-exec-1] INFO  c.c.p.a.i.OperationalAuditInterceptor - API Audit Log: URL=/api/v1/menu/left, User=webmaster, IP=127.0.0.1
2026-03-16 16:59:40 [http-nio-8080-exec-1] DEBUG o.s.web.servlet.DispatcherServlet - Completed 200 OK
2026-03-16 16:59:40 [http-nio-8080-exec-4] DEBUG c.c.p.s.jwt.JwtAuthenticationFilter - >>> [JwtFilter] Processing request: GET /api/v1/menu/left
2026-03-16 16:59:40 [http-nio-8080-exec-4] DEBUG c.c.p.s.jwt.JwtAuthenticationFilter - >>> [JwtFilter] Found token in header for path: /api/v1/menu/left
2026-03-16 16:59:40 [http-nio-8080-exec-4] DEBUG o.s.orm.jpa.JpaTransactionManager - Creating new transaction with name [com.company.project.security.iam.CustomUserDetailsService.loadUserByUsername]: PROPAGATION_REQUIRED,ISOLATION_DEFAULT,readOnly
2026-03-16 16:59:40 [http-nio-8080-exec-4] DEBUG o.s.orm.jpa.JpaTransactionManager - Opened new EntityManager [SessionImpl(2032332757<open>)] for JPA transaction
2026-03-16 16:59:40 [http-nio-8080-exec-2] DEBUG o.s.orm.jpa.JpaTransactionManager - Found thread-bound EntityManager [SessionImpl(992565194<open>)] for JPA transaction
2026-03-16 16:59:40 [http-nio-8080-exec-2] DEBUG o.s.orm.jpa.JpaTransactionManager - Participating in existing transaction
2026-03-16 16:59:40 [http-nio-8080-exec-2] DEBUG org.hibernate.SQL - select ua1_0.scrty_dtrmn_trget_id,ua1_0.author_code,ua1_0.frst_register_id,ua1_0.frst_regist_pnttm,ua1_0.last_updusr_id,ua1_0.last_updt_pnttm,ua1_0.mber_ty_code from nemplyrscrtyestbs ua1_0 where ua1_0.scrty_dtrmn_trget_id=?
2026-03-16 16:59:40 [http-nio-8080-exec-7] DEBUG c.c.p.s.jwt.JwtAuthenticationFilter - >>> [JwtFilter] Processing request: GET /api/v1/admin/system/statistics/bbs
2026-03-16 16:59:40 [http-nio-8080-exec-7] DEBUG c.c.p.s.jwt.JwtAuthenticationFilter - >>> [JwtFilter] Found token in header for path: /api/v1/admin/system/statistics/bbs
2026-03-16 16:59:40 [http-nio-8080-exec-7] DEBUG o.s.orm.jpa.JpaTransactionManager - Creating new transaction with name [com.company.project.security.iam.CustomUserDetailsService.loadUserByUsername]: PROPAGATION_REQUIRED,ISOLATION_DEFAULT,readOnly
2026-03-16 16:59:40 [http-nio-8080-exec-7] DEBUG o.s.orm.jpa.JpaTransactionManager - Opened new EntityManager [SessionImpl(1176902908<open>)] for JPA transaction
2026-03-16 16:59:40 [http-nio-8080-exec-4] DEBUG o.s.orm.jpa.JpaTransactionManager - Exposing JPA transaction as JDBC [org.springframework.orm.jpa.vendor.HibernateJpaDialect$HibernateConnectionHandle@1e6bdc3e]
2026-03-16 16:59:40 [http-nio-8080-exec-4] DEBUG o.s.orm.jpa.JpaTransactionManager - Found thread-bound EntityManager [SessionImpl(2032332757<open>)] for JPA transaction
2026-03-16 16:59:40 [http-nio-8080-exec-4] DEBUG o.s.orm.jpa.JpaTransactionManager - Participating in existing transaction
2026-03-16 16:59:40 [http-nio-8080-exec-4] DEBUG org.hibernate.SQL - select u1_0.emplyr_id,u1_0.area_no,u1_0.brthdy,u1_0.chg_pwd_cnt,u1_0.frst_register_id,u1_0.frst_regist_pnttm,u1_0.detail_adres,u1_0.email_adres,u1_0.emplyr_sttus_code,u1_0.empl_no,u1_0.esntl_id,u1_0.fxnum,u1_0.group_id,u1_0.house_adres,u1_0.house_end_telno,u1_0.house_middle_telno,u1_0.ihidnum,u1_0.pstinst_code,u1_0.last_updusr_id,u1_0.last_updt_pnttm,u1_0.lock_at,u1_0.lock_cnt,u1_0.lock_last_pnttm,u1_0.mbtlnum,u1_0.ofcps_nm,u1_0.offm_telno,u1_0.orgnzt_id,u1_0.password,u1_0.password_cnsr,u1_0.password_hint,u1_0.chg_pwd_last_pnttm,u1_0.role,u1_0.sbscrb_de,u1_0.sexdstn_code,u1_0.crtfc_dn_value,u1_0.user_nm,u1_0.zip from nemplyrinfo u1_0 where u1_0.emplyr_id=?
2026-03-16 16:59:40 [http-nio-8080-exec-2] DEBUG o.s.orm.jpa.JpaTransactionManager - Initiating transaction commit
2026-03-16 16:59:40 [http-nio-8080-exec-2] DEBUG o.s.orm.jpa.JpaTransactionManager - Committing JPA transaction on EntityManager [SessionImpl(992565194<open>)]
2026-03-16 16:59:40 [http-nio-8080-exec-7] DEBUG o.s.orm.jpa.JpaTransactionManager - Exposing JPA transaction as JDBC [org.springframework.orm.jpa.vendor.HibernateJpaDialect$HibernateConnectionHandle@22494478]
2026-03-16 16:59:40 [http-nio-8080-exec-7] DEBUG o.s.orm.jpa.JpaTransactionManager - Found thread-bound EntityManager [SessionImpl(1176902908<open>)] for JPA transaction
2026-03-16 16:59:40 [http-nio-8080-exec-7] DEBUG o.s.orm.jpa.JpaTransactionManager - Participating in existing transaction
2026-03-16 16:59:40 [http-nio-8080-exec-7] DEBUG org.hibernate.SQL - select u1_0.emplyr_id,u1_0.area_no,u1_0.brthdy,u1_0.chg_pwd_cnt,u1_0.frst_register_id,u1_0.frst_regist_pnttm,u1_0.detail_adres,u1_0.email_adres,u1_0.emplyr_sttus_code,u1_0.empl_no,u1_0.esntl_id,u1_0.fxnum,u1_0.group_id,u1_0.house_adres,u1_0.house_end_telno,u1_0.house_middle_telno,u1_0.ihidnum,u1_0.pstinst_code,u1_0.last_updusr_id,u1_0.last_updt_pnttm,u1_0.lock_at,u1_0.lock_cnt,u1_0.lock_last_pnttm,u1_0.mbtlnum,u1_0.ofcps_nm,u1_0.offm_telno,u1_0.orgnzt_id,u1_0.password,u1_0.password_cnsr,u1_0.password_hint,u1_0.chg_pwd_last_pnttm,u1_0.role,u1_0.sbscrb_de,u1_0.sexdstn_code,u1_0.crtfc_dn_value,u1_0.user_nm,u1_0.zip from nemplyrinfo u1_0 where u1_0.emplyr_id=?
2026-03-16 16:59:40 [http-nio-8080-exec-4] DEBUG o.s.orm.jpa.JpaTransactionManager - Found thread-bound EntityManager [SessionImpl(2032332757<open>)] for JPA transaction
2026-03-16 16:59:40 [http-nio-8080-exec-4] DEBUG o.s.orm.jpa.JpaTransactionManager - Participating in existing transaction
2026-03-16 16:59:40 [http-nio-8080-exec-4] DEBUG org.hibernate.SQL - select ua1_0.scrty_dtrmn_trget_id,ua1_0.author_code,ua1_0.frst_register_id,ua1_0.frst_regist_pnttm,ua1_0.last_updusr_id,ua1_0.last_updt_pnttm,ua1_0.mber_ty_code from nemplyrscrtyestbs ua1_0 where ua1_0.scrty_dtrmn_trget_id=?
2026-03-16 16:59:41 [http-nio-8080-exec-2] DEBUG o.s.orm.jpa.JpaTransactionManager - Closing JPA EntityManager [SessionImpl(992565194<open>)] after transaction
2026-03-16 16:59:41 [http-nio-8080-exec-2] DEBUG c.c.p.s.jwt.JwtAuthenticationFilter - >>> [JwtFilter] Successfully authenticated user: USRCNFRM_99999999999, Authorities: [ROLE_ADMIN]
2026-03-16 16:59:41 [http-nio-8080-exec-2] DEBUG o.s.web.servlet.DispatcherServlet - GET "/api/v1/admin/system/statistics/connect?statsKind=SERVICE", parameters={masked}
2026-03-16 16:59:41 [http-nio-8080-exec-2] DEBUG o.s.w.s.h.SimpleUrlHandlerMapping - Mapped to ResourceHttpRequestHandler [classpath [META-INF/resources/], classpath [resources/], classpath [static/], classpath [public/], ServletContext [/]]
2026-03-16 16:59:41 [http-nio-8080-exec-2] DEBUG o.s.w.s.r.ResourceHttpRequestHandler - Resource not found
2026-03-16 16:59:41 [http-nio-8080-exec-2] DEBUG o.s.w.s.m.m.a.ExceptionHandlerExceptionResolver - Using @ExceptionHandler com.company.project.core.exception.GlobalExceptionHandler#handleException(Exception)
2026-03-16 16:59:41 [http-nio-8080-exec-2] ERROR c.c.p.c.e.GlobalExceptionHandler - >>> Internal Server Error: No static resource api/v1/admin/system/statistics/connect.
org.springframework.web.servlet.resource.NoResourceFoundException: No static resource api/v1/admin/system/statistics/connect.
	at org.springframework.web.servlet.resource.ResourceHttpRequestHandler.handleRequest(ResourceHttpRequestHandler.java:585)
	at org.springframework.web.servlet.mvc.HttpRequestHandlerAdapter.handle(HttpRequestHandlerAdapter.java:52)
	at org.springframework.web.servlet.DispatcherServlet.doDispatch(DispatcherServlet.java:1088)
	at org.springframework.web.servlet.DispatcherServlet.doService(DispatcherServlet.java:978)
	at org.springframework.web.servlet.FrameworkServlet.processRequest(FrameworkServlet.java:1014)
	at org.springframework.web.servlet.FrameworkServlet.doGet(FrameworkServlet.java:903)
	at jakarta.servlet.http.HttpServlet.service(HttpServlet.java:527)
	at org.springframework.web.servlet.FrameworkServlet.service(FrameworkServlet.java:885)
	at jakarta.servlet.http.HttpServlet.service(HttpServlet.java:614)
	at org.apache.catalina.core.ApplicationFilterChain.internalDoFilter(ApplicationFilterChain.java:195)
	at org.apache.catalina.core.ApplicationFilterChain.doFilter(ApplicationFilterChain.java:140)
	at org.apache.tomcat.websocket.server.WsFilter.doFilter(WsFilter.java:51)
	at org.apache.catalina.core.ApplicationFilterChain.internalDoFilter(ApplicationFilterChain.java:164)
	at org.apache.catalina.core.ApplicationFilterChain.doFilter(ApplicationFilterChain.java:140)
	at org.springframework.web.filter.CompositeFilter$VirtualFilterChain.doFilter(CompositeFilter.java:108)
	at org.springframework.security.web.FilterChainProxy.lambda$doFilterInternal$3(FilterChainProxy.java:231)
	at org.springframework.security.web.ObservationFilterChainDecorator$FilterObservation$SimpleFilterObservation.lambda$wrap$1(ObservationFilterChainDecorator.java:479)
	at org.springframework.security.web.ObservationFilterChainDecorator$AroundFilterObservation$SimpleAroundFilterObservation.lambda$wrap$1(ObservationFilterChainDecorator.java:340)
	at org.springframework.security.web.ObservationFilterChainDecorator.lambda$wrapSecured$0(ObservationFilterChainDecorator.java:82)
	at org.springframework.security.web.ObservationFilterChainDecorator$VirtualFilterChain.doFilter(ObservationFilterChainDecorator.java:128)
	at org.springframework.security.web.access.intercept.AuthorizationFilter.doFilter(AuthorizationFilter.java:101)
	at org.springframework.security.web.ObservationFilterChainDecorator$ObservationFilter.wrapFilter(ObservationFilterChainDecorator.java:240)
	at org.springframework.security.web.ObservationFilterChainDecorator$ObservationFilter.doFilter(ObservationFilterChainDecorator.java:227)
	at org.springframework.security.web.ObservationFilterChainDecorator$VirtualFilterChain.doFilter(ObservationFilterChainDecorator.java:137)
	at org.springframework.security.web.access.ExceptionTranslationFilter.doFilter(ExceptionTranslationFilter.java:126)
	at org.springframework.security.web.access.ExceptionTranslationFilter.doFilter(ExceptionTranslationFilter.java:120)
	at org.springframework.security.web.ObservationFilterChainDecorator$ObservationFilter.wrapFilter(ObservationFilterChainDecorator.java:240)
	at org.springframework.security.web.ObservationFilterChainDecorator$ObservationFilter.doFilter(ObservationFilterChainDecorator.java:227)
	at org.springframework.security.web.ObservationFilterChainDecorator$VirtualFilterChain.doFilter(ObservationFilterChainDecorator.java:137)
	at org.springframework.security.web.session.SessionManagementFilter.doFilter(SessionManagementFilter.java:131)
	at org.springframework.security.web.session.SessionManagementFilter.doFilter(SessionManagementFilter.java:85)
	at org.springframework.security.web.ObservationFilterChainDecorator$ObservationFilter.wrapFilter(ObservationFilterChainDecorator.java:240)
	at org.springframework.security.web.ObservationFilterChainDecorator$ObservationFilter.doFilter(ObservationFilterChainDecorator.java:227)
	at org.springframework.security.web.ObservationFilterChainDecorator$VirtualFilterChain.doFilter(ObservationFilterChainDecorator.java:137)
	at org.springframework.security.web.authentication.AnonymousAuthenticationFilter.doFilter(AnonymousAuthenticationFilter.java:100)
	at org.springframework.security.web.ObservationFilterChainDecorator$ObservationFilter.wrapFilter(ObservationFilterChainDecorator.java:240)
	at org.springframework.security.web.ObservationFilterChainDecorator$ObservationFilter.doFilter(ObservationFilterChainDecorator.java:227)
	at org.springframework.security.web.ObservationFilterChainDecorator$VirtualFilterChain.doFilter(ObservationFilterChainDecorator.java:137)
	at org.springframework.security.web.servletapi.SecurityContextHolderAwareRequestFilter.doFilter(SecurityContextHolderAwareRequestFilter.java:179)
	at org.springframework.security.web.ObservationFilterChainDecorator$ObservationFilter.wrapFilter(ObservationFilterChainDecorator.java:240)
	at org.springframework.security.web.ObservationFilterChainDecorator$ObservationFilter.doFilter(ObservationFilterChainDecorator.java:227)
	at org.springframework.security.web.ObservationFilterChainDecorator$VirtualFilterChain.doFilter(ObservationFilterChainDecorator.java:137)
	at org.springframework.security.web.savedrequest.RequestCacheAwareFilter.doFilter(RequestCacheAwareFilter.java:63)
	at org.springframework.security.web.ObservationFilterChainDecorator$ObservationFilter.wrapFilter(ObservationFilterChainDecorator.java:240)
	at org.springframework.security.web.ObservationFilterChainDecorator$ObservationFilter.doFilter(ObservationFilterChainDecorator.java:227)
	at org.springframework.security.web.ObservationFilterChainDecorator$VirtualFilterChain.doFilter(ObservationFilterChainDecorator.java:137)
	at com.company.project.security.jwt.JwtAuthenticationFilter.doFilterInternal(JwtAuthenticationFilter.java:52)
	at org.springframework.web.filter.OncePerRequestFilter.doFilter(OncePerRequestFilter.java:116)
	at org.springframework.security.web.ObservationFilterChainDecorator$ObservationFilter.wrapFilter(ObservationFilterChainDecorator.java:240)
	at org.springframework.security.web.ObservationFilterChainDecorator$ObservationFilter.doFilter(ObservationFilterChainDecorator.java:227)
	at org.springframework.security.web.ObservationFilterChainDecorator$VirtualFilterChain.doFilter(ObservationFilterChainDecorator.java:137)
	at org.springframework.security.web.authentication.logout.LogoutFilter.doFilter(LogoutFilter.java:107)
	at org.springframework.security.web.authentication.logout.LogoutFilter.doFilter(LogoutFilter.java:93)
	at org.springframework.security.web.ObservationFilterChainDecorator$ObservationFilter.wrapFilter(ObservationFilterChainDecorator.java:240)
	at org.springframework.security.web.ObservationFilterChainDecorator$ObservationFilter.doFilter(ObservationFilterChainDecorator.java:227)
	at org.springframework.security.web.ObservationFilterChainDecorator$VirtualFilterChain.doFilter(ObservationFilterChainDecorator.java:137)
	at org.springframework.web.filter.CorsFilter.doFilterInternal(CorsFilter.java:91)
	at org.springframework.web.filter.OncePerRequestFilter.doFilter(OncePerRequestFilter.java:116)
	at org.springframework.security.web.ObservationFilterChainDecorator$ObservationFilter.wrapFilter(ObservationFilterChainDecorator.java:240)
	at org.springframework.security.web.ObservationFilterChainDecorator$ObservationFilter.doFilter(ObservationFilterChainDecorator.java:227)
	at org.springframework.security.web.ObservationFilterChainDecorator$VirtualFilterChain.doFilter(ObservationFilterChainDecorator.java:137)
	at org.springframework.security.web.header.HeaderWriterFilter.doHeadersAfter(HeaderWriterFilter.java:90)
	at org.springframework.security.web.header.HeaderWriterFilter.doFilterInternal(HeaderWriterFilter.java:75)
	at org.springframework.web.filter.OncePerRequestFilter.doFilter(OncePerRequestFilter.java:116)
	at org.springframework.security.web.ObservationFilterChainDecorator$ObservationFilter.wrapFilter(ObservationFilterChainDecorator.java:240)
	at org.springframework.security.web.ObservationFilterChainDecorator$ObservationFilter.doFilter(ObservationFilterChainDecorator.java:227)
	at org.springframework.security.web.ObservationFilterChainDecorator$VirtualFilterChain.doFilter(ObservationFilterChainDecorator.java:137)
	at org.springframework.security.web.context.SecurityContextHolderFilter.doFilter(SecurityContextHolderFilter.java:82)
	at org.springframework.security.web.context.SecurityContextHolderFilter.doFilter(SecurityContextHolderFilter.java:69)
	at org.springframework.security.web.ObservationFilterChainDecorator$ObservationFilter.wrapFilter(ObservationFilterChainDecorator.java:240)
	at org.springframework.security.web.ObservationFilterChainDecorator$ObservationFilter.doFilter(ObservationFilterChainDecorator.java:227)
	at org.springframework.security.web.ObservationFilterChainDecorator$VirtualFilterChain.doFilter(ObservationFilterChainDecorator.java:137)
	at org.springframework.security.web.context.request.async.WebAsyncManagerIntegrationFilter.doFilterInternal(WebAsyncManagerIntegrationFilter.java:62)
	at org.springframework.web.filter.OncePerRequestFilter.doFilter(OncePerRequestFilter.java:116)
	at org.springframework.security.web.ObservationFilterChainDecorator$ObservationFilter.wrapFilter(ObservationFilterChainDecorator.java:240)
	at org.springframework.security.web.ObservationFilterChainDecorator$ObservationFilter.doFilter(ObservationFilterChainDecorator.java:227)
	at org.springframework.security.web.ObservationFilterChainDecorator$VirtualFilterChain.doFilter(ObservationFilterChainDecorator.java:137)
	at org.springframework.security.web.session.DisableEncodeUrlFilter.doFilterInternal(DisableEncodeUrlFilter.java:42)
	at org.springframework.web.filter.OncePerRequestFilter.doFilter(OncePerRequestFilter.java:116)
	at org.springframework.security.web.ObservationFilterChainDecorator$ObservationFilter.wrapFilter(ObservationFilterChainDecorator.java:240)
	at org.springframework.security.web.ObservationFilterChainDecorator$AroundFilterObservation$SimpleAroundFilterObservation.lambda$wrap$0(ObservationFilterChainDecorator.java:323)
	at org.springframework.security.web.ObservationFilterChainDecorator$ObservationFilter.doFilter(ObservationFilterChainDecorator.java:224)
	at org.springframework.security.web.ObservationFilterChainDecorator$VirtualFilterChain.doFilter(ObservationFilterChainDecorator.java:137)
	at org.springframework.security.web.FilterChainProxy.doFilterInternal(FilterChainProxy.java:233)
	at org.springframework.security.web.FilterChainProxy.doFilter(FilterChainProxy.java:191)
	at org.springframework.web.filter.CompositeFilter$VirtualFilterChain.doFilter(CompositeFilter.java:113)
	at org.springframework.web.servlet.handler.HandlerMappingIntrospector.lambda$createCacheFilter$3(HandlerMappingIntrospector.java:243)
	at org.springframework.web.filter.CompositeFilter$VirtualFilterChain.doFilter(CompositeFilter.java:113)
	at org.springframework.web.filter.CompositeFilter.doFilter(CompositeFilter.java:74)
	at org.springframework.security.config.annotation.web.configuration.WebMvcSecurityConfiguration$CompositeFilterChainProxy.doFilter(WebMvcSecurityConfiguration.java:238)
	at org.springframework.web.filter.DelegatingFilterProxy.invokeDelegate(DelegatingFilterProxy.java:362)
	at org.springframework.web.filter.DelegatingFilterProxy.doFilter(DelegatingFilterProxy.java:278)
	at org.apache.catalina.core.ApplicationFilterChain.internalDoFilter(ApplicationFilterChain.java:164)
	at org.apache.catalina.core.ApplicationFilterChain.doFilter(ApplicationFilterChain.java:140)
	at org.springframework.web.filter.RequestContextFilter.doFilterInternal(RequestContextFilter.java:100)
	at org.springframework.web.filter.OncePerRequestFilter.doFilter(OncePerRequestFilter.java:116)
	at org.apache.catalina.core.ApplicationFilterChain.internalDoFilter(ApplicationFilterChain.java:164)
	at org.apache.catalina.core.ApplicationFilterChain.doFilter(ApplicationFilterChain.java:140)
	at org.springframework.web.filter.FormContentFilter.doFilterInternal(FormContentFilter.java:93)
	at org.springframework.web.filter.OncePerRequestFilter.doFilter(OncePerRequestFilter.java:116)
	at org.apache.catalina.core.ApplicationFilterChain.internalDoFilter(ApplicationFilterChain.java:164)
	at org.apache.catalina.core.ApplicationFilterChain.doFilter(ApplicationFilterChain.java:140)
	at org.springframework.web.filter.ServerHttpObservationFilter.doFilterInternal(ServerHttpObservationFilter.java:114)
	at org.springframework.web.filter.OncePerRequestFilter.doFilter(OncePerRequestFilter.java:116)
	at org.apache.catalina.core.ApplicationFilterChain.internalDoFilter(ApplicationFilterChain.java:164)
	at org.apache.catalina.core.ApplicationFilterChain.doFilter(ApplicationFilterChain.java:140)
	at org.springframework.web.filter.CharacterEncodingFilter.doFilterInternal(CharacterEncodingFilter.java:201)
	at org.springframework.web.filter.OncePerRequestFilter.doFilter(OncePerRequestFilter.java:116)
	at org.apache.catalina.core.ApplicationFilterChain.internalDoFilter(ApplicationFilterChain.java:164)
	at org.apache.catalina.core.ApplicationFilterChain.doFilter(ApplicationFilterChain.java:140)
	at org.apache.catalina.core.StandardWrapperValve.invoke(StandardWrapperValve.java:167)
	at org.apache.catalina.core.StandardContextValve.invoke(StandardContextValve.java:90)
	at org.apache.catalina.authenticator.AuthenticatorBase.invoke(AuthenticatorBase.java:483)
	at org.apache.catalina.core.StandardHostValve.invoke(StandardHostValve.java:115)
	at org.apache.catalina.valves.ErrorReportValve.invoke(ErrorReportValve.java:93)
	at org.apache.catalina.core.StandardEngineValve.invoke(StandardEngineValve.java:74)
	at org.apache.catalina.connector.CoyoteAdapter.service(CoyoteAdapter.java:344)
	at org.apache.coyote.http11.Http11Processor.service(Http11Processor.java:397)
	at org.apache.coyote.AbstractProcessorLight.process(AbstractProcessorLight.java:63)
	at org.apache.coyote.AbstractProtocol$ConnectionHandler.process(AbstractProtocol.java:905)
	at org.apache.tomcat.util.net.NioEndpoint$SocketProcessor.doRun(NioEndpoint.java:1741)
	at org.apache.tomcat.util.net.SocketProcessorBase.run(SocketProcessorBase.java:52)
	at org.apache.tomcat.util.threads.ThreadPoolExecutor.runWorker(ThreadPoolExecutor.java:1190)
	at org.apache.tomcat.util.threads.ThreadPoolExecutor$Worker.run(ThreadPoolExecutor.java:659)
	at org.apache.tomcat.util.threads.TaskThread$WrappingRunnable.run(TaskThread.java:63)
	at java.base/java.lang.Thread.run(Thread.java:1583)
2026-03-16 16:59:41 [http-nio-8080-exec-2] DEBUG o.s.w.s.m.m.a.HttpEntityMethodProcessor - Using 'application/json', given [application/json, text/plain, */*] and supported [application/json, application/*+json, application/yaml]
2026-03-16 16:59:41 [http-nio-8080-exec-2] TRACE o.s.w.s.m.m.a.HttpEntityMethodProcessor - Writing [ApiResponse[success=false, status=500, code=C004, message=예기치 않은 서버 오류가 발생했습니다., data=null, timestamp=2026-03-16T16:59:41.062746900]]
2026-03-16 16:59:41 [http-nio-8080-exec-2] DEBUG o.s.w.s.m.m.a.ExceptionHandlerExceptionResolver - Resolved [org.springframework.web.servlet.resource.NoResourceFoundException: No static resource api/v1/admin/system/statistics/connect.]
2026-03-16 16:59:41 [http-nio-8080-exec-2] DEBUG o.s.web.servlet.DispatcherServlet - Completed 500 INTERNAL_SERVER_ERROR
2026-03-16 16:59:41 [http-nio-8080-exec-4] DEBUG o.s.orm.jpa.JpaTransactionManager - Initiating transaction commit
2026-03-16 16:59:41 [http-nio-8080-exec-4] DEBUG o.s.orm.jpa.JpaTransactionManager - Committing JPA transaction on EntityManager [SessionImpl(2032332757<open>)]
2026-03-16 16:59:41 [http-nio-8080-exec-7] DEBUG o.s.orm.jpa.JpaTransactionManager - Found thread-bound EntityManager [SessionImpl(1176902908<open>)] for JPA transaction
2026-03-16 16:59:41 [http-nio-8080-exec-7] DEBUG o.s.orm.jpa.JpaTransactionManager - Participating in existing transaction
2026-03-16 16:59:41 [http-nio-8080-exec-7] DEBUG org.hibernate.SQL - select ua1_0.scrty_dtrmn_trget_id,ua1_0.author_code,ua1_0.frst_register_id,ua1_0.frst_regist_pnttm,ua1_0.last_updusr_id,ua1_0.last_updt_pnttm,ua1_0.mber_ty_code from nemplyrscrtyestbs ua1_0 where ua1_0.scrty_dtrmn_trget_id=?
2026-03-16 16:59:41 [http-nio-8080-exec-4] DEBUG o.s.orm.jpa.JpaTransactionManager - Closing JPA EntityManager [SessionImpl(2032332757<open>)] after transaction
2026-03-16 16:59:41 [http-nio-8080-exec-4] DEBUG c.c.p.s.jwt.JwtAuthenticationFilter - >>> [JwtFilter] Successfully authenticated user: USRCNFRM_99999999999, Authorities: [ROLE_ADMIN]
2026-03-16 16:59:41 [http-nio-8080-exec-4] DEBUG o.s.web.servlet.DispatcherServlet - GET "/api/v1/menu/left?menuNo=40", parameters={masked}
2026-03-16 16:59:41 [http-nio-8080-exec-4] TRACE o.s.w.s.m.m.a.RequestMappingHandlerMapping - Mapped to com.company.project.api.controller.menu.MenuController#getLeftMenu(Long)
2026-03-16 16:59:41 [http-nio-8080-exec-4] INFO  c.c.p.a.c.menu.MenuController - getLeftMenu called with menuNo=40
2026-03-16 16:59:41 [http-nio-8080-exec-4] DEBUG o.s.orm.jpa.JpaTransactionManager - Creating new transaction with name [com.company.project.service.menu.MenuService.getSubMenus]: PROPAGATION_REQUIRED,ISOLATION_DEFAULT,readOnly
2026-03-16 16:59:41 [http-nio-8080-exec-4] DEBUG o.s.orm.jpa.JpaTransactionManager - Opened new EntityManager [SessionImpl(168069112<open>)] for JPA transaction
2026-03-16 16:59:41 [http-nio-8080-exec-4] DEBUG o.s.orm.jpa.JpaTransactionManager - Exposing JPA transaction as JDBC [org.springframework.orm.jpa.vendor.HibernateJpaDialect$HibernateConnectionHandle@575d29d4]
2026-03-16 16:59:41 [http-nio-8080-exec-4] DEBUG org.hibernate.SQL - select m1_0.menu_no,m1_0.menu_dc,m1_0.menu_nm,m1_0.menu_ordr,m1_0.modern_route,m1_0.progrm_file_nm,m1_0.relate_image_nm,m1_0.relate_image_path,m1_0.route_updated_at,m1_0.upper_menu_no from nmenuinfo m1_0 order by m1_0.upper_menu_no,m1_0.menu_ordr
2026-03-16 16:59:41 [http-nio-8080-exec-7] DEBUG o.s.orm.jpa.JpaTransactionManager - Initiating transaction commit
2026-03-16 16:59:41 [http-nio-8080-exec-7] DEBUG o.s.orm.jpa.JpaTransactionManager - Committing JPA transaction on EntityManager [SessionImpl(1176902908<open>)]
2026-03-16 16:59:41 [http-nio-8080-exec-7] DEBUG o.s.orm.jpa.JpaTransactionManager - Closing JPA EntityManager [SessionImpl(1176902908<open>)] after transaction
2026-03-16 16:59:41 [http-nio-8080-exec-7] DEBUG c.c.p.s.jwt.JwtAuthenticationFilter - >>> [JwtFilter] Successfully authenticated user: USRCNFRM_99999999999, Authorities: [ROLE_ADMIN]
2026-03-16 16:59:41 [http-nio-8080-exec-7] DEBUG o.s.web.servlet.DispatcherServlet - GET "/api/v1/admin/system/statistics/bbs?statsKind=COM101", parameters={masked}
2026-03-16 16:59:41 [http-nio-8080-exec-7] DEBUG o.s.w.s.h.SimpleUrlHandlerMapping - Mapped to ResourceHttpRequestHandler [classpath [META-INF/resources/], classpath [resources/], classpath [static/], classpath [public/], ServletContext [/]]
2026-03-16 16:59:41 [http-nio-8080-exec-7] DEBUG o.s.w.s.r.ResourceHttpRequestHandler - Resource not found
2026-03-16 16:59:41 [http-nio-8080-exec-7] DEBUG o.s.w.s.m.m.a.ExceptionHandlerExceptionResolver - Using @ExceptionHandler com.company.project.core.exception.GlobalExceptionHandler#handleException(Exception)
2026-03-16 16:59:41 [http-nio-8080-exec-7] ERROR c.c.p.c.e.GlobalExceptionHandler - >>> Internal Server Error: No static resource api/v1/admin/system/statistics/bbs.
org.springframework.web.servlet.resource.NoResourceFoundException: No static resource api/v1/admin/system/statistics/bbs.
	at org.springframework.web.servlet.resource.ResourceHttpRequestHandler.handleRequest(ResourceHttpRequestHandler.java:585)
	at org.springframework.web.servlet.mvc.HttpRequestHandlerAdapter.handle(HttpRequestHandlerAdapter.java:52)
	at org.springframework.web.servlet.DispatcherServlet.doDispatch(DispatcherServlet.java:1088)
	at org.springframework.web.servlet.DispatcherServlet.doService(DispatcherServlet.java:978)
	at org.springframework.web.servlet.FrameworkServlet.processRequest(FrameworkServlet.java:1014)
	at org.springframework.web.servlet.FrameworkServlet.doGet(FrameworkServlet.java:903)
	at jakarta.servlet.http.HttpServlet.service(HttpServlet.java:527)
	at org.springframework.web.servlet.FrameworkServlet.service(FrameworkServlet.java:885)
	at jakarta.servlet.http.HttpServlet.service(HttpServlet.java:614)
	at org.apache.catalina.core.ApplicationFilterChain.internalDoFilter(ApplicationFilterChain.java:195)
	at org.apache.catalina.core.ApplicationFilterChain.doFilter(ApplicationFilterChain.java:140)
	at org.apache.tomcat.websocket.server.WsFilter.doFilter(WsFilter.java:51)
	at org.apache.catalina.core.ApplicationFilterChain.internalDoFilter(ApplicationFilterChain.java:164)
	at org.apache.catalina.core.ApplicationFilterChain.doFilter(ApplicationFilterChain.java:140)
	at org.springframework.web.filter.CompositeFilter$VirtualFilterChain.doFilter(CompositeFilter.java:108)
	at org.springframework.security.web.FilterChainProxy.lambda$doFilterInternal$3(FilterChainProxy.java:231)
	at org.springframework.security.web.ObservationFilterChainDecorator$FilterObservation$SimpleFilterObservation.lambda$wrap$1(ObservationFilterChainDecorator.java:479)
	at org.springframework.security.web.ObservationFilterChainDecorator$AroundFilterObservation$SimpleAroundFilterObservation.lambda$wrap$1(ObservationFilterChainDecorator.java:340)
	at org.springframework.security.web.ObservationFilterChainDecorator.lambda$wrapSecured$0(ObservationFilterChainDecorator.java:82)
	at org.springframework.security.web.ObservationFilterChainDecorator$VirtualFilterChain.doFilter(ObservationFilterChainDecorator.java:128)
	at org.springframework.security.web.access.intercept.AuthorizationFilter.doFilter(AuthorizationFilter.java:101)
	at org.springframework.security.web.ObservationFilterChainDecorator$ObservationFilter.wrapFilter(ObservationFilterChainDecorator.java:240)
	at org.springframework.security.web.ObservationFilterChainDecorator$ObservationFilter.doFilter(ObservationFilterChainDecorator.java:227)
	at org.springframework.security.web.ObservationFilterChainDecorator$VirtualFilterChain.doFilter(ObservationFilterChainDecorator.java:137)
	at org.springframework.security.web.access.ExceptionTranslationFilter.doFilter(ExceptionTranslationFilter.java:126)
	at org.springframework.security.web.access.ExceptionTranslationFilter.doFilter(ExceptionTranslationFilter.java:120)
	at org.springframework.security.web.ObservationFilterChainDecorator$ObservationFilter.wrapFilter(ObservationFilterChainDecorator.java:240)
	at org.springframework.security.web.ObservationFilterChainDecorator$ObservationFilter.doFilter(ObservationFilterChainDecorator.java:227)
	at org.springframework.security.web.ObservationFilterChainDecorator$VirtualFilterChain.doFilter(ObservationFilterChainDecorator.java:137)
	at org.springframework.security.web.session.SessionManagementFilter.doFilter(SessionManagementFilter.java:131)
	at org.springframework.security.web.session.SessionManagementFilter.doFilter(SessionManagementFilter.java:85)
	at org.springframework.security.web.ObservationFilterChainDecorator$ObservationFilter.wrapFilter(ObservationFilterChainDecorator.java:240)
	at org.springframework.security.web.ObservationFilterChainDecorator$ObservationFilter.doFilter(ObservationFilterChainDecorator.java:227)
	at org.springframework.security.web.ObservationFilterChainDecorator$VirtualFilterChain.doFilter(ObservationFilterChainDecorator.java:137)
	at org.springframework.security.web.authentication.AnonymousAuthenticationFilter.doFilter(AnonymousAuthenticationFilter.java:100)
	at org.springframework.security.web.ObservationFilterChainDecorator$ObservationFilter.wrapFilter(ObservationFilterChainDecorator.java:240)
	at org.springframework.security.web.ObservationFilterChainDecorator$ObservationFilter.doFilter(ObservationFilterChainDecorator.java:227)
	at org.springframework.security.web.ObservationFilterChainDecorator$VirtualFilterChain.doFilter(ObservationFilterChainDecorator.java:137)
	at org.springframework.security.web.servletapi.SecurityContextHolderAwareRequestFilter.doFilter(SecurityContextHolderAwareRequestFilter.java:179)
	at org.springframework.security.web.ObservationFilterChainDecorator$ObservationFilter.wrapFilter(ObservationFilterChainDecorator.java:240)
	at org.springframework.security.web.ObservationFilterChainDecorator$ObservationFilter.doFilter(ObservationFilterChainDecorator.java:227)
	at org.springframework.security.web.ObservationFilterChainDecorator$VirtualFilterChain.doFilter(ObservationFilterChainDecorator.java:137)
	at org.springframework.security.web.savedrequest.RequestCacheAwareFilter.doFilter(RequestCacheAwareFilter.java:63)
	at org.springframework.security.web.ObservationFilterChainDecorator$ObservationFilter.wrapFilter(ObservationFilterChainDecorator.java:240)
	at org.springframework.security.web.ObservationFilterChainDecorator$ObservationFilter.doFilter(ObservationFilterChainDecorator.java:227)
	at org.springframework.security.web.ObservationFilterChainDecorator$VirtualFilterChain.doFilter(ObservationFilterChainDecorator.java:137)
	at com.company.project.security.jwt.JwtAuthenticationFilter.doFilterInternal(JwtAuthenticationFilter.java:52)
	at org.springframework.web.filter.OncePerRequestFilter.doFilter(OncePerRequestFilter.java:116)
	at org.springframework.security.web.ObservationFilterChainDecorator$ObservationFilter.wrapFilter(ObservationFilterChainDecorator.java:240)
	at org.springframework.security.web.ObservationFilterChainDecorator$ObservationFilter.doFilter(ObservationFilterChainDecorator.java:227)
	at org.springframework.security.web.ObservationFilterChainDecorator$VirtualFilterChain.doFilter(ObservationFilterChainDecorator.java:137)
	at org.springframework.security.web.authentication.logout.LogoutFilter.doFilter(LogoutFilter.java:107)
	at org.springframework.security.web.authentication.logout.LogoutFilter.doFilter(LogoutFilter.java:93)
	at org.springframework.security.web.ObservationFilterChainDecorator$ObservationFilter.wrapFilter(ObservationFilterChainDecorator.java:240)
	at org.springframework.security.web.ObservationFilterChainDecorator$ObservationFilter.doFilter(ObservationFilterChainDecorator.java:227)
	at org.springframework.security.web.ObservationFilterChainDecorator$VirtualFilterChain.doFilter(ObservationFilterChainDecorator.java:137)
	at org.springframework.web.filter.CorsFilter.doFilterInternal(CorsFilter.java:91)
	at org.springframework.web.filter.OncePerRequestFilter.doFilter(OncePerRequestFilter.java:116)
	at org.springframework.security.web.ObservationFilterChainDecorator$ObservationFilter.wrapFilter(ObservationFilterChainDecorator.java:240)
	at org.springframework.security.web.ObservationFilterChainDecorator$ObservationFilter.doFilter(ObservationFilterChainDecorator.java:227)
	at org.springframework.security.web.ObservationFilterChainDecorator$VirtualFilterChain.doFilter(ObservationFilterChainDecorator.java:137)
	at org.springframework.security.web.header.HeaderWriterFilter.doHeadersAfter(HeaderWriterFilter.java:90)
	at org.springframework.security.web.header.HeaderWriterFilter.doFilterInternal(HeaderWriterFilter.java:75)
	at org.springframework.web.filter.OncePerRequestFilter.doFilter(OncePerRequestFilter.java:116)
	at org.springframework.security.web.ObservationFilterChainDecorator$ObservationFilter.wrapFilter(ObservationFilterChainDecorator.java:240)
	at org.springframework.security.web.ObservationFilterChainDecorator$ObservationFilter.doFilter(ObservationFilterChainDecorator.java:227)
	at org.springframework.security.web.ObservationFilterChainDecorator$VirtualFilterChain.doFilter(ObservationFilterChainDecorator.java:137)
	at org.springframework.security.web.context.SecurityContextHolderFilter.doFilter(SecurityContextHolderFilter.java:82)
	at org.springframework.security.web.context.SecurityContextHolderFilter.doFilter(SecurityContextHolderFilter.java:69)
	at org.springframework.security.web.ObservationFilterChainDecorator$ObservationFilter.wrapFilter(ObservationFilterChainDecorator.java:240)
	at org.springframework.security.web.ObservationFilterChainDecorator$ObservationFilter.doFilter(ObservationFilterChainDecorator.java:227)
	at org.springframework.security.web.ObservationFilterChainDecorator$VirtualFilterChain.doFilter(ObservationFilterChainDecorator.java:137)
	at org.springframework.security.web.context.request.async.WebAsyncManagerIntegrationFilter.doFilterInternal(WebAsyncManagerIntegrationFilter.java:62)
	at org.springframework.web.filter.OncePerRequestFilter.doFilter(OncePerRequestFilter.java:116)
	at org.springframework.security.web.ObservationFilterChainDecorator$ObservationFilter.wrapFilter(ObservationFilterChainDecorator.java:240)
	at org.springframework.security.web.ObservationFilterChainDecorator$ObservationFilter.doFilter(ObservationFilterChainDecorator.java:227)
	at org.springframework.security.web.ObservationFilterChainDecorator$VirtualFilterChain.doFilter(ObservationFilterChainDecorator.java:137)
	at org.springframework.security.web.session.DisableEncodeUrlFilter.doFilterInternal(DisableEncodeUrlFilter.java:42)
	at org.springframework.web.filter.OncePerRequestFilter.doFilter(OncePerRequestFilter.java:116)
	at org.springframework.security.web.ObservationFilterChainDecorator$ObservationFilter.wrapFilter(ObservationFilterChainDecorator.java:240)
	at org.springframework.security.web.ObservationFilterChainDecorator$AroundFilterObservation$SimpleAroundFilterObservation.lambda$wrap$0(ObservationFilterChainDecorator.java:323)
	at org.springframework.security.web.ObservationFilterChainDecorator$ObservationFilter.doFilter(ObservationFilterChainDecorator.java:224)
	at org.springframework.security.web.ObservationFilterChainDecorator$VirtualFilterChain.doFilter(ObservationFilterChainDecorator.java:137)
	at org.springframework.security.web.FilterChainProxy.doFilterInternal(FilterChainProxy.java:233)
	at org.springframework.security.web.FilterChainProxy.doFilter(FilterChainProxy.java:191)
	at org.springframework.web.filter.CompositeFilter$VirtualFilterChain.doFilter(CompositeFilter.java:113)
	at org.springframework.web.servlet.handler.HandlerMappingIntrospector.lambda$createCacheFilter$3(HandlerMappingIntrospector.java:243)
	at org.springframework.web.filter.CompositeFilter$VirtualFilterChain.doFilter(CompositeFilter.java:113)
	at org.springframework.web.filter.CompositeFilter.doFilter(CompositeFilter.java:74)
	at org.springframework.security.config.annotation.web.configuration.WebMvcSecurityConfiguration$CompositeFilterChainProxy.doFilter(WebMvcSecurityConfiguration.java:238)
	at org.springframework.web.filter.DelegatingFilterProxy.invokeDelegate(DelegatingFilterProxy.java:362)
	at org.springframework.web.filter.DelegatingFilterProxy.doFilter(DelegatingFilterProxy.java:278)
	at org.apache.catalina.core.ApplicationFilterChain.internalDoFilter(ApplicationFilterChain.java:164)
	at org.apache.catalina.core.ApplicationFilterChain.doFilter(ApplicationFilterChain.java:140)
	at org.springframework.web.filter.RequestContextFilter.doFilterInternal(RequestContextFilter.java:100)
	at org.springframework.web.filter.OncePerRequestFilter.doFilter(OncePerRequestFilter.java:116)
	at org.apache.catalina.core.ApplicationFilterChain.internalDoFilter(ApplicationFilterChain.java:164)
	at org.apache.catalina.core.ApplicationFilterChain.doFilter(ApplicationFilterChain.java:140)
	at org.springframework.web.filter.FormContentFilter.doFilterInternal(FormContentFilter.java:93)
	at org.springframework.web.filter.OncePerRequestFilter.doFilter(OncePerRequestFilter.java:116)
	at org.apache.catalina.core.ApplicationFilterChain.internalDoFilter(ApplicationFilterChain.java:164)
	at org.apache.catalina.core.ApplicationFilterChain.doFilter(ApplicationFilterChain.java:140)
	at org.springframework.web.filter.ServerHttpObservationFilter.doFilterInternal(ServerHttpObservationFilter.java:114)
	at org.springframework.web.filter.OncePerRequestFilter.doFilter(OncePerRequestFilter.java:116)
	at org.apache.catalina.core.ApplicationFilterChain.internalDoFilter(ApplicationFilterChain.java:164)
	at org.apache.catalina.core.ApplicationFilterChain.doFilter(ApplicationFilterChain.java:140)
	at org.springframework.web.filter.CharacterEncodingFilter.doFilterInternal(CharacterEncodingFilter.java:201)
	at org.springframework.web.filter.OncePerRequestFilter.doFilter(OncePerRequestFilter.java:116)
	at org.apache.catalina.core.ApplicationFilterChain.internalDoFilter(ApplicationFilterChain.java:164)
	at org.apache.catalina.core.ApplicationFilterChain.doFilter(ApplicationFilterChain.java:140)
	at org.apache.catalina.core.StandardWrapperValve.invoke(StandardWrapperValve.java:167)
	at org.apache.catalina.core.StandardContextValve.invoke(StandardContextValve.java:90)
	at org.apache.catalina.authenticator.AuthenticatorBase.invoke(AuthenticatorBase.java:483)
	at org.apache.catalina.core.StandardHostValve.invoke(StandardHostValve.java:115)
	at org.apache.catalina.valves.ErrorReportValve.invoke(ErrorReportValve.java:93)
	at org.apache.catalina.core.StandardEngineValve.invoke(StandardEngineValve.java:74)
	at org.apache.catalina.connector.CoyoteAdapter.service(CoyoteAdapter.java:344)
	at org.apache.coyote.http11.Http11Processor.service(Http11Processor.java:397)
	at org.apache.coyote.AbstractProcessorLight.process(AbstractProcessorLight.java:63)
	at org.apache.coyote.AbstractProtocol$ConnectionHandler.process(AbstractProtocol.java:905)
	at org.apache.tomcat.util.net.NioEndpoint$SocketProcessor.doRun(NioEndpoint.java:1741)
	at org.apache.tomcat.util.net.SocketProcessorBase.run(SocketProcessorBase.java:52)
	at org.apache.tomcat.util.threads.ThreadPoolExecutor.runWorker(ThreadPoolExecutor.java:1190)
	at org.apache.tomcat.util.threads.ThreadPoolExecutor$Worker.run(ThreadPoolExecutor.java:659)
	at org.apache.tomcat.util.threads.TaskThread$WrappingRunnable.run(TaskThread.java:63)
	at java.base/java.lang.Thread.run(Thread.java:1583)
2026-03-16 16:59:41 [http-nio-8080-exec-7] DEBUG o.s.w.s.m.m.a.HttpEntityMethodProcessor - Using 'application/json', given [application/json, text/plain, */*] and supported [application/json, application/*+json, application/yaml]
2026-03-16 16:59:41 [http-nio-8080-exec-7] TRACE o.s.w.s.m.m.a.HttpEntityMethodProcessor - Writing [ApiResponse[success=false, status=500, code=C004, message=예기치 않은 서버 오류가 발생했습니다., data=null, timestamp=2026-03-16T16:59:41.457566600]]
2026-03-16 16:59:41 [http-nio-8080-exec-7] DEBUG o.s.w.s.m.m.a.ExceptionHandlerExceptionResolver - Resolved [org.springframework.web.servlet.resource.NoResourceFoundException: No static resource api/v1/admin/system/statistics/bbs.]
2026-03-16 16:59:41 [http-nio-8080-exec-7] DEBUG o.s.web.servlet.DispatcherServlet - Completed 500 INTERNAL_SERVER_ERROR
2026-03-16 16:59:41 [MessageBroker-4] DEBUG o.s.w.s.s.t.h.DefaultSockJsService - Closed 1 sessions: [kvspen5y]
2026-03-16 16:59:41 [http-nio-8080-exec-4] DEBUG o.s.orm.jpa.JpaTransactionManager - Found thread-bound EntityManager [SessionImpl(168069112<open>)] for JPA transaction
2026-03-16 16:59:41 [http-nio-8080-exec-4] DEBUG o.s.orm.jpa.JpaTransactionManager - Participating in existing transaction
2026-03-16 16:59:41 [http-nio-8080-exec-4] DEBUG org.hibernate.SQL - select p1_0.progrm_file_nm,p1_0.progrm_dc,p1_0.progrm_korean_nm,p1_0.progrm_stre_path,p1_0.url from nprogrmlist p1_0
2026-03-16 16:59:41 [http-nio-8080-exec-4] DEBUG o.s.orm.jpa.JpaTransactionManager - Initiating transaction commit
2026-03-16 16:59:41 [http-nio-8080-exec-4] DEBUG o.s.orm.jpa.JpaTransactionManager - Committing JPA transaction on EntityManager [SessionImpl(168069112<open>)]
2026-03-16 16:59:41 [http-nio-8080-exec-4] DEBUG o.s.orm.jpa.JpaTransactionManager - Closing JPA EntityManager [SessionImpl(168069112<open>)] after transaction
2026-03-16 16:59:41 [http-nio-8080-exec-4] INFO  c.c.p.a.c.menu.MenuController - getLeftMenu returned 2 items
2026-03-16 16:59:41 [http-nio-8080-exec-4] DEBUG o.s.w.s.m.m.a.HttpEntityMethodProcessor - Using 'application/json', given [application/json, text/plain, */*] and supported [application/json, application/*+json, application/yaml]
2026-03-16 16:59:41 [http-nio-8080-exec-4] TRACE o.s.w.s.m.m.a.HttpEntityMethodProcessor - Writing [ApiResponse[success=true, status=200, code=COMMON_001, message=Success, data={list=[com.company.project.service.menu.dto.MenuDto@b9b1527, com.company.project.service.menu.dto.MenuDto@5731e02]}, timestamp=2026-03-16T16:59:41.894033800]]
2026-03-16 16:59:41 [http-nio-8080-exec-4] INFO  c.c.p.a.i.OperationalAuditInterceptor - API Audit Log: URL=/api/v1/menu/left, User=webmaster, IP=127.0.0.1
2026-03-16 16:59:41 [http-nio-8080-exec-4] DEBUG o.s.web.servlet.DispatcherServlet - Completed 200 OK
2026-03-16 16:59:41 [http-nio-8080-exec-10] DEBUG c.c.p.s.jwt.JwtAuthenticationFilter - >>> [JwtFilter] Processing request: GET /api/v1/menu/left
2026-03-16 16:59:41 [http-nio-8080-exec-10] DEBUG c.c.p.s.jwt.JwtAuthenticationFilter - >>> [JwtFilter] Found token in header for path: /api/v1/menu/left
2026-03-16 16:59:41 [http-nio-8080-exec-10] DEBUG o.s.orm.jpa.JpaTransactionManager - Creating new transaction with name [com.company.project.security.iam.CustomUserDetailsService.loadUserByUsername]: PROPAGATION_REQUIRED,ISOLATION_DEFAULT,readOnly
2026-03-16 16:59:41 [http-nio-8080-exec-10] DEBUG o.s.orm.jpa.JpaTransactionManager - Opened new EntityManager [SessionImpl(1788249965<open>)] for JPA transaction
2026-03-16 16:59:42 [http-nio-8080-exec-10] DEBUG o.s.orm.jpa.JpaTransactionManager - Exposing JPA transaction as JDBC [org.springframework.orm.jpa.vendor.HibernateJpaDialect$HibernateConnectionHandle@40a9b0a3]
2026-03-16 16:59:42 [http-nio-8080-exec-10] DEBUG o.s.orm.jpa.JpaTransactionManager - Found thread-bound EntityManager [SessionImpl(1788249965<open>)] for JPA transaction
2026-03-16 16:59:42 [http-nio-8080-exec-10] DEBUG o.s.orm.jpa.JpaTransactionManager - Participating in existing transaction
2026-03-16 16:59:42 [http-nio-8080-exec-10] DEBUG org.hibernate.SQL - select u1_0.emplyr_id,u1_0.area_no,u1_0.brthdy,u1_0.chg_pwd_cnt,u1_0.frst_register_id,u1_0.frst_regist_pnttm,u1_0.detail_adres,u1_0.email_adres,u1_0.emplyr_sttus_code,u1_0.empl_no,u1_0.esntl_id,u1_0.fxnum,u1_0.group_id,u1_0.house_adres,u1_0.house_end_telno,u1_0.house_middle_telno,u1_0.ihidnum,u1_0.pstinst_code,u1_0.last_updusr_id,u1_0.last_updt_pnttm,u1_0.lock_at,u1_0.lock_cnt,u1_0.lock_last_pnttm,u1_0.mbtlnum,u1_0.ofcps_nm,u1_0.offm_telno,u1_0.orgnzt_id,u1_0.password,u1_0.password_cnsr,u1_0.password_hint,u1_0.chg_pwd_last_pnttm,u1_0.role,u1_0.sbscrb_de,u1_0.sexdstn_code,u1_0.crtfc_dn_value,u1_0.user_nm,u1_0.zip from nemplyrinfo u1_0 where u1_0.emplyr_id=?
2026-03-16 16:59:42 [http-nio-8080-exec-10] DEBUG o.s.orm.jpa.JpaTransactionManager - Found thread-bound EntityManager [SessionImpl(1788249965<open>)] for JPA transaction
2026-03-16 16:59:42 [http-nio-8080-exec-10] DEBUG o.s.orm.jpa.JpaTransactionManager - Participating in existing transaction
2026-03-16 16:59:42 [http-nio-8080-exec-10] DEBUG org.hibernate.SQL - select ua1_0.scrty_dtrmn_trget_id,ua1_0.author_code,ua1_0.frst_register_id,ua1_0.frst_regist_pnttm,ua1_0.last_updusr_id,ua1_0.last_updt_pnttm,ua1_0.mber_ty_code from nemplyrscrtyestbs ua1_0 where ua1_0.scrty_dtrmn_trget_id=?
2026-03-16 16:59:42 [http-nio-8080-exec-10] DEBUG o.s.orm.jpa.JpaTransactionManager - Initiating transaction commit
2026-03-16 16:59:42 [http-nio-8080-exec-10] DEBUG o.s.orm.jpa.JpaTransactionManager - Committing JPA transaction on EntityManager [SessionImpl(1788249965<open>)]
2026-03-16 16:59:42 [http-nio-8080-exec-10] DEBUG o.s.orm.jpa.JpaTransactionManager - Closing JPA EntityManager [SessionImpl(1788249965<open>)] after transaction
2026-03-16 16:59:42 [http-nio-8080-exec-10] DEBUG c.c.p.s.jwt.JwtAuthenticationFilter - >>> [JwtFilter] Successfully authenticated user: USRCNFRM_99999999999, Authorities: [ROLE_ADMIN]
2026-03-16 16:59:42 [http-nio-8080-exec-10] DEBUG o.s.web.servlet.DispatcherServlet - GET "/api/v1/menu/left?menuNo=50", parameters={masked}
2026-03-16 16:59:42 [http-nio-8080-exec-10] TRACE o.s.w.s.m.m.a.RequestMappingHandlerMapping - Mapped to com.company.project.api.controller.menu.MenuController#getLeftMenu(Long)
2026-03-16 16:59:42 [http-nio-8080-exec-10] INFO  c.c.p.a.c.menu.MenuController - getLeftMenu called with menuNo=50
2026-03-16 16:59:42 [http-nio-8080-exec-10] DEBUG o.s.orm.jpa.JpaTransactionManager - Creating new transaction with name [com.company.project.service.menu.MenuService.getSubMenus]: PROPAGATION_REQUIRED,ISOLATION_DEFAULT,readOnly
2026-03-16 16:59:42 [http-nio-8080-exec-10] DEBUG o.s.orm.jpa.JpaTransactionManager - Opened new EntityManager [SessionImpl(1869699075<open>)] for JPA transaction
2026-03-16 16:59:42 [http-nio-8080-exec-10] DEBUG o.s.orm.jpa.JpaTransactionManager - Exposing JPA transaction as JDBC [org.springframework.orm.jpa.vendor.HibernateJpaDialect$HibernateConnectionHandle@31cb10e3]
2026-03-16 16:59:42 [http-nio-8080-exec-10] DEBUG org.hibernate.SQL - select m1_0.menu_no,m1_0.menu_dc,m1_0.menu_nm,m1_0.menu_ordr,m1_0.modern_route,m1_0.progrm_file_nm,m1_0.relate_image_nm,m1_0.relate_image_path,m1_0.route_updated_at,m1_0.upper_menu_no from nmenuinfo m1_0 order by m1_0.upper_menu_no,m1_0.menu_ordr
2026-03-16 16:59:42 [http-nio-8080-exec-10] DEBUG o.s.orm.jpa.JpaTransactionManager - Found thread-bound EntityManager [SessionImpl(1869699075<open>)] for JPA transaction
2026-03-16 16:59:42 [http-nio-8080-exec-10] DEBUG o.s.orm.jpa.JpaTransactionManager - Participating in existing transaction
2026-03-16 16:59:42 [http-nio-8080-exec-10] DEBUG org.hibernate.SQL - select p1_0.progrm_file_nm,p1_0.progrm_dc,p1_0.progrm_korean_nm,p1_0.progrm_stre_path,p1_0.url from nprogrmlist p1_0
2026-03-16 16:59:43 [http-nio-8080-exec-10] DEBUG o.s.orm.jpa.JpaTransactionManager - Initiating transaction commit
2026-03-16 16:59:43 [http-nio-8080-exec-10] DEBUG o.s.orm.jpa.JpaTransactionManager - Committing JPA transaction on EntityManager [SessionImpl(1869699075<open>)]
2026-03-16 16:59:43 [http-nio-8080-exec-10] DEBUG o.s.orm.jpa.JpaTransactionManager - Closing JPA EntityManager [SessionImpl(1869699075<open>)] after transaction
2026-03-16 16:59:43 [http-nio-8080-exec-10] INFO  c.c.p.a.c.menu.MenuController - getLeftMenu returned 3 items
2026-03-16 16:59:43 [http-nio-8080-exec-10] DEBUG o.s.w.s.m.m.a.HttpEntityMethodProcessor - Using 'application/json', given [application/json, text/plain, */*] and supported [application/json, application/*+json, application/yaml]
2026-03-16 16:59:43 [http-nio-8080-exec-10] TRACE o.s.w.s.m.m.a.HttpEntityMethodProcessor - Writing [ApiResponse[success=true, status=200, code=COMMON_001, message=Success, data={list=[com.company.project.service.menu.dto.MenuDto@c976d4e, com.company.project.service.menu.dto.MenuDto@47eaed8e, com.company.project.service.menu.dto.MenuDto@3a2e7834]}, timestamp=2026-03-16T16:59:43.158798900]]
2026-03-16 16:59:43 [http-nio-8080-exec-10] INFO  c.c.p.a.i.OperationalAuditInterceptor - API Audit Log: URL=/api/v1/menu/left, User=webmaster, IP=127.0.0.1
2026-03-16 16:59:43 [http-nio-8080-exec-10] DEBUG o.s.web.servlet.DispatcherServlet - Completed 200 OK
2026-03-16 16:59:43 [http-nio-8080-exec-2] DEBUG c.c.p.s.jwt.JwtAuthenticationFilter - >>> [JwtFilter] Processing request: GET /api/v1/menu/left
2026-03-16 16:59:43 [http-nio-8080-exec-2] DEBUG c.c.p.s.jwt.JwtAuthenticationFilter - >>> [JwtFilter] Found token in header for path: /api/v1/menu/left
2026-03-16 16:59:43 [http-nio-8080-exec-2] DEBUG o.s.orm.jpa.JpaTransactionManager - Creating new transaction with name [com.company.project.security.iam.CustomUserDetailsService.loadUserByUsername]: PROPAGATION_REQUIRED,ISOLATION_DEFAULT,readOnly
2026-03-16 16:59:43 [http-nio-8080-exec-2] DEBUG o.s.orm.jpa.JpaTransactionManager - Opened new EntityManager [SessionImpl(1929035385<open>)] for JPA transaction
2026-03-16 16:59:43 [http-nio-8080-exec-2] DEBUG o.s.orm.jpa.JpaTransactionManager - Exposing JPA transaction as JDBC [org.springframework.orm.jpa.vendor.HibernateJpaDialect$HibernateConnectionHandle@3b05d112]
2026-03-16 16:59:43 [http-nio-8080-exec-2] DEBUG o.s.orm.jpa.JpaTransactionManager - Found thread-bound EntityManager [SessionImpl(1929035385<open>)] for JPA transaction
2026-03-16 16:59:43 [http-nio-8080-exec-2] DEBUG o.s.orm.jpa.JpaTransactionManager - Participating in existing transaction
2026-03-16 16:59:43 [http-nio-8080-exec-2] DEBUG org.hibernate.SQL - select u1_0.emplyr_id,u1_0.area_no,u1_0.brthdy,u1_0.chg_pwd_cnt,u1_0.frst_register_id,u1_0.frst_regist_pnttm,u1_0.detail_adres,u1_0.email_adres,u1_0.emplyr_sttus_code,u1_0.empl_no,u1_0.esntl_id,u1_0.fxnum,u1_0.group_id,u1_0.house_adres,u1_0.house_end_telno,u1_0.house_middle_telno,u1_0.ihidnum,u1_0.pstinst_code,u1_0.last_updusr_id,u1_0.last_updt_pnttm,u1_0.lock_at,u1_0.lock_cnt,u1_0.lock_last_pnttm,u1_0.mbtlnum,u1_0.ofcps_nm,u1_0.offm_telno,u1_0.orgnzt_id,u1_0.password,u1_0.password_cnsr,u1_0.password_hint,u1_0.chg_pwd_last_pnttm,u1_0.role,u1_0.sbscrb_de,u1_0.sexdstn_code,u1_0.crtfc_dn_value,u1_0.user_nm,u1_0.zip from nemplyrinfo u1_0 where u1_0.emplyr_id=?
2026-03-16 16:59:43 [http-nio-8080-exec-2] DEBUG o.s.orm.jpa.JpaTransactionManager - Found thread-bound EntityManager [SessionImpl(1929035385<open>)] for JPA transaction
2026-03-16 16:59:43 [http-nio-8080-exec-2] DEBUG o.s.orm.jpa.JpaTransactionManager - Participating in existing transaction
2026-03-16 16:59:43 [http-nio-8080-exec-2] DEBUG org.hibernate.SQL - select ua1_0.scrty_dtrmn_trget_id,ua1_0.author_code,ua1_0.frst_register_id,ua1_0.frst_regist_pnttm,ua1_0.last_updusr_id,ua1_0.last_updt_pnttm,ua1_0.mber_ty_code from nemplyrscrtyestbs ua1_0 where ua1_0.scrty_dtrmn_trget_id=?
2026-03-16 16:59:43 [http-nio-8080-exec-2] DEBUG o.s.orm.jpa.JpaTransactionManager - Initiating transaction commit
2026-03-16 16:59:43 [http-nio-8080-exec-2] DEBUG o.s.orm.jpa.JpaTransactionManager - Committing JPA transaction on EntityManager [SessionImpl(1929035385<open>)]
2026-03-16 16:59:43 [http-nio-8080-exec-2] DEBUG o.s.orm.jpa.JpaTransactionManager - Closing JPA EntityManager [SessionImpl(1929035385<open>)] after transaction
2026-03-16 16:59:43 [http-nio-8080-exec-2] DEBUG c.c.p.s.jwt.JwtAuthenticationFilter - >>> [JwtFilter] Successfully authenticated user: USRCNFRM_99999999999, Authorities: [ROLE_ADMIN]
2026-03-16 16:59:43 [http-nio-8080-exec-2] DEBUG o.s.web.servlet.DispatcherServlet - GET "/api/v1/menu/left?menuNo=60", parameters={masked}
2026-03-16 16:59:43 [http-nio-8080-exec-2] TRACE o.s.w.s.m.m.a.RequestMappingHandlerMapping - Mapped to com.company.project.api.controller.menu.MenuController#getLeftMenu(Long)
2026-03-16 16:59:43 [http-nio-8080-exec-2] INFO  c.c.p.a.c.menu.MenuController - getLeftMenu called with menuNo=60
2026-03-16 16:59:43 [http-nio-8080-exec-2] DEBUG o.s.orm.jpa.JpaTransactionManager - Creating new transaction with name [com.company.project.service.menu.MenuService.getSubMenus]: PROPAGATION_REQUIRED,ISOLATION_DEFAULT,readOnly
2026-03-16 16:59:43 [http-nio-8080-exec-2] DEBUG o.s.orm.jpa.JpaTransactionManager - Opened new EntityManager [SessionImpl(885760174<open>)] for JPA transaction
2026-03-16 16:59:43 [http-nio-8080-exec-2] DEBUG o.s.orm.jpa.JpaTransactionManager - Exposing JPA transaction as JDBC [org.springframework.orm.jpa.vendor.HibernateJpaDialect$HibernateConnectionHandle@4be6506d]
2026-03-16 16:59:43 [http-nio-8080-exec-2] DEBUG org.hibernate.SQL - select m1_0.menu_no,m1_0.menu_dc,m1_0.menu_nm,m1_0.menu_ordr,m1_0.modern_route,m1_0.progrm_file_nm,m1_0.relate_image_nm,m1_0.relate_image_path,m1_0.route_updated_at,m1_0.upper_menu_no from nmenuinfo m1_0 order by m1_0.upper_menu_no,m1_0.menu_ordr
2026-03-16 16:59:44 [http-nio-8080-exec-2] DEBUG o.s.orm.jpa.JpaTransactionManager - Found thread-bound EntityManager [SessionImpl(885760174<open>)] for JPA transaction
2026-03-16 16:59:44 [http-nio-8080-exec-2] DEBUG o.s.orm.jpa.JpaTransactionManager - Participating in existing transaction
2026-03-16 16:59:44 [http-nio-8080-exec-2] DEBUG org.hibernate.SQL - select p1_0.progrm_file_nm,p1_0.progrm_dc,p1_0.progrm_korean_nm,p1_0.progrm_stre_path,p1_0.url from nprogrmlist p1_0
2026-03-16 16:59:44 [http-nio-8080-exec-2] DEBUG o.s.orm.jpa.JpaTransactionManager - Initiating transaction commit
2026-03-16 16:59:44 [http-nio-8080-exec-2] DEBUG o.s.orm.jpa.JpaTransactionManager - Committing JPA transaction on EntityManager [SessionImpl(885760174<open>)]
2026-03-16 16:59:44 [http-nio-8080-exec-2] DEBUG o.s.orm.jpa.JpaTransactionManager - Closing JPA EntityManager [SessionImpl(885760174<open>)] after transaction
2026-03-16 16:59:44 [http-nio-8080-exec-2] INFO  c.c.p.a.c.menu.MenuController - getLeftMenu returned 1 items
2026-03-16 16:59:44 [http-nio-8080-exec-2] DEBUG o.s.w.s.m.m.a.HttpEntityMethodProcessor - Using 'application/json', given [application/json, text/plain, */*] and supported [application/json, application/*+json, application/yaml]
2026-03-16 16:59:44 [http-nio-8080-exec-2] TRACE o.s.w.s.m.m.a.HttpEntityMethodProcessor - Writing [ApiResponse[success=true, status=200, code=COMMON_001, message=Success, data={list=[com.company.project.service.menu.dto.MenuDto@4baab3c]}, timestamp=2026-03-16T16:59:44.534261300]]
2026-03-16 16:59:44 [http-nio-8080-exec-2] INFO  c.c.p.a.i.OperationalAuditInterceptor - API Audit Log: URL=/api/v1/menu/left, User=webmaster, IP=127.0.0.1
2026-03-16 16:59:44 [http-nio-8080-exec-2] DEBUG o.s.web.servlet.DispatcherServlet - Completed 200 OK
2026-03-16 16:59:46 [http-nio-8080-exec-7] DEBUG c.c.p.s.jwt.JwtAuthenticationFilter - >>> [JwtFilter] Processing request: POST /api/v1/auth/logout
2026-03-16 16:59:46 [http-nio-8080-exec-7] DEBUG c.c.p.s.jwt.JwtAuthenticationFilter - >>> [JwtFilter] Found token in header for path: /api/v1/auth/logout
2026-03-16 16:59:46 [http-nio-8080-exec-7] DEBUG o.s.orm.jpa.JpaTransactionManager - Creating new transaction with name [com.company.project.security.iam.CustomUserDetailsService.loadUserByUsername]: PROPAGATION_REQUIRED,ISOLATION_DEFAULT,readOnly
2026-03-16 16:59:46 [http-nio-8080-exec-7] DEBUG o.s.orm.jpa.JpaTransactionManager - Opened new EntityManager [SessionImpl(121060918<open>)] for JPA transaction
2026-03-16 16:59:46 [http-nio-8080-exec-7] DEBUG o.s.orm.jpa.JpaTransactionManager - Exposing JPA transaction as JDBC [org.springframework.orm.jpa.vendor.HibernateJpaDialect$HibernateConnectionHandle@2bf620b1]
2026-03-16 16:59:46 [http-nio-8080-exec-7] DEBUG o.s.orm.jpa.JpaTransactionManager - Found thread-bound EntityManager [SessionImpl(121060918<open>)] for JPA transaction
2026-03-16 16:59:46 [http-nio-8080-exec-7] DEBUG o.s.orm.jpa.JpaTransactionManager - Participating in existing transaction
2026-03-16 16:59:46 [http-nio-8080-exec-7] DEBUG org.hibernate.SQL - select u1_0.emplyr_id,u1_0.area_no,u1_0.brthdy,u1_0.chg_pwd_cnt,u1_0.frst_register_id,u1_0.frst_regist_pnttm,u1_0.detail_adres,u1_0.email_adres,u1_0.emplyr_sttus_code,u1_0.empl_no,u1_0.esntl_id,u1_0.fxnum,u1_0.group_id,u1_0.house_adres,u1_0.house_end_telno,u1_0.house_middle_telno,u1_0.ihidnum,u1_0.pstinst_code,u1_0.last_updusr_id,u1_0.last_updt_pnttm,u1_0.lock_at,u1_0.lock_cnt,u1_0.lock_last_pnttm,u1_0.mbtlnum,u1_0.ofcps_nm,u1_0.offm_telno,u1_0.orgnzt_id,u1_0.password,u1_0.password_cnsr,u1_0.password_hint,u1_0.chg_pwd_last_pnttm,u1_0.role,u1_0.sbscrb_de,u1_0.sexdstn_code,u1_0.crtfc_dn_value,u1_0.user_nm,u1_0.zip from nemplyrinfo u1_0 where u1_0.emplyr_id=?
2026-03-16 16:59:46 [http-nio-8080-exec-7] DEBUG o.s.orm.jpa.JpaTransactionManager - Found thread-bound EntityManager [SessionImpl(121060918<open>)] for JPA transaction
2026-03-16 16:59:46 [http-nio-8080-exec-7] DEBUG o.s.orm.jpa.JpaTransactionManager - Participating in existing transaction
2026-03-16 16:59:46 [http-nio-8080-exec-7] DEBUG org.hibernate.SQL - select ua1_0.scrty_dtrmn_trget_id,ua1_0.author_code,ua1_0.frst_register_id,ua1_0.frst_regist_pnttm,ua1_0.last_updusr_id,ua1_0.last_updt_pnttm,ua1_0.mber_ty_code from nemplyrscrtyestbs ua1_0 where ua1_0.scrty_dtrmn_trget_id=?
2026-03-16 16:59:46 [http-nio-8080-exec-7] DEBUG o.s.orm.jpa.JpaTransactionManager - Initiating transaction commit
2026-03-16 16:59:46 [http-nio-8080-exec-7] DEBUG o.s.orm.jpa.JpaTransactionManager - Committing JPA transaction on EntityManager [SessionImpl(121060918<open>)]
2026-03-16 16:59:46 [http-nio-8080-exec-7] DEBUG o.s.orm.jpa.JpaTransactionManager - Closing JPA EntityManager [SessionImpl(121060918<open>)] after transaction
2026-03-16 16:59:46 [http-nio-8080-exec-7] DEBUG c.c.p.s.jwt.JwtAuthenticationFilter - >>> [JwtFilter] Successfully authenticated user: USRCNFRM_99999999999, Authorities: [ROLE_ADMIN]
2026-03-16 16:59:46 [http-nio-8080-exec-7] DEBUG o.s.web.servlet.DispatcherServlet - POST "/api/v1/auth/logout", parameters={}
2026-03-16 16:59:46 [http-nio-8080-exec-7] TRACE o.s.w.s.m.m.a.RequestMappingHandlerMapping - Mapped to com.company.project.api.auth.AuthController#logout(HttpServletResponse)
2026-03-16 16:59:46 [http-nio-8080-exec-7] DEBUG o.s.w.s.m.m.a.RequestResponseBodyMethodProcessor - Using 'application/json', given [application/json, text/plain, */*] and supported [application/json, application/*+json, application/yaml]
2026-03-16 16:59:46 [http-nio-8080-exec-7] TRACE o.s.w.s.m.m.a.RequestResponseBodyMethodProcessor - Writing [ApiResponse[success=true, status=200, code=COMMON_001, message=Success, data=Logged out successfully, timestamp=2026-03-16T16:59:46.718416200]]
2026-03-16 16:59:46 [http-nio-8080-exec-7] INFO  c.c.p.a.i.OperationalAuditInterceptor - API Audit Log: URL=/api/v1/auth/logout, User=webmaster, IP=127.0.0.1
2026-03-16 16:59:46 [http-nio-8080-exec-7] DEBUG o.s.web.servlet.DispatcherServlet - Completed 200 OK
2026-03-16 16:59:46 [scheduling-1] DEBUG org.springframework.web.SimpLogging - Processing UNSUBSCRIBE id=sub-2 session=yqqvzocy
2026-03-16 16:59:46 [scheduling-1] DEBUG org.springframework.web.SimpLogging - Processing UNSUBSCRIBE id=sub-3 session=yqqvzocy
2026-03-16 16:59:46 [scheduling-1] DEBUG o.s.w.s.m.WebSocketAnnotationMethodMessageHandler - Searching methods to handle SEND /app/user.disconnect session=yqqvzocy, lookupDestination='/user.disconnect'
2026-03-16 16:59:46 [scheduling-1] DEBUG o.s.w.s.m.WebSocketAnnotationMethodMessageHandler - Invoking RealTimeDashboardController#handleUserDisconnect[0 args]
2026-03-16 16:59:46 [scheduling-1] INFO  c.c.p.c.s.RealTimeDashboardController - User disconnected
2026-03-16 16:59:46 [scheduling-1] DEBUG org.springframework.web.SimpLogging - Processing UNSUBSCRIBE id=sub-4 session=yqqvzocy
2026-03-16 16:59:46 [scheduling-1] DEBUG org.springframework.web.SimpLogging - Processing UNSUBSCRIBE id=sub-5 session=yqqvzocy
2026-03-16 16:59:46 [scheduling-1] DEBUG org.springframework.web.SimpLogging - Processing UNSUBSCRIBE id=sub-6 session=yqqvzocy
2026-03-16 16:59:46 [scheduling-1] DEBUG org.springframework.web.SimpLogging - Processing DISCONNECT receipt=close-7 session=yqqvzocy
2026-03-16 16:59:46 [scheduling-1] DEBUG org.springframework.web.SimpLogging - Processing SUBSCRIBE /topic/public id=sub-8 session=yqqvzocy
2026-03-16 16:59:46 [http-nio-8080-exec-9] DEBUG o.s.w.s.h.LoggingWebSocketHandlerDecorator - WebSocketServerSockJsSession[id=yqqvzocy] closed with CloseStatus[code=1000, reason=null]
2026-03-16 16:59:46 [http-nio-8080-exec-9] DEBUG o.s.w.s.m.SubProtocolWebSocketHandler - Clearing session yqqvzocy
2026-03-16 16:59:46 [scheduling-1] DEBUG org.springframework.web.SimpLogging - Processing DISCONNECT session=yqqvzocy
2026-03-16 16:59:46 [scheduling-1] DEBUG o.s.w.s.m.SubProtocolWebSocketHandler - No session for GenericMessage [payload=byte[0], headers={simpMessageType=DISCONNECT_ACK, simpDisconnectMessage=GenericMessage [payload=byte[0], headers={simpMessageType=DISCONNECT, stompCommand=DISCONNECT, simpSessionAttributes={org.springframework.messaging.simp.SimpAttributes.COMPLETED=true}, simpSessionId=yqqvzocy}], simpSessionId=yqqvzocy}]
2026-03-16 16:59:50 [http-nio-8080-exec-6] DEBUG c.c.p.s.jwt.JwtAuthenticationFilter - >>> [JwtFilter] Processing request: GET /api/v1/menu/head
2026-03-16 16:59:50 [http-nio-8080-exec-8] DEBUG c.c.p.s.jwt.JwtAuthenticationFilter - >>> [JwtFilter] Processing request: GET /api/v1/admin/system/codes/cl
2026-03-16 16:59:50 [http-nio-8080-exec-1] DEBUG c.c.p.s.jwt.JwtAuthenticationFilter - >>> [JwtFilter] Processing request: GET /api/v1/admin/system/codes/cmmn
2026-03-16 16:59:50 [http-nio-8080-exec-6] DEBUG c.c.p.s.jwt.JwtAuthenticationFilter - >>> [JwtFilter] Found token in header for path: /api/v1/menu/head
2026-03-16 16:59:50 [http-nio-8080-exec-8] DEBUG c.c.p.s.jwt.JwtAuthenticationFilter - >>> [JwtFilter] Found token in header for path: /api/v1/admin/system/codes/cl
2026-03-16 16:59:50 [http-nio-8080-exec-1] DEBUG c.c.p.s.jwt.JwtAuthenticationFilter - >>> [JwtFilter] Found token in header for path: /api/v1/admin/system/codes/cmmn
2026-03-16 16:59:50 [http-nio-8080-exec-6] DEBUG o.s.orm.jpa.JpaTransactionManager - Creating new transaction with name [com.company.project.security.iam.CustomUserDetailsService.loadUserByUsername]: PROPAGATION_REQUIRED,ISOLATION_DEFAULT,readOnly
2026-03-16 16:59:50 [http-nio-8080-exec-1] DEBUG o.s.orm.jpa.JpaTransactionManager - Creating new transaction with name [com.company.project.security.iam.CustomUserDetailsService.loadUserByUsername]: PROPAGATION_REQUIRED,ISOLATION_DEFAULT,readOnly
2026-03-16 16:59:50 [http-nio-8080-exec-8] DEBUG o.s.orm.jpa.JpaTransactionManager - Creating new transaction with name [com.company.project.security.iam.CustomUserDetailsService.loadUserByUsername]: PROPAGATION_REQUIRED,ISOLATION_DEFAULT,readOnly
2026-03-16 16:59:50 [http-nio-8080-exec-6] DEBUG o.s.orm.jpa.JpaTransactionManager - Opened new EntityManager [SessionImpl(1963330179<open>)] for JPA transaction
2026-03-16 16:59:50 [http-nio-8080-exec-1] DEBUG o.s.orm.jpa.JpaTransactionManager - Opened new EntityManager [SessionImpl(614643703<open>)] for JPA transaction
2026-03-16 16:59:50 [http-nio-8080-exec-8] DEBUG o.s.orm.jpa.JpaTransactionManager - Opened new EntityManager [SessionImpl(1287534810<open>)] for JPA transaction
2026-03-16 16:59:50 [http-nio-8080-exec-1] DEBUG o.s.orm.jpa.JpaTransactionManager - Exposing JPA transaction as JDBC [org.springframework.orm.jpa.vendor.HibernateJpaDialect$HibernateConnectionHandle@5f139144]
2026-03-16 16:59:50 [http-nio-8080-exec-1] DEBUG o.s.orm.jpa.JpaTransactionManager - Found thread-bound EntityManager [SessionImpl(614643703<open>)] for JPA transaction
2026-03-16 16:59:50 [http-nio-8080-exec-1] DEBUG o.s.orm.jpa.JpaTransactionManager - Participating in existing transaction
2026-03-16 16:59:50 [http-nio-8080-exec-1] DEBUG org.hibernate.SQL - select u1_0.emplyr_id,u1_0.area_no,u1_0.brthdy,u1_0.chg_pwd_cnt,u1_0.frst_register_id,u1_0.frst_regist_pnttm,u1_0.detail_adres,u1_0.email_adres,u1_0.emplyr_sttus_code,u1_0.empl_no,u1_0.esntl_id,u1_0.fxnum,u1_0.group_id,u1_0.house_adres,u1_0.house_end_telno,u1_0.house_middle_telno,u1_0.ihidnum,u1_0.pstinst_code,u1_0.last_updusr_id,u1_0.last_updt_pnttm,u1_0.lock_at,u1_0.lock_cnt,u1_0.lock_last_pnttm,u1_0.mbtlnum,u1_0.ofcps_nm,u1_0.offm_telno,u1_0.orgnzt_id,u1_0.password,u1_0.password_cnsr,u1_0.password_hint,u1_0.chg_pwd_last_pnttm,u1_0.role,u1_0.sbscrb_de,u1_0.sexdstn_code,u1_0.crtfc_dn_value,u1_0.user_nm,u1_0.zip from nemplyrinfo u1_0 where u1_0.emplyr_id=?
2026-03-16 16:59:50 [http-nio-8080-exec-8] DEBUG o.s.orm.jpa.JpaTransactionManager - Exposing JPA transaction as JDBC [org.springframework.orm.jpa.vendor.HibernateJpaDialect$HibernateConnectionHandle@27c56b4e]
2026-03-16 16:59:50 [http-nio-8080-exec-6] DEBUG o.s.orm.jpa.JpaTransactionManager - Exposing JPA transaction as JDBC [org.springframework.orm.jpa.vendor.HibernateJpaDialect$HibernateConnectionHandle@41d0a67f]
2026-03-16 16:59:50 [http-nio-8080-exec-8] DEBUG o.s.orm.jpa.JpaTransactionManager - Found thread-bound EntityManager [SessionImpl(1287534810<open>)] for JPA transaction
2026-03-16 16:59:50 [http-nio-8080-exec-8] DEBUG o.s.orm.jpa.JpaTransactionManager - Participating in existing transaction
2026-03-16 16:59:50 [http-nio-8080-exec-6] DEBUG o.s.orm.jpa.JpaTransactionManager - Found thread-bound EntityManager [SessionImpl(1963330179<open>)] for JPA transaction
2026-03-16 16:59:50 [http-nio-8080-exec-6] DEBUG o.s.orm.jpa.JpaTransactionManager - Participating in existing transaction
2026-03-16 16:59:50 [http-nio-8080-exec-8] DEBUG org.hibernate.SQL - select u1_0.emplyr_id,u1_0.area_no,u1_0.brthdy,u1_0.chg_pwd_cnt,u1_0.frst_register_id,u1_0.frst_regist_pnttm,u1_0.detail_adres,u1_0.email_adres,u1_0.emplyr_sttus_code,u1_0.empl_no,u1_0.esntl_id,u1_0.fxnum,u1_0.group_id,u1_0.house_adres,u1_0.house_end_telno,u1_0.house_middle_telno,u1_0.ihidnum,u1_0.pstinst_code,u1_0.last_updusr_id,u1_0.last_updt_pnttm,u1_0.lock_at,u1_0.lock_cnt,u1_0.lock_last_pnttm,u1_0.mbtlnum,u1_0.ofcps_nm,u1_0.offm_telno,u1_0.orgnzt_id,u1_0.password,u1_0.password_cnsr,u1_0.password_hint,u1_0.chg_pwd_last_pnttm,u1_0.role,u1_0.sbscrb_de,u1_0.sexdstn_code,u1_0.crtfc_dn_value,u1_0.user_nm,u1_0.zip from nemplyrinfo u1_0 where u1_0.emplyr_id=?
2026-03-16 16:59:50 [http-nio-8080-exec-6] DEBUG org.hibernate.SQL - select u1_0.emplyr_id,u1_0.area_no,u1_0.brthdy,u1_0.chg_pwd_cnt,u1_0.frst_register_id,u1_0.frst_regist_pnttm,u1_0.detail_adres,u1_0.email_adres,u1_0.emplyr_sttus_code,u1_0.empl_no,u1_0.esntl_id,u1_0.fxnum,u1_0.group_id,u1_0.house_adres,u1_0.house_end_telno,u1_0.house_middle_telno,u1_0.ihidnum,u1_0.pstinst_code,u1_0.last_updusr_id,u1_0.last_updt_pnttm,u1_0.lock_at,u1_0.lock_cnt,u1_0.lock_last_pnttm,u1_0.mbtlnum,u1_0.ofcps_nm,u1_0.offm_telno,u1_0.orgnzt_id,u1_0.password,u1_0.password_cnsr,u1_0.password_hint,u1_0.chg_pwd_last_pnttm,u1_0.role,u1_0.sbscrb_de,u1_0.sexdstn_code,u1_0.crtfc_dn_value,u1_0.user_nm,u1_0.zip from nemplyrinfo u1_0 where u1_0.emplyr_id=?
2026-03-16 16:59:50 [http-nio-8080-exec-1] DEBUG o.s.orm.jpa.JpaTransactionManager - Found thread-bound EntityManager [SessionImpl(614643703<open>)] for JPA transaction
2026-03-16 16:59:50 [http-nio-8080-exec-1] DEBUG o.s.orm.jpa.JpaTransactionManager - Participating in existing transaction
2026-03-16 16:59:50 [http-nio-8080-exec-1] DEBUG org.hibernate.SQL - select ua1_0.scrty_dtrmn_trget_id,ua1_0.author_code,ua1_0.frst_register_id,ua1_0.frst_regist_pnttm,ua1_0.last_updusr_id,ua1_0.last_updt_pnttm,ua1_0.mber_ty_code from nemplyrscrtyestbs ua1_0 where ua1_0.scrty_dtrmn_trget_id=?
2026-03-16 16:59:50 [http-nio-8080-exec-6] DEBUG o.s.orm.jpa.JpaTransactionManager - Found thread-bound EntityManager [SessionImpl(1963330179<open>)] for JPA transaction
2026-03-16 16:59:50 [http-nio-8080-exec-8] DEBUG o.s.orm.jpa.JpaTransactionManager - Found thread-bound EntityManager [SessionImpl(1287534810<open>)] for JPA transaction
2026-03-16 16:59:50 [http-nio-8080-exec-6] DEBUG o.s.orm.jpa.JpaTransactionManager - Participating in existing transaction
2026-03-16 16:59:50 [http-nio-8080-exec-8] DEBUG o.s.orm.jpa.JpaTransactionManager - Participating in existing transaction
2026-03-16 16:59:50 [http-nio-8080-exec-6] DEBUG org.hibernate.SQL - select ua1_0.scrty_dtrmn_trget_id,ua1_0.author_code,ua1_0.frst_register_id,ua1_0.frst_regist_pnttm,ua1_0.last_updusr_id,ua1_0.last_updt_pnttm,ua1_0.mber_ty_code from nemplyrscrtyestbs ua1_0 where ua1_0.scrty_dtrmn_trget_id=?
2026-03-16 16:59:50 [http-nio-8080-exec-8] DEBUG org.hibernate.SQL - select ua1_0.scrty_dtrmn_trget_id,ua1_0.author_code,ua1_0.frst_register_id,ua1_0.frst_regist_pnttm,ua1_0.last_updusr_id,ua1_0.last_updt_pnttm,ua1_0.mber_ty_code from nemplyrscrtyestbs ua1_0 where ua1_0.scrty_dtrmn_trget_id=?
2026-03-16 16:59:50 [http-nio-8080-exec-1] DEBUG o.s.orm.jpa.JpaTransactionManager - Initiating transaction commit
2026-03-16 16:59:50 [http-nio-8080-exec-1] DEBUG o.s.orm.jpa.JpaTransactionManager - Committing JPA transaction on EntityManager [SessionImpl(614643703<open>)]
2026-03-16 16:59:50 [http-nio-8080-exec-6] DEBUG o.s.orm.jpa.JpaTransactionManager - Initiating transaction commit
2026-03-16 16:59:50 [http-nio-8080-exec-8] DEBUG o.s.orm.jpa.JpaTransactionManager - Initiating transaction commit
2026-03-16 16:59:50 [http-nio-8080-exec-6] DEBUG o.s.orm.jpa.JpaTransactionManager - Committing JPA transaction on EntityManager [SessionImpl(1963330179<open>)]
2026-03-16 16:59:50 [http-nio-8080-exec-8] DEBUG o.s.orm.jpa.JpaTransactionManager - Committing JPA transaction on EntityManager [SessionImpl(1287534810<open>)]
2026-03-16 16:59:50 [http-nio-8080-exec-1] DEBUG o.s.orm.jpa.JpaTransactionManager - Closing JPA EntityManager [SessionImpl(614643703<open>)] after transaction
2026-03-16 16:59:50 [http-nio-8080-exec-1] DEBUG c.c.p.s.jwt.JwtAuthenticationFilter - >>> [JwtFilter] Successfully authenticated user: USRCNFRM_99999999999, Authorities: [ROLE_ADMIN]
2026-03-16 16:59:50 [http-nio-8080-exec-1] DEBUG o.s.web.servlet.DispatcherServlet - GET "/api/v1/admin/system/codes/cmmn?pageUnit=999", parameters={masked}
2026-03-16 16:59:50 [http-nio-8080-exec-1] TRACE o.s.w.s.m.m.a.RequestMappingHandlerMapping - Mapped to com.company.project.api.controller.code.CommonCodeApiController#getCmmnCodeList(ComDefaultVO)
2026-03-16 16:59:50 [http-nio-8080-exec-1] DEBUG o.s.o.j.SharedEntityManagerCreator$SharedEntityManagerInvocationHandler - Creating new EntityManager for shared EntityManager invocation
2026-03-16 16:59:50 [http-nio-8080-exec-1] DEBUG org.hibernate.SQL - select ccg1_0.code_id,ccg1_0.code_id_nm,ccg1_0.code_id_dc,ccg1_0.cl_code,ccc1_0.cl_code_nm,ccg1_0.use_at from ccmmncode ccg1_0 left join ccmmnclcode ccc1_0 on ccg1_0.cl_code=ccc1_0.cl_code offset ? rows fetch first ? rows only
2026-03-16 16:59:50 [http-nio-8080-exec-6] DEBUG o.s.orm.jpa.JpaTransactionManager - Closing JPA EntityManager [SessionImpl(1963330179<open>)] after transaction
2026-03-16 16:59:50 [http-nio-8080-exec-8] DEBUG o.s.orm.jpa.JpaTransactionManager - Closing JPA EntityManager [SessionImpl(1287534810<open>)] after transaction
2026-03-16 16:59:50 [http-nio-8080-exec-6] DEBUG c.c.p.s.jwt.JwtAuthenticationFilter - >>> [JwtFilter] Successfully authenticated user: USRCNFRM_99999999999, Authorities: [ROLE_ADMIN]
2026-03-16 16:59:50 [http-nio-8080-exec-8] DEBUG c.c.p.s.jwt.JwtAuthenticationFilter - >>> [JwtFilter] Successfully authenticated user: USRCNFRM_99999999999, Authorities: [ROLE_ADMIN]
2026-03-16 16:59:50 [http-nio-8080-exec-6] DEBUG o.s.web.servlet.DispatcherServlet - GET "/api/v1/menu/head", parameters={}
2026-03-16 16:59:50 [http-nio-8080-exec-8] DEBUG o.s.web.servlet.DispatcherServlet - GET "/api/v1/admin/system/codes/cl?pageUnit=999", parameters={masked}
2026-03-16 16:59:50 [http-nio-8080-exec-6] TRACE o.s.w.s.m.m.a.RequestMappingHandlerMapping - Mapped to com.company.project.api.controller.menu.MenuController#getHeadMenu()
2026-03-16 16:59:50 [http-nio-8080-exec-8] TRACE o.s.w.s.m.m.a.RequestMappingHandlerMapping - Mapped to com.company.project.api.controller.code.CommonCodeApiController#getClCodeList(ComDefaultVO)
2026-03-16 16:59:50 [http-nio-8080-exec-6] INFO  c.c.p.a.c.menu.MenuController - getHeadMenu called
2026-03-16 16:59:50 [http-nio-8080-exec-6] INFO  c.c.p.a.c.menu.MenuController - getHeadMenu returned 5 items
2026-03-16 16:59:50 [http-nio-8080-exec-6] DEBUG o.s.w.s.m.m.a.HttpEntityMethodProcessor - Using 'application/json', given [application/json, text/plain, */*] and supported [application/json, application/*+json, application/yaml]
2026-03-16 16:59:50 [http-nio-8080-exec-6] TRACE o.s.w.s.m.m.a.HttpEntityMethodProcessor - Writing [ApiResponse[success=true, status=200, code=COMMON_001, message=Success, data={list=[com.company.project.service.menu.dto.MenuDto@2b80d6b0, com.company.project.service.menu.dto.MenuDto@1418cfa3, com.company.project.service.menu.dto.MenuDto@f230bf1, com.company.project.service.menu.dto.MenuDto@734a7f6a, com.company.project.service.menu.dto.MenuDto@5e5202e5]}, timestamp=2026-03-16T16:59:50.646866800]]
2026-03-16 16:59:50 [http-nio-8080-exec-8] DEBUG o.s.o.j.SharedEntityManagerCreator$SharedEntityManagerInvocationHandler - Creating new EntityManager for shared EntityManager invocation
2026-03-16 16:59:50 [http-nio-8080-exec-8] DEBUG org.hibernate.SQL - select ccc1_0.cl_code,ccc1_0.cl_code_dc,ccc1_0.cl_code_nm,ccc1_0.frst_regist_pnttm,ccc1_0.frst_register_id,ccc1_0.last_updt_pnttm,ccc1_0.last_updusr_id,ccc1_0.use_at from ccmmnclcode ccc1_0 offset ? rows fetch first ? rows only
2026-03-16 16:59:50 [http-nio-8080-exec-6] INFO  c.c.p.a.i.OperationalAuditInterceptor - API Audit Log: URL=/api/v1/menu/head, User=webmaster, IP=0:0:0:0:0:0:0:1
2026-03-16 16:59:50 [http-nio-8080-exec-6] DEBUG o.s.web.servlet.DispatcherServlet - Completed 200 OK
2026-03-16 16:59:50 [http-nio-8080-exec-10] DEBUG c.c.p.s.jwt.JwtAuthenticationFilter - >>> [JwtFilter] Processing request: GET /api/v1/menu/left
2026-03-16 16:59:50 [http-nio-8080-exec-10] DEBUG c.c.p.s.jwt.JwtAuthenticationFilter - >>> [JwtFilter] Found token in header for path: /api/v1/menu/left
2026-03-16 16:59:50 [http-nio-8080-exec-10] DEBUG o.s.orm.jpa.JpaTransactionManager - Creating new transaction with name [com.company.project.security.iam.CustomUserDetailsService.loadUserByUsername]: PROPAGATION_REQUIRED,ISOLATION_DEFAULT,readOnly
2026-03-16 16:59:50 [http-nio-8080-exec-10] DEBUG o.s.orm.jpa.JpaTransactionManager - Opened new EntityManager [SessionImpl(47892348<open>)] for JPA transaction
2026-03-16 16:59:50 [http-nio-8080-exec-7] DEBUG c.c.p.s.jwt.JwtAuthenticationFilter - >>> [JwtFilter] Processing request: GET /api/v1/menu/left
2026-03-16 16:59:50 [http-nio-8080-exec-7] DEBUG c.c.p.s.jwt.JwtAuthenticationFilter - >>> [JwtFilter] Found token in header for path: /api/v1/menu/left
2026-03-16 16:59:50 [http-nio-8080-exec-2] DEBUG c.c.p.s.jwt.JwtAuthenticationFilter - >>> [JwtFilter] Processing request: GET /api/v1/menu/left
2026-03-16 16:59:50 [http-nio-8080-exec-4] DEBUG c.c.p.s.jwt.JwtAuthenticationFilter - >>> [JwtFilter] Processing request: GET /api/v1/menu/left
2026-03-16 16:59:50 [http-nio-8080-exec-2] DEBUG c.c.p.s.jwt.JwtAuthenticationFilter - >>> [JwtFilter] Found token in header for path: /api/v1/menu/left
2026-03-16 16:59:50 [http-nio-8080-exec-3] DEBUG c.c.p.s.jwt.JwtAuthenticationFilter - >>> [JwtFilter] Processing request: GET /api/v1/menu/left
2026-03-16 16:59:50 [http-nio-8080-exec-3] DEBUG c.c.p.s.jwt.JwtAuthenticationFilter - >>> [JwtFilter] Found token in header for path: /api/v1/menu/left
2026-03-16 16:59:50 [http-nio-8080-exec-7] DEBUG o.s.orm.jpa.JpaTransactionManager - Creating new transaction with name [com.company.project.security.iam.CustomUserDetailsService.loadUserByUsername]: PROPAGATION_REQUIRED,ISOLATION_DEFAULT,readOnly
2026-03-16 16:59:50 [http-nio-8080-exec-2] DEBUG o.s.orm.jpa.JpaTransactionManager - Creating new transaction with name [com.company.project.security.iam.CustomUserDetailsService.loadUserByUsername]: PROPAGATION_REQUIRED,ISOLATION_DEFAULT,readOnly
2026-03-16 16:59:50 [http-nio-8080-exec-4] DEBUG c.c.p.s.jwt.JwtAuthenticationFilter - >>> [JwtFilter] Found token in header for path: /api/v1/menu/left
2026-03-16 16:59:50 [http-nio-8080-exec-7] DEBUG o.s.orm.jpa.JpaTransactionManager - Opened new EntityManager [SessionImpl(523824447<open>)] for JPA transaction
2026-03-16 16:59:50 [http-nio-8080-exec-2] DEBUG o.s.orm.jpa.JpaTransactionManager - Opened new EntityManager [SessionImpl(349865116<open>)] for JPA transaction
2026-03-16 16:59:50 [http-nio-8080-exec-3] DEBUG o.s.orm.jpa.JpaTransactionManager - Creating new transaction with name [com.company.project.security.iam.CustomUserDetailsService.loadUserByUsername]: PROPAGATION_REQUIRED,ISOLATION_DEFAULT,readOnly
2026-03-16 16:59:50 [http-nio-8080-exec-3] DEBUG o.s.orm.jpa.JpaTransactionManager - Opened new EntityManager [SessionImpl(234481696<open>)] for JPA transaction
2026-03-16 16:59:50 [http-nio-8080-exec-4] DEBUG o.s.orm.jpa.JpaTransactionManager - Creating new transaction with name [com.company.project.security.iam.CustomUserDetailsService.loadUserByUsername]: PROPAGATION_REQUIRED,ISOLATION_DEFAULT,readOnly
2026-03-16 16:59:50 [http-nio-8080-exec-4] DEBUG o.s.orm.jpa.JpaTransactionManager - Opened new EntityManager [SessionImpl(155283663<open>)] for JPA transaction
2026-03-16 16:59:50 [http-nio-8080-exec-1] DEBUG o.s.o.j.SharedEntityManagerCreator$SharedEntityManagerInvocationHandler - Creating new EntityManager for shared EntityManager invocation
2026-03-16 16:59:50 [http-nio-8080-exec-1] DEBUG org.hibernate.SQL - select count(ccg1_0.code_id) from ccmmncode ccg1_0
2026-03-16 16:59:50 [http-nio-8080-exec-8] DEBUG o.s.o.j.SharedEntityManagerCreator$SharedEntityManagerInvocationHandler - Creating new EntityManager for shared EntityManager invocation
2026-03-16 16:59:50 [http-nio-8080-exec-8] DEBUG org.hibernate.SQL - select count(ccc1_0.cl_code) from ccmmnclcode ccc1_0
2026-03-16 16:59:50 [http-nio-8080-exec-2] DEBUG o.s.orm.jpa.JpaTransactionManager - Exposing JPA transaction as JDBC [org.springframework.orm.jpa.vendor.HibernateJpaDialect$HibernateConnectionHandle@2c038cbc]
2026-03-16 16:59:50 [http-nio-8080-exec-4] DEBUG o.s.orm.jpa.JpaTransactionManager - Exposing JPA transaction as JDBC [org.springframework.orm.jpa.vendor.HibernateJpaDialect$HibernateConnectionHandle@696d2a6a]
2026-03-16 16:59:50 [http-nio-8080-exec-2] DEBUG o.s.orm.jpa.JpaTransactionManager - Found thread-bound EntityManager [SessionImpl(349865116<open>)] for JPA transaction
2026-03-16 16:59:50 [http-nio-8080-exec-4] DEBUG o.s.orm.jpa.JpaTransactionManager - Found thread-bound EntityManager [SessionImpl(155283663<open>)] for JPA transaction
2026-03-16 16:59:50 [http-nio-8080-exec-2] DEBUG o.s.orm.jpa.JpaTransactionManager - Participating in existing transaction
2026-03-16 16:59:50 [http-nio-8080-exec-4] DEBUG o.s.orm.jpa.JpaTransactionManager - Participating in existing transaction
2026-03-16 16:59:50 [http-nio-8080-exec-2] DEBUG org.hibernate.SQL - select u1_0.emplyr_id,u1_0.area_no,u1_0.brthdy,u1_0.chg_pwd_cnt,u1_0.frst_register_id,u1_0.frst_regist_pnttm,u1_0.detail_adres,u1_0.email_adres,u1_0.emplyr_sttus_code,u1_0.empl_no,u1_0.esntl_id,u1_0.fxnum,u1_0.group_id,u1_0.house_adres,u1_0.house_end_telno,u1_0.house_middle_telno,u1_0.ihidnum,u1_0.pstinst_code,u1_0.last_updusr_id,u1_0.last_updt_pnttm,u1_0.lock_at,u1_0.lock_cnt,u1_0.lock_last_pnttm,u1_0.mbtlnum,u1_0.ofcps_nm,u1_0.offm_telno,u1_0.orgnzt_id,u1_0.password,u1_0.password_cnsr,u1_0.password_hint,u1_0.chg_pwd_last_pnttm,u1_0.role,u1_0.sbscrb_de,u1_0.sexdstn_code,u1_0.crtfc_dn_value,u1_0.user_nm,u1_0.zip from nemplyrinfo u1_0 where u1_0.emplyr_id=?
2026-03-16 16:59:50 [http-nio-8080-exec-4] DEBUG org.hibernate.SQL - select u1_0.emplyr_id,u1_0.area_no,u1_0.brthdy,u1_0.chg_pwd_cnt,u1_0.frst_register_id,u1_0.frst_regist_pnttm,u1_0.detail_adres,u1_0.email_adres,u1_0.emplyr_sttus_code,u1_0.empl_no,u1_0.esntl_id,u1_0.fxnum,u1_0.group_id,u1_0.house_adres,u1_0.house_end_telno,u1_0.house_middle_telno,u1_0.ihidnum,u1_0.pstinst_code,u1_0.last_updusr_id,u1_0.last_updt_pnttm,u1_0.lock_at,u1_0.lock_cnt,u1_0.lock_last_pnttm,u1_0.mbtlnum,u1_0.ofcps_nm,u1_0.offm_telno,u1_0.orgnzt_id,u1_0.password,u1_0.password_cnsr,u1_0.password_hint,u1_0.chg_pwd_last_pnttm,u1_0.role,u1_0.sbscrb_de,u1_0.sexdstn_code,u1_0.crtfc_dn_value,u1_0.user_nm,u1_0.zip from nemplyrinfo u1_0 where u1_0.emplyr_id=?
2026-03-16 16:59:50 [http-nio-8080-exec-10] DEBUG o.s.orm.jpa.JpaTransactionManager - Exposing JPA transaction as JDBC [org.springframework.orm.jpa.vendor.HibernateJpaDialect$HibernateConnectionHandle@35103774]
2026-03-16 16:59:50 [http-nio-8080-exec-7] DEBUG o.s.orm.jpa.JpaTransactionManager - Exposing JPA transaction as JDBC [org.springframework.orm.jpa.vendor.HibernateJpaDialect$HibernateConnectionHandle@131bae1]
2026-03-16 16:59:50 [http-nio-8080-exec-3] DEBUG o.s.orm.jpa.JpaTransactionManager - Exposing JPA transaction as JDBC [org.springframework.orm.jpa.vendor.HibernateJpaDialect$HibernateConnectionHandle@14d0f3b5]
2026-03-16 16:59:50 [http-nio-8080-exec-10] DEBUG o.s.orm.jpa.JpaTransactionManager - Found thread-bound EntityManager [SessionImpl(47892348<open>)] for JPA transaction
2026-03-16 16:59:50 [http-nio-8080-exec-7] DEBUG o.s.orm.jpa.JpaTransactionManager - Found thread-bound EntityManager [SessionImpl(523824447<open>)] for JPA transaction
2026-03-16 16:59:50 [http-nio-8080-exec-3] DEBUG o.s.orm.jpa.JpaTransactionManager - Found thread-bound EntityManager [SessionImpl(234481696<open>)] for JPA transaction
2026-03-16 16:59:50 [http-nio-8080-exec-10] DEBUG o.s.orm.jpa.JpaTransactionManager - Participating in existing transaction
2026-03-16 16:59:50 [http-nio-8080-exec-3] DEBUG o.s.orm.jpa.JpaTransactionManager - Participating in existing transaction
2026-03-16 16:59:50 [http-nio-8080-exec-7] DEBUG o.s.orm.jpa.JpaTransactionManager - Participating in existing transaction
2026-03-16 16:59:50 [http-nio-8080-exec-3] DEBUG org.hibernate.SQL - select u1_0.emplyr_id,u1_0.area_no,u1_0.brthdy,u1_0.chg_pwd_cnt,u1_0.frst_register_id,u1_0.frst_regist_pnttm,u1_0.detail_adres,u1_0.email_adres,u1_0.emplyr_sttus_code,u1_0.empl_no,u1_0.esntl_id,u1_0.fxnum,u1_0.group_id,u1_0.house_adres,u1_0.house_end_telno,u1_0.house_middle_telno,u1_0.ihidnum,u1_0.pstinst_code,u1_0.last_updusr_id,u1_0.last_updt_pnttm,u1_0.lock_at,u1_0.lock_cnt,u1_0.lock_last_pnttm,u1_0.mbtlnum,u1_0.ofcps_nm,u1_0.offm_telno,u1_0.orgnzt_id,u1_0.password,u1_0.password_cnsr,u1_0.password_hint,u1_0.chg_pwd_last_pnttm,u1_0.role,u1_0.sbscrb_de,u1_0.sexdstn_code,u1_0.crtfc_dn_value,u1_0.user_nm,u1_0.zip from nemplyrinfo u1_0 where u1_0.emplyr_id=?
2026-03-16 16:59:50 [http-nio-8080-exec-10] DEBUG org.hibernate.SQL - select u1_0.emplyr_id,u1_0.area_no,u1_0.brthdy,u1_0.chg_pwd_cnt,u1_0.frst_register_id,u1_0.frst_regist_pnttm,u1_0.detail_adres,u1_0.email_adres,u1_0.emplyr_sttus_code,u1_0.empl_no,u1_0.esntl_id,u1_0.fxnum,u1_0.group_id,u1_0.house_adres,u1_0.house_end_telno,u1_0.house_middle_telno,u1_0.ihidnum,u1_0.pstinst_code,u1_0.last_updusr_id,u1_0.last_updt_pnttm,u1_0.lock_at,u1_0.lock_cnt,u1_0.lock_last_pnttm,u1_0.mbtlnum,u1_0.ofcps_nm,u1_0.offm_telno,u1_0.orgnzt_id,u1_0.password,u1_0.password_cnsr,u1_0.password_hint,u1_0.chg_pwd_last_pnttm,u1_0.role,u1_0.sbscrb_de,u1_0.sexdstn_code,u1_0.crtfc_dn_value,u1_0.user_nm,u1_0.zip from nemplyrinfo u1_0 where u1_0.emplyr_id=?
2026-03-16 16:59:50 [http-nio-8080-exec-7] DEBUG org.hibernate.SQL - select u1_0.emplyr_id,u1_0.area_no,u1_0.brthdy,u1_0.chg_pwd_cnt,u1_0.frst_register_id,u1_0.frst_regist_pnttm,u1_0.detail_adres,u1_0.email_adres,u1_0.emplyr_sttus_code,u1_0.empl_no,u1_0.esntl_id,u1_0.fxnum,u1_0.group_id,u1_0.house_adres,u1_0.house_end_telno,u1_0.house_middle_telno,u1_0.ihidnum,u1_0.pstinst_code,u1_0.last_updusr_id,u1_0.last_updt_pnttm,u1_0.lock_at,u1_0.lock_cnt,u1_0.lock_last_pnttm,u1_0.mbtlnum,u1_0.ofcps_nm,u1_0.offm_telno,u1_0.orgnzt_id,u1_0.password,u1_0.password_cnsr,u1_0.password_hint,u1_0.chg_pwd_last_pnttm,u1_0.role,u1_0.sbscrb_de,u1_0.sexdstn_code,u1_0.crtfc_dn_value,u1_0.user_nm,u1_0.zip from nemplyrinfo u1_0 where u1_0.emplyr_id=?
2026-03-16 16:59:50 [http-nio-8080-exec-1] DEBUG o.s.o.j.SharedEntityManagerCreator$SharedEntityManagerInvocationHandler - Creating new EntityManager for shared EntityManager invocation
2026-03-16 16:59:50 [http-nio-8080-exec-1] DEBUG org.hibernate.SQL - select ccg1_0.code_id,ccg1_0.code_id_nm,ccg1_0.code_id_dc,ccg1_0.cl_code,ccc1_0.cl_code_nm,ccg1_0.use_at from ccmmncode ccg1_0 left join ccmmnclcode ccc1_0 on ccg1_0.cl_code=ccc1_0.cl_code offset ? rows fetch first ? rows only
2026-03-16 16:59:50 [http-nio-8080-exec-8] DEBUG o.s.o.j.SharedEntityManagerCreator$SharedEntityManagerInvocationHandler - Creating new EntityManager for shared EntityManager invocation
2026-03-16 16:59:50 [http-nio-8080-exec-8] DEBUG org.hibernate.SQL - select ccc1_0.cl_code,ccc1_0.cl_code_dc,ccc1_0.cl_code_nm,ccc1_0.frst_regist_pnttm,ccc1_0.frst_register_id,ccc1_0.last_updt_pnttm,ccc1_0.last_updusr_id,ccc1_0.use_at from ccmmnclcode ccc1_0 offset ? rows fetch first ? rows only
2026-03-16 16:59:50 [http-nio-8080-exec-4] DEBUG o.s.orm.jpa.JpaTransactionManager - Found thread-bound EntityManager [SessionImpl(155283663<open>)] for JPA transaction
2026-03-16 16:59:50 [http-nio-8080-exec-4] DEBUG o.s.orm.jpa.JpaTransactionManager - Participating in existing transaction
2026-03-16 16:59:50 [http-nio-8080-exec-4] DEBUG org.hibernate.SQL - select ua1_0.scrty_dtrmn_trget_id,ua1_0.author_code,ua1_0.frst_register_id,ua1_0.frst_regist_pnttm,ua1_0.last_updusr_id,ua1_0.last_updt_pnttm,ua1_0.mber_ty_code from nemplyrscrtyestbs ua1_0 where ua1_0.scrty_dtrmn_trget_id=?
2026-03-16 16:59:50 [http-nio-8080-exec-2] DEBUG o.s.orm.jpa.JpaTransactionManager - Found thread-bound EntityManager [SessionImpl(349865116<open>)] for JPA transaction
2026-03-16 16:59:50 [http-nio-8080-exec-2] DEBUG o.s.orm.jpa.JpaTransactionManager - Participating in existing transaction
2026-03-16 16:59:50 [http-nio-8080-exec-2] DEBUG org.hibernate.SQL - select ua1_0.scrty_dtrmn_trget_id,ua1_0.author_code,ua1_0.frst_register_id,ua1_0.frst_regist_pnttm,ua1_0.last_updusr_id,ua1_0.last_updt_pnttm,ua1_0.mber_ty_code from nemplyrscrtyestbs ua1_0 where ua1_0.scrty_dtrmn_trget_id=?
2026-03-16 16:59:50 [http-nio-8080-exec-7] DEBUG o.s.orm.jpa.JpaTransactionManager - Found thread-bound EntityManager [SessionImpl(523824447<open>)] for JPA transaction
2026-03-16 16:59:50 [http-nio-8080-exec-7] DEBUG o.s.orm.jpa.JpaTransactionManager - Participating in existing transaction
2026-03-16 16:59:50 [http-nio-8080-exec-7] DEBUG org.hibernate.SQL - select ua1_0.scrty_dtrmn_trget_id,ua1_0.author_code,ua1_0.frst_register_id,ua1_0.frst_regist_pnttm,ua1_0.last_updusr_id,ua1_0.last_updt_pnttm,ua1_0.mber_ty_code from nemplyrscrtyestbs ua1_0 where ua1_0.scrty_dtrmn_trget_id=?
2026-03-16 16:59:50 [http-nio-8080-exec-3] DEBUG o.s.orm.jpa.JpaTransactionManager - Found thread-bound EntityManager [SessionImpl(234481696<open>)] for JPA transaction
2026-03-16 16:59:50 [http-nio-8080-exec-3] DEBUG o.s.orm.jpa.JpaTransactionManager - Participating in existing transaction
2026-03-16 16:59:50 [http-nio-8080-exec-10] DEBUG o.s.orm.jpa.JpaTransactionManager - Found thread-bound EntityManager [SessionImpl(47892348<open>)] for JPA transaction
2026-03-16 16:59:50 [http-nio-8080-exec-3] DEBUG org.hibernate.SQL - select ua1_0.scrty_dtrmn_trget_id,ua1_0.author_code,ua1_0.frst_register_id,ua1_0.frst_regist_pnttm,ua1_0.last_updusr_id,ua1_0.last_updt_pnttm,ua1_0.mber_ty_code from nemplyrscrtyestbs ua1_0 where ua1_0.scrty_dtrmn_trget_id=?
2026-03-16 16:59:50 [http-nio-8080-exec-10] DEBUG o.s.orm.jpa.JpaTransactionManager - Participating in existing transaction
2026-03-16 16:59:50 [http-nio-8080-exec-10] DEBUG org.hibernate.SQL - select ua1_0.scrty_dtrmn_trget_id,ua1_0.author_code,ua1_0.frst_register_id,ua1_0.frst_regist_pnttm,ua1_0.last_updusr_id,ua1_0.last_updt_pnttm,ua1_0.mber_ty_code from nemplyrscrtyestbs ua1_0 where ua1_0.scrty_dtrmn_trget_id=?
2026-03-16 16:59:51 [http-nio-8080-exec-1] DEBUG o.s.o.j.SharedEntityManagerCreator$SharedEntityManagerInvocationHandler - Creating new EntityManager for shared EntityManager invocation
2026-03-16 16:59:51 [http-nio-8080-exec-1] DEBUG org.hibernate.SQL - select count(ccg1_0.code_id) from ccmmncode ccg1_0
2026-03-16 16:59:51 [http-nio-8080-exec-8] DEBUG o.s.o.j.SharedEntityManagerCreator$SharedEntityManagerInvocationHandler - Creating new EntityManager for shared EntityManager invocation
2026-03-16 16:59:51 [http-nio-8080-exec-8] DEBUG org.hibernate.SQL - select count(ccc1_0.cl_code) from ccmmnclcode ccc1_0
2026-03-16 16:59:51 [http-nio-8080-exec-2] DEBUG o.s.orm.jpa.JpaTransactionManager - Initiating transaction commit
2026-03-16 16:59:51 [http-nio-8080-exec-4] DEBUG o.s.orm.jpa.JpaTransactionManager - Initiating transaction commit
2026-03-16 16:59:51 [http-nio-8080-exec-2] DEBUG o.s.orm.jpa.JpaTransactionManager - Committing JPA transaction on EntityManager [SessionImpl(349865116<open>)]
2026-03-16 16:59:51 [http-nio-8080-exec-4] DEBUG o.s.orm.jpa.JpaTransactionManager - Committing JPA transaction on EntityManager [SessionImpl(155283663<open>)]
2026-03-16 16:59:51 [http-nio-8080-exec-3] DEBUG o.s.orm.jpa.JpaTransactionManager - Initiating transaction commit
2026-03-16 16:59:51 [http-nio-8080-exec-7] DEBUG o.s.orm.jpa.JpaTransactionManager - Initiating transaction commit
2026-03-16 16:59:51 [http-nio-8080-exec-10] DEBUG o.s.orm.jpa.JpaTransactionManager - Initiating transaction commit
2026-03-16 16:59:51 [http-nio-8080-exec-3] DEBUG o.s.orm.jpa.JpaTransactionManager - Committing JPA transaction on EntityManager [SessionImpl(234481696<open>)]
2026-03-16 16:59:51 [http-nio-8080-exec-7] DEBUG o.s.orm.jpa.JpaTransactionManager - Committing JPA transaction on EntityManager [SessionImpl(523824447<open>)]
2026-03-16 16:59:51 [http-nio-8080-exec-10] DEBUG o.s.orm.jpa.JpaTransactionManager - Committing JPA transaction on EntityManager [SessionImpl(47892348<open>)]
2026-03-16 16:59:51 [http-nio-8080-exec-1] DEBUG o.s.w.s.m.m.a.HttpEntityMethodProcessor - Using 'application/json', given [application/json, text/plain, */*] and supported [application/json, application/*+json, application/yaml]
2026-03-16 16:59:51 [http-nio-8080-exec-1] TRACE o.s.w.s.m.m.a.HttpEntityMethodProcessor - Writing [ApiResponse[success=true, status=200, code=COMMON_001, message=Success, data=com.company.project.core.response.PageResponse@16bbd3db, timestamp=2026-03-16T16:59:51.222412800]]
2026-03-16 16:59:51 [http-nio-8080-exec-1] INFO  c.c.p.a.i.OperationalAuditInterceptor - API Audit Log: URL=/api/v1/admin/system/codes/cmmn, User=webmaster, IP=0:0:0:0:0:0:0:1
2026-03-16 16:59:51 [http-nio-8080-exec-1] DEBUG o.s.web.servlet.DispatcherServlet - Completed 200 OK
2026-03-16 16:59:51 [http-nio-8080-exec-8] DEBUG o.s.w.s.m.m.a.HttpEntityMethodProcessor - Using 'application/json', given [application/json, text/plain, */*] and supported [application/json, application/*+json, application/yaml]
2026-03-16 16:59:51 [http-nio-8080-exec-8] TRACE o.s.w.s.m.m.a.HttpEntityMethodProcessor - Writing [ApiResponse[success=true, status=200, code=COMMON_001, message=Success, data=com.company.project.core.response.PageResponse@1923ccae, timestamp=2026-03-16T16:59:51.277979800]]
2026-03-16 16:59:51 [http-nio-8080-exec-8] INFO  c.c.p.a.i.OperationalAuditInterceptor - API Audit Log: URL=/api/v1/admin/system/codes/cl, User=webmaster, IP=0:0:0:0:0:0:0:1
2026-03-16 16:59:51 [http-nio-8080-exec-8] DEBUG o.s.web.servlet.DispatcherServlet - Completed 200 OK
2026-03-16 16:59:51 [http-nio-8080-exec-2] DEBUG o.s.orm.jpa.JpaTransactionManager - Closing JPA EntityManager [SessionImpl(349865116<open>)] after transaction
2026-03-16 16:59:51 [http-nio-8080-exec-4] DEBUG o.s.orm.jpa.JpaTransactionManager - Closing JPA EntityManager [SessionImpl(155283663<open>)] after transaction
2026-03-16 16:59:51 [http-nio-8080-exec-2] DEBUG c.c.p.s.jwt.JwtAuthenticationFilter - >>> [JwtFilter] Successfully authenticated user: USRCNFRM_99999999999, Authorities: [ROLE_ADMIN]
2026-03-16 16:59:51 [http-nio-8080-exec-4] DEBUG c.c.p.s.jwt.JwtAuthenticationFilter - >>> [JwtFilter] Successfully authenticated user: USRCNFRM_99999999999, Authorities: [ROLE_ADMIN]
2026-03-16 16:59:51 [http-nio-8080-exec-2] DEBUG o.s.web.servlet.DispatcherServlet - GET "/api/v1/menu/left?menuNo=20", parameters={masked}
2026-03-16 16:59:51 [http-nio-8080-exec-4] DEBUG o.s.web.servlet.DispatcherServlet - GET "/api/v1/menu/left?menuNo=50", parameters={masked}
2026-03-16 16:59:51 [http-nio-8080-exec-2] TRACE o.s.w.s.m.m.a.RequestMappingHandlerMapping - Mapped to com.company.project.api.controller.menu.MenuController#getLeftMenu(Long)
2026-03-16 16:59:51 [http-nio-8080-exec-4] TRACE o.s.w.s.m.m.a.RequestMappingHandlerMapping - Mapped to com.company.project.api.controller.menu.MenuController#getLeftMenu(Long)
2026-03-16 16:59:51 [http-nio-8080-exec-2] INFO  c.c.p.a.c.menu.MenuController - getLeftMenu called with menuNo=20
2026-03-16 16:59:51 [http-nio-8080-exec-2] DEBUG o.s.orm.jpa.JpaTransactionManager - Creating new transaction with name [com.company.project.service.menu.MenuService.getSubMenus]: PROPAGATION_REQUIRED,ISOLATION_DEFAULT,readOnly
2026-03-16 16:59:51 [http-nio-8080-exec-4] INFO  c.c.p.a.c.menu.MenuController - getLeftMenu called with menuNo=50
2026-03-16 16:59:51 [http-nio-8080-exec-2] DEBUG o.s.orm.jpa.JpaTransactionManager - Opened new EntityManager [SessionImpl(209601736<open>)] for JPA transaction
2026-03-16 16:59:51 [http-nio-8080-exec-4] DEBUG o.s.orm.jpa.JpaTransactionManager - Creating new transaction with name [com.company.project.service.menu.MenuService.getSubMenus]: PROPAGATION_REQUIRED,ISOLATION_DEFAULT,readOnly
2026-03-16 16:59:51 [http-nio-8080-exec-2] DEBUG o.s.orm.jpa.JpaTransactionManager - Exposing JPA transaction as JDBC [org.springframework.orm.jpa.vendor.HibernateJpaDialect$HibernateConnectionHandle@647d68c9]
2026-03-16 16:59:51 [http-nio-8080-exec-4] DEBUG o.s.orm.jpa.JpaTransactionManager - Opened new EntityManager [SessionImpl(1389156927<open>)] for JPA transaction
2026-03-16 16:59:51 [http-nio-8080-exec-4] DEBUG o.s.orm.jpa.JpaTransactionManager - Exposing JPA transaction as JDBC [org.springframework.orm.jpa.vendor.HibernateJpaDialect$HibernateConnectionHandle@3e053428]
2026-03-16 16:59:51 [http-nio-8080-exec-2] DEBUG org.hibernate.SQL - select m1_0.menu_no,m1_0.menu_dc,m1_0.menu_nm,m1_0.menu_ordr,m1_0.modern_route,m1_0.progrm_file_nm,m1_0.relate_image_nm,m1_0.relate_image_path,m1_0.route_updated_at,m1_0.upper_menu_no from nmenuinfo m1_0 order by m1_0.upper_menu_no,m1_0.menu_ordr
2026-03-16 16:59:51 [http-nio-8080-exec-4] DEBUG org.hibernate.SQL - select m1_0.menu_no,m1_0.menu_dc,m1_0.menu_nm,m1_0.menu_ordr,m1_0.modern_route,m1_0.progrm_file_nm,m1_0.relate_image_nm,m1_0.relate_image_path,m1_0.route_updated_at,m1_0.upper_menu_no from nmenuinfo m1_0 order by m1_0.upper_menu_no,m1_0.menu_ordr
2026-03-16 16:59:51 [http-nio-8080-exec-7] DEBUG o.s.orm.jpa.JpaTransactionManager - Closing JPA EntityManager [SessionImpl(523824447<open>)] after transaction
2026-03-16 16:59:51 [http-nio-8080-exec-7] DEBUG c.c.p.s.jwt.JwtAuthenticationFilter - >>> [JwtFilter] Successfully authenticated user: USRCNFRM_99999999999, Authorities: [ROLE_ADMIN]
2026-03-16 16:59:51 [http-nio-8080-exec-7] DEBUG o.s.web.servlet.DispatcherServlet - GET "/api/v1/menu/left?menuNo=40", parameters={masked}
2026-03-16 16:59:51 [http-nio-8080-exec-7] TRACE o.s.w.s.m.m.a.RequestMappingHandlerMapping - Mapped to com.company.project.api.controller.menu.MenuController#getLeftMenu(Long)
2026-03-16 16:59:51 [http-nio-8080-exec-10] DEBUG o.s.orm.jpa.JpaTransactionManager - Closing JPA EntityManager [SessionImpl(47892348<open>)] after transaction
2026-03-16 16:59:51 [http-nio-8080-exec-10] DEBUG c.c.p.s.jwt.JwtAuthenticationFilter - >>> [JwtFilter] Successfully authenticated user: USRCNFRM_99999999999, Authorities: [ROLE_ADMIN]
2026-03-16 16:59:51 [http-nio-8080-exec-7] INFO  c.c.p.a.c.menu.MenuController - getLeftMenu called with menuNo=40
2026-03-16 16:59:51 [http-nio-8080-exec-7] DEBUG o.s.orm.jpa.JpaTransactionManager - Creating new transaction with name [com.company.project.service.menu.MenuService.getSubMenus]: PROPAGATION_REQUIRED,ISOLATION_DEFAULT,readOnly
2026-03-16 16:59:51 [http-nio-8080-exec-3] DEBUG o.s.orm.jpa.JpaTransactionManager - Closing JPA EntityManager [SessionImpl(234481696<open>)] after transaction
2026-03-16 16:59:51 [http-nio-8080-exec-7] DEBUG o.s.orm.jpa.JpaTransactionManager - Opened new EntityManager [SessionImpl(1710032501<open>)] for JPA transaction
2026-03-16 16:59:51 [http-nio-8080-exec-10] DEBUG o.s.web.servlet.DispatcherServlet - GET "/api/v1/menu/left?menuNo=10", parameters={masked}
2026-03-16 16:59:51 [http-nio-8080-exec-3] DEBUG c.c.p.s.jwt.JwtAuthenticationFilter - >>> [JwtFilter] Successfully authenticated user: USRCNFRM_99999999999, Authorities: [ROLE_ADMIN]
2026-03-16 16:59:51 [http-nio-8080-exec-7] DEBUG o.s.orm.jpa.JpaTransactionManager - Exposing JPA transaction as JDBC [org.springframework.orm.jpa.vendor.HibernateJpaDialect$HibernateConnectionHandle@5b77f0e6]
2026-03-16 16:59:51 [http-nio-8080-exec-10] TRACE o.s.w.s.m.m.a.RequestMappingHandlerMapping - Mapped to com.company.project.api.controller.menu.MenuController#getLeftMenu(Long)
2026-03-16 16:59:51 [http-nio-8080-exec-10] INFO  c.c.p.a.c.menu.MenuController - getLeftMenu called with menuNo=10
2026-03-16 16:59:51 [http-nio-8080-exec-3] DEBUG o.s.web.servlet.DispatcherServlet - GET "/api/v1/menu/left?menuNo=60", parameters={masked}
2026-03-16 16:59:51 [http-nio-8080-exec-10] DEBUG o.s.orm.jpa.JpaTransactionManager - Creating new transaction with name [com.company.project.service.menu.MenuService.getSubMenus]: PROPAGATION_REQUIRED,ISOLATION_DEFAULT,readOnly
2026-03-16 16:59:51 [http-nio-8080-exec-7] DEBUG org.hibernate.SQL - select m1_0.menu_no,m1_0.menu_dc,m1_0.menu_nm,m1_0.menu_ordr,m1_0.modern_route,m1_0.progrm_file_nm,m1_0.relate_image_nm,m1_0.relate_image_path,m1_0.route_updated_at,m1_0.upper_menu_no from nmenuinfo m1_0 order by m1_0.upper_menu_no,m1_0.menu_ordr
2026-03-16 16:59:51 [http-nio-8080-exec-3] TRACE o.s.w.s.m.m.a.RequestMappingHandlerMapping - Mapped to com.company.project.api.controller.menu.MenuController#getLeftMenu(Long)
2026-03-16 16:59:51 [http-nio-8080-exec-10] DEBUG o.s.orm.jpa.JpaTransactionManager - Opened new EntityManager [SessionImpl(1650458381<open>)] for JPA transaction
2026-03-16 16:59:51 [http-nio-8080-exec-10] DEBUG o.s.orm.jpa.JpaTransactionManager - Exposing JPA transaction as JDBC [org.springframework.orm.jpa.vendor.HibernateJpaDialect$HibernateConnectionHandle@39c365a0]
2026-03-16 16:59:51 [http-nio-8080-exec-3] INFO  c.c.p.a.c.menu.MenuController - getLeftMenu called with menuNo=60
2026-03-16 16:59:51 [http-nio-8080-exec-3] DEBUG o.s.orm.jpa.JpaTransactionManager - Creating new transaction with name [com.company.project.service.menu.MenuService.getSubMenus]: PROPAGATION_REQUIRED,ISOLATION_DEFAULT,readOnly
2026-03-16 16:59:51 [http-nio-8080-exec-3] DEBUG o.s.orm.jpa.JpaTransactionManager - Opened new EntityManager [SessionImpl(1255883035<open>)] for JPA transaction
2026-03-16 16:59:51 [http-nio-8080-exec-3] DEBUG o.s.orm.jpa.JpaTransactionManager - Exposing JPA transaction as JDBC [org.springframework.orm.jpa.vendor.HibernateJpaDialect$HibernateConnectionHandle@302c2433]
2026-03-16 16:59:51 [http-nio-8080-exec-10] DEBUG org.hibernate.SQL - select m1_0.menu_no,m1_0.menu_dc,m1_0.menu_nm,m1_0.menu_ordr,m1_0.modern_route,m1_0.progrm_file_nm,m1_0.relate_image_nm,m1_0.relate_image_path,m1_0.route_updated_at,m1_0.upper_menu_no from nmenuinfo m1_0 order by m1_0.upper_menu_no,m1_0.menu_ordr
2026-03-16 16:59:51 [http-nio-8080-exec-3] DEBUG org.hibernate.SQL - select m1_0.menu_no,m1_0.menu_dc,m1_0.menu_nm,m1_0.menu_ordr,m1_0.modern_route,m1_0.progrm_file_nm,m1_0.relate_image_nm,m1_0.relate_image_path,m1_0.route_updated_at,m1_0.upper_menu_no from nmenuinfo m1_0 order by m1_0.upper_menu_no,m1_0.menu_ordr
2026-03-16 16:59:51 [http-nio-8080-exec-2] DEBUG o.s.orm.jpa.JpaTransactionManager - Found thread-bound EntityManager [SessionImpl(209601736<open>)] for JPA transaction
2026-03-16 16:59:51 [http-nio-8080-exec-2] DEBUG o.s.orm.jpa.JpaTransactionManager - Participating in existing transaction
2026-03-16 16:59:51 [http-nio-8080-exec-2] DEBUG org.hibernate.SQL - select p1_0.progrm_file_nm,p1_0.progrm_dc,p1_0.progrm_korean_nm,p1_0.progrm_stre_path,p1_0.url from nprogrmlist p1_0
2026-03-16 16:59:51 [http-nio-8080-exec-4] DEBUG o.s.orm.jpa.JpaTransactionManager - Found thread-bound EntityManager [SessionImpl(1389156927<open>)] for JPA transaction
2026-03-16 16:59:51 [http-nio-8080-exec-4] DEBUG o.s.orm.jpa.JpaTransactionManager - Participating in existing transaction
2026-03-16 16:59:51 [http-nio-8080-exec-4] DEBUG org.hibernate.SQL - select p1_0.progrm_file_nm,p1_0.progrm_dc,p1_0.progrm_korean_nm,p1_0.progrm_stre_path,p1_0.url from nprogrmlist p1_0
2026-03-16 16:59:51 [http-nio-8080-exec-7] DEBUG o.s.orm.jpa.JpaTransactionManager - Found thread-bound EntityManager [SessionImpl(1710032501<open>)] for JPA transaction
2026-03-16 16:59:51 [http-nio-8080-exec-7] DEBUG o.s.orm.jpa.JpaTransactionManager - Participating in existing transaction
2026-03-16 16:59:51 [http-nio-8080-exec-7] DEBUG org.hibernate.SQL - select p1_0.progrm_file_nm,p1_0.progrm_dc,p1_0.progrm_korean_nm,p1_0.progrm_stre_path,p1_0.url from nprogrmlist p1_0
2026-03-16 16:59:51 [http-nio-8080-exec-3] DEBUG o.s.orm.jpa.JpaTransactionManager - Found thread-bound EntityManager [SessionImpl(1255883035<open>)] for JPA transaction
2026-03-16 16:59:51 [http-nio-8080-exec-10] DEBUG o.s.orm.jpa.JpaTransactionManager - Found thread-bound EntityManager [SessionImpl(1650458381<open>)] for JPA transaction
2026-03-16 16:59:51 [http-nio-8080-exec-3] DEBUG o.s.orm.jpa.JpaTransactionManager - Participating in existing transaction
2026-03-16 16:59:51 [http-nio-8080-exec-10] DEBUG o.s.orm.jpa.JpaTransactionManager - Participating in existing transaction
2026-03-16 16:59:51 [http-nio-8080-exec-3] DEBUG org.hibernate.SQL - select p1_0.progrm_file_nm,p1_0.progrm_dc,p1_0.progrm_korean_nm,p1_0.progrm_stre_path,p1_0.url from nprogrmlist p1_0
2026-03-16 16:59:51 [http-nio-8080-exec-10] DEBUG org.hibernate.SQL - select p1_0.progrm_file_nm,p1_0.progrm_dc,p1_0.progrm_korean_nm,p1_0.progrm_stre_path,p1_0.url from nprogrmlist p1_0
2026-03-16 16:59:51 [http-nio-8080-exec-2] DEBUG o.s.orm.jpa.JpaTransactionManager - Initiating transaction commit
2026-03-16 16:59:51 [http-nio-8080-exec-2] DEBUG o.s.orm.jpa.JpaTransactionManager - Committing JPA transaction on EntityManager [SessionImpl(209601736<open>)]
2026-03-16 16:59:51 [http-nio-8080-exec-4] DEBUG o.s.orm.jpa.JpaTransactionManager - Initiating transaction commit
2026-03-16 16:59:51 [http-nio-8080-exec-4] DEBUG o.s.orm.jpa.JpaTransactionManager - Committing JPA transaction on EntityManager [SessionImpl(1389156927<open>)]
2026-03-16 16:59:51 [http-nio-8080-exec-7] DEBUG o.s.orm.jpa.JpaTransactionManager - Initiating transaction commit
2026-03-16 16:59:51 [http-nio-8080-exec-7] DEBUG o.s.orm.jpa.JpaTransactionManager - Committing JPA transaction on EntityManager [SessionImpl(1710032501<open>)]
2026-03-16 16:59:51 [http-nio-8080-exec-3] DEBUG o.s.orm.jpa.JpaTransactionManager - Initiating transaction commit
2026-03-16 16:59:51 [http-nio-8080-exec-3] DEBUG o.s.orm.jpa.JpaTransactionManager - Committing JPA transaction on EntityManager [SessionImpl(1255883035<open>)]
2026-03-16 16:59:51 [http-nio-8080-exec-10] DEBUG o.s.orm.jpa.JpaTransactionManager - Initiating transaction commit
2026-03-16 16:59:51 [http-nio-8080-exec-10] DEBUG o.s.orm.jpa.JpaTransactionManager - Committing JPA transaction on EntityManager [SessionImpl(1650458381<open>)]
2026-03-16 16:59:51 [http-nio-8080-exec-2] DEBUG o.s.orm.jpa.JpaTransactionManager - Closing JPA EntityManager [SessionImpl(209601736<open>)] after transaction
2026-03-16 16:59:51 [http-nio-8080-exec-2] INFO  c.c.p.a.c.menu.MenuController - getLeftMenu returned 3 items
2026-03-16 16:59:51 [http-nio-8080-exec-2] DEBUG o.s.w.s.m.m.a.HttpEntityMethodProcessor - Using 'application/json', given [application/json, text/plain, */*] and supported [application/json, application/*+json, application/yaml]
2026-03-16 16:59:51 [http-nio-8080-exec-2] TRACE o.s.w.s.m.m.a.HttpEntityMethodProcessor - Writing [ApiResponse[success=true, status=200, code=COMMON_001, message=Success, data={list=[com.company.project.service.menu.dto.MenuDto@46452026, com.company.project.service.menu.dto.MenuDto@72806594, com.company.project.service.menu.dto.MenuDto@65b9ded]}, timestamp=2026-03-16T16:59:51.912280300]]
2026-03-16 16:59:51 [http-nio-8080-exec-2] INFO  c.c.p.a.i.OperationalAuditInterceptor - API Audit Log: URL=/api/v1/menu/left, User=webmaster, IP=0:0:0:0:0:0:0:1
2026-03-16 16:59:51 [http-nio-8080-exec-2] DEBUG o.s.web.servlet.DispatcherServlet - Completed 200 OK
2026-03-16 16:59:51 [http-nio-8080-exec-4] DEBUG o.s.orm.jpa.JpaTransactionManager - Closing JPA EntityManager [SessionImpl(1389156927<open>)] after transaction
2026-03-16 16:59:51 [http-nio-8080-exec-4] INFO  c.c.p.a.c.menu.MenuController - getLeftMenu returned 3 items
2026-03-16 16:59:51 [http-nio-8080-exec-4] DEBUG o.s.w.s.m.m.a.HttpEntityMethodProcessor - Using 'application/json', given [application/json, text/plain, */*] and supported [application/json, application/*+json, application/yaml]
2026-03-16 16:59:51 [http-nio-8080-exec-4] TRACE o.s.w.s.m.m.a.HttpEntityMethodProcessor - Writing [ApiResponse[success=true, status=200, code=COMMON_001, message=Success, data={list=[com.company.project.service.menu.dto.MenuDto@21ffeb2, com.company.project.service.menu.dto.MenuDto@3564bd2d, com.company.project.service.menu.dto.MenuDto@15963eeb]}, timestamp=2026-03-16T16:59:51.918440600]]
2026-03-16 16:59:51 [http-nio-8080-exec-4] INFO  c.c.p.a.i.OperationalAuditInterceptor - API Audit Log: URL=/api/v1/menu/left, User=webmaster, IP=0:0:0:0:0:0:0:1
2026-03-16 16:59:51 [http-nio-8080-exec-4] DEBUG o.s.web.servlet.DispatcherServlet - Completed 200 OK
2026-03-16 16:59:51 [http-nio-8080-exec-7] DEBUG o.s.orm.jpa.JpaTransactionManager - Closing JPA EntityManager [SessionImpl(1710032501<open>)] after transaction
2026-03-16 16:59:51 [http-nio-8080-exec-3] DEBUG o.s.orm.jpa.JpaTransactionManager - Closing JPA EntityManager [SessionImpl(1255883035<open>)] after transaction
2026-03-16 16:59:51 [http-nio-8080-exec-7] INFO  c.c.p.a.c.menu.MenuController - getLeftMenu returned 2 items
2026-03-16 16:59:51 [http-nio-8080-exec-3] INFO  c.c.p.a.c.menu.MenuController - getLeftMenu returned 1 items
2026-03-16 16:59:51 [http-nio-8080-exec-7] DEBUG o.s.w.s.m.m.a.HttpEntityMethodProcessor - Using 'application/json', given [application/json, text/plain, */*] and supported [application/json, application/*+json, application/yaml]
2026-03-16 16:59:51 [http-nio-8080-exec-3] DEBUG o.s.w.s.m.m.a.HttpEntityMethodProcessor - Using 'application/json', given [application/json, text/plain, */*] and supported [application/json, application/*+json, application/yaml]
2026-03-16 16:59:51 [http-nio-8080-exec-7] TRACE o.s.w.s.m.m.a.HttpEntityMethodProcessor - Writing [ApiResponse[success=true, status=200, code=COMMON_001, message=Success, data={list=[com.company.project.service.menu.dto.MenuDto@6e5f3679, com.company.project.service.menu.dto.MenuDto@3ebf803f]}, timestamp=2026-03-16T16:59:51.943856100]]
2026-03-16 16:59:51 [http-nio-8080-exec-3] TRACE o.s.w.s.m.m.a.HttpEntityMethodProcessor - Writing [ApiResponse[success=true, status=200, code=COMMON_001, message=Success, data={list=[com.company.project.service.menu.dto.MenuDto@256801ec]}, timestamp=2026-03-16T16:59:51.943856100]]
2026-03-16 16:59:51 [http-nio-8080-exec-7] INFO  c.c.p.a.i.OperationalAuditInterceptor - API Audit Log: URL=/api/v1/menu/left, User=webmaster, IP=0:0:0:0:0:0:0:1
2026-03-16 16:59:51 [http-nio-8080-exec-3] INFO  c.c.p.a.i.OperationalAuditInterceptor - API Audit Log: URL=/api/v1/menu/left, User=webmaster, IP=0:0:0:0:0:0:0:1
2026-03-16 16:59:51 [http-nio-8080-exec-7] DEBUG o.s.web.servlet.DispatcherServlet - Completed 200 OK
2026-03-16 16:59:51 [http-nio-8080-exec-3] DEBUG o.s.web.servlet.DispatcherServlet - Completed 200 OK
2026-03-16 16:59:51 [http-nio-8080-exec-10] DEBUG o.s.orm.jpa.JpaTransactionManager - Closing JPA EntityManager [SessionImpl(1650458381<open>)] after transaction
2026-03-16 16:59:51 [http-nio-8080-exec-10] INFO  c.c.p.a.c.menu.MenuController - getLeftMenu returned 5 items
2026-03-16 16:59:51 [http-nio-8080-exec-10] DEBUG o.s.w.s.m.m.a.HttpEntityMethodProcessor - Using 'application/json', given [application/json, text/plain, */*] and supported [application/json, application/*+json, application/yaml]
2026-03-16 16:59:51 [http-nio-8080-exec-10] TRACE o.s.w.s.m.m.a.HttpEntityMethodProcessor - Writing [ApiResponse[success=true, status=200, code=COMMON_001, message=Success, data={list=[com.company.project.service.menu.dto.MenuDto@60f956e3, com.company.project.service.menu.dto.MenuDto@3278c483, com.company.project.service.menu.dto.MenuDto@59a64ef3, com.company.project.service.menu.dto.MenuDto@18b6b7b8, com.company.project.service.menu.dto.MenuDto@3252a403]}, timestamp=2026-03-16T16:59:51.946368400]]
2026-03-16 16:59:51 [http-nio-8080-exec-10] INFO  c.c.p.a.i.OperationalAuditInterceptor - API Audit Log: URL=/api/v1/menu/left, User=webmaster, IP=0:0:0:0:0:0:0:1
2026-03-16 16:59:51 [http-nio-8080-exec-10] DEBUG o.s.web.servlet.DispatcherServlet - Completed 200 OK
2026-03-16 16:59:52 [http-nio-8080-exec-5] DEBUG c.c.p.s.jwt.JwtAuthenticationFilter - >>> [JwtFilter] Processing request: GET /api/v1/menu/head
2026-03-16 16:59:52 [http-nio-8080-exec-9] DEBUG c.c.p.s.jwt.JwtAuthenticationFilter - >>> [JwtFilter] Processing request: GET /api/v1/menu/left
2026-03-16 16:59:52 [http-nio-8080-exec-6] DEBUG c.c.p.s.jwt.JwtAuthenticationFilter - >>> [JwtFilter] Processing request: GET /api/v1/auth/me
2026-03-16 16:59:52 [http-nio-8080-exec-5] DEBUG c.c.p.s.jwt.JwtAuthenticationFilter - >>> [JwtFilter] Found token in header for path: /api/v1/menu/head
2026-03-16 16:59:52 [http-nio-8080-exec-6] DEBUG c.c.p.s.jwt.JwtAuthenticationFilter - >>> [JwtFilter] Found token in header for path: /api/v1/auth/me
2026-03-16 16:59:52 [http-nio-8080-exec-9] DEBUG c.c.p.s.jwt.JwtAuthenticationFilter - >>> [JwtFilter] Found token in header for path: /api/v1/menu/left
2026-03-16 16:59:52 [http-nio-8080-exec-6] DEBUG o.s.orm.jpa.JpaTransactionManager - Creating new transaction with name [com.company.project.security.iam.CustomUserDetailsService.loadUserByUsername]: PROPAGATION_REQUIRED,ISOLATION_DEFAULT,readOnly
2026-03-16 16:59:52 [http-nio-8080-exec-5] DEBUG o.s.orm.jpa.JpaTransactionManager - Creating new transaction with name [com.company.project.security.iam.CustomUserDetailsService.loadUserByUsername]: PROPAGATION_REQUIRED,ISOLATION_DEFAULT,readOnly
2026-03-16 16:59:52 [http-nio-8080-exec-9] DEBUG o.s.orm.jpa.JpaTransactionManager - Creating new transaction with name [com.company.project.security.iam.CustomUserDetailsService.loadUserByUsername]: PROPAGATION_REQUIRED,ISOLATION_DEFAULT,readOnly
2026-03-16 16:59:52 [http-nio-8080-exec-6] DEBUG o.s.orm.jpa.JpaTransactionManager - Opened new EntityManager [SessionImpl(495075416<open>)] for JPA transaction
2026-03-16 16:59:52 [http-nio-8080-exec-9] DEBUG o.s.orm.jpa.JpaTransactionManager - Opened new EntityManager [SessionImpl(807928483<open>)] for JPA transaction
2026-03-16 16:59:52 [http-nio-8080-exec-5] DEBUG o.s.orm.jpa.JpaTransactionManager - Opened new EntityManager [SessionImpl(1995472610<open>)] for JPA transaction
2026-03-16 16:59:52 [http-nio-8080-exec-9] DEBUG o.s.orm.jpa.JpaTransactionManager - Exposing JPA transaction as JDBC [org.springframework.orm.jpa.vendor.HibernateJpaDialect$HibernateConnectionHandle@503012b1]
2026-03-16 16:59:52 [http-nio-8080-exec-9] DEBUG o.s.orm.jpa.JpaTransactionManager - Found thread-bound EntityManager [SessionImpl(807928483<open>)] for JPA transaction
2026-03-16 16:59:52 [http-nio-8080-exec-9] DEBUG o.s.orm.jpa.JpaTransactionManager - Participating in existing transaction
2026-03-16 16:59:52 [http-nio-8080-exec-9] DEBUG org.hibernate.SQL - select u1_0.emplyr_id,u1_0.area_no,u1_0.brthdy,u1_0.chg_pwd_cnt,u1_0.frst_register_id,u1_0.frst_regist_pnttm,u1_0.detail_adres,u1_0.email_adres,u1_0.emplyr_sttus_code,u1_0.empl_no,u1_0.esntl_id,u1_0.fxnum,u1_0.group_id,u1_0.house_adres,u1_0.house_end_telno,u1_0.house_middle_telno,u1_0.ihidnum,u1_0.pstinst_code,u1_0.last_updusr_id,u1_0.last_updt_pnttm,u1_0.lock_at,u1_0.lock_cnt,u1_0.lock_last_pnttm,u1_0.mbtlnum,u1_0.ofcps_nm,u1_0.offm_telno,u1_0.orgnzt_id,u1_0.password,u1_0.password_cnsr,u1_0.password_hint,u1_0.chg_pwd_last_pnttm,u1_0.role,u1_0.sbscrb_de,u1_0.sexdstn_code,u1_0.crtfc_dn_value,u1_0.user_nm,u1_0.zip from nemplyrinfo u1_0 where u1_0.emplyr_id=?
2026-03-16 16:59:52 [http-nio-8080-exec-5] DEBUG o.s.orm.jpa.JpaTransactionManager - Exposing JPA transaction as JDBC [org.springframework.orm.jpa.vendor.HibernateJpaDialect$HibernateConnectionHandle@2d8cdfc9]
2026-03-16 16:59:52 [http-nio-8080-exec-6] DEBUG o.s.orm.jpa.JpaTransactionManager - Exposing JPA transaction as JDBC [org.springframework.orm.jpa.vendor.HibernateJpaDialect$HibernateConnectionHandle@2b4d459]
2026-03-16 16:59:52 [http-nio-8080-exec-5] DEBUG o.s.orm.jpa.JpaTransactionManager - Found thread-bound EntityManager [SessionImpl(1995472610<open>)] for JPA transaction
2026-03-16 16:59:52 [http-nio-8080-exec-5] DEBUG o.s.orm.jpa.JpaTransactionManager - Participating in existing transaction
2026-03-16 16:59:52 [http-nio-8080-exec-6] DEBUG o.s.orm.jpa.JpaTransactionManager - Found thread-bound EntityManager [SessionImpl(495075416<open>)] for JPA transaction
2026-03-16 16:59:52 [http-nio-8080-exec-6] DEBUG o.s.orm.jpa.JpaTransactionManager - Participating in existing transaction
2026-03-16 16:59:52 [http-nio-8080-exec-5] DEBUG org.hibernate.SQL - select u1_0.emplyr_id,u1_0.area_no,u1_0.brthdy,u1_0.chg_pwd_cnt,u1_0.frst_register_id,u1_0.frst_regist_pnttm,u1_0.detail_adres,u1_0.email_adres,u1_0.emplyr_sttus_code,u1_0.empl_no,u1_0.esntl_id,u1_0.fxnum,u1_0.group_id,u1_0.house_adres,u1_0.house_end_telno,u1_0.house_middle_telno,u1_0.ihidnum,u1_0.pstinst_code,u1_0.last_updusr_id,u1_0.last_updt_pnttm,u1_0.lock_at,u1_0.lock_cnt,u1_0.lock_last_pnttm,u1_0.mbtlnum,u1_0.ofcps_nm,u1_0.offm_telno,u1_0.orgnzt_id,u1_0.password,u1_0.password_cnsr,u1_0.password_hint,u1_0.chg_pwd_last_pnttm,u1_0.role,u1_0.sbscrb_de,u1_0.sexdstn_code,u1_0.crtfc_dn_value,u1_0.user_nm,u1_0.zip from nemplyrinfo u1_0 where u1_0.emplyr_id=?
2026-03-16 16:59:52 [http-nio-8080-exec-6] DEBUG org.hibernate.SQL - select u1_0.emplyr_id,u1_0.area_no,u1_0.brthdy,u1_0.chg_pwd_cnt,u1_0.frst_register_id,u1_0.frst_regist_pnttm,u1_0.detail_adres,u1_0.email_adres,u1_0.emplyr_sttus_code,u1_0.empl_no,u1_0.esntl_id,u1_0.fxnum,u1_0.group_id,u1_0.house_adres,u1_0.house_end_telno,u1_0.house_middle_telno,u1_0.ihidnum,u1_0.pstinst_code,u1_0.last_updusr_id,u1_0.last_updt_pnttm,u1_0.lock_at,u1_0.lock_cnt,u1_0.lock_last_pnttm,u1_0.mbtlnum,u1_0.ofcps_nm,u1_0.offm_telno,u1_0.orgnzt_id,u1_0.password,u1_0.password_cnsr,u1_0.password_hint,u1_0.chg_pwd_last_pnttm,u1_0.role,u1_0.sbscrb_de,u1_0.sexdstn_code,u1_0.crtfc_dn_value,u1_0.user_nm,u1_0.zip from nemplyrinfo u1_0 where u1_0.emplyr_id=?
2026-03-16 16:59:52 [http-nio-8080-exec-9] DEBUG o.s.orm.jpa.JpaTransactionManager - Found thread-bound EntityManager [SessionImpl(807928483<open>)] for JPA transaction
2026-03-16 16:59:52 [http-nio-8080-exec-9] DEBUG o.s.orm.jpa.JpaTransactionManager - Participating in existing transaction
2026-03-16 16:59:52 [http-nio-8080-exec-9] DEBUG org.hibernate.SQL - select ua1_0.scrty_dtrmn_trget_id,ua1_0.author_code,ua1_0.frst_register_id,ua1_0.frst_regist_pnttm,ua1_0.last_updusr_id,ua1_0.last_updt_pnttm,ua1_0.mber_ty_code from nemplyrscrtyestbs ua1_0 where ua1_0.scrty_dtrmn_trget_id=?
2026-03-16 16:59:52 [http-nio-8080-exec-6] DEBUG o.s.orm.jpa.JpaTransactionManager - Found thread-bound EntityManager [SessionImpl(495075416<open>)] for JPA transaction
2026-03-16 16:59:52 [http-nio-8080-exec-6] DEBUG o.s.orm.jpa.JpaTransactionManager - Participating in existing transaction
2026-03-16 16:59:52 [http-nio-8080-exec-6] DEBUG org.hibernate.SQL - select ua1_0.scrty_dtrmn_trget_id,ua1_0.author_code,ua1_0.frst_register_id,ua1_0.frst_regist_pnttm,ua1_0.last_updusr_id,ua1_0.last_updt_pnttm,ua1_0.mber_ty_code from nemplyrscrtyestbs ua1_0 where ua1_0.scrty_dtrmn_trget_id=?
2026-03-16 16:59:52 [http-nio-8080-exec-5] DEBUG o.s.orm.jpa.JpaTransactionManager - Found thread-bound EntityManager [SessionImpl(1995472610<open>)] for JPA transaction
2026-03-16 16:59:52 [http-nio-8080-exec-5] DEBUG o.s.orm.jpa.JpaTransactionManager - Participating in existing transaction
2026-03-16 16:59:52 [http-nio-8080-exec-5] DEBUG org.hibernate.SQL - select ua1_0.scrty_dtrmn_trget_id,ua1_0.author_code,ua1_0.frst_register_id,ua1_0.frst_regist_pnttm,ua1_0.last_updusr_id,ua1_0.last_updt_pnttm,ua1_0.mber_ty_code from nemplyrscrtyestbs ua1_0 where ua1_0.scrty_dtrmn_trget_id=?
2026-03-16 16:59:53 [http-nio-8080-exec-9] DEBUG o.s.orm.jpa.JpaTransactionManager - Initiating transaction commit
2026-03-16 16:59:53 [http-nio-8080-exec-9] DEBUG o.s.orm.jpa.JpaTransactionManager - Committing JPA transaction on EntityManager [SessionImpl(807928483<open>)]
2026-03-16 16:59:53 [http-nio-8080-exec-5] DEBUG o.s.orm.jpa.JpaTransactionManager - Initiating transaction commit
2026-03-16 16:59:53 [http-nio-8080-exec-6] DEBUG o.s.orm.jpa.JpaTransactionManager - Initiating transaction commit
2026-03-16 16:59:53 [http-nio-8080-exec-5] DEBUG o.s.orm.jpa.JpaTransactionManager - Committing JPA transaction on EntityManager [SessionImpl(1995472610<open>)]
2026-03-16 16:59:53 [http-nio-8080-exec-6] DEBUG o.s.orm.jpa.JpaTransactionManager - Committing JPA transaction on EntityManager [SessionImpl(495075416<open>)]
2026-03-16 16:59:53 [http-nio-8080-exec-9] DEBUG o.s.orm.jpa.JpaTransactionManager - Closing JPA EntityManager [SessionImpl(807928483<open>)] after transaction
2026-03-16 16:59:53 [http-nio-8080-exec-9] DEBUG c.c.p.s.jwt.JwtAuthenticationFilter - >>> [JwtFilter] Successfully authenticated user: USRCNFRM_99999999999, Authorities: [ROLE_ADMIN]
2026-03-16 16:59:53 [http-nio-8080-exec-9] DEBUG o.s.web.servlet.DispatcherServlet - GET "/api/v1/menu/left?menuNo=10", parameters={masked}
2026-03-16 16:59:53 [http-nio-8080-exec-9] TRACE o.s.w.s.m.m.a.RequestMappingHandlerMapping - Mapped to com.company.project.api.controller.menu.MenuController#getLeftMenu(Long)
2026-03-16 16:59:53 [http-nio-8080-exec-9] INFO  c.c.p.a.c.menu.MenuController - getLeftMenu called with menuNo=10
2026-03-16 16:59:53 [http-nio-8080-exec-9] DEBUG o.s.orm.jpa.JpaTransactionManager - Creating new transaction with name [com.company.project.service.menu.MenuService.getSubMenus]: PROPAGATION_REQUIRED,ISOLATION_DEFAULT,readOnly
2026-03-16 16:59:53 [http-nio-8080-exec-9] DEBUG o.s.orm.jpa.JpaTransactionManager - Opened new EntityManager [SessionImpl(858483523<open>)] for JPA transaction
2026-03-16 16:59:53 [http-nio-8080-exec-9] DEBUG o.s.orm.jpa.JpaTransactionManager - Exposing JPA transaction as JDBC [org.springframework.orm.jpa.vendor.HibernateJpaDialect$HibernateConnectionHandle@56faa73b]
2026-03-16 16:59:53 [http-nio-8080-exec-9] DEBUG org.hibernate.SQL - select m1_0.menu_no,m1_0.menu_dc,m1_0.menu_nm,m1_0.menu_ordr,m1_0.modern_route,m1_0.progrm_file_nm,m1_0.relate_image_nm,m1_0.relate_image_path,m1_0.route_updated_at,m1_0.upper_menu_no from nmenuinfo m1_0 order by m1_0.upper_menu_no,m1_0.menu_ordr
2026-03-16 16:59:53 [http-nio-8080-exec-5] DEBUG o.s.orm.jpa.JpaTransactionManager - Closing JPA EntityManager [SessionImpl(1995472610<open>)] after transaction
2026-03-16 16:59:53 [http-nio-8080-exec-6] DEBUG o.s.orm.jpa.JpaTransactionManager - Closing JPA EntityManager [SessionImpl(495075416<open>)] after transaction
2026-03-16 16:59:53 [http-nio-8080-exec-5] DEBUG c.c.p.s.jwt.JwtAuthenticationFilter - >>> [JwtFilter] Successfully authenticated user: USRCNFRM_99999999999, Authorities: [ROLE_ADMIN]
2026-03-16 16:59:53 [http-nio-8080-exec-6] DEBUG c.c.p.s.jwt.JwtAuthenticationFilter - >>> [JwtFilter] Successfully authenticated user: USRCNFRM_99999999999, Authorities: [ROLE_ADMIN]
2026-03-16 16:59:53 [http-nio-8080-exec-5] DEBUG o.s.web.servlet.DispatcherServlet - GET "/api/v1/menu/head", parameters={}
2026-03-16 16:59:53 [http-nio-8080-exec-6] DEBUG o.s.web.servlet.DispatcherServlet - GET "/api/v1/auth/me", parameters={}
2026-03-16 16:59:53 [http-nio-8080-exec-5] TRACE o.s.w.s.m.m.a.RequestMappingHandlerMapping - Mapped to com.company.project.api.controller.menu.MenuController#getHeadMenu()
2026-03-16 16:59:53 [http-nio-8080-exec-6] TRACE o.s.w.s.m.m.a.RequestMappingHandlerMapping - Mapped to com.company.project.api.auth.AuthController#getCurrentUser()
2026-03-16 16:59:53 [http-nio-8080-exec-5] INFO  c.c.p.a.c.menu.MenuController - getHeadMenu called
2026-03-16 16:59:53 [http-nio-8080-exec-5] INFO  c.c.p.a.c.menu.MenuController - getHeadMenu returned 5 items
2026-03-16 16:59:53 [http-nio-8080-exec-6] DEBUG o.s.w.s.m.m.a.RequestResponseBodyMethodProcessor - Using 'application/json', given [application/json, text/plain, */*] and supported [application/json, application/*+json, application/yaml]
2026-03-16 16:59:53 [http-nio-8080-exec-6] TRACE o.s.w.s.m.m.a.RequestResponseBodyMethodProcessor - Writing [ApiResponse[success=true, status=200, code=COMMON_001, message=Success, data={role=ROLE_ADMIN, userSe=EMP, name=관리자, id=webmaster}, timestamp=2026-03-16T16:59:53.258306900]]
2026-03-16 16:59:53 [http-nio-8080-exec-5] DEBUG o.s.w.s.m.m.a.HttpEntityMethodProcessor - Using 'application/json', given [application/json, text/plain, */*] and supported [application/json, application/*+json, application/yaml]
2026-03-16 16:59:53 [http-nio-8080-exec-5] TRACE o.s.w.s.m.m.a.HttpEntityMethodProcessor - Writing [ApiResponse[success=true, status=200, code=COMMON_001, message=Success, data={list=[com.company.project.service.menu.dto.MenuDto@2b80d6b0, com.company.project.service.menu.dto.MenuDto@1418cfa3, com.company.project.service.menu.dto.MenuDto@f230bf1, com.company.project.service.menu.dto.MenuDto@734a7f6a, com.company.project.service.menu.dto.MenuDto@5e5202e5]}, timestamp=2026-03-16T16:59:53.258306900]]
2026-03-16 16:59:53 [http-nio-8080-exec-5] INFO  c.c.p.a.i.OperationalAuditInterceptor - API Audit Log: URL=/api/v1/menu/head, User=webmaster, IP=127.0.0.1
2026-03-16 16:59:53 [http-nio-8080-exec-6] INFO  c.c.p.a.i.OperationalAuditInterceptor - API Audit Log: URL=/api/v1/auth/me, User=webmaster, IP=127.0.0.1
2026-03-16 16:59:53 [http-nio-8080-exec-5] DEBUG o.s.web.servlet.DispatcherServlet - Completed 200 OK
2026-03-16 16:59:53 [http-nio-8080-exec-6] DEBUG o.s.web.servlet.DispatcherServlet - Completed 200 OK
2026-03-16 16:59:53 [http-nio-8080-exec-1] DEBUG o.s.web.servlet.DispatcherServlet - GET "/ws/info?t=1773647993276", parameters={masked}
2026-03-16 16:59:53 [http-nio-8080-exec-1] DEBUG o.s.w.s.s.s.WebSocketHandlerMapping - Mapped to org.springframework.web.socket.sockjs.support.SockJsHttpRequestHandler@3d80b7ba
2026-03-16 16:59:53 [http-nio-8080-exec-1] DEBUG o.s.w.s.s.t.h.DefaultSockJsService - Processing transport request: GET http://localhost:8080/ws/info?t=1773647993276
2026-03-16 16:59:53 [http-nio-8080-exec-1] DEBUG o.s.web.servlet.DispatcherServlet - Completed 200 OK
2026-03-16 16:59:53 [http-nio-8080-exec-2] DEBUG c.c.p.s.jwt.JwtAuthenticationFilter - >>> [JwtFilter] Processing request: GET /api/v1/notifications/unread-count
2026-03-16 16:59:53 [http-nio-8080-exec-8] DEBUG c.c.p.s.jwt.JwtAuthenticationFilter - >>> [JwtFilter] Processing request: GET /api/v1/notifications
2026-03-16 16:59:53 [http-nio-8080-exec-2] DEBUG c.c.p.s.jwt.JwtAuthenticationFilter - >>> [JwtFilter] Found token in header for path: /api/v1/notifications/unread-count
2026-03-16 16:59:53 [http-nio-8080-exec-8] DEBUG c.c.p.s.jwt.JwtAuthenticationFilter - >>> [JwtFilter] Found token in header for path: /api/v1/notifications
2026-03-16 16:59:53 [http-nio-8080-exec-8] DEBUG o.s.orm.jpa.JpaTransactionManager - Creating new transaction with name [com.company.project.security.iam.CustomUserDetailsService.loadUserByUsername]: PROPAGATION_REQUIRED,ISOLATION_DEFAULT,readOnly
2026-03-16 16:59:53 [http-nio-8080-exec-2] DEBUG o.s.orm.jpa.JpaTransactionManager - Creating new transaction with name [com.company.project.security.iam.CustomUserDetailsService.loadUserByUsername]: PROPAGATION_REQUIRED,ISOLATION_DEFAULT,readOnly
2026-03-16 16:59:53 [http-nio-8080-exec-8] DEBUG o.s.orm.jpa.JpaTransactionManager - Opened new EntityManager [SessionImpl(921800989<open>)] for JPA transaction
2026-03-16 16:59:53 [http-nio-8080-exec-2] DEBUG o.s.orm.jpa.JpaTransactionManager - Opened new EntityManager [SessionImpl(753178548<open>)] for JPA transaction
2026-03-16 16:59:53 [http-nio-8080-exec-4] DEBUG o.s.web.servlet.DispatcherServlet - GET "/ws/965/f2mrjgig/websocket", parameters={}
2026-03-16 16:59:53 [http-nio-8080-exec-4] DEBUG o.s.w.s.s.s.WebSocketHandlerMapping - Mapped to org.springframework.web.socket.sockjs.support.SockJsHttpRequestHandler@3d80b7ba
2026-03-16 16:59:53 [http-nio-8080-exec-4] DEBUG o.s.w.s.s.t.h.DefaultSockJsService - Processing transport request: GET http://localhost:8080/ws/965/f2mrjgig/websocket
2026-03-16 16:59:53 [http-nio-8080-exec-4] DEBUG o.s.web.servlet.DispatcherServlet - Completed 101 SWITCHING_PROTOCOLS
2026-03-16 16:59:53 [http-nio-8080-exec-4] DEBUG o.s.w.s.h.LoggingWebSocketHandlerDecorator - New WebSocketServerSockJsSession[id=f2mrjgig]
2026-03-16 16:59:53 [scheduling-1] DEBUG org.springframework.web.SimpLogging - Processing CONNECT session=f2mrjgig
2026-03-16 16:59:53 [scheduling-1] DEBUG org.springframework.web.SimpLogging - Processing SUBSCRIBE /topic/notices id=sub-0 session=f2mrjgig
2026-03-16 16:59:53 [scheduling-1] DEBUG org.springframework.web.SimpLogging - Processing SUBSCRIBE destination=/queue/notifications-userf2mrjgig subscriptionId=sub-1 session=f2mrjgig payload=byte[0]
2026-03-16 16:59:53 [scheduling-1] DEBUG org.springframework.web.SimpLogging - Processing SUBSCRIBE /topic/public id=sub-2 session=f2mrjgig
2026-03-16 16:59:53 [http-nio-8080-exec-2] DEBUG o.s.orm.jpa.JpaTransactionManager - Exposing JPA transaction as JDBC [org.springframework.orm.jpa.vendor.HibernateJpaDialect$HibernateConnectionHandle@434fc61e]
2026-03-16 16:59:53 [http-nio-8080-exec-2] DEBUG o.s.orm.jpa.JpaTransactionManager - Found thread-bound EntityManager [SessionImpl(753178548<open>)] for JPA transaction
2026-03-16 16:59:53 [http-nio-8080-exec-2] DEBUG o.s.orm.jpa.JpaTransactionManager - Participating in existing transaction
2026-03-16 16:59:53 [http-nio-8080-exec-2] DEBUG org.hibernate.SQL - select u1_0.emplyr_id,u1_0.area_no,u1_0.brthdy,u1_0.chg_pwd_cnt,u1_0.frst_register_id,u1_0.frst_regist_pnttm,u1_0.detail_adres,u1_0.email_adres,u1_0.emplyr_sttus_code,u1_0.empl_no,u1_0.esntl_id,u1_0.fxnum,u1_0.group_id,u1_0.house_adres,u1_0.house_end_telno,u1_0.house_middle_telno,u1_0.ihidnum,u1_0.pstinst_code,u1_0.last_updusr_id,u1_0.last_updt_pnttm,u1_0.lock_at,u1_0.lock_cnt,u1_0.lock_last_pnttm,u1_0.mbtlnum,u1_0.ofcps_nm,u1_0.offm_telno,u1_0.orgnzt_id,u1_0.password,u1_0.password_cnsr,u1_0.password_hint,u1_0.chg_pwd_last_pnttm,u1_0.role,u1_0.sbscrb_de,u1_0.sexdstn_code,u1_0.crtfc_dn_value,u1_0.user_nm,u1_0.zip from nemplyrinfo u1_0 where u1_0.emplyr_id=?
2026-03-16 16:59:53 [http-nio-8080-exec-8] DEBUG o.s.orm.jpa.JpaTransactionManager - Exposing JPA transaction as JDBC [org.springframework.orm.jpa.vendor.HibernateJpaDialect$HibernateConnectionHandle@28939e2d]
2026-03-16 16:59:53 [http-nio-8080-exec-8] DEBUG o.s.orm.jpa.JpaTransactionManager - Found thread-bound EntityManager [SessionImpl(921800989<open>)] for JPA transaction
2026-03-16 16:59:53 [http-nio-8080-exec-8] DEBUG o.s.orm.jpa.JpaTransactionManager - Participating in existing transaction
2026-03-16 16:59:53 [http-nio-8080-exec-8] DEBUG org.hibernate.SQL - select u1_0.emplyr_id,u1_0.area_no,u1_0.brthdy,u1_0.chg_pwd_cnt,u1_0.frst_register_id,u1_0.frst_regist_pnttm,u1_0.detail_adres,u1_0.email_adres,u1_0.emplyr_sttus_code,u1_0.empl_no,u1_0.esntl_id,u1_0.fxnum,u1_0.group_id,u1_0.house_adres,u1_0.house_end_telno,u1_0.house_middle_telno,u1_0.ihidnum,u1_0.pstinst_code,u1_0.last_updusr_id,u1_0.last_updt_pnttm,u1_0.lock_at,u1_0.lock_cnt,u1_0.lock_last_pnttm,u1_0.mbtlnum,u1_0.ofcps_nm,u1_0.offm_telno,u1_0.orgnzt_id,u1_0.password,u1_0.password_cnsr,u1_0.password_hint,u1_0.chg_pwd_last_pnttm,u1_0.role,u1_0.sbscrb_de,u1_0.sexdstn_code,u1_0.crtfc_dn_value,u1_0.user_nm,u1_0.zip from nemplyrinfo u1_0 where u1_0.emplyr_id=?
2026-03-16 16:59:53 [http-nio-8080-exec-9] DEBUG o.s.orm.jpa.JpaTransactionManager - Found thread-bound EntityManager [SessionImpl(858483523<open>)] for JPA transaction
2026-03-16 16:59:53 [http-nio-8080-exec-9] DEBUG o.s.orm.jpa.JpaTransactionManager - Participating in existing transaction
2026-03-16 16:59:53 [http-nio-8080-exec-9] DEBUG org.hibernate.SQL - select p1_0.progrm_file_nm,p1_0.progrm_dc,p1_0.progrm_korean_nm,p1_0.progrm_stre_path,p1_0.url from nprogrmlist p1_0
2026-03-16 16:59:53 [http-nio-8080-exec-2] DEBUG o.s.orm.jpa.JpaTransactionManager - Found thread-bound EntityManager [SessionImpl(753178548<open>)] for JPA transaction
2026-03-16 16:59:53 [http-nio-8080-exec-2] DEBUG o.s.orm.jpa.JpaTransactionManager - Participating in existing transaction
2026-03-16 16:59:53 [http-nio-8080-exec-2] DEBUG org.hibernate.SQL - select ua1_0.scrty_dtrmn_trget_id,ua1_0.author_code,ua1_0.frst_register_id,ua1_0.frst_regist_pnttm,ua1_0.last_updusr_id,ua1_0.last_updt_pnttm,ua1_0.mber_ty_code from nemplyrscrtyestbs ua1_0 where ua1_0.scrty_dtrmn_trget_id=?
2026-03-16 16:59:53 [http-nio-8080-exec-8] DEBUG o.s.orm.jpa.JpaTransactionManager - Found thread-bound EntityManager [SessionImpl(921800989<open>)] for JPA transaction
2026-03-16 16:59:53 [http-nio-8080-exec-8] DEBUG o.s.orm.jpa.JpaTransactionManager - Participating in existing transaction
2026-03-16 16:59:53 [http-nio-8080-exec-8] DEBUG org.hibernate.SQL - select ua1_0.scrty_dtrmn_trget_id,ua1_0.author_code,ua1_0.frst_register_id,ua1_0.frst_regist_pnttm,ua1_0.last_updusr_id,ua1_0.last_updt_pnttm,ua1_0.mber_ty_code from nemplyrscrtyestbs ua1_0 where ua1_0.scrty_dtrmn_trget_id=?
2026-03-16 16:59:53 [http-nio-8080-exec-9] DEBUG o.s.orm.jpa.JpaTransactionManager - Initiating transaction commit
2026-03-16 16:59:53 [http-nio-8080-exec-9] DEBUG o.s.orm.jpa.JpaTransactionManager - Committing JPA transaction on EntityManager [SessionImpl(858483523<open>)]
2026-03-16 16:59:53 [http-nio-8080-exec-2] DEBUG o.s.orm.jpa.JpaTransactionManager - Initiating transaction commit
2026-03-16 16:59:53 [http-nio-8080-exec-2] DEBUG o.s.orm.jpa.JpaTransactionManager - Committing JPA transaction on EntityManager [SessionImpl(753178548<open>)]
2026-03-16 16:59:53 [http-nio-8080-exec-8] DEBUG o.s.orm.jpa.JpaTransactionManager - Initiating transaction commit
2026-03-16 16:59:53 [http-nio-8080-exec-8] DEBUG o.s.orm.jpa.JpaTransactionManager - Committing JPA transaction on EntityManager [SessionImpl(921800989<open>)]
2026-03-16 16:59:53 [http-nio-8080-exec-9] DEBUG o.s.orm.jpa.JpaTransactionManager - Closing JPA EntityManager [SessionImpl(858483523<open>)] after transaction
2026-03-16 16:59:53 [http-nio-8080-exec-9] INFO  c.c.p.a.c.menu.MenuController - getLeftMenu returned 5 items
2026-03-16 16:59:53 [http-nio-8080-exec-9] DEBUG o.s.w.s.m.m.a.HttpEntityMethodProcessor - Using 'application/json', given [application/json, text/plain, */*] and supported [application/json, application/*+json, application/yaml]
2026-03-16 16:59:53 [http-nio-8080-exec-9] TRACE o.s.w.s.m.m.a.HttpEntityMethodProcessor - Writing [ApiResponse[success=true, status=200, code=COMMON_001, message=Success, data={list=[com.company.project.service.menu.dto.MenuDto@7cf6f38b, com.company.project.service.menu.dto.MenuDto@2333b24c, com.company.project.service.menu.dto.MenuDto@2108eef, com.company.project.service.menu.dto.MenuDto@2782e1f3, com.company.project.service.menu.dto.MenuDto@6ca32423]}, timestamp=2026-03-16T16:59:53.850024]]
2026-03-16 16:59:53 [http-nio-8080-exec-9] INFO  c.c.p.a.i.OperationalAuditInterceptor - API Audit Log: URL=/api/v1/menu/left, User=webmaster, IP=127.0.0.1
2026-03-16 16:59:53 [http-nio-8080-exec-9] DEBUG o.s.web.servlet.DispatcherServlet - Completed 200 OK
2026-03-16 16:59:53 [http-nio-8080-exec-5] DEBUG c.c.p.s.jwt.JwtAuthenticationFilter - >>> [JwtFilter] Processing request: GET /api/v1/menu/left
2026-03-16 16:59:53 [http-nio-8080-exec-5] DEBUG c.c.p.s.jwt.JwtAuthenticationFilter - >>> [JwtFilter] Found token in header for path: /api/v1/menu/left
2026-03-16 16:59:53 [http-nio-8080-exec-5] DEBUG o.s.orm.jpa.JpaTransactionManager - Creating new transaction with name [com.company.project.security.iam.CustomUserDetailsService.loadUserByUsername]: PROPAGATION_REQUIRED,ISOLATION_DEFAULT,readOnly
2026-03-16 16:59:53 [http-nio-8080-exec-5] DEBUG o.s.orm.jpa.JpaTransactionManager - Opened new EntityManager [SessionImpl(386723510<open>)] for JPA transaction
2026-03-16 16:59:53 [http-nio-8080-exec-2] DEBUG o.s.orm.jpa.JpaTransactionManager - Closing JPA EntityManager [SessionImpl(753178548<open>)] after transaction
2026-03-16 16:59:53 [http-nio-8080-exec-2] DEBUG c.c.p.s.jwt.JwtAuthenticationFilter - >>> [JwtFilter] Successfully authenticated user: USRCNFRM_99999999999, Authorities: [ROLE_ADMIN]
2026-03-16 16:59:53 [http-nio-8080-exec-2] DEBUG o.s.web.servlet.DispatcherServlet - GET "/api/v1/notifications/unread-count", parameters={}
2026-03-16 16:59:53 [http-nio-8080-exec-2] TRACE o.s.w.s.m.m.a.RequestMappingHandlerMapping - Mapped to com.company.project.api.controller.notification.NotificationController#getUnreadCount(UserDetails)
2026-03-16 16:59:53 [http-nio-8080-exec-2] DEBUG o.s.orm.jpa.JpaTransactionManager - Creating new transaction with name [com.company.project.service.notification.NotificationService.getUnreadCount]: PROPAGATION_REQUIRED,ISOLATION_DEFAULT,readOnly
2026-03-16 16:59:53 [http-nio-8080-exec-2] DEBUG o.s.orm.jpa.JpaTransactionManager - Opened new EntityManager [SessionImpl(2041429664<open>)] for JPA transaction
2026-03-16 16:59:53 [http-nio-8080-exec-2] DEBUG o.s.orm.jpa.JpaTransactionManager - Exposing JPA transaction as JDBC [org.springframework.orm.jpa.vendor.HibernateJpaDialect$HibernateConnectionHandle@5a57d6f6]
2026-03-16 16:59:53 [http-nio-8080-exec-2] DEBUG org.hibernate.SQL - select count(n1_0.ntcn_no) from n_user_notification n1_0 where n1_0.receiver_id=? and n1_0.is_read=?
2026-03-16 16:59:53 [http-nio-8080-exec-8] DEBUG o.s.orm.jpa.JpaTransactionManager - Closing JPA EntityManager [SessionImpl(921800989<open>)] after transaction
2026-03-16 16:59:53 [http-nio-8080-exec-8] DEBUG c.c.p.s.jwt.JwtAuthenticationFilter - >>> [JwtFilter] Successfully authenticated user: USRCNFRM_99999999999, Authorities: [ROLE_ADMIN]
2026-03-16 16:59:53 [http-nio-8080-exec-8] DEBUG o.s.web.servlet.DispatcherServlet - GET "/api/v1/notifications", parameters={}
2026-03-16 16:59:53 [http-nio-8080-exec-8] TRACE o.s.w.s.m.m.a.RequestMappingHandlerMapping - Mapped to com.company.project.api.controller.notification.NotificationController#getMyNotifications(UserDetails)
2026-03-16 16:59:53 [http-nio-8080-exec-8] DEBUG o.s.orm.jpa.JpaTransactionManager - Creating new transaction with name [com.company.project.service.notification.NotificationService.getActiveNotifications]: PROPAGATION_REQUIRED,ISOLATION_DEFAULT,readOnly
2026-03-16 16:59:53 [http-nio-8080-exec-8] DEBUG o.s.orm.jpa.JpaTransactionManager - Opened new EntityManager [SessionImpl(516556432<open>)] for JPA transaction
2026-03-16 16:59:53 [http-nio-8080-exec-8] DEBUG o.s.orm.jpa.JpaTransactionManager - Exposing JPA transaction as JDBC [org.springframework.orm.jpa.vendor.HibernateJpaDialect$HibernateConnectionHandle@37963e66]
2026-03-16 16:59:53 [http-nio-8080-exec-8] DEBUG o.s.orm.jpa.JpaTransactionManager - Found thread-bound EntityManager [SessionImpl(516556432<open>)] for JPA transaction
2026-03-16 16:59:53 [http-nio-8080-exec-8] DEBUG o.s.orm.jpa.JpaTransactionManager - Participating in existing transaction
2026-03-16 16:59:53 [http-nio-8080-exec-8] DEBUG org.hibernate.SQL - select n1_0.ntcn_no,n1_0.frst_register_id,n1_0.frst_regist_pnttm,n1_0.is_read,n1_0.last_updusr_id,n1_0.last_updt_pnttm,n1_0.link_url,n1_0.ntcn_cn,n1_0.ntcn_sj,n1_0.receiver_id from n_user_notification n1_0
2026-03-16 16:59:54 [http-nio-8080-exec-5] DEBUG o.s.orm.jpa.JpaTransactionManager - Exposing JPA transaction as JDBC [org.springframework.orm.jpa.vendor.HibernateJpaDialect$HibernateConnectionHandle@2b05e428]
2026-03-16 16:59:54 [http-nio-8080-exec-5] DEBUG o.s.orm.jpa.JpaTransactionManager - Found thread-bound EntityManager [SessionImpl(386723510<open>)] for JPA transaction
2026-03-16 16:59:54 [http-nio-8080-exec-5] DEBUG o.s.orm.jpa.JpaTransactionManager - Participating in existing transaction
2026-03-16 16:59:54 [http-nio-8080-exec-5] DEBUG org.hibernate.SQL - select u1_0.emplyr_id,u1_0.area_no,u1_0.brthdy,u1_0.chg_pwd_cnt,u1_0.frst_register_id,u1_0.frst_regist_pnttm,u1_0.detail_adres,u1_0.email_adres,u1_0.emplyr_sttus_code,u1_0.empl_no,u1_0.esntl_id,u1_0.fxnum,u1_0.group_id,u1_0.house_adres,u1_0.house_end_telno,u1_0.house_middle_telno,u1_0.ihidnum,u1_0.pstinst_code,u1_0.last_updusr_id,u1_0.last_updt_pnttm,u1_0.lock_at,u1_0.lock_cnt,u1_0.lock_last_pnttm,u1_0.mbtlnum,u1_0.ofcps_nm,u1_0.offm_telno,u1_0.orgnzt_id,u1_0.password,u1_0.password_cnsr,u1_0.password_hint,u1_0.chg_pwd_last_pnttm,u1_0.role,u1_0.sbscrb_de,u1_0.sexdstn_code,u1_0.crtfc_dn_value,u1_0.user_nm,u1_0.zip from nemplyrinfo u1_0 where u1_0.emplyr_id=?
2026-03-16 16:59:54 [http-nio-8080-exec-2] DEBUG o.s.orm.jpa.JpaTransactionManager - Initiating transaction commit
2026-03-16 16:59:54 [http-nio-8080-exec-2] DEBUG o.s.orm.jpa.JpaTransactionManager - Committing JPA transaction on EntityManager [SessionImpl(2041429664<open>)]
2026-03-16 16:59:54 [http-nio-8080-exec-8] DEBUG o.s.orm.jpa.JpaTransactionManager - Initiating transaction commit
2026-03-16 16:59:54 [http-nio-8080-exec-8] DEBUG o.s.orm.jpa.JpaTransactionManager - Committing JPA transaction on EntityManager [SessionImpl(516556432<open>)]
2026-03-16 16:59:54 [http-nio-8080-exec-5] DEBUG o.s.orm.jpa.JpaTransactionManager - Found thread-bound EntityManager [SessionImpl(386723510<open>)] for JPA transaction
2026-03-16 16:59:54 [http-nio-8080-exec-5] DEBUG o.s.orm.jpa.JpaTransactionManager - Participating in existing transaction
2026-03-16 16:59:54 [http-nio-8080-exec-5] DEBUG org.hibernate.SQL - select ua1_0.scrty_dtrmn_trget_id,ua1_0.author_code,ua1_0.frst_register_id,ua1_0.frst_regist_pnttm,ua1_0.last_updusr_id,ua1_0.last_updt_pnttm,ua1_0.mber_ty_code from nemplyrscrtyestbs ua1_0 where ua1_0.scrty_dtrmn_trget_id=?
2026-03-16 16:59:54 [http-nio-8080-exec-2] DEBUG o.s.orm.jpa.JpaTransactionManager - Closing JPA EntityManager [SessionImpl(2041429664<open>)] after transaction
2026-03-16 16:59:54 [http-nio-8080-exec-2] DEBUG o.s.w.s.m.m.a.HttpEntityMethodProcessor - Using 'application/json', given [application/json, text/plain, */*] and supported [application/json, application/*+json, application/yaml]
2026-03-16 16:59:54 [http-nio-8080-exec-2] TRACE o.s.w.s.m.m.a.HttpEntityMethodProcessor - Writing [ApiResponse[success=true, status=200, code=COMMON_001, message=Success, data=0, timestamp=2026-03-16T16:59:54.185849600]]
2026-03-16 16:59:54 [http-nio-8080-exec-2] INFO  c.c.p.a.i.OperationalAuditInterceptor - API Audit Log: URL=/api/v1/notifications/unread-count, User=webmaster, IP=127.0.0.1
2026-03-16 16:59:54 [http-nio-8080-exec-2] DEBUG o.s.web.servlet.DispatcherServlet - Completed 200 OK
2026-03-16 16:59:54 [http-nio-8080-exec-6] DEBUG c.c.p.s.jwt.JwtAuthenticationFilter - >>> [JwtFilter] Processing request: GET /api/v1/notifications/unread-count
2026-03-16 16:59:54 [http-nio-8080-exec-6] DEBUG c.c.p.s.jwt.JwtAuthenticationFilter - >>> [JwtFilter] Found token in header for path: /api/v1/notifications/unread-count
2026-03-16 16:59:54 [http-nio-8080-exec-6] DEBUG o.s.orm.jpa.JpaTransactionManager - Creating new transaction with name [com.company.project.security.iam.CustomUserDetailsService.loadUserByUsername]: PROPAGATION_REQUIRED,ISOLATION_DEFAULT,readOnly
2026-03-16 16:59:54 [http-nio-8080-exec-6] DEBUG o.s.orm.jpa.JpaTransactionManager - Opened new EntityManager [SessionImpl(1275707908<open>)] for JPA transaction
2026-03-16 16:59:54 [http-nio-8080-exec-8] DEBUG o.s.orm.jpa.JpaTransactionManager - Closing JPA EntityManager [SessionImpl(516556432<open>)] after transaction
2026-03-16 16:59:54 [http-nio-8080-exec-8] DEBUG o.s.w.s.m.m.a.HttpEntityMethodProcessor - Using 'application/json', given [application/json, text/plain, */*] and supported [application/json, application/*+json, application/yaml]
2026-03-16 16:59:54 [http-nio-8080-exec-8] TRACE o.s.w.s.m.m.a.HttpEntityMethodProcessor - Writing [ApiResponse[success=true, status=200, code=COMMON_001, message=Success, data=[NotificationDto(ntfcNo=NT001, ntfcSj=테스트 알림입니다, ntfcCn=알림 내용입니다, ntfcDate=null, ntfcTime=2026-02-25T00:59:33.784070, bhNtfcIntrvl=null, uniqId=null, frstRegisterId=null, frstRegisterPnttm=2026-02-25T00:59:33.784070, lastUpdusrId=null, lastUpdusrPnttm=null)], timestamp=2026-03-16T16:59:54.220640800]]
2026-03-16 16:59:54 [http-nio-8080-exec-8] INFO  c.c.p.a.i.OperationalAuditInterceptor - API Audit Log: URL=/api/v1/notifications, User=webmaster, IP=127.0.0.1
2026-03-16 16:59:54 [http-nio-8080-exec-8] DEBUG o.s.web.servlet.DispatcherServlet - Completed 200 OK
2026-03-16 16:59:54 [http-nio-8080-exec-1] DEBUG c.c.p.s.jwt.JwtAuthenticationFilter - >>> [JwtFilter] Processing request: GET /api/v1/notifications
2026-03-16 16:59:54 [http-nio-8080-exec-1] DEBUG c.c.p.s.jwt.JwtAuthenticationFilter - >>> [JwtFilter] Found token in header for path: /api/v1/notifications
2026-03-16 16:59:54 [http-nio-8080-exec-1] DEBUG o.s.orm.jpa.JpaTransactionManager - Creating new transaction with name [com.company.project.security.iam.CustomUserDetailsService.loadUserByUsername]: PROPAGATION_REQUIRED,ISOLATION_DEFAULT,readOnly
2026-03-16 16:59:54 [http-nio-8080-exec-1] DEBUG o.s.orm.jpa.JpaTransactionManager - Opened new EntityManager [SessionImpl(1969960820<open>)] for JPA transaction
2026-03-16 16:59:54 [http-nio-8080-exec-5] DEBUG o.s.orm.jpa.JpaTransactionManager - Initiating transaction commit
2026-03-16 16:59:54 [http-nio-8080-exec-5] DEBUG o.s.orm.jpa.JpaTransactionManager - Committing JPA transaction on EntityManager [SessionImpl(386723510<open>)]
2026-03-16 16:59:54 [http-nio-8080-exec-6] DEBUG o.s.orm.jpa.JpaTransactionManager - Exposing JPA transaction as JDBC [org.springframework.orm.jpa.vendor.HibernateJpaDialect$HibernateConnectionHandle@4237ecf7]
2026-03-16 16:59:54 [http-nio-8080-exec-6] DEBUG o.s.orm.jpa.JpaTransactionManager - Found thread-bound EntityManager [SessionImpl(1275707908<open>)] for JPA transaction
2026-03-16 16:59:54 [http-nio-8080-exec-6] DEBUG o.s.orm.jpa.JpaTransactionManager - Participating in existing transaction
2026-03-16 16:59:54 [http-nio-8080-exec-6] DEBUG org.hibernate.SQL - select u1_0.emplyr_id,u1_0.area_no,u1_0.brthdy,u1_0.chg_pwd_cnt,u1_0.frst_register_id,u1_0.frst_regist_pnttm,u1_0.detail_adres,u1_0.email_adres,u1_0.emplyr_sttus_code,u1_0.empl_no,u1_0.esntl_id,u1_0.fxnum,u1_0.group_id,u1_0.house_adres,u1_0.house_end_telno,u1_0.house_middle_telno,u1_0.ihidnum,u1_0.pstinst_code,u1_0.last_updusr_id,u1_0.last_updt_pnttm,u1_0.lock_at,u1_0.lock_cnt,u1_0.lock_last_pnttm,u1_0.mbtlnum,u1_0.ofcps_nm,u1_0.offm_telno,u1_0.orgnzt_id,u1_0.password,u1_0.password_cnsr,u1_0.password_hint,u1_0.chg_pwd_last_pnttm,u1_0.role,u1_0.sbscrb_de,u1_0.sexdstn_code,u1_0.crtfc_dn_value,u1_0.user_nm,u1_0.zip from nemplyrinfo u1_0 where u1_0.emplyr_id=?
2026-03-16 16:59:54 [http-nio-8080-exec-1] DEBUG o.s.orm.jpa.JpaTransactionManager - Exposing JPA transaction as JDBC [org.springframework.orm.jpa.vendor.HibernateJpaDialect$HibernateConnectionHandle@558b5cba]
2026-03-16 16:59:54 [http-nio-8080-exec-1] DEBUG o.s.orm.jpa.JpaTransactionManager - Found thread-bound EntityManager [SessionImpl(1969960820<open>)] for JPA transaction
2026-03-16 16:59:54 [http-nio-8080-exec-1] DEBUG o.s.orm.jpa.JpaTransactionManager - Participating in existing transaction
2026-03-16 16:59:54 [http-nio-8080-exec-1] DEBUG org.hibernate.SQL - select u1_0.emplyr_id,u1_0.area_no,u1_0.brthdy,u1_0.chg_pwd_cnt,u1_0.frst_register_id,u1_0.frst_regist_pnttm,u1_0.detail_adres,u1_0.email_adres,u1_0.emplyr_sttus_code,u1_0.empl_no,u1_0.esntl_id,u1_0.fxnum,u1_0.group_id,u1_0.house_adres,u1_0.house_end_telno,u1_0.house_middle_telno,u1_0.ihidnum,u1_0.pstinst_code,u1_0.last_updusr_id,u1_0.last_updt_pnttm,u1_0.lock_at,u1_0.lock_cnt,u1_0.lock_last_pnttm,u1_0.mbtlnum,u1_0.ofcps_nm,u1_0.offm_telno,u1_0.orgnzt_id,u1_0.password,u1_0.password_cnsr,u1_0.password_hint,u1_0.chg_pwd_last_pnttm,u1_0.role,u1_0.sbscrb_de,u1_0.sexdstn_code,u1_0.crtfc_dn_value,u1_0.user_nm,u1_0.zip from nemplyrinfo u1_0 where u1_0.emplyr_id=?
2026-03-16 16:59:54 [http-nio-8080-exec-5] DEBUG o.s.orm.jpa.JpaTransactionManager - Closing JPA EntityManager [SessionImpl(386723510<open>)] after transaction
2026-03-16 16:59:54 [http-nio-8080-exec-5] DEBUG c.c.p.s.jwt.JwtAuthenticationFilter - >>> [JwtFilter] Successfully authenticated user: USRCNFRM_99999999999, Authorities: [ROLE_ADMIN]
2026-03-16 16:59:54 [http-nio-8080-exec-5] DEBUG o.s.web.servlet.DispatcherServlet - GET "/api/v1/menu/left?menuNo=20", parameters={masked}
2026-03-16 16:59:54 [http-nio-8080-exec-5] TRACE o.s.w.s.m.m.a.RequestMappingHandlerMapping - Mapped to com.company.project.api.controller.menu.MenuController#getLeftMenu(Long)
2026-03-16 16:59:54 [http-nio-8080-exec-5] INFO  c.c.p.a.c.menu.MenuController - getLeftMenu called with menuNo=20
2026-03-16 16:59:54 [http-nio-8080-exec-5] DEBUG o.s.orm.jpa.JpaTransactionManager - Creating new transaction with name [com.company.project.service.menu.MenuService.getSubMenus]: PROPAGATION_REQUIRED,ISOLATION_DEFAULT,readOnly
2026-03-16 16:59:54 [http-nio-8080-exec-5] DEBUG o.s.orm.jpa.JpaTransactionManager - Opened new EntityManager [SessionImpl(984896158<open>)] for JPA transaction
2026-03-16 16:59:54 [http-nio-8080-exec-5] DEBUG o.s.orm.jpa.JpaTransactionManager - Exposing JPA transaction as JDBC [org.springframework.orm.jpa.vendor.HibernateJpaDialect$HibernateConnectionHandle@77cf5a62]
2026-03-16 16:59:54 [http-nio-8080-exec-5] DEBUG org.hibernate.SQL - select m1_0.menu_no,m1_0.menu_dc,m1_0.menu_nm,m1_0.menu_ordr,m1_0.modern_route,m1_0.progrm_file_nm,m1_0.relate_image_nm,m1_0.relate_image_path,m1_0.route_updated_at,m1_0.upper_menu_no from nmenuinfo m1_0 order by m1_0.upper_menu_no,m1_0.menu_ordr
2026-03-16 16:59:54 [http-nio-8080-exec-6] DEBUG o.s.orm.jpa.JpaTransactionManager - Found thread-bound EntityManager [SessionImpl(1275707908<open>)] for JPA transaction
2026-03-16 16:59:54 [http-nio-8080-exec-6] DEBUG o.s.orm.jpa.JpaTransactionManager - Participating in existing transaction
2026-03-16 16:59:54 [http-nio-8080-exec-6] DEBUG org.hibernate.SQL - select ua1_0.scrty_dtrmn_trget_id,ua1_0.author_code,ua1_0.frst_register_id,ua1_0.frst_regist_pnttm,ua1_0.last_updusr_id,ua1_0.last_updt_pnttm,ua1_0.mber_ty_code from nemplyrscrtyestbs ua1_0 where ua1_0.scrty_dtrmn_trget_id=?
2026-03-16 16:59:54 [http-nio-8080-exec-1] DEBUG o.s.orm.jpa.JpaTransactionManager - Found thread-bound EntityManager [SessionImpl(1969960820<open>)] for JPA transaction
2026-03-16 16:59:54 [http-nio-8080-exec-1] DEBUG o.s.orm.jpa.JpaTransactionManager - Participating in existing transaction
2026-03-16 16:59:54 [http-nio-8080-exec-1] DEBUG org.hibernate.SQL - select ua1_0.scrty_dtrmn_trget_id,ua1_0.author_code,ua1_0.frst_register_id,ua1_0.frst_regist_pnttm,ua1_0.last_updusr_id,ua1_0.last_updt_pnttm,ua1_0.mber_ty_code from nemplyrscrtyestbs ua1_0 where ua1_0.scrty_dtrmn_trget_id=?
2026-03-16 16:59:54 [http-nio-8080-exec-6] DEBUG o.s.orm.jpa.JpaTransactionManager - Initiating transaction commit
2026-03-16 16:59:54 [http-nio-8080-exec-6] DEBUG o.s.orm.jpa.JpaTransactionManager - Committing JPA transaction on EntityManager [SessionImpl(1275707908<open>)]
2026-03-16 16:59:54 [http-nio-8080-exec-1] DEBUG o.s.orm.jpa.JpaTransactionManager - Initiating transaction commit
2026-03-16 16:59:54 [http-nio-8080-exec-1] DEBUG o.s.orm.jpa.JpaTransactionManager - Committing JPA transaction on EntityManager [SessionImpl(1969960820<open>)]
2026-03-16 16:59:54 [http-nio-8080-exec-6] DEBUG o.s.orm.jpa.JpaTransactionManager - Closing JPA EntityManager [SessionImpl(1275707908<open>)] after transaction
2026-03-16 16:59:54 [http-nio-8080-exec-6] DEBUG c.c.p.s.jwt.JwtAuthenticationFilter - >>> [JwtFilter] Successfully authenticated user: USRCNFRM_99999999999, Authorities: [ROLE_ADMIN]
2026-03-16 16:59:54 [http-nio-8080-exec-6] DEBUG o.s.web.servlet.DispatcherServlet - GET "/api/v1/notifications/unread-count", parameters={}
2026-03-16 16:59:54 [http-nio-8080-exec-6] TRACE o.s.w.s.m.m.a.RequestMappingHandlerMapping - Mapped to com.company.project.api.controller.notification.NotificationController#getUnreadCount(UserDetails)
2026-03-16 16:59:54 [http-nio-8080-exec-6] DEBUG o.s.orm.jpa.JpaTransactionManager - Creating new transaction with name [com.company.project.service.notification.NotificationService.getUnreadCount]: PROPAGATION_REQUIRED,ISOLATION_DEFAULT,readOnly
2026-03-16 16:59:54 [http-nio-8080-exec-6] DEBUG o.s.orm.jpa.JpaTransactionManager - Opened new EntityManager [SessionImpl(1884899589<open>)] for JPA transaction
2026-03-16 16:59:54 [http-nio-8080-exec-6] DEBUG o.s.orm.jpa.JpaTransactionManager - Exposing JPA transaction as JDBC [org.springframework.orm.jpa.vendor.HibernateJpaDialect$HibernateConnectionHandle@4f28cc5b]
2026-03-16 16:59:54 [http-nio-8080-exec-6] DEBUG org.hibernate.SQL - select count(n1_0.ntcn_no) from n_user_notification n1_0 where n1_0.receiver_id=? and n1_0.is_read=?
2026-03-16 16:59:54 [http-nio-8080-exec-1] DEBUG o.s.orm.jpa.JpaTransactionManager - Closing JPA EntityManager [SessionImpl(1969960820<open>)] after transaction
2026-03-16 16:59:54 [http-nio-8080-exec-1] DEBUG c.c.p.s.jwt.JwtAuthenticationFilter - >>> [JwtFilter] Successfully authenticated user: USRCNFRM_99999999999, Authorities: [ROLE_ADMIN]
2026-03-16 16:59:54 [http-nio-8080-exec-1] DEBUG o.s.web.servlet.DispatcherServlet - GET "/api/v1/notifications", parameters={}
2026-03-16 16:59:54 [http-nio-8080-exec-1] TRACE o.s.w.s.m.m.a.RequestMappingHandlerMapping - Mapped to com.company.project.api.controller.notification.NotificationController#getMyNotifications(UserDetails)
2026-03-16 16:59:54 [http-nio-8080-exec-1] DEBUG o.s.orm.jpa.JpaTransactionManager - Creating new transaction with name [com.company.project.service.notification.NotificationService.getActiveNotifications]: PROPAGATION_REQUIRED,ISOLATION_DEFAULT,readOnly
2026-03-16 16:59:54 [http-nio-8080-exec-1] DEBUG o.s.orm.jpa.JpaTransactionManager - Opened new EntityManager [SessionImpl(1797035920<open>)] for JPA transaction
2026-03-16 16:59:54 [http-nio-8080-exec-1] DEBUG o.s.orm.jpa.JpaTransactionManager - Exposing JPA transaction as JDBC [org.springframework.orm.jpa.vendor.HibernateJpaDialect$HibernateConnectionHandle@2009b7a3]
2026-03-16 16:59:54 [http-nio-8080-exec-1] DEBUG o.s.orm.jpa.JpaTransactionManager - Found thread-bound EntityManager [SessionImpl(1797035920<open>)] for JPA transaction
2026-03-16 16:59:54 [http-nio-8080-exec-1] DEBUG o.s.orm.jpa.JpaTransactionManager - Participating in existing transaction
2026-03-16 16:59:54 [http-nio-8080-exec-1] DEBUG org.hibernate.SQL - select n1_0.ntcn_no,n1_0.frst_register_id,n1_0.frst_regist_pnttm,n1_0.is_read,n1_0.last_updusr_id,n1_0.last_updt_pnttm,n1_0.link_url,n1_0.ntcn_cn,n1_0.ntcn_sj,n1_0.receiver_id from n_user_notification n1_0
2026-03-16 16:59:55 [http-nio-8080-exec-6] DEBUG o.s.orm.jpa.JpaTransactionManager - Initiating transaction commit
2026-03-16 16:59:55 [http-nio-8080-exec-6] DEBUG o.s.orm.jpa.JpaTransactionManager - Committing JPA transaction on EntityManager [SessionImpl(1884899589<open>)]
2026-03-16 16:59:55 [http-nio-8080-exec-1] DEBUG o.s.orm.jpa.JpaTransactionManager - Initiating transaction commit
2026-03-16 16:59:55 [http-nio-8080-exec-1] DEBUG o.s.orm.jpa.JpaTransactionManager - Committing JPA transaction on EntityManager [SessionImpl(1797035920<open>)]
2026-03-16 16:59:55 [http-nio-8080-exec-6] DEBUG o.s.orm.jpa.JpaTransactionManager - Closing JPA EntityManager [SessionImpl(1884899589<open>)] after transaction
2026-03-16 16:59:55 [http-nio-8080-exec-6] DEBUG o.s.w.s.m.m.a.HttpEntityMethodProcessor - Using 'application/json', given [application/json, text/plain, */*] and supported [application/json, application/*+json, application/yaml]
2026-03-16 16:59:55 [http-nio-8080-exec-6] TRACE o.s.w.s.m.m.a.HttpEntityMethodProcessor - Writing [ApiResponse[success=true, status=200, code=COMMON_001, message=Success, data=0, timestamp=2026-03-16T16:59:55.166206500]]
2026-03-16 16:59:55 [http-nio-8080-exec-6] INFO  c.c.p.a.i.OperationalAuditInterceptor - API Audit Log: URL=/api/v1/notifications/unread-count, User=webmaster, IP=127.0.0.1
2026-03-16 16:59:55 [http-nio-8080-exec-6] DEBUG o.s.web.servlet.DispatcherServlet - Completed 200 OK
2026-03-16 16:59:55 [http-nio-8080-exec-1] DEBUG o.s.orm.jpa.JpaTransactionManager - Closing JPA EntityManager [SessionImpl(1797035920<open>)] after transaction
2026-03-16 16:59:55 [http-nio-8080-exec-1] DEBUG o.s.w.s.m.m.a.HttpEntityMethodProcessor - Using 'application/json', given [application/json, text/plain, */*] and supported [application/json, application/*+json, application/yaml]
2026-03-16 16:59:55 [http-nio-8080-exec-1] TRACE o.s.w.s.m.m.a.HttpEntityMethodProcessor - Writing [ApiResponse[success=true, status=200, code=COMMON_001, message=Success, data=[NotificationDto(ntfcNo=NT001, ntfcSj=테스트 알림입니다, ntfcCn=알림 내용입니다, ntfcDate=null, ntfcTime=2026-02-25T00:59:33.784070, bhNtfcIntrvl=null, uniqId=null, frstRegisterId=null, frstRegisterPnttm=2026-02-25T00:59:33.784070, lastUpdusrId=null, lastUpdusrPnttm=null)], timestamp=2026-03-16T16:59:55.173719800]]
2026-03-16 16:59:55 [http-nio-8080-exec-1] INFO  c.c.p.a.i.OperationalAuditInterceptor - API Audit Log: URL=/api/v1/notifications, User=webmaster, IP=127.0.0.1
2026-03-16 16:59:55 [http-nio-8080-exec-1] DEBUG o.s.web.servlet.DispatcherServlet - Completed 200 OK
2026-03-16 16:59:55 [http-nio-8080-exec-5] DEBUG o.s.orm.jpa.JpaTransactionManager - Found thread-bound EntityManager [SessionImpl(984896158<open>)] for JPA transaction
2026-03-16 16:59:55 [http-nio-8080-exec-5] DEBUG o.s.orm.jpa.JpaTransactionManager - Participating in existing transaction
2026-03-16 16:59:55 [http-nio-8080-exec-5] DEBUG org.hibernate.SQL - select p1_0.progrm_file_nm,p1_0.progrm_dc,p1_0.progrm_korean_nm,p1_0.progrm_stre_path,p1_0.url from nprogrmlist p1_0
2026-03-16 16:59:55 [http-nio-8080-exec-5] DEBUG o.s.orm.jpa.JpaTransactionManager - Initiating transaction commit
2026-03-16 16:59:55 [http-nio-8080-exec-5] DEBUG o.s.orm.jpa.JpaTransactionManager - Committing JPA transaction on EntityManager [SessionImpl(984896158<open>)]
2026-03-16 16:59:55 [http-nio-8080-exec-5] DEBUG o.s.orm.jpa.JpaTransactionManager - Closing JPA EntityManager [SessionImpl(984896158<open>)] after transaction
2026-03-16 16:59:55 [http-nio-8080-exec-5] INFO  c.c.p.a.c.menu.MenuController - getLeftMenu returned 3 items
2026-03-16 16:59:55 [http-nio-8080-exec-5] DEBUG o.s.w.s.m.m.a.HttpEntityMethodProcessor - Using 'application/json', given [application/json, text/plain, */*] and supported [application/json, application/*+json, application/yaml]
2026-03-16 16:59:55 [http-nio-8080-exec-5] TRACE o.s.w.s.m.m.a.HttpEntityMethodProcessor - Writing [ApiResponse[success=true, status=200, code=COMMON_001, message=Success, data={list=[com.company.project.service.menu.dto.MenuDto@741a4f12, com.company.project.service.menu.dto.MenuDto@7ba43215, com.company.project.service.menu.dto.MenuDto@69e85f8d]}, timestamp=2026-03-16T16:59:55.510990600]]
2026-03-16 16:59:55 [http-nio-8080-exec-5] INFO  c.c.p.a.i.OperationalAuditInterceptor - API Audit Log: URL=/api/v1/menu/left, User=webmaster, IP=127.0.0.1
2026-03-16 16:59:55 [http-nio-8080-exec-5] DEBUG o.s.web.servlet.DispatcherServlet - Completed 200 OK
2026-03-16 16:59:55 [http-nio-8080-exec-4] DEBUG c.c.p.s.jwt.JwtAuthenticationFilter - >>> [JwtFilter] Processing request: GET /api/v1/menu/left
2026-03-16 16:59:55 [http-nio-8080-exec-4] DEBUG c.c.p.s.jwt.JwtAuthenticationFilter - >>> [JwtFilter] Found token in header for path: /api/v1/menu/left
2026-03-16 16:59:55 [http-nio-8080-exec-4] DEBUG o.s.orm.jpa.JpaTransactionManager - Creating new transaction with name [com.company.project.security.iam.CustomUserDetailsService.loadUserByUsername]: PROPAGATION_REQUIRED,ISOLATION_DEFAULT,readOnly
2026-03-16 16:59:55 [http-nio-8080-exec-4] DEBUG o.s.orm.jpa.JpaTransactionManager - Opened new EntityManager [SessionImpl(1554439062<open>)] for JPA transaction
2026-03-16 16:59:55 [http-nio-8080-exec-4] DEBUG o.s.orm.jpa.JpaTransactionManager - Exposing JPA transaction as JDBC [org.springframework.orm.jpa.vendor.HibernateJpaDialect$HibernateConnectionHandle@5c7a05dd]
2026-03-16 16:59:55 [http-nio-8080-exec-4] DEBUG o.s.orm.jpa.JpaTransactionManager - Found thread-bound EntityManager [SessionImpl(1554439062<open>)] for JPA transaction
2026-03-16 16:59:55 [http-nio-8080-exec-4] DEBUG o.s.orm.jpa.JpaTransactionManager - Participating in existing transaction
2026-03-16 16:59:55 [http-nio-8080-exec-4] DEBUG org.hibernate.SQL - select u1_0.emplyr_id,u1_0.area_no,u1_0.brthdy,u1_0.chg_pwd_cnt,u1_0.frst_register_id,u1_0.frst_regist_pnttm,u1_0.detail_adres,u1_0.email_adres,u1_0.emplyr_sttus_code,u1_0.empl_no,u1_0.esntl_id,u1_0.fxnum,u1_0.group_id,u1_0.house_adres,u1_0.house_end_telno,u1_0.house_middle_telno,u1_0.ihidnum,u1_0.pstinst_code,u1_0.last_updusr_id,u1_0.last_updt_pnttm,u1_0.lock_at,u1_0.lock_cnt,u1_0.lock_last_pnttm,u1_0.mbtlnum,u1_0.ofcps_nm,u1_0.offm_telno,u1_0.orgnzt_id,u1_0.password,u1_0.password_cnsr,u1_0.password_hint,u1_0.chg_pwd_last_pnttm,u1_0.role,u1_0.sbscrb_de,u1_0.sexdstn_code,u1_0.crtfc_dn_value,u1_0.user_nm,u1_0.zip from nemplyrinfo u1_0 where u1_0.emplyr_id=?
2026-03-16 16:59:55 [http-nio-8080-exec-4] DEBUG o.s.orm.jpa.JpaTransactionManager - Found thread-bound EntityManager [SessionImpl(1554439062<open>)] for JPA transaction
2026-03-16 16:59:55 [http-nio-8080-exec-4] DEBUG o.s.orm.jpa.JpaTransactionManager - Participating in existing transaction
2026-03-16 16:59:55 [http-nio-8080-exec-4] DEBUG org.hibernate.SQL - select ua1_0.scrty_dtrmn_trget_id,ua1_0.author_code,ua1_0.frst_register_id,ua1_0.frst_regist_pnttm,ua1_0.last_updusr_id,ua1_0.last_updt_pnttm,ua1_0.mber_ty_code from nemplyrscrtyestbs ua1_0 where ua1_0.scrty_dtrmn_trget_id=?
2026-03-16 16:59:56 [http-nio-8080-exec-4] DEBUG o.s.orm.jpa.JpaTransactionManager - Initiating transaction commit
2026-03-16 16:59:56 [http-nio-8080-exec-4] DEBUG o.s.orm.jpa.JpaTransactionManager - Committing JPA transaction on EntityManager [SessionImpl(1554439062<open>)]
2026-03-16 16:59:56 [http-nio-8080-exec-4] DEBUG o.s.orm.jpa.JpaTransactionManager - Closing JPA EntityManager [SessionImpl(1554439062<open>)] after transaction
2026-03-16 16:59:56 [http-nio-8080-exec-4] DEBUG c.c.p.s.jwt.JwtAuthenticationFilter - >>> [JwtFilter] Successfully authenticated user: USRCNFRM_99999999999, Authorities: [ROLE_ADMIN]
2026-03-16 16:59:56 [http-nio-8080-exec-4] DEBUG o.s.web.servlet.DispatcherServlet - GET "/api/v1/menu/left?menuNo=40", parameters={masked}
2026-03-16 16:59:56 [http-nio-8080-exec-4] TRACE o.s.w.s.m.m.a.RequestMappingHandlerMapping - Mapped to com.company.project.api.controller.menu.MenuController#getLeftMenu(Long)
2026-03-16 16:59:56 [http-nio-8080-exec-4] INFO  c.c.p.a.c.menu.MenuController - getLeftMenu called with menuNo=40
2026-03-16 16:59:56 [http-nio-8080-exec-4] DEBUG o.s.orm.jpa.JpaTransactionManager - Creating new transaction with name [com.company.project.service.menu.MenuService.getSubMenus]: PROPAGATION_REQUIRED,ISOLATION_DEFAULT,readOnly
2026-03-16 16:59:56 [http-nio-8080-exec-4] DEBUG o.s.orm.jpa.JpaTransactionManager - Opened new EntityManager [SessionImpl(974586013<open>)] for JPA transaction
2026-03-16 16:59:56 [http-nio-8080-exec-4] DEBUG o.s.orm.jpa.JpaTransactionManager - Exposing JPA transaction as JDBC [org.springframework.orm.jpa.vendor.HibernateJpaDialect$HibernateConnectionHandle@747f6866]
2026-03-16 16:59:56 [http-nio-8080-exec-4] DEBUG org.hibernate.SQL - select m1_0.menu_no,m1_0.menu_dc,m1_0.menu_nm,m1_0.menu_ordr,m1_0.modern_route,m1_0.progrm_file_nm,m1_0.relate_image_nm,m1_0.relate_image_path,m1_0.route_updated_at,m1_0.upper_menu_no from nmenuinfo m1_0 order by m1_0.upper_menu_no,m1_0.menu_ordr
2026-03-16 16:59:56 [http-nio-8080-exec-4] DEBUG o.s.orm.jpa.JpaTransactionManager - Found thread-bound EntityManager [SessionImpl(974586013<open>)] for JPA transaction
2026-03-16 16:59:56 [http-nio-8080-exec-4] DEBUG o.s.orm.jpa.JpaTransactionManager - Participating in existing transaction
2026-03-16 16:59:56 [http-nio-8080-exec-4] DEBUG org.hibernate.SQL - select p1_0.progrm_file_nm,p1_0.progrm_dc,p1_0.progrm_korean_nm,p1_0.progrm_stre_path,p1_0.url from nprogrmlist p1_0
2026-03-16 16:59:56 [MessageBroker-4] DEBUG o.s.w.s.s.t.h.DefaultSockJsService - Closed 1 sessions: [yqqvzocy]
2026-03-16 16:59:56 [http-nio-8080-exec-4] DEBUG o.s.orm.jpa.JpaTransactionManager - Initiating transaction commit
2026-03-16 16:59:56 [http-nio-8080-exec-4] DEBUG o.s.orm.jpa.JpaTransactionManager - Committing JPA transaction on EntityManager [SessionImpl(974586013<open>)]
2026-03-16 16:59:56 [http-nio-8080-exec-4] DEBUG o.s.orm.jpa.JpaTransactionManager - Closing JPA EntityManager [SessionImpl(974586013<open>)] after transaction
2026-03-16 16:59:56 [http-nio-8080-exec-4] INFO  c.c.p.a.c.menu.MenuController - getLeftMenu returned 2 items
2026-03-16 16:59:56 [http-nio-8080-exec-4] DEBUG o.s.w.s.m.m.a.HttpEntityMethodProcessor - Using 'application/json', given [application/json, text/plain, */*] and supported [application/json, application/*+json, application/yaml]
2026-03-16 16:59:56 [http-nio-8080-exec-4] TRACE o.s.w.s.m.m.a.HttpEntityMethodProcessor - Writing [ApiResponse[success=true, status=200, code=COMMON_001, message=Success, data={list=[com.company.project.service.menu.dto.MenuDto@4a5b15d2, com.company.project.service.menu.dto.MenuDto@760075e4]}, timestamp=2026-03-16T16:59:56.769524200]]
2026-03-16 16:59:56 [http-nio-8080-exec-4] INFO  c.c.p.a.i.OperationalAuditInterceptor - API Audit Log: URL=/api/v1/menu/left, User=webmaster, IP=127.0.0.1
2026-03-16 16:59:56 [http-nio-8080-exec-4] DEBUG o.s.web.servlet.DispatcherServlet - Completed 200 OK
2026-03-16 16:59:56 [http-nio-8080-exec-10] DEBUG c.c.p.s.jwt.JwtAuthenticationFilter - >>> [JwtFilter] Processing request: GET /api/v1/menu/left
2026-03-16 16:59:56 [http-nio-8080-exec-10] DEBUG c.c.p.s.jwt.JwtAuthenticationFilter - >>> [JwtFilter] Found token in header for path: /api/v1/menu/left
2026-03-16 16:59:56 [http-nio-8080-exec-10] DEBUG o.s.orm.jpa.JpaTransactionManager - Creating new transaction with name [com.company.project.security.iam.CustomUserDetailsService.loadUserByUsername]: PROPAGATION_REQUIRED,ISOLATION_DEFAULT,readOnly
2026-03-16 16:59:56 [http-nio-8080-exec-10] DEBUG o.s.orm.jpa.JpaTransactionManager - Opened new EntityManager [SessionImpl(1190797846<open>)] for JPA transaction
2026-03-16 16:59:56 [http-nio-8080-exec-10] DEBUG o.s.orm.jpa.JpaTransactionManager - Exposing JPA transaction as JDBC [org.springframework.orm.jpa.vendor.HibernateJpaDialect$HibernateConnectionHandle@2dc03dec]
2026-03-16 16:59:56 [http-nio-8080-exec-10] DEBUG o.s.orm.jpa.JpaTransactionManager - Found thread-bound EntityManager [SessionImpl(1190797846<open>)] for JPA transaction
2026-03-16 16:59:56 [http-nio-8080-exec-10] DEBUG o.s.orm.jpa.JpaTransactionManager - Participating in existing transaction
2026-03-16 16:59:56 [http-nio-8080-exec-10] DEBUG org.hibernate.SQL - select u1_0.emplyr_id,u1_0.area_no,u1_0.brthdy,u1_0.chg_pwd_cnt,u1_0.frst_register_id,u1_0.frst_regist_pnttm,u1_0.detail_adres,u1_0.email_adres,u1_0.emplyr_sttus_code,u1_0.empl_no,u1_0.esntl_id,u1_0.fxnum,u1_0.group_id,u1_0.house_adres,u1_0.house_end_telno,u1_0.house_middle_telno,u1_0.ihidnum,u1_0.pstinst_code,u1_0.last_updusr_id,u1_0.last_updt_pnttm,u1_0.lock_at,u1_0.lock_cnt,u1_0.lock_last_pnttm,u1_0.mbtlnum,u1_0.ofcps_nm,u1_0.offm_telno,u1_0.orgnzt_id,u1_0.password,u1_0.password_cnsr,u1_0.password_hint,u1_0.chg_pwd_last_pnttm,u1_0.role,u1_0.sbscrb_de,u1_0.sexdstn_code,u1_0.crtfc_dn_value,u1_0.user_nm,u1_0.zip from nemplyrinfo u1_0 where u1_0.emplyr_id=?
2026-03-16 16:59:57 [http-nio-8080-exec-10] DEBUG o.s.orm.jpa.JpaTransactionManager - Found thread-bound EntityManager [SessionImpl(1190797846<open>)] for JPA transaction
2026-03-16 16:59:57 [http-nio-8080-exec-10] DEBUG o.s.orm.jpa.JpaTransactionManager - Participating in existing transaction
2026-03-16 16:59:57 [http-nio-8080-exec-10] DEBUG org.hibernate.SQL - select ua1_0.scrty_dtrmn_trget_id,ua1_0.author_code,ua1_0.frst_register_id,ua1_0.frst_regist_pnttm,ua1_0.last_updusr_id,ua1_0.last_updt_pnttm,ua1_0.mber_ty_code from nemplyrscrtyestbs ua1_0 where ua1_0.scrty_dtrmn_trget_id=?
2026-03-16 16:59:57 [http-nio-8080-exec-10] DEBUG o.s.orm.jpa.JpaTransactionManager - Initiating transaction commit
2026-03-16 16:59:57 [http-nio-8080-exec-10] DEBUG o.s.orm.jpa.JpaTransactionManager - Committing JPA transaction on EntityManager [SessionImpl(1190797846<open>)]
2026-03-16 16:59:57 [http-nio-8080-exec-10] DEBUG o.s.orm.jpa.JpaTransactionManager - Closing JPA EntityManager [SessionImpl(1190797846<open>)] after transaction
2026-03-16 16:59:57 [http-nio-8080-exec-10] DEBUG c.c.p.s.jwt.JwtAuthenticationFilter - >>> [JwtFilter] Successfully authenticated user: USRCNFRM_99999999999, Authorities: [ROLE_ADMIN]
2026-03-16 16:59:57 [http-nio-8080-exec-10] DEBUG o.s.web.servlet.DispatcherServlet - GET "/api/v1/menu/left?menuNo=50", parameters={masked}
2026-03-16 16:59:57 [http-nio-8080-exec-10] TRACE o.s.w.s.m.m.a.RequestMappingHandlerMapping - Mapped to com.company.project.api.controller.menu.MenuController#getLeftMenu(Long)
2026-03-16 16:59:57 [http-nio-8080-exec-10] INFO  c.c.p.a.c.menu.MenuController - getLeftMenu called with menuNo=50
2026-03-16 16:59:57 [http-nio-8080-exec-10] DEBUG o.s.orm.jpa.JpaTransactionManager - Creating new transaction with name [com.company.project.service.menu.MenuService.getSubMenus]: PROPAGATION_REQUIRED,ISOLATION_DEFAULT,readOnly
2026-03-16 16:59:57 [http-nio-8080-exec-10] DEBUG o.s.orm.jpa.JpaTransactionManager - Opened new EntityManager [SessionImpl(1381968409<open>)] for JPA transaction
2026-03-16 16:59:57 [http-nio-8080-exec-10] DEBUG o.s.orm.jpa.JpaTransactionManager - Exposing JPA transaction as JDBC [org.springframework.orm.jpa.vendor.HibernateJpaDialect$HibernateConnectionHandle@2275e8b2]
2026-03-16 16:59:57 [http-nio-8080-exec-10] DEBUG org.hibernate.SQL - select m1_0.menu_no,m1_0.menu_dc,m1_0.menu_nm,m1_0.menu_ordr,m1_0.modern_route,m1_0.progrm_file_nm,m1_0.relate_image_nm,m1_0.relate_image_path,m1_0.route_updated_at,m1_0.upper_menu_no from nmenuinfo m1_0 order by m1_0.upper_menu_no,m1_0.menu_ordr
2026-03-16 16:59:57 [http-nio-8080-exec-10] DEBUG o.s.orm.jpa.JpaTransactionManager - Found thread-bound EntityManager [SessionImpl(1381968409<open>)] for JPA transaction
2026-03-16 16:59:57 [http-nio-8080-exec-10] DEBUG o.s.orm.jpa.JpaTransactionManager - Participating in existing transaction
2026-03-16 16:59:57 [http-nio-8080-exec-10] DEBUG org.hibernate.SQL - select p1_0.progrm_file_nm,p1_0.progrm_dc,p1_0.progrm_korean_nm,p1_0.progrm_stre_path,p1_0.url from nprogrmlist p1_0
2026-03-16 16:59:57 [http-nio-8080-exec-10] DEBUG o.s.orm.jpa.JpaTransactionManager - Initiating transaction commit
2026-03-16 16:59:57 [http-nio-8080-exec-10] DEBUG o.s.orm.jpa.JpaTransactionManager - Committing JPA transaction on EntityManager [SessionImpl(1381968409<open>)]
2026-03-16 16:59:58 [http-nio-8080-exec-10] DEBUG o.s.orm.jpa.JpaTransactionManager - Closing JPA EntityManager [SessionImpl(1381968409<open>)] after transaction
2026-03-16 16:59:58 [http-nio-8080-exec-10] INFO  c.c.p.a.c.menu.MenuController - getLeftMenu returned 3 items
2026-03-16 16:59:58 [http-nio-8080-exec-10] DEBUG o.s.w.s.m.m.a.HttpEntityMethodProcessor - Using 'application/json', given [application/json, text/plain, */*] and supported [application/json, application/*+json, application/yaml]
2026-03-16 16:59:58 [http-nio-8080-exec-10] TRACE o.s.w.s.m.m.a.HttpEntityMethodProcessor - Writing [ApiResponse[success=true, status=200, code=COMMON_001, message=Success, data={list=[com.company.project.service.menu.dto.MenuDto@3859cec3, com.company.project.service.menu.dto.MenuDto@6a0e19af, com.company.project.service.menu.dto.MenuDto@674115fe]}, timestamp=2026-03-16T16:59:58.040469400]]
2026-03-16 16:59:58 [http-nio-8080-exec-10] INFO  c.c.p.a.i.OperationalAuditInterceptor - API Audit Log: URL=/api/v1/menu/left, User=webmaster, IP=127.0.0.1
2026-03-16 16:59:58 [http-nio-8080-exec-10] DEBUG o.s.web.servlet.DispatcherServlet - Completed 200 OK
2026-03-16 16:59:58 [http-nio-8080-exec-5] DEBUG c.c.p.s.jwt.JwtAuthenticationFilter - >>> [JwtFilter] Processing request: GET /api/v1/menu/left
2026-03-16 16:59:58 [http-nio-8080-exec-5] DEBUG c.c.p.s.jwt.JwtAuthenticationFilter - >>> [JwtFilter] Found token in header for path: /api/v1/menu/left
2026-03-16 16:59:58 [http-nio-8080-exec-5] DEBUG o.s.orm.jpa.JpaTransactionManager - Creating new transaction with name [com.company.project.security.iam.CustomUserDetailsService.loadUserByUsername]: PROPAGATION_REQUIRED,ISOLATION_DEFAULT,readOnly
2026-03-16 16:59:58 [http-nio-8080-exec-5] DEBUG o.s.orm.jpa.JpaTransactionManager - Opened new EntityManager [SessionImpl(1379094309<open>)] for JPA transaction
2026-03-16 16:59:58 [http-nio-8080-exec-5] DEBUG o.s.orm.jpa.JpaTransactionManager - Exposing JPA transaction as JDBC [org.springframework.orm.jpa.vendor.HibernateJpaDialect$HibernateConnectionHandle@7477f8ae]
2026-03-16 16:59:58 [http-nio-8080-exec-5] DEBUG o.s.orm.jpa.JpaTransactionManager - Found thread-bound EntityManager [SessionImpl(1379094309<open>)] for JPA transaction
2026-03-16 16:59:58 [http-nio-8080-exec-5] DEBUG o.s.orm.jpa.JpaTransactionManager - Participating in existing transaction
2026-03-16 16:59:58 [http-nio-8080-exec-5] DEBUG org.hibernate.SQL - select u1_0.emplyr_id,u1_0.area_no,u1_0.brthdy,u1_0.chg_pwd_cnt,u1_0.frst_register_id,u1_0.frst_regist_pnttm,u1_0.detail_adres,u1_0.email_adres,u1_0.emplyr_sttus_code,u1_0.empl_no,u1_0.esntl_id,u1_0.fxnum,u1_0.group_id,u1_0.house_adres,u1_0.house_end_telno,u1_0.house_middle_telno,u1_0.ihidnum,u1_0.pstinst_code,u1_0.last_updusr_id,u1_0.last_updt_pnttm,u1_0.lock_at,u1_0.lock_cnt,u1_0.lock_last_pnttm,u1_0.mbtlnum,u1_0.ofcps_nm,u1_0.offm_telno,u1_0.orgnzt_id,u1_0.password,u1_0.password_cnsr,u1_0.password_hint,u1_0.chg_pwd_last_pnttm,u1_0.role,u1_0.sbscrb_de,u1_0.sexdstn_code,u1_0.crtfc_dn_value,u1_0.user_nm,u1_0.zip from nemplyrinfo u1_0 where u1_0.emplyr_id=?
2026-03-16 16:59:58 [http-nio-8080-exec-5] DEBUG o.s.orm.jpa.JpaTransactionManager - Found thread-bound EntityManager [SessionImpl(1379094309<open>)] for JPA transaction
2026-03-16 16:59:58 [http-nio-8080-exec-5] DEBUG o.s.orm.jpa.JpaTransactionManager - Participating in existing transaction
2026-03-16 16:59:58 [http-nio-8080-exec-5] DEBUG org.hibernate.SQL - select ua1_0.scrty_dtrmn_trget_id,ua1_0.author_code,ua1_0.frst_register_id,ua1_0.frst_regist_pnttm,ua1_0.last_updusr_id,ua1_0.last_updt_pnttm,ua1_0.mber_ty_code from nemplyrscrtyestbs ua1_0 where ua1_0.scrty_dtrmn_trget_id=?
2026-03-16 16:59:58 [http-nio-8080-exec-5] DEBUG o.s.orm.jpa.JpaTransactionManager - Initiating transaction commit
2026-03-16 16:59:58 [http-nio-8080-exec-5] DEBUG o.s.orm.jpa.JpaTransactionManager - Committing JPA transaction on EntityManager [SessionImpl(1379094309<open>)]
2026-03-16 16:59:58 [http-nio-8080-exec-5] DEBUG o.s.orm.jpa.JpaTransactionManager - Closing JPA EntityManager [SessionImpl(1379094309<open>)] after transaction
2026-03-16 16:59:58 [http-nio-8080-exec-5] DEBUG c.c.p.s.jwt.JwtAuthenticationFilter - >>> [JwtFilter] Successfully authenticated user: USRCNFRM_99999999999, Authorities: [ROLE_ADMIN]
2026-03-16 16:59:58 [http-nio-8080-exec-5] DEBUG o.s.web.servlet.DispatcherServlet - GET "/api/v1/menu/left?menuNo=60", parameters={masked}
2026-03-16 16:59:58 [http-nio-8080-exec-5] TRACE o.s.w.s.m.m.a.RequestMappingHandlerMapping - Mapped to com.company.project.api.controller.menu.MenuController#getLeftMenu(Long)
2026-03-16 16:59:58 [http-nio-8080-exec-5] INFO  c.c.p.a.c.menu.MenuController - getLeftMenu called with menuNo=60
2026-03-16 16:59:58 [http-nio-8080-exec-5] DEBUG o.s.orm.jpa.JpaTransactionManager - Creating new transaction with name [com.company.project.service.menu.MenuService.getSubMenus]: PROPAGATION_REQUIRED,ISOLATION_DEFAULT,readOnly
2026-03-16 16:59:58 [http-nio-8080-exec-5] DEBUG o.s.orm.jpa.JpaTransactionManager - Opened new EntityManager [SessionImpl(1003616833<open>)] for JPA transaction
2026-03-16 16:59:58 [http-nio-8080-exec-5] DEBUG o.s.orm.jpa.JpaTransactionManager - Exposing JPA transaction as JDBC [org.springframework.orm.jpa.vendor.HibernateJpaDialect$HibernateConnectionHandle@56e45579]
2026-03-16 16:59:58 [http-nio-8080-exec-5] DEBUG org.hibernate.SQL - select m1_0.menu_no,m1_0.menu_dc,m1_0.menu_nm,m1_0.menu_ordr,m1_0.modern_route,m1_0.progrm_file_nm,m1_0.relate_image_nm,m1_0.relate_image_path,m1_0.route_updated_at,m1_0.upper_menu_no from nmenuinfo m1_0 order by m1_0.upper_menu_no,m1_0.menu_ordr
2026-03-16 16:59:59 [http-nio-8080-exec-5] DEBUG o.s.orm.jpa.JpaTransactionManager - Found thread-bound EntityManager [SessionImpl(1003616833<open>)] for JPA transaction
2026-03-16 16:59:59 [http-nio-8080-exec-5] DEBUG o.s.orm.jpa.JpaTransactionManager - Participating in existing transaction
2026-03-16 16:59:59 [http-nio-8080-exec-5] DEBUG org.hibernate.SQL - select p1_0.progrm_file_nm,p1_0.progrm_dc,p1_0.progrm_korean_nm,p1_0.progrm_stre_path,p1_0.url from nprogrmlist p1_0
2026-03-16 16:59:59 [http-nio-8080-exec-5] DEBUG o.s.orm.jpa.JpaTransactionManager - Initiating transaction commit
2026-03-16 16:59:59 [http-nio-8080-exec-5] DEBUG o.s.orm.jpa.JpaTransactionManager - Committing JPA transaction on EntityManager [SessionImpl(1003616833<open>)]
2026-03-16 16:59:59 [http-nio-8080-exec-5] DEBUG o.s.orm.jpa.JpaTransactionManager - Closing JPA EntityManager [SessionImpl(1003616833<open>)] after transaction
2026-03-16 16:59:59 [http-nio-8080-exec-5] INFO  c.c.p.a.c.menu.MenuController - getLeftMenu returned 1 items
2026-03-16 16:59:59 [http-nio-8080-exec-5] DEBUG o.s.w.s.m.m.a.HttpEntityMethodProcessor - Using 'application/json', given [application/json, text/plain, */*] and supported [application/json, application/*+json, application/yaml]
2026-03-16 16:59:59 [http-nio-8080-exec-5] TRACE o.s.w.s.m.m.a.HttpEntityMethodProcessor - Writing [ApiResponse[success=true, status=200, code=COMMON_001, message=Success, data={list=[com.company.project.service.menu.dto.MenuDto@2f98f7d9]}, timestamp=2026-03-16T16:59:59.327884400]]
2026-03-16 16:59:59 [http-nio-8080-exec-5] INFO  c.c.p.a.i.OperationalAuditInterceptor - API Audit Log: URL=/api/v1/menu/left, User=webmaster, IP=127.0.0.1
2026-03-16 16:59:59 [http-nio-8080-exec-5] DEBUG o.s.web.servlet.DispatcherServlet - Completed 200 OK
2026-03-16 16:59:59 [http-nio-8080-exec-7] DEBUG o.s.w.s.h.LoggingWebSocketHandlerDecorator - WebSocketServerSockJsSession[id=f2mrjgig] closed with CloseStatus[code=1001, reason=null]
2026-03-16 16:59:59 [http-nio-8080-exec-7] DEBUG o.s.w.s.m.SubProtocolWebSocketHandler - Clearing session f2mrjgig
2026-03-16 16:59:59 [scheduling-1] DEBUG org.springframework.web.SimpLogging - Processing DISCONNECT session=f2mrjgig
2026-03-16 16:59:59 [scheduling-1] DEBUG o.s.w.s.m.SubProtocolWebSocketHandler - No session for GenericMessage [payload=byte[0], headers={simpMessageType=DISCONNECT_ACK, simpDisconnectMessage=GenericMessage [payload=byte[0], headers={simpMessageType=DISCONNECT, stompCommand=DISCONNECT, simpSessionAttributes={org.springframework.messaging.simp.SimpAttributes.COMPLETED=true}, simpSessionId=f2mrjgig}], simpSessionId=f2mrjgig}]
2026-03-16 17:00:00 [http-nio-8080-exec-4] DEBUG c.c.p.s.jwt.JwtAuthenticationFilter - >>> [JwtFilter] Processing request: GET /api/v1/menu/head
2026-03-16 17:00:00 [http-nio-8080-exec-9] DEBUG c.c.p.s.jwt.JwtAuthenticationFilter - >>> [JwtFilter] Processing request: GET /api/v1/dashboard
2026-03-16 17:00:00 [http-nio-8080-exec-4] DEBUG c.c.p.s.jwt.JwtAuthenticationFilter - >>> [JwtFilter] Found token in header for path: /api/v1/menu/head
2026-03-16 17:00:00 [http-nio-8080-exec-9] DEBUG c.c.p.s.jwt.JwtAuthenticationFilter - >>> [JwtFilter] Found token in header for path: /api/v1/dashboard
2026-03-16 17:00:00 [http-nio-8080-exec-4] DEBUG o.s.orm.jpa.JpaTransactionManager - Creating new transaction with name [com.company.project.security.iam.CustomUserDetailsService.loadUserByUsername]: PROPAGATION_REQUIRED,ISOLATION_DEFAULT,readOnly
2026-03-16 17:00:00 [http-nio-8080-exec-4] DEBUG o.s.orm.jpa.JpaTransactionManager - Opened new EntityManager [SessionImpl(1124676316<open>)] for JPA transaction
2026-03-16 17:00:00 [http-nio-8080-exec-9] DEBUG o.s.orm.jpa.JpaTransactionManager - Creating new transaction with name [com.company.project.security.iam.CustomUserDetailsService.loadUserByUsername]: PROPAGATION_REQUIRED,ISOLATION_DEFAULT,readOnly
2026-03-16 17:00:00 [http-nio-8080-exec-9] DEBUG o.s.orm.jpa.JpaTransactionManager - Opened new EntityManager [SessionImpl(1388075561<open>)] for JPA transaction
2026-03-16 17:00:00 [http-nio-8080-exec-4] DEBUG o.s.orm.jpa.JpaTransactionManager - Exposing JPA transaction as JDBC [org.springframework.orm.jpa.vendor.HibernateJpaDialect$HibernateConnectionHandle@42812265]
2026-03-16 17:00:00 [http-nio-8080-exec-9] DEBUG o.s.orm.jpa.JpaTransactionManager - Exposing JPA transaction as JDBC [org.springframework.orm.jpa.vendor.HibernateJpaDialect$HibernateConnectionHandle@545dd167]
2026-03-16 17:00:00 [http-nio-8080-exec-4] DEBUG o.s.orm.jpa.JpaTransactionManager - Found thread-bound EntityManager [SessionImpl(1124676316<open>)] for JPA transaction
2026-03-16 17:00:00 [http-nio-8080-exec-4] DEBUG o.s.orm.jpa.JpaTransactionManager - Participating in existing transaction
2026-03-16 17:00:00 [http-nio-8080-exec-9] DEBUG o.s.orm.jpa.JpaTransactionManager - Found thread-bound EntityManager [SessionImpl(1388075561<open>)] for JPA transaction
2026-03-16 17:00:00 [http-nio-8080-exec-4] DEBUG org.hibernate.SQL - select u1_0.emplyr_id,u1_0.area_no,u1_0.brthdy,u1_0.chg_pwd_cnt,u1_0.frst_register_id,u1_0.frst_regist_pnttm,u1_0.detail_adres,u1_0.email_adres,u1_0.emplyr_sttus_code,u1_0.empl_no,u1_0.esntl_id,u1_0.fxnum,u1_0.group_id,u1_0.house_adres,u1_0.house_end_telno,u1_0.house_middle_telno,u1_0.ihidnum,u1_0.pstinst_code,u1_0.last_updusr_id,u1_0.last_updt_pnttm,u1_0.lock_at,u1_0.lock_cnt,u1_0.lock_last_pnttm,u1_0.mbtlnum,u1_0.ofcps_nm,u1_0.offm_telno,u1_0.orgnzt_id,u1_0.password,u1_0.password_cnsr,u1_0.password_hint,u1_0.chg_pwd_last_pnttm,u1_0.role,u1_0.sbscrb_de,u1_0.sexdstn_code,u1_0.crtfc_dn_value,u1_0.user_nm,u1_0.zip from nemplyrinfo u1_0 where u1_0.emplyr_id=?
2026-03-16 17:00:00 [http-nio-8080-exec-9] DEBUG o.s.orm.jpa.JpaTransactionManager - Participating in existing transaction
2026-03-16 17:00:00 [http-nio-8080-exec-9] DEBUG org.hibernate.SQL - select u1_0.emplyr_id,u1_0.area_no,u1_0.brthdy,u1_0.chg_pwd_cnt,u1_0.frst_register_id,u1_0.frst_regist_pnttm,u1_0.detail_adres,u1_0.email_adres,u1_0.emplyr_sttus_code,u1_0.empl_no,u1_0.esntl_id,u1_0.fxnum,u1_0.group_id,u1_0.house_adres,u1_0.house_end_telno,u1_0.house_middle_telno,u1_0.ihidnum,u1_0.pstinst_code,u1_0.last_updusr_id,u1_0.last_updt_pnttm,u1_0.lock_at,u1_0.lock_cnt,u1_0.lock_last_pnttm,u1_0.mbtlnum,u1_0.ofcps_nm,u1_0.offm_telno,u1_0.orgnzt_id,u1_0.password,u1_0.password_cnsr,u1_0.password_hint,u1_0.chg_pwd_last_pnttm,u1_0.role,u1_0.sbscrb_de,u1_0.sexdstn_code,u1_0.crtfc_dn_value,u1_0.user_nm,u1_0.zip from nemplyrinfo u1_0 where u1_0.emplyr_id=?
2026-03-16 17:00:00 [http-nio-8080-exec-4] DEBUG o.s.orm.jpa.JpaTransactionManager - Found thread-bound EntityManager [SessionImpl(1124676316<open>)] for JPA transaction
2026-03-16 17:00:00 [http-nio-8080-exec-4] DEBUG o.s.orm.jpa.JpaTransactionManager - Participating in existing transaction
2026-03-16 17:00:00 [http-nio-8080-exec-4] DEBUG org.hibernate.SQL - select ua1_0.scrty_dtrmn_trget_id,ua1_0.author_code,ua1_0.frst_register_id,ua1_0.frst_regist_pnttm,ua1_0.last_updusr_id,ua1_0.last_updt_pnttm,ua1_0.mber_ty_code from nemplyrscrtyestbs ua1_0 where ua1_0.scrty_dtrmn_trget_id=?
2026-03-16 17:00:00 [http-nio-8080-exec-9] DEBUG o.s.orm.jpa.JpaTransactionManager - Found thread-bound EntityManager [SessionImpl(1388075561<open>)] for JPA transaction
2026-03-16 17:00:00 [http-nio-8080-exec-9] DEBUG o.s.orm.jpa.JpaTransactionManager - Participating in existing transaction
2026-03-16 17:00:00 [http-nio-8080-exec-9] DEBUG org.hibernate.SQL - select ua1_0.scrty_dtrmn_trget_id,ua1_0.author_code,ua1_0.frst_register_id,ua1_0.frst_regist_pnttm,ua1_0.last_updusr_id,ua1_0.last_updt_pnttm,ua1_0.mber_ty_code from nemplyrscrtyestbs ua1_0 where ua1_0.scrty_dtrmn_trget_id=?
2026-03-16 17:00:00 [http-nio-8080-exec-9] DEBUG o.s.orm.jpa.JpaTransactionManager - Initiating transaction commit
2026-03-16 17:00:00 [http-nio-8080-exec-9] DEBUG o.s.orm.jpa.JpaTransactionManager - Committing JPA transaction on EntityManager [SessionImpl(1388075561<open>)]
2026-03-16 17:00:00 [http-nio-8080-exec-4] DEBUG o.s.orm.jpa.JpaTransactionManager - Initiating transaction commit
2026-03-16 17:00:00 [http-nio-8080-exec-4] DEBUG o.s.orm.jpa.JpaTransactionManager - Committing JPA transaction on EntityManager [SessionImpl(1124676316<open>)]
2026-03-16 17:00:00 [http-nio-8080-exec-4] DEBUG o.s.orm.jpa.JpaTransactionManager - Closing JPA EntityManager [SessionImpl(1124676316<open>)] after transaction
2026-03-16 17:00:00 [http-nio-8080-exec-9] DEBUG o.s.orm.jpa.JpaTransactionManager - Closing JPA EntityManager [SessionImpl(1388075561<open>)] after transaction
2026-03-16 17:00:00 [http-nio-8080-exec-4] DEBUG c.c.p.s.jwt.JwtAuthenticationFilter - >>> [JwtFilter] Successfully authenticated user: USRCNFRM_99999999999, Authorities: [ROLE_ADMIN]
2026-03-16 17:00:00 [http-nio-8080-exec-9] DEBUG c.c.p.s.jwt.JwtAuthenticationFilter - >>> [JwtFilter] Successfully authenticated user: USRCNFRM_99999999999, Authorities: [ROLE_ADMIN]
2026-03-16 17:00:00 [http-nio-8080-exec-4] DEBUG o.s.web.servlet.DispatcherServlet - GET "/api/v1/menu/head", parameters={}
2026-03-16 17:00:00 [http-nio-8080-exec-9] DEBUG o.s.web.servlet.DispatcherServlet - GET "/api/v1/dashboard", parameters={}
2026-03-16 17:00:00 [http-nio-8080-exec-4] TRACE o.s.w.s.m.m.a.RequestMappingHandlerMapping - Mapped to com.company.project.api.controller.menu.MenuController#getHeadMenu()
2026-03-16 17:00:00 [http-nio-8080-exec-9] TRACE o.s.w.s.m.m.a.RequestMappingHandlerMapping - Mapped to com.company.project.api.controller.main.DashboardController#getDashboardData(UserDetails)
2026-03-16 17:00:00 [http-nio-8080-exec-4] INFO  c.c.p.a.c.menu.MenuController - getHeadMenu called
2026-03-16 17:00:00 [http-nio-8080-exec-9] INFO  c.c.p.a.c.main.DashboardController - >>> [Dashboard] Fetching data for user: USRCNFRM_99999999999
2026-03-16 17:00:00 [http-nio-8080-exec-9] DEBUG o.s.orm.jpa.JpaTransactionManager - Creating new transaction with name [com.company.project.service.board.BoardService.getBoardPosts]: PROPAGATION_REQUIRED,ISOLATION_DEFAULT,readOnly
2026-03-16 17:00:00 [http-nio-8080-exec-9] DEBUG o.s.orm.jpa.JpaTransactionManager - Opened new EntityManager [SessionImpl(632707392<open>)] for JPA transaction
2026-03-16 17:00:00 [http-nio-8080-exec-4] INFO  c.c.p.a.c.menu.MenuController - getHeadMenu returned 5 items
2026-03-16 17:00:00 [http-nio-8080-exec-9] DEBUG o.s.orm.jpa.JpaTransactionManager - Exposing JPA transaction as JDBC [org.springframework.orm.jpa.vendor.HibernateJpaDialect$HibernateConnectionHandle@8e7a2ae]
2026-03-16 17:00:00 [http-nio-8080-exec-9] DEBUG o.s.orm.jpa.JpaTransactionManager - Found thread-bound EntityManager [SessionImpl(632707392<open>)] for JPA transaction
2026-03-16 17:00:00 [http-nio-8080-exec-4] DEBUG o.s.w.s.m.m.a.HttpEntityMethodProcessor - Using 'application/json', given [application/json, text/plain, */*] and supported [application/json, application/*+json, application/yaml]
2026-03-16 17:00:00 [http-nio-8080-exec-9] DEBUG o.s.orm.jpa.JpaTransactionManager - Participating in existing transaction
2026-03-16 17:00:00 [http-nio-8080-exec-4] TRACE o.s.w.s.m.m.a.HttpEntityMethodProcessor - Writing [ApiResponse[success=true, status=200, code=COMMON_001, message=Success, data={list=[com.company.project.service.menu.dto.MenuDto@2b80d6b0, com.company.project.service.menu.dto.MenuDto@1418cfa3, com.company.project.service.menu.dto.MenuDto@f230bf1, com.company.project.service.menu.dto.MenuDto@734a7f6a, com.company.project.service.menu.dto.MenuDto@5e5202e5]}, timestamp=2026-03-16T17:00:00.956310600]]
2026-03-16 17:00:00 [http-nio-8080-exec-9] DEBUG org.hibernate.SQL - select bm1_0.bbs_id,bm1_0.atch_posbl_file_number,bm1_0.atch_posbl_file_size,bm1_0.bbs_attrb_code,bm1_0.bbs_intrcn,bm1_0.bbs_nm,bm1_0.bbs_ty_code,bm1_0.blog_at,bm1_0.blog_id,bm1_0.cmmnty_id,bm1_0.frst_register_id,bm1_0.frst_regist_pnttm,bm1_0.file_atch_posbl_at,bm1_0.last_updusr_id,bm1_0.last_updt_pnttm,bm1_0.reply_posbl_at,bm1_0.tmplat_id,bm1_0.use_at,bm1_1.answer_at,bm1_1.stsfdg_at from nbbsmaster bm1_0 left join nbbsmasteroptn bm1_1 on bm1_0.bbs_id=bm1_1.bbs_id where bm1_0.bbs_id=?
2026-03-16 17:00:00 [http-nio-8080-exec-4] INFO  c.c.p.a.i.OperationalAuditInterceptor - API Audit Log: URL=/api/v1/menu/head, User=webmaster, IP=0:0:0:0:0:0:0:1
2026-03-16 17:00:00 [http-nio-8080-exec-4] DEBUG o.s.web.servlet.DispatcherServlet - Completed 200 OK
2026-03-16 17:00:00 [http-nio-8080-exec-2] DEBUG c.c.p.s.jwt.JwtAuthenticationFilter - >>> [JwtFilter] Processing request: GET /api/v1/menu/left
2026-03-16 17:00:00 [http-nio-8080-exec-2] DEBUG c.c.p.s.jwt.JwtAuthenticationFilter - >>> [JwtFilter] Found token in header for path: /api/v1/menu/left
2026-03-16 17:00:00 [http-nio-8080-exec-2] DEBUG o.s.orm.jpa.JpaTransactionManager - Creating new transaction with name [com.company.project.security.iam.CustomUserDetailsService.loadUserByUsername]: PROPAGATION_REQUIRED,ISOLATION_DEFAULT,readOnly
2026-03-16 17:00:00 [http-nio-8080-exec-2] DEBUG o.s.orm.jpa.JpaTransactionManager - Opened new EntityManager [SessionImpl(1117260400<open>)] for JPA transaction
2026-03-16 17:00:00 [http-nio-8080-exec-6] DEBUG c.c.p.s.jwt.JwtAuthenticationFilter - >>> [JwtFilter] Processing request: GET /api/v1/menu/left
2026-03-16 17:00:00 [http-nio-8080-exec-10] DEBUG c.c.p.s.jwt.JwtAuthenticationFilter - >>> [JwtFilter] Processing request: GET /api/v1/menu/left
2026-03-16 17:00:00 [http-nio-8080-exec-1] DEBUG c.c.p.s.jwt.JwtAuthenticationFilter - >>> [JwtFilter] Processing request: GET /api/v1/menu/left
2026-03-16 17:00:00 [http-nio-8080-exec-6] DEBUG c.c.p.s.jwt.JwtAuthenticationFilter - >>> [JwtFilter] Found token in header for path: /api/v1/menu/left
2026-03-16 17:00:00 [http-nio-8080-exec-1] DEBUG c.c.p.s.jwt.JwtAuthenticationFilter - >>> [JwtFilter] Found token in header for path: /api/v1/menu/left
2026-03-16 17:00:00 [http-nio-8080-exec-8] DEBUG c.c.p.s.jwt.JwtAuthenticationFilter - >>> [JwtFilter] Processing request: GET /api/v1/menu/left
2026-03-16 17:00:00 [http-nio-8080-exec-8] DEBUG c.c.p.s.jwt.JwtAuthenticationFilter - >>> [JwtFilter] Found token in header for path: /api/v1/menu/left
2026-03-16 17:00:00 [http-nio-8080-exec-1] DEBUG o.s.orm.jpa.JpaTransactionManager - Creating new transaction with name [com.company.project.security.iam.CustomUserDetailsService.loadUserByUsername]: PROPAGATION_REQUIRED,ISOLATION_DEFAULT,readOnly
2026-03-16 17:00:00 [http-nio-8080-exec-10] DEBUG c.c.p.s.jwt.JwtAuthenticationFilter - >>> [JwtFilter] Found token in header for path: /api/v1/menu/left
2026-03-16 17:00:00 [http-nio-8080-exec-8] DEBUG o.s.orm.jpa.JpaTransactionManager - Creating new transaction with name [com.company.project.security.iam.CustomUserDetailsService.loadUserByUsername]: PROPAGATION_REQUIRED,ISOLATION_DEFAULT,readOnly
2026-03-16 17:00:00 [http-nio-8080-exec-8] DEBUG o.s.orm.jpa.JpaTransactionManager - Opened new EntityManager [SessionImpl(1449906122<open>)] for JPA transaction
2026-03-16 17:00:00 [http-nio-8080-exec-10] DEBUG o.s.orm.jpa.JpaTransactionManager - Creating new transaction with name [com.company.project.security.iam.CustomUserDetailsService.loadUserByUsername]: PROPAGATION_REQUIRED,ISOLATION_DEFAULT,readOnly
2026-03-16 17:00:00 [http-nio-8080-exec-1] DEBUG o.s.orm.jpa.JpaTransactionManager - Opened new EntityManager [SessionImpl(1839834612<open>)] for JPA transaction
2026-03-16 17:00:00 [http-nio-8080-exec-6] DEBUG o.s.orm.jpa.JpaTransactionManager - Creating new transaction with name [com.company.project.security.iam.CustomUserDetailsService.loadUserByUsername]: PROPAGATION_REQUIRED,ISOLATION_DEFAULT,readOnly
2026-03-16 17:00:00 [http-nio-8080-exec-6] DEBUG o.s.orm.jpa.JpaTransactionManager - Opened new EntityManager [SessionImpl(1837068830<open>)] for JPA transaction
2026-03-16 17:00:00 [http-nio-8080-exec-10] DEBUG o.s.orm.jpa.JpaTransactionManager - Opened new EntityManager [SessionImpl(1516759998<open>)] for JPA transaction
2026-03-16 17:00:01 [http-nio-8080-exec-2] DEBUG o.s.orm.jpa.JpaTransactionManager - Exposing JPA transaction as JDBC [org.springframework.orm.jpa.vendor.HibernateJpaDialect$HibernateConnectionHandle@125ff772]
2026-03-16 17:00:01 [http-nio-8080-exec-1] DEBUG o.s.orm.jpa.JpaTransactionManager - Exposing JPA transaction as JDBC [org.springframework.orm.jpa.vendor.HibernateJpaDialect$HibernateConnectionHandle@3f398e2]
2026-03-16 17:00:01 [http-nio-8080-exec-2] DEBUG o.s.orm.jpa.JpaTransactionManager - Found thread-bound EntityManager [SessionImpl(1117260400<open>)] for JPA transaction
2026-03-16 17:00:01 [http-nio-8080-exec-2] DEBUG o.s.orm.jpa.JpaTransactionManager - Participating in existing transaction
2026-03-16 17:00:01 [http-nio-8080-exec-1] DEBUG o.s.orm.jpa.JpaTransactionManager - Found thread-bound EntityManager [SessionImpl(1839834612<open>)] for JPA transaction
2026-03-16 17:00:01 [http-nio-8080-exec-1] DEBUG o.s.orm.jpa.JpaTransactionManager - Participating in existing transaction
2026-03-16 17:00:01 [http-nio-8080-exec-2] DEBUG org.hibernate.SQL - select u1_0.emplyr_id,u1_0.area_no,u1_0.brthdy,u1_0.chg_pwd_cnt,u1_0.frst_register_id,u1_0.frst_regist_pnttm,u1_0.detail_adres,u1_0.email_adres,u1_0.emplyr_sttus_code,u1_0.empl_no,u1_0.esntl_id,u1_0.fxnum,u1_0.group_id,u1_0.house_adres,u1_0.house_end_telno,u1_0.house_middle_telno,u1_0.ihidnum,u1_0.pstinst_code,u1_0.last_updusr_id,u1_0.last_updt_pnttm,u1_0.lock_at,u1_0.lock_cnt,u1_0.lock_last_pnttm,u1_0.mbtlnum,u1_0.ofcps_nm,u1_0.offm_telno,u1_0.orgnzt_id,u1_0.password,u1_0.password_cnsr,u1_0.password_hint,u1_0.chg_pwd_last_pnttm,u1_0.role,u1_0.sbscrb_de,u1_0.sexdstn_code,u1_0.crtfc_dn_value,u1_0.user_nm,u1_0.zip from nemplyrinfo u1_0 where u1_0.emplyr_id=?
2026-03-16 17:00:01 [http-nio-8080-exec-1] DEBUG org.hibernate.SQL - select u1_0.emplyr_id,u1_0.area_no,u1_0.brthdy,u1_0.chg_pwd_cnt,u1_0.frst_register_id,u1_0.frst_regist_pnttm,u1_0.detail_adres,u1_0.email_adres,u1_0.emplyr_sttus_code,u1_0.empl_no,u1_0.esntl_id,u1_0.fxnum,u1_0.group_id,u1_0.house_adres,u1_0.house_end_telno,u1_0.house_middle_telno,u1_0.ihidnum,u1_0.pstinst_code,u1_0.last_updusr_id,u1_0.last_updt_pnttm,u1_0.lock_at,u1_0.lock_cnt,u1_0.lock_last_pnttm,u1_0.mbtlnum,u1_0.ofcps_nm,u1_0.offm_telno,u1_0.orgnzt_id,u1_0.password,u1_0.password_cnsr,u1_0.password_hint,u1_0.chg_pwd_last_pnttm,u1_0.role,u1_0.sbscrb_de,u1_0.sexdstn_code,u1_0.crtfc_dn_value,u1_0.user_nm,u1_0.zip from nemplyrinfo u1_0 where u1_0.emplyr_id=?
2026-03-16 17:00:01 [http-nio-8080-exec-9] DEBUG org.hibernate.SQL - select b1_0.ntt_id,b1_0.bbs_id,b1_0.ntt_sj,b1_0.ntcr_nm,b1_0.frst_regist_pnttm,b1_0.rdcnt,b1_0.answer_at,b1_0.parntsctt_no,b1_0.answer_lc,b1_0.sort_ordr,b1_0.ntt_no,b1_0.notice_at,b1_0.secret_at,b1_0.comment_co from nbbs b1_0 left join nemplyrinfo u1_0 on b1_0.frst_register_id=u1_0.esntl_id where (b1_0.use_at = 'Y') and b1_0.bbs_id=? order by b1_0.sort_ordr desc,b1_0.ntt_no offset ? rows fetch first ? rows only
2026-03-16 17:00:01 [http-nio-8080-exec-10] DEBUG o.s.orm.jpa.JpaTransactionManager - Exposing JPA transaction as JDBC [org.springframework.orm.jpa.vendor.HibernateJpaDialect$HibernateConnectionHandle@2c3e19e7]
2026-03-16 17:00:01 [http-nio-8080-exec-6] DEBUG o.s.orm.jpa.JpaTransactionManager - Exposing JPA transaction as JDBC [org.springframework.orm.jpa.vendor.HibernateJpaDialect$HibernateConnectionHandle@5332f818]
2026-03-16 17:00:01 [http-nio-8080-exec-8] DEBUG o.s.orm.jpa.JpaTransactionManager - Exposing JPA transaction as JDBC [org.springframework.orm.jpa.vendor.HibernateJpaDialect$HibernateConnectionHandle@3be4eb6d]
2026-03-16 17:00:01 [http-nio-8080-exec-6] DEBUG o.s.orm.jpa.JpaTransactionManager - Found thread-bound EntityManager [SessionImpl(1837068830<open>)] for JPA transaction
2026-03-16 17:00:01 [http-nio-8080-exec-10] DEBUG o.s.orm.jpa.JpaTransactionManager - Found thread-bound EntityManager [SessionImpl(1516759998<open>)] for JPA transaction
2026-03-16 17:00:01 [http-nio-8080-exec-6] DEBUG o.s.orm.jpa.JpaTransactionManager - Participating in existing transaction
2026-03-16 17:00:01 [http-nio-8080-exec-8] DEBUG o.s.orm.jpa.JpaTransactionManager - Found thread-bound EntityManager [SessionImpl(1449906122<open>)] for JPA transaction
2026-03-16 17:00:01 [http-nio-8080-exec-10] DEBUG o.s.orm.jpa.JpaTransactionManager - Participating in existing transaction
2026-03-16 17:00:01 [http-nio-8080-exec-8] DEBUG o.s.orm.jpa.JpaTransactionManager - Participating in existing transaction
2026-03-16 17:00:01 [http-nio-8080-exec-6] DEBUG org.hibernate.SQL - select u1_0.emplyr_id,u1_0.area_no,u1_0.brthdy,u1_0.chg_pwd_cnt,u1_0.frst_register_id,u1_0.frst_regist_pnttm,u1_0.detail_adres,u1_0.email_adres,u1_0.emplyr_sttus_code,u1_0.empl_no,u1_0.esntl_id,u1_0.fxnum,u1_0.group_id,u1_0.house_adres,u1_0.house_end_telno,u1_0.house_middle_telno,u1_0.ihidnum,u1_0.pstinst_code,u1_0.last_updusr_id,u1_0.last_updt_pnttm,u1_0.lock_at,u1_0.lock_cnt,u1_0.lock_last_pnttm,u1_0.mbtlnum,u1_0.ofcps_nm,u1_0.offm_telno,u1_0.orgnzt_id,u1_0.password,u1_0.password_cnsr,u1_0.password_hint,u1_0.chg_pwd_last_pnttm,u1_0.role,u1_0.sbscrb_de,u1_0.sexdstn_code,u1_0.crtfc_dn_value,u1_0.user_nm,u1_0.zip from nemplyrinfo u1_0 where u1_0.emplyr_id=?
2026-03-16 17:00:01 [http-nio-8080-exec-8] DEBUG org.hibernate.SQL - select u1_0.emplyr_id,u1_0.area_no,u1_0.brthdy,u1_0.chg_pwd_cnt,u1_0.frst_register_id,u1_0.frst_regist_pnttm,u1_0.detail_adres,u1_0.email_adres,u1_0.emplyr_sttus_code,u1_0.empl_no,u1_0.esntl_id,u1_0.fxnum,u1_0.group_id,u1_0.house_adres,u1_0.house_end_telno,u1_0.house_middle_telno,u1_0.ihidnum,u1_0.pstinst_code,u1_0.last_updusr_id,u1_0.last_updt_pnttm,u1_0.lock_at,u1_0.lock_cnt,u1_0.lock_last_pnttm,u1_0.mbtlnum,u1_0.ofcps_nm,u1_0.offm_telno,u1_0.orgnzt_id,u1_0.password,u1_0.password_cnsr,u1_0.password_hint,u1_0.chg_pwd_last_pnttm,u1_0.role,u1_0.sbscrb_de,u1_0.sexdstn_code,u1_0.crtfc_dn_value,u1_0.user_nm,u1_0.zip from nemplyrinfo u1_0 where u1_0.emplyr_id=?
2026-03-16 17:00:01 [http-nio-8080-exec-10] DEBUG org.hibernate.SQL - select u1_0.emplyr_id,u1_0.area_no,u1_0.brthdy,u1_0.chg_pwd_cnt,u1_0.frst_register_id,u1_0.frst_regist_pnttm,u1_0.detail_adres,u1_0.email_adres,u1_0.emplyr_sttus_code,u1_0.empl_no,u1_0.esntl_id,u1_0.fxnum,u1_0.group_id,u1_0.house_adres,u1_0.house_end_telno,u1_0.house_middle_telno,u1_0.ihidnum,u1_0.pstinst_code,u1_0.last_updusr_id,u1_0.last_updt_pnttm,u1_0.lock_at,u1_0.lock_cnt,u1_0.lock_last_pnttm,u1_0.mbtlnum,u1_0.ofcps_nm,u1_0.offm_telno,u1_0.orgnzt_id,u1_0.password,u1_0.password_cnsr,u1_0.password_hint,u1_0.chg_pwd_last_pnttm,u1_0.role,u1_0.sbscrb_de,u1_0.sexdstn_code,u1_0.crtfc_dn_value,u1_0.user_nm,u1_0.zip from nemplyrinfo u1_0 where u1_0.emplyr_id=?
2026-03-16 17:00:01 [http-nio-8080-exec-1] DEBUG o.s.orm.jpa.JpaTransactionManager - Found thread-bound EntityManager [SessionImpl(1839834612<open>)] for JPA transaction
2026-03-16 17:00:01 [http-nio-8080-exec-1] DEBUG o.s.orm.jpa.JpaTransactionManager - Participating in existing transaction
2026-03-16 17:00:01 [http-nio-8080-exec-1] DEBUG org.hibernate.SQL - select ua1_0.scrty_dtrmn_trget_id,ua1_0.author_code,ua1_0.frst_register_id,ua1_0.frst_regist_pnttm,ua1_0.last_updusr_id,ua1_0.last_updt_pnttm,ua1_0.mber_ty_code from nemplyrscrtyestbs ua1_0 where ua1_0.scrty_dtrmn_trget_id=?
2026-03-16 17:00:01 [http-nio-8080-exec-2] DEBUG o.s.orm.jpa.JpaTransactionManager - Found thread-bound EntityManager [SessionImpl(1117260400<open>)] for JPA transaction
2026-03-16 17:00:01 [http-nio-8080-exec-2] DEBUG o.s.orm.jpa.JpaTransactionManager - Participating in existing transaction
2026-03-16 17:00:01 [http-nio-8080-exec-2] DEBUG org.hibernate.SQL - select ua1_0.scrty_dtrmn_trget_id,ua1_0.author_code,ua1_0.frst_register_id,ua1_0.frst_regist_pnttm,ua1_0.last_updusr_id,ua1_0.last_updt_pnttm,ua1_0.mber_ty_code from nemplyrscrtyestbs ua1_0 where ua1_0.scrty_dtrmn_trget_id=?
2026-03-16 17:00:01 [http-nio-8080-exec-9] DEBUG org.hibernate.SQL - select count(b1_0.ntt_id) from nbbs b1_0 left join nemplyrinfo u1_0 on b1_0.frst_register_id=u1_0.esntl_id where (b1_0.use_at = 'Y') and b1_0.bbs_id=?
2026-03-16 17:00:01 [http-nio-8080-exec-6] DEBUG o.s.orm.jpa.JpaTransactionManager - Found thread-bound EntityManager [SessionImpl(1837068830<open>)] for JPA transaction
2026-03-16 17:00:01 [http-nio-8080-exec-6] DEBUG o.s.orm.jpa.JpaTransactionManager - Participating in existing transaction
2026-03-16 17:00:01 [http-nio-8080-exec-10] DEBUG o.s.orm.jpa.JpaTransactionManager - Found thread-bound EntityManager [SessionImpl(1516759998<open>)] for JPA transaction
2026-03-16 17:00:01 [http-nio-8080-exec-6] DEBUG org.hibernate.SQL - select ua1_0.scrty_dtrmn_trget_id,ua1_0.author_code,ua1_0.frst_register_id,ua1_0.frst_regist_pnttm,ua1_0.last_updusr_id,ua1_0.last_updt_pnttm,ua1_0.mber_ty_code from nemplyrscrtyestbs ua1_0 where ua1_0.scrty_dtrmn_trget_id=?
2026-03-16 17:00:01 [http-nio-8080-exec-10] DEBUG o.s.orm.jpa.JpaTransactionManager - Participating in existing transaction
2026-03-16 17:00:01 [http-nio-8080-exec-8] DEBUG o.s.orm.jpa.JpaTransactionManager - Found thread-bound EntityManager [SessionImpl(1449906122<open>)] for JPA transaction
2026-03-16 17:00:01 [http-nio-8080-exec-8] DEBUG o.s.orm.jpa.JpaTransactionManager - Participating in existing transaction
2026-03-16 17:00:01 [http-nio-8080-exec-8] DEBUG org.hibernate.SQL - select ua1_0.scrty_dtrmn_trget_id,ua1_0.author_code,ua1_0.frst_register_id,ua1_0.frst_regist_pnttm,ua1_0.last_updusr_id,ua1_0.last_updt_pnttm,ua1_0.mber_ty_code from nemplyrscrtyestbs ua1_0 where ua1_0.scrty_dtrmn_trget_id=?
2026-03-16 17:00:01 [http-nio-8080-exec-10] DEBUG org.hibernate.SQL - select ua1_0.scrty_dtrmn_trget_id,ua1_0.author_code,ua1_0.frst_register_id,ua1_0.frst_regist_pnttm,ua1_0.last_updusr_id,ua1_0.last_updt_pnttm,ua1_0.mber_ty_code from nemplyrscrtyestbs ua1_0 where ua1_0.scrty_dtrmn_trget_id=?
2026-03-16 17:00:01 [http-nio-8080-exec-2] DEBUG o.s.orm.jpa.JpaTransactionManager - Initiating transaction commit
2026-03-16 17:00:01 [http-nio-8080-exec-1] DEBUG o.s.orm.jpa.JpaTransactionManager - Initiating transaction commit
2026-03-16 17:00:01 [http-nio-8080-exec-1] DEBUG o.s.orm.jpa.JpaTransactionManager - Committing JPA transaction on EntityManager [SessionImpl(1839834612<open>)]
2026-03-16 17:00:01 [http-nio-8080-exec-2] DEBUG o.s.orm.jpa.JpaTransactionManager - Committing JPA transaction on EntityManager [SessionImpl(1117260400<open>)]
2026-03-16 17:00:01 [http-nio-8080-exec-9] DEBUG o.s.orm.jpa.JpaTransactionManager - Initiating transaction commit
2026-03-16 17:00:01 [http-nio-8080-exec-9] DEBUG o.s.orm.jpa.JpaTransactionManager - Committing JPA transaction on EntityManager [SessionImpl(632707392<open>)]
2026-03-16 17:00:01 [http-nio-8080-exec-6] DEBUG o.s.orm.jpa.JpaTransactionManager - Initiating transaction commit
2026-03-16 17:00:01 [http-nio-8080-exec-6] DEBUG o.s.orm.jpa.JpaTransactionManager - Committing JPA transaction on EntityManager [SessionImpl(1837068830<open>)]
2026-03-16 17:00:01 [http-nio-8080-exec-8] DEBUG o.s.orm.jpa.JpaTransactionManager - Initiating transaction commit
2026-03-16 17:00:01 [http-nio-8080-exec-8] DEBUG o.s.orm.jpa.JpaTransactionManager - Committing JPA transaction on EntityManager [SessionImpl(1449906122<open>)]
2026-03-16 17:00:01 [http-nio-8080-exec-10] DEBUG o.s.orm.jpa.JpaTransactionManager - Initiating transaction commit
2026-03-16 17:00:01 [http-nio-8080-exec-10] DEBUG o.s.orm.jpa.JpaTransactionManager - Committing JPA transaction on EntityManager [SessionImpl(1516759998<open>)]
2026-03-16 17:00:01 [http-nio-8080-exec-1] DEBUG o.s.orm.jpa.JpaTransactionManager - Closing JPA EntityManager [SessionImpl(1839834612<open>)] after transaction
2026-03-16 17:00:01 [http-nio-8080-exec-1] DEBUG c.c.p.s.jwt.JwtAuthenticationFilter - >>> [JwtFilter] Successfully authenticated user: USRCNFRM_99999999999, Authorities: [ROLE_ADMIN]
2026-03-16 17:00:01 [http-nio-8080-exec-1] DEBUG o.s.web.servlet.DispatcherServlet - GET "/api/v1/menu/left?menuNo=40", parameters={masked}
2026-03-16 17:00:01 [http-nio-8080-exec-1] TRACE o.s.w.s.m.m.a.RequestMappingHandlerMapping - Mapped to com.company.project.api.controller.menu.MenuController#getLeftMenu(Long)
2026-03-16 17:00:01 [http-nio-8080-exec-2] DEBUG o.s.orm.jpa.JpaTransactionManager - Closing JPA EntityManager [SessionImpl(1117260400<open>)] after transaction
2026-03-16 17:00:01 [http-nio-8080-exec-9] DEBUG o.s.orm.jpa.JpaTransactionManager - Closing JPA EntityManager [SessionImpl(632707392<open>)] after transaction
2026-03-16 17:00:01 [http-nio-8080-exec-2] DEBUG c.c.p.s.jwt.JwtAuthenticationFilter - >>> [JwtFilter] Successfully authenticated user: USRCNFRM_99999999999, Authorities: [ROLE_ADMIN]
2026-03-16 17:00:01 [http-nio-8080-exec-9] DEBUG o.s.orm.jpa.JpaTransactionManager - Creating new transaction with name [com.company.project.service.board.BoardService.getBoardPosts]: PROPAGATION_REQUIRED,ISOLATION_DEFAULT,readOnly
2026-03-16 17:00:01 [http-nio-8080-exec-9] DEBUG o.s.orm.jpa.JpaTransactionManager - Opened new EntityManager [SessionImpl(1184139784<open>)] for JPA transaction
2026-03-16 17:00:01 [http-nio-8080-exec-1] INFO  c.c.p.a.c.menu.MenuController - getLeftMenu called with menuNo=40
2026-03-16 17:00:01 [http-nio-8080-exec-2] DEBUG o.s.web.servlet.DispatcherServlet - GET "/api/v1/menu/left?menuNo=10", parameters={masked}
2026-03-16 17:00:01 [http-nio-8080-exec-9] DEBUG o.s.orm.jpa.JpaTransactionManager - Exposing JPA transaction as JDBC [org.springframework.orm.jpa.vendor.HibernateJpaDialect$HibernateConnectionHandle@2b72f58f]
2026-03-16 17:00:01 [http-nio-8080-exec-1] DEBUG o.s.orm.jpa.JpaTransactionManager - Creating new transaction with name [com.company.project.service.menu.MenuService.getSubMenus]: PROPAGATION_REQUIRED,ISOLATION_DEFAULT,readOnly
2026-03-16 17:00:01 [http-nio-8080-exec-1] DEBUG o.s.orm.jpa.JpaTransactionManager - Opened new EntityManager [SessionImpl(1366790238<open>)] for JPA transaction
2026-03-16 17:00:01 [http-nio-8080-exec-9] DEBUG o.s.orm.jpa.JpaTransactionManager - Found thread-bound EntityManager [SessionImpl(1184139784<open>)] for JPA transaction
2026-03-16 17:00:01 [http-nio-8080-exec-2] TRACE o.s.w.s.m.m.a.RequestMappingHandlerMapping - Mapped to com.company.project.api.controller.menu.MenuController#getLeftMenu(Long)
2026-03-16 17:00:01 [http-nio-8080-exec-1] DEBUG o.s.orm.jpa.JpaTransactionManager - Exposing JPA transaction as JDBC [org.springframework.orm.jpa.vendor.HibernateJpaDialect$HibernateConnectionHandle@6dac88e9]
2026-03-16 17:00:01 [http-nio-8080-exec-9] DEBUG o.s.orm.jpa.JpaTransactionManager - Participating in existing transaction
2026-03-16 17:00:01 [http-nio-8080-exec-9] DEBUG org.hibernate.SQL - select bm1_0.bbs_id,bm1_0.atch_posbl_file_number,bm1_0.atch_posbl_file_size,bm1_0.bbs_attrb_code,bm1_0.bbs_intrcn,bm1_0.bbs_nm,bm1_0.bbs_ty_code,bm1_0.blog_at,bm1_0.blog_id,bm1_0.cmmnty_id,bm1_0.frst_register_id,bm1_0.frst_regist_pnttm,bm1_0.file_atch_posbl_at,bm1_0.last_updusr_id,bm1_0.last_updt_pnttm,bm1_0.reply_posbl_at,bm1_0.tmplat_id,bm1_0.use_at,bm1_1.answer_at,bm1_1.stsfdg_at from nbbsmaster bm1_0 left join nbbsmasteroptn bm1_1 on bm1_0.bbs_id=bm1_1.bbs_id where bm1_0.bbs_id=?
2026-03-16 17:00:01 [http-nio-8080-exec-2] INFO  c.c.p.a.c.menu.MenuController - getLeftMenu called with menuNo=10
2026-03-16 17:00:01 [http-nio-8080-exec-2] DEBUG o.s.orm.jpa.JpaTransactionManager - Creating new transaction with name [com.company.project.service.menu.MenuService.getSubMenus]: PROPAGATION_REQUIRED,ISOLATION_DEFAULT,readOnly
2026-03-16 17:00:01 [http-nio-8080-exec-2] DEBUG o.s.orm.jpa.JpaTransactionManager - Opened new EntityManager [SessionImpl(313840844<open>)] for JPA transaction
2026-03-16 17:00:01 [http-nio-8080-exec-2] DEBUG o.s.orm.jpa.JpaTransactionManager - Exposing JPA transaction as JDBC [org.springframework.orm.jpa.vendor.HibernateJpaDialect$HibernateConnectionHandle@199791cb]
2026-03-16 17:00:01 [http-nio-8080-exec-2] DEBUG org.hibernate.SQL - select m1_0.menu_no,m1_0.menu_dc,m1_0.menu_nm,m1_0.menu_ordr,m1_0.modern_route,m1_0.progrm_file_nm,m1_0.relate_image_nm,m1_0.relate_image_path,m1_0.route_updated_at,m1_0.upper_menu_no from nmenuinfo m1_0 order by m1_0.upper_menu_no,m1_0.menu_ordr
2026-03-16 17:00:01 [http-nio-8080-exec-1] DEBUG org.hibernate.SQL - select m1_0.menu_no,m1_0.menu_dc,m1_0.menu_nm,m1_0.menu_ordr,m1_0.modern_route,m1_0.progrm_file_nm,m1_0.relate_image_nm,m1_0.relate_image_path,m1_0.route_updated_at,m1_0.upper_menu_no from nmenuinfo m1_0 order by m1_0.upper_menu_no,m1_0.menu_ordr
2026-03-16 17:00:01 [http-nio-8080-exec-10] DEBUG o.s.orm.jpa.JpaTransactionManager - Closing JPA EntityManager [SessionImpl(1516759998<open>)] after transaction
2026-03-16 17:00:01 [http-nio-8080-exec-10] DEBUG c.c.p.s.jwt.JwtAuthenticationFilter - >>> [JwtFilter] Successfully authenticated user: USRCNFRM_99999999999, Authorities: [ROLE_ADMIN]
2026-03-16 17:00:01 [http-nio-8080-exec-10] DEBUG o.s.web.servlet.DispatcherServlet - GET "/api/v1/menu/left?menuNo=60", parameters={masked}
2026-03-16 17:00:01 [http-nio-8080-exec-10] TRACE o.s.w.s.m.m.a.RequestMappingHandlerMapping - Mapped to com.company.project.api.controller.menu.MenuController#getLeftMenu(Long)
2026-03-16 17:00:01 [http-nio-8080-exec-10] INFO  c.c.p.a.c.menu.MenuController - getLeftMenu called with menuNo=60
2026-03-16 17:00:01 [http-nio-8080-exec-10] DEBUG o.s.orm.jpa.JpaTransactionManager - Creating new transaction with name [com.company.project.service.menu.MenuService.getSubMenus]: PROPAGATION_REQUIRED,ISOLATION_DEFAULT,readOnly
2026-03-16 17:00:01 [http-nio-8080-exec-10] DEBUG o.s.orm.jpa.JpaTransactionManager - Opened new EntityManager [SessionImpl(2006645290<open>)] for JPA transaction
2026-03-16 17:00:01 [http-nio-8080-exec-10] DEBUG o.s.orm.jpa.JpaTransactionManager - Exposing JPA transaction as JDBC [org.springframework.orm.jpa.vendor.HibernateJpaDialect$HibernateConnectionHandle@35b9433e]
2026-03-16 17:00:01 [http-nio-8080-exec-10] DEBUG org.hibernate.SQL - select m1_0.menu_no,m1_0.menu_dc,m1_0.menu_nm,m1_0.menu_ordr,m1_0.modern_route,m1_0.progrm_file_nm,m1_0.relate_image_nm,m1_0.relate_image_path,m1_0.route_updated_at,m1_0.upper_menu_no from nmenuinfo m1_0 order by m1_0.upper_menu_no,m1_0.menu_ordr
2026-03-16 17:00:01 [http-nio-8080-exec-8] DEBUG o.s.orm.jpa.JpaTransactionManager - Closing JPA EntityManager [SessionImpl(1449906122<open>)] after transaction
2026-03-16 17:00:01 [http-nio-8080-exec-8] DEBUG c.c.p.s.jwt.JwtAuthenticationFilter - >>> [JwtFilter] Successfully authenticated user: USRCNFRM_99999999999, Authorities: [ROLE_ADMIN]
2026-03-16 17:00:01 [http-nio-8080-exec-6] DEBUG o.s.orm.jpa.JpaTransactionManager - Closing JPA EntityManager [SessionImpl(1837068830<open>)] after transaction
2026-03-16 17:00:01 [http-nio-8080-exec-8] DEBUG o.s.web.servlet.DispatcherServlet - GET "/api/v1/menu/left?menuNo=50", parameters={masked}
2026-03-16 17:00:01 [http-nio-8080-exec-6] DEBUG c.c.p.s.jwt.JwtAuthenticationFilter - >>> [JwtFilter] Successfully authenticated user: USRCNFRM_99999999999, Authorities: [ROLE_ADMIN]
2026-03-16 17:00:01 [http-nio-8080-exec-8] TRACE o.s.w.s.m.m.a.RequestMappingHandlerMapping - Mapped to com.company.project.api.controller.menu.MenuController#getLeftMenu(Long)
2026-03-16 17:00:01 [http-nio-8080-exec-6] DEBUG o.s.web.servlet.DispatcherServlet - GET "/api/v1/menu/left?menuNo=20", parameters={masked}
2026-03-16 17:00:01 [http-nio-8080-exec-6] TRACE o.s.w.s.m.m.a.RequestMappingHandlerMapping - Mapped to com.company.project.api.controller.menu.MenuController#getLeftMenu(Long)
2026-03-16 17:00:01 [http-nio-8080-exec-8] INFO  c.c.p.a.c.menu.MenuController - getLeftMenu called with menuNo=50
2026-03-16 17:00:01 [http-nio-8080-exec-8] DEBUG o.s.orm.jpa.JpaTransactionManager - Creating new transaction with name [com.company.project.service.menu.MenuService.getSubMenus]: PROPAGATION_REQUIRED,ISOLATION_DEFAULT,readOnly
2026-03-16 17:00:01 [http-nio-8080-exec-6] INFO  c.c.p.a.c.menu.MenuController - getLeftMenu called with menuNo=20
2026-03-16 17:00:01 [http-nio-8080-exec-8] DEBUG o.s.orm.jpa.JpaTransactionManager - Opened new EntityManager [SessionImpl(1416788433<open>)] for JPA transaction
2026-03-16 17:00:01 [http-nio-8080-exec-6] DEBUG o.s.orm.jpa.JpaTransactionManager - Creating new transaction with name [com.company.project.service.menu.MenuService.getSubMenus]: PROPAGATION_REQUIRED,ISOLATION_DEFAULT,readOnly
2026-03-16 17:00:01 [http-nio-8080-exec-8] DEBUG o.s.orm.jpa.JpaTransactionManager - Exposing JPA transaction as JDBC [org.springframework.orm.jpa.vendor.HibernateJpaDialect$HibernateConnectionHandle@49d33aa5]
2026-03-16 17:00:01 [http-nio-8080-exec-6] DEBUG o.s.orm.jpa.JpaTransactionManager - Opened new EntityManager [SessionImpl(952706115<open>)] for JPA transaction
2026-03-16 17:00:01 [http-nio-8080-exec-6] DEBUG o.s.orm.jpa.JpaTransactionManager - Exposing JPA transaction as JDBC [org.springframework.orm.jpa.vendor.HibernateJpaDialect$HibernateConnectionHandle@474f6e0c]
2026-03-16 17:00:01 [http-nio-8080-exec-8] DEBUG org.hibernate.SQL - select m1_0.menu_no,m1_0.menu_dc,m1_0.menu_nm,m1_0.menu_ordr,m1_0.modern_route,m1_0.progrm_file_nm,m1_0.relate_image_nm,m1_0.relate_image_path,m1_0.route_updated_at,m1_0.upper_menu_no from nmenuinfo m1_0 order by m1_0.upper_menu_no,m1_0.menu_ordr
2026-03-16 17:00:01 [http-nio-8080-exec-6] DEBUG org.hibernate.SQL - select m1_0.menu_no,m1_0.menu_dc,m1_0.menu_nm,m1_0.menu_ordr,m1_0.modern_route,m1_0.progrm_file_nm,m1_0.relate_image_nm,m1_0.relate_image_path,m1_0.route_updated_at,m1_0.upper_menu_no from nmenuinfo m1_0 order by m1_0.upper_menu_no,m1_0.menu_ordr
2026-03-16 17:00:01 [http-nio-8080-exec-9] DEBUG org.hibernate.SQL - select b1_0.ntt_id,b1_0.bbs_id,b1_0.ntt_sj,b1_0.ntcr_nm,b1_0.frst_regist_pnttm,b1_0.rdcnt,b1_0.answer_at,b1_0.parntsctt_no,b1_0.answer_lc,b1_0.sort_ordr,b1_0.ntt_no,b1_0.notice_at,b1_0.secret_at,b1_0.comment_co from nbbs b1_0 left join nemplyrinfo u1_0 on b1_0.frst_register_id=u1_0.esntl_id where (b1_0.use_at = 'Y') and b1_0.bbs_id=? order by b1_0.sort_ordr desc,b1_0.ntt_no offset ? rows fetch first ? rows only
2026-03-16 17:00:01 [http-nio-8080-exec-2] DEBUG o.s.orm.jpa.JpaTransactionManager - Found thread-bound EntityManager [SessionImpl(313840844<open>)] for JPA transaction
2026-03-16 17:00:01 [http-nio-8080-exec-2] DEBUG o.s.orm.jpa.JpaTransactionManager - Participating in existing transaction
2026-03-16 17:00:01 [http-nio-8080-exec-2] DEBUG org.hibernate.SQL - select p1_0.progrm_file_nm,p1_0.progrm_dc,p1_0.progrm_korean_nm,p1_0.progrm_stre_path,p1_0.url from nprogrmlist p1_0
2026-03-16 17:00:01 [http-nio-8080-exec-9] DEBUG org.hibernate.SQL - select count(b1_0.ntt_id) from nbbs b1_0 left join nemplyrinfo u1_0 on b1_0.frst_register_id=u1_0.esntl_id where (b1_0.use_at = 'Y') and b1_0.bbs_id=?
2026-03-16 17:00:01 [http-nio-8080-exec-1] DEBUG o.s.orm.jpa.JpaTransactionManager - Found thread-bound EntityManager [SessionImpl(1366790238<open>)] for JPA transaction
2026-03-16 17:00:01 [http-nio-8080-exec-1] DEBUG o.s.orm.jpa.JpaTransactionManager - Participating in existing transaction
2026-03-16 17:00:01 [http-nio-8080-exec-1] DEBUG org.hibernate.SQL - select p1_0.progrm_file_nm,p1_0.progrm_dc,p1_0.progrm_korean_nm,p1_0.progrm_stre_path,p1_0.url from nprogrmlist p1_0
2026-03-16 17:00:01 [http-nio-8080-exec-10] DEBUG o.s.orm.jpa.JpaTransactionManager - Found thread-bound EntityManager [SessionImpl(2006645290<open>)] for JPA transaction
2026-03-16 17:00:01 [http-nio-8080-exec-10] DEBUG o.s.orm.jpa.JpaTransactionManager - Participating in existing transaction
2026-03-16 17:00:01 [http-nio-8080-exec-10] DEBUG org.hibernate.SQL - select p1_0.progrm_file_nm,p1_0.progrm_dc,p1_0.progrm_korean_nm,p1_0.progrm_stre_path,p1_0.url from nprogrmlist p1_0
2026-03-16 17:00:01 [http-nio-8080-exec-8] DEBUG o.s.orm.jpa.JpaTransactionManager - Found thread-bound EntityManager [SessionImpl(1416788433<open>)] for JPA transaction
2026-03-16 17:00:01 [http-nio-8080-exec-8] DEBUG o.s.orm.jpa.JpaTransactionManager - Participating in existing transaction
2026-03-16 17:00:01 [http-nio-8080-exec-6] DEBUG o.s.orm.jpa.JpaTransactionManager - Found thread-bound EntityManager [SessionImpl(952706115<open>)] for JPA transaction
2026-03-16 17:00:01 [http-nio-8080-exec-6] DEBUG o.s.orm.jpa.JpaTransactionManager - Participating in existing transaction
2026-03-16 17:00:01 [http-nio-8080-exec-8] DEBUG org.hibernate.SQL - select p1_0.progrm_file_nm,p1_0.progrm_dc,p1_0.progrm_korean_nm,p1_0.progrm_stre_path,p1_0.url from nprogrmlist p1_0
2026-03-16 17:00:01 [http-nio-8080-exec-6] DEBUG org.hibernate.SQL - select p1_0.progrm_file_nm,p1_0.progrm_dc,p1_0.progrm_korean_nm,p1_0.progrm_stre_path,p1_0.url from nprogrmlist p1_0
2026-03-16 17:00:02 [http-nio-8080-exec-9] DEBUG o.s.orm.jpa.JpaTransactionManager - Initiating transaction commit
2026-03-16 17:00:02 [http-nio-8080-exec-9] DEBUG o.s.orm.jpa.JpaTransactionManager - Committing JPA transaction on EntityManager [SessionImpl(1184139784<open>)]
2026-03-16 17:00:02 [http-nio-8080-exec-2] DEBUG o.s.orm.jpa.JpaTransactionManager - Initiating transaction commit
2026-03-16 17:00:02 [http-nio-8080-exec-2] DEBUG o.s.orm.jpa.JpaTransactionManager - Committing JPA transaction on EntityManager [SessionImpl(313840844<open>)]
2026-03-16 17:00:02 [http-nio-8080-exec-1] DEBUG o.s.orm.jpa.JpaTransactionManager - Initiating transaction commit
2026-03-16 17:00:02 [http-nio-8080-exec-1] DEBUG o.s.orm.jpa.JpaTransactionManager - Committing JPA transaction on EntityManager [SessionImpl(1366790238<open>)]
2026-03-16 17:00:02 [http-nio-8080-exec-10] DEBUG o.s.orm.jpa.JpaTransactionManager - Initiating transaction commit
2026-03-16 17:00:02 [http-nio-8080-exec-10] DEBUG o.s.orm.jpa.JpaTransactionManager - Committing JPA transaction on EntityManager [SessionImpl(2006645290<open>)]
2026-03-16 17:00:02 [http-nio-8080-exec-6] DEBUG o.s.orm.jpa.JpaTransactionManager - Initiating transaction commit
2026-03-16 17:00:02 [http-nio-8080-exec-6] DEBUG o.s.orm.jpa.JpaTransactionManager - Committing JPA transaction on EntityManager [SessionImpl(952706115<open>)]
2026-03-16 17:00:02 [http-nio-8080-exec-8] DEBUG o.s.orm.jpa.JpaTransactionManager - Initiating transaction commit
2026-03-16 17:00:02 [http-nio-8080-exec-8] DEBUG o.s.orm.jpa.JpaTransactionManager - Committing JPA transaction on EntityManager [SessionImpl(1416788433<open>)]
2026-03-16 17:00:02 [http-nio-8080-exec-2] DEBUG o.s.orm.jpa.JpaTransactionManager - Closing JPA EntityManager [SessionImpl(313840844<open>)] after transaction
2026-03-16 17:00:02 [http-nio-8080-exec-9] DEBUG o.s.orm.jpa.JpaTransactionManager - Closing JPA EntityManager [SessionImpl(1184139784<open>)] after transaction
2026-03-16 17:00:02 [http-nio-8080-exec-2] INFO  c.c.p.a.c.menu.MenuController - getLeftMenu returned 5 items
2026-03-16 17:00:02 [http-nio-8080-exec-9] DEBUG o.s.orm.jpa.JpaTransactionManager - Creating new transaction with name [com.company.project.service.informalsanction.InformalSanctionServiceImpl.getReceivedInformalSanctionList]: PROPAGATION_REQUIRED,ISOLATION_DEFAULT,readOnly
2026-03-16 17:00:02 [http-nio-8080-exec-9] DEBUG o.s.orm.jpa.JpaTransactionManager - Opened new EntityManager [SessionImpl(1788689119<open>)] for JPA transaction
2026-03-16 17:00:02 [http-nio-8080-exec-2] DEBUG o.s.w.s.m.m.a.HttpEntityMethodProcessor - Using 'application/json', given [application/json, text/plain, */*] and supported [application/json, application/*+json, application/yaml]
2026-03-16 17:00:02 [http-nio-8080-exec-9] DEBUG o.s.orm.jpa.JpaTransactionManager - Exposing JPA transaction as JDBC [org.springframework.orm.jpa.vendor.HibernateJpaDialect$HibernateConnectionHandle@77f69828]
2026-03-16 17:00:02 [http-nio-8080-exec-2] TRACE o.s.w.s.m.m.a.HttpEntityMethodProcessor - Writing [ApiResponse[success=true, status=200, code=COMMON_001, message=Success, data={list=[com.company.project.service.menu.dto.MenuDto@2adb24bd, com.company.project.service.menu.dto.MenuDto@38e898d9, com.company.project.service.menu.dto.MenuDto@3a192a70, com.company.project.service.menu.dto.MenuDto@7b851133, com.company.project.service.menu.dto.MenuDto@8882c32]}, timestamp=2026-03-16T17:00:02.198080700]]
2026-03-16 17:00:02 [http-nio-8080-exec-2] INFO  c.c.p.a.i.OperationalAuditInterceptor - API Audit Log: URL=/api/v1/menu/left, User=webmaster, IP=0:0:0:0:0:0:0:1
2026-03-16 17:00:02 [http-nio-8080-exec-2] DEBUG o.s.web.servlet.DispatcherServlet - Completed 200 OK
2026-03-16 17:00:02 [http-nio-8080-exec-9] DEBUG org.hibernate.SQL - select is1_0.infrml_sanctn_id,is1_0.applcnt_id,is1_0.confm_at,is1_0.frst_register_id,is1_0.frst_regist_pnttm,is1_0.job_se_code,is1_0.last_updusr_id,is1_0.last_updt_pnttm,is1_0.reqst_de,is1_0.return_resn,is1_0.sanctn_dt,is1_0.sanctner_id from ninfrmlsanctn is1_0 where is1_0.sanctner_id=?
2026-03-16 17:00:02 [http-nio-8080-exec-1] DEBUG o.s.orm.jpa.JpaTransactionManager - Closing JPA EntityManager [SessionImpl(1366790238<open>)] after transaction
2026-03-16 17:00:02 [http-nio-8080-exec-1] INFO  c.c.p.a.c.menu.MenuController - getLeftMenu returned 2 items
2026-03-16 17:00:02 [http-nio-8080-exec-1] DEBUG o.s.w.s.m.m.a.HttpEntityMethodProcessor - Using 'application/json', given [application/json, text/plain, */*] and supported [application/json, application/*+json, application/yaml]
2026-03-16 17:00:02 [http-nio-8080-exec-1] TRACE o.s.w.s.m.m.a.HttpEntityMethodProcessor - Writing [ApiResponse[success=true, status=200, code=COMMON_001, message=Success, data={list=[com.company.project.service.menu.dto.MenuDto@7e66d3ac, com.company.project.service.menu.dto.MenuDto@235e6b3e]}, timestamp=2026-03-16T17:00:02.200087100]]
2026-03-16 17:00:02 [http-nio-8080-exec-1] INFO  c.c.p.a.i.OperationalAuditInterceptor - API Audit Log: URL=/api/v1/menu/left, User=webmaster, IP=0:0:0:0:0:0:0:1
2026-03-16 17:00:02 [http-nio-8080-exec-1] DEBUG o.s.web.servlet.DispatcherServlet - Completed 200 OK
2026-03-16 17:00:02 [http-nio-8080-exec-10] DEBUG o.s.orm.jpa.JpaTransactionManager - Closing JPA EntityManager [SessionImpl(2006645290<open>)] after transaction
2026-03-16 17:00:02 [http-nio-8080-exec-10] INFO  c.c.p.a.c.menu.MenuController - getLeftMenu returned 1 items
2026-03-16 17:00:02 [http-nio-8080-exec-10] DEBUG o.s.w.s.m.m.a.HttpEntityMethodProcessor - Using 'application/json', given [application/json, text/plain, */*] and supported [application/json, application/*+json, application/yaml]
2026-03-16 17:00:02 [http-nio-8080-exec-10] TRACE o.s.w.s.m.m.a.HttpEntityMethodProcessor - Writing [ApiResponse[success=true, status=200, code=COMMON_001, message=Success, data={list=[com.company.project.service.menu.dto.MenuDto@2b873974]}, timestamp=2026-03-16T17:00:02.244683600]]
2026-03-16 17:00:02 [http-nio-8080-exec-10] INFO  c.c.p.a.i.OperationalAuditInterceptor - API Audit Log: URL=/api/v1/menu/left, User=webmaster, IP=0:0:0:0:0:0:0:1
2026-03-16 17:00:02 [http-nio-8080-exec-10] DEBUG o.s.web.servlet.DispatcherServlet - Completed 200 OK
2026-03-16 17:00:02 [http-nio-8080-exec-6] DEBUG o.s.orm.jpa.JpaTransactionManager - Closing JPA EntityManager [SessionImpl(952706115<open>)] after transaction
2026-03-16 17:00:02 [http-nio-8080-exec-6] INFO  c.c.p.a.c.menu.MenuController - getLeftMenu returned 3 items
2026-03-16 17:00:02 [http-nio-8080-exec-6] DEBUG o.s.w.s.m.m.a.HttpEntityMethodProcessor - Using 'application/json', given [application/json, text/plain, */*] and supported [application/json, application/*+json, application/yaml]
2026-03-16 17:00:02 [http-nio-8080-exec-6] TRACE o.s.w.s.m.m.a.HttpEntityMethodProcessor - Writing [ApiResponse[success=true, status=200, code=COMMON_001, message=Success, data={list=[com.company.project.service.menu.dto.MenuDto@46b755a6, com.company.project.service.menu.dto.MenuDto@a8bf7e9, com.company.project.service.menu.dto.MenuDto@7f365526]}, timestamp=2026-03-16T17:00:02.247021300]]
2026-03-16 17:00:02 [http-nio-8080-exec-6] INFO  c.c.p.a.i.OperationalAuditInterceptor - API Audit Log: URL=/api/v1/menu/left, User=webmaster, IP=0:0:0:0:0:0:0:1
2026-03-16 17:00:02 [http-nio-8080-exec-6] DEBUG o.s.web.servlet.DispatcherServlet - Completed 200 OK
2026-03-16 17:00:02 [http-nio-8080-exec-8] DEBUG o.s.orm.jpa.JpaTransactionManager - Closing JPA EntityManager [SessionImpl(1416788433<open>)] after transaction
2026-03-16 17:00:02 [http-nio-8080-exec-8] INFO  c.c.p.a.c.menu.MenuController - getLeftMenu returned 3 items
2026-03-16 17:00:02 [http-nio-8080-exec-8] DEBUG o.s.w.s.m.m.a.HttpEntityMethodProcessor - Using 'application/json', given [application/json, text/plain, */*] and supported [application/json, application/*+json, application/yaml]
2026-03-16 17:00:02 [http-nio-8080-exec-8] TRACE o.s.w.s.m.m.a.HttpEntityMethodProcessor - Writing [ApiResponse[success=true, status=200, code=COMMON_001, message=Success, data={list=[com.company.project.service.menu.dto.MenuDto@3c06390, com.company.project.service.menu.dto.MenuDto@7dae6793, com.company.project.service.menu.dto.MenuDto@3bde4499]}, timestamp=2026-03-16T17:00:02.252535900]]
2026-03-16 17:00:02 [http-nio-8080-exec-8] INFO  c.c.p.a.i.OperationalAuditInterceptor - API Audit Log: URL=/api/v1/menu/left, User=webmaster, IP=0:0:0:0:0:0:0:1
2026-03-16 17:00:02 [http-nio-8080-exec-8] DEBUG o.s.web.servlet.DispatcherServlet - Completed 200 OK
2026-03-16 17:00:02 [http-nio-8080-exec-9] DEBUG o.s.orm.jpa.JpaTransactionManager - Initiating transaction commit
2026-03-16 17:00:02 [http-nio-8080-exec-9] DEBUG o.s.orm.jpa.JpaTransactionManager - Committing JPA transaction on EntityManager [SessionImpl(1788689119<open>)]
2026-03-16 17:00:02 [http-nio-8080-exec-9] DEBUG o.s.orm.jpa.JpaTransactionManager - Closing JPA EntityManager [SessionImpl(1788689119<open>)] after transaction
2026-03-16 17:00:02 [http-nio-8080-exec-9] DEBUG o.s.w.s.m.m.a.HttpEntityMethodProcessor - Using 'application/json', given [application/json, text/plain, */*] and supported [application/json, application/*+json, application/yaml]
2026-03-16 17:00:02 [http-nio-8080-exec-9] TRACE o.s.w.s.m.m.a.HttpEntityMethodProcessor - Writing [{notiList=[com.company.project.service.board.dto.BoardDto@79d24136], success=true, taskList=[com.company.project.service.board.dto.BoardDto@8ac90dd], pendingApprovalCount=0}]
2026-03-16 17:00:02 [http-nio-8080-exec-9] INFO  c.c.p.a.i.OperationalAuditInterceptor - API Audit Log: URL=/api/v1/dashboard, User=webmaster, IP=0:0:0:0:0:0:0:1
2026-03-16 17:00:02 [http-nio-8080-exec-9] DEBUG o.s.web.servlet.DispatcherServlet - Completed 200 OK
2026-03-16 17:00:02 [http-nio-8080-exec-5] DEBUG c.c.p.s.jwt.JwtAuthenticationFilter - >>> [JwtFilter] Processing request: GET /api/v1/menu/head
2026-03-16 17:00:02 [http-nio-8080-exec-3] DEBUG c.c.p.s.jwt.JwtAuthenticationFilter - >>> [JwtFilter] Processing request: GET /api/v1/menu/left
2026-03-16 17:00:02 [http-nio-8080-exec-7] DEBUG c.c.p.s.jwt.JwtAuthenticationFilter - >>> [JwtFilter] Processing request: GET /api/v1/auth/me
2026-03-16 17:00:02 [http-nio-8080-exec-5] DEBUG c.c.p.s.jwt.JwtAuthenticationFilter - >>> [JwtFilter] Found token in header for path: /api/v1/menu/head
2026-03-16 17:00:02 [http-nio-8080-exec-3] DEBUG c.c.p.s.jwt.JwtAuthenticationFilter - >>> [JwtFilter] Found token in header for path: /api/v1/menu/left
2026-03-16 17:00:02 [http-nio-8080-exec-7] DEBUG c.c.p.s.jwt.JwtAuthenticationFilter - >>> [JwtFilter] Found token in header for path: /api/v1/auth/me
2026-03-16 17:00:02 [http-nio-8080-exec-7] DEBUG o.s.orm.jpa.JpaTransactionManager - Creating new transaction with name [com.company.project.security.iam.CustomUserDetailsService.loadUserByUsername]: PROPAGATION_REQUIRED,ISOLATION_DEFAULT,readOnly
2026-03-16 17:00:02 [http-nio-8080-exec-5] DEBUG o.s.orm.jpa.JpaTransactionManager - Creating new transaction with name [com.company.project.security.iam.CustomUserDetailsService.loadUserByUsername]: PROPAGATION_REQUIRED,ISOLATION_DEFAULT,readOnly
2026-03-16 17:00:02 [http-nio-8080-exec-3] DEBUG o.s.orm.jpa.JpaTransactionManager - Creating new transaction with name [com.company.project.security.iam.CustomUserDetailsService.loadUserByUsername]: PROPAGATION_REQUIRED,ISOLATION_DEFAULT,readOnly
2026-03-16 17:00:02 [http-nio-8080-exec-7] DEBUG o.s.orm.jpa.JpaTransactionManager - Opened new EntityManager [SessionImpl(909993444<open>)] for JPA transaction
2026-03-16 17:00:02 [http-nio-8080-exec-3] DEBUG o.s.orm.jpa.JpaTransactionManager - Opened new EntityManager [SessionImpl(928292692<open>)] for JPA transaction
2026-03-16 17:00:02 [http-nio-8080-exec-5] DEBUG o.s.orm.jpa.JpaTransactionManager - Opened new EntityManager [SessionImpl(1872983091<open>)] for JPA transaction
2026-03-16 17:00:02 [http-nio-8080-exec-3] DEBUG o.s.orm.jpa.JpaTransactionManager - Exposing JPA transaction as JDBC [org.springframework.orm.jpa.vendor.HibernateJpaDialect$HibernateConnectionHandle@1edbdef4]
2026-03-16 17:00:02 [http-nio-8080-exec-5] DEBUG o.s.orm.jpa.JpaTransactionManager - Exposing JPA transaction as JDBC [org.springframework.orm.jpa.vendor.HibernateJpaDialect$HibernateConnectionHandle@6ea07c4b]
2026-03-16 17:00:02 [http-nio-8080-exec-7] DEBUG o.s.orm.jpa.JpaTransactionManager - Exposing JPA transaction as JDBC [org.springframework.orm.jpa.vendor.HibernateJpaDialect$HibernateConnectionHandle@1d631585]
2026-03-16 17:00:02 [http-nio-8080-exec-3] DEBUG o.s.orm.jpa.JpaTransactionManager - Found thread-bound EntityManager [SessionImpl(928292692<open>)] for JPA transaction
2026-03-16 17:00:02 [http-nio-8080-exec-5] DEBUG o.s.orm.jpa.JpaTransactionManager - Found thread-bound EntityManager [SessionImpl(1872983091<open>)] for JPA transaction
2026-03-16 17:00:02 [http-nio-8080-exec-3] DEBUG o.s.orm.jpa.JpaTransactionManager - Participating in existing transaction
2026-03-16 17:00:02 [http-nio-8080-exec-5] DEBUG o.s.orm.jpa.JpaTransactionManager - Participating in existing transaction
2026-03-16 17:00:02 [http-nio-8080-exec-7] DEBUG o.s.orm.jpa.JpaTransactionManager - Found thread-bound EntityManager [SessionImpl(909993444<open>)] for JPA transaction
2026-03-16 17:00:02 [http-nio-8080-exec-5] DEBUG org.hibernate.SQL - select u1_0.emplyr_id,u1_0.area_no,u1_0.brthdy,u1_0.chg_pwd_cnt,u1_0.frst_register_id,u1_0.frst_regist_pnttm,u1_0.detail_adres,u1_0.email_adres,u1_0.emplyr_sttus_code,u1_0.empl_no,u1_0.esntl_id,u1_0.fxnum,u1_0.group_id,u1_0.house_adres,u1_0.house_end_telno,u1_0.house_middle_telno,u1_0.ihidnum,u1_0.pstinst_code,u1_0.last_updusr_id,u1_0.last_updt_pnttm,u1_0.lock_at,u1_0.lock_cnt,u1_0.lock_last_pnttm,u1_0.mbtlnum,u1_0.ofcps_nm,u1_0.offm_telno,u1_0.orgnzt_id,u1_0.password,u1_0.password_cnsr,u1_0.password_hint,u1_0.chg_pwd_last_pnttm,u1_0.role,u1_0.sbscrb_de,u1_0.sexdstn_code,u1_0.crtfc_dn_value,u1_0.user_nm,u1_0.zip from nemplyrinfo u1_0 where u1_0.emplyr_id=?
2026-03-16 17:00:02 [http-nio-8080-exec-7] DEBUG o.s.orm.jpa.JpaTransactionManager - Participating in existing transaction
2026-03-16 17:00:02 [http-nio-8080-exec-3] DEBUG org.hibernate.SQL - select u1_0.emplyr_id,u1_0.area_no,u1_0.brthdy,u1_0.chg_pwd_cnt,u1_0.frst_register_id,u1_0.frst_regist_pnttm,u1_0.detail_adres,u1_0.email_adres,u1_0.emplyr_sttus_code,u1_0.empl_no,u1_0.esntl_id,u1_0.fxnum,u1_0.group_id,u1_0.house_adres,u1_0.house_end_telno,u1_0.house_middle_telno,u1_0.ihidnum,u1_0.pstinst_code,u1_0.last_updusr_id,u1_0.last_updt_pnttm,u1_0.lock_at,u1_0.lock_cnt,u1_0.lock_last_pnttm,u1_0.mbtlnum,u1_0.ofcps_nm,u1_0.offm_telno,u1_0.orgnzt_id,u1_0.password,u1_0.password_cnsr,u1_0.password_hint,u1_0.chg_pwd_last_pnttm,u1_0.role,u1_0.sbscrb_de,u1_0.sexdstn_code,u1_0.crtfc_dn_value,u1_0.user_nm,u1_0.zip from nemplyrinfo u1_0 where u1_0.emplyr_id=?
2026-03-16 17:00:02 [http-nio-8080-exec-7] DEBUG org.hibernate.SQL - select u1_0.emplyr_id,u1_0.area_no,u1_0.brthdy,u1_0.chg_pwd_cnt,u1_0.frst_register_id,u1_0.frst_regist_pnttm,u1_0.detail_adres,u1_0.email_adres,u1_0.emplyr_sttus_code,u1_0.empl_no,u1_0.esntl_id,u1_0.fxnum,u1_0.group_id,u1_0.house_adres,u1_0.house_end_telno,u1_0.house_middle_telno,u1_0.ihidnum,u1_0.pstinst_code,u1_0.last_updusr_id,u1_0.last_updt_pnttm,u1_0.lock_at,u1_0.lock_cnt,u1_0.lock_last_pnttm,u1_0.mbtlnum,u1_0.ofcps_nm,u1_0.offm_telno,u1_0.orgnzt_id,u1_0.password,u1_0.password_cnsr,u1_0.password_hint,u1_0.chg_pwd_last_pnttm,u1_0.role,u1_0.sbscrb_de,u1_0.sexdstn_code,u1_0.crtfc_dn_value,u1_0.user_nm,u1_0.zip from nemplyrinfo u1_0 where u1_0.emplyr_id=?
2026-03-16 17:00:03 [http-nio-8080-exec-5] DEBUG o.s.orm.jpa.JpaTransactionManager - Found thread-bound EntityManager [SessionImpl(1872983091<open>)] for JPA transaction
2026-03-16 17:00:03 [http-nio-8080-exec-5] DEBUG o.s.orm.jpa.JpaTransactionManager - Participating in existing transaction
2026-03-16 17:00:03 [http-nio-8080-exec-5] DEBUG org.hibernate.SQL - select ua1_0.scrty_dtrmn_trget_id,ua1_0.author_code,ua1_0.frst_register_id,ua1_0.frst_regist_pnttm,ua1_0.last_updusr_id,ua1_0.last_updt_pnttm,ua1_0.mber_ty_code from nemplyrscrtyestbs ua1_0 where ua1_0.scrty_dtrmn_trget_id=?
2026-03-16 17:00:03 [http-nio-8080-exec-7] DEBUG o.s.orm.jpa.JpaTransactionManager - Found thread-bound EntityManager [SessionImpl(909993444<open>)] for JPA transaction
2026-03-16 17:00:03 [http-nio-8080-exec-7] DEBUG o.s.orm.jpa.JpaTransactionManager - Participating in existing transaction
2026-03-16 17:00:03 [http-nio-8080-exec-7] DEBUG org.hibernate.SQL - select ua1_0.scrty_dtrmn_trget_id,ua1_0.author_code,ua1_0.frst_register_id,ua1_0.frst_regist_pnttm,ua1_0.last_updusr_id,ua1_0.last_updt_pnttm,ua1_0.mber_ty_code from nemplyrscrtyestbs ua1_0 where ua1_0.scrty_dtrmn_trget_id=?
2026-03-16 17:00:03 [http-nio-8080-exec-3] DEBUG o.s.orm.jpa.JpaTransactionManager - Found thread-bound EntityManager [SessionImpl(928292692<open>)] for JPA transaction
2026-03-16 17:00:03 [http-nio-8080-exec-3] DEBUG o.s.orm.jpa.JpaTransactionManager - Participating in existing transaction
2026-03-16 17:00:03 [http-nio-8080-exec-3] DEBUG org.hibernate.SQL - select ua1_0.scrty_dtrmn_trget_id,ua1_0.author_code,ua1_0.frst_register_id,ua1_0.frst_regist_pnttm,ua1_0.last_updusr_id,ua1_0.last_updt_pnttm,ua1_0.mber_ty_code from nemplyrscrtyestbs ua1_0 where ua1_0.scrty_dtrmn_trget_id=?
2026-03-16 17:00:03 [http-nio-8080-exec-5] DEBUG o.s.orm.jpa.JpaTransactionManager - Initiating transaction commit
2026-03-16 17:00:03 [http-nio-8080-exec-5] DEBUG o.s.orm.jpa.JpaTransactionManager - Committing JPA transaction on EntityManager [SessionImpl(1872983091<open>)]
2026-03-16 17:00:03 [http-nio-8080-exec-3] DEBUG o.s.orm.jpa.JpaTransactionManager - Initiating transaction commit
2026-03-16 17:00:03 [http-nio-8080-exec-3] DEBUG o.s.orm.jpa.JpaTransactionManager - Committing JPA transaction on EntityManager [SessionImpl(928292692<open>)]
2026-03-16 17:00:03 [http-nio-8080-exec-7] DEBUG o.s.orm.jpa.JpaTransactionManager - Initiating transaction commit
2026-03-16 17:00:03 [http-nio-8080-exec-7] DEBUG o.s.orm.jpa.JpaTransactionManager - Committing JPA transaction on EntityManager [SessionImpl(909993444<open>)]
2026-03-16 17:00:03 [http-nio-8080-exec-5] DEBUG o.s.orm.jpa.JpaTransactionManager - Closing JPA EntityManager [SessionImpl(1872983091<open>)] after transaction
2026-03-16 17:00:03 [http-nio-8080-exec-5] DEBUG c.c.p.s.jwt.JwtAuthenticationFilter - >>> [JwtFilter] Successfully authenticated user: USRCNFRM_99999999999, Authorities: [ROLE_ADMIN]
2026-03-16 17:00:03 [http-nio-8080-exec-5] DEBUG o.s.web.servlet.DispatcherServlet - GET "/api/v1/menu/head", parameters={}
2026-03-16 17:00:03 [http-nio-8080-exec-5] TRACE o.s.w.s.m.m.a.RequestMappingHandlerMapping - Mapped to com.company.project.api.controller.menu.MenuController#getHeadMenu()
2026-03-16 17:00:03 [http-nio-8080-exec-5] INFO  c.c.p.a.c.menu.MenuController - getHeadMenu called
2026-03-16 17:00:03 [http-nio-8080-exec-5] INFO  c.c.p.a.c.menu.MenuController - getHeadMenu returned 5 items
2026-03-16 17:00:03 [http-nio-8080-exec-5] DEBUG o.s.w.s.m.m.a.HttpEntityMethodProcessor - Using 'application/json', given [application/json, text/plain, */*] and supported [application/json, application/*+json, application/yaml]
2026-03-16 17:00:03 [http-nio-8080-exec-5] TRACE o.s.w.s.m.m.a.HttpEntityMethodProcessor - Writing [ApiResponse[success=true, status=200, code=COMMON_001, message=Success, data={list=[com.company.project.service.menu.dto.MenuDto@2b80d6b0, com.company.project.service.menu.dto.MenuDto@1418cfa3, com.company.project.service.menu.dto.MenuDto@f230bf1, com.company.project.service.menu.dto.MenuDto@734a7f6a, com.company.project.service.menu.dto.MenuDto@5e5202e5]}, timestamp=2026-03-16T17:00:03.404943800]]
2026-03-16 17:00:03 [http-nio-8080-exec-5] INFO  c.c.p.a.i.OperationalAuditInterceptor - API Audit Log: URL=/api/v1/menu/head, User=webmaster, IP=127.0.0.1
2026-03-16 17:00:03 [http-nio-8080-exec-5] DEBUG o.s.web.servlet.DispatcherServlet - Completed 200 OK
2026-03-16 17:00:03 [http-nio-8080-exec-3] DEBUG o.s.orm.jpa.JpaTransactionManager - Closing JPA EntityManager [SessionImpl(928292692<open>)] after transaction
2026-03-16 17:00:03 [http-nio-8080-exec-7] DEBUG o.s.orm.jpa.JpaTransactionManager - Closing JPA EntityManager [SessionImpl(909993444<open>)] after transaction
2026-03-16 17:00:03 [http-nio-8080-exec-3] DEBUG c.c.p.s.jwt.JwtAuthenticationFilter - >>> [JwtFilter] Successfully authenticated user: USRCNFRM_99999999999, Authorities: [ROLE_ADMIN]
2026-03-16 17:00:03 [http-nio-8080-exec-7] DEBUG c.c.p.s.jwt.JwtAuthenticationFilter - >>> [JwtFilter] Successfully authenticated user: USRCNFRM_99999999999, Authorities: [ROLE_ADMIN]
2026-03-16 17:00:03 [http-nio-8080-exec-3] DEBUG o.s.web.servlet.DispatcherServlet - GET "/api/v1/menu/left?menuNo=10", parameters={masked}
2026-03-16 17:00:03 [http-nio-8080-exec-7] DEBUG o.s.web.servlet.DispatcherServlet - GET "/api/v1/auth/me", parameters={}
2026-03-16 17:00:03 [http-nio-8080-exec-3] TRACE o.s.w.s.m.m.a.RequestMappingHandlerMapping - Mapped to com.company.project.api.controller.menu.MenuController#getLeftMenu(Long)
2026-03-16 17:00:03 [http-nio-8080-exec-7] TRACE o.s.w.s.m.m.a.RequestMappingHandlerMapping - Mapped to com.company.project.api.auth.AuthController#getCurrentUser()
2026-03-16 17:00:03 [http-nio-8080-exec-3] INFO  c.c.p.a.c.menu.MenuController - getLeftMenu called with menuNo=10
2026-03-16 17:00:03 [http-nio-8080-exec-3] DEBUG o.s.orm.jpa.JpaTransactionManager - Creating new transaction with name [com.company.project.service.menu.MenuService.getSubMenus]: PROPAGATION_REQUIRED,ISOLATION_DEFAULT,readOnly
2026-03-16 17:00:03 [http-nio-8080-exec-3] DEBUG o.s.orm.jpa.JpaTransactionManager - Opened new EntityManager [SessionImpl(1804227267<open>)] for JPA transaction
2026-03-16 17:00:03 [http-nio-8080-exec-3] DEBUG o.s.orm.jpa.JpaTransactionManager - Exposing JPA transaction as JDBC [org.springframework.orm.jpa.vendor.HibernateJpaDialect$HibernateConnectionHandle@258866a9]
2026-03-16 17:00:03 [http-nio-8080-exec-7] DEBUG o.s.w.s.m.m.a.RequestResponseBodyMethodProcessor - Using 'application/json', given [application/json, text/plain, */*] and supported [application/json, application/*+json, application/yaml]
2026-03-16 17:00:03 [http-nio-8080-exec-7] TRACE o.s.w.s.m.m.a.RequestResponseBodyMethodProcessor - Writing [ApiResponse[success=true, status=200, code=COMMON_001, message=Success, data={role=ROLE_ADMIN, userSe=EMP, name=관리자, id=webmaster}, timestamp=2026-03-16T17:00:03.412459600]]
2026-03-16 17:00:03 [http-nio-8080-exec-3] DEBUG org.hibernate.SQL - select m1_0.menu_no,m1_0.menu_dc,m1_0.menu_nm,m1_0.menu_ordr,m1_0.modern_route,m1_0.progrm_file_nm,m1_0.relate_image_nm,m1_0.relate_image_path,m1_0.route_updated_at,m1_0.upper_menu_no from nmenuinfo m1_0 order by m1_0.upper_menu_no,m1_0.menu_ordr
2026-03-16 17:00:03 [http-nio-8080-exec-7] INFO  c.c.p.a.i.OperationalAuditInterceptor - API Audit Log: URL=/api/v1/auth/me, User=webmaster, IP=127.0.0.1
2026-03-16 17:00:03 [http-nio-8080-exec-7] DEBUG o.s.web.servlet.DispatcherServlet - Completed 200 OK
2026-03-16 17:00:03 [http-nio-8080-exec-4] DEBUG c.c.p.s.jwt.JwtAuthenticationFilter - >>> [JwtFilter] Processing request: GET /api/v1/notifications
2026-03-16 17:00:03 [http-nio-8080-exec-4] DEBUG c.c.p.s.jwt.JwtAuthenticationFilter - >>> [JwtFilter] Found token in header for path: /api/v1/notifications
2026-03-16 17:00:03 [http-nio-8080-exec-2] DEBUG c.c.p.s.jwt.JwtAuthenticationFilter - >>> [JwtFilter] Processing request: GET /api/v1/notifications/unread-count
2026-03-16 17:00:03 [http-nio-8080-exec-2] DEBUG c.c.p.s.jwt.JwtAuthenticationFilter - >>> [JwtFilter] Found token in header for path: /api/v1/notifications/unread-count
2026-03-16 17:00:03 [http-nio-8080-exec-4] DEBUG o.s.orm.jpa.JpaTransactionManager - Creating new transaction with name [com.company.project.security.iam.CustomUserDetailsService.loadUserByUsername]: PROPAGATION_REQUIRED,ISOLATION_DEFAULT,readOnly
2026-03-16 17:00:03 [http-nio-8080-exec-4] DEBUG o.s.orm.jpa.JpaTransactionManager - Opened new EntityManager [SessionImpl(643816695<open>)] for JPA transaction
2026-03-16 17:00:03 [http-nio-8080-exec-2] DEBUG o.s.orm.jpa.JpaTransactionManager - Creating new transaction with name [com.company.project.security.iam.CustomUserDetailsService.loadUserByUsername]: PROPAGATION_REQUIRED,ISOLATION_DEFAULT,readOnly
2026-03-16 17:00:03 [http-nio-8080-exec-2] DEBUG o.s.orm.jpa.JpaTransactionManager - Opened new EntityManager [SessionImpl(1952072618<open>)] for JPA transaction
2026-03-16 17:00:03 [http-nio-8080-exec-10] DEBUG c.c.p.s.jwt.JwtAuthenticationFilter - >>> [JwtFilter] Processing request: GET /api/v1/popups/active
2026-03-16 17:00:03 [http-nio-8080-exec-1] DEBUG c.c.p.s.jwt.JwtAuthenticationFilter - >>> [JwtFilter] Processing request: GET /api/v1/admin/system/banners/reflected
2026-03-16 17:00:03 [http-nio-8080-exec-10] DEBUG c.c.p.s.jwt.JwtAuthenticationFilter - >>> [JwtFilter] Found token in header for path: /api/v1/popups/active
2026-03-16 17:00:03 [http-nio-8080-exec-1] DEBUG c.c.p.s.jwt.JwtAuthenticationFilter - >>> [JwtFilter] Found token in header for path: /api/v1/admin/system/banners/reflected
2026-03-16 17:00:03 [http-nio-8080-exec-1] DEBUG o.s.orm.jpa.JpaTransactionManager - Creating new transaction with name [com.company.project.security.iam.CustomUserDetailsService.loadUserByUsername]: PROPAGATION_REQUIRED,ISOLATION_DEFAULT,readOnly
2026-03-16 17:00:03 [http-nio-8080-exec-10] DEBUG o.s.orm.jpa.JpaTransactionManager - Creating new transaction with name [com.company.project.security.iam.CustomUserDetailsService.loadUserByUsername]: PROPAGATION_REQUIRED,ISOLATION_DEFAULT,readOnly
2026-03-16 17:00:03 [http-nio-8080-exec-1] DEBUG o.s.orm.jpa.JpaTransactionManager - Opened new EntityManager [SessionImpl(963699546<open>)] for JPA transaction
2026-03-16 17:00:03 [http-nio-8080-exec-10] DEBUG o.s.orm.jpa.JpaTransactionManager - Opened new EntityManager [SessionImpl(586947087<open>)] for JPA transaction
2026-03-16 17:00:03 [http-nio-8080-exec-6] DEBUG o.s.web.servlet.DispatcherServlet - GET "/ws/info?t=1773648003476", parameters={masked}
2026-03-16 17:00:03 [http-nio-8080-exec-6] DEBUG o.s.w.s.s.s.WebSocketHandlerMapping - Mapped to org.springframework.web.socket.sockjs.support.SockJsHttpRequestHandler@3d80b7ba
2026-03-16 17:00:03 [http-nio-8080-exec-6] DEBUG o.s.w.s.s.t.h.DefaultSockJsService - Processing transport request: GET http://localhost:8080/ws/info?t=1773648003476
2026-03-16 17:00:03 [http-nio-8080-exec-6] DEBUG o.s.web.servlet.DispatcherServlet - Completed 200 OK
2026-03-16 17:00:03 [http-nio-8080-exec-8] DEBUG o.s.web.servlet.DispatcherServlet - GET "/ws/861/yvcp0ru1/websocket", parameters={}
2026-03-16 17:00:03 [http-nio-8080-exec-8] DEBUG o.s.w.s.s.s.WebSocketHandlerMapping - Mapped to org.springframework.web.socket.sockjs.support.SockJsHttpRequestHandler@3d80b7ba
2026-03-16 17:00:03 [http-nio-8080-exec-8] DEBUG o.s.w.s.s.t.h.DefaultSockJsService - Processing transport request: GET http://localhost:8080/ws/861/yvcp0ru1/websocket
2026-03-16 17:00:03 [http-nio-8080-exec-8] DEBUG o.s.web.servlet.DispatcherServlet - Completed 101 SWITCHING_PROTOCOLS
2026-03-16 17:00:03 [http-nio-8080-exec-8] DEBUG o.s.w.s.h.LoggingWebSocketHandlerDecorator - New WebSocketServerSockJsSession[id=yvcp0ru1]
2026-03-16 17:00:03 [scheduling-1] DEBUG org.springframework.web.SimpLogging - Processing CONNECT session=yvcp0ru1
2026-03-16 17:00:03 [scheduling-1] DEBUG org.springframework.web.SimpLogging - Processing SUBSCRIBE /topic/notices id=sub-0 session=yvcp0ru1
2026-03-16 17:00:03 [scheduling-1] DEBUG org.springframework.web.SimpLogging - Processing SUBSCRIBE destination=/queue/notifications-useryvcp0ru1 subscriptionId=sub-1 session=yvcp0ru1 payload=byte[0]
2026-03-16 17:00:03 [scheduling-1] DEBUG org.springframework.web.SimpLogging - Processing SUBSCRIBE /topic/public id=sub-2 session=yvcp0ru1
2026-03-16 17:00:03 [scheduling-1] DEBUG org.springframework.web.SimpLogging - Processing SUBSCRIBE /topic/dashboard/stats id=sub-4 session=yvcp0ru1
2026-03-16 17:00:03 [scheduling-1] DEBUG org.springframework.web.SimpLogging - Processing SUBSCRIBE /topic/notifications id=sub-5 session=yvcp0ru1
2026-03-16 17:00:03 [scheduling-1] DEBUG org.springframework.web.SimpLogging - Processing SUBSCRIBE destination=/queue/notifications-useryvcp0ru1 subscriptionId=sub-6 session=yvcp0ru1 payload=byte[0]
2026-03-16 17:00:03 [http-nio-8080-exec-6] DEBUG c.c.p.s.jwt.JwtAuthenticationFilter - >>> [JwtFilter] Processing request: GET /api/v1/admin/system/statistics/connect
2026-03-16 17:00:03 [http-nio-8080-exec-6] DEBUG c.c.p.s.jwt.JwtAuthenticationFilter - >>> [JwtFilter] Found token in header for path: /api/v1/admin/system/statistics/connect
2026-03-16 17:00:03 [http-nio-8080-exec-6] DEBUG o.s.orm.jpa.JpaTransactionManager - Creating new transaction with name [com.company.project.security.iam.CustomUserDetailsService.loadUserByUsername]: PROPAGATION_REQUIRED,ISOLATION_DEFAULT,readOnly
2026-03-16 17:00:03 [http-nio-8080-exec-6] DEBUG o.s.orm.jpa.JpaTransactionManager - Opened new EntityManager [SessionImpl(335975833<open>)] for JPA transaction
2026-03-16 17:00:03 [http-nio-8080-exec-4] DEBUG o.s.orm.jpa.JpaTransactionManager - Exposing JPA transaction as JDBC [org.springframework.orm.jpa.vendor.HibernateJpaDialect$HibernateConnectionHandle@41bf41ce]
2026-03-16 17:00:03 [http-nio-8080-exec-4] DEBUG o.s.orm.jpa.JpaTransactionManager - Found thread-bound EntityManager [SessionImpl(643816695<open>)] for JPA transaction
2026-03-16 17:00:03 [http-nio-8080-exec-4] DEBUG o.s.orm.jpa.JpaTransactionManager - Participating in existing transaction
2026-03-16 17:00:03 [http-nio-8080-exec-4] DEBUG org.hibernate.SQL - select u1_0.emplyr_id,u1_0.area_no,u1_0.brthdy,u1_0.chg_pwd_cnt,u1_0.frst_register_id,u1_0.frst_regist_pnttm,u1_0.detail_adres,u1_0.email_adres,u1_0.emplyr_sttus_code,u1_0.empl_no,u1_0.esntl_id,u1_0.fxnum,u1_0.group_id,u1_0.house_adres,u1_0.house_end_telno,u1_0.house_middle_telno,u1_0.ihidnum,u1_0.pstinst_code,u1_0.last_updusr_id,u1_0.last_updt_pnttm,u1_0.lock_at,u1_0.lock_cnt,u1_0.lock_last_pnttm,u1_0.mbtlnum,u1_0.ofcps_nm,u1_0.offm_telno,u1_0.orgnzt_id,u1_0.password,u1_0.password_cnsr,u1_0.password_hint,u1_0.chg_pwd_last_pnttm,u1_0.role,u1_0.sbscrb_de,u1_0.sexdstn_code,u1_0.crtfc_dn_value,u1_0.user_nm,u1_0.zip from nemplyrinfo u1_0 where u1_0.emplyr_id=?
2026-03-16 17:00:03 [http-nio-8080-exec-2] DEBUG o.s.orm.jpa.JpaTransactionManager - Exposing JPA transaction as JDBC [org.springframework.orm.jpa.vendor.HibernateJpaDialect$HibernateConnectionHandle@7e3adfb]
2026-03-16 17:00:03 [http-nio-8080-exec-2] DEBUG o.s.orm.jpa.JpaTransactionManager - Found thread-bound EntityManager [SessionImpl(1952072618<open>)] for JPA transaction
2026-03-16 17:00:03 [http-nio-8080-exec-2] DEBUG o.s.orm.jpa.JpaTransactionManager - Participating in existing transaction
2026-03-16 17:00:03 [http-nio-8080-exec-2] DEBUG org.hibernate.SQL - select u1_0.emplyr_id,u1_0.area_no,u1_0.brthdy,u1_0.chg_pwd_cnt,u1_0.frst_register_id,u1_0.frst_regist_pnttm,u1_0.detail_adres,u1_0.email_adres,u1_0.emplyr_sttus_code,u1_0.empl_no,u1_0.esntl_id,u1_0.fxnum,u1_0.group_id,u1_0.house_adres,u1_0.house_end_telno,u1_0.house_middle_telno,u1_0.ihidnum,u1_0.pstinst_code,u1_0.last_updusr_id,u1_0.last_updt_pnttm,u1_0.lock_at,u1_0.lock_cnt,u1_0.lock_last_pnttm,u1_0.mbtlnum,u1_0.ofcps_nm,u1_0.offm_telno,u1_0.orgnzt_id,u1_0.password,u1_0.password_cnsr,u1_0.password_hint,u1_0.chg_pwd_last_pnttm,u1_0.role,u1_0.sbscrb_de,u1_0.sexdstn_code,u1_0.crtfc_dn_value,u1_0.user_nm,u1_0.zip from nemplyrinfo u1_0 where u1_0.emplyr_id=?
2026-03-16 17:00:03 [http-nio-8080-exec-1] DEBUG o.s.orm.jpa.JpaTransactionManager - Exposing JPA transaction as JDBC [org.springframework.orm.jpa.vendor.HibernateJpaDialect$HibernateConnectionHandle@4293dfa2]
2026-03-16 17:00:03 [http-nio-8080-exec-1] DEBUG o.s.orm.jpa.JpaTransactionManager - Found thread-bound EntityManager [SessionImpl(963699546<open>)] for JPA transaction
2026-03-16 17:00:03 [http-nio-8080-exec-1] DEBUG o.s.orm.jpa.JpaTransactionManager - Participating in existing transaction
2026-03-16 17:00:03 [http-nio-8080-exec-1] DEBUG org.hibernate.SQL - select u1_0.emplyr_id,u1_0.area_no,u1_0.brthdy,u1_0.chg_pwd_cnt,u1_0.frst_register_id,u1_0.frst_regist_pnttm,u1_0.detail_adres,u1_0.email_adres,u1_0.emplyr_sttus_code,u1_0.empl_no,u1_0.esntl_id,u1_0.fxnum,u1_0.group_id,u1_0.house_adres,u1_0.house_end_telno,u1_0.house_middle_telno,u1_0.ihidnum,u1_0.pstinst_code,u1_0.last_updusr_id,u1_0.last_updt_pnttm,u1_0.lock_at,u1_0.lock_cnt,u1_0.lock_last_pnttm,u1_0.mbtlnum,u1_0.ofcps_nm,u1_0.offm_telno,u1_0.orgnzt_id,u1_0.password,u1_0.password_cnsr,u1_0.password_hint,u1_0.chg_pwd_last_pnttm,u1_0.role,u1_0.sbscrb_de,u1_0.sexdstn_code,u1_0.crtfc_dn_value,u1_0.user_nm,u1_0.zip from nemplyrinfo u1_0 where u1_0.emplyr_id=?
2026-03-16 17:00:03 [http-nio-8080-exec-10] DEBUG o.s.orm.jpa.JpaTransactionManager - Exposing JPA transaction as JDBC [org.springframework.orm.jpa.vendor.HibernateJpaDialect$HibernateConnectionHandle@2ccd4e6c]
2026-03-16 17:00:03 [http-nio-8080-exec-10] DEBUG o.s.orm.jpa.JpaTransactionManager - Found thread-bound EntityManager [SessionImpl(586947087<open>)] for JPA transaction
2026-03-16 17:00:03 [http-nio-8080-exec-10] DEBUG o.s.orm.jpa.JpaTransactionManager - Participating in existing transaction
2026-03-16 17:00:03 [http-nio-8080-exec-10] DEBUG org.hibernate.SQL - select u1_0.emplyr_id,u1_0.area_no,u1_0.brthdy,u1_0.chg_pwd_cnt,u1_0.frst_register_id,u1_0.frst_regist_pnttm,u1_0.detail_adres,u1_0.email_adres,u1_0.emplyr_sttus_code,u1_0.empl_no,u1_0.esntl_id,u1_0.fxnum,u1_0.group_id,u1_0.house_adres,u1_0.house_end_telno,u1_0.house_middle_telno,u1_0.ihidnum,u1_0.pstinst_code,u1_0.last_updusr_id,u1_0.last_updt_pnttm,u1_0.lock_at,u1_0.lock_cnt,u1_0.lock_last_pnttm,u1_0.mbtlnum,u1_0.ofcps_nm,u1_0.offm_telno,u1_0.orgnzt_id,u1_0.password,u1_0.password_cnsr,u1_0.password_hint,u1_0.chg_pwd_last_pnttm,u1_0.role,u1_0.sbscrb_de,u1_0.sexdstn_code,u1_0.crtfc_dn_value,u1_0.user_nm,u1_0.zip from nemplyrinfo u1_0 where u1_0.emplyr_id=?
2026-03-16 17:00:03 [http-nio-8080-exec-6] DEBUG o.s.orm.jpa.JpaTransactionManager - Exposing JPA transaction as JDBC [org.springframework.orm.jpa.vendor.HibernateJpaDialect$HibernateConnectionHandle@6860e8da]
2026-03-16 17:00:03 [http-nio-8080-exec-6] DEBUG o.s.orm.jpa.JpaTransactionManager - Found thread-bound EntityManager [SessionImpl(335975833<open>)] for JPA transaction
2026-03-16 17:00:03 [http-nio-8080-exec-6] DEBUG o.s.orm.jpa.JpaTransactionManager - Participating in existing transaction
2026-03-16 17:00:03 [http-nio-8080-exec-6] DEBUG org.hibernate.SQL - select u1_0.emplyr_id,u1_0.area_no,u1_0.brthdy,u1_0.chg_pwd_cnt,u1_0.frst_register_id,u1_0.frst_regist_pnttm,u1_0.detail_adres,u1_0.email_adres,u1_0.emplyr_sttus_code,u1_0.empl_no,u1_0.esntl_id,u1_0.fxnum,u1_0.group_id,u1_0.house_adres,u1_0.house_end_telno,u1_0.house_middle_telno,u1_0.ihidnum,u1_0.pstinst_code,u1_0.last_updusr_id,u1_0.last_updt_pnttm,u1_0.lock_at,u1_0.lock_cnt,u1_0.lock_last_pnttm,u1_0.mbtlnum,u1_0.ofcps_nm,u1_0.offm_telno,u1_0.orgnzt_id,u1_0.password,u1_0.password_cnsr,u1_0.password_hint,u1_0.chg_pwd_last_pnttm,u1_0.role,u1_0.sbscrb_de,u1_0.sexdstn_code,u1_0.crtfc_dn_value,u1_0.user_nm,u1_0.zip from nemplyrinfo u1_0 where u1_0.emplyr_id=?
2026-03-16 17:00:03 [http-nio-8080-exec-3] DEBUG o.s.orm.jpa.JpaTransactionManager - Found thread-bound EntityManager [SessionImpl(1804227267<open>)] for JPA transaction
2026-03-16 17:00:03 [http-nio-8080-exec-3] DEBUG o.s.orm.jpa.JpaTransactionManager - Participating in existing transaction
2026-03-16 17:00:03 [http-nio-8080-exec-3] DEBUG org.hibernate.SQL - select p1_0.progrm_file_nm,p1_0.progrm_dc,p1_0.progrm_korean_nm,p1_0.progrm_stre_path,p1_0.url from nprogrmlist p1_0
2026-03-16 17:00:03 [http-nio-8080-exec-4] DEBUG o.s.orm.jpa.JpaTransactionManager - Found thread-bound EntityManager [SessionImpl(643816695<open>)] for JPA transaction
2026-03-16 17:00:03 [http-nio-8080-exec-4] DEBUG o.s.orm.jpa.JpaTransactionManager - Participating in existing transaction
2026-03-16 17:00:03 [http-nio-8080-exec-4] DEBUG org.hibernate.SQL - select ua1_0.scrty_dtrmn_trget_id,ua1_0.author_code,ua1_0.frst_register_id,ua1_0.frst_regist_pnttm,ua1_0.last_updusr_id,ua1_0.last_updt_pnttm,ua1_0.mber_ty_code from nemplyrscrtyestbs ua1_0 where ua1_0.scrty_dtrmn_trget_id=?
2026-03-16 17:00:03 [http-nio-8080-exec-2] DEBUG o.s.orm.jpa.JpaTransactionManager - Found thread-bound EntityManager [SessionImpl(1952072618<open>)] for JPA transaction
2026-03-16 17:00:03 [http-nio-8080-exec-2] DEBUG o.s.orm.jpa.JpaTransactionManager - Participating in existing transaction
2026-03-16 17:00:03 [http-nio-8080-exec-2] DEBUG org.hibernate.SQL - select ua1_0.scrty_dtrmn_trget_id,ua1_0.author_code,ua1_0.frst_register_id,ua1_0.frst_regist_pnttm,ua1_0.last_updusr_id,ua1_0.last_updt_pnttm,ua1_0.mber_ty_code from nemplyrscrtyestbs ua1_0 where ua1_0.scrty_dtrmn_trget_id=?
2026-03-16 17:00:03 [http-nio-8080-exec-1] DEBUG o.s.orm.jpa.JpaTransactionManager - Found thread-bound EntityManager [SessionImpl(963699546<open>)] for JPA transaction
2026-03-16 17:00:03 [http-nio-8080-exec-1] DEBUG o.s.orm.jpa.JpaTransactionManager - Participating in existing transaction
2026-03-16 17:00:03 [http-nio-8080-exec-1] DEBUG org.hibernate.SQL - select ua1_0.scrty_dtrmn_trget_id,ua1_0.author_code,ua1_0.frst_register_id,ua1_0.frst_regist_pnttm,ua1_0.last_updusr_id,ua1_0.last_updt_pnttm,ua1_0.mber_ty_code from nemplyrscrtyestbs ua1_0 where ua1_0.scrty_dtrmn_trget_id=?
2026-03-16 17:00:03 [http-nio-8080-exec-10] DEBUG o.s.orm.jpa.JpaTransactionManager - Found thread-bound EntityManager [SessionImpl(586947087<open>)] for JPA transaction
2026-03-16 17:00:03 [http-nio-8080-exec-10] DEBUG o.s.orm.jpa.JpaTransactionManager - Participating in existing transaction
2026-03-16 17:00:03 [http-nio-8080-exec-10] DEBUG org.hibernate.SQL - select ua1_0.scrty_dtrmn_trget_id,ua1_0.author_code,ua1_0.frst_register_id,ua1_0.frst_regist_pnttm,ua1_0.last_updusr_id,ua1_0.last_updt_pnttm,ua1_0.mber_ty_code from nemplyrscrtyestbs ua1_0 where ua1_0.scrty_dtrmn_trget_id=?
2026-03-16 17:00:03 [http-nio-8080-exec-6] DEBUG o.s.orm.jpa.JpaTransactionManager - Found thread-bound EntityManager [SessionImpl(335975833<open>)] for JPA transaction
2026-03-16 17:00:03 [http-nio-8080-exec-6] DEBUG o.s.orm.jpa.JpaTransactionManager - Participating in existing transaction
2026-03-16 17:00:03 [http-nio-8080-exec-6] DEBUG org.hibernate.SQL - select ua1_0.scrty_dtrmn_trget_id,ua1_0.author_code,ua1_0.frst_register_id,ua1_0.frst_regist_pnttm,ua1_0.last_updusr_id,ua1_0.last_updt_pnttm,ua1_0.mber_ty_code from nemplyrscrtyestbs ua1_0 where ua1_0.scrty_dtrmn_trget_id=?
2026-03-16 17:00:03 [http-nio-8080-exec-3] DEBUG o.s.orm.jpa.JpaTransactionManager - Initiating transaction commit
2026-03-16 17:00:03 [http-nio-8080-exec-3] DEBUG o.s.orm.jpa.JpaTransactionManager - Committing JPA transaction on EntityManager [SessionImpl(1804227267<open>)]
2026-03-16 17:00:03 [http-nio-8080-exec-4] DEBUG o.s.orm.jpa.JpaTransactionManager - Initiating transaction commit
2026-03-16 17:00:03 [http-nio-8080-exec-4] DEBUG o.s.orm.jpa.JpaTransactionManager - Committing JPA transaction on EntityManager [SessionImpl(643816695<open>)]
2026-03-16 17:00:03 [http-nio-8080-exec-2] DEBUG o.s.orm.jpa.JpaTransactionManager - Initiating transaction commit
2026-03-16 17:00:03 [http-nio-8080-exec-2] DEBUG o.s.orm.jpa.JpaTransactionManager - Committing JPA transaction on EntityManager [SessionImpl(1952072618<open>)]
2026-03-16 17:00:03 [http-nio-8080-exec-1] DEBUG o.s.orm.jpa.JpaTransactionManager - Initiating transaction commit
2026-03-16 17:00:03 [http-nio-8080-exec-1] DEBUG o.s.orm.jpa.JpaTransactionManager - Committing JPA transaction on EntityManager [SessionImpl(963699546<open>)]
2026-03-16 17:00:03 [http-nio-8080-exec-10] DEBUG o.s.orm.jpa.JpaTransactionManager - Initiating transaction commit
2026-03-16 17:00:03 [http-nio-8080-exec-10] DEBUG o.s.orm.jpa.JpaTransactionManager - Committing JPA transaction on EntityManager [SessionImpl(586947087<open>)]
2026-03-16 17:00:04 [http-nio-8080-exec-6] DEBUG o.s.orm.jpa.JpaTransactionManager - Initiating transaction commit
2026-03-16 17:00:04 [http-nio-8080-exec-6] DEBUG o.s.orm.jpa.JpaTransactionManager - Committing JPA transaction on EntityManager [SessionImpl(335975833<open>)]
2026-03-16 17:00:04 [http-nio-8080-exec-3] DEBUG o.s.orm.jpa.JpaTransactionManager - Closing JPA EntityManager [SessionImpl(1804227267<open>)] after transaction
2026-03-16 17:00:04 [http-nio-8080-exec-3] INFO  c.c.p.a.c.menu.MenuController - getLeftMenu returned 5 items
2026-03-16 17:00:04 [http-nio-8080-exec-3] DEBUG o.s.w.s.m.m.a.HttpEntityMethodProcessor - Using 'application/json', given [application/json, text/plain, */*] and supported [application/json, application/*+json, application/yaml]
2026-03-16 17:00:04 [http-nio-8080-exec-3] TRACE o.s.w.s.m.m.a.HttpEntityMethodProcessor - Writing [ApiResponse[success=true, status=200, code=COMMON_001, message=Success, data={list=[com.company.project.service.menu.dto.MenuDto@bb425a2, com.company.project.service.menu.dto.MenuDto@f9d1240, com.company.project.service.menu.dto.MenuDto@76189438, com.company.project.service.menu.dto.MenuDto@40888a6f, com.company.project.service.menu.dto.MenuDto@6abb3ee9]}, timestamp=2026-03-16T17:00:04.048626100]]
2026-03-16 17:00:04 [http-nio-8080-exec-3] INFO  c.c.p.a.i.OperationalAuditInterceptor - API Audit Log: URL=/api/v1/menu/left, User=webmaster, IP=127.0.0.1
2026-03-16 17:00:04 [http-nio-8080-exec-3] DEBUG o.s.web.servlet.DispatcherServlet - Completed 200 OK
2026-03-16 17:00:04 [http-nio-8080-exec-4] DEBUG o.s.orm.jpa.JpaTransactionManager - Closing JPA EntityManager [SessionImpl(643816695<open>)] after transaction
2026-03-16 17:00:04 [http-nio-8080-exec-4] DEBUG c.c.p.s.jwt.JwtAuthenticationFilter - >>> [JwtFilter] Successfully authenticated user: USRCNFRM_99999999999, Authorities: [ROLE_ADMIN]
2026-03-16 17:00:04 [http-nio-8080-exec-4] DEBUG o.s.web.servlet.DispatcherServlet - GET "/api/v1/notifications", parameters={}
2026-03-16 17:00:04 [http-nio-8080-exec-2] DEBUG o.s.orm.jpa.JpaTransactionManager - Closing JPA EntityManager [SessionImpl(1952072618<open>)] after transaction
2026-03-16 17:00:04 [http-nio-8080-exec-2] DEBUG c.c.p.s.jwt.JwtAuthenticationFilter - >>> [JwtFilter] Successfully authenticated user: USRCNFRM_99999999999, Authorities: [ROLE_ADMIN]
2026-03-16 17:00:04 [http-nio-8080-exec-4] TRACE o.s.w.s.m.m.a.RequestMappingHandlerMapping - Mapped to com.company.project.api.controller.notification.NotificationController#getMyNotifications(UserDetails)
2026-03-16 17:00:04 [http-nio-8080-exec-2] DEBUG o.s.web.servlet.DispatcherServlet - GET "/api/v1/notifications/unread-count", parameters={}
2026-03-16 17:00:04 [http-nio-8080-exec-2] TRACE o.s.w.s.m.m.a.RequestMappingHandlerMapping - Mapped to com.company.project.api.controller.notification.NotificationController#getUnreadCount(UserDetails)
2026-03-16 17:00:04 [http-nio-8080-exec-4] DEBUG o.s.orm.jpa.JpaTransactionManager - Creating new transaction with name [com.company.project.service.notification.NotificationService.getActiveNotifications]: PROPAGATION_REQUIRED,ISOLATION_DEFAULT,readOnly
2026-03-16 17:00:04 [http-nio-8080-exec-4] DEBUG o.s.orm.jpa.JpaTransactionManager - Opened new EntityManager [SessionImpl(1343812532<open>)] for JPA transaction
2026-03-16 17:00:04 [http-nio-8080-exec-2] DEBUG o.s.orm.jpa.JpaTransactionManager - Creating new transaction with name [com.company.project.service.notification.NotificationService.getUnreadCount]: PROPAGATION_REQUIRED,ISOLATION_DEFAULT,readOnly
2026-03-16 17:00:04 [http-nio-8080-exec-4] DEBUG o.s.orm.jpa.JpaTransactionManager - Exposing JPA transaction as JDBC [org.springframework.orm.jpa.vendor.HibernateJpaDialect$HibernateConnectionHandle@7294e2f]
2026-03-16 17:00:04 [http-nio-8080-exec-2] DEBUG o.s.orm.jpa.JpaTransactionManager - Opened new EntityManager [SessionImpl(953295577<open>)] for JPA transaction
2026-03-16 17:00:04 [http-nio-8080-exec-4] DEBUG o.s.orm.jpa.JpaTransactionManager - Found thread-bound EntityManager [SessionImpl(1343812532<open>)] for JPA transaction
2026-03-16 17:00:04 [http-nio-8080-exec-2] DEBUG o.s.orm.jpa.JpaTransactionManager - Exposing JPA transaction as JDBC [org.springframework.orm.jpa.vendor.HibernateJpaDialect$HibernateConnectionHandle@47b49a3a]
2026-03-16 17:00:04 [http-nio-8080-exec-4] DEBUG o.s.orm.jpa.JpaTransactionManager - Participating in existing transaction
2026-03-16 17:00:04 [http-nio-8080-exec-4] DEBUG org.hibernate.SQL - select n1_0.ntcn_no,n1_0.frst_register_id,n1_0.frst_regist_pnttm,n1_0.is_read,n1_0.last_updusr_id,n1_0.last_updt_pnttm,n1_0.link_url,n1_0.ntcn_cn,n1_0.ntcn_sj,n1_0.receiver_id from n_user_notification n1_0
2026-03-16 17:00:04 [http-nio-8080-exec-2] DEBUG org.hibernate.SQL - select count(n1_0.ntcn_no) from n_user_notification n1_0 where n1_0.receiver_id=? and n1_0.is_read=?
2026-03-16 17:00:04 [http-nio-8080-exec-8] DEBUG c.c.p.s.jwt.JwtAuthenticationFilter - >>> [JwtFilter] Processing request: GET /api/v1/admin/system/statistics/bbs
2026-03-16 17:00:04 [http-nio-8080-exec-8] DEBUG c.c.p.s.jwt.JwtAuthenticationFilter - >>> [JwtFilter] Found token in header for path: /api/v1/admin/system/statistics/bbs
2026-03-16 17:00:04 [http-nio-8080-exec-8] DEBUG o.s.orm.jpa.JpaTransactionManager - Creating new transaction with name [com.company.project.security.iam.CustomUserDetailsService.loadUserByUsername]: PROPAGATION_REQUIRED,ISOLATION_DEFAULT,readOnly
2026-03-16 17:00:04 [http-nio-8080-exec-8] DEBUG o.s.orm.jpa.JpaTransactionManager - Opened new EntityManager [SessionImpl(748253789<open>)] for JPA transaction
2026-03-16 17:00:04 [http-nio-8080-exec-1] DEBUG o.s.orm.jpa.JpaTransactionManager - Closing JPA EntityManager [SessionImpl(963699546<open>)] after transaction
2026-03-16 17:00:04 [http-nio-8080-exec-1] DEBUG c.c.p.s.jwt.JwtAuthenticationFilter - >>> [JwtFilter] Successfully authenticated user: USRCNFRM_99999999999, Authorities: [ROLE_ADMIN]
2026-03-16 17:00:04 [http-nio-8080-exec-1] DEBUG o.s.web.servlet.DispatcherServlet - GET "/api/v1/admin/system/banners/reflected", parameters={}
2026-03-16 17:00:04 [http-nio-8080-exec-1] TRACE o.s.w.s.m.m.a.RequestMappingHandlerMapping - Mapped to com.company.project.api.controller.system.content.banner.BannerApiController#getReflectedBanners()
2026-03-16 17:00:04 [http-nio-8080-exec-1] DEBUG o.s.orm.jpa.JpaTransactionManager - Creating new transaction with name [com.company.project.service.system.content.banner.BannerService.getReflectedBanners]: PROPAGATION_REQUIRED,ISOLATION_DEFAULT,readOnly
2026-03-16 17:00:04 [http-nio-8080-exec-1] DEBUG o.s.orm.jpa.JpaTransactionManager - Opened new EntityManager [SessionImpl(706343367<open>)] for JPA transaction
2026-03-16 17:00:04 [http-nio-8080-exec-1] DEBUG o.s.orm.jpa.JpaTransactionManager - Exposing JPA transaction as JDBC [org.springframework.orm.jpa.vendor.HibernateJpaDialect$HibernateConnectionHandle@1dd17639]
2026-03-16 17:00:04 [http-nio-8080-exec-1] DEBUG org.hibernate.SQL - select b1_0.banner_id,b1_0.banner_dc,b1_0.banner_image,b1_0.banner_image_file,b1_0.banner_nm,b1_0.frst_register_id,b1_0.frst_regist_pnttm,b1_0.last_updusr_id,b1_0.last_updt_pnttm,b1_0.link_url,b1_0.reflct_at,b1_0.sort_ordr from nbanner b1_0 where b1_0.reflct_at=? order by b1_0.sort_ordr
2026-03-16 17:00:04 [http-nio-8080-exec-10] DEBUG o.s.orm.jpa.JpaTransactionManager - Closing JPA EntityManager [SessionImpl(586947087<open>)] after transaction
2026-03-16 17:00:04 [http-nio-8080-exec-10] DEBUG c.c.p.s.jwt.JwtAuthenticationFilter - >>> [JwtFilter] Successfully authenticated user: USRCNFRM_99999999999, Authorities: [ROLE_ADMIN]
2026-03-16 17:00:04 [http-nio-8080-exec-10] DEBUG o.s.web.servlet.DispatcherServlet - GET "/api/v1/popups/active", parameters={}
2026-03-16 17:00:04 [http-nio-8080-exec-10] TRACE o.s.w.s.m.m.a.RequestMappingHandlerMapping - Mapped to com.company.project.api.controller.system.content.popup.PopupController#getActivePopups()
2026-03-16 17:00:04 [http-nio-8080-exec-10] DEBUG o.s.orm.jpa.JpaTransactionManager - Creating new transaction with name [com.company.project.service.system.content.popup.PopupServiceImpl.getActivePopups]: PROPAGATION_REQUIRED,ISOLATION_DEFAULT,readOnly
2026-03-16 17:00:04 [http-nio-8080-exec-10] DEBUG o.s.orm.jpa.JpaTransactionManager - Opened new EntityManager [SessionImpl(2055324219<open>)] for JPA transaction
2026-03-16 17:00:04 [http-nio-8080-exec-10] DEBUG o.s.orm.jpa.JpaTransactionManager - Exposing JPA transaction as JDBC [org.springframework.orm.jpa.vendor.HibernateJpaDialect$HibernateConnectionHandle@62e4e32]
2026-03-16 17:00:04 [http-nio-8080-exec-10] DEBUG org.hibernate.SQL - select p1_0.popup_id,p1_0.frst_register_id,p1_0.frst_regist_pnttm,p1_0.file_url,p1_0.ntce_at,p1_0.stopvew_setup_at,p1_0.last_updusr_id,p1_0.last_updt_pnttm,p1_0.ntce_bgnde,p1_0.ntce_endde,p1_0.popup_vrticl_lc,p1_0.popup_vrticl_size,p1_0.popup_sj_nm,p1_0.popup_width_lc,p1_0.popup_width_size from npopupmanage p1_0 where p1_0.ntce_at='Y' and ? between p1_0.ntce_bgnde and p1_0.ntce_endde
2026-03-16 17:00:04 [http-nio-8080-exec-6] DEBUG o.s.orm.jpa.JpaTransactionManager - Closing JPA EntityManager [SessionImpl(335975833<open>)] after transaction
2026-03-16 17:00:04 [http-nio-8080-exec-6] DEBUG c.c.p.s.jwt.JwtAuthenticationFilter - >>> [JwtFilter] Successfully authenticated user: USRCNFRM_99999999999, Authorities: [ROLE_ADMIN]
2026-03-16 17:00:04 [http-nio-8080-exec-6] DEBUG o.s.web.servlet.DispatcherServlet - GET "/api/v1/admin/system/statistics/connect?statsKind=SERVICE", parameters={masked}
2026-03-16 17:00:04 [http-nio-8080-exec-6] DEBUG o.s.w.s.h.SimpleUrlHandlerMapping - Mapped to ResourceHttpRequestHandler [classpath [META-INF/resources/], classpath [resources/], classpath [static/], classpath [public/], ServletContext [/]]
2026-03-16 17:00:04 [http-nio-8080-exec-6] DEBUG o.s.w.s.r.ResourceHttpRequestHandler - Resource not found
2026-03-16 17:00:04 [http-nio-8080-exec-6] DEBUG o.s.w.s.m.m.a.ExceptionHandlerExceptionResolver - Using @ExceptionHandler com.company.project.core.exception.GlobalExceptionHandler#handleException(Exception)
2026-03-16 17:00:04 [http-nio-8080-exec-6] ERROR c.c.p.c.e.GlobalExceptionHandler - >>> Internal Server Error: No static resource api/v1/admin/system/statistics/connect.
org.springframework.web.servlet.resource.NoResourceFoundException: No static resource api/v1/admin/system/statistics/connect.
	at org.springframework.web.servlet.resource.ResourceHttpRequestHandler.handleRequest(ResourceHttpRequestHandler.java:585)
	at org.springframework.web.servlet.mvc.HttpRequestHandlerAdapter.handle(HttpRequestHandlerAdapter.java:52)
	at org.springframework.web.servlet.DispatcherServlet.doDispatch(DispatcherServlet.java:1088)
	at org.springframework.web.servlet.DispatcherServlet.doService(DispatcherServlet.java:978)
	at org.springframework.web.servlet.FrameworkServlet.processRequest(FrameworkServlet.java:1014)
	at org.springframework.web.servlet.FrameworkServlet.doGet(FrameworkServlet.java:903)
	at jakarta.servlet.http.HttpServlet.service(HttpServlet.java:527)
	at org.springframework.web.servlet.FrameworkServlet.service(FrameworkServlet.java:885)
	at jakarta.servlet.http.HttpServlet.service(HttpServlet.java:614)
	at org.apache.catalina.core.ApplicationFilterChain.internalDoFilter(ApplicationFilterChain.java:195)
	at org.apache.catalina.core.ApplicationFilterChain.doFilter(ApplicationFilterChain.java:140)
	at org.apache.tomcat.websocket.server.WsFilter.doFilter(WsFilter.java:51)
	at org.apache.catalina.core.ApplicationFilterChain.internalDoFilter(ApplicationFilterChain.java:164)
	at org.apache.catalina.core.ApplicationFilterChain.doFilter(ApplicationFilterChain.java:140)
	at org.springframework.web.filter.CompositeFilter$VirtualFilterChain.doFilter(CompositeFilter.java:108)
	at org.springframework.security.web.FilterChainProxy.lambda$doFilterInternal$3(FilterChainProxy.java:231)
	at org.springframework.security.web.ObservationFilterChainDecorator$FilterObservation$SimpleFilterObservation.lambda$wrap$1(ObservationFilterChainDecorator.java:479)
	at org.springframework.security.web.ObservationFilterChainDecorator$AroundFilterObservation$SimpleAroundFilterObservation.lambda$wrap$1(ObservationFilterChainDecorator.java:340)
	at org.springframework.security.web.ObservationFilterChainDecorator.lambda$wrapSecured$0(ObservationFilterChainDecorator.java:82)
	at org.springframework.security.web.ObservationFilterChainDecorator$VirtualFilterChain.doFilter(ObservationFilterChainDecorator.java:128)
	at org.springframework.security.web.access.intercept.AuthorizationFilter.doFilter(AuthorizationFilter.java:101)
	at org.springframework.security.web.ObservationFilterChainDecorator$ObservationFilter.wrapFilter(ObservationFilterChainDecorator.java:240)
	at org.springframework.security.web.ObservationFilterChainDecorator$ObservationFilter.doFilter(ObservationFilterChainDecorator.java:227)
	at org.springframework.security.web.ObservationFilterChainDecorator$VirtualFilterChain.doFilter(ObservationFilterChainDecorator.java:137)
	at org.springframework.security.web.access.ExceptionTranslationFilter.doFilter(ExceptionTranslationFilter.java:126)
	at org.springframework.security.web.access.ExceptionTranslationFilter.doFilter(ExceptionTranslationFilter.java:120)
	at org.springframework.security.web.ObservationFilterChainDecorator$ObservationFilter.wrapFilter(ObservationFilterChainDecorator.java:240)
	at org.springframework.security.web.ObservationFilterChainDecorator$ObservationFilter.doFilter(ObservationFilterChainDecorator.java:227)
	at org.springframework.security.web.ObservationFilterChainDecorator$VirtualFilterChain.doFilter(ObservationFilterChainDecorator.java:137)
	at org.springframework.security.web.session.SessionManagementFilter.doFilter(SessionManagementFilter.java:131)
	at org.springframework.security.web.session.SessionManagementFilter.doFilter(SessionManagementFilter.java:85)
	at org.springframework.security.web.ObservationFilterChainDecorator$ObservationFilter.wrapFilter(ObservationFilterChainDecorator.java:240)
	at org.springframework.security.web.ObservationFilterChainDecorator$ObservationFilter.doFilter(ObservationFilterChainDecorator.java:227)
	at org.springframework.security.web.ObservationFilterChainDecorator$VirtualFilterChain.doFilter(ObservationFilterChainDecorator.java:137)
	at org.springframework.security.web.authentication.AnonymousAuthenticationFilter.doFilter(AnonymousAuthenticationFilter.java:100)
	at org.springframework.security.web.ObservationFilterChainDecorator$ObservationFilter.wrapFilter(ObservationFilterChainDecorator.java:240)
	at org.springframework.security.web.ObservationFilterChainDecorator$ObservationFilter.doFilter(ObservationFilterChainDecorator.java:227)
	at org.springframework.security.web.ObservationFilterChainDecorator$VirtualFilterChain.doFilter(ObservationFilterChainDecorator.java:137)
	at org.springframework.security.web.servletapi.SecurityContextHolderAwareRequestFilter.doFilter(SecurityContextHolderAwareRequestFilter.java:179)
	at org.springframework.security.web.ObservationFilterChainDecorator$ObservationFilter.wrapFilter(ObservationFilterChainDecorator.java:240)
	at org.springframework.security.web.ObservationFilterChainDecorator$ObservationFilter.doFilter(ObservationFilterChainDecorator.java:227)
	at org.springframework.security.web.ObservationFilterChainDecorator$VirtualFilterChain.doFilter(ObservationFilterChainDecorator.java:137)
	at org.springframework.security.web.savedrequest.RequestCacheAwareFilter.doFilter(RequestCacheAwareFilter.java:63)
	at org.springframework.security.web.ObservationFilterChainDecorator$ObservationFilter.wrapFilter(ObservationFilterChainDecorator.java:240)
	at org.springframework.security.web.ObservationFilterChainDecorator$ObservationFilter.doFilter(ObservationFilterChainDecorator.java:227)
	at org.springframework.security.web.ObservationFilterChainDecorator$VirtualFilterChain.doFilter(ObservationFilterChainDecorator.java:137)
	at com.company.project.security.jwt.JwtAuthenticationFilter.doFilterInternal(JwtAuthenticationFilter.java:52)
	at org.springframework.web.filter.OncePerRequestFilter.doFilter(OncePerRequestFilter.java:116)
	at org.springframework.security.web.ObservationFilterChainDecorator$ObservationFilter.wrapFilter(ObservationFilterChainDecorator.java:240)
	at org.springframework.security.web.ObservationFilterChainDecorator$ObservationFilter.doFilter(ObservationFilterChainDecorator.java:227)
	at org.springframework.security.web.ObservationFilterChainDecorator$VirtualFilterChain.doFilter(ObservationFilterChainDecorator.java:137)
	at org.springframework.security.web.authentication.logout.LogoutFilter.doFilter(LogoutFilter.java:107)
	at org.springframework.security.web.authentication.logout.LogoutFilter.doFilter(LogoutFilter.java:93)
	at org.springframework.security.web.ObservationFilterChainDecorator$ObservationFilter.wrapFilter(ObservationFilterChainDecorator.java:240)
	at org.springframework.security.web.ObservationFilterChainDecorator$ObservationFilter.doFilter(ObservationFilterChainDecorator.java:227)
	at org.springframework.security.web.ObservationFilterChainDecorator$VirtualFilterChain.doFilter(ObservationFilterChainDecorator.java:137)
	at org.springframework.web.filter.CorsFilter.doFilterInternal(CorsFilter.java:91)
	at org.springframework.web.filter.OncePerRequestFilter.doFilter(OncePerRequestFilter.java:116)
	at org.springframework.security.web.ObservationFilterChainDecorator$ObservationFilter.wrapFilter(ObservationFilterChainDecorator.java:240)
	at org.springframework.security.web.ObservationFilterChainDecorator$ObservationFilter.doFilter(ObservationFilterChainDecorator.java:227)
	at org.springframework.security.web.ObservationFilterChainDecorator$VirtualFilterChain.doFilter(ObservationFilterChainDecorator.java:137)
	at org.springframework.security.web.header.HeaderWriterFilter.doHeadersAfter(HeaderWriterFilter.java:90)
	at org.springframework.security.web.header.HeaderWriterFilter.doFilterInternal(HeaderWriterFilter.java:75)
	at org.springframework.web.filter.OncePerRequestFilter.doFilter(OncePerRequestFilter.java:116)
	at org.springframework.security.web.ObservationFilterChainDecorator$ObservationFilter.wrapFilter(ObservationFilterChainDecorator.java:240)
	at org.springframework.security.web.ObservationFilterChainDecorator$ObservationFilter.doFilter(ObservationFilterChainDecorator.java:227)
	at org.springframework.security.web.ObservationFilterChainDecorator$VirtualFilterChain.doFilter(ObservationFilterChainDecorator.java:137)
	at org.springframework.security.web.context.SecurityContextHolderFilter.doFilter(SecurityContextHolderFilter.java:82)
	at org.springframework.security.web.context.SecurityContextHolderFilter.doFilter(SecurityContextHolderFilter.java:69)
	at org.springframework.security.web.ObservationFilterChainDecorator$ObservationFilter.wrapFilter(ObservationFilterChainDecorator.java:240)
	at org.springframework.security.web.ObservationFilterChainDecorator$ObservationFilter.doFilter(ObservationFilterChainDecorator.java:227)
	at org.springframework.security.web.ObservationFilterChainDecorator$VirtualFilterChain.doFilter(ObservationFilterChainDecorator.java:137)
	at org.springframework.security.web.context.request.async.WebAsyncManagerIntegrationFilter.doFilterInternal(WebAsyncManagerIntegrationFilter.java:62)
	at org.springframework.web.filter.OncePerRequestFilter.doFilter(OncePerRequestFilter.java:116)
	at org.springframework.security.web.ObservationFilterChainDecorator$ObservationFilter.wrapFilter(ObservationFilterChainDecorator.java:240)
	at org.springframework.security.web.ObservationFilterChainDecorator$ObservationFilter.doFilter(ObservationFilterChainDecorator.java:227)
	at org.springframework.security.web.ObservationFilterChainDecorator$VirtualFilterChain.doFilter(ObservationFilterChainDecorator.java:137)
	at org.springframework.security.web.session.DisableEncodeUrlFilter.doFilterInternal(DisableEncodeUrlFilter.java:42)
	at org.springframework.web.filter.OncePerRequestFilter.doFilter(OncePerRequestFilter.java:116)
	at org.springframework.security.web.ObservationFilterChainDecorator$ObservationFilter.wrapFilter(ObservationFilterChainDecorator.java:240)
	at org.springframework.security.web.ObservationFilterChainDecorator$AroundFilterObservation$SimpleAroundFilterObservation.lambda$wrap$0(ObservationFilterChainDecorator.java:323)
	at org.springframework.security.web.ObservationFilterChainDecorator$ObservationFilter.doFilter(ObservationFilterChainDecorator.java:224)
	at org.springframework.security.web.ObservationFilterChainDecorator$VirtualFilterChain.doFilter(ObservationFilterChainDecorator.java:137)
	at org.springframework.security.web.FilterChainProxy.doFilterInternal(FilterChainProxy.java:233)
	at org.springframework.security.web.FilterChainProxy.doFilter(FilterChainProxy.java:191)
	at org.springframework.web.filter.CompositeFilter$VirtualFilterChain.doFilter(CompositeFilter.java:113)
	at org.springframework.web.servlet.handler.HandlerMappingIntrospector.lambda$createCacheFilter$3(HandlerMappingIntrospector.java:243)
	at org.springframework.web.filter.CompositeFilter$VirtualFilterChain.doFilter(CompositeFilter.java:113)
	at org.springframework.web.filter.CompositeFilter.doFilter(CompositeFilter.java:74)
	at org.springframework.security.config.annotation.web.configuration.WebMvcSecurityConfiguration$CompositeFilterChainProxy.doFilter(WebMvcSecurityConfiguration.java:238)
	at org.springframework.web.filter.DelegatingFilterProxy.invokeDelegate(DelegatingFilterProxy.java:362)
	at org.springframework.web.filter.DelegatingFilterProxy.doFilter(DelegatingFilterProxy.java:278)
	at org.apache.catalina.core.ApplicationFilterChain.internalDoFilter(ApplicationFilterChain.java:164)
	at org.apache.catalina.core.ApplicationFilterChain.doFilter(ApplicationFilterChain.java:140)
	at org.springframework.web.filter.RequestContextFilter.doFilterInternal(RequestContextFilter.java:100)
	at org.springframework.web.filter.OncePerRequestFilter.doFilter(OncePerRequestFilter.java:116)
	at org.apache.catalina.core.ApplicationFilterChain.internalDoFilter(ApplicationFilterChain.java:164)
	at org.apache.catalina.core.ApplicationFilterChain.doFilter(ApplicationFilterChain.java:140)
	at org.springframework.web.filter.FormContentFilter.doFilterInternal(FormContentFilter.java:93)
	at org.springframework.web.filter.OncePerRequestFilter.doFilter(OncePerRequestFilter.java:116)
	at org.apache.catalina.core.ApplicationFilterChain.internalDoFilter(ApplicationFilterChain.java:164)
	at org.apache.catalina.core.ApplicationFilterChain.doFilter(ApplicationFilterChain.java:140)
	at org.springframework.web.filter.ServerHttpObservationFilter.doFilterInternal(ServerHttpObservationFilter.java:114)
	at org.springframework.web.filter.OncePerRequestFilter.doFilter(OncePerRequestFilter.java:116)
	at org.apache.catalina.core.ApplicationFilterChain.internalDoFilter(ApplicationFilterChain.java:164)
	at org.apache.catalina.core.ApplicationFilterChain.doFilter(ApplicationFilterChain.java:140)
	at org.springframework.web.filter.CharacterEncodingFilter.doFilterInternal(CharacterEncodingFilter.java:201)
	at org.springframework.web.filter.OncePerRequestFilter.doFilter(OncePerRequestFilter.java:116)
	at org.apache.catalina.core.ApplicationFilterChain.internalDoFilter(ApplicationFilterChain.java:164)
	at org.apache.catalina.core.ApplicationFilterChain.doFilter(ApplicationFilterChain.java:140)
	at org.apache.catalina.core.StandardWrapperValve.invoke(StandardWrapperValve.java:167)
	at org.apache.catalina.core.StandardContextValve.invoke(StandardContextValve.java:90)
	at org.apache.catalina.authenticator.AuthenticatorBase.invoke(AuthenticatorBase.java:483)
	at org.apache.catalina.core.StandardHostValve.invoke(StandardHostValve.java:115)
	at org.apache.catalina.valves.ErrorReportValve.invoke(ErrorReportValve.java:93)
	at org.apache.catalina.core.StandardEngineValve.invoke(StandardEngineValve.java:74)
	at org.apache.catalina.connector.CoyoteAdapter.service(CoyoteAdapter.java:344)
	at org.apache.coyote.http11.Http11Processor.service(Http11Processor.java:397)
	at org.apache.coyote.AbstractProcessorLight.process(AbstractProcessorLight.java:63)
	at org.apache.coyote.AbstractProtocol$ConnectionHandler.process(AbstractProtocol.java:905)
	at org.apache.tomcat.util.net.NioEndpoint$SocketProcessor.doRun(NioEndpoint.java:1741)
	at org.apache.tomcat.util.net.SocketProcessorBase.run(SocketProcessorBase.java:52)
	at org.apache.tomcat.util.threads.ThreadPoolExecutor.runWorker(ThreadPoolExecutor.java:1190)
	at org.apache.tomcat.util.threads.ThreadPoolExecutor$Worker.run(ThreadPoolExecutor.java:659)
	at org.apache.tomcat.util.threads.TaskThread$WrappingRunnable.run(TaskThread.java:63)
	at java.base/java.lang.Thread.run(Thread.java:1583)
2026-03-16 17:00:04 [http-nio-8080-exec-6] DEBUG o.s.w.s.m.m.a.HttpEntityMethodProcessor - Using 'application/json', given [application/json, text/plain, */*] and supported [application/json, application/*+json, application/yaml]
2026-03-16 17:00:04 [http-nio-8080-exec-6] TRACE o.s.w.s.m.m.a.HttpEntityMethodProcessor - Writing [ApiResponse[success=false, status=500, code=C004, message=예기치 않은 서버 오류가 발생했습니다., data=null, timestamp=2026-03-16T17:00:04.189526300]]
2026-03-16 17:00:04 [http-nio-8080-exec-6] DEBUG o.s.w.s.m.m.a.ExceptionHandlerExceptionResolver - Resolved [org.springframework.web.servlet.resource.NoResourceFoundException: No static resource api/v1/admin/system/statistics/connect.]
2026-03-16 17:00:04 [http-nio-8080-exec-6] DEBUG o.s.web.servlet.DispatcherServlet - Completed 500 INTERNAL_SERVER_ERROR
2026-03-16 17:00:04 [http-nio-8080-exec-9] DEBUG c.c.p.s.jwt.JwtAuthenticationFilter - >>> [JwtFilter] Processing request: GET /api/v1/menu/left
2026-03-16 17:00:04 [http-nio-8080-exec-9] DEBUG c.c.p.s.jwt.JwtAuthenticationFilter - >>> [JwtFilter] Found token in header for path: /api/v1/menu/left
2026-03-16 17:00:04 [http-nio-8080-exec-9] DEBUG o.s.orm.jpa.JpaTransactionManager - Creating new transaction with name [com.company.project.security.iam.CustomUserDetailsService.loadUserByUsername]: PROPAGATION_REQUIRED,ISOLATION_DEFAULT,readOnly
2026-03-16 17:00:04 [http-nio-8080-exec-9] DEBUG o.s.orm.jpa.JpaTransactionManager - Opened new EntityManager [SessionImpl(300696519<open>)] for JPA transaction
2026-03-16 17:00:04 [http-nio-8080-exec-4] DEBUG o.s.orm.jpa.JpaTransactionManager - Initiating transaction commit
2026-03-16 17:00:04 [http-nio-8080-exec-2] DEBUG o.s.orm.jpa.JpaTransactionManager - Initiating transaction commit
2026-03-16 17:00:04 [http-nio-8080-exec-4] DEBUG o.s.orm.jpa.JpaTransactionManager - Committing JPA transaction on EntityManager [SessionImpl(1343812532<open>)]
2026-03-16 17:00:04 [http-nio-8080-exec-2] DEBUG o.s.orm.jpa.JpaTransactionManager - Committing JPA transaction on EntityManager [SessionImpl(953295577<open>)]
2026-03-16 17:00:04 [http-nio-8080-exec-8] DEBUG o.s.orm.jpa.JpaTransactionManager - Exposing JPA transaction as JDBC [org.springframework.orm.jpa.vendor.HibernateJpaDialect$HibernateConnectionHandle@738ae87a]
2026-03-16 17:00:04 [http-nio-8080-exec-1] DEBUG o.s.orm.jpa.JpaTransactionManager - Initiating transaction commit
2026-03-16 17:00:04 [http-nio-8080-exec-8] DEBUG o.s.orm.jpa.JpaTransactionManager - Found thread-bound EntityManager [SessionImpl(748253789<open>)] for JPA transaction
2026-03-16 17:00:04 [http-nio-8080-exec-1] DEBUG o.s.orm.jpa.JpaTransactionManager - Committing JPA transaction on EntityManager [SessionImpl(706343367<open>)]
2026-03-16 17:00:04 [http-nio-8080-exec-8] DEBUG o.s.orm.jpa.JpaTransactionManager - Participating in existing transaction
2026-03-16 17:00:04 [http-nio-8080-exec-8] DEBUG org.hibernate.SQL - select u1_0.emplyr_id,u1_0.area_no,u1_0.brthdy,u1_0.chg_pwd_cnt,u1_0.frst_register_id,u1_0.frst_regist_pnttm,u1_0.detail_adres,u1_0.email_adres,u1_0.emplyr_sttus_code,u1_0.empl_no,u1_0.esntl_id,u1_0.fxnum,u1_0.group_id,u1_0.house_adres,u1_0.house_end_telno,u1_0.house_middle_telno,u1_0.ihidnum,u1_0.pstinst_code,u1_0.last_updusr_id,u1_0.last_updt_pnttm,u1_0.lock_at,u1_0.lock_cnt,u1_0.lock_last_pnttm,u1_0.mbtlnum,u1_0.ofcps_nm,u1_0.offm_telno,u1_0.orgnzt_id,u1_0.password,u1_0.password_cnsr,u1_0.password_hint,u1_0.chg_pwd_last_pnttm,u1_0.role,u1_0.sbscrb_de,u1_0.sexdstn_code,u1_0.crtfc_dn_value,u1_0.user_nm,u1_0.zip from nemplyrinfo u1_0 where u1_0.emplyr_id=?
2026-03-16 17:00:04 [http-nio-8080-exec-10] DEBUG o.s.orm.jpa.JpaTransactionManager - Initiating transaction commit
2026-03-16 17:00:04 [http-nio-8080-exec-10] DEBUG o.s.orm.jpa.JpaTransactionManager - Committing JPA transaction on EntityManager [SessionImpl(2055324219<open>)]
2026-03-16 17:00:04 [http-nio-8080-exec-9] DEBUG o.s.orm.jpa.JpaTransactionManager - Exposing JPA transaction as JDBC [org.springframework.orm.jpa.vendor.HibernateJpaDialect$HibernateConnectionHandle@4ac98556]
2026-03-16 17:00:04 [http-nio-8080-exec-9] DEBUG o.s.orm.jpa.JpaTransactionManager - Found thread-bound EntityManager [SessionImpl(300696519<open>)] for JPA transaction
2026-03-16 17:00:04 [http-nio-8080-exec-9] DEBUG o.s.orm.jpa.JpaTransactionManager - Participating in existing transaction
2026-03-16 17:00:04 [http-nio-8080-exec-9] DEBUG org.hibernate.SQL - select u1_0.emplyr_id,u1_0.area_no,u1_0.brthdy,u1_0.chg_pwd_cnt,u1_0.frst_register_id,u1_0.frst_regist_pnttm,u1_0.detail_adres,u1_0.email_adres,u1_0.emplyr_sttus_code,u1_0.empl_no,u1_0.esntl_id,u1_0.fxnum,u1_0.group_id,u1_0.house_adres,u1_0.house_end_telno,u1_0.house_middle_telno,u1_0.ihidnum,u1_0.pstinst_code,u1_0.last_updusr_id,u1_0.last_updt_pnttm,u1_0.lock_at,u1_0.lock_cnt,u1_0.lock_last_pnttm,u1_0.mbtlnum,u1_0.ofcps_nm,u1_0.offm_telno,u1_0.orgnzt_id,u1_0.password,u1_0.password_cnsr,u1_0.password_hint,u1_0.chg_pwd_last_pnttm,u1_0.role,u1_0.sbscrb_de,u1_0.sexdstn_code,u1_0.crtfc_dn_value,u1_0.user_nm,u1_0.zip from nemplyrinfo u1_0 where u1_0.emplyr_id=?
2026-03-16 17:00:04 [http-nio-8080-exec-4] DEBUG o.s.orm.jpa.JpaTransactionManager - Closing JPA EntityManager [SessionImpl(1343812532<open>)] after transaction
2026-03-16 17:00:04 [http-nio-8080-exec-2] DEBUG o.s.orm.jpa.JpaTransactionManager - Closing JPA EntityManager [SessionImpl(953295577<open>)] after transaction
2026-03-16 17:00:04 [http-nio-8080-exec-4] DEBUG o.s.w.s.m.m.a.HttpEntityMethodProcessor - Using 'application/json', given [application/json, text/plain, */*] and supported [application/json, application/*+json, application/yaml]
2026-03-16 17:00:04 [http-nio-8080-exec-2] DEBUG o.s.w.s.m.m.a.HttpEntityMethodProcessor - Using 'application/json', given [application/json, text/plain, */*] and supported [application/json, application/*+json, application/yaml]
2026-03-16 17:00:04 [http-nio-8080-exec-4] TRACE o.s.w.s.m.m.a.HttpEntityMethodProcessor - Writing [ApiResponse[success=true, status=200, code=COMMON_001, message=Success, data=[NotificationDto(ntfcNo=NT001, ntfcSj=테스트 알림입니다, ntfcCn=알림 내용입니다, ntfcDate=null, ntfcTime=2026-02-25T00:59:33.784070, bhNtfcIntrvl=null, uniqId=null, frstRegisterId=null, frstRegisterPnttm=2026-02-25T00:59:33.784070, lastUpdusrId=null, lastUpdusrPnttm=null)], timestamp=2026-03-16T17:00:04.353712200]]
2026-03-16 17:00:04 [http-nio-8080-exec-2] TRACE o.s.w.s.m.m.a.HttpEntityMethodProcessor - Writing [ApiResponse[success=true, status=200, code=COMMON_001, message=Success, data=0, timestamp=2026-03-16T17:00:04.353712200]]
2026-03-16 17:00:04 [http-nio-8080-exec-4] INFO  c.c.p.a.i.OperationalAuditInterceptor - API Audit Log: URL=/api/v1/notifications, User=webmaster, IP=127.0.0.1
2026-03-16 17:00:04 [http-nio-8080-exec-2] INFO  c.c.p.a.i.OperationalAuditInterceptor - API Audit Log: URL=/api/v1/notifications/unread-count, User=webmaster, IP=127.0.0.1
2026-03-16 17:00:04 [http-nio-8080-exec-4] DEBUG o.s.web.servlet.DispatcherServlet - Completed 200 OK
2026-03-16 17:00:04 [http-nio-8080-exec-2] DEBUG o.s.web.servlet.DispatcherServlet - Completed 200 OK
2026-03-16 17:00:04 [http-nio-8080-exec-5] DEBUG c.c.p.s.jwt.JwtAuthenticationFilter - >>> [JwtFilter] Processing request: GET /api/v1/notifications
2026-03-16 17:00:04 [http-nio-8080-exec-7] DEBUG c.c.p.s.jwt.JwtAuthenticationFilter - >>> [JwtFilter] Processing request: GET /api/v1/notifications/unread-count
2026-03-16 17:00:04 [http-nio-8080-exec-5] DEBUG c.c.p.s.jwt.JwtAuthenticationFilter - >>> [JwtFilter] Found token in header for path: /api/v1/notifications
2026-03-16 17:00:04 [http-nio-8080-exec-7] DEBUG c.c.p.s.jwt.JwtAuthenticationFilter - >>> [JwtFilter] Found token in header for path: /api/v1/notifications/unread-count
2026-03-16 17:00:04 [http-nio-8080-exec-7] DEBUG o.s.orm.jpa.JpaTransactionManager - Creating new transaction with name [com.company.project.security.iam.CustomUserDetailsService.loadUserByUsername]: PROPAGATION_REQUIRED,ISOLATION_DEFAULT,readOnly
2026-03-16 17:00:04 [http-nio-8080-exec-5] DEBUG o.s.orm.jpa.JpaTransactionManager - Creating new transaction with name [com.company.project.security.iam.CustomUserDetailsService.loadUserByUsername]: PROPAGATION_REQUIRED,ISOLATION_DEFAULT,readOnly
2026-03-16 17:00:04 [http-nio-8080-exec-7] DEBUG o.s.orm.jpa.JpaTransactionManager - Opened new EntityManager [SessionImpl(2106275589<open>)] for JPA transaction
2026-03-16 17:00:04 [http-nio-8080-exec-5] DEBUG o.s.orm.jpa.JpaTransactionManager - Opened new EntityManager [SessionImpl(991254949<open>)] for JPA transaction
2026-03-16 17:00:04 [http-nio-8080-exec-1] DEBUG o.s.orm.jpa.JpaTransactionManager - Closing JPA EntityManager [SessionImpl(706343367<open>)] after transaction
2026-03-16 17:00:04 [http-nio-8080-exec-1] DEBUG o.s.w.s.m.m.a.HttpEntityMethodProcessor - Using 'application/json', given [application/json, text/plain, */*] and supported [application/json, application/*+json, application/yaml]
2026-03-16 17:00:04 [http-nio-8080-exec-1] TRACE o.s.w.s.m.m.a.HttpEntityMethodProcessor - Writing [ApiResponse[success=true, status=200, code=COMMON_001, message=Success, data=[], timestamp=2026-03-16T17:00:04.365802400]]
2026-03-16 17:00:04 [http-nio-8080-exec-1] INFO  c.c.p.a.i.OperationalAuditInterceptor - API Audit Log: URL=/api/v1/admin/system/banners/reflected, User=webmaster, IP=127.0.0.1
2026-03-16 17:00:04 [http-nio-8080-exec-1] DEBUG o.s.web.servlet.DispatcherServlet - Completed 200 OK
2026-03-16 17:00:04 [http-nio-8080-exec-8] DEBUG o.s.orm.jpa.JpaTransactionManager - Found thread-bound EntityManager [SessionImpl(748253789<open>)] for JPA transaction
2026-03-16 17:00:04 [http-nio-8080-exec-8] DEBUG o.s.orm.jpa.JpaTransactionManager - Participating in existing transaction
2026-03-16 17:00:04 [http-nio-8080-exec-3] DEBUG c.c.p.s.jwt.JwtAuthenticationFilter - >>> [JwtFilter] Processing request: GET /api/v1/admin/system/banners/reflected
2026-03-16 17:00:04 [http-nio-8080-exec-3] DEBUG c.c.p.s.jwt.JwtAuthenticationFilter - >>> [JwtFilter] Found token in header for path: /api/v1/admin/system/banners/reflected
2026-03-16 17:00:04 [http-nio-8080-exec-8] DEBUG org.hibernate.SQL - select ua1_0.scrty_dtrmn_trget_id,ua1_0.author_code,ua1_0.frst_register_id,ua1_0.frst_regist_pnttm,ua1_0.last_updusr_id,ua1_0.last_updt_pnttm,ua1_0.mber_ty_code from nemplyrscrtyestbs ua1_0 where ua1_0.scrty_dtrmn_trget_id=?
2026-03-16 17:00:04 [http-nio-8080-exec-3] DEBUG o.s.orm.jpa.JpaTransactionManager - Creating new transaction with name [com.company.project.security.iam.CustomUserDetailsService.loadUserByUsername]: PROPAGATION_REQUIRED,ISOLATION_DEFAULT,readOnly
2026-03-16 17:00:04 [http-nio-8080-exec-3] DEBUG o.s.orm.jpa.JpaTransactionManager - Opened new EntityManager [SessionImpl(223555308<open>)] for JPA transaction
2026-03-16 17:00:04 [http-nio-8080-exec-3] DEBUG o.s.orm.jpa.JpaTransactionManager - Exposing JPA transaction as JDBC [org.springframework.orm.jpa.vendor.HibernateJpaDialect$HibernateConnectionHandle@3f58d22a]
2026-03-16 17:00:04 [http-nio-8080-exec-3] DEBUG o.s.orm.jpa.JpaTransactionManager - Found thread-bound EntityManager [SessionImpl(223555308<open>)] for JPA transaction
2026-03-16 17:00:04 [http-nio-8080-exec-3] DEBUG o.s.orm.jpa.JpaTransactionManager - Participating in existing transaction
2026-03-16 17:00:04 [http-nio-8080-exec-3] DEBUG org.hibernate.SQL - select u1_0.emplyr_id,u1_0.area_no,u1_0.brthdy,u1_0.chg_pwd_cnt,u1_0.frst_register_id,u1_0.frst_regist_pnttm,u1_0.detail_adres,u1_0.email_adres,u1_0.emplyr_sttus_code,u1_0.empl_no,u1_0.esntl_id,u1_0.fxnum,u1_0.group_id,u1_0.house_adres,u1_0.house_end_telno,u1_0.house_middle_telno,u1_0.ihidnum,u1_0.pstinst_code,u1_0.last_updusr_id,u1_0.last_updt_pnttm,u1_0.lock_at,u1_0.lock_cnt,u1_0.lock_last_pnttm,u1_0.mbtlnum,u1_0.ofcps_nm,u1_0.offm_telno,u1_0.orgnzt_id,u1_0.password,u1_0.password_cnsr,u1_0.password_hint,u1_0.chg_pwd_last_pnttm,u1_0.role,u1_0.sbscrb_de,u1_0.sexdstn_code,u1_0.crtfc_dn_value,u1_0.user_nm,u1_0.zip from nemplyrinfo u1_0 where u1_0.emplyr_id=?
2026-03-16 17:00:04 [http-nio-8080-exec-10] DEBUG o.s.orm.jpa.JpaTransactionManager - Closing JPA EntityManager [SessionImpl(2055324219<open>)] after transaction
2026-03-16 17:00:04 [http-nio-8080-exec-10] DEBUG o.s.w.s.m.m.a.HttpEntityMethodProcessor - Using 'application/json', given [application/json, text/plain, */*] and supported [application/json, application/*+json, application/yaml]
2026-03-16 17:00:04 [http-nio-8080-exec-10] TRACE o.s.w.s.m.m.a.HttpEntityMethodProcessor - Writing [ApiResponse[success=true, status=200, code=COMMON_001, message=Success, data=[], timestamp=2026-03-16T17:00:04.403825300]]
2026-03-16 17:00:04 [http-nio-8080-exec-10] INFO  c.c.p.a.i.OperationalAuditInterceptor - API Audit Log: URL=/api/v1/popups/active, User=webmaster, IP=127.0.0.1
2026-03-16 17:00:04 [http-nio-8080-exec-10] DEBUG o.s.web.servlet.DispatcherServlet - Completed 200 OK
2026-03-16 17:00:04 [http-nio-8080-exec-6] DEBUG c.c.p.s.jwt.JwtAuthenticationFilter - >>> [JwtFilter] Processing request: GET /api/v1/popups/active
2026-03-16 17:00:04 [http-nio-8080-exec-6] DEBUG c.c.p.s.jwt.JwtAuthenticationFilter - >>> [JwtFilter] Found token in header for path: /api/v1/popups/active
2026-03-16 17:00:04 [http-nio-8080-exec-6] DEBUG o.s.orm.jpa.JpaTransactionManager - Creating new transaction with name [com.company.project.security.iam.CustomUserDetailsService.loadUserByUsername]: PROPAGATION_REQUIRED,ISOLATION_DEFAULT,readOnly
2026-03-16 17:00:04 [http-nio-8080-exec-6] DEBUG o.s.orm.jpa.JpaTransactionManager - Opened new EntityManager [SessionImpl(138834711<open>)] for JPA transaction
2026-03-16 17:00:04 [http-nio-8080-exec-6] DEBUG o.s.orm.jpa.JpaTransactionManager - Exposing JPA transaction as JDBC [org.springframework.orm.jpa.vendor.HibernateJpaDialect$HibernateConnectionHandle@77c968ee]
2026-03-16 17:00:04 [http-nio-8080-exec-6] DEBUG o.s.orm.jpa.JpaTransactionManager - Found thread-bound EntityManager [SessionImpl(138834711<open>)] for JPA transaction
2026-03-16 17:00:04 [http-nio-8080-exec-6] DEBUG o.s.orm.jpa.JpaTransactionManager - Participating in existing transaction
2026-03-16 17:00:04 [http-nio-8080-exec-6] DEBUG org.hibernate.SQL - select u1_0.emplyr_id,u1_0.area_no,u1_0.brthdy,u1_0.chg_pwd_cnt,u1_0.frst_register_id,u1_0.frst_regist_pnttm,u1_0.detail_adres,u1_0.email_adres,u1_0.emplyr_sttus_code,u1_0.empl_no,u1_0.esntl_id,u1_0.fxnum,u1_0.group_id,u1_0.house_adres,u1_0.house_end_telno,u1_0.house_middle_telno,u1_0.ihidnum,u1_0.pstinst_code,u1_0.last_updusr_id,u1_0.last_updt_pnttm,u1_0.lock_at,u1_0.lock_cnt,u1_0.lock_last_pnttm,u1_0.mbtlnum,u1_0.ofcps_nm,u1_0.offm_telno,u1_0.orgnzt_id,u1_0.password,u1_0.password_cnsr,u1_0.password_hint,u1_0.chg_pwd_last_pnttm,u1_0.role,u1_0.sbscrb_de,u1_0.sexdstn_code,u1_0.crtfc_dn_value,u1_0.user_nm,u1_0.zip from nemplyrinfo u1_0 where u1_0.emplyr_id=?
2026-03-16 17:00:04 [http-nio-8080-exec-9] DEBUG o.s.orm.jpa.JpaTransactionManager - Found thread-bound EntityManager [SessionImpl(300696519<open>)] for JPA transaction
2026-03-16 17:00:04 [http-nio-8080-exec-9] DEBUG o.s.orm.jpa.JpaTransactionManager - Participating in existing transaction
2026-03-16 17:00:04 [http-nio-8080-exec-9] DEBUG org.hibernate.SQL - select ua1_0.scrty_dtrmn_trget_id,ua1_0.author_code,ua1_0.frst_register_id,ua1_0.frst_regist_pnttm,ua1_0.last_updusr_id,ua1_0.last_updt_pnttm,ua1_0.mber_ty_code from nemplyrscrtyestbs ua1_0 where ua1_0.scrty_dtrmn_trget_id=?
2026-03-16 17:00:04 [http-nio-8080-exec-5] DEBUG o.s.orm.jpa.JpaTransactionManager - Exposing JPA transaction as JDBC [org.springframework.orm.jpa.vendor.HibernateJpaDialect$HibernateConnectionHandle@3f493526]
2026-03-16 17:00:04 [http-nio-8080-exec-7] DEBUG o.s.orm.jpa.JpaTransactionManager - Exposing JPA transaction as JDBC [org.springframework.orm.jpa.vendor.HibernateJpaDialect$HibernateConnectionHandle@66990c83]
2026-03-16 17:00:04 [http-nio-8080-exec-5] DEBUG o.s.orm.jpa.JpaTransactionManager - Found thread-bound EntityManager [SessionImpl(991254949<open>)] for JPA transaction
2026-03-16 17:00:04 [http-nio-8080-exec-5] DEBUG o.s.orm.jpa.JpaTransactionManager - Participating in existing transaction
2026-03-16 17:00:04 [http-nio-8080-exec-5] DEBUG org.hibernate.SQL - select u1_0.emplyr_id,u1_0.area_no,u1_0.brthdy,u1_0.chg_pwd_cnt,u1_0.frst_register_id,u1_0.frst_regist_pnttm,u1_0.detail_adres,u1_0.email_adres,u1_0.emplyr_sttus_code,u1_0.empl_no,u1_0.esntl_id,u1_0.fxnum,u1_0.group_id,u1_0.house_adres,u1_0.house_end_telno,u1_0.house_middle_telno,u1_0.ihidnum,u1_0.pstinst_code,u1_0.last_updusr_id,u1_0.last_updt_pnttm,u1_0.lock_at,u1_0.lock_cnt,u1_0.lock_last_pnttm,u1_0.mbtlnum,u1_0.ofcps_nm,u1_0.offm_telno,u1_0.orgnzt_id,u1_0.password,u1_0.password_cnsr,u1_0.password_hint,u1_0.chg_pwd_last_pnttm,u1_0.role,u1_0.sbscrb_de,u1_0.sexdstn_code,u1_0.crtfc_dn_value,u1_0.user_nm,u1_0.zip from nemplyrinfo u1_0 where u1_0.emplyr_id=?
2026-03-16 17:00:04 [http-nio-8080-exec-7] DEBUG o.s.orm.jpa.JpaTransactionManager - Found thread-bound EntityManager [SessionImpl(2106275589<open>)] for JPA transaction
2026-03-16 17:00:04 [http-nio-8080-exec-7] DEBUG o.s.orm.jpa.JpaTransactionManager - Participating in existing transaction
2026-03-16 17:00:04 [http-nio-8080-exec-7] DEBUG org.hibernate.SQL - select u1_0.emplyr_id,u1_0.area_no,u1_0.brthdy,u1_0.chg_pwd_cnt,u1_0.frst_register_id,u1_0.frst_regist_pnttm,u1_0.detail_adres,u1_0.email_adres,u1_0.emplyr_sttus_code,u1_0.empl_no,u1_0.esntl_id,u1_0.fxnum,u1_0.group_id,u1_0.house_adres,u1_0.house_end_telno,u1_0.house_middle_telno,u1_0.ihidnum,u1_0.pstinst_code,u1_0.last_updusr_id,u1_0.last_updt_pnttm,u1_0.lock_at,u1_0.lock_cnt,u1_0.lock_last_pnttm,u1_0.mbtlnum,u1_0.ofcps_nm,u1_0.offm_telno,u1_0.orgnzt_id,u1_0.password,u1_0.password_cnsr,u1_0.password_hint,u1_0.chg_pwd_last_pnttm,u1_0.role,u1_0.sbscrb_de,u1_0.sexdstn_code,u1_0.crtfc_dn_value,u1_0.user_nm,u1_0.zip from nemplyrinfo u1_0 where u1_0.emplyr_id=?
2026-03-16 17:00:04 [http-nio-8080-exec-8] DEBUG o.s.orm.jpa.JpaTransactionManager - Initiating transaction commit
2026-03-16 17:00:04 [http-nio-8080-exec-8] DEBUG o.s.orm.jpa.JpaTransactionManager - Committing JPA transaction on EntityManager [SessionImpl(748253789<open>)]
2026-03-16 17:00:04 [http-nio-8080-exec-3] DEBUG o.s.orm.jpa.JpaTransactionManager - Found thread-bound EntityManager [SessionImpl(223555308<open>)] for JPA transaction
2026-03-16 17:00:04 [http-nio-8080-exec-3] DEBUG o.s.orm.jpa.JpaTransactionManager - Participating in existing transaction
2026-03-16 17:00:04 [http-nio-8080-exec-3] DEBUG org.hibernate.SQL - select ua1_0.scrty_dtrmn_trget_id,ua1_0.author_code,ua1_0.frst_register_id,ua1_0.frst_regist_pnttm,ua1_0.last_updusr_id,ua1_0.last_updt_pnttm,ua1_0.mber_ty_code from nemplyrscrtyestbs ua1_0 where ua1_0.scrty_dtrmn_trget_id=?
2026-03-16 17:00:04 [http-nio-8080-exec-6] DEBUG o.s.orm.jpa.JpaTransactionManager - Found thread-bound EntityManager [SessionImpl(138834711<open>)] for JPA transaction
2026-03-16 17:00:04 [http-nio-8080-exec-6] DEBUG o.s.orm.jpa.JpaTransactionManager - Participating in existing transaction
2026-03-16 17:00:04 [http-nio-8080-exec-6] DEBUG org.hibernate.SQL - select ua1_0.scrty_dtrmn_trget_id,ua1_0.author_code,ua1_0.frst_register_id,ua1_0.frst_regist_pnttm,ua1_0.last_updusr_id,ua1_0.last_updt_pnttm,ua1_0.mber_ty_code from nemplyrscrtyestbs ua1_0 where ua1_0.scrty_dtrmn_trget_id=?
2026-03-16 17:00:04 [http-nio-8080-exec-9] DEBUG o.s.orm.jpa.JpaTransactionManager - Initiating transaction commit
2026-03-16 17:00:04 [http-nio-8080-exec-9] DEBUG o.s.orm.jpa.JpaTransactionManager - Committing JPA transaction on EntityManager [SessionImpl(300696519<open>)]
2026-03-16 17:00:04 [http-nio-8080-exec-8] DEBUG o.s.orm.jpa.JpaTransactionManager - Closing JPA EntityManager [SessionImpl(748253789<open>)] after transaction
2026-03-16 17:00:04 [http-nio-8080-exec-8] DEBUG c.c.p.s.jwt.JwtAuthenticationFilter - >>> [JwtFilter] Successfully authenticated user: USRCNFRM_99999999999, Authorities: [ROLE_ADMIN]
2026-03-16 17:00:04 [http-nio-8080-exec-8] DEBUG o.s.web.servlet.DispatcherServlet - GET "/api/v1/admin/system/statistics/bbs?statsKind=COM101", parameters={masked}
2026-03-16 17:00:04 [http-nio-8080-exec-7] DEBUG o.s.orm.jpa.JpaTransactionManager - Found thread-bound EntityManager [SessionImpl(2106275589<open>)] for JPA transaction
2026-03-16 17:00:04 [http-nio-8080-exec-7] DEBUG o.s.orm.jpa.JpaTransactionManager - Participating in existing transaction
2026-03-16 17:00:04 [http-nio-8080-exec-8] DEBUG o.s.w.s.h.SimpleUrlHandlerMapping - Mapped to ResourceHttpRequestHandler [classpath [META-INF/resources/], classpath [resources/], classpath [static/], classpath [public/], ServletContext [/]]
2026-03-16 17:00:04 [http-nio-8080-exec-7] DEBUG org.hibernate.SQL - select ua1_0.scrty_dtrmn_trget_id,ua1_0.author_code,ua1_0.frst_register_id,ua1_0.frst_regist_pnttm,ua1_0.last_updusr_id,ua1_0.last_updt_pnttm,ua1_0.mber_ty_code from nemplyrscrtyestbs ua1_0 where ua1_0.scrty_dtrmn_trget_id=?
2026-03-16 17:00:04 [http-nio-8080-exec-3] DEBUG o.s.orm.jpa.JpaTransactionManager - Initiating transaction commit
2026-03-16 17:00:04 [http-nio-8080-exec-5] DEBUG o.s.orm.jpa.JpaTransactionManager - Found thread-bound EntityManager [SessionImpl(991254949<open>)] for JPA transaction
2026-03-16 17:00:04 [http-nio-8080-exec-6] DEBUG o.s.orm.jpa.JpaTransactionManager - Initiating transaction commit
2026-03-16 17:00:04 [http-nio-8080-exec-3] DEBUG o.s.orm.jpa.JpaTransactionManager - Committing JPA transaction on EntityManager [SessionImpl(223555308<open>)]
2026-03-16 17:00:04 [http-nio-8080-exec-6] DEBUG o.s.orm.jpa.JpaTransactionManager - Committing JPA transaction on EntityManager [SessionImpl(138834711<open>)]
2026-03-16 17:00:04 [http-nio-8080-exec-5] DEBUG o.s.orm.jpa.JpaTransactionManager - Participating in existing transaction
2026-03-16 17:00:04 [http-nio-8080-exec-5] DEBUG org.hibernate.SQL - select ua1_0.scrty_dtrmn_trget_id,ua1_0.author_code,ua1_0.frst_register_id,ua1_0.frst_regist_pnttm,ua1_0.last_updusr_id,ua1_0.last_updt_pnttm,ua1_0.mber_ty_code from nemplyrscrtyestbs ua1_0 where ua1_0.scrty_dtrmn_trget_id=?
2026-03-16 17:00:04 [http-nio-8080-exec-8] DEBUG o.s.w.s.r.ResourceHttpRequestHandler - Resource not found
2026-03-16 17:00:04 [http-nio-8080-exec-8] DEBUG o.s.w.s.m.m.a.ExceptionHandlerExceptionResolver - Using @ExceptionHandler com.company.project.core.exception.GlobalExceptionHandler#handleException(Exception)
2026-03-16 17:00:04 [http-nio-8080-exec-8] ERROR c.c.p.c.e.GlobalExceptionHandler - >>> Internal Server Error: No static resource api/v1/admin/system/statistics/bbs.
org.springframework.web.servlet.resource.NoResourceFoundException: No static resource api/v1/admin/system/statistics/bbs.
	at org.springframework.web.servlet.resource.ResourceHttpRequestHandler.handleRequest(ResourceHttpRequestHandler.java:585)
	at org.springframework.web.servlet.mvc.HttpRequestHandlerAdapter.handle(HttpRequestHandlerAdapter.java:52)
	at org.springframework.web.servlet.DispatcherServlet.doDispatch(DispatcherServlet.java:1088)
	at org.springframework.web.servlet.DispatcherServlet.doService(DispatcherServlet.java:978)
	at org.springframework.web.servlet.FrameworkServlet.processRequest(FrameworkServlet.java:1014)
	at org.springframework.web.servlet.FrameworkServlet.doGet(FrameworkServlet.java:903)
	at jakarta.servlet.http.HttpServlet.service(HttpServlet.java:527)
	at org.springframework.web.servlet.FrameworkServlet.service(FrameworkServlet.java:885)
	at jakarta.servlet.http.HttpServlet.service(HttpServlet.java:614)
	at org.apache.catalina.core.ApplicationFilterChain.internalDoFilter(ApplicationFilterChain.java:195)
	at org.apache.catalina.core.ApplicationFilterChain.doFilter(ApplicationFilterChain.java:140)
	at org.apache.tomcat.websocket.server.WsFilter.doFilter(WsFilter.java:51)
	at org.apache.catalina.core.ApplicationFilterChain.internalDoFilter(ApplicationFilterChain.java:164)
	at org.apache.catalina.core.ApplicationFilterChain.doFilter(ApplicationFilterChain.java:140)
	at org.springframework.web.filter.CompositeFilter$VirtualFilterChain.doFilter(CompositeFilter.java:108)
	at org.springframework.security.web.FilterChainProxy.lambda$doFilterInternal$3(FilterChainProxy.java:231)
	at org.springframework.security.web.ObservationFilterChainDecorator$FilterObservation$SimpleFilterObservation.lambda$wrap$1(ObservationFilterChainDecorator.java:479)
	at org.springframework.security.web.ObservationFilterChainDecorator$AroundFilterObservation$SimpleAroundFilterObservation.lambda$wrap$1(ObservationFilterChainDecorator.java:340)
	at org.springframework.security.web.ObservationFilterChainDecorator.lambda$wrapSecured$0(ObservationFilterChainDecorator.java:82)
	at org.springframework.security.web.ObservationFilterChainDecorator$VirtualFilterChain.doFilter(ObservationFilterChainDecorator.java:128)
	at org.springframework.security.web.access.intercept.AuthorizationFilter.doFilter(AuthorizationFilter.java:101)
	at org.springframework.security.web.ObservationFilterChainDecorator$ObservationFilter.wrapFilter(ObservationFilterChainDecorator.java:240)
	at org.springframework.security.web.ObservationFilterChainDecorator$ObservationFilter.doFilter(ObservationFilterChainDecorator.java:227)
	at org.springframework.security.web.ObservationFilterChainDecorator$VirtualFilterChain.doFilter(ObservationFilterChainDecorator.java:137)
	at org.springframework.security.web.access.ExceptionTranslationFilter.doFilter(ExceptionTranslationFilter.java:126)
	at org.springframework.security.web.access.ExceptionTranslationFilter.doFilter(ExceptionTranslationFilter.java:120)
	at org.springframework.security.web.ObservationFilterChainDecorator$ObservationFilter.wrapFilter(ObservationFilterChainDecorator.java:240)
	at org.springframework.security.web.ObservationFilterChainDecorator$ObservationFilter.doFilter(ObservationFilterChainDecorator.java:227)
	at org.springframework.security.web.ObservationFilterChainDecorator$VirtualFilterChain.doFilter(ObservationFilterChainDecorator.java:137)
	at org.springframework.security.web.session.SessionManagementFilter.doFilter(SessionManagementFilter.java:131)
	at org.springframework.security.web.session.SessionManagementFilter.doFilter(SessionManagementFilter.java:85)
	at org.springframework.security.web.ObservationFilterChainDecorator$ObservationFilter.wrapFilter(ObservationFilterChainDecorator.java:240)
	at org.springframework.security.web.ObservationFilterChainDecorator$ObservationFilter.doFilter(ObservationFilterChainDecorator.java:227)
	at org.springframework.security.web.ObservationFilterChainDecorator$VirtualFilterChain.doFilter(ObservationFilterChainDecorator.java:137)
	at org.springframework.security.web.authentication.AnonymousAuthenticationFilter.doFilter(AnonymousAuthenticationFilter.java:100)
	at org.springframework.security.web.ObservationFilterChainDecorator$ObservationFilter.wrapFilter(ObservationFilterChainDecorator.java:240)
	at org.springframework.security.web.ObservationFilterChainDecorator$ObservationFilter.doFilter(ObservationFilterChainDecorator.java:227)
	at org.springframework.security.web.ObservationFilterChainDecorator$VirtualFilterChain.doFilter(ObservationFilterChainDecorator.java:137)
	at org.springframework.security.web.servletapi.SecurityContextHolderAwareRequestFilter.doFilter(SecurityContextHolderAwareRequestFilter.java:179)
	at org.springframework.security.web.ObservationFilterChainDecorator$ObservationFilter.wrapFilter(ObservationFilterChainDecorator.java:240)
	at org.springframework.security.web.ObservationFilterChainDecorator$ObservationFilter.doFilter(ObservationFilterChainDecorator.java:227)
	at org.springframework.security.web.ObservationFilterChainDecorator$VirtualFilterChain.doFilter(ObservationFilterChainDecorator.java:137)
	at org.springframework.security.web.savedrequest.RequestCacheAwareFilter.doFilter(RequestCacheAwareFilter.java:63)
	at org.springframework.security.web.ObservationFilterChainDecorator$ObservationFilter.wrapFilter(ObservationFilterChainDecorator.java:240)
	at org.springframework.security.web.ObservationFilterChainDecorator$ObservationFilter.doFilter(ObservationFilterChainDecorator.java:227)
	at org.springframework.security.web.ObservationFilterChainDecorator$VirtualFilterChain.doFilter(ObservationFilterChainDecorator.java:137)
	at com.company.project.security.jwt.JwtAuthenticationFilter.doFilterInternal(JwtAuthenticationFilter.java:52)
	at org.springframework.web.filter.OncePerRequestFilter.doFilter(OncePerRequestFilter.java:116)
	at org.springframework.security.web.ObservationFilterChainDecorator$ObservationFilter.wrapFilter(ObservationFilterChainDecorator.java:240)
	at org.springframework.security.web.ObservationFilterChainDecorator$ObservationFilter.doFilter(ObservationFilterChainDecorator.java:227)
	at org.springframework.security.web.ObservationFilterChainDecorator$VirtualFilterChain.doFilter(ObservationFilterChainDecorator.java:137)
	at org.springframework.security.web.authentication.logout.LogoutFilter.doFilter(LogoutFilter.java:107)
	at org.springframework.security.web.authentication.logout.LogoutFilter.doFilter(LogoutFilter.java:93)
	at org.springframework.security.web.ObservationFilterChainDecorator$ObservationFilter.wrapFilter(ObservationFilterChainDecorator.java:240)
	at org.springframework.security.web.ObservationFilterChainDecorator$ObservationFilter.doFilter(ObservationFilterChainDecorator.java:227)
	at org.springframework.security.web.ObservationFilterChainDecorator$VirtualFilterChain.doFilter(ObservationFilterChainDecorator.java:137)
	at org.springframework.web.filter.CorsFilter.doFilterInternal(CorsFilter.java:91)
	at org.springframework.web.filter.OncePerRequestFilter.doFilter(OncePerRequestFilter.java:116)
	at org.springframework.security.web.ObservationFilterChainDecorator$ObservationFilter.wrapFilter(ObservationFilterChainDecorator.java:240)
	at org.springframework.security.web.ObservationFilterChainDecorator$ObservationFilter.doFilter(ObservationFilterChainDecorator.java:227)
	at org.springframework.security.web.ObservationFilterChainDecorator$VirtualFilterChain.doFilter(ObservationFilterChainDecorator.java:137)
	at org.springframework.security.web.header.HeaderWriterFilter.doHeadersAfter(HeaderWriterFilter.java:90)
	at org.springframework.security.web.header.HeaderWriterFilter.doFilterInternal(HeaderWriterFilter.java:75)
	at org.springframework.web.filter.OncePerRequestFilter.doFilter(OncePerRequestFilter.java:116)
	at org.springframework.security.web.ObservationFilterChainDecorator$ObservationFilter.wrapFilter(ObservationFilterChainDecorator.java:240)
	at org.springframework.security.web.ObservationFilterChainDecorator$ObservationFilter.doFilter(ObservationFilterChainDecorator.java:227)
	at org.springframework.security.web.ObservationFilterChainDecorator$VirtualFilterChain.doFilter(ObservationFilterChainDecorator.java:137)
	at org.springframework.security.web.context.SecurityContextHolderFilter.doFilter(SecurityContextHolderFilter.java:82)
	at org.springframework.security.web.context.SecurityContextHolderFilter.doFilter(SecurityContextHolderFilter.java:69)
	at org.springframework.security.web.ObservationFilterChainDecorator$ObservationFilter.wrapFilter(ObservationFilterChainDecorator.java:240)
	at org.springframework.security.web.ObservationFilterChainDecorator$ObservationFilter.doFilter(ObservationFilterChainDecorator.java:227)
	at org.springframework.security.web.ObservationFilterChainDecorator$VirtualFilterChain.doFilter(ObservationFilterChainDecorator.java:137)
	at org.springframework.security.web.context.request.async.WebAsyncManagerIntegrationFilter.doFilterInternal(WebAsyncManagerIntegrationFilter.java:62)
	at org.springframework.web.filter.OncePerRequestFilter.doFilter(OncePerRequestFilter.java:116)
	at org.springframework.security.web.ObservationFilterChainDecorator$ObservationFilter.wrapFilter(ObservationFilterChainDecorator.java:240)
	at org.springframework.security.web.ObservationFilterChainDecorator$ObservationFilter.doFilter(ObservationFilterChainDecorator.java:227)
	at org.springframework.security.web.ObservationFilterChainDecorator$VirtualFilterChain.doFilter(ObservationFilterChainDecorator.java:137)
	at org.springframework.security.web.session.DisableEncodeUrlFilter.doFilterInternal(DisableEncodeUrlFilter.java:42)
	at org.springframework.web.filter.OncePerRequestFilter.doFilter(OncePerRequestFilter.java:116)
	at org.springframework.security.web.ObservationFilterChainDecorator$ObservationFilter.wrapFilter(ObservationFilterChainDecorator.java:240)
	at org.springframework.security.web.ObservationFilterChainDecorator$AroundFilterObservation$SimpleAroundFilterObservation.lambda$wrap$0(ObservationFilterChainDecorator.java:323)
	at org.springframework.security.web.ObservationFilterChainDecorator$ObservationFilter.doFilter(ObservationFilterChainDecorator.java:224)
	at org.springframework.security.web.ObservationFilterChainDecorator$VirtualFilterChain.doFilter(ObservationFilterChainDecorator.java:137)
	at org.springframework.security.web.FilterChainProxy.doFilterInternal(FilterChainProxy.java:233)
	at org.springframework.security.web.FilterChainProxy.doFilter(FilterChainProxy.java:191)
	at org.springframework.web.filter.CompositeFilter$VirtualFilterChain.doFilter(CompositeFilter.java:113)
	at org.springframework.web.servlet.handler.HandlerMappingIntrospector.lambda$createCacheFilter$3(HandlerMappingIntrospector.java:243)
	at org.springframework.web.filter.CompositeFilter$VirtualFilterChain.doFilter(CompositeFilter.java:113)
	at org.springframework.web.filter.CompositeFilter.doFilter(CompositeFilter.java:74)
	at org.springframework.security.config.annotation.web.configuration.WebMvcSecurityConfiguration$CompositeFilterChainProxy.doFilter(WebMvcSecurityConfiguration.java:238)
	at org.springframework.web.filter.DelegatingFilterProxy.invokeDelegate(DelegatingFilterProxy.java:362)
	at org.springframework.web.filter.DelegatingFilterProxy.doFilter(DelegatingFilterProxy.java:278)
	at org.apache.catalina.core.ApplicationFilterChain.internalDoFilter(ApplicationFilterChain.java:164)
	at org.apache.catalina.core.ApplicationFilterChain.doFilter(ApplicationFilterChain.java:140)
	at org.springframework.web.filter.RequestContextFilter.doFilterInternal(RequestContextFilter.java:100)
	at org.springframework.web.filter.OncePerRequestFilter.doFilter(OncePerRequestFilter.java:116)
	at org.apache.catalina.core.ApplicationFilterChain.internalDoFilter(ApplicationFilterChain.java:164)
	at org.apache.catalina.core.ApplicationFilterChain.doFilter(ApplicationFilterChain.java:140)
	at org.springframework.web.filter.FormContentFilter.doFilterInternal(FormContentFilter.java:93)
	at org.springframework.web.filter.OncePerRequestFilter.doFilter(OncePerRequestFilter.java:116)
	at org.apache.catalina.core.ApplicationFilterChain.internalDoFilter(ApplicationFilterChain.java:164)
	at org.apache.catalina.core.ApplicationFilterChain.doFilter(ApplicationFilterChain.java:140)
	at org.springframework.web.filter.ServerHttpObservationFilter.doFilterInternal(ServerHttpObservationFilter.java:114)
	at org.springframework.web.filter.OncePerRequestFilter.doFilter(OncePerRequestFilter.java:116)
	at org.apache.catalina.core.ApplicationFilterChain.internalDoFilter(ApplicationFilterChain.java:164)
	at org.apache.catalina.core.ApplicationFilterChain.doFilter(ApplicationFilterChain.java:140)
	at org.springframework.web.filter.CharacterEncodingFilter.doFilterInternal(CharacterEncodingFilter.java:201)
	at org.springframework.web.filter.OncePerRequestFilter.doFilter(OncePerRequestFilter.java:116)
	at org.apache.catalina.core.ApplicationFilterChain.internalDoFilter(ApplicationFilterChain.java:164)
	at org.apache.catalina.core.ApplicationFilterChain.doFilter(ApplicationFilterChain.java:140)
	at org.apache.catalina.core.StandardWrapperValve.invoke(StandardWrapperValve.java:167)
	at org.apache.catalina.core.StandardContextValve.invoke(StandardContextValve.java:90)
	at org.apache.catalina.authenticator.AuthenticatorBase.invoke(AuthenticatorBase.java:483)
	at org.apache.catalina.core.StandardHostValve.invoke(StandardHostValve.java:115)
	at org.apache.catalina.valves.ErrorReportValve.invoke(ErrorReportValve.java:93)
	at org.apache.catalina.core.StandardEngineValve.invoke(StandardEngineValve.java:74)
	at org.apache.catalina.connector.CoyoteAdapter.service(CoyoteAdapter.java:344)
	at org.apache.coyote.http11.Http11Processor.service(Http11Processor.java:397)
	at org.apache.coyote.AbstractProcessorLight.process(AbstractProcessorLight.java:63)
	at org.apache.coyote.AbstractProtocol$ConnectionHandler.process(AbstractProtocol.java:905)
	at org.apache.tomcat.util.net.NioEndpoint$SocketProcessor.doRun(NioEndpoint.java:1741)
	at org.apache.tomcat.util.net.SocketProcessorBase.run(SocketProcessorBase.java:52)
	at org.apache.tomcat.util.threads.ThreadPoolExecutor.runWorker(ThreadPoolExecutor.java:1190)
	at org.apache.tomcat.util.threads.ThreadPoolExecutor$Worker.run(ThreadPoolExecutor.java:659)
	at org.apache.tomcat.util.threads.TaskThread$WrappingRunnable.run(TaskThread.java:63)
	at java.base/java.lang.Thread.run(Thread.java:1583)
2026-03-16 17:00:04 [http-nio-8080-exec-8] DEBUG o.s.w.s.m.m.a.HttpEntityMethodProcessor - Using 'application/json', given [application/json, text/plain, */*] and supported [application/json, application/*+json, application/yaml]
2026-03-16 17:00:04 [http-nio-8080-exec-8] TRACE o.s.w.s.m.m.a.HttpEntityMethodProcessor - Writing [ApiResponse[success=false, status=500, code=C004, message=예기치 않은 서버 오류가 발생했습니다., data=null, timestamp=2026-03-16T17:00:04.753949800]]
2026-03-16 17:00:04 [http-nio-8080-exec-8] DEBUG o.s.w.s.m.m.a.ExceptionHandlerExceptionResolver - Resolved [org.springframework.web.servlet.resource.NoResourceFoundException: No static resource api/v1/admin/system/statistics/bbs.]
2026-03-16 17:00:04 [http-nio-8080-exec-8] DEBUG o.s.web.servlet.DispatcherServlet - Completed 500 INTERNAL_SERVER_ERROR
2026-03-16 17:00:04 [http-nio-8080-exec-9] DEBUG o.s.orm.jpa.JpaTransactionManager - Closing JPA EntityManager [SessionImpl(300696519<open>)] after transaction
2026-03-16 17:00:04 [http-nio-8080-exec-9] DEBUG c.c.p.s.jwt.JwtAuthenticationFilter - >>> [JwtFilter] Successfully authenticated user: USRCNFRM_99999999999, Authorities: [ROLE_ADMIN]
2026-03-16 17:00:04 [http-nio-8080-exec-9] DEBUG o.s.web.servlet.DispatcherServlet - GET "/api/v1/menu/left?menuNo=20", parameters={masked}
2026-03-16 17:00:04 [http-nio-8080-exec-9] TRACE o.s.w.s.m.m.a.RequestMappingHandlerMapping - Mapped to com.company.project.api.controller.menu.MenuController#getLeftMenu(Long)
2026-03-16 17:00:04 [http-nio-8080-exec-9] INFO  c.c.p.a.c.menu.MenuController - getLeftMenu called with menuNo=20
2026-03-16 17:00:04 [http-nio-8080-exec-9] DEBUG o.s.orm.jpa.JpaTransactionManager - Creating new transaction with name [com.company.project.service.menu.MenuService.getSubMenus]: PROPAGATION_REQUIRED,ISOLATION_DEFAULT,readOnly
2026-03-16 17:00:04 [http-nio-8080-exec-9] DEBUG o.s.orm.jpa.JpaTransactionManager - Opened new EntityManager [SessionImpl(721866954<open>)] for JPA transaction
2026-03-16 17:00:04 [http-nio-8080-exec-9] DEBUG o.s.orm.jpa.JpaTransactionManager - Exposing JPA transaction as JDBC [org.springframework.orm.jpa.vendor.HibernateJpaDialect$HibernateConnectionHandle@4e37c88e]
2026-03-16 17:00:04 [http-nio-8080-exec-9] DEBUG org.hibernate.SQL - select m1_0.menu_no,m1_0.menu_dc,m1_0.menu_nm,m1_0.menu_ordr,m1_0.modern_route,m1_0.progrm_file_nm,m1_0.relate_image_nm,m1_0.relate_image_path,m1_0.route_updated_at,m1_0.upper_menu_no from nmenuinfo m1_0 order by m1_0.upper_menu_no,m1_0.menu_ordr
2026-03-16 17:00:04 [http-nio-8080-exec-3] DEBUG o.s.orm.jpa.JpaTransactionManager - Closing JPA EntityManager [SessionImpl(223555308<open>)] after transaction
2026-03-16 17:00:04 [http-nio-8080-exec-6] DEBUG o.s.orm.jpa.JpaTransactionManager - Closing JPA EntityManager [SessionImpl(138834711<open>)] after transaction
2026-03-16 17:00:04 [http-nio-8080-exec-3] DEBUG c.c.p.s.jwt.JwtAuthenticationFilter - >>> [JwtFilter] Successfully authenticated user: USRCNFRM_99999999999, Authorities: [ROLE_ADMIN]
2026-03-16 17:00:04 [http-nio-8080-exec-6] DEBUG c.c.p.s.jwt.JwtAuthenticationFilter - >>> [JwtFilter] Successfully authenticated user: USRCNFRM_99999999999, Authorities: [ROLE_ADMIN]
2026-03-16 17:00:04 [http-nio-8080-exec-3] DEBUG o.s.web.servlet.DispatcherServlet - GET "/api/v1/admin/system/banners/reflected", parameters={}
2026-03-16 17:00:04 [http-nio-8080-exec-6] DEBUG o.s.web.servlet.DispatcherServlet - GET "/api/v1/popups/active", parameters={}
2026-03-16 17:00:04 [http-nio-8080-exec-3] TRACE o.s.w.s.m.m.a.RequestMappingHandlerMapping - Mapped to com.company.project.api.controller.system.content.banner.BannerApiController#getReflectedBanners()
2026-03-16 17:00:04 [http-nio-8080-exec-6] TRACE o.s.w.s.m.m.a.RequestMappingHandlerMapping - Mapped to com.company.project.api.controller.system.content.popup.PopupController#getActivePopups()
2026-03-16 17:00:04 [http-nio-8080-exec-3] DEBUG o.s.orm.jpa.JpaTransactionManager - Creating new transaction with name [com.company.project.service.system.content.banner.BannerService.getReflectedBanners]: PROPAGATION_REQUIRED,ISOLATION_DEFAULT,readOnly
2026-03-16 17:00:04 [http-nio-8080-exec-6] DEBUG o.s.orm.jpa.JpaTransactionManager - Creating new transaction with name [com.company.project.service.system.content.popup.PopupServiceImpl.getActivePopups]: PROPAGATION_REQUIRED,ISOLATION_DEFAULT,readOnly
2026-03-16 17:00:04 [http-nio-8080-exec-3] DEBUG o.s.orm.jpa.JpaTransactionManager - Opened new EntityManager [SessionImpl(1986256953<open>)] for JPA transaction
2026-03-16 17:00:04 [http-nio-8080-exec-3] DEBUG o.s.orm.jpa.JpaTransactionManager - Exposing JPA transaction as JDBC [org.springframework.orm.jpa.vendor.HibernateJpaDialect$HibernateConnectionHandle@54281d50]
2026-03-16 17:00:04 [http-nio-8080-exec-6] DEBUG o.s.orm.jpa.JpaTransactionManager - Opened new EntityManager [SessionImpl(1452625789<open>)] for JPA transaction
2026-03-16 17:00:04 [http-nio-8080-exec-6] DEBUG o.s.orm.jpa.JpaTransactionManager - Exposing JPA transaction as JDBC [org.springframework.orm.jpa.vendor.HibernateJpaDialect$HibernateConnectionHandle@442025be]
2026-03-16 17:00:04 [http-nio-8080-exec-6] DEBUG org.hibernate.SQL - select p1_0.popup_id,p1_0.frst_register_id,p1_0.frst_regist_pnttm,p1_0.file_url,p1_0.ntce_at,p1_0.stopvew_setup_at,p1_0.last_updusr_id,p1_0.last_updt_pnttm,p1_0.ntce_bgnde,p1_0.ntce_endde,p1_0.popup_vrticl_lc,p1_0.popup_vrticl_size,p1_0.popup_sj_nm,p1_0.popup_width_lc,p1_0.popup_width_size from npopupmanage p1_0 where p1_0.ntce_at='Y' and ? between p1_0.ntce_bgnde and p1_0.ntce_endde
2026-03-16 17:00:04 [http-nio-8080-exec-3] DEBUG org.hibernate.SQL - select b1_0.banner_id,b1_0.banner_dc,b1_0.banner_image,b1_0.banner_image_file,b1_0.banner_nm,b1_0.frst_register_id,b1_0.frst_regist_pnttm,b1_0.last_updusr_id,b1_0.last_updt_pnttm,b1_0.link_url,b1_0.reflct_at,b1_0.sort_ordr from nbanner b1_0 where b1_0.reflct_at=? order by b1_0.sort_ordr
2026-03-16 17:00:04 [http-nio-8080-exec-5] DEBUG o.s.orm.jpa.JpaTransactionManager - Initiating transaction commit
2026-03-16 17:00:04 [http-nio-8080-exec-7] DEBUG o.s.orm.jpa.JpaTransactionManager - Initiating transaction commit
2026-03-16 17:00:04 [http-nio-8080-exec-5] DEBUG o.s.orm.jpa.JpaTransactionManager - Committing JPA transaction on EntityManager [SessionImpl(991254949<open>)]
2026-03-16 17:00:04 [http-nio-8080-exec-7] DEBUG o.s.orm.jpa.JpaTransactionManager - Committing JPA transaction on EntityManager [SessionImpl(2106275589<open>)]
2026-03-16 17:00:05 [http-nio-8080-exec-3] DEBUG o.s.orm.jpa.JpaTransactionManager - Initiating transaction commit
2026-03-16 17:00:05 [http-nio-8080-exec-6] DEBUG o.s.orm.jpa.JpaTransactionManager - Initiating transaction commit
2026-03-16 17:00:05 [http-nio-8080-exec-3] DEBUG o.s.orm.jpa.JpaTransactionManager - Committing JPA transaction on EntityManager [SessionImpl(1986256953<open>)]
2026-03-16 17:00:05 [http-nio-8080-exec-6] DEBUG o.s.orm.jpa.JpaTransactionManager - Committing JPA transaction on EntityManager [SessionImpl(1452625789<open>)]
2026-03-16 17:00:05 [http-nio-8080-exec-5] DEBUG o.s.orm.jpa.JpaTransactionManager - Closing JPA EntityManager [SessionImpl(991254949<open>)] after transaction
2026-03-16 17:00:05 [http-nio-8080-exec-5] DEBUG c.c.p.s.jwt.JwtAuthenticationFilter - >>> [JwtFilter] Successfully authenticated user: USRCNFRM_99999999999, Authorities: [ROLE_ADMIN]
2026-03-16 17:00:05 [http-nio-8080-exec-7] DEBUG o.s.orm.jpa.JpaTransactionManager - Closing JPA EntityManager [SessionImpl(2106275589<open>)] after transaction
2026-03-16 17:00:05 [http-nio-8080-exec-7] DEBUG c.c.p.s.jwt.JwtAuthenticationFilter - >>> [JwtFilter] Successfully authenticated user: USRCNFRM_99999999999, Authorities: [ROLE_ADMIN]
2026-03-16 17:00:05 [http-nio-8080-exec-5] DEBUG o.s.web.servlet.DispatcherServlet - GET "/api/v1/notifications", parameters={}
2026-03-16 17:00:05 [http-nio-8080-exec-7] DEBUG o.s.web.servlet.DispatcherServlet - GET "/api/v1/notifications/unread-count", parameters={}
2026-03-16 17:00:05 [http-nio-8080-exec-5] TRACE o.s.w.s.m.m.a.RequestMappingHandlerMapping - Mapped to com.company.project.api.controller.notification.NotificationController#getMyNotifications(UserDetails)
2026-03-16 17:00:05 [http-nio-8080-exec-7] TRACE o.s.w.s.m.m.a.RequestMappingHandlerMapping - Mapped to com.company.project.api.controller.notification.NotificationController#getUnreadCount(UserDetails)
2026-03-16 17:00:05 [http-nio-8080-exec-5] DEBUG o.s.orm.jpa.JpaTransactionManager - Creating new transaction with name [com.company.project.service.notification.NotificationService.getActiveNotifications]: PROPAGATION_REQUIRED,ISOLATION_DEFAULT,readOnly
2026-03-16 17:00:05 [http-nio-8080-exec-7] DEBUG o.s.orm.jpa.JpaTransactionManager - Creating new transaction with name [com.company.project.service.notification.NotificationService.getUnreadCount]: PROPAGATION_REQUIRED,ISOLATION_DEFAULT,readOnly
2026-03-16 17:00:05 [http-nio-8080-exec-5] DEBUG o.s.orm.jpa.JpaTransactionManager - Opened new EntityManager [SessionImpl(1019928770<open>)] for JPA transaction
2026-03-16 17:00:05 [http-nio-8080-exec-7] DEBUG o.s.orm.jpa.JpaTransactionManager - Opened new EntityManager [SessionImpl(437508207<open>)] for JPA transaction
2026-03-16 17:00:05 [http-nio-8080-exec-5] DEBUG o.s.orm.jpa.JpaTransactionManager - Exposing JPA transaction as JDBC [org.springframework.orm.jpa.vendor.HibernateJpaDialect$HibernateConnectionHandle@5af7f8e5]
2026-03-16 17:00:05 [http-nio-8080-exec-7] DEBUG o.s.orm.jpa.JpaTransactionManager - Exposing JPA transaction as JDBC [org.springframework.orm.jpa.vendor.HibernateJpaDialect$HibernateConnectionHandle@2490bbd7]
2026-03-16 17:00:05 [http-nio-8080-exec-5] DEBUG o.s.orm.jpa.JpaTransactionManager - Found thread-bound EntityManager [SessionImpl(1019928770<open>)] for JPA transaction
2026-03-16 17:00:05 [http-nio-8080-exec-5] DEBUG o.s.orm.jpa.JpaTransactionManager - Participating in existing transaction
2026-03-16 17:00:05 [http-nio-8080-exec-5] DEBUG org.hibernate.SQL - select n1_0.ntcn_no,n1_0.frst_register_id,n1_0.frst_regist_pnttm,n1_0.is_read,n1_0.last_updusr_id,n1_0.last_updt_pnttm,n1_0.link_url,n1_0.ntcn_cn,n1_0.ntcn_sj,n1_0.receiver_id from n_user_notification n1_0
2026-03-16 17:00:05 [http-nio-8080-exec-7] DEBUG org.hibernate.SQL - select count(n1_0.ntcn_no) from n_user_notification n1_0 where n1_0.receiver_id=? and n1_0.is_read=?
2026-03-16 17:00:05 [http-nio-8080-exec-9] DEBUG o.s.orm.jpa.JpaTransactionManager - Found thread-bound EntityManager [SessionImpl(721866954<open>)] for JPA transaction
2026-03-16 17:00:05 [http-nio-8080-exec-9] DEBUG o.s.orm.jpa.JpaTransactionManager - Participating in existing transaction
2026-03-16 17:00:05 [http-nio-8080-exec-9] DEBUG org.hibernate.SQL - select p1_0.progrm_file_nm,p1_0.progrm_dc,p1_0.progrm_korean_nm,p1_0.progrm_stre_path,p1_0.url from nprogrmlist p1_0
2026-03-16 17:00:05 [http-nio-8080-exec-4] DEBUG c.c.p.s.jwt.JwtAuthenticationFilter - >>> [JwtFilter] Processing request: GET /api/v1/admin/system/statistics/connect
2026-03-16 17:00:05 [http-nio-8080-exec-4] DEBUG c.c.p.s.jwt.JwtAuthenticationFilter - >>> [JwtFilter] Found token in header for path: /api/v1/admin/system/statistics/connect
2026-03-16 17:00:05 [http-nio-8080-exec-4] DEBUG o.s.orm.jpa.JpaTransactionManager - Creating new transaction with name [com.company.project.security.iam.CustomUserDetailsService.loadUserByUsername]: PROPAGATION_REQUIRED,ISOLATION_DEFAULT,readOnly
2026-03-16 17:00:05 [http-nio-8080-exec-4] DEBUG o.s.orm.jpa.JpaTransactionManager - Opened new EntityManager [SessionImpl(2119788819<open>)] for JPA transaction
2026-03-16 17:00:05 [http-nio-8080-exec-3] DEBUG o.s.orm.jpa.JpaTransactionManager - Closing JPA EntityManager [SessionImpl(1986256953<open>)] after transaction
2026-03-16 17:00:05 [http-nio-8080-exec-6] DEBUG o.s.orm.jpa.JpaTransactionManager - Closing JPA EntityManager [SessionImpl(1452625789<open>)] after transaction
2026-03-16 17:00:05 [http-nio-8080-exec-3] DEBUG o.s.w.s.m.m.a.HttpEntityMethodProcessor - Using 'application/json', given [application/json, text/plain, */*] and supported [application/json, application/*+json, application/yaml]
2026-03-16 17:00:05 [http-nio-8080-exec-6] DEBUG o.s.w.s.m.m.a.HttpEntityMethodProcessor - Using 'application/json', given [application/json, text/plain, */*] and supported [application/json, application/*+json, application/yaml]
2026-03-16 17:00:05 [http-nio-8080-exec-3] TRACE o.s.w.s.m.m.a.HttpEntityMethodProcessor - Writing [ApiResponse[success=true, status=200, code=COMMON_001, message=Success, data=[], timestamp=2026-03-16T17:00:05.255808100]]
2026-03-16 17:00:05 [http-nio-8080-exec-6] TRACE o.s.w.s.m.m.a.HttpEntityMethodProcessor - Writing [ApiResponse[success=true, status=200, code=COMMON_001, message=Success, data=[], timestamp=2026-03-16T17:00:05.255808100]]
2026-03-16 17:00:05 [http-nio-8080-exec-6] INFO  c.c.p.a.i.OperationalAuditInterceptor - API Audit Log: URL=/api/v1/popups/active, User=webmaster, IP=127.0.0.1
2026-03-16 17:00:05 [http-nio-8080-exec-3] INFO  c.c.p.a.i.OperationalAuditInterceptor - API Audit Log: URL=/api/v1/admin/system/banners/reflected, User=webmaster, IP=127.0.0.1
2026-03-16 17:00:05 [http-nio-8080-exec-6] DEBUG o.s.web.servlet.DispatcherServlet - Completed 200 OK
2026-03-16 17:00:05 [http-nio-8080-exec-3] DEBUG o.s.web.servlet.DispatcherServlet - Completed 200 OK
2026-03-16 17:00:05 [http-nio-8080-exec-7] DEBUG o.s.orm.jpa.JpaTransactionManager - Initiating transaction commit
2026-03-16 17:00:05 [http-nio-8080-exec-5] DEBUG o.s.orm.jpa.JpaTransactionManager - Initiating transaction commit
2026-03-16 17:00:05 [http-nio-8080-exec-7] DEBUG o.s.orm.jpa.JpaTransactionManager - Committing JPA transaction on EntityManager [SessionImpl(437508207<open>)]
2026-03-16 17:00:05 [http-nio-8080-exec-5] DEBUG o.s.orm.jpa.JpaTransactionManager - Committing JPA transaction on EntityManager [SessionImpl(1019928770<open>)]
2026-03-16 17:00:05 [http-nio-8080-exec-9] DEBUG o.s.orm.jpa.JpaTransactionManager - Initiating transaction commit
2026-03-16 17:00:05 [http-nio-8080-exec-9] DEBUG o.s.orm.jpa.JpaTransactionManager - Committing JPA transaction on EntityManager [SessionImpl(721866954<open>)]
2026-03-16 17:00:05 [http-nio-8080-exec-4] DEBUG o.s.orm.jpa.JpaTransactionManager - Exposing JPA transaction as JDBC [org.springframework.orm.jpa.vendor.HibernateJpaDialect$HibernateConnectionHandle@1804f3e8]
2026-03-16 17:00:05 [http-nio-8080-exec-4] DEBUG o.s.orm.jpa.JpaTransactionManager - Found thread-bound EntityManager [SessionImpl(2119788819<open>)] for JPA transaction
2026-03-16 17:00:05 [http-nio-8080-exec-4] DEBUG o.s.orm.jpa.JpaTransactionManager - Participating in existing transaction
2026-03-16 17:00:05 [http-nio-8080-exec-4] DEBUG org.hibernate.SQL - select u1_0.emplyr_id,u1_0.area_no,u1_0.brthdy,u1_0.chg_pwd_cnt,u1_0.frst_register_id,u1_0.frst_regist_pnttm,u1_0.detail_adres,u1_0.email_adres,u1_0.emplyr_sttus_code,u1_0.empl_no,u1_0.esntl_id,u1_0.fxnum,u1_0.group_id,u1_0.house_adres,u1_0.house_end_telno,u1_0.house_middle_telno,u1_0.ihidnum,u1_0.pstinst_code,u1_0.last_updusr_id,u1_0.last_updt_pnttm,u1_0.lock_at,u1_0.lock_cnt,u1_0.lock_last_pnttm,u1_0.mbtlnum,u1_0.ofcps_nm,u1_0.offm_telno,u1_0.orgnzt_id,u1_0.password,u1_0.password_cnsr,u1_0.password_hint,u1_0.chg_pwd_last_pnttm,u1_0.role,u1_0.sbscrb_de,u1_0.sexdstn_code,u1_0.crtfc_dn_value,u1_0.user_nm,u1_0.zip from nemplyrinfo u1_0 where u1_0.emplyr_id=?
2026-03-16 17:00:05 [http-nio-8080-exec-7] DEBUG o.s.orm.jpa.JpaTransactionManager - Closing JPA EntityManager [SessionImpl(437508207<open>)] after transaction
2026-03-16 17:00:05 [http-nio-8080-exec-7] DEBUG o.s.w.s.m.m.a.HttpEntityMethodProcessor - Using 'application/json', given [application/json, text/plain, */*] and supported [application/json, application/*+json, application/yaml]
2026-03-16 17:00:05 [http-nio-8080-exec-7] TRACE o.s.w.s.m.m.a.HttpEntityMethodProcessor - Writing [ApiResponse[success=true, status=200, code=COMMON_001, message=Success, data=0, timestamp=2026-03-16T17:00:05.436082400]]
2026-03-16 17:00:05 [http-nio-8080-exec-5] DEBUG o.s.orm.jpa.JpaTransactionManager - Closing JPA EntityManager [SessionImpl(1019928770<open>)] after transaction
2026-03-16 17:00:05 [http-nio-8080-exec-7] INFO  c.c.p.a.i.OperationalAuditInterceptor - API Audit Log: URL=/api/v1/notifications/unread-count, User=webmaster, IP=127.0.0.1
2026-03-16 17:00:05 [http-nio-8080-exec-7] DEBUG o.s.web.servlet.DispatcherServlet - Completed 200 OK
2026-03-16 17:00:05 [http-nio-8080-exec-5] DEBUG o.s.w.s.m.m.a.HttpEntityMethodProcessor - Using 'application/json', given [application/json, text/plain, */*] and supported [application/json, application/*+json, application/yaml]
2026-03-16 17:00:05 [http-nio-8080-exec-5] TRACE o.s.w.s.m.m.a.HttpEntityMethodProcessor - Writing [ApiResponse[success=true, status=200, code=COMMON_001, message=Success, data=[NotificationDto(ntfcNo=NT001, ntfcSj=테스트 알림입니다, ntfcCn=알림 내용입니다, ntfcDate=null, ntfcTime=2026-02-25T00:59:33.784070, bhNtfcIntrvl=null, uniqId=null, frstRegisterId=null, frstRegisterPnttm=2026-02-25T00:59:33.784070, lastUpdusrId=null, lastUpdusrPnttm=null)], timestamp=2026-03-16T17:00:05.436082400]]
2026-03-16 17:00:05 [http-nio-8080-exec-5] INFO  c.c.p.a.i.OperationalAuditInterceptor - API Audit Log: URL=/api/v1/notifications, User=webmaster, IP=127.0.0.1
2026-03-16 17:00:05 [http-nio-8080-exec-5] DEBUG o.s.web.servlet.DispatcherServlet - Completed 200 OK
2026-03-16 17:00:05 [http-nio-8080-exec-9] DEBUG o.s.orm.jpa.JpaTransactionManager - Closing JPA EntityManager [SessionImpl(721866954<open>)] after transaction
2026-03-16 17:00:05 [http-nio-8080-exec-9] INFO  c.c.p.a.c.menu.MenuController - getLeftMenu returned 3 items
2026-03-16 17:00:05 [http-nio-8080-exec-9] DEBUG o.s.w.s.m.m.a.HttpEntityMethodProcessor - Using 'application/json', given [application/json, text/plain, */*] and supported [application/json, application/*+json, application/yaml]
2026-03-16 17:00:05 [http-nio-8080-exec-9] TRACE o.s.w.s.m.m.a.HttpEntityMethodProcessor - Writing [ApiResponse[success=true, status=200, code=COMMON_001, message=Success, data={list=[com.company.project.service.menu.dto.MenuDto@31753c69, com.company.project.service.menu.dto.MenuDto@3aa46a0b, com.company.project.service.menu.dto.MenuDto@5107e307]}, timestamp=2026-03-16T17:00:05.471747100]]
2026-03-16 17:00:05 [http-nio-8080-exec-9] INFO  c.c.p.a.i.OperationalAuditInterceptor - API Audit Log: URL=/api/v1/menu/left, User=webmaster, IP=127.0.0.1
2026-03-16 17:00:05 [http-nio-8080-exec-9] DEBUG o.s.web.servlet.DispatcherServlet - Completed 200 OK
2026-03-16 17:00:05 [http-nio-8080-exec-2] DEBUG c.c.p.s.jwt.JwtAuthenticationFilter - >>> [JwtFilter] Processing request: GET /api/v1/menu/left
2026-03-16 17:00:05 [http-nio-8080-exec-2] DEBUG c.c.p.s.jwt.JwtAuthenticationFilter - >>> [JwtFilter] Found token in header for path: /api/v1/menu/left
2026-03-16 17:00:05 [http-nio-8080-exec-2] DEBUG o.s.orm.jpa.JpaTransactionManager - Creating new transaction with name [com.company.project.security.iam.CustomUserDetailsService.loadUserByUsername]: PROPAGATION_REQUIRED,ISOLATION_DEFAULT,readOnly
2026-03-16 17:00:05 [http-nio-8080-exec-2] DEBUG o.s.orm.jpa.JpaTransactionManager - Opened new EntityManager [SessionImpl(925348735<open>)] for JPA transaction
2026-03-16 17:00:05 [http-nio-8080-exec-4] DEBUG o.s.orm.jpa.JpaTransactionManager - Found thread-bound EntityManager [SessionImpl(2119788819<open>)] for JPA transaction
2026-03-16 17:00:05 [http-nio-8080-exec-4] DEBUG o.s.orm.jpa.JpaTransactionManager - Participating in existing transaction
2026-03-16 17:00:05 [http-nio-8080-exec-4] DEBUG org.hibernate.SQL - select ua1_0.scrty_dtrmn_trget_id,ua1_0.author_code,ua1_0.frst_register_id,ua1_0.frst_regist_pnttm,ua1_0.last_updusr_id,ua1_0.last_updt_pnttm,ua1_0.mber_ty_code from nemplyrscrtyestbs ua1_0 where ua1_0.scrty_dtrmn_trget_id=?
2026-03-16 17:00:05 [http-nio-8080-exec-2] DEBUG o.s.orm.jpa.JpaTransactionManager - Exposing JPA transaction as JDBC [org.springframework.orm.jpa.vendor.HibernateJpaDialect$HibernateConnectionHandle@7bb54c60]
2026-03-16 17:00:05 [http-nio-8080-exec-2] DEBUG o.s.orm.jpa.JpaTransactionManager - Found thread-bound EntityManager [SessionImpl(925348735<open>)] for JPA transaction
2026-03-16 17:00:05 [http-nio-8080-exec-2] DEBUG o.s.orm.jpa.JpaTransactionManager - Participating in existing transaction
2026-03-16 17:00:05 [http-nio-8080-exec-2] DEBUG org.hibernate.SQL - select u1_0.emplyr_id,u1_0.area_no,u1_0.brthdy,u1_0.chg_pwd_cnt,u1_0.frst_register_id,u1_0.frst_regist_pnttm,u1_0.detail_adres,u1_0.email_adres,u1_0.emplyr_sttus_code,u1_0.empl_no,u1_0.esntl_id,u1_0.fxnum,u1_0.group_id,u1_0.house_adres,u1_0.house_end_telno,u1_0.house_middle_telno,u1_0.ihidnum,u1_0.pstinst_code,u1_0.last_updusr_id,u1_0.last_updt_pnttm,u1_0.lock_at,u1_0.lock_cnt,u1_0.lock_last_pnttm,u1_0.mbtlnum,u1_0.ofcps_nm,u1_0.offm_telno,u1_0.orgnzt_id,u1_0.password,u1_0.password_cnsr,u1_0.password_hint,u1_0.chg_pwd_last_pnttm,u1_0.role,u1_0.sbscrb_de,u1_0.sexdstn_code,u1_0.crtfc_dn_value,u1_0.user_nm,u1_0.zip from nemplyrinfo u1_0 where u1_0.emplyr_id=?
2026-03-16 17:00:05 [http-nio-8080-exec-4] DEBUG o.s.orm.jpa.JpaTransactionManager - Initiating transaction commit
2026-03-16 17:00:05 [http-nio-8080-exec-4] DEBUG o.s.orm.jpa.JpaTransactionManager - Committing JPA transaction on EntityManager [SessionImpl(2119788819<open>)]
2026-03-16 17:00:05 [http-nio-8080-exec-1] DEBUG c.c.p.s.jwt.JwtAuthenticationFilter - >>> [JwtFilter] Processing request: GET /api/v1/admin/system/statistics/bbs
2026-03-16 17:00:05 [http-nio-8080-exec-1] DEBUG c.c.p.s.jwt.JwtAuthenticationFilter - >>> [JwtFilter] Found token in header for path: /api/v1/admin/system/statistics/bbs
2026-03-16 17:00:05 [http-nio-8080-exec-1] DEBUG o.s.orm.jpa.JpaTransactionManager - Creating new transaction with name [com.company.project.security.iam.CustomUserDetailsService.loadUserByUsername]: PROPAGATION_REQUIRED,ISOLATION_DEFAULT,readOnly
2026-03-16 17:00:05 [http-nio-8080-exec-1] DEBUG o.s.orm.jpa.JpaTransactionManager - Opened new EntityManager [SessionImpl(1671986127<open>)] for JPA transaction
2026-03-16 17:00:05 [http-nio-8080-exec-2] DEBUG o.s.orm.jpa.JpaTransactionManager - Found thread-bound EntityManager [SessionImpl(925348735<open>)] for JPA transaction
2026-03-16 17:00:05 [http-nio-8080-exec-2] DEBUG o.s.orm.jpa.JpaTransactionManager - Participating in existing transaction
2026-03-16 17:00:05 [http-nio-8080-exec-2] DEBUG org.hibernate.SQL - select ua1_0.scrty_dtrmn_trget_id,ua1_0.author_code,ua1_0.frst_register_id,ua1_0.frst_regist_pnttm,ua1_0.last_updusr_id,ua1_0.last_updt_pnttm,ua1_0.mber_ty_code from nemplyrscrtyestbs ua1_0 where ua1_0.scrty_dtrmn_trget_id=?
2026-03-16 17:00:05 [http-nio-8080-exec-4] DEBUG o.s.orm.jpa.JpaTransactionManager - Closing JPA EntityManager [SessionImpl(2119788819<open>)] after transaction
2026-03-16 17:00:05 [http-nio-8080-exec-4] DEBUG c.c.p.s.jwt.JwtAuthenticationFilter - >>> [JwtFilter] Successfully authenticated user: USRCNFRM_99999999999, Authorities: [ROLE_ADMIN]
2026-03-16 17:00:05 [http-nio-8080-exec-4] DEBUG o.s.web.servlet.DispatcherServlet - GET "/api/v1/admin/system/statistics/connect?statsKind=SERVICE", parameters={masked}
2026-03-16 17:00:05 [http-nio-8080-exec-4] DEBUG o.s.w.s.h.SimpleUrlHandlerMapping - Mapped to ResourceHttpRequestHandler [classpath [META-INF/resources/], classpath [resources/], classpath [static/], classpath [public/], ServletContext [/]]
2026-03-16 17:00:05 [http-nio-8080-exec-4] DEBUG o.s.w.s.r.ResourceHttpRequestHandler - Resource not found
2026-03-16 17:00:05 [http-nio-8080-exec-4] DEBUG o.s.w.s.m.m.a.ExceptionHandlerExceptionResolver - Using @ExceptionHandler com.company.project.core.exception.GlobalExceptionHandler#handleException(Exception)
2026-03-16 17:00:05 [http-nio-8080-exec-4] ERROR c.c.p.c.e.GlobalExceptionHandler - >>> Internal Server Error: No static resource api/v1/admin/system/statistics/connect.
org.springframework.web.servlet.resource.NoResourceFoundException: No static resource api/v1/admin/system/statistics/connect.
	at org.springframework.web.servlet.resource.ResourceHttpRequestHandler.handleRequest(ResourceHttpRequestHandler.java:585)
	at org.springframework.web.servlet.mvc.HttpRequestHandlerAdapter.handle(HttpRequestHandlerAdapter.java:52)
	at org.springframework.web.servlet.DispatcherServlet.doDispatch(DispatcherServlet.java:1088)
	at org.springframework.web.servlet.DispatcherServlet.doService(DispatcherServlet.java:978)
	at org.springframework.web.servlet.FrameworkServlet.processRequest(FrameworkServlet.java:1014)
	at org.springframework.web.servlet.FrameworkServlet.doGet(FrameworkServlet.java:903)
	at jakarta.servlet.http.HttpServlet.service(HttpServlet.java:527)
	at org.springframework.web.servlet.FrameworkServlet.service(FrameworkServlet.java:885)
	at jakarta.servlet.http.HttpServlet.service(HttpServlet.java:614)
	at org.apache.catalina.core.ApplicationFilterChain.internalDoFilter(ApplicationFilterChain.java:195)
	at org.apache.catalina.core.ApplicationFilterChain.doFilter(ApplicationFilterChain.java:140)
	at org.apache.tomcat.websocket.server.WsFilter.doFilter(WsFilter.java:51)
	at org.apache.catalina.core.ApplicationFilterChain.internalDoFilter(ApplicationFilterChain.java:164)
	at org.apache.catalina.core.ApplicationFilterChain.doFilter(ApplicationFilterChain.java:140)
	at org.springframework.web.filter.CompositeFilter$VirtualFilterChain.doFilter(CompositeFilter.java:108)
	at org.springframework.security.web.FilterChainProxy.lambda$doFilterInternal$3(FilterChainProxy.java:231)
	at org.springframework.security.web.ObservationFilterChainDecorator$FilterObservation$SimpleFilterObservation.lambda$wrap$1(ObservationFilterChainDecorator.java:479)
	at org.springframework.security.web.ObservationFilterChainDecorator$AroundFilterObservation$SimpleAroundFilterObservation.lambda$wrap$1(ObservationFilterChainDecorator.java:340)
	at org.springframework.security.web.ObservationFilterChainDecorator.lambda$wrapSecured$0(ObservationFilterChainDecorator.java:82)
	at org.springframework.security.web.ObservationFilterChainDecorator$VirtualFilterChain.doFilter(ObservationFilterChainDecorator.java:128)
	at org.springframework.security.web.access.intercept.AuthorizationFilter.doFilter(AuthorizationFilter.java:101)
	at org.springframework.security.web.ObservationFilterChainDecorator$ObservationFilter.wrapFilter(ObservationFilterChainDecorator.java:240)
	at org.springframework.security.web.ObservationFilterChainDecorator$ObservationFilter.doFilter(ObservationFilterChainDecorator.java:227)
	at org.springframework.security.web.ObservationFilterChainDecorator$VirtualFilterChain.doFilter(ObservationFilterChainDecorator.java:137)
	at org.springframework.security.web.access.ExceptionTranslationFilter.doFilter(ExceptionTranslationFilter.java:126)
	at org.springframework.security.web.access.ExceptionTranslationFilter.doFilter(ExceptionTranslationFilter.java:120)
	at org.springframework.security.web.ObservationFilterChainDecorator$ObservationFilter.wrapFilter(ObservationFilterChainDecorator.java:240)
	at org.springframework.security.web.ObservationFilterChainDecorator$ObservationFilter.doFilter(ObservationFilterChainDecorator.java:227)
	at org.springframework.security.web.ObservationFilterChainDecorator$VirtualFilterChain.doFilter(ObservationFilterChainDecorator.java:137)
	at org.springframework.security.web.session.SessionManagementFilter.doFilter(SessionManagementFilter.java:131)
	at org.springframework.security.web.session.SessionManagementFilter.doFilter(SessionManagementFilter.java:85)
	at org.springframework.security.web.ObservationFilterChainDecorator$ObservationFilter.wrapFilter(ObservationFilterChainDecorator.java:240)
	at org.springframework.security.web.ObservationFilterChainDecorator$ObservationFilter.doFilter(ObservationFilterChainDecorator.java:227)
	at org.springframework.security.web.ObservationFilterChainDecorator$VirtualFilterChain.doFilter(ObservationFilterChainDecorator.java:137)
	at org.springframework.security.web.authentication.AnonymousAuthenticationFilter.doFilter(AnonymousAuthenticationFilter.java:100)
	at org.springframework.security.web.ObservationFilterChainDecorator$ObservationFilter.wrapFilter(ObservationFilterChainDecorator.java:240)
	at org.springframework.security.web.ObservationFilterChainDecorator$ObservationFilter.doFilter(ObservationFilterChainDecorator.java:227)
	at org.springframework.security.web.ObservationFilterChainDecorator$VirtualFilterChain.doFilter(ObservationFilterChainDecorator.java:137)
	at org.springframework.security.web.servletapi.SecurityContextHolderAwareRequestFilter.doFilter(SecurityContextHolderAwareRequestFilter.java:179)
	at org.springframework.security.web.ObservationFilterChainDecorator$ObservationFilter.wrapFilter(ObservationFilterChainDecorator.java:240)
	at org.springframework.security.web.ObservationFilterChainDecorator$ObservationFilter.doFilter(ObservationFilterChainDecorator.java:227)
	at org.springframework.security.web.ObservationFilterChainDecorator$VirtualFilterChain.doFilter(ObservationFilterChainDecorator.java:137)
	at org.springframework.security.web.savedrequest.RequestCacheAwareFilter.doFilter(RequestCacheAwareFilter.java:63)
	at org.springframework.security.web.ObservationFilterChainDecorator$ObservationFilter.wrapFilter(ObservationFilterChainDecorator.java:240)
	at org.springframework.security.web.ObservationFilterChainDecorator$ObservationFilter.doFilter(ObservationFilterChainDecorator.java:227)
	at org.springframework.security.web.ObservationFilterChainDecorator$VirtualFilterChain.doFilter(ObservationFilterChainDecorator.java:137)
	at com.company.project.security.jwt.JwtAuthenticationFilter.doFilterInternal(JwtAuthenticationFilter.java:52)
	at org.springframework.web.filter.OncePerRequestFilter.doFilter(OncePerRequestFilter.java:116)
	at org.springframework.security.web.ObservationFilterChainDecorator$ObservationFilter.wrapFilter(ObservationFilterChainDecorator.java:240)
	at org.springframework.security.web.ObservationFilterChainDecorator$ObservationFilter.doFilter(ObservationFilterChainDecorator.java:227)
	at org.springframework.security.web.ObservationFilterChainDecorator$VirtualFilterChain.doFilter(ObservationFilterChainDecorator.java:137)
	at org.springframework.security.web.authentication.logout.LogoutFilter.doFilter(LogoutFilter.java:107)
	at org.springframework.security.web.authentication.logout.LogoutFilter.doFilter(LogoutFilter.java:93)
	at org.springframework.security.web.ObservationFilterChainDecorator$ObservationFilter.wrapFilter(ObservationFilterChainDecorator.java:240)
	at org.springframework.security.web.ObservationFilterChainDecorator$ObservationFilter.doFilter(ObservationFilterChainDecorator.java:227)
	at org.springframework.security.web.ObservationFilterChainDecorator$VirtualFilterChain.doFilter(ObservationFilterChainDecorator.java:137)
	at org.springframework.web.filter.CorsFilter.doFilterInternal(CorsFilter.java:91)
	at org.springframework.web.filter.OncePerRequestFilter.doFilter(OncePerRequestFilter.java:116)
	at org.springframework.security.web.ObservationFilterChainDecorator$ObservationFilter.wrapFilter(ObservationFilterChainDecorator.java:240)
	at org.springframework.security.web.ObservationFilterChainDecorator$ObservationFilter.doFilter(ObservationFilterChainDecorator.java:227)
	at org.springframework.security.web.ObservationFilterChainDecorator$VirtualFilterChain.doFilter(ObservationFilterChainDecorator.java:137)
	at org.springframework.security.web.header.HeaderWriterFilter.doHeadersAfter(HeaderWriterFilter.java:90)
	at org.springframework.security.web.header.HeaderWriterFilter.doFilterInternal(HeaderWriterFilter.java:75)
	at org.springframework.web.filter.OncePerRequestFilter.doFilter(OncePerRequestFilter.java:116)
	at org.springframework.security.web.ObservationFilterChainDecorator$ObservationFilter.wrapFilter(ObservationFilterChainDecorator.java:240)
	at org.springframework.security.web.ObservationFilterChainDecorator$ObservationFilter.doFilter(ObservationFilterChainDecorator.java:227)
	at org.springframework.security.web.ObservationFilterChainDecorator$VirtualFilterChain.doFilter(ObservationFilterChainDecorator.java:137)
	at org.springframework.security.web.context.SecurityContextHolderFilter.doFilter(SecurityContextHolderFilter.java:82)
	at org.springframework.security.web.context.SecurityContextHolderFilter.doFilter(SecurityContextHolderFilter.java:69)
	at org.springframework.security.web.ObservationFilterChainDecorator$ObservationFilter.wrapFilter(ObservationFilterChainDecorator.java:240)
	at org.springframework.security.web.ObservationFilterChainDecorator$ObservationFilter.doFilter(ObservationFilterChainDecorator.java:227)
	at org.springframework.security.web.ObservationFilterChainDecorator$VirtualFilterChain.doFilter(ObservationFilterChainDecorator.java:137)
	at org.springframework.security.web.context.request.async.WebAsyncManagerIntegrationFilter.doFilterInternal(WebAsyncManagerIntegrationFilter.java:62)
	at org.springframework.web.filter.OncePerRequestFilter.doFilter(OncePerRequestFilter.java:116)
	at org.springframework.security.web.ObservationFilterChainDecorator$ObservationFilter.wrapFilter(ObservationFilterChainDecorator.java:240)
	at org.springframework.security.web.ObservationFilterChainDecorator$ObservationFilter.doFilter(ObservationFilterChainDecorator.java:227)
	at org.springframework.security.web.ObservationFilterChainDecorator$VirtualFilterChain.doFilter(ObservationFilterChainDecorator.java:137)
	at org.springframework.security.web.session.DisableEncodeUrlFilter.doFilterInternal(DisableEncodeUrlFilter.java:42)
	at org.springframework.web.filter.OncePerRequestFilter.doFilter(OncePerRequestFilter.java:116)
	at org.springframework.security.web.ObservationFilterChainDecorator$ObservationFilter.wrapFilter(ObservationFilterChainDecorator.java:240)
	at org.springframework.security.web.ObservationFilterChainDecorator$AroundFilterObservation$SimpleAroundFilterObservation.lambda$wrap$0(ObservationFilterChainDecorator.java:323)
	at org.springframework.security.web.ObservationFilterChainDecorator$ObservationFilter.doFilter(ObservationFilterChainDecorator.java:224)
	at org.springframework.security.web.ObservationFilterChainDecorator$VirtualFilterChain.doFilter(ObservationFilterChainDecorator.java:137)
	at org.springframework.security.web.FilterChainProxy.doFilterInternal(FilterChainProxy.java:233)
	at org.springframework.security.web.FilterChainProxy.doFilter(FilterChainProxy.java:191)
	at org.springframework.web.filter.CompositeFilter$VirtualFilterChain.doFilter(CompositeFilter.java:113)
	at org.springframework.web.servlet.handler.HandlerMappingIntrospector.lambda$createCacheFilter$3(HandlerMappingIntrospector.java:243)
	at org.springframework.web.filter.CompositeFilter$VirtualFilterChain.doFilter(CompositeFilter.java:113)
	at org.springframework.web.filter.CompositeFilter.doFilter(CompositeFilter.java:74)
	at org.springframework.security.config.annotation.web.configuration.WebMvcSecurityConfiguration$CompositeFilterChainProxy.doFilter(WebMvcSecurityConfiguration.java:238)
	at org.springframework.web.filter.DelegatingFilterProxy.invokeDelegate(DelegatingFilterProxy.java:362)
	at org.springframework.web.filter.DelegatingFilterProxy.doFilter(DelegatingFilterProxy.java:278)
	at org.apache.catalina.core.ApplicationFilterChain.internalDoFilter(ApplicationFilterChain.java:164)
	at org.apache.catalina.core.ApplicationFilterChain.doFilter(ApplicationFilterChain.java:140)
	at org.springframework.web.filter.RequestContextFilter.doFilterInternal(RequestContextFilter.java:100)
	at org.springframework.web.filter.OncePerRequestFilter.doFilter(OncePerRequestFilter.java:116)
	at org.apache.catalina.core.ApplicationFilterChain.internalDoFilter(ApplicationFilterChain.java:164)
	at org.apache.catalina.core.ApplicationFilterChain.doFilter(ApplicationFilterChain.java:140)
	at org.springframework.web.filter.FormContentFilter.doFilterInternal(FormContentFilter.java:93)
	at org.springframework.web.filter.OncePerRequestFilter.doFilter(OncePerRequestFilter.java:116)
	at org.apache.catalina.core.ApplicationFilterChain.internalDoFilter(ApplicationFilterChain.java:164)
	at org.apache.catalina.core.ApplicationFilterChain.doFilter(ApplicationFilterChain.java:140)
	at org.springframework.web.filter.ServerHttpObservationFilter.doFilterInternal(ServerHttpObservationFilter.java:114)
	at org.springframework.web.filter.OncePerRequestFilter.doFilter(OncePerRequestFilter.java:116)
	at org.apache.catalina.core.ApplicationFilterChain.internalDoFilter(ApplicationFilterChain.java:164)
	at org.apache.catalina.core.ApplicationFilterChain.doFilter(ApplicationFilterChain.java:140)
	at org.springframework.web.filter.CharacterEncodingFilter.doFilterInternal(CharacterEncodingFilter.java:201)
	at org.springframework.web.filter.OncePerRequestFilter.doFilter(OncePerRequestFilter.java:116)
	at org.apache.catalina.core.ApplicationFilterChain.internalDoFilter(ApplicationFilterChain.java:164)
	at org.apache.catalina.core.ApplicationFilterChain.doFilter(ApplicationFilterChain.java:140)
	at org.apache.catalina.core.StandardWrapperValve.invoke(StandardWrapperValve.java:167)
	at org.apache.catalina.core.StandardContextValve.invoke(StandardContextValve.java:90)
	at org.apache.catalina.authenticator.AuthenticatorBase.invoke(AuthenticatorBase.java:483)
	at org.apache.catalina.core.StandardHostValve.invoke(StandardHostValve.java:115)
	at org.apache.catalina.valves.ErrorReportValve.invoke(ErrorReportValve.java:93)
	at org.apache.catalina.core.StandardEngineValve.invoke(StandardEngineValve.java:74)
	at org.apache.catalina.connector.CoyoteAdapter.service(CoyoteAdapter.java:344)
	at org.apache.coyote.http11.Http11Processor.service(Http11Processor.java:397)
	at org.apache.coyote.AbstractProcessorLight.process(AbstractProcessorLight.java:63)
	at org.apache.coyote.AbstractProtocol$ConnectionHandler.process(AbstractProtocol.java:905)
	at org.apache.tomcat.util.net.NioEndpoint$SocketProcessor.doRun(NioEndpoint.java:1741)
	at org.apache.tomcat.util.net.SocketProcessorBase.run(SocketProcessorBase.java:52)
	at org.apache.tomcat.util.threads.ThreadPoolExecutor.runWorker(ThreadPoolExecutor.java:1190)
	at org.apache.tomcat.util.threads.ThreadPoolExecutor$Worker.run(ThreadPoolExecutor.java:659)
	at org.apache.tomcat.util.threads.TaskThread$WrappingRunnable.run(TaskThread.java:63)
	at java.base/java.lang.Thread.run(Thread.java:1583)
2026-03-16 17:00:05 [http-nio-8080-exec-4] DEBUG o.s.w.s.m.m.a.HttpEntityMethodProcessor - Using 'application/json', given [application/json, text/plain, */*] and supported [application/json, application/*+json, application/yaml]
2026-03-16 17:00:05 [http-nio-8080-exec-4] TRACE o.s.w.s.m.m.a.HttpEntityMethodProcessor - Writing [ApiResponse[success=false, status=500, code=C004, message=예기치 않은 서버 오류가 발생했습니다., data=null, timestamp=2026-03-16T17:00:05.813654700]]
2026-03-16 17:00:05 [http-nio-8080-exec-4] DEBUG o.s.w.s.m.m.a.ExceptionHandlerExceptionResolver - Resolved [org.springframework.web.servlet.resource.NoResourceFoundException: No static resource api/v1/admin/system/statistics/connect.]
2026-03-16 17:00:05 [http-nio-8080-exec-4] DEBUG o.s.web.servlet.DispatcherServlet - Completed 500 INTERNAL_SERVER_ERROR
2026-03-16 17:00:05 [http-nio-8080-exec-1] DEBUG o.s.orm.jpa.JpaTransactionManager - Exposing JPA transaction as JDBC [org.springframework.orm.jpa.vendor.HibernateJpaDialect$HibernateConnectionHandle@5d0d1744]
2026-03-16 17:00:05 [http-nio-8080-exec-1] DEBUG o.s.orm.jpa.JpaTransactionManager - Found thread-bound EntityManager [SessionImpl(1671986127<open>)] for JPA transaction
2026-03-16 17:00:05 [http-nio-8080-exec-1] DEBUG o.s.orm.jpa.JpaTransactionManager - Participating in existing transaction
2026-03-16 17:00:05 [http-nio-8080-exec-1] DEBUG org.hibernate.SQL - select u1_0.emplyr_id,u1_0.area_no,u1_0.brthdy,u1_0.chg_pwd_cnt,u1_0.frst_register_id,u1_0.frst_regist_pnttm,u1_0.detail_adres,u1_0.email_adres,u1_0.emplyr_sttus_code,u1_0.empl_no,u1_0.esntl_id,u1_0.fxnum,u1_0.group_id,u1_0.house_adres,u1_0.house_end_telno,u1_0.house_middle_telno,u1_0.ihidnum,u1_0.pstinst_code,u1_0.last_updusr_id,u1_0.last_updt_pnttm,u1_0.lock_at,u1_0.lock_cnt,u1_0.lock_last_pnttm,u1_0.mbtlnum,u1_0.ofcps_nm,u1_0.offm_telno,u1_0.orgnzt_id,u1_0.password,u1_0.password_cnsr,u1_0.password_hint,u1_0.chg_pwd_last_pnttm,u1_0.role,u1_0.sbscrb_de,u1_0.sexdstn_code,u1_0.crtfc_dn_value,u1_0.user_nm,u1_0.zip from nemplyrinfo u1_0 where u1_0.emplyr_id=?
2026-03-16 17:00:05 [http-nio-8080-exec-2] DEBUG o.s.orm.jpa.JpaTransactionManager - Initiating transaction commit
2026-03-16 17:00:05 [http-nio-8080-exec-2] DEBUG o.s.orm.jpa.JpaTransactionManager - Committing JPA transaction on EntityManager [SessionImpl(925348735<open>)]
2026-03-16 17:00:06 [http-nio-8080-exec-1] DEBUG o.s.orm.jpa.JpaTransactionManager - Found thread-bound EntityManager [SessionImpl(1671986127<open>)] for JPA transaction
2026-03-16 17:00:06 [http-nio-8080-exec-1] DEBUG o.s.orm.jpa.JpaTransactionManager - Participating in existing transaction
2026-03-16 17:00:06 [http-nio-8080-exec-1] DEBUG org.hibernate.SQL - select ua1_0.scrty_dtrmn_trget_id,ua1_0.author_code,ua1_0.frst_register_id,ua1_0.frst_regist_pnttm,ua1_0.last_updusr_id,ua1_0.last_updt_pnttm,ua1_0.mber_ty_code from nemplyrscrtyestbs ua1_0 where ua1_0.scrty_dtrmn_trget_id=?
2026-03-16 17:00:06 [http-nio-8080-exec-2] DEBUG o.s.orm.jpa.JpaTransactionManager - Closing JPA EntityManager [SessionImpl(925348735<open>)] after transaction
2026-03-16 17:00:06 [http-nio-8080-exec-2] DEBUG c.c.p.s.jwt.JwtAuthenticationFilter - >>> [JwtFilter] Successfully authenticated user: USRCNFRM_99999999999, Authorities: [ROLE_ADMIN]
2026-03-16 17:00:06 [http-nio-8080-exec-2] DEBUG o.s.web.servlet.DispatcherServlet - GET "/api/v1/menu/left?menuNo=40", parameters={masked}
2026-03-16 17:00:06 [http-nio-8080-exec-2] TRACE o.s.w.s.m.m.a.RequestMappingHandlerMapping - Mapped to com.company.project.api.controller.menu.MenuController#getLeftMenu(Long)
2026-03-16 17:00:06 [http-nio-8080-exec-2] INFO  c.c.p.a.c.menu.MenuController - getLeftMenu called with menuNo=40
2026-03-16 17:00:06 [http-nio-8080-exec-2] DEBUG o.s.orm.jpa.JpaTransactionManager - Creating new transaction with name [com.company.project.service.menu.MenuService.getSubMenus]: PROPAGATION_REQUIRED,ISOLATION_DEFAULT,readOnly
2026-03-16 17:00:06 [http-nio-8080-exec-2] DEBUG o.s.orm.jpa.JpaTransactionManager - Opened new EntityManager [SessionImpl(1814682764<open>)] for JPA transaction
2026-03-16 17:00:06 [http-nio-8080-exec-2] DEBUG o.s.orm.jpa.JpaTransactionManager - Exposing JPA transaction as JDBC [org.springframework.orm.jpa.vendor.HibernateJpaDialect$HibernateConnectionHandle@297132de]
2026-03-16 17:00:06 [http-nio-8080-exec-2] DEBUG org.hibernate.SQL - select m1_0.menu_no,m1_0.menu_dc,m1_0.menu_nm,m1_0.menu_ordr,m1_0.modern_route,m1_0.progrm_file_nm,m1_0.relate_image_nm,m1_0.relate_image_path,m1_0.route_updated_at,m1_0.upper_menu_no from nmenuinfo m1_0 order by m1_0.upper_menu_no,m1_0.menu_ordr
2026-03-16 17:00:06 [http-nio-8080-exec-1] DEBUG o.s.orm.jpa.JpaTransactionManager - Initiating transaction commit
2026-03-16 17:00:06 [http-nio-8080-exec-1] DEBUG o.s.orm.jpa.JpaTransactionManager - Committing JPA transaction on EntityManager [SessionImpl(1671986127<open>)]
2026-03-16 17:00:06 [http-nio-8080-exec-1] DEBUG o.s.orm.jpa.JpaTransactionManager - Closing JPA EntityManager [SessionImpl(1671986127<open>)] after transaction
2026-03-16 17:00:06 [http-nio-8080-exec-1] DEBUG c.c.p.s.jwt.JwtAuthenticationFilter - >>> [JwtFilter] Successfully authenticated user: USRCNFRM_99999999999, Authorities: [ROLE_ADMIN]
2026-03-16 17:00:06 [http-nio-8080-exec-1] DEBUG o.s.web.servlet.DispatcherServlet - GET "/api/v1/admin/system/statistics/bbs?statsKind=COM101", parameters={masked}
2026-03-16 17:00:06 [http-nio-8080-exec-1] DEBUG o.s.w.s.h.SimpleUrlHandlerMapping - Mapped to ResourceHttpRequestHandler [classpath [META-INF/resources/], classpath [resources/], classpath [static/], classpath [public/], ServletContext [/]]
2026-03-16 17:00:06 [http-nio-8080-exec-1] DEBUG o.s.w.s.r.ResourceHttpRequestHandler - Resource not found
2026-03-16 17:00:06 [http-nio-8080-exec-1] DEBUG o.s.w.s.m.m.a.ExceptionHandlerExceptionResolver - Using @ExceptionHandler com.company.project.core.exception.GlobalExceptionHandler#handleException(Exception)
2026-03-16 17:00:06 [http-nio-8080-exec-1] ERROR c.c.p.c.e.GlobalExceptionHandler - >>> Internal Server Error: No static resource api/v1/admin/system/statistics/bbs.
org.springframework.web.servlet.resource.NoResourceFoundException: No static resource api/v1/admin/system/statistics/bbs.
	at org.springframework.web.servlet.resource.ResourceHttpRequestHandler.handleRequest(ResourceHttpRequestHandler.java:585)
	at org.springframework.web.servlet.mvc.HttpRequestHandlerAdapter.handle(HttpRequestHandlerAdapter.java:52)
	at org.springframework.web.servlet.DispatcherServlet.doDispatch(DispatcherServlet.java:1088)
	at org.springframework.web.servlet.DispatcherServlet.doService(DispatcherServlet.java:978)
	at org.springframework.web.servlet.FrameworkServlet.processRequest(FrameworkServlet.java:1014)
	at org.springframework.web.servlet.FrameworkServlet.doGet(FrameworkServlet.java:903)
	at jakarta.servlet.http.HttpServlet.service(HttpServlet.java:527)
	at org.springframework.web.servlet.FrameworkServlet.service(FrameworkServlet.java:885)
	at jakarta.servlet.http.HttpServlet.service(HttpServlet.java:614)
	at org.apache.catalina.core.ApplicationFilterChain.internalDoFilter(ApplicationFilterChain.java:195)
	at org.apache.catalina.core.ApplicationFilterChain.doFilter(ApplicationFilterChain.java:140)
	at org.apache.tomcat.websocket.server.WsFilter.doFilter(WsFilter.java:51)
	at org.apache.catalina.core.ApplicationFilterChain.internalDoFilter(ApplicationFilterChain.java:164)
	at org.apache.catalina.core.ApplicationFilterChain.doFilter(ApplicationFilterChain.java:140)
	at org.springframework.web.filter.CompositeFilter$VirtualFilterChain.doFilter(CompositeFilter.java:108)
	at org.springframework.security.web.FilterChainProxy.lambda$doFilterInternal$3(FilterChainProxy.java:231)
	at org.springframework.security.web.ObservationFilterChainDecorator$FilterObservation$SimpleFilterObservation.lambda$wrap$1(ObservationFilterChainDecorator.java:479)
	at org.springframework.security.web.ObservationFilterChainDecorator$AroundFilterObservation$SimpleAroundFilterObservation.lambda$wrap$1(ObservationFilterChainDecorator.java:340)
	at org.springframework.security.web.ObservationFilterChainDecorator.lambda$wrapSecured$0(ObservationFilterChainDecorator.java:82)
	at org.springframework.security.web.ObservationFilterChainDecorator$VirtualFilterChain.doFilter(ObservationFilterChainDecorator.java:128)
	at org.springframework.security.web.access.intercept.AuthorizationFilter.doFilter(AuthorizationFilter.java:101)
	at org.springframework.security.web.ObservationFilterChainDecorator$ObservationFilter.wrapFilter(ObservationFilterChainDecorator.java:240)
	at org.springframework.security.web.ObservationFilterChainDecorator$ObservationFilter.doFilter(ObservationFilterChainDecorator.java:227)
	at org.springframework.security.web.ObservationFilterChainDecorator$VirtualFilterChain.doFilter(ObservationFilterChainDecorator.java:137)
	at org.springframework.security.web.access.ExceptionTranslationFilter.doFilter(ExceptionTranslationFilter.java:126)
	at org.springframework.security.web.access.ExceptionTranslationFilter.doFilter(ExceptionTranslationFilter.java:120)
	at org.springframework.security.web.ObservationFilterChainDecorator$ObservationFilter.wrapFilter(ObservationFilterChainDecorator.java:240)
	at org.springframework.security.web.ObservationFilterChainDecorator$ObservationFilter.doFilter(ObservationFilterChainDecorator.java:227)
	at org.springframework.security.web.ObservationFilterChainDecorator$VirtualFilterChain.doFilter(ObservationFilterChainDecorator.java:137)
	at org.springframework.security.web.session.SessionManagementFilter.doFilter(SessionManagementFilter.java:131)
	at org.springframework.security.web.session.SessionManagementFilter.doFilter(SessionManagementFilter.java:85)
	at org.springframework.security.web.ObservationFilterChainDecorator$ObservationFilter.wrapFilter(ObservationFilterChainDecorator.java:240)
	at org.springframework.security.web.ObservationFilterChainDecorator$ObservationFilter.doFilter(ObservationFilterChainDecorator.java:227)
	at org.springframework.security.web.ObservationFilterChainDecorator$VirtualFilterChain.doFilter(ObservationFilterChainDecorator.java:137)
	at org.springframework.security.web.authentication.AnonymousAuthenticationFilter.doFilter(AnonymousAuthenticationFilter.java:100)
	at org.springframework.security.web.ObservationFilterChainDecorator$ObservationFilter.wrapFilter(ObservationFilterChainDecorator.java:240)
	at org.springframework.security.web.ObservationFilterChainDecorator$ObservationFilter.doFilter(ObservationFilterChainDecorator.java:227)
	at org.springframework.security.web.ObservationFilterChainDecorator$VirtualFilterChain.doFilter(ObservationFilterChainDecorator.java:137)
	at org.springframework.security.web.servletapi.SecurityContextHolderAwareRequestFilter.doFilter(SecurityContextHolderAwareRequestFilter.java:179)
	at org.springframework.security.web.ObservationFilterChainDecorator$ObservationFilter.wrapFilter(ObservationFilterChainDecorator.java:240)
	at org.springframework.security.web.ObservationFilterChainDecorator$ObservationFilter.doFilter(ObservationFilterChainDecorator.java:227)
	at org.springframework.security.web.ObservationFilterChainDecorator$VirtualFilterChain.doFilter(ObservationFilterChainDecorator.java:137)
	at org.springframework.security.web.savedrequest.RequestCacheAwareFilter.doFilter(RequestCacheAwareFilter.java:63)
	at org.springframework.security.web.ObservationFilterChainDecorator$ObservationFilter.wrapFilter(ObservationFilterChainDecorator.java:240)
	at org.springframework.security.web.ObservationFilterChainDecorator$ObservationFilter.doFilter(ObservationFilterChainDecorator.java:227)
	at org.springframework.security.web.ObservationFilterChainDecorator$VirtualFilterChain.doFilter(ObservationFilterChainDecorator.java:137)
	at com.company.project.security.jwt.JwtAuthenticationFilter.doFilterInternal(JwtAuthenticationFilter.java:52)
	at org.springframework.web.filter.OncePerRequestFilter.doFilter(OncePerRequestFilter.java:116)
	at org.springframework.security.web.ObservationFilterChainDecorator$ObservationFilter.wrapFilter(ObservationFilterChainDecorator.java:240)
	at org.springframework.security.web.ObservationFilterChainDecorator$ObservationFilter.doFilter(ObservationFilterChainDecorator.java:227)
	at org.springframework.security.web.ObservationFilterChainDecorator$VirtualFilterChain.doFilter(ObservationFilterChainDecorator.java:137)
	at org.springframework.security.web.authentication.logout.LogoutFilter.doFilter(LogoutFilter.java:107)
	at org.springframework.security.web.authentication.logout.LogoutFilter.doFilter(LogoutFilter.java:93)
	at org.springframework.security.web.ObservationFilterChainDecorator$ObservationFilter.wrapFilter(ObservationFilterChainDecorator.java:240)
	at org.springframework.security.web.ObservationFilterChainDecorator$ObservationFilter.doFilter(ObservationFilterChainDecorator.java:227)
	at org.springframework.security.web.ObservationFilterChainDecorator$VirtualFilterChain.doFilter(ObservationFilterChainDecorator.java:137)
	at org.springframework.web.filter.CorsFilter.doFilterInternal(CorsFilter.java:91)
	at org.springframework.web.filter.OncePerRequestFilter.doFilter(OncePerRequestFilter.java:116)
	at org.springframework.security.web.ObservationFilterChainDecorator$ObservationFilter.wrapFilter(ObservationFilterChainDecorator.java:240)
	at org.springframework.security.web.ObservationFilterChainDecorator$ObservationFilter.doFilter(ObservationFilterChainDecorator.java:227)
	at org.springframework.security.web.ObservationFilterChainDecorator$VirtualFilterChain.doFilter(ObservationFilterChainDecorator.java:137)
	at org.springframework.security.web.header.HeaderWriterFilter.doHeadersAfter(HeaderWriterFilter.java:90)
	at org.springframework.security.web.header.HeaderWriterFilter.doFilterInternal(HeaderWriterFilter.java:75)
	at org.springframework.web.filter.OncePerRequestFilter.doFilter(OncePerRequestFilter.java:116)
	at org.springframework.security.web.ObservationFilterChainDecorator$ObservationFilter.wrapFilter(ObservationFilterChainDecorator.java:240)
	at org.springframework.security.web.ObservationFilterChainDecorator$ObservationFilter.doFilter(ObservationFilterChainDecorator.java:227)
	at org.springframework.security.web.ObservationFilterChainDecorator$VirtualFilterChain.doFilter(ObservationFilterChainDecorator.java:137)
	at org.springframework.security.web.context.SecurityContextHolderFilter.doFilter(SecurityContextHolderFilter.java:82)
	at org.springframework.security.web.context.SecurityContextHolderFilter.doFilter(SecurityContextHolderFilter.java:69)
	at org.springframework.security.web.ObservationFilterChainDecorator$ObservationFilter.wrapFilter(ObservationFilterChainDecorator.java:240)
	at org.springframework.security.web.ObservationFilterChainDecorator$ObservationFilter.doFilter(ObservationFilterChainDecorator.java:227)
	at org.springframework.security.web.ObservationFilterChainDecorator$VirtualFilterChain.doFilter(ObservationFilterChainDecorator.java:137)
	at org.springframework.security.web.context.request.async.WebAsyncManagerIntegrationFilter.doFilterInternal(WebAsyncManagerIntegrationFilter.java:62)
	at org.springframework.web.filter.OncePerRequestFilter.doFilter(OncePerRequestFilter.java:116)
	at org.springframework.security.web.ObservationFilterChainDecorator$ObservationFilter.wrapFilter(ObservationFilterChainDecorator.java:240)
	at org.springframework.security.web.ObservationFilterChainDecorator$ObservationFilter.doFilter(ObservationFilterChainDecorator.java:227)
	at org.springframework.security.web.ObservationFilterChainDecorator$VirtualFilterChain.doFilter(ObservationFilterChainDecorator.java:137)
	at org.springframework.security.web.session.DisableEncodeUrlFilter.doFilterInternal(DisableEncodeUrlFilter.java:42)
	at org.springframework.web.filter.OncePerRequestFilter.doFilter(OncePerRequestFilter.java:116)
	at org.springframework.security.web.ObservationFilterChainDecorator$ObservationFilter.wrapFilter(ObservationFilterChainDecorator.java:240)
	at org.springframework.security.web.ObservationFilterChainDecorator$AroundFilterObservation$SimpleAroundFilterObservation.lambda$wrap$0(ObservationFilterChainDecorator.java:323)
	at org.springframework.security.web.ObservationFilterChainDecorator$ObservationFilter.doFilter(ObservationFilterChainDecorator.java:224)
	at org.springframework.security.web.ObservationFilterChainDecorator$VirtualFilterChain.doFilter(ObservationFilterChainDecorator.java:137)
	at org.springframework.security.web.FilterChainProxy.doFilterInternal(FilterChainProxy.java:233)
	at org.springframework.security.web.FilterChainProxy.doFilter(FilterChainProxy.java:191)
	at org.springframework.web.filter.CompositeFilter$VirtualFilterChain.doFilter(CompositeFilter.java:113)
	at org.springframework.web.servlet.handler.HandlerMappingIntrospector.lambda$createCacheFilter$3(HandlerMappingIntrospector.java:243)
	at org.springframework.web.filter.CompositeFilter$VirtualFilterChain.doFilter(CompositeFilter.java:113)
	at org.springframework.web.filter.CompositeFilter.doFilter(CompositeFilter.java:74)
	at org.springframework.security.config.annotation.web.configuration.WebMvcSecurityConfiguration$CompositeFilterChainProxy.doFilter(WebMvcSecurityConfiguration.java:238)
	at org.springframework.web.filter.DelegatingFilterProxy.invokeDelegate(DelegatingFilterProxy.java:362)
	at org.springframework.web.filter.DelegatingFilterProxy.doFilter(DelegatingFilterProxy.java:278)
	at org.apache.catalina.core.ApplicationFilterChain.internalDoFilter(ApplicationFilterChain.java:164)
	at org.apache.catalina.core.ApplicationFilterChain.doFilter(ApplicationFilterChain.java:140)
	at org.springframework.web.filter.RequestContextFilter.doFilterInternal(RequestContextFilter.java:100)
	at org.springframework.web.filter.OncePerRequestFilter.doFilter(OncePerRequestFilter.java:116)
	at org.apache.catalina.core.ApplicationFilterChain.internalDoFilter(ApplicationFilterChain.java:164)
	at org.apache.catalina.core.ApplicationFilterChain.doFilter(ApplicationFilterChain.java:140)
	at org.springframework.web.filter.FormContentFilter.doFilterInternal(FormContentFilter.java:93)
	at org.springframework.web.filter.OncePerRequestFilter.doFilter(OncePerRequestFilter.java:116)
	at org.apache.catalina.core.ApplicationFilterChain.internalDoFilter(ApplicationFilterChain.java:164)
	at org.apache.catalina.core.ApplicationFilterChain.doFilter(ApplicationFilterChain.java:140)
	at org.springframework.web.filter.ServerHttpObservationFilter.doFilterInternal(ServerHttpObservationFilter.java:114)
	at org.springframework.web.filter.OncePerRequestFilter.doFilter(OncePerRequestFilter.java:116)
	at org.apache.catalina.core.ApplicationFilterChain.internalDoFilter(ApplicationFilterChain.java:164)
	at org.apache.catalina.core.ApplicationFilterChain.doFilter(ApplicationFilterChain.java:140)
	at org.springframework.web.filter.CharacterEncodingFilter.doFilterInternal(CharacterEncodingFilter.java:201)
	at org.springframework.web.filter.OncePerRequestFilter.doFilter(OncePerRequestFilter.java:116)
	at org.apache.catalina.core.ApplicationFilterChain.internalDoFilter(ApplicationFilterChain.java:164)
	at org.apache.catalina.core.ApplicationFilterChain.doFilter(ApplicationFilterChain.java:140)
	at org.apache.catalina.core.StandardWrapperValve.invoke(StandardWrapperValve.java:167)
	at org.apache.catalina.core.StandardContextValve.invoke(StandardContextValve.java:90)
	at org.apache.catalina.authenticator.AuthenticatorBase.invoke(AuthenticatorBase.java:483)
	at org.apache.catalina.core.StandardHostValve.invoke(StandardHostValve.java:115)
	at org.apache.catalina.valves.ErrorReportValve.invoke(ErrorReportValve.java:93)
	at org.apache.catalina.core.StandardEngineValve.invoke(StandardEngineValve.java:74)
	at org.apache.catalina.connector.CoyoteAdapter.service(CoyoteAdapter.java:344)
	at org.apache.coyote.http11.Http11Processor.service(Http11Processor.java:397)
	at org.apache.coyote.AbstractProcessorLight.process(AbstractProcessorLight.java:63)
	at org.apache.coyote.AbstractProtocol$ConnectionHandler.process(AbstractProtocol.java:905)
	at org.apache.tomcat.util.net.NioEndpoint$SocketProcessor.doRun(NioEndpoint.java:1741)
	at org.apache.tomcat.util.net.SocketProcessorBase.run(SocketProcessorBase.java:52)
	at org.apache.tomcat.util.threads.ThreadPoolExecutor.runWorker(ThreadPoolExecutor.java:1190)
	at org.apache.tomcat.util.threads.ThreadPoolExecutor$Worker.run(ThreadPoolExecutor.java:659)
	at org.apache.tomcat.util.threads.TaskThread$WrappingRunnable.run(TaskThread.java:63)
	at java.base/java.lang.Thread.run(Thread.java:1583)
2026-03-16 17:00:06 [http-nio-8080-exec-1] DEBUG o.s.w.s.m.m.a.HttpEntityMethodProcessor - Using 'application/json', given [application/json, text/plain, */*] and supported [application/json, application/*+json, application/yaml]
2026-03-16 17:00:06 [http-nio-8080-exec-1] TRACE o.s.w.s.m.m.a.HttpEntityMethodProcessor - Writing [ApiResponse[success=false, status=500, code=C004, message=예기치 않은 서버 오류가 발생했습니다., data=null, timestamp=2026-03-16T17:00:06.379835900]]
2026-03-16 17:00:06 [http-nio-8080-exec-1] DEBUG o.s.w.s.m.m.a.ExceptionHandlerExceptionResolver - Resolved [org.springframework.web.servlet.resource.NoResourceFoundException: No static resource api/v1/admin/system/statistics/bbs.]
2026-03-16 17:00:06 [http-nio-8080-exec-1] DEBUG o.s.web.servlet.DispatcherServlet - Completed 500 INTERNAL_SERVER_ERROR
2026-03-16 17:00:06 [http-nio-8080-exec-2] DEBUG o.s.orm.jpa.JpaTransactionManager - Found thread-bound EntityManager [SessionImpl(1814682764<open>)] for JPA transaction
2026-03-16 17:00:06 [http-nio-8080-exec-2] DEBUG o.s.orm.jpa.JpaTransactionManager - Participating in existing transaction
2026-03-16 17:00:06 [http-nio-8080-exec-2] DEBUG org.hibernate.SQL - select p1_0.progrm_file_nm,p1_0.progrm_dc,p1_0.progrm_korean_nm,p1_0.progrm_stre_path,p1_0.url from nprogrmlist p1_0
2026-03-16 17:00:06 [MessageBroker-4] DEBUG o.s.w.s.s.t.h.DefaultSockJsService - Closed 1 sessions: [f2mrjgig]
2026-03-16 17:00:06 [http-nio-8080-exec-2] DEBUG o.s.orm.jpa.JpaTransactionManager - Initiating transaction commit
2026-03-16 17:00:06 [http-nio-8080-exec-2] DEBUG o.s.orm.jpa.JpaTransactionManager - Committing JPA transaction on EntityManager [SessionImpl(1814682764<open>)]
2026-03-16 17:00:06 [http-nio-8080-exec-2] DEBUG o.s.orm.jpa.JpaTransactionManager - Closing JPA EntityManager [SessionImpl(1814682764<open>)] after transaction
2026-03-16 17:00:06 [http-nio-8080-exec-2] INFO  c.c.p.a.c.menu.MenuController - getLeftMenu returned 2 items
2026-03-16 17:00:06 [http-nio-8080-exec-2] DEBUG o.s.w.s.m.m.a.HttpEntityMethodProcessor - Using 'application/json', given [application/json, text/plain, */*] and supported [application/json, application/*+json, application/yaml]
2026-03-16 17:00:06 [http-nio-8080-exec-2] TRACE o.s.w.s.m.m.a.HttpEntityMethodProcessor - Writing [ApiResponse[success=true, status=200, code=COMMON_001, message=Success, data={list=[com.company.project.service.menu.dto.MenuDto@23c54df2, com.company.project.service.menu.dto.MenuDto@77af250e]}, timestamp=2026-03-16T17:00:06.711122300]]
2026-03-16 17:00:06 [http-nio-8080-exec-2] INFO  c.c.p.a.i.OperationalAuditInterceptor - API Audit Log: URL=/api/v1/menu/left, User=webmaster, IP=127.0.0.1
2026-03-16 17:00:06 [http-nio-8080-exec-2] DEBUG o.s.web.servlet.DispatcherServlet - Completed 200 OK
2026-03-16 17:00:06 [http-nio-8080-exec-10] DEBUG c.c.p.s.jwt.JwtAuthenticationFilter - >>> [JwtFilter] Processing request: GET /api/v1/menu/left
2026-03-16 17:00:06 [http-nio-8080-exec-10] DEBUG c.c.p.s.jwt.JwtAuthenticationFilter - >>> [JwtFilter] Found token in header for path: /api/v1/menu/left
2026-03-16 17:00:06 [http-nio-8080-exec-10] DEBUG o.s.orm.jpa.JpaTransactionManager - Creating new transaction with name [com.company.project.security.iam.CustomUserDetailsService.loadUserByUsername]: PROPAGATION_REQUIRED,ISOLATION_DEFAULT,readOnly
2026-03-16 17:00:06 [http-nio-8080-exec-10] DEBUG o.s.orm.jpa.JpaTransactionManager - Opened new EntityManager [SessionImpl(2134014020<open>)] for JPA transaction
2026-03-16 17:00:06 [http-nio-8080-exec-10] DEBUG o.s.orm.jpa.JpaTransactionManager - Exposing JPA transaction as JDBC [org.springframework.orm.jpa.vendor.HibernateJpaDialect$HibernateConnectionHandle@b99f64e]
2026-03-16 17:00:06 [http-nio-8080-exec-10] DEBUG o.s.orm.jpa.JpaTransactionManager - Found thread-bound EntityManager [SessionImpl(2134014020<open>)] for JPA transaction
2026-03-16 17:00:06 [http-nio-8080-exec-10] DEBUG o.s.orm.jpa.JpaTransactionManager - Participating in existing transaction
2026-03-16 17:00:06 [http-nio-8080-exec-10] DEBUG org.hibernate.SQL - select u1_0.emplyr_id,u1_0.area_no,u1_0.brthdy,u1_0.chg_pwd_cnt,u1_0.frst_register_id,u1_0.frst_regist_pnttm,u1_0.detail_adres,u1_0.email_adres,u1_0.emplyr_sttus_code,u1_0.empl_no,u1_0.esntl_id,u1_0.fxnum,u1_0.group_id,u1_0.house_adres,u1_0.house_end_telno,u1_0.house_middle_telno,u1_0.ihidnum,u1_0.pstinst_code,u1_0.last_updusr_id,u1_0.last_updt_pnttm,u1_0.lock_at,u1_0.lock_cnt,u1_0.lock_last_pnttm,u1_0.mbtlnum,u1_0.ofcps_nm,u1_0.offm_telno,u1_0.orgnzt_id,u1_0.password,u1_0.password_cnsr,u1_0.password_hint,u1_0.chg_pwd_last_pnttm,u1_0.role,u1_0.sbscrb_de,u1_0.sexdstn_code,u1_0.crtfc_dn_value,u1_0.user_nm,u1_0.zip from nemplyrinfo u1_0 where u1_0.emplyr_id=?
2026-03-16 17:00:07 [http-nio-8080-exec-10] DEBUG o.s.orm.jpa.JpaTransactionManager - Found thread-bound EntityManager [SessionImpl(2134014020<open>)] for JPA transaction
2026-03-16 17:00:07 [http-nio-8080-exec-10] DEBUG o.s.orm.jpa.JpaTransactionManager - Participating in existing transaction
2026-03-16 17:00:07 [http-nio-8080-exec-10] DEBUG org.hibernate.SQL - select ua1_0.scrty_dtrmn_trget_id,ua1_0.author_code,ua1_0.frst_register_id,ua1_0.frst_regist_pnttm,ua1_0.last_updusr_id,ua1_0.last_updt_pnttm,ua1_0.mber_ty_code from nemplyrscrtyestbs ua1_0 where ua1_0.scrty_dtrmn_trget_id=?
2026-03-16 17:00:07 [http-nio-8080-exec-10] DEBUG o.s.orm.jpa.JpaTransactionManager - Initiating transaction commit
2026-03-16 17:00:07 [http-nio-8080-exec-10] DEBUG o.s.orm.jpa.JpaTransactionManager - Committing JPA transaction on EntityManager [SessionImpl(2134014020<open>)]
2026-03-16 17:00:07 [http-nio-8080-exec-10] DEBUG o.s.orm.jpa.JpaTransactionManager - Closing JPA EntityManager [SessionImpl(2134014020<open>)] after transaction
2026-03-16 17:00:07 [http-nio-8080-exec-10] DEBUG c.c.p.s.jwt.JwtAuthenticationFilter - >>> [JwtFilter] Successfully authenticated user: USRCNFRM_99999999999, Authorities: [ROLE_ADMIN]
2026-03-16 17:00:07 [http-nio-8080-exec-10] DEBUG o.s.web.servlet.DispatcherServlet - GET "/api/v1/menu/left?menuNo=50", parameters={masked}
2026-03-16 17:00:07 [http-nio-8080-exec-10] TRACE o.s.w.s.m.m.a.RequestMappingHandlerMapping - Mapped to com.company.project.api.controller.menu.MenuController#getLeftMenu(Long)
2026-03-16 17:00:07 [http-nio-8080-exec-10] INFO  c.c.p.a.c.menu.MenuController - getLeftMenu called with menuNo=50
2026-03-16 17:00:07 [http-nio-8080-exec-10] DEBUG o.s.orm.jpa.JpaTransactionManager - Creating new transaction with name [com.company.project.service.menu.MenuService.getSubMenus]: PROPAGATION_REQUIRED,ISOLATION_DEFAULT,readOnly
2026-03-16 17:00:07 [http-nio-8080-exec-10] DEBUG o.s.orm.jpa.JpaTransactionManager - Opened new EntityManager [SessionImpl(1562822765<open>)] for JPA transaction
2026-03-16 17:00:07 [http-nio-8080-exec-10] DEBUG o.s.orm.jpa.JpaTransactionManager - Exposing JPA transaction as JDBC [org.springframework.orm.jpa.vendor.HibernateJpaDialect$HibernateConnectionHandle@6cf520a0]
2026-03-16 17:00:07 [http-nio-8080-exec-10] DEBUG org.hibernate.SQL - select m1_0.menu_no,m1_0.menu_dc,m1_0.menu_nm,m1_0.menu_ordr,m1_0.modern_route,m1_0.progrm_file_nm,m1_0.relate_image_nm,m1_0.relate_image_path,m1_0.route_updated_at,m1_0.upper_menu_no from nmenuinfo m1_0 order by m1_0.upper_menu_no,m1_0.menu_ordr
2026-03-16 17:00:07 [http-nio-8080-exec-10] DEBUG o.s.orm.jpa.JpaTransactionManager - Found thread-bound EntityManager [SessionImpl(1562822765<open>)] for JPA transaction
2026-03-16 17:00:07 [http-nio-8080-exec-10] DEBUG o.s.orm.jpa.JpaTransactionManager - Participating in existing transaction
2026-03-16 17:00:07 [http-nio-8080-exec-10] DEBUG org.hibernate.SQL - select p1_0.progrm_file_nm,p1_0.progrm_dc,p1_0.progrm_korean_nm,p1_0.progrm_stre_path,p1_0.url from nprogrmlist p1_0
2026-03-16 17:00:07 [http-nio-8080-exec-10] DEBUG o.s.orm.jpa.JpaTransactionManager - Initiating transaction commit
2026-03-16 17:00:07 [http-nio-8080-exec-10] DEBUG o.s.orm.jpa.JpaTransactionManager - Committing JPA transaction on EntityManager [SessionImpl(1562822765<open>)]
2026-03-16 17:00:08 [http-nio-8080-exec-10] DEBUG o.s.orm.jpa.JpaTransactionManager - Closing JPA EntityManager [SessionImpl(1562822765<open>)] after transaction
2026-03-16 17:00:08 [http-nio-8080-exec-10] INFO  c.c.p.a.c.menu.MenuController - getLeftMenu returned 3 items
2026-03-16 17:00:08 [http-nio-8080-exec-10] DEBUG o.s.w.s.m.m.a.HttpEntityMethodProcessor - Using 'application/json', given [application/json, text/plain, */*] and supported [application/json, application/*+json, application/yaml]
2026-03-16 17:00:08 [http-nio-8080-exec-10] TRACE o.s.w.s.m.m.a.HttpEntityMethodProcessor - Writing [ApiResponse[success=true, status=200, code=COMMON_001, message=Success, data={list=[com.company.project.service.menu.dto.MenuDto@42c2fa58, com.company.project.service.menu.dto.MenuDto@2d2153c8, com.company.project.service.menu.dto.MenuDto@1f7142d6]}, timestamp=2026-03-16T17:00:08.044254]]
2026-03-16 17:00:08 [http-nio-8080-exec-10] INFO  c.c.p.a.i.OperationalAuditInterceptor - API Audit Log: URL=/api/v1/menu/left, User=webmaster, IP=127.0.0.1
2026-03-16 17:00:08 [http-nio-8080-exec-10] DEBUG o.s.web.servlet.DispatcherServlet - Completed 200 OK
2026-03-16 17:00:08 [http-nio-8080-exec-4] DEBUG c.c.p.s.jwt.JwtAuthenticationFilter - >>> [JwtFilter] Processing request: GET /api/v1/menu/left
2026-03-16 17:00:08 [http-nio-8080-exec-4] DEBUG c.c.p.s.jwt.JwtAuthenticationFilter - >>> [JwtFilter] Found token in header for path: /api/v1/menu/left
2026-03-16 17:00:08 [http-nio-8080-exec-4] DEBUG o.s.orm.jpa.JpaTransactionManager - Creating new transaction with name [com.company.project.security.iam.CustomUserDetailsService.loadUserByUsername]: PROPAGATION_REQUIRED,ISOLATION_DEFAULT,readOnly
2026-03-16 17:00:08 [http-nio-8080-exec-4] DEBUG o.s.orm.jpa.JpaTransactionManager - Opened new EntityManager [SessionImpl(1415317809<open>)] for JPA transaction
2026-03-16 17:00:08 [http-nio-8080-exec-4] DEBUG o.s.orm.jpa.JpaTransactionManager - Exposing JPA transaction as JDBC [org.springframework.orm.jpa.vendor.HibernateJpaDialect$HibernateConnectionHandle@7700d1c8]
2026-03-16 17:00:08 [http-nio-8080-exec-4] DEBUG o.s.orm.jpa.JpaTransactionManager - Found thread-bound EntityManager [SessionImpl(1415317809<open>)] for JPA transaction
2026-03-16 17:00:08 [http-nio-8080-exec-4] DEBUG o.s.orm.jpa.JpaTransactionManager - Participating in existing transaction
2026-03-16 17:00:08 [http-nio-8080-exec-4] DEBUG org.hibernate.SQL - select u1_0.emplyr_id,u1_0.area_no,u1_0.brthdy,u1_0.chg_pwd_cnt,u1_0.frst_register_id,u1_0.frst_regist_pnttm,u1_0.detail_adres,u1_0.email_adres,u1_0.emplyr_sttus_code,u1_0.empl_no,u1_0.esntl_id,u1_0.fxnum,u1_0.group_id,u1_0.house_adres,u1_0.house_end_telno,u1_0.house_middle_telno,u1_0.ihidnum,u1_0.pstinst_code,u1_0.last_updusr_id,u1_0.last_updt_pnttm,u1_0.lock_at,u1_0.lock_cnt,u1_0.lock_last_pnttm,u1_0.mbtlnum,u1_0.ofcps_nm,u1_0.offm_telno,u1_0.orgnzt_id,u1_0.password,u1_0.password_cnsr,u1_0.password_hint,u1_0.chg_pwd_last_pnttm,u1_0.role,u1_0.sbscrb_de,u1_0.sexdstn_code,u1_0.crtfc_dn_value,u1_0.user_nm,u1_0.zip from nemplyrinfo u1_0 where u1_0.emplyr_id=?
2026-03-16 17:00:08 [http-nio-8080-exec-4] DEBUG o.s.orm.jpa.JpaTransactionManager - Found thread-bound EntityManager [SessionImpl(1415317809<open>)] for JPA transaction
2026-03-16 17:00:08 [http-nio-8080-exec-4] DEBUG o.s.orm.jpa.JpaTransactionManager - Participating in existing transaction
2026-03-16 17:00:08 [http-nio-8080-exec-4] DEBUG org.hibernate.SQL - select ua1_0.scrty_dtrmn_trget_id,ua1_0.author_code,ua1_0.frst_register_id,ua1_0.frst_regist_pnttm,ua1_0.last_updusr_id,ua1_0.last_updt_pnttm,ua1_0.mber_ty_code from nemplyrscrtyestbs ua1_0 where ua1_0.scrty_dtrmn_trget_id=?
2026-03-16 17:00:08 [http-nio-8080-exec-4] DEBUG o.s.orm.jpa.JpaTransactionManager - Initiating transaction commit
2026-03-16 17:00:08 [http-nio-8080-exec-4] DEBUG o.s.orm.jpa.JpaTransactionManager - Committing JPA transaction on EntityManager [SessionImpl(1415317809<open>)]
2026-03-16 17:00:08 [http-nio-8080-exec-4] DEBUG o.s.orm.jpa.JpaTransactionManager - Closing JPA EntityManager [SessionImpl(1415317809<open>)] after transaction
2026-03-16 17:00:08 [http-nio-8080-exec-4] DEBUG c.c.p.s.jwt.JwtAuthenticationFilter - >>> [JwtFilter] Successfully authenticated user: USRCNFRM_99999999999, Authorities: [ROLE_ADMIN]
2026-03-16 17:00:08 [http-nio-8080-exec-4] DEBUG o.s.web.servlet.DispatcherServlet - GET "/api/v1/menu/left?menuNo=60", parameters={masked}
2026-03-16 17:00:08 [http-nio-8080-exec-4] TRACE o.s.w.s.m.m.a.RequestMappingHandlerMapping - Mapped to com.company.project.api.controller.menu.MenuController#getLeftMenu(Long)
2026-03-16 17:00:08 [http-nio-8080-exec-4] INFO  c.c.p.a.c.menu.MenuController - getLeftMenu called with menuNo=60
2026-03-16 17:00:08 [http-nio-8080-exec-4] DEBUG o.s.orm.jpa.JpaTransactionManager - Creating new transaction with name [com.company.project.service.menu.MenuService.getSubMenus]: PROPAGATION_REQUIRED,ISOLATION_DEFAULT,readOnly
2026-03-16 17:00:08 [http-nio-8080-exec-4] DEBUG o.s.orm.jpa.JpaTransactionManager - Opened new EntityManager [SessionImpl(1054181573<open>)] for JPA transaction
2026-03-16 17:00:08 [http-nio-8080-exec-4] DEBUG o.s.orm.jpa.JpaTransactionManager - Exposing JPA transaction as JDBC [org.springframework.orm.jpa.vendor.HibernateJpaDialect$HibernateConnectionHandle@6698324e]
2026-03-16 17:00:08 [http-nio-8080-exec-4] DEBUG org.hibernate.SQL - select m1_0.menu_no,m1_0.menu_dc,m1_0.menu_nm,m1_0.menu_ordr,m1_0.modern_route,m1_0.progrm_file_nm,m1_0.relate_image_nm,m1_0.relate_image_path,m1_0.route_updated_at,m1_0.upper_menu_no from nmenuinfo m1_0 order by m1_0.upper_menu_no,m1_0.menu_ordr
2026-03-16 17:00:09 [http-nio-8080-exec-4] DEBUG o.s.orm.jpa.JpaTransactionManager - Found thread-bound EntityManager [SessionImpl(1054181573<open>)] for JPA transaction
2026-03-16 17:00:09 [http-nio-8080-exec-4] DEBUG o.s.orm.jpa.JpaTransactionManager - Participating in existing transaction
2026-03-16 17:00:09 [http-nio-8080-exec-4] DEBUG org.hibernate.SQL - select p1_0.progrm_file_nm,p1_0.progrm_dc,p1_0.progrm_korean_nm,p1_0.progrm_stre_path,p1_0.url from nprogrmlist p1_0
2026-03-16 17:00:09 [http-nio-8080-exec-4] DEBUG o.s.orm.jpa.JpaTransactionManager - Initiating transaction commit
2026-03-16 17:00:09 [http-nio-8080-exec-4] DEBUG o.s.orm.jpa.JpaTransactionManager - Committing JPA transaction on EntityManager [SessionImpl(1054181573<open>)]
2026-03-16 17:00:09 [http-nio-8080-exec-4] DEBUG o.s.orm.jpa.JpaTransactionManager - Closing JPA EntityManager [SessionImpl(1054181573<open>)] after transaction
2026-03-16 17:00:09 [http-nio-8080-exec-4] INFO  c.c.p.a.c.menu.MenuController - getLeftMenu returned 1 items
2026-03-16 17:00:09 [http-nio-8080-exec-4] DEBUG o.s.w.s.m.m.a.HttpEntityMethodProcessor - Using 'application/json', given [application/json, text/plain, */*] and supported [application/json, application/*+json, application/yaml]
2026-03-16 17:00:09 [http-nio-8080-exec-4] TRACE o.s.w.s.m.m.a.HttpEntityMethodProcessor - Writing [ApiResponse[success=true, status=200, code=COMMON_001, message=Success, data={list=[com.company.project.service.menu.dto.MenuDto@7cc08d41]}, timestamp=2026-03-16T17:00:09.374435600]]
2026-03-16 17:00:09 [http-nio-8080-exec-4] INFO  c.c.p.a.i.OperationalAuditInterceptor - API Audit Log: URL=/api/v1/menu/left, User=webmaster, IP=127.0.0.1
2026-03-16 17:00:09 [http-nio-8080-exec-4] DEBUG o.s.web.servlet.DispatcherServlet - Completed 200 OK
2026-03-16 17:00:10 [http-nio-8080-exec-1] DEBUG c.c.p.s.jwt.JwtAuthenticationFilter - >>> [JwtFilter] Processing request: GET /api/v1/menu/head
2026-03-16 17:00:10 [http-nio-8080-exec-1] DEBUG c.c.p.s.jwt.JwtAuthenticationFilter - >>> [JwtFilter] Found token in header for path: /api/v1/menu/head
2026-03-16 17:00:10 [http-nio-8080-exec-1] DEBUG o.s.orm.jpa.JpaTransactionManager - Creating new transaction with name [com.company.project.security.iam.CustomUserDetailsService.loadUserByUsername]: PROPAGATION_REQUIRED,ISOLATION_DEFAULT,readOnly
2026-03-16 17:00:10 [http-nio-8080-exec-1] DEBUG o.s.orm.jpa.JpaTransactionManager - Opened new EntityManager [SessionImpl(1473066018<open>)] for JPA transaction
2026-03-16 17:00:10 [http-nio-8080-exec-1] DEBUG o.s.orm.jpa.JpaTransactionManager - Exposing JPA transaction as JDBC [org.springframework.orm.jpa.vendor.HibernateJpaDialect$HibernateConnectionHandle@2b3a3a11]
2026-03-16 17:00:10 [http-nio-8080-exec-1] DEBUG o.s.orm.jpa.JpaTransactionManager - Found thread-bound EntityManager [SessionImpl(1473066018<open>)] for JPA transaction
2026-03-16 17:00:10 [http-nio-8080-exec-1] DEBUG o.s.orm.jpa.JpaTransactionManager - Participating in existing transaction
2026-03-16 17:00:10 [http-nio-8080-exec-1] DEBUG org.hibernate.SQL - select u1_0.emplyr_id,u1_0.area_no,u1_0.brthdy,u1_0.chg_pwd_cnt,u1_0.frst_register_id,u1_0.frst_regist_pnttm,u1_0.detail_adres,u1_0.email_adres,u1_0.emplyr_sttus_code,u1_0.empl_no,u1_0.esntl_id,u1_0.fxnum,u1_0.group_id,u1_0.house_adres,u1_0.house_end_telno,u1_0.house_middle_telno,u1_0.ihidnum,u1_0.pstinst_code,u1_0.last_updusr_id,u1_0.last_updt_pnttm,u1_0.lock_at,u1_0.lock_cnt,u1_0.lock_last_pnttm,u1_0.mbtlnum,u1_0.ofcps_nm,u1_0.offm_telno,u1_0.orgnzt_id,u1_0.password,u1_0.password_cnsr,u1_0.password_hint,u1_0.chg_pwd_last_pnttm,u1_0.role,u1_0.sbscrb_de,u1_0.sexdstn_code,u1_0.crtfc_dn_value,u1_0.user_nm,u1_0.zip from nemplyrinfo u1_0 where u1_0.emplyr_id=?
2026-03-16 17:00:10 [http-nio-8080-exec-1] DEBUG o.s.orm.jpa.JpaTransactionManager - Found thread-bound EntityManager [SessionImpl(1473066018<open>)] for JPA transaction
2026-03-16 17:00:10 [http-nio-8080-exec-1] DEBUG o.s.orm.jpa.JpaTransactionManager - Participating in existing transaction
2026-03-16 17:00:10 [http-nio-8080-exec-1] DEBUG org.hibernate.SQL - select ua1_0.scrty_dtrmn_trget_id,ua1_0.author_code,ua1_0.frst_register_id,ua1_0.frst_regist_pnttm,ua1_0.last_updusr_id,ua1_0.last_updt_pnttm,ua1_0.mber_ty_code from nemplyrscrtyestbs ua1_0 where ua1_0.scrty_dtrmn_trget_id=?
2026-03-16 17:00:10 [http-nio-8080-exec-1] DEBUG o.s.orm.jpa.JpaTransactionManager - Initiating transaction commit
2026-03-16 17:00:10 [http-nio-8080-exec-1] DEBUG o.s.orm.jpa.JpaTransactionManager - Committing JPA transaction on EntityManager [SessionImpl(1473066018<open>)]
2026-03-16 17:00:10 [http-nio-8080-exec-1] DEBUG o.s.orm.jpa.JpaTransactionManager - Closing JPA EntityManager [SessionImpl(1473066018<open>)] after transaction
2026-03-16 17:00:10 [http-nio-8080-exec-1] DEBUG c.c.p.s.jwt.JwtAuthenticationFilter - >>> [JwtFilter] Successfully authenticated user: USRCNFRM_99999999999, Authorities: [ROLE_ADMIN]
2026-03-16 17:00:10 [http-nio-8080-exec-1] DEBUG o.s.web.servlet.DispatcherServlet - GET "/api/v1/menu/head", parameters={}
2026-03-16 17:00:10 [http-nio-8080-exec-1] TRACE o.s.w.s.m.m.a.RequestMappingHandlerMapping - Mapped to com.company.project.api.controller.menu.MenuController#getHeadMenu()
2026-03-16 17:00:10 [http-nio-8080-exec-1] INFO  c.c.p.a.c.menu.MenuController - getHeadMenu called
2026-03-16 17:00:10 [http-nio-8080-exec-1] INFO  c.c.p.a.c.menu.MenuController - getHeadMenu returned 5 items
2026-03-16 17:00:10 [http-nio-8080-exec-1] DEBUG o.s.w.s.m.m.a.HttpEntityMethodProcessor - Using 'application/json', given [application/json, text/plain, */*] and supported [application/json, application/*+json, application/yaml]
2026-03-16 17:00:10 [http-nio-8080-exec-1] TRACE o.s.w.s.m.m.a.HttpEntityMethodProcessor - Writing [ApiResponse[success=true, status=200, code=COMMON_001, message=Success, data={list=[com.company.project.service.menu.dto.MenuDto@2b80d6b0, com.company.project.service.menu.dto.MenuDto@1418cfa3, com.company.project.service.menu.dto.MenuDto@f230bf1, com.company.project.service.menu.dto.MenuDto@734a7f6a, com.company.project.service.menu.dto.MenuDto@5e5202e5]}, timestamp=2026-03-16T17:00:10.968526700]]
2026-03-16 17:00:10 [http-nio-8080-exec-1] INFO  c.c.p.a.i.OperationalAuditInterceptor - API Audit Log: URL=/api/v1/menu/head, User=webmaster, IP=0:0:0:0:0:0:0:1
2026-03-16 17:00:10 [http-nio-8080-exec-1] DEBUG o.s.web.servlet.DispatcherServlet - Completed 200 OK
2026-03-16 17:00:10 [http-nio-8080-exec-2] DEBUG c.c.p.s.jwt.JwtAuthenticationFilter - >>> [JwtFilter] Processing request: GET /api/v1/menu/left
2026-03-16 17:00:10 [http-nio-8080-exec-2] DEBUG c.c.p.s.jwt.JwtAuthenticationFilter - >>> [JwtFilter] Found token in header for path: /api/v1/menu/left
2026-03-16 17:00:10 [http-nio-8080-exec-2] DEBUG o.s.orm.jpa.JpaTransactionManager - Creating new transaction with name [com.company.project.security.iam.CustomUserDetailsService.loadUserByUsername]: PROPAGATION_REQUIRED,ISOLATION_DEFAULT,readOnly
2026-03-16 17:00:10 [http-nio-8080-exec-2] DEBUG o.s.orm.jpa.JpaTransactionManager - Opened new EntityManager [SessionImpl(133342438<open>)] for JPA transaction
2026-03-16 17:00:10 [http-nio-8080-exec-5] DEBUG c.c.p.s.jwt.JwtAuthenticationFilter - >>> [JwtFilter] Processing request: GET /api/v1/menu/left
2026-03-16 17:00:10 [http-nio-8080-exec-6] DEBUG c.c.p.s.jwt.JwtAuthenticationFilter - >>> [JwtFilter] Processing request: GET /api/v1/menu/left
2026-03-16 17:00:10 [http-nio-8080-exec-8] DEBUG c.c.p.s.jwt.JwtAuthenticationFilter - >>> [JwtFilter] Processing request: GET /api/v1/menu/left
2026-03-16 17:00:10 [http-nio-8080-exec-3] DEBUG c.c.p.s.jwt.JwtAuthenticationFilter - >>> [JwtFilter] Processing request: GET /api/v1/menu/left
2026-03-16 17:00:10 [http-nio-8080-exec-5] DEBUG c.c.p.s.jwt.JwtAuthenticationFilter - >>> [JwtFilter] Found token in header for path: /api/v1/menu/left
2026-03-16 17:00:10 [http-nio-8080-exec-8] DEBUG c.c.p.s.jwt.JwtAuthenticationFilter - >>> [JwtFilter] Found token in header for path: /api/v1/menu/left
2026-03-16 17:00:10 [http-nio-8080-exec-6] DEBUG c.c.p.s.jwt.JwtAuthenticationFilter - >>> [JwtFilter] Found token in header for path: /api/v1/menu/left
2026-03-16 17:00:10 [http-nio-8080-exec-3] DEBUG c.c.p.s.jwt.JwtAuthenticationFilter - >>> [JwtFilter] Found token in header for path: /api/v1/menu/left
2026-03-16 17:00:10 [http-nio-8080-exec-5] DEBUG o.s.orm.jpa.JpaTransactionManager - Creating new transaction with name [com.company.project.security.iam.CustomUserDetailsService.loadUserByUsername]: PROPAGATION_REQUIRED,ISOLATION_DEFAULT,readOnly
2026-03-16 17:00:10 [http-nio-8080-exec-8] DEBUG o.s.orm.jpa.JpaTransactionManager - Creating new transaction with name [com.company.project.security.iam.CustomUserDetailsService.loadUserByUsername]: PROPAGATION_REQUIRED,ISOLATION_DEFAULT,readOnly
2026-03-16 17:00:10 [http-nio-8080-exec-5] DEBUG o.s.orm.jpa.JpaTransactionManager - Opened new EntityManager [SessionImpl(210986521<open>)] for JPA transaction
2026-03-16 17:00:10 [http-nio-8080-exec-8] DEBUG o.s.orm.jpa.JpaTransactionManager - Opened new EntityManager [SessionImpl(100027284<open>)] for JPA transaction
2026-03-16 17:00:10 [http-nio-8080-exec-6] DEBUG o.s.orm.jpa.JpaTransactionManager - Creating new transaction with name [com.company.project.security.iam.CustomUserDetailsService.loadUserByUsername]: PROPAGATION_REQUIRED,ISOLATION_DEFAULT,readOnly
2026-03-16 17:00:10 [http-nio-8080-exec-3] DEBUG o.s.orm.jpa.JpaTransactionManager - Creating new transaction with name [com.company.project.security.iam.CustomUserDetailsService.loadUserByUsername]: PROPAGATION_REQUIRED,ISOLATION_DEFAULT,readOnly
2026-03-16 17:00:10 [http-nio-8080-exec-6] DEBUG o.s.orm.jpa.JpaTransactionManager - Opened new EntityManager [SessionImpl(1224163804<open>)] for JPA transaction
2026-03-16 17:00:10 [http-nio-8080-exec-3] DEBUG o.s.orm.jpa.JpaTransactionManager - Opened new EntityManager [SessionImpl(1092794331<open>)] for JPA transaction
2026-03-16 17:00:11 [http-nio-8080-exec-2] DEBUG o.s.orm.jpa.JpaTransactionManager - Exposing JPA transaction as JDBC [org.springframework.orm.jpa.vendor.HibernateJpaDialect$HibernateConnectionHandle@7981bc5f]
2026-03-16 17:00:11 [http-nio-8080-exec-2] DEBUG o.s.orm.jpa.JpaTransactionManager - Found thread-bound EntityManager [SessionImpl(133342438<open>)] for JPA transaction
2026-03-16 17:00:11 [http-nio-8080-exec-2] DEBUG o.s.orm.jpa.JpaTransactionManager - Participating in existing transaction
2026-03-16 17:00:11 [http-nio-8080-exec-2] DEBUG org.hibernate.SQL - select u1_0.emplyr_id,u1_0.area_no,u1_0.brthdy,u1_0.chg_pwd_cnt,u1_0.frst_register_id,u1_0.frst_regist_pnttm,u1_0.detail_adres,u1_0.email_adres,u1_0.emplyr_sttus_code,u1_0.empl_no,u1_0.esntl_id,u1_0.fxnum,u1_0.group_id,u1_0.house_adres,u1_0.house_end_telno,u1_0.house_middle_telno,u1_0.ihidnum,u1_0.pstinst_code,u1_0.last_updusr_id,u1_0.last_updt_pnttm,u1_0.lock_at,u1_0.lock_cnt,u1_0.lock_last_pnttm,u1_0.mbtlnum,u1_0.ofcps_nm,u1_0.offm_telno,u1_0.orgnzt_id,u1_0.password,u1_0.password_cnsr,u1_0.password_hint,u1_0.chg_pwd_last_pnttm,u1_0.role,u1_0.sbscrb_de,u1_0.sexdstn_code,u1_0.crtfc_dn_value,u1_0.user_nm,u1_0.zip from nemplyrinfo u1_0 where u1_0.emplyr_id=?
2026-03-16 17:00:11 [http-nio-8080-exec-8] DEBUG o.s.orm.jpa.JpaTransactionManager - Exposing JPA transaction as JDBC [org.springframework.orm.jpa.vendor.HibernateJpaDialect$HibernateConnectionHandle@27d70d6c]
2026-03-16 17:00:11 [http-nio-8080-exec-6] DEBUG o.s.orm.jpa.JpaTransactionManager - Exposing JPA transaction as JDBC [org.springframework.orm.jpa.vendor.HibernateJpaDialect$HibernateConnectionHandle@d3f80a9]
2026-03-16 17:00:11 [http-nio-8080-exec-8] DEBUG o.s.orm.jpa.JpaTransactionManager - Found thread-bound EntityManager [SessionImpl(100027284<open>)] for JPA transaction
2026-03-16 17:00:11 [http-nio-8080-exec-6] DEBUG o.s.orm.jpa.JpaTransactionManager - Found thread-bound EntityManager [SessionImpl(1224163804<open>)] for JPA transaction
2026-03-16 17:00:11 [http-nio-8080-exec-8] DEBUG o.s.orm.jpa.JpaTransactionManager - Participating in existing transaction
2026-03-16 17:00:11 [http-nio-8080-exec-5] DEBUG o.s.orm.jpa.JpaTransactionManager - Exposing JPA transaction as JDBC [org.springframework.orm.jpa.vendor.HibernateJpaDialect$HibernateConnectionHandle@3cb221a7]
2026-03-16 17:00:11 [http-nio-8080-exec-6] DEBUG o.s.orm.jpa.JpaTransactionManager - Participating in existing transaction
2026-03-16 17:00:11 [http-nio-8080-exec-3] DEBUG o.s.orm.jpa.JpaTransactionManager - Exposing JPA transaction as JDBC [org.springframework.orm.jpa.vendor.HibernateJpaDialect$HibernateConnectionHandle@1b0447b]
2026-03-16 17:00:11 [http-nio-8080-exec-8] DEBUG org.hibernate.SQL - select u1_0.emplyr_id,u1_0.area_no,u1_0.brthdy,u1_0.chg_pwd_cnt,u1_0.frst_register_id,u1_0.frst_regist_pnttm,u1_0.detail_adres,u1_0.email_adres,u1_0.emplyr_sttus_code,u1_0.empl_no,u1_0.esntl_id,u1_0.fxnum,u1_0.group_id,u1_0.house_adres,u1_0.house_end_telno,u1_0.house_middle_telno,u1_0.ihidnum,u1_0.pstinst_code,u1_0.last_updusr_id,u1_0.last_updt_pnttm,u1_0.lock_at,u1_0.lock_cnt,u1_0.lock_last_pnttm,u1_0.mbtlnum,u1_0.ofcps_nm,u1_0.offm_telno,u1_0.orgnzt_id,u1_0.password,u1_0.password_cnsr,u1_0.password_hint,u1_0.chg_pwd_last_pnttm,u1_0.role,u1_0.sbscrb_de,u1_0.sexdstn_code,u1_0.crtfc_dn_value,u1_0.user_nm,u1_0.zip from nemplyrinfo u1_0 where u1_0.emplyr_id=?
2026-03-16 17:00:11 [http-nio-8080-exec-5] DEBUG o.s.orm.jpa.JpaTransactionManager - Found thread-bound EntityManager [SessionImpl(210986521<open>)] for JPA transaction
2026-03-16 17:00:11 [http-nio-8080-exec-3] DEBUG o.s.orm.jpa.JpaTransactionManager - Found thread-bound EntityManager [SessionImpl(1092794331<open>)] for JPA transaction
2026-03-16 17:00:11 [http-nio-8080-exec-3] DEBUG o.s.orm.jpa.JpaTransactionManager - Participating in existing transaction
2026-03-16 17:00:11 [http-nio-8080-exec-6] DEBUG org.hibernate.SQL - select u1_0.emplyr_id,u1_0.area_no,u1_0.brthdy,u1_0.chg_pwd_cnt,u1_0.frst_register_id,u1_0.frst_regist_pnttm,u1_0.detail_adres,u1_0.email_adres,u1_0.emplyr_sttus_code,u1_0.empl_no,u1_0.esntl_id,u1_0.fxnum,u1_0.group_id,u1_0.house_adres,u1_0.house_end_telno,u1_0.house_middle_telno,u1_0.ihidnum,u1_0.pstinst_code,u1_0.last_updusr_id,u1_0.last_updt_pnttm,u1_0.lock_at,u1_0.lock_cnt,u1_0.lock_last_pnttm,u1_0.mbtlnum,u1_0.ofcps_nm,u1_0.offm_telno,u1_0.orgnzt_id,u1_0.password,u1_0.password_cnsr,u1_0.password_hint,u1_0.chg_pwd_last_pnttm,u1_0.role,u1_0.sbscrb_de,u1_0.sexdstn_code,u1_0.crtfc_dn_value,u1_0.user_nm,u1_0.zip from nemplyrinfo u1_0 where u1_0.emplyr_id=?
2026-03-16 17:00:11 [http-nio-8080-exec-3] DEBUG org.hibernate.SQL - select u1_0.emplyr_id,u1_0.area_no,u1_0.brthdy,u1_0.chg_pwd_cnt,u1_0.frst_register_id,u1_0.frst_regist_pnttm,u1_0.detail_adres,u1_0.email_adres,u1_0.emplyr_sttus_code,u1_0.empl_no,u1_0.esntl_id,u1_0.fxnum,u1_0.group_id,u1_0.house_adres,u1_0.house_end_telno,u1_0.house_middle_telno,u1_0.ihidnum,u1_0.pstinst_code,u1_0.last_updusr_id,u1_0.last_updt_pnttm,u1_0.lock_at,u1_0.lock_cnt,u1_0.lock_last_pnttm,u1_0.mbtlnum,u1_0.ofcps_nm,u1_0.offm_telno,u1_0.orgnzt_id,u1_0.password,u1_0.password_cnsr,u1_0.password_hint,u1_0.chg_pwd_last_pnttm,u1_0.role,u1_0.sbscrb_de,u1_0.sexdstn_code,u1_0.crtfc_dn_value,u1_0.user_nm,u1_0.zip from nemplyrinfo u1_0 where u1_0.emplyr_id=?
2026-03-16 17:00:11 [http-nio-8080-exec-5] DEBUG o.s.orm.jpa.JpaTransactionManager - Participating in existing transaction
2026-03-16 17:00:11 [http-nio-8080-exec-5] DEBUG org.hibernate.SQL - select u1_0.emplyr_id,u1_0.area_no,u1_0.brthdy,u1_0.chg_pwd_cnt,u1_0.frst_register_id,u1_0.frst_regist_pnttm,u1_0.detail_adres,u1_0.email_adres,u1_0.emplyr_sttus_code,u1_0.empl_no,u1_0.esntl_id,u1_0.fxnum,u1_0.group_id,u1_0.house_adres,u1_0.house_end_telno,u1_0.house_middle_telno,u1_0.ihidnum,u1_0.pstinst_code,u1_0.last_updusr_id,u1_0.last_updt_pnttm,u1_0.lock_at,u1_0.lock_cnt,u1_0.lock_last_pnttm,u1_0.mbtlnum,u1_0.ofcps_nm,u1_0.offm_telno,u1_0.orgnzt_id,u1_0.password,u1_0.password_cnsr,u1_0.password_hint,u1_0.chg_pwd_last_pnttm,u1_0.role,u1_0.sbscrb_de,u1_0.sexdstn_code,u1_0.crtfc_dn_value,u1_0.user_nm,u1_0.zip from nemplyrinfo u1_0 where u1_0.emplyr_id=?
2026-03-16 17:00:11 [http-nio-8080-exec-2] DEBUG o.s.orm.jpa.JpaTransactionManager - Found thread-bound EntityManager [SessionImpl(133342438<open>)] for JPA transaction
2026-03-16 17:00:11 [http-nio-8080-exec-2] DEBUG o.s.orm.jpa.JpaTransactionManager - Participating in existing transaction
2026-03-16 17:00:11 [http-nio-8080-exec-2] DEBUG org.hibernate.SQL - select ua1_0.scrty_dtrmn_trget_id,ua1_0.author_code,ua1_0.frst_register_id,ua1_0.frst_regist_pnttm,ua1_0.last_updusr_id,ua1_0.last_updt_pnttm,ua1_0.mber_ty_code from nemplyrscrtyestbs ua1_0 where ua1_0.scrty_dtrmn_trget_id=?
2026-03-16 17:00:11 [http-nio-8080-exec-6] DEBUG o.s.orm.jpa.JpaTransactionManager - Found thread-bound EntityManager [SessionImpl(1224163804<open>)] for JPA transaction
2026-03-16 17:00:11 [http-nio-8080-exec-6] DEBUG o.s.orm.jpa.JpaTransactionManager - Participating in existing transaction
2026-03-16 17:00:11 [http-nio-8080-exec-6] DEBUG org.hibernate.SQL - select ua1_0.scrty_dtrmn_trget_id,ua1_0.author_code,ua1_0.frst_register_id,ua1_0.frst_regist_pnttm,ua1_0.last_updusr_id,ua1_0.last_updt_pnttm,ua1_0.mber_ty_code from nemplyrscrtyestbs ua1_0 where ua1_0.scrty_dtrmn_trget_id=?
2026-03-16 17:00:11 [http-nio-8080-exec-3] DEBUG o.s.orm.jpa.JpaTransactionManager - Found thread-bound EntityManager [SessionImpl(1092794331<open>)] for JPA transaction
2026-03-16 17:00:11 [http-nio-8080-exec-8] DEBUG o.s.orm.jpa.JpaTransactionManager - Found thread-bound EntityManager [SessionImpl(100027284<open>)] for JPA transaction
2026-03-16 17:00:11 [http-nio-8080-exec-3] DEBUG o.s.orm.jpa.JpaTransactionManager - Participating in existing transaction
2026-03-16 17:00:11 [http-nio-8080-exec-8] DEBUG o.s.orm.jpa.JpaTransactionManager - Participating in existing transaction
2026-03-16 17:00:11 [http-nio-8080-exec-5] DEBUG o.s.orm.jpa.JpaTransactionManager - Found thread-bound EntityManager [SessionImpl(210986521<open>)] for JPA transaction
2026-03-16 17:00:11 [http-nio-8080-exec-3] DEBUG org.hibernate.SQL - select ua1_0.scrty_dtrmn_trget_id,ua1_0.author_code,ua1_0.frst_register_id,ua1_0.frst_regist_pnttm,ua1_0.last_updusr_id,ua1_0.last_updt_pnttm,ua1_0.mber_ty_code from nemplyrscrtyestbs ua1_0 where ua1_0.scrty_dtrmn_trget_id=?
2026-03-16 17:00:11 [http-nio-8080-exec-8] DEBUG org.hibernate.SQL - select ua1_0.scrty_dtrmn_trget_id,ua1_0.author_code,ua1_0.frst_register_id,ua1_0.frst_regist_pnttm,ua1_0.last_updusr_id,ua1_0.last_updt_pnttm,ua1_0.mber_ty_code from nemplyrscrtyestbs ua1_0 where ua1_0.scrty_dtrmn_trget_id=?
2026-03-16 17:00:11 [http-nio-8080-exec-5] DEBUG o.s.orm.jpa.JpaTransactionManager - Participating in existing transaction
2026-03-16 17:00:11 [http-nio-8080-exec-5] DEBUG org.hibernate.SQL - select ua1_0.scrty_dtrmn_trget_id,ua1_0.author_code,ua1_0.frst_register_id,ua1_0.frst_regist_pnttm,ua1_0.last_updusr_id,ua1_0.last_updt_pnttm,ua1_0.mber_ty_code from nemplyrscrtyestbs ua1_0 where ua1_0.scrty_dtrmn_trget_id=?
2026-03-16 17:00:11 [http-nio-8080-exec-2] DEBUG o.s.orm.jpa.JpaTransactionManager - Initiating transaction commit
2026-03-16 17:00:11 [http-nio-8080-exec-2] DEBUG o.s.orm.jpa.JpaTransactionManager - Committing JPA transaction on EntityManager [SessionImpl(133342438<open>)]
2026-03-16 17:00:11 [http-nio-8080-exec-6] DEBUG o.s.orm.jpa.JpaTransactionManager - Initiating transaction commit
2026-03-16 17:00:11 [http-nio-8080-exec-5] DEBUG o.s.orm.jpa.JpaTransactionManager - Initiating transaction commit
2026-03-16 17:00:11 [http-nio-8080-exec-3] DEBUG o.s.orm.jpa.JpaTransactionManager - Initiating transaction commit
2026-03-16 17:00:11 [http-nio-8080-exec-8] DEBUG o.s.orm.jpa.JpaTransactionManager - Initiating transaction commit
2026-03-16 17:00:11 [http-nio-8080-exec-6] DEBUG o.s.orm.jpa.JpaTransactionManager - Committing JPA transaction on EntityManager [SessionImpl(1224163804<open>)]
2026-03-16 17:00:11 [http-nio-8080-exec-5] DEBUG o.s.orm.jpa.JpaTransactionManager - Committing JPA transaction on EntityManager [SessionImpl(210986521<open>)]
2026-03-16 17:00:11 [http-nio-8080-exec-3] DEBUG o.s.orm.jpa.JpaTransactionManager - Committing JPA transaction on EntityManager [SessionImpl(1092794331<open>)]
2026-03-16 17:00:11 [http-nio-8080-exec-8] DEBUG o.s.orm.jpa.JpaTransactionManager - Committing JPA transaction on EntityManager [SessionImpl(100027284<open>)]
2026-03-16 17:00:11 [http-nio-8080-exec-2] DEBUG o.s.orm.jpa.JpaTransactionManager - Closing JPA EntityManager [SessionImpl(133342438<open>)] after transaction
2026-03-16 17:00:11 [http-nio-8080-exec-2] DEBUG c.c.p.s.jwt.JwtAuthenticationFilter - >>> [JwtFilter] Successfully authenticated user: USRCNFRM_99999999999, Authorities: [ROLE_ADMIN]
2026-03-16 17:00:11 [http-nio-8080-exec-2] DEBUG o.s.web.servlet.DispatcherServlet - GET "/api/v1/menu/left?menuNo=10", parameters={masked}
2026-03-16 17:00:11 [http-nio-8080-exec-2] TRACE o.s.w.s.m.m.a.RequestMappingHandlerMapping - Mapped to com.company.project.api.controller.menu.MenuController#getLeftMenu(Long)
2026-03-16 17:00:11 [http-nio-8080-exec-2] INFO  c.c.p.a.c.menu.MenuController - getLeftMenu called with menuNo=10
2026-03-16 17:00:11 [http-nio-8080-exec-2] DEBUG o.s.orm.jpa.JpaTransactionManager - Creating new transaction with name [com.company.project.service.menu.MenuService.getSubMenus]: PROPAGATION_REQUIRED,ISOLATION_DEFAULT,readOnly
2026-03-16 17:00:11 [http-nio-8080-exec-2] DEBUG o.s.orm.jpa.JpaTransactionManager - Opened new EntityManager [SessionImpl(1443331005<open>)] for JPA transaction
2026-03-16 17:00:11 [http-nio-8080-exec-2] DEBUG o.s.orm.jpa.JpaTransactionManager - Exposing JPA transaction as JDBC [org.springframework.orm.jpa.vendor.HibernateJpaDialect$HibernateConnectionHandle@15dee75f]
2026-03-16 17:00:11 [http-nio-8080-exec-2] DEBUG org.hibernate.SQL - select m1_0.menu_no,m1_0.menu_dc,m1_0.menu_nm,m1_0.menu_ordr,m1_0.modern_route,m1_0.progrm_file_nm,m1_0.relate_image_nm,m1_0.relate_image_path,m1_0.route_updated_at,m1_0.upper_menu_no from nmenuinfo m1_0 order by m1_0.upper_menu_no,m1_0.menu_ordr
2026-03-16 17:00:11 [http-nio-8080-exec-6] DEBUG o.s.orm.jpa.JpaTransactionManager - Closing JPA EntityManager [SessionImpl(1224163804<open>)] after transaction
2026-03-16 17:00:11 [http-nio-8080-exec-3] DEBUG o.s.orm.jpa.JpaTransactionManager - Closing JPA EntityManager [SessionImpl(1092794331<open>)] after transaction
2026-03-16 17:00:11 [http-nio-8080-exec-6] DEBUG c.c.p.s.jwt.JwtAuthenticationFilter - >>> [JwtFilter] Successfully authenticated user: USRCNFRM_99999999999, Authorities: [ROLE_ADMIN]
2026-03-16 17:00:11 [http-nio-8080-exec-3] DEBUG c.c.p.s.jwt.JwtAuthenticationFilter - >>> [JwtFilter] Successfully authenticated user: USRCNFRM_99999999999, Authorities: [ROLE_ADMIN]
2026-03-16 17:00:11 [http-nio-8080-exec-3] DEBUG o.s.web.servlet.DispatcherServlet - GET "/api/v1/menu/left?menuNo=40", parameters={masked}
2026-03-16 17:00:11 [http-nio-8080-exec-6] DEBUG o.s.web.servlet.DispatcherServlet - GET "/api/v1/menu/left?menuNo=20", parameters={masked}
2026-03-16 17:00:11 [http-nio-8080-exec-3] TRACE o.s.w.s.m.m.a.RequestMappingHandlerMapping - Mapped to com.company.project.api.controller.menu.MenuController#getLeftMenu(Long)
2026-03-16 17:00:11 [http-nio-8080-exec-6] TRACE o.s.w.s.m.m.a.RequestMappingHandlerMapping - Mapped to com.company.project.api.controller.menu.MenuController#getLeftMenu(Long)
2026-03-16 17:00:11 [http-nio-8080-exec-8] DEBUG o.s.orm.jpa.JpaTransactionManager - Closing JPA EntityManager [SessionImpl(100027284<open>)] after transaction
2026-03-16 17:00:11 [http-nio-8080-exec-8] DEBUG c.c.p.s.jwt.JwtAuthenticationFilter - >>> [JwtFilter] Successfully authenticated user: USRCNFRM_99999999999, Authorities: [ROLE_ADMIN]
2026-03-16 17:00:11 [http-nio-8080-exec-5] DEBUG o.s.orm.jpa.JpaTransactionManager - Closing JPA EntityManager [SessionImpl(210986521<open>)] after transaction
2026-03-16 17:00:11 [http-nio-8080-exec-5] DEBUG c.c.p.s.jwt.JwtAuthenticationFilter - >>> [JwtFilter] Successfully authenticated user: USRCNFRM_99999999999, Authorities: [ROLE_ADMIN]
2026-03-16 17:00:11 [http-nio-8080-exec-6] INFO  c.c.p.a.c.menu.MenuController - getLeftMenu called with menuNo=20
2026-03-16 17:00:11 [http-nio-8080-exec-3] INFO  c.c.p.a.c.menu.MenuController - getLeftMenu called with menuNo=40
2026-03-16 17:00:11 [http-nio-8080-exec-8] DEBUG o.s.web.servlet.DispatcherServlet - GET "/api/v1/menu/left?menuNo=50", parameters={masked}
2026-03-16 17:00:11 [http-nio-8080-exec-6] DEBUG o.s.orm.jpa.JpaTransactionManager - Creating new transaction with name [com.company.project.service.menu.MenuService.getSubMenus]: PROPAGATION_REQUIRED,ISOLATION_DEFAULT,readOnly
2026-03-16 17:00:11 [http-nio-8080-exec-5] DEBUG o.s.web.servlet.DispatcherServlet - GET "/api/v1/menu/left?menuNo=60", parameters={masked}
2026-03-16 17:00:11 [http-nio-8080-exec-3] DEBUG o.s.orm.jpa.JpaTransactionManager - Creating new transaction with name [com.company.project.service.menu.MenuService.getSubMenus]: PROPAGATION_REQUIRED,ISOLATION_DEFAULT,readOnly
2026-03-16 17:00:11 [http-nio-8080-exec-3] DEBUG o.s.orm.jpa.JpaTransactionManager - Opened new EntityManager [SessionImpl(400173542<open>)] for JPA transaction
2026-03-16 17:00:11 [http-nio-8080-exec-3] DEBUG o.s.orm.jpa.JpaTransactionManager - Exposing JPA transaction as JDBC [org.springframework.orm.jpa.vendor.HibernateJpaDialect$HibernateConnectionHandle@6c5b20e3]
2026-03-16 17:00:11 [http-nio-8080-exec-8] TRACE o.s.w.s.m.m.a.RequestMappingHandlerMapping - Mapped to com.company.project.api.controller.menu.MenuController#getLeftMenu(Long)
2026-03-16 17:00:11 [http-nio-8080-exec-6] DEBUG o.s.orm.jpa.JpaTransactionManager - Opened new EntityManager [SessionImpl(1775244789<open>)] for JPA transaction
2026-03-16 17:00:11 [http-nio-8080-exec-6] DEBUG o.s.orm.jpa.JpaTransactionManager - Exposing JPA transaction as JDBC [org.springframework.orm.jpa.vendor.HibernateJpaDialect$HibernateConnectionHandle@4cef6f28]
2026-03-16 17:00:11 [http-nio-8080-exec-8] INFO  c.c.p.a.c.menu.MenuController - getLeftMenu called with menuNo=50
2026-03-16 17:00:11 [http-nio-8080-exec-5] TRACE o.s.w.s.m.m.a.RequestMappingHandlerMapping - Mapped to com.company.project.api.controller.menu.MenuController#getLeftMenu(Long)
2026-03-16 17:00:11 [http-nio-8080-exec-8] DEBUG o.s.orm.jpa.JpaTransactionManager - Creating new transaction with name [com.company.project.service.menu.MenuService.getSubMenus]: PROPAGATION_REQUIRED,ISOLATION_DEFAULT,readOnly
2026-03-16 17:00:11 [http-nio-8080-exec-8] DEBUG o.s.orm.jpa.JpaTransactionManager - Opened new EntityManager [SessionImpl(367747527<open>)] for JPA transaction
2026-03-16 17:00:11 [http-nio-8080-exec-8] DEBUG o.s.orm.jpa.JpaTransactionManager - Exposing JPA transaction as JDBC [org.springframework.orm.jpa.vendor.HibernateJpaDialect$HibernateConnectionHandle@16a2ea7c]
2026-03-16 17:00:11 [http-nio-8080-exec-5] INFO  c.c.p.a.c.menu.MenuController - getLeftMenu called with menuNo=60
2026-03-16 17:00:11 [http-nio-8080-exec-3] DEBUG org.hibernate.SQL - select m1_0.menu_no,m1_0.menu_dc,m1_0.menu_nm,m1_0.menu_ordr,m1_0.modern_route,m1_0.progrm_file_nm,m1_0.relate_image_nm,m1_0.relate_image_path,m1_0.route_updated_at,m1_0.upper_menu_no from nmenuinfo m1_0 order by m1_0.upper_menu_no,m1_0.menu_ordr
2026-03-16 17:00:11 [http-nio-8080-exec-5] DEBUG o.s.orm.jpa.JpaTransactionManager - Creating new transaction with name [com.company.project.service.menu.MenuService.getSubMenus]: PROPAGATION_REQUIRED,ISOLATION_DEFAULT,readOnly
2026-03-16 17:00:11 [http-nio-8080-exec-5] DEBUG o.s.orm.jpa.JpaTransactionManager - Opened new EntityManager [SessionImpl(80172627<open>)] for JPA transaction
2026-03-16 17:00:11 [http-nio-8080-exec-6] DEBUG org.hibernate.SQL - select m1_0.menu_no,m1_0.menu_dc,m1_0.menu_nm,m1_0.menu_ordr,m1_0.modern_route,m1_0.progrm_file_nm,m1_0.relate_image_nm,m1_0.relate_image_path,m1_0.route_updated_at,m1_0.upper_menu_no from nmenuinfo m1_0 order by m1_0.upper_menu_no,m1_0.menu_ordr
2026-03-16 17:00:11 [http-nio-8080-exec-5] DEBUG o.s.orm.jpa.JpaTransactionManager - Exposing JPA transaction as JDBC [org.springframework.orm.jpa.vendor.HibernateJpaDialect$HibernateConnectionHandle@3bd7426c]
2026-03-16 17:00:11 [http-nio-8080-exec-8] DEBUG org.hibernate.SQL - select m1_0.menu_no,m1_0.menu_dc,m1_0.menu_nm,m1_0.menu_ordr,m1_0.modern_route,m1_0.progrm_file_nm,m1_0.relate_image_nm,m1_0.relate_image_path,m1_0.route_updated_at,m1_0.upper_menu_no from nmenuinfo m1_0 order by m1_0.upper_menu_no,m1_0.menu_ordr
2026-03-16 17:00:11 [http-nio-8080-exec-5] DEBUG org.hibernate.SQL - select m1_0.menu_no,m1_0.menu_dc,m1_0.menu_nm,m1_0.menu_ordr,m1_0.modern_route,m1_0.progrm_file_nm,m1_0.relate_image_nm,m1_0.relate_image_path,m1_0.route_updated_at,m1_0.upper_menu_no from nmenuinfo m1_0 order by m1_0.upper_menu_no,m1_0.menu_ordr
2026-03-16 17:00:11 [http-nio-8080-exec-2] DEBUG o.s.orm.jpa.JpaTransactionManager - Found thread-bound EntityManager [SessionImpl(1443331005<open>)] for JPA transaction
2026-03-16 17:00:11 [http-nio-8080-exec-2] DEBUG o.s.orm.jpa.JpaTransactionManager - Participating in existing transaction
2026-03-16 17:00:11 [http-nio-8080-exec-2] DEBUG org.hibernate.SQL - select p1_0.progrm_file_nm,p1_0.progrm_dc,p1_0.progrm_korean_nm,p1_0.progrm_stre_path,p1_0.url from nprogrmlist p1_0
2026-03-16 17:00:11 [http-nio-8080-exec-6] DEBUG o.s.orm.jpa.JpaTransactionManager - Found thread-bound EntityManager [SessionImpl(1775244789<open>)] for JPA transaction
2026-03-16 17:00:11 [http-nio-8080-exec-6] DEBUG o.s.orm.jpa.JpaTransactionManager - Participating in existing transaction
2026-03-16 17:00:11 [http-nio-8080-exec-6] DEBUG org.hibernate.SQL - select p1_0.progrm_file_nm,p1_0.progrm_dc,p1_0.progrm_korean_nm,p1_0.progrm_stre_path,p1_0.url from nprogrmlist p1_0
2026-03-16 17:00:11 [http-nio-8080-exec-8] DEBUG o.s.orm.jpa.JpaTransactionManager - Found thread-bound EntityManager [SessionImpl(367747527<open>)] for JPA transaction
2026-03-16 17:00:11 [http-nio-8080-exec-8] DEBUG o.s.orm.jpa.JpaTransactionManager - Participating in existing transaction
2026-03-16 17:00:11 [http-nio-8080-exec-8] DEBUG org.hibernate.SQL - select p1_0.progrm_file_nm,p1_0.progrm_dc,p1_0.progrm_korean_nm,p1_0.progrm_stre_path,p1_0.url from nprogrmlist p1_0
2026-03-16 17:00:11 [http-nio-8080-exec-5] DEBUG o.s.orm.jpa.JpaTransactionManager - Found thread-bound EntityManager [SessionImpl(80172627<open>)] for JPA transaction
2026-03-16 17:00:11 [http-nio-8080-exec-5] DEBUG o.s.orm.jpa.JpaTransactionManager - Participating in existing transaction
2026-03-16 17:00:11 [http-nio-8080-exec-5] DEBUG org.hibernate.SQL - select p1_0.progrm_file_nm,p1_0.progrm_dc,p1_0.progrm_korean_nm,p1_0.progrm_stre_path,p1_0.url from nprogrmlist p1_0
2026-03-16 17:00:11 [http-nio-8080-exec-3] DEBUG o.s.orm.jpa.JpaTransactionManager - Found thread-bound EntityManager [SessionImpl(400173542<open>)] for JPA transaction
2026-03-16 17:00:11 [http-nio-8080-exec-3] DEBUG o.s.orm.jpa.JpaTransactionManager - Participating in existing transaction
2026-03-16 17:00:11 [http-nio-8080-exec-3] DEBUG org.hibernate.SQL - select p1_0.progrm_file_nm,p1_0.progrm_dc,p1_0.progrm_korean_nm,p1_0.progrm_stre_path,p1_0.url from nprogrmlist p1_0
2026-03-16 17:00:12 [http-nio-8080-exec-2] DEBUG o.s.orm.jpa.JpaTransactionManager - Initiating transaction commit
2026-03-16 17:00:12 [http-nio-8080-exec-2] DEBUG o.s.orm.jpa.JpaTransactionManager - Committing JPA transaction on EntityManager [SessionImpl(1443331005<open>)]
2026-03-16 17:00:12 [http-nio-8080-exec-6] DEBUG o.s.orm.jpa.JpaTransactionManager - Initiating transaction commit
2026-03-16 17:00:12 [http-nio-8080-exec-6] DEBUG o.s.orm.jpa.JpaTransactionManager - Committing JPA transaction on EntityManager [SessionImpl(1775244789<open>)]
2026-03-16 17:00:12 [http-nio-8080-exec-8] DEBUG o.s.orm.jpa.JpaTransactionManager - Initiating transaction commit
2026-03-16 17:00:12 [http-nio-8080-exec-8] DEBUG o.s.orm.jpa.JpaTransactionManager - Committing JPA transaction on EntityManager [SessionImpl(367747527<open>)]
2026-03-16 17:00:12 [http-nio-8080-exec-5] DEBUG o.s.orm.jpa.JpaTransactionManager - Initiating transaction commit
2026-03-16 17:00:12 [http-nio-8080-exec-5] DEBUG o.s.orm.jpa.JpaTransactionManager - Committing JPA transaction on EntityManager [SessionImpl(80172627<open>)]
2026-03-16 17:00:12 [http-nio-8080-exec-3] DEBUG o.s.orm.jpa.JpaTransactionManager - Initiating transaction commit
2026-03-16 17:00:12 [http-nio-8080-exec-3] DEBUG o.s.orm.jpa.JpaTransactionManager - Committing JPA transaction on EntityManager [SessionImpl(400173542<open>)]
2026-03-16 17:00:12 [http-nio-8080-exec-2] DEBUG o.s.orm.jpa.JpaTransactionManager - Closing JPA EntityManager [SessionImpl(1443331005<open>)] after transaction
2026-03-16 17:00:12 [http-nio-8080-exec-2] INFO  c.c.p.a.c.menu.MenuController - getLeftMenu returned 5 items
2026-03-16 17:00:12 [http-nio-8080-exec-2] DEBUG o.s.w.s.m.m.a.HttpEntityMethodProcessor - Using 'application/json', given [application/json, text/plain, */*] and supported [application/json, application/*+json, application/yaml]
2026-03-16 17:00:12 [http-nio-8080-exec-2] TRACE o.s.w.s.m.m.a.HttpEntityMethodProcessor - Writing [ApiResponse[success=true, status=200, code=COMMON_001, message=Success, data={list=[com.company.project.service.menu.dto.MenuDto@746a1bf6, com.company.project.service.menu.dto.MenuDto@50714d7, com.company.project.service.menu.dto.MenuDto@576350b2, com.company.project.service.menu.dto.MenuDto@1cac885, com.company.project.service.menu.dto.MenuDto@25dbc6e1]}, timestamp=2026-03-16T17:00:12.176348]]
2026-03-16 17:00:12 [http-nio-8080-exec-2] INFO  c.c.p.a.i.OperationalAuditInterceptor - API Audit Log: URL=/api/v1/menu/left, User=webmaster, IP=0:0:0:0:0:0:0:1
2026-03-16 17:00:12 [http-nio-8080-exec-2] DEBUG o.s.web.servlet.DispatcherServlet - Completed 200 OK
2026-03-16 17:00:12 [http-nio-8080-exec-6] DEBUG o.s.orm.jpa.JpaTransactionManager - Closing JPA EntityManager [SessionImpl(1775244789<open>)] after transaction
2026-03-16 17:00:12 [http-nio-8080-exec-6] INFO  c.c.p.a.c.menu.MenuController - getLeftMenu returned 3 items
2026-03-16 17:00:12 [http-nio-8080-exec-6] DEBUG o.s.w.s.m.m.a.HttpEntityMethodProcessor - Using 'application/json', given [application/json, text/plain, */*] and supported [application/json, application/*+json, application/yaml]
2026-03-16 17:00:12 [http-nio-8080-exec-6] TRACE o.s.w.s.m.m.a.HttpEntityMethodProcessor - Writing [ApiResponse[success=true, status=200, code=COMMON_001, message=Success, data={list=[com.company.project.service.menu.dto.MenuDto@1cf53b77, com.company.project.service.menu.dto.MenuDto@3fb1fd3, com.company.project.service.menu.dto.MenuDto@209b88a1]}, timestamp=2026-03-16T17:00:12.227478400]]
2026-03-16 17:00:12 [http-nio-8080-exec-6] INFO  c.c.p.a.i.OperationalAuditInterceptor - API Audit Log: URL=/api/v1/menu/left, User=webmaster, IP=0:0:0:0:0:0:0:1
2026-03-16 17:00:12 [http-nio-8080-exec-6] DEBUG o.s.web.servlet.DispatcherServlet - Completed 200 OK
2026-03-16 17:00:12 [http-nio-8080-exec-5] DEBUG o.s.orm.jpa.JpaTransactionManager - Closing JPA EntityManager [SessionImpl(80172627<open>)] after transaction
2026-03-16 17:00:12 [http-nio-8080-exec-5] INFO  c.c.p.a.c.menu.MenuController - getLeftMenu returned 1 items
2026-03-16 17:00:12 [http-nio-8080-exec-8] DEBUG o.s.orm.jpa.JpaTransactionManager - Closing JPA EntityManager [SessionImpl(367747527<open>)] after transaction
2026-03-16 17:00:12 [http-nio-8080-exec-5] DEBUG o.s.w.s.m.m.a.HttpEntityMethodProcessor - Using 'application/json', given [application/json, text/plain, */*] and supported [application/json, application/*+json, application/yaml]
2026-03-16 17:00:12 [http-nio-8080-exec-8] INFO  c.c.p.a.c.menu.MenuController - getLeftMenu returned 3 items
2026-03-16 17:00:12 [http-nio-8080-exec-5] TRACE o.s.w.s.m.m.a.HttpEntityMethodProcessor - Writing [ApiResponse[success=true, status=200, code=COMMON_001, message=Success, data={list=[com.company.project.service.menu.dto.MenuDto@4495de2c]}, timestamp=2026-03-16T17:00:12.230183400]]
2026-03-16 17:00:12 [http-nio-8080-exec-8] DEBUG o.s.w.s.m.m.a.HttpEntityMethodProcessor - Using 'application/json', given [application/json, text/plain, */*] and supported [application/json, application/*+json, application/yaml]
2026-03-16 17:00:12 [http-nio-8080-exec-8] TRACE o.s.w.s.m.m.a.HttpEntityMethodProcessor - Writing [ApiResponse[success=true, status=200, code=COMMON_001, message=Success, data={list=[com.company.project.service.menu.dto.MenuDto@1bcbdfe9, com.company.project.service.menu.dto.MenuDto@6fd792c3, com.company.project.service.menu.dto.MenuDto@5b27132b]}, timestamp=2026-03-16T17:00:12.230183400]]
2026-03-16 17:00:12 [http-nio-8080-exec-5] INFO  c.c.p.a.i.OperationalAuditInterceptor - API Audit Log: URL=/api/v1/menu/left, User=webmaster, IP=0:0:0:0:0:0:0:1
2026-03-16 17:00:12 [http-nio-8080-exec-5] DEBUG o.s.web.servlet.DispatcherServlet - Completed 200 OK
2026-03-16 17:00:12 [http-nio-8080-exec-8] INFO  c.c.p.a.i.OperationalAuditInterceptor - API Audit Log: URL=/api/v1/menu/left, User=webmaster, IP=0:0:0:0:0:0:0:1
2026-03-16 17:00:12 [http-nio-8080-exec-8] DEBUG o.s.web.servlet.DispatcherServlet - Completed 200 OK
2026-03-16 17:00:12 [http-nio-8080-exec-3] DEBUG o.s.orm.jpa.JpaTransactionManager - Closing JPA EntityManager [SessionImpl(400173542<open>)] after transaction
2026-03-16 17:00:12 [http-nio-8080-exec-3] INFO  c.c.p.a.c.menu.MenuController - getLeftMenu returned 2 items
2026-03-16 17:00:12 [http-nio-8080-exec-3] DEBUG o.s.w.s.m.m.a.HttpEntityMethodProcessor - Using 'application/json', given [application/json, text/plain, */*] and supported [application/json, application/*+json, application/yaml]
2026-03-16 17:00:12 [http-nio-8080-exec-3] TRACE o.s.w.s.m.m.a.HttpEntityMethodProcessor - Writing [ApiResponse[success=true, status=200, code=COMMON_001, message=Success, data={list=[com.company.project.service.menu.dto.MenuDto@25507463, com.company.project.service.menu.dto.MenuDto@3eed30f7]}, timestamp=2026-03-16T17:00:12.234188900]]
2026-03-16 17:00:12 [http-nio-8080-exec-3] INFO  c.c.p.a.i.OperationalAuditInterceptor - API Audit Log: URL=/api/v1/menu/left, User=webmaster, IP=0:0:0:0:0:0:0:1
2026-03-16 17:00:12 [http-nio-8080-exec-3] DEBUG o.s.web.servlet.DispatcherServlet - Completed 200 OK
2026-03-16 17:00:12 [http-nio-8080-exec-7] DEBUG o.s.w.s.h.LoggingWebSocketHandlerDecorator - WebSocketServerSockJsSession[id=yvcp0ru1] closed with CloseStatus[code=1000, reason=null]
2026-03-16 17:00:12 [http-nio-8080-exec-7] DEBUG o.s.w.s.m.SubProtocolWebSocketHandler - Clearing session yvcp0ru1
2026-03-16 17:00:12 [scheduling-1] DEBUG org.springframework.web.SimpLogging - Processing DISCONNECT session=yvcp0ru1
2026-03-16 17:00:12 [scheduling-1] DEBUG o.s.w.s.m.SubProtocolWebSocketHandler - No session for GenericMessage [payload=byte[0], headers={simpMessageType=DISCONNECT_ACK, simpDisconnectMessage=GenericMessage [payload=byte[0], headers={simpMessageType=DISCONNECT, stompCommand=DISCONNECT, simpSessionAttributes={org.springframework.messaging.simp.SimpAttributes.COMPLETED=true}, simpSessionId=yvcp0ru1}], simpSessionId=yvcp0ru1}]
2026-03-16 17:00:12 [http-nio-8080-exec-10] DEBUG c.c.p.s.jwt.JwtAuthenticationFilter - >>> [JwtFilter] Processing request: GET /api/v1/menu/head
2026-03-16 17:00:12 [http-nio-8080-exec-10] DEBUG c.c.p.s.jwt.JwtAuthenticationFilter - >>> [JwtFilter] Found token in header for path: /api/v1/menu/head
2026-03-16 17:00:12 [http-nio-8080-exec-10] DEBUG o.s.orm.jpa.JpaTransactionManager - Creating new transaction with name [com.company.project.security.iam.CustomUserDetailsService.loadUserByUsername]: PROPAGATION_REQUIRED,ISOLATION_DEFAULT,readOnly
2026-03-16 17:00:12 [http-nio-8080-exec-10] DEBUG o.s.orm.jpa.JpaTransactionManager - Opened new EntityManager [SessionImpl(260940452<open>)] for JPA transaction
2026-03-16 17:00:13 [http-nio-8080-exec-10] DEBUG o.s.orm.jpa.JpaTransactionManager - Exposing JPA transaction as JDBC [org.springframework.orm.jpa.vendor.HibernateJpaDialect$HibernateConnectionHandle@5a488937]
2026-03-16 17:00:13 [http-nio-8080-exec-10] DEBUG o.s.orm.jpa.JpaTransactionManager - Found thread-bound EntityManager [SessionImpl(260940452<open>)] for JPA transaction
2026-03-16 17:00:13 [http-nio-8080-exec-10] DEBUG o.s.orm.jpa.JpaTransactionManager - Participating in existing transaction
2026-03-16 17:00:13 [http-nio-8080-exec-10] DEBUG org.hibernate.SQL - select u1_0.emplyr_id,u1_0.area_no,u1_0.brthdy,u1_0.chg_pwd_cnt,u1_0.frst_register_id,u1_0.frst_regist_pnttm,u1_0.detail_adres,u1_0.email_adres,u1_0.emplyr_sttus_code,u1_0.empl_no,u1_0.esntl_id,u1_0.fxnum,u1_0.group_id,u1_0.house_adres,u1_0.house_end_telno,u1_0.house_middle_telno,u1_0.ihidnum,u1_0.pstinst_code,u1_0.last_updusr_id,u1_0.last_updt_pnttm,u1_0.lock_at,u1_0.lock_cnt,u1_0.lock_last_pnttm,u1_0.mbtlnum,u1_0.ofcps_nm,u1_0.offm_telno,u1_0.orgnzt_id,u1_0.password,u1_0.password_cnsr,u1_0.password_hint,u1_0.chg_pwd_last_pnttm,u1_0.role,u1_0.sbscrb_de,u1_0.sexdstn_code,u1_0.crtfc_dn_value,u1_0.user_nm,u1_0.zip from nemplyrinfo u1_0 where u1_0.emplyr_id=?
2026-03-16 17:00:13 [http-nio-8080-exec-10] DEBUG o.s.orm.jpa.JpaTransactionManager - Found thread-bound EntityManager [SessionImpl(260940452<open>)] for JPA transaction
2026-03-16 17:00:13 [http-nio-8080-exec-10] DEBUG o.s.orm.jpa.JpaTransactionManager - Participating in existing transaction
2026-03-16 17:00:13 [http-nio-8080-exec-10] DEBUG org.hibernate.SQL - select ua1_0.scrty_dtrmn_trget_id,ua1_0.author_code,ua1_0.frst_register_id,ua1_0.frst_regist_pnttm,ua1_0.last_updusr_id,ua1_0.last_updt_pnttm,ua1_0.mber_ty_code from nemplyrscrtyestbs ua1_0 where ua1_0.scrty_dtrmn_trget_id=?
2026-03-16 17:00:13 [http-nio-8080-exec-10] DEBUG o.s.orm.jpa.JpaTransactionManager - Initiating transaction commit
2026-03-16 17:00:13 [http-nio-8080-exec-10] DEBUG o.s.orm.jpa.JpaTransactionManager - Committing JPA transaction on EntityManager [SessionImpl(260940452<open>)]
2026-03-16 17:00:13 [http-nio-8080-exec-10] DEBUG o.s.orm.jpa.JpaTransactionManager - Closing JPA EntityManager [SessionImpl(260940452<open>)] after transaction
2026-03-16 17:00:13 [http-nio-8080-exec-10] DEBUG c.c.p.s.jwt.JwtAuthenticationFilter - >>> [JwtFilter] Successfully authenticated user: USRCNFRM_99999999999, Authorities: [ROLE_ADMIN]
2026-03-16 17:00:13 [http-nio-8080-exec-10] DEBUG o.s.web.servlet.DispatcherServlet - GET "/api/v1/menu/head", parameters={}
2026-03-16 17:00:13 [http-nio-8080-exec-10] TRACE o.s.w.s.m.m.a.RequestMappingHandlerMapping - Mapped to com.company.project.api.controller.menu.MenuController#getHeadMenu()
2026-03-16 17:00:13 [http-nio-8080-exec-10] INFO  c.c.p.a.c.menu.MenuController - getHeadMenu called
2026-03-16 17:00:13 [http-nio-8080-exec-10] INFO  c.c.p.a.c.menu.MenuController - getHeadMenu returned 5 items
2026-03-16 17:00:13 [http-nio-8080-exec-10] DEBUG o.s.w.s.m.m.a.HttpEntityMethodProcessor - Using 'application/json', given [application/json, text/plain, */*] and supported [application/json, application/*+json, application/yaml]
2026-03-16 17:00:13 [http-nio-8080-exec-10] TRACE o.s.w.s.m.m.a.HttpEntityMethodProcessor - Writing [ApiResponse[success=true, status=200, code=COMMON_001, message=Success, data={list=[com.company.project.service.menu.dto.MenuDto@2b80d6b0, com.company.project.service.menu.dto.MenuDto@1418cfa3, com.company.project.service.menu.dto.MenuDto@f230bf1, com.company.project.service.menu.dto.MenuDto@734a7f6a, com.company.project.service.menu.dto.MenuDto@5e5202e5]}, timestamp=2026-03-16T17:00:13.612543600]]
2026-03-16 17:00:13 [http-nio-8080-exec-10] INFO  c.c.p.a.i.OperationalAuditInterceptor - API Audit Log: URL=/api/v1/menu/head, User=webmaster, IP=0:0:0:0:0:0:0:1
2026-03-16 17:00:13 [http-nio-8080-exec-10] DEBUG o.s.web.servlet.DispatcherServlet - Completed 200 OK
2026-03-16 17:00:13 [http-nio-8080-exec-2] DEBUG c.c.p.s.jwt.JwtAuthenticationFilter - >>> [JwtFilter] Processing request: GET /api/v1/menu/left
2026-03-16 17:00:13 [http-nio-8080-exec-4] DEBUG c.c.p.s.jwt.JwtAuthenticationFilter - >>> [JwtFilter] Processing request: GET /api/v1/menu/left
2026-03-16 17:00:13 [http-nio-8080-exec-1] DEBUG c.c.p.s.jwt.JwtAuthenticationFilter - >>> [JwtFilter] Processing request: GET /api/v1/menu/left
2026-03-16 17:00:13 [http-nio-8080-exec-6] DEBUG c.c.p.s.jwt.JwtAuthenticationFilter - >>> [JwtFilter] Processing request: GET /api/v1/menu/left
2026-03-16 17:00:13 [http-nio-8080-exec-2] DEBUG c.c.p.s.jwt.JwtAuthenticationFilter - >>> [JwtFilter] Found token in header for path: /api/v1/menu/left
2026-03-16 17:00:13 [http-nio-8080-exec-6] DEBUG c.c.p.s.jwt.JwtAuthenticationFilter - >>> [JwtFilter] Found token in header for path: /api/v1/menu/left
2026-03-16 17:00:13 [http-nio-8080-exec-5] DEBUG c.c.p.s.jwt.JwtAuthenticationFilter - >>> [JwtFilter] Processing request: GET /api/v1/menu/left
2026-03-16 17:00:13 [http-nio-8080-exec-1] DEBUG c.c.p.s.jwt.JwtAuthenticationFilter - >>> [JwtFilter] Found token in header for path: /api/v1/menu/left
2026-03-16 17:00:13 [http-nio-8080-exec-5] DEBUG c.c.p.s.jwt.JwtAuthenticationFilter - >>> [JwtFilter] Found token in header for path: /api/v1/menu/left
2026-03-16 17:00:13 [http-nio-8080-exec-2] DEBUG o.s.orm.jpa.JpaTransactionManager - Creating new transaction with name [com.company.project.security.iam.CustomUserDetailsService.loadUserByUsername]: PROPAGATION_REQUIRED,ISOLATION_DEFAULT,readOnly
2026-03-16 17:00:13 [http-nio-8080-exec-2] DEBUG o.s.orm.jpa.JpaTransactionManager - Opened new EntityManager [SessionImpl(415747873<open>)] for JPA transaction
2026-03-16 17:00:13 [http-nio-8080-exec-6] DEBUG o.s.orm.jpa.JpaTransactionManager - Creating new transaction with name [com.company.project.security.iam.CustomUserDetailsService.loadUserByUsername]: PROPAGATION_REQUIRED,ISOLATION_DEFAULT,readOnly
2026-03-16 17:00:13 [http-nio-8080-exec-6] DEBUG o.s.orm.jpa.JpaTransactionManager - Opened new EntityManager [SessionImpl(227667178<open>)] for JPA transaction
2026-03-16 17:00:13 [http-nio-8080-exec-1] DEBUG o.s.orm.jpa.JpaTransactionManager - Creating new transaction with name [com.company.project.security.iam.CustomUserDetailsService.loadUserByUsername]: PROPAGATION_REQUIRED,ISOLATION_DEFAULT,readOnly
2026-03-16 17:00:13 [http-nio-8080-exec-5] DEBUG o.s.orm.jpa.JpaTransactionManager - Creating new transaction with name [com.company.project.security.iam.CustomUserDetailsService.loadUserByUsername]: PROPAGATION_REQUIRED,ISOLATION_DEFAULT,readOnly
2026-03-16 17:00:13 [http-nio-8080-exec-1] DEBUG o.s.orm.jpa.JpaTransactionManager - Opened new EntityManager [SessionImpl(731484865<open>)] for JPA transaction
2026-03-16 17:00:13 [http-nio-8080-exec-4] DEBUG c.c.p.s.jwt.JwtAuthenticationFilter - >>> [JwtFilter] Found token in header for path: /api/v1/menu/left
2026-03-16 17:00:13 [http-nio-8080-exec-5] DEBUG o.s.orm.jpa.JpaTransactionManager - Opened new EntityManager [SessionImpl(2060999761<open>)] for JPA transaction
2026-03-16 17:00:13 [http-nio-8080-exec-4] DEBUG o.s.orm.jpa.JpaTransactionManager - Creating new transaction with name [com.company.project.security.iam.CustomUserDetailsService.loadUserByUsername]: PROPAGATION_REQUIRED,ISOLATION_DEFAULT,readOnly
2026-03-16 17:00:13 [http-nio-8080-exec-4] DEBUG o.s.orm.jpa.JpaTransactionManager - Opened new EntityManager [SessionImpl(301694317<open>)] for JPA transaction
2026-03-16 17:00:13 [http-nio-8080-exec-1] DEBUG o.s.orm.jpa.JpaTransactionManager - Exposing JPA transaction as JDBC [org.springframework.orm.jpa.vendor.HibernateJpaDialect$HibernateConnectionHandle@8e1e6ed]
2026-03-16 17:00:13 [http-nio-8080-exec-2] DEBUG o.s.orm.jpa.JpaTransactionManager - Exposing JPA transaction as JDBC [org.springframework.orm.jpa.vendor.HibernateJpaDialect$HibernateConnectionHandle@55ecfa4b]
2026-03-16 17:00:13 [http-nio-8080-exec-1] DEBUG o.s.orm.jpa.JpaTransactionManager - Found thread-bound EntityManager [SessionImpl(731484865<open>)] for JPA transaction
2026-03-16 17:00:13 [http-nio-8080-exec-1] DEBUG o.s.orm.jpa.JpaTransactionManager - Participating in existing transaction
2026-03-16 17:00:13 [http-nio-8080-exec-2] DEBUG o.s.orm.jpa.JpaTransactionManager - Found thread-bound EntityManager [SessionImpl(415747873<open>)] for JPA transaction
2026-03-16 17:00:13 [http-nio-8080-exec-2] DEBUG o.s.orm.jpa.JpaTransactionManager - Participating in existing transaction
2026-03-16 17:00:13 [http-nio-8080-exec-1] DEBUG org.hibernate.SQL - select u1_0.emplyr_id,u1_0.area_no,u1_0.brthdy,u1_0.chg_pwd_cnt,u1_0.frst_register_id,u1_0.frst_regist_pnttm,u1_0.detail_adres,u1_0.email_adres,u1_0.emplyr_sttus_code,u1_0.empl_no,u1_0.esntl_id,u1_0.fxnum,u1_0.group_id,u1_0.house_adres,u1_0.house_end_telno,u1_0.house_middle_telno,u1_0.ihidnum,u1_0.pstinst_code,u1_0.last_updusr_id,u1_0.last_updt_pnttm,u1_0.lock_at,u1_0.lock_cnt,u1_0.lock_last_pnttm,u1_0.mbtlnum,u1_0.ofcps_nm,u1_0.offm_telno,u1_0.orgnzt_id,u1_0.password,u1_0.password_cnsr,u1_0.password_hint,u1_0.chg_pwd_last_pnttm,u1_0.role,u1_0.sbscrb_de,u1_0.sexdstn_code,u1_0.crtfc_dn_value,u1_0.user_nm,u1_0.zip from nemplyrinfo u1_0 where u1_0.emplyr_id=?
2026-03-16 17:00:13 [http-nio-8080-exec-2] DEBUG org.hibernate.SQL - select u1_0.emplyr_id,u1_0.area_no,u1_0.brthdy,u1_0.chg_pwd_cnt,u1_0.frst_register_id,u1_0.frst_regist_pnttm,u1_0.detail_adres,u1_0.email_adres,u1_0.emplyr_sttus_code,u1_0.empl_no,u1_0.esntl_id,u1_0.fxnum,u1_0.group_id,u1_0.house_adres,u1_0.house_end_telno,u1_0.house_middle_telno,u1_0.ihidnum,u1_0.pstinst_code,u1_0.last_updusr_id,u1_0.last_updt_pnttm,u1_0.lock_at,u1_0.lock_cnt,u1_0.lock_last_pnttm,u1_0.mbtlnum,u1_0.ofcps_nm,u1_0.offm_telno,u1_0.orgnzt_id,u1_0.password,u1_0.password_cnsr,u1_0.password_hint,u1_0.chg_pwd_last_pnttm,u1_0.role,u1_0.sbscrb_de,u1_0.sexdstn_code,u1_0.crtfc_dn_value,u1_0.user_nm,u1_0.zip from nemplyrinfo u1_0 where u1_0.emplyr_id=?
2026-03-16 17:00:13 [http-nio-8080-exec-4] DEBUG o.s.orm.jpa.JpaTransactionManager - Exposing JPA transaction as JDBC [org.springframework.orm.jpa.vendor.HibernateJpaDialect$HibernateConnectionHandle@7b56a13d]
2026-03-16 17:00:13 [http-nio-8080-exec-4] DEBUG o.s.orm.jpa.JpaTransactionManager - Found thread-bound EntityManager [SessionImpl(301694317<open>)] for JPA transaction
2026-03-16 17:00:13 [http-nio-8080-exec-4] DEBUG o.s.orm.jpa.JpaTransactionManager - Participating in existing transaction
2026-03-16 17:00:13 [http-nio-8080-exec-6] DEBUG o.s.orm.jpa.JpaTransactionManager - Exposing JPA transaction as JDBC [org.springframework.orm.jpa.vendor.HibernateJpaDialect$HibernateConnectionHandle@388a50ac]
2026-03-16 17:00:13 [http-nio-8080-exec-4] DEBUG org.hibernate.SQL - select u1_0.emplyr_id,u1_0.area_no,u1_0.brthdy,u1_0.chg_pwd_cnt,u1_0.frst_register_id,u1_0.frst_regist_pnttm,u1_0.detail_adres,u1_0.email_adres,u1_0.emplyr_sttus_code,u1_0.empl_no,u1_0.esntl_id,u1_0.fxnum,u1_0.group_id,u1_0.house_adres,u1_0.house_end_telno,u1_0.house_middle_telno,u1_0.ihidnum,u1_0.pstinst_code,u1_0.last_updusr_id,u1_0.last_updt_pnttm,u1_0.lock_at,u1_0.lock_cnt,u1_0.lock_last_pnttm,u1_0.mbtlnum,u1_0.ofcps_nm,u1_0.offm_telno,u1_0.orgnzt_id,u1_0.password,u1_0.password_cnsr,u1_0.password_hint,u1_0.chg_pwd_last_pnttm,u1_0.role,u1_0.sbscrb_de,u1_0.sexdstn_code,u1_0.crtfc_dn_value,u1_0.user_nm,u1_0.zip from nemplyrinfo u1_0 where u1_0.emplyr_id=?
2026-03-16 17:00:13 [http-nio-8080-exec-6] DEBUG o.s.orm.jpa.JpaTransactionManager - Found thread-bound EntityManager [SessionImpl(227667178<open>)] for JPA transaction
2026-03-16 17:00:13 [http-nio-8080-exec-6] DEBUG o.s.orm.jpa.JpaTransactionManager - Participating in existing transaction
2026-03-16 17:00:13 [http-nio-8080-exec-6] DEBUG org.hibernate.SQL - select u1_0.emplyr_id,u1_0.area_no,u1_0.brthdy,u1_0.chg_pwd_cnt,u1_0.frst_register_id,u1_0.frst_regist_pnttm,u1_0.detail_adres,u1_0.email_adres,u1_0.emplyr_sttus_code,u1_0.empl_no,u1_0.esntl_id,u1_0.fxnum,u1_0.group_id,u1_0.house_adres,u1_0.house_end_telno,u1_0.house_middle_telno,u1_0.ihidnum,u1_0.pstinst_code,u1_0.last_updusr_id,u1_0.last_updt_pnttm,u1_0.lock_at,u1_0.lock_cnt,u1_0.lock_last_pnttm,u1_0.mbtlnum,u1_0.ofcps_nm,u1_0.offm_telno,u1_0.orgnzt_id,u1_0.password,u1_0.password_cnsr,u1_0.password_hint,u1_0.chg_pwd_last_pnttm,u1_0.role,u1_0.sbscrb_de,u1_0.sexdstn_code,u1_0.crtfc_dn_value,u1_0.user_nm,u1_0.zip from nemplyrinfo u1_0 where u1_0.emplyr_id=?
2026-03-16 17:00:13 [http-nio-8080-exec-5] DEBUG o.s.orm.jpa.JpaTransactionManager - Exposing JPA transaction as JDBC [org.springframework.orm.jpa.vendor.HibernateJpaDialect$HibernateConnectionHandle@664ef16c]
2026-03-16 17:00:13 [http-nio-8080-exec-5] DEBUG o.s.orm.jpa.JpaTransactionManager - Found thread-bound EntityManager [SessionImpl(2060999761<open>)] for JPA transaction
2026-03-16 17:00:13 [http-nio-8080-exec-5] DEBUG o.s.orm.jpa.JpaTransactionManager - Participating in existing transaction
2026-03-16 17:00:13 [http-nio-8080-exec-5] DEBUG org.hibernate.SQL - select u1_0.emplyr_id,u1_0.area_no,u1_0.brthdy,u1_0.chg_pwd_cnt,u1_0.frst_register_id,u1_0.frst_regist_pnttm,u1_0.detail_adres,u1_0.email_adres,u1_0.emplyr_sttus_code,u1_0.empl_no,u1_0.esntl_id,u1_0.fxnum,u1_0.group_id,u1_0.house_adres,u1_0.house_end_telno,u1_0.house_middle_telno,u1_0.ihidnum,u1_0.pstinst_code,u1_0.last_updusr_id,u1_0.last_updt_pnttm,u1_0.lock_at,u1_0.lock_cnt,u1_0.lock_last_pnttm,u1_0.mbtlnum,u1_0.ofcps_nm,u1_0.offm_telno,u1_0.orgnzt_id,u1_0.password,u1_0.password_cnsr,u1_0.password_hint,u1_0.chg_pwd_last_pnttm,u1_0.role,u1_0.sbscrb_de,u1_0.sexdstn_code,u1_0.crtfc_dn_value,u1_0.user_nm,u1_0.zip from nemplyrinfo u1_0 where u1_0.emplyr_id=?
2026-03-16 17:00:13 [http-nio-8080-exec-1] DEBUG o.s.orm.jpa.JpaTransactionManager - Found thread-bound EntityManager [SessionImpl(731484865<open>)] for JPA transaction
2026-03-16 17:00:13 [http-nio-8080-exec-1] DEBUG o.s.orm.jpa.JpaTransactionManager - Participating in existing transaction
2026-03-16 17:00:13 [http-nio-8080-exec-1] DEBUG org.hibernate.SQL - select ua1_0.scrty_dtrmn_trget_id,ua1_0.author_code,ua1_0.frst_register_id,ua1_0.frst_regist_pnttm,ua1_0.last_updusr_id,ua1_0.last_updt_pnttm,ua1_0.mber_ty_code from nemplyrscrtyestbs ua1_0 where ua1_0.scrty_dtrmn_trget_id=?
2026-03-16 17:00:13 [http-nio-8080-exec-2] DEBUG o.s.orm.jpa.JpaTransactionManager - Found thread-bound EntityManager [SessionImpl(415747873<open>)] for JPA transaction
2026-03-16 17:00:13 [http-nio-8080-exec-2] DEBUG o.s.orm.jpa.JpaTransactionManager - Participating in existing transaction
2026-03-16 17:00:13 [http-nio-8080-exec-2] DEBUG org.hibernate.SQL - select ua1_0.scrty_dtrmn_trget_id,ua1_0.author_code,ua1_0.frst_register_id,ua1_0.frst_regist_pnttm,ua1_0.last_updusr_id,ua1_0.last_updt_pnttm,ua1_0.mber_ty_code from nemplyrscrtyestbs ua1_0 where ua1_0.scrty_dtrmn_trget_id=?
2026-03-16 17:00:13 [http-nio-8080-exec-4] DEBUG o.s.orm.jpa.JpaTransactionManager - Found thread-bound EntityManager [SessionImpl(301694317<open>)] for JPA transaction
2026-03-16 17:00:13 [http-nio-8080-exec-4] DEBUG o.s.orm.jpa.JpaTransactionManager - Participating in existing transaction
2026-03-16 17:00:13 [http-nio-8080-exec-4] DEBUG org.hibernate.SQL - select ua1_0.scrty_dtrmn_trget_id,ua1_0.author_code,ua1_0.frst_register_id,ua1_0.frst_regist_pnttm,ua1_0.last_updusr_id,ua1_0.last_updt_pnttm,ua1_0.mber_ty_code from nemplyrscrtyestbs ua1_0 where ua1_0.scrty_dtrmn_trget_id=?
2026-03-16 17:00:13 [http-nio-8080-exec-6] DEBUG o.s.orm.jpa.JpaTransactionManager - Found thread-bound EntityManager [SessionImpl(227667178<open>)] for JPA transaction
2026-03-16 17:00:13 [http-nio-8080-exec-6] DEBUG o.s.orm.jpa.JpaTransactionManager - Participating in existing transaction
2026-03-16 17:00:13 [http-nio-8080-exec-6] DEBUG org.hibernate.SQL - select ua1_0.scrty_dtrmn_trget_id,ua1_0.author_code,ua1_0.frst_register_id,ua1_0.frst_regist_pnttm,ua1_0.last_updusr_id,ua1_0.last_updt_pnttm,ua1_0.mber_ty_code from nemplyrscrtyestbs ua1_0 where ua1_0.scrty_dtrmn_trget_id=?
2026-03-16 17:00:13 [http-nio-8080-exec-5] DEBUG o.s.orm.jpa.JpaTransactionManager - Found thread-bound EntityManager [SessionImpl(2060999761<open>)] for JPA transaction
2026-03-16 17:00:13 [http-nio-8080-exec-5] DEBUG o.s.orm.jpa.JpaTransactionManager - Participating in existing transaction
2026-03-16 17:00:13 [http-nio-8080-exec-5] DEBUG org.hibernate.SQL - select ua1_0.scrty_dtrmn_trget_id,ua1_0.author_code,ua1_0.frst_register_id,ua1_0.frst_regist_pnttm,ua1_0.last_updusr_id,ua1_0.last_updt_pnttm,ua1_0.mber_ty_code from nemplyrscrtyestbs ua1_0 where ua1_0.scrty_dtrmn_trget_id=?
2026-03-16 17:00:14 [http-nio-8080-exec-1] DEBUG o.s.orm.jpa.JpaTransactionManager - Initiating transaction commit
2026-03-16 17:00:14 [http-nio-8080-exec-1] DEBUG o.s.orm.jpa.JpaTransactionManager - Committing JPA transaction on EntityManager [SessionImpl(731484865<open>)]
2026-03-16 17:00:14 [http-nio-8080-exec-4] DEBUG o.s.orm.jpa.JpaTransactionManager - Initiating transaction commit
2026-03-16 17:00:14 [http-nio-8080-exec-4] DEBUG o.s.orm.jpa.JpaTransactionManager - Committing JPA transaction on EntityManager [SessionImpl(301694317<open>)]
2026-03-16 17:00:14 [http-nio-8080-exec-2] DEBUG o.s.orm.jpa.JpaTransactionManager - Initiating transaction commit
2026-03-16 17:00:14 [http-nio-8080-exec-2] DEBUG o.s.orm.jpa.JpaTransactionManager - Committing JPA transaction on EntityManager [SessionImpl(415747873<open>)]
2026-03-16 17:00:14 [http-nio-8080-exec-6] DEBUG o.s.orm.jpa.JpaTransactionManager - Initiating transaction commit
2026-03-16 17:00:14 [http-nio-8080-exec-6] DEBUG o.s.orm.jpa.JpaTransactionManager - Committing JPA transaction on EntityManager [SessionImpl(227667178<open>)]
2026-03-16 17:00:14 [http-nio-8080-exec-5] DEBUG o.s.orm.jpa.JpaTransactionManager - Initiating transaction commit
2026-03-16 17:00:14 [http-nio-8080-exec-5] DEBUG o.s.orm.jpa.JpaTransactionManager - Committing JPA transaction on EntityManager [SessionImpl(2060999761<open>)]
2026-03-16 17:00:14 [http-nio-8080-exec-1] DEBUG o.s.orm.jpa.JpaTransactionManager - Closing JPA EntityManager [SessionImpl(731484865<open>)] after transaction
2026-03-16 17:00:14 [http-nio-8080-exec-1] DEBUG c.c.p.s.jwt.JwtAuthenticationFilter - >>> [JwtFilter] Successfully authenticated user: USRCNFRM_99999999999, Authorities: [ROLE_ADMIN]
2026-03-16 17:00:14 [http-nio-8080-exec-1] DEBUG o.s.web.servlet.DispatcherServlet - GET "/api/v1/menu/left?menuNo=40", parameters={masked}
2026-03-16 17:00:14 [http-nio-8080-exec-1] TRACE o.s.w.s.m.m.a.RequestMappingHandlerMapping - Mapped to com.company.project.api.controller.menu.MenuController#getLeftMenu(Long)
2026-03-16 17:00:14 [http-nio-8080-exec-1] INFO  c.c.p.a.c.menu.MenuController - getLeftMenu called with menuNo=40
2026-03-16 17:00:14 [http-nio-8080-exec-1] DEBUG o.s.orm.jpa.JpaTransactionManager - Creating new transaction with name [com.company.project.service.menu.MenuService.getSubMenus]: PROPAGATION_REQUIRED,ISOLATION_DEFAULT,readOnly
2026-03-16 17:00:14 [http-nio-8080-exec-1] DEBUG o.s.orm.jpa.JpaTransactionManager - Opened new EntityManager [SessionImpl(2049334585<open>)] for JPA transaction
2026-03-16 17:00:14 [http-nio-8080-exec-1] DEBUG o.s.orm.jpa.JpaTransactionManager - Exposing JPA transaction as JDBC [org.springframework.orm.jpa.vendor.HibernateJpaDialect$HibernateConnectionHandle@29bcf7a0]
2026-03-16 17:00:14 [http-nio-8080-exec-1] DEBUG org.hibernate.SQL - select m1_0.menu_no,m1_0.menu_dc,m1_0.menu_nm,m1_0.menu_ordr,m1_0.modern_route,m1_0.progrm_file_nm,m1_0.relate_image_nm,m1_0.relate_image_path,m1_0.route_updated_at,m1_0.upper_menu_no from nmenuinfo m1_0 order by m1_0.upper_menu_no,m1_0.menu_ordr
2026-03-16 17:00:14 [http-nio-8080-exec-2] DEBUG o.s.orm.jpa.JpaTransactionManager - Closing JPA EntityManager [SessionImpl(415747873<open>)] after transaction
2026-03-16 17:00:14 [http-nio-8080-exec-4] DEBUG o.s.orm.jpa.JpaTransactionManager - Closing JPA EntityManager [SessionImpl(301694317<open>)] after transaction
2026-03-16 17:00:14 [http-nio-8080-exec-4] DEBUG c.c.p.s.jwt.JwtAuthenticationFilter - >>> [JwtFilter] Successfully authenticated user: USRCNFRM_99999999999, Authorities: [ROLE_ADMIN]
2026-03-16 17:00:14 [http-nio-8080-exec-2] DEBUG c.c.p.s.jwt.JwtAuthenticationFilter - >>> [JwtFilter] Successfully authenticated user: USRCNFRM_99999999999, Authorities: [ROLE_ADMIN]
2026-03-16 17:00:14 [http-nio-8080-exec-2] DEBUG o.s.web.servlet.DispatcherServlet - GET "/api/v1/menu/left?menuNo=20", parameters={masked}
2026-03-16 17:00:14 [http-nio-8080-exec-4] DEBUG o.s.web.servlet.DispatcherServlet - GET "/api/v1/menu/left?menuNo=10", parameters={masked}
2026-03-16 17:00:14 [http-nio-8080-exec-2] TRACE o.s.w.s.m.m.a.RequestMappingHandlerMapping - Mapped to com.company.project.api.controller.menu.MenuController#getLeftMenu(Long)
2026-03-16 17:00:14 [http-nio-8080-exec-4] TRACE o.s.w.s.m.m.a.RequestMappingHandlerMapping - Mapped to com.company.project.api.controller.menu.MenuController#getLeftMenu(Long)
2026-03-16 17:00:14 [http-nio-8080-exec-2] INFO  c.c.p.a.c.menu.MenuController - getLeftMenu called with menuNo=20
2026-03-16 17:00:14 [http-nio-8080-exec-4] INFO  c.c.p.a.c.menu.MenuController - getLeftMenu called with menuNo=10
2026-03-16 17:00:14 [http-nio-8080-exec-2] DEBUG o.s.orm.jpa.JpaTransactionManager - Creating new transaction with name [com.company.project.service.menu.MenuService.getSubMenus]: PROPAGATION_REQUIRED,ISOLATION_DEFAULT,readOnly
2026-03-16 17:00:14 [http-nio-8080-exec-4] DEBUG o.s.orm.jpa.JpaTransactionManager - Creating new transaction with name [com.company.project.service.menu.MenuService.getSubMenus]: PROPAGATION_REQUIRED,ISOLATION_DEFAULT,readOnly
2026-03-16 17:00:14 [http-nio-8080-exec-2] DEBUG o.s.orm.jpa.JpaTransactionManager - Opened new EntityManager [SessionImpl(638730916<open>)] for JPA transaction
2026-03-16 17:00:14 [http-nio-8080-exec-4] DEBUG o.s.orm.jpa.JpaTransactionManager - Opened new EntityManager [SessionImpl(744278006<open>)] for JPA transaction
2026-03-16 17:00:14 [http-nio-8080-exec-2] DEBUG o.s.orm.jpa.JpaTransactionManager - Exposing JPA transaction as JDBC [org.springframework.orm.jpa.vendor.HibernateJpaDialect$HibernateConnectionHandle@7912642d]
2026-03-16 17:00:14 [http-nio-8080-exec-4] DEBUG o.s.orm.jpa.JpaTransactionManager - Exposing JPA transaction as JDBC [org.springframework.orm.jpa.vendor.HibernateJpaDialect$HibernateConnectionHandle@2ca37cc9]
2026-03-16 17:00:14 [http-nio-8080-exec-2] DEBUG org.hibernate.SQL - select m1_0.menu_no,m1_0.menu_dc,m1_0.menu_nm,m1_0.menu_ordr,m1_0.modern_route,m1_0.progrm_file_nm,m1_0.relate_image_nm,m1_0.relate_image_path,m1_0.route_updated_at,m1_0.upper_menu_no from nmenuinfo m1_0 order by m1_0.upper_menu_no,m1_0.menu_ordr
2026-03-16 17:00:14 [http-nio-8080-exec-4] DEBUG org.hibernate.SQL - select m1_0.menu_no,m1_0.menu_dc,m1_0.menu_nm,m1_0.menu_ordr,m1_0.modern_route,m1_0.progrm_file_nm,m1_0.relate_image_nm,m1_0.relate_image_path,m1_0.route_updated_at,m1_0.upper_menu_no from nmenuinfo m1_0 order by m1_0.upper_menu_no,m1_0.menu_ordr
2026-03-16 17:00:14 [http-nio-8080-exec-6] DEBUG o.s.orm.jpa.JpaTransactionManager - Closing JPA EntityManager [SessionImpl(227667178<open>)] after transaction
2026-03-16 17:00:14 [http-nio-8080-exec-6] DEBUG c.c.p.s.jwt.JwtAuthenticationFilter - >>> [JwtFilter] Successfully authenticated user: USRCNFRM_99999999999, Authorities: [ROLE_ADMIN]
2026-03-16 17:00:14 [http-nio-8080-exec-6] DEBUG o.s.web.servlet.DispatcherServlet - GET "/api/v1/menu/left?menuNo=50", parameters={masked}
2026-03-16 17:00:14 [http-nio-8080-exec-6] TRACE o.s.w.s.m.m.a.RequestMappingHandlerMapping - Mapped to com.company.project.api.controller.menu.MenuController#getLeftMenu(Long)
2026-03-16 17:00:14 [http-nio-8080-exec-6] INFO  c.c.p.a.c.menu.MenuController - getLeftMenu called with menuNo=50
2026-03-16 17:00:14 [http-nio-8080-exec-6] DEBUG o.s.orm.jpa.JpaTransactionManager - Creating new transaction with name [com.company.project.service.menu.MenuService.getSubMenus]: PROPAGATION_REQUIRED,ISOLATION_DEFAULT,readOnly
2026-03-16 17:00:14 [http-nio-8080-exec-6] DEBUG o.s.orm.jpa.JpaTransactionManager - Opened new EntityManager [SessionImpl(306200435<open>)] for JPA transaction
2026-03-16 17:00:14 [http-nio-8080-exec-6] DEBUG o.s.orm.jpa.JpaTransactionManager - Exposing JPA transaction as JDBC [org.springframework.orm.jpa.vendor.HibernateJpaDialect$HibernateConnectionHandle@5afe89df]
2026-03-16 17:00:14 [http-nio-8080-exec-6] DEBUG org.hibernate.SQL - select m1_0.menu_no,m1_0.menu_dc,m1_0.menu_nm,m1_0.menu_ordr,m1_0.modern_route,m1_0.progrm_file_nm,m1_0.relate_image_nm,m1_0.relate_image_path,m1_0.route_updated_at,m1_0.upper_menu_no from nmenuinfo m1_0 order by m1_0.upper_menu_no,m1_0.menu_ordr
2026-03-16 17:00:14 [http-nio-8080-exec-5] DEBUG o.s.orm.jpa.JpaTransactionManager - Closing JPA EntityManager [SessionImpl(2060999761<open>)] after transaction
2026-03-16 17:00:14 [http-nio-8080-exec-5] DEBUG c.c.p.s.jwt.JwtAuthenticationFilter - >>> [JwtFilter] Successfully authenticated user: USRCNFRM_99999999999, Authorities: [ROLE_ADMIN]
2026-03-16 17:00:14 [http-nio-8080-exec-5] DEBUG o.s.web.servlet.DispatcherServlet - GET "/api/v1/menu/left?menuNo=60", parameters={masked}
2026-03-16 17:00:14 [http-nio-8080-exec-5] TRACE o.s.w.s.m.m.a.RequestMappingHandlerMapping - Mapped to com.company.project.api.controller.menu.MenuController#getLeftMenu(Long)
2026-03-16 17:00:14 [http-nio-8080-exec-5] INFO  c.c.p.a.c.menu.MenuController - getLeftMenu called with menuNo=60
2026-03-16 17:00:14 [http-nio-8080-exec-5] DEBUG o.s.orm.jpa.JpaTransactionManager - Creating new transaction with name [com.company.project.service.menu.MenuService.getSubMenus]: PROPAGATION_REQUIRED,ISOLATION_DEFAULT,readOnly
2026-03-16 17:00:14 [http-nio-8080-exec-5] DEBUG o.s.orm.jpa.JpaTransactionManager - Opened new EntityManager [SessionImpl(671023373<open>)] for JPA transaction
2026-03-16 17:00:14 [http-nio-8080-exec-5] DEBUG o.s.orm.jpa.JpaTransactionManager - Exposing JPA transaction as JDBC [org.springframework.orm.jpa.vendor.HibernateJpaDialect$HibernateConnectionHandle@7965971f]
2026-03-16 17:00:14 [http-nio-8080-exec-5] DEBUG org.hibernate.SQL - select m1_0.menu_no,m1_0.menu_dc,m1_0.menu_nm,m1_0.menu_ordr,m1_0.modern_route,m1_0.progrm_file_nm,m1_0.relate_image_nm,m1_0.relate_image_path,m1_0.route_updated_at,m1_0.upper_menu_no from nmenuinfo m1_0 order by m1_0.upper_menu_no,m1_0.menu_ordr
2026-03-16 17:00:14 [http-nio-8080-exec-1] DEBUG o.s.orm.jpa.JpaTransactionManager - Found thread-bound EntityManager [SessionImpl(2049334585<open>)] for JPA transaction
2026-03-16 17:00:14 [http-nio-8080-exec-1] DEBUG o.s.orm.jpa.JpaTransactionManager - Participating in existing transaction
2026-03-16 17:00:14 [http-nio-8080-exec-1] DEBUG org.hibernate.SQL - select p1_0.progrm_file_nm,p1_0.progrm_dc,p1_0.progrm_korean_nm,p1_0.progrm_stre_path,p1_0.url from nprogrmlist p1_0
2026-03-16 17:00:14 [http-nio-8080-exec-4] DEBUG o.s.orm.jpa.JpaTransactionManager - Found thread-bound EntityManager [SessionImpl(744278006<open>)] for JPA transaction
2026-03-16 17:00:14 [http-nio-8080-exec-4] DEBUG o.s.orm.jpa.JpaTransactionManager - Participating in existing transaction
2026-03-16 17:00:14 [http-nio-8080-exec-4] DEBUG org.hibernate.SQL - select p1_0.progrm_file_nm,p1_0.progrm_dc,p1_0.progrm_korean_nm,p1_0.progrm_stre_path,p1_0.url from nprogrmlist p1_0
2026-03-16 17:00:14 [http-nio-8080-exec-2] DEBUG o.s.orm.jpa.JpaTransactionManager - Found thread-bound EntityManager [SessionImpl(638730916<open>)] for JPA transaction
2026-03-16 17:00:14 [http-nio-8080-exec-2] DEBUG o.s.orm.jpa.JpaTransactionManager - Participating in existing transaction
2026-03-16 17:00:14 [http-nio-8080-exec-2] DEBUG org.hibernate.SQL - select p1_0.progrm_file_nm,p1_0.progrm_dc,p1_0.progrm_korean_nm,p1_0.progrm_stre_path,p1_0.url from nprogrmlist p1_0
2026-03-16 17:00:14 [http-nio-8080-exec-6] DEBUG o.s.orm.jpa.JpaTransactionManager - Found thread-bound EntityManager [SessionImpl(306200435<open>)] for JPA transaction
2026-03-16 17:00:14 [http-nio-8080-exec-6] DEBUG o.s.orm.jpa.JpaTransactionManager - Participating in existing transaction
2026-03-16 17:00:14 [http-nio-8080-exec-6] DEBUG org.hibernate.SQL - select p1_0.progrm_file_nm,p1_0.progrm_dc,p1_0.progrm_korean_nm,p1_0.progrm_stre_path,p1_0.url from nprogrmlist p1_0
2026-03-16 17:00:14 [http-nio-8080-exec-5] DEBUG o.s.orm.jpa.JpaTransactionManager - Found thread-bound EntityManager [SessionImpl(671023373<open>)] for JPA transaction
2026-03-16 17:00:14 [http-nio-8080-exec-5] DEBUG o.s.orm.jpa.JpaTransactionManager - Participating in existing transaction
2026-03-16 17:00:14 [http-nio-8080-exec-5] DEBUG org.hibernate.SQL - select p1_0.progrm_file_nm,p1_0.progrm_dc,p1_0.progrm_korean_nm,p1_0.progrm_stre_path,p1_0.url from nprogrmlist p1_0
2026-03-16 17:00:14 [http-nio-8080-exec-1] DEBUG o.s.orm.jpa.JpaTransactionManager - Initiating transaction commit
2026-03-16 17:00:14 [http-nio-8080-exec-1] DEBUG o.s.orm.jpa.JpaTransactionManager - Committing JPA transaction on EntityManager [SessionImpl(2049334585<open>)]
2026-03-16 17:00:14 [http-nio-8080-exec-2] DEBUG o.s.orm.jpa.JpaTransactionManager - Initiating transaction commit
2026-03-16 17:00:14 [http-nio-8080-exec-4] DEBUG o.s.orm.jpa.JpaTransactionManager - Initiating transaction commit
2026-03-16 17:00:14 [http-nio-8080-exec-2] DEBUG o.s.orm.jpa.JpaTransactionManager - Committing JPA transaction on EntityManager [SessionImpl(638730916<open>)]
2026-03-16 17:00:14 [http-nio-8080-exec-4] DEBUG o.s.orm.jpa.JpaTransactionManager - Committing JPA transaction on EntityManager [SessionImpl(744278006<open>)]
2026-03-16 17:00:14 [http-nio-8080-exec-6] DEBUG o.s.orm.jpa.JpaTransactionManager - Initiating transaction commit
2026-03-16 17:00:14 [http-nio-8080-exec-6] DEBUG o.s.orm.jpa.JpaTransactionManager - Committing JPA transaction on EntityManager [SessionImpl(306200435<open>)]
2026-03-16 17:00:14 [http-nio-8080-exec-5] DEBUG o.s.orm.jpa.JpaTransactionManager - Initiating transaction commit
2026-03-16 17:00:14 [http-nio-8080-exec-5] DEBUG o.s.orm.jpa.JpaTransactionManager - Committing JPA transaction on EntityManager [SessionImpl(671023373<open>)]
2026-03-16 17:00:14 [http-nio-8080-exec-1] DEBUG o.s.orm.jpa.JpaTransactionManager - Closing JPA EntityManager [SessionImpl(2049334585<open>)] after transaction
2026-03-16 17:00:14 [http-nio-8080-exec-1] INFO  c.c.p.a.c.menu.MenuController - getLeftMenu returned 2 items
2026-03-16 17:00:14 [http-nio-8080-exec-1] DEBUG o.s.w.s.m.m.a.HttpEntityMethodProcessor - Using 'application/json', given [application/json, text/plain, */*] and supported [application/json, application/*+json, application/yaml]
2026-03-16 17:00:14 [http-nio-8080-exec-1] TRACE o.s.w.s.m.m.a.HttpEntityMethodProcessor - Writing [ApiResponse[success=true, status=200, code=COMMON_001, message=Success, data={list=[com.company.project.service.menu.dto.MenuDto@1649b2ea, com.company.project.service.menu.dto.MenuDto@26c87cf6]}, timestamp=2026-03-16T17:00:14.832885]]
2026-03-16 17:00:14 [http-nio-8080-exec-1] INFO  c.c.p.a.i.OperationalAuditInterceptor - API Audit Log: URL=/api/v1/menu/left, User=webmaster, IP=0:0:0:0:0:0:0:1
2026-03-16 17:00:14 [http-nio-8080-exec-1] DEBUG o.s.web.servlet.DispatcherServlet - Completed 200 OK
2026-03-16 17:00:14 [http-nio-8080-exec-4] DEBUG o.s.orm.jpa.JpaTransactionManager - Closing JPA EntityManager [SessionImpl(744278006<open>)] after transaction
2026-03-16 17:00:14 [http-nio-8080-exec-2] DEBUG o.s.orm.jpa.JpaTransactionManager - Closing JPA EntityManager [SessionImpl(638730916<open>)] after transaction
2026-03-16 17:00:14 [http-nio-8080-exec-4] INFO  c.c.p.a.c.menu.MenuController - getLeftMenu returned 5 items
2026-03-16 17:00:14 [http-nio-8080-exec-2] INFO  c.c.p.a.c.menu.MenuController - getLeftMenu returned 3 items
2026-03-16 17:00:14 [http-nio-8080-exec-4] DEBUG o.s.w.s.m.m.a.HttpEntityMethodProcessor - Using 'application/json', given [application/json, text/plain, */*] and supported [application/json, application/*+json, application/yaml]
2026-03-16 17:00:14 [http-nio-8080-exec-2] DEBUG o.s.w.s.m.m.a.HttpEntityMethodProcessor - Using 'application/json', given [application/json, text/plain, */*] and supported [application/json, application/*+json, application/yaml]
2026-03-16 17:00:14 [http-nio-8080-exec-4] TRACE o.s.w.s.m.m.a.HttpEntityMethodProcessor - Writing [ApiResponse[success=true, status=200, code=COMMON_001, message=Success, data={list=[com.company.project.service.menu.dto.MenuDto@7ad325a7, com.company.project.service.menu.dto.MenuDto@7affc09b, com.company.project.service.menu.dto.MenuDto@1186c8af, com.company.project.service.menu.dto.MenuDto@3738576f, com.company.project.service.menu.dto.MenuDto@5425b232]}, timestamp=2026-03-16T17:00:14.842563900]]
2026-03-16 17:00:14 [http-nio-8080-exec-2] TRACE o.s.w.s.m.m.a.HttpEntityMethodProcessor - Writing [ApiResponse[success=true, status=200, code=COMMON_001, message=Success, data={list=[com.company.project.service.menu.dto.MenuDto@6974c8a6, com.company.project.service.menu.dto.MenuDto@1da92cd6, com.company.project.service.menu.dto.MenuDto@d79c33f]}, timestamp=2026-03-16T17:00:14.842563900]]
2026-03-16 17:00:14 [http-nio-8080-exec-2] INFO  c.c.p.a.i.OperationalAuditInterceptor - API Audit Log: URL=/api/v1/menu/left, User=webmaster, IP=0:0:0:0:0:0:0:1
2026-03-16 17:00:14 [http-nio-8080-exec-4] INFO  c.c.p.a.i.OperationalAuditInterceptor - API Audit Log: URL=/api/v1/menu/left, User=webmaster, IP=0:0:0:0:0:0:0:1
2026-03-16 17:00:14 [http-nio-8080-exec-2] DEBUG o.s.web.servlet.DispatcherServlet - Completed 200 OK
2026-03-16 17:00:14 [http-nio-8080-exec-4] DEBUG o.s.web.servlet.DispatcherServlet - Completed 200 OK
2026-03-16 17:00:14 [http-nio-8080-exec-6] DEBUG o.s.orm.jpa.JpaTransactionManager - Closing JPA EntityManager [SessionImpl(306200435<open>)] after transaction
2026-03-16 17:00:14 [http-nio-8080-exec-6] INFO  c.c.p.a.c.menu.MenuController - getLeftMenu returned 3 items
2026-03-16 17:00:14 [http-nio-8080-exec-6] DEBUG o.s.w.s.m.m.a.HttpEntityMethodProcessor - Using 'application/json', given [application/json, text/plain, */*] and supported [application/json, application/*+json, application/yaml]
2026-03-16 17:00:14 [http-nio-8080-exec-6] TRACE o.s.w.s.m.m.a.HttpEntityMethodProcessor - Writing [ApiResponse[success=true, status=200, code=COMMON_001, message=Success, data={list=[com.company.project.service.menu.dto.MenuDto@323ee215, com.company.project.service.menu.dto.MenuDto@5d5876eb, com.company.project.service.menu.dto.MenuDto@73d28a1a]}, timestamp=2026-03-16T17:00:14.873317600]]
2026-03-16 17:00:14 [http-nio-8080-exec-6] INFO  c.c.p.a.i.OperationalAuditInterceptor - API Audit Log: URL=/api/v1/menu/left, User=webmaster, IP=0:0:0:0:0:0:0:1
2026-03-16 17:00:14 [http-nio-8080-exec-6] DEBUG o.s.web.servlet.DispatcherServlet - Completed 200 OK
2026-03-16 17:00:14 [http-nio-8080-exec-5] DEBUG o.s.orm.jpa.JpaTransactionManager - Closing JPA EntityManager [SessionImpl(671023373<open>)] after transaction
2026-03-16 17:00:14 [http-nio-8080-exec-5] INFO  c.c.p.a.c.menu.MenuController - getLeftMenu returned 1 items
2026-03-16 17:00:14 [http-nio-8080-exec-5] DEBUG o.s.w.s.m.m.a.HttpEntityMethodProcessor - Using 'application/json', given [application/json, text/plain, */*] and supported [application/json, application/*+json, application/yaml]
2026-03-16 17:00:14 [http-nio-8080-exec-5] TRACE o.s.w.s.m.m.a.HttpEntityMethodProcessor - Writing [ApiResponse[success=true, status=200, code=COMMON_001, message=Success, data={list=[com.company.project.service.menu.dto.MenuDto@71469b1c]}, timestamp=2026-03-16T17:00:14.876294200]]
2026-03-16 17:00:14 [http-nio-8080-exec-5] INFO  c.c.p.a.i.OperationalAuditInterceptor - API Audit Log: URL=/api/v1/menu/left, User=webmaster, IP=0:0:0:0:0:0:0:1
2026-03-16 17:00:14 [http-nio-8080-exec-5] DEBUG o.s.web.servlet.DispatcherServlet - Completed 200 OK
2026-03-16 17:00:15 [http-nio-8080-exec-3] DEBUG c.c.p.s.jwt.JwtAuthenticationFilter - >>> [JwtFilter] Processing request: GET /api/v1/menu/head
2026-03-16 17:00:15 [http-nio-8080-exec-7] DEBUG c.c.p.s.jwt.JwtAuthenticationFilter - >>> [JwtFilter] Processing request: GET /api/v1/auth/me
2026-03-16 17:00:15 [http-nio-8080-exec-8] DEBUG c.c.p.s.jwt.JwtAuthenticationFilter - >>> [JwtFilter] Processing request: GET /api/v1/menu/left
2026-03-16 17:00:15 [http-nio-8080-exec-3] DEBUG c.c.p.s.jwt.JwtAuthenticationFilter - >>> [JwtFilter] Found token in header for path: /api/v1/menu/head
2026-03-16 17:00:15 [http-nio-8080-exec-7] DEBUG c.c.p.s.jwt.JwtAuthenticationFilter - >>> [JwtFilter] Found token in header for path: /api/v1/auth/me
2026-03-16 17:00:15 [http-nio-8080-exec-8] DEBUG c.c.p.s.jwt.JwtAuthenticationFilter - >>> [JwtFilter] Found token in header for path: /api/v1/menu/left
2026-03-16 17:00:15 [http-nio-8080-exec-3] DEBUG o.s.orm.jpa.JpaTransactionManager - Creating new transaction with name [com.company.project.security.iam.CustomUserDetailsService.loadUserByUsername]: PROPAGATION_REQUIRED,ISOLATION_DEFAULT,readOnly
2026-03-16 17:00:15 [http-nio-8080-exec-8] DEBUG o.s.orm.jpa.JpaTransactionManager - Creating new transaction with name [com.company.project.security.iam.CustomUserDetailsService.loadUserByUsername]: PROPAGATION_REQUIRED,ISOLATION_DEFAULT,readOnly
2026-03-16 17:00:15 [http-nio-8080-exec-7] DEBUG o.s.orm.jpa.JpaTransactionManager - Creating new transaction with name [com.company.project.security.iam.CustomUserDetailsService.loadUserByUsername]: PROPAGATION_REQUIRED,ISOLATION_DEFAULT,readOnly
2026-03-16 17:00:15 [http-nio-8080-exec-3] DEBUG o.s.orm.jpa.JpaTransactionManager - Opened new EntityManager [SessionImpl(1829353445<open>)] for JPA transaction
2026-03-16 17:00:15 [http-nio-8080-exec-8] DEBUG o.s.orm.jpa.JpaTransactionManager - Opened new EntityManager [SessionImpl(1912037649<open>)] for JPA transaction
2026-03-16 17:00:15 [http-nio-8080-exec-7] DEBUG o.s.orm.jpa.JpaTransactionManager - Opened new EntityManager [SessionImpl(313560590<open>)] for JPA transaction
2026-03-16 17:00:15 [http-nio-8080-exec-3] DEBUG o.s.orm.jpa.JpaTransactionManager - Exposing JPA transaction as JDBC [org.springframework.orm.jpa.vendor.HibernateJpaDialect$HibernateConnectionHandle@1fc09ab9]
2026-03-16 17:00:15 [http-nio-8080-exec-7] DEBUG o.s.orm.jpa.JpaTransactionManager - Exposing JPA transaction as JDBC [org.springframework.orm.jpa.vendor.HibernateJpaDialect$HibernateConnectionHandle@1db256ac]
2026-03-16 17:00:15 [http-nio-8080-exec-8] DEBUG o.s.orm.jpa.JpaTransactionManager - Exposing JPA transaction as JDBC [org.springframework.orm.jpa.vendor.HibernateJpaDialect$HibernateConnectionHandle@3406dc51]
2026-03-16 17:00:15 [http-nio-8080-exec-3] DEBUG o.s.orm.jpa.JpaTransactionManager - Found thread-bound EntityManager [SessionImpl(1829353445<open>)] for JPA transaction
2026-03-16 17:00:15 [http-nio-8080-exec-7] DEBUG o.s.orm.jpa.JpaTransactionManager - Found thread-bound EntityManager [SessionImpl(313560590<open>)] for JPA transaction
2026-03-16 17:00:15 [http-nio-8080-exec-8] DEBUG o.s.orm.jpa.JpaTransactionManager - Found thread-bound EntityManager [SessionImpl(1912037649<open>)] for JPA transaction
2026-03-16 17:00:15 [http-nio-8080-exec-3] DEBUG o.s.orm.jpa.JpaTransactionManager - Participating in existing transaction
2026-03-16 17:00:15 [http-nio-8080-exec-8] DEBUG o.s.orm.jpa.JpaTransactionManager - Participating in existing transaction
2026-03-16 17:00:15 [http-nio-8080-exec-7] DEBUG o.s.orm.jpa.JpaTransactionManager - Participating in existing transaction
2026-03-16 17:00:15 [http-nio-8080-exec-3] DEBUG org.hibernate.SQL - select u1_0.emplyr_id,u1_0.area_no,u1_0.brthdy,u1_0.chg_pwd_cnt,u1_0.frst_register_id,u1_0.frst_regist_pnttm,u1_0.detail_adres,u1_0.email_adres,u1_0.emplyr_sttus_code,u1_0.empl_no,u1_0.esntl_id,u1_0.fxnum,u1_0.group_id,u1_0.house_adres,u1_0.house_end_telno,u1_0.house_middle_telno,u1_0.ihidnum,u1_0.pstinst_code,u1_0.last_updusr_id,u1_0.last_updt_pnttm,u1_0.lock_at,u1_0.lock_cnt,u1_0.lock_last_pnttm,u1_0.mbtlnum,u1_0.ofcps_nm,u1_0.offm_telno,u1_0.orgnzt_id,u1_0.password,u1_0.password_cnsr,u1_0.password_hint,u1_0.chg_pwd_last_pnttm,u1_0.role,u1_0.sbscrb_de,u1_0.sexdstn_code,u1_0.crtfc_dn_value,u1_0.user_nm,u1_0.zip from nemplyrinfo u1_0 where u1_0.emplyr_id=?
2026-03-16 17:00:15 [http-nio-8080-exec-7] DEBUG org.hibernate.SQL - select u1_0.emplyr_id,u1_0.area_no,u1_0.brthdy,u1_0.chg_pwd_cnt,u1_0.frst_register_id,u1_0.frst_regist_pnttm,u1_0.detail_adres,u1_0.email_adres,u1_0.emplyr_sttus_code,u1_0.empl_no,u1_0.esntl_id,u1_0.fxnum,u1_0.group_id,u1_0.house_adres,u1_0.house_end_telno,u1_0.house_middle_telno,u1_0.ihidnum,u1_0.pstinst_code,u1_0.last_updusr_id,u1_0.last_updt_pnttm,u1_0.lock_at,u1_0.lock_cnt,u1_0.lock_last_pnttm,u1_0.mbtlnum,u1_0.ofcps_nm,u1_0.offm_telno,u1_0.orgnzt_id,u1_0.password,u1_0.password_cnsr,u1_0.password_hint,u1_0.chg_pwd_last_pnttm,u1_0.role,u1_0.sbscrb_de,u1_0.sexdstn_code,u1_0.crtfc_dn_value,u1_0.user_nm,u1_0.zip from nemplyrinfo u1_0 where u1_0.emplyr_id=?
2026-03-16 17:00:15 [http-nio-8080-exec-8] DEBUG org.hibernate.SQL - select u1_0.emplyr_id,u1_0.area_no,u1_0.brthdy,u1_0.chg_pwd_cnt,u1_0.frst_register_id,u1_0.frst_regist_pnttm,u1_0.detail_adres,u1_0.email_adres,u1_0.emplyr_sttus_code,u1_0.empl_no,u1_0.esntl_id,u1_0.fxnum,u1_0.group_id,u1_0.house_adres,u1_0.house_end_telno,u1_0.house_middle_telno,u1_0.ihidnum,u1_0.pstinst_code,u1_0.last_updusr_id,u1_0.last_updt_pnttm,u1_0.lock_at,u1_0.lock_cnt,u1_0.lock_last_pnttm,u1_0.mbtlnum,u1_0.ofcps_nm,u1_0.offm_telno,u1_0.orgnzt_id,u1_0.password,u1_0.password_cnsr,u1_0.password_hint,u1_0.chg_pwd_last_pnttm,u1_0.role,u1_0.sbscrb_de,u1_0.sexdstn_code,u1_0.crtfc_dn_value,u1_0.user_nm,u1_0.zip from nemplyrinfo u1_0 where u1_0.emplyr_id=?
2026-03-16 17:00:15 [http-nio-8080-exec-3] DEBUG o.s.orm.jpa.JpaTransactionManager - Found thread-bound EntityManager [SessionImpl(1829353445<open>)] for JPA transaction
2026-03-16 17:00:15 [http-nio-8080-exec-8] DEBUG o.s.orm.jpa.JpaTransactionManager - Found thread-bound EntityManager [SessionImpl(1912037649<open>)] for JPA transaction
2026-03-16 17:00:15 [http-nio-8080-exec-3] DEBUG o.s.orm.jpa.JpaTransactionManager - Participating in existing transaction
2026-03-16 17:00:15 [http-nio-8080-exec-7] DEBUG o.s.orm.jpa.JpaTransactionManager - Found thread-bound EntityManager [SessionImpl(313560590<open>)] for JPA transaction
2026-03-16 17:00:15 [http-nio-8080-exec-7] DEBUG o.s.orm.jpa.JpaTransactionManager - Participating in existing transaction
2026-03-16 17:00:15 [http-nio-8080-exec-8] DEBUG o.s.orm.jpa.JpaTransactionManager - Participating in existing transaction
2026-03-16 17:00:15 [http-nio-8080-exec-3] DEBUG org.hibernate.SQL - select ua1_0.scrty_dtrmn_trget_id,ua1_0.author_code,ua1_0.frst_register_id,ua1_0.frst_regist_pnttm,ua1_0.last_updusr_id,ua1_0.last_updt_pnttm,ua1_0.mber_ty_code from nemplyrscrtyestbs ua1_0 where ua1_0.scrty_dtrmn_trget_id=?
2026-03-16 17:00:15 [http-nio-8080-exec-7] DEBUG org.hibernate.SQL - select ua1_0.scrty_dtrmn_trget_id,ua1_0.author_code,ua1_0.frst_register_id,ua1_0.frst_regist_pnttm,ua1_0.last_updusr_id,ua1_0.last_updt_pnttm,ua1_0.mber_ty_code from nemplyrscrtyestbs ua1_0 where ua1_0.scrty_dtrmn_trget_id=?
2026-03-16 17:00:15 [http-nio-8080-exec-8] DEBUG org.hibernate.SQL - select ua1_0.scrty_dtrmn_trget_id,ua1_0.author_code,ua1_0.frst_register_id,ua1_0.frst_regist_pnttm,ua1_0.last_updusr_id,ua1_0.last_updt_pnttm,ua1_0.mber_ty_code from nemplyrscrtyestbs ua1_0 where ua1_0.scrty_dtrmn_trget_id=?
2026-03-16 17:00:15 [http-nio-8080-exec-7] DEBUG o.s.orm.jpa.JpaTransactionManager - Initiating transaction commit
2026-03-16 17:00:15 [http-nio-8080-exec-3] DEBUG o.s.orm.jpa.JpaTransactionManager - Initiating transaction commit
2026-03-16 17:00:15 [http-nio-8080-exec-8] DEBUG o.s.orm.jpa.JpaTransactionManager - Initiating transaction commit
2026-03-16 17:00:15 [http-nio-8080-exec-7] DEBUG o.s.orm.jpa.JpaTransactionManager - Committing JPA transaction on EntityManager [SessionImpl(313560590<open>)]
2026-03-16 17:00:15 [http-nio-8080-exec-3] DEBUG o.s.orm.jpa.JpaTransactionManager - Committing JPA transaction on EntityManager [SessionImpl(1829353445<open>)]
2026-03-16 17:00:15 [http-nio-8080-exec-8] DEBUG o.s.orm.jpa.JpaTransactionManager - Committing JPA transaction on EntityManager [SessionImpl(1912037649<open>)]
2026-03-16 17:00:15 [http-nio-8080-exec-7] DEBUG o.s.orm.jpa.JpaTransactionManager - Closing JPA EntityManager [SessionImpl(313560590<open>)] after transaction
2026-03-16 17:00:15 [http-nio-8080-exec-3] DEBUG o.s.orm.jpa.JpaTransactionManager - Closing JPA EntityManager [SessionImpl(1829353445<open>)] after transaction
2026-03-16 17:00:15 [http-nio-8080-exec-8] DEBUG o.s.orm.jpa.JpaTransactionManager - Closing JPA EntityManager [SessionImpl(1912037649<open>)] after transaction
2026-03-16 17:00:15 [http-nio-8080-exec-7] DEBUG c.c.p.s.jwt.JwtAuthenticationFilter - >>> [JwtFilter] Successfully authenticated user: USRCNFRM_99999999999, Authorities: [ROLE_ADMIN]
2026-03-16 17:00:15 [http-nio-8080-exec-3] DEBUG c.c.p.s.jwt.JwtAuthenticationFilter - >>> [JwtFilter] Successfully authenticated user: USRCNFRM_99999999999, Authorities: [ROLE_ADMIN]
2026-03-16 17:00:15 [http-nio-8080-exec-8] DEBUG c.c.p.s.jwt.JwtAuthenticationFilter - >>> [JwtFilter] Successfully authenticated user: USRCNFRM_99999999999, Authorities: [ROLE_ADMIN]
2026-03-16 17:00:15 [http-nio-8080-exec-7] DEBUG o.s.web.servlet.DispatcherServlet - GET "/api/v1/auth/me", parameters={}
2026-03-16 17:00:15 [http-nio-8080-exec-3] DEBUG o.s.web.servlet.DispatcherServlet - GET "/api/v1/menu/head", parameters={}
2026-03-16 17:00:15 [http-nio-8080-exec-8] DEBUG o.s.web.servlet.DispatcherServlet - GET "/api/v1/menu/left?menuNo=10", parameters={masked}
2026-03-16 17:00:15 [http-nio-8080-exec-7] TRACE o.s.w.s.m.m.a.RequestMappingHandlerMapping - Mapped to com.company.project.api.auth.AuthController#getCurrentUser()
2026-03-16 17:00:15 [http-nio-8080-exec-3] TRACE o.s.w.s.m.m.a.RequestMappingHandlerMapping - Mapped to com.company.project.api.controller.menu.MenuController#getHeadMenu()
2026-03-16 17:00:15 [http-nio-8080-exec-8] TRACE o.s.w.s.m.m.a.RequestMappingHandlerMapping - Mapped to com.company.project.api.controller.menu.MenuController#getLeftMenu(Long)
2026-03-16 17:00:15 [http-nio-8080-exec-3] INFO  c.c.p.a.c.menu.MenuController - getHeadMenu called
2026-03-16 17:00:15 [http-nio-8080-exec-7] DEBUG o.s.w.s.m.m.a.RequestResponseBodyMethodProcessor - Using 'application/json', given [application/json, text/plain, */*] and supported [application/json, application/*+json, application/yaml]
2026-03-16 17:00:15 [http-nio-8080-exec-8] INFO  c.c.p.a.c.menu.MenuController - getLeftMenu called with menuNo=10
2026-03-16 17:00:15 [http-nio-8080-exec-7] TRACE o.s.w.s.m.m.a.RequestResponseBodyMethodProcessor - Writing [ApiResponse[success=true, status=200, code=COMMON_001, message=Success, data={role=ROLE_ADMIN, userSe=EMP, name=관리자, id=webmaster}, timestamp=2026-03-16T17:00:15.990822600]]
2026-03-16 17:00:15 [http-nio-8080-exec-8] DEBUG o.s.orm.jpa.JpaTransactionManager - Creating new transaction with name [com.company.project.service.menu.MenuService.getSubMenus]: PROPAGATION_REQUIRED,ISOLATION_DEFAULT,readOnly
2026-03-16 17:00:15 [http-nio-8080-exec-3] INFO  c.c.p.a.c.menu.MenuController - getHeadMenu returned 5 items
2026-03-16 17:00:15 [http-nio-8080-exec-8] DEBUG o.s.orm.jpa.JpaTransactionManager - Opened new EntityManager [SessionImpl(1763772156<open>)] for JPA transaction
2026-03-16 17:00:15 [http-nio-8080-exec-8] DEBUG o.s.orm.jpa.JpaTransactionManager - Exposing JPA transaction as JDBC [org.springframework.orm.jpa.vendor.HibernateJpaDialect$HibernateConnectionHandle@7718f3a6]
2026-03-16 17:00:15 [http-nio-8080-exec-3] DEBUG o.s.w.s.m.m.a.HttpEntityMethodProcessor - Using 'application/json', given [application/json, text/plain, */*] and supported [application/json, application/*+json, application/yaml]
2026-03-16 17:00:15 [http-nio-8080-exec-3] TRACE o.s.w.s.m.m.a.HttpEntityMethodProcessor - Writing [ApiResponse[success=true, status=200, code=COMMON_001, message=Success, data={list=[com.company.project.service.menu.dto.MenuDto@2b80d6b0, com.company.project.service.menu.dto.MenuDto@1418cfa3, com.company.project.service.menu.dto.MenuDto@f230bf1, com.company.project.service.menu.dto.MenuDto@734a7f6a, com.company.project.service.menu.dto.MenuDto@5e5202e5]}, timestamp=2026-03-16T17:00:15.990822600]]
2026-03-16 17:00:15 [http-nio-8080-exec-7] INFO  c.c.p.a.i.OperationalAuditInterceptor - API Audit Log: URL=/api/v1/auth/me, User=webmaster, IP=127.0.0.1
2026-03-16 17:00:15 [http-nio-8080-exec-7] DEBUG o.s.web.servlet.DispatcherServlet - Completed 200 OK
2026-03-16 17:00:15 [http-nio-8080-exec-3] INFO  c.c.p.a.i.OperationalAuditInterceptor - API Audit Log: URL=/api/v1/menu/head, User=webmaster, IP=127.0.0.1
2026-03-16 17:00:15 [http-nio-8080-exec-8] DEBUG org.hibernate.SQL - select m1_0.menu_no,m1_0.menu_dc,m1_0.menu_nm,m1_0.menu_ordr,m1_0.modern_route,m1_0.progrm_file_nm,m1_0.relate_image_nm,m1_0.relate_image_path,m1_0.route_updated_at,m1_0.upper_menu_no from nmenuinfo m1_0 order by m1_0.upper_menu_no,m1_0.menu_ordr
2026-03-16 17:00:15 [http-nio-8080-exec-3] DEBUG o.s.web.servlet.DispatcherServlet - Completed 200 OK
2026-03-16 17:00:16 [http-nio-8080-exec-9] DEBUG o.s.web.servlet.DispatcherServlet - GET "/ws/info?t=1773648016010", parameters={masked}
2026-03-16 17:00:16 [http-nio-8080-exec-9] DEBUG o.s.w.s.s.s.WebSocketHandlerMapping - Mapped to org.springframework.web.socket.sockjs.support.SockJsHttpRequestHandler@3d80b7ba
2026-03-16 17:00:16 [http-nio-8080-exec-9] DEBUG o.s.w.s.s.t.h.DefaultSockJsService - Processing transport request: GET http://localhost:8080/ws/info?t=1773648016010
2026-03-16 17:00:16 [http-nio-8080-exec-9] DEBUG o.s.web.servlet.DispatcherServlet - Completed 200 OK
2026-03-16 17:00:16 [http-nio-8080-exec-10] DEBUG c.c.p.s.jwt.JwtAuthenticationFilter - >>> [JwtFilter] Processing request: GET /api/v1/notifications
2026-03-16 17:00:16 [http-nio-8080-exec-1] DEBUG c.c.p.s.jwt.JwtAuthenticationFilter - >>> [JwtFilter] Processing request: GET /api/v1/notifications/unread-count
2026-03-16 17:00:16 [http-nio-8080-exec-10] DEBUG c.c.p.s.jwt.JwtAuthenticationFilter - >>> [JwtFilter] Found token in header for path: /api/v1/notifications
2026-03-16 17:00:16 [http-nio-8080-exec-1] DEBUG c.c.p.s.jwt.JwtAuthenticationFilter - >>> [JwtFilter] Found token in header for path: /api/v1/notifications/unread-count
2026-03-16 17:00:16 [http-nio-8080-exec-1] DEBUG o.s.orm.jpa.JpaTransactionManager - Creating new transaction with name [com.company.project.security.iam.CustomUserDetailsService.loadUserByUsername]: PROPAGATION_REQUIRED,ISOLATION_DEFAULT,readOnly
2026-03-16 17:00:16 [http-nio-8080-exec-10] DEBUG o.s.orm.jpa.JpaTransactionManager - Creating new transaction with name [com.company.project.security.iam.CustomUserDetailsService.loadUserByUsername]: PROPAGATION_REQUIRED,ISOLATION_DEFAULT,readOnly
2026-03-16 17:00:16 [http-nio-8080-exec-1] DEBUG o.s.orm.jpa.JpaTransactionManager - Opened new EntityManager [SessionImpl(1005607459<open>)] for JPA transaction
2026-03-16 17:00:16 [http-nio-8080-exec-10] DEBUG o.s.orm.jpa.JpaTransactionManager - Opened new EntityManager [SessionImpl(1525672053<open>)] for JPA transaction
2026-03-16 17:00:16 [http-nio-8080-exec-4] DEBUG o.s.web.servlet.DispatcherServlet - GET "/ws/873/oaquazum/websocket", parameters={}
2026-03-16 17:00:16 [http-nio-8080-exec-4] DEBUG o.s.w.s.s.s.WebSocketHandlerMapping - Mapped to org.springframework.web.socket.sockjs.support.SockJsHttpRequestHandler@3d80b7ba
2026-03-16 17:00:16 [http-nio-8080-exec-4] DEBUG o.s.w.s.s.t.h.DefaultSockJsService - Processing transport request: GET http://localhost:8080/ws/873/oaquazum/websocket
2026-03-16 17:00:16 [http-nio-8080-exec-4] DEBUG o.s.web.servlet.DispatcherServlet - Completed 101 SWITCHING_PROTOCOLS
2026-03-16 17:00:16 [http-nio-8080-exec-4] DEBUG o.s.w.s.h.LoggingWebSocketHandlerDecorator - New WebSocketServerSockJsSession[id=oaquazum]
2026-03-16 17:00:16 [scheduling-1] DEBUG org.springframework.web.SimpLogging - Processing CONNECT session=oaquazum
2026-03-16 17:00:16 [scheduling-1] DEBUG org.springframework.web.SimpLogging - Processing SUBSCRIBE /topic/notices id=sub-0 session=oaquazum
2026-03-16 17:00:16 [scheduling-1] DEBUG org.springframework.web.SimpLogging - Processing SUBSCRIBE destination=/queue/notifications-useroaquazum subscriptionId=sub-1 session=oaquazum payload=byte[0]
2026-03-16 17:00:16 [scheduling-1] DEBUG org.springframework.web.SimpLogging - Processing SUBSCRIBE /topic/public id=sub-2 session=oaquazum
2026-03-16 17:00:16 [http-nio-8080-exec-1] DEBUG o.s.orm.jpa.JpaTransactionManager - Exposing JPA transaction as JDBC [org.springframework.orm.jpa.vendor.HibernateJpaDialect$HibernateConnectionHandle@696ed952]
2026-03-16 17:00:16 [http-nio-8080-exec-1] DEBUG o.s.orm.jpa.JpaTransactionManager - Found thread-bound EntityManager [SessionImpl(1005607459<open>)] for JPA transaction
2026-03-16 17:00:16 [http-nio-8080-exec-1] DEBUG o.s.orm.jpa.JpaTransactionManager - Participating in existing transaction
2026-03-16 17:00:16 [http-nio-8080-exec-1] DEBUG org.hibernate.SQL - select u1_0.emplyr_id,u1_0.area_no,u1_0.brthdy,u1_0.chg_pwd_cnt,u1_0.frst_register_id,u1_0.frst_regist_pnttm,u1_0.detail_adres,u1_0.email_adres,u1_0.emplyr_sttus_code,u1_0.empl_no,u1_0.esntl_id,u1_0.fxnum,u1_0.group_id,u1_0.house_adres,u1_0.house_end_telno,u1_0.house_middle_telno,u1_0.ihidnum,u1_0.pstinst_code,u1_0.last_updusr_id,u1_0.last_updt_pnttm,u1_0.lock_at,u1_0.lock_cnt,u1_0.lock_last_pnttm,u1_0.mbtlnum,u1_0.ofcps_nm,u1_0.offm_telno,u1_0.orgnzt_id,u1_0.password,u1_0.password_cnsr,u1_0.password_hint,u1_0.chg_pwd_last_pnttm,u1_0.role,u1_0.sbscrb_de,u1_0.sexdstn_code,u1_0.crtfc_dn_value,u1_0.user_nm,u1_0.zip from nemplyrinfo u1_0 where u1_0.emplyr_id=?
2026-03-16 17:00:16 [http-nio-8080-exec-10] DEBUG o.s.orm.jpa.JpaTransactionManager - Exposing JPA transaction as JDBC [org.springframework.orm.jpa.vendor.HibernateJpaDialect$HibernateConnectionHandle@729214de]
2026-03-16 17:00:16 [http-nio-8080-exec-10] DEBUG o.s.orm.jpa.JpaTransactionManager - Found thread-bound EntityManager [SessionImpl(1525672053<open>)] for JPA transaction
2026-03-16 17:00:16 [http-nio-8080-exec-10] DEBUG o.s.orm.jpa.JpaTransactionManager - Participating in existing transaction
2026-03-16 17:00:16 [http-nio-8080-exec-10] DEBUG org.hibernate.SQL - select u1_0.emplyr_id,u1_0.area_no,u1_0.brthdy,u1_0.chg_pwd_cnt,u1_0.frst_register_id,u1_0.frst_regist_pnttm,u1_0.detail_adres,u1_0.email_adres,u1_0.emplyr_sttus_code,u1_0.empl_no,u1_0.esntl_id,u1_0.fxnum,u1_0.group_id,u1_0.house_adres,u1_0.house_end_telno,u1_0.house_middle_telno,u1_0.ihidnum,u1_0.pstinst_code,u1_0.last_updusr_id,u1_0.last_updt_pnttm,u1_0.lock_at,u1_0.lock_cnt,u1_0.lock_last_pnttm,u1_0.mbtlnum,u1_0.ofcps_nm,u1_0.offm_telno,u1_0.orgnzt_id,u1_0.password,u1_0.password_cnsr,u1_0.password_hint,u1_0.chg_pwd_last_pnttm,u1_0.role,u1_0.sbscrb_de,u1_0.sexdstn_code,u1_0.crtfc_dn_value,u1_0.user_nm,u1_0.zip from nemplyrinfo u1_0 where u1_0.emplyr_id=?
2026-03-16 17:00:16 [http-nio-8080-exec-8] DEBUG o.s.orm.jpa.JpaTransactionManager - Found thread-bound EntityManager [SessionImpl(1763772156<open>)] for JPA transaction
2026-03-16 17:00:16 [http-nio-8080-exec-8] DEBUG o.s.orm.jpa.JpaTransactionManager - Participating in existing transaction
2026-03-16 17:00:16 [http-nio-8080-exec-8] DEBUG org.hibernate.SQL - select p1_0.progrm_file_nm,p1_0.progrm_dc,p1_0.progrm_korean_nm,p1_0.progrm_stre_path,p1_0.url from nprogrmlist p1_0
2026-03-16 17:00:16 [http-nio-8080-exec-1] DEBUG o.s.orm.jpa.JpaTransactionManager - Found thread-bound EntityManager [SessionImpl(1005607459<open>)] for JPA transaction
2026-03-16 17:00:16 [http-nio-8080-exec-1] DEBUG o.s.orm.jpa.JpaTransactionManager - Participating in existing transaction
2026-03-16 17:00:16 [http-nio-8080-exec-1] DEBUG org.hibernate.SQL - select ua1_0.scrty_dtrmn_trget_id,ua1_0.author_code,ua1_0.frst_register_id,ua1_0.frst_regist_pnttm,ua1_0.last_updusr_id,ua1_0.last_updt_pnttm,ua1_0.mber_ty_code from nemplyrscrtyestbs ua1_0 where ua1_0.scrty_dtrmn_trget_id=?
2026-03-16 17:00:16 [http-nio-8080-exec-10] DEBUG o.s.orm.jpa.JpaTransactionManager - Found thread-bound EntityManager [SessionImpl(1525672053<open>)] for JPA transaction
2026-03-16 17:00:16 [http-nio-8080-exec-10] DEBUG o.s.orm.jpa.JpaTransactionManager - Participating in existing transaction
2026-03-16 17:00:16 [http-nio-8080-exec-10] DEBUG org.hibernate.SQL - select ua1_0.scrty_dtrmn_trget_id,ua1_0.author_code,ua1_0.frst_register_id,ua1_0.frst_regist_pnttm,ua1_0.last_updusr_id,ua1_0.last_updt_pnttm,ua1_0.mber_ty_code from nemplyrscrtyestbs ua1_0 where ua1_0.scrty_dtrmn_trget_id=?
2026-03-16 17:00:16 [http-nio-8080-exec-1] DEBUG o.s.orm.jpa.JpaTransactionManager - Initiating transaction commit
2026-03-16 17:00:16 [http-nio-8080-exec-1] DEBUG o.s.orm.jpa.JpaTransactionManager - Committing JPA transaction on EntityManager [SessionImpl(1005607459<open>)]
2026-03-16 17:00:16 [http-nio-8080-exec-8] DEBUG o.s.orm.jpa.JpaTransactionManager - Initiating transaction commit
2026-03-16 17:00:16 [http-nio-8080-exec-8] DEBUG o.s.orm.jpa.JpaTransactionManager - Committing JPA transaction on EntityManager [SessionImpl(1763772156<open>)]
2026-03-16 17:00:16 [http-nio-8080-exec-10] DEBUG o.s.orm.jpa.JpaTransactionManager - Initiating transaction commit
2026-03-16 17:00:16 [http-nio-8080-exec-10] DEBUG o.s.orm.jpa.JpaTransactionManager - Committing JPA transaction on EntityManager [SessionImpl(1525672053<open>)]
2026-03-16 17:00:16 [http-nio-8080-exec-1] DEBUG o.s.orm.jpa.JpaTransactionManager - Closing JPA EntityManager [SessionImpl(1005607459<open>)] after transaction
2026-03-16 17:00:16 [http-nio-8080-exec-1] DEBUG c.c.p.s.jwt.JwtAuthenticationFilter - >>> [JwtFilter] Successfully authenticated user: USRCNFRM_99999999999, Authorities: [ROLE_ADMIN]
2026-03-16 17:00:16 [http-nio-8080-exec-1] DEBUG o.s.web.servlet.DispatcherServlet - GET "/api/v1/notifications/unread-count", parameters={}
2026-03-16 17:00:16 [http-nio-8080-exec-1] TRACE o.s.w.s.m.m.a.RequestMappingHandlerMapping - Mapped to com.company.project.api.controller.notification.NotificationController#getUnreadCount(UserDetails)
2026-03-16 17:00:16 [http-nio-8080-exec-1] DEBUG o.s.orm.jpa.JpaTransactionManager - Creating new transaction with name [com.company.project.service.notification.NotificationService.getUnreadCount]: PROPAGATION_REQUIRED,ISOLATION_DEFAULT,readOnly
2026-03-16 17:00:16 [http-nio-8080-exec-1] DEBUG o.s.orm.jpa.JpaTransactionManager - Opened new EntityManager [SessionImpl(1718217848<open>)] for JPA transaction
2026-03-16 17:00:16 [http-nio-8080-exec-1] DEBUG o.s.orm.jpa.JpaTransactionManager - Exposing JPA transaction as JDBC [org.springframework.orm.jpa.vendor.HibernateJpaDialect$HibernateConnectionHandle@3ac1c30]
2026-03-16 17:00:16 [http-nio-8080-exec-1] DEBUG org.hibernate.SQL - select count(n1_0.ntcn_no) from n_user_notification n1_0 where n1_0.receiver_id=? and n1_0.is_read=?
2026-03-16 17:00:16 [http-nio-8080-exec-8] DEBUG o.s.orm.jpa.JpaTransactionManager - Closing JPA EntityManager [SessionImpl(1763772156<open>)] after transaction
2026-03-16 17:00:16 [http-nio-8080-exec-8] INFO  c.c.p.a.c.menu.MenuController - getLeftMenu returned 5 items
2026-03-16 17:00:16 [http-nio-8080-exec-8] DEBUG o.s.w.s.m.m.a.HttpEntityMethodProcessor - Using 'application/json', given [application/json, text/plain, */*] and supported [application/json, application/*+json, application/yaml]
2026-03-16 17:00:16 [http-nio-8080-exec-8] TRACE o.s.w.s.m.m.a.HttpEntityMethodProcessor - Writing [ApiResponse[success=true, status=200, code=COMMON_001, message=Success, data={list=[com.company.project.service.menu.dto.MenuDto@5d7c5186, com.company.project.service.menu.dto.MenuDto@2bd5aa64, com.company.project.service.menu.dto.MenuDto@338197e8, com.company.project.service.menu.dto.MenuDto@dc84c97, com.company.project.service.menu.dto.MenuDto@3287ccc9]}, timestamp=2026-03-16T17:00:16.631732900]]
2026-03-16 17:00:16 [http-nio-8080-exec-8] INFO  c.c.p.a.i.OperationalAuditInterceptor - API Audit Log: URL=/api/v1/menu/left, User=webmaster, IP=127.0.0.1
2026-03-16 17:00:16 [http-nio-8080-exec-8] DEBUG o.s.web.servlet.DispatcherServlet - Completed 200 OK
2026-03-16 17:00:16 [http-nio-8080-exec-7] DEBUG c.c.p.s.jwt.JwtAuthenticationFilter - >>> [JwtFilter] Processing request: GET /api/v1/menu/left
2026-03-16 17:00:16 [http-nio-8080-exec-7] DEBUG c.c.p.s.jwt.JwtAuthenticationFilter - >>> [JwtFilter] Found token in header for path: /api/v1/menu/left
2026-03-16 17:00:16 [http-nio-8080-exec-7] DEBUG o.s.orm.jpa.JpaTransactionManager - Creating new transaction with name [com.company.project.security.iam.CustomUserDetailsService.loadUserByUsername]: PROPAGATION_REQUIRED,ISOLATION_DEFAULT,readOnly
2026-03-16 17:00:16 [http-nio-8080-exec-7] DEBUG o.s.orm.jpa.JpaTransactionManager - Opened new EntityManager [SessionImpl(1097862464<open>)] for JPA transaction
2026-03-16 17:00:16 [http-nio-8080-exec-10] DEBUG o.s.orm.jpa.JpaTransactionManager - Closing JPA EntityManager [SessionImpl(1525672053<open>)] after transaction
2026-03-16 17:00:16 [http-nio-8080-exec-10] DEBUG c.c.p.s.jwt.JwtAuthenticationFilter - >>> [JwtFilter] Successfully authenticated user: USRCNFRM_99999999999, Authorities: [ROLE_ADMIN]
2026-03-16 17:00:16 [http-nio-8080-exec-10] DEBUG o.s.web.servlet.DispatcherServlet - GET "/api/v1/notifications", parameters={}
2026-03-16 17:00:16 [http-nio-8080-exec-10] TRACE o.s.w.s.m.m.a.RequestMappingHandlerMapping - Mapped to com.company.project.api.controller.notification.NotificationController#getMyNotifications(UserDetails)
2026-03-16 17:00:16 [http-nio-8080-exec-10] DEBUG o.s.orm.jpa.JpaTransactionManager - Creating new transaction with name [com.company.project.service.notification.NotificationService.getActiveNotifications]: PROPAGATION_REQUIRED,ISOLATION_DEFAULT,readOnly
2026-03-16 17:00:16 [http-nio-8080-exec-10] DEBUG o.s.orm.jpa.JpaTransactionManager - Opened new EntityManager [SessionImpl(1816627620<open>)] for JPA transaction
2026-03-16 17:00:16 [http-nio-8080-exec-10] DEBUG o.s.orm.jpa.JpaTransactionManager - Exposing JPA transaction as JDBC [org.springframework.orm.jpa.vendor.HibernateJpaDialect$HibernateConnectionHandle@2b219cd0]
2026-03-16 17:00:16 [http-nio-8080-exec-10] DEBUG o.s.orm.jpa.JpaTransactionManager - Found thread-bound EntityManager [SessionImpl(1816627620<open>)] for JPA transaction
2026-03-16 17:00:16 [http-nio-8080-exec-10] DEBUG o.s.orm.jpa.JpaTransactionManager - Participating in existing transaction
2026-03-16 17:00:16 [http-nio-8080-exec-10] DEBUG org.hibernate.SQL - select n1_0.ntcn_no,n1_0.frst_register_id,n1_0.frst_regist_pnttm,n1_0.is_read,n1_0.last_updusr_id,n1_0.last_updt_pnttm,n1_0.link_url,n1_0.ntcn_cn,n1_0.ntcn_sj,n1_0.receiver_id from n_user_notification n1_0
2026-03-16 17:00:16 [http-nio-8080-exec-1] DEBUG o.s.orm.jpa.JpaTransactionManager - Initiating transaction commit
2026-03-16 17:00:16 [http-nio-8080-exec-1] DEBUG o.s.orm.jpa.JpaTransactionManager - Committing JPA transaction on EntityManager [SessionImpl(1718217848<open>)]
2026-03-16 17:00:16 [http-nio-8080-exec-7] DEBUG o.s.orm.jpa.JpaTransactionManager - Exposing JPA transaction as JDBC [org.springframework.orm.jpa.vendor.HibernateJpaDialect$HibernateConnectionHandle@9bc7d1e]
2026-03-16 17:00:16 [http-nio-8080-exec-7] DEBUG o.s.orm.jpa.JpaTransactionManager - Found thread-bound EntityManager [SessionImpl(1097862464<open>)] for JPA transaction
2026-03-16 17:00:16 [http-nio-8080-exec-7] DEBUG o.s.orm.jpa.JpaTransactionManager - Participating in existing transaction
2026-03-16 17:00:16 [http-nio-8080-exec-7] DEBUG org.hibernate.SQL - select u1_0.emplyr_id,u1_0.area_no,u1_0.brthdy,u1_0.chg_pwd_cnt,u1_0.frst_register_id,u1_0.frst_regist_pnttm,u1_0.detail_adres,u1_0.email_adres,u1_0.emplyr_sttus_code,u1_0.empl_no,u1_0.esntl_id,u1_0.fxnum,u1_0.group_id,u1_0.house_adres,u1_0.house_end_telno,u1_0.house_middle_telno,u1_0.ihidnum,u1_0.pstinst_code,u1_0.last_updusr_id,u1_0.last_updt_pnttm,u1_0.lock_at,u1_0.lock_cnt,u1_0.lock_last_pnttm,u1_0.mbtlnum,u1_0.ofcps_nm,u1_0.offm_telno,u1_0.orgnzt_id,u1_0.password,u1_0.password_cnsr,u1_0.password_hint,u1_0.chg_pwd_last_pnttm,u1_0.role,u1_0.sbscrb_de,u1_0.sexdstn_code,u1_0.crtfc_dn_value,u1_0.user_nm,u1_0.zip from nemplyrinfo u1_0 where u1_0.emplyr_id=?
2026-03-16 17:00:16 [http-nio-8080-exec-10] DEBUG o.s.orm.jpa.JpaTransactionManager - Initiating transaction commit
2026-03-16 17:00:16 [http-nio-8080-exec-10] DEBUG o.s.orm.jpa.JpaTransactionManager - Committing JPA transaction on EntityManager [SessionImpl(1816627620<open>)]
2026-03-16 17:00:16 [http-nio-8080-exec-1] DEBUG o.s.orm.jpa.JpaTransactionManager - Closing JPA EntityManager [SessionImpl(1718217848<open>)] after transaction
2026-03-16 17:00:16 [http-nio-8080-exec-1] DEBUG o.s.w.s.m.m.a.HttpEntityMethodProcessor - Using 'application/json', given [application/json, text/plain, */*] and supported [application/json, application/*+json, application/yaml]
2026-03-16 17:00:16 [http-nio-8080-exec-1] TRACE o.s.w.s.m.m.a.HttpEntityMethodProcessor - Writing [ApiResponse[success=true, status=200, code=COMMON_001, message=Success, data=0, timestamp=2026-03-16T17:00:16.926415100]]
2026-03-16 17:00:16 [http-nio-8080-exec-1] INFO  c.c.p.a.i.OperationalAuditInterceptor - API Audit Log: URL=/api/v1/notifications/unread-count, User=webmaster, IP=127.0.0.1
2026-03-16 17:00:16 [http-nio-8080-exec-1] DEBUG o.s.web.servlet.DispatcherServlet - Completed 200 OK
2026-03-16 17:00:16 [http-nio-8080-exec-3] DEBUG c.c.p.s.jwt.JwtAuthenticationFilter - >>> [JwtFilter] Processing request: GET /api/v1/notifications/unread-count
2026-03-16 17:00:16 [http-nio-8080-exec-3] DEBUG c.c.p.s.jwt.JwtAuthenticationFilter - >>> [JwtFilter] Found token in header for path: /api/v1/notifications/unread-count
2026-03-16 17:00:16 [http-nio-8080-exec-3] DEBUG o.s.orm.jpa.JpaTransactionManager - Creating new transaction with name [com.company.project.security.iam.CustomUserDetailsService.loadUserByUsername]: PROPAGATION_REQUIRED,ISOLATION_DEFAULT,readOnly
2026-03-16 17:00:16 [http-nio-8080-exec-3] DEBUG o.s.orm.jpa.JpaTransactionManager - Opened new EntityManager [SessionImpl(1428437086<open>)] for JPA transaction
2026-03-16 17:00:16 [http-nio-8080-exec-7] DEBUG o.s.orm.jpa.JpaTransactionManager - Found thread-bound EntityManager [SessionImpl(1097862464<open>)] for JPA transaction
2026-03-16 17:00:16 [http-nio-8080-exec-7] DEBUG o.s.orm.jpa.JpaTransactionManager - Participating in existing transaction
2026-03-16 17:00:16 [http-nio-8080-exec-7] DEBUG org.hibernate.SQL - select ua1_0.scrty_dtrmn_trget_id,ua1_0.author_code,ua1_0.frst_register_id,ua1_0.frst_regist_pnttm,ua1_0.last_updusr_id,ua1_0.last_updt_pnttm,ua1_0.mber_ty_code from nemplyrscrtyestbs ua1_0 where ua1_0.scrty_dtrmn_trget_id=?
2026-03-16 17:00:16 [http-nio-8080-exec-10] DEBUG o.s.orm.jpa.JpaTransactionManager - Closing JPA EntityManager [SessionImpl(1816627620<open>)] after transaction
2026-03-16 17:00:16 [http-nio-8080-exec-10] DEBUG o.s.w.s.m.m.a.HttpEntityMethodProcessor - Using 'application/json', given [application/json, text/plain, */*] and supported [application/json, application/*+json, application/yaml]
2026-03-16 17:00:16 [http-nio-8080-exec-10] TRACE o.s.w.s.m.m.a.HttpEntityMethodProcessor - Writing [ApiResponse[success=true, status=200, code=COMMON_001, message=Success, data=[NotificationDto(ntfcNo=NT001, ntfcSj=테스트 알림입니다, ntfcCn=알림 내용입니다, ntfcDate=null, ntfcTime=2026-02-25T00:59:33.784070, bhNtfcIntrvl=null, uniqId=null, frstRegisterId=null, frstRegisterPnttm=2026-02-25T00:59:33.784070, lastUpdusrId=null, lastUpdusrPnttm=null)], timestamp=2026-03-16T17:00:16.964433700]]
2026-03-16 17:00:16 [http-nio-8080-exec-10] INFO  c.c.p.a.i.OperationalAuditInterceptor - API Audit Log: URL=/api/v1/notifications, User=webmaster, IP=127.0.0.1
2026-03-16 17:00:16 [http-nio-8080-exec-10] DEBUG o.s.web.servlet.DispatcherServlet - Completed 200 OK
2026-03-16 17:00:16 [http-nio-8080-exec-9] DEBUG c.c.p.s.jwt.JwtAuthenticationFilter - >>> [JwtFilter] Processing request: GET /api/v1/notifications
2026-03-16 17:00:16 [http-nio-8080-exec-9] DEBUG c.c.p.s.jwt.JwtAuthenticationFilter - >>> [JwtFilter] Found token in header for path: /api/v1/notifications
2026-03-16 17:00:16 [http-nio-8080-exec-9] DEBUG o.s.orm.jpa.JpaTransactionManager - Creating new transaction with name [com.company.project.security.iam.CustomUserDetailsService.loadUserByUsername]: PROPAGATION_REQUIRED,ISOLATION_DEFAULT,readOnly
2026-03-16 17:00:16 [http-nio-8080-exec-9] DEBUG o.s.orm.jpa.JpaTransactionManager - Opened new EntityManager [SessionImpl(853074514<open>)] for JPA transaction
2026-03-16 17:00:17 [http-nio-8080-exec-3] DEBUG o.s.orm.jpa.JpaTransactionManager - Exposing JPA transaction as JDBC [org.springframework.orm.jpa.vendor.HibernateJpaDialect$HibernateConnectionHandle@40957e3]
2026-03-16 17:00:17 [http-nio-8080-exec-3] DEBUG o.s.orm.jpa.JpaTransactionManager - Found thread-bound EntityManager [SessionImpl(1428437086<open>)] for JPA transaction
2026-03-16 17:00:17 [http-nio-8080-exec-3] DEBUG o.s.orm.jpa.JpaTransactionManager - Participating in existing transaction
2026-03-16 17:00:17 [http-nio-8080-exec-3] DEBUG org.hibernate.SQL - select u1_0.emplyr_id,u1_0.area_no,u1_0.brthdy,u1_0.chg_pwd_cnt,u1_0.frst_register_id,u1_0.frst_regist_pnttm,u1_0.detail_adres,u1_0.email_adres,u1_0.emplyr_sttus_code,u1_0.empl_no,u1_0.esntl_id,u1_0.fxnum,u1_0.group_id,u1_0.house_adres,u1_0.house_end_telno,u1_0.house_middle_telno,u1_0.ihidnum,u1_0.pstinst_code,u1_0.last_updusr_id,u1_0.last_updt_pnttm,u1_0.lock_at,u1_0.lock_cnt,u1_0.lock_last_pnttm,u1_0.mbtlnum,u1_0.ofcps_nm,u1_0.offm_telno,u1_0.orgnzt_id,u1_0.password,u1_0.password_cnsr,u1_0.password_hint,u1_0.chg_pwd_last_pnttm,u1_0.role,u1_0.sbscrb_de,u1_0.sexdstn_code,u1_0.crtfc_dn_value,u1_0.user_nm,u1_0.zip from nemplyrinfo u1_0 where u1_0.emplyr_id=?
2026-03-16 17:00:17 [http-nio-8080-exec-7] DEBUG o.s.orm.jpa.JpaTransactionManager - Initiating transaction commit
2026-03-16 17:00:17 [http-nio-8080-exec-7] DEBUG o.s.orm.jpa.JpaTransactionManager - Committing JPA transaction on EntityManager [SessionImpl(1097862464<open>)]
2026-03-16 17:00:17 [http-nio-8080-exec-9] DEBUG o.s.orm.jpa.JpaTransactionManager - Exposing JPA transaction as JDBC [org.springframework.orm.jpa.vendor.HibernateJpaDialect$HibernateConnectionHandle@2a561614]
2026-03-16 17:00:17 [http-nio-8080-exec-9] DEBUG o.s.orm.jpa.JpaTransactionManager - Found thread-bound EntityManager [SessionImpl(853074514<open>)] for JPA transaction
2026-03-16 17:00:17 [http-nio-8080-exec-9] DEBUG o.s.orm.jpa.JpaTransactionManager - Participating in existing transaction
2026-03-16 17:00:17 [http-nio-8080-exec-9] DEBUG org.hibernate.SQL - select u1_0.emplyr_id,u1_0.area_no,u1_0.brthdy,u1_0.chg_pwd_cnt,u1_0.frst_register_id,u1_0.frst_regist_pnttm,u1_0.detail_adres,u1_0.email_adres,u1_0.emplyr_sttus_code,u1_0.empl_no,u1_0.esntl_id,u1_0.fxnum,u1_0.group_id,u1_0.house_adres,u1_0.house_end_telno,u1_0.house_middle_telno,u1_0.ihidnum,u1_0.pstinst_code,u1_0.last_updusr_id,u1_0.last_updt_pnttm,u1_0.lock_at,u1_0.lock_cnt,u1_0.lock_last_pnttm,u1_0.mbtlnum,u1_0.ofcps_nm,u1_0.offm_telno,u1_0.orgnzt_id,u1_0.password,u1_0.password_cnsr,u1_0.password_hint,u1_0.chg_pwd_last_pnttm,u1_0.role,u1_0.sbscrb_de,u1_0.sexdstn_code,u1_0.crtfc_dn_value,u1_0.user_nm,u1_0.zip from nemplyrinfo u1_0 where u1_0.emplyr_id=?
2026-03-16 17:00:17 [http-nio-8080-exec-3] DEBUG o.s.orm.jpa.JpaTransactionManager - Found thread-bound EntityManager [SessionImpl(1428437086<open>)] for JPA transaction
2026-03-16 17:00:17 [http-nio-8080-exec-3] DEBUG o.s.orm.jpa.JpaTransactionManager - Participating in existing transaction
2026-03-16 17:00:17 [http-nio-8080-exec-3] DEBUG org.hibernate.SQL - select ua1_0.scrty_dtrmn_trget_id,ua1_0.author_code,ua1_0.frst_register_id,ua1_0.frst_regist_pnttm,ua1_0.last_updusr_id,ua1_0.last_updt_pnttm,ua1_0.mber_ty_code from nemplyrscrtyestbs ua1_0 where ua1_0.scrty_dtrmn_trget_id=?
2026-03-16 17:00:17 [http-nio-8080-exec-7] DEBUG o.s.orm.jpa.JpaTransactionManager - Closing JPA EntityManager [SessionImpl(1097862464<open>)] after transaction
2026-03-16 17:00:17 [http-nio-8080-exec-7] DEBUG c.c.p.s.jwt.JwtAuthenticationFilter - >>> [JwtFilter] Successfully authenticated user: USRCNFRM_99999999999, Authorities: [ROLE_ADMIN]
2026-03-16 17:00:17 [http-nio-8080-exec-7] DEBUG o.s.web.servlet.DispatcherServlet - GET "/api/v1/menu/left?menuNo=20", parameters={masked}
2026-03-16 17:00:17 [http-nio-8080-exec-7] TRACE o.s.w.s.m.m.a.RequestMappingHandlerMapping - Mapped to com.company.project.api.controller.menu.MenuController#getLeftMenu(Long)
2026-03-16 17:00:17 [http-nio-8080-exec-7] INFO  c.c.p.a.c.menu.MenuController - getLeftMenu called with menuNo=20
2026-03-16 17:00:17 [http-nio-8080-exec-7] DEBUG o.s.orm.jpa.JpaTransactionManager - Creating new transaction with name [com.company.project.service.menu.MenuService.getSubMenus]: PROPAGATION_REQUIRED,ISOLATION_DEFAULT,readOnly
2026-03-16 17:00:17 [http-nio-8080-exec-7] DEBUG o.s.orm.jpa.JpaTransactionManager - Opened new EntityManager [SessionImpl(729715488<open>)] for JPA transaction
2026-03-16 17:00:17 [http-nio-8080-exec-7] DEBUG o.s.orm.jpa.JpaTransactionManager - Exposing JPA transaction as JDBC [org.springframework.orm.jpa.vendor.HibernateJpaDialect$HibernateConnectionHandle@7827aca1]
2026-03-16 17:00:17 [http-nio-8080-exec-7] DEBUG org.hibernate.SQL - select m1_0.menu_no,m1_0.menu_dc,m1_0.menu_nm,m1_0.menu_ordr,m1_0.modern_route,m1_0.progrm_file_nm,m1_0.relate_image_nm,m1_0.relate_image_path,m1_0.route_updated_at,m1_0.upper_menu_no from nmenuinfo m1_0 order by m1_0.upper_menu_no,m1_0.menu_ordr
2026-03-16 17:00:17 [http-nio-8080-exec-9] DEBUG o.s.orm.jpa.JpaTransactionManager - Found thread-bound EntityManager [SessionImpl(853074514<open>)] for JPA transaction
2026-03-16 17:00:17 [http-nio-8080-exec-9] DEBUG o.s.orm.jpa.JpaTransactionManager - Participating in existing transaction
2026-03-16 17:00:17 [http-nio-8080-exec-9] DEBUG org.hibernate.SQL - select ua1_0.scrty_dtrmn_trget_id,ua1_0.author_code,ua1_0.frst_register_id,ua1_0.frst_regist_pnttm,ua1_0.last_updusr_id,ua1_0.last_updt_pnttm,ua1_0.mber_ty_code from nemplyrscrtyestbs ua1_0 where ua1_0.scrty_dtrmn_trget_id=?
2026-03-16 17:00:17 [http-nio-8080-exec-3] DEBUG o.s.orm.jpa.JpaTransactionManager - Initiating transaction commit
2026-03-16 17:00:17 [http-nio-8080-exec-3] DEBUG o.s.orm.jpa.JpaTransactionManager - Committing JPA transaction on EntityManager [SessionImpl(1428437086<open>)]
2026-03-16 17:00:17 [http-nio-8080-exec-9] DEBUG o.s.orm.jpa.JpaTransactionManager - Initiating transaction commit
2026-03-16 17:00:17 [http-nio-8080-exec-9] DEBUG o.s.orm.jpa.JpaTransactionManager - Committing JPA transaction on EntityManager [SessionImpl(853074514<open>)]
2026-03-16 17:00:17 [http-nio-8080-exec-3] DEBUG o.s.orm.jpa.JpaTransactionManager - Closing JPA EntityManager [SessionImpl(1428437086<open>)] after transaction
2026-03-16 17:00:17 [http-nio-8080-exec-3] DEBUG c.c.p.s.jwt.JwtAuthenticationFilter - >>> [JwtFilter] Successfully authenticated user: USRCNFRM_99999999999, Authorities: [ROLE_ADMIN]
2026-03-16 17:00:17 [http-nio-8080-exec-3] DEBUG o.s.web.servlet.DispatcherServlet - GET "/api/v1/notifications/unread-count", parameters={}
2026-03-16 17:00:17 [http-nio-8080-exec-3] TRACE o.s.w.s.m.m.a.RequestMappingHandlerMapping - Mapped to com.company.project.api.controller.notification.NotificationController#getUnreadCount(UserDetails)
2026-03-16 17:00:17 [http-nio-8080-exec-3] DEBUG o.s.orm.jpa.JpaTransactionManager - Creating new transaction with name [com.company.project.service.notification.NotificationService.getUnreadCount]: PROPAGATION_REQUIRED,ISOLATION_DEFAULT,readOnly
2026-03-16 17:00:17 [http-nio-8080-exec-3] DEBUG o.s.orm.jpa.JpaTransactionManager - Opened new EntityManager [SessionImpl(554440113<open>)] for JPA transaction
2026-03-16 17:00:17 [http-nio-8080-exec-3] DEBUG o.s.orm.jpa.JpaTransactionManager - Exposing JPA transaction as JDBC [org.springframework.orm.jpa.vendor.HibernateJpaDialect$HibernateConnectionHandle@6c4c7d0d]
2026-03-16 17:00:17 [http-nio-8080-exec-3] DEBUG org.hibernate.SQL - select count(n1_0.ntcn_no) from n_user_notification n1_0 where n1_0.receiver_id=? and n1_0.is_read=?
2026-03-16 17:00:17 [http-nio-8080-exec-9] DEBUG o.s.orm.jpa.JpaTransactionManager - Closing JPA EntityManager [SessionImpl(853074514<open>)] after transaction
2026-03-16 17:00:17 [http-nio-8080-exec-9] DEBUG c.c.p.s.jwt.JwtAuthenticationFilter - >>> [JwtFilter] Successfully authenticated user: USRCNFRM_99999999999, Authorities: [ROLE_ADMIN]
2026-03-16 17:00:17 [http-nio-8080-exec-9] DEBUG o.s.web.servlet.DispatcherServlet - GET "/api/v1/notifications", parameters={}
2026-03-16 17:00:17 [http-nio-8080-exec-9] TRACE o.s.w.s.m.m.a.RequestMappingHandlerMapping - Mapped to com.company.project.api.controller.notification.NotificationController#getMyNotifications(UserDetails)
2026-03-16 17:00:17 [http-nio-8080-exec-9] DEBUG o.s.orm.jpa.JpaTransactionManager - Creating new transaction with name [com.company.project.service.notification.NotificationService.getActiveNotifications]: PROPAGATION_REQUIRED,ISOLATION_DEFAULT,readOnly
2026-03-16 17:00:17 [http-nio-8080-exec-9] DEBUG o.s.orm.jpa.JpaTransactionManager - Opened new EntityManager [SessionImpl(1465865087<open>)] for JPA transaction
2026-03-16 17:00:17 [http-nio-8080-exec-9] DEBUG o.s.orm.jpa.JpaTransactionManager - Exposing JPA transaction as JDBC [org.springframework.orm.jpa.vendor.HibernateJpaDialect$HibernateConnectionHandle@2aa46654]
2026-03-16 17:00:17 [http-nio-8080-exec-9] DEBUG o.s.orm.jpa.JpaTransactionManager - Found thread-bound EntityManager [SessionImpl(1465865087<open>)] for JPA transaction
2026-03-16 17:00:17 [http-nio-8080-exec-9] DEBUG o.s.orm.jpa.JpaTransactionManager - Participating in existing transaction
2026-03-16 17:00:17 [http-nio-8080-exec-9] DEBUG org.hibernate.SQL - select n1_0.ntcn_no,n1_0.frst_register_id,n1_0.frst_regist_pnttm,n1_0.is_read,n1_0.last_updusr_id,n1_0.last_updt_pnttm,n1_0.link_url,n1_0.ntcn_cn,n1_0.ntcn_sj,n1_0.receiver_id from n_user_notification n1_0
2026-03-16 17:00:17 [http-nio-8080-exec-7] DEBUG o.s.orm.jpa.JpaTransactionManager - Found thread-bound EntityManager [SessionImpl(729715488<open>)] for JPA transaction
2026-03-16 17:00:17 [http-nio-8080-exec-7] DEBUG o.s.orm.jpa.JpaTransactionManager - Participating in existing transaction
2026-03-16 17:00:17 [http-nio-8080-exec-7] DEBUG org.hibernate.SQL - select p1_0.progrm_file_nm,p1_0.progrm_dc,p1_0.progrm_korean_nm,p1_0.progrm_stre_path,p1_0.url from nprogrmlist p1_0
2026-03-16 17:00:17 [http-nio-8080-exec-3] DEBUG o.s.orm.jpa.JpaTransactionManager - Initiating transaction commit
2026-03-16 17:00:17 [http-nio-8080-exec-3] DEBUG o.s.orm.jpa.JpaTransactionManager - Committing JPA transaction on EntityManager [SessionImpl(554440113<open>)]
2026-03-16 17:00:17 [http-nio-8080-exec-9] DEBUG o.s.orm.jpa.JpaTransactionManager - Initiating transaction commit
2026-03-16 17:00:17 [http-nio-8080-exec-9] DEBUG o.s.orm.jpa.JpaTransactionManager - Committing JPA transaction on EntityManager [SessionImpl(1465865087<open>)]
2026-03-16 17:00:17 [http-nio-8080-exec-7] DEBUG o.s.orm.jpa.JpaTransactionManager - Initiating transaction commit
2026-03-16 17:00:17 [http-nio-8080-exec-7] DEBUG o.s.orm.jpa.JpaTransactionManager - Committing JPA transaction on EntityManager [SessionImpl(729715488<open>)]
2026-03-16 17:00:17 [http-nio-8080-exec-3] DEBUG o.s.orm.jpa.JpaTransactionManager - Closing JPA EntityManager [SessionImpl(554440113<open>)] after transaction
2026-03-16 17:00:17 [http-nio-8080-exec-9] DEBUG o.s.orm.jpa.JpaTransactionManager - Closing JPA EntityManager [SessionImpl(1465865087<open>)] after transaction
2026-03-16 17:00:17 [http-nio-8080-exec-3] DEBUG o.s.w.s.m.m.a.HttpEntityMethodProcessor - Using 'application/json', given [application/json, text/plain, */*] and supported [application/json, application/*+json, application/yaml]
2026-03-16 17:00:17 [http-nio-8080-exec-9] DEBUG o.s.w.s.m.m.a.HttpEntityMethodProcessor - Using 'application/json', given [application/json, text/plain, */*] and supported [application/json, application/*+json, application/yaml]
2026-03-16 17:00:17 [http-nio-8080-exec-3] TRACE o.s.w.s.m.m.a.HttpEntityMethodProcessor - Writing [ApiResponse[success=true, status=200, code=COMMON_001, message=Success, data=0, timestamp=2026-03-16T17:00:17.882213600]]
2026-03-16 17:00:17 [http-nio-8080-exec-9] TRACE o.s.w.s.m.m.a.HttpEntityMethodProcessor - Writing [ApiResponse[success=true, status=200, code=COMMON_001, message=Success, data=[NotificationDto(ntfcNo=NT001, ntfcSj=테스트 알림입니다, ntfcCn=알림 내용입니다, ntfcDate=null, ntfcTime=2026-02-25T00:59:33.784070, bhNtfcIntrvl=null, uniqId=null, frstRegisterId=null, frstRegisterPnttm=2026-02-25T00:59:33.784070, lastUpdusrId=null, lastUpdusrPnttm=null)], timestamp=2026-03-16T17:00:17.882213600]]
2026-03-16 17:00:17 [http-nio-8080-exec-3] INFO  c.c.p.a.i.OperationalAuditInterceptor - API Audit Log: URL=/api/v1/notifications/unread-count, User=webmaster, IP=127.0.0.1
2026-03-16 17:00:17 [http-nio-8080-exec-9] INFO  c.c.p.a.i.OperationalAuditInterceptor - API Audit Log: URL=/api/v1/notifications, User=webmaster, IP=127.0.0.1
2026-03-16 17:00:17 [http-nio-8080-exec-3] DEBUG o.s.web.servlet.DispatcherServlet - Completed 200 OK
2026-03-16 17:00:17 [http-nio-8080-exec-9] DEBUG o.s.web.servlet.DispatcherServlet - Completed 200 OK
2026-03-16 17:00:17 [http-nio-8080-exec-7] DEBUG o.s.orm.jpa.JpaTransactionManager - Closing JPA EntityManager [SessionImpl(729715488<open>)] after transaction
2026-03-16 17:00:17 [http-nio-8080-exec-7] INFO  c.c.p.a.c.menu.MenuController - getLeftMenu returned 3 items
2026-03-16 17:00:17 [http-nio-8080-exec-7] DEBUG o.s.w.s.m.m.a.HttpEntityMethodProcessor - Using 'application/json', given [application/json, text/plain, */*] and supported [application/json, application/*+json, application/yaml]
2026-03-16 17:00:17 [http-nio-8080-exec-7] TRACE o.s.w.s.m.m.a.HttpEntityMethodProcessor - Writing [ApiResponse[success=true, status=200, code=COMMON_001, message=Success, data={list=[com.company.project.service.menu.dto.MenuDto@19df4142, com.company.project.service.menu.dto.MenuDto@1f95aed, com.company.project.service.menu.dto.MenuDto@13fd6904]}, timestamp=2026-03-16T17:00:17.906318900]]
2026-03-16 17:00:17 [http-nio-8080-exec-7] INFO  c.c.p.a.i.OperationalAuditInterceptor - API Audit Log: URL=/api/v1/menu/left, User=webmaster, IP=127.0.0.1
2026-03-16 17:00:17 [http-nio-8080-exec-7] DEBUG o.s.web.servlet.DispatcherServlet - Completed 200 OK
2026-03-16 17:00:17 [http-nio-8080-exec-4] DEBUG c.c.p.s.jwt.JwtAuthenticationFilter - >>> [JwtFilter] Processing request: GET /api/v1/menu/left
2026-03-16 17:00:17 [http-nio-8080-exec-4] DEBUG c.c.p.s.jwt.JwtAuthenticationFilter - >>> [JwtFilter] Found token in header for path: /api/v1/menu/left
2026-03-16 17:00:17 [http-nio-8080-exec-4] DEBUG o.s.orm.jpa.JpaTransactionManager - Creating new transaction with name [com.company.project.security.iam.CustomUserDetailsService.loadUserByUsername]: PROPAGATION_REQUIRED,ISOLATION_DEFAULT,readOnly
2026-03-16 17:00:17 [http-nio-8080-exec-4] DEBUG o.s.orm.jpa.JpaTransactionManager - Opened new EntityManager [SessionImpl(958894081<open>)] for JPA transaction
2026-03-16 17:00:18 [http-nio-8080-exec-4] DEBUG o.s.orm.jpa.JpaTransactionManager - Exposing JPA transaction as JDBC [org.springframework.orm.jpa.vendor.HibernateJpaDialect$HibernateConnectionHandle@6a475a14]
2026-03-16 17:00:18 [http-nio-8080-exec-4] DEBUG o.s.orm.jpa.JpaTransactionManager - Found thread-bound EntityManager [SessionImpl(958894081<open>)] for JPA transaction
2026-03-16 17:00:18 [http-nio-8080-exec-4] DEBUG o.s.orm.jpa.JpaTransactionManager - Participating in existing transaction
2026-03-16 17:00:18 [http-nio-8080-exec-4] DEBUG org.hibernate.SQL - select u1_0.emplyr_id,u1_0.area_no,u1_0.brthdy,u1_0.chg_pwd_cnt,u1_0.frst_register_id,u1_0.frst_regist_pnttm,u1_0.detail_adres,u1_0.email_adres,u1_0.emplyr_sttus_code,u1_0.empl_no,u1_0.esntl_id,u1_0.fxnum,u1_0.group_id,u1_0.house_adres,u1_0.house_end_telno,u1_0.house_middle_telno,u1_0.ihidnum,u1_0.pstinst_code,u1_0.last_updusr_id,u1_0.last_updt_pnttm,u1_0.lock_at,u1_0.lock_cnt,u1_0.lock_last_pnttm,u1_0.mbtlnum,u1_0.ofcps_nm,u1_0.offm_telno,u1_0.orgnzt_id,u1_0.password,u1_0.password_cnsr,u1_0.password_hint,u1_0.chg_pwd_last_pnttm,u1_0.role,u1_0.sbscrb_de,u1_0.sexdstn_code,u1_0.crtfc_dn_value,u1_0.user_nm,u1_0.zip from nemplyrinfo u1_0 where u1_0.emplyr_id=?
2026-03-16 17:00:18 [http-nio-8080-exec-4] DEBUG o.s.orm.jpa.JpaTransactionManager - Found thread-bound EntityManager [SessionImpl(958894081<open>)] for JPA transaction
2026-03-16 17:00:18 [http-nio-8080-exec-4] DEBUG o.s.orm.jpa.JpaTransactionManager - Participating in existing transaction
2026-03-16 17:00:18 [http-nio-8080-exec-4] DEBUG org.hibernate.SQL - select ua1_0.scrty_dtrmn_trget_id,ua1_0.author_code,ua1_0.frst_register_id,ua1_0.frst_regist_pnttm,ua1_0.last_updusr_id,ua1_0.last_updt_pnttm,ua1_0.mber_ty_code from nemplyrscrtyestbs ua1_0 where ua1_0.scrty_dtrmn_trget_id=?
2026-03-16 17:00:18 [http-nio-8080-exec-4] DEBUG o.s.orm.jpa.JpaTransactionManager - Initiating transaction commit
2026-03-16 17:00:18 [http-nio-8080-exec-4] DEBUG o.s.orm.jpa.JpaTransactionManager - Committing JPA transaction on EntityManager [SessionImpl(958894081<open>)]
2026-03-16 17:00:18 [http-nio-8080-exec-4] DEBUG o.s.orm.jpa.JpaTransactionManager - Closing JPA EntityManager [SessionImpl(958894081<open>)] after transaction
2026-03-16 17:00:18 [http-nio-8080-exec-4] DEBUG c.c.p.s.jwt.JwtAuthenticationFilter - >>> [JwtFilter] Successfully authenticated user: USRCNFRM_99999999999, Authorities: [ROLE_ADMIN]
2026-03-16 17:00:18 [http-nio-8080-exec-4] DEBUG o.s.web.servlet.DispatcherServlet - GET "/api/v1/menu/left?menuNo=40", parameters={masked}
2026-03-16 17:00:18 [http-nio-8080-exec-4] TRACE o.s.w.s.m.m.a.RequestMappingHandlerMapping - Mapped to com.company.project.api.controller.menu.MenuController#getLeftMenu(Long)
2026-03-16 17:00:18 [http-nio-8080-exec-4] INFO  c.c.p.a.c.menu.MenuController - getLeftMenu called with menuNo=40
2026-03-16 17:00:18 [http-nio-8080-exec-4] DEBUG o.s.orm.jpa.JpaTransactionManager - Creating new transaction with name [com.company.project.service.menu.MenuService.getSubMenus]: PROPAGATION_REQUIRED,ISOLATION_DEFAULT,readOnly
2026-03-16 17:00:18 [http-nio-8080-exec-4] DEBUG o.s.orm.jpa.JpaTransactionManager - Opened new EntityManager [SessionImpl(1684393127<open>)] for JPA transaction
2026-03-16 17:00:18 [http-nio-8080-exec-4] DEBUG o.s.orm.jpa.JpaTransactionManager - Exposing JPA transaction as JDBC [org.springframework.orm.jpa.vendor.HibernateJpaDialect$HibernateConnectionHandle@34eed28e]
2026-03-16 17:00:18 [http-nio-8080-exec-4] DEBUG org.hibernate.SQL - select m1_0.menu_no,m1_0.menu_dc,m1_0.menu_nm,m1_0.menu_ordr,m1_0.modern_route,m1_0.progrm_file_nm,m1_0.relate_image_nm,m1_0.relate_image_path,m1_0.route_updated_at,m1_0.upper_menu_no from nmenuinfo m1_0 order by m1_0.upper_menu_no,m1_0.menu_ordr
2026-03-16 17:00:18 [http-nio-8080-exec-4] DEBUG o.s.orm.jpa.JpaTransactionManager - Found thread-bound EntityManager [SessionImpl(1684393127<open>)] for JPA transaction
2026-03-16 17:00:18 [http-nio-8080-exec-4] DEBUG o.s.orm.jpa.JpaTransactionManager - Participating in existing transaction
2026-03-16 17:00:18 [http-nio-8080-exec-4] DEBUG org.hibernate.SQL - select p1_0.progrm_file_nm,p1_0.progrm_dc,p1_0.progrm_korean_nm,p1_0.progrm_stre_path,p1_0.url from nprogrmlist p1_0
2026-03-16 17:00:19 [http-nio-8080-exec-4] DEBUG o.s.orm.jpa.JpaTransactionManager - Initiating transaction commit
2026-03-16 17:00:19 [http-nio-8080-exec-4] DEBUG o.s.orm.jpa.JpaTransactionManager - Committing JPA transaction on EntityManager [SessionImpl(1684393127<open>)]
2026-03-16 17:00:19 [http-nio-8080-exec-4] DEBUG o.s.orm.jpa.JpaTransactionManager - Closing JPA EntityManager [SessionImpl(1684393127<open>)] after transaction
2026-03-16 17:00:19 [http-nio-8080-exec-4] INFO  c.c.p.a.c.menu.MenuController - getLeftMenu returned 2 items
2026-03-16 17:00:19 [http-nio-8080-exec-4] DEBUG o.s.w.s.m.m.a.HttpEntityMethodProcessor - Using 'application/json', given [application/json, text/plain, */*] and supported [application/json, application/*+json, application/yaml]
2026-03-16 17:00:19 [http-nio-8080-exec-4] TRACE o.s.w.s.m.m.a.HttpEntityMethodProcessor - Writing [ApiResponse[success=true, status=200, code=COMMON_001, message=Success, data={list=[com.company.project.service.menu.dto.MenuDto@6a645a22, com.company.project.service.menu.dto.MenuDto@1902c373]}, timestamp=2026-03-16T17:00:19.179068100]]
2026-03-16 17:00:19 [http-nio-8080-exec-4] INFO  c.c.p.a.i.OperationalAuditInterceptor - API Audit Log: URL=/api/v1/menu/left, User=webmaster, IP=127.0.0.1
2026-03-16 17:00:19 [http-nio-8080-exec-4] DEBUG o.s.web.servlet.DispatcherServlet - Completed 200 OK
2026-03-16 17:00:19 [http-nio-8080-exec-2] DEBUG c.c.p.s.jwt.JwtAuthenticationFilter - >>> [JwtFilter] Processing request: GET /api/v1/menu/left
2026-03-16 17:00:19 [http-nio-8080-exec-2] DEBUG c.c.p.s.jwt.JwtAuthenticationFilter - >>> [JwtFilter] Found token in header for path: /api/v1/menu/left
2026-03-16 17:00:19 [http-nio-8080-exec-2] DEBUG o.s.orm.jpa.JpaTransactionManager - Creating new transaction with name [com.company.project.security.iam.CustomUserDetailsService.loadUserByUsername]: PROPAGATION_REQUIRED,ISOLATION_DEFAULT,readOnly
2026-03-16 17:00:19 [http-nio-8080-exec-2] DEBUG o.s.orm.jpa.JpaTransactionManager - Opened new EntityManager [SessionImpl(639524333<open>)] for JPA transaction
2026-03-16 17:00:19 [http-nio-8080-exec-2] DEBUG o.s.orm.jpa.JpaTransactionManager - Exposing JPA transaction as JDBC [org.springframework.orm.jpa.vendor.HibernateJpaDialect$HibernateConnectionHandle@69e08070]
2026-03-16 17:00:19 [http-nio-8080-exec-2] DEBUG o.s.orm.jpa.JpaTransactionManager - Found thread-bound EntityManager [SessionImpl(639524333<open>)] for JPA transaction
2026-03-16 17:00:19 [http-nio-8080-exec-2] DEBUG o.s.orm.jpa.JpaTransactionManager - Participating in existing transaction
2026-03-16 17:00:19 [http-nio-8080-exec-2] DEBUG org.hibernate.SQL - select u1_0.emplyr_id,u1_0.area_no,u1_0.brthdy,u1_0.chg_pwd_cnt,u1_0.frst_register_id,u1_0.frst_regist_pnttm,u1_0.detail_adres,u1_0.email_adres,u1_0.emplyr_sttus_code,u1_0.empl_no,u1_0.esntl_id,u1_0.fxnum,u1_0.group_id,u1_0.house_adres,u1_0.house_end_telno,u1_0.house_middle_telno,u1_0.ihidnum,u1_0.pstinst_code,u1_0.last_updusr_id,u1_0.last_updt_pnttm,u1_0.lock_at,u1_0.lock_cnt,u1_0.lock_last_pnttm,u1_0.mbtlnum,u1_0.ofcps_nm,u1_0.offm_telno,u1_0.orgnzt_id,u1_0.password,u1_0.password_cnsr,u1_0.password_hint,u1_0.chg_pwd_last_pnttm,u1_0.role,u1_0.sbscrb_de,u1_0.sexdstn_code,u1_0.crtfc_dn_value,u1_0.user_nm,u1_0.zip from nemplyrinfo u1_0 where u1_0.emplyr_id=?
2026-03-16 17:00:19 [http-nio-8080-exec-2] DEBUG o.s.orm.jpa.JpaTransactionManager - Found thread-bound EntityManager [SessionImpl(639524333<open>)] for JPA transaction
2026-03-16 17:00:19 [http-nio-8080-exec-2] DEBUG o.s.orm.jpa.JpaTransactionManager - Participating in existing transaction
2026-03-16 17:00:19 [http-nio-8080-exec-2] DEBUG org.hibernate.SQL - select ua1_0.scrty_dtrmn_trget_id,ua1_0.author_code,ua1_0.frst_register_id,ua1_0.frst_regist_pnttm,ua1_0.last_updusr_id,ua1_0.last_updt_pnttm,ua1_0.mber_ty_code from nemplyrscrtyestbs ua1_0 where ua1_0.scrty_dtrmn_trget_id=?
2026-03-16 17:00:19 [http-nio-8080-exec-2] DEBUG o.s.orm.jpa.JpaTransactionManager - Initiating transaction commit
2026-03-16 17:00:19 [http-nio-8080-exec-2] DEBUG o.s.orm.jpa.JpaTransactionManager - Committing JPA transaction on EntityManager [SessionImpl(639524333<open>)]
2026-03-16 17:00:19 [http-nio-8080-exec-2] DEBUG o.s.orm.jpa.JpaTransactionManager - Closing JPA EntityManager [SessionImpl(639524333<open>)] after transaction
2026-03-16 17:00:19 [http-nio-8080-exec-2] DEBUG c.c.p.s.jwt.JwtAuthenticationFilter - >>> [JwtFilter] Successfully authenticated user: USRCNFRM_99999999999, Authorities: [ROLE_ADMIN]
2026-03-16 17:00:19 [http-nio-8080-exec-2] DEBUG o.s.web.servlet.DispatcherServlet - GET "/api/v1/menu/left?menuNo=50", parameters={masked}
2026-03-16 17:00:19 [http-nio-8080-exec-2] TRACE o.s.w.s.m.m.a.RequestMappingHandlerMapping - Mapped to com.company.project.api.controller.menu.MenuController#getLeftMenu(Long)
2026-03-16 17:00:19 [http-nio-8080-exec-2] INFO  c.c.p.a.c.menu.MenuController - getLeftMenu called with menuNo=50
2026-03-16 17:00:19 [http-nio-8080-exec-2] DEBUG o.s.orm.jpa.JpaTransactionManager - Creating new transaction with name [com.company.project.service.menu.MenuService.getSubMenus]: PROPAGATION_REQUIRED,ISOLATION_DEFAULT,readOnly
2026-03-16 17:00:19 [http-nio-8080-exec-2] DEBUG o.s.orm.jpa.JpaTransactionManager - Opened new EntityManager [SessionImpl(1587309337<open>)] for JPA transaction
2026-03-16 17:00:19 [http-nio-8080-exec-2] DEBUG o.s.orm.jpa.JpaTransactionManager - Exposing JPA transaction as JDBC [org.springframework.orm.jpa.vendor.HibernateJpaDialect$HibernateConnectionHandle@449c87c]
2026-03-16 17:00:19 [http-nio-8080-exec-2] DEBUG org.hibernate.SQL - select m1_0.menu_no,m1_0.menu_dc,m1_0.menu_nm,m1_0.menu_ordr,m1_0.modern_route,m1_0.progrm_file_nm,m1_0.relate_image_nm,m1_0.relate_image_path,m1_0.route_updated_at,m1_0.upper_menu_no from nmenuinfo m1_0 order by m1_0.upper_menu_no,m1_0.menu_ordr
2026-03-16 17:00:20 [http-nio-8080-exec-2] DEBUG o.s.orm.jpa.JpaTransactionManager - Found thread-bound EntityManager [SessionImpl(1587309337<open>)] for JPA transaction
2026-03-16 17:00:20 [http-nio-8080-exec-2] DEBUG o.s.orm.jpa.JpaTransactionManager - Participating in existing transaction
2026-03-16 17:00:20 [http-nio-8080-exec-2] DEBUG org.hibernate.SQL - select p1_0.progrm_file_nm,p1_0.progrm_dc,p1_0.progrm_korean_nm,p1_0.progrm_stre_path,p1_0.url from nprogrmlist p1_0
2026-03-16 17:00:20 [http-nio-8080-exec-2] DEBUG o.s.orm.jpa.JpaTransactionManager - Initiating transaction commit
2026-03-16 17:00:20 [http-nio-8080-exec-2] DEBUG o.s.orm.jpa.JpaTransactionManager - Committing JPA transaction on EntityManager [SessionImpl(1587309337<open>)]
2026-03-16 17:00:20 [http-nio-8080-exec-2] DEBUG o.s.orm.jpa.JpaTransactionManager - Closing JPA EntityManager [SessionImpl(1587309337<open>)] after transaction
2026-03-16 17:00:20 [http-nio-8080-exec-2] INFO  c.c.p.a.c.menu.MenuController - getLeftMenu returned 3 items
2026-03-16 17:00:20 [http-nio-8080-exec-2] DEBUG o.s.w.s.m.m.a.HttpEntityMethodProcessor - Using 'application/json', given [application/json, text/plain, */*] and supported [application/json, application/*+json, application/yaml]
2026-03-16 17:00:20 [http-nio-8080-exec-2] TRACE o.s.w.s.m.m.a.HttpEntityMethodProcessor - Writing [ApiResponse[success=true, status=200, code=COMMON_001, message=Success, data={list=[com.company.project.service.menu.dto.MenuDto@4d296b8b, com.company.project.service.menu.dto.MenuDto@3435ccf4, com.company.project.service.menu.dto.MenuDto@2ff1bbbd]}, timestamp=2026-03-16T17:00:20.414031600]]
2026-03-16 17:00:20 [http-nio-8080-exec-2] INFO  c.c.p.a.i.OperationalAuditInterceptor - API Audit Log: URL=/api/v1/menu/left, User=webmaster, IP=127.0.0.1
2026-03-16 17:00:20 [http-nio-8080-exec-2] DEBUG o.s.web.servlet.DispatcherServlet - Completed 200 OK
2026-03-16 17:00:20 [http-nio-8080-exec-3] DEBUG c.c.p.s.jwt.JwtAuthenticationFilter - >>> [JwtFilter] Processing request: GET /api/v1/menu/left
2026-03-16 17:00:20 [http-nio-8080-exec-3] DEBUG c.c.p.s.jwt.JwtAuthenticationFilter - >>> [JwtFilter] Found token in header for path: /api/v1/menu/left
2026-03-16 17:00:20 [http-nio-8080-exec-3] DEBUG o.s.orm.jpa.JpaTransactionManager - Creating new transaction with name [com.company.project.security.iam.CustomUserDetailsService.loadUserByUsername]: PROPAGATION_REQUIRED,ISOLATION_DEFAULT,readOnly
2026-03-16 17:00:20 [http-nio-8080-exec-3] DEBUG o.s.orm.jpa.JpaTransactionManager - Opened new EntityManager [SessionImpl(217671321<open>)] for JPA transaction
2026-03-16 17:00:20 [http-nio-8080-exec-3] DEBUG o.s.orm.jpa.JpaTransactionManager - Exposing JPA transaction as JDBC [org.springframework.orm.jpa.vendor.HibernateJpaDialect$HibernateConnectionHandle@322a4ecc]
2026-03-16 17:00:20 [http-nio-8080-exec-3] DEBUG o.s.orm.jpa.JpaTransactionManager - Found thread-bound EntityManager [SessionImpl(217671321<open>)] for JPA transaction
2026-03-16 17:00:20 [http-nio-8080-exec-3] DEBUG o.s.orm.jpa.JpaTransactionManager - Participating in existing transaction
2026-03-16 17:00:20 [http-nio-8080-exec-3] DEBUG org.hibernate.SQL - select u1_0.emplyr_id,u1_0.area_no,u1_0.brthdy,u1_0.chg_pwd_cnt,u1_0.frst_register_id,u1_0.frst_regist_pnttm,u1_0.detail_adres,u1_0.email_adres,u1_0.emplyr_sttus_code,u1_0.empl_no,u1_0.esntl_id,u1_0.fxnum,u1_0.group_id,u1_0.house_adres,u1_0.house_end_telno,u1_0.house_middle_telno,u1_0.ihidnum,u1_0.pstinst_code,u1_0.last_updusr_id,u1_0.last_updt_pnttm,u1_0.lock_at,u1_0.lock_cnt,u1_0.lock_last_pnttm,u1_0.mbtlnum,u1_0.ofcps_nm,u1_0.offm_telno,u1_0.orgnzt_id,u1_0.password,u1_0.password_cnsr,u1_0.password_hint,u1_0.chg_pwd_last_pnttm,u1_0.role,u1_0.sbscrb_de,u1_0.sexdstn_code,u1_0.crtfc_dn_value,u1_0.user_nm,u1_0.zip from nemplyrinfo u1_0 where u1_0.emplyr_id=?
2026-03-16 17:00:20 [http-nio-8080-exec-3] DEBUG o.s.orm.jpa.JpaTransactionManager - Found thread-bound EntityManager [SessionImpl(217671321<open>)] for JPA transaction
2026-03-16 17:00:20 [http-nio-8080-exec-3] DEBUG o.s.orm.jpa.JpaTransactionManager - Participating in existing transaction
2026-03-16 17:00:20 [http-nio-8080-exec-3] DEBUG org.hibernate.SQL - select ua1_0.scrty_dtrmn_trget_id,ua1_0.author_code,ua1_0.frst_register_id,ua1_0.frst_regist_pnttm,ua1_0.last_updusr_id,ua1_0.last_updt_pnttm,ua1_0.mber_ty_code from nemplyrscrtyestbs ua1_0 where ua1_0.scrty_dtrmn_trget_id=?
2026-03-16 17:00:20 [http-nio-8080-exec-3] DEBUG o.s.orm.jpa.JpaTransactionManager - Initiating transaction commit
2026-03-16 17:00:20 [http-nio-8080-exec-3] DEBUG o.s.orm.jpa.JpaTransactionManager - Committing JPA transaction on EntityManager [SessionImpl(217671321<open>)]
2026-03-16 17:00:21 [http-nio-8080-exec-3] DEBUG o.s.orm.jpa.JpaTransactionManager - Closing JPA EntityManager [SessionImpl(217671321<open>)] after transaction
2026-03-16 17:00:21 [http-nio-8080-exec-3] DEBUG c.c.p.s.jwt.JwtAuthenticationFilter - >>> [JwtFilter] Successfully authenticated user: USRCNFRM_99999999999, Authorities: [ROLE_ADMIN]
2026-03-16 17:00:21 [http-nio-8080-exec-3] DEBUG o.s.web.servlet.DispatcherServlet - GET "/api/v1/menu/left?menuNo=60", parameters={masked}
2026-03-16 17:00:21 [http-nio-8080-exec-3] TRACE o.s.w.s.m.m.a.RequestMappingHandlerMapping - Mapped to com.company.project.api.controller.menu.MenuController#getLeftMenu(Long)
2026-03-16 17:00:21 [http-nio-8080-exec-3] INFO  c.c.p.a.c.menu.MenuController - getLeftMenu called with menuNo=60
2026-03-16 17:00:21 [http-nio-8080-exec-3] DEBUG o.s.orm.jpa.JpaTransactionManager - Creating new transaction with name [com.company.project.service.menu.MenuService.getSubMenus]: PROPAGATION_REQUIRED,ISOLATION_DEFAULT,readOnly
2026-03-16 17:00:21 [http-nio-8080-exec-3] DEBUG o.s.orm.jpa.JpaTransactionManager - Opened new EntityManager [SessionImpl(1788116977<open>)] for JPA transaction
2026-03-16 17:00:21 [http-nio-8080-exec-3] DEBUG o.s.orm.jpa.JpaTransactionManager - Exposing JPA transaction as JDBC [org.springframework.orm.jpa.vendor.HibernateJpaDialect$HibernateConnectionHandle@76d3a24f]
2026-03-16 17:00:21 [http-nio-8080-exec-3] DEBUG org.hibernate.SQL - select m1_0.menu_no,m1_0.menu_dc,m1_0.menu_nm,m1_0.menu_ordr,m1_0.modern_route,m1_0.progrm_file_nm,m1_0.relate_image_nm,m1_0.relate_image_path,m1_0.route_updated_at,m1_0.upper_menu_no from nmenuinfo m1_0 order by m1_0.upper_menu_no,m1_0.menu_ordr
2026-03-16 17:00:21 [http-nio-8080-exec-3] DEBUG o.s.orm.jpa.JpaTransactionManager - Found thread-bound EntityManager [SessionImpl(1788116977<open>)] for JPA transaction
2026-03-16 17:00:21 [http-nio-8080-exec-3] DEBUG o.s.orm.jpa.JpaTransactionManager - Participating in existing transaction
2026-03-16 17:00:21 [http-nio-8080-exec-3] DEBUG org.hibernate.SQL - select p1_0.progrm_file_nm,p1_0.progrm_dc,p1_0.progrm_korean_nm,p1_0.progrm_stre_path,p1_0.url from nprogrmlist p1_0
2026-03-16 17:00:21 [MessageBroker-4] DEBUG o.s.w.s.s.t.h.DefaultSockJsService - Closed 1 sessions: [yvcp0ru1]
2026-03-16 17:00:21 [http-nio-8080-exec-3] DEBUG o.s.orm.jpa.JpaTransactionManager - Initiating transaction commit
2026-03-16 17:00:21 [http-nio-8080-exec-3] DEBUG o.s.orm.jpa.JpaTransactionManager - Committing JPA transaction on EntityManager [SessionImpl(1788116977<open>)]
2026-03-16 17:00:21 [http-nio-8080-exec-3] DEBUG o.s.orm.jpa.JpaTransactionManager - Closing JPA EntityManager [SessionImpl(1788116977<open>)] after transaction
2026-03-16 17:00:21 [http-nio-8080-exec-3] INFO  c.c.p.a.c.menu.MenuController - getLeftMenu returned 1 items
2026-03-16 17:00:21 [http-nio-8080-exec-3] DEBUG o.s.w.s.m.m.a.HttpEntityMethodProcessor - Using 'application/json', given [application/json, text/plain, */*] and supported [application/json, application/*+json, application/yaml]
2026-03-16 17:00:21 [http-nio-8080-exec-3] TRACE o.s.w.s.m.m.a.HttpEntityMethodProcessor - Writing [ApiResponse[success=true, status=200, code=COMMON_001, message=Success, data={list=[com.company.project.service.menu.dto.MenuDto@644bb4f9]}, timestamp=2026-03-16T17:00:21.701211400]]
2026-03-16 17:00:21 [http-nio-8080-exec-3] INFO  c.c.p.a.i.OperationalAuditInterceptor - API Audit Log: URL=/api/v1/menu/left, User=webmaster, IP=127.0.0.1
2026-03-16 17:00:21 [http-nio-8080-exec-3] DEBUG o.s.web.servlet.DispatcherServlet - Completed 200 OK
2026-03-16 17:00:22 [http-nio-8080-exec-9] DEBUG o.s.w.s.h.LoggingWebSocketHandlerDecorator - WebSocketServerSockJsSession[id=oaquazum] closed with CloseStatus[code=1001, reason=null]
2026-03-16 17:00:22 [http-nio-8080-exec-9] DEBUG o.s.w.s.m.SubProtocolWebSocketHandler - Clearing session oaquazum
2026-03-16 17:00:22 [scheduling-1] DEBUG org.springframework.web.SimpLogging - Processing DISCONNECT session=oaquazum
2026-03-16 17:00:22 [scheduling-1] DEBUG o.s.w.s.m.SubProtocolWebSocketHandler - No session for GenericMessage [payload=byte[0], headers={simpMessageType=DISCONNECT_ACK, simpDisconnectMessage=GenericMessage [payload=byte[0], headers={simpMessageType=DISCONNECT, stompCommand=DISCONNECT, simpSessionAttributes={org.springframework.messaging.simp.SimpAttributes.COMPLETED=true}, simpSessionId=oaquazum}], simpSessionId=oaquazum}]
2026-03-16 17:00:22 [http-nio-8080-exec-4] DEBUG c.c.p.s.jwt.JwtAuthenticationFilter - >>> [JwtFilter] Processing request: GET /api/v1/menu/head
2026-03-16 17:00:22 [http-nio-8080-exec-6] DEBUG c.c.p.s.jwt.JwtAuthenticationFilter - >>> [JwtFilter] Processing request: GET /api/v1/dashboard
2026-03-16 17:00:22 [http-nio-8080-exec-6] DEBUG c.c.p.s.jwt.JwtAuthenticationFilter - >>> [JwtFilter] Found token in header for path: /api/v1/dashboard
2026-03-16 17:00:22 [http-nio-8080-exec-4] DEBUG c.c.p.s.jwt.JwtAuthenticationFilter - >>> [JwtFilter] Found token in header for path: /api/v1/menu/head
2026-03-16 17:00:22 [http-nio-8080-exec-6] DEBUG o.s.orm.jpa.JpaTransactionManager - Creating new transaction with name [com.company.project.security.iam.CustomUserDetailsService.loadUserByUsername]: PROPAGATION_REQUIRED,ISOLATION_DEFAULT,readOnly
2026-03-16 17:00:22 [http-nio-8080-exec-6] DEBUG o.s.orm.jpa.JpaTransactionManager - Opened new EntityManager [SessionImpl(501400848<open>)] for JPA transaction
2026-03-16 17:00:22 [http-nio-8080-exec-4] DEBUG o.s.orm.jpa.JpaTransactionManager - Creating new transaction with name [com.company.project.security.iam.CustomUserDetailsService.loadUserByUsername]: PROPAGATION_REQUIRED,ISOLATION_DEFAULT,readOnly
2026-03-16 17:00:22 [http-nio-8080-exec-4] DEBUG o.s.orm.jpa.JpaTransactionManager - Opened new EntityManager [SessionImpl(161696719<open>)] for JPA transaction
2026-03-16 17:00:22 [http-nio-8080-exec-4] DEBUG o.s.orm.jpa.JpaTransactionManager - Exposing JPA transaction as JDBC [org.springframework.orm.jpa.vendor.HibernateJpaDialect$HibernateConnectionHandle@50b8758d]
2026-03-16 17:00:22 [http-nio-8080-exec-4] DEBUG o.s.orm.jpa.JpaTransactionManager - Found thread-bound EntityManager [SessionImpl(161696719<open>)] for JPA transaction
2026-03-16 17:00:22 [http-nio-8080-exec-4] DEBUG o.s.orm.jpa.JpaTransactionManager - Participating in existing transaction
2026-03-16 17:00:22 [http-nio-8080-exec-4] DEBUG org.hibernate.SQL - select u1_0.emplyr_id,u1_0.area_no,u1_0.brthdy,u1_0.chg_pwd_cnt,u1_0.frst_register_id,u1_0.frst_regist_pnttm,u1_0.detail_adres,u1_0.email_adres,u1_0.emplyr_sttus_code,u1_0.empl_no,u1_0.esntl_id,u1_0.fxnum,u1_0.group_id,u1_0.house_adres,u1_0.house_end_telno,u1_0.house_middle_telno,u1_0.ihidnum,u1_0.pstinst_code,u1_0.last_updusr_id,u1_0.last_updt_pnttm,u1_0.lock_at,u1_0.lock_cnt,u1_0.lock_last_pnttm,u1_0.mbtlnum,u1_0.ofcps_nm,u1_0.offm_telno,u1_0.orgnzt_id,u1_0.password,u1_0.password_cnsr,u1_0.password_hint,u1_0.chg_pwd_last_pnttm,u1_0.role,u1_0.sbscrb_de,u1_0.sexdstn_code,u1_0.crtfc_dn_value,u1_0.user_nm,u1_0.zip from nemplyrinfo u1_0 where u1_0.emplyr_id=?
2026-03-16 17:00:22 [http-nio-8080-exec-6] DEBUG o.s.orm.jpa.JpaTransactionManager - Exposing JPA transaction as JDBC [org.springframework.orm.jpa.vendor.HibernateJpaDialect$HibernateConnectionHandle@5809b2f3]
2026-03-16 17:00:22 [http-nio-8080-exec-6] DEBUG o.s.orm.jpa.JpaTransactionManager - Found thread-bound EntityManager [SessionImpl(501400848<open>)] for JPA transaction
2026-03-16 17:00:22 [http-nio-8080-exec-6] DEBUG o.s.orm.jpa.JpaTransactionManager - Participating in existing transaction
2026-03-16 17:00:22 [http-nio-8080-exec-6] DEBUG org.hibernate.SQL - select u1_0.emplyr_id,u1_0.area_no,u1_0.brthdy,u1_0.chg_pwd_cnt,u1_0.frst_register_id,u1_0.frst_regist_pnttm,u1_0.detail_adres,u1_0.email_adres,u1_0.emplyr_sttus_code,u1_0.empl_no,u1_0.esntl_id,u1_0.fxnum,u1_0.group_id,u1_0.house_adres,u1_0.house_end_telno,u1_0.house_middle_telno,u1_0.ihidnum,u1_0.pstinst_code,u1_0.last_updusr_id,u1_0.last_updt_pnttm,u1_0.lock_at,u1_0.lock_cnt,u1_0.lock_last_pnttm,u1_0.mbtlnum,u1_0.ofcps_nm,u1_0.offm_telno,u1_0.orgnzt_id,u1_0.password,u1_0.password_cnsr,u1_0.password_hint,u1_0.chg_pwd_last_pnttm,u1_0.role,u1_0.sbscrb_de,u1_0.sexdstn_code,u1_0.crtfc_dn_value,u1_0.user_nm,u1_0.zip from nemplyrinfo u1_0 where u1_0.emplyr_id=?
2026-03-16 17:00:22 [http-nio-8080-exec-4] DEBUG o.s.orm.jpa.JpaTransactionManager - Found thread-bound EntityManager [SessionImpl(161696719<open>)] for JPA transaction
2026-03-16 17:00:22 [http-nio-8080-exec-4] DEBUG o.s.orm.jpa.JpaTransactionManager - Participating in existing transaction
2026-03-16 17:00:22 [http-nio-8080-exec-4] DEBUG org.hibernate.SQL - select ua1_0.scrty_dtrmn_trget_id,ua1_0.author_code,ua1_0.frst_register_id,ua1_0.frst_regist_pnttm,ua1_0.last_updusr_id,ua1_0.last_updt_pnttm,ua1_0.mber_ty_code from nemplyrscrtyestbs ua1_0 where ua1_0.scrty_dtrmn_trget_id=?
2026-03-16 17:00:22 [http-nio-8080-exec-6] DEBUG o.s.orm.jpa.JpaTransactionManager - Found thread-bound EntityManager [SessionImpl(501400848<open>)] for JPA transaction
2026-03-16 17:00:22 [http-nio-8080-exec-6] DEBUG o.s.orm.jpa.JpaTransactionManager - Participating in existing transaction
2026-03-16 17:00:22 [http-nio-8080-exec-6] DEBUG org.hibernate.SQL - select ua1_0.scrty_dtrmn_trget_id,ua1_0.author_code,ua1_0.frst_register_id,ua1_0.frst_regist_pnttm,ua1_0.last_updusr_id,ua1_0.last_updt_pnttm,ua1_0.mber_ty_code from nemplyrscrtyestbs ua1_0 where ua1_0.scrty_dtrmn_trget_id=?
2026-03-16 17:00:22 [http-nio-8080-exec-4] DEBUG o.s.orm.jpa.JpaTransactionManager - Initiating transaction commit
2026-03-16 17:00:22 [http-nio-8080-exec-4] DEBUG o.s.orm.jpa.JpaTransactionManager - Committing JPA transaction on EntityManager [SessionImpl(161696719<open>)]
2026-03-16 17:00:22 [http-nio-8080-exec-6] DEBUG o.s.orm.jpa.JpaTransactionManager - Initiating transaction commit
2026-03-16 17:00:22 [http-nio-8080-exec-6] DEBUG o.s.orm.jpa.JpaTransactionManager - Committing JPA transaction on EntityManager [SessionImpl(501400848<open>)]
2026-03-16 17:00:23 [http-nio-8080-exec-4] DEBUG o.s.orm.jpa.JpaTransactionManager - Closing JPA EntityManager [SessionImpl(161696719<open>)] after transaction
2026-03-16 17:00:23 [http-nio-8080-exec-4] DEBUG c.c.p.s.jwt.JwtAuthenticationFilter - >>> [JwtFilter] Successfully authenticated user: USRCNFRM_99999999999, Authorities: [ROLE_ADMIN]
2026-03-16 17:00:23 [http-nio-8080-exec-4] DEBUG o.s.web.servlet.DispatcherServlet - GET "/api/v1/menu/head", parameters={}
2026-03-16 17:00:23 [http-nio-8080-exec-4] TRACE o.s.w.s.m.m.a.RequestMappingHandlerMapping - Mapped to com.company.project.api.controller.menu.MenuController#getHeadMenu()
2026-03-16 17:00:23 [http-nio-8080-exec-4] INFO  c.c.p.a.c.menu.MenuController - getHeadMenu called
2026-03-16 17:00:23 [http-nio-8080-exec-4] INFO  c.c.p.a.c.menu.MenuController - getHeadMenu returned 5 items
2026-03-16 17:00:23 [http-nio-8080-exec-4] DEBUG o.s.w.s.m.m.a.HttpEntityMethodProcessor - Using 'application/json', given [application/json, text/plain, */*] and supported [application/json, application/*+json, application/yaml]
2026-03-16 17:00:23 [http-nio-8080-exec-4] TRACE o.s.w.s.m.m.a.HttpEntityMethodProcessor - Writing [ApiResponse[success=true, status=200, code=COMMON_001, message=Success, data={list=[com.company.project.service.menu.dto.MenuDto@2b80d6b0, com.company.project.service.menu.dto.MenuDto@1418cfa3, com.company.project.service.menu.dto.MenuDto@f230bf1, com.company.project.service.menu.dto.MenuDto@734a7f6a, com.company.project.service.menu.dto.MenuDto@5e5202e5]}, timestamp=2026-03-16T17:00:23.064428100]]
2026-03-16 17:00:23 [http-nio-8080-exec-4] INFO  c.c.p.a.i.OperationalAuditInterceptor - API Audit Log: URL=/api/v1/menu/head, User=webmaster, IP=0:0:0:0:0:0:0:1
2026-03-16 17:00:23 [http-nio-8080-exec-4] DEBUG o.s.web.servlet.DispatcherServlet - Completed 200 OK
2026-03-16 17:00:23 [http-nio-8080-exec-5] DEBUG c.c.p.s.jwt.JwtAuthenticationFilter - >>> [JwtFilter] Processing request: GET /api/v1/menu/left
2026-03-16 17:00:23 [http-nio-8080-exec-5] DEBUG c.c.p.s.jwt.JwtAuthenticationFilter - >>> [JwtFilter] Found token in header for path: /api/v1/menu/left
2026-03-16 17:00:23 [http-nio-8080-exec-5] DEBUG o.s.orm.jpa.JpaTransactionManager - Creating new transaction with name [com.company.project.security.iam.CustomUserDetailsService.loadUserByUsername]: PROPAGATION_REQUIRED,ISOLATION_DEFAULT,readOnly
2026-03-16 17:00:23 [http-nio-8080-exec-5] DEBUG o.s.orm.jpa.JpaTransactionManager - Opened new EntityManager [SessionImpl(1923367452<open>)] for JPA transaction
2026-03-16 17:00:23 [http-nio-8080-exec-1] DEBUG c.c.p.s.jwt.JwtAuthenticationFilter - >>> [JwtFilter] Processing request: GET /api/v1/menu/left
2026-03-16 17:00:23 [http-nio-8080-exec-8] DEBUG c.c.p.s.jwt.JwtAuthenticationFilter - >>> [JwtFilter] Processing request: GET /api/v1/menu/left
2026-03-16 17:00:23 [http-nio-8080-exec-1] DEBUG c.c.p.s.jwt.JwtAuthenticationFilter - >>> [JwtFilter] Found token in header for path: /api/v1/menu/left
2026-03-16 17:00:23 [http-nio-8080-exec-8] DEBUG c.c.p.s.jwt.JwtAuthenticationFilter - >>> [JwtFilter] Found token in header for path: /api/v1/menu/left
2026-03-16 17:00:23 [http-nio-8080-exec-10] DEBUG c.c.p.s.jwt.JwtAuthenticationFilter - >>> [JwtFilter] Processing request: GET /api/v1/menu/left
2026-03-16 17:00:23 [http-nio-8080-exec-2] DEBUG c.c.p.s.jwt.JwtAuthenticationFilter - >>> [JwtFilter] Processing request: GET /api/v1/menu/left
2026-03-16 17:00:23 [http-nio-8080-exec-10] DEBUG c.c.p.s.jwt.JwtAuthenticationFilter - >>> [JwtFilter] Found token in header for path: /api/v1/menu/left
2026-03-16 17:00:23 [http-nio-8080-exec-1] DEBUG o.s.orm.jpa.JpaTransactionManager - Creating new transaction with name [com.company.project.security.iam.CustomUserDetailsService.loadUserByUsername]: PROPAGATION_REQUIRED,ISOLATION_DEFAULT,readOnly
2026-03-16 17:00:23 [http-nio-8080-exec-2] DEBUG c.c.p.s.jwt.JwtAuthenticationFilter - >>> [JwtFilter] Found token in header for path: /api/v1/menu/left
2026-03-16 17:00:23 [http-nio-8080-exec-8] DEBUG o.s.orm.jpa.JpaTransactionManager - Creating new transaction with name [com.company.project.security.iam.CustomUserDetailsService.loadUserByUsername]: PROPAGATION_REQUIRED,ISOLATION_DEFAULT,readOnly
2026-03-16 17:00:23 [http-nio-8080-exec-8] DEBUG o.s.orm.jpa.JpaTransactionManager - Opened new EntityManager [SessionImpl(872924791<open>)] for JPA transaction
2026-03-16 17:00:23 [http-nio-8080-exec-1] DEBUG o.s.orm.jpa.JpaTransactionManager - Opened new EntityManager [SessionImpl(276024064<open>)] for JPA transaction
2026-03-16 17:00:23 [http-nio-8080-exec-10] DEBUG o.s.orm.jpa.JpaTransactionManager - Creating new transaction with name [com.company.project.security.iam.CustomUserDetailsService.loadUserByUsername]: PROPAGATION_REQUIRED,ISOLATION_DEFAULT,readOnly
2026-03-16 17:00:23 [http-nio-8080-exec-10] DEBUG o.s.orm.jpa.JpaTransactionManager - Opened new EntityManager [SessionImpl(1531886597<open>)] for JPA transaction
2026-03-16 17:00:23 [http-nio-8080-exec-2] DEBUG o.s.orm.jpa.JpaTransactionManager - Creating new transaction with name [com.company.project.security.iam.CustomUserDetailsService.loadUserByUsername]: PROPAGATION_REQUIRED,ISOLATION_DEFAULT,readOnly
2026-03-16 17:00:23 [http-nio-8080-exec-2] DEBUG o.s.orm.jpa.JpaTransactionManager - Opened new EntityManager [SessionImpl(986634178<open>)] for JPA transaction
2026-03-16 17:00:23 [http-nio-8080-exec-6] DEBUG o.s.orm.jpa.JpaTransactionManager - Closing JPA EntityManager [SessionImpl(501400848<open>)] after transaction
2026-03-16 17:00:23 [http-nio-8080-exec-6] DEBUG c.c.p.s.jwt.JwtAuthenticationFilter - >>> [JwtFilter] Successfully authenticated user: USRCNFRM_99999999999, Authorities: [ROLE_ADMIN]
2026-03-16 17:00:23 [http-nio-8080-exec-6] DEBUG o.s.web.servlet.DispatcherServlet - GET "/api/v1/dashboard", parameters={}
2026-03-16 17:00:23 [http-nio-8080-exec-6] TRACE o.s.w.s.m.m.a.RequestMappingHandlerMapping - Mapped to com.company.project.api.controller.main.DashboardController#getDashboardData(UserDetails)
2026-03-16 17:00:23 [http-nio-8080-exec-6] INFO  c.c.p.a.c.main.DashboardController - >>> [Dashboard] Fetching data for user: USRCNFRM_99999999999
2026-03-16 17:00:23 [http-nio-8080-exec-6] DEBUG o.s.orm.jpa.JpaTransactionManager - Creating new transaction with name [com.company.project.service.board.BoardService.getBoardPosts]: PROPAGATION_REQUIRED,ISOLATION_DEFAULT,readOnly
2026-03-16 17:00:23 [http-nio-8080-exec-6] DEBUG o.s.orm.jpa.JpaTransactionManager - Opened new EntityManager [SessionImpl(1039586318<open>)] for JPA transaction
2026-03-16 17:00:23 [http-nio-8080-exec-6] DEBUG o.s.orm.jpa.JpaTransactionManager - Exposing JPA transaction as JDBC [org.springframework.orm.jpa.vendor.HibernateJpaDialect$HibernateConnectionHandle@3eb0749e]
2026-03-16 17:00:23 [http-nio-8080-exec-6] DEBUG o.s.orm.jpa.JpaTransactionManager - Found thread-bound EntityManager [SessionImpl(1039586318<open>)] for JPA transaction
2026-03-16 17:00:23 [http-nio-8080-exec-6] DEBUG o.s.orm.jpa.JpaTransactionManager - Participating in existing transaction
2026-03-16 17:00:23 [http-nio-8080-exec-6] DEBUG org.hibernate.SQL - select bm1_0.bbs_id,bm1_0.atch_posbl_file_number,bm1_0.atch_posbl_file_size,bm1_0.bbs_attrb_code,bm1_0.bbs_intrcn,bm1_0.bbs_nm,bm1_0.bbs_ty_code,bm1_0.blog_at,bm1_0.blog_id,bm1_0.cmmnty_id,bm1_0.frst_register_id,bm1_0.frst_regist_pnttm,bm1_0.file_atch_posbl_at,bm1_0.last_updusr_id,bm1_0.last_updt_pnttm,bm1_0.reply_posbl_at,bm1_0.tmplat_id,bm1_0.use_at,bm1_1.answer_at,bm1_1.stsfdg_at from nbbsmaster bm1_0 left join nbbsmasteroptn bm1_1 on bm1_0.bbs_id=bm1_1.bbs_id where bm1_0.bbs_id=?
2026-03-16 17:00:23 [http-nio-8080-exec-1] DEBUG o.s.orm.jpa.JpaTransactionManager - Exposing JPA transaction as JDBC [org.springframework.orm.jpa.vendor.HibernateJpaDialect$HibernateConnectionHandle@516d659c]
2026-03-16 17:00:23 [http-nio-8080-exec-2] DEBUG o.s.orm.jpa.JpaTransactionManager - Exposing JPA transaction as JDBC [org.springframework.orm.jpa.vendor.HibernateJpaDialect$HibernateConnectionHandle@3c3d9623]
2026-03-16 17:00:23 [http-nio-8080-exec-1] DEBUG o.s.orm.jpa.JpaTransactionManager - Found thread-bound EntityManager [SessionImpl(276024064<open>)] for JPA transaction
2026-03-16 17:00:23 [http-nio-8080-exec-1] DEBUG o.s.orm.jpa.JpaTransactionManager - Participating in existing transaction
2026-03-16 17:00:23 [http-nio-8080-exec-2] DEBUG o.s.orm.jpa.JpaTransactionManager - Found thread-bound EntityManager [SessionImpl(986634178<open>)] for JPA transaction
2026-03-16 17:00:23 [http-nio-8080-exec-2] DEBUG o.s.orm.jpa.JpaTransactionManager - Participating in existing transaction
2026-03-16 17:00:23 [http-nio-8080-exec-1] DEBUG org.hibernate.SQL - select u1_0.emplyr_id,u1_0.area_no,u1_0.brthdy,u1_0.chg_pwd_cnt,u1_0.frst_register_id,u1_0.frst_regist_pnttm,u1_0.detail_adres,u1_0.email_adres,u1_0.emplyr_sttus_code,u1_0.empl_no,u1_0.esntl_id,u1_0.fxnum,u1_0.group_id,u1_0.house_adres,u1_0.house_end_telno,u1_0.house_middle_telno,u1_0.ihidnum,u1_0.pstinst_code,u1_0.last_updusr_id,u1_0.last_updt_pnttm,u1_0.lock_at,u1_0.lock_cnt,u1_0.lock_last_pnttm,u1_0.mbtlnum,u1_0.ofcps_nm,u1_0.offm_telno,u1_0.orgnzt_id,u1_0.password,u1_0.password_cnsr,u1_0.password_hint,u1_0.chg_pwd_last_pnttm,u1_0.role,u1_0.sbscrb_de,u1_0.sexdstn_code,u1_0.crtfc_dn_value,u1_0.user_nm,u1_0.zip from nemplyrinfo u1_0 where u1_0.emplyr_id=?
2026-03-16 17:00:23 [http-nio-8080-exec-2] DEBUG org.hibernate.SQL - select u1_0.emplyr_id,u1_0.area_no,u1_0.brthdy,u1_0.chg_pwd_cnt,u1_0.frst_register_id,u1_0.frst_regist_pnttm,u1_0.detail_adres,u1_0.email_adres,u1_0.emplyr_sttus_code,u1_0.empl_no,u1_0.esntl_id,u1_0.fxnum,u1_0.group_id,u1_0.house_adres,u1_0.house_end_telno,u1_0.house_middle_telno,u1_0.ihidnum,u1_0.pstinst_code,u1_0.last_updusr_id,u1_0.last_updt_pnttm,u1_0.lock_at,u1_0.lock_cnt,u1_0.lock_last_pnttm,u1_0.mbtlnum,u1_0.ofcps_nm,u1_0.offm_telno,u1_0.orgnzt_id,u1_0.password,u1_0.password_cnsr,u1_0.password_hint,u1_0.chg_pwd_last_pnttm,u1_0.role,u1_0.sbscrb_de,u1_0.sexdstn_code,u1_0.crtfc_dn_value,u1_0.user_nm,u1_0.zip from nemplyrinfo u1_0 where u1_0.emplyr_id=?
2026-03-16 17:00:23 [http-nio-8080-exec-10] DEBUG o.s.orm.jpa.JpaTransactionManager - Exposing JPA transaction as JDBC [org.springframework.orm.jpa.vendor.HibernateJpaDialect$HibernateConnectionHandle@224d11e0]
2026-03-16 17:00:23 [http-nio-8080-exec-10] DEBUG o.s.orm.jpa.JpaTransactionManager - Found thread-bound EntityManager [SessionImpl(1531886597<open>)] for JPA transaction
2026-03-16 17:00:23 [http-nio-8080-exec-10] DEBUG o.s.orm.jpa.JpaTransactionManager - Participating in existing transaction
2026-03-16 17:00:23 [http-nio-8080-exec-10] DEBUG org.hibernate.SQL - select u1_0.emplyr_id,u1_0.area_no,u1_0.brthdy,u1_0.chg_pwd_cnt,u1_0.frst_register_id,u1_0.frst_regist_pnttm,u1_0.detail_adres,u1_0.email_adres,u1_0.emplyr_sttus_code,u1_0.empl_no,u1_0.esntl_id,u1_0.fxnum,u1_0.group_id,u1_0.house_adres,u1_0.house_end_telno,u1_0.house_middle_telno,u1_0.ihidnum,u1_0.pstinst_code,u1_0.last_updusr_id,u1_0.last_updt_pnttm,u1_0.lock_at,u1_0.lock_cnt,u1_0.lock_last_pnttm,u1_0.mbtlnum,u1_0.ofcps_nm,u1_0.offm_telno,u1_0.orgnzt_id,u1_0.password,u1_0.password_cnsr,u1_0.password_hint,u1_0.chg_pwd_last_pnttm,u1_0.role,u1_0.sbscrb_de,u1_0.sexdstn_code,u1_0.crtfc_dn_value,u1_0.user_nm,u1_0.zip from nemplyrinfo u1_0 where u1_0.emplyr_id=?
2026-03-16 17:00:23 [http-nio-8080-exec-5] DEBUG o.s.orm.jpa.JpaTransactionManager - Exposing JPA transaction as JDBC [org.springframework.orm.jpa.vendor.HibernateJpaDialect$HibernateConnectionHandle@5da35860]
2026-03-16 17:00:23 [http-nio-8080-exec-5] DEBUG o.s.orm.jpa.JpaTransactionManager - Found thread-bound EntityManager [SessionImpl(1923367452<open>)] for JPA transaction
2026-03-16 17:00:23 [http-nio-8080-exec-5] DEBUG o.s.orm.jpa.JpaTransactionManager - Participating in existing transaction
2026-03-16 17:00:23 [http-nio-8080-exec-8] DEBUG o.s.orm.jpa.JpaTransactionManager - Exposing JPA transaction as JDBC [org.springframework.orm.jpa.vendor.HibernateJpaDialect$HibernateConnectionHandle@b8629c8]
2026-03-16 17:00:23 [http-nio-8080-exec-5] DEBUG org.hibernate.SQL - select u1_0.emplyr_id,u1_0.area_no,u1_0.brthdy,u1_0.chg_pwd_cnt,u1_0.frst_register_id,u1_0.frst_regist_pnttm,u1_0.detail_adres,u1_0.email_adres,u1_0.emplyr_sttus_code,u1_0.empl_no,u1_0.esntl_id,u1_0.fxnum,u1_0.group_id,u1_0.house_adres,u1_0.house_end_telno,u1_0.house_middle_telno,u1_0.ihidnum,u1_0.pstinst_code,u1_0.last_updusr_id,u1_0.last_updt_pnttm,u1_0.lock_at,u1_0.lock_cnt,u1_0.lock_last_pnttm,u1_0.mbtlnum,u1_0.ofcps_nm,u1_0.offm_telno,u1_0.orgnzt_id,u1_0.password,u1_0.password_cnsr,u1_0.password_hint,u1_0.chg_pwd_last_pnttm,u1_0.role,u1_0.sbscrb_de,u1_0.sexdstn_code,u1_0.crtfc_dn_value,u1_0.user_nm,u1_0.zip from nemplyrinfo u1_0 where u1_0.emplyr_id=?
2026-03-16 17:00:23 [http-nio-8080-exec-8] DEBUG o.s.orm.jpa.JpaTransactionManager - Found thread-bound EntityManager [SessionImpl(872924791<open>)] for JPA transaction
2026-03-16 17:00:23 [http-nio-8080-exec-8] DEBUG o.s.orm.jpa.JpaTransactionManager - Participating in existing transaction
2026-03-16 17:00:23 [http-nio-8080-exec-8] DEBUG org.hibernate.SQL - select u1_0.emplyr_id,u1_0.area_no,u1_0.brthdy,u1_0.chg_pwd_cnt,u1_0.frst_register_id,u1_0.frst_regist_pnttm,u1_0.detail_adres,u1_0.email_adres,u1_0.emplyr_sttus_code,u1_0.empl_no,u1_0.esntl_id,u1_0.fxnum,u1_0.group_id,u1_0.house_adres,u1_0.house_end_telno,u1_0.house_middle_telno,u1_0.ihidnum,u1_0.pstinst_code,u1_0.last_updusr_id,u1_0.last_updt_pnttm,u1_0.lock_at,u1_0.lock_cnt,u1_0.lock_last_pnttm,u1_0.mbtlnum,u1_0.ofcps_nm,u1_0.offm_telno,u1_0.orgnzt_id,u1_0.password,u1_0.password_cnsr,u1_0.password_hint,u1_0.chg_pwd_last_pnttm,u1_0.role,u1_0.sbscrb_de,u1_0.sexdstn_code,u1_0.crtfc_dn_value,u1_0.user_nm,u1_0.zip from nemplyrinfo u1_0 where u1_0.emplyr_id=?
2026-03-16 17:00:23 [http-nio-8080-exec-6] DEBUG org.hibernate.SQL - select b1_0.ntt_id,b1_0.bbs_id,b1_0.ntt_sj,b1_0.ntcr_nm,b1_0.frst_regist_pnttm,b1_0.rdcnt,b1_0.answer_at,b1_0.parntsctt_no,b1_0.answer_lc,b1_0.sort_ordr,b1_0.ntt_no,b1_0.notice_at,b1_0.secret_at,b1_0.comment_co from nbbs b1_0 left join nemplyrinfo u1_0 on b1_0.frst_register_id=u1_0.esntl_id where (b1_0.use_at = 'Y') and b1_0.bbs_id=? order by b1_0.sort_ordr desc,b1_0.ntt_no offset ? rows fetch first ? rows only
2026-03-16 17:00:23 [http-nio-8080-exec-1] DEBUG o.s.orm.jpa.JpaTransactionManager - Found thread-bound EntityManager [SessionImpl(276024064<open>)] for JPA transaction
2026-03-16 17:00:23 [http-nio-8080-exec-1] DEBUG o.s.orm.jpa.JpaTransactionManager - Participating in existing transaction
2026-03-16 17:00:23 [http-nio-8080-exec-2] DEBUG o.s.orm.jpa.JpaTransactionManager - Found thread-bound EntityManager [SessionImpl(986634178<open>)] for JPA transaction
2026-03-16 17:00:23 [http-nio-8080-exec-2] DEBUG o.s.orm.jpa.JpaTransactionManager - Participating in existing transaction
2026-03-16 17:00:23 [http-nio-8080-exec-2] DEBUG org.hibernate.SQL - select ua1_0.scrty_dtrmn_trget_id,ua1_0.author_code,ua1_0.frst_register_id,ua1_0.frst_regist_pnttm,ua1_0.last_updusr_id,ua1_0.last_updt_pnttm,ua1_0.mber_ty_code from nemplyrscrtyestbs ua1_0 where ua1_0.scrty_dtrmn_trget_id=?
2026-03-16 17:00:23 [http-nio-8080-exec-1] DEBUG org.hibernate.SQL - select ua1_0.scrty_dtrmn_trget_id,ua1_0.author_code,ua1_0.frst_register_id,ua1_0.frst_regist_pnttm,ua1_0.last_updusr_id,ua1_0.last_updt_pnttm,ua1_0.mber_ty_code from nemplyrscrtyestbs ua1_0 where ua1_0.scrty_dtrmn_trget_id=?
2026-03-16 17:00:23 [http-nio-8080-exec-10] DEBUG o.s.orm.jpa.JpaTransactionManager - Found thread-bound EntityManager [SessionImpl(1531886597<open>)] for JPA transaction
2026-03-16 17:00:23 [http-nio-8080-exec-8] DEBUG o.s.orm.jpa.JpaTransactionManager - Found thread-bound EntityManager [SessionImpl(872924791<open>)] for JPA transaction
2026-03-16 17:00:23 [http-nio-8080-exec-10] DEBUG o.s.orm.jpa.JpaTransactionManager - Participating in existing transaction
2026-03-16 17:00:23 [http-nio-8080-exec-5] DEBUG o.s.orm.jpa.JpaTransactionManager - Found thread-bound EntityManager [SessionImpl(1923367452<open>)] for JPA transaction
2026-03-16 17:00:23 [http-nio-8080-exec-5] DEBUG o.s.orm.jpa.JpaTransactionManager - Participating in existing transaction
2026-03-16 17:00:23 [http-nio-8080-exec-10] DEBUG org.hibernate.SQL - select ua1_0.scrty_dtrmn_trget_id,ua1_0.author_code,ua1_0.frst_register_id,ua1_0.frst_regist_pnttm,ua1_0.last_updusr_id,ua1_0.last_updt_pnttm,ua1_0.mber_ty_code from nemplyrscrtyestbs ua1_0 where ua1_0.scrty_dtrmn_trget_id=?
2026-03-16 17:00:23 [http-nio-8080-exec-5] DEBUG org.hibernate.SQL - select ua1_0.scrty_dtrmn_trget_id,ua1_0.author_code,ua1_0.frst_register_id,ua1_0.frst_regist_pnttm,ua1_0.last_updusr_id,ua1_0.last_updt_pnttm,ua1_0.mber_ty_code from nemplyrscrtyestbs ua1_0 where ua1_0.scrty_dtrmn_trget_id=?
2026-03-16 17:00:23 [http-nio-8080-exec-8] DEBUG o.s.orm.jpa.JpaTransactionManager - Participating in existing transaction
2026-03-16 17:00:23 [http-nio-8080-exec-8] DEBUG org.hibernate.SQL - select ua1_0.scrty_dtrmn_trget_id,ua1_0.author_code,ua1_0.frst_register_id,ua1_0.frst_regist_pnttm,ua1_0.last_updusr_id,ua1_0.last_updt_pnttm,ua1_0.mber_ty_code from nemplyrscrtyestbs ua1_0 where ua1_0.scrty_dtrmn_trget_id=?
2026-03-16 17:00:23 [http-nio-8080-exec-6] DEBUG org.hibernate.SQL - select count(b1_0.ntt_id) from nbbs b1_0 left join nemplyrinfo u1_0 on b1_0.frst_register_id=u1_0.esntl_id where (b1_0.use_at = 'Y') and b1_0.bbs_id=?
2026-03-16 17:00:23 [http-nio-8080-exec-1] DEBUG o.s.orm.jpa.JpaTransactionManager - Initiating transaction commit
2026-03-16 17:00:23 [http-nio-8080-exec-2] DEBUG o.s.orm.jpa.JpaTransactionManager - Initiating transaction commit
2026-03-16 17:00:23 [http-nio-8080-exec-1] DEBUG o.s.orm.jpa.JpaTransactionManager - Committing JPA transaction on EntityManager [SessionImpl(276024064<open>)]
2026-03-16 17:00:23 [http-nio-8080-exec-2] DEBUG o.s.orm.jpa.JpaTransactionManager - Committing JPA transaction on EntityManager [SessionImpl(986634178<open>)]
2026-03-16 17:00:23 [http-nio-8080-exec-8] DEBUG o.s.orm.jpa.JpaTransactionManager - Initiating transaction commit
2026-03-16 17:00:23 [http-nio-8080-exec-5] DEBUG o.s.orm.jpa.JpaTransactionManager - Initiating transaction commit
2026-03-16 17:00:23 [http-nio-8080-exec-10] DEBUG o.s.orm.jpa.JpaTransactionManager - Initiating transaction commit
2026-03-16 17:00:23 [http-nio-8080-exec-8] DEBUG o.s.orm.jpa.JpaTransactionManager - Committing JPA transaction on EntityManager [SessionImpl(872924791<open>)]
2026-03-16 17:00:23 [http-nio-8080-exec-5] DEBUG o.s.orm.jpa.JpaTransactionManager - Committing JPA transaction on EntityManager [SessionImpl(1923367452<open>)]
2026-03-16 17:00:23 [http-nio-8080-exec-10] DEBUG o.s.orm.jpa.JpaTransactionManager - Committing JPA transaction on EntityManager [SessionImpl(1531886597<open>)]
2026-03-16 17:00:23 [http-nio-8080-exec-6] DEBUG o.s.orm.jpa.JpaTransactionManager - Initiating transaction commit
2026-03-16 17:00:23 [http-nio-8080-exec-6] DEBUG o.s.orm.jpa.JpaTransactionManager - Committing JPA transaction on EntityManager [SessionImpl(1039586318<open>)]
2026-03-16 17:00:23 [http-nio-8080-exec-2] DEBUG o.s.orm.jpa.JpaTransactionManager - Closing JPA EntityManager [SessionImpl(986634178<open>)] after transaction
2026-03-16 17:00:23 [http-nio-8080-exec-1] DEBUG o.s.orm.jpa.JpaTransactionManager - Closing JPA EntityManager [SessionImpl(276024064<open>)] after transaction
2026-03-16 17:00:23 [http-nio-8080-exec-2] DEBUG c.c.p.s.jwt.JwtAuthenticationFilter - >>> [JwtFilter] Successfully authenticated user: USRCNFRM_99999999999, Authorities: [ROLE_ADMIN]
2026-03-16 17:00:23 [http-nio-8080-exec-1] DEBUG c.c.p.s.jwt.JwtAuthenticationFilter - >>> [JwtFilter] Successfully authenticated user: USRCNFRM_99999999999, Authorities: [ROLE_ADMIN]
2026-03-16 17:00:23 [http-nio-8080-exec-2] DEBUG o.s.web.servlet.DispatcherServlet - GET "/api/v1/menu/left?menuNo=60", parameters={masked}
2026-03-16 17:00:23 [http-nio-8080-exec-1] DEBUG o.s.web.servlet.DispatcherServlet - GET "/api/v1/menu/left?menuNo=20", parameters={masked}
2026-03-16 17:00:23 [http-nio-8080-exec-2] TRACE o.s.w.s.m.m.a.RequestMappingHandlerMapping - Mapped to com.company.project.api.controller.menu.MenuController#getLeftMenu(Long)
2026-03-16 17:00:23 [http-nio-8080-exec-1] TRACE o.s.w.s.m.m.a.RequestMappingHandlerMapping - Mapped to com.company.project.api.controller.menu.MenuController#getLeftMenu(Long)
2026-03-16 17:00:23 [http-nio-8080-exec-1] INFO  c.c.p.a.c.menu.MenuController - getLeftMenu called with menuNo=20
2026-03-16 17:00:23 [http-nio-8080-exec-1] DEBUG o.s.orm.jpa.JpaTransactionManager - Creating new transaction with name [com.company.project.service.menu.MenuService.getSubMenus]: PROPAGATION_REQUIRED,ISOLATION_DEFAULT,readOnly
2026-03-16 17:00:23 [http-nio-8080-exec-2] INFO  c.c.p.a.c.menu.MenuController - getLeftMenu called with menuNo=60
2026-03-16 17:00:23 [http-nio-8080-exec-1] DEBUG o.s.orm.jpa.JpaTransactionManager - Opened new EntityManager [SessionImpl(873982539<open>)] for JPA transaction
2026-03-16 17:00:23 [http-nio-8080-exec-2] DEBUG o.s.orm.jpa.JpaTransactionManager - Creating new transaction with name [com.company.project.service.menu.MenuService.getSubMenus]: PROPAGATION_REQUIRED,ISOLATION_DEFAULT,readOnly
2026-03-16 17:00:23 [http-nio-8080-exec-1] DEBUG o.s.orm.jpa.JpaTransactionManager - Exposing JPA transaction as JDBC [org.springframework.orm.jpa.vendor.HibernateJpaDialect$HibernateConnectionHandle@53477a4a]
2026-03-16 17:00:23 [http-nio-8080-exec-2] DEBUG o.s.orm.jpa.JpaTransactionManager - Opened new EntityManager [SessionImpl(984962158<open>)] for JPA transaction
2026-03-16 17:00:23 [http-nio-8080-exec-2] DEBUG o.s.orm.jpa.JpaTransactionManager - Exposing JPA transaction as JDBC [org.springframework.orm.jpa.vendor.HibernateJpaDialect$HibernateConnectionHandle@792c79fb]
2026-03-16 17:00:23 [http-nio-8080-exec-1] DEBUG org.hibernate.SQL - select m1_0.menu_no,m1_0.menu_dc,m1_0.menu_nm,m1_0.menu_ordr,m1_0.modern_route,m1_0.progrm_file_nm,m1_0.relate_image_nm,m1_0.relate_image_path,m1_0.route_updated_at,m1_0.upper_menu_no from nmenuinfo m1_0 order by m1_0.upper_menu_no,m1_0.menu_ordr
2026-03-16 17:00:23 [http-nio-8080-exec-2] DEBUG org.hibernate.SQL - select m1_0.menu_no,m1_0.menu_dc,m1_0.menu_nm,m1_0.menu_ordr,m1_0.modern_route,m1_0.progrm_file_nm,m1_0.relate_image_nm,m1_0.relate_image_path,m1_0.route_updated_at,m1_0.upper_menu_no from nmenuinfo m1_0 order by m1_0.upper_menu_no,m1_0.menu_ordr
2026-03-16 17:00:23 [http-nio-8080-exec-10] DEBUG o.s.orm.jpa.JpaTransactionManager - Closing JPA EntityManager [SessionImpl(1531886597<open>)] after transaction
2026-03-16 17:00:23 [http-nio-8080-exec-8] DEBUG o.s.orm.jpa.JpaTransactionManager - Closing JPA EntityManager [SessionImpl(872924791<open>)] after transaction
2026-03-16 17:00:23 [http-nio-8080-exec-5] DEBUG o.s.orm.jpa.JpaTransactionManager - Closing JPA EntityManager [SessionImpl(1923367452<open>)] after transaction
2026-03-16 17:00:23 [http-nio-8080-exec-10] DEBUG c.c.p.s.jwt.JwtAuthenticationFilter - >>> [JwtFilter] Successfully authenticated user: USRCNFRM_99999999999, Authorities: [ROLE_ADMIN]
2026-03-16 17:00:23 [http-nio-8080-exec-8] DEBUG c.c.p.s.jwt.JwtAuthenticationFilter - >>> [JwtFilter] Successfully authenticated user: USRCNFRM_99999999999, Authorities: [ROLE_ADMIN]
2026-03-16 17:00:23 [http-nio-8080-exec-5] DEBUG c.c.p.s.jwt.JwtAuthenticationFilter - >>> [JwtFilter] Successfully authenticated user: USRCNFRM_99999999999, Authorities: [ROLE_ADMIN]
2026-03-16 17:00:23 [http-nio-8080-exec-10] DEBUG o.s.web.servlet.DispatcherServlet - GET "/api/v1/menu/left?menuNo=50", parameters={masked}
2026-03-16 17:00:23 [http-nio-8080-exec-8] DEBUG o.s.web.servlet.DispatcherServlet - GET "/api/v1/menu/left?menuNo=40", parameters={masked}
2026-03-16 17:00:23 [http-nio-8080-exec-5] DEBUG o.s.web.servlet.DispatcherServlet - GET "/api/v1/menu/left?menuNo=10", parameters={masked}
2026-03-16 17:00:23 [http-nio-8080-exec-10] TRACE o.s.w.s.m.m.a.RequestMappingHandlerMapping - Mapped to com.company.project.api.controller.menu.MenuController#getLeftMenu(Long)
2026-03-16 17:00:23 [http-nio-8080-exec-8] TRACE o.s.w.s.m.m.a.RequestMappingHandlerMapping - Mapped to com.company.project.api.controller.menu.MenuController#getLeftMenu(Long)
2026-03-16 17:00:23 [http-nio-8080-exec-5] TRACE o.s.w.s.m.m.a.RequestMappingHandlerMapping - Mapped to com.company.project.api.controller.menu.MenuController#getLeftMenu(Long)
2026-03-16 17:00:23 [http-nio-8080-exec-10] INFO  c.c.p.a.c.menu.MenuController - getLeftMenu called with menuNo=50
2026-03-16 17:00:23 [http-nio-8080-exec-10] DEBUG o.s.orm.jpa.JpaTransactionManager - Creating new transaction with name [com.company.project.service.menu.MenuService.getSubMenus]: PROPAGATION_REQUIRED,ISOLATION_DEFAULT,readOnly
2026-03-16 17:00:23 [http-nio-8080-exec-8] INFO  c.c.p.a.c.menu.MenuController - getLeftMenu called with menuNo=40
2026-03-16 17:00:23 [http-nio-8080-exec-10] DEBUG o.s.orm.jpa.JpaTransactionManager - Opened new EntityManager [SessionImpl(1466346078<open>)] for JPA transaction
2026-03-16 17:00:23 [http-nio-8080-exec-5] INFO  c.c.p.a.c.menu.MenuController - getLeftMenu called with menuNo=10
2026-03-16 17:00:23 [http-nio-8080-exec-8] DEBUG o.s.orm.jpa.JpaTransactionManager - Creating new transaction with name [com.company.project.service.menu.MenuService.getSubMenus]: PROPAGATION_REQUIRED,ISOLATION_DEFAULT,readOnly
2026-03-16 17:00:23 [http-nio-8080-exec-5] DEBUG o.s.orm.jpa.JpaTransactionManager - Creating new transaction with name [com.company.project.service.menu.MenuService.getSubMenus]: PROPAGATION_REQUIRED,ISOLATION_DEFAULT,readOnly
2026-03-16 17:00:23 [http-nio-8080-exec-10] DEBUG o.s.orm.jpa.JpaTransactionManager - Exposing JPA transaction as JDBC [org.springframework.orm.jpa.vendor.HibernateJpaDialect$HibernateConnectionHandle@61e02e39]
2026-03-16 17:00:23 [http-nio-8080-exec-8] DEBUG o.s.orm.jpa.JpaTransactionManager - Opened new EntityManager [SessionImpl(1863747464<open>)] for JPA transaction
2026-03-16 17:00:23 [http-nio-8080-exec-5] DEBUG o.s.orm.jpa.JpaTransactionManager - Opened new EntityManager [SessionImpl(1920755347<open>)] for JPA transaction
2026-03-16 17:00:23 [http-nio-8080-exec-5] DEBUG o.s.orm.jpa.JpaTransactionManager - Exposing JPA transaction as JDBC [org.springframework.orm.jpa.vendor.HibernateJpaDialect$HibernateConnectionHandle@7a35c353]
2026-03-16 17:00:23 [http-nio-8080-exec-8] DEBUG o.s.orm.jpa.JpaTransactionManager - Exposing JPA transaction as JDBC [org.springframework.orm.jpa.vendor.HibernateJpaDialect$HibernateConnectionHandle@30b23e40]
2026-03-16 17:00:23 [http-nio-8080-exec-10] DEBUG org.hibernate.SQL - select m1_0.menu_no,m1_0.menu_dc,m1_0.menu_nm,m1_0.menu_ordr,m1_0.modern_route,m1_0.progrm_file_nm,m1_0.relate_image_nm,m1_0.relate_image_path,m1_0.route_updated_at,m1_0.upper_menu_no from nmenuinfo m1_0 order by m1_0.upper_menu_no,m1_0.menu_ordr
2026-03-16 17:00:23 [http-nio-8080-exec-8] DEBUG org.hibernate.SQL - select m1_0.menu_no,m1_0.menu_dc,m1_0.menu_nm,m1_0.menu_ordr,m1_0.modern_route,m1_0.progrm_file_nm,m1_0.relate_image_nm,m1_0.relate_image_path,m1_0.route_updated_at,m1_0.upper_menu_no from nmenuinfo m1_0 order by m1_0.upper_menu_no,m1_0.menu_ordr
2026-03-16 17:00:23 [http-nio-8080-exec-5] DEBUG org.hibernate.SQL - select m1_0.menu_no,m1_0.menu_dc,m1_0.menu_nm,m1_0.menu_ordr,m1_0.modern_route,m1_0.progrm_file_nm,m1_0.relate_image_nm,m1_0.relate_image_path,m1_0.route_updated_at,m1_0.upper_menu_no from nmenuinfo m1_0 order by m1_0.upper_menu_no,m1_0.menu_ordr
2026-03-16 17:00:23 [http-nio-8080-exec-6] DEBUG o.s.orm.jpa.JpaTransactionManager - Closing JPA EntityManager [SessionImpl(1039586318<open>)] after transaction
2026-03-16 17:00:23 [http-nio-8080-exec-6] DEBUG o.s.orm.jpa.JpaTransactionManager - Creating new transaction with name [com.company.project.service.board.BoardService.getBoardPosts]: PROPAGATION_REQUIRED,ISOLATION_DEFAULT,readOnly
2026-03-16 17:00:23 [http-nio-8080-exec-6] DEBUG o.s.orm.jpa.JpaTransactionManager - Opened new EntityManager [SessionImpl(1877069101<open>)] for JPA transaction
2026-03-16 17:00:23 [http-nio-8080-exec-6] DEBUG o.s.orm.jpa.JpaTransactionManager - Exposing JPA transaction as JDBC [org.springframework.orm.jpa.vendor.HibernateJpaDialect$HibernateConnectionHandle@73181fa0]
2026-03-16 17:00:23 [http-nio-8080-exec-6] DEBUG o.s.orm.jpa.JpaTransactionManager - Found thread-bound EntityManager [SessionImpl(1877069101<open>)] for JPA transaction
2026-03-16 17:00:23 [http-nio-8080-exec-6] DEBUG o.s.orm.jpa.JpaTransactionManager - Participating in existing transaction
2026-03-16 17:00:23 [http-nio-8080-exec-6] DEBUG org.hibernate.SQL - select bm1_0.bbs_id,bm1_0.atch_posbl_file_number,bm1_0.atch_posbl_file_size,bm1_0.bbs_attrb_code,bm1_0.bbs_intrcn,bm1_0.bbs_nm,bm1_0.bbs_ty_code,bm1_0.blog_at,bm1_0.blog_id,bm1_0.cmmnty_id,bm1_0.frst_register_id,bm1_0.frst_regist_pnttm,bm1_0.file_atch_posbl_at,bm1_0.last_updusr_id,bm1_0.last_updt_pnttm,bm1_0.reply_posbl_at,bm1_0.tmplat_id,bm1_0.use_at,bm1_1.answer_at,bm1_1.stsfdg_at from nbbsmaster bm1_0 left join nbbsmasteroptn bm1_1 on bm1_0.bbs_id=bm1_1.bbs_id where bm1_0.bbs_id=?
2026-03-16 17:00:23 [http-nio-8080-exec-6] DEBUG org.hibernate.SQL - select b1_0.ntt_id,b1_0.bbs_id,b1_0.ntt_sj,b1_0.ntcr_nm,b1_0.frst_regist_pnttm,b1_0.rdcnt,b1_0.answer_at,b1_0.parntsctt_no,b1_0.answer_lc,b1_0.sort_ordr,b1_0.ntt_no,b1_0.notice_at,b1_0.secret_at,b1_0.comment_co from nbbs b1_0 left join nemplyrinfo u1_0 on b1_0.frst_register_id=u1_0.esntl_id where (b1_0.use_at = 'Y') and b1_0.bbs_id=? order by b1_0.sort_ordr desc,b1_0.ntt_no offset ? rows fetch first ? rows only
2026-03-16 17:00:23 [http-nio-8080-exec-2] DEBUG o.s.orm.jpa.JpaTransactionManager - Found thread-bound EntityManager [SessionImpl(984962158<open>)] for JPA transaction
2026-03-16 17:00:23 [http-nio-8080-exec-1] DEBUG o.s.orm.jpa.JpaTransactionManager - Found thread-bound EntityManager [SessionImpl(873982539<open>)] for JPA transaction
2026-03-16 17:00:23 [http-nio-8080-exec-2] DEBUG o.s.orm.jpa.JpaTransactionManager - Participating in existing transaction
2026-03-16 17:00:23 [http-nio-8080-exec-1] DEBUG o.s.orm.jpa.JpaTransactionManager - Participating in existing transaction
2026-03-16 17:00:23 [http-nio-8080-exec-2] DEBUG org.hibernate.SQL - select p1_0.progrm_file_nm,p1_0.progrm_dc,p1_0.progrm_korean_nm,p1_0.progrm_stre_path,p1_0.url from nprogrmlist p1_0
2026-03-16 17:00:23 [http-nio-8080-exec-1] DEBUG org.hibernate.SQL - select p1_0.progrm_file_nm,p1_0.progrm_dc,p1_0.progrm_korean_nm,p1_0.progrm_stre_path,p1_0.url from nprogrmlist p1_0
2026-03-16 17:00:24 [http-nio-8080-exec-10] DEBUG o.s.orm.jpa.JpaTransactionManager - Found thread-bound EntityManager [SessionImpl(1466346078<open>)] for JPA transaction
2026-03-16 17:00:24 [http-nio-8080-exec-10] DEBUG o.s.orm.jpa.JpaTransactionManager - Participating in existing transaction
2026-03-16 17:00:24 [http-nio-8080-exec-10] DEBUG org.hibernate.SQL - select p1_0.progrm_file_nm,p1_0.progrm_dc,p1_0.progrm_korean_nm,p1_0.progrm_stre_path,p1_0.url from nprogrmlist p1_0
2026-03-16 17:00:24 [http-nio-8080-exec-8] DEBUG o.s.orm.jpa.JpaTransactionManager - Found thread-bound EntityManager [SessionImpl(1863747464<open>)] for JPA transaction
2026-03-16 17:00:24 [http-nio-8080-exec-8] DEBUG o.s.orm.jpa.JpaTransactionManager - Participating in existing transaction
2026-03-16 17:00:24 [http-nio-8080-exec-8] DEBUG org.hibernate.SQL - select p1_0.progrm_file_nm,p1_0.progrm_dc,p1_0.progrm_korean_nm,p1_0.progrm_stre_path,p1_0.url from nprogrmlist p1_0
2026-03-16 17:00:24 [http-nio-8080-exec-5] DEBUG o.s.orm.jpa.JpaTransactionManager - Found thread-bound EntityManager [SessionImpl(1920755347<open>)] for JPA transaction
2026-03-16 17:00:24 [http-nio-8080-exec-5] DEBUG o.s.orm.jpa.JpaTransactionManager - Participating in existing transaction
2026-03-16 17:00:24 [http-nio-8080-exec-5] DEBUG org.hibernate.SQL - select p1_0.progrm_file_nm,p1_0.progrm_dc,p1_0.progrm_korean_nm,p1_0.progrm_stre_path,p1_0.url from nprogrmlist p1_0
2026-03-16 17:00:24 [http-nio-8080-exec-6] DEBUG org.hibernate.SQL - select count(b1_0.ntt_id) from nbbs b1_0 left join nemplyrinfo u1_0 on b1_0.frst_register_id=u1_0.esntl_id where (b1_0.use_at = 'Y') and b1_0.bbs_id=?
2026-03-16 17:00:24 [http-nio-8080-exec-2] DEBUG o.s.orm.jpa.JpaTransactionManager - Initiating transaction commit
2026-03-16 17:00:24 [http-nio-8080-exec-1] DEBUG o.s.orm.jpa.JpaTransactionManager - Initiating transaction commit
2026-03-16 17:00:24 [http-nio-8080-exec-2] DEBUG o.s.orm.jpa.JpaTransactionManager - Committing JPA transaction on EntityManager [SessionImpl(984962158<open>)]
2026-03-16 17:00:24 [http-nio-8080-exec-1] DEBUG o.s.orm.jpa.JpaTransactionManager - Committing JPA transaction on EntityManager [SessionImpl(873982539<open>)]
2026-03-16 17:00:24 [http-nio-8080-exec-10] DEBUG o.s.orm.jpa.JpaTransactionManager - Initiating transaction commit
2026-03-16 17:00:24 [http-nio-8080-exec-10] DEBUG o.s.orm.jpa.JpaTransactionManager - Committing JPA transaction on EntityManager [SessionImpl(1466346078<open>)]
2026-03-16 17:00:24 [http-nio-8080-exec-8] DEBUG o.s.orm.jpa.JpaTransactionManager - Initiating transaction commit
2026-03-16 17:00:24 [http-nio-8080-exec-8] DEBUG o.s.orm.jpa.JpaTransactionManager - Committing JPA transaction on EntityManager [SessionImpl(1863747464<open>)]
2026-03-16 17:00:24 [http-nio-8080-exec-5] DEBUG o.s.orm.jpa.JpaTransactionManager - Initiating transaction commit
2026-03-16 17:00:24 [http-nio-8080-exec-5] DEBUG o.s.orm.jpa.JpaTransactionManager - Committing JPA transaction on EntityManager [SessionImpl(1920755347<open>)]
2026-03-16 17:00:24 [http-nio-8080-exec-6] DEBUG o.s.orm.jpa.JpaTransactionManager - Initiating transaction commit
2026-03-16 17:00:24 [http-nio-8080-exec-6] DEBUG o.s.orm.jpa.JpaTransactionManager - Committing JPA transaction on EntityManager [SessionImpl(1877069101<open>)]
2026-03-16 17:00:24 [http-nio-8080-exec-2] DEBUG o.s.orm.jpa.JpaTransactionManager - Closing JPA EntityManager [SessionImpl(984962158<open>)] after transaction
2026-03-16 17:00:24 [http-nio-8080-exec-1] DEBUG o.s.orm.jpa.JpaTransactionManager - Closing JPA EntityManager [SessionImpl(873982539<open>)] after transaction
2026-03-16 17:00:24 [http-nio-8080-exec-2] INFO  c.c.p.a.c.menu.MenuController - getLeftMenu returned 1 items
2026-03-16 17:00:24 [http-nio-8080-exec-1] INFO  c.c.p.a.c.menu.MenuController - getLeftMenu returned 3 items
2026-03-16 17:00:24 [http-nio-8080-exec-2] DEBUG o.s.w.s.m.m.a.HttpEntityMethodProcessor - Using 'application/json', given [application/json, text/plain, */*] and supported [application/json, application/*+json, application/yaml]
2026-03-16 17:00:24 [http-nio-8080-exec-1] DEBUG o.s.w.s.m.m.a.HttpEntityMethodProcessor - Using 'application/json', given [application/json, text/plain, */*] and supported [application/json, application/*+json, application/yaml]
2026-03-16 17:00:24 [http-nio-8080-exec-2] TRACE o.s.w.s.m.m.a.HttpEntityMethodProcessor - Writing [ApiResponse[success=true, status=200, code=COMMON_001, message=Success, data={list=[com.company.project.service.menu.dto.MenuDto@691fe9f8]}, timestamp=2026-03-16T17:00:24.289703600]]
2026-03-16 17:00:24 [http-nio-8080-exec-1] TRACE o.s.w.s.m.m.a.HttpEntityMethodProcessor - Writing [ApiResponse[success=true, status=200, code=COMMON_001, message=Success, data={list=[com.company.project.service.menu.dto.MenuDto@6ceeea0d, com.company.project.service.menu.dto.MenuDto@690c1537, com.company.project.service.menu.dto.MenuDto@188db88a]}, timestamp=2026-03-16T17:00:24.289703600]]
2026-03-16 17:00:24 [http-nio-8080-exec-2] INFO  c.c.p.a.i.OperationalAuditInterceptor - API Audit Log: URL=/api/v1/menu/left, User=webmaster, IP=0:0:0:0:0:0:0:1
2026-03-16 17:00:24 [http-nio-8080-exec-2] DEBUG o.s.web.servlet.DispatcherServlet - Completed 200 OK
2026-03-16 17:00:24 [http-nio-8080-exec-1] INFO  c.c.p.a.i.OperationalAuditInterceptor - API Audit Log: URL=/api/v1/menu/left, User=webmaster, IP=0:0:0:0:0:0:0:1
2026-03-16 17:00:24 [http-nio-8080-exec-1] DEBUG o.s.web.servlet.DispatcherServlet - Completed 200 OK
2026-03-16 17:00:24 [http-nio-8080-exec-10] DEBUG o.s.orm.jpa.JpaTransactionManager - Closing JPA EntityManager [SessionImpl(1466346078<open>)] after transaction
2026-03-16 17:00:24 [http-nio-8080-exec-10] INFO  c.c.p.a.c.menu.MenuController - getLeftMenu returned 3 items
2026-03-16 17:00:24 [http-nio-8080-exec-10] DEBUG o.s.w.s.m.m.a.HttpEntityMethodProcessor - Using 'application/json', given [application/json, text/plain, */*] and supported [application/json, application/*+json, application/yaml]
2026-03-16 17:00:24 [http-nio-8080-exec-10] TRACE o.s.w.s.m.m.a.HttpEntityMethodProcessor - Writing [ApiResponse[success=true, status=200, code=COMMON_001, message=Success, data={list=[com.company.project.service.menu.dto.MenuDto@62a5461d, com.company.project.service.menu.dto.MenuDto@69ece93c, com.company.project.service.menu.dto.MenuDto@4d04238c]}, timestamp=2026-03-16T17:00:24.330916]]
2026-03-16 17:00:24 [http-nio-8080-exec-10] INFO  c.c.p.a.i.OperationalAuditInterceptor - API Audit Log: URL=/api/v1/menu/left, User=webmaster, IP=0:0:0:0:0:0:0:1
2026-03-16 17:00:24 [http-nio-8080-exec-10] DEBUG o.s.web.servlet.DispatcherServlet - Completed 200 OK
2026-03-16 17:00:24 [http-nio-8080-exec-8] DEBUG o.s.orm.jpa.JpaTransactionManager - Closing JPA EntityManager [SessionImpl(1863747464<open>)] after transaction
2026-03-16 17:00:24 [http-nio-8080-exec-8] INFO  c.c.p.a.c.menu.MenuController - getLeftMenu returned 2 items
2026-03-16 17:00:24 [http-nio-8080-exec-8] DEBUG o.s.w.s.m.m.a.HttpEntityMethodProcessor - Using 'application/json', given [application/json, text/plain, */*] and supported [application/json, application/*+json, application/yaml]
2026-03-16 17:00:24 [http-nio-8080-exec-8] TRACE o.s.w.s.m.m.a.HttpEntityMethodProcessor - Writing [ApiResponse[success=true, status=200, code=COMMON_001, message=Success, data={list=[com.company.project.service.menu.dto.MenuDto@32c69575, com.company.project.service.menu.dto.MenuDto@13ea2019]}, timestamp=2026-03-16T17:00:24.332970100]]
2026-03-16 17:00:24 [http-nio-8080-exec-8] INFO  c.c.p.a.i.OperationalAuditInterceptor - API Audit Log: URL=/api/v1/menu/left, User=webmaster, IP=0:0:0:0:0:0:0:1
2026-03-16 17:00:24 [http-nio-8080-exec-8] DEBUG o.s.web.servlet.DispatcherServlet - Completed 200 OK
2026-03-16 17:00:24 [http-nio-8080-exec-5] DEBUG o.s.orm.jpa.JpaTransactionManager - Closing JPA EntityManager [SessionImpl(1920755347<open>)] after transaction
2026-03-16 17:00:24 [http-nio-8080-exec-5] INFO  c.c.p.a.c.menu.MenuController - getLeftMenu returned 5 items
2026-03-16 17:00:24 [http-nio-8080-exec-5] DEBUG o.s.w.s.m.m.a.HttpEntityMethodProcessor - Using 'application/json', given [application/json, text/plain, */*] and supported [application/json, application/*+json, application/yaml]
2026-03-16 17:00:24 [http-nio-8080-exec-5] TRACE o.s.w.s.m.m.a.HttpEntityMethodProcessor - Writing [ApiResponse[success=true, status=200, code=COMMON_001, message=Success, data={list=[com.company.project.service.menu.dto.MenuDto@441d2fb8, com.company.project.service.menu.dto.MenuDto@2b7c93d9, com.company.project.service.menu.dto.MenuDto@25113ada, com.company.project.service.menu.dto.MenuDto@3cefcfa0, com.company.project.service.menu.dto.MenuDto@1122576a]}, timestamp=2026-03-16T17:00:24.334866400]]
2026-03-16 17:00:24 [http-nio-8080-exec-5] INFO  c.c.p.a.i.OperationalAuditInterceptor - API Audit Log: URL=/api/v1/menu/left, User=webmaster, IP=0:0:0:0:0:0:0:1
2026-03-16 17:00:24 [http-nio-8080-exec-5] DEBUG o.s.web.servlet.DispatcherServlet - Completed 200 OK
2026-03-16 17:00:24 [http-nio-8080-exec-6] DEBUG o.s.orm.jpa.JpaTransactionManager - Closing JPA EntityManager [SessionImpl(1877069101<open>)] after transaction
2026-03-16 17:00:24 [http-nio-8080-exec-6] DEBUG o.s.orm.jpa.JpaTransactionManager - Creating new transaction with name [com.company.project.service.informalsanction.InformalSanctionServiceImpl.getReceivedInformalSanctionList]: PROPAGATION_REQUIRED,ISOLATION_DEFAULT,readOnly
2026-03-16 17:00:24 [http-nio-8080-exec-6] DEBUG o.s.orm.jpa.JpaTransactionManager - Opened new EntityManager [SessionImpl(1875589961<open>)] for JPA transaction
2026-03-16 17:00:24 [http-nio-8080-exec-6] DEBUG o.s.orm.jpa.JpaTransactionManager - Exposing JPA transaction as JDBC [org.springframework.orm.jpa.vendor.HibernateJpaDialect$HibernateConnectionHandle@4e497ee]
2026-03-16 17:00:24 [http-nio-8080-exec-6] DEBUG org.hibernate.SQL - select is1_0.infrml_sanctn_id,is1_0.applcnt_id,is1_0.confm_at,is1_0.frst_register_id,is1_0.frst_regist_pnttm,is1_0.job_se_code,is1_0.last_updusr_id,is1_0.last_updt_pnttm,is1_0.reqst_de,is1_0.return_resn,is1_0.sanctn_dt,is1_0.sanctner_id from ninfrmlsanctn is1_0 where is1_0.sanctner_id=?
2026-03-16 17:00:24 [http-nio-8080-exec-6] DEBUG o.s.orm.jpa.JpaTransactionManager - Initiating transaction commit
2026-03-16 17:00:24 [http-nio-8080-exec-6] DEBUG o.s.orm.jpa.JpaTransactionManager - Committing JPA transaction on EntityManager [SessionImpl(1875589961<open>)]
2026-03-16 17:00:24 [http-nio-8080-exec-6] DEBUG o.s.orm.jpa.JpaTransactionManager - Closing JPA EntityManager [SessionImpl(1875589961<open>)] after transaction
2026-03-16 17:00:24 [http-nio-8080-exec-6] DEBUG o.s.w.s.m.m.a.HttpEntityMethodProcessor - Using 'application/json', given [application/json, text/plain, */*] and supported [application/json, application/*+json, application/yaml]
2026-03-16 17:00:24 [http-nio-8080-exec-6] TRACE o.s.w.s.m.m.a.HttpEntityMethodProcessor - Writing [{notiList=[com.company.project.service.board.dto.BoardDto@f41e401], success=true, taskList=[com.company.project.service.board.dto.BoardDto@108ad9b], pendingApprovalCount=0}]
2026-03-16 17:00:24 [http-nio-8080-exec-6] INFO  c.c.p.a.i.OperationalAuditInterceptor - API Audit Log: URL=/api/v1/dashboard, User=webmaster, IP=0:0:0:0:0:0:0:1
2026-03-16 17:00:24 [http-nio-8080-exec-6] DEBUG o.s.web.servlet.DispatcherServlet - Completed 200 OK
2026-03-16 17:00:24 [http-nio-8080-exec-3] DEBUG c.c.p.s.jwt.JwtAuthenticationFilter - >>> [JwtFilter] Processing request: GET /api/v1/menu/left
2026-03-16 17:00:24 [http-nio-8080-exec-3] DEBUG c.c.p.s.jwt.JwtAuthenticationFilter - >>> [JwtFilter] Found token in header for path: /api/v1/menu/left
2026-03-16 17:00:24 [http-nio-8080-exec-3] DEBUG o.s.orm.jpa.JpaTransactionManager - Creating new transaction with name [com.company.project.security.iam.CustomUserDetailsService.loadUserByUsername]: PROPAGATION_REQUIRED,ISOLATION_DEFAULT,readOnly
2026-03-16 17:00:24 [http-nio-8080-exec-3] DEBUG o.s.orm.jpa.JpaTransactionManager - Opened new EntityManager [SessionImpl(302600501<open>)] for JPA transaction
2026-03-16 17:00:24 [http-nio-8080-exec-9] DEBUG c.c.p.s.jwt.JwtAuthenticationFilter - >>> [JwtFilter] Processing request: GET /api/v1/auth/me
2026-03-16 17:00:24 [http-nio-8080-exec-7] DEBUG c.c.p.s.jwt.JwtAuthenticationFilter - >>> [JwtFilter] Processing request: GET /api/v1/menu/head
2026-03-16 17:00:24 [http-nio-8080-exec-9] DEBUG c.c.p.s.jwt.JwtAuthenticationFilter - >>> [JwtFilter] Found token in header for path: /api/v1/auth/me
2026-03-16 17:00:24 [http-nio-8080-exec-7] DEBUG c.c.p.s.jwt.JwtAuthenticationFilter - >>> [JwtFilter] Found token in header for path: /api/v1/menu/head
2026-03-16 17:00:24 [http-nio-8080-exec-9] DEBUG o.s.orm.jpa.JpaTransactionManager - Creating new transaction with name [com.company.project.security.iam.CustomUserDetailsService.loadUserByUsername]: PROPAGATION_REQUIRED,ISOLATION_DEFAULT,readOnly
2026-03-16 17:00:24 [http-nio-8080-exec-7] DEBUG o.s.orm.jpa.JpaTransactionManager - Creating new transaction with name [com.company.project.security.iam.CustomUserDetailsService.loadUserByUsername]: PROPAGATION_REQUIRED,ISOLATION_DEFAULT,readOnly
2026-03-16 17:00:24 [http-nio-8080-exec-9] DEBUG o.s.orm.jpa.JpaTransactionManager - Opened new EntityManager [SessionImpl(1762085540<open>)] for JPA transaction
2026-03-16 17:00:24 [http-nio-8080-exec-7] DEBUG o.s.orm.jpa.JpaTransactionManager - Opened new EntityManager [SessionImpl(249470227<open>)] for JPA transaction
2026-03-16 17:00:24 [http-nio-8080-exec-3] DEBUG o.s.orm.jpa.JpaTransactionManager - Exposing JPA transaction as JDBC [org.springframework.orm.jpa.vendor.HibernateJpaDialect$HibernateConnectionHandle@402474b7]
2026-03-16 17:00:24 [http-nio-8080-exec-9] DEBUG o.s.orm.jpa.JpaTransactionManager - Exposing JPA transaction as JDBC [org.springframework.orm.jpa.vendor.HibernateJpaDialect$HibernateConnectionHandle@1c3e4adb]
2026-03-16 17:00:24 [http-nio-8080-exec-7] DEBUG o.s.orm.jpa.JpaTransactionManager - Exposing JPA transaction as JDBC [org.springframework.orm.jpa.vendor.HibernateJpaDialect$HibernateConnectionHandle@6d6808db]
2026-03-16 17:00:24 [http-nio-8080-exec-3] DEBUG o.s.orm.jpa.JpaTransactionManager - Found thread-bound EntityManager [SessionImpl(302600501<open>)] for JPA transaction
2026-03-16 17:00:24 [http-nio-8080-exec-9] DEBUG o.s.orm.jpa.JpaTransactionManager - Found thread-bound EntityManager [SessionImpl(1762085540<open>)] for JPA transaction
2026-03-16 17:00:24 [http-nio-8080-exec-9] DEBUG o.s.orm.jpa.JpaTransactionManager - Participating in existing transaction
2026-03-16 17:00:24 [http-nio-8080-exec-7] DEBUG o.s.orm.jpa.JpaTransactionManager - Found thread-bound EntityManager [SessionImpl(249470227<open>)] for JPA transaction
2026-03-16 17:00:24 [http-nio-8080-exec-3] DEBUG o.s.orm.jpa.JpaTransactionManager - Participating in existing transaction
2026-03-16 17:00:24 [http-nio-8080-exec-7] DEBUG o.s.orm.jpa.JpaTransactionManager - Participating in existing transaction
2026-03-16 17:00:24 [http-nio-8080-exec-9] DEBUG org.hibernate.SQL - select u1_0.emplyr_id,u1_0.area_no,u1_0.brthdy,u1_0.chg_pwd_cnt,u1_0.frst_register_id,u1_0.frst_regist_pnttm,u1_0.detail_adres,u1_0.email_adres,u1_0.emplyr_sttus_code,u1_0.empl_no,u1_0.esntl_id,u1_0.fxnum,u1_0.group_id,u1_0.house_adres,u1_0.house_end_telno,u1_0.house_middle_telno,u1_0.ihidnum,u1_0.pstinst_code,u1_0.last_updusr_id,u1_0.last_updt_pnttm,u1_0.lock_at,u1_0.lock_cnt,u1_0.lock_last_pnttm,u1_0.mbtlnum,u1_0.ofcps_nm,u1_0.offm_telno,u1_0.orgnzt_id,u1_0.password,u1_0.password_cnsr,u1_0.password_hint,u1_0.chg_pwd_last_pnttm,u1_0.role,u1_0.sbscrb_de,u1_0.sexdstn_code,u1_0.crtfc_dn_value,u1_0.user_nm,u1_0.zip from nemplyrinfo u1_0 where u1_0.emplyr_id=?
2026-03-16 17:00:24 [http-nio-8080-exec-3] DEBUG org.hibernate.SQL - select u1_0.emplyr_id,u1_0.area_no,u1_0.brthdy,u1_0.chg_pwd_cnt,u1_0.frst_register_id,u1_0.frst_regist_pnttm,u1_0.detail_adres,u1_0.email_adres,u1_0.emplyr_sttus_code,u1_0.empl_no,u1_0.esntl_id,u1_0.fxnum,u1_0.group_id,u1_0.house_adres,u1_0.house_end_telno,u1_0.house_middle_telno,u1_0.ihidnum,u1_0.pstinst_code,u1_0.last_updusr_id,u1_0.last_updt_pnttm,u1_0.lock_at,u1_0.lock_cnt,u1_0.lock_last_pnttm,u1_0.mbtlnum,u1_0.ofcps_nm,u1_0.offm_telno,u1_0.orgnzt_id,u1_0.password,u1_0.password_cnsr,u1_0.password_hint,u1_0.chg_pwd_last_pnttm,u1_0.role,u1_0.sbscrb_de,u1_0.sexdstn_code,u1_0.crtfc_dn_value,u1_0.user_nm,u1_0.zip from nemplyrinfo u1_0 where u1_0.emplyr_id=?
2026-03-16 17:00:24 [http-nio-8080-exec-7] DEBUG org.hibernate.SQL - select u1_0.emplyr_id,u1_0.area_no,u1_0.brthdy,u1_0.chg_pwd_cnt,u1_0.frst_register_id,u1_0.frst_regist_pnttm,u1_0.detail_adres,u1_0.email_adres,u1_0.emplyr_sttus_code,u1_0.empl_no,u1_0.esntl_id,u1_0.fxnum,u1_0.group_id,u1_0.house_adres,u1_0.house_end_telno,u1_0.house_middle_telno,u1_0.ihidnum,u1_0.pstinst_code,u1_0.last_updusr_id,u1_0.last_updt_pnttm,u1_0.lock_at,u1_0.lock_cnt,u1_0.lock_last_pnttm,u1_0.mbtlnum,u1_0.ofcps_nm,u1_0.offm_telno,u1_0.orgnzt_id,u1_0.password,u1_0.password_cnsr,u1_0.password_hint,u1_0.chg_pwd_last_pnttm,u1_0.role,u1_0.sbscrb_de,u1_0.sexdstn_code,u1_0.crtfc_dn_value,u1_0.user_nm,u1_0.zip from nemplyrinfo u1_0 where u1_0.emplyr_id=?
2026-03-16 17:00:25 [http-nio-8080-exec-9] DEBUG o.s.orm.jpa.JpaTransactionManager - Found thread-bound EntityManager [SessionImpl(1762085540<open>)] for JPA transaction
2026-03-16 17:00:25 [http-nio-8080-exec-9] DEBUG o.s.orm.jpa.JpaTransactionManager - Participating in existing transaction
2026-03-16 17:00:25 [http-nio-8080-exec-9] DEBUG org.hibernate.SQL - select ua1_0.scrty_dtrmn_trget_id,ua1_0.author_code,ua1_0.frst_register_id,ua1_0.frst_regist_pnttm,ua1_0.last_updusr_id,ua1_0.last_updt_pnttm,ua1_0.mber_ty_code from nemplyrscrtyestbs ua1_0 where ua1_0.scrty_dtrmn_trget_id=?
2026-03-16 17:00:25 [http-nio-8080-exec-3] DEBUG o.s.orm.jpa.JpaTransactionManager - Found thread-bound EntityManager [SessionImpl(302600501<open>)] for JPA transaction
2026-03-16 17:00:25 [http-nio-8080-exec-7] DEBUG o.s.orm.jpa.JpaTransactionManager - Found thread-bound EntityManager [SessionImpl(249470227<open>)] for JPA transaction
2026-03-16 17:00:25 [http-nio-8080-exec-3] DEBUG o.s.orm.jpa.JpaTransactionManager - Participating in existing transaction
2026-03-16 17:00:25 [http-nio-8080-exec-7] DEBUG o.s.orm.jpa.JpaTransactionManager - Participating in existing transaction
2026-03-16 17:00:25 [http-nio-8080-exec-7] DEBUG org.hibernate.SQL - select ua1_0.scrty_dtrmn_trget_id,ua1_0.author_code,ua1_0.frst_register_id,ua1_0.frst_regist_pnttm,ua1_0.last_updusr_id,ua1_0.last_updt_pnttm,ua1_0.mber_ty_code from nemplyrscrtyestbs ua1_0 where ua1_0.scrty_dtrmn_trget_id=?
2026-03-16 17:00:25 [http-nio-8080-exec-3] DEBUG org.hibernate.SQL - select ua1_0.scrty_dtrmn_trget_id,ua1_0.author_code,ua1_0.frst_register_id,ua1_0.frst_regist_pnttm,ua1_0.last_updusr_id,ua1_0.last_updt_pnttm,ua1_0.mber_ty_code from nemplyrscrtyestbs ua1_0 where ua1_0.scrty_dtrmn_trget_id=?
2026-03-16 17:00:25 [http-nio-8080-exec-9] DEBUG o.s.orm.jpa.JpaTransactionManager - Initiating transaction commit
2026-03-16 17:00:25 [http-nio-8080-exec-9] DEBUG o.s.orm.jpa.JpaTransactionManager - Committing JPA transaction on EntityManager [SessionImpl(1762085540<open>)]
2026-03-16 17:00:25 [http-nio-8080-exec-7] DEBUG o.s.orm.jpa.JpaTransactionManager - Initiating transaction commit
2026-03-16 17:00:25 [http-nio-8080-exec-3] DEBUG o.s.orm.jpa.JpaTransactionManager - Initiating transaction commit
2026-03-16 17:00:25 [http-nio-8080-exec-7] DEBUG o.s.orm.jpa.JpaTransactionManager - Committing JPA transaction on EntityManager [SessionImpl(249470227<open>)]
2026-03-16 17:00:25 [http-nio-8080-exec-3] DEBUG o.s.orm.jpa.JpaTransactionManager - Committing JPA transaction on EntityManager [SessionImpl(302600501<open>)]
2026-03-16 17:00:25 [http-nio-8080-exec-9] DEBUG o.s.orm.jpa.JpaTransactionManager - Closing JPA EntityManager [SessionImpl(1762085540<open>)] after transaction
2026-03-16 17:00:25 [http-nio-8080-exec-9] DEBUG c.c.p.s.jwt.JwtAuthenticationFilter - >>> [JwtFilter] Successfully authenticated user: USRCNFRM_99999999999, Authorities: [ROLE_ADMIN]
2026-03-16 17:00:25 [http-nio-8080-exec-9] DEBUG o.s.web.servlet.DispatcherServlet - GET "/api/v1/auth/me", parameters={}
2026-03-16 17:00:25 [http-nio-8080-exec-9] TRACE o.s.w.s.m.m.a.RequestMappingHandlerMapping - Mapped to com.company.project.api.auth.AuthController#getCurrentUser()
2026-03-16 17:00:25 [http-nio-8080-exec-9] DEBUG o.s.w.s.m.m.a.RequestResponseBodyMethodProcessor - Using 'application/json', given [application/json, text/plain, */*] and supported [application/json, application/*+json, application/yaml]
2026-03-16 17:00:25 [http-nio-8080-exec-9] TRACE o.s.w.s.m.m.a.RequestResponseBodyMethodProcessor - Writing [ApiResponse[success=true, status=200, code=COMMON_001, message=Success, data={role=ROLE_ADMIN, userSe=EMP, name=관리자, id=webmaster}, timestamp=2026-03-16T17:00:25.440015600]]
2026-03-16 17:00:25 [http-nio-8080-exec-9] INFO  c.c.p.a.i.OperationalAuditInterceptor - API Audit Log: URL=/api/v1/auth/me, User=webmaster, IP=127.0.0.1
2026-03-16 17:00:25 [http-nio-8080-exec-9] DEBUG o.s.web.servlet.DispatcherServlet - Completed 200 OK
2026-03-16 17:00:25 [http-nio-8080-exec-7] DEBUG o.s.orm.jpa.JpaTransactionManager - Closing JPA EntityManager [SessionImpl(249470227<open>)] after transaction
2026-03-16 17:00:25 [http-nio-8080-exec-3] DEBUG o.s.orm.jpa.JpaTransactionManager - Closing JPA EntityManager [SessionImpl(302600501<open>)] after transaction
2026-03-16 17:00:25 [http-nio-8080-exec-7] DEBUG c.c.p.s.jwt.JwtAuthenticationFilter - >>> [JwtFilter] Successfully authenticated user: USRCNFRM_99999999999, Authorities: [ROLE_ADMIN]
2026-03-16 17:00:25 [http-nio-8080-exec-3] DEBUG c.c.p.s.jwt.JwtAuthenticationFilter - >>> [JwtFilter] Successfully authenticated user: USRCNFRM_99999999999, Authorities: [ROLE_ADMIN]
2026-03-16 17:00:25 [http-nio-8080-exec-7] DEBUG o.s.web.servlet.DispatcherServlet - GET "/api/v1/menu/head", parameters={}
2026-03-16 17:00:25 [http-nio-8080-exec-3] DEBUG o.s.web.servlet.DispatcherServlet - GET "/api/v1/menu/left?menuNo=10", parameters={masked}
2026-03-16 17:00:25 [http-nio-8080-exec-7] TRACE o.s.w.s.m.m.a.RequestMappingHandlerMapping - Mapped to com.company.project.api.controller.menu.MenuController#getHeadMenu()
2026-03-16 17:00:25 [http-nio-8080-exec-3] TRACE o.s.w.s.m.m.a.RequestMappingHandlerMapping - Mapped to com.company.project.api.controller.menu.MenuController#getLeftMenu(Long)
2026-03-16 17:00:25 [http-nio-8080-exec-7] INFO  c.c.p.a.c.menu.MenuController - getHeadMenu called
2026-03-16 17:00:25 [http-nio-8080-exec-3] INFO  c.c.p.a.c.menu.MenuController - getLeftMenu called with menuNo=10
2026-03-16 17:00:25 [http-nio-8080-exec-3] DEBUG o.s.orm.jpa.JpaTransactionManager - Creating new transaction with name [com.company.project.service.menu.MenuService.getSubMenus]: PROPAGATION_REQUIRED,ISOLATION_DEFAULT,readOnly
2026-03-16 17:00:25 [http-nio-8080-exec-3] DEBUG o.s.orm.jpa.JpaTransactionManager - Opened new EntityManager [SessionImpl(1801213005<open>)] for JPA transaction
2026-03-16 17:00:25 [http-nio-8080-exec-3] DEBUG o.s.orm.jpa.JpaTransactionManager - Exposing JPA transaction as JDBC [org.springframework.orm.jpa.vendor.HibernateJpaDialect$HibernateConnectionHandle@5bccf707]
2026-03-16 17:00:25 [http-nio-8080-exec-7] INFO  c.c.p.a.c.menu.MenuController - getHeadMenu returned 5 items
2026-03-16 17:00:25 [http-nio-8080-exec-7] DEBUG o.s.w.s.m.m.a.HttpEntityMethodProcessor - Using 'application/json', given [application/json, text/plain, */*] and supported [application/json, application/*+json, application/yaml]
2026-03-16 17:00:25 [http-nio-8080-exec-7] TRACE o.s.w.s.m.m.a.HttpEntityMethodProcessor - Writing [ApiResponse[success=true, status=200, code=COMMON_001, message=Success, data={list=[com.company.project.service.menu.dto.MenuDto@2b80d6b0, com.company.project.service.menu.dto.MenuDto@1418cfa3, com.company.project.service.menu.dto.MenuDto@f230bf1, com.company.project.service.menu.dto.MenuDto@734a7f6a, com.company.project.service.menu.dto.MenuDto@5e5202e5]}, timestamp=2026-03-16T17:00:25.469369600]]
2026-03-16 17:00:25 [http-nio-8080-exec-3] DEBUG org.hibernate.SQL - select m1_0.menu_no,m1_0.menu_dc,m1_0.menu_nm,m1_0.menu_ordr,m1_0.modern_route,m1_0.progrm_file_nm,m1_0.relate_image_nm,m1_0.relate_image_path,m1_0.route_updated_at,m1_0.upper_menu_no from nmenuinfo m1_0 order by m1_0.upper_menu_no,m1_0.menu_ordr
2026-03-16 17:00:25 [http-nio-8080-exec-7] INFO  c.c.p.a.i.OperationalAuditInterceptor - API Audit Log: URL=/api/v1/menu/head, User=webmaster, IP=127.0.0.1
2026-03-16 17:00:25 [http-nio-8080-exec-7] DEBUG o.s.web.servlet.DispatcherServlet - Completed 200 OK
2026-03-16 17:00:25 [http-nio-8080-exec-4] DEBUG c.c.p.s.jwt.JwtAuthenticationFilter - >>> [JwtFilter] Processing request: GET /api/v1/notifications
2026-03-16 17:00:25 [http-nio-8080-exec-4] DEBUG c.c.p.s.jwt.JwtAuthenticationFilter - >>> [JwtFilter] Found token in header for path: /api/v1/notifications
2026-03-16 17:00:25 [http-nio-8080-exec-4] DEBUG o.s.orm.jpa.JpaTransactionManager - Creating new transaction with name [com.company.project.security.iam.CustomUserDetailsService.loadUserByUsername]: PROPAGATION_REQUIRED,ISOLATION_DEFAULT,readOnly
2026-03-16 17:00:25 [http-nio-8080-exec-4] DEBUG o.s.orm.jpa.JpaTransactionManager - Opened new EntityManager [SessionImpl(1185392390<open>)] for JPA transaction
2026-03-16 17:00:25 [http-nio-8080-exec-2] DEBUG c.c.p.s.jwt.JwtAuthenticationFilter - >>> [JwtFilter] Processing request: GET /api/v1/notifications/unread-count
2026-03-16 17:00:25 [http-nio-8080-exec-2] DEBUG c.c.p.s.jwt.JwtAuthenticationFilter - >>> [JwtFilter] Found token in header for path: /api/v1/notifications/unread-count
2026-03-16 17:00:25 [http-nio-8080-exec-2] DEBUG o.s.orm.jpa.JpaTransactionManager - Creating new transaction with name [com.company.project.security.iam.CustomUserDetailsService.loadUserByUsername]: PROPAGATION_REQUIRED,ISOLATION_DEFAULT,readOnly
2026-03-16 17:00:25 [http-nio-8080-exec-2] DEBUG o.s.orm.jpa.JpaTransactionManager - Opened new EntityManager [SessionImpl(1919963486<open>)] for JPA transaction
2026-03-16 17:00:25 [http-nio-8080-exec-10] DEBUG c.c.p.s.jwt.JwtAuthenticationFilter - >>> [JwtFilter] Processing request: GET /api/v1/admin/system/banners/reflected
2026-03-16 17:00:25 [http-nio-8080-exec-1] DEBUG c.c.p.s.jwt.JwtAuthenticationFilter - >>> [JwtFilter] Processing request: GET /api/v1/popups/active
2026-03-16 17:00:25 [http-nio-8080-exec-10] DEBUG c.c.p.s.jwt.JwtAuthenticationFilter - >>> [JwtFilter] Found token in header for path: /api/v1/admin/system/banners/reflected
2026-03-16 17:00:25 [http-nio-8080-exec-1] DEBUG c.c.p.s.jwt.JwtAuthenticationFilter - >>> [JwtFilter] Found token in header for path: /api/v1/popups/active
2026-03-16 17:00:25 [http-nio-8080-exec-1] DEBUG o.s.orm.jpa.JpaTransactionManager - Creating new transaction with name [com.company.project.security.iam.CustomUserDetailsService.loadUserByUsername]: PROPAGATION_REQUIRED,ISOLATION_DEFAULT,readOnly
2026-03-16 17:00:25 [http-nio-8080-exec-10] DEBUG o.s.orm.jpa.JpaTransactionManager - Creating new transaction with name [com.company.project.security.iam.CustomUserDetailsService.loadUserByUsername]: PROPAGATION_REQUIRED,ISOLATION_DEFAULT,readOnly
2026-03-16 17:00:25 [http-nio-8080-exec-1] DEBUG o.s.orm.jpa.JpaTransactionManager - Opened new EntityManager [SessionImpl(473745568<open>)] for JPA transaction
2026-03-16 17:00:25 [http-nio-8080-exec-10] DEBUG o.s.orm.jpa.JpaTransactionManager - Opened new EntityManager [SessionImpl(885991524<open>)] for JPA transaction
2026-03-16 17:00:25 [http-nio-8080-exec-8] DEBUG o.s.web.servlet.DispatcherServlet - GET "/ws/info?t=1773648025511", parameters={masked}
2026-03-16 17:00:25 [http-nio-8080-exec-8] DEBUG o.s.w.s.s.s.WebSocketHandlerMapping - Mapped to org.springframework.web.socket.sockjs.support.SockJsHttpRequestHandler@3d80b7ba
2026-03-16 17:00:25 [http-nio-8080-exec-8] DEBUG o.s.w.s.s.t.h.DefaultSockJsService - Processing transport request: GET http://localhost:8080/ws/info?t=1773648025511
2026-03-16 17:00:25 [http-nio-8080-exec-8] DEBUG o.s.web.servlet.DispatcherServlet - Completed 200 OK
2026-03-16 17:00:25 [http-nio-8080-exec-5] DEBUG o.s.web.servlet.DispatcherServlet - GET "/ws/668/3igxmntd/websocket", parameters={}
2026-03-16 17:00:25 [http-nio-8080-exec-5] DEBUG o.s.w.s.s.s.WebSocketHandlerMapping - Mapped to org.springframework.web.socket.sockjs.support.SockJsHttpRequestHandler@3d80b7ba
2026-03-16 17:00:25 [http-nio-8080-exec-5] DEBUG o.s.w.s.s.t.h.DefaultSockJsService - Processing transport request: GET http://localhost:8080/ws/668/3igxmntd/websocket
2026-03-16 17:00:25 [http-nio-8080-exec-5] DEBUG o.s.web.servlet.DispatcherServlet - Completed 101 SWITCHING_PROTOCOLS
2026-03-16 17:00:25 [http-nio-8080-exec-5] DEBUG o.s.w.s.h.LoggingWebSocketHandlerDecorator - New WebSocketServerSockJsSession[id=3igxmntd]
2026-03-16 17:00:25 [scheduling-1] DEBUG org.springframework.web.SimpLogging - Processing CONNECT session=3igxmntd
2026-03-16 17:00:25 [scheduling-1] DEBUG org.springframework.web.SimpLogging - Processing SUBSCRIBE /topic/notices id=sub-0 session=3igxmntd
2026-03-16 17:00:25 [scheduling-1] DEBUG org.springframework.web.SimpLogging - Processing SUBSCRIBE destination=/queue/notifications-user3igxmntd subscriptionId=sub-1 session=3igxmntd payload=byte[0]
2026-03-16 17:00:25 [scheduling-1] DEBUG org.springframework.web.SimpLogging - Processing SUBSCRIBE /topic/public id=sub-2 session=3igxmntd
2026-03-16 17:00:25 [scheduling-1] DEBUG org.springframework.web.SimpLogging - Processing SUBSCRIBE /topic/dashboard/stats id=sub-4 session=3igxmntd
2026-03-16 17:00:25 [scheduling-1] DEBUG org.springframework.web.SimpLogging - Processing SUBSCRIBE /topic/notifications id=sub-5 session=3igxmntd
2026-03-16 17:00:25 [scheduling-1] DEBUG org.springframework.web.SimpLogging - Processing SUBSCRIBE destination=/queue/notifications-user3igxmntd subscriptionId=sub-6 session=3igxmntd payload=byte[0]
2026-03-16 17:00:25 [http-nio-8080-exec-8] DEBUG c.c.p.s.jwt.JwtAuthenticationFilter - >>> [JwtFilter] Processing request: GET /api/v1/admin/system/statistics/connect
2026-03-16 17:00:25 [http-nio-8080-exec-8] DEBUG c.c.p.s.jwt.JwtAuthenticationFilter - >>> [JwtFilter] Found token in header for path: /api/v1/admin/system/statistics/connect
2026-03-16 17:00:25 [http-nio-8080-exec-8] DEBUG o.s.orm.jpa.JpaTransactionManager - Creating new transaction with name [com.company.project.security.iam.CustomUserDetailsService.loadUserByUsername]: PROPAGATION_REQUIRED,ISOLATION_DEFAULT,readOnly
2026-03-16 17:00:25 [http-nio-8080-exec-8] DEBUG o.s.orm.jpa.JpaTransactionManager - Opened new EntityManager [SessionImpl(554883355<open>)] for JPA transaction
2026-03-16 17:00:25 [http-nio-8080-exec-4] DEBUG o.s.orm.jpa.JpaTransactionManager - Exposing JPA transaction as JDBC [org.springframework.orm.jpa.vendor.HibernateJpaDialect$HibernateConnectionHandle@17cbf0d]
2026-03-16 17:00:25 [http-nio-8080-exec-4] DEBUG o.s.orm.jpa.JpaTransactionManager - Found thread-bound EntityManager [SessionImpl(1185392390<open>)] for JPA transaction
2026-03-16 17:00:25 [http-nio-8080-exec-4] DEBUG o.s.orm.jpa.JpaTransactionManager - Participating in existing transaction
2026-03-16 17:00:25 [http-nio-8080-exec-4] DEBUG org.hibernate.SQL - select u1_0.emplyr_id,u1_0.area_no,u1_0.brthdy,u1_0.chg_pwd_cnt,u1_0.frst_register_id,u1_0.frst_regist_pnttm,u1_0.detail_adres,u1_0.email_adres,u1_0.emplyr_sttus_code,u1_0.empl_no,u1_0.esntl_id,u1_0.fxnum,u1_0.group_id,u1_0.house_adres,u1_0.house_end_telno,u1_0.house_middle_telno,u1_0.ihidnum,u1_0.pstinst_code,u1_0.last_updusr_id,u1_0.last_updt_pnttm,u1_0.lock_at,u1_0.lock_cnt,u1_0.lock_last_pnttm,u1_0.mbtlnum,u1_0.ofcps_nm,u1_0.offm_telno,u1_0.orgnzt_id,u1_0.password,u1_0.password_cnsr,u1_0.password_hint,u1_0.chg_pwd_last_pnttm,u1_0.role,u1_0.sbscrb_de,u1_0.sexdstn_code,u1_0.crtfc_dn_value,u1_0.user_nm,u1_0.zip from nemplyrinfo u1_0 where u1_0.emplyr_id=?
2026-03-16 17:00:25 [http-nio-8080-exec-2] DEBUG o.s.orm.jpa.JpaTransactionManager - Exposing JPA transaction as JDBC [org.springframework.orm.jpa.vendor.HibernateJpaDialect$HibernateConnectionHandle@5fc41d9a]
2026-03-16 17:00:25 [http-nio-8080-exec-2] DEBUG o.s.orm.jpa.JpaTransactionManager - Found thread-bound EntityManager [SessionImpl(1919963486<open>)] for JPA transaction
2026-03-16 17:00:25 [http-nio-8080-exec-2] DEBUG o.s.orm.jpa.JpaTransactionManager - Participating in existing transaction
2026-03-16 17:00:25 [http-nio-8080-exec-2] DEBUG org.hibernate.SQL - select u1_0.emplyr_id,u1_0.area_no,u1_0.brthdy,u1_0.chg_pwd_cnt,u1_0.frst_register_id,u1_0.frst_regist_pnttm,u1_0.detail_adres,u1_0.email_adres,u1_0.emplyr_sttus_code,u1_0.empl_no,u1_0.esntl_id,u1_0.fxnum,u1_0.group_id,u1_0.house_adres,u1_0.house_end_telno,u1_0.house_middle_telno,u1_0.ihidnum,u1_0.pstinst_code,u1_0.last_updusr_id,u1_0.last_updt_pnttm,u1_0.lock_at,u1_0.lock_cnt,u1_0.lock_last_pnttm,u1_0.mbtlnum,u1_0.ofcps_nm,u1_0.offm_telno,u1_0.orgnzt_id,u1_0.password,u1_0.password_cnsr,u1_0.password_hint,u1_0.chg_pwd_last_pnttm,u1_0.role,u1_0.sbscrb_de,u1_0.sexdstn_code,u1_0.crtfc_dn_value,u1_0.user_nm,u1_0.zip from nemplyrinfo u1_0 where u1_0.emplyr_id=?
2026-03-16 17:00:25 [http-nio-8080-exec-1] DEBUG o.s.orm.jpa.JpaTransactionManager - Exposing JPA transaction as JDBC [org.springframework.orm.jpa.vendor.HibernateJpaDialect$HibernateConnectionHandle@799f7a8]
2026-03-16 17:00:25 [http-nio-8080-exec-1] DEBUG o.s.orm.jpa.JpaTransactionManager - Found thread-bound EntityManager [SessionImpl(473745568<open>)] for JPA transaction
2026-03-16 17:00:25 [http-nio-8080-exec-1] DEBUG o.s.orm.jpa.JpaTransactionManager - Participating in existing transaction
2026-03-16 17:00:25 [http-nio-8080-exec-1] DEBUG org.hibernate.SQL - select u1_0.emplyr_id,u1_0.area_no,u1_0.brthdy,u1_0.chg_pwd_cnt,u1_0.frst_register_id,u1_0.frst_regist_pnttm,u1_0.detail_adres,u1_0.email_adres,u1_0.emplyr_sttus_code,u1_0.empl_no,u1_0.esntl_id,u1_0.fxnum,u1_0.group_id,u1_0.house_adres,u1_0.house_end_telno,u1_0.house_middle_telno,u1_0.ihidnum,u1_0.pstinst_code,u1_0.last_updusr_id,u1_0.last_updt_pnttm,u1_0.lock_at,u1_0.lock_cnt,u1_0.lock_last_pnttm,u1_0.mbtlnum,u1_0.ofcps_nm,u1_0.offm_telno,u1_0.orgnzt_id,u1_0.password,u1_0.password_cnsr,u1_0.password_hint,u1_0.chg_pwd_last_pnttm,u1_0.role,u1_0.sbscrb_de,u1_0.sexdstn_code,u1_0.crtfc_dn_value,u1_0.user_nm,u1_0.zip from nemplyrinfo u1_0 where u1_0.emplyr_id=?
2026-03-16 17:00:25 [http-nio-8080-exec-10] DEBUG o.s.orm.jpa.JpaTransactionManager - Exposing JPA transaction as JDBC [org.springframework.orm.jpa.vendor.HibernateJpaDialect$HibernateConnectionHandle@7c12154e]
2026-03-16 17:00:25 [http-nio-8080-exec-10] DEBUG o.s.orm.jpa.JpaTransactionManager - Found thread-bound EntityManager [SessionImpl(885991524<open>)] for JPA transaction
2026-03-16 17:00:25 [http-nio-8080-exec-10] DEBUG o.s.orm.jpa.JpaTransactionManager - Participating in existing transaction
2026-03-16 17:00:25 [http-nio-8080-exec-10] DEBUG org.hibernate.SQL - select u1_0.emplyr_id,u1_0.area_no,u1_0.brthdy,u1_0.chg_pwd_cnt,u1_0.frst_register_id,u1_0.frst_regist_pnttm,u1_0.detail_adres,u1_0.email_adres,u1_0.emplyr_sttus_code,u1_0.empl_no,u1_0.esntl_id,u1_0.fxnum,u1_0.group_id,u1_0.house_adres,u1_0.house_end_telno,u1_0.house_middle_telno,u1_0.ihidnum,u1_0.pstinst_code,u1_0.last_updusr_id,u1_0.last_updt_pnttm,u1_0.lock_at,u1_0.lock_cnt,u1_0.lock_last_pnttm,u1_0.mbtlnum,u1_0.ofcps_nm,u1_0.offm_telno,u1_0.orgnzt_id,u1_0.password,u1_0.password_cnsr,u1_0.password_hint,u1_0.chg_pwd_last_pnttm,u1_0.role,u1_0.sbscrb_de,u1_0.sexdstn_code,u1_0.crtfc_dn_value,u1_0.user_nm,u1_0.zip from nemplyrinfo u1_0 where u1_0.emplyr_id=?
2026-03-16 17:00:25 [http-nio-8080-exec-8] DEBUG o.s.orm.jpa.JpaTransactionManager - Exposing JPA transaction as JDBC [org.springframework.orm.jpa.vendor.HibernateJpaDialect$HibernateConnectionHandle@5194e8cf]
2026-03-16 17:00:25 [http-nio-8080-exec-8] DEBUG o.s.orm.jpa.JpaTransactionManager - Found thread-bound EntityManager [SessionImpl(554883355<open>)] for JPA transaction
2026-03-16 17:00:25 [http-nio-8080-exec-8] DEBUG o.s.orm.jpa.JpaTransactionManager - Participating in existing transaction
2026-03-16 17:00:25 [http-nio-8080-exec-8] DEBUG org.hibernate.SQL - select u1_0.emplyr_id,u1_0.area_no,u1_0.brthdy,u1_0.chg_pwd_cnt,u1_0.frst_register_id,u1_0.frst_regist_pnttm,u1_0.detail_adres,u1_0.email_adres,u1_0.emplyr_sttus_code,u1_0.empl_no,u1_0.esntl_id,u1_0.fxnum,u1_0.group_id,u1_0.house_adres,u1_0.house_end_telno,u1_0.house_middle_telno,u1_0.ihidnum,u1_0.pstinst_code,u1_0.last_updusr_id,u1_0.last_updt_pnttm,u1_0.lock_at,u1_0.lock_cnt,u1_0.lock_last_pnttm,u1_0.mbtlnum,u1_0.ofcps_nm,u1_0.offm_telno,u1_0.orgnzt_id,u1_0.password,u1_0.password_cnsr,u1_0.password_hint,u1_0.chg_pwd_last_pnttm,u1_0.role,u1_0.sbscrb_de,u1_0.sexdstn_code,u1_0.crtfc_dn_value,u1_0.user_nm,u1_0.zip from nemplyrinfo u1_0 where u1_0.emplyr_id=?
2026-03-16 17:00:25 [http-nio-8080-exec-2] DEBUG o.s.orm.jpa.JpaTransactionManager - Found thread-bound EntityManager [SessionImpl(1919963486<open>)] for JPA transaction
2026-03-16 17:00:25 [http-nio-8080-exec-1] DEBUG o.s.orm.jpa.JpaTransactionManager - Found thread-bound EntityManager [SessionImpl(473745568<open>)] for JPA transaction
2026-03-16 17:00:25 [http-nio-8080-exec-4] DEBUG o.s.orm.jpa.JpaTransactionManager - Found thread-bound EntityManager [SessionImpl(1185392390<open>)] for JPA transaction
2026-03-16 17:00:25 [http-nio-8080-exec-2] DEBUG o.s.orm.jpa.JpaTransactionManager - Participating in existing transaction
2026-03-16 17:00:25 [http-nio-8080-exec-4] DEBUG o.s.orm.jpa.JpaTransactionManager - Participating in existing transaction
2026-03-16 17:00:25 [http-nio-8080-exec-4] DEBUG org.hibernate.SQL - select ua1_0.scrty_dtrmn_trget_id,ua1_0.author_code,ua1_0.frst_register_id,ua1_0.frst_regist_pnttm,ua1_0.last_updusr_id,ua1_0.last_updt_pnttm,ua1_0.mber_ty_code from nemplyrscrtyestbs ua1_0 where ua1_0.scrty_dtrmn_trget_id=?
2026-03-16 17:00:25 [http-nio-8080-exec-1] DEBUG o.s.orm.jpa.JpaTransactionManager - Participating in existing transaction
2026-03-16 17:00:25 [http-nio-8080-exec-1] DEBUG org.hibernate.SQL - select ua1_0.scrty_dtrmn_trget_id,ua1_0.author_code,ua1_0.frst_register_id,ua1_0.frst_regist_pnttm,ua1_0.last_updusr_id,ua1_0.last_updt_pnttm,ua1_0.mber_ty_code from nemplyrscrtyestbs ua1_0 where ua1_0.scrty_dtrmn_trget_id=?
2026-03-16 17:00:25 [http-nio-8080-exec-2] DEBUG org.hibernate.SQL - select ua1_0.scrty_dtrmn_trget_id,ua1_0.author_code,ua1_0.frst_register_id,ua1_0.frst_regist_pnttm,ua1_0.last_updusr_id,ua1_0.last_updt_pnttm,ua1_0.mber_ty_code from nemplyrscrtyestbs ua1_0 where ua1_0.scrty_dtrmn_trget_id=?
2026-03-16 17:00:25 [http-nio-8080-exec-3] DEBUG o.s.orm.jpa.JpaTransactionManager - Found thread-bound EntityManager [SessionImpl(1801213005<open>)] for JPA transaction
2026-03-16 17:00:25 [http-nio-8080-exec-3] DEBUG o.s.orm.jpa.JpaTransactionManager - Participating in existing transaction
2026-03-16 17:00:25 [http-nio-8080-exec-3] DEBUG org.hibernate.SQL - select p1_0.progrm_file_nm,p1_0.progrm_dc,p1_0.progrm_korean_nm,p1_0.progrm_stre_path,p1_0.url from nprogrmlist p1_0
2026-03-16 17:00:25 [http-nio-8080-exec-10] DEBUG o.s.orm.jpa.JpaTransactionManager - Found thread-bound EntityManager [SessionImpl(885991524<open>)] for JPA transaction
2026-03-16 17:00:25 [http-nio-8080-exec-10] DEBUG o.s.orm.jpa.JpaTransactionManager - Participating in existing transaction
2026-03-16 17:00:25 [http-nio-8080-exec-10] DEBUG org.hibernate.SQL - select ua1_0.scrty_dtrmn_trget_id,ua1_0.author_code,ua1_0.frst_register_id,ua1_0.frst_regist_pnttm,ua1_0.last_updusr_id,ua1_0.last_updt_pnttm,ua1_0.mber_ty_code from nemplyrscrtyestbs ua1_0 where ua1_0.scrty_dtrmn_trget_id=?
2026-03-16 17:00:25 [http-nio-8080-exec-8] DEBUG o.s.orm.jpa.JpaTransactionManager - Found thread-bound EntityManager [SessionImpl(554883355<open>)] for JPA transaction
2026-03-16 17:00:25 [http-nio-8080-exec-8] DEBUG o.s.orm.jpa.JpaTransactionManager - Participating in existing transaction
2026-03-16 17:00:25 [http-nio-8080-exec-8] DEBUG org.hibernate.SQL - select ua1_0.scrty_dtrmn_trget_id,ua1_0.author_code,ua1_0.frst_register_id,ua1_0.frst_regist_pnttm,ua1_0.last_updusr_id,ua1_0.last_updt_pnttm,ua1_0.mber_ty_code from nemplyrscrtyestbs ua1_0 where ua1_0.scrty_dtrmn_trget_id=?
2026-03-16 17:00:25 [http-nio-8080-exec-4] DEBUG o.s.orm.jpa.JpaTransactionManager - Initiating transaction commit
2026-03-16 17:00:25 [http-nio-8080-exec-4] DEBUG o.s.orm.jpa.JpaTransactionManager - Committing JPA transaction on EntityManager [SessionImpl(1185392390<open>)]
2026-03-16 17:00:25 [http-nio-8080-exec-2] DEBUG o.s.orm.jpa.JpaTransactionManager - Initiating transaction commit
2026-03-16 17:00:25 [http-nio-8080-exec-2] DEBUG o.s.orm.jpa.JpaTransactionManager - Committing JPA transaction on EntityManager [SessionImpl(1919963486<open>)]
2026-03-16 17:00:25 [http-nio-8080-exec-1] DEBUG o.s.orm.jpa.JpaTransactionManager - Initiating transaction commit
2026-03-16 17:00:25 [http-nio-8080-exec-1] DEBUG o.s.orm.jpa.JpaTransactionManager - Committing JPA transaction on EntityManager [SessionImpl(473745568<open>)]
2026-03-16 17:00:25 [http-nio-8080-exec-3] DEBUG o.s.orm.jpa.JpaTransactionManager - Initiating transaction commit
2026-03-16 17:00:25 [http-nio-8080-exec-3] DEBUG o.s.orm.jpa.JpaTransactionManager - Committing JPA transaction on EntityManager [SessionImpl(1801213005<open>)]
2026-03-16 17:00:25 [http-nio-8080-exec-10] DEBUG o.s.orm.jpa.JpaTransactionManager - Initiating transaction commit
2026-03-16 17:00:25 [http-nio-8080-exec-10] DEBUG o.s.orm.jpa.JpaTransactionManager - Committing JPA transaction on EntityManager [SessionImpl(885991524<open>)]
2026-03-16 17:00:26 [http-nio-8080-exec-8] DEBUG o.s.orm.jpa.JpaTransactionManager - Initiating transaction commit
2026-03-16 17:00:26 [http-nio-8080-exec-8] DEBUG o.s.orm.jpa.JpaTransactionManager - Committing JPA transaction on EntityManager [SessionImpl(554883355<open>)]
2026-03-16 17:00:26 [http-nio-8080-exec-4] DEBUG o.s.orm.jpa.JpaTransactionManager - Closing JPA EntityManager [SessionImpl(1185392390<open>)] after transaction
2026-03-16 17:00:26 [http-nio-8080-exec-2] DEBUG o.s.orm.jpa.JpaTransactionManager - Closing JPA EntityManager [SessionImpl(1919963486<open>)] after transaction
2026-03-16 17:00:26 [http-nio-8080-exec-4] DEBUG c.c.p.s.jwt.JwtAuthenticationFilter - >>> [JwtFilter] Successfully authenticated user: USRCNFRM_99999999999, Authorities: [ROLE_ADMIN]
2026-03-16 17:00:26 [http-nio-8080-exec-2] DEBUG c.c.p.s.jwt.JwtAuthenticationFilter - >>> [JwtFilter] Successfully authenticated user: USRCNFRM_99999999999, Authorities: [ROLE_ADMIN]
2026-03-16 17:00:26 [http-nio-8080-exec-4] DEBUG o.s.web.servlet.DispatcherServlet - GET "/api/v1/notifications", parameters={}
2026-03-16 17:00:26 [http-nio-8080-exec-2] DEBUG o.s.web.servlet.DispatcherServlet - GET "/api/v1/notifications/unread-count", parameters={}
2026-03-16 17:00:26 [http-nio-8080-exec-4] TRACE o.s.w.s.m.m.a.RequestMappingHandlerMapping - Mapped to com.company.project.api.controller.notification.NotificationController#getMyNotifications(UserDetails)
2026-03-16 17:00:26 [http-nio-8080-exec-2] TRACE o.s.w.s.m.m.a.RequestMappingHandlerMapping - Mapped to com.company.project.api.controller.notification.NotificationController#getUnreadCount(UserDetails)
2026-03-16 17:00:26 [http-nio-8080-exec-4] DEBUG o.s.orm.jpa.JpaTransactionManager - Creating new transaction with name [com.company.project.service.notification.NotificationService.getActiveNotifications]: PROPAGATION_REQUIRED,ISOLATION_DEFAULT,readOnly
2026-03-16 17:00:26 [http-nio-8080-exec-4] DEBUG o.s.orm.jpa.JpaTransactionManager - Opened new EntityManager [SessionImpl(832016075<open>)] for JPA transaction
2026-03-16 17:00:26 [http-nio-8080-exec-2] DEBUG o.s.orm.jpa.JpaTransactionManager - Creating new transaction with name [com.company.project.service.notification.NotificationService.getUnreadCount]: PROPAGATION_REQUIRED,ISOLATION_DEFAULT,readOnly
2026-03-16 17:00:26 [http-nio-8080-exec-1] DEBUG o.s.orm.jpa.JpaTransactionManager - Closing JPA EntityManager [SessionImpl(473745568<open>)] after transaction
2026-03-16 17:00:26 [http-nio-8080-exec-4] DEBUG o.s.orm.jpa.JpaTransactionManager - Exposing JPA transaction as JDBC [org.springframework.orm.jpa.vendor.HibernateJpaDialect$HibernateConnectionHandle@3792cb14]
2026-03-16 17:00:26 [http-nio-8080-exec-2] DEBUG o.s.orm.jpa.JpaTransactionManager - Opened new EntityManager [SessionImpl(818431395<open>)] for JPA transaction
2026-03-16 17:00:26 [http-nio-8080-exec-1] DEBUG c.c.p.s.jwt.JwtAuthenticationFilter - >>> [JwtFilter] Successfully authenticated user: USRCNFRM_99999999999, Authorities: [ROLE_ADMIN]
2026-03-16 17:00:26 [http-nio-8080-exec-1] DEBUG o.s.web.servlet.DispatcherServlet - GET "/api/v1/popups/active", parameters={}
2026-03-16 17:00:26 [http-nio-8080-exec-4] DEBUG o.s.orm.jpa.JpaTransactionManager - Found thread-bound EntityManager [SessionImpl(832016075<open>)] for JPA transaction
2026-03-16 17:00:26 [http-nio-8080-exec-1] TRACE o.s.w.s.m.m.a.RequestMappingHandlerMapping - Mapped to com.company.project.api.controller.system.content.popup.PopupController#getActivePopups()
2026-03-16 17:00:26 [http-nio-8080-exec-2] DEBUG o.s.orm.jpa.JpaTransactionManager - Exposing JPA transaction as JDBC [org.springframework.orm.jpa.vendor.HibernateJpaDialect$HibernateConnectionHandle@2cac4f96]
2026-03-16 17:00:26 [http-nio-8080-exec-4] DEBUG o.s.orm.jpa.JpaTransactionManager - Participating in existing transaction
2026-03-16 17:00:26 [http-nio-8080-exec-1] DEBUG o.s.orm.jpa.JpaTransactionManager - Creating new transaction with name [com.company.project.service.system.content.popup.PopupServiceImpl.getActivePopups]: PROPAGATION_REQUIRED,ISOLATION_DEFAULT,readOnly
2026-03-16 17:00:26 [http-nio-8080-exec-1] DEBUG o.s.orm.jpa.JpaTransactionManager - Opened new EntityManager [SessionImpl(261674143<open>)] for JPA transaction
2026-03-16 17:00:26 [http-nio-8080-exec-1] DEBUG o.s.orm.jpa.JpaTransactionManager - Exposing JPA transaction as JDBC [org.springframework.orm.jpa.vendor.HibernateJpaDialect$HibernateConnectionHandle@7596d35c]
2026-03-16 17:00:26 [http-nio-8080-exec-4] DEBUG org.hibernate.SQL - select n1_0.ntcn_no,n1_0.frst_register_id,n1_0.frst_regist_pnttm,n1_0.is_read,n1_0.last_updusr_id,n1_0.last_updt_pnttm,n1_0.link_url,n1_0.ntcn_cn,n1_0.ntcn_sj,n1_0.receiver_id from n_user_notification n1_0
2026-03-16 17:00:26 [http-nio-8080-exec-1] DEBUG org.hibernate.SQL - select p1_0.popup_id,p1_0.frst_register_id,p1_0.frst_regist_pnttm,p1_0.file_url,p1_0.ntce_at,p1_0.stopvew_setup_at,p1_0.last_updusr_id,p1_0.last_updt_pnttm,p1_0.ntce_bgnde,p1_0.ntce_endde,p1_0.popup_vrticl_lc,p1_0.popup_vrticl_size,p1_0.popup_sj_nm,p1_0.popup_width_lc,p1_0.popup_width_size from npopupmanage p1_0 where p1_0.ntce_at='Y' and ? between p1_0.ntce_bgnde and p1_0.ntce_endde
2026-03-16 17:00:26 [http-nio-8080-exec-2] DEBUG org.hibernate.SQL - select count(n1_0.ntcn_no) from n_user_notification n1_0 where n1_0.receiver_id=? and n1_0.is_read=?
2026-03-16 17:00:26 [http-nio-8080-exec-3] DEBUG o.s.orm.jpa.JpaTransactionManager - Closing JPA EntityManager [SessionImpl(1801213005<open>)] after transaction
2026-03-16 17:00:26 [http-nio-8080-exec-3] INFO  c.c.p.a.c.menu.MenuController - getLeftMenu returned 5 items
2026-03-16 17:00:26 [http-nio-8080-exec-3] DEBUG o.s.w.s.m.m.a.HttpEntityMethodProcessor - Using 'application/json', given [application/json, text/plain, */*] and supported [application/json, application/*+json, application/yaml]
2026-03-16 17:00:26 [http-nio-8080-exec-3] TRACE o.s.w.s.m.m.a.HttpEntityMethodProcessor - Writing [ApiResponse[success=true, status=200, code=COMMON_001, message=Success, data={list=[com.company.project.service.menu.dto.MenuDto@d84c7ed, com.company.project.service.menu.dto.MenuDto@7f86020f, com.company.project.service.menu.dto.MenuDto@5814defb, com.company.project.service.menu.dto.MenuDto@2747866b, com.company.project.service.menu.dto.MenuDto@cd786c1]}, timestamp=2026-03-16T17:00:26.097554200]]
2026-03-16 17:00:26 [http-nio-8080-exec-3] INFO  c.c.p.a.i.OperationalAuditInterceptor - API Audit Log: URL=/api/v1/menu/left, User=webmaster, IP=127.0.0.1
2026-03-16 17:00:26 [http-nio-8080-exec-3] DEBUG o.s.web.servlet.DispatcherServlet - Completed 200 OK
2026-03-16 17:00:26 [http-nio-8080-exec-5] DEBUG c.c.p.s.jwt.JwtAuthenticationFilter - >>> [JwtFilter] Processing request: GET /api/v1/admin/system/statistics/bbs
2026-03-16 17:00:26 [http-nio-8080-exec-5] DEBUG c.c.p.s.jwt.JwtAuthenticationFilter - >>> [JwtFilter] Found token in header for path: /api/v1/admin/system/statistics/bbs
2026-03-16 17:00:26 [http-nio-8080-exec-5] DEBUG o.s.orm.jpa.JpaTransactionManager - Creating new transaction with name [com.company.project.security.iam.CustomUserDetailsService.loadUserByUsername]: PROPAGATION_REQUIRED,ISOLATION_DEFAULT,readOnly
2026-03-16 17:00:26 [http-nio-8080-exec-5] DEBUG o.s.orm.jpa.JpaTransactionManager - Opened new EntityManager [SessionImpl(1391421988<open>)] for JPA transaction
2026-03-16 17:00:26 [http-nio-8080-exec-10] DEBUG o.s.orm.jpa.JpaTransactionManager - Closing JPA EntityManager [SessionImpl(885991524<open>)] after transaction
2026-03-16 17:00:26 [http-nio-8080-exec-10] DEBUG c.c.p.s.jwt.JwtAuthenticationFilter - >>> [JwtFilter] Successfully authenticated user: USRCNFRM_99999999999, Authorities: [ROLE_ADMIN]
2026-03-16 17:00:26 [http-nio-8080-exec-10] DEBUG o.s.web.servlet.DispatcherServlet - GET "/api/v1/admin/system/banners/reflected", parameters={}
2026-03-16 17:00:26 [http-nio-8080-exec-10] TRACE o.s.w.s.m.m.a.RequestMappingHandlerMapping - Mapped to com.company.project.api.controller.system.content.banner.BannerApiController#getReflectedBanners()
2026-03-16 17:00:26 [http-nio-8080-exec-10] DEBUG o.s.orm.jpa.JpaTransactionManager - Creating new transaction with name [com.company.project.service.system.content.banner.BannerService.getReflectedBanners]: PROPAGATION_REQUIRED,ISOLATION_DEFAULT,readOnly
2026-03-16 17:00:26 [http-nio-8080-exec-10] DEBUG o.s.orm.jpa.JpaTransactionManager - Opened new EntityManager [SessionImpl(1096026460<open>)] for JPA transaction
2026-03-16 17:00:26 [http-nio-8080-exec-10] DEBUG o.s.orm.jpa.JpaTransactionManager - Exposing JPA transaction as JDBC [org.springframework.orm.jpa.vendor.HibernateJpaDialect$HibernateConnectionHandle@3bea86ab]
2026-03-16 17:00:26 [http-nio-8080-exec-10] DEBUG org.hibernate.SQL - select b1_0.banner_id,b1_0.banner_dc,b1_0.banner_image,b1_0.banner_image_file,b1_0.banner_nm,b1_0.frst_register_id,b1_0.frst_regist_pnttm,b1_0.last_updusr_id,b1_0.last_updt_pnttm,b1_0.link_url,b1_0.reflct_at,b1_0.sort_ordr from nbanner b1_0 where b1_0.reflct_at=? order by b1_0.sort_ordr
2026-03-16 17:00:26 [http-nio-8080-exec-8] DEBUG o.s.orm.jpa.JpaTransactionManager - Closing JPA EntityManager [SessionImpl(554883355<open>)] after transaction
2026-03-16 17:00:26 [http-nio-8080-exec-8] DEBUG c.c.p.s.jwt.JwtAuthenticationFilter - >>> [JwtFilter] Successfully authenticated user: USRCNFRM_99999999999, Authorities: [ROLE_ADMIN]
2026-03-16 17:00:26 [http-nio-8080-exec-8] DEBUG o.s.web.servlet.DispatcherServlet - GET "/api/v1/admin/system/statistics/connect?statsKind=SERVICE", parameters={masked}
2026-03-16 17:00:26 [http-nio-8080-exec-8] DEBUG o.s.w.s.h.SimpleUrlHandlerMapping - Mapped to ResourceHttpRequestHandler [classpath [META-INF/resources/], classpath [resources/], classpath [static/], classpath [public/], ServletContext [/]]
2026-03-16 17:00:26 [http-nio-8080-exec-8] DEBUG o.s.w.s.r.ResourceHttpRequestHandler - Resource not found
2026-03-16 17:00:26 [http-nio-8080-exec-8] DEBUG o.s.w.s.m.m.a.ExceptionHandlerExceptionResolver - Using @ExceptionHandler com.company.project.core.exception.GlobalExceptionHandler#handleException(Exception)
2026-03-16 17:00:26 [http-nio-8080-exec-8] ERROR c.c.p.c.e.GlobalExceptionHandler - >>> Internal Server Error: No static resource api/v1/admin/system/statistics/connect.
org.springframework.web.servlet.resource.NoResourceFoundException: No static resource api/v1/admin/system/statistics/connect.
	at org.springframework.web.servlet.resource.ResourceHttpRequestHandler.handleRequest(ResourceHttpRequestHandler.java:585)
	at org.springframework.web.servlet.mvc.HttpRequestHandlerAdapter.handle(HttpRequestHandlerAdapter.java:52)
	at org.springframework.web.servlet.DispatcherServlet.doDispatch(DispatcherServlet.java:1088)
	at org.springframework.web.servlet.DispatcherServlet.doService(DispatcherServlet.java:978)
	at org.springframework.web.servlet.FrameworkServlet.processRequest(FrameworkServlet.java:1014)
	at org.springframework.web.servlet.FrameworkServlet.doGet(FrameworkServlet.java:903)
	at jakarta.servlet.http.HttpServlet.service(HttpServlet.java:527)
	at org.springframework.web.servlet.FrameworkServlet.service(FrameworkServlet.java:885)
	at jakarta.servlet.http.HttpServlet.service(HttpServlet.java:614)
	at org.apache.catalina.core.ApplicationFilterChain.internalDoFilter(ApplicationFilterChain.java:195)
	at org.apache.catalina.core.ApplicationFilterChain.doFilter(ApplicationFilterChain.java:140)
	at org.apache.tomcat.websocket.server.WsFilter.doFilter(WsFilter.java:51)
	at org.apache.catalina.core.ApplicationFilterChain.internalDoFilter(ApplicationFilterChain.java:164)
	at org.apache.catalina.core.ApplicationFilterChain.doFilter(ApplicationFilterChain.java:140)
	at org.springframework.web.filter.CompositeFilter$VirtualFilterChain.doFilter(CompositeFilter.java:108)
	at org.springframework.security.web.FilterChainProxy.lambda$doFilterInternal$3(FilterChainProxy.java:231)
	at org.springframework.security.web.ObservationFilterChainDecorator$FilterObservation$SimpleFilterObservation.lambda$wrap$1(ObservationFilterChainDecorator.java:479)
	at org.springframework.security.web.ObservationFilterChainDecorator$AroundFilterObservation$SimpleAroundFilterObservation.lambda$wrap$1(ObservationFilterChainDecorator.java:340)
	at org.springframework.security.web.ObservationFilterChainDecorator.lambda$wrapSecured$0(ObservationFilterChainDecorator.java:82)
	at org.springframework.security.web.ObservationFilterChainDecorator$VirtualFilterChain.doFilter(ObservationFilterChainDecorator.java:128)
	at org.springframework.security.web.access.intercept.AuthorizationFilter.doFilter(AuthorizationFilter.java:101)
	at org.springframework.security.web.ObservationFilterChainDecorator$ObservationFilter.wrapFilter(ObservationFilterChainDecorator.java:240)
	at org.springframework.security.web.ObservationFilterChainDecorator$ObservationFilter.doFilter(ObservationFilterChainDecorator.java:227)
	at org.springframework.security.web.ObservationFilterChainDecorator$VirtualFilterChain.doFilter(ObservationFilterChainDecorator.java:137)
	at org.springframework.security.web.access.ExceptionTranslationFilter.doFilter(ExceptionTranslationFilter.java:126)
	at org.springframework.security.web.access.ExceptionTranslationFilter.doFilter(ExceptionTranslationFilter.java:120)
	at org.springframework.security.web.ObservationFilterChainDecorator$ObservationFilter.wrapFilter(ObservationFilterChainDecorator.java:240)
	at org.springframework.security.web.ObservationFilterChainDecorator$ObservationFilter.doFilter(ObservationFilterChainDecorator.java:227)
	at org.springframework.security.web.ObservationFilterChainDecorator$VirtualFilterChain.doFilter(ObservationFilterChainDecorator.java:137)
	at org.springframework.security.web.session.SessionManagementFilter.doFilter(SessionManagementFilter.java:131)
	at org.springframework.security.web.session.SessionManagementFilter.doFilter(SessionManagementFilter.java:85)
	at org.springframework.security.web.ObservationFilterChainDecorator$ObservationFilter.wrapFilter(ObservationFilterChainDecorator.java:240)
	at org.springframework.security.web.ObservationFilterChainDecorator$ObservationFilter.doFilter(ObservationFilterChainDecorator.java:227)
	at org.springframework.security.web.ObservationFilterChainDecorator$VirtualFilterChain.doFilter(ObservationFilterChainDecorator.java:137)
	at org.springframework.security.web.authentication.AnonymousAuthenticationFilter.doFilter(AnonymousAuthenticationFilter.java:100)
	at org.springframework.security.web.ObservationFilterChainDecorator$ObservationFilter.wrapFilter(ObservationFilterChainDecorator.java:240)
	at org.springframework.security.web.ObservationFilterChainDecorator$ObservationFilter.doFilter(ObservationFilterChainDecorator.java:227)
	at org.springframework.security.web.ObservationFilterChainDecorator$VirtualFilterChain.doFilter(ObservationFilterChainDecorator.java:137)
	at org.springframework.security.web.servletapi.SecurityContextHolderAwareRequestFilter.doFilter(SecurityContextHolderAwareRequestFilter.java:179)
	at org.springframework.security.web.ObservationFilterChainDecorator$ObservationFilter.wrapFilter(ObservationFilterChainDecorator.java:240)
	at org.springframework.security.web.ObservationFilterChainDecorator$ObservationFilter.doFilter(ObservationFilterChainDecorator.java:227)
	at org.springframework.security.web.ObservationFilterChainDecorator$VirtualFilterChain.doFilter(ObservationFilterChainDecorator.java:137)
	at org.springframework.security.web.savedrequest.RequestCacheAwareFilter.doFilter(RequestCacheAwareFilter.java:63)
	at org.springframework.security.web.ObservationFilterChainDecorator$ObservationFilter.wrapFilter(ObservationFilterChainDecorator.java:240)
	at org.springframework.security.web.ObservationFilterChainDecorator$ObservationFilter.doFilter(ObservationFilterChainDecorator.java:227)
	at org.springframework.security.web.ObservationFilterChainDecorator$VirtualFilterChain.doFilter(ObservationFilterChainDecorator.java:137)
	at com.company.project.security.jwt.JwtAuthenticationFilter.doFilterInternal(JwtAuthenticationFilter.java:52)
	at org.springframework.web.filter.OncePerRequestFilter.doFilter(OncePerRequestFilter.java:116)
	at org.springframework.security.web.ObservationFilterChainDecorator$ObservationFilter.wrapFilter(ObservationFilterChainDecorator.java:240)
	at org.springframework.security.web.ObservationFilterChainDecorator$ObservationFilter.doFilter(ObservationFilterChainDecorator.java:227)
	at org.springframework.security.web.ObservationFilterChainDecorator$VirtualFilterChain.doFilter(ObservationFilterChainDecorator.java:137)
	at org.springframework.security.web.authentication.logout.LogoutFilter.doFilter(LogoutFilter.java:107)
	at org.springframework.security.web.authentication.logout.LogoutFilter.doFilter(LogoutFilter.java:93)
	at org.springframework.security.web.ObservationFilterChainDecorator$ObservationFilter.wrapFilter(ObservationFilterChainDecorator.java:240)
	at org.springframework.security.web.ObservationFilterChainDecorator$ObservationFilter.doFilter(ObservationFilterChainDecorator.java:227)
	at org.springframework.security.web.ObservationFilterChainDecorator$VirtualFilterChain.doFilter(ObservationFilterChainDecorator.java:137)
	at org.springframework.web.filter.CorsFilter.doFilterInternal(CorsFilter.java:91)
	at org.springframework.web.filter.OncePerRequestFilter.doFilter(OncePerRequestFilter.java:116)
	at org.springframework.security.web.ObservationFilterChainDecorator$ObservationFilter.wrapFilter(ObservationFilterChainDecorator.java:240)
	at org.springframework.security.web.ObservationFilterChainDecorator$ObservationFilter.doFilter(ObservationFilterChainDecorator.java:227)
	at org.springframework.security.web.ObservationFilterChainDecorator$VirtualFilterChain.doFilter(ObservationFilterChainDecorator.java:137)
	at org.springframework.security.web.header.HeaderWriterFilter.doHeadersAfter(HeaderWriterFilter.java:90)
	at org.springframework.security.web.header.HeaderWriterFilter.doFilterInternal(HeaderWriterFilter.java:75)
	at org.springframework.web.filter.OncePerRequestFilter.doFilter(OncePerRequestFilter.java:116)
	at org.springframework.security.web.ObservationFilterChainDecorator$ObservationFilter.wrapFilter(ObservationFilterChainDecorator.java:240)
	at org.springframework.security.web.ObservationFilterChainDecorator$ObservationFilter.doFilter(ObservationFilterChainDecorator.java:227)
	at org.springframework.security.web.ObservationFilterChainDecorator$VirtualFilterChain.doFilter(ObservationFilterChainDecorator.java:137)
	at org.springframework.security.web.context.SecurityContextHolderFilter.doFilter(SecurityContextHolderFilter.java:82)
	at org.springframework.security.web.context.SecurityContextHolderFilter.doFilter(SecurityContextHolderFilter.java:69)
	at org.springframework.security.web.ObservationFilterChainDecorator$ObservationFilter.wrapFilter(ObservationFilterChainDecorator.java:240)
	at org.springframework.security.web.ObservationFilterChainDecorator$ObservationFilter.doFilter(ObservationFilterChainDecorator.java:227)
	at org.springframework.security.web.ObservationFilterChainDecorator$VirtualFilterChain.doFilter(ObservationFilterChainDecorator.java:137)
	at org.springframework.security.web.context.request.async.WebAsyncManagerIntegrationFilter.doFilterInternal(WebAsyncManagerIntegrationFilter.java:62)
	at org.springframework.web.filter.OncePerRequestFilter.doFilter(OncePerRequestFilter.java:116)
	at org.springframework.security.web.ObservationFilterChainDecorator$ObservationFilter.wrapFilter(ObservationFilterChainDecorator.java:240)
	at org.springframework.security.web.ObservationFilterChainDecorator$ObservationFilter.doFilter(ObservationFilterChainDecorator.java:227)
	at org.springframework.security.web.ObservationFilterChainDecorator$VirtualFilterChain.doFilter(ObservationFilterChainDecorator.java:137)
	at org.springframework.security.web.session.DisableEncodeUrlFilter.doFilterInternal(DisableEncodeUrlFilter.java:42)
	at org.springframework.web.filter.OncePerRequestFilter.doFilter(OncePerRequestFilter.java:116)
	at org.springframework.security.web.ObservationFilterChainDecorator$ObservationFilter.wrapFilter(ObservationFilterChainDecorator.java:240)
	at org.springframework.security.web.ObservationFilterChainDecorator$AroundFilterObservation$SimpleAroundFilterObservation.lambda$wrap$0(ObservationFilterChainDecorator.java:323)
	at org.springframework.security.web.ObservationFilterChainDecorator$ObservationFilter.doFilter(ObservationFilterChainDecorator.java:224)
	at org.springframework.security.web.ObservationFilterChainDecorator$VirtualFilterChain.doFilter(ObservationFilterChainDecorator.java:137)
	at org.springframework.security.web.FilterChainProxy.doFilterInternal(FilterChainProxy.java:233)
	at org.springframework.security.web.FilterChainProxy.doFilter(FilterChainProxy.java:191)
	at org.springframework.web.filter.CompositeFilter$VirtualFilterChain.doFilter(CompositeFilter.java:113)
	at org.springframework.web.servlet.handler.HandlerMappingIntrospector.lambda$createCacheFilter$3(HandlerMappingIntrospector.java:243)
	at org.springframework.web.filter.CompositeFilter$VirtualFilterChain.doFilter(CompositeFilter.java:113)
	at org.springframework.web.filter.CompositeFilter.doFilter(CompositeFilter.java:74)
	at org.springframework.security.config.annotation.web.configuration.WebMvcSecurityConfiguration$CompositeFilterChainProxy.doFilter(WebMvcSecurityConfiguration.java:238)
	at org.springframework.web.filter.DelegatingFilterProxy.invokeDelegate(DelegatingFilterProxy.java:362)
	at org.springframework.web.filter.DelegatingFilterProxy.doFilter(DelegatingFilterProxy.java:278)
	at org.apache.catalina.core.ApplicationFilterChain.internalDoFilter(ApplicationFilterChain.java:164)
	at org.apache.catalina.core.ApplicationFilterChain.doFilter(ApplicationFilterChain.java:140)
	at org.springframework.web.filter.RequestContextFilter.doFilterInternal(RequestContextFilter.java:100)
	at org.springframework.web.filter.OncePerRequestFilter.doFilter(OncePerRequestFilter.java:116)
	at org.apache.catalina.core.ApplicationFilterChain.internalDoFilter(ApplicationFilterChain.java:164)
	at org.apache.catalina.core.ApplicationFilterChain.doFilter(ApplicationFilterChain.java:140)
	at org.springframework.web.filter.FormContentFilter.doFilterInternal(FormContentFilter.java:93)
	at org.springframework.web.filter.OncePerRequestFilter.doFilter(OncePerRequestFilter.java:116)
	at org.apache.catalina.core.ApplicationFilterChain.internalDoFilter(ApplicationFilterChain.java:164)
	at org.apache.catalina.core.ApplicationFilterChain.doFilter(ApplicationFilterChain.java:140)
	at org.springframework.web.filter.ServerHttpObservationFilter.doFilterInternal(ServerHttpObservationFilter.java:114)
	at org.springframework.web.filter.OncePerRequestFilter.doFilter(OncePerRequestFilter.java:116)
	at org.apache.catalina.core.ApplicationFilterChain.internalDoFilter(ApplicationFilterChain.java:164)
	at org.apache.catalina.core.ApplicationFilterChain.doFilter(ApplicationFilterChain.java:140)
	at org.springframework.web.filter.CharacterEncodingFilter.doFilterInternal(CharacterEncodingFilter.java:201)
	at org.springframework.web.filter.OncePerRequestFilter.doFilter(OncePerRequestFilter.java:116)
	at org.apache.catalina.core.ApplicationFilterChain.internalDoFilter(ApplicationFilterChain.java:164)
	at org.apache.catalina.core.ApplicationFilterChain.doFilter(ApplicationFilterChain.java:140)
	at org.apache.catalina.core.StandardWrapperValve.invoke(StandardWrapperValve.java:167)
	at org.apache.catalina.core.StandardContextValve.invoke(StandardContextValve.java:90)
	at org.apache.catalina.authenticator.AuthenticatorBase.invoke(AuthenticatorBase.java:483)
	at org.apache.catalina.core.StandardHostValve.invoke(StandardHostValve.java:115)
	at org.apache.catalina.valves.ErrorReportValve.invoke(ErrorReportValve.java:93)
	at org.apache.catalina.core.StandardEngineValve.invoke(StandardEngineValve.java:74)
	at org.apache.catalina.connector.CoyoteAdapter.service(CoyoteAdapter.java:344)
	at org.apache.coyote.http11.Http11Processor.service(Http11Processor.java:397)
	at org.apache.coyote.AbstractProcessorLight.process(AbstractProcessorLight.java:63)
	at org.apache.coyote.AbstractProtocol$ConnectionHandler.process(AbstractProtocol.java:905)
	at org.apache.tomcat.util.net.NioEndpoint$SocketProcessor.doRun(NioEndpoint.java:1741)
	at org.apache.tomcat.util.net.SocketProcessorBase.run(SocketProcessorBase.java:52)
	at org.apache.tomcat.util.threads.ThreadPoolExecutor.runWorker(ThreadPoolExecutor.java:1190)
	at org.apache.tomcat.util.threads.ThreadPoolExecutor$Worker.run(ThreadPoolExecutor.java:659)
	at org.apache.tomcat.util.threads.TaskThread$WrappingRunnable.run(TaskThread.java:63)
	at java.base/java.lang.Thread.run(Thread.java:1583)
2026-03-16 17:00:26 [http-nio-8080-exec-8] DEBUG o.s.w.s.m.m.a.HttpEntityMethodProcessor - Using 'application/json', given [application/json, text/plain, */*] and supported [application/json, application/*+json, application/yaml]
2026-03-16 17:00:26 [http-nio-8080-exec-8] TRACE o.s.w.s.m.m.a.HttpEntityMethodProcessor - Writing [ApiResponse[success=false, status=500, code=C004, message=예기치 않은 서버 오류가 발생했습니다., data=null, timestamp=2026-03-16T17:00:26.220315100]]
2026-03-16 17:00:26 [http-nio-8080-exec-8] DEBUG o.s.w.s.m.m.a.ExceptionHandlerExceptionResolver - Resolved [org.springframework.web.servlet.resource.NoResourceFoundException: No static resource api/v1/admin/system/statistics/connect.]
2026-03-16 17:00:26 [http-nio-8080-exec-8] DEBUG o.s.web.servlet.DispatcherServlet - Completed 500 INTERNAL_SERVER_ERROR
2026-03-16 17:00:26 [http-nio-8080-exec-6] DEBUG c.c.p.s.jwt.JwtAuthenticationFilter - >>> [JwtFilter] Processing request: GET /api/v1/menu/left
2026-03-16 17:00:26 [http-nio-8080-exec-6] DEBUG c.c.p.s.jwt.JwtAuthenticationFilter - >>> [JwtFilter] Found token in header for path: /api/v1/menu/left
2026-03-16 17:00:26 [http-nio-8080-exec-6] DEBUG o.s.orm.jpa.JpaTransactionManager - Creating new transaction with name [com.company.project.security.iam.CustomUserDetailsService.loadUserByUsername]: PROPAGATION_REQUIRED,ISOLATION_DEFAULT,readOnly
2026-03-16 17:00:26 [http-nio-8080-exec-6] DEBUG o.s.orm.jpa.JpaTransactionManager - Opened new EntityManager [SessionImpl(2061011471<open>)] for JPA transaction
2026-03-16 17:00:26 [http-nio-8080-exec-1] DEBUG o.s.orm.jpa.JpaTransactionManager - Initiating transaction commit
2026-03-16 17:00:26 [http-nio-8080-exec-4] DEBUG o.s.orm.jpa.JpaTransactionManager - Initiating transaction commit
2026-03-16 17:00:26 [http-nio-8080-exec-1] DEBUG o.s.orm.jpa.JpaTransactionManager - Committing JPA transaction on EntityManager [SessionImpl(261674143<open>)]
2026-03-16 17:00:26 [http-nio-8080-exec-2] DEBUG o.s.orm.jpa.JpaTransactionManager - Initiating transaction commit
2026-03-16 17:00:26 [http-nio-8080-exec-2] DEBUG o.s.orm.jpa.JpaTransactionManager - Committing JPA transaction on EntityManager [SessionImpl(818431395<open>)]
2026-03-16 17:00:26 [http-nio-8080-exec-4] DEBUG o.s.orm.jpa.JpaTransactionManager - Committing JPA transaction on EntityManager [SessionImpl(832016075<open>)]
2026-03-16 17:00:26 [http-nio-8080-exec-5] DEBUG o.s.orm.jpa.JpaTransactionManager - Exposing JPA transaction as JDBC [org.springframework.orm.jpa.vendor.HibernateJpaDialect$HibernateConnectionHandle@1189fca5]
2026-03-16 17:00:26 [http-nio-8080-exec-5] DEBUG o.s.orm.jpa.JpaTransactionManager - Found thread-bound EntityManager [SessionImpl(1391421988<open>)] for JPA transaction
2026-03-16 17:00:26 [http-nio-8080-exec-5] DEBUG o.s.orm.jpa.JpaTransactionManager - Participating in existing transaction
2026-03-16 17:00:26 [http-nio-8080-exec-5] DEBUG org.hibernate.SQL - select u1_0.emplyr_id,u1_0.area_no,u1_0.brthdy,u1_0.chg_pwd_cnt,u1_0.frst_register_id,u1_0.frst_regist_pnttm,u1_0.detail_adres,u1_0.email_adres,u1_0.emplyr_sttus_code,u1_0.empl_no,u1_0.esntl_id,u1_0.fxnum,u1_0.group_id,u1_0.house_adres,u1_0.house_end_telno,u1_0.house_middle_telno,u1_0.ihidnum,u1_0.pstinst_code,u1_0.last_updusr_id,u1_0.last_updt_pnttm,u1_0.lock_at,u1_0.lock_cnt,u1_0.lock_last_pnttm,u1_0.mbtlnum,u1_0.ofcps_nm,u1_0.offm_telno,u1_0.orgnzt_id,u1_0.password,u1_0.password_cnsr,u1_0.password_hint,u1_0.chg_pwd_last_pnttm,u1_0.role,u1_0.sbscrb_de,u1_0.sexdstn_code,u1_0.crtfc_dn_value,u1_0.user_nm,u1_0.zip from nemplyrinfo u1_0 where u1_0.emplyr_id=?
2026-03-16 17:00:26 [http-nio-8080-exec-10] DEBUG o.s.orm.jpa.JpaTransactionManager - Initiating transaction commit
2026-03-16 17:00:26 [http-nio-8080-exec-10] DEBUG o.s.orm.jpa.JpaTransactionManager - Committing JPA transaction on EntityManager [SessionImpl(1096026460<open>)]
2026-03-16 17:00:26 [http-nio-8080-exec-6] DEBUG o.s.orm.jpa.JpaTransactionManager - Exposing JPA transaction as JDBC [org.springframework.orm.jpa.vendor.HibernateJpaDialect$HibernateConnectionHandle@5f13f57]
2026-03-16 17:00:26 [http-nio-8080-exec-6] DEBUG o.s.orm.jpa.JpaTransactionManager - Found thread-bound EntityManager [SessionImpl(2061011471<open>)] for JPA transaction
2026-03-16 17:00:26 [http-nio-8080-exec-6] DEBUG o.s.orm.jpa.JpaTransactionManager - Participating in existing transaction
2026-03-16 17:00:26 [http-nio-8080-exec-6] DEBUG org.hibernate.SQL - select u1_0.emplyr_id,u1_0.area_no,u1_0.brthdy,u1_0.chg_pwd_cnt,u1_0.frst_register_id,u1_0.frst_regist_pnttm,u1_0.detail_adres,u1_0.email_adres,u1_0.emplyr_sttus_code,u1_0.empl_no,u1_0.esntl_id,u1_0.fxnum,u1_0.group_id,u1_0.house_adres,u1_0.house_end_telno,u1_0.house_middle_telno,u1_0.ihidnum,u1_0.pstinst_code,u1_0.last_updusr_id,u1_0.last_updt_pnttm,u1_0.lock_at,u1_0.lock_cnt,u1_0.lock_last_pnttm,u1_0.mbtlnum,u1_0.ofcps_nm,u1_0.offm_telno,u1_0.orgnzt_id,u1_0.password,u1_0.password_cnsr,u1_0.password_hint,u1_0.chg_pwd_last_pnttm,u1_0.role,u1_0.sbscrb_de,u1_0.sexdstn_code,u1_0.crtfc_dn_value,u1_0.user_nm,u1_0.zip from nemplyrinfo u1_0 where u1_0.emplyr_id=?
2026-03-16 17:00:26 [http-nio-8080-exec-2] DEBUG o.s.orm.jpa.JpaTransactionManager - Closing JPA EntityManager [SessionImpl(818431395<open>)] after transaction
2026-03-16 17:00:26 [http-nio-8080-exec-4] DEBUG o.s.orm.jpa.JpaTransactionManager - Closing JPA EntityManager [SessionImpl(832016075<open>)] after transaction
2026-03-16 17:00:26 [http-nio-8080-exec-1] DEBUG o.s.orm.jpa.JpaTransactionManager - Closing JPA EntityManager [SessionImpl(261674143<open>)] after transaction
2026-03-16 17:00:26 [http-nio-8080-exec-2] DEBUG o.s.w.s.m.m.a.HttpEntityMethodProcessor - Using 'application/json', given [application/json, text/plain, */*] and supported [application/json, application/*+json, application/yaml]
2026-03-16 17:00:26 [http-nio-8080-exec-1] DEBUG o.s.w.s.m.m.a.HttpEntityMethodProcessor - Using 'application/json', given [application/json, text/plain, */*] and supported [application/json, application/*+json, application/yaml]
2026-03-16 17:00:26 [http-nio-8080-exec-4] DEBUG o.s.w.s.m.m.a.HttpEntityMethodProcessor - Using 'application/json', given [application/json, text/plain, */*] and supported [application/json, application/*+json, application/yaml]
2026-03-16 17:00:26 [http-nio-8080-exec-2] TRACE o.s.w.s.m.m.a.HttpEntityMethodProcessor - Writing [ApiResponse[success=true, status=200, code=COMMON_001, message=Success, data=0, timestamp=2026-03-16T17:00:26.384566300]]
2026-03-16 17:00:26 [http-nio-8080-exec-1] TRACE o.s.w.s.m.m.a.HttpEntityMethodProcessor - Writing [ApiResponse[success=true, status=200, code=COMMON_001, message=Success, data=[], timestamp=2026-03-16T17:00:26.384566300]]
2026-03-16 17:00:26 [http-nio-8080-exec-4] TRACE o.s.w.s.m.m.a.HttpEntityMethodProcessor - Writing [ApiResponse[success=true, status=200, code=COMMON_001, message=Success, data=[NotificationDto(ntfcNo=NT001, ntfcSj=테스트 알림입니다, ntfcCn=알림 내용입니다, ntfcDate=null, ntfcTime=2026-02-25T00:59:33.784070, bhNtfcIntrvl=null, uniqId=null, frstRegisterId=null, frstRegisterPnttm=2026-02-25T00:59:33.784070, lastUpdusrId=null, lastUpdusrPnttm=null)], timestamp=2026-03-16T17:00:26.384566300]]
2026-03-16 17:00:26 [http-nio-8080-exec-2] INFO  c.c.p.a.i.OperationalAuditInterceptor - API Audit Log: URL=/api/v1/notifications/unread-count, User=webmaster, IP=127.0.0.1
2026-03-16 17:00:26 [http-nio-8080-exec-1] INFO  c.c.p.a.i.OperationalAuditInterceptor - API Audit Log: URL=/api/v1/popups/active, User=webmaster, IP=127.0.0.1
2026-03-16 17:00:26 [http-nio-8080-exec-2] DEBUG o.s.web.servlet.DispatcherServlet - Completed 200 OK
2026-03-16 17:00:26 [http-nio-8080-exec-1] DEBUG o.s.web.servlet.DispatcherServlet - Completed 200 OK
2026-03-16 17:00:26 [http-nio-8080-exec-4] INFO  c.c.p.a.i.OperationalAuditInterceptor - API Audit Log: URL=/api/v1/notifications, User=webmaster, IP=127.0.0.1
2026-03-16 17:00:26 [http-nio-8080-exec-4] DEBUG o.s.web.servlet.DispatcherServlet - Completed 200 OK
2026-03-16 17:00:26 [http-nio-8080-exec-3] DEBUG c.c.p.s.jwt.JwtAuthenticationFilter - >>> [JwtFilter] Processing request: GET /api/v1/notifications
2026-03-16 17:00:26 [http-nio-8080-exec-7] DEBUG c.c.p.s.jwt.JwtAuthenticationFilter - >>> [JwtFilter] Processing request: GET /api/v1/popups/active
2026-03-16 17:00:26 [http-nio-8080-exec-9] DEBUG c.c.p.s.jwt.JwtAuthenticationFilter - >>> [JwtFilter] Processing request: GET /api/v1/notifications/unread-count
2026-03-16 17:00:26 [http-nio-8080-exec-3] DEBUG c.c.p.s.jwt.JwtAuthenticationFilter - >>> [JwtFilter] Found token in header for path: /api/v1/notifications
2026-03-16 17:00:26 [http-nio-8080-exec-7] DEBUG c.c.p.s.jwt.JwtAuthenticationFilter - >>> [JwtFilter] Found token in header for path: /api/v1/popups/active
2026-03-16 17:00:26 [http-nio-8080-exec-9] DEBUG c.c.p.s.jwt.JwtAuthenticationFilter - >>> [JwtFilter] Found token in header for path: /api/v1/notifications/unread-count
2026-03-16 17:00:26 [http-nio-8080-exec-9] DEBUG o.s.orm.jpa.JpaTransactionManager - Creating new transaction with name [com.company.project.security.iam.CustomUserDetailsService.loadUserByUsername]: PROPAGATION_REQUIRED,ISOLATION_DEFAULT,readOnly
2026-03-16 17:00:26 [http-nio-8080-exec-3] DEBUG o.s.orm.jpa.JpaTransactionManager - Creating new transaction with name [com.company.project.security.iam.CustomUserDetailsService.loadUserByUsername]: PROPAGATION_REQUIRED,ISOLATION_DEFAULT,readOnly
2026-03-16 17:00:26 [http-nio-8080-exec-7] DEBUG o.s.orm.jpa.JpaTransactionManager - Creating new transaction with name [com.company.project.security.iam.CustomUserDetailsService.loadUserByUsername]: PROPAGATION_REQUIRED,ISOLATION_DEFAULT,readOnly
2026-03-16 17:00:26 [http-nio-8080-exec-9] DEBUG o.s.orm.jpa.JpaTransactionManager - Opened new EntityManager [SessionImpl(403713288<open>)] for JPA transaction
2026-03-16 17:00:26 [http-nio-8080-exec-7] DEBUG o.s.orm.jpa.JpaTransactionManager - Opened new EntityManager [SessionImpl(1552972444<open>)] for JPA transaction
2026-03-16 17:00:26 [http-nio-8080-exec-3] DEBUG o.s.orm.jpa.JpaTransactionManager - Opened new EntityManager [SessionImpl(1125022510<open>)] for JPA transaction
2026-03-16 17:00:26 [http-nio-8080-exec-3] DEBUG o.s.orm.jpa.JpaTransactionManager - Exposing JPA transaction as JDBC [org.springframework.orm.jpa.vendor.HibernateJpaDialect$HibernateConnectionHandle@3d9386b2]
2026-03-16 17:00:26 [http-nio-8080-exec-3] DEBUG o.s.orm.jpa.JpaTransactionManager - Found thread-bound EntityManager [SessionImpl(1125022510<open>)] for JPA transaction
2026-03-16 17:00:26 [http-nio-8080-exec-3] DEBUG o.s.orm.jpa.JpaTransactionManager - Participating in existing transaction
2026-03-16 17:00:26 [http-nio-8080-exec-3] DEBUG org.hibernate.SQL - select u1_0.emplyr_id,u1_0.area_no,u1_0.brthdy,u1_0.chg_pwd_cnt,u1_0.frst_register_id,u1_0.frst_regist_pnttm,u1_0.detail_adres,u1_0.email_adres,u1_0.emplyr_sttus_code,u1_0.empl_no,u1_0.esntl_id,u1_0.fxnum,u1_0.group_id,u1_0.house_adres,u1_0.house_end_telno,u1_0.house_middle_telno,u1_0.ihidnum,u1_0.pstinst_code,u1_0.last_updusr_id,u1_0.last_updt_pnttm,u1_0.lock_at,u1_0.lock_cnt,u1_0.lock_last_pnttm,u1_0.mbtlnum,u1_0.ofcps_nm,u1_0.offm_telno,u1_0.orgnzt_id,u1_0.password,u1_0.password_cnsr,u1_0.password_hint,u1_0.chg_pwd_last_pnttm,u1_0.role,u1_0.sbscrb_de,u1_0.sexdstn_code,u1_0.crtfc_dn_value,u1_0.user_nm,u1_0.zip from nemplyrinfo u1_0 where u1_0.emplyr_id=?
2026-03-16 17:00:26 [http-nio-8080-exec-5] DEBUG o.s.orm.jpa.JpaTransactionManager - Found thread-bound EntityManager [SessionImpl(1391421988<open>)] for JPA transaction
2026-03-16 17:00:26 [http-nio-8080-exec-5] DEBUG o.s.orm.jpa.JpaTransactionManager - Participating in existing transaction
2026-03-16 17:00:26 [http-nio-8080-exec-5] DEBUG org.hibernate.SQL - select ua1_0.scrty_dtrmn_trget_id,ua1_0.author_code,ua1_0.frst_register_id,ua1_0.frst_regist_pnttm,ua1_0.last_updusr_id,ua1_0.last_updt_pnttm,ua1_0.mber_ty_code from nemplyrscrtyestbs ua1_0 where ua1_0.scrty_dtrmn_trget_id=?
2026-03-16 17:00:26 [http-nio-8080-exec-10] DEBUG o.s.orm.jpa.JpaTransactionManager - Closing JPA EntityManager [SessionImpl(1096026460<open>)] after transaction
2026-03-16 17:00:26 [http-nio-8080-exec-10] DEBUG o.s.w.s.m.m.a.HttpEntityMethodProcessor - Using 'application/json', given [application/json, text/plain, */*] and supported [application/json, application/*+json, application/yaml]
2026-03-16 17:00:26 [http-nio-8080-exec-10] TRACE o.s.w.s.m.m.a.HttpEntityMethodProcessor - Writing [ApiResponse[success=true, status=200, code=COMMON_001, message=Success, data=[], timestamp=2026-03-16T17:00:26.430513100]]
2026-03-16 17:00:26 [http-nio-8080-exec-10] INFO  c.c.p.a.i.OperationalAuditInterceptor - API Audit Log: URL=/api/v1/admin/system/banners/reflected, User=webmaster, IP=127.0.0.1
2026-03-16 17:00:26 [http-nio-8080-exec-10] DEBUG o.s.web.servlet.DispatcherServlet - Completed 200 OK
2026-03-16 17:00:26 [http-nio-8080-exec-8] DEBUG c.c.p.s.jwt.JwtAuthenticationFilter - >>> [JwtFilter] Processing request: GET /api/v1/admin/system/banners/reflected
2026-03-16 17:00:26 [http-nio-8080-exec-8] DEBUG c.c.p.s.jwt.JwtAuthenticationFilter - >>> [JwtFilter] Found token in header for path: /api/v1/admin/system/banners/reflected
2026-03-16 17:00:26 [http-nio-8080-exec-8] DEBUG o.s.orm.jpa.JpaTransactionManager - Creating new transaction with name [com.company.project.security.iam.CustomUserDetailsService.loadUserByUsername]: PROPAGATION_REQUIRED,ISOLATION_DEFAULT,readOnly
2026-03-16 17:00:26 [http-nio-8080-exec-8] DEBUG o.s.orm.jpa.JpaTransactionManager - Opened new EntityManager [SessionImpl(2040104161<open>)] for JPA transaction
2026-03-16 17:00:26 [http-nio-8080-exec-8] DEBUG o.s.orm.jpa.JpaTransactionManager - Exposing JPA transaction as JDBC [org.springframework.orm.jpa.vendor.HibernateJpaDialect$HibernateConnectionHandle@673a0daa]
2026-03-16 17:00:26 [http-nio-8080-exec-8] DEBUG o.s.orm.jpa.JpaTransactionManager - Found thread-bound EntityManager [SessionImpl(2040104161<open>)] for JPA transaction
2026-03-16 17:00:26 [http-nio-8080-exec-8] DEBUG o.s.orm.jpa.JpaTransactionManager - Participating in existing transaction
2026-03-16 17:00:26 [http-nio-8080-exec-8] DEBUG org.hibernate.SQL - select u1_0.emplyr_id,u1_0.area_no,u1_0.brthdy,u1_0.chg_pwd_cnt,u1_0.frst_register_id,u1_0.frst_regist_pnttm,u1_0.detail_adres,u1_0.email_adres,u1_0.emplyr_sttus_code,u1_0.empl_no,u1_0.esntl_id,u1_0.fxnum,u1_0.group_id,u1_0.house_adres,u1_0.house_end_telno,u1_0.house_middle_telno,u1_0.ihidnum,u1_0.pstinst_code,u1_0.last_updusr_id,u1_0.last_updt_pnttm,u1_0.lock_at,u1_0.lock_cnt,u1_0.lock_last_pnttm,u1_0.mbtlnum,u1_0.ofcps_nm,u1_0.offm_telno,u1_0.orgnzt_id,u1_0.password,u1_0.password_cnsr,u1_0.password_hint,u1_0.chg_pwd_last_pnttm,u1_0.role,u1_0.sbscrb_de,u1_0.sexdstn_code,u1_0.crtfc_dn_value,u1_0.user_nm,u1_0.zip from nemplyrinfo u1_0 where u1_0.emplyr_id=?
2026-03-16 17:00:26 [http-nio-8080-exec-9] DEBUG o.s.orm.jpa.JpaTransactionManager - Exposing JPA transaction as JDBC [org.springframework.orm.jpa.vendor.HibernateJpaDialect$HibernateConnectionHandle@352ef53b]
2026-03-16 17:00:26 [http-nio-8080-exec-6] DEBUG o.s.orm.jpa.JpaTransactionManager - Found thread-bound EntityManager [SessionImpl(2061011471<open>)] for JPA transaction
2026-03-16 17:00:26 [http-nio-8080-exec-9] DEBUG o.s.orm.jpa.JpaTransactionManager - Found thread-bound EntityManager [SessionImpl(403713288<open>)] for JPA transaction
2026-03-16 17:00:26 [http-nio-8080-exec-6] DEBUG o.s.orm.jpa.JpaTransactionManager - Participating in existing transaction
2026-03-16 17:00:26 [http-nio-8080-exec-9] DEBUG o.s.orm.jpa.JpaTransactionManager - Participating in existing transaction
2026-03-16 17:00:26 [http-nio-8080-exec-9] DEBUG org.hibernate.SQL - select u1_0.emplyr_id,u1_0.area_no,u1_0.brthdy,u1_0.chg_pwd_cnt,u1_0.frst_register_id,u1_0.frst_regist_pnttm,u1_0.detail_adres,u1_0.email_adres,u1_0.emplyr_sttus_code,u1_0.empl_no,u1_0.esntl_id,u1_0.fxnum,u1_0.group_id,u1_0.house_adres,u1_0.house_end_telno,u1_0.house_middle_telno,u1_0.ihidnum,u1_0.pstinst_code,u1_0.last_updusr_id,u1_0.last_updt_pnttm,u1_0.lock_at,u1_0.lock_cnt,u1_0.lock_last_pnttm,u1_0.mbtlnum,u1_0.ofcps_nm,u1_0.offm_telno,u1_0.orgnzt_id,u1_0.password,u1_0.password_cnsr,u1_0.password_hint,u1_0.chg_pwd_last_pnttm,u1_0.role,u1_0.sbscrb_de,u1_0.sexdstn_code,u1_0.crtfc_dn_value,u1_0.user_nm,u1_0.zip from nemplyrinfo u1_0 where u1_0.emplyr_id=?
2026-03-16 17:00:26 [http-nio-8080-exec-6] DEBUG org.hibernate.SQL - select ua1_0.scrty_dtrmn_trget_id,ua1_0.author_code,ua1_0.frst_register_id,ua1_0.frst_regist_pnttm,ua1_0.last_updusr_id,ua1_0.last_updt_pnttm,ua1_0.mber_ty_code from nemplyrscrtyestbs ua1_0 where ua1_0.scrty_dtrmn_trget_id=?
2026-03-16 17:00:26 [http-nio-8080-exec-7] DEBUG o.s.orm.jpa.JpaTransactionManager - Exposing JPA transaction as JDBC [org.springframework.orm.jpa.vendor.HibernateJpaDialect$HibernateConnectionHandle@2cf44ed4]
2026-03-16 17:00:26 [http-nio-8080-exec-7] DEBUG o.s.orm.jpa.JpaTransactionManager - Found thread-bound EntityManager [SessionImpl(1552972444<open>)] for JPA transaction
2026-03-16 17:00:26 [http-nio-8080-exec-7] DEBUG o.s.orm.jpa.JpaTransactionManager - Participating in existing transaction
2026-03-16 17:00:26 [http-nio-8080-exec-7] DEBUG org.hibernate.SQL - select u1_0.emplyr_id,u1_0.area_no,u1_0.brthdy,u1_0.chg_pwd_cnt,u1_0.frst_register_id,u1_0.frst_regist_pnttm,u1_0.detail_adres,u1_0.email_adres,u1_0.emplyr_sttus_code,u1_0.empl_no,u1_0.esntl_id,u1_0.fxnum,u1_0.group_id,u1_0.house_adres,u1_0.house_end_telno,u1_0.house_middle_telno,u1_0.ihidnum,u1_0.pstinst_code,u1_0.last_updusr_id,u1_0.last_updt_pnttm,u1_0.lock_at,u1_0.lock_cnt,u1_0.lock_last_pnttm,u1_0.mbtlnum,u1_0.ofcps_nm,u1_0.offm_telno,u1_0.orgnzt_id,u1_0.password,u1_0.password_cnsr,u1_0.password_hint,u1_0.chg_pwd_last_pnttm,u1_0.role,u1_0.sbscrb_de,u1_0.sexdstn_code,u1_0.crtfc_dn_value,u1_0.user_nm,u1_0.zip from nemplyrinfo u1_0 where u1_0.emplyr_id=?
2026-03-16 17:00:26 [http-nio-8080-exec-3] DEBUG o.s.orm.jpa.JpaTransactionManager - Found thread-bound EntityManager [SessionImpl(1125022510<open>)] for JPA transaction
2026-03-16 17:00:26 [http-nio-8080-exec-3] DEBUG o.s.orm.jpa.JpaTransactionManager - Participating in existing transaction
2026-03-16 17:00:26 [http-nio-8080-exec-3] DEBUG org.hibernate.SQL - select ua1_0.scrty_dtrmn_trget_id,ua1_0.author_code,ua1_0.frst_register_id,ua1_0.frst_regist_pnttm,ua1_0.last_updusr_id,ua1_0.last_updt_pnttm,ua1_0.mber_ty_code from nemplyrscrtyestbs ua1_0 where ua1_0.scrty_dtrmn_trget_id=?
2026-03-16 17:00:26 [http-nio-8080-exec-5] DEBUG o.s.orm.jpa.JpaTransactionManager - Initiating transaction commit
2026-03-16 17:00:26 [http-nio-8080-exec-5] DEBUG o.s.orm.jpa.JpaTransactionManager - Committing JPA transaction on EntityManager [SessionImpl(1391421988<open>)]
2026-03-16 17:00:26 [http-nio-8080-exec-8] DEBUG o.s.orm.jpa.JpaTransactionManager - Found thread-bound EntityManager [SessionImpl(2040104161<open>)] for JPA transaction
2026-03-16 17:00:26 [http-nio-8080-exec-8] DEBUG o.s.orm.jpa.JpaTransactionManager - Participating in existing transaction
2026-03-16 17:00:26 [http-nio-8080-exec-8] DEBUG org.hibernate.SQL - select ua1_0.scrty_dtrmn_trget_id,ua1_0.author_code,ua1_0.frst_register_id,ua1_0.frst_regist_pnttm,ua1_0.last_updusr_id,ua1_0.last_updt_pnttm,ua1_0.mber_ty_code from nemplyrscrtyestbs ua1_0 where ua1_0.scrty_dtrmn_trget_id=?
2026-03-16 17:00:26 [http-nio-8080-exec-9] DEBUG o.s.orm.jpa.JpaTransactionManager - Found thread-bound EntityManager [SessionImpl(403713288<open>)] for JPA transaction
2026-03-16 17:00:26 [http-nio-8080-exec-9] DEBUG o.s.orm.jpa.JpaTransactionManager - Participating in existing transaction
2026-03-16 17:00:26 [http-nio-8080-exec-9] DEBUG org.hibernate.SQL - select ua1_0.scrty_dtrmn_trget_id,ua1_0.author_code,ua1_0.frst_register_id,ua1_0.frst_regist_pnttm,ua1_0.last_updusr_id,ua1_0.last_updt_pnttm,ua1_0.mber_ty_code from nemplyrscrtyestbs ua1_0 where ua1_0.scrty_dtrmn_trget_id=?
2026-03-16 17:00:26 [http-nio-8080-exec-6] DEBUG o.s.orm.jpa.JpaTransactionManager - Initiating transaction commit
2026-03-16 17:00:26 [http-nio-8080-exec-6] DEBUG o.s.orm.jpa.JpaTransactionManager - Committing JPA transaction on EntityManager [SessionImpl(2061011471<open>)]
2026-03-16 17:00:26 [http-nio-8080-exec-7] DEBUG o.s.orm.jpa.JpaTransactionManager - Found thread-bound EntityManager [SessionImpl(1552972444<open>)] for JPA transaction
2026-03-16 17:00:26 [http-nio-8080-exec-7] DEBUG o.s.orm.jpa.JpaTransactionManager - Participating in existing transaction
2026-03-16 17:00:26 [http-nio-8080-exec-7] DEBUG org.hibernate.SQL - select ua1_0.scrty_dtrmn_trget_id,ua1_0.author_code,ua1_0.frst_register_id,ua1_0.frst_regist_pnttm,ua1_0.last_updusr_id,ua1_0.last_updt_pnttm,ua1_0.mber_ty_code from nemplyrscrtyestbs ua1_0 where ua1_0.scrty_dtrmn_trget_id=?
2026-03-16 17:00:26 [http-nio-8080-exec-3] DEBUG o.s.orm.jpa.JpaTransactionManager - Initiating transaction commit
2026-03-16 17:00:26 [http-nio-8080-exec-3] DEBUG o.s.orm.jpa.JpaTransactionManager - Committing JPA transaction on EntityManager [SessionImpl(1125022510<open>)]
2026-03-16 17:00:26 [http-nio-8080-exec-5] DEBUG o.s.orm.jpa.JpaTransactionManager - Closing JPA EntityManager [SessionImpl(1391421988<open>)] after transaction
2026-03-16 17:00:26 [http-nio-8080-exec-5] DEBUG c.c.p.s.jwt.JwtAuthenticationFilter - >>> [JwtFilter] Successfully authenticated user: USRCNFRM_99999999999, Authorities: [ROLE_ADMIN]
2026-03-16 17:00:26 [http-nio-8080-exec-5] DEBUG o.s.web.servlet.DispatcherServlet - GET "/api/v1/admin/system/statistics/bbs?statsKind=COM101", parameters={masked}
2026-03-16 17:00:26 [http-nio-8080-exec-5] DEBUG o.s.w.s.h.SimpleUrlHandlerMapping - Mapped to ResourceHttpRequestHandler [classpath [META-INF/resources/], classpath [resources/], classpath [static/], classpath [public/], ServletContext [/]]
2026-03-16 17:00:26 [http-nio-8080-exec-5] DEBUG o.s.w.s.r.ResourceHttpRequestHandler - Resource not found
2026-03-16 17:00:26 [http-nio-8080-exec-5] DEBUG o.s.w.s.m.m.a.ExceptionHandlerExceptionResolver - Using @ExceptionHandler com.company.project.core.exception.GlobalExceptionHandler#handleException(Exception)
2026-03-16 17:00:26 [http-nio-8080-exec-5] ERROR c.c.p.c.e.GlobalExceptionHandler - >>> Internal Server Error: No static resource api/v1/admin/system/statistics/bbs.
org.springframework.web.servlet.resource.NoResourceFoundException: No static resource api/v1/admin/system/statistics/bbs.
	at org.springframework.web.servlet.resource.ResourceHttpRequestHandler.handleRequest(ResourceHttpRequestHandler.java:585)
	at org.springframework.web.servlet.mvc.HttpRequestHandlerAdapter.handle(HttpRequestHandlerAdapter.java:52)
	at org.springframework.web.servlet.DispatcherServlet.doDispatch(DispatcherServlet.java:1088)
	at org.springframework.web.servlet.DispatcherServlet.doService(DispatcherServlet.java:978)
	at org.springframework.web.servlet.FrameworkServlet.processRequest(FrameworkServlet.java:1014)
	at org.springframework.web.servlet.FrameworkServlet.doGet(FrameworkServlet.java:903)
	at jakarta.servlet.http.HttpServlet.service(HttpServlet.java:527)
	at org.springframework.web.servlet.FrameworkServlet.service(FrameworkServlet.java:885)
	at jakarta.servlet.http.HttpServlet.service(HttpServlet.java:614)
	at org.apache.catalina.core.ApplicationFilterChain.internalDoFilter(ApplicationFilterChain.java:195)
	at org.apache.catalina.core.ApplicationFilterChain.doFilter(ApplicationFilterChain.java:140)
	at org.apache.tomcat.websocket.server.WsFilter.doFilter(WsFilter.java:51)
	at org.apache.catalina.core.ApplicationFilterChain.internalDoFilter(ApplicationFilterChain.java:164)
	at org.apache.catalina.core.ApplicationFilterChain.doFilter(ApplicationFilterChain.java:140)
	at org.springframework.web.filter.CompositeFilter$VirtualFilterChain.doFilter(CompositeFilter.java:108)
	at org.springframework.security.web.FilterChainProxy.lambda$doFilterInternal$3(FilterChainProxy.java:231)
	at org.springframework.security.web.ObservationFilterChainDecorator$FilterObservation$SimpleFilterObservation.lambda$wrap$1(ObservationFilterChainDecorator.java:479)
	at org.springframework.security.web.ObservationFilterChainDecorator$AroundFilterObservation$SimpleAroundFilterObservation.lambda$wrap$1(ObservationFilterChainDecorator.java:340)
	at org.springframework.security.web.ObservationFilterChainDecorator.lambda$wrapSecured$0(ObservationFilterChainDecorator.java:82)
	at org.springframework.security.web.ObservationFilterChainDecorator$VirtualFilterChain.doFilter(ObservationFilterChainDecorator.java:128)
	at org.springframework.security.web.access.intercept.AuthorizationFilter.doFilter(AuthorizationFilter.java:101)
	at org.springframework.security.web.ObservationFilterChainDecorator$ObservationFilter.wrapFilter(ObservationFilterChainDecorator.java:240)
	at org.springframework.security.web.ObservationFilterChainDecorator$ObservationFilter.doFilter(ObservationFilterChainDecorator.java:227)
	at org.springframework.security.web.ObservationFilterChainDecorator$VirtualFilterChain.doFilter(ObservationFilterChainDecorator.java:137)
	at org.springframework.security.web.access.ExceptionTranslationFilter.doFilter(ExceptionTranslationFilter.java:126)
	at org.springframework.security.web.access.ExceptionTranslationFilter.doFilter(ExceptionTranslationFilter.java:120)
	at org.springframework.security.web.ObservationFilterChainDecorator$ObservationFilter.wrapFilter(ObservationFilterChainDecorator.java:240)
	at org.springframework.security.web.ObservationFilterChainDecorator$ObservationFilter.doFilter(ObservationFilterChainDecorator.java:227)
	at org.springframework.security.web.ObservationFilterChainDecorator$VirtualFilterChain.doFilter(ObservationFilterChainDecorator.java:137)
	at org.springframework.security.web.session.SessionManagementFilter.doFilter(SessionManagementFilter.java:131)
	at org.springframework.security.web.session.SessionManagementFilter.doFilter(SessionManagementFilter.java:85)
	at org.springframework.security.web.ObservationFilterChainDecorator$ObservationFilter.wrapFilter(ObservationFilterChainDecorator.java:240)
	at org.springframework.security.web.ObservationFilterChainDecorator$ObservationFilter.doFilter(ObservationFilterChainDecorator.java:227)
	at org.springframework.security.web.ObservationFilterChainDecorator$VirtualFilterChain.doFilter(ObservationFilterChainDecorator.java:137)
	at org.springframework.security.web.authentication.AnonymousAuthenticationFilter.doFilter(AnonymousAuthenticationFilter.java:100)
	at org.springframework.security.web.ObservationFilterChainDecorator$ObservationFilter.wrapFilter(ObservationFilterChainDecorator.java:240)
	at org.springframework.security.web.ObservationFilterChainDecorator$ObservationFilter.doFilter(ObservationFilterChainDecorator.java:227)
	at org.springframework.security.web.ObservationFilterChainDecorator$VirtualFilterChain.doFilter(ObservationFilterChainDecorator.java:137)
	at org.springframework.security.web.servletapi.SecurityContextHolderAwareRequestFilter.doFilter(SecurityContextHolderAwareRequestFilter.java:179)
	at org.springframework.security.web.ObservationFilterChainDecorator$ObservationFilter.wrapFilter(ObservationFilterChainDecorator.java:240)
	at org.springframework.security.web.ObservationFilterChainDecorator$ObservationFilter.doFilter(ObservationFilterChainDecorator.java:227)
	at org.springframework.security.web.ObservationFilterChainDecorator$VirtualFilterChain.doFilter(ObservationFilterChainDecorator.java:137)
	at org.springframework.security.web.savedrequest.RequestCacheAwareFilter.doFilter(RequestCacheAwareFilter.java:63)
	at org.springframework.security.web.ObservationFilterChainDecorator$ObservationFilter.wrapFilter(ObservationFilterChainDecorator.java:240)
	at org.springframework.security.web.ObservationFilterChainDecorator$ObservationFilter.doFilter(ObservationFilterChainDecorator.java:227)
	at org.springframework.security.web.ObservationFilterChainDecorator$VirtualFilterChain.doFilter(ObservationFilterChainDecorator.java:137)
	at com.company.project.security.jwt.JwtAuthenticationFilter.doFilterInternal(JwtAuthenticationFilter.java:52)
	at org.springframework.web.filter.OncePerRequestFilter.doFilter(OncePerRequestFilter.java:116)
	at org.springframework.security.web.ObservationFilterChainDecorator$ObservationFilter.wrapFilter(ObservationFilterChainDecorator.java:240)
	at org.springframework.security.web.ObservationFilterChainDecorator$ObservationFilter.doFilter(ObservationFilterChainDecorator.java:227)
	at org.springframework.security.web.ObservationFilterChainDecorator$VirtualFilterChain.doFilter(ObservationFilterChainDecorator.java:137)
	at org.springframework.security.web.authentication.logout.LogoutFilter.doFilter(LogoutFilter.java:107)
	at org.springframework.security.web.authentication.logout.LogoutFilter.doFilter(LogoutFilter.java:93)
	at org.springframework.security.web.ObservationFilterChainDecorator$ObservationFilter.wrapFilter(ObservationFilterChainDecorator.java:240)
	at org.springframework.security.web.ObservationFilterChainDecorator$ObservationFilter.doFilter(ObservationFilterChainDecorator.java:227)
	at org.springframework.security.web.ObservationFilterChainDecorator$VirtualFilterChain.doFilter(ObservationFilterChainDecorator.java:137)
	at org.springframework.web.filter.CorsFilter.doFilterInternal(CorsFilter.java:91)
	at org.springframework.web.filter.OncePerRequestFilter.doFilter(OncePerRequestFilter.java:116)
	at org.springframework.security.web.ObservationFilterChainDecorator$ObservationFilter.wrapFilter(ObservationFilterChainDecorator.java:240)
	at org.springframework.security.web.ObservationFilterChainDecorator$ObservationFilter.doFilter(ObservationFilterChainDecorator.java:227)
	at org.springframework.security.web.ObservationFilterChainDecorator$VirtualFilterChain.doFilter(ObservationFilterChainDecorator.java:137)
	at org.springframework.security.web.header.HeaderWriterFilter.doHeadersAfter(HeaderWriterFilter.java:90)
	at org.springframework.security.web.header.HeaderWriterFilter.doFilterInternal(HeaderWriterFilter.java:75)
	at org.springframework.web.filter.OncePerRequestFilter.doFilter(OncePerRequestFilter.java:116)
	at org.springframework.security.web.ObservationFilterChainDecorator$ObservationFilter.wrapFilter(ObservationFilterChainDecorator.java:240)
	at org.springframework.security.web.ObservationFilterChainDecorator$ObservationFilter.doFilter(ObservationFilterChainDecorator.java:227)
	at org.springframework.security.web.ObservationFilterChainDecorator$VirtualFilterChain.doFilter(ObservationFilterChainDecorator.java:137)
	at org.springframework.security.web.context.SecurityContextHolderFilter.doFilter(SecurityContextHolderFilter.java:82)
	at org.springframework.security.web.context.SecurityContextHolderFilter.doFilter(SecurityContextHolderFilter.java:69)
	at org.springframework.security.web.ObservationFilterChainDecorator$ObservationFilter.wrapFilter(ObservationFilterChainDecorator.java:240)
	at org.springframework.security.web.ObservationFilterChainDecorator$ObservationFilter.doFilter(ObservationFilterChainDecorator.java:227)
	at org.springframework.security.web.ObservationFilterChainDecorator$VirtualFilterChain.doFilter(ObservationFilterChainDecorator.java:137)
	at org.springframework.security.web.context.request.async.WebAsyncManagerIntegrationFilter.doFilterInternal(WebAsyncManagerIntegrationFilter.java:62)
	at org.springframework.web.filter.OncePerRequestFilter.doFilter(OncePerRequestFilter.java:116)
	at org.springframework.security.web.ObservationFilterChainDecorator$ObservationFilter.wrapFilter(ObservationFilterChainDecorator.java:240)
	at org.springframework.security.web.ObservationFilterChainDecorator$ObservationFilter.doFilter(ObservationFilterChainDecorator.java:227)
	at org.springframework.security.web.ObservationFilterChainDecorator$VirtualFilterChain.doFilter(ObservationFilterChainDecorator.java:137)
	at org.springframework.security.web.session.DisableEncodeUrlFilter.doFilterInternal(DisableEncodeUrlFilter.java:42)
	at org.springframework.web.filter.OncePerRequestFilter.doFilter(OncePerRequestFilter.java:116)
	at org.springframework.security.web.ObservationFilterChainDecorator$ObservationFilter.wrapFilter(ObservationFilterChainDecorator.java:240)
	at org.springframework.security.web.ObservationFilterChainDecorator$AroundFilterObservation$SimpleAroundFilterObservation.lambda$wrap$0(ObservationFilterChainDecorator.java:323)
	at org.springframework.security.web.ObservationFilterChainDecorator$ObservationFilter.doFilter(ObservationFilterChainDecorator.java:224)
	at org.springframework.security.web.ObservationFilterChainDecorator$VirtualFilterChain.doFilter(ObservationFilterChainDecorator.java:137)
	at org.springframework.security.web.FilterChainProxy.doFilterInternal(FilterChainProxy.java:233)
	at org.springframework.security.web.FilterChainProxy.doFilter(FilterChainProxy.java:191)
	at org.springframework.web.filter.CompositeFilter$VirtualFilterChain.doFilter(CompositeFilter.java:113)
	at org.springframework.web.servlet.handler.HandlerMappingIntrospector.lambda$createCacheFilter$3(HandlerMappingIntrospector.java:243)
	at org.springframework.web.filter.CompositeFilter$VirtualFilterChain.doFilter(CompositeFilter.java:113)
	at org.springframework.web.filter.CompositeFilter.doFilter(CompositeFilter.java:74)
	at org.springframework.security.config.annotation.web.configuration.WebMvcSecurityConfiguration$CompositeFilterChainProxy.doFilter(WebMvcSecurityConfiguration.java:238)
	at org.springframework.web.filter.DelegatingFilterProxy.invokeDelegate(DelegatingFilterProxy.java:362)
	at org.springframework.web.filter.DelegatingFilterProxy.doFilter(DelegatingFilterProxy.java:278)
	at org.apache.catalina.core.ApplicationFilterChain.internalDoFilter(ApplicationFilterChain.java:164)
	at org.apache.catalina.core.ApplicationFilterChain.doFilter(ApplicationFilterChain.java:140)
	at org.springframework.web.filter.RequestContextFilter.doFilterInternal(RequestContextFilter.java:100)
	at org.springframework.web.filter.OncePerRequestFilter.doFilter(OncePerRequestFilter.java:116)
	at org.apache.catalina.core.ApplicationFilterChain.internalDoFilter(ApplicationFilterChain.java:164)
	at org.apache.catalina.core.ApplicationFilterChain.doFilter(ApplicationFilterChain.java:140)
	at org.springframework.web.filter.FormContentFilter.doFilterInternal(FormContentFilter.java:93)
	at org.springframework.web.filter.OncePerRequestFilter.doFilter(OncePerRequestFilter.java:116)
	at org.apache.catalina.core.ApplicationFilterChain.internalDoFilter(ApplicationFilterChain.java:164)
	at org.apache.catalina.core.ApplicationFilterChain.doFilter(ApplicationFilterChain.java:140)
	at org.springframework.web.filter.ServerHttpObservationFilter.doFilterInternal(ServerHttpObservationFilter.java:114)
	at org.springframework.web.filter.OncePerRequestFilter.doFilter(OncePerRequestFilter.java:116)
	at org.apache.catalina.core.ApplicationFilterChain.internalDoFilter(ApplicationFilterChain.java:164)
	at org.apache.catalina.core.ApplicationFilterChain.doFilter(ApplicationFilterChain.java:140)
	at org.springframework.web.filter.CharacterEncodingFilter.doFilterInternal(CharacterEncodingFilter.java:201)
	at org.springframework.web.filter.OncePerRequestFilter.doFilter(OncePerRequestFilter.java:116)
	at org.apache.catalina.core.ApplicationFilterChain.internalDoFilter(ApplicationFilterChain.java:164)
	at org.apache.catalina.core.ApplicationFilterChain.doFilter(ApplicationFilterChain.java:140)
	at org.apache.catalina.core.StandardWrapperValve.invoke(StandardWrapperValve.java:167)
	at org.apache.catalina.core.StandardContextValve.invoke(StandardContextValve.java:90)
	at org.apache.catalina.authenticator.AuthenticatorBase.invoke(AuthenticatorBase.java:483)
	at org.apache.catalina.core.StandardHostValve.invoke(StandardHostValve.java:115)
	at org.apache.catalina.valves.ErrorReportValve.invoke(ErrorReportValve.java:93)
	at org.apache.catalina.core.StandardEngineValve.invoke(StandardEngineValve.java:74)
	at org.apache.catalina.connector.CoyoteAdapter.service(CoyoteAdapter.java:344)
	at org.apache.coyote.http11.Http11Processor.service(Http11Processor.java:397)
	at org.apache.coyote.AbstractProcessorLight.process(AbstractProcessorLight.java:63)
	at org.apache.coyote.AbstractProtocol$ConnectionHandler.process(AbstractProtocol.java:905)
	at org.apache.tomcat.util.net.NioEndpoint$SocketProcessor.doRun(NioEndpoint.java:1741)
	at org.apache.tomcat.util.net.SocketProcessorBase.run(SocketProcessorBase.java:52)
	at org.apache.tomcat.util.threads.ThreadPoolExecutor.runWorker(ThreadPoolExecutor.java:1190)
	at org.apache.tomcat.util.threads.ThreadPoolExecutor$Worker.run(ThreadPoolExecutor.java:659)
	at org.apache.tomcat.util.threads.TaskThread$WrappingRunnable.run(TaskThread.java:63)
	at java.base/java.lang.Thread.run(Thread.java:1583)
2026-03-16 17:00:26 [http-nio-8080-exec-5] DEBUG o.s.w.s.m.m.a.HttpEntityMethodProcessor - Using 'application/json', given [application/json, text/plain, */*] and supported [application/json, application/*+json, application/yaml]
2026-03-16 17:00:26 [http-nio-8080-exec-5] TRACE o.s.w.s.m.m.a.HttpEntityMethodProcessor - Writing [ApiResponse[success=false, status=500, code=C004, message=예기치 않은 서버 오류가 발생했습니다., data=null, timestamp=2026-03-16T17:00:26.743454]]
2026-03-16 17:00:26 [http-nio-8080-exec-5] DEBUG o.s.w.s.m.m.a.ExceptionHandlerExceptionResolver - Resolved [org.springframework.web.servlet.resource.NoResourceFoundException: No static resource api/v1/admin/system/statistics/bbs.]
2026-03-16 17:00:26 [http-nio-8080-exec-5] DEBUG o.s.web.servlet.DispatcherServlet - Completed 500 INTERNAL_SERVER_ERROR
2026-03-16 17:00:26 [http-nio-8080-exec-8] DEBUG o.s.orm.jpa.JpaTransactionManager - Initiating transaction commit
2026-03-16 17:00:26 [http-nio-8080-exec-8] DEBUG o.s.orm.jpa.JpaTransactionManager - Committing JPA transaction on EntityManager [SessionImpl(2040104161<open>)]
2026-03-16 17:00:26 [http-nio-8080-exec-9] DEBUG o.s.orm.jpa.JpaTransactionManager - Initiating transaction commit
2026-03-16 17:00:26 [http-nio-8080-exec-9] DEBUG o.s.orm.jpa.JpaTransactionManager - Committing JPA transaction on EntityManager [SessionImpl(403713288<open>)]
2026-03-16 17:00:26 [http-nio-8080-exec-6] DEBUG o.s.orm.jpa.JpaTransactionManager - Closing JPA EntityManager [SessionImpl(2061011471<open>)] after transaction
2026-03-16 17:00:26 [http-nio-8080-exec-6] DEBUG c.c.p.s.jwt.JwtAuthenticationFilter - >>> [JwtFilter] Successfully authenticated user: USRCNFRM_99999999999, Authorities: [ROLE_ADMIN]
2026-03-16 17:00:26 [http-nio-8080-exec-6] DEBUG o.s.web.servlet.DispatcherServlet - GET "/api/v1/menu/left?menuNo=20", parameters={masked}
2026-03-16 17:00:26 [http-nio-8080-exec-6] TRACE o.s.w.s.m.m.a.RequestMappingHandlerMapping - Mapped to com.company.project.api.controller.menu.MenuController#getLeftMenu(Long)
2026-03-16 17:00:26 [http-nio-8080-exec-6] INFO  c.c.p.a.c.menu.MenuController - getLeftMenu called with menuNo=20
2026-03-16 17:00:26 [http-nio-8080-exec-6] DEBUG o.s.orm.jpa.JpaTransactionManager - Creating new transaction with name [com.company.project.service.menu.MenuService.getSubMenus]: PROPAGATION_REQUIRED,ISOLATION_DEFAULT,readOnly
2026-03-16 17:00:26 [http-nio-8080-exec-6] DEBUG o.s.orm.jpa.JpaTransactionManager - Opened new EntityManager [SessionImpl(2125225001<open>)] for JPA transaction
2026-03-16 17:00:26 [http-nio-8080-exec-6] DEBUG o.s.orm.jpa.JpaTransactionManager - Exposing JPA transaction as JDBC [org.springframework.orm.jpa.vendor.HibernateJpaDialect$HibernateConnectionHandle@7c11d95]
2026-03-16 17:00:26 [http-nio-8080-exec-6] DEBUG org.hibernate.SQL - select m1_0.menu_no,m1_0.menu_dc,m1_0.menu_nm,m1_0.menu_ordr,m1_0.modern_route,m1_0.progrm_file_nm,m1_0.relate_image_nm,m1_0.relate_image_path,m1_0.route_updated_at,m1_0.upper_menu_no from nmenuinfo m1_0 order by m1_0.upper_menu_no,m1_0.menu_ordr
2026-03-16 17:00:26 [http-nio-8080-exec-7] DEBUG o.s.orm.jpa.JpaTransactionManager - Initiating transaction commit
2026-03-16 17:00:26 [http-nio-8080-exec-3] DEBUG o.s.orm.jpa.JpaTransactionManager - Closing JPA EntityManager [SessionImpl(1125022510<open>)] after transaction
2026-03-16 17:00:26 [http-nio-8080-exec-7] DEBUG o.s.orm.jpa.JpaTransactionManager - Committing JPA transaction on EntityManager [SessionImpl(1552972444<open>)]
2026-03-16 17:00:26 [http-nio-8080-exec-3] DEBUG c.c.p.s.jwt.JwtAuthenticationFilter - >>> [JwtFilter] Successfully authenticated user: USRCNFRM_99999999999, Authorities: [ROLE_ADMIN]
2026-03-16 17:00:26 [http-nio-8080-exec-3] DEBUG o.s.web.servlet.DispatcherServlet - GET "/api/v1/notifications", parameters={}
2026-03-16 17:00:26 [http-nio-8080-exec-3] TRACE o.s.w.s.m.m.a.RequestMappingHandlerMapping - Mapped to com.company.project.api.controller.notification.NotificationController#getMyNotifications(UserDetails)
2026-03-16 17:00:26 [http-nio-8080-exec-3] DEBUG o.s.orm.jpa.JpaTransactionManager - Creating new transaction with name [com.company.project.service.notification.NotificationService.getActiveNotifications]: PROPAGATION_REQUIRED,ISOLATION_DEFAULT,readOnly
2026-03-16 17:00:26 [http-nio-8080-exec-3] DEBUG o.s.orm.jpa.JpaTransactionManager - Opened new EntityManager [SessionImpl(1312147795<open>)] for JPA transaction
2026-03-16 17:00:26 [http-nio-8080-exec-3] DEBUG o.s.orm.jpa.JpaTransactionManager - Exposing JPA transaction as JDBC [org.springframework.orm.jpa.vendor.HibernateJpaDialect$HibernateConnectionHandle@20c322c7]
2026-03-16 17:00:26 [http-nio-8080-exec-3] DEBUG o.s.orm.jpa.JpaTransactionManager - Found thread-bound EntityManager [SessionImpl(1312147795<open>)] for JPA transaction
2026-03-16 17:00:26 [http-nio-8080-exec-3] DEBUG o.s.orm.jpa.JpaTransactionManager - Participating in existing transaction
2026-03-16 17:00:26 [http-nio-8080-exec-3] DEBUG org.hibernate.SQL - select n1_0.ntcn_no,n1_0.frst_register_id,n1_0.frst_regist_pnttm,n1_0.is_read,n1_0.last_updusr_id,n1_0.last_updt_pnttm,n1_0.link_url,n1_0.ntcn_cn,n1_0.ntcn_sj,n1_0.receiver_id from n_user_notification n1_0
2026-03-16 17:00:26 [http-nio-8080-exec-8] DEBUG o.s.orm.jpa.JpaTransactionManager - Closing JPA EntityManager [SessionImpl(2040104161<open>)] after transaction
2026-03-16 17:00:26 [http-nio-8080-exec-8] DEBUG c.c.p.s.jwt.JwtAuthenticationFilter - >>> [JwtFilter] Successfully authenticated user: USRCNFRM_99999999999, Authorities: [ROLE_ADMIN]
2026-03-16 17:00:26 [http-nio-8080-exec-8] DEBUG o.s.web.servlet.DispatcherServlet - GET "/api/v1/admin/system/banners/reflected", parameters={}
2026-03-16 17:00:26 [http-nio-8080-exec-8] TRACE o.s.w.s.m.m.a.RequestMappingHandlerMapping - Mapped to com.company.project.api.controller.system.content.banner.BannerApiController#getReflectedBanners()
2026-03-16 17:00:26 [http-nio-8080-exec-8] DEBUG o.s.orm.jpa.JpaTransactionManager - Creating new transaction with name [com.company.project.service.system.content.banner.BannerService.getReflectedBanners]: PROPAGATION_REQUIRED,ISOLATION_DEFAULT,readOnly
2026-03-16 17:00:26 [http-nio-8080-exec-8] DEBUG o.s.orm.jpa.JpaTransactionManager - Opened new EntityManager [SessionImpl(1420172145<open>)] for JPA transaction
2026-03-16 17:00:26 [http-nio-8080-exec-8] DEBUG o.s.orm.jpa.JpaTransactionManager - Exposing JPA transaction as JDBC [org.springframework.orm.jpa.vendor.HibernateJpaDialect$HibernateConnectionHandle@260a3d56]
2026-03-16 17:00:26 [http-nio-8080-exec-8] DEBUG org.hibernate.SQL - select b1_0.banner_id,b1_0.banner_dc,b1_0.banner_image,b1_0.banner_image_file,b1_0.banner_nm,b1_0.frst_register_id,b1_0.frst_regist_pnttm,b1_0.last_updusr_id,b1_0.last_updt_pnttm,b1_0.link_url,b1_0.reflct_at,b1_0.sort_ordr from nbanner b1_0 where b1_0.reflct_at=? order by b1_0.sort_ordr
2026-03-16 17:00:27 [http-nio-8080-exec-9] DEBUG o.s.orm.jpa.JpaTransactionManager - Closing JPA EntityManager [SessionImpl(403713288<open>)] after transaction
2026-03-16 17:00:27 [http-nio-8080-exec-9] DEBUG c.c.p.s.jwt.JwtAuthenticationFilter - >>> [JwtFilter] Successfully authenticated user: USRCNFRM_99999999999, Authorities: [ROLE_ADMIN]
2026-03-16 17:00:27 [http-nio-8080-exec-9] DEBUG o.s.web.servlet.DispatcherServlet - GET "/api/v1/notifications/unread-count", parameters={}
2026-03-16 17:00:27 [http-nio-8080-exec-9] TRACE o.s.w.s.m.m.a.RequestMappingHandlerMapping - Mapped to com.company.project.api.controller.notification.NotificationController#getUnreadCount(UserDetails)
2026-03-16 17:00:27 [http-nio-8080-exec-9] DEBUG o.s.orm.jpa.JpaTransactionManager - Creating new transaction with name [com.company.project.service.notification.NotificationService.getUnreadCount]: PROPAGATION_REQUIRED,ISOLATION_DEFAULT,readOnly
2026-03-16 17:00:27 [http-nio-8080-exec-9] DEBUG o.s.orm.jpa.JpaTransactionManager - Opened new EntityManager [SessionImpl(1062954855<open>)] for JPA transaction
2026-03-16 17:00:27 [http-nio-8080-exec-9] DEBUG o.s.orm.jpa.JpaTransactionManager - Exposing JPA transaction as JDBC [org.springframework.orm.jpa.vendor.HibernateJpaDialect$HibernateConnectionHandle@7a3e7998]
2026-03-16 17:00:27 [http-nio-8080-exec-9] DEBUG org.hibernate.SQL - select count(n1_0.ntcn_no) from n_user_notification n1_0 where n1_0.receiver_id=? and n1_0.is_read=?
2026-03-16 17:00:27 [http-nio-8080-exec-7] DEBUG o.s.orm.jpa.JpaTransactionManager - Closing JPA EntityManager [SessionImpl(1552972444<open>)] after transaction
2026-03-16 17:00:27 [http-nio-8080-exec-7] DEBUG c.c.p.s.jwt.JwtAuthenticationFilter - >>> [JwtFilter] Successfully authenticated user: USRCNFRM_99999999999, Authorities: [ROLE_ADMIN]
2026-03-16 17:00:27 [http-nio-8080-exec-3] DEBUG o.s.orm.jpa.JpaTransactionManager - Initiating transaction commit
2026-03-16 17:00:27 [http-nio-8080-exec-3] DEBUG o.s.orm.jpa.JpaTransactionManager - Committing JPA transaction on EntityManager [SessionImpl(1312147795<open>)]
2026-03-16 17:00:27 [http-nio-8080-exec-7] DEBUG o.s.web.servlet.DispatcherServlet - GET "/api/v1/popups/active", parameters={}
2026-03-16 17:00:27 [http-nio-8080-exec-7] TRACE o.s.w.s.m.m.a.RequestMappingHandlerMapping - Mapped to com.company.project.api.controller.system.content.popup.PopupController#getActivePopups()
2026-03-16 17:00:27 [http-nio-8080-exec-7] DEBUG o.s.orm.jpa.JpaTransactionManager - Creating new transaction with name [com.company.project.service.system.content.popup.PopupServiceImpl.getActivePopups]: PROPAGATION_REQUIRED,ISOLATION_DEFAULT,readOnly
2026-03-16 17:00:27 [http-nio-8080-exec-7] DEBUG o.s.orm.jpa.JpaTransactionManager - Opened new EntityManager [SessionImpl(1981835763<open>)] for JPA transaction
2026-03-16 17:00:27 [http-nio-8080-exec-7] DEBUG o.s.orm.jpa.JpaTransactionManager - Exposing JPA transaction as JDBC [org.springframework.orm.jpa.vendor.HibernateJpaDialect$HibernateConnectionHandle@242dc66c]
2026-03-16 17:00:27 [http-nio-8080-exec-7] DEBUG org.hibernate.SQL - select p1_0.popup_id,p1_0.frst_register_id,p1_0.frst_regist_pnttm,p1_0.file_url,p1_0.ntce_at,p1_0.stopvew_setup_at,p1_0.last_updusr_id,p1_0.last_updt_pnttm,p1_0.ntce_bgnde,p1_0.ntce_endde,p1_0.popup_vrticl_lc,p1_0.popup_vrticl_size,p1_0.popup_sj_nm,p1_0.popup_width_lc,p1_0.popup_width_size from npopupmanage p1_0 where p1_0.ntce_at='Y' and ? between p1_0.ntce_bgnde and p1_0.ntce_endde
2026-03-16 17:00:27 [http-nio-8080-exec-9] DEBUG o.s.orm.jpa.JpaTransactionManager - Initiating transaction commit
2026-03-16 17:00:27 [http-nio-8080-exec-9] DEBUG o.s.orm.jpa.JpaTransactionManager - Committing JPA transaction on EntityManager [SessionImpl(1062954855<open>)]
2026-03-16 17:00:27 [http-nio-8080-exec-3] DEBUG o.s.orm.jpa.JpaTransactionManager - Closing JPA EntityManager [SessionImpl(1312147795<open>)] after transaction
2026-03-16 17:00:27 [http-nio-8080-exec-7] DEBUG o.s.orm.jpa.JpaTransactionManager - Initiating transaction commit
2026-03-16 17:00:27 [http-nio-8080-exec-7] DEBUG o.s.orm.jpa.JpaTransactionManager - Committing JPA transaction on EntityManager [SessionImpl(1981835763<open>)]
2026-03-16 17:00:27 [http-nio-8080-exec-3] DEBUG o.s.w.s.m.m.a.HttpEntityMethodProcessor - Using 'application/json', given [application/json, text/plain, */*] and supported [application/json, application/*+json, application/yaml]
2026-03-16 17:00:27 [http-nio-8080-exec-3] TRACE o.s.w.s.m.m.a.HttpEntityMethodProcessor - Writing [ApiResponse[success=true, status=200, code=COMMON_001, message=Success, data=[NotificationDto(ntfcNo=NT001, ntfcSj=테스트 알림입니다, ntfcCn=알림 내용입니다, ntfcDate=null, ntfcTime=2026-02-25T00:59:33.784070, bhNtfcIntrvl=null, uniqId=null, frstRegisterId=null, frstRegisterPnttm=2026-02-25T00:59:33.784070, lastUpdusrId=null, lastUpdusrPnttm=null)], timestamp=2026-03-16T17:00:27.190615600]]
2026-03-16 17:00:27 [http-nio-8080-exec-6] DEBUG o.s.orm.jpa.JpaTransactionManager - Found thread-bound EntityManager [SessionImpl(2125225001<open>)] for JPA transaction
2026-03-16 17:00:27 [http-nio-8080-exec-6] DEBUG o.s.orm.jpa.JpaTransactionManager - Participating in existing transaction
2026-03-16 17:00:27 [http-nio-8080-exec-3] INFO  c.c.p.a.i.OperationalAuditInterceptor - API Audit Log: URL=/api/v1/notifications, User=webmaster, IP=127.0.0.1
2026-03-16 17:00:27 [http-nio-8080-exec-3] DEBUG o.s.web.servlet.DispatcherServlet - Completed 200 OK
2026-03-16 17:00:27 [http-nio-8080-exec-6] DEBUG org.hibernate.SQL - select p1_0.progrm_file_nm,p1_0.progrm_dc,p1_0.progrm_korean_nm,p1_0.progrm_stre_path,p1_0.url from nprogrmlist p1_0
2026-03-16 17:00:27 [http-nio-8080-exec-2] DEBUG c.c.p.s.jwt.JwtAuthenticationFilter - >>> [JwtFilter] Processing request: GET /api/v1/admin/system/statistics/connect
2026-03-16 17:00:27 [http-nio-8080-exec-2] DEBUG c.c.p.s.jwt.JwtAuthenticationFilter - >>> [JwtFilter] Found token in header for path: /api/v1/admin/system/statistics/connect
2026-03-16 17:00:27 [http-nio-8080-exec-2] DEBUG o.s.orm.jpa.JpaTransactionManager - Creating new transaction with name [com.company.project.security.iam.CustomUserDetailsService.loadUserByUsername]: PROPAGATION_REQUIRED,ISOLATION_DEFAULT,readOnly
2026-03-16 17:00:27 [http-nio-8080-exec-2] DEBUG o.s.orm.jpa.JpaTransactionManager - Opened new EntityManager [SessionImpl(1931236297<open>)] for JPA transaction
2026-03-16 17:00:27 [http-nio-8080-exec-9] DEBUG o.s.orm.jpa.JpaTransactionManager - Closing JPA EntityManager [SessionImpl(1062954855<open>)] after transaction
2026-03-16 17:00:27 [http-nio-8080-exec-9] DEBUG o.s.w.s.m.m.a.HttpEntityMethodProcessor - Using 'application/json', given [application/json, text/plain, */*] and supported [application/json, application/*+json, application/yaml]
2026-03-16 17:00:27 [http-nio-8080-exec-9] TRACE o.s.w.s.m.m.a.HttpEntityMethodProcessor - Writing [ApiResponse[success=true, status=200, code=COMMON_001, message=Success, data=0, timestamp=2026-03-16T17:00:27.310165900]]
2026-03-16 17:00:27 [http-nio-8080-exec-9] INFO  c.c.p.a.i.OperationalAuditInterceptor - API Audit Log: URL=/api/v1/notifications/unread-count, User=webmaster, IP=127.0.0.1
2026-03-16 17:00:27 [http-nio-8080-exec-9] DEBUG o.s.web.servlet.DispatcherServlet - Completed 200 OK
2026-03-16 17:00:27 [http-nio-8080-exec-7] DEBUG o.s.orm.jpa.JpaTransactionManager - Closing JPA EntityManager [SessionImpl(1981835763<open>)] after transaction
2026-03-16 17:00:27 [http-nio-8080-exec-7] DEBUG o.s.w.s.m.m.a.HttpEntityMethodProcessor - Using 'application/json', given [application/json, text/plain, */*] and supported [application/json, application/*+json, application/yaml]
2026-03-16 17:00:27 [http-nio-8080-exec-7] TRACE o.s.w.s.m.m.a.HttpEntityMethodProcessor - Writing [ApiResponse[success=true, status=200, code=COMMON_001, message=Success, data=[], timestamp=2026-03-16T17:00:27.346513100]]
2026-03-16 17:00:27 [http-nio-8080-exec-7] INFO  c.c.p.a.i.OperationalAuditInterceptor - API Audit Log: URL=/api/v1/popups/active, User=webmaster, IP=127.0.0.1
2026-03-16 17:00:27 [http-nio-8080-exec-7] DEBUG o.s.web.servlet.DispatcherServlet - Completed 200 OK
2026-03-16 17:00:27 [http-nio-8080-exec-6] DEBUG o.s.orm.jpa.JpaTransactionManager - Initiating transaction commit
2026-03-16 17:00:27 [http-nio-8080-exec-6] DEBUG o.s.orm.jpa.JpaTransactionManager - Committing JPA transaction on EntityManager [SessionImpl(2125225001<open>)]
2026-03-16 17:00:27 [http-nio-8080-exec-2] DEBUG o.s.orm.jpa.JpaTransactionManager - Exposing JPA transaction as JDBC [org.springframework.orm.jpa.vendor.HibernateJpaDialect$HibernateConnectionHandle@2979414e]
2026-03-16 17:00:27 [http-nio-8080-exec-2] DEBUG o.s.orm.jpa.JpaTransactionManager - Found thread-bound EntityManager [SessionImpl(1931236297<open>)] for JPA transaction
2026-03-16 17:00:27 [http-nio-8080-exec-2] DEBUG o.s.orm.jpa.JpaTransactionManager - Participating in existing transaction
2026-03-16 17:00:27 [http-nio-8080-exec-2] DEBUG org.hibernate.SQL - select u1_0.emplyr_id,u1_0.area_no,u1_0.brthdy,u1_0.chg_pwd_cnt,u1_0.frst_register_id,u1_0.frst_regist_pnttm,u1_0.detail_adres,u1_0.email_adres,u1_0.emplyr_sttus_code,u1_0.empl_no,u1_0.esntl_id,u1_0.fxnum,u1_0.group_id,u1_0.house_adres,u1_0.house_end_telno,u1_0.house_middle_telno,u1_0.ihidnum,u1_0.pstinst_code,u1_0.last_updusr_id,u1_0.last_updt_pnttm,u1_0.lock_at,u1_0.lock_cnt,u1_0.lock_last_pnttm,u1_0.mbtlnum,u1_0.ofcps_nm,u1_0.offm_telno,u1_0.orgnzt_id,u1_0.password,u1_0.password_cnsr,u1_0.password_hint,u1_0.chg_pwd_last_pnttm,u1_0.role,u1_0.sbscrb_de,u1_0.sexdstn_code,u1_0.crtfc_dn_value,u1_0.user_nm,u1_0.zip from nemplyrinfo u1_0 where u1_0.emplyr_id=?
2026-03-16 17:00:27 [http-nio-8080-exec-8] DEBUG o.s.orm.jpa.JpaTransactionManager - Initiating transaction commit
2026-03-16 17:00:27 [http-nio-8080-exec-8] DEBUG o.s.orm.jpa.JpaTransactionManager - Committing JPA transaction on EntityManager [SessionImpl(1420172145<open>)]
2026-03-16 17:00:27 [http-nio-8080-exec-6] DEBUG o.s.orm.jpa.JpaTransactionManager - Closing JPA EntityManager [SessionImpl(2125225001<open>)] after transaction
2026-03-16 17:00:27 [http-nio-8080-exec-6] INFO  c.c.p.a.c.menu.MenuController - getLeftMenu returned 3 items
2026-03-16 17:00:27 [http-nio-8080-exec-6] DEBUG o.s.w.s.m.m.a.HttpEntityMethodProcessor - Using 'application/json', given [application/json, text/plain, */*] and supported [application/json, application/*+json, application/yaml]
2026-03-16 17:00:27 [http-nio-8080-exec-6] TRACE o.s.w.s.m.m.a.HttpEntityMethodProcessor - Writing [ApiResponse[success=true, status=200, code=COMMON_001, message=Success, data={list=[com.company.project.service.menu.dto.MenuDto@241ce119, com.company.project.service.menu.dto.MenuDto@656cb66e, com.company.project.service.menu.dto.MenuDto@3e24f503]}, timestamp=2026-03-16T17:00:27.508801]]
2026-03-16 17:00:27 [http-nio-8080-exec-6] INFO  c.c.p.a.i.OperationalAuditInterceptor - API Audit Log: URL=/api/v1/menu/left, User=webmaster, IP=127.0.0.1
2026-03-16 17:00:27 [http-nio-8080-exec-6] DEBUG o.s.web.servlet.DispatcherServlet - Completed 200 OK
2026-03-16 17:00:27 [http-nio-8080-exec-4] DEBUG c.c.p.s.jwt.JwtAuthenticationFilter - >>> [JwtFilter] Processing request: GET /api/v1/menu/left
2026-03-16 17:00:27 [http-nio-8080-exec-4] DEBUG c.c.p.s.jwt.JwtAuthenticationFilter - >>> [JwtFilter] Found token in header for path: /api/v1/menu/left
2026-03-16 17:00:27 [http-nio-8080-exec-4] DEBUG o.s.orm.jpa.JpaTransactionManager - Creating new transaction with name [com.company.project.security.iam.CustomUserDetailsService.loadUserByUsername]: PROPAGATION_REQUIRED,ISOLATION_DEFAULT,readOnly
2026-03-16 17:00:27 [http-nio-8080-exec-4] DEBUG o.s.orm.jpa.JpaTransactionManager - Opened new EntityManager [SessionImpl(1421096797<open>)] for JPA transaction
2026-03-16 17:00:27 [http-nio-8080-exec-2] DEBUG o.s.orm.jpa.JpaTransactionManager - Found thread-bound EntityManager [SessionImpl(1931236297<open>)] for JPA transaction
2026-03-16 17:00:27 [http-nio-8080-exec-2] DEBUG o.s.orm.jpa.JpaTransactionManager - Participating in existing transaction
2026-03-16 17:00:27 [http-nio-8080-exec-2] DEBUG org.hibernate.SQL - select ua1_0.scrty_dtrmn_trget_id,ua1_0.author_code,ua1_0.frst_register_id,ua1_0.frst_regist_pnttm,ua1_0.last_updusr_id,ua1_0.last_updt_pnttm,ua1_0.mber_ty_code from nemplyrscrtyestbs ua1_0 where ua1_0.scrty_dtrmn_trget_id=?
2026-03-16 17:00:27 [http-nio-8080-exec-8] DEBUG o.s.orm.jpa.JpaTransactionManager - Closing JPA EntityManager [SessionImpl(1420172145<open>)] after transaction
2026-03-16 17:00:27 [http-nio-8080-exec-8] DEBUG o.s.w.s.m.m.a.HttpEntityMethodProcessor - Using 'application/json', given [application/json, text/plain, */*] and supported [application/json, application/*+json, application/yaml]
2026-03-16 17:00:27 [http-nio-8080-exec-8] TRACE o.s.w.s.m.m.a.HttpEntityMethodProcessor - Writing [ApiResponse[success=true, status=200, code=COMMON_001, message=Success, data=[], timestamp=2026-03-16T17:00:27.610580800]]
2026-03-16 17:00:27 [http-nio-8080-exec-8] INFO  c.c.p.a.i.OperationalAuditInterceptor - API Audit Log: URL=/api/v1/admin/system/banners/reflected, User=webmaster, IP=127.0.0.1
2026-03-16 17:00:27 [http-nio-8080-exec-8] DEBUG o.s.web.servlet.DispatcherServlet - Completed 200 OK
2026-03-16 17:00:27 [http-nio-8080-exec-4] DEBUG o.s.orm.jpa.JpaTransactionManager - Exposing JPA transaction as JDBC [org.springframework.orm.jpa.vendor.HibernateJpaDialect$HibernateConnectionHandle@3db036b6]
2026-03-16 17:00:27 [http-nio-8080-exec-4] DEBUG o.s.orm.jpa.JpaTransactionManager - Found thread-bound EntityManager [SessionImpl(1421096797<open>)] for JPA transaction
2026-03-16 17:00:27 [http-nio-8080-exec-4] DEBUG o.s.orm.jpa.JpaTransactionManager - Participating in existing transaction
2026-03-16 17:00:27 [http-nio-8080-exec-4] DEBUG org.hibernate.SQL - select u1_0.emplyr_id,u1_0.area_no,u1_0.brthdy,u1_0.chg_pwd_cnt,u1_0.frst_register_id,u1_0.frst_regist_pnttm,u1_0.detail_adres,u1_0.email_adres,u1_0.emplyr_sttus_code,u1_0.empl_no,u1_0.esntl_id,u1_0.fxnum,u1_0.group_id,u1_0.house_adres,u1_0.house_end_telno,u1_0.house_middle_telno,u1_0.ihidnum,u1_0.pstinst_code,u1_0.last_updusr_id,u1_0.last_updt_pnttm,u1_0.lock_at,u1_0.lock_cnt,u1_0.lock_last_pnttm,u1_0.mbtlnum,u1_0.ofcps_nm,u1_0.offm_telno,u1_0.orgnzt_id,u1_0.password,u1_0.password_cnsr,u1_0.password_hint,u1_0.chg_pwd_last_pnttm,u1_0.role,u1_0.sbscrb_de,u1_0.sexdstn_code,u1_0.crtfc_dn_value,u1_0.user_nm,u1_0.zip from nemplyrinfo u1_0 where u1_0.emplyr_id=?
2026-03-16 17:00:27 [http-nio-8080-exec-2] DEBUG o.s.orm.jpa.JpaTransactionManager - Initiating transaction commit
2026-03-16 17:00:27 [http-nio-8080-exec-2] DEBUG o.s.orm.jpa.JpaTransactionManager - Committing JPA transaction on EntityManager [SessionImpl(1931236297<open>)]
2026-03-16 17:00:27 [http-nio-8080-exec-1] DEBUG c.c.p.s.jwt.JwtAuthenticationFilter - >>> [JwtFilter] Processing request: GET /api/v1/admin/system/statistics/bbs
2026-03-16 17:00:27 [http-nio-8080-exec-1] DEBUG c.c.p.s.jwt.JwtAuthenticationFilter - >>> [JwtFilter] Found token in header for path: /api/v1/admin/system/statistics/bbs
2026-03-16 17:00:27 [http-nio-8080-exec-1] DEBUG o.s.orm.jpa.JpaTransactionManager - Creating new transaction with name [com.company.project.security.iam.CustomUserDetailsService.loadUserByUsername]: PROPAGATION_REQUIRED,ISOLATION_DEFAULT,readOnly
2026-03-16 17:00:27 [http-nio-8080-exec-1] DEBUG o.s.orm.jpa.JpaTransactionManager - Opened new EntityManager [SessionImpl(290314924<open>)] for JPA transaction
2026-03-16 17:00:27 [http-nio-8080-exec-4] DEBUG o.s.orm.jpa.JpaTransactionManager - Found thread-bound EntityManager [SessionImpl(1421096797<open>)] for JPA transaction
2026-03-16 17:00:27 [http-nio-8080-exec-4] DEBUG o.s.orm.jpa.JpaTransactionManager - Participating in existing transaction
2026-03-16 17:00:27 [http-nio-8080-exec-4] DEBUG org.hibernate.SQL - select ua1_0.scrty_dtrmn_trget_id,ua1_0.author_code,ua1_0.frst_register_id,ua1_0.frst_regist_pnttm,ua1_0.last_updusr_id,ua1_0.last_updt_pnttm,ua1_0.mber_ty_code from nemplyrscrtyestbs ua1_0 where ua1_0.scrty_dtrmn_trget_id=?
2026-03-16 17:00:27 [http-nio-8080-exec-2] DEBUG o.s.orm.jpa.JpaTransactionManager - Closing JPA EntityManager [SessionImpl(1931236297<open>)] after transaction
2026-03-16 17:00:27 [http-nio-8080-exec-2] DEBUG c.c.p.s.jwt.JwtAuthenticationFilter - >>> [JwtFilter] Successfully authenticated user: USRCNFRM_99999999999, Authorities: [ROLE_ADMIN]
2026-03-16 17:00:27 [http-nio-8080-exec-2] DEBUG o.s.web.servlet.DispatcherServlet - GET "/api/v1/admin/system/statistics/connect?statsKind=SERVICE", parameters={masked}
2026-03-16 17:00:27 [http-nio-8080-exec-2] DEBUG o.s.w.s.h.SimpleUrlHandlerMapping - Mapped to ResourceHttpRequestHandler [classpath [META-INF/resources/], classpath [resources/], classpath [static/], classpath [public/], ServletContext [/]]
2026-03-16 17:00:27 [http-nio-8080-exec-2] DEBUG o.s.w.s.r.ResourceHttpRequestHandler - Resource not found
2026-03-16 17:00:27 [http-nio-8080-exec-2] DEBUG o.s.w.s.m.m.a.ExceptionHandlerExceptionResolver - Using @ExceptionHandler com.company.project.core.exception.GlobalExceptionHandler#handleException(Exception)
2026-03-16 17:00:27 [http-nio-8080-exec-2] ERROR c.c.p.c.e.GlobalExceptionHandler - >>> Internal Server Error: No static resource api/v1/admin/system/statistics/connect.
org.springframework.web.servlet.resource.NoResourceFoundException: No static resource api/v1/admin/system/statistics/connect.
	at org.springframework.web.servlet.resource.ResourceHttpRequestHandler.handleRequest(ResourceHttpRequestHandler.java:585)
	at org.springframework.web.servlet.mvc.HttpRequestHandlerAdapter.handle(HttpRequestHandlerAdapter.java:52)
	at org.springframework.web.servlet.DispatcherServlet.doDispatch(DispatcherServlet.java:1088)
	at org.springframework.web.servlet.DispatcherServlet.doService(DispatcherServlet.java:978)
	at org.springframework.web.servlet.FrameworkServlet.processRequest(FrameworkServlet.java:1014)
	at org.springframework.web.servlet.FrameworkServlet.doGet(FrameworkServlet.java:903)
	at jakarta.servlet.http.HttpServlet.service(HttpServlet.java:527)
	at org.springframework.web.servlet.FrameworkServlet.service(FrameworkServlet.java:885)
	at jakarta.servlet.http.HttpServlet.service(HttpServlet.java:614)
	at org.apache.catalina.core.ApplicationFilterChain.internalDoFilter(ApplicationFilterChain.java:195)
	at org.apache.catalina.core.ApplicationFilterChain.doFilter(ApplicationFilterChain.java:140)
	at org.apache.tomcat.websocket.server.WsFilter.doFilter(WsFilter.java:51)
	at org.apache.catalina.core.ApplicationFilterChain.internalDoFilter(ApplicationFilterChain.java:164)
	at org.apache.catalina.core.ApplicationFilterChain.doFilter(ApplicationFilterChain.java:140)
	at org.springframework.web.filter.CompositeFilter$VirtualFilterChain.doFilter(CompositeFilter.java:108)
	at org.springframework.security.web.FilterChainProxy.lambda$doFilterInternal$3(FilterChainProxy.java:231)
	at org.springframework.security.web.ObservationFilterChainDecorator$FilterObservation$SimpleFilterObservation.lambda$wrap$1(ObservationFilterChainDecorator.java:479)
	at org.springframework.security.web.ObservationFilterChainDecorator$AroundFilterObservation$SimpleAroundFilterObservation.lambda$wrap$1(ObservationFilterChainDecorator.java:340)
	at org.springframework.security.web.ObservationFilterChainDecorator.lambda$wrapSecured$0(ObservationFilterChainDecorator.java:82)
	at org.springframework.security.web.ObservationFilterChainDecorator$VirtualFilterChain.doFilter(ObservationFilterChainDecorator.java:128)
	at org.springframework.security.web.access.intercept.AuthorizationFilter.doFilter(AuthorizationFilter.java:101)
	at org.springframework.security.web.ObservationFilterChainDecorator$ObservationFilter.wrapFilter(ObservationFilterChainDecorator.java:240)
	at org.springframework.security.web.ObservationFilterChainDecorator$ObservationFilter.doFilter(ObservationFilterChainDecorator.java:227)
	at org.springframework.security.web.ObservationFilterChainDecorator$VirtualFilterChain.doFilter(ObservationFilterChainDecorator.java:137)
	at org.springframework.security.web.access.ExceptionTranslationFilter.doFilter(ExceptionTranslationFilter.java:126)
	at org.springframework.security.web.access.ExceptionTranslationFilter.doFilter(ExceptionTranslationFilter.java:120)
	at org.springframework.security.web.ObservationFilterChainDecorator$ObservationFilter.wrapFilter(ObservationFilterChainDecorator.java:240)
	at org.springframework.security.web.ObservationFilterChainDecorator$ObservationFilter.doFilter(ObservationFilterChainDecorator.java:227)
	at org.springframework.security.web.ObservationFilterChainDecorator$VirtualFilterChain.doFilter(ObservationFilterChainDecorator.java:137)
	at org.springframework.security.web.session.SessionManagementFilter.doFilter(SessionManagementFilter.java:131)
	at org.springframework.security.web.session.SessionManagementFilter.doFilter(SessionManagementFilter.java:85)
	at org.springframework.security.web.ObservationFilterChainDecorator$ObservationFilter.wrapFilter(ObservationFilterChainDecorator.java:240)
	at org.springframework.security.web.ObservationFilterChainDecorator$ObservationFilter.doFilter(ObservationFilterChainDecorator.java:227)
	at org.springframework.security.web.ObservationFilterChainDecorator$VirtualFilterChain.doFilter(ObservationFilterChainDecorator.java:137)
	at org.springframework.security.web.authentication.AnonymousAuthenticationFilter.doFilter(AnonymousAuthenticationFilter.java:100)
	at org.springframework.security.web.ObservationFilterChainDecorator$ObservationFilter.wrapFilter(ObservationFilterChainDecorator.java:240)
	at org.springframework.security.web.ObservationFilterChainDecorator$ObservationFilter.doFilter(ObservationFilterChainDecorator.java:227)
	at org.springframework.security.web.ObservationFilterChainDecorator$VirtualFilterChain.doFilter(ObservationFilterChainDecorator.java:137)
	at org.springframework.security.web.servletapi.SecurityContextHolderAwareRequestFilter.doFilter(SecurityContextHolderAwareRequestFilter.java:179)
	at org.springframework.security.web.ObservationFilterChainDecorator$ObservationFilter.wrapFilter(ObservationFilterChainDecorator.java:240)
	at org.springframework.security.web.ObservationFilterChainDecorator$ObservationFilter.doFilter(ObservationFilterChainDecorator.java:227)
	at org.springframework.security.web.ObservationFilterChainDecorator$VirtualFilterChain.doFilter(ObservationFilterChainDecorator.java:137)
	at org.springframework.security.web.savedrequest.RequestCacheAwareFilter.doFilter(RequestCacheAwareFilter.java:63)
	at org.springframework.security.web.ObservationFilterChainDecorator$ObservationFilter.wrapFilter(ObservationFilterChainDecorator.java:240)
	at org.springframework.security.web.ObservationFilterChainDecorator$ObservationFilter.doFilter(ObservationFilterChainDecorator.java:227)
	at org.springframework.security.web.ObservationFilterChainDecorator$VirtualFilterChain.doFilter(ObservationFilterChainDecorator.java:137)
	at com.company.project.security.jwt.JwtAuthenticationFilter.doFilterInternal(JwtAuthenticationFilter.java:52)
	at org.springframework.web.filter.OncePerRequestFilter.doFilter(OncePerRequestFilter.java:116)
	at org.springframework.security.web.ObservationFilterChainDecorator$ObservationFilter.wrapFilter(ObservationFilterChainDecorator.java:240)
	at org.springframework.security.web.ObservationFilterChainDecorator$ObservationFilter.doFilter(ObservationFilterChainDecorator.java:227)
	at org.springframework.security.web.ObservationFilterChainDecorator$VirtualFilterChain.doFilter(ObservationFilterChainDecorator.java:137)
	at org.springframework.security.web.authentication.logout.LogoutFilter.doFilter(LogoutFilter.java:107)
	at org.springframework.security.web.authentication.logout.LogoutFilter.doFilter(LogoutFilter.java:93)
	at org.springframework.security.web.ObservationFilterChainDecorator$ObservationFilter.wrapFilter(ObservationFilterChainDecorator.java:240)
	at org.springframework.security.web.ObservationFilterChainDecorator$ObservationFilter.doFilter(ObservationFilterChainDecorator.java:227)
	at org.springframework.security.web.ObservationFilterChainDecorator$VirtualFilterChain.doFilter(ObservationFilterChainDecorator.java:137)
	at org.springframework.web.filter.CorsFilter.doFilterInternal(CorsFilter.java:91)
	at org.springframework.web.filter.OncePerRequestFilter.doFilter(OncePerRequestFilter.java:116)
	at org.springframework.security.web.ObservationFilterChainDecorator$ObservationFilter.wrapFilter(ObservationFilterChainDecorator.java:240)
	at org.springframework.security.web.ObservationFilterChainDecorator$ObservationFilter.doFilter(ObservationFilterChainDecorator.java:227)
	at org.springframework.security.web.ObservationFilterChainDecorator$VirtualFilterChain.doFilter(ObservationFilterChainDecorator.java:137)
	at org.springframework.security.web.header.HeaderWriterFilter.doHeadersAfter(HeaderWriterFilter.java:90)
	at org.springframework.security.web.header.HeaderWriterFilter.doFilterInternal(HeaderWriterFilter.java:75)
	at org.springframework.web.filter.OncePerRequestFilter.doFilter(OncePerRequestFilter.java:116)
	at org.springframework.security.web.ObservationFilterChainDecorator$ObservationFilter.wrapFilter(ObservationFilterChainDecorator.java:240)
	at org.springframework.security.web.ObservationFilterChainDecorator$ObservationFilter.doFilter(ObservationFilterChainDecorator.java:227)
	at org.springframework.security.web.ObservationFilterChainDecorator$VirtualFilterChain.doFilter(ObservationFilterChainDecorator.java:137)
	at org.springframework.security.web.context.SecurityContextHolderFilter.doFilter(SecurityContextHolderFilter.java:82)
	at org.springframework.security.web.context.SecurityContextHolderFilter.doFilter(SecurityContextHolderFilter.java:69)
	at org.springframework.security.web.ObservationFilterChainDecorator$ObservationFilter.wrapFilter(ObservationFilterChainDecorator.java:240)
	at org.springframework.security.web.ObservationFilterChainDecorator$ObservationFilter.doFilter(ObservationFilterChainDecorator.java:227)
	at org.springframework.security.web.ObservationFilterChainDecorator$VirtualFilterChain.doFilter(ObservationFilterChainDecorator.java:137)
	at org.springframework.security.web.context.request.async.WebAsyncManagerIntegrationFilter.doFilterInternal(WebAsyncManagerIntegrationFilter.java:62)
	at org.springframework.web.filter.OncePerRequestFilter.doFilter(OncePerRequestFilter.java:116)
	at org.springframework.security.web.ObservationFilterChainDecorator$ObservationFilter.wrapFilter(ObservationFilterChainDecorator.java:240)
	at org.springframework.security.web.ObservationFilterChainDecorator$ObservationFilter.doFilter(ObservationFilterChainDecorator.java:227)
	at org.springframework.security.web.ObservationFilterChainDecorator$VirtualFilterChain.doFilter(ObservationFilterChainDecorator.java:137)
	at org.springframework.security.web.session.DisableEncodeUrlFilter.doFilterInternal(DisableEncodeUrlFilter.java:42)
	at org.springframework.web.filter.OncePerRequestFilter.doFilter(OncePerRequestFilter.java:116)
	at org.springframework.security.web.ObservationFilterChainDecorator$ObservationFilter.wrapFilter(ObservationFilterChainDecorator.java:240)
	at org.springframework.security.web.ObservationFilterChainDecorator$AroundFilterObservation$SimpleAroundFilterObservation.lambda$wrap$0(ObservationFilterChainDecorator.java:323)
	at org.springframework.security.web.ObservationFilterChainDecorator$ObservationFilter.doFilter(ObservationFilterChainDecorator.java:224)
	at org.springframework.security.web.ObservationFilterChainDecorator$VirtualFilterChain.doFilter(ObservationFilterChainDecorator.java:137)
	at org.springframework.security.web.FilterChainProxy.doFilterInternal(FilterChainProxy.java:233)
	at org.springframework.security.web.FilterChainProxy.doFilter(FilterChainProxy.java:191)
	at org.springframework.web.filter.CompositeFilter$VirtualFilterChain.doFilter(CompositeFilter.java:113)
	at org.springframework.web.servlet.handler.HandlerMappingIntrospector.lambda$createCacheFilter$3(HandlerMappingIntrospector.java:243)
	at org.springframework.web.filter.CompositeFilter$VirtualFilterChain.doFilter(CompositeFilter.java:113)
	at org.springframework.web.filter.CompositeFilter.doFilter(CompositeFilter.java:74)
	at org.springframework.security.config.annotation.web.configuration.WebMvcSecurityConfiguration$CompositeFilterChainProxy.doFilter(WebMvcSecurityConfiguration.java:238)
	at org.springframework.web.filter.DelegatingFilterProxy.invokeDelegate(DelegatingFilterProxy.java:362)
	at org.springframework.web.filter.DelegatingFilterProxy.doFilter(DelegatingFilterProxy.java:278)
	at org.apache.catalina.core.ApplicationFilterChain.internalDoFilter(ApplicationFilterChain.java:164)
	at org.apache.catalina.core.ApplicationFilterChain.doFilter(ApplicationFilterChain.java:140)
	at org.springframework.web.filter.RequestContextFilter.doFilterInternal(RequestContextFilter.java:100)
	at org.springframework.web.filter.OncePerRequestFilter.doFilter(OncePerRequestFilter.java:116)
	at org.apache.catalina.core.ApplicationFilterChain.internalDoFilter(ApplicationFilterChain.java:164)
	at org.apache.catalina.core.ApplicationFilterChain.doFilter(ApplicationFilterChain.java:140)
	at org.springframework.web.filter.FormContentFilter.doFilterInternal(FormContentFilter.java:93)
	at org.springframework.web.filter.OncePerRequestFilter.doFilter(OncePerRequestFilter.java:116)
	at org.apache.catalina.core.ApplicationFilterChain.internalDoFilter(ApplicationFilterChain.java:164)
	at org.apache.catalina.core.ApplicationFilterChain.doFilter(ApplicationFilterChain.java:140)
	at org.springframework.web.filter.ServerHttpObservationFilter.doFilterInternal(ServerHttpObservationFilter.java:114)
	at org.springframework.web.filter.OncePerRequestFilter.doFilter(OncePerRequestFilter.java:116)
	at org.apache.catalina.core.ApplicationFilterChain.internalDoFilter(ApplicationFilterChain.java:164)
	at org.apache.catalina.core.ApplicationFilterChain.doFilter(ApplicationFilterChain.java:140)
	at org.springframework.web.filter.CharacterEncodingFilter.doFilterInternal(CharacterEncodingFilter.java:201)
	at org.springframework.web.filter.OncePerRequestFilter.doFilter(OncePerRequestFilter.java:116)
	at org.apache.catalina.core.ApplicationFilterChain.internalDoFilter(ApplicationFilterChain.java:164)
	at org.apache.catalina.core.ApplicationFilterChain.doFilter(ApplicationFilterChain.java:140)
	at org.apache.catalina.core.StandardWrapperValve.invoke(StandardWrapperValve.java:167)
	at org.apache.catalina.core.StandardContextValve.invoke(StandardContextValve.java:90)
	at org.apache.catalina.authenticator.AuthenticatorBase.invoke(AuthenticatorBase.java:483)
	at org.apache.catalina.core.StandardHostValve.invoke(StandardHostValve.java:115)
	at org.apache.catalina.valves.ErrorReportValve.invoke(ErrorReportValve.java:93)
	at org.apache.catalina.core.StandardEngineValve.invoke(StandardEngineValve.java:74)
	at org.apache.catalina.connector.CoyoteAdapter.service(CoyoteAdapter.java:344)
	at org.apache.coyote.http11.Http11Processor.service(Http11Processor.java:397)
	at org.apache.coyote.AbstractProcessorLight.process(AbstractProcessorLight.java:63)
	at org.apache.coyote.AbstractProtocol$ConnectionHandler.process(AbstractProtocol.java:905)
	at org.apache.tomcat.util.net.NioEndpoint$SocketProcessor.doRun(NioEndpoint.java:1741)
	at org.apache.tomcat.util.net.SocketProcessorBase.run(SocketProcessorBase.java:52)
	at org.apache.tomcat.util.threads.ThreadPoolExecutor.runWorker(ThreadPoolExecutor.java:1190)
	at org.apache.tomcat.util.threads.ThreadPoolExecutor$Worker.run(ThreadPoolExecutor.java:659)
	at org.apache.tomcat.util.threads.TaskThread$WrappingRunnable.run(TaskThread.java:63)
	at java.base/java.lang.Thread.run(Thread.java:1583)
2026-03-16 17:00:27 [http-nio-8080-exec-2] DEBUG o.s.w.s.m.m.a.HttpEntityMethodProcessor - Using 'application/json', given [application/json, text/plain, */*] and supported [application/json, application/*+json, application/yaml]
2026-03-16 17:00:27 [http-nio-8080-exec-2] TRACE o.s.w.s.m.m.a.HttpEntityMethodProcessor - Writing [ApiResponse[success=false, status=500, code=C004, message=예기치 않은 서버 오류가 발생했습니다., data=null, timestamp=2026-03-16T17:00:27.843124900]]
2026-03-16 17:00:27 [http-nio-8080-exec-2] DEBUG o.s.w.s.m.m.a.ExceptionHandlerExceptionResolver - Resolved [org.springframework.web.servlet.resource.NoResourceFoundException: No static resource api/v1/admin/system/statistics/connect.]
2026-03-16 17:00:27 [http-nio-8080-exec-2] DEBUG o.s.web.servlet.DispatcherServlet - Completed 500 INTERNAL_SERVER_ERROR
2026-03-16 17:00:27 [http-nio-8080-exec-1] DEBUG o.s.orm.jpa.JpaTransactionManager - Exposing JPA transaction as JDBC [org.springframework.orm.jpa.vendor.HibernateJpaDialect$HibernateConnectionHandle@5282f7ea]
2026-03-16 17:00:27 [http-nio-8080-exec-1] DEBUG o.s.orm.jpa.JpaTransactionManager - Found thread-bound EntityManager [SessionImpl(290314924<open>)] for JPA transaction
2026-03-16 17:00:27 [http-nio-8080-exec-1] DEBUG o.s.orm.jpa.JpaTransactionManager - Participating in existing transaction
2026-03-16 17:00:27 [http-nio-8080-exec-1] DEBUG org.hibernate.SQL - select u1_0.emplyr_id,u1_0.area_no,u1_0.brthdy,u1_0.chg_pwd_cnt,u1_0.frst_register_id,u1_0.frst_regist_pnttm,u1_0.detail_adres,u1_0.email_adres,u1_0.emplyr_sttus_code,u1_0.empl_no,u1_0.esntl_id,u1_0.fxnum,u1_0.group_id,u1_0.house_adres,u1_0.house_end_telno,u1_0.house_middle_telno,u1_0.ihidnum,u1_0.pstinst_code,u1_0.last_updusr_id,u1_0.last_updt_pnttm,u1_0.lock_at,u1_0.lock_cnt,u1_0.lock_last_pnttm,u1_0.mbtlnum,u1_0.ofcps_nm,u1_0.offm_telno,u1_0.orgnzt_id,u1_0.password,u1_0.password_cnsr,u1_0.password_hint,u1_0.chg_pwd_last_pnttm,u1_0.role,u1_0.sbscrb_de,u1_0.sexdstn_code,u1_0.crtfc_dn_value,u1_0.user_nm,u1_0.zip from nemplyrinfo u1_0 where u1_0.emplyr_id=?
2026-03-16 17:00:27 [http-nio-8080-exec-4] DEBUG o.s.orm.jpa.JpaTransactionManager - Initiating transaction commit
2026-03-16 17:00:27 [http-nio-8080-exec-4] DEBUG o.s.orm.jpa.JpaTransactionManager - Committing JPA transaction on EntityManager [SessionImpl(1421096797<open>)]
2026-03-16 17:00:28 [http-nio-8080-exec-1] DEBUG o.s.orm.jpa.JpaTransactionManager - Found thread-bound EntityManager [SessionImpl(290314924<open>)] for JPA transaction
2026-03-16 17:00:28 [http-nio-8080-exec-1] DEBUG o.s.orm.jpa.JpaTransactionManager - Participating in existing transaction
2026-03-16 17:00:28 [http-nio-8080-exec-1] DEBUG org.hibernate.SQL - select ua1_0.scrty_dtrmn_trget_id,ua1_0.author_code,ua1_0.frst_register_id,ua1_0.frst_regist_pnttm,ua1_0.last_updusr_id,ua1_0.last_updt_pnttm,ua1_0.mber_ty_code from nemplyrscrtyestbs ua1_0 where ua1_0.scrty_dtrmn_trget_id=?
2026-03-16 17:00:28 [http-nio-8080-exec-4] DEBUG o.s.orm.jpa.JpaTransactionManager - Closing JPA EntityManager [SessionImpl(1421096797<open>)] after transaction
2026-03-16 17:00:28 [http-nio-8080-exec-4] DEBUG c.c.p.s.jwt.JwtAuthenticationFilter - >>> [JwtFilter] Successfully authenticated user: USRCNFRM_99999999999, Authorities: [ROLE_ADMIN]
2026-03-16 17:00:28 [http-nio-8080-exec-4] DEBUG o.s.web.servlet.DispatcherServlet - GET "/api/v1/menu/left?menuNo=40", parameters={masked}
2026-03-16 17:00:28 [http-nio-8080-exec-4] TRACE o.s.w.s.m.m.a.RequestMappingHandlerMapping - Mapped to com.company.project.api.controller.menu.MenuController#getLeftMenu(Long)
2026-03-16 17:00:28 [http-nio-8080-exec-4] INFO  c.c.p.a.c.menu.MenuController - getLeftMenu called with menuNo=40
2026-03-16 17:00:28 [http-nio-8080-exec-4] DEBUG o.s.orm.jpa.JpaTransactionManager - Creating new transaction with name [com.company.project.service.menu.MenuService.getSubMenus]: PROPAGATION_REQUIRED,ISOLATION_DEFAULT,readOnly
2026-03-16 17:00:28 [http-nio-8080-exec-4] DEBUG o.s.orm.jpa.JpaTransactionManager - Opened new EntityManager [SessionImpl(326880150<open>)] for JPA transaction
2026-03-16 17:00:28 [http-nio-8080-exec-4] DEBUG o.s.orm.jpa.JpaTransactionManager - Exposing JPA transaction as JDBC [org.springframework.orm.jpa.vendor.HibernateJpaDialect$HibernateConnectionHandle@5a0b2f87]
2026-03-16 17:00:28 [http-nio-8080-exec-4] DEBUG org.hibernate.SQL - select m1_0.menu_no,m1_0.menu_dc,m1_0.menu_nm,m1_0.menu_ordr,m1_0.modern_route,m1_0.progrm_file_nm,m1_0.relate_image_nm,m1_0.relate_image_path,m1_0.route_updated_at,m1_0.upper_menu_no from nmenuinfo m1_0 order by m1_0.upper_menu_no,m1_0.menu_ordr
2026-03-16 17:00:28 [http-nio-8080-exec-1] DEBUG o.s.orm.jpa.JpaTransactionManager - Initiating transaction commit
2026-03-16 17:00:28 [http-nio-8080-exec-1] DEBUG o.s.orm.jpa.JpaTransactionManager - Committing JPA transaction on EntityManager [SessionImpl(290314924<open>)]
2026-03-16 17:00:28 [http-nio-8080-exec-1] DEBUG o.s.orm.jpa.JpaTransactionManager - Closing JPA EntityManager [SessionImpl(290314924<open>)] after transaction
2026-03-16 17:00:28 [http-nio-8080-exec-1] DEBUG c.c.p.s.jwt.JwtAuthenticationFilter - >>> [JwtFilter] Successfully authenticated user: USRCNFRM_99999999999, Authorities: [ROLE_ADMIN]
2026-03-16 17:00:28 [http-nio-8080-exec-1] DEBUG o.s.web.servlet.DispatcherServlet - GET "/api/v1/admin/system/statistics/bbs?statsKind=COM101", parameters={masked}
2026-03-16 17:00:28 [http-nio-8080-exec-1] DEBUG o.s.w.s.h.SimpleUrlHandlerMapping - Mapped to ResourceHttpRequestHandler [classpath [META-INF/resources/], classpath [resources/], classpath [static/], classpath [public/], ServletContext [/]]
2026-03-16 17:00:28 [http-nio-8080-exec-1] DEBUG o.s.w.s.r.ResourceHttpRequestHandler - Resource not found
2026-03-16 17:00:28 [http-nio-8080-exec-1] DEBUG o.s.w.s.m.m.a.ExceptionHandlerExceptionResolver - Using @ExceptionHandler com.company.project.core.exception.GlobalExceptionHandler#handleException(Exception)
2026-03-16 17:00:28 [http-nio-8080-exec-1] ERROR c.c.p.c.e.GlobalExceptionHandler - >>> Internal Server Error: No static resource api/v1/admin/system/statistics/bbs.
org.springframework.web.servlet.resource.NoResourceFoundException: No static resource api/v1/admin/system/statistics/bbs.
	at org.springframework.web.servlet.resource.ResourceHttpRequestHandler.handleRequest(ResourceHttpRequestHandler.java:585)
	at org.springframework.web.servlet.mvc.HttpRequestHandlerAdapter.handle(HttpRequestHandlerAdapter.java:52)
	at org.springframework.web.servlet.DispatcherServlet.doDispatch(DispatcherServlet.java:1088)
	at org.springframework.web.servlet.DispatcherServlet.doService(DispatcherServlet.java:978)
	at org.springframework.web.servlet.FrameworkServlet.processRequest(FrameworkServlet.java:1014)
	at org.springframework.web.servlet.FrameworkServlet.doGet(FrameworkServlet.java:903)
	at jakarta.servlet.http.HttpServlet.service(HttpServlet.java:527)
	at org.springframework.web.servlet.FrameworkServlet.service(FrameworkServlet.java:885)
	at jakarta.servlet.http.HttpServlet.service(HttpServlet.java:614)
	at org.apache.catalina.core.ApplicationFilterChain.internalDoFilter(ApplicationFilterChain.java:195)
	at org.apache.catalina.core.ApplicationFilterChain.doFilter(ApplicationFilterChain.java:140)
	at org.apache.tomcat.websocket.server.WsFilter.doFilter(WsFilter.java:51)
	at org.apache.catalina.core.ApplicationFilterChain.internalDoFilter(ApplicationFilterChain.java:164)
	at org.apache.catalina.core.ApplicationFilterChain.doFilter(ApplicationFilterChain.java:140)
	at org.springframework.web.filter.CompositeFilter$VirtualFilterChain.doFilter(CompositeFilter.java:108)
	at org.springframework.security.web.FilterChainProxy.lambda$doFilterInternal$3(FilterChainProxy.java:231)
	at org.springframework.security.web.ObservationFilterChainDecorator$FilterObservation$SimpleFilterObservation.lambda$wrap$1(ObservationFilterChainDecorator.java:479)
	at org.springframework.security.web.ObservationFilterChainDecorator$AroundFilterObservation$SimpleAroundFilterObservation.lambda$wrap$1(ObservationFilterChainDecorator.java:340)
	at org.springframework.security.web.ObservationFilterChainDecorator.lambda$wrapSecured$0(ObservationFilterChainDecorator.java:82)
	at org.springframework.security.web.ObservationFilterChainDecorator$VirtualFilterChain.doFilter(ObservationFilterChainDecorator.java:128)
	at org.springframework.security.web.access.intercept.AuthorizationFilter.doFilter(AuthorizationFilter.java:101)
	at org.springframework.security.web.ObservationFilterChainDecorator$ObservationFilter.wrapFilter(ObservationFilterChainDecorator.java:240)
	at org.springframework.security.web.ObservationFilterChainDecorator$ObservationFilter.doFilter(ObservationFilterChainDecorator.java:227)
	at org.springframework.security.web.ObservationFilterChainDecorator$VirtualFilterChain.doFilter(ObservationFilterChainDecorator.java:137)
	at org.springframework.security.web.access.ExceptionTranslationFilter.doFilter(ExceptionTranslationFilter.java:126)
	at org.springframework.security.web.access.ExceptionTranslationFilter.doFilter(ExceptionTranslationFilter.java:120)
	at org.springframework.security.web.ObservationFilterChainDecorator$ObservationFilter.wrapFilter(ObservationFilterChainDecorator.java:240)
	at org.springframework.security.web.ObservationFilterChainDecorator$ObservationFilter.doFilter(ObservationFilterChainDecorator.java:227)
	at org.springframework.security.web.ObservationFilterChainDecorator$VirtualFilterChain.doFilter(ObservationFilterChainDecorator.java:137)
	at org.springframework.security.web.session.SessionManagementFilter.doFilter(SessionManagementFilter.java:131)
	at org.springframework.security.web.session.SessionManagementFilter.doFilter(SessionManagementFilter.java:85)
	at org.springframework.security.web.ObservationFilterChainDecorator$ObservationFilter.wrapFilter(ObservationFilterChainDecorator.java:240)
	at org.springframework.security.web.ObservationFilterChainDecorator$ObservationFilter.doFilter(ObservationFilterChainDecorator.java:227)
	at org.springframework.security.web.ObservationFilterChainDecorator$VirtualFilterChain.doFilter(ObservationFilterChainDecorator.java:137)
	at org.springframework.security.web.authentication.AnonymousAuthenticationFilter.doFilter(AnonymousAuthenticationFilter.java:100)
	at org.springframework.security.web.ObservationFilterChainDecorator$ObservationFilter.wrapFilter(ObservationFilterChainDecorator.java:240)
	at org.springframework.security.web.ObservationFilterChainDecorator$ObservationFilter.doFilter(ObservationFilterChainDecorator.java:227)
	at org.springframework.security.web.ObservationFilterChainDecorator$VirtualFilterChain.doFilter(ObservationFilterChainDecorator.java:137)
	at org.springframework.security.web.servletapi.SecurityContextHolderAwareRequestFilter.doFilter(SecurityContextHolderAwareRequestFilter.java:179)
	at org.springframework.security.web.ObservationFilterChainDecorator$ObservationFilter.wrapFilter(ObservationFilterChainDecorator.java:240)
	at org.springframework.security.web.ObservationFilterChainDecorator$ObservationFilter.doFilter(ObservationFilterChainDecorator.java:227)
	at org.springframework.security.web.ObservationFilterChainDecorator$VirtualFilterChain.doFilter(ObservationFilterChainDecorator.java:137)
	at org.springframework.security.web.savedrequest.RequestCacheAwareFilter.doFilter(RequestCacheAwareFilter.java:63)
	at org.springframework.security.web.ObservationFilterChainDecorator$ObservationFilter.wrapFilter(ObservationFilterChainDecorator.java:240)
	at org.springframework.security.web.ObservationFilterChainDecorator$ObservationFilter.doFilter(ObservationFilterChainDecorator.java:227)
	at org.springframework.security.web.ObservationFilterChainDecorator$VirtualFilterChain.doFilter(ObservationFilterChainDecorator.java:137)
	at com.company.project.security.jwt.JwtAuthenticationFilter.doFilterInternal(JwtAuthenticationFilter.java:52)
	at org.springframework.web.filter.OncePerRequestFilter.doFilter(OncePerRequestFilter.java:116)
	at org.springframework.security.web.ObservationFilterChainDecorator$ObservationFilter.wrapFilter(ObservationFilterChainDecorator.java:240)
	at org.springframework.security.web.ObservationFilterChainDecorator$ObservationFilter.doFilter(ObservationFilterChainDecorator.java:227)
	at org.springframework.security.web.ObservationFilterChainDecorator$VirtualFilterChain.doFilter(ObservationFilterChainDecorator.java:137)
	at org.springframework.security.web.authentication.logout.LogoutFilter.doFilter(LogoutFilter.java:107)
	at org.springframework.security.web.authentication.logout.LogoutFilter.doFilter(LogoutFilter.java:93)
	at org.springframework.security.web.ObservationFilterChainDecorator$ObservationFilter.wrapFilter(ObservationFilterChainDecorator.java:240)
	at org.springframework.security.web.ObservationFilterChainDecorator$ObservationFilter.doFilter(ObservationFilterChainDecorator.java:227)
	at org.springframework.security.web.ObservationFilterChainDecorator$VirtualFilterChain.doFilter(ObservationFilterChainDecorator.java:137)
	at org.springframework.web.filter.CorsFilter.doFilterInternal(CorsFilter.java:91)
	at org.springframework.web.filter.OncePerRequestFilter.doFilter(OncePerRequestFilter.java:116)
	at org.springframework.security.web.ObservationFilterChainDecorator$ObservationFilter.wrapFilter(ObservationFilterChainDecorator.java:240)
	at org.springframework.security.web.ObservationFilterChainDecorator$ObservationFilter.doFilter(ObservationFilterChainDecorator.java:227)
	at org.springframework.security.web.ObservationFilterChainDecorator$VirtualFilterChain.doFilter(ObservationFilterChainDecorator.java:137)
	at org.springframework.security.web.header.HeaderWriterFilter.doHeadersAfter(HeaderWriterFilter.java:90)
	at org.springframework.security.web.header.HeaderWriterFilter.doFilterInternal(HeaderWriterFilter.java:75)
	at org.springframework.web.filter.OncePerRequestFilter.doFilter(OncePerRequestFilter.java:116)
	at org.springframework.security.web.ObservationFilterChainDecorator$ObservationFilter.wrapFilter(ObservationFilterChainDecorator.java:240)
	at org.springframework.security.web.ObservationFilterChainDecorator$ObservationFilter.doFilter(ObservationFilterChainDecorator.java:227)
	at org.springframework.security.web.ObservationFilterChainDecorator$VirtualFilterChain.doFilter(ObservationFilterChainDecorator.java:137)
	at org.springframework.security.web.context.SecurityContextHolderFilter.doFilter(SecurityContextHolderFilter.java:82)
	at org.springframework.security.web.context.SecurityContextHolderFilter.doFilter(SecurityContextHolderFilter.java:69)
	at org.springframework.security.web.ObservationFilterChainDecorator$ObservationFilter.wrapFilter(ObservationFilterChainDecorator.java:240)
	at org.springframework.security.web.ObservationFilterChainDecorator$ObservationFilter.doFilter(ObservationFilterChainDecorator.java:227)
	at org.springframework.security.web.ObservationFilterChainDecorator$VirtualFilterChain.doFilter(ObservationFilterChainDecorator.java:137)
	at org.springframework.security.web.context.request.async.WebAsyncManagerIntegrationFilter.doFilterInternal(WebAsyncManagerIntegrationFilter.java:62)
	at org.springframework.web.filter.OncePerRequestFilter.doFilter(OncePerRequestFilter.java:116)
	at org.springframework.security.web.ObservationFilterChainDecorator$ObservationFilter.wrapFilter(ObservationFilterChainDecorator.java:240)
	at org.springframework.security.web.ObservationFilterChainDecorator$ObservationFilter.doFilter(ObservationFilterChainDecorator.java:227)
	at org.springframework.security.web.ObservationFilterChainDecorator$VirtualFilterChain.doFilter(ObservationFilterChainDecorator.java:137)
	at org.springframework.security.web.session.DisableEncodeUrlFilter.doFilterInternal(DisableEncodeUrlFilter.java:42)
	at org.springframework.web.filter.OncePerRequestFilter.doFilter(OncePerRequestFilter.java:116)
	at org.springframework.security.web.ObservationFilterChainDecorator$ObservationFilter.wrapFilter(ObservationFilterChainDecorator.java:240)
	at org.springframework.security.web.ObservationFilterChainDecorator$AroundFilterObservation$SimpleAroundFilterObservation.lambda$wrap$0(ObservationFilterChainDecorator.java:323)
	at org.springframework.security.web.ObservationFilterChainDecorator$ObservationFilter.doFilter(ObservationFilterChainDecorator.java:224)
	at org.springframework.security.web.ObservationFilterChainDecorator$VirtualFilterChain.doFilter(ObservationFilterChainDecorator.java:137)
	at org.springframework.security.web.FilterChainProxy.doFilterInternal(FilterChainProxy.java:233)
	at org.springframework.security.web.FilterChainProxy.doFilter(FilterChainProxy.java:191)
	at org.springframework.web.filter.CompositeFilter$VirtualFilterChain.doFilter(CompositeFilter.java:113)
	at org.springframework.web.servlet.handler.HandlerMappingIntrospector.lambda$createCacheFilter$3(HandlerMappingIntrospector.java:243)
	at org.springframework.web.filter.CompositeFilter$VirtualFilterChain.doFilter(CompositeFilter.java:113)
	at org.springframework.web.filter.CompositeFilter.doFilter(CompositeFilter.java:74)
	at org.springframework.security.config.annotation.web.configuration.WebMvcSecurityConfiguration$CompositeFilterChainProxy.doFilter(WebMvcSecurityConfiguration.java:238)
	at org.springframework.web.filter.DelegatingFilterProxy.invokeDelegate(DelegatingFilterProxy.java:362)
	at org.springframework.web.filter.DelegatingFilterProxy.doFilter(DelegatingFilterProxy.java:278)
	at org.apache.catalina.core.ApplicationFilterChain.internalDoFilter(ApplicationFilterChain.java:164)
	at org.apache.catalina.core.ApplicationFilterChain.doFilter(ApplicationFilterChain.java:140)
	at org.springframework.web.filter.RequestContextFilter.doFilterInternal(RequestContextFilter.java:100)
	at org.springframework.web.filter.OncePerRequestFilter.doFilter(OncePerRequestFilter.java:116)
	at org.apache.catalina.core.ApplicationFilterChain.internalDoFilter(ApplicationFilterChain.java:164)
	at org.apache.catalina.core.ApplicationFilterChain.doFilter(ApplicationFilterChain.java:140)
	at org.springframework.web.filter.FormContentFilter.doFilterInternal(FormContentFilter.java:93)
	at org.springframework.web.filter.OncePerRequestFilter.doFilter(OncePerRequestFilter.java:116)
	at org.apache.catalina.core.ApplicationFilterChain.internalDoFilter(ApplicationFilterChain.java:164)
	at org.apache.catalina.core.ApplicationFilterChain.doFilter(ApplicationFilterChain.java:140)
	at org.springframework.web.filter.ServerHttpObservationFilter.doFilterInternal(ServerHttpObservationFilter.java:114)
	at org.springframework.web.filter.OncePerRequestFilter.doFilter(OncePerRequestFilter.java:116)
	at org.apache.catalina.core.ApplicationFilterChain.internalDoFilter(ApplicationFilterChain.java:164)
	at org.apache.catalina.core.ApplicationFilterChain.doFilter(ApplicationFilterChain.java:140)
	at org.springframework.web.filter.CharacterEncodingFilter.doFilterInternal(CharacterEncodingFilter.java:201)
	at org.springframework.web.filter.OncePerRequestFilter.doFilter(OncePerRequestFilter.java:116)
	at org.apache.catalina.core.ApplicationFilterChain.internalDoFilter(ApplicationFilterChain.java:164)
	at org.apache.catalina.core.ApplicationFilterChain.doFilter(ApplicationFilterChain.java:140)
	at org.apache.catalina.core.StandardWrapperValve.invoke(StandardWrapperValve.java:167)
	at org.apache.catalina.core.StandardContextValve.invoke(StandardContextValve.java:90)
	at org.apache.catalina.authenticator.AuthenticatorBase.invoke(AuthenticatorBase.java:483)
	at org.apache.catalina.core.StandardHostValve.invoke(StandardHostValve.java:115)
	at org.apache.catalina.valves.ErrorReportValve.invoke(ErrorReportValve.java:93)
	at org.apache.catalina.core.StandardEngineValve.invoke(StandardEngineValve.java:74)
	at org.apache.catalina.connector.CoyoteAdapter.service(CoyoteAdapter.java:344)
	at org.apache.coyote.http11.Http11Processor.service(Http11Processor.java:397)
	at org.apache.coyote.AbstractProcessorLight.process(AbstractProcessorLight.java:63)
	at org.apache.coyote.AbstractProtocol$ConnectionHandler.process(AbstractProtocol.java:905)
	at org.apache.tomcat.util.net.NioEndpoint$SocketProcessor.doRun(NioEndpoint.java:1741)
	at org.apache.tomcat.util.net.SocketProcessorBase.run(SocketProcessorBase.java:52)
	at org.apache.tomcat.util.threads.ThreadPoolExecutor.runWorker(ThreadPoolExecutor.java:1190)
	at org.apache.tomcat.util.threads.ThreadPoolExecutor$Worker.run(ThreadPoolExecutor.java:659)
	at org.apache.tomcat.util.threads.TaskThread$WrappingRunnable.run(TaskThread.java:63)
	at java.base/java.lang.Thread.run(Thread.java:1583)
2026-03-16 17:00:28 [http-nio-8080-exec-1] DEBUG o.s.w.s.m.m.a.HttpEntityMethodProcessor - Using 'application/json', given [application/json, text/plain, */*] and supported [application/json, application/*+json, application/yaml]
2026-03-16 17:00:28 [http-nio-8080-exec-1] TRACE o.s.w.s.m.m.a.HttpEntityMethodProcessor - Writing [ApiResponse[success=false, status=500, code=C004, message=예기치 않은 서버 오류가 발생했습니다., data=null, timestamp=2026-03-16T17:00:28.380840400]]
2026-03-16 17:00:28 [http-nio-8080-exec-1] DEBUG o.s.w.s.m.m.a.ExceptionHandlerExceptionResolver - Resolved [org.springframework.web.servlet.resource.NoResourceFoundException: No static resource api/v1/admin/system/statistics/bbs.]
2026-03-16 17:00:28 [http-nio-8080-exec-1] DEBUG o.s.web.servlet.DispatcherServlet - Completed 500 INTERNAL_SERVER_ERROR
2026-03-16 17:00:28 [http-nio-8080-exec-4] DEBUG o.s.orm.jpa.JpaTransactionManager - Found thread-bound EntityManager [SessionImpl(326880150<open>)] for JPA transaction
2026-03-16 17:00:28 [http-nio-8080-exec-4] DEBUG o.s.orm.jpa.JpaTransactionManager - Participating in existing transaction
2026-03-16 17:00:28 [http-nio-8080-exec-4] DEBUG org.hibernate.SQL - select p1_0.progrm_file_nm,p1_0.progrm_dc,p1_0.progrm_korean_nm,p1_0.progrm_stre_path,p1_0.url from nprogrmlist p1_0
2026-03-16 17:00:28 [http-nio-8080-exec-4] DEBUG o.s.orm.jpa.JpaTransactionManager - Initiating transaction commit
2026-03-16 17:00:28 [http-nio-8080-exec-4] DEBUG o.s.orm.jpa.JpaTransactionManager - Committing JPA transaction on EntityManager [SessionImpl(326880150<open>)]
2026-03-16 17:00:28 [http-nio-8080-exec-4] DEBUG o.s.orm.jpa.JpaTransactionManager - Closing JPA EntityManager [SessionImpl(326880150<open>)] after transaction
2026-03-16 17:00:28 [http-nio-8080-exec-4] INFO  c.c.p.a.c.menu.MenuController - getLeftMenu returned 2 items
2026-03-16 17:00:28 [http-nio-8080-exec-4] DEBUG o.s.w.s.m.m.a.HttpEntityMethodProcessor - Using 'application/json', given [application/json, text/plain, */*] and supported [application/json, application/*+json, application/yaml]
2026-03-16 17:00:28 [http-nio-8080-exec-4] TRACE o.s.w.s.m.m.a.HttpEntityMethodProcessor - Writing [ApiResponse[success=true, status=200, code=COMMON_001, message=Success, data={list=[com.company.project.service.menu.dto.MenuDto@263b4810, com.company.project.service.menu.dto.MenuDto@8b324c2]}, timestamp=2026-03-16T17:00:28.726122100]]
2026-03-16 17:00:28 [http-nio-8080-exec-4] INFO  c.c.p.a.i.OperationalAuditInterceptor - API Audit Log: URL=/api/v1/menu/left, User=webmaster, IP=127.0.0.1
2026-03-16 17:00:28 [http-nio-8080-exec-4] DEBUG o.s.web.servlet.DispatcherServlet - Completed 200 OK
2026-03-16 17:00:28 [http-nio-8080-exec-10] DEBUG c.c.p.s.jwt.JwtAuthenticationFilter - >>> [JwtFilter] Processing request: GET /api/v1/menu/left
2026-03-16 17:00:28 [http-nio-8080-exec-10] DEBUG c.c.p.s.jwt.JwtAuthenticationFilter - >>> [JwtFilter] Found token in header for path: /api/v1/menu/left
2026-03-16 17:00:28 [http-nio-8080-exec-10] DEBUG o.s.orm.jpa.JpaTransactionManager - Creating new transaction with name [com.company.project.security.iam.CustomUserDetailsService.loadUserByUsername]: PROPAGATION_REQUIRED,ISOLATION_DEFAULT,readOnly
2026-03-16 17:00:28 [http-nio-8080-exec-10] DEBUG o.s.orm.jpa.JpaTransactionManager - Opened new EntityManager [SessionImpl(1108935059<open>)] for JPA transaction
2026-03-16 17:00:28 [http-nio-8080-exec-10] DEBUG o.s.orm.jpa.JpaTransactionManager - Exposing JPA transaction as JDBC [org.springframework.orm.jpa.vendor.HibernateJpaDialect$HibernateConnectionHandle@a2b78cd]
2026-03-16 17:00:28 [http-nio-8080-exec-10] DEBUG o.s.orm.jpa.JpaTransactionManager - Found thread-bound EntityManager [SessionImpl(1108935059<open>)] for JPA transaction
2026-03-16 17:00:28 [http-nio-8080-exec-10] DEBUG o.s.orm.jpa.JpaTransactionManager - Participating in existing transaction
2026-03-16 17:00:28 [http-nio-8080-exec-10] DEBUG org.hibernate.SQL - select u1_0.emplyr_id,u1_0.area_no,u1_0.brthdy,u1_0.chg_pwd_cnt,u1_0.frst_register_id,u1_0.frst_regist_pnttm,u1_0.detail_adres,u1_0.email_adres,u1_0.emplyr_sttus_code,u1_0.empl_no,u1_0.esntl_id,u1_0.fxnum,u1_0.group_id,u1_0.house_adres,u1_0.house_end_telno,u1_0.house_middle_telno,u1_0.ihidnum,u1_0.pstinst_code,u1_0.last_updusr_id,u1_0.last_updt_pnttm,u1_0.lock_at,u1_0.lock_cnt,u1_0.lock_last_pnttm,u1_0.mbtlnum,u1_0.ofcps_nm,u1_0.offm_telno,u1_0.orgnzt_id,u1_0.password,u1_0.password_cnsr,u1_0.password_hint,u1_0.chg_pwd_last_pnttm,u1_0.role,u1_0.sbscrb_de,u1_0.sexdstn_code,u1_0.crtfc_dn_value,u1_0.user_nm,u1_0.zip from nemplyrinfo u1_0 where u1_0.emplyr_id=?
2026-03-16 17:00:29 [http-nio-8080-exec-10] DEBUG o.s.orm.jpa.JpaTransactionManager - Found thread-bound EntityManager [SessionImpl(1108935059<open>)] for JPA transaction
2026-03-16 17:00:29 [http-nio-8080-exec-10] DEBUG o.s.orm.jpa.JpaTransactionManager - Participating in existing transaction
2026-03-16 17:00:29 [http-nio-8080-exec-10] DEBUG org.hibernate.SQL - select ua1_0.scrty_dtrmn_trget_id,ua1_0.author_code,ua1_0.frst_register_id,ua1_0.frst_regist_pnttm,ua1_0.last_updusr_id,ua1_0.last_updt_pnttm,ua1_0.mber_ty_code from nemplyrscrtyestbs ua1_0 where ua1_0.scrty_dtrmn_trget_id=?
2026-03-16 17:00:29 [http-nio-8080-exec-10] DEBUG o.s.orm.jpa.JpaTransactionManager - Initiating transaction commit
2026-03-16 17:00:29 [http-nio-8080-exec-10] DEBUG o.s.orm.jpa.JpaTransactionManager - Committing JPA transaction on EntityManager [SessionImpl(1108935059<open>)]
2026-03-16 17:00:29 [http-nio-8080-exec-10] DEBUG o.s.orm.jpa.JpaTransactionManager - Closing JPA EntityManager [SessionImpl(1108935059<open>)] after transaction
2026-03-16 17:00:29 [http-nio-8080-exec-10] DEBUG c.c.p.s.jwt.JwtAuthenticationFilter - >>> [JwtFilter] Successfully authenticated user: USRCNFRM_99999999999, Authorities: [ROLE_ADMIN]
2026-03-16 17:00:29 [http-nio-8080-exec-10] DEBUG o.s.web.servlet.DispatcherServlet - GET "/api/v1/menu/left?menuNo=50", parameters={masked}
2026-03-16 17:00:29 [http-nio-8080-exec-10] TRACE o.s.w.s.m.m.a.RequestMappingHandlerMapping - Mapped to com.company.project.api.controller.menu.MenuController#getLeftMenu(Long)
2026-03-16 17:00:29 [http-nio-8080-exec-10] INFO  c.c.p.a.c.menu.MenuController - getLeftMenu called with menuNo=50
2026-03-16 17:00:29 [http-nio-8080-exec-10] DEBUG o.s.orm.jpa.JpaTransactionManager - Creating new transaction with name [com.company.project.service.menu.MenuService.getSubMenus]: PROPAGATION_REQUIRED,ISOLATION_DEFAULT,readOnly
2026-03-16 17:00:29 [http-nio-8080-exec-10] DEBUG o.s.orm.jpa.JpaTransactionManager - Opened new EntityManager [SessionImpl(1020362214<open>)] for JPA transaction
2026-03-16 17:00:29 [http-nio-8080-exec-10] DEBUG o.s.orm.jpa.JpaTransactionManager - Exposing JPA transaction as JDBC [org.springframework.orm.jpa.vendor.HibernateJpaDialect$HibernateConnectionHandle@1b2b6a5b]
2026-03-16 17:00:29 [http-nio-8080-exec-10] DEBUG org.hibernate.SQL - select m1_0.menu_no,m1_0.menu_dc,m1_0.menu_nm,m1_0.menu_ordr,m1_0.modern_route,m1_0.progrm_file_nm,m1_0.relate_image_nm,m1_0.relate_image_path,m1_0.route_updated_at,m1_0.upper_menu_no from nmenuinfo m1_0 order by m1_0.upper_menu_no,m1_0.menu_ordr
2026-03-16 17:00:29 [http-nio-8080-exec-10] DEBUG o.s.orm.jpa.JpaTransactionManager - Found thread-bound EntityManager [SessionImpl(1020362214<open>)] for JPA transaction
2026-03-16 17:00:29 [http-nio-8080-exec-10] DEBUG o.s.orm.jpa.JpaTransactionManager - Participating in existing transaction
2026-03-16 17:00:29 [http-nio-8080-exec-10] DEBUG org.hibernate.SQL - select p1_0.progrm_file_nm,p1_0.progrm_dc,p1_0.progrm_korean_nm,p1_0.progrm_stre_path,p1_0.url from nprogrmlist p1_0
2026-03-16 17:00:29 [http-nio-8080-exec-10] DEBUG o.s.orm.jpa.JpaTransactionManager - Initiating transaction commit
2026-03-16 17:00:29 [http-nio-8080-exec-10] DEBUG o.s.orm.jpa.JpaTransactionManager - Committing JPA transaction on EntityManager [SessionImpl(1020362214<open>)]
2026-03-16 17:00:29 [http-nio-8080-exec-10] DEBUG o.s.orm.jpa.JpaTransactionManager - Closing JPA EntityManager [SessionImpl(1020362214<open>)] after transaction
2026-03-16 17:00:29 [http-nio-8080-exec-10] INFO  c.c.p.a.c.menu.MenuController - getLeftMenu returned 3 items
2026-03-16 17:00:29 [http-nio-8080-exec-10] DEBUG o.s.w.s.m.m.a.HttpEntityMethodProcessor - Using 'application/json', given [application/json, text/plain, */*] and supported [application/json, application/*+json, application/yaml]
2026-03-16 17:00:29 [http-nio-8080-exec-10] TRACE o.s.w.s.m.m.a.HttpEntityMethodProcessor - Writing [ApiResponse[success=true, status=200, code=COMMON_001, message=Success, data={list=[com.company.project.service.menu.dto.MenuDto@485c2ce0, com.company.project.service.menu.dto.MenuDto@4fd99c15, com.company.project.service.menu.dto.MenuDto@4408a9ea]}, timestamp=2026-03-16T17:00:29.988170]]
2026-03-16 17:00:29 [http-nio-8080-exec-10] INFO  c.c.p.a.i.OperationalAuditInterceptor - API Audit Log: URL=/api/v1/menu/left, User=webmaster, IP=127.0.0.1
2026-03-16 17:00:29 [http-nio-8080-exec-10] DEBUG o.s.web.servlet.DispatcherServlet - Completed 200 OK
2026-03-16 17:00:30 [http-nio-8080-exec-2] DEBUG c.c.p.s.jwt.JwtAuthenticationFilter - >>> [JwtFilter] Processing request: GET /api/v1/menu/left
2026-03-16 17:00:30 [http-nio-8080-exec-2] DEBUG c.c.p.s.jwt.JwtAuthenticationFilter - >>> [JwtFilter] Found token in header for path: /api/v1/menu/left
2026-03-16 17:00:30 [http-nio-8080-exec-2] DEBUG o.s.orm.jpa.JpaTransactionManager - Creating new transaction with name [com.company.project.security.iam.CustomUserDetailsService.loadUserByUsername]: PROPAGATION_REQUIRED,ISOLATION_DEFAULT,readOnly
2026-03-16 17:00:30 [http-nio-8080-exec-2] DEBUG o.s.orm.jpa.JpaTransactionManager - Opened new EntityManager [SessionImpl(1827926185<open>)] for JPA transaction
2026-03-16 17:00:30 [http-nio-8080-exec-2] DEBUG o.s.orm.jpa.JpaTransactionManager - Exposing JPA transaction as JDBC [org.springframework.orm.jpa.vendor.HibernateJpaDialect$HibernateConnectionHandle@5a0f07f8]
2026-03-16 17:00:30 [http-nio-8080-exec-2] DEBUG o.s.orm.jpa.JpaTransactionManager - Found thread-bound EntityManager [SessionImpl(1827926185<open>)] for JPA transaction
2026-03-16 17:00:30 [http-nio-8080-exec-2] DEBUG o.s.orm.jpa.JpaTransactionManager - Participating in existing transaction
2026-03-16 17:00:30 [http-nio-8080-exec-2] DEBUG org.hibernate.SQL - select u1_0.emplyr_id,u1_0.area_no,u1_0.brthdy,u1_0.chg_pwd_cnt,u1_0.frst_register_id,u1_0.frst_regist_pnttm,u1_0.detail_adres,u1_0.email_adres,u1_0.emplyr_sttus_code,u1_0.empl_no,u1_0.esntl_id,u1_0.fxnum,u1_0.group_id,u1_0.house_adres,u1_0.house_end_telno,u1_0.house_middle_telno,u1_0.ihidnum,u1_0.pstinst_code,u1_0.last_updusr_id,u1_0.last_updt_pnttm,u1_0.lock_at,u1_0.lock_cnt,u1_0.lock_last_pnttm,u1_0.mbtlnum,u1_0.ofcps_nm,u1_0.offm_telno,u1_0.orgnzt_id,u1_0.password,u1_0.password_cnsr,u1_0.password_hint,u1_0.chg_pwd_last_pnttm,u1_0.role,u1_0.sbscrb_de,u1_0.sexdstn_code,u1_0.crtfc_dn_value,u1_0.user_nm,u1_0.zip from nemplyrinfo u1_0 where u1_0.emplyr_id=?
2026-03-16 17:00:30 [http-nio-8080-exec-2] DEBUG o.s.orm.jpa.JpaTransactionManager - Found thread-bound EntityManager [SessionImpl(1827926185<open>)] for JPA transaction
2026-03-16 17:00:30 [http-nio-8080-exec-2] DEBUG o.s.orm.jpa.JpaTransactionManager - Participating in existing transaction
2026-03-16 17:00:30 [http-nio-8080-exec-2] DEBUG org.hibernate.SQL - select ua1_0.scrty_dtrmn_trget_id,ua1_0.author_code,ua1_0.frst_register_id,ua1_0.frst_regist_pnttm,ua1_0.last_updusr_id,ua1_0.last_updt_pnttm,ua1_0.mber_ty_code from nemplyrscrtyestbs ua1_0 where ua1_0.scrty_dtrmn_trget_id=?
2026-03-16 17:00:30 [http-nio-8080-exec-2] DEBUG o.s.orm.jpa.JpaTransactionManager - Initiating transaction commit
2026-03-16 17:00:30 [http-nio-8080-exec-2] DEBUG o.s.orm.jpa.JpaTransactionManager - Committing JPA transaction on EntityManager [SessionImpl(1827926185<open>)]
2026-03-16 17:00:30 [http-nio-8080-exec-2] DEBUG o.s.orm.jpa.JpaTransactionManager - Closing JPA EntityManager [SessionImpl(1827926185<open>)] after transaction
2026-03-16 17:00:30 [http-nio-8080-exec-2] DEBUG c.c.p.s.jwt.JwtAuthenticationFilter - >>> [JwtFilter] Successfully authenticated user: USRCNFRM_99999999999, Authorities: [ROLE_ADMIN]
2026-03-16 17:00:30 [http-nio-8080-exec-2] DEBUG o.s.web.servlet.DispatcherServlet - GET "/api/v1/menu/left?menuNo=60", parameters={masked}
2026-03-16 17:00:30 [http-nio-8080-exec-2] TRACE o.s.w.s.m.m.a.RequestMappingHandlerMapping - Mapped to com.company.project.api.controller.menu.MenuController#getLeftMenu(Long)
2026-03-16 17:00:30 [http-nio-8080-exec-2] INFO  c.c.p.a.c.menu.MenuController - getLeftMenu called with menuNo=60
2026-03-16 17:00:30 [http-nio-8080-exec-2] DEBUG o.s.orm.jpa.JpaTransactionManager - Creating new transaction with name [com.company.project.service.menu.MenuService.getSubMenus]: PROPAGATION_REQUIRED,ISOLATION_DEFAULT,readOnly
2026-03-16 17:00:30 [http-nio-8080-exec-2] DEBUG o.s.orm.jpa.JpaTransactionManager - Opened new EntityManager [SessionImpl(1495849737<open>)] for JPA transaction
2026-03-16 17:00:30 [http-nio-8080-exec-2] DEBUG o.s.orm.jpa.JpaTransactionManager - Exposing JPA transaction as JDBC [org.springframework.orm.jpa.vendor.HibernateJpaDialect$HibernateConnectionHandle@d28fffc]
2026-03-16 17:00:30 [http-nio-8080-exec-2] DEBUG org.hibernate.SQL - select m1_0.menu_no,m1_0.menu_dc,m1_0.menu_nm,m1_0.menu_ordr,m1_0.modern_route,m1_0.progrm_file_nm,m1_0.relate_image_nm,m1_0.relate_image_path,m1_0.route_updated_at,m1_0.upper_menu_no from nmenuinfo m1_0 order by m1_0.upper_menu_no,m1_0.menu_ordr
2026-03-16 17:00:30 [http-nio-8080-exec-2] DEBUG o.s.orm.jpa.JpaTransactionManager - Found thread-bound EntityManager [SessionImpl(1495849737<open>)] for JPA transaction
2026-03-16 17:00:30 [http-nio-8080-exec-2] DEBUG o.s.orm.jpa.JpaTransactionManager - Participating in existing transaction
2026-03-16 17:00:30 [http-nio-8080-exec-2] DEBUG org.hibernate.SQL - select p1_0.progrm_file_nm,p1_0.progrm_dc,p1_0.progrm_korean_nm,p1_0.progrm_stre_path,p1_0.url from nprogrmlist p1_0
2026-03-16 17:00:31 [http-nio-8080-exec-2] DEBUG o.s.orm.jpa.JpaTransactionManager - Initiating transaction commit
2026-03-16 17:00:31 [http-nio-8080-exec-2] DEBUG o.s.orm.jpa.JpaTransactionManager - Committing JPA transaction on EntityManager [SessionImpl(1495849737<open>)]
2026-03-16 17:00:31 [http-nio-8080-exec-2] DEBUG o.s.orm.jpa.JpaTransactionManager - Closing JPA EntityManager [SessionImpl(1495849737<open>)] after transaction
2026-03-16 17:00:31 [http-nio-8080-exec-2] INFO  c.c.p.a.c.menu.MenuController - getLeftMenu returned 1 items
2026-03-16 17:00:31 [http-nio-8080-exec-2] DEBUG o.s.w.s.m.m.a.HttpEntityMethodProcessor - Using 'application/json', given [application/json, text/plain, */*] and supported [application/json, application/*+json, application/yaml]
2026-03-16 17:00:31 [http-nio-8080-exec-2] TRACE o.s.w.s.m.m.a.HttpEntityMethodProcessor - Writing [ApiResponse[success=true, status=200, code=COMMON_001, message=Success, data={list=[com.company.project.service.menu.dto.MenuDto@9f0cc15]}, timestamp=2026-03-16T17:00:31.214217900]]
2026-03-16 17:00:31 [http-nio-8080-exec-2] INFO  c.c.p.a.i.OperationalAuditInterceptor - API Audit Log: URL=/api/v1/menu/left, User=webmaster, IP=127.0.0.1
2026-03-16 17:00:31 [http-nio-8080-exec-2] DEBUG o.s.web.servlet.DispatcherServlet - Completed 200 OK
2026-03-16 17:00:31 [MessageBroker-4] DEBUG o.s.w.s.s.t.h.DefaultSockJsService - Closed 1 sessions: [oaquazum]
2026-03-16 17:00:31 [http-nio-8080-exec-1] DEBUG o.s.w.s.h.LoggingWebSocketHandlerDecorator - WebSocketServerSockJsSession[id=3igxmntd] closed with CloseStatus[code=1001, reason=null]
2026-03-16 17:00:31 [http-nio-8080-exec-1] DEBUG o.s.w.s.m.SubProtocolWebSocketHandler - Clearing session 3igxmntd
2026-03-16 17:00:31 [scheduling-1] DEBUG org.springframework.web.SimpLogging - Processing DISCONNECT session=3igxmntd
2026-03-16 17:00:31 [scheduling-1] DEBUG o.s.w.s.m.SubProtocolWebSocketHandler - No session for GenericMessage [payload=byte[0], headers={simpMessageType=DISCONNECT_ACK, simpDisconnectMessage=GenericMessage [payload=byte[0], headers={simpMessageType=DISCONNECT, stompCommand=DISCONNECT, simpSessionAttributes={org.springframework.messaging.simp.SimpAttributes.COMPLETED=true}, simpSessionId=3igxmntd}], simpSessionId=3igxmntd}]
2026-03-16 17:00:31 [http-nio-8080-exec-5] DEBUG c.c.p.s.jwt.JwtAuthenticationFilter - >>> [JwtFilter] Processing request: GET /api/v1/menu/head
2026-03-16 17:00:31 [http-nio-8080-exec-5] DEBUG c.c.p.s.jwt.JwtAuthenticationFilter - >>> [JwtFilter] Found token in header for path: /api/v1/menu/head
2026-03-16 17:00:32 [http-nio-8080-exec-5] DEBUG o.s.orm.jpa.JpaTransactionManager - Creating new transaction with name [com.company.project.security.iam.CustomUserDetailsService.loadUserByUsername]: PROPAGATION_REQUIRED,ISOLATION_DEFAULT,readOnly
2026-03-16 17:00:32 [http-nio-8080-exec-5] DEBUG o.s.orm.jpa.JpaTransactionManager - Opened new EntityManager [SessionImpl(979064347<open>)] for JPA transaction
2026-03-16 17:00:32 [http-nio-8080-exec-5] DEBUG o.s.orm.jpa.JpaTransactionManager - Exposing JPA transaction as JDBC [org.springframework.orm.jpa.vendor.HibernateJpaDialect$HibernateConnectionHandle@7e64a788]
2026-03-16 17:00:32 [http-nio-8080-exec-5] DEBUG o.s.orm.jpa.JpaTransactionManager - Found thread-bound EntityManager [SessionImpl(979064347<open>)] for JPA transaction
2026-03-16 17:00:32 [http-nio-8080-exec-5] DEBUG o.s.orm.jpa.JpaTransactionManager - Participating in existing transaction
2026-03-16 17:00:32 [http-nio-8080-exec-5] DEBUG org.hibernate.SQL - select u1_0.emplyr_id,u1_0.area_no,u1_0.brthdy,u1_0.chg_pwd_cnt,u1_0.frst_register_id,u1_0.frst_regist_pnttm,u1_0.detail_adres,u1_0.email_adres,u1_0.emplyr_sttus_code,u1_0.empl_no,u1_0.esntl_id,u1_0.fxnum,u1_0.group_id,u1_0.house_adres,u1_0.house_end_telno,u1_0.house_middle_telno,u1_0.ihidnum,u1_0.pstinst_code,u1_0.last_updusr_id,u1_0.last_updt_pnttm,u1_0.lock_at,u1_0.lock_cnt,u1_0.lock_last_pnttm,u1_0.mbtlnum,u1_0.ofcps_nm,u1_0.offm_telno,u1_0.orgnzt_id,u1_0.password,u1_0.password_cnsr,u1_0.password_hint,u1_0.chg_pwd_last_pnttm,u1_0.role,u1_0.sbscrb_de,u1_0.sexdstn_code,u1_0.crtfc_dn_value,u1_0.user_nm,u1_0.zip from nemplyrinfo u1_0 where u1_0.emplyr_id=?
2026-03-16 17:00:32 [http-nio-8080-exec-5] DEBUG o.s.orm.jpa.JpaTransactionManager - Found thread-bound EntityManager [SessionImpl(979064347<open>)] for JPA transaction
2026-03-16 17:00:32 [http-nio-8080-exec-5] DEBUG o.s.orm.jpa.JpaTransactionManager - Participating in existing transaction
2026-03-16 17:00:32 [http-nio-8080-exec-5] DEBUG org.hibernate.SQL - select ua1_0.scrty_dtrmn_trget_id,ua1_0.author_code,ua1_0.frst_register_id,ua1_0.frst_regist_pnttm,ua1_0.last_updusr_id,ua1_0.last_updt_pnttm,ua1_0.mber_ty_code from nemplyrscrtyestbs ua1_0 where ua1_0.scrty_dtrmn_trget_id=?
2026-03-16 17:00:32 [http-nio-8080-exec-5] DEBUG o.s.orm.jpa.JpaTransactionManager - Initiating transaction commit
2026-03-16 17:00:32 [http-nio-8080-exec-5] DEBUG o.s.orm.jpa.JpaTransactionManager - Committing JPA transaction on EntityManager [SessionImpl(979064347<open>)]
2026-03-16 17:00:32 [http-nio-8080-exec-5] DEBUG o.s.orm.jpa.JpaTransactionManager - Closing JPA EntityManager [SessionImpl(979064347<open>)] after transaction
2026-03-16 17:00:32 [http-nio-8080-exec-5] DEBUG c.c.p.s.jwt.JwtAuthenticationFilter - >>> [JwtFilter] Successfully authenticated user: USRCNFRM_99999999999, Authorities: [ROLE_ADMIN]
2026-03-16 17:00:32 [http-nio-8080-exec-5] DEBUG o.s.web.servlet.DispatcherServlet - GET "/api/v1/menu/head", parameters={}
2026-03-16 17:00:32 [http-nio-8080-exec-5] TRACE o.s.w.s.m.m.a.RequestMappingHandlerMapping - Mapped to com.company.project.api.controller.menu.MenuController#getHeadMenu()
2026-03-16 17:00:32 [http-nio-8080-exec-5] INFO  c.c.p.a.c.menu.MenuController - getHeadMenu called
2026-03-16 17:00:32 [http-nio-8080-exec-5] INFO  c.c.p.a.c.menu.MenuController - getHeadMenu returned 5 items
2026-03-16 17:00:32 [http-nio-8080-exec-5] DEBUG o.s.w.s.m.m.a.HttpEntityMethodProcessor - Using 'application/json', given [application/json, text/plain, */*] and supported [application/json, application/*+json, application/yaml]
2026-03-16 17:00:32 [http-nio-8080-exec-5] TRACE o.s.w.s.m.m.a.HttpEntityMethodProcessor - Writing [ApiResponse[success=true, status=200, code=COMMON_001, message=Success, data={list=[com.company.project.service.menu.dto.MenuDto@2b80d6b0, com.company.project.service.menu.dto.MenuDto@1418cfa3, com.company.project.service.menu.dto.MenuDto@f230bf1, com.company.project.service.menu.dto.MenuDto@734a7f6a, com.company.project.service.menu.dto.MenuDto@5e5202e5]}, timestamp=2026-03-16T17:00:32.626105400]]
2026-03-16 17:00:32 [http-nio-8080-exec-5] INFO  c.c.p.a.i.OperationalAuditInterceptor - API Audit Log: URL=/api/v1/menu/head, User=webmaster, IP=0:0:0:0:0:0:0:1
2026-03-16 17:00:32 [http-nio-8080-exec-5] DEBUG o.s.web.servlet.DispatcherServlet - Completed 200 OK
2026-03-16 17:00:32 [http-nio-8080-exec-3] DEBUG c.c.p.s.jwt.JwtAuthenticationFilter - >>> [JwtFilter] Processing request: GET /api/v1/menu/left
2026-03-16 17:00:32 [http-nio-8080-exec-3] DEBUG c.c.p.s.jwt.JwtAuthenticationFilter - >>> [JwtFilter] Found token in header for path: /api/v1/menu/left
2026-03-16 17:00:32 [http-nio-8080-exec-3] DEBUG o.s.orm.jpa.JpaTransactionManager - Creating new transaction with name [com.company.project.security.iam.CustomUserDetailsService.loadUserByUsername]: PROPAGATION_REQUIRED,ISOLATION_DEFAULT,readOnly
2026-03-16 17:00:32 [http-nio-8080-exec-3] DEBUG o.s.orm.jpa.JpaTransactionManager - Opened new EntityManager [SessionImpl(968761425<open>)] for JPA transaction
2026-03-16 17:00:32 [http-nio-8080-exec-9] DEBUG c.c.p.s.jwt.JwtAuthenticationFilter - >>> [JwtFilter] Processing request: GET /api/v1/menu/left
2026-03-16 17:00:32 [http-nio-8080-exec-7] DEBUG c.c.p.s.jwt.JwtAuthenticationFilter - >>> [JwtFilter] Processing request: GET /api/v1/menu/left
2026-03-16 17:00:32 [http-nio-8080-exec-9] DEBUG c.c.p.s.jwt.JwtAuthenticationFilter - >>> [JwtFilter] Found token in header for path: /api/v1/menu/left
2026-03-16 17:00:32 [http-nio-8080-exec-8] DEBUG c.c.p.s.jwt.JwtAuthenticationFilter - >>> [JwtFilter] Processing request: GET /api/v1/menu/left
2026-03-16 17:00:32 [http-nio-8080-exec-6] DEBUG c.c.p.s.jwt.JwtAuthenticationFilter - >>> [JwtFilter] Processing request: GET /api/v1/menu/left
2026-03-16 17:00:32 [http-nio-8080-exec-6] DEBUG c.c.p.s.jwt.JwtAuthenticationFilter - >>> [JwtFilter] Found token in header for path: /api/v1/menu/left
2026-03-16 17:00:32 [http-nio-8080-exec-8] DEBUG c.c.p.s.jwt.JwtAuthenticationFilter - >>> [JwtFilter] Found token in header for path: /api/v1/menu/left
2026-03-16 17:00:32 [http-nio-8080-exec-7] DEBUG c.c.p.s.jwt.JwtAuthenticationFilter - >>> [JwtFilter] Found token in header for path: /api/v1/menu/left
2026-03-16 17:00:32 [http-nio-8080-exec-9] DEBUG o.s.orm.jpa.JpaTransactionManager - Creating new transaction with name [com.company.project.security.iam.CustomUserDetailsService.loadUserByUsername]: PROPAGATION_REQUIRED,ISOLATION_DEFAULT,readOnly
2026-03-16 17:00:32 [http-nio-8080-exec-9] DEBUG o.s.orm.jpa.JpaTransactionManager - Opened new EntityManager [SessionImpl(1977182972<open>)] for JPA transaction
2026-03-16 17:00:32 [http-nio-8080-exec-7] DEBUG o.s.orm.jpa.JpaTransactionManager - Creating new transaction with name [com.company.project.security.iam.CustomUserDetailsService.loadUserByUsername]: PROPAGATION_REQUIRED,ISOLATION_DEFAULT,readOnly
2026-03-16 17:00:32 [http-nio-8080-exec-7] DEBUG o.s.orm.jpa.JpaTransactionManager - Opened new EntityManager [SessionImpl(776823967<open>)] for JPA transaction
2026-03-16 17:00:32 [http-nio-8080-exec-6] DEBUG o.s.orm.jpa.JpaTransactionManager - Creating new transaction with name [com.company.project.security.iam.CustomUserDetailsService.loadUserByUsername]: PROPAGATION_REQUIRED,ISOLATION_DEFAULT,readOnly
2026-03-16 17:00:32 [http-nio-8080-exec-6] DEBUG o.s.orm.jpa.JpaTransactionManager - Opened new EntityManager [SessionImpl(2005304395<open>)] for JPA transaction
2026-03-16 17:00:32 [http-nio-8080-exec-8] DEBUG o.s.orm.jpa.JpaTransactionManager - Creating new transaction with name [com.company.project.security.iam.CustomUserDetailsService.loadUserByUsername]: PROPAGATION_REQUIRED,ISOLATION_DEFAULT,readOnly
2026-03-16 17:00:32 [http-nio-8080-exec-8] DEBUG o.s.orm.jpa.JpaTransactionManager - Opened new EntityManager [SessionImpl(1124721988<open>)] for JPA transaction
2026-03-16 17:00:32 [http-nio-8080-exec-9] DEBUG o.s.orm.jpa.JpaTransactionManager - Exposing JPA transaction as JDBC [org.springframework.orm.jpa.vendor.HibernateJpaDialect$HibernateConnectionHandle@3a29f2b9]
2026-03-16 17:00:32 [http-nio-8080-exec-9] DEBUG o.s.orm.jpa.JpaTransactionManager - Found thread-bound EntityManager [SessionImpl(1977182972<open>)] for JPA transaction
2026-03-16 17:00:32 [http-nio-8080-exec-9] DEBUG o.s.orm.jpa.JpaTransactionManager - Participating in existing transaction
2026-03-16 17:00:32 [http-nio-8080-exec-9] DEBUG org.hibernate.SQL - select u1_0.emplyr_id,u1_0.area_no,u1_0.brthdy,u1_0.chg_pwd_cnt,u1_0.frst_register_id,u1_0.frst_regist_pnttm,u1_0.detail_adres,u1_0.email_adres,u1_0.emplyr_sttus_code,u1_0.empl_no,u1_0.esntl_id,u1_0.fxnum,u1_0.group_id,u1_0.house_adres,u1_0.house_end_telno,u1_0.house_middle_telno,u1_0.ihidnum,u1_0.pstinst_code,u1_0.last_updusr_id,u1_0.last_updt_pnttm,u1_0.lock_at,u1_0.lock_cnt,u1_0.lock_last_pnttm,u1_0.mbtlnum,u1_0.ofcps_nm,u1_0.offm_telno,u1_0.orgnzt_id,u1_0.password,u1_0.password_cnsr,u1_0.password_hint,u1_0.chg_pwd_last_pnttm,u1_0.role,u1_0.sbscrb_de,u1_0.sexdstn_code,u1_0.crtfc_dn_value,u1_0.user_nm,u1_0.zip from nemplyrinfo u1_0 where u1_0.emplyr_id=?
2026-03-16 17:00:32 [http-nio-8080-exec-3] DEBUG o.s.orm.jpa.JpaTransactionManager - Exposing JPA transaction as JDBC [org.springframework.orm.jpa.vendor.HibernateJpaDialect$HibernateConnectionHandle@7263a614]
2026-03-16 17:00:32 [http-nio-8080-exec-3] DEBUG o.s.orm.jpa.JpaTransactionManager - Found thread-bound EntityManager [SessionImpl(968761425<open>)] for JPA transaction
2026-03-16 17:00:32 [http-nio-8080-exec-3] DEBUG o.s.orm.jpa.JpaTransactionManager - Participating in existing transaction
2026-03-16 17:00:32 [http-nio-8080-exec-3] DEBUG org.hibernate.SQL - select u1_0.emplyr_id,u1_0.area_no,u1_0.brthdy,u1_0.chg_pwd_cnt,u1_0.frst_register_id,u1_0.frst_regist_pnttm,u1_0.detail_adres,u1_0.email_adres,u1_0.emplyr_sttus_code,u1_0.empl_no,u1_0.esntl_id,u1_0.fxnum,u1_0.group_id,u1_0.house_adres,u1_0.house_end_telno,u1_0.house_middle_telno,u1_0.ihidnum,u1_0.pstinst_code,u1_0.last_updusr_id,u1_0.last_updt_pnttm,u1_0.lock_at,u1_0.lock_cnt,u1_0.lock_last_pnttm,u1_0.mbtlnum,u1_0.ofcps_nm,u1_0.offm_telno,u1_0.orgnzt_id,u1_0.password,u1_0.password_cnsr,u1_0.password_hint,u1_0.chg_pwd_last_pnttm,u1_0.role,u1_0.sbscrb_de,u1_0.sexdstn_code,u1_0.crtfc_dn_value,u1_0.user_nm,u1_0.zip from nemplyrinfo u1_0 where u1_0.emplyr_id=?
2026-03-16 17:00:32 [http-nio-8080-exec-7] DEBUG o.s.orm.jpa.JpaTransactionManager - Exposing JPA transaction as JDBC [org.springframework.orm.jpa.vendor.HibernateJpaDialect$HibernateConnectionHandle@6499c99c]
2026-03-16 17:00:32 [http-nio-8080-exec-7] DEBUG o.s.orm.jpa.JpaTransactionManager - Found thread-bound EntityManager [SessionImpl(776823967<open>)] for JPA transaction
2026-03-16 17:00:32 [http-nio-8080-exec-7] DEBUG o.s.orm.jpa.JpaTransactionManager - Participating in existing transaction
2026-03-16 17:00:32 [http-nio-8080-exec-8] DEBUG o.s.orm.jpa.JpaTransactionManager - Exposing JPA transaction as JDBC [org.springframework.orm.jpa.vendor.HibernateJpaDialect$HibernateConnectionHandle@3d68038a]
2026-03-16 17:00:32 [http-nio-8080-exec-7] DEBUG org.hibernate.SQL - select u1_0.emplyr_id,u1_0.area_no,u1_0.brthdy,u1_0.chg_pwd_cnt,u1_0.frst_register_id,u1_0.frst_regist_pnttm,u1_0.detail_adres,u1_0.email_adres,u1_0.emplyr_sttus_code,u1_0.empl_no,u1_0.esntl_id,u1_0.fxnum,u1_0.group_id,u1_0.house_adres,u1_0.house_end_telno,u1_0.house_middle_telno,u1_0.ihidnum,u1_0.pstinst_code,u1_0.last_updusr_id,u1_0.last_updt_pnttm,u1_0.lock_at,u1_0.lock_cnt,u1_0.lock_last_pnttm,u1_0.mbtlnum,u1_0.ofcps_nm,u1_0.offm_telno,u1_0.orgnzt_id,u1_0.password,u1_0.password_cnsr,u1_0.password_hint,u1_0.chg_pwd_last_pnttm,u1_0.role,u1_0.sbscrb_de,u1_0.sexdstn_code,u1_0.crtfc_dn_value,u1_0.user_nm,u1_0.zip from nemplyrinfo u1_0 where u1_0.emplyr_id=?
2026-03-16 17:00:32 [http-nio-8080-exec-8] DEBUG o.s.orm.jpa.JpaTransactionManager - Found thread-bound EntityManager [SessionImpl(1124721988<open>)] for JPA transaction
2026-03-16 17:00:32 [http-nio-8080-exec-8] DEBUG o.s.orm.jpa.JpaTransactionManager - Participating in existing transaction
2026-03-16 17:00:32 [http-nio-8080-exec-6] DEBUG o.s.orm.jpa.JpaTransactionManager - Exposing JPA transaction as JDBC [org.springframework.orm.jpa.vendor.HibernateJpaDialect$HibernateConnectionHandle@3451a78b]
2026-03-16 17:00:32 [http-nio-8080-exec-8] DEBUG org.hibernate.SQL - select u1_0.emplyr_id,u1_0.area_no,u1_0.brthdy,u1_0.chg_pwd_cnt,u1_0.frst_register_id,u1_0.frst_regist_pnttm,u1_0.detail_adres,u1_0.email_adres,u1_0.emplyr_sttus_code,u1_0.empl_no,u1_0.esntl_id,u1_0.fxnum,u1_0.group_id,u1_0.house_adres,u1_0.house_end_telno,u1_0.house_middle_telno,u1_0.ihidnum,u1_0.pstinst_code,u1_0.last_updusr_id,u1_0.last_updt_pnttm,u1_0.lock_at,u1_0.lock_cnt,u1_0.lock_last_pnttm,u1_0.mbtlnum,u1_0.ofcps_nm,u1_0.offm_telno,u1_0.orgnzt_id,u1_0.password,u1_0.password_cnsr,u1_0.password_hint,u1_0.chg_pwd_last_pnttm,u1_0.role,u1_0.sbscrb_de,u1_0.sexdstn_code,u1_0.crtfc_dn_value,u1_0.user_nm,u1_0.zip from nemplyrinfo u1_0 where u1_0.emplyr_id=?
2026-03-16 17:00:32 [http-nio-8080-exec-6] DEBUG o.s.orm.jpa.JpaTransactionManager - Found thread-bound EntityManager [SessionImpl(2005304395<open>)] for JPA transaction
2026-03-16 17:00:32 [http-nio-8080-exec-6] DEBUG o.s.orm.jpa.JpaTransactionManager - Participating in existing transaction
2026-03-16 17:00:32 [http-nio-8080-exec-6] DEBUG org.hibernate.SQL - select u1_0.emplyr_id,u1_0.area_no,u1_0.brthdy,u1_0.chg_pwd_cnt,u1_0.frst_register_id,u1_0.frst_regist_pnttm,u1_0.detail_adres,u1_0.email_adres,u1_0.emplyr_sttus_code,u1_0.empl_no,u1_0.esntl_id,u1_0.fxnum,u1_0.group_id,u1_0.house_adres,u1_0.house_end_telno,u1_0.house_middle_telno,u1_0.ihidnum,u1_0.pstinst_code,u1_0.last_updusr_id,u1_0.last_updt_pnttm,u1_0.lock_at,u1_0.lock_cnt,u1_0.lock_last_pnttm,u1_0.mbtlnum,u1_0.ofcps_nm,u1_0.offm_telno,u1_0.orgnzt_id,u1_0.password,u1_0.password_cnsr,u1_0.password_hint,u1_0.chg_pwd_last_pnttm,u1_0.role,u1_0.sbscrb_de,u1_0.sexdstn_code,u1_0.crtfc_dn_value,u1_0.user_nm,u1_0.zip from nemplyrinfo u1_0 where u1_0.emplyr_id=?
2026-03-16 17:00:32 [http-nio-8080-exec-9] DEBUG o.s.orm.jpa.JpaTransactionManager - Found thread-bound EntityManager [SessionImpl(1977182972<open>)] for JPA transaction
2026-03-16 17:00:32 [http-nio-8080-exec-9] DEBUG o.s.orm.jpa.JpaTransactionManager - Participating in existing transaction
2026-03-16 17:00:32 [http-nio-8080-exec-9] DEBUG org.hibernate.SQL - select ua1_0.scrty_dtrmn_trget_id,ua1_0.author_code,ua1_0.frst_register_id,ua1_0.frst_regist_pnttm,ua1_0.last_updusr_id,ua1_0.last_updt_pnttm,ua1_0.mber_ty_code from nemplyrscrtyestbs ua1_0 where ua1_0.scrty_dtrmn_trget_id=?
2026-03-16 17:00:32 [http-nio-8080-exec-3] DEBUG o.s.orm.jpa.JpaTransactionManager - Found thread-bound EntityManager [SessionImpl(968761425<open>)] for JPA transaction
2026-03-16 17:00:32 [http-nio-8080-exec-7] DEBUG o.s.orm.jpa.JpaTransactionManager - Found thread-bound EntityManager [SessionImpl(776823967<open>)] for JPA transaction
2026-03-16 17:00:32 [http-nio-8080-exec-6] DEBUG o.s.orm.jpa.JpaTransactionManager - Found thread-bound EntityManager [SessionImpl(2005304395<open>)] for JPA transaction
2026-03-16 17:00:32 [http-nio-8080-exec-8] DEBUG o.s.orm.jpa.JpaTransactionManager - Found thread-bound EntityManager [SessionImpl(1124721988<open>)] for JPA transaction
2026-03-16 17:00:32 [http-nio-8080-exec-3] DEBUG o.s.orm.jpa.JpaTransactionManager - Participating in existing transaction
2026-03-16 17:00:32 [http-nio-8080-exec-7] DEBUG o.s.orm.jpa.JpaTransactionManager - Participating in existing transaction
2026-03-16 17:00:32 [http-nio-8080-exec-7] DEBUG org.hibernate.SQL - select ua1_0.scrty_dtrmn_trget_id,ua1_0.author_code,ua1_0.frst_register_id,ua1_0.frst_regist_pnttm,ua1_0.last_updusr_id,ua1_0.last_updt_pnttm,ua1_0.mber_ty_code from nemplyrscrtyestbs ua1_0 where ua1_0.scrty_dtrmn_trget_id=?
2026-03-16 17:00:32 [http-nio-8080-exec-6] DEBUG o.s.orm.jpa.JpaTransactionManager - Participating in existing transaction
2026-03-16 17:00:32 [http-nio-8080-exec-6] DEBUG org.hibernate.SQL - select ua1_0.scrty_dtrmn_trget_id,ua1_0.author_code,ua1_0.frst_register_id,ua1_0.frst_regist_pnttm,ua1_0.last_updusr_id,ua1_0.last_updt_pnttm,ua1_0.mber_ty_code from nemplyrscrtyestbs ua1_0 where ua1_0.scrty_dtrmn_trget_id=?
2026-03-16 17:00:32 [http-nio-8080-exec-3] DEBUG org.hibernate.SQL - select ua1_0.scrty_dtrmn_trget_id,ua1_0.author_code,ua1_0.frst_register_id,ua1_0.frst_regist_pnttm,ua1_0.last_updusr_id,ua1_0.last_updt_pnttm,ua1_0.mber_ty_code from nemplyrscrtyestbs ua1_0 where ua1_0.scrty_dtrmn_trget_id=?
2026-03-16 17:00:32 [http-nio-8080-exec-8] DEBUG o.s.orm.jpa.JpaTransactionManager - Participating in existing transaction
2026-03-16 17:00:32 [http-nio-8080-exec-8] DEBUG org.hibernate.SQL - select ua1_0.scrty_dtrmn_trget_id,ua1_0.author_code,ua1_0.frst_register_id,ua1_0.frst_regist_pnttm,ua1_0.last_updusr_id,ua1_0.last_updt_pnttm,ua1_0.mber_ty_code from nemplyrscrtyestbs ua1_0 where ua1_0.scrty_dtrmn_trget_id=?
2026-03-16 17:00:33 [http-nio-8080-exec-9] DEBUG o.s.orm.jpa.JpaTransactionManager - Initiating transaction commit
2026-03-16 17:00:33 [http-nio-8080-exec-9] DEBUG o.s.orm.jpa.JpaTransactionManager - Committing JPA transaction on EntityManager [SessionImpl(1977182972<open>)]
2026-03-16 17:00:33 [http-nio-8080-exec-7] DEBUG o.s.orm.jpa.JpaTransactionManager - Initiating transaction commit
2026-03-16 17:00:33 [http-nio-8080-exec-6] DEBUG o.s.orm.jpa.JpaTransactionManager - Initiating transaction commit
2026-03-16 17:00:33 [http-nio-8080-exec-3] DEBUG o.s.orm.jpa.JpaTransactionManager - Initiating transaction commit
2026-03-16 17:00:33 [http-nio-8080-exec-7] DEBUG o.s.orm.jpa.JpaTransactionManager - Committing JPA transaction on EntityManager [SessionImpl(776823967<open>)]
2026-03-16 17:00:33 [http-nio-8080-exec-6] DEBUG o.s.orm.jpa.JpaTransactionManager - Committing JPA transaction on EntityManager [SessionImpl(2005304395<open>)]
2026-03-16 17:00:33 [http-nio-8080-exec-3] DEBUG o.s.orm.jpa.JpaTransactionManager - Committing JPA transaction on EntityManager [SessionImpl(968761425<open>)]
2026-03-16 17:00:33 [http-nio-8080-exec-8] DEBUG o.s.orm.jpa.JpaTransactionManager - Initiating transaction commit
2026-03-16 17:00:33 [http-nio-8080-exec-8] DEBUG o.s.orm.jpa.JpaTransactionManager - Committing JPA transaction on EntityManager [SessionImpl(1124721988<open>)]
2026-03-16 17:00:33 [http-nio-8080-exec-9] DEBUG o.s.orm.jpa.JpaTransactionManager - Closing JPA EntityManager [SessionImpl(1977182972<open>)] after transaction
2026-03-16 17:00:33 [http-nio-8080-exec-9] DEBUG c.c.p.s.jwt.JwtAuthenticationFilter - >>> [JwtFilter] Successfully authenticated user: USRCNFRM_99999999999, Authorities: [ROLE_ADMIN]
2026-03-16 17:00:33 [http-nio-8080-exec-9] DEBUG o.s.web.servlet.DispatcherServlet - GET "/api/v1/menu/left?menuNo=20", parameters={masked}
2026-03-16 17:00:33 [http-nio-8080-exec-9] TRACE o.s.w.s.m.m.a.RequestMappingHandlerMapping - Mapped to com.company.project.api.controller.menu.MenuController#getLeftMenu(Long)
2026-03-16 17:00:33 [http-nio-8080-exec-9] INFO  c.c.p.a.c.menu.MenuController - getLeftMenu called with menuNo=20
2026-03-16 17:00:33 [http-nio-8080-exec-9] DEBUG o.s.orm.jpa.JpaTransactionManager - Creating new transaction with name [com.company.project.service.menu.MenuService.getSubMenus]: PROPAGATION_REQUIRED,ISOLATION_DEFAULT,readOnly
2026-03-16 17:00:33 [http-nio-8080-exec-9] DEBUG o.s.orm.jpa.JpaTransactionManager - Opened new EntityManager [SessionImpl(1212624578<open>)] for JPA transaction
2026-03-16 17:00:33 [http-nio-8080-exec-9] DEBUG o.s.orm.jpa.JpaTransactionManager - Exposing JPA transaction as JDBC [org.springframework.orm.jpa.vendor.HibernateJpaDialect$HibernateConnectionHandle@35c894b2]
2026-03-16 17:00:33 [http-nio-8080-exec-9] DEBUG org.hibernate.SQL - select m1_0.menu_no,m1_0.menu_dc,m1_0.menu_nm,m1_0.menu_ordr,m1_0.modern_route,m1_0.progrm_file_nm,m1_0.relate_image_nm,m1_0.relate_image_path,m1_0.route_updated_at,m1_0.upper_menu_no from nmenuinfo m1_0 order by m1_0.upper_menu_no,m1_0.menu_ordr
2026-03-16 17:00:33 [http-nio-8080-exec-7] DEBUG o.s.orm.jpa.JpaTransactionManager - Closing JPA EntityManager [SessionImpl(776823967<open>)] after transaction
2026-03-16 17:00:33 [http-nio-8080-exec-6] DEBUG o.s.orm.jpa.JpaTransactionManager - Closing JPA EntityManager [SessionImpl(2005304395<open>)] after transaction
2026-03-16 17:00:33 [http-nio-8080-exec-8] DEBUG o.s.orm.jpa.JpaTransactionManager - Closing JPA EntityManager [SessionImpl(1124721988<open>)] after transaction
2026-03-16 17:00:33 [http-nio-8080-exec-3] DEBUG o.s.orm.jpa.JpaTransactionManager - Closing JPA EntityManager [SessionImpl(968761425<open>)] after transaction
2026-03-16 17:00:33 [http-nio-8080-exec-7] DEBUG c.c.p.s.jwt.JwtAuthenticationFilter - >>> [JwtFilter] Successfully authenticated user: USRCNFRM_99999999999, Authorities: [ROLE_ADMIN]
2026-03-16 17:00:33 [http-nio-8080-exec-6] DEBUG c.c.p.s.jwt.JwtAuthenticationFilter - >>> [JwtFilter] Successfully authenticated user: USRCNFRM_99999999999, Authorities: [ROLE_ADMIN]
2026-03-16 17:00:33 [http-nio-8080-exec-8] DEBUG c.c.p.s.jwt.JwtAuthenticationFilter - >>> [JwtFilter] Successfully authenticated user: USRCNFRM_99999999999, Authorities: [ROLE_ADMIN]
2026-03-16 17:00:33 [http-nio-8080-exec-3] DEBUG c.c.p.s.jwt.JwtAuthenticationFilter - >>> [JwtFilter] Successfully authenticated user: USRCNFRM_99999999999, Authorities: [ROLE_ADMIN]
2026-03-16 17:00:33 [http-nio-8080-exec-7] DEBUG o.s.web.servlet.DispatcherServlet - GET "/api/v1/menu/left?menuNo=40", parameters={masked}
2026-03-16 17:00:33 [http-nio-8080-exec-8] DEBUG o.s.web.servlet.DispatcherServlet - GET "/api/v1/menu/left?menuNo=60", parameters={masked}
2026-03-16 17:00:33 [http-nio-8080-exec-6] DEBUG o.s.web.servlet.DispatcherServlet - GET "/api/v1/menu/left?menuNo=50", parameters={masked}
2026-03-16 17:00:33 [http-nio-8080-exec-3] DEBUG o.s.web.servlet.DispatcherServlet - GET "/api/v1/menu/left?menuNo=10", parameters={masked}
2026-03-16 17:00:33 [http-nio-8080-exec-7] TRACE o.s.w.s.m.m.a.RequestMappingHandlerMapping - Mapped to com.company.project.api.controller.menu.MenuController#getLeftMenu(Long)
2026-03-16 17:00:33 [http-nio-8080-exec-8] TRACE o.s.w.s.m.m.a.RequestMappingHandlerMapping - Mapped to com.company.project.api.controller.menu.MenuController#getLeftMenu(Long)
2026-03-16 17:00:33 [http-nio-8080-exec-6] TRACE o.s.w.s.m.m.a.RequestMappingHandlerMapping - Mapped to com.company.project.api.controller.menu.MenuController#getLeftMenu(Long)
2026-03-16 17:00:33 [http-nio-8080-exec-3] TRACE o.s.w.s.m.m.a.RequestMappingHandlerMapping - Mapped to com.company.project.api.controller.menu.MenuController#getLeftMenu(Long)
2026-03-16 17:00:33 [http-nio-8080-exec-7] INFO  c.c.p.a.c.menu.MenuController - getLeftMenu called with menuNo=40
2026-03-16 17:00:33 [http-nio-8080-exec-8] INFO  c.c.p.a.c.menu.MenuController - getLeftMenu called with menuNo=60
2026-03-16 17:00:33 [http-nio-8080-exec-7] DEBUG o.s.orm.jpa.JpaTransactionManager - Creating new transaction with name [com.company.project.service.menu.MenuService.getSubMenus]: PROPAGATION_REQUIRED,ISOLATION_DEFAULT,readOnly
2026-03-16 17:00:33 [http-nio-8080-exec-3] INFO  c.c.p.a.c.menu.MenuController - getLeftMenu called with menuNo=10
2026-03-16 17:00:33 [http-nio-8080-exec-8] DEBUG o.s.orm.jpa.JpaTransactionManager - Creating new transaction with name [com.company.project.service.menu.MenuService.getSubMenus]: PROPAGATION_REQUIRED,ISOLATION_DEFAULT,readOnly
2026-03-16 17:00:33 [http-nio-8080-exec-7] DEBUG o.s.orm.jpa.JpaTransactionManager - Opened new EntityManager [SessionImpl(198327224<open>)] for JPA transaction
2026-03-16 17:00:33 [http-nio-8080-exec-6] INFO  c.c.p.a.c.menu.MenuController - getLeftMenu called with menuNo=50
2026-03-16 17:00:33 [http-nio-8080-exec-7] DEBUG o.s.orm.jpa.JpaTransactionManager - Exposing JPA transaction as JDBC [org.springframework.orm.jpa.vendor.HibernateJpaDialect$HibernateConnectionHandle@64e0e39f]
2026-03-16 17:00:33 [http-nio-8080-exec-3] DEBUG o.s.orm.jpa.JpaTransactionManager - Creating new transaction with name [com.company.project.service.menu.MenuService.getSubMenus]: PROPAGATION_REQUIRED,ISOLATION_DEFAULT,readOnly
2026-03-16 17:00:33 [http-nio-8080-exec-6] DEBUG o.s.orm.jpa.JpaTransactionManager - Creating new transaction with name [com.company.project.service.menu.MenuService.getSubMenus]: PROPAGATION_REQUIRED,ISOLATION_DEFAULT,readOnly
2026-03-16 17:00:33 [http-nio-8080-exec-3] DEBUG o.s.orm.jpa.JpaTransactionManager - Opened new EntityManager [SessionImpl(2084964448<open>)] for JPA transaction
2026-03-16 17:00:33 [http-nio-8080-exec-3] DEBUG o.s.orm.jpa.JpaTransactionManager - Exposing JPA transaction as JDBC [org.springframework.orm.jpa.vendor.HibernateJpaDialect$HibernateConnectionHandle@586fa275]
2026-03-16 17:00:33 [http-nio-8080-exec-6] DEBUG o.s.orm.jpa.JpaTransactionManager - Opened new EntityManager [SessionImpl(1859408366<open>)] for JPA transaction
2026-03-16 17:00:33 [http-nio-8080-exec-8] DEBUG o.s.orm.jpa.JpaTransactionManager - Opened new EntityManager [SessionImpl(1768491002<open>)] for JPA transaction
2026-03-16 17:00:33 [http-nio-8080-exec-8] DEBUG o.s.orm.jpa.JpaTransactionManager - Exposing JPA transaction as JDBC [org.springframework.orm.jpa.vendor.HibernateJpaDialect$HibernateConnectionHandle@50ea659]
2026-03-16 17:00:33 [http-nio-8080-exec-6] DEBUG o.s.orm.jpa.JpaTransactionManager - Exposing JPA transaction as JDBC [org.springframework.orm.jpa.vendor.HibernateJpaDialect$HibernateConnectionHandle@7880fb08]
2026-03-16 17:00:33 [http-nio-8080-exec-7] DEBUG org.hibernate.SQL - select m1_0.menu_no,m1_0.menu_dc,m1_0.menu_nm,m1_0.menu_ordr,m1_0.modern_route,m1_0.progrm_file_nm,m1_0.relate_image_nm,m1_0.relate_image_path,m1_0.route_updated_at,m1_0.upper_menu_no from nmenuinfo m1_0 order by m1_0.upper_menu_no,m1_0.menu_ordr
2026-03-16 17:00:33 [http-nio-8080-exec-8] DEBUG org.hibernate.SQL - select m1_0.menu_no,m1_0.menu_dc,m1_0.menu_nm,m1_0.menu_ordr,m1_0.modern_route,m1_0.progrm_file_nm,m1_0.relate_image_nm,m1_0.relate_image_path,m1_0.route_updated_at,m1_0.upper_menu_no from nmenuinfo m1_0 order by m1_0.upper_menu_no,m1_0.menu_ordr
2026-03-16 17:00:33 [http-nio-8080-exec-3] DEBUG org.hibernate.SQL - select m1_0.menu_no,m1_0.menu_dc,m1_0.menu_nm,m1_0.menu_ordr,m1_0.modern_route,m1_0.progrm_file_nm,m1_0.relate_image_nm,m1_0.relate_image_path,m1_0.route_updated_at,m1_0.upper_menu_no from nmenuinfo m1_0 order by m1_0.upper_menu_no,m1_0.menu_ordr
2026-03-16 17:00:33 [http-nio-8080-exec-6] DEBUG org.hibernate.SQL - select m1_0.menu_no,m1_0.menu_dc,m1_0.menu_nm,m1_0.menu_ordr,m1_0.modern_route,m1_0.progrm_file_nm,m1_0.relate_image_nm,m1_0.relate_image_path,m1_0.route_updated_at,m1_0.upper_menu_no from nmenuinfo m1_0 order by m1_0.upper_menu_no,m1_0.menu_ordr
2026-03-16 17:00:33 [http-nio-8080-exec-9] DEBUG o.s.orm.jpa.JpaTransactionManager - Found thread-bound EntityManager [SessionImpl(1212624578<open>)] for JPA transaction
2026-03-16 17:00:33 [http-nio-8080-exec-9] DEBUG o.s.orm.jpa.JpaTransactionManager - Participating in existing transaction
2026-03-16 17:00:33 [http-nio-8080-exec-9] DEBUG org.hibernate.SQL - select p1_0.progrm_file_nm,p1_0.progrm_dc,p1_0.progrm_korean_nm,p1_0.progrm_stre_path,p1_0.url from nprogrmlist p1_0
2026-03-16 17:00:33 [http-nio-8080-exec-7] DEBUG o.s.orm.jpa.JpaTransactionManager - Found thread-bound EntityManager [SessionImpl(198327224<open>)] for JPA transaction
2026-03-16 17:00:33 [http-nio-8080-exec-7] DEBUG o.s.orm.jpa.JpaTransactionManager - Participating in existing transaction
2026-03-16 17:00:33 [http-nio-8080-exec-7] DEBUG org.hibernate.SQL - select p1_0.progrm_file_nm,p1_0.progrm_dc,p1_0.progrm_korean_nm,p1_0.progrm_stre_path,p1_0.url from nprogrmlist p1_0
2026-03-16 17:00:33 [http-nio-8080-exec-6] DEBUG o.s.orm.jpa.JpaTransactionManager - Found thread-bound EntityManager [SessionImpl(1859408366<open>)] for JPA transaction
2026-03-16 17:00:33 [http-nio-8080-exec-6] DEBUG o.s.orm.jpa.JpaTransactionManager - Participating in existing transaction
2026-03-16 17:00:33 [http-nio-8080-exec-3] DEBUG o.s.orm.jpa.JpaTransactionManager - Found thread-bound EntityManager [SessionImpl(2084964448<open>)] for JPA transaction
2026-03-16 17:00:33 [http-nio-8080-exec-3] DEBUG o.s.orm.jpa.JpaTransactionManager - Participating in existing transaction
2026-03-16 17:00:33 [http-nio-8080-exec-6] DEBUG org.hibernate.SQL - select p1_0.progrm_file_nm,p1_0.progrm_dc,p1_0.progrm_korean_nm,p1_0.progrm_stre_path,p1_0.url from nprogrmlist p1_0
2026-03-16 17:00:33 [http-nio-8080-exec-3] DEBUG org.hibernate.SQL - select p1_0.progrm_file_nm,p1_0.progrm_dc,p1_0.progrm_korean_nm,p1_0.progrm_stre_path,p1_0.url from nprogrmlist p1_0
2026-03-16 17:00:33 [http-nio-8080-exec-8] DEBUG o.s.orm.jpa.JpaTransactionManager - Found thread-bound EntityManager [SessionImpl(1768491002<open>)] for JPA transaction
2026-03-16 17:00:33 [http-nio-8080-exec-8] DEBUG o.s.orm.jpa.JpaTransactionManager - Participating in existing transaction
2026-03-16 17:00:33 [http-nio-8080-exec-8] DEBUG org.hibernate.SQL - select p1_0.progrm_file_nm,p1_0.progrm_dc,p1_0.progrm_korean_nm,p1_0.progrm_stre_path,p1_0.url from nprogrmlist p1_0
2026-03-16 17:00:33 [http-nio-8080-exec-9] DEBUG o.s.orm.jpa.JpaTransactionManager - Initiating transaction commit
2026-03-16 17:00:33 [http-nio-8080-exec-9] DEBUG o.s.orm.jpa.JpaTransactionManager - Committing JPA transaction on EntityManager [SessionImpl(1212624578<open>)]
2026-03-16 17:00:33 [http-nio-8080-exec-7] DEBUG o.s.orm.jpa.JpaTransactionManager - Initiating transaction commit
2026-03-16 17:00:33 [http-nio-8080-exec-7] DEBUG o.s.orm.jpa.JpaTransactionManager - Committing JPA transaction on EntityManager [SessionImpl(198327224<open>)]
2026-03-16 17:00:33 [http-nio-8080-exec-6] DEBUG o.s.orm.jpa.JpaTransactionManager - Initiating transaction commit
2026-03-16 17:00:33 [http-nio-8080-exec-6] DEBUG o.s.orm.jpa.JpaTransactionManager - Committing JPA transaction on EntityManager [SessionImpl(1859408366<open>)]
2026-03-16 17:00:33 [http-nio-8080-exec-3] DEBUG o.s.orm.jpa.JpaTransactionManager - Initiating transaction commit
2026-03-16 17:00:33 [http-nio-8080-exec-3] DEBUG o.s.orm.jpa.JpaTransactionManager - Committing JPA transaction on EntityManager [SessionImpl(2084964448<open>)]
2026-03-16 17:00:33 [http-nio-8080-exec-9] DEBUG o.s.orm.jpa.JpaTransactionManager - Closing JPA EntityManager [SessionImpl(1212624578<open>)] after transaction
2026-03-16 17:00:33 [http-nio-8080-exec-9] INFO  c.c.p.a.c.menu.MenuController - getLeftMenu returned 3 items
2026-03-16 17:00:33 [http-nio-8080-exec-9] DEBUG o.s.w.s.m.m.a.HttpEntityMethodProcessor - Using 'application/json', given [application/json, text/plain, */*] and supported [application/json, application/*+json, application/yaml]
2026-03-16 17:00:33 [http-nio-8080-exec-9] TRACE o.s.w.s.m.m.a.HttpEntityMethodProcessor - Writing [ApiResponse[success=true, status=200, code=COMMON_001, message=Success, data={list=[com.company.project.service.menu.dto.MenuDto@3d38422d, com.company.project.service.menu.dto.MenuDto@3cd855f7, com.company.project.service.menu.dto.MenuDto@4e237d08]}, timestamp=2026-03-16T17:00:33.850381500]]
2026-03-16 17:00:33 [http-nio-8080-exec-9] INFO  c.c.p.a.i.OperationalAuditInterceptor - API Audit Log: URL=/api/v1/menu/left, User=webmaster, IP=0:0:0:0:0:0:0:1
2026-03-16 17:00:33 [http-nio-8080-exec-9] DEBUG o.s.web.servlet.DispatcherServlet - Completed 200 OK
2026-03-16 17:00:33 [http-nio-8080-exec-7] DEBUG o.s.orm.jpa.JpaTransactionManager - Closing JPA EntityManager [SessionImpl(198327224<open>)] after transaction
2026-03-16 17:00:33 [http-nio-8080-exec-7] INFO  c.c.p.a.c.menu.MenuController - getLeftMenu returned 2 items
2026-03-16 17:00:33 [http-nio-8080-exec-7] DEBUG o.s.w.s.m.m.a.HttpEntityMethodProcessor - Using 'application/json', given [application/json, text/plain, */*] and supported [application/json, application/*+json, application/yaml]
2026-03-16 17:00:33 [http-nio-8080-exec-7] TRACE o.s.w.s.m.m.a.HttpEntityMethodProcessor - Writing [ApiResponse[success=true, status=200, code=COMMON_001, message=Success, data={list=[com.company.project.service.menu.dto.MenuDto@5bff2e30, com.company.project.service.menu.dto.MenuDto@1dea7393]}, timestamp=2026-03-16T17:00:33.886500600]]
2026-03-16 17:00:33 [http-nio-8080-exec-7] INFO  c.c.p.a.i.OperationalAuditInterceptor - API Audit Log: URL=/api/v1/menu/left, User=webmaster, IP=0:0:0:0:0:0:0:1
2026-03-16 17:00:33 [http-nio-8080-exec-7] DEBUG o.s.web.servlet.DispatcherServlet - Completed 200 OK
2026-03-16 17:00:33 [http-nio-8080-exec-6] DEBUG o.s.orm.jpa.JpaTransactionManager - Closing JPA EntityManager [SessionImpl(1859408366<open>)] after transaction
2026-03-16 17:00:33 [http-nio-8080-exec-3] DEBUG o.s.orm.jpa.JpaTransactionManager - Closing JPA EntityManager [SessionImpl(2084964448<open>)] after transaction
2026-03-16 17:00:33 [http-nio-8080-exec-6] INFO  c.c.p.a.c.menu.MenuController - getLeftMenu returned 3 items
2026-03-16 17:00:33 [http-nio-8080-exec-3] INFO  c.c.p.a.c.menu.MenuController - getLeftMenu returned 5 items
2026-03-16 17:00:33 [http-nio-8080-exec-6] DEBUG o.s.w.s.m.m.a.HttpEntityMethodProcessor - Using 'application/json', given [application/json, text/plain, */*] and supported [application/json, application/*+json, application/yaml]
2026-03-16 17:00:33 [http-nio-8080-exec-3] DEBUG o.s.w.s.m.m.a.HttpEntityMethodProcessor - Using 'application/json', given [application/json, text/plain, */*] and supported [application/json, application/*+json, application/yaml]
2026-03-16 17:00:33 [http-nio-8080-exec-3] TRACE o.s.w.s.m.m.a.HttpEntityMethodProcessor - Writing [ApiResponse[success=true, status=200, code=COMMON_001, message=Success, data={list=[com.company.project.service.menu.dto.MenuDto@2f76d2e0, com.company.project.service.menu.dto.MenuDto@29946192, com.company.project.service.menu.dto.MenuDto@128a89ec, com.company.project.service.menu.dto.MenuDto@7e699657, com.company.project.service.menu.dto.MenuDto@6711aaa8]}, timestamp=2026-03-16T17:00:33.905545300]]
2026-03-16 17:00:33 [http-nio-8080-exec-6] TRACE o.s.w.s.m.m.a.HttpEntityMethodProcessor - Writing [ApiResponse[success=true, status=200, code=COMMON_001, message=Success, data={list=[com.company.project.service.menu.dto.MenuDto@55f5a930, com.company.project.service.menu.dto.MenuDto@318ffc15, com.company.project.service.menu.dto.MenuDto@2166103f]}, timestamp=2026-03-16T17:00:33.905545300]]
2026-03-16 17:00:33 [http-nio-8080-exec-3] INFO  c.c.p.a.i.OperationalAuditInterceptor - API Audit Log: URL=/api/v1/menu/left, User=webmaster, IP=0:0:0:0:0:0:0:1
2026-03-16 17:00:33 [http-nio-8080-exec-6] INFO  c.c.p.a.i.OperationalAuditInterceptor - API Audit Log: URL=/api/v1/menu/left, User=webmaster, IP=0:0:0:0:0:0:0:1
2026-03-16 17:00:33 [http-nio-8080-exec-3] DEBUG o.s.web.servlet.DispatcherServlet - Completed 200 OK
2026-03-16 17:00:33 [http-nio-8080-exec-6] DEBUG o.s.web.servlet.DispatcherServlet - Completed 200 OK
2026-03-16 17:00:33 [http-nio-8080-exec-8] DEBUG o.s.orm.jpa.JpaTransactionManager - Initiating transaction commit
2026-03-16 17:00:33 [http-nio-8080-exec-8] DEBUG o.s.orm.jpa.JpaTransactionManager - Committing JPA transaction on EntityManager [SessionImpl(1768491002<open>)]
2026-03-16 17:00:34 [http-nio-8080-exec-8] DEBUG o.s.orm.jpa.JpaTransactionManager - Closing JPA EntityManager [SessionImpl(1768491002<open>)] after transaction
2026-03-16 17:00:34 [http-nio-8080-exec-8] INFO  c.c.p.a.c.menu.MenuController - getLeftMenu returned 1 items
2026-03-16 17:00:34 [http-nio-8080-exec-8] DEBUG o.s.w.s.m.m.a.HttpEntityMethodProcessor - Using 'application/json', given [application/json, text/plain, */*] and supported [application/json, application/*+json, application/yaml]
2026-03-16 17:00:34 [http-nio-8080-exec-8] TRACE o.s.w.s.m.m.a.HttpEntityMethodProcessor - Writing [ApiResponse[success=true, status=200, code=COMMON_001, message=Success, data={list=[com.company.project.service.menu.dto.MenuDto@158edd68]}, timestamp=2026-03-16T17:00:34.067174700]]
2026-03-16 17:00:34 [http-nio-8080-exec-8] INFO  c.c.p.a.i.OperationalAuditInterceptor - API Audit Log: URL=/api/v1/menu/left, User=webmaster, IP=0:0:0:0:0:0:0:1
2026-03-16 17:00:34 [http-nio-8080-exec-8] DEBUG o.s.web.servlet.DispatcherServlet - Completed 200 OK
2026-03-16 17:00:34 [http-nio-8080-exec-2] DEBUG c.c.p.s.jwt.JwtAuthenticationFilter - >>> [JwtFilter] Processing request: GET /api/v1/menu/head
2026-03-16 17:00:34 [http-nio-8080-exec-10] DEBUG c.c.p.s.jwt.JwtAuthenticationFilter - >>> [JwtFilter] Processing request: GET /api/v1/menu/left
2026-03-16 17:00:34 [http-nio-8080-exec-4] DEBUG c.c.p.s.jwt.JwtAuthenticationFilter - >>> [JwtFilter] Processing request: GET /api/v1/auth/me
2026-03-16 17:00:34 [http-nio-8080-exec-2] DEBUG c.c.p.s.jwt.JwtAuthenticationFilter - >>> [JwtFilter] Found token in header for path: /api/v1/menu/head
2026-03-16 17:00:34 [http-nio-8080-exec-10] DEBUG c.c.p.s.jwt.JwtAuthenticationFilter - >>> [JwtFilter] Found token in header for path: /api/v1/menu/left
2026-03-16 17:00:34 [http-nio-8080-exec-4] DEBUG c.c.p.s.jwt.JwtAuthenticationFilter - >>> [JwtFilter] Found token in header for path: /api/v1/auth/me
2026-03-16 17:00:34 [http-nio-8080-exec-2] DEBUG o.s.orm.jpa.JpaTransactionManager - Creating new transaction with name [com.company.project.security.iam.CustomUserDetailsService.loadUserByUsername]: PROPAGATION_REQUIRED,ISOLATION_DEFAULT,readOnly
2026-03-16 17:00:34 [http-nio-8080-exec-10] DEBUG o.s.orm.jpa.JpaTransactionManager - Creating new transaction with name [com.company.project.security.iam.CustomUserDetailsService.loadUserByUsername]: PROPAGATION_REQUIRED,ISOLATION_DEFAULT,readOnly
2026-03-16 17:00:34 [http-nio-8080-exec-4] DEBUG o.s.orm.jpa.JpaTransactionManager - Creating new transaction with name [com.company.project.security.iam.CustomUserDetailsService.loadUserByUsername]: PROPAGATION_REQUIRED,ISOLATION_DEFAULT,readOnly
2026-03-16 17:00:34 [http-nio-8080-exec-2] DEBUG o.s.orm.jpa.JpaTransactionManager - Opened new EntityManager [SessionImpl(1674253935<open>)] for JPA transaction
2026-03-16 17:00:34 [http-nio-8080-exec-4] DEBUG o.s.orm.jpa.JpaTransactionManager - Opened new EntityManager [SessionImpl(808533787<open>)] for JPA transaction
2026-03-16 17:00:34 [http-nio-8080-exec-10] DEBUG o.s.orm.jpa.JpaTransactionManager - Opened new EntityManager [SessionImpl(351239655<open>)] for JPA transaction
2026-03-16 17:00:34 [http-nio-8080-exec-10] DEBUG o.s.orm.jpa.JpaTransactionManager - Exposing JPA transaction as JDBC [org.springframework.orm.jpa.vendor.HibernateJpaDialect$HibernateConnectionHandle@3d7d78b6]
2026-03-16 17:00:34 [http-nio-8080-exec-4] DEBUG o.s.orm.jpa.JpaTransactionManager - Exposing JPA transaction as JDBC [org.springframework.orm.jpa.vendor.HibernateJpaDialect$HibernateConnectionHandle@a0a78ae]
2026-03-16 17:00:34 [http-nio-8080-exec-2] DEBUG o.s.orm.jpa.JpaTransactionManager - Exposing JPA transaction as JDBC [org.springframework.orm.jpa.vendor.HibernateJpaDialect$HibernateConnectionHandle@5b9b4428]
2026-03-16 17:00:34 [http-nio-8080-exec-2] DEBUG o.s.orm.jpa.JpaTransactionManager - Found thread-bound EntityManager [SessionImpl(1674253935<open>)] for JPA transaction
2026-03-16 17:00:34 [http-nio-8080-exec-4] DEBUG o.s.orm.jpa.JpaTransactionManager - Found thread-bound EntityManager [SessionImpl(808533787<open>)] for JPA transaction
2026-03-16 17:00:34 [http-nio-8080-exec-10] DEBUG o.s.orm.jpa.JpaTransactionManager - Found thread-bound EntityManager [SessionImpl(351239655<open>)] for JPA transaction
2026-03-16 17:00:34 [http-nio-8080-exec-2] DEBUG o.s.orm.jpa.JpaTransactionManager - Participating in existing transaction
2026-03-16 17:00:34 [http-nio-8080-exec-4] DEBUG o.s.orm.jpa.JpaTransactionManager - Participating in existing transaction
2026-03-16 17:00:34 [http-nio-8080-exec-2] DEBUG org.hibernate.SQL - select u1_0.emplyr_id,u1_0.area_no,u1_0.brthdy,u1_0.chg_pwd_cnt,u1_0.frst_register_id,u1_0.frst_regist_pnttm,u1_0.detail_adres,u1_0.email_adres,u1_0.emplyr_sttus_code,u1_0.empl_no,u1_0.esntl_id,u1_0.fxnum,u1_0.group_id,u1_0.house_adres,u1_0.house_end_telno,u1_0.house_middle_telno,u1_0.ihidnum,u1_0.pstinst_code,u1_0.last_updusr_id,u1_0.last_updt_pnttm,u1_0.lock_at,u1_0.lock_cnt,u1_0.lock_last_pnttm,u1_0.mbtlnum,u1_0.ofcps_nm,u1_0.offm_telno,u1_0.orgnzt_id,u1_0.password,u1_0.password_cnsr,u1_0.password_hint,u1_0.chg_pwd_last_pnttm,u1_0.role,u1_0.sbscrb_de,u1_0.sexdstn_code,u1_0.crtfc_dn_value,u1_0.user_nm,u1_0.zip from nemplyrinfo u1_0 where u1_0.emplyr_id=?
2026-03-16 17:00:34 [http-nio-8080-exec-4] DEBUG org.hibernate.SQL - select u1_0.emplyr_id,u1_0.area_no,u1_0.brthdy,u1_0.chg_pwd_cnt,u1_0.frst_register_id,u1_0.frst_regist_pnttm,u1_0.detail_adres,u1_0.email_adres,u1_0.emplyr_sttus_code,u1_0.empl_no,u1_0.esntl_id,u1_0.fxnum,u1_0.group_id,u1_0.house_adres,u1_0.house_end_telno,u1_0.house_middle_telno,u1_0.ihidnum,u1_0.pstinst_code,u1_0.last_updusr_id,u1_0.last_updt_pnttm,u1_0.lock_at,u1_0.lock_cnt,u1_0.lock_last_pnttm,u1_0.mbtlnum,u1_0.ofcps_nm,u1_0.offm_telno,u1_0.orgnzt_id,u1_0.password,u1_0.password_cnsr,u1_0.password_hint,u1_0.chg_pwd_last_pnttm,u1_0.role,u1_0.sbscrb_de,u1_0.sexdstn_code,u1_0.crtfc_dn_value,u1_0.user_nm,u1_0.zip from nemplyrinfo u1_0 where u1_0.emplyr_id=?
2026-03-16 17:00:34 [http-nio-8080-exec-10] DEBUG o.s.orm.jpa.JpaTransactionManager - Participating in existing transaction
2026-03-16 17:00:34 [http-nio-8080-exec-10] DEBUG org.hibernate.SQL - select u1_0.emplyr_id,u1_0.area_no,u1_0.brthdy,u1_0.chg_pwd_cnt,u1_0.frst_register_id,u1_0.frst_regist_pnttm,u1_0.detail_adres,u1_0.email_adres,u1_0.emplyr_sttus_code,u1_0.empl_no,u1_0.esntl_id,u1_0.fxnum,u1_0.group_id,u1_0.house_adres,u1_0.house_end_telno,u1_0.house_middle_telno,u1_0.ihidnum,u1_0.pstinst_code,u1_0.last_updusr_id,u1_0.last_updt_pnttm,u1_0.lock_at,u1_0.lock_cnt,u1_0.lock_last_pnttm,u1_0.mbtlnum,u1_0.ofcps_nm,u1_0.offm_telno,u1_0.orgnzt_id,u1_0.password,u1_0.password_cnsr,u1_0.password_hint,u1_0.chg_pwd_last_pnttm,u1_0.role,u1_0.sbscrb_de,u1_0.sexdstn_code,u1_0.crtfc_dn_value,u1_0.user_nm,u1_0.zip from nemplyrinfo u1_0 where u1_0.emplyr_id=?
2026-03-16 17:00:34 [http-nio-8080-exec-1] DEBUG c.c.p.s.jwt.JwtAuthenticationFilter - >>> [JwtFilter] Processing request: POST /api/v1/auth/login
2026-03-16 17:00:34 [http-nio-8080-exec-1] DEBUG c.c.p.s.jwt.JwtAuthenticationFilter - >>> [JwtFilter] Found token in header for path: /api/v1/auth/login
2026-03-16 17:00:34 [http-nio-8080-exec-1] DEBUG o.s.orm.jpa.JpaTransactionManager - Creating new transaction with name [com.company.project.security.iam.CustomUserDetailsService.loadUserByUsername]: PROPAGATION_REQUIRED,ISOLATION_DEFAULT,readOnly
2026-03-16 17:00:34 [http-nio-8080-exec-1] DEBUG o.s.orm.jpa.JpaTransactionManager - Opened new EntityManager [SessionImpl(811034643<open>)] for JPA transaction
2026-03-16 17:00:34 [http-nio-8080-exec-4] DEBUG o.s.orm.jpa.JpaTransactionManager - Found thread-bound EntityManager [SessionImpl(808533787<open>)] for JPA transaction
2026-03-16 17:00:34 [http-nio-8080-exec-2] DEBUG o.s.orm.jpa.JpaTransactionManager - Found thread-bound EntityManager [SessionImpl(1674253935<open>)] for JPA transaction
2026-03-16 17:00:34 [http-nio-8080-exec-4] DEBUG o.s.orm.jpa.JpaTransactionManager - Participating in existing transaction
2026-03-16 17:00:34 [http-nio-8080-exec-2] DEBUG o.s.orm.jpa.JpaTransactionManager - Participating in existing transaction
2026-03-16 17:00:34 [http-nio-8080-exec-2] DEBUG org.hibernate.SQL - select ua1_0.scrty_dtrmn_trget_id,ua1_0.author_code,ua1_0.frst_register_id,ua1_0.frst_regist_pnttm,ua1_0.last_updusr_id,ua1_0.last_updt_pnttm,ua1_0.mber_ty_code from nemplyrscrtyestbs ua1_0 where ua1_0.scrty_dtrmn_trget_id=?
2026-03-16 17:00:34 [http-nio-8080-exec-4] DEBUG org.hibernate.SQL - select ua1_0.scrty_dtrmn_trget_id,ua1_0.author_code,ua1_0.frst_register_id,ua1_0.frst_regist_pnttm,ua1_0.last_updusr_id,ua1_0.last_updt_pnttm,ua1_0.mber_ty_code from nemplyrscrtyestbs ua1_0 where ua1_0.scrty_dtrmn_trget_id=?
2026-03-16 17:00:34 [http-nio-8080-exec-10] DEBUG o.s.orm.jpa.JpaTransactionManager - Found thread-bound EntityManager [SessionImpl(351239655<open>)] for JPA transaction
2026-03-16 17:00:34 [http-nio-8080-exec-10] DEBUG o.s.orm.jpa.JpaTransactionManager - Participating in existing transaction
2026-03-16 17:00:34 [http-nio-8080-exec-10] DEBUG org.hibernate.SQL - select ua1_0.scrty_dtrmn_trget_id,ua1_0.author_code,ua1_0.frst_register_id,ua1_0.frst_regist_pnttm,ua1_0.last_updusr_id,ua1_0.last_updt_pnttm,ua1_0.mber_ty_code from nemplyrscrtyestbs ua1_0 where ua1_0.scrty_dtrmn_trget_id=?
2026-03-16 17:00:35 [http-nio-8080-exec-1] DEBUG o.s.orm.jpa.JpaTransactionManager - Exposing JPA transaction as JDBC [org.springframework.orm.jpa.vendor.HibernateJpaDialect$HibernateConnectionHandle@afbe013]
2026-03-16 17:00:35 [http-nio-8080-exec-1] DEBUG o.s.orm.jpa.JpaTransactionManager - Found thread-bound EntityManager [SessionImpl(811034643<open>)] for JPA transaction
2026-03-16 17:00:35 [http-nio-8080-exec-1] DEBUG o.s.orm.jpa.JpaTransactionManager - Participating in existing transaction
2026-03-16 17:00:35 [http-nio-8080-exec-1] DEBUG org.hibernate.SQL - select u1_0.emplyr_id,u1_0.area_no,u1_0.brthdy,u1_0.chg_pwd_cnt,u1_0.frst_register_id,u1_0.frst_regist_pnttm,u1_0.detail_adres,u1_0.email_adres,u1_0.emplyr_sttus_code,u1_0.empl_no,u1_0.esntl_id,u1_0.fxnum,u1_0.group_id,u1_0.house_adres,u1_0.house_end_telno,u1_0.house_middle_telno,u1_0.ihidnum,u1_0.pstinst_code,u1_0.last_updusr_id,u1_0.last_updt_pnttm,u1_0.lock_at,u1_0.lock_cnt,u1_0.lock_last_pnttm,u1_0.mbtlnum,u1_0.ofcps_nm,u1_0.offm_telno,u1_0.orgnzt_id,u1_0.password,u1_0.password_cnsr,u1_0.password_hint,u1_0.chg_pwd_last_pnttm,u1_0.role,u1_0.sbscrb_de,u1_0.sexdstn_code,u1_0.crtfc_dn_value,u1_0.user_nm,u1_0.zip from nemplyrinfo u1_0 where u1_0.emplyr_id=?
2026-03-16 17:00:35 [http-nio-8080-exec-4] DEBUG o.s.orm.jpa.JpaTransactionManager - Initiating transaction commit
2026-03-16 17:00:35 [http-nio-8080-exec-4] DEBUG o.s.orm.jpa.JpaTransactionManager - Committing JPA transaction on EntityManager [SessionImpl(808533787<open>)]
2026-03-16 17:00:35 [http-nio-8080-exec-2] DEBUG o.s.orm.jpa.JpaTransactionManager - Initiating transaction commit
2026-03-16 17:00:35 [http-nio-8080-exec-2] DEBUG o.s.orm.jpa.JpaTransactionManager - Committing JPA transaction on EntityManager [SessionImpl(1674253935<open>)]
2026-03-16 17:00:35 [http-nio-8080-exec-10] DEBUG o.s.orm.jpa.JpaTransactionManager - Initiating transaction commit
2026-03-16 17:00:35 [http-nio-8080-exec-10] DEBUG o.s.orm.jpa.JpaTransactionManager - Committing JPA transaction on EntityManager [SessionImpl(351239655<open>)]
2026-03-16 17:00:35 [http-nio-8080-exec-5] DEBUG c.c.p.s.jwt.JwtAuthenticationFilter - >>> [JwtFilter] Processing request: GET /api/v1/menu/head
2026-03-16 17:00:35 [http-nio-8080-exec-5] DEBUG c.c.p.s.jwt.JwtAuthenticationFilter - >>> [JwtFilter] Found token in header for path: /api/v1/menu/head
2026-03-16 17:00:35 [http-nio-8080-exec-5] DEBUG o.s.orm.jpa.JpaTransactionManager - Creating new transaction with name [com.company.project.security.iam.CustomUserDetailsService.loadUserByUsername]: PROPAGATION_REQUIRED,ISOLATION_DEFAULT,readOnly
2026-03-16 17:00:35 [http-nio-8080-exec-5] DEBUG o.s.orm.jpa.JpaTransactionManager - Opened new EntityManager [SessionImpl(1910332295<open>)] for JPA transaction
2026-03-16 17:00:35 [http-nio-8080-exec-1] DEBUG o.s.orm.jpa.JpaTransactionManager - Found thread-bound EntityManager [SessionImpl(811034643<open>)] for JPA transaction
2026-03-16 17:00:35 [http-nio-8080-exec-1] DEBUG o.s.orm.jpa.JpaTransactionManager - Participating in existing transaction
2026-03-16 17:00:35 [http-nio-8080-exec-1] DEBUG org.hibernate.SQL - select ua1_0.scrty_dtrmn_trget_id,ua1_0.author_code,ua1_0.frst_register_id,ua1_0.frst_regist_pnttm,ua1_0.last_updusr_id,ua1_0.last_updt_pnttm,ua1_0.mber_ty_code from nemplyrscrtyestbs ua1_0 where ua1_0.scrty_dtrmn_trget_id=?
2026-03-16 17:00:35 [http-nio-8080-exec-4] DEBUG o.s.orm.jpa.JpaTransactionManager - Closing JPA EntityManager [SessionImpl(808533787<open>)] after transaction
2026-03-16 17:00:35 [http-nio-8080-exec-2] DEBUG o.s.orm.jpa.JpaTransactionManager - Closing JPA EntityManager [SessionImpl(1674253935<open>)] after transaction
2026-03-16 17:00:35 [http-nio-8080-exec-4] DEBUG c.c.p.s.jwt.JwtAuthenticationFilter - >>> [JwtFilter] Successfully authenticated user: USRCNFRM_99999999999, Authorities: [ROLE_ADMIN]
2026-03-16 17:00:35 [http-nio-8080-exec-2] DEBUG c.c.p.s.jwt.JwtAuthenticationFilter - >>> [JwtFilter] Successfully authenticated user: USRCNFRM_99999999999, Authorities: [ROLE_ADMIN]
2026-03-16 17:00:35 [http-nio-8080-exec-4] DEBUG o.s.web.servlet.DispatcherServlet - GET "/api/v1/auth/me", parameters={}
2026-03-16 17:00:35 [http-nio-8080-exec-2] DEBUG o.s.web.servlet.DispatcherServlet - GET "/api/v1/menu/head", parameters={}
2026-03-16 17:00:35 [http-nio-8080-exec-4] TRACE o.s.w.s.m.m.a.RequestMappingHandlerMapping - Mapped to com.company.project.api.auth.AuthController#getCurrentUser()
2026-03-16 17:00:35 [http-nio-8080-exec-2] TRACE o.s.w.s.m.m.a.RequestMappingHandlerMapping - Mapped to com.company.project.api.controller.menu.MenuController#getHeadMenu()
2026-03-16 17:00:35 [http-nio-8080-exec-4] DEBUG o.s.w.s.m.m.a.RequestResponseBodyMethodProcessor - Using 'application/json', given [application/json, text/plain, */*] and supported [application/json, application/*+json, application/yaml]
2026-03-16 17:00:35 [http-nio-8080-exec-4] TRACE o.s.w.s.m.m.a.RequestResponseBodyMethodProcessor - Writing [ApiResponse[success=true, status=200, code=COMMON_001, message=Success, data={role=ROLE_ADMIN, userSe=EMP, name=관리자, id=webmaster}, timestamp=2026-03-16T17:00:35.268046200]]
2026-03-16 17:00:35 [http-nio-8080-exec-2] INFO  c.c.p.a.c.menu.MenuController - getHeadMenu called
2026-03-16 17:00:35 [http-nio-8080-exec-4] INFO  c.c.p.a.i.OperationalAuditInterceptor - API Audit Log: URL=/api/v1/auth/me, User=webmaster, IP=127.0.0.1
2026-03-16 17:00:35 [http-nio-8080-exec-4] DEBUG o.s.web.servlet.DispatcherServlet - Completed 200 OK
2026-03-16 17:00:35 [http-nio-8080-exec-2] INFO  c.c.p.a.c.menu.MenuController - getHeadMenu returned 5 items
2026-03-16 17:00:35 [http-nio-8080-exec-2] DEBUG o.s.w.s.m.m.a.HttpEntityMethodProcessor - Using 'application/json', given [application/json, text/plain, */*] and supported [application/json, application/*+json, application/yaml]
2026-03-16 17:00:35 [http-nio-8080-exec-2] TRACE o.s.w.s.m.m.a.HttpEntityMethodProcessor - Writing [ApiResponse[success=true, status=200, code=COMMON_001, message=Success, data={list=[com.company.project.service.menu.dto.MenuDto@2b80d6b0, com.company.project.service.menu.dto.MenuDto@1418cfa3, com.company.project.service.menu.dto.MenuDto@f230bf1, com.company.project.service.menu.dto.MenuDto@734a7f6a, com.company.project.service.menu.dto.MenuDto@5e5202e5]}, timestamp=2026-03-16T17:00:35.269053100]]
2026-03-16 17:00:35 [http-nio-8080-exec-2] INFO  c.c.p.a.i.OperationalAuditInterceptor - API Audit Log: URL=/api/v1/menu/head, User=webmaster, IP=127.0.0.1
2026-03-16 17:00:35 [http-nio-8080-exec-2] DEBUG o.s.web.servlet.DispatcherServlet - Completed 200 OK
2026-03-16 17:00:35 [http-nio-8080-exec-10] DEBUG o.s.orm.jpa.JpaTransactionManager - Closing JPA EntityManager [SessionImpl(351239655<open>)] after transaction
2026-03-16 17:00:35 [http-nio-8080-exec-10] DEBUG c.c.p.s.jwt.JwtAuthenticationFilter - >>> [JwtFilter] Successfully authenticated user: USRCNFRM_99999999999, Authorities: [ROLE_ADMIN]
2026-03-16 17:00:35 [http-nio-8080-exec-10] DEBUG o.s.web.servlet.DispatcherServlet - GET "/api/v1/menu/left?menuNo=10", parameters={masked}
2026-03-16 17:00:35 [http-nio-8080-exec-10] TRACE o.s.w.s.m.m.a.RequestMappingHandlerMapping - Mapped to com.company.project.api.controller.menu.MenuController#getLeftMenu(Long)
2026-03-16 17:00:35 [http-nio-8080-exec-10] INFO  c.c.p.a.c.menu.MenuController - getLeftMenu called with menuNo=10
2026-03-16 17:00:35 [http-nio-8080-exec-10] DEBUG o.s.orm.jpa.JpaTransactionManager - Creating new transaction with name [com.company.project.service.menu.MenuService.getSubMenus]: PROPAGATION_REQUIRED,ISOLATION_DEFAULT,readOnly
2026-03-16 17:00:35 [http-nio-8080-exec-10] DEBUG o.s.orm.jpa.JpaTransactionManager - Opened new EntityManager [SessionImpl(372977317<open>)] for JPA transaction
2026-03-16 17:00:35 [http-nio-8080-exec-10] DEBUG o.s.orm.jpa.JpaTransactionManager - Exposing JPA transaction as JDBC [org.springframework.orm.jpa.vendor.HibernateJpaDialect$HibernateConnectionHandle@17a45153]
2026-03-16 17:00:35 [http-nio-8080-exec-10] DEBUG org.hibernate.SQL - select m1_0.menu_no,m1_0.menu_dc,m1_0.menu_nm,m1_0.menu_ordr,m1_0.modern_route,m1_0.progrm_file_nm,m1_0.relate_image_nm,m1_0.relate_image_path,m1_0.route_updated_at,m1_0.upper_menu_no from nmenuinfo m1_0 order by m1_0.upper_menu_no,m1_0.menu_ordr
2026-03-16 17:00:35 [http-nio-8080-exec-5] DEBUG o.s.orm.jpa.JpaTransactionManager - Exposing JPA transaction as JDBC [org.springframework.orm.jpa.vendor.HibernateJpaDialect$HibernateConnectionHandle@4003d7a0]
2026-03-16 17:00:35 [http-nio-8080-exec-5] DEBUG o.s.orm.jpa.JpaTransactionManager - Found thread-bound EntityManager [SessionImpl(1910332295<open>)] for JPA transaction
2026-03-16 17:00:35 [http-nio-8080-exec-5] DEBUG o.s.orm.jpa.JpaTransactionManager - Participating in existing transaction
2026-03-16 17:00:35 [http-nio-8080-exec-5] DEBUG org.hibernate.SQL - select u1_0.emplyr_id,u1_0.area_no,u1_0.brthdy,u1_0.chg_pwd_cnt,u1_0.frst_register_id,u1_0.frst_regist_pnttm,u1_0.detail_adres,u1_0.email_adres,u1_0.emplyr_sttus_code,u1_0.empl_no,u1_0.esntl_id,u1_0.fxnum,u1_0.group_id,u1_0.house_adres,u1_0.house_end_telno,u1_0.house_middle_telno,u1_0.ihidnum,u1_0.pstinst_code,u1_0.last_updusr_id,u1_0.last_updt_pnttm,u1_0.lock_at,u1_0.lock_cnt,u1_0.lock_last_pnttm,u1_0.mbtlnum,u1_0.ofcps_nm,u1_0.offm_telno,u1_0.orgnzt_id,u1_0.password,u1_0.password_cnsr,u1_0.password_hint,u1_0.chg_pwd_last_pnttm,u1_0.role,u1_0.sbscrb_de,u1_0.sexdstn_code,u1_0.crtfc_dn_value,u1_0.user_nm,u1_0.zip from nemplyrinfo u1_0 where u1_0.emplyr_id=?
2026-03-16 17:00:35 [http-nio-8080-exec-1] DEBUG o.s.orm.jpa.JpaTransactionManager - Initiating transaction commit
2026-03-16 17:00:35 [http-nio-8080-exec-1] DEBUG o.s.orm.jpa.JpaTransactionManager - Committing JPA transaction on EntityManager [SessionImpl(811034643<open>)]
2026-03-16 17:00:35 [http-nio-8080-exec-1] DEBUG o.s.orm.jpa.JpaTransactionManager - Closing JPA EntityManager [SessionImpl(811034643<open>)] after transaction
2026-03-16 17:00:35 [http-nio-8080-exec-1] DEBUG c.c.p.s.jwt.JwtAuthenticationFilter - >>> [JwtFilter] Successfully authenticated user: USRCNFRM_99999999999, Authorities: [ROLE_ADMIN]
2026-03-16 17:00:35 [http-nio-8080-exec-5] DEBUG o.s.orm.jpa.JpaTransactionManager - Found thread-bound EntityManager [SessionImpl(1910332295<open>)] for JPA transaction
2026-03-16 17:00:35 [http-nio-8080-exec-5] DEBUG o.s.orm.jpa.JpaTransactionManager - Participating in existing transaction
2026-03-16 17:00:35 [http-nio-8080-exec-1] DEBUG o.s.web.servlet.DispatcherServlet - POST "/api/v1/auth/login", parameters={}
2026-03-16 17:00:35 [http-nio-8080-exec-5] DEBUG org.hibernate.SQL - select ua1_0.scrty_dtrmn_trget_id,ua1_0.author_code,ua1_0.frst_register_id,ua1_0.frst_regist_pnttm,ua1_0.last_updusr_id,ua1_0.last_updt_pnttm,ua1_0.mber_ty_code from nemplyrscrtyestbs ua1_0 where ua1_0.scrty_dtrmn_trget_id=?
2026-03-16 17:00:35 [http-nio-8080-exec-1] TRACE o.s.w.s.m.m.a.RequestMappingHandlerMapping - Mapped to com.company.project.api.auth.AuthController#login(Map, HttpServletResponse)
2026-03-16 17:00:35 [http-nio-8080-exec-1] TRACE o.s.w.s.m.m.a.RequestResponseBodyMethodProcessor - Read "application/json;charset=UTF-8" to [{id=webmaster, password=1}]
2026-03-16 17:00:35 [http-nio-8080-exec-1] INFO  c.c.project.api.auth.AuthController - >>> [Login] Attempting login for userId: webmaster
2026-03-16 17:00:35 [http-nio-8080-exec-1] DEBUG o.s.orm.jpa.JpaTransactionManager - Creating new transaction with name [com.company.project.security.iam.EgovAuthenticationProvider.authenticate]: PROPAGATION_REQUIRED,ISOLATION_DEFAULT
2026-03-16 17:00:35 [http-nio-8080-exec-1] DEBUG o.s.orm.jpa.JpaTransactionManager - Opened new EntityManager [SessionImpl(493703685<open>)] for JPA transaction
2026-03-16 17:00:35 [http-nio-8080-exec-1] DEBUG o.s.orm.jpa.JpaTransactionManager - Exposing JPA transaction as JDBC [org.springframework.orm.jpa.vendor.HibernateJpaDialect$HibernateConnectionHandle@5ec42dce]
2026-03-16 17:00:35 [http-nio-8080-exec-1] INFO  c.c.p.s.i.EgovAuthenticationProvider - >>> [EgovAuthenticationProvider] Attempting authentication for userId: webmaster
2026-03-16 17:00:35 [http-nio-8080-exec-1] INFO  c.c.p.s.i.EgovAuthenticationProvider - >>> [EgovAuthenticationProvider] DB check started for userId: webmaster
2026-03-16 17:00:35 [http-nio-8080-exec-1] DEBUG o.s.orm.jpa.JpaTransactionManager - Found thread-bound EntityManager [SessionImpl(493703685<open>)] for JPA transaction
2026-03-16 17:00:35 [http-nio-8080-exec-1] DEBUG o.s.orm.jpa.JpaTransactionManager - Participating in existing transaction
2026-03-16 17:00:35 [http-nio-8080-exec-1] DEBUG org.hibernate.SQL - select u1_0.emplyr_id,u1_0.area_no,u1_0.brthdy,u1_0.chg_pwd_cnt,u1_0.frst_register_id,u1_0.frst_regist_pnttm,u1_0.detail_adres,u1_0.email_adres,u1_0.emplyr_sttus_code,u1_0.empl_no,u1_0.esntl_id,u1_0.fxnum,u1_0.group_id,u1_0.house_adres,u1_0.house_end_telno,u1_0.house_middle_telno,u1_0.ihidnum,u1_0.pstinst_code,u1_0.last_updusr_id,u1_0.last_updt_pnttm,u1_0.lock_at,u1_0.lock_cnt,u1_0.lock_last_pnttm,u1_0.mbtlnum,u1_0.ofcps_nm,u1_0.offm_telno,u1_0.orgnzt_id,u1_0.password,u1_0.password_cnsr,u1_0.password_hint,u1_0.chg_pwd_last_pnttm,u1_0.role,u1_0.sbscrb_de,u1_0.sexdstn_code,u1_0.crtfc_dn_value,u1_0.user_nm,u1_0.zip from nemplyrinfo u1_0 where u1_0.emplyr_id=?
2026-03-16 17:00:35 [http-nio-8080-exec-1] INFO  c.c.p.s.i.EgovAuthenticationProvider - >>> [EgovAuthenticationProvider] User found by findById: webmaster
2026-03-16 17:00:35 [http-nio-8080-exec-1] INFO  c.c.p.s.i.EgovAuthenticationProvider - >>> [EgovAuthenticationProvider] User found: webmaster, DB password hash: {bcrypt}$2a$10$NRnqN.nwZxWe01BiSsk4Su.qlAj87Ys//VJVJf2WKEs3JzaQyJsGO
2026-03-16 17:00:35 [http-nio-8080-exec-1] INFO  c.c.p.s.i.EgovAuthenticationProvider - >>> [EgovAuthenticationProvider] Trying standard PasswordEncoder.
2026-03-16 17:00:35 [http-nio-8080-exec-10] DEBUG o.s.orm.jpa.JpaTransactionManager - Found thread-bound EntityManager [SessionImpl(372977317<open>)] for JPA transaction
2026-03-16 17:00:35 [http-nio-8080-exec-10] DEBUG o.s.orm.jpa.JpaTransactionManager - Participating in existing transaction
2026-03-16 17:00:35 [http-nio-8080-exec-5] DEBUG o.s.orm.jpa.JpaTransactionManager - Initiating transaction commit
2026-03-16 17:00:35 [http-nio-8080-exec-10] DEBUG org.hibernate.SQL - select p1_0.progrm_file_nm,p1_0.progrm_dc,p1_0.progrm_korean_nm,p1_0.progrm_stre_path,p1_0.url from nprogrmlist p1_0
2026-03-16 17:00:35 [http-nio-8080-exec-5] DEBUG o.s.orm.jpa.JpaTransactionManager - Committing JPA transaction on EntityManager [SessionImpl(1910332295<open>)]
2026-03-16 17:00:35 [http-nio-8080-exec-1] DEBUG o.s.orm.jpa.JpaTransactionManager - Found thread-bound EntityManager [SessionImpl(493703685<open>)] for JPA transaction
2026-03-16 17:00:35 [http-nio-8080-exec-1] DEBUG o.s.orm.jpa.JpaTransactionManager - Participating in existing transaction
2026-03-16 17:00:35 [http-nio-8080-exec-1] INFO  c.c.p.s.i.EgovAuthenticationProvider - >>> Authenticating user: webmaster, esntlId: USRCNFRM_99999999999, Inherent Role: ADMIN
2026-03-16 17:00:35 [http-nio-8080-exec-1] DEBUG o.s.orm.jpa.JpaTransactionManager - Found thread-bound EntityManager [SessionImpl(493703685<open>)] for JPA transaction
2026-03-16 17:00:35 [http-nio-8080-exec-1] DEBUG o.s.orm.jpa.JpaTransactionManager - Participating in existing transaction
2026-03-16 17:00:35 [http-nio-8080-exec-1] DEBUG org.hibernate.SQL - select ua1_0.scrty_dtrmn_trget_id,ua1_0.author_code,ua1_0.frst_register_id,ua1_0.frst_regist_pnttm,ua1_0.last_updusr_id,ua1_0.last_updt_pnttm,ua1_0.mber_ty_code from nemplyrscrtyestbs ua1_0 where ua1_0.scrty_dtrmn_trget_id=?
2026-03-16 17:00:35 [http-nio-8080-exec-5] DEBUG o.s.orm.jpa.JpaTransactionManager - Closing JPA EntityManager [SessionImpl(1910332295<open>)] after transaction
2026-03-16 17:00:35 [http-nio-8080-exec-5] DEBUG c.c.p.s.jwt.JwtAuthenticationFilter - >>> [JwtFilter] Successfully authenticated user: USRCNFRM_99999999999, Authorities: [ROLE_ADMIN]
2026-03-16 17:00:35 [http-nio-8080-exec-5] DEBUG o.s.web.servlet.DispatcherServlet - GET "/api/v1/menu/head", parameters={}
2026-03-16 17:00:35 [http-nio-8080-exec-5] TRACE o.s.w.s.m.m.a.RequestMappingHandlerMapping - Mapped to com.company.project.api.controller.menu.MenuController#getHeadMenu()
2026-03-16 17:00:35 [http-nio-8080-exec-5] INFO  c.c.p.a.c.menu.MenuController - getHeadMenu called
2026-03-16 17:00:35 [http-nio-8080-exec-5] INFO  c.c.p.a.c.menu.MenuController - getHeadMenu returned 5 items
2026-03-16 17:00:35 [http-nio-8080-exec-5] DEBUG o.s.w.s.m.m.a.HttpEntityMethodProcessor - Using 'application/json', given [application/json, text/plain, */*] and supported [application/json, application/*+json, application/yaml]
2026-03-16 17:00:35 [http-nio-8080-exec-5] TRACE o.s.w.s.m.m.a.HttpEntityMethodProcessor - Writing [ApiResponse[success=true, status=200, code=COMMON_001, message=Success, data={list=[com.company.project.service.menu.dto.MenuDto@2b80d6b0, com.company.project.service.menu.dto.MenuDto@1418cfa3, com.company.project.service.menu.dto.MenuDto@f230bf1, com.company.project.service.menu.dto.MenuDto@734a7f6a, com.company.project.service.menu.dto.MenuDto@5e5202e5]}, timestamp=2026-03-16T17:00:35.779592900]]
2026-03-16 17:00:35 [http-nio-8080-exec-5] INFO  c.c.p.a.i.OperationalAuditInterceptor - API Audit Log: URL=/api/v1/menu/head, User=webmaster, IP=0:0:0:0:0:0:0:1
2026-03-16 17:00:35 [http-nio-8080-exec-5] DEBUG o.s.web.servlet.DispatcherServlet - Completed 200 OK
2026-03-16 17:00:35 [http-nio-8080-exec-10] DEBUG o.s.orm.jpa.JpaTransactionManager - Initiating transaction commit
2026-03-16 17:00:35 [http-nio-8080-exec-10] DEBUG o.s.orm.jpa.JpaTransactionManager - Committing JPA transaction on EntityManager [SessionImpl(372977317<open>)]
2026-03-16 17:00:35 [http-nio-8080-exec-6] DEBUG c.c.p.s.jwt.JwtAuthenticationFilter - >>> [JwtFilter] Processing request: GET /api/v1/menu/left
2026-03-16 17:00:35 [http-nio-8080-exec-7] DEBUG c.c.p.s.jwt.JwtAuthenticationFilter - >>> [JwtFilter] Processing request: GET /api/v1/menu/left
2026-03-16 17:00:35 [http-nio-8080-exec-3] DEBUG c.c.p.s.jwt.JwtAuthenticationFilter - >>> [JwtFilter] Processing request: GET /api/v1/menu/left
2026-03-16 17:00:35 [http-nio-8080-exec-6] DEBUG c.c.p.s.jwt.JwtAuthenticationFilter - >>> [JwtFilter] Found token in header for path: /api/v1/menu/left
2026-03-16 17:00:35 [http-nio-8080-exec-8] DEBUG c.c.p.s.jwt.JwtAuthenticationFilter - >>> [JwtFilter] Processing request: GET /api/v1/menu/left
2026-03-16 17:00:35 [http-nio-8080-exec-9] DEBUG c.c.p.s.jwt.JwtAuthenticationFilter - >>> [JwtFilter] Processing request: GET /api/v1/menu/left
2026-03-16 17:00:35 [http-nio-8080-exec-3] DEBUG c.c.p.s.jwt.JwtAuthenticationFilter - >>> [JwtFilter] Found token in header for path: /api/v1/menu/left
2026-03-16 17:00:35 [http-nio-8080-exec-9] DEBUG c.c.p.s.jwt.JwtAuthenticationFilter - >>> [JwtFilter] Found token in header for path: /api/v1/menu/left
2026-03-16 17:00:35 [http-nio-8080-exec-7] DEBUG c.c.p.s.jwt.JwtAuthenticationFilter - >>> [JwtFilter] Found token in header for path: /api/v1/menu/left
2026-03-16 17:00:35 [http-nio-8080-exec-9] DEBUG o.s.orm.jpa.JpaTransactionManager - Creating new transaction with name [com.company.project.security.iam.CustomUserDetailsService.loadUserByUsername]: PROPAGATION_REQUIRED,ISOLATION_DEFAULT,readOnly
2026-03-16 17:00:35 [http-nio-8080-exec-7] DEBUG o.s.orm.jpa.JpaTransactionManager - Creating new transaction with name [com.company.project.security.iam.CustomUserDetailsService.loadUserByUsername]: PROPAGATION_REQUIRED,ISOLATION_DEFAULT,readOnly
2026-03-16 17:00:35 [http-nio-8080-exec-8] DEBUG c.c.p.s.jwt.JwtAuthenticationFilter - >>> [JwtFilter] Found token in header for path: /api/v1/menu/left
2026-03-16 17:00:35 [http-nio-8080-exec-7] DEBUG o.s.orm.jpa.JpaTransactionManager - Opened new EntityManager [SessionImpl(1519709297<open>)] for JPA transaction
2026-03-16 17:00:35 [http-nio-8080-exec-3] DEBUG o.s.orm.jpa.JpaTransactionManager - Creating new transaction with name [com.company.project.security.iam.CustomUserDetailsService.loadUserByUsername]: PROPAGATION_REQUIRED,ISOLATION_DEFAULT,readOnly
2026-03-16 17:00:35 [http-nio-8080-exec-3] DEBUG o.s.orm.jpa.JpaTransactionManager - Opened new EntityManager [SessionImpl(1828970281<open>)] for JPA transaction
2026-03-16 17:00:35 [http-nio-8080-exec-6] DEBUG o.s.orm.jpa.JpaTransactionManager - Creating new transaction with name [com.company.project.security.iam.CustomUserDetailsService.loadUserByUsername]: PROPAGATION_REQUIRED,ISOLATION_DEFAULT,readOnly
2026-03-16 17:00:35 [http-nio-8080-exec-6] DEBUG o.s.orm.jpa.JpaTransactionManager - Opened new EntityManager [SessionImpl(934820428<open>)] for JPA transaction
2026-03-16 17:00:35 [http-nio-8080-exec-8] DEBUG o.s.orm.jpa.JpaTransactionManager - Creating new transaction with name [com.company.project.security.iam.CustomUserDetailsService.loadUserByUsername]: PROPAGATION_REQUIRED,ISOLATION_DEFAULT,readOnly
2026-03-16 17:00:35 [http-nio-8080-exec-9] DEBUG o.s.orm.jpa.JpaTransactionManager - Opened new EntityManager [SessionImpl(201474798<open>)] for JPA transaction
2026-03-16 17:00:35 [http-nio-8080-exec-8] DEBUG o.s.orm.jpa.JpaTransactionManager - Opened new EntityManager [SessionImpl(1543831948<open>)] for JPA transaction
2026-03-16 17:00:35 [http-nio-8080-exec-1] INFO  c.c.p.s.i.EgovAuthenticationProvider - >>> Role from DB table (NEMPLYRSCRTYESTBS): ROLE_ADMIN
2026-03-16 17:00:35 [http-nio-8080-exec-1] INFO  c.c.p.s.i.EgovAuthenticationProvider - >>> [SPECIAL] Forcing ROLE_ADMIN for user: webmaster
2026-03-16 17:00:35 [http-nio-8080-exec-1] INFO  c.c.p.s.i.EgovAuthenticationProvider - >>> Final resolved authorCode for user webmaster: ROLE_ADMIN
2026-03-16 17:00:35 [http-nio-8080-exec-1] DEBUG o.s.orm.jpa.JpaTransactionManager - Initiating transaction commit
2026-03-16 17:00:35 [http-nio-8080-exec-1] DEBUG o.s.orm.jpa.JpaTransactionManager - Committing JPA transaction on EntityManager [SessionImpl(493703685<open>)]
2026-03-16 17:00:35 [http-nio-8080-exec-9] DEBUG o.s.orm.jpa.JpaTransactionManager - Exposing JPA transaction as JDBC [org.springframework.orm.jpa.vendor.HibernateJpaDialect$HibernateConnectionHandle@73545069]
2026-03-16 17:00:35 [http-nio-8080-exec-9] DEBUG o.s.orm.jpa.JpaTransactionManager - Found thread-bound EntityManager [SessionImpl(201474798<open>)] for JPA transaction
2026-03-16 17:00:35 [http-nio-8080-exec-9] DEBUG o.s.orm.jpa.JpaTransactionManager - Participating in existing transaction
2026-03-16 17:00:35 [http-nio-8080-exec-9] DEBUG org.hibernate.SQL - select u1_0.emplyr_id,u1_0.area_no,u1_0.brthdy,u1_0.chg_pwd_cnt,u1_0.frst_register_id,u1_0.frst_regist_pnttm,u1_0.detail_adres,u1_0.email_adres,u1_0.emplyr_sttus_code,u1_0.empl_no,u1_0.esntl_id,u1_0.fxnum,u1_0.group_id,u1_0.house_adres,u1_0.house_end_telno,u1_0.house_middle_telno,u1_0.ihidnum,u1_0.pstinst_code,u1_0.last_updusr_id,u1_0.last_updt_pnttm,u1_0.lock_at,u1_0.lock_cnt,u1_0.lock_last_pnttm,u1_0.mbtlnum,u1_0.ofcps_nm,u1_0.offm_telno,u1_0.orgnzt_id,u1_0.password,u1_0.password_cnsr,u1_0.password_hint,u1_0.chg_pwd_last_pnttm,u1_0.role,u1_0.sbscrb_de,u1_0.sexdstn_code,u1_0.crtfc_dn_value,u1_0.user_nm,u1_0.zip from nemplyrinfo u1_0 where u1_0.emplyr_id=?
2026-03-16 17:00:35 [http-nio-8080-exec-10] DEBUG o.s.orm.jpa.JpaTransactionManager - Closing JPA EntityManager [SessionImpl(372977317<open>)] after transaction
2026-03-16 17:00:35 [http-nio-8080-exec-10] INFO  c.c.p.a.c.menu.MenuController - getLeftMenu returned 5 items
2026-03-16 17:00:35 [http-nio-8080-exec-7] DEBUG o.s.orm.jpa.JpaTransactionManager - Exposing JPA transaction as JDBC [org.springframework.orm.jpa.vendor.HibernateJpaDialect$HibernateConnectionHandle@3f06f854]
2026-03-16 17:00:35 [http-nio-8080-exec-8] DEBUG o.s.orm.jpa.JpaTransactionManager - Exposing JPA transaction as JDBC [org.springframework.orm.jpa.vendor.HibernateJpaDialect$HibernateConnectionHandle@411b2c30]
2026-03-16 17:00:35 [http-nio-8080-exec-6] DEBUG o.s.orm.jpa.JpaTransactionManager - Exposing JPA transaction as JDBC [org.springframework.orm.jpa.vendor.HibernateJpaDialect$HibernateConnectionHandle@4f7cb9a2]
2026-03-16 17:00:35 [http-nio-8080-exec-3] DEBUG o.s.orm.jpa.JpaTransactionManager - Exposing JPA transaction as JDBC [org.springframework.orm.jpa.vendor.HibernateJpaDialect$HibernateConnectionHandle@2b00fe8c]
2026-03-16 17:00:35 [http-nio-8080-exec-7] DEBUG o.s.orm.jpa.JpaTransactionManager - Found thread-bound EntityManager [SessionImpl(1519709297<open>)] for JPA transaction
2026-03-16 17:00:35 [http-nio-8080-exec-8] DEBUG o.s.orm.jpa.JpaTransactionManager - Found thread-bound EntityManager [SessionImpl(1543831948<open>)] for JPA transaction
2026-03-16 17:00:35 [http-nio-8080-exec-6] DEBUG o.s.orm.jpa.JpaTransactionManager - Found thread-bound EntityManager [SessionImpl(934820428<open>)] for JPA transaction
2026-03-16 17:00:35 [http-nio-8080-exec-10] DEBUG o.s.w.s.m.m.a.HttpEntityMethodProcessor - Using 'application/json', given [application/json, text/plain, */*] and supported [application/json, application/*+json, application/yaml]
2026-03-16 17:00:35 [http-nio-8080-exec-3] DEBUG o.s.orm.jpa.JpaTransactionManager - Found thread-bound EntityManager [SessionImpl(1828970281<open>)] for JPA transaction
2026-03-16 17:00:35 [http-nio-8080-exec-7] DEBUG o.s.orm.jpa.JpaTransactionManager - Participating in existing transaction
2026-03-16 17:00:35 [http-nio-8080-exec-8] DEBUG o.s.orm.jpa.JpaTransactionManager - Participating in existing transaction
2026-03-16 17:00:35 [http-nio-8080-exec-10] TRACE o.s.w.s.m.m.a.HttpEntityMethodProcessor - Writing [ApiResponse[success=true, status=200, code=COMMON_001, message=Success, data={list=[com.company.project.service.menu.dto.MenuDto@2b1f8fe7, com.company.project.service.menu.dto.MenuDto@13f1c538, com.company.project.service.menu.dto.MenuDto@11187863, com.company.project.service.menu.dto.MenuDto@3efc2048, com.company.project.service.menu.dto.MenuDto@69cbe0c7]}, timestamp=2026-03-16T17:00:35.944248100]]
2026-03-16 17:00:35 [http-nio-8080-exec-3] DEBUG o.s.orm.jpa.JpaTransactionManager - Participating in existing transaction
2026-03-16 17:00:35 [http-nio-8080-exec-6] DEBUG o.s.orm.jpa.JpaTransactionManager - Participating in existing transaction
2026-03-16 17:00:35 [http-nio-8080-exec-8] DEBUG org.hibernate.SQL - select u1_0.emplyr_id,u1_0.area_no,u1_0.brthdy,u1_0.chg_pwd_cnt,u1_0.frst_register_id,u1_0.frst_regist_pnttm,u1_0.detail_adres,u1_0.email_adres,u1_0.emplyr_sttus_code,u1_0.empl_no,u1_0.esntl_id,u1_0.fxnum,u1_0.group_id,u1_0.house_adres,u1_0.house_end_telno,u1_0.house_middle_telno,u1_0.ihidnum,u1_0.pstinst_code,u1_0.last_updusr_id,u1_0.last_updt_pnttm,u1_0.lock_at,u1_0.lock_cnt,u1_0.lock_last_pnttm,u1_0.mbtlnum,u1_0.ofcps_nm,u1_0.offm_telno,u1_0.orgnzt_id,u1_0.password,u1_0.password_cnsr,u1_0.password_hint,u1_0.chg_pwd_last_pnttm,u1_0.role,u1_0.sbscrb_de,u1_0.sexdstn_code,u1_0.crtfc_dn_value,u1_0.user_nm,u1_0.zip from nemplyrinfo u1_0 where u1_0.emplyr_id=?
2026-03-16 17:00:35 [http-nio-8080-exec-7] DEBUG org.hibernate.SQL - select u1_0.emplyr_id,u1_0.area_no,u1_0.brthdy,u1_0.chg_pwd_cnt,u1_0.frst_register_id,u1_0.frst_regist_pnttm,u1_0.detail_adres,u1_0.email_adres,u1_0.emplyr_sttus_code,u1_0.empl_no,u1_0.esntl_id,u1_0.fxnum,u1_0.group_id,u1_0.house_adres,u1_0.house_end_telno,u1_0.house_middle_telno,u1_0.ihidnum,u1_0.pstinst_code,u1_0.last_updusr_id,u1_0.last_updt_pnttm,u1_0.lock_at,u1_0.lock_cnt,u1_0.lock_last_pnttm,u1_0.mbtlnum,u1_0.ofcps_nm,u1_0.offm_telno,u1_0.orgnzt_id,u1_0.password,u1_0.password_cnsr,u1_0.password_hint,u1_0.chg_pwd_last_pnttm,u1_0.role,u1_0.sbscrb_de,u1_0.sexdstn_code,u1_0.crtfc_dn_value,u1_0.user_nm,u1_0.zip from nemplyrinfo u1_0 where u1_0.emplyr_id=?
2026-03-16 17:00:35 [http-nio-8080-exec-6] DEBUG org.hibernate.SQL - select u1_0.emplyr_id,u1_0.area_no,u1_0.brthdy,u1_0.chg_pwd_cnt,u1_0.frst_register_id,u1_0.frst_regist_pnttm,u1_0.detail_adres,u1_0.email_adres,u1_0.emplyr_sttus_code,u1_0.empl_no,u1_0.esntl_id,u1_0.fxnum,u1_0.group_id,u1_0.house_adres,u1_0.house_end_telno,u1_0.house_middle_telno,u1_0.ihidnum,u1_0.pstinst_code,u1_0.last_updusr_id,u1_0.last_updt_pnttm,u1_0.lock_at,u1_0.lock_cnt,u1_0.lock_last_pnttm,u1_0.mbtlnum,u1_0.ofcps_nm,u1_0.offm_telno,u1_0.orgnzt_id,u1_0.password,u1_0.password_cnsr,u1_0.password_hint,u1_0.chg_pwd_last_pnttm,u1_0.role,u1_0.sbscrb_de,u1_0.sexdstn_code,u1_0.crtfc_dn_value,u1_0.user_nm,u1_0.zip from nemplyrinfo u1_0 where u1_0.emplyr_id=?
2026-03-16 17:00:35 [http-nio-8080-exec-3] DEBUG org.hibernate.SQL - select u1_0.emplyr_id,u1_0.area_no,u1_0.brthdy,u1_0.chg_pwd_cnt,u1_0.frst_register_id,u1_0.frst_regist_pnttm,u1_0.detail_adres,u1_0.email_adres,u1_0.emplyr_sttus_code,u1_0.empl_no,u1_0.esntl_id,u1_0.fxnum,u1_0.group_id,u1_0.house_adres,u1_0.house_end_telno,u1_0.house_middle_telno,u1_0.ihidnum,u1_0.pstinst_code,u1_0.last_updusr_id,u1_0.last_updt_pnttm,u1_0.lock_at,u1_0.lock_cnt,u1_0.lock_last_pnttm,u1_0.mbtlnum,u1_0.ofcps_nm,u1_0.offm_telno,u1_0.orgnzt_id,u1_0.password,u1_0.password_cnsr,u1_0.password_hint,u1_0.chg_pwd_last_pnttm,u1_0.role,u1_0.sbscrb_de,u1_0.sexdstn_code,u1_0.crtfc_dn_value,u1_0.user_nm,u1_0.zip from nemplyrinfo u1_0 where u1_0.emplyr_id=?
2026-03-16 17:00:35 [http-nio-8080-exec-10] INFO  c.c.p.a.i.OperationalAuditInterceptor - API Audit Log: URL=/api/v1/menu/left, User=webmaster, IP=127.0.0.1
2026-03-16 17:00:35 [http-nio-8080-exec-10] DEBUG o.s.web.servlet.DispatcherServlet - Completed 200 OK
2026-03-16 17:00:35 [http-nio-8080-exec-1] DEBUG o.s.orm.jpa.JpaTransactionManager - Closing JPA EntityManager [SessionImpl(493703685<open>)] after transaction
2026-03-16 17:00:35 [http-nio-8080-exec-1] DEBUG o.s.w.s.m.m.a.RequestResponseBodyMethodProcessor - Using 'application/json', given [application/json, text/plain, */*] and supported [application/json, application/*+json, application/yaml]
2026-03-16 17:00:35 [http-nio-8080-exec-1] TRACE o.s.w.s.m.m.a.RequestResponseBodyMethodProcessor - Writing [ApiResponse[success=true, status=200, code=COMMON_001, message=Success, data={role=ROLE_ADMIN, accessToken=eyJhbGciOiJIUzUxMiJ9.eyJzdWIiOiJ3ZWJtYXN0ZXIiLCJyb2xlIjoiUk9MRV9BRE1JTiIsImlhdCI6MTc3MzY0ODAzNSwiZXhwIjoxNzczNjUxNjM1fQ.1yOi_4MI65QjZCEu0dzKCmrp8tqtGJJR4ltKd2ZOK22TxxSuTGV_YHxOzzUjOmxHzWrbZUbPsx6geQIKmk4-Pw}, timestamp=2026-03-16T17:00:35.985560100]]
2026-03-16 17:00:35 [http-nio-8080-exec-1] INFO  c.c.p.a.i.OperationalAuditInterceptor - API Audit Log: URL=/api/v1/auth/login, User=webmaster, IP=127.0.0.1
2026-03-16 17:00:35 [http-nio-8080-exec-1] DEBUG o.s.web.servlet.DispatcherServlet - Completed 200 OK
2026-03-16 17:00:36 [http-nio-8080-exec-9] DEBUG o.s.orm.jpa.JpaTransactionManager - Found thread-bound EntityManager [SessionImpl(201474798<open>)] for JPA transaction
2026-03-16 17:00:36 [http-nio-8080-exec-9] DEBUG o.s.orm.jpa.JpaTransactionManager - Participating in existing transaction
2026-03-16 17:00:36 [http-nio-8080-exec-9] DEBUG org.hibernate.SQL - select ua1_0.scrty_dtrmn_trget_id,ua1_0.author_code,ua1_0.frst_register_id,ua1_0.frst_regist_pnttm,ua1_0.last_updusr_id,ua1_0.last_updt_pnttm,ua1_0.mber_ty_code from nemplyrscrtyestbs ua1_0 where ua1_0.scrty_dtrmn_trget_id=?
2026-03-16 17:00:36 [http-nio-8080-exec-7] DEBUG o.s.orm.jpa.JpaTransactionManager - Found thread-bound EntityManager [SessionImpl(1519709297<open>)] for JPA transaction
2026-03-16 17:00:36 [http-nio-8080-exec-7] DEBUG o.s.orm.jpa.JpaTransactionManager - Participating in existing transaction
2026-03-16 17:00:36 [http-nio-8080-exec-7] DEBUG org.hibernate.SQL - select ua1_0.scrty_dtrmn_trget_id,ua1_0.author_code,ua1_0.frst_register_id,ua1_0.frst_regist_pnttm,ua1_0.last_updusr_id,ua1_0.last_updt_pnttm,ua1_0.mber_ty_code from nemplyrscrtyestbs ua1_0 where ua1_0.scrty_dtrmn_trget_id=?
2026-03-16 17:00:36 [http-nio-8080-exec-3] DEBUG o.s.orm.jpa.JpaTransactionManager - Found thread-bound EntityManager [SessionImpl(1828970281<open>)] for JPA transaction
2026-03-16 17:00:36 [http-nio-8080-exec-3] DEBUG o.s.orm.jpa.JpaTransactionManager - Participating in existing transaction
2026-03-16 17:00:36 [http-nio-8080-exec-8] DEBUG o.s.orm.jpa.JpaTransactionManager - Found thread-bound EntityManager [SessionImpl(1543831948<open>)] for JPA transaction
2026-03-16 17:00:36 [http-nio-8080-exec-8] DEBUG o.s.orm.jpa.JpaTransactionManager - Participating in existing transaction
2026-03-16 17:00:36 [http-nio-8080-exec-3] DEBUG org.hibernate.SQL - select ua1_0.scrty_dtrmn_trget_id,ua1_0.author_code,ua1_0.frst_register_id,ua1_0.frst_regist_pnttm,ua1_0.last_updusr_id,ua1_0.last_updt_pnttm,ua1_0.mber_ty_code from nemplyrscrtyestbs ua1_0 where ua1_0.scrty_dtrmn_trget_id=?
2026-03-16 17:00:36 [http-nio-8080-exec-6] DEBUG o.s.orm.jpa.JpaTransactionManager - Found thread-bound EntityManager [SessionImpl(934820428<open>)] for JPA transaction
2026-03-16 17:00:36 [http-nio-8080-exec-8] DEBUG org.hibernate.SQL - select ua1_0.scrty_dtrmn_trget_id,ua1_0.author_code,ua1_0.frst_register_id,ua1_0.frst_regist_pnttm,ua1_0.last_updusr_id,ua1_0.last_updt_pnttm,ua1_0.mber_ty_code from nemplyrscrtyestbs ua1_0 where ua1_0.scrty_dtrmn_trget_id=?
2026-03-16 17:00:36 [http-nio-8080-exec-6] DEBUG o.s.orm.jpa.JpaTransactionManager - Participating in existing transaction
2026-03-16 17:00:36 [http-nio-8080-exec-6] DEBUG org.hibernate.SQL - select ua1_0.scrty_dtrmn_trget_id,ua1_0.author_code,ua1_0.frst_register_id,ua1_0.frst_regist_pnttm,ua1_0.last_updusr_id,ua1_0.last_updt_pnttm,ua1_0.mber_ty_code from nemplyrscrtyestbs ua1_0 where ua1_0.scrty_dtrmn_trget_id=?
2026-03-16 17:00:36 [http-nio-8080-exec-9] DEBUG o.s.orm.jpa.JpaTransactionManager - Initiating transaction commit
2026-03-16 17:00:36 [http-nio-8080-exec-9] DEBUG o.s.orm.jpa.JpaTransactionManager - Committing JPA transaction on EntityManager [SessionImpl(201474798<open>)]
2026-03-16 17:00:36 [http-nio-8080-exec-7] DEBUG o.s.orm.jpa.JpaTransactionManager - Initiating transaction commit
2026-03-16 17:00:36 [http-nio-8080-exec-7] DEBUG o.s.orm.jpa.JpaTransactionManager - Committing JPA transaction on EntityManager [SessionImpl(1519709297<open>)]
2026-03-16 17:00:36 [http-nio-8080-exec-8] DEBUG o.s.orm.jpa.JpaTransactionManager - Initiating transaction commit
2026-03-16 17:00:36 [http-nio-8080-exec-8] DEBUG o.s.orm.jpa.JpaTransactionManager - Committing JPA transaction on EntityManager [SessionImpl(1543831948<open>)]
2026-03-16 17:00:36 [http-nio-8080-exec-6] DEBUG o.s.orm.jpa.JpaTransactionManager - Initiating transaction commit
2026-03-16 17:00:36 [http-nio-8080-exec-6] DEBUG o.s.orm.jpa.JpaTransactionManager - Committing JPA transaction on EntityManager [SessionImpl(934820428<open>)]
2026-03-16 17:00:36 [http-nio-8080-exec-3] DEBUG o.s.orm.jpa.JpaTransactionManager - Initiating transaction commit
2026-03-16 17:00:36 [http-nio-8080-exec-3] DEBUG o.s.orm.jpa.JpaTransactionManager - Committing JPA transaction on EntityManager [SessionImpl(1828970281<open>)]
2026-03-16 17:00:36 [http-nio-8080-exec-9] DEBUG o.s.orm.jpa.JpaTransactionManager - Closing JPA EntityManager [SessionImpl(201474798<open>)] after transaction
2026-03-16 17:00:36 [http-nio-8080-exec-9] DEBUG c.c.p.s.jwt.JwtAuthenticationFilter - >>> [JwtFilter] Successfully authenticated user: USRCNFRM_99999999999, Authorities: [ROLE_ADMIN]
2026-03-16 17:00:36 [http-nio-8080-exec-9] DEBUG o.s.web.servlet.DispatcherServlet - GET "/api/v1/menu/left?menuNo=20", parameters={masked}
2026-03-16 17:00:36 [http-nio-8080-exec-9] TRACE o.s.w.s.m.m.a.RequestMappingHandlerMapping - Mapped to com.company.project.api.controller.menu.MenuController#getLeftMenu(Long)
2026-03-16 17:00:36 [http-nio-8080-exec-9] INFO  c.c.p.a.c.menu.MenuController - getLeftMenu called with menuNo=20
2026-03-16 17:00:36 [http-nio-8080-exec-9] DEBUG o.s.orm.jpa.JpaTransactionManager - Creating new transaction with name [com.company.project.service.menu.MenuService.getSubMenus]: PROPAGATION_REQUIRED,ISOLATION_DEFAULT,readOnly
2026-03-16 17:00:36 [http-nio-8080-exec-9] DEBUG o.s.orm.jpa.JpaTransactionManager - Opened new EntityManager [SessionImpl(872076012<open>)] for JPA transaction
2026-03-16 17:00:36 [http-nio-8080-exec-9] DEBUG o.s.orm.jpa.JpaTransactionManager - Exposing JPA transaction as JDBC [org.springframework.orm.jpa.vendor.HibernateJpaDialect$HibernateConnectionHandle@52925df8]
2026-03-16 17:00:36 [http-nio-8080-exec-9] DEBUG org.hibernate.SQL - select m1_0.menu_no,m1_0.menu_dc,m1_0.menu_nm,m1_0.menu_ordr,m1_0.modern_route,m1_0.progrm_file_nm,m1_0.relate_image_nm,m1_0.relate_image_path,m1_0.route_updated_at,m1_0.upper_menu_no from nmenuinfo m1_0 order by m1_0.upper_menu_no,m1_0.menu_ordr
2026-03-16 17:00:36 [http-nio-8080-exec-3] DEBUG o.s.orm.jpa.JpaTransactionManager - Closing JPA EntityManager [SessionImpl(1828970281<open>)] after transaction
2026-03-16 17:00:36 [http-nio-8080-exec-8] DEBUG o.s.orm.jpa.JpaTransactionManager - Closing JPA EntityManager [SessionImpl(1543831948<open>)] after transaction
2026-03-16 17:00:36 [http-nio-8080-exec-6] DEBUG o.s.orm.jpa.JpaTransactionManager - Closing JPA EntityManager [SessionImpl(934820428<open>)] after transaction
2026-03-16 17:00:36 [http-nio-8080-exec-7] DEBUG o.s.orm.jpa.JpaTransactionManager - Closing JPA EntityManager [SessionImpl(1519709297<open>)] after transaction
2026-03-16 17:00:36 [http-nio-8080-exec-3] DEBUG c.c.p.s.jwt.JwtAuthenticationFilter - >>> [JwtFilter] Successfully authenticated user: USRCNFRM_99999999999, Authorities: [ROLE_ADMIN]
2026-03-16 17:00:36 [http-nio-8080-exec-8] DEBUG c.c.p.s.jwt.JwtAuthenticationFilter - >>> [JwtFilter] Successfully authenticated user: USRCNFRM_99999999999, Authorities: [ROLE_ADMIN]
2026-03-16 17:00:36 [http-nio-8080-exec-6] DEBUG c.c.p.s.jwt.JwtAuthenticationFilter - >>> [JwtFilter] Successfully authenticated user: USRCNFRM_99999999999, Authorities: [ROLE_ADMIN]
2026-03-16 17:00:36 [http-nio-8080-exec-7] DEBUG c.c.p.s.jwt.JwtAuthenticationFilter - >>> [JwtFilter] Successfully authenticated user: USRCNFRM_99999999999, Authorities: [ROLE_ADMIN]
2026-03-16 17:00:36 [http-nio-8080-exec-8] DEBUG o.s.web.servlet.DispatcherServlet - GET "/api/v1/menu/left?menuNo=50", parameters={masked}
2026-03-16 17:00:36 [http-nio-8080-exec-6] DEBUG o.s.web.servlet.DispatcherServlet - GET "/api/v1/menu/left?menuNo=10", parameters={masked}
2026-03-16 17:00:36 [http-nio-8080-exec-7] DEBUG o.s.web.servlet.DispatcherServlet - GET "/api/v1/menu/left?menuNo=40", parameters={masked}
2026-03-16 17:00:36 [http-nio-8080-exec-3] DEBUG o.s.web.servlet.DispatcherServlet - GET "/api/v1/menu/left?menuNo=60", parameters={masked}
2026-03-16 17:00:36 [http-nio-8080-exec-6] TRACE o.s.w.s.m.m.a.RequestMappingHandlerMapping - Mapped to com.company.project.api.controller.menu.MenuController#getLeftMenu(Long)
2026-03-16 17:00:36 [http-nio-8080-exec-7] TRACE o.s.w.s.m.m.a.RequestMappingHandlerMapping - Mapped to com.company.project.api.controller.menu.MenuController#getLeftMenu(Long)
2026-03-16 17:00:36 [http-nio-8080-exec-8] TRACE o.s.w.s.m.m.a.RequestMappingHandlerMapping - Mapped to com.company.project.api.controller.menu.MenuController#getLeftMenu(Long)
2026-03-16 17:00:36 [http-nio-8080-exec-3] TRACE o.s.w.s.m.m.a.RequestMappingHandlerMapping - Mapped to com.company.project.api.controller.menu.MenuController#getLeftMenu(Long)
2026-03-16 17:00:36 [http-nio-8080-exec-3] INFO  c.c.p.a.c.menu.MenuController - getLeftMenu called with menuNo=60
2026-03-16 17:00:36 [http-nio-8080-exec-6] INFO  c.c.p.a.c.menu.MenuController - getLeftMenu called with menuNo=10
2026-03-16 17:00:36 [http-nio-8080-exec-3] DEBUG o.s.orm.jpa.JpaTransactionManager - Creating new transaction with name [com.company.project.service.menu.MenuService.getSubMenus]: PROPAGATION_REQUIRED,ISOLATION_DEFAULT,readOnly
2026-03-16 17:00:36 [http-nio-8080-exec-8] INFO  c.c.p.a.c.menu.MenuController - getLeftMenu called with menuNo=50
2026-03-16 17:00:36 [http-nio-8080-exec-6] DEBUG o.s.orm.jpa.JpaTransactionManager - Creating new transaction with name [com.company.project.service.menu.MenuService.getSubMenus]: PROPAGATION_REQUIRED,ISOLATION_DEFAULT,readOnly
2026-03-16 17:00:36 [http-nio-8080-exec-7] INFO  c.c.p.a.c.menu.MenuController - getLeftMenu called with menuNo=40
2026-03-16 17:00:36 [http-nio-8080-exec-3] DEBUG o.s.orm.jpa.JpaTransactionManager - Opened new EntityManager [SessionImpl(1173703121<open>)] for JPA transaction
2026-03-16 17:00:36 [http-nio-8080-exec-8] DEBUG o.s.orm.jpa.JpaTransactionManager - Creating new transaction with name [com.company.project.service.menu.MenuService.getSubMenus]: PROPAGATION_REQUIRED,ISOLATION_DEFAULT,readOnly
2026-03-16 17:00:36 [http-nio-8080-exec-6] DEBUG o.s.orm.jpa.JpaTransactionManager - Opened new EntityManager [SessionImpl(912255725<open>)] for JPA transaction
2026-03-16 17:00:36 [http-nio-8080-exec-3] DEBUG o.s.orm.jpa.JpaTransactionManager - Exposing JPA transaction as JDBC [org.springframework.orm.jpa.vendor.HibernateJpaDialect$HibernateConnectionHandle@5c2b044a]
2026-03-16 17:00:36 [http-nio-8080-exec-6] DEBUG o.s.orm.jpa.JpaTransactionManager - Exposing JPA transaction as JDBC [org.springframework.orm.jpa.vendor.HibernateJpaDialect$HibernateConnectionHandle@1fcb03da]
2026-03-16 17:00:36 [http-nio-8080-exec-7] DEBUG o.s.orm.jpa.JpaTransactionManager - Creating new transaction with name [com.company.project.service.menu.MenuService.getSubMenus]: PROPAGATION_REQUIRED,ISOLATION_DEFAULT,readOnly
2026-03-16 17:00:36 [http-nio-8080-exec-7] DEBUG o.s.orm.jpa.JpaTransactionManager - Opened new EntityManager [SessionImpl(1151627741<open>)] for JPA transaction
2026-03-16 17:00:36 [http-nio-8080-exec-8] DEBUG o.s.orm.jpa.JpaTransactionManager - Opened new EntityManager [SessionImpl(2051910866<open>)] for JPA transaction
2026-03-16 17:00:36 [http-nio-8080-exec-7] DEBUG o.s.orm.jpa.JpaTransactionManager - Exposing JPA transaction as JDBC [org.springframework.orm.jpa.vendor.HibernateJpaDialect$HibernateConnectionHandle@407e0e3f]
2026-03-16 17:00:36 [http-nio-8080-exec-8] DEBUG o.s.orm.jpa.JpaTransactionManager - Exposing JPA transaction as JDBC [org.springframework.orm.jpa.vendor.HibernateJpaDialect$HibernateConnectionHandle@771e862d]
2026-03-16 17:00:36 [http-nio-8080-exec-3] DEBUG org.hibernate.SQL - select m1_0.menu_no,m1_0.menu_dc,m1_0.menu_nm,m1_0.menu_ordr,m1_0.modern_route,m1_0.progrm_file_nm,m1_0.relate_image_nm,m1_0.relate_image_path,m1_0.route_updated_at,m1_0.upper_menu_no from nmenuinfo m1_0 order by m1_0.upper_menu_no,m1_0.menu_ordr
2026-03-16 17:00:36 [http-nio-8080-exec-8] DEBUG org.hibernate.SQL - select m1_0.menu_no,m1_0.menu_dc,m1_0.menu_nm,m1_0.menu_ordr,m1_0.modern_route,m1_0.progrm_file_nm,m1_0.relate_image_nm,m1_0.relate_image_path,m1_0.route_updated_at,m1_0.upper_menu_no from nmenuinfo m1_0 order by m1_0.upper_menu_no,m1_0.menu_ordr
2026-03-16 17:00:36 [http-nio-8080-exec-7] DEBUG org.hibernate.SQL - select m1_0.menu_no,m1_0.menu_dc,m1_0.menu_nm,m1_0.menu_ordr,m1_0.modern_route,m1_0.progrm_file_nm,m1_0.relate_image_nm,m1_0.relate_image_path,m1_0.route_updated_at,m1_0.upper_menu_no from nmenuinfo m1_0 order by m1_0.upper_menu_no,m1_0.menu_ordr
2026-03-16 17:00:36 [http-nio-8080-exec-6] DEBUG org.hibernate.SQL - select m1_0.menu_no,m1_0.menu_dc,m1_0.menu_nm,m1_0.menu_ordr,m1_0.modern_route,m1_0.progrm_file_nm,m1_0.relate_image_nm,m1_0.relate_image_path,m1_0.route_updated_at,m1_0.upper_menu_no from nmenuinfo m1_0 order by m1_0.upper_menu_no,m1_0.menu_ordr
2026-03-16 17:00:36 [http-nio-8080-exec-9] DEBUG o.s.orm.jpa.JpaTransactionManager - Found thread-bound EntityManager [SessionImpl(872076012<open>)] for JPA transaction
2026-03-16 17:00:36 [http-nio-8080-exec-9] DEBUG o.s.orm.jpa.JpaTransactionManager - Participating in existing transaction
2026-03-16 17:00:36 [http-nio-8080-exec-9] DEBUG org.hibernate.SQL - select p1_0.progrm_file_nm,p1_0.progrm_dc,p1_0.progrm_korean_nm,p1_0.progrm_stre_path,p1_0.url from nprogrmlist p1_0
2026-03-16 17:00:36 [http-nio-8080-exec-7] DEBUG o.s.orm.jpa.JpaTransactionManager - Found thread-bound EntityManager [SessionImpl(1151627741<open>)] for JPA transaction
2026-03-16 17:00:36 [http-nio-8080-exec-7] DEBUG o.s.orm.jpa.JpaTransactionManager - Participating in existing transaction
2026-03-16 17:00:36 [http-nio-8080-exec-7] DEBUG org.hibernate.SQL - select p1_0.progrm_file_nm,p1_0.progrm_dc,p1_0.progrm_korean_nm,p1_0.progrm_stre_path,p1_0.url from nprogrmlist p1_0
2026-03-16 17:00:36 [http-nio-8080-exec-6] DEBUG o.s.orm.jpa.JpaTransactionManager - Found thread-bound EntityManager [SessionImpl(912255725<open>)] for JPA transaction
2026-03-16 17:00:36 [http-nio-8080-exec-6] DEBUG o.s.orm.jpa.JpaTransactionManager - Participating in existing transaction
2026-03-16 17:00:36 [http-nio-8080-exec-6] DEBUG org.hibernate.SQL - select p1_0.progrm_file_nm,p1_0.progrm_dc,p1_0.progrm_korean_nm,p1_0.progrm_stre_path,p1_0.url from nprogrmlist p1_0
2026-03-16 17:00:36 [http-nio-8080-exec-8] DEBUG o.s.orm.jpa.JpaTransactionManager - Found thread-bound EntityManager [SessionImpl(2051910866<open>)] for JPA transaction
2026-03-16 17:00:36 [http-nio-8080-exec-8] DEBUG o.s.orm.jpa.JpaTransactionManager - Participating in existing transaction
2026-03-16 17:00:36 [http-nio-8080-exec-8] DEBUG org.hibernate.SQL - select p1_0.progrm_file_nm,p1_0.progrm_dc,p1_0.progrm_korean_nm,p1_0.progrm_stre_path,p1_0.url from nprogrmlist p1_0
2026-03-16 17:00:36 [http-nio-8080-exec-3] DEBUG o.s.orm.jpa.JpaTransactionManager - Found thread-bound EntityManager [SessionImpl(1173703121<open>)] for JPA transaction
2026-03-16 17:00:36 [http-nio-8080-exec-3] DEBUG o.s.orm.jpa.JpaTransactionManager - Participating in existing transaction
2026-03-16 17:00:36 [http-nio-8080-exec-3] DEBUG org.hibernate.SQL - select p1_0.progrm_file_nm,p1_0.progrm_dc,p1_0.progrm_korean_nm,p1_0.progrm_stre_path,p1_0.url from nprogrmlist p1_0
2026-03-16 17:00:36 [http-nio-8080-exec-9] DEBUG o.s.orm.jpa.JpaTransactionManager - Initiating transaction commit
2026-03-16 17:00:36 [http-nio-8080-exec-9] DEBUG o.s.orm.jpa.JpaTransactionManager - Committing JPA transaction on EntityManager [SessionImpl(872076012<open>)]
2026-03-16 17:00:36 [http-nio-8080-exec-7] DEBUG o.s.orm.jpa.JpaTransactionManager - Initiating transaction commit
2026-03-16 17:00:36 [http-nio-8080-exec-7] DEBUG o.s.orm.jpa.JpaTransactionManager - Committing JPA transaction on EntityManager [SessionImpl(1151627741<open>)]
2026-03-16 17:00:36 [http-nio-8080-exec-6] DEBUG o.s.orm.jpa.JpaTransactionManager - Initiating transaction commit
2026-03-16 17:00:36 [http-nio-8080-exec-6] DEBUG o.s.orm.jpa.JpaTransactionManager - Committing JPA transaction on EntityManager [SessionImpl(912255725<open>)]
2026-03-16 17:00:36 [http-nio-8080-exec-8] DEBUG o.s.orm.jpa.JpaTransactionManager - Initiating transaction commit
2026-03-16 17:00:36 [http-nio-8080-exec-8] DEBUG o.s.orm.jpa.JpaTransactionManager - Committing JPA transaction on EntityManager [SessionImpl(2051910866<open>)]
2026-03-16 17:00:36 [http-nio-8080-exec-3] DEBUG o.s.orm.jpa.JpaTransactionManager - Initiating transaction commit
2026-03-16 17:00:36 [http-nio-8080-exec-3] DEBUG o.s.orm.jpa.JpaTransactionManager - Committing JPA transaction on EntityManager [SessionImpl(1173703121<open>)]
2026-03-16 17:00:37 [http-nio-8080-exec-9] DEBUG o.s.orm.jpa.JpaTransactionManager - Closing JPA EntityManager [SessionImpl(872076012<open>)] after transaction
2026-03-16 17:00:37 [http-nio-8080-exec-9] INFO  c.c.p.a.c.menu.MenuController - getLeftMenu returned 3 items
2026-03-16 17:00:37 [http-nio-8080-exec-9] DEBUG o.s.w.s.m.m.a.HttpEntityMethodProcessor - Using 'application/json', given [application/json, text/plain, */*] and supported [application/json, application/*+json, application/yaml]
2026-03-16 17:00:37 [http-nio-8080-exec-9] TRACE o.s.w.s.m.m.a.HttpEntityMethodProcessor - Writing [ApiResponse[success=true, status=200, code=COMMON_001, message=Success, data={list=[com.company.project.service.menu.dto.MenuDto@5bf063ad, com.company.project.service.menu.dto.MenuDto@57b460f5, com.company.project.service.menu.dto.MenuDto@2c25dc83]}, timestamp=2026-03-16T17:00:37.001292300]]
2026-03-16 17:00:37 [http-nio-8080-exec-9] INFO  c.c.p.a.i.OperationalAuditInterceptor - API Audit Log: URL=/api/v1/menu/left, User=webmaster, IP=0:0:0:0:0:0:0:1
2026-03-16 17:00:37 [http-nio-8080-exec-9] DEBUG o.s.web.servlet.DispatcherServlet - Completed 200 OK
2026-03-16 17:00:37 [http-nio-8080-exec-7] DEBUG o.s.orm.jpa.JpaTransactionManager - Closing JPA EntityManager [SessionImpl(1151627741<open>)] after transaction
2026-03-16 17:00:37 [http-nio-8080-exec-6] DEBUG o.s.orm.jpa.JpaTransactionManager - Closing JPA EntityManager [SessionImpl(912255725<open>)] after transaction
2026-03-16 17:00:37 [http-nio-8080-exec-7] INFO  c.c.p.a.c.menu.MenuController - getLeftMenu returned 2 items
2026-03-16 17:00:37 [http-nio-8080-exec-6] INFO  c.c.p.a.c.menu.MenuController - getLeftMenu returned 5 items
2026-03-16 17:00:37 [http-nio-8080-exec-7] DEBUG o.s.w.s.m.m.a.HttpEntityMethodProcessor - Using 'application/json', given [application/json, text/plain, */*] and supported [application/json, application/*+json, application/yaml]
2026-03-16 17:00:37 [http-nio-8080-exec-6] DEBUG o.s.w.s.m.m.a.HttpEntityMethodProcessor - Using 'application/json', given [application/json, text/plain, */*] and supported [application/json, application/*+json, application/yaml]
2026-03-16 17:00:37 [http-nio-8080-exec-7] TRACE o.s.w.s.m.m.a.HttpEntityMethodProcessor - Writing [ApiResponse[success=true, status=200, code=COMMON_001, message=Success, data={list=[com.company.project.service.menu.dto.MenuDto@45c9cb56, com.company.project.service.menu.dto.MenuDto@5c9a8543]}, timestamp=2026-03-16T17:00:37.050765600]]
2026-03-16 17:00:37 [http-nio-8080-exec-6] TRACE o.s.w.s.m.m.a.HttpEntityMethodProcessor - Writing [ApiResponse[success=true, status=200, code=COMMON_001, message=Success, data={list=[com.company.project.service.menu.dto.MenuDto@f2ee991, com.company.project.service.menu.dto.MenuDto@df23358, com.company.project.service.menu.dto.MenuDto@1d44c4be, com.company.project.service.menu.dto.MenuDto@15fa9d00, com.company.project.service.menu.dto.MenuDto@6de09c4f]}, timestamp=2026-03-16T17:00:37.050765600]]
2026-03-16 17:00:37 [http-nio-8080-exec-7] INFO  c.c.p.a.i.OperationalAuditInterceptor - API Audit Log: URL=/api/v1/menu/left, User=webmaster, IP=0:0:0:0:0:0:0:1
2026-03-16 17:00:37 [http-nio-8080-exec-7] DEBUG o.s.web.servlet.DispatcherServlet - Completed 200 OK
2026-03-16 17:00:37 [http-nio-8080-exec-6] INFO  c.c.p.a.i.OperationalAuditInterceptor - API Audit Log: URL=/api/v1/menu/left, User=webmaster, IP=0:0:0:0:0:0:0:1
2026-03-16 17:00:37 [http-nio-8080-exec-6] DEBUG o.s.web.servlet.DispatcherServlet - Completed 200 OK
2026-03-16 17:00:37 [http-nio-8080-exec-8] DEBUG o.s.orm.jpa.JpaTransactionManager - Closing JPA EntityManager [SessionImpl(2051910866<open>)] after transaction
2026-03-16 17:00:37 [http-nio-8080-exec-3] DEBUG o.s.orm.jpa.JpaTransactionManager - Closing JPA EntityManager [SessionImpl(1173703121<open>)] after transaction
2026-03-16 17:00:37 [http-nio-8080-exec-8] INFO  c.c.p.a.c.menu.MenuController - getLeftMenu returned 3 items
2026-03-16 17:00:37 [http-nio-8080-exec-3] INFO  c.c.p.a.c.menu.MenuController - getLeftMenu returned 1 items
2026-03-16 17:00:37 [http-nio-8080-exec-8] DEBUG o.s.w.s.m.m.a.HttpEntityMethodProcessor - Using 'application/json', given [application/json, text/plain, */*] and supported [application/json, application/*+json, application/yaml]
2026-03-16 17:00:37 [http-nio-8080-exec-8] TRACE o.s.w.s.m.m.a.HttpEntityMethodProcessor - Writing [ApiResponse[success=true, status=200, code=COMMON_001, message=Success, data={list=[com.company.project.service.menu.dto.MenuDto@6c6ffe79, com.company.project.service.menu.dto.MenuDto@4806542b, com.company.project.service.menu.dto.MenuDto@430588c6]}, timestamp=2026-03-16T17:00:37.055797600]]
2026-03-16 17:00:37 [http-nio-8080-exec-3] DEBUG o.s.w.s.m.m.a.HttpEntityMethodProcessor - Using 'application/json', given [application/json, text/plain, */*] and supported [application/json, application/*+json, application/yaml]
2026-03-16 17:00:37 [http-nio-8080-exec-3] TRACE o.s.w.s.m.m.a.HttpEntityMethodProcessor - Writing [ApiResponse[success=true, status=200, code=COMMON_001, message=Success, data={list=[com.company.project.service.menu.dto.MenuDto@7be97c1a]}, timestamp=2026-03-16T17:00:37.055797600]]
2026-03-16 17:00:37 [http-nio-8080-exec-8] INFO  c.c.p.a.i.OperationalAuditInterceptor - API Audit Log: URL=/api/v1/menu/left, User=webmaster, IP=0:0:0:0:0:0:0:1
2026-03-16 17:00:37 [http-nio-8080-exec-8] DEBUG o.s.web.servlet.DispatcherServlet - Completed 200 OK
2026-03-16 17:00:37 [http-nio-8080-exec-3] INFO  c.c.p.a.i.OperationalAuditInterceptor - API Audit Log: URL=/api/v1/menu/left, User=webmaster, IP=0:0:0:0:0:0:0:1
2026-03-16 17:00:37 [http-nio-8080-exec-3] DEBUG o.s.web.servlet.DispatcherServlet - Completed 200 OK
2026-03-16 17:00:37 [http-nio-8080-exec-2] DEBUG c.c.p.s.jwt.JwtAuthenticationFilter - >>> [JwtFilter] Processing request: GET /api/v1/menu/head
2026-03-16 17:00:37 [http-nio-8080-exec-4] DEBUG c.c.p.s.jwt.JwtAuthenticationFilter - >>> [JwtFilter] Processing request: GET /api/v1/menu/left
2026-03-16 17:00:37 [http-nio-8080-exec-2] DEBUG c.c.p.s.jwt.JwtAuthenticationFilter - >>> [JwtFilter] Found token in header for path: /api/v1/menu/head
2026-03-16 17:00:37 [http-nio-8080-exec-5] DEBUG c.c.p.s.jwt.JwtAuthenticationFilter - >>> [JwtFilter] Processing request: GET /api/v1/auth/me
2026-03-16 17:00:37 [http-nio-8080-exec-4] DEBUG c.c.p.s.jwt.JwtAuthenticationFilter - >>> [JwtFilter] Found token in header for path: /api/v1/menu/left
2026-03-16 17:00:37 [http-nio-8080-exec-5] DEBUG c.c.p.s.jwt.JwtAuthenticationFilter - >>> [JwtFilter] Found token in header for path: /api/v1/auth/me
2026-03-16 17:00:37 [http-nio-8080-exec-2] DEBUG o.s.orm.jpa.JpaTransactionManager - Creating new transaction with name [com.company.project.security.iam.CustomUserDetailsService.loadUserByUsername]: PROPAGATION_REQUIRED,ISOLATION_DEFAULT,readOnly
2026-03-16 17:00:37 [http-nio-8080-exec-5] DEBUG o.s.orm.jpa.JpaTransactionManager - Creating new transaction with name [com.company.project.security.iam.CustomUserDetailsService.loadUserByUsername]: PROPAGATION_REQUIRED,ISOLATION_DEFAULT,readOnly
2026-03-16 17:00:37 [http-nio-8080-exec-2] DEBUG o.s.orm.jpa.JpaTransactionManager - Opened new EntityManager [SessionImpl(211158835<open>)] for JPA transaction
2026-03-16 17:00:37 [http-nio-8080-exec-4] DEBUG o.s.orm.jpa.JpaTransactionManager - Creating new transaction with name [com.company.project.security.iam.CustomUserDetailsService.loadUserByUsername]: PROPAGATION_REQUIRED,ISOLATION_DEFAULT,readOnly
2026-03-16 17:00:37 [http-nio-8080-exec-5] DEBUG o.s.orm.jpa.JpaTransactionManager - Opened new EntityManager [SessionImpl(330391795<open>)] for JPA transaction
2026-03-16 17:00:37 [http-nio-8080-exec-4] DEBUG o.s.orm.jpa.JpaTransactionManager - Opened new EntityManager [SessionImpl(661887642<open>)] for JPA transaction
2026-03-16 17:00:37 [http-nio-8080-exec-4] DEBUG o.s.orm.jpa.JpaTransactionManager - Exposing JPA transaction as JDBC [org.springframework.orm.jpa.vendor.HibernateJpaDialect$HibernateConnectionHandle@5c3c913b]
2026-03-16 17:00:37 [http-nio-8080-exec-2] DEBUG o.s.orm.jpa.JpaTransactionManager - Exposing JPA transaction as JDBC [org.springframework.orm.jpa.vendor.HibernateJpaDialect$HibernateConnectionHandle@7aaaa517]
2026-03-16 17:00:37 [http-nio-8080-exec-4] DEBUG o.s.orm.jpa.JpaTransactionManager - Found thread-bound EntityManager [SessionImpl(661887642<open>)] for JPA transaction
2026-03-16 17:00:37 [http-nio-8080-exec-4] DEBUG o.s.orm.jpa.JpaTransactionManager - Participating in existing transaction
2026-03-16 17:00:37 [http-nio-8080-exec-4] DEBUG org.hibernate.SQL - select u1_0.emplyr_id,u1_0.area_no,u1_0.brthdy,u1_0.chg_pwd_cnt,u1_0.frst_register_id,u1_0.frst_regist_pnttm,u1_0.detail_adres,u1_0.email_adres,u1_0.emplyr_sttus_code,u1_0.empl_no,u1_0.esntl_id,u1_0.fxnum,u1_0.group_id,u1_0.house_adres,u1_0.house_end_telno,u1_0.house_middle_telno,u1_0.ihidnum,u1_0.pstinst_code,u1_0.last_updusr_id,u1_0.last_updt_pnttm,u1_0.lock_at,u1_0.lock_cnt,u1_0.lock_last_pnttm,u1_0.mbtlnum,u1_0.ofcps_nm,u1_0.offm_telno,u1_0.orgnzt_id,u1_0.password,u1_0.password_cnsr,u1_0.password_hint,u1_0.chg_pwd_last_pnttm,u1_0.role,u1_0.sbscrb_de,u1_0.sexdstn_code,u1_0.crtfc_dn_value,u1_0.user_nm,u1_0.zip from nemplyrinfo u1_0 where u1_0.emplyr_id=?
2026-03-16 17:00:37 [http-nio-8080-exec-2] DEBUG o.s.orm.jpa.JpaTransactionManager - Found thread-bound EntityManager [SessionImpl(211158835<open>)] for JPA transaction
2026-03-16 17:00:37 [http-nio-8080-exec-2] DEBUG o.s.orm.jpa.JpaTransactionManager - Participating in existing transaction
2026-03-16 17:00:37 [http-nio-8080-exec-2] DEBUG org.hibernate.SQL - select u1_0.emplyr_id,u1_0.area_no,u1_0.brthdy,u1_0.chg_pwd_cnt,u1_0.frst_register_id,u1_0.frst_regist_pnttm,u1_0.detail_adres,u1_0.email_adres,u1_0.emplyr_sttus_code,u1_0.empl_no,u1_0.esntl_id,u1_0.fxnum,u1_0.group_id,u1_0.house_adres,u1_0.house_end_telno,u1_0.house_middle_telno,u1_0.ihidnum,u1_0.pstinst_code,u1_0.last_updusr_id,u1_0.last_updt_pnttm,u1_0.lock_at,u1_0.lock_cnt,u1_0.lock_last_pnttm,u1_0.mbtlnum,u1_0.ofcps_nm,u1_0.offm_telno,u1_0.orgnzt_id,u1_0.password,u1_0.password_cnsr,u1_0.password_hint,u1_0.chg_pwd_last_pnttm,u1_0.role,u1_0.sbscrb_de,u1_0.sexdstn_code,u1_0.crtfc_dn_value,u1_0.user_nm,u1_0.zip from nemplyrinfo u1_0 where u1_0.emplyr_id=?
2026-03-16 17:00:37 [http-nio-8080-exec-5] DEBUG o.s.orm.jpa.JpaTransactionManager - Exposing JPA transaction as JDBC [org.springframework.orm.jpa.vendor.HibernateJpaDialect$HibernateConnectionHandle@76a6ed92]
2026-03-16 17:00:37 [http-nio-8080-exec-5] DEBUG o.s.orm.jpa.JpaTransactionManager - Found thread-bound EntityManager [SessionImpl(330391795<open>)] for JPA transaction
2026-03-16 17:00:37 [http-nio-8080-exec-5] DEBUG o.s.orm.jpa.JpaTransactionManager - Participating in existing transaction
2026-03-16 17:00:37 [http-nio-8080-exec-5] DEBUG org.hibernate.SQL - select u1_0.emplyr_id,u1_0.area_no,u1_0.brthdy,u1_0.chg_pwd_cnt,u1_0.frst_register_id,u1_0.frst_regist_pnttm,u1_0.detail_adres,u1_0.email_adres,u1_0.emplyr_sttus_code,u1_0.empl_no,u1_0.esntl_id,u1_0.fxnum,u1_0.group_id,u1_0.house_adres,u1_0.house_end_telno,u1_0.house_middle_telno,u1_0.ihidnum,u1_0.pstinst_code,u1_0.last_updusr_id,u1_0.last_updt_pnttm,u1_0.lock_at,u1_0.lock_cnt,u1_0.lock_last_pnttm,u1_0.mbtlnum,u1_0.ofcps_nm,u1_0.offm_telno,u1_0.orgnzt_id,u1_0.password,u1_0.password_cnsr,u1_0.password_hint,u1_0.chg_pwd_last_pnttm,u1_0.role,u1_0.sbscrb_de,u1_0.sexdstn_code,u1_0.crtfc_dn_value,u1_0.user_nm,u1_0.zip from nemplyrinfo u1_0 where u1_0.emplyr_id=?
2026-03-16 17:00:37 [http-nio-8080-exec-10] DEBUG c.c.p.s.jwt.JwtAuthenticationFilter - >>> [JwtFilter] Processing request: POST /api/v1/auth/login
2026-03-16 17:00:37 [http-nio-8080-exec-10] DEBUG c.c.p.s.jwt.JwtAuthenticationFilter - >>> [JwtFilter] Found token in header for path: /api/v1/auth/login
2026-03-16 17:00:37 [http-nio-8080-exec-10] DEBUG o.s.orm.jpa.JpaTransactionManager - Creating new transaction with name [com.company.project.security.iam.CustomUserDetailsService.loadUserByUsername]: PROPAGATION_REQUIRED,ISOLATION_DEFAULT,readOnly
2026-03-16 17:00:37 [http-nio-8080-exec-10] DEBUG o.s.orm.jpa.JpaTransactionManager - Opened new EntityManager [SessionImpl(1947082947<open>)] for JPA transaction
2026-03-16 17:00:37 [http-nio-8080-exec-2] DEBUG o.s.orm.jpa.JpaTransactionManager - Found thread-bound EntityManager [SessionImpl(211158835<open>)] for JPA transaction
2026-03-16 17:00:37 [http-nio-8080-exec-5] DEBUG o.s.orm.jpa.JpaTransactionManager - Found thread-bound EntityManager [SessionImpl(330391795<open>)] for JPA transaction
2026-03-16 17:00:37 [http-nio-8080-exec-4] DEBUG o.s.orm.jpa.JpaTransactionManager - Found thread-bound EntityManager [SessionImpl(661887642<open>)] for JPA transaction
2026-03-16 17:00:37 [http-nio-8080-exec-2] DEBUG o.s.orm.jpa.JpaTransactionManager - Participating in existing transaction
2026-03-16 17:00:37 [http-nio-8080-exec-5] DEBUG o.s.orm.jpa.JpaTransactionManager - Participating in existing transaction
2026-03-16 17:00:37 [http-nio-8080-exec-2] DEBUG org.hibernate.SQL - select ua1_0.scrty_dtrmn_trget_id,ua1_0.author_code,ua1_0.frst_register_id,ua1_0.frst_regist_pnttm,ua1_0.last_updusr_id,ua1_0.last_updt_pnttm,ua1_0.mber_ty_code from nemplyrscrtyestbs ua1_0 where ua1_0.scrty_dtrmn_trget_id=?
2026-03-16 17:00:37 [http-nio-8080-exec-5] DEBUG org.hibernate.SQL - select ua1_0.scrty_dtrmn_trget_id,ua1_0.author_code,ua1_0.frst_register_id,ua1_0.frst_regist_pnttm,ua1_0.last_updusr_id,ua1_0.last_updt_pnttm,ua1_0.mber_ty_code from nemplyrscrtyestbs ua1_0 where ua1_0.scrty_dtrmn_trget_id=?
2026-03-16 17:00:37 [http-nio-8080-exec-4] DEBUG o.s.orm.jpa.JpaTransactionManager - Participating in existing transaction
2026-03-16 17:00:37 [http-nio-8080-exec-4] DEBUG org.hibernate.SQL - select ua1_0.scrty_dtrmn_trget_id,ua1_0.author_code,ua1_0.frst_register_id,ua1_0.frst_regist_pnttm,ua1_0.last_updusr_id,ua1_0.last_updt_pnttm,ua1_0.mber_ty_code from nemplyrscrtyestbs ua1_0 where ua1_0.scrty_dtrmn_trget_id=?
2026-03-16 17:00:37 [http-nio-8080-exec-10] DEBUG o.s.orm.jpa.JpaTransactionManager - Exposing JPA transaction as JDBC [org.springframework.orm.jpa.vendor.HibernateJpaDialect$HibernateConnectionHandle@26878541]
2026-03-16 17:00:37 [http-nio-8080-exec-10] DEBUG o.s.orm.jpa.JpaTransactionManager - Found thread-bound EntityManager [SessionImpl(1947082947<open>)] for JPA transaction
2026-03-16 17:00:37 [http-nio-8080-exec-10] DEBUG o.s.orm.jpa.JpaTransactionManager - Participating in existing transaction
2026-03-16 17:00:37 [http-nio-8080-exec-10] DEBUG org.hibernate.SQL - select u1_0.emplyr_id,u1_0.area_no,u1_0.brthdy,u1_0.chg_pwd_cnt,u1_0.frst_register_id,u1_0.frst_regist_pnttm,u1_0.detail_adres,u1_0.email_adres,u1_0.emplyr_sttus_code,u1_0.empl_no,u1_0.esntl_id,u1_0.fxnum,u1_0.group_id,u1_0.house_adres,u1_0.house_end_telno,u1_0.house_middle_telno,u1_0.ihidnum,u1_0.pstinst_code,u1_0.last_updusr_id,u1_0.last_updt_pnttm,u1_0.lock_at,u1_0.lock_cnt,u1_0.lock_last_pnttm,u1_0.mbtlnum,u1_0.ofcps_nm,u1_0.offm_telno,u1_0.orgnzt_id,u1_0.password,u1_0.password_cnsr,u1_0.password_hint,u1_0.chg_pwd_last_pnttm,u1_0.role,u1_0.sbscrb_de,u1_0.sexdstn_code,u1_0.crtfc_dn_value,u1_0.user_nm,u1_0.zip from nemplyrinfo u1_0 where u1_0.emplyr_id=?
2026-03-16 17:00:38 [http-nio-8080-exec-2] DEBUG o.s.orm.jpa.JpaTransactionManager - Initiating transaction commit
2026-03-16 17:00:38 [http-nio-8080-exec-4] DEBUG o.s.orm.jpa.JpaTransactionManager - Initiating transaction commit
2026-03-16 17:00:38 [http-nio-8080-exec-2] DEBUG o.s.orm.jpa.JpaTransactionManager - Committing JPA transaction on EntityManager [SessionImpl(211158835<open>)]
2026-03-16 17:00:38 [http-nio-8080-exec-4] DEBUG o.s.orm.jpa.JpaTransactionManager - Committing JPA transaction on EntityManager [SessionImpl(661887642<open>)]
2026-03-16 17:00:38 [http-nio-8080-exec-5] DEBUG o.s.orm.jpa.JpaTransactionManager - Initiating transaction commit
2026-03-16 17:00:38 [http-nio-8080-exec-5] DEBUG o.s.orm.jpa.JpaTransactionManager - Committing JPA transaction on EntityManager [SessionImpl(330391795<open>)]
2026-03-16 17:00:38 [http-nio-8080-exec-10] DEBUG o.s.orm.jpa.JpaTransactionManager - Found thread-bound EntityManager [SessionImpl(1947082947<open>)] for JPA transaction
2026-03-16 17:00:38 [http-nio-8080-exec-10] DEBUG o.s.orm.jpa.JpaTransactionManager - Participating in existing transaction
2026-03-16 17:00:38 [http-nio-8080-exec-10] DEBUG org.hibernate.SQL - select ua1_0.scrty_dtrmn_trget_id,ua1_0.author_code,ua1_0.frst_register_id,ua1_0.frst_regist_pnttm,ua1_0.last_updusr_id,ua1_0.last_updt_pnttm,ua1_0.mber_ty_code from nemplyrscrtyestbs ua1_0 where ua1_0.scrty_dtrmn_trget_id=?
2026-03-16 17:00:38 [http-nio-8080-exec-2] DEBUG o.s.orm.jpa.JpaTransactionManager - Closing JPA EntityManager [SessionImpl(211158835<open>)] after transaction
2026-03-16 17:00:38 [http-nio-8080-exec-4] DEBUG o.s.orm.jpa.JpaTransactionManager - Closing JPA EntityManager [SessionImpl(661887642<open>)] after transaction
2026-03-16 17:00:38 [http-nio-8080-exec-2] DEBUG c.c.p.s.jwt.JwtAuthenticationFilter - >>> [JwtFilter] Successfully authenticated user: USRCNFRM_99999999999, Authorities: [ROLE_ADMIN]
2026-03-16 17:00:38 [http-nio-8080-exec-4] DEBUG c.c.p.s.jwt.JwtAuthenticationFilter - >>> [JwtFilter] Successfully authenticated user: USRCNFRM_99999999999, Authorities: [ROLE_ADMIN]
2026-03-16 17:00:38 [http-nio-8080-exec-2] DEBUG o.s.web.servlet.DispatcherServlet - GET "/api/v1/menu/head", parameters={}
2026-03-16 17:00:38 [http-nio-8080-exec-4] DEBUG o.s.web.servlet.DispatcherServlet - GET "/api/v1/menu/left?menuNo=10", parameters={masked}
2026-03-16 17:00:38 [http-nio-8080-exec-2] TRACE o.s.w.s.m.m.a.RequestMappingHandlerMapping - Mapped to com.company.project.api.controller.menu.MenuController#getHeadMenu()
2026-03-16 17:00:38 [http-nio-8080-exec-4] TRACE o.s.w.s.m.m.a.RequestMappingHandlerMapping - Mapped to com.company.project.api.controller.menu.MenuController#getLeftMenu(Long)
2026-03-16 17:00:38 [http-nio-8080-exec-2] INFO  c.c.p.a.c.menu.MenuController - getHeadMenu called
2026-03-16 17:00:38 [http-nio-8080-exec-4] INFO  c.c.p.a.c.menu.MenuController - getLeftMenu called with menuNo=10
2026-03-16 17:00:38 [http-nio-8080-exec-4] DEBUG o.s.orm.jpa.JpaTransactionManager - Creating new transaction with name [com.company.project.service.menu.MenuService.getSubMenus]: PROPAGATION_REQUIRED,ISOLATION_DEFAULT,readOnly
2026-03-16 17:00:38 [http-nio-8080-exec-4] DEBUG o.s.orm.jpa.JpaTransactionManager - Opened new EntityManager [SessionImpl(17068056<open>)] for JPA transaction
2026-03-16 17:00:38 [http-nio-8080-exec-4] DEBUG o.s.orm.jpa.JpaTransactionManager - Exposing JPA transaction as JDBC [org.springframework.orm.jpa.vendor.HibernateJpaDialect$HibernateConnectionHandle@4f5fa41c]
2026-03-16 17:00:38 [http-nio-8080-exec-2] INFO  c.c.p.a.c.menu.MenuController - getHeadMenu returned 5 items
2026-03-16 17:00:38 [http-nio-8080-exec-2] DEBUG o.s.w.s.m.m.a.HttpEntityMethodProcessor - Using 'application/json', given [application/json, text/plain, */*] and supported [application/json, application/*+json, application/yaml]
2026-03-16 17:00:38 [http-nio-8080-exec-4] DEBUG org.hibernate.SQL - select m1_0.menu_no,m1_0.menu_dc,m1_0.menu_nm,m1_0.menu_ordr,m1_0.modern_route,m1_0.progrm_file_nm,m1_0.relate_image_nm,m1_0.relate_image_path,m1_0.route_updated_at,m1_0.upper_menu_no from nmenuinfo m1_0 order by m1_0.upper_menu_no,m1_0.menu_ordr
2026-03-16 17:00:38 [http-nio-8080-exec-2] TRACE o.s.w.s.m.m.a.HttpEntityMethodProcessor - Writing [ApiResponse[success=true, status=200, code=COMMON_001, message=Success, data={list=[com.company.project.service.menu.dto.MenuDto@2b80d6b0, com.company.project.service.menu.dto.MenuDto@1418cfa3, com.company.project.service.menu.dto.MenuDto@f230bf1, com.company.project.service.menu.dto.MenuDto@734a7f6a, com.company.project.service.menu.dto.MenuDto@5e5202e5]}, timestamp=2026-03-16T17:00:38.202269700]]
2026-03-16 17:00:38 [http-nio-8080-exec-2] INFO  c.c.p.a.i.OperationalAuditInterceptor - API Audit Log: URL=/api/v1/menu/head, User=webmaster, IP=127.0.0.1
2026-03-16 17:00:38 [http-nio-8080-exec-2] DEBUG o.s.web.servlet.DispatcherServlet - Completed 200 OK
2026-03-16 17:00:38 [http-nio-8080-exec-5] DEBUG o.s.orm.jpa.JpaTransactionManager - Closing JPA EntityManager [SessionImpl(330391795<open>)] after transaction
2026-03-16 17:00:38 [http-nio-8080-exec-5] DEBUG c.c.p.s.jwt.JwtAuthenticationFilter - >>> [JwtFilter] Successfully authenticated user: USRCNFRM_99999999999, Authorities: [ROLE_ADMIN]
2026-03-16 17:00:38 [http-nio-8080-exec-5] DEBUG o.s.web.servlet.DispatcherServlet - GET "/api/v1/auth/me", parameters={}
2026-03-16 17:00:38 [http-nio-8080-exec-5] TRACE o.s.w.s.m.m.a.RequestMappingHandlerMapping - Mapped to com.company.project.api.auth.AuthController#getCurrentUser()
2026-03-16 17:00:38 [http-nio-8080-exec-5] DEBUG o.s.w.s.m.m.a.RequestResponseBodyMethodProcessor - Using 'application/json', given [application/json, text/plain, */*] and supported [application/json, application/*+json, application/yaml]
2026-03-16 17:00:38 [http-nio-8080-exec-5] TRACE o.s.w.s.m.m.a.RequestResponseBodyMethodProcessor - Writing [ApiResponse[success=true, status=200, code=COMMON_001, message=Success, data={role=ROLE_ADMIN, userSe=EMP, name=관리자, id=webmaster}, timestamp=2026-03-16T17:00:38.209454600]]
2026-03-16 17:00:38 [http-nio-8080-exec-5] INFO  c.c.p.a.i.OperationalAuditInterceptor - API Audit Log: URL=/api/v1/auth/me, User=webmaster, IP=127.0.0.1
2026-03-16 17:00:38 [http-nio-8080-exec-5] DEBUG o.s.web.servlet.DispatcherServlet - Completed 200 OK
2026-03-16 17:00:38 [http-nio-8080-exec-10] DEBUG o.s.orm.jpa.JpaTransactionManager - Initiating transaction commit
2026-03-16 17:00:38 [http-nio-8080-exec-10] DEBUG o.s.orm.jpa.JpaTransactionManager - Committing JPA transaction on EntityManager [SessionImpl(1947082947<open>)]
2026-03-16 17:00:38 [http-nio-8080-exec-1] DEBUG o.s.web.servlet.DispatcherServlet - GET "/ws/info?t=1773648038238", parameters={masked}
2026-03-16 17:00:38 [http-nio-8080-exec-1] DEBUG o.s.w.s.s.s.WebSocketHandlerMapping - Mapped to org.springframework.web.socket.sockjs.support.SockJsHttpRequestHandler@3d80b7ba
2026-03-16 17:00:38 [http-nio-8080-exec-1] DEBUG o.s.w.s.s.t.h.DefaultSockJsService - Processing transport request: GET http://localhost:8080/ws/info?t=1773648038238
2026-03-16 17:00:38 [http-nio-8080-exec-1] DEBUG o.s.web.servlet.DispatcherServlet - Completed 200 OK
2026-03-16 17:00:38 [http-nio-8080-exec-9] DEBUG c.c.p.s.jwt.JwtAuthenticationFilter - >>> [JwtFilter] Processing request: GET /api/v1/notifications
2026-03-16 17:00:38 [http-nio-8080-exec-9] DEBUG c.c.p.s.jwt.JwtAuthenticationFilter - >>> [JwtFilter] Found token in header for path: /api/v1/notifications
2026-03-16 17:00:38 [http-nio-8080-exec-9] DEBUG o.s.orm.jpa.JpaTransactionManager - Creating new transaction with name [com.company.project.security.iam.CustomUserDetailsService.loadUserByUsername]: PROPAGATION_REQUIRED,ISOLATION_DEFAULT,readOnly
2026-03-16 17:00:38 [http-nio-8080-exec-9] DEBUG o.s.orm.jpa.JpaTransactionManager - Opened new EntityManager [SessionImpl(2074997681<open>)] for JPA transaction
2026-03-16 17:00:38 [http-nio-8080-exec-7] DEBUG c.c.p.s.jwt.JwtAuthenticationFilter - >>> [JwtFilter] Processing request: GET /api/v1/notifications/unread-count
2026-03-16 17:00:38 [http-nio-8080-exec-7] DEBUG c.c.p.s.jwt.JwtAuthenticationFilter - >>> [JwtFilter] Found token in header for path: /api/v1/notifications/unread-count
2026-03-16 17:00:38 [http-nio-8080-exec-7] DEBUG o.s.orm.jpa.JpaTransactionManager - Creating new transaction with name [com.company.project.security.iam.CustomUserDetailsService.loadUserByUsername]: PROPAGATION_REQUIRED,ISOLATION_DEFAULT,readOnly
2026-03-16 17:00:38 [http-nio-8080-exec-7] DEBUG o.s.orm.jpa.JpaTransactionManager - Opened new EntityManager [SessionImpl(842817570<open>)] for JPA transaction
2026-03-16 17:00:38 [http-nio-8080-exec-6] DEBUG o.s.web.servlet.DispatcherServlet - GET "/ws/515/ne0514fi/websocket", parameters={}
2026-03-16 17:00:38 [http-nio-8080-exec-6] DEBUG o.s.w.s.s.s.WebSocketHandlerMapping - Mapped to org.springframework.web.socket.sockjs.support.SockJsHttpRequestHandler@3d80b7ba
2026-03-16 17:00:38 [http-nio-8080-exec-6] DEBUG o.s.w.s.s.t.h.DefaultSockJsService - Processing transport request: GET http://localhost:8080/ws/515/ne0514fi/websocket
2026-03-16 17:00:38 [http-nio-8080-exec-6] DEBUG o.s.web.servlet.DispatcherServlet - Completed 101 SWITCHING_PROTOCOLS
2026-03-16 17:00:38 [http-nio-8080-exec-6] DEBUG o.s.w.s.h.LoggingWebSocketHandlerDecorator - New WebSocketServerSockJsSession[id=ne0514fi]
2026-03-16 17:00:38 [scheduling-1] DEBUG org.springframework.web.SimpLogging - Processing CONNECT session=ne0514fi
2026-03-16 17:00:38 [scheduling-1] DEBUG org.springframework.web.SimpLogging - Processing SUBSCRIBE /topic/notices id=sub-0 session=ne0514fi
2026-03-16 17:00:38 [scheduling-1] DEBUG org.springframework.web.SimpLogging - Processing SUBSCRIBE destination=/queue/notifications-userne0514fi subscriptionId=sub-1 session=ne0514fi payload=byte[0]
2026-03-16 17:00:38 [scheduling-1] DEBUG org.springframework.web.SimpLogging - Processing SUBSCRIBE /topic/public id=sub-2 session=ne0514fi
2026-03-16 17:00:38 [http-nio-8080-exec-10] DEBUG o.s.orm.jpa.JpaTransactionManager - Closing JPA EntityManager [SessionImpl(1947082947<open>)] after transaction
2026-03-16 17:00:38 [http-nio-8080-exec-10] DEBUG c.c.p.s.jwt.JwtAuthenticationFilter - >>> [JwtFilter] Successfully authenticated user: USRCNFRM_99999999999, Authorities: [ROLE_ADMIN]
2026-03-16 17:00:38 [http-nio-8080-exec-10] DEBUG o.s.web.servlet.DispatcherServlet - POST "/api/v1/auth/login", parameters={}
2026-03-16 17:00:38 [http-nio-8080-exec-10] TRACE o.s.w.s.m.m.a.RequestMappingHandlerMapping - Mapped to com.company.project.api.auth.AuthController#login(Map, HttpServletResponse)
2026-03-16 17:00:38 [http-nio-8080-exec-10] TRACE o.s.w.s.m.m.a.RequestResponseBodyMethodProcessor - Read "application/json;charset=UTF-8" to [{id=wrong, password=wrong}]
2026-03-16 17:00:38 [http-nio-8080-exec-10] INFO  c.c.project.api.auth.AuthController - >>> [Login] Attempting login for userId: wrong
2026-03-16 17:00:38 [http-nio-8080-exec-10] DEBUG o.s.orm.jpa.JpaTransactionManager - Creating new transaction with name [com.company.project.security.iam.EgovAuthenticationProvider.authenticate]: PROPAGATION_REQUIRED,ISOLATION_DEFAULT
2026-03-16 17:00:38 [http-nio-8080-exec-10] DEBUG o.s.orm.jpa.JpaTransactionManager - Opened new EntityManager [SessionImpl(1977383733<open>)] for JPA transaction
2026-03-16 17:00:38 [http-nio-8080-exec-10] DEBUG o.s.orm.jpa.JpaTransactionManager - Exposing JPA transaction as JDBC [org.springframework.orm.jpa.vendor.HibernateJpaDialect$HibernateConnectionHandle@1d7b9faf]
2026-03-16 17:00:38 [http-nio-8080-exec-10] INFO  c.c.p.s.i.EgovAuthenticationProvider - >>> [EgovAuthenticationProvider] Attempting authentication for userId: wrong
2026-03-16 17:00:38 [http-nio-8080-exec-10] INFO  c.c.p.s.i.EgovAuthenticationProvider - >>> [EgovAuthenticationProvider] DB check started for userId: wrong
2026-03-16 17:00:38 [http-nio-8080-exec-10] DEBUG o.s.orm.jpa.JpaTransactionManager - Found thread-bound EntityManager [SessionImpl(1977383733<open>)] for JPA transaction
2026-03-16 17:00:38 [http-nio-8080-exec-10] DEBUG o.s.orm.jpa.JpaTransactionManager - Participating in existing transaction
2026-03-16 17:00:38 [http-nio-8080-exec-10] DEBUG org.hibernate.SQL - select u1_0.emplyr_id,u1_0.area_no,u1_0.brthdy,u1_0.chg_pwd_cnt,u1_0.frst_register_id,u1_0.frst_regist_pnttm,u1_0.detail_adres,u1_0.email_adres,u1_0.emplyr_sttus_code,u1_0.empl_no,u1_0.esntl_id,u1_0.fxnum,u1_0.group_id,u1_0.house_adres,u1_0.house_end_telno,u1_0.house_middle_telno,u1_0.ihidnum,u1_0.pstinst_code,u1_0.last_updusr_id,u1_0.last_updt_pnttm,u1_0.lock_at,u1_0.lock_cnt,u1_0.lock_last_pnttm,u1_0.mbtlnum,u1_0.ofcps_nm,u1_0.offm_telno,u1_0.orgnzt_id,u1_0.password,u1_0.password_cnsr,u1_0.password_hint,u1_0.chg_pwd_last_pnttm,u1_0.role,u1_0.sbscrb_de,u1_0.sexdstn_code,u1_0.crtfc_dn_value,u1_0.user_nm,u1_0.zip from nemplyrinfo u1_0 where u1_0.emplyr_id=?
2026-03-16 17:00:38 [http-nio-8080-exec-9] DEBUG o.s.orm.jpa.JpaTransactionManager - Exposing JPA transaction as JDBC [org.springframework.orm.jpa.vendor.HibernateJpaDialect$HibernateConnectionHandle@23981a62]
2026-03-16 17:00:38 [http-nio-8080-exec-9] DEBUG o.s.orm.jpa.JpaTransactionManager - Found thread-bound EntityManager [SessionImpl(2074997681<open>)] for JPA transaction
2026-03-16 17:00:38 [http-nio-8080-exec-9] DEBUG o.s.orm.jpa.JpaTransactionManager - Participating in existing transaction
2026-03-16 17:00:38 [http-nio-8080-exec-9] DEBUG org.hibernate.SQL - select u1_0.emplyr_id,u1_0.area_no,u1_0.brthdy,u1_0.chg_pwd_cnt,u1_0.frst_register_id,u1_0.frst_regist_pnttm,u1_0.detail_adres,u1_0.email_adres,u1_0.emplyr_sttus_code,u1_0.empl_no,u1_0.esntl_id,u1_0.fxnum,u1_0.group_id,u1_0.house_adres,u1_0.house_end_telno,u1_0.house_middle_telno,u1_0.ihidnum,u1_0.pstinst_code,u1_0.last_updusr_id,u1_0.last_updt_pnttm,u1_0.lock_at,u1_0.lock_cnt,u1_0.lock_last_pnttm,u1_0.mbtlnum,u1_0.ofcps_nm,u1_0.offm_telno,u1_0.orgnzt_id,u1_0.password,u1_0.password_cnsr,u1_0.password_hint,u1_0.chg_pwd_last_pnttm,u1_0.role,u1_0.sbscrb_de,u1_0.sexdstn_code,u1_0.crtfc_dn_value,u1_0.user_nm,u1_0.zip from nemplyrinfo u1_0 where u1_0.emplyr_id=?
2026-03-16 17:00:38 [http-nio-8080-exec-7] DEBUG o.s.orm.jpa.JpaTransactionManager - Exposing JPA transaction as JDBC [org.springframework.orm.jpa.vendor.HibernateJpaDialect$HibernateConnectionHandle@506be758]
2026-03-16 17:00:38 [http-nio-8080-exec-7] DEBUG o.s.orm.jpa.JpaTransactionManager - Found thread-bound EntityManager [SessionImpl(842817570<open>)] for JPA transaction
2026-03-16 17:00:38 [http-nio-8080-exec-7] DEBUG o.s.orm.jpa.JpaTransactionManager - Participating in existing transaction
2026-03-16 17:00:38 [http-nio-8080-exec-7] DEBUG org.hibernate.SQL - select u1_0.emplyr_id,u1_0.area_no,u1_0.brthdy,u1_0.chg_pwd_cnt,u1_0.frst_register_id,u1_0.frst_regist_pnttm,u1_0.detail_adres,u1_0.email_adres,u1_0.emplyr_sttus_code,u1_0.empl_no,u1_0.esntl_id,u1_0.fxnum,u1_0.group_id,u1_0.house_adres,u1_0.house_end_telno,u1_0.house_middle_telno,u1_0.ihidnum,u1_0.pstinst_code,u1_0.last_updusr_id,u1_0.last_updt_pnttm,u1_0.lock_at,u1_0.lock_cnt,u1_0.lock_last_pnttm,u1_0.mbtlnum,u1_0.ofcps_nm,u1_0.offm_telno,u1_0.orgnzt_id,u1_0.password,u1_0.password_cnsr,u1_0.password_hint,u1_0.chg_pwd_last_pnttm,u1_0.role,u1_0.sbscrb_de,u1_0.sexdstn_code,u1_0.crtfc_dn_value,u1_0.user_nm,u1_0.zip from nemplyrinfo u1_0 where u1_0.emplyr_id=?
2026-03-16 17:00:38 [http-nio-8080-exec-4] DEBUG o.s.orm.jpa.JpaTransactionManager - Found thread-bound EntityManager [SessionImpl(17068056<open>)] for JPA transaction
2026-03-16 17:00:38 [http-nio-8080-exec-4] DEBUG o.s.orm.jpa.JpaTransactionManager - Participating in existing transaction
2026-03-16 17:00:38 [http-nio-8080-exec-4] DEBUG org.hibernate.SQL - select p1_0.progrm_file_nm,p1_0.progrm_dc,p1_0.progrm_korean_nm,p1_0.progrm_stre_path,p1_0.url from nprogrmlist p1_0
2026-03-16 17:00:38 [http-nio-8080-exec-10] WARN  c.c.p.s.i.EgovAuthenticationProvider - >>> [EgovAuthenticationProvider] User NOT found by findById: wrong
2026-03-16 17:00:38 [http-nio-8080-exec-10] INFO  c.c.p.s.i.EgovAuthenticationProvider - >>> [EgovAuthenticationProvider] Trying findByEsntlId for: wrong
2026-03-16 17:00:38 [http-nio-8080-exec-10] DEBUG org.hibernate.SQL - select u1_0.emplyr_id,u1_0.area_no,u1_0.brthdy,u1_0.chg_pwd_cnt,u1_0.frst_register_id,u1_0.frst_regist_pnttm,u1_0.detail_adres,u1_0.email_adres,u1_0.emplyr_sttus_code,u1_0.empl_no,u1_0.esntl_id,u1_0.fxnum,u1_0.group_id,u1_0.house_adres,u1_0.house_end_telno,u1_0.house_middle_telno,u1_0.ihidnum,u1_0.pstinst_code,u1_0.last_updusr_id,u1_0.last_updt_pnttm,u1_0.lock_at,u1_0.lock_cnt,u1_0.lock_last_pnttm,u1_0.mbtlnum,u1_0.ofcps_nm,u1_0.offm_telno,u1_0.orgnzt_id,u1_0.password,u1_0.password_cnsr,u1_0.password_hint,u1_0.chg_pwd_last_pnttm,u1_0.role,u1_0.sbscrb_de,u1_0.sexdstn_code,u1_0.crtfc_dn_value,u1_0.user_nm,u1_0.zip from nemplyrinfo u1_0 where u1_0.esntl_id=?
2026-03-16 17:00:38 [http-nio-8080-exec-9] DEBUG o.s.orm.jpa.JpaTransactionManager - Found thread-bound EntityManager [SessionImpl(2074997681<open>)] for JPA transaction
2026-03-16 17:00:38 [http-nio-8080-exec-9] DEBUG o.s.orm.jpa.JpaTransactionManager - Participating in existing transaction
2026-03-16 17:00:38 [http-nio-8080-exec-9] DEBUG org.hibernate.SQL - select ua1_0.scrty_dtrmn_trget_id,ua1_0.author_code,ua1_0.frst_register_id,ua1_0.frst_regist_pnttm,ua1_0.last_updusr_id,ua1_0.last_updt_pnttm,ua1_0.mber_ty_code from nemplyrscrtyestbs ua1_0 where ua1_0.scrty_dtrmn_trget_id=?
2026-03-16 17:00:38 [http-nio-8080-exec-7] DEBUG o.s.orm.jpa.JpaTransactionManager - Found thread-bound EntityManager [SessionImpl(842817570<open>)] for JPA transaction
2026-03-16 17:00:38 [http-nio-8080-exec-7] DEBUG o.s.orm.jpa.JpaTransactionManager - Participating in existing transaction
2026-03-16 17:00:38 [http-nio-8080-exec-7] DEBUG org.hibernate.SQL - select ua1_0.scrty_dtrmn_trget_id,ua1_0.author_code,ua1_0.frst_register_id,ua1_0.frst_regist_pnttm,ua1_0.last_updusr_id,ua1_0.last_updt_pnttm,ua1_0.mber_ty_code from nemplyrscrtyestbs ua1_0 where ua1_0.scrty_dtrmn_trget_id=?
2026-03-16 17:00:38 [http-nio-8080-exec-4] DEBUG o.s.orm.jpa.JpaTransactionManager - Initiating transaction commit
2026-03-16 17:00:38 [http-nio-8080-exec-4] DEBUG o.s.orm.jpa.JpaTransactionManager - Committing JPA transaction on EntityManager [SessionImpl(17068056<open>)]
2026-03-16 17:00:38 [http-nio-8080-exec-9] DEBUG o.s.orm.jpa.JpaTransactionManager - Initiating transaction commit
2026-03-16 17:00:38 [http-nio-8080-exec-9] DEBUG o.s.orm.jpa.JpaTransactionManager - Committing JPA transaction on EntityManager [SessionImpl(2074997681<open>)]
2026-03-16 17:00:38 [http-nio-8080-exec-10] WARN  c.c.p.s.i.EgovAuthenticationProvider - >>> [EgovAuthenticationProvider] User NOT found by either method: wrong
2026-03-16 17:00:38 [http-nio-8080-exec-10] ERROR c.c.p.s.i.EgovAuthenticationProvider - >>> Authentication failed for user wrong: Invalid User ID or Password
2026-03-16 17:00:38 [http-nio-8080-exec-10] DEBUG o.s.orm.jpa.JpaTransactionManager - Initiating transaction rollback
2026-03-16 17:00:38 [http-nio-8080-exec-10] DEBUG o.s.orm.jpa.JpaTransactionManager - Rolling back JPA transaction on EntityManager [SessionImpl(1977383733<open>)]
2026-03-16 17:00:38 [http-nio-8080-exec-7] DEBUG o.s.orm.jpa.JpaTransactionManager - Initiating transaction commit
2026-03-16 17:00:38 [http-nio-8080-exec-7] DEBUG o.s.orm.jpa.JpaTransactionManager - Committing JPA transaction on EntityManager [SessionImpl(842817570<open>)]
2026-03-16 17:00:38 [http-nio-8080-exec-4] DEBUG o.s.orm.jpa.JpaTransactionManager - Closing JPA EntityManager [SessionImpl(17068056<open>)] after transaction
2026-03-16 17:00:38 [http-nio-8080-exec-4] INFO  c.c.p.a.c.menu.MenuController - getLeftMenu returned 5 items
2026-03-16 17:00:38 [http-nio-8080-exec-4] DEBUG o.s.w.s.m.m.a.HttpEntityMethodProcessor - Using 'application/json', given [application/json, text/plain, */*] and supported [application/json, application/*+json, application/yaml]
2026-03-16 17:00:38 [http-nio-8080-exec-4] TRACE o.s.w.s.m.m.a.HttpEntityMethodProcessor - Writing [ApiResponse[success=true, status=200, code=COMMON_001, message=Success, data={list=[com.company.project.service.menu.dto.MenuDto@7a09b4ce, com.company.project.service.menu.dto.MenuDto@77e031ad, com.company.project.service.menu.dto.MenuDto@4aa6c1b2, com.company.project.service.menu.dto.MenuDto@2b03a69, com.company.project.service.menu.dto.MenuDto@35a85135]}, timestamp=2026-03-16T17:00:38.822116500]]
2026-03-16 17:00:38 [http-nio-8080-exec-4] INFO  c.c.p.a.i.OperationalAuditInterceptor - API Audit Log: URL=/api/v1/menu/left, User=webmaster, IP=127.0.0.1
2026-03-16 17:00:38 [http-nio-8080-exec-4] DEBUG o.s.web.servlet.DispatcherServlet - Completed 200 OK
2026-03-16 17:00:38 [http-nio-8080-exec-5] DEBUG c.c.p.s.jwt.JwtAuthenticationFilter - >>> [JwtFilter] Processing request: GET /api/v1/menu/left
2026-03-16 17:00:38 [http-nio-8080-exec-5] DEBUG c.c.p.s.jwt.JwtAuthenticationFilter - >>> [JwtFilter] Found token in header for path: /api/v1/menu/left
2026-03-16 17:00:38 [http-nio-8080-exec-5] DEBUG o.s.orm.jpa.JpaTransactionManager - Creating new transaction with name [com.company.project.security.iam.CustomUserDetailsService.loadUserByUsername]: PROPAGATION_REQUIRED,ISOLATION_DEFAULT,readOnly
2026-03-16 17:00:38 [http-nio-8080-exec-5] DEBUG o.s.orm.jpa.JpaTransactionManager - Opened new EntityManager [SessionImpl(602117614<open>)] for JPA transaction
2026-03-16 17:00:38 [http-nio-8080-exec-9] DEBUG o.s.orm.jpa.JpaTransactionManager - Closing JPA EntityManager [SessionImpl(2074997681<open>)] after transaction
2026-03-16 17:00:38 [http-nio-8080-exec-9] DEBUG c.c.p.s.jwt.JwtAuthenticationFilter - >>> [JwtFilter] Successfully authenticated user: USRCNFRM_99999999999, Authorities: [ROLE_ADMIN]
2026-03-16 17:00:38 [http-nio-8080-exec-9] DEBUG o.s.web.servlet.DispatcherServlet - GET "/api/v1/notifications", parameters={}
2026-03-16 17:00:38 [http-nio-8080-exec-9] TRACE o.s.w.s.m.m.a.RequestMappingHandlerMapping - Mapped to com.company.project.api.controller.notification.NotificationController#getMyNotifications(UserDetails)
2026-03-16 17:00:38 [http-nio-8080-exec-9] DEBUG o.s.orm.jpa.JpaTransactionManager - Creating new transaction with name [com.company.project.service.notification.NotificationService.getActiveNotifications]: PROPAGATION_REQUIRED,ISOLATION_DEFAULT,readOnly
2026-03-16 17:00:38 [http-nio-8080-exec-9] DEBUG o.s.orm.jpa.JpaTransactionManager - Opened new EntityManager [SessionImpl(953398626<open>)] for JPA transaction
2026-03-16 17:00:38 [http-nio-8080-exec-9] DEBUG o.s.orm.jpa.JpaTransactionManager - Exposing JPA transaction as JDBC [org.springframework.orm.jpa.vendor.HibernateJpaDialect$HibernateConnectionHandle@1977e58c]
2026-03-16 17:00:38 [http-nio-8080-exec-9] DEBUG o.s.orm.jpa.JpaTransactionManager - Found thread-bound EntityManager [SessionImpl(953398626<open>)] for JPA transaction
2026-03-16 17:00:38 [http-nio-8080-exec-9] DEBUG o.s.orm.jpa.JpaTransactionManager - Participating in existing transaction
2026-03-16 17:00:38 [http-nio-8080-exec-10] DEBUG o.s.orm.jpa.JpaTransactionManager - Closing JPA EntityManager [SessionImpl(1977383733<open>)] after transaction
2026-03-16 17:00:38 [http-nio-8080-exec-9] DEBUG org.hibernate.SQL - select n1_0.ntcn_no,n1_0.frst_register_id,n1_0.frst_regist_pnttm,n1_0.is_read,n1_0.last_updusr_id,n1_0.last_updt_pnttm,n1_0.link_url,n1_0.ntcn_cn,n1_0.ntcn_sj,n1_0.receiver_id from n_user_notification n1_0
2026-03-16 17:00:38 [http-nio-8080-exec-10] ERROR c.c.project.api.auth.AuthController - >>> Login failed for user wrong: 
org.springframework.security.authentication.BadCredentialsException: Invalid User ID or Password
	at com.company.project.security.iam.EgovAuthenticationProvider.lambda$authenticate$0(EgovAuthenticationProvider.java:55)
	at java.base/java.util.Optional.orElseThrow(Optional.java:403)
	at com.company.project.security.iam.EgovAuthenticationProvider.lambda$authenticate$1(EgovAuthenticationProvider.java:53)
	at java.base/java.util.Optional.orElseGet(Optional.java:364)
	at com.company.project.security.iam.EgovAuthenticationProvider.authenticate(EgovAuthenticationProvider.java:50)
	at java.base/jdk.internal.reflect.DirectMethodHandleAccessor.invoke(DirectMethodHandleAccessor.java:103)
	at java.base/java.lang.reflect.Method.invoke(Method.java:580)
	at org.springframework.aop.support.AopUtils.invokeJoinpointUsingReflection(AopUtils.java:359)
	at org.springframework.aop.framework.ReflectiveMethodInvocation.invokeJoinpoint(ReflectiveMethodInvocation.java:196)
	at org.springframework.aop.framework.ReflectiveMethodInvocation.proceed(ReflectiveMethodInvocation.java:163)
	at org.springframework.transaction.interceptor.TransactionAspectSupport.invokeWithinTransaction(TransactionAspectSupport.java:380)
	at org.springframework.transaction.interceptor.TransactionInterceptor.invoke(TransactionInterceptor.java:119)
	at org.springframework.aop.framework.ReflectiveMethodInvocation.proceed(ReflectiveMethodInvocation.java:184)
	at org.springframework.aop.framework.CglibAopProxy$DynamicAdvisedInterceptor.intercept(CglibAopProxy.java:727)
	at com.company.project.security.iam.EgovAuthenticationProvider$$SpringCGLIB$$1.authenticate(<generated>)
	at java.base/jdk.internal.reflect.DirectMethodHandleAccessor.invoke(DirectMethodHandleAccessor.java:103)
	at java.base/java.lang.reflect.Method.invoke(Method.java:580)
	at org.springframework.aop.support.AopUtils.invokeJoinpointUsingReflection(AopUtils.java:359)
	at org.springframework.aop.framework.CglibAopProxy$DynamicAdvisedInterceptor.intercept(CglibAopProxy.java:723)
	at com.company.project.security.iam.EgovAuthenticationProvider$$SpringCGLIB$$0.authenticate(<generated>)
	at org.springframework.security.authentication.ProviderManager.authenticate(ProviderManager.java:182)
	at com.company.project.api.auth.AuthController.login(AuthController.java:43)
	at java.base/jdk.internal.reflect.DirectMethodHandleAccessor.invoke(DirectMethodHandleAccessor.java:103)
	at java.base/java.lang.reflect.Method.invoke(Method.java:580)
	at org.springframework.web.method.support.InvocableHandlerMethod.doInvoke(InvocableHandlerMethod.java:257)
	at org.springframework.web.method.support.InvocableHandlerMethod.invokeForRequest(InvocableHandlerMethod.java:190)
	at org.springframework.web.servlet.mvc.method.annotation.ServletInvocableHandlerMethod.invokeAndHandle(ServletInvocableHandlerMethod.java:118)
	at org.springframework.web.servlet.mvc.method.annotation.RequestMappingHandlerAdapter.invokeHandlerMethod(RequestMappingHandlerAdapter.java:986)
	at org.springframework.web.servlet.mvc.method.annotation.RequestMappingHandlerAdapter.handleInternal(RequestMappingHandlerAdapter.java:891)
	at org.springframework.web.servlet.mvc.method.AbstractHandlerMethodAdapter.handle(AbstractHandlerMethodAdapter.java:87)
	at org.springframework.web.servlet.DispatcherServlet.doDispatch(DispatcherServlet.java:1088)
	at org.springframework.web.servlet.DispatcherServlet.doService(DispatcherServlet.java:978)
	at org.springframework.web.servlet.FrameworkServlet.processRequest(FrameworkServlet.java:1014)
	at org.springframework.web.servlet.FrameworkServlet.doPost(FrameworkServlet.java:914)
	at jakarta.servlet.http.HttpServlet.service(HttpServlet.java:547)
	at org.springframework.web.servlet.FrameworkServlet.service(FrameworkServlet.java:885)
	at jakarta.servlet.http.HttpServlet.service(HttpServlet.java:614)
	at org.apache.catalina.core.ApplicationFilterChain.internalDoFilter(ApplicationFilterChain.java:195)
	at org.apache.catalina.core.ApplicationFilterChain.doFilter(ApplicationFilterChain.java:140)
	at org.apache.tomcat.websocket.server.WsFilter.doFilter(WsFilter.java:51)
	at org.apache.catalina.core.ApplicationFilterChain.internalDoFilter(ApplicationFilterChain.java:164)
	at org.apache.catalina.core.ApplicationFilterChain.doFilter(ApplicationFilterChain.java:140)
	at org.springframework.web.filter.CompositeFilter$VirtualFilterChain.doFilter(CompositeFilter.java:108)
	at org.springframework.security.web.FilterChainProxy.lambda$doFilterInternal$3(FilterChainProxy.java:231)
	at org.springframework.security.web.ObservationFilterChainDecorator$FilterObservation$SimpleFilterObservation.lambda$wrap$1(ObservationFilterChainDecorator.java:479)
	at org.springframework.security.web.ObservationFilterChainDecorator$AroundFilterObservation$SimpleAroundFilterObservation.lambda$wrap$1(ObservationFilterChainDecorator.java:340)
	at org.springframework.security.web.ObservationFilterChainDecorator.lambda$wrapSecured$0(ObservationFilterChainDecorator.java:82)
	at org.springframework.security.web.ObservationFilterChainDecorator$VirtualFilterChain.doFilter(ObservationFilterChainDecorator.java:128)
	at org.springframework.security.web.access.intercept.AuthorizationFilter.doFilter(AuthorizationFilter.java:101)
	at org.springframework.security.web.ObservationFilterChainDecorator$ObservationFilter.wrapFilter(ObservationFilterChainDecorator.java:240)
	at org.springframework.security.web.ObservationFilterChainDecorator$ObservationFilter.doFilter(ObservationFilterChainDecorator.java:227)
	at org.springframework.security.web.ObservationFilterChainDecorator$VirtualFilterChain.doFilter(ObservationFilterChainDecorator.java:137)
	at org.springframework.security.web.access.ExceptionTranslationFilter.doFilter(ExceptionTranslationFilter.java:126)
	at org.springframework.security.web.access.ExceptionTranslationFilter.doFilter(ExceptionTranslationFilter.java:120)
	at org.springframework.security.web.ObservationFilterChainDecorator$ObservationFilter.wrapFilter(ObservationFilterChainDecorator.java:240)
	at org.springframework.security.web.ObservationFilterChainDecorator$ObservationFilter.doFilter(ObservationFilterChainDecorator.java:227)
	at org.springframework.security.web.ObservationFilterChainDecorator$VirtualFilterChain.doFilter(ObservationFilterChainDecorator.java:137)
	at org.springframework.security.web.session.SessionManagementFilter.doFilter(SessionManagementFilter.java:131)
	at org.springframework.security.web.session.SessionManagementFilter.doFilter(SessionManagementFilter.java:85)
	at org.springframework.security.web.ObservationFilterChainDecorator$ObservationFilter.wrapFilter(ObservationFilterChainDecorator.java:240)
	at org.springframework.security.web.ObservationFilterChainDecorator$ObservationFilter.doFilter(ObservationFilterChainDecorator.java:227)
	at org.springframework.security.web.ObservationFilterChainDecorator$VirtualFilterChain.doFilter(ObservationFilterChainDecorator.java:137)
	at org.springframework.security.web.authentication.AnonymousAuthenticationFilter.doFilter(AnonymousAuthenticationFilter.java:100)
	at org.springframework.security.web.ObservationFilterChainDecorator$ObservationFilter.wrapFilter(ObservationFilterChainDecorator.java:240)
	at org.springframework.security.web.ObservationFilterChainDecorator$ObservationFilter.doFilter(ObservationFilterChainDecorator.java:227)
	at org.springframework.security.web.ObservationFilterChainDecorator$VirtualFilterChain.doFilter(ObservationFilterChainDecorator.java:137)
	at org.springframework.security.web.servletapi.SecurityContextHolderAwareRequestFilter.doFilter(SecurityContextHolderAwareRequestFilter.java:179)
	at org.springframework.security.web.ObservationFilterChainDecorator$ObservationFilter.wrapFilter(ObservationFilterChainDecorator.java:240)
	at org.springframework.security.web.ObservationFilterChainDecorator$ObservationFilter.doFilter(ObservationFilterChainDecorator.java:227)
	at org.springframework.security.web.ObservationFilterChainDecorator$VirtualFilterChain.doFilter(ObservationFilterChainDecorator.java:137)
	at org.springframework.security.web.savedrequest.RequestCacheAwareFilter.doFilter(RequestCacheAwareFilter.java:63)
	at org.springframework.security.web.ObservationFilterChainDecorator$ObservationFilter.wrapFilter(ObservationFilterChainDecorator.java:240)
	at org.springframework.security.web.ObservationFilterChainDecorator$ObservationFilter.doFilter(ObservationFilterChainDecorator.java:227)
	at org.springframework.security.web.ObservationFilterChainDecorator$VirtualFilterChain.doFilter(ObservationFilterChainDecorator.java:137)
	at com.company.project.security.jwt.JwtAuthenticationFilter.doFilterInternal(JwtAuthenticationFilter.java:52)
	at org.springframework.web.filter.OncePerRequestFilter.doFilter(OncePerRequestFilter.java:116)
	at org.springframework.security.web.ObservationFilterChainDecorator$ObservationFilter.wrapFilter(ObservationFilterChainDecorator.java:240)
	at org.springframework.security.web.ObservationFilterChainDecorator$ObservationFilter.doFilter(ObservationFilterChainDecorator.java:227)
	at org.springframework.security.web.ObservationFilterChainDecorator$VirtualFilterChain.doFilter(ObservationFilterChainDecorator.java:137)
	at org.springframework.security.web.authentication.logout.LogoutFilter.doFilter(LogoutFilter.java:107)
	at org.springframework.security.web.authentication.logout.LogoutFilter.doFilter(LogoutFilter.java:93)
	at org.springframework.security.web.ObservationFilterChainDecorator$ObservationFilter.wrapFilter(ObservationFilterChainDecorator.java:240)
	at org.springframework.security.web.ObservationFilterChainDecorator$ObservationFilter.doFilter(ObservationFilterChainDecorator.java:227)
	at org.springframework.security.web.ObservationFilterChainDecorator$VirtualFilterChain.doFilter(ObservationFilterChainDecorator.java:137)
	at org.springframework.web.filter.CorsFilter.doFilterInternal(CorsFilter.java:91)
	at org.springframework.web.filter.OncePerRequestFilter.doFilter(OncePerRequestFilter.java:116)
	at org.springframework.security.web.ObservationFilterChainDecorator$ObservationFilter.wrapFilter(ObservationFilterChainDecorator.java:240)
	at org.springframework.security.web.ObservationFilterChainDecorator$ObservationFilter.doFilter(ObservationFilterChainDecorator.java:227)
	at org.springframework.security.web.ObservationFilterChainDecorator$VirtualFilterChain.doFilter(ObservationFilterChainDecorator.java:137)
	at org.springframework.security.web.header.HeaderWriterFilter.doHeadersAfter(HeaderWriterFilter.java:90)
	at org.springframework.security.web.header.HeaderWriterFilter.doFilterInternal(HeaderWriterFilter.java:75)
	at org.springframework.web.filter.OncePerRequestFilter.doFilter(OncePerRequestFilter.java:116)
	at org.springframework.security.web.ObservationFilterChainDecorator$ObservationFilter.wrapFilter(ObservationFilterChainDecorator.java:240)
	at org.springframework.security.web.ObservationFilterChainDecorator$ObservationFilter.doFilter(ObservationFilterChainDecorator.java:227)
	at org.springframework.security.web.ObservationFilterChainDecorator$VirtualFilterChain.doFilter(ObservationFilterChainDecorator.java:137)
	at org.springframework.security.web.context.SecurityContextHolderFilter.doFilter(SecurityContextHolderFilter.java:82)
	at org.springframework.security.web.context.SecurityContextHolderFilter.doFilter(SecurityContextHolderFilter.java:69)
	at org.springframework.security.web.ObservationFilterChainDecorator$ObservationFilter.wrapFilter(ObservationFilterChainDecorator.java:240)
	at org.springframework.security.web.ObservationFilterChainDecorator$ObservationFilter.doFilter(ObservationFilterChainDecorator.java:227)
	at org.springframework.security.web.ObservationFilterChainDecorator$VirtualFilterChain.doFilter(ObservationFilterChainDecorator.java:137)
	at org.springframework.security.web.context.request.async.WebAsyncManagerIntegrationFilter.doFilterInternal(WebAsyncManagerIntegrationFilter.java:62)
	at org.springframework.web.filter.OncePerRequestFilter.doFilter(OncePerRequestFilter.java:116)
	at org.springframework.security.web.ObservationFilterChainDecorator$ObservationFilter.wrapFilter(ObservationFilterChainDecorator.java:240)
	at org.springframework.security.web.ObservationFilterChainDecorator$ObservationFilter.doFilter(ObservationFilterChainDecorator.java:227)
	at org.springframework.security.web.ObservationFilterChainDecorator$VirtualFilterChain.doFilter(ObservationFilterChainDecorator.java:137)
	at org.springframework.security.web.session.DisableEncodeUrlFilter.doFilterInternal(DisableEncodeUrlFilter.java:42)
	at org.springframework.web.filter.OncePerRequestFilter.doFilter(OncePerRequestFilter.java:116)
	at org.springframework.security.web.ObservationFilterChainDecorator$ObservationFilter.wrapFilter(ObservationFilterChainDecorator.java:240)
	at org.springframework.security.web.ObservationFilterChainDecorator$AroundFilterObservation$SimpleAroundFilterObservation.lambda$wrap$0(ObservationFilterChainDecorator.java:323)
	at org.springframework.security.web.ObservationFilterChainDecorator$ObservationFilter.doFilter(ObservationFilterChainDecorator.java:224)
	at org.springframework.security.web.ObservationFilterChainDecorator$VirtualFilterChain.doFilter(ObservationFilterChainDecorator.java:137)
	at org.springframework.security.web.FilterChainProxy.doFilterInternal(FilterChainProxy.java:233)
	at org.springframework.security.web.FilterChainProxy.doFilter(FilterChainProxy.java:191)
	at org.springframework.web.filter.CompositeFilter$VirtualFilterChain.doFilter(CompositeFilter.java:113)
	at org.springframework.web.servlet.handler.HandlerMappingIntrospector.lambda$createCacheFilter$3(HandlerMappingIntrospector.java:243)
	at org.springframework.web.filter.CompositeFilter$VirtualFilterChain.doFilter(CompositeFilter.java:113)
	at org.springframework.web.filter.CompositeFilter.doFilter(CompositeFilter.java:74)
	at org.springframework.security.config.annotation.web.configuration.WebMvcSecurityConfiguration$CompositeFilterChainProxy.doFilter(WebMvcSecurityConfiguration.java:238)
	at org.springframework.web.filter.DelegatingFilterProxy.invokeDelegate(DelegatingFilterProxy.java:362)
	at org.springframework.web.filter.DelegatingFilterProxy.doFilter(DelegatingFilterProxy.java:278)
	at org.apache.catalina.core.ApplicationFilterChain.internalDoFilter(ApplicationFilterChain.java:164)
	at org.apache.catalina.core.ApplicationFilterChain.doFilter(ApplicationFilterChain.java:140)
	at org.springframework.web.filter.RequestContextFilter.doFilterInternal(RequestContextFilter.java:100)
	at org.springframework.web.filter.OncePerRequestFilter.doFilter(OncePerRequestFilter.java:116)
	at org.apache.catalina.core.ApplicationFilterChain.internalDoFilter(ApplicationFilterChain.java:164)
	at org.apache.catalina.core.ApplicationFilterChain.doFilter(ApplicationFilterChain.java:140)
	at org.springframework.web.filter.FormContentFilter.doFilterInternal(FormContentFilter.java:93)
	at org.springframework.web.filter.OncePerRequestFilter.doFilter(OncePerRequestFilter.java:116)
	at org.apache.catalina.core.ApplicationFilterChain.internalDoFilter(ApplicationFilterChain.java:164)
	at org.apache.catalina.core.ApplicationFilterChain.doFilter(ApplicationFilterChain.java:140)
	at org.springframework.web.filter.ServerHttpObservationFilter.doFilterInternal(ServerHttpObservationFilter.java:114)
	at org.springframework.web.filter.OncePerRequestFilter.doFilter(OncePerRequestFilter.java:116)
	at org.apache.catalina.core.ApplicationFilterChain.internalDoFilter(ApplicationFilterChain.java:164)
	at org.apache.catalina.core.ApplicationFilterChain.doFilter(ApplicationFilterChain.java:140)
	at org.springframework.web.filter.CharacterEncodingFilter.doFilterInternal(CharacterEncodingFilter.java:201)
	at org.springframework.web.filter.OncePerRequestFilter.doFilter(OncePerRequestFilter.java:116)
	at org.apache.catalina.core.ApplicationFilterChain.internalDoFilter(ApplicationFilterChain.java:164)
	at org.apache.catalina.core.ApplicationFilterChain.doFilter(ApplicationFilterChain.java:140)
	at org.apache.catalina.core.StandardWrapperValve.invoke(StandardWrapperValve.java:167)
	at org.apache.catalina.core.StandardContextValve.invoke(StandardContextValve.java:90)
	at org.apache.catalina.authenticator.AuthenticatorBase.invoke(AuthenticatorBase.java:483)
	at org.apache.catalina.core.StandardHostValve.invoke(StandardHostValve.java:115)
	at org.apache.catalina.valves.ErrorReportValve.invoke(ErrorReportValve.java:93)
	at org.apache.catalina.core.StandardEngineValve.invoke(StandardEngineValve.java:74)
	at org.apache.catalina.connector.CoyoteAdapter.service(CoyoteAdapter.java:344)
	at org.apache.coyote.http11.Http11Processor.service(Http11Processor.java:397)
	at org.apache.coyote.AbstractProcessorLight.process(AbstractProcessorLight.java:63)
	at org.apache.coyote.AbstractProtocol$ConnectionHandler.process(AbstractProtocol.java:905)
	at org.apache.tomcat.util.net.NioEndpoint$SocketProcessor.doRun(NioEndpoint.java:1741)
	at org.apache.tomcat.util.net.SocketProcessorBase.run(SocketProcessorBase.java:52)
	at org.apache.tomcat.util.threads.ThreadPoolExecutor.runWorker(ThreadPoolExecutor.java:1190)
	at org.apache.tomcat.util.threads.ThreadPoolExecutor$Worker.run(ThreadPoolExecutor.java:659)
	at org.apache.tomcat.util.threads.TaskThread$WrappingRunnable.run(TaskThread.java:63)
	at java.base/java.lang.Thread.run(Thread.java:1583)
2026-03-16 17:00:38 [http-nio-8080-exec-10] DEBUG o.s.w.s.m.m.a.ExceptionHandlerExceptionResolver - Using @ExceptionHandler com.company.project.core.exception.GlobalExceptionHandler#handleBusinessException(BusinessException)
2026-03-16 17:00:38 [http-nio-8080-exec-10] WARN  c.c.p.c.e.GlobalExceptionHandler - >>> BusinessException: A005 - Login Failed
2026-03-16 17:00:38 [http-nio-8080-exec-10] DEBUG o.s.w.s.m.m.a.HttpEntityMethodProcessor - Using 'application/json', given [application/json, text/plain, */*] and supported [application/json, application/*+json, application/yaml]
2026-03-16 17:00:38 [http-nio-8080-exec-10] TRACE o.s.w.s.m.m.a.HttpEntityMethodProcessor - Writing [ApiResponse[success=false, status=401, code=A005, message=Login Failed, data=null, timestamp=2026-03-16T17:00:38.883716900]]
2026-03-16 17:00:38 [http-nio-8080-exec-10] DEBUG o.s.w.s.m.m.a.ExceptionHandlerExceptionResolver - Resolved [com.company.project.core.exception.BusinessException: Login Failed]
2026-03-16 17:00:38 [http-nio-8080-exec-10] DEBUG o.s.web.servlet.DispatcherServlet - Completed 401 UNAUTHORIZED
2026-03-16 17:00:38 [http-nio-8080-exec-7] DEBUG o.s.orm.jpa.JpaTransactionManager - Closing JPA EntityManager [SessionImpl(842817570<open>)] after transaction
2026-03-16 17:00:38 [http-nio-8080-exec-7] DEBUG c.c.p.s.jwt.JwtAuthenticationFilter - >>> [JwtFilter] Successfully authenticated user: USRCNFRM_99999999999, Authorities: [ROLE_ADMIN]
2026-03-16 17:00:38 [http-nio-8080-exec-7] DEBUG o.s.web.servlet.DispatcherServlet - GET "/api/v1/notifications/unread-count", parameters={}
2026-03-16 17:00:38 [http-nio-8080-exec-7] TRACE o.s.w.s.m.m.a.RequestMappingHandlerMapping - Mapped to com.company.project.api.controller.notification.NotificationController#getUnreadCount(UserDetails)
2026-03-16 17:00:38 [http-nio-8080-exec-7] DEBUG o.s.orm.jpa.JpaTransactionManager - Creating new transaction with name [com.company.project.service.notification.NotificationService.getUnreadCount]: PROPAGATION_REQUIRED,ISOLATION_DEFAULT,readOnly
2026-03-16 17:00:38 [http-nio-8080-exec-7] DEBUG o.s.orm.jpa.JpaTransactionManager - Opened new EntityManager [SessionImpl(2097464613<open>)] for JPA transaction
2026-03-16 17:00:38 [http-nio-8080-exec-7] DEBUG o.s.orm.jpa.JpaTransactionManager - Exposing JPA transaction as JDBC [org.springframework.orm.jpa.vendor.HibernateJpaDialect$HibernateConnectionHandle@382ee78f]
2026-03-16 17:00:38 [http-nio-8080-exec-7] DEBUG org.hibernate.SQL - select count(n1_0.ntcn_no) from n_user_notification n1_0 where n1_0.receiver_id=? and n1_0.is_read=?
2026-03-16 17:00:38 [http-nio-8080-exec-5] DEBUG o.s.orm.jpa.JpaTransactionManager - Exposing JPA transaction as JDBC [org.springframework.orm.jpa.vendor.HibernateJpaDialect$HibernateConnectionHandle@6a88306f]
2026-03-16 17:00:38 [http-nio-8080-exec-5] DEBUG o.s.orm.jpa.JpaTransactionManager - Found thread-bound EntityManager [SessionImpl(602117614<open>)] for JPA transaction
2026-03-16 17:00:38 [http-nio-8080-exec-5] DEBUG o.s.orm.jpa.JpaTransactionManager - Participating in existing transaction
2026-03-16 17:00:38 [http-nio-8080-exec-5] DEBUG org.hibernate.SQL - select u1_0.emplyr_id,u1_0.area_no,u1_0.brthdy,u1_0.chg_pwd_cnt,u1_0.frst_register_id,u1_0.frst_regist_pnttm,u1_0.detail_adres,u1_0.email_adres,u1_0.emplyr_sttus_code,u1_0.empl_no,u1_0.esntl_id,u1_0.fxnum,u1_0.group_id,u1_0.house_adres,u1_0.house_end_telno,u1_0.house_middle_telno,u1_0.ihidnum,u1_0.pstinst_code,u1_0.last_updusr_id,u1_0.last_updt_pnttm,u1_0.lock_at,u1_0.lock_cnt,u1_0.lock_last_pnttm,u1_0.mbtlnum,u1_0.ofcps_nm,u1_0.offm_telno,u1_0.orgnzt_id,u1_0.password,u1_0.password_cnsr,u1_0.password_hint,u1_0.chg_pwd_last_pnttm,u1_0.role,u1_0.sbscrb_de,u1_0.sexdstn_code,u1_0.crtfc_dn_value,u1_0.user_nm,u1_0.zip from nemplyrinfo u1_0 where u1_0.emplyr_id=?
2026-03-16 17:00:39 [http-nio-8080-exec-9] DEBUG o.s.orm.jpa.JpaTransactionManager - Initiating transaction commit
2026-03-16 17:00:39 [http-nio-8080-exec-9] DEBUG o.s.orm.jpa.JpaTransactionManager - Committing JPA transaction on EntityManager [SessionImpl(953398626<open>)]
2026-03-16 17:00:39 [http-nio-8080-exec-7] DEBUG o.s.orm.jpa.JpaTransactionManager - Initiating transaction commit
2026-03-16 17:00:39 [http-nio-8080-exec-7] DEBUG o.s.orm.jpa.JpaTransactionManager - Committing JPA transaction on EntityManager [SessionImpl(2097464613<open>)]
2026-03-16 17:00:39 [http-nio-8080-exec-5] DEBUG o.s.orm.jpa.JpaTransactionManager - Found thread-bound EntityManager [SessionImpl(602117614<open>)] for JPA transaction
2026-03-16 17:00:39 [http-nio-8080-exec-5] DEBUG o.s.orm.jpa.JpaTransactionManager - Participating in existing transaction
2026-03-16 17:00:39 [http-nio-8080-exec-5] DEBUG org.hibernate.SQL - select ua1_0.scrty_dtrmn_trget_id,ua1_0.author_code,ua1_0.frst_register_id,ua1_0.frst_regist_pnttm,ua1_0.last_updusr_id,ua1_0.last_updt_pnttm,ua1_0.mber_ty_code from nemplyrscrtyestbs ua1_0 where ua1_0.scrty_dtrmn_trget_id=?
2026-03-16 17:00:39 [http-nio-8080-exec-9] DEBUG o.s.orm.jpa.JpaTransactionManager - Closing JPA EntityManager [SessionImpl(953398626<open>)] after transaction
2026-03-16 17:00:39 [http-nio-8080-exec-9] DEBUG o.s.w.s.m.m.a.HttpEntityMethodProcessor - Using 'application/json', given [application/json, text/plain, */*] and supported [application/json, application/*+json, application/yaml]
2026-03-16 17:00:39 [http-nio-8080-exec-9] TRACE o.s.w.s.m.m.a.HttpEntityMethodProcessor - Writing [ApiResponse[success=true, status=200, code=COMMON_001, message=Success, data=[NotificationDto(ntfcNo=NT001, ntfcSj=테스트 알림입니다, ntfcCn=알림 내용입니다, ntfcDate=null, ntfcTime=2026-02-25T00:59:33.784070, bhNtfcIntrvl=null, uniqId=null, frstRegisterId=null, frstRegisterPnttm=2026-02-25T00:59:33.784070, lastUpdusrId=null, lastUpdusrPnttm=null)], timestamp=2026-03-16T17:00:39.189550600]]
2026-03-16 17:00:39 [http-nio-8080-exec-9] INFO  c.c.p.a.i.OperationalAuditInterceptor - API Audit Log: URL=/api/v1/notifications, User=webmaster, IP=127.0.0.1
2026-03-16 17:00:39 [http-nio-8080-exec-9] DEBUG o.s.web.servlet.DispatcherServlet - Completed 200 OK
2026-03-16 17:00:39 [http-nio-8080-exec-1] DEBUG c.c.p.s.jwt.JwtAuthenticationFilter - >>> [JwtFilter] Processing request: GET /api/v1/notifications
2026-03-16 17:00:39 [http-nio-8080-exec-1] DEBUG c.c.p.s.jwt.JwtAuthenticationFilter - >>> [JwtFilter] Found token in header for path: /api/v1/notifications
2026-03-16 17:00:39 [http-nio-8080-exec-1] DEBUG o.s.orm.jpa.JpaTransactionManager - Creating new transaction with name [com.company.project.security.iam.CustomUserDetailsService.loadUserByUsername]: PROPAGATION_REQUIRED,ISOLATION_DEFAULT,readOnly
2026-03-16 17:00:39 [http-nio-8080-exec-1] DEBUG o.s.orm.jpa.JpaTransactionManager - Opened new EntityManager [SessionImpl(2093157342<open>)] for JPA transaction
2026-03-16 17:00:39 [http-nio-8080-exec-7] DEBUG o.s.orm.jpa.JpaTransactionManager - Closing JPA EntityManager [SessionImpl(2097464613<open>)] after transaction
2026-03-16 17:00:39 [http-nio-8080-exec-7] DEBUG o.s.w.s.m.m.a.HttpEntityMethodProcessor - Using 'application/json', given [application/json, text/plain, */*] and supported [application/json, application/*+json, application/yaml]
2026-03-16 17:00:39 [http-nio-8080-exec-7] TRACE o.s.w.s.m.m.a.HttpEntityMethodProcessor - Writing [ApiResponse[success=true, status=200, code=COMMON_001, message=Success, data=0, timestamp=2026-03-16T17:00:39.222502300]]
2026-03-16 17:00:39 [http-nio-8080-exec-7] INFO  c.c.p.a.i.OperationalAuditInterceptor - API Audit Log: URL=/api/v1/notifications/unread-count, User=webmaster, IP=127.0.0.1
2026-03-16 17:00:39 [http-nio-8080-exec-7] DEBUG o.s.web.servlet.DispatcherServlet - Completed 200 OK
2026-03-16 17:00:39 [http-nio-8080-exec-6] DEBUG c.c.p.s.jwt.JwtAuthenticationFilter - >>> [JwtFilter] Processing request: GET /api/v1/notifications/unread-count
2026-03-16 17:00:39 [http-nio-8080-exec-6] DEBUG c.c.p.s.jwt.JwtAuthenticationFilter - >>> [JwtFilter] Found token in header for path: /api/v1/notifications/unread-count
2026-03-16 17:00:39 [http-nio-8080-exec-6] DEBUG o.s.orm.jpa.JpaTransactionManager - Creating new transaction with name [com.company.project.security.iam.CustomUserDetailsService.loadUserByUsername]: PROPAGATION_REQUIRED,ISOLATION_DEFAULT,readOnly
2026-03-16 17:00:39 [http-nio-8080-exec-6] DEBUG o.s.orm.jpa.JpaTransactionManager - Opened new EntityManager [SessionImpl(1859740877<open>)] for JPA transaction
2026-03-16 17:00:39 [http-nio-8080-exec-5] DEBUG o.s.orm.jpa.JpaTransactionManager - Initiating transaction commit
2026-03-16 17:00:39 [http-nio-8080-exec-5] DEBUG o.s.orm.jpa.JpaTransactionManager - Committing JPA transaction on EntityManager [SessionImpl(602117614<open>)]
2026-03-16 17:00:39 [http-nio-8080-exec-1] DEBUG o.s.orm.jpa.JpaTransactionManager - Exposing JPA transaction as JDBC [org.springframework.orm.jpa.vendor.HibernateJpaDialect$HibernateConnectionHandle@7e5c9ca3]
2026-03-16 17:00:39 [http-nio-8080-exec-1] DEBUG o.s.orm.jpa.JpaTransactionManager - Found thread-bound EntityManager [SessionImpl(2093157342<open>)] for JPA transaction
2026-03-16 17:00:39 [http-nio-8080-exec-1] DEBUG o.s.orm.jpa.JpaTransactionManager - Participating in existing transaction
2026-03-16 17:00:39 [http-nio-8080-exec-1] DEBUG org.hibernate.SQL - select u1_0.emplyr_id,u1_0.area_no,u1_0.brthdy,u1_0.chg_pwd_cnt,u1_0.frst_register_id,u1_0.frst_regist_pnttm,u1_0.detail_adres,u1_0.email_adres,u1_0.emplyr_sttus_code,u1_0.empl_no,u1_0.esntl_id,u1_0.fxnum,u1_0.group_id,u1_0.house_adres,u1_0.house_end_telno,u1_0.house_middle_telno,u1_0.ihidnum,u1_0.pstinst_code,u1_0.last_updusr_id,u1_0.last_updt_pnttm,u1_0.lock_at,u1_0.lock_cnt,u1_0.lock_last_pnttm,u1_0.mbtlnum,u1_0.ofcps_nm,u1_0.offm_telno,u1_0.orgnzt_id,u1_0.password,u1_0.password_cnsr,u1_0.password_hint,u1_0.chg_pwd_last_pnttm,u1_0.role,u1_0.sbscrb_de,u1_0.sexdstn_code,u1_0.crtfc_dn_value,u1_0.user_nm,u1_0.zip from nemplyrinfo u1_0 where u1_0.emplyr_id=?
2026-03-16 17:00:39 [http-nio-8080-exec-6] DEBUG o.s.orm.jpa.JpaTransactionManager - Exposing JPA transaction as JDBC [org.springframework.orm.jpa.vendor.HibernateJpaDialect$HibernateConnectionHandle@3dfbc8ba]
2026-03-16 17:00:39 [http-nio-8080-exec-6] DEBUG o.s.orm.jpa.JpaTransactionManager - Found thread-bound EntityManager [SessionImpl(1859740877<open>)] for JPA transaction
2026-03-16 17:00:39 [http-nio-8080-exec-6] DEBUG o.s.orm.jpa.JpaTransactionManager - Participating in existing transaction
2026-03-16 17:00:39 [http-nio-8080-exec-6] DEBUG org.hibernate.SQL - select u1_0.emplyr_id,u1_0.area_no,u1_0.brthdy,u1_0.chg_pwd_cnt,u1_0.frst_register_id,u1_0.frst_regist_pnttm,u1_0.detail_adres,u1_0.email_adres,u1_0.emplyr_sttus_code,u1_0.empl_no,u1_0.esntl_id,u1_0.fxnum,u1_0.group_id,u1_0.house_adres,u1_0.house_end_telno,u1_0.house_middle_telno,u1_0.ihidnum,u1_0.pstinst_code,u1_0.last_updusr_id,u1_0.last_updt_pnttm,u1_0.lock_at,u1_0.lock_cnt,u1_0.lock_last_pnttm,u1_0.mbtlnum,u1_0.ofcps_nm,u1_0.offm_telno,u1_0.orgnzt_id,u1_0.password,u1_0.password_cnsr,u1_0.password_hint,u1_0.chg_pwd_last_pnttm,u1_0.role,u1_0.sbscrb_de,u1_0.sexdstn_code,u1_0.crtfc_dn_value,u1_0.user_nm,u1_0.zip from nemplyrinfo u1_0 where u1_0.emplyr_id=?
2026-03-16 17:00:39 [http-nio-8080-exec-5] DEBUG o.s.orm.jpa.JpaTransactionManager - Closing JPA EntityManager [SessionImpl(602117614<open>)] after transaction
2026-03-16 17:00:39 [http-nio-8080-exec-5] DEBUG c.c.p.s.jwt.JwtAuthenticationFilter - >>> [JwtFilter] Successfully authenticated user: USRCNFRM_99999999999, Authorities: [ROLE_ADMIN]
2026-03-16 17:00:39 [http-nio-8080-exec-5] DEBUG o.s.web.servlet.DispatcherServlet - GET "/api/v1/menu/left?menuNo=20", parameters={masked}
2026-03-16 17:00:39 [http-nio-8080-exec-5] TRACE o.s.w.s.m.m.a.RequestMappingHandlerMapping - Mapped to com.company.project.api.controller.menu.MenuController#getLeftMenu(Long)
2026-03-16 17:00:39 [http-nio-8080-exec-5] INFO  c.c.p.a.c.menu.MenuController - getLeftMenu called with menuNo=20
2026-03-16 17:00:39 [http-nio-8080-exec-5] DEBUG o.s.orm.jpa.JpaTransactionManager - Creating new transaction with name [com.company.project.service.menu.MenuService.getSubMenus]: PROPAGATION_REQUIRED,ISOLATION_DEFAULT,readOnly
2026-03-16 17:00:39 [http-nio-8080-exec-5] DEBUG o.s.orm.jpa.JpaTransactionManager - Opened new EntityManager [SessionImpl(103280005<open>)] for JPA transaction
2026-03-16 17:00:39 [http-nio-8080-exec-5] DEBUG o.s.orm.jpa.JpaTransactionManager - Exposing JPA transaction as JDBC [org.springframework.orm.jpa.vendor.HibernateJpaDialect$HibernateConnectionHandle@1e875440]
2026-03-16 17:00:39 [http-nio-8080-exec-5] DEBUG org.hibernate.SQL - select m1_0.menu_no,m1_0.menu_dc,m1_0.menu_nm,m1_0.menu_ordr,m1_0.modern_route,m1_0.progrm_file_nm,m1_0.relate_image_nm,m1_0.relate_image_path,m1_0.route_updated_at,m1_0.upper_menu_no from nmenuinfo m1_0 order by m1_0.upper_menu_no,m1_0.menu_ordr
2026-03-16 17:00:39 [http-nio-8080-exec-1] DEBUG o.s.orm.jpa.JpaTransactionManager - Found thread-bound EntityManager [SessionImpl(2093157342<open>)] for JPA transaction
2026-03-16 17:00:39 [http-nio-8080-exec-1] DEBUG o.s.orm.jpa.JpaTransactionManager - Participating in existing transaction
2026-03-16 17:00:39 [http-nio-8080-exec-1] DEBUG org.hibernate.SQL - select ua1_0.scrty_dtrmn_trget_id,ua1_0.author_code,ua1_0.frst_register_id,ua1_0.frst_regist_pnttm,ua1_0.last_updusr_id,ua1_0.last_updt_pnttm,ua1_0.mber_ty_code from nemplyrscrtyestbs ua1_0 where ua1_0.scrty_dtrmn_trget_id=?
2026-03-16 17:00:39 [http-nio-8080-exec-6] DEBUG o.s.orm.jpa.JpaTransactionManager - Found thread-bound EntityManager [SessionImpl(1859740877<open>)] for JPA transaction
2026-03-16 17:00:39 [http-nio-8080-exec-6] DEBUG o.s.orm.jpa.JpaTransactionManager - Participating in existing transaction
2026-03-16 17:00:39 [http-nio-8080-exec-6] DEBUG org.hibernate.SQL - select ua1_0.scrty_dtrmn_trget_id,ua1_0.author_code,ua1_0.frst_register_id,ua1_0.frst_regist_pnttm,ua1_0.last_updusr_id,ua1_0.last_updt_pnttm,ua1_0.mber_ty_code from nemplyrscrtyestbs ua1_0 where ua1_0.scrty_dtrmn_trget_id=?
2026-03-16 17:00:39 [http-nio-8080-exec-1] DEBUG o.s.orm.jpa.JpaTransactionManager - Initiating transaction commit
2026-03-16 17:00:39 [http-nio-8080-exec-1] DEBUG o.s.orm.jpa.JpaTransactionManager - Committing JPA transaction on EntityManager [SessionImpl(2093157342<open>)]
2026-03-16 17:00:39 [http-nio-8080-exec-8] DEBUG o.s.w.s.h.LoggingWebSocketHandlerDecorator - WebSocketServerSockJsSession[id=ne0514fi] closed with CloseStatus[code=1001, reason=null]
2026-03-16 17:00:39 [http-nio-8080-exec-8] DEBUG o.s.w.s.m.SubProtocolWebSocketHandler - Clearing session ne0514fi
2026-03-16 17:00:39 [scheduling-1] DEBUG org.springframework.web.SimpLogging - Processing DISCONNECT session=ne0514fi
2026-03-16 17:00:39 [scheduling-1] DEBUG o.s.w.s.m.SubProtocolWebSocketHandler - No session for GenericMessage [payload=byte[0], headers={simpMessageType=DISCONNECT_ACK, simpDisconnectMessage=GenericMessage [payload=byte[0], headers={simpMessageType=DISCONNECT, stompCommand=DISCONNECT, simpSessionAttributes={org.springframework.messaging.simp.SimpAttributes.COMPLETED=true}, simpSessionId=ne0514fi}], simpSessionId=ne0514fi}]
2026-03-16 17:00:39 [http-nio-8080-exec-6] DEBUG o.s.orm.jpa.JpaTransactionManager - Initiating transaction commit
2026-03-16 17:00:39 [http-nio-8080-exec-6] DEBUG o.s.orm.jpa.JpaTransactionManager - Committing JPA transaction on EntityManager [SessionImpl(1859740877<open>)]
2026-03-16 17:00:39 [http-nio-8080-exec-1] DEBUG o.s.orm.jpa.JpaTransactionManager - Closing JPA EntityManager [SessionImpl(2093157342<open>)] after transaction
2026-03-16 17:00:39 [http-nio-8080-exec-1] DEBUG c.c.p.s.jwt.JwtAuthenticationFilter - >>> [JwtFilter] Successfully authenticated user: USRCNFRM_99999999999, Authorities: [ROLE_ADMIN]
2026-03-16 17:00:39 [http-nio-8080-exec-1] DEBUG o.s.web.servlet.DispatcherServlet - GET "/api/v1/notifications", parameters={}
2026-03-16 17:00:39 [http-nio-8080-exec-5] DEBUG o.s.orm.jpa.JpaTransactionManager - Found thread-bound EntityManager [SessionImpl(103280005<open>)] for JPA transaction
2026-03-16 17:00:39 [http-nio-8080-exec-5] DEBUG o.s.orm.jpa.JpaTransactionManager - Participating in existing transaction
2026-03-16 17:00:39 [http-nio-8080-exec-1] TRACE o.s.w.s.m.m.a.RequestMappingHandlerMapping - Mapped to com.company.project.api.controller.notification.NotificationController#getMyNotifications(UserDetails)
2026-03-16 17:00:39 [http-nio-8080-exec-1] DEBUG o.s.orm.jpa.JpaTransactionManager - Creating new transaction with name [com.company.project.service.notification.NotificationService.getActiveNotifications]: PROPAGATION_REQUIRED,ISOLATION_DEFAULT,readOnly
2026-03-16 17:00:39 [http-nio-8080-exec-1] DEBUG o.s.orm.jpa.JpaTransactionManager - Opened new EntityManager [SessionImpl(44970896<open>)] for JPA transaction
2026-03-16 17:00:39 [http-nio-8080-exec-1] DEBUG o.s.orm.jpa.JpaTransactionManager - Exposing JPA transaction as JDBC [org.springframework.orm.jpa.vendor.HibernateJpaDialect$HibernateConnectionHandle@48293b7]
2026-03-16 17:00:39 [http-nio-8080-exec-1] DEBUG o.s.orm.jpa.JpaTransactionManager - Found thread-bound EntityManager [SessionImpl(44970896<open>)] for JPA transaction
2026-03-16 17:00:39 [http-nio-8080-exec-1] DEBUG o.s.orm.jpa.JpaTransactionManager - Participating in existing transaction
2026-03-16 17:00:39 [http-nio-8080-exec-5] DEBUG org.hibernate.SQL - select p1_0.progrm_file_nm,p1_0.progrm_dc,p1_0.progrm_korean_nm,p1_0.progrm_stre_path,p1_0.url from nprogrmlist p1_0
2026-03-16 17:00:39 [http-nio-8080-exec-1] DEBUG org.hibernate.SQL - select n1_0.ntcn_no,n1_0.frst_register_id,n1_0.frst_regist_pnttm,n1_0.is_read,n1_0.last_updusr_id,n1_0.last_updt_pnttm,n1_0.link_url,n1_0.ntcn_cn,n1_0.ntcn_sj,n1_0.receiver_id from n_user_notification n1_0
2026-03-16 17:00:39 [http-nio-8080-exec-6] DEBUG o.s.orm.jpa.JpaTransactionManager - Closing JPA EntityManager [SessionImpl(1859740877<open>)] after transaction
2026-03-16 17:00:39 [http-nio-8080-exec-6] DEBUG c.c.p.s.jwt.JwtAuthenticationFilter - >>> [JwtFilter] Successfully authenticated user: USRCNFRM_99999999999, Authorities: [ROLE_ADMIN]
2026-03-16 17:00:39 [http-nio-8080-exec-6] DEBUG o.s.web.servlet.DispatcherServlet - GET "/api/v1/notifications/unread-count", parameters={}
2026-03-16 17:00:39 [http-nio-8080-exec-6] TRACE o.s.w.s.m.m.a.RequestMappingHandlerMapping - Mapped to com.company.project.api.controller.notification.NotificationController#getUnreadCount(UserDetails)
2026-03-16 17:00:39 [http-nio-8080-exec-6] DEBUG o.s.orm.jpa.JpaTransactionManager - Creating new transaction with name [com.company.project.service.notification.NotificationService.getUnreadCount]: PROPAGATION_REQUIRED,ISOLATION_DEFAULT,readOnly
2026-03-16 17:00:39 [http-nio-8080-exec-6] DEBUG o.s.orm.jpa.JpaTransactionManager - Opened new EntityManager [SessionImpl(1928263236<open>)] for JPA transaction
2026-03-16 17:00:39 [http-nio-8080-exec-6] DEBUG o.s.orm.jpa.JpaTransactionManager - Exposing JPA transaction as JDBC [org.springframework.orm.jpa.vendor.HibernateJpaDialect$HibernateConnectionHandle@4467a86c]
2026-03-16 17:00:39 [http-nio-8080-exec-6] DEBUG org.hibernate.SQL - select count(n1_0.ntcn_no) from n_user_notification n1_0 where n1_0.receiver_id=? and n1_0.is_read=?
2026-03-16 17:00:39 [http-nio-8080-exec-2] DEBUG c.c.p.s.jwt.JwtAuthenticationFilter - >>> [JwtFilter] Processing request: GET /api/v1/menu/head
2026-03-16 17:00:39 [http-nio-8080-exec-2] DEBUG c.c.p.s.jwt.JwtAuthenticationFilter - >>> [JwtFilter] Found token in header for path: /api/v1/menu/head
2026-03-16 17:00:39 [http-nio-8080-exec-2] DEBUG o.s.orm.jpa.JpaTransactionManager - Creating new transaction with name [com.company.project.security.iam.CustomUserDetailsService.loadUserByUsername]: PROPAGATION_REQUIRED,ISOLATION_DEFAULT,readOnly
2026-03-16 17:00:39 [http-nio-8080-exec-2] DEBUG o.s.orm.jpa.JpaTransactionManager - Opened new EntityManager [SessionImpl(881616250<open>)] for JPA transaction
2026-03-16 17:00:39 [http-nio-8080-exec-1] DEBUG o.s.orm.jpa.JpaTransactionManager - Initiating transaction commit
2026-03-16 17:00:39 [http-nio-8080-exec-1] DEBUG o.s.orm.jpa.JpaTransactionManager - Committing JPA transaction on EntityManager [SessionImpl(44970896<open>)]
2026-03-16 17:00:39 [http-nio-8080-exec-5] DEBUG o.s.orm.jpa.JpaTransactionManager - Initiating transaction commit
2026-03-16 17:00:39 [http-nio-8080-exec-5] DEBUG o.s.orm.jpa.JpaTransactionManager - Committing JPA transaction on EntityManager [SessionImpl(103280005<open>)]
2026-03-16 17:00:40 [http-nio-8080-exec-6] DEBUG o.s.orm.jpa.JpaTransactionManager - Initiating transaction commit
2026-03-16 17:00:40 [http-nio-8080-exec-6] DEBUG o.s.orm.jpa.JpaTransactionManager - Committing JPA transaction on EntityManager [SessionImpl(1928263236<open>)]
2026-03-16 17:00:40 [http-nio-8080-exec-2] DEBUG o.s.orm.jpa.JpaTransactionManager - Exposing JPA transaction as JDBC [org.springframework.orm.jpa.vendor.HibernateJpaDialect$HibernateConnectionHandle@1245f0c6]
2026-03-16 17:00:40 [http-nio-8080-exec-2] DEBUG o.s.orm.jpa.JpaTransactionManager - Found thread-bound EntityManager [SessionImpl(881616250<open>)] for JPA transaction
2026-03-16 17:00:40 [http-nio-8080-exec-2] DEBUG o.s.orm.jpa.JpaTransactionManager - Participating in existing transaction
2026-03-16 17:00:40 [http-nio-8080-exec-2] DEBUG org.hibernate.SQL - select u1_0.emplyr_id,u1_0.area_no,u1_0.brthdy,u1_0.chg_pwd_cnt,u1_0.frst_register_id,u1_0.frst_regist_pnttm,u1_0.detail_adres,u1_0.email_adres,u1_0.emplyr_sttus_code,u1_0.empl_no,u1_0.esntl_id,u1_0.fxnum,u1_0.group_id,u1_0.house_adres,u1_0.house_end_telno,u1_0.house_middle_telno,u1_0.ihidnum,u1_0.pstinst_code,u1_0.last_updusr_id,u1_0.last_updt_pnttm,u1_0.lock_at,u1_0.lock_cnt,u1_0.lock_last_pnttm,u1_0.mbtlnum,u1_0.ofcps_nm,u1_0.offm_telno,u1_0.orgnzt_id,u1_0.password,u1_0.password_cnsr,u1_0.password_hint,u1_0.chg_pwd_last_pnttm,u1_0.role,u1_0.sbscrb_de,u1_0.sexdstn_code,u1_0.crtfc_dn_value,u1_0.user_nm,u1_0.zip from nemplyrinfo u1_0 where u1_0.emplyr_id=?
2026-03-16 17:00:40 [http-nio-8080-exec-1] DEBUG o.s.orm.jpa.JpaTransactionManager - Closing JPA EntityManager [SessionImpl(44970896<open>)] after transaction
2026-03-16 17:00:40 [http-nio-8080-exec-1] DEBUG o.s.w.s.m.m.a.HttpEntityMethodProcessor - Using 'application/json', given [application/json, text/plain, */*] and supported [application/json, application/*+json, application/yaml]
2026-03-16 17:00:40 [http-nio-8080-exec-1] TRACE o.s.w.s.m.m.a.HttpEntityMethodProcessor - Writing [ApiResponse[success=true, status=200, code=COMMON_001, message=Success, data=[NotificationDto(ntfcNo=NT001, ntfcSj=테스트 알림입니다, ntfcCn=알림 내용입니다, ntfcDate=null, ntfcTime=2026-02-25T00:59:33.784070, bhNtfcIntrvl=null, uniqId=null, frstRegisterId=null, frstRegisterPnttm=2026-02-25T00:59:33.784070, lastUpdusrId=null, lastUpdusrPnttm=null)], timestamp=2026-03-16T17:00:40.112428800]]
2026-03-16 17:00:40 [http-nio-8080-exec-1] INFO  c.c.p.a.i.OperationalAuditInterceptor - API Audit Log: URL=/api/v1/notifications, User=webmaster, IP=127.0.0.1
2026-03-16 17:00:40 [http-nio-8080-exec-1] DEBUG o.s.web.servlet.DispatcherServlet - Completed 200 OK
2026-03-16 17:00:40 [http-nio-8080-exec-5] DEBUG o.s.orm.jpa.JpaTransactionManager - Closing JPA EntityManager [SessionImpl(103280005<open>)] after transaction
2026-03-16 17:00:40 [http-nio-8080-exec-5] INFO  c.c.p.a.c.menu.MenuController - getLeftMenu returned 3 items
2026-03-16 17:00:40 [http-nio-8080-exec-5] DEBUG o.s.w.s.m.m.a.HttpEntityMethodProcessor - Using 'application/json', given [application/json, text/plain, */*] and supported [application/json, application/*+json, application/yaml]
2026-03-16 17:00:40 [http-nio-8080-exec-5] TRACE o.s.w.s.m.m.a.HttpEntityMethodProcessor - Writing [ApiResponse[success=true, status=200, code=COMMON_001, message=Success, data={list=[com.company.project.service.menu.dto.MenuDto@70f51a4, com.company.project.service.menu.dto.MenuDto@2c0312c6, com.company.project.service.menu.dto.MenuDto@3c69fc25]}, timestamp=2026-03-16T17:00:40.125542900]]
2026-03-16 17:00:40 [http-nio-8080-exec-5] INFO  c.c.p.a.i.OperationalAuditInterceptor - API Audit Log: URL=/api/v1/menu/left, User=webmaster, IP=127.0.0.1
2026-03-16 17:00:40 [http-nio-8080-exec-5] DEBUG o.s.web.servlet.DispatcherServlet - Completed 200 OK
2026-03-16 17:00:40 [http-nio-8080-exec-6] DEBUG o.s.orm.jpa.JpaTransactionManager - Closing JPA EntityManager [SessionImpl(1928263236<open>)] after transaction
2026-03-16 17:00:40 [http-nio-8080-exec-6] DEBUG o.s.w.s.m.m.a.HttpEntityMethodProcessor - Using 'application/json', given [application/json, text/plain, */*] and supported [application/json, application/*+json, application/yaml]
2026-03-16 17:00:40 [http-nio-8080-exec-6] TRACE o.s.w.s.m.m.a.HttpEntityMethodProcessor - Writing [ApiResponse[success=true, status=200, code=COMMON_001, message=Success, data=0, timestamp=2026-03-16T17:00:40.182354200]]
2026-03-16 17:00:40 [http-nio-8080-exec-6] INFO  c.c.p.a.i.OperationalAuditInterceptor - API Audit Log: URL=/api/v1/notifications/unread-count, User=webmaster, IP=127.0.0.1
2026-03-16 17:00:40 [http-nio-8080-exec-6] DEBUG o.s.web.servlet.DispatcherServlet - Completed 200 OK
2026-03-16 17:00:40 [http-nio-8080-exec-2] DEBUG o.s.orm.jpa.JpaTransactionManager - Found thread-bound EntityManager [SessionImpl(881616250<open>)] for JPA transaction
2026-03-16 17:00:40 [http-nio-8080-exec-2] DEBUG o.s.orm.jpa.JpaTransactionManager - Participating in existing transaction
2026-03-16 17:00:40 [http-nio-8080-exec-2] DEBUG org.hibernate.SQL - select ua1_0.scrty_dtrmn_trget_id,ua1_0.author_code,ua1_0.frst_register_id,ua1_0.frst_regist_pnttm,ua1_0.last_updusr_id,ua1_0.last_updt_pnttm,ua1_0.mber_ty_code from nemplyrscrtyestbs ua1_0 where ua1_0.scrty_dtrmn_trget_id=?
2026-03-16 17:00:40 [http-nio-8080-exec-2] DEBUG o.s.orm.jpa.JpaTransactionManager - Initiating transaction commit
2026-03-16 17:00:40 [http-nio-8080-exec-2] DEBUG o.s.orm.jpa.JpaTransactionManager - Committing JPA transaction on EntityManager [SessionImpl(881616250<open>)]
2026-03-16 17:00:40 [http-nio-8080-exec-2] DEBUG o.s.orm.jpa.JpaTransactionManager - Closing JPA EntityManager [SessionImpl(881616250<open>)] after transaction
2026-03-16 17:00:40 [http-nio-8080-exec-2] DEBUG c.c.p.s.jwt.JwtAuthenticationFilter - >>> [JwtFilter] Successfully authenticated user: USRCNFRM_99999999999, Authorities: [ROLE_ADMIN]
2026-03-16 17:00:40 [http-nio-8080-exec-2] DEBUG o.s.web.servlet.DispatcherServlet - GET "/api/v1/menu/head", parameters={}
2026-03-16 17:00:40 [http-nio-8080-exec-2] TRACE o.s.w.s.m.m.a.RequestMappingHandlerMapping - Mapped to com.company.project.api.controller.menu.MenuController#getHeadMenu()
2026-03-16 17:00:40 [http-nio-8080-exec-2] INFO  c.c.p.a.c.menu.MenuController - getHeadMenu called
2026-03-16 17:00:40 [http-nio-8080-exec-2] INFO  c.c.p.a.c.menu.MenuController - getHeadMenu returned 5 items
2026-03-16 17:00:40 [http-nio-8080-exec-2] DEBUG o.s.w.s.m.m.a.HttpEntityMethodProcessor - Using 'application/json', given [application/json, text/plain, */*] and supported [application/json, application/*+json, application/yaml]
2026-03-16 17:00:40 [http-nio-8080-exec-2] TRACE o.s.w.s.m.m.a.HttpEntityMethodProcessor - Writing [ApiResponse[success=true, status=200, code=COMMON_001, message=Success, data={list=[com.company.project.service.menu.dto.MenuDto@2b80d6b0, com.company.project.service.menu.dto.MenuDto@1418cfa3, com.company.project.service.menu.dto.MenuDto@f230bf1, com.company.project.service.menu.dto.MenuDto@734a7f6a, com.company.project.service.menu.dto.MenuDto@5e5202e5]}, timestamp=2026-03-16T17:00:40.540585900]]
2026-03-16 17:00:40 [http-nio-8080-exec-2] INFO  c.c.p.a.i.OperationalAuditInterceptor - API Audit Log: URL=/api/v1/menu/head, User=webmaster, IP=0:0:0:0:0:0:0:1
2026-03-16 17:00:40 [http-nio-8080-exec-2] DEBUG o.s.web.servlet.DispatcherServlet - Completed 200 OK
2026-03-16 17:00:40 [http-nio-8080-exec-7] DEBUG c.c.p.s.jwt.JwtAuthenticationFilter - >>> [JwtFilter] Processing request: GET /api/v1/menu/left
2026-03-16 17:00:40 [http-nio-8080-exec-7] DEBUG c.c.p.s.jwt.JwtAuthenticationFilter - >>> [JwtFilter] Found token in header for path: /api/v1/menu/left
2026-03-16 17:00:40 [http-nio-8080-exec-4] DEBUG c.c.p.s.jwt.JwtAuthenticationFilter - >>> [JwtFilter] Processing request: GET /api/v1/menu/left
2026-03-16 17:00:40 [http-nio-8080-exec-9] DEBUG c.c.p.s.jwt.JwtAuthenticationFilter - >>> [JwtFilter] Processing request: GET /api/v1/menu/left
2026-03-16 17:00:40 [http-nio-8080-exec-4] DEBUG c.c.p.s.jwt.JwtAuthenticationFilter - >>> [JwtFilter] Found token in header for path: /api/v1/menu/left
2026-03-16 17:00:40 [http-nio-8080-exec-9] DEBUG c.c.p.s.jwt.JwtAuthenticationFilter - >>> [JwtFilter] Found token in header for path: /api/v1/menu/left
2026-03-16 17:00:40 [http-nio-8080-exec-7] DEBUG o.s.orm.jpa.JpaTransactionManager - Creating new transaction with name [com.company.project.security.iam.CustomUserDetailsService.loadUserByUsername]: PROPAGATION_REQUIRED,ISOLATION_DEFAULT,readOnly
2026-03-16 17:00:40 [http-nio-8080-exec-7] DEBUG o.s.orm.jpa.JpaTransactionManager - Opened new EntityManager [SessionImpl(156627977<open>)] for JPA transaction
2026-03-16 17:00:40 [http-nio-8080-exec-4] DEBUG o.s.orm.jpa.JpaTransactionManager - Creating new transaction with name [com.company.project.security.iam.CustomUserDetailsService.loadUserByUsername]: PROPAGATION_REQUIRED,ISOLATION_DEFAULT,readOnly
2026-03-16 17:00:40 [http-nio-8080-exec-9] DEBUG o.s.orm.jpa.JpaTransactionManager - Creating new transaction with name [com.company.project.security.iam.CustomUserDetailsService.loadUserByUsername]: PROPAGATION_REQUIRED,ISOLATION_DEFAULT,readOnly
2026-03-16 17:00:40 [http-nio-8080-exec-4] DEBUG o.s.orm.jpa.JpaTransactionManager - Opened new EntityManager [SessionImpl(1127445364<open>)] for JPA transaction
2026-03-16 17:00:40 [http-nio-8080-exec-9] DEBUG o.s.orm.jpa.JpaTransactionManager - Opened new EntityManager [SessionImpl(1480457515<open>)] for JPA transaction
2026-03-16 17:00:40 [http-nio-8080-exec-10] DEBUG c.c.p.s.jwt.JwtAuthenticationFilter - >>> [JwtFilter] Processing request: GET /api/v1/menu/left
2026-03-16 17:00:40 [http-nio-8080-exec-3] DEBUG c.c.p.s.jwt.JwtAuthenticationFilter - >>> [JwtFilter] Processing request: GET /api/v1/menu/left
2026-03-16 17:00:40 [http-nio-8080-exec-10] DEBUG c.c.p.s.jwt.JwtAuthenticationFilter - >>> [JwtFilter] Found token in header for path: /api/v1/menu/left
2026-03-16 17:00:40 [http-nio-8080-exec-3] DEBUG c.c.p.s.jwt.JwtAuthenticationFilter - >>> [JwtFilter] Found token in header for path: /api/v1/menu/left
2026-03-16 17:00:40 [http-nio-8080-exec-3] DEBUG o.s.orm.jpa.JpaTransactionManager - Creating new transaction with name [com.company.project.security.iam.CustomUserDetailsService.loadUserByUsername]: PROPAGATION_REQUIRED,ISOLATION_DEFAULT,readOnly
2026-03-16 17:00:40 [http-nio-8080-exec-10] DEBUG o.s.orm.jpa.JpaTransactionManager - Creating new transaction with name [com.company.project.security.iam.CustomUserDetailsService.loadUserByUsername]: PROPAGATION_REQUIRED,ISOLATION_DEFAULT,readOnly
2026-03-16 17:00:40 [http-nio-8080-exec-3] DEBUG o.s.orm.jpa.JpaTransactionManager - Opened new EntityManager [SessionImpl(531566107<open>)] for JPA transaction
2026-03-16 17:00:40 [http-nio-8080-exec-10] DEBUG o.s.orm.jpa.JpaTransactionManager - Opened new EntityManager [SessionImpl(1214195713<open>)] for JPA transaction
2026-03-16 17:00:40 [http-nio-8080-exec-4] DEBUG o.s.orm.jpa.JpaTransactionManager - Exposing JPA transaction as JDBC [org.springframework.orm.jpa.vendor.HibernateJpaDialect$HibernateConnectionHandle@3fe481f1]
2026-03-16 17:00:40 [http-nio-8080-exec-9] DEBUG o.s.orm.jpa.JpaTransactionManager - Exposing JPA transaction as JDBC [org.springframework.orm.jpa.vendor.HibernateJpaDialect$HibernateConnectionHandle@2e0e8e34]
2026-03-16 17:00:40 [http-nio-8080-exec-4] DEBUG o.s.orm.jpa.JpaTransactionManager - Found thread-bound EntityManager [SessionImpl(1127445364<open>)] for JPA transaction
2026-03-16 17:00:40 [http-nio-8080-exec-4] DEBUG o.s.orm.jpa.JpaTransactionManager - Participating in existing transaction
2026-03-16 17:00:40 [http-nio-8080-exec-9] DEBUG o.s.orm.jpa.JpaTransactionManager - Found thread-bound EntityManager [SessionImpl(1480457515<open>)] for JPA transaction
2026-03-16 17:00:40 [http-nio-8080-exec-9] DEBUG o.s.orm.jpa.JpaTransactionManager - Participating in existing transaction
2026-03-16 17:00:40 [http-nio-8080-exec-9] DEBUG org.hibernate.SQL - select u1_0.emplyr_id,u1_0.area_no,u1_0.brthdy,u1_0.chg_pwd_cnt,u1_0.frst_register_id,u1_0.frst_regist_pnttm,u1_0.detail_adres,u1_0.email_adres,u1_0.emplyr_sttus_code,u1_0.empl_no,u1_0.esntl_id,u1_0.fxnum,u1_0.group_id,u1_0.house_adres,u1_0.house_end_telno,u1_0.house_middle_telno,u1_0.ihidnum,u1_0.pstinst_code,u1_0.last_updusr_id,u1_0.last_updt_pnttm,u1_0.lock_at,u1_0.lock_cnt,u1_0.lock_last_pnttm,u1_0.mbtlnum,u1_0.ofcps_nm,u1_0.offm_telno,u1_0.orgnzt_id,u1_0.password,u1_0.password_cnsr,u1_0.password_hint,u1_0.chg_pwd_last_pnttm,u1_0.role,u1_0.sbscrb_de,u1_0.sexdstn_code,u1_0.crtfc_dn_value,u1_0.user_nm,u1_0.zip from nemplyrinfo u1_0 where u1_0.emplyr_id=?
2026-03-16 17:00:40 [http-nio-8080-exec-4] DEBUG org.hibernate.SQL - select u1_0.emplyr_id,u1_0.area_no,u1_0.brthdy,u1_0.chg_pwd_cnt,u1_0.frst_register_id,u1_0.frst_regist_pnttm,u1_0.detail_adres,u1_0.email_adres,u1_0.emplyr_sttus_code,u1_0.empl_no,u1_0.esntl_id,u1_0.fxnum,u1_0.group_id,u1_0.house_adres,u1_0.house_end_telno,u1_0.house_middle_telno,u1_0.ihidnum,u1_0.pstinst_code,u1_0.last_updusr_id,u1_0.last_updt_pnttm,u1_0.lock_at,u1_0.lock_cnt,u1_0.lock_last_pnttm,u1_0.mbtlnum,u1_0.ofcps_nm,u1_0.offm_telno,u1_0.orgnzt_id,u1_0.password,u1_0.password_cnsr,u1_0.password_hint,u1_0.chg_pwd_last_pnttm,u1_0.role,u1_0.sbscrb_de,u1_0.sexdstn_code,u1_0.crtfc_dn_value,u1_0.user_nm,u1_0.zip from nemplyrinfo u1_0 where u1_0.emplyr_id=?
2026-03-16 17:00:40 [http-nio-8080-exec-10] DEBUG o.s.orm.jpa.JpaTransactionManager - Exposing JPA transaction as JDBC [org.springframework.orm.jpa.vendor.HibernateJpaDialect$HibernateConnectionHandle@3545c5f]
2026-03-16 17:00:40 [http-nio-8080-exec-7] DEBUG o.s.orm.jpa.JpaTransactionManager - Exposing JPA transaction as JDBC [org.springframework.orm.jpa.vendor.HibernateJpaDialect$HibernateConnectionHandle@15eeced8]
2026-03-16 17:00:40 [http-nio-8080-exec-10] DEBUG o.s.orm.jpa.JpaTransactionManager - Found thread-bound EntityManager [SessionImpl(1214195713<open>)] for JPA transaction
2026-03-16 17:00:40 [http-nio-8080-exec-10] DEBUG o.s.orm.jpa.JpaTransactionManager - Participating in existing transaction
2026-03-16 17:00:40 [http-nio-8080-exec-7] DEBUG o.s.orm.jpa.JpaTransactionManager - Found thread-bound EntityManager [SessionImpl(156627977<open>)] for JPA transaction
2026-03-16 17:00:40 [http-nio-8080-exec-7] DEBUG o.s.orm.jpa.JpaTransactionManager - Participating in existing transaction
2026-03-16 17:00:40 [http-nio-8080-exec-10] DEBUG org.hibernate.SQL - select u1_0.emplyr_id,u1_0.area_no,u1_0.brthdy,u1_0.chg_pwd_cnt,u1_0.frst_register_id,u1_0.frst_regist_pnttm,u1_0.detail_adres,u1_0.email_adres,u1_0.emplyr_sttus_code,u1_0.empl_no,u1_0.esntl_id,u1_0.fxnum,u1_0.group_id,u1_0.house_adres,u1_0.house_end_telno,u1_0.house_middle_telno,u1_0.ihidnum,u1_0.pstinst_code,u1_0.last_updusr_id,u1_0.last_updt_pnttm,u1_0.lock_at,u1_0.lock_cnt,u1_0.lock_last_pnttm,u1_0.mbtlnum,u1_0.ofcps_nm,u1_0.offm_telno,u1_0.orgnzt_id,u1_0.password,u1_0.password_cnsr,u1_0.password_hint,u1_0.chg_pwd_last_pnttm,u1_0.role,u1_0.sbscrb_de,u1_0.sexdstn_code,u1_0.crtfc_dn_value,u1_0.user_nm,u1_0.zip from nemplyrinfo u1_0 where u1_0.emplyr_id=?
2026-03-16 17:00:40 [http-nio-8080-exec-7] DEBUG org.hibernate.SQL - select u1_0.emplyr_id,u1_0.area_no,u1_0.brthdy,u1_0.chg_pwd_cnt,u1_0.frst_register_id,u1_0.frst_regist_pnttm,u1_0.detail_adres,u1_0.email_adres,u1_0.emplyr_sttus_code,u1_0.empl_no,u1_0.esntl_id,u1_0.fxnum,u1_0.group_id,u1_0.house_adres,u1_0.house_end_telno,u1_0.house_middle_telno,u1_0.ihidnum,u1_0.pstinst_code,u1_0.last_updusr_id,u1_0.last_updt_pnttm,u1_0.lock_at,u1_0.lock_cnt,u1_0.lock_last_pnttm,u1_0.mbtlnum,u1_0.ofcps_nm,u1_0.offm_telno,u1_0.orgnzt_id,u1_0.password,u1_0.password_cnsr,u1_0.password_hint,u1_0.chg_pwd_last_pnttm,u1_0.role,u1_0.sbscrb_de,u1_0.sexdstn_code,u1_0.crtfc_dn_value,u1_0.user_nm,u1_0.zip from nemplyrinfo u1_0 where u1_0.emplyr_id=?
2026-03-16 17:00:40 [http-nio-8080-exec-3] DEBUG o.s.orm.jpa.JpaTransactionManager - Exposing JPA transaction as JDBC [org.springframework.orm.jpa.vendor.HibernateJpaDialect$HibernateConnectionHandle@4740fe26]
2026-03-16 17:00:40 [http-nio-8080-exec-3] DEBUG o.s.orm.jpa.JpaTransactionManager - Found thread-bound EntityManager [SessionImpl(531566107<open>)] for JPA transaction
2026-03-16 17:00:40 [http-nio-8080-exec-3] DEBUG o.s.orm.jpa.JpaTransactionManager - Participating in existing transaction
2026-03-16 17:00:40 [http-nio-8080-exec-3] DEBUG org.hibernate.SQL - select u1_0.emplyr_id,u1_0.area_no,u1_0.brthdy,u1_0.chg_pwd_cnt,u1_0.frst_register_id,u1_0.frst_regist_pnttm,u1_0.detail_adres,u1_0.email_adres,u1_0.emplyr_sttus_code,u1_0.empl_no,u1_0.esntl_id,u1_0.fxnum,u1_0.group_id,u1_0.house_adres,u1_0.house_end_telno,u1_0.house_middle_telno,u1_0.ihidnum,u1_0.pstinst_code,u1_0.last_updusr_id,u1_0.last_updt_pnttm,u1_0.lock_at,u1_0.lock_cnt,u1_0.lock_last_pnttm,u1_0.mbtlnum,u1_0.ofcps_nm,u1_0.offm_telno,u1_0.orgnzt_id,u1_0.password,u1_0.password_cnsr,u1_0.password_hint,u1_0.chg_pwd_last_pnttm,u1_0.role,u1_0.sbscrb_de,u1_0.sexdstn_code,u1_0.crtfc_dn_value,u1_0.user_nm,u1_0.zip from nemplyrinfo u1_0 where u1_0.emplyr_id=?
2026-03-16 17:00:40 [http-nio-8080-exec-9] DEBUG o.s.orm.jpa.JpaTransactionManager - Found thread-bound EntityManager [SessionImpl(1480457515<open>)] for JPA transaction
2026-03-16 17:00:40 [http-nio-8080-exec-9] DEBUG o.s.orm.jpa.JpaTransactionManager - Participating in existing transaction
2026-03-16 17:00:40 [http-nio-8080-exec-9] DEBUG org.hibernate.SQL - select ua1_0.scrty_dtrmn_trget_id,ua1_0.author_code,ua1_0.frst_register_id,ua1_0.frst_regist_pnttm,ua1_0.last_updusr_id,ua1_0.last_updt_pnttm,ua1_0.mber_ty_code from nemplyrscrtyestbs ua1_0 where ua1_0.scrty_dtrmn_trget_id=?
2026-03-16 17:00:40 [http-nio-8080-exec-4] DEBUG o.s.orm.jpa.JpaTransactionManager - Found thread-bound EntityManager [SessionImpl(1127445364<open>)] for JPA transaction
2026-03-16 17:00:40 [http-nio-8080-exec-4] DEBUG o.s.orm.jpa.JpaTransactionManager - Participating in existing transaction
2026-03-16 17:00:40 [http-nio-8080-exec-4] DEBUG org.hibernate.SQL - select ua1_0.scrty_dtrmn_trget_id,ua1_0.author_code,ua1_0.frst_register_id,ua1_0.frst_regist_pnttm,ua1_0.last_updusr_id,ua1_0.last_updt_pnttm,ua1_0.mber_ty_code from nemplyrscrtyestbs ua1_0 where ua1_0.scrty_dtrmn_trget_id=?
2026-03-16 17:00:40 [http-nio-8080-exec-7] DEBUG o.s.orm.jpa.JpaTransactionManager - Found thread-bound EntityManager [SessionImpl(156627977<open>)] for JPA transaction
2026-03-16 17:00:40 [http-nio-8080-exec-7] DEBUG o.s.orm.jpa.JpaTransactionManager - Participating in existing transaction
2026-03-16 17:00:40 [http-nio-8080-exec-7] DEBUG org.hibernate.SQL - select ua1_0.scrty_dtrmn_trget_id,ua1_0.author_code,ua1_0.frst_register_id,ua1_0.frst_regist_pnttm,ua1_0.last_updusr_id,ua1_0.last_updt_pnttm,ua1_0.mber_ty_code from nemplyrscrtyestbs ua1_0 where ua1_0.scrty_dtrmn_trget_id=?
2026-03-16 17:00:40 [http-nio-8080-exec-3] DEBUG o.s.orm.jpa.JpaTransactionManager - Found thread-bound EntityManager [SessionImpl(531566107<open>)] for JPA transaction
2026-03-16 17:00:40 [http-nio-8080-exec-3] DEBUG o.s.orm.jpa.JpaTransactionManager - Participating in existing transaction
2026-03-16 17:00:40 [http-nio-8080-exec-10] DEBUG o.s.orm.jpa.JpaTransactionManager - Found thread-bound EntityManager [SessionImpl(1214195713<open>)] for JPA transaction
2026-03-16 17:00:40 [http-nio-8080-exec-3] DEBUG org.hibernate.SQL - select ua1_0.scrty_dtrmn_trget_id,ua1_0.author_code,ua1_0.frst_register_id,ua1_0.frst_regist_pnttm,ua1_0.last_updusr_id,ua1_0.last_updt_pnttm,ua1_0.mber_ty_code from nemplyrscrtyestbs ua1_0 where ua1_0.scrty_dtrmn_trget_id=?
2026-03-16 17:00:40 [http-nio-8080-exec-10] DEBUG o.s.orm.jpa.JpaTransactionManager - Participating in existing transaction
2026-03-16 17:00:40 [http-nio-8080-exec-10] DEBUG org.hibernate.SQL - select ua1_0.scrty_dtrmn_trget_id,ua1_0.author_code,ua1_0.frst_register_id,ua1_0.frst_regist_pnttm,ua1_0.last_updusr_id,ua1_0.last_updt_pnttm,ua1_0.mber_ty_code from nemplyrscrtyestbs ua1_0 where ua1_0.scrty_dtrmn_trget_id=?
2026-03-16 17:00:40 [http-nio-8080-exec-9] DEBUG o.s.orm.jpa.JpaTransactionManager - Initiating transaction commit
2026-03-16 17:00:40 [http-nio-8080-exec-9] DEBUG o.s.orm.jpa.JpaTransactionManager - Committing JPA transaction on EntityManager [SessionImpl(1480457515<open>)]
2026-03-16 17:00:40 [http-nio-8080-exec-4] DEBUG o.s.orm.jpa.JpaTransactionManager - Initiating transaction commit
2026-03-16 17:00:40 [http-nio-8080-exec-4] DEBUG o.s.orm.jpa.JpaTransactionManager - Committing JPA transaction on EntityManager [SessionImpl(1127445364<open>)]
2026-03-16 17:00:41 [http-nio-8080-exec-7] DEBUG o.s.orm.jpa.JpaTransactionManager - Initiating transaction commit
2026-03-16 17:00:41 [http-nio-8080-exec-3] DEBUG o.s.orm.jpa.JpaTransactionManager - Initiating transaction commit
2026-03-16 17:00:41 [http-nio-8080-exec-7] DEBUG o.s.orm.jpa.JpaTransactionManager - Committing JPA transaction on EntityManager [SessionImpl(156627977<open>)]
2026-03-16 17:00:41 [http-nio-8080-exec-3] DEBUG o.s.orm.jpa.JpaTransactionManager - Committing JPA transaction on EntityManager [SessionImpl(531566107<open>)]
2026-03-16 17:00:41 [http-nio-8080-exec-10] DEBUG o.s.orm.jpa.JpaTransactionManager - Initiating transaction commit
2026-03-16 17:00:41 [http-nio-8080-exec-10] DEBUG o.s.orm.jpa.JpaTransactionManager - Committing JPA transaction on EntityManager [SessionImpl(1214195713<open>)]
2026-03-16 17:00:41 [http-nio-8080-exec-4] DEBUG o.s.orm.jpa.JpaTransactionManager - Closing JPA EntityManager [SessionImpl(1127445364<open>)] after transaction
2026-03-16 17:00:41 [http-nio-8080-exec-4] DEBUG c.c.p.s.jwt.JwtAuthenticationFilter - >>> [JwtFilter] Successfully authenticated user: USRCNFRM_99999999999, Authorities: [ROLE_ADMIN]
2026-03-16 17:00:41 [http-nio-8080-exec-4] DEBUG o.s.web.servlet.DispatcherServlet - GET "/api/v1/menu/left?menuNo=10", parameters={masked}
2026-03-16 17:00:41 [http-nio-8080-exec-4] TRACE o.s.w.s.m.m.a.RequestMappingHandlerMapping - Mapped to com.company.project.api.controller.menu.MenuController#getLeftMenu(Long)
2026-03-16 17:00:41 [http-nio-8080-exec-4] INFO  c.c.p.a.c.menu.MenuController - getLeftMenu called with menuNo=10
2026-03-16 17:00:41 [http-nio-8080-exec-4] DEBUG o.s.orm.jpa.JpaTransactionManager - Creating new transaction with name [com.company.project.service.menu.MenuService.getSubMenus]: PROPAGATION_REQUIRED,ISOLATION_DEFAULT,readOnly
2026-03-16 17:00:41 [http-nio-8080-exec-4] DEBUG o.s.orm.jpa.JpaTransactionManager - Opened new EntityManager [SessionImpl(1271609166<open>)] for JPA transaction
2026-03-16 17:00:41 [http-nio-8080-exec-4] DEBUG o.s.orm.jpa.JpaTransactionManager - Exposing JPA transaction as JDBC [org.springframework.orm.jpa.vendor.HibernateJpaDialect$HibernateConnectionHandle@55573ebe]
2026-03-16 17:00:41 [http-nio-8080-exec-4] DEBUG org.hibernate.SQL - select m1_0.menu_no,m1_0.menu_dc,m1_0.menu_nm,m1_0.menu_ordr,m1_0.modern_route,m1_0.progrm_file_nm,m1_0.relate_image_nm,m1_0.relate_image_path,m1_0.route_updated_at,m1_0.upper_menu_no from nmenuinfo m1_0 order by m1_0.upper_menu_no,m1_0.menu_ordr
2026-03-16 17:00:41 [http-nio-8080-exec-9] DEBUG o.s.orm.jpa.JpaTransactionManager - Closing JPA EntityManager [SessionImpl(1480457515<open>)] after transaction
2026-03-16 17:00:41 [http-nio-8080-exec-9] DEBUG c.c.p.s.jwt.JwtAuthenticationFilter - >>> [JwtFilter] Successfully authenticated user: USRCNFRM_99999999999, Authorities: [ROLE_ADMIN]
2026-03-16 17:00:41 [http-nio-8080-exec-9] DEBUG o.s.web.servlet.DispatcherServlet - GET "/api/v1/menu/left?menuNo=40", parameters={masked}
2026-03-16 17:00:41 [http-nio-8080-exec-9] TRACE o.s.w.s.m.m.a.RequestMappingHandlerMapping - Mapped to com.company.project.api.controller.menu.MenuController#getLeftMenu(Long)
2026-03-16 17:00:41 [http-nio-8080-exec-9] INFO  c.c.p.a.c.menu.MenuController - getLeftMenu called with menuNo=40
2026-03-16 17:00:41 [http-nio-8080-exec-9] DEBUG o.s.orm.jpa.JpaTransactionManager - Creating new transaction with name [com.company.project.service.menu.MenuService.getSubMenus]: PROPAGATION_REQUIRED,ISOLATION_DEFAULT,readOnly
2026-03-16 17:00:41 [http-nio-8080-exec-9] DEBUG o.s.orm.jpa.JpaTransactionManager - Opened new EntityManager [SessionImpl(703022576<open>)] for JPA transaction
2026-03-16 17:00:41 [http-nio-8080-exec-9] DEBUG o.s.orm.jpa.JpaTransactionManager - Exposing JPA transaction as JDBC [org.springframework.orm.jpa.vendor.HibernateJpaDialect$HibernateConnectionHandle@633d3e51]
2026-03-16 17:00:41 [http-nio-8080-exec-9] DEBUG org.hibernate.SQL - select m1_0.menu_no,m1_0.menu_dc,m1_0.menu_nm,m1_0.menu_ordr,m1_0.modern_route,m1_0.progrm_file_nm,m1_0.relate_image_nm,m1_0.relate_image_path,m1_0.route_updated_at,m1_0.upper_menu_no from nmenuinfo m1_0 order by m1_0.upper_menu_no,m1_0.menu_ordr
2026-03-16 17:00:41 [http-nio-8080-exec-7] DEBUG o.s.orm.jpa.JpaTransactionManager - Closing JPA EntityManager [SessionImpl(156627977<open>)] after transaction
2026-03-16 17:00:41 [http-nio-8080-exec-10] DEBUG o.s.orm.jpa.JpaTransactionManager - Closing JPA EntityManager [SessionImpl(1214195713<open>)] after transaction
2026-03-16 17:00:41 [http-nio-8080-exec-7] DEBUG c.c.p.s.jwt.JwtAuthenticationFilter - >>> [JwtFilter] Successfully authenticated user: USRCNFRM_99999999999, Authorities: [ROLE_ADMIN]
2026-03-16 17:00:41 [http-nio-8080-exec-7] DEBUG o.s.web.servlet.DispatcherServlet - GET "/api/v1/menu/left?menuNo=60", parameters={masked}
2026-03-16 17:00:41 [http-nio-8080-exec-10] DEBUG c.c.p.s.jwt.JwtAuthenticationFilter - >>> [JwtFilter] Successfully authenticated user: USRCNFRM_99999999999, Authorities: [ROLE_ADMIN]
2026-03-16 17:00:41 [http-nio-8080-exec-7] TRACE o.s.w.s.m.m.a.RequestMappingHandlerMapping - Mapped to com.company.project.api.controller.menu.MenuController#getLeftMenu(Long)
2026-03-16 17:00:41 [http-nio-8080-exec-10] DEBUG o.s.web.servlet.DispatcherServlet - GET "/api/v1/menu/left?menuNo=20", parameters={masked}
2026-03-16 17:00:41 [http-nio-8080-exec-7] INFO  c.c.p.a.c.menu.MenuController - getLeftMenu called with menuNo=60
2026-03-16 17:00:41 [http-nio-8080-exec-7] DEBUG o.s.orm.jpa.JpaTransactionManager - Creating new transaction with name [com.company.project.service.menu.MenuService.getSubMenus]: PROPAGATION_REQUIRED,ISOLATION_DEFAULT,readOnly
2026-03-16 17:00:41 [http-nio-8080-exec-7] DEBUG o.s.orm.jpa.JpaTransactionManager - Opened new EntityManager [SessionImpl(1840382023<open>)] for JPA transaction
2026-03-16 17:00:41 [http-nio-8080-exec-10] TRACE o.s.w.s.m.m.a.RequestMappingHandlerMapping - Mapped to com.company.project.api.controller.menu.MenuController#getLeftMenu(Long)
2026-03-16 17:00:41 [http-nio-8080-exec-10] INFO  c.c.p.a.c.menu.MenuController - getLeftMenu called with menuNo=20
2026-03-16 17:00:41 [http-nio-8080-exec-7] DEBUG o.s.orm.jpa.JpaTransactionManager - Exposing JPA transaction as JDBC [org.springframework.orm.jpa.vendor.HibernateJpaDialect$HibernateConnectionHandle@3f533b06]
2026-03-16 17:00:41 [http-nio-8080-exec-3] DEBUG o.s.orm.jpa.JpaTransactionManager - Closing JPA EntityManager [SessionImpl(531566107<open>)] after transaction
2026-03-16 17:00:41 [http-nio-8080-exec-3] DEBUG c.c.p.s.jwt.JwtAuthenticationFilter - >>> [JwtFilter] Successfully authenticated user: USRCNFRM_99999999999, Authorities: [ROLE_ADMIN]
2026-03-16 17:00:41 [http-nio-8080-exec-10] DEBUG o.s.orm.jpa.JpaTransactionManager - Creating new transaction with name [com.company.project.service.menu.MenuService.getSubMenus]: PROPAGATION_REQUIRED,ISOLATION_DEFAULT,readOnly
2026-03-16 17:00:41 [http-nio-8080-exec-7] DEBUG org.hibernate.SQL - select m1_0.menu_no,m1_0.menu_dc,m1_0.menu_nm,m1_0.menu_ordr,m1_0.modern_route,m1_0.progrm_file_nm,m1_0.relate_image_nm,m1_0.relate_image_path,m1_0.route_updated_at,m1_0.upper_menu_no from nmenuinfo m1_0 order by m1_0.upper_menu_no,m1_0.menu_ordr
2026-03-16 17:00:41 [http-nio-8080-exec-10] DEBUG o.s.orm.jpa.JpaTransactionManager - Opened new EntityManager [SessionImpl(717747477<open>)] for JPA transaction
2026-03-16 17:00:41 [http-nio-8080-exec-3] DEBUG o.s.web.servlet.DispatcherServlet - GET "/api/v1/menu/left?menuNo=50", parameters={masked}
2026-03-16 17:00:41 [http-nio-8080-exec-10] DEBUG o.s.orm.jpa.JpaTransactionManager - Exposing JPA transaction as JDBC [org.springframework.orm.jpa.vendor.HibernateJpaDialect$HibernateConnectionHandle@44ab96eb]
2026-03-16 17:00:41 [http-nio-8080-exec-3] TRACE o.s.w.s.m.m.a.RequestMappingHandlerMapping - Mapped to com.company.project.api.controller.menu.MenuController#getLeftMenu(Long)
2026-03-16 17:00:41 [http-nio-8080-exec-3] INFO  c.c.p.a.c.menu.MenuController - getLeftMenu called with menuNo=50
2026-03-16 17:00:41 [http-nio-8080-exec-3] DEBUG o.s.orm.jpa.JpaTransactionManager - Creating new transaction with name [com.company.project.service.menu.MenuService.getSubMenus]: PROPAGATION_REQUIRED,ISOLATION_DEFAULT,readOnly
2026-03-16 17:00:41 [http-nio-8080-exec-3] DEBUG o.s.orm.jpa.JpaTransactionManager - Opened new EntityManager [SessionImpl(908402201<open>)] for JPA transaction
2026-03-16 17:00:41 [http-nio-8080-exec-3] DEBUG o.s.orm.jpa.JpaTransactionManager - Exposing JPA transaction as JDBC [org.springframework.orm.jpa.vendor.HibernateJpaDialect$HibernateConnectionHandle@3e5b7c8c]
2026-03-16 17:00:41 [http-nio-8080-exec-10] DEBUG org.hibernate.SQL - select m1_0.menu_no,m1_0.menu_dc,m1_0.menu_nm,m1_0.menu_ordr,m1_0.modern_route,m1_0.progrm_file_nm,m1_0.relate_image_nm,m1_0.relate_image_path,m1_0.route_updated_at,m1_0.upper_menu_no from nmenuinfo m1_0 order by m1_0.upper_menu_no,m1_0.menu_ordr
2026-03-16 17:00:41 [http-nio-8080-exec-3] DEBUG org.hibernate.SQL - select m1_0.menu_no,m1_0.menu_dc,m1_0.menu_nm,m1_0.menu_ordr,m1_0.modern_route,m1_0.progrm_file_nm,m1_0.relate_image_nm,m1_0.relate_image_path,m1_0.route_updated_at,m1_0.upper_menu_no from nmenuinfo m1_0 order by m1_0.upper_menu_no,m1_0.menu_ordr
2026-03-16 17:00:41 [http-nio-8080-exec-4] DEBUG o.s.orm.jpa.JpaTransactionManager - Found thread-bound EntityManager [SessionImpl(1271609166<open>)] for JPA transaction
2026-03-16 17:00:41 [http-nio-8080-exec-4] DEBUG o.s.orm.jpa.JpaTransactionManager - Participating in existing transaction
2026-03-16 17:00:41 [http-nio-8080-exec-4] DEBUG org.hibernate.SQL - select p1_0.progrm_file_nm,p1_0.progrm_dc,p1_0.progrm_korean_nm,p1_0.progrm_stre_path,p1_0.url from nprogrmlist p1_0
2026-03-16 17:00:41 [http-nio-8080-exec-9] DEBUG o.s.orm.jpa.JpaTransactionManager - Found thread-bound EntityManager [SessionImpl(703022576<open>)] for JPA transaction
2026-03-16 17:00:41 [http-nio-8080-exec-9] DEBUG o.s.orm.jpa.JpaTransactionManager - Participating in existing transaction
2026-03-16 17:00:41 [http-nio-8080-exec-9] DEBUG org.hibernate.SQL - select p1_0.progrm_file_nm,p1_0.progrm_dc,p1_0.progrm_korean_nm,p1_0.progrm_stre_path,p1_0.url from nprogrmlist p1_0
2026-03-16 17:00:41 [http-nio-8080-exec-7] DEBUG o.s.orm.jpa.JpaTransactionManager - Found thread-bound EntityManager [SessionImpl(1840382023<open>)] for JPA transaction
2026-03-16 17:00:41 [http-nio-8080-exec-7] DEBUG o.s.orm.jpa.JpaTransactionManager - Participating in existing transaction
2026-03-16 17:00:41 [http-nio-8080-exec-7] DEBUG org.hibernate.SQL - select p1_0.progrm_file_nm,p1_0.progrm_dc,p1_0.progrm_korean_nm,p1_0.progrm_stre_path,p1_0.url from nprogrmlist p1_0
2026-03-16 17:00:41 [MessageBroker-4] DEBUG o.s.w.s.s.t.h.DefaultSockJsService - Closed 1 sessions: [3igxmntd]
2026-03-16 17:00:41 [http-nio-8080-exec-3] DEBUG o.s.orm.jpa.JpaTransactionManager - Found thread-bound EntityManager [SessionImpl(908402201<open>)] for JPA transaction
2026-03-16 17:00:41 [http-nio-8080-exec-3] DEBUG o.s.orm.jpa.JpaTransactionManager - Participating in existing transaction
2026-03-16 17:00:41 [http-nio-8080-exec-3] DEBUG org.hibernate.SQL - select p1_0.progrm_file_nm,p1_0.progrm_dc,p1_0.progrm_korean_nm,p1_0.progrm_stre_path,p1_0.url from nprogrmlist p1_0
2026-03-16 17:00:41 [http-nio-8080-exec-10] DEBUG o.s.orm.jpa.JpaTransactionManager - Found thread-bound EntityManager [SessionImpl(717747477<open>)] for JPA transaction
2026-03-16 17:00:41 [http-nio-8080-exec-10] DEBUG o.s.orm.jpa.JpaTransactionManager - Participating in existing transaction
2026-03-16 17:00:41 [http-nio-8080-exec-10] DEBUG org.hibernate.SQL - select p1_0.progrm_file_nm,p1_0.progrm_dc,p1_0.progrm_korean_nm,p1_0.progrm_stre_path,p1_0.url from nprogrmlist p1_0
2026-03-16 17:00:41 [http-nio-8080-exec-4] DEBUG o.s.orm.jpa.JpaTransactionManager - Initiating transaction commit
2026-03-16 17:00:41 [http-nio-8080-exec-4] DEBUG o.s.orm.jpa.JpaTransactionManager - Committing JPA transaction on EntityManager [SessionImpl(1271609166<open>)]
2026-03-16 17:00:41 [http-nio-8080-exec-9] DEBUG o.s.orm.jpa.JpaTransactionManager - Initiating transaction commit
2026-03-16 17:00:41 [http-nio-8080-exec-9] DEBUG o.s.orm.jpa.JpaTransactionManager - Committing JPA transaction on EntityManager [SessionImpl(703022576<open>)]
2026-03-16 17:00:41 [http-nio-8080-exec-7] DEBUG o.s.orm.jpa.JpaTransactionManager - Initiating transaction commit
2026-03-16 17:00:41 [http-nio-8080-exec-7] DEBUG o.s.orm.jpa.JpaTransactionManager - Committing JPA transaction on EntityManager [SessionImpl(1840382023<open>)]
2026-03-16 17:00:41 [http-nio-8080-exec-3] DEBUG o.s.orm.jpa.JpaTransactionManager - Initiating transaction commit
2026-03-16 17:00:41 [http-nio-8080-exec-3] DEBUG o.s.orm.jpa.JpaTransactionManager - Committing JPA transaction on EntityManager [SessionImpl(908402201<open>)]
2026-03-16 17:00:41 [http-nio-8080-exec-10] DEBUG o.s.orm.jpa.JpaTransactionManager - Initiating transaction commit
2026-03-16 17:00:41 [http-nio-8080-exec-10] DEBUG o.s.orm.jpa.JpaTransactionManager - Committing JPA transaction on EntityManager [SessionImpl(717747477<open>)]
2026-03-16 17:00:41 [http-nio-8080-exec-4] DEBUG o.s.orm.jpa.JpaTransactionManager - Closing JPA EntityManager [SessionImpl(1271609166<open>)] after transaction
2026-03-16 17:00:41 [http-nio-8080-exec-4] INFO  c.c.p.a.c.menu.MenuController - getLeftMenu returned 5 items
2026-03-16 17:00:41 [http-nio-8080-exec-4] DEBUG o.s.w.s.m.m.a.HttpEntityMethodProcessor - Using 'application/json', given [application/json, text/plain, */*] and supported [application/json, application/*+json, application/yaml]
2026-03-16 17:00:41 [http-nio-8080-exec-4] TRACE o.s.w.s.m.m.a.HttpEntityMethodProcessor - Writing [ApiResponse[success=true, status=200, code=COMMON_001, message=Success, data={list=[com.company.project.service.menu.dto.MenuDto@405c28bd, com.company.project.service.menu.dto.MenuDto@7d6bb452, com.company.project.service.menu.dto.MenuDto@4418e4b5, com.company.project.service.menu.dto.MenuDto@232a2a11, com.company.project.service.menu.dto.MenuDto@212f709]}, timestamp=2026-03-16T17:00:41.746499500]]
2026-03-16 17:00:41 [http-nio-8080-exec-4] INFO  c.c.p.a.i.OperationalAuditInterceptor - API Audit Log: URL=/api/v1/menu/left, User=webmaster, IP=0:0:0:0:0:0:0:1
2026-03-16 17:00:41 [http-nio-8080-exec-4] DEBUG o.s.web.servlet.DispatcherServlet - Completed 200 OK
2026-03-16 17:00:41 [http-nio-8080-exec-9] DEBUG o.s.orm.jpa.JpaTransactionManager - Closing JPA EntityManager [SessionImpl(703022576<open>)] after transaction
2026-03-16 17:00:41 [http-nio-8080-exec-9] INFO  c.c.p.a.c.menu.MenuController - getLeftMenu returned 2 items
2026-03-16 17:00:41 [http-nio-8080-exec-9] DEBUG o.s.w.s.m.m.a.HttpEntityMethodProcessor - Using 'application/json', given [application/json, text/plain, */*] and supported [application/json, application/*+json, application/yaml]
2026-03-16 17:00:41 [http-nio-8080-exec-9] TRACE o.s.w.s.m.m.a.HttpEntityMethodProcessor - Writing [ApiResponse[success=true, status=200, code=COMMON_001, message=Success, data={list=[com.company.project.service.menu.dto.MenuDto@2d920fdf, com.company.project.service.menu.dto.MenuDto@1f3a83c5]}, timestamp=2026-03-16T17:00:41.766162100]]
2026-03-16 17:00:41 [http-nio-8080-exec-9] INFO  c.c.p.a.i.OperationalAuditInterceptor - API Audit Log: URL=/api/v1/menu/left, User=webmaster, IP=0:0:0:0:0:0:0:1
2026-03-16 17:00:41 [http-nio-8080-exec-9] DEBUG o.s.web.servlet.DispatcherServlet - Completed 200 OK
2026-03-16 17:00:41 [http-nio-8080-exec-7] DEBUG o.s.orm.jpa.JpaTransactionManager - Closing JPA EntityManager [SessionImpl(1840382023<open>)] after transaction
2026-03-16 17:00:41 [http-nio-8080-exec-7] INFO  c.c.p.a.c.menu.MenuController - getLeftMenu returned 1 items
2026-03-16 17:00:41 [http-nio-8080-exec-7] DEBUG o.s.w.s.m.m.a.HttpEntityMethodProcessor - Using 'application/json', given [application/json, text/plain, */*] and supported [application/json, application/*+json, application/yaml]
2026-03-16 17:00:41 [http-nio-8080-exec-7] TRACE o.s.w.s.m.m.a.HttpEntityMethodProcessor - Writing [ApiResponse[success=true, status=200, code=COMMON_001, message=Success, data={list=[com.company.project.service.menu.dto.MenuDto@2192bf05]}, timestamp=2026-03-16T17:00:41.797212600]]
2026-03-16 17:00:41 [http-nio-8080-exec-7] INFO  c.c.p.a.i.OperationalAuditInterceptor - API Audit Log: URL=/api/v1/menu/left, User=webmaster, IP=0:0:0:0:0:0:0:1
2026-03-16 17:00:41 [http-nio-8080-exec-7] DEBUG o.s.web.servlet.DispatcherServlet - Completed 200 OK
2026-03-16 17:00:41 [http-nio-8080-exec-3] DEBUG o.s.orm.jpa.JpaTransactionManager - Closing JPA EntityManager [SessionImpl(908402201<open>)] after transaction
2026-03-16 17:00:41 [http-nio-8080-exec-3] INFO  c.c.p.a.c.menu.MenuController - getLeftMenu returned 3 items
2026-03-16 17:00:41 [http-nio-8080-exec-3] DEBUG o.s.w.s.m.m.a.HttpEntityMethodProcessor - Using 'application/json', given [application/json, text/plain, */*] and supported [application/json, application/*+json, application/yaml]
2026-03-16 17:00:41 [http-nio-8080-exec-3] TRACE o.s.w.s.m.m.a.HttpEntityMethodProcessor - Writing [ApiResponse[success=true, status=200, code=COMMON_001, message=Success, data={list=[com.company.project.service.menu.dto.MenuDto@6f842467, com.company.project.service.menu.dto.MenuDto@640d787f, com.company.project.service.menu.dto.MenuDto@58294c28]}, timestamp=2026-03-16T17:00:41.798797200]]
2026-03-16 17:00:41 [http-nio-8080-exec-10] DEBUG o.s.orm.jpa.JpaTransactionManager - Closing JPA EntityManager [SessionImpl(717747477<open>)] after transaction
2026-03-16 17:00:41 [http-nio-8080-exec-10] INFO  c.c.p.a.c.menu.MenuController - getLeftMenu returned 3 items
2026-03-16 17:00:41 [http-nio-8080-exec-3] INFO  c.c.p.a.i.OperationalAuditInterceptor - API Audit Log: URL=/api/v1/menu/left, User=webmaster, IP=0:0:0:0:0:0:0:1
2026-03-16 17:00:41 [http-nio-8080-exec-3] DEBUG o.s.web.servlet.DispatcherServlet - Completed 200 OK
2026-03-16 17:00:41 [http-nio-8080-exec-10] DEBUG o.s.w.s.m.m.a.HttpEntityMethodProcessor - Using 'application/json', given [application/json, text/plain, */*] and supported [application/json, application/*+json, application/yaml]
2026-03-16 17:00:41 [http-nio-8080-exec-10] TRACE o.s.w.s.m.m.a.HttpEntityMethodProcessor - Writing [ApiResponse[success=true, status=200, code=COMMON_001, message=Success, data={list=[com.company.project.service.menu.dto.MenuDto@28f48c73, com.company.project.service.menu.dto.MenuDto@1c7af4b4, com.company.project.service.menu.dto.MenuDto@2161dca3]}, timestamp=2026-03-16T17:00:41.798797200]]
2026-03-16 17:00:41 [http-nio-8080-exec-10] INFO  c.c.p.a.i.OperationalAuditInterceptor - API Audit Log: URL=/api/v1/menu/left, User=webmaster, IP=0:0:0:0:0:0:0:1
2026-03-16 17:00:41 [http-nio-8080-exec-10] DEBUG o.s.web.servlet.DispatcherServlet - Completed 200 OK
2026-03-16 17:00:42 [http-nio-8080-exec-5] DEBUG c.c.p.s.jwt.JwtAuthenticationFilter - >>> [JwtFilter] Processing request: GET /api/v1/auth/me
2026-03-16 17:00:42 [http-nio-8080-exec-8] DEBUG c.c.p.s.jwt.JwtAuthenticationFilter - >>> [JwtFilter] Processing request: GET /api/v1/menu/left
2026-03-16 17:00:42 [http-nio-8080-exec-1] DEBUG c.c.p.s.jwt.JwtAuthenticationFilter - >>> [JwtFilter] Processing request: GET /api/v1/menu/head
2026-03-16 17:00:42 [http-nio-8080-exec-5] DEBUG c.c.p.s.jwt.JwtAuthenticationFilter - >>> [JwtFilter] Found token in header for path: /api/v1/auth/me
2026-03-16 17:00:42 [http-nio-8080-exec-8] DEBUG c.c.p.s.jwt.JwtAuthenticationFilter - >>> [JwtFilter] Found token in header for path: /api/v1/menu/left
2026-03-16 17:00:42 [http-nio-8080-exec-1] DEBUG c.c.p.s.jwt.JwtAuthenticationFilter - >>> [JwtFilter] Found token in header for path: /api/v1/menu/head
2026-03-16 17:00:42 [http-nio-8080-exec-5] DEBUG o.s.orm.jpa.JpaTransactionManager - Creating new transaction with name [com.company.project.security.iam.CustomUserDetailsService.loadUserByUsername]: PROPAGATION_REQUIRED,ISOLATION_DEFAULT,readOnly
2026-03-16 17:00:42 [http-nio-8080-exec-5] DEBUG o.s.orm.jpa.JpaTransactionManager - Opened new EntityManager [SessionImpl(1150679123<open>)] for JPA transaction
2026-03-16 17:00:42 [http-nio-8080-exec-8] DEBUG o.s.orm.jpa.JpaTransactionManager - Creating new transaction with name [com.company.project.security.iam.CustomUserDetailsService.loadUserByUsername]: PROPAGATION_REQUIRED,ISOLATION_DEFAULT,readOnly
2026-03-16 17:00:42 [http-nio-8080-exec-1] DEBUG o.s.orm.jpa.JpaTransactionManager - Creating new transaction with name [com.company.project.security.iam.CustomUserDetailsService.loadUserByUsername]: PROPAGATION_REQUIRED,ISOLATION_DEFAULT,readOnly
2026-03-16 17:00:42 [http-nio-8080-exec-8] DEBUG o.s.orm.jpa.JpaTransactionManager - Opened new EntityManager [SessionImpl(705643174<open>)] for JPA transaction
2026-03-16 17:00:42 [http-nio-8080-exec-1] DEBUG o.s.orm.jpa.JpaTransactionManager - Opened new EntityManager [SessionImpl(1568954712<open>)] for JPA transaction
2026-03-16 17:00:42 [http-nio-8080-exec-6] DEBUG c.c.p.s.jwt.JwtAuthenticationFilter - >>> [JwtFilter] Processing request: POST /api/v1/auth/login
2026-03-16 17:00:42 [http-nio-8080-exec-6] DEBUG c.c.p.s.jwt.JwtAuthenticationFilter - >>> [JwtFilter] Found token in header for path: /api/v1/auth/login
2026-03-16 17:00:42 [http-nio-8080-exec-6] DEBUG o.s.orm.jpa.JpaTransactionManager - Creating new transaction with name [com.company.project.security.iam.CustomUserDetailsService.loadUserByUsername]: PROPAGATION_REQUIRED,ISOLATION_DEFAULT,readOnly
2026-03-16 17:00:42 [http-nio-8080-exec-6] DEBUG o.s.orm.jpa.JpaTransactionManager - Opened new EntityManager [SessionImpl(478593870<open>)] for JPA transaction
2026-03-16 17:00:42 [http-nio-8080-exec-1] DEBUG o.s.orm.jpa.JpaTransactionManager - Exposing JPA transaction as JDBC [org.springframework.orm.jpa.vendor.HibernateJpaDialect$HibernateConnectionHandle@3412dd80]
2026-03-16 17:00:42 [http-nio-8080-exec-5] DEBUG o.s.orm.jpa.JpaTransactionManager - Exposing JPA transaction as JDBC [org.springframework.orm.jpa.vendor.HibernateJpaDialect$HibernateConnectionHandle@39ea1314]
2026-03-16 17:00:42 [http-nio-8080-exec-8] DEBUG o.s.orm.jpa.JpaTransactionManager - Exposing JPA transaction as JDBC [org.springframework.orm.jpa.vendor.HibernateJpaDialect$HibernateConnectionHandle@3900eda8]
2026-03-16 17:00:42 [http-nio-8080-exec-1] DEBUG o.s.orm.jpa.JpaTransactionManager - Found thread-bound EntityManager [SessionImpl(1568954712<open>)] for JPA transaction
2026-03-16 17:00:42 [http-nio-8080-exec-1] DEBUG o.s.orm.jpa.JpaTransactionManager - Participating in existing transaction
2026-03-16 17:00:42 [http-nio-8080-exec-8] DEBUG o.s.orm.jpa.JpaTransactionManager - Found thread-bound EntityManager [SessionImpl(705643174<open>)] for JPA transaction
2026-03-16 17:00:42 [http-nio-8080-exec-5] DEBUG o.s.orm.jpa.JpaTransactionManager - Found thread-bound EntityManager [SessionImpl(1150679123<open>)] for JPA transaction
2026-03-16 17:00:42 [http-nio-8080-exec-1] DEBUG org.hibernate.SQL - select u1_0.emplyr_id,u1_0.area_no,u1_0.brthdy,u1_0.chg_pwd_cnt,u1_0.frst_register_id,u1_0.frst_regist_pnttm,u1_0.detail_adres,u1_0.email_adres,u1_0.emplyr_sttus_code,u1_0.empl_no,u1_0.esntl_id,u1_0.fxnum,u1_0.group_id,u1_0.house_adres,u1_0.house_end_telno,u1_0.house_middle_telno,u1_0.ihidnum,u1_0.pstinst_code,u1_0.last_updusr_id,u1_0.last_updt_pnttm,u1_0.lock_at,u1_0.lock_cnt,u1_0.lock_last_pnttm,u1_0.mbtlnum,u1_0.ofcps_nm,u1_0.offm_telno,u1_0.orgnzt_id,u1_0.password,u1_0.password_cnsr,u1_0.password_hint,u1_0.chg_pwd_last_pnttm,u1_0.role,u1_0.sbscrb_de,u1_0.sexdstn_code,u1_0.crtfc_dn_value,u1_0.user_nm,u1_0.zip from nemplyrinfo u1_0 where u1_0.emplyr_id=?
2026-03-16 17:00:42 [http-nio-8080-exec-8] DEBUG o.s.orm.jpa.JpaTransactionManager - Participating in existing transaction
2026-03-16 17:00:42 [http-nio-8080-exec-5] DEBUG o.s.orm.jpa.JpaTransactionManager - Participating in existing transaction
2026-03-16 17:00:42 [http-nio-8080-exec-8] DEBUG org.hibernate.SQL - select u1_0.emplyr_id,u1_0.area_no,u1_0.brthdy,u1_0.chg_pwd_cnt,u1_0.frst_register_id,u1_0.frst_regist_pnttm,u1_0.detail_adres,u1_0.email_adres,u1_0.emplyr_sttus_code,u1_0.empl_no,u1_0.esntl_id,u1_0.fxnum,u1_0.group_id,u1_0.house_adres,u1_0.house_end_telno,u1_0.house_middle_telno,u1_0.ihidnum,u1_0.pstinst_code,u1_0.last_updusr_id,u1_0.last_updt_pnttm,u1_0.lock_at,u1_0.lock_cnt,u1_0.lock_last_pnttm,u1_0.mbtlnum,u1_0.ofcps_nm,u1_0.offm_telno,u1_0.orgnzt_id,u1_0.password,u1_0.password_cnsr,u1_0.password_hint,u1_0.chg_pwd_last_pnttm,u1_0.role,u1_0.sbscrb_de,u1_0.sexdstn_code,u1_0.crtfc_dn_value,u1_0.user_nm,u1_0.zip from nemplyrinfo u1_0 where u1_0.emplyr_id=?
2026-03-16 17:00:42 [http-nio-8080-exec-5] DEBUG org.hibernate.SQL - select u1_0.emplyr_id,u1_0.area_no,u1_0.brthdy,u1_0.chg_pwd_cnt,u1_0.frst_register_id,u1_0.frst_regist_pnttm,u1_0.detail_adres,u1_0.email_adres,u1_0.emplyr_sttus_code,u1_0.empl_no,u1_0.esntl_id,u1_0.fxnum,u1_0.group_id,u1_0.house_adres,u1_0.house_end_telno,u1_0.house_middle_telno,u1_0.ihidnum,u1_0.pstinst_code,u1_0.last_updusr_id,u1_0.last_updt_pnttm,u1_0.lock_at,u1_0.lock_cnt,u1_0.lock_last_pnttm,u1_0.mbtlnum,u1_0.ofcps_nm,u1_0.offm_telno,u1_0.orgnzt_id,u1_0.password,u1_0.password_cnsr,u1_0.password_hint,u1_0.chg_pwd_last_pnttm,u1_0.role,u1_0.sbscrb_de,u1_0.sexdstn_code,u1_0.crtfc_dn_value,u1_0.user_nm,u1_0.zip from nemplyrinfo u1_0 where u1_0.emplyr_id=?
2026-03-16 17:00:42 [http-nio-8080-exec-6] DEBUG o.s.orm.jpa.JpaTransactionManager - Exposing JPA transaction as JDBC [org.springframework.orm.jpa.vendor.HibernateJpaDialect$HibernateConnectionHandle@68d0661b]
2026-03-16 17:00:42 [http-nio-8080-exec-6] DEBUG o.s.orm.jpa.JpaTransactionManager - Found thread-bound EntityManager [SessionImpl(478593870<open>)] for JPA transaction
2026-03-16 17:00:42 [http-nio-8080-exec-1] DEBUG o.s.orm.jpa.JpaTransactionManager - Found thread-bound EntityManager [SessionImpl(1568954712<open>)] for JPA transaction
2026-03-16 17:00:42 [http-nio-8080-exec-6] DEBUG o.s.orm.jpa.JpaTransactionManager - Participating in existing transaction
2026-03-16 17:00:42 [http-nio-8080-exec-6] DEBUG org.hibernate.SQL - select u1_0.emplyr_id,u1_0.area_no,u1_0.brthdy,u1_0.chg_pwd_cnt,u1_0.frst_register_id,u1_0.frst_regist_pnttm,u1_0.detail_adres,u1_0.email_adres,u1_0.emplyr_sttus_code,u1_0.empl_no,u1_0.esntl_id,u1_0.fxnum,u1_0.group_id,u1_0.house_adres,u1_0.house_end_telno,u1_0.house_middle_telno,u1_0.ihidnum,u1_0.pstinst_code,u1_0.last_updusr_id,u1_0.last_updt_pnttm,u1_0.lock_at,u1_0.lock_cnt,u1_0.lock_last_pnttm,u1_0.mbtlnum,u1_0.ofcps_nm,u1_0.offm_telno,u1_0.orgnzt_id,u1_0.password,u1_0.password_cnsr,u1_0.password_hint,u1_0.chg_pwd_last_pnttm,u1_0.role,u1_0.sbscrb_de,u1_0.sexdstn_code,u1_0.crtfc_dn_value,u1_0.user_nm,u1_0.zip from nemplyrinfo u1_0 where u1_0.emplyr_id=?
2026-03-16 17:00:42 [http-nio-8080-exec-1] DEBUG o.s.orm.jpa.JpaTransactionManager - Participating in existing transaction
2026-03-16 17:00:42 [http-nio-8080-exec-1] DEBUG org.hibernate.SQL - select ua1_0.scrty_dtrmn_trget_id,ua1_0.author_code,ua1_0.frst_register_id,ua1_0.frst_regist_pnttm,ua1_0.last_updusr_id,ua1_0.last_updt_pnttm,ua1_0.mber_ty_code from nemplyrscrtyestbs ua1_0 where ua1_0.scrty_dtrmn_trget_id=?
2026-03-16 17:00:42 [http-nio-8080-exec-8] DEBUG o.s.orm.jpa.JpaTransactionManager - Found thread-bound EntityManager [SessionImpl(705643174<open>)] for JPA transaction
2026-03-16 17:00:42 [http-nio-8080-exec-8] DEBUG o.s.orm.jpa.JpaTransactionManager - Participating in existing transaction
2026-03-16 17:00:42 [http-nio-8080-exec-5] DEBUG o.s.orm.jpa.JpaTransactionManager - Found thread-bound EntityManager [SessionImpl(1150679123<open>)] for JPA transaction
2026-03-16 17:00:42 [http-nio-8080-exec-5] DEBUG o.s.orm.jpa.JpaTransactionManager - Participating in existing transaction
2026-03-16 17:00:42 [http-nio-8080-exec-8] DEBUG org.hibernate.SQL - select ua1_0.scrty_dtrmn_trget_id,ua1_0.author_code,ua1_0.frst_register_id,ua1_0.frst_regist_pnttm,ua1_0.last_updusr_id,ua1_0.last_updt_pnttm,ua1_0.mber_ty_code from nemplyrscrtyestbs ua1_0 where ua1_0.scrty_dtrmn_trget_id=?
2026-03-16 17:00:42 [http-nio-8080-exec-5] DEBUG org.hibernate.SQL - select ua1_0.scrty_dtrmn_trget_id,ua1_0.author_code,ua1_0.frst_register_id,ua1_0.frst_regist_pnttm,ua1_0.last_updusr_id,ua1_0.last_updt_pnttm,ua1_0.mber_ty_code from nemplyrscrtyestbs ua1_0 where ua1_0.scrty_dtrmn_trget_id=?
2026-03-16 17:00:42 [http-nio-8080-exec-1] DEBUG o.s.orm.jpa.JpaTransactionManager - Initiating transaction commit
2026-03-16 17:00:42 [http-nio-8080-exec-1] DEBUG o.s.orm.jpa.JpaTransactionManager - Committing JPA transaction on EntityManager [SessionImpl(1568954712<open>)]
2026-03-16 17:00:42 [http-nio-8080-exec-5] DEBUG o.s.orm.jpa.JpaTransactionManager - Initiating transaction commit
2026-03-16 17:00:42 [http-nio-8080-exec-6] DEBUG o.s.orm.jpa.JpaTransactionManager - Found thread-bound EntityManager [SessionImpl(478593870<open>)] for JPA transaction
2026-03-16 17:00:42 [http-nio-8080-exec-8] DEBUG o.s.orm.jpa.JpaTransactionManager - Initiating transaction commit
2026-03-16 17:00:42 [http-nio-8080-exec-5] DEBUG o.s.orm.jpa.JpaTransactionManager - Committing JPA transaction on EntityManager [SessionImpl(1150679123<open>)]
2026-03-16 17:00:42 [http-nio-8080-exec-6] DEBUG o.s.orm.jpa.JpaTransactionManager - Participating in existing transaction
2026-03-16 17:00:42 [http-nio-8080-exec-8] DEBUG o.s.orm.jpa.JpaTransactionManager - Committing JPA transaction on EntityManager [SessionImpl(705643174<open>)]
2026-03-16 17:00:42 [http-nio-8080-exec-6] DEBUG org.hibernate.SQL - select ua1_0.scrty_dtrmn_trget_id,ua1_0.author_code,ua1_0.frst_register_id,ua1_0.frst_regist_pnttm,ua1_0.last_updusr_id,ua1_0.last_updt_pnttm,ua1_0.mber_ty_code from nemplyrscrtyestbs ua1_0 where ua1_0.scrty_dtrmn_trget_id=?
2026-03-16 17:00:42 [http-nio-8080-exec-1] DEBUG o.s.orm.jpa.JpaTransactionManager - Closing JPA EntityManager [SessionImpl(1568954712<open>)] after transaction
2026-03-16 17:00:42 [http-nio-8080-exec-1] DEBUG c.c.p.s.jwt.JwtAuthenticationFilter - >>> [JwtFilter] Successfully authenticated user: USRCNFRM_99999999999, Authorities: [ROLE_ADMIN]
2026-03-16 17:00:42 [http-nio-8080-exec-1] DEBUG o.s.web.servlet.DispatcherServlet - GET "/api/v1/menu/head", parameters={}
2026-03-16 17:00:42 [http-nio-8080-exec-1] TRACE o.s.w.s.m.m.a.RequestMappingHandlerMapping - Mapped to com.company.project.api.controller.menu.MenuController#getHeadMenu()
2026-03-16 17:00:42 [http-nio-8080-exec-1] INFO  c.c.p.a.c.menu.MenuController - getHeadMenu called
2026-03-16 17:00:42 [http-nio-8080-exec-1] INFO  c.c.p.a.c.menu.MenuController - getHeadMenu returned 5 items
2026-03-16 17:00:42 [http-nio-8080-exec-1] DEBUG o.s.w.s.m.m.a.HttpEntityMethodProcessor - Using 'application/json', given [application/json, text/plain, */*] and supported [application/json, application/*+json, application/yaml]
2026-03-16 17:00:42 [http-nio-8080-exec-1] TRACE o.s.w.s.m.m.a.HttpEntityMethodProcessor - Writing [ApiResponse[success=true, status=200, code=COMMON_001, message=Success, data={list=[com.company.project.service.menu.dto.MenuDto@2b80d6b0, com.company.project.service.menu.dto.MenuDto@1418cfa3, com.company.project.service.menu.dto.MenuDto@f230bf1, com.company.project.service.menu.dto.MenuDto@734a7f6a, com.company.project.service.menu.dto.MenuDto@5e5202e5]}, timestamp=2026-03-16T17:00:42.915648300]]
2026-03-16 17:00:42 [http-nio-8080-exec-1] INFO  c.c.p.a.i.OperationalAuditInterceptor - API Audit Log: URL=/api/v1/menu/head, User=webmaster, IP=127.0.0.1
2026-03-16 17:00:42 [http-nio-8080-exec-1] DEBUG o.s.web.servlet.DispatcherServlet - Completed 200 OK
2026-03-16 17:00:42 [http-nio-8080-exec-5] DEBUG o.s.orm.jpa.JpaTransactionManager - Closing JPA EntityManager [SessionImpl(1150679123<open>)] after transaction
2026-03-16 17:00:42 [http-nio-8080-exec-8] DEBUG o.s.orm.jpa.JpaTransactionManager - Closing JPA EntityManager [SessionImpl(705643174<open>)] after transaction
2026-03-16 17:00:42 [http-nio-8080-exec-6] DEBUG o.s.orm.jpa.JpaTransactionManager - Initiating transaction commit
2026-03-16 17:00:42 [http-nio-8080-exec-5] DEBUG c.c.p.s.jwt.JwtAuthenticationFilter - >>> [JwtFilter] Successfully authenticated user: USRCNFRM_99999999999, Authorities: [ROLE_ADMIN]
2026-03-16 17:00:42 [http-nio-8080-exec-8] DEBUG c.c.p.s.jwt.JwtAuthenticationFilter - >>> [JwtFilter] Successfully authenticated user: USRCNFRM_99999999999, Authorities: [ROLE_ADMIN]
2026-03-16 17:00:42 [http-nio-8080-exec-6] DEBUG o.s.orm.jpa.JpaTransactionManager - Committing JPA transaction on EntityManager [SessionImpl(478593870<open>)]
2026-03-16 17:00:42 [http-nio-8080-exec-5] DEBUG o.s.web.servlet.DispatcherServlet - GET "/api/v1/auth/me", parameters={}
2026-03-16 17:00:42 [http-nio-8080-exec-8] DEBUG o.s.web.servlet.DispatcherServlet - GET "/api/v1/menu/left?menuNo=10", parameters={masked}
2026-03-16 17:00:42 [http-nio-8080-exec-5] TRACE o.s.w.s.m.m.a.RequestMappingHandlerMapping - Mapped to com.company.project.api.auth.AuthController#getCurrentUser()
2026-03-16 17:00:42 [http-nio-8080-exec-8] TRACE o.s.w.s.m.m.a.RequestMappingHandlerMapping - Mapped to com.company.project.api.controller.menu.MenuController#getLeftMenu(Long)
2026-03-16 17:00:42 [http-nio-8080-exec-8] INFO  c.c.p.a.c.menu.MenuController - getLeftMenu called with menuNo=10
2026-03-16 17:00:42 [http-nio-8080-exec-5] DEBUG o.s.w.s.m.m.a.RequestResponseBodyMethodProcessor - Using 'application/json', given [application/json, text/plain, */*] and supported [application/json, application/*+json, application/yaml]
2026-03-16 17:00:42 [http-nio-8080-exec-8] DEBUG o.s.orm.jpa.JpaTransactionManager - Creating new transaction with name [com.company.project.service.menu.MenuService.getSubMenus]: PROPAGATION_REQUIRED,ISOLATION_DEFAULT,readOnly
2026-03-16 17:00:42 [http-nio-8080-exec-5] TRACE o.s.w.s.m.m.a.RequestResponseBodyMethodProcessor - Writing [ApiResponse[success=true, status=200, code=COMMON_001, message=Success, data={role=ROLE_ADMIN, userSe=EMP, name=관리자, id=webmaster}, timestamp=2026-03-16T17:00:42.928515600]]
2026-03-16 17:00:42 [http-nio-8080-exec-8] DEBUG o.s.orm.jpa.JpaTransactionManager - Opened new EntityManager [SessionImpl(1756522598<open>)] for JPA transaction
2026-03-16 17:00:42 [http-nio-8080-exec-8] DEBUG o.s.orm.jpa.JpaTransactionManager - Exposing JPA transaction as JDBC [org.springframework.orm.jpa.vendor.HibernateJpaDialect$HibernateConnectionHandle@6adb9e02]
2026-03-16 17:00:42 [http-nio-8080-exec-5] INFO  c.c.p.a.i.OperationalAuditInterceptor - API Audit Log: URL=/api/v1/auth/me, User=webmaster, IP=127.0.0.1
2026-03-16 17:00:42 [http-nio-8080-exec-5] DEBUG o.s.web.servlet.DispatcherServlet - Completed 200 OK
2026-03-16 17:00:42 [http-nio-8080-exec-8] DEBUG org.hibernate.SQL - select m1_0.menu_no,m1_0.menu_dc,m1_0.menu_nm,m1_0.menu_ordr,m1_0.modern_route,m1_0.progrm_file_nm,m1_0.relate_image_nm,m1_0.relate_image_path,m1_0.route_updated_at,m1_0.upper_menu_no from nmenuinfo m1_0 order by m1_0.upper_menu_no,m1_0.menu_ordr
2026-03-16 17:00:42 [http-nio-8080-exec-2] DEBUG o.s.web.servlet.DispatcherServlet - GET "/ws/info?t=1773648042943", parameters={masked}
2026-03-16 17:00:42 [http-nio-8080-exec-2] DEBUG o.s.w.s.s.s.WebSocketHandlerMapping - Mapped to org.springframework.web.socket.sockjs.support.SockJsHttpRequestHandler@3d80b7ba
2026-03-16 17:00:42 [http-nio-8080-exec-2] DEBUG o.s.w.s.s.t.h.DefaultSockJsService - Processing transport request: GET http://localhost:8080/ws/info?t=1773648042943
2026-03-16 17:00:42 [http-nio-8080-exec-2] DEBUG o.s.web.servlet.DispatcherServlet - Completed 200 OK
2026-03-16 17:00:42 [http-nio-8080-exec-4] DEBUG c.c.p.s.jwt.JwtAuthenticationFilter - >>> [JwtFilter] Processing request: GET /api/v1/notifications
2026-03-16 17:00:42 [http-nio-8080-exec-9] DEBUG c.c.p.s.jwt.JwtAuthenticationFilter - >>> [JwtFilter] Processing request: GET /api/v1/notifications/unread-count
2026-03-16 17:00:42 [http-nio-8080-exec-4] DEBUG c.c.p.s.jwt.JwtAuthenticationFilter - >>> [JwtFilter] Found token in header for path: /api/v1/notifications
2026-03-16 17:00:42 [http-nio-8080-exec-9] DEBUG c.c.p.s.jwt.JwtAuthenticationFilter - >>> [JwtFilter] Found token in header for path: /api/v1/notifications/unread-count
2026-03-16 17:00:42 [http-nio-8080-exec-9] DEBUG o.s.orm.jpa.JpaTransactionManager - Creating new transaction with name [com.company.project.security.iam.CustomUserDetailsService.loadUserByUsername]: PROPAGATION_REQUIRED,ISOLATION_DEFAULT,readOnly
2026-03-16 17:00:42 [http-nio-8080-exec-4] DEBUG o.s.orm.jpa.JpaTransactionManager - Creating new transaction with name [com.company.project.security.iam.CustomUserDetailsService.loadUserByUsername]: PROPAGATION_REQUIRED,ISOLATION_DEFAULT,readOnly
2026-03-16 17:00:42 [http-nio-8080-exec-9] DEBUG o.s.orm.jpa.JpaTransactionManager - Opened new EntityManager [SessionImpl(704400203<open>)] for JPA transaction
2026-03-16 17:00:42 [http-nio-8080-exec-4] DEBUG o.s.orm.jpa.JpaTransactionManager - Opened new EntityManager [SessionImpl(586881597<open>)] for JPA transaction
2026-03-16 17:00:42 [http-nio-8080-exec-7] DEBUG o.s.web.servlet.DispatcherServlet - GET "/ws/579/wy4k3pzb/websocket", parameters={}
2026-03-16 17:00:42 [http-nio-8080-exec-7] DEBUG o.s.w.s.s.s.WebSocketHandlerMapping - Mapped to org.springframework.web.socket.sockjs.support.SockJsHttpRequestHandler@3d80b7ba
2026-03-16 17:00:42 [http-nio-8080-exec-7] DEBUG o.s.w.s.s.t.h.DefaultSockJsService - Processing transport request: GET http://localhost:8080/ws/579/wy4k3pzb/websocket
2026-03-16 17:00:42 [http-nio-8080-exec-7] DEBUG o.s.web.servlet.DispatcherServlet - Completed 101 SWITCHING_PROTOCOLS
2026-03-16 17:00:42 [http-nio-8080-exec-7] DEBUG o.s.w.s.h.LoggingWebSocketHandlerDecorator - New WebSocketServerSockJsSession[id=wy4k3pzb]
2026-03-16 17:00:42 [scheduling-1] DEBUG org.springframework.web.SimpLogging - Processing CONNECT session=wy4k3pzb
2026-03-16 17:00:42 [scheduling-1] DEBUG org.springframework.web.SimpLogging - Processing SUBSCRIBE /topic/notices id=sub-0 session=wy4k3pzb
2026-03-16 17:00:42 [scheduling-1] DEBUG org.springframework.web.SimpLogging - Processing SUBSCRIBE destination=/queue/notifications-userwy4k3pzb subscriptionId=sub-1 session=wy4k3pzb payload=byte[0]
2026-03-16 17:00:42 [scheduling-1] DEBUG org.springframework.web.SimpLogging - Processing SUBSCRIBE /topic/public id=sub-2 session=wy4k3pzb
2026-03-16 17:00:43 [http-nio-8080-exec-6] DEBUG o.s.orm.jpa.JpaTransactionManager - Closing JPA EntityManager [SessionImpl(478593870<open>)] after transaction
2026-03-16 17:00:43 [http-nio-8080-exec-6] DEBUG c.c.p.s.jwt.JwtAuthenticationFilter - >>> [JwtFilter] Successfully authenticated user: USRCNFRM_99999999999, Authorities: [ROLE_ADMIN]
2026-03-16 17:00:43 [http-nio-8080-exec-6] DEBUG o.s.web.servlet.DispatcherServlet - POST "/api/v1/auth/login", parameters={}
2026-03-16 17:00:43 [http-nio-8080-exec-6] TRACE o.s.w.s.m.m.a.RequestMappingHandlerMapping - Mapped to com.company.project.api.auth.AuthController#login(Map, HttpServletResponse)
2026-03-16 17:00:43 [http-nio-8080-exec-6] TRACE o.s.w.s.m.m.a.RequestResponseBodyMethodProcessor - Read "application/json;charset=UTF-8" to [{id=webmaster, password=1}]
2026-03-16 17:00:43 [http-nio-8080-exec-6] INFO  c.c.project.api.auth.AuthController - >>> [Login] Attempting login for userId: webmaster
2026-03-16 17:00:43 [http-nio-8080-exec-6] DEBUG o.s.orm.jpa.JpaTransactionManager - Creating new transaction with name [com.company.project.security.iam.EgovAuthenticationProvider.authenticate]: PROPAGATION_REQUIRED,ISOLATION_DEFAULT
2026-03-16 17:00:43 [http-nio-8080-exec-6] DEBUG o.s.orm.jpa.JpaTransactionManager - Opened new EntityManager [SessionImpl(1382100769<open>)] for JPA transaction
2026-03-16 17:00:43 [http-nio-8080-exec-6] DEBUG o.s.orm.jpa.JpaTransactionManager - Exposing JPA transaction as JDBC [org.springframework.orm.jpa.vendor.HibernateJpaDialect$HibernateConnectionHandle@74fd050]
2026-03-16 17:00:43 [http-nio-8080-exec-6] INFO  c.c.p.s.i.EgovAuthenticationProvider - >>> [EgovAuthenticationProvider] Attempting authentication for userId: webmaster
2026-03-16 17:00:43 [http-nio-8080-exec-6] INFO  c.c.p.s.i.EgovAuthenticationProvider - >>> [EgovAuthenticationProvider] DB check started for userId: webmaster
2026-03-16 17:00:43 [http-nio-8080-exec-6] DEBUG o.s.orm.jpa.JpaTransactionManager - Found thread-bound EntityManager [SessionImpl(1382100769<open>)] for JPA transaction
2026-03-16 17:00:43 [http-nio-8080-exec-6] DEBUG o.s.orm.jpa.JpaTransactionManager - Participating in existing transaction
2026-03-16 17:00:43 [http-nio-8080-exec-6] DEBUG org.hibernate.SQL - select u1_0.emplyr_id,u1_0.area_no,u1_0.brthdy,u1_0.chg_pwd_cnt,u1_0.frst_register_id,u1_0.frst_regist_pnttm,u1_0.detail_adres,u1_0.email_adres,u1_0.emplyr_sttus_code,u1_0.empl_no,u1_0.esntl_id,u1_0.fxnum,u1_0.group_id,u1_0.house_adres,u1_0.house_end_telno,u1_0.house_middle_telno,u1_0.ihidnum,u1_0.pstinst_code,u1_0.last_updusr_id,u1_0.last_updt_pnttm,u1_0.lock_at,u1_0.lock_cnt,u1_0.lock_last_pnttm,u1_0.mbtlnum,u1_0.ofcps_nm,u1_0.offm_telno,u1_0.orgnzt_id,u1_0.password,u1_0.password_cnsr,u1_0.password_hint,u1_0.chg_pwd_last_pnttm,u1_0.role,u1_0.sbscrb_de,u1_0.sexdstn_code,u1_0.crtfc_dn_value,u1_0.user_nm,u1_0.zip from nemplyrinfo u1_0 where u1_0.emplyr_id=?
2026-03-16 17:00:43 [http-nio-8080-exec-4] DEBUG o.s.orm.jpa.JpaTransactionManager - Exposing JPA transaction as JDBC [org.springframework.orm.jpa.vendor.HibernateJpaDialect$HibernateConnectionHandle@21c56f9b]
2026-03-16 17:00:43 [http-nio-8080-exec-9] DEBUG o.s.orm.jpa.JpaTransactionManager - Exposing JPA transaction as JDBC [org.springframework.orm.jpa.vendor.HibernateJpaDialect$HibernateConnectionHandle@2b63e528]
2026-03-16 17:00:43 [http-nio-8080-exec-4] DEBUG o.s.orm.jpa.JpaTransactionManager - Found thread-bound EntityManager [SessionImpl(586881597<open>)] for JPA transaction
2026-03-16 17:00:43 [http-nio-8080-exec-4] DEBUG o.s.orm.jpa.JpaTransactionManager - Participating in existing transaction
2026-03-16 17:00:43 [http-nio-8080-exec-9] DEBUG o.s.orm.jpa.JpaTransactionManager - Found thread-bound EntityManager [SessionImpl(704400203<open>)] for JPA transaction
2026-03-16 17:00:43 [http-nio-8080-exec-9] DEBUG o.s.orm.jpa.JpaTransactionManager - Participating in existing transaction
2026-03-16 17:00:43 [http-nio-8080-exec-4] DEBUG org.hibernate.SQL - select u1_0.emplyr_id,u1_0.area_no,u1_0.brthdy,u1_0.chg_pwd_cnt,u1_0.frst_register_id,u1_0.frst_regist_pnttm,u1_0.detail_adres,u1_0.email_adres,u1_0.emplyr_sttus_code,u1_0.empl_no,u1_0.esntl_id,u1_0.fxnum,u1_0.group_id,u1_0.house_adres,u1_0.house_end_telno,u1_0.house_middle_telno,u1_0.ihidnum,u1_0.pstinst_code,u1_0.last_updusr_id,u1_0.last_updt_pnttm,u1_0.lock_at,u1_0.lock_cnt,u1_0.lock_last_pnttm,u1_0.mbtlnum,u1_0.ofcps_nm,u1_0.offm_telno,u1_0.orgnzt_id,u1_0.password,u1_0.password_cnsr,u1_0.password_hint,u1_0.chg_pwd_last_pnttm,u1_0.role,u1_0.sbscrb_de,u1_0.sexdstn_code,u1_0.crtfc_dn_value,u1_0.user_nm,u1_0.zip from nemplyrinfo u1_0 where u1_0.emplyr_id=?
2026-03-16 17:00:43 [http-nio-8080-exec-9] DEBUG org.hibernate.SQL - select u1_0.emplyr_id,u1_0.area_no,u1_0.brthdy,u1_0.chg_pwd_cnt,u1_0.frst_register_id,u1_0.frst_regist_pnttm,u1_0.detail_adres,u1_0.email_adres,u1_0.emplyr_sttus_code,u1_0.empl_no,u1_0.esntl_id,u1_0.fxnum,u1_0.group_id,u1_0.house_adres,u1_0.house_end_telno,u1_0.house_middle_telno,u1_0.ihidnum,u1_0.pstinst_code,u1_0.last_updusr_id,u1_0.last_updt_pnttm,u1_0.lock_at,u1_0.lock_cnt,u1_0.lock_last_pnttm,u1_0.mbtlnum,u1_0.ofcps_nm,u1_0.offm_telno,u1_0.orgnzt_id,u1_0.password,u1_0.password_cnsr,u1_0.password_hint,u1_0.chg_pwd_last_pnttm,u1_0.role,u1_0.sbscrb_de,u1_0.sexdstn_code,u1_0.crtfc_dn_value,u1_0.user_nm,u1_0.zip from nemplyrinfo u1_0 where u1_0.emplyr_id=?
2026-03-16 17:00:43 [http-nio-8080-exec-6] INFO  c.c.p.s.i.EgovAuthenticationProvider - >>> [EgovAuthenticationProvider] User found by findById: webmaster
2026-03-16 17:00:43 [http-nio-8080-exec-6] INFO  c.c.p.s.i.EgovAuthenticationProvider - >>> [EgovAuthenticationProvider] User found: webmaster, DB password hash: {bcrypt}$2a$10$NRnqN.nwZxWe01BiSsk4Su.qlAj87Ys//VJVJf2WKEs3JzaQyJsGO
2026-03-16 17:00:43 [http-nio-8080-exec-6] INFO  c.c.p.s.i.EgovAuthenticationProvider - >>> [EgovAuthenticationProvider] Trying standard PasswordEncoder.
2026-03-16 17:00:43 [http-nio-8080-exec-8] DEBUG o.s.orm.jpa.JpaTransactionManager - Found thread-bound EntityManager [SessionImpl(1756522598<open>)] for JPA transaction
2026-03-16 17:00:43 [http-nio-8080-exec-8] DEBUG o.s.orm.jpa.JpaTransactionManager - Participating in existing transaction
2026-03-16 17:00:43 [http-nio-8080-exec-8] DEBUG org.hibernate.SQL - select p1_0.progrm_file_nm,p1_0.progrm_dc,p1_0.progrm_korean_nm,p1_0.progrm_stre_path,p1_0.url from nprogrmlist p1_0
2026-03-16 17:00:43 [http-nio-8080-exec-9] DEBUG o.s.orm.jpa.JpaTransactionManager - Found thread-bound EntityManager [SessionImpl(704400203<open>)] for JPA transaction
2026-03-16 17:00:43 [http-nio-8080-exec-4] DEBUG o.s.orm.jpa.JpaTransactionManager - Found thread-bound EntityManager [SessionImpl(586881597<open>)] for JPA transaction
2026-03-16 17:00:43 [http-nio-8080-exec-9] DEBUG o.s.orm.jpa.JpaTransactionManager - Participating in existing transaction
2026-03-16 17:00:43 [http-nio-8080-exec-4] DEBUG o.s.orm.jpa.JpaTransactionManager - Participating in existing transaction
2026-03-16 17:00:43 [http-nio-8080-exec-4] DEBUG org.hibernate.SQL - select ua1_0.scrty_dtrmn_trget_id,ua1_0.author_code,ua1_0.frst_register_id,ua1_0.frst_regist_pnttm,ua1_0.last_updusr_id,ua1_0.last_updt_pnttm,ua1_0.mber_ty_code from nemplyrscrtyestbs ua1_0 where ua1_0.scrty_dtrmn_trget_id=?
2026-03-16 17:00:43 [http-nio-8080-exec-9] DEBUG org.hibernate.SQL - select ua1_0.scrty_dtrmn_trget_id,ua1_0.author_code,ua1_0.frst_register_id,ua1_0.frst_regist_pnttm,ua1_0.last_updusr_id,ua1_0.last_updt_pnttm,ua1_0.mber_ty_code from nemplyrscrtyestbs ua1_0 where ua1_0.scrty_dtrmn_trget_id=?
2026-03-16 17:00:43 [http-nio-8080-exec-6] DEBUG o.s.orm.jpa.JpaTransactionManager - Found thread-bound EntityManager [SessionImpl(1382100769<open>)] for JPA transaction
2026-03-16 17:00:43 [http-nio-8080-exec-6] DEBUG o.s.orm.jpa.JpaTransactionManager - Participating in existing transaction
2026-03-16 17:00:43 [http-nio-8080-exec-6] INFO  c.c.p.s.i.EgovAuthenticationProvider - >>> Authenticating user: webmaster, esntlId: USRCNFRM_99999999999, Inherent Role: ADMIN
2026-03-16 17:00:43 [http-nio-8080-exec-6] DEBUG o.s.orm.jpa.JpaTransactionManager - Found thread-bound EntityManager [SessionImpl(1382100769<open>)] for JPA transaction
2026-03-16 17:00:43 [http-nio-8080-exec-6] DEBUG o.s.orm.jpa.JpaTransactionManager - Participating in existing transaction
2026-03-16 17:00:43 [http-nio-8080-exec-6] DEBUG org.hibernate.SQL - select ua1_0.scrty_dtrmn_trget_id,ua1_0.author_code,ua1_0.frst_register_id,ua1_0.frst_regist_pnttm,ua1_0.last_updusr_id,ua1_0.last_updt_pnttm,ua1_0.mber_ty_code from nemplyrscrtyestbs ua1_0 where ua1_0.scrty_dtrmn_trget_id=?
2026-03-16 17:00:43 [http-nio-8080-exec-4] DEBUG o.s.orm.jpa.JpaTransactionManager - Initiating transaction commit
2026-03-16 17:00:43 [http-nio-8080-exec-9] DEBUG o.s.orm.jpa.JpaTransactionManager - Initiating transaction commit
2026-03-16 17:00:43 [http-nio-8080-exec-4] DEBUG o.s.orm.jpa.JpaTransactionManager - Committing JPA transaction on EntityManager [SessionImpl(586881597<open>)]
2026-03-16 17:00:43 [http-nio-8080-exec-9] DEBUG o.s.orm.jpa.JpaTransactionManager - Committing JPA transaction on EntityManager [SessionImpl(704400203<open>)]
2026-03-16 17:00:43 [http-nio-8080-exec-8] DEBUG o.s.orm.jpa.JpaTransactionManager - Initiating transaction commit
2026-03-16 17:00:43 [http-nio-8080-exec-8] DEBUG o.s.orm.jpa.JpaTransactionManager - Committing JPA transaction on EntityManager [SessionImpl(1756522598<open>)]
2026-03-16 17:00:43 [http-nio-8080-exec-6] INFO  c.c.p.s.i.EgovAuthenticationProvider - >>> Role from DB table (NEMPLYRSCRTYESTBS): ROLE_ADMIN
2026-03-16 17:00:43 [http-nio-8080-exec-6] INFO  c.c.p.s.i.EgovAuthenticationProvider - >>> [SPECIAL] Forcing ROLE_ADMIN for user: webmaster
2026-03-16 17:00:43 [http-nio-8080-exec-6] INFO  c.c.p.s.i.EgovAuthenticationProvider - >>> Final resolved authorCode for user webmaster: ROLE_ADMIN
2026-03-16 17:00:43 [http-nio-8080-exec-6] DEBUG o.s.orm.jpa.JpaTransactionManager - Initiating transaction commit
2026-03-16 17:00:43 [http-nio-8080-exec-6] DEBUG o.s.orm.jpa.JpaTransactionManager - Committing JPA transaction on EntityManager [SessionImpl(1382100769<open>)]
2026-03-16 17:00:43 [http-nio-8080-exec-4] DEBUG o.s.orm.jpa.JpaTransactionManager - Closing JPA EntityManager [SessionImpl(586881597<open>)] after transaction
2026-03-16 17:00:43 [http-nio-8080-exec-9] DEBUG o.s.orm.jpa.JpaTransactionManager - Closing JPA EntityManager [SessionImpl(704400203<open>)] after transaction
2026-03-16 17:00:43 [http-nio-8080-exec-4] DEBUG c.c.p.s.jwt.JwtAuthenticationFilter - >>> [JwtFilter] Successfully authenticated user: USRCNFRM_99999999999, Authorities: [ROLE_ADMIN]
2026-03-16 17:00:43 [http-nio-8080-exec-9] DEBUG c.c.p.s.jwt.JwtAuthenticationFilter - >>> [JwtFilter] Successfully authenticated user: USRCNFRM_99999999999, Authorities: [ROLE_ADMIN]
2026-03-16 17:00:43 [http-nio-8080-exec-9] DEBUG o.s.web.servlet.DispatcherServlet - GET "/api/v1/notifications/unread-count", parameters={}
2026-03-16 17:00:43 [http-nio-8080-exec-4] DEBUG o.s.web.servlet.DispatcherServlet - GET "/api/v1/notifications", parameters={}
2026-03-16 17:00:43 [http-nio-8080-exec-4] TRACE o.s.w.s.m.m.a.RequestMappingHandlerMapping - Mapped to com.company.project.api.controller.notification.NotificationController#getMyNotifications(UserDetails)
2026-03-16 17:00:43 [http-nio-8080-exec-9] TRACE o.s.w.s.m.m.a.RequestMappingHandlerMapping - Mapped to com.company.project.api.controller.notification.NotificationController#getUnreadCount(UserDetails)
2026-03-16 17:00:43 [http-nio-8080-exec-4] DEBUG o.s.orm.jpa.JpaTransactionManager - Creating new transaction with name [com.company.project.service.notification.NotificationService.getActiveNotifications]: PROPAGATION_REQUIRED,ISOLATION_DEFAULT,readOnly
2026-03-16 17:00:43 [http-nio-8080-exec-9] DEBUG o.s.orm.jpa.JpaTransactionManager - Creating new transaction with name [com.company.project.service.notification.NotificationService.getUnreadCount]: PROPAGATION_REQUIRED,ISOLATION_DEFAULT,readOnly
2026-03-16 17:00:43 [http-nio-8080-exec-4] DEBUG o.s.orm.jpa.JpaTransactionManager - Opened new EntityManager [SessionImpl(1951831990<open>)] for JPA transaction
2026-03-16 17:00:43 [http-nio-8080-exec-9] DEBUG o.s.orm.jpa.JpaTransactionManager - Opened new EntityManager [SessionImpl(85617100<open>)] for JPA transaction
2026-03-16 17:00:43 [http-nio-8080-exec-4] DEBUG o.s.orm.jpa.JpaTransactionManager - Exposing JPA transaction as JDBC [org.springframework.orm.jpa.vendor.HibernateJpaDialect$HibernateConnectionHandle@4951760f]
2026-03-16 17:00:43 [http-nio-8080-exec-9] DEBUG o.s.orm.jpa.JpaTransactionManager - Exposing JPA transaction as JDBC [org.springframework.orm.jpa.vendor.HibernateJpaDialect$HibernateConnectionHandle@56ac49d6]
2026-03-16 17:00:43 [http-nio-8080-exec-4] DEBUG o.s.orm.jpa.JpaTransactionManager - Found thread-bound EntityManager [SessionImpl(1951831990<open>)] for JPA transaction
2026-03-16 17:00:43 [http-nio-8080-exec-4] DEBUG o.s.orm.jpa.JpaTransactionManager - Participating in existing transaction
2026-03-16 17:00:43 [http-nio-8080-exec-9] DEBUG org.hibernate.SQL - select count(n1_0.ntcn_no) from n_user_notification n1_0 where n1_0.receiver_id=? and n1_0.is_read=?
2026-03-16 17:00:43 [http-nio-8080-exec-4] DEBUG org.hibernate.SQL - select n1_0.ntcn_no,n1_0.frst_register_id,n1_0.frst_regist_pnttm,n1_0.is_read,n1_0.last_updusr_id,n1_0.last_updt_pnttm,n1_0.link_url,n1_0.ntcn_cn,n1_0.ntcn_sj,n1_0.receiver_id from n_user_notification n1_0
2026-03-16 17:00:43 [http-nio-8080-exec-8] DEBUG o.s.orm.jpa.JpaTransactionManager - Closing JPA EntityManager [SessionImpl(1756522598<open>)] after transaction
2026-03-16 17:00:43 [http-nio-8080-exec-8] INFO  c.c.p.a.c.menu.MenuController - getLeftMenu returned 5 items
2026-03-16 17:00:43 [http-nio-8080-exec-8] DEBUG o.s.w.s.m.m.a.HttpEntityMethodProcessor - Using 'application/json', given [application/json, text/plain, */*] and supported [application/json, application/*+json, application/yaml]
2026-03-16 17:00:43 [http-nio-8080-exec-8] TRACE o.s.w.s.m.m.a.HttpEntityMethodProcessor - Writing [ApiResponse[success=true, status=200, code=COMMON_001, message=Success, data={list=[com.company.project.service.menu.dto.MenuDto@1035e745, com.company.project.service.menu.dto.MenuDto@66176f59, com.company.project.service.menu.dto.MenuDto@26116b12, com.company.project.service.menu.dto.MenuDto@158f5317, com.company.project.service.menu.dto.MenuDto@2abf812c]}, timestamp=2026-03-16T17:00:43.583540600]]
2026-03-16 17:00:43 [http-nio-8080-exec-8] INFO  c.c.p.a.i.OperationalAuditInterceptor - API Audit Log: URL=/api/v1/menu/left, User=webmaster, IP=127.0.0.1
2026-03-16 17:00:43 [http-nio-8080-exec-8] DEBUG o.s.web.servlet.DispatcherServlet - Completed 200 OK
2026-03-16 17:00:43 [http-nio-8080-exec-5] DEBUG c.c.p.s.jwt.JwtAuthenticationFilter - >>> [JwtFilter] Processing request: GET /api/v1/menu/left
2026-03-16 17:00:43 [http-nio-8080-exec-5] DEBUG c.c.p.s.jwt.JwtAuthenticationFilter - >>> [JwtFilter] Found token in header for path: /api/v1/menu/left
2026-03-16 17:00:43 [http-nio-8080-exec-5] DEBUG o.s.orm.jpa.JpaTransactionManager - Creating new transaction with name [com.company.project.security.iam.CustomUserDetailsService.loadUserByUsername]: PROPAGATION_REQUIRED,ISOLATION_DEFAULT,readOnly
2026-03-16 17:00:43 [http-nio-8080-exec-5] DEBUG o.s.orm.jpa.JpaTransactionManager - Opened new EntityManager [SessionImpl(652468384<open>)] for JPA transaction
2026-03-16 17:00:43 [http-nio-8080-exec-6] DEBUG o.s.orm.jpa.JpaTransactionManager - Closing JPA EntityManager [SessionImpl(1382100769<open>)] after transaction
2026-03-16 17:00:43 [http-nio-8080-exec-6] DEBUG o.s.w.s.m.m.a.RequestResponseBodyMethodProcessor - Using 'application/json', given [application/json, text/plain, */*] and supported [application/json, application/*+json, application/yaml]
2026-03-16 17:00:43 [http-nio-8080-exec-6] TRACE o.s.w.s.m.m.a.RequestResponseBodyMethodProcessor - Writing [ApiResponse[success=true, status=200, code=COMMON_001, message=Success, data={role=ROLE_ADMIN, accessToken=eyJhbGciOiJIUzUxMiJ9.eyJzdWIiOiJ3ZWJtYXN0ZXIiLCJyb2xlIjoiUk9MRV9BRE1JTiIsImlhdCI6MTc3MzY0ODA0MywiZXhwIjoxNzczNjUxNjQzfQ.s85hx56uScU88TnWjazAM2z-vKh7IQf9ts8M2ej9bGp8daLzTmf01XOPmUz4rbTNS5cPJuBzpHNJLYwQiWRpdw}, timestamp=2026-03-16T17:00:43.636490700]]
2026-03-16 17:00:43 [http-nio-8080-exec-6] INFO  c.c.p.a.i.OperationalAuditInterceptor - API Audit Log: URL=/api/v1/auth/login, User=webmaster, IP=127.0.0.1
2026-03-16 17:00:43 [http-nio-8080-exec-6] DEBUG o.s.web.servlet.DispatcherServlet - Completed 200 OK
2026-03-16 17:00:43 [http-nio-8080-exec-2] DEBUG c.c.p.s.jwt.JwtAuthenticationFilter - >>> [JwtFilter] Processing request: GET /api/v1/auth/me
2026-03-16 17:00:43 [http-nio-8080-exec-2] DEBUG c.c.p.s.jwt.JwtAuthenticationFilter - >>> [JwtFilter] Found token in header for path: /api/v1/auth/me
2026-03-16 17:00:43 [http-nio-8080-exec-2] DEBUG o.s.orm.jpa.JpaTransactionManager - Creating new transaction with name [com.company.project.security.iam.CustomUserDetailsService.loadUserByUsername]: PROPAGATION_REQUIRED,ISOLATION_DEFAULT,readOnly
2026-03-16 17:00:43 [http-nio-8080-exec-2] DEBUG o.s.orm.jpa.JpaTransactionManager - Opened new EntityManager [SessionImpl(234998829<open>)] for JPA transaction
2026-03-16 17:00:43 [http-nio-8080-exec-9] DEBUG o.s.orm.jpa.JpaTransactionManager - Initiating transaction commit
2026-03-16 17:00:43 [http-nio-8080-exec-4] DEBUG o.s.orm.jpa.JpaTransactionManager - Initiating transaction commit
2026-03-16 17:00:43 [http-nio-8080-exec-9] DEBUG o.s.orm.jpa.JpaTransactionManager - Committing JPA transaction on EntityManager [SessionImpl(85617100<open>)]
2026-03-16 17:00:43 [http-nio-8080-exec-4] DEBUG o.s.orm.jpa.JpaTransactionManager - Committing JPA transaction on EntityManager [SessionImpl(1951831990<open>)]
2026-03-16 17:00:43 [http-nio-8080-exec-5] DEBUG o.s.orm.jpa.JpaTransactionManager - Exposing JPA transaction as JDBC [org.springframework.orm.jpa.vendor.HibernateJpaDialect$HibernateConnectionHandle@621bedaf]
2026-03-16 17:00:43 [http-nio-8080-exec-5] DEBUG o.s.orm.jpa.JpaTransactionManager - Found thread-bound EntityManager [SessionImpl(652468384<open>)] for JPA transaction
2026-03-16 17:00:43 [http-nio-8080-exec-5] DEBUG o.s.orm.jpa.JpaTransactionManager - Participating in existing transaction
2026-03-16 17:00:43 [http-nio-8080-exec-5] DEBUG org.hibernate.SQL - select u1_0.emplyr_id,u1_0.area_no,u1_0.brthdy,u1_0.chg_pwd_cnt,u1_0.frst_register_id,u1_0.frst_regist_pnttm,u1_0.detail_adres,u1_0.email_adres,u1_0.emplyr_sttus_code,u1_0.empl_no,u1_0.esntl_id,u1_0.fxnum,u1_0.group_id,u1_0.house_adres,u1_0.house_end_telno,u1_0.house_middle_telno,u1_0.ihidnum,u1_0.pstinst_code,u1_0.last_updusr_id,u1_0.last_updt_pnttm,u1_0.lock_at,u1_0.lock_cnt,u1_0.lock_last_pnttm,u1_0.mbtlnum,u1_0.ofcps_nm,u1_0.offm_telno,u1_0.orgnzt_id,u1_0.password,u1_0.password_cnsr,u1_0.password_hint,u1_0.chg_pwd_last_pnttm,u1_0.role,u1_0.sbscrb_de,u1_0.sexdstn_code,u1_0.crtfc_dn_value,u1_0.user_nm,u1_0.zip from nemplyrinfo u1_0 where u1_0.emplyr_id=?
2026-03-16 17:00:43 [http-nio-8080-exec-2] DEBUG o.s.orm.jpa.JpaTransactionManager - Exposing JPA transaction as JDBC [org.springframework.orm.jpa.vendor.HibernateJpaDialect$HibernateConnectionHandle@5ca12401]
2026-03-16 17:00:43 [http-nio-8080-exec-2] DEBUG o.s.orm.jpa.JpaTransactionManager - Found thread-bound EntityManager [SessionImpl(234998829<open>)] for JPA transaction
2026-03-16 17:00:43 [http-nio-8080-exec-2] DEBUG o.s.orm.jpa.JpaTransactionManager - Participating in existing transaction
2026-03-16 17:00:43 [http-nio-8080-exec-2] DEBUG org.hibernate.SQL - select u1_0.emplyr_id,u1_0.area_no,u1_0.brthdy,u1_0.chg_pwd_cnt,u1_0.frst_register_id,u1_0.frst_regist_pnttm,u1_0.detail_adres,u1_0.email_adres,u1_0.emplyr_sttus_code,u1_0.empl_no,u1_0.esntl_id,u1_0.fxnum,u1_0.group_id,u1_0.house_adres,u1_0.house_end_telno,u1_0.house_middle_telno,u1_0.ihidnum,u1_0.pstinst_code,u1_0.last_updusr_id,u1_0.last_updt_pnttm,u1_0.lock_at,u1_0.lock_cnt,u1_0.lock_last_pnttm,u1_0.mbtlnum,u1_0.ofcps_nm,u1_0.offm_telno,u1_0.orgnzt_id,u1_0.password,u1_0.password_cnsr,u1_0.password_hint,u1_0.chg_pwd_last_pnttm,u1_0.role,u1_0.sbscrb_de,u1_0.sexdstn_code,u1_0.crtfc_dn_value,u1_0.user_nm,u1_0.zip from nemplyrinfo u1_0 where u1_0.emplyr_id=?
2026-03-16 17:00:43 [http-nio-8080-exec-4] DEBUG o.s.orm.jpa.JpaTransactionManager - Closing JPA EntityManager [SessionImpl(1951831990<open>)] after transaction
2026-03-16 17:00:43 [http-nio-8080-exec-9] DEBUG o.s.orm.jpa.JpaTransactionManager - Closing JPA EntityManager [SessionImpl(85617100<open>)] after transaction
2026-03-16 17:00:43 [http-nio-8080-exec-4] DEBUG o.s.w.s.m.m.a.HttpEntityMethodProcessor - Using 'application/json', given [application/json, text/plain, */*] and supported [application/json, application/*+json, application/yaml]
2026-03-16 17:00:43 [http-nio-8080-exec-9] DEBUG o.s.w.s.m.m.a.HttpEntityMethodProcessor - Using 'application/json', given [application/json, text/plain, */*] and supported [application/json, application/*+json, application/yaml]
2026-03-16 17:00:43 [http-nio-8080-exec-9] TRACE o.s.w.s.m.m.a.HttpEntityMethodProcessor - Writing [ApiResponse[success=true, status=200, code=COMMON_001, message=Success, data=0, timestamp=2026-03-16T17:00:43.888333900]]
2026-03-16 17:00:43 [http-nio-8080-exec-4] TRACE o.s.w.s.m.m.a.HttpEntityMethodProcessor - Writing [ApiResponse[success=true, status=200, code=COMMON_001, message=Success, data=[NotificationDto(ntfcNo=NT001, ntfcSj=테스트 알림입니다, ntfcCn=알림 내용입니다, ntfcDate=null, ntfcTime=2026-02-25T00:59:33.784070, bhNtfcIntrvl=null, uniqId=null, frstRegisterId=null, frstRegisterPnttm=2026-02-25T00:59:33.784070, lastUpdusrId=null, lastUpdusrPnttm=null)], timestamp=2026-03-16T17:00:43.888333900]]
2026-03-16 17:00:43 [http-nio-8080-exec-9] INFO  c.c.p.a.i.OperationalAuditInterceptor - API Audit Log: URL=/api/v1/notifications/unread-count, User=webmaster, IP=127.0.0.1
2026-03-16 17:00:43 [http-nio-8080-exec-9] DEBUG o.s.web.servlet.DispatcherServlet - Completed 200 OK
2026-03-16 17:00:43 [http-nio-8080-exec-4] INFO  c.c.p.a.i.OperationalAuditInterceptor - API Audit Log: URL=/api/v1/notifications, User=webmaster, IP=127.0.0.1
2026-03-16 17:00:43 [http-nio-8080-exec-4] DEBUG o.s.web.servlet.DispatcherServlet - Completed 200 OK
2026-03-16 17:00:43 [http-nio-8080-exec-5] DEBUG o.s.orm.jpa.JpaTransactionManager - Found thread-bound EntityManager [SessionImpl(652468384<open>)] for JPA transaction
2026-03-16 17:00:43 [http-nio-8080-exec-5] DEBUG o.s.orm.jpa.JpaTransactionManager - Participating in existing transaction
2026-03-16 17:00:43 [http-nio-8080-exec-5] DEBUG org.hibernate.SQL - select ua1_0.scrty_dtrmn_trget_id,ua1_0.author_code,ua1_0.frst_register_id,ua1_0.frst_regist_pnttm,ua1_0.last_updusr_id,ua1_0.last_updt_pnttm,ua1_0.mber_ty_code from nemplyrscrtyestbs ua1_0 where ua1_0.scrty_dtrmn_trget_id=?
2026-03-16 17:00:43 [http-nio-8080-exec-2] DEBUG o.s.orm.jpa.JpaTransactionManager - Found thread-bound EntityManager [SessionImpl(234998829<open>)] for JPA transaction
2026-03-16 17:00:43 [http-nio-8080-exec-2] DEBUG o.s.orm.jpa.JpaTransactionManager - Participating in existing transaction
2026-03-16 17:00:43 [http-nio-8080-exec-2] DEBUG org.hibernate.SQL - select ua1_0.scrty_dtrmn_trget_id,ua1_0.author_code,ua1_0.frst_register_id,ua1_0.frst_regist_pnttm,ua1_0.last_updusr_id,ua1_0.last_updt_pnttm,ua1_0.mber_ty_code from nemplyrscrtyestbs ua1_0 where ua1_0.scrty_dtrmn_trget_id=?
2026-03-16 17:00:44 [http-nio-8080-exec-5] DEBUG o.s.orm.jpa.JpaTransactionManager - Initiating transaction commit
2026-03-16 17:00:44 [http-nio-8080-exec-5] DEBUG o.s.orm.jpa.JpaTransactionManager - Committing JPA transaction on EntityManager [SessionImpl(652468384<open>)]
2026-03-16 17:00:44 [http-nio-8080-exec-2] DEBUG o.s.orm.jpa.JpaTransactionManager - Initiating transaction commit
2026-03-16 17:00:44 [http-nio-8080-exec-2] DEBUG o.s.orm.jpa.JpaTransactionManager - Committing JPA transaction on EntityManager [SessionImpl(234998829<open>)]
2026-03-16 17:00:44 [http-nio-8080-exec-7] DEBUG c.c.p.s.jwt.JwtAuthenticationFilter - >>> [JwtFilter] Processing request: GET /api/v1/notifications/unread-count
2026-03-16 17:00:44 [http-nio-8080-exec-7] DEBUG c.c.p.s.jwt.JwtAuthenticationFilter - >>> [JwtFilter] Found token in header for path: /api/v1/notifications/unread-count
2026-03-16 17:00:44 [http-nio-8080-exec-7] DEBUG o.s.orm.jpa.JpaTransactionManager - Creating new transaction with name [com.company.project.security.iam.CustomUserDetailsService.loadUserByUsername]: PROPAGATION_REQUIRED,ISOLATION_DEFAULT,readOnly
2026-03-16 17:00:44 [http-nio-8080-exec-7] DEBUG o.s.orm.jpa.JpaTransactionManager - Opened new EntityManager [SessionImpl(432509273<open>)] for JPA transaction
2026-03-16 17:00:44 [http-nio-8080-exec-3] DEBUG c.c.p.s.jwt.JwtAuthenticationFilter - >>> [JwtFilter] Processing request: GET /api/v1/notifications
2026-03-16 17:00:44 [http-nio-8080-exec-3] DEBUG c.c.p.s.jwt.JwtAuthenticationFilter - >>> [JwtFilter] Found token in header for path: /api/v1/notifications
2026-03-16 17:00:44 [http-nio-8080-exec-3] DEBUG o.s.orm.jpa.JpaTransactionManager - Creating new transaction with name [com.company.project.security.iam.CustomUserDetailsService.loadUserByUsername]: PROPAGATION_REQUIRED,ISOLATION_DEFAULT,readOnly
2026-03-16 17:00:44 [http-nio-8080-exec-3] DEBUG o.s.orm.jpa.JpaTransactionManager - Opened new EntityManager [SessionImpl(449657720<open>)] for JPA transaction
2026-03-16 17:00:44 [http-nio-8080-exec-5] DEBUG o.s.orm.jpa.JpaTransactionManager - Closing JPA EntityManager [SessionImpl(652468384<open>)] after transaction
2026-03-16 17:00:44 [http-nio-8080-exec-5] DEBUG c.c.p.s.jwt.JwtAuthenticationFilter - >>> [JwtFilter] Successfully authenticated user: USRCNFRM_99999999999, Authorities: [ROLE_ADMIN]
2026-03-16 17:00:44 [http-nio-8080-exec-5] DEBUG o.s.web.servlet.DispatcherServlet - GET "/api/v1/menu/left?menuNo=20", parameters={masked}
2026-03-16 17:00:44 [http-nio-8080-exec-5] TRACE o.s.w.s.m.m.a.RequestMappingHandlerMapping - Mapped to com.company.project.api.controller.menu.MenuController#getLeftMenu(Long)
2026-03-16 17:00:44 [http-nio-8080-exec-5] INFO  c.c.p.a.c.menu.MenuController - getLeftMenu called with menuNo=20
2026-03-16 17:00:44 [http-nio-8080-exec-5] DEBUG o.s.orm.jpa.JpaTransactionManager - Creating new transaction with name [com.company.project.service.menu.MenuService.getSubMenus]: PROPAGATION_REQUIRED,ISOLATION_DEFAULT,readOnly
2026-03-16 17:00:44 [http-nio-8080-exec-5] DEBUG o.s.orm.jpa.JpaTransactionManager - Opened new EntityManager [SessionImpl(2048656765<open>)] for JPA transaction
2026-03-16 17:00:44 [http-nio-8080-exec-5] DEBUG o.s.orm.jpa.JpaTransactionManager - Exposing JPA transaction as JDBC [org.springframework.orm.jpa.vendor.HibernateJpaDialect$HibernateConnectionHandle@459bbe03]
2026-03-16 17:00:44 [http-nio-8080-exec-5] DEBUG org.hibernate.SQL - select m1_0.menu_no,m1_0.menu_dc,m1_0.menu_nm,m1_0.menu_ordr,m1_0.modern_route,m1_0.progrm_file_nm,m1_0.relate_image_nm,m1_0.relate_image_path,m1_0.route_updated_at,m1_0.upper_menu_no from nmenuinfo m1_0 order by m1_0.upper_menu_no,m1_0.menu_ordr
2026-03-16 17:00:44 [http-nio-8080-exec-2] DEBUG o.s.orm.jpa.JpaTransactionManager - Closing JPA EntityManager [SessionImpl(234998829<open>)] after transaction
2026-03-16 17:00:44 [http-nio-8080-exec-2] DEBUG c.c.p.s.jwt.JwtAuthenticationFilter - >>> [JwtFilter] Successfully authenticated user: USRCNFRM_99999999999, Authorities: [ROLE_ADMIN]
2026-03-16 17:00:44 [http-nio-8080-exec-2] DEBUG o.s.web.servlet.DispatcherServlet - GET "/api/v1/auth/me", parameters={}
2026-03-16 17:00:44 [http-nio-8080-exec-2] TRACE o.s.w.s.m.m.a.RequestMappingHandlerMapping - Mapped to com.company.project.api.auth.AuthController#getCurrentUser()
2026-03-16 17:00:44 [http-nio-8080-exec-2] DEBUG o.s.w.s.m.m.a.RequestResponseBodyMethodProcessor - Using 'application/json', given [application/json, text/plain, */*] and supported [application/json, application/*+json, application/yaml]
2026-03-16 17:00:44 [http-nio-8080-exec-2] TRACE o.s.w.s.m.m.a.RequestResponseBodyMethodProcessor - Writing [ApiResponse[success=true, status=200, code=COMMON_001, message=Success, data={role=ROLE_ADMIN, userSe=EMP, name=관리자, id=webmaster}, timestamp=2026-03-16T17:00:44.326088700]]
2026-03-16 17:00:44 [http-nio-8080-exec-2] INFO  c.c.p.a.i.OperationalAuditInterceptor - API Audit Log: URL=/api/v1/auth/me, User=webmaster, IP=127.0.0.1
2026-03-16 17:00:44 [http-nio-8080-exec-2] DEBUG o.s.web.servlet.DispatcherServlet - Completed 200 OK
2026-03-16 17:00:44 [http-nio-8080-exec-7] DEBUG o.s.orm.jpa.JpaTransactionManager - Exposing JPA transaction as JDBC [org.springframework.orm.jpa.vendor.HibernateJpaDialect$HibernateConnectionHandle@df059d8]
2026-03-16 17:00:44 [http-nio-8080-exec-7] DEBUG o.s.orm.jpa.JpaTransactionManager - Found thread-bound EntityManager [SessionImpl(432509273<open>)] for JPA transaction
2026-03-16 17:00:44 [http-nio-8080-exec-7] DEBUG o.s.orm.jpa.JpaTransactionManager - Participating in existing transaction
2026-03-16 17:00:44 [http-nio-8080-exec-7] DEBUG org.hibernate.SQL - select u1_0.emplyr_id,u1_0.area_no,u1_0.brthdy,u1_0.chg_pwd_cnt,u1_0.frst_register_id,u1_0.frst_regist_pnttm,u1_0.detail_adres,u1_0.email_adres,u1_0.emplyr_sttus_code,u1_0.empl_no,u1_0.esntl_id,u1_0.fxnum,u1_0.group_id,u1_0.house_adres,u1_0.house_end_telno,u1_0.house_middle_telno,u1_0.ihidnum,u1_0.pstinst_code,u1_0.last_updusr_id,u1_0.last_updt_pnttm,u1_0.lock_at,u1_0.lock_cnt,u1_0.lock_last_pnttm,u1_0.mbtlnum,u1_0.ofcps_nm,u1_0.offm_telno,u1_0.orgnzt_id,u1_0.password,u1_0.password_cnsr,u1_0.password_hint,u1_0.chg_pwd_last_pnttm,u1_0.role,u1_0.sbscrb_de,u1_0.sexdstn_code,u1_0.crtfc_dn_value,u1_0.user_nm,u1_0.zip from nemplyrinfo u1_0 where u1_0.emplyr_id=?
2026-03-16 17:00:44 [http-nio-8080-exec-3] DEBUG o.s.orm.jpa.JpaTransactionManager - Exposing JPA transaction as JDBC [org.springframework.orm.jpa.vendor.HibernateJpaDialect$HibernateConnectionHandle@54a4835a]
2026-03-16 17:00:44 [http-nio-8080-exec-3] DEBUG o.s.orm.jpa.JpaTransactionManager - Found thread-bound EntityManager [SessionImpl(449657720<open>)] for JPA transaction
2026-03-16 17:00:44 [http-nio-8080-exec-3] DEBUG o.s.orm.jpa.JpaTransactionManager - Participating in existing transaction
2026-03-16 17:00:44 [http-nio-8080-exec-3] DEBUG org.hibernate.SQL - select u1_0.emplyr_id,u1_0.area_no,u1_0.brthdy,u1_0.chg_pwd_cnt,u1_0.frst_register_id,u1_0.frst_regist_pnttm,u1_0.detail_adres,u1_0.email_adres,u1_0.emplyr_sttus_code,u1_0.empl_no,u1_0.esntl_id,u1_0.fxnum,u1_0.group_id,u1_0.house_adres,u1_0.house_end_telno,u1_0.house_middle_telno,u1_0.ihidnum,u1_0.pstinst_code,u1_0.last_updusr_id,u1_0.last_updt_pnttm,u1_0.lock_at,u1_0.lock_cnt,u1_0.lock_last_pnttm,u1_0.mbtlnum,u1_0.ofcps_nm,u1_0.offm_telno,u1_0.orgnzt_id,u1_0.password,u1_0.password_cnsr,u1_0.password_hint,u1_0.chg_pwd_last_pnttm,u1_0.role,u1_0.sbscrb_de,u1_0.sexdstn_code,u1_0.crtfc_dn_value,u1_0.user_nm,u1_0.zip from nemplyrinfo u1_0 where u1_0.emplyr_id=?
2026-03-16 17:00:44 [scheduling-1] DEBUG org.springframework.web.SimpLogging - Processing UNSUBSCRIBE id=sub-2 session=wy4k3pzb
2026-03-16 17:00:44 [scheduling-1] DEBUG org.springframework.web.SimpLogging - Processing UNSUBSCRIBE id=sub-3 session=wy4k3pzb
2026-03-16 17:00:44 [scheduling-1] DEBUG org.springframework.web.SimpLogging - Processing DISCONNECT receipt=close-4 session=wy4k3pzb
2026-03-16 17:00:44 [scheduling-1] DEBUG org.springframework.web.SimpLogging - Processing SUBSCRIBE /topic/public id=sub-5 session=wy4k3pzb
2026-03-16 17:00:44 [http-nio-8080-exec-1] DEBUG o.s.w.s.h.LoggingWebSocketHandlerDecorator - WebSocketServerSockJsSession[id=wy4k3pzb] closed with CloseStatus[code=1000, reason=null]
2026-03-16 17:00:44 [http-nio-8080-exec-1] DEBUG o.s.w.s.m.SubProtocolWebSocketHandler - Clearing session wy4k3pzb
2026-03-16 17:00:44 [scheduling-1] DEBUG org.springframework.web.SimpLogging - Processing DISCONNECT session=wy4k3pzb
2026-03-16 17:00:44 [scheduling-1] DEBUG o.s.w.s.m.SubProtocolWebSocketHandler - No session for GenericMessage [payload=byte[0], headers={simpMessageType=DISCONNECT_ACK, simpDisconnectMessage=GenericMessage [payload=byte[0], headers={simpMessageType=DISCONNECT, stompCommand=DISCONNECT, simpSessionAttributes={org.springframework.messaging.simp.SimpAttributes.COMPLETED=true}, simpSessionId=wy4k3pzb}], simpSessionId=wy4k3pzb}]
2026-03-16 17:00:44 [http-nio-8080-exec-8] DEBUG o.s.web.servlet.DispatcherServlet - GET "/ws/info?t=1773648044400", parameters={masked}
2026-03-16 17:00:44 [http-nio-8080-exec-8] DEBUG o.s.w.s.s.s.WebSocketHandlerMapping - Mapped to org.springframework.web.socket.sockjs.support.SockJsHttpRequestHandler@3d80b7ba
2026-03-16 17:00:44 [http-nio-8080-exec-8] DEBUG o.s.w.s.s.t.h.DefaultSockJsService - Processing transport request: GET http://localhost:8080/ws/info?t=1773648044400
2026-03-16 17:00:44 [http-nio-8080-exec-8] DEBUG o.s.web.servlet.DispatcherServlet - Completed 200 OK
2026-03-16 17:00:44 [http-nio-8080-exec-6] DEBUG o.s.web.servlet.DispatcherServlet - GET "/ws/093/hrkzffkk/websocket", parameters={}
2026-03-16 17:00:44 [http-nio-8080-exec-6] DEBUG o.s.w.s.s.s.WebSocketHandlerMapping - Mapped to org.springframework.web.socket.sockjs.support.SockJsHttpRequestHandler@3d80b7ba
2026-03-16 17:00:44 [http-nio-8080-exec-6] DEBUG o.s.w.s.s.t.h.DefaultSockJsService - Processing transport request: GET http://localhost:8080/ws/093/hrkzffkk/websocket
2026-03-16 17:00:44 [http-nio-8080-exec-6] DEBUG o.s.web.servlet.DispatcherServlet - Completed 101 SWITCHING_PROTOCOLS
2026-03-16 17:00:44 [http-nio-8080-exec-6] DEBUG o.s.w.s.h.LoggingWebSocketHandlerDecorator - New WebSocketServerSockJsSession[id=hrkzffkk]
2026-03-16 17:00:44 [scheduling-1] DEBUG org.springframework.web.SimpLogging - Processing CONNECT session=hrkzffkk
2026-03-16 17:00:44 [scheduling-1] DEBUG org.springframework.web.SimpLogging - Processing SUBSCRIBE /topic/notices id=sub-0 session=hrkzffkk
2026-03-16 17:00:44 [scheduling-1] DEBUG org.springframework.web.SimpLogging - Processing SUBSCRIBE destination=/queue/notifications-userhrkzffkk subscriptionId=sub-1 session=hrkzffkk payload=byte[0]
2026-03-16 17:00:44 [http-nio-8080-exec-7] DEBUG o.s.orm.jpa.JpaTransactionManager - Found thread-bound EntityManager [SessionImpl(432509273<open>)] for JPA transaction
2026-03-16 17:00:44 [http-nio-8080-exec-7] DEBUG o.s.orm.jpa.JpaTransactionManager - Participating in existing transaction
2026-03-16 17:00:44 [http-nio-8080-exec-7] DEBUG org.hibernate.SQL - select ua1_0.scrty_dtrmn_trget_id,ua1_0.author_code,ua1_0.frst_register_id,ua1_0.frst_regist_pnttm,ua1_0.last_updusr_id,ua1_0.last_updt_pnttm,ua1_0.mber_ty_code from nemplyrscrtyestbs ua1_0 where ua1_0.scrty_dtrmn_trget_id=?
2026-03-16 17:00:44 [http-nio-8080-exec-3] DEBUG o.s.orm.jpa.JpaTransactionManager - Found thread-bound EntityManager [SessionImpl(449657720<open>)] for JPA transaction
2026-03-16 17:00:44 [http-nio-8080-exec-3] DEBUG o.s.orm.jpa.JpaTransactionManager - Participating in existing transaction
2026-03-16 17:00:44 [http-nio-8080-exec-3] DEBUG org.hibernate.SQL - select ua1_0.scrty_dtrmn_trget_id,ua1_0.author_code,ua1_0.frst_register_id,ua1_0.frst_regist_pnttm,ua1_0.last_updusr_id,ua1_0.last_updt_pnttm,ua1_0.mber_ty_code from nemplyrscrtyestbs ua1_0 where ua1_0.scrty_dtrmn_trget_id=?
2026-03-16 17:00:44 [http-nio-8080-exec-5] DEBUG o.s.orm.jpa.JpaTransactionManager - Found thread-bound EntityManager [SessionImpl(2048656765<open>)] for JPA transaction
2026-03-16 17:00:44 [http-nio-8080-exec-5] DEBUG o.s.orm.jpa.JpaTransactionManager - Participating in existing transaction
2026-03-16 17:00:44 [http-nio-8080-exec-5] DEBUG org.hibernate.SQL - select p1_0.progrm_file_nm,p1_0.progrm_dc,p1_0.progrm_korean_nm,p1_0.progrm_stre_path,p1_0.url from nprogrmlist p1_0
2026-03-16 17:00:44 [http-nio-8080-exec-3] DEBUG o.s.orm.jpa.JpaTransactionManager - Initiating transaction commit
2026-03-16 17:00:44 [http-nio-8080-exec-7] DEBUG o.s.orm.jpa.JpaTransactionManager - Initiating transaction commit
2026-03-16 17:00:44 [http-nio-8080-exec-3] DEBUG o.s.orm.jpa.JpaTransactionManager - Committing JPA transaction on EntityManager [SessionImpl(449657720<open>)]
2026-03-16 17:00:44 [http-nio-8080-exec-7] DEBUG o.s.orm.jpa.JpaTransactionManager - Committing JPA transaction on EntityManager [SessionImpl(432509273<open>)]
2026-03-16 17:00:44 [http-nio-8080-exec-5] DEBUG o.s.orm.jpa.JpaTransactionManager - Initiating transaction commit
2026-03-16 17:00:44 [http-nio-8080-exec-5] DEBUG o.s.orm.jpa.JpaTransactionManager - Committing JPA transaction on EntityManager [SessionImpl(2048656765<open>)]
2026-03-16 17:00:44 [http-nio-8080-exec-3] DEBUG o.s.orm.jpa.JpaTransactionManager - Closing JPA EntityManager [SessionImpl(449657720<open>)] after transaction
2026-03-16 17:00:44 [http-nio-8080-exec-7] DEBUG o.s.orm.jpa.JpaTransactionManager - Closing JPA EntityManager [SessionImpl(432509273<open>)] after transaction
2026-03-16 17:00:44 [http-nio-8080-exec-3] DEBUG c.c.p.s.jwt.JwtAuthenticationFilter - >>> [JwtFilter] Successfully authenticated user: USRCNFRM_99999999999, Authorities: [ROLE_ADMIN]
2026-03-16 17:00:44 [http-nio-8080-exec-7] DEBUG c.c.p.s.jwt.JwtAuthenticationFilter - >>> [JwtFilter] Successfully authenticated user: USRCNFRM_99999999999, Authorities: [ROLE_ADMIN]
2026-03-16 17:00:44 [http-nio-8080-exec-7] DEBUG o.s.web.servlet.DispatcherServlet - GET "/api/v1/notifications/unread-count", parameters={}
2026-03-16 17:00:44 [http-nio-8080-exec-3] DEBUG o.s.web.servlet.DispatcherServlet - GET "/api/v1/notifications", parameters={}
2026-03-16 17:00:44 [http-nio-8080-exec-7] TRACE o.s.w.s.m.m.a.RequestMappingHandlerMapping - Mapped to com.company.project.api.controller.notification.NotificationController#getUnreadCount(UserDetails)
2026-03-16 17:00:44 [http-nio-8080-exec-3] TRACE o.s.w.s.m.m.a.RequestMappingHandlerMapping - Mapped to com.company.project.api.controller.notification.NotificationController#getMyNotifications(UserDetails)
2026-03-16 17:00:44 [http-nio-8080-exec-7] DEBUG o.s.orm.jpa.JpaTransactionManager - Creating new transaction with name [com.company.project.service.notification.NotificationService.getUnreadCount]: PROPAGATION_REQUIRED,ISOLATION_DEFAULT,readOnly
2026-03-16 17:00:44 [http-nio-8080-exec-3] DEBUG o.s.orm.jpa.JpaTransactionManager - Creating new transaction with name [com.company.project.service.notification.NotificationService.getActiveNotifications]: PROPAGATION_REQUIRED,ISOLATION_DEFAULT,readOnly
2026-03-16 17:00:44 [http-nio-8080-exec-7] DEBUG o.s.orm.jpa.JpaTransactionManager - Opened new EntityManager [SessionImpl(1902109341<open>)] for JPA transaction
2026-03-16 17:00:44 [http-nio-8080-exec-3] DEBUG o.s.orm.jpa.JpaTransactionManager - Opened new EntityManager [SessionImpl(1671532138<open>)] for JPA transaction
2026-03-16 17:00:44 [http-nio-8080-exec-7] DEBUG o.s.orm.jpa.JpaTransactionManager - Exposing JPA transaction as JDBC [org.springframework.orm.jpa.vendor.HibernateJpaDialect$HibernateConnectionHandle@5f2cb91f]
2026-03-16 17:00:44 [http-nio-8080-exec-3] DEBUG o.s.orm.jpa.JpaTransactionManager - Exposing JPA transaction as JDBC [org.springframework.orm.jpa.vendor.HibernateJpaDialect$HibernateConnectionHandle@defcc7f]
2026-03-16 17:00:44 [http-nio-8080-exec-3] DEBUG o.s.orm.jpa.JpaTransactionManager - Found thread-bound EntityManager [SessionImpl(1671532138<open>)] for JPA transaction
2026-03-16 17:00:44 [http-nio-8080-exec-3] DEBUG o.s.orm.jpa.JpaTransactionManager - Participating in existing transaction
2026-03-16 17:00:44 [http-nio-8080-exec-3] DEBUG org.hibernate.SQL - select n1_0.ntcn_no,n1_0.frst_register_id,n1_0.frst_regist_pnttm,n1_0.is_read,n1_0.last_updusr_id,n1_0.last_updt_pnttm,n1_0.link_url,n1_0.ntcn_cn,n1_0.ntcn_sj,n1_0.receiver_id from n_user_notification n1_0
2026-03-16 17:00:44 [http-nio-8080-exec-7] DEBUG org.hibernate.SQL - select count(n1_0.ntcn_no) from n_user_notification n1_0 where n1_0.receiver_id=? and n1_0.is_read=?
2026-03-16 17:00:44 [http-nio-8080-exec-5] DEBUG o.s.orm.jpa.JpaTransactionManager - Closing JPA EntityManager [SessionImpl(2048656765<open>)] after transaction
2026-03-16 17:00:44 [http-nio-8080-exec-5] INFO  c.c.p.a.c.menu.MenuController - getLeftMenu returned 3 items
2026-03-16 17:00:44 [http-nio-8080-exec-5] DEBUG o.s.w.s.m.m.a.HttpEntityMethodProcessor - Using 'application/json', given [application/json, text/plain, */*] and supported [application/json, application/*+json, application/yaml]
2026-03-16 17:00:44 [http-nio-8080-exec-5] TRACE o.s.w.s.m.m.a.HttpEntityMethodProcessor - Writing [ApiResponse[success=true, status=200, code=COMMON_001, message=Success, data={list=[com.company.project.service.menu.dto.MenuDto@282c886c, com.company.project.service.menu.dto.MenuDto@5ab2cfcc, com.company.project.service.menu.dto.MenuDto@5acb9169]}, timestamp=2026-03-16T17:00:44.903228300]]
2026-03-16 17:00:44 [http-nio-8080-exec-5] INFO  c.c.p.a.i.OperationalAuditInterceptor - API Audit Log: URL=/api/v1/menu/left, User=webmaster, IP=127.0.0.1
2026-03-16 17:00:44 [http-nio-8080-exec-5] DEBUG o.s.web.servlet.DispatcherServlet - Completed 200 OK
2026-03-16 17:00:45 [http-nio-8080-exec-2] DEBUG c.c.p.s.jwt.JwtAuthenticationFilter - >>> [JwtFilter] Processing request: GET /api/v1/menu/left
2026-03-16 17:00:45 [http-nio-8080-exec-2] DEBUG c.c.p.s.jwt.JwtAuthenticationFilter - >>> [JwtFilter] Found token in header for path: /api/v1/menu/left
2026-03-16 17:00:45 [http-nio-8080-exec-2] DEBUG o.s.orm.jpa.JpaTransactionManager - Creating new transaction with name [com.company.project.security.iam.CustomUserDetailsService.loadUserByUsername]: PROPAGATION_REQUIRED,ISOLATION_DEFAULT,readOnly
2026-03-16 17:00:45 [http-nio-8080-exec-2] DEBUG o.s.orm.jpa.JpaTransactionManager - Opened new EntityManager [SessionImpl(88848988<open>)] for JPA transaction
2026-03-16 17:00:45 [http-nio-8080-exec-7] DEBUG o.s.orm.jpa.JpaTransactionManager - Initiating transaction commit
2026-03-16 17:00:45 [http-nio-8080-exec-3] DEBUG o.s.orm.jpa.JpaTransactionManager - Initiating transaction commit
2026-03-16 17:00:45 [http-nio-8080-exec-7] DEBUG o.s.orm.jpa.JpaTransactionManager - Committing JPA transaction on EntityManager [SessionImpl(1902109341<open>)]
2026-03-16 17:00:45 [http-nio-8080-exec-3] DEBUG o.s.orm.jpa.JpaTransactionManager - Committing JPA transaction on EntityManager [SessionImpl(1671532138<open>)]
2026-03-16 17:00:45 [http-nio-8080-exec-2] DEBUG o.s.orm.jpa.JpaTransactionManager - Exposing JPA transaction as JDBC [org.springframework.orm.jpa.vendor.HibernateJpaDialect$HibernateConnectionHandle@5d0d72bc]
2026-03-16 17:00:45 [http-nio-8080-exec-2] DEBUG o.s.orm.jpa.JpaTransactionManager - Found thread-bound EntityManager [SessionImpl(88848988<open>)] for JPA transaction
2026-03-16 17:00:45 [http-nio-8080-exec-2] DEBUG o.s.orm.jpa.JpaTransactionManager - Participating in existing transaction
2026-03-16 17:00:45 [http-nio-8080-exec-2] DEBUG org.hibernate.SQL - select u1_0.emplyr_id,u1_0.area_no,u1_0.brthdy,u1_0.chg_pwd_cnt,u1_0.frst_register_id,u1_0.frst_regist_pnttm,u1_0.detail_adres,u1_0.email_adres,u1_0.emplyr_sttus_code,u1_0.empl_no,u1_0.esntl_id,u1_0.fxnum,u1_0.group_id,u1_0.house_adres,u1_0.house_end_telno,u1_0.house_middle_telno,u1_0.ihidnum,u1_0.pstinst_code,u1_0.last_updusr_id,u1_0.last_updt_pnttm,u1_0.lock_at,u1_0.lock_cnt,u1_0.lock_last_pnttm,u1_0.mbtlnum,u1_0.ofcps_nm,u1_0.offm_telno,u1_0.orgnzt_id,u1_0.password,u1_0.password_cnsr,u1_0.password_hint,u1_0.chg_pwd_last_pnttm,u1_0.role,u1_0.sbscrb_de,u1_0.sexdstn_code,u1_0.crtfc_dn_value,u1_0.user_nm,u1_0.zip from nemplyrinfo u1_0 where u1_0.emplyr_id=?
2026-03-16 17:00:45 [http-nio-8080-exec-3] DEBUG o.s.orm.jpa.JpaTransactionManager - Closing JPA EntityManager [SessionImpl(1671532138<open>)] after transaction
2026-03-16 17:00:45 [http-nio-8080-exec-7] DEBUG o.s.orm.jpa.JpaTransactionManager - Closing JPA EntityManager [SessionImpl(1902109341<open>)] after transaction
2026-03-16 17:00:45 [http-nio-8080-exec-3] DEBUG o.s.w.s.m.m.a.HttpEntityMethodProcessor - Using 'application/json', given [application/json, text/plain, */*] and supported [application/json, application/*+json, application/yaml]
2026-03-16 17:00:45 [http-nio-8080-exec-7] DEBUG o.s.w.s.m.m.a.HttpEntityMethodProcessor - Using 'application/json', given [application/json, text/plain, */*] and supported [application/json, application/*+json, application/yaml]
2026-03-16 17:00:45 [http-nio-8080-exec-3] TRACE o.s.w.s.m.m.a.HttpEntityMethodProcessor - Writing [ApiResponse[success=true, status=200, code=COMMON_001, message=Success, data=[NotificationDto(ntfcNo=NT001, ntfcSj=테스트 알림입니다, ntfcCn=알림 내용입니다, ntfcDate=null, ntfcTime=2026-02-25T00:59:33.784070, bhNtfcIntrvl=null, uniqId=null, frstRegisterId=null, frstRegisterPnttm=2026-02-25T00:59:33.784070, lastUpdusrId=null, lastUpdusrPnttm=null)], timestamp=2026-03-16T17:00:45.210386600]]
2026-03-16 17:00:45 [http-nio-8080-exec-7] TRACE o.s.w.s.m.m.a.HttpEntityMethodProcessor - Writing [ApiResponse[success=true, status=200, code=COMMON_001, message=Success, data=0, timestamp=2026-03-16T17:00:45.210386600]]
2026-03-16 17:00:45 [http-nio-8080-exec-3] INFO  c.c.p.a.i.OperationalAuditInterceptor - API Audit Log: URL=/api/v1/notifications, User=webmaster, IP=127.0.0.1
2026-03-16 17:00:45 [http-nio-8080-exec-7] INFO  c.c.p.a.i.OperationalAuditInterceptor - API Audit Log: URL=/api/v1/notifications/unread-count, User=webmaster, IP=127.0.0.1
2026-03-16 17:00:45 [http-nio-8080-exec-3] DEBUG o.s.web.servlet.DispatcherServlet - Completed 200 OK
2026-03-16 17:00:45 [http-nio-8080-exec-7] DEBUG o.s.web.servlet.DispatcherServlet - Completed 200 OK
2026-03-16 17:00:45 [http-nio-8080-exec-2] DEBUG o.s.orm.jpa.JpaTransactionManager - Found thread-bound EntityManager [SessionImpl(88848988<open>)] for JPA transaction
2026-03-16 17:00:45 [http-nio-8080-exec-2] DEBUG o.s.orm.jpa.JpaTransactionManager - Participating in existing transaction
2026-03-16 17:00:45 [http-nio-8080-exec-10] DEBUG c.c.p.s.jwt.JwtAuthenticationFilter - >>> [JwtFilter] Processing request: GET /api/v1/notifications
2026-03-16 17:00:45 [http-nio-8080-exec-2] DEBUG org.hibernate.SQL - select ua1_0.scrty_dtrmn_trget_id,ua1_0.author_code,ua1_0.frst_register_id,ua1_0.frst_regist_pnttm,ua1_0.last_updusr_id,ua1_0.last_updt_pnttm,ua1_0.mber_ty_code from nemplyrscrtyestbs ua1_0 where ua1_0.scrty_dtrmn_trget_id=?
2026-03-16 17:00:45 [http-nio-8080-exec-10] DEBUG c.c.p.s.jwt.JwtAuthenticationFilter - >>> [JwtFilter] Found token in header for path: /api/v1/notifications
2026-03-16 17:00:45 [http-nio-8080-exec-10] DEBUG o.s.orm.jpa.JpaTransactionManager - Creating new transaction with name [com.company.project.security.iam.CustomUserDetailsService.loadUserByUsername]: PROPAGATION_REQUIRED,ISOLATION_DEFAULT,readOnly
2026-03-16 17:00:45 [http-nio-8080-exec-10] DEBUG o.s.orm.jpa.JpaTransactionManager - Opened new EntityManager [SessionImpl(1811793963<open>)] for JPA transaction
2026-03-16 17:00:45 [http-nio-8080-exec-1] DEBUG c.c.p.s.jwt.JwtAuthenticationFilter - >>> [JwtFilter] Processing request: GET /api/v1/notifications/unread-count
2026-03-16 17:00:45 [http-nio-8080-exec-1] DEBUG c.c.p.s.jwt.JwtAuthenticationFilter - >>> [JwtFilter] Found token in header for path: /api/v1/notifications/unread-count
2026-03-16 17:00:45 [http-nio-8080-exec-1] DEBUG o.s.orm.jpa.JpaTransactionManager - Creating new transaction with name [com.company.project.security.iam.CustomUserDetailsService.loadUserByUsername]: PROPAGATION_REQUIRED,ISOLATION_DEFAULT,readOnly
2026-03-16 17:00:45 [http-nio-8080-exec-1] DEBUG o.s.orm.jpa.JpaTransactionManager - Opened new EntityManager [SessionImpl(2090487519<open>)] for JPA transaction
2026-03-16 17:00:45 [http-nio-8080-exec-2] DEBUG o.s.orm.jpa.JpaTransactionManager - Initiating transaction commit
2026-03-16 17:00:45 [http-nio-8080-exec-2] DEBUG o.s.orm.jpa.JpaTransactionManager - Committing JPA transaction on EntityManager [SessionImpl(88848988<open>)]
2026-03-16 17:00:45 [http-nio-8080-exec-10] DEBUG o.s.orm.jpa.JpaTransactionManager - Exposing JPA transaction as JDBC [org.springframework.orm.jpa.vendor.HibernateJpaDialect$HibernateConnectionHandle@67664633]
2026-03-16 17:00:45 [http-nio-8080-exec-10] DEBUG o.s.orm.jpa.JpaTransactionManager - Found thread-bound EntityManager [SessionImpl(1811793963<open>)] for JPA transaction
2026-03-16 17:00:45 [http-nio-8080-exec-10] DEBUG o.s.orm.jpa.JpaTransactionManager - Participating in existing transaction
2026-03-16 17:00:45 [http-nio-8080-exec-10] DEBUG org.hibernate.SQL - select u1_0.emplyr_id,u1_0.area_no,u1_0.brthdy,u1_0.chg_pwd_cnt,u1_0.frst_register_id,u1_0.frst_regist_pnttm,u1_0.detail_adres,u1_0.email_adres,u1_0.emplyr_sttus_code,u1_0.empl_no,u1_0.esntl_id,u1_0.fxnum,u1_0.group_id,u1_0.house_adres,u1_0.house_end_telno,u1_0.house_middle_telno,u1_0.ihidnum,u1_0.pstinst_code,u1_0.last_updusr_id,u1_0.last_updt_pnttm,u1_0.lock_at,u1_0.lock_cnt,u1_0.lock_last_pnttm,u1_0.mbtlnum,u1_0.ofcps_nm,u1_0.offm_telno,u1_0.orgnzt_id,u1_0.password,u1_0.password_cnsr,u1_0.password_hint,u1_0.chg_pwd_last_pnttm,u1_0.role,u1_0.sbscrb_de,u1_0.sexdstn_code,u1_0.crtfc_dn_value,u1_0.user_nm,u1_0.zip from nemplyrinfo u1_0 where u1_0.emplyr_id=?
2026-03-16 17:00:45 [http-nio-8080-exec-1] DEBUG o.s.orm.jpa.JpaTransactionManager - Exposing JPA transaction as JDBC [org.springframework.orm.jpa.vendor.HibernateJpaDialect$HibernateConnectionHandle@1c6eb0b]
2026-03-16 17:00:45 [http-nio-8080-exec-1] DEBUG o.s.orm.jpa.JpaTransactionManager - Found thread-bound EntityManager [SessionImpl(2090487519<open>)] for JPA transaction
2026-03-16 17:00:45 [http-nio-8080-exec-1] DEBUG o.s.orm.jpa.JpaTransactionManager - Participating in existing transaction
2026-03-16 17:00:45 [http-nio-8080-exec-1] DEBUG org.hibernate.SQL - select u1_0.emplyr_id,u1_0.area_no,u1_0.brthdy,u1_0.chg_pwd_cnt,u1_0.frst_register_id,u1_0.frst_regist_pnttm,u1_0.detail_adres,u1_0.email_adres,u1_0.emplyr_sttus_code,u1_0.empl_no,u1_0.esntl_id,u1_0.fxnum,u1_0.group_id,u1_0.house_adres,u1_0.house_end_telno,u1_0.house_middle_telno,u1_0.ihidnum,u1_0.pstinst_code,u1_0.last_updusr_id,u1_0.last_updt_pnttm,u1_0.lock_at,u1_0.lock_cnt,u1_0.lock_last_pnttm,u1_0.mbtlnum,u1_0.ofcps_nm,u1_0.offm_telno,u1_0.orgnzt_id,u1_0.password,u1_0.password_cnsr,u1_0.password_hint,u1_0.chg_pwd_last_pnttm,u1_0.role,u1_0.sbscrb_de,u1_0.sexdstn_code,u1_0.crtfc_dn_value,u1_0.user_nm,u1_0.zip from nemplyrinfo u1_0 where u1_0.emplyr_id=?
2026-03-16 17:00:45 [http-nio-8080-exec-2] DEBUG o.s.orm.jpa.JpaTransactionManager - Closing JPA EntityManager [SessionImpl(88848988<open>)] after transaction
2026-03-16 17:00:45 [http-nio-8080-exec-2] DEBUG c.c.p.s.jwt.JwtAuthenticationFilter - >>> [JwtFilter] Successfully authenticated user: USRCNFRM_99999999999, Authorities: [ROLE_ADMIN]
2026-03-16 17:00:45 [http-nio-8080-exec-2] DEBUG o.s.web.servlet.DispatcherServlet - GET "/api/v1/menu/left?menuNo=40", parameters={masked}
2026-03-16 17:00:45 [http-nio-8080-exec-2] TRACE o.s.w.s.m.m.a.RequestMappingHandlerMapping - Mapped to com.company.project.api.controller.menu.MenuController#getLeftMenu(Long)
2026-03-16 17:00:45 [http-nio-8080-exec-2] INFO  c.c.p.a.c.menu.MenuController - getLeftMenu called with menuNo=40
2026-03-16 17:00:45 [http-nio-8080-exec-2] DEBUG o.s.orm.jpa.JpaTransactionManager - Creating new transaction with name [com.company.project.service.menu.MenuService.getSubMenus]: PROPAGATION_REQUIRED,ISOLATION_DEFAULT,readOnly
2026-03-16 17:00:45 [http-nio-8080-exec-2] DEBUG o.s.orm.jpa.JpaTransactionManager - Opened new EntityManager [SessionImpl(1240875910<open>)] for JPA transaction
2026-03-16 17:00:45 [http-nio-8080-exec-2] DEBUG o.s.orm.jpa.JpaTransactionManager - Exposing JPA transaction as JDBC [org.springframework.orm.jpa.vendor.HibernateJpaDialect$HibernateConnectionHandle@58627624]
2026-03-16 17:00:45 [http-nio-8080-exec-2] DEBUG org.hibernate.SQL - select m1_0.menu_no,m1_0.menu_dc,m1_0.menu_nm,m1_0.menu_ordr,m1_0.modern_route,m1_0.progrm_file_nm,m1_0.relate_image_nm,m1_0.relate_image_path,m1_0.route_updated_at,m1_0.upper_menu_no from nmenuinfo m1_0 order by m1_0.upper_menu_no,m1_0.menu_ordr
2026-03-16 17:00:45 [http-nio-8080-exec-10] DEBUG o.s.orm.jpa.JpaTransactionManager - Found thread-bound EntityManager [SessionImpl(1811793963<open>)] for JPA transaction
2026-03-16 17:00:45 [http-nio-8080-exec-10] DEBUG o.s.orm.jpa.JpaTransactionManager - Participating in existing transaction
2026-03-16 17:00:45 [http-nio-8080-exec-10] DEBUG org.hibernate.SQL - select ua1_0.scrty_dtrmn_trget_id,ua1_0.author_code,ua1_0.frst_register_id,ua1_0.frst_regist_pnttm,ua1_0.last_updusr_id,ua1_0.last_updt_pnttm,ua1_0.mber_ty_code from nemplyrscrtyestbs ua1_0 where ua1_0.scrty_dtrmn_trget_id=?
2026-03-16 17:00:45 [http-nio-8080-exec-1] DEBUG o.s.orm.jpa.JpaTransactionManager - Found thread-bound EntityManager [SessionImpl(2090487519<open>)] for JPA transaction
2026-03-16 17:00:45 [http-nio-8080-exec-1] DEBUG o.s.orm.jpa.JpaTransactionManager - Participating in existing transaction
2026-03-16 17:00:45 [http-nio-8080-exec-1] DEBUG org.hibernate.SQL - select ua1_0.scrty_dtrmn_trget_id,ua1_0.author_code,ua1_0.frst_register_id,ua1_0.frst_regist_pnttm,ua1_0.last_updusr_id,ua1_0.last_updt_pnttm,ua1_0.mber_ty_code from nemplyrscrtyestbs ua1_0 where ua1_0.scrty_dtrmn_trget_id=?
2026-03-16 17:00:45 [http-nio-8080-exec-10] DEBUG o.s.orm.jpa.JpaTransactionManager - Initiating transaction commit
2026-03-16 17:00:45 [http-nio-8080-exec-10] DEBUG o.s.orm.jpa.JpaTransactionManager - Committing JPA transaction on EntityManager [SessionImpl(1811793963<open>)]
2026-03-16 17:00:45 [http-nio-8080-exec-1] DEBUG o.s.orm.jpa.JpaTransactionManager - Initiating transaction commit
2026-03-16 17:00:45 [http-nio-8080-exec-1] DEBUG o.s.orm.jpa.JpaTransactionManager - Committing JPA transaction on EntityManager [SessionImpl(2090487519<open>)]
2026-03-16 17:00:45 [http-nio-8080-exec-2] DEBUG o.s.orm.jpa.JpaTransactionManager - Found thread-bound EntityManager [SessionImpl(1240875910<open>)] for JPA transaction
2026-03-16 17:00:45 [http-nio-8080-exec-2] DEBUG o.s.orm.jpa.JpaTransactionManager - Participating in existing transaction
2026-03-16 17:00:45 [http-nio-8080-exec-2] DEBUG org.hibernate.SQL - select p1_0.progrm_file_nm,p1_0.progrm_dc,p1_0.progrm_korean_nm,p1_0.progrm_stre_path,p1_0.url from nprogrmlist p1_0
2026-03-16 17:00:45 [http-nio-8080-exec-10] DEBUG o.s.orm.jpa.JpaTransactionManager - Closing JPA EntityManager [SessionImpl(1811793963<open>)] after transaction
2026-03-16 17:00:45 [http-nio-8080-exec-10] DEBUG c.c.p.s.jwt.JwtAuthenticationFilter - >>> [JwtFilter] Successfully authenticated user: USRCNFRM_99999999999, Authorities: [ROLE_ADMIN]
2026-03-16 17:00:45 [http-nio-8080-exec-10] DEBUG o.s.web.servlet.DispatcherServlet - GET "/api/v1/notifications", parameters={}
2026-03-16 17:00:45 [http-nio-8080-exec-10] TRACE o.s.w.s.m.m.a.RequestMappingHandlerMapping - Mapped to com.company.project.api.controller.notification.NotificationController#getMyNotifications(UserDetails)
2026-03-16 17:00:45 [http-nio-8080-exec-10] DEBUG o.s.orm.jpa.JpaTransactionManager - Creating new transaction with name [com.company.project.service.notification.NotificationService.getActiveNotifications]: PROPAGATION_REQUIRED,ISOLATION_DEFAULT,readOnly
2026-03-16 17:00:45 [http-nio-8080-exec-10] DEBUG o.s.orm.jpa.JpaTransactionManager - Opened new EntityManager [SessionImpl(623907655<open>)] for JPA transaction
2026-03-16 17:00:45 [http-nio-8080-exec-10] DEBUG o.s.orm.jpa.JpaTransactionManager - Exposing JPA transaction as JDBC [org.springframework.orm.jpa.vendor.HibernateJpaDialect$HibernateConnectionHandle@6719e55f]
2026-03-16 17:00:45 [http-nio-8080-exec-10] DEBUG o.s.orm.jpa.JpaTransactionManager - Found thread-bound EntityManager [SessionImpl(623907655<open>)] for JPA transaction
2026-03-16 17:00:45 [http-nio-8080-exec-10] DEBUG o.s.orm.jpa.JpaTransactionManager - Participating in existing transaction
2026-03-16 17:00:45 [http-nio-8080-exec-10] DEBUG org.hibernate.SQL - select n1_0.ntcn_no,n1_0.frst_register_id,n1_0.frst_regist_pnttm,n1_0.is_read,n1_0.last_updusr_id,n1_0.last_updt_pnttm,n1_0.link_url,n1_0.ntcn_cn,n1_0.ntcn_sj,n1_0.receiver_id from n_user_notification n1_0
2026-03-16 17:00:46 [http-nio-8080-exec-1] DEBUG o.s.orm.jpa.JpaTransactionManager - Closing JPA EntityManager [SessionImpl(2090487519<open>)] after transaction
2026-03-16 17:00:46 [http-nio-8080-exec-1] DEBUG c.c.p.s.jwt.JwtAuthenticationFilter - >>> [JwtFilter] Successfully authenticated user: USRCNFRM_99999999999, Authorities: [ROLE_ADMIN]
2026-03-16 17:00:46 [http-nio-8080-exec-1] DEBUG o.s.web.servlet.DispatcherServlet - GET "/api/v1/notifications/unread-count", parameters={}
2026-03-16 17:00:46 [http-nio-8080-exec-1] TRACE o.s.w.s.m.m.a.RequestMappingHandlerMapping - Mapped to com.company.project.api.controller.notification.NotificationController#getUnreadCount(UserDetails)
2026-03-16 17:00:46 [http-nio-8080-exec-1] DEBUG o.s.orm.jpa.JpaTransactionManager - Creating new transaction with name [com.company.project.service.notification.NotificationService.getUnreadCount]: PROPAGATION_REQUIRED,ISOLATION_DEFAULT,readOnly
2026-03-16 17:00:46 [http-nio-8080-exec-1] DEBUG o.s.orm.jpa.JpaTransactionManager - Opened new EntityManager [SessionImpl(1476639504<open>)] for JPA transaction
2026-03-16 17:00:46 [http-nio-8080-exec-1] DEBUG o.s.orm.jpa.JpaTransactionManager - Exposing JPA transaction as JDBC [org.springframework.orm.jpa.vendor.HibernateJpaDialect$HibernateConnectionHandle@1502342b]
2026-03-16 17:00:46 [http-nio-8080-exec-1] DEBUG org.hibernate.SQL - select count(n1_0.ntcn_no) from n_user_notification n1_0 where n1_0.receiver_id=? and n1_0.is_read=?
2026-03-16 17:00:46 [http-nio-8080-exec-2] DEBUG o.s.orm.jpa.JpaTransactionManager - Initiating transaction commit
2026-03-16 17:00:46 [http-nio-8080-exec-2] DEBUG o.s.orm.jpa.JpaTransactionManager - Committing JPA transaction on EntityManager [SessionImpl(1240875910<open>)]
2026-03-16 17:00:46 [http-nio-8080-exec-10] DEBUG o.s.orm.jpa.JpaTransactionManager - Initiating transaction commit
2026-03-16 17:00:46 [http-nio-8080-exec-10] DEBUG o.s.orm.jpa.JpaTransactionManager - Committing JPA transaction on EntityManager [SessionImpl(623907655<open>)]
2026-03-16 17:00:46 [http-nio-8080-exec-1] DEBUG o.s.orm.jpa.JpaTransactionManager - Initiating transaction commit
2026-03-16 17:00:46 [http-nio-8080-exec-1] DEBUG o.s.orm.jpa.JpaTransactionManager - Committing JPA transaction on EntityManager [SessionImpl(1476639504<open>)]
2026-03-16 17:00:46 [http-nio-8080-exec-2] DEBUG o.s.orm.jpa.JpaTransactionManager - Closing JPA EntityManager [SessionImpl(1240875910<open>)] after transaction
2026-03-16 17:00:46 [http-nio-8080-exec-2] INFO  c.c.p.a.c.menu.MenuController - getLeftMenu returned 2 items
2026-03-16 17:00:46 [http-nio-8080-exec-2] DEBUG o.s.w.s.m.m.a.HttpEntityMethodProcessor - Using 'application/json', given [application/json, text/plain, */*] and supported [application/json, application/*+json, application/yaml]
2026-03-16 17:00:46 [http-nio-8080-exec-2] TRACE o.s.w.s.m.m.a.HttpEntityMethodProcessor - Writing [ApiResponse[success=true, status=200, code=COMMON_001, message=Success, data={list=[com.company.project.service.menu.dto.MenuDto@7ee95dd3, com.company.project.service.menu.dto.MenuDto@4b5baa15]}, timestamp=2026-03-16T17:00:46.244726100]]
2026-03-16 17:00:46 [http-nio-8080-exec-2] INFO  c.c.p.a.i.OperationalAuditInterceptor - API Audit Log: URL=/api/v1/menu/left, User=webmaster, IP=127.0.0.1
2026-03-16 17:00:46 [http-nio-8080-exec-2] DEBUG o.s.web.servlet.DispatcherServlet - Completed 200 OK
2026-03-16 17:00:46 [http-nio-8080-exec-10] DEBUG o.s.orm.jpa.JpaTransactionManager - Closing JPA EntityManager [SessionImpl(623907655<open>)] after transaction
2026-03-16 17:00:46 [http-nio-8080-exec-10] DEBUG o.s.w.s.m.m.a.HttpEntityMethodProcessor - Using 'application/json', given [application/json, text/plain, */*] and supported [application/json, application/*+json, application/yaml]
2026-03-16 17:00:46 [http-nio-8080-exec-10] TRACE o.s.w.s.m.m.a.HttpEntityMethodProcessor - Writing [ApiResponse[success=true, status=200, code=COMMON_001, message=Success, data=[NotificationDto(ntfcNo=NT001, ntfcSj=테스트 알림입니다, ntfcCn=알림 내용입니다, ntfcDate=null, ntfcTime=2026-02-25T00:59:33.784070, bhNtfcIntrvl=null, uniqId=null, frstRegisterId=null, frstRegisterPnttm=2026-02-25T00:59:33.784070, lastUpdusrId=null, lastUpdusrPnttm=null)], timestamp=2026-03-16T17:00:46.276048100]]
2026-03-16 17:00:46 [http-nio-8080-exec-10] INFO  c.c.p.a.i.OperationalAuditInterceptor - API Audit Log: URL=/api/v1/notifications, User=webmaster, IP=127.0.0.1
2026-03-16 17:00:46 [http-nio-8080-exec-10] DEBUG o.s.web.servlet.DispatcherServlet - Completed 200 OK
2026-03-16 17:00:46 [http-nio-8080-exec-1] DEBUG o.s.orm.jpa.JpaTransactionManager - Closing JPA EntityManager [SessionImpl(1476639504<open>)] after transaction
2026-03-16 17:00:46 [http-nio-8080-exec-1] DEBUG o.s.w.s.m.m.a.HttpEntityMethodProcessor - Using 'application/json', given [application/json, text/plain, */*] and supported [application/json, application/*+json, application/yaml]
2026-03-16 17:00:46 [http-nio-8080-exec-1] TRACE o.s.w.s.m.m.a.HttpEntityMethodProcessor - Writing [ApiResponse[success=true, status=200, code=COMMON_001, message=Success, data=0, timestamp=2026-03-16T17:00:46.360475]]
2026-03-16 17:00:46 [http-nio-8080-exec-1] INFO  c.c.p.a.i.OperationalAuditInterceptor - API Audit Log: URL=/api/v1/notifications/unread-count, User=webmaster, IP=127.0.0.1
2026-03-16 17:00:46 [http-nio-8080-exec-1] DEBUG o.s.web.servlet.DispatcherServlet - Completed 200 OK
2026-03-16 17:00:46 [MessageBroker-6] DEBUG o.s.w.s.s.t.h.DefaultSockJsService - Closed 1 sessions: [ne0514fi]
2026-03-16 17:00:46 [http-nio-8080-exec-8] DEBUG c.c.p.s.jwt.JwtAuthenticationFilter - >>> [JwtFilter] Processing request: GET /api/v1/menu/left
2026-03-16 17:00:46 [http-nio-8080-exec-8] DEBUG c.c.p.s.jwt.JwtAuthenticationFilter - >>> [JwtFilter] Found token in header for path: /api/v1/menu/left
2026-03-16 17:00:46 [http-nio-8080-exec-8] DEBUG o.s.orm.jpa.JpaTransactionManager - Creating new transaction with name [com.company.project.security.iam.CustomUserDetailsService.loadUserByUsername]: PROPAGATION_REQUIRED,ISOLATION_DEFAULT,readOnly
2026-03-16 17:00:46 [http-nio-8080-exec-8] DEBUG o.s.orm.jpa.JpaTransactionManager - Opened new EntityManager [SessionImpl(1997495941<open>)] for JPA transaction
2026-03-16 17:00:46 [http-nio-8080-exec-8] DEBUG o.s.orm.jpa.JpaTransactionManager - Exposing JPA transaction as JDBC [org.springframework.orm.jpa.vendor.HibernateJpaDialect$HibernateConnectionHandle@5a6be28d]
2026-03-16 17:00:46 [http-nio-8080-exec-8] DEBUG o.s.orm.jpa.JpaTransactionManager - Found thread-bound EntityManager [SessionImpl(1997495941<open>)] for JPA transaction
2026-03-16 17:00:46 [http-nio-8080-exec-8] DEBUG o.s.orm.jpa.JpaTransactionManager - Participating in existing transaction
2026-03-16 17:00:46 [http-nio-8080-exec-8] DEBUG org.hibernate.SQL - select u1_0.emplyr_id,u1_0.area_no,u1_0.brthdy,u1_0.chg_pwd_cnt,u1_0.frst_register_id,u1_0.frst_regist_pnttm,u1_0.detail_adres,u1_0.email_adres,u1_0.emplyr_sttus_code,u1_0.empl_no,u1_0.esntl_id,u1_0.fxnum,u1_0.group_id,u1_0.house_adres,u1_0.house_end_telno,u1_0.house_middle_telno,u1_0.ihidnum,u1_0.pstinst_code,u1_0.last_updusr_id,u1_0.last_updt_pnttm,u1_0.lock_at,u1_0.lock_cnt,u1_0.lock_last_pnttm,u1_0.mbtlnum,u1_0.ofcps_nm,u1_0.offm_telno,u1_0.orgnzt_id,u1_0.password,u1_0.password_cnsr,u1_0.password_hint,u1_0.chg_pwd_last_pnttm,u1_0.role,u1_0.sbscrb_de,u1_0.sexdstn_code,u1_0.crtfc_dn_value,u1_0.user_nm,u1_0.zip from nemplyrinfo u1_0 where u1_0.emplyr_id=?
2026-03-16 17:00:46 [http-nio-8080-exec-8] DEBUG o.s.orm.jpa.JpaTransactionManager - Found thread-bound EntityManager [SessionImpl(1997495941<open>)] for JPA transaction
2026-03-16 17:00:46 [http-nio-8080-exec-8] DEBUG o.s.orm.jpa.JpaTransactionManager - Participating in existing transaction
2026-03-16 17:00:46 [http-nio-8080-exec-8] DEBUG org.hibernate.SQL - select ua1_0.scrty_dtrmn_trget_id,ua1_0.author_code,ua1_0.frst_register_id,ua1_0.frst_regist_pnttm,ua1_0.last_updusr_id,ua1_0.last_updt_pnttm,ua1_0.mber_ty_code from nemplyrscrtyestbs ua1_0 where ua1_0.scrty_dtrmn_trget_id=?
2026-03-16 17:00:47 [http-nio-8080-exec-8] DEBUG o.s.orm.jpa.JpaTransactionManager - Initiating transaction commit
2026-03-16 17:00:47 [http-nio-8080-exec-8] DEBUG o.s.orm.jpa.JpaTransactionManager - Committing JPA transaction on EntityManager [SessionImpl(1997495941<open>)]
2026-03-16 17:00:47 [http-nio-8080-exec-8] DEBUG o.s.orm.jpa.JpaTransactionManager - Closing JPA EntityManager [SessionImpl(1997495941<open>)] after transaction
2026-03-16 17:00:47 [http-nio-8080-exec-8] DEBUG c.c.p.s.jwt.JwtAuthenticationFilter - >>> [JwtFilter] Successfully authenticated user: USRCNFRM_99999999999, Authorities: [ROLE_ADMIN]
2026-03-16 17:00:47 [http-nio-8080-exec-8] DEBUG o.s.web.servlet.DispatcherServlet - GET "/api/v1/menu/left?menuNo=50", parameters={masked}
2026-03-16 17:00:47 [http-nio-8080-exec-8] TRACE o.s.w.s.m.m.a.RequestMappingHandlerMapping - Mapped to com.company.project.api.controller.menu.MenuController#getLeftMenu(Long)
2026-03-16 17:00:47 [http-nio-8080-exec-8] INFO  c.c.p.a.c.menu.MenuController - getLeftMenu called with menuNo=50
2026-03-16 17:00:47 [http-nio-8080-exec-8] DEBUG o.s.orm.jpa.JpaTransactionManager - Creating new transaction with name [com.company.project.service.menu.MenuService.getSubMenus]: PROPAGATION_REQUIRED,ISOLATION_DEFAULT,readOnly
2026-03-16 17:00:47 [http-nio-8080-exec-8] DEBUG o.s.orm.jpa.JpaTransactionManager - Opened new EntityManager [SessionImpl(2133586798<open>)] for JPA transaction
2026-03-16 17:00:47 [http-nio-8080-exec-8] DEBUG o.s.orm.jpa.JpaTransactionManager - Exposing JPA transaction as JDBC [org.springframework.orm.jpa.vendor.HibernateJpaDialect$HibernateConnectionHandle@6dae0ee7]
2026-03-16 17:00:47 [http-nio-8080-exec-8] DEBUG org.hibernate.SQL - select m1_0.menu_no,m1_0.menu_dc,m1_0.menu_nm,m1_0.menu_ordr,m1_0.modern_route,m1_0.progrm_file_nm,m1_0.relate_image_nm,m1_0.relate_image_path,m1_0.route_updated_at,m1_0.upper_menu_no from nmenuinfo m1_0 order by m1_0.upper_menu_no,m1_0.menu_ordr
2026-03-16 17:00:47 [http-nio-8080-exec-8] DEBUG o.s.orm.jpa.JpaTransactionManager - Found thread-bound EntityManager [SessionImpl(2133586798<open>)] for JPA transaction
2026-03-16 17:00:47 [http-nio-8080-exec-8] DEBUG o.s.orm.jpa.JpaTransactionManager - Participating in existing transaction
2026-03-16 17:00:47 [http-nio-8080-exec-8] DEBUG org.hibernate.SQL - select p1_0.progrm_file_nm,p1_0.progrm_dc,p1_0.progrm_korean_nm,p1_0.progrm_stre_path,p1_0.url from nprogrmlist p1_0
2026-03-16 17:00:47 [http-nio-8080-exec-2] DEBUG c.c.p.s.jwt.JwtAuthenticationFilter - >>> [JwtFilter] Processing request: GET /api/v1/admin/system/programs
2026-03-16 17:00:47 [http-nio-8080-exec-10] DEBUG c.c.p.s.jwt.JwtAuthenticationFilter - >>> [JwtFilter] Processing request: GET /api/v1/admin/system/menus/all
2026-03-16 17:00:47 [http-nio-8080-exec-7] DEBUG c.c.p.s.jwt.JwtAuthenticationFilter - >>> [JwtFilter] Processing request: GET /api/v1/menu/head
2026-03-16 17:00:47 [http-nio-8080-exec-2] DEBUG c.c.p.s.jwt.JwtAuthenticationFilter - >>> [JwtFilter] Found token in header for path: /api/v1/admin/system/programs
2026-03-16 17:00:47 [http-nio-8080-exec-7] DEBUG c.c.p.s.jwt.JwtAuthenticationFilter - >>> [JwtFilter] Found token in header for path: /api/v1/menu/head
2026-03-16 17:00:47 [http-nio-8080-exec-10] DEBUG c.c.p.s.jwt.JwtAuthenticationFilter - >>> [JwtFilter] Found token in header for path: /api/v1/admin/system/menus/all
2026-03-16 17:00:47 [http-nio-8080-exec-2] DEBUG o.s.orm.jpa.JpaTransactionManager - Creating new transaction with name [com.company.project.security.iam.CustomUserDetailsService.loadUserByUsername]: PROPAGATION_REQUIRED,ISOLATION_DEFAULT,readOnly
2026-03-16 17:00:47 [http-nio-8080-exec-7] DEBUG o.s.orm.jpa.JpaTransactionManager - Creating new transaction with name [com.company.project.security.iam.CustomUserDetailsService.loadUserByUsername]: PROPAGATION_REQUIRED,ISOLATION_DEFAULT,readOnly
2026-03-16 17:00:47 [http-nio-8080-exec-2] DEBUG o.s.orm.jpa.JpaTransactionManager - Opened new EntityManager [SessionImpl(146239137<open>)] for JPA transaction
2026-03-16 17:00:47 [http-nio-8080-exec-7] DEBUG o.s.orm.jpa.JpaTransactionManager - Opened new EntityManager [SessionImpl(869184545<open>)] for JPA transaction
2026-03-16 17:00:47 [http-nio-8080-exec-10] DEBUG o.s.orm.jpa.JpaTransactionManager - Creating new transaction with name [com.company.project.security.iam.CustomUserDetailsService.loadUserByUsername]: PROPAGATION_REQUIRED,ISOLATION_DEFAULT,readOnly
2026-03-16 17:00:47 [http-nio-8080-exec-10] DEBUG o.s.orm.jpa.JpaTransactionManager - Opened new EntityManager [SessionImpl(448011261<open>)] for JPA transaction
2026-03-16 17:00:47 [http-nio-8080-exec-1] DEBUG c.c.p.s.jwt.JwtAuthenticationFilter - >>> [JwtFilter] Processing request: GET /api/v1/menu/head
2026-03-16 17:00:47 [http-nio-8080-exec-4] DEBUG c.c.p.s.jwt.JwtAuthenticationFilter - >>> [JwtFilter] Processing request: GET /api/v1/dashboard
2026-03-16 17:00:47 [http-nio-8080-exec-1] DEBUG c.c.p.s.jwt.JwtAuthenticationFilter - >>> [JwtFilter] Found token in header for path: /api/v1/menu/head
2026-03-16 17:00:47 [http-nio-8080-exec-4] DEBUG c.c.p.s.jwt.JwtAuthenticationFilter - >>> [JwtFilter] Found token in header for path: /api/v1/dashboard
2026-03-16 17:00:47 [http-nio-8080-exec-4] DEBUG o.s.orm.jpa.JpaTransactionManager - Creating new transaction with name [com.company.project.security.iam.CustomUserDetailsService.loadUserByUsername]: PROPAGATION_REQUIRED,ISOLATION_DEFAULT,readOnly
2026-03-16 17:00:47 [http-nio-8080-exec-1] DEBUG o.s.orm.jpa.JpaTransactionManager - Creating new transaction with name [com.company.project.security.iam.CustomUserDetailsService.loadUserByUsername]: PROPAGATION_REQUIRED,ISOLATION_DEFAULT,readOnly
2026-03-16 17:00:47 [http-nio-8080-exec-4] DEBUG o.s.orm.jpa.JpaTransactionManager - Opened new EntityManager [SessionImpl(141485140<open>)] for JPA transaction
2026-03-16 17:00:47 [http-nio-8080-exec-1] DEBUG o.s.orm.jpa.JpaTransactionManager - Opened new EntityManager [SessionImpl(2134581128<open>)] for JPA transaction
2026-03-16 17:00:47 [http-nio-8080-exec-6] DEBUG c.c.p.s.jwt.JwtAuthenticationFilter - >>> [JwtFilter] Processing request: GET /api/v1/menu/head
2026-03-16 17:00:47 [http-nio-8080-exec-6] DEBUG c.c.p.s.jwt.JwtAuthenticationFilter - >>> [JwtFilter] Found token in header for path: /api/v1/menu/head
2026-03-16 17:00:47 [http-nio-8080-exec-6] DEBUG o.s.orm.jpa.JpaTransactionManager - Creating new transaction with name [com.company.project.security.iam.CustomUserDetailsService.loadUserByUsername]: PROPAGATION_REQUIRED,ISOLATION_DEFAULT,readOnly
2026-03-16 17:00:47 [http-nio-8080-exec-6] DEBUG o.s.orm.jpa.JpaTransactionManager - Opened new EntityManager [SessionImpl(548970606<open>)] for JPA transaction
2026-03-16 17:00:47 [http-nio-8080-exec-8] DEBUG o.s.orm.jpa.JpaTransactionManager - Initiating transaction commit
2026-03-16 17:00:47 [http-nio-8080-exec-8] DEBUG o.s.orm.jpa.JpaTransactionManager - Committing JPA transaction on EntityManager [SessionImpl(2133586798<open>)]
2026-03-16 17:00:47 [http-nio-8080-exec-1] DEBUG o.s.orm.jpa.JpaTransactionManager - Exposing JPA transaction as JDBC [org.springframework.orm.jpa.vendor.HibernateJpaDialect$HibernateConnectionHandle@11599d75]
2026-03-16 17:00:47 [http-nio-8080-exec-2] DEBUG o.s.orm.jpa.JpaTransactionManager - Exposing JPA transaction as JDBC [org.springframework.orm.jpa.vendor.HibernateJpaDialect$HibernateConnectionHandle@1727bb1]
2026-03-16 17:00:47 [http-nio-8080-exec-4] DEBUG o.s.orm.jpa.JpaTransactionManager - Exposing JPA transaction as JDBC [org.springframework.orm.jpa.vendor.HibernateJpaDialect$HibernateConnectionHandle@4f71dff]
2026-03-16 17:00:47 [http-nio-8080-exec-1] DEBUG o.s.orm.jpa.JpaTransactionManager - Found thread-bound EntityManager [SessionImpl(2134581128<open>)] for JPA transaction
2026-03-16 17:00:47 [http-nio-8080-exec-2] DEBUG o.s.orm.jpa.JpaTransactionManager - Found thread-bound EntityManager [SessionImpl(146239137<open>)] for JPA transaction
2026-03-16 17:00:47 [http-nio-8080-exec-1] DEBUG o.s.orm.jpa.JpaTransactionManager - Participating in existing transaction
2026-03-16 17:00:47 [http-nio-8080-exec-4] DEBUG o.s.orm.jpa.JpaTransactionManager - Found thread-bound EntityManager [SessionImpl(141485140<open>)] for JPA transaction
2026-03-16 17:00:47 [http-nio-8080-exec-2] DEBUG o.s.orm.jpa.JpaTransactionManager - Participating in existing transaction
2026-03-16 17:00:47 [http-nio-8080-exec-4] DEBUG o.s.orm.jpa.JpaTransactionManager - Participating in existing transaction
2026-03-16 17:00:47 [http-nio-8080-exec-1] DEBUG org.hibernate.SQL - select u1_0.emplyr_id,u1_0.area_no,u1_0.brthdy,u1_0.chg_pwd_cnt,u1_0.frst_register_id,u1_0.frst_regist_pnttm,u1_0.detail_adres,u1_0.email_adres,u1_0.emplyr_sttus_code,u1_0.empl_no,u1_0.esntl_id,u1_0.fxnum,u1_0.group_id,u1_0.house_adres,u1_0.house_end_telno,u1_0.house_middle_telno,u1_0.ihidnum,u1_0.pstinst_code,u1_0.last_updusr_id,u1_0.last_updt_pnttm,u1_0.lock_at,u1_0.lock_cnt,u1_0.lock_last_pnttm,u1_0.mbtlnum,u1_0.ofcps_nm,u1_0.offm_telno,u1_0.orgnzt_id,u1_0.password,u1_0.password_cnsr,u1_0.password_hint,u1_0.chg_pwd_last_pnttm,u1_0.role,u1_0.sbscrb_de,u1_0.sexdstn_code,u1_0.crtfc_dn_value,u1_0.user_nm,u1_0.zip from nemplyrinfo u1_0 where u1_0.emplyr_id=?
2026-03-16 17:00:47 [http-nio-8080-exec-2] DEBUG org.hibernate.SQL - select u1_0.emplyr_id,u1_0.area_no,u1_0.brthdy,u1_0.chg_pwd_cnt,u1_0.frst_register_id,u1_0.frst_regist_pnttm,u1_0.detail_adres,u1_0.email_adres,u1_0.emplyr_sttus_code,u1_0.empl_no,u1_0.esntl_id,u1_0.fxnum,u1_0.group_id,u1_0.house_adres,u1_0.house_end_telno,u1_0.house_middle_telno,u1_0.ihidnum,u1_0.pstinst_code,u1_0.last_updusr_id,u1_0.last_updt_pnttm,u1_0.lock_at,u1_0.lock_cnt,u1_0.lock_last_pnttm,u1_0.mbtlnum,u1_0.ofcps_nm,u1_0.offm_telno,u1_0.orgnzt_id,u1_0.password,u1_0.password_cnsr,u1_0.password_hint,u1_0.chg_pwd_last_pnttm,u1_0.role,u1_0.sbscrb_de,u1_0.sexdstn_code,u1_0.crtfc_dn_value,u1_0.user_nm,u1_0.zip from nemplyrinfo u1_0 where u1_0.emplyr_id=?
2026-03-16 17:00:47 [http-nio-8080-exec-4] DEBUG org.hibernate.SQL - select u1_0.emplyr_id,u1_0.area_no,u1_0.brthdy,u1_0.chg_pwd_cnt,u1_0.frst_register_id,u1_0.frst_regist_pnttm,u1_0.detail_adres,u1_0.email_adres,u1_0.emplyr_sttus_code,u1_0.empl_no,u1_0.esntl_id,u1_0.fxnum,u1_0.group_id,u1_0.house_adres,u1_0.house_end_telno,u1_0.house_middle_telno,u1_0.ihidnum,u1_0.pstinst_code,u1_0.last_updusr_id,u1_0.last_updt_pnttm,u1_0.lock_at,u1_0.lock_cnt,u1_0.lock_last_pnttm,u1_0.mbtlnum,u1_0.ofcps_nm,u1_0.offm_telno,u1_0.orgnzt_id,u1_0.password,u1_0.password_cnsr,u1_0.password_hint,u1_0.chg_pwd_last_pnttm,u1_0.role,u1_0.sbscrb_de,u1_0.sexdstn_code,u1_0.crtfc_dn_value,u1_0.user_nm,u1_0.zip from nemplyrinfo u1_0 where u1_0.emplyr_id=?
2026-03-16 17:00:47 [http-nio-8080-exec-7] DEBUG o.s.orm.jpa.JpaTransactionManager - Exposing JPA transaction as JDBC [org.springframework.orm.jpa.vendor.HibernateJpaDialect$HibernateConnectionHandle@4fdff4bb]
2026-03-16 17:00:47 [http-nio-8080-exec-7] DEBUG o.s.orm.jpa.JpaTransactionManager - Found thread-bound EntityManager [SessionImpl(869184545<open>)] for JPA transaction
2026-03-16 17:00:47 [http-nio-8080-exec-7] DEBUG o.s.orm.jpa.JpaTransactionManager - Participating in existing transaction
2026-03-16 17:00:47 [http-nio-8080-exec-7] DEBUG org.hibernate.SQL - select u1_0.emplyr_id,u1_0.area_no,u1_0.brthdy,u1_0.chg_pwd_cnt,u1_0.frst_register_id,u1_0.frst_regist_pnttm,u1_0.detail_adres,u1_0.email_adres,u1_0.emplyr_sttus_code,u1_0.empl_no,u1_0.esntl_id,u1_0.fxnum,u1_0.group_id,u1_0.house_adres,u1_0.house_end_telno,u1_0.house_middle_telno,u1_0.ihidnum,u1_0.pstinst_code,u1_0.last_updusr_id,u1_0.last_updt_pnttm,u1_0.lock_at,u1_0.lock_cnt,u1_0.lock_last_pnttm,u1_0.mbtlnum,u1_0.ofcps_nm,u1_0.offm_telno,u1_0.orgnzt_id,u1_0.password,u1_0.password_cnsr,u1_0.password_hint,u1_0.chg_pwd_last_pnttm,u1_0.role,u1_0.sbscrb_de,u1_0.sexdstn_code,u1_0.crtfc_dn_value,u1_0.user_nm,u1_0.zip from nemplyrinfo u1_0 where u1_0.emplyr_id=?
2026-03-16 17:00:47 [http-nio-8080-exec-10] DEBUG o.s.orm.jpa.JpaTransactionManager - Exposing JPA transaction as JDBC [org.springframework.orm.jpa.vendor.HibernateJpaDialect$HibernateConnectionHandle@59edca57]
2026-03-16 17:00:47 [http-nio-8080-exec-10] DEBUG o.s.orm.jpa.JpaTransactionManager - Found thread-bound EntityManager [SessionImpl(448011261<open>)] for JPA transaction
2026-03-16 17:00:47 [http-nio-8080-exec-10] DEBUG o.s.orm.jpa.JpaTransactionManager - Participating in existing transaction
2026-03-16 17:00:47 [http-nio-8080-exec-10] DEBUG org.hibernate.SQL - select u1_0.emplyr_id,u1_0.area_no,u1_0.brthdy,u1_0.chg_pwd_cnt,u1_0.frst_register_id,u1_0.frst_regist_pnttm,u1_0.detail_adres,u1_0.email_adres,u1_0.emplyr_sttus_code,u1_0.empl_no,u1_0.esntl_id,u1_0.fxnum,u1_0.group_id,u1_0.house_adres,u1_0.house_end_telno,u1_0.house_middle_telno,u1_0.ihidnum,u1_0.pstinst_code,u1_0.last_updusr_id,u1_0.last_updt_pnttm,u1_0.lock_at,u1_0.lock_cnt,u1_0.lock_last_pnttm,u1_0.mbtlnum,u1_0.ofcps_nm,u1_0.offm_telno,u1_0.orgnzt_id,u1_0.password,u1_0.password_cnsr,u1_0.password_hint,u1_0.chg_pwd_last_pnttm,u1_0.role,u1_0.sbscrb_de,u1_0.sexdstn_code,u1_0.crtfc_dn_value,u1_0.user_nm,u1_0.zip from nemplyrinfo u1_0 where u1_0.emplyr_id=?
2026-03-16 17:00:47 [http-nio-8080-exec-6] DEBUG o.s.orm.jpa.JpaTransactionManager - Exposing JPA transaction as JDBC [org.springframework.orm.jpa.vendor.HibernateJpaDialect$HibernateConnectionHandle@6f77c1dd]
2026-03-16 17:00:47 [http-nio-8080-exec-6] DEBUG o.s.orm.jpa.JpaTransactionManager - Found thread-bound EntityManager [SessionImpl(548970606<open>)] for JPA transaction
2026-03-16 17:00:47 [http-nio-8080-exec-6] DEBUG o.s.orm.jpa.JpaTransactionManager - Participating in existing transaction
2026-03-16 17:00:47 [http-nio-8080-exec-6] DEBUG org.hibernate.SQL - select u1_0.emplyr_id,u1_0.area_no,u1_0.brthdy,u1_0.chg_pwd_cnt,u1_0.frst_register_id,u1_0.frst_regist_pnttm,u1_0.detail_adres,u1_0.email_adres,u1_0.emplyr_sttus_code,u1_0.empl_no,u1_0.esntl_id,u1_0.fxnum,u1_0.group_id,u1_0.house_adres,u1_0.house_end_telno,u1_0.house_middle_telno,u1_0.ihidnum,u1_0.pstinst_code,u1_0.last_updusr_id,u1_0.last_updt_pnttm,u1_0.lock_at,u1_0.lock_cnt,u1_0.lock_last_pnttm,u1_0.mbtlnum,u1_0.ofcps_nm,u1_0.offm_telno,u1_0.orgnzt_id,u1_0.password,u1_0.password_cnsr,u1_0.password_hint,u1_0.chg_pwd_last_pnttm,u1_0.role,u1_0.sbscrb_de,u1_0.sexdstn_code,u1_0.crtfc_dn_value,u1_0.user_nm,u1_0.zip from nemplyrinfo u1_0 where u1_0.emplyr_id=?
2026-03-16 17:00:47 [http-nio-8080-exec-8] DEBUG o.s.orm.jpa.JpaTransactionManager - Closing JPA EntityManager [SessionImpl(2133586798<open>)] after transaction
2026-03-16 17:00:47 [http-nio-8080-exec-8] INFO  c.c.p.a.c.menu.MenuController - getLeftMenu returned 3 items
2026-03-16 17:00:47 [http-nio-8080-exec-8] DEBUG o.s.w.s.m.m.a.HttpEntityMethodProcessor - Using 'application/json', given [application/json, text/plain, */*] and supported [application/json, application/*+json, application/yaml]
2026-03-16 17:00:47 [http-nio-8080-exec-8] TRACE o.s.w.s.m.m.a.HttpEntityMethodProcessor - Writing [ApiResponse[success=true, status=200, code=COMMON_001, message=Success, data={list=[com.company.project.service.menu.dto.MenuDto@2005856c, com.company.project.service.menu.dto.MenuDto@3f21e064, com.company.project.service.menu.dto.MenuDto@3b8c4a48]}, timestamp=2026-03-16T17:00:47.915757400]]
2026-03-16 17:00:47 [http-nio-8080-exec-8] INFO  c.c.p.a.i.OperationalAuditInterceptor - API Audit Log: URL=/api/v1/menu/left, User=webmaster, IP=127.0.0.1
2026-03-16 17:00:47 [http-nio-8080-exec-8] DEBUG o.s.web.servlet.DispatcherServlet - Completed 200 OK
2026-03-16 17:00:47 [http-nio-8080-exec-3] DEBUG c.c.p.s.jwt.JwtAuthenticationFilter - >>> [JwtFilter] Processing request: GET /api/v1/menu/left
2026-03-16 17:00:47 [http-nio-8080-exec-3] DEBUG c.c.p.s.jwt.JwtAuthenticationFilter - >>> [JwtFilter] Found token in header for path: /api/v1/menu/left
2026-03-16 17:00:47 [http-nio-8080-exec-3] DEBUG o.s.orm.jpa.JpaTransactionManager - Creating new transaction with name [com.company.project.security.iam.CustomUserDetailsService.loadUserByUsername]: PROPAGATION_REQUIRED,ISOLATION_DEFAULT,readOnly
2026-03-16 17:00:47 [http-nio-8080-exec-3] DEBUG o.s.orm.jpa.JpaTransactionManager - Opened new EntityManager [SessionImpl(1625547626<open>)] for JPA transaction
2026-03-16 17:00:47 [http-nio-8080-exec-1] DEBUG o.s.orm.jpa.JpaTransactionManager - Found thread-bound EntityManager [SessionImpl(2134581128<open>)] for JPA transaction
2026-03-16 17:00:47 [http-nio-8080-exec-2] DEBUG o.s.orm.jpa.JpaTransactionManager - Found thread-bound EntityManager [SessionImpl(146239137<open>)] for JPA transaction
2026-03-16 17:00:47 [http-nio-8080-exec-4] DEBUG o.s.orm.jpa.JpaTransactionManager - Found thread-bound EntityManager [SessionImpl(141485140<open>)] for JPA transaction
2026-03-16 17:00:47 [http-nio-8080-exec-7] DEBUG o.s.orm.jpa.JpaTransactionManager - Found thread-bound EntityManager [SessionImpl(869184545<open>)] for JPA transaction
2026-03-16 17:00:47 [http-nio-8080-exec-1] DEBUG o.s.orm.jpa.JpaTransactionManager - Participating in existing transaction
2026-03-16 17:00:47 [http-nio-8080-exec-2] DEBUG o.s.orm.jpa.JpaTransactionManager - Participating in existing transaction
2026-03-16 17:00:47 [http-nio-8080-exec-4] DEBUG o.s.orm.jpa.JpaTransactionManager - Participating in existing transaction
2026-03-16 17:00:47 [http-nio-8080-exec-7] DEBUG o.s.orm.jpa.JpaTransactionManager - Participating in existing transaction
2026-03-16 17:00:47 [http-nio-8080-exec-2] DEBUG org.hibernate.SQL - select ua1_0.scrty_dtrmn_trget_id,ua1_0.author_code,ua1_0.frst_register_id,ua1_0.frst_regist_pnttm,ua1_0.last_updusr_id,ua1_0.last_updt_pnttm,ua1_0.mber_ty_code from nemplyrscrtyestbs ua1_0 where ua1_0.scrty_dtrmn_trget_id=?
2026-03-16 17:00:47 [http-nio-8080-exec-1] DEBUG org.hibernate.SQL - select ua1_0.scrty_dtrmn_trget_id,ua1_0.author_code,ua1_0.frst_register_id,ua1_0.frst_regist_pnttm,ua1_0.last_updusr_id,ua1_0.last_updt_pnttm,ua1_0.mber_ty_code from nemplyrscrtyestbs ua1_0 where ua1_0.scrty_dtrmn_trget_id=?
2026-03-16 17:00:47 [http-nio-8080-exec-7] DEBUG org.hibernate.SQL - select ua1_0.scrty_dtrmn_trget_id,ua1_0.author_code,ua1_0.frst_register_id,ua1_0.frst_regist_pnttm,ua1_0.last_updusr_id,ua1_0.last_updt_pnttm,ua1_0.mber_ty_code from nemplyrscrtyestbs ua1_0 where ua1_0.scrty_dtrmn_trget_id=?
2026-03-16 17:00:47 [http-nio-8080-exec-4] DEBUG org.hibernate.SQL - select ua1_0.scrty_dtrmn_trget_id,ua1_0.author_code,ua1_0.frst_register_id,ua1_0.frst_regist_pnttm,ua1_0.last_updusr_id,ua1_0.last_updt_pnttm,ua1_0.mber_ty_code from nemplyrscrtyestbs ua1_0 where ua1_0.scrty_dtrmn_trget_id=?
2026-03-16 17:00:47 [http-nio-8080-exec-10] DEBUG o.s.orm.jpa.JpaTransactionManager - Found thread-bound EntityManager [SessionImpl(448011261<open>)] for JPA transaction
2026-03-16 17:00:47 [http-nio-8080-exec-10] DEBUG o.s.orm.jpa.JpaTransactionManager - Participating in existing transaction
2026-03-16 17:00:47 [http-nio-8080-exec-10] DEBUG org.hibernate.SQL - select ua1_0.scrty_dtrmn_trget_id,ua1_0.author_code,ua1_0.frst_register_id,ua1_0.frst_regist_pnttm,ua1_0.last_updusr_id,ua1_0.last_updt_pnttm,ua1_0.mber_ty_code from nemplyrscrtyestbs ua1_0 where ua1_0.scrty_dtrmn_trget_id=?
2026-03-16 17:00:47 [http-nio-8080-exec-6] DEBUG o.s.orm.jpa.JpaTransactionManager - Found thread-bound EntityManager [SessionImpl(548970606<open>)] for JPA transaction
2026-03-16 17:00:47 [http-nio-8080-exec-6] DEBUG o.s.orm.jpa.JpaTransactionManager - Participating in existing transaction
2026-03-16 17:00:47 [http-nio-8080-exec-6] DEBUG org.hibernate.SQL - select ua1_0.scrty_dtrmn_trget_id,ua1_0.author_code,ua1_0.frst_register_id,ua1_0.frst_regist_pnttm,ua1_0.last_updusr_id,ua1_0.last_updt_pnttm,ua1_0.mber_ty_code from nemplyrscrtyestbs ua1_0 where ua1_0.scrty_dtrmn_trget_id=?
2026-03-16 17:00:48 [http-nio-8080-exec-3] DEBUG o.s.orm.jpa.JpaTransactionManager - Exposing JPA transaction as JDBC [org.springframework.orm.jpa.vendor.HibernateJpaDialect$HibernateConnectionHandle@1407277e]
2026-03-16 17:00:48 [http-nio-8080-exec-3] DEBUG o.s.orm.jpa.JpaTransactionManager - Found thread-bound EntityManager [SessionImpl(1625547626<open>)] for JPA transaction
2026-03-16 17:00:48 [http-nio-8080-exec-3] DEBUG o.s.orm.jpa.JpaTransactionManager - Participating in existing transaction
2026-03-16 17:00:48 [http-nio-8080-exec-3] DEBUG org.hibernate.SQL - select u1_0.emplyr_id,u1_0.area_no,u1_0.brthdy,u1_0.chg_pwd_cnt,u1_0.frst_register_id,u1_0.frst_regist_pnttm,u1_0.detail_adres,u1_0.email_adres,u1_0.emplyr_sttus_code,u1_0.empl_no,u1_0.esntl_id,u1_0.fxnum,u1_0.group_id,u1_0.house_adres,u1_0.house_end_telno,u1_0.house_middle_telno,u1_0.ihidnum,u1_0.pstinst_code,u1_0.last_updusr_id,u1_0.last_updt_pnttm,u1_0.lock_at,u1_0.lock_cnt,u1_0.lock_last_pnttm,u1_0.mbtlnum,u1_0.ofcps_nm,u1_0.offm_telno,u1_0.orgnzt_id,u1_0.password,u1_0.password_cnsr,u1_0.password_hint,u1_0.chg_pwd_last_pnttm,u1_0.role,u1_0.sbscrb_de,u1_0.sexdstn_code,u1_0.crtfc_dn_value,u1_0.user_nm,u1_0.zip from nemplyrinfo u1_0 where u1_0.emplyr_id=?
2026-03-16 17:00:48 [http-nio-8080-exec-4] DEBUG o.s.orm.jpa.JpaTransactionManager - Initiating transaction commit
2026-03-16 17:00:48 [http-nio-8080-exec-4] DEBUG o.s.orm.jpa.JpaTransactionManager - Committing JPA transaction on EntityManager [SessionImpl(141485140<open>)]
2026-03-16 17:00:48 [http-nio-8080-exec-1] DEBUG o.s.orm.jpa.JpaTransactionManager - Initiating transaction commit
2026-03-16 17:00:48 [http-nio-8080-exec-2] DEBUG o.s.orm.jpa.JpaTransactionManager - Initiating transaction commit
2026-03-16 17:00:48 [http-nio-8080-exec-1] DEBUG o.s.orm.jpa.JpaTransactionManager - Committing JPA transaction on EntityManager [SessionImpl(2134581128<open>)]
2026-03-16 17:00:48 [http-nio-8080-exec-2] DEBUG o.s.orm.jpa.JpaTransactionManager - Committing JPA transaction on EntityManager [SessionImpl(146239137<open>)]
2026-03-16 17:00:48 [http-nio-8080-exec-7] DEBUG o.s.orm.jpa.JpaTransactionManager - Initiating transaction commit
2026-03-16 17:00:48 [http-nio-8080-exec-7] DEBUG o.s.orm.jpa.JpaTransactionManager - Committing JPA transaction on EntityManager [SessionImpl(869184545<open>)]
2026-03-16 17:00:48 [http-nio-8080-exec-10] DEBUG o.s.orm.jpa.JpaTransactionManager - Initiating transaction commit
2026-03-16 17:00:48 [http-nio-8080-exec-10] DEBUG o.s.orm.jpa.JpaTransactionManager - Committing JPA transaction on EntityManager [SessionImpl(448011261<open>)]
2026-03-16 17:00:48 [http-nio-8080-exec-6] DEBUG o.s.orm.jpa.JpaTransactionManager - Initiating transaction commit
2026-03-16 17:00:48 [http-nio-8080-exec-6] DEBUG o.s.orm.jpa.JpaTransactionManager - Committing JPA transaction on EntityManager [SessionImpl(548970606<open>)]
2026-03-16 17:00:48 [http-nio-8080-exec-3] DEBUG o.s.orm.jpa.JpaTransactionManager - Found thread-bound EntityManager [SessionImpl(1625547626<open>)] for JPA transaction
2026-03-16 17:00:48 [http-nio-8080-exec-3] DEBUG o.s.orm.jpa.JpaTransactionManager - Participating in existing transaction
2026-03-16 17:00:48 [http-nio-8080-exec-3] DEBUG org.hibernate.SQL - select ua1_0.scrty_dtrmn_trget_id,ua1_0.author_code,ua1_0.frst_register_id,ua1_0.frst_regist_pnttm,ua1_0.last_updusr_id,ua1_0.last_updt_pnttm,ua1_0.mber_ty_code from nemplyrscrtyestbs ua1_0 where ua1_0.scrty_dtrmn_trget_id=?
2026-03-16 17:00:48 [http-nio-8080-exec-1] DEBUG o.s.orm.jpa.JpaTransactionManager - Closing JPA EntityManager [SessionImpl(2134581128<open>)] after transaction
2026-03-16 17:00:48 [http-nio-8080-exec-4] DEBUG o.s.orm.jpa.JpaTransactionManager - Closing JPA EntityManager [SessionImpl(141485140<open>)] after transaction
2026-03-16 17:00:48 [http-nio-8080-exec-2] DEBUG o.s.orm.jpa.JpaTransactionManager - Closing JPA EntityManager [SessionImpl(146239137<open>)] after transaction
2026-03-16 17:00:48 [http-nio-8080-exec-1] DEBUG c.c.p.s.jwt.JwtAuthenticationFilter - >>> [JwtFilter] Successfully authenticated user: USRCNFRM_99999999999, Authorities: [ROLE_ADMIN]
2026-03-16 17:00:48 [http-nio-8080-exec-4] DEBUG c.c.p.s.jwt.JwtAuthenticationFilter - >>> [JwtFilter] Successfully authenticated user: USRCNFRM_99999999999, Authorities: [ROLE_ADMIN]
2026-03-16 17:00:48 [http-nio-8080-exec-2] DEBUG c.c.p.s.jwt.JwtAuthenticationFilter - >>> [JwtFilter] Successfully authenticated user: USRCNFRM_99999999999, Authorities: [ROLE_ADMIN]
2026-03-16 17:00:48 [http-nio-8080-exec-1] DEBUG o.s.web.servlet.DispatcherServlet - GET "/api/v1/menu/head", parameters={}
2026-03-16 17:00:48 [http-nio-8080-exec-4] DEBUG o.s.web.servlet.DispatcherServlet - GET "/api/v1/dashboard", parameters={}
2026-03-16 17:00:48 [http-nio-8080-exec-1] TRACE o.s.w.s.m.m.a.RequestMappingHandlerMapping - Mapped to com.company.project.api.controller.menu.MenuController#getHeadMenu()
2026-03-16 17:00:48 [http-nio-8080-exec-4] TRACE o.s.w.s.m.m.a.RequestMappingHandlerMapping - Mapped to com.company.project.api.controller.main.DashboardController#getDashboardData(UserDetails)
2026-03-16 17:00:48 [http-nio-8080-exec-2] DEBUG o.s.web.servlet.DispatcherServlet - GET "/api/v1/admin/system/programs?page=0&size=1000&searchWrd=", parameters={masked}
2026-03-16 17:00:48 [http-nio-8080-exec-1] INFO  c.c.p.a.c.menu.MenuController - getHeadMenu called
2026-03-16 17:00:48 [http-nio-8080-exec-4] INFO  c.c.p.a.c.main.DashboardController - >>> [Dashboard] Fetching data for user: USRCNFRM_99999999999
2026-03-16 17:00:48 [http-nio-8080-exec-2] TRACE o.s.w.s.m.m.a.RequestMappingHandlerMapping - Mapped to com.company.project.api.controller.system.ProgramApiController#getProgramList(String, Pageable)
2026-03-16 17:00:48 [http-nio-8080-exec-4] DEBUG o.s.orm.jpa.JpaTransactionManager - Creating new transaction with name [com.company.project.service.board.BoardService.getBoardPosts]: PROPAGATION_REQUIRED,ISOLATION_DEFAULT,readOnly
2026-03-16 17:00:48 [http-nio-8080-exec-1] INFO  c.c.p.a.c.menu.MenuController - getHeadMenu returned 5 items
2026-03-16 17:00:48 [http-nio-8080-exec-4] DEBUG o.s.orm.jpa.JpaTransactionManager - Opened new EntityManager [SessionImpl(1430216231<open>)] for JPA transaction
2026-03-16 17:00:48 [http-nio-8080-exec-4] DEBUG o.s.orm.jpa.JpaTransactionManager - Exposing JPA transaction as JDBC [org.springframework.orm.jpa.vendor.HibernateJpaDialect$HibernateConnectionHandle@749a1086]
2026-03-16 17:00:48 [http-nio-8080-exec-1] DEBUG o.s.w.s.m.m.a.HttpEntityMethodProcessor - Using 'application/json', given [application/json, text/plain, */*] and supported [application/json, application/*+json, application/yaml]
2026-03-16 17:00:48 [http-nio-8080-exec-1] TRACE o.s.w.s.m.m.a.HttpEntityMethodProcessor - Writing [ApiResponse[success=true, status=200, code=COMMON_001, message=Success, data={list=[com.company.project.service.menu.dto.MenuDto@2b80d6b0, com.company.project.service.menu.dto.MenuDto@1418cfa3, com.company.project.service.menu.dto.MenuDto@f230bf1, com.company.project.service.menu.dto.MenuDto@734a7f6a, com.company.project.service.menu.dto.MenuDto@5e5202e5]}, timestamp=2026-03-16T17:00:48.249299800]]
2026-03-16 17:00:48 [http-nio-8080-exec-4] DEBUG o.s.orm.jpa.JpaTransactionManager - Found thread-bound EntityManager [SessionImpl(1430216231<open>)] for JPA transaction
2026-03-16 17:00:48 [http-nio-8080-exec-4] DEBUG o.s.orm.jpa.JpaTransactionManager - Participating in existing transaction
2026-03-16 17:00:48 [http-nio-8080-exec-1] INFO  c.c.p.a.i.OperationalAuditInterceptor - API Audit Log: URL=/api/v1/menu/head, User=webmaster, IP=0:0:0:0:0:0:0:1
2026-03-16 17:00:48 [http-nio-8080-exec-4] DEBUG org.hibernate.SQL - select bm1_0.bbs_id,bm1_0.atch_posbl_file_number,bm1_0.atch_posbl_file_size,bm1_0.bbs_attrb_code,bm1_0.bbs_intrcn,bm1_0.bbs_nm,bm1_0.bbs_ty_code,bm1_0.blog_at,bm1_0.blog_id,bm1_0.cmmnty_id,bm1_0.frst_register_id,bm1_0.frst_regist_pnttm,bm1_0.file_atch_posbl_at,bm1_0.last_updusr_id,bm1_0.last_updt_pnttm,bm1_0.reply_posbl_at,bm1_0.tmplat_id,bm1_0.use_at,bm1_1.answer_at,bm1_1.stsfdg_at from nbbsmaster bm1_0 left join nbbsmasteroptn bm1_1 on bm1_0.bbs_id=bm1_1.bbs_id where bm1_0.bbs_id=?
2026-03-16 17:00:48 [http-nio-8080-exec-1] DEBUG o.s.web.servlet.DispatcherServlet - Completed 200 OK
2026-03-16 17:00:48 [http-nio-8080-exec-2] DEBUG o.s.orm.jpa.JpaTransactionManager - Creating new transaction with name [com.company.project.service.program.ProgramService.selectProgrmList]: PROPAGATION_REQUIRED,ISOLATION_DEFAULT,readOnly
2026-03-16 17:00:48 [http-nio-8080-exec-2] DEBUG o.s.orm.jpa.JpaTransactionManager - Opened new EntityManager [SessionImpl(1582558620<open>)] for JPA transaction
2026-03-16 17:00:48 [http-nio-8080-exec-2] DEBUG o.s.orm.jpa.JpaTransactionManager - Exposing JPA transaction as JDBC [org.springframework.orm.jpa.vendor.HibernateJpaDialect$HibernateConnectionHandle@111e89a6]
2026-03-16 17:00:48 [http-nio-8080-exec-2] DEBUG o.s.orm.jpa.JpaTransactionManager - Found thread-bound EntityManager [SessionImpl(1582558620<open>)] for JPA transaction
2026-03-16 17:00:48 [http-nio-8080-exec-2] DEBUG o.s.orm.jpa.JpaTransactionManager - Participating in existing transaction
2026-03-16 17:00:48 [http-nio-8080-exec-2] DEBUG org.hibernate.SQL - select p1_0.progrm_file_nm,p1_0.progrm_dc,p1_0.progrm_korean_nm,p1_0.progrm_stre_path,p1_0.url from nprogrmlist p1_0 order by p1_0.progrm_file_nm offset ? rows fetch first ? rows only
2026-03-16 17:00:48 [http-nio-8080-exec-5] DEBUG c.c.p.s.jwt.JwtAuthenticationFilter - >>> [JwtFilter] Processing request: GET /api/v1/menu/left
2026-03-16 17:00:48 [http-nio-8080-exec-5] DEBUG c.c.p.s.jwt.JwtAuthenticationFilter - >>> [JwtFilter] Found token in header for path: /api/v1/menu/left
2026-03-16 17:00:48 [http-nio-8080-exec-5] DEBUG o.s.orm.jpa.JpaTransactionManager - Creating new transaction with name [com.company.project.security.iam.CustomUserDetailsService.loadUserByUsername]: PROPAGATION_REQUIRED,ISOLATION_DEFAULT,readOnly
2026-03-16 17:00:48 [http-nio-8080-exec-5] DEBUG o.s.orm.jpa.JpaTransactionManager - Opened new EntityManager [SessionImpl(195901100<open>)] for JPA transaction
2026-03-16 17:00:48 [http-nio-8080-exec-9] DEBUG c.c.p.s.jwt.JwtAuthenticationFilter - >>> [JwtFilter] Processing request: GET /api/v1/menu/left
2026-03-16 17:00:48 [http-nio-8080-exec-9] DEBUG c.c.p.s.jwt.JwtAuthenticationFilter - >>> [JwtFilter] Found token in header for path: /api/v1/menu/left
2026-03-16 17:00:48 [http-nio-8080-exec-8] DEBUG c.c.p.s.jwt.JwtAuthenticationFilter - >>> [JwtFilter] Processing request: GET /api/v1/menu/left
2026-03-16 17:00:48 [http-nio-8080-exec-1] DEBUG c.c.p.s.jwt.JwtAuthenticationFilter - >>> [JwtFilter] Processing request: GET /api/v1/menu/left
2026-03-16 17:00:48 [http-nio-8080-exec-9] DEBUG o.s.orm.jpa.JpaTransactionManager - Creating new transaction with name [com.company.project.security.iam.CustomUserDetailsService.loadUserByUsername]: PROPAGATION_REQUIRED,ISOLATION_DEFAULT,readOnly
2026-03-16 17:00:48 [http-nio-8080-exec-8] DEBUG c.c.p.s.jwt.JwtAuthenticationFilter - >>> [JwtFilter] Found token in header for path: /api/v1/menu/left
2026-03-16 17:00:48 [http-nio-8080-exec-1] DEBUG c.c.p.s.jwt.JwtAuthenticationFilter - >>> [JwtFilter] Found token in header for path: /api/v1/menu/left
2026-03-16 17:00:48 [http-nio-8080-exec-9] DEBUG o.s.orm.jpa.JpaTransactionManager - Opened new EntityManager [SessionImpl(1417914433<open>)] for JPA transaction
2026-03-16 17:00:48 [http-nio-8080-exec-8] DEBUG o.s.orm.jpa.JpaTransactionManager - Creating new transaction with name [com.company.project.security.iam.CustomUserDetailsService.loadUserByUsername]: PROPAGATION_REQUIRED,ISOLATION_DEFAULT,readOnly
2026-03-16 17:00:48 [http-nio-8080-exec-8] DEBUG o.s.orm.jpa.JpaTransactionManager - Opened new EntityManager [SessionImpl(1738030155<open>)] for JPA transaction
2026-03-16 17:00:48 [http-nio-8080-exec-8] DEBUG o.s.orm.jpa.JpaTransactionManager - Exposing JPA transaction as JDBC [org.springframework.orm.jpa.vendor.HibernateJpaDialect$HibernateConnectionHandle@6b3afb31]
2026-03-16 17:00:48 [http-nio-8080-exec-8] DEBUG o.s.orm.jpa.JpaTransactionManager - Found thread-bound EntityManager [SessionImpl(1738030155<open>)] for JPA transaction
2026-03-16 17:00:48 [http-nio-8080-exec-8] DEBUG o.s.orm.jpa.JpaTransactionManager - Participating in existing transaction
2026-03-16 17:00:48 [http-nio-8080-exec-1] DEBUG o.s.orm.jpa.JpaTransactionManager - Creating new transaction with name [com.company.project.security.iam.CustomUserDetailsService.loadUserByUsername]: PROPAGATION_REQUIRED,ISOLATION_DEFAULT,readOnly
2026-03-16 17:00:48 [http-nio-8080-exec-1] DEBUG o.s.orm.jpa.JpaTransactionManager - Opened new EntityManager [SessionImpl(1568892049<open>)] for JPA transaction
2026-03-16 17:00:48 [http-nio-8080-exec-8] DEBUG org.hibernate.SQL - select u1_0.emplyr_id,u1_0.area_no,u1_0.brthdy,u1_0.chg_pwd_cnt,u1_0.frst_register_id,u1_0.frst_regist_pnttm,u1_0.detail_adres,u1_0.email_adres,u1_0.emplyr_sttus_code,u1_0.empl_no,u1_0.esntl_id,u1_0.fxnum,u1_0.group_id,u1_0.house_adres,u1_0.house_end_telno,u1_0.house_middle_telno,u1_0.ihidnum,u1_0.pstinst_code,u1_0.last_updusr_id,u1_0.last_updt_pnttm,u1_0.lock_at,u1_0.lock_cnt,u1_0.lock_last_pnttm,u1_0.mbtlnum,u1_0.ofcps_nm,u1_0.offm_telno,u1_0.orgnzt_id,u1_0.password,u1_0.password_cnsr,u1_0.password_hint,u1_0.chg_pwd_last_pnttm,u1_0.role,u1_0.sbscrb_de,u1_0.sexdstn_code,u1_0.crtfc_dn_value,u1_0.user_nm,u1_0.zip from nemplyrinfo u1_0 where u1_0.emplyr_id=?
2026-03-16 17:00:48 [http-nio-8080-exec-1] DEBUG o.s.orm.jpa.JpaTransactionManager - Exposing JPA transaction as JDBC [org.springframework.orm.jpa.vendor.HibernateJpaDialect$HibernateConnectionHandle@1dd8f1af]
2026-03-16 17:00:48 [http-nio-8080-exec-1] DEBUG o.s.orm.jpa.JpaTransactionManager - Found thread-bound EntityManager [SessionImpl(1568892049<open>)] for JPA transaction
2026-03-16 17:00:48 [http-nio-8080-exec-1] DEBUG o.s.orm.jpa.JpaTransactionManager - Participating in existing transaction
2026-03-16 17:00:48 [http-nio-8080-exec-1] DEBUG org.hibernate.SQL - select u1_0.emplyr_id,u1_0.area_no,u1_0.brthdy,u1_0.chg_pwd_cnt,u1_0.frst_register_id,u1_0.frst_regist_pnttm,u1_0.detail_adres,u1_0.email_adres,u1_0.emplyr_sttus_code,u1_0.empl_no,u1_0.esntl_id,u1_0.fxnum,u1_0.group_id,u1_0.house_adres,u1_0.house_end_telno,u1_0.house_middle_telno,u1_0.ihidnum,u1_0.pstinst_code,u1_0.last_updusr_id,u1_0.last_updt_pnttm,u1_0.lock_at,u1_0.lock_cnt,u1_0.lock_last_pnttm,u1_0.mbtlnum,u1_0.ofcps_nm,u1_0.offm_telno,u1_0.orgnzt_id,u1_0.password,u1_0.password_cnsr,u1_0.password_hint,u1_0.chg_pwd_last_pnttm,u1_0.role,u1_0.sbscrb_de,u1_0.sexdstn_code,u1_0.crtfc_dn_value,u1_0.user_nm,u1_0.zip from nemplyrinfo u1_0 where u1_0.emplyr_id=?
2026-03-16 17:00:48 [http-nio-8080-exec-11] DEBUG c.c.p.s.jwt.JwtAuthenticationFilter - >>> [JwtFilter] Processing request: GET /api/v1/menu/left
2026-03-16 17:00:48 [http-nio-8080-exec-11] DEBUG c.c.p.s.jwt.JwtAuthenticationFilter - >>> [JwtFilter] Found token in header for path: /api/v1/menu/left
2026-03-16 17:00:48 [http-nio-8080-exec-11] DEBUG o.s.orm.jpa.JpaTransactionManager - Creating new transaction with name [com.company.project.security.iam.CustomUserDetailsService.loadUserByUsername]: PROPAGATION_REQUIRED,ISOLATION_DEFAULT,readOnly
2026-03-16 17:00:48 [http-nio-8080-exec-11] DEBUG o.s.orm.jpa.JpaTransactionManager - Opened new EntityManager [SessionImpl(1568067780<open>)] for JPA transaction
2026-03-16 17:00:48 [http-nio-8080-exec-7] DEBUG o.s.orm.jpa.JpaTransactionManager - Closing JPA EntityManager [SessionImpl(869184545<open>)] after transaction
2026-03-16 17:00:48 [http-nio-8080-exec-7] DEBUG c.c.p.s.jwt.JwtAuthenticationFilter - >>> [JwtFilter] Successfully authenticated user: USRCNFRM_99999999999, Authorities: [ROLE_ADMIN]
2026-03-16 17:00:48 [http-nio-8080-exec-11] DEBUG o.s.orm.jpa.JpaTransactionManager - Exposing JPA transaction as JDBC [org.springframework.orm.jpa.vendor.HibernateJpaDialect$HibernateConnectionHandle@46066a80]
2026-03-16 17:00:48 [http-nio-8080-exec-7] DEBUG o.s.web.servlet.DispatcherServlet - GET "/api/v1/menu/head", parameters={}
2026-03-16 17:00:48 [http-nio-8080-exec-11] DEBUG o.s.orm.jpa.JpaTransactionManager - Found thread-bound EntityManager [SessionImpl(1568067780<open>)] for JPA transaction
2026-03-16 17:00:48 [http-nio-8080-exec-11] DEBUG o.s.orm.jpa.JpaTransactionManager - Participating in existing transaction
2026-03-16 17:00:48 [http-nio-8080-exec-7] TRACE o.s.w.s.m.m.a.RequestMappingHandlerMapping - Mapped to com.company.project.api.controller.menu.MenuController#getHeadMenu()
2026-03-16 17:00:48 [http-nio-8080-exec-7] INFO  c.c.p.a.c.menu.MenuController - getHeadMenu called
2026-03-16 17:00:48 [http-nio-8080-exec-11] DEBUG org.hibernate.SQL - select u1_0.emplyr_id,u1_0.area_no,u1_0.brthdy,u1_0.chg_pwd_cnt,u1_0.frst_register_id,u1_0.frst_regist_pnttm,u1_0.detail_adres,u1_0.email_adres,u1_0.emplyr_sttus_code,u1_0.empl_no,u1_0.esntl_id,u1_0.fxnum,u1_0.group_id,u1_0.house_adres,u1_0.house_end_telno,u1_0.house_middle_telno,u1_0.ihidnum,u1_0.pstinst_code,u1_0.last_updusr_id,u1_0.last_updt_pnttm,u1_0.lock_at,u1_0.lock_cnt,u1_0.lock_last_pnttm,u1_0.mbtlnum,u1_0.ofcps_nm,u1_0.offm_telno,u1_0.orgnzt_id,u1_0.password,u1_0.password_cnsr,u1_0.password_hint,u1_0.chg_pwd_last_pnttm,u1_0.role,u1_0.sbscrb_de,u1_0.sexdstn_code,u1_0.crtfc_dn_value,u1_0.user_nm,u1_0.zip from nemplyrinfo u1_0 where u1_0.emplyr_id=?
2026-03-16 17:00:48 [http-nio-8080-exec-7] INFO  c.c.p.a.c.menu.MenuController - getHeadMenu returned 5 items
2026-03-16 17:00:48 [http-nio-8080-exec-7] DEBUG o.s.w.s.m.m.a.HttpEntityMethodProcessor - Using 'application/json', given [application/json, text/plain, */*] and supported [application/json, application/*+json, application/yaml]
2026-03-16 17:00:48 [http-nio-8080-exec-7] TRACE o.s.w.s.m.m.a.HttpEntityMethodProcessor - Writing [ApiResponse[success=true, status=200, code=COMMON_001, message=Success, data={list=[com.company.project.service.menu.dto.MenuDto@2b80d6b0, com.company.project.service.menu.dto.MenuDto@1418cfa3, com.company.project.service.menu.dto.MenuDto@f230bf1, com.company.project.service.menu.dto.MenuDto@734a7f6a, com.company.project.service.menu.dto.MenuDto@5e5202e5]}, timestamp=2026-03-16T17:00:48.270657900]]
2026-03-16 17:00:48 [http-nio-8080-exec-7] INFO  c.c.p.a.i.OperationalAuditInterceptor - API Audit Log: URL=/api/v1/menu/head, User=webmaster, IP=0:0:0:0:0:0:0:1
2026-03-16 17:00:48 [http-nio-8080-exec-7] DEBUG o.s.web.servlet.DispatcherServlet - Completed 200 OK
2026-03-16 17:00:48 [http-nio-8080-exec-10] DEBUG o.s.orm.jpa.JpaTransactionManager - Closing JPA EntityManager [SessionImpl(448011261<open>)] after transaction
2026-03-16 17:00:48 [http-nio-8080-exec-7] DEBUG c.c.p.s.jwt.JwtAuthenticationFilter - >>> [JwtFilter] Processing request: GET /api/v1/menu/left
2026-03-16 17:00:48 [http-nio-8080-exec-10] DEBUG c.c.p.s.jwt.JwtAuthenticationFilter - >>> [JwtFilter] Successfully authenticated user: USRCNFRM_99999999999, Authorities: [ROLE_ADMIN]
2026-03-16 17:00:48 [http-nio-8080-exec-7] DEBUG c.c.p.s.jwt.JwtAuthenticationFilter - >>> [JwtFilter] Found token in header for path: /api/v1/menu/left
2026-03-16 17:00:48 [http-nio-8080-exec-10] DEBUG o.s.web.servlet.DispatcherServlet - GET "/api/v1/admin/system/menus/all", parameters={}
2026-03-16 17:00:48 [http-nio-8080-exec-7] DEBUG o.s.orm.jpa.JpaTransactionManager - Creating new transaction with name [com.company.project.security.iam.CustomUserDetailsService.loadUserByUsername]: PROPAGATION_REQUIRED,ISOLATION_DEFAULT,readOnly
2026-03-16 17:00:48 [http-nio-8080-exec-7] DEBUG o.s.orm.jpa.JpaTransactionManager - Opened new EntityManager [SessionImpl(1314999622<open>)] for JPA transaction
2026-03-16 17:00:48 [http-nio-8080-exec-7] DEBUG o.s.orm.jpa.JpaTransactionManager - Exposing JPA transaction as JDBC [org.springframework.orm.jpa.vendor.HibernateJpaDialect$HibernateConnectionHandle@2e239a74]
2026-03-16 17:00:48 [http-nio-8080-exec-7] DEBUG o.s.orm.jpa.JpaTransactionManager - Found thread-bound EntityManager [SessionImpl(1314999622<open>)] for JPA transaction
2026-03-16 17:00:48 [http-nio-8080-exec-10] TRACE o.s.w.s.m.m.a.RequestMappingHandlerMapping - Mapped to com.company.project.api.controller.system.MenuApiController#getAllMenus()
2026-03-16 17:00:48 [http-nio-8080-exec-7] DEBUG o.s.orm.jpa.JpaTransactionManager - Participating in existing transaction
2026-03-16 17:00:48 [http-nio-8080-exec-7] DEBUG org.hibernate.SQL - select u1_0.emplyr_id,u1_0.area_no,u1_0.brthdy,u1_0.chg_pwd_cnt,u1_0.frst_register_id,u1_0.frst_regist_pnttm,u1_0.detail_adres,u1_0.email_adres,u1_0.emplyr_sttus_code,u1_0.empl_no,u1_0.esntl_id,u1_0.fxnum,u1_0.group_id,u1_0.house_adres,u1_0.house_end_telno,u1_0.house_middle_telno,u1_0.ihidnum,u1_0.pstinst_code,u1_0.last_updusr_id,u1_0.last_updt_pnttm,u1_0.lock_at,u1_0.lock_cnt,u1_0.lock_last_pnttm,u1_0.mbtlnum,u1_0.ofcps_nm,u1_0.offm_telno,u1_0.orgnzt_id,u1_0.password,u1_0.password_cnsr,u1_0.password_hint,u1_0.chg_pwd_last_pnttm,u1_0.role,u1_0.sbscrb_de,u1_0.sexdstn_code,u1_0.crtfc_dn_value,u1_0.user_nm,u1_0.zip from nemplyrinfo u1_0 where u1_0.emplyr_id=?
2026-03-16 17:00:48 [http-nio-8080-exec-12] DEBUG c.c.p.s.jwt.JwtAuthenticationFilter - >>> [JwtFilter] Processing request: GET /api/v1/menu/left
2026-03-16 17:00:48 [http-nio-8080-exec-12] DEBUG c.c.p.s.jwt.JwtAuthenticationFilter - >>> [JwtFilter] Found token in header for path: /api/v1/menu/left
2026-03-16 17:00:48 [http-nio-8080-exec-12] DEBUG o.s.orm.jpa.JpaTransactionManager - Creating new transaction with name [com.company.project.security.iam.CustomUserDetailsService.loadUserByUsername]: PROPAGATION_REQUIRED,ISOLATION_DEFAULT,readOnly
2026-03-16 17:00:48 [http-nio-8080-exec-10] DEBUG o.s.orm.jpa.JpaTransactionManager - Creating new transaction with name [com.company.project.service.menu.MenuService.getAllMenus]: PROPAGATION_REQUIRED,ISOLATION_DEFAULT,readOnly
2026-03-16 17:00:48 [http-nio-8080-exec-12] DEBUG o.s.orm.jpa.JpaTransactionManager - Opened new EntityManager [SessionImpl(53335559<open>)] for JPA transaction
2026-03-16 17:00:48 [http-nio-8080-exec-10] DEBUG o.s.orm.jpa.JpaTransactionManager - Opened new EntityManager [SessionImpl(1844781877<open>)] for JPA transaction
2026-03-16 17:00:48 [http-nio-8080-exec-15] DEBUG c.c.p.s.jwt.JwtAuthenticationFilter - >>> [JwtFilter] Processing request: GET /api/v1/menu/left
2026-03-16 17:00:48 [http-nio-8080-exec-13] DEBUG c.c.p.s.jwt.JwtAuthenticationFilter - >>> [JwtFilter] Processing request: GET /api/v1/menu/left
2026-03-16 17:00:48 [http-nio-8080-exec-14] DEBUG c.c.p.s.jwt.JwtAuthenticationFilter - >>> [JwtFilter] Processing request: GET /api/v1/menu/left
2026-03-16 17:00:48 [http-nio-8080-exec-15] DEBUG c.c.p.s.jwt.JwtAuthenticationFilter - >>> [JwtFilter] Found token in header for path: /api/v1/menu/left
2026-03-16 17:00:48 [http-nio-8080-exec-13] DEBUG c.c.p.s.jwt.JwtAuthenticationFilter - >>> [JwtFilter] Found token in header for path: /api/v1/menu/left
2026-03-16 17:00:48 [http-nio-8080-exec-14] DEBUG c.c.p.s.jwt.JwtAuthenticationFilter - >>> [JwtFilter] Found token in header for path: /api/v1/menu/left
2026-03-16 17:00:48 [http-nio-8080-exec-13] DEBUG o.s.orm.jpa.JpaTransactionManager - Creating new transaction with name [com.company.project.security.iam.CustomUserDetailsService.loadUserByUsername]: PROPAGATION_REQUIRED,ISOLATION_DEFAULT,readOnly
2026-03-16 17:00:48 [http-nio-8080-exec-13] DEBUG o.s.orm.jpa.JpaTransactionManager - Opened new EntityManager [SessionImpl(1407216585<open>)] for JPA transaction
2026-03-16 17:00:48 [http-nio-8080-exec-14] DEBUG o.s.orm.jpa.JpaTransactionManager - Creating new transaction with name [com.company.project.security.iam.CustomUserDetailsService.loadUserByUsername]: PROPAGATION_REQUIRED,ISOLATION_DEFAULT,readOnly
2026-03-16 17:00:48 [http-nio-8080-exec-14] DEBUG o.s.orm.jpa.JpaTransactionManager - Opened new EntityManager [SessionImpl(74657704<open>)] for JPA transaction
2026-03-16 17:00:48 [http-nio-8080-exec-15] DEBUG o.s.orm.jpa.JpaTransactionManager - Creating new transaction with name [com.company.project.security.iam.CustomUserDetailsService.loadUserByUsername]: PROPAGATION_REQUIRED,ISOLATION_DEFAULT,readOnly
2026-03-16 17:00:48 [http-nio-8080-exec-15] DEBUG o.s.orm.jpa.JpaTransactionManager - Opened new EntityManager [SessionImpl(750487569<open>)] for JPA transaction
2026-03-16 17:00:48 [http-nio-8080-exec-6] DEBUG o.s.orm.jpa.JpaTransactionManager - Closing JPA EntityManager [SessionImpl(548970606<open>)] after transaction
2026-03-16 17:00:48 [http-nio-8080-exec-6] DEBUG c.c.p.s.jwt.JwtAuthenticationFilter - >>> [JwtFilter] Successfully authenticated user: USRCNFRM_99999999999, Authorities: [ROLE_ADMIN]
2026-03-16 17:00:48 [http-nio-8080-exec-10] DEBUG o.s.orm.jpa.JpaTransactionManager - Exposing JPA transaction as JDBC [org.springframework.orm.jpa.vendor.HibernateJpaDialect$HibernateConnectionHandle@671fdce0]
2026-03-16 17:00:48 [http-nio-8080-exec-6] DEBUG o.s.web.servlet.DispatcherServlet - GET "/api/v1/menu/head", parameters={}
2026-03-16 17:00:48 [http-nio-8080-exec-6] TRACE o.s.w.s.m.m.a.RequestMappingHandlerMapping - Mapped to com.company.project.api.controller.menu.MenuController#getHeadMenu()
2026-03-16 17:00:48 [http-nio-8080-exec-6] INFO  c.c.p.a.c.menu.MenuController - getHeadMenu called
2026-03-16 17:00:48 [http-nio-8080-exec-6] INFO  c.c.p.a.c.menu.MenuController - getHeadMenu returned 5 items
2026-03-16 17:00:48 [http-nio-8080-exec-10] DEBUG org.hibernate.SQL - select m1_0.menu_no,m1_0.menu_dc,m1_0.menu_nm,m1_0.menu_ordr,m1_0.modern_route,m1_0.progrm_file_nm,m1_0.relate_image_nm,m1_0.relate_image_path,m1_0.route_updated_at,m1_0.upper_menu_no from nmenuinfo m1_0 order by m1_0.upper_menu_no,m1_0.menu_ordr
2026-03-16 17:00:48 [http-nio-8080-exec-6] DEBUG o.s.w.s.m.m.a.HttpEntityMethodProcessor - Using 'application/json', given [application/json, text/plain, */*] and supported [application/json, application/*+json, application/yaml]
2026-03-16 17:00:48 [http-nio-8080-exec-6] TRACE o.s.w.s.m.m.a.HttpEntityMethodProcessor - Writing [ApiResponse[success=true, status=200, code=COMMON_001, message=Success, data={list=[com.company.project.service.menu.dto.MenuDto@2b80d6b0, com.company.project.service.menu.dto.MenuDto@1418cfa3, com.company.project.service.menu.dto.MenuDto@f230bf1, com.company.project.service.menu.dto.MenuDto@734a7f6a, com.company.project.service.menu.dto.MenuDto@5e5202e5]}, timestamp=2026-03-16T17:00:48.302215700]]
2026-03-16 17:00:48 [http-nio-8080-exec-6] INFO  c.c.p.a.i.OperationalAuditInterceptor - API Audit Log: URL=/api/v1/menu/head, User=webmaster, IP=0:0:0:0:0:0:0:1
2026-03-16 17:00:48 [http-nio-8080-exec-6] DEBUG o.s.web.servlet.DispatcherServlet - Completed 200 OK
2026-03-16 17:00:48 [http-nio-8080-exec-6] DEBUG c.c.p.s.jwt.JwtAuthenticationFilter - >>> [JwtFilter] Processing request: GET /api/v1/menu/left
2026-03-16 17:00:48 [http-nio-8080-exec-6] DEBUG c.c.p.s.jwt.JwtAuthenticationFilter - >>> [JwtFilter] Found token in header for path: /api/v1/menu/left
2026-03-16 17:00:48 [http-nio-8080-exec-6] DEBUG o.s.orm.jpa.JpaTransactionManager - Creating new transaction with name [com.company.project.security.iam.CustomUserDetailsService.loadUserByUsername]: PROPAGATION_REQUIRED,ISOLATION_DEFAULT,readOnly
2026-03-16 17:00:48 [http-nio-8080-exec-6] DEBUG o.s.orm.jpa.JpaTransactionManager - Opened new EntityManager [SessionImpl(118805372<open>)] for JPA transaction
2026-03-16 17:00:48 [http-nio-8080-exec-17] DEBUG c.c.p.s.jwt.JwtAuthenticationFilter - >>> [JwtFilter] Processing request: GET /api/v1/menu/left
2026-03-16 17:00:48 [http-nio-8080-exec-17] DEBUG c.c.p.s.jwt.JwtAuthenticationFilter - >>> [JwtFilter] Found token in header for path: /api/v1/menu/left
2026-03-16 17:00:48 [http-nio-8080-exec-16] DEBUG c.c.p.s.jwt.JwtAuthenticationFilter - >>> [JwtFilter] Processing request: GET /api/v1/menu/left
2026-03-16 17:00:48 [http-nio-8080-exec-16] DEBUG c.c.p.s.jwt.JwtAuthenticationFilter - >>> [JwtFilter] Found token in header for path: /api/v1/menu/left
2026-03-16 17:00:48 [http-nio-8080-exec-17] DEBUG o.s.orm.jpa.JpaTransactionManager - Creating new transaction with name [com.company.project.security.iam.CustomUserDetailsService.loadUserByUsername]: PROPAGATION_REQUIRED,ISOLATION_DEFAULT,readOnly
2026-03-16 17:00:48 [http-nio-8080-exec-17] DEBUG o.s.orm.jpa.JpaTransactionManager - Opened new EntityManager [SessionImpl(255785653<open>)] for JPA transaction
2026-03-16 17:00:48 [http-nio-8080-exec-19] DEBUG c.c.p.s.jwt.JwtAuthenticationFilter - >>> [JwtFilter] Processing request: GET /api/v1/menu/left
2026-03-16 17:00:48 [http-nio-8080-exec-16] DEBUG o.s.orm.jpa.JpaTransactionManager - Creating new transaction with name [com.company.project.security.iam.CustomUserDetailsService.loadUserByUsername]: PROPAGATION_REQUIRED,ISOLATION_DEFAULT,readOnly
2026-03-16 17:00:48 [http-nio-8080-exec-19] DEBUG c.c.p.s.jwt.JwtAuthenticationFilter - >>> [JwtFilter] Found token in header for path: /api/v1/menu/left
2026-03-16 17:00:48 [http-nio-8080-exec-16] DEBUG o.s.orm.jpa.JpaTransactionManager - Opened new EntityManager [SessionImpl(1315786725<open>)] for JPA transaction
2026-03-16 17:00:48 [http-nio-8080-exec-18] DEBUG c.c.p.s.jwt.JwtAuthenticationFilter - >>> [JwtFilter] Processing request: GET /api/v1/menu/left
2026-03-16 17:00:48 [http-nio-8080-exec-19] DEBUG o.s.orm.jpa.JpaTransactionManager - Creating new transaction with name [com.company.project.security.iam.CustomUserDetailsService.loadUserByUsername]: PROPAGATION_REQUIRED,ISOLATION_DEFAULT,readOnly
2026-03-16 17:00:48 [http-nio-8080-exec-18] DEBUG c.c.p.s.jwt.JwtAuthenticationFilter - >>> [JwtFilter] Found token in header for path: /api/v1/menu/left
2026-03-16 17:00:48 [http-nio-8080-exec-19] DEBUG o.s.orm.jpa.JpaTransactionManager - Opened new EntityManager [SessionImpl(205617447<open>)] for JPA transaction
2026-03-16 17:00:48 [http-nio-8080-exec-18] DEBUG o.s.orm.jpa.JpaTransactionManager - Creating new transaction with name [com.company.project.security.iam.CustomUserDetailsService.loadUserByUsername]: PROPAGATION_REQUIRED,ISOLATION_DEFAULT,readOnly
2026-03-16 17:00:48 [http-nio-8080-exec-18] DEBUG o.s.orm.jpa.JpaTransactionManager - Opened new EntityManager [SessionImpl(198518513<open>)] for JPA transaction
2026-03-16 17:00:48 [http-nio-8080-exec-3] DEBUG o.s.orm.jpa.JpaTransactionManager - Initiating transaction commit
2026-03-16 17:00:48 [http-nio-8080-exec-3] DEBUG o.s.orm.jpa.JpaTransactionManager - Committing JPA transaction on EntityManager [SessionImpl(1625547626<open>)]
2026-03-16 17:00:48 [http-nio-8080-exec-4] DEBUG org.hibernate.SQL - select b1_0.ntt_id,b1_0.bbs_id,b1_0.ntt_sj,b1_0.ntcr_nm,b1_0.frst_regist_pnttm,b1_0.rdcnt,b1_0.answer_at,b1_0.parntsctt_no,b1_0.answer_lc,b1_0.sort_ordr,b1_0.ntt_no,b1_0.notice_at,b1_0.secret_at,b1_0.comment_co from nbbs b1_0 left join nemplyrinfo u1_0 on b1_0.frst_register_id=u1_0.esntl_id where (b1_0.use_at = 'Y') and b1_0.bbs_id=? order by b1_0.sort_ordr desc,b1_0.ntt_no offset ? rows fetch first ? rows only
2026-03-16 17:00:48 [http-nio-8080-exec-9] DEBUG o.s.orm.jpa.JpaTransactionManager - Exposing JPA transaction as JDBC [org.springframework.orm.jpa.vendor.HibernateJpaDialect$HibernateConnectionHandle@17530081]
2026-03-16 17:00:48 [http-nio-8080-exec-9] DEBUG o.s.orm.jpa.JpaTransactionManager - Found thread-bound EntityManager [SessionImpl(1417914433<open>)] for JPA transaction
2026-03-16 17:00:48 [http-nio-8080-exec-9] DEBUG o.s.orm.jpa.JpaTransactionManager - Participating in existing transaction
2026-03-16 17:00:48 [http-nio-8080-exec-9] DEBUG org.hibernate.SQL - select u1_0.emplyr_id,u1_0.area_no,u1_0.brthdy,u1_0.chg_pwd_cnt,u1_0.frst_register_id,u1_0.frst_regist_pnttm,u1_0.detail_adres,u1_0.email_adres,u1_0.emplyr_sttus_code,u1_0.empl_no,u1_0.esntl_id,u1_0.fxnum,u1_0.group_id,u1_0.house_adres,u1_0.house_end_telno,u1_0.house_middle_telno,u1_0.ihidnum,u1_0.pstinst_code,u1_0.last_updusr_id,u1_0.last_updt_pnttm,u1_0.lock_at,u1_0.lock_cnt,u1_0.lock_last_pnttm,u1_0.mbtlnum,u1_0.ofcps_nm,u1_0.offm_telno,u1_0.orgnzt_id,u1_0.password,u1_0.password_cnsr,u1_0.password_hint,u1_0.chg_pwd_last_pnttm,u1_0.role,u1_0.sbscrb_de,u1_0.sexdstn_code,u1_0.crtfc_dn_value,u1_0.user_nm,u1_0.zip from nemplyrinfo u1_0 where u1_0.emplyr_id=?
2026-03-16 17:00:48 [http-nio-8080-exec-2] DEBUG org.hibernate.SQL - select count(p1_0.progrm_file_nm) from nprogrmlist p1_0
2026-03-16 17:00:48 [http-nio-8080-exec-1] DEBUG o.s.orm.jpa.JpaTransactionManager - Found thread-bound EntityManager [SessionImpl(1568892049<open>)] for JPA transaction
2026-03-16 17:00:48 [http-nio-8080-exec-1] DEBUG o.s.orm.jpa.JpaTransactionManager - Participating in existing transaction
2026-03-16 17:00:48 [http-nio-8080-exec-1] DEBUG org.hibernate.SQL - select ua1_0.scrty_dtrmn_trget_id,ua1_0.author_code,ua1_0.frst_register_id,ua1_0.frst_regist_pnttm,ua1_0.last_updusr_id,ua1_0.last_updt_pnttm,ua1_0.mber_ty_code from nemplyrscrtyestbs ua1_0 where ua1_0.scrty_dtrmn_trget_id=?
2026-03-16 17:00:48 [http-nio-8080-exec-5] DEBUG o.s.orm.jpa.JpaTransactionManager - Exposing JPA transaction as JDBC [org.springframework.orm.jpa.vendor.HibernateJpaDialect$HibernateConnectionHandle@470eb05d]
2026-03-16 17:00:48 [http-nio-8080-exec-5] DEBUG o.s.orm.jpa.JpaTransactionManager - Found thread-bound EntityManager [SessionImpl(195901100<open>)] for JPA transaction
2026-03-16 17:00:48 [http-nio-8080-exec-5] DEBUG o.s.orm.jpa.JpaTransactionManager - Participating in existing transaction
2026-03-16 17:00:48 [http-nio-8080-exec-5] DEBUG org.hibernate.SQL - select u1_0.emplyr_id,u1_0.area_no,u1_0.brthdy,u1_0.chg_pwd_cnt,u1_0.frst_register_id,u1_0.frst_regist_pnttm,u1_0.detail_adres,u1_0.email_adres,u1_0.emplyr_sttus_code,u1_0.empl_no,u1_0.esntl_id,u1_0.fxnum,u1_0.group_id,u1_0.house_adres,u1_0.house_end_telno,u1_0.house_middle_telno,u1_0.ihidnum,u1_0.pstinst_code,u1_0.last_updusr_id,u1_0.last_updt_pnttm,u1_0.lock_at,u1_0.lock_cnt,u1_0.lock_last_pnttm,u1_0.mbtlnum,u1_0.ofcps_nm,u1_0.offm_telno,u1_0.orgnzt_id,u1_0.password,u1_0.password_cnsr,u1_0.password_hint,u1_0.chg_pwd_last_pnttm,u1_0.role,u1_0.sbscrb_de,u1_0.sexdstn_code,u1_0.crtfc_dn_value,u1_0.user_nm,u1_0.zip from nemplyrinfo u1_0 where u1_0.emplyr_id=?
2026-03-16 17:00:48 [http-nio-8080-exec-8] DEBUG o.s.orm.jpa.JpaTransactionManager - Found thread-bound EntityManager [SessionImpl(1738030155<open>)] for JPA transaction
2026-03-16 17:00:48 [http-nio-8080-exec-8] DEBUG o.s.orm.jpa.JpaTransactionManager - Participating in existing transaction
2026-03-16 17:00:48 [http-nio-8080-exec-8] DEBUG org.hibernate.SQL - select ua1_0.scrty_dtrmn_trget_id,ua1_0.author_code,ua1_0.frst_register_id,ua1_0.frst_regist_pnttm,ua1_0.last_updusr_id,ua1_0.last_updt_pnttm,ua1_0.mber_ty_code from nemplyrscrtyestbs ua1_0 where ua1_0.scrty_dtrmn_trget_id=?
2026-03-16 17:00:48 [http-nio-8080-exec-11] DEBUG o.s.orm.jpa.JpaTransactionManager - Found thread-bound EntityManager [SessionImpl(1568067780<open>)] for JPA transaction
2026-03-16 17:00:48 [http-nio-8080-exec-11] DEBUG o.s.orm.jpa.JpaTransactionManager - Participating in existing transaction
2026-03-16 17:00:48 [http-nio-8080-exec-11] DEBUG org.hibernate.SQL - select ua1_0.scrty_dtrmn_trget_id,ua1_0.author_code,ua1_0.frst_register_id,ua1_0.frst_regist_pnttm,ua1_0.last_updusr_id,ua1_0.last_updt_pnttm,ua1_0.mber_ty_code from nemplyrscrtyestbs ua1_0 where ua1_0.scrty_dtrmn_trget_id=?
2026-03-16 17:00:48 [http-nio-8080-exec-7] DEBUG o.s.orm.jpa.JpaTransactionManager - Found thread-bound EntityManager [SessionImpl(1314999622<open>)] for JPA transaction
2026-03-16 17:00:48 [http-nio-8080-exec-7] DEBUG o.s.orm.jpa.JpaTransactionManager - Participating in existing transaction
2026-03-16 17:00:48 [http-nio-8080-exec-7] DEBUG org.hibernate.SQL - select ua1_0.scrty_dtrmn_trget_id,ua1_0.author_code,ua1_0.frst_register_id,ua1_0.frst_regist_pnttm,ua1_0.last_updusr_id,ua1_0.last_updt_pnttm,ua1_0.mber_ty_code from nemplyrscrtyestbs ua1_0 where ua1_0.scrty_dtrmn_trget_id=?
2026-03-16 17:00:48 [http-nio-8080-exec-3] DEBUG o.s.orm.jpa.JpaTransactionManager - Closing JPA EntityManager [SessionImpl(1625547626<open>)] after transaction
2026-03-16 17:00:48 [http-nio-8080-exec-3] DEBUG c.c.p.s.jwt.JwtAuthenticationFilter - >>> [JwtFilter] Successfully authenticated user: USRCNFRM_99999999999, Authorities: [ROLE_ADMIN]
2026-03-16 17:00:48 [http-nio-8080-exec-12] DEBUG o.s.orm.jpa.JpaTransactionManager - Exposing JPA transaction as JDBC [org.springframework.orm.jpa.vendor.HibernateJpaDialect$HibernateConnectionHandle@71242ba]
2026-03-16 17:00:48 [http-nio-8080-exec-3] DEBUG o.s.web.servlet.DispatcherServlet - GET "/api/v1/menu/left?menuNo=60", parameters={masked}
2026-03-16 17:00:48 [http-nio-8080-exec-12] DEBUG o.s.orm.jpa.JpaTransactionManager - Found thread-bound EntityManager [SessionImpl(53335559<open>)] for JPA transaction
2026-03-16 17:00:48 [http-nio-8080-exec-12] DEBUG o.s.orm.jpa.JpaTransactionManager - Participating in existing transaction
2026-03-16 17:00:48 [http-nio-8080-exec-3] TRACE o.s.w.s.m.m.a.RequestMappingHandlerMapping - Mapped to com.company.project.api.controller.menu.MenuController#getLeftMenu(Long)
2026-03-16 17:00:48 [http-nio-8080-exec-12] DEBUG org.hibernate.SQL - select u1_0.emplyr_id,u1_0.area_no,u1_0.brthdy,u1_0.chg_pwd_cnt,u1_0.frst_register_id,u1_0.frst_regist_pnttm,u1_0.detail_adres,u1_0.email_adres,u1_0.emplyr_sttus_code,u1_0.empl_no,u1_0.esntl_id,u1_0.fxnum,u1_0.group_id,u1_0.house_adres,u1_0.house_end_telno,u1_0.house_middle_telno,u1_0.ihidnum,u1_0.pstinst_code,u1_0.last_updusr_id,u1_0.last_updt_pnttm,u1_0.lock_at,u1_0.lock_cnt,u1_0.lock_last_pnttm,u1_0.mbtlnum,u1_0.ofcps_nm,u1_0.offm_telno,u1_0.orgnzt_id,u1_0.password,u1_0.password_cnsr,u1_0.password_hint,u1_0.chg_pwd_last_pnttm,u1_0.role,u1_0.sbscrb_de,u1_0.sexdstn_code,u1_0.crtfc_dn_value,u1_0.user_nm,u1_0.zip from nemplyrinfo u1_0 where u1_0.emplyr_id=?
2026-03-16 17:00:48 [http-nio-8080-exec-3] INFO  c.c.p.a.c.menu.MenuController - getLeftMenu called with menuNo=60
2026-03-16 17:00:48 [http-nio-8080-exec-3] DEBUG o.s.orm.jpa.JpaTransactionManager - Creating new transaction with name [com.company.project.service.menu.MenuService.getSubMenus]: PROPAGATION_REQUIRED,ISOLATION_DEFAULT,readOnly
2026-03-16 17:00:48 [http-nio-8080-exec-3] DEBUG o.s.orm.jpa.JpaTransactionManager - Opened new EntityManager [SessionImpl(1413934943<open>)] for JPA transaction
2026-03-16 17:00:48 [http-nio-8080-exec-4] DEBUG org.hibernate.SQL - select count(b1_0.ntt_id) from nbbs b1_0 left join nemplyrinfo u1_0 on b1_0.frst_register_id=u1_0.esntl_id where (b1_0.use_at = 'Y') and b1_0.bbs_id=?
2026-03-16 17:00:48 [http-nio-8080-exec-9] DEBUG o.s.orm.jpa.JpaTransactionManager - Found thread-bound EntityManager [SessionImpl(1417914433<open>)] for JPA transaction
2026-03-16 17:00:48 [http-nio-8080-exec-9] DEBUG o.s.orm.jpa.JpaTransactionManager - Participating in existing transaction
2026-03-16 17:00:48 [http-nio-8080-exec-9] DEBUG org.hibernate.SQL - select ua1_0.scrty_dtrmn_trget_id,ua1_0.author_code,ua1_0.frst_register_id,ua1_0.frst_regist_pnttm,ua1_0.last_updusr_id,ua1_0.last_updt_pnttm,ua1_0.mber_ty_code from nemplyrscrtyestbs ua1_0 where ua1_0.scrty_dtrmn_trget_id=?
2026-03-16 17:00:48 [http-nio-8080-exec-2] DEBUG o.s.orm.jpa.JpaTransactionManager - Initiating transaction commit
2026-03-16 17:00:48 [http-nio-8080-exec-2] DEBUG o.s.orm.jpa.JpaTransactionManager - Committing JPA transaction on EntityManager [SessionImpl(1582558620<open>)]
2026-03-16 17:00:48 [http-nio-8080-exec-1] DEBUG o.s.orm.jpa.JpaTransactionManager - Initiating transaction commit
2026-03-16 17:00:48 [http-nio-8080-exec-1] DEBUG o.s.orm.jpa.JpaTransactionManager - Committing JPA transaction on EntityManager [SessionImpl(1568892049<open>)]
2026-03-16 17:00:48 [http-nio-8080-exec-8] DEBUG o.s.orm.jpa.JpaTransactionManager - Initiating transaction commit
2026-03-16 17:00:48 [http-nio-8080-exec-8] DEBUG o.s.orm.jpa.JpaTransactionManager - Committing JPA transaction on EntityManager [SessionImpl(1738030155<open>)]
2026-03-16 17:00:48 [http-nio-8080-exec-5] DEBUG o.s.orm.jpa.JpaTransactionManager - Found thread-bound EntityManager [SessionImpl(195901100<open>)] for JPA transaction
2026-03-16 17:00:48 [http-nio-8080-exec-5] DEBUG o.s.orm.jpa.JpaTransactionManager - Participating in existing transaction
2026-03-16 17:00:48 [http-nio-8080-exec-5] DEBUG org.hibernate.SQL - select ua1_0.scrty_dtrmn_trget_id,ua1_0.author_code,ua1_0.frst_register_id,ua1_0.frst_regist_pnttm,ua1_0.last_updusr_id,ua1_0.last_updt_pnttm,ua1_0.mber_ty_code from nemplyrscrtyestbs ua1_0 where ua1_0.scrty_dtrmn_trget_id=?
2026-03-16 17:00:48 [http-nio-8080-exec-11] DEBUG o.s.orm.jpa.JpaTransactionManager - Initiating transaction commit
2026-03-16 17:00:48 [http-nio-8080-exec-11] DEBUG o.s.orm.jpa.JpaTransactionManager - Committing JPA transaction on EntityManager [SessionImpl(1568067780<open>)]
2026-03-16 17:00:48 [http-nio-8080-exec-7] DEBUG o.s.orm.jpa.JpaTransactionManager - Initiating transaction commit
2026-03-16 17:00:48 [http-nio-8080-exec-7] DEBUG o.s.orm.jpa.JpaTransactionManager - Committing JPA transaction on EntityManager [SessionImpl(1314999622<open>)]
2026-03-16 17:00:48 [http-nio-8080-exec-10] DEBUG o.s.orm.jpa.JpaTransactionManager - Found thread-bound EntityManager [SessionImpl(1844781877<open>)] for JPA transaction
2026-03-16 17:00:48 [http-nio-8080-exec-10] DEBUG o.s.orm.jpa.JpaTransactionManager - Participating in existing transaction
2026-03-16 17:00:48 [http-nio-8080-exec-10] DEBUG org.hibernate.SQL - select p1_0.progrm_file_nm,p1_0.progrm_dc,p1_0.progrm_korean_nm,p1_0.progrm_stre_path,p1_0.url from nprogrmlist p1_0
2026-03-16 17:00:48 [http-nio-8080-exec-4] DEBUG o.s.orm.jpa.JpaTransactionManager - Initiating transaction commit
2026-03-16 17:00:48 [http-nio-8080-exec-4] DEBUG o.s.orm.jpa.JpaTransactionManager - Committing JPA transaction on EntityManager [SessionImpl(1430216231<open>)]
2026-03-16 17:00:48 [http-nio-8080-exec-2] DEBUG o.s.orm.jpa.JpaTransactionManager - Closing JPA EntityManager [SessionImpl(1582558620<open>)] after transaction
2026-03-16 17:00:48 [http-nio-8080-exec-9] DEBUG o.s.orm.jpa.JpaTransactionManager - Initiating transaction commit
2026-03-16 17:00:48 [http-nio-8080-exec-9] DEBUG o.s.orm.jpa.JpaTransactionManager - Committing JPA transaction on EntityManager [SessionImpl(1417914433<open>)]
2026-03-16 17:00:48 [http-nio-8080-exec-2] DEBUG o.s.orm.jpa.JpaTransactionManager - Creating new transaction with name [com.company.project.service.program.ProgramService.selectProgrmListTotCnt]: PROPAGATION_REQUIRED,ISOLATION_DEFAULT,readOnly
2026-03-16 17:00:48 [http-nio-8080-exec-2] DEBUG o.s.orm.jpa.JpaTransactionManager - Opened new EntityManager [SessionImpl(109597095<open>)] for JPA transaction
2026-03-16 17:00:48 [http-nio-8080-exec-13] DEBUG o.s.orm.jpa.JpaTransactionManager - Exposing JPA transaction as JDBC [org.springframework.orm.jpa.vendor.HibernateJpaDialect$HibernateConnectionHandle@57dff56d]
2026-03-16 17:00:48 [http-nio-8080-exec-1] DEBUG o.s.orm.jpa.JpaTransactionManager - Closing JPA EntityManager [SessionImpl(1568892049<open>)] after transaction
2026-03-16 17:00:48 [http-nio-8080-exec-13] DEBUG o.s.orm.jpa.JpaTransactionManager - Found thread-bound EntityManager [SessionImpl(1407216585<open>)] for JPA transaction
2026-03-16 17:00:48 [http-nio-8080-exec-1] DEBUG c.c.p.s.jwt.JwtAuthenticationFilter - >>> [JwtFilter] Successfully authenticated user: USRCNFRM_99999999999, Authorities: [ROLE_ADMIN]
2026-03-16 17:00:48 [http-nio-8080-exec-14] DEBUG o.s.orm.jpa.JpaTransactionManager - Exposing JPA transaction as JDBC [org.springframework.orm.jpa.vendor.HibernateJpaDialect$HibernateConnectionHandle@4cabfe]
2026-03-16 17:00:48 [http-nio-8080-exec-13] DEBUG o.s.orm.jpa.JpaTransactionManager - Participating in existing transaction
2026-03-16 17:00:48 [http-nio-8080-exec-13] DEBUG org.hibernate.SQL - select u1_0.emplyr_id,u1_0.area_no,u1_0.brthdy,u1_0.chg_pwd_cnt,u1_0.frst_register_id,u1_0.frst_regist_pnttm,u1_0.detail_adres,u1_0.email_adres,u1_0.emplyr_sttus_code,u1_0.empl_no,u1_0.esntl_id,u1_0.fxnum,u1_0.group_id,u1_0.house_adres,u1_0.house_end_telno,u1_0.house_middle_telno,u1_0.ihidnum,u1_0.pstinst_code,u1_0.last_updusr_id,u1_0.last_updt_pnttm,u1_0.lock_at,u1_0.lock_cnt,u1_0.lock_last_pnttm,u1_0.mbtlnum,u1_0.ofcps_nm,u1_0.offm_telno,u1_0.orgnzt_id,u1_0.password,u1_0.password_cnsr,u1_0.password_hint,u1_0.chg_pwd_last_pnttm,u1_0.role,u1_0.sbscrb_de,u1_0.sexdstn_code,u1_0.crtfc_dn_value,u1_0.user_nm,u1_0.zip from nemplyrinfo u1_0 where u1_0.emplyr_id=?
2026-03-16 17:00:48 [http-nio-8080-exec-1] DEBUG o.s.web.servlet.DispatcherServlet - GET "/api/v1/menu/left?menuNo=50", parameters={masked}
2026-03-16 17:00:48 [http-nio-8080-exec-14] DEBUG o.s.orm.jpa.JpaTransactionManager - Found thread-bound EntityManager [SessionImpl(74657704<open>)] for JPA transaction
2026-03-16 17:00:48 [http-nio-8080-exec-14] DEBUG o.s.orm.jpa.JpaTransactionManager - Participating in existing transaction
2026-03-16 17:00:48 [http-nio-8080-exec-1] TRACE o.s.w.s.m.m.a.RequestMappingHandlerMapping - Mapped to com.company.project.api.controller.menu.MenuController#getLeftMenu(Long)
2026-03-16 17:00:48 [http-nio-8080-exec-14] DEBUG org.hibernate.SQL - select u1_0.emplyr_id,u1_0.area_no,u1_0.brthdy,u1_0.chg_pwd_cnt,u1_0.frst_register_id,u1_0.frst_regist_pnttm,u1_0.detail_adres,u1_0.email_adres,u1_0.emplyr_sttus_code,u1_0.empl_no,u1_0.esntl_id,u1_0.fxnum,u1_0.group_id,u1_0.house_adres,u1_0.house_end_telno,u1_0.house_middle_telno,u1_0.ihidnum,u1_0.pstinst_code,u1_0.last_updusr_id,u1_0.last_updt_pnttm,u1_0.lock_at,u1_0.lock_cnt,u1_0.lock_last_pnttm,u1_0.mbtlnum,u1_0.ofcps_nm,u1_0.offm_telno,u1_0.orgnzt_id,u1_0.password,u1_0.password_cnsr,u1_0.password_hint,u1_0.chg_pwd_last_pnttm,u1_0.role,u1_0.sbscrb_de,u1_0.sexdstn_code,u1_0.crtfc_dn_value,u1_0.user_nm,u1_0.zip from nemplyrinfo u1_0 where u1_0.emplyr_id=?
2026-03-16 17:00:48 [http-nio-8080-exec-1] INFO  c.c.p.a.c.menu.MenuController - getLeftMenu called with menuNo=50
2026-03-16 17:00:48 [http-nio-8080-exec-1] DEBUG o.s.orm.jpa.JpaTransactionManager - Creating new transaction with name [com.company.project.service.menu.MenuService.getSubMenus]: PROPAGATION_REQUIRED,ISOLATION_DEFAULT,readOnly
2026-03-16 17:00:48 [http-nio-8080-exec-1] DEBUG o.s.orm.jpa.JpaTransactionManager - Opened new EntityManager [SessionImpl(707522959<open>)] for JPA transaction
2026-03-16 17:00:48 [http-nio-8080-exec-12] DEBUG o.s.orm.jpa.JpaTransactionManager - Found thread-bound EntityManager [SessionImpl(53335559<open>)] for JPA transaction
2026-03-16 17:00:48 [http-nio-8080-exec-12] DEBUG o.s.orm.jpa.JpaTransactionManager - Participating in existing transaction
2026-03-16 17:00:48 [http-nio-8080-exec-12] DEBUG org.hibernate.SQL - select ua1_0.scrty_dtrmn_trget_id,ua1_0.author_code,ua1_0.frst_register_id,ua1_0.frst_regist_pnttm,ua1_0.last_updusr_id,ua1_0.last_updt_pnttm,ua1_0.mber_ty_code from nemplyrscrtyestbs ua1_0 where ua1_0.scrty_dtrmn_trget_id=?
2026-03-16 17:00:48 [http-nio-8080-exec-8] DEBUG o.s.orm.jpa.JpaTransactionManager - Closing JPA EntityManager [SessionImpl(1738030155<open>)] after transaction
2026-03-16 17:00:48 [http-nio-8080-exec-8] DEBUG c.c.p.s.jwt.JwtAuthenticationFilter - >>> [JwtFilter] Successfully authenticated user: USRCNFRM_99999999999, Authorities: [ROLE_ADMIN]
2026-03-16 17:00:48 [http-nio-8080-exec-15] DEBUG o.s.orm.jpa.JpaTransactionManager - Exposing JPA transaction as JDBC [org.springframework.orm.jpa.vendor.HibernateJpaDialect$HibernateConnectionHandle@2884195e]
2026-03-16 17:00:48 [http-nio-8080-exec-8] DEBUG o.s.web.servlet.DispatcherServlet - GET "/api/v1/menu/left?menuNo=40", parameters={masked}
2026-03-16 17:00:48 [http-nio-8080-exec-8] TRACE o.s.w.s.m.m.a.RequestMappingHandlerMapping - Mapped to com.company.project.api.controller.menu.MenuController#getLeftMenu(Long)
2026-03-16 17:00:48 [http-nio-8080-exec-15] DEBUG o.s.orm.jpa.JpaTransactionManager - Found thread-bound EntityManager [SessionImpl(750487569<open>)] for JPA transaction
2026-03-16 17:00:48 [http-nio-8080-exec-15] DEBUG o.s.orm.jpa.JpaTransactionManager - Participating in existing transaction
2026-03-16 17:00:48 [http-nio-8080-exec-8] INFO  c.c.p.a.c.menu.MenuController - getLeftMenu called with menuNo=40
2026-03-16 17:00:48 [http-nio-8080-exec-8] DEBUG o.s.orm.jpa.JpaTransactionManager - Creating new transaction with name [com.company.project.service.menu.MenuService.getSubMenus]: PROPAGATION_REQUIRED,ISOLATION_DEFAULT,readOnly
2026-03-16 17:00:48 [http-nio-8080-exec-8] DEBUG o.s.orm.jpa.JpaTransactionManager - Opened new EntityManager [SessionImpl(1171335077<open>)] for JPA transaction
2026-03-16 17:00:48 [http-nio-8080-exec-15] DEBUG org.hibernate.SQL - select u1_0.emplyr_id,u1_0.area_no,u1_0.brthdy,u1_0.chg_pwd_cnt,u1_0.frst_register_id,u1_0.frst_regist_pnttm,u1_0.detail_adres,u1_0.email_adres,u1_0.emplyr_sttus_code,u1_0.empl_no,u1_0.esntl_id,u1_0.fxnum,u1_0.group_id,u1_0.house_adres,u1_0.house_end_telno,u1_0.house_middle_telno,u1_0.ihidnum,u1_0.pstinst_code,u1_0.last_updusr_id,u1_0.last_updt_pnttm,u1_0.lock_at,u1_0.lock_cnt,u1_0.lock_last_pnttm,u1_0.mbtlnum,u1_0.ofcps_nm,u1_0.offm_telno,u1_0.orgnzt_id,u1_0.password,u1_0.password_cnsr,u1_0.password_hint,u1_0.chg_pwd_last_pnttm,u1_0.role,u1_0.sbscrb_de,u1_0.sexdstn_code,u1_0.crtfc_dn_value,u1_0.user_nm,u1_0.zip from nemplyrinfo u1_0 where u1_0.emplyr_id=?
2026-03-16 17:00:48 [http-nio-8080-exec-5] DEBUG o.s.orm.jpa.JpaTransactionManager - Initiating transaction commit
2026-03-16 17:00:48 [http-nio-8080-exec-5] DEBUG o.s.orm.jpa.JpaTransactionManager - Committing JPA transaction on EntityManager [SessionImpl(195901100<open>)]
2026-03-16 17:00:48 [http-nio-8080-exec-11] DEBUG o.s.orm.jpa.JpaTransactionManager - Closing JPA EntityManager [SessionImpl(1568067780<open>)] after transaction
2026-03-16 17:00:48 [http-nio-8080-exec-11] DEBUG c.c.p.s.jwt.JwtAuthenticationFilter - >>> [JwtFilter] Successfully authenticated user: USRCNFRM_99999999999, Authorities: [ROLE_ADMIN]
2026-03-16 17:00:48 [http-nio-8080-exec-6] DEBUG o.s.orm.jpa.JpaTransactionManager - Exposing JPA transaction as JDBC [org.springframework.orm.jpa.vendor.HibernateJpaDialect$HibernateConnectionHandle@21b1b59d]
2026-03-16 17:00:48 [http-nio-8080-exec-11] DEBUG o.s.web.servlet.DispatcherServlet - GET "/api/v1/menu/left?menuNo=60", parameters={masked}
2026-03-16 17:00:48 [http-nio-8080-exec-6] DEBUG o.s.orm.jpa.JpaTransactionManager - Found thread-bound EntityManager [SessionImpl(118805372<open>)] for JPA transaction
2026-03-16 17:00:48 [http-nio-8080-exec-6] DEBUG o.s.orm.jpa.JpaTransactionManager - Participating in existing transaction
2026-03-16 17:00:48 [http-nio-8080-exec-11] TRACE o.s.w.s.m.m.a.RequestMappingHandlerMapping - Mapped to com.company.project.api.controller.menu.MenuController#getLeftMenu(Long)
2026-03-16 17:00:48 [http-nio-8080-exec-6] DEBUG org.hibernate.SQL - select u1_0.emplyr_id,u1_0.area_no,u1_0.brthdy,u1_0.chg_pwd_cnt,u1_0.frst_register_id,u1_0.frst_regist_pnttm,u1_0.detail_adres,u1_0.email_adres,u1_0.emplyr_sttus_code,u1_0.empl_no,u1_0.esntl_id,u1_0.fxnum,u1_0.group_id,u1_0.house_adres,u1_0.house_end_telno,u1_0.house_middle_telno,u1_0.ihidnum,u1_0.pstinst_code,u1_0.last_updusr_id,u1_0.last_updt_pnttm,u1_0.lock_at,u1_0.lock_cnt,u1_0.lock_last_pnttm,u1_0.mbtlnum,u1_0.ofcps_nm,u1_0.offm_telno,u1_0.orgnzt_id,u1_0.password,u1_0.password_cnsr,u1_0.password_hint,u1_0.chg_pwd_last_pnttm,u1_0.role,u1_0.sbscrb_de,u1_0.sexdstn_code,u1_0.crtfc_dn_value,u1_0.user_nm,u1_0.zip from nemplyrinfo u1_0 where u1_0.emplyr_id=?
2026-03-16 17:00:48 [http-nio-8080-exec-11] INFO  c.c.p.a.c.menu.MenuController - getLeftMenu called with menuNo=60
2026-03-16 17:00:48 [http-nio-8080-exec-11] DEBUG o.s.orm.jpa.JpaTransactionManager - Creating new transaction with name [com.company.project.service.menu.MenuService.getSubMenus]: PROPAGATION_REQUIRED,ISOLATION_DEFAULT,readOnly
2026-03-16 17:00:48 [http-nio-8080-exec-11] DEBUG o.s.orm.jpa.JpaTransactionManager - Opened new EntityManager [SessionImpl(2016034157<open>)] for JPA transaction
2026-03-16 17:00:48 [http-nio-8080-exec-7] DEBUG o.s.orm.jpa.JpaTransactionManager - Closing JPA EntityManager [SessionImpl(1314999622<open>)] after transaction
2026-03-16 17:00:48 [http-nio-8080-exec-7] DEBUG c.c.p.s.jwt.JwtAuthenticationFilter - >>> [JwtFilter] Successfully authenticated user: USRCNFRM_99999999999, Authorities: [ROLE_ADMIN]
2026-03-16 17:00:48 [http-nio-8080-exec-17] DEBUG o.s.orm.jpa.JpaTransactionManager - Exposing JPA transaction as JDBC [org.springframework.orm.jpa.vendor.HibernateJpaDialect$HibernateConnectionHandle@b016f8a]
2026-03-16 17:00:48 [http-nio-8080-exec-7] DEBUG o.s.web.servlet.DispatcherServlet - GET "/api/v1/menu/left?menuNo=10", parameters={masked}
2026-03-16 17:00:48 [http-nio-8080-exec-17] DEBUG o.s.orm.jpa.JpaTransactionManager - Found thread-bound EntityManager [SessionImpl(255785653<open>)] for JPA transaction
2026-03-16 17:00:48 [http-nio-8080-exec-17] DEBUG o.s.orm.jpa.JpaTransactionManager - Participating in existing transaction
2026-03-16 17:00:48 [http-nio-8080-exec-7] TRACE o.s.w.s.m.m.a.RequestMappingHandlerMapping - Mapped to com.company.project.api.controller.menu.MenuController#getLeftMenu(Long)
2026-03-16 17:00:48 [http-nio-8080-exec-7] INFO  c.c.p.a.c.menu.MenuController - getLeftMenu called with menuNo=10
2026-03-16 17:00:48 [http-nio-8080-exec-17] DEBUG org.hibernate.SQL - select u1_0.emplyr_id,u1_0.area_no,u1_0.brthdy,u1_0.chg_pwd_cnt,u1_0.frst_register_id,u1_0.frst_regist_pnttm,u1_0.detail_adres,u1_0.email_adres,u1_0.emplyr_sttus_code,u1_0.empl_no,u1_0.esntl_id,u1_0.fxnum,u1_0.group_id,u1_0.house_adres,u1_0.house_end_telno,u1_0.house_middle_telno,u1_0.ihidnum,u1_0.pstinst_code,u1_0.last_updusr_id,u1_0.last_updt_pnttm,u1_0.lock_at,u1_0.lock_cnt,u1_0.lock_last_pnttm,u1_0.mbtlnum,u1_0.ofcps_nm,u1_0.offm_telno,u1_0.orgnzt_id,u1_0.password,u1_0.password_cnsr,u1_0.password_hint,u1_0.chg_pwd_last_pnttm,u1_0.role,u1_0.sbscrb_de,u1_0.sexdstn_code,u1_0.crtfc_dn_value,u1_0.user_nm,u1_0.zip from nemplyrinfo u1_0 where u1_0.emplyr_id=?
2026-03-16 17:00:48 [http-nio-8080-exec-7] DEBUG o.s.orm.jpa.JpaTransactionManager - Creating new transaction with name [com.company.project.service.menu.MenuService.getSubMenus]: PROPAGATION_REQUIRED,ISOLATION_DEFAULT,readOnly
2026-03-16 17:00:48 [http-nio-8080-exec-7] DEBUG o.s.orm.jpa.JpaTransactionManager - Opened new EntityManager [SessionImpl(465777596<open>)] for JPA transaction
2026-03-16 17:00:48 [http-nio-8080-exec-10] DEBUG o.s.orm.jpa.JpaTransactionManager - Initiating transaction commit
2026-03-16 17:00:48 [http-nio-8080-exec-10] DEBUG o.s.orm.jpa.JpaTransactionManager - Committing JPA transaction on EntityManager [SessionImpl(1844781877<open>)]
2026-03-16 17:00:48 [http-nio-8080-exec-4] DEBUG o.s.orm.jpa.JpaTransactionManager - Closing JPA EntityManager [SessionImpl(1430216231<open>)] after transaction
2026-03-16 17:00:48 [http-nio-8080-exec-4] DEBUG o.s.orm.jpa.JpaTransactionManager - Creating new transaction with name [com.company.project.service.board.BoardService.getBoardPosts]: PROPAGATION_REQUIRED,ISOLATION_DEFAULT,readOnly
2026-03-16 17:00:48 [http-nio-8080-exec-4] DEBUG o.s.orm.jpa.JpaTransactionManager - Opened new EntityManager [SessionImpl(175451284<open>)] for JPA transaction
2026-03-16 17:00:48 [http-nio-8080-exec-4] DEBUG o.s.orm.jpa.JpaTransactionManager - Exposing JPA transaction as JDBC [org.springframework.orm.jpa.vendor.HibernateJpaDialect$HibernateConnectionHandle@442c757e]
2026-03-16 17:00:48 [http-nio-8080-exec-4] DEBUG o.s.orm.jpa.JpaTransactionManager - Found thread-bound EntityManager [SessionImpl(175451284<open>)] for JPA transaction
2026-03-16 17:00:48 [http-nio-8080-exec-4] DEBUG o.s.orm.jpa.JpaTransactionManager - Participating in existing transaction
2026-03-16 17:00:48 [http-nio-8080-exec-4] DEBUG org.hibernate.SQL - select bm1_0.bbs_id,bm1_0.atch_posbl_file_number,bm1_0.atch_posbl_file_size,bm1_0.bbs_attrb_code,bm1_0.bbs_intrcn,bm1_0.bbs_nm,bm1_0.bbs_ty_code,bm1_0.blog_at,bm1_0.blog_id,bm1_0.cmmnty_id,bm1_0.frst_register_id,bm1_0.frst_regist_pnttm,bm1_0.file_atch_posbl_at,bm1_0.last_updusr_id,bm1_0.last_updt_pnttm,bm1_0.reply_posbl_at,bm1_0.tmplat_id,bm1_0.use_at,bm1_1.answer_at,bm1_1.stsfdg_at from nbbsmaster bm1_0 left join nbbsmasteroptn bm1_1 on bm1_0.bbs_id=bm1_1.bbs_id where bm1_0.bbs_id=?
2026-03-16 17:00:48 [http-nio-8080-exec-9] DEBUG o.s.orm.jpa.JpaTransactionManager - Closing JPA EntityManager [SessionImpl(1417914433<open>)] after transaction
2026-03-16 17:00:48 [http-nio-8080-exec-9] DEBUG c.c.p.s.jwt.JwtAuthenticationFilter - >>> [JwtFilter] Successfully authenticated user: USRCNFRM_99999999999, Authorities: [ROLE_ADMIN]
2026-03-16 17:00:48 [http-nio-8080-exec-19] DEBUG o.s.orm.jpa.JpaTransactionManager - Exposing JPA transaction as JDBC [org.springframework.orm.jpa.vendor.HibernateJpaDialect$HibernateConnectionHandle@87eec77]
2026-03-16 17:00:48 [http-nio-8080-exec-9] DEBUG o.s.web.servlet.DispatcherServlet - GET "/api/v1/menu/left?menuNo=20", parameters={masked}
2026-03-16 17:00:48 [http-nio-8080-exec-19] DEBUG o.s.orm.jpa.JpaTransactionManager - Found thread-bound EntityManager [SessionImpl(205617447<open>)] for JPA transaction
2026-03-16 17:00:48 [http-nio-8080-exec-19] DEBUG o.s.orm.jpa.JpaTransactionManager - Participating in existing transaction
2026-03-16 17:00:48 [http-nio-8080-exec-9] TRACE o.s.w.s.m.m.a.RequestMappingHandlerMapping - Mapped to com.company.project.api.controller.menu.MenuController#getLeftMenu(Long)
2026-03-16 17:00:48 [http-nio-8080-exec-19] DEBUG org.hibernate.SQL - select u1_0.emplyr_id,u1_0.area_no,u1_0.brthdy,u1_0.chg_pwd_cnt,u1_0.frst_register_id,u1_0.frst_regist_pnttm,u1_0.detail_adres,u1_0.email_adres,u1_0.emplyr_sttus_code,u1_0.empl_no,u1_0.esntl_id,u1_0.fxnum,u1_0.group_id,u1_0.house_adres,u1_0.house_end_telno,u1_0.house_middle_telno,u1_0.ihidnum,u1_0.pstinst_code,u1_0.last_updusr_id,u1_0.last_updt_pnttm,u1_0.lock_at,u1_0.lock_cnt,u1_0.lock_last_pnttm,u1_0.mbtlnum,u1_0.ofcps_nm,u1_0.offm_telno,u1_0.orgnzt_id,u1_0.password,u1_0.password_cnsr,u1_0.password_hint,u1_0.chg_pwd_last_pnttm,u1_0.role,u1_0.sbscrb_de,u1_0.sexdstn_code,u1_0.crtfc_dn_value,u1_0.user_nm,u1_0.zip from nemplyrinfo u1_0 where u1_0.emplyr_id=?
2026-03-16 17:00:48 [http-nio-8080-exec-9] INFO  c.c.p.a.c.menu.MenuController - getLeftMenu called with menuNo=20
2026-03-16 17:00:48 [http-nio-8080-exec-9] DEBUG o.s.orm.jpa.JpaTransactionManager - Creating new transaction with name [com.company.project.service.menu.MenuService.getSubMenus]: PROPAGATION_REQUIRED,ISOLATION_DEFAULT,readOnly
2026-03-16 17:00:48 [http-nio-8080-exec-9] DEBUG o.s.orm.jpa.JpaTransactionManager - Opened new EntityManager [SessionImpl(2045849763<open>)] for JPA transaction
2026-03-16 17:00:48 [http-nio-8080-exec-14] DEBUG o.s.orm.jpa.JpaTransactionManager - Found thread-bound EntityManager [SessionImpl(74657704<open>)] for JPA transaction
2026-03-16 17:00:48 [http-nio-8080-exec-14] DEBUG o.s.orm.jpa.JpaTransactionManager - Participating in existing transaction
2026-03-16 17:00:48 [http-nio-8080-exec-14] DEBUG org.hibernate.SQL - select ua1_0.scrty_dtrmn_trget_id,ua1_0.author_code,ua1_0.frst_register_id,ua1_0.frst_regist_pnttm,ua1_0.last_updusr_id,ua1_0.last_updt_pnttm,ua1_0.mber_ty_code from nemplyrscrtyestbs ua1_0 where ua1_0.scrty_dtrmn_trget_id=?
2026-03-16 17:00:48 [http-nio-8080-exec-13] DEBUG o.s.orm.jpa.JpaTransactionManager - Found thread-bound EntityManager [SessionImpl(1407216585<open>)] for JPA transaction
2026-03-16 17:00:48 [http-nio-8080-exec-13] DEBUG o.s.orm.jpa.JpaTransactionManager - Participating in existing transaction
2026-03-16 17:00:48 [http-nio-8080-exec-13] DEBUG org.hibernate.SQL - select ua1_0.scrty_dtrmn_trget_id,ua1_0.author_code,ua1_0.frst_register_id,ua1_0.frst_regist_pnttm,ua1_0.last_updusr_id,ua1_0.last_updt_pnttm,ua1_0.mber_ty_code from nemplyrscrtyestbs ua1_0 where ua1_0.scrty_dtrmn_trget_id=?
2026-03-16 17:00:48 [http-nio-8080-exec-12] DEBUG o.s.orm.jpa.JpaTransactionManager - Initiating transaction commit
2026-03-16 17:00:48 [http-nio-8080-exec-12] DEBUG o.s.orm.jpa.JpaTransactionManager - Committing JPA transaction on EntityManager [SessionImpl(53335559<open>)]
2026-03-16 17:00:48 [http-nio-8080-exec-5] DEBUG o.s.orm.jpa.JpaTransactionManager - Closing JPA EntityManager [SessionImpl(195901100<open>)] after transaction
2026-03-16 17:00:48 [http-nio-8080-exec-5] DEBUG c.c.p.s.jwt.JwtAuthenticationFilter - >>> [JwtFilter] Successfully authenticated user: USRCNFRM_99999999999, Authorities: [ROLE_ADMIN]
2026-03-16 17:00:48 [http-nio-8080-exec-15] DEBUG o.s.orm.jpa.JpaTransactionManager - Found thread-bound EntityManager [SessionImpl(750487569<open>)] for JPA transaction
2026-03-16 17:00:48 [http-nio-8080-exec-18] DEBUG o.s.orm.jpa.JpaTransactionManager - Exposing JPA transaction as JDBC [org.springframework.orm.jpa.vendor.HibernateJpaDialect$HibernateConnectionHandle@feaa353]
2026-03-16 17:00:48 [http-nio-8080-exec-15] DEBUG o.s.orm.jpa.JpaTransactionManager - Participating in existing transaction
2026-03-16 17:00:48 [http-nio-8080-exec-15] DEBUG org.hibernate.SQL - select ua1_0.scrty_dtrmn_trget_id,ua1_0.author_code,ua1_0.frst_register_id,ua1_0.frst_regist_pnttm,ua1_0.last_updusr_id,ua1_0.last_updt_pnttm,ua1_0.mber_ty_code from nemplyrscrtyestbs ua1_0 where ua1_0.scrty_dtrmn_trget_id=?
2026-03-16 17:00:48 [http-nio-8080-exec-18] DEBUG o.s.orm.jpa.JpaTransactionManager - Found thread-bound EntityManager [SessionImpl(198518513<open>)] for JPA transaction
2026-03-16 17:00:48 [http-nio-8080-exec-18] DEBUG o.s.orm.jpa.JpaTransactionManager - Participating in existing transaction
2026-03-16 17:00:48 [http-nio-8080-exec-18] DEBUG org.hibernate.SQL - select u1_0.emplyr_id,u1_0.area_no,u1_0.brthdy,u1_0.chg_pwd_cnt,u1_0.frst_register_id,u1_0.frst_regist_pnttm,u1_0.detail_adres,u1_0.email_adres,u1_0.emplyr_sttus_code,u1_0.empl_no,u1_0.esntl_id,u1_0.fxnum,u1_0.group_id,u1_0.house_adres,u1_0.house_end_telno,u1_0.house_middle_telno,u1_0.ihidnum,u1_0.pstinst_code,u1_0.last_updusr_id,u1_0.last_updt_pnttm,u1_0.lock_at,u1_0.lock_cnt,u1_0.lock_last_pnttm,u1_0.mbtlnum,u1_0.ofcps_nm,u1_0.offm_telno,u1_0.orgnzt_id,u1_0.password,u1_0.password_cnsr,u1_0.password_hint,u1_0.chg_pwd_last_pnttm,u1_0.role,u1_0.sbscrb_de,u1_0.sexdstn_code,u1_0.crtfc_dn_value,u1_0.user_nm,u1_0.zip from nemplyrinfo u1_0 where u1_0.emplyr_id=?
2026-03-16 17:00:48 [http-nio-8080-exec-5] DEBUG o.s.web.servlet.DispatcherServlet - GET "/api/v1/menu/left?menuNo=10", parameters={masked}
2026-03-16 17:00:48 [http-nio-8080-exec-5] TRACE o.s.w.s.m.m.a.RequestMappingHandlerMapping - Mapped to com.company.project.api.controller.menu.MenuController#getLeftMenu(Long)
2026-03-16 17:00:48 [http-nio-8080-exec-5] INFO  c.c.p.a.c.menu.MenuController - getLeftMenu called with menuNo=10
2026-03-16 17:00:48 [http-nio-8080-exec-5] DEBUG o.s.orm.jpa.JpaTransactionManager - Creating new transaction with name [com.company.project.service.menu.MenuService.getSubMenus]: PROPAGATION_REQUIRED,ISOLATION_DEFAULT,readOnly
2026-03-16 17:00:48 [http-nio-8080-exec-5] DEBUG o.s.orm.jpa.JpaTransactionManager - Opened new EntityManager [SessionImpl(277967636<open>)] for JPA transaction
2026-03-16 17:00:48 [http-nio-8080-exec-6] DEBUG o.s.orm.jpa.JpaTransactionManager - Found thread-bound EntityManager [SessionImpl(118805372<open>)] for JPA transaction
2026-03-16 17:00:48 [http-nio-8080-exec-6] DEBUG o.s.orm.jpa.JpaTransactionManager - Participating in existing transaction
2026-03-16 17:00:48 [http-nio-8080-exec-6] DEBUG org.hibernate.SQL - select ua1_0.scrty_dtrmn_trget_id,ua1_0.author_code,ua1_0.frst_register_id,ua1_0.frst_regist_pnttm,ua1_0.last_updusr_id,ua1_0.last_updt_pnttm,ua1_0.mber_ty_code from nemplyrscrtyestbs ua1_0 where ua1_0.scrty_dtrmn_trget_id=?
2026-03-16 17:00:48 [http-nio-8080-exec-17] DEBUG o.s.orm.jpa.JpaTransactionManager - Found thread-bound EntityManager [SessionImpl(255785653<open>)] for JPA transaction
2026-03-16 17:00:48 [http-nio-8080-exec-17] DEBUG o.s.orm.jpa.JpaTransactionManager - Participating in existing transaction
2026-03-16 17:00:48 [http-nio-8080-exec-17] DEBUG org.hibernate.SQL - select ua1_0.scrty_dtrmn_trget_id,ua1_0.author_code,ua1_0.frst_register_id,ua1_0.frst_regist_pnttm,ua1_0.last_updusr_id,ua1_0.last_updt_pnttm,ua1_0.mber_ty_code from nemplyrscrtyestbs ua1_0 where ua1_0.scrty_dtrmn_trget_id=?
2026-03-16 17:00:48 [http-nio-8080-exec-10] DEBUG o.s.orm.jpa.JpaTransactionManager - Closing JPA EntityManager [SessionImpl(1844781877<open>)] after transaction
2026-03-16 17:00:48 [http-nio-8080-exec-3] DEBUG o.s.orm.jpa.JpaTransactionManager - Exposing JPA transaction as JDBC [org.springframework.orm.jpa.vendor.HibernateJpaDialect$HibernateConnectionHandle@5e1731a3]
2026-03-16 17:00:48 [http-nio-8080-exec-10] DEBUG o.s.w.s.m.m.a.HttpEntityMethodProcessor - Using 'application/json', given [application/json, text/plain, */*] and supported [application/json, application/*+json, application/yaml]
2026-03-16 17:00:48 [http-nio-8080-exec-10] TRACE o.s.w.s.m.m.a.HttpEntityMethodProcessor - Writing [ApiResponse[success=true, status=200, code=COMMON_001, message=Success, data=[com.company.project.service.menu.dto.MenuDto@19fee7be, com.company.project.service.menu.dto.MenuDto@4cfaf1ee, com.company.project.service.menu.dto.MenuDto@16317485, com.company.project.service.menu.dto.MenuDto@48237931, com.company.project.service.menu.dto.MenuDto@268eb49c, com.company.project.service.menu.dto.MenuDto@3d605422, com.company.project.service.menu.dto.MenuDto@20689a57, com.company.project.service.menu.dto.MenuDto@7351959a, com.company.project.service.menu.dto.MenuDto@20a8e538, com.company.project.service.menu.dto.MenuDto@1f56744b, com.company.project.service.menu.dto.MenuDto@7b08ffd4, com.company.project.service.menu.dto.MenuDto@40a486a, com.company.project.service.menu.dto.MenuDto@636cfcf6, com.company.project.service.menu.dto.MenuDto@4fb428fc, com.company.project.service.menu.dto.MenuDto@737e8881, com.company.project.service.menu.dto.MenuDto@25e1d79c, com.company.project.service.menu.dto.MenuDto@216e049a, com.company.project.service.menu.dto.MenuDto@4f732b83, com.company.project.service.menu.dto.MenuDto@48ce986c, com.company.project.service.menu.dto.MenuDto@6338ebde, com.company.project.service.menu.dto.MenuDto@32a379f7, com.company.project.service.menu.dto.MenuDto@645a7313, com.company.project.service.menu.dto.MenuDto@58eb8a0c, com.company.project.service.menu.dto.MenuDto@7c29ecd4, com.company.project.service.menu.dto.MenuDto@55ec4e67, com.company.project.service.menu.dto.MenuDto@62997d22, com.company.project.service.menu.dto.MenuDto@66a62097, com.company.project.service.menu.dto.MenuDto@55da3fdb, com.company.project.service.menu.dto.MenuDto@62f2cc71, com.company.project.service.menu.dto.MenuDto@4b2bdd60, com.company.project.service.menu.dto.MenuDto@1c5efe0a, com.company.project.service.menu.dto.MenuDto@187e3ebd, com.company.project.service.menu.dto.MenuDto@6c1be887, com.company.project.service.menu.dto.MenuDto@794ee8b9, com.company.project.service.menu.dto.MenuDto@120be734, com.company.project.service.menu.dto.MenuDto@7b69a81e, com.company.project.service.menu.dto.MenuDto@48052824, com.company.project.service.menu.dto.MenuDto@46000abd, com.company.project.service.menu.dto.MenuDto@bff770e, com.company.project.service.menu.dto.MenuDto@3de01737, com.company.project.service.menu.dto.MenuDto@5cc54ca7, com.company.project.service.menu.dto.MenuDto@1ad6e060, com.company.project.service.menu.dto.MenuDto@6ae1b333, com.company.project.service.menu.dto.MenuDto@570558f7, com.company.project.service.menu.dto.MenuDto@215386c4, com.company.project.service.menu.dto.MenuDto@caba76e, com.company.project.service.menu.dto.MenuDto@6b34e5e3, com.company.project.service.menu.dto.MenuDto@168bca92, com.company.project.service.menu.dto.MenuDto@2bd30b21, com.company.project.service.menu.dto.MenuDto@7a9249e2, com.company.project.service.menu.dto.MenuDto@3645b0ae, com.company.project.service.menu.dto.MenuDto@7ed233ae, com.company.project.service.menu.dto.MenuDto@4debb556, com.company.project.service.menu.dto.MenuDto@255e2850, com.company.project.service.menu.dto.MenuDto@3e853c95, com.company.project.service.menu.dto.MenuDto@512527a8, com.company.project.service.menu.dto.MenuDto@41f469df, com.company.project.service.menu.dto.MenuDto@15bcc519, com.company.project.service.menu.dto.MenuDto@24a22af, com.company.project.service.menu.dto.MenuDto@7a2a5d29, com.company.project.service.menu.dto.MenuDto@18f27922, com.company.project.service.menu.dto.MenuDto@6b15e328, com.company.project.service.menu.dto.MenuDto@3819ebbf, com.company.project.service.menu.dto.MenuDto@10f23a80, com.company.project.service.menu.dto.MenuDto@1b426ad5, com.company.project.service.menu.dto.MenuDto@5f8ad636, com.company.project.service.menu.dto.MenuDto@28398a6b, com.company.project.service.menu.dto.MenuDto@299e83d6, com.company.project.service.menu.dto.MenuDto@210250f2, com.company.project.service.menu.dto.MenuDto@28301982, com.company.project.service.menu.dto.MenuDto@4c3eb43d, com.company.project.service.menu.dto.MenuDto@11631e5f, com.company.project.service.menu.dto.MenuDto@22555941, com.company.project.service.menu.dto.MenuDto@a81b880, com.company.project.service.menu.dto.MenuDto@33276ab1, com.company.project.service.menu.dto.MenuDto@3abf0b6c, com.company.project.service.menu.dto.MenuDto@3228d22b, com.company.project.service.menu.dto.MenuDto@35ea3956, com.company.project.service.menu.dto.MenuDto@3d10afb8, com.company.project.service.menu.dto.MenuDto@7fb6371d, com.company.project.service.menu.dto.MenuDto@bfb1b4a, com.company.project.service.menu.dto.MenuDto@6fbfb3ea, com.company.project.service.menu.dto.MenuDto@57eabcca, com.company.project.service.menu.dto.MenuDto@19aa67f5, com.company.project.service.menu.dto.MenuDto@4a580ec1, com.company.project.service.menu.dto.MenuDto@58ead483, com.company.project.service.menu.dto.MenuDto@5ae43fb8, com.company.project.service.menu.dto.MenuDto@103b6ede, com.company.project.service.menu.dto.MenuDto@1a1f441e, com.company.project.service.menu.dto.MenuDto@145fc512, com.company.project.service.menu.dto.MenuDto@6f3d21de, com.company.project.service.menu.dto.MenuDto@24bbff79, com.company.project.service.menu.dto.MenuDto@44646044, com.company.project.service.menu.dto.MenuDto@2ef94a8f, com.company.project.service.menu.dto.MenuDto@284cbd5f, com.company.project.service.menu.dto.MenuDto@5377cf18, com.company.project.service.menu.dto.MenuDto@3476e372, com.company.project.service.menu.dto.MenuDto@50bf7a41, com.company.project.service.menu.dto.MenuDto@1d54934c, com.company.project.service.menu.dto.MenuDto@70b690f1, com.company.project.service.menu.dto.MenuDto@735890e6, com.company.project.service.menu.dto.MenuDto@589e81be, com.company.project.service.menu.dto.MenuDto@61e9a712, com.company.project.service.menu.dto.MenuDto@259c82c6, com.company.project.service.menu.dto.MenuDto@12f4f933, com.company.project.service.menu.dto.MenuDto@3e4b09a2, com.company.project.service.menu.dto.MenuDto@12b6f84e, com.company.project.service.menu.dto.MenuDto@53fdd26c, com.company.project.service.menu.dto.MenuDto@66f58441, com.company.project.service.menu.dto.MenuDto@159724], timestamp=2026-03-16T17:00:48.928987800]]
2026-03-16 17:00:48 [http-nio-8080-exec-3] DEBUG org.hibernate.SQL - select m1_0.menu_no,m1_0.menu_dc,m1_0.menu_nm,m1_0.menu_ordr,m1_0.modern_route,m1_0.progrm_file_nm,m1_0.relate_image_nm,m1_0.relate_image_path,m1_0.route_updated_at,m1_0.upper_menu_no from nmenuinfo m1_0 order by m1_0.upper_menu_no,m1_0.menu_ordr
2026-03-16 17:00:48 [http-nio-8080-exec-10] INFO  c.c.p.a.i.OperationalAuditInterceptor - API Audit Log: URL=/api/v1/admin/system/menus/all, User=webmaster, IP=0:0:0:0:0:0:0:1
2026-03-16 17:00:48 [http-nio-8080-exec-10] DEBUG o.s.web.servlet.DispatcherServlet - Completed 200 OK
2026-03-16 17:00:49 [http-nio-8080-exec-14] DEBUG o.s.orm.jpa.JpaTransactionManager - Initiating transaction commit
2026-03-16 17:00:49 [http-nio-8080-exec-13] DEBUG o.s.orm.jpa.JpaTransactionManager - Initiating transaction commit
2026-03-16 17:00:49 [http-nio-8080-exec-19] DEBUG o.s.orm.jpa.JpaTransactionManager - Found thread-bound EntityManager [SessionImpl(205617447<open>)] for JPA transaction
2026-03-16 17:00:49 [http-nio-8080-exec-14] DEBUG o.s.orm.jpa.JpaTransactionManager - Committing JPA transaction on EntityManager [SessionImpl(74657704<open>)]
2026-03-16 17:00:49 [http-nio-8080-exec-13] DEBUG o.s.orm.jpa.JpaTransactionManager - Committing JPA transaction on EntityManager [SessionImpl(1407216585<open>)]
2026-03-16 17:00:49 [http-nio-8080-exec-19] DEBUG o.s.orm.jpa.JpaTransactionManager - Participating in existing transaction
2026-03-16 17:00:49 [http-nio-8080-exec-19] DEBUG org.hibernate.SQL - select ua1_0.scrty_dtrmn_trget_id,ua1_0.author_code,ua1_0.frst_register_id,ua1_0.frst_regist_pnttm,ua1_0.last_updusr_id,ua1_0.last_updt_pnttm,ua1_0.mber_ty_code from nemplyrscrtyestbs ua1_0 where ua1_0.scrty_dtrmn_trget_id=?
2026-03-16 17:00:49 [http-nio-8080-exec-4] DEBUG org.hibernate.SQL - select b1_0.ntt_id,b1_0.bbs_id,b1_0.ntt_sj,b1_0.ntcr_nm,b1_0.frst_regist_pnttm,b1_0.rdcnt,b1_0.answer_at,b1_0.parntsctt_no,b1_0.answer_lc,b1_0.sort_ordr,b1_0.ntt_no,b1_0.notice_at,b1_0.secret_at,b1_0.comment_co from nbbs b1_0 left join nemplyrinfo u1_0 on b1_0.frst_register_id=u1_0.esntl_id where (b1_0.use_at = 'Y') and b1_0.bbs_id=? order by b1_0.sort_ordr desc,b1_0.ntt_no offset ? rows fetch first ? rows only
2026-03-16 17:00:49 [http-nio-8080-exec-12] DEBUG o.s.orm.jpa.JpaTransactionManager - Closing JPA EntityManager [SessionImpl(53335559<open>)] after transaction
2026-03-16 17:00:49 [http-nio-8080-exec-12] DEBUG c.c.p.s.jwt.JwtAuthenticationFilter - >>> [JwtFilter] Successfully authenticated user: USRCNFRM_99999999999, Authorities: [ROLE_ADMIN]
2026-03-16 17:00:49 [http-nio-8080-exec-2] DEBUG o.s.orm.jpa.JpaTransactionManager - Exposing JPA transaction as JDBC [org.springframework.orm.jpa.vendor.HibernateJpaDialect$HibernateConnectionHandle@e94ece1]
2026-03-16 17:00:49 [http-nio-8080-exec-12] DEBUG o.s.web.servlet.DispatcherServlet - GET "/api/v1/menu/left?menuNo=20", parameters={masked}
2026-03-16 17:00:49 [http-nio-8080-exec-12] TRACE o.s.w.s.m.m.a.RequestMappingHandlerMapping - Mapped to com.company.project.api.controller.menu.MenuController#getLeftMenu(Long)
2026-03-16 17:00:49 [http-nio-8080-exec-2] DEBUG o.s.orm.jpa.JpaTransactionManager - Found thread-bound EntityManager [SessionImpl(109597095<open>)] for JPA transaction
2026-03-16 17:00:49 [http-nio-8080-exec-2] DEBUG o.s.orm.jpa.JpaTransactionManager - Participating in existing transaction
2026-03-16 17:00:49 [http-nio-8080-exec-12] INFO  c.c.p.a.c.menu.MenuController - getLeftMenu called with menuNo=20
2026-03-16 17:00:49 [http-nio-8080-exec-12] DEBUG o.s.orm.jpa.JpaTransactionManager - Creating new transaction with name [com.company.project.service.menu.MenuService.getSubMenus]: PROPAGATION_REQUIRED,ISOLATION_DEFAULT,readOnly
2026-03-16 17:00:49 [http-nio-8080-exec-12] DEBUG o.s.orm.jpa.JpaTransactionManager - Opened new EntityManager [SessionImpl(1277200728<open>)] for JPA transaction
2026-03-16 17:00:49 [http-nio-8080-exec-2] DEBUG org.hibernate.SQL - select count(*) from nprogrmlist p1_0
2026-03-16 17:00:49 [http-nio-8080-exec-15] DEBUG o.s.orm.jpa.JpaTransactionManager - Initiating transaction commit
2026-03-16 17:00:49 [http-nio-8080-exec-15] DEBUG o.s.orm.jpa.JpaTransactionManager - Committing JPA transaction on EntityManager [SessionImpl(750487569<open>)]
2026-03-16 17:00:49 [http-nio-8080-exec-18] DEBUG o.s.orm.jpa.JpaTransactionManager - Found thread-bound EntityManager [SessionImpl(198518513<open>)] for JPA transaction
2026-03-16 17:00:49 [http-nio-8080-exec-18] DEBUG o.s.orm.jpa.JpaTransactionManager - Participating in existing transaction
2026-03-16 17:00:49 [http-nio-8080-exec-18] DEBUG org.hibernate.SQL - select ua1_0.scrty_dtrmn_trget_id,ua1_0.author_code,ua1_0.frst_register_id,ua1_0.frst_regist_pnttm,ua1_0.last_updusr_id,ua1_0.last_updt_pnttm,ua1_0.mber_ty_code from nemplyrscrtyestbs ua1_0 where ua1_0.scrty_dtrmn_trget_id=?
2026-03-16 17:00:49 [http-nio-8080-exec-6] DEBUG o.s.orm.jpa.JpaTransactionManager - Initiating transaction commit
2026-03-16 17:00:49 [http-nio-8080-exec-6] DEBUG o.s.orm.jpa.JpaTransactionManager - Committing JPA transaction on EntityManager [SessionImpl(118805372<open>)]
2026-03-16 17:00:49 [http-nio-8080-exec-17] DEBUG o.s.orm.jpa.JpaTransactionManager - Initiating transaction commit
2026-03-16 17:00:49 [http-nio-8080-exec-17] DEBUG o.s.orm.jpa.JpaTransactionManager - Committing JPA transaction on EntityManager [SessionImpl(255785653<open>)]
2026-03-16 17:00:49 [http-nio-8080-exec-3] DEBUG o.s.orm.jpa.JpaTransactionManager - Found thread-bound EntityManager [SessionImpl(1413934943<open>)] for JPA transaction
2026-03-16 17:00:49 [http-nio-8080-exec-3] DEBUG o.s.orm.jpa.JpaTransactionManager - Participating in existing transaction
2026-03-16 17:00:49 [http-nio-8080-exec-3] DEBUG org.hibernate.SQL - select p1_0.progrm_file_nm,p1_0.progrm_dc,p1_0.progrm_korean_nm,p1_0.progrm_stre_path,p1_0.url from nprogrmlist p1_0
2026-03-16 17:00:49 [http-nio-8080-exec-13] DEBUG o.s.orm.jpa.JpaTransactionManager - Closing JPA EntityManager [SessionImpl(1407216585<open>)] after transaction
2026-03-16 17:00:49 [http-nio-8080-exec-14] DEBUG o.s.orm.jpa.JpaTransactionManager - Closing JPA EntityManager [SessionImpl(74657704<open>)] after transaction
2026-03-16 17:00:49 [http-nio-8080-exec-13] DEBUG c.c.p.s.jwt.JwtAuthenticationFilter - >>> [JwtFilter] Successfully authenticated user: USRCNFRM_99999999999, Authorities: [ROLE_ADMIN]
2026-03-16 17:00:49 [http-nio-8080-exec-14] DEBUG c.c.p.s.jwt.JwtAuthenticationFilter - >>> [JwtFilter] Successfully authenticated user: USRCNFRM_99999999999, Authorities: [ROLE_ADMIN]
2026-03-16 17:00:49 [http-nio-8080-exec-8] DEBUG o.s.orm.jpa.JpaTransactionManager - Exposing JPA transaction as JDBC [org.springframework.orm.jpa.vendor.HibernateJpaDialect$HibernateConnectionHandle@3f0cc1b5]
2026-03-16 17:00:49 [http-nio-8080-exec-1] DEBUG o.s.orm.jpa.JpaTransactionManager - Exposing JPA transaction as JDBC [org.springframework.orm.jpa.vendor.HibernateJpaDialect$HibernateConnectionHandle@334de88e]
2026-03-16 17:00:49 [http-nio-8080-exec-13] DEBUG o.s.web.servlet.DispatcherServlet - GET "/api/v1/menu/left?menuNo=40", parameters={masked}
2026-03-16 17:00:49 [http-nio-8080-exec-14] DEBUG o.s.web.servlet.DispatcherServlet - GET "/api/v1/menu/left?menuNo=50", parameters={masked}
2026-03-16 17:00:49 [http-nio-8080-exec-13] TRACE o.s.w.s.m.m.a.RequestMappingHandlerMapping - Mapped to com.company.project.api.controller.menu.MenuController#getLeftMenu(Long)
2026-03-16 17:00:49 [http-nio-8080-exec-14] TRACE o.s.w.s.m.m.a.RequestMappingHandlerMapping - Mapped to com.company.project.api.controller.menu.MenuController#getLeftMenu(Long)
2026-03-16 17:00:49 [http-nio-8080-exec-1] DEBUG org.hibernate.SQL - select m1_0.menu_no,m1_0.menu_dc,m1_0.menu_nm,m1_0.menu_ordr,m1_0.modern_route,m1_0.progrm_file_nm,m1_0.relate_image_nm,m1_0.relate_image_path,m1_0.route_updated_at,m1_0.upper_menu_no from nmenuinfo m1_0 order by m1_0.upper_menu_no,m1_0.menu_ordr
2026-03-16 17:00:49 [http-nio-8080-exec-8] DEBUG org.hibernate.SQL - select m1_0.menu_no,m1_0.menu_dc,m1_0.menu_nm,m1_0.menu_ordr,m1_0.modern_route,m1_0.progrm_file_nm,m1_0.relate_image_nm,m1_0.relate_image_path,m1_0.route_updated_at,m1_0.upper_menu_no from nmenuinfo m1_0 order by m1_0.upper_menu_no,m1_0.menu_ordr
2026-03-16 17:00:49 [http-nio-8080-exec-13] INFO  c.c.p.a.c.menu.MenuController - getLeftMenu called with menuNo=40
2026-03-16 17:00:49 [http-nio-8080-exec-14] INFO  c.c.p.a.c.menu.MenuController - getLeftMenu called with menuNo=50
2026-03-16 17:00:49 [http-nio-8080-exec-13] DEBUG o.s.orm.jpa.JpaTransactionManager - Creating new transaction with name [com.company.project.service.menu.MenuService.getSubMenus]: PROPAGATION_REQUIRED,ISOLATION_DEFAULT,readOnly
2026-03-16 17:00:49 [http-nio-8080-exec-14] DEBUG o.s.orm.jpa.JpaTransactionManager - Creating new transaction with name [com.company.project.service.menu.MenuService.getSubMenus]: PROPAGATION_REQUIRED,ISOLATION_DEFAULT,readOnly
2026-03-16 17:00:49 [http-nio-8080-exec-13] DEBUG o.s.orm.jpa.JpaTransactionManager - Opened new EntityManager [SessionImpl(1445216811<open>)] for JPA transaction
2026-03-16 17:00:49 [http-nio-8080-exec-19] DEBUG o.s.orm.jpa.JpaTransactionManager - Initiating transaction commit
2026-03-16 17:00:49 [http-nio-8080-exec-14] DEBUG o.s.orm.jpa.JpaTransactionManager - Opened new EntityManager [SessionImpl(596882861<open>)] for JPA transaction
2026-03-16 17:00:49 [http-nio-8080-exec-19] DEBUG o.s.orm.jpa.JpaTransactionManager - Committing JPA transaction on EntityManager [SessionImpl(205617447<open>)]
2026-03-16 17:00:49 [http-nio-8080-exec-4] DEBUG org.hibernate.SQL - select count(b1_0.ntt_id) from nbbs b1_0 left join nemplyrinfo u1_0 on b1_0.frst_register_id=u1_0.esntl_id where (b1_0.use_at = 'Y') and b1_0.bbs_id=?
2026-03-16 17:00:49 [http-nio-8080-exec-2] DEBUG o.s.orm.jpa.JpaTransactionManager - Initiating transaction commit
2026-03-16 17:00:49 [http-nio-8080-exec-2] DEBUG o.s.orm.jpa.JpaTransactionManager - Committing JPA transaction on EntityManager [SessionImpl(109597095<open>)]
2026-03-16 17:00:49 [http-nio-8080-exec-15] DEBUG o.s.orm.jpa.JpaTransactionManager - Closing JPA EntityManager [SessionImpl(750487569<open>)] after transaction
2026-03-16 17:00:49 [http-nio-8080-exec-18] DEBUG o.s.orm.jpa.JpaTransactionManager - Initiating transaction commit
2026-03-16 17:00:49 [http-nio-8080-exec-15] DEBUG c.c.p.s.jwt.JwtAuthenticationFilter - >>> [JwtFilter] Successfully authenticated user: USRCNFRM_99999999999, Authorities: [ROLE_ADMIN]
2026-03-16 17:00:49 [http-nio-8080-exec-18] DEBUG o.s.orm.jpa.JpaTransactionManager - Committing JPA transaction on EntityManager [SessionImpl(198518513<open>)]
2026-03-16 17:00:49 [http-nio-8080-exec-11] DEBUG o.s.orm.jpa.JpaTransactionManager - Exposing JPA transaction as JDBC [org.springframework.orm.jpa.vendor.HibernateJpaDialect$HibernateConnectionHandle@69ee551c]
2026-03-16 17:00:49 [http-nio-8080-exec-15] DEBUG o.s.web.servlet.DispatcherServlet - GET "/api/v1/menu/left?menuNo=60", parameters={masked}
2026-03-16 17:00:49 [http-nio-8080-exec-15] TRACE o.s.w.s.m.m.a.RequestMappingHandlerMapping - Mapped to com.company.project.api.controller.menu.MenuController#getLeftMenu(Long)
2026-03-16 17:00:49 [http-nio-8080-exec-11] DEBUG org.hibernate.SQL - select m1_0.menu_no,m1_0.menu_dc,m1_0.menu_nm,m1_0.menu_ordr,m1_0.modern_route,m1_0.progrm_file_nm,m1_0.relate_image_nm,m1_0.relate_image_path,m1_0.route_updated_at,m1_0.upper_menu_no from nmenuinfo m1_0 order by m1_0.upper_menu_no,m1_0.menu_ordr
2026-03-16 17:00:49 [http-nio-8080-exec-15] INFO  c.c.p.a.c.menu.MenuController - getLeftMenu called with menuNo=60
2026-03-16 17:00:49 [http-nio-8080-exec-15] DEBUG o.s.orm.jpa.JpaTransactionManager - Creating new transaction with name [com.company.project.service.menu.MenuService.getSubMenus]: PROPAGATION_REQUIRED,ISOLATION_DEFAULT,readOnly
2026-03-16 17:00:49 [http-nio-8080-exec-15] DEBUG o.s.orm.jpa.JpaTransactionManager - Opened new EntityManager [SessionImpl(586798037<open>)] for JPA transaction
2026-03-16 17:00:49 [http-nio-8080-exec-6] DEBUG o.s.orm.jpa.JpaTransactionManager - Closing JPA EntityManager [SessionImpl(118805372<open>)] after transaction
2026-03-16 17:00:49 [http-nio-8080-exec-6] DEBUG c.c.p.s.jwt.JwtAuthenticationFilter - >>> [JwtFilter] Successfully authenticated user: USRCNFRM_99999999999, Authorities: [ROLE_ADMIN]
2026-03-16 17:00:49 [http-nio-8080-exec-7] DEBUG o.s.orm.jpa.JpaTransactionManager - Exposing JPA transaction as JDBC [org.springframework.orm.jpa.vendor.HibernateJpaDialect$HibernateConnectionHandle@46343f0]
2026-03-16 17:00:49 [http-nio-8080-exec-6] DEBUG o.s.web.servlet.DispatcherServlet - GET "/api/v1/menu/left?menuNo=10", parameters={masked}
2026-03-16 17:00:49 [http-nio-8080-exec-6] TRACE o.s.w.s.m.m.a.RequestMappingHandlerMapping - Mapped to com.company.project.api.controller.menu.MenuController#getLeftMenu(Long)
2026-03-16 17:00:49 [http-nio-8080-exec-7] DEBUG org.hibernate.SQL - select m1_0.menu_no,m1_0.menu_dc,m1_0.menu_nm,m1_0.menu_ordr,m1_0.modern_route,m1_0.progrm_file_nm,m1_0.relate_image_nm,m1_0.relate_image_path,m1_0.route_updated_at,m1_0.upper_menu_no from nmenuinfo m1_0 order by m1_0.upper_menu_no,m1_0.menu_ordr
2026-03-16 17:00:49 [http-nio-8080-exec-6] INFO  c.c.p.a.c.menu.MenuController - getLeftMenu called with menuNo=10
2026-03-16 17:00:49 [http-nio-8080-exec-6] DEBUG o.s.orm.jpa.JpaTransactionManager - Creating new transaction with name [com.company.project.service.menu.MenuService.getSubMenus]: PROPAGATION_REQUIRED,ISOLATION_DEFAULT,readOnly
2026-03-16 17:00:49 [http-nio-8080-exec-6] DEBUG o.s.orm.jpa.JpaTransactionManager - Opened new EntityManager [SessionImpl(766783861<open>)] for JPA transaction
2026-03-16 17:00:49 [http-nio-8080-exec-17] DEBUG o.s.orm.jpa.JpaTransactionManager - Closing JPA EntityManager [SessionImpl(255785653<open>)] after transaction
2026-03-16 17:00:49 [http-nio-8080-exec-17] DEBUG c.c.p.s.jwt.JwtAuthenticationFilter - >>> [JwtFilter] Successfully authenticated user: USRCNFRM_99999999999, Authorities: [ROLE_ADMIN]
2026-03-16 17:00:49 [http-nio-8080-exec-16] DEBUG o.s.orm.jpa.JpaTransactionManager - Exposing JPA transaction as JDBC [org.springframework.orm.jpa.vendor.HibernateJpaDialect$HibernateConnectionHandle@4a52d2f0]
2026-03-16 17:00:49 [http-nio-8080-exec-17] DEBUG o.s.web.servlet.DispatcherServlet - GET "/api/v1/menu/left?menuNo=50", parameters={masked}
2026-03-16 17:00:49 [http-nio-8080-exec-16] DEBUG o.s.orm.jpa.JpaTransactionManager - Found thread-bound EntityManager [SessionImpl(1315786725<open>)] for JPA transaction
2026-03-16 17:00:49 [http-nio-8080-exec-16] DEBUG o.s.orm.jpa.JpaTransactionManager - Participating in existing transaction
2026-03-16 17:00:49 [http-nio-8080-exec-17] TRACE o.s.w.s.m.m.a.RequestMappingHandlerMapping - Mapped to com.company.project.api.controller.menu.MenuController#getLeftMenu(Long)
2026-03-16 17:00:49 [http-nio-8080-exec-16] DEBUG org.hibernate.SQL - select u1_0.emplyr_id,u1_0.area_no,u1_0.brthdy,u1_0.chg_pwd_cnt,u1_0.frst_register_id,u1_0.frst_regist_pnttm,u1_0.detail_adres,u1_0.email_adres,u1_0.emplyr_sttus_code,u1_0.empl_no,u1_0.esntl_id,u1_0.fxnum,u1_0.group_id,u1_0.house_adres,u1_0.house_end_telno,u1_0.house_middle_telno,u1_0.ihidnum,u1_0.pstinst_code,u1_0.last_updusr_id,u1_0.last_updt_pnttm,u1_0.lock_at,u1_0.lock_cnt,u1_0.lock_last_pnttm,u1_0.mbtlnum,u1_0.ofcps_nm,u1_0.offm_telno,u1_0.orgnzt_id,u1_0.password,u1_0.password_cnsr,u1_0.password_hint,u1_0.chg_pwd_last_pnttm,u1_0.role,u1_0.sbscrb_de,u1_0.sexdstn_code,u1_0.crtfc_dn_value,u1_0.user_nm,u1_0.zip from nemplyrinfo u1_0 where u1_0.emplyr_id=?
2026-03-16 17:00:49 [http-nio-8080-exec-17] INFO  c.c.p.a.c.menu.MenuController - getLeftMenu called with menuNo=50
2026-03-16 17:00:49 [http-nio-8080-exec-17] DEBUG o.s.orm.jpa.JpaTransactionManager - Creating new transaction with name [com.company.project.service.menu.MenuService.getSubMenus]: PROPAGATION_REQUIRED,ISOLATION_DEFAULT,readOnly
2026-03-16 17:00:49 [http-nio-8080-exec-17] DEBUG o.s.orm.jpa.JpaTransactionManager - Opened new EntityManager [SessionImpl(1267913024<open>)] for JPA transaction
2026-03-16 17:00:49 [http-nio-8080-exec-3] DEBUG o.s.orm.jpa.JpaTransactionManager - Initiating transaction commit
2026-03-16 17:00:49 [http-nio-8080-exec-3] DEBUG o.s.orm.jpa.JpaTransactionManager - Committing JPA transaction on EntityManager [SessionImpl(1413934943<open>)]
2026-03-16 17:00:49 [http-nio-8080-exec-4] DEBUG o.s.orm.jpa.JpaTransactionManager - Initiating transaction commit
2026-03-16 17:00:49 [http-nio-8080-exec-4] DEBUG o.s.orm.jpa.JpaTransactionManager - Committing JPA transaction on EntityManager [SessionImpl(175451284<open>)]
2026-03-16 17:00:49 [http-nio-8080-exec-19] DEBUG o.s.orm.jpa.JpaTransactionManager - Closing JPA EntityManager [SessionImpl(205617447<open>)] after transaction
2026-03-16 17:00:49 [http-nio-8080-exec-19] DEBUG c.c.p.s.jwt.JwtAuthenticationFilter - >>> [JwtFilter] Successfully authenticated user: USRCNFRM_99999999999, Authorities: [ROLE_ADMIN]
2026-03-16 17:00:49 [http-nio-8080-exec-9] DEBUG o.s.orm.jpa.JpaTransactionManager - Exposing JPA transaction as JDBC [org.springframework.orm.jpa.vendor.HibernateJpaDialect$HibernateConnectionHandle@188a8fd3]
2026-03-16 17:00:49 [http-nio-8080-exec-19] DEBUG o.s.web.servlet.DispatcherServlet - GET "/api/v1/menu/left?menuNo=60", parameters={masked}
2026-03-16 17:00:49 [http-nio-8080-exec-9] DEBUG org.hibernate.SQL - select m1_0.menu_no,m1_0.menu_dc,m1_0.menu_nm,m1_0.menu_ordr,m1_0.modern_route,m1_0.progrm_file_nm,m1_0.relate_image_nm,m1_0.relate_image_path,m1_0.route_updated_at,m1_0.upper_menu_no from nmenuinfo m1_0 order by m1_0.upper_menu_no,m1_0.menu_ordr
2026-03-16 17:00:49 [http-nio-8080-exec-19] TRACE o.s.w.s.m.m.a.RequestMappingHandlerMapping - Mapped to com.company.project.api.controller.menu.MenuController#getLeftMenu(Long)
2026-03-16 17:00:49 [http-nio-8080-exec-19] INFO  c.c.p.a.c.menu.MenuController - getLeftMenu called with menuNo=60
2026-03-16 17:00:49 [http-nio-8080-exec-19] DEBUG o.s.orm.jpa.JpaTransactionManager - Creating new transaction with name [com.company.project.service.menu.MenuService.getSubMenus]: PROPAGATION_REQUIRED,ISOLATION_DEFAULT,readOnly
2026-03-16 17:00:49 [http-nio-8080-exec-19] DEBUG o.s.orm.jpa.JpaTransactionManager - Opened new EntityManager [SessionImpl(1410674243<open>)] for JPA transaction
2026-03-16 17:00:49 [http-nio-8080-exec-2] DEBUG o.s.orm.jpa.JpaTransactionManager - Closing JPA EntityManager [SessionImpl(109597095<open>)] after transaction
2026-03-16 17:00:49 [http-nio-8080-exec-5] DEBUG o.s.orm.jpa.JpaTransactionManager - Exposing JPA transaction as JDBC [org.springframework.orm.jpa.vendor.HibernateJpaDialect$HibernateConnectionHandle@2b0bf58d]
2026-03-16 17:00:49 [http-nio-8080-exec-2] DEBUG o.s.w.s.m.m.a.HttpEntityMethodProcessor - Using 'application/json', given [application/json, text/plain, */*] and supported [application/json, application/*+json, application/yaml]
2026-03-16 17:00:49 [http-nio-8080-exec-2] TRACE o.s.w.s.m.m.a.HttpEntityMethodProcessor - Writing [ApiResponse[success=true, status=200, code=COMMON_001, message=Success, data=com.company.project.core.response.PageResponse@671a6050, timestamp=2026-03-16T17:00:49.352605800]]
2026-03-16 17:00:49 [http-nio-8080-exec-5] DEBUG org.hibernate.SQL - select m1_0.menu_no,m1_0.menu_dc,m1_0.menu_nm,m1_0.menu_ordr,m1_0.modern_route,m1_0.progrm_file_nm,m1_0.relate_image_nm,m1_0.relate_image_path,m1_0.route_updated_at,m1_0.upper_menu_no from nmenuinfo m1_0 order by m1_0.upper_menu_no,m1_0.menu_ordr
2026-03-16 17:00:49 [http-nio-8080-exec-2] INFO  c.c.p.a.i.OperationalAuditInterceptor - API Audit Log: URL=/api/v1/admin/system/programs, User=webmaster, IP=0:0:0:0:0:0:0:1
2026-03-16 17:00:49 [http-nio-8080-exec-2] DEBUG o.s.web.servlet.DispatcherServlet - Completed 200 OK
2026-03-16 17:00:49 [http-nio-8080-exec-18] DEBUG o.s.orm.jpa.JpaTransactionManager - Closing JPA EntityManager [SessionImpl(198518513<open>)] after transaction
2026-03-16 17:00:49 [http-nio-8080-exec-18] DEBUG c.c.p.s.jwt.JwtAuthenticationFilter - >>> [JwtFilter] Successfully authenticated user: USRCNFRM_99999999999, Authorities: [ROLE_ADMIN]
2026-03-16 17:00:49 [http-nio-8080-exec-12] DEBUG o.s.orm.jpa.JpaTransactionManager - Exposing JPA transaction as JDBC [org.springframework.orm.jpa.vendor.HibernateJpaDialect$HibernateConnectionHandle@7d8eed8c]
2026-03-16 17:00:49 [http-nio-8080-exec-18] DEBUG o.s.web.servlet.DispatcherServlet - GET "/api/v1/menu/left?menuNo=40", parameters={masked}
2026-03-16 17:00:49 [http-nio-8080-exec-18] TRACE o.s.w.s.m.m.a.RequestMappingHandlerMapping - Mapped to com.company.project.api.controller.menu.MenuController#getLeftMenu(Long)
2026-03-16 17:00:49 [http-nio-8080-exec-18] INFO  c.c.p.a.c.menu.MenuController - getLeftMenu called with menuNo=40
2026-03-16 17:00:49 [http-nio-8080-exec-18] DEBUG o.s.orm.jpa.JpaTransactionManager - Creating new transaction with name [com.company.project.service.menu.MenuService.getSubMenus]: PROPAGATION_REQUIRED,ISOLATION_DEFAULT,readOnly
2026-03-16 17:00:49 [http-nio-8080-exec-18] DEBUG o.s.orm.jpa.JpaTransactionManager - Opened new EntityManager [SessionImpl(169655400<open>)] for JPA transaction
2026-03-16 17:00:49 [http-nio-8080-exec-12] DEBUG org.hibernate.SQL - select m1_0.menu_no,m1_0.menu_dc,m1_0.menu_nm,m1_0.menu_ordr,m1_0.modern_route,m1_0.progrm_file_nm,m1_0.relate_image_nm,m1_0.relate_image_path,m1_0.route_updated_at,m1_0.upper_menu_no from nmenuinfo m1_0 order by m1_0.upper_menu_no,m1_0.menu_ordr
2026-03-16 17:00:49 [http-nio-8080-exec-16] DEBUG o.s.orm.jpa.JpaTransactionManager - Found thread-bound EntityManager [SessionImpl(1315786725<open>)] for JPA transaction
2026-03-16 17:00:49 [http-nio-8080-exec-16] DEBUG o.s.orm.jpa.JpaTransactionManager - Participating in existing transaction
2026-03-16 17:00:49 [http-nio-8080-exec-16] DEBUG org.hibernate.SQL - select ua1_0.scrty_dtrmn_trget_id,ua1_0.author_code,ua1_0.frst_register_id,ua1_0.frst_regist_pnttm,ua1_0.last_updusr_id,ua1_0.last_updt_pnttm,ua1_0.mber_ty_code from nemplyrscrtyestbs ua1_0 where ua1_0.scrty_dtrmn_trget_id=?
2026-03-16 17:00:49 [http-nio-8080-exec-3] DEBUG o.s.orm.jpa.JpaTransactionManager - Closing JPA EntityManager [SessionImpl(1413934943<open>)] after transaction
2026-03-16 17:00:49 [http-nio-8080-exec-3] INFO  c.c.p.a.c.menu.MenuController - getLeftMenu returned 1 items
2026-03-16 17:00:49 [http-nio-8080-exec-13] DEBUG o.s.orm.jpa.JpaTransactionManager - Exposing JPA transaction as JDBC [org.springframework.orm.jpa.vendor.HibernateJpaDialect$HibernateConnectionHandle@105df32e]
2026-03-16 17:00:49 [http-nio-8080-exec-3] DEBUG o.s.w.s.m.m.a.HttpEntityMethodProcessor - Using 'application/json', given [application/json, text/plain, */*] and supported [application/json, application/*+json, application/yaml]
2026-03-16 17:00:49 [http-nio-8080-exec-3] TRACE o.s.w.s.m.m.a.HttpEntityMethodProcessor - Writing [ApiResponse[success=true, status=200, code=COMMON_001, message=Success, data={list=[com.company.project.service.menu.dto.MenuDto@84b7a74]}, timestamp=2026-03-16T17:00:49.405765100]]
2026-03-16 17:00:49 [http-nio-8080-exec-13] DEBUG org.hibernate.SQL - select m1_0.menu_no,m1_0.menu_dc,m1_0.menu_nm,m1_0.menu_ordr,m1_0.modern_route,m1_0.progrm_file_nm,m1_0.relate_image_nm,m1_0.relate_image_path,m1_0.route_updated_at,m1_0.upper_menu_no from nmenuinfo m1_0 order by m1_0.upper_menu_no,m1_0.menu_ordr
2026-03-16 17:00:49 [http-nio-8080-exec-3] INFO  c.c.p.a.i.OperationalAuditInterceptor - API Audit Log: URL=/api/v1/menu/left, User=webmaster, IP=127.0.0.1
2026-03-16 17:00:49 [http-nio-8080-exec-3] DEBUG o.s.web.servlet.DispatcherServlet - Completed 200 OK
2026-03-16 17:00:49 [http-nio-8080-exec-10] DEBUG o.s.w.s.h.LoggingWebSocketHandlerDecorator - WebSocketServerSockJsSession[id=hrkzffkk] closed with CloseStatus[code=1001, reason=null]
2026-03-16 17:00:49 [http-nio-8080-exec-10] DEBUG o.s.w.s.m.SubProtocolWebSocketHandler - Clearing session hrkzffkk
2026-03-16 17:00:49 [scheduling-1] DEBUG org.springframework.web.SimpLogging - Processing DISCONNECT session=hrkzffkk
2026-03-16 17:00:49 [scheduling-1] DEBUG o.s.w.s.m.SubProtocolWebSocketHandler - No session for GenericMessage [payload=byte[0], headers={simpMessageType=DISCONNECT_ACK, simpDisconnectMessage=GenericMessage [payload=byte[0], headers={simpMessageType=DISCONNECT, stompCommand=DISCONNECT, simpSessionAttributes={org.springframework.messaging.simp.SimpAttributes.COMPLETED=true}, simpSessionId=hrkzffkk}], simpSessionId=hrkzffkk}]
2026-03-16 17:00:49 [http-nio-8080-exec-4] DEBUG o.s.orm.jpa.JpaTransactionManager - Closing JPA EntityManager [SessionImpl(175451284<open>)] after transaction
2026-03-16 17:00:49 [http-nio-8080-exec-14] DEBUG o.s.orm.jpa.JpaTransactionManager - Exposing JPA transaction as JDBC [org.springframework.orm.jpa.vendor.HibernateJpaDialect$HibernateConnectionHandle@a339fbc]
2026-03-16 17:00:49 [http-nio-8080-exec-4] DEBUG o.s.orm.jpa.JpaTransactionManager - Creating new transaction with name [com.company.project.service.informalsanction.InformalSanctionServiceImpl.getReceivedInformalSanctionList]: PROPAGATION_REQUIRED,ISOLATION_DEFAULT,readOnly
2026-03-16 17:00:49 [http-nio-8080-exec-4] DEBUG o.s.orm.jpa.JpaTransactionManager - Opened new EntityManager [SessionImpl(517481396<open>)] for JPA transaction
2026-03-16 17:00:49 [http-nio-8080-exec-14] DEBUG org.hibernate.SQL - select m1_0.menu_no,m1_0.menu_dc,m1_0.menu_nm,m1_0.menu_ordr,m1_0.modern_route,m1_0.progrm_file_nm,m1_0.relate_image_nm,m1_0.relate_image_path,m1_0.route_updated_at,m1_0.upper_menu_no from nmenuinfo m1_0 order by m1_0.upper_menu_no,m1_0.menu_ordr
2026-03-16 17:00:49 [http-nio-8080-exec-8] DEBUG o.s.orm.jpa.JpaTransactionManager - Found thread-bound EntityManager [SessionImpl(1171335077<open>)] for JPA transaction
2026-03-16 17:00:49 [http-nio-8080-exec-8] DEBUG o.s.orm.jpa.JpaTransactionManager - Participating in existing transaction
2026-03-16 17:00:49 [http-nio-8080-exec-1] DEBUG o.s.orm.jpa.JpaTransactionManager - Found thread-bound EntityManager [SessionImpl(707522959<open>)] for JPA transaction
2026-03-16 17:00:49 [http-nio-8080-exec-1] DEBUG o.s.orm.jpa.JpaTransactionManager - Participating in existing transaction
2026-03-16 17:00:49 [http-nio-8080-exec-8] DEBUG org.hibernate.SQL - select p1_0.progrm_file_nm,p1_0.progrm_dc,p1_0.progrm_korean_nm,p1_0.progrm_stre_path,p1_0.url from nprogrmlist p1_0
2026-03-16 17:00:49 [http-nio-8080-exec-1] DEBUG org.hibernate.SQL - select p1_0.progrm_file_nm,p1_0.progrm_dc,p1_0.progrm_korean_nm,p1_0.progrm_stre_path,p1_0.url from nprogrmlist p1_0
2026-03-16 17:00:49 [http-nio-8080-exec-11] DEBUG o.s.orm.jpa.JpaTransactionManager - Found thread-bound EntityManager [SessionImpl(2016034157<open>)] for JPA transaction
2026-03-16 17:00:49 [http-nio-8080-exec-11] DEBUG o.s.orm.jpa.JpaTransactionManager - Participating in existing transaction
2026-03-16 17:00:49 [http-nio-8080-exec-11] DEBUG org.hibernate.SQL - select p1_0.progrm_file_nm,p1_0.progrm_dc,p1_0.progrm_korean_nm,p1_0.progrm_stre_path,p1_0.url from nprogrmlist p1_0
2026-03-16 17:00:49 [http-nio-8080-exec-7] DEBUG o.s.orm.jpa.JpaTransactionManager - Found thread-bound EntityManager [SessionImpl(465777596<open>)] for JPA transaction
2026-03-16 17:00:49 [http-nio-8080-exec-7] DEBUG o.s.orm.jpa.JpaTransactionManager - Participating in existing transaction
2026-03-16 17:00:49 [http-nio-8080-exec-7] DEBUG org.hibernate.SQL - select p1_0.progrm_file_nm,p1_0.progrm_dc,p1_0.progrm_korean_nm,p1_0.progrm_stre_path,p1_0.url from nprogrmlist p1_0
2026-03-16 17:00:49 [http-nio-8080-exec-16] DEBUG o.s.orm.jpa.JpaTransactionManager - Initiating transaction commit
2026-03-16 17:00:49 [http-nio-8080-exec-16] DEBUG o.s.orm.jpa.JpaTransactionManager - Committing JPA transaction on EntityManager [SessionImpl(1315786725<open>)]
2026-03-16 17:00:49 [http-nio-8080-exec-13] DEBUG o.s.orm.jpa.JpaTransactionManager - Found thread-bound EntityManager [SessionImpl(1445216811<open>)] for JPA transaction
2026-03-16 17:00:49 [http-nio-8080-exec-13] DEBUG o.s.orm.jpa.JpaTransactionManager - Participating in existing transaction
2026-03-16 17:00:49 [http-nio-8080-exec-13] DEBUG org.hibernate.SQL - select p1_0.progrm_file_nm,p1_0.progrm_dc,p1_0.progrm_korean_nm,p1_0.progrm_stre_path,p1_0.url from nprogrmlist p1_0
2026-03-16 17:00:49 [http-nio-8080-exec-9] DEBUG o.s.orm.jpa.JpaTransactionManager - Found thread-bound EntityManager [SessionImpl(2045849763<open>)] for JPA transaction
2026-03-16 17:00:49 [http-nio-8080-exec-9] DEBUG o.s.orm.jpa.JpaTransactionManager - Participating in existing transaction
2026-03-16 17:00:49 [http-nio-8080-exec-9] DEBUG org.hibernate.SQL - select p1_0.progrm_file_nm,p1_0.progrm_dc,p1_0.progrm_korean_nm,p1_0.progrm_stre_path,p1_0.url from nprogrmlist p1_0
2026-03-16 17:00:49 [http-nio-8080-exec-8] DEBUG o.s.orm.jpa.JpaTransactionManager - Initiating transaction commit
2026-03-16 17:00:49 [http-nio-8080-exec-8] DEBUG o.s.orm.jpa.JpaTransactionManager - Committing JPA transaction on EntityManager [SessionImpl(1171335077<open>)]
2026-03-16 17:00:49 [http-nio-8080-exec-1] DEBUG o.s.orm.jpa.JpaTransactionManager - Initiating transaction commit
2026-03-16 17:00:49 [http-nio-8080-exec-1] DEBUG o.s.orm.jpa.JpaTransactionManager - Committing JPA transaction on EntityManager [SessionImpl(707522959<open>)]
2026-03-16 17:00:49 [http-nio-8080-exec-5] DEBUG o.s.orm.jpa.JpaTransactionManager - Found thread-bound EntityManager [SessionImpl(277967636<open>)] for JPA transaction
2026-03-16 17:00:49 [http-nio-8080-exec-5] DEBUG o.s.orm.jpa.JpaTransactionManager - Participating in existing transaction
2026-03-16 17:00:49 [http-nio-8080-exec-5] DEBUG org.hibernate.SQL - select p1_0.progrm_file_nm,p1_0.progrm_dc,p1_0.progrm_korean_nm,p1_0.progrm_stre_path,p1_0.url from nprogrmlist p1_0
2026-03-16 17:00:49 [http-nio-8080-exec-12] DEBUG o.s.orm.jpa.JpaTransactionManager - Found thread-bound EntityManager [SessionImpl(1277200728<open>)] for JPA transaction
2026-03-16 17:00:49 [http-nio-8080-exec-12] DEBUG o.s.orm.jpa.JpaTransactionManager - Participating in existing transaction
2026-03-16 17:00:49 [http-nio-8080-exec-12] DEBUG org.hibernate.SQL - select p1_0.progrm_file_nm,p1_0.progrm_dc,p1_0.progrm_korean_nm,p1_0.progrm_stre_path,p1_0.url from nprogrmlist p1_0
2026-03-16 17:00:49 [http-nio-8080-exec-11] DEBUG o.s.orm.jpa.JpaTransactionManager - Initiating transaction commit
2026-03-16 17:00:49 [http-nio-8080-exec-11] DEBUG o.s.orm.jpa.JpaTransactionManager - Committing JPA transaction on EntityManager [SessionImpl(2016034157<open>)]
2026-03-16 17:00:49 [http-nio-8080-exec-7] DEBUG o.s.orm.jpa.JpaTransactionManager - Initiating transaction commit
2026-03-16 17:00:49 [http-nio-8080-exec-7] DEBUG o.s.orm.jpa.JpaTransactionManager - Committing JPA transaction on EntityManager [SessionImpl(465777596<open>)]
2026-03-16 17:00:49 [http-nio-8080-exec-16] DEBUG o.s.orm.jpa.JpaTransactionManager - Closing JPA EntityManager [SessionImpl(1315786725<open>)] after transaction
2026-03-16 17:00:49 [http-nio-8080-exec-16] DEBUG c.c.p.s.jwt.JwtAuthenticationFilter - >>> [JwtFilter] Successfully authenticated user: USRCNFRM_99999999999, Authorities: [ROLE_ADMIN]
2026-03-16 17:00:49 [http-nio-8080-exec-15] DEBUG o.s.orm.jpa.JpaTransactionManager - Exposing JPA transaction as JDBC [org.springframework.orm.jpa.vendor.HibernateJpaDialect$HibernateConnectionHandle@4fe30aa1]
2026-03-16 17:00:49 [http-nio-8080-exec-16] DEBUG o.s.web.servlet.DispatcherServlet - GET "/api/v1/menu/left?menuNo=20", parameters={masked}
2026-03-16 17:00:49 [http-nio-8080-exec-16] TRACE o.s.w.s.m.m.a.RequestMappingHandlerMapping - Mapped to com.company.project.api.controller.menu.MenuController#getLeftMenu(Long)
2026-03-16 17:00:49 [http-nio-8080-exec-15] DEBUG org.hibernate.SQL - select m1_0.menu_no,m1_0.menu_dc,m1_0.menu_nm,m1_0.menu_ordr,m1_0.modern_route,m1_0.progrm_file_nm,m1_0.relate_image_nm,m1_0.relate_image_path,m1_0.route_updated_at,m1_0.upper_menu_no from nmenuinfo m1_0 order by m1_0.upper_menu_no,m1_0.menu_ordr
2026-03-16 17:00:49 [http-nio-8080-exec-16] INFO  c.c.p.a.c.menu.MenuController - getLeftMenu called with menuNo=20
2026-03-16 17:00:49 [http-nio-8080-exec-16] DEBUG o.s.orm.jpa.JpaTransactionManager - Creating new transaction with name [com.company.project.service.menu.MenuService.getSubMenus]: PROPAGATION_REQUIRED,ISOLATION_DEFAULT,readOnly
2026-03-16 17:00:49 [http-nio-8080-exec-16] DEBUG o.s.orm.jpa.JpaTransactionManager - Opened new EntityManager [SessionImpl(2028502238<open>)] for JPA transaction
2026-03-16 17:00:49 [http-nio-8080-exec-13] DEBUG o.s.orm.jpa.JpaTransactionManager - Initiating transaction commit
2026-03-16 17:00:49 [http-nio-8080-exec-13] DEBUG o.s.orm.jpa.JpaTransactionManager - Committing JPA transaction on EntityManager [SessionImpl(1445216811<open>)]
2026-03-16 17:00:49 [http-nio-8080-exec-14] DEBUG o.s.orm.jpa.JpaTransactionManager - Found thread-bound EntityManager [SessionImpl(596882861<open>)] for JPA transaction
2026-03-16 17:00:49 [http-nio-8080-exec-14] DEBUG o.s.orm.jpa.JpaTransactionManager - Participating in existing transaction
2026-03-16 17:00:49 [http-nio-8080-exec-14] DEBUG org.hibernate.SQL - select p1_0.progrm_file_nm,p1_0.progrm_dc,p1_0.progrm_korean_nm,p1_0.progrm_stre_path,p1_0.url from nprogrmlist p1_0
2026-03-16 17:00:49 [http-nio-8080-exec-9] DEBUG o.s.orm.jpa.JpaTransactionManager - Initiating transaction commit
2026-03-16 17:00:49 [http-nio-8080-exec-9] DEBUG o.s.orm.jpa.JpaTransactionManager - Committing JPA transaction on EntityManager [SessionImpl(2045849763<open>)]
2026-03-16 17:00:49 [http-nio-8080-exec-1] DEBUG o.s.orm.jpa.JpaTransactionManager - Closing JPA EntityManager [SessionImpl(707522959<open>)] after transaction
2026-03-16 17:00:49 [http-nio-8080-exec-8] DEBUG o.s.orm.jpa.JpaTransactionManager - Closing JPA EntityManager [SessionImpl(1171335077<open>)] after transaction
2026-03-16 17:00:49 [http-nio-8080-exec-1] INFO  c.c.p.a.c.menu.MenuController - getLeftMenu returned 3 items
2026-03-16 17:00:49 [http-nio-8080-exec-8] INFO  c.c.p.a.c.menu.MenuController - getLeftMenu returned 2 items
2026-03-16 17:00:49 [http-nio-8080-exec-17] DEBUG o.s.orm.jpa.JpaTransactionManager - Exposing JPA transaction as JDBC [org.springframework.orm.jpa.vendor.HibernateJpaDialect$HibernateConnectionHandle@647e1c05]
2026-03-16 17:00:49 [http-nio-8080-exec-6] DEBUG o.s.orm.jpa.JpaTransactionManager - Exposing JPA transaction as JDBC [org.springframework.orm.jpa.vendor.HibernateJpaDialect$HibernateConnectionHandle@12c081b3]
2026-03-16 17:00:49 [http-nio-8080-exec-1] DEBUG o.s.w.s.m.m.a.HttpEntityMethodProcessor - Using 'application/json', given [application/json, text/plain, */*] and supported [application/json, application/*+json, application/yaml]
2026-03-16 17:00:49 [http-nio-8080-exec-8] DEBUG o.s.w.s.m.m.a.HttpEntityMethodProcessor - Using 'application/json', given [application/json, text/plain, */*] and supported [application/json, application/*+json, application/yaml]
2026-03-16 17:00:49 [http-nio-8080-exec-1] TRACE o.s.w.s.m.m.a.HttpEntityMethodProcessor - Writing [ApiResponse[success=true, status=200, code=COMMON_001, message=Success, data={list=[com.company.project.service.menu.dto.MenuDto@6871d097, com.company.project.service.menu.dto.MenuDto@683a421d, com.company.project.service.menu.dto.MenuDto@2a6f8fb5]}, timestamp=2026-03-16T17:00:49.770300500]]
2026-03-16 17:00:49 [http-nio-8080-exec-8] TRACE o.s.w.s.m.m.a.HttpEntityMethodProcessor - Writing [ApiResponse[success=true, status=200, code=COMMON_001, message=Success, data={list=[com.company.project.service.menu.dto.MenuDto@42b148a7, com.company.project.service.menu.dto.MenuDto@164d719d]}, timestamp=2026-03-16T17:00:49.770300500]]
2026-03-16 17:00:49 [http-nio-8080-exec-17] DEBUG org.hibernate.SQL - select m1_0.menu_no,m1_0.menu_dc,m1_0.menu_nm,m1_0.menu_ordr,m1_0.modern_route,m1_0.progrm_file_nm,m1_0.relate_image_nm,m1_0.relate_image_path,m1_0.route_updated_at,m1_0.upper_menu_no from nmenuinfo m1_0 order by m1_0.upper_menu_no,m1_0.menu_ordr
2026-03-16 17:00:49 [http-nio-8080-exec-6] DEBUG org.hibernate.SQL - select m1_0.menu_no,m1_0.menu_dc,m1_0.menu_nm,m1_0.menu_ordr,m1_0.modern_route,m1_0.progrm_file_nm,m1_0.relate_image_nm,m1_0.relate_image_path,m1_0.route_updated_at,m1_0.upper_menu_no from nmenuinfo m1_0 order by m1_0.upper_menu_no,m1_0.menu_ordr
2026-03-16 17:00:49 [http-nio-8080-exec-8] INFO  c.c.p.a.i.OperationalAuditInterceptor - API Audit Log: URL=/api/v1/menu/left, User=webmaster, IP=0:0:0:0:0:0:0:1
2026-03-16 17:00:49 [http-nio-8080-exec-1] INFO  c.c.p.a.i.OperationalAuditInterceptor - API Audit Log: URL=/api/v1/menu/left, User=webmaster, IP=0:0:0:0:0:0:0:1
2026-03-16 17:00:49 [http-nio-8080-exec-8] DEBUG o.s.web.servlet.DispatcherServlet - Completed 200 OK
2026-03-16 17:00:49 [http-nio-8080-exec-1] DEBUG o.s.web.servlet.DispatcherServlet - Completed 200 OK
2026-03-16 17:00:49 [http-nio-8080-exec-7] DEBUG o.s.orm.jpa.JpaTransactionManager - Closing JPA EntityManager [SessionImpl(465777596<open>)] after transaction
2026-03-16 17:00:49 [http-nio-8080-exec-11] DEBUG o.s.orm.jpa.JpaTransactionManager - Closing JPA EntityManager [SessionImpl(2016034157<open>)] after transaction
2026-03-16 17:00:49 [http-nio-8080-exec-7] INFO  c.c.p.a.c.menu.MenuController - getLeftMenu returned 5 items
2026-03-16 17:00:49 [http-nio-8080-exec-19] DEBUG o.s.orm.jpa.JpaTransactionManager - Exposing JPA transaction as JDBC [org.springframework.orm.jpa.vendor.HibernateJpaDialect$HibernateConnectionHandle@189df3ed]
2026-03-16 17:00:49 [http-nio-8080-exec-18] DEBUG o.s.orm.jpa.JpaTransactionManager - Exposing JPA transaction as JDBC [org.springframework.orm.jpa.vendor.HibernateJpaDialect$HibernateConnectionHandle@3a46badd]
2026-03-16 17:00:49 [http-nio-8080-exec-11] INFO  c.c.p.a.c.menu.MenuController - getLeftMenu returned 1 items
2026-03-16 17:00:49 [http-nio-8080-exec-7] DEBUG o.s.w.s.m.m.a.HttpEntityMethodProcessor - Using 'application/json', given [application/json, text/plain, */*] and supported [application/json, application/*+json, application/yaml]
2026-03-16 17:00:49 [http-nio-8080-exec-11] DEBUG o.s.w.s.m.m.a.HttpEntityMethodProcessor - Using 'application/json', given [application/json, text/plain, */*] and supported [application/json, application/*+json, application/yaml]
2026-03-16 17:00:49 [http-nio-8080-exec-7] TRACE o.s.w.s.m.m.a.HttpEntityMethodProcessor - Writing [ApiResponse[success=true, status=200, code=COMMON_001, message=Success, data={list=[com.company.project.service.menu.dto.MenuDto@43d7842f, com.company.project.service.menu.dto.MenuDto@4cc1c545, com.company.project.service.menu.dto.MenuDto@4b093e20, com.company.project.service.menu.dto.MenuDto@12760f47, com.company.project.service.menu.dto.MenuDto@6d7f17da]}, timestamp=2026-03-16T17:00:49.884794900]]
2026-03-16 17:00:49 [http-nio-8080-exec-11] TRACE o.s.w.s.m.m.a.HttpEntityMethodProcessor - Writing [ApiResponse[success=true, status=200, code=COMMON_001, message=Success, data={list=[com.company.project.service.menu.dto.MenuDto@5f3a2873]}, timestamp=2026-03-16T17:00:49.884794900]]
2026-03-16 17:00:49 [http-nio-8080-exec-18] DEBUG org.hibernate.SQL - select m1_0.menu_no,m1_0.menu_dc,m1_0.menu_nm,m1_0.menu_ordr,m1_0.modern_route,m1_0.progrm_file_nm,m1_0.relate_image_nm,m1_0.relate_image_path,m1_0.route_updated_at,m1_0.upper_menu_no from nmenuinfo m1_0 order by m1_0.upper_menu_no,m1_0.menu_ordr
2026-03-16 17:00:49 [http-nio-8080-exec-19] DEBUG org.hibernate.SQL - select m1_0.menu_no,m1_0.menu_dc,m1_0.menu_nm,m1_0.menu_ordr,m1_0.modern_route,m1_0.progrm_file_nm,m1_0.relate_image_nm,m1_0.relate_image_path,m1_0.route_updated_at,m1_0.upper_menu_no from nmenuinfo m1_0 order by m1_0.upper_menu_no,m1_0.menu_ordr
2026-03-16 17:00:49 [http-nio-8080-exec-7] INFO  c.c.p.a.i.OperationalAuditInterceptor - API Audit Log: URL=/api/v1/menu/left, User=webmaster, IP=0:0:0:0:0:0:0:1
2026-03-16 17:00:49 [http-nio-8080-exec-11] INFO  c.c.p.a.i.OperationalAuditInterceptor - API Audit Log: URL=/api/v1/menu/left, User=webmaster, IP=0:0:0:0:0:0:0:1
2026-03-16 17:00:49 [http-nio-8080-exec-7] DEBUG o.s.web.servlet.DispatcherServlet - Completed 200 OK
2026-03-16 17:00:49 [http-nio-8080-exec-11] DEBUG o.s.web.servlet.DispatcherServlet - Completed 200 OK
2026-03-16 17:00:49 [http-nio-8080-exec-5] DEBUG o.s.orm.jpa.JpaTransactionManager - Initiating transaction commit
2026-03-16 17:00:49 [http-nio-8080-exec-12] DEBUG o.s.orm.jpa.JpaTransactionManager - Initiating transaction commit
2026-03-16 17:00:49 [http-nio-8080-exec-5] DEBUG o.s.orm.jpa.JpaTransactionManager - Committing JPA transaction on EntityManager [SessionImpl(277967636<open>)]
2026-03-16 17:00:49 [http-nio-8080-exec-12] DEBUG o.s.orm.jpa.JpaTransactionManager - Committing JPA transaction on EntityManager [SessionImpl(1277200728<open>)]
2026-03-16 17:00:49 [http-nio-8080-exec-13] DEBUG o.s.orm.jpa.JpaTransactionManager - Closing JPA EntityManager [SessionImpl(1445216811<open>)] after transaction
2026-03-16 17:00:49 [http-nio-8080-exec-4] DEBUG o.s.orm.jpa.JpaTransactionManager - Exposing JPA transaction as JDBC [org.springframework.orm.jpa.vendor.HibernateJpaDialect$HibernateConnectionHandle@1a195e1f]
2026-03-16 17:00:49 [http-nio-8080-exec-13] INFO  c.c.p.a.c.menu.MenuController - getLeftMenu returned 2 items
2026-03-16 17:00:49 [http-nio-8080-exec-13] DEBUG o.s.w.s.m.m.a.HttpEntityMethodProcessor - Using 'application/json', given [application/json, text/plain, */*] and supported [application/json, application/*+json, application/yaml]
2026-03-16 17:00:49 [http-nio-8080-exec-13] TRACE o.s.w.s.m.m.a.HttpEntityMethodProcessor - Writing [ApiResponse[success=true, status=200, code=COMMON_001, message=Success, data={list=[com.company.project.service.menu.dto.MenuDto@75f18e4b, com.company.project.service.menu.dto.MenuDto@6c3867bd]}, timestamp=2026-03-16T17:00:49.891543900]]
2026-03-16 17:00:49 [http-nio-8080-exec-4] DEBUG org.hibernate.SQL - select is1_0.infrml_sanctn_id,is1_0.applcnt_id,is1_0.confm_at,is1_0.frst_register_id,is1_0.frst_regist_pnttm,is1_0.job_se_code,is1_0.last_updusr_id,is1_0.last_updt_pnttm,is1_0.reqst_de,is1_0.return_resn,is1_0.sanctn_dt,is1_0.sanctner_id from ninfrmlsanctn is1_0 where is1_0.sanctner_id=?
2026-03-16 17:00:49 [http-nio-8080-exec-13] INFO  c.c.p.a.i.OperationalAuditInterceptor - API Audit Log: URL=/api/v1/menu/left, User=webmaster, IP=0:0:0:0:0:0:0:1
2026-03-16 17:00:49 [http-nio-8080-exec-13] DEBUG o.s.web.servlet.DispatcherServlet - Completed 200 OK
2026-03-16 17:00:49 [http-nio-8080-exec-14] DEBUG o.s.orm.jpa.JpaTransactionManager - Initiating transaction commit
2026-03-16 17:00:49 [http-nio-8080-exec-14] DEBUG o.s.orm.jpa.JpaTransactionManager - Committing JPA transaction on EntityManager [SessionImpl(596882861<open>)]
2026-03-16 17:00:50 [http-nio-8080-exec-9] DEBUG o.s.orm.jpa.JpaTransactionManager - Closing JPA EntityManager [SessionImpl(2045849763<open>)] after transaction
2026-03-16 17:00:50 [http-nio-8080-exec-9] INFO  c.c.p.a.c.menu.MenuController - getLeftMenu returned 3 items
2026-03-16 17:00:50 [http-nio-8080-exec-16] DEBUG o.s.orm.jpa.JpaTransactionManager - Exposing JPA transaction as JDBC [org.springframework.orm.jpa.vendor.HibernateJpaDialect$HibernateConnectionHandle@790837dd]
2026-03-16 17:00:50 [http-nio-8080-exec-9] DEBUG o.s.w.s.m.m.a.HttpEntityMethodProcessor - Using 'application/json', given [application/json, text/plain, */*] and supported [application/json, application/*+json, application/yaml]
2026-03-16 17:00:50 [http-nio-8080-exec-9] TRACE o.s.w.s.m.m.a.HttpEntityMethodProcessor - Writing [ApiResponse[success=true, status=200, code=COMMON_001, message=Success, data={list=[com.company.project.service.menu.dto.MenuDto@3269d632, com.company.project.service.menu.dto.MenuDto@2db938f2, com.company.project.service.menu.dto.MenuDto@4185a601]}, timestamp=2026-03-16T17:00:50.040616200]]
2026-03-16 17:00:50 [http-nio-8080-exec-16] DEBUG org.hibernate.SQL - select m1_0.menu_no,m1_0.menu_dc,m1_0.menu_nm,m1_0.menu_ordr,m1_0.modern_route,m1_0.progrm_file_nm,m1_0.relate_image_nm,m1_0.relate_image_path,m1_0.route_updated_at,m1_0.upper_menu_no from nmenuinfo m1_0 order by m1_0.upper_menu_no,m1_0.menu_ordr
2026-03-16 17:00:50 [http-nio-8080-exec-9] INFO  c.c.p.a.i.OperationalAuditInterceptor - API Audit Log: URL=/api/v1/menu/left, User=webmaster, IP=0:0:0:0:0:0:0:1
2026-03-16 17:00:50 [http-nio-8080-exec-9] DEBUG o.s.web.servlet.DispatcherServlet - Completed 200 OK
2026-03-16 17:00:50 [http-nio-8080-exec-15] DEBUG o.s.orm.jpa.JpaTransactionManager - Found thread-bound EntityManager [SessionImpl(586798037<open>)] for JPA transaction
2026-03-16 17:00:50 [http-nio-8080-exec-15] DEBUG o.s.orm.jpa.JpaTransactionManager - Participating in existing transaction
2026-03-16 17:00:50 [http-nio-8080-exec-15] DEBUG org.hibernate.SQL - select p1_0.progrm_file_nm,p1_0.progrm_dc,p1_0.progrm_korean_nm,p1_0.progrm_stre_path,p1_0.url from nprogrmlist p1_0
2026-03-16 17:00:50 [http-nio-8080-exec-17] DEBUG o.s.orm.jpa.JpaTransactionManager - Found thread-bound EntityManager [SessionImpl(1267913024<open>)] for JPA transaction
2026-03-16 17:00:50 [http-nio-8080-exec-17] DEBUG o.s.orm.jpa.JpaTransactionManager - Participating in existing transaction
2026-03-16 17:00:50 [http-nio-8080-exec-5] DEBUG o.s.orm.jpa.JpaTransactionManager - Closing JPA EntityManager [SessionImpl(277967636<open>)] after transaction
2026-03-16 17:00:50 [http-nio-8080-exec-6] DEBUG o.s.orm.jpa.JpaTransactionManager - Found thread-bound EntityManager [SessionImpl(766783861<open>)] for JPA transaction
2026-03-16 17:00:50 [http-nio-8080-exec-6] DEBUG o.s.orm.jpa.JpaTransactionManager - Participating in existing transaction
2026-03-16 17:00:50 [http-nio-8080-exec-5] INFO  c.c.p.a.c.menu.MenuController - getLeftMenu returned 5 items
2026-03-16 17:00:50 [http-nio-8080-exec-5] DEBUG o.s.w.s.m.m.a.HttpEntityMethodProcessor - Using 'application/json', given [application/json, text/plain, */*] and supported [application/json, application/*+json, application/yaml]
2026-03-16 17:00:50 [http-nio-8080-exec-5] TRACE o.s.w.s.m.m.a.HttpEntityMethodProcessor - Writing [ApiResponse[success=true, status=200, code=COMMON_001, message=Success, data={list=[com.company.project.service.menu.dto.MenuDto@1fefae67, com.company.project.service.menu.dto.MenuDto@43340999, com.company.project.service.menu.dto.MenuDto@48b3520, com.company.project.service.menu.dto.MenuDto@507726ac, com.company.project.service.menu.dto.MenuDto@32893653]}, timestamp=2026-03-16T17:00:50.043155600]]
2026-03-16 17:00:50 [http-nio-8080-exec-6] DEBUG org.hibernate.SQL - select p1_0.progrm_file_nm,p1_0.progrm_dc,p1_0.progrm_korean_nm,p1_0.progrm_stre_path,p1_0.url from nprogrmlist p1_0
2026-03-16 17:00:50 [http-nio-8080-exec-17] DEBUG org.hibernate.SQL - select p1_0.progrm_file_nm,p1_0.progrm_dc,p1_0.progrm_korean_nm,p1_0.progrm_stre_path,p1_0.url from nprogrmlist p1_0
2026-03-16 17:00:50 [http-nio-8080-exec-5] INFO  c.c.p.a.i.OperationalAuditInterceptor - API Audit Log: URL=/api/v1/menu/left, User=webmaster, IP=0:0:0:0:0:0:0:1
2026-03-16 17:00:50 [http-nio-8080-exec-5] DEBUG o.s.web.servlet.DispatcherServlet - Completed 200 OK
2026-03-16 17:00:50 [http-nio-8080-exec-12] DEBUG o.s.orm.jpa.JpaTransactionManager - Closing JPA EntityManager [SessionImpl(1277200728<open>)] after transaction
2026-03-16 17:00:50 [http-nio-8080-exec-19] DEBUG o.s.orm.jpa.JpaTransactionManager - Found thread-bound EntityManager [SessionImpl(1410674243<open>)] for JPA transaction
2026-03-16 17:00:50 [http-nio-8080-exec-12] INFO  c.c.p.a.c.menu.MenuController - getLeftMenu returned 3 items
2026-03-16 17:00:50 [http-nio-8080-exec-19] DEBUG o.s.orm.jpa.JpaTransactionManager - Participating in existing transaction
2026-03-16 17:00:50 [http-nio-8080-exec-12] DEBUG o.s.w.s.m.m.a.HttpEntityMethodProcessor - Using 'application/json', given [application/json, text/plain, */*] and supported [application/json, application/*+json, application/yaml]
2026-03-16 17:00:50 [http-nio-8080-exec-12] TRACE o.s.w.s.m.m.a.HttpEntityMethodProcessor - Writing [ApiResponse[success=true, status=200, code=COMMON_001, message=Success, data={list=[com.company.project.service.menu.dto.MenuDto@60c1738a, com.company.project.service.menu.dto.MenuDto@2ea2760a, com.company.project.service.menu.dto.MenuDto@170d9]}, timestamp=2026-03-16T17:00:50.044157400]]
2026-03-16 17:00:50 [http-nio-8080-exec-19] DEBUG org.hibernate.SQL - select p1_0.progrm_file_nm,p1_0.progrm_dc,p1_0.progrm_korean_nm,p1_0.progrm_stre_path,p1_0.url from nprogrmlist p1_0
2026-03-16 17:00:50 [http-nio-8080-exec-12] INFO  c.c.p.a.i.OperationalAuditInterceptor - API Audit Log: URL=/api/v1/menu/left, User=webmaster, IP=0:0:0:0:0:0:0:1
2026-03-16 17:00:50 [http-nio-8080-exec-12] DEBUG o.s.web.servlet.DispatcherServlet - Completed 200 OK
2026-03-16 17:00:50 [http-nio-8080-exec-4] DEBUG o.s.orm.jpa.JpaTransactionManager - Initiating transaction commit
2026-03-16 17:00:50 [http-nio-8080-exec-4] DEBUG o.s.orm.jpa.JpaTransactionManager - Committing JPA transaction on EntityManager [SessionImpl(517481396<open>)]
2026-03-16 17:00:50 [http-nio-8080-exec-14] DEBUG o.s.orm.jpa.JpaTransactionManager - Closing JPA EntityManager [SessionImpl(596882861<open>)] after transaction
2026-03-16 17:00:50 [http-nio-8080-exec-14] INFO  c.c.p.a.c.menu.MenuController - getLeftMenu returned 3 items
2026-03-16 17:00:50 [http-nio-8080-exec-14] DEBUG o.s.w.s.m.m.a.HttpEntityMethodProcessor - Using 'application/json', given [application/json, text/plain, */*] and supported [application/json, application/*+json, application/yaml]
2026-03-16 17:00:50 [http-nio-8080-exec-14] TRACE o.s.w.s.m.m.a.HttpEntityMethodProcessor - Writing [ApiResponse[success=true, status=200, code=COMMON_001, message=Success, data={list=[com.company.project.service.menu.dto.MenuDto@575982c2, com.company.project.service.menu.dto.MenuDto@49399393, com.company.project.service.menu.dto.MenuDto@5800fd22]}, timestamp=2026-03-16T17:00:50.091823700]]
2026-03-16 17:00:50 [http-nio-8080-exec-14] INFO  c.c.p.a.i.OperationalAuditInterceptor - API Audit Log: URL=/api/v1/menu/left, User=webmaster, IP=0:0:0:0:0:0:0:1
2026-03-16 17:00:50 [http-nio-8080-exec-14] DEBUG o.s.web.servlet.DispatcherServlet - Completed 200 OK
2026-03-16 17:00:50 [http-nio-8080-exec-4] DEBUG o.s.orm.jpa.JpaTransactionManager - Closing JPA EntityManager [SessionImpl(517481396<open>)] after transaction
2026-03-16 17:00:50 [http-nio-8080-exec-4] DEBUG o.s.w.s.m.m.a.HttpEntityMethodProcessor - Using 'application/json', given [application/json, text/plain, */*] and supported [application/json, application/*+json, application/yaml]
2026-03-16 17:00:50 [http-nio-8080-exec-4] TRACE o.s.w.s.m.m.a.HttpEntityMethodProcessor - Writing [{notiList=[com.company.project.service.board.dto.BoardDto@452f81fd], success=true, taskList=[com.company.project.service.board.dto.BoardDto@1ea6e018], pendingApprovalCount=0}]
2026-03-16 17:00:50 [http-nio-8080-exec-17] DEBUG o.s.orm.jpa.JpaTransactionManager - Initiating transaction commit
2026-03-16 17:00:50 [http-nio-8080-exec-18] DEBUG o.s.orm.jpa.JpaTransactionManager - Found thread-bound EntityManager [SessionImpl(169655400<open>)] for JPA transaction
2026-03-16 17:00:50 [http-nio-8080-exec-18] DEBUG o.s.orm.jpa.JpaTransactionManager - Participating in existing transaction
2026-03-16 17:00:50 [http-nio-8080-exec-17] DEBUG o.s.orm.jpa.JpaTransactionManager - Committing JPA transaction on EntityManager [SessionImpl(1267913024<open>)]
2026-03-16 17:00:50 [http-nio-8080-exec-15] DEBUG o.s.orm.jpa.JpaTransactionManager - Initiating transaction commit
2026-03-16 17:00:50 [http-nio-8080-exec-6] DEBUG o.s.orm.jpa.JpaTransactionManager - Initiating transaction commit
2026-03-16 17:00:50 [http-nio-8080-exec-15] DEBUG o.s.orm.jpa.JpaTransactionManager - Committing JPA transaction on EntityManager [SessionImpl(586798037<open>)]
2026-03-16 17:00:50 [http-nio-8080-exec-6] DEBUG o.s.orm.jpa.JpaTransactionManager - Committing JPA transaction on EntityManager [SessionImpl(766783861<open>)]
2026-03-16 17:00:50 [http-nio-8080-exec-4] INFO  c.c.p.a.i.OperationalAuditInterceptor - API Audit Log: URL=/api/v1/dashboard, User=webmaster, IP=0:0:0:0:0:0:0:1
2026-03-16 17:00:50 [http-nio-8080-exec-18] DEBUG org.hibernate.SQL - select p1_0.progrm_file_nm,p1_0.progrm_dc,p1_0.progrm_korean_nm,p1_0.progrm_stre_path,p1_0.url from nprogrmlist p1_0
2026-03-16 17:00:50 [http-nio-8080-exec-4] DEBUG o.s.web.servlet.DispatcherServlet - Completed 200 OK
2026-03-16 17:00:50 [http-nio-8080-exec-16] DEBUG o.s.orm.jpa.JpaTransactionManager - Found thread-bound EntityManager [SessionImpl(2028502238<open>)] for JPA transaction
2026-03-16 17:00:50 [http-nio-8080-exec-16] DEBUG o.s.orm.jpa.JpaTransactionManager - Participating in existing transaction
2026-03-16 17:00:50 [http-nio-8080-exec-19] DEBUG o.s.orm.jpa.JpaTransactionManager - Initiating transaction commit
2026-03-16 17:00:50 [http-nio-8080-exec-19] DEBUG o.s.orm.jpa.JpaTransactionManager - Committing JPA transaction on EntityManager [SessionImpl(1410674243<open>)]
2026-03-16 17:00:50 [http-nio-8080-exec-16] DEBUG org.hibernate.SQL - select p1_0.progrm_file_nm,p1_0.progrm_dc,p1_0.progrm_korean_nm,p1_0.progrm_stre_path,p1_0.url from nprogrmlist p1_0
2026-03-16 17:00:50 [http-nio-8080-exec-17] DEBUG o.s.orm.jpa.JpaTransactionManager - Closing JPA EntityManager [SessionImpl(1267913024<open>)] after transaction
2026-03-16 17:00:50 [http-nio-8080-exec-6] DEBUG o.s.orm.jpa.JpaTransactionManager - Closing JPA EntityManager [SessionImpl(766783861<open>)] after transaction
2026-03-16 17:00:50 [http-nio-8080-exec-17] INFO  c.c.p.a.c.menu.MenuController - getLeftMenu returned 3 items
2026-03-16 17:00:50 [http-nio-8080-exec-6] INFO  c.c.p.a.c.menu.MenuController - getLeftMenu returned 5 items
2026-03-16 17:00:50 [http-nio-8080-exec-17] DEBUG o.s.w.s.m.m.a.HttpEntityMethodProcessor - Using 'application/json', given [application/json, text/plain, */*] and supported [application/json, application/*+json, application/yaml]
2026-03-16 17:00:50 [http-nio-8080-exec-6] DEBUG o.s.w.s.m.m.a.HttpEntityMethodProcessor - Using 'application/json', given [application/json, text/plain, */*] and supported [application/json, application/*+json, application/yaml]
2026-03-16 17:00:50 [http-nio-8080-exec-17] TRACE o.s.w.s.m.m.a.HttpEntityMethodProcessor - Writing [ApiResponse[success=true, status=200, code=COMMON_001, message=Success, data={list=[com.company.project.service.menu.dto.MenuDto@7f72f7a6, com.company.project.service.menu.dto.MenuDto@5a6d7917, com.company.project.service.menu.dto.MenuDto@2f5860f7]}, timestamp=2026-03-16T17:00:50.392470900]]
2026-03-16 17:00:50 [http-nio-8080-exec-6] TRACE o.s.w.s.m.m.a.HttpEntityMethodProcessor - Writing [ApiResponse[success=true, status=200, code=COMMON_001, message=Success, data={list=[com.company.project.service.menu.dto.MenuDto@2ad48e34, com.company.project.service.menu.dto.MenuDto@11019775, com.company.project.service.menu.dto.MenuDto@51fa2162, com.company.project.service.menu.dto.MenuDto@3baee0d8, com.company.project.service.menu.dto.MenuDto@35057cb7]}, timestamp=2026-03-16T17:00:50.393260400]]
2026-03-16 17:00:50 [http-nio-8080-exec-6] INFO  c.c.p.a.i.OperationalAuditInterceptor - API Audit Log: URL=/api/v1/menu/left, User=webmaster, IP=0:0:0:0:0:0:0:1
2026-03-16 17:00:50 [http-nio-8080-exec-6] DEBUG o.s.web.servlet.DispatcherServlet - Completed 200 OK
2026-03-16 17:00:50 [http-nio-8080-exec-17] INFO  c.c.p.a.i.OperationalAuditInterceptor - API Audit Log: URL=/api/v1/menu/left, User=webmaster, IP=0:0:0:0:0:0:0:1
2026-03-16 17:00:50 [http-nio-8080-exec-17] DEBUG o.s.web.servlet.DispatcherServlet - Completed 200 OK
2026-03-16 17:00:50 [http-nio-8080-exec-16] DEBUG o.s.orm.jpa.JpaTransactionManager - Initiating transaction commit
2026-03-16 17:00:50 [http-nio-8080-exec-16] DEBUG o.s.orm.jpa.JpaTransactionManager - Committing JPA transaction on EntityManager [SessionImpl(2028502238<open>)]
2026-03-16 17:00:50 [http-nio-8080-exec-15] DEBUG o.s.orm.jpa.JpaTransactionManager - Closing JPA EntityManager [SessionImpl(586798037<open>)] after transaction
2026-03-16 17:00:50 [http-nio-8080-exec-19] DEBUG o.s.orm.jpa.JpaTransactionManager - Closing JPA EntityManager [SessionImpl(1410674243<open>)] after transaction
2026-03-16 17:00:50 [http-nio-8080-exec-15] INFO  c.c.p.a.c.menu.MenuController - getLeftMenu returned 1 items
2026-03-16 17:00:50 [http-nio-8080-exec-19] INFO  c.c.p.a.c.menu.MenuController - getLeftMenu returned 1 items
2026-03-16 17:00:50 [http-nio-8080-exec-15] DEBUG o.s.w.s.m.m.a.HttpEntityMethodProcessor - Using 'application/json', given [application/json, text/plain, */*] and supported [application/json, application/*+json, application/yaml]
2026-03-16 17:00:50 [http-nio-8080-exec-19] DEBUG o.s.w.s.m.m.a.HttpEntityMethodProcessor - Using 'application/json', given [application/json, text/plain, */*] and supported [application/json, application/*+json, application/yaml]
2026-03-16 17:00:50 [http-nio-8080-exec-15] TRACE o.s.w.s.m.m.a.HttpEntityMethodProcessor - Writing [ApiResponse[success=true, status=200, code=COMMON_001, message=Success, data={list=[com.company.project.service.menu.dto.MenuDto@4824ebe7]}, timestamp=2026-03-16T17:00:50.399041600]]
2026-03-16 17:00:50 [http-nio-8080-exec-19] TRACE o.s.w.s.m.m.a.HttpEntityMethodProcessor - Writing [ApiResponse[success=true, status=200, code=COMMON_001, message=Success, data={list=[com.company.project.service.menu.dto.MenuDto@3794c1b8]}, timestamp=2026-03-16T17:00:50.399041600]]
2026-03-16 17:00:50 [http-nio-8080-exec-15] INFO  c.c.p.a.i.OperationalAuditInterceptor - API Audit Log: URL=/api/v1/menu/left, User=webmaster, IP=0:0:0:0:0:0:0:1
2026-03-16 17:00:50 [http-nio-8080-exec-19] INFO  c.c.p.a.i.OperationalAuditInterceptor - API Audit Log: URL=/api/v1/menu/left, User=webmaster, IP=0:0:0:0:0:0:0:1
2026-03-16 17:00:50 [http-nio-8080-exec-15] DEBUG o.s.web.servlet.DispatcherServlet - Completed 200 OK
2026-03-16 17:00:50 [http-nio-8080-exec-19] DEBUG o.s.web.servlet.DispatcherServlet - Completed 200 OK
2026-03-16 17:00:50 [http-nio-8080-exec-18] DEBUG o.s.orm.jpa.JpaTransactionManager - Initiating transaction commit
2026-03-16 17:00:50 [http-nio-8080-exec-18] DEBUG o.s.orm.jpa.JpaTransactionManager - Committing JPA transaction on EntityManager [SessionImpl(169655400<open>)]
2026-03-16 17:00:50 [http-nio-8080-exec-16] DEBUG o.s.orm.jpa.JpaTransactionManager - Closing JPA EntityManager [SessionImpl(2028502238<open>)] after transaction
2026-03-16 17:00:50 [http-nio-8080-exec-16] INFO  c.c.p.a.c.menu.MenuController - getLeftMenu returned 3 items
2026-03-16 17:00:50 [http-nio-8080-exec-16] DEBUG o.s.w.s.m.m.a.HttpEntityMethodProcessor - Using 'application/json', given [application/json, text/plain, */*] and supported [application/json, application/*+json, application/yaml]
2026-03-16 17:00:50 [http-nio-8080-exec-16] TRACE o.s.w.s.m.m.a.HttpEntityMethodProcessor - Writing [ApiResponse[success=true, status=200, code=COMMON_001, message=Success, data={list=[com.company.project.service.menu.dto.MenuDto@71ae2fb1, com.company.project.service.menu.dto.MenuDto@3650e81d, com.company.project.service.menu.dto.MenuDto@1f125de7]}, timestamp=2026-03-16T17:00:50.549821600]]
2026-03-16 17:00:50 [http-nio-8080-exec-16] INFO  c.c.p.a.i.OperationalAuditInterceptor - API Audit Log: URL=/api/v1/menu/left, User=webmaster, IP=0:0:0:0:0:0:0:1
2026-03-16 17:00:50 [http-nio-8080-exec-16] DEBUG o.s.web.servlet.DispatcherServlet - Completed 200 OK
2026-03-16 17:00:50 [http-nio-8080-exec-18] DEBUG o.s.orm.jpa.JpaTransactionManager - Closing JPA EntityManager [SessionImpl(169655400<open>)] after transaction
2026-03-16 17:00:50 [http-nio-8080-exec-18] INFO  c.c.p.a.c.menu.MenuController - getLeftMenu returned 2 items
2026-03-16 17:00:50 [http-nio-8080-exec-18] DEBUG o.s.w.s.m.m.a.HttpEntityMethodProcessor - Using 'application/json', given [application/json, text/plain, */*] and supported [application/json, application/*+json, application/yaml]
2026-03-16 17:00:50 [http-nio-8080-exec-18] TRACE o.s.w.s.m.m.a.HttpEntityMethodProcessor - Writing [ApiResponse[success=true, status=200, code=COMMON_001, message=Success, data={list=[com.company.project.service.menu.dto.MenuDto@11d494b3, com.company.project.service.menu.dto.MenuDto@5b2e4fcf]}, timestamp=2026-03-16T17:00:50.623963200]]
2026-03-16 17:00:50 [http-nio-8080-exec-18] INFO  c.c.p.a.i.OperationalAuditInterceptor - API Audit Log: URL=/api/v1/menu/left, User=webmaster, IP=0:0:0:0:0:0:0:1
2026-03-16 17:00:50 [http-nio-8080-exec-18] DEBUG o.s.web.servlet.DispatcherServlet - Completed 200 OK
2026-03-16 17:00:51 [MessageBroker-6] DEBUG o.s.w.s.s.t.h.DefaultSockJsService - Closed 1 sessions: [wy4k3pzb]
2026-03-16 17:00:51 [http-nio-8080-exec-3] DEBUG c.c.p.s.jwt.JwtAuthenticationFilter - >>> [JwtFilter] Processing request: GET /api/v1/menu/head
2026-03-16 17:00:51 [http-nio-8080-exec-2] DEBUG c.c.p.s.jwt.JwtAuthenticationFilter - >>> [JwtFilter] Processing request: GET /api/v1/dashboard
2026-03-16 17:00:51 [http-nio-8080-exec-3] DEBUG c.c.p.s.jwt.JwtAuthenticationFilter - >>> [JwtFilter] Found token in header for path: /api/v1/menu/head
2026-03-16 17:00:51 [http-nio-8080-exec-2] DEBUG c.c.p.s.jwt.JwtAuthenticationFilter - >>> [JwtFilter] Found token in header for path: /api/v1/dashboard
2026-03-16 17:00:51 [http-nio-8080-exec-2] DEBUG o.s.orm.jpa.JpaTransactionManager - Creating new transaction with name [com.company.project.security.iam.CustomUserDetailsService.loadUserByUsername]: PROPAGATION_REQUIRED,ISOLATION_DEFAULT,readOnly
2026-03-16 17:00:51 [http-nio-8080-exec-3] DEBUG o.s.orm.jpa.JpaTransactionManager - Creating new transaction with name [com.company.project.security.iam.CustomUserDetailsService.loadUserByUsername]: PROPAGATION_REQUIRED,ISOLATION_DEFAULT,readOnly
2026-03-16 17:00:51 [http-nio-8080-exec-2] DEBUG o.s.orm.jpa.JpaTransactionManager - Opened new EntityManager [SessionImpl(1484038062<open>)] for JPA transaction
2026-03-16 17:00:51 [http-nio-8080-exec-3] DEBUG o.s.orm.jpa.JpaTransactionManager - Opened new EntityManager [SessionImpl(1868704724<open>)] for JPA transaction
2026-03-16 17:00:51 [http-nio-8080-exec-2] DEBUG o.s.orm.jpa.JpaTransactionManager - Exposing JPA transaction as JDBC [org.springframework.orm.jpa.vendor.HibernateJpaDialect$HibernateConnectionHandle@77a7ef7f]
2026-03-16 17:00:51 [http-nio-8080-exec-3] DEBUG o.s.orm.jpa.JpaTransactionManager - Exposing JPA transaction as JDBC [org.springframework.orm.jpa.vendor.HibernateJpaDialect$HibernateConnectionHandle@719232af]
2026-03-16 17:00:51 [http-nio-8080-exec-2] DEBUG o.s.orm.jpa.JpaTransactionManager - Found thread-bound EntityManager [SessionImpl(1484038062<open>)] for JPA transaction
2026-03-16 17:00:51 [http-nio-8080-exec-2] DEBUG o.s.orm.jpa.JpaTransactionManager - Participating in existing transaction
2026-03-16 17:00:51 [http-nio-8080-exec-3] DEBUG o.s.orm.jpa.JpaTransactionManager - Found thread-bound EntityManager [SessionImpl(1868704724<open>)] for JPA transaction
2026-03-16 17:00:51 [http-nio-8080-exec-3] DEBUG o.s.orm.jpa.JpaTransactionManager - Participating in existing transaction
2026-03-16 17:00:51 [http-nio-8080-exec-2] DEBUG org.hibernate.SQL - select u1_0.emplyr_id,u1_0.area_no,u1_0.brthdy,u1_0.chg_pwd_cnt,u1_0.frst_register_id,u1_0.frst_regist_pnttm,u1_0.detail_adres,u1_0.email_adres,u1_0.emplyr_sttus_code,u1_0.empl_no,u1_0.esntl_id,u1_0.fxnum,u1_0.group_id,u1_0.house_adres,u1_0.house_end_telno,u1_0.house_middle_telno,u1_0.ihidnum,u1_0.pstinst_code,u1_0.last_updusr_id,u1_0.last_updt_pnttm,u1_0.lock_at,u1_0.lock_cnt,u1_0.lock_last_pnttm,u1_0.mbtlnum,u1_0.ofcps_nm,u1_0.offm_telno,u1_0.orgnzt_id,u1_0.password,u1_0.password_cnsr,u1_0.password_hint,u1_0.chg_pwd_last_pnttm,u1_0.role,u1_0.sbscrb_de,u1_0.sexdstn_code,u1_0.crtfc_dn_value,u1_0.user_nm,u1_0.zip from nemplyrinfo u1_0 where u1_0.emplyr_id=?
2026-03-16 17:00:51 [http-nio-8080-exec-3] DEBUG org.hibernate.SQL - select u1_0.emplyr_id,u1_0.area_no,u1_0.brthdy,u1_0.chg_pwd_cnt,u1_0.frst_register_id,u1_0.frst_regist_pnttm,u1_0.detail_adres,u1_0.email_adres,u1_0.emplyr_sttus_code,u1_0.empl_no,u1_0.esntl_id,u1_0.fxnum,u1_0.group_id,u1_0.house_adres,u1_0.house_end_telno,u1_0.house_middle_telno,u1_0.ihidnum,u1_0.pstinst_code,u1_0.last_updusr_id,u1_0.last_updt_pnttm,u1_0.lock_at,u1_0.lock_cnt,u1_0.lock_last_pnttm,u1_0.mbtlnum,u1_0.ofcps_nm,u1_0.offm_telno,u1_0.orgnzt_id,u1_0.password,u1_0.password_cnsr,u1_0.password_hint,u1_0.chg_pwd_last_pnttm,u1_0.role,u1_0.sbscrb_de,u1_0.sexdstn_code,u1_0.crtfc_dn_value,u1_0.user_nm,u1_0.zip from nemplyrinfo u1_0 where u1_0.emplyr_id=?
2026-03-16 17:00:51 [http-nio-8080-exec-3] DEBUG o.s.orm.jpa.JpaTransactionManager - Found thread-bound EntityManager [SessionImpl(1868704724<open>)] for JPA transaction
2026-03-16 17:00:51 [http-nio-8080-exec-3] DEBUG o.s.orm.jpa.JpaTransactionManager - Participating in existing transaction
2026-03-16 17:00:51 [http-nio-8080-exec-2] DEBUG o.s.orm.jpa.JpaTransactionManager - Found thread-bound EntityManager [SessionImpl(1484038062<open>)] for JPA transaction
2026-03-16 17:00:51 [http-nio-8080-exec-3] DEBUG org.hibernate.SQL - select ua1_0.scrty_dtrmn_trget_id,ua1_0.author_code,ua1_0.frst_register_id,ua1_0.frst_regist_pnttm,ua1_0.last_updusr_id,ua1_0.last_updt_pnttm,ua1_0.mber_ty_code from nemplyrscrtyestbs ua1_0 where ua1_0.scrty_dtrmn_trget_id=?
2026-03-16 17:00:51 [http-nio-8080-exec-2] DEBUG o.s.orm.jpa.JpaTransactionManager - Participating in existing transaction
2026-03-16 17:00:51 [http-nio-8080-exec-2] DEBUG org.hibernate.SQL - select ua1_0.scrty_dtrmn_trget_id,ua1_0.author_code,ua1_0.frst_register_id,ua1_0.frst_regist_pnttm,ua1_0.last_updusr_id,ua1_0.last_updt_pnttm,ua1_0.mber_ty_code from nemplyrscrtyestbs ua1_0 where ua1_0.scrty_dtrmn_trget_id=?
2026-03-16 17:00:52 [http-nio-8080-exec-2] DEBUG o.s.orm.jpa.JpaTransactionManager - Initiating transaction commit
2026-03-16 17:00:52 [http-nio-8080-exec-3] DEBUG o.s.orm.jpa.JpaTransactionManager - Initiating transaction commit
2026-03-16 17:00:52 [http-nio-8080-exec-2] DEBUG o.s.orm.jpa.JpaTransactionManager - Committing JPA transaction on EntityManager [SessionImpl(1484038062<open>)]
2026-03-16 17:00:52 [http-nio-8080-exec-3] DEBUG o.s.orm.jpa.JpaTransactionManager - Committing JPA transaction on EntityManager [SessionImpl(1868704724<open>)]
2026-03-16 17:00:52 [http-nio-8080-exec-3] DEBUG o.s.orm.jpa.JpaTransactionManager - Closing JPA EntityManager [SessionImpl(1868704724<open>)] after transaction
2026-03-16 17:00:52 [http-nio-8080-exec-2] DEBUG o.s.orm.jpa.JpaTransactionManager - Closing JPA EntityManager [SessionImpl(1484038062<open>)] after transaction
2026-03-16 17:00:52 [http-nio-8080-exec-3] DEBUG c.c.p.s.jwt.JwtAuthenticationFilter - >>> [JwtFilter] Successfully authenticated user: USRCNFRM_99999999999, Authorities: [ROLE_ADMIN]
2026-03-16 17:00:52 [http-nio-8080-exec-2] DEBUG c.c.p.s.jwt.JwtAuthenticationFilter - >>> [JwtFilter] Successfully authenticated user: USRCNFRM_99999999999, Authorities: [ROLE_ADMIN]
2026-03-16 17:00:52 [http-nio-8080-exec-3] DEBUG o.s.web.servlet.DispatcherServlet - GET "/api/v1/menu/head", parameters={}
2026-03-16 17:00:52 [http-nio-8080-exec-2] DEBUG o.s.web.servlet.DispatcherServlet - GET "/api/v1/dashboard", parameters={}
2026-03-16 17:00:52 [http-nio-8080-exec-2] TRACE o.s.w.s.m.m.a.RequestMappingHandlerMapping - Mapped to com.company.project.api.controller.main.DashboardController#getDashboardData(UserDetails)
2026-03-16 17:00:52 [http-nio-8080-exec-3] TRACE o.s.w.s.m.m.a.RequestMappingHandlerMapping - Mapped to com.company.project.api.controller.menu.MenuController#getHeadMenu()
2026-03-16 17:00:52 [http-nio-8080-exec-3] INFO  c.c.p.a.c.menu.MenuController - getHeadMenu called
2026-03-16 17:00:52 [http-nio-8080-exec-2] INFO  c.c.p.a.c.main.DashboardController - >>> [Dashboard] Fetching data for user: USRCNFRM_99999999999
2026-03-16 17:00:52 [http-nio-8080-exec-2] DEBUG o.s.orm.jpa.JpaTransactionManager - Creating new transaction with name [com.company.project.service.board.BoardService.getBoardPosts]: PROPAGATION_REQUIRED,ISOLATION_DEFAULT,readOnly
2026-03-16 17:00:52 [http-nio-8080-exec-2] DEBUG o.s.orm.jpa.JpaTransactionManager - Opened new EntityManager [SessionImpl(2102440664<open>)] for JPA transaction
2026-03-16 17:00:52 [http-nio-8080-exec-2] DEBUG o.s.orm.jpa.JpaTransactionManager - Exposing JPA transaction as JDBC [org.springframework.orm.jpa.vendor.HibernateJpaDialect$HibernateConnectionHandle@3f7bc443]
2026-03-16 17:00:52 [http-nio-8080-exec-3] INFO  c.c.p.a.c.menu.MenuController - getHeadMenu returned 5 items
2026-03-16 17:00:52 [http-nio-8080-exec-2] DEBUG o.s.orm.jpa.JpaTransactionManager - Found thread-bound EntityManager [SessionImpl(2102440664<open>)] for JPA transaction
2026-03-16 17:00:52 [http-nio-8080-exec-2] DEBUG o.s.orm.jpa.JpaTransactionManager - Participating in existing transaction
2026-03-16 17:00:52 [http-nio-8080-exec-3] DEBUG o.s.w.s.m.m.a.HttpEntityMethodProcessor - Using 'application/json', given [application/json, text/plain, */*] and supported [application/json, application/*+json, application/yaml]
2026-03-16 17:00:52 [http-nio-8080-exec-2] DEBUG org.hibernate.SQL - select bm1_0.bbs_id,bm1_0.atch_posbl_file_number,bm1_0.atch_posbl_file_size,bm1_0.bbs_attrb_code,bm1_0.bbs_intrcn,bm1_0.bbs_nm,bm1_0.bbs_ty_code,bm1_0.blog_at,bm1_0.blog_id,bm1_0.cmmnty_id,bm1_0.frst_register_id,bm1_0.frst_regist_pnttm,bm1_0.file_atch_posbl_at,bm1_0.last_updusr_id,bm1_0.last_updt_pnttm,bm1_0.reply_posbl_at,bm1_0.tmplat_id,bm1_0.use_at,bm1_1.answer_at,bm1_1.stsfdg_at from nbbsmaster bm1_0 left join nbbsmasteroptn bm1_1 on bm1_0.bbs_id=bm1_1.bbs_id where bm1_0.bbs_id=?
2026-03-16 17:00:52 [http-nio-8080-exec-3] TRACE o.s.w.s.m.m.a.HttpEntityMethodProcessor - Writing [ApiResponse[success=true, status=200, code=COMMON_001, message=Success, data={list=[com.company.project.service.menu.dto.MenuDto@2b80d6b0, com.company.project.service.menu.dto.MenuDto@1418cfa3, com.company.project.service.menu.dto.MenuDto@f230bf1, com.company.project.service.menu.dto.MenuDto@734a7f6a, com.company.project.service.menu.dto.MenuDto@5e5202e5]}, timestamp=2026-03-16T17:00:52.304827300]]
2026-03-16 17:00:52 [http-nio-8080-exec-3] INFO  c.c.p.a.i.OperationalAuditInterceptor - API Audit Log: URL=/api/v1/menu/head, User=webmaster, IP=0:0:0:0:0:0:0:1
2026-03-16 17:00:52 [http-nio-8080-exec-3] DEBUG o.s.web.servlet.DispatcherServlet - Completed 200 OK
2026-03-16 17:00:52 [http-nio-8080-exec-8] DEBUG c.c.p.s.jwt.JwtAuthenticationFilter - >>> [JwtFilter] Processing request: GET /api/v1/menu/left
2026-03-16 17:00:52 [http-nio-8080-exec-7] DEBUG c.c.p.s.jwt.JwtAuthenticationFilter - >>> [JwtFilter] Processing request: GET /api/v1/menu/left
2026-03-16 17:00:52 [http-nio-8080-exec-1] DEBUG c.c.p.s.jwt.JwtAuthenticationFilter - >>> [JwtFilter] Processing request: GET /api/v1/menu/left
2026-03-16 17:00:52 [http-nio-8080-exec-10] DEBUG c.c.p.s.jwt.JwtAuthenticationFilter - >>> [JwtFilter] Processing request: GET /api/v1/menu/left
2026-03-16 17:00:52 [http-nio-8080-exec-8] DEBUG c.c.p.s.jwt.JwtAuthenticationFilter - >>> [JwtFilter] Found token in header for path: /api/v1/menu/left
2026-03-16 17:00:52 [http-nio-8080-exec-11] DEBUG c.c.p.s.jwt.JwtAuthenticationFilter - >>> [JwtFilter] Processing request: GET /api/v1/menu/left
2026-03-16 17:00:52 [http-nio-8080-exec-7] DEBUG c.c.p.s.jwt.JwtAuthenticationFilter - >>> [JwtFilter] Found token in header for path: /api/v1/menu/left
2026-03-16 17:00:52 [http-nio-8080-exec-1] DEBUG c.c.p.s.jwt.JwtAuthenticationFilter - >>> [JwtFilter] Found token in header for path: /api/v1/menu/left
2026-03-16 17:00:52 [http-nio-8080-exec-10] DEBUG c.c.p.s.jwt.JwtAuthenticationFilter - >>> [JwtFilter] Found token in header for path: /api/v1/menu/left
2026-03-16 17:00:52 [http-nio-8080-exec-7] DEBUG o.s.orm.jpa.JpaTransactionManager - Creating new transaction with name [com.company.project.security.iam.CustomUserDetailsService.loadUserByUsername]: PROPAGATION_REQUIRED,ISOLATION_DEFAULT,readOnly
2026-03-16 17:00:52 [http-nio-8080-exec-10] DEBUG o.s.orm.jpa.JpaTransactionManager - Creating new transaction with name [com.company.project.security.iam.CustomUserDetailsService.loadUserByUsername]: PROPAGATION_REQUIRED,ISOLATION_DEFAULT,readOnly
2026-03-16 17:00:52 [http-nio-8080-exec-11] DEBUG c.c.p.s.jwt.JwtAuthenticationFilter - >>> [JwtFilter] Found token in header for path: /api/v1/menu/left
2026-03-16 17:00:52 [http-nio-8080-exec-1] DEBUG o.s.orm.jpa.JpaTransactionManager - Creating new transaction with name [com.company.project.security.iam.CustomUserDetailsService.loadUserByUsername]: PROPAGATION_REQUIRED,ISOLATION_DEFAULT,readOnly
2026-03-16 17:00:52 [http-nio-8080-exec-7] DEBUG o.s.orm.jpa.JpaTransactionManager - Opened new EntityManager [SessionImpl(802561245<open>)] for JPA transaction
2026-03-16 17:00:52 [http-nio-8080-exec-10] DEBUG o.s.orm.jpa.JpaTransactionManager - Opened new EntityManager [SessionImpl(625245152<open>)] for JPA transaction
2026-03-16 17:00:52 [http-nio-8080-exec-1] DEBUG o.s.orm.jpa.JpaTransactionManager - Opened new EntityManager [SessionImpl(867939274<open>)] for JPA transaction
2026-03-16 17:00:52 [http-nio-8080-exec-10] DEBUG o.s.orm.jpa.JpaTransactionManager - Exposing JPA transaction as JDBC [org.springframework.orm.jpa.vendor.HibernateJpaDialect$HibernateConnectionHandle@1897b396]
2026-03-16 17:00:52 [http-nio-8080-exec-8] DEBUG o.s.orm.jpa.JpaTransactionManager - Creating new transaction with name [com.company.project.security.iam.CustomUserDetailsService.loadUserByUsername]: PROPAGATION_REQUIRED,ISOLATION_DEFAULT,readOnly
2026-03-16 17:00:52 [http-nio-8080-exec-8] DEBUG o.s.orm.jpa.JpaTransactionManager - Opened new EntityManager [SessionImpl(1119308509<open>)] for JPA transaction
2026-03-16 17:00:52 [http-nio-8080-exec-10] DEBUG o.s.orm.jpa.JpaTransactionManager - Found thread-bound EntityManager [SessionImpl(625245152<open>)] for JPA transaction
2026-03-16 17:00:52 [http-nio-8080-exec-11] DEBUG o.s.orm.jpa.JpaTransactionManager - Creating new transaction with name [com.company.project.security.iam.CustomUserDetailsService.loadUserByUsername]: PROPAGATION_REQUIRED,ISOLATION_DEFAULT,readOnly
2026-03-16 17:00:52 [http-nio-8080-exec-10] DEBUG o.s.orm.jpa.JpaTransactionManager - Participating in existing transaction
2026-03-16 17:00:52 [http-nio-8080-exec-11] DEBUG o.s.orm.jpa.JpaTransactionManager - Opened new EntityManager [SessionImpl(1303474945<open>)] for JPA transaction
2026-03-16 17:00:52 [http-nio-8080-exec-10] DEBUG org.hibernate.SQL - select u1_0.emplyr_id,u1_0.area_no,u1_0.brthdy,u1_0.chg_pwd_cnt,u1_0.frst_register_id,u1_0.frst_regist_pnttm,u1_0.detail_adres,u1_0.email_adres,u1_0.emplyr_sttus_code,u1_0.empl_no,u1_0.esntl_id,u1_0.fxnum,u1_0.group_id,u1_0.house_adres,u1_0.house_end_telno,u1_0.house_middle_telno,u1_0.ihidnum,u1_0.pstinst_code,u1_0.last_updusr_id,u1_0.last_updt_pnttm,u1_0.lock_at,u1_0.lock_cnt,u1_0.lock_last_pnttm,u1_0.mbtlnum,u1_0.ofcps_nm,u1_0.offm_telno,u1_0.orgnzt_id,u1_0.password,u1_0.password_cnsr,u1_0.password_hint,u1_0.chg_pwd_last_pnttm,u1_0.role,u1_0.sbscrb_de,u1_0.sexdstn_code,u1_0.crtfc_dn_value,u1_0.user_nm,u1_0.zip from nemplyrinfo u1_0 where u1_0.emplyr_id=?
2026-03-16 17:00:52 [http-nio-8080-exec-11] DEBUG o.s.orm.jpa.JpaTransactionManager - Exposing JPA transaction as JDBC [org.springframework.orm.jpa.vendor.HibernateJpaDialect$HibernateConnectionHandle@1c8af648]
2026-03-16 17:00:52 [http-nio-8080-exec-11] DEBUG o.s.orm.jpa.JpaTransactionManager - Found thread-bound EntityManager [SessionImpl(1303474945<open>)] for JPA transaction
2026-03-16 17:00:52 [http-nio-8080-exec-11] DEBUG o.s.orm.jpa.JpaTransactionManager - Participating in existing transaction
2026-03-16 17:00:52 [http-nio-8080-exec-11] DEBUG org.hibernate.SQL - select u1_0.emplyr_id,u1_0.area_no,u1_0.brthdy,u1_0.chg_pwd_cnt,u1_0.frst_register_id,u1_0.frst_regist_pnttm,u1_0.detail_adres,u1_0.email_adres,u1_0.emplyr_sttus_code,u1_0.empl_no,u1_0.esntl_id,u1_0.fxnum,u1_0.group_id,u1_0.house_adres,u1_0.house_end_telno,u1_0.house_middle_telno,u1_0.ihidnum,u1_0.pstinst_code,u1_0.last_updusr_id,u1_0.last_updt_pnttm,u1_0.lock_at,u1_0.lock_cnt,u1_0.lock_last_pnttm,u1_0.mbtlnum,u1_0.ofcps_nm,u1_0.offm_telno,u1_0.orgnzt_id,u1_0.password,u1_0.password_cnsr,u1_0.password_hint,u1_0.chg_pwd_last_pnttm,u1_0.role,u1_0.sbscrb_de,u1_0.sexdstn_code,u1_0.crtfc_dn_value,u1_0.user_nm,u1_0.zip from nemplyrinfo u1_0 where u1_0.emplyr_id=?
2026-03-16 17:00:52 [http-nio-8080-exec-1] DEBUG o.s.orm.jpa.JpaTransactionManager - Exposing JPA transaction as JDBC [org.springframework.orm.jpa.vendor.HibernateJpaDialect$HibernateConnectionHandle@55283842]
2026-03-16 17:00:52 [http-nio-8080-exec-1] DEBUG o.s.orm.jpa.JpaTransactionManager - Found thread-bound EntityManager [SessionImpl(867939274<open>)] for JPA transaction
2026-03-16 17:00:52 [http-nio-8080-exec-1] DEBUG o.s.orm.jpa.JpaTransactionManager - Participating in existing transaction
2026-03-16 17:00:52 [http-nio-8080-exec-1] DEBUG org.hibernate.SQL - select u1_0.emplyr_id,u1_0.area_no,u1_0.brthdy,u1_0.chg_pwd_cnt,u1_0.frst_register_id,u1_0.frst_regist_pnttm,u1_0.detail_adres,u1_0.email_adres,u1_0.emplyr_sttus_code,u1_0.empl_no,u1_0.esntl_id,u1_0.fxnum,u1_0.group_id,u1_0.house_adres,u1_0.house_end_telno,u1_0.house_middle_telno,u1_0.ihidnum,u1_0.pstinst_code,u1_0.last_updusr_id,u1_0.last_updt_pnttm,u1_0.lock_at,u1_0.lock_cnt,u1_0.lock_last_pnttm,u1_0.mbtlnum,u1_0.ofcps_nm,u1_0.offm_telno,u1_0.orgnzt_id,u1_0.password,u1_0.password_cnsr,u1_0.password_hint,u1_0.chg_pwd_last_pnttm,u1_0.role,u1_0.sbscrb_de,u1_0.sexdstn_code,u1_0.crtfc_dn_value,u1_0.user_nm,u1_0.zip from nemplyrinfo u1_0 where u1_0.emplyr_id=?
2026-03-16 17:00:52 [http-nio-8080-exec-7] DEBUG o.s.orm.jpa.JpaTransactionManager - Exposing JPA transaction as JDBC [org.springframework.orm.jpa.vendor.HibernateJpaDialect$HibernateConnectionHandle@2dacdf39]
2026-03-16 17:00:52 [http-nio-8080-exec-8] DEBUG o.s.orm.jpa.JpaTransactionManager - Exposing JPA transaction as JDBC [org.springframework.orm.jpa.vendor.HibernateJpaDialect$HibernateConnectionHandle@4667fcb2]
2026-03-16 17:00:52 [http-nio-8080-exec-7] DEBUG o.s.orm.jpa.JpaTransactionManager - Found thread-bound EntityManager [SessionImpl(802561245<open>)] for JPA transaction
2026-03-16 17:00:52 [http-nio-8080-exec-7] DEBUG o.s.orm.jpa.JpaTransactionManager - Participating in existing transaction
2026-03-16 17:00:52 [http-nio-8080-exec-7] DEBUG org.hibernate.SQL - select u1_0.emplyr_id,u1_0.area_no,u1_0.brthdy,u1_0.chg_pwd_cnt,u1_0.frst_register_id,u1_0.frst_regist_pnttm,u1_0.detail_adres,u1_0.email_adres,u1_0.emplyr_sttus_code,u1_0.empl_no,u1_0.esntl_id,u1_0.fxnum,u1_0.group_id,u1_0.house_adres,u1_0.house_end_telno,u1_0.house_middle_telno,u1_0.ihidnum,u1_0.pstinst_code,u1_0.last_updusr_id,u1_0.last_updt_pnttm,u1_0.lock_at,u1_0.lock_cnt,u1_0.lock_last_pnttm,u1_0.mbtlnum,u1_0.ofcps_nm,u1_0.offm_telno,u1_0.orgnzt_id,u1_0.password,u1_0.password_cnsr,u1_0.password_hint,u1_0.chg_pwd_last_pnttm,u1_0.role,u1_0.sbscrb_de,u1_0.sexdstn_code,u1_0.crtfc_dn_value,u1_0.user_nm,u1_0.zip from nemplyrinfo u1_0 where u1_0.emplyr_id=?
2026-03-16 17:00:52 [http-nio-8080-exec-8] DEBUG o.s.orm.jpa.JpaTransactionManager - Found thread-bound EntityManager [SessionImpl(1119308509<open>)] for JPA transaction
2026-03-16 17:00:52 [http-nio-8080-exec-8] DEBUG o.s.orm.jpa.JpaTransactionManager - Participating in existing transaction
2026-03-16 17:00:52 [http-nio-8080-exec-10] DEBUG o.s.orm.jpa.JpaTransactionManager - Found thread-bound EntityManager [SessionImpl(625245152<open>)] for JPA transaction
2026-03-16 17:00:52 [http-nio-8080-exec-8] DEBUG org.hibernate.SQL - select u1_0.emplyr_id,u1_0.area_no,u1_0.brthdy,u1_0.chg_pwd_cnt,u1_0.frst_register_id,u1_0.frst_regist_pnttm,u1_0.detail_adres,u1_0.email_adres,u1_0.emplyr_sttus_code,u1_0.empl_no,u1_0.esntl_id,u1_0.fxnum,u1_0.group_id,u1_0.house_adres,u1_0.house_end_telno,u1_0.house_middle_telno,u1_0.ihidnum,u1_0.pstinst_code,u1_0.last_updusr_id,u1_0.last_updt_pnttm,u1_0.lock_at,u1_0.lock_cnt,u1_0.lock_last_pnttm,u1_0.mbtlnum,u1_0.ofcps_nm,u1_0.offm_telno,u1_0.orgnzt_id,u1_0.password,u1_0.password_cnsr,u1_0.password_hint,u1_0.chg_pwd_last_pnttm,u1_0.role,u1_0.sbscrb_de,u1_0.sexdstn_code,u1_0.crtfc_dn_value,u1_0.user_nm,u1_0.zip from nemplyrinfo u1_0 where u1_0.emplyr_id=?
2026-03-16 17:00:52 [http-nio-8080-exec-10] DEBUG o.s.orm.jpa.JpaTransactionManager - Participating in existing transaction
2026-03-16 17:00:52 [http-nio-8080-exec-10] DEBUG org.hibernate.SQL - select ua1_0.scrty_dtrmn_trget_id,ua1_0.author_code,ua1_0.frst_register_id,ua1_0.frst_regist_pnttm,ua1_0.last_updusr_id,ua1_0.last_updt_pnttm,ua1_0.mber_ty_code from nemplyrscrtyestbs ua1_0 where ua1_0.scrty_dtrmn_trget_id=?
2026-03-16 17:00:52 [http-nio-8080-exec-2] DEBUG org.hibernate.SQL - select b1_0.ntt_id,b1_0.bbs_id,b1_0.ntt_sj,b1_0.ntcr_nm,b1_0.frst_regist_pnttm,b1_0.rdcnt,b1_0.answer_at,b1_0.parntsctt_no,b1_0.answer_lc,b1_0.sort_ordr,b1_0.ntt_no,b1_0.notice_at,b1_0.secret_at,b1_0.comment_co from nbbs b1_0 left join nemplyrinfo u1_0 on b1_0.frst_register_id=u1_0.esntl_id where (b1_0.use_at = 'Y') and b1_0.bbs_id=? order by b1_0.sort_ordr desc,b1_0.ntt_no offset ? rows fetch first ? rows only
2026-03-16 17:00:52 [http-nio-8080-exec-10] DEBUG o.s.orm.jpa.JpaTransactionManager - Initiating transaction commit
2026-03-16 17:00:52 [http-nio-8080-exec-8] DEBUG o.s.orm.jpa.JpaTransactionManager - Found thread-bound EntityManager [SessionImpl(1119308509<open>)] for JPA transaction
2026-03-16 17:00:52 [http-nio-8080-exec-7] DEBUG o.s.orm.jpa.JpaTransactionManager - Found thread-bound EntityManager [SessionImpl(802561245<open>)] for JPA transaction
2026-03-16 17:00:52 [http-nio-8080-exec-1] DEBUG o.s.orm.jpa.JpaTransactionManager - Found thread-bound EntityManager [SessionImpl(867939274<open>)] for JPA transaction
2026-03-16 17:00:52 [http-nio-8080-exec-10] DEBUG o.s.orm.jpa.JpaTransactionManager - Committing JPA transaction on EntityManager [SessionImpl(625245152<open>)]
2026-03-16 17:00:52 [http-nio-8080-exec-11] DEBUG o.s.orm.jpa.JpaTransactionManager - Found thread-bound EntityManager [SessionImpl(1303474945<open>)] for JPA transaction
2026-03-16 17:00:52 [http-nio-8080-exec-1] DEBUG o.s.orm.jpa.JpaTransactionManager - Participating in existing transaction
2026-03-16 17:00:52 [http-nio-8080-exec-11] DEBUG o.s.orm.jpa.JpaTransactionManager - Participating in existing transaction
2026-03-16 17:00:52 [http-nio-8080-exec-8] DEBUG o.s.orm.jpa.JpaTransactionManager - Participating in existing transaction
2026-03-16 17:00:52 [http-nio-8080-exec-1] DEBUG org.hibernate.SQL - select ua1_0.scrty_dtrmn_trget_id,ua1_0.author_code,ua1_0.frst_register_id,ua1_0.frst_regist_pnttm,ua1_0.last_updusr_id,ua1_0.last_updt_pnttm,ua1_0.mber_ty_code from nemplyrscrtyestbs ua1_0 where ua1_0.scrty_dtrmn_trget_id=?
2026-03-16 17:00:52 [http-nio-8080-exec-8] DEBUG org.hibernate.SQL - select ua1_0.scrty_dtrmn_trget_id,ua1_0.author_code,ua1_0.frst_register_id,ua1_0.frst_regist_pnttm,ua1_0.last_updusr_id,ua1_0.last_updt_pnttm,ua1_0.mber_ty_code from nemplyrscrtyestbs ua1_0 where ua1_0.scrty_dtrmn_trget_id=?
2026-03-16 17:00:52 [http-nio-8080-exec-7] DEBUG o.s.orm.jpa.JpaTransactionManager - Participating in existing transaction
2026-03-16 17:00:52 [http-nio-8080-exec-7] DEBUG org.hibernate.SQL - select ua1_0.scrty_dtrmn_trget_id,ua1_0.author_code,ua1_0.frst_register_id,ua1_0.frst_regist_pnttm,ua1_0.last_updusr_id,ua1_0.last_updt_pnttm,ua1_0.mber_ty_code from nemplyrscrtyestbs ua1_0 where ua1_0.scrty_dtrmn_trget_id=?
2026-03-16 17:00:52 [http-nio-8080-exec-11] DEBUG org.hibernate.SQL - select ua1_0.scrty_dtrmn_trget_id,ua1_0.author_code,ua1_0.frst_register_id,ua1_0.frst_regist_pnttm,ua1_0.last_updusr_id,ua1_0.last_updt_pnttm,ua1_0.mber_ty_code from nemplyrscrtyestbs ua1_0 where ua1_0.scrty_dtrmn_trget_id=?
2026-03-16 17:00:52 [http-nio-8080-exec-2] DEBUG org.hibernate.SQL - select count(b1_0.ntt_id) from nbbs b1_0 left join nemplyrinfo u1_0 on b1_0.frst_register_id=u1_0.esntl_id where (b1_0.use_at = 'Y') and b1_0.bbs_id=?
2026-03-16 17:00:52 [http-nio-8080-exec-1] DEBUG o.s.orm.jpa.JpaTransactionManager - Initiating transaction commit
2026-03-16 17:00:52 [http-nio-8080-exec-1] DEBUG o.s.orm.jpa.JpaTransactionManager - Committing JPA transaction on EntityManager [SessionImpl(867939274<open>)]
2026-03-16 17:00:52 [http-nio-8080-exec-11] DEBUG o.s.orm.jpa.JpaTransactionManager - Initiating transaction commit
2026-03-16 17:00:52 [http-nio-8080-exec-11] DEBUG o.s.orm.jpa.JpaTransactionManager - Committing JPA transaction on EntityManager [SessionImpl(1303474945<open>)]
2026-03-16 17:00:52 [http-nio-8080-exec-10] DEBUG o.s.orm.jpa.JpaTransactionManager - Closing JPA EntityManager [SessionImpl(625245152<open>)] after transaction
2026-03-16 17:00:52 [http-nio-8080-exec-10] DEBUG c.c.p.s.jwt.JwtAuthenticationFilter - >>> [JwtFilter] Successfully authenticated user: USRCNFRM_99999999999, Authorities: [ROLE_ADMIN]
2026-03-16 17:00:52 [http-nio-8080-exec-7] DEBUG o.s.orm.jpa.JpaTransactionManager - Initiating transaction commit
2026-03-16 17:00:52 [http-nio-8080-exec-8] DEBUG o.s.orm.jpa.JpaTransactionManager - Initiating transaction commit
2026-03-16 17:00:52 [http-nio-8080-exec-7] DEBUG o.s.orm.jpa.JpaTransactionManager - Committing JPA transaction on EntityManager [SessionImpl(802561245<open>)]
2026-03-16 17:00:52 [http-nio-8080-exec-8] DEBUG o.s.orm.jpa.JpaTransactionManager - Committing JPA transaction on EntityManager [SessionImpl(1119308509<open>)]
2026-03-16 17:00:52 [http-nio-8080-exec-2] DEBUG o.s.orm.jpa.JpaTransactionManager - Initiating transaction commit
2026-03-16 17:00:52 [http-nio-8080-exec-10] DEBUG o.s.web.servlet.DispatcherServlet - GET "/api/v1/menu/left?menuNo=10", parameters={masked}
2026-03-16 17:00:52 [http-nio-8080-exec-2] DEBUG o.s.orm.jpa.JpaTransactionManager - Committing JPA transaction on EntityManager [SessionImpl(2102440664<open>)]
2026-03-16 17:00:52 [http-nio-8080-exec-10] TRACE o.s.w.s.m.m.a.RequestMappingHandlerMapping - Mapped to com.company.project.api.controller.menu.MenuController#getLeftMenu(Long)
2026-03-16 17:00:52 [http-nio-8080-exec-10] INFO  c.c.p.a.c.menu.MenuController - getLeftMenu called with menuNo=10
2026-03-16 17:00:52 [http-nio-8080-exec-10] DEBUG o.s.orm.jpa.JpaTransactionManager - Creating new transaction with name [com.company.project.service.menu.MenuService.getSubMenus]: PROPAGATION_REQUIRED,ISOLATION_DEFAULT,readOnly
2026-03-16 17:00:52 [http-nio-8080-exec-10] DEBUG o.s.orm.jpa.JpaTransactionManager - Opened new EntityManager [SessionImpl(828548944<open>)] for JPA transaction
2026-03-16 17:00:52 [http-nio-8080-exec-10] DEBUG o.s.orm.jpa.JpaTransactionManager - Exposing JPA transaction as JDBC [org.springframework.orm.jpa.vendor.HibernateJpaDialect$HibernateConnectionHandle@245ca818]
2026-03-16 17:00:52 [http-nio-8080-exec-10] DEBUG org.hibernate.SQL - select m1_0.menu_no,m1_0.menu_dc,m1_0.menu_nm,m1_0.menu_ordr,m1_0.modern_route,m1_0.progrm_file_nm,m1_0.relate_image_nm,m1_0.relate_image_path,m1_0.route_updated_at,m1_0.upper_menu_no from nmenuinfo m1_0 order by m1_0.upper_menu_no,m1_0.menu_ordr
2026-03-16 17:00:53 [http-nio-8080-exec-11] DEBUG o.s.orm.jpa.JpaTransactionManager - Closing JPA EntityManager [SessionImpl(1303474945<open>)] after transaction
2026-03-16 17:00:53 [http-nio-8080-exec-1] DEBUG o.s.orm.jpa.JpaTransactionManager - Closing JPA EntityManager [SessionImpl(867939274<open>)] after transaction
2026-03-16 17:00:53 [http-nio-8080-exec-11] DEBUG c.c.p.s.jwt.JwtAuthenticationFilter - >>> [JwtFilter] Successfully authenticated user: USRCNFRM_99999999999, Authorities: [ROLE_ADMIN]
2026-03-16 17:00:53 [http-nio-8080-exec-1] DEBUG c.c.p.s.jwt.JwtAuthenticationFilter - >>> [JwtFilter] Successfully authenticated user: USRCNFRM_99999999999, Authorities: [ROLE_ADMIN]
2026-03-16 17:00:53 [http-nio-8080-exec-11] DEBUG o.s.web.servlet.DispatcherServlet - GET "/api/v1/menu/left?menuNo=60", parameters={masked}
2026-03-16 17:00:53 [http-nio-8080-exec-1] DEBUG o.s.web.servlet.DispatcherServlet - GET "/api/v1/menu/left?menuNo=20", parameters={masked}
2026-03-16 17:00:53 [http-nio-8080-exec-11] TRACE o.s.w.s.m.m.a.RequestMappingHandlerMapping - Mapped to com.company.project.api.controller.menu.MenuController#getLeftMenu(Long)
2026-03-16 17:00:53 [http-nio-8080-exec-1] TRACE o.s.w.s.m.m.a.RequestMappingHandlerMapping - Mapped to com.company.project.api.controller.menu.MenuController#getLeftMenu(Long)
2026-03-16 17:00:53 [http-nio-8080-exec-11] INFO  c.c.p.a.c.menu.MenuController - getLeftMenu called with menuNo=60
2026-03-16 17:00:53 [http-nio-8080-exec-1] INFO  c.c.p.a.c.menu.MenuController - getLeftMenu called with menuNo=20
2026-03-16 17:00:53 [http-nio-8080-exec-11] DEBUG o.s.orm.jpa.JpaTransactionManager - Creating new transaction with name [com.company.project.service.menu.MenuService.getSubMenus]: PROPAGATION_REQUIRED,ISOLATION_DEFAULT,readOnly
2026-03-16 17:00:53 [http-nio-8080-exec-1] DEBUG o.s.orm.jpa.JpaTransactionManager - Creating new transaction with name [com.company.project.service.menu.MenuService.getSubMenus]: PROPAGATION_REQUIRED,ISOLATION_DEFAULT,readOnly
2026-03-16 17:00:53 [http-nio-8080-exec-11] DEBUG o.s.orm.jpa.JpaTransactionManager - Opened new EntityManager [SessionImpl(253189165<open>)] for JPA transaction
2026-03-16 17:00:53 [http-nio-8080-exec-1] DEBUG o.s.orm.jpa.JpaTransactionManager - Opened new EntityManager [SessionImpl(1505409645<open>)] for JPA transaction
2026-03-16 17:00:53 [http-nio-8080-exec-11] DEBUG o.s.orm.jpa.JpaTransactionManager - Exposing JPA transaction as JDBC [org.springframework.orm.jpa.vendor.HibernateJpaDialect$HibernateConnectionHandle@306f4dd0]
2026-03-16 17:00:53 [http-nio-8080-exec-1] DEBUG o.s.orm.jpa.JpaTransactionManager - Exposing JPA transaction as JDBC [org.springframework.orm.jpa.vendor.HibernateJpaDialect$HibernateConnectionHandle@56e18e0e]
2026-03-16 17:00:53 [http-nio-8080-exec-11] DEBUG org.hibernate.SQL - select m1_0.menu_no,m1_0.menu_dc,m1_0.menu_nm,m1_0.menu_ordr,m1_0.modern_route,m1_0.progrm_file_nm,m1_0.relate_image_nm,m1_0.relate_image_path,m1_0.route_updated_at,m1_0.upper_menu_no from nmenuinfo m1_0 order by m1_0.upper_menu_no,m1_0.menu_ordr
2026-03-16 17:00:53 [http-nio-8080-exec-1] DEBUG org.hibernate.SQL - select m1_0.menu_no,m1_0.menu_dc,m1_0.menu_nm,m1_0.menu_ordr,m1_0.modern_route,m1_0.progrm_file_nm,m1_0.relate_image_nm,m1_0.relate_image_path,m1_0.route_updated_at,m1_0.upper_menu_no from nmenuinfo m1_0 order by m1_0.upper_menu_no,m1_0.menu_ordr
2026-03-16 17:00:53 [http-nio-8080-exec-2] DEBUG o.s.orm.jpa.JpaTransactionManager - Closing JPA EntityManager [SessionImpl(2102440664<open>)] after transaction
2026-03-16 17:00:53 [http-nio-8080-exec-7] DEBUG o.s.orm.jpa.JpaTransactionManager - Closing JPA EntityManager [SessionImpl(802561245<open>)] after transaction
2026-03-16 17:00:53 [http-nio-8080-exec-2] DEBUG o.s.orm.jpa.JpaTransactionManager - Creating new transaction with name [com.company.project.service.board.BoardService.getBoardPosts]: PROPAGATION_REQUIRED,ISOLATION_DEFAULT,readOnly
2026-03-16 17:00:53 [http-nio-8080-exec-7] DEBUG c.c.p.s.jwt.JwtAuthenticationFilter - >>> [JwtFilter] Successfully authenticated user: USRCNFRM_99999999999, Authorities: [ROLE_ADMIN]
2026-03-16 17:00:53 [http-nio-8080-exec-8] DEBUG o.s.orm.jpa.JpaTransactionManager - Closing JPA EntityManager [SessionImpl(1119308509<open>)] after transaction
2026-03-16 17:00:53 [http-nio-8080-exec-2] DEBUG o.s.orm.jpa.JpaTransactionManager - Opened new EntityManager [SessionImpl(1303036241<open>)] for JPA transaction
2026-03-16 17:00:53 [http-nio-8080-exec-8] DEBUG c.c.p.s.jwt.JwtAuthenticationFilter - >>> [JwtFilter] Successfully authenticated user: USRCNFRM_99999999999, Authorities: [ROLE_ADMIN]
2026-03-16 17:00:53 [http-nio-8080-exec-2] DEBUG o.s.orm.jpa.JpaTransactionManager - Exposing JPA transaction as JDBC [org.springframework.orm.jpa.vendor.HibernateJpaDialect$HibernateConnectionHandle@28a207ca]
2026-03-16 17:00:53 [http-nio-8080-exec-7] DEBUG o.s.web.servlet.DispatcherServlet - GET "/api/v1/menu/left?menuNo=50", parameters={masked}
2026-03-16 17:00:53 [http-nio-8080-exec-2] DEBUG o.s.orm.jpa.JpaTransactionManager - Found thread-bound EntityManager [SessionImpl(1303036241<open>)] for JPA transaction
2026-03-16 17:00:53 [http-nio-8080-exec-2] DEBUG o.s.orm.jpa.JpaTransactionManager - Participating in existing transaction
2026-03-16 17:00:53 [http-nio-8080-exec-7] TRACE o.s.w.s.m.m.a.RequestMappingHandlerMapping - Mapped to com.company.project.api.controller.menu.MenuController#getLeftMenu(Long)
2026-03-16 17:00:53 [http-nio-8080-exec-2] DEBUG org.hibernate.SQL - select bm1_0.bbs_id,bm1_0.atch_posbl_file_number,bm1_0.atch_posbl_file_size,bm1_0.bbs_attrb_code,bm1_0.bbs_intrcn,bm1_0.bbs_nm,bm1_0.bbs_ty_code,bm1_0.blog_at,bm1_0.blog_id,bm1_0.cmmnty_id,bm1_0.frst_register_id,bm1_0.frst_regist_pnttm,bm1_0.file_atch_posbl_at,bm1_0.last_updusr_id,bm1_0.last_updt_pnttm,bm1_0.reply_posbl_at,bm1_0.tmplat_id,bm1_0.use_at,bm1_1.answer_at,bm1_1.stsfdg_at from nbbsmaster bm1_0 left join nbbsmasteroptn bm1_1 on bm1_0.bbs_id=bm1_1.bbs_id where bm1_0.bbs_id=?
2026-03-16 17:00:53 [http-nio-8080-exec-8] DEBUG o.s.web.servlet.DispatcherServlet - GET "/api/v1/menu/left?menuNo=40", parameters={masked}
2026-03-16 17:00:53 [http-nio-8080-exec-7] INFO  c.c.p.a.c.menu.MenuController - getLeftMenu called with menuNo=50
2026-03-16 17:00:53 [http-nio-8080-exec-7] DEBUG o.s.orm.jpa.JpaTransactionManager - Creating new transaction with name [com.company.project.service.menu.MenuService.getSubMenus]: PROPAGATION_REQUIRED,ISOLATION_DEFAULT,readOnly
2026-03-16 17:00:53 [http-nio-8080-exec-7] DEBUG o.s.orm.jpa.JpaTransactionManager - Opened new EntityManager [SessionImpl(923252823<open>)] for JPA transaction
2026-03-16 17:00:53 [http-nio-8080-exec-7] DEBUG o.s.orm.jpa.JpaTransactionManager - Exposing JPA transaction as JDBC [org.springframework.orm.jpa.vendor.HibernateJpaDialect$HibernateConnectionHandle@420aad3f]
2026-03-16 17:00:53 [http-nio-8080-exec-8] TRACE o.s.w.s.m.m.a.RequestMappingHandlerMapping - Mapped to com.company.project.api.controller.menu.MenuController#getLeftMenu(Long)
2026-03-16 17:00:53 [http-nio-8080-exec-8] INFO  c.c.p.a.c.menu.MenuController - getLeftMenu called with menuNo=40
2026-03-16 17:00:53 [http-nio-8080-exec-8] DEBUG o.s.orm.jpa.JpaTransactionManager - Creating new transaction with name [com.company.project.service.menu.MenuService.getSubMenus]: PROPAGATION_REQUIRED,ISOLATION_DEFAULT,readOnly
2026-03-16 17:00:53 [http-nio-8080-exec-8] DEBUG o.s.orm.jpa.JpaTransactionManager - Opened new EntityManager [SessionImpl(357420703<open>)] for JPA transaction
2026-03-16 17:00:53 [http-nio-8080-exec-8] DEBUG o.s.orm.jpa.JpaTransactionManager - Exposing JPA transaction as JDBC [org.springframework.orm.jpa.vendor.HibernateJpaDialect$HibernateConnectionHandle@4bc83c59]
2026-03-16 17:00:53 [http-nio-8080-exec-7] DEBUG org.hibernate.SQL - select m1_0.menu_no,m1_0.menu_dc,m1_0.menu_nm,m1_0.menu_ordr,m1_0.modern_route,m1_0.progrm_file_nm,m1_0.relate_image_nm,m1_0.relate_image_path,m1_0.route_updated_at,m1_0.upper_menu_no from nmenuinfo m1_0 order by m1_0.upper_menu_no,m1_0.menu_ordr
2026-03-16 17:00:53 [http-nio-8080-exec-8] DEBUG org.hibernate.SQL - select m1_0.menu_no,m1_0.menu_dc,m1_0.menu_nm,m1_0.menu_ordr,m1_0.modern_route,m1_0.progrm_file_nm,m1_0.relate_image_nm,m1_0.relate_image_path,m1_0.route_updated_at,m1_0.upper_menu_no from nmenuinfo m1_0 order by m1_0.upper_menu_no,m1_0.menu_ordr
2026-03-16 17:00:53 [http-nio-8080-exec-10] DEBUG o.s.orm.jpa.JpaTransactionManager - Found thread-bound EntityManager [SessionImpl(828548944<open>)] for JPA transaction
2026-03-16 17:00:53 [http-nio-8080-exec-10] DEBUG o.s.orm.jpa.JpaTransactionManager - Participating in existing transaction
2026-03-16 17:00:53 [http-nio-8080-exec-10] DEBUG org.hibernate.SQL - select p1_0.progrm_file_nm,p1_0.progrm_dc,p1_0.progrm_korean_nm,p1_0.progrm_stre_path,p1_0.url from nprogrmlist p1_0
2026-03-16 17:00:53 [http-nio-8080-exec-2] DEBUG org.hibernate.SQL - select b1_0.ntt_id,b1_0.bbs_id,b1_0.ntt_sj,b1_0.ntcr_nm,b1_0.frst_regist_pnttm,b1_0.rdcnt,b1_0.answer_at,b1_0.parntsctt_no,b1_0.answer_lc,b1_0.sort_ordr,b1_0.ntt_no,b1_0.notice_at,b1_0.secret_at,b1_0.comment_co from nbbs b1_0 left join nemplyrinfo u1_0 on b1_0.frst_register_id=u1_0.esntl_id where (b1_0.use_at = 'Y') and b1_0.bbs_id=? order by b1_0.sort_ordr desc,b1_0.ntt_no offset ? rows fetch first ? rows only
2026-03-16 17:00:53 [http-nio-8080-exec-1] DEBUG o.s.orm.jpa.JpaTransactionManager - Found thread-bound EntityManager [SessionImpl(1505409645<open>)] for JPA transaction
2026-03-16 17:00:53 [http-nio-8080-exec-1] DEBUG o.s.orm.jpa.JpaTransactionManager - Participating in existing transaction
2026-03-16 17:00:53 [http-nio-8080-exec-1] DEBUG org.hibernate.SQL - select p1_0.progrm_file_nm,p1_0.progrm_dc,p1_0.progrm_korean_nm,p1_0.progrm_stre_path,p1_0.url from nprogrmlist p1_0
2026-03-16 17:00:53 [http-nio-8080-exec-11] DEBUG o.s.orm.jpa.JpaTransactionManager - Found thread-bound EntityManager [SessionImpl(253189165<open>)] for JPA transaction
2026-03-16 17:00:53 [http-nio-8080-exec-11] DEBUG o.s.orm.jpa.JpaTransactionManager - Participating in existing transaction
2026-03-16 17:00:53 [http-nio-8080-exec-11] DEBUG org.hibernate.SQL - select p1_0.progrm_file_nm,p1_0.progrm_dc,p1_0.progrm_korean_nm,p1_0.progrm_stre_path,p1_0.url from nprogrmlist p1_0
2026-03-16 17:00:53 [http-nio-8080-exec-10] DEBUG o.s.orm.jpa.JpaTransactionManager - Initiating transaction commit
2026-03-16 17:00:53 [http-nio-8080-exec-10] DEBUG o.s.orm.jpa.JpaTransactionManager - Committing JPA transaction on EntityManager [SessionImpl(828548944<open>)]
2026-03-16 17:00:53 [http-nio-8080-exec-8] DEBUG o.s.orm.jpa.JpaTransactionManager - Found thread-bound EntityManager [SessionImpl(357420703<open>)] for JPA transaction
2026-03-16 17:00:53 [http-nio-8080-exec-7] DEBUG o.s.orm.jpa.JpaTransactionManager - Found thread-bound EntityManager [SessionImpl(923252823<open>)] for JPA transaction
2026-03-16 17:00:53 [http-nio-8080-exec-8] DEBUG o.s.orm.jpa.JpaTransactionManager - Participating in existing transaction
2026-03-16 17:00:53 [http-nio-8080-exec-7] DEBUG o.s.orm.jpa.JpaTransactionManager - Participating in existing transaction
2026-03-16 17:00:53 [http-nio-8080-exec-2] DEBUG org.hibernate.SQL - select count(b1_0.ntt_id) from nbbs b1_0 left join nemplyrinfo u1_0 on b1_0.frst_register_id=u1_0.esntl_id where (b1_0.use_at = 'Y') and b1_0.bbs_id=?
2026-03-16 17:00:53 [http-nio-8080-exec-8] DEBUG org.hibernate.SQL - select p1_0.progrm_file_nm,p1_0.progrm_dc,p1_0.progrm_korean_nm,p1_0.progrm_stre_path,p1_0.url from nprogrmlist p1_0
2026-03-16 17:00:53 [http-nio-8080-exec-7] DEBUG org.hibernate.SQL - select p1_0.progrm_file_nm,p1_0.progrm_dc,p1_0.progrm_korean_nm,p1_0.progrm_stre_path,p1_0.url from nprogrmlist p1_0
2026-03-16 17:00:53 [http-nio-8080-exec-1] DEBUG o.s.orm.jpa.JpaTransactionManager - Initiating transaction commit
2026-03-16 17:00:53 [http-nio-8080-exec-1] DEBUG o.s.orm.jpa.JpaTransactionManager - Committing JPA transaction on EntityManager [SessionImpl(1505409645<open>)]
2026-03-16 17:00:53 [http-nio-8080-exec-11] DEBUG o.s.orm.jpa.JpaTransactionManager - Initiating transaction commit
2026-03-16 17:00:53 [http-nio-8080-exec-11] DEBUG o.s.orm.jpa.JpaTransactionManager - Committing JPA transaction on EntityManager [SessionImpl(253189165<open>)]
2026-03-16 17:00:53 [http-nio-8080-exec-10] DEBUG o.s.orm.jpa.JpaTransactionManager - Closing JPA EntityManager [SessionImpl(828548944<open>)] after transaction
2026-03-16 17:00:53 [http-nio-8080-exec-10] INFO  c.c.p.a.c.menu.MenuController - getLeftMenu returned 5 items
2026-03-16 17:00:53 [http-nio-8080-exec-2] DEBUG o.s.orm.jpa.JpaTransactionManager - Initiating transaction commit
2026-03-16 17:00:53 [http-nio-8080-exec-2] DEBUG o.s.orm.jpa.JpaTransactionManager - Committing JPA transaction on EntityManager [SessionImpl(1303036241<open>)]
2026-03-16 17:00:53 [http-nio-8080-exec-10] DEBUG o.s.w.s.m.m.a.HttpEntityMethodProcessor - Using 'application/json', given [application/json, text/plain, */*] and supported [application/json, application/*+json, application/yaml]
2026-03-16 17:00:53 [http-nio-8080-exec-10] TRACE o.s.w.s.m.m.a.HttpEntityMethodProcessor - Writing [ApiResponse[success=true, status=200, code=COMMON_001, message=Success, data={list=[com.company.project.service.menu.dto.MenuDto@1b78b393, com.company.project.service.menu.dto.MenuDto@5f02d43a, com.company.project.service.menu.dto.MenuDto@7f1a5b09, com.company.project.service.menu.dto.MenuDto@4e96e272, com.company.project.service.menu.dto.MenuDto@10ac3418]}, timestamp=2026-03-16T17:00:53.491267]]
2026-03-16 17:00:53 [http-nio-8080-exec-7] DEBUG o.s.orm.jpa.JpaTransactionManager - Initiating transaction commit
2026-03-16 17:00:53 [http-nio-8080-exec-10] INFO  c.c.p.a.i.OperationalAuditInterceptor - API Audit Log: URL=/api/v1/menu/left, User=webmaster, IP=0:0:0:0:0:0:0:1
2026-03-16 17:00:53 [http-nio-8080-exec-7] DEBUG o.s.orm.jpa.JpaTransactionManager - Committing JPA transaction on EntityManager [SessionImpl(923252823<open>)]
2026-03-16 17:00:53 [http-nio-8080-exec-10] DEBUG o.s.web.servlet.DispatcherServlet - Completed 200 OK
2026-03-16 17:00:53 [http-nio-8080-exec-8] DEBUG o.s.orm.jpa.JpaTransactionManager - Initiating transaction commit
2026-03-16 17:00:53 [http-nio-8080-exec-8] DEBUG o.s.orm.jpa.JpaTransactionManager - Committing JPA transaction on EntityManager [SessionImpl(357420703<open>)]
2026-03-16 17:00:53 [http-nio-8080-exec-1] DEBUG o.s.orm.jpa.JpaTransactionManager - Closing JPA EntityManager [SessionImpl(1505409645<open>)] after transaction
2026-03-16 17:00:53 [http-nio-8080-exec-11] DEBUG o.s.orm.jpa.JpaTransactionManager - Closing JPA EntityManager [SessionImpl(253189165<open>)] after transaction
2026-03-16 17:00:53 [http-nio-8080-exec-1] INFO  c.c.p.a.c.menu.MenuController - getLeftMenu returned 3 items
2026-03-16 17:00:53 [http-nio-8080-exec-11] INFO  c.c.p.a.c.menu.MenuController - getLeftMenu returned 1 items
2026-03-16 17:00:53 [http-nio-8080-exec-11] DEBUG o.s.w.s.m.m.a.HttpEntityMethodProcessor - Using 'application/json', given [application/json, text/plain, */*] and supported [application/json, application/*+json, application/yaml]
2026-03-16 17:00:53 [http-nio-8080-exec-1] DEBUG o.s.w.s.m.m.a.HttpEntityMethodProcessor - Using 'application/json', given [application/json, text/plain, */*] and supported [application/json, application/*+json, application/yaml]
2026-03-16 17:00:53 [http-nio-8080-exec-11] TRACE o.s.w.s.m.m.a.HttpEntityMethodProcessor - Writing [ApiResponse[success=true, status=200, code=COMMON_001, message=Success, data={list=[com.company.project.service.menu.dto.MenuDto@7efb1a85]}, timestamp=2026-03-16T17:00:53.609691800]]
2026-03-16 17:00:53 [http-nio-8080-exec-1] TRACE o.s.w.s.m.m.a.HttpEntityMethodProcessor - Writing [ApiResponse[success=true, status=200, code=COMMON_001, message=Success, data={list=[com.company.project.service.menu.dto.MenuDto@65c1e1da, com.company.project.service.menu.dto.MenuDto@21e25044, com.company.project.service.menu.dto.MenuDto@1146bab4]}, timestamp=2026-03-16T17:00:53.609691800]]
2026-03-16 17:00:53 [http-nio-8080-exec-11] INFO  c.c.p.a.i.OperationalAuditInterceptor - API Audit Log: URL=/api/v1/menu/left, User=webmaster, IP=0:0:0:0:0:0:0:1
2026-03-16 17:00:53 [http-nio-8080-exec-11] DEBUG o.s.web.servlet.DispatcherServlet - Completed 200 OK
2026-03-16 17:00:53 [http-nio-8080-exec-1] INFO  c.c.p.a.i.OperationalAuditInterceptor - API Audit Log: URL=/api/v1/menu/left, User=webmaster, IP=0:0:0:0:0:0:0:1
2026-03-16 17:00:53 [http-nio-8080-exec-1] DEBUG o.s.web.servlet.DispatcherServlet - Completed 200 OK
2026-03-16 17:00:53 [http-nio-8080-exec-8] DEBUG o.s.orm.jpa.JpaTransactionManager - Closing JPA EntityManager [SessionImpl(357420703<open>)] after transaction
2026-03-16 17:00:53 [http-nio-8080-exec-7] DEBUG o.s.orm.jpa.JpaTransactionManager - Closing JPA EntityManager [SessionImpl(923252823<open>)] after transaction
2026-03-16 17:00:53 [http-nio-8080-exec-2] DEBUG o.s.orm.jpa.JpaTransactionManager - Closing JPA EntityManager [SessionImpl(1303036241<open>)] after transaction
2026-03-16 17:00:53 [http-nio-8080-exec-8] INFO  c.c.p.a.c.menu.MenuController - getLeftMenu returned 2 items
2026-03-16 17:00:53 [http-nio-8080-exec-8] DEBUG o.s.w.s.m.m.a.HttpEntityMethodProcessor - Using 'application/json', given [application/json, text/plain, */*] and supported [application/json, application/*+json, application/yaml]
2026-03-16 17:00:53 [http-nio-8080-exec-7] INFO  c.c.p.a.c.menu.MenuController - getLeftMenu returned 3 items
2026-03-16 17:00:53 [http-nio-8080-exec-8] TRACE o.s.w.s.m.m.a.HttpEntityMethodProcessor - Writing [ApiResponse[success=true, status=200, code=COMMON_001, message=Success, data={list=[com.company.project.service.menu.dto.MenuDto@7c10a7c6, com.company.project.service.menu.dto.MenuDto@7edd6018]}, timestamp=2026-03-16T17:00:53.656152800]]
2026-03-16 17:00:53 [http-nio-8080-exec-2] DEBUG o.s.orm.jpa.JpaTransactionManager - Creating new transaction with name [com.company.project.service.informalsanction.InformalSanctionServiceImpl.getReceivedInformalSanctionList]: PROPAGATION_REQUIRED,ISOLATION_DEFAULT,readOnly
2026-03-16 17:00:53 [http-nio-8080-exec-7] DEBUG o.s.w.s.m.m.a.HttpEntityMethodProcessor - Using 'application/json', given [application/json, text/plain, */*] and supported [application/json, application/*+json, application/yaml]
2026-03-16 17:00:53 [http-nio-8080-exec-2] DEBUG o.s.orm.jpa.JpaTransactionManager - Opened new EntityManager [SessionImpl(140248902<open>)] for JPA transaction
2026-03-16 17:00:53 [http-nio-8080-exec-7] TRACE o.s.w.s.m.m.a.HttpEntityMethodProcessor - Writing [ApiResponse[success=true, status=200, code=COMMON_001, message=Success, data={list=[com.company.project.service.menu.dto.MenuDto@5d39be0a, com.company.project.service.menu.dto.MenuDto@73bec007, com.company.project.service.menu.dto.MenuDto@22094cc5]}, timestamp=2026-03-16T17:00:53.656152800]]
2026-03-16 17:00:53 [http-nio-8080-exec-2] DEBUG o.s.orm.jpa.JpaTransactionManager - Exposing JPA transaction as JDBC [org.springframework.orm.jpa.vendor.HibernateJpaDialect$HibernateConnectionHandle@47300e8]
2026-03-16 17:00:53 [http-nio-8080-exec-8] INFO  c.c.p.a.i.OperationalAuditInterceptor - API Audit Log: URL=/api/v1/menu/left, User=webmaster, IP=0:0:0:0:0:0:0:1
2026-03-16 17:00:53 [http-nio-8080-exec-7] INFO  c.c.p.a.i.OperationalAuditInterceptor - API Audit Log: URL=/api/v1/menu/left, User=webmaster, IP=0:0:0:0:0:0:0:1
2026-03-16 17:00:53 [http-nio-8080-exec-8] DEBUG o.s.web.servlet.DispatcherServlet - Completed 200 OK
2026-03-16 17:00:53 [http-nio-8080-exec-7] DEBUG o.s.web.servlet.DispatcherServlet - Completed 200 OK
2026-03-16 17:00:53 [http-nio-8080-exec-2] DEBUG org.hibernate.SQL - select is1_0.infrml_sanctn_id,is1_0.applcnt_id,is1_0.confm_at,is1_0.frst_register_id,is1_0.frst_regist_pnttm,is1_0.job_se_code,is1_0.last_updusr_id,is1_0.last_updt_pnttm,is1_0.reqst_de,is1_0.return_resn,is1_0.sanctn_dt,is1_0.sanctner_id from ninfrmlsanctn is1_0 where is1_0.sanctner_id=?
2026-03-16 17:00:53 [http-nio-8080-exec-2] DEBUG o.s.orm.jpa.JpaTransactionManager - Initiating transaction commit
2026-03-16 17:00:53 [http-nio-8080-exec-2] DEBUG o.s.orm.jpa.JpaTransactionManager - Committing JPA transaction on EntityManager [SessionImpl(140248902<open>)]
2026-03-16 17:00:53 [http-nio-8080-exec-2] DEBUG o.s.orm.jpa.JpaTransactionManager - Closing JPA EntityManager [SessionImpl(140248902<open>)] after transaction
2026-03-16 17:00:53 [http-nio-8080-exec-2] DEBUG o.s.w.s.m.m.a.HttpEntityMethodProcessor - Using 'application/json', given [application/json, text/plain, */*] and supported [application/json, application/*+json, application/yaml]
2026-03-16 17:00:53 [http-nio-8080-exec-2] TRACE o.s.w.s.m.m.a.HttpEntityMethodProcessor - Writing [{notiList=[com.company.project.service.board.dto.BoardDto@65127da9], success=true, taskList=[com.company.project.service.board.dto.BoardDto@2ab96346], pendingApprovalCount=0}]
2026-03-16 17:00:53 [http-nio-8080-exec-2] INFO  c.c.p.a.i.OperationalAuditInterceptor - API Audit Log: URL=/api/v1/dashboard, User=webmaster, IP=0:0:0:0:0:0:0:1
2026-03-16 17:00:53 [http-nio-8080-exec-2] DEBUG o.s.web.servlet.DispatcherServlet - Completed 200 OK
2026-03-16 17:00:54 [http-nio-8080-exec-9] DEBUG c.c.p.s.jwt.JwtAuthenticationFilter - >>> [JwtFilter] Processing request: GET /api/v1/menu/left
2026-03-16 17:00:54 [http-nio-8080-exec-9] DEBUG c.c.p.s.jwt.JwtAuthenticationFilter - >>> [JwtFilter] Found token in header for path: /api/v1/menu/left
2026-03-16 17:00:54 [http-nio-8080-exec-9] DEBUG o.s.orm.jpa.JpaTransactionManager - Creating new transaction with name [com.company.project.security.iam.CustomUserDetailsService.loadUserByUsername]: PROPAGATION_REQUIRED,ISOLATION_DEFAULT,readOnly
2026-03-16 17:00:54 [http-nio-8080-exec-9] DEBUG o.s.orm.jpa.JpaTransactionManager - Opened new EntityManager [SessionImpl(338948607<open>)] for JPA transaction
2026-03-16 17:00:54 [http-nio-8080-exec-9] DEBUG o.s.orm.jpa.JpaTransactionManager - Exposing JPA transaction as JDBC [org.springframework.orm.jpa.vendor.HibernateJpaDialect$HibernateConnectionHandle@68976d0d]
2026-03-16 17:00:54 [http-nio-8080-exec-9] DEBUG o.s.orm.jpa.JpaTransactionManager - Found thread-bound EntityManager [SessionImpl(338948607<open>)] for JPA transaction
2026-03-16 17:00:54 [http-nio-8080-exec-9] DEBUG o.s.orm.jpa.JpaTransactionManager - Participating in existing transaction
2026-03-16 17:00:54 [http-nio-8080-exec-9] DEBUG org.hibernate.SQL - select u1_0.emplyr_id,u1_0.area_no,u1_0.brthdy,u1_0.chg_pwd_cnt,u1_0.frst_register_id,u1_0.frst_regist_pnttm,u1_0.detail_adres,u1_0.email_adres,u1_0.emplyr_sttus_code,u1_0.empl_no,u1_0.esntl_id,u1_0.fxnum,u1_0.group_id,u1_0.house_adres,u1_0.house_end_telno,u1_0.house_middle_telno,u1_0.ihidnum,u1_0.pstinst_code,u1_0.last_updusr_id,u1_0.last_updt_pnttm,u1_0.lock_at,u1_0.lock_cnt,u1_0.lock_last_pnttm,u1_0.mbtlnum,u1_0.ofcps_nm,u1_0.offm_telno,u1_0.orgnzt_id,u1_0.password,u1_0.password_cnsr,u1_0.password_hint,u1_0.chg_pwd_last_pnttm,u1_0.role,u1_0.sbscrb_de,u1_0.sexdstn_code,u1_0.crtfc_dn_value,u1_0.user_nm,u1_0.zip from nemplyrinfo u1_0 where u1_0.emplyr_id=?
2026-03-16 17:00:54 [http-nio-8080-exec-12] DEBUG c.c.p.s.jwt.JwtAuthenticationFilter - >>> [JwtFilter] Processing request: GET /api/v1/auth/me
2026-03-16 17:00:54 [http-nio-8080-exec-5] DEBUG c.c.p.s.jwt.JwtAuthenticationFilter - >>> [JwtFilter] Processing request: GET /api/v1/menu/head
2026-03-16 17:00:54 [http-nio-8080-exec-12] DEBUG c.c.p.s.jwt.JwtAuthenticationFilter - >>> [JwtFilter] Found token in header for path: /api/v1/auth/me
2026-03-16 17:00:54 [http-nio-8080-exec-5] DEBUG c.c.p.s.jwt.JwtAuthenticationFilter - >>> [JwtFilter] Found token in header for path: /api/v1/menu/head
2026-03-16 17:00:54 [http-nio-8080-exec-5] DEBUG o.s.orm.jpa.JpaTransactionManager - Creating new transaction with name [com.company.project.security.iam.CustomUserDetailsService.loadUserByUsername]: PROPAGATION_REQUIRED,ISOLATION_DEFAULT,readOnly
2026-03-16 17:00:54 [http-nio-8080-exec-12] DEBUG o.s.orm.jpa.JpaTransactionManager - Creating new transaction with name [com.company.project.security.iam.CustomUserDetailsService.loadUserByUsername]: PROPAGATION_REQUIRED,ISOLATION_DEFAULT,readOnly
2026-03-16 17:00:54 [http-nio-8080-exec-5] DEBUG o.s.orm.jpa.JpaTransactionManager - Opened new EntityManager [SessionImpl(1360173402<open>)] for JPA transaction
2026-03-16 17:00:54 [http-nio-8080-exec-12] DEBUG o.s.orm.jpa.JpaTransactionManager - Opened new EntityManager [SessionImpl(1822452005<open>)] for JPA transaction
2026-03-16 17:00:54 [http-nio-8080-exec-9] DEBUG o.s.orm.jpa.JpaTransactionManager - Found thread-bound EntityManager [SessionImpl(338948607<open>)] for JPA transaction
2026-03-16 17:00:54 [http-nio-8080-exec-9] DEBUG o.s.orm.jpa.JpaTransactionManager - Participating in existing transaction
2026-03-16 17:00:54 [http-nio-8080-exec-9] DEBUG org.hibernate.SQL - select ua1_0.scrty_dtrmn_trget_id,ua1_0.author_code,ua1_0.frst_register_id,ua1_0.frst_regist_pnttm,ua1_0.last_updusr_id,ua1_0.last_updt_pnttm,ua1_0.mber_ty_code from nemplyrscrtyestbs ua1_0 where ua1_0.scrty_dtrmn_trget_id=?
2026-03-16 17:00:54 [http-nio-8080-exec-5] DEBUG o.s.orm.jpa.JpaTransactionManager - Exposing JPA transaction as JDBC [org.springframework.orm.jpa.vendor.HibernateJpaDialect$HibernateConnectionHandle@ced846d]
2026-03-16 17:00:54 [http-nio-8080-exec-12] DEBUG o.s.orm.jpa.JpaTransactionManager - Exposing JPA transaction as JDBC [org.springframework.orm.jpa.vendor.HibernateJpaDialect$HibernateConnectionHandle@7961a18]
2026-03-16 17:00:54 [http-nio-8080-exec-5] DEBUG o.s.orm.jpa.JpaTransactionManager - Found thread-bound EntityManager [SessionImpl(1360173402<open>)] for JPA transaction
2026-03-16 17:00:54 [http-nio-8080-exec-12] DEBUG o.s.orm.jpa.JpaTransactionManager - Found thread-bound EntityManager [SessionImpl(1822452005<open>)] for JPA transaction
2026-03-16 17:00:54 [http-nio-8080-exec-5] DEBUG o.s.orm.jpa.JpaTransactionManager - Participating in existing transaction
2026-03-16 17:00:54 [http-nio-8080-exec-12] DEBUG o.s.orm.jpa.JpaTransactionManager - Participating in existing transaction
2026-03-16 17:00:54 [http-nio-8080-exec-5] DEBUG org.hibernate.SQL - select u1_0.emplyr_id,u1_0.area_no,u1_0.brthdy,u1_0.chg_pwd_cnt,u1_0.frst_register_id,u1_0.frst_regist_pnttm,u1_0.detail_adres,u1_0.email_adres,u1_0.emplyr_sttus_code,u1_0.empl_no,u1_0.esntl_id,u1_0.fxnum,u1_0.group_id,u1_0.house_adres,u1_0.house_end_telno,u1_0.house_middle_telno,u1_0.ihidnum,u1_0.pstinst_code,u1_0.last_updusr_id,u1_0.last_updt_pnttm,u1_0.lock_at,u1_0.lock_cnt,u1_0.lock_last_pnttm,u1_0.mbtlnum,u1_0.ofcps_nm,u1_0.offm_telno,u1_0.orgnzt_id,u1_0.password,u1_0.password_cnsr,u1_0.password_hint,u1_0.chg_pwd_last_pnttm,u1_0.role,u1_0.sbscrb_de,u1_0.sexdstn_code,u1_0.crtfc_dn_value,u1_0.user_nm,u1_0.zip from nemplyrinfo u1_0 where u1_0.emplyr_id=?
2026-03-16 17:00:54 [http-nio-8080-exec-12] DEBUG org.hibernate.SQL - select u1_0.emplyr_id,u1_0.area_no,u1_0.brthdy,u1_0.chg_pwd_cnt,u1_0.frst_register_id,u1_0.frst_regist_pnttm,u1_0.detail_adres,u1_0.email_adres,u1_0.emplyr_sttus_code,u1_0.empl_no,u1_0.esntl_id,u1_0.fxnum,u1_0.group_id,u1_0.house_adres,u1_0.house_end_telno,u1_0.house_middle_telno,u1_0.ihidnum,u1_0.pstinst_code,u1_0.last_updusr_id,u1_0.last_updt_pnttm,u1_0.lock_at,u1_0.lock_cnt,u1_0.lock_last_pnttm,u1_0.mbtlnum,u1_0.ofcps_nm,u1_0.offm_telno,u1_0.orgnzt_id,u1_0.password,u1_0.password_cnsr,u1_0.password_hint,u1_0.chg_pwd_last_pnttm,u1_0.role,u1_0.sbscrb_de,u1_0.sexdstn_code,u1_0.crtfc_dn_value,u1_0.user_nm,u1_0.zip from nemplyrinfo u1_0 where u1_0.emplyr_id=?
2026-03-16 17:00:54 [http-nio-8080-exec-9] DEBUG o.s.orm.jpa.JpaTransactionManager - Initiating transaction commit
2026-03-16 17:00:54 [http-nio-8080-exec-12] DEBUG o.s.orm.jpa.JpaTransactionManager - Found thread-bound EntityManager [SessionImpl(1822452005<open>)] for JPA transaction
2026-03-16 17:00:54 [http-nio-8080-exec-5] DEBUG o.s.orm.jpa.JpaTransactionManager - Found thread-bound EntityManager [SessionImpl(1360173402<open>)] for JPA transaction
2026-03-16 17:00:54 [http-nio-8080-exec-9] DEBUG o.s.orm.jpa.JpaTransactionManager - Committing JPA transaction on EntityManager [SessionImpl(338948607<open>)]
2026-03-16 17:00:54 [http-nio-8080-exec-12] DEBUG o.s.orm.jpa.JpaTransactionManager - Participating in existing transaction
2026-03-16 17:00:54 [http-nio-8080-exec-5] DEBUG o.s.orm.jpa.JpaTransactionManager - Participating in existing transaction
2026-03-16 17:00:54 [http-nio-8080-exec-5] DEBUG org.hibernate.SQL - select ua1_0.scrty_dtrmn_trget_id,ua1_0.author_code,ua1_0.frst_register_id,ua1_0.frst_regist_pnttm,ua1_0.last_updusr_id,ua1_0.last_updt_pnttm,ua1_0.mber_ty_code from nemplyrscrtyestbs ua1_0 where ua1_0.scrty_dtrmn_trget_id=?
2026-03-16 17:00:54 [http-nio-8080-exec-12] DEBUG org.hibernate.SQL - select ua1_0.scrty_dtrmn_trget_id,ua1_0.author_code,ua1_0.frst_register_id,ua1_0.frst_regist_pnttm,ua1_0.last_updusr_id,ua1_0.last_updt_pnttm,ua1_0.mber_ty_code from nemplyrscrtyestbs ua1_0 where ua1_0.scrty_dtrmn_trget_id=?
2026-03-16 17:00:54 [http-nio-8080-exec-9] DEBUG o.s.orm.jpa.JpaTransactionManager - Closing JPA EntityManager [SessionImpl(338948607<open>)] after transaction
2026-03-16 17:00:54 [http-nio-8080-exec-9] DEBUG c.c.p.s.jwt.JwtAuthenticationFilter - >>> [JwtFilter] Successfully authenticated user: USRCNFRM_99999999999, Authorities: [ROLE_ADMIN]
2026-03-16 17:00:54 [http-nio-8080-exec-9] DEBUG o.s.web.servlet.DispatcherServlet - GET "/api/v1/menu/left?menuNo=10", parameters={masked}
2026-03-16 17:00:54 [http-nio-8080-exec-9] TRACE o.s.w.s.m.m.a.RequestMappingHandlerMapping - Mapped to com.company.project.api.controller.menu.MenuController#getLeftMenu(Long)
2026-03-16 17:00:54 [http-nio-8080-exec-9] INFO  c.c.p.a.c.menu.MenuController - getLeftMenu called with menuNo=10
2026-03-16 17:00:54 [http-nio-8080-exec-9] DEBUG o.s.orm.jpa.JpaTransactionManager - Creating new transaction with name [com.company.project.service.menu.MenuService.getSubMenus]: PROPAGATION_REQUIRED,ISOLATION_DEFAULT,readOnly
2026-03-16 17:00:54 [http-nio-8080-exec-9] DEBUG o.s.orm.jpa.JpaTransactionManager - Opened new EntityManager [SessionImpl(1876946218<open>)] for JPA transaction
2026-03-16 17:00:54 [http-nio-8080-exec-9] DEBUG o.s.orm.jpa.JpaTransactionManager - Exposing JPA transaction as JDBC [org.springframework.orm.jpa.vendor.HibernateJpaDialect$HibernateConnectionHandle@2840d2d8]
2026-03-16 17:00:54 [http-nio-8080-exec-9] DEBUG org.hibernate.SQL - select m1_0.menu_no,m1_0.menu_dc,m1_0.menu_nm,m1_0.menu_ordr,m1_0.modern_route,m1_0.progrm_file_nm,m1_0.relate_image_nm,m1_0.relate_image_path,m1_0.route_updated_at,m1_0.upper_menu_no from nmenuinfo m1_0 order by m1_0.upper_menu_no,m1_0.menu_ordr
2026-03-16 17:00:54 [http-nio-8080-exec-5] DEBUG o.s.orm.jpa.JpaTransactionManager - Initiating transaction commit
2026-03-16 17:00:54 [http-nio-8080-exec-5] DEBUG o.s.orm.jpa.JpaTransactionManager - Committing JPA transaction on EntityManager [SessionImpl(1360173402<open>)]
2026-03-16 17:00:54 [http-nio-8080-exec-12] DEBUG o.s.orm.jpa.JpaTransactionManager - Initiating transaction commit
2026-03-16 17:00:54 [http-nio-8080-exec-12] DEBUG o.s.orm.jpa.JpaTransactionManager - Committing JPA transaction on EntityManager [SessionImpl(1822452005<open>)]
2026-03-16 17:00:54 [http-nio-8080-exec-5] DEBUG o.s.orm.jpa.JpaTransactionManager - Closing JPA EntityManager [SessionImpl(1360173402<open>)] after transaction
2026-03-16 17:00:54 [http-nio-8080-exec-5] DEBUG c.c.p.s.jwt.JwtAuthenticationFilter - >>> [JwtFilter] Successfully authenticated user: USRCNFRM_99999999999, Authorities: [ROLE_ADMIN]
2026-03-16 17:00:54 [http-nio-8080-exec-5] DEBUG o.s.web.servlet.DispatcherServlet - GET "/api/v1/menu/head", parameters={}
2026-03-16 17:00:54 [http-nio-8080-exec-5] TRACE o.s.w.s.m.m.a.RequestMappingHandlerMapping - Mapped to com.company.project.api.controller.menu.MenuController#getHeadMenu()
2026-03-16 17:00:54 [http-nio-8080-exec-5] INFO  c.c.p.a.c.menu.MenuController - getHeadMenu called
2026-03-16 17:00:54 [http-nio-8080-exec-12] DEBUG o.s.orm.jpa.JpaTransactionManager - Closing JPA EntityManager [SessionImpl(1822452005<open>)] after transaction
2026-03-16 17:00:54 [http-nio-8080-exec-12] DEBUG c.c.p.s.jwt.JwtAuthenticationFilter - >>> [JwtFilter] Successfully authenticated user: USRCNFRM_99999999999, Authorities: [ROLE_ADMIN]
2026-03-16 17:00:54 [http-nio-8080-exec-5] INFO  c.c.p.a.c.menu.MenuController - getHeadMenu returned 5 items
2026-03-16 17:00:54 [http-nio-8080-exec-5] DEBUG o.s.w.s.m.m.a.HttpEntityMethodProcessor - Using 'application/json', given [application/json, text/plain, */*] and supported [application/json, application/*+json, application/yaml]
2026-03-16 17:00:54 [http-nio-8080-exec-5] TRACE o.s.w.s.m.m.a.HttpEntityMethodProcessor - Writing [ApiResponse[success=true, status=200, code=COMMON_001, message=Success, data={list=[com.company.project.service.menu.dto.MenuDto@2b80d6b0, com.company.project.service.menu.dto.MenuDto@1418cfa3, com.company.project.service.menu.dto.MenuDto@f230bf1, com.company.project.service.menu.dto.MenuDto@734a7f6a, com.company.project.service.menu.dto.MenuDto@5e5202e5]}, timestamp=2026-03-16T17:00:54.810035200]]
2026-03-16 17:00:54 [http-nio-8080-exec-12] DEBUG o.s.web.servlet.DispatcherServlet - GET "/api/v1/auth/me", parameters={}
2026-03-16 17:00:54 [http-nio-8080-exec-12] TRACE o.s.w.s.m.m.a.RequestMappingHandlerMapping - Mapped to com.company.project.api.auth.AuthController#getCurrentUser()
2026-03-16 17:00:54 [http-nio-8080-exec-5] INFO  c.c.p.a.i.OperationalAuditInterceptor - API Audit Log: URL=/api/v1/menu/head, User=webmaster, IP=127.0.0.1
2026-03-16 17:00:54 [http-nio-8080-exec-5] DEBUG o.s.web.servlet.DispatcherServlet - Completed 200 OK
2026-03-16 17:00:54 [http-nio-8080-exec-12] DEBUG o.s.w.s.m.m.a.RequestResponseBodyMethodProcessor - Using 'application/json', given [application/json, text/plain, */*] and supported [application/json, application/*+json, application/yaml]
2026-03-16 17:00:54 [http-nio-8080-exec-12] TRACE o.s.w.s.m.m.a.RequestResponseBodyMethodProcessor - Writing [ApiResponse[success=true, status=200, code=COMMON_001, message=Success, data={role=ROLE_ADMIN, userSe=EMP, name=관리자, id=webmaster}, timestamp=2026-03-16T17:00:54.811035800]]
2026-03-16 17:00:54 [http-nio-8080-exec-12] INFO  c.c.p.a.i.OperationalAuditInterceptor - API Audit Log: URL=/api/v1/auth/me, User=webmaster, IP=127.0.0.1
2026-03-16 17:00:54 [http-nio-8080-exec-12] DEBUG o.s.web.servlet.DispatcherServlet - Completed 200 OK
2026-03-16 17:00:54 [http-nio-8080-exec-17] DEBUG c.c.p.s.jwt.JwtAuthenticationFilter - >>> [JwtFilter] Processing request: GET /api/v1/notifications
2026-03-16 17:00:54 [http-nio-8080-exec-19] DEBUG c.c.p.s.jwt.JwtAuthenticationFilter - >>> [JwtFilter] Processing request: GET /api/v1/notifications/unread-count
2026-03-16 17:00:54 [http-nio-8080-exec-17] DEBUG c.c.p.s.jwt.JwtAuthenticationFilter - >>> [JwtFilter] Found token in header for path: /api/v1/notifications
2026-03-16 17:00:54 [http-nio-8080-exec-19] DEBUG c.c.p.s.jwt.JwtAuthenticationFilter - >>> [JwtFilter] Found token in header for path: /api/v1/notifications/unread-count
2026-03-16 17:00:54 [http-nio-8080-exec-17] DEBUG o.s.orm.jpa.JpaTransactionManager - Creating new transaction with name [com.company.project.security.iam.CustomUserDetailsService.loadUserByUsername]: PROPAGATION_REQUIRED,ISOLATION_DEFAULT,readOnly
2026-03-16 17:00:54 [http-nio-8080-exec-17] DEBUG o.s.orm.jpa.JpaTransactionManager - Opened new EntityManager [SessionImpl(1994546541<open>)] for JPA transaction
2026-03-16 17:00:54 [http-nio-8080-exec-19] DEBUG o.s.orm.jpa.JpaTransactionManager - Creating new transaction with name [com.company.project.security.iam.CustomUserDetailsService.loadUserByUsername]: PROPAGATION_REQUIRED,ISOLATION_DEFAULT,readOnly
2026-03-16 17:00:54 [http-nio-8080-exec-19] DEBUG o.s.orm.jpa.JpaTransactionManager - Opened new EntityManager [SessionImpl(597901623<open>)] for JPA transaction
2026-03-16 17:00:54 [http-nio-8080-exec-16] DEBUG c.c.p.s.jwt.JwtAuthenticationFilter - >>> [JwtFilter] Processing request: GET /api/v1/admin/system/banners/reflected
2026-03-16 17:00:54 [http-nio-8080-exec-15] DEBUG c.c.p.s.jwt.JwtAuthenticationFilter - >>> [JwtFilter] Processing request: GET /api/v1/popups/active
2026-03-16 17:00:54 [http-nio-8080-exec-16] DEBUG c.c.p.s.jwt.JwtAuthenticationFilter - >>> [JwtFilter] Found token in header for path: /api/v1/admin/system/banners/reflected
2026-03-16 17:00:54 [http-nio-8080-exec-15] DEBUG c.c.p.s.jwt.JwtAuthenticationFilter - >>> [JwtFilter] Found token in header for path: /api/v1/popups/active
2026-03-16 17:00:54 [http-nio-8080-exec-16] DEBUG o.s.orm.jpa.JpaTransactionManager - Creating new transaction with name [com.company.project.security.iam.CustomUserDetailsService.loadUserByUsername]: PROPAGATION_REQUIRED,ISOLATION_DEFAULT,readOnly
2026-03-16 17:00:54 [http-nio-8080-exec-16] DEBUG o.s.orm.jpa.JpaTransactionManager - Opened new EntityManager [SessionImpl(1750283178<open>)] for JPA transaction
2026-03-16 17:00:54 [http-nio-8080-exec-15] DEBUG o.s.orm.jpa.JpaTransactionManager - Creating new transaction with name [com.company.project.security.iam.CustomUserDetailsService.loadUserByUsername]: PROPAGATION_REQUIRED,ISOLATION_DEFAULT,readOnly
2026-03-16 17:00:54 [http-nio-8080-exec-15] DEBUG o.s.orm.jpa.JpaTransactionManager - Opened new EntityManager [SessionImpl(882375930<open>)] for JPA transaction
2026-03-16 17:00:54 [http-nio-8080-exec-11] DEBUG o.s.web.servlet.DispatcherServlet - GET "/ws/info?t=1773648054896", parameters={masked}
2026-03-16 17:00:54 [http-nio-8080-exec-11] DEBUG o.s.w.s.s.s.WebSocketHandlerMapping - Mapped to org.springframework.web.socket.sockjs.support.SockJsHttpRequestHandler@3d80b7ba
2026-03-16 17:00:54 [http-nio-8080-exec-11] DEBUG o.s.w.s.s.t.h.DefaultSockJsService - Processing transport request: GET http://localhost:8080/ws/info?t=1773648054896
2026-03-16 17:00:54 [http-nio-8080-exec-11] DEBUG o.s.web.servlet.DispatcherServlet - Completed 200 OK
2026-03-16 17:00:54 [http-nio-8080-exec-1] DEBUG o.s.web.servlet.DispatcherServlet - GET "/ws/587/42kwvw3g/websocket", parameters={}
2026-03-16 17:00:54 [http-nio-8080-exec-1] DEBUG o.s.w.s.s.s.WebSocketHandlerMapping - Mapped to org.springframework.web.socket.sockjs.support.SockJsHttpRequestHandler@3d80b7ba
2026-03-16 17:00:54 [http-nio-8080-exec-1] DEBUG o.s.w.s.s.t.h.DefaultSockJsService - Processing transport request: GET http://localhost:8080/ws/587/42kwvw3g/websocket
2026-03-16 17:00:54 [http-nio-8080-exec-1] DEBUG o.s.web.servlet.DispatcherServlet - Completed 101 SWITCHING_PROTOCOLS
2026-03-16 17:00:54 [http-nio-8080-exec-1] DEBUG o.s.w.s.h.LoggingWebSocketHandlerDecorator - New WebSocketServerSockJsSession[id=42kwvw3g]
2026-03-16 17:00:54 [scheduling-1] DEBUG org.springframework.web.SimpLogging - Processing CONNECT session=42kwvw3g
2026-03-16 17:00:54 [scheduling-1] DEBUG org.springframework.web.SimpLogging - Processing SUBSCRIBE /topic/notices id=sub-0 session=42kwvw3g
2026-03-16 17:00:54 [scheduling-1] DEBUG org.springframework.web.SimpLogging - Processing SUBSCRIBE destination=/queue/notifications-user42kwvw3g subscriptionId=sub-1 session=42kwvw3g payload=byte[0]
2026-03-16 17:00:54 [scheduling-1] DEBUG org.springframework.web.SimpLogging - Processing SUBSCRIBE /topic/public id=sub-2 session=42kwvw3g
2026-03-16 17:00:54 [scheduling-1] DEBUG org.springframework.web.SimpLogging - Processing SUBSCRIBE /topic/dashboard/stats id=sub-4 session=42kwvw3g
2026-03-16 17:00:54 [scheduling-1] DEBUG org.springframework.web.SimpLogging - Processing SUBSCRIBE /topic/notifications id=sub-5 session=42kwvw3g
2026-03-16 17:00:54 [scheduling-1] DEBUG org.springframework.web.SimpLogging - Processing SUBSCRIBE destination=/queue/notifications-user42kwvw3g subscriptionId=sub-6 session=42kwvw3g payload=byte[0]
2026-03-16 17:00:54 [http-nio-8080-exec-9] DEBUG o.s.orm.jpa.JpaTransactionManager - Found thread-bound EntityManager [SessionImpl(1876946218<open>)] for JPA transaction
2026-03-16 17:00:54 [http-nio-8080-exec-9] DEBUG o.s.orm.jpa.JpaTransactionManager - Participating in existing transaction
2026-03-16 17:00:54 [http-nio-8080-exec-9] DEBUG org.hibernate.SQL - select p1_0.progrm_file_nm,p1_0.progrm_dc,p1_0.progrm_korean_nm,p1_0.progrm_stre_path,p1_0.url from nprogrmlist p1_0
2026-03-16 17:00:54 [http-nio-8080-exec-2] DEBUG c.c.p.s.jwt.JwtAuthenticationFilter - >>> [JwtFilter] Processing request: GET /api/v1/admin/system/statistics/connect
2026-03-16 17:00:54 [http-nio-8080-exec-2] DEBUG c.c.p.s.jwt.JwtAuthenticationFilter - >>> [JwtFilter] Found token in header for path: /api/v1/admin/system/statistics/connect
2026-03-16 17:00:54 [http-nio-8080-exec-2] DEBUG o.s.orm.jpa.JpaTransactionManager - Creating new transaction with name [com.company.project.security.iam.CustomUserDetailsService.loadUserByUsername]: PROPAGATION_REQUIRED,ISOLATION_DEFAULT,readOnly
2026-03-16 17:00:54 [http-nio-8080-exec-2] DEBUG o.s.orm.jpa.JpaTransactionManager - Opened new EntityManager [SessionImpl(1297871073<open>)] for JPA transaction
2026-03-16 17:00:55 [http-nio-8080-exec-17] DEBUG o.s.orm.jpa.JpaTransactionManager - Exposing JPA transaction as JDBC [org.springframework.orm.jpa.vendor.HibernateJpaDialect$HibernateConnectionHandle@1e455bd0]
2026-03-16 17:00:55 [http-nio-8080-exec-17] DEBUG o.s.orm.jpa.JpaTransactionManager - Found thread-bound EntityManager [SessionImpl(1994546541<open>)] for JPA transaction
2026-03-16 17:00:55 [http-nio-8080-exec-17] DEBUG o.s.orm.jpa.JpaTransactionManager - Participating in existing transaction
2026-03-16 17:00:55 [http-nio-8080-exec-17] DEBUG org.hibernate.SQL - select u1_0.emplyr_id,u1_0.area_no,u1_0.brthdy,u1_0.chg_pwd_cnt,u1_0.frst_register_id,u1_0.frst_regist_pnttm,u1_0.detail_adres,u1_0.email_adres,u1_0.emplyr_sttus_code,u1_0.empl_no,u1_0.esntl_id,u1_0.fxnum,u1_0.group_id,u1_0.house_adres,u1_0.house_end_telno,u1_0.house_middle_telno,u1_0.ihidnum,u1_0.pstinst_code,u1_0.last_updusr_id,u1_0.last_updt_pnttm,u1_0.lock_at,u1_0.lock_cnt,u1_0.lock_last_pnttm,u1_0.mbtlnum,u1_0.ofcps_nm,u1_0.offm_telno,u1_0.orgnzt_id,u1_0.password,u1_0.password_cnsr,u1_0.password_hint,u1_0.chg_pwd_last_pnttm,u1_0.role,u1_0.sbscrb_de,u1_0.sexdstn_code,u1_0.crtfc_dn_value,u1_0.user_nm,u1_0.zip from nemplyrinfo u1_0 where u1_0.emplyr_id=?
2026-03-16 17:00:55 [http-nio-8080-exec-16] DEBUG o.s.orm.jpa.JpaTransactionManager - Exposing JPA transaction as JDBC [org.springframework.orm.jpa.vendor.HibernateJpaDialect$HibernateConnectionHandle@68005ab6]
2026-03-16 17:00:55 [http-nio-8080-exec-19] DEBUG o.s.orm.jpa.JpaTransactionManager - Exposing JPA transaction as JDBC [org.springframework.orm.jpa.vendor.HibernateJpaDialect$HibernateConnectionHandle@217bf7db]
2026-03-16 17:00:55 [http-nio-8080-exec-15] DEBUG o.s.orm.jpa.JpaTransactionManager - Exposing JPA transaction as JDBC [org.springframework.orm.jpa.vendor.HibernateJpaDialect$HibernateConnectionHandle@5d8979c6]
2026-03-16 17:00:55 [http-nio-8080-exec-15] DEBUG o.s.orm.jpa.JpaTransactionManager - Found thread-bound EntityManager [SessionImpl(882375930<open>)] for JPA transaction
2026-03-16 17:00:55 [http-nio-8080-exec-16] DEBUG o.s.orm.jpa.JpaTransactionManager - Found thread-bound EntityManager [SessionImpl(1750283178<open>)] for JPA transaction
2026-03-16 17:00:55 [http-nio-8080-exec-15] DEBUG o.s.orm.jpa.JpaTransactionManager - Participating in existing transaction
2026-03-16 17:00:55 [http-nio-8080-exec-19] DEBUG o.s.orm.jpa.JpaTransactionManager - Found thread-bound EntityManager [SessionImpl(597901623<open>)] for JPA transaction
2026-03-16 17:00:55 [http-nio-8080-exec-16] DEBUG o.s.orm.jpa.JpaTransactionManager - Participating in existing transaction
2026-03-16 17:00:55 [http-nio-8080-exec-19] DEBUG o.s.orm.jpa.JpaTransactionManager - Participating in existing transaction
2026-03-16 17:00:55 [http-nio-8080-exec-16] DEBUG org.hibernate.SQL - select u1_0.emplyr_id,u1_0.area_no,u1_0.brthdy,u1_0.chg_pwd_cnt,u1_0.frst_register_id,u1_0.frst_regist_pnttm,u1_0.detail_adres,u1_0.email_adres,u1_0.emplyr_sttus_code,u1_0.empl_no,u1_0.esntl_id,u1_0.fxnum,u1_0.group_id,u1_0.house_adres,u1_0.house_end_telno,u1_0.house_middle_telno,u1_0.ihidnum,u1_0.pstinst_code,u1_0.last_updusr_id,u1_0.last_updt_pnttm,u1_0.lock_at,u1_0.lock_cnt,u1_0.lock_last_pnttm,u1_0.mbtlnum,u1_0.ofcps_nm,u1_0.offm_telno,u1_0.orgnzt_id,u1_0.password,u1_0.password_cnsr,u1_0.password_hint,u1_0.chg_pwd_last_pnttm,u1_0.role,u1_0.sbscrb_de,u1_0.sexdstn_code,u1_0.crtfc_dn_value,u1_0.user_nm,u1_0.zip from nemplyrinfo u1_0 where u1_0.emplyr_id=?
2026-03-16 17:00:55 [http-nio-8080-exec-15] DEBUG org.hibernate.SQL - select u1_0.emplyr_id,u1_0.area_no,u1_0.brthdy,u1_0.chg_pwd_cnt,u1_0.frst_register_id,u1_0.frst_regist_pnttm,u1_0.detail_adres,u1_0.email_adres,u1_0.emplyr_sttus_code,u1_0.empl_no,u1_0.esntl_id,u1_0.fxnum,u1_0.group_id,u1_0.house_adres,u1_0.house_end_telno,u1_0.house_middle_telno,u1_0.ihidnum,u1_0.pstinst_code,u1_0.last_updusr_id,u1_0.last_updt_pnttm,u1_0.lock_at,u1_0.lock_cnt,u1_0.lock_last_pnttm,u1_0.mbtlnum,u1_0.ofcps_nm,u1_0.offm_telno,u1_0.orgnzt_id,u1_0.password,u1_0.password_cnsr,u1_0.password_hint,u1_0.chg_pwd_last_pnttm,u1_0.role,u1_0.sbscrb_de,u1_0.sexdstn_code,u1_0.crtfc_dn_value,u1_0.user_nm,u1_0.zip from nemplyrinfo u1_0 where u1_0.emplyr_id=?
2026-03-16 17:00:55 [http-nio-8080-exec-19] DEBUG org.hibernate.SQL - select u1_0.emplyr_id,u1_0.area_no,u1_0.brthdy,u1_0.chg_pwd_cnt,u1_0.frst_register_id,u1_0.frst_regist_pnttm,u1_0.detail_adres,u1_0.email_adres,u1_0.emplyr_sttus_code,u1_0.empl_no,u1_0.esntl_id,u1_0.fxnum,u1_0.group_id,u1_0.house_adres,u1_0.house_end_telno,u1_0.house_middle_telno,u1_0.ihidnum,u1_0.pstinst_code,u1_0.last_updusr_id,u1_0.last_updt_pnttm,u1_0.lock_at,u1_0.lock_cnt,u1_0.lock_last_pnttm,u1_0.mbtlnum,u1_0.ofcps_nm,u1_0.offm_telno,u1_0.orgnzt_id,u1_0.password,u1_0.password_cnsr,u1_0.password_hint,u1_0.chg_pwd_last_pnttm,u1_0.role,u1_0.sbscrb_de,u1_0.sexdstn_code,u1_0.crtfc_dn_value,u1_0.user_nm,u1_0.zip from nemplyrinfo u1_0 where u1_0.emplyr_id=?
2026-03-16 17:00:55 [http-nio-8080-exec-9] DEBUG o.s.orm.jpa.JpaTransactionManager - Initiating transaction commit
2026-03-16 17:00:55 [http-nio-8080-exec-9] DEBUG o.s.orm.jpa.JpaTransactionManager - Committing JPA transaction on EntityManager [SessionImpl(1876946218<open>)]
2026-03-16 17:00:55 [http-nio-8080-exec-2] DEBUG o.s.orm.jpa.JpaTransactionManager - Exposing JPA transaction as JDBC [org.springframework.orm.jpa.vendor.HibernateJpaDialect$HibernateConnectionHandle@34997200]
2026-03-16 17:00:55 [http-nio-8080-exec-2] DEBUG o.s.orm.jpa.JpaTransactionManager - Found thread-bound EntityManager [SessionImpl(1297871073<open>)] for JPA transaction
2026-03-16 17:00:55 [http-nio-8080-exec-2] DEBUG o.s.orm.jpa.JpaTransactionManager - Participating in existing transaction
2026-03-16 17:00:55 [http-nio-8080-exec-2] DEBUG org.hibernate.SQL - select u1_0.emplyr_id,u1_0.area_no,u1_0.brthdy,u1_0.chg_pwd_cnt,u1_0.frst_register_id,u1_0.frst_regist_pnttm,u1_0.detail_adres,u1_0.email_adres,u1_0.emplyr_sttus_code,u1_0.empl_no,u1_0.esntl_id,u1_0.fxnum,u1_0.group_id,u1_0.house_adres,u1_0.house_end_telno,u1_0.house_middle_telno,u1_0.ihidnum,u1_0.pstinst_code,u1_0.last_updusr_id,u1_0.last_updt_pnttm,u1_0.lock_at,u1_0.lock_cnt,u1_0.lock_last_pnttm,u1_0.mbtlnum,u1_0.ofcps_nm,u1_0.offm_telno,u1_0.orgnzt_id,u1_0.password,u1_0.password_cnsr,u1_0.password_hint,u1_0.chg_pwd_last_pnttm,u1_0.role,u1_0.sbscrb_de,u1_0.sexdstn_code,u1_0.crtfc_dn_value,u1_0.user_nm,u1_0.zip from nemplyrinfo u1_0 where u1_0.emplyr_id=?
2026-03-16 17:00:55 [http-nio-8080-exec-17] DEBUG o.s.orm.jpa.JpaTransactionManager - Found thread-bound EntityManager [SessionImpl(1994546541<open>)] for JPA transaction
2026-03-16 17:00:55 [http-nio-8080-exec-17] DEBUG o.s.orm.jpa.JpaTransactionManager - Participating in existing transaction
2026-03-16 17:00:55 [http-nio-8080-exec-17] DEBUG org.hibernate.SQL - select ua1_0.scrty_dtrmn_trget_id,ua1_0.author_code,ua1_0.frst_register_id,ua1_0.frst_regist_pnttm,ua1_0.last_updusr_id,ua1_0.last_updt_pnttm,ua1_0.mber_ty_code from nemplyrscrtyestbs ua1_0 where ua1_0.scrty_dtrmn_trget_id=?
2026-03-16 17:00:55 [http-nio-8080-exec-16] DEBUG o.s.orm.jpa.JpaTransactionManager - Found thread-bound EntityManager [SessionImpl(1750283178<open>)] for JPA transaction
2026-03-16 17:00:55 [http-nio-8080-exec-16] DEBUG o.s.orm.jpa.JpaTransactionManager - Participating in existing transaction
2026-03-16 17:00:55 [http-nio-8080-exec-16] DEBUG org.hibernate.SQL - select ua1_0.scrty_dtrmn_trget_id,ua1_0.author_code,ua1_0.frst_register_id,ua1_0.frst_regist_pnttm,ua1_0.last_updusr_id,ua1_0.last_updt_pnttm,ua1_0.mber_ty_code from nemplyrscrtyestbs ua1_0 where ua1_0.scrty_dtrmn_trget_id=?
2026-03-16 17:00:55 [http-nio-8080-exec-15] DEBUG o.s.orm.jpa.JpaTransactionManager - Found thread-bound EntityManager [SessionImpl(882375930<open>)] for JPA transaction
2026-03-16 17:00:55 [http-nio-8080-exec-19] DEBUG o.s.orm.jpa.JpaTransactionManager - Found thread-bound EntityManager [SessionImpl(597901623<open>)] for JPA transaction
2026-03-16 17:00:55 [http-nio-8080-exec-15] DEBUG o.s.orm.jpa.JpaTransactionManager - Participating in existing transaction
2026-03-16 17:00:55 [http-nio-8080-exec-19] DEBUG o.s.orm.jpa.JpaTransactionManager - Participating in existing transaction
2026-03-16 17:00:55 [http-nio-8080-exec-15] DEBUG org.hibernate.SQL - select ua1_0.scrty_dtrmn_trget_id,ua1_0.author_code,ua1_0.frst_register_id,ua1_0.frst_regist_pnttm,ua1_0.last_updusr_id,ua1_0.last_updt_pnttm,ua1_0.mber_ty_code from nemplyrscrtyestbs ua1_0 where ua1_0.scrty_dtrmn_trget_id=?
2026-03-16 17:00:55 [http-nio-8080-exec-19] DEBUG org.hibernate.SQL - select ua1_0.scrty_dtrmn_trget_id,ua1_0.author_code,ua1_0.frst_register_id,ua1_0.frst_regist_pnttm,ua1_0.last_updusr_id,ua1_0.last_updt_pnttm,ua1_0.mber_ty_code from nemplyrscrtyestbs ua1_0 where ua1_0.scrty_dtrmn_trget_id=?
2026-03-16 17:00:55 [http-nio-8080-exec-9] DEBUG o.s.orm.jpa.JpaTransactionManager - Closing JPA EntityManager [SessionImpl(1876946218<open>)] after transaction
2026-03-16 17:00:55 [http-nio-8080-exec-9] INFO  c.c.p.a.c.menu.MenuController - getLeftMenu returned 5 items
2026-03-16 17:00:55 [http-nio-8080-exec-9] DEBUG o.s.w.s.m.m.a.HttpEntityMethodProcessor - Using 'application/json', given [application/json, text/plain, */*] and supported [application/json, application/*+json, application/yaml]
2026-03-16 17:00:55 [http-nio-8080-exec-9] TRACE o.s.w.s.m.m.a.HttpEntityMethodProcessor - Writing [ApiResponse[success=true, status=200, code=COMMON_001, message=Success, data={list=[com.company.project.service.menu.dto.MenuDto@295ce5ea, com.company.project.service.menu.dto.MenuDto@296aca7a, com.company.project.service.menu.dto.MenuDto@76c03d2d, com.company.project.service.menu.dto.MenuDto@103658f, com.company.project.service.menu.dto.MenuDto@4f3eb3f0]}, timestamp=2026-03-16T17:00:55.285714300]]
2026-03-16 17:00:55 [http-nio-8080-exec-9] INFO  c.c.p.a.i.OperationalAuditInterceptor - API Audit Log: URL=/api/v1/menu/left, User=webmaster, IP=127.0.0.1
2026-03-16 17:00:55 [http-nio-8080-exec-9] DEBUG o.s.web.servlet.DispatcherServlet - Completed 200 OK
2026-03-16 17:00:55 [http-nio-8080-exec-18] DEBUG c.c.p.s.jwt.JwtAuthenticationFilter - >>> [JwtFilter] Processing request: GET /api/v1/admin/system/statistics/bbs
2026-03-16 17:00:55 [http-nio-8080-exec-18] DEBUG c.c.p.s.jwt.JwtAuthenticationFilter - >>> [JwtFilter] Found token in header for path: /api/v1/admin/system/statistics/bbs
2026-03-16 17:00:55 [http-nio-8080-exec-18] DEBUG o.s.orm.jpa.JpaTransactionManager - Creating new transaction with name [com.company.project.security.iam.CustomUserDetailsService.loadUserByUsername]: PROPAGATION_REQUIRED,ISOLATION_DEFAULT,readOnly
2026-03-16 17:00:55 [http-nio-8080-exec-18] DEBUG o.s.orm.jpa.JpaTransactionManager - Opened new EntityManager [SessionImpl(1752334646<open>)] for JPA transaction
2026-03-16 17:00:55 [http-nio-8080-exec-18] DEBUG o.s.orm.jpa.JpaTransactionManager - Exposing JPA transaction as JDBC [org.springframework.orm.jpa.vendor.HibernateJpaDialect$HibernateConnectionHandle@52319175]
2026-03-16 17:00:55 [http-nio-8080-exec-18] DEBUG o.s.orm.jpa.JpaTransactionManager - Found thread-bound EntityManager [SessionImpl(1752334646<open>)] for JPA transaction
2026-03-16 17:00:55 [http-nio-8080-exec-18] DEBUG o.s.orm.jpa.JpaTransactionManager - Participating in existing transaction
2026-03-16 17:00:55 [http-nio-8080-exec-18] DEBUG org.hibernate.SQL - select u1_0.emplyr_id,u1_0.area_no,u1_0.brthdy,u1_0.chg_pwd_cnt,u1_0.frst_register_id,u1_0.frst_regist_pnttm,u1_0.detail_adres,u1_0.email_adres,u1_0.emplyr_sttus_code,u1_0.empl_no,u1_0.esntl_id,u1_0.fxnum,u1_0.group_id,u1_0.house_adres,u1_0.house_end_telno,u1_0.house_middle_telno,u1_0.ihidnum,u1_0.pstinst_code,u1_0.last_updusr_id,u1_0.last_updt_pnttm,u1_0.lock_at,u1_0.lock_cnt,u1_0.lock_last_pnttm,u1_0.mbtlnum,u1_0.ofcps_nm,u1_0.offm_telno,u1_0.orgnzt_id,u1_0.password,u1_0.password_cnsr,u1_0.password_hint,u1_0.chg_pwd_last_pnttm,u1_0.role,u1_0.sbscrb_de,u1_0.sexdstn_code,u1_0.crtfc_dn_value,u1_0.user_nm,u1_0.zip from nemplyrinfo u1_0 where u1_0.emplyr_id=?
2026-03-16 17:00:55 [http-nio-8080-exec-2] DEBUG o.s.orm.jpa.JpaTransactionManager - Found thread-bound EntityManager [SessionImpl(1297871073<open>)] for JPA transaction
2026-03-16 17:00:55 [http-nio-8080-exec-2] DEBUG o.s.orm.jpa.JpaTransactionManager - Participating in existing transaction
2026-03-16 17:00:55 [http-nio-8080-exec-2] DEBUG org.hibernate.SQL - select ua1_0.scrty_dtrmn_trget_id,ua1_0.author_code,ua1_0.frst_register_id,ua1_0.frst_regist_pnttm,ua1_0.last_updusr_id,ua1_0.last_updt_pnttm,ua1_0.mber_ty_code from nemplyrscrtyestbs ua1_0 where ua1_0.scrty_dtrmn_trget_id=?
2026-03-16 17:00:55 [http-nio-8080-exec-17] DEBUG o.s.orm.jpa.JpaTransactionManager - Initiating transaction commit
2026-03-16 17:00:55 [http-nio-8080-exec-16] DEBUG o.s.orm.jpa.JpaTransactionManager - Initiating transaction commit
2026-03-16 17:00:55 [http-nio-8080-exec-16] DEBUG o.s.orm.jpa.JpaTransactionManager - Committing JPA transaction on EntityManager [SessionImpl(1750283178<open>)]
2026-03-16 17:00:55 [http-nio-8080-exec-17] DEBUG o.s.orm.jpa.JpaTransactionManager - Committing JPA transaction on EntityManager [SessionImpl(1994546541<open>)]
2026-03-16 17:00:55 [http-nio-8080-exec-15] DEBUG o.s.orm.jpa.JpaTransactionManager - Initiating transaction commit
2026-03-16 17:00:55 [http-nio-8080-exec-19] DEBUG o.s.orm.jpa.JpaTransactionManager - Initiating transaction commit
2026-03-16 17:00:55 [http-nio-8080-exec-15] DEBUG o.s.orm.jpa.JpaTransactionManager - Committing JPA transaction on EntityManager [SessionImpl(882375930<open>)]
2026-03-16 17:00:55 [http-nio-8080-exec-19] DEBUG o.s.orm.jpa.JpaTransactionManager - Committing JPA transaction on EntityManager [SessionImpl(597901623<open>)]
2026-03-16 17:00:55 [http-nio-8080-exec-18] DEBUG o.s.orm.jpa.JpaTransactionManager - Found thread-bound EntityManager [SessionImpl(1752334646<open>)] for JPA transaction
2026-03-16 17:00:55 [http-nio-8080-exec-18] DEBUG o.s.orm.jpa.JpaTransactionManager - Participating in existing transaction
2026-03-16 17:00:55 [http-nio-8080-exec-18] DEBUG org.hibernate.SQL - select ua1_0.scrty_dtrmn_trget_id,ua1_0.author_code,ua1_0.frst_register_id,ua1_0.frst_regist_pnttm,ua1_0.last_updusr_id,ua1_0.last_updt_pnttm,ua1_0.mber_ty_code from nemplyrscrtyestbs ua1_0 where ua1_0.scrty_dtrmn_trget_id=?
2026-03-16 17:00:55 [http-nio-8080-exec-2] DEBUG o.s.orm.jpa.JpaTransactionManager - Initiating transaction commit
2026-03-16 17:00:55 [http-nio-8080-exec-2] DEBUG o.s.orm.jpa.JpaTransactionManager - Committing JPA transaction on EntityManager [SessionImpl(1297871073<open>)]
2026-03-16 17:00:55 [http-nio-8080-exec-16] DEBUG o.s.orm.jpa.JpaTransactionManager - Closing JPA EntityManager [SessionImpl(1750283178<open>)] after transaction
2026-03-16 17:00:55 [http-nio-8080-exec-17] DEBUG o.s.orm.jpa.JpaTransactionManager - Closing JPA EntityManager [SessionImpl(1994546541<open>)] after transaction
2026-03-16 17:00:55 [http-nio-8080-exec-16] DEBUG c.c.p.s.jwt.JwtAuthenticationFilter - >>> [JwtFilter] Successfully authenticated user: USRCNFRM_99999999999, Authorities: [ROLE_ADMIN]
2026-03-16 17:00:55 [http-nio-8080-exec-17] DEBUG c.c.p.s.jwt.JwtAuthenticationFilter - >>> [JwtFilter] Successfully authenticated user: USRCNFRM_99999999999, Authorities: [ROLE_ADMIN]
2026-03-16 17:00:55 [http-nio-8080-exec-16] DEBUG o.s.web.servlet.DispatcherServlet - GET "/api/v1/admin/system/banners/reflected", parameters={}
2026-03-16 17:00:55 [http-nio-8080-exec-17] DEBUG o.s.web.servlet.DispatcherServlet - GET "/api/v1/notifications", parameters={}
2026-03-16 17:00:55 [http-nio-8080-exec-16] TRACE o.s.w.s.m.m.a.RequestMappingHandlerMapping - Mapped to com.company.project.api.controller.system.content.banner.BannerApiController#getReflectedBanners()
2026-03-16 17:00:55 [http-nio-8080-exec-17] TRACE o.s.w.s.m.m.a.RequestMappingHandlerMapping - Mapped to com.company.project.api.controller.notification.NotificationController#getMyNotifications(UserDetails)
2026-03-16 17:00:55 [http-nio-8080-exec-16] DEBUG o.s.orm.jpa.JpaTransactionManager - Creating new transaction with name [com.company.project.service.system.content.banner.BannerService.getReflectedBanners]: PROPAGATION_REQUIRED,ISOLATION_DEFAULT,readOnly
2026-03-16 17:00:55 [http-nio-8080-exec-17] DEBUG o.s.orm.jpa.JpaTransactionManager - Creating new transaction with name [com.company.project.service.notification.NotificationService.getActiveNotifications]: PROPAGATION_REQUIRED,ISOLATION_DEFAULT,readOnly
2026-03-16 17:00:55 [http-nio-8080-exec-16] DEBUG o.s.orm.jpa.JpaTransactionManager - Opened new EntityManager [SessionImpl(278389720<open>)] for JPA transaction
2026-03-16 17:00:55 [http-nio-8080-exec-17] DEBUG o.s.orm.jpa.JpaTransactionManager - Opened new EntityManager [SessionImpl(946927067<open>)] for JPA transaction
2026-03-16 17:00:55 [http-nio-8080-exec-16] DEBUG o.s.orm.jpa.JpaTransactionManager - Exposing JPA transaction as JDBC [org.springframework.orm.jpa.vendor.HibernateJpaDialect$HibernateConnectionHandle@55c65555]
2026-03-16 17:00:55 [http-nio-8080-exec-17] DEBUG o.s.orm.jpa.JpaTransactionManager - Exposing JPA transaction as JDBC [org.springframework.orm.jpa.vendor.HibernateJpaDialect$HibernateConnectionHandle@2db35276]
2026-03-16 17:00:55 [http-nio-8080-exec-17] DEBUG o.s.orm.jpa.JpaTransactionManager - Found thread-bound EntityManager [SessionImpl(946927067<open>)] for JPA transaction
2026-03-16 17:00:55 [http-nio-8080-exec-17] DEBUG o.s.orm.jpa.JpaTransactionManager - Participating in existing transaction
2026-03-16 17:00:55 [http-nio-8080-exec-17] DEBUG org.hibernate.SQL - select n1_0.ntcn_no,n1_0.frst_register_id,n1_0.frst_regist_pnttm,n1_0.is_read,n1_0.last_updusr_id,n1_0.last_updt_pnttm,n1_0.link_url,n1_0.ntcn_cn,n1_0.ntcn_sj,n1_0.receiver_id from n_user_notification n1_0
2026-03-16 17:00:55 [http-nio-8080-exec-16] DEBUG org.hibernate.SQL - select b1_0.banner_id,b1_0.banner_dc,b1_0.banner_image,b1_0.banner_image_file,b1_0.banner_nm,b1_0.frst_register_id,b1_0.frst_regist_pnttm,b1_0.last_updusr_id,b1_0.last_updt_pnttm,b1_0.link_url,b1_0.reflct_at,b1_0.sort_ordr from nbanner b1_0 where b1_0.reflct_at=? order by b1_0.sort_ordr
2026-03-16 17:00:55 [http-nio-8080-exec-15] DEBUG o.s.orm.jpa.JpaTransactionManager - Closing JPA EntityManager [SessionImpl(882375930<open>)] after transaction
2026-03-16 17:00:55 [http-nio-8080-exec-19] DEBUG o.s.orm.jpa.JpaTransactionManager - Closing JPA EntityManager [SessionImpl(597901623<open>)] after transaction
2026-03-16 17:00:55 [http-nio-8080-exec-15] DEBUG c.c.p.s.jwt.JwtAuthenticationFilter - >>> [JwtFilter] Successfully authenticated user: USRCNFRM_99999999999, Authorities: [ROLE_ADMIN]
2026-03-16 17:00:55 [http-nio-8080-exec-19] DEBUG c.c.p.s.jwt.JwtAuthenticationFilter - >>> [JwtFilter] Successfully authenticated user: USRCNFRM_99999999999, Authorities: [ROLE_ADMIN]
2026-03-16 17:00:55 [http-nio-8080-exec-15] DEBUG o.s.web.servlet.DispatcherServlet - GET "/api/v1/popups/active", parameters={}
2026-03-16 17:00:55 [http-nio-8080-exec-19] DEBUG o.s.web.servlet.DispatcherServlet - GET "/api/v1/notifications/unread-count", parameters={}
2026-03-16 17:00:55 [http-nio-8080-exec-15] TRACE o.s.w.s.m.m.a.RequestMappingHandlerMapping - Mapped to com.company.project.api.controller.system.content.popup.PopupController#getActivePopups()
2026-03-16 17:00:55 [http-nio-8080-exec-19] TRACE o.s.w.s.m.m.a.RequestMappingHandlerMapping - Mapped to com.company.project.api.controller.notification.NotificationController#getUnreadCount(UserDetails)
2026-03-16 17:00:55 [http-nio-8080-exec-15] DEBUG o.s.orm.jpa.JpaTransactionManager - Creating new transaction with name [com.company.project.service.system.content.popup.PopupServiceImpl.getActivePopups]: PROPAGATION_REQUIRED,ISOLATION_DEFAULT,readOnly
2026-03-16 17:00:55 [http-nio-8080-exec-19] DEBUG o.s.orm.jpa.JpaTransactionManager - Creating new transaction with name [com.company.project.service.notification.NotificationService.getUnreadCount]: PROPAGATION_REQUIRED,ISOLATION_DEFAULT,readOnly
2026-03-16 17:00:55 [http-nio-8080-exec-15] DEBUG o.s.orm.jpa.JpaTransactionManager - Opened new EntityManager [SessionImpl(2041339809<open>)] for JPA transaction
2026-03-16 17:00:55 [http-nio-8080-exec-19] DEBUG o.s.orm.jpa.JpaTransactionManager - Opened new EntityManager [SessionImpl(1624432236<open>)] for JPA transaction
2026-03-16 17:00:55 [http-nio-8080-exec-15] DEBUG o.s.orm.jpa.JpaTransactionManager - Exposing JPA transaction as JDBC [org.springframework.orm.jpa.vendor.HibernateJpaDialect$HibernateConnectionHandle@6d85b2d7]
2026-03-16 17:00:55 [http-nio-8080-exec-19] DEBUG o.s.orm.jpa.JpaTransactionManager - Exposing JPA transaction as JDBC [org.springframework.orm.jpa.vendor.HibernateJpaDialect$HibernateConnectionHandle@57df9382]
2026-03-16 17:00:55 [http-nio-8080-exec-15] DEBUG org.hibernate.SQL - select p1_0.popup_id,p1_0.frst_register_id,p1_0.frst_regist_pnttm,p1_0.file_url,p1_0.ntce_at,p1_0.stopvew_setup_at,p1_0.last_updusr_id,p1_0.last_updt_pnttm,p1_0.ntce_bgnde,p1_0.ntce_endde,p1_0.popup_vrticl_lc,p1_0.popup_vrticl_size,p1_0.popup_sj_nm,p1_0.popup_width_lc,p1_0.popup_width_size from npopupmanage p1_0 where p1_0.ntce_at='Y' and ? between p1_0.ntce_bgnde and p1_0.ntce_endde
2026-03-16 17:00:55 [http-nio-8080-exec-19] DEBUG org.hibernate.SQL - select count(n1_0.ntcn_no) from n_user_notification n1_0 where n1_0.receiver_id=? and n1_0.is_read=?
2026-03-16 17:00:55 [http-nio-8080-exec-18] DEBUG o.s.orm.jpa.JpaTransactionManager - Initiating transaction commit
2026-03-16 17:00:55 [http-nio-8080-exec-18] DEBUG o.s.orm.jpa.JpaTransactionManager - Committing JPA transaction on EntityManager [SessionImpl(1752334646<open>)]
2026-03-16 17:00:55 [http-nio-8080-exec-2] DEBUG o.s.orm.jpa.JpaTransactionManager - Closing JPA EntityManager [SessionImpl(1297871073<open>)] after transaction
2026-03-16 17:00:55 [http-nio-8080-exec-2] DEBUG c.c.p.s.jwt.JwtAuthenticationFilter - >>> [JwtFilter] Successfully authenticated user: USRCNFRM_99999999999, Authorities: [ROLE_ADMIN]
2026-03-16 17:00:55 [http-nio-8080-exec-2] DEBUG o.s.web.servlet.DispatcherServlet - GET "/api/v1/admin/system/statistics/connect?statsKind=SERVICE", parameters={masked}
2026-03-16 17:00:55 [http-nio-8080-exec-2] DEBUG o.s.w.s.h.SimpleUrlHandlerMapping - Mapped to ResourceHttpRequestHandler [classpath [META-INF/resources/], classpath [resources/], classpath [static/], classpath [public/], ServletContext [/]]
2026-03-16 17:00:55 [http-nio-8080-exec-2] DEBUG o.s.w.s.r.ResourceHttpRequestHandler - Resource not found
2026-03-16 17:00:55 [http-nio-8080-exec-2] DEBUG o.s.w.s.m.m.a.ExceptionHandlerExceptionResolver - Using @ExceptionHandler com.company.project.core.exception.GlobalExceptionHandler#handleException(Exception)
2026-03-16 17:00:55 [http-nio-8080-exec-2] ERROR c.c.p.c.e.GlobalExceptionHandler - >>> Internal Server Error: No static resource api/v1/admin/system/statistics/connect.
org.springframework.web.servlet.resource.NoResourceFoundException: No static resource api/v1/admin/system/statistics/connect.
	at org.springframework.web.servlet.resource.ResourceHttpRequestHandler.handleRequest(ResourceHttpRequestHandler.java:585)
	at org.springframework.web.servlet.mvc.HttpRequestHandlerAdapter.handle(HttpRequestHandlerAdapter.java:52)
	at org.springframework.web.servlet.DispatcherServlet.doDispatch(DispatcherServlet.java:1088)
	at org.springframework.web.servlet.DispatcherServlet.doService(DispatcherServlet.java:978)
	at org.springframework.web.servlet.FrameworkServlet.processRequest(FrameworkServlet.java:1014)
	at org.springframework.web.servlet.FrameworkServlet.doGet(FrameworkServlet.java:903)
	at jakarta.servlet.http.HttpServlet.service(HttpServlet.java:527)
	at org.springframework.web.servlet.FrameworkServlet.service(FrameworkServlet.java:885)
	at jakarta.servlet.http.HttpServlet.service(HttpServlet.java:614)
	at org.apache.catalina.core.ApplicationFilterChain.internalDoFilter(ApplicationFilterChain.java:195)
	at org.apache.catalina.core.ApplicationFilterChain.doFilter(ApplicationFilterChain.java:140)
	at org.apache.tomcat.websocket.server.WsFilter.doFilter(WsFilter.java:51)
	at org.apache.catalina.core.ApplicationFilterChain.internalDoFilter(ApplicationFilterChain.java:164)
	at org.apache.catalina.core.ApplicationFilterChain.doFilter(ApplicationFilterChain.java:140)
	at org.springframework.web.filter.CompositeFilter$VirtualFilterChain.doFilter(CompositeFilter.java:108)
	at org.springframework.security.web.FilterChainProxy.lambda$doFilterInternal$3(FilterChainProxy.java:231)
	at org.springframework.security.web.ObservationFilterChainDecorator$FilterObservation$SimpleFilterObservation.lambda$wrap$1(ObservationFilterChainDecorator.java:479)
	at org.springframework.security.web.ObservationFilterChainDecorator$AroundFilterObservation$SimpleAroundFilterObservation.lambda$wrap$1(ObservationFilterChainDecorator.java:340)
	at org.springframework.security.web.ObservationFilterChainDecorator.lambda$wrapSecured$0(ObservationFilterChainDecorator.java:82)
	at org.springframework.security.web.ObservationFilterChainDecorator$VirtualFilterChain.doFilter(ObservationFilterChainDecorator.java:128)
	at org.springframework.security.web.access.intercept.AuthorizationFilter.doFilter(AuthorizationFilter.java:101)
	at org.springframework.security.web.ObservationFilterChainDecorator$ObservationFilter.wrapFilter(ObservationFilterChainDecorator.java:240)
	at org.springframework.security.web.ObservationFilterChainDecorator$ObservationFilter.doFilter(ObservationFilterChainDecorator.java:227)
	at org.springframework.security.web.ObservationFilterChainDecorator$VirtualFilterChain.doFilter(ObservationFilterChainDecorator.java:137)
	at org.springframework.security.web.access.ExceptionTranslationFilter.doFilter(ExceptionTranslationFilter.java:126)
	at org.springframework.security.web.access.ExceptionTranslationFilter.doFilter(ExceptionTranslationFilter.java:120)
	at org.springframework.security.web.ObservationFilterChainDecorator$ObservationFilter.wrapFilter(ObservationFilterChainDecorator.java:240)
	at org.springframework.security.web.ObservationFilterChainDecorator$ObservationFilter.doFilter(ObservationFilterChainDecorator.java:227)
	at org.springframework.security.web.ObservationFilterChainDecorator$VirtualFilterChain.doFilter(ObservationFilterChainDecorator.java:137)
	at org.springframework.security.web.session.SessionManagementFilter.doFilter(SessionManagementFilter.java:131)
	at org.springframework.security.web.session.SessionManagementFilter.doFilter(SessionManagementFilter.java:85)
	at org.springframework.security.web.ObservationFilterChainDecorator$ObservationFilter.wrapFilter(ObservationFilterChainDecorator.java:240)
	at org.springframework.security.web.ObservationFilterChainDecorator$ObservationFilter.doFilter(ObservationFilterChainDecorator.java:227)
	at org.springframework.security.web.ObservationFilterChainDecorator$VirtualFilterChain.doFilter(ObservationFilterChainDecorator.java:137)
	at org.springframework.security.web.authentication.AnonymousAuthenticationFilter.doFilter(AnonymousAuthenticationFilter.java:100)
	at org.springframework.security.web.ObservationFilterChainDecorator$ObservationFilter.wrapFilter(ObservationFilterChainDecorator.java:240)
	at org.springframework.security.web.ObservationFilterChainDecorator$ObservationFilter.doFilter(ObservationFilterChainDecorator.java:227)
	at org.springframework.security.web.ObservationFilterChainDecorator$VirtualFilterChain.doFilter(ObservationFilterChainDecorator.java:137)
	at org.springframework.security.web.servletapi.SecurityContextHolderAwareRequestFilter.doFilter(SecurityContextHolderAwareRequestFilter.java:179)
	at org.springframework.security.web.ObservationFilterChainDecorator$ObservationFilter.wrapFilter(ObservationFilterChainDecorator.java:240)
	at org.springframework.security.web.ObservationFilterChainDecorator$ObservationFilter.doFilter(ObservationFilterChainDecorator.java:227)
	at org.springframework.security.web.ObservationFilterChainDecorator$VirtualFilterChain.doFilter(ObservationFilterChainDecorator.java:137)
	at org.springframework.security.web.savedrequest.RequestCacheAwareFilter.doFilter(RequestCacheAwareFilter.java:63)
	at org.springframework.security.web.ObservationFilterChainDecorator$ObservationFilter.wrapFilter(ObservationFilterChainDecorator.java:240)
	at org.springframework.security.web.ObservationFilterChainDecorator$ObservationFilter.doFilter(ObservationFilterChainDecorator.java:227)
	at org.springframework.security.web.ObservationFilterChainDecorator$VirtualFilterChain.doFilter(ObservationFilterChainDecorator.java:137)
	at com.company.project.security.jwt.JwtAuthenticationFilter.doFilterInternal(JwtAuthenticationFilter.java:52)
	at org.springframework.web.filter.OncePerRequestFilter.doFilter(OncePerRequestFilter.java:116)
	at org.springframework.security.web.ObservationFilterChainDecorator$ObservationFilter.wrapFilter(ObservationFilterChainDecorator.java:240)
	at org.springframework.security.web.ObservationFilterChainDecorator$ObservationFilter.doFilter(ObservationFilterChainDecorator.java:227)
	at org.springframework.security.web.ObservationFilterChainDecorator$VirtualFilterChain.doFilter(ObservationFilterChainDecorator.java:137)
	at org.springframework.security.web.authentication.logout.LogoutFilter.doFilter(LogoutFilter.java:107)
	at org.springframework.security.web.authentication.logout.LogoutFilter.doFilter(LogoutFilter.java:93)
	at org.springframework.security.web.ObservationFilterChainDecorator$ObservationFilter.wrapFilter(ObservationFilterChainDecorator.java:240)
	at org.springframework.security.web.ObservationFilterChainDecorator$ObservationFilter.doFilter(ObservationFilterChainDecorator.java:227)
	at org.springframework.security.web.ObservationFilterChainDecorator$VirtualFilterChain.doFilter(ObservationFilterChainDecorator.java:137)
	at org.springframework.web.filter.CorsFilter.doFilterInternal(CorsFilter.java:91)
	at org.springframework.web.filter.OncePerRequestFilter.doFilter(OncePerRequestFilter.java:116)
	at org.springframework.security.web.ObservationFilterChainDecorator$ObservationFilter.wrapFilter(ObservationFilterChainDecorator.java:240)
	at org.springframework.security.web.ObservationFilterChainDecorator$ObservationFilter.doFilter(ObservationFilterChainDecorator.java:227)
	at org.springframework.security.web.ObservationFilterChainDecorator$VirtualFilterChain.doFilter(ObservationFilterChainDecorator.java:137)
	at org.springframework.security.web.header.HeaderWriterFilter.doHeadersAfter(HeaderWriterFilter.java:90)
	at org.springframework.security.web.header.HeaderWriterFilter.doFilterInternal(HeaderWriterFilter.java:75)
	at org.springframework.web.filter.OncePerRequestFilter.doFilter(OncePerRequestFilter.java:116)
	at org.springframework.security.web.ObservationFilterChainDecorator$ObservationFilter.wrapFilter(ObservationFilterChainDecorator.java:240)
	at org.springframework.security.web.ObservationFilterChainDecorator$ObservationFilter.doFilter(ObservationFilterChainDecorator.java:227)
	at org.springframework.security.web.ObservationFilterChainDecorator$VirtualFilterChain.doFilter(ObservationFilterChainDecorator.java:137)
	at org.springframework.security.web.context.SecurityContextHolderFilter.doFilter(SecurityContextHolderFilter.java:82)
	at org.springframework.security.web.context.SecurityContextHolderFilter.doFilter(SecurityContextHolderFilter.java:69)
	at org.springframework.security.web.ObservationFilterChainDecorator$ObservationFilter.wrapFilter(ObservationFilterChainDecorator.java:240)
	at org.springframework.security.web.ObservationFilterChainDecorator$ObservationFilter.doFilter(ObservationFilterChainDecorator.java:227)
	at org.springframework.security.web.ObservationFilterChainDecorator$VirtualFilterChain.doFilter(ObservationFilterChainDecorator.java:137)
	at org.springframework.security.web.context.request.async.WebAsyncManagerIntegrationFilter.doFilterInternal(WebAsyncManagerIntegrationFilter.java:62)
	at org.springframework.web.filter.OncePerRequestFilter.doFilter(OncePerRequestFilter.java:116)
	at org.springframework.security.web.ObservationFilterChainDecorator$ObservationFilter.wrapFilter(ObservationFilterChainDecorator.java:240)
	at org.springframework.security.web.ObservationFilterChainDecorator$ObservationFilter.doFilter(ObservationFilterChainDecorator.java:227)
	at org.springframework.security.web.ObservationFilterChainDecorator$VirtualFilterChain.doFilter(ObservationFilterChainDecorator.java:137)
	at org.springframework.security.web.session.DisableEncodeUrlFilter.doFilterInternal(DisableEncodeUrlFilter.java:42)
	at org.springframework.web.filter.OncePerRequestFilter.doFilter(OncePerRequestFilter.java:116)
	at org.springframework.security.web.ObservationFilterChainDecorator$ObservationFilter.wrapFilter(ObservationFilterChainDecorator.java:240)
	at org.springframework.security.web.ObservationFilterChainDecorator$AroundFilterObservation$SimpleAroundFilterObservation.lambda$wrap$0(ObservationFilterChainDecorator.java:323)
	at org.springframework.security.web.ObservationFilterChainDecorator$ObservationFilter.doFilter(ObservationFilterChainDecorator.java:224)
	at org.springframework.security.web.ObservationFilterChainDecorator$VirtualFilterChain.doFilter(ObservationFilterChainDecorator.java:137)
	at org.springframework.security.web.FilterChainProxy.doFilterInternal(FilterChainProxy.java:233)
	at org.springframework.security.web.FilterChainProxy.doFilter(FilterChainProxy.java:191)
	at org.springframework.web.filter.CompositeFilter$VirtualFilterChain.doFilter(CompositeFilter.java:113)
	at org.springframework.web.servlet.handler.HandlerMappingIntrospector.lambda$createCacheFilter$3(HandlerMappingIntrospector.java:243)
	at org.springframework.web.filter.CompositeFilter$VirtualFilterChain.doFilter(CompositeFilter.java:113)
	at org.springframework.web.filter.CompositeFilter.doFilter(CompositeFilter.java:74)
	at org.springframework.security.config.annotation.web.configuration.WebMvcSecurityConfiguration$CompositeFilterChainProxy.doFilter(WebMvcSecurityConfiguration.java:238)
	at org.springframework.web.filter.DelegatingFilterProxy.invokeDelegate(DelegatingFilterProxy.java:362)
	at org.springframework.web.filter.DelegatingFilterProxy.doFilter(DelegatingFilterProxy.java:278)
	at org.apache.catalina.core.ApplicationFilterChain.internalDoFilter(ApplicationFilterChain.java:164)
	at org.apache.catalina.core.ApplicationFilterChain.doFilter(ApplicationFilterChain.java:140)
	at org.springframework.web.filter.RequestContextFilter.doFilterInternal(RequestContextFilter.java:100)
	at org.springframework.web.filter.OncePerRequestFilter.doFilter(OncePerRequestFilter.java:116)
	at org.apache.catalina.core.ApplicationFilterChain.internalDoFilter(ApplicationFilterChain.java:164)
	at org.apache.catalina.core.ApplicationFilterChain.doFilter(ApplicationFilterChain.java:140)
	at org.springframework.web.filter.FormContentFilter.doFilterInternal(FormContentFilter.java:93)
	at org.springframework.web.filter.OncePerRequestFilter.doFilter(OncePerRequestFilter.java:116)
	at org.apache.catalina.core.ApplicationFilterChain.internalDoFilter(ApplicationFilterChain.java:164)
	at org.apache.catalina.core.ApplicationFilterChain.doFilter(ApplicationFilterChain.java:140)
	at org.springframework.web.filter.ServerHttpObservationFilter.doFilterInternal(ServerHttpObservationFilter.java:114)
	at org.springframework.web.filter.OncePerRequestFilter.doFilter(OncePerRequestFilter.java:116)
	at org.apache.catalina.core.ApplicationFilterChain.internalDoFilter(ApplicationFilterChain.java:164)
	at org.apache.catalina.core.ApplicationFilterChain.doFilter(ApplicationFilterChain.java:140)
	at org.springframework.web.filter.CharacterEncodingFilter.doFilterInternal(CharacterEncodingFilter.java:201)
	at org.springframework.web.filter.OncePerRequestFilter.doFilter(OncePerRequestFilter.java:116)
	at org.apache.catalina.core.ApplicationFilterChain.internalDoFilter(ApplicationFilterChain.java:164)
	at org.apache.catalina.core.ApplicationFilterChain.doFilter(ApplicationFilterChain.java:140)
	at org.apache.catalina.core.StandardWrapperValve.invoke(StandardWrapperValve.java:167)
	at org.apache.catalina.core.StandardContextValve.invoke(StandardContextValve.java:90)
	at org.apache.catalina.authenticator.AuthenticatorBase.invoke(AuthenticatorBase.java:483)
	at org.apache.catalina.core.StandardHostValve.invoke(StandardHostValve.java:115)
	at org.apache.catalina.valves.ErrorReportValve.invoke(ErrorReportValve.java:93)
	at org.apache.catalina.core.StandardEngineValve.invoke(StandardEngineValve.java:74)
	at org.apache.catalina.connector.CoyoteAdapter.service(CoyoteAdapter.java:344)
	at org.apache.coyote.http11.Http11Processor.service(Http11Processor.java:397)
	at org.apache.coyote.AbstractProcessorLight.process(AbstractProcessorLight.java:63)
	at org.apache.coyote.AbstractProtocol$ConnectionHandler.process(AbstractProtocol.java:905)
	at org.apache.tomcat.util.net.NioEndpoint$SocketProcessor.doRun(NioEndpoint.java:1741)
	at org.apache.tomcat.util.net.SocketProcessorBase.run(SocketProcessorBase.java:52)
	at org.apache.tomcat.util.threads.ThreadPoolExecutor.runWorker(ThreadPoolExecutor.java:1190)
	at org.apache.tomcat.util.threads.ThreadPoolExecutor$Worker.run(ThreadPoolExecutor.java:659)
	at org.apache.tomcat.util.threads.TaskThread$WrappingRunnable.run(TaskThread.java:63)
	at java.base/java.lang.Thread.run(Thread.java:1583)
2026-03-16 17:00:55 [http-nio-8080-exec-2] DEBUG o.s.w.s.m.m.a.HttpEntityMethodProcessor - Using 'application/json', given [application/json, text/plain, */*] and supported [application/json, application/*+json, application/yaml]
2026-03-16 17:00:55 [http-nio-8080-exec-2] TRACE o.s.w.s.m.m.a.HttpEntityMethodProcessor - Writing [ApiResponse[success=false, status=500, code=C004, message=예기치 않은 서버 오류가 발생했습니다., data=null, timestamp=2026-03-16T17:00:55.627799]]
2026-03-16 17:00:55 [http-nio-8080-exec-2] DEBUG o.s.w.s.m.m.a.ExceptionHandlerExceptionResolver - Resolved [org.springframework.web.servlet.resource.NoResourceFoundException: No static resource api/v1/admin/system/statistics/connect.]
2026-03-16 17:00:55 [http-nio-8080-exec-2] DEBUG o.s.web.servlet.DispatcherServlet - Completed 500 INTERNAL_SERVER_ERROR
2026-03-16 17:00:55 [http-nio-8080-exec-3] DEBUG c.c.p.s.jwt.JwtAuthenticationFilter - >>> [JwtFilter] Processing request: GET /api/v1/menu/left
2026-03-16 17:00:55 [http-nio-8080-exec-3] DEBUG c.c.p.s.jwt.JwtAuthenticationFilter - >>> [JwtFilter] Found token in header for path: /api/v1/menu/left
2026-03-16 17:00:55 [http-nio-8080-exec-3] DEBUG o.s.orm.jpa.JpaTransactionManager - Creating new transaction with name [com.company.project.security.iam.CustomUserDetailsService.loadUserByUsername]: PROPAGATION_REQUIRED,ISOLATION_DEFAULT,readOnly
2026-03-16 17:00:55 [http-nio-8080-exec-3] DEBUG o.s.orm.jpa.JpaTransactionManager - Opened new EntityManager [SessionImpl(935871792<open>)] for JPA transaction
2026-03-16 17:00:55 [http-nio-8080-exec-3] DEBUG o.s.orm.jpa.JpaTransactionManager - Exposing JPA transaction as JDBC [org.springframework.orm.jpa.vendor.HibernateJpaDialect$HibernateConnectionHandle@4df4aea5]
2026-03-16 17:00:55 [http-nio-8080-exec-3] DEBUG o.s.orm.jpa.JpaTransactionManager - Found thread-bound EntityManager [SessionImpl(935871792<open>)] for JPA transaction
2026-03-16 17:00:55 [http-nio-8080-exec-3] DEBUG o.s.orm.jpa.JpaTransactionManager - Participating in existing transaction
2026-03-16 17:00:55 [http-nio-8080-exec-3] DEBUG org.hibernate.SQL - select u1_0.emplyr_id,u1_0.area_no,u1_0.brthdy,u1_0.chg_pwd_cnt,u1_0.frst_register_id,u1_0.frst_regist_pnttm,u1_0.detail_adres,u1_0.email_adres,u1_0.emplyr_sttus_code,u1_0.empl_no,u1_0.esntl_id,u1_0.fxnum,u1_0.group_id,u1_0.house_adres,u1_0.house_end_telno,u1_0.house_middle_telno,u1_0.ihidnum,u1_0.pstinst_code,u1_0.last_updusr_id,u1_0.last_updt_pnttm,u1_0.lock_at,u1_0.lock_cnt,u1_0.lock_last_pnttm,u1_0.mbtlnum,u1_0.ofcps_nm,u1_0.offm_telno,u1_0.orgnzt_id,u1_0.password,u1_0.password_cnsr,u1_0.password_hint,u1_0.chg_pwd_last_pnttm,u1_0.role,u1_0.sbscrb_de,u1_0.sexdstn_code,u1_0.crtfc_dn_value,u1_0.user_nm,u1_0.zip from nemplyrinfo u1_0 where u1_0.emplyr_id=?
2026-03-16 17:00:55 [http-nio-8080-exec-16] DEBUG o.s.orm.jpa.JpaTransactionManager - Initiating transaction commit
2026-03-16 17:00:55 [http-nio-8080-exec-17] DEBUG o.s.orm.jpa.JpaTransactionManager - Initiating transaction commit
2026-03-16 17:00:55 [http-nio-8080-exec-16] DEBUG o.s.orm.jpa.JpaTransactionManager - Committing JPA transaction on EntityManager [SessionImpl(278389720<open>)]
2026-03-16 17:00:55 [http-nio-8080-exec-17] DEBUG o.s.orm.jpa.JpaTransactionManager - Committing JPA transaction on EntityManager [SessionImpl(946927067<open>)]
2026-03-16 17:00:55 [http-nio-8080-exec-19] DEBUG o.s.orm.jpa.JpaTransactionManager - Initiating transaction commit
2026-03-16 17:00:55 [http-nio-8080-exec-19] DEBUG o.s.orm.jpa.JpaTransactionManager - Committing JPA transaction on EntityManager [SessionImpl(1624432236<open>)]
2026-03-16 17:00:55 [http-nio-8080-exec-15] DEBUG o.s.orm.jpa.JpaTransactionManager - Initiating transaction commit
2026-03-16 17:00:55 [http-nio-8080-exec-15] DEBUG o.s.orm.jpa.JpaTransactionManager - Committing JPA transaction on EntityManager [SessionImpl(2041339809<open>)]
2026-03-16 17:00:55 [http-nio-8080-exec-18] DEBUG o.s.orm.jpa.JpaTransactionManager - Closing JPA EntityManager [SessionImpl(1752334646<open>)] after transaction
2026-03-16 17:00:55 [http-nio-8080-exec-18] DEBUG c.c.p.s.jwt.JwtAuthenticationFilter - >>> [JwtFilter] Successfully authenticated user: USRCNFRM_99999999999, Authorities: [ROLE_ADMIN]
2026-03-16 17:00:55 [http-nio-8080-exec-18] DEBUG o.s.web.servlet.DispatcherServlet - GET "/api/v1/admin/system/statistics/bbs?statsKind=COM101", parameters={masked}
2026-03-16 17:00:55 [http-nio-8080-exec-18] DEBUG o.s.w.s.h.SimpleUrlHandlerMapping - Mapped to ResourceHttpRequestHandler [classpath [META-INF/resources/], classpath [resources/], classpath [static/], classpath [public/], ServletContext [/]]
2026-03-16 17:00:55 [http-nio-8080-exec-18] DEBUG o.s.w.s.r.ResourceHttpRequestHandler - Resource not found
2026-03-16 17:00:55 [http-nio-8080-exec-18] DEBUG o.s.w.s.m.m.a.ExceptionHandlerExceptionResolver - Using @ExceptionHandler com.company.project.core.exception.GlobalExceptionHandler#handleException(Exception)
2026-03-16 17:00:55 [http-nio-8080-exec-18] ERROR c.c.p.c.e.GlobalExceptionHandler - >>> Internal Server Error: No static resource api/v1/admin/system/statistics/bbs.
org.springframework.web.servlet.resource.NoResourceFoundException: No static resource api/v1/admin/system/statistics/bbs.
	at org.springframework.web.servlet.resource.ResourceHttpRequestHandler.handleRequest(ResourceHttpRequestHandler.java:585)
	at org.springframework.web.servlet.mvc.HttpRequestHandlerAdapter.handle(HttpRequestHandlerAdapter.java:52)
	at org.springframework.web.servlet.DispatcherServlet.doDispatch(DispatcherServlet.java:1088)
	at org.springframework.web.servlet.DispatcherServlet.doService(DispatcherServlet.java:978)
	at org.springframework.web.servlet.FrameworkServlet.processRequest(FrameworkServlet.java:1014)
	at org.springframework.web.servlet.FrameworkServlet.doGet(FrameworkServlet.java:903)
	at jakarta.servlet.http.HttpServlet.service(HttpServlet.java:527)
	at org.springframework.web.servlet.FrameworkServlet.service(FrameworkServlet.java:885)
	at jakarta.servlet.http.HttpServlet.service(HttpServlet.java:614)
	at org.apache.catalina.core.ApplicationFilterChain.internalDoFilter(ApplicationFilterChain.java:195)
	at org.apache.catalina.core.ApplicationFilterChain.doFilter(ApplicationFilterChain.java:140)
	at org.apache.tomcat.websocket.server.WsFilter.doFilter(WsFilter.java:51)
	at org.apache.catalina.core.ApplicationFilterChain.internalDoFilter(ApplicationFilterChain.java:164)
	at org.apache.catalina.core.ApplicationFilterChain.doFilter(ApplicationFilterChain.java:140)
	at org.springframework.web.filter.CompositeFilter$VirtualFilterChain.doFilter(CompositeFilter.java:108)
	at org.springframework.security.web.FilterChainProxy.lambda$doFilterInternal$3(FilterChainProxy.java:231)
	at org.springframework.security.web.ObservationFilterChainDecorator$FilterObservation$SimpleFilterObservation.lambda$wrap$1(ObservationFilterChainDecorator.java:479)
	at org.springframework.security.web.ObservationFilterChainDecorator$AroundFilterObservation$SimpleAroundFilterObservation.lambda$wrap$1(ObservationFilterChainDecorator.java:340)
	at org.springframework.security.web.ObservationFilterChainDecorator.lambda$wrapSecured$0(ObservationFilterChainDecorator.java:82)
	at org.springframework.security.web.ObservationFilterChainDecorator$VirtualFilterChain.doFilter(ObservationFilterChainDecorator.java:128)
	at org.springframework.security.web.access.intercept.AuthorizationFilter.doFilter(AuthorizationFilter.java:101)
	at org.springframework.security.web.ObservationFilterChainDecorator$ObservationFilter.wrapFilter(ObservationFilterChainDecorator.java:240)
	at org.springframework.security.web.ObservationFilterChainDecorator$ObservationFilter.doFilter(ObservationFilterChainDecorator.java:227)
	at org.springframework.security.web.ObservationFilterChainDecorator$VirtualFilterChain.doFilter(ObservationFilterChainDecorator.java:137)
	at org.springframework.security.web.access.ExceptionTranslationFilter.doFilter(ExceptionTranslationFilter.java:126)
	at org.springframework.security.web.access.ExceptionTranslationFilter.doFilter(ExceptionTranslationFilter.java:120)
	at org.springframework.security.web.ObservationFilterChainDecorator$ObservationFilter.wrapFilter(ObservationFilterChainDecorator.java:240)
	at org.springframework.security.web.ObservationFilterChainDecorator$ObservationFilter.doFilter(ObservationFilterChainDecorator.java:227)
	at org.springframework.security.web.ObservationFilterChainDecorator$VirtualFilterChain.doFilter(ObservationFilterChainDecorator.java:137)
	at org.springframework.security.web.session.SessionManagementFilter.doFilter(SessionManagementFilter.java:131)
	at org.springframework.security.web.session.SessionManagementFilter.doFilter(SessionManagementFilter.java:85)
	at org.springframework.security.web.ObservationFilterChainDecorator$ObservationFilter.wrapFilter(ObservationFilterChainDecorator.java:240)
	at org.springframework.security.web.ObservationFilterChainDecorator$ObservationFilter.doFilter(ObservationFilterChainDecorator.java:227)
	at org.springframework.security.web.ObservationFilterChainDecorator$VirtualFilterChain.doFilter(ObservationFilterChainDecorator.java:137)
	at org.springframework.security.web.authentication.AnonymousAuthenticationFilter.doFilter(AnonymousAuthenticationFilter.java:100)
	at org.springframework.security.web.ObservationFilterChainDecorator$ObservationFilter.wrapFilter(ObservationFilterChainDecorator.java:240)
	at org.springframework.security.web.ObservationFilterChainDecorator$ObservationFilter.doFilter(ObservationFilterChainDecorator.java:227)
	at org.springframework.security.web.ObservationFilterChainDecorator$VirtualFilterChain.doFilter(ObservationFilterChainDecorator.java:137)
	at org.springframework.security.web.servletapi.SecurityContextHolderAwareRequestFilter.doFilter(SecurityContextHolderAwareRequestFilter.java:179)
	at org.springframework.security.web.ObservationFilterChainDecorator$ObservationFilter.wrapFilter(ObservationFilterChainDecorator.java:240)
	at org.springframework.security.web.ObservationFilterChainDecorator$ObservationFilter.doFilter(ObservationFilterChainDecorator.java:227)
	at org.springframework.security.web.ObservationFilterChainDecorator$VirtualFilterChain.doFilter(ObservationFilterChainDecorator.java:137)
	at org.springframework.security.web.savedrequest.RequestCacheAwareFilter.doFilter(RequestCacheAwareFilter.java:63)
	at org.springframework.security.web.ObservationFilterChainDecorator$ObservationFilter.wrapFilter(ObservationFilterChainDecorator.java:240)
	at org.springframework.security.web.ObservationFilterChainDecorator$ObservationFilter.doFilter(ObservationFilterChainDecorator.java:227)
	at org.springframework.security.web.ObservationFilterChainDecorator$VirtualFilterChain.doFilter(ObservationFilterChainDecorator.java:137)
	at com.company.project.security.jwt.JwtAuthenticationFilter.doFilterInternal(JwtAuthenticationFilter.java:52)
	at org.springframework.web.filter.OncePerRequestFilter.doFilter(OncePerRequestFilter.java:116)
	at org.springframework.security.web.ObservationFilterChainDecorator$ObservationFilter.wrapFilter(ObservationFilterChainDecorator.java:240)
	at org.springframework.security.web.ObservationFilterChainDecorator$ObservationFilter.doFilter(ObservationFilterChainDecorator.java:227)
	at org.springframework.security.web.ObservationFilterChainDecorator$VirtualFilterChain.doFilter(ObservationFilterChainDecorator.java:137)
	at org.springframework.security.web.authentication.logout.LogoutFilter.doFilter(LogoutFilter.java:107)
	at org.springframework.security.web.authentication.logout.LogoutFilter.doFilter(LogoutFilter.java:93)
	at org.springframework.security.web.ObservationFilterChainDecorator$ObservationFilter.wrapFilter(ObservationFilterChainDecorator.java:240)
	at org.springframework.security.web.ObservationFilterChainDecorator$ObservationFilter.doFilter(ObservationFilterChainDecorator.java:227)
	at org.springframework.security.web.ObservationFilterChainDecorator$VirtualFilterChain.doFilter(ObservationFilterChainDecorator.java:137)
	at org.springframework.web.filter.CorsFilter.doFilterInternal(CorsFilter.java:91)
	at org.springframework.web.filter.OncePerRequestFilter.doFilter(OncePerRequestFilter.java:116)
	at org.springframework.security.web.ObservationFilterChainDecorator$ObservationFilter.wrapFilter(ObservationFilterChainDecorator.java:240)
	at org.springframework.security.web.ObservationFilterChainDecorator$ObservationFilter.doFilter(ObservationFilterChainDecorator.java:227)
	at org.springframework.security.web.ObservationFilterChainDecorator$VirtualFilterChain.doFilter(ObservationFilterChainDecorator.java:137)
	at org.springframework.security.web.header.HeaderWriterFilter.doHeadersAfter(HeaderWriterFilter.java:90)
	at org.springframework.security.web.header.HeaderWriterFilter.doFilterInternal(HeaderWriterFilter.java:75)
	at org.springframework.web.filter.OncePerRequestFilter.doFilter(OncePerRequestFilter.java:116)
	at org.springframework.security.web.ObservationFilterChainDecorator$ObservationFilter.wrapFilter(ObservationFilterChainDecorator.java:240)
	at org.springframework.security.web.ObservationFilterChainDecorator$ObservationFilter.doFilter(ObservationFilterChainDecorator.java:227)
	at org.springframework.security.web.ObservationFilterChainDecorator$VirtualFilterChain.doFilter(ObservationFilterChainDecorator.java:137)
	at org.springframework.security.web.context.SecurityContextHolderFilter.doFilter(SecurityContextHolderFilter.java:82)
	at org.springframework.security.web.context.SecurityContextHolderFilter.doFilter(SecurityContextHolderFilter.java:69)
	at org.springframework.security.web.ObservationFilterChainDecorator$ObservationFilter.wrapFilter(ObservationFilterChainDecorator.java:240)
	at org.springframework.security.web.ObservationFilterChainDecorator$ObservationFilter.doFilter(ObservationFilterChainDecorator.java:227)
	at org.springframework.security.web.ObservationFilterChainDecorator$VirtualFilterChain.doFilter(ObservationFilterChainDecorator.java:137)
	at org.springframework.security.web.context.request.async.WebAsyncManagerIntegrationFilter.doFilterInternal(WebAsyncManagerIntegrationFilter.java:62)
	at org.springframework.web.filter.OncePerRequestFilter.doFilter(OncePerRequestFilter.java:116)
	at org.springframework.security.web.ObservationFilterChainDecorator$ObservationFilter.wrapFilter(ObservationFilterChainDecorator.java:240)
	at org.springframework.security.web.ObservationFilterChainDecorator$ObservationFilter.doFilter(ObservationFilterChainDecorator.java:227)
	at org.springframework.security.web.ObservationFilterChainDecorator$VirtualFilterChain.doFilter(ObservationFilterChainDecorator.java:137)
	at org.springframework.security.web.session.DisableEncodeUrlFilter.doFilterInternal(DisableEncodeUrlFilter.java:42)
	at org.springframework.web.filter.OncePerRequestFilter.doFilter(OncePerRequestFilter.java:116)
	at org.springframework.security.web.ObservationFilterChainDecorator$ObservationFilter.wrapFilter(ObservationFilterChainDecorator.java:240)
	at org.springframework.security.web.ObservationFilterChainDecorator$AroundFilterObservation$SimpleAroundFilterObservation.lambda$wrap$0(ObservationFilterChainDecorator.java:323)
	at org.springframework.security.web.ObservationFilterChainDecorator$ObservationFilter.doFilter(ObservationFilterChainDecorator.java:224)
	at org.springframework.security.web.ObservationFilterChainDecorator$VirtualFilterChain.doFilter(ObservationFilterChainDecorator.java:137)
	at org.springframework.security.web.FilterChainProxy.doFilterInternal(FilterChainProxy.java:233)
	at org.springframework.security.web.FilterChainProxy.doFilter(FilterChainProxy.java:191)
	at org.springframework.web.filter.CompositeFilter$VirtualFilterChain.doFilter(CompositeFilter.java:113)
	at org.springframework.web.servlet.handler.HandlerMappingIntrospector.lambda$createCacheFilter$3(HandlerMappingIntrospector.java:243)
	at org.springframework.web.filter.CompositeFilter$VirtualFilterChain.doFilter(CompositeFilter.java:113)
	at org.springframework.web.filter.CompositeFilter.doFilter(CompositeFilter.java:74)
	at org.springframework.security.config.annotation.web.configuration.WebMvcSecurityConfiguration$CompositeFilterChainProxy.doFilter(WebMvcSecurityConfiguration.java:238)
	at org.springframework.web.filter.DelegatingFilterProxy.invokeDelegate(DelegatingFilterProxy.java:362)
	at org.springframework.web.filter.DelegatingFilterProxy.doFilter(DelegatingFilterProxy.java:278)
	at org.apache.catalina.core.ApplicationFilterChain.internalDoFilter(ApplicationFilterChain.java:164)
	at org.apache.catalina.core.ApplicationFilterChain.doFilter(ApplicationFilterChain.java:140)
	at org.springframework.web.filter.RequestContextFilter.doFilterInternal(RequestContextFilter.java:100)
	at org.springframework.web.filter.OncePerRequestFilter.doFilter(OncePerRequestFilter.java:116)
	at org.apache.catalina.core.ApplicationFilterChain.internalDoFilter(ApplicationFilterChain.java:164)
	at org.apache.catalina.core.ApplicationFilterChain.doFilter(ApplicationFilterChain.java:140)
	at org.springframework.web.filter.FormContentFilter.doFilterInternal(FormContentFilter.java:93)
	at org.springframework.web.filter.OncePerRequestFilter.doFilter(OncePerRequestFilter.java:116)
	at org.apache.catalina.core.ApplicationFilterChain.internalDoFilter(ApplicationFilterChain.java:164)
	at org.apache.catalina.core.ApplicationFilterChain.doFilter(ApplicationFilterChain.java:140)
	at org.springframework.web.filter.ServerHttpObservationFilter.doFilterInternal(ServerHttpObservationFilter.java:114)
	at org.springframework.web.filter.OncePerRequestFilter.doFilter(OncePerRequestFilter.java:116)
	at org.apache.catalina.core.ApplicationFilterChain.internalDoFilter(ApplicationFilterChain.java:164)
	at org.apache.catalina.core.ApplicationFilterChain.doFilter(ApplicationFilterChain.java:140)
	at org.springframework.web.filter.CharacterEncodingFilter.doFilterInternal(CharacterEncodingFilter.java:201)
	at org.springframework.web.filter.OncePerRequestFilter.doFilter(OncePerRequestFilter.java:116)
	at org.apache.catalina.core.ApplicationFilterChain.internalDoFilter(ApplicationFilterChain.java:164)
	at org.apache.catalina.core.ApplicationFilterChain.doFilter(ApplicationFilterChain.java:140)
	at org.apache.catalina.core.StandardWrapperValve.invoke(StandardWrapperValve.java:167)
	at org.apache.catalina.core.StandardContextValve.invoke(StandardContextValve.java:90)
	at org.apache.catalina.authenticator.AuthenticatorBase.invoke(AuthenticatorBase.java:483)
	at org.apache.catalina.core.StandardHostValve.invoke(StandardHostValve.java:115)
	at org.apache.catalina.valves.ErrorReportValve.invoke(ErrorReportValve.java:93)
	at org.apache.catalina.core.StandardEngineValve.invoke(StandardEngineValve.java:74)
	at org.apache.catalina.connector.CoyoteAdapter.service(CoyoteAdapter.java:344)
	at org.apache.coyote.http11.Http11Processor.service(Http11Processor.java:397)
	at org.apache.coyote.AbstractProcessorLight.process(AbstractProcessorLight.java:63)
	at org.apache.coyote.AbstractProtocol$ConnectionHandler.process(AbstractProtocol.java:905)
	at org.apache.tomcat.util.net.NioEndpoint$SocketProcessor.doRun(NioEndpoint.java:1741)
	at org.apache.tomcat.util.net.SocketProcessorBase.run(SocketProcessorBase.java:52)
	at org.apache.tomcat.util.threads.ThreadPoolExecutor.runWorker(ThreadPoolExecutor.java:1190)
	at org.apache.tomcat.util.threads.ThreadPoolExecutor$Worker.run(ThreadPoolExecutor.java:659)
	at org.apache.tomcat.util.threads.TaskThread$WrappingRunnable.run(TaskThread.java:63)
	at java.base/java.lang.Thread.run(Thread.java:1583)
2026-03-16 17:00:55 [http-nio-8080-exec-18] DEBUG o.s.w.s.m.m.a.HttpEntityMethodProcessor - Using 'application/json', given [application/json, text/plain, */*] and supported [application/json, application/*+json, application/yaml]
2026-03-16 17:00:55 [http-nio-8080-exec-18] TRACE o.s.w.s.m.m.a.HttpEntityMethodProcessor - Writing [ApiResponse[success=false, status=500, code=C004, message=예기치 않은 서버 오류가 발생했습니다., data=null, timestamp=2026-03-16T17:00:55.774849700]]
2026-03-16 17:00:55 [http-nio-8080-exec-18] DEBUG o.s.w.s.m.m.a.ExceptionHandlerExceptionResolver - Resolved [org.springframework.web.servlet.resource.NoResourceFoundException: No static resource api/v1/admin/system/statistics/bbs.]
2026-03-16 17:00:55 [http-nio-8080-exec-18] DEBUG o.s.web.servlet.DispatcherServlet - Completed 500 INTERNAL_SERVER_ERROR
2026-03-16 17:00:55 [http-nio-8080-exec-17] DEBUG o.s.orm.jpa.JpaTransactionManager - Closing JPA EntityManager [SessionImpl(946927067<open>)] after transaction
2026-03-16 17:00:55 [http-nio-8080-exec-16] DEBUG o.s.orm.jpa.JpaTransactionManager - Closing JPA EntityManager [SessionImpl(278389720<open>)] after transaction
2026-03-16 17:00:55 [http-nio-8080-exec-3] DEBUG o.s.orm.jpa.JpaTransactionManager - Found thread-bound EntityManager [SessionImpl(935871792<open>)] for JPA transaction
2026-03-16 17:00:55 [http-nio-8080-exec-3] DEBUG o.s.orm.jpa.JpaTransactionManager - Participating in existing transaction
2026-03-16 17:00:55 [http-nio-8080-exec-17] DEBUG o.s.w.s.m.m.a.HttpEntityMethodProcessor - Using 'application/json', given [application/json, text/plain, */*] and supported [application/json, application/*+json, application/yaml]
2026-03-16 17:00:55 [http-nio-8080-exec-16] DEBUG o.s.w.s.m.m.a.HttpEntityMethodProcessor - Using 'application/json', given [application/json, text/plain, */*] and supported [application/json, application/*+json, application/yaml]
2026-03-16 17:00:55 [http-nio-8080-exec-3] DEBUG org.hibernate.SQL - select ua1_0.scrty_dtrmn_trget_id,ua1_0.author_code,ua1_0.frst_register_id,ua1_0.frst_regist_pnttm,ua1_0.last_updusr_id,ua1_0.last_updt_pnttm,ua1_0.mber_ty_code from nemplyrscrtyestbs ua1_0 where ua1_0.scrty_dtrmn_trget_id=?
2026-03-16 17:00:55 [http-nio-8080-exec-17] TRACE o.s.w.s.m.m.a.HttpEntityMethodProcessor - Writing [ApiResponse[success=true, status=200, code=COMMON_001, message=Success, data=[NotificationDto(ntfcNo=NT001, ntfcSj=테스트 알림입니다, ntfcCn=알림 내용입니다, ntfcDate=null, ntfcTime=2026-02-25T00:59:33.784070, bhNtfcIntrvl=null, uniqId=null, frstRegisterId=null, frstRegisterPnttm=2026-02-25T00:59:33.784070, lastUpdusrId=null, lastUpdusrPnttm=null)], timestamp=2026-03-16T17:00:55.798825]]
2026-03-16 17:00:55 [http-nio-8080-exec-16] TRACE o.s.w.s.m.m.a.HttpEntityMethodProcessor - Writing [ApiResponse[success=true, status=200, code=COMMON_001, message=Success, data=[], timestamp=2026-03-16T17:00:55.798825]]
2026-03-16 17:00:55 [http-nio-8080-exec-16] INFO  c.c.p.a.i.OperationalAuditInterceptor - API Audit Log: URL=/api/v1/admin/system/banners/reflected, User=webmaster, IP=127.0.0.1
2026-03-16 17:00:55 [http-nio-8080-exec-17] INFO  c.c.p.a.i.OperationalAuditInterceptor - API Audit Log: URL=/api/v1/notifications, User=webmaster, IP=127.0.0.1
2026-03-16 17:00:55 [http-nio-8080-exec-16] DEBUG o.s.web.servlet.DispatcherServlet - Completed 200 OK
2026-03-16 17:00:55 [http-nio-8080-exec-17] DEBUG o.s.web.servlet.DispatcherServlet - Completed 200 OK
2026-03-16 17:00:55 [http-nio-8080-exec-10] DEBUG c.c.p.s.jwt.JwtAuthenticationFilter - >>> [JwtFilter] Processing request: GET /api/v1/admin/system/banners/reflected
2026-03-16 17:00:55 [http-nio-8080-exec-11] DEBUG c.c.p.s.jwt.JwtAuthenticationFilter - >>> [JwtFilter] Processing request: GET /api/v1/notifications
2026-03-16 17:00:55 [http-nio-8080-exec-10] DEBUG c.c.p.s.jwt.JwtAuthenticationFilter - >>> [JwtFilter] Found token in header for path: /api/v1/admin/system/banners/reflected
2026-03-16 17:00:55 [http-nio-8080-exec-11] DEBUG c.c.p.s.jwt.JwtAuthenticationFilter - >>> [JwtFilter] Found token in header for path: /api/v1/notifications
2026-03-16 17:00:55 [http-nio-8080-exec-10] DEBUG o.s.orm.jpa.JpaTransactionManager - Creating new transaction with name [com.company.project.security.iam.CustomUserDetailsService.loadUserByUsername]: PROPAGATION_REQUIRED,ISOLATION_DEFAULT,readOnly
2026-03-16 17:00:55 [http-nio-8080-exec-11] DEBUG o.s.orm.jpa.JpaTransactionManager - Creating new transaction with name [com.company.project.security.iam.CustomUserDetailsService.loadUserByUsername]: PROPAGATION_REQUIRED,ISOLATION_DEFAULT,readOnly
2026-03-16 17:00:55 [http-nio-8080-exec-10] DEBUG o.s.orm.jpa.JpaTransactionManager - Opened new EntityManager [SessionImpl(1506185523<open>)] for JPA transaction
2026-03-16 17:00:55 [http-nio-8080-exec-11] DEBUG o.s.orm.jpa.JpaTransactionManager - Opened new EntityManager [SessionImpl(947332507<open>)] for JPA transaction
2026-03-16 17:00:55 [http-nio-8080-exec-10] DEBUG o.s.orm.jpa.JpaTransactionManager - Exposing JPA transaction as JDBC [org.springframework.orm.jpa.vendor.HibernateJpaDialect$HibernateConnectionHandle@74a95b11]
2026-03-16 17:00:55 [http-nio-8080-exec-11] DEBUG o.s.orm.jpa.JpaTransactionManager - Exposing JPA transaction as JDBC [org.springframework.orm.jpa.vendor.HibernateJpaDialect$HibernateConnectionHandle@2cc47717]
2026-03-16 17:00:55 [http-nio-8080-exec-10] DEBUG o.s.orm.jpa.JpaTransactionManager - Found thread-bound EntityManager [SessionImpl(1506185523<open>)] for JPA transaction
2026-03-16 17:00:55 [http-nio-8080-exec-11] DEBUG o.s.orm.jpa.JpaTransactionManager - Found thread-bound EntityManager [SessionImpl(947332507<open>)] for JPA transaction
2026-03-16 17:00:55 [http-nio-8080-exec-10] DEBUG o.s.orm.jpa.JpaTransactionManager - Participating in existing transaction
2026-03-16 17:00:55 [http-nio-8080-exec-11] DEBUG o.s.orm.jpa.JpaTransactionManager - Participating in existing transaction
2026-03-16 17:00:55 [http-nio-8080-exec-10] DEBUG org.hibernate.SQL - select u1_0.emplyr_id,u1_0.area_no,u1_0.brthdy,u1_0.chg_pwd_cnt,u1_0.frst_register_id,u1_0.frst_regist_pnttm,u1_0.detail_adres,u1_0.email_adres,u1_0.emplyr_sttus_code,u1_0.empl_no,u1_0.esntl_id,u1_0.fxnum,u1_0.group_id,u1_0.house_adres,u1_0.house_end_telno,u1_0.house_middle_telno,u1_0.ihidnum,u1_0.pstinst_code,u1_0.last_updusr_id,u1_0.last_updt_pnttm,u1_0.lock_at,u1_0.lock_cnt,u1_0.lock_last_pnttm,u1_0.mbtlnum,u1_0.ofcps_nm,u1_0.offm_telno,u1_0.orgnzt_id,u1_0.password,u1_0.password_cnsr,u1_0.password_hint,u1_0.chg_pwd_last_pnttm,u1_0.role,u1_0.sbscrb_de,u1_0.sexdstn_code,u1_0.crtfc_dn_value,u1_0.user_nm,u1_0.zip from nemplyrinfo u1_0 where u1_0.emplyr_id=?
2026-03-16 17:00:55 [http-nio-8080-exec-11] DEBUG org.hibernate.SQL - select u1_0.emplyr_id,u1_0.area_no,u1_0.brthdy,u1_0.chg_pwd_cnt,u1_0.frst_register_id,u1_0.frst_regist_pnttm,u1_0.detail_adres,u1_0.email_adres,u1_0.emplyr_sttus_code,u1_0.empl_no,u1_0.esntl_id,u1_0.fxnum,u1_0.group_id,u1_0.house_adres,u1_0.house_end_telno,u1_0.house_middle_telno,u1_0.ihidnum,u1_0.pstinst_code,u1_0.last_updusr_id,u1_0.last_updt_pnttm,u1_0.lock_at,u1_0.lock_cnt,u1_0.lock_last_pnttm,u1_0.mbtlnum,u1_0.ofcps_nm,u1_0.offm_telno,u1_0.orgnzt_id,u1_0.password,u1_0.password_cnsr,u1_0.password_hint,u1_0.chg_pwd_last_pnttm,u1_0.role,u1_0.sbscrb_de,u1_0.sexdstn_code,u1_0.crtfc_dn_value,u1_0.user_nm,u1_0.zip from nemplyrinfo u1_0 where u1_0.emplyr_id=?
2026-03-16 17:00:55 [http-nio-8080-exec-15] DEBUG o.s.orm.jpa.JpaTransactionManager - Closing JPA EntityManager [SessionImpl(2041339809<open>)] after transaction
2026-03-16 17:00:55 [http-nio-8080-exec-19] DEBUG o.s.orm.jpa.JpaTransactionManager - Closing JPA EntityManager [SessionImpl(1624432236<open>)] after transaction
2026-03-16 17:00:55 [http-nio-8080-exec-15] DEBUG o.s.w.s.m.m.a.HttpEntityMethodProcessor - Using 'application/json', given [application/json, text/plain, */*] and supported [application/json, application/*+json, application/yaml]
2026-03-16 17:00:55 [http-nio-8080-exec-19] DEBUG o.s.w.s.m.m.a.HttpEntityMethodProcessor - Using 'application/json', given [application/json, text/plain, */*] and supported [application/json, application/*+json, application/yaml]
2026-03-16 17:00:55 [http-nio-8080-exec-15] TRACE o.s.w.s.m.m.a.HttpEntityMethodProcessor - Writing [ApiResponse[success=true, status=200, code=COMMON_001, message=Success, data=[], timestamp=2026-03-16T17:00:55.838165800]]
2026-03-16 17:00:55 [http-nio-8080-exec-19] TRACE o.s.w.s.m.m.a.HttpEntityMethodProcessor - Writing [ApiResponse[success=true, status=200, code=COMMON_001, message=Success, data=0, timestamp=2026-03-16T17:00:55.838165800]]
2026-03-16 17:00:55 [http-nio-8080-exec-19] INFO  c.c.p.a.i.OperationalAuditInterceptor - API Audit Log: URL=/api/v1/notifications/unread-count, User=webmaster, IP=127.0.0.1
2026-03-16 17:00:55 [http-nio-8080-exec-15] INFO  c.c.p.a.i.OperationalAuditInterceptor - API Audit Log: URL=/api/v1/popups/active, User=webmaster, IP=127.0.0.1
2026-03-16 17:00:55 [http-nio-8080-exec-19] DEBUG o.s.web.servlet.DispatcherServlet - Completed 200 OK
2026-03-16 17:00:55 [http-nio-8080-exec-15] DEBUG o.s.web.servlet.DispatcherServlet - Completed 200 OK
2026-03-16 17:00:55 [http-nio-8080-exec-7] DEBUG c.c.p.s.jwt.JwtAuthenticationFilter - >>> [JwtFilter] Processing request: GET /api/v1/popups/active
2026-03-16 17:00:55 [http-nio-8080-exec-1] DEBUG c.c.p.s.jwt.JwtAuthenticationFilter - >>> [JwtFilter] Processing request: GET /api/v1/notifications/unread-count
2026-03-16 17:00:55 [http-nio-8080-exec-7] DEBUG c.c.p.s.jwt.JwtAuthenticationFilter - >>> [JwtFilter] Found token in header for path: /api/v1/popups/active
2026-03-16 17:00:55 [http-nio-8080-exec-1] DEBUG c.c.p.s.jwt.JwtAuthenticationFilter - >>> [JwtFilter] Found token in header for path: /api/v1/notifications/unread-count
2026-03-16 17:00:55 [http-nio-8080-exec-7] DEBUG o.s.orm.jpa.JpaTransactionManager - Creating new transaction with name [com.company.project.security.iam.CustomUserDetailsService.loadUserByUsername]: PROPAGATION_REQUIRED,ISOLATION_DEFAULT,readOnly
2026-03-16 17:00:55 [http-nio-8080-exec-1] DEBUG o.s.orm.jpa.JpaTransactionManager - Creating new transaction with name [com.company.project.security.iam.CustomUserDetailsService.loadUserByUsername]: PROPAGATION_REQUIRED,ISOLATION_DEFAULT,readOnly
2026-03-16 17:00:55 [http-nio-8080-exec-7] DEBUG o.s.orm.jpa.JpaTransactionManager - Opened new EntityManager [SessionImpl(1558224633<open>)] for JPA transaction
2026-03-16 17:00:55 [http-nio-8080-exec-1] DEBUG o.s.orm.jpa.JpaTransactionManager - Opened new EntityManager [SessionImpl(1553679745<open>)] for JPA transaction
2026-03-16 17:00:55 [http-nio-8080-exec-1] DEBUG o.s.orm.jpa.JpaTransactionManager - Exposing JPA transaction as JDBC [org.springframework.orm.jpa.vendor.HibernateJpaDialect$HibernateConnectionHandle@45ac7dd8]
2026-03-16 17:00:55 [http-nio-8080-exec-7] DEBUG o.s.orm.jpa.JpaTransactionManager - Exposing JPA transaction as JDBC [org.springframework.orm.jpa.vendor.HibernateJpaDialect$HibernateConnectionHandle@4c39a281]
2026-03-16 17:00:55 [http-nio-8080-exec-1] DEBUG o.s.orm.jpa.JpaTransactionManager - Found thread-bound EntityManager [SessionImpl(1553679745<open>)] for JPA transaction
2026-03-16 17:00:55 [http-nio-8080-exec-7] DEBUG o.s.orm.jpa.JpaTransactionManager - Found thread-bound EntityManager [SessionImpl(1558224633<open>)] for JPA transaction
2026-03-16 17:00:55 [http-nio-8080-exec-1] DEBUG o.s.orm.jpa.JpaTransactionManager - Participating in existing transaction
2026-03-16 17:00:55 [http-nio-8080-exec-1] DEBUG org.hibernate.SQL - select u1_0.emplyr_id,u1_0.area_no,u1_0.brthdy,u1_0.chg_pwd_cnt,u1_0.frst_register_id,u1_0.frst_regist_pnttm,u1_0.detail_adres,u1_0.email_adres,u1_0.emplyr_sttus_code,u1_0.empl_no,u1_0.esntl_id,u1_0.fxnum,u1_0.group_id,u1_0.house_adres,u1_0.house_end_telno,u1_0.house_middle_telno,u1_0.ihidnum,u1_0.pstinst_code,u1_0.last_updusr_id,u1_0.last_updt_pnttm,u1_0.lock_at,u1_0.lock_cnt,u1_0.lock_last_pnttm,u1_0.mbtlnum,u1_0.ofcps_nm,u1_0.offm_telno,u1_0.orgnzt_id,u1_0.password,u1_0.password_cnsr,u1_0.password_hint,u1_0.chg_pwd_last_pnttm,u1_0.role,u1_0.sbscrb_de,u1_0.sexdstn_code,u1_0.crtfc_dn_value,u1_0.user_nm,u1_0.zip from nemplyrinfo u1_0 where u1_0.emplyr_id=?
2026-03-16 17:00:55 [http-nio-8080-exec-7] DEBUG o.s.orm.jpa.JpaTransactionManager - Participating in existing transaction
2026-03-16 17:00:55 [http-nio-8080-exec-7] DEBUG org.hibernate.SQL - select u1_0.emplyr_id,u1_0.area_no,u1_0.brthdy,u1_0.chg_pwd_cnt,u1_0.frst_register_id,u1_0.frst_regist_pnttm,u1_0.detail_adres,u1_0.email_adres,u1_0.emplyr_sttus_code,u1_0.empl_no,u1_0.esntl_id,u1_0.fxnum,u1_0.group_id,u1_0.house_adres,u1_0.house_end_telno,u1_0.house_middle_telno,u1_0.ihidnum,u1_0.pstinst_code,u1_0.last_updusr_id,u1_0.last_updt_pnttm,u1_0.lock_at,u1_0.lock_cnt,u1_0.lock_last_pnttm,u1_0.mbtlnum,u1_0.ofcps_nm,u1_0.offm_telno,u1_0.orgnzt_id,u1_0.password,u1_0.password_cnsr,u1_0.password_hint,u1_0.chg_pwd_last_pnttm,u1_0.role,u1_0.sbscrb_de,u1_0.sexdstn_code,u1_0.crtfc_dn_value,u1_0.user_nm,u1_0.zip from nemplyrinfo u1_0 where u1_0.emplyr_id=?
2026-03-16 17:00:55 [http-nio-8080-exec-3] DEBUG o.s.orm.jpa.JpaTransactionManager - Initiating transaction commit
2026-03-16 17:00:55 [http-nio-8080-exec-3] DEBUG o.s.orm.jpa.JpaTransactionManager - Committing JPA transaction on EntityManager [SessionImpl(935871792<open>)]
2026-03-16 17:00:55 [http-nio-8080-exec-11] DEBUG o.s.orm.jpa.JpaTransactionManager - Found thread-bound EntityManager [SessionImpl(947332507<open>)] for JPA transaction
2026-03-16 17:00:55 [http-nio-8080-exec-11] DEBUG o.s.orm.jpa.JpaTransactionManager - Participating in existing transaction
2026-03-16 17:00:55 [http-nio-8080-exec-11] DEBUG org.hibernate.SQL - select ua1_0.scrty_dtrmn_trget_id,ua1_0.author_code,ua1_0.frst_register_id,ua1_0.frst_regist_pnttm,ua1_0.last_updusr_id,ua1_0.last_updt_pnttm,ua1_0.mber_ty_code from nemplyrscrtyestbs ua1_0 where ua1_0.scrty_dtrmn_trget_id=?
2026-03-16 17:00:55 [http-nio-8080-exec-10] DEBUG o.s.orm.jpa.JpaTransactionManager - Found thread-bound EntityManager [SessionImpl(1506185523<open>)] for JPA transaction
2026-03-16 17:00:55 [http-nio-8080-exec-10] DEBUG o.s.orm.jpa.JpaTransactionManager - Participating in existing transaction
2026-03-16 17:00:55 [http-nio-8080-exec-10] DEBUG org.hibernate.SQL - select ua1_0.scrty_dtrmn_trget_id,ua1_0.author_code,ua1_0.frst_register_id,ua1_0.frst_regist_pnttm,ua1_0.last_updusr_id,ua1_0.last_updt_pnttm,ua1_0.mber_ty_code from nemplyrscrtyestbs ua1_0 where ua1_0.scrty_dtrmn_trget_id=?
2026-03-16 17:00:56 [http-nio-8080-exec-1] DEBUG o.s.orm.jpa.JpaTransactionManager - Found thread-bound EntityManager [SessionImpl(1553679745<open>)] for JPA transaction
2026-03-16 17:00:56 [http-nio-8080-exec-1] DEBUG o.s.orm.jpa.JpaTransactionManager - Participating in existing transaction
2026-03-16 17:00:56 [http-nio-8080-exec-1] DEBUG org.hibernate.SQL - select ua1_0.scrty_dtrmn_trget_id,ua1_0.author_code,ua1_0.frst_register_id,ua1_0.frst_regist_pnttm,ua1_0.last_updusr_id,ua1_0.last_updt_pnttm,ua1_0.mber_ty_code from nemplyrscrtyestbs ua1_0 where ua1_0.scrty_dtrmn_trget_id=?
2026-03-16 17:00:56 [http-nio-8080-exec-7] DEBUG o.s.orm.jpa.JpaTransactionManager - Found thread-bound EntityManager [SessionImpl(1558224633<open>)] for JPA transaction
2026-03-16 17:00:56 [http-nio-8080-exec-7] DEBUG o.s.orm.jpa.JpaTransactionManager - Participating in existing transaction
2026-03-16 17:00:56 [http-nio-8080-exec-7] DEBUG org.hibernate.SQL - select ua1_0.scrty_dtrmn_trget_id,ua1_0.author_code,ua1_0.frst_register_id,ua1_0.frst_regist_pnttm,ua1_0.last_updusr_id,ua1_0.last_updt_pnttm,ua1_0.mber_ty_code from nemplyrscrtyestbs ua1_0 where ua1_0.scrty_dtrmn_trget_id=?
2026-03-16 17:00:56 [http-nio-8080-exec-3] DEBUG o.s.orm.jpa.JpaTransactionManager - Closing JPA EntityManager [SessionImpl(935871792<open>)] after transaction
2026-03-16 17:00:56 [http-nio-8080-exec-3] DEBUG c.c.p.s.jwt.JwtAuthenticationFilter - >>> [JwtFilter] Successfully authenticated user: USRCNFRM_99999999999, Authorities: [ROLE_ADMIN]
2026-03-16 17:00:56 [http-nio-8080-exec-3] DEBUG o.s.web.servlet.DispatcherServlet - GET "/api/v1/menu/left?menuNo=20", parameters={masked}
2026-03-16 17:00:56 [http-nio-8080-exec-3] TRACE o.s.w.s.m.m.a.RequestMappingHandlerMapping - Mapped to com.company.project.api.controller.menu.MenuController#getLeftMenu(Long)
2026-03-16 17:00:56 [http-nio-8080-exec-3] INFO  c.c.p.a.c.menu.MenuController - getLeftMenu called with menuNo=20
2026-03-16 17:00:56 [http-nio-8080-exec-3] DEBUG o.s.orm.jpa.JpaTransactionManager - Creating new transaction with name [com.company.project.service.menu.MenuService.getSubMenus]: PROPAGATION_REQUIRED,ISOLATION_DEFAULT,readOnly
2026-03-16 17:00:56 [http-nio-8080-exec-3] DEBUG o.s.orm.jpa.JpaTransactionManager - Opened new EntityManager [SessionImpl(139632850<open>)] for JPA transaction
2026-03-16 17:00:56 [http-nio-8080-exec-3] DEBUG o.s.orm.jpa.JpaTransactionManager - Exposing JPA transaction as JDBC [org.springframework.orm.jpa.vendor.HibernateJpaDialect$HibernateConnectionHandle@186140be]
2026-03-16 17:00:56 [http-nio-8080-exec-3] DEBUG org.hibernate.SQL - select m1_0.menu_no,m1_0.menu_dc,m1_0.menu_nm,m1_0.menu_ordr,m1_0.modern_route,m1_0.progrm_file_nm,m1_0.relate_image_nm,m1_0.relate_image_path,m1_0.route_updated_at,m1_0.upper_menu_no from nmenuinfo m1_0 order by m1_0.upper_menu_no,m1_0.menu_ordr
2026-03-16 17:00:56 [http-nio-8080-exec-11] DEBUG o.s.orm.jpa.JpaTransactionManager - Initiating transaction commit
2026-03-16 17:00:56 [http-nio-8080-exec-11] DEBUG o.s.orm.jpa.JpaTransactionManager - Committing JPA transaction on EntityManager [SessionImpl(947332507<open>)]
2026-03-16 17:00:56 [http-nio-8080-exec-10] DEBUG o.s.orm.jpa.JpaTransactionManager - Initiating transaction commit
2026-03-16 17:00:56 [http-nio-8080-exec-10] DEBUG o.s.orm.jpa.JpaTransactionManager - Committing JPA transaction on EntityManager [SessionImpl(1506185523<open>)]
2026-03-16 17:00:56 [http-nio-8080-exec-1] DEBUG o.s.orm.jpa.JpaTransactionManager - Initiating transaction commit
2026-03-16 17:00:56 [http-nio-8080-exec-1] DEBUG o.s.orm.jpa.JpaTransactionManager - Committing JPA transaction on EntityManager [SessionImpl(1553679745<open>)]
2026-03-16 17:00:56 [http-nio-8080-exec-7] DEBUG o.s.orm.jpa.JpaTransactionManager - Initiating transaction commit
2026-03-16 17:00:56 [http-nio-8080-exec-7] DEBUG o.s.orm.jpa.JpaTransactionManager - Committing JPA transaction on EntityManager [SessionImpl(1558224633<open>)]
2026-03-16 17:00:56 [http-nio-8080-exec-11] DEBUG o.s.orm.jpa.JpaTransactionManager - Closing JPA EntityManager [SessionImpl(947332507<open>)] after transaction
2026-03-16 17:00:56 [http-nio-8080-exec-11] DEBUG c.c.p.s.jwt.JwtAuthenticationFilter - >>> [JwtFilter] Successfully authenticated user: USRCNFRM_99999999999, Authorities: [ROLE_ADMIN]
2026-03-16 17:00:56 [http-nio-8080-exec-11] DEBUG o.s.web.servlet.DispatcherServlet - GET "/api/v1/notifications", parameters={}
2026-03-16 17:00:56 [http-nio-8080-exec-11] TRACE o.s.w.s.m.m.a.RequestMappingHandlerMapping - Mapped to com.company.project.api.controller.notification.NotificationController#getMyNotifications(UserDetails)
2026-03-16 17:00:56 [http-nio-8080-exec-11] DEBUG o.s.orm.jpa.JpaTransactionManager - Creating new transaction with name [com.company.project.service.notification.NotificationService.getActiveNotifications]: PROPAGATION_REQUIRED,ISOLATION_DEFAULT,readOnly
2026-03-16 17:00:56 [http-nio-8080-exec-11] DEBUG o.s.orm.jpa.JpaTransactionManager - Opened new EntityManager [SessionImpl(15290418<open>)] for JPA transaction
2026-03-16 17:00:56 [http-nio-8080-exec-11] DEBUG o.s.orm.jpa.JpaTransactionManager - Exposing JPA transaction as JDBC [org.springframework.orm.jpa.vendor.HibernateJpaDialect$HibernateConnectionHandle@6f8d31d9]
2026-03-16 17:00:56 [http-nio-8080-exec-11] DEBUG o.s.orm.jpa.JpaTransactionManager - Found thread-bound EntityManager [SessionImpl(15290418<open>)] for JPA transaction
2026-03-16 17:00:56 [http-nio-8080-exec-11] DEBUG o.s.orm.jpa.JpaTransactionManager - Participating in existing transaction
2026-03-16 17:00:56 [http-nio-8080-exec-11] DEBUG org.hibernate.SQL - select n1_0.ntcn_no,n1_0.frst_register_id,n1_0.frst_regist_pnttm,n1_0.is_read,n1_0.last_updusr_id,n1_0.last_updt_pnttm,n1_0.link_url,n1_0.ntcn_cn,n1_0.ntcn_sj,n1_0.receiver_id from n_user_notification n1_0
2026-03-16 17:00:56 [http-nio-8080-exec-10] DEBUG o.s.orm.jpa.JpaTransactionManager - Closing JPA EntityManager [SessionImpl(1506185523<open>)] after transaction
2026-03-16 17:00:56 [http-nio-8080-exec-10] DEBUG c.c.p.s.jwt.JwtAuthenticationFilter - >>> [JwtFilter] Successfully authenticated user: USRCNFRM_99999999999, Authorities: [ROLE_ADMIN]
2026-03-16 17:00:56 [http-nio-8080-exec-10] DEBUG o.s.web.servlet.DispatcherServlet - GET "/api/v1/admin/system/banners/reflected", parameters={}
2026-03-16 17:00:56 [http-nio-8080-exec-10] TRACE o.s.w.s.m.m.a.RequestMappingHandlerMapping - Mapped to com.company.project.api.controller.system.content.banner.BannerApiController#getReflectedBanners()
2026-03-16 17:00:56 [http-nio-8080-exec-10] DEBUG o.s.orm.jpa.JpaTransactionManager - Creating new transaction with name [com.company.project.service.system.content.banner.BannerService.getReflectedBanners]: PROPAGATION_REQUIRED,ISOLATION_DEFAULT,readOnly
2026-03-16 17:00:56 [http-nio-8080-exec-10] DEBUG o.s.orm.jpa.JpaTransactionManager - Opened new EntityManager [SessionImpl(1882467751<open>)] for JPA transaction
2026-03-16 17:00:56 [http-nio-8080-exec-10] DEBUG o.s.orm.jpa.JpaTransactionManager - Exposing JPA transaction as JDBC [org.springframework.orm.jpa.vendor.HibernateJpaDialect$HibernateConnectionHandle@726730fd]
2026-03-16 17:00:56 [http-nio-8080-exec-10] DEBUG org.hibernate.SQL - select b1_0.banner_id,b1_0.banner_dc,b1_0.banner_image,b1_0.banner_image_file,b1_0.banner_nm,b1_0.frst_register_id,b1_0.frst_regist_pnttm,b1_0.last_updusr_id,b1_0.last_updt_pnttm,b1_0.link_url,b1_0.reflct_at,b1_0.sort_ordr from nbanner b1_0 where b1_0.reflct_at=? order by b1_0.sort_ordr
2026-03-16 17:00:56 [http-nio-8080-exec-1] DEBUG o.s.orm.jpa.JpaTransactionManager - Closing JPA EntityManager [SessionImpl(1553679745<open>)] after transaction
2026-03-16 17:00:56 [http-nio-8080-exec-1] DEBUG c.c.p.s.jwt.JwtAuthenticationFilter - >>> [JwtFilter] Successfully authenticated user: USRCNFRM_99999999999, Authorities: [ROLE_ADMIN]
2026-03-16 17:00:56 [http-nio-8080-exec-1] DEBUG o.s.web.servlet.DispatcherServlet - GET "/api/v1/notifications/unread-count", parameters={}
2026-03-16 17:00:56 [http-nio-8080-exec-1] TRACE o.s.w.s.m.m.a.RequestMappingHandlerMapping - Mapped to com.company.project.api.controller.notification.NotificationController#getUnreadCount(UserDetails)
2026-03-16 17:00:56 [http-nio-8080-exec-1] DEBUG o.s.orm.jpa.JpaTransactionManager - Creating new transaction with name [com.company.project.service.notification.NotificationService.getUnreadCount]: PROPAGATION_REQUIRED,ISOLATION_DEFAULT,readOnly
2026-03-16 17:00:56 [http-nio-8080-exec-1] DEBUG o.s.orm.jpa.JpaTransactionManager - Opened new EntityManager [SessionImpl(811834757<open>)] for JPA transaction
2026-03-16 17:00:56 [http-nio-8080-exec-1] DEBUG o.s.orm.jpa.JpaTransactionManager - Exposing JPA transaction as JDBC [org.springframework.orm.jpa.vendor.HibernateJpaDialect$HibernateConnectionHandle@58691a4e]
2026-03-16 17:00:56 [http-nio-8080-exec-1] DEBUG org.hibernate.SQL - select count(n1_0.ntcn_no) from n_user_notification n1_0 where n1_0.receiver_id=? and n1_0.is_read=?
2026-03-16 17:00:56 [http-nio-8080-exec-7] DEBUG o.s.orm.jpa.JpaTransactionManager - Closing JPA EntityManager [SessionImpl(1558224633<open>)] after transaction
2026-03-16 17:00:56 [http-nio-8080-exec-7] DEBUG c.c.p.s.jwt.JwtAuthenticationFilter - >>> [JwtFilter] Successfully authenticated user: USRCNFRM_99999999999, Authorities: [ROLE_ADMIN]
2026-03-16 17:00:56 [http-nio-8080-exec-7] DEBUG o.s.web.servlet.DispatcherServlet - GET "/api/v1/popups/active", parameters={}
2026-03-16 17:00:56 [http-nio-8080-exec-7] TRACE o.s.w.s.m.m.a.RequestMappingHandlerMapping - Mapped to com.company.project.api.controller.system.content.popup.PopupController#getActivePopups()
2026-03-16 17:00:56 [http-nio-8080-exec-7] DEBUG o.s.orm.jpa.JpaTransactionManager - Creating new transaction with name [com.company.project.service.system.content.popup.PopupServiceImpl.getActivePopups]: PROPAGATION_REQUIRED,ISOLATION_DEFAULT,readOnly
2026-03-16 17:00:56 [http-nio-8080-exec-7] DEBUG o.s.orm.jpa.JpaTransactionManager - Opened new EntityManager [SessionImpl(68463193<open>)] for JPA transaction
2026-03-16 17:00:56 [http-nio-8080-exec-7] DEBUG o.s.orm.jpa.JpaTransactionManager - Exposing JPA transaction as JDBC [org.springframework.orm.jpa.vendor.HibernateJpaDialect$HibernateConnectionHandle@4dac51b4]
2026-03-16 17:00:56 [http-nio-8080-exec-7] DEBUG org.hibernate.SQL - select p1_0.popup_id,p1_0.frst_register_id,p1_0.frst_regist_pnttm,p1_0.file_url,p1_0.ntce_at,p1_0.stopvew_setup_at,p1_0.last_updusr_id,p1_0.last_updt_pnttm,p1_0.ntce_bgnde,p1_0.ntce_endde,p1_0.popup_vrticl_lc,p1_0.popup_vrticl_size,p1_0.popup_sj_nm,p1_0.popup_width_lc,p1_0.popup_width_size from npopupmanage p1_0 where p1_0.ntce_at='Y' and ? between p1_0.ntce_bgnde and p1_0.ntce_endde
2026-03-16 17:00:56 [http-nio-8080-exec-11] DEBUG o.s.orm.jpa.JpaTransactionManager - Initiating transaction commit
2026-03-16 17:00:56 [http-nio-8080-exec-11] DEBUG o.s.orm.jpa.JpaTransactionManager - Committing JPA transaction on EntityManager [SessionImpl(15290418<open>)]
2026-03-16 17:00:56 [http-nio-8080-exec-3] DEBUG o.s.orm.jpa.JpaTransactionManager - Found thread-bound EntityManager [SessionImpl(139632850<open>)] for JPA transaction
2026-03-16 17:00:56 [http-nio-8080-exec-3] DEBUG o.s.orm.jpa.JpaTransactionManager - Participating in existing transaction
2026-03-16 17:00:56 [http-nio-8080-exec-3] DEBUG org.hibernate.SQL - select p1_0.progrm_file_nm,p1_0.progrm_dc,p1_0.progrm_korean_nm,p1_0.progrm_stre_path,p1_0.url from nprogrmlist p1_0
2026-03-16 17:00:56 [http-nio-8080-exec-10] DEBUG o.s.orm.jpa.JpaTransactionManager - Initiating transaction commit
2026-03-16 17:00:56 [http-nio-8080-exec-10] DEBUG o.s.orm.jpa.JpaTransactionManager - Committing JPA transaction on EntityManager [SessionImpl(1882467751<open>)]
2026-03-16 17:00:56 [http-nio-8080-exec-1] DEBUG o.s.orm.jpa.JpaTransactionManager - Initiating transaction commit
2026-03-16 17:00:56 [http-nio-8080-exec-1] DEBUG o.s.orm.jpa.JpaTransactionManager - Committing JPA transaction on EntityManager [SessionImpl(811834757<open>)]
2026-03-16 17:00:56 [http-nio-8080-exec-7] DEBUG o.s.orm.jpa.JpaTransactionManager - Initiating transaction commit
2026-03-16 17:00:56 [http-nio-8080-exec-7] DEBUG o.s.orm.jpa.JpaTransactionManager - Committing JPA transaction on EntityManager [SessionImpl(68463193<open>)]
2026-03-16 17:00:56 [MessageBroker-6] DEBUG o.s.w.s.s.t.h.DefaultSockJsService - Closed 1 sessions: [hrkzffkk]
2026-03-16 17:00:56 [http-nio-8080-exec-11] DEBUG o.s.orm.jpa.JpaTransactionManager - Closing JPA EntityManager [SessionImpl(15290418<open>)] after transaction
2026-03-16 17:00:56 [http-nio-8080-exec-11] DEBUG o.s.w.s.m.m.a.HttpEntityMethodProcessor - Using 'application/json', given [application/json, text/plain, */*] and supported [application/json, application/*+json, application/yaml]
2026-03-16 17:00:56 [http-nio-8080-exec-11] TRACE o.s.w.s.m.m.a.HttpEntityMethodProcessor - Writing [ApiResponse[success=true, status=200, code=COMMON_001, message=Success, data=[NotificationDto(ntfcNo=NT001, ntfcSj=테스트 알림입니다, ntfcCn=알림 내용입니다, ntfcDate=null, ntfcTime=2026-02-25T00:59:33.784070, bhNtfcIntrvl=null, uniqId=null, frstRegisterId=null, frstRegisterPnttm=2026-02-25T00:59:33.784070, lastUpdusrId=null, lastUpdusrPnttm=null)], timestamp=2026-03-16T17:00:56.575257100]]
2026-03-16 17:00:56 [http-nio-8080-exec-11] INFO  c.c.p.a.i.OperationalAuditInterceptor - API Audit Log: URL=/api/v1/notifications, User=webmaster, IP=127.0.0.1
2026-03-16 17:00:56 [http-nio-8080-exec-11] DEBUG o.s.web.servlet.DispatcherServlet - Completed 200 OK
2026-03-16 17:00:56 [http-nio-8080-exec-3] DEBUG o.s.orm.jpa.JpaTransactionManager - Initiating transaction commit
2026-03-16 17:00:56 [http-nio-8080-exec-3] DEBUG o.s.orm.jpa.JpaTransactionManager - Committing JPA transaction on EntityManager [SessionImpl(139632850<open>)]
2026-03-16 17:00:56 [http-nio-8080-exec-10] DEBUG o.s.orm.jpa.JpaTransactionManager - Closing JPA EntityManager [SessionImpl(1882467751<open>)] after transaction
2026-03-16 17:00:56 [http-nio-8080-exec-1] DEBUG o.s.orm.jpa.JpaTransactionManager - Closing JPA EntityManager [SessionImpl(811834757<open>)] after transaction
2026-03-16 17:00:56 [http-nio-8080-exec-10] DEBUG o.s.w.s.m.m.a.HttpEntityMethodProcessor - Using 'application/json', given [application/json, text/plain, */*] and supported [application/json, application/*+json, application/yaml]
2026-03-16 17:00:56 [http-nio-8080-exec-1] DEBUG o.s.w.s.m.m.a.HttpEntityMethodProcessor - Using 'application/json', given [application/json, text/plain, */*] and supported [application/json, application/*+json, application/yaml]
2026-03-16 17:00:56 [http-nio-8080-exec-10] TRACE o.s.w.s.m.m.a.HttpEntityMethodProcessor - Writing [ApiResponse[success=true, status=200, code=COMMON_001, message=Success, data=[], timestamp=2026-03-16T17:00:56.608894500]]
2026-03-16 17:00:56 [http-nio-8080-exec-1] TRACE o.s.w.s.m.m.a.HttpEntityMethodProcessor - Writing [ApiResponse[success=true, status=200, code=COMMON_001, message=Success, data=0, timestamp=2026-03-16T17:00:56.608894500]]
2026-03-16 17:00:56 [http-nio-8080-exec-1] INFO  c.c.p.a.i.OperationalAuditInterceptor - API Audit Log: URL=/api/v1/notifications/unread-count, User=webmaster, IP=127.0.0.1
2026-03-16 17:00:56 [http-nio-8080-exec-1] DEBUG o.s.web.servlet.DispatcherServlet - Completed 200 OK
2026-03-16 17:00:56 [http-nio-8080-exec-10] INFO  c.c.p.a.i.OperationalAuditInterceptor - API Audit Log: URL=/api/v1/admin/system/banners/reflected, User=webmaster, IP=127.0.0.1
2026-03-16 17:00:56 [http-nio-8080-exec-10] DEBUG o.s.web.servlet.DispatcherServlet - Completed 200 OK
2026-03-16 17:00:56 [http-nio-8080-exec-7] DEBUG o.s.orm.jpa.JpaTransactionManager - Closing JPA EntityManager [SessionImpl(68463193<open>)] after transaction
2026-03-16 17:00:56 [http-nio-8080-exec-7] DEBUG o.s.w.s.m.m.a.HttpEntityMethodProcessor - Using 'application/json', given [application/json, text/plain, */*] and supported [application/json, application/*+json, application/yaml]
2026-03-16 17:00:56 [http-nio-8080-exec-7] TRACE o.s.w.s.m.m.a.HttpEntityMethodProcessor - Writing [ApiResponse[success=true, status=200, code=COMMON_001, message=Success, data=[], timestamp=2026-03-16T17:00:56.645669600]]
2026-03-16 17:00:56 [http-nio-8080-exec-7] INFO  c.c.p.a.i.OperationalAuditInterceptor - API Audit Log: URL=/api/v1/popups/active, User=webmaster, IP=127.0.0.1
2026-03-16 17:00:56 [http-nio-8080-exec-7] DEBUG o.s.web.servlet.DispatcherServlet - Completed 200 OK
2026-03-16 17:00:56 [http-nio-8080-exec-8] DEBUG c.c.p.s.jwt.JwtAuthenticationFilter - >>> [JwtFilter] Processing request: GET /api/v1/admin/system/statistics/connect
2026-03-16 17:00:56 [http-nio-8080-exec-8] DEBUG c.c.p.s.jwt.JwtAuthenticationFilter - >>> [JwtFilter] Found token in header for path: /api/v1/admin/system/statistics/connect
2026-03-16 17:00:56 [http-nio-8080-exec-8] DEBUG o.s.orm.jpa.JpaTransactionManager - Creating new transaction with name [com.company.project.security.iam.CustomUserDetailsService.loadUserByUsername]: PROPAGATION_REQUIRED,ISOLATION_DEFAULT,readOnly
2026-03-16 17:00:56 [http-nio-8080-exec-8] DEBUG o.s.orm.jpa.JpaTransactionManager - Opened new EntityManager [SessionImpl(901826042<open>)] for JPA transaction
2026-03-16 17:00:56 [http-nio-8080-exec-8] DEBUG o.s.orm.jpa.JpaTransactionManager - Exposing JPA transaction as JDBC [org.springframework.orm.jpa.vendor.HibernateJpaDialect$HibernateConnectionHandle@70efb010]
2026-03-16 17:00:56 [http-nio-8080-exec-8] DEBUG o.s.orm.jpa.JpaTransactionManager - Found thread-bound EntityManager [SessionImpl(901826042<open>)] for JPA transaction
2026-03-16 17:00:56 [http-nio-8080-exec-8] DEBUG o.s.orm.jpa.JpaTransactionManager - Participating in existing transaction
2026-03-16 17:00:56 [http-nio-8080-exec-8] DEBUG org.hibernate.SQL - select u1_0.emplyr_id,u1_0.area_no,u1_0.brthdy,u1_0.chg_pwd_cnt,u1_0.frst_register_id,u1_0.frst_regist_pnttm,u1_0.detail_adres,u1_0.email_adres,u1_0.emplyr_sttus_code,u1_0.empl_no,u1_0.esntl_id,u1_0.fxnum,u1_0.group_id,u1_0.house_adres,u1_0.house_end_telno,u1_0.house_middle_telno,u1_0.ihidnum,u1_0.pstinst_code,u1_0.last_updusr_id,u1_0.last_updt_pnttm,u1_0.lock_at,u1_0.lock_cnt,u1_0.lock_last_pnttm,u1_0.mbtlnum,u1_0.ofcps_nm,u1_0.offm_telno,u1_0.orgnzt_id,u1_0.password,u1_0.password_cnsr,u1_0.password_hint,u1_0.chg_pwd_last_pnttm,u1_0.role,u1_0.sbscrb_de,u1_0.sexdstn_code,u1_0.crtfc_dn_value,u1_0.user_nm,u1_0.zip from nemplyrinfo u1_0 where u1_0.emplyr_id=?
2026-03-16 17:00:56 [http-nio-8080-exec-3] DEBUG o.s.orm.jpa.JpaTransactionManager - Closing JPA EntityManager [SessionImpl(139632850<open>)] after transaction
2026-03-16 17:00:56 [http-nio-8080-exec-3] INFO  c.c.p.a.c.menu.MenuController - getLeftMenu returned 3 items
2026-03-16 17:00:56 [http-nio-8080-exec-3] DEBUG o.s.w.s.m.m.a.HttpEntityMethodProcessor - Using 'application/json', given [application/json, text/plain, */*] and supported [application/json, application/*+json, application/yaml]
2026-03-16 17:00:56 [http-nio-8080-exec-3] TRACE o.s.w.s.m.m.a.HttpEntityMethodProcessor - Writing [ApiResponse[success=true, status=200, code=COMMON_001, message=Success, data={list=[com.company.project.service.menu.dto.MenuDto@436567da, com.company.project.service.menu.dto.MenuDto@ece70e3, com.company.project.service.menu.dto.MenuDto@72da1195]}, timestamp=2026-03-16T17:00:56.747164100]]
2026-03-16 17:00:56 [http-nio-8080-exec-3] INFO  c.c.p.a.i.OperationalAuditInterceptor - API Audit Log: URL=/api/v1/menu/left, User=webmaster, IP=127.0.0.1
2026-03-16 17:00:56 [http-nio-8080-exec-3] DEBUG o.s.web.servlet.DispatcherServlet - Completed 200 OK
2026-03-16 17:00:56 [http-nio-8080-exec-13] DEBUG c.c.p.s.jwt.JwtAuthenticationFilter - >>> [JwtFilter] Processing request: GET /api/v1/menu/left
2026-03-16 17:00:56 [http-nio-8080-exec-13] DEBUG c.c.p.s.jwt.JwtAuthenticationFilter - >>> [JwtFilter] Found token in header for path: /api/v1/menu/left
2026-03-16 17:00:56 [http-nio-8080-exec-13] DEBUG o.s.orm.jpa.JpaTransactionManager - Creating new transaction with name [com.company.project.security.iam.CustomUserDetailsService.loadUserByUsername]: PROPAGATION_REQUIRED,ISOLATION_DEFAULT,readOnly
2026-03-16 17:00:56 [http-nio-8080-exec-13] DEBUG o.s.orm.jpa.JpaTransactionManager - Opened new EntityManager [SessionImpl(1460496345<open>)] for JPA transaction
2026-03-16 17:00:56 [http-nio-8080-exec-14] DEBUG c.c.p.s.jwt.JwtAuthenticationFilter - >>> [JwtFilter] Processing request: GET /api/v1/admin/system/statistics/bbs
2026-03-16 17:00:56 [http-nio-8080-exec-14] DEBUG c.c.p.s.jwt.JwtAuthenticationFilter - >>> [JwtFilter] Found token in header for path: /api/v1/admin/system/statistics/bbs
2026-03-16 17:00:56 [http-nio-8080-exec-14] DEBUG o.s.orm.jpa.JpaTransactionManager - Creating new transaction with name [com.company.project.security.iam.CustomUserDetailsService.loadUserByUsername]: PROPAGATION_REQUIRED,ISOLATION_DEFAULT,readOnly
2026-03-16 17:00:56 [http-nio-8080-exec-14] DEBUG o.s.orm.jpa.JpaTransactionManager - Opened new EntityManager [SessionImpl(332723608<open>)] for JPA transaction
2026-03-16 17:00:56 [http-nio-8080-exec-8] DEBUG o.s.orm.jpa.JpaTransactionManager - Found thread-bound EntityManager [SessionImpl(901826042<open>)] for JPA transaction
2026-03-16 17:00:56 [http-nio-8080-exec-8] DEBUG o.s.orm.jpa.JpaTransactionManager - Participating in existing transaction
2026-03-16 17:00:56 [http-nio-8080-exec-8] DEBUG org.hibernate.SQL - select ua1_0.scrty_dtrmn_trget_id,ua1_0.author_code,ua1_0.frst_register_id,ua1_0.frst_regist_pnttm,ua1_0.last_updusr_id,ua1_0.last_updt_pnttm,ua1_0.mber_ty_code from nemplyrscrtyestbs ua1_0 where ua1_0.scrty_dtrmn_trget_id=?
2026-03-16 17:00:56 [http-nio-8080-exec-13] DEBUG o.s.orm.jpa.JpaTransactionManager - Exposing JPA transaction as JDBC [org.springframework.orm.jpa.vendor.HibernateJpaDialect$HibernateConnectionHandle@7de03c5c]
2026-03-16 17:00:56 [http-nio-8080-exec-13] DEBUG o.s.orm.jpa.JpaTransactionManager - Found thread-bound EntityManager [SessionImpl(1460496345<open>)] for JPA transaction
2026-03-16 17:00:56 [http-nio-8080-exec-13] DEBUG o.s.orm.jpa.JpaTransactionManager - Participating in existing transaction
2026-03-16 17:00:56 [http-nio-8080-exec-13] DEBUG org.hibernate.SQL - select u1_0.emplyr_id,u1_0.area_no,u1_0.brthdy,u1_0.chg_pwd_cnt,u1_0.frst_register_id,u1_0.frst_regist_pnttm,u1_0.detail_adres,u1_0.email_adres,u1_0.emplyr_sttus_code,u1_0.empl_no,u1_0.esntl_id,u1_0.fxnum,u1_0.group_id,u1_0.house_adres,u1_0.house_end_telno,u1_0.house_middle_telno,u1_0.ihidnum,u1_0.pstinst_code,u1_0.last_updusr_id,u1_0.last_updt_pnttm,u1_0.lock_at,u1_0.lock_cnt,u1_0.lock_last_pnttm,u1_0.mbtlnum,u1_0.ofcps_nm,u1_0.offm_telno,u1_0.orgnzt_id,u1_0.password,u1_0.password_cnsr,u1_0.password_hint,u1_0.chg_pwd_last_pnttm,u1_0.role,u1_0.sbscrb_de,u1_0.sexdstn_code,u1_0.crtfc_dn_value,u1_0.user_nm,u1_0.zip from nemplyrinfo u1_0 where u1_0.emplyr_id=?
2026-03-16 17:00:56 [http-nio-8080-exec-14] DEBUG o.s.orm.jpa.JpaTransactionManager - Exposing JPA transaction as JDBC [org.springframework.orm.jpa.vendor.HibernateJpaDialect$HibernateConnectionHandle@8802ab2]
2026-03-16 17:00:56 [http-nio-8080-exec-14] DEBUG o.s.orm.jpa.JpaTransactionManager - Found thread-bound EntityManager [SessionImpl(332723608<open>)] for JPA transaction
2026-03-16 17:00:56 [http-nio-8080-exec-14] DEBUG o.s.orm.jpa.JpaTransactionManager - Participating in existing transaction
2026-03-16 17:00:56 [http-nio-8080-exec-14] DEBUG org.hibernate.SQL - select u1_0.emplyr_id,u1_0.area_no,u1_0.brthdy,u1_0.chg_pwd_cnt,u1_0.frst_register_id,u1_0.frst_regist_pnttm,u1_0.detail_adres,u1_0.email_adres,u1_0.emplyr_sttus_code,u1_0.empl_no,u1_0.esntl_id,u1_0.fxnum,u1_0.group_id,u1_0.house_adres,u1_0.house_end_telno,u1_0.house_middle_telno,u1_0.ihidnum,u1_0.pstinst_code,u1_0.last_updusr_id,u1_0.last_updt_pnttm,u1_0.lock_at,u1_0.lock_cnt,u1_0.lock_last_pnttm,u1_0.mbtlnum,u1_0.ofcps_nm,u1_0.offm_telno,u1_0.orgnzt_id,u1_0.password,u1_0.password_cnsr,u1_0.password_hint,u1_0.chg_pwd_last_pnttm,u1_0.role,u1_0.sbscrb_de,u1_0.sexdstn_code,u1_0.crtfc_dn_value,u1_0.user_nm,u1_0.zip from nemplyrinfo u1_0 where u1_0.emplyr_id=?
2026-03-16 17:00:56 [http-nio-8080-exec-8] DEBUG o.s.orm.jpa.JpaTransactionManager - Initiating transaction commit
2026-03-16 17:00:56 [http-nio-8080-exec-8] DEBUG o.s.orm.jpa.JpaTransactionManager - Committing JPA transaction on EntityManager [SessionImpl(901826042<open>)]
2026-03-16 17:00:57 [http-nio-8080-exec-13] DEBUG o.s.orm.jpa.JpaTransactionManager - Found thread-bound EntityManager [SessionImpl(1460496345<open>)] for JPA transaction
2026-03-16 17:00:57 [http-nio-8080-exec-13] DEBUG o.s.orm.jpa.JpaTransactionManager - Participating in existing transaction
2026-03-16 17:00:57 [http-nio-8080-exec-13] DEBUG org.hibernate.SQL - select ua1_0.scrty_dtrmn_trget_id,ua1_0.author_code,ua1_0.frst_register_id,ua1_0.frst_regist_pnttm,ua1_0.last_updusr_id,ua1_0.last_updt_pnttm,ua1_0.mber_ty_code from nemplyrscrtyestbs ua1_0 where ua1_0.scrty_dtrmn_trget_id=?
2026-03-16 17:00:57 [http-nio-8080-exec-14] DEBUG o.s.orm.jpa.JpaTransactionManager - Found thread-bound EntityManager [SessionImpl(332723608<open>)] for JPA transaction
2026-03-16 17:00:57 [http-nio-8080-exec-14] DEBUG o.s.orm.jpa.JpaTransactionManager - Participating in existing transaction
2026-03-16 17:00:57 [http-nio-8080-exec-14] DEBUG org.hibernate.SQL - select ua1_0.scrty_dtrmn_trget_id,ua1_0.author_code,ua1_0.frst_register_id,ua1_0.frst_regist_pnttm,ua1_0.last_updusr_id,ua1_0.last_updt_pnttm,ua1_0.mber_ty_code from nemplyrscrtyestbs ua1_0 where ua1_0.scrty_dtrmn_trget_id=?
2026-03-16 17:00:57 [http-nio-8080-exec-8] DEBUG o.s.orm.jpa.JpaTransactionManager - Closing JPA EntityManager [SessionImpl(901826042<open>)] after transaction
2026-03-16 17:00:57 [http-nio-8080-exec-8] DEBUG c.c.p.s.jwt.JwtAuthenticationFilter - >>> [JwtFilter] Successfully authenticated user: USRCNFRM_99999999999, Authorities: [ROLE_ADMIN]
2026-03-16 17:00:57 [http-nio-8080-exec-8] DEBUG o.s.web.servlet.DispatcherServlet - GET "/api/v1/admin/system/statistics/connect?statsKind=SERVICE", parameters={masked}
2026-03-16 17:00:57 [http-nio-8080-exec-8] DEBUG o.s.w.s.h.SimpleUrlHandlerMapping - Mapped to ResourceHttpRequestHandler [classpath [META-INF/resources/], classpath [resources/], classpath [static/], classpath [public/], ServletContext [/]]
2026-03-16 17:00:57 [http-nio-8080-exec-8] DEBUG o.s.w.s.r.ResourceHttpRequestHandler - Resource not found
2026-03-16 17:00:57 [http-nio-8080-exec-8] DEBUG o.s.w.s.m.m.a.ExceptionHandlerExceptionResolver - Using @ExceptionHandler com.company.project.core.exception.GlobalExceptionHandler#handleException(Exception)
2026-03-16 17:00:57 [http-nio-8080-exec-8] ERROR c.c.p.c.e.GlobalExceptionHandler - >>> Internal Server Error: No static resource api/v1/admin/system/statistics/connect.
org.springframework.web.servlet.resource.NoResourceFoundException: No static resource api/v1/admin/system/statistics/connect.
	at org.springframework.web.servlet.resource.ResourceHttpRequestHandler.handleRequest(ResourceHttpRequestHandler.java:585)
	at org.springframework.web.servlet.mvc.HttpRequestHandlerAdapter.handle(HttpRequestHandlerAdapter.java:52)
	at org.springframework.web.servlet.DispatcherServlet.doDispatch(DispatcherServlet.java:1088)
	at org.springframework.web.servlet.DispatcherServlet.doService(DispatcherServlet.java:978)
	at org.springframework.web.servlet.FrameworkServlet.processRequest(FrameworkServlet.java:1014)
	at org.springframework.web.servlet.FrameworkServlet.doGet(FrameworkServlet.java:903)
	at jakarta.servlet.http.HttpServlet.service(HttpServlet.java:527)
	at org.springframework.web.servlet.FrameworkServlet.service(FrameworkServlet.java:885)
	at jakarta.servlet.http.HttpServlet.service(HttpServlet.java:614)
	at org.apache.catalina.core.ApplicationFilterChain.internalDoFilter(ApplicationFilterChain.java:195)
	at org.apache.catalina.core.ApplicationFilterChain.doFilter(ApplicationFilterChain.java:140)
	at org.apache.tomcat.websocket.server.WsFilter.doFilter(WsFilter.java:51)
	at org.apache.catalina.core.ApplicationFilterChain.internalDoFilter(ApplicationFilterChain.java:164)
	at org.apache.catalina.core.ApplicationFilterChain.doFilter(ApplicationFilterChain.java:140)
	at org.springframework.web.filter.CompositeFilter$VirtualFilterChain.doFilter(CompositeFilter.java:108)
	at org.springframework.security.web.FilterChainProxy.lambda$doFilterInternal$3(FilterChainProxy.java:231)
	at org.springframework.security.web.ObservationFilterChainDecorator$FilterObservation$SimpleFilterObservation.lambda$wrap$1(ObservationFilterChainDecorator.java:479)
	at org.springframework.security.web.ObservationFilterChainDecorator$AroundFilterObservation$SimpleAroundFilterObservation.lambda$wrap$1(ObservationFilterChainDecorator.java:340)
	at org.springframework.security.web.ObservationFilterChainDecorator.lambda$wrapSecured$0(ObservationFilterChainDecorator.java:82)
	at org.springframework.security.web.ObservationFilterChainDecorator$VirtualFilterChain.doFilter(ObservationFilterChainDecorator.java:128)
	at org.springframework.security.web.access.intercept.AuthorizationFilter.doFilter(AuthorizationFilter.java:101)
	at org.springframework.security.web.ObservationFilterChainDecorator$ObservationFilter.wrapFilter(ObservationFilterChainDecorator.java:240)
	at org.springframework.security.web.ObservationFilterChainDecorator$ObservationFilter.doFilter(ObservationFilterChainDecorator.java:227)
	at org.springframework.security.web.ObservationFilterChainDecorator$VirtualFilterChain.doFilter(ObservationFilterChainDecorator.java:137)
	at org.springframework.security.web.access.ExceptionTranslationFilter.doFilter(ExceptionTranslationFilter.java:126)
	at org.springframework.security.web.access.ExceptionTranslationFilter.doFilter(ExceptionTranslationFilter.java:120)
	at org.springframework.security.web.ObservationFilterChainDecorator$ObservationFilter.wrapFilter(ObservationFilterChainDecorator.java:240)
	at org.springframework.security.web.ObservationFilterChainDecorator$ObservationFilter.doFilter(ObservationFilterChainDecorator.java:227)
	at org.springframework.security.web.ObservationFilterChainDecorator$VirtualFilterChain.doFilter(ObservationFilterChainDecorator.java:137)
	at org.springframework.security.web.session.SessionManagementFilter.doFilter(SessionManagementFilter.java:131)
	at org.springframework.security.web.session.SessionManagementFilter.doFilter(SessionManagementFilter.java:85)
	at org.springframework.security.web.ObservationFilterChainDecorator$ObservationFilter.wrapFilter(ObservationFilterChainDecorator.java:240)
	at org.springframework.security.web.ObservationFilterChainDecorator$ObservationFilter.doFilter(ObservationFilterChainDecorator.java:227)
	at org.springframework.security.web.ObservationFilterChainDecorator$VirtualFilterChain.doFilter(ObservationFilterChainDecorator.java:137)
	at org.springframework.security.web.authentication.AnonymousAuthenticationFilter.doFilter(AnonymousAuthenticationFilter.java:100)
	at org.springframework.security.web.ObservationFilterChainDecorator$ObservationFilter.wrapFilter(ObservationFilterChainDecorator.java:240)
	at org.springframework.security.web.ObservationFilterChainDecorator$ObservationFilter.doFilter(ObservationFilterChainDecorator.java:227)
	at org.springframework.security.web.ObservationFilterChainDecorator$VirtualFilterChain.doFilter(ObservationFilterChainDecorator.java:137)
	at org.springframework.security.web.servletapi.SecurityContextHolderAwareRequestFilter.doFilter(SecurityContextHolderAwareRequestFilter.java:179)
	at org.springframework.security.web.ObservationFilterChainDecorator$ObservationFilter.wrapFilter(ObservationFilterChainDecorator.java:240)
	at org.springframework.security.web.ObservationFilterChainDecorator$ObservationFilter.doFilter(ObservationFilterChainDecorator.java:227)
	at org.springframework.security.web.ObservationFilterChainDecorator$VirtualFilterChain.doFilter(ObservationFilterChainDecorator.java:137)
	at org.springframework.security.web.savedrequest.RequestCacheAwareFilter.doFilter(RequestCacheAwareFilter.java:63)
	at org.springframework.security.web.ObservationFilterChainDecorator$ObservationFilter.wrapFilter(ObservationFilterChainDecorator.java:240)
	at org.springframework.security.web.ObservationFilterChainDecorator$ObservationFilter.doFilter(ObservationFilterChainDecorator.java:227)
	at org.springframework.security.web.ObservationFilterChainDecorator$VirtualFilterChain.doFilter(ObservationFilterChainDecorator.java:137)
	at com.company.project.security.jwt.JwtAuthenticationFilter.doFilterInternal(JwtAuthenticationFilter.java:52)
	at org.springframework.web.filter.OncePerRequestFilter.doFilter(OncePerRequestFilter.java:116)
	at org.springframework.security.web.ObservationFilterChainDecorator$ObservationFilter.wrapFilter(ObservationFilterChainDecorator.java:240)
	at org.springframework.security.web.ObservationFilterChainDecorator$ObservationFilter.doFilter(ObservationFilterChainDecorator.java:227)
	at org.springframework.security.web.ObservationFilterChainDecorator$VirtualFilterChain.doFilter(ObservationFilterChainDecorator.java:137)
	at org.springframework.security.web.authentication.logout.LogoutFilter.doFilter(LogoutFilter.java:107)
	at org.springframework.security.web.authentication.logout.LogoutFilter.doFilter(LogoutFilter.java:93)
	at org.springframework.security.web.ObservationFilterChainDecorator$ObservationFilter.wrapFilter(ObservationFilterChainDecorator.java:240)
	at org.springframework.security.web.ObservationFilterChainDecorator$ObservationFilter.doFilter(ObservationFilterChainDecorator.java:227)
	at org.springframework.security.web.ObservationFilterChainDecorator$VirtualFilterChain.doFilter(ObservationFilterChainDecorator.java:137)
	at org.springframework.web.filter.CorsFilter.doFilterInternal(CorsFilter.java:91)
	at org.springframework.web.filter.OncePerRequestFilter.doFilter(OncePerRequestFilter.java:116)
	at org.springframework.security.web.ObservationFilterChainDecorator$ObservationFilter.wrapFilter(ObservationFilterChainDecorator.java:240)
	at org.springframework.security.web.ObservationFilterChainDecorator$ObservationFilter.doFilter(ObservationFilterChainDecorator.java:227)
	at org.springframework.security.web.ObservationFilterChainDecorator$VirtualFilterChain.doFilter(ObservationFilterChainDecorator.java:137)
	at org.springframework.security.web.header.HeaderWriterFilter.doHeadersAfter(HeaderWriterFilter.java:90)
	at org.springframework.security.web.header.HeaderWriterFilter.doFilterInternal(HeaderWriterFilter.java:75)
	at org.springframework.web.filter.OncePerRequestFilter.doFilter(OncePerRequestFilter.java:116)
	at org.springframework.security.web.ObservationFilterChainDecorator$ObservationFilter.wrapFilter(ObservationFilterChainDecorator.java:240)
	at org.springframework.security.web.ObservationFilterChainDecorator$ObservationFilter.doFilter(ObservationFilterChainDecorator.java:227)
	at org.springframework.security.web.ObservationFilterChainDecorator$VirtualFilterChain.doFilter(ObservationFilterChainDecorator.java:137)
	at org.springframework.security.web.context.SecurityContextHolderFilter.doFilter(SecurityContextHolderFilter.java:82)
	at org.springframework.security.web.context.SecurityContextHolderFilter.doFilter(SecurityContextHolderFilter.java:69)
	at org.springframework.security.web.ObservationFilterChainDecorator$ObservationFilter.wrapFilter(ObservationFilterChainDecorator.java:240)
	at org.springframework.security.web.ObservationFilterChainDecorator$ObservationFilter.doFilter(ObservationFilterChainDecorator.java:227)
	at org.springframework.security.web.ObservationFilterChainDecorator$VirtualFilterChain.doFilter(ObservationFilterChainDecorator.java:137)
	at org.springframework.security.web.context.request.async.WebAsyncManagerIntegrationFilter.doFilterInternal(WebAsyncManagerIntegrationFilter.java:62)
	at org.springframework.web.filter.OncePerRequestFilter.doFilter(OncePerRequestFilter.java:116)
	at org.springframework.security.web.ObservationFilterChainDecorator$ObservationFilter.wrapFilter(ObservationFilterChainDecorator.java:240)
	at org.springframework.security.web.ObservationFilterChainDecorator$ObservationFilter.doFilter(ObservationFilterChainDecorator.java:227)
	at org.springframework.security.web.ObservationFilterChainDecorator$VirtualFilterChain.doFilter(ObservationFilterChainDecorator.java:137)
	at org.springframework.security.web.session.DisableEncodeUrlFilter.doFilterInternal(DisableEncodeUrlFilter.java:42)
	at org.springframework.web.filter.OncePerRequestFilter.doFilter(OncePerRequestFilter.java:116)
	at org.springframework.security.web.ObservationFilterChainDecorator$ObservationFilter.wrapFilter(ObservationFilterChainDecorator.java:240)
	at org.springframework.security.web.ObservationFilterChainDecorator$AroundFilterObservation$SimpleAroundFilterObservation.lambda$wrap$0(ObservationFilterChainDecorator.java:323)
	at org.springframework.security.web.ObservationFilterChainDecorator$ObservationFilter.doFilter(ObservationFilterChainDecorator.java:224)
	at org.springframework.security.web.ObservationFilterChainDecorator$VirtualFilterChain.doFilter(ObservationFilterChainDecorator.java:137)
	at org.springframework.security.web.FilterChainProxy.doFilterInternal(FilterChainProxy.java:233)
	at org.springframework.security.web.FilterChainProxy.doFilter(FilterChainProxy.java:191)
	at org.springframework.web.filter.CompositeFilter$VirtualFilterChain.doFilter(CompositeFilter.java:113)
	at org.springframework.web.servlet.handler.HandlerMappingIntrospector.lambda$createCacheFilter$3(HandlerMappingIntrospector.java:243)
	at org.springframework.web.filter.CompositeFilter$VirtualFilterChain.doFilter(CompositeFilter.java:113)
	at org.springframework.web.filter.CompositeFilter.doFilter(CompositeFilter.java:74)
	at org.springframework.security.config.annotation.web.configuration.WebMvcSecurityConfiguration$CompositeFilterChainProxy.doFilter(WebMvcSecurityConfiguration.java:238)
	at org.springframework.web.filter.DelegatingFilterProxy.invokeDelegate(DelegatingFilterProxy.java:362)
	at org.springframework.web.filter.DelegatingFilterProxy.doFilter(DelegatingFilterProxy.java:278)
	at org.apache.catalina.core.ApplicationFilterChain.internalDoFilter(ApplicationFilterChain.java:164)
	at org.apache.catalina.core.ApplicationFilterChain.doFilter(ApplicationFilterChain.java:140)
	at org.springframework.web.filter.RequestContextFilter.doFilterInternal(RequestContextFilter.java:100)
	at org.springframework.web.filter.OncePerRequestFilter.doFilter(OncePerRequestFilter.java:116)
	at org.apache.catalina.core.ApplicationFilterChain.internalDoFilter(ApplicationFilterChain.java:164)
	at org.apache.catalina.core.ApplicationFilterChain.doFilter(ApplicationFilterChain.java:140)
	at org.springframework.web.filter.FormContentFilter.doFilterInternal(FormContentFilter.java:93)
	at org.springframework.web.filter.OncePerRequestFilter.doFilter(OncePerRequestFilter.java:116)
	at org.apache.catalina.core.ApplicationFilterChain.internalDoFilter(ApplicationFilterChain.java:164)
	at org.apache.catalina.core.ApplicationFilterChain.doFilter(ApplicationFilterChain.java:140)
	at org.springframework.web.filter.ServerHttpObservationFilter.doFilterInternal(ServerHttpObservationFilter.java:114)
	at org.springframework.web.filter.OncePerRequestFilter.doFilter(OncePerRequestFilter.java:116)
	at org.apache.catalina.core.ApplicationFilterChain.internalDoFilter(ApplicationFilterChain.java:164)
	at org.apache.catalina.core.ApplicationFilterChain.doFilter(ApplicationFilterChain.java:140)
	at org.springframework.web.filter.CharacterEncodingFilter.doFilterInternal(CharacterEncodingFilter.java:201)
	at org.springframework.web.filter.OncePerRequestFilter.doFilter(OncePerRequestFilter.java:116)
	at org.apache.catalina.core.ApplicationFilterChain.internalDoFilter(ApplicationFilterChain.java:164)
	at org.apache.catalina.core.ApplicationFilterChain.doFilter(ApplicationFilterChain.java:140)
	at org.apache.catalina.core.StandardWrapperValve.invoke(StandardWrapperValve.java:167)
	at org.apache.catalina.core.StandardContextValve.invoke(StandardContextValve.java:90)
	at org.apache.catalina.authenticator.AuthenticatorBase.invoke(AuthenticatorBase.java:483)
	at org.apache.catalina.core.StandardHostValve.invoke(StandardHostValve.java:115)
	at org.apache.catalina.valves.ErrorReportValve.invoke(ErrorReportValve.java:93)
	at org.apache.catalina.core.StandardEngineValve.invoke(StandardEngineValve.java:74)
	at org.apache.catalina.connector.CoyoteAdapter.service(CoyoteAdapter.java:344)
	at org.apache.coyote.http11.Http11Processor.service(Http11Processor.java:397)
	at org.apache.coyote.AbstractProcessorLight.process(AbstractProcessorLight.java:63)
	at org.apache.coyote.AbstractProtocol$ConnectionHandler.process(AbstractProtocol.java:905)
	at org.apache.tomcat.util.net.NioEndpoint$SocketProcessor.doRun(NioEndpoint.java:1741)
	at org.apache.tomcat.util.net.SocketProcessorBase.run(SocketProcessorBase.java:52)
	at org.apache.tomcat.util.threads.ThreadPoolExecutor.runWorker(ThreadPoolExecutor.java:1190)
	at org.apache.tomcat.util.threads.ThreadPoolExecutor$Worker.run(ThreadPoolExecutor.java:659)
	at org.apache.tomcat.util.threads.TaskThread$WrappingRunnable.run(TaskThread.java:63)
	at java.base/java.lang.Thread.run(Thread.java:1583)
2026-03-16 17:00:57 [http-nio-8080-exec-8] DEBUG o.s.w.s.m.m.a.HttpEntityMethodProcessor - Using 'application/json', given [application/json, text/plain, */*] and supported [application/json, application/*+json, application/yaml]
2026-03-16 17:00:57 [http-nio-8080-exec-8] TRACE o.s.w.s.m.m.a.HttpEntityMethodProcessor - Writing [ApiResponse[success=false, status=500, code=C004, message=예기치 않은 서버 오류가 발생했습니다., data=null, timestamp=2026-03-16T17:00:57.128906800]]
2026-03-16 17:00:57 [http-nio-8080-exec-8] DEBUG o.s.w.s.m.m.a.ExceptionHandlerExceptionResolver - Resolved [org.springframework.web.servlet.resource.NoResourceFoundException: No static resource api/v1/admin/system/statistics/connect.]
2026-03-16 17:00:57 [http-nio-8080-exec-8] DEBUG o.s.web.servlet.DispatcherServlet - Completed 500 INTERNAL_SERVER_ERROR
2026-03-16 17:00:57 [http-nio-8080-exec-13] DEBUG o.s.orm.jpa.JpaTransactionManager - Initiating transaction commit
2026-03-16 17:00:57 [http-nio-8080-exec-13] DEBUG o.s.orm.jpa.JpaTransactionManager - Committing JPA transaction on EntityManager [SessionImpl(1460496345<open>)]
2026-03-16 17:00:57 [http-nio-8080-exec-14] DEBUG o.s.orm.jpa.JpaTransactionManager - Initiating transaction commit
2026-03-16 17:00:57 [http-nio-8080-exec-14] DEBUG o.s.orm.jpa.JpaTransactionManager - Committing JPA transaction on EntityManager [SessionImpl(332723608<open>)]
2026-03-16 17:00:57 [http-nio-8080-exec-13] DEBUG o.s.orm.jpa.JpaTransactionManager - Closing JPA EntityManager [SessionImpl(1460496345<open>)] after transaction
2026-03-16 17:00:57 [http-nio-8080-exec-13] DEBUG c.c.p.s.jwt.JwtAuthenticationFilter - >>> [JwtFilter] Successfully authenticated user: USRCNFRM_99999999999, Authorities: [ROLE_ADMIN]
2026-03-16 17:00:57 [http-nio-8080-exec-13] DEBUG o.s.web.servlet.DispatcherServlet - GET "/api/v1/menu/left?menuNo=40", parameters={masked}
2026-03-16 17:00:57 [http-nio-8080-exec-13] TRACE o.s.w.s.m.m.a.RequestMappingHandlerMapping - Mapped to com.company.project.api.controller.menu.MenuController#getLeftMenu(Long)
2026-03-16 17:00:57 [http-nio-8080-exec-13] INFO  c.c.p.a.c.menu.MenuController - getLeftMenu called with menuNo=40
2026-03-16 17:00:57 [http-nio-8080-exec-13] DEBUG o.s.orm.jpa.JpaTransactionManager - Creating new transaction with name [com.company.project.service.menu.MenuService.getSubMenus]: PROPAGATION_REQUIRED,ISOLATION_DEFAULT,readOnly
2026-03-16 17:00:57 [http-nio-8080-exec-13] DEBUG o.s.orm.jpa.JpaTransactionManager - Opened new EntityManager [SessionImpl(2092484646<open>)] for JPA transaction
2026-03-16 17:00:57 [http-nio-8080-exec-13] DEBUG o.s.orm.jpa.JpaTransactionManager - Exposing JPA transaction as JDBC [org.springframework.orm.jpa.vendor.HibernateJpaDialect$HibernateConnectionHandle@1ad2aa7b]
2026-03-16 17:00:57 [http-nio-8080-exec-14] DEBUG o.s.orm.jpa.JpaTransactionManager - Closing JPA EntityManager [SessionImpl(332723608<open>)] after transaction
2026-03-16 17:00:57 [http-nio-8080-exec-13] DEBUG org.hibernate.SQL - select m1_0.menu_no,m1_0.menu_dc,m1_0.menu_nm,m1_0.menu_ordr,m1_0.modern_route,m1_0.progrm_file_nm,m1_0.relate_image_nm,m1_0.relate_image_path,m1_0.route_updated_at,m1_0.upper_menu_no from nmenuinfo m1_0 order by m1_0.upper_menu_no,m1_0.menu_ordr
2026-03-16 17:00:57 [http-nio-8080-exec-14] DEBUG c.c.p.s.jwt.JwtAuthenticationFilter - >>> [JwtFilter] Successfully authenticated user: USRCNFRM_99999999999, Authorities: [ROLE_ADMIN]
2026-03-16 17:00:57 [http-nio-8080-exec-14] DEBUG o.s.web.servlet.DispatcherServlet - GET "/api/v1/admin/system/statistics/bbs?statsKind=COM101", parameters={masked}
2026-03-16 17:00:57 [http-nio-8080-exec-14] DEBUG o.s.w.s.h.SimpleUrlHandlerMapping - Mapped to ResourceHttpRequestHandler [classpath [META-INF/resources/], classpath [resources/], classpath [static/], classpath [public/], ServletContext [/]]
2026-03-16 17:00:57 [http-nio-8080-exec-14] DEBUG o.s.w.s.r.ResourceHttpRequestHandler - Resource not found
2026-03-16 17:00:57 [http-nio-8080-exec-14] DEBUG o.s.w.s.m.m.a.ExceptionHandlerExceptionResolver - Using @ExceptionHandler com.company.project.core.exception.GlobalExceptionHandler#handleException(Exception)
2026-03-16 17:00:57 [http-nio-8080-exec-14] ERROR c.c.p.c.e.GlobalExceptionHandler - >>> Internal Server Error: No static resource api/v1/admin/system/statistics/bbs.
org.springframework.web.servlet.resource.NoResourceFoundException: No static resource api/v1/admin/system/statistics/bbs.
	at org.springframework.web.servlet.resource.ResourceHttpRequestHandler.handleRequest(ResourceHttpRequestHandler.java:585)
	at org.springframework.web.servlet.mvc.HttpRequestHandlerAdapter.handle(HttpRequestHandlerAdapter.java:52)
	at org.springframework.web.servlet.DispatcherServlet.doDispatch(DispatcherServlet.java:1088)
	at org.springframework.web.servlet.DispatcherServlet.doService(DispatcherServlet.java:978)
	at org.springframework.web.servlet.FrameworkServlet.processRequest(FrameworkServlet.java:1014)
	at org.springframework.web.servlet.FrameworkServlet.doGet(FrameworkServlet.java:903)
	at jakarta.servlet.http.HttpServlet.service(HttpServlet.java:527)
	at org.springframework.web.servlet.FrameworkServlet.service(FrameworkServlet.java:885)
	at jakarta.servlet.http.HttpServlet.service(HttpServlet.java:614)
	at org.apache.catalina.core.ApplicationFilterChain.internalDoFilter(ApplicationFilterChain.java:195)
	at org.apache.catalina.core.ApplicationFilterChain.doFilter(ApplicationFilterChain.java:140)
	at org.apache.tomcat.websocket.server.WsFilter.doFilter(WsFilter.java:51)
	at org.apache.catalina.core.ApplicationFilterChain.internalDoFilter(ApplicationFilterChain.java:164)
	at org.apache.catalina.core.ApplicationFilterChain.doFilter(ApplicationFilterChain.java:140)
	at org.springframework.web.filter.CompositeFilter$VirtualFilterChain.doFilter(CompositeFilter.java:108)
	at org.springframework.security.web.FilterChainProxy.lambda$doFilterInternal$3(FilterChainProxy.java:231)
	at org.springframework.security.web.ObservationFilterChainDecorator$FilterObservation$SimpleFilterObservation.lambda$wrap$1(ObservationFilterChainDecorator.java:479)
	at org.springframework.security.web.ObservationFilterChainDecorator$AroundFilterObservation$SimpleAroundFilterObservation.lambda$wrap$1(ObservationFilterChainDecorator.java:340)
	at org.springframework.security.web.ObservationFilterChainDecorator.lambda$wrapSecured$0(ObservationFilterChainDecorator.java:82)
	at org.springframework.security.web.ObservationFilterChainDecorator$VirtualFilterChain.doFilter(ObservationFilterChainDecorator.java:128)
	at org.springframework.security.web.access.intercept.AuthorizationFilter.doFilter(AuthorizationFilter.java:101)
	at org.springframework.security.web.ObservationFilterChainDecorator$ObservationFilter.wrapFilter(ObservationFilterChainDecorator.java:240)
	at org.springframework.security.web.ObservationFilterChainDecorator$ObservationFilter.doFilter(ObservationFilterChainDecorator.java:227)
	at org.springframework.security.web.ObservationFilterChainDecorator$VirtualFilterChain.doFilter(ObservationFilterChainDecorator.java:137)
	at org.springframework.security.web.access.ExceptionTranslationFilter.doFilter(ExceptionTranslationFilter.java:126)
	at org.springframework.security.web.access.ExceptionTranslationFilter.doFilter(ExceptionTranslationFilter.java:120)
	at org.springframework.security.web.ObservationFilterChainDecorator$ObservationFilter.wrapFilter(ObservationFilterChainDecorator.java:240)
	at org.springframework.security.web.ObservationFilterChainDecorator$ObservationFilter.doFilter(ObservationFilterChainDecorator.java:227)
	at org.springframework.security.web.ObservationFilterChainDecorator$VirtualFilterChain.doFilter(ObservationFilterChainDecorator.java:137)
	at org.springframework.security.web.session.SessionManagementFilter.doFilter(SessionManagementFilter.java:131)
	at org.springframework.security.web.session.SessionManagementFilter.doFilter(SessionManagementFilter.java:85)
	at org.springframework.security.web.ObservationFilterChainDecorator$ObservationFilter.wrapFilter(ObservationFilterChainDecorator.java:240)
	at org.springframework.security.web.ObservationFilterChainDecorator$ObservationFilter.doFilter(ObservationFilterChainDecorator.java:227)
	at org.springframework.security.web.ObservationFilterChainDecorator$VirtualFilterChain.doFilter(ObservationFilterChainDecorator.java:137)
	at org.springframework.security.web.authentication.AnonymousAuthenticationFilter.doFilter(AnonymousAuthenticationFilter.java:100)
	at org.springframework.security.web.ObservationFilterChainDecorator$ObservationFilter.wrapFilter(ObservationFilterChainDecorator.java:240)
	at org.springframework.security.web.ObservationFilterChainDecorator$ObservationFilter.doFilter(ObservationFilterChainDecorator.java:227)
	at org.springframework.security.web.ObservationFilterChainDecorator$VirtualFilterChain.doFilter(ObservationFilterChainDecorator.java:137)
	at org.springframework.security.web.servletapi.SecurityContextHolderAwareRequestFilter.doFilter(SecurityContextHolderAwareRequestFilter.java:179)
	at org.springframework.security.web.ObservationFilterChainDecorator$ObservationFilter.wrapFilter(ObservationFilterChainDecorator.java:240)
	at org.springframework.security.web.ObservationFilterChainDecorator$ObservationFilter.doFilter(ObservationFilterChainDecorator.java:227)
	at org.springframework.security.web.ObservationFilterChainDecorator$VirtualFilterChain.doFilter(ObservationFilterChainDecorator.java:137)
	at org.springframework.security.web.savedrequest.RequestCacheAwareFilter.doFilter(RequestCacheAwareFilter.java:63)
	at org.springframework.security.web.ObservationFilterChainDecorator$ObservationFilter.wrapFilter(ObservationFilterChainDecorator.java:240)
	at org.springframework.security.web.ObservationFilterChainDecorator$ObservationFilter.doFilter(ObservationFilterChainDecorator.java:227)
	at org.springframework.security.web.ObservationFilterChainDecorator$VirtualFilterChain.doFilter(ObservationFilterChainDecorator.java:137)
	at com.company.project.security.jwt.JwtAuthenticationFilter.doFilterInternal(JwtAuthenticationFilter.java:52)
	at org.springframework.web.filter.OncePerRequestFilter.doFilter(OncePerRequestFilter.java:116)
	at org.springframework.security.web.ObservationFilterChainDecorator$ObservationFilter.wrapFilter(ObservationFilterChainDecorator.java:240)
	at org.springframework.security.web.ObservationFilterChainDecorator$ObservationFilter.doFilter(ObservationFilterChainDecorator.java:227)
	at org.springframework.security.web.ObservationFilterChainDecorator$VirtualFilterChain.doFilter(ObservationFilterChainDecorator.java:137)
	at org.springframework.security.web.authentication.logout.LogoutFilter.doFilter(LogoutFilter.java:107)
	at org.springframework.security.web.authentication.logout.LogoutFilter.doFilter(LogoutFilter.java:93)
	at org.springframework.security.web.ObservationFilterChainDecorator$ObservationFilter.wrapFilter(ObservationFilterChainDecorator.java:240)
	at org.springframework.security.web.ObservationFilterChainDecorator$ObservationFilter.doFilter(ObservationFilterChainDecorator.java:227)
	at org.springframework.security.web.ObservationFilterChainDecorator$VirtualFilterChain.doFilter(ObservationFilterChainDecorator.java:137)
	at org.springframework.web.filter.CorsFilter.doFilterInternal(CorsFilter.java:91)
	at org.springframework.web.filter.OncePerRequestFilter.doFilter(OncePerRequestFilter.java:116)
	at org.springframework.security.web.ObservationFilterChainDecorator$ObservationFilter.wrapFilter(ObservationFilterChainDecorator.java:240)
	at org.springframework.security.web.ObservationFilterChainDecorator$ObservationFilter.doFilter(ObservationFilterChainDecorator.java:227)
	at org.springframework.security.web.ObservationFilterChainDecorator$VirtualFilterChain.doFilter(ObservationFilterChainDecorator.java:137)
	at org.springframework.security.web.header.HeaderWriterFilter.doHeadersAfter(HeaderWriterFilter.java:90)
	at org.springframework.security.web.header.HeaderWriterFilter.doFilterInternal(HeaderWriterFilter.java:75)
	at org.springframework.web.filter.OncePerRequestFilter.doFilter(OncePerRequestFilter.java:116)
	at org.springframework.security.web.ObservationFilterChainDecorator$ObservationFilter.wrapFilter(ObservationFilterChainDecorator.java:240)
	at org.springframework.security.web.ObservationFilterChainDecorator$ObservationFilter.doFilter(ObservationFilterChainDecorator.java:227)
	at org.springframework.security.web.ObservationFilterChainDecorator$VirtualFilterChain.doFilter(ObservationFilterChainDecorator.java:137)
	at org.springframework.security.web.context.SecurityContextHolderFilter.doFilter(SecurityContextHolderFilter.java:82)
	at org.springframework.security.web.context.SecurityContextHolderFilter.doFilter(SecurityContextHolderFilter.java:69)
	at org.springframework.security.web.ObservationFilterChainDecorator$ObservationFilter.wrapFilter(ObservationFilterChainDecorator.java:240)
	at org.springframework.security.web.ObservationFilterChainDecorator$ObservationFilter.doFilter(ObservationFilterChainDecorator.java:227)
	at org.springframework.security.web.ObservationFilterChainDecorator$VirtualFilterChain.doFilter(ObservationFilterChainDecorator.java:137)
	at org.springframework.security.web.context.request.async.WebAsyncManagerIntegrationFilter.doFilterInternal(WebAsyncManagerIntegrationFilter.java:62)
	at org.springframework.web.filter.OncePerRequestFilter.doFilter(OncePerRequestFilter.java:116)
	at org.springframework.security.web.ObservationFilterChainDecorator$ObservationFilter.wrapFilter(ObservationFilterChainDecorator.java:240)
	at org.springframework.security.web.ObservationFilterChainDecorator$ObservationFilter.doFilter(ObservationFilterChainDecorator.java:227)
	at org.springframework.security.web.ObservationFilterChainDecorator$VirtualFilterChain.doFilter(ObservationFilterChainDecorator.java:137)
	at org.springframework.security.web.session.DisableEncodeUrlFilter.doFilterInternal(DisableEncodeUrlFilter.java:42)
	at org.springframework.web.filter.OncePerRequestFilter.doFilter(OncePerRequestFilter.java:116)
	at org.springframework.security.web.ObservationFilterChainDecorator$ObservationFilter.wrapFilter(ObservationFilterChainDecorator.java:240)
	at org.springframework.security.web.ObservationFilterChainDecorator$AroundFilterObservation$SimpleAroundFilterObservation.lambda$wrap$0(ObservationFilterChainDecorator.java:323)
	at org.springframework.security.web.ObservationFilterChainDecorator$ObservationFilter.doFilter(ObservationFilterChainDecorator.java:224)
	at org.springframework.security.web.ObservationFilterChainDecorator$VirtualFilterChain.doFilter(ObservationFilterChainDecorator.java:137)
	at org.springframework.security.web.FilterChainProxy.doFilterInternal(FilterChainProxy.java:233)
	at org.springframework.security.web.FilterChainProxy.doFilter(FilterChainProxy.java:191)
	at org.springframework.web.filter.CompositeFilter$VirtualFilterChain.doFilter(CompositeFilter.java:113)
	at org.springframework.web.servlet.handler.HandlerMappingIntrospector.lambda$createCacheFilter$3(HandlerMappingIntrospector.java:243)
	at org.springframework.web.filter.CompositeFilter$VirtualFilterChain.doFilter(CompositeFilter.java:113)
	at org.springframework.web.filter.CompositeFilter.doFilter(CompositeFilter.java:74)
	at org.springframework.security.config.annotation.web.configuration.WebMvcSecurityConfiguration$CompositeFilterChainProxy.doFilter(WebMvcSecurityConfiguration.java:238)
	at org.springframework.web.filter.DelegatingFilterProxy.invokeDelegate(DelegatingFilterProxy.java:362)
	at org.springframework.web.filter.DelegatingFilterProxy.doFilter(DelegatingFilterProxy.java:278)
	at org.apache.catalina.core.ApplicationFilterChain.internalDoFilter(ApplicationFilterChain.java:164)
	at org.apache.catalina.core.ApplicationFilterChain.doFilter(ApplicationFilterChain.java:140)
	at org.springframework.web.filter.RequestContextFilter.doFilterInternal(RequestContextFilter.java:100)
	at org.springframework.web.filter.OncePerRequestFilter.doFilter(OncePerRequestFilter.java:116)
	at org.apache.catalina.core.ApplicationFilterChain.internalDoFilter(ApplicationFilterChain.java:164)
	at org.apache.catalina.core.ApplicationFilterChain.doFilter(ApplicationFilterChain.java:140)
	at org.springframework.web.filter.FormContentFilter.doFilterInternal(FormContentFilter.java:93)
	at org.springframework.web.filter.OncePerRequestFilter.doFilter(OncePerRequestFilter.java:116)
	at org.apache.catalina.core.ApplicationFilterChain.internalDoFilter(ApplicationFilterChain.java:164)
	at org.apache.catalina.core.ApplicationFilterChain.doFilter(ApplicationFilterChain.java:140)
	at org.springframework.web.filter.ServerHttpObservationFilter.doFilterInternal(ServerHttpObservationFilter.java:114)
	at org.springframework.web.filter.OncePerRequestFilter.doFilter(OncePerRequestFilter.java:116)
	at org.apache.catalina.core.ApplicationFilterChain.internalDoFilter(ApplicationFilterChain.java:164)
	at org.apache.catalina.core.ApplicationFilterChain.doFilter(ApplicationFilterChain.java:140)
	at org.springframework.web.filter.CharacterEncodingFilter.doFilterInternal(CharacterEncodingFilter.java:201)
	at org.springframework.web.filter.OncePerRequestFilter.doFilter(OncePerRequestFilter.java:116)
	at org.apache.catalina.core.ApplicationFilterChain.internalDoFilter(ApplicationFilterChain.java:164)
	at org.apache.catalina.core.ApplicationFilterChain.doFilter(ApplicationFilterChain.java:140)
	at org.apache.catalina.core.StandardWrapperValve.invoke(StandardWrapperValve.java:167)
	at org.apache.catalina.core.StandardContextValve.invoke(StandardContextValve.java:90)
	at org.apache.catalina.authenticator.AuthenticatorBase.invoke(AuthenticatorBase.java:483)
	at org.apache.catalina.core.StandardHostValve.invoke(StandardHostValve.java:115)
	at org.apache.catalina.valves.ErrorReportValve.invoke(ErrorReportValve.java:93)
	at org.apache.catalina.core.StandardEngineValve.invoke(StandardEngineValve.java:74)
	at org.apache.catalina.connector.CoyoteAdapter.service(CoyoteAdapter.java:344)
	at org.apache.coyote.http11.Http11Processor.service(Http11Processor.java:397)
	at org.apache.coyote.AbstractProcessorLight.process(AbstractProcessorLight.java:63)
	at org.apache.coyote.AbstractProtocol$ConnectionHandler.process(AbstractProtocol.java:905)
	at org.apache.tomcat.util.net.NioEndpoint$SocketProcessor.doRun(NioEndpoint.java:1741)
	at org.apache.tomcat.util.net.SocketProcessorBase.run(SocketProcessorBase.java:52)
	at org.apache.tomcat.util.threads.ThreadPoolExecutor.runWorker(ThreadPoolExecutor.java:1190)
	at org.apache.tomcat.util.threads.ThreadPoolExecutor$Worker.run(ThreadPoolExecutor.java:659)
	at org.apache.tomcat.util.threads.TaskThread$WrappingRunnable.run(TaskThread.java:63)
	at java.base/java.lang.Thread.run(Thread.java:1583)
2026-03-16 17:00:57 [http-nio-8080-exec-14] DEBUG o.s.w.s.m.m.a.HttpEntityMethodProcessor - Using 'application/json', given [application/json, text/plain, */*] and supported [application/json, application/*+json, application/yaml]
2026-03-16 17:00:57 [http-nio-8080-exec-14] TRACE o.s.w.s.m.m.a.HttpEntityMethodProcessor - Writing [ApiResponse[success=false, status=500, code=C004, message=예기치 않은 서버 오류가 발생했습니다., data=null, timestamp=2026-03-16T17:00:57.391154]]
2026-03-16 17:00:57 [http-nio-8080-exec-14] DEBUG o.s.w.s.m.m.a.ExceptionHandlerExceptionResolver - Resolved [org.springframework.web.servlet.resource.NoResourceFoundException: No static resource api/v1/admin/system/statistics/bbs.]
2026-03-16 17:00:57 [http-nio-8080-exec-14] DEBUG o.s.web.servlet.DispatcherServlet - Completed 500 INTERNAL_SERVER_ERROR
2026-03-16 17:00:57 [http-nio-8080-exec-13] DEBUG o.s.orm.jpa.JpaTransactionManager - Found thread-bound EntityManager [SessionImpl(2092484646<open>)] for JPA transaction
2026-03-16 17:00:57 [http-nio-8080-exec-13] DEBUG o.s.orm.jpa.JpaTransactionManager - Participating in existing transaction
2026-03-16 17:00:57 [http-nio-8080-exec-13] DEBUG org.hibernate.SQL - select p1_0.progrm_file_nm,p1_0.progrm_dc,p1_0.progrm_korean_nm,p1_0.progrm_stre_path,p1_0.url from nprogrmlist p1_0
2026-03-16 17:00:57 [http-nio-8080-exec-13] DEBUG o.s.orm.jpa.JpaTransactionManager - Initiating transaction commit
2026-03-16 17:00:57 [http-nio-8080-exec-13] DEBUG o.s.orm.jpa.JpaTransactionManager - Committing JPA transaction on EntityManager [SessionImpl(2092484646<open>)]
2026-03-16 17:00:58 [http-nio-8080-exec-13] DEBUG o.s.orm.jpa.JpaTransactionManager - Closing JPA EntityManager [SessionImpl(2092484646<open>)] after transaction
2026-03-16 17:00:58 [http-nio-8080-exec-13] INFO  c.c.p.a.c.menu.MenuController - getLeftMenu returned 2 items
2026-03-16 17:00:58 [http-nio-8080-exec-13] DEBUG o.s.w.s.m.m.a.HttpEntityMethodProcessor - Using 'application/json', given [application/json, text/plain, */*] and supported [application/json, application/*+json, application/yaml]
2026-03-16 17:00:58 [http-nio-8080-exec-13] TRACE o.s.w.s.m.m.a.HttpEntityMethodProcessor - Writing [ApiResponse[success=true, status=200, code=COMMON_001, message=Success, data={list=[com.company.project.service.menu.dto.MenuDto@7dc5ad8e, com.company.project.service.menu.dto.MenuDto@1d10136c]}, timestamp=2026-03-16T17:00:58.035555300]]
2026-03-16 17:00:58 [http-nio-8080-exec-13] INFO  c.c.p.a.i.OperationalAuditInterceptor - API Audit Log: URL=/api/v1/menu/left, User=webmaster, IP=127.0.0.1
2026-03-16 17:00:58 [http-nio-8080-exec-13] DEBUG o.s.web.servlet.DispatcherServlet - Completed 200 OK
2026-03-16 17:00:58 [http-nio-8080-exec-4] DEBUG c.c.p.s.jwt.JwtAuthenticationFilter - >>> [JwtFilter] Processing request: GET /api/v1/menu/left
2026-03-16 17:00:58 [http-nio-8080-exec-4] DEBUG c.c.p.s.jwt.JwtAuthenticationFilter - >>> [JwtFilter] Found token in header for path: /api/v1/menu/left
2026-03-16 17:00:58 [http-nio-8080-exec-4] DEBUG o.s.orm.jpa.JpaTransactionManager - Creating new transaction with name [com.company.project.security.iam.CustomUserDetailsService.loadUserByUsername]: PROPAGATION_REQUIRED,ISOLATION_DEFAULT,readOnly
2026-03-16 17:00:58 [http-nio-8080-exec-4] DEBUG o.s.orm.jpa.JpaTransactionManager - Opened new EntityManager [SessionImpl(270034110<open>)] for JPA transaction
2026-03-16 17:00:58 [http-nio-8080-exec-4] DEBUG o.s.orm.jpa.JpaTransactionManager - Exposing JPA transaction as JDBC [org.springframework.orm.jpa.vendor.HibernateJpaDialect$HibernateConnectionHandle@371304dd]
2026-03-16 17:00:58 [http-nio-8080-exec-4] DEBUG o.s.orm.jpa.JpaTransactionManager - Found thread-bound EntityManager [SessionImpl(270034110<open>)] for JPA transaction
2026-03-16 17:00:58 [http-nio-8080-exec-4] DEBUG o.s.orm.jpa.JpaTransactionManager - Participating in existing transaction
2026-03-16 17:00:58 [http-nio-8080-exec-4] DEBUG org.hibernate.SQL - select u1_0.emplyr_id,u1_0.area_no,u1_0.brthdy,u1_0.chg_pwd_cnt,u1_0.frst_register_id,u1_0.frst_regist_pnttm,u1_0.detail_adres,u1_0.email_adres,u1_0.emplyr_sttus_code,u1_0.empl_no,u1_0.esntl_id,u1_0.fxnum,u1_0.group_id,u1_0.house_adres,u1_0.house_end_telno,u1_0.house_middle_telno,u1_0.ihidnum,u1_0.pstinst_code,u1_0.last_updusr_id,u1_0.last_updt_pnttm,u1_0.lock_at,u1_0.lock_cnt,u1_0.lock_last_pnttm,u1_0.mbtlnum,u1_0.ofcps_nm,u1_0.offm_telno,u1_0.orgnzt_id,u1_0.password,u1_0.password_cnsr,u1_0.password_hint,u1_0.chg_pwd_last_pnttm,u1_0.role,u1_0.sbscrb_de,u1_0.sexdstn_code,u1_0.crtfc_dn_value,u1_0.user_nm,u1_0.zip from nemplyrinfo u1_0 where u1_0.emplyr_id=?
2026-03-16 17:00:58 [http-nio-8080-exec-4] DEBUG o.s.orm.jpa.JpaTransactionManager - Found thread-bound EntityManager [SessionImpl(270034110<open>)] for JPA transaction
2026-03-16 17:00:58 [http-nio-8080-exec-4] DEBUG o.s.orm.jpa.JpaTransactionManager - Participating in existing transaction
2026-03-16 17:00:58 [http-nio-8080-exec-4] DEBUG org.hibernate.SQL - select ua1_0.scrty_dtrmn_trget_id,ua1_0.author_code,ua1_0.frst_register_id,ua1_0.frst_regist_pnttm,ua1_0.last_updusr_id,ua1_0.last_updt_pnttm,ua1_0.mber_ty_code from nemplyrscrtyestbs ua1_0 where ua1_0.scrty_dtrmn_trget_id=?
2026-03-16 17:00:58 [http-nio-8080-exec-4] DEBUG o.s.orm.jpa.JpaTransactionManager - Initiating transaction commit
2026-03-16 17:00:58 [http-nio-8080-exec-4] DEBUG o.s.orm.jpa.JpaTransactionManager - Committing JPA transaction on EntityManager [SessionImpl(270034110<open>)]
2026-03-16 17:00:58 [http-nio-8080-exec-4] DEBUG o.s.orm.jpa.JpaTransactionManager - Closing JPA EntityManager [SessionImpl(270034110<open>)] after transaction
2026-03-16 17:00:58 [http-nio-8080-exec-4] DEBUG c.c.p.s.jwt.JwtAuthenticationFilter - >>> [JwtFilter] Successfully authenticated user: USRCNFRM_99999999999, Authorities: [ROLE_ADMIN]
2026-03-16 17:00:58 [http-nio-8080-exec-4] DEBUG o.s.web.servlet.DispatcherServlet - GET "/api/v1/menu/left?menuNo=50", parameters={masked}
2026-03-16 17:00:58 [http-nio-8080-exec-4] TRACE o.s.w.s.m.m.a.RequestMappingHandlerMapping - Mapped to com.company.project.api.controller.menu.MenuController#getLeftMenu(Long)
2026-03-16 17:00:58 [http-nio-8080-exec-4] INFO  c.c.p.a.c.menu.MenuController - getLeftMenu called with menuNo=50
2026-03-16 17:00:58 [http-nio-8080-exec-4] DEBUG o.s.orm.jpa.JpaTransactionManager - Creating new transaction with name [com.company.project.service.menu.MenuService.getSubMenus]: PROPAGATION_REQUIRED,ISOLATION_DEFAULT,readOnly
2026-03-16 17:00:58 [http-nio-8080-exec-4] DEBUG o.s.orm.jpa.JpaTransactionManager - Opened new EntityManager [SessionImpl(559678824<open>)] for JPA transaction
2026-03-16 17:00:58 [http-nio-8080-exec-4] DEBUG o.s.orm.jpa.JpaTransactionManager - Exposing JPA transaction as JDBC [org.springframework.orm.jpa.vendor.HibernateJpaDialect$HibernateConnectionHandle@774a4771]
2026-03-16 17:00:58 [http-nio-8080-exec-4] DEBUG org.hibernate.SQL - select m1_0.menu_no,m1_0.menu_dc,m1_0.menu_nm,m1_0.menu_ordr,m1_0.modern_route,m1_0.progrm_file_nm,m1_0.relate_image_nm,m1_0.relate_image_path,m1_0.route_updated_at,m1_0.upper_menu_no from nmenuinfo m1_0 order by m1_0.upper_menu_no,m1_0.menu_ordr
2026-03-16 17:00:58 [http-nio-8080-exec-4] DEBUG o.s.orm.jpa.JpaTransactionManager - Found thread-bound EntityManager [SessionImpl(559678824<open>)] for JPA transaction
2026-03-16 17:00:58 [http-nio-8080-exec-4] DEBUG o.s.orm.jpa.JpaTransactionManager - Participating in existing transaction
2026-03-16 17:00:58 [http-nio-8080-exec-4] DEBUG org.hibernate.SQL - select p1_0.progrm_file_nm,p1_0.progrm_dc,p1_0.progrm_korean_nm,p1_0.progrm_stre_path,p1_0.url from nprogrmlist p1_0
2026-03-16 17:00:58 [http-nio-8080-exec-4] DEBUG o.s.orm.jpa.JpaTransactionManager - Initiating transaction commit
2026-03-16 17:00:58 [http-nio-8080-exec-4] DEBUG o.s.orm.jpa.JpaTransactionManager - Committing JPA transaction on EntityManager [SessionImpl(559678824<open>)]
2026-03-16 17:00:58 [http-nio-8080-exec-4] DEBUG o.s.orm.jpa.JpaTransactionManager - Closing JPA EntityManager [SessionImpl(559678824<open>)] after transaction
2026-03-16 17:00:58 [http-nio-8080-exec-4] INFO  c.c.p.a.c.menu.MenuController - getLeftMenu returned 3 items
2026-03-16 17:00:58 [http-nio-8080-exec-4] DEBUG o.s.w.s.m.m.a.HttpEntityMethodProcessor - Using 'application/json', given [application/json, text/plain, */*] and supported [application/json, application/*+json, application/yaml]
2026-03-16 17:00:58 [http-nio-8080-exec-4] TRACE o.s.w.s.m.m.a.HttpEntityMethodProcessor - Writing [ApiResponse[success=true, status=200, code=COMMON_001, message=Success, data={list=[com.company.project.service.menu.dto.MenuDto@53a3e158, com.company.project.service.menu.dto.MenuDto@72ca3a45, com.company.project.service.menu.dto.MenuDto@3417a863]}, timestamp=2026-03-16T17:00:58.989503100]]
2026-03-16 17:00:58 [http-nio-8080-exec-4] INFO  c.c.p.a.i.OperationalAuditInterceptor - API Audit Log: URL=/api/v1/menu/left, User=webmaster, IP=127.0.0.1
2026-03-16 17:00:58 [http-nio-8080-exec-4] DEBUG o.s.web.servlet.DispatcherServlet - Completed 200 OK
2026-03-16 17:00:58 [http-nio-8080-exec-16] DEBUG c.c.p.s.jwt.JwtAuthenticationFilter - >>> [JwtFilter] Processing request: GET /api/v1/menu/left
2026-03-16 17:00:58 [http-nio-8080-exec-16] DEBUG c.c.p.s.jwt.JwtAuthenticationFilter - >>> [JwtFilter] Found token in header for path: /api/v1/menu/left
2026-03-16 17:00:58 [http-nio-8080-exec-16] DEBUG o.s.orm.jpa.JpaTransactionManager - Creating new transaction with name [com.company.project.security.iam.CustomUserDetailsService.loadUserByUsername]: PROPAGATION_REQUIRED,ISOLATION_DEFAULT,readOnly
2026-03-16 17:00:58 [http-nio-8080-exec-16] DEBUG o.s.orm.jpa.JpaTransactionManager - Opened new EntityManager [SessionImpl(888888395<open>)] for JPA transaction
2026-03-16 17:00:59 [http-nio-8080-exec-16] DEBUG o.s.orm.jpa.JpaTransactionManager - Exposing JPA transaction as JDBC [org.springframework.orm.jpa.vendor.HibernateJpaDialect$HibernateConnectionHandle@66a9b74]
2026-03-16 17:00:59 [http-nio-8080-exec-16] DEBUG o.s.orm.jpa.JpaTransactionManager - Found thread-bound EntityManager [SessionImpl(888888395<open>)] for JPA transaction
2026-03-16 17:00:59 [http-nio-8080-exec-16] DEBUG o.s.orm.jpa.JpaTransactionManager - Participating in existing transaction
2026-03-16 17:00:59 [http-nio-8080-exec-16] DEBUG org.hibernate.SQL - select u1_0.emplyr_id,u1_0.area_no,u1_0.brthdy,u1_0.chg_pwd_cnt,u1_0.frst_register_id,u1_0.frst_regist_pnttm,u1_0.detail_adres,u1_0.email_adres,u1_0.emplyr_sttus_code,u1_0.empl_no,u1_0.esntl_id,u1_0.fxnum,u1_0.group_id,u1_0.house_adres,u1_0.house_end_telno,u1_0.house_middle_telno,u1_0.ihidnum,u1_0.pstinst_code,u1_0.last_updusr_id,u1_0.last_updt_pnttm,u1_0.lock_at,u1_0.lock_cnt,u1_0.lock_last_pnttm,u1_0.mbtlnum,u1_0.ofcps_nm,u1_0.offm_telno,u1_0.orgnzt_id,u1_0.password,u1_0.password_cnsr,u1_0.password_hint,u1_0.chg_pwd_last_pnttm,u1_0.role,u1_0.sbscrb_de,u1_0.sexdstn_code,u1_0.crtfc_dn_value,u1_0.user_nm,u1_0.zip from nemplyrinfo u1_0 where u1_0.emplyr_id=?
2026-03-16 17:00:59 [http-nio-8080-exec-16] DEBUG o.s.orm.jpa.JpaTransactionManager - Found thread-bound EntityManager [SessionImpl(888888395<open>)] for JPA transaction
2026-03-16 17:00:59 [http-nio-8080-exec-16] DEBUG o.s.orm.jpa.JpaTransactionManager - Participating in existing transaction
2026-03-16 17:00:59 [http-nio-8080-exec-16] DEBUG org.hibernate.SQL - select ua1_0.scrty_dtrmn_trget_id,ua1_0.author_code,ua1_0.frst_register_id,ua1_0.frst_regist_pnttm,ua1_0.last_updusr_id,ua1_0.last_updt_pnttm,ua1_0.mber_ty_code from nemplyrscrtyestbs ua1_0 where ua1_0.scrty_dtrmn_trget_id=?
2026-03-16 17:00:59 [http-nio-8080-exec-16] DEBUG o.s.orm.jpa.JpaTransactionManager - Initiating transaction commit
2026-03-16 17:00:59 [http-nio-8080-exec-16] DEBUG o.s.orm.jpa.JpaTransactionManager - Committing JPA transaction on EntityManager [SessionImpl(888888395<open>)]
2026-03-16 17:00:59 [http-nio-8080-exec-16] DEBUG o.s.orm.jpa.JpaTransactionManager - Closing JPA EntityManager [SessionImpl(888888395<open>)] after transaction
2026-03-16 17:00:59 [http-nio-8080-exec-16] DEBUG c.c.p.s.jwt.JwtAuthenticationFilter - >>> [JwtFilter] Successfully authenticated user: USRCNFRM_99999999999, Authorities: [ROLE_ADMIN]
2026-03-16 17:00:59 [http-nio-8080-exec-16] DEBUG o.s.web.servlet.DispatcherServlet - GET "/api/v1/menu/left?menuNo=60", parameters={masked}
2026-03-16 17:00:59 [http-nio-8080-exec-16] TRACE o.s.w.s.m.m.a.RequestMappingHandlerMapping - Mapped to com.company.project.api.controller.menu.MenuController#getLeftMenu(Long)
2026-03-16 17:00:59 [http-nio-8080-exec-16] INFO  c.c.p.a.c.menu.MenuController - getLeftMenu called with menuNo=60
2026-03-16 17:00:59 [http-nio-8080-exec-16] DEBUG o.s.orm.jpa.JpaTransactionManager - Creating new transaction with name [com.company.project.service.menu.MenuService.getSubMenus]: PROPAGATION_REQUIRED,ISOLATION_DEFAULT,readOnly
2026-03-16 17:00:59 [http-nio-8080-exec-16] DEBUG o.s.orm.jpa.JpaTransactionManager - Opened new EntityManager [SessionImpl(1371310558<open>)] for JPA transaction
2026-03-16 17:00:59 [http-nio-8080-exec-16] DEBUG o.s.orm.jpa.JpaTransactionManager - Exposing JPA transaction as JDBC [org.springframework.orm.jpa.vendor.HibernateJpaDialect$HibernateConnectionHandle@736be7b]
2026-03-16 17:00:59 [http-nio-8080-exec-16] DEBUG org.hibernate.SQL - select m1_0.menu_no,m1_0.menu_dc,m1_0.menu_nm,m1_0.menu_ordr,m1_0.modern_route,m1_0.progrm_file_nm,m1_0.relate_image_nm,m1_0.relate_image_path,m1_0.route_updated_at,m1_0.upper_menu_no from nmenuinfo m1_0 order by m1_0.upper_menu_no,m1_0.menu_ordr
2026-03-16 17:01:00 [http-nio-8080-exec-16] DEBUG o.s.orm.jpa.JpaTransactionManager - Found thread-bound EntityManager [SessionImpl(1371310558<open>)] for JPA transaction
2026-03-16 17:01:00 [http-nio-8080-exec-16] DEBUG o.s.orm.jpa.JpaTransactionManager - Participating in existing transaction
2026-03-16 17:01:00 [http-nio-8080-exec-16] DEBUG org.hibernate.SQL - select p1_0.progrm_file_nm,p1_0.progrm_dc,p1_0.progrm_korean_nm,p1_0.progrm_stre_path,p1_0.url from nprogrmlist p1_0
2026-03-16 17:01:00 [http-nio-8080-exec-16] DEBUG o.s.orm.jpa.JpaTransactionManager - Initiating transaction commit
2026-03-16 17:01:00 [http-nio-8080-exec-16] DEBUG o.s.orm.jpa.JpaTransactionManager - Committing JPA transaction on EntityManager [SessionImpl(1371310558<open>)]
2026-03-16 17:01:00 [http-nio-8080-exec-16] DEBUG o.s.orm.jpa.JpaTransactionManager - Closing JPA EntityManager [SessionImpl(1371310558<open>)] after transaction
2026-03-16 17:01:00 [http-nio-8080-exec-16] INFO  c.c.p.a.c.menu.MenuController - getLeftMenu returned 1 items
2026-03-16 17:01:00 [http-nio-8080-exec-16] DEBUG o.s.w.s.m.m.a.HttpEntityMethodProcessor - Using 'application/json', given [application/json, text/plain, */*] and supported [application/json, application/*+json, application/yaml]
2026-03-16 17:01:00 [http-nio-8080-exec-16] TRACE o.s.w.s.m.m.a.HttpEntityMethodProcessor - Writing [ApiResponse[success=true, status=200, code=COMMON_001, message=Success, data={list=[com.company.project.service.menu.dto.MenuDto@508da5cb]}, timestamp=2026-03-16T17:01:00.412267800]]
2026-03-16 17:01:00 [http-nio-8080-exec-16] INFO  c.c.p.a.i.OperationalAuditInterceptor - API Audit Log: URL=/api/v1/menu/left, User=webmaster, IP=127.0.0.1
2026-03-16 17:01:00 [http-nio-8080-exec-16] DEBUG o.s.web.servlet.DispatcherServlet - Completed 200 OK
2026-03-16 17:01:00 [http-nio-8080-exec-17] DEBUG o.s.w.s.h.LoggingWebSocketHandlerDecorator - WebSocketServerSockJsSession[id=42kwvw3g] closed with CloseStatus[code=1001, reason=null]
2026-03-16 17:01:00 [http-nio-8080-exec-17] DEBUG o.s.w.s.m.SubProtocolWebSocketHandler - Clearing session 42kwvw3g
2026-03-16 17:01:00 [scheduling-1] DEBUG org.springframework.web.SimpLogging - Processing DISCONNECT session=42kwvw3g
2026-03-16 17:01:00 [scheduling-1] DEBUG o.s.w.s.m.SubProtocolWebSocketHandler - No session for GenericMessage [payload=byte[0], headers={simpMessageType=DISCONNECT_ACK, simpDisconnectMessage=GenericMessage [payload=byte[0], headers={simpMessageType=DISCONNECT, stompCommand=DISCONNECT, simpSessionAttributes={org.springframework.messaging.simp.SimpAttributes.COMPLETED=true}, simpSessionId=42kwvw3g}], simpSessionId=42kwvw3g}]
2026-03-16 17:01:01 [http-nio-8080-exec-11] DEBUG c.c.p.s.jwt.JwtAuthenticationFilter - >>> [JwtFilter] Processing request: GET /api/v1/dashboard
2026-03-16 17:01:01 [http-nio-8080-exec-15] DEBUG c.c.p.s.jwt.JwtAuthenticationFilter - >>> [JwtFilter] Processing request: GET /api/v1/menu/head
2026-03-16 17:01:01 [http-nio-8080-exec-11] DEBUG c.c.p.s.jwt.JwtAuthenticationFilter - >>> [JwtFilter] Found token in header for path: /api/v1/dashboard
2026-03-16 17:01:01 [http-nio-8080-exec-15] DEBUG c.c.p.s.jwt.JwtAuthenticationFilter - >>> [JwtFilter] Found token in header for path: /api/v1/menu/head
2026-03-16 17:01:01 [http-nio-8080-exec-11] DEBUG o.s.orm.jpa.JpaTransactionManager - Creating new transaction with name [com.company.project.security.iam.CustomUserDetailsService.loadUserByUsername]: PROPAGATION_REQUIRED,ISOLATION_DEFAULT,readOnly
2026-03-16 17:01:01 [http-nio-8080-exec-11] DEBUG o.s.orm.jpa.JpaTransactionManager - Opened new EntityManager [SessionImpl(1797528188<open>)] for JPA transaction
2026-03-16 17:01:01 [http-nio-8080-exec-15] DEBUG o.s.orm.jpa.JpaTransactionManager - Creating new transaction with name [com.company.project.security.iam.CustomUserDetailsService.loadUserByUsername]: PROPAGATION_REQUIRED,ISOLATION_DEFAULT,readOnly
2026-03-16 17:01:01 [http-nio-8080-exec-15] DEBUG o.s.orm.jpa.JpaTransactionManager - Opened new EntityManager [SessionImpl(81008879<open>)] for JPA transaction
2026-03-16 17:01:01 [http-nio-8080-exec-11] DEBUG o.s.orm.jpa.JpaTransactionManager - Exposing JPA transaction as JDBC [org.springframework.orm.jpa.vendor.HibernateJpaDialect$HibernateConnectionHandle@3fda0edc]
2026-03-16 17:01:01 [http-nio-8080-exec-11] DEBUG o.s.orm.jpa.JpaTransactionManager - Found thread-bound EntityManager [SessionImpl(1797528188<open>)] for JPA transaction
2026-03-16 17:01:01 [http-nio-8080-exec-11] DEBUG o.s.orm.jpa.JpaTransactionManager - Participating in existing transaction
2026-03-16 17:01:01 [http-nio-8080-exec-11] DEBUG org.hibernate.SQL - select u1_0.emplyr_id,u1_0.area_no,u1_0.brthdy,u1_0.chg_pwd_cnt,u1_0.frst_register_id,u1_0.frst_regist_pnttm,u1_0.detail_adres,u1_0.email_adres,u1_0.emplyr_sttus_code,u1_0.empl_no,u1_0.esntl_id,u1_0.fxnum,u1_0.group_id,u1_0.house_adres,u1_0.house_end_telno,u1_0.house_middle_telno,u1_0.ihidnum,u1_0.pstinst_code,u1_0.last_updusr_id,u1_0.last_updt_pnttm,u1_0.lock_at,u1_0.lock_cnt,u1_0.lock_last_pnttm,u1_0.mbtlnum,u1_0.ofcps_nm,u1_0.offm_telno,u1_0.orgnzt_id,u1_0.password,u1_0.password_cnsr,u1_0.password_hint,u1_0.chg_pwd_last_pnttm,u1_0.role,u1_0.sbscrb_de,u1_0.sexdstn_code,u1_0.crtfc_dn_value,u1_0.user_nm,u1_0.zip from nemplyrinfo u1_0 where u1_0.emplyr_id=?
2026-03-16 17:01:01 [http-nio-8080-exec-15] DEBUG o.s.orm.jpa.JpaTransactionManager - Exposing JPA transaction as JDBC [org.springframework.orm.jpa.vendor.HibernateJpaDialect$HibernateConnectionHandle@440701a8]
2026-03-16 17:01:01 [http-nio-8080-exec-15] DEBUG o.s.orm.jpa.JpaTransactionManager - Found thread-bound EntityManager [SessionImpl(81008879<open>)] for JPA transaction
2026-03-16 17:01:01 [http-nio-8080-exec-15] DEBUG o.s.orm.jpa.JpaTransactionManager - Participating in existing transaction
2026-03-16 17:01:01 [http-nio-8080-exec-15] DEBUG org.hibernate.SQL - select u1_0.emplyr_id,u1_0.area_no,u1_0.brthdy,u1_0.chg_pwd_cnt,u1_0.frst_register_id,u1_0.frst_regist_pnttm,u1_0.detail_adres,u1_0.email_adres,u1_0.emplyr_sttus_code,u1_0.empl_no,u1_0.esntl_id,u1_0.fxnum,u1_0.group_id,u1_0.house_adres,u1_0.house_end_telno,u1_0.house_middle_telno,u1_0.ihidnum,u1_0.pstinst_code,u1_0.last_updusr_id,u1_0.last_updt_pnttm,u1_0.lock_at,u1_0.lock_cnt,u1_0.lock_last_pnttm,u1_0.mbtlnum,u1_0.ofcps_nm,u1_0.offm_telno,u1_0.orgnzt_id,u1_0.password,u1_0.password_cnsr,u1_0.password_hint,u1_0.chg_pwd_last_pnttm,u1_0.role,u1_0.sbscrb_de,u1_0.sexdstn_code,u1_0.crtfc_dn_value,u1_0.user_nm,u1_0.zip from nemplyrinfo u1_0 where u1_0.emplyr_id=?
2026-03-16 17:01:01 [http-nio-8080-exec-11] DEBUG o.s.orm.jpa.JpaTransactionManager - Found thread-bound EntityManager [SessionImpl(1797528188<open>)] for JPA transaction
2026-03-16 17:01:01 [http-nio-8080-exec-11] DEBUG o.s.orm.jpa.JpaTransactionManager - Participating in existing transaction
2026-03-16 17:01:01 [http-nio-8080-exec-11] DEBUG org.hibernate.SQL - select ua1_0.scrty_dtrmn_trget_id,ua1_0.author_code,ua1_0.frst_register_id,ua1_0.frst_regist_pnttm,ua1_0.last_updusr_id,ua1_0.last_updt_pnttm,ua1_0.mber_ty_code from nemplyrscrtyestbs ua1_0 where ua1_0.scrty_dtrmn_trget_id=?
2026-03-16 17:01:01 [http-nio-8080-exec-15] DEBUG o.s.orm.jpa.JpaTransactionManager - Found thread-bound EntityManager [SessionImpl(81008879<open>)] for JPA transaction
2026-03-16 17:01:01 [http-nio-8080-exec-15] DEBUG o.s.orm.jpa.JpaTransactionManager - Participating in existing transaction
2026-03-16 17:01:01 [http-nio-8080-exec-15] DEBUG org.hibernate.SQL - select ua1_0.scrty_dtrmn_trget_id,ua1_0.author_code,ua1_0.frst_register_id,ua1_0.frst_regist_pnttm,ua1_0.last_updusr_id,ua1_0.last_updt_pnttm,ua1_0.mber_ty_code from nemplyrscrtyestbs ua1_0 where ua1_0.scrty_dtrmn_trget_id=?
2026-03-16 17:01:01 [http-nio-8080-exec-11] DEBUG o.s.orm.jpa.JpaTransactionManager - Initiating transaction commit
2026-03-16 17:01:01 [http-nio-8080-exec-11] DEBUG o.s.orm.jpa.JpaTransactionManager - Committing JPA transaction on EntityManager [SessionImpl(1797528188<open>)]
2026-03-16 17:01:01 [http-nio-8080-exec-15] DEBUG o.s.orm.jpa.JpaTransactionManager - Initiating transaction commit
2026-03-16 17:01:01 [http-nio-8080-exec-15] DEBUG o.s.orm.jpa.JpaTransactionManager - Committing JPA transaction on EntityManager [SessionImpl(81008879<open>)]
2026-03-16 17:01:01 [http-nio-8080-exec-11] DEBUG o.s.orm.jpa.JpaTransactionManager - Closing JPA EntityManager [SessionImpl(1797528188<open>)] after transaction
2026-03-16 17:01:01 [http-nio-8080-exec-11] DEBUG c.c.p.s.jwt.JwtAuthenticationFilter - >>> [JwtFilter] Successfully authenticated user: USRCNFRM_99999999999, Authorities: [ROLE_ADMIN]
2026-03-16 17:01:01 [http-nio-8080-exec-11] DEBUG o.s.web.servlet.DispatcherServlet - GET "/api/v1/dashboard", parameters={}
2026-03-16 17:01:01 [http-nio-8080-exec-11] TRACE o.s.w.s.m.m.a.RequestMappingHandlerMapping - Mapped to com.company.project.api.controller.main.DashboardController#getDashboardData(UserDetails)
2026-03-16 17:01:01 [http-nio-8080-exec-11] INFO  c.c.p.a.c.main.DashboardController - >>> [Dashboard] Fetching data for user: USRCNFRM_99999999999
2026-03-16 17:01:01 [http-nio-8080-exec-11] DEBUG o.s.orm.jpa.JpaTransactionManager - Creating new transaction with name [com.company.project.service.board.BoardService.getBoardPosts]: PROPAGATION_REQUIRED,ISOLATION_DEFAULT,readOnly
2026-03-16 17:01:01 [http-nio-8080-exec-11] DEBUG o.s.orm.jpa.JpaTransactionManager - Opened new EntityManager [SessionImpl(1675571288<open>)] for JPA transaction
2026-03-16 17:01:01 [http-nio-8080-exec-11] DEBUG o.s.orm.jpa.JpaTransactionManager - Exposing JPA transaction as JDBC [org.springframework.orm.jpa.vendor.HibernateJpaDialect$HibernateConnectionHandle@79103a9d]
2026-03-16 17:01:01 [http-nio-8080-exec-11] DEBUG o.s.orm.jpa.JpaTransactionManager - Found thread-bound EntityManager [SessionImpl(1675571288<open>)] for JPA transaction
2026-03-16 17:01:01 [http-nio-8080-exec-11] DEBUG o.s.orm.jpa.JpaTransactionManager - Participating in existing transaction
2026-03-16 17:01:01 [http-nio-8080-exec-11] DEBUG org.hibernate.SQL - select bm1_0.bbs_id,bm1_0.atch_posbl_file_number,bm1_0.atch_posbl_file_size,bm1_0.bbs_attrb_code,bm1_0.bbs_intrcn,bm1_0.bbs_nm,bm1_0.bbs_ty_code,bm1_0.blog_at,bm1_0.blog_id,bm1_0.cmmnty_id,bm1_0.frst_register_id,bm1_0.frst_regist_pnttm,bm1_0.file_atch_posbl_at,bm1_0.last_updusr_id,bm1_0.last_updt_pnttm,bm1_0.reply_posbl_at,bm1_0.tmplat_id,bm1_0.use_at,bm1_1.answer_at,bm1_1.stsfdg_at from nbbsmaster bm1_0 left join nbbsmasteroptn bm1_1 on bm1_0.bbs_id=bm1_1.bbs_id where bm1_0.bbs_id=?
2026-03-16 17:01:01 [http-nio-8080-exec-15] DEBUG o.s.orm.jpa.JpaTransactionManager - Closing JPA EntityManager [SessionImpl(81008879<open>)] after transaction
2026-03-16 17:01:01 [http-nio-8080-exec-15] DEBUG c.c.p.s.jwt.JwtAuthenticationFilter - >>> [JwtFilter] Successfully authenticated user: USRCNFRM_99999999999, Authorities: [ROLE_ADMIN]
2026-03-16 17:01:01 [http-nio-8080-exec-15] DEBUG o.s.web.servlet.DispatcherServlet - GET "/api/v1/menu/head", parameters={}
2026-03-16 17:01:01 [http-nio-8080-exec-15] TRACE o.s.w.s.m.m.a.RequestMappingHandlerMapping - Mapped to com.company.project.api.controller.menu.MenuController#getHeadMenu()
2026-03-16 17:01:01 [http-nio-8080-exec-15] INFO  c.c.p.a.c.menu.MenuController - getHeadMenu called
2026-03-16 17:01:01 [http-nio-8080-exec-15] INFO  c.c.p.a.c.menu.MenuController - getHeadMenu returned 5 items
2026-03-16 17:01:01 [http-nio-8080-exec-15] DEBUG o.s.w.s.m.m.a.HttpEntityMethodProcessor - Using 'application/json', given [application/json, text/plain, */*] and supported [application/json, application/*+json, application/yaml]
2026-03-16 17:01:01 [http-nio-8080-exec-15] TRACE o.s.w.s.m.m.a.HttpEntityMethodProcessor - Writing [ApiResponse[success=true, status=200, code=COMMON_001, message=Success, data={list=[com.company.project.service.menu.dto.MenuDto@2b80d6b0, com.company.project.service.menu.dto.MenuDto@1418cfa3, com.company.project.service.menu.dto.MenuDto@f230bf1, com.company.project.service.menu.dto.MenuDto@734a7f6a, com.company.project.service.menu.dto.MenuDto@5e5202e5]}, timestamp=2026-03-16T17:01:01.824473300]]
2026-03-16 17:01:01 [http-nio-8080-exec-15] INFO  c.c.p.a.i.OperationalAuditInterceptor - API Audit Log: URL=/api/v1/menu/head, User=webmaster, IP=0:0:0:0:0:0:0:1
2026-03-16 17:01:01 [http-nio-8080-exec-15] DEBUG o.s.web.servlet.DispatcherServlet - Completed 200 OK
2026-03-16 17:01:01 [http-nio-8080-exec-1] DEBUG c.c.p.s.jwt.JwtAuthenticationFilter - >>> [JwtFilter] Processing request: GET /api/v1/menu/left
2026-03-16 17:01:01 [http-nio-8080-exec-1] DEBUG c.c.p.s.jwt.JwtAuthenticationFilter - >>> [JwtFilter] Found token in header for path: /api/v1/menu/left
2026-03-16 17:01:01 [http-nio-8080-exec-1] DEBUG o.s.orm.jpa.JpaTransactionManager - Creating new transaction with name [com.company.project.security.iam.CustomUserDetailsService.loadUserByUsername]: PROPAGATION_REQUIRED,ISOLATION_DEFAULT,readOnly
2026-03-16 17:01:01 [http-nio-8080-exec-1] DEBUG o.s.orm.jpa.JpaTransactionManager - Opened new EntityManager [SessionImpl(1359314758<open>)] for JPA transaction
2026-03-16 17:01:01 [http-nio-8080-exec-8] DEBUG c.c.p.s.jwt.JwtAuthenticationFilter - >>> [JwtFilter] Processing request: GET /api/v1/menu/left
2026-03-16 17:01:01 [http-nio-8080-exec-3] DEBUG c.c.p.s.jwt.JwtAuthenticationFilter - >>> [JwtFilter] Processing request: GET /api/v1/menu/left
2026-03-16 17:01:01 [http-nio-8080-exec-7] DEBUG c.c.p.s.jwt.JwtAuthenticationFilter - >>> [JwtFilter] Processing request: GET /api/v1/menu/left
2026-03-16 17:01:01 [http-nio-8080-exec-8] DEBUG c.c.p.s.jwt.JwtAuthenticationFilter - >>> [JwtFilter] Found token in header for path: /api/v1/menu/left
2026-03-16 17:01:01 [http-nio-8080-exec-10] DEBUG c.c.p.s.jwt.JwtAuthenticationFilter - >>> [JwtFilter] Processing request: GET /api/v1/menu/left
2026-03-16 17:01:01 [http-nio-8080-exec-3] DEBUG c.c.p.s.jwt.JwtAuthenticationFilter - >>> [JwtFilter] Found token in header for path: /api/v1/menu/left
2026-03-16 17:01:01 [http-nio-8080-exec-10] DEBUG c.c.p.s.jwt.JwtAuthenticationFilter - >>> [JwtFilter] Found token in header for path: /api/v1/menu/left
2026-03-16 17:01:01 [http-nio-8080-exec-7] DEBUG c.c.p.s.jwt.JwtAuthenticationFilter - >>> [JwtFilter] Found token in header for path: /api/v1/menu/left
2026-03-16 17:01:01 [http-nio-8080-exec-7] DEBUG o.s.orm.jpa.JpaTransactionManager - Creating new transaction with name [com.company.project.security.iam.CustomUserDetailsService.loadUserByUsername]: PROPAGATION_REQUIRED,ISOLATION_DEFAULT,readOnly
2026-03-16 17:01:01 [http-nio-8080-exec-8] DEBUG o.s.orm.jpa.JpaTransactionManager - Creating new transaction with name [com.company.project.security.iam.CustomUserDetailsService.loadUserByUsername]: PROPAGATION_REQUIRED,ISOLATION_DEFAULT,readOnly
2026-03-16 17:01:01 [http-nio-8080-exec-3] DEBUG o.s.orm.jpa.JpaTransactionManager - Creating new transaction with name [com.company.project.security.iam.CustomUserDetailsService.loadUserByUsername]: PROPAGATION_REQUIRED,ISOLATION_DEFAULT,readOnly
2026-03-16 17:01:01 [http-nio-8080-exec-10] DEBUG o.s.orm.jpa.JpaTransactionManager - Creating new transaction with name [com.company.project.security.iam.CustomUserDetailsService.loadUserByUsername]: PROPAGATION_REQUIRED,ISOLATION_DEFAULT,readOnly
2026-03-16 17:01:01 [http-nio-8080-exec-7] DEBUG o.s.orm.jpa.JpaTransactionManager - Opened new EntityManager [SessionImpl(1687886126<open>)] for JPA transaction
2026-03-16 17:01:01 [http-nio-8080-exec-8] DEBUG o.s.orm.jpa.JpaTransactionManager - Opened new EntityManager [SessionImpl(1797203468<open>)] for JPA transaction
2026-03-16 17:01:01 [http-nio-8080-exec-10] DEBUG o.s.orm.jpa.JpaTransactionManager - Opened new EntityManager [SessionImpl(1014655302<open>)] for JPA transaction
2026-03-16 17:01:01 [http-nio-8080-exec-3] DEBUG o.s.orm.jpa.JpaTransactionManager - Opened new EntityManager [SessionImpl(1459274861<open>)] for JPA transaction
2026-03-16 17:01:01 [http-nio-8080-exec-7] DEBUG o.s.orm.jpa.JpaTransactionManager - Exposing JPA transaction as JDBC [org.springframework.orm.jpa.vendor.HibernateJpaDialect$HibernateConnectionHandle@4b95d5f8]
2026-03-16 17:01:01 [http-nio-8080-exec-7] DEBUG o.s.orm.jpa.JpaTransactionManager - Found thread-bound EntityManager [SessionImpl(1687886126<open>)] for JPA transaction
2026-03-16 17:01:01 [http-nio-8080-exec-7] DEBUG o.s.orm.jpa.JpaTransactionManager - Participating in existing transaction
2026-03-16 17:01:01 [http-nio-8080-exec-7] DEBUG org.hibernate.SQL - select u1_0.emplyr_id,u1_0.area_no,u1_0.brthdy,u1_0.chg_pwd_cnt,u1_0.frst_register_id,u1_0.frst_regist_pnttm,u1_0.detail_adres,u1_0.email_adres,u1_0.emplyr_sttus_code,u1_0.empl_no,u1_0.esntl_id,u1_0.fxnum,u1_0.group_id,u1_0.house_adres,u1_0.house_end_telno,u1_0.house_middle_telno,u1_0.ihidnum,u1_0.pstinst_code,u1_0.last_updusr_id,u1_0.last_updt_pnttm,u1_0.lock_at,u1_0.lock_cnt,u1_0.lock_last_pnttm,u1_0.mbtlnum,u1_0.ofcps_nm,u1_0.offm_telno,u1_0.orgnzt_id,u1_0.password,u1_0.password_cnsr,u1_0.password_hint,u1_0.chg_pwd_last_pnttm,u1_0.role,u1_0.sbscrb_de,u1_0.sexdstn_code,u1_0.crtfc_dn_value,u1_0.user_nm,u1_0.zip from nemplyrinfo u1_0 where u1_0.emplyr_id=?
2026-03-16 17:01:01 [http-nio-8080-exec-11] DEBUG org.hibernate.SQL - select b1_0.ntt_id,b1_0.bbs_id,b1_0.ntt_sj,b1_0.ntcr_nm,b1_0.frst_regist_pnttm,b1_0.rdcnt,b1_0.answer_at,b1_0.parntsctt_no,b1_0.answer_lc,b1_0.sort_ordr,b1_0.ntt_no,b1_0.notice_at,b1_0.secret_at,b1_0.comment_co from nbbs b1_0 left join nemplyrinfo u1_0 on b1_0.frst_register_id=u1_0.esntl_id where (b1_0.use_at = 'Y') and b1_0.bbs_id=? order by b1_0.sort_ordr desc,b1_0.ntt_no offset ? rows fetch first ? rows only
2026-03-16 17:01:01 [http-nio-8080-exec-8] DEBUG o.s.orm.jpa.JpaTransactionManager - Exposing JPA transaction as JDBC [org.springframework.orm.jpa.vendor.HibernateJpaDialect$HibernateConnectionHandle@2d1063fb]
2026-03-16 17:01:01 [http-nio-8080-exec-1] DEBUG o.s.orm.jpa.JpaTransactionManager - Exposing JPA transaction as JDBC [org.springframework.orm.jpa.vendor.HibernateJpaDialect$HibernateConnectionHandle@9384a9]
2026-03-16 17:01:01 [http-nio-8080-exec-10] DEBUG o.s.orm.jpa.JpaTransactionManager - Exposing JPA transaction as JDBC [org.springframework.orm.jpa.vendor.HibernateJpaDialect$HibernateConnectionHandle@afbd522]
2026-03-16 17:01:01 [http-nio-8080-exec-8] DEBUG o.s.orm.jpa.JpaTransactionManager - Found thread-bound EntityManager [SessionImpl(1797203468<open>)] for JPA transaction
2026-03-16 17:01:01 [http-nio-8080-exec-1] DEBUG o.s.orm.jpa.JpaTransactionManager - Found thread-bound EntityManager [SessionImpl(1359314758<open>)] for JPA transaction
2026-03-16 17:01:01 [http-nio-8080-exec-10] DEBUG o.s.orm.jpa.JpaTransactionManager - Found thread-bound EntityManager [SessionImpl(1014655302<open>)] for JPA transaction
2026-03-16 17:01:01 [http-nio-8080-exec-8] DEBUG o.s.orm.jpa.JpaTransactionManager - Participating in existing transaction
2026-03-16 17:01:01 [http-nio-8080-exec-1] DEBUG o.s.orm.jpa.JpaTransactionManager - Participating in existing transaction
2026-03-16 17:01:01 [http-nio-8080-exec-10] DEBUG o.s.orm.jpa.JpaTransactionManager - Participating in existing transaction
2026-03-16 17:01:01 [http-nio-8080-exec-8] DEBUG org.hibernate.SQL - select u1_0.emplyr_id,u1_0.area_no,u1_0.brthdy,u1_0.chg_pwd_cnt,u1_0.frst_register_id,u1_0.frst_regist_pnttm,u1_0.detail_adres,u1_0.email_adres,u1_0.emplyr_sttus_code,u1_0.empl_no,u1_0.esntl_id,u1_0.fxnum,u1_0.group_id,u1_0.house_adres,u1_0.house_end_telno,u1_0.house_middle_telno,u1_0.ihidnum,u1_0.pstinst_code,u1_0.last_updusr_id,u1_0.last_updt_pnttm,u1_0.lock_at,u1_0.lock_cnt,u1_0.lock_last_pnttm,u1_0.mbtlnum,u1_0.ofcps_nm,u1_0.offm_telno,u1_0.orgnzt_id,u1_0.password,u1_0.password_cnsr,u1_0.password_hint,u1_0.chg_pwd_last_pnttm,u1_0.role,u1_0.sbscrb_de,u1_0.sexdstn_code,u1_0.crtfc_dn_value,u1_0.user_nm,u1_0.zip from nemplyrinfo u1_0 where u1_0.emplyr_id=?
2026-03-16 17:01:01 [http-nio-8080-exec-1] DEBUG org.hibernate.SQL - select u1_0.emplyr_id,u1_0.area_no,u1_0.brthdy,u1_0.chg_pwd_cnt,u1_0.frst_register_id,u1_0.frst_regist_pnttm,u1_0.detail_adres,u1_0.email_adres,u1_0.emplyr_sttus_code,u1_0.empl_no,u1_0.esntl_id,u1_0.fxnum,u1_0.group_id,u1_0.house_adres,u1_0.house_end_telno,u1_0.house_middle_telno,u1_0.ihidnum,u1_0.pstinst_code,u1_0.last_updusr_id,u1_0.last_updt_pnttm,u1_0.lock_at,u1_0.lock_cnt,u1_0.lock_last_pnttm,u1_0.mbtlnum,u1_0.ofcps_nm,u1_0.offm_telno,u1_0.orgnzt_id,u1_0.password,u1_0.password_cnsr,u1_0.password_hint,u1_0.chg_pwd_last_pnttm,u1_0.role,u1_0.sbscrb_de,u1_0.sexdstn_code,u1_0.crtfc_dn_value,u1_0.user_nm,u1_0.zip from nemplyrinfo u1_0 where u1_0.emplyr_id=?
2026-03-16 17:01:01 [http-nio-8080-exec-10] DEBUG org.hibernate.SQL - select u1_0.emplyr_id,u1_0.area_no,u1_0.brthdy,u1_0.chg_pwd_cnt,u1_0.frst_register_id,u1_0.frst_regist_pnttm,u1_0.detail_adres,u1_0.email_adres,u1_0.emplyr_sttus_code,u1_0.empl_no,u1_0.esntl_id,u1_0.fxnum,u1_0.group_id,u1_0.house_adres,u1_0.house_end_telno,u1_0.house_middle_telno,u1_0.ihidnum,u1_0.pstinst_code,u1_0.last_updusr_id,u1_0.last_updt_pnttm,u1_0.lock_at,u1_0.lock_cnt,u1_0.lock_last_pnttm,u1_0.mbtlnum,u1_0.ofcps_nm,u1_0.offm_telno,u1_0.orgnzt_id,u1_0.password,u1_0.password_cnsr,u1_0.password_hint,u1_0.chg_pwd_last_pnttm,u1_0.role,u1_0.sbscrb_de,u1_0.sexdstn_code,u1_0.crtfc_dn_value,u1_0.user_nm,u1_0.zip from nemplyrinfo u1_0 where u1_0.emplyr_id=?
2026-03-16 17:01:02 [http-nio-8080-exec-3] DEBUG o.s.orm.jpa.JpaTransactionManager - Exposing JPA transaction as JDBC [org.springframework.orm.jpa.vendor.HibernateJpaDialect$HibernateConnectionHandle@3e4922df]
2026-03-16 17:01:02 [http-nio-8080-exec-3] DEBUG o.s.orm.jpa.JpaTransactionManager - Found thread-bound EntityManager [SessionImpl(1459274861<open>)] for JPA transaction
2026-03-16 17:01:02 [http-nio-8080-exec-3] DEBUG o.s.orm.jpa.JpaTransactionManager - Participating in existing transaction
2026-03-16 17:01:02 [http-nio-8080-exec-3] DEBUG org.hibernate.SQL - select u1_0.emplyr_id,u1_0.area_no,u1_0.brthdy,u1_0.chg_pwd_cnt,u1_0.frst_register_id,u1_0.frst_regist_pnttm,u1_0.detail_adres,u1_0.email_adres,u1_0.emplyr_sttus_code,u1_0.empl_no,u1_0.esntl_id,u1_0.fxnum,u1_0.group_id,u1_0.house_adres,u1_0.house_end_telno,u1_0.house_middle_telno,u1_0.ihidnum,u1_0.pstinst_code,u1_0.last_updusr_id,u1_0.last_updt_pnttm,u1_0.lock_at,u1_0.lock_cnt,u1_0.lock_last_pnttm,u1_0.mbtlnum,u1_0.ofcps_nm,u1_0.offm_telno,u1_0.orgnzt_id,u1_0.password,u1_0.password_cnsr,u1_0.password_hint,u1_0.chg_pwd_last_pnttm,u1_0.role,u1_0.sbscrb_de,u1_0.sexdstn_code,u1_0.crtfc_dn_value,u1_0.user_nm,u1_0.zip from nemplyrinfo u1_0 where u1_0.emplyr_id=?
2026-03-16 17:01:02 [http-nio-8080-exec-7] DEBUG o.s.orm.jpa.JpaTransactionManager - Found thread-bound EntityManager [SessionImpl(1687886126<open>)] for JPA transaction
2026-03-16 17:01:02 [http-nio-8080-exec-7] DEBUG o.s.orm.jpa.JpaTransactionManager - Participating in existing transaction
2026-03-16 17:01:02 [http-nio-8080-exec-7] DEBUG org.hibernate.SQL - select ua1_0.scrty_dtrmn_trget_id,ua1_0.author_code,ua1_0.frst_register_id,ua1_0.frst_regist_pnttm,ua1_0.last_updusr_id,ua1_0.last_updt_pnttm,ua1_0.mber_ty_code from nemplyrscrtyestbs ua1_0 where ua1_0.scrty_dtrmn_trget_id=?
2026-03-16 17:01:02 [http-nio-8080-exec-11] DEBUG org.hibernate.SQL - select count(b1_0.ntt_id) from nbbs b1_0 left join nemplyrinfo u1_0 on b1_0.frst_register_id=u1_0.esntl_id where (b1_0.use_at = 'Y') and b1_0.bbs_id=?
2026-03-16 17:01:02 [http-nio-8080-exec-1] DEBUG o.s.orm.jpa.JpaTransactionManager - Found thread-bound EntityManager [SessionImpl(1359314758<open>)] for JPA transaction
2026-03-16 17:01:02 [http-nio-8080-exec-1] DEBUG o.s.orm.jpa.JpaTransactionManager - Participating in existing transaction
2026-03-16 17:01:02 [http-nio-8080-exec-1] DEBUG org.hibernate.SQL - select ua1_0.scrty_dtrmn_trget_id,ua1_0.author_code,ua1_0.frst_register_id,ua1_0.frst_regist_pnttm,ua1_0.last_updusr_id,ua1_0.last_updt_pnttm,ua1_0.mber_ty_code from nemplyrscrtyestbs ua1_0 where ua1_0.scrty_dtrmn_trget_id=?
2026-03-16 17:01:02 [http-nio-8080-exec-8] DEBUG o.s.orm.jpa.JpaTransactionManager - Found thread-bound EntityManager [SessionImpl(1797203468<open>)] for JPA transaction
2026-03-16 17:01:02 [http-nio-8080-exec-8] DEBUG o.s.orm.jpa.JpaTransactionManager - Participating in existing transaction
2026-03-16 17:01:02 [http-nio-8080-exec-8] DEBUG org.hibernate.SQL - select ua1_0.scrty_dtrmn_trget_id,ua1_0.author_code,ua1_0.frst_register_id,ua1_0.frst_regist_pnttm,ua1_0.last_updusr_id,ua1_0.last_updt_pnttm,ua1_0.mber_ty_code from nemplyrscrtyestbs ua1_0 where ua1_0.scrty_dtrmn_trget_id=?
2026-03-16 17:01:02 [http-nio-8080-exec-10] DEBUG o.s.orm.jpa.JpaTransactionManager - Found thread-bound EntityManager [SessionImpl(1014655302<open>)] for JPA transaction
2026-03-16 17:01:02 [http-nio-8080-exec-10] DEBUG o.s.orm.jpa.JpaTransactionManager - Participating in existing transaction
2026-03-16 17:01:02 [http-nio-8080-exec-10] DEBUG org.hibernate.SQL - select ua1_0.scrty_dtrmn_trget_id,ua1_0.author_code,ua1_0.frst_register_id,ua1_0.frst_regist_pnttm,ua1_0.last_updusr_id,ua1_0.last_updt_pnttm,ua1_0.mber_ty_code from nemplyrscrtyestbs ua1_0 where ua1_0.scrty_dtrmn_trget_id=?
2026-03-16 17:01:02 [http-nio-8080-exec-7] DEBUG o.s.orm.jpa.JpaTransactionManager - Initiating transaction commit
2026-03-16 17:01:02 [http-nio-8080-exec-7] DEBUG o.s.orm.jpa.JpaTransactionManager - Committing JPA transaction on EntityManager [SessionImpl(1687886126<open>)]
2026-03-16 17:01:02 [http-nio-8080-exec-3] DEBUG o.s.orm.jpa.JpaTransactionManager - Found thread-bound EntityManager [SessionImpl(1459274861<open>)] for JPA transaction
2026-03-16 17:01:02 [http-nio-8080-exec-3] DEBUG o.s.orm.jpa.JpaTransactionManager - Participating in existing transaction
2026-03-16 17:01:02 [http-nio-8080-exec-3] DEBUG org.hibernate.SQL - select ua1_0.scrty_dtrmn_trget_id,ua1_0.author_code,ua1_0.frst_register_id,ua1_0.frst_regist_pnttm,ua1_0.last_updusr_id,ua1_0.last_updt_pnttm,ua1_0.mber_ty_code from nemplyrscrtyestbs ua1_0 where ua1_0.scrty_dtrmn_trget_id=?
2026-03-16 17:01:02 [http-nio-8080-exec-11] DEBUG o.s.orm.jpa.JpaTransactionManager - Initiating transaction commit
2026-03-16 17:01:02 [http-nio-8080-exec-11] DEBUG o.s.orm.jpa.JpaTransactionManager - Committing JPA transaction on EntityManager [SessionImpl(1675571288<open>)]
2026-03-16 17:01:02 [http-nio-8080-exec-1] DEBUG o.s.orm.jpa.JpaTransactionManager - Initiating transaction commit
2026-03-16 17:01:02 [http-nio-8080-exec-1] DEBUG o.s.orm.jpa.JpaTransactionManager - Committing JPA transaction on EntityManager [SessionImpl(1359314758<open>)]
2026-03-16 17:01:02 [http-nio-8080-exec-8] DEBUG o.s.orm.jpa.JpaTransactionManager - Initiating transaction commit
2026-03-16 17:01:02 [http-nio-8080-exec-8] DEBUG o.s.orm.jpa.JpaTransactionManager - Committing JPA transaction on EntityManager [SessionImpl(1797203468<open>)]
2026-03-16 17:01:02 [http-nio-8080-exec-10] DEBUG o.s.orm.jpa.JpaTransactionManager - Initiating transaction commit
2026-03-16 17:01:02 [http-nio-8080-exec-10] DEBUG o.s.orm.jpa.JpaTransactionManager - Committing JPA transaction on EntityManager [SessionImpl(1014655302<open>)]
2026-03-16 17:01:02 [http-nio-8080-exec-3] DEBUG o.s.orm.jpa.JpaTransactionManager - Initiating transaction commit
2026-03-16 17:01:02 [http-nio-8080-exec-3] DEBUG o.s.orm.jpa.JpaTransactionManager - Committing JPA transaction on EntityManager [SessionImpl(1459274861<open>)]
2026-03-16 17:01:02 [http-nio-8080-exec-7] DEBUG o.s.orm.jpa.JpaTransactionManager - Closing JPA EntityManager [SessionImpl(1687886126<open>)] after transaction
2026-03-16 17:01:02 [http-nio-8080-exec-7] DEBUG c.c.p.s.jwt.JwtAuthenticationFilter - >>> [JwtFilter] Successfully authenticated user: USRCNFRM_99999999999, Authorities: [ROLE_ADMIN]
2026-03-16 17:01:02 [http-nio-8080-exec-7] DEBUG o.s.web.servlet.DispatcherServlet - GET "/api/v1/menu/left?menuNo=40", parameters={masked}
2026-03-16 17:01:02 [http-nio-8080-exec-7] TRACE o.s.w.s.m.m.a.RequestMappingHandlerMapping - Mapped to com.company.project.api.controller.menu.MenuController#getLeftMenu(Long)
2026-03-16 17:01:02 [http-nio-8080-exec-7] INFO  c.c.p.a.c.menu.MenuController - getLeftMenu called with menuNo=40
2026-03-16 17:01:02 [http-nio-8080-exec-7] DEBUG o.s.orm.jpa.JpaTransactionManager - Creating new transaction with name [com.company.project.service.menu.MenuService.getSubMenus]: PROPAGATION_REQUIRED,ISOLATION_DEFAULT,readOnly
2026-03-16 17:01:02 [http-nio-8080-exec-7] DEBUG o.s.orm.jpa.JpaTransactionManager - Opened new EntityManager [SessionImpl(1461742829<open>)] for JPA transaction
2026-03-16 17:01:02 [http-nio-8080-exec-7] DEBUG o.s.orm.jpa.JpaTransactionManager - Exposing JPA transaction as JDBC [org.springframework.orm.jpa.vendor.HibernateJpaDialect$HibernateConnectionHandle@c96339e]
2026-03-16 17:01:02 [http-nio-8080-exec-7] DEBUG org.hibernate.SQL - select m1_0.menu_no,m1_0.menu_dc,m1_0.menu_nm,m1_0.menu_ordr,m1_0.modern_route,m1_0.progrm_file_nm,m1_0.relate_image_nm,m1_0.relate_image_path,m1_0.route_updated_at,m1_0.upper_menu_no from nmenuinfo m1_0 order by m1_0.upper_menu_no,m1_0.menu_ordr
2026-03-16 17:01:02 [http-nio-8080-exec-11] DEBUG o.s.orm.jpa.JpaTransactionManager - Closing JPA EntityManager [SessionImpl(1675571288<open>)] after transaction
2026-03-16 17:01:02 [http-nio-8080-exec-11] DEBUG o.s.orm.jpa.JpaTransactionManager - Creating new transaction with name [com.company.project.service.board.BoardService.getBoardPosts]: PROPAGATION_REQUIRED,ISOLATION_DEFAULT,readOnly
2026-03-16 17:01:02 [http-nio-8080-exec-11] DEBUG o.s.orm.jpa.JpaTransactionManager - Opened new EntityManager [SessionImpl(1546606738<open>)] for JPA transaction
2026-03-16 17:01:02 [http-nio-8080-exec-11] DEBUG o.s.orm.jpa.JpaTransactionManager - Exposing JPA transaction as JDBC [org.springframework.orm.jpa.vendor.HibernateJpaDialect$HibernateConnectionHandle@5ad40a32]
2026-03-16 17:01:02 [http-nio-8080-exec-11] DEBUG o.s.orm.jpa.JpaTransactionManager - Found thread-bound EntityManager [SessionImpl(1546606738<open>)] for JPA transaction
2026-03-16 17:01:02 [http-nio-8080-exec-11] DEBUG o.s.orm.jpa.JpaTransactionManager - Participating in existing transaction
2026-03-16 17:01:02 [http-nio-8080-exec-11] DEBUG org.hibernate.SQL - select bm1_0.bbs_id,bm1_0.atch_posbl_file_number,bm1_0.atch_posbl_file_size,bm1_0.bbs_attrb_code,bm1_0.bbs_intrcn,bm1_0.bbs_nm,bm1_0.bbs_ty_code,bm1_0.blog_at,bm1_0.blog_id,bm1_0.cmmnty_id,bm1_0.frst_register_id,bm1_0.frst_regist_pnttm,bm1_0.file_atch_posbl_at,bm1_0.last_updusr_id,bm1_0.last_updt_pnttm,bm1_0.reply_posbl_at,bm1_0.tmplat_id,bm1_0.use_at,bm1_1.answer_at,bm1_1.stsfdg_at from nbbsmaster bm1_0 left join nbbsmasteroptn bm1_1 on bm1_0.bbs_id=bm1_1.bbs_id where bm1_0.bbs_id=?
2026-03-16 17:01:02 [http-nio-8080-exec-1] DEBUG o.s.orm.jpa.JpaTransactionManager - Closing JPA EntityManager [SessionImpl(1359314758<open>)] after transaction
2026-03-16 17:01:02 [http-nio-8080-exec-1] DEBUG c.c.p.s.jwt.JwtAuthenticationFilter - >>> [JwtFilter] Successfully authenticated user: USRCNFRM_99999999999, Authorities: [ROLE_ADMIN]
2026-03-16 17:01:02 [http-nio-8080-exec-1] DEBUG o.s.web.servlet.DispatcherServlet - GET "/api/v1/menu/left?menuNo=10", parameters={masked}
2026-03-16 17:01:02 [http-nio-8080-exec-1] TRACE o.s.w.s.m.m.a.RequestMappingHandlerMapping - Mapped to com.company.project.api.controller.menu.MenuController#getLeftMenu(Long)
2026-03-16 17:01:02 [http-nio-8080-exec-1] INFO  c.c.p.a.c.menu.MenuController - getLeftMenu called with menuNo=10
2026-03-16 17:01:02 [http-nio-8080-exec-1] DEBUG o.s.orm.jpa.JpaTransactionManager - Creating new transaction with name [com.company.project.service.menu.MenuService.getSubMenus]: PROPAGATION_REQUIRED,ISOLATION_DEFAULT,readOnly
2026-03-16 17:01:02 [http-nio-8080-exec-1] DEBUG o.s.orm.jpa.JpaTransactionManager - Opened new EntityManager [SessionImpl(271877999<open>)] for JPA transaction
2026-03-16 17:01:02 [http-nio-8080-exec-1] DEBUG o.s.orm.jpa.JpaTransactionManager - Exposing JPA transaction as JDBC [org.springframework.orm.jpa.vendor.HibernateJpaDialect$HibernateConnectionHandle@23092eb1]
2026-03-16 17:01:02 [http-nio-8080-exec-1] DEBUG org.hibernate.SQL - select m1_0.menu_no,m1_0.menu_dc,m1_0.menu_nm,m1_0.menu_ordr,m1_0.modern_route,m1_0.progrm_file_nm,m1_0.relate_image_nm,m1_0.relate_image_path,m1_0.route_updated_at,m1_0.upper_menu_no from nmenuinfo m1_0 order by m1_0.upper_menu_no,m1_0.menu_ordr
2026-03-16 17:01:02 [http-nio-8080-exec-8] DEBUG o.s.orm.jpa.JpaTransactionManager - Closing JPA EntityManager [SessionImpl(1797203468<open>)] after transaction
2026-03-16 17:01:02 [http-nio-8080-exec-10] DEBUG o.s.orm.jpa.JpaTransactionManager - Closing JPA EntityManager [SessionImpl(1014655302<open>)] after transaction
2026-03-16 17:01:02 [http-nio-8080-exec-8] DEBUG c.c.p.s.jwt.JwtAuthenticationFilter - >>> [JwtFilter] Successfully authenticated user: USRCNFRM_99999999999, Authorities: [ROLE_ADMIN]
2026-03-16 17:01:02 [http-nio-8080-exec-10] DEBUG c.c.p.s.jwt.JwtAuthenticationFilter - >>> [JwtFilter] Successfully authenticated user: USRCNFRM_99999999999, Authorities: [ROLE_ADMIN]
2026-03-16 17:01:02 [http-nio-8080-exec-8] DEBUG o.s.web.servlet.DispatcherServlet - GET "/api/v1/menu/left?menuNo=60", parameters={masked}
2026-03-16 17:01:02 [http-nio-8080-exec-10] DEBUG o.s.web.servlet.DispatcherServlet - GET "/api/v1/menu/left?menuNo=20", parameters={masked}
2026-03-16 17:01:02 [http-nio-8080-exec-10] TRACE o.s.w.s.m.m.a.RequestMappingHandlerMapping - Mapped to com.company.project.api.controller.menu.MenuController#getLeftMenu(Long)
2026-03-16 17:01:02 [http-nio-8080-exec-8] TRACE o.s.w.s.m.m.a.RequestMappingHandlerMapping - Mapped to com.company.project.api.controller.menu.MenuController#getLeftMenu(Long)
2026-03-16 17:01:02 [http-nio-8080-exec-8] INFO  c.c.p.a.c.menu.MenuController - getLeftMenu called with menuNo=60
2026-03-16 17:01:02 [http-nio-8080-exec-8] DEBUG o.s.orm.jpa.JpaTransactionManager - Creating new transaction with name [com.company.project.service.menu.MenuService.getSubMenus]: PROPAGATION_REQUIRED,ISOLATION_DEFAULT,readOnly
2026-03-16 17:01:02 [http-nio-8080-exec-10] INFO  c.c.p.a.c.menu.MenuController - getLeftMenu called with menuNo=20
2026-03-16 17:01:02 [http-nio-8080-exec-8] DEBUG o.s.orm.jpa.JpaTransactionManager - Opened new EntityManager [SessionImpl(573816764<open>)] for JPA transaction
2026-03-16 17:01:02 [http-nio-8080-exec-10] DEBUG o.s.orm.jpa.JpaTransactionManager - Creating new transaction with name [com.company.project.service.menu.MenuService.getSubMenus]: PROPAGATION_REQUIRED,ISOLATION_DEFAULT,readOnly
2026-03-16 17:01:02 [http-nio-8080-exec-10] DEBUG o.s.orm.jpa.JpaTransactionManager - Opened new EntityManager [SessionImpl(1812626421<open>)] for JPA transaction
2026-03-16 17:01:02 [http-nio-8080-exec-10] DEBUG o.s.orm.jpa.JpaTransactionManager - Exposing JPA transaction as JDBC [org.springframework.orm.jpa.vendor.HibernateJpaDialect$HibernateConnectionHandle@50987533]
2026-03-16 17:01:02 [http-nio-8080-exec-8] DEBUG o.s.orm.jpa.JpaTransactionManager - Exposing JPA transaction as JDBC [org.springframework.orm.jpa.vendor.HibernateJpaDialect$HibernateConnectionHandle@22ddb9e6]
2026-03-16 17:01:02 [http-nio-8080-exec-8] DEBUG org.hibernate.SQL - select m1_0.menu_no,m1_0.menu_dc,m1_0.menu_nm,m1_0.menu_ordr,m1_0.modern_route,m1_0.progrm_file_nm,m1_0.relate_image_nm,m1_0.relate_image_path,m1_0.route_updated_at,m1_0.upper_menu_no from nmenuinfo m1_0 order by m1_0.upper_menu_no,m1_0.menu_ordr
2026-03-16 17:01:02 [http-nio-8080-exec-10] DEBUG org.hibernate.SQL - select m1_0.menu_no,m1_0.menu_dc,m1_0.menu_nm,m1_0.menu_ordr,m1_0.modern_route,m1_0.progrm_file_nm,m1_0.relate_image_nm,m1_0.relate_image_path,m1_0.route_updated_at,m1_0.upper_menu_no from nmenuinfo m1_0 order by m1_0.upper_menu_no,m1_0.menu_ordr
2026-03-16 17:01:02 [http-nio-8080-exec-3] DEBUG o.s.orm.jpa.JpaTransactionManager - Closing JPA EntityManager [SessionImpl(1459274861<open>)] after transaction
2026-03-16 17:01:02 [http-nio-8080-exec-3] DEBUG c.c.p.s.jwt.JwtAuthenticationFilter - >>> [JwtFilter] Successfully authenticated user: USRCNFRM_99999999999, Authorities: [ROLE_ADMIN]
2026-03-16 17:01:02 [http-nio-8080-exec-3] DEBUG o.s.web.servlet.DispatcherServlet - GET "/api/v1/menu/left?menuNo=50", parameters={masked}
2026-03-16 17:01:02 [http-nio-8080-exec-3] TRACE o.s.w.s.m.m.a.RequestMappingHandlerMapping - Mapped to com.company.project.api.controller.menu.MenuController#getLeftMenu(Long)
2026-03-16 17:01:02 [http-nio-8080-exec-3] INFO  c.c.p.a.c.menu.MenuController - getLeftMenu called with menuNo=50
2026-03-16 17:01:02 [http-nio-8080-exec-3] DEBUG o.s.orm.jpa.JpaTransactionManager - Creating new transaction with name [com.company.project.service.menu.MenuService.getSubMenus]: PROPAGATION_REQUIRED,ISOLATION_DEFAULT,readOnly
2026-03-16 17:01:02 [http-nio-8080-exec-3] DEBUG o.s.orm.jpa.JpaTransactionManager - Opened new EntityManager [SessionImpl(1985433185<open>)] for JPA transaction
2026-03-16 17:01:02 [http-nio-8080-exec-3] DEBUG o.s.orm.jpa.JpaTransactionManager - Exposing JPA transaction as JDBC [org.springframework.orm.jpa.vendor.HibernateJpaDialect$HibernateConnectionHandle@20e1ab31]
2026-03-16 17:01:02 [http-nio-8080-exec-3] DEBUG org.hibernate.SQL - select m1_0.menu_no,m1_0.menu_dc,m1_0.menu_nm,m1_0.menu_ordr,m1_0.modern_route,m1_0.progrm_file_nm,m1_0.relate_image_nm,m1_0.relate_image_path,m1_0.route_updated_at,m1_0.upper_menu_no from nmenuinfo m1_0 order by m1_0.upper_menu_no,m1_0.menu_ordr
2026-03-16 17:01:02 [http-nio-8080-exec-11] DEBUG org.hibernate.SQL - select b1_0.ntt_id,b1_0.bbs_id,b1_0.ntt_sj,b1_0.ntcr_nm,b1_0.frst_regist_pnttm,b1_0.rdcnt,b1_0.answer_at,b1_0.parntsctt_no,b1_0.answer_lc,b1_0.sort_ordr,b1_0.ntt_no,b1_0.notice_at,b1_0.secret_at,b1_0.comment_co from nbbs b1_0 left join nemplyrinfo u1_0 on b1_0.frst_register_id=u1_0.esntl_id where (b1_0.use_at = 'Y') and b1_0.bbs_id=? order by b1_0.sort_ordr desc,b1_0.ntt_no offset ? rows fetch first ? rows only
2026-03-16 17:01:02 [http-nio-8080-exec-7] DEBUG o.s.orm.jpa.JpaTransactionManager - Found thread-bound EntityManager [SessionImpl(1461742829<open>)] for JPA transaction
2026-03-16 17:01:02 [http-nio-8080-exec-7] DEBUG o.s.orm.jpa.JpaTransactionManager - Participating in existing transaction
2026-03-16 17:01:02 [http-nio-8080-exec-7] DEBUG org.hibernate.SQL - select p1_0.progrm_file_nm,p1_0.progrm_dc,p1_0.progrm_korean_nm,p1_0.progrm_stre_path,p1_0.url from nprogrmlist p1_0
2026-03-16 17:01:02 [http-nio-8080-exec-11] DEBUG org.hibernate.SQL - select count(b1_0.ntt_id) from nbbs b1_0 left join nemplyrinfo u1_0 on b1_0.frst_register_id=u1_0.esntl_id where (b1_0.use_at = 'Y') and b1_0.bbs_id=?
2026-03-16 17:01:02 [http-nio-8080-exec-1] DEBUG o.s.orm.jpa.JpaTransactionManager - Found thread-bound EntityManager [SessionImpl(271877999<open>)] for JPA transaction
2026-03-16 17:01:02 [http-nio-8080-exec-1] DEBUG o.s.orm.jpa.JpaTransactionManager - Participating in existing transaction
2026-03-16 17:01:02 [http-nio-8080-exec-1] DEBUG org.hibernate.SQL - select p1_0.progrm_file_nm,p1_0.progrm_dc,p1_0.progrm_korean_nm,p1_0.progrm_stre_path,p1_0.url from nprogrmlist p1_0
2026-03-16 17:01:02 [http-nio-8080-exec-8] DEBUG o.s.orm.jpa.JpaTransactionManager - Found thread-bound EntityManager [SessionImpl(573816764<open>)] for JPA transaction
2026-03-16 17:01:02 [http-nio-8080-exec-10] DEBUG o.s.orm.jpa.JpaTransactionManager - Found thread-bound EntityManager [SessionImpl(1812626421<open>)] for JPA transaction
2026-03-16 17:01:02 [http-nio-8080-exec-8] DEBUG o.s.orm.jpa.JpaTransactionManager - Participating in existing transaction
2026-03-16 17:01:02 [http-nio-8080-exec-10] DEBUG o.s.orm.jpa.JpaTransactionManager - Participating in existing transaction
2026-03-16 17:01:02 [http-nio-8080-exec-8] DEBUG org.hibernate.SQL - select p1_0.progrm_file_nm,p1_0.progrm_dc,p1_0.progrm_korean_nm,p1_0.progrm_stre_path,p1_0.url from nprogrmlist p1_0
2026-03-16 17:01:02 [http-nio-8080-exec-10] DEBUG org.hibernate.SQL - select p1_0.progrm_file_nm,p1_0.progrm_dc,p1_0.progrm_korean_nm,p1_0.progrm_stre_path,p1_0.url from nprogrmlist p1_0
2026-03-16 17:01:02 [http-nio-8080-exec-3] DEBUG o.s.orm.jpa.JpaTransactionManager - Found thread-bound EntityManager [SessionImpl(1985433185<open>)] for JPA transaction
2026-03-16 17:01:02 [http-nio-8080-exec-3] DEBUG o.s.orm.jpa.JpaTransactionManager - Participating in existing transaction
2026-03-16 17:01:02 [http-nio-8080-exec-3] DEBUG org.hibernate.SQL - select p1_0.progrm_file_nm,p1_0.progrm_dc,p1_0.progrm_korean_nm,p1_0.progrm_stre_path,p1_0.url from nprogrmlist p1_0
2026-03-16 17:01:02 [http-nio-8080-exec-7] DEBUG o.s.orm.jpa.JpaTransactionManager - Initiating transaction commit
2026-03-16 17:01:02 [http-nio-8080-exec-7] DEBUG o.s.orm.jpa.JpaTransactionManager - Committing JPA transaction on EntityManager [SessionImpl(1461742829<open>)]
2026-03-16 17:01:02 [http-nio-8080-exec-11] DEBUG o.s.orm.jpa.JpaTransactionManager - Initiating transaction commit
2026-03-16 17:01:02 [http-nio-8080-exec-11] DEBUG o.s.orm.jpa.JpaTransactionManager - Committing JPA transaction on EntityManager [SessionImpl(1546606738<open>)]
2026-03-16 17:01:02 [http-nio-8080-exec-1] DEBUG o.s.orm.jpa.JpaTransactionManager - Initiating transaction commit
2026-03-16 17:01:02 [http-nio-8080-exec-1] DEBUG o.s.orm.jpa.JpaTransactionManager - Committing JPA transaction on EntityManager [SessionImpl(271877999<open>)]
2026-03-16 17:01:02 [http-nio-8080-exec-10] DEBUG o.s.orm.jpa.JpaTransactionManager - Initiating transaction commit
2026-03-16 17:01:02 [http-nio-8080-exec-10] DEBUG o.s.orm.jpa.JpaTransactionManager - Committing JPA transaction on EntityManager [SessionImpl(1812626421<open>)]
2026-03-16 17:01:02 [http-nio-8080-exec-8] DEBUG o.s.orm.jpa.JpaTransactionManager - Initiating transaction commit
2026-03-16 17:01:02 [http-nio-8080-exec-8] DEBUG o.s.orm.jpa.JpaTransactionManager - Committing JPA transaction on EntityManager [SessionImpl(573816764<open>)]
2026-03-16 17:01:02 [http-nio-8080-exec-3] DEBUG o.s.orm.jpa.JpaTransactionManager - Initiating transaction commit
2026-03-16 17:01:02 [http-nio-8080-exec-3] DEBUG o.s.orm.jpa.JpaTransactionManager - Committing JPA transaction on EntityManager [SessionImpl(1985433185<open>)]
2026-03-16 17:01:02 [http-nio-8080-exec-7] DEBUG o.s.orm.jpa.JpaTransactionManager - Closing JPA EntityManager [SessionImpl(1461742829<open>)] after transaction
2026-03-16 17:01:02 [http-nio-8080-exec-7] INFO  c.c.p.a.c.menu.MenuController - getLeftMenu returned 2 items
2026-03-16 17:01:02 [http-nio-8080-exec-7] DEBUG o.s.w.s.m.m.a.HttpEntityMethodProcessor - Using 'application/json', given [application/json, text/plain, */*] and supported [application/json, application/*+json, application/yaml]
2026-03-16 17:01:02 [http-nio-8080-exec-7] TRACE o.s.w.s.m.m.a.HttpEntityMethodProcessor - Writing [ApiResponse[success=true, status=200, code=COMMON_001, message=Success, data={list=[com.company.project.service.menu.dto.MenuDto@6e6a2f19, com.company.project.service.menu.dto.MenuDto@60eb3ad6]}, timestamp=2026-03-16T17:01:02.977922800]]
2026-03-16 17:01:02 [http-nio-8080-exec-7] INFO  c.c.p.a.i.OperationalAuditInterceptor - API Audit Log: URL=/api/v1/menu/left, User=webmaster, IP=0:0:0:0:0:0:0:1
2026-03-16 17:01:02 [http-nio-8080-exec-7] DEBUG o.s.web.servlet.DispatcherServlet - Completed 200 OK
2026-03-16 17:01:03 [http-nio-8080-exec-11] DEBUG o.s.orm.jpa.JpaTransactionManager - Closing JPA EntityManager [SessionImpl(1546606738<open>)] after transaction
2026-03-16 17:01:03 [http-nio-8080-exec-11] DEBUG o.s.orm.jpa.JpaTransactionManager - Creating new transaction with name [com.company.project.service.informalsanction.InformalSanctionServiceImpl.getReceivedInformalSanctionList]: PROPAGATION_REQUIRED,ISOLATION_DEFAULT,readOnly
2026-03-16 17:01:03 [http-nio-8080-exec-11] DEBUG o.s.orm.jpa.JpaTransactionManager - Opened new EntityManager [SessionImpl(275611762<open>)] for JPA transaction
2026-03-16 17:01:03 [http-nio-8080-exec-11] DEBUG o.s.orm.jpa.JpaTransactionManager - Exposing JPA transaction as JDBC [org.springframework.orm.jpa.vendor.HibernateJpaDialect$HibernateConnectionHandle@1fabc4be]
2026-03-16 17:01:03 [http-nio-8080-exec-11] DEBUG org.hibernate.SQL - select is1_0.infrml_sanctn_id,is1_0.applcnt_id,is1_0.confm_at,is1_0.frst_register_id,is1_0.frst_regist_pnttm,is1_0.job_se_code,is1_0.last_updusr_id,is1_0.last_updt_pnttm,is1_0.reqst_de,is1_0.return_resn,is1_0.sanctn_dt,is1_0.sanctner_id from ninfrmlsanctn is1_0 where is1_0.sanctner_id=?
2026-03-16 17:01:03 [http-nio-8080-exec-1] DEBUG o.s.orm.jpa.JpaTransactionManager - Closing JPA EntityManager [SessionImpl(271877999<open>)] after transaction
2026-03-16 17:01:03 [http-nio-8080-exec-1] INFO  c.c.p.a.c.menu.MenuController - getLeftMenu returned 5 items
2026-03-16 17:01:03 [http-nio-8080-exec-1] DEBUG o.s.w.s.m.m.a.HttpEntityMethodProcessor - Using 'application/json', given [application/json, text/plain, */*] and supported [application/json, application/*+json, application/yaml]
2026-03-16 17:01:03 [http-nio-8080-exec-1] TRACE o.s.w.s.m.m.a.HttpEntityMethodProcessor - Writing [ApiResponse[success=true, status=200, code=COMMON_001, message=Success, data={list=[com.company.project.service.menu.dto.MenuDto@3a90ae8d, com.company.project.service.menu.dto.MenuDto@6f864065, com.company.project.service.menu.dto.MenuDto@2cbe5e26, com.company.project.service.menu.dto.MenuDto@745f5c71, com.company.project.service.menu.dto.MenuDto@4b0470b1]}, timestamp=2026-03-16T17:01:03.102263200]]
2026-03-16 17:01:03 [http-nio-8080-exec-1] INFO  c.c.p.a.i.OperationalAuditInterceptor - API Audit Log: URL=/api/v1/menu/left, User=webmaster, IP=0:0:0:0:0:0:0:1
2026-03-16 17:01:03 [http-nio-8080-exec-1] DEBUG o.s.web.servlet.DispatcherServlet - Completed 200 OK
2026-03-16 17:01:03 [http-nio-8080-exec-10] DEBUG o.s.orm.jpa.JpaTransactionManager - Closing JPA EntityManager [SessionImpl(1812626421<open>)] after transaction
2026-03-16 17:01:03 [http-nio-8080-exec-10] INFO  c.c.p.a.c.menu.MenuController - getLeftMenu returned 3 items
2026-03-16 17:01:03 [http-nio-8080-exec-10] DEBUG o.s.w.s.m.m.a.HttpEntityMethodProcessor - Using 'application/json', given [application/json, text/plain, */*] and supported [application/json, application/*+json, application/yaml]
2026-03-16 17:01:03 [http-nio-8080-exec-10] TRACE o.s.w.s.m.m.a.HttpEntityMethodProcessor - Writing [ApiResponse[success=true, status=200, code=COMMON_001, message=Success, data={list=[com.company.project.service.menu.dto.MenuDto@39dd47e1, com.company.project.service.menu.dto.MenuDto@39c4aee4, com.company.project.service.menu.dto.MenuDto@53c4f061]}, timestamp=2026-03-16T17:01:03.112305200]]
2026-03-16 17:01:03 [http-nio-8080-exec-10] INFO  c.c.p.a.i.OperationalAuditInterceptor - API Audit Log: URL=/api/v1/menu/left, User=webmaster, IP=0:0:0:0:0:0:0:1
2026-03-16 17:01:03 [http-nio-8080-exec-10] DEBUG o.s.web.servlet.DispatcherServlet - Completed 200 OK
2026-03-16 17:01:03 [http-nio-8080-exec-8] DEBUG o.s.orm.jpa.JpaTransactionManager - Closing JPA EntityManager [SessionImpl(573816764<open>)] after transaction
2026-03-16 17:01:03 [http-nio-8080-exec-8] INFO  c.c.p.a.c.menu.MenuController - getLeftMenu returned 1 items
2026-03-16 17:01:03 [http-nio-8080-exec-8] DEBUG o.s.w.s.m.m.a.HttpEntityMethodProcessor - Using 'application/json', given [application/json, text/plain, */*] and supported [application/json, application/*+json, application/yaml]
2026-03-16 17:01:03 [http-nio-8080-exec-8] TRACE o.s.w.s.m.m.a.HttpEntityMethodProcessor - Writing [ApiResponse[success=true, status=200, code=COMMON_001, message=Success, data={list=[com.company.project.service.menu.dto.MenuDto@31f8d204]}, timestamp=2026-03-16T17:01:03.113321]]
2026-03-16 17:01:03 [http-nio-8080-exec-8] INFO  c.c.p.a.i.OperationalAuditInterceptor - API Audit Log: URL=/api/v1/menu/left, User=webmaster, IP=0:0:0:0:0:0:0:1
2026-03-16 17:01:03 [http-nio-8080-exec-8] DEBUG o.s.web.servlet.DispatcherServlet - Completed 200 OK
2026-03-16 17:01:03 [http-nio-8080-exec-3] DEBUG o.s.orm.jpa.JpaTransactionManager - Closing JPA EntityManager [SessionImpl(1985433185<open>)] after transaction
2026-03-16 17:01:03 [http-nio-8080-exec-3] INFO  c.c.p.a.c.menu.MenuController - getLeftMenu returned 3 items
2026-03-16 17:01:03 [http-nio-8080-exec-3] DEBUG o.s.w.s.m.m.a.HttpEntityMethodProcessor - Using 'application/json', given [application/json, text/plain, */*] and supported [application/json, application/*+json, application/yaml]
2026-03-16 17:01:03 [http-nio-8080-exec-3] TRACE o.s.w.s.m.m.a.HttpEntityMethodProcessor - Writing [ApiResponse[success=true, status=200, code=COMMON_001, message=Success, data={list=[com.company.project.service.menu.dto.MenuDto@27d68a68, com.company.project.service.menu.dto.MenuDto@3f029542, com.company.project.service.menu.dto.MenuDto@7020dae1]}, timestamp=2026-03-16T17:01:03.139796400]]
2026-03-16 17:01:03 [http-nio-8080-exec-3] INFO  c.c.p.a.i.OperationalAuditInterceptor - API Audit Log: URL=/api/v1/menu/left, User=webmaster, IP=0:0:0:0:0:0:0:1
2026-03-16 17:01:03 [http-nio-8080-exec-3] DEBUG o.s.web.servlet.DispatcherServlet - Completed 200 OK
2026-03-16 17:01:03 [http-nio-8080-exec-11] DEBUG o.s.orm.jpa.JpaTransactionManager - Initiating transaction commit
2026-03-16 17:01:03 [http-nio-8080-exec-11] DEBUG o.s.orm.jpa.JpaTransactionManager - Committing JPA transaction on EntityManager [SessionImpl(275611762<open>)]
2026-03-16 17:01:03 [http-nio-8080-exec-11] DEBUG o.s.orm.jpa.JpaTransactionManager - Closing JPA EntityManager [SessionImpl(275611762<open>)] after transaction
2026-03-16 17:01:03 [http-nio-8080-exec-11] DEBUG o.s.w.s.m.m.a.HttpEntityMethodProcessor - Using 'application/json', given [application/json, text/plain, */*] and supported [application/json, application/*+json, application/yaml]
2026-03-16 17:01:03 [http-nio-8080-exec-11] TRACE o.s.w.s.m.m.a.HttpEntityMethodProcessor - Writing [{notiList=[com.company.project.service.board.dto.BoardDto@38003bfb], success=true, taskList=[com.company.project.service.board.dto.BoardDto@4545698f], pendingApprovalCount=0}]
2026-03-16 17:01:03 [http-nio-8080-exec-11] INFO  c.c.p.a.i.OperationalAuditInterceptor - API Audit Log: URL=/api/v1/dashboard, User=webmaster, IP=0:0:0:0:0:0:0:1
2026-03-16 17:01:03 [http-nio-8080-exec-11] DEBUG o.s.web.servlet.DispatcherServlet - Completed 200 OK
2026-03-16 17:01:03 [http-nio-8080-exec-14] DEBUG c.c.p.s.jwt.JwtAuthenticationFilter - >>> [JwtFilter] Processing request: GET /api/v1/menu/left
2026-03-16 17:01:03 [http-nio-8080-exec-14] DEBUG c.c.p.s.jwt.JwtAuthenticationFilter - >>> [JwtFilter] Found token in header for path: /api/v1/menu/left
2026-03-16 17:01:03 [http-nio-8080-exec-14] DEBUG o.s.orm.jpa.JpaTransactionManager - Creating new transaction with name [com.company.project.security.iam.CustomUserDetailsService.loadUserByUsername]: PROPAGATION_REQUIRED,ISOLATION_DEFAULT,readOnly
2026-03-16 17:01:03 [http-nio-8080-exec-14] DEBUG o.s.orm.jpa.JpaTransactionManager - Opened new EntityManager [SessionImpl(1792821961<open>)] for JPA transaction
2026-03-16 17:01:03 [http-nio-8080-exec-13] DEBUG c.c.p.s.jwt.JwtAuthenticationFilter - >>> [JwtFilter] Processing request: GET /api/v1/menu/head
2026-03-16 17:01:03 [http-nio-8080-exec-6] DEBUG c.c.p.s.jwt.JwtAuthenticationFilter - >>> [JwtFilter] Processing request: GET /api/v1/auth/me
2026-03-16 17:01:03 [http-nio-8080-exec-13] DEBUG c.c.p.s.jwt.JwtAuthenticationFilter - >>> [JwtFilter] Found token in header for path: /api/v1/menu/head
2026-03-16 17:01:03 [http-nio-8080-exec-6] DEBUG c.c.p.s.jwt.JwtAuthenticationFilter - >>> [JwtFilter] Found token in header for path: /api/v1/auth/me
2026-03-16 17:01:03 [http-nio-8080-exec-6] DEBUG o.s.orm.jpa.JpaTransactionManager - Creating new transaction with name [com.company.project.security.iam.CustomUserDetailsService.loadUserByUsername]: PROPAGATION_REQUIRED,ISOLATION_DEFAULT,readOnly
2026-03-16 17:01:03 [http-nio-8080-exec-6] DEBUG o.s.orm.jpa.JpaTransactionManager - Opened new EntityManager [SessionImpl(681766749<open>)] for JPA transaction
2026-03-16 17:01:03 [http-nio-8080-exec-13] DEBUG o.s.orm.jpa.JpaTransactionManager - Creating new transaction with name [com.company.project.security.iam.CustomUserDetailsService.loadUserByUsername]: PROPAGATION_REQUIRED,ISOLATION_DEFAULT,readOnly
2026-03-16 17:01:03 [http-nio-8080-exec-13] DEBUG o.s.orm.jpa.JpaTransactionManager - Opened new EntityManager [SessionImpl(875382779<open>)] for JPA transaction
2026-03-16 17:01:03 [http-nio-8080-exec-14] DEBUG o.s.orm.jpa.JpaTransactionManager - Exposing JPA transaction as JDBC [org.springframework.orm.jpa.vendor.HibernateJpaDialect$HibernateConnectionHandle@3fa00b85]
2026-03-16 17:01:03 [http-nio-8080-exec-6] DEBUG o.s.orm.jpa.JpaTransactionManager - Exposing JPA transaction as JDBC [org.springframework.orm.jpa.vendor.HibernateJpaDialect$HibernateConnectionHandle@28d33a1a]
2026-03-16 17:01:03 [http-nio-8080-exec-14] DEBUG o.s.orm.jpa.JpaTransactionManager - Found thread-bound EntityManager [SessionImpl(1792821961<open>)] for JPA transaction
2026-03-16 17:01:03 [http-nio-8080-exec-14] DEBUG o.s.orm.jpa.JpaTransactionManager - Participating in existing transaction
2026-03-16 17:01:03 [http-nio-8080-exec-6] DEBUG o.s.orm.jpa.JpaTransactionManager - Found thread-bound EntityManager [SessionImpl(681766749<open>)] for JPA transaction
2026-03-16 17:01:03 [http-nio-8080-exec-6] DEBUG o.s.orm.jpa.JpaTransactionManager - Participating in existing transaction
2026-03-16 17:01:03 [http-nio-8080-exec-14] DEBUG org.hibernate.SQL - select u1_0.emplyr_id,u1_0.area_no,u1_0.brthdy,u1_0.chg_pwd_cnt,u1_0.frst_register_id,u1_0.frst_regist_pnttm,u1_0.detail_adres,u1_0.email_adres,u1_0.emplyr_sttus_code,u1_0.empl_no,u1_0.esntl_id,u1_0.fxnum,u1_0.group_id,u1_0.house_adres,u1_0.house_end_telno,u1_0.house_middle_telno,u1_0.ihidnum,u1_0.pstinst_code,u1_0.last_updusr_id,u1_0.last_updt_pnttm,u1_0.lock_at,u1_0.lock_cnt,u1_0.lock_last_pnttm,u1_0.mbtlnum,u1_0.ofcps_nm,u1_0.offm_telno,u1_0.orgnzt_id,u1_0.password,u1_0.password_cnsr,u1_0.password_hint,u1_0.chg_pwd_last_pnttm,u1_0.role,u1_0.sbscrb_de,u1_0.sexdstn_code,u1_0.crtfc_dn_value,u1_0.user_nm,u1_0.zip from nemplyrinfo u1_0 where u1_0.emplyr_id=?
2026-03-16 17:01:03 [http-nio-8080-exec-6] DEBUG org.hibernate.SQL - select u1_0.emplyr_id,u1_0.area_no,u1_0.brthdy,u1_0.chg_pwd_cnt,u1_0.frst_register_id,u1_0.frst_regist_pnttm,u1_0.detail_adres,u1_0.email_adres,u1_0.emplyr_sttus_code,u1_0.empl_no,u1_0.esntl_id,u1_0.fxnum,u1_0.group_id,u1_0.house_adres,u1_0.house_end_telno,u1_0.house_middle_telno,u1_0.ihidnum,u1_0.pstinst_code,u1_0.last_updusr_id,u1_0.last_updt_pnttm,u1_0.lock_at,u1_0.lock_cnt,u1_0.lock_last_pnttm,u1_0.mbtlnum,u1_0.ofcps_nm,u1_0.offm_telno,u1_0.orgnzt_id,u1_0.password,u1_0.password_cnsr,u1_0.password_hint,u1_0.chg_pwd_last_pnttm,u1_0.role,u1_0.sbscrb_de,u1_0.sexdstn_code,u1_0.crtfc_dn_value,u1_0.user_nm,u1_0.zip from nemplyrinfo u1_0 where u1_0.emplyr_id=?
2026-03-16 17:01:03 [http-nio-8080-exec-13] DEBUG o.s.orm.jpa.JpaTransactionManager - Exposing JPA transaction as JDBC [org.springframework.orm.jpa.vendor.HibernateJpaDialect$HibernateConnectionHandle@2cd7e49d]
2026-03-16 17:01:03 [http-nio-8080-exec-13] DEBUG o.s.orm.jpa.JpaTransactionManager - Found thread-bound EntityManager [SessionImpl(875382779<open>)] for JPA transaction
2026-03-16 17:01:03 [http-nio-8080-exec-13] DEBUG o.s.orm.jpa.JpaTransactionManager - Participating in existing transaction
2026-03-16 17:01:03 [http-nio-8080-exec-13] DEBUG org.hibernate.SQL - select u1_0.emplyr_id,u1_0.area_no,u1_0.brthdy,u1_0.chg_pwd_cnt,u1_0.frst_register_id,u1_0.frst_regist_pnttm,u1_0.detail_adres,u1_0.email_adres,u1_0.emplyr_sttus_code,u1_0.empl_no,u1_0.esntl_id,u1_0.fxnum,u1_0.group_id,u1_0.house_adres,u1_0.house_end_telno,u1_0.house_middle_telno,u1_0.ihidnum,u1_0.pstinst_code,u1_0.last_updusr_id,u1_0.last_updt_pnttm,u1_0.lock_at,u1_0.lock_cnt,u1_0.lock_last_pnttm,u1_0.mbtlnum,u1_0.ofcps_nm,u1_0.offm_telno,u1_0.orgnzt_id,u1_0.password,u1_0.password_cnsr,u1_0.password_hint,u1_0.chg_pwd_last_pnttm,u1_0.role,u1_0.sbscrb_de,u1_0.sexdstn_code,u1_0.crtfc_dn_value,u1_0.user_nm,u1_0.zip from nemplyrinfo u1_0 where u1_0.emplyr_id=?
2026-03-16 17:01:04 [http-nio-8080-exec-14] DEBUG o.s.orm.jpa.JpaTransactionManager - Found thread-bound EntityManager [SessionImpl(1792821961<open>)] for JPA transaction
2026-03-16 17:01:04 [http-nio-8080-exec-14] DEBUG o.s.orm.jpa.JpaTransactionManager - Participating in existing transaction
2026-03-16 17:01:04 [http-nio-8080-exec-14] DEBUG org.hibernate.SQL - select ua1_0.scrty_dtrmn_trget_id,ua1_0.author_code,ua1_0.frst_register_id,ua1_0.frst_regist_pnttm,ua1_0.last_updusr_id,ua1_0.last_updt_pnttm,ua1_0.mber_ty_code from nemplyrscrtyestbs ua1_0 where ua1_0.scrty_dtrmn_trget_id=?
2026-03-16 17:01:04 [http-nio-8080-exec-6] DEBUG o.s.orm.jpa.JpaTransactionManager - Found thread-bound EntityManager [SessionImpl(681766749<open>)] for JPA transaction
2026-03-16 17:01:04 [http-nio-8080-exec-6] DEBUG o.s.orm.jpa.JpaTransactionManager - Participating in existing transaction
2026-03-16 17:01:04 [http-nio-8080-exec-6] DEBUG org.hibernate.SQL - select ua1_0.scrty_dtrmn_trget_id,ua1_0.author_code,ua1_0.frst_register_id,ua1_0.frst_regist_pnttm,ua1_0.last_updusr_id,ua1_0.last_updt_pnttm,ua1_0.mber_ty_code from nemplyrscrtyestbs ua1_0 where ua1_0.scrty_dtrmn_trget_id=?
2026-03-16 17:01:04 [http-nio-8080-exec-13] DEBUG o.s.orm.jpa.JpaTransactionManager - Found thread-bound EntityManager [SessionImpl(875382779<open>)] for JPA transaction
2026-03-16 17:01:04 [http-nio-8080-exec-13] DEBUG o.s.orm.jpa.JpaTransactionManager - Participating in existing transaction
2026-03-16 17:01:04 [http-nio-8080-exec-13] DEBUG org.hibernate.SQL - select ua1_0.scrty_dtrmn_trget_id,ua1_0.author_code,ua1_0.frst_register_id,ua1_0.frst_regist_pnttm,ua1_0.last_updusr_id,ua1_0.last_updt_pnttm,ua1_0.mber_ty_code from nemplyrscrtyestbs ua1_0 where ua1_0.scrty_dtrmn_trget_id=?
2026-03-16 17:01:04 [http-nio-8080-exec-14] DEBUG o.s.orm.jpa.JpaTransactionManager - Initiating transaction commit
2026-03-16 17:01:04 [http-nio-8080-exec-14] DEBUG o.s.orm.jpa.JpaTransactionManager - Committing JPA transaction on EntityManager [SessionImpl(1792821961<open>)]
2026-03-16 17:01:04 [http-nio-8080-exec-6] DEBUG o.s.orm.jpa.JpaTransactionManager - Initiating transaction commit
2026-03-16 17:01:04 [http-nio-8080-exec-6] DEBUG o.s.orm.jpa.JpaTransactionManager - Committing JPA transaction on EntityManager [SessionImpl(681766749<open>)]
2026-03-16 17:01:04 [http-nio-8080-exec-13] DEBUG o.s.orm.jpa.JpaTransactionManager - Initiating transaction commit
2026-03-16 17:01:04 [http-nio-8080-exec-13] DEBUG o.s.orm.jpa.JpaTransactionManager - Committing JPA transaction on EntityManager [SessionImpl(875382779<open>)]
2026-03-16 17:01:04 [http-nio-8080-exec-14] DEBUG o.s.orm.jpa.JpaTransactionManager - Closing JPA EntityManager [SessionImpl(1792821961<open>)] after transaction
2026-03-16 17:01:04 [http-nio-8080-exec-6] DEBUG o.s.orm.jpa.JpaTransactionManager - Closing JPA EntityManager [SessionImpl(681766749<open>)] after transaction
2026-03-16 17:01:04 [http-nio-8080-exec-14] DEBUG c.c.p.s.jwt.JwtAuthenticationFilter - >>> [JwtFilter] Successfully authenticated user: USRCNFRM_99999999999, Authorities: [ROLE_ADMIN]
2026-03-16 17:01:04 [http-nio-8080-exec-6] DEBUG c.c.p.s.jwt.JwtAuthenticationFilter - >>> [JwtFilter] Successfully authenticated user: USRCNFRM_99999999999, Authorities: [ROLE_ADMIN]
2026-03-16 17:01:04 [http-nio-8080-exec-14] DEBUG o.s.web.servlet.DispatcherServlet - GET "/api/v1/menu/left?menuNo=10", parameters={masked}
2026-03-16 17:01:04 [http-nio-8080-exec-6] DEBUG o.s.web.servlet.DispatcherServlet - GET "/api/v1/auth/me", parameters={}
2026-03-16 17:01:04 [http-nio-8080-exec-14] TRACE o.s.w.s.m.m.a.RequestMappingHandlerMapping - Mapped to com.company.project.api.controller.menu.MenuController#getLeftMenu(Long)
2026-03-16 17:01:04 [http-nio-8080-exec-6] TRACE o.s.w.s.m.m.a.RequestMappingHandlerMapping - Mapped to com.company.project.api.auth.AuthController#getCurrentUser()
2026-03-16 17:01:04 [http-nio-8080-exec-14] INFO  c.c.p.a.c.menu.MenuController - getLeftMenu called with menuNo=10
2026-03-16 17:01:04 [http-nio-8080-exec-14] DEBUG o.s.orm.jpa.JpaTransactionManager - Creating new transaction with name [com.company.project.service.menu.MenuService.getSubMenus]: PROPAGATION_REQUIRED,ISOLATION_DEFAULT,readOnly
2026-03-16 17:01:04 [http-nio-8080-exec-14] DEBUG o.s.orm.jpa.JpaTransactionManager - Opened new EntityManager [SessionImpl(1158151428<open>)] for JPA transaction
2026-03-16 17:01:04 [http-nio-8080-exec-14] DEBUG o.s.orm.jpa.JpaTransactionManager - Exposing JPA transaction as JDBC [org.springframework.orm.jpa.vendor.HibernateJpaDialect$HibernateConnectionHandle@24ed586a]
2026-03-16 17:01:04 [http-nio-8080-exec-6] DEBUG o.s.w.s.m.m.a.RequestResponseBodyMethodProcessor - Using 'application/json', given [application/json, text/plain, */*] and supported [application/json, application/*+json, application/yaml]
2026-03-16 17:01:04 [http-nio-8080-exec-6] TRACE o.s.w.s.m.m.a.RequestResponseBodyMethodProcessor - Writing [ApiResponse[success=true, status=200, code=COMMON_001, message=Success, data={role=ROLE_ADMIN, userSe=EMP, name=관리자, id=webmaster}, timestamp=2026-03-16T17:01:04.323387700]]
2026-03-16 17:01:04 [http-nio-8080-exec-14] DEBUG org.hibernate.SQL - select m1_0.menu_no,m1_0.menu_dc,m1_0.menu_nm,m1_0.menu_ordr,m1_0.modern_route,m1_0.progrm_file_nm,m1_0.relate_image_nm,m1_0.relate_image_path,m1_0.route_updated_at,m1_0.upper_menu_no from nmenuinfo m1_0 order by m1_0.upper_menu_no,m1_0.menu_ordr
2026-03-16 17:01:04 [http-nio-8080-exec-6] INFO  c.c.p.a.i.OperationalAuditInterceptor - API Audit Log: URL=/api/v1/auth/me, User=webmaster, IP=127.0.0.1
2026-03-16 17:01:04 [http-nio-8080-exec-6] DEBUG o.s.web.servlet.DispatcherServlet - Completed 200 OK
2026-03-16 17:01:04 [http-nio-8080-exec-13] DEBUG o.s.orm.jpa.JpaTransactionManager - Closing JPA EntityManager [SessionImpl(875382779<open>)] after transaction
2026-03-16 17:01:04 [http-nio-8080-exec-13] DEBUG c.c.p.s.jwt.JwtAuthenticationFilter - >>> [JwtFilter] Successfully authenticated user: USRCNFRM_99999999999, Authorities: [ROLE_ADMIN]
2026-03-16 17:01:04 [http-nio-8080-exec-13] DEBUG o.s.web.servlet.DispatcherServlet - GET "/api/v1/menu/head", parameters={}
2026-03-16 17:01:04 [http-nio-8080-exec-13] TRACE o.s.w.s.m.m.a.RequestMappingHandlerMapping - Mapped to com.company.project.api.controller.menu.MenuController#getHeadMenu()
2026-03-16 17:01:04 [http-nio-8080-exec-13] INFO  c.c.p.a.c.menu.MenuController - getHeadMenu called
2026-03-16 17:01:04 [http-nio-8080-exec-13] INFO  c.c.p.a.c.menu.MenuController - getHeadMenu returned 5 items
2026-03-16 17:01:04 [http-nio-8080-exec-13] DEBUG o.s.w.s.m.m.a.HttpEntityMethodProcessor - Using 'application/json', given [application/json, text/plain, */*] and supported [application/json, application/*+json, application/yaml]
2026-03-16 17:01:04 [http-nio-8080-exec-13] TRACE o.s.w.s.m.m.a.HttpEntityMethodProcessor - Writing [ApiResponse[success=true, status=200, code=COMMON_001, message=Success, data={list=[com.company.project.service.menu.dto.MenuDto@2b80d6b0, com.company.project.service.menu.dto.MenuDto@1418cfa3, com.company.project.service.menu.dto.MenuDto@f230bf1, com.company.project.service.menu.dto.MenuDto@734a7f6a, com.company.project.service.menu.dto.MenuDto@5e5202e5]}, timestamp=2026-03-16T17:01:04.347940300]]
2026-03-16 17:01:04 [http-nio-8080-exec-13] INFO  c.c.p.a.i.OperationalAuditInterceptor - API Audit Log: URL=/api/v1/menu/head, User=webmaster, IP=127.0.0.1
2026-03-16 17:01:04 [http-nio-8080-exec-13] DEBUG o.s.web.servlet.DispatcherServlet - Completed 200 OK
2026-03-16 17:01:04 [http-nio-8080-exec-12] DEBUG c.c.p.s.jwt.JwtAuthenticationFilter - >>> [JwtFilter] Processing request: GET /api/v1/notifications
2026-03-16 17:01:04 [http-nio-8080-exec-5] DEBUG c.c.p.s.jwt.JwtAuthenticationFilter - >>> [JwtFilter] Processing request: GET /api/v1/notifications/unread-count
2026-03-16 17:01:04 [http-nio-8080-exec-12] DEBUG c.c.p.s.jwt.JwtAuthenticationFilter - >>> [JwtFilter] Found token in header for path: /api/v1/notifications
2026-03-16 17:01:04 [http-nio-8080-exec-5] DEBUG c.c.p.s.jwt.JwtAuthenticationFilter - >>> [JwtFilter] Found token in header for path: /api/v1/notifications/unread-count
2026-03-16 17:01:04 [http-nio-8080-exec-5] DEBUG o.s.orm.jpa.JpaTransactionManager - Creating new transaction with name [com.company.project.security.iam.CustomUserDetailsService.loadUserByUsername]: PROPAGATION_REQUIRED,ISOLATION_DEFAULT,readOnly
2026-03-16 17:01:04 [http-nio-8080-exec-12] DEBUG o.s.orm.jpa.JpaTransactionManager - Creating new transaction with name [com.company.project.security.iam.CustomUserDetailsService.loadUserByUsername]: PROPAGATION_REQUIRED,ISOLATION_DEFAULT,readOnly
2026-03-16 17:01:04 [http-nio-8080-exec-5] DEBUG o.s.orm.jpa.JpaTransactionManager - Opened new EntityManager [SessionImpl(1124613975<open>)] for JPA transaction
2026-03-16 17:01:04 [http-nio-8080-exec-12] DEBUG o.s.orm.jpa.JpaTransactionManager - Opened new EntityManager [SessionImpl(1087421065<open>)] for JPA transaction
2026-03-16 17:01:04 [http-nio-8080-exec-9] DEBUG c.c.p.s.jwt.JwtAuthenticationFilter - >>> [JwtFilter] Processing request: GET /api/v1/popups/active
2026-03-16 17:01:04 [http-nio-8080-exec-2] DEBUG c.c.p.s.jwt.JwtAuthenticationFilter - >>> [JwtFilter] Processing request: GET /api/v1/admin/system/banners/reflected
2026-03-16 17:01:04 [http-nio-8080-exec-9] DEBUG c.c.p.s.jwt.JwtAuthenticationFilter - >>> [JwtFilter] Found token in header for path: /api/v1/popups/active
2026-03-16 17:01:04 [http-nio-8080-exec-2] DEBUG c.c.p.s.jwt.JwtAuthenticationFilter - >>> [JwtFilter] Found token in header for path: /api/v1/admin/system/banners/reflected
2026-03-16 17:01:04 [http-nio-8080-exec-2] DEBUG o.s.orm.jpa.JpaTransactionManager - Creating new transaction with name [com.company.project.security.iam.CustomUserDetailsService.loadUserByUsername]: PROPAGATION_REQUIRED,ISOLATION_DEFAULT,readOnly
2026-03-16 17:01:04 [http-nio-8080-exec-9] DEBUG o.s.orm.jpa.JpaTransactionManager - Creating new transaction with name [com.company.project.security.iam.CustomUserDetailsService.loadUserByUsername]: PROPAGATION_REQUIRED,ISOLATION_DEFAULT,readOnly
2026-03-16 17:01:04 [http-nio-8080-exec-2] DEBUG o.s.orm.jpa.JpaTransactionManager - Opened new EntityManager [SessionImpl(1251773787<open>)] for JPA transaction
2026-03-16 17:01:04 [http-nio-8080-exec-9] DEBUG o.s.orm.jpa.JpaTransactionManager - Opened new EntityManager [SessionImpl(813205879<open>)] for JPA transaction
2026-03-16 17:01:04 [http-nio-8080-exec-18] DEBUG o.s.web.servlet.DispatcherServlet - GET "/ws/info?t=1773648064391", parameters={masked}
2026-03-16 17:01:04 [http-nio-8080-exec-18] DEBUG o.s.w.s.s.s.WebSocketHandlerMapping - Mapped to org.springframework.web.socket.sockjs.support.SockJsHttpRequestHandler@3d80b7ba
2026-03-16 17:01:04 [http-nio-8080-exec-18] DEBUG o.s.w.s.s.t.h.DefaultSockJsService - Processing transport request: GET http://localhost:8080/ws/info?t=1773648064391
2026-03-16 17:01:04 [http-nio-8080-exec-18] DEBUG o.s.web.servlet.DispatcherServlet - Completed 200 OK
2026-03-16 17:01:04 [http-nio-8080-exec-4] DEBUG o.s.web.servlet.DispatcherServlet - GET "/ws/483/vwy4dj41/websocket", parameters={}
2026-03-16 17:01:04 [http-nio-8080-exec-4] DEBUG o.s.w.s.s.s.WebSocketHandlerMapping - Mapped to org.springframework.web.socket.sockjs.support.SockJsHttpRequestHandler@3d80b7ba
2026-03-16 17:01:04 [http-nio-8080-exec-4] DEBUG o.s.w.s.s.t.h.DefaultSockJsService - Processing transport request: GET http://localhost:8080/ws/483/vwy4dj41/websocket
2026-03-16 17:01:04 [http-nio-8080-exec-4] DEBUG o.s.web.servlet.DispatcherServlet - Completed 101 SWITCHING_PROTOCOLS
2026-03-16 17:01:04 [http-nio-8080-exec-4] DEBUG o.s.w.s.h.LoggingWebSocketHandlerDecorator - New WebSocketServerSockJsSession[id=vwy4dj41]
2026-03-16 17:01:04 [scheduling-1] DEBUG org.springframework.web.SimpLogging - Processing CONNECT session=vwy4dj41
2026-03-16 17:01:04 [scheduling-1] DEBUG org.springframework.web.SimpLogging - Processing SUBSCRIBE /topic/notices id=sub-0 session=vwy4dj41
2026-03-16 17:01:04 [scheduling-1] DEBUG org.springframework.web.SimpLogging - Processing SUBSCRIBE destination=/queue/notifications-uservwy4dj41 subscriptionId=sub-1 session=vwy4dj41 payload=byte[0]
2026-03-16 17:01:04 [scheduling-1] DEBUG org.springframework.web.SimpLogging - Processing SUBSCRIBE /topic/public id=sub-2 session=vwy4dj41
2026-03-16 17:01:04 [scheduling-1] DEBUG org.springframework.web.SimpLogging - Processing SUBSCRIBE /topic/dashboard/stats id=sub-4 session=vwy4dj41
2026-03-16 17:01:04 [scheduling-1] DEBUG org.springframework.web.SimpLogging - Processing SUBSCRIBE /topic/notifications id=sub-5 session=vwy4dj41
2026-03-16 17:01:04 [scheduling-1] DEBUG org.springframework.web.SimpLogging - Processing SUBSCRIBE destination=/queue/notifications-uservwy4dj41 subscriptionId=sub-6 session=vwy4dj41 payload=byte[0]
2026-03-16 17:01:04 [http-nio-8080-exec-15] DEBUG c.c.p.s.jwt.JwtAuthenticationFilter - >>> [JwtFilter] Processing request: GET /api/v1/admin/system/statistics/connect
2026-03-16 17:01:04 [http-nio-8080-exec-15] DEBUG c.c.p.s.jwt.JwtAuthenticationFilter - >>> [JwtFilter] Found token in header for path: /api/v1/admin/system/statistics/connect
2026-03-16 17:01:04 [http-nio-8080-exec-15] DEBUG o.s.orm.jpa.JpaTransactionManager - Creating new transaction with name [com.company.project.security.iam.CustomUserDetailsService.loadUserByUsername]: PROPAGATION_REQUIRED,ISOLATION_DEFAULT,readOnly
2026-03-16 17:01:04 [http-nio-8080-exec-15] DEBUG o.s.orm.jpa.JpaTransactionManager - Opened new EntityManager [SessionImpl(716051012<open>)] for JPA transaction
2026-03-16 17:01:04 [http-nio-8080-exec-12] DEBUG o.s.orm.jpa.JpaTransactionManager - Exposing JPA transaction as JDBC [org.springframework.orm.jpa.vendor.HibernateJpaDialect$HibernateConnectionHandle@3817922a]
2026-03-16 17:01:04 [http-nio-8080-exec-5] DEBUG o.s.orm.jpa.JpaTransactionManager - Exposing JPA transaction as JDBC [org.springframework.orm.jpa.vendor.HibernateJpaDialect$HibernateConnectionHandle@55304a9b]
2026-03-16 17:01:04 [http-nio-8080-exec-12] DEBUG o.s.orm.jpa.JpaTransactionManager - Found thread-bound EntityManager [SessionImpl(1087421065<open>)] for JPA transaction
2026-03-16 17:01:04 [http-nio-8080-exec-12] DEBUG o.s.orm.jpa.JpaTransactionManager - Participating in existing transaction
2026-03-16 17:01:04 [http-nio-8080-exec-5] DEBUG o.s.orm.jpa.JpaTransactionManager - Found thread-bound EntityManager [SessionImpl(1124613975<open>)] for JPA transaction
2026-03-16 17:01:04 [http-nio-8080-exec-5] DEBUG o.s.orm.jpa.JpaTransactionManager - Participating in existing transaction
2026-03-16 17:01:04 [http-nio-8080-exec-12] DEBUG org.hibernate.SQL - select u1_0.emplyr_id,u1_0.area_no,u1_0.brthdy,u1_0.chg_pwd_cnt,u1_0.frst_register_id,u1_0.frst_regist_pnttm,u1_0.detail_adres,u1_0.email_adres,u1_0.emplyr_sttus_code,u1_0.empl_no,u1_0.esntl_id,u1_0.fxnum,u1_0.group_id,u1_0.house_adres,u1_0.house_end_telno,u1_0.house_middle_telno,u1_0.ihidnum,u1_0.pstinst_code,u1_0.last_updusr_id,u1_0.last_updt_pnttm,u1_0.lock_at,u1_0.lock_cnt,u1_0.lock_last_pnttm,u1_0.mbtlnum,u1_0.ofcps_nm,u1_0.offm_telno,u1_0.orgnzt_id,u1_0.password,u1_0.password_cnsr,u1_0.password_hint,u1_0.chg_pwd_last_pnttm,u1_0.role,u1_0.sbscrb_de,u1_0.sexdstn_code,u1_0.crtfc_dn_value,u1_0.user_nm,u1_0.zip from nemplyrinfo u1_0 where u1_0.emplyr_id=?
2026-03-16 17:01:04 [http-nio-8080-exec-5] DEBUG org.hibernate.SQL - select u1_0.emplyr_id,u1_0.area_no,u1_0.brthdy,u1_0.chg_pwd_cnt,u1_0.frst_register_id,u1_0.frst_regist_pnttm,u1_0.detail_adres,u1_0.email_adres,u1_0.emplyr_sttus_code,u1_0.empl_no,u1_0.esntl_id,u1_0.fxnum,u1_0.group_id,u1_0.house_adres,u1_0.house_end_telno,u1_0.house_middle_telno,u1_0.ihidnum,u1_0.pstinst_code,u1_0.last_updusr_id,u1_0.last_updt_pnttm,u1_0.lock_at,u1_0.lock_cnt,u1_0.lock_last_pnttm,u1_0.mbtlnum,u1_0.ofcps_nm,u1_0.offm_telno,u1_0.orgnzt_id,u1_0.password,u1_0.password_cnsr,u1_0.password_hint,u1_0.chg_pwd_last_pnttm,u1_0.role,u1_0.sbscrb_de,u1_0.sexdstn_code,u1_0.crtfc_dn_value,u1_0.user_nm,u1_0.zip from nemplyrinfo u1_0 where u1_0.emplyr_id=?
2026-03-16 17:01:04 [http-nio-8080-exec-2] DEBUG o.s.orm.jpa.JpaTransactionManager - Exposing JPA transaction as JDBC [org.springframework.orm.jpa.vendor.HibernateJpaDialect$HibernateConnectionHandle@3eb7e4a8]
2026-03-16 17:01:04 [http-nio-8080-exec-9] DEBUG o.s.orm.jpa.JpaTransactionManager - Exposing JPA transaction as JDBC [org.springframework.orm.jpa.vendor.HibernateJpaDialect$HibernateConnectionHandle@4726e300]
2026-03-16 17:01:04 [http-nio-8080-exec-2] DEBUG o.s.orm.jpa.JpaTransactionManager - Found thread-bound EntityManager [SessionImpl(1251773787<open>)] for JPA transaction
2026-03-16 17:01:04 [http-nio-8080-exec-9] DEBUG o.s.orm.jpa.JpaTransactionManager - Found thread-bound EntityManager [SessionImpl(813205879<open>)] for JPA transaction
2026-03-16 17:01:04 [http-nio-8080-exec-2] DEBUG o.s.orm.jpa.JpaTransactionManager - Participating in existing transaction
2026-03-16 17:01:04 [http-nio-8080-exec-9] DEBUG o.s.orm.jpa.JpaTransactionManager - Participating in existing transaction
2026-03-16 17:01:04 [http-nio-8080-exec-2] DEBUG org.hibernate.SQL - select u1_0.emplyr_id,u1_0.area_no,u1_0.brthdy,u1_0.chg_pwd_cnt,u1_0.frst_register_id,u1_0.frst_regist_pnttm,u1_0.detail_adres,u1_0.email_adres,u1_0.emplyr_sttus_code,u1_0.empl_no,u1_0.esntl_id,u1_0.fxnum,u1_0.group_id,u1_0.house_adres,u1_0.house_end_telno,u1_0.house_middle_telno,u1_0.ihidnum,u1_0.pstinst_code,u1_0.last_updusr_id,u1_0.last_updt_pnttm,u1_0.lock_at,u1_0.lock_cnt,u1_0.lock_last_pnttm,u1_0.mbtlnum,u1_0.ofcps_nm,u1_0.offm_telno,u1_0.orgnzt_id,u1_0.password,u1_0.password_cnsr,u1_0.password_hint,u1_0.chg_pwd_last_pnttm,u1_0.role,u1_0.sbscrb_de,u1_0.sexdstn_code,u1_0.crtfc_dn_value,u1_0.user_nm,u1_0.zip from nemplyrinfo u1_0 where u1_0.emplyr_id=?
2026-03-16 17:01:04 [http-nio-8080-exec-9] DEBUG org.hibernate.SQL - select u1_0.emplyr_id,u1_0.area_no,u1_0.brthdy,u1_0.chg_pwd_cnt,u1_0.frst_register_id,u1_0.frst_regist_pnttm,u1_0.detail_adres,u1_0.email_adres,u1_0.emplyr_sttus_code,u1_0.empl_no,u1_0.esntl_id,u1_0.fxnum,u1_0.group_id,u1_0.house_adres,u1_0.house_end_telno,u1_0.house_middle_telno,u1_0.ihidnum,u1_0.pstinst_code,u1_0.last_updusr_id,u1_0.last_updt_pnttm,u1_0.lock_at,u1_0.lock_cnt,u1_0.lock_last_pnttm,u1_0.mbtlnum,u1_0.ofcps_nm,u1_0.offm_telno,u1_0.orgnzt_id,u1_0.password,u1_0.password_cnsr,u1_0.password_hint,u1_0.chg_pwd_last_pnttm,u1_0.role,u1_0.sbscrb_de,u1_0.sexdstn_code,u1_0.crtfc_dn_value,u1_0.user_nm,u1_0.zip from nemplyrinfo u1_0 where u1_0.emplyr_id=?
2026-03-16 17:01:04 [http-nio-8080-exec-15] DEBUG o.s.orm.jpa.JpaTransactionManager - Exposing JPA transaction as JDBC [org.springframework.orm.jpa.vendor.HibernateJpaDialect$HibernateConnectionHandle@5296ecd5]
2026-03-16 17:01:04 [http-nio-8080-exec-15] DEBUG o.s.orm.jpa.JpaTransactionManager - Found thread-bound EntityManager [SessionImpl(716051012<open>)] for JPA transaction
2026-03-16 17:01:04 [http-nio-8080-exec-15] DEBUG o.s.orm.jpa.JpaTransactionManager - Participating in existing transaction
2026-03-16 17:01:04 [http-nio-8080-exec-15] DEBUG org.hibernate.SQL - select u1_0.emplyr_id,u1_0.area_no,u1_0.brthdy,u1_0.chg_pwd_cnt,u1_0.frst_register_id,u1_0.frst_regist_pnttm,u1_0.detail_adres,u1_0.email_adres,u1_0.emplyr_sttus_code,u1_0.empl_no,u1_0.esntl_id,u1_0.fxnum,u1_0.group_id,u1_0.house_adres,u1_0.house_end_telno,u1_0.house_middle_telno,u1_0.ihidnum,u1_0.pstinst_code,u1_0.last_updusr_id,u1_0.last_updt_pnttm,u1_0.lock_at,u1_0.lock_cnt,u1_0.lock_last_pnttm,u1_0.mbtlnum,u1_0.ofcps_nm,u1_0.offm_telno,u1_0.orgnzt_id,u1_0.password,u1_0.password_cnsr,u1_0.password_hint,u1_0.chg_pwd_last_pnttm,u1_0.role,u1_0.sbscrb_de,u1_0.sexdstn_code,u1_0.crtfc_dn_value,u1_0.user_nm,u1_0.zip from nemplyrinfo u1_0 where u1_0.emplyr_id=?
2026-03-16 17:01:04 [http-nio-8080-exec-14] DEBUG o.s.orm.jpa.JpaTransactionManager - Found thread-bound EntityManager [SessionImpl(1158151428<open>)] for JPA transaction
2026-03-16 17:01:04 [http-nio-8080-exec-14] DEBUG o.s.orm.jpa.JpaTransactionManager - Participating in existing transaction
2026-03-16 17:01:04 [http-nio-8080-exec-14] DEBUG org.hibernate.SQL - select p1_0.progrm_file_nm,p1_0.progrm_dc,p1_0.progrm_korean_nm,p1_0.progrm_stre_path,p1_0.url from nprogrmlist p1_0
2026-03-16 17:01:04 [http-nio-8080-exec-12] DEBUG o.s.orm.jpa.JpaTransactionManager - Found thread-bound EntityManager [SessionImpl(1087421065<open>)] for JPA transaction
2026-03-16 17:01:04 [http-nio-8080-exec-12] DEBUG o.s.orm.jpa.JpaTransactionManager - Participating in existing transaction
2026-03-16 17:01:04 [http-nio-8080-exec-12] DEBUG org.hibernate.SQL - select ua1_0.scrty_dtrmn_trget_id,ua1_0.author_code,ua1_0.frst_register_id,ua1_0.frst_regist_pnttm,ua1_0.last_updusr_id,ua1_0.last_updt_pnttm,ua1_0.mber_ty_code from nemplyrscrtyestbs ua1_0 where ua1_0.scrty_dtrmn_trget_id=?
2026-03-16 17:01:04 [http-nio-8080-exec-5] DEBUG o.s.orm.jpa.JpaTransactionManager - Found thread-bound EntityManager [SessionImpl(1124613975<open>)] for JPA transaction
2026-03-16 17:01:04 [http-nio-8080-exec-5] DEBUG o.s.orm.jpa.JpaTransactionManager - Participating in existing transaction
2026-03-16 17:01:04 [http-nio-8080-exec-5] DEBUG org.hibernate.SQL - select ua1_0.scrty_dtrmn_trget_id,ua1_0.author_code,ua1_0.frst_register_id,ua1_0.frst_regist_pnttm,ua1_0.last_updusr_id,ua1_0.last_updt_pnttm,ua1_0.mber_ty_code from nemplyrscrtyestbs ua1_0 where ua1_0.scrty_dtrmn_trget_id=?
2026-03-16 17:01:04 [http-nio-8080-exec-2] DEBUG o.s.orm.jpa.JpaTransactionManager - Found thread-bound EntityManager [SessionImpl(1251773787<open>)] for JPA transaction
2026-03-16 17:01:04 [http-nio-8080-exec-2] DEBUG o.s.orm.jpa.JpaTransactionManager - Participating in existing transaction
2026-03-16 17:01:04 [http-nio-8080-exec-2] DEBUG org.hibernate.SQL - select ua1_0.scrty_dtrmn_trget_id,ua1_0.author_code,ua1_0.frst_register_id,ua1_0.frst_regist_pnttm,ua1_0.last_updusr_id,ua1_0.last_updt_pnttm,ua1_0.mber_ty_code from nemplyrscrtyestbs ua1_0 where ua1_0.scrty_dtrmn_trget_id=?
2026-03-16 17:01:04 [http-nio-8080-exec-9] DEBUG o.s.orm.jpa.JpaTransactionManager - Found thread-bound EntityManager [SessionImpl(813205879<open>)] for JPA transaction
2026-03-16 17:01:04 [http-nio-8080-exec-9] DEBUG o.s.orm.jpa.JpaTransactionManager - Participating in existing transaction
2026-03-16 17:01:04 [http-nio-8080-exec-9] DEBUG org.hibernate.SQL - select ua1_0.scrty_dtrmn_trget_id,ua1_0.author_code,ua1_0.frst_register_id,ua1_0.frst_regist_pnttm,ua1_0.last_updusr_id,ua1_0.last_updt_pnttm,ua1_0.mber_ty_code from nemplyrscrtyestbs ua1_0 where ua1_0.scrty_dtrmn_trget_id=?
2026-03-16 17:01:04 [http-nio-8080-exec-14] DEBUG o.s.orm.jpa.JpaTransactionManager - Initiating transaction commit
2026-03-16 17:01:04 [http-nio-8080-exec-14] DEBUG o.s.orm.jpa.JpaTransactionManager - Committing JPA transaction on EntityManager [SessionImpl(1158151428<open>)]
2026-03-16 17:01:04 [http-nio-8080-exec-15] DEBUG o.s.orm.jpa.JpaTransactionManager - Found thread-bound EntityManager [SessionImpl(716051012<open>)] for JPA transaction
2026-03-16 17:01:04 [http-nio-8080-exec-15] DEBUG o.s.orm.jpa.JpaTransactionManager - Participating in existing transaction
2026-03-16 17:01:04 [http-nio-8080-exec-15] DEBUG org.hibernate.SQL - select ua1_0.scrty_dtrmn_trget_id,ua1_0.author_code,ua1_0.frst_register_id,ua1_0.frst_regist_pnttm,ua1_0.last_updusr_id,ua1_0.last_updt_pnttm,ua1_0.mber_ty_code from nemplyrscrtyestbs ua1_0 where ua1_0.scrty_dtrmn_trget_id=?
2026-03-16 17:01:04 [http-nio-8080-exec-5] DEBUG o.s.orm.jpa.JpaTransactionManager - Initiating transaction commit
2026-03-16 17:01:04 [http-nio-8080-exec-12] DEBUG o.s.orm.jpa.JpaTransactionManager - Initiating transaction commit
2026-03-16 17:01:04 [http-nio-8080-exec-2] DEBUG o.s.orm.jpa.JpaTransactionManager - Initiating transaction commit
2026-03-16 17:01:04 [http-nio-8080-exec-5] DEBUG o.s.orm.jpa.JpaTransactionManager - Committing JPA transaction on EntityManager [SessionImpl(1124613975<open>)]
2026-03-16 17:01:04 [http-nio-8080-exec-12] DEBUG o.s.orm.jpa.JpaTransactionManager - Committing JPA transaction on EntityManager [SessionImpl(1087421065<open>)]
2026-03-16 17:01:04 [http-nio-8080-exec-2] DEBUG o.s.orm.jpa.JpaTransactionManager - Committing JPA transaction on EntityManager [SessionImpl(1251773787<open>)]
2026-03-16 17:01:04 [http-nio-8080-exec-9] DEBUG o.s.orm.jpa.JpaTransactionManager - Initiating transaction commit
2026-03-16 17:01:04 [http-nio-8080-exec-9] DEBUG o.s.orm.jpa.JpaTransactionManager - Committing JPA transaction on EntityManager [SessionImpl(813205879<open>)]
2026-03-16 17:01:04 [http-nio-8080-exec-14] DEBUG o.s.orm.jpa.JpaTransactionManager - Closing JPA EntityManager [SessionImpl(1158151428<open>)] after transaction
2026-03-16 17:01:04 [http-nio-8080-exec-15] DEBUG o.s.orm.jpa.JpaTransactionManager - Initiating transaction commit
2026-03-16 17:01:04 [http-nio-8080-exec-15] DEBUG o.s.orm.jpa.JpaTransactionManager - Committing JPA transaction on EntityManager [SessionImpl(716051012<open>)]
2026-03-16 17:01:04 [http-nio-8080-exec-14] INFO  c.c.p.a.c.menu.MenuController - getLeftMenu returned 5 items
2026-03-16 17:01:04 [http-nio-8080-exec-14] DEBUG o.s.w.s.m.m.a.HttpEntityMethodProcessor - Using 'application/json', given [application/json, text/plain, */*] and supported [application/json, application/*+json, application/yaml]
2026-03-16 17:01:04 [http-nio-8080-exec-14] TRACE o.s.w.s.m.m.a.HttpEntityMethodProcessor - Writing [ApiResponse[success=true, status=200, code=COMMON_001, message=Success, data={list=[com.company.project.service.menu.dto.MenuDto@8828748, com.company.project.service.menu.dto.MenuDto@6c88a46, com.company.project.service.menu.dto.MenuDto@625b23a0, com.company.project.service.menu.dto.MenuDto@6ac1a681, com.company.project.service.menu.dto.MenuDto@7665d456]}, timestamp=2026-03-16T17:01:04.962531500]]
2026-03-16 17:01:04 [http-nio-8080-exec-14] INFO  c.c.p.a.i.OperationalAuditInterceptor - API Audit Log: URL=/api/v1/menu/left, User=webmaster, IP=127.0.0.1
2026-03-16 17:01:04 [http-nio-8080-exec-14] DEBUG o.s.web.servlet.DispatcherServlet - Completed 200 OK
2026-03-16 17:01:04 [http-nio-8080-exec-7] DEBUG c.c.p.s.jwt.JwtAuthenticationFilter - >>> [JwtFilter] Processing request: GET /api/v1/admin/system/statistics/bbs
2026-03-16 17:01:04 [http-nio-8080-exec-7] DEBUG c.c.p.s.jwt.JwtAuthenticationFilter - >>> [JwtFilter] Found token in header for path: /api/v1/admin/system/statistics/bbs
2026-03-16 17:01:04 [http-nio-8080-exec-7] DEBUG o.s.orm.jpa.JpaTransactionManager - Creating new transaction with name [com.company.project.security.iam.CustomUserDetailsService.loadUserByUsername]: PROPAGATION_REQUIRED,ISOLATION_DEFAULT,readOnly
2026-03-16 17:01:04 [http-nio-8080-exec-7] DEBUG o.s.orm.jpa.JpaTransactionManager - Opened new EntityManager [SessionImpl(1831834352<open>)] for JPA transaction
2026-03-16 17:01:04 [http-nio-8080-exec-5] DEBUG o.s.orm.jpa.JpaTransactionManager - Closing JPA EntityManager [SessionImpl(1124613975<open>)] after transaction
2026-03-16 17:01:04 [http-nio-8080-exec-5] DEBUG c.c.p.s.jwt.JwtAuthenticationFilter - >>> [JwtFilter] Successfully authenticated user: USRCNFRM_99999999999, Authorities: [ROLE_ADMIN]
2026-03-16 17:01:04 [http-nio-8080-exec-2] DEBUG o.s.orm.jpa.JpaTransactionManager - Closing JPA EntityManager [SessionImpl(1251773787<open>)] after transaction
2026-03-16 17:01:04 [http-nio-8080-exec-2] DEBUG c.c.p.s.jwt.JwtAuthenticationFilter - >>> [JwtFilter] Successfully authenticated user: USRCNFRM_99999999999, Authorities: [ROLE_ADMIN]
2026-03-16 17:01:04 [http-nio-8080-exec-5] DEBUG o.s.web.servlet.DispatcherServlet - GET "/api/v1/notifications/unread-count", parameters={}
2026-03-16 17:01:04 [http-nio-8080-exec-2] DEBUG o.s.web.servlet.DispatcherServlet - GET "/api/v1/admin/system/banners/reflected", parameters={}
2026-03-16 17:01:04 [http-nio-8080-exec-2] TRACE o.s.w.s.m.m.a.RequestMappingHandlerMapping - Mapped to com.company.project.api.controller.system.content.banner.BannerApiController#getReflectedBanners()
2026-03-16 17:01:04 [http-nio-8080-exec-5] TRACE o.s.w.s.m.m.a.RequestMappingHandlerMapping - Mapped to com.company.project.api.controller.notification.NotificationController#getUnreadCount(UserDetails)
2026-03-16 17:01:04 [http-nio-8080-exec-2] DEBUG o.s.orm.jpa.JpaTransactionManager - Creating new transaction with name [com.company.project.service.system.content.banner.BannerService.getReflectedBanners]: PROPAGATION_REQUIRED,ISOLATION_DEFAULT,readOnly
2026-03-16 17:01:04 [http-nio-8080-exec-2] DEBUG o.s.orm.jpa.JpaTransactionManager - Opened new EntityManager [SessionImpl(145595520<open>)] for JPA transaction
2026-03-16 17:01:04 [http-nio-8080-exec-5] DEBUG o.s.orm.jpa.JpaTransactionManager - Creating new transaction with name [com.company.project.service.notification.NotificationService.getUnreadCount]: PROPAGATION_REQUIRED,ISOLATION_DEFAULT,readOnly
2026-03-16 17:01:04 [http-nio-8080-exec-2] DEBUG o.s.orm.jpa.JpaTransactionManager - Exposing JPA transaction as JDBC [org.springframework.orm.jpa.vendor.HibernateJpaDialect$HibernateConnectionHandle@3b72b899]
2026-03-16 17:01:04 [http-nio-8080-exec-5] DEBUG o.s.orm.jpa.JpaTransactionManager - Opened new EntityManager [SessionImpl(1814819043<open>)] for JPA transaction
2026-03-16 17:01:04 [http-nio-8080-exec-5] DEBUG o.s.orm.jpa.JpaTransactionManager - Exposing JPA transaction as JDBC [org.springframework.orm.jpa.vendor.HibernateJpaDialect$HibernateConnectionHandle@5fa27522]
2026-03-16 17:01:04 [http-nio-8080-exec-2] DEBUG org.hibernate.SQL - select b1_0.banner_id,b1_0.banner_dc,b1_0.banner_image,b1_0.banner_image_file,b1_0.banner_nm,b1_0.frst_register_id,b1_0.frst_regist_pnttm,b1_0.last_updusr_id,b1_0.last_updt_pnttm,b1_0.link_url,b1_0.reflct_at,b1_0.sort_ordr from nbanner b1_0 where b1_0.reflct_at=? order by b1_0.sort_ordr
2026-03-16 17:01:04 [http-nio-8080-exec-5] DEBUG org.hibernate.SQL - select count(n1_0.ntcn_no) from n_user_notification n1_0 where n1_0.receiver_id=? and n1_0.is_read=?
2026-03-16 17:01:05 [http-nio-8080-exec-9] DEBUG o.s.orm.jpa.JpaTransactionManager - Closing JPA EntityManager [SessionImpl(813205879<open>)] after transaction
2026-03-16 17:01:05 [http-nio-8080-exec-12] DEBUG o.s.orm.jpa.JpaTransactionManager - Closing JPA EntityManager [SessionImpl(1087421065<open>)] after transaction
2026-03-16 17:01:05 [http-nio-8080-exec-9] DEBUG c.c.p.s.jwt.JwtAuthenticationFilter - >>> [JwtFilter] Successfully authenticated user: USRCNFRM_99999999999, Authorities: [ROLE_ADMIN]
2026-03-16 17:01:05 [http-nio-8080-exec-12] DEBUG c.c.p.s.jwt.JwtAuthenticationFilter - >>> [JwtFilter] Successfully authenticated user: USRCNFRM_99999999999, Authorities: [ROLE_ADMIN]
2026-03-16 17:01:05 [http-nio-8080-exec-12] DEBUG o.s.web.servlet.DispatcherServlet - GET "/api/v1/notifications", parameters={}
2026-03-16 17:01:05 [http-nio-8080-exec-9] DEBUG o.s.web.servlet.DispatcherServlet - GET "/api/v1/popups/active", parameters={}
2026-03-16 17:01:05 [http-nio-8080-exec-12] TRACE o.s.w.s.m.m.a.RequestMappingHandlerMapping - Mapped to com.company.project.api.controller.notification.NotificationController#getMyNotifications(UserDetails)
2026-03-16 17:01:05 [http-nio-8080-exec-9] TRACE o.s.w.s.m.m.a.RequestMappingHandlerMapping - Mapped to com.company.project.api.controller.system.content.popup.PopupController#getActivePopups()
2026-03-16 17:01:05 [http-nio-8080-exec-9] DEBUG o.s.orm.jpa.JpaTransactionManager - Creating new transaction with name [com.company.project.service.system.content.popup.PopupServiceImpl.getActivePopups]: PROPAGATION_REQUIRED,ISOLATION_DEFAULT,readOnly
2026-03-16 17:01:05 [http-nio-8080-exec-12] DEBUG o.s.orm.jpa.JpaTransactionManager - Creating new transaction with name [com.company.project.service.notification.NotificationService.getActiveNotifications]: PROPAGATION_REQUIRED,ISOLATION_DEFAULT,readOnly
2026-03-16 17:01:05 [http-nio-8080-exec-9] DEBUG o.s.orm.jpa.JpaTransactionManager - Opened new EntityManager [SessionImpl(1826897009<open>)] for JPA transaction
2026-03-16 17:01:05 [http-nio-8080-exec-12] DEBUG o.s.orm.jpa.JpaTransactionManager - Opened new EntityManager [SessionImpl(1381583844<open>)] for JPA transaction
2026-03-16 17:01:05 [http-nio-8080-exec-12] DEBUG o.s.orm.jpa.JpaTransactionManager - Exposing JPA transaction as JDBC [org.springframework.orm.jpa.vendor.HibernateJpaDialect$HibernateConnectionHandle@54aed881]
2026-03-16 17:01:05 [http-nio-8080-exec-9] DEBUG o.s.orm.jpa.JpaTransactionManager - Exposing JPA transaction as JDBC [org.springframework.orm.jpa.vendor.HibernateJpaDialect$HibernateConnectionHandle@3836816]
2026-03-16 17:01:05 [http-nio-8080-exec-12] DEBUG o.s.orm.jpa.JpaTransactionManager - Found thread-bound EntityManager [SessionImpl(1381583844<open>)] for JPA transaction
2026-03-16 17:01:05 [http-nio-8080-exec-12] DEBUG o.s.orm.jpa.JpaTransactionManager - Participating in existing transaction
2026-03-16 17:01:05 [http-nio-8080-exec-9] DEBUG org.hibernate.SQL - select p1_0.popup_id,p1_0.frst_register_id,p1_0.frst_regist_pnttm,p1_0.file_url,p1_0.ntce_at,p1_0.stopvew_setup_at,p1_0.last_updusr_id,p1_0.last_updt_pnttm,p1_0.ntce_bgnde,p1_0.ntce_endde,p1_0.popup_vrticl_lc,p1_0.popup_vrticl_size,p1_0.popup_sj_nm,p1_0.popup_width_lc,p1_0.popup_width_size from npopupmanage p1_0 where p1_0.ntce_at='Y' and ? between p1_0.ntce_bgnde and p1_0.ntce_endde
2026-03-16 17:01:05 [http-nio-8080-exec-12] DEBUG org.hibernate.SQL - select n1_0.ntcn_no,n1_0.frst_register_id,n1_0.frst_regist_pnttm,n1_0.is_read,n1_0.last_updusr_id,n1_0.last_updt_pnttm,n1_0.link_url,n1_0.ntcn_cn,n1_0.ntcn_sj,n1_0.receiver_id from n_user_notification n1_0
2026-03-16 17:01:05 [http-nio-8080-exec-15] DEBUG o.s.orm.jpa.JpaTransactionManager - Closing JPA EntityManager [SessionImpl(716051012<open>)] after transaction
2026-03-16 17:01:05 [http-nio-8080-exec-7] DEBUG o.s.orm.jpa.JpaTransactionManager - Exposing JPA transaction as JDBC [org.springframework.orm.jpa.vendor.HibernateJpaDialect$HibernateConnectionHandle@7956e79e]
2026-03-16 17:01:05 [http-nio-8080-exec-15] DEBUG c.c.p.s.jwt.JwtAuthenticationFilter - >>> [JwtFilter] Successfully authenticated user: USRCNFRM_99999999999, Authorities: [ROLE_ADMIN]
2026-03-16 17:01:05 [http-nio-8080-exec-7] DEBUG o.s.orm.jpa.JpaTransactionManager - Found thread-bound EntityManager [SessionImpl(1831834352<open>)] for JPA transaction
2026-03-16 17:01:05 [http-nio-8080-exec-7] DEBUG o.s.orm.jpa.JpaTransactionManager - Participating in existing transaction
2026-03-16 17:01:05 [http-nio-8080-exec-7] DEBUG org.hibernate.SQL - select u1_0.emplyr_id,u1_0.area_no,u1_0.brthdy,u1_0.chg_pwd_cnt,u1_0.frst_register_id,u1_0.frst_regist_pnttm,u1_0.detail_adres,u1_0.email_adres,u1_0.emplyr_sttus_code,u1_0.empl_no,u1_0.esntl_id,u1_0.fxnum,u1_0.group_id,u1_0.house_adres,u1_0.house_end_telno,u1_0.house_middle_telno,u1_0.ihidnum,u1_0.pstinst_code,u1_0.last_updusr_id,u1_0.last_updt_pnttm,u1_0.lock_at,u1_0.lock_cnt,u1_0.lock_last_pnttm,u1_0.mbtlnum,u1_0.ofcps_nm,u1_0.offm_telno,u1_0.orgnzt_id,u1_0.password,u1_0.password_cnsr,u1_0.password_hint,u1_0.chg_pwd_last_pnttm,u1_0.role,u1_0.sbscrb_de,u1_0.sexdstn_code,u1_0.crtfc_dn_value,u1_0.user_nm,u1_0.zip from nemplyrinfo u1_0 where u1_0.emplyr_id=?
2026-03-16 17:01:05 [http-nio-8080-exec-15] DEBUG o.s.web.servlet.DispatcherServlet - GET "/api/v1/admin/system/statistics/connect?statsKind=SERVICE", parameters={masked}
2026-03-16 17:01:05 [http-nio-8080-exec-15] DEBUG o.s.w.s.h.SimpleUrlHandlerMapping - Mapped to ResourceHttpRequestHandler [classpath [META-INF/resources/], classpath [resources/], classpath [static/], classpath [public/], ServletContext [/]]
2026-03-16 17:01:05 [http-nio-8080-exec-15] DEBUG o.s.w.s.r.ResourceHttpRequestHandler - Resource not found
2026-03-16 17:01:05 [http-nio-8080-exec-15] DEBUG o.s.w.s.m.m.a.ExceptionHandlerExceptionResolver - Using @ExceptionHandler com.company.project.core.exception.GlobalExceptionHandler#handleException(Exception)
2026-03-16 17:01:05 [http-nio-8080-exec-15] ERROR c.c.p.c.e.GlobalExceptionHandler - >>> Internal Server Error: No static resource api/v1/admin/system/statistics/connect.
org.springframework.web.servlet.resource.NoResourceFoundException: No static resource api/v1/admin/system/statistics/connect.
	at org.springframework.web.servlet.resource.ResourceHttpRequestHandler.handleRequest(ResourceHttpRequestHandler.java:585)
	at org.springframework.web.servlet.mvc.HttpRequestHandlerAdapter.handle(HttpRequestHandlerAdapter.java:52)
	at org.springframework.web.servlet.DispatcherServlet.doDispatch(DispatcherServlet.java:1088)
	at org.springframework.web.servlet.DispatcherServlet.doService(DispatcherServlet.java:978)
	at org.springframework.web.servlet.FrameworkServlet.processRequest(FrameworkServlet.java:1014)
	at org.springframework.web.servlet.FrameworkServlet.doGet(FrameworkServlet.java:903)
	at jakarta.servlet.http.HttpServlet.service(HttpServlet.java:527)
	at org.springframework.web.servlet.FrameworkServlet.service(FrameworkServlet.java:885)
	at jakarta.servlet.http.HttpServlet.service(HttpServlet.java:614)
	at org.apache.catalina.core.ApplicationFilterChain.internalDoFilter(ApplicationFilterChain.java:195)
	at org.apache.catalina.core.ApplicationFilterChain.doFilter(ApplicationFilterChain.java:140)
	at org.apache.tomcat.websocket.server.WsFilter.doFilter(WsFilter.java:51)
	at org.apache.catalina.core.ApplicationFilterChain.internalDoFilter(ApplicationFilterChain.java:164)
	at org.apache.catalina.core.ApplicationFilterChain.doFilter(ApplicationFilterChain.java:140)
	at org.springframework.web.filter.CompositeFilter$VirtualFilterChain.doFilter(CompositeFilter.java:108)
	at org.springframework.security.web.FilterChainProxy.lambda$doFilterInternal$3(FilterChainProxy.java:231)
	at org.springframework.security.web.ObservationFilterChainDecorator$FilterObservation$SimpleFilterObservation.lambda$wrap$1(ObservationFilterChainDecorator.java:479)
	at org.springframework.security.web.ObservationFilterChainDecorator$AroundFilterObservation$SimpleAroundFilterObservation.lambda$wrap$1(ObservationFilterChainDecorator.java:340)
	at org.springframework.security.web.ObservationFilterChainDecorator.lambda$wrapSecured$0(ObservationFilterChainDecorator.java:82)
	at org.springframework.security.web.ObservationFilterChainDecorator$VirtualFilterChain.doFilter(ObservationFilterChainDecorator.java:128)
	at org.springframework.security.web.access.intercept.AuthorizationFilter.doFilter(AuthorizationFilter.java:101)
	at org.springframework.security.web.ObservationFilterChainDecorator$ObservationFilter.wrapFilter(ObservationFilterChainDecorator.java:240)
	at org.springframework.security.web.ObservationFilterChainDecorator$ObservationFilter.doFilter(ObservationFilterChainDecorator.java:227)
	at org.springframework.security.web.ObservationFilterChainDecorator$VirtualFilterChain.doFilter(ObservationFilterChainDecorator.java:137)
	at org.springframework.security.web.access.ExceptionTranslationFilter.doFilter(ExceptionTranslationFilter.java:126)
	at org.springframework.security.web.access.ExceptionTranslationFilter.doFilter(ExceptionTranslationFilter.java:120)
	at org.springframework.security.web.ObservationFilterChainDecorator$ObservationFilter.wrapFilter(ObservationFilterChainDecorator.java:240)
	at org.springframework.security.web.ObservationFilterChainDecorator$ObservationFilter.doFilter(ObservationFilterChainDecorator.java:227)
	at org.springframework.security.web.ObservationFilterChainDecorator$VirtualFilterChain.doFilter(ObservationFilterChainDecorator.java:137)
	at org.springframework.security.web.session.SessionManagementFilter.doFilter(SessionManagementFilter.java:131)
	at org.springframework.security.web.session.SessionManagementFilter.doFilter(SessionManagementFilter.java:85)
	at org.springframework.security.web.ObservationFilterChainDecorator$ObservationFilter.wrapFilter(ObservationFilterChainDecorator.java:240)
	at org.springframework.security.web.ObservationFilterChainDecorator$ObservationFilter.doFilter(ObservationFilterChainDecorator.java:227)
	at org.springframework.security.web.ObservationFilterChainDecorator$VirtualFilterChain.doFilter(ObservationFilterChainDecorator.java:137)
	at org.springframework.security.web.authentication.AnonymousAuthenticationFilter.doFilter(AnonymousAuthenticationFilter.java:100)
	at org.springframework.security.web.ObservationFilterChainDecorator$ObservationFilter.wrapFilter(ObservationFilterChainDecorator.java:240)
	at org.springframework.security.web.ObservationFilterChainDecorator$ObservationFilter.doFilter(ObservationFilterChainDecorator.java:227)
	at org.springframework.security.web.ObservationFilterChainDecorator$VirtualFilterChain.doFilter(ObservationFilterChainDecorator.java:137)
	at org.springframework.security.web.servletapi.SecurityContextHolderAwareRequestFilter.doFilter(SecurityContextHolderAwareRequestFilter.java:179)
	at org.springframework.security.web.ObservationFilterChainDecorator$ObservationFilter.wrapFilter(ObservationFilterChainDecorator.java:240)
	at org.springframework.security.web.ObservationFilterChainDecorator$ObservationFilter.doFilter(ObservationFilterChainDecorator.java:227)
	at org.springframework.security.web.ObservationFilterChainDecorator$VirtualFilterChain.doFilter(ObservationFilterChainDecorator.java:137)
	at org.springframework.security.web.savedrequest.RequestCacheAwareFilter.doFilter(RequestCacheAwareFilter.java:63)
	at org.springframework.security.web.ObservationFilterChainDecorator$ObservationFilter.wrapFilter(ObservationFilterChainDecorator.java:240)
	at org.springframework.security.web.ObservationFilterChainDecorator$ObservationFilter.doFilter(ObservationFilterChainDecorator.java:227)
	at org.springframework.security.web.ObservationFilterChainDecorator$VirtualFilterChain.doFilter(ObservationFilterChainDecorator.java:137)
	at com.company.project.security.jwt.JwtAuthenticationFilter.doFilterInternal(JwtAuthenticationFilter.java:52)
	at org.springframework.web.filter.OncePerRequestFilter.doFilter(OncePerRequestFilter.java:116)
	at org.springframework.security.web.ObservationFilterChainDecorator$ObservationFilter.wrapFilter(ObservationFilterChainDecorator.java:240)
	at org.springframework.security.web.ObservationFilterChainDecorator$ObservationFilter.doFilter(ObservationFilterChainDecorator.java:227)
	at org.springframework.security.web.ObservationFilterChainDecorator$VirtualFilterChain.doFilter(ObservationFilterChainDecorator.java:137)
	at org.springframework.security.web.authentication.logout.LogoutFilter.doFilter(LogoutFilter.java:107)
	at org.springframework.security.web.authentication.logout.LogoutFilter.doFilter(LogoutFilter.java:93)
	at org.springframework.security.web.ObservationFilterChainDecorator$ObservationFilter.wrapFilter(ObservationFilterChainDecorator.java:240)
	at org.springframework.security.web.ObservationFilterChainDecorator$ObservationFilter.doFilter(ObservationFilterChainDecorator.java:227)
	at org.springframework.security.web.ObservationFilterChainDecorator$VirtualFilterChain.doFilter(ObservationFilterChainDecorator.java:137)
	at org.springframework.web.filter.CorsFilter.doFilterInternal(CorsFilter.java:91)
	at org.springframework.web.filter.OncePerRequestFilter.doFilter(OncePerRequestFilter.java:116)
	at org.springframework.security.web.ObservationFilterChainDecorator$ObservationFilter.wrapFilter(ObservationFilterChainDecorator.java:240)
	at org.springframework.security.web.ObservationFilterChainDecorator$ObservationFilter.doFilter(ObservationFilterChainDecorator.java:227)
	at org.springframework.security.web.ObservationFilterChainDecorator$VirtualFilterChain.doFilter(ObservationFilterChainDecorator.java:137)
	at org.springframework.security.web.header.HeaderWriterFilter.doHeadersAfter(HeaderWriterFilter.java:90)
	at org.springframework.security.web.header.HeaderWriterFilter.doFilterInternal(HeaderWriterFilter.java:75)
	at org.springframework.web.filter.OncePerRequestFilter.doFilter(OncePerRequestFilter.java:116)
	at org.springframework.security.web.ObservationFilterChainDecorator$ObservationFilter.wrapFilter(ObservationFilterChainDecorator.java:240)
	at org.springframework.security.web.ObservationFilterChainDecorator$ObservationFilter.doFilter(ObservationFilterChainDecorator.java:227)
	at org.springframework.security.web.ObservationFilterChainDecorator$VirtualFilterChain.doFilter(ObservationFilterChainDecorator.java:137)
	at org.springframework.security.web.context.SecurityContextHolderFilter.doFilter(SecurityContextHolderFilter.java:82)
	at org.springframework.security.web.context.SecurityContextHolderFilter.doFilter(SecurityContextHolderFilter.java:69)
	at org.springframework.security.web.ObservationFilterChainDecorator$ObservationFilter.wrapFilter(ObservationFilterChainDecorator.java:240)
	at org.springframework.security.web.ObservationFilterChainDecorator$ObservationFilter.doFilter(ObservationFilterChainDecorator.java:227)
	at org.springframework.security.web.ObservationFilterChainDecorator$VirtualFilterChain.doFilter(ObservationFilterChainDecorator.java:137)
	at org.springframework.security.web.context.request.async.WebAsyncManagerIntegrationFilter.doFilterInternal(WebAsyncManagerIntegrationFilter.java:62)
	at org.springframework.web.filter.OncePerRequestFilter.doFilter(OncePerRequestFilter.java:116)
	at org.springframework.security.web.ObservationFilterChainDecorator$ObservationFilter.wrapFilter(ObservationFilterChainDecorator.java:240)
	at org.springframework.security.web.ObservationFilterChainDecorator$ObservationFilter.doFilter(ObservationFilterChainDecorator.java:227)
	at org.springframework.security.web.ObservationFilterChainDecorator$VirtualFilterChain.doFilter(ObservationFilterChainDecorator.java:137)
	at org.springframework.security.web.session.DisableEncodeUrlFilter.doFilterInternal(DisableEncodeUrlFilter.java:42)
	at org.springframework.web.filter.OncePerRequestFilter.doFilter(OncePerRequestFilter.java:116)
	at org.springframework.security.web.ObservationFilterChainDecorator$ObservationFilter.wrapFilter(ObservationFilterChainDecorator.java:240)
	at org.springframework.security.web.ObservationFilterChainDecorator$AroundFilterObservation$SimpleAroundFilterObservation.lambda$wrap$0(ObservationFilterChainDecorator.java:323)
	at org.springframework.security.web.ObservationFilterChainDecorator$ObservationFilter.doFilter(ObservationFilterChainDecorator.java:224)
	at org.springframework.security.web.ObservationFilterChainDecorator$VirtualFilterChain.doFilter(ObservationFilterChainDecorator.java:137)
	at org.springframework.security.web.FilterChainProxy.doFilterInternal(FilterChainProxy.java:233)
	at org.springframework.security.web.FilterChainProxy.doFilter(FilterChainProxy.java:191)
	at org.springframework.web.filter.CompositeFilter$VirtualFilterChain.doFilter(CompositeFilter.java:113)
	at org.springframework.web.servlet.handler.HandlerMappingIntrospector.lambda$createCacheFilter$3(HandlerMappingIntrospector.java:243)
	at org.springframework.web.filter.CompositeFilter$VirtualFilterChain.doFilter(CompositeFilter.java:113)
	at org.springframework.web.filter.CompositeFilter.doFilter(CompositeFilter.java:74)
	at org.springframework.security.config.annotation.web.configuration.WebMvcSecurityConfiguration$CompositeFilterChainProxy.doFilter(WebMvcSecurityConfiguration.java:238)
	at org.springframework.web.filter.DelegatingFilterProxy.invokeDelegate(DelegatingFilterProxy.java:362)
	at org.springframework.web.filter.DelegatingFilterProxy.doFilter(DelegatingFilterProxy.java:278)
	at org.apache.catalina.core.ApplicationFilterChain.internalDoFilter(ApplicationFilterChain.java:164)
	at org.apache.catalina.core.ApplicationFilterChain.doFilter(ApplicationFilterChain.java:140)
	at org.springframework.web.filter.RequestContextFilter.doFilterInternal(RequestContextFilter.java:100)
	at org.springframework.web.filter.OncePerRequestFilter.doFilter(OncePerRequestFilter.java:116)
	at org.apache.catalina.core.ApplicationFilterChain.internalDoFilter(ApplicationFilterChain.java:164)
	at org.apache.catalina.core.ApplicationFilterChain.doFilter(ApplicationFilterChain.java:140)
	at org.springframework.web.filter.FormContentFilter.doFilterInternal(FormContentFilter.java:93)
	at org.springframework.web.filter.OncePerRequestFilter.doFilter(OncePerRequestFilter.java:116)
	at org.apache.catalina.core.ApplicationFilterChain.internalDoFilter(ApplicationFilterChain.java:164)
	at org.apache.catalina.core.ApplicationFilterChain.doFilter(ApplicationFilterChain.java:140)
	at org.springframework.web.filter.ServerHttpObservationFilter.doFilterInternal(ServerHttpObservationFilter.java:114)
	at org.springframework.web.filter.OncePerRequestFilter.doFilter(OncePerRequestFilter.java:116)
	at org.apache.catalina.core.ApplicationFilterChain.internalDoFilter(ApplicationFilterChain.java:164)
	at org.apache.catalina.core.ApplicationFilterChain.doFilter(ApplicationFilterChain.java:140)
	at org.springframework.web.filter.CharacterEncodingFilter.doFilterInternal(CharacterEncodingFilter.java:201)
	at org.springframework.web.filter.OncePerRequestFilter.doFilter(OncePerRequestFilter.java:116)
	at org.apache.catalina.core.ApplicationFilterChain.internalDoFilter(ApplicationFilterChain.java:164)
	at org.apache.catalina.core.ApplicationFilterChain.doFilter(ApplicationFilterChain.java:140)
	at org.apache.catalina.core.StandardWrapperValve.invoke(StandardWrapperValve.java:167)
	at org.apache.catalina.core.StandardContextValve.invoke(StandardContextValve.java:90)
	at org.apache.catalina.authenticator.AuthenticatorBase.invoke(AuthenticatorBase.java:483)
	at org.apache.catalina.core.StandardHostValve.invoke(StandardHostValve.java:115)
	at org.apache.catalina.valves.ErrorReportValve.invoke(ErrorReportValve.java:93)
	at org.apache.catalina.core.StandardEngineValve.invoke(StandardEngineValve.java:74)
	at org.apache.catalina.connector.CoyoteAdapter.service(CoyoteAdapter.java:344)
	at org.apache.coyote.http11.Http11Processor.service(Http11Processor.java:397)
	at org.apache.coyote.AbstractProcessorLight.process(AbstractProcessorLight.java:63)
	at org.apache.coyote.AbstractProtocol$ConnectionHandler.process(AbstractProtocol.java:905)
	at org.apache.tomcat.util.net.NioEndpoint$SocketProcessor.doRun(NioEndpoint.java:1741)
	at org.apache.tomcat.util.net.SocketProcessorBase.run(SocketProcessorBase.java:52)
	at org.apache.tomcat.util.threads.ThreadPoolExecutor.runWorker(ThreadPoolExecutor.java:1190)
	at org.apache.tomcat.util.threads.ThreadPoolExecutor$Worker.run(ThreadPoolExecutor.java:659)
	at org.apache.tomcat.util.threads.TaskThread$WrappingRunnable.run(TaskThread.java:63)
	at java.base/java.lang.Thread.run(Thread.java:1583)
2026-03-16 17:01:05 [http-nio-8080-exec-15] DEBUG o.s.w.s.m.m.a.HttpEntityMethodProcessor - Using 'application/json', given [application/json, text/plain, */*] and supported [application/json, application/*+json, application/yaml]
2026-03-16 17:01:05 [http-nio-8080-exec-15] TRACE o.s.w.s.m.m.a.HttpEntityMethodProcessor - Writing [ApiResponse[success=false, status=500, code=C004, message=예기치 않은 서버 오류가 발생했습니다., data=null, timestamp=2026-03-16T17:01:05.313796900]]
2026-03-16 17:01:05 [http-nio-8080-exec-15] DEBUG o.s.w.s.m.m.a.ExceptionHandlerExceptionResolver - Resolved [org.springframework.web.servlet.resource.NoResourceFoundException: No static resource api/v1/admin/system/statistics/connect.]
2026-03-16 17:01:05 [http-nio-8080-exec-15] DEBUG o.s.web.servlet.DispatcherServlet - Completed 500 INTERNAL_SERVER_ERROR
2026-03-16 17:01:05 [http-nio-8080-exec-1] DEBUG c.c.p.s.jwt.JwtAuthenticationFilter - >>> [JwtFilter] Processing request: GET /api/v1/menu/left
2026-03-16 17:01:05 [http-nio-8080-exec-1] DEBUG c.c.p.s.jwt.JwtAuthenticationFilter - >>> [JwtFilter] Found token in header for path: /api/v1/menu/left
2026-03-16 17:01:05 [http-nio-8080-exec-1] DEBUG o.s.orm.jpa.JpaTransactionManager - Creating new transaction with name [com.company.project.security.iam.CustomUserDetailsService.loadUserByUsername]: PROPAGATION_REQUIRED,ISOLATION_DEFAULT,readOnly
2026-03-16 17:01:05 [http-nio-8080-exec-1] DEBUG o.s.orm.jpa.JpaTransactionManager - Opened new EntityManager [SessionImpl(375162076<open>)] for JPA transaction
2026-03-16 17:01:05 [http-nio-8080-exec-5] DEBUG o.s.orm.jpa.JpaTransactionManager - Initiating transaction commit
2026-03-16 17:01:05 [http-nio-8080-exec-12] DEBUG o.s.orm.jpa.JpaTransactionManager - Initiating transaction commit
2026-03-16 17:01:05 [http-nio-8080-exec-9] DEBUG o.s.orm.jpa.JpaTransactionManager - Initiating transaction commit
2026-03-16 17:01:05 [http-nio-8080-exec-2] DEBUG o.s.orm.jpa.JpaTransactionManager - Initiating transaction commit
2026-03-16 17:01:05 [http-nio-8080-exec-5] DEBUG o.s.orm.jpa.JpaTransactionManager - Committing JPA transaction on EntityManager [SessionImpl(1814819043<open>)]
2026-03-16 17:01:05 [http-nio-8080-exec-12] DEBUG o.s.orm.jpa.JpaTransactionManager - Committing JPA transaction on EntityManager [SessionImpl(1381583844<open>)]
2026-03-16 17:01:05 [http-nio-8080-exec-9] DEBUG o.s.orm.jpa.JpaTransactionManager - Committing JPA transaction on EntityManager [SessionImpl(1826897009<open>)]
2026-03-16 17:01:05 [http-nio-8080-exec-2] DEBUG o.s.orm.jpa.JpaTransactionManager - Committing JPA transaction on EntityManager [SessionImpl(145595520<open>)]
2026-03-16 17:01:05 [http-nio-8080-exec-7] DEBUG o.s.orm.jpa.JpaTransactionManager - Found thread-bound EntityManager [SessionImpl(1831834352<open>)] for JPA transaction
2026-03-16 17:01:05 [http-nio-8080-exec-7] DEBUG o.s.orm.jpa.JpaTransactionManager - Participating in existing transaction
2026-03-16 17:01:05 [http-nio-8080-exec-7] DEBUG org.hibernate.SQL - select ua1_0.scrty_dtrmn_trget_id,ua1_0.author_code,ua1_0.frst_register_id,ua1_0.frst_regist_pnttm,ua1_0.last_updusr_id,ua1_0.last_updt_pnttm,ua1_0.mber_ty_code from nemplyrscrtyestbs ua1_0 where ua1_0.scrty_dtrmn_trget_id=?
2026-03-16 17:01:05 [http-nio-8080-exec-1] DEBUG o.s.orm.jpa.JpaTransactionManager - Exposing JPA transaction as JDBC [org.springframework.orm.jpa.vendor.HibernateJpaDialect$HibernateConnectionHandle@48cda75f]
2026-03-16 17:01:05 [http-nio-8080-exec-1] DEBUG o.s.orm.jpa.JpaTransactionManager - Found thread-bound EntityManager [SessionImpl(375162076<open>)] for JPA transaction
2026-03-16 17:01:05 [http-nio-8080-exec-1] DEBUG o.s.orm.jpa.JpaTransactionManager - Participating in existing transaction
2026-03-16 17:01:05 [http-nio-8080-exec-1] DEBUG org.hibernate.SQL - select u1_0.emplyr_id,u1_0.area_no,u1_0.brthdy,u1_0.chg_pwd_cnt,u1_0.frst_register_id,u1_0.frst_regist_pnttm,u1_0.detail_adres,u1_0.email_adres,u1_0.emplyr_sttus_code,u1_0.empl_no,u1_0.esntl_id,u1_0.fxnum,u1_0.group_id,u1_0.house_adres,u1_0.house_end_telno,u1_0.house_middle_telno,u1_0.ihidnum,u1_0.pstinst_code,u1_0.last_updusr_id,u1_0.last_updt_pnttm,u1_0.lock_at,u1_0.lock_cnt,u1_0.lock_last_pnttm,u1_0.mbtlnum,u1_0.ofcps_nm,u1_0.offm_telno,u1_0.orgnzt_id,u1_0.password,u1_0.password_cnsr,u1_0.password_hint,u1_0.chg_pwd_last_pnttm,u1_0.role,u1_0.sbscrb_de,u1_0.sexdstn_code,u1_0.crtfc_dn_value,u1_0.user_nm,u1_0.zip from nemplyrinfo u1_0 where u1_0.emplyr_id=?
2026-03-16 17:01:05 [http-nio-8080-exec-9] DEBUG o.s.orm.jpa.JpaTransactionManager - Closing JPA EntityManager [SessionImpl(1826897009<open>)] after transaction
2026-03-16 17:01:05 [http-nio-8080-exec-5] DEBUG o.s.orm.jpa.JpaTransactionManager - Closing JPA EntityManager [SessionImpl(1814819043<open>)] after transaction
2026-03-16 17:01:05 [http-nio-8080-exec-2] DEBUG o.s.orm.jpa.JpaTransactionManager - Closing JPA EntityManager [SessionImpl(145595520<open>)] after transaction
2026-03-16 17:01:05 [http-nio-8080-exec-12] DEBUG o.s.orm.jpa.JpaTransactionManager - Closing JPA EntityManager [SessionImpl(1381583844<open>)] after transaction
2026-03-16 17:01:05 [http-nio-8080-exec-7] DEBUG o.s.orm.jpa.JpaTransactionManager - Initiating transaction commit
2026-03-16 17:01:05 [http-nio-8080-exec-7] DEBUG o.s.orm.jpa.JpaTransactionManager - Committing JPA transaction on EntityManager [SessionImpl(1831834352<open>)]
2026-03-16 17:01:05 [http-nio-8080-exec-9] DEBUG o.s.w.s.m.m.a.HttpEntityMethodProcessor - Using 'application/json', given [application/json, text/plain, */*] and supported [application/json, application/*+json, application/yaml]
2026-03-16 17:01:05 [http-nio-8080-exec-5] DEBUG o.s.w.s.m.m.a.HttpEntityMethodProcessor - Using 'application/json', given [application/json, text/plain, */*] and supported [application/json, application/*+json, application/yaml]
2026-03-16 17:01:05 [http-nio-8080-exec-12] DEBUG o.s.w.s.m.m.a.HttpEntityMethodProcessor - Using 'application/json', given [application/json, text/plain, */*] and supported [application/json, application/*+json, application/yaml]
2026-03-16 17:01:05 [http-nio-8080-exec-9] TRACE o.s.w.s.m.m.a.HttpEntityMethodProcessor - Writing [ApiResponse[success=true, status=200, code=COMMON_001, message=Success, data=[], timestamp=2026-03-16T17:01:05.653919900]]
2026-03-16 17:01:05 [http-nio-8080-exec-5] TRACE o.s.w.s.m.m.a.HttpEntityMethodProcessor - Writing [ApiResponse[success=true, status=200, code=COMMON_001, message=Success, data=0, timestamp=2026-03-16T17:01:05.653919900]]
2026-03-16 17:01:05 [http-nio-8080-exec-2] DEBUG o.s.w.s.m.m.a.HttpEntityMethodProcessor - Using 'application/json', given [application/json, text/plain, */*] and supported [application/json, application/*+json, application/yaml]
2026-03-16 17:01:05 [http-nio-8080-exec-2] TRACE o.s.w.s.m.m.a.HttpEntityMethodProcessor - Writing [ApiResponse[success=true, status=200, code=COMMON_001, message=Success, data=[], timestamp=2026-03-16T17:01:05.653919900]]
2026-03-16 17:01:05 [http-nio-8080-exec-5] INFO  c.c.p.a.i.OperationalAuditInterceptor - API Audit Log: URL=/api/v1/notifications/unread-count, User=webmaster, IP=127.0.0.1
2026-03-16 17:01:05 [http-nio-8080-exec-5] DEBUG o.s.web.servlet.DispatcherServlet - Completed 200 OK
2026-03-16 17:01:05 [http-nio-8080-exec-12] TRACE o.s.w.s.m.m.a.HttpEntityMethodProcessor - Writing [ApiResponse[success=true, status=200, code=COMMON_001, message=Success, data=[NotificationDto(ntfcNo=NT001, ntfcSj=테스트 알림입니다, ntfcCn=알림 내용입니다, ntfcDate=null, ntfcTime=2026-02-25T00:59:33.784070, bhNtfcIntrvl=null, uniqId=null, frstRegisterId=null, frstRegisterPnttm=2026-02-25T00:59:33.784070, lastUpdusrId=null, lastUpdusrPnttm=null)], timestamp=2026-03-16T17:01:05.653919900]]
2026-03-16 17:01:05 [http-nio-8080-exec-2] INFO  c.c.p.a.i.OperationalAuditInterceptor - API Audit Log: URL=/api/v1/admin/system/banners/reflected, User=webmaster, IP=127.0.0.1
2026-03-16 17:01:05 [http-nio-8080-exec-2] DEBUG o.s.web.servlet.DispatcherServlet - Completed 200 OK
2026-03-16 17:01:05 [http-nio-8080-exec-12] INFO  c.c.p.a.i.OperationalAuditInterceptor - API Audit Log: URL=/api/v1/notifications, User=webmaster, IP=127.0.0.1
2026-03-16 17:01:05 [http-nio-8080-exec-12] DEBUG o.s.web.servlet.DispatcherServlet - Completed 200 OK
2026-03-16 17:01:05 [http-nio-8080-exec-9] INFO  c.c.p.a.i.OperationalAuditInterceptor - API Audit Log: URL=/api/v1/popups/active, User=webmaster, IP=127.0.0.1
2026-03-16 17:01:05 [http-nio-8080-exec-9] DEBUG o.s.web.servlet.DispatcherServlet - Completed 200 OK
2026-03-16 17:01:05 [http-nio-8080-exec-8] DEBUG c.c.p.s.jwt.JwtAuthenticationFilter - >>> [JwtFilter] Processing request: GET /api/v1/admin/system/banners/reflected
2026-03-16 17:01:05 [http-nio-8080-exec-8] DEBUG c.c.p.s.jwt.JwtAuthenticationFilter - >>> [JwtFilter] Found token in header for path: /api/v1/admin/system/banners/reflected
2026-03-16 17:01:05 [http-nio-8080-exec-10] DEBUG c.c.p.s.jwt.JwtAuthenticationFilter - >>> [JwtFilter] Processing request: GET /api/v1/notifications/unread-count
2026-03-16 17:01:05 [http-nio-8080-exec-10] DEBUG c.c.p.s.jwt.JwtAuthenticationFilter - >>> [JwtFilter] Found token in header for path: /api/v1/notifications/unread-count
2026-03-16 17:01:05 [http-nio-8080-exec-8] DEBUG o.s.orm.jpa.JpaTransactionManager - Creating new transaction with name [com.company.project.security.iam.CustomUserDetailsService.loadUserByUsername]: PROPAGATION_REQUIRED,ISOLATION_DEFAULT,readOnly
2026-03-16 17:01:05 [http-nio-8080-exec-8] DEBUG o.s.orm.jpa.JpaTransactionManager - Opened new EntityManager [SessionImpl(637032955<open>)] for JPA transaction
2026-03-16 17:01:05 [http-nio-8080-exec-10] DEBUG o.s.orm.jpa.JpaTransactionManager - Creating new transaction with name [com.company.project.security.iam.CustomUserDetailsService.loadUserByUsername]: PROPAGATION_REQUIRED,ISOLATION_DEFAULT,readOnly
2026-03-16 17:01:05 [http-nio-8080-exec-8] DEBUG o.s.orm.jpa.JpaTransactionManager - Exposing JPA transaction as JDBC [org.springframework.orm.jpa.vendor.HibernateJpaDialect$HibernateConnectionHandle@18e9aff4]
2026-03-16 17:01:05 [http-nio-8080-exec-3] DEBUG c.c.p.s.jwt.JwtAuthenticationFilter - >>> [JwtFilter] Processing request: GET /api/v1/notifications
2026-03-16 17:01:05 [http-nio-8080-exec-11] DEBUG c.c.p.s.jwt.JwtAuthenticationFilter - >>> [JwtFilter] Processing request: GET /api/v1/popups/active
2026-03-16 17:01:05 [http-nio-8080-exec-8] DEBUG o.s.orm.jpa.JpaTransactionManager - Found thread-bound EntityManager [SessionImpl(637032955<open>)] for JPA transaction
2026-03-16 17:01:05 [http-nio-8080-exec-10] DEBUG o.s.orm.jpa.JpaTransactionManager - Opened new EntityManager [SessionImpl(949303549<open>)] for JPA transaction
2026-03-16 17:01:05 [http-nio-8080-exec-3] DEBUG c.c.p.s.jwt.JwtAuthenticationFilter - >>> [JwtFilter] Found token in header for path: /api/v1/notifications
2026-03-16 17:01:05 [http-nio-8080-exec-8] DEBUG o.s.orm.jpa.JpaTransactionManager - Participating in existing transaction
2026-03-16 17:01:05 [http-nio-8080-exec-11] DEBUG c.c.p.s.jwt.JwtAuthenticationFilter - >>> [JwtFilter] Found token in header for path: /api/v1/popups/active
2026-03-16 17:01:05 [http-nio-8080-exec-8] DEBUG org.hibernate.SQL - select u1_0.emplyr_id,u1_0.area_no,u1_0.brthdy,u1_0.chg_pwd_cnt,u1_0.frst_register_id,u1_0.frst_regist_pnttm,u1_0.detail_adres,u1_0.email_adres,u1_0.emplyr_sttus_code,u1_0.empl_no,u1_0.esntl_id,u1_0.fxnum,u1_0.group_id,u1_0.house_adres,u1_0.house_end_telno,u1_0.house_middle_telno,u1_0.ihidnum,u1_0.pstinst_code,u1_0.last_updusr_id,u1_0.last_updt_pnttm,u1_0.lock_at,u1_0.lock_cnt,u1_0.lock_last_pnttm,u1_0.mbtlnum,u1_0.ofcps_nm,u1_0.offm_telno,u1_0.orgnzt_id,u1_0.password,u1_0.password_cnsr,u1_0.password_hint,u1_0.chg_pwd_last_pnttm,u1_0.role,u1_0.sbscrb_de,u1_0.sexdstn_code,u1_0.crtfc_dn_value,u1_0.user_nm,u1_0.zip from nemplyrinfo u1_0 where u1_0.emplyr_id=?
2026-03-16 17:01:05 [http-nio-8080-exec-10] DEBUG o.s.orm.jpa.JpaTransactionManager - Exposing JPA transaction as JDBC [org.springframework.orm.jpa.vendor.HibernateJpaDialect$HibernateConnectionHandle@6b248241]
2026-03-16 17:01:05 [http-nio-8080-exec-10] DEBUG o.s.orm.jpa.JpaTransactionManager - Found thread-bound EntityManager [SessionImpl(949303549<open>)] for JPA transaction
2026-03-16 17:01:05 [http-nio-8080-exec-10] DEBUG o.s.orm.jpa.JpaTransactionManager - Participating in existing transaction
2026-03-16 17:01:05 [http-nio-8080-exec-3] DEBUG o.s.orm.jpa.JpaTransactionManager - Creating new transaction with name [com.company.project.security.iam.CustomUserDetailsService.loadUserByUsername]: PROPAGATION_REQUIRED,ISOLATION_DEFAULT,readOnly
2026-03-16 17:01:05 [http-nio-8080-exec-11] DEBUG o.s.orm.jpa.JpaTransactionManager - Creating new transaction with name [com.company.project.security.iam.CustomUserDetailsService.loadUserByUsername]: PROPAGATION_REQUIRED,ISOLATION_DEFAULT,readOnly
2026-03-16 17:01:05 [http-nio-8080-exec-3] DEBUG o.s.orm.jpa.JpaTransactionManager - Opened new EntityManager [SessionImpl(338218541<open>)] for JPA transaction
2026-03-16 17:01:05 [http-nio-8080-exec-3] DEBUG o.s.orm.jpa.JpaTransactionManager - Exposing JPA transaction as JDBC [org.springframework.orm.jpa.vendor.HibernateJpaDialect$HibernateConnectionHandle@73e830a]
2026-03-16 17:01:05 [http-nio-8080-exec-10] DEBUG org.hibernate.SQL - select u1_0.emplyr_id,u1_0.area_no,u1_0.brthdy,u1_0.chg_pwd_cnt,u1_0.frst_register_id,u1_0.frst_regist_pnttm,u1_0.detail_adres,u1_0.email_adres,u1_0.emplyr_sttus_code,u1_0.empl_no,u1_0.esntl_id,u1_0.fxnum,u1_0.group_id,u1_0.house_adres,u1_0.house_end_telno,u1_0.house_middle_telno,u1_0.ihidnum,u1_0.pstinst_code,u1_0.last_updusr_id,u1_0.last_updt_pnttm,u1_0.lock_at,u1_0.lock_cnt,u1_0.lock_last_pnttm,u1_0.mbtlnum,u1_0.ofcps_nm,u1_0.offm_telno,u1_0.orgnzt_id,u1_0.password,u1_0.password_cnsr,u1_0.password_hint,u1_0.chg_pwd_last_pnttm,u1_0.role,u1_0.sbscrb_de,u1_0.sexdstn_code,u1_0.crtfc_dn_value,u1_0.user_nm,u1_0.zip from nemplyrinfo u1_0 where u1_0.emplyr_id=?
2026-03-16 17:01:05 [http-nio-8080-exec-3] DEBUG o.s.orm.jpa.JpaTransactionManager - Found thread-bound EntityManager [SessionImpl(338218541<open>)] for JPA transaction
2026-03-16 17:01:05 [http-nio-8080-exec-11] DEBUG o.s.orm.jpa.JpaTransactionManager - Opened new EntityManager [SessionImpl(522219573<open>)] for JPA transaction
2026-03-16 17:01:05 [http-nio-8080-exec-3] DEBUG o.s.orm.jpa.JpaTransactionManager - Participating in existing transaction
2026-03-16 17:01:05 [http-nio-8080-exec-3] DEBUG org.hibernate.SQL - select u1_0.emplyr_id,u1_0.area_no,u1_0.brthdy,u1_0.chg_pwd_cnt,u1_0.frst_register_id,u1_0.frst_regist_pnttm,u1_0.detail_adres,u1_0.email_adres,u1_0.emplyr_sttus_code,u1_0.empl_no,u1_0.esntl_id,u1_0.fxnum,u1_0.group_id,u1_0.house_adres,u1_0.house_end_telno,u1_0.house_middle_telno,u1_0.ihidnum,u1_0.pstinst_code,u1_0.last_updusr_id,u1_0.last_updt_pnttm,u1_0.lock_at,u1_0.lock_cnt,u1_0.lock_last_pnttm,u1_0.mbtlnum,u1_0.ofcps_nm,u1_0.offm_telno,u1_0.orgnzt_id,u1_0.password,u1_0.password_cnsr,u1_0.password_hint,u1_0.chg_pwd_last_pnttm,u1_0.role,u1_0.sbscrb_de,u1_0.sexdstn_code,u1_0.crtfc_dn_value,u1_0.user_nm,u1_0.zip from nemplyrinfo u1_0 where u1_0.emplyr_id=?
2026-03-16 17:01:05 [http-nio-8080-exec-1] DEBUG o.s.orm.jpa.JpaTransactionManager - Found thread-bound EntityManager [SessionImpl(375162076<open>)] for JPA transaction
2026-03-16 17:01:05 [http-nio-8080-exec-1] DEBUG o.s.orm.jpa.JpaTransactionManager - Participating in existing transaction
2026-03-16 17:01:05 [http-nio-8080-exec-1] DEBUG org.hibernate.SQL - select ua1_0.scrty_dtrmn_trget_id,ua1_0.author_code,ua1_0.frst_register_id,ua1_0.frst_regist_pnttm,ua1_0.last_updusr_id,ua1_0.last_updt_pnttm,ua1_0.mber_ty_code from nemplyrscrtyestbs ua1_0 where ua1_0.scrty_dtrmn_trget_id=?
2026-03-16 17:01:05 [http-nio-8080-exec-3] DEBUG o.s.orm.jpa.JpaTransactionManager - Found thread-bound EntityManager [SessionImpl(338218541<open>)] for JPA transaction
2026-03-16 17:01:05 [http-nio-8080-exec-1] DEBUG o.s.orm.jpa.JpaTransactionManager - Initiating transaction commit
2026-03-16 17:01:05 [http-nio-8080-exec-11] DEBUG o.s.orm.jpa.JpaTransactionManager - Exposing JPA transaction as JDBC [org.springframework.orm.jpa.vendor.HibernateJpaDialect$HibernateConnectionHandle@493d8383]
2026-03-16 17:01:05 [http-nio-8080-exec-7] DEBUG o.s.orm.jpa.JpaTransactionManager - Closing JPA EntityManager [SessionImpl(1831834352<open>)] after transaction
2026-03-16 17:01:05 [http-nio-8080-exec-3] DEBUG o.s.orm.jpa.JpaTransactionManager - Participating in existing transaction
2026-03-16 17:01:05 [http-nio-8080-exec-8] DEBUG o.s.orm.jpa.JpaTransactionManager - Found thread-bound EntityManager [SessionImpl(637032955<open>)] for JPA transaction
2026-03-16 17:01:05 [http-nio-8080-exec-10] DEBUG o.s.orm.jpa.JpaTransactionManager - Found thread-bound EntityManager [SessionImpl(949303549<open>)] for JPA transaction
2026-03-16 17:01:05 [http-nio-8080-exec-10] DEBUG o.s.orm.jpa.JpaTransactionManager - Participating in existing transaction
2026-03-16 17:01:05 [http-nio-8080-exec-7] DEBUG c.c.p.s.jwt.JwtAuthenticationFilter - >>> [JwtFilter] Successfully authenticated user: USRCNFRM_99999999999, Authorities: [ROLE_ADMIN]
2026-03-16 17:01:05 [http-nio-8080-exec-1] DEBUG o.s.orm.jpa.JpaTransactionManager - Committing JPA transaction on EntityManager [SessionImpl(375162076<open>)]
2026-03-16 17:01:05 [http-nio-8080-exec-11] DEBUG o.s.orm.jpa.JpaTransactionManager - Found thread-bound EntityManager [SessionImpl(522219573<open>)] for JPA transaction
2026-03-16 17:01:05 [http-nio-8080-exec-11] DEBUG o.s.orm.jpa.JpaTransactionManager - Participating in existing transaction
2026-03-16 17:01:05 [http-nio-8080-exec-8] DEBUG o.s.orm.jpa.JpaTransactionManager - Participating in existing transaction
2026-03-16 17:01:05 [http-nio-8080-exec-3] DEBUG org.hibernate.SQL - select ua1_0.scrty_dtrmn_trget_id,ua1_0.author_code,ua1_0.frst_register_id,ua1_0.frst_regist_pnttm,ua1_0.last_updusr_id,ua1_0.last_updt_pnttm,ua1_0.mber_ty_code from nemplyrscrtyestbs ua1_0 where ua1_0.scrty_dtrmn_trget_id=?
2026-03-16 17:01:05 [http-nio-8080-exec-11] DEBUG org.hibernate.SQL - select u1_0.emplyr_id,u1_0.area_no,u1_0.brthdy,u1_0.chg_pwd_cnt,u1_0.frst_register_id,u1_0.frst_regist_pnttm,u1_0.detail_adres,u1_0.email_adres,u1_0.emplyr_sttus_code,u1_0.empl_no,u1_0.esntl_id,u1_0.fxnum,u1_0.group_id,u1_0.house_adres,u1_0.house_end_telno,u1_0.house_middle_telno,u1_0.ihidnum,u1_0.pstinst_code,u1_0.last_updusr_id,u1_0.last_updt_pnttm,u1_0.lock_at,u1_0.lock_cnt,u1_0.lock_last_pnttm,u1_0.mbtlnum,u1_0.ofcps_nm,u1_0.offm_telno,u1_0.orgnzt_id,u1_0.password,u1_0.password_cnsr,u1_0.password_hint,u1_0.chg_pwd_last_pnttm,u1_0.role,u1_0.sbscrb_de,u1_0.sexdstn_code,u1_0.crtfc_dn_value,u1_0.user_nm,u1_0.zip from nemplyrinfo u1_0 where u1_0.emplyr_id=?
2026-03-16 17:01:05 [http-nio-8080-exec-10] DEBUG org.hibernate.SQL - select ua1_0.scrty_dtrmn_trget_id,ua1_0.author_code,ua1_0.frst_register_id,ua1_0.frst_regist_pnttm,ua1_0.last_updusr_id,ua1_0.last_updt_pnttm,ua1_0.mber_ty_code from nemplyrscrtyestbs ua1_0 where ua1_0.scrty_dtrmn_trget_id=?
2026-03-16 17:01:05 [http-nio-8080-exec-8] DEBUG org.hibernate.SQL - select ua1_0.scrty_dtrmn_trget_id,ua1_0.author_code,ua1_0.frst_register_id,ua1_0.frst_regist_pnttm,ua1_0.last_updusr_id,ua1_0.last_updt_pnttm,ua1_0.mber_ty_code from nemplyrscrtyestbs ua1_0 where ua1_0.scrty_dtrmn_trget_id=?
2026-03-16 17:01:05 [http-nio-8080-exec-7] DEBUG o.s.web.servlet.DispatcherServlet - GET "/api/v1/admin/system/statistics/bbs?statsKind=COM101", parameters={masked}
2026-03-16 17:01:05 [http-nio-8080-exec-7] DEBUG o.s.w.s.h.SimpleUrlHandlerMapping - Mapped to ResourceHttpRequestHandler [classpath [META-INF/resources/], classpath [resources/], classpath [static/], classpath [public/], ServletContext [/]]
2026-03-16 17:01:05 [http-nio-8080-exec-7] DEBUG o.s.w.s.r.ResourceHttpRequestHandler - Resource not found
2026-03-16 17:01:05 [http-nio-8080-exec-7] DEBUG o.s.w.s.m.m.a.ExceptionHandlerExceptionResolver - Using @ExceptionHandler com.company.project.core.exception.GlobalExceptionHandler#handleException(Exception)
2026-03-16 17:01:05 [http-nio-8080-exec-7] ERROR c.c.p.c.e.GlobalExceptionHandler - >>> Internal Server Error: No static resource api/v1/admin/system/statistics/bbs.
org.springframework.web.servlet.resource.NoResourceFoundException: No static resource api/v1/admin/system/statistics/bbs.
	at org.springframework.web.servlet.resource.ResourceHttpRequestHandler.handleRequest(ResourceHttpRequestHandler.java:585)
	at org.springframework.web.servlet.mvc.HttpRequestHandlerAdapter.handle(HttpRequestHandlerAdapter.java:52)
	at org.springframework.web.servlet.DispatcherServlet.doDispatch(DispatcherServlet.java:1088)
	at org.springframework.web.servlet.DispatcherServlet.doService(DispatcherServlet.java:978)
	at org.springframework.web.servlet.FrameworkServlet.processRequest(FrameworkServlet.java:1014)
	at org.springframework.web.servlet.FrameworkServlet.doGet(FrameworkServlet.java:903)
	at jakarta.servlet.http.HttpServlet.service(HttpServlet.java:527)
	at org.springframework.web.servlet.FrameworkServlet.service(FrameworkServlet.java:885)
	at jakarta.servlet.http.HttpServlet.service(HttpServlet.java:614)
	at org.apache.catalina.core.ApplicationFilterChain.internalDoFilter(ApplicationFilterChain.java:195)
	at org.apache.catalina.core.ApplicationFilterChain.doFilter(ApplicationFilterChain.java:140)
	at org.apache.tomcat.websocket.server.WsFilter.doFilter(WsFilter.java:51)
	at org.apache.catalina.core.ApplicationFilterChain.internalDoFilter(ApplicationFilterChain.java:164)
	at org.apache.catalina.core.ApplicationFilterChain.doFilter(ApplicationFilterChain.java:140)
	at org.springframework.web.filter.CompositeFilter$VirtualFilterChain.doFilter(CompositeFilter.java:108)
	at org.springframework.security.web.FilterChainProxy.lambda$doFilterInternal$3(FilterChainProxy.java:231)
	at org.springframework.security.web.ObservationFilterChainDecorator$FilterObservation$SimpleFilterObservation.lambda$wrap$1(ObservationFilterChainDecorator.java:479)
	at org.springframework.security.web.ObservationFilterChainDecorator$AroundFilterObservation$SimpleAroundFilterObservation.lambda$wrap$1(ObservationFilterChainDecorator.java:340)
	at org.springframework.security.web.ObservationFilterChainDecorator.lambda$wrapSecured$0(ObservationFilterChainDecorator.java:82)
	at org.springframework.security.web.ObservationFilterChainDecorator$VirtualFilterChain.doFilter(ObservationFilterChainDecorator.java:128)
	at org.springframework.security.web.access.intercept.AuthorizationFilter.doFilter(AuthorizationFilter.java:101)
	at org.springframework.security.web.ObservationFilterChainDecorator$ObservationFilter.wrapFilter(ObservationFilterChainDecorator.java:240)
	at org.springframework.security.web.ObservationFilterChainDecorator$ObservationFilter.doFilter(ObservationFilterChainDecorator.java:227)
	at org.springframework.security.web.ObservationFilterChainDecorator$VirtualFilterChain.doFilter(ObservationFilterChainDecorator.java:137)
	at org.springframework.security.web.access.ExceptionTranslationFilter.doFilter(ExceptionTranslationFilter.java:126)
	at org.springframework.security.web.access.ExceptionTranslationFilter.doFilter(ExceptionTranslationFilter.java:120)
	at org.springframework.security.web.ObservationFilterChainDecorator$ObservationFilter.wrapFilter(ObservationFilterChainDecorator.java:240)
	at org.springframework.security.web.ObservationFilterChainDecorator$ObservationFilter.doFilter(ObservationFilterChainDecorator.java:227)
	at org.springframework.security.web.ObservationFilterChainDecorator$VirtualFilterChain.doFilter(ObservationFilterChainDecorator.java:137)
	at org.springframework.security.web.session.SessionManagementFilter.doFilter(SessionManagementFilter.java:131)
	at org.springframework.security.web.session.SessionManagementFilter.doFilter(SessionManagementFilter.java:85)
	at org.springframework.security.web.ObservationFilterChainDecorator$ObservationFilter.wrapFilter(ObservationFilterChainDecorator.java:240)
	at org.springframework.security.web.ObservationFilterChainDecorator$ObservationFilter.doFilter(ObservationFilterChainDecorator.java:227)
	at org.springframework.security.web.ObservationFilterChainDecorator$VirtualFilterChain.doFilter(ObservationFilterChainDecorator.java:137)
	at org.springframework.security.web.authentication.AnonymousAuthenticationFilter.doFilter(AnonymousAuthenticationFilter.java:100)
	at org.springframework.security.web.ObservationFilterChainDecorator$ObservationFilter.wrapFilter(ObservationFilterChainDecorator.java:240)
	at org.springframework.security.web.ObservationFilterChainDecorator$ObservationFilter.doFilter(ObservationFilterChainDecorator.java:227)
	at org.springframework.security.web.ObservationFilterChainDecorator$VirtualFilterChain.doFilter(ObservationFilterChainDecorator.java:137)
	at org.springframework.security.web.servletapi.SecurityContextHolderAwareRequestFilter.doFilter(SecurityContextHolderAwareRequestFilter.java:179)
	at org.springframework.security.web.ObservationFilterChainDecorator$ObservationFilter.wrapFilter(ObservationFilterChainDecorator.java:240)
	at org.springframework.security.web.ObservationFilterChainDecorator$ObservationFilter.doFilter(ObservationFilterChainDecorator.java:227)
	at org.springframework.security.web.ObservationFilterChainDecorator$VirtualFilterChain.doFilter(ObservationFilterChainDecorator.java:137)
	at org.springframework.security.web.savedrequest.RequestCacheAwareFilter.doFilter(RequestCacheAwareFilter.java:63)
	at org.springframework.security.web.ObservationFilterChainDecorator$ObservationFilter.wrapFilter(ObservationFilterChainDecorator.java:240)
	at org.springframework.security.web.ObservationFilterChainDecorator$ObservationFilter.doFilter(ObservationFilterChainDecorator.java:227)
	at org.springframework.security.web.ObservationFilterChainDecorator$VirtualFilterChain.doFilter(ObservationFilterChainDecorator.java:137)
	at com.company.project.security.jwt.JwtAuthenticationFilter.doFilterInternal(JwtAuthenticationFilter.java:52)
	at org.springframework.web.filter.OncePerRequestFilter.doFilter(OncePerRequestFilter.java:116)
	at org.springframework.security.web.ObservationFilterChainDecorator$ObservationFilter.wrapFilter(ObservationFilterChainDecorator.java:240)
	at org.springframework.security.web.ObservationFilterChainDecorator$ObservationFilter.doFilter(ObservationFilterChainDecorator.java:227)
	at org.springframework.security.web.ObservationFilterChainDecorator$VirtualFilterChain.doFilter(ObservationFilterChainDecorator.java:137)
	at org.springframework.security.web.authentication.logout.LogoutFilter.doFilter(LogoutFilter.java:107)
	at org.springframework.security.web.authentication.logout.LogoutFilter.doFilter(LogoutFilter.java:93)
	at org.springframework.security.web.ObservationFilterChainDecorator$ObservationFilter.wrapFilter(ObservationFilterChainDecorator.java:240)
	at org.springframework.security.web.ObservationFilterChainDecorator$ObservationFilter.doFilter(ObservationFilterChainDecorator.java:227)
	at org.springframework.security.web.ObservationFilterChainDecorator$VirtualFilterChain.doFilter(ObservationFilterChainDecorator.java:137)
	at org.springframework.web.filter.CorsFilter.doFilterInternal(CorsFilter.java:91)
	at org.springframework.web.filter.OncePerRequestFilter.doFilter(OncePerRequestFilter.java:116)
	at org.springframework.security.web.ObservationFilterChainDecorator$ObservationFilter.wrapFilter(ObservationFilterChainDecorator.java:240)
	at org.springframework.security.web.ObservationFilterChainDecorator$ObservationFilter.doFilter(ObservationFilterChainDecorator.java:227)
	at org.springframework.security.web.ObservationFilterChainDecorator$VirtualFilterChain.doFilter(ObservationFilterChainDecorator.java:137)
	at org.springframework.security.web.header.HeaderWriterFilter.doHeadersAfter(HeaderWriterFilter.java:90)
	at org.springframework.security.web.header.HeaderWriterFilter.doFilterInternal(HeaderWriterFilter.java:75)
	at org.springframework.web.filter.OncePerRequestFilter.doFilter(OncePerRequestFilter.java:116)
	at org.springframework.security.web.ObservationFilterChainDecorator$ObservationFilter.wrapFilter(ObservationFilterChainDecorator.java:240)
	at org.springframework.security.web.ObservationFilterChainDecorator$ObservationFilter.doFilter(ObservationFilterChainDecorator.java:227)
	at org.springframework.security.web.ObservationFilterChainDecorator$VirtualFilterChain.doFilter(ObservationFilterChainDecorator.java:137)
	at org.springframework.security.web.context.SecurityContextHolderFilter.doFilter(SecurityContextHolderFilter.java:82)
	at org.springframework.security.web.context.SecurityContextHolderFilter.doFilter(SecurityContextHolderFilter.java:69)
	at org.springframework.security.web.ObservationFilterChainDecorator$ObservationFilter.wrapFilter(ObservationFilterChainDecorator.java:240)
	at org.springframework.security.web.ObservationFilterChainDecorator$ObservationFilter.doFilter(ObservationFilterChainDecorator.java:227)
	at org.springframework.security.web.ObservationFilterChainDecorator$VirtualFilterChain.doFilter(ObservationFilterChainDecorator.java:137)
	at org.springframework.security.web.context.request.async.WebAsyncManagerIntegrationFilter.doFilterInternal(WebAsyncManagerIntegrationFilter.java:62)
	at org.springframework.web.filter.OncePerRequestFilter.doFilter(OncePerRequestFilter.java:116)
	at org.springframework.security.web.ObservationFilterChainDecorator$ObservationFilter.wrapFilter(ObservationFilterChainDecorator.java:240)
	at org.springframework.security.web.ObservationFilterChainDecorator$ObservationFilter.doFilter(ObservationFilterChainDecorator.java:227)
	at org.springframework.security.web.ObservationFilterChainDecorator$VirtualFilterChain.doFilter(ObservationFilterChainDecorator.java:137)
	at org.springframework.security.web.session.DisableEncodeUrlFilter.doFilterInternal(DisableEncodeUrlFilter.java:42)
	at org.springframework.web.filter.OncePerRequestFilter.doFilter(OncePerRequestFilter.java:116)
	at org.springframework.security.web.ObservationFilterChainDecorator$ObservationFilter.wrapFilter(ObservationFilterChainDecorator.java:240)
	at org.springframework.security.web.ObservationFilterChainDecorator$AroundFilterObservation$SimpleAroundFilterObservation.lambda$wrap$0(ObservationFilterChainDecorator.java:323)
	at org.springframework.security.web.ObservationFilterChainDecorator$ObservationFilter.doFilter(ObservationFilterChainDecorator.java:224)
	at org.springframework.security.web.ObservationFilterChainDecorator$VirtualFilterChain.doFilter(ObservationFilterChainDecorator.java:137)
	at org.springframework.security.web.FilterChainProxy.doFilterInternal(FilterChainProxy.java:233)
	at org.springframework.security.web.FilterChainProxy.doFilter(FilterChainProxy.java:191)
	at org.springframework.web.filter.CompositeFilter$VirtualFilterChain.doFilter(CompositeFilter.java:113)
	at org.springframework.web.servlet.handler.HandlerMappingIntrospector.lambda$createCacheFilter$3(HandlerMappingIntrospector.java:243)
	at org.springframework.web.filter.CompositeFilter$VirtualFilterChain.doFilter(CompositeFilter.java:113)
	at org.springframework.web.filter.CompositeFilter.doFilter(CompositeFilter.java:74)
	at org.springframework.security.config.annotation.web.configuration.WebMvcSecurityConfiguration$CompositeFilterChainProxy.doFilter(WebMvcSecurityConfiguration.java:238)
	at org.springframework.web.filter.DelegatingFilterProxy.invokeDelegate(DelegatingFilterProxy.java:362)
	at org.springframework.web.filter.DelegatingFilterProxy.doFilter(DelegatingFilterProxy.java:278)
	at org.apache.catalina.core.ApplicationFilterChain.internalDoFilter(ApplicationFilterChain.java:164)
	at org.apache.catalina.core.ApplicationFilterChain.doFilter(ApplicationFilterChain.java:140)
	at org.springframework.web.filter.RequestContextFilter.doFilterInternal(RequestContextFilter.java:100)
	at org.springframework.web.filter.OncePerRequestFilter.doFilter(OncePerRequestFilter.java:116)
	at org.apache.catalina.core.ApplicationFilterChain.internalDoFilter(ApplicationFilterChain.java:164)
	at org.apache.catalina.core.ApplicationFilterChain.doFilter(ApplicationFilterChain.java:140)
	at org.springframework.web.filter.FormContentFilter.doFilterInternal(FormContentFilter.java:93)
	at org.springframework.web.filter.OncePerRequestFilter.doFilter(OncePerRequestFilter.java:116)
	at org.apache.catalina.core.ApplicationFilterChain.internalDoFilter(ApplicationFilterChain.java:164)
	at org.apache.catalina.core.ApplicationFilterChain.doFilter(ApplicationFilterChain.java:140)
	at org.springframework.web.filter.ServerHttpObservationFilter.doFilterInternal(ServerHttpObservationFilter.java:114)
	at org.springframework.web.filter.OncePerRequestFilter.doFilter(OncePerRequestFilter.java:116)
	at org.apache.catalina.core.ApplicationFilterChain.internalDoFilter(ApplicationFilterChain.java:164)
	at org.apache.catalina.core.ApplicationFilterChain.doFilter(ApplicationFilterChain.java:140)
	at org.springframework.web.filter.CharacterEncodingFilter.doFilterInternal(CharacterEncodingFilter.java:201)
	at org.springframework.web.filter.OncePerRequestFilter.doFilter(OncePerRequestFilter.java:116)
	at org.apache.catalina.core.ApplicationFilterChain.internalDoFilter(ApplicationFilterChain.java:164)
	at org.apache.catalina.core.ApplicationFilterChain.doFilter(ApplicationFilterChain.java:140)
	at org.apache.catalina.core.StandardWrapperValve.invoke(StandardWrapperValve.java:167)
	at org.apache.catalina.core.StandardContextValve.invoke(StandardContextValve.java:90)
	at org.apache.catalina.authenticator.AuthenticatorBase.invoke(AuthenticatorBase.java:483)
	at org.apache.catalina.core.StandardHostValve.invoke(StandardHostValve.java:115)
	at org.apache.catalina.valves.ErrorReportValve.invoke(ErrorReportValve.java:93)
	at org.apache.catalina.core.StandardEngineValve.invoke(StandardEngineValve.java:74)
	at org.apache.catalina.connector.CoyoteAdapter.service(CoyoteAdapter.java:344)
	at org.apache.coyote.http11.Http11Processor.service(Http11Processor.java:397)
	at org.apache.coyote.AbstractProcessorLight.process(AbstractProcessorLight.java:63)
	at org.apache.coyote.AbstractProtocol$ConnectionHandler.process(AbstractProtocol.java:905)
	at org.apache.tomcat.util.net.NioEndpoint$SocketProcessor.doRun(NioEndpoint.java:1741)
	at org.apache.tomcat.util.net.SocketProcessorBase.run(SocketProcessorBase.java:52)
	at org.apache.tomcat.util.threads.ThreadPoolExecutor.runWorker(ThreadPoolExecutor.java:1190)
	at org.apache.tomcat.util.threads.ThreadPoolExecutor$Worker.run(ThreadPoolExecutor.java:659)
	at org.apache.tomcat.util.threads.TaskThread$WrappingRunnable.run(TaskThread.java:63)
	at java.base/java.lang.Thread.run(Thread.java:1583)
2026-03-16 17:01:05 [http-nio-8080-exec-7] DEBUG o.s.w.s.m.m.a.HttpEntityMethodProcessor - Using 'application/json', given [application/json, text/plain, */*] and supported [application/json, application/*+json, application/yaml]
2026-03-16 17:01:05 [http-nio-8080-exec-7] TRACE o.s.w.s.m.m.a.HttpEntityMethodProcessor - Writing [ApiResponse[success=false, status=500, code=C004, message=예기치 않은 서버 오류가 발생했습니다., data=null, timestamp=2026-03-16T17:01:05.951969900]]
2026-03-16 17:01:05 [http-nio-8080-exec-7] DEBUG o.s.w.s.m.m.a.ExceptionHandlerExceptionResolver - Resolved [org.springframework.web.servlet.resource.NoResourceFoundException: No static resource api/v1/admin/system/statistics/bbs.]
2026-03-16 17:01:05 [http-nio-8080-exec-7] DEBUG o.s.web.servlet.DispatcherServlet - Completed 500 INTERNAL_SERVER_ERROR
2026-03-16 17:01:06 [http-nio-8080-exec-1] DEBUG o.s.orm.jpa.JpaTransactionManager - Closing JPA EntityManager [SessionImpl(375162076<open>)] after transaction
2026-03-16 17:01:06 [http-nio-8080-exec-8] DEBUG o.s.orm.jpa.JpaTransactionManager - Initiating transaction commit
2026-03-16 17:01:06 [http-nio-8080-exec-3] DEBUG o.s.orm.jpa.JpaTransactionManager - Initiating transaction commit
2026-03-16 17:01:06 [http-nio-8080-exec-3] DEBUG o.s.orm.jpa.JpaTransactionManager - Committing JPA transaction on EntityManager [SessionImpl(338218541<open>)]
2026-03-16 17:01:06 [http-nio-8080-exec-1] DEBUG c.c.p.s.jwt.JwtAuthenticationFilter - >>> [JwtFilter] Successfully authenticated user: USRCNFRM_99999999999, Authorities: [ROLE_ADMIN]
2026-03-16 17:01:06 [http-nio-8080-exec-11] DEBUG o.s.orm.jpa.JpaTransactionManager - Found thread-bound EntityManager [SessionImpl(522219573<open>)] for JPA transaction
2026-03-16 17:01:06 [http-nio-8080-exec-10] DEBUG o.s.orm.jpa.JpaTransactionManager - Initiating transaction commit
2026-03-16 17:01:06 [http-nio-8080-exec-8] DEBUG o.s.orm.jpa.JpaTransactionManager - Committing JPA transaction on EntityManager [SessionImpl(637032955<open>)]
2026-03-16 17:01:06 [http-nio-8080-exec-11] DEBUG o.s.orm.jpa.JpaTransactionManager - Participating in existing transaction
2026-03-16 17:01:06 [http-nio-8080-exec-11] DEBUG org.hibernate.SQL - select ua1_0.scrty_dtrmn_trget_id,ua1_0.author_code,ua1_0.frst_register_id,ua1_0.frst_regist_pnttm,ua1_0.last_updusr_id,ua1_0.last_updt_pnttm,ua1_0.mber_ty_code from nemplyrscrtyestbs ua1_0 where ua1_0.scrty_dtrmn_trget_id=?
2026-03-16 17:01:06 [http-nio-8080-exec-10] DEBUG o.s.orm.jpa.JpaTransactionManager - Committing JPA transaction on EntityManager [SessionImpl(949303549<open>)]
2026-03-16 17:01:06 [http-nio-8080-exec-1] DEBUG o.s.web.servlet.DispatcherServlet - GET "/api/v1/menu/left?menuNo=20", parameters={masked}
2026-03-16 17:01:06 [http-nio-8080-exec-1] TRACE o.s.w.s.m.m.a.RequestMappingHandlerMapping - Mapped to com.company.project.api.controller.menu.MenuController#getLeftMenu(Long)
2026-03-16 17:01:06 [http-nio-8080-exec-1] INFO  c.c.p.a.c.menu.MenuController - getLeftMenu called with menuNo=20
2026-03-16 17:01:06 [http-nio-8080-exec-1] DEBUG o.s.orm.jpa.JpaTransactionManager - Creating new transaction with name [com.company.project.service.menu.MenuService.getSubMenus]: PROPAGATION_REQUIRED,ISOLATION_DEFAULT,readOnly
2026-03-16 17:01:06 [http-nio-8080-exec-1] DEBUG o.s.orm.jpa.JpaTransactionManager - Opened new EntityManager [SessionImpl(1943870943<open>)] for JPA transaction
2026-03-16 17:01:06 [http-nio-8080-exec-1] DEBUG o.s.orm.jpa.JpaTransactionManager - Exposing JPA transaction as JDBC [org.springframework.orm.jpa.vendor.HibernateJpaDialect$HibernateConnectionHandle@6a74dcd7]
2026-03-16 17:01:06 [http-nio-8080-exec-1] DEBUG org.hibernate.SQL - select m1_0.menu_no,m1_0.menu_dc,m1_0.menu_nm,m1_0.menu_ordr,m1_0.modern_route,m1_0.progrm_file_nm,m1_0.relate_image_nm,m1_0.relate_image_path,m1_0.route_updated_at,m1_0.upper_menu_no from nmenuinfo m1_0 order by m1_0.upper_menu_no,m1_0.menu_ordr
2026-03-16 17:01:06 [http-nio-8080-exec-6] DEBUG c.c.p.s.jwt.JwtAuthenticationFilter - >>> [JwtFilter] Processing request: GET /api/v1/admin/system/statistics/connect
2026-03-16 17:01:06 [http-nio-8080-exec-6] DEBUG c.c.p.s.jwt.JwtAuthenticationFilter - >>> [JwtFilter] Found token in header for path: /api/v1/admin/system/statistics/connect
2026-03-16 17:01:06 [http-nio-8080-exec-6] DEBUG o.s.orm.jpa.JpaTransactionManager - Creating new transaction with name [com.company.project.security.iam.CustomUserDetailsService.loadUserByUsername]: PROPAGATION_REQUIRED,ISOLATION_DEFAULT,readOnly
2026-03-16 17:01:06 [http-nio-8080-exec-6] DEBUG o.s.orm.jpa.JpaTransactionManager - Opened new EntityManager [SessionImpl(741078604<open>)] for JPA transaction
2026-03-16 17:01:06 [http-nio-8080-exec-11] DEBUG o.s.orm.jpa.JpaTransactionManager - Initiating transaction commit
2026-03-16 17:01:06 [http-nio-8080-exec-11] DEBUG o.s.orm.jpa.JpaTransactionManager - Committing JPA transaction on EntityManager [SessionImpl(522219573<open>)]
2026-03-16 17:01:06 [http-nio-8080-exec-3] DEBUG o.s.orm.jpa.JpaTransactionManager - Closing JPA EntityManager [SessionImpl(338218541<open>)] after transaction
2026-03-16 17:01:06 [http-nio-8080-exec-8] DEBUG o.s.orm.jpa.JpaTransactionManager - Closing JPA EntityManager [SessionImpl(637032955<open>)] after transaction
2026-03-16 17:01:06 [http-nio-8080-exec-10] DEBUG o.s.orm.jpa.JpaTransactionManager - Closing JPA EntityManager [SessionImpl(949303549<open>)] after transaction
2026-03-16 17:01:06 [http-nio-8080-exec-3] DEBUG c.c.p.s.jwt.JwtAuthenticationFilter - >>> [JwtFilter] Successfully authenticated user: USRCNFRM_99999999999, Authorities: [ROLE_ADMIN]
2026-03-16 17:01:06 [http-nio-8080-exec-8] DEBUG c.c.p.s.jwt.JwtAuthenticationFilter - >>> [JwtFilter] Successfully authenticated user: USRCNFRM_99999999999, Authorities: [ROLE_ADMIN]
2026-03-16 17:01:06 [http-nio-8080-exec-10] DEBUG c.c.p.s.jwt.JwtAuthenticationFilter - >>> [JwtFilter] Successfully authenticated user: USRCNFRM_99999999999, Authorities: [ROLE_ADMIN]
2026-03-16 17:01:06 [http-nio-8080-exec-10] DEBUG o.s.web.servlet.DispatcherServlet - GET "/api/v1/notifications/unread-count", parameters={}
2026-03-16 17:01:06 [http-nio-8080-exec-3] DEBUG o.s.web.servlet.DispatcherServlet - GET "/api/v1/notifications", parameters={}
2026-03-16 17:01:06 [http-nio-8080-exec-8] DEBUG o.s.web.servlet.DispatcherServlet - GET "/api/v1/admin/system/banners/reflected", parameters={}
2026-03-16 17:01:06 [http-nio-8080-exec-10] TRACE o.s.w.s.m.m.a.RequestMappingHandlerMapping - Mapped to com.company.project.api.controller.notification.NotificationController#getUnreadCount(UserDetails)
2026-03-16 17:01:06 [http-nio-8080-exec-8] TRACE o.s.w.s.m.m.a.RequestMappingHandlerMapping - Mapped to com.company.project.api.controller.system.content.banner.BannerApiController#getReflectedBanners()
2026-03-16 17:01:06 [http-nio-8080-exec-3] TRACE o.s.w.s.m.m.a.RequestMappingHandlerMapping - Mapped to com.company.project.api.controller.notification.NotificationController#getMyNotifications(UserDetails)
2026-03-16 17:01:06 [http-nio-8080-exec-10] DEBUG o.s.orm.jpa.JpaTransactionManager - Creating new transaction with name [com.company.project.service.notification.NotificationService.getUnreadCount]: PROPAGATION_REQUIRED,ISOLATION_DEFAULT,readOnly
2026-03-16 17:01:06 [http-nio-8080-exec-8] DEBUG o.s.orm.jpa.JpaTransactionManager - Creating new transaction with name [com.company.project.service.system.content.banner.BannerService.getReflectedBanners]: PROPAGATION_REQUIRED,ISOLATION_DEFAULT,readOnly
2026-03-16 17:01:06 [http-nio-8080-exec-3] DEBUG o.s.orm.jpa.JpaTransactionManager - Creating new transaction with name [com.company.project.service.notification.NotificationService.getActiveNotifications]: PROPAGATION_REQUIRED,ISOLATION_DEFAULT,readOnly
2026-03-16 17:01:06 [http-nio-8080-exec-10] DEBUG o.s.orm.jpa.JpaTransactionManager - Opened new EntityManager [SessionImpl(2062384312<open>)] for JPA transaction
2026-03-16 17:01:06 [http-nio-8080-exec-8] DEBUG o.s.orm.jpa.JpaTransactionManager - Opened new EntityManager [SessionImpl(1808266026<open>)] for JPA transaction
2026-03-16 17:01:06 [http-nio-8080-exec-10] DEBUG o.s.orm.jpa.JpaTransactionManager - Exposing JPA transaction as JDBC [org.springframework.orm.jpa.vendor.HibernateJpaDialect$HibernateConnectionHandle@36dce9fb]
2026-03-16 17:01:06 [http-nio-8080-exec-8] DEBUG o.s.orm.jpa.JpaTransactionManager - Exposing JPA transaction as JDBC [org.springframework.orm.jpa.vendor.HibernateJpaDialect$HibernateConnectionHandle@7123d1fc]
2026-03-16 17:01:06 [http-nio-8080-exec-3] DEBUG o.s.orm.jpa.JpaTransactionManager - Opened new EntityManager [SessionImpl(927960355<open>)] for JPA transaction
2026-03-16 17:01:06 [http-nio-8080-exec-3] DEBUG o.s.orm.jpa.JpaTransactionManager - Exposing JPA transaction as JDBC [org.springframework.orm.jpa.vendor.HibernateJpaDialect$HibernateConnectionHandle@58b67b31]
2026-03-16 17:01:06 [http-nio-8080-exec-3] DEBUG o.s.orm.jpa.JpaTransactionManager - Found thread-bound EntityManager [SessionImpl(927960355<open>)] for JPA transaction
2026-03-16 17:01:06 [http-nio-8080-exec-3] DEBUG o.s.orm.jpa.JpaTransactionManager - Participating in existing transaction
2026-03-16 17:01:06 [http-nio-8080-exec-3] DEBUG org.hibernate.SQL - select n1_0.ntcn_no,n1_0.frst_register_id,n1_0.frst_regist_pnttm,n1_0.is_read,n1_0.last_updusr_id,n1_0.last_updt_pnttm,n1_0.link_url,n1_0.ntcn_cn,n1_0.ntcn_sj,n1_0.receiver_id from n_user_notification n1_0
2026-03-16 17:01:06 [http-nio-8080-exec-10] DEBUG org.hibernate.SQL - select count(n1_0.ntcn_no) from n_user_notification n1_0 where n1_0.receiver_id=? and n1_0.is_read=?
2026-03-16 17:01:06 [http-nio-8080-exec-8] DEBUG org.hibernate.SQL - select b1_0.banner_id,b1_0.banner_dc,b1_0.banner_image,b1_0.banner_image_file,b1_0.banner_nm,b1_0.frst_register_id,b1_0.frst_regist_pnttm,b1_0.last_updusr_id,b1_0.last_updt_pnttm,b1_0.link_url,b1_0.reflct_at,b1_0.sort_ordr from nbanner b1_0 where b1_0.reflct_at=? order by b1_0.sort_ordr
2026-03-16 17:01:06 [MessageBroker-6] DEBUG o.s.w.s.s.t.h.DefaultSockJsService - Closed 1 sessions: [42kwvw3g]
2026-03-16 17:01:06 [http-nio-8080-exec-6] DEBUG o.s.orm.jpa.JpaTransactionManager - Exposing JPA transaction as JDBC [org.springframework.orm.jpa.vendor.HibernateJpaDialect$HibernateConnectionHandle@3dd4fbe4]
2026-03-16 17:01:06 [http-nio-8080-exec-6] DEBUG o.s.orm.jpa.JpaTransactionManager - Found thread-bound EntityManager [SessionImpl(741078604<open>)] for JPA transaction
2026-03-16 17:01:06 [http-nio-8080-exec-6] DEBUG o.s.orm.jpa.JpaTransactionManager - Participating in existing transaction
2026-03-16 17:01:06 [http-nio-8080-exec-11] DEBUG o.s.orm.jpa.JpaTransactionManager - Closing JPA EntityManager [SessionImpl(522219573<open>)] after transaction
2026-03-16 17:01:06 [http-nio-8080-exec-6] DEBUG org.hibernate.SQL - select u1_0.emplyr_id,u1_0.area_no,u1_0.brthdy,u1_0.chg_pwd_cnt,u1_0.frst_register_id,u1_0.frst_regist_pnttm,u1_0.detail_adres,u1_0.email_adres,u1_0.emplyr_sttus_code,u1_0.empl_no,u1_0.esntl_id,u1_0.fxnum,u1_0.group_id,u1_0.house_adres,u1_0.house_end_telno,u1_0.house_middle_telno,u1_0.ihidnum,u1_0.pstinst_code,u1_0.last_updusr_id,u1_0.last_updt_pnttm,u1_0.lock_at,u1_0.lock_cnt,u1_0.lock_last_pnttm,u1_0.mbtlnum,u1_0.ofcps_nm,u1_0.offm_telno,u1_0.orgnzt_id,u1_0.password,u1_0.password_cnsr,u1_0.password_hint,u1_0.chg_pwd_last_pnttm,u1_0.role,u1_0.sbscrb_de,u1_0.sexdstn_code,u1_0.crtfc_dn_value,u1_0.user_nm,u1_0.zip from nemplyrinfo u1_0 where u1_0.emplyr_id=?
2026-03-16 17:01:06 [http-nio-8080-exec-11] DEBUG c.c.p.s.jwt.JwtAuthenticationFilter - >>> [JwtFilter] Successfully authenticated user: USRCNFRM_99999999999, Authorities: [ROLE_ADMIN]
2026-03-16 17:01:06 [http-nio-8080-exec-8] DEBUG o.s.orm.jpa.JpaTransactionManager - Initiating transaction commit
2026-03-16 17:01:06 [http-nio-8080-exec-8] DEBUG o.s.orm.jpa.JpaTransactionManager - Committing JPA transaction on EntityManager [SessionImpl(1808266026<open>)]
2026-03-16 17:01:06 [http-nio-8080-exec-3] DEBUG o.s.orm.jpa.JpaTransactionManager - Initiating transaction commit
2026-03-16 17:01:06 [http-nio-8080-exec-3] DEBUG o.s.orm.jpa.JpaTransactionManager - Committing JPA transaction on EntityManager [SessionImpl(927960355<open>)]
2026-03-16 17:01:06 [http-nio-8080-exec-10] DEBUG o.s.orm.jpa.JpaTransactionManager - Initiating transaction commit
2026-03-16 17:01:06 [http-nio-8080-exec-10] DEBUG o.s.orm.jpa.JpaTransactionManager - Committing JPA transaction on EntityManager [SessionImpl(2062384312<open>)]
2026-03-16 17:01:06 [http-nio-8080-exec-11] DEBUG o.s.web.servlet.DispatcherServlet - GET "/api/v1/popups/active", parameters={}
2026-03-16 17:01:06 [http-nio-8080-exec-11] TRACE o.s.w.s.m.m.a.RequestMappingHandlerMapping - Mapped to com.company.project.api.controller.system.content.popup.PopupController#getActivePopups()
2026-03-16 17:01:06 [http-nio-8080-exec-11] DEBUG o.s.orm.jpa.JpaTransactionManager - Creating new transaction with name [com.company.project.service.system.content.popup.PopupServiceImpl.getActivePopups]: PROPAGATION_REQUIRED,ISOLATION_DEFAULT,readOnly
2026-03-16 17:01:06 [http-nio-8080-exec-11] DEBUG o.s.orm.jpa.JpaTransactionManager - Opened new EntityManager [SessionImpl(2103285033<open>)] for JPA transaction
2026-03-16 17:01:06 [http-nio-8080-exec-11] DEBUG o.s.orm.jpa.JpaTransactionManager - Exposing JPA transaction as JDBC [org.springframework.orm.jpa.vendor.HibernateJpaDialect$HibernateConnectionHandle@7156b561]
2026-03-16 17:01:06 [http-nio-8080-exec-11] DEBUG org.hibernate.SQL - select p1_0.popup_id,p1_0.frst_register_id,p1_0.frst_regist_pnttm,p1_0.file_url,p1_0.ntce_at,p1_0.stopvew_setup_at,p1_0.last_updusr_id,p1_0.last_updt_pnttm,p1_0.ntce_bgnde,p1_0.ntce_endde,p1_0.popup_vrticl_lc,p1_0.popup_vrticl_size,p1_0.popup_sj_nm,p1_0.popup_width_lc,p1_0.popup_width_size from npopupmanage p1_0 where p1_0.ntce_at='Y' and ? between p1_0.ntce_bgnde and p1_0.ntce_endde
2026-03-16 17:01:06 [http-nio-8080-exec-1] DEBUG o.s.orm.jpa.JpaTransactionManager - Found thread-bound EntityManager [SessionImpl(1943870943<open>)] for JPA transaction
2026-03-16 17:01:06 [http-nio-8080-exec-1] DEBUG o.s.orm.jpa.JpaTransactionManager - Participating in existing transaction
2026-03-16 17:01:06 [http-nio-8080-exec-1] DEBUG org.hibernate.SQL - select p1_0.progrm_file_nm,p1_0.progrm_dc,p1_0.progrm_korean_nm,p1_0.progrm_stre_path,p1_0.url from nprogrmlist p1_0
2026-03-16 17:01:06 [http-nio-8080-exec-3] DEBUG o.s.orm.jpa.JpaTransactionManager - Closing JPA EntityManager [SessionImpl(927960355<open>)] after transaction
2026-03-16 17:01:06 [http-nio-8080-exec-8] DEBUG o.s.orm.jpa.JpaTransactionManager - Closing JPA EntityManager [SessionImpl(1808266026<open>)] after transaction
2026-03-16 17:01:06 [http-nio-8080-exec-10] DEBUG o.s.orm.jpa.JpaTransactionManager - Closing JPA EntityManager [SessionImpl(2062384312<open>)] after transaction
2026-03-16 17:01:06 [http-nio-8080-exec-6] DEBUG o.s.orm.jpa.JpaTransactionManager - Found thread-bound EntityManager [SessionImpl(741078604<open>)] for JPA transaction
2026-03-16 17:01:06 [http-nio-8080-exec-6] DEBUG o.s.orm.jpa.JpaTransactionManager - Participating in existing transaction
2026-03-16 17:01:06 [http-nio-8080-exec-3] DEBUG o.s.w.s.m.m.a.HttpEntityMethodProcessor - Using 'application/json', given [application/json, text/plain, */*] and supported [application/json, application/*+json, application/yaml]
2026-03-16 17:01:06 [http-nio-8080-exec-8] DEBUG o.s.w.s.m.m.a.HttpEntityMethodProcessor - Using 'application/json', given [application/json, text/plain, */*] and supported [application/json, application/*+json, application/yaml]
2026-03-16 17:01:06 [http-nio-8080-exec-6] DEBUG org.hibernate.SQL - select ua1_0.scrty_dtrmn_trget_id,ua1_0.author_code,ua1_0.frst_register_id,ua1_0.frst_regist_pnttm,ua1_0.last_updusr_id,ua1_0.last_updt_pnttm,ua1_0.mber_ty_code from nemplyrscrtyestbs ua1_0 where ua1_0.scrty_dtrmn_trget_id=?
2026-03-16 17:01:06 [http-nio-8080-exec-3] TRACE o.s.w.s.m.m.a.HttpEntityMethodProcessor - Writing [ApiResponse[success=true, status=200, code=COMMON_001, message=Success, data=[NotificationDto(ntfcNo=NT001, ntfcSj=테스트 알림입니다, ntfcCn=알림 내용입니다, ntfcDate=null, ntfcTime=2026-02-25T00:59:33.784070, bhNtfcIntrvl=null, uniqId=null, frstRegisterId=null, frstRegisterPnttm=2026-02-25T00:59:33.784070, lastUpdusrId=null, lastUpdusrPnttm=null)], timestamp=2026-03-16T17:01:06.980841600]]
2026-03-16 17:01:06 [http-nio-8080-exec-8] TRACE o.s.w.s.m.m.a.HttpEntityMethodProcessor - Writing [ApiResponse[success=true, status=200, code=COMMON_001, message=Success, data=[], timestamp=2026-03-16T17:01:06.980841600]]
2026-03-16 17:01:06 [http-nio-8080-exec-10] DEBUG o.s.w.s.m.m.a.HttpEntityMethodProcessor - Using 'application/json', given [application/json, text/plain, */*] and supported [application/json, application/*+json, application/yaml]
2026-03-16 17:01:06 [http-nio-8080-exec-10] TRACE o.s.w.s.m.m.a.HttpEntityMethodProcessor - Writing [ApiResponse[success=true, status=200, code=COMMON_001, message=Success, data=0, timestamp=2026-03-16T17:01:06.980841600]]
2026-03-16 17:01:06 [http-nio-8080-exec-3] INFO  c.c.p.a.i.OperationalAuditInterceptor - API Audit Log: URL=/api/v1/notifications, User=webmaster, IP=127.0.0.1
2026-03-16 17:01:06 [http-nio-8080-exec-3] DEBUG o.s.web.servlet.DispatcherServlet - Completed 200 OK
2026-03-16 17:01:06 [http-nio-8080-exec-8] INFO  c.c.p.a.i.OperationalAuditInterceptor - API Audit Log: URL=/api/v1/admin/system/banners/reflected, User=webmaster, IP=127.0.0.1
2026-03-16 17:01:06 [http-nio-8080-exec-8] DEBUG o.s.web.servlet.DispatcherServlet - Completed 200 OK
2026-03-16 17:01:06 [http-nio-8080-exec-10] INFO  c.c.p.a.i.OperationalAuditInterceptor - API Audit Log: URL=/api/v1/notifications/unread-count, User=webmaster, IP=127.0.0.1
2026-03-16 17:01:06 [http-nio-8080-exec-10] DEBUG o.s.web.servlet.DispatcherServlet - Completed 200 OK
2026-03-16 17:01:06 [http-nio-8080-exec-11] DEBUG o.s.orm.jpa.JpaTransactionManager - Initiating transaction commit
2026-03-16 17:01:06 [http-nio-8080-exec-11] DEBUG o.s.orm.jpa.JpaTransactionManager - Committing JPA transaction on EntityManager [SessionImpl(2103285033<open>)]
2026-03-16 17:01:06 [http-nio-8080-exec-1] DEBUG o.s.orm.jpa.JpaTransactionManager - Initiating transaction commit
2026-03-16 17:01:06 [http-nio-8080-exec-1] DEBUG o.s.orm.jpa.JpaTransactionManager - Committing JPA transaction on EntityManager [SessionImpl(1943870943<open>)]
2026-03-16 17:01:06 [http-nio-8080-exec-13] DEBUG c.c.p.s.jwt.JwtAuthenticationFilter - >>> [JwtFilter] Processing request: GET /api/v1/admin/system/statistics/bbs
2026-03-16 17:01:06 [http-nio-8080-exec-13] DEBUG c.c.p.s.jwt.JwtAuthenticationFilter - >>> [JwtFilter] Found token in header for path: /api/v1/admin/system/statistics/bbs
2026-03-16 17:01:06 [http-nio-8080-exec-13] DEBUG o.s.orm.jpa.JpaTransactionManager - Creating new transaction with name [com.company.project.security.iam.CustomUserDetailsService.loadUserByUsername]: PROPAGATION_REQUIRED,ISOLATION_DEFAULT,readOnly
2026-03-16 17:01:06 [http-nio-8080-exec-13] DEBUG o.s.orm.jpa.JpaTransactionManager - Opened new EntityManager [SessionImpl(509895690<open>)] for JPA transaction
2026-03-16 17:01:07 [http-nio-8080-exec-6] DEBUG o.s.orm.jpa.JpaTransactionManager - Initiating transaction commit
2026-03-16 17:01:07 [http-nio-8080-exec-6] DEBUG o.s.orm.jpa.JpaTransactionManager - Committing JPA transaction on EntityManager [SessionImpl(741078604<open>)]
2026-03-16 17:01:07 [http-nio-8080-exec-1] DEBUG o.s.orm.jpa.JpaTransactionManager - Closing JPA EntityManager [SessionImpl(1943870943<open>)] after transaction
2026-03-16 17:01:07 [http-nio-8080-exec-1] INFO  c.c.p.a.c.menu.MenuController - getLeftMenu returned 3 items
2026-03-16 17:01:07 [http-nio-8080-exec-11] DEBUG o.s.orm.jpa.JpaTransactionManager - Closing JPA EntityManager [SessionImpl(2103285033<open>)] after transaction
2026-03-16 17:01:07 [http-nio-8080-exec-1] DEBUG o.s.w.s.m.m.a.HttpEntityMethodProcessor - Using 'application/json', given [application/json, text/plain, */*] and supported [application/json, application/*+json, application/yaml]
2026-03-16 17:01:07 [http-nio-8080-exec-11] DEBUG o.s.w.s.m.m.a.HttpEntityMethodProcessor - Using 'application/json', given [application/json, text/plain, */*] and supported [application/json, application/*+json, application/yaml]
2026-03-16 17:01:07 [http-nio-8080-exec-1] TRACE o.s.w.s.m.m.a.HttpEntityMethodProcessor - Writing [ApiResponse[success=true, status=200, code=COMMON_001, message=Success, data={list=[com.company.project.service.menu.dto.MenuDto@52115bf8, com.company.project.service.menu.dto.MenuDto@3ccaf801, com.company.project.service.menu.dto.MenuDto@3514d373]}, timestamp=2026-03-16T17:01:07.140843700]]
2026-03-16 17:01:07 [http-nio-8080-exec-11] TRACE o.s.w.s.m.m.a.HttpEntityMethodProcessor - Writing [ApiResponse[success=true, status=200, code=COMMON_001, message=Success, data=[], timestamp=2026-03-16T17:01:07.140843700]]
2026-03-16 17:01:07 [http-nio-8080-exec-11] INFO  c.c.p.a.i.OperationalAuditInterceptor - API Audit Log: URL=/api/v1/popups/active, User=webmaster, IP=127.0.0.1
2026-03-16 17:01:07 [http-nio-8080-exec-11] DEBUG o.s.web.servlet.DispatcherServlet - Completed 200 OK
2026-03-16 17:01:07 [http-nio-8080-exec-1] INFO  c.c.p.a.i.OperationalAuditInterceptor - API Audit Log: URL=/api/v1/menu/left, User=webmaster, IP=127.0.0.1
2026-03-16 17:01:07 [http-nio-8080-exec-1] DEBUG o.s.web.servlet.DispatcherServlet - Completed 200 OK
2026-03-16 17:01:07 [http-nio-8080-exec-18] DEBUG c.c.p.s.jwt.JwtAuthenticationFilter - >>> [JwtFilter] Processing request: GET /api/v1/menu/left
2026-03-16 17:01:07 [http-nio-8080-exec-18] DEBUG c.c.p.s.jwt.JwtAuthenticationFilter - >>> [JwtFilter] Found token in header for path: /api/v1/menu/left
2026-03-16 17:01:07 [http-nio-8080-exec-18] DEBUG o.s.orm.jpa.JpaTransactionManager - Creating new transaction with name [com.company.project.security.iam.CustomUserDetailsService.loadUserByUsername]: PROPAGATION_REQUIRED,ISOLATION_DEFAULT,readOnly
2026-03-16 17:01:07 [http-nio-8080-exec-18] DEBUG o.s.orm.jpa.JpaTransactionManager - Opened new EntityManager [SessionImpl(1956250735<open>)] for JPA transaction
2026-03-16 17:01:07 [http-nio-8080-exec-18] DEBUG o.s.orm.jpa.JpaTransactionManager - Exposing JPA transaction as JDBC [org.springframework.orm.jpa.vendor.HibernateJpaDialect$HibernateConnectionHandle@6066d38b]
2026-03-16 17:01:07 [http-nio-8080-exec-18] DEBUG o.s.orm.jpa.JpaTransactionManager - Found thread-bound EntityManager [SessionImpl(1956250735<open>)] for JPA transaction
2026-03-16 17:01:07 [http-nio-8080-exec-18] DEBUG o.s.orm.jpa.JpaTransactionManager - Participating in existing transaction
2026-03-16 17:01:07 [http-nio-8080-exec-18] DEBUG org.hibernate.SQL - select u1_0.emplyr_id,u1_0.area_no,u1_0.brthdy,u1_0.chg_pwd_cnt,u1_0.frst_register_id,u1_0.frst_regist_pnttm,u1_0.detail_adres,u1_0.email_adres,u1_0.emplyr_sttus_code,u1_0.empl_no,u1_0.esntl_id,u1_0.fxnum,u1_0.group_id,u1_0.house_adres,u1_0.house_end_telno,u1_0.house_middle_telno,u1_0.ihidnum,u1_0.pstinst_code,u1_0.last_updusr_id,u1_0.last_updt_pnttm,u1_0.lock_at,u1_0.lock_cnt,u1_0.lock_last_pnttm,u1_0.mbtlnum,u1_0.ofcps_nm,u1_0.offm_telno,u1_0.orgnzt_id,u1_0.password,u1_0.password_cnsr,u1_0.password_hint,u1_0.chg_pwd_last_pnttm,u1_0.role,u1_0.sbscrb_de,u1_0.sexdstn_code,u1_0.crtfc_dn_value,u1_0.user_nm,u1_0.zip from nemplyrinfo u1_0 where u1_0.emplyr_id=?
2026-03-16 17:01:07 [http-nio-8080-exec-13] DEBUG o.s.orm.jpa.JpaTransactionManager - Exposing JPA transaction as JDBC [org.springframework.orm.jpa.vendor.HibernateJpaDialect$HibernateConnectionHandle@12a3b73f]
2026-03-16 17:01:07 [http-nio-8080-exec-13] DEBUG o.s.orm.jpa.JpaTransactionManager - Found thread-bound EntityManager [SessionImpl(509895690<open>)] for JPA transaction
2026-03-16 17:01:07 [http-nio-8080-exec-13] DEBUG o.s.orm.jpa.JpaTransactionManager - Participating in existing transaction
2026-03-16 17:01:07 [http-nio-8080-exec-13] DEBUG org.hibernate.SQL - select u1_0.emplyr_id,u1_0.area_no,u1_0.brthdy,u1_0.chg_pwd_cnt,u1_0.frst_register_id,u1_0.frst_regist_pnttm,u1_0.detail_adres,u1_0.email_adres,u1_0.emplyr_sttus_code,u1_0.empl_no,u1_0.esntl_id,u1_0.fxnum,u1_0.group_id,u1_0.house_adres,u1_0.house_end_telno,u1_0.house_middle_telno,u1_0.ihidnum,u1_0.pstinst_code,u1_0.last_updusr_id,u1_0.last_updt_pnttm,u1_0.lock_at,u1_0.lock_cnt,u1_0.lock_last_pnttm,u1_0.mbtlnum,u1_0.ofcps_nm,u1_0.offm_telno,u1_0.orgnzt_id,u1_0.password,u1_0.password_cnsr,u1_0.password_hint,u1_0.chg_pwd_last_pnttm,u1_0.role,u1_0.sbscrb_de,u1_0.sexdstn_code,u1_0.crtfc_dn_value,u1_0.user_nm,u1_0.zip from nemplyrinfo u1_0 where u1_0.emplyr_id=?
2026-03-16 17:01:07 [http-nio-8080-exec-6] DEBUG o.s.orm.jpa.JpaTransactionManager - Closing JPA EntityManager [SessionImpl(741078604<open>)] after transaction
2026-03-16 17:01:07 [http-nio-8080-exec-6] DEBUG c.c.p.s.jwt.JwtAuthenticationFilter - >>> [JwtFilter] Successfully authenticated user: USRCNFRM_99999999999, Authorities: [ROLE_ADMIN]
2026-03-16 17:01:07 [http-nio-8080-exec-6] DEBUG o.s.web.servlet.DispatcherServlet - GET "/api/v1/admin/system/statistics/connect?statsKind=SERVICE", parameters={masked}
2026-03-16 17:01:07 [http-nio-8080-exec-6] DEBUG o.s.w.s.h.SimpleUrlHandlerMapping - Mapped to ResourceHttpRequestHandler [classpath [META-INF/resources/], classpath [resources/], classpath [static/], classpath [public/], ServletContext [/]]
2026-03-16 17:01:07 [http-nio-8080-exec-6] DEBUG o.s.w.s.r.ResourceHttpRequestHandler - Resource not found
2026-03-16 17:01:07 [http-nio-8080-exec-6] DEBUG o.s.w.s.m.m.a.ExceptionHandlerExceptionResolver - Using @ExceptionHandler com.company.project.core.exception.GlobalExceptionHandler#handleException(Exception)
2026-03-16 17:01:07 [http-nio-8080-exec-6] ERROR c.c.p.c.e.GlobalExceptionHandler - >>> Internal Server Error: No static resource api/v1/admin/system/statistics/connect.
org.springframework.web.servlet.resource.NoResourceFoundException: No static resource api/v1/admin/system/statistics/connect.
	at org.springframework.web.servlet.resource.ResourceHttpRequestHandler.handleRequest(ResourceHttpRequestHandler.java:585)
	at org.springframework.web.servlet.mvc.HttpRequestHandlerAdapter.handle(HttpRequestHandlerAdapter.java:52)
	at org.springframework.web.servlet.DispatcherServlet.doDispatch(DispatcherServlet.java:1088)
	at org.springframework.web.servlet.DispatcherServlet.doService(DispatcherServlet.java:978)
	at org.springframework.web.servlet.FrameworkServlet.processRequest(FrameworkServlet.java:1014)
	at org.springframework.web.servlet.FrameworkServlet.doGet(FrameworkServlet.java:903)
	at jakarta.servlet.http.HttpServlet.service(HttpServlet.java:527)
	at org.springframework.web.servlet.FrameworkServlet.service(FrameworkServlet.java:885)
	at jakarta.servlet.http.HttpServlet.service(HttpServlet.java:614)
	at org.apache.catalina.core.ApplicationFilterChain.internalDoFilter(ApplicationFilterChain.java:195)
	at org.apache.catalina.core.ApplicationFilterChain.doFilter(ApplicationFilterChain.java:140)
	at org.apache.tomcat.websocket.server.WsFilter.doFilter(WsFilter.java:51)
	at org.apache.catalina.core.ApplicationFilterChain.internalDoFilter(ApplicationFilterChain.java:164)
	at org.apache.catalina.core.ApplicationFilterChain.doFilter(ApplicationFilterChain.java:140)
	at org.springframework.web.filter.CompositeFilter$VirtualFilterChain.doFilter(CompositeFilter.java:108)
	at org.springframework.security.web.FilterChainProxy.lambda$doFilterInternal$3(FilterChainProxy.java:231)
	at org.springframework.security.web.ObservationFilterChainDecorator$FilterObservation$SimpleFilterObservation.lambda$wrap$1(ObservationFilterChainDecorator.java:479)
	at org.springframework.security.web.ObservationFilterChainDecorator$AroundFilterObservation$SimpleAroundFilterObservation.lambda$wrap$1(ObservationFilterChainDecorator.java:340)
	at org.springframework.security.web.ObservationFilterChainDecorator.lambda$wrapSecured$0(ObservationFilterChainDecorator.java:82)
	at org.springframework.security.web.ObservationFilterChainDecorator$VirtualFilterChain.doFilter(ObservationFilterChainDecorator.java:128)
	at org.springframework.security.web.access.intercept.AuthorizationFilter.doFilter(AuthorizationFilter.java:101)
	at org.springframework.security.web.ObservationFilterChainDecorator$ObservationFilter.wrapFilter(ObservationFilterChainDecorator.java:240)
	at org.springframework.security.web.ObservationFilterChainDecorator$ObservationFilter.doFilter(ObservationFilterChainDecorator.java:227)
	at org.springframework.security.web.ObservationFilterChainDecorator$VirtualFilterChain.doFilter(ObservationFilterChainDecorator.java:137)
	at org.springframework.security.web.access.ExceptionTranslationFilter.doFilter(ExceptionTranslationFilter.java:126)
	at org.springframework.security.web.access.ExceptionTranslationFilter.doFilter(ExceptionTranslationFilter.java:120)
	at org.springframework.security.web.ObservationFilterChainDecorator$ObservationFilter.wrapFilter(ObservationFilterChainDecorator.java:240)
	at org.springframework.security.web.ObservationFilterChainDecorator$ObservationFilter.doFilter(ObservationFilterChainDecorator.java:227)
	at org.springframework.security.web.ObservationFilterChainDecorator$VirtualFilterChain.doFilter(ObservationFilterChainDecorator.java:137)
	at org.springframework.security.web.session.SessionManagementFilter.doFilter(SessionManagementFilter.java:131)
	at org.springframework.security.web.session.SessionManagementFilter.doFilter(SessionManagementFilter.java:85)
	at org.springframework.security.web.ObservationFilterChainDecorator$ObservationFilter.wrapFilter(ObservationFilterChainDecorator.java:240)
	at org.springframework.security.web.ObservationFilterChainDecorator$ObservationFilter.doFilter(ObservationFilterChainDecorator.java:227)
	at org.springframework.security.web.ObservationFilterChainDecorator$VirtualFilterChain.doFilter(ObservationFilterChainDecorator.java:137)
	at org.springframework.security.web.authentication.AnonymousAuthenticationFilter.doFilter(AnonymousAuthenticationFilter.java:100)
	at org.springframework.security.web.ObservationFilterChainDecorator$ObservationFilter.wrapFilter(ObservationFilterChainDecorator.java:240)
	at org.springframework.security.web.ObservationFilterChainDecorator$ObservationFilter.doFilter(ObservationFilterChainDecorator.java:227)
	at org.springframework.security.web.ObservationFilterChainDecorator$VirtualFilterChain.doFilter(ObservationFilterChainDecorator.java:137)
	at org.springframework.security.web.servletapi.SecurityContextHolderAwareRequestFilter.doFilter(SecurityContextHolderAwareRequestFilter.java:179)
	at org.springframework.security.web.ObservationFilterChainDecorator$ObservationFilter.wrapFilter(ObservationFilterChainDecorator.java:240)
	at org.springframework.security.web.ObservationFilterChainDecorator$ObservationFilter.doFilter(ObservationFilterChainDecorator.java:227)
	at org.springframework.security.web.ObservationFilterChainDecorator$VirtualFilterChain.doFilter(ObservationFilterChainDecorator.java:137)
	at org.springframework.security.web.savedrequest.RequestCacheAwareFilter.doFilter(RequestCacheAwareFilter.java:63)
	at org.springframework.security.web.ObservationFilterChainDecorator$ObservationFilter.wrapFilter(ObservationFilterChainDecorator.java:240)
	at org.springframework.security.web.ObservationFilterChainDecorator$ObservationFilter.doFilter(ObservationFilterChainDecorator.java:227)
	at org.springframework.security.web.ObservationFilterChainDecorator$VirtualFilterChain.doFilter(ObservationFilterChainDecorator.java:137)
	at com.company.project.security.jwt.JwtAuthenticationFilter.doFilterInternal(JwtAuthenticationFilter.java:52)
	at org.springframework.web.filter.OncePerRequestFilter.doFilter(OncePerRequestFilter.java:116)
	at org.springframework.security.web.ObservationFilterChainDecorator$ObservationFilter.wrapFilter(ObservationFilterChainDecorator.java:240)
	at org.springframework.security.web.ObservationFilterChainDecorator$ObservationFilter.doFilter(ObservationFilterChainDecorator.java:227)
	at org.springframework.security.web.ObservationFilterChainDecorator$VirtualFilterChain.doFilter(ObservationFilterChainDecorator.java:137)
	at org.springframework.security.web.authentication.logout.LogoutFilter.doFilter(LogoutFilter.java:107)
	at org.springframework.security.web.authentication.logout.LogoutFilter.doFilter(LogoutFilter.java:93)
	at org.springframework.security.web.ObservationFilterChainDecorator$ObservationFilter.wrapFilter(ObservationFilterChainDecorator.java:240)
	at org.springframework.security.web.ObservationFilterChainDecorator$ObservationFilter.doFilter(ObservationFilterChainDecorator.java:227)
	at org.springframework.security.web.ObservationFilterChainDecorator$VirtualFilterChain.doFilter(ObservationFilterChainDecorator.java:137)
	at org.springframework.web.filter.CorsFilter.doFilterInternal(CorsFilter.java:91)
	at org.springframework.web.filter.OncePerRequestFilter.doFilter(OncePerRequestFilter.java:116)
	at org.springframework.security.web.ObservationFilterChainDecorator$ObservationFilter.wrapFilter(ObservationFilterChainDecorator.java:240)
	at org.springframework.security.web.ObservationFilterChainDecorator$ObservationFilter.doFilter(ObservationFilterChainDecorator.java:227)
	at org.springframework.security.web.ObservationFilterChainDecorator$VirtualFilterChain.doFilter(ObservationFilterChainDecorator.java:137)
	at org.springframework.security.web.header.HeaderWriterFilter.doHeadersAfter(HeaderWriterFilter.java:90)
	at org.springframework.security.web.header.HeaderWriterFilter.doFilterInternal(HeaderWriterFilter.java:75)
	at org.springframework.web.filter.OncePerRequestFilter.doFilter(OncePerRequestFilter.java:116)
	at org.springframework.security.web.ObservationFilterChainDecorator$ObservationFilter.wrapFilter(ObservationFilterChainDecorator.java:240)
	at org.springframework.security.web.ObservationFilterChainDecorator$ObservationFilter.doFilter(ObservationFilterChainDecorator.java:227)
	at org.springframework.security.web.ObservationFilterChainDecorator$VirtualFilterChain.doFilter(ObservationFilterChainDecorator.java:137)
	at org.springframework.security.web.context.SecurityContextHolderFilter.doFilter(SecurityContextHolderFilter.java:82)
	at org.springframework.security.web.context.SecurityContextHolderFilter.doFilter(SecurityContextHolderFilter.java:69)
	at org.springframework.security.web.ObservationFilterChainDecorator$ObservationFilter.wrapFilter(ObservationFilterChainDecorator.java:240)
	at org.springframework.security.web.ObservationFilterChainDecorator$ObservationFilter.doFilter(ObservationFilterChainDecorator.java:227)
	at org.springframework.security.web.ObservationFilterChainDecorator$VirtualFilterChain.doFilter(ObservationFilterChainDecorator.java:137)
	at org.springframework.security.web.context.request.async.WebAsyncManagerIntegrationFilter.doFilterInternal(WebAsyncManagerIntegrationFilter.java:62)
	at org.springframework.web.filter.OncePerRequestFilter.doFilter(OncePerRequestFilter.java:116)
	at org.springframework.security.web.ObservationFilterChainDecorator$ObservationFilter.wrapFilter(ObservationFilterChainDecorator.java:240)
	at org.springframework.security.web.ObservationFilterChainDecorator$ObservationFilter.doFilter(ObservationFilterChainDecorator.java:227)
	at org.springframework.security.web.ObservationFilterChainDecorator$VirtualFilterChain.doFilter(ObservationFilterChainDecorator.java:137)
	at org.springframework.security.web.session.DisableEncodeUrlFilter.doFilterInternal(DisableEncodeUrlFilter.java:42)
	at org.springframework.web.filter.OncePerRequestFilter.doFilter(OncePerRequestFilter.java:116)
	at org.springframework.security.web.ObservationFilterChainDecorator$ObservationFilter.wrapFilter(ObservationFilterChainDecorator.java:240)
	at org.springframework.security.web.ObservationFilterChainDecorator$AroundFilterObservation$SimpleAroundFilterObservation.lambda$wrap$0(ObservationFilterChainDecorator.java:323)
	at org.springframework.security.web.ObservationFilterChainDecorator$ObservationFilter.doFilter(ObservationFilterChainDecorator.java:224)
	at org.springframework.security.web.ObservationFilterChainDecorator$VirtualFilterChain.doFilter(ObservationFilterChainDecorator.java:137)
	at org.springframework.security.web.FilterChainProxy.doFilterInternal(FilterChainProxy.java:233)
	at org.springframework.security.web.FilterChainProxy.doFilter(FilterChainProxy.java:191)
	at org.springframework.web.filter.CompositeFilter$VirtualFilterChain.doFilter(CompositeFilter.java:113)
	at org.springframework.web.servlet.handler.HandlerMappingIntrospector.lambda$createCacheFilter$3(HandlerMappingIntrospector.java:243)
	at org.springframework.web.filter.CompositeFilter$VirtualFilterChain.doFilter(CompositeFilter.java:113)
	at org.springframework.web.filter.CompositeFilter.doFilter(CompositeFilter.java:74)
	at org.springframework.security.config.annotation.web.configuration.WebMvcSecurityConfiguration$CompositeFilterChainProxy.doFilter(WebMvcSecurityConfiguration.java:238)
	at org.springframework.web.filter.DelegatingFilterProxy.invokeDelegate(DelegatingFilterProxy.java:362)
	at org.springframework.web.filter.DelegatingFilterProxy.doFilter(DelegatingFilterProxy.java:278)
	at org.apache.catalina.core.ApplicationFilterChain.internalDoFilter(ApplicationFilterChain.java:164)
	at org.apache.catalina.core.ApplicationFilterChain.doFilter(ApplicationFilterChain.java:140)
	at org.springframework.web.filter.RequestContextFilter.doFilterInternal(RequestContextFilter.java:100)
	at org.springframework.web.filter.OncePerRequestFilter.doFilter(OncePerRequestFilter.java:116)
	at org.apache.catalina.core.ApplicationFilterChain.internalDoFilter(ApplicationFilterChain.java:164)
	at org.apache.catalina.core.ApplicationFilterChain.doFilter(ApplicationFilterChain.java:140)
	at org.springframework.web.filter.FormContentFilter.doFilterInternal(FormContentFilter.java:93)
	at org.springframework.web.filter.OncePerRequestFilter.doFilter(OncePerRequestFilter.java:116)
	at org.apache.catalina.core.ApplicationFilterChain.internalDoFilter(ApplicationFilterChain.java:164)
	at org.apache.catalina.core.ApplicationFilterChain.doFilter(ApplicationFilterChain.java:140)
	at org.springframework.web.filter.ServerHttpObservationFilter.doFilterInternal(ServerHttpObservationFilter.java:114)
	at org.springframework.web.filter.OncePerRequestFilter.doFilter(OncePerRequestFilter.java:116)
	at org.apache.catalina.core.ApplicationFilterChain.internalDoFilter(ApplicationFilterChain.java:164)
	at org.apache.catalina.core.ApplicationFilterChain.doFilter(ApplicationFilterChain.java:140)
	at org.springframework.web.filter.CharacterEncodingFilter.doFilterInternal(CharacterEncodingFilter.java:201)
	at org.springframework.web.filter.OncePerRequestFilter.doFilter(OncePerRequestFilter.java:116)
	at org.apache.catalina.core.ApplicationFilterChain.internalDoFilter(ApplicationFilterChain.java:164)
	at org.apache.catalina.core.ApplicationFilterChain.doFilter(ApplicationFilterChain.java:140)
	at org.apache.catalina.core.StandardWrapperValve.invoke(StandardWrapperValve.java:167)
	at org.apache.catalina.core.StandardContextValve.invoke(StandardContextValve.java:90)
	at org.apache.catalina.authenticator.AuthenticatorBase.invoke(AuthenticatorBase.java:483)
	at org.apache.catalina.core.StandardHostValve.invoke(StandardHostValve.java:115)
	at org.apache.catalina.valves.ErrorReportValve.invoke(ErrorReportValve.java:93)
	at org.apache.catalina.core.StandardEngineValve.invoke(StandardEngineValve.java:74)
	at org.apache.catalina.connector.CoyoteAdapter.service(CoyoteAdapter.java:344)
	at org.apache.coyote.http11.Http11Processor.service(Http11Processor.java:397)
	at org.apache.coyote.AbstractProcessorLight.process(AbstractProcessorLight.java:63)
	at org.apache.coyote.AbstractProtocol$ConnectionHandler.process(AbstractProtocol.java:905)
	at org.apache.tomcat.util.net.NioEndpoint$SocketProcessor.doRun(NioEndpoint.java:1741)
	at org.apache.tomcat.util.net.SocketProcessorBase.run(SocketProcessorBase.java:52)
	at org.apache.tomcat.util.threads.ThreadPoolExecutor.runWorker(ThreadPoolExecutor.java:1190)
	at org.apache.tomcat.util.threads.ThreadPoolExecutor$Worker.run(ThreadPoolExecutor.java:659)
	at org.apache.tomcat.util.threads.TaskThread$WrappingRunnable.run(TaskThread.java:63)
	at java.base/java.lang.Thread.run(Thread.java:1583)
2026-03-16 17:01:07 [http-nio-8080-exec-6] DEBUG o.s.w.s.m.m.a.HttpEntityMethodProcessor - Using 'application/json', given [application/json, text/plain, */*] and supported [application/json, application/*+json, application/yaml]
2026-03-16 17:01:07 [http-nio-8080-exec-6] TRACE o.s.w.s.m.m.a.HttpEntityMethodProcessor - Writing [ApiResponse[success=false, status=500, code=C004, message=예기치 않은 서버 오류가 발생했습니다., data=null, timestamp=2026-03-16T17:01:07.320458500]]
2026-03-16 17:01:07 [http-nio-8080-exec-6] DEBUG o.s.w.s.m.m.a.ExceptionHandlerExceptionResolver - Resolved [org.springframework.web.servlet.resource.NoResourceFoundException: No static resource api/v1/admin/system/statistics/connect.]
2026-03-16 17:01:07 [http-nio-8080-exec-6] DEBUG o.s.web.servlet.DispatcherServlet - Completed 500 INTERNAL_SERVER_ERROR
2026-03-16 17:01:07 [http-nio-8080-exec-18] DEBUG o.s.orm.jpa.JpaTransactionManager - Found thread-bound EntityManager [SessionImpl(1956250735<open>)] for JPA transaction
2026-03-16 17:01:07 [http-nio-8080-exec-18] DEBUG o.s.orm.jpa.JpaTransactionManager - Participating in existing transaction
2026-03-16 17:01:07 [http-nio-8080-exec-18] DEBUG org.hibernate.SQL - select ua1_0.scrty_dtrmn_trget_id,ua1_0.author_code,ua1_0.frst_register_id,ua1_0.frst_regist_pnttm,ua1_0.last_updusr_id,ua1_0.last_updt_pnttm,ua1_0.mber_ty_code from nemplyrscrtyestbs ua1_0 where ua1_0.scrty_dtrmn_trget_id=?
2026-03-16 17:01:07 [http-nio-8080-exec-13] DEBUG o.s.orm.jpa.JpaTransactionManager - Found thread-bound EntityManager [SessionImpl(509895690<open>)] for JPA transaction
2026-03-16 17:01:07 [http-nio-8080-exec-13] DEBUG o.s.orm.jpa.JpaTransactionManager - Participating in existing transaction
2026-03-16 17:01:07 [http-nio-8080-exec-13] DEBUG org.hibernate.SQL - select ua1_0.scrty_dtrmn_trget_id,ua1_0.author_code,ua1_0.frst_register_id,ua1_0.frst_regist_pnttm,ua1_0.last_updusr_id,ua1_0.last_updt_pnttm,ua1_0.mber_ty_code from nemplyrscrtyestbs ua1_0 where ua1_0.scrty_dtrmn_trget_id=?
2026-03-16 17:01:07 [http-nio-8080-exec-13] DEBUG o.s.orm.jpa.JpaTransactionManager - Initiating transaction commit
2026-03-16 17:01:07 [http-nio-8080-exec-13] DEBUG o.s.orm.jpa.JpaTransactionManager - Committing JPA transaction on EntityManager [SessionImpl(509895690<open>)]
2026-03-16 17:01:07 [http-nio-8080-exec-18] DEBUG o.s.orm.jpa.JpaTransactionManager - Initiating transaction commit
2026-03-16 17:01:07 [http-nio-8080-exec-18] DEBUG o.s.orm.jpa.JpaTransactionManager - Committing JPA transaction on EntityManager [SessionImpl(1956250735<open>)]
2026-03-16 17:01:07 [http-nio-8080-exec-13] DEBUG o.s.orm.jpa.JpaTransactionManager - Closing JPA EntityManager [SessionImpl(509895690<open>)] after transaction
2026-03-16 17:01:07 [http-nio-8080-exec-13] DEBUG c.c.p.s.jwt.JwtAuthenticationFilter - >>> [JwtFilter] Successfully authenticated user: USRCNFRM_99999999999, Authorities: [ROLE_ADMIN]
2026-03-16 17:01:07 [http-nio-8080-exec-13] DEBUG o.s.web.servlet.DispatcherServlet - GET "/api/v1/admin/system/statistics/bbs?statsKind=COM101", parameters={masked}
2026-03-16 17:01:07 [http-nio-8080-exec-13] DEBUG o.s.w.s.h.SimpleUrlHandlerMapping - Mapped to ResourceHttpRequestHandler [classpath [META-INF/resources/], classpath [resources/], classpath [static/], classpath [public/], ServletContext [/]]
2026-03-16 17:01:07 [http-nio-8080-exec-13] DEBUG o.s.w.s.r.ResourceHttpRequestHandler - Resource not found
2026-03-16 17:01:07 [http-nio-8080-exec-13] DEBUG o.s.w.s.m.m.a.ExceptionHandlerExceptionResolver - Using @ExceptionHandler com.company.project.core.exception.GlobalExceptionHandler#handleException(Exception)
2026-03-16 17:01:07 [http-nio-8080-exec-13] ERROR c.c.p.c.e.GlobalExceptionHandler - >>> Internal Server Error: No static resource api/v1/admin/system/statistics/bbs.
org.springframework.web.servlet.resource.NoResourceFoundException: No static resource api/v1/admin/system/statistics/bbs.
	at org.springframework.web.servlet.resource.ResourceHttpRequestHandler.handleRequest(ResourceHttpRequestHandler.java:585)
	at org.springframework.web.servlet.mvc.HttpRequestHandlerAdapter.handle(HttpRequestHandlerAdapter.java:52)
	at org.springframework.web.servlet.DispatcherServlet.doDispatch(DispatcherServlet.java:1088)
	at org.springframework.web.servlet.DispatcherServlet.doService(DispatcherServlet.java:978)
	at org.springframework.web.servlet.FrameworkServlet.processRequest(FrameworkServlet.java:1014)
	at org.springframework.web.servlet.FrameworkServlet.doGet(FrameworkServlet.java:903)
	at jakarta.servlet.http.HttpServlet.service(HttpServlet.java:527)
	at org.springframework.web.servlet.FrameworkServlet.service(FrameworkServlet.java:885)
	at jakarta.servlet.http.HttpServlet.service(HttpServlet.java:614)
	at org.apache.catalina.core.ApplicationFilterChain.internalDoFilter(ApplicationFilterChain.java:195)
	at org.apache.catalina.core.ApplicationFilterChain.doFilter(ApplicationFilterChain.java:140)
	at org.apache.tomcat.websocket.server.WsFilter.doFilter(WsFilter.java:51)
	at org.apache.catalina.core.ApplicationFilterChain.internalDoFilter(ApplicationFilterChain.java:164)
	at org.apache.catalina.core.ApplicationFilterChain.doFilter(ApplicationFilterChain.java:140)
	at org.springframework.web.filter.CompositeFilter$VirtualFilterChain.doFilter(CompositeFilter.java:108)
	at org.springframework.security.web.FilterChainProxy.lambda$doFilterInternal$3(FilterChainProxy.java:231)
	at org.springframework.security.web.ObservationFilterChainDecorator$FilterObservation$SimpleFilterObservation.lambda$wrap$1(ObservationFilterChainDecorator.java:479)
	at org.springframework.security.web.ObservationFilterChainDecorator$AroundFilterObservation$SimpleAroundFilterObservation.lambda$wrap$1(ObservationFilterChainDecorator.java:340)
	at org.springframework.security.web.ObservationFilterChainDecorator.lambda$wrapSecured$0(ObservationFilterChainDecorator.java:82)
	at org.springframework.security.web.ObservationFilterChainDecorator$VirtualFilterChain.doFilter(ObservationFilterChainDecorator.java:128)
	at org.springframework.security.web.access.intercept.AuthorizationFilter.doFilter(AuthorizationFilter.java:101)
	at org.springframework.security.web.ObservationFilterChainDecorator$ObservationFilter.wrapFilter(ObservationFilterChainDecorator.java:240)
	at org.springframework.security.web.ObservationFilterChainDecorator$ObservationFilter.doFilter(ObservationFilterChainDecorator.java:227)
	at org.springframework.security.web.ObservationFilterChainDecorator$VirtualFilterChain.doFilter(ObservationFilterChainDecorator.java:137)
	at org.springframework.security.web.access.ExceptionTranslationFilter.doFilter(ExceptionTranslationFilter.java:126)
	at org.springframework.security.web.access.ExceptionTranslationFilter.doFilter(ExceptionTranslationFilter.java:120)
	at org.springframework.security.web.ObservationFilterChainDecorator$ObservationFilter.wrapFilter(ObservationFilterChainDecorator.java:240)
	at org.springframework.security.web.ObservationFilterChainDecorator$ObservationFilter.doFilter(ObservationFilterChainDecorator.java:227)
	at org.springframework.security.web.ObservationFilterChainDecorator$VirtualFilterChain.doFilter(ObservationFilterChainDecorator.java:137)
	at org.springframework.security.web.session.SessionManagementFilter.doFilter(SessionManagementFilter.java:131)
	at org.springframework.security.web.session.SessionManagementFilter.doFilter(SessionManagementFilter.java:85)
	at org.springframework.security.web.ObservationFilterChainDecorator$ObservationFilter.wrapFilter(ObservationFilterChainDecorator.java:240)
	at org.springframework.security.web.ObservationFilterChainDecorator$ObservationFilter.doFilter(ObservationFilterChainDecorator.java:227)
	at org.springframework.security.web.ObservationFilterChainDecorator$VirtualFilterChain.doFilter(ObservationFilterChainDecorator.java:137)
	at org.springframework.security.web.authentication.AnonymousAuthenticationFilter.doFilter(AnonymousAuthenticationFilter.java:100)
	at org.springframework.security.web.ObservationFilterChainDecorator$ObservationFilter.wrapFilter(ObservationFilterChainDecorator.java:240)
	at org.springframework.security.web.ObservationFilterChainDecorator$ObservationFilter.doFilter(ObservationFilterChainDecorator.java:227)
	at org.springframework.security.web.ObservationFilterChainDecorator$VirtualFilterChain.doFilter(ObservationFilterChainDecorator.java:137)
	at org.springframework.security.web.servletapi.SecurityContextHolderAwareRequestFilter.doFilter(SecurityContextHolderAwareRequestFilter.java:179)
	at org.springframework.security.web.ObservationFilterChainDecorator$ObservationFilter.wrapFilter(ObservationFilterChainDecorator.java:240)
	at org.springframework.security.web.ObservationFilterChainDecorator$ObservationFilter.doFilter(ObservationFilterChainDecorator.java:227)
	at org.springframework.security.web.ObservationFilterChainDecorator$VirtualFilterChain.doFilter(ObservationFilterChainDecorator.java:137)
	at org.springframework.security.web.savedrequest.RequestCacheAwareFilter.doFilter(RequestCacheAwareFilter.java:63)
	at org.springframework.security.web.ObservationFilterChainDecorator$ObservationFilter.wrapFilter(ObservationFilterChainDecorator.java:240)
	at org.springframework.security.web.ObservationFilterChainDecorator$ObservationFilter.doFilter(ObservationFilterChainDecorator.java:227)
	at org.springframework.security.web.ObservationFilterChainDecorator$VirtualFilterChain.doFilter(ObservationFilterChainDecorator.java:137)
	at com.company.project.security.jwt.JwtAuthenticationFilter.doFilterInternal(JwtAuthenticationFilter.java:52)
	at org.springframework.web.filter.OncePerRequestFilter.doFilter(OncePerRequestFilter.java:116)
	at org.springframework.security.web.ObservationFilterChainDecorator$ObservationFilter.wrapFilter(ObservationFilterChainDecorator.java:240)
	at org.springframework.security.web.ObservationFilterChainDecorator$ObservationFilter.doFilter(ObservationFilterChainDecorator.java:227)
	at org.springframework.security.web.ObservationFilterChainDecorator$VirtualFilterChain.doFilter(ObservationFilterChainDecorator.java:137)
	at org.springframework.security.web.authentication.logout.LogoutFilter.doFilter(LogoutFilter.java:107)
	at org.springframework.security.web.authentication.logout.LogoutFilter.doFilter(LogoutFilter.java:93)
	at org.springframework.security.web.ObservationFilterChainDecorator$ObservationFilter.wrapFilter(ObservationFilterChainDecorator.java:240)
	at org.springframework.security.web.ObservationFilterChainDecorator$ObservationFilter.doFilter(ObservationFilterChainDecorator.java:227)
	at org.springframework.security.web.ObservationFilterChainDecorator$VirtualFilterChain.doFilter(ObservationFilterChainDecorator.java:137)
	at org.springframework.web.filter.CorsFilter.doFilterInternal(CorsFilter.java:91)
	at org.springframework.web.filter.OncePerRequestFilter.doFilter(OncePerRequestFilter.java:116)
	at org.springframework.security.web.ObservationFilterChainDecorator$ObservationFilter.wrapFilter(ObservationFilterChainDecorator.java:240)
	at org.springframework.security.web.ObservationFilterChainDecorator$ObservationFilter.doFilter(ObservationFilterChainDecorator.java:227)
	at org.springframework.security.web.ObservationFilterChainDecorator$VirtualFilterChain.doFilter(ObservationFilterChainDecorator.java:137)
	at org.springframework.security.web.header.HeaderWriterFilter.doHeadersAfter(HeaderWriterFilter.java:90)
	at org.springframework.security.web.header.HeaderWriterFilter.doFilterInternal(HeaderWriterFilter.java:75)
	at org.springframework.web.filter.OncePerRequestFilter.doFilter(OncePerRequestFilter.java:116)
	at org.springframework.security.web.ObservationFilterChainDecorator$ObservationFilter.wrapFilter(ObservationFilterChainDecorator.java:240)
	at org.springframework.security.web.ObservationFilterChainDecorator$ObservationFilter.doFilter(ObservationFilterChainDecorator.java:227)
	at org.springframework.security.web.ObservationFilterChainDecorator$VirtualFilterChain.doFilter(ObservationFilterChainDecorator.java:137)
	at org.springframework.security.web.context.SecurityContextHolderFilter.doFilter(SecurityContextHolderFilter.java:82)
	at org.springframework.security.web.context.SecurityContextHolderFilter.doFilter(SecurityContextHolderFilter.java:69)
	at org.springframework.security.web.ObservationFilterChainDecorator$ObservationFilter.wrapFilter(ObservationFilterChainDecorator.java:240)
	at org.springframework.security.web.ObservationFilterChainDecorator$ObservationFilter.doFilter(ObservationFilterChainDecorator.java:227)
	at org.springframework.security.web.ObservationFilterChainDecorator$VirtualFilterChain.doFilter(ObservationFilterChainDecorator.java:137)
	at org.springframework.security.web.context.request.async.WebAsyncManagerIntegrationFilter.doFilterInternal(WebAsyncManagerIntegrationFilter.java:62)
	at org.springframework.web.filter.OncePerRequestFilter.doFilter(OncePerRequestFilter.java:116)
	at org.springframework.security.web.ObservationFilterChainDecorator$ObservationFilter.wrapFilter(ObservationFilterChainDecorator.java:240)
	at org.springframework.security.web.ObservationFilterChainDecorator$ObservationFilter.doFilter(ObservationFilterChainDecorator.java:227)
	at org.springframework.security.web.ObservationFilterChainDecorator$VirtualFilterChain.doFilter(ObservationFilterChainDecorator.java:137)
	at org.springframework.security.web.session.DisableEncodeUrlFilter.doFilterInternal(DisableEncodeUrlFilter.java:42)
	at org.springframework.web.filter.OncePerRequestFilter.doFilter(OncePerRequestFilter.java:116)
	at org.springframework.security.web.ObservationFilterChainDecorator$ObservationFilter.wrapFilter(ObservationFilterChainDecorator.java:240)
	at org.springframework.security.web.ObservationFilterChainDecorator$AroundFilterObservation$SimpleAroundFilterObservation.lambda$wrap$0(ObservationFilterChainDecorator.java:323)
	at org.springframework.security.web.ObservationFilterChainDecorator$ObservationFilter.doFilter(ObservationFilterChainDecorator.java:224)
	at org.springframework.security.web.ObservationFilterChainDecorator$VirtualFilterChain.doFilter(ObservationFilterChainDecorator.java:137)
	at org.springframework.security.web.FilterChainProxy.doFilterInternal(FilterChainProxy.java:233)
	at org.springframework.security.web.FilterChainProxy.doFilter(FilterChainProxy.java:191)
	at org.springframework.web.filter.CompositeFilter$VirtualFilterChain.doFilter(CompositeFilter.java:113)
	at org.springframework.web.servlet.handler.HandlerMappingIntrospector.lambda$createCacheFilter$3(HandlerMappingIntrospector.java:243)
	at org.springframework.web.filter.CompositeFilter$VirtualFilterChain.doFilter(CompositeFilter.java:113)
	at org.springframework.web.filter.CompositeFilter.doFilter(CompositeFilter.java:74)
	at org.springframework.security.config.annotation.web.configuration.WebMvcSecurityConfiguration$CompositeFilterChainProxy.doFilter(WebMvcSecurityConfiguration.java:238)
	at org.springframework.web.filter.DelegatingFilterProxy.invokeDelegate(DelegatingFilterProxy.java:362)
	at org.springframework.web.filter.DelegatingFilterProxy.doFilter(DelegatingFilterProxy.java:278)
	at org.apache.catalina.core.ApplicationFilterChain.internalDoFilter(ApplicationFilterChain.java:164)
	at org.apache.catalina.core.ApplicationFilterChain.doFilter(ApplicationFilterChain.java:140)
	at org.springframework.web.filter.RequestContextFilter.doFilterInternal(RequestContextFilter.java:100)
	at org.springframework.web.filter.OncePerRequestFilter.doFilter(OncePerRequestFilter.java:116)
	at org.apache.catalina.core.ApplicationFilterChain.internalDoFilter(ApplicationFilterChain.java:164)
	at org.apache.catalina.core.ApplicationFilterChain.doFilter(ApplicationFilterChain.java:140)
	at org.springframework.web.filter.FormContentFilter.doFilterInternal(FormContentFilter.java:93)
	at org.springframework.web.filter.OncePerRequestFilter.doFilter(OncePerRequestFilter.java:116)
	at org.apache.catalina.core.ApplicationFilterChain.internalDoFilter(ApplicationFilterChain.java:164)
	at org.apache.catalina.core.ApplicationFilterChain.doFilter(ApplicationFilterChain.java:140)
	at org.springframework.web.filter.ServerHttpObservationFilter.doFilterInternal(ServerHttpObservationFilter.java:114)
	at org.springframework.web.filter.OncePerRequestFilter.doFilter(OncePerRequestFilter.java:116)
	at org.apache.catalina.core.ApplicationFilterChain.internalDoFilter(ApplicationFilterChain.java:164)
	at org.apache.catalina.core.ApplicationFilterChain.doFilter(ApplicationFilterChain.java:140)
	at org.springframework.web.filter.CharacterEncodingFilter.doFilterInternal(CharacterEncodingFilter.java:201)
	at org.springframework.web.filter.OncePerRequestFilter.doFilter(OncePerRequestFilter.java:116)
	at org.apache.catalina.core.ApplicationFilterChain.internalDoFilter(ApplicationFilterChain.java:164)
	at org.apache.catalina.core.ApplicationFilterChain.doFilter(ApplicationFilterChain.java:140)
	at org.apache.catalina.core.StandardWrapperValve.invoke(StandardWrapperValve.java:167)
	at org.apache.catalina.core.StandardContextValve.invoke(StandardContextValve.java:90)
	at org.apache.catalina.authenticator.AuthenticatorBase.invoke(AuthenticatorBase.java:483)
	at org.apache.catalina.core.StandardHostValve.invoke(StandardHostValve.java:115)
	at org.apache.catalina.valves.ErrorReportValve.invoke(ErrorReportValve.java:93)
	at org.apache.catalina.core.StandardEngineValve.invoke(StandardEngineValve.java:74)
	at org.apache.catalina.connector.CoyoteAdapter.service(CoyoteAdapter.java:344)
	at org.apache.coyote.http11.Http11Processor.service(Http11Processor.java:397)
	at org.apache.coyote.AbstractProcessorLight.process(AbstractProcessorLight.java:63)
	at org.apache.coyote.AbstractProtocol$ConnectionHandler.process(AbstractProtocol.java:905)
	at org.apache.tomcat.util.net.NioEndpoint$SocketProcessor.doRun(NioEndpoint.java:1741)
	at org.apache.tomcat.util.net.SocketProcessorBase.run(SocketProcessorBase.java:52)
	at org.apache.tomcat.util.threads.ThreadPoolExecutor.runWorker(ThreadPoolExecutor.java:1190)
	at org.apache.tomcat.util.threads.ThreadPoolExecutor$Worker.run(ThreadPoolExecutor.java:659)
	at org.apache.tomcat.util.threads.TaskThread$WrappingRunnable.run(TaskThread.java:63)
	at java.base/java.lang.Thread.run(Thread.java:1583)
2026-03-16 17:01:07 [http-nio-8080-exec-13] DEBUG o.s.w.s.m.m.a.HttpEntityMethodProcessor - Using 'application/json', given [application/json, text/plain, */*] and supported [application/json, application/*+json, application/yaml]
2026-03-16 17:01:07 [http-nio-8080-exec-13] TRACE o.s.w.s.m.m.a.HttpEntityMethodProcessor - Writing [ApiResponse[success=false, status=500, code=C004, message=예기치 않은 서버 오류가 발생했습니다., data=null, timestamp=2026-03-16T17:01:07.712342]]
2026-03-16 17:01:07 [http-nio-8080-exec-13] DEBUG o.s.w.s.m.m.a.ExceptionHandlerExceptionResolver - Resolved [org.springframework.web.servlet.resource.NoResourceFoundException: No static resource api/v1/admin/system/statistics/bbs.]
2026-03-16 17:01:07 [http-nio-8080-exec-13] DEBUG o.s.web.servlet.DispatcherServlet - Completed 500 INTERNAL_SERVER_ERROR
2026-03-16 17:01:07 [http-nio-8080-exec-18] DEBUG o.s.orm.jpa.JpaTransactionManager - Closing JPA EntityManager [SessionImpl(1956250735<open>)] after transaction
2026-03-16 17:01:07 [http-nio-8080-exec-18] DEBUG c.c.p.s.jwt.JwtAuthenticationFilter - >>> [JwtFilter] Successfully authenticated user: USRCNFRM_99999999999, Authorities: [ROLE_ADMIN]
2026-03-16 17:01:07 [http-nio-8080-exec-18] DEBUG o.s.web.servlet.DispatcherServlet - GET "/api/v1/menu/left?menuNo=40", parameters={masked}
2026-03-16 17:01:07 [http-nio-8080-exec-18] TRACE o.s.w.s.m.m.a.RequestMappingHandlerMapping - Mapped to com.company.project.api.controller.menu.MenuController#getLeftMenu(Long)
2026-03-16 17:01:07 [http-nio-8080-exec-18] INFO  c.c.p.a.c.menu.MenuController - getLeftMenu called with menuNo=40
2026-03-16 17:01:07 [http-nio-8080-exec-18] DEBUG o.s.orm.jpa.JpaTransactionManager - Creating new transaction with name [com.company.project.service.menu.MenuService.getSubMenus]: PROPAGATION_REQUIRED,ISOLATION_DEFAULT,readOnly
2026-03-16 17:01:07 [http-nio-8080-exec-18] DEBUG o.s.orm.jpa.JpaTransactionManager - Opened new EntityManager [SessionImpl(504605699<open>)] for JPA transaction
2026-03-16 17:01:07 [http-nio-8080-exec-18] DEBUG o.s.orm.jpa.JpaTransactionManager - Exposing JPA transaction as JDBC [org.springframework.orm.jpa.vendor.HibernateJpaDialect$HibernateConnectionHandle@437e2f43]
2026-03-16 17:01:07 [http-nio-8080-exec-18] DEBUG org.hibernate.SQL - select m1_0.menu_no,m1_0.menu_dc,m1_0.menu_nm,m1_0.menu_ordr,m1_0.modern_route,m1_0.progrm_file_nm,m1_0.relate_image_nm,m1_0.relate_image_path,m1_0.route_updated_at,m1_0.upper_menu_no from nmenuinfo m1_0 order by m1_0.upper_menu_no,m1_0.menu_ordr
2026-03-16 17:01:08 [http-nio-8080-exec-18] DEBUG o.s.orm.jpa.JpaTransactionManager - Found thread-bound EntityManager [SessionImpl(504605699<open>)] for JPA transaction
2026-03-16 17:01:08 [http-nio-8080-exec-18] DEBUG o.s.orm.jpa.JpaTransactionManager - Participating in existing transaction
2026-03-16 17:01:08 [http-nio-8080-exec-18] DEBUG org.hibernate.SQL - select p1_0.progrm_file_nm,p1_0.progrm_dc,p1_0.progrm_korean_nm,p1_0.progrm_stre_path,p1_0.url from nprogrmlist p1_0
2026-03-16 17:01:08 [http-nio-8080-exec-18] DEBUG o.s.orm.jpa.JpaTransactionManager - Initiating transaction commit
2026-03-16 17:01:08 [http-nio-8080-exec-18] DEBUG o.s.orm.jpa.JpaTransactionManager - Committing JPA transaction on EntityManager [SessionImpl(504605699<open>)]
2026-03-16 17:01:08 [http-nio-8080-exec-18] DEBUG o.s.orm.jpa.JpaTransactionManager - Closing JPA EntityManager [SessionImpl(504605699<open>)] after transaction
2026-03-16 17:01:08 [http-nio-8080-exec-18] INFO  c.c.p.a.c.menu.MenuController - getLeftMenu returned 2 items
2026-03-16 17:01:08 [http-nio-8080-exec-18] DEBUG o.s.w.s.m.m.a.HttpEntityMethodProcessor - Using 'application/json', given [application/json, text/plain, */*] and supported [application/json, application/*+json, application/yaml]
2026-03-16 17:01:08 [http-nio-8080-exec-18] TRACE o.s.w.s.m.m.a.HttpEntityMethodProcessor - Writing [ApiResponse[success=true, status=200, code=COMMON_001, message=Success, data={list=[com.company.project.service.menu.dto.MenuDto@91af349, com.company.project.service.menu.dto.MenuDto@6194cdf8]}, timestamp=2026-03-16T17:01:08.430853100]]
2026-03-16 17:01:08 [http-nio-8080-exec-18] INFO  c.c.p.a.i.OperationalAuditInterceptor - API Audit Log: URL=/api/v1/menu/left, User=webmaster, IP=127.0.0.1
2026-03-16 17:01:08 [http-nio-8080-exec-18] DEBUG o.s.web.servlet.DispatcherServlet - Completed 200 OK
2026-03-16 17:01:08 [http-nio-8080-exec-5] DEBUG c.c.p.s.jwt.JwtAuthenticationFilter - >>> [JwtFilter] Processing request: GET /api/v1/menu/left
2026-03-16 17:01:08 [http-nio-8080-exec-5] DEBUG c.c.p.s.jwt.JwtAuthenticationFilter - >>> [JwtFilter] Found token in header for path: /api/v1/menu/left
2026-03-16 17:01:08 [http-nio-8080-exec-5] DEBUG o.s.orm.jpa.JpaTransactionManager - Creating new transaction with name [com.company.project.security.iam.CustomUserDetailsService.loadUserByUsername]: PROPAGATION_REQUIRED,ISOLATION_DEFAULT,readOnly
2026-03-16 17:01:08 [http-nio-8080-exec-5] DEBUG o.s.orm.jpa.JpaTransactionManager - Opened new EntityManager [SessionImpl(149251766<open>)] for JPA transaction
2026-03-16 17:01:08 [http-nio-8080-exec-5] DEBUG o.s.orm.jpa.JpaTransactionManager - Exposing JPA transaction as JDBC [org.springframework.orm.jpa.vendor.HibernateJpaDialect$HibernateConnectionHandle@1b821c4f]
2026-03-16 17:01:08 [http-nio-8080-exec-5] DEBUG o.s.orm.jpa.JpaTransactionManager - Found thread-bound EntityManager [SessionImpl(149251766<open>)] for JPA transaction
2026-03-16 17:01:08 [http-nio-8080-exec-5] DEBUG o.s.orm.jpa.JpaTransactionManager - Participating in existing transaction
2026-03-16 17:01:08 [http-nio-8080-exec-5] DEBUG org.hibernate.SQL - select u1_0.emplyr_id,u1_0.area_no,u1_0.brthdy,u1_0.chg_pwd_cnt,u1_0.frst_register_id,u1_0.frst_regist_pnttm,u1_0.detail_adres,u1_0.email_adres,u1_0.emplyr_sttus_code,u1_0.empl_no,u1_0.esntl_id,u1_0.fxnum,u1_0.group_id,u1_0.house_adres,u1_0.house_end_telno,u1_0.house_middle_telno,u1_0.ihidnum,u1_0.pstinst_code,u1_0.last_updusr_id,u1_0.last_updt_pnttm,u1_0.lock_at,u1_0.lock_cnt,u1_0.lock_last_pnttm,u1_0.mbtlnum,u1_0.ofcps_nm,u1_0.offm_telno,u1_0.orgnzt_id,u1_0.password,u1_0.password_cnsr,u1_0.password_hint,u1_0.chg_pwd_last_pnttm,u1_0.role,u1_0.sbscrb_de,u1_0.sexdstn_code,u1_0.crtfc_dn_value,u1_0.user_nm,u1_0.zip from nemplyrinfo u1_0 where u1_0.emplyr_id=?
2026-03-16 17:01:08 [http-nio-8080-exec-5] DEBUG o.s.orm.jpa.JpaTransactionManager - Found thread-bound EntityManager [SessionImpl(149251766<open>)] for JPA transaction
2026-03-16 17:01:08 [http-nio-8080-exec-5] DEBUG o.s.orm.jpa.JpaTransactionManager - Participating in existing transaction
2026-03-16 17:01:08 [http-nio-8080-exec-5] DEBUG org.hibernate.SQL - select ua1_0.scrty_dtrmn_trget_id,ua1_0.author_code,ua1_0.frst_register_id,ua1_0.frst_regist_pnttm,ua1_0.last_updusr_id,ua1_0.last_updt_pnttm,ua1_0.mber_ty_code from nemplyrscrtyestbs ua1_0 where ua1_0.scrty_dtrmn_trget_id=?
2026-03-16 17:01:08 [http-nio-8080-exec-5] DEBUG o.s.orm.jpa.JpaTransactionManager - Initiating transaction commit
2026-03-16 17:01:08 [http-nio-8080-exec-5] DEBUG o.s.orm.jpa.JpaTransactionManager - Committing JPA transaction on EntityManager [SessionImpl(149251766<open>)]
2026-03-16 17:01:09 [http-nio-8080-exec-5] DEBUG o.s.orm.jpa.JpaTransactionManager - Closing JPA EntityManager [SessionImpl(149251766<open>)] after transaction
2026-03-16 17:01:09 [http-nio-8080-exec-5] DEBUG c.c.p.s.jwt.JwtAuthenticationFilter - >>> [JwtFilter] Successfully authenticated user: USRCNFRM_99999999999, Authorities: [ROLE_ADMIN]
2026-03-16 17:01:09 [http-nio-8080-exec-5] DEBUG o.s.web.servlet.DispatcherServlet - GET "/api/v1/menu/left?menuNo=50", parameters={masked}
2026-03-16 17:01:09 [http-nio-8080-exec-5] TRACE o.s.w.s.m.m.a.RequestMappingHandlerMapping - Mapped to com.company.project.api.controller.menu.MenuController#getLeftMenu(Long)
2026-03-16 17:01:09 [http-nio-8080-exec-5] INFO  c.c.p.a.c.menu.MenuController - getLeftMenu called with menuNo=50
2026-03-16 17:01:09 [http-nio-8080-exec-5] DEBUG o.s.orm.jpa.JpaTransactionManager - Creating new transaction with name [com.company.project.service.menu.MenuService.getSubMenus]: PROPAGATION_REQUIRED,ISOLATION_DEFAULT,readOnly
2026-03-16 17:01:09 [http-nio-8080-exec-5] DEBUG o.s.orm.jpa.JpaTransactionManager - Opened new EntityManager [SessionImpl(1615583768<open>)] for JPA transaction
2026-03-16 17:01:09 [http-nio-8080-exec-5] DEBUG o.s.orm.jpa.JpaTransactionManager - Exposing JPA transaction as JDBC [org.springframework.orm.jpa.vendor.HibernateJpaDialect$HibernateConnectionHandle@1192c0a0]
2026-03-16 17:01:09 [http-nio-8080-exec-5] DEBUG org.hibernate.SQL - select m1_0.menu_no,m1_0.menu_dc,m1_0.menu_nm,m1_0.menu_ordr,m1_0.modern_route,m1_0.progrm_file_nm,m1_0.relate_image_nm,m1_0.relate_image_path,m1_0.route_updated_at,m1_0.upper_menu_no from nmenuinfo m1_0 order by m1_0.upper_menu_no,m1_0.menu_ordr
2026-03-16 17:01:09 [http-nio-8080-exec-5] DEBUG o.s.orm.jpa.JpaTransactionManager - Found thread-bound EntityManager [SessionImpl(1615583768<open>)] for JPA transaction
2026-03-16 17:01:09 [http-nio-8080-exec-5] DEBUG o.s.orm.jpa.JpaTransactionManager - Participating in existing transaction
2026-03-16 17:01:09 [http-nio-8080-exec-5] DEBUG org.hibernate.SQL - select p1_0.progrm_file_nm,p1_0.progrm_dc,p1_0.progrm_korean_nm,p1_0.progrm_stre_path,p1_0.url from nprogrmlist p1_0
2026-03-16 17:01:09 [http-nio-8080-exec-5] DEBUG o.s.orm.jpa.JpaTransactionManager - Initiating transaction commit
2026-03-16 17:01:09 [http-nio-8080-exec-5] DEBUG o.s.orm.jpa.JpaTransactionManager - Committing JPA transaction on EntityManager [SessionImpl(1615583768<open>)]
2026-03-16 17:01:09 [http-nio-8080-exec-5] DEBUG o.s.orm.jpa.JpaTransactionManager - Closing JPA EntityManager [SessionImpl(1615583768<open>)] after transaction
2026-03-16 17:01:09 [http-nio-8080-exec-5] INFO  c.c.p.a.c.menu.MenuController - getLeftMenu returned 3 items
2026-03-16 17:01:09 [http-nio-8080-exec-5] DEBUG o.s.w.s.m.m.a.HttpEntityMethodProcessor - Using 'application/json', given [application/json, text/plain, */*] and supported [application/json, application/*+json, application/yaml]
2026-03-16 17:01:09 [http-nio-8080-exec-5] TRACE o.s.w.s.m.m.a.HttpEntityMethodProcessor - Writing [ApiResponse[success=true, status=200, code=COMMON_001, message=Success, data={list=[com.company.project.service.menu.dto.MenuDto@74ed23f6, com.company.project.service.menu.dto.MenuDto@383a897b, com.company.project.service.menu.dto.MenuDto@48ad1772]}, timestamp=2026-03-16T17:01:09.685977600]]
2026-03-16 17:01:09 [http-nio-8080-exec-5] INFO  c.c.p.a.i.OperationalAuditInterceptor - API Audit Log: URL=/api/v1/menu/left, User=webmaster, IP=127.0.0.1
2026-03-16 17:01:09 [http-nio-8080-exec-5] DEBUG o.s.web.servlet.DispatcherServlet - Completed 200 OK
2026-03-16 17:01:09 [http-nio-8080-exec-12] DEBUG c.c.p.s.jwt.JwtAuthenticationFilter - >>> [JwtFilter] Processing request: GET /api/v1/menu/left
2026-03-16 17:01:09 [http-nio-8080-exec-12] DEBUG c.c.p.s.jwt.JwtAuthenticationFilter - >>> [JwtFilter] Found token in header for path: /api/v1/menu/left
2026-03-16 17:01:09 [http-nio-8080-exec-12] DEBUG o.s.orm.jpa.JpaTransactionManager - Creating new transaction with name [com.company.project.security.iam.CustomUserDetailsService.loadUserByUsername]: PROPAGATION_REQUIRED,ISOLATION_DEFAULT,readOnly
2026-03-16 17:01:09 [http-nio-8080-exec-12] DEBUG o.s.orm.jpa.JpaTransactionManager - Opened new EntityManager [SessionImpl(584488142<open>)] for JPA transaction
2026-03-16 17:01:09 [http-nio-8080-exec-12] DEBUG o.s.orm.jpa.JpaTransactionManager - Exposing JPA transaction as JDBC [org.springframework.orm.jpa.vendor.HibernateJpaDialect$HibernateConnectionHandle@7a6bed4e]
2026-03-16 17:01:09 [http-nio-8080-exec-12] DEBUG o.s.orm.jpa.JpaTransactionManager - Found thread-bound EntityManager [SessionImpl(584488142<open>)] for JPA transaction
2026-03-16 17:01:09 [http-nio-8080-exec-12] DEBUG o.s.orm.jpa.JpaTransactionManager - Participating in existing transaction
2026-03-16 17:01:09 [http-nio-8080-exec-12] DEBUG org.hibernate.SQL - select u1_0.emplyr_id,u1_0.area_no,u1_0.brthdy,u1_0.chg_pwd_cnt,u1_0.frst_register_id,u1_0.frst_regist_pnttm,u1_0.detail_adres,u1_0.email_adres,u1_0.emplyr_sttus_code,u1_0.empl_no,u1_0.esntl_id,u1_0.fxnum,u1_0.group_id,u1_0.house_adres,u1_0.house_end_telno,u1_0.house_middle_telno,u1_0.ihidnum,u1_0.pstinst_code,u1_0.last_updusr_id,u1_0.last_updt_pnttm,u1_0.lock_at,u1_0.lock_cnt,u1_0.lock_last_pnttm,u1_0.mbtlnum,u1_0.ofcps_nm,u1_0.offm_telno,u1_0.orgnzt_id,u1_0.password,u1_0.password_cnsr,u1_0.password_hint,u1_0.chg_pwd_last_pnttm,u1_0.role,u1_0.sbscrb_de,u1_0.sexdstn_code,u1_0.crtfc_dn_value,u1_0.user_nm,u1_0.zip from nemplyrinfo u1_0 where u1_0.emplyr_id=?
2026-03-16 17:01:10 [http-nio-8080-exec-12] DEBUG o.s.orm.jpa.JpaTransactionManager - Found thread-bound EntityManager [SessionImpl(584488142<open>)] for JPA transaction
2026-03-16 17:01:10 [http-nio-8080-exec-12] DEBUG o.s.orm.jpa.JpaTransactionManager - Participating in existing transaction
2026-03-16 17:01:10 [http-nio-8080-exec-12] DEBUG org.hibernate.SQL - select ua1_0.scrty_dtrmn_trget_id,ua1_0.author_code,ua1_0.frst_register_id,ua1_0.frst_regist_pnttm,ua1_0.last_updusr_id,ua1_0.last_updt_pnttm,ua1_0.mber_ty_code from nemplyrscrtyestbs ua1_0 where ua1_0.scrty_dtrmn_trget_id=?
2026-03-16 17:01:10 [http-nio-8080-exec-12] DEBUG o.s.orm.jpa.JpaTransactionManager - Initiating transaction commit
2026-03-16 17:01:10 [http-nio-8080-exec-12] DEBUG o.s.orm.jpa.JpaTransactionManager - Committing JPA transaction on EntityManager [SessionImpl(584488142<open>)]
2026-03-16 17:01:10 [http-nio-8080-exec-12] DEBUG o.s.orm.jpa.JpaTransactionManager - Closing JPA EntityManager [SessionImpl(584488142<open>)] after transaction
2026-03-16 17:01:10 [http-nio-8080-exec-12] DEBUG c.c.p.s.jwt.JwtAuthenticationFilter - >>> [JwtFilter] Successfully authenticated user: USRCNFRM_99999999999, Authorities: [ROLE_ADMIN]
2026-03-16 17:01:10 [http-nio-8080-exec-12] DEBUG o.s.web.servlet.DispatcherServlet - GET "/api/v1/menu/left?menuNo=60", parameters={masked}
2026-03-16 17:01:10 [http-nio-8080-exec-12] TRACE o.s.w.s.m.m.a.RequestMappingHandlerMapping - Mapped to com.company.project.api.controller.menu.MenuController#getLeftMenu(Long)
2026-03-16 17:01:10 [http-nio-8080-exec-12] INFO  c.c.p.a.c.menu.MenuController - getLeftMenu called with menuNo=60
2026-03-16 17:01:10 [http-nio-8080-exec-12] DEBUG o.s.orm.jpa.JpaTransactionManager - Creating new transaction with name [com.company.project.service.menu.MenuService.getSubMenus]: PROPAGATION_REQUIRED,ISOLATION_DEFAULT,readOnly
2026-03-16 17:01:10 [http-nio-8080-exec-12] DEBUG o.s.orm.jpa.JpaTransactionManager - Opened new EntityManager [SessionImpl(926681697<open>)] for JPA transaction
2026-03-16 17:01:10 [http-nio-8080-exec-12] DEBUG o.s.orm.jpa.JpaTransactionManager - Exposing JPA transaction as JDBC [org.springframework.orm.jpa.vendor.HibernateJpaDialect$HibernateConnectionHandle@33c12919]
2026-03-16 17:01:10 [http-nio-8080-exec-12] DEBUG org.hibernate.SQL - select m1_0.menu_no,m1_0.menu_dc,m1_0.menu_nm,m1_0.menu_ordr,m1_0.modern_route,m1_0.progrm_file_nm,m1_0.relate_image_nm,m1_0.relate_image_path,m1_0.route_updated_at,m1_0.upper_menu_no from nmenuinfo m1_0 order by m1_0.upper_menu_no,m1_0.menu_ordr
2026-03-16 17:01:10 [http-nio-8080-exec-12] DEBUG o.s.orm.jpa.JpaTransactionManager - Found thread-bound EntityManager [SessionImpl(926681697<open>)] for JPA transaction
2026-03-16 17:01:10 [http-nio-8080-exec-12] DEBUG o.s.orm.jpa.JpaTransactionManager - Participating in existing transaction
2026-03-16 17:01:10 [http-nio-8080-exec-12] DEBUG org.hibernate.SQL - select p1_0.progrm_file_nm,p1_0.progrm_dc,p1_0.progrm_korean_nm,p1_0.progrm_stre_path,p1_0.url from nprogrmlist p1_0
2026-03-16 17:01:10 [http-nio-8080-exec-12] DEBUG o.s.orm.jpa.JpaTransactionManager - Initiating transaction commit
2026-03-16 17:01:10 [http-nio-8080-exec-12] DEBUG o.s.orm.jpa.JpaTransactionManager - Committing JPA transaction on EntityManager [SessionImpl(926681697<open>)]
2026-03-16 17:01:10 [http-nio-8080-exec-12] DEBUG o.s.orm.jpa.JpaTransactionManager - Closing JPA EntityManager [SessionImpl(926681697<open>)] after transaction
2026-03-16 17:01:10 [http-nio-8080-exec-12] INFO  c.c.p.a.c.menu.MenuController - getLeftMenu returned 1 items
2026-03-16 17:01:10 [http-nio-8080-exec-12] DEBUG o.s.w.s.m.m.a.HttpEntityMethodProcessor - Using 'application/json', given [application/json, text/plain, */*] and supported [application/json, application/*+json, application/yaml]
2026-03-16 17:01:10 [http-nio-8080-exec-12] TRACE o.s.w.s.m.m.a.HttpEntityMethodProcessor - Writing [ApiResponse[success=true, status=200, code=COMMON_001, message=Success, data={list=[com.company.project.service.menu.dto.MenuDto@28f21c1d]}, timestamp=2026-03-16T17:01:10.989997700]]
2026-03-16 17:01:10 [http-nio-8080-exec-12] INFO  c.c.p.a.i.OperationalAuditInterceptor - API Audit Log: URL=/api/v1/menu/left, User=webmaster, IP=127.0.0.1
2026-03-16 17:01:10 [http-nio-8080-exec-12] DEBUG o.s.web.servlet.DispatcherServlet - Completed 200 OK
2026-03-16 17:01:11 [http-nio-8080-exec-2] DEBUG c.c.p.s.jwt.JwtAuthenticationFilter - >>> [JwtFilter] Processing request: GET /api/v1/menu/head
2026-03-16 17:01:11 [http-nio-8080-exec-2] DEBUG c.c.p.s.jwt.JwtAuthenticationFilter - >>> [JwtFilter] Found token in header for path: /api/v1/menu/head
2026-03-16 17:01:11 [http-nio-8080-exec-2] DEBUG o.s.orm.jpa.JpaTransactionManager - Creating new transaction with name [com.company.project.security.iam.CustomUserDetailsService.loadUserByUsername]: PROPAGATION_REQUIRED,ISOLATION_DEFAULT,readOnly
2026-03-16 17:01:11 [http-nio-8080-exec-2] DEBUG o.s.orm.jpa.JpaTransactionManager - Opened new EntityManager [SessionImpl(1776956202<open>)] for JPA transaction
2026-03-16 17:01:11 [http-nio-8080-exec-2] DEBUG o.s.orm.jpa.JpaTransactionManager - Exposing JPA transaction as JDBC [org.springframework.orm.jpa.vendor.HibernateJpaDialect$HibernateConnectionHandle@16ddfe13]
2026-03-16 17:01:11 [http-nio-8080-exec-2] DEBUG o.s.orm.jpa.JpaTransactionManager - Found thread-bound EntityManager [SessionImpl(1776956202<open>)] for JPA transaction
2026-03-16 17:01:11 [http-nio-8080-exec-2] DEBUG o.s.orm.jpa.JpaTransactionManager - Participating in existing transaction
2026-03-16 17:01:11 [http-nio-8080-exec-2] DEBUG org.hibernate.SQL - select u1_0.emplyr_id,u1_0.area_no,u1_0.brthdy,u1_0.chg_pwd_cnt,u1_0.frst_register_id,u1_0.frst_regist_pnttm,u1_0.detail_adres,u1_0.email_adres,u1_0.emplyr_sttus_code,u1_0.empl_no,u1_0.esntl_id,u1_0.fxnum,u1_0.group_id,u1_0.house_adres,u1_0.house_end_telno,u1_0.house_middle_telno,u1_0.ihidnum,u1_0.pstinst_code,u1_0.last_updusr_id,u1_0.last_updt_pnttm,u1_0.lock_at,u1_0.lock_cnt,u1_0.lock_last_pnttm,u1_0.mbtlnum,u1_0.ofcps_nm,u1_0.offm_telno,u1_0.orgnzt_id,u1_0.password,u1_0.password_cnsr,u1_0.password_hint,u1_0.chg_pwd_last_pnttm,u1_0.role,u1_0.sbscrb_de,u1_0.sexdstn_code,u1_0.crtfc_dn_value,u1_0.user_nm,u1_0.zip from nemplyrinfo u1_0 where u1_0.emplyr_id=?
2026-03-16 17:01:11 [http-nio-8080-exec-2] DEBUG o.s.orm.jpa.JpaTransactionManager - Found thread-bound EntityManager [SessionImpl(1776956202<open>)] for JPA transaction
2026-03-16 17:01:11 [http-nio-8080-exec-2] DEBUG o.s.orm.jpa.JpaTransactionManager - Participating in existing transaction
2026-03-16 17:01:11 [http-nio-8080-exec-2] DEBUG org.hibernate.SQL - select ua1_0.scrty_dtrmn_trget_id,ua1_0.author_code,ua1_0.frst_register_id,ua1_0.frst_regist_pnttm,ua1_0.last_updusr_id,ua1_0.last_updt_pnttm,ua1_0.mber_ty_code from nemplyrscrtyestbs ua1_0 where ua1_0.scrty_dtrmn_trget_id=?
2026-03-16 17:01:12 [http-nio-8080-exec-2] DEBUG o.s.orm.jpa.JpaTransactionManager - Initiating transaction commit
2026-03-16 17:01:12 [http-nio-8080-exec-2] DEBUG o.s.orm.jpa.JpaTransactionManager - Committing JPA transaction on EntityManager [SessionImpl(1776956202<open>)]
2026-03-16 17:01:12 [http-nio-8080-exec-2] DEBUG o.s.orm.jpa.JpaTransactionManager - Closing JPA EntityManager [SessionImpl(1776956202<open>)] after transaction
2026-03-16 17:01:12 [http-nio-8080-exec-2] DEBUG c.c.p.s.jwt.JwtAuthenticationFilter - >>> [JwtFilter] Successfully authenticated user: USRCNFRM_99999999999, Authorities: [ROLE_ADMIN]
2026-03-16 17:01:12 [http-nio-8080-exec-2] DEBUG o.s.web.servlet.DispatcherServlet - GET "/api/v1/menu/head", parameters={}
2026-03-16 17:01:12 [http-nio-8080-exec-2] TRACE o.s.w.s.m.m.a.RequestMappingHandlerMapping - Mapped to com.company.project.api.controller.menu.MenuController#getHeadMenu()
2026-03-16 17:01:12 [http-nio-8080-exec-2] INFO  c.c.p.a.c.menu.MenuController - getHeadMenu called
2026-03-16 17:01:12 [http-nio-8080-exec-2] INFO  c.c.p.a.c.menu.MenuController - getHeadMenu returned 5 items
2026-03-16 17:01:12 [http-nio-8080-exec-2] DEBUG o.s.w.s.m.m.a.HttpEntityMethodProcessor - Using 'application/json', given [application/json, text/plain, */*] and supported [application/json, application/*+json, application/yaml]
2026-03-16 17:01:12 [http-nio-8080-exec-2] TRACE o.s.w.s.m.m.a.HttpEntityMethodProcessor - Writing [ApiResponse[success=true, status=200, code=COMMON_001, message=Success, data={list=[com.company.project.service.menu.dto.MenuDto@2b80d6b0, com.company.project.service.menu.dto.MenuDto@1418cfa3, com.company.project.service.menu.dto.MenuDto@f230bf1, com.company.project.service.menu.dto.MenuDto@734a7f6a, com.company.project.service.menu.dto.MenuDto@5e5202e5]}, timestamp=2026-03-16T17:01:12.175212100]]
2026-03-16 17:01:12 [http-nio-8080-exec-2] INFO  c.c.p.a.i.OperationalAuditInterceptor - API Audit Log: URL=/api/v1/menu/head, User=webmaster, IP=0:0:0:0:0:0:0:1
2026-03-16 17:01:12 [http-nio-8080-exec-2] DEBUG o.s.web.servlet.DispatcherServlet - Completed 200 OK
2026-03-16 17:01:12 [http-nio-8080-exec-9] DEBUG c.c.p.s.jwt.JwtAuthenticationFilter - >>> [JwtFilter] Processing request: GET /api/v1/menu/left
2026-03-16 17:01:12 [http-nio-8080-exec-9] DEBUG c.c.p.s.jwt.JwtAuthenticationFilter - >>> [JwtFilter] Found token in header for path: /api/v1/menu/left
2026-03-16 17:01:12 [http-nio-8080-exec-9] DEBUG o.s.orm.jpa.JpaTransactionManager - Creating new transaction with name [com.company.project.security.iam.CustomUserDetailsService.loadUserByUsername]: PROPAGATION_REQUIRED,ISOLATION_DEFAULT,readOnly
2026-03-16 17:01:12 [http-nio-8080-exec-9] DEBUG o.s.orm.jpa.JpaTransactionManager - Opened new EntityManager [SessionImpl(67983026<open>)] for JPA transaction
2026-03-16 17:01:12 [http-nio-8080-exec-7] DEBUG c.c.p.s.jwt.JwtAuthenticationFilter - >>> [JwtFilter] Processing request: GET /api/v1/menu/left
2026-03-16 17:01:12 [http-nio-8080-exec-3] DEBUG c.c.p.s.jwt.JwtAuthenticationFilter - >>> [JwtFilter] Processing request: GET /api/v1/menu/left
2026-03-16 17:01:12 [http-nio-8080-exec-10] DEBUG c.c.p.s.jwt.JwtAuthenticationFilter - >>> [JwtFilter] Processing request: GET /api/v1/menu/left
2026-03-16 17:01:12 [http-nio-8080-exec-7] DEBUG c.c.p.s.jwt.JwtAuthenticationFilter - >>> [JwtFilter] Found token in header for path: /api/v1/menu/left
2026-03-16 17:01:12 [http-nio-8080-exec-8] DEBUG c.c.p.s.jwt.JwtAuthenticationFilter - >>> [JwtFilter] Processing request: GET /api/v1/menu/left
2026-03-16 17:01:12 [http-nio-8080-exec-3] DEBUG c.c.p.s.jwt.JwtAuthenticationFilter - >>> [JwtFilter] Found token in header for path: /api/v1/menu/left
2026-03-16 17:01:12 [http-nio-8080-exec-8] DEBUG c.c.p.s.jwt.JwtAuthenticationFilter - >>> [JwtFilter] Found token in header for path: /api/v1/menu/left
2026-03-16 17:01:12 [http-nio-8080-exec-10] DEBUG c.c.p.s.jwt.JwtAuthenticationFilter - >>> [JwtFilter] Found token in header for path: /api/v1/menu/left
2026-03-16 17:01:12 [http-nio-8080-exec-10] DEBUG o.s.orm.jpa.JpaTransactionManager - Creating new transaction with name [com.company.project.security.iam.CustomUserDetailsService.loadUserByUsername]: PROPAGATION_REQUIRED,ISOLATION_DEFAULT,readOnly
2026-03-16 17:01:12 [http-nio-8080-exec-3] DEBUG o.s.orm.jpa.JpaTransactionManager - Creating new transaction with name [com.company.project.security.iam.CustomUserDetailsService.loadUserByUsername]: PROPAGATION_REQUIRED,ISOLATION_DEFAULT,readOnly
2026-03-16 17:01:12 [http-nio-8080-exec-3] DEBUG o.s.orm.jpa.JpaTransactionManager - Opened new EntityManager [SessionImpl(885859683<open>)] for JPA transaction
2026-03-16 17:01:12 [http-nio-8080-exec-10] DEBUG o.s.orm.jpa.JpaTransactionManager - Opened new EntityManager [SessionImpl(1425150556<open>)] for JPA transaction
2026-03-16 17:01:12 [http-nio-8080-exec-3] DEBUG o.s.orm.jpa.JpaTransactionManager - Exposing JPA transaction as JDBC [org.springframework.orm.jpa.vendor.HibernateJpaDialect$HibernateConnectionHandle@4a85d2d8]
2026-03-16 17:01:12 [http-nio-8080-exec-3] DEBUG o.s.orm.jpa.JpaTransactionManager - Found thread-bound EntityManager [SessionImpl(885859683<open>)] for JPA transaction
2026-03-16 17:01:12 [http-nio-8080-exec-3] DEBUG o.s.orm.jpa.JpaTransactionManager - Participating in existing transaction
2026-03-16 17:01:12 [http-nio-8080-exec-7] DEBUG o.s.orm.jpa.JpaTransactionManager - Creating new transaction with name [com.company.project.security.iam.CustomUserDetailsService.loadUserByUsername]: PROPAGATION_REQUIRED,ISOLATION_DEFAULT,readOnly
2026-03-16 17:01:12 [http-nio-8080-exec-8] DEBUG o.s.orm.jpa.JpaTransactionManager - Creating new transaction with name [com.company.project.security.iam.CustomUserDetailsService.loadUserByUsername]: PROPAGATION_REQUIRED,ISOLATION_DEFAULT,readOnly
2026-03-16 17:01:12 [http-nio-8080-exec-7] DEBUG o.s.orm.jpa.JpaTransactionManager - Opened new EntityManager [SessionImpl(1365077647<open>)] for JPA transaction
2026-03-16 17:01:12 [http-nio-8080-exec-3] DEBUG org.hibernate.SQL - select u1_0.emplyr_id,u1_0.area_no,u1_0.brthdy,u1_0.chg_pwd_cnt,u1_0.frst_register_id,u1_0.frst_regist_pnttm,u1_0.detail_adres,u1_0.email_adres,u1_0.emplyr_sttus_code,u1_0.empl_no,u1_0.esntl_id,u1_0.fxnum,u1_0.group_id,u1_0.house_adres,u1_0.house_end_telno,u1_0.house_middle_telno,u1_0.ihidnum,u1_0.pstinst_code,u1_0.last_updusr_id,u1_0.last_updt_pnttm,u1_0.lock_at,u1_0.lock_cnt,u1_0.lock_last_pnttm,u1_0.mbtlnum,u1_0.ofcps_nm,u1_0.offm_telno,u1_0.orgnzt_id,u1_0.password,u1_0.password_cnsr,u1_0.password_hint,u1_0.chg_pwd_last_pnttm,u1_0.role,u1_0.sbscrb_de,u1_0.sexdstn_code,u1_0.crtfc_dn_value,u1_0.user_nm,u1_0.zip from nemplyrinfo u1_0 where u1_0.emplyr_id=?
2026-03-16 17:01:12 [http-nio-8080-exec-8] DEBUG o.s.orm.jpa.JpaTransactionManager - Opened new EntityManager [SessionImpl(1547580916<open>)] for JPA transaction
2026-03-16 17:01:12 [http-nio-8080-exec-8] DEBUG o.s.orm.jpa.JpaTransactionManager - Exposing JPA transaction as JDBC [org.springframework.orm.jpa.vendor.HibernateJpaDialect$HibernateConnectionHandle@6abf1ed9]
2026-03-16 17:01:12 [http-nio-8080-exec-9] DEBUG o.s.orm.jpa.JpaTransactionManager - Exposing JPA transaction as JDBC [org.springframework.orm.jpa.vendor.HibernateJpaDialect$HibernateConnectionHandle@1c565dfd]
2026-03-16 17:01:12 [http-nio-8080-exec-8] DEBUG o.s.orm.jpa.JpaTransactionManager - Found thread-bound EntityManager [SessionImpl(1547580916<open>)] for JPA transaction
2026-03-16 17:01:12 [http-nio-8080-exec-9] DEBUG o.s.orm.jpa.JpaTransactionManager - Found thread-bound EntityManager [SessionImpl(67983026<open>)] for JPA transaction
2026-03-16 17:01:12 [http-nio-8080-exec-8] DEBUG o.s.orm.jpa.JpaTransactionManager - Participating in existing transaction
2026-03-16 17:01:12 [http-nio-8080-exec-9] DEBUG o.s.orm.jpa.JpaTransactionManager - Participating in existing transaction
2026-03-16 17:01:12 [http-nio-8080-exec-9] DEBUG org.hibernate.SQL - select u1_0.emplyr_id,u1_0.area_no,u1_0.brthdy,u1_0.chg_pwd_cnt,u1_0.frst_register_id,u1_0.frst_regist_pnttm,u1_0.detail_adres,u1_0.email_adres,u1_0.emplyr_sttus_code,u1_0.empl_no,u1_0.esntl_id,u1_0.fxnum,u1_0.group_id,u1_0.house_adres,u1_0.house_end_telno,u1_0.house_middle_telno,u1_0.ihidnum,u1_0.pstinst_code,u1_0.last_updusr_id,u1_0.last_updt_pnttm,u1_0.lock_at,u1_0.lock_cnt,u1_0.lock_last_pnttm,u1_0.mbtlnum,u1_0.ofcps_nm,u1_0.offm_telno,u1_0.orgnzt_id,u1_0.password,u1_0.password_cnsr,u1_0.password_hint,u1_0.chg_pwd_last_pnttm,u1_0.role,u1_0.sbscrb_de,u1_0.sexdstn_code,u1_0.crtfc_dn_value,u1_0.user_nm,u1_0.zip from nemplyrinfo u1_0 where u1_0.emplyr_id=?
2026-03-16 17:01:12 [http-nio-8080-exec-8] DEBUG org.hibernate.SQL - select u1_0.emplyr_id,u1_0.area_no,u1_0.brthdy,u1_0.chg_pwd_cnt,u1_0.frst_register_id,u1_0.frst_regist_pnttm,u1_0.detail_adres,u1_0.email_adres,u1_0.emplyr_sttus_code,u1_0.empl_no,u1_0.esntl_id,u1_0.fxnum,u1_0.group_id,u1_0.house_adres,u1_0.house_end_telno,u1_0.house_middle_telno,u1_0.ihidnum,u1_0.pstinst_code,u1_0.last_updusr_id,u1_0.last_updt_pnttm,u1_0.lock_at,u1_0.lock_cnt,u1_0.lock_last_pnttm,u1_0.mbtlnum,u1_0.ofcps_nm,u1_0.offm_telno,u1_0.orgnzt_id,u1_0.password,u1_0.password_cnsr,u1_0.password_hint,u1_0.chg_pwd_last_pnttm,u1_0.role,u1_0.sbscrb_de,u1_0.sexdstn_code,u1_0.crtfc_dn_value,u1_0.user_nm,u1_0.zip from nemplyrinfo u1_0 where u1_0.emplyr_id=?
2026-03-16 17:01:12 [http-nio-8080-exec-7] DEBUG o.s.orm.jpa.JpaTransactionManager - Exposing JPA transaction as JDBC [org.springframework.orm.jpa.vendor.HibernateJpaDialect$HibernateConnectionHandle@20f2ae5]
2026-03-16 17:01:12 [http-nio-8080-exec-10] DEBUG o.s.orm.jpa.JpaTransactionManager - Exposing JPA transaction as JDBC [org.springframework.orm.jpa.vendor.HibernateJpaDialect$HibernateConnectionHandle@639ef645]
2026-03-16 17:01:12 [http-nio-8080-exec-7] DEBUG o.s.orm.jpa.JpaTransactionManager - Found thread-bound EntityManager [SessionImpl(1365077647<open>)] for JPA transaction
2026-03-16 17:01:12 [http-nio-8080-exec-10] DEBUG o.s.orm.jpa.JpaTransactionManager - Found thread-bound EntityManager [SessionImpl(1425150556<open>)] for JPA transaction
2026-03-16 17:01:12 [http-nio-8080-exec-7] DEBUG o.s.orm.jpa.JpaTransactionManager - Participating in existing transaction
2026-03-16 17:01:12 [http-nio-8080-exec-3] DEBUG o.s.orm.jpa.JpaTransactionManager - Found thread-bound EntityManager [SessionImpl(885859683<open>)] for JPA transaction
2026-03-16 17:01:12 [http-nio-8080-exec-3] DEBUG o.s.orm.jpa.JpaTransactionManager - Participating in existing transaction
2026-03-16 17:01:12 [http-nio-8080-exec-3] DEBUG org.hibernate.SQL - select ua1_0.scrty_dtrmn_trget_id,ua1_0.author_code,ua1_0.frst_register_id,ua1_0.frst_regist_pnttm,ua1_0.last_updusr_id,ua1_0.last_updt_pnttm,ua1_0.mber_ty_code from nemplyrscrtyestbs ua1_0 where ua1_0.scrty_dtrmn_trget_id=?
2026-03-16 17:01:12 [http-nio-8080-exec-7] DEBUG org.hibernate.SQL - select u1_0.emplyr_id,u1_0.area_no,u1_0.brthdy,u1_0.chg_pwd_cnt,u1_0.frst_register_id,u1_0.frst_regist_pnttm,u1_0.detail_adres,u1_0.email_adres,u1_0.emplyr_sttus_code,u1_0.empl_no,u1_0.esntl_id,u1_0.fxnum,u1_0.group_id,u1_0.house_adres,u1_0.house_end_telno,u1_0.house_middle_telno,u1_0.ihidnum,u1_0.pstinst_code,u1_0.last_updusr_id,u1_0.last_updt_pnttm,u1_0.lock_at,u1_0.lock_cnt,u1_0.lock_last_pnttm,u1_0.mbtlnum,u1_0.ofcps_nm,u1_0.offm_telno,u1_0.orgnzt_id,u1_0.password,u1_0.password_cnsr,u1_0.password_hint,u1_0.chg_pwd_last_pnttm,u1_0.role,u1_0.sbscrb_de,u1_0.sexdstn_code,u1_0.crtfc_dn_value,u1_0.user_nm,u1_0.zip from nemplyrinfo u1_0 where u1_0.emplyr_id=?
2026-03-16 17:01:12 [http-nio-8080-exec-10] DEBUG o.s.orm.jpa.JpaTransactionManager - Participating in existing transaction
2026-03-16 17:01:12 [http-nio-8080-exec-10] DEBUG org.hibernate.SQL - select u1_0.emplyr_id,u1_0.area_no,u1_0.brthdy,u1_0.chg_pwd_cnt,u1_0.frst_register_id,u1_0.frst_regist_pnttm,u1_0.detail_adres,u1_0.email_adres,u1_0.emplyr_sttus_code,u1_0.empl_no,u1_0.esntl_id,u1_0.fxnum,u1_0.group_id,u1_0.house_adres,u1_0.house_end_telno,u1_0.house_middle_telno,u1_0.ihidnum,u1_0.pstinst_code,u1_0.last_updusr_id,u1_0.last_updt_pnttm,u1_0.lock_at,u1_0.lock_cnt,u1_0.lock_last_pnttm,u1_0.mbtlnum,u1_0.ofcps_nm,u1_0.offm_telno,u1_0.orgnzt_id,u1_0.password,u1_0.password_cnsr,u1_0.password_hint,u1_0.chg_pwd_last_pnttm,u1_0.role,u1_0.sbscrb_de,u1_0.sexdstn_code,u1_0.crtfc_dn_value,u1_0.user_nm,u1_0.zip from nemplyrinfo u1_0 where u1_0.emplyr_id=?
2026-03-16 17:01:12 [http-nio-8080-exec-8] DEBUG o.s.orm.jpa.JpaTransactionManager - Found thread-bound EntityManager [SessionImpl(1547580916<open>)] for JPA transaction
2026-03-16 17:01:12 [http-nio-8080-exec-8] DEBUG o.s.orm.jpa.JpaTransactionManager - Participating in existing transaction
2026-03-16 17:01:12 [http-nio-8080-exec-8] DEBUG org.hibernate.SQL - select ua1_0.scrty_dtrmn_trget_id,ua1_0.author_code,ua1_0.frst_register_id,ua1_0.frst_regist_pnttm,ua1_0.last_updusr_id,ua1_0.last_updt_pnttm,ua1_0.mber_ty_code from nemplyrscrtyestbs ua1_0 where ua1_0.scrty_dtrmn_trget_id=?
2026-03-16 17:01:12 [http-nio-8080-exec-9] DEBUG o.s.orm.jpa.JpaTransactionManager - Found thread-bound EntityManager [SessionImpl(67983026<open>)] for JPA transaction
2026-03-16 17:01:12 [http-nio-8080-exec-9] DEBUG o.s.orm.jpa.JpaTransactionManager - Participating in existing transaction
2026-03-16 17:01:12 [http-nio-8080-exec-9] DEBUG org.hibernate.SQL - select ua1_0.scrty_dtrmn_trget_id,ua1_0.author_code,ua1_0.frst_register_id,ua1_0.frst_regist_pnttm,ua1_0.last_updusr_id,ua1_0.last_updt_pnttm,ua1_0.mber_ty_code from nemplyrscrtyestbs ua1_0 where ua1_0.scrty_dtrmn_trget_id=?
2026-03-16 17:01:12 [http-nio-8080-exec-3] DEBUG o.s.orm.jpa.JpaTransactionManager - Initiating transaction commit
2026-03-16 17:01:12 [http-nio-8080-exec-3] DEBUG o.s.orm.jpa.JpaTransactionManager - Committing JPA transaction on EntityManager [SessionImpl(885859683<open>)]
2026-03-16 17:01:12 [http-nio-8080-exec-7] DEBUG o.s.orm.jpa.JpaTransactionManager - Found thread-bound EntityManager [SessionImpl(1365077647<open>)] for JPA transaction
2026-03-16 17:01:12 [http-nio-8080-exec-7] DEBUG o.s.orm.jpa.JpaTransactionManager - Participating in existing transaction
2026-03-16 17:01:12 [http-nio-8080-exec-7] DEBUG org.hibernate.SQL - select ua1_0.scrty_dtrmn_trget_id,ua1_0.author_code,ua1_0.frst_register_id,ua1_0.frst_regist_pnttm,ua1_0.last_updusr_id,ua1_0.last_updt_pnttm,ua1_0.mber_ty_code from nemplyrscrtyestbs ua1_0 where ua1_0.scrty_dtrmn_trget_id=?
2026-03-16 17:01:12 [http-nio-8080-exec-10] DEBUG o.s.orm.jpa.JpaTransactionManager - Found thread-bound EntityManager [SessionImpl(1425150556<open>)] for JPA transaction
2026-03-16 17:01:12 [http-nio-8080-exec-10] DEBUG o.s.orm.jpa.JpaTransactionManager - Participating in existing transaction
2026-03-16 17:01:12 [http-nio-8080-exec-10] DEBUG org.hibernate.SQL - select ua1_0.scrty_dtrmn_trget_id,ua1_0.author_code,ua1_0.frst_register_id,ua1_0.frst_regist_pnttm,ua1_0.last_updusr_id,ua1_0.last_updt_pnttm,ua1_0.mber_ty_code from nemplyrscrtyestbs ua1_0 where ua1_0.scrty_dtrmn_trget_id=?
2026-03-16 17:01:12 [http-nio-8080-exec-8] DEBUG o.s.orm.jpa.JpaTransactionManager - Initiating transaction commit
2026-03-16 17:01:12 [http-nio-8080-exec-8] DEBUG o.s.orm.jpa.JpaTransactionManager - Committing JPA transaction on EntityManager [SessionImpl(1547580916<open>)]
2026-03-16 17:01:12 [http-nio-8080-exec-9] DEBUG o.s.orm.jpa.JpaTransactionManager - Initiating transaction commit
2026-03-16 17:01:12 [http-nio-8080-exec-9] DEBUG o.s.orm.jpa.JpaTransactionManager - Committing JPA transaction on EntityManager [SessionImpl(67983026<open>)]
2026-03-16 17:01:12 [http-nio-8080-exec-3] DEBUG o.s.orm.jpa.JpaTransactionManager - Closing JPA EntityManager [SessionImpl(885859683<open>)] after transaction
2026-03-16 17:01:12 [http-nio-8080-exec-3] DEBUG c.c.p.s.jwt.JwtAuthenticationFilter - >>> [JwtFilter] Successfully authenticated user: USRCNFRM_99999999999, Authorities: [ROLE_ADMIN]
2026-03-16 17:01:12 [http-nio-8080-exec-3] DEBUG o.s.web.servlet.DispatcherServlet - GET "/api/v1/menu/left?menuNo=20", parameters={masked}
2026-03-16 17:01:12 [http-nio-8080-exec-3] TRACE o.s.w.s.m.m.a.RequestMappingHandlerMapping - Mapped to com.company.project.api.controller.menu.MenuController#getLeftMenu(Long)
2026-03-16 17:01:12 [http-nio-8080-exec-3] INFO  c.c.p.a.c.menu.MenuController - getLeftMenu called with menuNo=20
2026-03-16 17:01:12 [http-nio-8080-exec-3] DEBUG o.s.orm.jpa.JpaTransactionManager - Creating new transaction with name [com.company.project.service.menu.MenuService.getSubMenus]: PROPAGATION_REQUIRED,ISOLATION_DEFAULT,readOnly
2026-03-16 17:01:12 [http-nio-8080-exec-3] DEBUG o.s.orm.jpa.JpaTransactionManager - Opened new EntityManager [SessionImpl(1770027494<open>)] for JPA transaction
2026-03-16 17:01:12 [http-nio-8080-exec-3] DEBUG o.s.orm.jpa.JpaTransactionManager - Exposing JPA transaction as JDBC [org.springframework.orm.jpa.vendor.HibernateJpaDialect$HibernateConnectionHandle@6cb6ef22]
2026-03-16 17:01:12 [http-nio-8080-exec-3] DEBUG org.hibernate.SQL - select m1_0.menu_no,m1_0.menu_dc,m1_0.menu_nm,m1_0.menu_ordr,m1_0.modern_route,m1_0.progrm_file_nm,m1_0.relate_image_nm,m1_0.relate_image_path,m1_0.route_updated_at,m1_0.upper_menu_no from nmenuinfo m1_0 order by m1_0.upper_menu_no,m1_0.menu_ordr
2026-03-16 17:01:12 [http-nio-8080-exec-7] DEBUG o.s.orm.jpa.JpaTransactionManager - Initiating transaction commit
2026-03-16 17:01:12 [http-nio-8080-exec-7] DEBUG o.s.orm.jpa.JpaTransactionManager - Committing JPA transaction on EntityManager [SessionImpl(1365077647<open>)]
2026-03-16 17:01:12 [http-nio-8080-exec-10] DEBUG o.s.orm.jpa.JpaTransactionManager - Initiating transaction commit
2026-03-16 17:01:12 [http-nio-8080-exec-10] DEBUG o.s.orm.jpa.JpaTransactionManager - Committing JPA transaction on EntityManager [SessionImpl(1425150556<open>)]
2026-03-16 17:01:12 [http-nio-8080-exec-8] DEBUG o.s.orm.jpa.JpaTransactionManager - Closing JPA EntityManager [SessionImpl(1547580916<open>)] after transaction
2026-03-16 17:01:12 [http-nio-8080-exec-8] DEBUG c.c.p.s.jwt.JwtAuthenticationFilter - >>> [JwtFilter] Successfully authenticated user: USRCNFRM_99999999999, Authorities: [ROLE_ADMIN]
2026-03-16 17:01:12 [http-nio-8080-exec-8] DEBUG o.s.web.servlet.DispatcherServlet - GET "/api/v1/menu/left?menuNo=50", parameters={masked}
2026-03-16 17:01:12 [http-nio-8080-exec-8] TRACE o.s.w.s.m.m.a.RequestMappingHandlerMapping - Mapped to com.company.project.api.controller.menu.MenuController#getLeftMenu(Long)
2026-03-16 17:01:12 [http-nio-8080-exec-8] INFO  c.c.p.a.c.menu.MenuController - getLeftMenu called with menuNo=50
2026-03-16 17:01:12 [http-nio-8080-exec-8] DEBUG o.s.orm.jpa.JpaTransactionManager - Creating new transaction with name [com.company.project.service.menu.MenuService.getSubMenus]: PROPAGATION_REQUIRED,ISOLATION_DEFAULT,readOnly
2026-03-16 17:01:12 [http-nio-8080-exec-8] DEBUG o.s.orm.jpa.JpaTransactionManager - Opened new EntityManager [SessionImpl(219392649<open>)] for JPA transaction
2026-03-16 17:01:12 [http-nio-8080-exec-8] DEBUG o.s.orm.jpa.JpaTransactionManager - Exposing JPA transaction as JDBC [org.springframework.orm.jpa.vendor.HibernateJpaDialect$HibernateConnectionHandle@622d06d5]
2026-03-16 17:01:12 [http-nio-8080-exec-8] DEBUG org.hibernate.SQL - select m1_0.menu_no,m1_0.menu_dc,m1_0.menu_nm,m1_0.menu_ordr,m1_0.modern_route,m1_0.progrm_file_nm,m1_0.relate_image_nm,m1_0.relate_image_path,m1_0.route_updated_at,m1_0.upper_menu_no from nmenuinfo m1_0 order by m1_0.upper_menu_no,m1_0.menu_ordr
2026-03-16 17:01:12 [http-nio-8080-exec-9] DEBUG o.s.orm.jpa.JpaTransactionManager - Closing JPA EntityManager [SessionImpl(67983026<open>)] after transaction
2026-03-16 17:01:12 [http-nio-8080-exec-9] DEBUG c.c.p.s.jwt.JwtAuthenticationFilter - >>> [JwtFilter] Successfully authenticated user: USRCNFRM_99999999999, Authorities: [ROLE_ADMIN]
2026-03-16 17:01:12 [http-nio-8080-exec-7] DEBUG o.s.orm.jpa.JpaTransactionManager - Closing JPA EntityManager [SessionImpl(1365077647<open>)] after transaction
2026-03-16 17:01:12 [http-nio-8080-exec-7] DEBUG c.c.p.s.jwt.JwtAuthenticationFilter - >>> [JwtFilter] Successfully authenticated user: USRCNFRM_99999999999, Authorities: [ROLE_ADMIN]
2026-03-16 17:01:12 [http-nio-8080-exec-9] DEBUG o.s.web.servlet.DispatcherServlet - GET "/api/v1/menu/left?menuNo=10", parameters={masked}
2026-03-16 17:01:12 [http-nio-8080-exec-7] DEBUG o.s.web.servlet.DispatcherServlet - GET "/api/v1/menu/left?menuNo=40", parameters={masked}
2026-03-16 17:01:12 [http-nio-8080-exec-9] TRACE o.s.w.s.m.m.a.RequestMappingHandlerMapping - Mapped to com.company.project.api.controller.menu.MenuController#getLeftMenu(Long)
2026-03-16 17:01:12 [http-nio-8080-exec-7] TRACE o.s.w.s.m.m.a.RequestMappingHandlerMapping - Mapped to com.company.project.api.controller.menu.MenuController#getLeftMenu(Long)
2026-03-16 17:01:12 [http-nio-8080-exec-9] INFO  c.c.p.a.c.menu.MenuController - getLeftMenu called with menuNo=10
2026-03-16 17:01:12 [http-nio-8080-exec-7] INFO  c.c.p.a.c.menu.MenuController - getLeftMenu called with menuNo=40
2026-03-16 17:01:12 [http-nio-8080-exec-9] DEBUG o.s.orm.jpa.JpaTransactionManager - Creating new transaction with name [com.company.project.service.menu.MenuService.getSubMenus]: PROPAGATION_REQUIRED,ISOLATION_DEFAULT,readOnly
2026-03-16 17:01:12 [http-nio-8080-exec-7] DEBUG o.s.orm.jpa.JpaTransactionManager - Creating new transaction with name [com.company.project.service.menu.MenuService.getSubMenus]: PROPAGATION_REQUIRED,ISOLATION_DEFAULT,readOnly
2026-03-16 17:01:12 [http-nio-8080-exec-7] DEBUG o.s.orm.jpa.JpaTransactionManager - Opened new EntityManager [SessionImpl(2105353487<open>)] for JPA transaction
2026-03-16 17:01:12 [http-nio-8080-exec-9] DEBUG o.s.orm.jpa.JpaTransactionManager - Opened new EntityManager [SessionImpl(286080775<open>)] for JPA transaction
2026-03-16 17:01:12 [http-nio-8080-exec-7] DEBUG o.s.orm.jpa.JpaTransactionManager - Exposing JPA transaction as JDBC [org.springframework.orm.jpa.vendor.HibernateJpaDialect$HibernateConnectionHandle@45a53288]
2026-03-16 17:01:12 [http-nio-8080-exec-9] DEBUG o.s.orm.jpa.JpaTransactionManager - Exposing JPA transaction as JDBC [org.springframework.orm.jpa.vendor.HibernateJpaDialect$HibernateConnectionHandle@71849068]
2026-03-16 17:01:12 [http-nio-8080-exec-7] DEBUG org.hibernate.SQL - select m1_0.menu_no,m1_0.menu_dc,m1_0.menu_nm,m1_0.menu_ordr,m1_0.modern_route,m1_0.progrm_file_nm,m1_0.relate_image_nm,m1_0.relate_image_path,m1_0.route_updated_at,m1_0.upper_menu_no from nmenuinfo m1_0 order by m1_0.upper_menu_no,m1_0.menu_ordr
2026-03-16 17:01:12 [http-nio-8080-exec-9] DEBUG org.hibernate.SQL - select m1_0.menu_no,m1_0.menu_dc,m1_0.menu_nm,m1_0.menu_ordr,m1_0.modern_route,m1_0.progrm_file_nm,m1_0.relate_image_nm,m1_0.relate_image_path,m1_0.route_updated_at,m1_0.upper_menu_no from nmenuinfo m1_0 order by m1_0.upper_menu_no,m1_0.menu_ordr
2026-03-16 17:01:12 [http-nio-8080-exec-10] DEBUG o.s.orm.jpa.JpaTransactionManager - Closing JPA EntityManager [SessionImpl(1425150556<open>)] after transaction
2026-03-16 17:01:12 [http-nio-8080-exec-10] DEBUG c.c.p.s.jwt.JwtAuthenticationFilter - >>> [JwtFilter] Successfully authenticated user: USRCNFRM_99999999999, Authorities: [ROLE_ADMIN]
2026-03-16 17:01:12 [http-nio-8080-exec-10] DEBUG o.s.web.servlet.DispatcherServlet - GET "/api/v1/menu/left?menuNo=60", parameters={masked}
2026-03-16 17:01:12 [http-nio-8080-exec-10] TRACE o.s.w.s.m.m.a.RequestMappingHandlerMapping - Mapped to com.company.project.api.controller.menu.MenuController#getLeftMenu(Long)
2026-03-16 17:01:12 [http-nio-8080-exec-10] INFO  c.c.p.a.c.menu.MenuController - getLeftMenu called with menuNo=60
2026-03-16 17:01:12 [http-nio-8080-exec-10] DEBUG o.s.orm.jpa.JpaTransactionManager - Creating new transaction with name [com.company.project.service.menu.MenuService.getSubMenus]: PROPAGATION_REQUIRED,ISOLATION_DEFAULT,readOnly
2026-03-16 17:01:12 [http-nio-8080-exec-10] DEBUG o.s.orm.jpa.JpaTransactionManager - Opened new EntityManager [SessionImpl(1517966969<open>)] for JPA transaction
2026-03-16 17:01:12 [http-nio-8080-exec-10] DEBUG o.s.orm.jpa.JpaTransactionManager - Exposing JPA transaction as JDBC [org.springframework.orm.jpa.vendor.HibernateJpaDialect$HibernateConnectionHandle@2748fa6e]
2026-03-16 17:01:12 [http-nio-8080-exec-10] DEBUG org.hibernate.SQL - select m1_0.menu_no,m1_0.menu_dc,m1_0.menu_nm,m1_0.menu_ordr,m1_0.modern_route,m1_0.progrm_file_nm,m1_0.relate_image_nm,m1_0.relate_image_path,m1_0.route_updated_at,m1_0.upper_menu_no from nmenuinfo m1_0 order by m1_0.upper_menu_no,m1_0.menu_ordr
2026-03-16 17:01:12 [http-nio-8080-exec-3] DEBUG o.s.orm.jpa.JpaTransactionManager - Found thread-bound EntityManager [SessionImpl(1770027494<open>)] for JPA transaction
2026-03-16 17:01:12 [http-nio-8080-exec-3] DEBUG o.s.orm.jpa.JpaTransactionManager - Participating in existing transaction
2026-03-16 17:01:12 [http-nio-8080-exec-3] DEBUG org.hibernate.SQL - select p1_0.progrm_file_nm,p1_0.progrm_dc,p1_0.progrm_korean_nm,p1_0.progrm_stre_path,p1_0.url from nprogrmlist p1_0
2026-03-16 17:01:13 [http-nio-8080-exec-8] DEBUG o.s.orm.jpa.JpaTransactionManager - Found thread-bound EntityManager [SessionImpl(219392649<open>)] for JPA transaction
2026-03-16 17:01:13 [http-nio-8080-exec-8] DEBUG o.s.orm.jpa.JpaTransactionManager - Participating in existing transaction
2026-03-16 17:01:13 [http-nio-8080-exec-8] DEBUG org.hibernate.SQL - select p1_0.progrm_file_nm,p1_0.progrm_dc,p1_0.progrm_korean_nm,p1_0.progrm_stre_path,p1_0.url from nprogrmlist p1_0
2026-03-16 17:01:13 [http-nio-8080-exec-9] DEBUG o.s.orm.jpa.JpaTransactionManager - Found thread-bound EntityManager [SessionImpl(286080775<open>)] for JPA transaction
2026-03-16 17:01:13 [http-nio-8080-exec-9] DEBUG o.s.orm.jpa.JpaTransactionManager - Participating in existing transaction
2026-03-16 17:01:13 [http-nio-8080-exec-9] DEBUG org.hibernate.SQL - select p1_0.progrm_file_nm,p1_0.progrm_dc,p1_0.progrm_korean_nm,p1_0.progrm_stre_path,p1_0.url from nprogrmlist p1_0
2026-03-16 17:01:13 [http-nio-8080-exec-7] DEBUG o.s.orm.jpa.JpaTransactionManager - Found thread-bound EntityManager [SessionImpl(2105353487<open>)] for JPA transaction
2026-03-16 17:01:13 [http-nio-8080-exec-7] DEBUG o.s.orm.jpa.JpaTransactionManager - Participating in existing transaction
2026-03-16 17:01:13 [http-nio-8080-exec-7] DEBUG org.hibernate.SQL - select p1_0.progrm_file_nm,p1_0.progrm_dc,p1_0.progrm_korean_nm,p1_0.progrm_stre_path,p1_0.url from nprogrmlist p1_0
2026-03-16 17:01:13 [http-nio-8080-exec-3] DEBUG o.s.orm.jpa.JpaTransactionManager - Initiating transaction commit
2026-03-16 17:01:13 [http-nio-8080-exec-3] DEBUG o.s.orm.jpa.JpaTransactionManager - Committing JPA transaction on EntityManager [SessionImpl(1770027494<open>)]
2026-03-16 17:01:13 [http-nio-8080-exec-10] DEBUG o.s.orm.jpa.JpaTransactionManager - Found thread-bound EntityManager [SessionImpl(1517966969<open>)] for JPA transaction
2026-03-16 17:01:13 [http-nio-8080-exec-10] DEBUG o.s.orm.jpa.JpaTransactionManager - Participating in existing transaction
2026-03-16 17:01:13 [http-nio-8080-exec-10] DEBUG org.hibernate.SQL - select p1_0.progrm_file_nm,p1_0.progrm_dc,p1_0.progrm_korean_nm,p1_0.progrm_stre_path,p1_0.url from nprogrmlist p1_0
2026-03-16 17:01:13 [http-nio-8080-exec-8] DEBUG o.s.orm.jpa.JpaTransactionManager - Initiating transaction commit
2026-03-16 17:01:13 [http-nio-8080-exec-8] DEBUG o.s.orm.jpa.JpaTransactionManager - Committing JPA transaction on EntityManager [SessionImpl(219392649<open>)]
2026-03-16 17:01:13 [http-nio-8080-exec-9] DEBUG o.s.orm.jpa.JpaTransactionManager - Initiating transaction commit
2026-03-16 17:01:13 [http-nio-8080-exec-9] DEBUG o.s.orm.jpa.JpaTransactionManager - Committing JPA transaction on EntityManager [SessionImpl(286080775<open>)]
2026-03-16 17:01:13 [http-nio-8080-exec-7] DEBUG o.s.orm.jpa.JpaTransactionManager - Initiating transaction commit
2026-03-16 17:01:13 [http-nio-8080-exec-7] DEBUG o.s.orm.jpa.JpaTransactionManager - Committing JPA transaction on EntityManager [SessionImpl(2105353487<open>)]
2026-03-16 17:01:13 [http-nio-8080-exec-3] DEBUG o.s.orm.jpa.JpaTransactionManager - Closing JPA EntityManager [SessionImpl(1770027494<open>)] after transaction
2026-03-16 17:01:13 [http-nio-8080-exec-3] INFO  c.c.p.a.c.menu.MenuController - getLeftMenu returned 3 items
2026-03-16 17:01:13 [http-nio-8080-exec-3] DEBUG o.s.w.s.m.m.a.HttpEntityMethodProcessor - Using 'application/json', given [application/json, text/plain, */*] and supported [application/json, application/*+json, application/yaml]
2026-03-16 17:01:13 [http-nio-8080-exec-3] TRACE o.s.w.s.m.m.a.HttpEntityMethodProcessor - Writing [ApiResponse[success=true, status=200, code=COMMON_001, message=Success, data={list=[com.company.project.service.menu.dto.MenuDto@2415497, com.company.project.service.menu.dto.MenuDto@7f0e7bff, com.company.project.service.menu.dto.MenuDto@414c4625]}, timestamp=2026-03-16T17:01:13.296333]]
2026-03-16 17:01:13 [http-nio-8080-exec-3] INFO  c.c.p.a.i.OperationalAuditInterceptor - API Audit Log: URL=/api/v1/menu/left, User=webmaster, IP=0:0:0:0:0:0:0:1
2026-03-16 17:01:13 [http-nio-8080-exec-3] DEBUG o.s.web.servlet.DispatcherServlet - Completed 200 OK
2026-03-16 17:01:13 [http-nio-8080-exec-10] DEBUG o.s.orm.jpa.JpaTransactionManager - Initiating transaction commit
2026-03-16 17:01:13 [http-nio-8080-exec-10] DEBUG o.s.orm.jpa.JpaTransactionManager - Committing JPA transaction on EntityManager [SessionImpl(1517966969<open>)]
2026-03-16 17:01:13 [http-nio-8080-exec-8] DEBUG o.s.orm.jpa.JpaTransactionManager - Closing JPA EntityManager [SessionImpl(219392649<open>)] after transaction
2026-03-16 17:01:13 [http-nio-8080-exec-8] INFO  c.c.p.a.c.menu.MenuController - getLeftMenu returned 3 items
2026-03-16 17:01:13 [http-nio-8080-exec-8] DEBUG o.s.w.s.m.m.a.HttpEntityMethodProcessor - Using 'application/json', given [application/json, text/plain, */*] and supported [application/json, application/*+json, application/yaml]
2026-03-16 17:01:13 [http-nio-8080-exec-8] TRACE o.s.w.s.m.m.a.HttpEntityMethodProcessor - Writing [ApiResponse[success=true, status=200, code=COMMON_001, message=Success, data={list=[com.company.project.service.menu.dto.MenuDto@5328292d, com.company.project.service.menu.dto.MenuDto@4e9c6b33, com.company.project.service.menu.dto.MenuDto@c3e2896]}, timestamp=2026-03-16T17:01:13.399026900]]
2026-03-16 17:01:13 [http-nio-8080-exec-8] INFO  c.c.p.a.i.OperationalAuditInterceptor - API Audit Log: URL=/api/v1/menu/left, User=webmaster, IP=0:0:0:0:0:0:0:1
2026-03-16 17:01:13 [http-nio-8080-exec-8] DEBUG o.s.web.servlet.DispatcherServlet - Completed 200 OK
2026-03-16 17:01:13 [http-nio-8080-exec-7] DEBUG o.s.orm.jpa.JpaTransactionManager - Closing JPA EntityManager [SessionImpl(2105353487<open>)] after transaction
2026-03-16 17:01:13 [http-nio-8080-exec-9] DEBUG o.s.orm.jpa.JpaTransactionManager - Closing JPA EntityManager [SessionImpl(286080775<open>)] after transaction
2026-03-16 17:01:13 [http-nio-8080-exec-7] INFO  c.c.p.a.c.menu.MenuController - getLeftMenu returned 2 items
2026-03-16 17:01:13 [http-nio-8080-exec-9] INFO  c.c.p.a.c.menu.MenuController - getLeftMenu returned 5 items
2026-03-16 17:01:13 [http-nio-8080-exec-9] DEBUG o.s.w.s.m.m.a.HttpEntityMethodProcessor - Using 'application/json', given [application/json, text/plain, */*] and supported [application/json, application/*+json, application/yaml]
2026-03-16 17:01:13 [http-nio-8080-exec-7] DEBUG o.s.w.s.m.m.a.HttpEntityMethodProcessor - Using 'application/json', given [application/json, text/plain, */*] and supported [application/json, application/*+json, application/yaml]
2026-03-16 17:01:13 [http-nio-8080-exec-9] TRACE o.s.w.s.m.m.a.HttpEntityMethodProcessor - Writing [ApiResponse[success=true, status=200, code=COMMON_001, message=Success, data={list=[com.company.project.service.menu.dto.MenuDto@39b39eae, com.company.project.service.menu.dto.MenuDto@1d8c8185, com.company.project.service.menu.dto.MenuDto@68cbaf74, com.company.project.service.menu.dto.MenuDto@725d6178, com.company.project.service.menu.dto.MenuDto@573ed773]}, timestamp=2026-03-16T17:01:13.457037900]]
2026-03-16 17:01:13 [http-nio-8080-exec-7] TRACE o.s.w.s.m.m.a.HttpEntityMethodProcessor - Writing [ApiResponse[success=true, status=200, code=COMMON_001, message=Success, data={list=[com.company.project.service.menu.dto.MenuDto@3e2ffff0, com.company.project.service.menu.dto.MenuDto@2e4ea416]}, timestamp=2026-03-16T17:01:13.457037900]]
2026-03-16 17:01:13 [http-nio-8080-exec-9] INFO  c.c.p.a.i.OperationalAuditInterceptor - API Audit Log: URL=/api/v1/menu/left, User=webmaster, IP=0:0:0:0:0:0:0:1
2026-03-16 17:01:13 [http-nio-8080-exec-7] INFO  c.c.p.a.i.OperationalAuditInterceptor - API Audit Log: URL=/api/v1/menu/left, User=webmaster, IP=0:0:0:0:0:0:0:1
2026-03-16 17:01:13 [http-nio-8080-exec-7] DEBUG o.s.web.servlet.DispatcherServlet - Completed 200 OK
2026-03-16 17:01:13 [http-nio-8080-exec-9] DEBUG o.s.web.servlet.DispatcherServlet - Completed 200 OK
2026-03-16 17:01:13 [http-nio-8080-exec-10] DEBUG o.s.orm.jpa.JpaTransactionManager - Closing JPA EntityManager [SessionImpl(1517966969<open>)] after transaction
2026-03-16 17:01:13 [http-nio-8080-exec-10] INFO  c.c.p.a.c.menu.MenuController - getLeftMenu returned 1 items
2026-03-16 17:01:13 [http-nio-8080-exec-10] DEBUG o.s.w.s.m.m.a.HttpEntityMethodProcessor - Using 'application/json', given [application/json, text/plain, */*] and supported [application/json, application/*+json, application/yaml]
2026-03-16 17:01:13 [http-nio-8080-exec-10] TRACE o.s.w.s.m.m.a.HttpEntityMethodProcessor - Writing [ApiResponse[success=true, status=200, code=COMMON_001, message=Success, data={list=[com.company.project.service.menu.dto.MenuDto@391db8f0]}, timestamp=2026-03-16T17:01:13.471573100]]
2026-03-16 17:01:13 [http-nio-8080-exec-10] INFO  c.c.p.a.i.OperationalAuditInterceptor - API Audit Log: URL=/api/v1/menu/left, User=webmaster, IP=0:0:0:0:0:0:0:1
2026-03-16 17:01:13 [http-nio-8080-exec-10] DEBUG o.s.web.servlet.DispatcherServlet - Completed 200 OK
2026-03-16 17:01:13 [http-nio-8080-exec-11] DEBUG o.s.w.s.h.LoggingWebSocketHandlerDecorator - WebSocketServerSockJsSession[id=vwy4dj41] closed with CloseStatus[code=1000, reason=null]
2026-03-16 17:01:13 [http-nio-8080-exec-11] DEBUG o.s.w.s.m.SubProtocolWebSocketHandler - Clearing session vwy4dj41
2026-03-16 17:01:13 [scheduling-1] DEBUG org.springframework.web.SimpLogging - Processing DISCONNECT session=vwy4dj41
2026-03-16 17:01:13 [scheduling-1] DEBUG o.s.w.s.m.SubProtocolWebSocketHandler - No session for GenericMessage [payload=byte[0], headers={simpMessageType=DISCONNECT_ACK, simpDisconnectMessage=GenericMessage [payload=byte[0], headers={simpMessageType=DISCONNECT, stompCommand=DISCONNECT, simpSessionAttributes={org.springframework.messaging.simp.SimpAttributes.COMPLETED=true}, simpSessionId=vwy4dj41}], simpSessionId=vwy4dj41}]
2026-03-16 17:01:13 [http-nio-8080-exec-1] DEBUG c.c.p.s.jwt.JwtAuthenticationFilter - >>> [JwtFilter] Processing request: GET /api/v1/menu/left
2026-03-16 17:01:13 [http-nio-8080-exec-1] DEBUG c.c.p.s.jwt.JwtAuthenticationFilter - >>> [JwtFilter] Found token in header for path: /api/v1/menu/left
2026-03-16 17:01:13 [http-nio-8080-exec-1] DEBUG o.s.orm.jpa.JpaTransactionManager - Creating new transaction with name [com.company.project.security.iam.CustomUserDetailsService.loadUserByUsername]: PROPAGATION_REQUIRED,ISOLATION_DEFAULT,readOnly
2026-03-16 17:01:13 [http-nio-8080-exec-1] DEBUG o.s.orm.jpa.JpaTransactionManager - Opened new EntityManager [SessionImpl(1307411636<open>)] for JPA transaction
2026-03-16 17:01:13 [http-nio-8080-exec-1] DEBUG o.s.orm.jpa.JpaTransactionManager - Exposing JPA transaction as JDBC [org.springframework.orm.jpa.vendor.HibernateJpaDialect$HibernateConnectionHandle@157bd86a]
2026-03-16 17:01:13 [http-nio-8080-exec-1] DEBUG o.s.orm.jpa.JpaTransactionManager - Found thread-bound EntityManager [SessionImpl(1307411636<open>)] for JPA transaction
2026-03-16 17:01:13 [http-nio-8080-exec-1] DEBUG o.s.orm.jpa.JpaTransactionManager - Participating in existing transaction
2026-03-16 17:01:13 [http-nio-8080-exec-1] DEBUG org.hibernate.SQL - select u1_0.emplyr_id,u1_0.area_no,u1_0.brthdy,u1_0.chg_pwd_cnt,u1_0.frst_register_id,u1_0.frst_regist_pnttm,u1_0.detail_adres,u1_0.email_adres,u1_0.emplyr_sttus_code,u1_0.empl_no,u1_0.esntl_id,u1_0.fxnum,u1_0.group_id,u1_0.house_adres,u1_0.house_end_telno,u1_0.house_middle_telno,u1_0.ihidnum,u1_0.pstinst_code,u1_0.last_updusr_id,u1_0.last_updt_pnttm,u1_0.lock_at,u1_0.lock_cnt,u1_0.lock_last_pnttm,u1_0.mbtlnum,u1_0.ofcps_nm,u1_0.offm_telno,u1_0.orgnzt_id,u1_0.password,u1_0.password_cnsr,u1_0.password_hint,u1_0.chg_pwd_last_pnttm,u1_0.role,u1_0.sbscrb_de,u1_0.sexdstn_code,u1_0.crtfc_dn_value,u1_0.user_nm,u1_0.zip from nemplyrinfo u1_0 where u1_0.emplyr_id=?
2026-03-16 17:01:13 [http-nio-8080-exec-6] DEBUG c.c.p.s.jwt.JwtAuthenticationFilter - >>> [JwtFilter] Processing request: GET /api/v1/menu/head
2026-03-16 17:01:13 [http-nio-8080-exec-13] DEBUG c.c.p.s.jwt.JwtAuthenticationFilter - >>> [JwtFilter] Processing request: GET /api/v1/auth/me
2026-03-16 17:01:13 [http-nio-8080-exec-6] DEBUG c.c.p.s.jwt.JwtAuthenticationFilter - >>> [JwtFilter] Found token in header for path: /api/v1/menu/head
2026-03-16 17:01:13 [http-nio-8080-exec-13] DEBUG c.c.p.s.jwt.JwtAuthenticationFilter - >>> [JwtFilter] Found token in header for path: /api/v1/auth/me
2026-03-16 17:01:13 [http-nio-8080-exec-13] DEBUG o.s.orm.jpa.JpaTransactionManager - Creating new transaction with name [com.company.project.security.iam.CustomUserDetailsService.loadUserByUsername]: PROPAGATION_REQUIRED,ISOLATION_DEFAULT,readOnly
2026-03-16 17:01:13 [http-nio-8080-exec-6] DEBUG o.s.orm.jpa.JpaTransactionManager - Creating new transaction with name [com.company.project.security.iam.CustomUserDetailsService.loadUserByUsername]: PROPAGATION_REQUIRED,ISOLATION_DEFAULT,readOnly
2026-03-16 17:01:13 [http-nio-8080-exec-13] DEBUG o.s.orm.jpa.JpaTransactionManager - Opened new EntityManager [SessionImpl(583496224<open>)] for JPA transaction
2026-03-16 17:01:13 [http-nio-8080-exec-6] DEBUG o.s.orm.jpa.JpaTransactionManager - Opened new EntityManager [SessionImpl(789927412<open>)] for JPA transaction
2026-03-16 17:01:13 [http-nio-8080-exec-13] DEBUG o.s.orm.jpa.JpaTransactionManager - Exposing JPA transaction as JDBC [org.springframework.orm.jpa.vendor.HibernateJpaDialect$HibernateConnectionHandle@30c93ff3]
2026-03-16 17:01:13 [http-nio-8080-exec-13] DEBUG o.s.orm.jpa.JpaTransactionManager - Found thread-bound EntityManager [SessionImpl(583496224<open>)] for JPA transaction
2026-03-16 17:01:13 [http-nio-8080-exec-13] DEBUG o.s.orm.jpa.JpaTransactionManager - Participating in existing transaction
2026-03-16 17:01:13 [http-nio-8080-exec-13] DEBUG org.hibernate.SQL - select u1_0.emplyr_id,u1_0.area_no,u1_0.brthdy,u1_0.chg_pwd_cnt,u1_0.frst_register_id,u1_0.frst_regist_pnttm,u1_0.detail_adres,u1_0.email_adres,u1_0.emplyr_sttus_code,u1_0.empl_no,u1_0.esntl_id,u1_0.fxnum,u1_0.group_id,u1_0.house_adres,u1_0.house_end_telno,u1_0.house_middle_telno,u1_0.ihidnum,u1_0.pstinst_code,u1_0.last_updusr_id,u1_0.last_updt_pnttm,u1_0.lock_at,u1_0.lock_cnt,u1_0.lock_last_pnttm,u1_0.mbtlnum,u1_0.ofcps_nm,u1_0.offm_telno,u1_0.orgnzt_id,u1_0.password,u1_0.password_cnsr,u1_0.password_hint,u1_0.chg_pwd_last_pnttm,u1_0.role,u1_0.sbscrb_de,u1_0.sexdstn_code,u1_0.crtfc_dn_value,u1_0.user_nm,u1_0.zip from nemplyrinfo u1_0 where u1_0.emplyr_id=?
2026-03-16 17:01:14 [http-nio-8080-exec-6] DEBUG o.s.orm.jpa.JpaTransactionManager - Exposing JPA transaction as JDBC [org.springframework.orm.jpa.vendor.HibernateJpaDialect$HibernateConnectionHandle@1f867fa5]
2026-03-16 17:01:14 [http-nio-8080-exec-1] DEBUG o.s.orm.jpa.JpaTransactionManager - Found thread-bound EntityManager [SessionImpl(1307411636<open>)] for JPA transaction
2026-03-16 17:01:14 [http-nio-8080-exec-6] DEBUG o.s.orm.jpa.JpaTransactionManager - Found thread-bound EntityManager [SessionImpl(789927412<open>)] for JPA transaction
2026-03-16 17:01:14 [http-nio-8080-exec-1] DEBUG o.s.orm.jpa.JpaTransactionManager - Participating in existing transaction
2026-03-16 17:01:14 [http-nio-8080-exec-6] DEBUG o.s.orm.jpa.JpaTransactionManager - Participating in existing transaction
2026-03-16 17:01:14 [http-nio-8080-exec-1] DEBUG org.hibernate.SQL - select ua1_0.scrty_dtrmn_trget_id,ua1_0.author_code,ua1_0.frst_register_id,ua1_0.frst_regist_pnttm,ua1_0.last_updusr_id,ua1_0.last_updt_pnttm,ua1_0.mber_ty_code from nemplyrscrtyestbs ua1_0 where ua1_0.scrty_dtrmn_trget_id=?
2026-03-16 17:01:14 [http-nio-8080-exec-6] DEBUG org.hibernate.SQL - select u1_0.emplyr_id,u1_0.area_no,u1_0.brthdy,u1_0.chg_pwd_cnt,u1_0.frst_register_id,u1_0.frst_regist_pnttm,u1_0.detail_adres,u1_0.email_adres,u1_0.emplyr_sttus_code,u1_0.empl_no,u1_0.esntl_id,u1_0.fxnum,u1_0.group_id,u1_0.house_adres,u1_0.house_end_telno,u1_0.house_middle_telno,u1_0.ihidnum,u1_0.pstinst_code,u1_0.last_updusr_id,u1_0.last_updt_pnttm,u1_0.lock_at,u1_0.lock_cnt,u1_0.lock_last_pnttm,u1_0.mbtlnum,u1_0.ofcps_nm,u1_0.offm_telno,u1_0.orgnzt_id,u1_0.password,u1_0.password_cnsr,u1_0.password_hint,u1_0.chg_pwd_last_pnttm,u1_0.role,u1_0.sbscrb_de,u1_0.sexdstn_code,u1_0.crtfc_dn_value,u1_0.user_nm,u1_0.zip from nemplyrinfo u1_0 where u1_0.emplyr_id=?
2026-03-16 17:01:14 [http-nio-8080-exec-13] DEBUG o.s.orm.jpa.JpaTransactionManager - Found thread-bound EntityManager [SessionImpl(583496224<open>)] for JPA transaction
2026-03-16 17:01:14 [http-nio-8080-exec-13] DEBUG o.s.orm.jpa.JpaTransactionManager - Participating in existing transaction
2026-03-16 17:01:14 [http-nio-8080-exec-13] DEBUG org.hibernate.SQL - select ua1_0.scrty_dtrmn_trget_id,ua1_0.author_code,ua1_0.frst_register_id,ua1_0.frst_regist_pnttm,ua1_0.last_updusr_id,ua1_0.last_updt_pnttm,ua1_0.mber_ty_code from nemplyrscrtyestbs ua1_0 where ua1_0.scrty_dtrmn_trget_id=?
2026-03-16 17:01:14 [http-nio-8080-exec-1] DEBUG o.s.orm.jpa.JpaTransactionManager - Initiating transaction commit
2026-03-16 17:01:14 [http-nio-8080-exec-1] DEBUG o.s.orm.jpa.JpaTransactionManager - Committing JPA transaction on EntityManager [SessionImpl(1307411636<open>)]
2026-03-16 17:01:14 [http-nio-8080-exec-6] DEBUG o.s.orm.jpa.JpaTransactionManager - Found thread-bound EntityManager [SessionImpl(789927412<open>)] for JPA transaction
2026-03-16 17:01:14 [http-nio-8080-exec-6] DEBUG o.s.orm.jpa.JpaTransactionManager - Participating in existing transaction
2026-03-16 17:01:14 [http-nio-8080-exec-6] DEBUG org.hibernate.SQL - select ua1_0.scrty_dtrmn_trget_id,ua1_0.author_code,ua1_0.frst_register_id,ua1_0.frst_regist_pnttm,ua1_0.last_updusr_id,ua1_0.last_updt_pnttm,ua1_0.mber_ty_code from nemplyrscrtyestbs ua1_0 where ua1_0.scrty_dtrmn_trget_id=?
2026-03-16 17:01:14 [http-nio-8080-exec-13] DEBUG o.s.orm.jpa.JpaTransactionManager - Initiating transaction commit
2026-03-16 17:01:14 [http-nio-8080-exec-13] DEBUG o.s.orm.jpa.JpaTransactionManager - Committing JPA transaction on EntityManager [SessionImpl(583496224<open>)]
2026-03-16 17:01:14 [http-nio-8080-exec-1] DEBUG o.s.orm.jpa.JpaTransactionManager - Closing JPA EntityManager [SessionImpl(1307411636<open>)] after transaction
2026-03-16 17:01:14 [http-nio-8080-exec-1] DEBUG c.c.p.s.jwt.JwtAuthenticationFilter - >>> [JwtFilter] Successfully authenticated user: USRCNFRM_99999999999, Authorities: [ROLE_ADMIN]
2026-03-16 17:01:14 [http-nio-8080-exec-6] DEBUG o.s.orm.jpa.JpaTransactionManager - Initiating transaction commit
2026-03-16 17:01:14 [http-nio-8080-exec-6] DEBUG o.s.orm.jpa.JpaTransactionManager - Committing JPA transaction on EntityManager [SessionImpl(789927412<open>)]
2026-03-16 17:01:14 [http-nio-8080-exec-1] DEBUG o.s.web.servlet.DispatcherServlet - GET "/api/v1/menu/left?menuNo=10", parameters={masked}
2026-03-16 17:01:14 [http-nio-8080-exec-1] TRACE o.s.w.s.m.m.a.RequestMappingHandlerMapping - Mapped to com.company.project.api.controller.menu.MenuController#getLeftMenu(Long)
2026-03-16 17:01:14 [http-nio-8080-exec-1] INFO  c.c.p.a.c.menu.MenuController - getLeftMenu called with menuNo=10
2026-03-16 17:01:14 [http-nio-8080-exec-1] DEBUG o.s.orm.jpa.JpaTransactionManager - Creating new transaction with name [com.company.project.service.menu.MenuService.getSubMenus]: PROPAGATION_REQUIRED,ISOLATION_DEFAULT,readOnly
2026-03-16 17:01:14 [http-nio-8080-exec-1] DEBUG o.s.orm.jpa.JpaTransactionManager - Opened new EntityManager [SessionImpl(1176908502<open>)] for JPA transaction
2026-03-16 17:01:14 [http-nio-8080-exec-1] DEBUG o.s.orm.jpa.JpaTransactionManager - Exposing JPA transaction as JDBC [org.springframework.orm.jpa.vendor.HibernateJpaDialect$HibernateConnectionHandle@20401921]
2026-03-16 17:01:14 [http-nio-8080-exec-1] DEBUG org.hibernate.SQL - select m1_0.menu_no,m1_0.menu_dc,m1_0.menu_nm,m1_0.menu_ordr,m1_0.modern_route,m1_0.progrm_file_nm,m1_0.relate_image_nm,m1_0.relate_image_path,m1_0.route_updated_at,m1_0.upper_menu_no from nmenuinfo m1_0 order by m1_0.upper_menu_no,m1_0.menu_ordr
2026-03-16 17:01:14 [http-nio-8080-exec-13] DEBUG o.s.orm.jpa.JpaTransactionManager - Closing JPA EntityManager [SessionImpl(583496224<open>)] after transaction
2026-03-16 17:01:14 [http-nio-8080-exec-13] DEBUG c.c.p.s.jwt.JwtAuthenticationFilter - >>> [JwtFilter] Successfully authenticated user: USRCNFRM_99999999999, Authorities: [ROLE_ADMIN]
2026-03-16 17:01:14 [http-nio-8080-exec-13] DEBUG o.s.web.servlet.DispatcherServlet - GET "/api/v1/auth/me", parameters={}
2026-03-16 17:01:14 [http-nio-8080-exec-13] TRACE o.s.w.s.m.m.a.RequestMappingHandlerMapping - Mapped to com.company.project.api.auth.AuthController#getCurrentUser()
2026-03-16 17:01:14 [http-nio-8080-exec-13] DEBUG o.s.w.s.m.m.a.RequestResponseBodyMethodProcessor - Using 'application/json', given [application/json, text/plain, */*] and supported [application/json, application/*+json, application/yaml]
2026-03-16 17:01:14 [http-nio-8080-exec-13] TRACE o.s.w.s.m.m.a.RequestResponseBodyMethodProcessor - Writing [ApiResponse[success=true, status=200, code=COMMON_001, message=Success, data={role=ROLE_ADMIN, userSe=EMP, name=관리자, id=webmaster}, timestamp=2026-03-16T17:01:14.346267100]]
2026-03-16 17:01:14 [http-nio-8080-exec-13] INFO  c.c.p.a.i.OperationalAuditInterceptor - API Audit Log: URL=/api/v1/auth/me, User=webmaster, IP=127.0.0.1
2026-03-16 17:01:14 [http-nio-8080-exec-13] DEBUG o.s.web.servlet.DispatcherServlet - Completed 200 OK
2026-03-16 17:01:14 [http-nio-8080-exec-4] DEBUG o.s.web.servlet.DispatcherServlet - GET "/ws/info?t=1773648074354", parameters={masked}
2026-03-16 17:01:14 [http-nio-8080-exec-4] DEBUG o.s.w.s.s.s.WebSocketHandlerMapping - Mapped to org.springframework.web.socket.sockjs.support.SockJsHttpRequestHandler@3d80b7ba
2026-03-16 17:01:14 [http-nio-8080-exec-4] DEBUG o.s.w.s.s.t.h.DefaultSockJsService - Processing transport request: GET http://localhost:8080/ws/info?t=1773648074354
2026-03-16 17:01:14 [http-nio-8080-exec-4] DEBUG o.s.web.servlet.DispatcherServlet - Completed 200 OK
2026-03-16 17:01:14 [http-nio-8080-exec-16] DEBUG c.c.p.s.jwt.JwtAuthenticationFilter - >>> [JwtFilter] Processing request: GET /api/v1/notifications
2026-03-16 17:01:14 [http-nio-8080-exec-17] DEBUG c.c.p.s.jwt.JwtAuthenticationFilter - >>> [JwtFilter] Processing request: GET /api/v1/notifications/unread-count
2026-03-16 17:01:14 [http-nio-8080-exec-16] DEBUG c.c.p.s.jwt.JwtAuthenticationFilter - >>> [JwtFilter] Found token in header for path: /api/v1/notifications
2026-03-16 17:01:14 [http-nio-8080-exec-17] DEBUG c.c.p.s.jwt.JwtAuthenticationFilter - >>> [JwtFilter] Found token in header for path: /api/v1/notifications/unread-count
2026-03-16 17:01:14 [http-nio-8080-exec-16] DEBUG o.s.orm.jpa.JpaTransactionManager - Creating new transaction with name [com.company.project.security.iam.CustomUserDetailsService.loadUserByUsername]: PROPAGATION_REQUIRED,ISOLATION_DEFAULT,readOnly
2026-03-16 17:01:14 [http-nio-8080-exec-17] DEBUG o.s.orm.jpa.JpaTransactionManager - Creating new transaction with name [com.company.project.security.iam.CustomUserDetailsService.loadUserByUsername]: PROPAGATION_REQUIRED,ISOLATION_DEFAULT,readOnly
2026-03-16 17:01:14 [http-nio-8080-exec-16] DEBUG o.s.orm.jpa.JpaTransactionManager - Opened new EntityManager [SessionImpl(445861745<open>)] for JPA transaction
2026-03-16 17:01:14 [http-nio-8080-exec-17] DEBUG o.s.orm.jpa.JpaTransactionManager - Opened new EntityManager [SessionImpl(475837315<open>)] for JPA transaction
2026-03-16 17:01:14 [http-nio-8080-exec-19] DEBUG o.s.web.servlet.DispatcherServlet - GET "/ws/731/mmlfojdm/websocket", parameters={}
2026-03-16 17:01:14 [http-nio-8080-exec-19] DEBUG o.s.w.s.s.s.WebSocketHandlerMapping - Mapped to org.springframework.web.socket.sockjs.support.SockJsHttpRequestHandler@3d80b7ba
2026-03-16 17:01:14 [http-nio-8080-exec-19] DEBUG o.s.w.s.s.t.h.DefaultSockJsService - Processing transport request: GET http://localhost:8080/ws/731/mmlfojdm/websocket
2026-03-16 17:01:14 [http-nio-8080-exec-19] DEBUG o.s.web.servlet.DispatcherServlet - Completed 101 SWITCHING_PROTOCOLS
2026-03-16 17:01:14 [http-nio-8080-exec-19] DEBUG o.s.w.s.h.LoggingWebSocketHandlerDecorator - New WebSocketServerSockJsSession[id=mmlfojdm]
2026-03-16 17:01:14 [scheduling-1] DEBUG org.springframework.web.SimpLogging - Processing CONNECT session=mmlfojdm
2026-03-16 17:01:14 [scheduling-1] DEBUG org.springframework.web.SimpLogging - Processing SUBSCRIBE /topic/notices id=sub-0 session=mmlfojdm
2026-03-16 17:01:14 [scheduling-1] DEBUG org.springframework.web.SimpLogging - Processing SUBSCRIBE destination=/queue/notifications-usermmlfojdm subscriptionId=sub-1 session=mmlfojdm payload=byte[0]
2026-03-16 17:01:14 [scheduling-1] DEBUG org.springframework.web.SimpLogging - Processing SUBSCRIBE /topic/public id=sub-2 session=mmlfojdm
2026-03-16 17:01:14 [http-nio-8080-exec-6] DEBUG o.s.orm.jpa.JpaTransactionManager - Closing JPA EntityManager [SessionImpl(789927412<open>)] after transaction
2026-03-16 17:01:14 [http-nio-8080-exec-6] DEBUG c.c.p.s.jwt.JwtAuthenticationFilter - >>> [JwtFilter] Successfully authenticated user: USRCNFRM_99999999999, Authorities: [ROLE_ADMIN]
2026-03-16 17:01:14 [http-nio-8080-exec-6] DEBUG o.s.web.servlet.DispatcherServlet - GET "/api/v1/menu/head", parameters={}
2026-03-16 17:01:14 [http-nio-8080-exec-6] TRACE o.s.w.s.m.m.a.RequestMappingHandlerMapping - Mapped to com.company.project.api.controller.menu.MenuController#getHeadMenu()
2026-03-16 17:01:14 [http-nio-8080-exec-6] INFO  c.c.p.a.c.menu.MenuController - getHeadMenu called
2026-03-16 17:01:14 [http-nio-8080-exec-6] INFO  c.c.p.a.c.menu.MenuController - getHeadMenu returned 5 items
2026-03-16 17:01:14 [http-nio-8080-exec-6] DEBUG o.s.w.s.m.m.a.HttpEntityMethodProcessor - Using 'application/json', given [application/json, text/plain, */*] and supported [application/json, application/*+json, application/yaml]
2026-03-16 17:01:14 [http-nio-8080-exec-6] TRACE o.s.w.s.m.m.a.HttpEntityMethodProcessor - Writing [ApiResponse[success=true, status=200, code=COMMON_001, message=Success, data={list=[com.company.project.service.menu.dto.MenuDto@2b80d6b0, com.company.project.service.menu.dto.MenuDto@1418cfa3, com.company.project.service.menu.dto.MenuDto@f230bf1, com.company.project.service.menu.dto.MenuDto@734a7f6a, com.company.project.service.menu.dto.MenuDto@5e5202e5]}, timestamp=2026-03-16T17:01:14.472398400]]
2026-03-16 17:01:14 [http-nio-8080-exec-6] INFO  c.c.p.a.i.OperationalAuditInterceptor - API Audit Log: URL=/api/v1/menu/head, User=webmaster, IP=127.0.0.1
2026-03-16 17:01:14 [http-nio-8080-exec-6] DEBUG o.s.web.servlet.DispatcherServlet - Completed 200 OK
2026-03-16 17:01:14 [http-nio-8080-exec-16] DEBUG o.s.orm.jpa.JpaTransactionManager - Exposing JPA transaction as JDBC [org.springframework.orm.jpa.vendor.HibernateJpaDialect$HibernateConnectionHandle@6f8e9c9a]
2026-03-16 17:01:14 [http-nio-8080-exec-16] DEBUG o.s.orm.jpa.JpaTransactionManager - Found thread-bound EntityManager [SessionImpl(445861745<open>)] for JPA transaction
2026-03-16 17:01:14 [http-nio-8080-exec-16] DEBUG o.s.orm.jpa.JpaTransactionManager - Participating in existing transaction
2026-03-16 17:01:14 [http-nio-8080-exec-16] DEBUG org.hibernate.SQL - select u1_0.emplyr_id,u1_0.area_no,u1_0.brthdy,u1_0.chg_pwd_cnt,u1_0.frst_register_id,u1_0.frst_regist_pnttm,u1_0.detail_adres,u1_0.email_adres,u1_0.emplyr_sttus_code,u1_0.empl_no,u1_0.esntl_id,u1_0.fxnum,u1_0.group_id,u1_0.house_adres,u1_0.house_end_telno,u1_0.house_middle_telno,u1_0.ihidnum,u1_0.pstinst_code,u1_0.last_updusr_id,u1_0.last_updt_pnttm,u1_0.lock_at,u1_0.lock_cnt,u1_0.lock_last_pnttm,u1_0.mbtlnum,u1_0.ofcps_nm,u1_0.offm_telno,u1_0.orgnzt_id,u1_0.password,u1_0.password_cnsr,u1_0.password_hint,u1_0.chg_pwd_last_pnttm,u1_0.role,u1_0.sbscrb_de,u1_0.sexdstn_code,u1_0.crtfc_dn_value,u1_0.user_nm,u1_0.zip from nemplyrinfo u1_0 where u1_0.emplyr_id=?
2026-03-16 17:01:14 [http-nio-8080-exec-17] DEBUG o.s.orm.jpa.JpaTransactionManager - Exposing JPA transaction as JDBC [org.springframework.orm.jpa.vendor.HibernateJpaDialect$HibernateConnectionHandle@7c652bfc]
2026-03-16 17:01:14 [http-nio-8080-exec-17] DEBUG o.s.orm.jpa.JpaTransactionManager - Found thread-bound EntityManager [SessionImpl(475837315<open>)] for JPA transaction
2026-03-16 17:01:14 [http-nio-8080-exec-17] DEBUG o.s.orm.jpa.JpaTransactionManager - Participating in existing transaction
2026-03-16 17:01:14 [http-nio-8080-exec-17] DEBUG org.hibernate.SQL - select u1_0.emplyr_id,u1_0.area_no,u1_0.brthdy,u1_0.chg_pwd_cnt,u1_0.frst_register_id,u1_0.frst_regist_pnttm,u1_0.detail_adres,u1_0.email_adres,u1_0.emplyr_sttus_code,u1_0.empl_no,u1_0.esntl_id,u1_0.fxnum,u1_0.group_id,u1_0.house_adres,u1_0.house_end_telno,u1_0.house_middle_telno,u1_0.ihidnum,u1_0.pstinst_code,u1_0.last_updusr_id,u1_0.last_updt_pnttm,u1_0.lock_at,u1_0.lock_cnt,u1_0.lock_last_pnttm,u1_0.mbtlnum,u1_0.ofcps_nm,u1_0.offm_telno,u1_0.orgnzt_id,u1_0.password,u1_0.password_cnsr,u1_0.password_hint,u1_0.chg_pwd_last_pnttm,u1_0.role,u1_0.sbscrb_de,u1_0.sexdstn_code,u1_0.crtfc_dn_value,u1_0.user_nm,u1_0.zip from nemplyrinfo u1_0 where u1_0.emplyr_id=?
2026-03-16 17:01:14 [http-nio-8080-exec-1] DEBUG o.s.orm.jpa.JpaTransactionManager - Found thread-bound EntityManager [SessionImpl(1176908502<open>)] for JPA transaction
2026-03-16 17:01:14 [http-nio-8080-exec-1] DEBUG o.s.orm.jpa.JpaTransactionManager - Participating in existing transaction
2026-03-16 17:01:14 [http-nio-8080-exec-1] DEBUG org.hibernate.SQL - select p1_0.progrm_file_nm,p1_0.progrm_dc,p1_0.progrm_korean_nm,p1_0.progrm_stre_path,p1_0.url from nprogrmlist p1_0
2026-03-16 17:01:14 [http-nio-8080-exec-16] DEBUG o.s.orm.jpa.JpaTransactionManager - Found thread-bound EntityManager [SessionImpl(445861745<open>)] for JPA transaction
2026-03-16 17:01:14 [http-nio-8080-exec-16] DEBUG o.s.orm.jpa.JpaTransactionManager - Participating in existing transaction
2026-03-16 17:01:14 [http-nio-8080-exec-16] DEBUG org.hibernate.SQL - select ua1_0.scrty_dtrmn_trget_id,ua1_0.author_code,ua1_0.frst_register_id,ua1_0.frst_regist_pnttm,ua1_0.last_updusr_id,ua1_0.last_updt_pnttm,ua1_0.mber_ty_code from nemplyrscrtyestbs ua1_0 where ua1_0.scrty_dtrmn_trget_id=?
2026-03-16 17:01:14 [http-nio-8080-exec-17] DEBUG o.s.orm.jpa.JpaTransactionManager - Found thread-bound EntityManager [SessionImpl(475837315<open>)] for JPA transaction
2026-03-16 17:01:14 [http-nio-8080-exec-17] DEBUG o.s.orm.jpa.JpaTransactionManager - Participating in existing transaction
2026-03-16 17:01:14 [http-nio-8080-exec-17] DEBUG org.hibernate.SQL - select ua1_0.scrty_dtrmn_trget_id,ua1_0.author_code,ua1_0.frst_register_id,ua1_0.frst_regist_pnttm,ua1_0.last_updusr_id,ua1_0.last_updt_pnttm,ua1_0.mber_ty_code from nemplyrscrtyestbs ua1_0 where ua1_0.scrty_dtrmn_trget_id=?
2026-03-16 17:01:14 [http-nio-8080-exec-1] DEBUG o.s.orm.jpa.JpaTransactionManager - Initiating transaction commit
2026-03-16 17:01:14 [http-nio-8080-exec-1] DEBUG o.s.orm.jpa.JpaTransactionManager - Committing JPA transaction on EntityManager [SessionImpl(1176908502<open>)]
2026-03-16 17:01:14 [http-nio-8080-exec-16] DEBUG o.s.orm.jpa.JpaTransactionManager - Initiating transaction commit
2026-03-16 17:01:14 [http-nio-8080-exec-16] DEBUG o.s.orm.jpa.JpaTransactionManager - Committing JPA transaction on EntityManager [SessionImpl(445861745<open>)]
2026-03-16 17:01:14 [http-nio-8080-exec-17] DEBUG o.s.orm.jpa.JpaTransactionManager - Initiating transaction commit
2026-03-16 17:01:14 [http-nio-8080-exec-17] DEBUG o.s.orm.jpa.JpaTransactionManager - Committing JPA transaction on EntityManager [SessionImpl(475837315<open>)]
2026-03-16 17:01:14 [http-nio-8080-exec-1] DEBUG o.s.orm.jpa.JpaTransactionManager - Closing JPA EntityManager [SessionImpl(1176908502<open>)] after transaction
2026-03-16 17:01:14 [http-nio-8080-exec-1] INFO  c.c.p.a.c.menu.MenuController - getLeftMenu returned 5 items
2026-03-16 17:01:14 [http-nio-8080-exec-1] DEBUG o.s.w.s.m.m.a.HttpEntityMethodProcessor - Using 'application/json', given [application/json, text/plain, */*] and supported [application/json, application/*+json, application/yaml]
2026-03-16 17:01:14 [http-nio-8080-exec-1] TRACE o.s.w.s.m.m.a.HttpEntityMethodProcessor - Writing [ApiResponse[success=true, status=200, code=COMMON_001, message=Success, data={list=[com.company.project.service.menu.dto.MenuDto@76475e48, com.company.project.service.menu.dto.MenuDto@7c7b80be, com.company.project.service.menu.dto.MenuDto@12e554aa, com.company.project.service.menu.dto.MenuDto@7d45cc65, com.company.project.service.menu.dto.MenuDto@31bc689b]}, timestamp=2026-03-16T17:01:14.935467900]]
2026-03-16 17:01:14 [http-nio-8080-exec-1] INFO  c.c.p.a.i.OperationalAuditInterceptor - API Audit Log: URL=/api/v1/menu/left, User=webmaster, IP=127.0.0.1
2026-03-16 17:01:14 [http-nio-8080-exec-1] DEBUG o.s.web.servlet.DispatcherServlet - Completed 200 OK
2026-03-16 17:01:14 [http-nio-8080-exec-5] DEBUG c.c.p.s.jwt.JwtAuthenticationFilter - >>> [JwtFilter] Processing request: GET /api/v1/menu/left
2026-03-16 17:01:14 [http-nio-8080-exec-5] DEBUG c.c.p.s.jwt.JwtAuthenticationFilter - >>> [JwtFilter] Found token in header for path: /api/v1/menu/left
2026-03-16 17:01:14 [http-nio-8080-exec-5] DEBUG o.s.orm.jpa.JpaTransactionManager - Creating new transaction with name [com.company.project.security.iam.CustomUserDetailsService.loadUserByUsername]: PROPAGATION_REQUIRED,ISOLATION_DEFAULT,readOnly
2026-03-16 17:01:14 [http-nio-8080-exec-5] DEBUG o.s.orm.jpa.JpaTransactionManager - Opened new EntityManager [SessionImpl(225546047<open>)] for JPA transaction
2026-03-16 17:01:14 [http-nio-8080-exec-16] DEBUG o.s.orm.jpa.JpaTransactionManager - Closing JPA EntityManager [SessionImpl(445861745<open>)] after transaction
2026-03-16 17:01:14 [http-nio-8080-exec-16] DEBUG c.c.p.s.jwt.JwtAuthenticationFilter - >>> [JwtFilter] Successfully authenticated user: USRCNFRM_99999999999, Authorities: [ROLE_ADMIN]
2026-03-16 17:01:14 [http-nio-8080-exec-16] DEBUG o.s.web.servlet.DispatcherServlet - GET "/api/v1/notifications", parameters={}
2026-03-16 17:01:14 [http-nio-8080-exec-16] TRACE o.s.w.s.m.m.a.RequestMappingHandlerMapping - Mapped to com.company.project.api.controller.notification.NotificationController#getMyNotifications(UserDetails)
2026-03-16 17:01:14 [http-nio-8080-exec-16] DEBUG o.s.orm.jpa.JpaTransactionManager - Creating new transaction with name [com.company.project.service.notification.NotificationService.getActiveNotifications]: PROPAGATION_REQUIRED,ISOLATION_DEFAULT,readOnly
2026-03-16 17:01:14 [http-nio-8080-exec-16] DEBUG o.s.orm.jpa.JpaTransactionManager - Opened new EntityManager [SessionImpl(2084636913<open>)] for JPA transaction
2026-03-16 17:01:14 [http-nio-8080-exec-16] DEBUG o.s.orm.jpa.JpaTransactionManager - Exposing JPA transaction as JDBC [org.springframework.orm.jpa.vendor.HibernateJpaDialect$HibernateConnectionHandle@7d0caa02]
2026-03-16 17:01:14 [http-nio-8080-exec-16] DEBUG o.s.orm.jpa.JpaTransactionManager - Found thread-bound EntityManager [SessionImpl(2084636913<open>)] for JPA transaction
2026-03-16 17:01:14 [http-nio-8080-exec-16] DEBUG o.s.orm.jpa.JpaTransactionManager - Participating in existing transaction
2026-03-16 17:01:14 [http-nio-8080-exec-16] DEBUG org.hibernate.SQL - select n1_0.ntcn_no,n1_0.frst_register_id,n1_0.frst_regist_pnttm,n1_0.is_read,n1_0.last_updusr_id,n1_0.last_updt_pnttm,n1_0.link_url,n1_0.ntcn_cn,n1_0.ntcn_sj,n1_0.receiver_id from n_user_notification n1_0
2026-03-16 17:01:14 [http-nio-8080-exec-17] DEBUG o.s.orm.jpa.JpaTransactionManager - Closing JPA EntityManager [SessionImpl(475837315<open>)] after transaction
2026-03-16 17:01:14 [http-nio-8080-exec-17] DEBUG c.c.p.s.jwt.JwtAuthenticationFilter - >>> [JwtFilter] Successfully authenticated user: USRCNFRM_99999999999, Authorities: [ROLE_ADMIN]
2026-03-16 17:01:14 [http-nio-8080-exec-17] DEBUG o.s.web.servlet.DispatcherServlet - GET "/api/v1/notifications/unread-count", parameters={}
2026-03-16 17:01:14 [http-nio-8080-exec-17] TRACE o.s.w.s.m.m.a.RequestMappingHandlerMapping - Mapped to com.company.project.api.controller.notification.NotificationController#getUnreadCount(UserDetails)
2026-03-16 17:01:14 [http-nio-8080-exec-17] DEBUG o.s.orm.jpa.JpaTransactionManager - Creating new transaction with name [com.company.project.service.notification.NotificationService.getUnreadCount]: PROPAGATION_REQUIRED,ISOLATION_DEFAULT,readOnly
2026-03-16 17:01:14 [http-nio-8080-exec-17] DEBUG o.s.orm.jpa.JpaTransactionManager - Opened new EntityManager [SessionImpl(901847382<open>)] for JPA transaction
2026-03-16 17:01:14 [http-nio-8080-exec-17] DEBUG o.s.orm.jpa.JpaTransactionManager - Exposing JPA transaction as JDBC [org.springframework.orm.jpa.vendor.HibernateJpaDialect$HibernateConnectionHandle@bf90e5e]
2026-03-16 17:01:14 [http-nio-8080-exec-17] DEBUG org.hibernate.SQL - select count(n1_0.ntcn_no) from n_user_notification n1_0 where n1_0.receiver_id=? and n1_0.is_read=?
2026-03-16 17:01:15 [http-nio-8080-exec-5] DEBUG o.s.orm.jpa.JpaTransactionManager - Exposing JPA transaction as JDBC [org.springframework.orm.jpa.vendor.HibernateJpaDialect$HibernateConnectionHandle@101efff4]
2026-03-16 17:01:15 [http-nio-8080-exec-5] DEBUG o.s.orm.jpa.JpaTransactionManager - Found thread-bound EntityManager [SessionImpl(225546047<open>)] for JPA transaction
2026-03-16 17:01:15 [http-nio-8080-exec-5] DEBUG o.s.orm.jpa.JpaTransactionManager - Participating in existing transaction
2026-03-16 17:01:15 [http-nio-8080-exec-5] DEBUG org.hibernate.SQL - select u1_0.emplyr_id,u1_0.area_no,u1_0.brthdy,u1_0.chg_pwd_cnt,u1_0.frst_register_id,u1_0.frst_regist_pnttm,u1_0.detail_adres,u1_0.email_adres,u1_0.emplyr_sttus_code,u1_0.empl_no,u1_0.esntl_id,u1_0.fxnum,u1_0.group_id,u1_0.house_adres,u1_0.house_end_telno,u1_0.house_middle_telno,u1_0.ihidnum,u1_0.pstinst_code,u1_0.last_updusr_id,u1_0.last_updt_pnttm,u1_0.lock_at,u1_0.lock_cnt,u1_0.lock_last_pnttm,u1_0.mbtlnum,u1_0.ofcps_nm,u1_0.offm_telno,u1_0.orgnzt_id,u1_0.password,u1_0.password_cnsr,u1_0.password_hint,u1_0.chg_pwd_last_pnttm,u1_0.role,u1_0.sbscrb_de,u1_0.sexdstn_code,u1_0.crtfc_dn_value,u1_0.user_nm,u1_0.zip from nemplyrinfo u1_0 where u1_0.emplyr_id=?
2026-03-16 17:01:15 [http-nio-8080-exec-16] DEBUG o.s.orm.jpa.JpaTransactionManager - Initiating transaction commit
2026-03-16 17:01:15 [http-nio-8080-exec-16] DEBUG o.s.orm.jpa.JpaTransactionManager - Committing JPA transaction on EntityManager [SessionImpl(2084636913<open>)]
2026-03-16 17:01:15 [http-nio-8080-exec-17] DEBUG o.s.orm.jpa.JpaTransactionManager - Initiating transaction commit
2026-03-16 17:01:15 [http-nio-8080-exec-17] DEBUG o.s.orm.jpa.JpaTransactionManager - Committing JPA transaction on EntityManager [SessionImpl(901847382<open>)]
2026-03-16 17:01:15 [http-nio-8080-exec-5] DEBUG o.s.orm.jpa.JpaTransactionManager - Found thread-bound EntityManager [SessionImpl(225546047<open>)] for JPA transaction
2026-03-16 17:01:15 [http-nio-8080-exec-5] DEBUG o.s.orm.jpa.JpaTransactionManager - Participating in existing transaction
2026-03-16 17:01:15 [http-nio-8080-exec-5] DEBUG org.hibernate.SQL - select ua1_0.scrty_dtrmn_trget_id,ua1_0.author_code,ua1_0.frst_register_id,ua1_0.frst_regist_pnttm,ua1_0.last_updusr_id,ua1_0.last_updt_pnttm,ua1_0.mber_ty_code from nemplyrscrtyestbs ua1_0 where ua1_0.scrty_dtrmn_trget_id=?
2026-03-16 17:01:15 [http-nio-8080-exec-16] DEBUG o.s.orm.jpa.JpaTransactionManager - Closing JPA EntityManager [SessionImpl(2084636913<open>)] after transaction
2026-03-16 17:01:15 [http-nio-8080-exec-16] DEBUG o.s.w.s.m.m.a.HttpEntityMethodProcessor - Using 'application/json', given [application/json, text/plain, */*] and supported [application/json, application/*+json, application/yaml]
2026-03-16 17:01:15 [http-nio-8080-exec-16] TRACE o.s.w.s.m.m.a.HttpEntityMethodProcessor - Writing [ApiResponse[success=true, status=200, code=COMMON_001, message=Success, data=[NotificationDto(ntfcNo=NT001, ntfcSj=테스트 알림입니다, ntfcCn=알림 내용입니다, ntfcDate=null, ntfcTime=2026-02-25T00:59:33.784070, bhNtfcIntrvl=null, uniqId=null, frstRegisterId=null, frstRegisterPnttm=2026-02-25T00:59:33.784070, lastUpdusrId=null, lastUpdusrPnttm=null)], timestamp=2026-03-16T17:01:15.272483700]]
2026-03-16 17:01:15 [http-nio-8080-exec-16] INFO  c.c.p.a.i.OperationalAuditInterceptor - API Audit Log: URL=/api/v1/notifications, User=webmaster, IP=127.0.0.1
2026-03-16 17:01:15 [http-nio-8080-exec-16] DEBUG o.s.web.servlet.DispatcherServlet - Completed 200 OK
2026-03-16 17:01:15 [http-nio-8080-exec-12] DEBUG c.c.p.s.jwt.JwtAuthenticationFilter - >>> [JwtFilter] Processing request: GET /api/v1/notifications
2026-03-16 17:01:15 [http-nio-8080-exec-12] DEBUG c.c.p.s.jwt.JwtAuthenticationFilter - >>> [JwtFilter] Found token in header for path: /api/v1/notifications
2026-03-16 17:01:15 [http-nio-8080-exec-12] DEBUG o.s.orm.jpa.JpaTransactionManager - Creating new transaction with name [com.company.project.security.iam.CustomUserDetailsService.loadUserByUsername]: PROPAGATION_REQUIRED,ISOLATION_DEFAULT,readOnly
2026-03-16 17:01:15 [http-nio-8080-exec-12] DEBUG o.s.orm.jpa.JpaTransactionManager - Opened new EntityManager [SessionImpl(1316765770<open>)] for JPA transaction
2026-03-16 17:01:15 [http-nio-8080-exec-17] DEBUG o.s.orm.jpa.JpaTransactionManager - Closing JPA EntityManager [SessionImpl(901847382<open>)] after transaction
2026-03-16 17:01:15 [http-nio-8080-exec-17] DEBUG o.s.w.s.m.m.a.HttpEntityMethodProcessor - Using 'application/json', given [application/json, text/plain, */*] and supported [application/json, application/*+json, application/yaml]
2026-03-16 17:01:15 [http-nio-8080-exec-17] TRACE o.s.w.s.m.m.a.HttpEntityMethodProcessor - Writing [ApiResponse[success=true, status=200, code=COMMON_001, message=Success, data=0, timestamp=2026-03-16T17:01:15.302998200]]
2026-03-16 17:01:15 [http-nio-8080-exec-17] INFO  c.c.p.a.i.OperationalAuditInterceptor - API Audit Log: URL=/api/v1/notifications/unread-count, User=webmaster, IP=127.0.0.1
2026-03-16 17:01:15 [http-nio-8080-exec-17] DEBUG o.s.web.servlet.DispatcherServlet - Completed 200 OK
2026-03-16 17:01:15 [http-nio-8080-exec-2] DEBUG c.c.p.s.jwt.JwtAuthenticationFilter - >>> [JwtFilter] Processing request: GET /api/v1/notifications/unread-count
2026-03-16 17:01:15 [http-nio-8080-exec-2] DEBUG c.c.p.s.jwt.JwtAuthenticationFilter - >>> [JwtFilter] Found token in header for path: /api/v1/notifications/unread-count
2026-03-16 17:01:15 [http-nio-8080-exec-2] DEBUG o.s.orm.jpa.JpaTransactionManager - Creating new transaction with name [com.company.project.security.iam.CustomUserDetailsService.loadUserByUsername]: PROPAGATION_REQUIRED,ISOLATION_DEFAULT,readOnly
2026-03-16 17:01:15 [http-nio-8080-exec-2] DEBUG o.s.orm.jpa.JpaTransactionManager - Opened new EntityManager [SessionImpl(349683280<open>)] for JPA transaction
2026-03-16 17:01:15 [http-nio-8080-exec-5] DEBUG o.s.orm.jpa.JpaTransactionManager - Initiating transaction commit
2026-03-16 17:01:15 [http-nio-8080-exec-5] DEBUG o.s.orm.jpa.JpaTransactionManager - Committing JPA transaction on EntityManager [SessionImpl(225546047<open>)]
2026-03-16 17:01:15 [http-nio-8080-exec-12] DEBUG o.s.orm.jpa.JpaTransactionManager - Exposing JPA transaction as JDBC [org.springframework.orm.jpa.vendor.HibernateJpaDialect$HibernateConnectionHandle@70df421f]
2026-03-16 17:01:15 [http-nio-8080-exec-12] DEBUG o.s.orm.jpa.JpaTransactionManager - Found thread-bound EntityManager [SessionImpl(1316765770<open>)] for JPA transaction
2026-03-16 17:01:15 [http-nio-8080-exec-12] DEBUG o.s.orm.jpa.JpaTransactionManager - Participating in existing transaction
2026-03-16 17:01:15 [http-nio-8080-exec-12] DEBUG org.hibernate.SQL - select u1_0.emplyr_id,u1_0.area_no,u1_0.brthdy,u1_0.chg_pwd_cnt,u1_0.frst_register_id,u1_0.frst_regist_pnttm,u1_0.detail_adres,u1_0.email_adres,u1_0.emplyr_sttus_code,u1_0.empl_no,u1_0.esntl_id,u1_0.fxnum,u1_0.group_id,u1_0.house_adres,u1_0.house_end_telno,u1_0.house_middle_telno,u1_0.ihidnum,u1_0.pstinst_code,u1_0.last_updusr_id,u1_0.last_updt_pnttm,u1_0.lock_at,u1_0.lock_cnt,u1_0.lock_last_pnttm,u1_0.mbtlnum,u1_0.ofcps_nm,u1_0.offm_telno,u1_0.orgnzt_id,u1_0.password,u1_0.password_cnsr,u1_0.password_hint,u1_0.chg_pwd_last_pnttm,u1_0.role,u1_0.sbscrb_de,u1_0.sexdstn_code,u1_0.crtfc_dn_value,u1_0.user_nm,u1_0.zip from nemplyrinfo u1_0 where u1_0.emplyr_id=?
2026-03-16 17:01:15 [http-nio-8080-exec-2] DEBUG o.s.orm.jpa.JpaTransactionManager - Exposing JPA transaction as JDBC [org.springframework.orm.jpa.vendor.HibernateJpaDialect$HibernateConnectionHandle@22ef153a]
2026-03-16 17:01:15 [http-nio-8080-exec-2] DEBUG o.s.orm.jpa.JpaTransactionManager - Found thread-bound EntityManager [SessionImpl(349683280<open>)] for JPA transaction
2026-03-16 17:01:15 [http-nio-8080-exec-2] DEBUG o.s.orm.jpa.JpaTransactionManager - Participating in existing transaction
2026-03-16 17:01:15 [http-nio-8080-exec-2] DEBUG org.hibernate.SQL - select u1_0.emplyr_id,u1_0.area_no,u1_0.brthdy,u1_0.chg_pwd_cnt,u1_0.frst_register_id,u1_0.frst_regist_pnttm,u1_0.detail_adres,u1_0.email_adres,u1_0.emplyr_sttus_code,u1_0.empl_no,u1_0.esntl_id,u1_0.fxnum,u1_0.group_id,u1_0.house_adres,u1_0.house_end_telno,u1_0.house_middle_telno,u1_0.ihidnum,u1_0.pstinst_code,u1_0.last_updusr_id,u1_0.last_updt_pnttm,u1_0.lock_at,u1_0.lock_cnt,u1_0.lock_last_pnttm,u1_0.mbtlnum,u1_0.ofcps_nm,u1_0.offm_telno,u1_0.orgnzt_id,u1_0.password,u1_0.password_cnsr,u1_0.password_hint,u1_0.chg_pwd_last_pnttm,u1_0.role,u1_0.sbscrb_de,u1_0.sexdstn_code,u1_0.crtfc_dn_value,u1_0.user_nm,u1_0.zip from nemplyrinfo u1_0 where u1_0.emplyr_id=?
2026-03-16 17:01:15 [http-nio-8080-exec-5] DEBUG o.s.orm.jpa.JpaTransactionManager - Closing JPA EntityManager [SessionImpl(225546047<open>)] after transaction
2026-03-16 17:01:15 [http-nio-8080-exec-5] DEBUG c.c.p.s.jwt.JwtAuthenticationFilter - >>> [JwtFilter] Successfully authenticated user: USRCNFRM_99999999999, Authorities: [ROLE_ADMIN]
2026-03-16 17:01:15 [http-nio-8080-exec-5] DEBUG o.s.web.servlet.DispatcherServlet - GET "/api/v1/menu/left?menuNo=20", parameters={masked}
2026-03-16 17:01:15 [http-nio-8080-exec-5] TRACE o.s.w.s.m.m.a.RequestMappingHandlerMapping - Mapped to com.company.project.api.controller.menu.MenuController#getLeftMenu(Long)
2026-03-16 17:01:15 [http-nio-8080-exec-5] INFO  c.c.p.a.c.menu.MenuController - getLeftMenu called with menuNo=20
2026-03-16 17:01:15 [http-nio-8080-exec-5] DEBUG o.s.orm.jpa.JpaTransactionManager - Creating new transaction with name [com.company.project.service.menu.MenuService.getSubMenus]: PROPAGATION_REQUIRED,ISOLATION_DEFAULT,readOnly
2026-03-16 17:01:15 [http-nio-8080-exec-5] DEBUG o.s.orm.jpa.JpaTransactionManager - Opened new EntityManager [SessionImpl(307296468<open>)] for JPA transaction
2026-03-16 17:01:15 [http-nio-8080-exec-5] DEBUG o.s.orm.jpa.JpaTransactionManager - Exposing JPA transaction as JDBC [org.springframework.orm.jpa.vendor.HibernateJpaDialect$HibernateConnectionHandle@7c171126]
2026-03-16 17:01:15 [http-nio-8080-exec-5] DEBUG org.hibernate.SQL - select m1_0.menu_no,m1_0.menu_dc,m1_0.menu_nm,m1_0.menu_ordr,m1_0.modern_route,m1_0.progrm_file_nm,m1_0.relate_image_nm,m1_0.relate_image_path,m1_0.route_updated_at,m1_0.upper_menu_no from nmenuinfo m1_0 order by m1_0.upper_menu_no,m1_0.menu_ordr
2026-03-16 17:01:15 [http-nio-8080-exec-12] DEBUG o.s.orm.jpa.JpaTransactionManager - Found thread-bound EntityManager [SessionImpl(1316765770<open>)] for JPA transaction
2026-03-16 17:01:15 [http-nio-8080-exec-12] DEBUG o.s.orm.jpa.JpaTransactionManager - Participating in existing transaction
2026-03-16 17:01:15 [http-nio-8080-exec-12] DEBUG org.hibernate.SQL - select ua1_0.scrty_dtrmn_trget_id,ua1_0.author_code,ua1_0.frst_register_id,ua1_0.frst_regist_pnttm,ua1_0.last_updusr_id,ua1_0.last_updt_pnttm,ua1_0.mber_ty_code from nemplyrscrtyestbs ua1_0 where ua1_0.scrty_dtrmn_trget_id=?
2026-03-16 17:01:15 [http-nio-8080-exec-2] DEBUG o.s.orm.jpa.JpaTransactionManager - Found thread-bound EntityManager [SessionImpl(349683280<open>)] for JPA transaction
2026-03-16 17:01:15 [http-nio-8080-exec-2] DEBUG o.s.orm.jpa.JpaTransactionManager - Participating in existing transaction
2026-03-16 17:01:15 [http-nio-8080-exec-2] DEBUG org.hibernate.SQL - select ua1_0.scrty_dtrmn_trget_id,ua1_0.author_code,ua1_0.frst_register_id,ua1_0.frst_regist_pnttm,ua1_0.last_updusr_id,ua1_0.last_updt_pnttm,ua1_0.mber_ty_code from nemplyrscrtyestbs ua1_0 where ua1_0.scrty_dtrmn_trget_id=?
2026-03-16 17:01:15 [http-nio-8080-exec-12] DEBUG o.s.orm.jpa.JpaTransactionManager - Initiating transaction commit
2026-03-16 17:01:15 [http-nio-8080-exec-12] DEBUG o.s.orm.jpa.JpaTransactionManager - Committing JPA transaction on EntityManager [SessionImpl(1316765770<open>)]
2026-03-16 17:01:15 [http-nio-8080-exec-2] DEBUG o.s.orm.jpa.JpaTransactionManager - Initiating transaction commit
2026-03-16 17:01:15 [http-nio-8080-exec-2] DEBUG o.s.orm.jpa.JpaTransactionManager - Committing JPA transaction on EntityManager [SessionImpl(349683280<open>)]
2026-03-16 17:01:15 [http-nio-8080-exec-5] DEBUG o.s.orm.jpa.JpaTransactionManager - Found thread-bound EntityManager [SessionImpl(307296468<open>)] for JPA transaction
2026-03-16 17:01:15 [http-nio-8080-exec-5] DEBUG o.s.orm.jpa.JpaTransactionManager - Participating in existing transaction
2026-03-16 17:01:15 [http-nio-8080-exec-5] DEBUG org.hibernate.SQL - select p1_0.progrm_file_nm,p1_0.progrm_dc,p1_0.progrm_korean_nm,p1_0.progrm_stre_path,p1_0.url from nprogrmlist p1_0
2026-03-16 17:01:15 [http-nio-8080-exec-12] DEBUG o.s.orm.jpa.JpaTransactionManager - Closing JPA EntityManager [SessionImpl(1316765770<open>)] after transaction
2026-03-16 17:01:15 [http-nio-8080-exec-12] DEBUG c.c.p.s.jwt.JwtAuthenticationFilter - >>> [JwtFilter] Successfully authenticated user: USRCNFRM_99999999999, Authorities: [ROLE_ADMIN]
2026-03-16 17:01:15 [http-nio-8080-exec-12] DEBUG o.s.web.servlet.DispatcherServlet - GET "/api/v1/notifications", parameters={}
2026-03-16 17:01:15 [http-nio-8080-exec-12] TRACE o.s.w.s.m.m.a.RequestMappingHandlerMapping - Mapped to com.company.project.api.controller.notification.NotificationController#getMyNotifications(UserDetails)
2026-03-16 17:01:15 [http-nio-8080-exec-12] DEBUG o.s.orm.jpa.JpaTransactionManager - Creating new transaction with name [com.company.project.service.notification.NotificationService.getActiveNotifications]: PROPAGATION_REQUIRED,ISOLATION_DEFAULT,readOnly
2026-03-16 17:01:15 [http-nio-8080-exec-12] DEBUG o.s.orm.jpa.JpaTransactionManager - Opened new EntityManager [SessionImpl(431833477<open>)] for JPA transaction
2026-03-16 17:01:15 [http-nio-8080-exec-12] DEBUG o.s.orm.jpa.JpaTransactionManager - Exposing JPA transaction as JDBC [org.springframework.orm.jpa.vendor.HibernateJpaDialect$HibernateConnectionHandle@59459803]
2026-03-16 17:01:15 [http-nio-8080-exec-12] DEBUG o.s.orm.jpa.JpaTransactionManager - Found thread-bound EntityManager [SessionImpl(431833477<open>)] for JPA transaction
2026-03-16 17:01:15 [http-nio-8080-exec-12] DEBUG o.s.orm.jpa.JpaTransactionManager - Participating in existing transaction
2026-03-16 17:01:15 [http-nio-8080-exec-12] DEBUG org.hibernate.SQL - select n1_0.ntcn_no,n1_0.frst_register_id,n1_0.frst_regist_pnttm,n1_0.is_read,n1_0.last_updusr_id,n1_0.last_updt_pnttm,n1_0.link_url,n1_0.ntcn_cn,n1_0.ntcn_sj,n1_0.receiver_id from n_user_notification n1_0
2026-03-16 17:01:15 [http-nio-8080-exec-2] DEBUG o.s.orm.jpa.JpaTransactionManager - Closing JPA EntityManager [SessionImpl(349683280<open>)] after transaction
2026-03-16 17:01:15 [http-nio-8080-exec-2] DEBUG c.c.p.s.jwt.JwtAuthenticationFilter - >>> [JwtFilter] Successfully authenticated user: USRCNFRM_99999999999, Authorities: [ROLE_ADMIN]
2026-03-16 17:01:15 [http-nio-8080-exec-2] DEBUG o.s.web.servlet.DispatcherServlet - GET "/api/v1/notifications/unread-count", parameters={}
2026-03-16 17:01:15 [http-nio-8080-exec-2] TRACE o.s.w.s.m.m.a.RequestMappingHandlerMapping - Mapped to com.company.project.api.controller.notification.NotificationController#getUnreadCount(UserDetails)
2026-03-16 17:01:15 [http-nio-8080-exec-2] DEBUG o.s.orm.jpa.JpaTransactionManager - Creating new transaction with name [com.company.project.service.notification.NotificationService.getUnreadCount]: PROPAGATION_REQUIRED,ISOLATION_DEFAULT,readOnly
2026-03-16 17:01:15 [http-nio-8080-exec-2] DEBUG o.s.orm.jpa.JpaTransactionManager - Opened new EntityManager [SessionImpl(1306996831<open>)] for JPA transaction
2026-03-16 17:01:15 [http-nio-8080-exec-2] DEBUG o.s.orm.jpa.JpaTransactionManager - Exposing JPA transaction as JDBC [org.springframework.orm.jpa.vendor.HibernateJpaDialect$HibernateConnectionHandle@430f50b]
2026-03-16 17:01:15 [http-nio-8080-exec-2] DEBUG org.hibernate.SQL - select count(n1_0.ntcn_no) from n_user_notification n1_0 where n1_0.receiver_id=? and n1_0.is_read=?
2026-03-16 17:01:16 [http-nio-8080-exec-12] DEBUG o.s.orm.jpa.JpaTransactionManager - Initiating transaction commit
2026-03-16 17:01:16 [http-nio-8080-exec-12] DEBUG o.s.orm.jpa.JpaTransactionManager - Committing JPA transaction on EntityManager [SessionImpl(431833477<open>)]
2026-03-16 17:01:16 [http-nio-8080-exec-5] DEBUG o.s.orm.jpa.JpaTransactionManager - Initiating transaction commit
2026-03-16 17:01:16 [http-nio-8080-exec-5] DEBUG o.s.orm.jpa.JpaTransactionManager - Committing JPA transaction on EntityManager [SessionImpl(307296468<open>)]
2026-03-16 17:01:16 [http-nio-8080-exec-2] DEBUG o.s.orm.jpa.JpaTransactionManager - Initiating transaction commit
2026-03-16 17:01:16 [http-nio-8080-exec-2] DEBUG o.s.orm.jpa.JpaTransactionManager - Committing JPA transaction on EntityManager [SessionImpl(1306996831<open>)]
2026-03-16 17:01:16 [http-nio-8080-exec-5] DEBUG o.s.orm.jpa.JpaTransactionManager - Closing JPA EntityManager [SessionImpl(307296468<open>)] after transaction
2026-03-16 17:01:16 [http-nio-8080-exec-12] DEBUG o.s.orm.jpa.JpaTransactionManager - Closing JPA EntityManager [SessionImpl(431833477<open>)] after transaction
2026-03-16 17:01:16 [http-nio-8080-exec-5] INFO  c.c.p.a.c.menu.MenuController - getLeftMenu returned 3 items
2026-03-16 17:01:16 [http-nio-8080-exec-5] DEBUG o.s.w.s.m.m.a.HttpEntityMethodProcessor - Using 'application/json', given [application/json, text/plain, */*] and supported [application/json, application/*+json, application/yaml]
2026-03-16 17:01:16 [http-nio-8080-exec-12] DEBUG o.s.w.s.m.m.a.HttpEntityMethodProcessor - Using 'application/json', given [application/json, text/plain, */*] and supported [application/json, application/*+json, application/yaml]
2026-03-16 17:01:16 [http-nio-8080-exec-5] TRACE o.s.w.s.m.m.a.HttpEntityMethodProcessor - Writing [ApiResponse[success=true, status=200, code=COMMON_001, message=Success, data={list=[com.company.project.service.menu.dto.MenuDto@68fb22d9, com.company.project.service.menu.dto.MenuDto@3f1f0fea, com.company.project.service.menu.dto.MenuDto@29a6b55c]}, timestamp=2026-03-16T17:01:16.220628200]]
2026-03-16 17:01:16 [http-nio-8080-exec-12] TRACE o.s.w.s.m.m.a.HttpEntityMethodProcessor - Writing [ApiResponse[success=true, status=200, code=COMMON_001, message=Success, data=[NotificationDto(ntfcNo=NT001, ntfcSj=테스트 알림입니다, ntfcCn=알림 내용입니다, ntfcDate=null, ntfcTime=2026-02-25T00:59:33.784070, bhNtfcIntrvl=null, uniqId=null, frstRegisterId=null, frstRegisterPnttm=2026-02-25T00:59:33.784070, lastUpdusrId=null, lastUpdusrPnttm=null)], timestamp=2026-03-16T17:01:16.220628200]]
2026-03-16 17:01:16 [http-nio-8080-exec-5] INFO  c.c.p.a.i.OperationalAuditInterceptor - API Audit Log: URL=/api/v1/menu/left, User=webmaster, IP=127.0.0.1
2026-03-16 17:01:16 [http-nio-8080-exec-12] INFO  c.c.p.a.i.OperationalAuditInterceptor - API Audit Log: URL=/api/v1/notifications, User=webmaster, IP=127.0.0.1
2026-03-16 17:01:16 [http-nio-8080-exec-5] DEBUG o.s.web.servlet.DispatcherServlet - Completed 200 OK
2026-03-16 17:01:16 [http-nio-8080-exec-12] DEBUG o.s.web.servlet.DispatcherServlet - Completed 200 OK
2026-03-16 17:01:16 [http-nio-8080-exec-3] DEBUG c.c.p.s.jwt.JwtAuthenticationFilter - >>> [JwtFilter] Processing request: GET /api/v1/menu/left
2026-03-16 17:01:16 [http-nio-8080-exec-3] DEBUG c.c.p.s.jwt.JwtAuthenticationFilter - >>> [JwtFilter] Found token in header for path: /api/v1/menu/left
2026-03-16 17:01:16 [http-nio-8080-exec-3] DEBUG o.s.orm.jpa.JpaTransactionManager - Creating new transaction with name [com.company.project.security.iam.CustomUserDetailsService.loadUserByUsername]: PROPAGATION_REQUIRED,ISOLATION_DEFAULT,readOnly
2026-03-16 17:01:16 [http-nio-8080-exec-3] DEBUG o.s.orm.jpa.JpaTransactionManager - Opened new EntityManager [SessionImpl(915092633<open>)] for JPA transaction
2026-03-16 17:01:16 [http-nio-8080-exec-2] DEBUG o.s.orm.jpa.JpaTransactionManager - Closing JPA EntityManager [SessionImpl(1306996831<open>)] after transaction
2026-03-16 17:01:16 [http-nio-8080-exec-2] DEBUG o.s.w.s.m.m.a.HttpEntityMethodProcessor - Using 'application/json', given [application/json, text/plain, */*] and supported [application/json, application/*+json, application/yaml]
2026-03-16 17:01:16 [http-nio-8080-exec-2] TRACE o.s.w.s.m.m.a.HttpEntityMethodProcessor - Writing [ApiResponse[success=true, status=200, code=COMMON_001, message=Success, data=0, timestamp=2026-03-16T17:01:16.243718300]]
2026-03-16 17:01:16 [http-nio-8080-exec-2] INFO  c.c.p.a.i.OperationalAuditInterceptor - API Audit Log: URL=/api/v1/notifications/unread-count, User=webmaster, IP=127.0.0.1
2026-03-16 17:01:16 [http-nio-8080-exec-2] DEBUG o.s.web.servlet.DispatcherServlet - Completed 200 OK
2026-03-16 17:01:16 [http-nio-8080-exec-3] DEBUG o.s.orm.jpa.JpaTransactionManager - Exposing JPA transaction as JDBC [org.springframework.orm.jpa.vendor.HibernateJpaDialect$HibernateConnectionHandle@3e662b33]
2026-03-16 17:01:16 [http-nio-8080-exec-3] DEBUG o.s.orm.jpa.JpaTransactionManager - Found thread-bound EntityManager [SessionImpl(915092633<open>)] for JPA transaction
2026-03-16 17:01:16 [http-nio-8080-exec-3] DEBUG o.s.orm.jpa.JpaTransactionManager - Participating in existing transaction
2026-03-16 17:01:16 [http-nio-8080-exec-3] DEBUG org.hibernate.SQL - select u1_0.emplyr_id,u1_0.area_no,u1_0.brthdy,u1_0.chg_pwd_cnt,u1_0.frst_register_id,u1_0.frst_regist_pnttm,u1_0.detail_adres,u1_0.email_adres,u1_0.emplyr_sttus_code,u1_0.empl_no,u1_0.esntl_id,u1_0.fxnum,u1_0.group_id,u1_0.house_adres,u1_0.house_end_telno,u1_0.house_middle_telno,u1_0.ihidnum,u1_0.pstinst_code,u1_0.last_updusr_id,u1_0.last_updt_pnttm,u1_0.lock_at,u1_0.lock_cnt,u1_0.lock_last_pnttm,u1_0.mbtlnum,u1_0.ofcps_nm,u1_0.offm_telno,u1_0.orgnzt_id,u1_0.password,u1_0.password_cnsr,u1_0.password_hint,u1_0.chg_pwd_last_pnttm,u1_0.role,u1_0.sbscrb_de,u1_0.sexdstn_code,u1_0.crtfc_dn_value,u1_0.user_nm,u1_0.zip from nemplyrinfo u1_0 where u1_0.emplyr_id=?
2026-03-16 17:01:16 [http-nio-8080-exec-3] DEBUG o.s.orm.jpa.JpaTransactionManager - Found thread-bound EntityManager [SessionImpl(915092633<open>)] for JPA transaction
2026-03-16 17:01:16 [http-nio-8080-exec-3] DEBUG o.s.orm.jpa.JpaTransactionManager - Participating in existing transaction
2026-03-16 17:01:16 [http-nio-8080-exec-3] DEBUG org.hibernate.SQL - select ua1_0.scrty_dtrmn_trget_id,ua1_0.author_code,ua1_0.frst_register_id,ua1_0.frst_regist_pnttm,ua1_0.last_updusr_id,ua1_0.last_updt_pnttm,ua1_0.mber_ty_code from nemplyrscrtyestbs ua1_0 where ua1_0.scrty_dtrmn_trget_id=?
2026-03-16 17:01:16 [http-nio-8080-exec-3] DEBUG o.s.orm.jpa.JpaTransactionManager - Initiating transaction commit
2026-03-16 17:01:16 [http-nio-8080-exec-3] DEBUG o.s.orm.jpa.JpaTransactionManager - Committing JPA transaction on EntityManager [SessionImpl(915092633<open>)]
2026-03-16 17:01:16 [http-nio-8080-exec-3] DEBUG o.s.orm.jpa.JpaTransactionManager - Closing JPA EntityManager [SessionImpl(915092633<open>)] after transaction
2026-03-16 17:01:16 [http-nio-8080-exec-3] DEBUG c.c.p.s.jwt.JwtAuthenticationFilter - >>> [JwtFilter] Successfully authenticated user: USRCNFRM_99999999999, Authorities: [ROLE_ADMIN]
2026-03-16 17:01:16 [http-nio-8080-exec-3] DEBUG o.s.web.servlet.DispatcherServlet - GET "/api/v1/menu/left?menuNo=40", parameters={masked}
2026-03-16 17:01:16 [http-nio-8080-exec-3] TRACE o.s.w.s.m.m.a.RequestMappingHandlerMapping - Mapped to com.company.project.api.controller.menu.MenuController#getLeftMenu(Long)
2026-03-16 17:01:16 [http-nio-8080-exec-3] INFO  c.c.p.a.c.menu.MenuController - getLeftMenu called with menuNo=40
2026-03-16 17:01:16 [http-nio-8080-exec-3] DEBUG o.s.orm.jpa.JpaTransactionManager - Creating new transaction with name [com.company.project.service.menu.MenuService.getSubMenus]: PROPAGATION_REQUIRED,ISOLATION_DEFAULT,readOnly
2026-03-16 17:01:16 [http-nio-8080-exec-3] DEBUG o.s.orm.jpa.JpaTransactionManager - Opened new EntityManager [SessionImpl(1896897109<open>)] for JPA transaction
2026-03-16 17:01:16 [http-nio-8080-exec-3] DEBUG o.s.orm.jpa.JpaTransactionManager - Exposing JPA transaction as JDBC [org.springframework.orm.jpa.vendor.HibernateJpaDialect$HibernateConnectionHandle@2991b4cc]
2026-03-16 17:01:16 [http-nio-8080-exec-3] DEBUG org.hibernate.SQL - select m1_0.menu_no,m1_0.menu_dc,m1_0.menu_nm,m1_0.menu_ordr,m1_0.modern_route,m1_0.progrm_file_nm,m1_0.relate_image_nm,m1_0.relate_image_path,m1_0.route_updated_at,m1_0.upper_menu_no from nmenuinfo m1_0 order by m1_0.upper_menu_no,m1_0.menu_ordr
2026-03-16 17:01:17 [http-nio-8080-exec-3] DEBUG o.s.orm.jpa.JpaTransactionManager - Found thread-bound EntityManager [SessionImpl(1896897109<open>)] for JPA transaction
2026-03-16 17:01:17 [http-nio-8080-exec-3] DEBUG o.s.orm.jpa.JpaTransactionManager - Participating in existing transaction
2026-03-16 17:01:17 [http-nio-8080-exec-3] DEBUG org.hibernate.SQL - select p1_0.progrm_file_nm,p1_0.progrm_dc,p1_0.progrm_korean_nm,p1_0.progrm_stre_path,p1_0.url from nprogrmlist p1_0
2026-03-16 17:01:17 [http-nio-8080-exec-3] DEBUG o.s.orm.jpa.JpaTransactionManager - Initiating transaction commit
2026-03-16 17:01:17 [http-nio-8080-exec-3] DEBUG o.s.orm.jpa.JpaTransactionManager - Committing JPA transaction on EntityManager [SessionImpl(1896897109<open>)]
2026-03-16 17:01:17 [http-nio-8080-exec-3] DEBUG o.s.orm.jpa.JpaTransactionManager - Closing JPA EntityManager [SessionImpl(1896897109<open>)] after transaction
2026-03-16 17:01:17 [http-nio-8080-exec-3] INFO  c.c.p.a.c.menu.MenuController - getLeftMenu returned 2 items
2026-03-16 17:01:17 [http-nio-8080-exec-3] DEBUG o.s.w.s.m.m.a.HttpEntityMethodProcessor - Using 'application/json', given [application/json, text/plain, */*] and supported [application/json, application/*+json, application/yaml]
2026-03-16 17:01:17 [http-nio-8080-exec-3] TRACE o.s.w.s.m.m.a.HttpEntityMethodProcessor - Writing [ApiResponse[success=true, status=200, code=COMMON_001, message=Success, data={list=[com.company.project.service.menu.dto.MenuDto@537ee100, com.company.project.service.menu.dto.MenuDto@3a8d3c7f]}, timestamp=2026-03-16T17:01:17.484816]]
2026-03-16 17:01:17 [http-nio-8080-exec-3] INFO  c.c.p.a.i.OperationalAuditInterceptor - API Audit Log: URL=/api/v1/menu/left, User=webmaster, IP=127.0.0.1
2026-03-16 17:01:17 [http-nio-8080-exec-3] DEBUG o.s.web.servlet.DispatcherServlet - Completed 200 OK
2026-03-16 17:01:17 [http-nio-8080-exec-8] DEBUG c.c.p.s.jwt.JwtAuthenticationFilter - >>> [JwtFilter] Processing request: GET /api/v1/menu/left
2026-03-16 17:01:17 [http-nio-8080-exec-8] DEBUG c.c.p.s.jwt.JwtAuthenticationFilter - >>> [JwtFilter] Found token in header for path: /api/v1/menu/left
2026-03-16 17:01:17 [http-nio-8080-exec-8] DEBUG o.s.orm.jpa.JpaTransactionManager - Creating new transaction with name [com.company.project.security.iam.CustomUserDetailsService.loadUserByUsername]: PROPAGATION_REQUIRED,ISOLATION_DEFAULT,readOnly
2026-03-16 17:01:17 [http-nio-8080-exec-8] DEBUG o.s.orm.jpa.JpaTransactionManager - Opened new EntityManager [SessionImpl(1020674952<open>)] for JPA transaction
2026-03-16 17:01:17 [http-nio-8080-exec-8] DEBUG o.s.orm.jpa.JpaTransactionManager - Exposing JPA transaction as JDBC [org.springframework.orm.jpa.vendor.HibernateJpaDialect$HibernateConnectionHandle@2e25647e]
2026-03-16 17:01:17 [http-nio-8080-exec-8] DEBUG o.s.orm.jpa.JpaTransactionManager - Found thread-bound EntityManager [SessionImpl(1020674952<open>)] for JPA transaction
2026-03-16 17:01:17 [http-nio-8080-exec-8] DEBUG o.s.orm.jpa.JpaTransactionManager - Participating in existing transaction
2026-03-16 17:01:17 [http-nio-8080-exec-8] DEBUG org.hibernate.SQL - select u1_0.emplyr_id,u1_0.area_no,u1_0.brthdy,u1_0.chg_pwd_cnt,u1_0.frst_register_id,u1_0.frst_regist_pnttm,u1_0.detail_adres,u1_0.email_adres,u1_0.emplyr_sttus_code,u1_0.empl_no,u1_0.esntl_id,u1_0.fxnum,u1_0.group_id,u1_0.house_adres,u1_0.house_end_telno,u1_0.house_middle_telno,u1_0.ihidnum,u1_0.pstinst_code,u1_0.last_updusr_id,u1_0.last_updt_pnttm,u1_0.lock_at,u1_0.lock_cnt,u1_0.lock_last_pnttm,u1_0.mbtlnum,u1_0.ofcps_nm,u1_0.offm_telno,u1_0.orgnzt_id,u1_0.password,u1_0.password_cnsr,u1_0.password_hint,u1_0.chg_pwd_last_pnttm,u1_0.role,u1_0.sbscrb_de,u1_0.sexdstn_code,u1_0.crtfc_dn_value,u1_0.user_nm,u1_0.zip from nemplyrinfo u1_0 where u1_0.emplyr_id=?
2026-03-16 17:01:17 [http-nio-8080-exec-8] DEBUG o.s.orm.jpa.JpaTransactionManager - Found thread-bound EntityManager [SessionImpl(1020674952<open>)] for JPA transaction
2026-03-16 17:01:17 [http-nio-8080-exec-8] DEBUG o.s.orm.jpa.JpaTransactionManager - Participating in existing transaction
2026-03-16 17:01:17 [http-nio-8080-exec-8] DEBUG org.hibernate.SQL - select ua1_0.scrty_dtrmn_trget_id,ua1_0.author_code,ua1_0.frst_register_id,ua1_0.frst_regist_pnttm,ua1_0.last_updusr_id,ua1_0.last_updt_pnttm,ua1_0.mber_ty_code from nemplyrscrtyestbs ua1_0 where ua1_0.scrty_dtrmn_trget_id=?
2026-03-16 17:01:17 [http-nio-8080-exec-8] DEBUG o.s.orm.jpa.JpaTransactionManager - Initiating transaction commit
2026-03-16 17:01:17 [http-nio-8080-exec-8] DEBUG o.s.orm.jpa.JpaTransactionManager - Committing JPA transaction on EntityManager [SessionImpl(1020674952<open>)]
2026-03-16 17:01:18 [http-nio-8080-exec-8] DEBUG o.s.orm.jpa.JpaTransactionManager - Closing JPA EntityManager [SessionImpl(1020674952<open>)] after transaction
2026-03-16 17:01:18 [http-nio-8080-exec-8] DEBUG c.c.p.s.jwt.JwtAuthenticationFilter - >>> [JwtFilter] Successfully authenticated user: USRCNFRM_99999999999, Authorities: [ROLE_ADMIN]
2026-03-16 17:01:18 [http-nio-8080-exec-8] DEBUG o.s.web.servlet.DispatcherServlet - GET "/api/v1/menu/left?menuNo=50", parameters={masked}
2026-03-16 17:01:18 [http-nio-8080-exec-8] TRACE o.s.w.s.m.m.a.RequestMappingHandlerMapping - Mapped to com.company.project.api.controller.menu.MenuController#getLeftMenu(Long)
2026-03-16 17:01:18 [http-nio-8080-exec-8] INFO  c.c.p.a.c.menu.MenuController - getLeftMenu called with menuNo=50
2026-03-16 17:01:18 [http-nio-8080-exec-8] DEBUG o.s.orm.jpa.JpaTransactionManager - Creating new transaction with name [com.company.project.service.menu.MenuService.getSubMenus]: PROPAGATION_REQUIRED,ISOLATION_DEFAULT,readOnly
2026-03-16 17:01:18 [http-nio-8080-exec-8] DEBUG o.s.orm.jpa.JpaTransactionManager - Opened new EntityManager [SessionImpl(877405573<open>)] for JPA transaction
2026-03-16 17:01:18 [http-nio-8080-exec-8] DEBUG o.s.orm.jpa.JpaTransactionManager - Exposing JPA transaction as JDBC [org.springframework.orm.jpa.vendor.HibernateJpaDialect$HibernateConnectionHandle@2e261c77]
2026-03-16 17:01:18 [http-nio-8080-exec-8] DEBUG org.hibernate.SQL - select m1_0.menu_no,m1_0.menu_dc,m1_0.menu_nm,m1_0.menu_ordr,m1_0.modern_route,m1_0.progrm_file_nm,m1_0.relate_image_nm,m1_0.relate_image_path,m1_0.route_updated_at,m1_0.upper_menu_no from nmenuinfo m1_0 order by m1_0.upper_menu_no,m1_0.menu_ordr
2026-03-16 17:01:18 [http-nio-8080-exec-8] DEBUG o.s.orm.jpa.JpaTransactionManager - Found thread-bound EntityManager [SessionImpl(877405573<open>)] for JPA transaction
2026-03-16 17:01:18 [http-nio-8080-exec-8] DEBUG o.s.orm.jpa.JpaTransactionManager - Participating in existing transaction
2026-03-16 17:01:18 [http-nio-8080-exec-8] DEBUG org.hibernate.SQL - select p1_0.progrm_file_nm,p1_0.progrm_dc,p1_0.progrm_korean_nm,p1_0.progrm_stre_path,p1_0.url from nprogrmlist p1_0
2026-03-16 17:01:18 [http-nio-8080-exec-8] DEBUG o.s.orm.jpa.JpaTransactionManager - Initiating transaction commit
2026-03-16 17:01:18 [http-nio-8080-exec-8] DEBUG o.s.orm.jpa.JpaTransactionManager - Committing JPA transaction on EntityManager [SessionImpl(877405573<open>)]
2026-03-16 17:01:18 [http-nio-8080-exec-8] DEBUG o.s.orm.jpa.JpaTransactionManager - Closing JPA EntityManager [SessionImpl(877405573<open>)] after transaction
2026-03-16 17:01:18 [http-nio-8080-exec-8] INFO  c.c.p.a.c.menu.MenuController - getLeftMenu returned 3 items
2026-03-16 17:01:18 [http-nio-8080-exec-8] DEBUG o.s.w.s.m.m.a.HttpEntityMethodProcessor - Using 'application/json', given [application/json, text/plain, */*] and supported [application/json, application/*+json, application/yaml]
2026-03-16 17:01:18 [http-nio-8080-exec-8] TRACE o.s.w.s.m.m.a.HttpEntityMethodProcessor - Writing [ApiResponse[success=true, status=200, code=COMMON_001, message=Success, data={list=[com.company.project.service.menu.dto.MenuDto@1ac9c412, com.company.project.service.menu.dto.MenuDto@40e2302f, com.company.project.service.menu.dto.MenuDto@3650a92c]}, timestamp=2026-03-16T17:01:18.699489600]]
2026-03-16 17:01:18 [http-nio-8080-exec-8] INFO  c.c.p.a.i.OperationalAuditInterceptor - API Audit Log: URL=/api/v1/menu/left, User=webmaster, IP=127.0.0.1
2026-03-16 17:01:18 [http-nio-8080-exec-8] DEBUG o.s.web.servlet.DispatcherServlet - Completed 200 OK
2026-03-16 17:01:18 [http-nio-8080-exec-4] DEBUG c.c.p.s.jwt.JwtAuthenticationFilter - >>> [JwtFilter] Processing request: GET /api/v1/menu/left
2026-03-16 17:01:18 [http-nio-8080-exec-4] DEBUG c.c.p.s.jwt.JwtAuthenticationFilter - >>> [JwtFilter] Found token in header for path: /api/v1/menu/left
2026-03-16 17:01:18 [http-nio-8080-exec-4] DEBUG o.s.orm.jpa.JpaTransactionManager - Creating new transaction with name [com.company.project.security.iam.CustomUserDetailsService.loadUserByUsername]: PROPAGATION_REQUIRED,ISOLATION_DEFAULT,readOnly
2026-03-16 17:01:18 [http-nio-8080-exec-4] DEBUG o.s.orm.jpa.JpaTransactionManager - Opened new EntityManager [SessionImpl(1183395120<open>)] for JPA transaction
2026-03-16 17:01:18 [http-nio-8080-exec-4] DEBUG o.s.orm.jpa.JpaTransactionManager - Exposing JPA transaction as JDBC [org.springframework.orm.jpa.vendor.HibernateJpaDialect$HibernateConnectionHandle@2e2c426f]
2026-03-16 17:01:18 [http-nio-8080-exec-4] DEBUG o.s.orm.jpa.JpaTransactionManager - Found thread-bound EntityManager [SessionImpl(1183395120<open>)] for JPA transaction
2026-03-16 17:01:18 [http-nio-8080-exec-4] DEBUG o.s.orm.jpa.JpaTransactionManager - Participating in existing transaction
2026-03-16 17:01:18 [http-nio-8080-exec-4] DEBUG org.hibernate.SQL - select u1_0.emplyr_id,u1_0.area_no,u1_0.brthdy,u1_0.chg_pwd_cnt,u1_0.frst_register_id,u1_0.frst_regist_pnttm,u1_0.detail_adres,u1_0.email_adres,u1_0.emplyr_sttus_code,u1_0.empl_no,u1_0.esntl_id,u1_0.fxnum,u1_0.group_id,u1_0.house_adres,u1_0.house_end_telno,u1_0.house_middle_telno,u1_0.ihidnum,u1_0.pstinst_code,u1_0.last_updusr_id,u1_0.last_updt_pnttm,u1_0.lock_at,u1_0.lock_cnt,u1_0.lock_last_pnttm,u1_0.mbtlnum,u1_0.ofcps_nm,u1_0.offm_telno,u1_0.orgnzt_id,u1_0.password,u1_0.password_cnsr,u1_0.password_hint,u1_0.chg_pwd_last_pnttm,u1_0.role,u1_0.sbscrb_de,u1_0.sexdstn_code,u1_0.crtfc_dn_value,u1_0.user_nm,u1_0.zip from nemplyrinfo u1_0 where u1_0.emplyr_id=?
2026-03-16 17:01:19 [http-nio-8080-exec-4] DEBUG o.s.orm.jpa.JpaTransactionManager - Found thread-bound EntityManager [SessionImpl(1183395120<open>)] for JPA transaction
2026-03-16 17:01:19 [http-nio-8080-exec-4] DEBUG o.s.orm.jpa.JpaTransactionManager - Participating in existing transaction
2026-03-16 17:01:19 [http-nio-8080-exec-4] DEBUG org.hibernate.SQL - select ua1_0.scrty_dtrmn_trget_id,ua1_0.author_code,ua1_0.frst_register_id,ua1_0.frst_regist_pnttm,ua1_0.last_updusr_id,ua1_0.last_updt_pnttm,ua1_0.mber_ty_code from nemplyrscrtyestbs ua1_0 where ua1_0.scrty_dtrmn_trget_id=?
2026-03-16 17:01:19 [http-nio-8080-exec-4] DEBUG o.s.orm.jpa.JpaTransactionManager - Initiating transaction commit
2026-03-16 17:01:19 [http-nio-8080-exec-4] DEBUG o.s.orm.jpa.JpaTransactionManager - Committing JPA transaction on EntityManager [SessionImpl(1183395120<open>)]
2026-03-16 17:01:19 [http-nio-8080-exec-4] DEBUG o.s.orm.jpa.JpaTransactionManager - Closing JPA EntityManager [SessionImpl(1183395120<open>)] after transaction
2026-03-16 17:01:19 [http-nio-8080-exec-4] DEBUG c.c.p.s.jwt.JwtAuthenticationFilter - >>> [JwtFilter] Successfully authenticated user: USRCNFRM_99999999999, Authorities: [ROLE_ADMIN]
2026-03-16 17:01:19 [http-nio-8080-exec-4] DEBUG o.s.web.servlet.DispatcherServlet - GET "/api/v1/menu/left?menuNo=60", parameters={masked}
2026-03-16 17:01:19 [http-nio-8080-exec-4] TRACE o.s.w.s.m.m.a.RequestMappingHandlerMapping - Mapped to com.company.project.api.controller.menu.MenuController#getLeftMenu(Long)
2026-03-16 17:01:19 [http-nio-8080-exec-4] INFO  c.c.p.a.c.menu.MenuController - getLeftMenu called with menuNo=60
2026-03-16 17:01:19 [http-nio-8080-exec-4] DEBUG o.s.orm.jpa.JpaTransactionManager - Creating new transaction with name [com.company.project.service.menu.MenuService.getSubMenus]: PROPAGATION_REQUIRED,ISOLATION_DEFAULT,readOnly
2026-03-16 17:01:19 [http-nio-8080-exec-4] DEBUG o.s.orm.jpa.JpaTransactionManager - Opened new EntityManager [SessionImpl(1842664247<open>)] for JPA transaction
2026-03-16 17:01:19 [http-nio-8080-exec-4] DEBUG o.s.orm.jpa.JpaTransactionManager - Exposing JPA transaction as JDBC [org.springframework.orm.jpa.vendor.HibernateJpaDialect$HibernateConnectionHandle@5e6b5095]
2026-03-16 17:01:19 [http-nio-8080-exec-4] DEBUG org.hibernate.SQL - select m1_0.menu_no,m1_0.menu_dc,m1_0.menu_nm,m1_0.menu_ordr,m1_0.modern_route,m1_0.progrm_file_nm,m1_0.relate_image_nm,m1_0.relate_image_path,m1_0.route_updated_at,m1_0.upper_menu_no from nmenuinfo m1_0 order by m1_0.upper_menu_no,m1_0.menu_ordr
2026-03-16 17:01:19 [http-nio-8080-exec-4] DEBUG o.s.orm.jpa.JpaTransactionManager - Found thread-bound EntityManager [SessionImpl(1842664247<open>)] for JPA transaction
2026-03-16 17:01:19 [http-nio-8080-exec-4] DEBUG o.s.orm.jpa.JpaTransactionManager - Participating in existing transaction
2026-03-16 17:01:19 [http-nio-8080-exec-4] DEBUG org.hibernate.SQL - select p1_0.progrm_file_nm,p1_0.progrm_dc,p1_0.progrm_korean_nm,p1_0.progrm_stre_path,p1_0.url from nprogrmlist p1_0
2026-03-16 17:01:19 [http-nio-8080-exec-4] DEBUG o.s.orm.jpa.JpaTransactionManager - Initiating transaction commit
2026-03-16 17:01:19 [http-nio-8080-exec-4] DEBUG o.s.orm.jpa.JpaTransactionManager - Committing JPA transaction on EntityManager [SessionImpl(1842664247<open>)]
2026-03-16 17:01:19 [http-nio-8080-exec-4] DEBUG o.s.orm.jpa.JpaTransactionManager - Closing JPA EntityManager [SessionImpl(1842664247<open>)] after transaction
2026-03-16 17:01:19 [http-nio-8080-exec-4] INFO  c.c.p.a.c.menu.MenuController - getLeftMenu returned 1 items
2026-03-16 17:01:19 [http-nio-8080-exec-4] DEBUG o.s.w.s.m.m.a.HttpEntityMethodProcessor - Using 'application/json', given [application/json, text/plain, */*] and supported [application/json, application/*+json, application/yaml]
2026-03-16 17:01:19 [http-nio-8080-exec-4] TRACE o.s.w.s.m.m.a.HttpEntityMethodProcessor - Writing [ApiResponse[success=true, status=200, code=COMMON_001, message=Success, data={list=[com.company.project.service.menu.dto.MenuDto@43ed4644]}, timestamp=2026-03-16T17:01:19.966222300]]
2026-03-16 17:01:19 [http-nio-8080-exec-4] INFO  c.c.p.a.i.OperationalAuditInterceptor - API Audit Log: URL=/api/v1/menu/left, User=webmaster, IP=127.0.0.1
2026-03-16 17:01:19 [http-nio-8080-exec-4] DEBUG o.s.web.servlet.DispatcherServlet - Completed 200 OK
2026-03-16 17:01:21 [MessageBroker-4] DEBUG o.s.w.s.s.t.h.DefaultSockJsService - Closed 1 sessions: [vwy4dj41]
2026-03-16 17:01:23 [http-nio-8080-exec-19] DEBUG o.s.w.s.h.LoggingWebSocketHandlerDecorator - WebSocketServerSockJsSession[id=mmlfojdm] closed with CloseStatus[code=1001, reason=null]
2026-03-16 17:01:23 [http-nio-8080-exec-19] DEBUG o.s.w.s.m.SubProtocolWebSocketHandler - Clearing session mmlfojdm
2026-03-16 17:01:23 [scheduling-1] DEBUG org.springframework.web.SimpLogging - Processing DISCONNECT session=mmlfojdm
2026-03-16 17:01:23 [scheduling-1] DEBUG o.s.w.s.m.SubProtocolWebSocketHandler - No session for GenericMessage [payload=byte[0], headers={simpMessageType=DISCONNECT_ACK, simpDisconnectMessage=GenericMessage [payload=byte[0], headers={simpMessageType=DISCONNECT, stompCommand=DISCONNECT, simpSessionAttributes={org.springframework.messaging.simp.SimpAttributes.COMPLETED=true}, simpSessionId=mmlfojdm}], simpSessionId=mmlfojdm}]
2026-03-16 17:01:25 [http-nio-8080-exec-15] DEBUG c.c.p.s.jwt.JwtAuthenticationFilter - >>> [JwtFilter] Processing request: GET /api/v1/menu/head
2026-03-16 17:01:25 [http-nio-8080-exec-18] DEBUG c.c.p.s.jwt.JwtAuthenticationFilter - >>> [JwtFilter] Processing request: GET /api/v1/dashboard
2026-03-16 17:01:25 [http-nio-8080-exec-15] DEBUG c.c.p.s.jwt.JwtAuthenticationFilter - >>> [JwtFilter] Found token in header for path: /api/v1/menu/head
2026-03-16 17:01:25 [http-nio-8080-exec-18] DEBUG c.c.p.s.jwt.JwtAuthenticationFilter - >>> [JwtFilter] Found token in header for path: /api/v1/dashboard
2026-03-16 17:01:25 [http-nio-8080-exec-15] DEBUG o.s.orm.jpa.JpaTransactionManager - Creating new transaction with name [com.company.project.security.iam.CustomUserDetailsService.loadUserByUsername]: PROPAGATION_REQUIRED,ISOLATION_DEFAULT,readOnly
2026-03-16 17:01:25 [http-nio-8080-exec-15] DEBUG o.s.orm.jpa.JpaTransactionManager - Opened new EntityManager [SessionImpl(1689694495<open>)] for JPA transaction
2026-03-16 17:01:25 [http-nio-8080-exec-18] DEBUG o.s.orm.jpa.JpaTransactionManager - Creating new transaction with name [com.company.project.security.iam.CustomUserDetailsService.loadUserByUsername]: PROPAGATION_REQUIRED,ISOLATION_DEFAULT,readOnly
2026-03-16 17:01:25 [http-nio-8080-exec-18] DEBUG o.s.orm.jpa.JpaTransactionManager - Opened new EntityManager [SessionImpl(2143754681<open>)] for JPA transaction
2026-03-16 17:01:25 [http-nio-8080-exec-18] DEBUG o.s.orm.jpa.JpaTransactionManager - Exposing JPA transaction as JDBC [org.springframework.orm.jpa.vendor.HibernateJpaDialect$HibernateConnectionHandle@4fd1bcdc]
2026-03-16 17:01:25 [http-nio-8080-exec-18] DEBUG o.s.orm.jpa.JpaTransactionManager - Found thread-bound EntityManager [SessionImpl(2143754681<open>)] for JPA transaction
2026-03-16 17:01:25 [http-nio-8080-exec-18] DEBUG o.s.orm.jpa.JpaTransactionManager - Participating in existing transaction
2026-03-16 17:01:25 [http-nio-8080-exec-18] DEBUG org.hibernate.SQL - select u1_0.emplyr_id,u1_0.area_no,u1_0.brthdy,u1_0.chg_pwd_cnt,u1_0.frst_register_id,u1_0.frst_regist_pnttm,u1_0.detail_adres,u1_0.email_adres,u1_0.emplyr_sttus_code,u1_0.empl_no,u1_0.esntl_id,u1_0.fxnum,u1_0.group_id,u1_0.house_adres,u1_0.house_end_telno,u1_0.house_middle_telno,u1_0.ihidnum,u1_0.pstinst_code,u1_0.last_updusr_id,u1_0.last_updt_pnttm,u1_0.lock_at,u1_0.lock_cnt,u1_0.lock_last_pnttm,u1_0.mbtlnum,u1_0.ofcps_nm,u1_0.offm_telno,u1_0.orgnzt_id,u1_0.password,u1_0.password_cnsr,u1_0.password_hint,u1_0.chg_pwd_last_pnttm,u1_0.role,u1_0.sbscrb_de,u1_0.sexdstn_code,u1_0.crtfc_dn_value,u1_0.user_nm,u1_0.zip from nemplyrinfo u1_0 where u1_0.emplyr_id=?
2026-03-16 17:01:25 [http-nio-8080-exec-15] DEBUG o.s.orm.jpa.JpaTransactionManager - Exposing JPA transaction as JDBC [org.springframework.orm.jpa.vendor.HibernateJpaDialect$HibernateConnectionHandle@1c479484]
2026-03-16 17:01:25 [http-nio-8080-exec-15] DEBUG o.s.orm.jpa.JpaTransactionManager - Found thread-bound EntityManager [SessionImpl(1689694495<open>)] for JPA transaction
2026-03-16 17:01:25 [http-nio-8080-exec-15] DEBUG o.s.orm.jpa.JpaTransactionManager - Participating in existing transaction
2026-03-16 17:01:25 [http-nio-8080-exec-15] DEBUG org.hibernate.SQL - select u1_0.emplyr_id,u1_0.area_no,u1_0.brthdy,u1_0.chg_pwd_cnt,u1_0.frst_register_id,u1_0.frst_regist_pnttm,u1_0.detail_adres,u1_0.email_adres,u1_0.emplyr_sttus_code,u1_0.empl_no,u1_0.esntl_id,u1_0.fxnum,u1_0.group_id,u1_0.house_adres,u1_0.house_end_telno,u1_0.house_middle_telno,u1_0.ihidnum,u1_0.pstinst_code,u1_0.last_updusr_id,u1_0.last_updt_pnttm,u1_0.lock_at,u1_0.lock_cnt,u1_0.lock_last_pnttm,u1_0.mbtlnum,u1_0.ofcps_nm,u1_0.offm_telno,u1_0.orgnzt_id,u1_0.password,u1_0.password_cnsr,u1_0.password_hint,u1_0.chg_pwd_last_pnttm,u1_0.role,u1_0.sbscrb_de,u1_0.sexdstn_code,u1_0.crtfc_dn_value,u1_0.user_nm,u1_0.zip from nemplyrinfo u1_0 where u1_0.emplyr_id=?
2026-03-16 17:01:25 [http-nio-8080-exec-18] DEBUG o.s.orm.jpa.JpaTransactionManager - Found thread-bound EntityManager [SessionImpl(2143754681<open>)] for JPA transaction
2026-03-16 17:01:25 [http-nio-8080-exec-18] DEBUG o.s.orm.jpa.JpaTransactionManager - Participating in existing transaction
2026-03-16 17:01:25 [http-nio-8080-exec-18] DEBUG org.hibernate.SQL - select ua1_0.scrty_dtrmn_trget_id,ua1_0.author_code,ua1_0.frst_register_id,ua1_0.frst_regist_pnttm,ua1_0.last_updusr_id,ua1_0.last_updt_pnttm,ua1_0.mber_ty_code from nemplyrscrtyestbs ua1_0 where ua1_0.scrty_dtrmn_trget_id=?
2026-03-16 17:01:25 [http-nio-8080-exec-15] DEBUG o.s.orm.jpa.JpaTransactionManager - Found thread-bound EntityManager [SessionImpl(1689694495<open>)] for JPA transaction
2026-03-16 17:01:25 [http-nio-8080-exec-15] DEBUG o.s.orm.jpa.JpaTransactionManager - Participating in existing transaction
2026-03-16 17:01:25 [http-nio-8080-exec-15] DEBUG org.hibernate.SQL - select ua1_0.scrty_dtrmn_trget_id,ua1_0.author_code,ua1_0.frst_register_id,ua1_0.frst_regist_pnttm,ua1_0.last_updusr_id,ua1_0.last_updt_pnttm,ua1_0.mber_ty_code from nemplyrscrtyestbs ua1_0 where ua1_0.scrty_dtrmn_trget_id=?
2026-03-16 17:01:26 [http-nio-8080-exec-18] DEBUG o.s.orm.jpa.JpaTransactionManager - Initiating transaction commit
2026-03-16 17:01:26 [http-nio-8080-exec-15] DEBUG o.s.orm.jpa.JpaTransactionManager - Initiating transaction commit
2026-03-16 17:01:26 [http-nio-8080-exec-18] DEBUG o.s.orm.jpa.JpaTransactionManager - Committing JPA transaction on EntityManager [SessionImpl(2143754681<open>)]
2026-03-16 17:01:26 [http-nio-8080-exec-15] DEBUG o.s.orm.jpa.JpaTransactionManager - Committing JPA transaction on EntityManager [SessionImpl(1689694495<open>)]
2026-03-16 17:01:26 [http-nio-8080-exec-18] DEBUG o.s.orm.jpa.JpaTransactionManager - Closing JPA EntityManager [SessionImpl(2143754681<open>)] after transaction
2026-03-16 17:01:26 [http-nio-8080-exec-15] DEBUG o.s.orm.jpa.JpaTransactionManager - Closing JPA EntityManager [SessionImpl(1689694495<open>)] after transaction
2026-03-16 17:01:26 [http-nio-8080-exec-18] DEBUG c.c.p.s.jwt.JwtAuthenticationFilter - >>> [JwtFilter] Successfully authenticated user: USRCNFRM_99999999999, Authorities: [ROLE_ADMIN]
2026-03-16 17:01:26 [http-nio-8080-exec-15] DEBUG c.c.p.s.jwt.JwtAuthenticationFilter - >>> [JwtFilter] Successfully authenticated user: USRCNFRM_99999999999, Authorities: [ROLE_ADMIN]
2026-03-16 17:01:26 [http-nio-8080-exec-18] DEBUG o.s.web.servlet.DispatcherServlet - GET "/api/v1/dashboard", parameters={}
2026-03-16 17:01:26 [http-nio-8080-exec-15] DEBUG o.s.web.servlet.DispatcherServlet - GET "/api/v1/menu/head", parameters={}
2026-03-16 17:01:26 [http-nio-8080-exec-18] TRACE o.s.w.s.m.m.a.RequestMappingHandlerMapping - Mapped to com.company.project.api.controller.main.DashboardController#getDashboardData(UserDetails)
2026-03-16 17:01:26 [http-nio-8080-exec-15] TRACE o.s.w.s.m.m.a.RequestMappingHandlerMapping - Mapped to com.company.project.api.controller.menu.MenuController#getHeadMenu()
2026-03-16 17:01:26 [http-nio-8080-exec-18] INFO  c.c.p.a.c.main.DashboardController - >>> [Dashboard] Fetching data for user: USRCNFRM_99999999999
2026-03-16 17:01:26 [http-nio-8080-exec-15] INFO  c.c.p.a.c.menu.MenuController - getHeadMenu called
2026-03-16 17:01:26 [http-nio-8080-exec-18] DEBUG o.s.orm.jpa.JpaTransactionManager - Creating new transaction with name [com.company.project.service.board.BoardService.getBoardPosts]: PROPAGATION_REQUIRED,ISOLATION_DEFAULT,readOnly
2026-03-16 17:01:26 [http-nio-8080-exec-18] DEBUG o.s.orm.jpa.JpaTransactionManager - Opened new EntityManager [SessionImpl(393672624<open>)] for JPA transaction
2026-03-16 17:01:26 [http-nio-8080-exec-18] DEBUG o.s.orm.jpa.JpaTransactionManager - Exposing JPA transaction as JDBC [org.springframework.orm.jpa.vendor.HibernateJpaDialect$HibernateConnectionHandle@1a60a415]
2026-03-16 17:01:26 [http-nio-8080-exec-18] DEBUG o.s.orm.jpa.JpaTransactionManager - Found thread-bound EntityManager [SessionImpl(393672624<open>)] for JPA transaction
2026-03-16 17:01:26 [http-nio-8080-exec-18] DEBUG o.s.orm.jpa.JpaTransactionManager - Participating in existing transaction
2026-03-16 17:01:26 [http-nio-8080-exec-18] DEBUG org.hibernate.SQL - select bm1_0.bbs_id,bm1_0.atch_posbl_file_number,bm1_0.atch_posbl_file_size,bm1_0.bbs_attrb_code,bm1_0.bbs_intrcn,bm1_0.bbs_nm,bm1_0.bbs_ty_code,bm1_0.blog_at,bm1_0.blog_id,bm1_0.cmmnty_id,bm1_0.frst_register_id,bm1_0.frst_regist_pnttm,bm1_0.file_atch_posbl_at,bm1_0.last_updusr_id,bm1_0.last_updt_pnttm,bm1_0.reply_posbl_at,bm1_0.tmplat_id,bm1_0.use_at,bm1_1.answer_at,bm1_1.stsfdg_at from nbbsmaster bm1_0 left join nbbsmasteroptn bm1_1 on bm1_0.bbs_id=bm1_1.bbs_id where bm1_0.bbs_id=?
2026-03-16 17:01:26 [http-nio-8080-exec-15] INFO  c.c.p.a.c.menu.MenuController - getHeadMenu returned 5 items
2026-03-16 17:01:26 [http-nio-8080-exec-15] DEBUG o.s.w.s.m.m.a.HttpEntityMethodProcessor - Using 'application/json', given [application/json, text/plain, */*] and supported [application/json, application/*+json, application/yaml]
2026-03-16 17:01:26 [http-nio-8080-exec-15] TRACE o.s.w.s.m.m.a.HttpEntityMethodProcessor - Writing [ApiResponse[success=true, status=200, code=COMMON_001, message=Success, data={list=[com.company.project.service.menu.dto.MenuDto@2b80d6b0, com.company.project.service.menu.dto.MenuDto@1418cfa3, com.company.project.service.menu.dto.MenuDto@f230bf1, com.company.project.service.menu.dto.MenuDto@734a7f6a, com.company.project.service.menu.dto.MenuDto@5e5202e5]}, timestamp=2026-03-16T17:01:26.213427800]]
2026-03-16 17:01:26 [http-nio-8080-exec-15] INFO  c.c.p.a.i.OperationalAuditInterceptor - API Audit Log: URL=/api/v1/menu/head, User=webmaster, IP=0:0:0:0:0:0:0:1
2026-03-16 17:01:26 [http-nio-8080-exec-15] DEBUG o.s.web.servlet.DispatcherServlet - Completed 200 OK
2026-03-16 17:01:26 [http-nio-8080-exec-6] DEBUG c.c.p.s.jwt.JwtAuthenticationFilter - >>> [JwtFilter] Processing request: GET /api/v1/menu/left
2026-03-16 17:01:26 [http-nio-8080-exec-6] DEBUG c.c.p.s.jwt.JwtAuthenticationFilter - >>> [JwtFilter] Found token in header for path: /api/v1/menu/left
2026-03-16 17:01:26 [http-nio-8080-exec-6] DEBUG o.s.orm.jpa.JpaTransactionManager - Creating new transaction with name [com.company.project.security.iam.CustomUserDetailsService.loadUserByUsername]: PROPAGATION_REQUIRED,ISOLATION_DEFAULT,readOnly
2026-03-16 17:01:26 [http-nio-8080-exec-6] DEBUG o.s.orm.jpa.JpaTransactionManager - Opened new EntityManager [SessionImpl(2030171050<open>)] for JPA transaction
2026-03-16 17:01:26 [http-nio-8080-exec-1] DEBUG c.c.p.s.jwt.JwtAuthenticationFilter - >>> [JwtFilter] Processing request: GET /api/v1/menu/left
2026-03-16 17:01:26 [http-nio-8080-exec-16] DEBUG c.c.p.s.jwt.JwtAuthenticationFilter - >>> [JwtFilter] Processing request: GET /api/v1/menu/left
2026-03-16 17:01:26 [http-nio-8080-exec-1] DEBUG c.c.p.s.jwt.JwtAuthenticationFilter - >>> [JwtFilter] Found token in header for path: /api/v1/menu/left
2026-03-16 17:01:26 [http-nio-8080-exec-16] DEBUG c.c.p.s.jwt.JwtAuthenticationFilter - >>> [JwtFilter] Found token in header for path: /api/v1/menu/left
2026-03-16 17:01:26 [http-nio-8080-exec-17] DEBUG c.c.p.s.jwt.JwtAuthenticationFilter - >>> [JwtFilter] Processing request: GET /api/v1/menu/left
2026-03-16 17:01:26 [http-nio-8080-exec-17] DEBUG c.c.p.s.jwt.JwtAuthenticationFilter - >>> [JwtFilter] Found token in header for path: /api/v1/menu/left
2026-03-16 17:01:26 [http-nio-8080-exec-5] DEBUG c.c.p.s.jwt.JwtAuthenticationFilter - >>> [JwtFilter] Processing request: GET /api/v1/menu/left
2026-03-16 17:01:26 [http-nio-8080-exec-17] DEBUG o.s.orm.jpa.JpaTransactionManager - Creating new transaction with name [com.company.project.security.iam.CustomUserDetailsService.loadUserByUsername]: PROPAGATION_REQUIRED,ISOLATION_DEFAULT,readOnly
2026-03-16 17:01:26 [http-nio-8080-exec-5] DEBUG c.c.p.s.jwt.JwtAuthenticationFilter - >>> [JwtFilter] Found token in header for path: /api/v1/menu/left
2026-03-16 17:01:26 [http-nio-8080-exec-16] DEBUG o.s.orm.jpa.JpaTransactionManager - Creating new transaction with name [com.company.project.security.iam.CustomUserDetailsService.loadUserByUsername]: PROPAGATION_REQUIRED,ISOLATION_DEFAULT,readOnly
2026-03-16 17:01:26 [http-nio-8080-exec-17] DEBUG o.s.orm.jpa.JpaTransactionManager - Opened new EntityManager [SessionImpl(1996059669<open>)] for JPA transaction
2026-03-16 17:01:26 [http-nio-8080-exec-1] DEBUG o.s.orm.jpa.JpaTransactionManager - Creating new transaction with name [com.company.project.security.iam.CustomUserDetailsService.loadUserByUsername]: PROPAGATION_REQUIRED,ISOLATION_DEFAULT,readOnly
2026-03-16 17:01:26 [http-nio-8080-exec-1] DEBUG o.s.orm.jpa.JpaTransactionManager - Opened new EntityManager [SessionImpl(300048482<open>)] for JPA transaction
2026-03-16 17:01:26 [http-nio-8080-exec-5] DEBUG o.s.orm.jpa.JpaTransactionManager - Creating new transaction with name [com.company.project.security.iam.CustomUserDetailsService.loadUserByUsername]: PROPAGATION_REQUIRED,ISOLATION_DEFAULT,readOnly
2026-03-16 17:01:26 [http-nio-8080-exec-5] DEBUG o.s.orm.jpa.JpaTransactionManager - Opened new EntityManager [SessionImpl(1115435689<open>)] for JPA transaction
2026-03-16 17:01:26 [http-nio-8080-exec-16] DEBUG o.s.orm.jpa.JpaTransactionManager - Opened new EntityManager [SessionImpl(1211738537<open>)] for JPA transaction
2026-03-16 17:01:26 [http-nio-8080-exec-18] DEBUG org.hibernate.SQL - select b1_0.ntt_id,b1_0.bbs_id,b1_0.ntt_sj,b1_0.ntcr_nm,b1_0.frst_regist_pnttm,b1_0.rdcnt,b1_0.answer_at,b1_0.parntsctt_no,b1_0.answer_lc,b1_0.sort_ordr,b1_0.ntt_no,b1_0.notice_at,b1_0.secret_at,b1_0.comment_co from nbbs b1_0 left join nemplyrinfo u1_0 on b1_0.frst_register_id=u1_0.esntl_id where (b1_0.use_at = 'Y') and b1_0.bbs_id=? order by b1_0.sort_ordr desc,b1_0.ntt_no offset ? rows fetch first ? rows only
2026-03-16 17:01:26 [http-nio-8080-exec-1] DEBUG o.s.orm.jpa.JpaTransactionManager - Exposing JPA transaction as JDBC [org.springframework.orm.jpa.vendor.HibernateJpaDialect$HibernateConnectionHandle@291a26f0]
2026-03-16 17:01:26 [http-nio-8080-exec-6] DEBUG o.s.orm.jpa.JpaTransactionManager - Exposing JPA transaction as JDBC [org.springframework.orm.jpa.vendor.HibernateJpaDialect$HibernateConnectionHandle@62105349]
2026-03-16 17:01:26 [http-nio-8080-exec-16] DEBUG o.s.orm.jpa.JpaTransactionManager - Exposing JPA transaction as JDBC [org.springframework.orm.jpa.vendor.HibernateJpaDialect$HibernateConnectionHandle@565e25c9]
2026-03-16 17:01:26 [http-nio-8080-exec-17] DEBUG o.s.orm.jpa.JpaTransactionManager - Exposing JPA transaction as JDBC [org.springframework.orm.jpa.vendor.HibernateJpaDialect$HibernateConnectionHandle@be9a0e]
2026-03-16 17:01:26 [http-nio-8080-exec-5] DEBUG o.s.orm.jpa.JpaTransactionManager - Exposing JPA transaction as JDBC [org.springframework.orm.jpa.vendor.HibernateJpaDialect$HibernateConnectionHandle@73202dd5]
2026-03-16 17:01:26 [http-nio-8080-exec-17] DEBUG o.s.orm.jpa.JpaTransactionManager - Found thread-bound EntityManager [SessionImpl(1996059669<open>)] for JPA transaction
2026-03-16 17:01:26 [http-nio-8080-exec-5] DEBUG o.s.orm.jpa.JpaTransactionManager - Found thread-bound EntityManager [SessionImpl(1115435689<open>)] for JPA transaction
2026-03-16 17:01:26 [http-nio-8080-exec-17] DEBUG o.s.orm.jpa.JpaTransactionManager - Participating in existing transaction
2026-03-16 17:01:26 [http-nio-8080-exec-1] DEBUG o.s.orm.jpa.JpaTransactionManager - Found thread-bound EntityManager [SessionImpl(300048482<open>)] for JPA transaction
2026-03-16 17:01:26 [http-nio-8080-exec-17] DEBUG org.hibernate.SQL - select u1_0.emplyr_id,u1_0.area_no,u1_0.brthdy,u1_0.chg_pwd_cnt,u1_0.frst_register_id,u1_0.frst_regist_pnttm,u1_0.detail_adres,u1_0.email_adres,u1_0.emplyr_sttus_code,u1_0.empl_no,u1_0.esntl_id,u1_0.fxnum,u1_0.group_id,u1_0.house_adres,u1_0.house_end_telno,u1_0.house_middle_telno,u1_0.ihidnum,u1_0.pstinst_code,u1_0.last_updusr_id,u1_0.last_updt_pnttm,u1_0.lock_at,u1_0.lock_cnt,u1_0.lock_last_pnttm,u1_0.mbtlnum,u1_0.ofcps_nm,u1_0.offm_telno,u1_0.orgnzt_id,u1_0.password,u1_0.password_cnsr,u1_0.password_hint,u1_0.chg_pwd_last_pnttm,u1_0.role,u1_0.sbscrb_de,u1_0.sexdstn_code,u1_0.crtfc_dn_value,u1_0.user_nm,u1_0.zip from nemplyrinfo u1_0 where u1_0.emplyr_id=?
2026-03-16 17:01:26 [http-nio-8080-exec-1] DEBUG o.s.orm.jpa.JpaTransactionManager - Participating in existing transaction
2026-03-16 17:01:26 [http-nio-8080-exec-6] DEBUG o.s.orm.jpa.JpaTransactionManager - Found thread-bound EntityManager [SessionImpl(2030171050<open>)] for JPA transaction
2026-03-16 17:01:26 [http-nio-8080-exec-6] DEBUG o.s.orm.jpa.JpaTransactionManager - Participating in existing transaction
2026-03-16 17:01:26 [http-nio-8080-exec-6] DEBUG org.hibernate.SQL - select u1_0.emplyr_id,u1_0.area_no,u1_0.brthdy,u1_0.chg_pwd_cnt,u1_0.frst_register_id,u1_0.frst_regist_pnttm,u1_0.detail_adres,u1_0.email_adres,u1_0.emplyr_sttus_code,u1_0.empl_no,u1_0.esntl_id,u1_0.fxnum,u1_0.group_id,u1_0.house_adres,u1_0.house_end_telno,u1_0.house_middle_telno,u1_0.ihidnum,u1_0.pstinst_code,u1_0.last_updusr_id,u1_0.last_updt_pnttm,u1_0.lock_at,u1_0.lock_cnt,u1_0.lock_last_pnttm,u1_0.mbtlnum,u1_0.ofcps_nm,u1_0.offm_telno,u1_0.orgnzt_id,u1_0.password,u1_0.password_cnsr,u1_0.password_hint,u1_0.chg_pwd_last_pnttm,u1_0.role,u1_0.sbscrb_de,u1_0.sexdstn_code,u1_0.crtfc_dn_value,u1_0.user_nm,u1_0.zip from nemplyrinfo u1_0 where u1_0.emplyr_id=?
2026-03-16 17:01:26 [http-nio-8080-exec-16] DEBUG o.s.orm.jpa.JpaTransactionManager - Found thread-bound EntityManager [SessionImpl(1211738537<open>)] for JPA transaction
2026-03-16 17:01:26 [http-nio-8080-exec-16] DEBUG o.s.orm.jpa.JpaTransactionManager - Participating in existing transaction
2026-03-16 17:01:26 [http-nio-8080-exec-16] DEBUG org.hibernate.SQL - select u1_0.emplyr_id,u1_0.area_no,u1_0.brthdy,u1_0.chg_pwd_cnt,u1_0.frst_register_id,u1_0.frst_regist_pnttm,u1_0.detail_adres,u1_0.email_adres,u1_0.emplyr_sttus_code,u1_0.empl_no,u1_0.esntl_id,u1_0.fxnum,u1_0.group_id,u1_0.house_adres,u1_0.house_end_telno,u1_0.house_middle_telno,u1_0.ihidnum,u1_0.pstinst_code,u1_0.last_updusr_id,u1_0.last_updt_pnttm,u1_0.lock_at,u1_0.lock_cnt,u1_0.lock_last_pnttm,u1_0.mbtlnum,u1_0.ofcps_nm,u1_0.offm_telno,u1_0.orgnzt_id,u1_0.password,u1_0.password_cnsr,u1_0.password_hint,u1_0.chg_pwd_last_pnttm,u1_0.role,u1_0.sbscrb_de,u1_0.sexdstn_code,u1_0.crtfc_dn_value,u1_0.user_nm,u1_0.zip from nemplyrinfo u1_0 where u1_0.emplyr_id=?
2026-03-16 17:01:26 [http-nio-8080-exec-5] DEBUG o.s.orm.jpa.JpaTransactionManager - Participating in existing transaction
2026-03-16 17:01:26 [http-nio-8080-exec-1] DEBUG org.hibernate.SQL - select u1_0.emplyr_id,u1_0.area_no,u1_0.brthdy,u1_0.chg_pwd_cnt,u1_0.frst_register_id,u1_0.frst_regist_pnttm,u1_0.detail_adres,u1_0.email_adres,u1_0.emplyr_sttus_code,u1_0.empl_no,u1_0.esntl_id,u1_0.fxnum,u1_0.group_id,u1_0.house_adres,u1_0.house_end_telno,u1_0.house_middle_telno,u1_0.ihidnum,u1_0.pstinst_code,u1_0.last_updusr_id,u1_0.last_updt_pnttm,u1_0.lock_at,u1_0.lock_cnt,u1_0.lock_last_pnttm,u1_0.mbtlnum,u1_0.ofcps_nm,u1_0.offm_telno,u1_0.orgnzt_id,u1_0.password,u1_0.password_cnsr,u1_0.password_hint,u1_0.chg_pwd_last_pnttm,u1_0.role,u1_0.sbscrb_de,u1_0.sexdstn_code,u1_0.crtfc_dn_value,u1_0.user_nm,u1_0.zip from nemplyrinfo u1_0 where u1_0.emplyr_id=?
2026-03-16 17:01:26 [http-nio-8080-exec-5] DEBUG org.hibernate.SQL - select u1_0.emplyr_id,u1_0.area_no,u1_0.brthdy,u1_0.chg_pwd_cnt,u1_0.frst_register_id,u1_0.frst_regist_pnttm,u1_0.detail_adres,u1_0.email_adres,u1_0.emplyr_sttus_code,u1_0.empl_no,u1_0.esntl_id,u1_0.fxnum,u1_0.group_id,u1_0.house_adres,u1_0.house_end_telno,u1_0.house_middle_telno,u1_0.ihidnum,u1_0.pstinst_code,u1_0.last_updusr_id,u1_0.last_updt_pnttm,u1_0.lock_at,u1_0.lock_cnt,u1_0.lock_last_pnttm,u1_0.mbtlnum,u1_0.ofcps_nm,u1_0.offm_telno,u1_0.orgnzt_id,u1_0.password,u1_0.password_cnsr,u1_0.password_hint,u1_0.chg_pwd_last_pnttm,u1_0.role,u1_0.sbscrb_de,u1_0.sexdstn_code,u1_0.crtfc_dn_value,u1_0.user_nm,u1_0.zip from nemplyrinfo u1_0 where u1_0.emplyr_id=?
2026-03-16 17:01:26 [http-nio-8080-exec-1] DEBUG o.s.orm.jpa.JpaTransactionManager - Found thread-bound EntityManager [SessionImpl(300048482<open>)] for JPA transaction
2026-03-16 17:01:26 [http-nio-8080-exec-6] DEBUG o.s.orm.jpa.JpaTransactionManager - Found thread-bound EntityManager [SessionImpl(2030171050<open>)] for JPA transaction
2026-03-16 17:01:26 [http-nio-8080-exec-1] DEBUG o.s.orm.jpa.JpaTransactionManager - Participating in existing transaction
2026-03-16 17:01:26 [http-nio-8080-exec-6] DEBUG o.s.orm.jpa.JpaTransactionManager - Participating in existing transaction
2026-03-16 17:01:26 [http-nio-8080-exec-16] DEBUG o.s.orm.jpa.JpaTransactionManager - Found thread-bound EntityManager [SessionImpl(1211738537<open>)] for JPA transaction
2026-03-16 17:01:26 [http-nio-8080-exec-1] DEBUG org.hibernate.SQL - select ua1_0.scrty_dtrmn_trget_id,ua1_0.author_code,ua1_0.frst_register_id,ua1_0.frst_regist_pnttm,ua1_0.last_updusr_id,ua1_0.last_updt_pnttm,ua1_0.mber_ty_code from nemplyrscrtyestbs ua1_0 where ua1_0.scrty_dtrmn_trget_id=?
2026-03-16 17:01:26 [http-nio-8080-exec-16] DEBUG o.s.orm.jpa.JpaTransactionManager - Participating in existing transaction
2026-03-16 17:01:26 [http-nio-8080-exec-6] DEBUG org.hibernate.SQL - select ua1_0.scrty_dtrmn_trget_id,ua1_0.author_code,ua1_0.frst_register_id,ua1_0.frst_regist_pnttm,ua1_0.last_updusr_id,ua1_0.last_updt_pnttm,ua1_0.mber_ty_code from nemplyrscrtyestbs ua1_0 where ua1_0.scrty_dtrmn_trget_id=?
2026-03-16 17:01:26 [http-nio-8080-exec-16] DEBUG org.hibernate.SQL - select ua1_0.scrty_dtrmn_trget_id,ua1_0.author_code,ua1_0.frst_register_id,ua1_0.frst_regist_pnttm,ua1_0.last_updusr_id,ua1_0.last_updt_pnttm,ua1_0.mber_ty_code from nemplyrscrtyestbs ua1_0 where ua1_0.scrty_dtrmn_trget_id=?
2026-03-16 17:01:26 [http-nio-8080-exec-18] DEBUG org.hibernate.SQL - select count(b1_0.ntt_id) from nbbs b1_0 left join nemplyrinfo u1_0 on b1_0.frst_register_id=u1_0.esntl_id where (b1_0.use_at = 'Y') and b1_0.bbs_id=?
2026-03-16 17:01:26 [http-nio-8080-exec-17] DEBUG o.s.orm.jpa.JpaTransactionManager - Found thread-bound EntityManager [SessionImpl(1996059669<open>)] for JPA transaction
2026-03-16 17:01:26 [http-nio-8080-exec-17] DEBUG o.s.orm.jpa.JpaTransactionManager - Participating in existing transaction
2026-03-16 17:01:26 [http-nio-8080-exec-17] DEBUG org.hibernate.SQL - select ua1_0.scrty_dtrmn_trget_id,ua1_0.author_code,ua1_0.frst_register_id,ua1_0.frst_regist_pnttm,ua1_0.last_updusr_id,ua1_0.last_updt_pnttm,ua1_0.mber_ty_code from nemplyrscrtyestbs ua1_0 where ua1_0.scrty_dtrmn_trget_id=?
2026-03-16 17:01:26 [http-nio-8080-exec-5] DEBUG o.s.orm.jpa.JpaTransactionManager - Found thread-bound EntityManager [SessionImpl(1115435689<open>)] for JPA transaction
2026-03-16 17:01:26 [http-nio-8080-exec-5] DEBUG o.s.orm.jpa.JpaTransactionManager - Participating in existing transaction
2026-03-16 17:01:26 [http-nio-8080-exec-5] DEBUG org.hibernate.SQL - select ua1_0.scrty_dtrmn_trget_id,ua1_0.author_code,ua1_0.frst_register_id,ua1_0.frst_regist_pnttm,ua1_0.last_updusr_id,ua1_0.last_updt_pnttm,ua1_0.mber_ty_code from nemplyrscrtyestbs ua1_0 where ua1_0.scrty_dtrmn_trget_id=?
2026-03-16 17:01:26 [http-nio-8080-exec-1] DEBUG o.s.orm.jpa.JpaTransactionManager - Initiating transaction commit
2026-03-16 17:01:26 [http-nio-8080-exec-1] DEBUG o.s.orm.jpa.JpaTransactionManager - Committing JPA transaction on EntityManager [SessionImpl(300048482<open>)]
2026-03-16 17:01:26 [http-nio-8080-exec-16] DEBUG o.s.orm.jpa.JpaTransactionManager - Initiating transaction commit
2026-03-16 17:01:26 [http-nio-8080-exec-16] DEBUG o.s.orm.jpa.JpaTransactionManager - Committing JPA transaction on EntityManager [SessionImpl(1211738537<open>)]
2026-03-16 17:01:26 [http-nio-8080-exec-6] DEBUG o.s.orm.jpa.JpaTransactionManager - Initiating transaction commit
2026-03-16 17:01:26 [http-nio-8080-exec-6] DEBUG o.s.orm.jpa.JpaTransactionManager - Committing JPA transaction on EntityManager [SessionImpl(2030171050<open>)]
2026-03-16 17:01:26 [http-nio-8080-exec-18] DEBUG o.s.orm.jpa.JpaTransactionManager - Initiating transaction commit
2026-03-16 17:01:26 [http-nio-8080-exec-18] DEBUG o.s.orm.jpa.JpaTransactionManager - Committing JPA transaction on EntityManager [SessionImpl(393672624<open>)]
2026-03-16 17:01:26 [http-nio-8080-exec-17] DEBUG o.s.orm.jpa.JpaTransactionManager - Initiating transaction commit
2026-03-16 17:01:26 [http-nio-8080-exec-17] DEBUG o.s.orm.jpa.JpaTransactionManager - Committing JPA transaction on EntityManager [SessionImpl(1996059669<open>)]
2026-03-16 17:01:26 [http-nio-8080-exec-5] DEBUG o.s.orm.jpa.JpaTransactionManager - Initiating transaction commit
2026-03-16 17:01:26 [http-nio-8080-exec-5] DEBUG o.s.orm.jpa.JpaTransactionManager - Committing JPA transaction on EntityManager [SessionImpl(1115435689<open>)]
2026-03-16 17:01:26 [http-nio-8080-exec-1] DEBUG o.s.orm.jpa.JpaTransactionManager - Closing JPA EntityManager [SessionImpl(300048482<open>)] after transaction
2026-03-16 17:01:26 [http-nio-8080-exec-1] DEBUG c.c.p.s.jwt.JwtAuthenticationFilter - >>> [JwtFilter] Successfully authenticated user: USRCNFRM_99999999999, Authorities: [ROLE_ADMIN]
2026-03-16 17:01:26 [http-nio-8080-exec-1] DEBUG o.s.web.servlet.DispatcherServlet - GET "/api/v1/menu/left?menuNo=20", parameters={masked}
2026-03-16 17:01:26 [http-nio-8080-exec-1] TRACE o.s.w.s.m.m.a.RequestMappingHandlerMapping - Mapped to com.company.project.api.controller.menu.MenuController#getLeftMenu(Long)
2026-03-16 17:01:26 [http-nio-8080-exec-1] INFO  c.c.p.a.c.menu.MenuController - getLeftMenu called with menuNo=20
2026-03-16 17:01:26 [http-nio-8080-exec-1] DEBUG o.s.orm.jpa.JpaTransactionManager - Creating new transaction with name [com.company.project.service.menu.MenuService.getSubMenus]: PROPAGATION_REQUIRED,ISOLATION_DEFAULT,readOnly
2026-03-16 17:01:26 [http-nio-8080-exec-1] DEBUG o.s.orm.jpa.JpaTransactionManager - Opened new EntityManager [SessionImpl(1238250929<open>)] for JPA transaction
2026-03-16 17:01:26 [http-nio-8080-exec-1] DEBUG o.s.orm.jpa.JpaTransactionManager - Exposing JPA transaction as JDBC [org.springframework.orm.jpa.vendor.HibernateJpaDialect$HibernateConnectionHandle@613e278]
2026-03-16 17:01:26 [http-nio-8080-exec-1] DEBUG org.hibernate.SQL - select m1_0.menu_no,m1_0.menu_dc,m1_0.menu_nm,m1_0.menu_ordr,m1_0.modern_route,m1_0.progrm_file_nm,m1_0.relate_image_nm,m1_0.relate_image_path,m1_0.route_updated_at,m1_0.upper_menu_no from nmenuinfo m1_0 order by m1_0.upper_menu_no,m1_0.menu_ordr
2026-03-16 17:01:26 [http-nio-8080-exec-16] DEBUG o.s.orm.jpa.JpaTransactionManager - Closing JPA EntityManager [SessionImpl(1211738537<open>)] after transaction
2026-03-16 17:01:26 [http-nio-8080-exec-16] DEBUG c.c.p.s.jwt.JwtAuthenticationFilter - >>> [JwtFilter] Successfully authenticated user: USRCNFRM_99999999999, Authorities: [ROLE_ADMIN]
2026-03-16 17:01:26 [http-nio-8080-exec-16] DEBUG o.s.web.servlet.DispatcherServlet - GET "/api/v1/menu/left?menuNo=40", parameters={masked}
2026-03-16 17:01:26 [http-nio-8080-exec-16] TRACE o.s.w.s.m.m.a.RequestMappingHandlerMapping - Mapped to com.company.project.api.controller.menu.MenuController#getLeftMenu(Long)
2026-03-16 17:01:26 [http-nio-8080-exec-16] INFO  c.c.p.a.c.menu.MenuController - getLeftMenu called with menuNo=40
2026-03-16 17:01:26 [http-nio-8080-exec-16] DEBUG o.s.orm.jpa.JpaTransactionManager - Creating new transaction with name [com.company.project.service.menu.MenuService.getSubMenus]: PROPAGATION_REQUIRED,ISOLATION_DEFAULT,readOnly
2026-03-16 17:01:26 [http-nio-8080-exec-16] DEBUG o.s.orm.jpa.JpaTransactionManager - Opened new EntityManager [SessionImpl(422634334<open>)] for JPA transaction
2026-03-16 17:01:26 [http-nio-8080-exec-16] DEBUG o.s.orm.jpa.JpaTransactionManager - Exposing JPA transaction as JDBC [org.springframework.orm.jpa.vendor.HibernateJpaDialect$HibernateConnectionHandle@4000f07e]
2026-03-16 17:01:26 [http-nio-8080-exec-16] DEBUG org.hibernate.SQL - select m1_0.menu_no,m1_0.menu_dc,m1_0.menu_nm,m1_0.menu_ordr,m1_0.modern_route,m1_0.progrm_file_nm,m1_0.relate_image_nm,m1_0.relate_image_path,m1_0.route_updated_at,m1_0.upper_menu_no from nmenuinfo m1_0 order by m1_0.upper_menu_no,m1_0.menu_ordr
2026-03-16 17:01:26 [http-nio-8080-exec-6] DEBUG o.s.orm.jpa.JpaTransactionManager - Closing JPA EntityManager [SessionImpl(2030171050<open>)] after transaction
2026-03-16 17:01:26 [http-nio-8080-exec-6] DEBUG c.c.p.s.jwt.JwtAuthenticationFilter - >>> [JwtFilter] Successfully authenticated user: USRCNFRM_99999999999, Authorities: [ROLE_ADMIN]
2026-03-16 17:01:26 [http-nio-8080-exec-6] DEBUG o.s.web.servlet.DispatcherServlet - GET "/api/v1/menu/left?menuNo=10", parameters={masked}
2026-03-16 17:01:26 [http-nio-8080-exec-6] TRACE o.s.w.s.m.m.a.RequestMappingHandlerMapping - Mapped to com.company.project.api.controller.menu.MenuController#getLeftMenu(Long)
2026-03-16 17:01:26 [http-nio-8080-exec-6] INFO  c.c.p.a.c.menu.MenuController - getLeftMenu called with menuNo=10
2026-03-16 17:01:26 [http-nio-8080-exec-6] DEBUG o.s.orm.jpa.JpaTransactionManager - Creating new transaction with name [com.company.project.service.menu.MenuService.getSubMenus]: PROPAGATION_REQUIRED,ISOLATION_DEFAULT,readOnly
2026-03-16 17:01:26 [http-nio-8080-exec-6] DEBUG o.s.orm.jpa.JpaTransactionManager - Opened new EntityManager [SessionImpl(1143899203<open>)] for JPA transaction
2026-03-16 17:01:26 [http-nio-8080-exec-6] DEBUG o.s.orm.jpa.JpaTransactionManager - Exposing JPA transaction as JDBC [org.springframework.orm.jpa.vendor.HibernateJpaDialect$HibernateConnectionHandle@d8eb2bb]
2026-03-16 17:01:26 [http-nio-8080-exec-6] DEBUG org.hibernate.SQL - select m1_0.menu_no,m1_0.menu_dc,m1_0.menu_nm,m1_0.menu_ordr,m1_0.modern_route,m1_0.progrm_file_nm,m1_0.relate_image_nm,m1_0.relate_image_path,m1_0.route_updated_at,m1_0.upper_menu_no from nmenuinfo m1_0 order by m1_0.upper_menu_no,m1_0.menu_ordr
2026-03-16 17:01:26 [http-nio-8080-exec-17] DEBUG o.s.orm.jpa.JpaTransactionManager - Closing JPA EntityManager [SessionImpl(1996059669<open>)] after transaction
2026-03-16 17:01:26 [http-nio-8080-exec-17] DEBUG c.c.p.s.jwt.JwtAuthenticationFilter - >>> [JwtFilter] Successfully authenticated user: USRCNFRM_99999999999, Authorities: [ROLE_ADMIN]
2026-03-16 17:01:26 [http-nio-8080-exec-17] DEBUG o.s.web.servlet.DispatcherServlet - GET "/api/v1/menu/left?menuNo=50", parameters={masked}
2026-03-16 17:01:26 [http-nio-8080-exec-17] TRACE o.s.w.s.m.m.a.RequestMappingHandlerMapping - Mapped to com.company.project.api.controller.menu.MenuController#getLeftMenu(Long)
2026-03-16 17:01:26 [http-nio-8080-exec-17] INFO  c.c.p.a.c.menu.MenuController - getLeftMenu called with menuNo=50
2026-03-16 17:01:26 [http-nio-8080-exec-17] DEBUG o.s.orm.jpa.JpaTransactionManager - Creating new transaction with name [com.company.project.service.menu.MenuService.getSubMenus]: PROPAGATION_REQUIRED,ISOLATION_DEFAULT,readOnly
2026-03-16 17:01:26 [http-nio-8080-exec-17] DEBUG o.s.orm.jpa.JpaTransactionManager - Opened new EntityManager [SessionImpl(2019538450<open>)] for JPA transaction
2026-03-16 17:01:26 [http-nio-8080-exec-17] DEBUG o.s.orm.jpa.JpaTransactionManager - Exposing JPA transaction as JDBC [org.springframework.orm.jpa.vendor.HibernateJpaDialect$HibernateConnectionHandle@5875cd75]
2026-03-16 17:01:26 [http-nio-8080-exec-17] DEBUG org.hibernate.SQL - select m1_0.menu_no,m1_0.menu_dc,m1_0.menu_nm,m1_0.menu_ordr,m1_0.modern_route,m1_0.progrm_file_nm,m1_0.relate_image_nm,m1_0.relate_image_path,m1_0.route_updated_at,m1_0.upper_menu_no from nmenuinfo m1_0 order by m1_0.upper_menu_no,m1_0.menu_ordr
2026-03-16 17:01:26 [http-nio-8080-exec-18] DEBUG o.s.orm.jpa.JpaTransactionManager - Closing JPA EntityManager [SessionImpl(393672624<open>)] after transaction
2026-03-16 17:01:26 [http-nio-8080-exec-18] DEBUG o.s.orm.jpa.JpaTransactionManager - Creating new transaction with name [com.company.project.service.board.BoardService.getBoardPosts]: PROPAGATION_REQUIRED,ISOLATION_DEFAULT,readOnly
2026-03-16 17:01:26 [http-nio-8080-exec-5] DEBUG o.s.orm.jpa.JpaTransactionManager - Closing JPA EntityManager [SessionImpl(1115435689<open>)] after transaction
2026-03-16 17:01:26 [http-nio-8080-exec-18] DEBUG o.s.orm.jpa.JpaTransactionManager - Opened new EntityManager [SessionImpl(1989191121<open>)] for JPA transaction
2026-03-16 17:01:26 [http-nio-8080-exec-5] DEBUG c.c.p.s.jwt.JwtAuthenticationFilter - >>> [JwtFilter] Successfully authenticated user: USRCNFRM_99999999999, Authorities: [ROLE_ADMIN]
2026-03-16 17:01:26 [http-nio-8080-exec-18] DEBUG o.s.orm.jpa.JpaTransactionManager - Exposing JPA transaction as JDBC [org.springframework.orm.jpa.vendor.HibernateJpaDialect$HibernateConnectionHandle@3a517351]
2026-03-16 17:01:26 [http-nio-8080-exec-18] DEBUG o.s.orm.jpa.JpaTransactionManager - Found thread-bound EntityManager [SessionImpl(1989191121<open>)] for JPA transaction
2026-03-16 17:01:26 [http-nio-8080-exec-18] DEBUG o.s.orm.jpa.JpaTransactionManager - Participating in existing transaction
2026-03-16 17:01:26 [http-nio-8080-exec-5] DEBUG o.s.web.servlet.DispatcherServlet - GET "/api/v1/menu/left?menuNo=60", parameters={masked}
2026-03-16 17:01:26 [http-nio-8080-exec-18] DEBUG org.hibernate.SQL - select bm1_0.bbs_id,bm1_0.atch_posbl_file_number,bm1_0.atch_posbl_file_size,bm1_0.bbs_attrb_code,bm1_0.bbs_intrcn,bm1_0.bbs_nm,bm1_0.bbs_ty_code,bm1_0.blog_at,bm1_0.blog_id,bm1_0.cmmnty_id,bm1_0.frst_register_id,bm1_0.frst_regist_pnttm,bm1_0.file_atch_posbl_at,bm1_0.last_updusr_id,bm1_0.last_updt_pnttm,bm1_0.reply_posbl_at,bm1_0.tmplat_id,bm1_0.use_at,bm1_1.answer_at,bm1_1.stsfdg_at from nbbsmaster bm1_0 left join nbbsmasteroptn bm1_1 on bm1_0.bbs_id=bm1_1.bbs_id where bm1_0.bbs_id=?
2026-03-16 17:01:26 [http-nio-8080-exec-5] TRACE o.s.w.s.m.m.a.RequestMappingHandlerMapping - Mapped to com.company.project.api.controller.menu.MenuController#getLeftMenu(Long)
2026-03-16 17:01:26 [http-nio-8080-exec-5] INFO  c.c.p.a.c.menu.MenuController - getLeftMenu called with menuNo=60
2026-03-16 17:01:26 [http-nio-8080-exec-5] DEBUG o.s.orm.jpa.JpaTransactionManager - Creating new transaction with name [com.company.project.service.menu.MenuService.getSubMenus]: PROPAGATION_REQUIRED,ISOLATION_DEFAULT,readOnly
2026-03-16 17:01:26 [http-nio-8080-exec-5] DEBUG o.s.orm.jpa.JpaTransactionManager - Opened new EntityManager [SessionImpl(33668079<open>)] for JPA transaction
2026-03-16 17:01:26 [http-nio-8080-exec-5] DEBUG o.s.orm.jpa.JpaTransactionManager - Exposing JPA transaction as JDBC [org.springframework.orm.jpa.vendor.HibernateJpaDialect$HibernateConnectionHandle@736a067f]
2026-03-16 17:01:26 [http-nio-8080-exec-5] DEBUG org.hibernate.SQL - select m1_0.menu_no,m1_0.menu_dc,m1_0.menu_nm,m1_0.menu_ordr,m1_0.modern_route,m1_0.progrm_file_nm,m1_0.relate_image_nm,m1_0.relate_image_path,m1_0.route_updated_at,m1_0.upper_menu_no from nmenuinfo m1_0 order by m1_0.upper_menu_no,m1_0.menu_ordr
2026-03-16 17:01:27 [http-nio-8080-exec-18] DEBUG org.hibernate.SQL - select b1_0.ntt_id,b1_0.bbs_id,b1_0.ntt_sj,b1_0.ntcr_nm,b1_0.frst_regist_pnttm,b1_0.rdcnt,b1_0.answer_at,b1_0.parntsctt_no,b1_0.answer_lc,b1_0.sort_ordr,b1_0.ntt_no,b1_0.notice_at,b1_0.secret_at,b1_0.comment_co from nbbs b1_0 left join nemplyrinfo u1_0 on b1_0.frst_register_id=u1_0.esntl_id where (b1_0.use_at = 'Y') and b1_0.bbs_id=? order by b1_0.sort_ordr desc,b1_0.ntt_no offset ? rows fetch first ? rows only
2026-03-16 17:01:27 [http-nio-8080-exec-1] DEBUG o.s.orm.jpa.JpaTransactionManager - Found thread-bound EntityManager [SessionImpl(1238250929<open>)] for JPA transaction
2026-03-16 17:01:27 [http-nio-8080-exec-1] DEBUG o.s.orm.jpa.JpaTransactionManager - Participating in existing transaction
2026-03-16 17:01:27 [http-nio-8080-exec-1] DEBUG org.hibernate.SQL - select p1_0.progrm_file_nm,p1_0.progrm_dc,p1_0.progrm_korean_nm,p1_0.progrm_stre_path,p1_0.url from nprogrmlist p1_0
2026-03-16 17:01:27 [http-nio-8080-exec-16] DEBUG o.s.orm.jpa.JpaTransactionManager - Found thread-bound EntityManager [SessionImpl(422634334<open>)] for JPA transaction
2026-03-16 17:01:27 [http-nio-8080-exec-16] DEBUG o.s.orm.jpa.JpaTransactionManager - Participating in existing transaction
2026-03-16 17:01:27 [http-nio-8080-exec-16] DEBUG org.hibernate.SQL - select p1_0.progrm_file_nm,p1_0.progrm_dc,p1_0.progrm_korean_nm,p1_0.progrm_stre_path,p1_0.url from nprogrmlist p1_0
2026-03-16 17:01:27 [http-nio-8080-exec-6] DEBUG o.s.orm.jpa.JpaTransactionManager - Found thread-bound EntityManager [SessionImpl(1143899203<open>)] for JPA transaction
2026-03-16 17:01:27 [http-nio-8080-exec-6] DEBUG o.s.orm.jpa.JpaTransactionManager - Participating in existing transaction
2026-03-16 17:01:27 [http-nio-8080-exec-6] DEBUG org.hibernate.SQL - select p1_0.progrm_file_nm,p1_0.progrm_dc,p1_0.progrm_korean_nm,p1_0.progrm_stre_path,p1_0.url from nprogrmlist p1_0
2026-03-16 17:01:27 [http-nio-8080-exec-17] DEBUG o.s.orm.jpa.JpaTransactionManager - Found thread-bound EntityManager [SessionImpl(2019538450<open>)] for JPA transaction
2026-03-16 17:01:27 [http-nio-8080-exec-17] DEBUG o.s.orm.jpa.JpaTransactionManager - Participating in existing transaction
2026-03-16 17:01:27 [http-nio-8080-exec-17] DEBUG org.hibernate.SQL - select p1_0.progrm_file_nm,p1_0.progrm_dc,p1_0.progrm_korean_nm,p1_0.progrm_stre_path,p1_0.url from nprogrmlist p1_0
2026-03-16 17:01:27 [http-nio-8080-exec-5] DEBUG o.s.orm.jpa.JpaTransactionManager - Found thread-bound EntityManager [SessionImpl(33668079<open>)] for JPA transaction
2026-03-16 17:01:27 [http-nio-8080-exec-5] DEBUG o.s.orm.jpa.JpaTransactionManager - Participating in existing transaction
2026-03-16 17:01:27 [http-nio-8080-exec-5] DEBUG org.hibernate.SQL - select p1_0.progrm_file_nm,p1_0.progrm_dc,p1_0.progrm_korean_nm,p1_0.progrm_stre_path,p1_0.url from nprogrmlist p1_0
2026-03-16 17:01:27 [http-nio-8080-exec-18] DEBUG org.hibernate.SQL - select count(b1_0.ntt_id) from nbbs b1_0 left join nemplyrinfo u1_0 on b1_0.frst_register_id=u1_0.esntl_id where (b1_0.use_at = 'Y') and b1_0.bbs_id=?
2026-03-16 17:01:27 [http-nio-8080-exec-1] DEBUG o.s.orm.jpa.JpaTransactionManager - Initiating transaction commit
2026-03-16 17:01:27 [http-nio-8080-exec-1] DEBUG o.s.orm.jpa.JpaTransactionManager - Committing JPA transaction on EntityManager [SessionImpl(1238250929<open>)]
2026-03-16 17:01:27 [http-nio-8080-exec-16] DEBUG o.s.orm.jpa.JpaTransactionManager - Initiating transaction commit
2026-03-16 17:01:27 [http-nio-8080-exec-16] DEBUG o.s.orm.jpa.JpaTransactionManager - Committing JPA transaction on EntityManager [SessionImpl(422634334<open>)]
2026-03-16 17:01:27 [http-nio-8080-exec-6] DEBUG o.s.orm.jpa.JpaTransactionManager - Initiating transaction commit
2026-03-16 17:01:27 [http-nio-8080-exec-6] DEBUG o.s.orm.jpa.JpaTransactionManager - Committing JPA transaction on EntityManager [SessionImpl(1143899203<open>)]
2026-03-16 17:01:27 [http-nio-8080-exec-5] DEBUG o.s.orm.jpa.JpaTransactionManager - Initiating transaction commit
2026-03-16 17:01:27 [http-nio-8080-exec-5] DEBUG o.s.orm.jpa.JpaTransactionManager - Committing JPA transaction on EntityManager [SessionImpl(33668079<open>)]
2026-03-16 17:01:27 [http-nio-8080-exec-17] DEBUG o.s.orm.jpa.JpaTransactionManager - Initiating transaction commit
2026-03-16 17:01:27 [http-nio-8080-exec-17] DEBUG o.s.orm.jpa.JpaTransactionManager - Committing JPA transaction on EntityManager [SessionImpl(2019538450<open>)]
2026-03-16 17:01:27 [http-nio-8080-exec-18] DEBUG o.s.orm.jpa.JpaTransactionManager - Initiating transaction commit
2026-03-16 17:01:27 [http-nio-8080-exec-18] DEBUG o.s.orm.jpa.JpaTransactionManager - Committing JPA transaction on EntityManager [SessionImpl(1989191121<open>)]
2026-03-16 17:01:27 [http-nio-8080-exec-16] DEBUG o.s.orm.jpa.JpaTransactionManager - Closing JPA EntityManager [SessionImpl(422634334<open>)] after transaction
2026-03-16 17:01:27 [http-nio-8080-exec-6] DEBUG o.s.orm.jpa.JpaTransactionManager - Closing JPA EntityManager [SessionImpl(1143899203<open>)] after transaction
2026-03-16 17:01:27 [http-nio-8080-exec-16] INFO  c.c.p.a.c.menu.MenuController - getLeftMenu returned 2 items
2026-03-16 17:01:27 [http-nio-8080-exec-6] INFO  c.c.p.a.c.menu.MenuController - getLeftMenu returned 5 items
2026-03-16 17:01:27 [http-nio-8080-exec-1] DEBUG o.s.orm.jpa.JpaTransactionManager - Closing JPA EntityManager [SessionImpl(1238250929<open>)] after transaction
2026-03-16 17:01:27 [http-nio-8080-exec-16] DEBUG o.s.w.s.m.m.a.HttpEntityMethodProcessor - Using 'application/json', given [application/json, text/plain, */*] and supported [application/json, application/*+json, application/yaml]
2026-03-16 17:01:27 [http-nio-8080-exec-6] DEBUG o.s.w.s.m.m.a.HttpEntityMethodProcessor - Using 'application/json', given [application/json, text/plain, */*] and supported [application/json, application/*+json, application/yaml]
2026-03-16 17:01:27 [http-nio-8080-exec-16] TRACE o.s.w.s.m.m.a.HttpEntityMethodProcessor - Writing [ApiResponse[success=true, status=200, code=COMMON_001, message=Success, data={list=[com.company.project.service.menu.dto.MenuDto@6f9759ea, com.company.project.service.menu.dto.MenuDto@16e06057]}, timestamp=2026-03-16T17:01:27.448588]]
2026-03-16 17:01:27 [http-nio-8080-exec-1] INFO  c.c.p.a.c.menu.MenuController - getLeftMenu returned 3 items
2026-03-16 17:01:27 [http-nio-8080-exec-6] TRACE o.s.w.s.m.m.a.HttpEntityMethodProcessor - Writing [ApiResponse[success=true, status=200, code=COMMON_001, message=Success, data={list=[com.company.project.service.menu.dto.MenuDto@2da2ca23, com.company.project.service.menu.dto.MenuDto@5ec6a408, com.company.project.service.menu.dto.MenuDto@2d2d2006, com.company.project.service.menu.dto.MenuDto@6bacdf42, com.company.project.service.menu.dto.MenuDto@5064e3c6]}, timestamp=2026-03-16T17:01:27.448588]]
2026-03-16 17:01:27 [http-nio-8080-exec-1] DEBUG o.s.w.s.m.m.a.HttpEntityMethodProcessor - Using 'application/json', given [application/json, text/plain, */*] and supported [application/json, application/*+json, application/yaml]
2026-03-16 17:01:27 [http-nio-8080-exec-1] TRACE o.s.w.s.m.m.a.HttpEntityMethodProcessor - Writing [ApiResponse[success=true, status=200, code=COMMON_001, message=Success, data={list=[com.company.project.service.menu.dto.MenuDto@756ae5e0, com.company.project.service.menu.dto.MenuDto@3cc161d7, com.company.project.service.menu.dto.MenuDto@71f84965]}, timestamp=2026-03-16T17:01:27.448588]]
2026-03-16 17:01:27 [http-nio-8080-exec-6] INFO  c.c.p.a.i.OperationalAuditInterceptor - API Audit Log: URL=/api/v1/menu/left, User=webmaster, IP=0:0:0:0:0:0:0:1
2026-03-16 17:01:27 [http-nio-8080-exec-16] INFO  c.c.p.a.i.OperationalAuditInterceptor - API Audit Log: URL=/api/v1/menu/left, User=webmaster, IP=0:0:0:0:0:0:0:1
2026-03-16 17:01:27 [http-nio-8080-exec-6] DEBUG o.s.web.servlet.DispatcherServlet - Completed 200 OK
2026-03-16 17:01:27 [http-nio-8080-exec-1] INFO  c.c.p.a.i.OperationalAuditInterceptor - API Audit Log: URL=/api/v1/menu/left, User=webmaster, IP=0:0:0:0:0:0:0:1
2026-03-16 17:01:27 [http-nio-8080-exec-1] DEBUG o.s.web.servlet.DispatcherServlet - Completed 200 OK
2026-03-16 17:01:27 [http-nio-8080-exec-16] DEBUG o.s.web.servlet.DispatcherServlet - Completed 200 OK
2026-03-16 17:01:27 [http-nio-8080-exec-17] DEBUG o.s.orm.jpa.JpaTransactionManager - Closing JPA EntityManager [SessionImpl(2019538450<open>)] after transaction
2026-03-16 17:01:27 [http-nio-8080-exec-5] DEBUG o.s.orm.jpa.JpaTransactionManager - Closing JPA EntityManager [SessionImpl(33668079<open>)] after transaction
2026-03-16 17:01:27 [http-nio-8080-exec-17] INFO  c.c.p.a.c.menu.MenuController - getLeftMenu returned 3 items
2026-03-16 17:01:27 [http-nio-8080-exec-5] INFO  c.c.p.a.c.menu.MenuController - getLeftMenu returned 1 items
2026-03-16 17:01:27 [http-nio-8080-exec-17] DEBUG o.s.w.s.m.m.a.HttpEntityMethodProcessor - Using 'application/json', given [application/json, text/plain, */*] and supported [application/json, application/*+json, application/yaml]
2026-03-16 17:01:27 [http-nio-8080-exec-17] TRACE o.s.w.s.m.m.a.HttpEntityMethodProcessor - Writing [ApiResponse[success=true, status=200, code=COMMON_001, message=Success, data={list=[com.company.project.service.menu.dto.MenuDto@5647e3f6, com.company.project.service.menu.dto.MenuDto@45aa1fed, com.company.project.service.menu.dto.MenuDto@5e1a2e1a]}, timestamp=2026-03-16T17:01:27.478697900]]
2026-03-16 17:01:27 [http-nio-8080-exec-5] DEBUG o.s.w.s.m.m.a.HttpEntityMethodProcessor - Using 'application/json', given [application/json, text/plain, */*] and supported [application/json, application/*+json, application/yaml]
2026-03-16 17:01:27 [http-nio-8080-exec-5] TRACE o.s.w.s.m.m.a.HttpEntityMethodProcessor - Writing [ApiResponse[success=true, status=200, code=COMMON_001, message=Success, data={list=[com.company.project.service.menu.dto.MenuDto@4107a2b1]}, timestamp=2026-03-16T17:01:27.478697900]]
2026-03-16 17:01:27 [http-nio-8080-exec-17] INFO  c.c.p.a.i.OperationalAuditInterceptor - API Audit Log: URL=/api/v1/menu/left, User=webmaster, IP=0:0:0:0:0:0:0:1
2026-03-16 17:01:27 [http-nio-8080-exec-17] DEBUG o.s.web.servlet.DispatcherServlet - Completed 200 OK
2026-03-16 17:01:27 [http-nio-8080-exec-5] INFO  c.c.p.a.i.OperationalAuditInterceptor - API Audit Log: URL=/api/v1/menu/left, User=webmaster, IP=0:0:0:0:0:0:0:1
2026-03-16 17:01:27 [http-nio-8080-exec-5] DEBUG o.s.web.servlet.DispatcherServlet - Completed 200 OK
2026-03-16 17:01:27 [http-nio-8080-exec-18] DEBUG o.s.orm.jpa.JpaTransactionManager - Closing JPA EntityManager [SessionImpl(1989191121<open>)] after transaction
2026-03-16 17:01:27 [http-nio-8080-exec-18] DEBUG o.s.orm.jpa.JpaTransactionManager - Creating new transaction with name [com.company.project.service.informalsanction.InformalSanctionServiceImpl.getReceivedInformalSanctionList]: PROPAGATION_REQUIRED,ISOLATION_DEFAULT,readOnly
2026-03-16 17:01:27 [http-nio-8080-exec-18] DEBUG o.s.orm.jpa.JpaTransactionManager - Opened new EntityManager [SessionImpl(1021038866<open>)] for JPA transaction
2026-03-16 17:01:27 [http-nio-8080-exec-18] DEBUG o.s.orm.jpa.JpaTransactionManager - Exposing JPA transaction as JDBC [org.springframework.orm.jpa.vendor.HibernateJpaDialect$HibernateConnectionHandle@4950e95c]
2026-03-16 17:01:27 [http-nio-8080-exec-18] DEBUG org.hibernate.SQL - select is1_0.infrml_sanctn_id,is1_0.applcnt_id,is1_0.confm_at,is1_0.frst_register_id,is1_0.frst_regist_pnttm,is1_0.job_se_code,is1_0.last_updusr_id,is1_0.last_updt_pnttm,is1_0.reqst_de,is1_0.return_resn,is1_0.sanctn_dt,is1_0.sanctner_id from ninfrmlsanctn is1_0 where is1_0.sanctner_id=?
2026-03-16 17:01:27 [http-nio-8080-exec-18] DEBUG o.s.orm.jpa.JpaTransactionManager - Initiating transaction commit
2026-03-16 17:01:27 [http-nio-8080-exec-18] DEBUG o.s.orm.jpa.JpaTransactionManager - Committing JPA transaction on EntityManager [SessionImpl(1021038866<open>)]
2026-03-16 17:01:27 [http-nio-8080-exec-18] DEBUG o.s.orm.jpa.JpaTransactionManager - Closing JPA EntityManager [SessionImpl(1021038866<open>)] after transaction
2026-03-16 17:01:27 [http-nio-8080-exec-18] DEBUG o.s.w.s.m.m.a.HttpEntityMethodProcessor - Using 'application/json', given [application/json, text/plain, */*] and supported [application/json, application/*+json, application/yaml]
2026-03-16 17:01:27 [http-nio-8080-exec-18] TRACE o.s.w.s.m.m.a.HttpEntityMethodProcessor - Writing [{notiList=[com.company.project.service.board.dto.BoardDto@6eef9d7d], success=true, taskList=[com.company.project.service.board.dto.BoardDto@499e513b], pendingApprovalCount=0}]
2026-03-16 17:01:27 [http-nio-8080-exec-18] INFO  c.c.p.a.i.OperationalAuditInterceptor - API Audit Log: URL=/api/v1/dashboard, User=webmaster, IP=0:0:0:0:0:0:0:1
2026-03-16 17:01:27 [http-nio-8080-exec-18] DEBUG o.s.web.servlet.DispatcherServlet - Completed 200 OK
2026-03-16 17:01:27 [http-nio-8080-exec-2] DEBUG c.c.p.s.jwt.JwtAuthenticationFilter - >>> [JwtFilter] Processing request: GET /api/v1/menu/head
2026-03-16 17:01:27 [http-nio-8080-exec-12] DEBUG c.c.p.s.jwt.JwtAuthenticationFilter - >>> [JwtFilter] Processing request: GET /api/v1/menu/left
2026-03-16 17:01:27 [http-nio-8080-exec-2] DEBUG c.c.p.s.jwt.JwtAuthenticationFilter - >>> [JwtFilter] Found token in header for path: /api/v1/menu/head
2026-03-16 17:01:27 [http-nio-8080-exec-3] DEBUG c.c.p.s.jwt.JwtAuthenticationFilter - >>> [JwtFilter] Processing request: GET /api/v1/auth/me
2026-03-16 17:01:27 [http-nio-8080-exec-12] DEBUG c.c.p.s.jwt.JwtAuthenticationFilter - >>> [JwtFilter] Found token in header for path: /api/v1/menu/left
2026-03-16 17:01:27 [http-nio-8080-exec-3] DEBUG c.c.p.s.jwt.JwtAuthenticationFilter - >>> [JwtFilter] Found token in header for path: /api/v1/auth/me
2026-03-16 17:01:27 [http-nio-8080-exec-3] DEBUG o.s.orm.jpa.JpaTransactionManager - Creating new transaction with name [com.company.project.security.iam.CustomUserDetailsService.loadUserByUsername]: PROPAGATION_REQUIRED,ISOLATION_DEFAULT,readOnly
2026-03-16 17:01:27 [http-nio-8080-exec-2] DEBUG o.s.orm.jpa.JpaTransactionManager - Creating new transaction with name [com.company.project.security.iam.CustomUserDetailsService.loadUserByUsername]: PROPAGATION_REQUIRED,ISOLATION_DEFAULT,readOnly
2026-03-16 17:01:27 [http-nio-8080-exec-3] DEBUG o.s.orm.jpa.JpaTransactionManager - Opened new EntityManager [SessionImpl(1608266814<open>)] for JPA transaction
2026-03-16 17:01:27 [http-nio-8080-exec-12] DEBUG o.s.orm.jpa.JpaTransactionManager - Creating new transaction with name [com.company.project.security.iam.CustomUserDetailsService.loadUserByUsername]: PROPAGATION_REQUIRED,ISOLATION_DEFAULT,readOnly
2026-03-16 17:01:27 [http-nio-8080-exec-2] DEBUG o.s.orm.jpa.JpaTransactionManager - Opened new EntityManager [SessionImpl(1707777757<open>)] for JPA transaction
2026-03-16 17:01:27 [http-nio-8080-exec-12] DEBUG o.s.orm.jpa.JpaTransactionManager - Opened new EntityManager [SessionImpl(839612429<open>)] for JPA transaction
2026-03-16 17:01:27 [http-nio-8080-exec-3] DEBUG o.s.orm.jpa.JpaTransactionManager - Exposing JPA transaction as JDBC [org.springframework.orm.jpa.vendor.HibernateJpaDialect$HibernateConnectionHandle@7cb6b90d]
2026-03-16 17:01:27 [http-nio-8080-exec-3] DEBUG o.s.orm.jpa.JpaTransactionManager - Found thread-bound EntityManager [SessionImpl(1608266814<open>)] for JPA transaction
2026-03-16 17:01:27 [http-nio-8080-exec-3] DEBUG o.s.orm.jpa.JpaTransactionManager - Participating in existing transaction
2026-03-16 17:01:27 [http-nio-8080-exec-3] DEBUG org.hibernate.SQL - select u1_0.emplyr_id,u1_0.area_no,u1_0.brthdy,u1_0.chg_pwd_cnt,u1_0.frst_register_id,u1_0.frst_regist_pnttm,u1_0.detail_adres,u1_0.email_adres,u1_0.emplyr_sttus_code,u1_0.empl_no,u1_0.esntl_id,u1_0.fxnum,u1_0.group_id,u1_0.house_adres,u1_0.house_end_telno,u1_0.house_middle_telno,u1_0.ihidnum,u1_0.pstinst_code,u1_0.last_updusr_id,u1_0.last_updt_pnttm,u1_0.lock_at,u1_0.lock_cnt,u1_0.lock_last_pnttm,u1_0.mbtlnum,u1_0.ofcps_nm,u1_0.offm_telno,u1_0.orgnzt_id,u1_0.password,u1_0.password_cnsr,u1_0.password_hint,u1_0.chg_pwd_last_pnttm,u1_0.role,u1_0.sbscrb_de,u1_0.sexdstn_code,u1_0.crtfc_dn_value,u1_0.user_nm,u1_0.zip from nemplyrinfo u1_0 where u1_0.emplyr_id=?
2026-03-16 17:01:28 [http-nio-8080-exec-2] DEBUG o.s.orm.jpa.JpaTransactionManager - Exposing JPA transaction as JDBC [org.springframework.orm.jpa.vendor.HibernateJpaDialect$HibernateConnectionHandle@50323aaa]
2026-03-16 17:01:28 [http-nio-8080-exec-2] DEBUG o.s.orm.jpa.JpaTransactionManager - Found thread-bound EntityManager [SessionImpl(1707777757<open>)] for JPA transaction
2026-03-16 17:01:28 [http-nio-8080-exec-2] DEBUG o.s.orm.jpa.JpaTransactionManager - Participating in existing transaction
2026-03-16 17:01:28 [http-nio-8080-exec-2] DEBUG org.hibernate.SQL - select u1_0.emplyr_id,u1_0.area_no,u1_0.brthdy,u1_0.chg_pwd_cnt,u1_0.frst_register_id,u1_0.frst_regist_pnttm,u1_0.detail_adres,u1_0.email_adres,u1_0.emplyr_sttus_code,u1_0.empl_no,u1_0.esntl_id,u1_0.fxnum,u1_0.group_id,u1_0.house_adres,u1_0.house_end_telno,u1_0.house_middle_telno,u1_0.ihidnum,u1_0.pstinst_code,u1_0.last_updusr_id,u1_0.last_updt_pnttm,u1_0.lock_at,u1_0.lock_cnt,u1_0.lock_last_pnttm,u1_0.mbtlnum,u1_0.ofcps_nm,u1_0.offm_telno,u1_0.orgnzt_id,u1_0.password,u1_0.password_cnsr,u1_0.password_hint,u1_0.chg_pwd_last_pnttm,u1_0.role,u1_0.sbscrb_de,u1_0.sexdstn_code,u1_0.crtfc_dn_value,u1_0.user_nm,u1_0.zip from nemplyrinfo u1_0 where u1_0.emplyr_id=?
2026-03-16 17:01:28 [http-nio-8080-exec-3] DEBUG o.s.orm.jpa.JpaTransactionManager - Found thread-bound EntityManager [SessionImpl(1608266814<open>)] for JPA transaction
2026-03-16 17:01:28 [http-nio-8080-exec-3] DEBUG o.s.orm.jpa.JpaTransactionManager - Participating in existing transaction
2026-03-16 17:01:28 [http-nio-8080-exec-3] DEBUG org.hibernate.SQL - select ua1_0.scrty_dtrmn_trget_id,ua1_0.author_code,ua1_0.frst_register_id,ua1_0.frst_regist_pnttm,ua1_0.last_updusr_id,ua1_0.last_updt_pnttm,ua1_0.mber_ty_code from nemplyrscrtyestbs ua1_0 where ua1_0.scrty_dtrmn_trget_id=?
2026-03-16 17:01:28 [http-nio-8080-exec-12] DEBUG o.s.orm.jpa.JpaTransactionManager - Exposing JPA transaction as JDBC [org.springframework.orm.jpa.vendor.HibernateJpaDialect$HibernateConnectionHandle@4107eff0]
2026-03-16 17:01:28 [http-nio-8080-exec-12] DEBUG o.s.orm.jpa.JpaTransactionManager - Found thread-bound EntityManager [SessionImpl(839612429<open>)] for JPA transaction
2026-03-16 17:01:28 [http-nio-8080-exec-12] DEBUG o.s.orm.jpa.JpaTransactionManager - Participating in existing transaction
2026-03-16 17:01:28 [http-nio-8080-exec-12] DEBUG org.hibernate.SQL - select u1_0.emplyr_id,u1_0.area_no,u1_0.brthdy,u1_0.chg_pwd_cnt,u1_0.frst_register_id,u1_0.frst_regist_pnttm,u1_0.detail_adres,u1_0.email_adres,u1_0.emplyr_sttus_code,u1_0.empl_no,u1_0.esntl_id,u1_0.fxnum,u1_0.group_id,u1_0.house_adres,u1_0.house_end_telno,u1_0.house_middle_telno,u1_0.ihidnum,u1_0.pstinst_code,u1_0.last_updusr_id,u1_0.last_updt_pnttm,u1_0.lock_at,u1_0.lock_cnt,u1_0.lock_last_pnttm,u1_0.mbtlnum,u1_0.ofcps_nm,u1_0.offm_telno,u1_0.orgnzt_id,u1_0.password,u1_0.password_cnsr,u1_0.password_hint,u1_0.chg_pwd_last_pnttm,u1_0.role,u1_0.sbscrb_de,u1_0.sexdstn_code,u1_0.crtfc_dn_value,u1_0.user_nm,u1_0.zip from nemplyrinfo u1_0 where u1_0.emplyr_id=?
2026-03-16 17:01:28 [http-nio-8080-exec-3] DEBUG o.s.orm.jpa.JpaTransactionManager - Initiating transaction commit
2026-03-16 17:01:28 [http-nio-8080-exec-2] DEBUG o.s.orm.jpa.JpaTransactionManager - Found thread-bound EntityManager [SessionImpl(1707777757<open>)] for JPA transaction
2026-03-16 17:01:28 [http-nio-8080-exec-12] DEBUG o.s.orm.jpa.JpaTransactionManager - Found thread-bound EntityManager [SessionImpl(839612429<open>)] for JPA transaction
2026-03-16 17:01:28 [http-nio-8080-exec-3] DEBUG o.s.orm.jpa.JpaTransactionManager - Committing JPA transaction on EntityManager [SessionImpl(1608266814<open>)]
2026-03-16 17:01:28 [http-nio-8080-exec-2] DEBUG o.s.orm.jpa.JpaTransactionManager - Participating in existing transaction
2026-03-16 17:01:28 [http-nio-8080-exec-12] DEBUG o.s.orm.jpa.JpaTransactionManager - Participating in existing transaction
2026-03-16 17:01:28 [http-nio-8080-exec-12] DEBUG org.hibernate.SQL - select ua1_0.scrty_dtrmn_trget_id,ua1_0.author_code,ua1_0.frst_register_id,ua1_0.frst_regist_pnttm,ua1_0.last_updusr_id,ua1_0.last_updt_pnttm,ua1_0.mber_ty_code from nemplyrscrtyestbs ua1_0 where ua1_0.scrty_dtrmn_trget_id=?
2026-03-16 17:01:28 [http-nio-8080-exec-2] DEBUG org.hibernate.SQL - select ua1_0.scrty_dtrmn_trget_id,ua1_0.author_code,ua1_0.frst_register_id,ua1_0.frst_regist_pnttm,ua1_0.last_updusr_id,ua1_0.last_updt_pnttm,ua1_0.mber_ty_code from nemplyrscrtyestbs ua1_0 where ua1_0.scrty_dtrmn_trget_id=?
2026-03-16 17:01:28 [http-nio-8080-exec-3] DEBUG o.s.orm.jpa.JpaTransactionManager - Closing JPA EntityManager [SessionImpl(1608266814<open>)] after transaction
2026-03-16 17:01:28 [http-nio-8080-exec-3] DEBUG c.c.p.s.jwt.JwtAuthenticationFilter - >>> [JwtFilter] Successfully authenticated user: USRCNFRM_99999999999, Authorities: [ROLE_ADMIN]
2026-03-16 17:01:28 [http-nio-8080-exec-3] DEBUG o.s.web.servlet.DispatcherServlet - GET "/api/v1/auth/me", parameters={}
2026-03-16 17:01:28 [http-nio-8080-exec-3] TRACE o.s.w.s.m.m.a.RequestMappingHandlerMapping - Mapped to com.company.project.api.auth.AuthController#getCurrentUser()
2026-03-16 17:01:28 [http-nio-8080-exec-3] DEBUG o.s.w.s.m.m.a.RequestResponseBodyMethodProcessor - Using 'application/json', given [application/json, text/plain, */*] and supported [application/json, application/*+json, application/yaml]
2026-03-16 17:01:28 [http-nio-8080-exec-3] TRACE o.s.w.s.m.m.a.RequestResponseBodyMethodProcessor - Writing [ApiResponse[success=true, status=200, code=COMMON_001, message=Success, data={role=ROLE_ADMIN, userSe=EMP, name=관리자, id=webmaster}, timestamp=2026-03-16T17:01:28.452226900]]
2026-03-16 17:01:28 [http-nio-8080-exec-3] INFO  c.c.p.a.i.OperationalAuditInterceptor - API Audit Log: URL=/api/v1/auth/me, User=webmaster, IP=127.0.0.1
2026-03-16 17:01:28 [http-nio-8080-exec-3] DEBUG o.s.web.servlet.DispatcherServlet - Completed 200 OK
2026-03-16 17:01:28 [http-nio-8080-exec-2] DEBUG o.s.orm.jpa.JpaTransactionManager - Initiating transaction commit
2026-03-16 17:01:28 [http-nio-8080-exec-12] DEBUG o.s.orm.jpa.JpaTransactionManager - Initiating transaction commit
2026-03-16 17:01:28 [http-nio-8080-exec-2] DEBUG o.s.orm.jpa.JpaTransactionManager - Committing JPA transaction on EntityManager [SessionImpl(1707777757<open>)]
2026-03-16 17:01:28 [http-nio-8080-exec-12] DEBUG o.s.orm.jpa.JpaTransactionManager - Committing JPA transaction on EntityManager [SessionImpl(839612429<open>)]
2026-03-16 17:01:28 [http-nio-8080-exec-7] DEBUG c.c.p.s.jwt.JwtAuthenticationFilter - >>> [JwtFilter] Processing request: GET /api/v1/notifications
2026-03-16 17:01:28 [http-nio-8080-exec-7] DEBUG c.c.p.s.jwt.JwtAuthenticationFilter - >>> [JwtFilter] Found token in header for path: /api/v1/notifications
2026-03-16 17:01:28 [http-nio-8080-exec-7] DEBUG o.s.orm.jpa.JpaTransactionManager - Creating new transaction with name [com.company.project.security.iam.CustomUserDetailsService.loadUserByUsername]: PROPAGATION_REQUIRED,ISOLATION_DEFAULT,readOnly
2026-03-16 17:01:28 [http-nio-8080-exec-7] DEBUG o.s.orm.jpa.JpaTransactionManager - Opened new EntityManager [SessionImpl(113124680<open>)] for JPA transaction
2026-03-16 17:01:28 [http-nio-8080-exec-9] DEBUG o.s.web.servlet.DispatcherServlet - GET "/ws/info?t=1773648088491", parameters={masked}
2026-03-16 17:01:28 [http-nio-8080-exec-9] DEBUG o.s.w.s.s.s.WebSocketHandlerMapping - Mapped to org.springframework.web.socket.sockjs.support.SockJsHttpRequestHandler@3d80b7ba
2026-03-16 17:01:28 [http-nio-8080-exec-9] DEBUG o.s.w.s.s.t.h.DefaultSockJsService - Processing transport request: GET http://localhost:8080/ws/info?t=1773648088491
2026-03-16 17:01:28 [http-nio-8080-exec-10] DEBUG c.c.p.s.jwt.JwtAuthenticationFilter - >>> [JwtFilter] Processing request: GET /api/v1/notifications/unread-count
2026-03-16 17:01:28 [http-nio-8080-exec-11] DEBUG c.c.p.s.jwt.JwtAuthenticationFilter - >>> [JwtFilter] Processing request: GET /api/v1/popups/active
2026-03-16 17:01:28 [http-nio-8080-exec-9] DEBUG o.s.web.servlet.DispatcherServlet - Completed 200 OK
2026-03-16 17:01:28 [http-nio-8080-exec-10] DEBUG c.c.p.s.jwt.JwtAuthenticationFilter - >>> [JwtFilter] Found token in header for path: /api/v1/notifications/unread-count
2026-03-16 17:01:28 [http-nio-8080-exec-11] DEBUG c.c.p.s.jwt.JwtAuthenticationFilter - >>> [JwtFilter] Found token in header for path: /api/v1/popups/active
2026-03-16 17:01:28 [http-nio-8080-exec-10] DEBUG o.s.orm.jpa.JpaTransactionManager - Creating new transaction with name [com.company.project.security.iam.CustomUserDetailsService.loadUserByUsername]: PROPAGATION_REQUIRED,ISOLATION_DEFAULT,readOnly
2026-03-16 17:01:28 [http-nio-8080-exec-11] DEBUG o.s.orm.jpa.JpaTransactionManager - Creating new transaction with name [com.company.project.security.iam.CustomUserDetailsService.loadUserByUsername]: PROPAGATION_REQUIRED,ISOLATION_DEFAULT,readOnly
2026-03-16 17:01:28 [http-nio-8080-exec-10] DEBUG o.s.orm.jpa.JpaTransactionManager - Opened new EntityManager [SessionImpl(317857820<open>)] for JPA transaction
2026-03-16 17:01:28 [http-nio-8080-exec-11] DEBUG o.s.orm.jpa.JpaTransactionManager - Opened new EntityManager [SessionImpl(697856524<open>)] for JPA transaction
2026-03-16 17:01:28 [http-nio-8080-exec-13] DEBUG o.s.web.servlet.DispatcherServlet - GET "/ws/083/s1vwis1p/websocket", parameters={}
2026-03-16 17:01:28 [http-nio-8080-exec-13] DEBUG o.s.w.s.s.s.WebSocketHandlerMapping - Mapped to org.springframework.web.socket.sockjs.support.SockJsHttpRequestHandler@3d80b7ba
2026-03-16 17:01:28 [http-nio-8080-exec-13] DEBUG o.s.w.s.s.t.h.DefaultSockJsService - Processing transport request: GET http://localhost:8080/ws/083/s1vwis1p/websocket
2026-03-16 17:01:28 [http-nio-8080-exec-13] DEBUG o.s.web.servlet.DispatcherServlet - Completed 101 SWITCHING_PROTOCOLS
2026-03-16 17:01:28 [http-nio-8080-exec-13] DEBUG o.s.w.s.h.LoggingWebSocketHandlerDecorator - New WebSocketServerSockJsSession[id=s1vwis1p]
2026-03-16 17:01:28 [scheduling-1] DEBUG org.springframework.web.SimpLogging - Processing CONNECT session=s1vwis1p
2026-03-16 17:01:28 [scheduling-1] DEBUG org.springframework.web.SimpLogging - Processing SUBSCRIBE /topic/notices id=sub-0 session=s1vwis1p
2026-03-16 17:01:28 [scheduling-1] DEBUG org.springframework.web.SimpLogging - Processing SUBSCRIBE destination=/queue/notifications-users1vwis1p subscriptionId=sub-1 session=s1vwis1p payload=byte[0]
2026-03-16 17:01:28 [scheduling-1] DEBUG org.springframework.web.SimpLogging - Processing SUBSCRIBE /topic/public id=sub-2 session=s1vwis1p
2026-03-16 17:01:28 [scheduling-1] DEBUG org.springframework.web.SimpLogging - Processing SUBSCRIBE /topic/dashboard/stats id=sub-4 session=s1vwis1p
2026-03-16 17:01:28 [scheduling-1] DEBUG org.springframework.web.SimpLogging - Processing SUBSCRIBE /topic/notifications id=sub-5 session=s1vwis1p
2026-03-16 17:01:28 [scheduling-1] DEBUG org.springframework.web.SimpLogging - Processing SUBSCRIBE destination=/queue/notifications-users1vwis1p subscriptionId=sub-6 session=s1vwis1p payload=byte[0]
2026-03-16 17:01:28 [http-nio-8080-exec-19] DEBUG c.c.p.s.jwt.JwtAuthenticationFilter - >>> [JwtFilter] Processing request: GET /api/v1/admin/system/banners/reflected
2026-03-16 17:01:28 [http-nio-8080-exec-19] DEBUG c.c.p.s.jwt.JwtAuthenticationFilter - >>> [JwtFilter] Found token in header for path: /api/v1/admin/system/banners/reflected
2026-03-16 17:01:28 [http-nio-8080-exec-19] DEBUG o.s.orm.jpa.JpaTransactionManager - Creating new transaction with name [com.company.project.security.iam.CustomUserDetailsService.loadUserByUsername]: PROPAGATION_REQUIRED,ISOLATION_DEFAULT,readOnly
2026-03-16 17:01:28 [http-nio-8080-exec-19] DEBUG o.s.orm.jpa.JpaTransactionManager - Opened new EntityManager [SessionImpl(1505582162<open>)] for JPA transaction
2026-03-16 17:01:28 [http-nio-8080-exec-19] DEBUG o.s.orm.jpa.JpaTransactionManager - Exposing JPA transaction as JDBC [org.springframework.orm.jpa.vendor.HibernateJpaDialect$HibernateConnectionHandle@4039177c]
2026-03-16 17:01:28 [http-nio-8080-exec-19] DEBUG o.s.orm.jpa.JpaTransactionManager - Found thread-bound EntityManager [SessionImpl(1505582162<open>)] for JPA transaction
2026-03-16 17:01:28 [http-nio-8080-exec-19] DEBUG o.s.orm.jpa.JpaTransactionManager - Participating in existing transaction
2026-03-16 17:01:28 [http-nio-8080-exec-19] DEBUG org.hibernate.SQL - select u1_0.emplyr_id,u1_0.area_no,u1_0.brthdy,u1_0.chg_pwd_cnt,u1_0.frst_register_id,u1_0.frst_regist_pnttm,u1_0.detail_adres,u1_0.email_adres,u1_0.emplyr_sttus_code,u1_0.empl_no,u1_0.esntl_id,u1_0.fxnum,u1_0.group_id,u1_0.house_adres,u1_0.house_end_telno,u1_0.house_middle_telno,u1_0.ihidnum,u1_0.pstinst_code,u1_0.last_updusr_id,u1_0.last_updt_pnttm,u1_0.lock_at,u1_0.lock_cnt,u1_0.lock_last_pnttm,u1_0.mbtlnum,u1_0.ofcps_nm,u1_0.offm_telno,u1_0.orgnzt_id,u1_0.password,u1_0.password_cnsr,u1_0.password_hint,u1_0.chg_pwd_last_pnttm,u1_0.role,u1_0.sbscrb_de,u1_0.sexdstn_code,u1_0.crtfc_dn_value,u1_0.user_nm,u1_0.zip from nemplyrinfo u1_0 where u1_0.emplyr_id=?
2026-03-16 17:01:28 [http-nio-8080-exec-2] DEBUG o.s.orm.jpa.JpaTransactionManager - Closing JPA EntityManager [SessionImpl(1707777757<open>)] after transaction
2026-03-16 17:01:28 [http-nio-8080-exec-2] DEBUG c.c.p.s.jwt.JwtAuthenticationFilter - >>> [JwtFilter] Successfully authenticated user: USRCNFRM_99999999999, Authorities: [ROLE_ADMIN]
2026-03-16 17:01:28 [http-nio-8080-exec-2] DEBUG o.s.web.servlet.DispatcherServlet - GET "/api/v1/menu/head", parameters={}
2026-03-16 17:01:28 [http-nio-8080-exec-2] TRACE o.s.w.s.m.m.a.RequestMappingHandlerMapping - Mapped to com.company.project.api.controller.menu.MenuController#getHeadMenu()
2026-03-16 17:01:28 [http-nio-8080-exec-2] INFO  c.c.p.a.c.menu.MenuController - getHeadMenu called
2026-03-16 17:01:28 [http-nio-8080-exec-2] INFO  c.c.p.a.c.menu.MenuController - getHeadMenu returned 5 items
2026-03-16 17:01:28 [http-nio-8080-exec-2] DEBUG o.s.w.s.m.m.a.HttpEntityMethodProcessor - Using 'application/json', given [application/json, text/plain, */*] and supported [application/json, application/*+json, application/yaml]
2026-03-16 17:01:28 [http-nio-8080-exec-2] TRACE o.s.w.s.m.m.a.HttpEntityMethodProcessor - Writing [ApiResponse[success=true, status=200, code=COMMON_001, message=Success, data={list=[com.company.project.service.menu.dto.MenuDto@2b80d6b0, com.company.project.service.menu.dto.MenuDto@1418cfa3, com.company.project.service.menu.dto.MenuDto@f230bf1, com.company.project.service.menu.dto.MenuDto@734a7f6a, com.company.project.service.menu.dto.MenuDto@5e5202e5]}, timestamp=2026-03-16T17:01:28.612566300]]
2026-03-16 17:01:28 [http-nio-8080-exec-2] INFO  c.c.p.a.i.OperationalAuditInterceptor - API Audit Log: URL=/api/v1/menu/head, User=webmaster, IP=127.0.0.1
2026-03-16 17:01:28 [http-nio-8080-exec-2] DEBUG o.s.web.servlet.DispatcherServlet - Completed 200 OK
2026-03-16 17:01:28 [http-nio-8080-exec-12] DEBUG o.s.orm.jpa.JpaTransactionManager - Closing JPA EntityManager [SessionImpl(839612429<open>)] after transaction
2026-03-16 17:01:28 [http-nio-8080-exec-12] DEBUG c.c.p.s.jwt.JwtAuthenticationFilter - >>> [JwtFilter] Successfully authenticated user: USRCNFRM_99999999999, Authorities: [ROLE_ADMIN]
2026-03-16 17:01:28 [http-nio-8080-exec-12] DEBUG o.s.web.servlet.DispatcherServlet - GET "/api/v1/menu/left?menuNo=10", parameters={masked}
2026-03-16 17:01:28 [http-nio-8080-exec-12] TRACE o.s.w.s.m.m.a.RequestMappingHandlerMapping - Mapped to com.company.project.api.controller.menu.MenuController#getLeftMenu(Long)
2026-03-16 17:01:28 [http-nio-8080-exec-12] INFO  c.c.p.a.c.menu.MenuController - getLeftMenu called with menuNo=10
2026-03-16 17:01:28 [http-nio-8080-exec-12] DEBUG o.s.orm.jpa.JpaTransactionManager - Creating new transaction with name [com.company.project.service.menu.MenuService.getSubMenus]: PROPAGATION_REQUIRED,ISOLATION_DEFAULT,readOnly
2026-03-16 17:01:28 [http-nio-8080-exec-12] DEBUG o.s.orm.jpa.JpaTransactionManager - Opened new EntityManager [SessionImpl(372958796<open>)] for JPA transaction
2026-03-16 17:01:28 [http-nio-8080-exec-12] DEBUG o.s.orm.jpa.JpaTransactionManager - Exposing JPA transaction as JDBC [org.springframework.orm.jpa.vendor.HibernateJpaDialect$HibernateConnectionHandle@3b15c837]
2026-03-16 17:01:28 [http-nio-8080-exec-12] DEBUG org.hibernate.SQL - select m1_0.menu_no,m1_0.menu_dc,m1_0.menu_nm,m1_0.menu_ordr,m1_0.modern_route,m1_0.progrm_file_nm,m1_0.relate_image_nm,m1_0.relate_image_path,m1_0.route_updated_at,m1_0.upper_menu_no from nmenuinfo m1_0 order by m1_0.upper_menu_no,m1_0.menu_ordr
2026-03-16 17:01:28 [http-nio-8080-exec-15] DEBUG c.c.p.s.jwt.JwtAuthenticationFilter - >>> [JwtFilter] Processing request: GET /api/v1/admin/system/statistics/connect
2026-03-16 17:01:28 [http-nio-8080-exec-15] DEBUG c.c.p.s.jwt.JwtAuthenticationFilter - >>> [JwtFilter] Found token in header for path: /api/v1/admin/system/statistics/connect
2026-03-16 17:01:28 [http-nio-8080-exec-15] DEBUG o.s.orm.jpa.JpaTransactionManager - Creating new transaction with name [com.company.project.security.iam.CustomUserDetailsService.loadUserByUsername]: PROPAGATION_REQUIRED,ISOLATION_DEFAULT,readOnly
2026-03-16 17:01:28 [http-nio-8080-exec-15] DEBUG o.s.orm.jpa.JpaTransactionManager - Opened new EntityManager [SessionImpl(1238856906<open>)] for JPA transaction
2026-03-16 17:01:28 [http-nio-8080-exec-7] DEBUG o.s.orm.jpa.JpaTransactionManager - Exposing JPA transaction as JDBC [org.springframework.orm.jpa.vendor.HibernateJpaDialect$HibernateConnectionHandle@6686cb22]
2026-03-16 17:01:28 [http-nio-8080-exec-11] DEBUG o.s.orm.jpa.JpaTransactionManager - Exposing JPA transaction as JDBC [org.springframework.orm.jpa.vendor.HibernateJpaDialect$HibernateConnectionHandle@6da137e3]
2026-03-16 17:01:28 [http-nio-8080-exec-7] DEBUG o.s.orm.jpa.JpaTransactionManager - Found thread-bound EntityManager [SessionImpl(113124680<open>)] for JPA transaction
2026-03-16 17:01:28 [http-nio-8080-exec-11] DEBUG o.s.orm.jpa.JpaTransactionManager - Found thread-bound EntityManager [SessionImpl(697856524<open>)] for JPA transaction
2026-03-16 17:01:28 [http-nio-8080-exec-7] DEBUG o.s.orm.jpa.JpaTransactionManager - Participating in existing transaction
2026-03-16 17:01:28 [http-nio-8080-exec-11] DEBUG o.s.orm.jpa.JpaTransactionManager - Participating in existing transaction
2026-03-16 17:01:28 [http-nio-8080-exec-11] DEBUG org.hibernate.SQL - select u1_0.emplyr_id,u1_0.area_no,u1_0.brthdy,u1_0.chg_pwd_cnt,u1_0.frst_register_id,u1_0.frst_regist_pnttm,u1_0.detail_adres,u1_0.email_adres,u1_0.emplyr_sttus_code,u1_0.empl_no,u1_0.esntl_id,u1_0.fxnum,u1_0.group_id,u1_0.house_adres,u1_0.house_end_telno,u1_0.house_middle_telno,u1_0.ihidnum,u1_0.pstinst_code,u1_0.last_updusr_id,u1_0.last_updt_pnttm,u1_0.lock_at,u1_0.lock_cnt,u1_0.lock_last_pnttm,u1_0.mbtlnum,u1_0.ofcps_nm,u1_0.offm_telno,u1_0.orgnzt_id,u1_0.password,u1_0.password_cnsr,u1_0.password_hint,u1_0.chg_pwd_last_pnttm,u1_0.role,u1_0.sbscrb_de,u1_0.sexdstn_code,u1_0.crtfc_dn_value,u1_0.user_nm,u1_0.zip from nemplyrinfo u1_0 where u1_0.emplyr_id=?
2026-03-16 17:01:28 [http-nio-8080-exec-7] DEBUG org.hibernate.SQL - select u1_0.emplyr_id,u1_0.area_no,u1_0.brthdy,u1_0.chg_pwd_cnt,u1_0.frst_register_id,u1_0.frst_regist_pnttm,u1_0.detail_adres,u1_0.email_adres,u1_0.emplyr_sttus_code,u1_0.empl_no,u1_0.esntl_id,u1_0.fxnum,u1_0.group_id,u1_0.house_adres,u1_0.house_end_telno,u1_0.house_middle_telno,u1_0.ihidnum,u1_0.pstinst_code,u1_0.last_updusr_id,u1_0.last_updt_pnttm,u1_0.lock_at,u1_0.lock_cnt,u1_0.lock_last_pnttm,u1_0.mbtlnum,u1_0.ofcps_nm,u1_0.offm_telno,u1_0.orgnzt_id,u1_0.password,u1_0.password_cnsr,u1_0.password_hint,u1_0.chg_pwd_last_pnttm,u1_0.role,u1_0.sbscrb_de,u1_0.sexdstn_code,u1_0.crtfc_dn_value,u1_0.user_nm,u1_0.zip from nemplyrinfo u1_0 where u1_0.emplyr_id=?
2026-03-16 17:01:28 [http-nio-8080-exec-10] DEBUG o.s.orm.jpa.JpaTransactionManager - Exposing JPA transaction as JDBC [org.springframework.orm.jpa.vendor.HibernateJpaDialect$HibernateConnectionHandle@4acde42d]
2026-03-16 17:01:28 [http-nio-8080-exec-10] DEBUG o.s.orm.jpa.JpaTransactionManager - Found thread-bound EntityManager [SessionImpl(317857820<open>)] for JPA transaction
2026-03-16 17:01:28 [http-nio-8080-exec-10] DEBUG o.s.orm.jpa.JpaTransactionManager - Participating in existing transaction
2026-03-16 17:01:28 [http-nio-8080-exec-10] DEBUG org.hibernate.SQL - select u1_0.emplyr_id,u1_0.area_no,u1_0.brthdy,u1_0.chg_pwd_cnt,u1_0.frst_register_id,u1_0.frst_regist_pnttm,u1_0.detail_adres,u1_0.email_adres,u1_0.emplyr_sttus_code,u1_0.empl_no,u1_0.esntl_id,u1_0.fxnum,u1_0.group_id,u1_0.house_adres,u1_0.house_end_telno,u1_0.house_middle_telno,u1_0.ihidnum,u1_0.pstinst_code,u1_0.last_updusr_id,u1_0.last_updt_pnttm,u1_0.lock_at,u1_0.lock_cnt,u1_0.lock_last_pnttm,u1_0.mbtlnum,u1_0.ofcps_nm,u1_0.offm_telno,u1_0.orgnzt_id,u1_0.password,u1_0.password_cnsr,u1_0.password_hint,u1_0.chg_pwd_last_pnttm,u1_0.role,u1_0.sbscrb_de,u1_0.sexdstn_code,u1_0.crtfc_dn_value,u1_0.user_nm,u1_0.zip from nemplyrinfo u1_0 where u1_0.emplyr_id=?
2026-03-16 17:01:28 [http-nio-8080-exec-19] DEBUG o.s.orm.jpa.JpaTransactionManager - Found thread-bound EntityManager [SessionImpl(1505582162<open>)] for JPA transaction
2026-03-16 17:01:28 [http-nio-8080-exec-19] DEBUG o.s.orm.jpa.JpaTransactionManager - Participating in existing transaction
2026-03-16 17:01:28 [http-nio-8080-exec-19] DEBUG org.hibernate.SQL - select ua1_0.scrty_dtrmn_trget_id,ua1_0.author_code,ua1_0.frst_register_id,ua1_0.frst_regist_pnttm,ua1_0.last_updusr_id,ua1_0.last_updt_pnttm,ua1_0.mber_ty_code from nemplyrscrtyestbs ua1_0 where ua1_0.scrty_dtrmn_trget_id=?
2026-03-16 17:01:28 [http-nio-8080-exec-15] DEBUG o.s.orm.jpa.JpaTransactionManager - Exposing JPA transaction as JDBC [org.springframework.orm.jpa.vendor.HibernateJpaDialect$HibernateConnectionHandle@5b8b469c]
2026-03-16 17:01:28 [http-nio-8080-exec-15] DEBUG o.s.orm.jpa.JpaTransactionManager - Found thread-bound EntityManager [SessionImpl(1238856906<open>)] for JPA transaction
2026-03-16 17:01:28 [http-nio-8080-exec-15] DEBUG o.s.orm.jpa.JpaTransactionManager - Participating in existing transaction
2026-03-16 17:01:28 [http-nio-8080-exec-15] DEBUG org.hibernate.SQL - select u1_0.emplyr_id,u1_0.area_no,u1_0.brthdy,u1_0.chg_pwd_cnt,u1_0.frst_register_id,u1_0.frst_regist_pnttm,u1_0.detail_adres,u1_0.email_adres,u1_0.emplyr_sttus_code,u1_0.empl_no,u1_0.esntl_id,u1_0.fxnum,u1_0.group_id,u1_0.house_adres,u1_0.house_end_telno,u1_0.house_middle_telno,u1_0.ihidnum,u1_0.pstinst_code,u1_0.last_updusr_id,u1_0.last_updt_pnttm,u1_0.lock_at,u1_0.lock_cnt,u1_0.lock_last_pnttm,u1_0.mbtlnum,u1_0.ofcps_nm,u1_0.offm_telno,u1_0.orgnzt_id,u1_0.password,u1_0.password_cnsr,u1_0.password_hint,u1_0.chg_pwd_last_pnttm,u1_0.role,u1_0.sbscrb_de,u1_0.sexdstn_code,u1_0.crtfc_dn_value,u1_0.user_nm,u1_0.zip from nemplyrinfo u1_0 where u1_0.emplyr_id=?
2026-03-16 17:01:28 [http-nio-8080-exec-11] DEBUG o.s.orm.jpa.JpaTransactionManager - Found thread-bound EntityManager [SessionImpl(697856524<open>)] for JPA transaction
2026-03-16 17:01:28 [http-nio-8080-exec-11] DEBUG o.s.orm.jpa.JpaTransactionManager - Participating in existing transaction
2026-03-16 17:01:28 [http-nio-8080-exec-11] DEBUG org.hibernate.SQL - select ua1_0.scrty_dtrmn_trget_id,ua1_0.author_code,ua1_0.frst_register_id,ua1_0.frst_regist_pnttm,ua1_0.last_updusr_id,ua1_0.last_updt_pnttm,ua1_0.mber_ty_code from nemplyrscrtyestbs ua1_0 where ua1_0.scrty_dtrmn_trget_id=?
2026-03-16 17:01:28 [http-nio-8080-exec-10] DEBUG o.s.orm.jpa.JpaTransactionManager - Found thread-bound EntityManager [SessionImpl(317857820<open>)] for JPA transaction
2026-03-16 17:01:28 [http-nio-8080-exec-7] DEBUG o.s.orm.jpa.JpaTransactionManager - Found thread-bound EntityManager [SessionImpl(113124680<open>)] for JPA transaction
2026-03-16 17:01:28 [http-nio-8080-exec-10] DEBUG o.s.orm.jpa.JpaTransactionManager - Participating in existing transaction
2026-03-16 17:01:28 [http-nio-8080-exec-7] DEBUG o.s.orm.jpa.JpaTransactionManager - Participating in existing transaction
2026-03-16 17:01:28 [http-nio-8080-exec-10] DEBUG org.hibernate.SQL - select ua1_0.scrty_dtrmn_trget_id,ua1_0.author_code,ua1_0.frst_register_id,ua1_0.frst_regist_pnttm,ua1_0.last_updusr_id,ua1_0.last_updt_pnttm,ua1_0.mber_ty_code from nemplyrscrtyestbs ua1_0 where ua1_0.scrty_dtrmn_trget_id=?
2026-03-16 17:01:28 [http-nio-8080-exec-7] DEBUG org.hibernate.SQL - select ua1_0.scrty_dtrmn_trget_id,ua1_0.author_code,ua1_0.frst_register_id,ua1_0.frst_regist_pnttm,ua1_0.last_updusr_id,ua1_0.last_updt_pnttm,ua1_0.mber_ty_code from nemplyrscrtyestbs ua1_0 where ua1_0.scrty_dtrmn_trget_id=?
2026-03-16 17:01:28 [http-nio-8080-exec-19] DEBUG o.s.orm.jpa.JpaTransactionManager - Initiating transaction commit
2026-03-16 17:01:28 [http-nio-8080-exec-19] DEBUG o.s.orm.jpa.JpaTransactionManager - Committing JPA transaction on EntityManager [SessionImpl(1505582162<open>)]
2026-03-16 17:01:28 [http-nio-8080-exec-15] DEBUG o.s.orm.jpa.JpaTransactionManager - Found thread-bound EntityManager [SessionImpl(1238856906<open>)] for JPA transaction
2026-03-16 17:01:28 [http-nio-8080-exec-15] DEBUG o.s.orm.jpa.JpaTransactionManager - Participating in existing transaction
2026-03-16 17:01:28 [http-nio-8080-exec-15] DEBUG org.hibernate.SQL - select ua1_0.scrty_dtrmn_trget_id,ua1_0.author_code,ua1_0.frst_register_id,ua1_0.frst_regist_pnttm,ua1_0.last_updusr_id,ua1_0.last_updt_pnttm,ua1_0.mber_ty_code from nemplyrscrtyestbs ua1_0 where ua1_0.scrty_dtrmn_trget_id=?
2026-03-16 17:01:28 [http-nio-8080-exec-12] DEBUG o.s.orm.jpa.JpaTransactionManager - Found thread-bound EntityManager [SessionImpl(372958796<open>)] for JPA transaction
2026-03-16 17:01:28 [http-nio-8080-exec-12] DEBUG o.s.orm.jpa.JpaTransactionManager - Participating in existing transaction
2026-03-16 17:01:28 [http-nio-8080-exec-12] DEBUG org.hibernate.SQL - select p1_0.progrm_file_nm,p1_0.progrm_dc,p1_0.progrm_korean_nm,p1_0.progrm_stre_path,p1_0.url from nprogrmlist p1_0
2026-03-16 17:01:28 [http-nio-8080-exec-11] DEBUG o.s.orm.jpa.JpaTransactionManager - Initiating transaction commit
2026-03-16 17:01:28 [http-nio-8080-exec-11] DEBUG o.s.orm.jpa.JpaTransactionManager - Committing JPA transaction on EntityManager [SessionImpl(697856524<open>)]
2026-03-16 17:01:28 [http-nio-8080-exec-7] DEBUG o.s.orm.jpa.JpaTransactionManager - Initiating transaction commit
2026-03-16 17:01:28 [http-nio-8080-exec-10] DEBUG o.s.orm.jpa.JpaTransactionManager - Initiating transaction commit
2026-03-16 17:01:28 [http-nio-8080-exec-7] DEBUG o.s.orm.jpa.JpaTransactionManager - Committing JPA transaction on EntityManager [SessionImpl(113124680<open>)]
2026-03-16 17:01:28 [http-nio-8080-exec-10] DEBUG o.s.orm.jpa.JpaTransactionManager - Committing JPA transaction on EntityManager [SessionImpl(317857820<open>)]
2026-03-16 17:01:29 [http-nio-8080-exec-19] DEBUG o.s.orm.jpa.JpaTransactionManager - Closing JPA EntityManager [SessionImpl(1505582162<open>)] after transaction
2026-03-16 17:01:29 [http-nio-8080-exec-19] DEBUG c.c.p.s.jwt.JwtAuthenticationFilter - >>> [JwtFilter] Successfully authenticated user: USRCNFRM_99999999999, Authorities: [ROLE_ADMIN]
2026-03-16 17:01:29 [http-nio-8080-exec-19] DEBUG o.s.web.servlet.DispatcherServlet - GET "/api/v1/admin/system/banners/reflected", parameters={}
2026-03-16 17:01:29 [http-nio-8080-exec-19] TRACE o.s.w.s.m.m.a.RequestMappingHandlerMapping - Mapped to com.company.project.api.controller.system.content.banner.BannerApiController#getReflectedBanners()
2026-03-16 17:01:29 [http-nio-8080-exec-19] DEBUG o.s.orm.jpa.JpaTransactionManager - Creating new transaction with name [com.company.project.service.system.content.banner.BannerService.getReflectedBanners]: PROPAGATION_REQUIRED,ISOLATION_DEFAULT,readOnly
2026-03-16 17:01:29 [http-nio-8080-exec-19] DEBUG o.s.orm.jpa.JpaTransactionManager - Opened new EntityManager [SessionImpl(1086613266<open>)] for JPA transaction
2026-03-16 17:01:29 [http-nio-8080-exec-19] DEBUG o.s.orm.jpa.JpaTransactionManager - Exposing JPA transaction as JDBC [org.springframework.orm.jpa.vendor.HibernateJpaDialect$HibernateConnectionHandle@1afb791e]
2026-03-16 17:01:29 [http-nio-8080-exec-19] DEBUG org.hibernate.SQL - select b1_0.banner_id,b1_0.banner_dc,b1_0.banner_image,b1_0.banner_image_file,b1_0.banner_nm,b1_0.frst_register_id,b1_0.frst_regist_pnttm,b1_0.last_updusr_id,b1_0.last_updt_pnttm,b1_0.link_url,b1_0.reflct_at,b1_0.sort_ordr from nbanner b1_0 where b1_0.reflct_at=? order by b1_0.sort_ordr
2026-03-16 17:01:29 [http-nio-8080-exec-15] DEBUG o.s.orm.jpa.JpaTransactionManager - Initiating transaction commit
2026-03-16 17:01:29 [http-nio-8080-exec-15] DEBUG o.s.orm.jpa.JpaTransactionManager - Committing JPA transaction on EntityManager [SessionImpl(1238856906<open>)]
2026-03-16 17:01:29 [http-nio-8080-exec-12] DEBUG o.s.orm.jpa.JpaTransactionManager - Initiating transaction commit
2026-03-16 17:01:29 [http-nio-8080-exec-12] DEBUG o.s.orm.jpa.JpaTransactionManager - Committing JPA transaction on EntityManager [SessionImpl(372958796<open>)]
2026-03-16 17:01:29 [http-nio-8080-exec-11] DEBUG o.s.orm.jpa.JpaTransactionManager - Closing JPA EntityManager [SessionImpl(697856524<open>)] after transaction
2026-03-16 17:01:29 [http-nio-8080-exec-11] DEBUG c.c.p.s.jwt.JwtAuthenticationFilter - >>> [JwtFilter] Successfully authenticated user: USRCNFRM_99999999999, Authorities: [ROLE_ADMIN]
2026-03-16 17:01:29 [http-nio-8080-exec-11] DEBUG o.s.web.servlet.DispatcherServlet - GET "/api/v1/popups/active", parameters={}
2026-03-16 17:01:29 [http-nio-8080-exec-11] TRACE o.s.w.s.m.m.a.RequestMappingHandlerMapping - Mapped to com.company.project.api.controller.system.content.popup.PopupController#getActivePopups()
2026-03-16 17:01:29 [http-nio-8080-exec-11] DEBUG o.s.orm.jpa.JpaTransactionManager - Creating new transaction with name [com.company.project.service.system.content.popup.PopupServiceImpl.getActivePopups]: PROPAGATION_REQUIRED,ISOLATION_DEFAULT,readOnly
2026-03-16 17:01:29 [http-nio-8080-exec-11] DEBUG o.s.orm.jpa.JpaTransactionManager - Opened new EntityManager [SessionImpl(1454857793<open>)] for JPA transaction
2026-03-16 17:01:29 [http-nio-8080-exec-11] DEBUG o.s.orm.jpa.JpaTransactionManager - Exposing JPA transaction as JDBC [org.springframework.orm.jpa.vendor.HibernateJpaDialect$HibernateConnectionHandle@2a0eb2da]
2026-03-16 17:01:29 [http-nio-8080-exec-11] DEBUG org.hibernate.SQL - select p1_0.popup_id,p1_0.frst_register_id,p1_0.frst_regist_pnttm,p1_0.file_url,p1_0.ntce_at,p1_0.stopvew_setup_at,p1_0.last_updusr_id,p1_0.last_updt_pnttm,p1_0.ntce_bgnde,p1_0.ntce_endde,p1_0.popup_vrticl_lc,p1_0.popup_vrticl_size,p1_0.popup_sj_nm,p1_0.popup_width_lc,p1_0.popup_width_size from npopupmanage p1_0 where p1_0.ntce_at='Y' and ? between p1_0.ntce_bgnde and p1_0.ntce_endde
2026-03-16 17:01:29 [http-nio-8080-exec-10] DEBUG o.s.orm.jpa.JpaTransactionManager - Closing JPA EntityManager [SessionImpl(317857820<open>)] after transaction
2026-03-16 17:01:29 [http-nio-8080-exec-7] DEBUG o.s.orm.jpa.JpaTransactionManager - Closing JPA EntityManager [SessionImpl(113124680<open>)] after transaction
2026-03-16 17:01:29 [http-nio-8080-exec-10] DEBUG c.c.p.s.jwt.JwtAuthenticationFilter - >>> [JwtFilter] Successfully authenticated user: USRCNFRM_99999999999, Authorities: [ROLE_ADMIN]
2026-03-16 17:01:29 [http-nio-8080-exec-7] DEBUG c.c.p.s.jwt.JwtAuthenticationFilter - >>> [JwtFilter] Successfully authenticated user: USRCNFRM_99999999999, Authorities: [ROLE_ADMIN]
2026-03-16 17:01:29 [http-nio-8080-exec-10] DEBUG o.s.web.servlet.DispatcherServlet - GET "/api/v1/notifications/unread-count", parameters={}
2026-03-16 17:01:29 [http-nio-8080-exec-7] DEBUG o.s.web.servlet.DispatcherServlet - GET "/api/v1/notifications", parameters={}
2026-03-16 17:01:29 [http-nio-8080-exec-10] TRACE o.s.w.s.m.m.a.RequestMappingHandlerMapping - Mapped to com.company.project.api.controller.notification.NotificationController#getUnreadCount(UserDetails)
2026-03-16 17:01:29 [http-nio-8080-exec-7] TRACE o.s.w.s.m.m.a.RequestMappingHandlerMapping - Mapped to com.company.project.api.controller.notification.NotificationController#getMyNotifications(UserDetails)
2026-03-16 17:01:29 [http-nio-8080-exec-10] DEBUG o.s.orm.jpa.JpaTransactionManager - Creating new transaction with name [com.company.project.service.notification.NotificationService.getUnreadCount]: PROPAGATION_REQUIRED,ISOLATION_DEFAULT,readOnly
2026-03-16 17:01:29 [http-nio-8080-exec-10] DEBUG o.s.orm.jpa.JpaTransactionManager - Opened new EntityManager [SessionImpl(1792738862<open>)] for JPA transaction
2026-03-16 17:01:29 [http-nio-8080-exec-10] DEBUG o.s.orm.jpa.JpaTransactionManager - Exposing JPA transaction as JDBC [org.springframework.orm.jpa.vendor.HibernateJpaDialect$HibernateConnectionHandle@66facd2f]
2026-03-16 17:01:29 [http-nio-8080-exec-7] DEBUG o.s.orm.jpa.JpaTransactionManager - Creating new transaction with name [com.company.project.service.notification.NotificationService.getActiveNotifications]: PROPAGATION_REQUIRED,ISOLATION_DEFAULT,readOnly
2026-03-16 17:01:29 [http-nio-8080-exec-7] DEBUG o.s.orm.jpa.JpaTransactionManager - Opened new EntityManager [SessionImpl(804790177<open>)] for JPA transaction
2026-03-16 17:01:29 [http-nio-8080-exec-7] DEBUG o.s.orm.jpa.JpaTransactionManager - Exposing JPA transaction as JDBC [org.springframework.orm.jpa.vendor.HibernateJpaDialect$HibernateConnectionHandle@3f7fc2e]
2026-03-16 17:01:29 [http-nio-8080-exec-7] DEBUG o.s.orm.jpa.JpaTransactionManager - Found thread-bound EntityManager [SessionImpl(804790177<open>)] for JPA transaction
2026-03-16 17:01:29 [http-nio-8080-exec-7] DEBUG o.s.orm.jpa.JpaTransactionManager - Participating in existing transaction
2026-03-16 17:01:29 [http-nio-8080-exec-10] DEBUG org.hibernate.SQL - select count(n1_0.ntcn_no) from n_user_notification n1_0 where n1_0.receiver_id=? and n1_0.is_read=?
2026-03-16 17:01:29 [http-nio-8080-exec-7] DEBUG org.hibernate.SQL - select n1_0.ntcn_no,n1_0.frst_register_id,n1_0.frst_regist_pnttm,n1_0.is_read,n1_0.last_updusr_id,n1_0.last_updt_pnttm,n1_0.link_url,n1_0.ntcn_cn,n1_0.ntcn_sj,n1_0.receiver_id from n_user_notification n1_0
2026-03-16 17:01:29 [http-nio-8080-exec-15] DEBUG o.s.orm.jpa.JpaTransactionManager - Closing JPA EntityManager [SessionImpl(1238856906<open>)] after transaction
2026-03-16 17:01:29 [http-nio-8080-exec-15] DEBUG c.c.p.s.jwt.JwtAuthenticationFilter - >>> [JwtFilter] Successfully authenticated user: USRCNFRM_99999999999, Authorities: [ROLE_ADMIN]
2026-03-16 17:01:29 [http-nio-8080-exec-15] DEBUG o.s.web.servlet.DispatcherServlet - GET "/api/v1/admin/system/statistics/connect?statsKind=SERVICE", parameters={masked}
2026-03-16 17:01:29 [http-nio-8080-exec-15] DEBUG o.s.w.s.h.SimpleUrlHandlerMapping - Mapped to ResourceHttpRequestHandler [classpath [META-INF/resources/], classpath [resources/], classpath [static/], classpath [public/], ServletContext [/]]
2026-03-16 17:01:29 [http-nio-8080-exec-15] DEBUG o.s.w.s.r.ResourceHttpRequestHandler - Resource not found
2026-03-16 17:01:29 [http-nio-8080-exec-15] DEBUG o.s.w.s.m.m.a.ExceptionHandlerExceptionResolver - Using @ExceptionHandler com.company.project.core.exception.GlobalExceptionHandler#handleException(Exception)
2026-03-16 17:01:29 [http-nio-8080-exec-15] ERROR c.c.p.c.e.GlobalExceptionHandler - >>> Internal Server Error: No static resource api/v1/admin/system/statistics/connect.
org.springframework.web.servlet.resource.NoResourceFoundException: No static resource api/v1/admin/system/statistics/connect.
	at org.springframework.web.servlet.resource.ResourceHttpRequestHandler.handleRequest(ResourceHttpRequestHandler.java:585)
	at org.springframework.web.servlet.mvc.HttpRequestHandlerAdapter.handle(HttpRequestHandlerAdapter.java:52)
	at org.springframework.web.servlet.DispatcherServlet.doDispatch(DispatcherServlet.java:1088)
	at org.springframework.web.servlet.DispatcherServlet.doService(DispatcherServlet.java:978)
	at org.springframework.web.servlet.FrameworkServlet.processRequest(FrameworkServlet.java:1014)
	at org.springframework.web.servlet.FrameworkServlet.doGet(FrameworkServlet.java:903)
	at jakarta.servlet.http.HttpServlet.service(HttpServlet.java:527)
	at org.springframework.web.servlet.FrameworkServlet.service(FrameworkServlet.java:885)
	at jakarta.servlet.http.HttpServlet.service(HttpServlet.java:614)
	at org.apache.catalina.core.ApplicationFilterChain.internalDoFilter(ApplicationFilterChain.java:195)
	at org.apache.catalina.core.ApplicationFilterChain.doFilter(ApplicationFilterChain.java:140)
	at org.apache.tomcat.websocket.server.WsFilter.doFilter(WsFilter.java:51)
	at org.apache.catalina.core.ApplicationFilterChain.internalDoFilter(ApplicationFilterChain.java:164)
	at org.apache.catalina.core.ApplicationFilterChain.doFilter(ApplicationFilterChain.java:140)
	at org.springframework.web.filter.CompositeFilter$VirtualFilterChain.doFilter(CompositeFilter.java:108)
	at org.springframework.security.web.FilterChainProxy.lambda$doFilterInternal$3(FilterChainProxy.java:231)
	at org.springframework.security.web.ObservationFilterChainDecorator$FilterObservation$SimpleFilterObservation.lambda$wrap$1(ObservationFilterChainDecorator.java:479)
	at org.springframework.security.web.ObservationFilterChainDecorator$AroundFilterObservation$SimpleAroundFilterObservation.lambda$wrap$1(ObservationFilterChainDecorator.java:340)
	at org.springframework.security.web.ObservationFilterChainDecorator.lambda$wrapSecured$0(ObservationFilterChainDecorator.java:82)
	at org.springframework.security.web.ObservationFilterChainDecorator$VirtualFilterChain.doFilter(ObservationFilterChainDecorator.java:128)
	at org.springframework.security.web.access.intercept.AuthorizationFilter.doFilter(AuthorizationFilter.java:101)
	at org.springframework.security.web.ObservationFilterChainDecorator$ObservationFilter.wrapFilter(ObservationFilterChainDecorator.java:240)
	at org.springframework.security.web.ObservationFilterChainDecorator$ObservationFilter.doFilter(ObservationFilterChainDecorator.java:227)
	at org.springframework.security.web.ObservationFilterChainDecorator$VirtualFilterChain.doFilter(ObservationFilterChainDecorator.java:137)
	at org.springframework.security.web.access.ExceptionTranslationFilter.doFilter(ExceptionTranslationFilter.java:126)
	at org.springframework.security.web.access.ExceptionTranslationFilter.doFilter(ExceptionTranslationFilter.java:120)
	at org.springframework.security.web.ObservationFilterChainDecorator$ObservationFilter.wrapFilter(ObservationFilterChainDecorator.java:240)
	at org.springframework.security.web.ObservationFilterChainDecorator$ObservationFilter.doFilter(ObservationFilterChainDecorator.java:227)
	at org.springframework.security.web.ObservationFilterChainDecorator$VirtualFilterChain.doFilter(ObservationFilterChainDecorator.java:137)
	at org.springframework.security.web.session.SessionManagementFilter.doFilter(SessionManagementFilter.java:131)
	at org.springframework.security.web.session.SessionManagementFilter.doFilter(SessionManagementFilter.java:85)
	at org.springframework.security.web.ObservationFilterChainDecorator$ObservationFilter.wrapFilter(ObservationFilterChainDecorator.java:240)
	at org.springframework.security.web.ObservationFilterChainDecorator$ObservationFilter.doFilter(ObservationFilterChainDecorator.java:227)
	at org.springframework.security.web.ObservationFilterChainDecorator$VirtualFilterChain.doFilter(ObservationFilterChainDecorator.java:137)
	at org.springframework.security.web.authentication.AnonymousAuthenticationFilter.doFilter(AnonymousAuthenticationFilter.java:100)
	at org.springframework.security.web.ObservationFilterChainDecorator$ObservationFilter.wrapFilter(ObservationFilterChainDecorator.java:240)
	at org.springframework.security.web.ObservationFilterChainDecorator$ObservationFilter.doFilter(ObservationFilterChainDecorator.java:227)
	at org.springframework.security.web.ObservationFilterChainDecorator$VirtualFilterChain.doFilter(ObservationFilterChainDecorator.java:137)
	at org.springframework.security.web.servletapi.SecurityContextHolderAwareRequestFilter.doFilter(SecurityContextHolderAwareRequestFilter.java:179)
	at org.springframework.security.web.ObservationFilterChainDecorator$ObservationFilter.wrapFilter(ObservationFilterChainDecorator.java:240)
	at org.springframework.security.web.ObservationFilterChainDecorator$ObservationFilter.doFilter(ObservationFilterChainDecorator.java:227)
	at org.springframework.security.web.ObservationFilterChainDecorator$VirtualFilterChain.doFilter(ObservationFilterChainDecorator.java:137)
	at org.springframework.security.web.savedrequest.RequestCacheAwareFilter.doFilter(RequestCacheAwareFilter.java:63)
	at org.springframework.security.web.ObservationFilterChainDecorator$ObservationFilter.wrapFilter(ObservationFilterChainDecorator.java:240)
	at org.springframework.security.web.ObservationFilterChainDecorator$ObservationFilter.doFilter(ObservationFilterChainDecorator.java:227)
	at org.springframework.security.web.ObservationFilterChainDecorator$VirtualFilterChain.doFilter(ObservationFilterChainDecorator.java:137)
	at com.company.project.security.jwt.JwtAuthenticationFilter.doFilterInternal(JwtAuthenticationFilter.java:52)
	at org.springframework.web.filter.OncePerRequestFilter.doFilter(OncePerRequestFilter.java:116)
	at org.springframework.security.web.ObservationFilterChainDecorator$ObservationFilter.wrapFilter(ObservationFilterChainDecorator.java:240)
	at org.springframework.security.web.ObservationFilterChainDecorator$ObservationFilter.doFilter(ObservationFilterChainDecorator.java:227)
	at org.springframework.security.web.ObservationFilterChainDecorator$VirtualFilterChain.doFilter(ObservationFilterChainDecorator.java:137)
	at org.springframework.security.web.authentication.logout.LogoutFilter.doFilter(LogoutFilter.java:107)
	at org.springframework.security.web.authentication.logout.LogoutFilter.doFilter(LogoutFilter.java:93)
	at org.springframework.security.web.ObservationFilterChainDecorator$ObservationFilter.wrapFilter(ObservationFilterChainDecorator.java:240)
	at org.springframework.security.web.ObservationFilterChainDecorator$ObservationFilter.doFilter(ObservationFilterChainDecorator.java:227)
	at org.springframework.security.web.ObservationFilterChainDecorator$VirtualFilterChain.doFilter(ObservationFilterChainDecorator.java:137)
	at org.springframework.web.filter.CorsFilter.doFilterInternal(CorsFilter.java:91)
	at org.springframework.web.filter.OncePerRequestFilter.doFilter(OncePerRequestFilter.java:116)
	at org.springframework.security.web.ObservationFilterChainDecorator$ObservationFilter.wrapFilter(ObservationFilterChainDecorator.java:240)
	at org.springframework.security.web.ObservationFilterChainDecorator$ObservationFilter.doFilter(ObservationFilterChainDecorator.java:227)
	at org.springframework.security.web.ObservationFilterChainDecorator$VirtualFilterChain.doFilter(ObservationFilterChainDecorator.java:137)
	at org.springframework.security.web.header.HeaderWriterFilter.doHeadersAfter(HeaderWriterFilter.java:90)
	at org.springframework.security.web.header.HeaderWriterFilter.doFilterInternal(HeaderWriterFilter.java:75)
	at org.springframework.web.filter.OncePerRequestFilter.doFilter(OncePerRequestFilter.java:116)
	at org.springframework.security.web.ObservationFilterChainDecorator$ObservationFilter.wrapFilter(ObservationFilterChainDecorator.java:240)
	at org.springframework.security.web.ObservationFilterChainDecorator$ObservationFilter.doFilter(ObservationFilterChainDecorator.java:227)
	at org.springframework.security.web.ObservationFilterChainDecorator$VirtualFilterChain.doFilter(ObservationFilterChainDecorator.java:137)
	at org.springframework.security.web.context.SecurityContextHolderFilter.doFilter(SecurityContextHolderFilter.java:82)
	at org.springframework.security.web.context.SecurityContextHolderFilter.doFilter(SecurityContextHolderFilter.java:69)
	at org.springframework.security.web.ObservationFilterChainDecorator$ObservationFilter.wrapFilter(ObservationFilterChainDecorator.java:240)
	at org.springframework.security.web.ObservationFilterChainDecorator$ObservationFilter.doFilter(ObservationFilterChainDecorator.java:227)
	at org.springframework.security.web.ObservationFilterChainDecorator$VirtualFilterChain.doFilter(ObservationFilterChainDecorator.java:137)
	at org.springframework.security.web.context.request.async.WebAsyncManagerIntegrationFilter.doFilterInternal(WebAsyncManagerIntegrationFilter.java:62)
	at org.springframework.web.filter.OncePerRequestFilter.doFilter(OncePerRequestFilter.java:116)
	at org.springframework.security.web.ObservationFilterChainDecorator$ObservationFilter.wrapFilter(ObservationFilterChainDecorator.java:240)
	at org.springframework.security.web.ObservationFilterChainDecorator$ObservationFilter.doFilter(ObservationFilterChainDecorator.java:227)
	at org.springframework.security.web.ObservationFilterChainDecorator$VirtualFilterChain.doFilter(ObservationFilterChainDecorator.java:137)
	at org.springframework.security.web.session.DisableEncodeUrlFilter.doFilterInternal(DisableEncodeUrlFilter.java:42)
	at org.springframework.web.filter.OncePerRequestFilter.doFilter(OncePerRequestFilter.java:116)
	at org.springframework.security.web.ObservationFilterChainDecorator$ObservationFilter.wrapFilter(ObservationFilterChainDecorator.java:240)
	at org.springframework.security.web.ObservationFilterChainDecorator$AroundFilterObservation$SimpleAroundFilterObservation.lambda$wrap$0(ObservationFilterChainDecorator.java:323)
	at org.springframework.security.web.ObservationFilterChainDecorator$ObservationFilter.doFilter(ObservationFilterChainDecorator.java:224)
	at org.springframework.security.web.ObservationFilterChainDecorator$VirtualFilterChain.doFilter(ObservationFilterChainDecorator.java:137)
	at org.springframework.security.web.FilterChainProxy.doFilterInternal(FilterChainProxy.java:233)
	at org.springframework.security.web.FilterChainProxy.doFilter(FilterChainProxy.java:191)
	at org.springframework.web.filter.CompositeFilter$VirtualFilterChain.doFilter(CompositeFilter.java:113)
	at org.springframework.web.servlet.handler.HandlerMappingIntrospector.lambda$createCacheFilter$3(HandlerMappingIntrospector.java:243)
	at org.springframework.web.filter.CompositeFilter$VirtualFilterChain.doFilter(CompositeFilter.java:113)
	at org.springframework.web.filter.CompositeFilter.doFilter(CompositeFilter.java:74)
	at org.springframework.security.config.annotation.web.configuration.WebMvcSecurityConfiguration$CompositeFilterChainProxy.doFilter(WebMvcSecurityConfiguration.java:238)
	at org.springframework.web.filter.DelegatingFilterProxy.invokeDelegate(DelegatingFilterProxy.java:362)
	at org.springframework.web.filter.DelegatingFilterProxy.doFilter(DelegatingFilterProxy.java:278)
	at org.apache.catalina.core.ApplicationFilterChain.internalDoFilter(ApplicationFilterChain.java:164)
	at org.apache.catalina.core.ApplicationFilterChain.doFilter(ApplicationFilterChain.java:140)
	at org.springframework.web.filter.RequestContextFilter.doFilterInternal(RequestContextFilter.java:100)
	at org.springframework.web.filter.OncePerRequestFilter.doFilter(OncePerRequestFilter.java:116)
	at org.apache.catalina.core.ApplicationFilterChain.internalDoFilter(ApplicationFilterChain.java:164)
	at org.apache.catalina.core.ApplicationFilterChain.doFilter(ApplicationFilterChain.java:140)
	at org.springframework.web.filter.FormContentFilter.doFilterInternal(FormContentFilter.java:93)
	at org.springframework.web.filter.OncePerRequestFilter.doFilter(OncePerRequestFilter.java:116)
	at org.apache.catalina.core.ApplicationFilterChain.internalDoFilter(ApplicationFilterChain.java:164)
	at org.apache.catalina.core.ApplicationFilterChain.doFilter(ApplicationFilterChain.java:140)
	at org.springframework.web.filter.ServerHttpObservationFilter.doFilterInternal(ServerHttpObservationFilter.java:114)
	at org.springframework.web.filter.OncePerRequestFilter.doFilter(OncePerRequestFilter.java:116)
	at org.apache.catalina.core.ApplicationFilterChain.internalDoFilter(ApplicationFilterChain.java:164)
	at org.apache.catalina.core.ApplicationFilterChain.doFilter(ApplicationFilterChain.java:140)
	at org.springframework.web.filter.CharacterEncodingFilter.doFilterInternal(CharacterEncodingFilter.java:201)
	at org.springframework.web.filter.OncePerRequestFilter.doFilter(OncePerRequestFilter.java:116)
	at org.apache.catalina.core.ApplicationFilterChain.internalDoFilter(ApplicationFilterChain.java:164)
	at org.apache.catalina.core.ApplicationFilterChain.doFilter(ApplicationFilterChain.java:140)
	at org.apache.catalina.core.StandardWrapperValve.invoke(StandardWrapperValve.java:167)
	at org.apache.catalina.core.StandardContextValve.invoke(StandardContextValve.java:90)
	at org.apache.catalina.authenticator.AuthenticatorBase.invoke(AuthenticatorBase.java:483)
	at org.apache.catalina.core.StandardHostValve.invoke(StandardHostValve.java:115)
	at org.apache.catalina.valves.ErrorReportValve.invoke(ErrorReportValve.java:93)
	at org.apache.catalina.core.StandardEngineValve.invoke(StandardEngineValve.java:74)
	at org.apache.catalina.connector.CoyoteAdapter.service(CoyoteAdapter.java:344)
	at org.apache.coyote.http11.Http11Processor.service(Http11Processor.java:397)
	at org.apache.coyote.AbstractProcessorLight.process(AbstractProcessorLight.java:63)
	at org.apache.coyote.AbstractProtocol$ConnectionHandler.process(AbstractProtocol.java:905)
	at org.apache.tomcat.util.net.NioEndpoint$SocketProcessor.doRun(NioEndpoint.java:1741)
	at org.apache.tomcat.util.net.SocketProcessorBase.run(SocketProcessorBase.java:52)
	at org.apache.tomcat.util.threads.ThreadPoolExecutor.runWorker(ThreadPoolExecutor.java:1190)
	at org.apache.tomcat.util.threads.ThreadPoolExecutor$Worker.run(ThreadPoolExecutor.java:659)
	at org.apache.tomcat.util.threads.TaskThread$WrappingRunnable.run(TaskThread.java:63)
	at java.base/java.lang.Thread.run(Thread.java:1583)
2026-03-16 17:01:29 [http-nio-8080-exec-19] DEBUG o.s.orm.jpa.JpaTransactionManager - Initiating transaction commit
2026-03-16 17:01:29 [http-nio-8080-exec-15] DEBUG o.s.w.s.m.m.a.HttpEntityMethodProcessor - Using 'application/json', given [application/json, text/plain, */*] and supported [application/json, application/*+json, application/yaml]
2026-03-16 17:01:29 [http-nio-8080-exec-19] DEBUG o.s.orm.jpa.JpaTransactionManager - Committing JPA transaction on EntityManager [SessionImpl(1086613266<open>)]
2026-03-16 17:01:29 [http-nio-8080-exec-15] TRACE o.s.w.s.m.m.a.HttpEntityMethodProcessor - Writing [ApiResponse[success=false, status=500, code=C004, message=예기치 않은 서버 오류가 발생했습니다., data=null, timestamp=2026-03-16T17:01:29.222662900]]
2026-03-16 17:01:29 [http-nio-8080-exec-15] DEBUG o.s.w.s.m.m.a.ExceptionHandlerExceptionResolver - Resolved [org.springframework.web.servlet.resource.NoResourceFoundException: No static resource api/v1/admin/system/statistics/connect.]
2026-03-16 17:01:29 [http-nio-8080-exec-15] DEBUG o.s.web.servlet.DispatcherServlet - Completed 500 INTERNAL_SERVER_ERROR
2026-03-16 17:01:29 [http-nio-8080-exec-6] DEBUG c.c.p.s.jwt.JwtAuthenticationFilter - >>> [JwtFilter] Processing request: GET /api/v1/admin/system/statistics/bbs
2026-03-16 17:01:29 [http-nio-8080-exec-6] DEBUG c.c.p.s.jwt.JwtAuthenticationFilter - >>> [JwtFilter] Found token in header for path: /api/v1/admin/system/statistics/bbs
2026-03-16 17:01:29 [http-nio-8080-exec-6] DEBUG o.s.orm.jpa.JpaTransactionManager - Creating new transaction with name [com.company.project.security.iam.CustomUserDetailsService.loadUserByUsername]: PROPAGATION_REQUIRED,ISOLATION_DEFAULT,readOnly
2026-03-16 17:01:29 [http-nio-8080-exec-6] DEBUG o.s.orm.jpa.JpaTransactionManager - Opened new EntityManager [SessionImpl(1005189926<open>)] for JPA transaction
2026-03-16 17:01:29 [http-nio-8080-exec-12] DEBUG o.s.orm.jpa.JpaTransactionManager - Closing JPA EntityManager [SessionImpl(372958796<open>)] after transaction
2026-03-16 17:01:29 [http-nio-8080-exec-12] INFO  c.c.p.a.c.menu.MenuController - getLeftMenu returned 5 items
2026-03-16 17:01:29 [http-nio-8080-exec-12] DEBUG o.s.w.s.m.m.a.HttpEntityMethodProcessor - Using 'application/json', given [application/json, text/plain, */*] and supported [application/json, application/*+json, application/yaml]
2026-03-16 17:01:29 [http-nio-8080-exec-12] TRACE o.s.w.s.m.m.a.HttpEntityMethodProcessor - Writing [ApiResponse[success=true, status=200, code=COMMON_001, message=Success, data={list=[com.company.project.service.menu.dto.MenuDto@7eff4744, com.company.project.service.menu.dto.MenuDto@4194a79b, com.company.project.service.menu.dto.MenuDto@282248fa, com.company.project.service.menu.dto.MenuDto@45b7ded1, com.company.project.service.menu.dto.MenuDto@41767444]}, timestamp=2026-03-16T17:01:29.245191400]]
2026-03-16 17:01:29 [http-nio-8080-exec-12] INFO  c.c.p.a.i.OperationalAuditInterceptor - API Audit Log: URL=/api/v1/menu/left, User=webmaster, IP=127.0.0.1
2026-03-16 17:01:29 [http-nio-8080-exec-12] DEBUG o.s.web.servlet.DispatcherServlet - Completed 200 OK
2026-03-16 17:01:29 [http-nio-8080-exec-1] DEBUG c.c.p.s.jwt.JwtAuthenticationFilter - >>> [JwtFilter] Processing request: GET /api/v1/menu/left
2026-03-16 17:01:29 [http-nio-8080-exec-1] DEBUG c.c.p.s.jwt.JwtAuthenticationFilter - >>> [JwtFilter] Found token in header for path: /api/v1/menu/left
2026-03-16 17:01:29 [http-nio-8080-exec-1] DEBUG o.s.orm.jpa.JpaTransactionManager - Creating new transaction with name [com.company.project.security.iam.CustomUserDetailsService.loadUserByUsername]: PROPAGATION_REQUIRED,ISOLATION_DEFAULT,readOnly
2026-03-16 17:01:29 [http-nio-8080-exec-1] DEBUG o.s.orm.jpa.JpaTransactionManager - Opened new EntityManager [SessionImpl(575218531<open>)] for JPA transaction
2026-03-16 17:01:29 [http-nio-8080-exec-1] DEBUG o.s.orm.jpa.JpaTransactionManager - Exposing JPA transaction as JDBC [org.springframework.orm.jpa.vendor.HibernateJpaDialect$HibernateConnectionHandle@ae872f]
2026-03-16 17:01:29 [http-nio-8080-exec-1] DEBUG o.s.orm.jpa.JpaTransactionManager - Found thread-bound EntityManager [SessionImpl(575218531<open>)] for JPA transaction
2026-03-16 17:01:29 [http-nio-8080-exec-1] DEBUG o.s.orm.jpa.JpaTransactionManager - Participating in existing transaction
2026-03-16 17:01:29 [http-nio-8080-exec-1] DEBUG org.hibernate.SQL - select u1_0.emplyr_id,u1_0.area_no,u1_0.brthdy,u1_0.chg_pwd_cnt,u1_0.frst_register_id,u1_0.frst_regist_pnttm,u1_0.detail_adres,u1_0.email_adres,u1_0.emplyr_sttus_code,u1_0.empl_no,u1_0.esntl_id,u1_0.fxnum,u1_0.group_id,u1_0.house_adres,u1_0.house_end_telno,u1_0.house_middle_telno,u1_0.ihidnum,u1_0.pstinst_code,u1_0.last_updusr_id,u1_0.last_updt_pnttm,u1_0.lock_at,u1_0.lock_cnt,u1_0.lock_last_pnttm,u1_0.mbtlnum,u1_0.ofcps_nm,u1_0.offm_telno,u1_0.orgnzt_id,u1_0.password,u1_0.password_cnsr,u1_0.password_hint,u1_0.chg_pwd_last_pnttm,u1_0.role,u1_0.sbscrb_de,u1_0.sexdstn_code,u1_0.crtfc_dn_value,u1_0.user_nm,u1_0.zip from nemplyrinfo u1_0 where u1_0.emplyr_id=?
2026-03-16 17:01:29 [http-nio-8080-exec-11] DEBUG o.s.orm.jpa.JpaTransactionManager - Initiating transaction commit
2026-03-16 17:01:29 [http-nio-8080-exec-11] DEBUG o.s.orm.jpa.JpaTransactionManager - Committing JPA transaction on EntityManager [SessionImpl(1454857793<open>)]
2026-03-16 17:01:29 [http-nio-8080-exec-10] DEBUG o.s.orm.jpa.JpaTransactionManager - Initiating transaction commit
2026-03-16 17:01:29 [http-nio-8080-exec-7] DEBUG o.s.orm.jpa.JpaTransactionManager - Initiating transaction commit
2026-03-16 17:01:29 [http-nio-8080-exec-10] DEBUG o.s.orm.jpa.JpaTransactionManager - Committing JPA transaction on EntityManager [SessionImpl(1792738862<open>)]
2026-03-16 17:01:29 [http-nio-8080-exec-7] DEBUG o.s.orm.jpa.JpaTransactionManager - Committing JPA transaction on EntityManager [SessionImpl(804790177<open>)]
2026-03-16 17:01:29 [http-nio-8080-exec-19] DEBUG o.s.orm.jpa.JpaTransactionManager - Closing JPA EntityManager [SessionImpl(1086613266<open>)] after transaction
2026-03-16 17:01:29 [http-nio-8080-exec-19] DEBUG o.s.w.s.m.m.a.HttpEntityMethodProcessor - Using 'application/json', given [application/json, text/plain, */*] and supported [application/json, application/*+json, application/yaml]
2026-03-16 17:01:29 [http-nio-8080-exec-19] TRACE o.s.w.s.m.m.a.HttpEntityMethodProcessor - Writing [ApiResponse[success=true, status=200, code=COMMON_001, message=Success, data=[], timestamp=2026-03-16T17:01:29.377972700]]
2026-03-16 17:01:29 [http-nio-8080-exec-19] INFO  c.c.p.a.i.OperationalAuditInterceptor - API Audit Log: URL=/api/v1/admin/system/banners/reflected, User=webmaster, IP=127.0.0.1
2026-03-16 17:01:29 [http-nio-8080-exec-19] DEBUG o.s.web.servlet.DispatcherServlet - Completed 200 OK
2026-03-16 17:01:29 [http-nio-8080-exec-16] DEBUG c.c.p.s.jwt.JwtAuthenticationFilter - >>> [JwtFilter] Processing request: GET /api/v1/admin/system/banners/reflected
2026-03-16 17:01:29 [http-nio-8080-exec-16] DEBUG c.c.p.s.jwt.JwtAuthenticationFilter - >>> [JwtFilter] Found token in header for path: /api/v1/admin/system/banners/reflected
2026-03-16 17:01:29 [http-nio-8080-exec-16] DEBUG o.s.orm.jpa.JpaTransactionManager - Creating new transaction with name [com.company.project.security.iam.CustomUserDetailsService.loadUserByUsername]: PROPAGATION_REQUIRED,ISOLATION_DEFAULT,readOnly
2026-03-16 17:01:29 [http-nio-8080-exec-16] DEBUG o.s.orm.jpa.JpaTransactionManager - Opened new EntityManager [SessionImpl(1781075588<open>)] for JPA transaction
2026-03-16 17:01:29 [http-nio-8080-exec-16] DEBUG o.s.orm.jpa.JpaTransactionManager - Exposing JPA transaction as JDBC [org.springframework.orm.jpa.vendor.HibernateJpaDialect$HibernateConnectionHandle@3e0ec453]
2026-03-16 17:01:29 [http-nio-8080-exec-16] DEBUG o.s.orm.jpa.JpaTransactionManager - Found thread-bound EntityManager [SessionImpl(1781075588<open>)] for JPA transaction
2026-03-16 17:01:29 [http-nio-8080-exec-16] DEBUG o.s.orm.jpa.JpaTransactionManager - Participating in existing transaction
2026-03-16 17:01:29 [http-nio-8080-exec-16] DEBUG org.hibernate.SQL - select u1_0.emplyr_id,u1_0.area_no,u1_0.brthdy,u1_0.chg_pwd_cnt,u1_0.frst_register_id,u1_0.frst_regist_pnttm,u1_0.detail_adres,u1_0.email_adres,u1_0.emplyr_sttus_code,u1_0.empl_no,u1_0.esntl_id,u1_0.fxnum,u1_0.group_id,u1_0.house_adres,u1_0.house_end_telno,u1_0.house_middle_telno,u1_0.ihidnum,u1_0.pstinst_code,u1_0.last_updusr_id,u1_0.last_updt_pnttm,u1_0.lock_at,u1_0.lock_cnt,u1_0.lock_last_pnttm,u1_0.mbtlnum,u1_0.ofcps_nm,u1_0.offm_telno,u1_0.orgnzt_id,u1_0.password,u1_0.password_cnsr,u1_0.password_hint,u1_0.chg_pwd_last_pnttm,u1_0.role,u1_0.sbscrb_de,u1_0.sexdstn_code,u1_0.crtfc_dn_value,u1_0.user_nm,u1_0.zip from nemplyrinfo u1_0 where u1_0.emplyr_id=?
2026-03-16 17:01:29 [http-nio-8080-exec-6] DEBUG o.s.orm.jpa.JpaTransactionManager - Exposing JPA transaction as JDBC [org.springframework.orm.jpa.vendor.HibernateJpaDialect$HibernateConnectionHandle@7f80d14d]
2026-03-16 17:01:29 [http-nio-8080-exec-6] DEBUG o.s.orm.jpa.JpaTransactionManager - Found thread-bound EntityManager [SessionImpl(1005189926<open>)] for JPA transaction
2026-03-16 17:01:29 [http-nio-8080-exec-6] DEBUG o.s.orm.jpa.JpaTransactionManager - Participating in existing transaction
2026-03-16 17:01:29 [http-nio-8080-exec-6] DEBUG org.hibernate.SQL - select u1_0.emplyr_id,u1_0.area_no,u1_0.brthdy,u1_0.chg_pwd_cnt,u1_0.frst_register_id,u1_0.frst_regist_pnttm,u1_0.detail_adres,u1_0.email_adres,u1_0.emplyr_sttus_code,u1_0.empl_no,u1_0.esntl_id,u1_0.fxnum,u1_0.group_id,u1_0.house_adres,u1_0.house_end_telno,u1_0.house_middle_telno,u1_0.ihidnum,u1_0.pstinst_code,u1_0.last_updusr_id,u1_0.last_updt_pnttm,u1_0.lock_at,u1_0.lock_cnt,u1_0.lock_last_pnttm,u1_0.mbtlnum,u1_0.ofcps_nm,u1_0.offm_telno,u1_0.orgnzt_id,u1_0.password,u1_0.password_cnsr,u1_0.password_hint,u1_0.chg_pwd_last_pnttm,u1_0.role,u1_0.sbscrb_de,u1_0.sexdstn_code,u1_0.crtfc_dn_value,u1_0.user_nm,u1_0.zip from nemplyrinfo u1_0 where u1_0.emplyr_id=?
2026-03-16 17:01:29 [http-nio-8080-exec-1] DEBUG o.s.orm.jpa.JpaTransactionManager - Found thread-bound EntityManager [SessionImpl(575218531<open>)] for JPA transaction
2026-03-16 17:01:29 [http-nio-8080-exec-1] DEBUG o.s.orm.jpa.JpaTransactionManager - Participating in existing transaction
2026-03-16 17:01:29 [http-nio-8080-exec-1] DEBUG org.hibernate.SQL - select ua1_0.scrty_dtrmn_trget_id,ua1_0.author_code,ua1_0.frst_register_id,ua1_0.frst_regist_pnttm,ua1_0.last_updusr_id,ua1_0.last_updt_pnttm,ua1_0.mber_ty_code from nemplyrscrtyestbs ua1_0 where ua1_0.scrty_dtrmn_trget_id=?
2026-03-16 17:01:29 [http-nio-8080-exec-11] DEBUG o.s.orm.jpa.JpaTransactionManager - Closing JPA EntityManager [SessionImpl(1454857793<open>)] after transaction
2026-03-16 17:01:29 [http-nio-8080-exec-11] DEBUG o.s.w.s.m.m.a.HttpEntityMethodProcessor - Using 'application/json', given [application/json, text/plain, */*] and supported [application/json, application/*+json, application/yaml]
2026-03-16 17:01:29 [http-nio-8080-exec-11] TRACE o.s.w.s.m.m.a.HttpEntityMethodProcessor - Writing [ApiResponse[success=true, status=200, code=COMMON_001, message=Success, data=[], timestamp=2026-03-16T17:01:29.409820300]]
2026-03-16 17:01:29 [http-nio-8080-exec-11] INFO  c.c.p.a.i.OperationalAuditInterceptor - API Audit Log: URL=/api/v1/popups/active, User=webmaster, IP=127.0.0.1
2026-03-16 17:01:29 [http-nio-8080-exec-11] DEBUG o.s.web.servlet.DispatcherServlet - Completed 200 OK
2026-03-16 17:01:29 [http-nio-8080-exec-17] DEBUG c.c.p.s.jwt.JwtAuthenticationFilter - >>> [JwtFilter] Processing request: GET /api/v1/popups/active
2026-03-16 17:01:29 [http-nio-8080-exec-17] DEBUG c.c.p.s.jwt.JwtAuthenticationFilter - >>> [JwtFilter] Found token in header for path: /api/v1/popups/active
2026-03-16 17:01:29 [http-nio-8080-exec-17] DEBUG o.s.orm.jpa.JpaTransactionManager - Creating new transaction with name [com.company.project.security.iam.CustomUserDetailsService.loadUserByUsername]: PROPAGATION_REQUIRED,ISOLATION_DEFAULT,readOnly
2026-03-16 17:01:29 [http-nio-8080-exec-17] DEBUG o.s.orm.jpa.JpaTransactionManager - Opened new EntityManager [SessionImpl(1770945989<open>)] for JPA transaction
2026-03-16 17:01:29 [http-nio-8080-exec-10] DEBUG o.s.orm.jpa.JpaTransactionManager - Closing JPA EntityManager [SessionImpl(1792738862<open>)] after transaction
2026-03-16 17:01:29 [http-nio-8080-exec-7] DEBUG o.s.orm.jpa.JpaTransactionManager - Closing JPA EntityManager [SessionImpl(804790177<open>)] after transaction
2026-03-16 17:01:29 [http-nio-8080-exec-10] DEBUG o.s.w.s.m.m.a.HttpEntityMethodProcessor - Using 'application/json', given [application/json, text/plain, */*] and supported [application/json, application/*+json, application/yaml]
2026-03-16 17:01:29 [http-nio-8080-exec-7] DEBUG o.s.w.s.m.m.a.HttpEntityMethodProcessor - Using 'application/json', given [application/json, text/plain, */*] and supported [application/json, application/*+json, application/yaml]
2026-03-16 17:01:29 [http-nio-8080-exec-10] TRACE o.s.w.s.m.m.a.HttpEntityMethodProcessor - Writing [ApiResponse[success=true, status=200, code=COMMON_001, message=Success, data=0, timestamp=2026-03-16T17:01:29.440147300]]
2026-03-16 17:01:29 [http-nio-8080-exec-7] TRACE o.s.w.s.m.m.a.HttpEntityMethodProcessor - Writing [ApiResponse[success=true, status=200, code=COMMON_001, message=Success, data=[NotificationDto(ntfcNo=NT001, ntfcSj=테스트 알림입니다, ntfcCn=알림 내용입니다, ntfcDate=null, ntfcTime=2026-02-25T00:59:33.784070, bhNtfcIntrvl=null, uniqId=null, frstRegisterId=null, frstRegisterPnttm=2026-02-25T00:59:33.784070, lastUpdusrId=null, lastUpdusrPnttm=null)], timestamp=2026-03-16T17:01:29.440147300]]
2026-03-16 17:01:29 [http-nio-8080-exec-10] INFO  c.c.p.a.i.OperationalAuditInterceptor - API Audit Log: URL=/api/v1/notifications/unread-count, User=webmaster, IP=127.0.0.1
2026-03-16 17:01:29 [http-nio-8080-exec-10] DEBUG o.s.web.servlet.DispatcherServlet - Completed 200 OK
2026-03-16 17:01:29 [http-nio-8080-exec-7] INFO  c.c.p.a.i.OperationalAuditInterceptor - API Audit Log: URL=/api/v1/notifications, User=webmaster, IP=127.0.0.1
2026-03-16 17:01:29 [http-nio-8080-exec-7] DEBUG o.s.web.servlet.DispatcherServlet - Completed 200 OK
2026-03-16 17:01:29 [http-nio-8080-exec-5] DEBUG c.c.p.s.jwt.JwtAuthenticationFilter - >>> [JwtFilter] Processing request: GET /api/v1/notifications/unread-count
2026-03-16 17:01:29 [http-nio-8080-exec-5] DEBUG c.c.p.s.jwt.JwtAuthenticationFilter - >>> [JwtFilter] Found token in header for path: /api/v1/notifications/unread-count
2026-03-16 17:01:29 [http-nio-8080-exec-5] DEBUG o.s.orm.jpa.JpaTransactionManager - Creating new transaction with name [com.company.project.security.iam.CustomUserDetailsService.loadUserByUsername]: PROPAGATION_REQUIRED,ISOLATION_DEFAULT,readOnly
2026-03-16 17:01:29 [http-nio-8080-exec-5] DEBUG o.s.orm.jpa.JpaTransactionManager - Opened new EntityManager [SessionImpl(794416547<open>)] for JPA transaction
2026-03-16 17:01:29 [http-nio-8080-exec-18] DEBUG c.c.p.s.jwt.JwtAuthenticationFilter - >>> [JwtFilter] Processing request: GET /api/v1/notifications
2026-03-16 17:01:29 [http-nio-8080-exec-18] DEBUG c.c.p.s.jwt.JwtAuthenticationFilter - >>> [JwtFilter] Found token in header for path: /api/v1/notifications
2026-03-16 17:01:29 [http-nio-8080-exec-18] DEBUG o.s.orm.jpa.JpaTransactionManager - Creating new transaction with name [com.company.project.security.iam.CustomUserDetailsService.loadUserByUsername]: PROPAGATION_REQUIRED,ISOLATION_DEFAULT,readOnly
2026-03-16 17:01:29 [http-nio-8080-exec-18] DEBUG o.s.orm.jpa.JpaTransactionManager - Opened new EntityManager [SessionImpl(1279983371<open>)] for JPA transaction
2026-03-16 17:01:29 [http-nio-8080-exec-18] DEBUG o.s.orm.jpa.JpaTransactionManager - Exposing JPA transaction as JDBC [org.springframework.orm.jpa.vendor.HibernateJpaDialect$HibernateConnectionHandle@4ed6a1d5]
2026-03-16 17:01:29 [http-nio-8080-exec-18] DEBUG o.s.orm.jpa.JpaTransactionManager - Found thread-bound EntityManager [SessionImpl(1279983371<open>)] for JPA transaction
2026-03-16 17:01:29 [http-nio-8080-exec-18] DEBUG o.s.orm.jpa.JpaTransactionManager - Participating in existing transaction
2026-03-16 17:01:29 [http-nio-8080-exec-18] DEBUG org.hibernate.SQL - select u1_0.emplyr_id,u1_0.area_no,u1_0.brthdy,u1_0.chg_pwd_cnt,u1_0.frst_register_id,u1_0.frst_regist_pnttm,u1_0.detail_adres,u1_0.email_adres,u1_0.emplyr_sttus_code,u1_0.empl_no,u1_0.esntl_id,u1_0.fxnum,u1_0.group_id,u1_0.house_adres,u1_0.house_end_telno,u1_0.house_middle_telno,u1_0.ihidnum,u1_0.pstinst_code,u1_0.last_updusr_id,u1_0.last_updt_pnttm,u1_0.lock_at,u1_0.lock_cnt,u1_0.lock_last_pnttm,u1_0.mbtlnum,u1_0.ofcps_nm,u1_0.offm_telno,u1_0.orgnzt_id,u1_0.password,u1_0.password_cnsr,u1_0.password_hint,u1_0.chg_pwd_last_pnttm,u1_0.role,u1_0.sbscrb_de,u1_0.sexdstn_code,u1_0.crtfc_dn_value,u1_0.user_nm,u1_0.zip from nemplyrinfo u1_0 where u1_0.emplyr_id=?
2026-03-16 17:01:29 [http-nio-8080-exec-16] DEBUG o.s.orm.jpa.JpaTransactionManager - Found thread-bound EntityManager [SessionImpl(1781075588<open>)] for JPA transaction
2026-03-16 17:01:29 [http-nio-8080-exec-16] DEBUG o.s.orm.jpa.JpaTransactionManager - Participating in existing transaction
2026-03-16 17:01:29 [http-nio-8080-exec-16] DEBUG org.hibernate.SQL - select ua1_0.scrty_dtrmn_trget_id,ua1_0.author_code,ua1_0.frst_register_id,ua1_0.frst_regist_pnttm,ua1_0.last_updusr_id,ua1_0.last_updt_pnttm,ua1_0.mber_ty_code from nemplyrscrtyestbs ua1_0 where ua1_0.scrty_dtrmn_trget_id=?
2026-03-16 17:01:29 [http-nio-8080-exec-6] DEBUG o.s.orm.jpa.JpaTransactionManager - Found thread-bound EntityManager [SessionImpl(1005189926<open>)] for JPA transaction
2026-03-16 17:01:29 [http-nio-8080-exec-6] DEBUG o.s.orm.jpa.JpaTransactionManager - Participating in existing transaction
2026-03-16 17:01:29 [http-nio-8080-exec-6] DEBUG org.hibernate.SQL - select ua1_0.scrty_dtrmn_trget_id,ua1_0.author_code,ua1_0.frst_register_id,ua1_0.frst_regist_pnttm,ua1_0.last_updusr_id,ua1_0.last_updt_pnttm,ua1_0.mber_ty_code from nemplyrscrtyestbs ua1_0 where ua1_0.scrty_dtrmn_trget_id=?
2026-03-16 17:01:29 [http-nio-8080-exec-1] DEBUG o.s.orm.jpa.JpaTransactionManager - Initiating transaction commit
2026-03-16 17:01:29 [http-nio-8080-exec-1] DEBUG o.s.orm.jpa.JpaTransactionManager - Committing JPA transaction on EntityManager [SessionImpl(575218531<open>)]
2026-03-16 17:01:29 [http-nio-8080-exec-17] DEBUG o.s.orm.jpa.JpaTransactionManager - Exposing JPA transaction as JDBC [org.springframework.orm.jpa.vendor.HibernateJpaDialect$HibernateConnectionHandle@3f6b51]
2026-03-16 17:01:29 [http-nio-8080-exec-17] DEBUG o.s.orm.jpa.JpaTransactionManager - Found thread-bound EntityManager [SessionImpl(1770945989<open>)] for JPA transaction
2026-03-16 17:01:29 [http-nio-8080-exec-17] DEBUG o.s.orm.jpa.JpaTransactionManager - Participating in existing transaction
2026-03-16 17:01:29 [http-nio-8080-exec-17] DEBUG org.hibernate.SQL - select u1_0.emplyr_id,u1_0.area_no,u1_0.brthdy,u1_0.chg_pwd_cnt,u1_0.frst_register_id,u1_0.frst_regist_pnttm,u1_0.detail_adres,u1_0.email_adres,u1_0.emplyr_sttus_code,u1_0.empl_no,u1_0.esntl_id,u1_0.fxnum,u1_0.group_id,u1_0.house_adres,u1_0.house_end_telno,u1_0.house_middle_telno,u1_0.ihidnum,u1_0.pstinst_code,u1_0.last_updusr_id,u1_0.last_updt_pnttm,u1_0.lock_at,u1_0.lock_cnt,u1_0.lock_last_pnttm,u1_0.mbtlnum,u1_0.ofcps_nm,u1_0.offm_telno,u1_0.orgnzt_id,u1_0.password,u1_0.password_cnsr,u1_0.password_hint,u1_0.chg_pwd_last_pnttm,u1_0.role,u1_0.sbscrb_de,u1_0.sexdstn_code,u1_0.crtfc_dn_value,u1_0.user_nm,u1_0.zip from nemplyrinfo u1_0 where u1_0.emplyr_id=?
2026-03-16 17:01:29 [http-nio-8080-exec-5] DEBUG o.s.orm.jpa.JpaTransactionManager - Exposing JPA transaction as JDBC [org.springframework.orm.jpa.vendor.HibernateJpaDialect$HibernateConnectionHandle@77e1d882]
2026-03-16 17:01:29 [http-nio-8080-exec-5] DEBUG o.s.orm.jpa.JpaTransactionManager - Found thread-bound EntityManager [SessionImpl(794416547<open>)] for JPA transaction
2026-03-16 17:01:29 [http-nio-8080-exec-5] DEBUG o.s.orm.jpa.JpaTransactionManager - Participating in existing transaction
2026-03-16 17:01:29 [http-nio-8080-exec-5] DEBUG org.hibernate.SQL - select u1_0.emplyr_id,u1_0.area_no,u1_0.brthdy,u1_0.chg_pwd_cnt,u1_0.frst_register_id,u1_0.frst_regist_pnttm,u1_0.detail_adres,u1_0.email_adres,u1_0.emplyr_sttus_code,u1_0.empl_no,u1_0.esntl_id,u1_0.fxnum,u1_0.group_id,u1_0.house_adres,u1_0.house_end_telno,u1_0.house_middle_telno,u1_0.ihidnum,u1_0.pstinst_code,u1_0.last_updusr_id,u1_0.last_updt_pnttm,u1_0.lock_at,u1_0.lock_cnt,u1_0.lock_last_pnttm,u1_0.mbtlnum,u1_0.ofcps_nm,u1_0.offm_telno,u1_0.orgnzt_id,u1_0.password,u1_0.password_cnsr,u1_0.password_hint,u1_0.chg_pwd_last_pnttm,u1_0.role,u1_0.sbscrb_de,u1_0.sexdstn_code,u1_0.crtfc_dn_value,u1_0.user_nm,u1_0.zip from nemplyrinfo u1_0 where u1_0.emplyr_id=?
2026-03-16 17:01:29 [http-nio-8080-exec-18] DEBUG o.s.orm.jpa.JpaTransactionManager - Found thread-bound EntityManager [SessionImpl(1279983371<open>)] for JPA transaction
2026-03-16 17:01:29 [http-nio-8080-exec-18] DEBUG o.s.orm.jpa.JpaTransactionManager - Participating in existing transaction
2026-03-16 17:01:29 [http-nio-8080-exec-18] DEBUG org.hibernate.SQL - select ua1_0.scrty_dtrmn_trget_id,ua1_0.author_code,ua1_0.frst_register_id,ua1_0.frst_regist_pnttm,ua1_0.last_updusr_id,ua1_0.last_updt_pnttm,ua1_0.mber_ty_code from nemplyrscrtyestbs ua1_0 where ua1_0.scrty_dtrmn_trget_id=?
2026-03-16 17:01:29 [http-nio-8080-exec-6] DEBUG o.s.orm.jpa.JpaTransactionManager - Initiating transaction commit
2026-03-16 17:01:29 [http-nio-8080-exec-6] DEBUG o.s.orm.jpa.JpaTransactionManager - Committing JPA transaction on EntityManager [SessionImpl(1005189926<open>)]
2026-03-16 17:01:29 [http-nio-8080-exec-16] DEBUG o.s.orm.jpa.JpaTransactionManager - Initiating transaction commit
2026-03-16 17:01:29 [http-nio-8080-exec-16] DEBUG o.s.orm.jpa.JpaTransactionManager - Committing JPA transaction on EntityManager [SessionImpl(1781075588<open>)]
2026-03-16 17:01:29 [http-nio-8080-exec-1] DEBUG o.s.orm.jpa.JpaTransactionManager - Closing JPA EntityManager [SessionImpl(575218531<open>)] after transaction
2026-03-16 17:01:29 [http-nio-8080-exec-1] DEBUG c.c.p.s.jwt.JwtAuthenticationFilter - >>> [JwtFilter] Successfully authenticated user: USRCNFRM_99999999999, Authorities: [ROLE_ADMIN]
2026-03-16 17:01:29 [http-nio-8080-exec-1] DEBUG o.s.web.servlet.DispatcherServlet - GET "/api/v1/menu/left?menuNo=20", parameters={masked}
2026-03-16 17:01:29 [http-nio-8080-exec-1] TRACE o.s.w.s.m.m.a.RequestMappingHandlerMapping - Mapped to com.company.project.api.controller.menu.MenuController#getLeftMenu(Long)
2026-03-16 17:01:29 [http-nio-8080-exec-1] INFO  c.c.p.a.c.menu.MenuController - getLeftMenu called with menuNo=20
2026-03-16 17:01:29 [http-nio-8080-exec-1] DEBUG o.s.orm.jpa.JpaTransactionManager - Creating new transaction with name [com.company.project.service.menu.MenuService.getSubMenus]: PROPAGATION_REQUIRED,ISOLATION_DEFAULT,readOnly
2026-03-16 17:01:29 [http-nio-8080-exec-1] DEBUG o.s.orm.jpa.JpaTransactionManager - Opened new EntityManager [SessionImpl(948386851<open>)] for JPA transaction
2026-03-16 17:01:29 [http-nio-8080-exec-1] DEBUG o.s.orm.jpa.JpaTransactionManager - Exposing JPA transaction as JDBC [org.springframework.orm.jpa.vendor.HibernateJpaDialect$HibernateConnectionHandle@41bb0f67]
2026-03-16 17:01:29 [http-nio-8080-exec-1] DEBUG org.hibernate.SQL - select m1_0.menu_no,m1_0.menu_dc,m1_0.menu_nm,m1_0.menu_ordr,m1_0.modern_route,m1_0.progrm_file_nm,m1_0.relate_image_nm,m1_0.relate_image_path,m1_0.route_updated_at,m1_0.upper_menu_no from nmenuinfo m1_0 order by m1_0.upper_menu_no,m1_0.menu_ordr
2026-03-16 17:01:29 [http-nio-8080-exec-17] DEBUG o.s.orm.jpa.JpaTransactionManager - Found thread-bound EntityManager [SessionImpl(1770945989<open>)] for JPA transaction
2026-03-16 17:01:29 [http-nio-8080-exec-17] DEBUG o.s.orm.jpa.JpaTransactionManager - Participating in existing transaction
2026-03-16 17:01:29 [http-nio-8080-exec-17] DEBUG org.hibernate.SQL - select ua1_0.scrty_dtrmn_trget_id,ua1_0.author_code,ua1_0.frst_register_id,ua1_0.frst_regist_pnttm,ua1_0.last_updusr_id,ua1_0.last_updt_pnttm,ua1_0.mber_ty_code from nemplyrscrtyestbs ua1_0 where ua1_0.scrty_dtrmn_trget_id=?
2026-03-16 17:01:29 [http-nio-8080-exec-5] DEBUG o.s.orm.jpa.JpaTransactionManager - Found thread-bound EntityManager [SessionImpl(794416547<open>)] for JPA transaction
2026-03-16 17:01:29 [http-nio-8080-exec-5] DEBUG o.s.orm.jpa.JpaTransactionManager - Participating in existing transaction
2026-03-16 17:01:29 [http-nio-8080-exec-5] DEBUG org.hibernate.SQL - select ua1_0.scrty_dtrmn_trget_id,ua1_0.author_code,ua1_0.frst_register_id,ua1_0.frst_regist_pnttm,ua1_0.last_updusr_id,ua1_0.last_updt_pnttm,ua1_0.mber_ty_code from nemplyrscrtyestbs ua1_0 where ua1_0.scrty_dtrmn_trget_id=?
2026-03-16 17:01:29 [http-nio-8080-exec-18] DEBUG o.s.orm.jpa.JpaTransactionManager - Initiating transaction commit
2026-03-16 17:01:29 [http-nio-8080-exec-18] DEBUG o.s.orm.jpa.JpaTransactionManager - Committing JPA transaction on EntityManager [SessionImpl(1279983371<open>)]
2026-03-16 17:01:29 [http-nio-8080-exec-6] DEBUG o.s.orm.jpa.JpaTransactionManager - Closing JPA EntityManager [SessionImpl(1005189926<open>)] after transaction
2026-03-16 17:01:29 [http-nio-8080-exec-6] DEBUG c.c.p.s.jwt.JwtAuthenticationFilter - >>> [JwtFilter] Successfully authenticated user: USRCNFRM_99999999999, Authorities: [ROLE_ADMIN]
2026-03-16 17:01:29 [http-nio-8080-exec-6] DEBUG o.s.web.servlet.DispatcherServlet - GET "/api/v1/admin/system/statistics/bbs?statsKind=COM101", parameters={masked}
2026-03-16 17:01:29 [http-nio-8080-exec-6] DEBUG o.s.w.s.h.SimpleUrlHandlerMapping - Mapped to ResourceHttpRequestHandler [classpath [META-INF/resources/], classpath [resources/], classpath [static/], classpath [public/], ServletContext [/]]
2026-03-16 17:01:29 [http-nio-8080-exec-6] DEBUG o.s.w.s.r.ResourceHttpRequestHandler - Resource not found
2026-03-16 17:01:29 [http-nio-8080-exec-6] DEBUG o.s.w.s.m.m.a.ExceptionHandlerExceptionResolver - Using @ExceptionHandler com.company.project.core.exception.GlobalExceptionHandler#handleException(Exception)
2026-03-16 17:01:29 [http-nio-8080-exec-6] ERROR c.c.p.c.e.GlobalExceptionHandler - >>> Internal Server Error: No static resource api/v1/admin/system/statistics/bbs.
org.springframework.web.servlet.resource.NoResourceFoundException: No static resource api/v1/admin/system/statistics/bbs.
	at org.springframework.web.servlet.resource.ResourceHttpRequestHandler.handleRequest(ResourceHttpRequestHandler.java:585)
	at org.springframework.web.servlet.mvc.HttpRequestHandlerAdapter.handle(HttpRequestHandlerAdapter.java:52)
	at org.springframework.web.servlet.DispatcherServlet.doDispatch(DispatcherServlet.java:1088)
	at org.springframework.web.servlet.DispatcherServlet.doService(DispatcherServlet.java:978)
	at org.springframework.web.servlet.FrameworkServlet.processRequest(FrameworkServlet.java:1014)
	at org.springframework.web.servlet.FrameworkServlet.doGet(FrameworkServlet.java:903)
	at jakarta.servlet.http.HttpServlet.service(HttpServlet.java:527)
	at org.springframework.web.servlet.FrameworkServlet.service(FrameworkServlet.java:885)
	at jakarta.servlet.http.HttpServlet.service(HttpServlet.java:614)
	at org.apache.catalina.core.ApplicationFilterChain.internalDoFilter(ApplicationFilterChain.java:195)
	at org.apache.catalina.core.ApplicationFilterChain.doFilter(ApplicationFilterChain.java:140)
	at org.apache.tomcat.websocket.server.WsFilter.doFilter(WsFilter.java:51)
	at org.apache.catalina.core.ApplicationFilterChain.internalDoFilter(ApplicationFilterChain.java:164)
	at org.apache.catalina.core.ApplicationFilterChain.doFilter(ApplicationFilterChain.java:140)
	at org.springframework.web.filter.CompositeFilter$VirtualFilterChain.doFilter(CompositeFilter.java:108)
	at org.springframework.security.web.FilterChainProxy.lambda$doFilterInternal$3(FilterChainProxy.java:231)
	at org.springframework.security.web.ObservationFilterChainDecorator$FilterObservation$SimpleFilterObservation.lambda$wrap$1(ObservationFilterChainDecorator.java:479)
	at org.springframework.security.web.ObservationFilterChainDecorator$AroundFilterObservation$SimpleAroundFilterObservation.lambda$wrap$1(ObservationFilterChainDecorator.java:340)
	at org.springframework.security.web.ObservationFilterChainDecorator.lambda$wrapSecured$0(ObservationFilterChainDecorator.java:82)
	at org.springframework.security.web.ObservationFilterChainDecorator$VirtualFilterChain.doFilter(ObservationFilterChainDecorator.java:128)
	at org.springframework.security.web.access.intercept.AuthorizationFilter.doFilter(AuthorizationFilter.java:101)
	at org.springframework.security.web.ObservationFilterChainDecorator$ObservationFilter.wrapFilter(ObservationFilterChainDecorator.java:240)
	at org.springframework.security.web.ObservationFilterChainDecorator$ObservationFilter.doFilter(ObservationFilterChainDecorator.java:227)
	at org.springframework.security.web.ObservationFilterChainDecorator$VirtualFilterChain.doFilter(ObservationFilterChainDecorator.java:137)
	at org.springframework.security.web.access.ExceptionTranslationFilter.doFilter(ExceptionTranslationFilter.java:126)
	at org.springframework.security.web.access.ExceptionTranslationFilter.doFilter(ExceptionTranslationFilter.java:120)
	at org.springframework.security.web.ObservationFilterChainDecorator$ObservationFilter.wrapFilter(ObservationFilterChainDecorator.java:240)
	at org.springframework.security.web.ObservationFilterChainDecorator$ObservationFilter.doFilter(ObservationFilterChainDecorator.java:227)
	at org.springframework.security.web.ObservationFilterChainDecorator$VirtualFilterChain.doFilter(ObservationFilterChainDecorator.java:137)
	at org.springframework.security.web.session.SessionManagementFilter.doFilter(SessionManagementFilter.java:131)
	at org.springframework.security.web.session.SessionManagementFilter.doFilter(SessionManagementFilter.java:85)
	at org.springframework.security.web.ObservationFilterChainDecorator$ObservationFilter.wrapFilter(ObservationFilterChainDecorator.java:240)
	at org.springframework.security.web.ObservationFilterChainDecorator$ObservationFilter.doFilter(ObservationFilterChainDecorator.java:227)
	at org.springframework.security.web.ObservationFilterChainDecorator$VirtualFilterChain.doFilter(ObservationFilterChainDecorator.java:137)
	at org.springframework.security.web.authentication.AnonymousAuthenticationFilter.doFilter(AnonymousAuthenticationFilter.java:100)
	at org.springframework.security.web.ObservationFilterChainDecorator$ObservationFilter.wrapFilter(ObservationFilterChainDecorator.java:240)
	at org.springframework.security.web.ObservationFilterChainDecorator$ObservationFilter.doFilter(ObservationFilterChainDecorator.java:227)
	at org.springframework.security.web.ObservationFilterChainDecorator$VirtualFilterChain.doFilter(ObservationFilterChainDecorator.java:137)
	at org.springframework.security.web.servletapi.SecurityContextHolderAwareRequestFilter.doFilter(SecurityContextHolderAwareRequestFilter.java:179)
	at org.springframework.security.web.ObservationFilterChainDecorator$ObservationFilter.wrapFilter(ObservationFilterChainDecorator.java:240)
	at org.springframework.security.web.ObservationFilterChainDecorator$ObservationFilter.doFilter(ObservationFilterChainDecorator.java:227)
	at org.springframework.security.web.ObservationFilterChainDecorator$VirtualFilterChain.doFilter(ObservationFilterChainDecorator.java:137)
	at org.springframework.security.web.savedrequest.RequestCacheAwareFilter.doFilter(RequestCacheAwareFilter.java:63)
	at org.springframework.security.web.ObservationFilterChainDecorator$ObservationFilter.wrapFilter(ObservationFilterChainDecorator.java:240)
	at org.springframework.security.web.ObservationFilterChainDecorator$ObservationFilter.doFilter(ObservationFilterChainDecorator.java:227)
	at org.springframework.security.web.ObservationFilterChainDecorator$VirtualFilterChain.doFilter(ObservationFilterChainDecorator.java:137)
	at com.company.project.security.jwt.JwtAuthenticationFilter.doFilterInternal(JwtAuthenticationFilter.java:52)
	at org.springframework.web.filter.OncePerRequestFilter.doFilter(OncePerRequestFilter.java:116)
	at org.springframework.security.web.ObservationFilterChainDecorator$ObservationFilter.wrapFilter(ObservationFilterChainDecorator.java:240)
	at org.springframework.security.web.ObservationFilterChainDecorator$ObservationFilter.doFilter(ObservationFilterChainDecorator.java:227)
	at org.springframework.security.web.ObservationFilterChainDecorator$VirtualFilterChain.doFilter(ObservationFilterChainDecorator.java:137)
	at org.springframework.security.web.authentication.logout.LogoutFilter.doFilter(LogoutFilter.java:107)
	at org.springframework.security.web.authentication.logout.LogoutFilter.doFilter(LogoutFilter.java:93)
	at org.springframework.security.web.ObservationFilterChainDecorator$ObservationFilter.wrapFilter(ObservationFilterChainDecorator.java:240)
	at org.springframework.security.web.ObservationFilterChainDecorator$ObservationFilter.doFilter(ObservationFilterChainDecorator.java:227)
	at org.springframework.security.web.ObservationFilterChainDecorator$VirtualFilterChain.doFilter(ObservationFilterChainDecorator.java:137)
	at org.springframework.web.filter.CorsFilter.doFilterInternal(CorsFilter.java:91)
	at org.springframework.web.filter.OncePerRequestFilter.doFilter(OncePerRequestFilter.java:116)
	at org.springframework.security.web.ObservationFilterChainDecorator$ObservationFilter.wrapFilter(ObservationFilterChainDecorator.java:240)
	at org.springframework.security.web.ObservationFilterChainDecorator$ObservationFilter.doFilter(ObservationFilterChainDecorator.java:227)
	at org.springframework.security.web.ObservationFilterChainDecorator$VirtualFilterChain.doFilter(ObservationFilterChainDecorator.java:137)
	at org.springframework.security.web.header.HeaderWriterFilter.doHeadersAfter(HeaderWriterFilter.java:90)
	at org.springframework.security.web.header.HeaderWriterFilter.doFilterInternal(HeaderWriterFilter.java:75)
	at org.springframework.web.filter.OncePerRequestFilter.doFilter(OncePerRequestFilter.java:116)
	at org.springframework.security.web.ObservationFilterChainDecorator$ObservationFilter.wrapFilter(ObservationFilterChainDecorator.java:240)
	at org.springframework.security.web.ObservationFilterChainDecorator$ObservationFilter.doFilter(ObservationFilterChainDecorator.java:227)
	at org.springframework.security.web.ObservationFilterChainDecorator$VirtualFilterChain.doFilter(ObservationFilterChainDecorator.java:137)
	at org.springframework.security.web.context.SecurityContextHolderFilter.doFilter(SecurityContextHolderFilter.java:82)
	at org.springframework.security.web.context.SecurityContextHolderFilter.doFilter(SecurityContextHolderFilter.java:69)
	at org.springframework.security.web.ObservationFilterChainDecorator$ObservationFilter.wrapFilter(ObservationFilterChainDecorator.java:240)
	at org.springframework.security.web.ObservationFilterChainDecorator$ObservationFilter.doFilter(ObservationFilterChainDecorator.java:227)
	at org.springframework.security.web.ObservationFilterChainDecorator$VirtualFilterChain.doFilter(ObservationFilterChainDecorator.java:137)
	at org.springframework.security.web.context.request.async.WebAsyncManagerIntegrationFilter.doFilterInternal(WebAsyncManagerIntegrationFilter.java:62)
	at org.springframework.web.filter.OncePerRequestFilter.doFilter(OncePerRequestFilter.java:116)
	at org.springframework.security.web.ObservationFilterChainDecorator$ObservationFilter.wrapFilter(ObservationFilterChainDecorator.java:240)
	at org.springframework.security.web.ObservationFilterChainDecorator$ObservationFilter.doFilter(ObservationFilterChainDecorator.java:227)
	at org.springframework.security.web.ObservationFilterChainDecorator$VirtualFilterChain.doFilter(ObservationFilterChainDecorator.java:137)
	at org.springframework.security.web.session.DisableEncodeUrlFilter.doFilterInternal(DisableEncodeUrlFilter.java:42)
	at org.springframework.web.filter.OncePerRequestFilter.doFilter(OncePerRequestFilter.java:116)
	at org.springframework.security.web.ObservationFilterChainDecorator$ObservationFilter.wrapFilter(ObservationFilterChainDecorator.java:240)
	at org.springframework.security.web.ObservationFilterChainDecorator$AroundFilterObservation$SimpleAroundFilterObservation.lambda$wrap$0(ObservationFilterChainDecorator.java:323)
	at org.springframework.security.web.ObservationFilterChainDecorator$ObservationFilter.doFilter(ObservationFilterChainDecorator.java:224)
	at org.springframework.security.web.ObservationFilterChainDecorator$VirtualFilterChain.doFilter(ObservationFilterChainDecorator.java:137)
	at org.springframework.security.web.FilterChainProxy.doFilterInternal(FilterChainProxy.java:233)
	at org.springframework.security.web.FilterChainProxy.doFilter(FilterChainProxy.java:191)
	at org.springframework.web.filter.CompositeFilter$VirtualFilterChain.doFilter(CompositeFilter.java:113)
	at org.springframework.web.servlet.handler.HandlerMappingIntrospector.lambda$createCacheFilter$3(HandlerMappingIntrospector.java:243)
	at org.springframework.web.filter.CompositeFilter$VirtualFilterChain.doFilter(CompositeFilter.java:113)
	at org.springframework.web.filter.CompositeFilter.doFilter(CompositeFilter.java:74)
	at org.springframework.security.config.annotation.web.configuration.WebMvcSecurityConfiguration$CompositeFilterChainProxy.doFilter(WebMvcSecurityConfiguration.java:238)
	at org.springframework.web.filter.DelegatingFilterProxy.invokeDelegate(DelegatingFilterProxy.java:362)
	at org.springframework.web.filter.DelegatingFilterProxy.doFilter(DelegatingFilterProxy.java:278)
	at org.apache.catalina.core.ApplicationFilterChain.internalDoFilter(ApplicationFilterChain.java:164)
	at org.apache.catalina.core.ApplicationFilterChain.doFilter(ApplicationFilterChain.java:140)
	at org.springframework.web.filter.RequestContextFilter.doFilterInternal(RequestContextFilter.java:100)
	at org.springframework.web.filter.OncePerRequestFilter.doFilter(OncePerRequestFilter.java:116)
	at org.apache.catalina.core.ApplicationFilterChain.internalDoFilter(ApplicationFilterChain.java:164)
	at org.apache.catalina.core.ApplicationFilterChain.doFilter(ApplicationFilterChain.java:140)
	at org.springframework.web.filter.FormContentFilter.doFilterInternal(FormContentFilter.java:93)
	at org.springframework.web.filter.OncePerRequestFilter.doFilter(OncePerRequestFilter.java:116)
	at org.apache.catalina.core.ApplicationFilterChain.internalDoFilter(ApplicationFilterChain.java:164)
	at org.apache.catalina.core.ApplicationFilterChain.doFilter(ApplicationFilterChain.java:140)
	at org.springframework.web.filter.ServerHttpObservationFilter.doFilterInternal(ServerHttpObservationFilter.java:114)
	at org.springframework.web.filter.OncePerRequestFilter.doFilter(OncePerRequestFilter.java:116)
	at org.apache.catalina.core.ApplicationFilterChain.internalDoFilter(ApplicationFilterChain.java:164)
	at org.apache.catalina.core.ApplicationFilterChain.doFilter(ApplicationFilterChain.java:140)
	at org.springframework.web.filter.CharacterEncodingFilter.doFilterInternal(CharacterEncodingFilter.java:201)
	at org.springframework.web.filter.OncePerRequestFilter.doFilter(OncePerRequestFilter.java:116)
	at org.apache.catalina.core.ApplicationFilterChain.internalDoFilter(ApplicationFilterChain.java:164)
	at org.apache.catalina.core.ApplicationFilterChain.doFilter(ApplicationFilterChain.java:140)
	at org.apache.catalina.core.StandardWrapperValve.invoke(StandardWrapperValve.java:167)
	at org.apache.catalina.core.StandardContextValve.invoke(StandardContextValve.java:90)
	at org.apache.catalina.authenticator.AuthenticatorBase.invoke(AuthenticatorBase.java:483)
	at org.apache.catalina.core.StandardHostValve.invoke(StandardHostValve.java:115)
	at org.apache.catalina.valves.ErrorReportValve.invoke(ErrorReportValve.java:93)
	at org.apache.catalina.core.StandardEngineValve.invoke(StandardEngineValve.java:74)
	at org.apache.catalina.connector.CoyoteAdapter.service(CoyoteAdapter.java:344)
	at org.apache.coyote.http11.Http11Processor.service(Http11Processor.java:397)
	at org.apache.coyote.AbstractProcessorLight.process(AbstractProcessorLight.java:63)
	at org.apache.coyote.AbstractProtocol$ConnectionHandler.process(AbstractProtocol.java:905)
	at org.apache.tomcat.util.net.NioEndpoint$SocketProcessor.doRun(NioEndpoint.java:1741)
	at org.apache.tomcat.util.net.SocketProcessorBase.run(SocketProcessorBase.java:52)
	at org.apache.tomcat.util.threads.ThreadPoolExecutor.runWorker(ThreadPoolExecutor.java:1190)
	at org.apache.tomcat.util.threads.ThreadPoolExecutor$Worker.run(ThreadPoolExecutor.java:659)
	at org.apache.tomcat.util.threads.TaskThread$WrappingRunnable.run(TaskThread.java:63)
	at java.base/java.lang.Thread.run(Thread.java:1583)
2026-03-16 17:01:29 [http-nio-8080-exec-6] DEBUG o.s.w.s.m.m.a.HttpEntityMethodProcessor - Using 'application/json', given [application/json, text/plain, */*] and supported [application/json, application/*+json, application/yaml]
2026-03-16 17:01:29 [http-nio-8080-exec-6] TRACE o.s.w.s.m.m.a.HttpEntityMethodProcessor - Writing [ApiResponse[success=false, status=500, code=C004, message=예기치 않은 서버 오류가 발생했습니다., data=null, timestamp=2026-03-16T17:01:29.851348700]]
2026-03-16 17:01:29 [http-nio-8080-exec-6] DEBUG o.s.w.s.m.m.a.ExceptionHandlerExceptionResolver - Resolved [org.springframework.web.servlet.resource.NoResourceFoundException: No static resource api/v1/admin/system/statistics/bbs.]
2026-03-16 17:01:29 [http-nio-8080-exec-6] DEBUG o.s.web.servlet.DispatcherServlet - Completed 500 INTERNAL_SERVER_ERROR
2026-03-16 17:01:29 [http-nio-8080-exec-16] DEBUG o.s.orm.jpa.JpaTransactionManager - Closing JPA EntityManager [SessionImpl(1781075588<open>)] after transaction
2026-03-16 17:01:29 [http-nio-8080-exec-16] DEBUG c.c.p.s.jwt.JwtAuthenticationFilter - >>> [JwtFilter] Successfully authenticated user: USRCNFRM_99999999999, Authorities: [ROLE_ADMIN]
2026-03-16 17:01:29 [http-nio-8080-exec-16] DEBUG o.s.web.servlet.DispatcherServlet - GET "/api/v1/admin/system/banners/reflected", parameters={}
2026-03-16 17:01:29 [http-nio-8080-exec-16] TRACE o.s.w.s.m.m.a.RequestMappingHandlerMapping - Mapped to com.company.project.api.controller.system.content.banner.BannerApiController#getReflectedBanners()
2026-03-16 17:01:29 [http-nio-8080-exec-16] DEBUG o.s.orm.jpa.JpaTransactionManager - Creating new transaction with name [com.company.project.service.system.content.banner.BannerService.getReflectedBanners]: PROPAGATION_REQUIRED,ISOLATION_DEFAULT,readOnly
2026-03-16 17:01:29 [http-nio-8080-exec-16] DEBUG o.s.orm.jpa.JpaTransactionManager - Opened new EntityManager [SessionImpl(986542410<open>)] for JPA transaction
2026-03-16 17:01:29 [http-nio-8080-exec-16] DEBUG o.s.orm.jpa.JpaTransactionManager - Exposing JPA transaction as JDBC [org.springframework.orm.jpa.vendor.HibernateJpaDialect$HibernateConnectionHandle@53d89865]
2026-03-16 17:01:29 [http-nio-8080-exec-16] DEBUG org.hibernate.SQL - select b1_0.banner_id,b1_0.banner_dc,b1_0.banner_image,b1_0.banner_image_file,b1_0.banner_nm,b1_0.frst_register_id,b1_0.frst_regist_pnttm,b1_0.last_updusr_id,b1_0.last_updt_pnttm,b1_0.link_url,b1_0.reflct_at,b1_0.sort_ordr from nbanner b1_0 where b1_0.reflct_at=? order by b1_0.sort_ordr
2026-03-16 17:01:29 [http-nio-8080-exec-17] DEBUG o.s.orm.jpa.JpaTransactionManager - Initiating transaction commit
2026-03-16 17:01:29 [http-nio-8080-exec-17] DEBUG o.s.orm.jpa.JpaTransactionManager - Committing JPA transaction on EntityManager [SessionImpl(1770945989<open>)]
2026-03-16 17:01:29 [http-nio-8080-exec-18] DEBUG o.s.orm.jpa.JpaTransactionManager - Closing JPA EntityManager [SessionImpl(1279983371<open>)] after transaction
2026-03-16 17:01:29 [http-nio-8080-exec-5] DEBUG o.s.orm.jpa.JpaTransactionManager - Initiating transaction commit
2026-03-16 17:01:29 [http-nio-8080-exec-5] DEBUG o.s.orm.jpa.JpaTransactionManager - Committing JPA transaction on EntityManager [SessionImpl(794416547<open>)]
2026-03-16 17:01:29 [http-nio-8080-exec-18] DEBUG c.c.p.s.jwt.JwtAuthenticationFilter - >>> [JwtFilter] Successfully authenticated user: USRCNFRM_99999999999, Authorities: [ROLE_ADMIN]
2026-03-16 17:01:29 [http-nio-8080-exec-18] DEBUG o.s.web.servlet.DispatcherServlet - GET "/api/v1/notifications", parameters={}
2026-03-16 17:01:29 [http-nio-8080-exec-18] TRACE o.s.w.s.m.m.a.RequestMappingHandlerMapping - Mapped to com.company.project.api.controller.notification.NotificationController#getMyNotifications(UserDetails)
2026-03-16 17:01:29 [http-nio-8080-exec-18] DEBUG o.s.orm.jpa.JpaTransactionManager - Creating new transaction with name [com.company.project.service.notification.NotificationService.getActiveNotifications]: PROPAGATION_REQUIRED,ISOLATION_DEFAULT,readOnly
2026-03-16 17:01:29 [http-nio-8080-exec-18] DEBUG o.s.orm.jpa.JpaTransactionManager - Opened new EntityManager [SessionImpl(243564739<open>)] for JPA transaction
2026-03-16 17:01:29 [http-nio-8080-exec-18] DEBUG o.s.orm.jpa.JpaTransactionManager - Exposing JPA transaction as JDBC [org.springframework.orm.jpa.vendor.HibernateJpaDialect$HibernateConnectionHandle@3d0865f0]
2026-03-16 17:01:29 [http-nio-8080-exec-18] DEBUG o.s.orm.jpa.JpaTransactionManager - Found thread-bound EntityManager [SessionImpl(243564739<open>)] for JPA transaction
2026-03-16 17:01:29 [http-nio-8080-exec-18] DEBUG o.s.orm.jpa.JpaTransactionManager - Participating in existing transaction
2026-03-16 17:01:29 [http-nio-8080-exec-18] DEBUG org.hibernate.SQL - select n1_0.ntcn_no,n1_0.frst_register_id,n1_0.frst_regist_pnttm,n1_0.is_read,n1_0.last_updusr_id,n1_0.last_updt_pnttm,n1_0.link_url,n1_0.ntcn_cn,n1_0.ntcn_sj,n1_0.receiver_id from n_user_notification n1_0
2026-03-16 17:01:30 [http-nio-8080-exec-16] DEBUG o.s.orm.jpa.JpaTransactionManager - Initiating transaction commit
2026-03-16 17:01:30 [http-nio-8080-exec-16] DEBUG o.s.orm.jpa.JpaTransactionManager - Committing JPA transaction on EntityManager [SessionImpl(986542410<open>)]
2026-03-16 17:01:30 [http-nio-8080-exec-1] DEBUG o.s.orm.jpa.JpaTransactionManager - Found thread-bound EntityManager [SessionImpl(948386851<open>)] for JPA transaction
2026-03-16 17:01:30 [http-nio-8080-exec-1] DEBUG o.s.orm.jpa.JpaTransactionManager - Participating in existing transaction
2026-03-16 17:01:30 [http-nio-8080-exec-1] DEBUG org.hibernate.SQL - select p1_0.progrm_file_nm,p1_0.progrm_dc,p1_0.progrm_korean_nm,p1_0.progrm_stre_path,p1_0.url from nprogrmlist p1_0
2026-03-16 17:01:30 [http-nio-8080-exec-17] DEBUG o.s.orm.jpa.JpaTransactionManager - Closing JPA EntityManager [SessionImpl(1770945989<open>)] after transaction
2026-03-16 17:01:30 [http-nio-8080-exec-17] DEBUG c.c.p.s.jwt.JwtAuthenticationFilter - >>> [JwtFilter] Successfully authenticated user: USRCNFRM_99999999999, Authorities: [ROLE_ADMIN]
2026-03-16 17:01:30 [http-nio-8080-exec-17] DEBUG o.s.web.servlet.DispatcherServlet - GET "/api/v1/popups/active", parameters={}
2026-03-16 17:01:30 [http-nio-8080-exec-17] TRACE o.s.w.s.m.m.a.RequestMappingHandlerMapping - Mapped to com.company.project.api.controller.system.content.popup.PopupController#getActivePopups()
2026-03-16 17:01:30 [http-nio-8080-exec-17] DEBUG o.s.orm.jpa.JpaTransactionManager - Creating new transaction with name [com.company.project.service.system.content.popup.PopupServiceImpl.getActivePopups]: PROPAGATION_REQUIRED,ISOLATION_DEFAULT,readOnly
2026-03-16 17:01:30 [http-nio-8080-exec-17] DEBUG o.s.orm.jpa.JpaTransactionManager - Opened new EntityManager [SessionImpl(1604813592<open>)] for JPA transaction
2026-03-16 17:01:30 [http-nio-8080-exec-17] DEBUG o.s.orm.jpa.JpaTransactionManager - Exposing JPA transaction as JDBC [org.springframework.orm.jpa.vendor.HibernateJpaDialect$HibernateConnectionHandle@57ae26b9]
2026-03-16 17:01:30 [http-nio-8080-exec-17] DEBUG org.hibernate.SQL - select p1_0.popup_id,p1_0.frst_register_id,p1_0.frst_regist_pnttm,p1_0.file_url,p1_0.ntce_at,p1_0.stopvew_setup_at,p1_0.last_updusr_id,p1_0.last_updt_pnttm,p1_0.ntce_bgnde,p1_0.ntce_endde,p1_0.popup_vrticl_lc,p1_0.popup_vrticl_size,p1_0.popup_sj_nm,p1_0.popup_width_lc,p1_0.popup_width_size from npopupmanage p1_0 where p1_0.ntce_at='Y' and ? between p1_0.ntce_bgnde and p1_0.ntce_endde
2026-03-16 17:01:30 [http-nio-8080-exec-5] DEBUG o.s.orm.jpa.JpaTransactionManager - Closing JPA EntityManager [SessionImpl(794416547<open>)] after transaction
2026-03-16 17:01:30 [http-nio-8080-exec-5] DEBUG c.c.p.s.jwt.JwtAuthenticationFilter - >>> [JwtFilter] Successfully authenticated user: USRCNFRM_99999999999, Authorities: [ROLE_ADMIN]
2026-03-16 17:01:30 [http-nio-8080-exec-18] DEBUG o.s.orm.jpa.JpaTransactionManager - Initiating transaction commit
2026-03-16 17:01:30 [http-nio-8080-exec-18] DEBUG o.s.orm.jpa.JpaTransactionManager - Committing JPA transaction on EntityManager [SessionImpl(243564739<open>)]
2026-03-16 17:01:30 [http-nio-8080-exec-5] DEBUG o.s.web.servlet.DispatcherServlet - GET "/api/v1/notifications/unread-count", parameters={}
2026-03-16 17:01:30 [http-nio-8080-exec-5] TRACE o.s.w.s.m.m.a.RequestMappingHandlerMapping - Mapped to com.company.project.api.controller.notification.NotificationController#getUnreadCount(UserDetails)
2026-03-16 17:01:30 [http-nio-8080-exec-5] DEBUG o.s.orm.jpa.JpaTransactionManager - Creating new transaction with name [com.company.project.service.notification.NotificationService.getUnreadCount]: PROPAGATION_REQUIRED,ISOLATION_DEFAULT,readOnly
2026-03-16 17:01:30 [http-nio-8080-exec-5] DEBUG o.s.orm.jpa.JpaTransactionManager - Opened new EntityManager [SessionImpl(1331124940<open>)] for JPA transaction
2026-03-16 17:01:30 [http-nio-8080-exec-5] DEBUG o.s.orm.jpa.JpaTransactionManager - Exposing JPA transaction as JDBC [org.springframework.orm.jpa.vendor.HibernateJpaDialect$HibernateConnectionHandle@75c9200a]
2026-03-16 17:01:30 [http-nio-8080-exec-5] DEBUG org.hibernate.SQL - select count(n1_0.ntcn_no) from n_user_notification n1_0 where n1_0.receiver_id=? and n1_0.is_read=?
2026-03-16 17:01:30 [http-nio-8080-exec-16] DEBUG o.s.orm.jpa.JpaTransactionManager - Closing JPA EntityManager [SessionImpl(986542410<open>)] after transaction
2026-03-16 17:01:30 [http-nio-8080-exec-16] DEBUG o.s.w.s.m.m.a.HttpEntityMethodProcessor - Using 'application/json', given [application/json, text/plain, */*] and supported [application/json, application/*+json, application/yaml]
2026-03-16 17:01:30 [http-nio-8080-exec-16] TRACE o.s.w.s.m.m.a.HttpEntityMethodProcessor - Writing [ApiResponse[success=true, status=200, code=COMMON_001, message=Success, data=[], timestamp=2026-03-16T17:01:30.173875500]]
2026-03-16 17:01:30 [http-nio-8080-exec-1] DEBUG o.s.orm.jpa.JpaTransactionManager - Initiating transaction commit
2026-03-16 17:01:30 [http-nio-8080-exec-1] DEBUG o.s.orm.jpa.JpaTransactionManager - Committing JPA transaction on EntityManager [SessionImpl(948386851<open>)]
2026-03-16 17:01:30 [http-nio-8080-exec-16] INFO  c.c.p.a.i.OperationalAuditInterceptor - API Audit Log: URL=/api/v1/admin/system/banners/reflected, User=webmaster, IP=127.0.0.1
2026-03-16 17:01:30 [http-nio-8080-exec-16] DEBUG o.s.web.servlet.DispatcherServlet - Completed 200 OK
2026-03-16 17:01:30 [http-nio-8080-exec-17] DEBUG o.s.orm.jpa.JpaTransactionManager - Initiating transaction commit
2026-03-16 17:01:30 [http-nio-8080-exec-17] DEBUG o.s.orm.jpa.JpaTransactionManager - Committing JPA transaction on EntityManager [SessionImpl(1604813592<open>)]
2026-03-16 17:01:30 [http-nio-8080-exec-18] DEBUG o.s.orm.jpa.JpaTransactionManager - Closing JPA EntityManager [SessionImpl(243564739<open>)] after transaction
2026-03-16 17:01:30 [http-nio-8080-exec-5] DEBUG o.s.orm.jpa.JpaTransactionManager - Initiating transaction commit
2026-03-16 17:01:30 [http-nio-8080-exec-5] DEBUG o.s.orm.jpa.JpaTransactionManager - Committing JPA transaction on EntityManager [SessionImpl(1331124940<open>)]
2026-03-16 17:01:30 [http-nio-8080-exec-18] DEBUG o.s.w.s.m.m.a.HttpEntityMethodProcessor - Using 'application/json', given [application/json, text/plain, */*] and supported [application/json, application/*+json, application/yaml]
2026-03-16 17:01:30 [http-nio-8080-exec-18] TRACE o.s.w.s.m.m.a.HttpEntityMethodProcessor - Writing [ApiResponse[success=true, status=200, code=COMMON_001, message=Success, data=[NotificationDto(ntfcNo=NT001, ntfcSj=테스트 알림입니다, ntfcCn=알림 내용입니다, ntfcDate=null, ntfcTime=2026-02-25T00:59:33.784070, bhNtfcIntrvl=null, uniqId=null, frstRegisterId=null, frstRegisterPnttm=2026-02-25T00:59:33.784070, lastUpdusrId=null, lastUpdusrPnttm=null)], timestamp=2026-03-16T17:01:30.245703600]]
2026-03-16 17:01:30 [http-nio-8080-exec-18] INFO  c.c.p.a.i.OperationalAuditInterceptor - API Audit Log: URL=/api/v1/notifications, User=webmaster, IP=127.0.0.1
2026-03-16 17:01:30 [http-nio-8080-exec-18] DEBUG o.s.web.servlet.DispatcherServlet - Completed 200 OK
2026-03-16 17:01:30 [http-nio-8080-exec-3] DEBUG c.c.p.s.jwt.JwtAuthenticationFilter - >>> [JwtFilter] Processing request: GET /api/v1/admin/system/statistics/connect
2026-03-16 17:01:30 [http-nio-8080-exec-3] DEBUG c.c.p.s.jwt.JwtAuthenticationFilter - >>> [JwtFilter] Found token in header for path: /api/v1/admin/system/statistics/connect
2026-03-16 17:01:30 [http-nio-8080-exec-3] DEBUG o.s.orm.jpa.JpaTransactionManager - Creating new transaction with name [com.company.project.security.iam.CustomUserDetailsService.loadUserByUsername]: PROPAGATION_REQUIRED,ISOLATION_DEFAULT,readOnly
2026-03-16 17:01:30 [http-nio-8080-exec-3] DEBUG o.s.orm.jpa.JpaTransactionManager - Opened new EntityManager [SessionImpl(648003567<open>)] for JPA transaction
2026-03-16 17:01:30 [http-nio-8080-exec-3] DEBUG o.s.orm.jpa.JpaTransactionManager - Exposing JPA transaction as JDBC [org.springframework.orm.jpa.vendor.HibernateJpaDialect$HibernateConnectionHandle@362b0606]
2026-03-16 17:01:30 [http-nio-8080-exec-3] DEBUG o.s.orm.jpa.JpaTransactionManager - Found thread-bound EntityManager [SessionImpl(648003567<open>)] for JPA transaction
2026-03-16 17:01:30 [http-nio-8080-exec-3] DEBUG o.s.orm.jpa.JpaTransactionManager - Participating in existing transaction
2026-03-16 17:01:30 [http-nio-8080-exec-3] DEBUG org.hibernate.SQL - select u1_0.emplyr_id,u1_0.area_no,u1_0.brthdy,u1_0.chg_pwd_cnt,u1_0.frst_register_id,u1_0.frst_regist_pnttm,u1_0.detail_adres,u1_0.email_adres,u1_0.emplyr_sttus_code,u1_0.empl_no,u1_0.esntl_id,u1_0.fxnum,u1_0.group_id,u1_0.house_adres,u1_0.house_end_telno,u1_0.house_middle_telno,u1_0.ihidnum,u1_0.pstinst_code,u1_0.last_updusr_id,u1_0.last_updt_pnttm,u1_0.lock_at,u1_0.lock_cnt,u1_0.lock_last_pnttm,u1_0.mbtlnum,u1_0.ofcps_nm,u1_0.offm_telno,u1_0.orgnzt_id,u1_0.password,u1_0.password_cnsr,u1_0.password_hint,u1_0.chg_pwd_last_pnttm,u1_0.role,u1_0.sbscrb_de,u1_0.sexdstn_code,u1_0.crtfc_dn_value,u1_0.user_nm,u1_0.zip from nemplyrinfo u1_0 where u1_0.emplyr_id=?
2026-03-16 17:01:30 [http-nio-8080-exec-1] DEBUG o.s.orm.jpa.JpaTransactionManager - Closing JPA EntityManager [SessionImpl(948386851<open>)] after transaction
2026-03-16 17:01:30 [http-nio-8080-exec-1] INFO  c.c.p.a.c.menu.MenuController - getLeftMenu returned 3 items
2026-03-16 17:01:30 [http-nio-8080-exec-1] DEBUG o.s.w.s.m.m.a.HttpEntityMethodProcessor - Using 'application/json', given [application/json, text/plain, */*] and supported [application/json, application/*+json, application/yaml]
2026-03-16 17:01:30 [http-nio-8080-exec-1] TRACE o.s.w.s.m.m.a.HttpEntityMethodProcessor - Writing [ApiResponse[success=true, status=200, code=COMMON_001, message=Success, data={list=[com.company.project.service.menu.dto.MenuDto@469c8af1, com.company.project.service.menu.dto.MenuDto@6da730b6, com.company.project.service.menu.dto.MenuDto@7ba90f6c]}, timestamp=2026-03-16T17:01:30.329930900]]
2026-03-16 17:01:30 [http-nio-8080-exec-1] INFO  c.c.p.a.i.OperationalAuditInterceptor - API Audit Log: URL=/api/v1/menu/left, User=webmaster, IP=127.0.0.1
2026-03-16 17:01:30 [http-nio-8080-exec-1] DEBUG o.s.web.servlet.DispatcherServlet - Completed 200 OK
2026-03-16 17:01:30 [http-nio-8080-exec-9] DEBUG c.c.p.s.jwt.JwtAuthenticationFilter - >>> [JwtFilter] Processing request: GET /api/v1/menu/left
2026-03-16 17:01:30 [http-nio-8080-exec-9] DEBUG c.c.p.s.jwt.JwtAuthenticationFilter - >>> [JwtFilter] Found token in header for path: /api/v1/menu/left
2026-03-16 17:01:30 [http-nio-8080-exec-9] DEBUG o.s.orm.jpa.JpaTransactionManager - Creating new transaction with name [com.company.project.security.iam.CustomUserDetailsService.loadUserByUsername]: PROPAGATION_REQUIRED,ISOLATION_DEFAULT,readOnly
2026-03-16 17:01:30 [http-nio-8080-exec-9] DEBUG o.s.orm.jpa.JpaTransactionManager - Opened new EntityManager [SessionImpl(776463544<open>)] for JPA transaction
2026-03-16 17:01:30 [http-nio-8080-exec-9] DEBUG o.s.orm.jpa.JpaTransactionManager - Exposing JPA transaction as JDBC [org.springframework.orm.jpa.vendor.HibernateJpaDialect$HibernateConnectionHandle@1b425e0b]
2026-03-16 17:01:30 [http-nio-8080-exec-9] DEBUG o.s.orm.jpa.JpaTransactionManager - Found thread-bound EntityManager [SessionImpl(776463544<open>)] for JPA transaction
2026-03-16 17:01:30 [http-nio-8080-exec-9] DEBUG o.s.orm.jpa.JpaTransactionManager - Participating in existing transaction
2026-03-16 17:01:30 [http-nio-8080-exec-9] DEBUG org.hibernate.SQL - select u1_0.emplyr_id,u1_0.area_no,u1_0.brthdy,u1_0.chg_pwd_cnt,u1_0.frst_register_id,u1_0.frst_regist_pnttm,u1_0.detail_adres,u1_0.email_adres,u1_0.emplyr_sttus_code,u1_0.empl_no,u1_0.esntl_id,u1_0.fxnum,u1_0.group_id,u1_0.house_adres,u1_0.house_end_telno,u1_0.house_middle_telno,u1_0.ihidnum,u1_0.pstinst_code,u1_0.last_updusr_id,u1_0.last_updt_pnttm,u1_0.lock_at,u1_0.lock_cnt,u1_0.lock_last_pnttm,u1_0.mbtlnum,u1_0.ofcps_nm,u1_0.offm_telno,u1_0.orgnzt_id,u1_0.password,u1_0.password_cnsr,u1_0.password_hint,u1_0.chg_pwd_last_pnttm,u1_0.role,u1_0.sbscrb_de,u1_0.sexdstn_code,u1_0.crtfc_dn_value,u1_0.user_nm,u1_0.zip from nemplyrinfo u1_0 where u1_0.emplyr_id=?
2026-03-16 17:01:30 [http-nio-8080-exec-17] DEBUG o.s.orm.jpa.JpaTransactionManager - Closing JPA EntityManager [SessionImpl(1604813592<open>)] after transaction
2026-03-16 17:01:30 [http-nio-8080-exec-17] DEBUG o.s.w.s.m.m.a.HttpEntityMethodProcessor - Using 'application/json', given [application/json, text/plain, */*] and supported [application/json, application/*+json, application/yaml]
2026-03-16 17:01:30 [http-nio-8080-exec-17] TRACE o.s.w.s.m.m.a.HttpEntityMethodProcessor - Writing [ApiResponse[success=true, status=200, code=COMMON_001, message=Success, data=[], timestamp=2026-03-16T17:01:30.372463800]]
2026-03-16 17:01:30 [http-nio-8080-exec-17] INFO  c.c.p.a.i.OperationalAuditInterceptor - API Audit Log: URL=/api/v1/popups/active, User=webmaster, IP=127.0.0.1
2026-03-16 17:01:30 [http-nio-8080-exec-17] DEBUG o.s.web.servlet.DispatcherServlet - Completed 200 OK
2026-03-16 17:01:30 [http-nio-8080-exec-5] DEBUG o.s.orm.jpa.JpaTransactionManager - Closing JPA EntityManager [SessionImpl(1331124940<open>)] after transaction
2026-03-16 17:01:30 [http-nio-8080-exec-5] DEBUG o.s.w.s.m.m.a.HttpEntityMethodProcessor - Using 'application/json', given [application/json, text/plain, */*] and supported [application/json, application/*+json, application/yaml]
2026-03-16 17:01:30 [http-nio-8080-exec-5] TRACE o.s.w.s.m.m.a.HttpEntityMethodProcessor - Writing [ApiResponse[success=true, status=200, code=COMMON_001, message=Success, data=0, timestamp=2026-03-16T17:01:30.406102300]]
2026-03-16 17:01:30 [http-nio-8080-exec-3] DEBUG o.s.orm.jpa.JpaTransactionManager - Found thread-bound EntityManager [SessionImpl(648003567<open>)] for JPA transaction
2026-03-16 17:01:30 [http-nio-8080-exec-5] INFO  c.c.p.a.i.OperationalAuditInterceptor - API Audit Log: URL=/api/v1/notifications/unread-count, User=webmaster, IP=127.0.0.1
2026-03-16 17:01:30 [http-nio-8080-exec-3] DEBUG o.s.orm.jpa.JpaTransactionManager - Participating in existing transaction
2026-03-16 17:01:30 [http-nio-8080-exec-5] DEBUG o.s.web.servlet.DispatcherServlet - Completed 200 OK
2026-03-16 17:01:30 [http-nio-8080-exec-3] DEBUG org.hibernate.SQL - select ua1_0.scrty_dtrmn_trget_id,ua1_0.author_code,ua1_0.frst_register_id,ua1_0.frst_regist_pnttm,ua1_0.last_updusr_id,ua1_0.last_updt_pnttm,ua1_0.mber_ty_code from nemplyrscrtyestbs ua1_0 where ua1_0.scrty_dtrmn_trget_id=?
2026-03-16 17:01:30 [http-nio-8080-exec-9] DEBUG o.s.orm.jpa.JpaTransactionManager - Found thread-bound EntityManager [SessionImpl(776463544<open>)] for JPA transaction
2026-03-16 17:01:30 [http-nio-8080-exec-9] DEBUG o.s.orm.jpa.JpaTransactionManager - Participating in existing transaction
2026-03-16 17:01:30 [http-nio-8080-exec-9] DEBUG org.hibernate.SQL - select ua1_0.scrty_dtrmn_trget_id,ua1_0.author_code,ua1_0.frst_register_id,ua1_0.frst_regist_pnttm,ua1_0.last_updusr_id,ua1_0.last_updt_pnttm,ua1_0.mber_ty_code from nemplyrscrtyestbs ua1_0 where ua1_0.scrty_dtrmn_trget_id=?
2026-03-16 17:01:30 [http-nio-8080-exec-3] DEBUG o.s.orm.jpa.JpaTransactionManager - Initiating transaction commit
2026-03-16 17:01:30 [http-nio-8080-exec-3] DEBUG o.s.orm.jpa.JpaTransactionManager - Committing JPA transaction on EntityManager [SessionImpl(648003567<open>)]
2026-03-16 17:01:30 [http-nio-8080-exec-9] DEBUG o.s.orm.jpa.JpaTransactionManager - Initiating transaction commit
2026-03-16 17:01:30 [http-nio-8080-exec-9] DEBUG o.s.orm.jpa.JpaTransactionManager - Committing JPA transaction on EntityManager [SessionImpl(776463544<open>)]
2026-03-16 17:01:30 [http-nio-8080-exec-3] DEBUG o.s.orm.jpa.JpaTransactionManager - Closing JPA EntityManager [SessionImpl(648003567<open>)] after transaction
2026-03-16 17:01:30 [http-nio-8080-exec-3] DEBUG c.c.p.s.jwt.JwtAuthenticationFilter - >>> [JwtFilter] Successfully authenticated user: USRCNFRM_99999999999, Authorities: [ROLE_ADMIN]
2026-03-16 17:01:30 [http-nio-8080-exec-3] DEBUG o.s.web.servlet.DispatcherServlet - GET "/api/v1/admin/system/statistics/connect?statsKind=SERVICE", parameters={masked}
2026-03-16 17:01:30 [http-nio-8080-exec-3] DEBUG o.s.w.s.h.SimpleUrlHandlerMapping - Mapped to ResourceHttpRequestHandler [classpath [META-INF/resources/], classpath [resources/], classpath [static/], classpath [public/], ServletContext [/]]
2026-03-16 17:01:30 [http-nio-8080-exec-3] DEBUG o.s.w.s.r.ResourceHttpRequestHandler - Resource not found
2026-03-16 17:01:30 [http-nio-8080-exec-3] DEBUG o.s.w.s.m.m.a.ExceptionHandlerExceptionResolver - Using @ExceptionHandler com.company.project.core.exception.GlobalExceptionHandler#handleException(Exception)
2026-03-16 17:01:30 [http-nio-8080-exec-3] ERROR c.c.p.c.e.GlobalExceptionHandler - >>> Internal Server Error: No static resource api/v1/admin/system/statistics/connect.
org.springframework.web.servlet.resource.NoResourceFoundException: No static resource api/v1/admin/system/statistics/connect.
	at org.springframework.web.servlet.resource.ResourceHttpRequestHandler.handleRequest(ResourceHttpRequestHandler.java:585)
	at org.springframework.web.servlet.mvc.HttpRequestHandlerAdapter.handle(HttpRequestHandlerAdapter.java:52)
	at org.springframework.web.servlet.DispatcherServlet.doDispatch(DispatcherServlet.java:1088)
	at org.springframework.web.servlet.DispatcherServlet.doService(DispatcherServlet.java:978)
	at org.springframework.web.servlet.FrameworkServlet.processRequest(FrameworkServlet.java:1014)
	at org.springframework.web.servlet.FrameworkServlet.doGet(FrameworkServlet.java:903)
	at jakarta.servlet.http.HttpServlet.service(HttpServlet.java:527)
	at org.springframework.web.servlet.FrameworkServlet.service(FrameworkServlet.java:885)
	at jakarta.servlet.http.HttpServlet.service(HttpServlet.java:614)
	at org.apache.catalina.core.ApplicationFilterChain.internalDoFilter(ApplicationFilterChain.java:195)
	at org.apache.catalina.core.ApplicationFilterChain.doFilter(ApplicationFilterChain.java:140)
	at org.apache.tomcat.websocket.server.WsFilter.doFilter(WsFilter.java:51)
	at org.apache.catalina.core.ApplicationFilterChain.internalDoFilter(ApplicationFilterChain.java:164)
	at org.apache.catalina.core.ApplicationFilterChain.doFilter(ApplicationFilterChain.java:140)
	at org.springframework.web.filter.CompositeFilter$VirtualFilterChain.doFilter(CompositeFilter.java:108)
	at org.springframework.security.web.FilterChainProxy.lambda$doFilterInternal$3(FilterChainProxy.java:231)
	at org.springframework.security.web.ObservationFilterChainDecorator$FilterObservation$SimpleFilterObservation.lambda$wrap$1(ObservationFilterChainDecorator.java:479)
	at org.springframework.security.web.ObservationFilterChainDecorator$AroundFilterObservation$SimpleAroundFilterObservation.lambda$wrap$1(ObservationFilterChainDecorator.java:340)
	at org.springframework.security.web.ObservationFilterChainDecorator.lambda$wrapSecured$0(ObservationFilterChainDecorator.java:82)
	at org.springframework.security.web.ObservationFilterChainDecorator$VirtualFilterChain.doFilter(ObservationFilterChainDecorator.java:128)
	at org.springframework.security.web.access.intercept.AuthorizationFilter.doFilter(AuthorizationFilter.java:101)
	at org.springframework.security.web.ObservationFilterChainDecorator$ObservationFilter.wrapFilter(ObservationFilterChainDecorator.java:240)
	at org.springframework.security.web.ObservationFilterChainDecorator$ObservationFilter.doFilter(ObservationFilterChainDecorator.java:227)
	at org.springframework.security.web.ObservationFilterChainDecorator$VirtualFilterChain.doFilter(ObservationFilterChainDecorator.java:137)
	at org.springframework.security.web.access.ExceptionTranslationFilter.doFilter(ExceptionTranslationFilter.java:126)
	at org.springframework.security.web.access.ExceptionTranslationFilter.doFilter(ExceptionTranslationFilter.java:120)
	at org.springframework.security.web.ObservationFilterChainDecorator$ObservationFilter.wrapFilter(ObservationFilterChainDecorator.java:240)
	at org.springframework.security.web.ObservationFilterChainDecorator$ObservationFilter.doFilter(ObservationFilterChainDecorator.java:227)
	at org.springframework.security.web.ObservationFilterChainDecorator$VirtualFilterChain.doFilter(ObservationFilterChainDecorator.java:137)
	at org.springframework.security.web.session.SessionManagementFilter.doFilter(SessionManagementFilter.java:131)
	at org.springframework.security.web.session.SessionManagementFilter.doFilter(SessionManagementFilter.java:85)
	at org.springframework.security.web.ObservationFilterChainDecorator$ObservationFilter.wrapFilter(ObservationFilterChainDecorator.java:240)
	at org.springframework.security.web.ObservationFilterChainDecorator$ObservationFilter.doFilter(ObservationFilterChainDecorator.java:227)
	at org.springframework.security.web.ObservationFilterChainDecorator$VirtualFilterChain.doFilter(ObservationFilterChainDecorator.java:137)
	at org.springframework.security.web.authentication.AnonymousAuthenticationFilter.doFilter(AnonymousAuthenticationFilter.java:100)
	at org.springframework.security.web.ObservationFilterChainDecorator$ObservationFilter.wrapFilter(ObservationFilterChainDecorator.java:240)
	at org.springframework.security.web.ObservationFilterChainDecorator$ObservationFilter.doFilter(ObservationFilterChainDecorator.java:227)
	at org.springframework.security.web.ObservationFilterChainDecorator$VirtualFilterChain.doFilter(ObservationFilterChainDecorator.java:137)
	at org.springframework.security.web.servletapi.SecurityContextHolderAwareRequestFilter.doFilter(SecurityContextHolderAwareRequestFilter.java:179)
	at org.springframework.security.web.ObservationFilterChainDecorator$ObservationFilter.wrapFilter(ObservationFilterChainDecorator.java:240)
	at org.springframework.security.web.ObservationFilterChainDecorator$ObservationFilter.doFilter(ObservationFilterChainDecorator.java:227)
	at org.springframework.security.web.ObservationFilterChainDecorator$VirtualFilterChain.doFilter(ObservationFilterChainDecorator.java:137)
	at org.springframework.security.web.savedrequest.RequestCacheAwareFilter.doFilter(RequestCacheAwareFilter.java:63)
	at org.springframework.security.web.ObservationFilterChainDecorator$ObservationFilter.wrapFilter(ObservationFilterChainDecorator.java:240)
	at org.springframework.security.web.ObservationFilterChainDecorator$ObservationFilter.doFilter(ObservationFilterChainDecorator.java:227)
	at org.springframework.security.web.ObservationFilterChainDecorator$VirtualFilterChain.doFilter(ObservationFilterChainDecorator.java:137)
	at com.company.project.security.jwt.JwtAuthenticationFilter.doFilterInternal(JwtAuthenticationFilter.java:52)
	at org.springframework.web.filter.OncePerRequestFilter.doFilter(OncePerRequestFilter.java:116)
	at org.springframework.security.web.ObservationFilterChainDecorator$ObservationFilter.wrapFilter(ObservationFilterChainDecorator.java:240)
	at org.springframework.security.web.ObservationFilterChainDecorator$ObservationFilter.doFilter(ObservationFilterChainDecorator.java:227)
	at org.springframework.security.web.ObservationFilterChainDecorator$VirtualFilterChain.doFilter(ObservationFilterChainDecorator.java:137)
	at org.springframework.security.web.authentication.logout.LogoutFilter.doFilter(LogoutFilter.java:107)
	at org.springframework.security.web.authentication.logout.LogoutFilter.doFilter(LogoutFilter.java:93)
	at org.springframework.security.web.ObservationFilterChainDecorator$ObservationFilter.wrapFilter(ObservationFilterChainDecorator.java:240)
	at org.springframework.security.web.ObservationFilterChainDecorator$ObservationFilter.doFilter(ObservationFilterChainDecorator.java:227)
	at org.springframework.security.web.ObservationFilterChainDecorator$VirtualFilterChain.doFilter(ObservationFilterChainDecorator.java:137)
	at org.springframework.web.filter.CorsFilter.doFilterInternal(CorsFilter.java:91)
	at org.springframework.web.filter.OncePerRequestFilter.doFilter(OncePerRequestFilter.java:116)
	at org.springframework.security.web.ObservationFilterChainDecorator$ObservationFilter.wrapFilter(ObservationFilterChainDecorator.java:240)
	at org.springframework.security.web.ObservationFilterChainDecorator$ObservationFilter.doFilter(ObservationFilterChainDecorator.java:227)
	at org.springframework.security.web.ObservationFilterChainDecorator$VirtualFilterChain.doFilter(ObservationFilterChainDecorator.java:137)
	at org.springframework.security.web.header.HeaderWriterFilter.doHeadersAfter(HeaderWriterFilter.java:90)
	at org.springframework.security.web.header.HeaderWriterFilter.doFilterInternal(HeaderWriterFilter.java:75)
	at org.springframework.web.filter.OncePerRequestFilter.doFilter(OncePerRequestFilter.java:116)
	at org.springframework.security.web.ObservationFilterChainDecorator$ObservationFilter.wrapFilter(ObservationFilterChainDecorator.java:240)
	at org.springframework.security.web.ObservationFilterChainDecorator$ObservationFilter.doFilter(ObservationFilterChainDecorator.java:227)
	at org.springframework.security.web.ObservationFilterChainDecorator$VirtualFilterChain.doFilter(ObservationFilterChainDecorator.java:137)
	at org.springframework.security.web.context.SecurityContextHolderFilter.doFilter(SecurityContextHolderFilter.java:82)
	at org.springframework.security.web.context.SecurityContextHolderFilter.doFilter(SecurityContextHolderFilter.java:69)
	at org.springframework.security.web.ObservationFilterChainDecorator$ObservationFilter.wrapFilter(ObservationFilterChainDecorator.java:240)
	at org.springframework.security.web.ObservationFilterChainDecorator$ObservationFilter.doFilter(ObservationFilterChainDecorator.java:227)
	at org.springframework.security.web.ObservationFilterChainDecorator$VirtualFilterChain.doFilter(ObservationFilterChainDecorator.java:137)
	at org.springframework.security.web.context.request.async.WebAsyncManagerIntegrationFilter.doFilterInternal(WebAsyncManagerIntegrationFilter.java:62)
	at org.springframework.web.filter.OncePerRequestFilter.doFilter(OncePerRequestFilter.java:116)
	at org.springframework.security.web.ObservationFilterChainDecorator$ObservationFilter.wrapFilter(ObservationFilterChainDecorator.java:240)
	at org.springframework.security.web.ObservationFilterChainDecorator$ObservationFilter.doFilter(ObservationFilterChainDecorator.java:227)
	at org.springframework.security.web.ObservationFilterChainDecorator$VirtualFilterChain.doFilter(ObservationFilterChainDecorator.java:137)
	at org.springframework.security.web.session.DisableEncodeUrlFilter.doFilterInternal(DisableEncodeUrlFilter.java:42)
	at org.springframework.web.filter.OncePerRequestFilter.doFilter(OncePerRequestFilter.java:116)
	at org.springframework.security.web.ObservationFilterChainDecorator$ObservationFilter.wrapFilter(ObservationFilterChainDecorator.java:240)
	at org.springframework.security.web.ObservationFilterChainDecorator$AroundFilterObservation$SimpleAroundFilterObservation.lambda$wrap$0(ObservationFilterChainDecorator.java:323)
	at org.springframework.security.web.ObservationFilterChainDecorator$ObservationFilter.doFilter(ObservationFilterChainDecorator.java:224)
	at org.springframework.security.web.ObservationFilterChainDecorator$VirtualFilterChain.doFilter(ObservationFilterChainDecorator.java:137)
	at org.springframework.security.web.FilterChainProxy.doFilterInternal(FilterChainProxy.java:233)
	at org.springframework.security.web.FilterChainProxy.doFilter(FilterChainProxy.java:191)
	at org.springframework.web.filter.CompositeFilter$VirtualFilterChain.doFilter(CompositeFilter.java:113)
	at org.springframework.web.servlet.handler.HandlerMappingIntrospector.lambda$createCacheFilter$3(HandlerMappingIntrospector.java:243)
	at org.springframework.web.filter.CompositeFilter$VirtualFilterChain.doFilter(CompositeFilter.java:113)
	at org.springframework.web.filter.CompositeFilter.doFilter(CompositeFilter.java:74)
	at org.springframework.security.config.annotation.web.configuration.WebMvcSecurityConfiguration$CompositeFilterChainProxy.doFilter(WebMvcSecurityConfiguration.java:238)
	at org.springframework.web.filter.DelegatingFilterProxy.invokeDelegate(DelegatingFilterProxy.java:362)
	at org.springframework.web.filter.DelegatingFilterProxy.doFilter(DelegatingFilterProxy.java:278)
	at org.apache.catalina.core.ApplicationFilterChain.internalDoFilter(ApplicationFilterChain.java:164)
	at org.apache.catalina.core.ApplicationFilterChain.doFilter(ApplicationFilterChain.java:140)
	at org.springframework.web.filter.RequestContextFilter.doFilterInternal(RequestContextFilter.java:100)
	at org.springframework.web.filter.OncePerRequestFilter.doFilter(OncePerRequestFilter.java:116)
	at org.apache.catalina.core.ApplicationFilterChain.internalDoFilter(ApplicationFilterChain.java:164)
	at org.apache.catalina.core.ApplicationFilterChain.doFilter(ApplicationFilterChain.java:140)
	at org.springframework.web.filter.FormContentFilter.doFilterInternal(FormContentFilter.java:93)
	at org.springframework.web.filter.OncePerRequestFilter.doFilter(OncePerRequestFilter.java:116)
	at org.apache.catalina.core.ApplicationFilterChain.internalDoFilter(ApplicationFilterChain.java:164)
	at org.apache.catalina.core.ApplicationFilterChain.doFilter(ApplicationFilterChain.java:140)
	at org.springframework.web.filter.ServerHttpObservationFilter.doFilterInternal(ServerHttpObservationFilter.java:114)
	at org.springframework.web.filter.OncePerRequestFilter.doFilter(OncePerRequestFilter.java:116)
	at org.apache.catalina.core.ApplicationFilterChain.internalDoFilter(ApplicationFilterChain.java:164)
	at org.apache.catalina.core.ApplicationFilterChain.doFilter(ApplicationFilterChain.java:140)
	at org.springframework.web.filter.CharacterEncodingFilter.doFilterInternal(CharacterEncodingFilter.java:201)
	at org.springframework.web.filter.OncePerRequestFilter.doFilter(OncePerRequestFilter.java:116)
	at org.apache.catalina.core.ApplicationFilterChain.internalDoFilter(ApplicationFilterChain.java:164)
	at org.apache.catalina.core.ApplicationFilterChain.doFilter(ApplicationFilterChain.java:140)
	at org.apache.catalina.core.StandardWrapperValve.invoke(StandardWrapperValve.java:167)
	at org.apache.catalina.core.StandardContextValve.invoke(StandardContextValve.java:90)
	at org.apache.catalina.authenticator.AuthenticatorBase.invoke(AuthenticatorBase.java:483)
	at org.apache.catalina.core.StandardHostValve.invoke(StandardHostValve.java:115)
	at org.apache.catalina.valves.ErrorReportValve.invoke(ErrorReportValve.java:93)
	at org.apache.catalina.core.StandardEngineValve.invoke(StandardEngineValve.java:74)
	at org.apache.catalina.connector.CoyoteAdapter.service(CoyoteAdapter.java:344)
	at org.apache.coyote.http11.Http11Processor.service(Http11Processor.java:397)
	at org.apache.coyote.AbstractProcessorLight.process(AbstractProcessorLight.java:63)
	at org.apache.coyote.AbstractProtocol$ConnectionHandler.process(AbstractProtocol.java:905)
	at org.apache.tomcat.util.net.NioEndpoint$SocketProcessor.doRun(NioEndpoint.java:1741)
	at org.apache.tomcat.util.net.SocketProcessorBase.run(SocketProcessorBase.java:52)
	at org.apache.tomcat.util.threads.ThreadPoolExecutor.runWorker(ThreadPoolExecutor.java:1190)
	at org.apache.tomcat.util.threads.ThreadPoolExecutor$Worker.run(ThreadPoolExecutor.java:659)
	at org.apache.tomcat.util.threads.TaskThread$WrappingRunnable.run(TaskThread.java:63)
	at java.base/java.lang.Thread.run(Thread.java:1583)
2026-03-16 17:01:30 [http-nio-8080-exec-3] DEBUG o.s.w.s.m.m.a.HttpEntityMethodProcessor - Using 'application/json', given [application/json, text/plain, */*] and supported [application/json, application/*+json, application/yaml]
2026-03-16 17:01:30 [http-nio-8080-exec-3] TRACE o.s.w.s.m.m.a.HttpEntityMethodProcessor - Writing [ApiResponse[success=false, status=500, code=C004, message=예기치 않은 서버 오류가 발생했습니다., data=null, timestamp=2026-03-16T17:01:30.724286400]]
2026-03-16 17:01:30 [http-nio-8080-exec-3] DEBUG o.s.w.s.m.m.a.ExceptionHandlerExceptionResolver - Resolved [org.springframework.web.servlet.resource.NoResourceFoundException: No static resource api/v1/admin/system/statistics/connect.]
2026-03-16 17:01:30 [http-nio-8080-exec-3] DEBUG o.s.web.servlet.DispatcherServlet - Completed 500 INTERNAL_SERVER_ERROR
2026-03-16 17:01:30 [http-nio-8080-exec-9] DEBUG o.s.orm.jpa.JpaTransactionManager - Closing JPA EntityManager [SessionImpl(776463544<open>)] after transaction
2026-03-16 17:01:30 [http-nio-8080-exec-9] DEBUG c.c.p.s.jwt.JwtAuthenticationFilter - >>> [JwtFilter] Successfully authenticated user: USRCNFRM_99999999999, Authorities: [ROLE_ADMIN]
2026-03-16 17:01:30 [http-nio-8080-exec-9] DEBUG o.s.web.servlet.DispatcherServlet - GET "/api/v1/menu/left?menuNo=40", parameters={masked}
2026-03-16 17:01:30 [http-nio-8080-exec-9] TRACE o.s.w.s.m.m.a.RequestMappingHandlerMapping - Mapped to com.company.project.api.controller.menu.MenuController#getLeftMenu(Long)
2026-03-16 17:01:30 [http-nio-8080-exec-9] INFO  c.c.p.a.c.menu.MenuController - getLeftMenu called with menuNo=40
2026-03-16 17:01:30 [http-nio-8080-exec-9] DEBUG o.s.orm.jpa.JpaTransactionManager - Creating new transaction with name [com.company.project.service.menu.MenuService.getSubMenus]: PROPAGATION_REQUIRED,ISOLATION_DEFAULT,readOnly
2026-03-16 17:01:30 [http-nio-8080-exec-9] DEBUG o.s.orm.jpa.JpaTransactionManager - Opened new EntityManager [SessionImpl(1606010415<open>)] for JPA transaction
2026-03-16 17:01:30 [http-nio-8080-exec-9] DEBUG o.s.orm.jpa.JpaTransactionManager - Exposing JPA transaction as JDBC [org.springframework.orm.jpa.vendor.HibernateJpaDialect$HibernateConnectionHandle@68ecfff0]
2026-03-16 17:01:30 [http-nio-8080-exec-9] DEBUG org.hibernate.SQL - select m1_0.menu_no,m1_0.menu_dc,m1_0.menu_nm,m1_0.menu_ordr,m1_0.modern_route,m1_0.progrm_file_nm,m1_0.relate_image_nm,m1_0.relate_image_path,m1_0.route_updated_at,m1_0.upper_menu_no from nmenuinfo m1_0 order by m1_0.upper_menu_no,m1_0.menu_ordr
2026-03-16 17:01:30 [http-nio-8080-exec-13] DEBUG c.c.p.s.jwt.JwtAuthenticationFilter - >>> [JwtFilter] Processing request: GET /api/v1/admin/system/statistics/bbs
2026-03-16 17:01:30 [http-nio-8080-exec-13] DEBUG c.c.p.s.jwt.JwtAuthenticationFilter - >>> [JwtFilter] Found token in header for path: /api/v1/admin/system/statistics/bbs
2026-03-16 17:01:30 [http-nio-8080-exec-13] DEBUG o.s.orm.jpa.JpaTransactionManager - Creating new transaction with name [com.company.project.security.iam.CustomUserDetailsService.loadUserByUsername]: PROPAGATION_REQUIRED,ISOLATION_DEFAULT,readOnly
2026-03-16 17:01:30 [http-nio-8080-exec-13] DEBUG o.s.orm.jpa.JpaTransactionManager - Opened new EntityManager [SessionImpl(1239191676<open>)] for JPA transaction
2026-03-16 17:01:30 [http-nio-8080-exec-13] DEBUG o.s.orm.jpa.JpaTransactionManager - Exposing JPA transaction as JDBC [org.springframework.orm.jpa.vendor.HibernateJpaDialect$HibernateConnectionHandle@3fc17e76]
2026-03-16 17:01:30 [http-nio-8080-exec-13] DEBUG o.s.orm.jpa.JpaTransactionManager - Found thread-bound EntityManager [SessionImpl(1239191676<open>)] for JPA transaction
2026-03-16 17:01:30 [http-nio-8080-exec-13] DEBUG o.s.orm.jpa.JpaTransactionManager - Participating in existing transaction
2026-03-16 17:01:30 [http-nio-8080-exec-13] DEBUG org.hibernate.SQL - select u1_0.emplyr_id,u1_0.area_no,u1_0.brthdy,u1_0.chg_pwd_cnt,u1_0.frst_register_id,u1_0.frst_regist_pnttm,u1_0.detail_adres,u1_0.email_adres,u1_0.emplyr_sttus_code,u1_0.empl_no,u1_0.esntl_id,u1_0.fxnum,u1_0.group_id,u1_0.house_adres,u1_0.house_end_telno,u1_0.house_middle_telno,u1_0.ihidnum,u1_0.pstinst_code,u1_0.last_updusr_id,u1_0.last_updt_pnttm,u1_0.lock_at,u1_0.lock_cnt,u1_0.lock_last_pnttm,u1_0.mbtlnum,u1_0.ofcps_nm,u1_0.offm_telno,u1_0.orgnzt_id,u1_0.password,u1_0.password_cnsr,u1_0.password_hint,u1_0.chg_pwd_last_pnttm,u1_0.role,u1_0.sbscrb_de,u1_0.sexdstn_code,u1_0.crtfc_dn_value,u1_0.user_nm,u1_0.zip from nemplyrinfo u1_0 where u1_0.emplyr_id=?
2026-03-16 17:01:31 [http-nio-8080-exec-13] DEBUG o.s.orm.jpa.JpaTransactionManager - Found thread-bound EntityManager [SessionImpl(1239191676<open>)] for JPA transaction
2026-03-16 17:01:31 [http-nio-8080-exec-13] DEBUG o.s.orm.jpa.JpaTransactionManager - Participating in existing transaction
2026-03-16 17:01:31 [http-nio-8080-exec-13] DEBUG org.hibernate.SQL - select ua1_0.scrty_dtrmn_trget_id,ua1_0.author_code,ua1_0.frst_register_id,ua1_0.frst_regist_pnttm,ua1_0.last_updusr_id,ua1_0.last_updt_pnttm,ua1_0.mber_ty_code from nemplyrscrtyestbs ua1_0 where ua1_0.scrty_dtrmn_trget_id=?
2026-03-16 17:01:31 [http-nio-8080-exec-9] DEBUG o.s.orm.jpa.JpaTransactionManager - Found thread-bound EntityManager [SessionImpl(1606010415<open>)] for JPA transaction
2026-03-16 17:01:31 [http-nio-8080-exec-9] DEBUG o.s.orm.jpa.JpaTransactionManager - Participating in existing transaction
2026-03-16 17:01:31 [http-nio-8080-exec-9] DEBUG org.hibernate.SQL - select p1_0.progrm_file_nm,p1_0.progrm_dc,p1_0.progrm_korean_nm,p1_0.progrm_stre_path,p1_0.url from nprogrmlist p1_0
2026-03-16 17:01:31 [http-nio-8080-exec-13] DEBUG o.s.orm.jpa.JpaTransactionManager - Initiating transaction commit
2026-03-16 17:01:31 [http-nio-8080-exec-13] DEBUG o.s.orm.jpa.JpaTransactionManager - Committing JPA transaction on EntityManager [SessionImpl(1239191676<open>)]
2026-03-16 17:01:31 [http-nio-8080-exec-9] DEBUG o.s.orm.jpa.JpaTransactionManager - Initiating transaction commit
2026-03-16 17:01:31 [http-nio-8080-exec-9] DEBUG o.s.orm.jpa.JpaTransactionManager - Committing JPA transaction on EntityManager [SessionImpl(1606010415<open>)]
2026-03-16 17:01:31 [http-nio-8080-exec-13] DEBUG o.s.orm.jpa.JpaTransactionManager - Closing JPA EntityManager [SessionImpl(1239191676<open>)] after transaction
2026-03-16 17:01:31 [http-nio-8080-exec-13] DEBUG c.c.p.s.jwt.JwtAuthenticationFilter - >>> [JwtFilter] Successfully authenticated user: USRCNFRM_99999999999, Authorities: [ROLE_ADMIN]
2026-03-16 17:01:31 [http-nio-8080-exec-13] DEBUG o.s.web.servlet.DispatcherServlet - GET "/api/v1/admin/system/statistics/bbs?statsKind=COM101", parameters={masked}
2026-03-16 17:01:31 [http-nio-8080-exec-13] DEBUG o.s.w.s.h.SimpleUrlHandlerMapping - Mapped to ResourceHttpRequestHandler [classpath [META-INF/resources/], classpath [resources/], classpath [static/], classpath [public/], ServletContext [/]]
2026-03-16 17:01:31 [http-nio-8080-exec-13] DEBUG o.s.w.s.r.ResourceHttpRequestHandler - Resource not found
2026-03-16 17:01:31 [http-nio-8080-exec-13] DEBUG o.s.w.s.m.m.a.ExceptionHandlerExceptionResolver - Using @ExceptionHandler com.company.project.core.exception.GlobalExceptionHandler#handleException(Exception)
2026-03-16 17:01:31 [http-nio-8080-exec-13] ERROR c.c.p.c.e.GlobalExceptionHandler - >>> Internal Server Error: No static resource api/v1/admin/system/statistics/bbs.
org.springframework.web.servlet.resource.NoResourceFoundException: No static resource api/v1/admin/system/statistics/bbs.
	at org.springframework.web.servlet.resource.ResourceHttpRequestHandler.handleRequest(ResourceHttpRequestHandler.java:585)
	at org.springframework.web.servlet.mvc.HttpRequestHandlerAdapter.handle(HttpRequestHandlerAdapter.java:52)
	at org.springframework.web.servlet.DispatcherServlet.doDispatch(DispatcherServlet.java:1088)
	at org.springframework.web.servlet.DispatcherServlet.doService(DispatcherServlet.java:978)
	at org.springframework.web.servlet.FrameworkServlet.processRequest(FrameworkServlet.java:1014)
	at org.springframework.web.servlet.FrameworkServlet.doGet(FrameworkServlet.java:903)
	at jakarta.servlet.http.HttpServlet.service(HttpServlet.java:527)
	at org.springframework.web.servlet.FrameworkServlet.service(FrameworkServlet.java:885)
	at jakarta.servlet.http.HttpServlet.service(HttpServlet.java:614)
	at org.apache.catalina.core.ApplicationFilterChain.internalDoFilter(ApplicationFilterChain.java:195)
	at org.apache.catalina.core.ApplicationFilterChain.doFilter(ApplicationFilterChain.java:140)
	at org.apache.tomcat.websocket.server.WsFilter.doFilter(WsFilter.java:51)
	at org.apache.catalina.core.ApplicationFilterChain.internalDoFilter(ApplicationFilterChain.java:164)
	at org.apache.catalina.core.ApplicationFilterChain.doFilter(ApplicationFilterChain.java:140)
	at org.springframework.web.filter.CompositeFilter$VirtualFilterChain.doFilter(CompositeFilter.java:108)
	at org.springframework.security.web.FilterChainProxy.lambda$doFilterInternal$3(FilterChainProxy.java:231)
	at org.springframework.security.web.ObservationFilterChainDecorator$FilterObservation$SimpleFilterObservation.lambda$wrap$1(ObservationFilterChainDecorator.java:479)
	at org.springframework.security.web.ObservationFilterChainDecorator$AroundFilterObservation$SimpleAroundFilterObservation.lambda$wrap$1(ObservationFilterChainDecorator.java:340)
	at org.springframework.security.web.ObservationFilterChainDecorator.lambda$wrapSecured$0(ObservationFilterChainDecorator.java:82)
	at org.springframework.security.web.ObservationFilterChainDecorator$VirtualFilterChain.doFilter(ObservationFilterChainDecorator.java:128)
	at org.springframework.security.web.access.intercept.AuthorizationFilter.doFilter(AuthorizationFilter.java:101)
	at org.springframework.security.web.ObservationFilterChainDecorator$ObservationFilter.wrapFilter(ObservationFilterChainDecorator.java:240)
	at org.springframework.security.web.ObservationFilterChainDecorator$ObservationFilter.doFilter(ObservationFilterChainDecorator.java:227)
	at org.springframework.security.web.ObservationFilterChainDecorator$VirtualFilterChain.doFilter(ObservationFilterChainDecorator.java:137)
	at org.springframework.security.web.access.ExceptionTranslationFilter.doFilter(ExceptionTranslationFilter.java:126)
	at org.springframework.security.web.access.ExceptionTranslationFilter.doFilter(ExceptionTranslationFilter.java:120)
	at org.springframework.security.web.ObservationFilterChainDecorator$ObservationFilter.wrapFilter(ObservationFilterChainDecorator.java:240)
	at org.springframework.security.web.ObservationFilterChainDecorator$ObservationFilter.doFilter(ObservationFilterChainDecorator.java:227)
	at org.springframework.security.web.ObservationFilterChainDecorator$VirtualFilterChain.doFilter(ObservationFilterChainDecorator.java:137)
	at org.springframework.security.web.session.SessionManagementFilter.doFilter(SessionManagementFilter.java:131)
	at org.springframework.security.web.session.SessionManagementFilter.doFilter(SessionManagementFilter.java:85)
	at org.springframework.security.web.ObservationFilterChainDecorator$ObservationFilter.wrapFilter(ObservationFilterChainDecorator.java:240)
	at org.springframework.security.web.ObservationFilterChainDecorator$ObservationFilter.doFilter(ObservationFilterChainDecorator.java:227)
	at org.springframework.security.web.ObservationFilterChainDecorator$VirtualFilterChain.doFilter(ObservationFilterChainDecorator.java:137)
	at org.springframework.security.web.authentication.AnonymousAuthenticationFilter.doFilter(AnonymousAuthenticationFilter.java:100)
	at org.springframework.security.web.ObservationFilterChainDecorator$ObservationFilter.wrapFilter(ObservationFilterChainDecorator.java:240)
	at org.springframework.security.web.ObservationFilterChainDecorator$ObservationFilter.doFilter(ObservationFilterChainDecorator.java:227)
	at org.springframework.security.web.ObservationFilterChainDecorator$VirtualFilterChain.doFilter(ObservationFilterChainDecorator.java:137)
	at org.springframework.security.web.servletapi.SecurityContextHolderAwareRequestFilter.doFilter(SecurityContextHolderAwareRequestFilter.java:179)
	at org.springframework.security.web.ObservationFilterChainDecorator$ObservationFilter.wrapFilter(ObservationFilterChainDecorator.java:240)
	at org.springframework.security.web.ObservationFilterChainDecorator$ObservationFilter.doFilter(ObservationFilterChainDecorator.java:227)
	at org.springframework.security.web.ObservationFilterChainDecorator$VirtualFilterChain.doFilter(ObservationFilterChainDecorator.java:137)
	at org.springframework.security.web.savedrequest.RequestCacheAwareFilter.doFilter(RequestCacheAwareFilter.java:63)
	at org.springframework.security.web.ObservationFilterChainDecorator$ObservationFilter.wrapFilter(ObservationFilterChainDecorator.java:240)
	at org.springframework.security.web.ObservationFilterChainDecorator$ObservationFilter.doFilter(ObservationFilterChainDecorator.java:227)
	at org.springframework.security.web.ObservationFilterChainDecorator$VirtualFilterChain.doFilter(ObservationFilterChainDecorator.java:137)
	at com.company.project.security.jwt.JwtAuthenticationFilter.doFilterInternal(JwtAuthenticationFilter.java:52)
	at org.springframework.web.filter.OncePerRequestFilter.doFilter(OncePerRequestFilter.java:116)
	at org.springframework.security.web.ObservationFilterChainDecorator$ObservationFilter.wrapFilter(ObservationFilterChainDecorator.java:240)
	at org.springframework.security.web.ObservationFilterChainDecorator$ObservationFilter.doFilter(ObservationFilterChainDecorator.java:227)
	at org.springframework.security.web.ObservationFilterChainDecorator$VirtualFilterChain.doFilter(ObservationFilterChainDecorator.java:137)
	at org.springframework.security.web.authentication.logout.LogoutFilter.doFilter(LogoutFilter.java:107)
	at org.springframework.security.web.authentication.logout.LogoutFilter.doFilter(LogoutFilter.java:93)
	at org.springframework.security.web.ObservationFilterChainDecorator$ObservationFilter.wrapFilter(ObservationFilterChainDecorator.java:240)
	at org.springframework.security.web.ObservationFilterChainDecorator$ObservationFilter.doFilter(ObservationFilterChainDecorator.java:227)
	at org.springframework.security.web.ObservationFilterChainDecorator$VirtualFilterChain.doFilter(ObservationFilterChainDecorator.java:137)
	at org.springframework.web.filter.CorsFilter.doFilterInternal(CorsFilter.java:91)
	at org.springframework.web.filter.OncePerRequestFilter.doFilter(OncePerRequestFilter.java:116)
	at org.springframework.security.web.ObservationFilterChainDecorator$ObservationFilter.wrapFilter(ObservationFilterChainDecorator.java:240)
	at org.springframework.security.web.ObservationFilterChainDecorator$ObservationFilter.doFilter(ObservationFilterChainDecorator.java:227)
	at org.springframework.security.web.ObservationFilterChainDecorator$VirtualFilterChain.doFilter(ObservationFilterChainDecorator.java:137)
	at org.springframework.security.web.header.HeaderWriterFilter.doHeadersAfter(HeaderWriterFilter.java:90)
	at org.springframework.security.web.header.HeaderWriterFilter.doFilterInternal(HeaderWriterFilter.java:75)
	at org.springframework.web.filter.OncePerRequestFilter.doFilter(OncePerRequestFilter.java:116)
	at org.springframework.security.web.ObservationFilterChainDecorator$ObservationFilter.wrapFilter(ObservationFilterChainDecorator.java:240)
	at org.springframework.security.web.ObservationFilterChainDecorator$ObservationFilter.doFilter(ObservationFilterChainDecorator.java:227)
	at org.springframework.security.web.ObservationFilterChainDecorator$VirtualFilterChain.doFilter(ObservationFilterChainDecorator.java:137)
	at org.springframework.security.web.context.SecurityContextHolderFilter.doFilter(SecurityContextHolderFilter.java:82)
	at org.springframework.security.web.context.SecurityContextHolderFilter.doFilter(SecurityContextHolderFilter.java:69)
	at org.springframework.security.web.ObservationFilterChainDecorator$ObservationFilter.wrapFilter(ObservationFilterChainDecorator.java:240)
	at org.springframework.security.web.ObservationFilterChainDecorator$ObservationFilter.doFilter(ObservationFilterChainDecorator.java:227)
	at org.springframework.security.web.ObservationFilterChainDecorator$VirtualFilterChain.doFilter(ObservationFilterChainDecorator.java:137)
	at org.springframework.security.web.context.request.async.WebAsyncManagerIntegrationFilter.doFilterInternal(WebAsyncManagerIntegrationFilter.java:62)
	at org.springframework.web.filter.OncePerRequestFilter.doFilter(OncePerRequestFilter.java:116)
	at org.springframework.security.web.ObservationFilterChainDecorator$ObservationFilter.wrapFilter(ObservationFilterChainDecorator.java:240)
	at org.springframework.security.web.ObservationFilterChainDecorator$ObservationFilter.doFilter(ObservationFilterChainDecorator.java:227)
	at org.springframework.security.web.ObservationFilterChainDecorator$VirtualFilterChain.doFilter(ObservationFilterChainDecorator.java:137)
	at org.springframework.security.web.session.DisableEncodeUrlFilter.doFilterInternal(DisableEncodeUrlFilter.java:42)
	at org.springframework.web.filter.OncePerRequestFilter.doFilter(OncePerRequestFilter.java:116)
	at org.springframework.security.web.ObservationFilterChainDecorator$ObservationFilter.wrapFilter(ObservationFilterChainDecorator.java:240)
	at org.springframework.security.web.ObservationFilterChainDecorator$AroundFilterObservation$SimpleAroundFilterObservation.lambda$wrap$0(ObservationFilterChainDecorator.java:323)
	at org.springframework.security.web.ObservationFilterChainDecorator$ObservationFilter.doFilter(ObservationFilterChainDecorator.java:224)
	at org.springframework.security.web.ObservationFilterChainDecorator$VirtualFilterChain.doFilter(ObservationFilterChainDecorator.java:137)
	at org.springframework.security.web.FilterChainProxy.doFilterInternal(FilterChainProxy.java:233)
	at org.springframework.security.web.FilterChainProxy.doFilter(FilterChainProxy.java:191)
	at org.springframework.web.filter.CompositeFilter$VirtualFilterChain.doFilter(CompositeFilter.java:113)
	at org.springframework.web.servlet.handler.HandlerMappingIntrospector.lambda$createCacheFilter$3(HandlerMappingIntrospector.java:243)
	at org.springframework.web.filter.CompositeFilter$VirtualFilterChain.doFilter(CompositeFilter.java:113)
	at org.springframework.web.filter.CompositeFilter.doFilter(CompositeFilter.java:74)
	at org.springframework.security.config.annotation.web.configuration.WebMvcSecurityConfiguration$CompositeFilterChainProxy.doFilter(WebMvcSecurityConfiguration.java:238)
	at org.springframework.web.filter.DelegatingFilterProxy.invokeDelegate(DelegatingFilterProxy.java:362)
	at org.springframework.web.filter.DelegatingFilterProxy.doFilter(DelegatingFilterProxy.java:278)
	at org.apache.catalina.core.ApplicationFilterChain.internalDoFilter(ApplicationFilterChain.java:164)
	at org.apache.catalina.core.ApplicationFilterChain.doFilter(ApplicationFilterChain.java:140)
	at org.springframework.web.filter.RequestContextFilter.doFilterInternal(RequestContextFilter.java:100)
	at org.springframework.web.filter.OncePerRequestFilter.doFilter(OncePerRequestFilter.java:116)
	at org.apache.catalina.core.ApplicationFilterChain.internalDoFilter(ApplicationFilterChain.java:164)
	at org.apache.catalina.core.ApplicationFilterChain.doFilter(ApplicationFilterChain.java:140)
	at org.springframework.web.filter.FormContentFilter.doFilterInternal(FormContentFilter.java:93)
	at org.springframework.web.filter.OncePerRequestFilter.doFilter(OncePerRequestFilter.java:116)
	at org.apache.catalina.core.ApplicationFilterChain.internalDoFilter(ApplicationFilterChain.java:164)
	at org.apache.catalina.core.ApplicationFilterChain.doFilter(ApplicationFilterChain.java:140)
	at org.springframework.web.filter.ServerHttpObservationFilter.doFilterInternal(ServerHttpObservationFilter.java:114)
	at org.springframework.web.filter.OncePerRequestFilter.doFilter(OncePerRequestFilter.java:116)
	at org.apache.catalina.core.ApplicationFilterChain.internalDoFilter(ApplicationFilterChain.java:164)
	at org.apache.catalina.core.ApplicationFilterChain.doFilter(ApplicationFilterChain.java:140)
	at org.springframework.web.filter.CharacterEncodingFilter.doFilterInternal(CharacterEncodingFilter.java:201)
	at org.springframework.web.filter.OncePerRequestFilter.doFilter(OncePerRequestFilter.java:116)
	at org.apache.catalina.core.ApplicationFilterChain.internalDoFilter(ApplicationFilterChain.java:164)
	at org.apache.catalina.core.ApplicationFilterChain.doFilter(ApplicationFilterChain.java:140)
	at org.apache.catalina.core.StandardWrapperValve.invoke(StandardWrapperValve.java:167)
	at org.apache.catalina.core.StandardContextValve.invoke(StandardContextValve.java:90)
	at org.apache.catalina.authenticator.AuthenticatorBase.invoke(AuthenticatorBase.java:483)
	at org.apache.catalina.core.StandardHostValve.invoke(StandardHostValve.java:115)
	at org.apache.catalina.valves.ErrorReportValve.invoke(ErrorReportValve.java:93)
	at org.apache.catalina.core.StandardEngineValve.invoke(StandardEngineValve.java:74)
	at org.apache.catalina.connector.CoyoteAdapter.service(CoyoteAdapter.java:344)
	at org.apache.coyote.http11.Http11Processor.service(Http11Processor.java:397)
	at org.apache.coyote.AbstractProcessorLight.process(AbstractProcessorLight.java:63)
	at org.apache.coyote.AbstractProtocol$ConnectionHandler.process(AbstractProtocol.java:905)
	at org.apache.tomcat.util.net.NioEndpoint$SocketProcessor.doRun(NioEndpoint.java:1741)
	at org.apache.tomcat.util.net.SocketProcessorBase.run(SocketProcessorBase.java:52)
	at org.apache.tomcat.util.threads.ThreadPoolExecutor.runWorker(ThreadPoolExecutor.java:1190)
	at org.apache.tomcat.util.threads.ThreadPoolExecutor$Worker.run(ThreadPoolExecutor.java:659)
	at org.apache.tomcat.util.threads.TaskThread$WrappingRunnable.run(TaskThread.java:63)
	at java.base/java.lang.Thread.run(Thread.java:1583)
2026-03-16 17:01:31 [http-nio-8080-exec-13] DEBUG o.s.w.s.m.m.a.HttpEntityMethodProcessor - Using 'application/json', given [application/json, text/plain, */*] and supported [application/json, application/*+json, application/yaml]
2026-03-16 17:01:31 [http-nio-8080-exec-13] TRACE o.s.w.s.m.m.a.HttpEntityMethodProcessor - Writing [ApiResponse[success=false, status=500, code=C004, message=예기치 않은 서버 오류가 발생했습니다., data=null, timestamp=2026-03-16T17:01:31.337927900]]
2026-03-16 17:01:31 [http-nio-8080-exec-13] DEBUG o.s.w.s.m.m.a.ExceptionHandlerExceptionResolver - Resolved [org.springframework.web.servlet.resource.NoResourceFoundException: No static resource api/v1/admin/system/statistics/bbs.]
2026-03-16 17:01:31 [http-nio-8080-exec-13] DEBUG o.s.web.servlet.DispatcherServlet - Completed 500 INTERNAL_SERVER_ERROR
2026-03-16 17:01:31 [http-nio-8080-exec-9] DEBUG o.s.orm.jpa.JpaTransactionManager - Closing JPA EntityManager [SessionImpl(1606010415<open>)] after transaction
2026-03-16 17:01:31 [http-nio-8080-exec-9] INFO  c.c.p.a.c.menu.MenuController - getLeftMenu returned 2 items
2026-03-16 17:01:31 [http-nio-8080-exec-9] DEBUG o.s.w.s.m.m.a.HttpEntityMethodProcessor - Using 'application/json', given [application/json, text/plain, */*] and supported [application/json, application/*+json, application/yaml]
2026-03-16 17:01:31 [http-nio-8080-exec-9] TRACE o.s.w.s.m.m.a.HttpEntityMethodProcessor - Writing [ApiResponse[success=true, status=200, code=COMMON_001, message=Success, data={list=[com.company.project.service.menu.dto.MenuDto@65d9f52d, com.company.project.service.menu.dto.MenuDto@1c86dc0d]}, timestamp=2026-03-16T17:01:31.472496700]]
2026-03-16 17:01:31 [http-nio-8080-exec-9] INFO  c.c.p.a.i.OperationalAuditInterceptor - API Audit Log: URL=/api/v1/menu/left, User=webmaster, IP=127.0.0.1
2026-03-16 17:01:31 [http-nio-8080-exec-9] DEBUG o.s.web.servlet.DispatcherServlet - Completed 200 OK
2026-03-16 17:01:31 [http-nio-8080-exec-8] DEBUG c.c.p.s.jwt.JwtAuthenticationFilter - >>> [JwtFilter] Processing request: GET /api/v1/menu/left
2026-03-16 17:01:31 [http-nio-8080-exec-8] DEBUG c.c.p.s.jwt.JwtAuthenticationFilter - >>> [JwtFilter] Found token in header for path: /api/v1/menu/left
2026-03-16 17:01:31 [http-nio-8080-exec-8] DEBUG o.s.orm.jpa.JpaTransactionManager - Creating new transaction with name [com.company.project.security.iam.CustomUserDetailsService.loadUserByUsername]: PROPAGATION_REQUIRED,ISOLATION_DEFAULT,readOnly
2026-03-16 17:01:31 [http-nio-8080-exec-8] DEBUG o.s.orm.jpa.JpaTransactionManager - Opened new EntityManager [SessionImpl(1262996458<open>)] for JPA transaction
2026-03-16 17:01:31 [MessageBroker-11] DEBUG o.s.w.s.s.t.h.DefaultSockJsService - Closed 1 sessions: [mmlfojdm]
2026-03-16 17:01:31 [http-nio-8080-exec-8] DEBUG o.s.orm.jpa.JpaTransactionManager - Exposing JPA transaction as JDBC [org.springframework.orm.jpa.vendor.HibernateJpaDialect$HibernateConnectionHandle@1ffa6fc4]
2026-03-16 17:01:31 [http-nio-8080-exec-8] DEBUG o.s.orm.jpa.JpaTransactionManager - Found thread-bound EntityManager [SessionImpl(1262996458<open>)] for JPA transaction
2026-03-16 17:01:31 [http-nio-8080-exec-8] DEBUG o.s.orm.jpa.JpaTransactionManager - Participating in existing transaction
2026-03-16 17:01:31 [http-nio-8080-exec-8] DEBUG org.hibernate.SQL - select u1_0.emplyr_id,u1_0.area_no,u1_0.brthdy,u1_0.chg_pwd_cnt,u1_0.frst_register_id,u1_0.frst_regist_pnttm,u1_0.detail_adres,u1_0.email_adres,u1_0.emplyr_sttus_code,u1_0.empl_no,u1_0.esntl_id,u1_0.fxnum,u1_0.group_id,u1_0.house_adres,u1_0.house_end_telno,u1_0.house_middle_telno,u1_0.ihidnum,u1_0.pstinst_code,u1_0.last_updusr_id,u1_0.last_updt_pnttm,u1_0.lock_at,u1_0.lock_cnt,u1_0.lock_last_pnttm,u1_0.mbtlnum,u1_0.ofcps_nm,u1_0.offm_telno,u1_0.orgnzt_id,u1_0.password,u1_0.password_cnsr,u1_0.password_hint,u1_0.chg_pwd_last_pnttm,u1_0.role,u1_0.sbscrb_de,u1_0.sexdstn_code,u1_0.crtfc_dn_value,u1_0.user_nm,u1_0.zip from nemplyrinfo u1_0 where u1_0.emplyr_id=?
2026-03-16 17:01:31 [http-nio-8080-exec-8] DEBUG o.s.orm.jpa.JpaTransactionManager - Found thread-bound EntityManager [SessionImpl(1262996458<open>)] for JPA transaction
2026-03-16 17:01:31 [http-nio-8080-exec-8] DEBUG o.s.orm.jpa.JpaTransactionManager - Participating in existing transaction
2026-03-16 17:01:31 [http-nio-8080-exec-8] DEBUG org.hibernate.SQL - select ua1_0.scrty_dtrmn_trget_id,ua1_0.author_code,ua1_0.frst_register_id,ua1_0.frst_regist_pnttm,ua1_0.last_updusr_id,ua1_0.last_updt_pnttm,ua1_0.mber_ty_code from nemplyrscrtyestbs ua1_0 where ua1_0.scrty_dtrmn_trget_id=?
2026-03-16 17:01:31 [http-nio-8080-exec-8] DEBUG o.s.orm.jpa.JpaTransactionManager - Initiating transaction commit
2026-03-16 17:01:31 [http-nio-8080-exec-8] DEBUG o.s.orm.jpa.JpaTransactionManager - Committing JPA transaction on EntityManager [SessionImpl(1262996458<open>)]
2026-03-16 17:01:32 [http-nio-8080-exec-8] DEBUG o.s.orm.jpa.JpaTransactionManager - Closing JPA EntityManager [SessionImpl(1262996458<open>)] after transaction
2026-03-16 17:01:32 [http-nio-8080-exec-8] DEBUG c.c.p.s.jwt.JwtAuthenticationFilter - >>> [JwtFilter] Successfully authenticated user: USRCNFRM_99999999999, Authorities: [ROLE_ADMIN]
2026-03-16 17:01:32 [http-nio-8080-exec-8] DEBUG o.s.web.servlet.DispatcherServlet - GET "/api/v1/menu/left?menuNo=50", parameters={masked}
2026-03-16 17:01:32 [http-nio-8080-exec-8] TRACE o.s.w.s.m.m.a.RequestMappingHandlerMapping - Mapped to com.company.project.api.controller.menu.MenuController#getLeftMenu(Long)
2026-03-16 17:01:32 [http-nio-8080-exec-8] INFO  c.c.p.a.c.menu.MenuController - getLeftMenu called with menuNo=50
2026-03-16 17:01:32 [http-nio-8080-exec-8] DEBUG o.s.orm.jpa.JpaTransactionManager - Creating new transaction with name [com.company.project.service.menu.MenuService.getSubMenus]: PROPAGATION_REQUIRED,ISOLATION_DEFAULT,readOnly
2026-03-16 17:01:32 [http-nio-8080-exec-8] DEBUG o.s.orm.jpa.JpaTransactionManager - Opened new EntityManager [SessionImpl(1370224578<open>)] for JPA transaction
2026-03-16 17:01:32 [http-nio-8080-exec-8] DEBUG o.s.orm.jpa.JpaTransactionManager - Exposing JPA transaction as JDBC [org.springframework.orm.jpa.vendor.HibernateJpaDialect$HibernateConnectionHandle@2b571b20]
2026-03-16 17:01:32 [http-nio-8080-exec-8] DEBUG org.hibernate.SQL - select m1_0.menu_no,m1_0.menu_dc,m1_0.menu_nm,m1_0.menu_ordr,m1_0.modern_route,m1_0.progrm_file_nm,m1_0.relate_image_nm,m1_0.relate_image_path,m1_0.route_updated_at,m1_0.upper_menu_no from nmenuinfo m1_0 order by m1_0.upper_menu_no,m1_0.menu_ordr
2026-03-16 17:01:32 [http-nio-8080-exec-8] DEBUG o.s.orm.jpa.JpaTransactionManager - Found thread-bound EntityManager [SessionImpl(1370224578<open>)] for JPA transaction
2026-03-16 17:01:32 [http-nio-8080-exec-8] DEBUG o.s.orm.jpa.JpaTransactionManager - Participating in existing transaction
2026-03-16 17:01:32 [http-nio-8080-exec-8] DEBUG org.hibernate.SQL - select p1_0.progrm_file_nm,p1_0.progrm_dc,p1_0.progrm_korean_nm,p1_0.progrm_stre_path,p1_0.url from nprogrmlist p1_0
2026-03-16 17:01:32 [http-nio-8080-exec-8] DEBUG o.s.orm.jpa.JpaTransactionManager - Initiating transaction commit
2026-03-16 17:01:32 [http-nio-8080-exec-8] DEBUG o.s.orm.jpa.JpaTransactionManager - Committing JPA transaction on EntityManager [SessionImpl(1370224578<open>)]
2026-03-16 17:01:32 [http-nio-8080-exec-8] DEBUG o.s.orm.jpa.JpaTransactionManager - Closing JPA EntityManager [SessionImpl(1370224578<open>)] after transaction
2026-03-16 17:01:32 [http-nio-8080-exec-8] INFO  c.c.p.a.c.menu.MenuController - getLeftMenu returned 3 items
2026-03-16 17:01:32 [http-nio-8080-exec-8] DEBUG o.s.w.s.m.m.a.HttpEntityMethodProcessor - Using 'application/json', given [application/json, text/plain, */*] and supported [application/json, application/*+json, application/yaml]
2026-03-16 17:01:32 [http-nio-8080-exec-8] TRACE o.s.w.s.m.m.a.HttpEntityMethodProcessor - Writing [ApiResponse[success=true, status=200, code=COMMON_001, message=Success, data={list=[com.company.project.service.menu.dto.MenuDto@671c4e9c, com.company.project.service.menu.dto.MenuDto@45f84ed, com.company.project.service.menu.dto.MenuDto@2803388d]}, timestamp=2026-03-16T17:01:32.703115200]]
2026-03-16 17:01:32 [http-nio-8080-exec-8] INFO  c.c.p.a.i.OperationalAuditInterceptor - API Audit Log: URL=/api/v1/menu/left, User=webmaster, IP=127.0.0.1
2026-03-16 17:01:32 [http-nio-8080-exec-8] DEBUG o.s.web.servlet.DispatcherServlet - Completed 200 OK
2026-03-16 17:01:32 [http-nio-8080-exec-19] DEBUG c.c.p.s.jwt.JwtAuthenticationFilter - >>> [JwtFilter] Processing request: GET /api/v1/menu/left
2026-03-16 17:01:32 [http-nio-8080-exec-19] DEBUG c.c.p.s.jwt.JwtAuthenticationFilter - >>> [JwtFilter] Found token in header for path: /api/v1/menu/left
2026-03-16 17:01:32 [http-nio-8080-exec-19] DEBUG o.s.orm.jpa.JpaTransactionManager - Creating new transaction with name [com.company.project.security.iam.CustomUserDetailsService.loadUserByUsername]: PROPAGATION_REQUIRED,ISOLATION_DEFAULT,readOnly
2026-03-16 17:01:32 [http-nio-8080-exec-19] DEBUG o.s.orm.jpa.JpaTransactionManager - Opened new EntityManager [SessionImpl(1328460166<open>)] for JPA transaction
2026-03-16 17:01:32 [http-nio-8080-exec-19] DEBUG o.s.orm.jpa.JpaTransactionManager - Exposing JPA transaction as JDBC [org.springframework.orm.jpa.vendor.HibernateJpaDialect$HibernateConnectionHandle@7c7530b0]
2026-03-16 17:01:32 [http-nio-8080-exec-19] DEBUG o.s.orm.jpa.JpaTransactionManager - Found thread-bound EntityManager [SessionImpl(1328460166<open>)] for JPA transaction
2026-03-16 17:01:32 [http-nio-8080-exec-19] DEBUG o.s.orm.jpa.JpaTransactionManager - Participating in existing transaction
2026-03-16 17:01:32 [http-nio-8080-exec-19] DEBUG org.hibernate.SQL - select u1_0.emplyr_id,u1_0.area_no,u1_0.brthdy,u1_0.chg_pwd_cnt,u1_0.frst_register_id,u1_0.frst_regist_pnttm,u1_0.detail_adres,u1_0.email_adres,u1_0.emplyr_sttus_code,u1_0.empl_no,u1_0.esntl_id,u1_0.fxnum,u1_0.group_id,u1_0.house_adres,u1_0.house_end_telno,u1_0.house_middle_telno,u1_0.ihidnum,u1_0.pstinst_code,u1_0.last_updusr_id,u1_0.last_updt_pnttm,u1_0.lock_at,u1_0.lock_cnt,u1_0.lock_last_pnttm,u1_0.mbtlnum,u1_0.ofcps_nm,u1_0.offm_telno,u1_0.orgnzt_id,u1_0.password,u1_0.password_cnsr,u1_0.password_hint,u1_0.chg_pwd_last_pnttm,u1_0.role,u1_0.sbscrb_de,u1_0.sexdstn_code,u1_0.crtfc_dn_value,u1_0.user_nm,u1_0.zip from nemplyrinfo u1_0 where u1_0.emplyr_id=?
2026-03-16 17:01:33 [http-nio-8080-exec-19] DEBUG o.s.orm.jpa.JpaTransactionManager - Found thread-bound EntityManager [SessionImpl(1328460166<open>)] for JPA transaction
2026-03-16 17:01:33 [http-nio-8080-exec-19] DEBUG o.s.orm.jpa.JpaTransactionManager - Participating in existing transaction
2026-03-16 17:01:33 [http-nio-8080-exec-19] DEBUG org.hibernate.SQL - select ua1_0.scrty_dtrmn_trget_id,ua1_0.author_code,ua1_0.frst_register_id,ua1_0.frst_regist_pnttm,ua1_0.last_updusr_id,ua1_0.last_updt_pnttm,ua1_0.mber_ty_code from nemplyrscrtyestbs ua1_0 where ua1_0.scrty_dtrmn_trget_id=?
2026-03-16 17:01:33 [http-nio-8080-exec-19] DEBUG o.s.orm.jpa.JpaTransactionManager - Initiating transaction commit
2026-03-16 17:01:33 [http-nio-8080-exec-19] DEBUG o.s.orm.jpa.JpaTransactionManager - Committing JPA transaction on EntityManager [SessionImpl(1328460166<open>)]
2026-03-16 17:01:33 [http-nio-8080-exec-19] DEBUG o.s.orm.jpa.JpaTransactionManager - Closing JPA EntityManager [SessionImpl(1328460166<open>)] after transaction
2026-03-16 17:01:33 [http-nio-8080-exec-19] DEBUG c.c.p.s.jwt.JwtAuthenticationFilter - >>> [JwtFilter] Successfully authenticated user: USRCNFRM_99999999999, Authorities: [ROLE_ADMIN]
2026-03-16 17:01:33 [http-nio-8080-exec-19] DEBUG o.s.web.servlet.DispatcherServlet - GET "/api/v1/menu/left?menuNo=60", parameters={masked}
2026-03-16 17:01:33 [http-nio-8080-exec-19] TRACE o.s.w.s.m.m.a.RequestMappingHandlerMapping - Mapped to com.company.project.api.controller.menu.MenuController#getLeftMenu(Long)
2026-03-16 17:01:33 [http-nio-8080-exec-19] INFO  c.c.p.a.c.menu.MenuController - getLeftMenu called with menuNo=60
2026-03-16 17:01:33 [http-nio-8080-exec-19] DEBUG o.s.orm.jpa.JpaTransactionManager - Creating new transaction with name [com.company.project.service.menu.MenuService.getSubMenus]: PROPAGATION_REQUIRED,ISOLATION_DEFAULT,readOnly
2026-03-16 17:01:33 [http-nio-8080-exec-19] DEBUG o.s.orm.jpa.JpaTransactionManager - Opened new EntityManager [SessionImpl(1988137285<open>)] for JPA transaction
2026-03-16 17:01:33 [http-nio-8080-exec-19] DEBUG o.s.orm.jpa.JpaTransactionManager - Exposing JPA transaction as JDBC [org.springframework.orm.jpa.vendor.HibernateJpaDialect$HibernateConnectionHandle@6a08ae4c]
2026-03-16 17:01:33 [http-nio-8080-exec-19] DEBUG org.hibernate.SQL - select m1_0.menu_no,m1_0.menu_dc,m1_0.menu_nm,m1_0.menu_ordr,m1_0.modern_route,m1_0.progrm_file_nm,m1_0.relate_image_nm,m1_0.relate_image_path,m1_0.route_updated_at,m1_0.upper_menu_no from nmenuinfo m1_0 order by m1_0.upper_menu_no,m1_0.menu_ordr
2026-03-16 17:01:33 [http-nio-8080-exec-19] DEBUG o.s.orm.jpa.JpaTransactionManager - Found thread-bound EntityManager [SessionImpl(1988137285<open>)] for JPA transaction
2026-03-16 17:01:33 [http-nio-8080-exec-19] DEBUG o.s.orm.jpa.JpaTransactionManager - Participating in existing transaction
2026-03-16 17:01:33 [http-nio-8080-exec-19] DEBUG org.hibernate.SQL - select p1_0.progrm_file_nm,p1_0.progrm_dc,p1_0.progrm_korean_nm,p1_0.progrm_stre_path,p1_0.url from nprogrmlist p1_0
2026-03-16 17:01:33 [http-nio-8080-exec-19] DEBUG o.s.orm.jpa.JpaTransactionManager - Initiating transaction commit
2026-03-16 17:01:33 [http-nio-8080-exec-19] DEBUG o.s.orm.jpa.JpaTransactionManager - Committing JPA transaction on EntityManager [SessionImpl(1988137285<open>)]
2026-03-16 17:01:33 [http-nio-8080-exec-19] DEBUG o.s.orm.jpa.JpaTransactionManager - Closing JPA EntityManager [SessionImpl(1988137285<open>)] after transaction
2026-03-16 17:01:33 [http-nio-8080-exec-19] INFO  c.c.p.a.c.menu.MenuController - getLeftMenu returned 1 items
2026-03-16 17:01:33 [http-nio-8080-exec-19] DEBUG o.s.w.s.m.m.a.HttpEntityMethodProcessor - Using 'application/json', given [application/json, text/plain, */*] and supported [application/json, application/*+json, application/yaml]
2026-03-16 17:01:33 [http-nio-8080-exec-19] TRACE o.s.w.s.m.m.a.HttpEntityMethodProcessor - Writing [ApiResponse[success=true, status=200, code=COMMON_001, message=Success, data={list=[com.company.project.service.menu.dto.MenuDto@4f2458ff]}, timestamp=2026-03-16T17:01:33.962744700]]
2026-03-16 17:01:33 [http-nio-8080-exec-19] INFO  c.c.p.a.i.OperationalAuditInterceptor - API Audit Log: URL=/api/v1/menu/left, User=webmaster, IP=127.0.0.1
2026-03-16 17:01:33 [http-nio-8080-exec-19] DEBUG o.s.web.servlet.DispatcherServlet - Completed 200 OK
2026-03-16 17:01:34 [http-nio-8080-exec-10] DEBUG c.c.p.s.jwt.JwtAuthenticationFilter - >>> [JwtFilter] Processing request: GET /api/v1/menu/head
2026-03-16 17:01:34 [http-nio-8080-exec-10] DEBUG c.c.p.s.jwt.JwtAuthenticationFilter - >>> [JwtFilter] Found token in header for path: /api/v1/menu/head
2026-03-16 17:01:34 [http-nio-8080-exec-10] DEBUG o.s.orm.jpa.JpaTransactionManager - Creating new transaction with name [com.company.project.security.iam.CustomUserDetailsService.loadUserByUsername]: PROPAGATION_REQUIRED,ISOLATION_DEFAULT,readOnly
2026-03-16 17:01:34 [http-nio-8080-exec-10] DEBUG o.s.orm.jpa.JpaTransactionManager - Opened new EntityManager [SessionImpl(1032347193<open>)] for JPA transaction
2026-03-16 17:01:34 [http-nio-8080-exec-10] DEBUG o.s.orm.jpa.JpaTransactionManager - Exposing JPA transaction as JDBC [org.springframework.orm.jpa.vendor.HibernateJpaDialect$HibernateConnectionHandle@26855501]
2026-03-16 17:01:34 [http-nio-8080-exec-10] DEBUG o.s.orm.jpa.JpaTransactionManager - Found thread-bound EntityManager [SessionImpl(1032347193<open>)] for JPA transaction
2026-03-16 17:01:34 [http-nio-8080-exec-10] DEBUG o.s.orm.jpa.JpaTransactionManager - Participating in existing transaction
2026-03-16 17:01:34 [http-nio-8080-exec-10] DEBUG org.hibernate.SQL - select u1_0.emplyr_id,u1_0.area_no,u1_0.brthdy,u1_0.chg_pwd_cnt,u1_0.frst_register_id,u1_0.frst_regist_pnttm,u1_0.detail_adres,u1_0.email_adres,u1_0.emplyr_sttus_code,u1_0.empl_no,u1_0.esntl_id,u1_0.fxnum,u1_0.group_id,u1_0.house_adres,u1_0.house_end_telno,u1_0.house_middle_telno,u1_0.ihidnum,u1_0.pstinst_code,u1_0.last_updusr_id,u1_0.last_updt_pnttm,u1_0.lock_at,u1_0.lock_cnt,u1_0.lock_last_pnttm,u1_0.mbtlnum,u1_0.ofcps_nm,u1_0.offm_telno,u1_0.orgnzt_id,u1_0.password,u1_0.password_cnsr,u1_0.password_hint,u1_0.chg_pwd_last_pnttm,u1_0.role,u1_0.sbscrb_de,u1_0.sexdstn_code,u1_0.crtfc_dn_value,u1_0.user_nm,u1_0.zip from nemplyrinfo u1_0 where u1_0.emplyr_id=?
2026-03-16 17:01:34 [http-nio-8080-exec-10] DEBUG o.s.orm.jpa.JpaTransactionManager - Found thread-bound EntityManager [SessionImpl(1032347193<open>)] for JPA transaction
2026-03-16 17:01:34 [http-nio-8080-exec-10] DEBUG o.s.orm.jpa.JpaTransactionManager - Participating in existing transaction
2026-03-16 17:01:34 [http-nio-8080-exec-10] DEBUG org.hibernate.SQL - select ua1_0.scrty_dtrmn_trget_id,ua1_0.author_code,ua1_0.frst_register_id,ua1_0.frst_regist_pnttm,ua1_0.last_updusr_id,ua1_0.last_updt_pnttm,ua1_0.mber_ty_code from nemplyrscrtyestbs ua1_0 where ua1_0.scrty_dtrmn_trget_id=?
2026-03-16 17:01:35 [http-nio-8080-exec-10] DEBUG o.s.orm.jpa.JpaTransactionManager - Initiating transaction commit
2026-03-16 17:01:35 [http-nio-8080-exec-10] DEBUG o.s.orm.jpa.JpaTransactionManager - Committing JPA transaction on EntityManager [SessionImpl(1032347193<open>)]
2026-03-16 17:01:35 [http-nio-8080-exec-10] DEBUG o.s.orm.jpa.JpaTransactionManager - Closing JPA EntityManager [SessionImpl(1032347193<open>)] after transaction
2026-03-16 17:01:35 [http-nio-8080-exec-10] DEBUG c.c.p.s.jwt.JwtAuthenticationFilter - >>> [JwtFilter] Successfully authenticated user: USRCNFRM_99999999999, Authorities: [ROLE_ADMIN]
2026-03-16 17:01:35 [http-nio-8080-exec-10] DEBUG o.s.web.servlet.DispatcherServlet - GET "/api/v1/menu/head", parameters={}
2026-03-16 17:01:35 [http-nio-8080-exec-10] TRACE o.s.w.s.m.m.a.RequestMappingHandlerMapping - Mapped to com.company.project.api.controller.menu.MenuController#getHeadMenu()
2026-03-16 17:01:35 [http-nio-8080-exec-10] INFO  c.c.p.a.c.menu.MenuController - getHeadMenu called
2026-03-16 17:01:35 [http-nio-8080-exec-10] INFO  c.c.p.a.c.menu.MenuController - getHeadMenu returned 5 items
2026-03-16 17:01:35 [http-nio-8080-exec-10] DEBUG o.s.w.s.m.m.a.HttpEntityMethodProcessor - Using 'application/json', given [application/json, text/plain, */*] and supported [application/json, application/*+json, application/yaml]
2026-03-16 17:01:35 [http-nio-8080-exec-10] TRACE o.s.w.s.m.m.a.HttpEntityMethodProcessor - Writing [ApiResponse[success=true, status=200, code=COMMON_001, message=Success, data={list=[com.company.project.service.menu.dto.MenuDto@2b80d6b0, com.company.project.service.menu.dto.MenuDto@1418cfa3, com.company.project.service.menu.dto.MenuDto@f230bf1, com.company.project.service.menu.dto.MenuDto@734a7f6a, com.company.project.service.menu.dto.MenuDto@5e5202e5]}, timestamp=2026-03-16T17:01:35.170747700]]
2026-03-16 17:01:35 [http-nio-8080-exec-10] INFO  c.c.p.a.i.OperationalAuditInterceptor - API Audit Log: URL=/api/v1/menu/head, User=webmaster, IP=0:0:0:0:0:0:0:1
2026-03-16 17:01:35 [http-nio-8080-exec-10] DEBUG o.s.web.servlet.DispatcherServlet - Completed 200 OK
2026-03-16 17:01:35 [http-nio-8080-exec-7] DEBUG c.c.p.s.jwt.JwtAuthenticationFilter - >>> [JwtFilter] Processing request: GET /api/v1/menu/left
2026-03-16 17:01:35 [http-nio-8080-exec-7] DEBUG c.c.p.s.jwt.JwtAuthenticationFilter - >>> [JwtFilter] Found token in header for path: /api/v1/menu/left
2026-03-16 17:01:35 [http-nio-8080-exec-6] DEBUG c.c.p.s.jwt.JwtAuthenticationFilter - >>> [JwtFilter] Processing request: GET /api/v1/menu/left
2026-03-16 17:01:35 [http-nio-8080-exec-16] DEBUG c.c.p.s.jwt.JwtAuthenticationFilter - >>> [JwtFilter] Processing request: GET /api/v1/menu/left
2026-03-16 17:01:35 [http-nio-8080-exec-6] DEBUG c.c.p.s.jwt.JwtAuthenticationFilter - >>> [JwtFilter] Found token in header for path: /api/v1/menu/left
2026-03-16 17:01:35 [http-nio-8080-exec-7] DEBUG o.s.orm.jpa.JpaTransactionManager - Creating new transaction with name [com.company.project.security.iam.CustomUserDetailsService.loadUserByUsername]: PROPAGATION_REQUIRED,ISOLATION_DEFAULT,readOnly
2026-03-16 17:01:35 [http-nio-8080-exec-16] DEBUG c.c.p.s.jwt.JwtAuthenticationFilter - >>> [JwtFilter] Found token in header for path: /api/v1/menu/left
2026-03-16 17:01:35 [http-nio-8080-exec-1] DEBUG c.c.p.s.jwt.JwtAuthenticationFilter - >>> [JwtFilter] Processing request: GET /api/v1/menu/left
2026-03-16 17:01:35 [http-nio-8080-exec-18] DEBUG c.c.p.s.jwt.JwtAuthenticationFilter - >>> [JwtFilter] Processing request: GET /api/v1/menu/left
2026-03-16 17:01:35 [http-nio-8080-exec-1] DEBUG c.c.p.s.jwt.JwtAuthenticationFilter - >>> [JwtFilter] Found token in header for path: /api/v1/menu/left
2026-03-16 17:01:35 [http-nio-8080-exec-6] DEBUG o.s.orm.jpa.JpaTransactionManager - Creating new transaction with name [com.company.project.security.iam.CustomUserDetailsService.loadUserByUsername]: PROPAGATION_REQUIRED,ISOLATION_DEFAULT,readOnly
2026-03-16 17:01:35 [http-nio-8080-exec-6] DEBUG o.s.orm.jpa.JpaTransactionManager - Opened new EntityManager [SessionImpl(1991597841<open>)] for JPA transaction
2026-03-16 17:01:35 [http-nio-8080-exec-7] DEBUG o.s.orm.jpa.JpaTransactionManager - Opened new EntityManager [SessionImpl(217117646<open>)] for JPA transaction
2026-03-16 17:01:35 [http-nio-8080-exec-16] DEBUG o.s.orm.jpa.JpaTransactionManager - Creating new transaction with name [com.company.project.security.iam.CustomUserDetailsService.loadUserByUsername]: PROPAGATION_REQUIRED,ISOLATION_DEFAULT,readOnly
2026-03-16 17:01:35 [http-nio-8080-exec-1] DEBUG o.s.orm.jpa.JpaTransactionManager - Creating new transaction with name [com.company.project.security.iam.CustomUserDetailsService.loadUserByUsername]: PROPAGATION_REQUIRED,ISOLATION_DEFAULT,readOnly
2026-03-16 17:01:35 [http-nio-8080-exec-18] DEBUG c.c.p.s.jwt.JwtAuthenticationFilter - >>> [JwtFilter] Found token in header for path: /api/v1/menu/left
2026-03-16 17:01:35 [http-nio-8080-exec-16] DEBUG o.s.orm.jpa.JpaTransactionManager - Opened new EntityManager [SessionImpl(1914291049<open>)] for JPA transaction
2026-03-16 17:01:35 [http-nio-8080-exec-1] DEBUG o.s.orm.jpa.JpaTransactionManager - Opened new EntityManager [SessionImpl(1491697080<open>)] for JPA transaction
2026-03-16 17:01:35 [http-nio-8080-exec-18] DEBUG o.s.orm.jpa.JpaTransactionManager - Creating new transaction with name [com.company.project.security.iam.CustomUserDetailsService.loadUserByUsername]: PROPAGATION_REQUIRED,ISOLATION_DEFAULT,readOnly
2026-03-16 17:01:35 [http-nio-8080-exec-18] DEBUG o.s.orm.jpa.JpaTransactionManager - Opened new EntityManager [SessionImpl(1761720434<open>)] for JPA transaction
2026-03-16 17:01:35 [http-nio-8080-exec-18] DEBUG o.s.orm.jpa.JpaTransactionManager - Exposing JPA transaction as JDBC [org.springframework.orm.jpa.vendor.HibernateJpaDialect$HibernateConnectionHandle@19e2b973]
2026-03-16 17:01:35 [http-nio-8080-exec-18] DEBUG o.s.orm.jpa.JpaTransactionManager - Found thread-bound EntityManager [SessionImpl(1761720434<open>)] for JPA transaction
2026-03-16 17:01:35 [http-nio-8080-exec-18] DEBUG o.s.orm.jpa.JpaTransactionManager - Participating in existing transaction
2026-03-16 17:01:35 [http-nio-8080-exec-18] DEBUG org.hibernate.SQL - select u1_0.emplyr_id,u1_0.area_no,u1_0.brthdy,u1_0.chg_pwd_cnt,u1_0.frst_register_id,u1_0.frst_regist_pnttm,u1_0.detail_adres,u1_0.email_adres,u1_0.emplyr_sttus_code,u1_0.empl_no,u1_0.esntl_id,u1_0.fxnum,u1_0.group_id,u1_0.house_adres,u1_0.house_end_telno,u1_0.house_middle_telno,u1_0.ihidnum,u1_0.pstinst_code,u1_0.last_updusr_id,u1_0.last_updt_pnttm,u1_0.lock_at,u1_0.lock_cnt,u1_0.lock_last_pnttm,u1_0.mbtlnum,u1_0.ofcps_nm,u1_0.offm_telno,u1_0.orgnzt_id,u1_0.password,u1_0.password_cnsr,u1_0.password_hint,u1_0.chg_pwd_last_pnttm,u1_0.role,u1_0.sbscrb_de,u1_0.sexdstn_code,u1_0.crtfc_dn_value,u1_0.user_nm,u1_0.zip from nemplyrinfo u1_0 where u1_0.emplyr_id=?
2026-03-16 17:01:35 [http-nio-8080-exec-6] DEBUG o.s.orm.jpa.JpaTransactionManager - Exposing JPA transaction as JDBC [org.springframework.orm.jpa.vendor.HibernateJpaDialect$HibernateConnectionHandle@a72c8f1]
2026-03-16 17:01:35 [http-nio-8080-exec-1] DEBUG o.s.orm.jpa.JpaTransactionManager - Exposing JPA transaction as JDBC [org.springframework.orm.jpa.vendor.HibernateJpaDialect$HibernateConnectionHandle@7a00af56]
2026-03-16 17:01:35 [http-nio-8080-exec-6] DEBUG o.s.orm.jpa.JpaTransactionManager - Found thread-bound EntityManager [SessionImpl(1991597841<open>)] for JPA transaction
2026-03-16 17:01:35 [http-nio-8080-exec-1] DEBUG o.s.orm.jpa.JpaTransactionManager - Found thread-bound EntityManager [SessionImpl(1491697080<open>)] for JPA transaction
2026-03-16 17:01:35 [http-nio-8080-exec-6] DEBUG o.s.orm.jpa.JpaTransactionManager - Participating in existing transaction
2026-03-16 17:01:35 [http-nio-8080-exec-1] DEBUG o.s.orm.jpa.JpaTransactionManager - Participating in existing transaction
2026-03-16 17:01:35 [http-nio-8080-exec-1] DEBUG org.hibernate.SQL - select u1_0.emplyr_id,u1_0.area_no,u1_0.brthdy,u1_0.chg_pwd_cnt,u1_0.frst_register_id,u1_0.frst_regist_pnttm,u1_0.detail_adres,u1_0.email_adres,u1_0.emplyr_sttus_code,u1_0.empl_no,u1_0.esntl_id,u1_0.fxnum,u1_0.group_id,u1_0.house_adres,u1_0.house_end_telno,u1_0.house_middle_telno,u1_0.ihidnum,u1_0.pstinst_code,u1_0.last_updusr_id,u1_0.last_updt_pnttm,u1_0.lock_at,u1_0.lock_cnt,u1_0.lock_last_pnttm,u1_0.mbtlnum,u1_0.ofcps_nm,u1_0.offm_telno,u1_0.orgnzt_id,u1_0.password,u1_0.password_cnsr,u1_0.password_hint,u1_0.chg_pwd_last_pnttm,u1_0.role,u1_0.sbscrb_de,u1_0.sexdstn_code,u1_0.crtfc_dn_value,u1_0.user_nm,u1_0.zip from nemplyrinfo u1_0 where u1_0.emplyr_id=?
2026-03-16 17:01:35 [http-nio-8080-exec-6] DEBUG org.hibernate.SQL - select u1_0.emplyr_id,u1_0.area_no,u1_0.brthdy,u1_0.chg_pwd_cnt,u1_0.frst_register_id,u1_0.frst_regist_pnttm,u1_0.detail_adres,u1_0.email_adres,u1_0.emplyr_sttus_code,u1_0.empl_no,u1_0.esntl_id,u1_0.fxnum,u1_0.group_id,u1_0.house_adres,u1_0.house_end_telno,u1_0.house_middle_telno,u1_0.ihidnum,u1_0.pstinst_code,u1_0.last_updusr_id,u1_0.last_updt_pnttm,u1_0.lock_at,u1_0.lock_cnt,u1_0.lock_last_pnttm,u1_0.mbtlnum,u1_0.ofcps_nm,u1_0.offm_telno,u1_0.orgnzt_id,u1_0.password,u1_0.password_cnsr,u1_0.password_hint,u1_0.chg_pwd_last_pnttm,u1_0.role,u1_0.sbscrb_de,u1_0.sexdstn_code,u1_0.crtfc_dn_value,u1_0.user_nm,u1_0.zip from nemplyrinfo u1_0 where u1_0.emplyr_id=?
2026-03-16 17:01:35 [http-nio-8080-exec-7] DEBUG o.s.orm.jpa.JpaTransactionManager - Exposing JPA transaction as JDBC [org.springframework.orm.jpa.vendor.HibernateJpaDialect$HibernateConnectionHandle@853f78a]
2026-03-16 17:01:35 [http-nio-8080-exec-16] DEBUG o.s.orm.jpa.JpaTransactionManager - Exposing JPA transaction as JDBC [org.springframework.orm.jpa.vendor.HibernateJpaDialect$HibernateConnectionHandle@5cbab88f]
2026-03-16 17:01:35 [http-nio-8080-exec-7] DEBUG o.s.orm.jpa.JpaTransactionManager - Found thread-bound EntityManager [SessionImpl(217117646<open>)] for JPA transaction
2026-03-16 17:01:35 [http-nio-8080-exec-16] DEBUG o.s.orm.jpa.JpaTransactionManager - Found thread-bound EntityManager [SessionImpl(1914291049<open>)] for JPA transaction
2026-03-16 17:01:35 [http-nio-8080-exec-7] DEBUG o.s.orm.jpa.JpaTransactionManager - Participating in existing transaction
2026-03-16 17:01:35 [http-nio-8080-exec-16] DEBUG o.s.orm.jpa.JpaTransactionManager - Participating in existing transaction
2026-03-16 17:01:35 [http-nio-8080-exec-16] DEBUG org.hibernate.SQL - select u1_0.emplyr_id,u1_0.area_no,u1_0.brthdy,u1_0.chg_pwd_cnt,u1_0.frst_register_id,u1_0.frst_regist_pnttm,u1_0.detail_adres,u1_0.email_adres,u1_0.emplyr_sttus_code,u1_0.empl_no,u1_0.esntl_id,u1_0.fxnum,u1_0.group_id,u1_0.house_adres,u1_0.house_end_telno,u1_0.house_middle_telno,u1_0.ihidnum,u1_0.pstinst_code,u1_0.last_updusr_id,u1_0.last_updt_pnttm,u1_0.lock_at,u1_0.lock_cnt,u1_0.lock_last_pnttm,u1_0.mbtlnum,u1_0.ofcps_nm,u1_0.offm_telno,u1_0.orgnzt_id,u1_0.password,u1_0.password_cnsr,u1_0.password_hint,u1_0.chg_pwd_last_pnttm,u1_0.role,u1_0.sbscrb_de,u1_0.sexdstn_code,u1_0.crtfc_dn_value,u1_0.user_nm,u1_0.zip from nemplyrinfo u1_0 where u1_0.emplyr_id=?
2026-03-16 17:01:35 [http-nio-8080-exec-7] DEBUG org.hibernate.SQL - select u1_0.emplyr_id,u1_0.area_no,u1_0.brthdy,u1_0.chg_pwd_cnt,u1_0.frst_register_id,u1_0.frst_regist_pnttm,u1_0.detail_adres,u1_0.email_adres,u1_0.emplyr_sttus_code,u1_0.empl_no,u1_0.esntl_id,u1_0.fxnum,u1_0.group_id,u1_0.house_adres,u1_0.house_end_telno,u1_0.house_middle_telno,u1_0.ihidnum,u1_0.pstinst_code,u1_0.last_updusr_id,u1_0.last_updt_pnttm,u1_0.lock_at,u1_0.lock_cnt,u1_0.lock_last_pnttm,u1_0.mbtlnum,u1_0.ofcps_nm,u1_0.offm_telno,u1_0.orgnzt_id,u1_0.password,u1_0.password_cnsr,u1_0.password_hint,u1_0.chg_pwd_last_pnttm,u1_0.role,u1_0.sbscrb_de,u1_0.sexdstn_code,u1_0.crtfc_dn_value,u1_0.user_nm,u1_0.zip from nemplyrinfo u1_0 where u1_0.emplyr_id=?
2026-03-16 17:01:35 [http-nio-8080-exec-18] DEBUG o.s.orm.jpa.JpaTransactionManager - Found thread-bound EntityManager [SessionImpl(1761720434<open>)] for JPA transaction
2026-03-16 17:01:35 [http-nio-8080-exec-18] DEBUG o.s.orm.jpa.JpaTransactionManager - Participating in existing transaction
2026-03-16 17:01:35 [http-nio-8080-exec-18] DEBUG org.hibernate.SQL - select ua1_0.scrty_dtrmn_trget_id,ua1_0.author_code,ua1_0.frst_register_id,ua1_0.frst_regist_pnttm,ua1_0.last_updusr_id,ua1_0.last_updt_pnttm,ua1_0.mber_ty_code from nemplyrscrtyestbs ua1_0 where ua1_0.scrty_dtrmn_trget_id=?
2026-03-16 17:01:35 [http-nio-8080-exec-1] DEBUG o.s.orm.jpa.JpaTransactionManager - Found thread-bound EntityManager [SessionImpl(1491697080<open>)] for JPA transaction
2026-03-16 17:01:35 [http-nio-8080-exec-1] DEBUG o.s.orm.jpa.JpaTransactionManager - Participating in existing transaction
2026-03-16 17:01:35 [http-nio-8080-exec-1] DEBUG org.hibernate.SQL - select ua1_0.scrty_dtrmn_trget_id,ua1_0.author_code,ua1_0.frst_register_id,ua1_0.frst_regist_pnttm,ua1_0.last_updusr_id,ua1_0.last_updt_pnttm,ua1_0.mber_ty_code from nemplyrscrtyestbs ua1_0 where ua1_0.scrty_dtrmn_trget_id=?
2026-03-16 17:01:35 [http-nio-8080-exec-6] DEBUG o.s.orm.jpa.JpaTransactionManager - Found thread-bound EntityManager [SessionImpl(1991597841<open>)] for JPA transaction
2026-03-16 17:01:35 [http-nio-8080-exec-6] DEBUG o.s.orm.jpa.JpaTransactionManager - Participating in existing transaction
2026-03-16 17:01:35 [http-nio-8080-exec-6] DEBUG org.hibernate.SQL - select ua1_0.scrty_dtrmn_trget_id,ua1_0.author_code,ua1_0.frst_register_id,ua1_0.frst_regist_pnttm,ua1_0.last_updusr_id,ua1_0.last_updt_pnttm,ua1_0.mber_ty_code from nemplyrscrtyestbs ua1_0 where ua1_0.scrty_dtrmn_trget_id=?
2026-03-16 17:01:35 [http-nio-8080-exec-7] DEBUG o.s.orm.jpa.JpaTransactionManager - Found thread-bound EntityManager [SessionImpl(217117646<open>)] for JPA transaction
2026-03-16 17:01:35 [http-nio-8080-exec-7] DEBUG o.s.orm.jpa.JpaTransactionManager - Participating in existing transaction
2026-03-16 17:01:35 [http-nio-8080-exec-7] DEBUG org.hibernate.SQL - select ua1_0.scrty_dtrmn_trget_id,ua1_0.author_code,ua1_0.frst_register_id,ua1_0.frst_regist_pnttm,ua1_0.last_updusr_id,ua1_0.last_updt_pnttm,ua1_0.mber_ty_code from nemplyrscrtyestbs ua1_0 where ua1_0.scrty_dtrmn_trget_id=?
2026-03-16 17:01:35 [http-nio-8080-exec-16] DEBUG o.s.orm.jpa.JpaTransactionManager - Found thread-bound EntityManager [SessionImpl(1914291049<open>)] for JPA transaction
2026-03-16 17:01:35 [http-nio-8080-exec-16] DEBUG o.s.orm.jpa.JpaTransactionManager - Participating in existing transaction
2026-03-16 17:01:35 [http-nio-8080-exec-16] DEBUG org.hibernate.SQL - select ua1_0.scrty_dtrmn_trget_id,ua1_0.author_code,ua1_0.frst_register_id,ua1_0.frst_regist_pnttm,ua1_0.last_updusr_id,ua1_0.last_updt_pnttm,ua1_0.mber_ty_code from nemplyrscrtyestbs ua1_0 where ua1_0.scrty_dtrmn_trget_id=?
2026-03-16 17:01:35 [http-nio-8080-exec-18] DEBUG o.s.orm.jpa.JpaTransactionManager - Initiating transaction commit
2026-03-16 17:01:35 [http-nio-8080-exec-18] DEBUG o.s.orm.jpa.JpaTransactionManager - Committing JPA transaction on EntityManager [SessionImpl(1761720434<open>)]
2026-03-16 17:01:35 [http-nio-8080-exec-6] DEBUG o.s.orm.jpa.JpaTransactionManager - Initiating transaction commit
2026-03-16 17:01:35 [http-nio-8080-exec-6] DEBUG o.s.orm.jpa.JpaTransactionManager - Committing JPA transaction on EntityManager [SessionImpl(1991597841<open>)]
2026-03-16 17:01:35 [http-nio-8080-exec-1] DEBUG o.s.orm.jpa.JpaTransactionManager - Initiating transaction commit
2026-03-16 17:01:35 [http-nio-8080-exec-1] DEBUG o.s.orm.jpa.JpaTransactionManager - Committing JPA transaction on EntityManager [SessionImpl(1491697080<open>)]
2026-03-16 17:01:35 [http-nio-8080-exec-7] DEBUG o.s.orm.jpa.JpaTransactionManager - Initiating transaction commit
2026-03-16 17:01:35 [http-nio-8080-exec-7] DEBUG o.s.orm.jpa.JpaTransactionManager - Committing JPA transaction on EntityManager [SessionImpl(217117646<open>)]
2026-03-16 17:01:35 [http-nio-8080-exec-18] DEBUG o.s.orm.jpa.JpaTransactionManager - Closing JPA EntityManager [SessionImpl(1761720434<open>)] after transaction
2026-03-16 17:01:35 [http-nio-8080-exec-16] DEBUG o.s.orm.jpa.JpaTransactionManager - Initiating transaction commit
2026-03-16 17:01:35 [http-nio-8080-exec-18] DEBUG c.c.p.s.jwt.JwtAuthenticationFilter - >>> [JwtFilter] Successfully authenticated user: USRCNFRM_99999999999, Authorities: [ROLE_ADMIN]
2026-03-16 17:01:35 [http-nio-8080-exec-16] DEBUG o.s.orm.jpa.JpaTransactionManager - Committing JPA transaction on EntityManager [SessionImpl(1914291049<open>)]
2026-03-16 17:01:35 [http-nio-8080-exec-18] DEBUG o.s.web.servlet.DispatcherServlet - GET "/api/v1/menu/left?menuNo=50", parameters={masked}
2026-03-16 17:01:35 [http-nio-8080-exec-18] TRACE o.s.w.s.m.m.a.RequestMappingHandlerMapping - Mapped to com.company.project.api.controller.menu.MenuController#getLeftMenu(Long)
2026-03-16 17:01:35 [http-nio-8080-exec-18] INFO  c.c.p.a.c.menu.MenuController - getLeftMenu called with menuNo=50
2026-03-16 17:01:35 [http-nio-8080-exec-18] DEBUG o.s.orm.jpa.JpaTransactionManager - Creating new transaction with name [com.company.project.service.menu.MenuService.getSubMenus]: PROPAGATION_REQUIRED,ISOLATION_DEFAULT,readOnly
2026-03-16 17:01:35 [http-nio-8080-exec-18] DEBUG o.s.orm.jpa.JpaTransactionManager - Opened new EntityManager [SessionImpl(1940686875<open>)] for JPA transaction
2026-03-16 17:01:35 [http-nio-8080-exec-18] DEBUG o.s.orm.jpa.JpaTransactionManager - Exposing JPA transaction as JDBC [org.springframework.orm.jpa.vendor.HibernateJpaDialect$HibernateConnectionHandle@8bbb6a1]
2026-03-16 17:01:35 [http-nio-8080-exec-18] DEBUG org.hibernate.SQL - select m1_0.menu_no,m1_0.menu_dc,m1_0.menu_nm,m1_0.menu_ordr,m1_0.modern_route,m1_0.progrm_file_nm,m1_0.relate_image_nm,m1_0.relate_image_path,m1_0.route_updated_at,m1_0.upper_menu_no from nmenuinfo m1_0 order by m1_0.upper_menu_no,m1_0.menu_ordr
2026-03-16 17:01:35 [http-nio-8080-exec-1] DEBUG o.s.orm.jpa.JpaTransactionManager - Closing JPA EntityManager [SessionImpl(1491697080<open>)] after transaction
2026-03-16 17:01:35 [http-nio-8080-exec-6] DEBUG o.s.orm.jpa.JpaTransactionManager - Closing JPA EntityManager [SessionImpl(1991597841<open>)] after transaction
2026-03-16 17:01:35 [http-nio-8080-exec-1] DEBUG c.c.p.s.jwt.JwtAuthenticationFilter - >>> [JwtFilter] Successfully authenticated user: USRCNFRM_99999999999, Authorities: [ROLE_ADMIN]
2026-03-16 17:01:35 [http-nio-8080-exec-6] DEBUG c.c.p.s.jwt.JwtAuthenticationFilter - >>> [JwtFilter] Successfully authenticated user: USRCNFRM_99999999999, Authorities: [ROLE_ADMIN]
2026-03-16 17:01:35 [http-nio-8080-exec-1] DEBUG o.s.web.servlet.DispatcherServlet - GET "/api/v1/menu/left?menuNo=60", parameters={masked}
2026-03-16 17:01:35 [http-nio-8080-exec-6] DEBUG o.s.web.servlet.DispatcherServlet - GET "/api/v1/menu/left?menuNo=40", parameters={masked}
2026-03-16 17:01:35 [http-nio-8080-exec-1] TRACE o.s.w.s.m.m.a.RequestMappingHandlerMapping - Mapped to com.company.project.api.controller.menu.MenuController#getLeftMenu(Long)
2026-03-16 17:01:35 [http-nio-8080-exec-6] TRACE o.s.w.s.m.m.a.RequestMappingHandlerMapping - Mapped to com.company.project.api.controller.menu.MenuController#getLeftMenu(Long)
2026-03-16 17:01:35 [http-nio-8080-exec-6] INFO  c.c.p.a.c.menu.MenuController - getLeftMenu called with menuNo=40
2026-03-16 17:01:35 [http-nio-8080-exec-1] INFO  c.c.p.a.c.menu.MenuController - getLeftMenu called with menuNo=60
2026-03-16 17:01:35 [http-nio-8080-exec-6] DEBUG o.s.orm.jpa.JpaTransactionManager - Creating new transaction with name [com.company.project.service.menu.MenuService.getSubMenus]: PROPAGATION_REQUIRED,ISOLATION_DEFAULT,readOnly
2026-03-16 17:01:35 [http-nio-8080-exec-6] DEBUG o.s.orm.jpa.JpaTransactionManager - Opened new EntityManager [SessionImpl(1552257440<open>)] for JPA transaction
2026-03-16 17:01:35 [http-nio-8080-exec-1] DEBUG o.s.orm.jpa.JpaTransactionManager - Creating new transaction with name [com.company.project.service.menu.MenuService.getSubMenus]: PROPAGATION_REQUIRED,ISOLATION_DEFAULT,readOnly
2026-03-16 17:01:35 [http-nio-8080-exec-6] DEBUG o.s.orm.jpa.JpaTransactionManager - Exposing JPA transaction as JDBC [org.springframework.orm.jpa.vendor.HibernateJpaDialect$HibernateConnectionHandle@521a056]
2026-03-16 17:01:35 [http-nio-8080-exec-1] DEBUG o.s.orm.jpa.JpaTransactionManager - Opened new EntityManager [SessionImpl(1099979752<open>)] for JPA transaction
2026-03-16 17:01:35 [http-nio-8080-exec-1] DEBUG o.s.orm.jpa.JpaTransactionManager - Exposing JPA transaction as JDBC [org.springframework.orm.jpa.vendor.HibernateJpaDialect$HibernateConnectionHandle@1b691ce5]
2026-03-16 17:01:35 [http-nio-8080-exec-6] DEBUG org.hibernate.SQL - select m1_0.menu_no,m1_0.menu_dc,m1_0.menu_nm,m1_0.menu_ordr,m1_0.modern_route,m1_0.progrm_file_nm,m1_0.relate_image_nm,m1_0.relate_image_path,m1_0.route_updated_at,m1_0.upper_menu_no from nmenuinfo m1_0 order by m1_0.upper_menu_no,m1_0.menu_ordr
2026-03-16 17:01:35 [http-nio-8080-exec-1] DEBUG org.hibernate.SQL - select m1_0.menu_no,m1_0.menu_dc,m1_0.menu_nm,m1_0.menu_ordr,m1_0.modern_route,m1_0.progrm_file_nm,m1_0.relate_image_nm,m1_0.relate_image_path,m1_0.route_updated_at,m1_0.upper_menu_no from nmenuinfo m1_0 order by m1_0.upper_menu_no,m1_0.menu_ordr
2026-03-16 17:01:35 [http-nio-8080-exec-16] DEBUG o.s.orm.jpa.JpaTransactionManager - Closing JPA EntityManager [SessionImpl(1914291049<open>)] after transaction
2026-03-16 17:01:35 [http-nio-8080-exec-16] DEBUG c.c.p.s.jwt.JwtAuthenticationFilter - >>> [JwtFilter] Successfully authenticated user: USRCNFRM_99999999999, Authorities: [ROLE_ADMIN]
2026-03-16 17:01:35 [http-nio-8080-exec-7] DEBUG o.s.orm.jpa.JpaTransactionManager - Closing JPA EntityManager [SessionImpl(217117646<open>)] after transaction
2026-03-16 17:01:35 [http-nio-8080-exec-7] DEBUG c.c.p.s.jwt.JwtAuthenticationFilter - >>> [JwtFilter] Successfully authenticated user: USRCNFRM_99999999999, Authorities: [ROLE_ADMIN]
2026-03-16 17:01:35 [http-nio-8080-exec-16] DEBUG o.s.web.servlet.DispatcherServlet - GET "/api/v1/menu/left?menuNo=20", parameters={masked}
2026-03-16 17:01:35 [http-nio-8080-exec-7] DEBUG o.s.web.servlet.DispatcherServlet - GET "/api/v1/menu/left?menuNo=10", parameters={masked}
2026-03-16 17:01:35 [http-nio-8080-exec-16] TRACE o.s.w.s.m.m.a.RequestMappingHandlerMapping - Mapped to com.company.project.api.controller.menu.MenuController#getLeftMenu(Long)
2026-03-16 17:01:35 [http-nio-8080-exec-7] TRACE o.s.w.s.m.m.a.RequestMappingHandlerMapping - Mapped to com.company.project.api.controller.menu.MenuController#getLeftMenu(Long)
2026-03-16 17:01:35 [http-nio-8080-exec-7] INFO  c.c.p.a.c.menu.MenuController - getLeftMenu called with menuNo=10
2026-03-16 17:01:35 [http-nio-8080-exec-16] INFO  c.c.p.a.c.menu.MenuController - getLeftMenu called with menuNo=20
2026-03-16 17:01:35 [http-nio-8080-exec-7] DEBUG o.s.orm.jpa.JpaTransactionManager - Creating new transaction with name [com.company.project.service.menu.MenuService.getSubMenus]: PROPAGATION_REQUIRED,ISOLATION_DEFAULT,readOnly
2026-03-16 17:01:35 [http-nio-8080-exec-16] DEBUG o.s.orm.jpa.JpaTransactionManager - Creating new transaction with name [com.company.project.service.menu.MenuService.getSubMenus]: PROPAGATION_REQUIRED,ISOLATION_DEFAULT,readOnly
2026-03-16 17:01:35 [http-nio-8080-exec-7] DEBUG o.s.orm.jpa.JpaTransactionManager - Opened new EntityManager [SessionImpl(862646756<open>)] for JPA transaction
2026-03-16 17:01:35 [http-nio-8080-exec-7] DEBUG o.s.orm.jpa.JpaTransactionManager - Exposing JPA transaction as JDBC [org.springframework.orm.jpa.vendor.HibernateJpaDialect$HibernateConnectionHandle@38afad75]
2026-03-16 17:01:35 [http-nio-8080-exec-16] DEBUG o.s.orm.jpa.JpaTransactionManager - Opened new EntityManager [SessionImpl(1659024310<open>)] for JPA transaction
2026-03-16 17:01:35 [http-nio-8080-exec-16] DEBUG o.s.orm.jpa.JpaTransactionManager - Exposing JPA transaction as JDBC [org.springframework.orm.jpa.vendor.HibernateJpaDialect$HibernateConnectionHandle@251f5a91]
2026-03-16 17:01:35 [http-nio-8080-exec-7] DEBUG org.hibernate.SQL - select m1_0.menu_no,m1_0.menu_dc,m1_0.menu_nm,m1_0.menu_ordr,m1_0.modern_route,m1_0.progrm_file_nm,m1_0.relate_image_nm,m1_0.relate_image_path,m1_0.route_updated_at,m1_0.upper_menu_no from nmenuinfo m1_0 order by m1_0.upper_menu_no,m1_0.menu_ordr
2026-03-16 17:01:35 [http-nio-8080-exec-16] DEBUG org.hibernate.SQL - select m1_0.menu_no,m1_0.menu_dc,m1_0.menu_nm,m1_0.menu_ordr,m1_0.modern_route,m1_0.progrm_file_nm,m1_0.relate_image_nm,m1_0.relate_image_path,m1_0.route_updated_at,m1_0.upper_menu_no from nmenuinfo m1_0 order by m1_0.upper_menu_no,m1_0.menu_ordr
2026-03-16 17:01:35 [http-nio-8080-exec-18] DEBUG o.s.orm.jpa.JpaTransactionManager - Found thread-bound EntityManager [SessionImpl(1940686875<open>)] for JPA transaction
2026-03-16 17:01:35 [http-nio-8080-exec-18] DEBUG o.s.orm.jpa.JpaTransactionManager - Participating in existing transaction
2026-03-16 17:01:35 [http-nio-8080-exec-18] DEBUG org.hibernate.SQL - select p1_0.progrm_file_nm,p1_0.progrm_dc,p1_0.progrm_korean_nm,p1_0.progrm_stre_path,p1_0.url from nprogrmlist p1_0
2026-03-16 17:01:36 [http-nio-8080-exec-6] DEBUG o.s.orm.jpa.JpaTransactionManager - Found thread-bound EntityManager [SessionImpl(1552257440<open>)] for JPA transaction
2026-03-16 17:01:36 [http-nio-8080-exec-6] DEBUG o.s.orm.jpa.JpaTransactionManager - Participating in existing transaction
2026-03-16 17:01:36 [http-nio-8080-exec-6] DEBUG org.hibernate.SQL - select p1_0.progrm_file_nm,p1_0.progrm_dc,p1_0.progrm_korean_nm,p1_0.progrm_stre_path,p1_0.url from nprogrmlist p1_0
2026-03-16 17:01:36 [http-nio-8080-exec-1] DEBUG o.s.orm.jpa.JpaTransactionManager - Found thread-bound EntityManager [SessionImpl(1099979752<open>)] for JPA transaction
2026-03-16 17:01:36 [http-nio-8080-exec-1] DEBUG o.s.orm.jpa.JpaTransactionManager - Participating in existing transaction
2026-03-16 17:01:36 [http-nio-8080-exec-1] DEBUG org.hibernate.SQL - select p1_0.progrm_file_nm,p1_0.progrm_dc,p1_0.progrm_korean_nm,p1_0.progrm_stre_path,p1_0.url from nprogrmlist p1_0
2026-03-16 17:01:36 [http-nio-8080-exec-16] DEBUG o.s.orm.jpa.JpaTransactionManager - Found thread-bound EntityManager [SessionImpl(1659024310<open>)] for JPA transaction
2026-03-16 17:01:36 [http-nio-8080-exec-16] DEBUG o.s.orm.jpa.JpaTransactionManager - Participating in existing transaction
2026-03-16 17:01:36 [http-nio-8080-exec-18] DEBUG o.s.orm.jpa.JpaTransactionManager - Initiating transaction commit
2026-03-16 17:01:36 [http-nio-8080-exec-18] DEBUG o.s.orm.jpa.JpaTransactionManager - Committing JPA transaction on EntityManager [SessionImpl(1940686875<open>)]
2026-03-16 17:01:36 [http-nio-8080-exec-16] DEBUG org.hibernate.SQL - select p1_0.progrm_file_nm,p1_0.progrm_dc,p1_0.progrm_korean_nm,p1_0.progrm_stre_path,p1_0.url from nprogrmlist p1_0
2026-03-16 17:01:36 [http-nio-8080-exec-7] DEBUG o.s.orm.jpa.JpaTransactionManager - Found thread-bound EntityManager [SessionImpl(862646756<open>)] for JPA transaction
2026-03-16 17:01:36 [http-nio-8080-exec-7] DEBUG o.s.orm.jpa.JpaTransactionManager - Participating in existing transaction
2026-03-16 17:01:36 [http-nio-8080-exec-7] DEBUG org.hibernate.SQL - select p1_0.progrm_file_nm,p1_0.progrm_dc,p1_0.progrm_korean_nm,p1_0.progrm_stre_path,p1_0.url from nprogrmlist p1_0
2026-03-16 17:01:36 [http-nio-8080-exec-1] DEBUG o.s.orm.jpa.JpaTransactionManager - Initiating transaction commit
2026-03-16 17:01:36 [http-nio-8080-exec-1] DEBUG o.s.orm.jpa.JpaTransactionManager - Committing JPA transaction on EntityManager [SessionImpl(1099979752<open>)]
2026-03-16 17:01:36 [http-nio-8080-exec-18] DEBUG o.s.orm.jpa.JpaTransactionManager - Closing JPA EntityManager [SessionImpl(1940686875<open>)] after transaction
2026-03-16 17:01:36 [http-nio-8080-exec-18] INFO  c.c.p.a.c.menu.MenuController - getLeftMenu returned 3 items
2026-03-16 17:01:36 [http-nio-8080-exec-18] DEBUG o.s.w.s.m.m.a.HttpEntityMethodProcessor - Using 'application/json', given [application/json, text/plain, */*] and supported [application/json, application/*+json, application/yaml]
2026-03-16 17:01:36 [http-nio-8080-exec-18] TRACE o.s.w.s.m.m.a.HttpEntityMethodProcessor - Writing [ApiResponse[success=true, status=200, code=COMMON_001, message=Success, data={list=[com.company.project.service.menu.dto.MenuDto@435600ca, com.company.project.service.menu.dto.MenuDto@36428bb3, com.company.project.service.menu.dto.MenuDto@38071daf]}, timestamp=2026-03-16T17:01:36.273898400]]
2026-03-16 17:01:36 [http-nio-8080-exec-18] INFO  c.c.p.a.i.OperationalAuditInterceptor - API Audit Log: URL=/api/v1/menu/left, User=webmaster, IP=0:0:0:0:0:0:0:1
2026-03-16 17:01:36 [http-nio-8080-exec-18] DEBUG o.s.web.servlet.DispatcherServlet - Completed 200 OK
2026-03-16 17:01:36 [http-nio-8080-exec-16] DEBUG o.s.orm.jpa.JpaTransactionManager - Initiating transaction commit
2026-03-16 17:01:36 [http-nio-8080-exec-16] DEBUG o.s.orm.jpa.JpaTransactionManager - Committing JPA transaction on EntityManager [SessionImpl(1659024310<open>)]
2026-03-16 17:01:36 [http-nio-8080-exec-7] DEBUG o.s.orm.jpa.JpaTransactionManager - Initiating transaction commit
2026-03-16 17:01:36 [http-nio-8080-exec-7] DEBUG o.s.orm.jpa.JpaTransactionManager - Committing JPA transaction on EntityManager [SessionImpl(862646756<open>)]
2026-03-16 17:01:36 [http-nio-8080-exec-1] DEBUG o.s.orm.jpa.JpaTransactionManager - Closing JPA EntityManager [SessionImpl(1099979752<open>)] after transaction
2026-03-16 17:01:36 [http-nio-8080-exec-1] INFO  c.c.p.a.c.menu.MenuController - getLeftMenu returned 1 items
2026-03-16 17:01:36 [http-nio-8080-exec-1] DEBUG o.s.w.s.m.m.a.HttpEntityMethodProcessor - Using 'application/json', given [application/json, text/plain, */*] and supported [application/json, application/*+json, application/yaml]
2026-03-16 17:01:36 [http-nio-8080-exec-1] TRACE o.s.w.s.m.m.a.HttpEntityMethodProcessor - Writing [ApiResponse[success=true, status=200, code=COMMON_001, message=Success, data={list=[com.company.project.service.menu.dto.MenuDto@50925cb9]}, timestamp=2026-03-16T17:01:36.987961900]]
2026-03-16 17:01:36 [http-nio-8080-exec-1] INFO  c.c.p.a.i.OperationalAuditInterceptor - API Audit Log: URL=/api/v1/menu/left, User=webmaster, IP=0:0:0:0:0:0:0:1
2026-03-16 17:01:36 [http-nio-8080-exec-1] DEBUG o.s.web.servlet.DispatcherServlet - Completed 200 OK
2026-03-16 17:01:36 [http-nio-8080-exec-16] DEBUG o.s.orm.jpa.JpaTransactionManager - Closing JPA EntityManager [SessionImpl(1659024310<open>)] after transaction
2026-03-16 17:01:36 [http-nio-8080-exec-16] INFO  c.c.p.a.c.menu.MenuController - getLeftMenu returned 3 items
2026-03-16 17:01:36 [http-nio-8080-exec-16] DEBUG o.s.w.s.m.m.a.HttpEntityMethodProcessor - Using 'application/json', given [application/json, text/plain, */*] and supported [application/json, application/*+json, application/yaml]
2026-03-16 17:01:36 [http-nio-8080-exec-16] TRACE o.s.w.s.m.m.a.HttpEntityMethodProcessor - Writing [ApiResponse[success=true, status=200, code=COMMON_001, message=Success, data={list=[com.company.project.service.menu.dto.MenuDto@66e72453, com.company.project.service.menu.dto.MenuDto@7bd8d695, com.company.project.service.menu.dto.MenuDto@53b43af5]}, timestamp=2026-03-16T17:01:36.993993400]]
2026-03-16 17:01:36 [http-nio-8080-exec-16] INFO  c.c.p.a.i.OperationalAuditInterceptor - API Audit Log: URL=/api/v1/menu/left, User=webmaster, IP=0:0:0:0:0:0:0:1
2026-03-16 17:01:36 [http-nio-8080-exec-16] DEBUG o.s.web.servlet.DispatcherServlet - Completed 200 OK
2026-03-16 17:01:36 [http-nio-8080-exec-7] DEBUG o.s.orm.jpa.JpaTransactionManager - Closing JPA EntityManager [SessionImpl(862646756<open>)] after transaction
2026-03-16 17:01:36 [http-nio-8080-exec-7] INFO  c.c.p.a.c.menu.MenuController - getLeftMenu returned 5 items
2026-03-16 17:01:36 [http-nio-8080-exec-7] DEBUG o.s.w.s.m.m.a.HttpEntityMethodProcessor - Using 'application/json', given [application/json, text/plain, */*] and supported [application/json, application/*+json, application/yaml]
2026-03-16 17:01:36 [http-nio-8080-exec-7] TRACE o.s.w.s.m.m.a.HttpEntityMethodProcessor - Writing [ApiResponse[success=true, status=200, code=COMMON_001, message=Success, data={list=[com.company.project.service.menu.dto.MenuDto@64864eaf, com.company.project.service.menu.dto.MenuDto@2d8cd801, com.company.project.service.menu.dto.MenuDto@1a0cc40a, com.company.project.service.menu.dto.MenuDto@3dc667ee, com.company.project.service.menu.dto.MenuDto@6be3a5cf]}, timestamp=2026-03-16T17:01:36.999988900]]
2026-03-16 17:01:36 [http-nio-8080-exec-7] INFO  c.c.p.a.i.OperationalAuditInterceptor - API Audit Log: URL=/api/v1/menu/left, User=webmaster, IP=0:0:0:0:0:0:0:1
2026-03-16 17:01:36 [http-nio-8080-exec-7] DEBUG o.s.web.servlet.DispatcherServlet - Completed 200 OK
2026-03-16 17:01:39 [http-nio-8080-exec-6] DEBUG o.s.orm.jpa.JpaTransactionManager - Initiating transaction commit
2026-03-16 17:01:39 [http-nio-8080-exec-6] DEBUG o.s.orm.jpa.JpaTransactionManager - Committing JPA transaction on EntityManager [SessionImpl(1552257440<open>)]
2026-03-16 17:01:39 [http-nio-8080-exec-6] DEBUG o.s.orm.jpa.JpaTransactionManager - Closing JPA EntityManager [SessionImpl(1552257440<open>)] after transaction
2026-03-16 17:01:39 [http-nio-8080-exec-6] INFO  c.c.p.a.c.menu.MenuController - getLeftMenu returned 2 items
2026-03-16 17:01:39 [http-nio-8080-exec-6] DEBUG o.s.w.s.m.m.a.HttpEntityMethodProcessor - Using 'application/json', given [application/json, text/plain, */*] and supported [application/json, application/*+json, application/yaml]
2026-03-16 17:01:39 [http-nio-8080-exec-6] TRACE o.s.w.s.m.m.a.HttpEntityMethodProcessor - Writing [ApiResponse[success=true, status=200, code=COMMON_001, message=Success, data={list=[com.company.project.service.menu.dto.MenuDto@41561fd9, com.company.project.service.menu.dto.MenuDto@27a622e7]}, timestamp=2026-03-16T17:01:39.959743700]]
2026-03-16 17:01:39 [http-nio-8080-exec-6] INFO  c.c.p.a.i.OperationalAuditInterceptor - API Audit Log: URL=/api/v1/menu/left, User=webmaster, IP=0:0:0:0:0:0:0:1
2026-03-16 17:01:39 [http-nio-8080-exec-6] DEBUG o.s.web.servlet.DispatcherServlet - Completed 200 OK
2026-03-16 17:01:39 [http-nio-8080-exec-17] DEBUG o.s.w.s.h.LoggingWebSocketHandlerDecorator - WebSocketServerSockJsSession[id=s1vwis1p] closed with CloseStatus[code=1000, reason=null]
2026-03-16 17:01:39 [http-nio-8080-exec-17] DEBUG o.s.w.s.m.SubProtocolWebSocketHandler - Clearing session s1vwis1p
2026-03-16 17:01:39 [scheduling-1] DEBUG org.springframework.web.SimpLogging - Processing DISCONNECT session=s1vwis1p
2026-03-16 17:01:39 [scheduling-1] DEBUG o.s.w.s.m.SubProtocolWebSocketHandler - No session for GenericMessage [payload=byte[0], headers={simpMessageType=DISCONNECT_ACK, simpDisconnectMessage=GenericMessage [payload=byte[0], headers={simpMessageType=DISCONNECT, stompCommand=DISCONNECT, simpSessionAttributes={org.springframework.messaging.simp.SimpAttributes.COMPLETED=true}, simpSessionId=s1vwis1p}], simpSessionId=s1vwis1p}]
2026-03-16 17:01:41 [http-nio-8080-exec-3] DEBUG c.c.p.s.jwt.JwtAuthenticationFilter - >>> [JwtFilter] Processing request: GET /api/v1/menu/head
2026-03-16 17:01:41 [http-nio-8080-exec-13] DEBUG c.c.p.s.jwt.JwtAuthenticationFilter - >>> [JwtFilter] Processing request: GET /api/v1/admin/system/users
2026-03-16 17:01:41 [http-nio-8080-exec-3] DEBUG c.c.p.s.jwt.JwtAuthenticationFilter - >>> [JwtFilter] Found token in header for path: /api/v1/menu/head
2026-03-16 17:01:41 [http-nio-8080-exec-13] DEBUG c.c.p.s.jwt.JwtAuthenticationFilter - >>> [JwtFilter] Found token in header for path: /api/v1/admin/system/users
2026-03-16 17:01:41 [http-nio-8080-exec-13] DEBUG o.s.orm.jpa.JpaTransactionManager - Creating new transaction with name [com.company.project.security.iam.CustomUserDetailsService.loadUserByUsername]: PROPAGATION_REQUIRED,ISOLATION_DEFAULT,readOnly
2026-03-16 17:01:41 [http-nio-8080-exec-13] DEBUG o.s.orm.jpa.JpaTransactionManager - Opened new EntityManager [SessionImpl(1374469554<open>)] for JPA transaction
2026-03-16 17:01:41 [http-nio-8080-exec-3] DEBUG o.s.orm.jpa.JpaTransactionManager - Creating new transaction with name [com.company.project.security.iam.CustomUserDetailsService.loadUserByUsername]: PROPAGATION_REQUIRED,ISOLATION_DEFAULT,readOnly
2026-03-16 17:01:41 [http-nio-8080-exec-3] DEBUG o.s.orm.jpa.JpaTransactionManager - Opened new EntityManager [SessionImpl(925090759<open>)] for JPA transaction
2026-03-16 17:01:46 [MessageBroker-11] DEBUG o.s.w.s.s.t.h.DefaultSockJsService - Closed 1 sessions: [s1vwis1p]
2026-03-16 17:01:50 [http-nio-8080-exec-3] WARN  com.zaxxer.hikari.pool.PoolBase - HikariPool-1 - Failed to validate connection org.postgresql.jdbc.PgConnection@f525889 (This connection has been closed.). Possibly consider using a shorter maxLifetime value.
2026-03-16 17:01:50 [http-nio-8080-exec-13] WARN  com.zaxxer.hikari.pool.PoolBase - HikariPool-1 - Failed to validate connection org.postgresql.jdbc.PgConnection@366a80c9 (This connection has been closed.). Possibly consider using a shorter maxLifetime value.
2026-03-16 17:01:51 [http-nio-8080-exec-3] DEBUG o.s.orm.jpa.JpaTransactionManager - Exposing JPA transaction as JDBC [org.springframework.orm.jpa.vendor.HibernateJpaDialect$HibernateConnectionHandle@619d1447]
2026-03-16 17:01:51 [http-nio-8080-exec-3] DEBUG o.s.orm.jpa.JpaTransactionManager - Found thread-bound EntityManager [SessionImpl(925090759<open>)] for JPA transaction
2026-03-16 17:01:51 [http-nio-8080-exec-3] DEBUG o.s.orm.jpa.JpaTransactionManager - Participating in existing transaction
2026-03-16 17:01:51 [http-nio-8080-exec-3] DEBUG org.hibernate.SQL - select u1_0.emplyr_id,u1_0.area_no,u1_0.brthdy,u1_0.chg_pwd_cnt,u1_0.frst_register_id,u1_0.frst_regist_pnttm,u1_0.detail_adres,u1_0.email_adres,u1_0.emplyr_sttus_code,u1_0.empl_no,u1_0.esntl_id,u1_0.fxnum,u1_0.group_id,u1_0.house_adres,u1_0.house_end_telno,u1_0.house_middle_telno,u1_0.ihidnum,u1_0.pstinst_code,u1_0.last_updusr_id,u1_0.last_updt_pnttm,u1_0.lock_at,u1_0.lock_cnt,u1_0.lock_last_pnttm,u1_0.mbtlnum,u1_0.ofcps_nm,u1_0.offm_telno,u1_0.orgnzt_id,u1_0.password,u1_0.password_cnsr,u1_0.password_hint,u1_0.chg_pwd_last_pnttm,u1_0.role,u1_0.sbscrb_de,u1_0.sexdstn_code,u1_0.crtfc_dn_value,u1_0.user_nm,u1_0.zip from nemplyrinfo u1_0 where u1_0.emplyr_id=?
2026-03-16 17:01:51 [http-nio-8080-exec-13] DEBUG o.s.orm.jpa.JpaTransactionManager - Exposing JPA transaction as JDBC [org.springframework.orm.jpa.vendor.HibernateJpaDialect$HibernateConnectionHandle@2ba2e212]
2026-03-16 17:01:51 [http-nio-8080-exec-13] DEBUG o.s.orm.jpa.JpaTransactionManager - Found thread-bound EntityManager [SessionImpl(1374469554<open>)] for JPA transaction
2026-03-16 17:01:51 [http-nio-8080-exec-13] DEBUG o.s.orm.jpa.JpaTransactionManager - Participating in existing transaction
2026-03-16 17:01:51 [http-nio-8080-exec-13] DEBUG org.hibernate.SQL - select u1_0.emplyr_id,u1_0.area_no,u1_0.brthdy,u1_0.chg_pwd_cnt,u1_0.frst_register_id,u1_0.frst_regist_pnttm,u1_0.detail_adres,u1_0.email_adres,u1_0.emplyr_sttus_code,u1_0.empl_no,u1_0.esntl_id,u1_0.fxnum,u1_0.group_id,u1_0.house_adres,u1_0.house_end_telno,u1_0.house_middle_telno,u1_0.ihidnum,u1_0.pstinst_code,u1_0.last_updusr_id,u1_0.last_updt_pnttm,u1_0.lock_at,u1_0.lock_cnt,u1_0.lock_last_pnttm,u1_0.mbtlnum,u1_0.ofcps_nm,u1_0.offm_telno,u1_0.orgnzt_id,u1_0.password,u1_0.password_cnsr,u1_0.password_hint,u1_0.chg_pwd_last_pnttm,u1_0.role,u1_0.sbscrb_de,u1_0.sexdstn_code,u1_0.crtfc_dn_value,u1_0.user_nm,u1_0.zip from nemplyrinfo u1_0 where u1_0.emplyr_id=?
2026-03-16 17:01:51 [http-nio-8080-exec-3] DEBUG o.s.orm.jpa.JpaTransactionManager - Found thread-bound EntityManager [SessionImpl(925090759<open>)] for JPA transaction
2026-03-16 17:01:51 [http-nio-8080-exec-3] DEBUG o.s.orm.jpa.JpaTransactionManager - Participating in existing transaction
2026-03-16 17:01:51 [http-nio-8080-exec-3] DEBUG org.hibernate.SQL - select ua1_0.scrty_dtrmn_trget_id,ua1_0.author_code,ua1_0.frst_register_id,ua1_0.frst_regist_pnttm,ua1_0.last_updusr_id,ua1_0.last_updt_pnttm,ua1_0.mber_ty_code from nemplyrscrtyestbs ua1_0 where ua1_0.scrty_dtrmn_trget_id=?
2026-03-16 17:01:51 [http-nio-8080-exec-13] DEBUG o.s.orm.jpa.JpaTransactionManager - Found thread-bound EntityManager [SessionImpl(1374469554<open>)] for JPA transaction
2026-03-16 17:01:51 [http-nio-8080-exec-13] DEBUG o.s.orm.jpa.JpaTransactionManager - Participating in existing transaction
2026-03-16 17:01:51 [http-nio-8080-exec-13] DEBUG org.hibernate.SQL - select ua1_0.scrty_dtrmn_trget_id,ua1_0.author_code,ua1_0.frst_register_id,ua1_0.frst_regist_pnttm,ua1_0.last_updusr_id,ua1_0.last_updt_pnttm,ua1_0.mber_ty_code from nemplyrscrtyestbs ua1_0 where ua1_0.scrty_dtrmn_trget_id=?
2026-03-16 17:01:51 [http-nio-8080-exec-3] DEBUG o.s.orm.jpa.JpaTransactionManager - Initiating transaction commit
2026-03-16 17:01:51 [http-nio-8080-exec-3] DEBUG o.s.orm.jpa.JpaTransactionManager - Committing JPA transaction on EntityManager [SessionImpl(925090759<open>)]
2026-03-16 17:01:51 [http-nio-8080-exec-13] DEBUG o.s.orm.jpa.JpaTransactionManager - Initiating transaction commit
2026-03-16 17:01:51 [http-nio-8080-exec-13] DEBUG o.s.orm.jpa.JpaTransactionManager - Committing JPA transaction on EntityManager [SessionImpl(1374469554<open>)]
2026-03-16 17:01:51 [http-nio-8080-exec-3] DEBUG o.s.orm.jpa.JpaTransactionManager - Closing JPA EntityManager [SessionImpl(925090759<open>)] after transaction
2026-03-16 17:01:51 [http-nio-8080-exec-3] DEBUG c.c.p.s.jwt.JwtAuthenticationFilter - >>> [JwtFilter] Successfully authenticated user: USRCNFRM_99999999999, Authorities: [ROLE_ADMIN]
2026-03-16 17:01:51 [http-nio-8080-exec-3] DEBUG o.s.web.servlet.DispatcherServlet - GET "/api/v1/menu/head", parameters={}
2026-03-16 17:01:51 [http-nio-8080-exec-3] TRACE o.s.w.s.m.m.a.RequestMappingHandlerMapping - Mapped to com.company.project.api.controller.menu.MenuController#getHeadMenu()
2026-03-16 17:01:51 [http-nio-8080-exec-3] INFO  c.c.p.a.c.menu.MenuController - getHeadMenu called
2026-03-16 17:01:51 [http-nio-8080-exec-3] INFO  c.c.p.a.c.menu.MenuController - getHeadMenu returned 5 items
2026-03-16 17:01:51 [http-nio-8080-exec-3] DEBUG o.s.w.s.m.m.a.HttpEntityMethodProcessor - Using 'application/json', given [application/json, text/plain, */*] and supported [application/json, application/*+json, application/yaml]
2026-03-16 17:01:51 [http-nio-8080-exec-3] TRACE o.s.w.s.m.m.a.HttpEntityMethodProcessor - Writing [ApiResponse[success=true, status=200, code=COMMON_001, message=Success, data={list=[com.company.project.service.menu.dto.MenuDto@2b80d6b0, com.company.project.service.menu.dto.MenuDto@1418cfa3, com.company.project.service.menu.dto.MenuDto@f230bf1, com.company.project.service.menu.dto.MenuDto@734a7f6a, com.company.project.service.menu.dto.MenuDto@5e5202e5]}, timestamp=2026-03-16T17:01:51.584995600]]
2026-03-16 17:01:51 [http-nio-8080-exec-3] INFO  c.c.p.a.i.OperationalAuditInterceptor - API Audit Log: URL=/api/v1/menu/head, User=webmaster, IP=0:0:0:0:0:0:0:1
2026-03-16 17:01:51 [http-nio-8080-exec-3] DEBUG o.s.web.servlet.DispatcherServlet - Completed 200 OK
2026-03-16 17:01:51 [http-nio-8080-exec-4] DEBUG c.c.p.s.jwt.JwtAuthenticationFilter - >>> [JwtFilter] Processing request: GET /api/v1/menu/left
2026-03-16 17:01:51 [http-nio-8080-exec-4] DEBUG c.c.p.s.jwt.JwtAuthenticationFilter - >>> [JwtFilter] Found token in header for path: /api/v1/menu/left
2026-03-16 17:01:51 [http-nio-8080-exec-4] DEBUG o.s.orm.jpa.JpaTransactionManager - Creating new transaction with name [com.company.project.security.iam.CustomUserDetailsService.loadUserByUsername]: PROPAGATION_REQUIRED,ISOLATION_DEFAULT,readOnly
2026-03-16 17:01:51 [http-nio-8080-exec-4] DEBUG o.s.orm.jpa.JpaTransactionManager - Opened new EntityManager [SessionImpl(887589371<open>)] for JPA transaction
2026-03-16 17:01:51 [http-nio-8080-exec-4] DEBUG o.s.orm.jpa.JpaTransactionManager - Exposing JPA transaction as JDBC [org.springframework.orm.jpa.vendor.HibernateJpaDialect$HibernateConnectionHandle@6a2480cc]
2026-03-16 17:01:51 [http-nio-8080-exec-4] DEBUG o.s.orm.jpa.JpaTransactionManager - Found thread-bound EntityManager [SessionImpl(887589371<open>)] for JPA transaction
2026-03-16 17:01:51 [http-nio-8080-exec-4] DEBUG o.s.orm.jpa.JpaTransactionManager - Participating in existing transaction
2026-03-16 17:01:51 [http-nio-8080-exec-4] DEBUG org.hibernate.SQL - select u1_0.emplyr_id,u1_0.area_no,u1_0.brthdy,u1_0.chg_pwd_cnt,u1_0.frst_register_id,u1_0.frst_regist_pnttm,u1_0.detail_adres,u1_0.email_adres,u1_0.emplyr_sttus_code,u1_0.empl_no,u1_0.esntl_id,u1_0.fxnum,u1_0.group_id,u1_0.house_adres,u1_0.house_end_telno,u1_0.house_middle_telno,u1_0.ihidnum,u1_0.pstinst_code,u1_0.last_updusr_id,u1_0.last_updt_pnttm,u1_0.lock_at,u1_0.lock_cnt,u1_0.lock_last_pnttm,u1_0.mbtlnum,u1_0.ofcps_nm,u1_0.offm_telno,u1_0.orgnzt_id,u1_0.password,u1_0.password_cnsr,u1_0.password_hint,u1_0.chg_pwd_last_pnttm,u1_0.role,u1_0.sbscrb_de,u1_0.sexdstn_code,u1_0.crtfc_dn_value,u1_0.user_nm,u1_0.zip from nemplyrinfo u1_0 where u1_0.emplyr_id=?
2026-03-16 17:01:51 [http-nio-8080-exec-15] DEBUG c.c.p.s.jwt.JwtAuthenticationFilter - >>> [JwtFilter] Processing request: GET /api/v1/menu/left
2026-03-16 17:01:51 [http-nio-8080-exec-15] DEBUG c.c.p.s.jwt.JwtAuthenticationFilter - >>> [JwtFilter] Found token in header for path: /api/v1/menu/left
2026-03-16 17:01:51 [http-nio-8080-exec-12] DEBUG c.c.p.s.jwt.JwtAuthenticationFilter - >>> [JwtFilter] Processing request: GET /api/v1/menu/left
2026-03-16 17:01:51 [http-nio-8080-exec-12] DEBUG c.c.p.s.jwt.JwtAuthenticationFilter - >>> [JwtFilter] Found token in header for path: /api/v1/menu/left
2026-03-16 17:01:51 [http-nio-8080-exec-8] DEBUG c.c.p.s.jwt.JwtAuthenticationFilter - >>> [JwtFilter] Processing request: GET /api/v1/menu/left
2026-03-16 17:01:51 [http-nio-8080-exec-15] DEBUG o.s.orm.jpa.JpaTransactionManager - Creating new transaction with name [com.company.project.security.iam.CustomUserDetailsService.loadUserByUsername]: PROPAGATION_REQUIRED,ISOLATION_DEFAULT,readOnly
2026-03-16 17:01:51 [http-nio-8080-exec-12] DEBUG o.s.orm.jpa.JpaTransactionManager - Creating new transaction with name [com.company.project.security.iam.CustomUserDetailsService.loadUserByUsername]: PROPAGATION_REQUIRED,ISOLATION_DEFAULT,readOnly
2026-03-16 17:01:51 [http-nio-8080-exec-11] DEBUG c.c.p.s.jwt.JwtAuthenticationFilter - >>> [JwtFilter] Processing request: GET /api/v1/menu/left
2026-03-16 17:01:51 [http-nio-8080-exec-15] DEBUG o.s.orm.jpa.JpaTransactionManager - Opened new EntityManager [SessionImpl(635632531<open>)] for JPA transaction
2026-03-16 17:01:51 [http-nio-8080-exec-11] DEBUG c.c.p.s.jwt.JwtAuthenticationFilter - >>> [JwtFilter] Found token in header for path: /api/v1/menu/left
2026-03-16 17:01:51 [http-nio-8080-exec-8] DEBUG c.c.p.s.jwt.JwtAuthenticationFilter - >>> [JwtFilter] Found token in header for path: /api/v1/menu/left
2026-03-16 17:01:51 [http-nio-8080-exec-12] DEBUG o.s.orm.jpa.JpaTransactionManager - Opened new EntityManager [SessionImpl(632990606<open>)] for JPA transaction
2026-03-16 17:01:51 [http-nio-8080-exec-8] DEBUG o.s.orm.jpa.JpaTransactionManager - Creating new transaction with name [com.company.project.security.iam.CustomUserDetailsService.loadUserByUsername]: PROPAGATION_REQUIRED,ISOLATION_DEFAULT,readOnly
2026-03-16 17:01:51 [http-nio-8080-exec-8] DEBUG o.s.orm.jpa.JpaTransactionManager - Opened new EntityManager [SessionImpl(1403387277<open>)] for JPA transaction
2026-03-16 17:01:51 [http-nio-8080-exec-11] DEBUG o.s.orm.jpa.JpaTransactionManager - Creating new transaction with name [com.company.project.security.iam.CustomUserDetailsService.loadUserByUsername]: PROPAGATION_REQUIRED,ISOLATION_DEFAULT,readOnly
2026-03-16 17:01:51 [http-nio-8080-exec-11] DEBUG o.s.orm.jpa.JpaTransactionManager - Opened new EntityManager [SessionImpl(634812900<open>)] for JPA transaction
2026-03-16 17:01:51 [http-nio-8080-exec-13] DEBUG o.s.orm.jpa.JpaTransactionManager - Closing JPA EntityManager [SessionImpl(1374469554<open>)] after transaction
2026-03-16 17:01:51 [http-nio-8080-exec-13] DEBUG c.c.p.s.jwt.JwtAuthenticationFilter - >>> [JwtFilter] Successfully authenticated user: USRCNFRM_99999999999, Authorities: [ROLE_ADMIN]
2026-03-16 17:01:51 [http-nio-8080-exec-13] DEBUG o.s.web.servlet.DispatcherServlet - GET "/api/v1/admin/system/users?pageIndex=1&searchCondition=0&searchKeyword=&sbscrbSttus=", parameters={masked}
2026-03-16 17:01:51 [http-nio-8080-exec-13] TRACE o.s.w.s.m.m.a.RequestMappingHandlerMapping - Mapped to com.company.project.api.controller.system.UserApiController#getUsers(Pageable)
2026-03-16 17:01:51 [http-nio-8080-exec-13] DEBUG o.s.orm.jpa.JpaTransactionManager - Creating new transaction with name [com.company.project.service.usermanagement.UserManageService.selectUserList]: PROPAGATION_REQUIRED,ISOLATION_DEFAULT,readOnly
2026-03-16 17:01:51 [http-nio-8080-exec-13] DEBUG o.s.orm.jpa.JpaTransactionManager - Opened new EntityManager [SessionImpl(503601743<open>)] for JPA transaction
2026-03-16 17:01:51 [http-nio-8080-exec-13] DEBUG o.s.orm.jpa.JpaTransactionManager - Exposing JPA transaction as JDBC [org.springframework.orm.jpa.vendor.HibernateJpaDialect$HibernateConnectionHandle@8100200]
2026-03-16 17:01:51 [http-nio-8080-exec-13] DEBUG org.hibernate.SQL - select u1_0.emplyr_id,u1_0.area_no,u1_0.brthdy,u1_0.chg_pwd_cnt,u1_0.frst_register_id,u1_0.frst_regist_pnttm,u1_0.detail_adres,u1_0.email_adres,u1_0.emplyr_sttus_code,u1_0.empl_no,u1_0.esntl_id,u1_0.fxnum,u1_0.group_id,u1_0.house_adres,u1_0.house_end_telno,u1_0.house_middle_telno,u1_0.ihidnum,u1_0.pstinst_code,u1_0.last_updusr_id,u1_0.last_updt_pnttm,u1_0.lock_at,u1_0.lock_cnt,u1_0.lock_last_pnttm,u1_0.mbtlnum,u1_0.ofcps_nm,u1_0.offm_telno,u1_0.orgnzt_id,u1_0.password,u1_0.password_cnsr,u1_0.password_hint,u1_0.chg_pwd_last_pnttm,u1_0.role,u1_0.sbscrb_de,u1_0.sexdstn_code,u1_0.crtfc_dn_value,u1_0.user_nm,u1_0.zip from nemplyrinfo u1_0 order by u1_0.emplyr_id desc offset ? rows fetch first ? rows only
2026-03-16 17:01:51 [http-nio-8080-exec-4] DEBUG o.s.orm.jpa.JpaTransactionManager - Found thread-bound EntityManager [SessionImpl(887589371<open>)] for JPA transaction
2026-03-16 17:01:51 [http-nio-8080-exec-4] DEBUG o.s.orm.jpa.JpaTransactionManager - Participating in existing transaction
2026-03-16 17:01:51 [http-nio-8080-exec-4] DEBUG org.hibernate.SQL - select ua1_0.scrty_dtrmn_trget_id,ua1_0.author_code,ua1_0.frst_register_id,ua1_0.frst_regist_pnttm,ua1_0.last_updusr_id,ua1_0.last_updt_pnttm,ua1_0.mber_ty_code from nemplyrscrtyestbs ua1_0 where ua1_0.scrty_dtrmn_trget_id=?
2026-03-16 17:01:51 [http-nio-8080-exec-11] DEBUG o.s.orm.jpa.JpaTransactionManager - Exposing JPA transaction as JDBC [org.springframework.orm.jpa.vendor.HibernateJpaDialect$HibernateConnectionHandle@7a1197e6]
2026-03-16 17:01:51 [http-nio-8080-exec-11] DEBUG o.s.orm.jpa.JpaTransactionManager - Found thread-bound EntityManager [SessionImpl(634812900<open>)] for JPA transaction
2026-03-16 17:01:51 [http-nio-8080-exec-11] DEBUG o.s.orm.jpa.JpaTransactionManager - Participating in existing transaction
2026-03-16 17:01:51 [http-nio-8080-exec-8] DEBUG o.s.orm.jpa.JpaTransactionManager - Exposing JPA transaction as JDBC [org.springframework.orm.jpa.vendor.HibernateJpaDialect$HibernateConnectionHandle@56c821cb]
2026-03-16 17:01:51 [http-nio-8080-exec-11] DEBUG org.hibernate.SQL - select u1_0.emplyr_id,u1_0.area_no,u1_0.brthdy,u1_0.chg_pwd_cnt,u1_0.frst_register_id,u1_0.frst_regist_pnttm,u1_0.detail_adres,u1_0.email_adres,u1_0.emplyr_sttus_code,u1_0.empl_no,u1_0.esntl_id,u1_0.fxnum,u1_0.group_id,u1_0.house_adres,u1_0.house_end_telno,u1_0.house_middle_telno,u1_0.ihidnum,u1_0.pstinst_code,u1_0.last_updusr_id,u1_0.last_updt_pnttm,u1_0.lock_at,u1_0.lock_cnt,u1_0.lock_last_pnttm,u1_0.mbtlnum,u1_0.ofcps_nm,u1_0.offm_telno,u1_0.orgnzt_id,u1_0.password,u1_0.password_cnsr,u1_0.password_hint,u1_0.chg_pwd_last_pnttm,u1_0.role,u1_0.sbscrb_de,u1_0.sexdstn_code,u1_0.crtfc_dn_value,u1_0.user_nm,u1_0.zip from nemplyrinfo u1_0 where u1_0.emplyr_id=?
2026-03-16 17:01:51 [http-nio-8080-exec-8] DEBUG o.s.orm.jpa.JpaTransactionManager - Found thread-bound EntityManager [SessionImpl(1403387277<open>)] for JPA transaction
2026-03-16 17:01:51 [http-nio-8080-exec-8] DEBUG o.s.orm.jpa.JpaTransactionManager - Participating in existing transaction
2026-03-16 17:01:51 [http-nio-8080-exec-8] DEBUG org.hibernate.SQL - select u1_0.emplyr_id,u1_0.area_no,u1_0.brthdy,u1_0.chg_pwd_cnt,u1_0.frst_register_id,u1_0.frst_regist_pnttm,u1_0.detail_adres,u1_0.email_adres,u1_0.emplyr_sttus_code,u1_0.empl_no,u1_0.esntl_id,u1_0.fxnum,u1_0.group_id,u1_0.house_adres,u1_0.house_end_telno,u1_0.house_middle_telno,u1_0.ihidnum,u1_0.pstinst_code,u1_0.last_updusr_id,u1_0.last_updt_pnttm,u1_0.lock_at,u1_0.lock_cnt,u1_0.lock_last_pnttm,u1_0.mbtlnum,u1_0.ofcps_nm,u1_0.offm_telno,u1_0.orgnzt_id,u1_0.password,u1_0.password_cnsr,u1_0.password_hint,u1_0.chg_pwd_last_pnttm,u1_0.role,u1_0.sbscrb_de,u1_0.sexdstn_code,u1_0.crtfc_dn_value,u1_0.user_nm,u1_0.zip from nemplyrinfo u1_0 where u1_0.emplyr_id=?
2026-03-16 17:01:51 [http-nio-8080-exec-15] DEBUG o.s.orm.jpa.JpaTransactionManager - Exposing JPA transaction as JDBC [org.springframework.orm.jpa.vendor.HibernateJpaDialect$HibernateConnectionHandle@45dcdfc8]
2026-03-16 17:01:51 [http-nio-8080-exec-12] DEBUG o.s.orm.jpa.JpaTransactionManager - Exposing JPA transaction as JDBC [org.springframework.orm.jpa.vendor.HibernateJpaDialect$HibernateConnectionHandle@1fe5525b]
2026-03-16 17:01:51 [http-nio-8080-exec-15] DEBUG o.s.orm.jpa.JpaTransactionManager - Found thread-bound EntityManager [SessionImpl(635632531<open>)] for JPA transaction
2026-03-16 17:01:51 [http-nio-8080-exec-15] DEBUG o.s.orm.jpa.JpaTransactionManager - Participating in existing transaction
2026-03-16 17:01:51 [http-nio-8080-exec-12] DEBUG o.s.orm.jpa.JpaTransactionManager - Found thread-bound EntityManager [SessionImpl(632990606<open>)] for JPA transaction
2026-03-16 17:01:51 [http-nio-8080-exec-12] DEBUG o.s.orm.jpa.JpaTransactionManager - Participating in existing transaction
2026-03-16 17:01:51 [http-nio-8080-exec-15] DEBUG org.hibernate.SQL - select u1_0.emplyr_id,u1_0.area_no,u1_0.brthdy,u1_0.chg_pwd_cnt,u1_0.frst_register_id,u1_0.frst_regist_pnttm,u1_0.detail_adres,u1_0.email_adres,u1_0.emplyr_sttus_code,u1_0.empl_no,u1_0.esntl_id,u1_0.fxnum,u1_0.group_id,u1_0.house_adres,u1_0.house_end_telno,u1_0.house_middle_telno,u1_0.ihidnum,u1_0.pstinst_code,u1_0.last_updusr_id,u1_0.last_updt_pnttm,u1_0.lock_at,u1_0.lock_cnt,u1_0.lock_last_pnttm,u1_0.mbtlnum,u1_0.ofcps_nm,u1_0.offm_telno,u1_0.orgnzt_id,u1_0.password,u1_0.password_cnsr,u1_0.password_hint,u1_0.chg_pwd_last_pnttm,u1_0.role,u1_0.sbscrb_de,u1_0.sexdstn_code,u1_0.crtfc_dn_value,u1_0.user_nm,u1_0.zip from nemplyrinfo u1_0 where u1_0.emplyr_id=?
2026-03-16 17:01:51 [http-nio-8080-exec-12] DEBUG org.hibernate.SQL - select u1_0.emplyr_id,u1_0.area_no,u1_0.brthdy,u1_0.chg_pwd_cnt,u1_0.frst_register_id,u1_0.frst_regist_pnttm,u1_0.detail_adres,u1_0.email_adres,u1_0.emplyr_sttus_code,u1_0.empl_no,u1_0.esntl_id,u1_0.fxnum,u1_0.group_id,u1_0.house_adres,u1_0.house_end_telno,u1_0.house_middle_telno,u1_0.ihidnum,u1_0.pstinst_code,u1_0.last_updusr_id,u1_0.last_updt_pnttm,u1_0.lock_at,u1_0.lock_cnt,u1_0.lock_last_pnttm,u1_0.mbtlnum,u1_0.ofcps_nm,u1_0.offm_telno,u1_0.orgnzt_id,u1_0.password,u1_0.password_cnsr,u1_0.password_hint,u1_0.chg_pwd_last_pnttm,u1_0.role,u1_0.sbscrb_de,u1_0.sexdstn_code,u1_0.crtfc_dn_value,u1_0.user_nm,u1_0.zip from nemplyrinfo u1_0 where u1_0.emplyr_id=?
2026-03-16 17:01:51 [http-nio-8080-exec-13] DEBUG org.hibernate.SQL - select count(u1_0.emplyr_id) from nemplyrinfo u1_0
2026-03-16 17:01:51 [http-nio-8080-exec-4] DEBUG o.s.orm.jpa.JpaTransactionManager - Initiating transaction commit
2026-03-16 17:01:51 [http-nio-8080-exec-4] DEBUG o.s.orm.jpa.JpaTransactionManager - Committing JPA transaction on EntityManager [SessionImpl(887589371<open>)]
2026-03-16 17:01:51 [http-nio-8080-exec-11] DEBUG o.s.orm.jpa.JpaTransactionManager - Found thread-bound EntityManager [SessionImpl(634812900<open>)] for JPA transaction
2026-03-16 17:01:51 [http-nio-8080-exec-11] DEBUG o.s.orm.jpa.JpaTransactionManager - Participating in existing transaction
2026-03-16 17:01:51 [http-nio-8080-exec-11] DEBUG org.hibernate.SQL - select ua1_0.scrty_dtrmn_trget_id,ua1_0.author_code,ua1_0.frst_register_id,ua1_0.frst_regist_pnttm,ua1_0.last_updusr_id,ua1_0.last_updt_pnttm,ua1_0.mber_ty_code from nemplyrscrtyestbs ua1_0 where ua1_0.scrty_dtrmn_trget_id=?
2026-03-16 17:01:51 [http-nio-8080-exec-8] DEBUG o.s.orm.jpa.JpaTransactionManager - Found thread-bound EntityManager [SessionImpl(1403387277<open>)] for JPA transaction
2026-03-16 17:01:51 [http-nio-8080-exec-8] DEBUG o.s.orm.jpa.JpaTransactionManager - Participating in existing transaction
2026-03-16 17:01:51 [http-nio-8080-exec-8] DEBUG org.hibernate.SQL - select ua1_0.scrty_dtrmn_trget_id,ua1_0.author_code,ua1_0.frst_register_id,ua1_0.frst_regist_pnttm,ua1_0.last_updusr_id,ua1_0.last_updt_pnttm,ua1_0.mber_ty_code from nemplyrscrtyestbs ua1_0 where ua1_0.scrty_dtrmn_trget_id=?
2026-03-16 17:01:51 [http-nio-8080-exec-15] DEBUG o.s.orm.jpa.JpaTransactionManager - Found thread-bound EntityManager [SessionImpl(635632531<open>)] for JPA transaction
2026-03-16 17:01:51 [http-nio-8080-exec-12] DEBUG o.s.orm.jpa.JpaTransactionManager - Found thread-bound EntityManager [SessionImpl(632990606<open>)] for JPA transaction
2026-03-16 17:01:51 [http-nio-8080-exec-15] DEBUG o.s.orm.jpa.JpaTransactionManager - Participating in existing transaction
2026-03-16 17:01:51 [http-nio-8080-exec-15] DEBUG org.hibernate.SQL - select ua1_0.scrty_dtrmn_trget_id,ua1_0.author_code,ua1_0.frst_register_id,ua1_0.frst_regist_pnttm,ua1_0.last_updusr_id,ua1_0.last_updt_pnttm,ua1_0.mber_ty_code from nemplyrscrtyestbs ua1_0 where ua1_0.scrty_dtrmn_trget_id=?
2026-03-16 17:01:51 [http-nio-8080-exec-12] DEBUG o.s.orm.jpa.JpaTransactionManager - Participating in existing transaction
2026-03-16 17:01:51 [http-nio-8080-exec-12] DEBUG org.hibernate.SQL - select ua1_0.scrty_dtrmn_trget_id,ua1_0.author_code,ua1_0.frst_register_id,ua1_0.frst_regist_pnttm,ua1_0.last_updusr_id,ua1_0.last_updt_pnttm,ua1_0.mber_ty_code from nemplyrscrtyestbs ua1_0 where ua1_0.scrty_dtrmn_trget_id=?
2026-03-16 17:01:51 [http-nio-8080-exec-13] DEBUG o.s.orm.jpa.JpaTransactionManager - Initiating transaction commit
2026-03-16 17:01:51 [http-nio-8080-exec-13] DEBUG o.s.orm.jpa.JpaTransactionManager - Committing JPA transaction on EntityManager [SessionImpl(503601743<open>)]
2026-03-16 17:01:52 [http-nio-8080-exec-4] DEBUG o.s.orm.jpa.JpaTransactionManager - Closing JPA EntityManager [SessionImpl(887589371<open>)] after transaction
2026-03-16 17:01:52 [http-nio-8080-exec-4] DEBUG c.c.p.s.jwt.JwtAuthenticationFilter - >>> [JwtFilter] Successfully authenticated user: USRCNFRM_99999999999, Authorities: [ROLE_ADMIN]
2026-03-16 17:01:52 [http-nio-8080-exec-11] DEBUG o.s.orm.jpa.JpaTransactionManager - Initiating transaction commit
2026-03-16 17:01:52 [http-nio-8080-exec-11] DEBUG o.s.orm.jpa.JpaTransactionManager - Committing JPA transaction on EntityManager [SessionImpl(634812900<open>)]
2026-03-16 17:01:52 [http-nio-8080-exec-4] DEBUG o.s.web.servlet.DispatcherServlet - GET "/api/v1/menu/left?menuNo=10", parameters={masked}
2026-03-16 17:01:52 [http-nio-8080-exec-4] TRACE o.s.w.s.m.m.a.RequestMappingHandlerMapping - Mapped to com.company.project.api.controller.menu.MenuController#getLeftMenu(Long)
2026-03-16 17:01:52 [http-nio-8080-exec-8] DEBUG o.s.orm.jpa.JpaTransactionManager - Initiating transaction commit
2026-03-16 17:01:52 [http-nio-8080-exec-8] DEBUG o.s.orm.jpa.JpaTransactionManager - Committing JPA transaction on EntityManager [SessionImpl(1403387277<open>)]
2026-03-16 17:01:52 [http-nio-8080-exec-4] INFO  c.c.p.a.c.menu.MenuController - getLeftMenu called with menuNo=10
2026-03-16 17:01:52 [http-nio-8080-exec-4] DEBUG o.s.orm.jpa.JpaTransactionManager - Creating new transaction with name [com.company.project.service.menu.MenuService.getSubMenus]: PROPAGATION_REQUIRED,ISOLATION_DEFAULT,readOnly
2026-03-16 17:01:52 [http-nio-8080-exec-4] DEBUG o.s.orm.jpa.JpaTransactionManager - Opened new EntityManager [SessionImpl(1823988988<open>)] for JPA transaction
2026-03-16 17:01:52 [http-nio-8080-exec-4] DEBUG o.s.orm.jpa.JpaTransactionManager - Exposing JPA transaction as JDBC [org.springframework.orm.jpa.vendor.HibernateJpaDialect$HibernateConnectionHandle@68bc329a]
2026-03-16 17:01:52 [http-nio-8080-exec-4] DEBUG org.hibernate.SQL - select m1_0.menu_no,m1_0.menu_dc,m1_0.menu_nm,m1_0.menu_ordr,m1_0.modern_route,m1_0.progrm_file_nm,m1_0.relate_image_nm,m1_0.relate_image_path,m1_0.route_updated_at,m1_0.upper_menu_no from nmenuinfo m1_0 order by m1_0.upper_menu_no,m1_0.menu_ordr
2026-03-16 17:01:52 [http-nio-8080-exec-12] DEBUG o.s.orm.jpa.JpaTransactionManager - Initiating transaction commit
2026-03-16 17:01:52 [http-nio-8080-exec-12] DEBUG o.s.orm.jpa.JpaTransactionManager - Committing JPA transaction on EntityManager [SessionImpl(632990606<open>)]
2026-03-16 17:01:52 [http-nio-8080-exec-15] DEBUG o.s.orm.jpa.JpaTransactionManager - Initiating transaction commit
2026-03-16 17:01:52 [http-nio-8080-exec-15] DEBUG o.s.orm.jpa.JpaTransactionManager - Committing JPA transaction on EntityManager [SessionImpl(635632531<open>)]
2026-03-16 17:01:52 [http-nio-8080-exec-13] DEBUG o.s.orm.jpa.JpaTransactionManager - Closing JPA EntityManager [SessionImpl(503601743<open>)] after transaction
2026-03-16 17:01:52 [http-nio-8080-exec-13] DEBUG o.s.orm.jpa.JpaTransactionManager - Creating new transaction with name [com.company.project.service.usermanagement.UserManageService.selectUserListTotCnt]: PROPAGATION_REQUIRED,ISOLATION_DEFAULT,readOnly
2026-03-16 17:01:52 [http-nio-8080-exec-13] DEBUG o.s.orm.jpa.JpaTransactionManager - Opened new EntityManager [SessionImpl(1069237397<open>)] for JPA transaction
2026-03-16 17:01:52 [http-nio-8080-exec-13] DEBUG o.s.orm.jpa.JpaTransactionManager - Exposing JPA transaction as JDBC [org.springframework.orm.jpa.vendor.HibernateJpaDialect$HibernateConnectionHandle@48d1a494]
2026-03-16 17:01:52 [http-nio-8080-exec-13] DEBUG org.hibernate.SQL - select u1_0.emplyr_id,u1_0.area_no,u1_0.brthdy,u1_0.chg_pwd_cnt,u1_0.frst_register_id,u1_0.frst_regist_pnttm,u1_0.detail_adres,u1_0.email_adres,u1_0.emplyr_sttus_code,u1_0.empl_no,u1_0.esntl_id,u1_0.fxnum,u1_0.group_id,u1_0.house_adres,u1_0.house_end_telno,u1_0.house_middle_telno,u1_0.ihidnum,u1_0.pstinst_code,u1_0.last_updusr_id,u1_0.last_updt_pnttm,u1_0.lock_at,u1_0.lock_cnt,u1_0.lock_last_pnttm,u1_0.mbtlnum,u1_0.ofcps_nm,u1_0.offm_telno,u1_0.orgnzt_id,u1_0.password,u1_0.password_cnsr,u1_0.password_hint,u1_0.chg_pwd_last_pnttm,u1_0.role,u1_0.sbscrb_de,u1_0.sexdstn_code,u1_0.crtfc_dn_value,u1_0.user_nm,u1_0.zip from nemplyrinfo u1_0 order by u1_0.emplyr_id desc offset ? rows fetch first ? rows only
2026-03-16 17:01:52 [http-nio-8080-exec-8] DEBUG o.s.orm.jpa.JpaTransactionManager - Closing JPA EntityManager [SessionImpl(1403387277<open>)] after transaction
2026-03-16 17:01:52 [http-nio-8080-exec-11] DEBUG o.s.orm.jpa.JpaTransactionManager - Closing JPA EntityManager [SessionImpl(634812900<open>)] after transaction
2026-03-16 17:01:52 [http-nio-8080-exec-8] DEBUG c.c.p.s.jwt.JwtAuthenticationFilter - >>> [JwtFilter] Successfully authenticated user: USRCNFRM_99999999999, Authorities: [ROLE_ADMIN]
2026-03-16 17:01:52 [http-nio-8080-exec-11] DEBUG c.c.p.s.jwt.JwtAuthenticationFilter - >>> [JwtFilter] Successfully authenticated user: USRCNFRM_99999999999, Authorities: [ROLE_ADMIN]
2026-03-16 17:01:52 [http-nio-8080-exec-8] DEBUG o.s.web.servlet.DispatcherServlet - GET "/api/v1/menu/left?menuNo=50", parameters={masked}
2026-03-16 17:01:52 [http-nio-8080-exec-11] DEBUG o.s.web.servlet.DispatcherServlet - GET "/api/v1/menu/left?menuNo=60", parameters={masked}
2026-03-16 17:01:52 [http-nio-8080-exec-8] TRACE o.s.w.s.m.m.a.RequestMappingHandlerMapping - Mapped to com.company.project.api.controller.menu.MenuController#getLeftMenu(Long)
2026-03-16 17:01:52 [http-nio-8080-exec-11] TRACE o.s.w.s.m.m.a.RequestMappingHandlerMapping - Mapped to com.company.project.api.controller.menu.MenuController#getLeftMenu(Long)
2026-03-16 17:01:52 [http-nio-8080-exec-8] INFO  c.c.p.a.c.menu.MenuController - getLeftMenu called with menuNo=50
2026-03-16 17:01:52 [http-nio-8080-exec-11] INFO  c.c.p.a.c.menu.MenuController - getLeftMenu called with menuNo=60
2026-03-16 17:01:52 [http-nio-8080-exec-11] DEBUG o.s.orm.jpa.JpaTransactionManager - Creating new transaction with name [com.company.project.service.menu.MenuService.getSubMenus]: PROPAGATION_REQUIRED,ISOLATION_DEFAULT,readOnly
2026-03-16 17:01:52 [http-nio-8080-exec-8] DEBUG o.s.orm.jpa.JpaTransactionManager - Creating new transaction with name [com.company.project.service.menu.MenuService.getSubMenus]: PROPAGATION_REQUIRED,ISOLATION_DEFAULT,readOnly
2026-03-16 17:01:52 [http-nio-8080-exec-11] DEBUG o.s.orm.jpa.JpaTransactionManager - Opened new EntityManager [SessionImpl(448021321<open>)] for JPA transaction
2026-03-16 17:01:52 [http-nio-8080-exec-8] DEBUG o.s.orm.jpa.JpaTransactionManager - Opened new EntityManager [SessionImpl(1293527195<open>)] for JPA transaction
2026-03-16 17:01:52 [http-nio-8080-exec-11] DEBUG o.s.orm.jpa.JpaTransactionManager - Exposing JPA transaction as JDBC [org.springframework.orm.jpa.vendor.HibernateJpaDialect$HibernateConnectionHandle@525c0a7c]
2026-03-16 17:01:52 [http-nio-8080-exec-8] DEBUG o.s.orm.jpa.JpaTransactionManager - Exposing JPA transaction as JDBC [org.springframework.orm.jpa.vendor.HibernateJpaDialect$HibernateConnectionHandle@6becfb9a]
2026-03-16 17:01:52 [http-nio-8080-exec-8] DEBUG org.hibernate.SQL - select m1_0.menu_no,m1_0.menu_dc,m1_0.menu_nm,m1_0.menu_ordr,m1_0.modern_route,m1_0.progrm_file_nm,m1_0.relate_image_nm,m1_0.relate_image_path,m1_0.route_updated_at,m1_0.upper_menu_no from nmenuinfo m1_0 order by m1_0.upper_menu_no,m1_0.menu_ordr
2026-03-16 17:01:52 [http-nio-8080-exec-11] DEBUG org.hibernate.SQL - select m1_0.menu_no,m1_0.menu_dc,m1_0.menu_nm,m1_0.menu_ordr,m1_0.modern_route,m1_0.progrm_file_nm,m1_0.relate_image_nm,m1_0.relate_image_path,m1_0.route_updated_at,m1_0.upper_menu_no from nmenuinfo m1_0 order by m1_0.upper_menu_no,m1_0.menu_ordr
2026-03-16 17:01:52 [http-nio-8080-exec-12] DEBUG o.s.orm.jpa.JpaTransactionManager - Closing JPA EntityManager [SessionImpl(632990606<open>)] after transaction
2026-03-16 17:01:52 [http-nio-8080-exec-12] DEBUG c.c.p.s.jwt.JwtAuthenticationFilter - >>> [JwtFilter] Successfully authenticated user: USRCNFRM_99999999999, Authorities: [ROLE_ADMIN]
2026-03-16 17:01:52 [http-nio-8080-exec-12] DEBUG o.s.web.servlet.DispatcherServlet - GET "/api/v1/menu/left?menuNo=40", parameters={masked}
2026-03-16 17:01:52 [http-nio-8080-exec-12] TRACE o.s.w.s.m.m.a.RequestMappingHandlerMapping - Mapped to com.company.project.api.controller.menu.MenuController#getLeftMenu(Long)
2026-03-16 17:01:52 [http-nio-8080-exec-12] INFO  c.c.p.a.c.menu.MenuController - getLeftMenu called with menuNo=40
2026-03-16 17:01:52 [http-nio-8080-exec-12] DEBUG o.s.orm.jpa.JpaTransactionManager - Creating new transaction with name [com.company.project.service.menu.MenuService.getSubMenus]: PROPAGATION_REQUIRED,ISOLATION_DEFAULT,readOnly
2026-03-16 17:01:52 [http-nio-8080-exec-12] DEBUG o.s.orm.jpa.JpaTransactionManager - Opened new EntityManager [SessionImpl(217458757<open>)] for JPA transaction
2026-03-16 17:01:52 [http-nio-8080-exec-12] DEBUG o.s.orm.jpa.JpaTransactionManager - Exposing JPA transaction as JDBC [org.springframework.orm.jpa.vendor.HibernateJpaDialect$HibernateConnectionHandle@3741d90a]
2026-03-16 17:01:52 [http-nio-8080-exec-12] DEBUG org.hibernate.SQL - select m1_0.menu_no,m1_0.menu_dc,m1_0.menu_nm,m1_0.menu_ordr,m1_0.modern_route,m1_0.progrm_file_nm,m1_0.relate_image_nm,m1_0.relate_image_path,m1_0.route_updated_at,m1_0.upper_menu_no from nmenuinfo m1_0 order by m1_0.upper_menu_no,m1_0.menu_ordr
2026-03-16 17:01:52 [http-nio-8080-exec-15] DEBUG o.s.orm.jpa.JpaTransactionManager - Closing JPA EntityManager [SessionImpl(635632531<open>)] after transaction
2026-03-16 17:01:52 [http-nio-8080-exec-15] DEBUG c.c.p.s.jwt.JwtAuthenticationFilter - >>> [JwtFilter] Successfully authenticated user: USRCNFRM_99999999999, Authorities: [ROLE_ADMIN]
2026-03-16 17:01:52 [http-nio-8080-exec-15] DEBUG o.s.web.servlet.DispatcherServlet - GET "/api/v1/menu/left?menuNo=20", parameters={masked}
2026-03-16 17:01:52 [http-nio-8080-exec-15] TRACE o.s.w.s.m.m.a.RequestMappingHandlerMapping - Mapped to com.company.project.api.controller.menu.MenuController#getLeftMenu(Long)
2026-03-16 17:01:52 [http-nio-8080-exec-15] INFO  c.c.p.a.c.menu.MenuController - getLeftMenu called with menuNo=20
2026-03-16 17:01:52 [http-nio-8080-exec-15] DEBUG o.s.orm.jpa.JpaTransactionManager - Creating new transaction with name [com.company.project.service.menu.MenuService.getSubMenus]: PROPAGATION_REQUIRED,ISOLATION_DEFAULT,readOnly
2026-03-16 17:01:52 [http-nio-8080-exec-15] DEBUG o.s.orm.jpa.JpaTransactionManager - Opened new EntityManager [SessionImpl(1459704237<open>)] for JPA transaction
2026-03-16 17:01:52 [http-nio-8080-exec-15] DEBUG o.s.orm.jpa.JpaTransactionManager - Exposing JPA transaction as JDBC [org.springframework.orm.jpa.vendor.HibernateJpaDialect$HibernateConnectionHandle@3f15b80f]
2026-03-16 17:01:52 [http-nio-8080-exec-15] DEBUG org.hibernate.SQL - select m1_0.menu_no,m1_0.menu_dc,m1_0.menu_nm,m1_0.menu_ordr,m1_0.modern_route,m1_0.progrm_file_nm,m1_0.relate_image_nm,m1_0.relate_image_path,m1_0.route_updated_at,m1_0.upper_menu_no from nmenuinfo m1_0 order by m1_0.upper_menu_no,m1_0.menu_ordr
2026-03-16 17:01:52 [http-nio-8080-exec-13] DEBUG org.hibernate.SQL - select count(u1_0.emplyr_id) from nemplyrinfo u1_0
2026-03-16 17:01:52 [http-nio-8080-exec-4] DEBUG o.s.orm.jpa.JpaTransactionManager - Found thread-bound EntityManager [SessionImpl(1823988988<open>)] for JPA transaction
2026-03-16 17:01:52 [http-nio-8080-exec-4] DEBUG o.s.orm.jpa.JpaTransactionManager - Participating in existing transaction
2026-03-16 17:01:52 [http-nio-8080-exec-4] DEBUG org.hibernate.SQL - select p1_0.progrm_file_nm,p1_0.progrm_dc,p1_0.progrm_korean_nm,p1_0.progrm_stre_path,p1_0.url from nprogrmlist p1_0
2026-03-16 17:01:52 [http-nio-8080-exec-13] DEBUG o.s.orm.jpa.JpaTransactionManager - Initiating transaction commit
2026-03-16 17:01:52 [http-nio-8080-exec-13] DEBUG o.s.orm.jpa.JpaTransactionManager - Committing JPA transaction on EntityManager [SessionImpl(1069237397<open>)]
2026-03-16 17:01:52 [http-nio-8080-exec-8] DEBUG o.s.orm.jpa.JpaTransactionManager - Found thread-bound EntityManager [SessionImpl(1293527195<open>)] for JPA transaction
2026-03-16 17:01:52 [http-nio-8080-exec-8] DEBUG o.s.orm.jpa.JpaTransactionManager - Participating in existing transaction
2026-03-16 17:01:52 [http-nio-8080-exec-8] DEBUG org.hibernate.SQL - select p1_0.progrm_file_nm,p1_0.progrm_dc,p1_0.progrm_korean_nm,p1_0.progrm_stre_path,p1_0.url from nprogrmlist p1_0
2026-03-16 17:01:52 [http-nio-8080-exec-4] DEBUG o.s.orm.jpa.JpaTransactionManager - Initiating transaction commit
2026-03-16 17:01:52 [http-nio-8080-exec-4] DEBUG o.s.orm.jpa.JpaTransactionManager - Committing JPA transaction on EntityManager [SessionImpl(1823988988<open>)]
2026-03-16 17:01:52 [http-nio-8080-exec-15] DEBUG o.s.orm.jpa.JpaTransactionManager - Found thread-bound EntityManager [SessionImpl(1459704237<open>)] for JPA transaction
2026-03-16 17:01:52 [http-nio-8080-exec-15] DEBUG o.s.orm.jpa.JpaTransactionManager - Participating in existing transaction
2026-03-16 17:01:52 [http-nio-8080-exec-15] DEBUG org.hibernate.SQL - select p1_0.progrm_file_nm,p1_0.progrm_dc,p1_0.progrm_korean_nm,p1_0.progrm_stre_path,p1_0.url from nprogrmlist p1_0
2026-03-16 17:01:52 [http-nio-8080-exec-12] DEBUG o.s.orm.jpa.JpaTransactionManager - Found thread-bound EntityManager [SessionImpl(217458757<open>)] for JPA transaction
2026-03-16 17:01:52 [http-nio-8080-exec-12] DEBUG o.s.orm.jpa.JpaTransactionManager - Participating in existing transaction
2026-03-16 17:01:52 [http-nio-8080-exec-12] DEBUG org.hibernate.SQL - select p1_0.progrm_file_nm,p1_0.progrm_dc,p1_0.progrm_korean_nm,p1_0.progrm_stre_path,p1_0.url from nprogrmlist p1_0
2026-03-16 17:01:52 [http-nio-8080-exec-13] DEBUG o.s.orm.jpa.JpaTransactionManager - Closing JPA EntityManager [SessionImpl(1069237397<open>)] after transaction
2026-03-16 17:01:52 [http-nio-8080-exec-13] DEBUG o.s.w.s.m.m.a.HttpEntityMethodProcessor - Using 'application/json', given [application/json, text/plain, */*] and supported [application/json, application/*+json, application/yaml]
2026-03-16 17:01:52 [http-nio-8080-exec-13] TRACE o.s.w.s.m.m.a.HttpEntityMethodProcessor - Writing [ApiResponse[success=true, status=200, code=COMMON_001, message=Success, data=com.company.project.core.response.PageResponse@7c4f49ed, timestamp=2026-03-16T17:01:52.562484700]]
2026-03-16 17:01:52 [http-nio-8080-exec-13] INFO  c.c.p.a.i.OperationalAuditInterceptor - API Audit Log: URL=/api/v1/admin/system/users, User=webmaster, IP=0:0:0:0:0:0:0:1
2026-03-16 17:01:52 [http-nio-8080-exec-13] DEBUG o.s.web.servlet.DispatcherServlet - Completed 200 OK
2026-03-16 17:01:52 [http-nio-8080-exec-4] DEBUG o.s.orm.jpa.JpaTransactionManager - Closing JPA EntityManager [SessionImpl(1823988988<open>)] after transaction
2026-03-16 17:01:52 [http-nio-8080-exec-4] INFO  c.c.p.a.c.menu.MenuController - getLeftMenu returned 5 items
2026-03-16 17:01:52 [http-nio-8080-exec-4] DEBUG o.s.w.s.m.m.a.HttpEntityMethodProcessor - Using 'application/json', given [application/json, text/plain, */*] and supported [application/json, application/*+json, application/yaml]
2026-03-16 17:01:52 [http-nio-8080-exec-4] TRACE o.s.w.s.m.m.a.HttpEntityMethodProcessor - Writing [ApiResponse[success=true, status=200, code=COMMON_001, message=Success, data={list=[com.company.project.service.menu.dto.MenuDto@61766c67, com.company.project.service.menu.dto.MenuDto@d425b89, com.company.project.service.menu.dto.MenuDto@66b7a825, com.company.project.service.menu.dto.MenuDto@280fc0aa, com.company.project.service.menu.dto.MenuDto@7ac89498]}, timestamp=2026-03-16T17:01:52.671622100]]
2026-03-16 17:01:52 [http-nio-8080-exec-4] INFO  c.c.p.a.i.OperationalAuditInterceptor - API Audit Log: URL=/api/v1/menu/left, User=webmaster, IP=0:0:0:0:0:0:0:1
2026-03-16 17:01:52 [http-nio-8080-exec-8] DEBUG o.s.orm.jpa.JpaTransactionManager - Initiating transaction commit
2026-03-16 17:01:52 [http-nio-8080-exec-4] DEBUG o.s.web.servlet.DispatcherServlet - Completed 200 OK
2026-03-16 17:01:52 [http-nio-8080-exec-8] DEBUG o.s.orm.jpa.JpaTransactionManager - Committing JPA transaction on EntityManager [SessionImpl(1293527195<open>)]
2026-03-16 17:01:52 [http-nio-8080-exec-15] DEBUG o.s.orm.jpa.JpaTransactionManager - Initiating transaction commit
2026-03-16 17:01:52 [http-nio-8080-exec-15] DEBUG o.s.orm.jpa.JpaTransactionManager - Committing JPA transaction on EntityManager [SessionImpl(1459704237<open>)]
2026-03-16 17:01:52 [http-nio-8080-exec-12] DEBUG o.s.orm.jpa.JpaTransactionManager - Initiating transaction commit
2026-03-16 17:01:52 [http-nio-8080-exec-12] DEBUG o.s.orm.jpa.JpaTransactionManager - Committing JPA transaction on EntityManager [SessionImpl(217458757<open>)]
2026-03-16 17:01:52 [http-nio-8080-exec-11] DEBUG o.s.orm.jpa.JpaTransactionManager - Found thread-bound EntityManager [SessionImpl(448021321<open>)] for JPA transaction
2026-03-16 17:01:52 [http-nio-8080-exec-11] DEBUG o.s.orm.jpa.JpaTransactionManager - Participating in existing transaction
2026-03-16 17:01:52 [http-nio-8080-exec-11] DEBUG org.hibernate.SQL - select p1_0.progrm_file_nm,p1_0.progrm_dc,p1_0.progrm_korean_nm,p1_0.progrm_stre_path,p1_0.url from nprogrmlist p1_0
2026-03-16 17:01:52 [http-nio-8080-exec-8] DEBUG o.s.orm.jpa.JpaTransactionManager - Closing JPA EntityManager [SessionImpl(1293527195<open>)] after transaction
2026-03-16 17:01:52 [http-nio-8080-exec-8] INFO  c.c.p.a.c.menu.MenuController - getLeftMenu returned 3 items
2026-03-16 17:01:52 [http-nio-8080-exec-8] DEBUG o.s.w.s.m.m.a.HttpEntityMethodProcessor - Using 'application/json', given [application/json, text/plain, */*] and supported [application/json, application/*+json, application/yaml]
2026-03-16 17:01:52 [http-nio-8080-exec-8] TRACE o.s.w.s.m.m.a.HttpEntityMethodProcessor - Writing [ApiResponse[success=true, status=200, code=COMMON_001, message=Success, data={list=[com.company.project.service.menu.dto.MenuDto@7b02e5c1, com.company.project.service.menu.dto.MenuDto@7ec5828b, com.company.project.service.menu.dto.MenuDto@65fef11]}, timestamp=2026-03-16T17:01:52.820954700]]
2026-03-16 17:01:52 [http-nio-8080-exec-8] INFO  c.c.p.a.i.OperationalAuditInterceptor - API Audit Log: URL=/api/v1/menu/left, User=webmaster, IP=0:0:0:0:0:0:0:1
2026-03-16 17:01:52 [http-nio-8080-exec-8] DEBUG o.s.web.servlet.DispatcherServlet - Completed 200 OK
2026-03-16 17:01:52 [http-nio-8080-exec-15] DEBUG o.s.orm.jpa.JpaTransactionManager - Closing JPA EntityManager [SessionImpl(1459704237<open>)] after transaction
2026-03-16 17:01:52 [http-nio-8080-exec-15] INFO  c.c.p.a.c.menu.MenuController - getLeftMenu returned 3 items
2026-03-16 17:01:52 [http-nio-8080-exec-15] DEBUG o.s.w.s.m.m.a.HttpEntityMethodProcessor - Using 'application/json', given [application/json, text/plain, */*] and supported [application/json, application/*+json, application/yaml]
2026-03-16 17:01:52 [http-nio-8080-exec-15] TRACE o.s.w.s.m.m.a.HttpEntityMethodProcessor - Writing [ApiResponse[success=true, status=200, code=COMMON_001, message=Success, data={list=[com.company.project.service.menu.dto.MenuDto@50e885a5, com.company.project.service.menu.dto.MenuDto@46792129, com.company.project.service.menu.dto.MenuDto@39f011e4]}, timestamp=2026-03-16T17:01:52.853300600]]
2026-03-16 17:01:52 [http-nio-8080-exec-15] INFO  c.c.p.a.i.OperationalAuditInterceptor - API Audit Log: URL=/api/v1/menu/left, User=webmaster, IP=0:0:0:0:0:0:0:1
2026-03-16 17:01:52 [http-nio-8080-exec-15] DEBUG o.s.web.servlet.DispatcherServlet - Completed 200 OK
2026-03-16 17:01:52 [http-nio-8080-exec-12] DEBUG o.s.orm.jpa.JpaTransactionManager - Closing JPA EntityManager [SessionImpl(217458757<open>)] after transaction
2026-03-16 17:01:52 [http-nio-8080-exec-12] INFO  c.c.p.a.c.menu.MenuController - getLeftMenu returned 2 items
2026-03-16 17:01:52 [http-nio-8080-exec-12] DEBUG o.s.w.s.m.m.a.HttpEntityMethodProcessor - Using 'application/json', given [application/json, text/plain, */*] and supported [application/json, application/*+json, application/yaml]
2026-03-16 17:01:52 [http-nio-8080-exec-12] TRACE o.s.w.s.m.m.a.HttpEntityMethodProcessor - Writing [ApiResponse[success=true, status=200, code=COMMON_001, message=Success, data={list=[com.company.project.service.menu.dto.MenuDto@1c7482b1, com.company.project.service.menu.dto.MenuDto@1be8e483]}, timestamp=2026-03-16T17:01:52.855287300]]
2026-03-16 17:01:52 [http-nio-8080-exec-12] INFO  c.c.p.a.i.OperationalAuditInterceptor - API Audit Log: URL=/api/v1/menu/left, User=webmaster, IP=0:0:0:0:0:0:0:1
2026-03-16 17:01:52 [http-nio-8080-exec-12] DEBUG o.s.web.servlet.DispatcherServlet - Completed 200 OK
2026-03-16 17:01:53 [http-nio-8080-exec-11] DEBUG o.s.orm.jpa.JpaTransactionManager - Initiating transaction commit
2026-03-16 17:01:53 [http-nio-8080-exec-11] DEBUG o.s.orm.jpa.JpaTransactionManager - Committing JPA transaction on EntityManager [SessionImpl(448021321<open>)]
2026-03-16 17:01:53 [http-nio-8080-exec-11] DEBUG o.s.orm.jpa.JpaTransactionManager - Closing JPA EntityManager [SessionImpl(448021321<open>)] after transaction
2026-03-16 17:01:53 [http-nio-8080-exec-11] INFO  c.c.p.a.c.menu.MenuController - getLeftMenu returned 1 items
2026-03-16 17:01:53 [http-nio-8080-exec-11] DEBUG o.s.w.s.m.m.a.HttpEntityMethodProcessor - Using 'application/json', given [application/json, text/plain, */*] and supported [application/json, application/*+json, application/yaml]
2026-03-16 17:01:53 [http-nio-8080-exec-11] TRACE o.s.w.s.m.m.a.HttpEntityMethodProcessor - Writing [ApiResponse[success=true, status=200, code=COMMON_001, message=Success, data={list=[com.company.project.service.menu.dto.MenuDto@5f2a7ff]}, timestamp=2026-03-16T17:01:53.403652800]]
2026-03-16 17:01:53 [http-nio-8080-exec-11] INFO  c.c.p.a.i.OperationalAuditInterceptor - API Audit Log: URL=/api/v1/menu/left, User=webmaster, IP=0:0:0:0:0:0:0:1
2026-03-16 17:01:53 [http-nio-8080-exec-11] DEBUG o.s.web.servlet.DispatcherServlet - Completed 200 OK
2026-03-16 17:01:54 [http-nio-8080-exec-10] DEBUG c.c.p.s.jwt.JwtAuthenticationFilter - >>> [JwtFilter] Processing request: GET /api/v1/admin/system/users
2026-03-16 17:01:54 [http-nio-8080-exec-19] DEBUG c.c.p.s.jwt.JwtAuthenticationFilter - >>> [JwtFilter] Processing request: GET /api/v1/menu/head
2026-03-16 17:01:54 [http-nio-8080-exec-10] DEBUG c.c.p.s.jwt.JwtAuthenticationFilter - >>> [JwtFilter] Found token in header for path: /api/v1/admin/system/users
2026-03-16 17:01:54 [http-nio-8080-exec-19] DEBUG c.c.p.s.jwt.JwtAuthenticationFilter - >>> [JwtFilter] Found token in header for path: /api/v1/menu/head
2026-03-16 17:01:54 [http-nio-8080-exec-19] DEBUG o.s.orm.jpa.JpaTransactionManager - Creating new transaction with name [com.company.project.security.iam.CustomUserDetailsService.loadUserByUsername]: PROPAGATION_REQUIRED,ISOLATION_DEFAULT,readOnly
2026-03-16 17:01:54 [http-nio-8080-exec-10] DEBUG o.s.orm.jpa.JpaTransactionManager - Creating new transaction with name [com.company.project.security.iam.CustomUserDetailsService.loadUserByUsername]: PROPAGATION_REQUIRED,ISOLATION_DEFAULT,readOnly
2026-03-16 17:01:54 [http-nio-8080-exec-19] DEBUG o.s.orm.jpa.JpaTransactionManager - Opened new EntityManager [SessionImpl(341815971<open>)] for JPA transaction
2026-03-16 17:01:54 [http-nio-8080-exec-10] DEBUG o.s.orm.jpa.JpaTransactionManager - Opened new EntityManager [SessionImpl(20736670<open>)] for JPA transaction
2026-03-16 17:01:54 [http-nio-8080-exec-10] DEBUG o.s.orm.jpa.JpaTransactionManager - Exposing JPA transaction as JDBC [org.springframework.orm.jpa.vendor.HibernateJpaDialect$HibernateConnectionHandle@575d4c27]
2026-03-16 17:01:54 [http-nio-8080-exec-10] DEBUG o.s.orm.jpa.JpaTransactionManager - Found thread-bound EntityManager [SessionImpl(20736670<open>)] for JPA transaction
2026-03-16 17:01:54 [http-nio-8080-exec-10] DEBUG o.s.orm.jpa.JpaTransactionManager - Participating in existing transaction
2026-03-16 17:01:54 [http-nio-8080-exec-10] DEBUG org.hibernate.SQL - select u1_0.emplyr_id,u1_0.area_no,u1_0.brthdy,u1_0.chg_pwd_cnt,u1_0.frst_register_id,u1_0.frst_regist_pnttm,u1_0.detail_adres,u1_0.email_adres,u1_0.emplyr_sttus_code,u1_0.empl_no,u1_0.esntl_id,u1_0.fxnum,u1_0.group_id,u1_0.house_adres,u1_0.house_end_telno,u1_0.house_middle_telno,u1_0.ihidnum,u1_0.pstinst_code,u1_0.last_updusr_id,u1_0.last_updt_pnttm,u1_0.lock_at,u1_0.lock_cnt,u1_0.lock_last_pnttm,u1_0.mbtlnum,u1_0.ofcps_nm,u1_0.offm_telno,u1_0.orgnzt_id,u1_0.password,u1_0.password_cnsr,u1_0.password_hint,u1_0.chg_pwd_last_pnttm,u1_0.role,u1_0.sbscrb_de,u1_0.sexdstn_code,u1_0.crtfc_dn_value,u1_0.user_nm,u1_0.zip from nemplyrinfo u1_0 where u1_0.emplyr_id=?
2026-03-16 17:01:54 [http-nio-8080-exec-19] DEBUG o.s.orm.jpa.JpaTransactionManager - Exposing JPA transaction as JDBC [org.springframework.orm.jpa.vendor.HibernateJpaDialect$HibernateConnectionHandle@c4c7d33]
2026-03-16 17:01:54 [http-nio-8080-exec-19] DEBUG o.s.orm.jpa.JpaTransactionManager - Found thread-bound EntityManager [SessionImpl(341815971<open>)] for JPA transaction
2026-03-16 17:01:54 [http-nio-8080-exec-19] DEBUG o.s.orm.jpa.JpaTransactionManager - Participating in existing transaction
2026-03-16 17:01:54 [http-nio-8080-exec-19] DEBUG org.hibernate.SQL - select u1_0.emplyr_id,u1_0.area_no,u1_0.brthdy,u1_0.chg_pwd_cnt,u1_0.frst_register_id,u1_0.frst_regist_pnttm,u1_0.detail_adres,u1_0.email_adres,u1_0.emplyr_sttus_code,u1_0.empl_no,u1_0.esntl_id,u1_0.fxnum,u1_0.group_id,u1_0.house_adres,u1_0.house_end_telno,u1_0.house_middle_telno,u1_0.ihidnum,u1_0.pstinst_code,u1_0.last_updusr_id,u1_0.last_updt_pnttm,u1_0.lock_at,u1_0.lock_cnt,u1_0.lock_last_pnttm,u1_0.mbtlnum,u1_0.ofcps_nm,u1_0.offm_telno,u1_0.orgnzt_id,u1_0.password,u1_0.password_cnsr,u1_0.password_hint,u1_0.chg_pwd_last_pnttm,u1_0.role,u1_0.sbscrb_de,u1_0.sexdstn_code,u1_0.crtfc_dn_value,u1_0.user_nm,u1_0.zip from nemplyrinfo u1_0 where u1_0.emplyr_id=?
2026-03-16 17:01:54 [http-nio-8080-exec-10] DEBUG o.s.orm.jpa.JpaTransactionManager - Found thread-bound EntityManager [SessionImpl(20736670<open>)] for JPA transaction
2026-03-16 17:01:54 [http-nio-8080-exec-10] DEBUG o.s.orm.jpa.JpaTransactionManager - Participating in existing transaction
2026-03-16 17:01:54 [http-nio-8080-exec-10] DEBUG org.hibernate.SQL - select ua1_0.scrty_dtrmn_trget_id,ua1_0.author_code,ua1_0.frst_register_id,ua1_0.frst_regist_pnttm,ua1_0.last_updusr_id,ua1_0.last_updt_pnttm,ua1_0.mber_ty_code from nemplyrscrtyestbs ua1_0 where ua1_0.scrty_dtrmn_trget_id=?
2026-03-16 17:01:54 [http-nio-8080-exec-19] DEBUG o.s.orm.jpa.JpaTransactionManager - Found thread-bound EntityManager [SessionImpl(341815971<open>)] for JPA transaction
2026-03-16 17:01:54 [http-nio-8080-exec-19] DEBUG o.s.orm.jpa.JpaTransactionManager - Participating in existing transaction
2026-03-16 17:01:54 [http-nio-8080-exec-19] DEBUG org.hibernate.SQL - select ua1_0.scrty_dtrmn_trget_id,ua1_0.author_code,ua1_0.frst_register_id,ua1_0.frst_regist_pnttm,ua1_0.last_updusr_id,ua1_0.last_updt_pnttm,ua1_0.mber_ty_code from nemplyrscrtyestbs ua1_0 where ua1_0.scrty_dtrmn_trget_id=?
2026-03-16 17:01:54 [http-nio-8080-exec-10] DEBUG o.s.orm.jpa.JpaTransactionManager - Initiating transaction commit
2026-03-16 17:01:54 [http-nio-8080-exec-10] DEBUG o.s.orm.jpa.JpaTransactionManager - Committing JPA transaction on EntityManager [SessionImpl(20736670<open>)]
2026-03-16 17:01:54 [http-nio-8080-exec-19] DEBUG o.s.orm.jpa.JpaTransactionManager - Initiating transaction commit
2026-03-16 17:01:54 [http-nio-8080-exec-19] DEBUG o.s.orm.jpa.JpaTransactionManager - Committing JPA transaction on EntityManager [SessionImpl(341815971<open>)]
2026-03-16 17:01:54 [http-nio-8080-exec-10] DEBUG o.s.orm.jpa.JpaTransactionManager - Closing JPA EntityManager [SessionImpl(20736670<open>)] after transaction
2026-03-16 17:01:54 [http-nio-8080-exec-10] DEBUG c.c.p.s.jwt.JwtAuthenticationFilter - >>> [JwtFilter] Successfully authenticated user: USRCNFRM_99999999999, Authorities: [ROLE_ADMIN]
2026-03-16 17:01:54 [http-nio-8080-exec-10] DEBUG o.s.web.servlet.DispatcherServlet - GET "/api/v1/admin/system/users?pageIndex=1&searchCondition=0&searchKeyword=&sbscrbSttus=", parameters={masked}
2026-03-16 17:01:54 [http-nio-8080-exec-10] TRACE o.s.w.s.m.m.a.RequestMappingHandlerMapping - Mapped to com.company.project.api.controller.system.UserApiController#getUsers(Pageable)
2026-03-16 17:01:54 [http-nio-8080-exec-10] DEBUG o.s.orm.jpa.JpaTransactionManager - Creating new transaction with name [com.company.project.service.usermanagement.UserManageService.selectUserList]: PROPAGATION_REQUIRED,ISOLATION_DEFAULT,readOnly
2026-03-16 17:01:54 [http-nio-8080-exec-10] DEBUG o.s.orm.jpa.JpaTransactionManager - Opened new EntityManager [SessionImpl(323840147<open>)] for JPA transaction
2026-03-16 17:01:54 [http-nio-8080-exec-10] DEBUG o.s.orm.jpa.JpaTransactionManager - Exposing JPA transaction as JDBC [org.springframework.orm.jpa.vendor.HibernateJpaDialect$HibernateConnectionHandle@16f52140]
2026-03-16 17:01:54 [http-nio-8080-exec-10] DEBUG org.hibernate.SQL - select u1_0.emplyr_id,u1_0.area_no,u1_0.brthdy,u1_0.chg_pwd_cnt,u1_0.frst_register_id,u1_0.frst_regist_pnttm,u1_0.detail_adres,u1_0.email_adres,u1_0.emplyr_sttus_code,u1_0.empl_no,u1_0.esntl_id,u1_0.fxnum,u1_0.group_id,u1_0.house_adres,u1_0.house_end_telno,u1_0.house_middle_telno,u1_0.ihidnum,u1_0.pstinst_code,u1_0.last_updusr_id,u1_0.last_updt_pnttm,u1_0.lock_at,u1_0.lock_cnt,u1_0.lock_last_pnttm,u1_0.mbtlnum,u1_0.ofcps_nm,u1_0.offm_telno,u1_0.orgnzt_id,u1_0.password,u1_0.password_cnsr,u1_0.password_hint,u1_0.chg_pwd_last_pnttm,u1_0.role,u1_0.sbscrb_de,u1_0.sexdstn_code,u1_0.crtfc_dn_value,u1_0.user_nm,u1_0.zip from nemplyrinfo u1_0 order by u1_0.emplyr_id desc offset ? rows fetch first ? rows only
2026-03-16 17:01:54 [http-nio-8080-exec-19] DEBUG o.s.orm.jpa.JpaTransactionManager - Closing JPA EntityManager [SessionImpl(341815971<open>)] after transaction
2026-03-16 17:01:54 [http-nio-8080-exec-19] DEBUG c.c.p.s.jwt.JwtAuthenticationFilter - >>> [JwtFilter] Successfully authenticated user: USRCNFRM_99999999999, Authorities: [ROLE_ADMIN]
2026-03-16 17:01:54 [http-nio-8080-exec-19] DEBUG o.s.web.servlet.DispatcherServlet - GET "/api/v1/menu/head", parameters={}
2026-03-16 17:01:54 [http-nio-8080-exec-19] TRACE o.s.w.s.m.m.a.RequestMappingHandlerMapping - Mapped to com.company.project.api.controller.menu.MenuController#getHeadMenu()
2026-03-16 17:01:54 [http-nio-8080-exec-19] INFO  c.c.p.a.c.menu.MenuController - getHeadMenu called
2026-03-16 17:01:54 [http-nio-8080-exec-19] INFO  c.c.p.a.c.menu.MenuController - getHeadMenu returned 5 items
2026-03-16 17:01:54 [http-nio-8080-exec-19] DEBUG o.s.w.s.m.m.a.HttpEntityMethodProcessor - Using 'application/json', given [application/json, text/plain, */*] and supported [application/json, application/*+json, application/yaml]
2026-03-16 17:01:54 [http-nio-8080-exec-19] TRACE o.s.w.s.m.m.a.HttpEntityMethodProcessor - Writing [ApiResponse[success=true, status=200, code=COMMON_001, message=Success, data={list=[com.company.project.service.menu.dto.MenuDto@2b80d6b0, com.company.project.service.menu.dto.MenuDto@1418cfa3, com.company.project.service.menu.dto.MenuDto@f230bf1, com.company.project.service.menu.dto.MenuDto@734a7f6a, com.company.project.service.menu.dto.MenuDto@5e5202e5]}, timestamp=2026-03-16T17:01:54.721203400]]
2026-03-16 17:01:54 [http-nio-8080-exec-19] INFO  c.c.p.a.i.OperationalAuditInterceptor - API Audit Log: URL=/api/v1/menu/head, User=webmaster, IP=0:0:0:0:0:0:0:1
2026-03-16 17:01:54 [http-nio-8080-exec-19] DEBUG o.s.web.servlet.DispatcherServlet - Completed 200 OK
2026-03-16 17:01:54 [http-nio-8080-exec-16] DEBUG c.c.p.s.jwt.JwtAuthenticationFilter - >>> [JwtFilter] Processing request: GET /api/v1/menu/left
2026-03-16 17:01:54 [http-nio-8080-exec-7] DEBUG c.c.p.s.jwt.JwtAuthenticationFilter - >>> [JwtFilter] Processing request: GET /api/v1/menu/left
2026-03-16 17:01:54 [http-nio-8080-exec-18] DEBUG c.c.p.s.jwt.JwtAuthenticationFilter - >>> [JwtFilter] Processing request: GET /api/v1/menu/left
2026-03-16 17:01:54 [http-nio-8080-exec-6] DEBUG c.c.p.s.jwt.JwtAuthenticationFilter - >>> [JwtFilter] Processing request: GET /api/v1/menu/left
2026-03-16 17:01:54 [http-nio-8080-exec-1] DEBUG c.c.p.s.jwt.JwtAuthenticationFilter - >>> [JwtFilter] Processing request: GET /api/v1/menu/left
2026-03-16 17:01:54 [http-nio-8080-exec-16] DEBUG c.c.p.s.jwt.JwtAuthenticationFilter - >>> [JwtFilter] Found token in header for path: /api/v1/menu/left
2026-03-16 17:01:54 [http-nio-8080-exec-7] DEBUG c.c.p.s.jwt.JwtAuthenticationFilter - >>> [JwtFilter] Found token in header for path: /api/v1/menu/left
2026-03-16 17:01:54 [http-nio-8080-exec-18] DEBUG c.c.p.s.jwt.JwtAuthenticationFilter - >>> [JwtFilter] Found token in header for path: /api/v1/menu/left
2026-03-16 17:01:54 [http-nio-8080-exec-6] DEBUG c.c.p.s.jwt.JwtAuthenticationFilter - >>> [JwtFilter] Found token in header for path: /api/v1/menu/left
2026-03-16 17:01:54 [http-nio-8080-exec-1] DEBUG c.c.p.s.jwt.JwtAuthenticationFilter - >>> [JwtFilter] Found token in header for path: /api/v1/menu/left
2026-03-16 17:01:54 [http-nio-8080-exec-16] DEBUG o.s.orm.jpa.JpaTransactionManager - Creating new transaction with name [com.company.project.security.iam.CustomUserDetailsService.loadUserByUsername]: PROPAGATION_REQUIRED,ISOLATION_DEFAULT,readOnly
2026-03-16 17:01:54 [http-nio-8080-exec-16] DEBUG o.s.orm.jpa.JpaTransactionManager - Opened new EntityManager [SessionImpl(312085119<open>)] for JPA transaction
2026-03-16 17:01:54 [http-nio-8080-exec-16] DEBUG o.s.orm.jpa.JpaTransactionManager - Exposing JPA transaction as JDBC [org.springframework.orm.jpa.vendor.HibernateJpaDialect$HibernateConnectionHandle@4d8071c3]
2026-03-16 17:01:54 [http-nio-8080-exec-7] DEBUG o.s.orm.jpa.JpaTransactionManager - Creating new transaction with name [com.company.project.security.iam.CustomUserDetailsService.loadUserByUsername]: PROPAGATION_REQUIRED,ISOLATION_DEFAULT,readOnly
2026-03-16 17:01:54 [http-nio-8080-exec-6] DEBUG o.s.orm.jpa.JpaTransactionManager - Creating new transaction with name [com.company.project.security.iam.CustomUserDetailsService.loadUserByUsername]: PROPAGATION_REQUIRED,ISOLATION_DEFAULT,readOnly
2026-03-16 17:01:54 [http-nio-8080-exec-16] DEBUG o.s.orm.jpa.JpaTransactionManager - Found thread-bound EntityManager [SessionImpl(312085119<open>)] for JPA transaction
2026-03-16 17:01:54 [http-nio-8080-exec-18] DEBUG o.s.orm.jpa.JpaTransactionManager - Creating new transaction with name [com.company.project.security.iam.CustomUserDetailsService.loadUserByUsername]: PROPAGATION_REQUIRED,ISOLATION_DEFAULT,readOnly
2026-03-16 17:01:54 [http-nio-8080-exec-7] DEBUG o.s.orm.jpa.JpaTransactionManager - Opened new EntityManager [SessionImpl(551822434<open>)] for JPA transaction
2026-03-16 17:01:54 [http-nio-8080-exec-6] DEBUG o.s.orm.jpa.JpaTransactionManager - Opened new EntityManager [SessionImpl(313391278<open>)] for JPA transaction
2026-03-16 17:01:54 [http-nio-8080-exec-18] DEBUG o.s.orm.jpa.JpaTransactionManager - Opened new EntityManager [SessionImpl(1570506918<open>)] for JPA transaction
2026-03-16 17:01:54 [http-nio-8080-exec-1] DEBUG o.s.orm.jpa.JpaTransactionManager - Creating new transaction with name [com.company.project.security.iam.CustomUserDetailsService.loadUserByUsername]: PROPAGATION_REQUIRED,ISOLATION_DEFAULT,readOnly
2026-03-16 17:01:54 [http-nio-8080-exec-16] DEBUG o.s.orm.jpa.JpaTransactionManager - Participating in existing transaction
2026-03-16 17:01:54 [http-nio-8080-exec-1] DEBUG o.s.orm.jpa.JpaTransactionManager - Opened new EntityManager [SessionImpl(185496220<open>)] for JPA transaction
2026-03-16 17:01:54 [http-nio-8080-exec-16] DEBUG org.hibernate.SQL - select u1_0.emplyr_id,u1_0.area_no,u1_0.brthdy,u1_0.chg_pwd_cnt,u1_0.frst_register_id,u1_0.frst_regist_pnttm,u1_0.detail_adres,u1_0.email_adres,u1_0.emplyr_sttus_code,u1_0.empl_no,u1_0.esntl_id,u1_0.fxnum,u1_0.group_id,u1_0.house_adres,u1_0.house_end_telno,u1_0.house_middle_telno,u1_0.ihidnum,u1_0.pstinst_code,u1_0.last_updusr_id,u1_0.last_updt_pnttm,u1_0.lock_at,u1_0.lock_cnt,u1_0.lock_last_pnttm,u1_0.mbtlnum,u1_0.ofcps_nm,u1_0.offm_telno,u1_0.orgnzt_id,u1_0.password,u1_0.password_cnsr,u1_0.password_hint,u1_0.chg_pwd_last_pnttm,u1_0.role,u1_0.sbscrb_de,u1_0.sexdstn_code,u1_0.crtfc_dn_value,u1_0.user_nm,u1_0.zip from nemplyrinfo u1_0 where u1_0.emplyr_id=?
2026-03-16 17:01:54 [http-nio-8080-exec-10] DEBUG org.hibernate.SQL - select count(u1_0.emplyr_id) from nemplyrinfo u1_0
2026-03-16 17:01:54 [http-nio-8080-exec-1] DEBUG o.s.orm.jpa.JpaTransactionManager - Exposing JPA transaction as JDBC [org.springframework.orm.jpa.vendor.HibernateJpaDialect$HibernateConnectionHandle@3552f9c4]
2026-03-16 17:01:54 [http-nio-8080-exec-6] DEBUG o.s.orm.jpa.JpaTransactionManager - Exposing JPA transaction as JDBC [org.springframework.orm.jpa.vendor.HibernateJpaDialect$HibernateConnectionHandle@6639fbea]
2026-03-16 17:01:54 [http-nio-8080-exec-7] DEBUG o.s.orm.jpa.JpaTransactionManager - Exposing JPA transaction as JDBC [org.springframework.orm.jpa.vendor.HibernateJpaDialect$HibernateConnectionHandle@5c3488e0]
2026-03-16 17:01:54 [http-nio-8080-exec-18] DEBUG o.s.orm.jpa.JpaTransactionManager - Exposing JPA transaction as JDBC [org.springframework.orm.jpa.vendor.HibernateJpaDialect$HibernateConnectionHandle@2ebf038f]
2026-03-16 17:01:54 [http-nio-8080-exec-1] DEBUG o.s.orm.jpa.JpaTransactionManager - Found thread-bound EntityManager [SessionImpl(185496220<open>)] for JPA transaction
2026-03-16 17:01:54 [http-nio-8080-exec-18] DEBUG o.s.orm.jpa.JpaTransactionManager - Found thread-bound EntityManager [SessionImpl(1570506918<open>)] for JPA transaction
2026-03-16 17:01:54 [http-nio-8080-exec-1] DEBUG o.s.orm.jpa.JpaTransactionManager - Participating in existing transaction
2026-03-16 17:01:54 [http-nio-8080-exec-6] DEBUG o.s.orm.jpa.JpaTransactionManager - Found thread-bound EntityManager [SessionImpl(313391278<open>)] for JPA transaction
2026-03-16 17:01:54 [http-nio-8080-exec-6] DEBUG o.s.orm.jpa.JpaTransactionManager - Participating in existing transaction
2026-03-16 17:01:54 [http-nio-8080-exec-7] DEBUG o.s.orm.jpa.JpaTransactionManager - Found thread-bound EntityManager [SessionImpl(551822434<open>)] for JPA transaction
2026-03-16 17:01:54 [http-nio-8080-exec-7] DEBUG o.s.orm.jpa.JpaTransactionManager - Participating in existing transaction
2026-03-16 17:01:54 [http-nio-8080-exec-16] DEBUG o.s.orm.jpa.JpaTransactionManager - Found thread-bound EntityManager [SessionImpl(312085119<open>)] for JPA transaction
2026-03-16 17:01:54 [http-nio-8080-exec-6] DEBUG org.hibernate.SQL - select u1_0.emplyr_id,u1_0.area_no,u1_0.brthdy,u1_0.chg_pwd_cnt,u1_0.frst_register_id,u1_0.frst_regist_pnttm,u1_0.detail_adres,u1_0.email_adres,u1_0.emplyr_sttus_code,u1_0.empl_no,u1_0.esntl_id,u1_0.fxnum,u1_0.group_id,u1_0.house_adres,u1_0.house_end_telno,u1_0.house_middle_telno,u1_0.ihidnum,u1_0.pstinst_code,u1_0.last_updusr_id,u1_0.last_updt_pnttm,u1_0.lock_at,u1_0.lock_cnt,u1_0.lock_last_pnttm,u1_0.mbtlnum,u1_0.ofcps_nm,u1_0.offm_telno,u1_0.orgnzt_id,u1_0.password,u1_0.password_cnsr,u1_0.password_hint,u1_0.chg_pwd_last_pnttm,u1_0.role,u1_0.sbscrb_de,u1_0.sexdstn_code,u1_0.crtfc_dn_value,u1_0.user_nm,u1_0.zip from nemplyrinfo u1_0 where u1_0.emplyr_id=?
2026-03-16 17:01:54 [http-nio-8080-exec-18] DEBUG o.s.orm.jpa.JpaTransactionManager - Participating in existing transaction
2026-03-16 17:01:54 [http-nio-8080-exec-7] DEBUG org.hibernate.SQL - select u1_0.emplyr_id,u1_0.area_no,u1_0.brthdy,u1_0.chg_pwd_cnt,u1_0.frst_register_id,u1_0.frst_regist_pnttm,u1_0.detail_adres,u1_0.email_adres,u1_0.emplyr_sttus_code,u1_0.empl_no,u1_0.esntl_id,u1_0.fxnum,u1_0.group_id,u1_0.house_adres,u1_0.house_end_telno,u1_0.house_middle_telno,u1_0.ihidnum,u1_0.pstinst_code,u1_0.last_updusr_id,u1_0.last_updt_pnttm,u1_0.lock_at,u1_0.lock_cnt,u1_0.lock_last_pnttm,u1_0.mbtlnum,u1_0.ofcps_nm,u1_0.offm_telno,u1_0.orgnzt_id,u1_0.password,u1_0.password_cnsr,u1_0.password_hint,u1_0.chg_pwd_last_pnttm,u1_0.role,u1_0.sbscrb_de,u1_0.sexdstn_code,u1_0.crtfc_dn_value,u1_0.user_nm,u1_0.zip from nemplyrinfo u1_0 where u1_0.emplyr_id=?
2026-03-16 17:01:54 [http-nio-8080-exec-1] DEBUG org.hibernate.SQL - select u1_0.emplyr_id,u1_0.area_no,u1_0.brthdy,u1_0.chg_pwd_cnt,u1_0.frst_register_id,u1_0.frst_regist_pnttm,u1_0.detail_adres,u1_0.email_adres,u1_0.emplyr_sttus_code,u1_0.empl_no,u1_0.esntl_id,u1_0.fxnum,u1_0.group_id,u1_0.house_adres,u1_0.house_end_telno,u1_0.house_middle_telno,u1_0.ihidnum,u1_0.pstinst_code,u1_0.last_updusr_id,u1_0.last_updt_pnttm,u1_0.lock_at,u1_0.lock_cnt,u1_0.lock_last_pnttm,u1_0.mbtlnum,u1_0.ofcps_nm,u1_0.offm_telno,u1_0.orgnzt_id,u1_0.password,u1_0.password_cnsr,u1_0.password_hint,u1_0.chg_pwd_last_pnttm,u1_0.role,u1_0.sbscrb_de,u1_0.sexdstn_code,u1_0.crtfc_dn_value,u1_0.user_nm,u1_0.zip from nemplyrinfo u1_0 where u1_0.emplyr_id=?
2026-03-16 17:01:54 [http-nio-8080-exec-16] DEBUG o.s.orm.jpa.JpaTransactionManager - Participating in existing transaction
2026-03-16 17:01:54 [http-nio-8080-exec-16] DEBUG org.hibernate.SQL - select ua1_0.scrty_dtrmn_trget_id,ua1_0.author_code,ua1_0.frst_register_id,ua1_0.frst_regist_pnttm,ua1_0.last_updusr_id,ua1_0.last_updt_pnttm,ua1_0.mber_ty_code from nemplyrscrtyestbs ua1_0 where ua1_0.scrty_dtrmn_trget_id=?
2026-03-16 17:01:54 [http-nio-8080-exec-18] DEBUG org.hibernate.SQL - select u1_0.emplyr_id,u1_0.area_no,u1_0.brthdy,u1_0.chg_pwd_cnt,u1_0.frst_register_id,u1_0.frst_regist_pnttm,u1_0.detail_adres,u1_0.email_adres,u1_0.emplyr_sttus_code,u1_0.empl_no,u1_0.esntl_id,u1_0.fxnum,u1_0.group_id,u1_0.house_adres,u1_0.house_end_telno,u1_0.house_middle_telno,u1_0.ihidnum,u1_0.pstinst_code,u1_0.last_updusr_id,u1_0.last_updt_pnttm,u1_0.lock_at,u1_0.lock_cnt,u1_0.lock_last_pnttm,u1_0.mbtlnum,u1_0.ofcps_nm,u1_0.offm_telno,u1_0.orgnzt_id,u1_0.password,u1_0.password_cnsr,u1_0.password_hint,u1_0.chg_pwd_last_pnttm,u1_0.role,u1_0.sbscrb_de,u1_0.sexdstn_code,u1_0.crtfc_dn_value,u1_0.user_nm,u1_0.zip from nemplyrinfo u1_0 where u1_0.emplyr_id=?
2026-03-16 17:01:54 [http-nio-8080-exec-10] DEBUG o.s.orm.jpa.JpaTransactionManager - Initiating transaction commit
2026-03-16 17:01:54 [http-nio-8080-exec-10] DEBUG o.s.orm.jpa.JpaTransactionManager - Committing JPA transaction on EntityManager [SessionImpl(323840147<open>)]
2026-03-16 17:01:55 [http-nio-8080-exec-6] DEBUG o.s.orm.jpa.JpaTransactionManager - Found thread-bound EntityManager [SessionImpl(313391278<open>)] for JPA transaction
2026-03-16 17:01:55 [http-nio-8080-exec-6] DEBUG o.s.orm.jpa.JpaTransactionManager - Participating in existing transaction
2026-03-16 17:01:55 [http-nio-8080-exec-6] DEBUG org.hibernate.SQL - select ua1_0.scrty_dtrmn_trget_id,ua1_0.author_code,ua1_0.frst_register_id,ua1_0.frst_regist_pnttm,ua1_0.last_updusr_id,ua1_0.last_updt_pnttm,ua1_0.mber_ty_code from nemplyrscrtyestbs ua1_0 where ua1_0.scrty_dtrmn_trget_id=?
2026-03-16 17:01:55 [http-nio-8080-exec-18] DEBUG o.s.orm.jpa.JpaTransactionManager - Found thread-bound EntityManager [SessionImpl(1570506918<open>)] for JPA transaction
2026-03-16 17:01:55 [http-nio-8080-exec-1] DEBUG o.s.orm.jpa.JpaTransactionManager - Found thread-bound EntityManager [SessionImpl(185496220<open>)] for JPA transaction
2026-03-16 17:01:55 [http-nio-8080-exec-18] DEBUG o.s.orm.jpa.JpaTransactionManager - Participating in existing transaction
2026-03-16 17:01:55 [http-nio-8080-exec-1] DEBUG o.s.orm.jpa.JpaTransactionManager - Participating in existing transaction
2026-03-16 17:01:55 [http-nio-8080-exec-18] DEBUG org.hibernate.SQL - select ua1_0.scrty_dtrmn_trget_id,ua1_0.author_code,ua1_0.frst_register_id,ua1_0.frst_regist_pnttm,ua1_0.last_updusr_id,ua1_0.last_updt_pnttm,ua1_0.mber_ty_code from nemplyrscrtyestbs ua1_0 where ua1_0.scrty_dtrmn_trget_id=?
2026-03-16 17:01:55 [http-nio-8080-exec-1] DEBUG org.hibernate.SQL - select ua1_0.scrty_dtrmn_trget_id,ua1_0.author_code,ua1_0.frst_register_id,ua1_0.frst_regist_pnttm,ua1_0.last_updusr_id,ua1_0.last_updt_pnttm,ua1_0.mber_ty_code from nemplyrscrtyestbs ua1_0 where ua1_0.scrty_dtrmn_trget_id=?
2026-03-16 17:01:55 [http-nio-8080-exec-16] DEBUG o.s.orm.jpa.JpaTransactionManager - Initiating transaction commit
2026-03-16 17:01:55 [http-nio-8080-exec-7] DEBUG o.s.orm.jpa.JpaTransactionManager - Found thread-bound EntityManager [SessionImpl(551822434<open>)] for JPA transaction
2026-03-16 17:01:55 [http-nio-8080-exec-16] DEBUG o.s.orm.jpa.JpaTransactionManager - Committing JPA transaction on EntityManager [SessionImpl(312085119<open>)]
2026-03-16 17:01:55 [http-nio-8080-exec-7] DEBUG o.s.orm.jpa.JpaTransactionManager - Participating in existing transaction
2026-03-16 17:01:55 [http-nio-8080-exec-7] DEBUG org.hibernate.SQL - select ua1_0.scrty_dtrmn_trget_id,ua1_0.author_code,ua1_0.frst_register_id,ua1_0.frst_regist_pnttm,ua1_0.last_updusr_id,ua1_0.last_updt_pnttm,ua1_0.mber_ty_code from nemplyrscrtyestbs ua1_0 where ua1_0.scrty_dtrmn_trget_id=?
2026-03-16 17:01:55 [http-nio-8080-exec-10] DEBUG o.s.orm.jpa.JpaTransactionManager - Closing JPA EntityManager [SessionImpl(323840147<open>)] after transaction
2026-03-16 17:01:55 [http-nio-8080-exec-10] DEBUG o.s.orm.jpa.JpaTransactionManager - Creating new transaction with name [com.company.project.service.usermanagement.UserManageService.selectUserListTotCnt]: PROPAGATION_REQUIRED,ISOLATION_DEFAULT,readOnly
2026-03-16 17:01:55 [http-nio-8080-exec-10] DEBUG o.s.orm.jpa.JpaTransactionManager - Opened new EntityManager [SessionImpl(1309351482<open>)] for JPA transaction
2026-03-16 17:01:55 [http-nio-8080-exec-10] DEBUG o.s.orm.jpa.JpaTransactionManager - Exposing JPA transaction as JDBC [org.springframework.orm.jpa.vendor.HibernateJpaDialect$HibernateConnectionHandle@69ffe4b8]
2026-03-16 17:01:55 [http-nio-8080-exec-10] DEBUG org.hibernate.SQL - select u1_0.emplyr_id,u1_0.area_no,u1_0.brthdy,u1_0.chg_pwd_cnt,u1_0.frst_register_id,u1_0.frst_regist_pnttm,u1_0.detail_adres,u1_0.email_adres,u1_0.emplyr_sttus_code,u1_0.empl_no,u1_0.esntl_id,u1_0.fxnum,u1_0.group_id,u1_0.house_adres,u1_0.house_end_telno,u1_0.house_middle_telno,u1_0.ihidnum,u1_0.pstinst_code,u1_0.last_updusr_id,u1_0.last_updt_pnttm,u1_0.lock_at,u1_0.lock_cnt,u1_0.lock_last_pnttm,u1_0.mbtlnum,u1_0.ofcps_nm,u1_0.offm_telno,u1_0.orgnzt_id,u1_0.password,u1_0.password_cnsr,u1_0.password_hint,u1_0.chg_pwd_last_pnttm,u1_0.role,u1_0.sbscrb_de,u1_0.sexdstn_code,u1_0.crtfc_dn_value,u1_0.user_nm,u1_0.zip from nemplyrinfo u1_0 order by u1_0.emplyr_id desc offset ? rows fetch first ? rows only
2026-03-16 17:01:55 [http-nio-8080-exec-6] DEBUG o.s.orm.jpa.JpaTransactionManager - Initiating transaction commit
2026-03-16 17:01:55 [http-nio-8080-exec-6] DEBUG o.s.orm.jpa.JpaTransactionManager - Committing JPA transaction on EntityManager [SessionImpl(313391278<open>)]
2026-03-16 17:01:55 [http-nio-8080-exec-18] DEBUG o.s.orm.jpa.JpaTransactionManager - Initiating transaction commit
2026-03-16 17:01:55 [http-nio-8080-exec-18] DEBUG o.s.orm.jpa.JpaTransactionManager - Committing JPA transaction on EntityManager [SessionImpl(1570506918<open>)]
2026-03-16 17:01:55 [http-nio-8080-exec-1] DEBUG o.s.orm.jpa.JpaTransactionManager - Initiating transaction commit
2026-03-16 17:01:55 [http-nio-8080-exec-1] DEBUG o.s.orm.jpa.JpaTransactionManager - Committing JPA transaction on EntityManager [SessionImpl(185496220<open>)]
2026-03-16 17:01:55 [http-nio-8080-exec-16] DEBUG o.s.orm.jpa.JpaTransactionManager - Closing JPA EntityManager [SessionImpl(312085119<open>)] after transaction
2026-03-16 17:01:55 [http-nio-8080-exec-16] DEBUG c.c.p.s.jwt.JwtAuthenticationFilter - >>> [JwtFilter] Successfully authenticated user: USRCNFRM_99999999999, Authorities: [ROLE_ADMIN]
2026-03-16 17:01:55 [http-nio-8080-exec-16] DEBUG o.s.web.servlet.DispatcherServlet - GET "/api/v1/menu/left?menuNo=40", parameters={masked}
2026-03-16 17:01:55 [http-nio-8080-exec-16] TRACE o.s.w.s.m.m.a.RequestMappingHandlerMapping - Mapped to com.company.project.api.controller.menu.MenuController#getLeftMenu(Long)
2026-03-16 17:01:55 [http-nio-8080-exec-16] INFO  c.c.p.a.c.menu.MenuController - getLeftMenu called with menuNo=40
2026-03-16 17:01:55 [http-nio-8080-exec-16] DEBUG o.s.orm.jpa.JpaTransactionManager - Creating new transaction with name [com.company.project.service.menu.MenuService.getSubMenus]: PROPAGATION_REQUIRED,ISOLATION_DEFAULT,readOnly
2026-03-16 17:01:55 [http-nio-8080-exec-16] DEBUG o.s.orm.jpa.JpaTransactionManager - Opened new EntityManager [SessionImpl(1857759723<open>)] for JPA transaction
2026-03-16 17:01:55 [http-nio-8080-exec-16] DEBUG o.s.orm.jpa.JpaTransactionManager - Exposing JPA transaction as JDBC [org.springframework.orm.jpa.vendor.HibernateJpaDialect$HibernateConnectionHandle@3e6c6af6]
2026-03-16 17:01:55 [http-nio-8080-exec-16] DEBUG org.hibernate.SQL - select m1_0.menu_no,m1_0.menu_dc,m1_0.menu_nm,m1_0.menu_ordr,m1_0.modern_route,m1_0.progrm_file_nm,m1_0.relate_image_nm,m1_0.relate_image_path,m1_0.route_updated_at,m1_0.upper_menu_no from nmenuinfo m1_0 order by m1_0.upper_menu_no,m1_0.menu_ordr
2026-03-16 17:01:55 [http-nio-8080-exec-7] DEBUG o.s.orm.jpa.JpaTransactionManager - Initiating transaction commit
2026-03-16 17:01:55 [http-nio-8080-exec-7] DEBUG o.s.orm.jpa.JpaTransactionManager - Committing JPA transaction on EntityManager [SessionImpl(551822434<open>)]
2026-03-16 17:01:55 [http-nio-8080-exec-10] DEBUG org.hibernate.SQL - select count(u1_0.emplyr_id) from nemplyrinfo u1_0
2026-03-16 17:01:55 [http-nio-8080-exec-6] DEBUG o.s.orm.jpa.JpaTransactionManager - Closing JPA EntityManager [SessionImpl(313391278<open>)] after transaction
2026-03-16 17:01:55 [http-nio-8080-exec-6] DEBUG c.c.p.s.jwt.JwtAuthenticationFilter - >>> [JwtFilter] Successfully authenticated user: USRCNFRM_99999999999, Authorities: [ROLE_ADMIN]
2026-03-16 17:01:55 [http-nio-8080-exec-6] DEBUG o.s.web.servlet.DispatcherServlet - GET "/api/v1/menu/left?menuNo=60", parameters={masked}
2026-03-16 17:01:55 [http-nio-8080-exec-6] TRACE o.s.w.s.m.m.a.RequestMappingHandlerMapping - Mapped to com.company.project.api.controller.menu.MenuController#getLeftMenu(Long)
2026-03-16 17:01:55 [http-nio-8080-exec-6] INFO  c.c.p.a.c.menu.MenuController - getLeftMenu called with menuNo=60
2026-03-16 17:01:55 [http-nio-8080-exec-6] DEBUG o.s.orm.jpa.JpaTransactionManager - Creating new transaction with name [com.company.project.service.menu.MenuService.getSubMenus]: PROPAGATION_REQUIRED,ISOLATION_DEFAULT,readOnly
2026-03-16 17:01:55 [http-nio-8080-exec-6] DEBUG o.s.orm.jpa.JpaTransactionManager - Opened new EntityManager [SessionImpl(350796535<open>)] for JPA transaction
2026-03-16 17:01:55 [http-nio-8080-exec-6] DEBUG o.s.orm.jpa.JpaTransactionManager - Exposing JPA transaction as JDBC [org.springframework.orm.jpa.vendor.HibernateJpaDialect$HibernateConnectionHandle@2d5301b6]
2026-03-16 17:01:55 [http-nio-8080-exec-6] DEBUG org.hibernate.SQL - select m1_0.menu_no,m1_0.menu_dc,m1_0.menu_nm,m1_0.menu_ordr,m1_0.modern_route,m1_0.progrm_file_nm,m1_0.relate_image_nm,m1_0.relate_image_path,m1_0.route_updated_at,m1_0.upper_menu_no from nmenuinfo m1_0 order by m1_0.upper_menu_no,m1_0.menu_ordr
2026-03-16 17:01:55 [http-nio-8080-exec-18] DEBUG o.s.orm.jpa.JpaTransactionManager - Closing JPA EntityManager [SessionImpl(1570506918<open>)] after transaction
2026-03-16 17:01:55 [http-nio-8080-exec-18] DEBUG c.c.p.s.jwt.JwtAuthenticationFilter - >>> [JwtFilter] Successfully authenticated user: USRCNFRM_99999999999, Authorities: [ROLE_ADMIN]
2026-03-16 17:01:55 [http-nio-8080-exec-18] DEBUG o.s.web.servlet.DispatcherServlet - GET "/api/v1/menu/left?menuNo=10", parameters={masked}
2026-03-16 17:01:55 [http-nio-8080-exec-18] TRACE o.s.w.s.m.m.a.RequestMappingHandlerMapping - Mapped to com.company.project.api.controller.menu.MenuController#getLeftMenu(Long)
2026-03-16 17:01:55 [http-nio-8080-exec-18] INFO  c.c.p.a.c.menu.MenuController - getLeftMenu called with menuNo=10
2026-03-16 17:01:55 [http-nio-8080-exec-18] DEBUG o.s.orm.jpa.JpaTransactionManager - Creating new transaction with name [com.company.project.service.menu.MenuService.getSubMenus]: PROPAGATION_REQUIRED,ISOLATION_DEFAULT,readOnly
2026-03-16 17:01:55 [http-nio-8080-exec-18] DEBUG o.s.orm.jpa.JpaTransactionManager - Opened new EntityManager [SessionImpl(1632513090<open>)] for JPA transaction
2026-03-16 17:01:55 [http-nio-8080-exec-18] DEBUG o.s.orm.jpa.JpaTransactionManager - Exposing JPA transaction as JDBC [org.springframework.orm.jpa.vendor.HibernateJpaDialect$HibernateConnectionHandle@4b4e0005]
2026-03-16 17:01:55 [http-nio-8080-exec-18] DEBUG org.hibernate.SQL - select m1_0.menu_no,m1_0.menu_dc,m1_0.menu_nm,m1_0.menu_ordr,m1_0.modern_route,m1_0.progrm_file_nm,m1_0.relate_image_nm,m1_0.relate_image_path,m1_0.route_updated_at,m1_0.upper_menu_no from nmenuinfo m1_0 order by m1_0.upper_menu_no,m1_0.menu_ordr
2026-03-16 17:01:55 [http-nio-8080-exec-1] DEBUG o.s.orm.jpa.JpaTransactionManager - Closing JPA EntityManager [SessionImpl(185496220<open>)] after transaction
2026-03-16 17:01:55 [http-nio-8080-exec-1] DEBUG c.c.p.s.jwt.JwtAuthenticationFilter - >>> [JwtFilter] Successfully authenticated user: USRCNFRM_99999999999, Authorities: [ROLE_ADMIN]
2026-03-16 17:01:55 [http-nio-8080-exec-1] DEBUG o.s.web.servlet.DispatcherServlet - GET "/api/v1/menu/left?menuNo=20", parameters={masked}
2026-03-16 17:01:55 [http-nio-8080-exec-1] TRACE o.s.w.s.m.m.a.RequestMappingHandlerMapping - Mapped to com.company.project.api.controller.menu.MenuController#getLeftMenu(Long)
2026-03-16 17:01:55 [http-nio-8080-exec-1] INFO  c.c.p.a.c.menu.MenuController - getLeftMenu called with menuNo=20
2026-03-16 17:01:55 [http-nio-8080-exec-1] DEBUG o.s.orm.jpa.JpaTransactionManager - Creating new transaction with name [com.company.project.service.menu.MenuService.getSubMenus]: PROPAGATION_REQUIRED,ISOLATION_DEFAULT,readOnly
2026-03-16 17:01:55 [http-nio-8080-exec-1] DEBUG o.s.orm.jpa.JpaTransactionManager - Opened new EntityManager [SessionImpl(1375438082<open>)] for JPA transaction
2026-03-16 17:01:55 [http-nio-8080-exec-1] DEBUG o.s.orm.jpa.JpaTransactionManager - Exposing JPA transaction as JDBC [org.springframework.orm.jpa.vendor.HibernateJpaDialect$HibernateConnectionHandle@2cf076c3]
2026-03-16 17:01:55 [http-nio-8080-exec-1] DEBUG org.hibernate.SQL - select m1_0.menu_no,m1_0.menu_dc,m1_0.menu_nm,m1_0.menu_ordr,m1_0.modern_route,m1_0.progrm_file_nm,m1_0.relate_image_nm,m1_0.relate_image_path,m1_0.route_updated_at,m1_0.upper_menu_no from nmenuinfo m1_0 order by m1_0.upper_menu_no,m1_0.menu_ordr
2026-03-16 17:01:55 [http-nio-8080-exec-7] DEBUG o.s.orm.jpa.JpaTransactionManager - Closing JPA EntityManager [SessionImpl(551822434<open>)] after transaction
2026-03-16 17:01:55 [http-nio-8080-exec-7] DEBUG c.c.p.s.jwt.JwtAuthenticationFilter - >>> [JwtFilter] Successfully authenticated user: USRCNFRM_99999999999, Authorities: [ROLE_ADMIN]
2026-03-16 17:01:55 [http-nio-8080-exec-7] DEBUG o.s.web.servlet.DispatcherServlet - GET "/api/v1/menu/left?menuNo=50", parameters={masked}
2026-03-16 17:01:55 [http-nio-8080-exec-7] TRACE o.s.w.s.m.m.a.RequestMappingHandlerMapping - Mapped to com.company.project.api.controller.menu.MenuController#getLeftMenu(Long)
2026-03-16 17:01:55 [http-nio-8080-exec-7] INFO  c.c.p.a.c.menu.MenuController - getLeftMenu called with menuNo=50
2026-03-16 17:01:55 [http-nio-8080-exec-7] DEBUG o.s.orm.jpa.JpaTransactionManager - Creating new transaction with name [com.company.project.service.menu.MenuService.getSubMenus]: PROPAGATION_REQUIRED,ISOLATION_DEFAULT,readOnly
2026-03-16 17:01:55 [http-nio-8080-exec-7] DEBUG o.s.orm.jpa.JpaTransactionManager - Opened new EntityManager [SessionImpl(572364269<open>)] for JPA transaction
2026-03-16 17:01:55 [http-nio-8080-exec-7] DEBUG o.s.orm.jpa.JpaTransactionManager - Exposing JPA transaction as JDBC [org.springframework.orm.jpa.vendor.HibernateJpaDialect$HibernateConnectionHandle@5420ad1a]
2026-03-16 17:01:55 [http-nio-8080-exec-7] DEBUG org.hibernate.SQL - select m1_0.menu_no,m1_0.menu_dc,m1_0.menu_nm,m1_0.menu_ordr,m1_0.modern_route,m1_0.progrm_file_nm,m1_0.relate_image_nm,m1_0.relate_image_path,m1_0.route_updated_at,m1_0.upper_menu_no from nmenuinfo m1_0 order by m1_0.upper_menu_no,m1_0.menu_ordr
2026-03-16 17:01:55 [http-nio-8080-exec-10] DEBUG o.s.orm.jpa.JpaTransactionManager - Initiating transaction commit
2026-03-16 17:01:55 [http-nio-8080-exec-10] DEBUG o.s.orm.jpa.JpaTransactionManager - Committing JPA transaction on EntityManager [SessionImpl(1309351482<open>)]
2026-03-16 17:01:55 [http-nio-8080-exec-16] DEBUG o.s.orm.jpa.JpaTransactionManager - Found thread-bound EntityManager [SessionImpl(1857759723<open>)] for JPA transaction
2026-03-16 17:01:55 [http-nio-8080-exec-16] DEBUG o.s.orm.jpa.JpaTransactionManager - Participating in existing transaction
2026-03-16 17:01:55 [http-nio-8080-exec-16] DEBUG org.hibernate.SQL - select p1_0.progrm_file_nm,p1_0.progrm_dc,p1_0.progrm_korean_nm,p1_0.progrm_stre_path,p1_0.url from nprogrmlist p1_0
2026-03-16 17:01:55 [http-nio-8080-exec-10] DEBUG o.s.orm.jpa.JpaTransactionManager - Closing JPA EntityManager [SessionImpl(1309351482<open>)] after transaction
2026-03-16 17:01:55 [http-nio-8080-exec-10] DEBUG o.s.w.s.m.m.a.HttpEntityMethodProcessor - Using 'application/json', given [application/json, text/plain, */*] and supported [application/json, application/*+json, application/yaml]
2026-03-16 17:01:55 [http-nio-8080-exec-10] TRACE o.s.w.s.m.m.a.HttpEntityMethodProcessor - Writing [ApiResponse[success=true, status=200, code=COMMON_001, message=Success, data=com.company.project.core.response.PageResponse@e69ef0, timestamp=2026-03-16T17:01:55.606406100]]
2026-03-16 17:01:55 [http-nio-8080-exec-10] INFO  c.c.p.a.i.OperationalAuditInterceptor - API Audit Log: URL=/api/v1/admin/system/users, User=webmaster, IP=0:0:0:0:0:0:0:1
2026-03-16 17:01:55 [http-nio-8080-exec-10] DEBUG o.s.web.servlet.DispatcherServlet - Completed 200 OK
2026-03-16 17:01:55 [http-nio-8080-exec-18] DEBUG o.s.orm.jpa.JpaTransactionManager - Found thread-bound EntityManager [SessionImpl(1632513090<open>)] for JPA transaction
2026-03-16 17:01:55 [http-nio-8080-exec-18] DEBUG o.s.orm.jpa.JpaTransactionManager - Participating in existing transaction
2026-03-16 17:01:55 [http-nio-8080-exec-1] DEBUG o.s.orm.jpa.JpaTransactionManager - Found thread-bound EntityManager [SessionImpl(1375438082<open>)] for JPA transaction
2026-03-16 17:01:55 [http-nio-8080-exec-6] DEBUG o.s.orm.jpa.JpaTransactionManager - Found thread-bound EntityManager [SessionImpl(350796535<open>)] for JPA transaction
2026-03-16 17:01:55 [http-nio-8080-exec-1] DEBUG o.s.orm.jpa.JpaTransactionManager - Participating in existing transaction
2026-03-16 17:01:55 [http-nio-8080-exec-6] DEBUG o.s.orm.jpa.JpaTransactionManager - Participating in existing transaction
2026-03-16 17:01:55 [http-nio-8080-exec-18] DEBUG org.hibernate.SQL - select p1_0.progrm_file_nm,p1_0.progrm_dc,p1_0.progrm_korean_nm,p1_0.progrm_stre_path,p1_0.url from nprogrmlist p1_0
2026-03-16 17:01:55 [http-nio-8080-exec-6] DEBUG org.hibernate.SQL - select p1_0.progrm_file_nm,p1_0.progrm_dc,p1_0.progrm_korean_nm,p1_0.progrm_stre_path,p1_0.url from nprogrmlist p1_0
2026-03-16 17:01:55 [http-nio-8080-exec-1] DEBUG org.hibernate.SQL - select p1_0.progrm_file_nm,p1_0.progrm_dc,p1_0.progrm_korean_nm,p1_0.progrm_stre_path,p1_0.url from nprogrmlist p1_0
2026-03-16 17:01:55 [http-nio-8080-exec-7] DEBUG o.s.orm.jpa.JpaTransactionManager - Found thread-bound EntityManager [SessionImpl(572364269<open>)] for JPA transaction
2026-03-16 17:01:55 [http-nio-8080-exec-7] DEBUG o.s.orm.jpa.JpaTransactionManager - Participating in existing transaction
2026-03-16 17:01:55 [http-nio-8080-exec-7] DEBUG org.hibernate.SQL - select p1_0.progrm_file_nm,p1_0.progrm_dc,p1_0.progrm_korean_nm,p1_0.progrm_stre_path,p1_0.url from nprogrmlist p1_0
2026-03-16 17:01:55 [http-nio-8080-exec-16] DEBUG o.s.orm.jpa.JpaTransactionManager - Initiating transaction commit
2026-03-16 17:01:55 [http-nio-8080-exec-16] DEBUG o.s.orm.jpa.JpaTransactionManager - Committing JPA transaction on EntityManager [SessionImpl(1857759723<open>)]
2026-03-16 17:01:55 [http-nio-8080-exec-18] DEBUG o.s.orm.jpa.JpaTransactionManager - Initiating transaction commit
2026-03-16 17:01:55 [http-nio-8080-exec-18] DEBUG o.s.orm.jpa.JpaTransactionManager - Committing JPA transaction on EntityManager [SessionImpl(1632513090<open>)]
2026-03-16 17:01:55 [http-nio-8080-exec-1] DEBUG o.s.orm.jpa.JpaTransactionManager - Initiating transaction commit
2026-03-16 17:01:55 [http-nio-8080-exec-1] DEBUG o.s.orm.jpa.JpaTransactionManager - Committing JPA transaction on EntityManager [SessionImpl(1375438082<open>)]
2026-03-16 17:01:55 [http-nio-8080-exec-16] DEBUG o.s.orm.jpa.JpaTransactionManager - Closing JPA EntityManager [SessionImpl(1857759723<open>)] after transaction
2026-03-16 17:01:55 [http-nio-8080-exec-16] INFO  c.c.p.a.c.menu.MenuController - getLeftMenu returned 2 items
2026-03-16 17:01:55 [http-nio-8080-exec-16] DEBUG o.s.w.s.m.m.a.HttpEntityMethodProcessor - Using 'application/json', given [application/json, text/plain, */*] and supported [application/json, application/*+json, application/yaml]
2026-03-16 17:01:55 [http-nio-8080-exec-16] TRACE o.s.w.s.m.m.a.HttpEntityMethodProcessor - Writing [ApiResponse[success=true, status=200, code=COMMON_001, message=Success, data={list=[com.company.project.service.menu.dto.MenuDto@7a77e7aa, com.company.project.service.menu.dto.MenuDto@7abeb951]}, timestamp=2026-03-16T17:01:55.843812700]]
2026-03-16 17:01:55 [http-nio-8080-exec-16] INFO  c.c.p.a.i.OperationalAuditInterceptor - API Audit Log: URL=/api/v1/menu/left, User=webmaster, IP=0:0:0:0:0:0:0:1
2026-03-16 17:01:55 [http-nio-8080-exec-16] DEBUG o.s.web.servlet.DispatcherServlet - Completed 200 OK
2026-03-16 17:01:56 [http-nio-8080-exec-18] DEBUG o.s.orm.jpa.JpaTransactionManager - Closing JPA EntityManager [SessionImpl(1632513090<open>)] after transaction
2026-03-16 17:01:56 [http-nio-8080-exec-18] INFO  c.c.p.a.c.menu.MenuController - getLeftMenu returned 5 items
2026-03-16 17:01:56 [http-nio-8080-exec-18] DEBUG o.s.w.s.m.m.a.HttpEntityMethodProcessor - Using 'application/json', given [application/json, text/plain, */*] and supported [application/json, application/*+json, application/yaml]
2026-03-16 17:01:56 [http-nio-8080-exec-18] TRACE o.s.w.s.m.m.a.HttpEntityMethodProcessor - Writing [ApiResponse[success=true, status=200, code=COMMON_001, message=Success, data={list=[com.company.project.service.menu.dto.MenuDto@4e2c5073, com.company.project.service.menu.dto.MenuDto@64b4e540, com.company.project.service.menu.dto.MenuDto@58ea7da8, com.company.project.service.menu.dto.MenuDto@25963dda, com.company.project.service.menu.dto.MenuDto@9955ed3]}, timestamp=2026-03-16T17:01:56.734127200]]
2026-03-16 17:01:56 [http-nio-8080-exec-6] DEBUG o.s.orm.jpa.JpaTransactionManager - Initiating transaction commit
2026-03-16 17:01:56 [http-nio-8080-exec-6] DEBUG o.s.orm.jpa.JpaTransactionManager - Committing JPA transaction on EntityManager [SessionImpl(350796535<open>)]
2026-03-16 17:01:56 [http-nio-8080-exec-18] INFO  c.c.p.a.i.OperationalAuditInterceptor - API Audit Log: URL=/api/v1/menu/left, User=webmaster, IP=0:0:0:0:0:0:0:1
2026-03-16 17:01:56 [http-nio-8080-exec-18] DEBUG o.s.web.servlet.DispatcherServlet - Completed 200 OK
2026-03-16 17:01:56 [http-nio-8080-exec-1] DEBUG o.s.orm.jpa.JpaTransactionManager - Closing JPA EntityManager [SessionImpl(1375438082<open>)] after transaction
2026-03-16 17:01:56 [http-nio-8080-exec-1] INFO  c.c.p.a.c.menu.MenuController - getLeftMenu returned 3 items
2026-03-16 17:01:56 [http-nio-8080-exec-1] DEBUG o.s.w.s.m.m.a.HttpEntityMethodProcessor - Using 'application/json', given [application/json, text/plain, */*] and supported [application/json, application/*+json, application/yaml]
2026-03-16 17:01:56 [http-nio-8080-exec-1] TRACE o.s.w.s.m.m.a.HttpEntityMethodProcessor - Writing [ApiResponse[success=true, status=200, code=COMMON_001, message=Success, data={list=[com.company.project.service.menu.dto.MenuDto@2499c541, com.company.project.service.menu.dto.MenuDto@183b159d, com.company.project.service.menu.dto.MenuDto@520e9eb7]}, timestamp=2026-03-16T17:01:56.736409900]]
2026-03-16 17:01:56 [http-nio-8080-exec-1] INFO  c.c.p.a.i.OperationalAuditInterceptor - API Audit Log: URL=/api/v1/menu/left, User=webmaster, IP=0:0:0:0:0:0:0:1
2026-03-16 17:01:56 [http-nio-8080-exec-1] DEBUG o.s.web.servlet.DispatcherServlet - Completed 200 OK
2026-03-16 17:01:56 [http-nio-8080-exec-7] DEBUG o.s.orm.jpa.JpaTransactionManager - Initiating transaction commit
2026-03-16 17:01:56 [http-nio-8080-exec-7] DEBUG o.s.orm.jpa.JpaTransactionManager - Committing JPA transaction on EntityManager [SessionImpl(572364269<open>)]
2026-03-16 17:01:58 [http-nio-8080-exec-6] DEBUG o.s.orm.jpa.JpaTransactionManager - Closing JPA EntityManager [SessionImpl(350796535<open>)] after transaction
2026-03-16 17:01:58 [http-nio-8080-exec-6] INFO  c.c.p.a.c.menu.MenuController - getLeftMenu returned 1 items
2026-03-16 17:01:58 [http-nio-8080-exec-6] DEBUG o.s.w.s.m.m.a.HttpEntityMethodProcessor - Using 'application/json', given [application/json, text/plain, */*] and supported [application/json, application/*+json, application/yaml]
2026-03-16 17:01:58 [http-nio-8080-exec-6] TRACE o.s.w.s.m.m.a.HttpEntityMethodProcessor - Writing [ApiResponse[success=true, status=200, code=COMMON_001, message=Success, data={list=[com.company.project.service.menu.dto.MenuDto@351e4252]}, timestamp=2026-03-16T17:01:58.040873200]]
2026-03-16 17:01:58 [http-nio-8080-exec-6] INFO  c.c.p.a.i.OperationalAuditInterceptor - API Audit Log: URL=/api/v1/menu/left, User=webmaster, IP=0:0:0:0:0:0:0:1
2026-03-16 17:01:58 [http-nio-8080-exec-6] DEBUG o.s.web.servlet.DispatcherServlet - Completed 200 OK
2026-03-16 17:01:58 [http-nio-8080-exec-7] DEBUG o.s.orm.jpa.JpaTransactionManager - Closing JPA EntityManager [SessionImpl(572364269<open>)] after transaction
2026-03-16 17:01:58 [http-nio-8080-exec-7] INFO  c.c.p.a.c.menu.MenuController - getLeftMenu returned 3 items
2026-03-16 17:01:58 [http-nio-8080-exec-7] DEBUG o.s.w.s.m.m.a.HttpEntityMethodProcessor - Using 'application/json', given [application/json, text/plain, */*] and supported [application/json, application/*+json, application/yaml]
2026-03-16 17:01:58 [http-nio-8080-exec-7] TRACE o.s.w.s.m.m.a.HttpEntityMethodProcessor - Writing [ApiResponse[success=true, status=200, code=COMMON_001, message=Success, data={list=[com.company.project.service.menu.dto.MenuDto@2e5ab7a1, com.company.project.service.menu.dto.MenuDto@234dae39, com.company.project.service.menu.dto.MenuDto@74538158]}, timestamp=2026-03-16T17:01:58.049479500]]
2026-03-16 17:01:58 [http-nio-8080-exec-7] INFO  c.c.p.a.i.OperationalAuditInterceptor - API Audit Log: URL=/api/v1/menu/left, User=webmaster, IP=0:0:0:0:0:0:0:1
2026-03-16 17:01:58 [http-nio-8080-exec-7] DEBUG o.s.web.servlet.DispatcherServlet - Completed 200 OK
2026-03-16 17:01:58 [http-nio-8080-exec-17] DEBUG c.c.p.s.jwt.JwtAuthenticationFilter - >>> [JwtFilter] Processing request: GET /api/v1/menu/left
2026-03-16 17:01:58 [http-nio-8080-exec-5] DEBUG c.c.p.s.jwt.JwtAuthenticationFilter - >>> [JwtFilter] Processing request: GET /api/v1/menu/head
2026-03-16 17:01:58 [http-nio-8080-exec-17] DEBUG c.c.p.s.jwt.JwtAuthenticationFilter - >>> [JwtFilter] Found token in header for path: /api/v1/menu/left
2026-03-16 17:01:58 [http-nio-8080-exec-9] DEBUG c.c.p.s.jwt.JwtAuthenticationFilter - >>> [JwtFilter] Processing request: GET /api/v1/auth/me
2026-03-16 17:01:58 [http-nio-8080-exec-5] DEBUG c.c.p.s.jwt.JwtAuthenticationFilter - >>> [JwtFilter] Found token in header for path: /api/v1/menu/head
2026-03-16 17:01:58 [http-nio-8080-exec-9] DEBUG c.c.p.s.jwt.JwtAuthenticationFilter - >>> [JwtFilter] Found token in header for path: /api/v1/auth/me
2026-03-16 17:01:58 [http-nio-8080-exec-17] DEBUG o.s.orm.jpa.JpaTransactionManager - Creating new transaction with name [com.company.project.security.iam.CustomUserDetailsService.loadUserByUsername]: PROPAGATION_REQUIRED,ISOLATION_DEFAULT,readOnly
2026-03-16 17:01:58 [http-nio-8080-exec-17] DEBUG o.s.orm.jpa.JpaTransactionManager - Opened new EntityManager [SessionImpl(744441771<open>)] for JPA transaction
2026-03-16 17:01:58 [http-nio-8080-exec-9] DEBUG o.s.orm.jpa.JpaTransactionManager - Creating new transaction with name [com.company.project.security.iam.CustomUserDetailsService.loadUserByUsername]: PROPAGATION_REQUIRED,ISOLATION_DEFAULT,readOnly
2026-03-16 17:01:58 [http-nio-8080-exec-5] DEBUG o.s.orm.jpa.JpaTransactionManager - Creating new transaction with name [com.company.project.security.iam.CustomUserDetailsService.loadUserByUsername]: PROPAGATION_REQUIRED,ISOLATION_DEFAULT,readOnly
2026-03-16 17:01:58 [http-nio-8080-exec-9] DEBUG o.s.orm.jpa.JpaTransactionManager - Opened new EntityManager [SessionImpl(1158088934<open>)] for JPA transaction
2026-03-16 17:01:58 [http-nio-8080-exec-5] DEBUG o.s.orm.jpa.JpaTransactionManager - Opened new EntityManager [SessionImpl(1605069643<open>)] for JPA transaction
2026-03-16 17:02:00 [http-nio-8080-exec-14] DEBUG c.c.p.s.jwt.JwtAuthenticationFilter - >>> [JwtFilter] Processing request: GET /api/v1/menu/head
2026-03-16 17:02:00 [http-nio-8080-exec-3] DEBUG c.c.p.s.jwt.JwtAuthenticationFilter - >>> [JwtFilter] Processing request: GET /api/v1/dashboard
2026-03-16 17:02:00 [http-nio-8080-exec-14] DEBUG c.c.p.s.jwt.JwtAuthenticationFilter - >>> [JwtFilter] Found token in header for path: /api/v1/menu/head
2026-03-16 17:02:00 [http-nio-8080-exec-3] DEBUG c.c.p.s.jwt.JwtAuthenticationFilter - >>> [JwtFilter] Found token in header for path: /api/v1/dashboard
2026-03-16 17:02:00 [http-nio-8080-exec-14] DEBUG o.s.orm.jpa.JpaTransactionManager - Creating new transaction with name [com.company.project.security.iam.CustomUserDetailsService.loadUserByUsername]: PROPAGATION_REQUIRED,ISOLATION_DEFAULT,readOnly
2026-03-16 17:02:00 [http-nio-8080-exec-3] DEBUG o.s.orm.jpa.JpaTransactionManager - Creating new transaction with name [com.company.project.security.iam.CustomUserDetailsService.loadUserByUsername]: PROPAGATION_REQUIRED,ISOLATION_DEFAULT,readOnly
2026-03-16 17:02:00 [http-nio-8080-exec-14] DEBUG o.s.orm.jpa.JpaTransactionManager - Opened new EntityManager [SessionImpl(876477030<open>)] for JPA transaction
2026-03-16 17:02:00 [http-nio-8080-exec-3] DEBUG o.s.orm.jpa.JpaTransactionManager - Opened new EntityManager [SessionImpl(101083174<open>)] for JPA transaction
2026-03-16 17:02:01 [http-nio-8080-exec-17] DEBUG o.s.orm.jpa.JpaTransactionManager - Exposing JPA transaction as JDBC [org.springframework.orm.jpa.vendor.HibernateJpaDialect$HibernateConnectionHandle@ae23777]
2026-03-16 17:02:01 [http-nio-8080-exec-5] DEBUG o.s.orm.jpa.JpaTransactionManager - Exposing JPA transaction as JDBC [org.springframework.orm.jpa.vendor.HibernateJpaDialect$HibernateConnectionHandle@f0fb550]
2026-03-16 17:02:01 [http-nio-8080-exec-17] DEBUG o.s.orm.jpa.JpaTransactionManager - Found thread-bound EntityManager [SessionImpl(744441771<open>)] for JPA transaction
2026-03-16 17:02:01 [http-nio-8080-exec-9] DEBUG o.s.orm.jpa.JpaTransactionManager - Exposing JPA transaction as JDBC [org.springframework.orm.jpa.vendor.HibernateJpaDialect$HibernateConnectionHandle@7c1b8a6f]
2026-03-16 17:02:01 [http-nio-8080-exec-17] DEBUG o.s.orm.jpa.JpaTransactionManager - Participating in existing transaction
2026-03-16 17:02:01 [http-nio-8080-exec-5] DEBUG o.s.orm.jpa.JpaTransactionManager - Found thread-bound EntityManager [SessionImpl(1605069643<open>)] for JPA transaction
2026-03-16 17:02:01 [http-nio-8080-exec-5] DEBUG o.s.orm.jpa.JpaTransactionManager - Participating in existing transaction
2026-03-16 17:02:01 [http-nio-8080-exec-17] DEBUG org.hibernate.SQL - select u1_0.emplyr_id,u1_0.area_no,u1_0.brthdy,u1_0.chg_pwd_cnt,u1_0.frst_register_id,u1_0.frst_regist_pnttm,u1_0.detail_adres,u1_0.email_adres,u1_0.emplyr_sttus_code,u1_0.empl_no,u1_0.esntl_id,u1_0.fxnum,u1_0.group_id,u1_0.house_adres,u1_0.house_end_telno,u1_0.house_middle_telno,u1_0.ihidnum,u1_0.pstinst_code,u1_0.last_updusr_id,u1_0.last_updt_pnttm,u1_0.lock_at,u1_0.lock_cnt,u1_0.lock_last_pnttm,u1_0.mbtlnum,u1_0.ofcps_nm,u1_0.offm_telno,u1_0.orgnzt_id,u1_0.password,u1_0.password_cnsr,u1_0.password_hint,u1_0.chg_pwd_last_pnttm,u1_0.role,u1_0.sbscrb_de,u1_0.sexdstn_code,u1_0.crtfc_dn_value,u1_0.user_nm,u1_0.zip from nemplyrinfo u1_0 where u1_0.emplyr_id=?
2026-03-16 17:02:01 [http-nio-8080-exec-5] DEBUG org.hibernate.SQL - select u1_0.emplyr_id,u1_0.area_no,u1_0.brthdy,u1_0.chg_pwd_cnt,u1_0.frst_register_id,u1_0.frst_regist_pnttm,u1_0.detail_adres,u1_0.email_adres,u1_0.emplyr_sttus_code,u1_0.empl_no,u1_0.esntl_id,u1_0.fxnum,u1_0.group_id,u1_0.house_adres,u1_0.house_end_telno,u1_0.house_middle_telno,u1_0.ihidnum,u1_0.pstinst_code,u1_0.last_updusr_id,u1_0.last_updt_pnttm,u1_0.lock_at,u1_0.lock_cnt,u1_0.lock_last_pnttm,u1_0.mbtlnum,u1_0.ofcps_nm,u1_0.offm_telno,u1_0.orgnzt_id,u1_0.password,u1_0.password_cnsr,u1_0.password_hint,u1_0.chg_pwd_last_pnttm,u1_0.role,u1_0.sbscrb_de,u1_0.sexdstn_code,u1_0.crtfc_dn_value,u1_0.user_nm,u1_0.zip from nemplyrinfo u1_0 where u1_0.emplyr_id=?
2026-03-16 17:02:01 [http-nio-8080-exec-9] DEBUG o.s.orm.jpa.JpaTransactionManager - Found thread-bound EntityManager [SessionImpl(1158088934<open>)] for JPA transaction
2026-03-16 17:02:01 [http-nio-8080-exec-9] DEBUG o.s.orm.jpa.JpaTransactionManager - Participating in existing transaction
2026-03-16 17:02:01 [http-nio-8080-exec-9] DEBUG org.hibernate.SQL - select u1_0.emplyr_id,u1_0.area_no,u1_0.brthdy,u1_0.chg_pwd_cnt,u1_0.frst_register_id,u1_0.frst_regist_pnttm,u1_0.detail_adres,u1_0.email_adres,u1_0.emplyr_sttus_code,u1_0.empl_no,u1_0.esntl_id,u1_0.fxnum,u1_0.group_id,u1_0.house_adres,u1_0.house_end_telno,u1_0.house_middle_telno,u1_0.ihidnum,u1_0.pstinst_code,u1_0.last_updusr_id,u1_0.last_updt_pnttm,u1_0.lock_at,u1_0.lock_cnt,u1_0.lock_last_pnttm,u1_0.mbtlnum,u1_0.ofcps_nm,u1_0.offm_telno,u1_0.orgnzt_id,u1_0.password,u1_0.password_cnsr,u1_0.password_hint,u1_0.chg_pwd_last_pnttm,u1_0.role,u1_0.sbscrb_de,u1_0.sexdstn_code,u1_0.crtfc_dn_value,u1_0.user_nm,u1_0.zip from nemplyrinfo u1_0 where u1_0.emplyr_id=?
2026-03-16 17:02:01 [http-nio-8080-exec-14] DEBUG o.s.orm.jpa.JpaTransactionManager - Exposing JPA transaction as JDBC [org.springframework.orm.jpa.vendor.HibernateJpaDialect$HibernateConnectionHandle@fc08962]
2026-03-16 17:02:01 [http-nio-8080-exec-3] DEBUG o.s.orm.jpa.JpaTransactionManager - Exposing JPA transaction as JDBC [org.springframework.orm.jpa.vendor.HibernateJpaDialect$HibernateConnectionHandle@3a367177]
2026-03-16 17:02:01 [http-nio-8080-exec-14] DEBUG o.s.orm.jpa.JpaTransactionManager - Found thread-bound EntityManager [SessionImpl(876477030<open>)] for JPA transaction
2026-03-16 17:02:01 [http-nio-8080-exec-14] DEBUG o.s.orm.jpa.JpaTransactionManager - Participating in existing transaction
2026-03-16 17:02:01 [http-nio-8080-exec-14] DEBUG org.hibernate.SQL - select u1_0.emplyr_id,u1_0.area_no,u1_0.brthdy,u1_0.chg_pwd_cnt,u1_0.frst_register_id,u1_0.frst_regist_pnttm,u1_0.detail_adres,u1_0.email_adres,u1_0.emplyr_sttus_code,u1_0.empl_no,u1_0.esntl_id,u1_0.fxnum,u1_0.group_id,u1_0.house_adres,u1_0.house_end_telno,u1_0.house_middle_telno,u1_0.ihidnum,u1_0.pstinst_code,u1_0.last_updusr_id,u1_0.last_updt_pnttm,u1_0.lock_at,u1_0.lock_cnt,u1_0.lock_last_pnttm,u1_0.mbtlnum,u1_0.ofcps_nm,u1_0.offm_telno,u1_0.orgnzt_id,u1_0.password,u1_0.password_cnsr,u1_0.password_hint,u1_0.chg_pwd_last_pnttm,u1_0.role,u1_0.sbscrb_de,u1_0.sexdstn_code,u1_0.crtfc_dn_value,u1_0.user_nm,u1_0.zip from nemplyrinfo u1_0 where u1_0.emplyr_id=?
2026-03-16 17:02:01 [http-nio-8080-exec-9] DEBUG o.s.orm.jpa.JpaTransactionManager - Found thread-bound EntityManager [SessionImpl(1158088934<open>)] for JPA transaction
2026-03-16 17:02:01 [http-nio-8080-exec-5] DEBUG o.s.orm.jpa.JpaTransactionManager - Found thread-bound EntityManager [SessionImpl(1605069643<open>)] for JPA transaction
2026-03-16 17:02:01 [http-nio-8080-exec-17] DEBUG o.s.orm.jpa.JpaTransactionManager - Found thread-bound EntityManager [SessionImpl(744441771<open>)] for JPA transaction
2026-03-16 17:02:01 [http-nio-8080-exec-17] DEBUG o.s.orm.jpa.JpaTransactionManager - Participating in existing transaction
2026-03-16 17:02:01 [http-nio-8080-exec-3] DEBUG o.s.orm.jpa.JpaTransactionManager - Found thread-bound EntityManager [SessionImpl(101083174<open>)] for JPA transaction
2026-03-16 17:02:01 [http-nio-8080-exec-9] DEBUG o.s.orm.jpa.JpaTransactionManager - Participating in existing transaction
2026-03-16 17:02:01 [http-nio-8080-exec-5] DEBUG o.s.orm.jpa.JpaTransactionManager - Participating in existing transaction
2026-03-16 17:02:01 [http-nio-8080-exec-9] DEBUG org.hibernate.SQL - select ua1_0.scrty_dtrmn_trget_id,ua1_0.author_code,ua1_0.frst_register_id,ua1_0.frst_regist_pnttm,ua1_0.last_updusr_id,ua1_0.last_updt_pnttm,ua1_0.mber_ty_code from nemplyrscrtyestbs ua1_0 where ua1_0.scrty_dtrmn_trget_id=?
2026-03-16 17:02:01 [http-nio-8080-exec-17] DEBUG org.hibernate.SQL - select ua1_0.scrty_dtrmn_trget_id,ua1_0.author_code,ua1_0.frst_register_id,ua1_0.frst_regist_pnttm,ua1_0.last_updusr_id,ua1_0.last_updt_pnttm,ua1_0.mber_ty_code from nemplyrscrtyestbs ua1_0 where ua1_0.scrty_dtrmn_trget_id=?
2026-03-16 17:02:01 [http-nio-8080-exec-5] DEBUG org.hibernate.SQL - select ua1_0.scrty_dtrmn_trget_id,ua1_0.author_code,ua1_0.frst_register_id,ua1_0.frst_regist_pnttm,ua1_0.last_updusr_id,ua1_0.last_updt_pnttm,ua1_0.mber_ty_code from nemplyrscrtyestbs ua1_0 where ua1_0.scrty_dtrmn_trget_id=?
2026-03-16 17:02:01 [http-nio-8080-exec-3] DEBUG o.s.orm.jpa.JpaTransactionManager - Participating in existing transaction
2026-03-16 17:02:01 [http-nio-8080-exec-3] DEBUG org.hibernate.SQL - select u1_0.emplyr_id,u1_0.area_no,u1_0.brthdy,u1_0.chg_pwd_cnt,u1_0.frst_register_id,u1_0.frst_regist_pnttm,u1_0.detail_adres,u1_0.email_adres,u1_0.emplyr_sttus_code,u1_0.empl_no,u1_0.esntl_id,u1_0.fxnum,u1_0.group_id,u1_0.house_adres,u1_0.house_end_telno,u1_0.house_middle_telno,u1_0.ihidnum,u1_0.pstinst_code,u1_0.last_updusr_id,u1_0.last_updt_pnttm,u1_0.lock_at,u1_0.lock_cnt,u1_0.lock_last_pnttm,u1_0.mbtlnum,u1_0.ofcps_nm,u1_0.offm_telno,u1_0.orgnzt_id,u1_0.password,u1_0.password_cnsr,u1_0.password_hint,u1_0.chg_pwd_last_pnttm,u1_0.role,u1_0.sbscrb_de,u1_0.sexdstn_code,u1_0.crtfc_dn_value,u1_0.user_nm,u1_0.zip from nemplyrinfo u1_0 where u1_0.emplyr_id=?
2026-03-16 17:02:02 [http-nio-8080-exec-14] DEBUG o.s.orm.jpa.JpaTransactionManager - Found thread-bound EntityManager [SessionImpl(876477030<open>)] for JPA transaction
2026-03-16 17:02:02 [http-nio-8080-exec-3] DEBUG o.s.orm.jpa.JpaTransactionManager - Found thread-bound EntityManager [SessionImpl(101083174<open>)] for JPA transaction
2026-03-16 17:02:02 [http-nio-8080-exec-14] DEBUG o.s.orm.jpa.JpaTransactionManager - Participating in existing transaction
2026-03-16 17:02:02 [http-nio-8080-exec-3] DEBUG o.s.orm.jpa.JpaTransactionManager - Participating in existing transaction
2026-03-16 17:02:02 [http-nio-8080-exec-14] DEBUG org.hibernate.SQL - select ua1_0.scrty_dtrmn_trget_id,ua1_0.author_code,ua1_0.frst_register_id,ua1_0.frst_regist_pnttm,ua1_0.last_updusr_id,ua1_0.last_updt_pnttm,ua1_0.mber_ty_code from nemplyrscrtyestbs ua1_0 where ua1_0.scrty_dtrmn_trget_id=?
2026-03-16 17:02:02 [http-nio-8080-exec-3] DEBUG org.hibernate.SQL - select ua1_0.scrty_dtrmn_trget_id,ua1_0.author_code,ua1_0.frst_register_id,ua1_0.frst_regist_pnttm,ua1_0.last_updusr_id,ua1_0.last_updt_pnttm,ua1_0.mber_ty_code from nemplyrscrtyestbs ua1_0 where ua1_0.scrty_dtrmn_trget_id=?
2026-03-16 17:02:02 [http-nio-8080-exec-17] DEBUG o.s.orm.jpa.JpaTransactionManager - Initiating transaction commit
2026-03-16 17:02:02 [http-nio-8080-exec-9] DEBUG o.s.orm.jpa.JpaTransactionManager - Initiating transaction commit
2026-03-16 17:02:02 [http-nio-8080-exec-17] DEBUG o.s.orm.jpa.JpaTransactionManager - Committing JPA transaction on EntityManager [SessionImpl(744441771<open>)]
2026-03-16 17:02:02 [http-nio-8080-exec-9] DEBUG o.s.orm.jpa.JpaTransactionManager - Committing JPA transaction on EntityManager [SessionImpl(1158088934<open>)]
2026-03-16 17:02:02 [http-nio-8080-exec-5] DEBUG o.s.orm.jpa.JpaTransactionManager - Initiating transaction commit
2026-03-16 17:02:02 [http-nio-8080-exec-5] DEBUG o.s.orm.jpa.JpaTransactionManager - Committing JPA transaction on EntityManager [SessionImpl(1605069643<open>)]
2026-03-16 17:02:02 [http-nio-8080-exec-14] DEBUG o.s.orm.jpa.JpaTransactionManager - Initiating transaction commit
2026-03-16 17:02:02 [http-nio-8080-exec-3] DEBUG o.s.orm.jpa.JpaTransactionManager - Initiating transaction commit
2026-03-16 17:02:02 [http-nio-8080-exec-14] DEBUG o.s.orm.jpa.JpaTransactionManager - Committing JPA transaction on EntityManager [SessionImpl(876477030<open>)]
2026-03-16 17:02:02 [http-nio-8080-exec-3] DEBUG o.s.orm.jpa.JpaTransactionManager - Committing JPA transaction on EntityManager [SessionImpl(101083174<open>)]
2026-03-16 17:02:02 [http-nio-8080-exec-5] DEBUG o.s.orm.jpa.JpaTransactionManager - Closing JPA EntityManager [SessionImpl(1605069643<open>)] after transaction
2026-03-16 17:02:02 [http-nio-8080-exec-9] DEBUG o.s.orm.jpa.JpaTransactionManager - Closing JPA EntityManager [SessionImpl(1158088934<open>)] after transaction
2026-03-16 17:02:02 [http-nio-8080-exec-17] DEBUG o.s.orm.jpa.JpaTransactionManager - Closing JPA EntityManager [SessionImpl(744441771<open>)] after transaction
2026-03-16 17:02:02 [http-nio-8080-exec-5] DEBUG c.c.p.s.jwt.JwtAuthenticationFilter - >>> [JwtFilter] Successfully authenticated user: USRCNFRM_99999999999, Authorities: [ROLE_ADMIN]
2026-03-16 17:02:02 [http-nio-8080-exec-17] DEBUG c.c.p.s.jwt.JwtAuthenticationFilter - >>> [JwtFilter] Successfully authenticated user: USRCNFRM_99999999999, Authorities: [ROLE_ADMIN]
2026-03-16 17:02:02 [http-nio-8080-exec-9] DEBUG c.c.p.s.jwt.JwtAuthenticationFilter - >>> [JwtFilter] Successfully authenticated user: USRCNFRM_99999999999, Authorities: [ROLE_ADMIN]
2026-03-16 17:02:02 [http-nio-8080-exec-5] DEBUG o.s.web.servlet.DispatcherServlet - GET "/api/v1/menu/head", parameters={}
2026-03-16 17:02:02 [http-nio-8080-exec-17] DEBUG o.s.web.servlet.DispatcherServlet - GET "/api/v1/menu/left?menuNo=10", parameters={masked}
2026-03-16 17:02:02 [http-nio-8080-exec-9] DEBUG o.s.web.servlet.DispatcherServlet - GET "/api/v1/auth/me", parameters={}
2026-03-16 17:02:02 [http-nio-8080-exec-17] TRACE o.s.w.s.m.m.a.RequestMappingHandlerMapping - Mapped to com.company.project.api.controller.menu.MenuController#getLeftMenu(Long)
2026-03-16 17:02:02 [http-nio-8080-exec-9] TRACE o.s.w.s.m.m.a.RequestMappingHandlerMapping - Mapped to com.company.project.api.auth.AuthController#getCurrentUser()
2026-03-16 17:02:02 [http-nio-8080-exec-5] TRACE o.s.w.s.m.m.a.RequestMappingHandlerMapping - Mapped to com.company.project.api.controller.menu.MenuController#getHeadMenu()
2026-03-16 17:02:02 [http-nio-8080-exec-17] INFO  c.c.p.a.c.menu.MenuController - getLeftMenu called with menuNo=10
2026-03-16 17:02:02 [http-nio-8080-exec-5] INFO  c.c.p.a.c.menu.MenuController - getHeadMenu called
2026-03-16 17:02:02 [http-nio-8080-exec-17] DEBUG o.s.orm.jpa.JpaTransactionManager - Creating new transaction with name [com.company.project.service.menu.MenuService.getSubMenus]: PROPAGATION_REQUIRED,ISOLATION_DEFAULT,readOnly
2026-03-16 17:02:02 [http-nio-8080-exec-17] DEBUG o.s.orm.jpa.JpaTransactionManager - Opened new EntityManager [SessionImpl(1417433219<open>)] for JPA transaction
2026-03-16 17:02:02 [http-nio-8080-exec-9] DEBUG o.s.w.s.m.m.a.RequestResponseBodyMethodProcessor - Using 'application/json', given [application/json, text/plain, */*] and supported [application/json, application/*+json, application/yaml]
2026-03-16 17:02:02 [http-nio-8080-exec-17] DEBUG o.s.orm.jpa.JpaTransactionManager - Exposing JPA transaction as JDBC [org.springframework.orm.jpa.vendor.HibernateJpaDialect$HibernateConnectionHandle@524f3dec]
2026-03-16 17:02:02 [http-nio-8080-exec-9] TRACE o.s.w.s.m.m.a.RequestResponseBodyMethodProcessor - Writing [ApiResponse[success=true, status=200, code=COMMON_001, message=Success, data={role=ROLE_ADMIN, userSe=EMP, name=관리자, id=webmaster}, timestamp=2026-03-16T17:02:02.456604600]]
2026-03-16 17:02:02 [http-nio-8080-exec-5] INFO  c.c.p.a.c.menu.MenuController - getHeadMenu returned 5 items
2026-03-16 17:02:02 [http-nio-8080-exec-5] DEBUG o.s.w.s.m.m.a.HttpEntityMethodProcessor - Using 'application/json', given [application/json, text/plain, */*] and supported [application/json, application/*+json, application/yaml]
2026-03-16 17:02:02 [http-nio-8080-exec-5] TRACE o.s.w.s.m.m.a.HttpEntityMethodProcessor - Writing [ApiResponse[success=true, status=200, code=COMMON_001, message=Success, data={list=[com.company.project.service.menu.dto.MenuDto@2b80d6b0, com.company.project.service.menu.dto.MenuDto@1418cfa3, com.company.project.service.menu.dto.MenuDto@f230bf1, com.company.project.service.menu.dto.MenuDto@734a7f6a, com.company.project.service.menu.dto.MenuDto@5e5202e5]}, timestamp=2026-03-16T17:02:02.456604600]]
2026-03-16 17:02:02 [http-nio-8080-exec-9] INFO  c.c.p.a.i.OperationalAuditInterceptor - API Audit Log: URL=/api/v1/auth/me, User=webmaster, IP=127.0.0.1
2026-03-16 17:02:02 [http-nio-8080-exec-9] DEBUG o.s.web.servlet.DispatcherServlet - Completed 200 OK
2026-03-16 17:02:02 [http-nio-8080-exec-5] INFO  c.c.p.a.i.OperationalAuditInterceptor - API Audit Log: URL=/api/v1/menu/head, User=webmaster, IP=127.0.0.1
2026-03-16 17:02:02 [http-nio-8080-exec-5] DEBUG o.s.web.servlet.DispatcherServlet - Completed 200 OK
2026-03-16 17:02:02 [http-nio-8080-exec-17] DEBUG org.hibernate.SQL - select m1_0.menu_no,m1_0.menu_dc,m1_0.menu_nm,m1_0.menu_ordr,m1_0.modern_route,m1_0.progrm_file_nm,m1_0.relate_image_nm,m1_0.relate_image_path,m1_0.route_updated_at,m1_0.upper_menu_no from nmenuinfo m1_0 order by m1_0.upper_menu_no,m1_0.menu_ordr
2026-03-16 17:02:02 [http-nio-8080-exec-14] DEBUG o.s.orm.jpa.JpaTransactionManager - Closing JPA EntityManager [SessionImpl(876477030<open>)] after transaction
2026-03-16 17:02:02 [http-nio-8080-exec-14] DEBUG c.c.p.s.jwt.JwtAuthenticationFilter - >>> [JwtFilter] Successfully authenticated user: USRCNFRM_99999999999, Authorities: [ROLE_ADMIN]
2026-03-16 17:02:02 [http-nio-8080-exec-14] DEBUG o.s.web.servlet.DispatcherServlet - GET "/api/v1/menu/head", parameters={}
2026-03-16 17:02:02 [http-nio-8080-exec-14] TRACE o.s.w.s.m.m.a.RequestMappingHandlerMapping - Mapped to com.company.project.api.controller.menu.MenuController#getHeadMenu()
2026-03-16 17:02:02 [http-nio-8080-exec-14] INFO  c.c.p.a.c.menu.MenuController - getHeadMenu called
2026-03-16 17:02:02 [http-nio-8080-exec-14] INFO  c.c.p.a.c.menu.MenuController - getHeadMenu returned 5 items
2026-03-16 17:02:02 [http-nio-8080-exec-14] DEBUG o.s.w.s.m.m.a.HttpEntityMethodProcessor - Using 'application/json', given [application/json, text/plain, */*] and supported [application/json, application/*+json, application/yaml]
2026-03-16 17:02:02 [http-nio-8080-exec-14] TRACE o.s.w.s.m.m.a.HttpEntityMethodProcessor - Writing [ApiResponse[success=true, status=200, code=COMMON_001, message=Success, data={list=[com.company.project.service.menu.dto.MenuDto@2b80d6b0, com.company.project.service.menu.dto.MenuDto@1418cfa3, com.company.project.service.menu.dto.MenuDto@f230bf1, com.company.project.service.menu.dto.MenuDto@734a7f6a, com.company.project.service.menu.dto.MenuDto@5e5202e5]}, timestamp=2026-03-16T17:02:02.603014400]]
2026-03-16 17:02:02 [http-nio-8080-exec-14] INFO  c.c.p.a.i.OperationalAuditInterceptor - API Audit Log: URL=/api/v1/menu/head, User=webmaster, IP=0:0:0:0:0:0:0:1
2026-03-16 17:02:02 [http-nio-8080-exec-14] DEBUG o.s.web.servlet.DispatcherServlet - Completed 200 OK
2026-03-16 17:02:02 [http-nio-8080-exec-3] DEBUG o.s.orm.jpa.JpaTransactionManager - Closing JPA EntityManager [SessionImpl(101083174<open>)] after transaction
2026-03-16 17:02:02 [http-nio-8080-exec-3] DEBUG c.c.p.s.jwt.JwtAuthenticationFilter - >>> [JwtFilter] Successfully authenticated user: USRCNFRM_99999999999, Authorities: [ROLE_ADMIN]
2026-03-16 17:02:02 [http-nio-8080-exec-3] DEBUG o.s.web.servlet.DispatcherServlet - GET "/api/v1/dashboard", parameters={}
2026-03-16 17:02:02 [http-nio-8080-exec-3] TRACE o.s.w.s.m.m.a.RequestMappingHandlerMapping - Mapped to com.company.project.api.controller.main.DashboardController#getDashboardData(UserDetails)
2026-03-16 17:02:02 [http-nio-8080-exec-3] INFO  c.c.p.a.c.main.DashboardController - >>> [Dashboard] Fetching data for user: USRCNFRM_99999999999
2026-03-16 17:02:02 [http-nio-8080-exec-3] DEBUG o.s.orm.jpa.JpaTransactionManager - Creating new transaction with name [com.company.project.service.board.BoardService.getBoardPosts]: PROPAGATION_REQUIRED,ISOLATION_DEFAULT,readOnly
2026-03-16 17:02:02 [http-nio-8080-exec-3] DEBUG o.s.orm.jpa.JpaTransactionManager - Opened new EntityManager [SessionImpl(1526290147<open>)] for JPA transaction
2026-03-16 17:02:02 [http-nio-8080-exec-3] DEBUG o.s.orm.jpa.JpaTransactionManager - Exposing JPA transaction as JDBC [org.springframework.orm.jpa.vendor.HibernateJpaDialect$HibernateConnectionHandle@48186cee]
2026-03-16 17:02:02 [http-nio-8080-exec-3] DEBUG o.s.orm.jpa.JpaTransactionManager - Found thread-bound EntityManager [SessionImpl(1526290147<open>)] for JPA transaction
2026-03-16 17:02:02 [http-nio-8080-exec-3] DEBUG o.s.orm.jpa.JpaTransactionManager - Participating in existing transaction
2026-03-16 17:02:02 [http-nio-8080-exec-3] DEBUG org.hibernate.SQL - select bm1_0.bbs_id,bm1_0.atch_posbl_file_number,bm1_0.atch_posbl_file_size,bm1_0.bbs_attrb_code,bm1_0.bbs_intrcn,bm1_0.bbs_nm,bm1_0.bbs_ty_code,bm1_0.blog_at,bm1_0.blog_id,bm1_0.cmmnty_id,bm1_0.frst_register_id,bm1_0.frst_regist_pnttm,bm1_0.file_atch_posbl_at,bm1_0.last_updusr_id,bm1_0.last_updt_pnttm,bm1_0.reply_posbl_at,bm1_0.tmplat_id,bm1_0.use_at,bm1_1.answer_at,bm1_1.stsfdg_at from nbbsmaster bm1_0 left join nbbsmasteroptn bm1_1 on bm1_0.bbs_id=bm1_1.bbs_id where bm1_0.bbs_id=?
2026-03-16 17:02:02 [http-nio-8080-exec-15] DEBUG c.c.p.s.jwt.JwtAuthenticationFilter - >>> [JwtFilter] Processing request: GET /api/v1/menu/left
2026-03-16 17:02:02 [http-nio-8080-exec-15] DEBUG c.c.p.s.jwt.JwtAuthenticationFilter - >>> [JwtFilter] Found token in header for path: /api/v1/menu/left
2026-03-16 17:02:02 [http-nio-8080-exec-15] DEBUG o.s.orm.jpa.JpaTransactionManager - Creating new transaction with name [com.company.project.security.iam.CustomUserDetailsService.loadUserByUsername]: PROPAGATION_REQUIRED,ISOLATION_DEFAULT,readOnly
2026-03-16 17:02:02 [http-nio-8080-exec-15] DEBUG o.s.orm.jpa.JpaTransactionManager - Opened new EntityManager [SessionImpl(190783470<open>)] for JPA transaction
2026-03-16 17:02:02 [http-nio-8080-exec-15] DEBUG o.s.orm.jpa.JpaTransactionManager - Exposing JPA transaction as JDBC [org.springframework.orm.jpa.vendor.HibernateJpaDialect$HibernateConnectionHandle@1f8e668d]
2026-03-16 17:02:02 [http-nio-8080-exec-15] DEBUG o.s.orm.jpa.JpaTransactionManager - Found thread-bound EntityManager [SessionImpl(190783470<open>)] for JPA transaction
2026-03-16 17:02:02 [http-nio-8080-exec-15] DEBUG o.s.orm.jpa.JpaTransactionManager - Participating in existing transaction
2026-03-16 17:02:02 [http-nio-8080-exec-15] DEBUG org.hibernate.SQL - select u1_0.emplyr_id,u1_0.area_no,u1_0.brthdy,u1_0.chg_pwd_cnt,u1_0.frst_register_id,u1_0.frst_regist_pnttm,u1_0.detail_adres,u1_0.email_adres,u1_0.emplyr_sttus_code,u1_0.empl_no,u1_0.esntl_id,u1_0.fxnum,u1_0.group_id,u1_0.house_adres,u1_0.house_end_telno,u1_0.house_middle_telno,u1_0.ihidnum,u1_0.pstinst_code,u1_0.last_updusr_id,u1_0.last_updt_pnttm,u1_0.lock_at,u1_0.lock_cnt,u1_0.lock_last_pnttm,u1_0.mbtlnum,u1_0.ofcps_nm,u1_0.offm_telno,u1_0.orgnzt_id,u1_0.password,u1_0.password_cnsr,u1_0.password_hint,u1_0.chg_pwd_last_pnttm,u1_0.role,u1_0.sbscrb_de,u1_0.sexdstn_code,u1_0.crtfc_dn_value,u1_0.user_nm,u1_0.zip from nemplyrinfo u1_0 where u1_0.emplyr_id=?
2026-03-16 17:02:02 [http-nio-8080-exec-12] DEBUG c.c.p.s.jwt.JwtAuthenticationFilter - >>> [JwtFilter] Processing request: GET /api/v1/menu/left
2026-03-16 17:02:02 [http-nio-8080-exec-12] DEBUG c.c.p.s.jwt.JwtAuthenticationFilter - >>> [JwtFilter] Found token in header for path: /api/v1/menu/left
2026-03-16 17:02:02 [http-nio-8080-exec-11] DEBUG c.c.p.s.jwt.JwtAuthenticationFilter - >>> [JwtFilter] Processing request: GET /api/v1/menu/left
2026-03-16 17:02:02 [http-nio-8080-exec-19] DEBUG c.c.p.s.jwt.JwtAuthenticationFilter - >>> [JwtFilter] Processing request: GET /api/v1/menu/left
2026-03-16 17:02:02 [http-nio-8080-exec-19] DEBUG c.c.p.s.jwt.JwtAuthenticationFilter - >>> [JwtFilter] Found token in header for path: /api/v1/menu/left
2026-03-16 17:02:02 [http-nio-8080-exec-10] DEBUG c.c.p.s.jwt.JwtAuthenticationFilter - >>> [JwtFilter] Processing request: GET /api/v1/menu/left
2026-03-16 17:02:02 [http-nio-8080-exec-11] DEBUG c.c.p.s.jwt.JwtAuthenticationFilter - >>> [JwtFilter] Found token in header for path: /api/v1/menu/left
2026-03-16 17:02:02 [http-nio-8080-exec-10] DEBUG c.c.p.s.jwt.JwtAuthenticationFilter - >>> [JwtFilter] Found token in header for path: /api/v1/menu/left
2026-03-16 17:02:02 [http-nio-8080-exec-19] DEBUG o.s.orm.jpa.JpaTransactionManager - Creating new transaction with name [com.company.project.security.iam.CustomUserDetailsService.loadUserByUsername]: PROPAGATION_REQUIRED,ISOLATION_DEFAULT,readOnly
2026-03-16 17:02:02 [http-nio-8080-exec-12] DEBUG o.s.orm.jpa.JpaTransactionManager - Creating new transaction with name [com.company.project.security.iam.CustomUserDetailsService.loadUserByUsername]: PROPAGATION_REQUIRED,ISOLATION_DEFAULT,readOnly
2026-03-16 17:02:02 [http-nio-8080-exec-19] DEBUG o.s.orm.jpa.JpaTransactionManager - Opened new EntityManager [SessionImpl(1250903526<open>)] for JPA transaction
2026-03-16 17:02:02 [http-nio-8080-exec-10] DEBUG o.s.orm.jpa.JpaTransactionManager - Creating new transaction with name [com.company.project.security.iam.CustomUserDetailsService.loadUserByUsername]: PROPAGATION_REQUIRED,ISOLATION_DEFAULT,readOnly
2026-03-16 17:02:02 [http-nio-8080-exec-12] DEBUG o.s.orm.jpa.JpaTransactionManager - Opened new EntityManager [SessionImpl(1914055432<open>)] for JPA transaction
2026-03-16 17:02:02 [http-nio-8080-exec-10] DEBUG o.s.orm.jpa.JpaTransactionManager - Opened new EntityManager [SessionImpl(1092919297<open>)] for JPA transaction
2026-03-16 17:02:02 [http-nio-8080-exec-11] DEBUG o.s.orm.jpa.JpaTransactionManager - Creating new transaction with name [com.company.project.security.iam.CustomUserDetailsService.loadUserByUsername]: PROPAGATION_REQUIRED,ISOLATION_DEFAULT,readOnly
2026-03-16 17:02:02 [http-nio-8080-exec-11] DEBUG o.s.orm.jpa.JpaTransactionManager - Opened new EntityManager [SessionImpl(1325143708<open>)] for JPA transaction
2026-03-16 17:02:02 [http-nio-8080-exec-11] DEBUG o.s.orm.jpa.JpaTransactionManager - Exposing JPA transaction as JDBC [org.springframework.orm.jpa.vendor.HibernateJpaDialect$HibernateConnectionHandle@32879520]
2026-03-16 17:02:02 [http-nio-8080-exec-11] DEBUG o.s.orm.jpa.JpaTransactionManager - Found thread-bound EntityManager [SessionImpl(1325143708<open>)] for JPA transaction
2026-03-16 17:02:02 [http-nio-8080-exec-11] DEBUG o.s.orm.jpa.JpaTransactionManager - Participating in existing transaction
2026-03-16 17:02:02 [http-nio-8080-exec-11] DEBUG org.hibernate.SQL - select u1_0.emplyr_id,u1_0.area_no,u1_0.brthdy,u1_0.chg_pwd_cnt,u1_0.frst_register_id,u1_0.frst_regist_pnttm,u1_0.detail_adres,u1_0.email_adres,u1_0.emplyr_sttus_code,u1_0.empl_no,u1_0.esntl_id,u1_0.fxnum,u1_0.group_id,u1_0.house_adres,u1_0.house_end_telno,u1_0.house_middle_telno,u1_0.ihidnum,u1_0.pstinst_code,u1_0.last_updusr_id,u1_0.last_updt_pnttm,u1_0.lock_at,u1_0.lock_cnt,u1_0.lock_last_pnttm,u1_0.mbtlnum,u1_0.ofcps_nm,u1_0.offm_telno,u1_0.orgnzt_id,u1_0.password,u1_0.password_cnsr,u1_0.password_hint,u1_0.chg_pwd_last_pnttm,u1_0.role,u1_0.sbscrb_de,u1_0.sexdstn_code,u1_0.crtfc_dn_value,u1_0.user_nm,u1_0.zip from nemplyrinfo u1_0 where u1_0.emplyr_id=?
2026-03-16 17:02:02 [http-nio-8080-exec-10] DEBUG o.s.orm.jpa.JpaTransactionManager - Exposing JPA transaction as JDBC [org.springframework.orm.jpa.vendor.HibernateJpaDialect$HibernateConnectionHandle@75123ad]
2026-03-16 17:02:02 [http-nio-8080-exec-19] DEBUG o.s.orm.jpa.JpaTransactionManager - Exposing JPA transaction as JDBC [org.springframework.orm.jpa.vendor.HibernateJpaDialect$HibernateConnectionHandle@48133cb5]
2026-03-16 17:02:02 [http-nio-8080-exec-10] DEBUG o.s.orm.jpa.JpaTransactionManager - Found thread-bound EntityManager [SessionImpl(1092919297<open>)] for JPA transaction
2026-03-16 17:02:02 [http-nio-8080-exec-15] DEBUG o.s.orm.jpa.JpaTransactionManager - Found thread-bound EntityManager [SessionImpl(190783470<open>)] for JPA transaction
2026-03-16 17:02:02 [http-nio-8080-exec-11] DEBUG o.s.orm.jpa.JpaTransactionManager - Found thread-bound EntityManager [SessionImpl(1325143708<open>)] for JPA transaction
2026-03-16 17:02:02 [http-nio-8080-exec-19] DEBUG o.s.orm.jpa.JpaTransactionManager - Found thread-bound EntityManager [SessionImpl(1250903526<open>)] for JPA transaction
2026-03-16 17:02:02 [http-nio-8080-exec-15] DEBUG o.s.orm.jpa.JpaTransactionManager - Participating in existing transaction
2026-03-16 17:02:02 [http-nio-8080-exec-10] DEBUG o.s.orm.jpa.JpaTransactionManager - Participating in existing transaction
2026-03-16 17:02:02 [http-nio-8080-exec-11] DEBUG o.s.orm.jpa.JpaTransactionManager - Participating in existing transaction
2026-03-16 17:02:02 [http-nio-8080-exec-19] DEBUG o.s.orm.jpa.JpaTransactionManager - Participating in existing transaction
2026-03-16 17:02:02 [http-nio-8080-exec-15] DEBUG org.hibernate.SQL - select ua1_0.scrty_dtrmn_trget_id,ua1_0.author_code,ua1_0.frst_register_id,ua1_0.frst_regist_pnttm,ua1_0.last_updusr_id,ua1_0.last_updt_pnttm,ua1_0.mber_ty_code from nemplyrscrtyestbs ua1_0 where ua1_0.scrty_dtrmn_trget_id=?
2026-03-16 17:02:02 [http-nio-8080-exec-10] DEBUG org.hibernate.SQL - select u1_0.emplyr_id,u1_0.area_no,u1_0.brthdy,u1_0.chg_pwd_cnt,u1_0.frst_register_id,u1_0.frst_regist_pnttm,u1_0.detail_adres,u1_0.email_adres,u1_0.emplyr_sttus_code,u1_0.empl_no,u1_0.esntl_id,u1_0.fxnum,u1_0.group_id,u1_0.house_adres,u1_0.house_end_telno,u1_0.house_middle_telno,u1_0.ihidnum,u1_0.pstinst_code,u1_0.last_updusr_id,u1_0.last_updt_pnttm,u1_0.lock_at,u1_0.lock_cnt,u1_0.lock_last_pnttm,u1_0.mbtlnum,u1_0.ofcps_nm,u1_0.offm_telno,u1_0.orgnzt_id,u1_0.password,u1_0.password_cnsr,u1_0.password_hint,u1_0.chg_pwd_last_pnttm,u1_0.role,u1_0.sbscrb_de,u1_0.sexdstn_code,u1_0.crtfc_dn_value,u1_0.user_nm,u1_0.zip from nemplyrinfo u1_0 where u1_0.emplyr_id=?
2026-03-16 17:02:02 [http-nio-8080-exec-11] DEBUG org.hibernate.SQL - select ua1_0.scrty_dtrmn_trget_id,ua1_0.author_code,ua1_0.frst_register_id,ua1_0.frst_regist_pnttm,ua1_0.last_updusr_id,ua1_0.last_updt_pnttm,ua1_0.mber_ty_code from nemplyrscrtyestbs ua1_0 where ua1_0.scrty_dtrmn_trget_id=?
2026-03-16 17:02:02 [http-nio-8080-exec-19] DEBUG org.hibernate.SQL - select u1_0.emplyr_id,u1_0.area_no,u1_0.brthdy,u1_0.chg_pwd_cnt,u1_0.frst_register_id,u1_0.frst_regist_pnttm,u1_0.detail_adres,u1_0.email_adres,u1_0.emplyr_sttus_code,u1_0.empl_no,u1_0.esntl_id,u1_0.fxnum,u1_0.group_id,u1_0.house_adres,u1_0.house_end_telno,u1_0.house_middle_telno,u1_0.ihidnum,u1_0.pstinst_code,u1_0.last_updusr_id,u1_0.last_updt_pnttm,u1_0.lock_at,u1_0.lock_cnt,u1_0.lock_last_pnttm,u1_0.mbtlnum,u1_0.ofcps_nm,u1_0.offm_telno,u1_0.orgnzt_id,u1_0.password,u1_0.password_cnsr,u1_0.password_hint,u1_0.chg_pwd_last_pnttm,u1_0.role,u1_0.sbscrb_de,u1_0.sexdstn_code,u1_0.crtfc_dn_value,u1_0.user_nm,u1_0.zip from nemplyrinfo u1_0 where u1_0.emplyr_id=?
2026-03-16 17:02:02 [http-nio-8080-exec-3] DEBUG org.hibernate.SQL - select b1_0.ntt_id,b1_0.bbs_id,b1_0.ntt_sj,b1_0.ntcr_nm,b1_0.frst_regist_pnttm,b1_0.rdcnt,b1_0.answer_at,b1_0.parntsctt_no,b1_0.answer_lc,b1_0.sort_ordr,b1_0.ntt_no,b1_0.notice_at,b1_0.secret_at,b1_0.comment_co from nbbs b1_0 left join nemplyrinfo u1_0 on b1_0.frst_register_id=u1_0.esntl_id where (b1_0.use_at = 'Y') and b1_0.bbs_id=? order by b1_0.sort_ordr desc,b1_0.ntt_no offset ? rows fetch first ? rows only
2026-03-16 17:02:02 [http-nio-8080-exec-12] DEBUG o.s.orm.jpa.JpaTransactionManager - Exposing JPA transaction as JDBC [org.springframework.orm.jpa.vendor.HibernateJpaDialect$HibernateConnectionHandle@799f9a8a]
2026-03-16 17:02:02 [http-nio-8080-exec-12] DEBUG o.s.orm.jpa.JpaTransactionManager - Found thread-bound EntityManager [SessionImpl(1914055432<open>)] for JPA transaction
2026-03-16 17:02:02 [http-nio-8080-exec-12] DEBUG o.s.orm.jpa.JpaTransactionManager - Participating in existing transaction
2026-03-16 17:02:02 [http-nio-8080-exec-12] DEBUG org.hibernate.SQL - select u1_0.emplyr_id,u1_0.area_no,u1_0.brthdy,u1_0.chg_pwd_cnt,u1_0.frst_register_id,u1_0.frst_regist_pnttm,u1_0.detail_adres,u1_0.email_adres,u1_0.emplyr_sttus_code,u1_0.empl_no,u1_0.esntl_id,u1_0.fxnum,u1_0.group_id,u1_0.house_adres,u1_0.house_end_telno,u1_0.house_middle_telno,u1_0.ihidnum,u1_0.pstinst_code,u1_0.last_updusr_id,u1_0.last_updt_pnttm,u1_0.lock_at,u1_0.lock_cnt,u1_0.lock_last_pnttm,u1_0.mbtlnum,u1_0.ofcps_nm,u1_0.offm_telno,u1_0.orgnzt_id,u1_0.password,u1_0.password_cnsr,u1_0.password_hint,u1_0.chg_pwd_last_pnttm,u1_0.role,u1_0.sbscrb_de,u1_0.sexdstn_code,u1_0.crtfc_dn_value,u1_0.user_nm,u1_0.zip from nemplyrinfo u1_0 where u1_0.emplyr_id=?
2026-03-16 17:02:02 [http-nio-8080-exec-17] DEBUG o.s.orm.jpa.JpaTransactionManager - Found thread-bound EntityManager [SessionImpl(1417433219<open>)] for JPA transaction
2026-03-16 17:02:02 [http-nio-8080-exec-17] DEBUG o.s.orm.jpa.JpaTransactionManager - Participating in existing transaction
2026-03-16 17:02:02 [http-nio-8080-exec-17] DEBUG org.hibernate.SQL - select p1_0.progrm_file_nm,p1_0.progrm_dc,p1_0.progrm_korean_nm,p1_0.progrm_stre_path,p1_0.url from nprogrmlist p1_0
2026-03-16 17:02:02 [http-nio-8080-exec-11] DEBUG o.s.orm.jpa.JpaTransactionManager - Initiating transaction commit
2026-03-16 17:02:02 [http-nio-8080-exec-10] DEBUG o.s.orm.jpa.JpaTransactionManager - Found thread-bound EntityManager [SessionImpl(1092919297<open>)] for JPA transaction
2026-03-16 17:02:02 [http-nio-8080-exec-19] DEBUG o.s.orm.jpa.JpaTransactionManager - Found thread-bound EntityManager [SessionImpl(1250903526<open>)] for JPA transaction
2026-03-16 17:02:02 [http-nio-8080-exec-15] DEBUG o.s.orm.jpa.JpaTransactionManager - Initiating transaction commit
2026-03-16 17:02:02 [http-nio-8080-exec-11] DEBUG o.s.orm.jpa.JpaTransactionManager - Committing JPA transaction on EntityManager [SessionImpl(1325143708<open>)]
2026-03-16 17:02:02 [http-nio-8080-exec-10] DEBUG o.s.orm.jpa.JpaTransactionManager - Participating in existing transaction
2026-03-16 17:02:02 [http-nio-8080-exec-19] DEBUG o.s.orm.jpa.JpaTransactionManager - Participating in existing transaction
2026-03-16 17:02:02 [http-nio-8080-exec-10] DEBUG org.hibernate.SQL - select ua1_0.scrty_dtrmn_trget_id,ua1_0.author_code,ua1_0.frst_register_id,ua1_0.frst_regist_pnttm,ua1_0.last_updusr_id,ua1_0.last_updt_pnttm,ua1_0.mber_ty_code from nemplyrscrtyestbs ua1_0 where ua1_0.scrty_dtrmn_trget_id=?
2026-03-16 17:02:02 [http-nio-8080-exec-15] DEBUG o.s.orm.jpa.JpaTransactionManager - Committing JPA transaction on EntityManager [SessionImpl(190783470<open>)]
2026-03-16 17:02:02 [http-nio-8080-exec-19] DEBUG org.hibernate.SQL - select ua1_0.scrty_dtrmn_trget_id,ua1_0.author_code,ua1_0.frst_register_id,ua1_0.frst_regist_pnttm,ua1_0.last_updusr_id,ua1_0.last_updt_pnttm,ua1_0.mber_ty_code from nemplyrscrtyestbs ua1_0 where ua1_0.scrty_dtrmn_trget_id=?
2026-03-16 17:02:02 [http-nio-8080-exec-3] DEBUG org.hibernate.SQL - select count(b1_0.ntt_id) from nbbs b1_0 left join nemplyrinfo u1_0 on b1_0.frst_register_id=u1_0.esntl_id where (b1_0.use_at = 'Y') and b1_0.bbs_id=?
2026-03-16 17:02:02 [http-nio-8080-exec-12] DEBUG o.s.orm.jpa.JpaTransactionManager - Found thread-bound EntityManager [SessionImpl(1914055432<open>)] for JPA transaction
2026-03-16 17:02:02 [http-nio-8080-exec-12] DEBUG o.s.orm.jpa.JpaTransactionManager - Participating in existing transaction
2026-03-16 17:02:02 [http-nio-8080-exec-12] DEBUG org.hibernate.SQL - select ua1_0.scrty_dtrmn_trget_id,ua1_0.author_code,ua1_0.frst_register_id,ua1_0.frst_regist_pnttm,ua1_0.last_updusr_id,ua1_0.last_updt_pnttm,ua1_0.mber_ty_code from nemplyrscrtyestbs ua1_0 where ua1_0.scrty_dtrmn_trget_id=?
2026-03-16 17:02:03 [http-nio-8080-exec-11] DEBUG o.s.orm.jpa.JpaTransactionManager - Closing JPA EntityManager [SessionImpl(1325143708<open>)] after transaction
2026-03-16 17:02:03 [http-nio-8080-exec-11] DEBUG c.c.p.s.jwt.JwtAuthenticationFilter - >>> [JwtFilter] Successfully authenticated user: USRCNFRM_99999999999, Authorities: [ROLE_ADMIN]
2026-03-16 17:02:03 [http-nio-8080-exec-11] DEBUG o.s.web.servlet.DispatcherServlet - GET "/api/v1/menu/left?menuNo=40", parameters={masked}
2026-03-16 17:02:03 [http-nio-8080-exec-11] TRACE o.s.w.s.m.m.a.RequestMappingHandlerMapping - Mapped to com.company.project.api.controller.menu.MenuController#getLeftMenu(Long)
2026-03-16 17:02:03 [http-nio-8080-exec-11] INFO  c.c.p.a.c.menu.MenuController - getLeftMenu called with menuNo=40
2026-03-16 17:02:03 [http-nio-8080-exec-11] DEBUG o.s.orm.jpa.JpaTransactionManager - Creating new transaction with name [com.company.project.service.menu.MenuService.getSubMenus]: PROPAGATION_REQUIRED,ISOLATION_DEFAULT,readOnly
2026-03-16 17:02:03 [http-nio-8080-exec-11] DEBUG o.s.orm.jpa.JpaTransactionManager - Opened new EntityManager [SessionImpl(436862448<open>)] for JPA transaction
2026-03-16 17:02:03 [http-nio-8080-exec-11] DEBUG o.s.orm.jpa.JpaTransactionManager - Exposing JPA transaction as JDBC [org.springframework.orm.jpa.vendor.HibernateJpaDialect$HibernateConnectionHandle@6d210958]
2026-03-16 17:02:03 [http-nio-8080-exec-11] DEBUG org.hibernate.SQL - select m1_0.menu_no,m1_0.menu_dc,m1_0.menu_nm,m1_0.menu_ordr,m1_0.modern_route,m1_0.progrm_file_nm,m1_0.relate_image_nm,m1_0.relate_image_path,m1_0.route_updated_at,m1_0.upper_menu_no from nmenuinfo m1_0 order by m1_0.upper_menu_no,m1_0.menu_ordr
2026-03-16 17:02:03 [http-nio-8080-exec-19] DEBUG o.s.orm.jpa.JpaTransactionManager - Initiating transaction commit
2026-03-16 17:02:03 [http-nio-8080-exec-19] DEBUG o.s.orm.jpa.JpaTransactionManager - Committing JPA transaction on EntityManager [SessionImpl(1250903526<open>)]
2026-03-16 17:02:03 [http-nio-8080-exec-10] DEBUG o.s.orm.jpa.JpaTransactionManager - Initiating transaction commit
2026-03-16 17:02:03 [http-nio-8080-exec-10] DEBUG o.s.orm.jpa.JpaTransactionManager - Committing JPA transaction on EntityManager [SessionImpl(1092919297<open>)]
2026-03-16 17:02:03 [http-nio-8080-exec-3] DEBUG o.s.orm.jpa.JpaTransactionManager - Initiating transaction commit
2026-03-16 17:02:03 [http-nio-8080-exec-3] DEBUG o.s.orm.jpa.JpaTransactionManager - Committing JPA transaction on EntityManager [SessionImpl(1526290147<open>)]
2026-03-16 17:02:03 [http-nio-8080-exec-15] DEBUG o.s.orm.jpa.JpaTransactionManager - Closing JPA EntityManager [SessionImpl(190783470<open>)] after transaction
2026-03-16 17:02:03 [http-nio-8080-exec-15] DEBUG c.c.p.s.jwt.JwtAuthenticationFilter - >>> [JwtFilter] Successfully authenticated user: USRCNFRM_99999999999, Authorities: [ROLE_ADMIN]
2026-03-16 17:02:03 [http-nio-8080-exec-15] DEBUG o.s.web.servlet.DispatcherServlet - GET "/api/v1/menu/left?menuNo=10", parameters={masked}
2026-03-16 17:02:03 [http-nio-8080-exec-15] TRACE o.s.w.s.m.m.a.RequestMappingHandlerMapping - Mapped to com.company.project.api.controller.menu.MenuController#getLeftMenu(Long)
2026-03-16 17:02:03 [http-nio-8080-exec-15] INFO  c.c.p.a.c.menu.MenuController - getLeftMenu called with menuNo=10
2026-03-16 17:02:03 [http-nio-8080-exec-15] DEBUG o.s.orm.jpa.JpaTransactionManager - Creating new transaction with name [com.company.project.service.menu.MenuService.getSubMenus]: PROPAGATION_REQUIRED,ISOLATION_DEFAULT,readOnly
2026-03-16 17:02:03 [http-nio-8080-exec-15] DEBUG o.s.orm.jpa.JpaTransactionManager - Opened new EntityManager [SessionImpl(1079163320<open>)] for JPA transaction
2026-03-16 17:02:03 [http-nio-8080-exec-15] DEBUG o.s.orm.jpa.JpaTransactionManager - Exposing JPA transaction as JDBC [org.springframework.orm.jpa.vendor.HibernateJpaDialect$HibernateConnectionHandle@64681280]
2026-03-16 17:02:03 [http-nio-8080-exec-15] DEBUG org.hibernate.SQL - select m1_0.menu_no,m1_0.menu_dc,m1_0.menu_nm,m1_0.menu_ordr,m1_0.modern_route,m1_0.progrm_file_nm,m1_0.relate_image_nm,m1_0.relate_image_path,m1_0.route_updated_at,m1_0.upper_menu_no from nmenuinfo m1_0 order by m1_0.upper_menu_no,m1_0.menu_ordr
2026-03-16 17:02:03 [http-nio-8080-exec-12] DEBUG o.s.orm.jpa.JpaTransactionManager - Initiating transaction commit
2026-03-16 17:02:03 [http-nio-8080-exec-12] DEBUG o.s.orm.jpa.JpaTransactionManager - Committing JPA transaction on EntityManager [SessionImpl(1914055432<open>)]
2026-03-16 17:02:03 [http-nio-8080-exec-17] DEBUG o.s.orm.jpa.JpaTransactionManager - Initiating transaction commit
2026-03-16 17:02:03 [http-nio-8080-exec-17] DEBUG o.s.orm.jpa.JpaTransactionManager - Committing JPA transaction on EntityManager [SessionImpl(1417433219<open>)]
2026-03-16 17:02:03 [http-nio-8080-exec-19] DEBUG o.s.orm.jpa.JpaTransactionManager - Closing JPA EntityManager [SessionImpl(1250903526<open>)] after transaction
2026-03-16 17:02:03 [http-nio-8080-exec-19] DEBUG c.c.p.s.jwt.JwtAuthenticationFilter - >>> [JwtFilter] Successfully authenticated user: USRCNFRM_99999999999, Authorities: [ROLE_ADMIN]
2026-03-16 17:02:03 [http-nio-8080-exec-19] DEBUG o.s.web.servlet.DispatcherServlet - GET "/api/v1/menu/left?menuNo=60", parameters={masked}
2026-03-16 17:02:03 [http-nio-8080-exec-19] TRACE o.s.w.s.m.m.a.RequestMappingHandlerMapping - Mapped to com.company.project.api.controller.menu.MenuController#getLeftMenu(Long)
2026-03-16 17:02:03 [http-nio-8080-exec-19] INFO  c.c.p.a.c.menu.MenuController - getLeftMenu called with menuNo=60
2026-03-16 17:02:03 [http-nio-8080-exec-19] DEBUG o.s.orm.jpa.JpaTransactionManager - Creating new transaction with name [com.company.project.service.menu.MenuService.getSubMenus]: PROPAGATION_REQUIRED,ISOLATION_DEFAULT,readOnly
2026-03-16 17:02:03 [http-nio-8080-exec-19] DEBUG o.s.orm.jpa.JpaTransactionManager - Opened new EntityManager [SessionImpl(1134717266<open>)] for JPA transaction
2026-03-16 17:02:03 [http-nio-8080-exec-19] DEBUG o.s.orm.jpa.JpaTransactionManager - Exposing JPA transaction as JDBC [org.springframework.orm.jpa.vendor.HibernateJpaDialect$HibernateConnectionHandle@2ab04381]
2026-03-16 17:02:03 [http-nio-8080-exec-19] DEBUG org.hibernate.SQL - select m1_0.menu_no,m1_0.menu_dc,m1_0.menu_nm,m1_0.menu_ordr,m1_0.modern_route,m1_0.progrm_file_nm,m1_0.relate_image_nm,m1_0.relate_image_path,m1_0.route_updated_at,m1_0.upper_menu_no from nmenuinfo m1_0 order by m1_0.upper_menu_no,m1_0.menu_ordr
2026-03-16 17:02:03 [http-nio-8080-exec-3] DEBUG o.s.orm.jpa.JpaTransactionManager - Closing JPA EntityManager [SessionImpl(1526290147<open>)] after transaction
2026-03-16 17:02:03 [http-nio-8080-exec-10] DEBUG o.s.orm.jpa.JpaTransactionManager - Closing JPA EntityManager [SessionImpl(1092919297<open>)] after transaction
2026-03-16 17:02:03 [http-nio-8080-exec-3] DEBUG o.s.orm.jpa.JpaTransactionManager - Creating new transaction with name [com.company.project.service.board.BoardService.getBoardPosts]: PROPAGATION_REQUIRED,ISOLATION_DEFAULT,readOnly
2026-03-16 17:02:03 [http-nio-8080-exec-3] DEBUG o.s.orm.jpa.JpaTransactionManager - Opened new EntityManager [SessionImpl(1929029872<open>)] for JPA transaction
2026-03-16 17:02:03 [http-nio-8080-exec-10] DEBUG c.c.p.s.jwt.JwtAuthenticationFilter - >>> [JwtFilter] Successfully authenticated user: USRCNFRM_99999999999, Authorities: [ROLE_ADMIN]
2026-03-16 17:02:03 [http-nio-8080-exec-3] DEBUG o.s.orm.jpa.JpaTransactionManager - Exposing JPA transaction as JDBC [org.springframework.orm.jpa.vendor.HibernateJpaDialect$HibernateConnectionHandle@3ebb697c]
2026-03-16 17:02:03 [http-nio-8080-exec-3] DEBUG o.s.orm.jpa.JpaTransactionManager - Found thread-bound EntityManager [SessionImpl(1929029872<open>)] for JPA transaction
2026-03-16 17:02:03 [http-nio-8080-exec-3] DEBUG o.s.orm.jpa.JpaTransactionManager - Participating in existing transaction
2026-03-16 17:02:03 [http-nio-8080-exec-3] DEBUG org.hibernate.SQL - select bm1_0.bbs_id,bm1_0.atch_posbl_file_number,bm1_0.atch_posbl_file_size,bm1_0.bbs_attrb_code,bm1_0.bbs_intrcn,bm1_0.bbs_nm,bm1_0.bbs_ty_code,bm1_0.blog_at,bm1_0.blog_id,bm1_0.cmmnty_id,bm1_0.frst_register_id,bm1_0.frst_regist_pnttm,bm1_0.file_atch_posbl_at,bm1_0.last_updusr_id,bm1_0.last_updt_pnttm,bm1_0.reply_posbl_at,bm1_0.tmplat_id,bm1_0.use_at,bm1_1.answer_at,bm1_1.stsfdg_at from nbbsmaster bm1_0 left join nbbsmasteroptn bm1_1 on bm1_0.bbs_id=bm1_1.bbs_id where bm1_0.bbs_id=?
2026-03-16 17:02:03 [http-nio-8080-exec-10] DEBUG o.s.web.servlet.DispatcherServlet - GET "/api/v1/menu/left?menuNo=50", parameters={masked}
2026-03-16 17:02:03 [http-nio-8080-exec-10] TRACE o.s.w.s.m.m.a.RequestMappingHandlerMapping - Mapped to com.company.project.api.controller.menu.MenuController#getLeftMenu(Long)
2026-03-16 17:02:03 [http-nio-8080-exec-10] INFO  c.c.p.a.c.menu.MenuController - getLeftMenu called with menuNo=50
2026-03-16 17:02:03 [http-nio-8080-exec-10] DEBUG o.s.orm.jpa.JpaTransactionManager - Creating new transaction with name [com.company.project.service.menu.MenuService.getSubMenus]: PROPAGATION_REQUIRED,ISOLATION_DEFAULT,readOnly
2026-03-16 17:02:03 [http-nio-8080-exec-10] DEBUG o.s.orm.jpa.JpaTransactionManager - Opened new EntityManager [SessionImpl(936090794<open>)] for JPA transaction
2026-03-16 17:02:03 [http-nio-8080-exec-10] DEBUG o.s.orm.jpa.JpaTransactionManager - Exposing JPA transaction as JDBC [org.springframework.orm.jpa.vendor.HibernateJpaDialect$HibernateConnectionHandle@57b361f9]
2026-03-16 17:02:03 [http-nio-8080-exec-10] DEBUG org.hibernate.SQL - select m1_0.menu_no,m1_0.menu_dc,m1_0.menu_nm,m1_0.menu_ordr,m1_0.modern_route,m1_0.progrm_file_nm,m1_0.relate_image_nm,m1_0.relate_image_path,m1_0.route_updated_at,m1_0.upper_menu_no from nmenuinfo m1_0 order by m1_0.upper_menu_no,m1_0.menu_ordr
2026-03-16 17:02:03 [http-nio-8080-exec-12] DEBUG o.s.orm.jpa.JpaTransactionManager - Closing JPA EntityManager [SessionImpl(1914055432<open>)] after transaction
2026-03-16 17:02:03 [http-nio-8080-exec-12] DEBUG c.c.p.s.jwt.JwtAuthenticationFilter - >>> [JwtFilter] Successfully authenticated user: USRCNFRM_99999999999, Authorities: [ROLE_ADMIN]
2026-03-16 17:02:03 [http-nio-8080-exec-12] DEBUG o.s.web.servlet.DispatcherServlet - GET "/api/v1/menu/left?menuNo=20", parameters={masked}
2026-03-16 17:02:03 [http-nio-8080-exec-12] TRACE o.s.w.s.m.m.a.RequestMappingHandlerMapping - Mapped to com.company.project.api.controller.menu.MenuController#getLeftMenu(Long)
2026-03-16 17:02:03 [http-nio-8080-exec-12] INFO  c.c.p.a.c.menu.MenuController - getLeftMenu called with menuNo=20
2026-03-16 17:02:03 [http-nio-8080-exec-12] DEBUG o.s.orm.jpa.JpaTransactionManager - Creating new transaction with name [com.company.project.service.menu.MenuService.getSubMenus]: PROPAGATION_REQUIRED,ISOLATION_DEFAULT,readOnly
2026-03-16 17:02:03 [http-nio-8080-exec-12] DEBUG o.s.orm.jpa.JpaTransactionManager - Opened new EntityManager [SessionImpl(121960919<open>)] for JPA transaction
2026-03-16 17:02:03 [http-nio-8080-exec-12] DEBUG o.s.orm.jpa.JpaTransactionManager - Exposing JPA transaction as JDBC [org.springframework.orm.jpa.vendor.HibernateJpaDialect$HibernateConnectionHandle@7771ee6a]
2026-03-16 17:02:03 [http-nio-8080-exec-12] DEBUG org.hibernate.SQL - select m1_0.menu_no,m1_0.menu_dc,m1_0.menu_nm,m1_0.menu_ordr,m1_0.modern_route,m1_0.progrm_file_nm,m1_0.relate_image_nm,m1_0.relate_image_path,m1_0.route_updated_at,m1_0.upper_menu_no from nmenuinfo m1_0 order by m1_0.upper_menu_no,m1_0.menu_ordr
2026-03-16 17:02:03 [http-nio-8080-exec-17] DEBUG o.s.orm.jpa.JpaTransactionManager - Closing JPA EntityManager [SessionImpl(1417433219<open>)] after transaction
2026-03-16 17:02:03 [http-nio-8080-exec-17] INFO  c.c.p.a.c.menu.MenuController - getLeftMenu returned 5 items
2026-03-16 17:02:03 [http-nio-8080-exec-17] DEBUG o.s.w.s.m.m.a.HttpEntityMethodProcessor - Using 'application/json', given [application/json, text/plain, */*] and supported [application/json, application/*+json, application/yaml]
2026-03-16 17:02:03 [http-nio-8080-exec-17] TRACE o.s.w.s.m.m.a.HttpEntityMethodProcessor - Writing [ApiResponse[success=true, status=200, code=COMMON_001, message=Success, data={list=[com.company.project.service.menu.dto.MenuDto@275919c2, com.company.project.service.menu.dto.MenuDto@5d9794fd, com.company.project.service.menu.dto.MenuDto@10dc3704, com.company.project.service.menu.dto.MenuDto@38ce3cb5, com.company.project.service.menu.dto.MenuDto@5736b567]}, timestamp=2026-03-16T17:02:03.247929700]]
2026-03-16 17:02:03 [http-nio-8080-exec-17] INFO  c.c.p.a.i.OperationalAuditInterceptor - API Audit Log: URL=/api/v1/menu/left, User=webmaster, IP=127.0.0.1
2026-03-16 17:02:03 [http-nio-8080-exec-17] DEBUG o.s.web.servlet.DispatcherServlet - Completed 200 OK
2026-03-16 17:02:03 [http-nio-8080-exec-11] DEBUG o.s.orm.jpa.JpaTransactionManager - Found thread-bound EntityManager [SessionImpl(436862448<open>)] for JPA transaction
2026-03-16 17:02:03 [http-nio-8080-exec-11] DEBUG o.s.orm.jpa.JpaTransactionManager - Participating in existing transaction
2026-03-16 17:02:03 [http-nio-8080-exec-11] DEBUG org.hibernate.SQL - select p1_0.progrm_file_nm,p1_0.progrm_dc,p1_0.progrm_korean_nm,p1_0.progrm_stre_path,p1_0.url from nprogrmlist p1_0
2026-03-16 17:02:03 [http-nio-8080-exec-3] DEBUG org.hibernate.SQL - select b1_0.ntt_id,b1_0.bbs_id,b1_0.ntt_sj,b1_0.ntcr_nm,b1_0.frst_regist_pnttm,b1_0.rdcnt,b1_0.answer_at,b1_0.parntsctt_no,b1_0.answer_lc,b1_0.sort_ordr,b1_0.ntt_no,b1_0.notice_at,b1_0.secret_at,b1_0.comment_co from nbbs b1_0 left join nemplyrinfo u1_0 on b1_0.frst_register_id=u1_0.esntl_id where (b1_0.use_at = 'Y') and b1_0.bbs_id=? order by b1_0.sort_ordr desc,b1_0.ntt_no offset ? rows fetch first ? rows only
2026-03-16 17:02:03 [http-nio-8080-exec-15] DEBUG o.s.orm.jpa.JpaTransactionManager - Found thread-bound EntityManager [SessionImpl(1079163320<open>)] for JPA transaction
2026-03-16 17:02:03 [http-nio-8080-exec-15] DEBUG o.s.orm.jpa.JpaTransactionManager - Participating in existing transaction
2026-03-16 17:02:03 [http-nio-8080-exec-15] DEBUG org.hibernate.SQL - select p1_0.progrm_file_nm,p1_0.progrm_dc,p1_0.progrm_korean_nm,p1_0.progrm_stre_path,p1_0.url from nprogrmlist p1_0
2026-03-16 17:02:03 [http-nio-8080-exec-11] DEBUG o.s.orm.jpa.JpaTransactionManager - Initiating transaction commit
2026-03-16 17:02:03 [http-nio-8080-exec-11] DEBUG o.s.orm.jpa.JpaTransactionManager - Committing JPA transaction on EntityManager [SessionImpl(436862448<open>)]
2026-03-16 17:02:03 [http-nio-8080-exec-19] DEBUG o.s.orm.jpa.JpaTransactionManager - Found thread-bound EntityManager [SessionImpl(1134717266<open>)] for JPA transaction
2026-03-16 17:02:03 [http-nio-8080-exec-19] DEBUG o.s.orm.jpa.JpaTransactionManager - Participating in existing transaction
2026-03-16 17:02:03 [http-nio-8080-exec-19] DEBUG org.hibernate.SQL - select p1_0.progrm_file_nm,p1_0.progrm_dc,p1_0.progrm_korean_nm,p1_0.progrm_stre_path,p1_0.url from nprogrmlist p1_0
2026-03-16 17:02:03 [http-nio-8080-exec-3] DEBUG org.hibernate.SQL - select count(b1_0.ntt_id) from nbbs b1_0 left join nemplyrinfo u1_0 on b1_0.frst_register_id=u1_0.esntl_id where (b1_0.use_at = 'Y') and b1_0.bbs_id=?
2026-03-16 17:02:03 [http-nio-8080-exec-12] DEBUG o.s.orm.jpa.JpaTransactionManager - Found thread-bound EntityManager [SessionImpl(121960919<open>)] for JPA transaction
2026-03-16 17:02:03 [http-nio-8080-exec-12] DEBUG o.s.orm.jpa.JpaTransactionManager - Participating in existing transaction
2026-03-16 17:02:03 [http-nio-8080-exec-12] DEBUG org.hibernate.SQL - select p1_0.progrm_file_nm,p1_0.progrm_dc,p1_0.progrm_korean_nm,p1_0.progrm_stre_path,p1_0.url from nprogrmlist p1_0
2026-03-16 17:02:03 [http-nio-8080-exec-15] DEBUG o.s.orm.jpa.JpaTransactionManager - Initiating transaction commit
2026-03-16 17:02:03 [http-nio-8080-exec-15] DEBUG o.s.orm.jpa.JpaTransactionManager - Committing JPA transaction on EntityManager [SessionImpl(1079163320<open>)]
2026-03-16 17:02:03 [http-nio-8080-exec-11] DEBUG o.s.orm.jpa.JpaTransactionManager - Closing JPA EntityManager [SessionImpl(436862448<open>)] after transaction
2026-03-16 17:02:03 [http-nio-8080-exec-11] INFO  c.c.p.a.c.menu.MenuController - getLeftMenu returned 2 items
2026-03-16 17:02:03 [http-nio-8080-exec-11] DEBUG o.s.w.s.m.m.a.HttpEntityMethodProcessor - Using 'application/json', given [application/json, text/plain, */*] and supported [application/json, application/*+json, application/yaml]
2026-03-16 17:02:03 [http-nio-8080-exec-11] TRACE o.s.w.s.m.m.a.HttpEntityMethodProcessor - Writing [ApiResponse[success=true, status=200, code=COMMON_001, message=Success, data={list=[com.company.project.service.menu.dto.MenuDto@72d94c12, com.company.project.service.menu.dto.MenuDto@3691a4ab]}, timestamp=2026-03-16T17:02:03.670642400]]
2026-03-16 17:02:03 [http-nio-8080-exec-11] INFO  c.c.p.a.i.OperationalAuditInterceptor - API Audit Log: URL=/api/v1/menu/left, User=webmaster, IP=0:0:0:0:0:0:0:1
2026-03-16 17:02:03 [http-nio-8080-exec-11] DEBUG o.s.web.servlet.DispatcherServlet - Completed 200 OK
2026-03-16 17:02:03 [http-nio-8080-exec-10] DEBUG o.s.orm.jpa.JpaTransactionManager - Found thread-bound EntityManager [SessionImpl(936090794<open>)] for JPA transaction
2026-03-16 17:02:03 [http-nio-8080-exec-10] DEBUG o.s.orm.jpa.JpaTransactionManager - Participating in existing transaction
2026-03-16 17:02:03 [http-nio-8080-exec-10] DEBUG org.hibernate.SQL - select p1_0.progrm_file_nm,p1_0.progrm_dc,p1_0.progrm_korean_nm,p1_0.progrm_stre_path,p1_0.url from nprogrmlist p1_0
2026-03-16 17:02:03 [http-nio-8080-exec-3] DEBUG o.s.orm.jpa.JpaTransactionManager - Initiating transaction commit
2026-03-16 17:02:03 [http-nio-8080-exec-3] DEBUG o.s.orm.jpa.JpaTransactionManager - Committing JPA transaction on EntityManager [SessionImpl(1929029872<open>)]
2026-03-16 17:02:03 [http-nio-8080-exec-12] DEBUG o.s.orm.jpa.JpaTransactionManager - Initiating transaction commit
2026-03-16 17:02:03 [http-nio-8080-exec-15] DEBUG o.s.orm.jpa.JpaTransactionManager - Closing JPA EntityManager [SessionImpl(1079163320<open>)] after transaction
2026-03-16 17:02:03 [http-nio-8080-exec-12] DEBUG o.s.orm.jpa.JpaTransactionManager - Committing JPA transaction on EntityManager [SessionImpl(121960919<open>)]
2026-03-16 17:02:03 [http-nio-8080-exec-15] INFO  c.c.p.a.c.menu.MenuController - getLeftMenu returned 5 items
2026-03-16 17:02:03 [http-nio-8080-exec-15] DEBUG o.s.w.s.m.m.a.HttpEntityMethodProcessor - Using 'application/json', given [application/json, text/plain, */*] and supported [application/json, application/*+json, application/yaml]
2026-03-16 17:02:03 [http-nio-8080-exec-15] TRACE o.s.w.s.m.m.a.HttpEntityMethodProcessor - Writing [ApiResponse[success=true, status=200, code=COMMON_001, message=Success, data={list=[com.company.project.service.menu.dto.MenuDto@79af0e5b, com.company.project.service.menu.dto.MenuDto@24b97eac, com.company.project.service.menu.dto.MenuDto@54a5771c, com.company.project.service.menu.dto.MenuDto@22a1d2f6, com.company.project.service.menu.dto.MenuDto@237ddd2f]}, timestamp=2026-03-16T17:02:03.701636700]]
2026-03-16 17:02:03 [http-nio-8080-exec-15] INFO  c.c.p.a.i.OperationalAuditInterceptor - API Audit Log: URL=/api/v1/menu/left, User=webmaster, IP=0:0:0:0:0:0:0:1
2026-03-16 17:02:03 [http-nio-8080-exec-15] DEBUG o.s.web.servlet.DispatcherServlet - Completed 200 OK
2026-03-16 17:02:03 [http-nio-8080-exec-19] DEBUG o.s.orm.jpa.JpaTransactionManager - Initiating transaction commit
2026-03-16 17:02:03 [http-nio-8080-exec-19] DEBUG o.s.orm.jpa.JpaTransactionManager - Committing JPA transaction on EntityManager [SessionImpl(1134717266<open>)]
2026-03-16 17:02:03 [http-nio-8080-exec-3] DEBUG o.s.orm.jpa.JpaTransactionManager - Closing JPA EntityManager [SessionImpl(1929029872<open>)] after transaction
2026-03-16 17:02:03 [http-nio-8080-exec-3] DEBUG o.s.orm.jpa.JpaTransactionManager - Creating new transaction with name [com.company.project.service.informalsanction.InformalSanctionServiceImpl.getReceivedInformalSanctionList]: PROPAGATION_REQUIRED,ISOLATION_DEFAULT,readOnly
2026-03-16 17:02:03 [http-nio-8080-exec-3] DEBUG o.s.orm.jpa.JpaTransactionManager - Opened new EntityManager [SessionImpl(1075904947<open>)] for JPA transaction
2026-03-16 17:02:03 [http-nio-8080-exec-3] DEBUG o.s.orm.jpa.JpaTransactionManager - Exposing JPA transaction as JDBC [org.springframework.orm.jpa.vendor.HibernateJpaDialect$HibernateConnectionHandle@53e832ff]
2026-03-16 17:02:03 [http-nio-8080-exec-3] DEBUG org.hibernate.SQL - select is1_0.infrml_sanctn_id,is1_0.applcnt_id,is1_0.confm_at,is1_0.frst_register_id,is1_0.frst_regist_pnttm,is1_0.job_se_code,is1_0.last_updusr_id,is1_0.last_updt_pnttm,is1_0.reqst_de,is1_0.return_resn,is1_0.sanctn_dt,is1_0.sanctner_id from ninfrmlsanctn is1_0 where is1_0.sanctner_id=?
2026-03-16 17:02:03 [http-nio-8080-exec-12] DEBUG o.s.orm.jpa.JpaTransactionManager - Closing JPA EntityManager [SessionImpl(121960919<open>)] after transaction
2026-03-16 17:02:03 [http-nio-8080-exec-12] INFO  c.c.p.a.c.menu.MenuController - getLeftMenu returned 3 items
2026-03-16 17:02:03 [http-nio-8080-exec-12] DEBUG o.s.w.s.m.m.a.HttpEntityMethodProcessor - Using 'application/json', given [application/json, text/plain, */*] and supported [application/json, application/*+json, application/yaml]
2026-03-16 17:02:03 [http-nio-8080-exec-12] TRACE o.s.w.s.m.m.a.HttpEntityMethodProcessor - Writing [ApiResponse[success=true, status=200, code=COMMON_001, message=Success, data={list=[com.company.project.service.menu.dto.MenuDto@3d6b31c4, com.company.project.service.menu.dto.MenuDto@2b1b2f8b, com.company.project.service.menu.dto.MenuDto@966449e]}, timestamp=2026-03-16T17:02:03.856616200]]
2026-03-16 17:02:03 [http-nio-8080-exec-12] INFO  c.c.p.a.i.OperationalAuditInterceptor - API Audit Log: URL=/api/v1/menu/left, User=webmaster, IP=0:0:0:0:0:0:0:1
2026-03-16 17:02:03 [http-nio-8080-exec-12] DEBUG o.s.web.servlet.DispatcherServlet - Completed 200 OK
2026-03-16 17:02:03 [http-nio-8080-exec-19] DEBUG o.s.orm.jpa.JpaTransactionManager - Closing JPA EntityManager [SessionImpl(1134717266<open>)] after transaction
2026-03-16 17:02:03 [http-nio-8080-exec-19] INFO  c.c.p.a.c.menu.MenuController - getLeftMenu returned 1 items
2026-03-16 17:02:03 [http-nio-8080-exec-19] DEBUG o.s.w.s.m.m.a.HttpEntityMethodProcessor - Using 'application/json', given [application/json, text/plain, */*] and supported [application/json, application/*+json, application/yaml]
2026-03-16 17:02:03 [http-nio-8080-exec-19] TRACE o.s.w.s.m.m.a.HttpEntityMethodProcessor - Writing [ApiResponse[success=true, status=200, code=COMMON_001, message=Success, data={list=[com.company.project.service.menu.dto.MenuDto@3b20e261]}, timestamp=2026-03-16T17:02:03.971143900]]
2026-03-16 17:02:03 [http-nio-8080-exec-19] INFO  c.c.p.a.i.OperationalAuditInterceptor - API Audit Log: URL=/api/v1/menu/left, User=webmaster, IP=0:0:0:0:0:0:0:1
2026-03-16 17:02:03 [http-nio-8080-exec-19] DEBUG o.s.web.servlet.DispatcherServlet - Completed 200 OK
2026-03-16 17:02:03 [http-nio-8080-exec-10] DEBUG o.s.orm.jpa.JpaTransactionManager - Initiating transaction commit
2026-03-16 17:02:03 [http-nio-8080-exec-10] DEBUG o.s.orm.jpa.JpaTransactionManager - Committing JPA transaction on EntityManager [SessionImpl(936090794<open>)]
2026-03-16 17:02:03 [http-nio-8080-exec-3] DEBUG o.s.orm.jpa.JpaTransactionManager - Initiating transaction commit
2026-03-16 17:02:03 [http-nio-8080-exec-3] DEBUG o.s.orm.jpa.JpaTransactionManager - Committing JPA transaction on EntityManager [SessionImpl(1075904947<open>)]
2026-03-16 17:02:04 [http-nio-8080-exec-10] DEBUG o.s.orm.jpa.JpaTransactionManager - Closing JPA EntityManager [SessionImpl(936090794<open>)] after transaction
2026-03-16 17:02:04 [http-nio-8080-exec-10] INFO  c.c.p.a.c.menu.MenuController - getLeftMenu returned 3 items
2026-03-16 17:02:04 [http-nio-8080-exec-10] DEBUG o.s.w.s.m.m.a.HttpEntityMethodProcessor - Using 'application/json', given [application/json, text/plain, */*] and supported [application/json, application/*+json, application/yaml]
2026-03-16 17:02:04 [http-nio-8080-exec-10] TRACE o.s.w.s.m.m.a.HttpEntityMethodProcessor - Writing [ApiResponse[success=true, status=200, code=COMMON_001, message=Success, data={list=[com.company.project.service.menu.dto.MenuDto@7267007a, com.company.project.service.menu.dto.MenuDto@55770c4d, com.company.project.service.menu.dto.MenuDto@60f40c2d]}, timestamp=2026-03-16T17:02:04.123348100]]
2026-03-16 17:02:04 [http-nio-8080-exec-10] INFO  c.c.p.a.i.OperationalAuditInterceptor - API Audit Log: URL=/api/v1/menu/left, User=webmaster, IP=0:0:0:0:0:0:0:1
2026-03-16 17:02:04 [http-nio-8080-exec-10] DEBUG o.s.web.servlet.DispatcherServlet - Completed 200 OK
2026-03-16 17:02:04 [http-nio-8080-exec-3] DEBUG o.s.orm.jpa.JpaTransactionManager - Closing JPA EntityManager [SessionImpl(1075904947<open>)] after transaction
2026-03-16 17:02:04 [http-nio-8080-exec-3] DEBUG o.s.w.s.m.m.a.HttpEntityMethodProcessor - Using 'application/json', given [application/json, text/plain, */*] and supported [application/json, application/*+json, application/yaml]
2026-03-16 17:02:04 [http-nio-8080-exec-3] TRACE o.s.w.s.m.m.a.HttpEntityMethodProcessor - Writing [{notiList=[com.company.project.service.board.dto.BoardDto@16b740b9], success=true, taskList=[com.company.project.service.board.dto.BoardDto@1acef16b], pendingApprovalCount=0}]
2026-03-16 17:02:04 [http-nio-8080-exec-3] INFO  c.c.p.a.i.OperationalAuditInterceptor - API Audit Log: URL=/api/v1/dashboard, User=webmaster, IP=0:0:0:0:0:0:0:1
2026-03-16 17:02:04 [http-nio-8080-exec-3] DEBUG o.s.web.servlet.DispatcherServlet - Completed 200 OK
2026-03-16 17:02:04 [http-nio-8080-exec-18] DEBUG c.c.p.s.jwt.JwtAuthenticationFilter - >>> [JwtFilter] Processing request: GET /api/v1/menu/head
2026-03-16 17:02:04 [http-nio-8080-exec-16] DEBUG c.c.p.s.jwt.JwtAuthenticationFilter - >>> [JwtFilter] Processing request: GET /api/v1/menu/left
2026-03-16 17:02:04 [http-nio-8080-exec-1] DEBUG c.c.p.s.jwt.JwtAuthenticationFilter - >>> [JwtFilter] Processing request: GET /api/v1/auth/me
2026-03-16 17:02:04 [http-nio-8080-exec-18] DEBUG c.c.p.s.jwt.JwtAuthenticationFilter - >>> [JwtFilter] Found token in header for path: /api/v1/menu/head
2026-03-16 17:02:04 [http-nio-8080-exec-16] DEBUG c.c.p.s.jwt.JwtAuthenticationFilter - >>> [JwtFilter] Found token in header for path: /api/v1/menu/left
2026-03-16 17:02:04 [http-nio-8080-exec-1] DEBUG c.c.p.s.jwt.JwtAuthenticationFilter - >>> [JwtFilter] Found token in header for path: /api/v1/auth/me
2026-03-16 17:02:04 [http-nio-8080-exec-16] DEBUG o.s.orm.jpa.JpaTransactionManager - Creating new transaction with name [com.company.project.security.iam.CustomUserDetailsService.loadUserByUsername]: PROPAGATION_REQUIRED,ISOLATION_DEFAULT,readOnly
2026-03-16 17:02:04 [http-nio-8080-exec-18] DEBUG o.s.orm.jpa.JpaTransactionManager - Creating new transaction with name [com.company.project.security.iam.CustomUserDetailsService.loadUserByUsername]: PROPAGATION_REQUIRED,ISOLATION_DEFAULT,readOnly
2026-03-16 17:02:04 [http-nio-8080-exec-1] DEBUG o.s.orm.jpa.JpaTransactionManager - Creating new transaction with name [com.company.project.security.iam.CustomUserDetailsService.loadUserByUsername]: PROPAGATION_REQUIRED,ISOLATION_DEFAULT,readOnly
2026-03-16 17:02:04 [http-nio-8080-exec-16] DEBUG o.s.orm.jpa.JpaTransactionManager - Opened new EntityManager [SessionImpl(632511745<open>)] for JPA transaction
2026-03-16 17:02:04 [http-nio-8080-exec-18] DEBUG o.s.orm.jpa.JpaTransactionManager - Opened new EntityManager [SessionImpl(1254634564<open>)] for JPA transaction
2026-03-16 17:02:04 [http-nio-8080-exec-1] DEBUG o.s.orm.jpa.JpaTransactionManager - Opened new EntityManager [SessionImpl(1571478819<open>)] for JPA transaction
2026-03-16 17:02:04 [http-nio-8080-exec-18] DEBUG o.s.orm.jpa.JpaTransactionManager - Exposing JPA transaction as JDBC [org.springframework.orm.jpa.vendor.HibernateJpaDialect$HibernateConnectionHandle@41440788]
2026-03-16 17:02:04 [http-nio-8080-exec-18] DEBUG o.s.orm.jpa.JpaTransactionManager - Found thread-bound EntityManager [SessionImpl(1254634564<open>)] for JPA transaction
2026-03-16 17:02:04 [http-nio-8080-exec-18] DEBUG o.s.orm.jpa.JpaTransactionManager - Participating in existing transaction
2026-03-16 17:02:04 [http-nio-8080-exec-18] DEBUG org.hibernate.SQL - select u1_0.emplyr_id,u1_0.area_no,u1_0.brthdy,u1_0.chg_pwd_cnt,u1_0.frst_register_id,u1_0.frst_regist_pnttm,u1_0.detail_adres,u1_0.email_adres,u1_0.emplyr_sttus_code,u1_0.empl_no,u1_0.esntl_id,u1_0.fxnum,u1_0.group_id,u1_0.house_adres,u1_0.house_end_telno,u1_0.house_middle_telno,u1_0.ihidnum,u1_0.pstinst_code,u1_0.last_updusr_id,u1_0.last_updt_pnttm,u1_0.lock_at,u1_0.lock_cnt,u1_0.lock_last_pnttm,u1_0.mbtlnum,u1_0.ofcps_nm,u1_0.offm_telno,u1_0.orgnzt_id,u1_0.password,u1_0.password_cnsr,u1_0.password_hint,u1_0.chg_pwd_last_pnttm,u1_0.role,u1_0.sbscrb_de,u1_0.sexdstn_code,u1_0.crtfc_dn_value,u1_0.user_nm,u1_0.zip from nemplyrinfo u1_0 where u1_0.emplyr_id=?
2026-03-16 17:02:04 [http-nio-8080-exec-1] DEBUG o.s.orm.jpa.JpaTransactionManager - Exposing JPA transaction as JDBC [org.springframework.orm.jpa.vendor.HibernateJpaDialect$HibernateConnectionHandle@3773b81a]
2026-03-16 17:02:04 [http-nio-8080-exec-1] DEBUG o.s.orm.jpa.JpaTransactionManager - Found thread-bound EntityManager [SessionImpl(1571478819<open>)] for JPA transaction
2026-03-16 17:02:04 [http-nio-8080-exec-1] DEBUG o.s.orm.jpa.JpaTransactionManager - Participating in existing transaction
2026-03-16 17:02:04 [http-nio-8080-exec-1] DEBUG org.hibernate.SQL - select u1_0.emplyr_id,u1_0.area_no,u1_0.brthdy,u1_0.chg_pwd_cnt,u1_0.frst_register_id,u1_0.frst_regist_pnttm,u1_0.detail_adres,u1_0.email_adres,u1_0.emplyr_sttus_code,u1_0.empl_no,u1_0.esntl_id,u1_0.fxnum,u1_0.group_id,u1_0.house_adres,u1_0.house_end_telno,u1_0.house_middle_telno,u1_0.ihidnum,u1_0.pstinst_code,u1_0.last_updusr_id,u1_0.last_updt_pnttm,u1_0.lock_at,u1_0.lock_cnt,u1_0.lock_last_pnttm,u1_0.mbtlnum,u1_0.ofcps_nm,u1_0.offm_telno,u1_0.orgnzt_id,u1_0.password,u1_0.password_cnsr,u1_0.password_hint,u1_0.chg_pwd_last_pnttm,u1_0.role,u1_0.sbscrb_de,u1_0.sexdstn_code,u1_0.crtfc_dn_value,u1_0.user_nm,u1_0.zip from nemplyrinfo u1_0 where u1_0.emplyr_id=?
2026-03-16 17:02:04 [http-nio-8080-exec-16] DEBUG o.s.orm.jpa.JpaTransactionManager - Exposing JPA transaction as JDBC [org.springframework.orm.jpa.vendor.HibernateJpaDialect$HibernateConnectionHandle@5db432e3]
2026-03-16 17:02:04 [http-nio-8080-exec-16] DEBUG o.s.orm.jpa.JpaTransactionManager - Found thread-bound EntityManager [SessionImpl(632511745<open>)] for JPA transaction
2026-03-16 17:02:04 [http-nio-8080-exec-16] DEBUG o.s.orm.jpa.JpaTransactionManager - Participating in existing transaction
2026-03-16 17:02:04 [http-nio-8080-exec-16] DEBUG org.hibernate.SQL - select u1_0.emplyr_id,u1_0.area_no,u1_0.brthdy,u1_0.chg_pwd_cnt,u1_0.frst_register_id,u1_0.frst_regist_pnttm,u1_0.detail_adres,u1_0.email_adres,u1_0.emplyr_sttus_code,u1_0.empl_no,u1_0.esntl_id,u1_0.fxnum,u1_0.group_id,u1_0.house_adres,u1_0.house_end_telno,u1_0.house_middle_telno,u1_0.ihidnum,u1_0.pstinst_code,u1_0.last_updusr_id,u1_0.last_updt_pnttm,u1_0.lock_at,u1_0.lock_cnt,u1_0.lock_last_pnttm,u1_0.mbtlnum,u1_0.ofcps_nm,u1_0.offm_telno,u1_0.orgnzt_id,u1_0.password,u1_0.password_cnsr,u1_0.password_hint,u1_0.chg_pwd_last_pnttm,u1_0.role,u1_0.sbscrb_de,u1_0.sexdstn_code,u1_0.crtfc_dn_value,u1_0.user_nm,u1_0.zip from nemplyrinfo u1_0 where u1_0.emplyr_id=?
2026-03-16 17:02:04 [http-nio-8080-exec-18] DEBUG o.s.orm.jpa.JpaTransactionManager - Found thread-bound EntityManager [SessionImpl(1254634564<open>)] for JPA transaction
2026-03-16 17:02:04 [http-nio-8080-exec-18] DEBUG o.s.orm.jpa.JpaTransactionManager - Participating in existing transaction
2026-03-16 17:02:04 [http-nio-8080-exec-18] DEBUG org.hibernate.SQL - select ua1_0.scrty_dtrmn_trget_id,ua1_0.author_code,ua1_0.frst_register_id,ua1_0.frst_regist_pnttm,ua1_0.last_updusr_id,ua1_0.last_updt_pnttm,ua1_0.mber_ty_code from nemplyrscrtyestbs ua1_0 where ua1_0.scrty_dtrmn_trget_id=?
2026-03-16 17:02:04 [http-nio-8080-exec-1] DEBUG o.s.orm.jpa.JpaTransactionManager - Found thread-bound EntityManager [SessionImpl(1571478819<open>)] for JPA transaction
2026-03-16 17:02:04 [http-nio-8080-exec-1] DEBUG o.s.orm.jpa.JpaTransactionManager - Participating in existing transaction
2026-03-16 17:02:04 [http-nio-8080-exec-1] DEBUG org.hibernate.SQL - select ua1_0.scrty_dtrmn_trget_id,ua1_0.author_code,ua1_0.frst_register_id,ua1_0.frst_regist_pnttm,ua1_0.last_updusr_id,ua1_0.last_updt_pnttm,ua1_0.mber_ty_code from nemplyrscrtyestbs ua1_0 where ua1_0.scrty_dtrmn_trget_id=?
2026-03-16 17:02:04 [http-nio-8080-exec-16] DEBUG o.s.orm.jpa.JpaTransactionManager - Found thread-bound EntityManager [SessionImpl(632511745<open>)] for JPA transaction
2026-03-16 17:02:04 [http-nio-8080-exec-16] DEBUG o.s.orm.jpa.JpaTransactionManager - Participating in existing transaction
2026-03-16 17:02:04 [http-nio-8080-exec-16] DEBUG org.hibernate.SQL - select ua1_0.scrty_dtrmn_trget_id,ua1_0.author_code,ua1_0.frst_register_id,ua1_0.frst_regist_pnttm,ua1_0.last_updusr_id,ua1_0.last_updt_pnttm,ua1_0.mber_ty_code from nemplyrscrtyestbs ua1_0 where ua1_0.scrty_dtrmn_trget_id=?
2026-03-16 17:02:05 [http-nio-8080-exec-18] DEBUG o.s.orm.jpa.JpaTransactionManager - Initiating transaction commit
2026-03-16 17:02:05 [http-nio-8080-exec-18] DEBUG o.s.orm.jpa.JpaTransactionManager - Committing JPA transaction on EntityManager [SessionImpl(1254634564<open>)]
2026-03-16 17:02:05 [http-nio-8080-exec-1] DEBUG o.s.orm.jpa.JpaTransactionManager - Initiating transaction commit
2026-03-16 17:02:05 [http-nio-8080-exec-1] DEBUG o.s.orm.jpa.JpaTransactionManager - Committing JPA transaction on EntityManager [SessionImpl(1571478819<open>)]
2026-03-16 17:02:05 [http-nio-8080-exec-16] DEBUG o.s.orm.jpa.JpaTransactionManager - Initiating transaction commit
2026-03-16 17:02:05 [http-nio-8080-exec-16] DEBUG o.s.orm.jpa.JpaTransactionManager - Committing JPA transaction on EntityManager [SessionImpl(632511745<open>)]
2026-03-16 17:02:05 [http-nio-8080-exec-18] DEBUG o.s.orm.jpa.JpaTransactionManager - Closing JPA EntityManager [SessionImpl(1254634564<open>)] after transaction
2026-03-16 17:02:05 [http-nio-8080-exec-18] DEBUG c.c.p.s.jwt.JwtAuthenticationFilter - >>> [JwtFilter] Successfully authenticated user: USRCNFRM_99999999999, Authorities: [ROLE_ADMIN]
2026-03-16 17:02:05 [http-nio-8080-exec-18] DEBUG o.s.web.servlet.DispatcherServlet - GET "/api/v1/menu/head", parameters={}
2026-03-16 17:02:05 [http-nio-8080-exec-18] TRACE o.s.w.s.m.m.a.RequestMappingHandlerMapping - Mapped to com.company.project.api.controller.menu.MenuController#getHeadMenu()
2026-03-16 17:02:05 [http-nio-8080-exec-18] INFO  c.c.p.a.c.menu.MenuController - getHeadMenu called
2026-03-16 17:02:05 [http-nio-8080-exec-18] INFO  c.c.p.a.c.menu.MenuController - getHeadMenu returned 5 items
2026-03-16 17:02:05 [http-nio-8080-exec-18] DEBUG o.s.w.s.m.m.a.HttpEntityMethodProcessor - Using 'application/json', given [application/json, text/plain, */*] and supported [application/json, application/*+json, application/yaml]
2026-03-16 17:02:05 [http-nio-8080-exec-18] TRACE o.s.w.s.m.m.a.HttpEntityMethodProcessor - Writing [ApiResponse[success=true, status=200, code=COMMON_001, message=Success, data={list=[com.company.project.service.menu.dto.MenuDto@2b80d6b0, com.company.project.service.menu.dto.MenuDto@1418cfa3, com.company.project.service.menu.dto.MenuDto@f230bf1, com.company.project.service.menu.dto.MenuDto@734a7f6a, com.company.project.service.menu.dto.MenuDto@5e5202e5]}, timestamp=2026-03-16T17:02:05.174804800]]
2026-03-16 17:02:05 [http-nio-8080-exec-18] INFO  c.c.p.a.i.OperationalAuditInterceptor - API Audit Log: URL=/api/v1/menu/head, User=webmaster, IP=127.0.0.1
2026-03-16 17:02:05 [http-nio-8080-exec-18] DEBUG o.s.web.servlet.DispatcherServlet - Completed 200 OK
2026-03-16 17:02:05 [http-nio-8080-exec-1] DEBUG o.s.orm.jpa.JpaTransactionManager - Closing JPA EntityManager [SessionImpl(1571478819<open>)] after transaction
2026-03-16 17:02:05 [http-nio-8080-exec-1] DEBUG c.c.p.s.jwt.JwtAuthenticationFilter - >>> [JwtFilter] Successfully authenticated user: USRCNFRM_99999999999, Authorities: [ROLE_ADMIN]
2026-03-16 17:02:05 [http-nio-8080-exec-1] DEBUG o.s.web.servlet.DispatcherServlet - GET "/api/v1/auth/me", parameters={}
2026-03-16 17:02:05 [http-nio-8080-exec-1] TRACE o.s.w.s.m.m.a.RequestMappingHandlerMapping - Mapped to com.company.project.api.auth.AuthController#getCurrentUser()
2026-03-16 17:02:05 [http-nio-8080-exec-1] DEBUG o.s.w.s.m.m.a.RequestResponseBodyMethodProcessor - Using 'application/json', given [application/json, text/plain, */*] and supported [application/json, application/*+json, application/yaml]
2026-03-16 17:02:05 [http-nio-8080-exec-1] TRACE o.s.w.s.m.m.a.RequestResponseBodyMethodProcessor - Writing [ApiResponse[success=true, status=200, code=COMMON_001, message=Success, data={role=ROLE_ADMIN, userSe=EMP, name=관리자, id=webmaster}, timestamp=2026-03-16T17:02:05.179143100]]
2026-03-16 17:02:05 [http-nio-8080-exec-1] INFO  c.c.p.a.i.OperationalAuditInterceptor - API Audit Log: URL=/api/v1/auth/me, User=webmaster, IP=127.0.0.1
2026-03-16 17:02:05 [http-nio-8080-exec-1] DEBUG o.s.web.servlet.DispatcherServlet - Completed 200 OK
2026-03-16 17:02:05 [http-nio-8080-exec-16] DEBUG o.s.orm.jpa.JpaTransactionManager - Closing JPA EntityManager [SessionImpl(632511745<open>)] after transaction
2026-03-16 17:02:05 [http-nio-8080-exec-16] DEBUG c.c.p.s.jwt.JwtAuthenticationFilter - >>> [JwtFilter] Successfully authenticated user: USRCNFRM_99999999999, Authorities: [ROLE_ADMIN]
2026-03-16 17:02:05 [http-nio-8080-exec-16] DEBUG o.s.web.servlet.DispatcherServlet - GET "/api/v1/menu/left?menuNo=10", parameters={masked}
2026-03-16 17:02:05 [http-nio-8080-exec-16] TRACE o.s.w.s.m.m.a.RequestMappingHandlerMapping - Mapped to com.company.project.api.controller.menu.MenuController#getLeftMenu(Long)
2026-03-16 17:02:05 [http-nio-8080-exec-16] INFO  c.c.p.a.c.menu.MenuController - getLeftMenu called with menuNo=10
2026-03-16 17:02:05 [http-nio-8080-exec-16] DEBUG o.s.orm.jpa.JpaTransactionManager - Creating new transaction with name [com.company.project.service.menu.MenuService.getSubMenus]: PROPAGATION_REQUIRED,ISOLATION_DEFAULT,readOnly
2026-03-16 17:02:05 [http-nio-8080-exec-16] DEBUG o.s.orm.jpa.JpaTransactionManager - Opened new EntityManager [SessionImpl(230320821<open>)] for JPA transaction
2026-03-16 17:02:05 [http-nio-8080-exec-16] DEBUG o.s.orm.jpa.JpaTransactionManager - Exposing JPA transaction as JDBC [org.springframework.orm.jpa.vendor.HibernateJpaDialect$HibernateConnectionHandle@55b603e]
2026-03-16 17:02:05 [http-nio-8080-exec-16] DEBUG org.hibernate.SQL - select m1_0.menu_no,m1_0.menu_dc,m1_0.menu_nm,m1_0.menu_ordr,m1_0.modern_route,m1_0.progrm_file_nm,m1_0.relate_image_nm,m1_0.relate_image_path,m1_0.route_updated_at,m1_0.upper_menu_no from nmenuinfo m1_0 order by m1_0.upper_menu_no,m1_0.menu_ordr
2026-03-16 17:02:05 [http-nio-8080-exec-6] DEBUG c.c.p.s.jwt.JwtAuthenticationFilter - >>> [JwtFilter] Processing request: GET /api/v1/notifications
2026-03-16 17:02:05 [http-nio-8080-exec-6] DEBUG c.c.p.s.jwt.JwtAuthenticationFilter - >>> [JwtFilter] Found token in header for path: /api/v1/notifications
2026-03-16 17:02:05 [http-nio-8080-exec-6] DEBUG o.s.orm.jpa.JpaTransactionManager - Creating new transaction with name [com.company.project.security.iam.CustomUserDetailsService.loadUserByUsername]: PROPAGATION_REQUIRED,ISOLATION_DEFAULT,readOnly
2026-03-16 17:02:05 [http-nio-8080-exec-6] DEBUG o.s.orm.jpa.JpaTransactionManager - Opened new EntityManager [SessionImpl(1582850279<open>)] for JPA transaction
2026-03-16 17:02:05 [http-nio-8080-exec-2] DEBUG c.c.p.s.jwt.JwtAuthenticationFilter - >>> [JwtFilter] Processing request: GET /api/v1/popups/active
2026-03-16 17:02:05 [http-nio-8080-exec-13] DEBUG c.c.p.s.jwt.JwtAuthenticationFilter - >>> [JwtFilter] Processing request: GET /api/v1/admin/system/banners/reflected
2026-03-16 17:02:05 [http-nio-8080-exec-2] DEBUG c.c.p.s.jwt.JwtAuthenticationFilter - >>> [JwtFilter] Found token in header for path: /api/v1/popups/active
2026-03-16 17:02:05 [http-nio-8080-exec-7] DEBUG c.c.p.s.jwt.JwtAuthenticationFilter - >>> [JwtFilter] Processing request: GET /api/v1/notifications/unread-count
2026-03-16 17:02:05 [http-nio-8080-exec-13] DEBUG c.c.p.s.jwt.JwtAuthenticationFilter - >>> [JwtFilter] Found token in header for path: /api/v1/admin/system/banners/reflected
2026-03-16 17:02:05 [http-nio-8080-exec-7] DEBUG c.c.p.s.jwt.JwtAuthenticationFilter - >>> [JwtFilter] Found token in header for path: /api/v1/notifications/unread-count
2026-03-16 17:02:05 [http-nio-8080-exec-2] DEBUG o.s.orm.jpa.JpaTransactionManager - Creating new transaction with name [com.company.project.security.iam.CustomUserDetailsService.loadUserByUsername]: PROPAGATION_REQUIRED,ISOLATION_DEFAULT,readOnly
2026-03-16 17:02:05 [http-nio-8080-exec-7] DEBUG o.s.orm.jpa.JpaTransactionManager - Creating new transaction with name [com.company.project.security.iam.CustomUserDetailsService.loadUserByUsername]: PROPAGATION_REQUIRED,ISOLATION_DEFAULT,readOnly
2026-03-16 17:02:05 [http-nio-8080-exec-2] DEBUG o.s.orm.jpa.JpaTransactionManager - Opened new EntityManager [SessionImpl(1699595063<open>)] for JPA transaction
2026-03-16 17:02:05 [http-nio-8080-exec-13] DEBUG o.s.orm.jpa.JpaTransactionManager - Creating new transaction with name [com.company.project.security.iam.CustomUserDetailsService.loadUserByUsername]: PROPAGATION_REQUIRED,ISOLATION_DEFAULT,readOnly
2026-03-16 17:02:05 [http-nio-8080-exec-7] DEBUG o.s.orm.jpa.JpaTransactionManager - Opened new EntityManager [SessionImpl(1786100476<open>)] for JPA transaction
2026-03-16 17:02:05 [http-nio-8080-exec-13] DEBUG o.s.orm.jpa.JpaTransactionManager - Opened new EntityManager [SessionImpl(907706126<open>)] for JPA transaction
2026-03-16 17:02:05 [http-nio-8080-exec-7] DEBUG o.s.orm.jpa.JpaTransactionManager - Exposing JPA transaction as JDBC [org.springframework.orm.jpa.vendor.HibernateJpaDialect$HibernateConnectionHandle@11e9ffac]
2026-03-16 17:02:05 [http-nio-8080-exec-7] DEBUG o.s.orm.jpa.JpaTransactionManager - Found thread-bound EntityManager [SessionImpl(1786100476<open>)] for JPA transaction
2026-03-16 17:02:05 [http-nio-8080-exec-7] DEBUG o.s.orm.jpa.JpaTransactionManager - Participating in existing transaction
2026-03-16 17:02:05 [http-nio-8080-exec-7] DEBUG org.hibernate.SQL - select u1_0.emplyr_id,u1_0.area_no,u1_0.brthdy,u1_0.chg_pwd_cnt,u1_0.frst_register_id,u1_0.frst_regist_pnttm,u1_0.detail_adres,u1_0.email_adres,u1_0.emplyr_sttus_code,u1_0.empl_no,u1_0.esntl_id,u1_0.fxnum,u1_0.group_id,u1_0.house_adres,u1_0.house_end_telno,u1_0.house_middle_telno,u1_0.ihidnum,u1_0.pstinst_code,u1_0.last_updusr_id,u1_0.last_updt_pnttm,u1_0.lock_at,u1_0.lock_cnt,u1_0.lock_last_pnttm,u1_0.mbtlnum,u1_0.ofcps_nm,u1_0.offm_telno,u1_0.orgnzt_id,u1_0.password,u1_0.password_cnsr,u1_0.password_hint,u1_0.chg_pwd_last_pnttm,u1_0.role,u1_0.sbscrb_de,u1_0.sexdstn_code,u1_0.crtfc_dn_value,u1_0.user_nm,u1_0.zip from nemplyrinfo u1_0 where u1_0.emplyr_id=?
2026-03-16 17:02:05 [http-nio-8080-exec-8] DEBUG o.s.web.servlet.DispatcherServlet - GET "/ws/info?t=1773648125281", parameters={masked}
2026-03-16 17:02:05 [http-nio-8080-exec-8] DEBUG o.s.w.s.s.s.WebSocketHandlerMapping - Mapped to org.springframework.web.socket.sockjs.support.SockJsHttpRequestHandler@3d80b7ba
2026-03-16 17:02:05 [http-nio-8080-exec-8] DEBUG o.s.w.s.s.t.h.DefaultSockJsService - Processing transport request: GET http://localhost:8080/ws/info?t=1773648125281
2026-03-16 17:02:05 [http-nio-8080-exec-8] DEBUG o.s.web.servlet.DispatcherServlet - Completed 200 OK
2026-03-16 17:02:05 [http-nio-8080-exec-4] DEBUG o.s.web.servlet.DispatcherServlet - GET "/ws/595/jgmlplyj/websocket", parameters={}
2026-03-16 17:02:05 [http-nio-8080-exec-4] DEBUG o.s.w.s.s.s.WebSocketHandlerMapping - Mapped to org.springframework.web.socket.sockjs.support.SockJsHttpRequestHandler@3d80b7ba
2026-03-16 17:02:05 [http-nio-8080-exec-4] DEBUG o.s.w.s.s.t.h.DefaultSockJsService - Processing transport request: GET http://localhost:8080/ws/595/jgmlplyj/websocket
2026-03-16 17:02:05 [http-nio-8080-exec-4] DEBUG o.s.web.servlet.DispatcherServlet - Completed 101 SWITCHING_PROTOCOLS
2026-03-16 17:02:05 [http-nio-8080-exec-4] DEBUG o.s.w.s.h.LoggingWebSocketHandlerDecorator - New WebSocketServerSockJsSession[id=jgmlplyj]
2026-03-16 17:02:05 [scheduling-1] DEBUG org.springframework.web.SimpLogging - Processing CONNECT session=jgmlplyj
2026-03-16 17:02:05 [scheduling-1] DEBUG org.springframework.web.SimpLogging - Processing SUBSCRIBE /topic/notices id=sub-0 session=jgmlplyj
2026-03-16 17:02:05 [scheduling-1] DEBUG org.springframework.web.SimpLogging - Processing SUBSCRIBE destination=/queue/notifications-userjgmlplyj subscriptionId=sub-1 session=jgmlplyj payload=byte[0]
2026-03-16 17:02:05 [scheduling-1] DEBUG org.springframework.web.SimpLogging - Processing SUBSCRIBE /topic/public id=sub-2 session=jgmlplyj
2026-03-16 17:02:05 [scheduling-1] DEBUG org.springframework.web.SimpLogging - Processing SUBSCRIBE /topic/dashboard/stats id=sub-4 session=jgmlplyj
2026-03-16 17:02:05 [scheduling-1] DEBUG org.springframework.web.SimpLogging - Processing SUBSCRIBE /topic/notifications id=sub-5 session=jgmlplyj
2026-03-16 17:02:05 [scheduling-1] DEBUG org.springframework.web.SimpLogging - Processing SUBSCRIBE destination=/queue/notifications-userjgmlplyj subscriptionId=sub-6 session=jgmlplyj payload=byte[0]
2026-03-16 17:02:05 [http-nio-8080-exec-17] DEBUG c.c.p.s.jwt.JwtAuthenticationFilter - >>> [JwtFilter] Processing request: GET /api/v1/admin/system/statistics/connect
2026-03-16 17:02:05 [http-nio-8080-exec-17] DEBUG c.c.p.s.jwt.JwtAuthenticationFilter - >>> [JwtFilter] Found token in header for path: /api/v1/admin/system/statistics/connect
2026-03-16 17:02:05 [http-nio-8080-exec-17] DEBUG o.s.orm.jpa.JpaTransactionManager - Creating new transaction with name [com.company.project.security.iam.CustomUserDetailsService.loadUserByUsername]: PROPAGATION_REQUIRED,ISOLATION_DEFAULT,readOnly
2026-03-16 17:02:05 [http-nio-8080-exec-17] DEBUG o.s.orm.jpa.JpaTransactionManager - Opened new EntityManager [SessionImpl(912777984<open>)] for JPA transaction
2026-03-16 17:02:05 [http-nio-8080-exec-17] DEBUG o.s.orm.jpa.JpaTransactionManager - Exposing JPA transaction as JDBC [org.springframework.orm.jpa.vendor.HibernateJpaDialect$HibernateConnectionHandle@477286df]
2026-03-16 17:02:05 [http-nio-8080-exec-17] DEBUG o.s.orm.jpa.JpaTransactionManager - Found thread-bound EntityManager [SessionImpl(912777984<open>)] for JPA transaction
2026-03-16 17:02:05 [http-nio-8080-exec-17] DEBUG o.s.orm.jpa.JpaTransactionManager - Participating in existing transaction
2026-03-16 17:02:05 [http-nio-8080-exec-17] DEBUG org.hibernate.SQL - select u1_0.emplyr_id,u1_0.area_no,u1_0.brthdy,u1_0.chg_pwd_cnt,u1_0.frst_register_id,u1_0.frst_regist_pnttm,u1_0.detail_adres,u1_0.email_adres,u1_0.emplyr_sttus_code,u1_0.empl_no,u1_0.esntl_id,u1_0.fxnum,u1_0.group_id,u1_0.house_adres,u1_0.house_end_telno,u1_0.house_middle_telno,u1_0.ihidnum,u1_0.pstinst_code,u1_0.last_updusr_id,u1_0.last_updt_pnttm,u1_0.lock_at,u1_0.lock_cnt,u1_0.lock_last_pnttm,u1_0.mbtlnum,u1_0.ofcps_nm,u1_0.offm_telno,u1_0.orgnzt_id,u1_0.password,u1_0.password_cnsr,u1_0.password_hint,u1_0.chg_pwd_last_pnttm,u1_0.role,u1_0.sbscrb_de,u1_0.sexdstn_code,u1_0.crtfc_dn_value,u1_0.user_nm,u1_0.zip from nemplyrinfo u1_0 where u1_0.emplyr_id=?
2026-03-16 17:02:05 [http-nio-8080-exec-6] DEBUG o.s.orm.jpa.JpaTransactionManager - Exposing JPA transaction as JDBC [org.springframework.orm.jpa.vendor.HibernateJpaDialect$HibernateConnectionHandle@6fdb1b04]
2026-03-16 17:02:05 [http-nio-8080-exec-6] DEBUG o.s.orm.jpa.JpaTransactionManager - Found thread-bound EntityManager [SessionImpl(1582850279<open>)] for JPA transaction
2026-03-16 17:02:05 [http-nio-8080-exec-6] DEBUG o.s.orm.jpa.JpaTransactionManager - Participating in existing transaction
2026-03-16 17:02:05 [http-nio-8080-exec-6] DEBUG org.hibernate.SQL - select u1_0.emplyr_id,u1_0.area_no,u1_0.brthdy,u1_0.chg_pwd_cnt,u1_0.frst_register_id,u1_0.frst_regist_pnttm,u1_0.detail_adres,u1_0.email_adres,u1_0.emplyr_sttus_code,u1_0.empl_no,u1_0.esntl_id,u1_0.fxnum,u1_0.group_id,u1_0.house_adres,u1_0.house_end_telno,u1_0.house_middle_telno,u1_0.ihidnum,u1_0.pstinst_code,u1_0.last_updusr_id,u1_0.last_updt_pnttm,u1_0.lock_at,u1_0.lock_cnt,u1_0.lock_last_pnttm,u1_0.mbtlnum,u1_0.ofcps_nm,u1_0.offm_telno,u1_0.orgnzt_id,u1_0.password,u1_0.password_cnsr,u1_0.password_hint,u1_0.chg_pwd_last_pnttm,u1_0.role,u1_0.sbscrb_de,u1_0.sexdstn_code,u1_0.crtfc_dn_value,u1_0.user_nm,u1_0.zip from nemplyrinfo u1_0 where u1_0.emplyr_id=?
2026-03-16 17:02:05 [http-nio-8080-exec-13] DEBUG o.s.orm.jpa.JpaTransactionManager - Exposing JPA transaction as JDBC [org.springframework.orm.jpa.vendor.HibernateJpaDialect$HibernateConnectionHandle@1fab81ad]
2026-03-16 17:02:05 [http-nio-8080-exec-13] DEBUG o.s.orm.jpa.JpaTransactionManager - Found thread-bound EntityManager [SessionImpl(907706126<open>)] for JPA transaction
2026-03-16 17:02:05 [http-nio-8080-exec-13] DEBUG o.s.orm.jpa.JpaTransactionManager - Participating in existing transaction
2026-03-16 17:02:05 [http-nio-8080-exec-13] DEBUG org.hibernate.SQL - select u1_0.emplyr_id,u1_0.area_no,u1_0.brthdy,u1_0.chg_pwd_cnt,u1_0.frst_register_id,u1_0.frst_regist_pnttm,u1_0.detail_adres,u1_0.email_adres,u1_0.emplyr_sttus_code,u1_0.empl_no,u1_0.esntl_id,u1_0.fxnum,u1_0.group_id,u1_0.house_adres,u1_0.house_end_telno,u1_0.house_middle_telno,u1_0.ihidnum,u1_0.pstinst_code,u1_0.last_updusr_id,u1_0.last_updt_pnttm,u1_0.lock_at,u1_0.lock_cnt,u1_0.lock_last_pnttm,u1_0.mbtlnum,u1_0.ofcps_nm,u1_0.offm_telno,u1_0.orgnzt_id,u1_0.password,u1_0.password_cnsr,u1_0.password_hint,u1_0.chg_pwd_last_pnttm,u1_0.role,u1_0.sbscrb_de,u1_0.sexdstn_code,u1_0.crtfc_dn_value,u1_0.user_nm,u1_0.zip from nemplyrinfo u1_0 where u1_0.emplyr_id=?
2026-03-16 17:02:05 [http-nio-8080-exec-2] DEBUG o.s.orm.jpa.JpaTransactionManager - Exposing JPA transaction as JDBC [org.springframework.orm.jpa.vendor.HibernateJpaDialect$HibernateConnectionHandle@4f512a5c]
2026-03-16 17:02:05 [http-nio-8080-exec-2] DEBUG o.s.orm.jpa.JpaTransactionManager - Found thread-bound EntityManager [SessionImpl(1699595063<open>)] for JPA transaction
2026-03-16 17:02:05 [http-nio-8080-exec-2] DEBUG o.s.orm.jpa.JpaTransactionManager - Participating in existing transaction
2026-03-16 17:02:05 [http-nio-8080-exec-2] DEBUG org.hibernate.SQL - select u1_0.emplyr_id,u1_0.area_no,u1_0.brthdy,u1_0.chg_pwd_cnt,u1_0.frst_register_id,u1_0.frst_regist_pnttm,u1_0.detail_adres,u1_0.email_adres,u1_0.emplyr_sttus_code,u1_0.empl_no,u1_0.esntl_id,u1_0.fxnum,u1_0.group_id,u1_0.house_adres,u1_0.house_end_telno,u1_0.house_middle_telno,u1_0.ihidnum,u1_0.pstinst_code,u1_0.last_updusr_id,u1_0.last_updt_pnttm,u1_0.lock_at,u1_0.lock_cnt,u1_0.lock_last_pnttm,u1_0.mbtlnum,u1_0.ofcps_nm,u1_0.offm_telno,u1_0.orgnzt_id,u1_0.password,u1_0.password_cnsr,u1_0.password_hint,u1_0.chg_pwd_last_pnttm,u1_0.role,u1_0.sbscrb_de,u1_0.sexdstn_code,u1_0.crtfc_dn_value,u1_0.user_nm,u1_0.zip from nemplyrinfo u1_0 where u1_0.emplyr_id=?
2026-03-16 17:02:05 [http-nio-8080-exec-7] DEBUG o.s.orm.jpa.JpaTransactionManager - Found thread-bound EntityManager [SessionImpl(1786100476<open>)] for JPA transaction
2026-03-16 17:02:05 [http-nio-8080-exec-7] DEBUG o.s.orm.jpa.JpaTransactionManager - Participating in existing transaction
2026-03-16 17:02:05 [http-nio-8080-exec-7] DEBUG org.hibernate.SQL - select ua1_0.scrty_dtrmn_trget_id,ua1_0.author_code,ua1_0.frst_register_id,ua1_0.frst_regist_pnttm,ua1_0.last_updusr_id,ua1_0.last_updt_pnttm,ua1_0.mber_ty_code from nemplyrscrtyestbs ua1_0 where ua1_0.scrty_dtrmn_trget_id=?
2026-03-16 17:02:05 [http-nio-8080-exec-16] DEBUG o.s.orm.jpa.JpaTransactionManager - Found thread-bound EntityManager [SessionImpl(230320821<open>)] for JPA transaction
2026-03-16 17:02:05 [http-nio-8080-exec-16] DEBUG o.s.orm.jpa.JpaTransactionManager - Participating in existing transaction
2026-03-16 17:02:05 [http-nio-8080-exec-16] DEBUG org.hibernate.SQL - select p1_0.progrm_file_nm,p1_0.progrm_dc,p1_0.progrm_korean_nm,p1_0.progrm_stre_path,p1_0.url from nprogrmlist p1_0
2026-03-16 17:02:05 [http-nio-8080-exec-6] DEBUG o.s.orm.jpa.JpaTransactionManager - Found thread-bound EntityManager [SessionImpl(1582850279<open>)] for JPA transaction
2026-03-16 17:02:05 [http-nio-8080-exec-17] DEBUG o.s.orm.jpa.JpaTransactionManager - Found thread-bound EntityManager [SessionImpl(912777984<open>)] for JPA transaction
2026-03-16 17:02:05 [http-nio-8080-exec-13] DEBUG o.s.orm.jpa.JpaTransactionManager - Found thread-bound EntityManager [SessionImpl(907706126<open>)] for JPA transaction
2026-03-16 17:02:05 [http-nio-8080-exec-6] DEBUG o.s.orm.jpa.JpaTransactionManager - Participating in existing transaction
2026-03-16 17:02:05 [http-nio-8080-exec-17] DEBUG o.s.orm.jpa.JpaTransactionManager - Participating in existing transaction
2026-03-16 17:02:05 [http-nio-8080-exec-13] DEBUG o.s.orm.jpa.JpaTransactionManager - Participating in existing transaction
2026-03-16 17:02:05 [http-nio-8080-exec-6] DEBUG org.hibernate.SQL - select ua1_0.scrty_dtrmn_trget_id,ua1_0.author_code,ua1_0.frst_register_id,ua1_0.frst_regist_pnttm,ua1_0.last_updusr_id,ua1_0.last_updt_pnttm,ua1_0.mber_ty_code from nemplyrscrtyestbs ua1_0 where ua1_0.scrty_dtrmn_trget_id=?
2026-03-16 17:02:05 [http-nio-8080-exec-17] DEBUG org.hibernate.SQL - select ua1_0.scrty_dtrmn_trget_id,ua1_0.author_code,ua1_0.frst_register_id,ua1_0.frst_regist_pnttm,ua1_0.last_updusr_id,ua1_0.last_updt_pnttm,ua1_0.mber_ty_code from nemplyrscrtyestbs ua1_0 where ua1_0.scrty_dtrmn_trget_id=?
2026-03-16 17:02:05 [http-nio-8080-exec-13] DEBUG org.hibernate.SQL - select ua1_0.scrty_dtrmn_trget_id,ua1_0.author_code,ua1_0.frst_register_id,ua1_0.frst_regist_pnttm,ua1_0.last_updusr_id,ua1_0.last_updt_pnttm,ua1_0.mber_ty_code from nemplyrscrtyestbs ua1_0 where ua1_0.scrty_dtrmn_trget_id=?
2026-03-16 17:02:05 [http-nio-8080-exec-2] DEBUG o.s.orm.jpa.JpaTransactionManager - Found thread-bound EntityManager [SessionImpl(1699595063<open>)] for JPA transaction
2026-03-16 17:02:05 [http-nio-8080-exec-2] DEBUG o.s.orm.jpa.JpaTransactionManager - Participating in existing transaction
2026-03-16 17:02:05 [http-nio-8080-exec-2] DEBUG org.hibernate.SQL - select ua1_0.scrty_dtrmn_trget_id,ua1_0.author_code,ua1_0.frst_register_id,ua1_0.frst_regist_pnttm,ua1_0.last_updusr_id,ua1_0.last_updt_pnttm,ua1_0.mber_ty_code from nemplyrscrtyestbs ua1_0 where ua1_0.scrty_dtrmn_trget_id=?
2026-03-16 17:02:05 [http-nio-8080-exec-7] DEBUG o.s.orm.jpa.JpaTransactionManager - Initiating transaction commit
2026-03-16 17:02:05 [http-nio-8080-exec-7] DEBUG o.s.orm.jpa.JpaTransactionManager - Committing JPA transaction on EntityManager [SessionImpl(1786100476<open>)]
2026-03-16 17:02:05 [http-nio-8080-exec-16] DEBUG o.s.orm.jpa.JpaTransactionManager - Initiating transaction commit
2026-03-16 17:02:05 [http-nio-8080-exec-16] DEBUG o.s.orm.jpa.JpaTransactionManager - Committing JPA transaction on EntityManager [SessionImpl(230320821<open>)]
2026-03-16 17:02:05 [http-nio-8080-exec-17] DEBUG o.s.orm.jpa.JpaTransactionManager - Initiating transaction commit
2026-03-16 17:02:05 [http-nio-8080-exec-6] DEBUG o.s.orm.jpa.JpaTransactionManager - Initiating transaction commit
2026-03-16 17:02:05 [http-nio-8080-exec-13] DEBUG o.s.orm.jpa.JpaTransactionManager - Initiating transaction commit
2026-03-16 17:02:05 [http-nio-8080-exec-17] DEBUG o.s.orm.jpa.JpaTransactionManager - Committing JPA transaction on EntityManager [SessionImpl(912777984<open>)]
2026-03-16 17:02:05 [http-nio-8080-exec-6] DEBUG o.s.orm.jpa.JpaTransactionManager - Committing JPA transaction on EntityManager [SessionImpl(1582850279<open>)]
2026-03-16 17:02:05 [http-nio-8080-exec-13] DEBUG o.s.orm.jpa.JpaTransactionManager - Committing JPA transaction on EntityManager [SessionImpl(907706126<open>)]
2026-03-16 17:02:05 [http-nio-8080-exec-2] DEBUG o.s.orm.jpa.JpaTransactionManager - Initiating transaction commit
2026-03-16 17:02:05 [http-nio-8080-exec-2] DEBUG o.s.orm.jpa.JpaTransactionManager - Committing JPA transaction on EntityManager [SessionImpl(1699595063<open>)]
2026-03-16 17:02:05 [http-nio-8080-exec-7] DEBUG o.s.orm.jpa.JpaTransactionManager - Closing JPA EntityManager [SessionImpl(1786100476<open>)] after transaction
2026-03-16 17:02:05 [http-nio-8080-exec-7] DEBUG c.c.p.s.jwt.JwtAuthenticationFilter - >>> [JwtFilter] Successfully authenticated user: USRCNFRM_99999999999, Authorities: [ROLE_ADMIN]
2026-03-16 17:02:05 [http-nio-8080-exec-7] DEBUG o.s.web.servlet.DispatcherServlet - GET "/api/v1/notifications/unread-count", parameters={}
2026-03-16 17:02:05 [http-nio-8080-exec-7] TRACE o.s.w.s.m.m.a.RequestMappingHandlerMapping - Mapped to com.company.project.api.controller.notification.NotificationController#getUnreadCount(UserDetails)
2026-03-16 17:02:05 [http-nio-8080-exec-7] DEBUG o.s.orm.jpa.JpaTransactionManager - Creating new transaction with name [com.company.project.service.notification.NotificationService.getUnreadCount]: PROPAGATION_REQUIRED,ISOLATION_DEFAULT,readOnly
2026-03-16 17:02:05 [http-nio-8080-exec-7] DEBUG o.s.orm.jpa.JpaTransactionManager - Opened new EntityManager [SessionImpl(1146963436<open>)] for JPA transaction
2026-03-16 17:02:05 [http-nio-8080-exec-7] DEBUG o.s.orm.jpa.JpaTransactionManager - Exposing JPA transaction as JDBC [org.springframework.orm.jpa.vendor.HibernateJpaDialect$HibernateConnectionHandle@4422150d]
2026-03-16 17:02:05 [http-nio-8080-exec-7] DEBUG org.hibernate.SQL - select count(n1_0.ntcn_no) from n_user_notification n1_0 where n1_0.receiver_id=? and n1_0.is_read=?
2026-03-16 17:02:05 [http-nio-8080-exec-16] DEBUG o.s.orm.jpa.JpaTransactionManager - Closing JPA EntityManager [SessionImpl(230320821<open>)] after transaction
2026-03-16 17:02:05 [http-nio-8080-exec-16] INFO  c.c.p.a.c.menu.MenuController - getLeftMenu returned 5 items
2026-03-16 17:02:05 [http-nio-8080-exec-16] DEBUG o.s.w.s.m.m.a.HttpEntityMethodProcessor - Using 'application/json', given [application/json, text/plain, */*] and supported [application/json, application/*+json, application/yaml]
2026-03-16 17:02:05 [http-nio-8080-exec-16] TRACE o.s.w.s.m.m.a.HttpEntityMethodProcessor - Writing [ApiResponse[success=true, status=200, code=COMMON_001, message=Success, data={list=[com.company.project.service.menu.dto.MenuDto@72e85914, com.company.project.service.menu.dto.MenuDto@4679a63, com.company.project.service.menu.dto.MenuDto@535ef792, com.company.project.service.menu.dto.MenuDto@4027c36d, com.company.project.service.menu.dto.MenuDto@70370284]}, timestamp=2026-03-16T17:02:05.845263]]
2026-03-16 17:02:05 [http-nio-8080-exec-16] INFO  c.c.p.a.i.OperationalAuditInterceptor - API Audit Log: URL=/api/v1/menu/left, User=webmaster, IP=127.0.0.1
2026-03-16 17:02:05 [http-nio-8080-exec-16] DEBUG o.s.web.servlet.DispatcherServlet - Completed 200 OK
2026-03-16 17:02:05 [http-nio-8080-exec-11] DEBUG c.c.p.s.jwt.JwtAuthenticationFilter - >>> [JwtFilter] Processing request: GET /api/v1/admin/system/statistics/bbs
2026-03-16 17:02:05 [http-nio-8080-exec-11] DEBUG c.c.p.s.jwt.JwtAuthenticationFilter - >>> [JwtFilter] Found token in header for path: /api/v1/admin/system/statistics/bbs
2026-03-16 17:02:05 [http-nio-8080-exec-11] DEBUG o.s.orm.jpa.JpaTransactionManager - Creating new transaction with name [com.company.project.security.iam.CustomUserDetailsService.loadUserByUsername]: PROPAGATION_REQUIRED,ISOLATION_DEFAULT,readOnly
2026-03-16 17:02:05 [http-nio-8080-exec-11] DEBUG o.s.orm.jpa.JpaTransactionManager - Opened new EntityManager [SessionImpl(1201718194<open>)] for JPA transaction
2026-03-16 17:02:05 [http-nio-8080-exec-11] DEBUG o.s.orm.jpa.JpaTransactionManager - Exposing JPA transaction as JDBC [org.springframework.orm.jpa.vendor.HibernateJpaDialect$HibernateConnectionHandle@77c42af1]
2026-03-16 17:02:05 [http-nio-8080-exec-11] DEBUG o.s.orm.jpa.JpaTransactionManager - Found thread-bound EntityManager [SessionImpl(1201718194<open>)] for JPA transaction
2026-03-16 17:02:05 [http-nio-8080-exec-11] DEBUG o.s.orm.jpa.JpaTransactionManager - Participating in existing transaction
2026-03-16 17:02:05 [http-nio-8080-exec-11] DEBUG org.hibernate.SQL - select u1_0.emplyr_id,u1_0.area_no,u1_0.brthdy,u1_0.chg_pwd_cnt,u1_0.frst_register_id,u1_0.frst_regist_pnttm,u1_0.detail_adres,u1_0.email_adres,u1_0.emplyr_sttus_code,u1_0.empl_no,u1_0.esntl_id,u1_0.fxnum,u1_0.group_id,u1_0.house_adres,u1_0.house_end_telno,u1_0.house_middle_telno,u1_0.ihidnum,u1_0.pstinst_code,u1_0.last_updusr_id,u1_0.last_updt_pnttm,u1_0.lock_at,u1_0.lock_cnt,u1_0.lock_last_pnttm,u1_0.mbtlnum,u1_0.ofcps_nm,u1_0.offm_telno,u1_0.orgnzt_id,u1_0.password,u1_0.password_cnsr,u1_0.password_hint,u1_0.chg_pwd_last_pnttm,u1_0.role,u1_0.sbscrb_de,u1_0.sexdstn_code,u1_0.crtfc_dn_value,u1_0.user_nm,u1_0.zip from nemplyrinfo u1_0 where u1_0.emplyr_id=?
2026-03-16 17:02:05 [http-nio-8080-exec-17] DEBUG o.s.orm.jpa.JpaTransactionManager - Closing JPA EntityManager [SessionImpl(912777984<open>)] after transaction
2026-03-16 17:02:05 [http-nio-8080-exec-13] DEBUG o.s.orm.jpa.JpaTransactionManager - Closing JPA EntityManager [SessionImpl(907706126<open>)] after transaction
2026-03-16 17:02:05 [http-nio-8080-exec-13] DEBUG c.c.p.s.jwt.JwtAuthenticationFilter - >>> [JwtFilter] Successfully authenticated user: USRCNFRM_99999999999, Authorities: [ROLE_ADMIN]
2026-03-16 17:02:05 [http-nio-8080-exec-17] DEBUG c.c.p.s.jwt.JwtAuthenticationFilter - >>> [JwtFilter] Successfully authenticated user: USRCNFRM_99999999999, Authorities: [ROLE_ADMIN]
2026-03-16 17:02:05 [http-nio-8080-exec-6] DEBUG o.s.orm.jpa.JpaTransactionManager - Closing JPA EntityManager [SessionImpl(1582850279<open>)] after transaction
2026-03-16 17:02:05 [http-nio-8080-exec-6] DEBUG c.c.p.s.jwt.JwtAuthenticationFilter - >>> [JwtFilter] Successfully authenticated user: USRCNFRM_99999999999, Authorities: [ROLE_ADMIN]
2026-03-16 17:02:05 [http-nio-8080-exec-13] DEBUG o.s.web.servlet.DispatcherServlet - GET "/api/v1/admin/system/banners/reflected", parameters={}
2026-03-16 17:02:05 [http-nio-8080-exec-17] DEBUG o.s.web.servlet.DispatcherServlet - GET "/api/v1/admin/system/statistics/connect?statsKind=SERVICE", parameters={masked}
2026-03-16 17:02:05 [http-nio-8080-exec-13] TRACE o.s.w.s.m.m.a.RequestMappingHandlerMapping - Mapped to com.company.project.api.controller.system.content.banner.BannerApiController#getReflectedBanners()
2026-03-16 17:02:05 [http-nio-8080-exec-6] DEBUG o.s.web.servlet.DispatcherServlet - GET "/api/v1/notifications", parameters={}
2026-03-16 17:02:05 [http-nio-8080-exec-13] DEBUG o.s.orm.jpa.JpaTransactionManager - Creating new transaction with name [com.company.project.service.system.content.banner.BannerService.getReflectedBanners]: PROPAGATION_REQUIRED,ISOLATION_DEFAULT,readOnly
2026-03-16 17:02:05 [http-nio-8080-exec-13] DEBUG o.s.orm.jpa.JpaTransactionManager - Opened new EntityManager [SessionImpl(1302238864<open>)] for JPA transaction
2026-03-16 17:02:05 [http-nio-8080-exec-13] DEBUG o.s.orm.jpa.JpaTransactionManager - Exposing JPA transaction as JDBC [org.springframework.orm.jpa.vendor.HibernateJpaDialect$HibernateConnectionHandle@3f08b3bd]
2026-03-16 17:02:05 [http-nio-8080-exec-6] TRACE o.s.w.s.m.m.a.RequestMappingHandlerMapping - Mapped to com.company.project.api.controller.notification.NotificationController#getMyNotifications(UserDetails)
2026-03-16 17:02:05 [http-nio-8080-exec-6] DEBUG o.s.orm.jpa.JpaTransactionManager - Creating new transaction with name [com.company.project.service.notification.NotificationService.getActiveNotifications]: PROPAGATION_REQUIRED,ISOLATION_DEFAULT,readOnly
2026-03-16 17:02:05 [http-nio-8080-exec-6] DEBUG o.s.orm.jpa.JpaTransactionManager - Opened new EntityManager [SessionImpl(894546166<open>)] for JPA transaction
2026-03-16 17:02:05 [http-nio-8080-exec-6] DEBUG o.s.orm.jpa.JpaTransactionManager - Exposing JPA transaction as JDBC [org.springframework.orm.jpa.vendor.HibernateJpaDialect$HibernateConnectionHandle@1538422d]
2026-03-16 17:02:05 [http-nio-8080-exec-6] DEBUG o.s.orm.jpa.JpaTransactionManager - Found thread-bound EntityManager [SessionImpl(894546166<open>)] for JPA transaction
2026-03-16 17:02:05 [http-nio-8080-exec-6] DEBUG o.s.orm.jpa.JpaTransactionManager - Participating in existing transaction
2026-03-16 17:02:05 [http-nio-8080-exec-17] DEBUG o.s.w.s.h.SimpleUrlHandlerMapping - Mapped to ResourceHttpRequestHandler [classpath [META-INF/resources/], classpath [resources/], classpath [static/], classpath [public/], ServletContext [/]]
2026-03-16 17:02:05 [http-nio-8080-exec-13] DEBUG org.hibernate.SQL - select b1_0.banner_id,b1_0.banner_dc,b1_0.banner_image,b1_0.banner_image_file,b1_0.banner_nm,b1_0.frst_register_id,b1_0.frst_regist_pnttm,b1_0.last_updusr_id,b1_0.last_updt_pnttm,b1_0.link_url,b1_0.reflct_at,b1_0.sort_ordr from nbanner b1_0 where b1_0.reflct_at=? order by b1_0.sort_ordr
2026-03-16 17:02:05 [http-nio-8080-exec-6] DEBUG org.hibernate.SQL - select n1_0.ntcn_no,n1_0.frst_register_id,n1_0.frst_regist_pnttm,n1_0.is_read,n1_0.last_updusr_id,n1_0.last_updt_pnttm,n1_0.link_url,n1_0.ntcn_cn,n1_0.ntcn_sj,n1_0.receiver_id from n_user_notification n1_0
2026-03-16 17:02:05 [http-nio-8080-exec-17] DEBUG o.s.w.s.r.ResourceHttpRequestHandler - Resource not found
2026-03-16 17:02:05 [http-nio-8080-exec-17] DEBUG o.s.w.s.m.m.a.ExceptionHandlerExceptionResolver - Using @ExceptionHandler com.company.project.core.exception.GlobalExceptionHandler#handleException(Exception)
2026-03-16 17:02:05 [http-nio-8080-exec-17] ERROR c.c.p.c.e.GlobalExceptionHandler - >>> Internal Server Error: No static resource api/v1/admin/system/statistics/connect.
org.springframework.web.servlet.resource.NoResourceFoundException: No static resource api/v1/admin/system/statistics/connect.
	at org.springframework.web.servlet.resource.ResourceHttpRequestHandler.handleRequest(ResourceHttpRequestHandler.java:585)
	at org.springframework.web.servlet.mvc.HttpRequestHandlerAdapter.handle(HttpRequestHandlerAdapter.java:52)
	at org.springframework.web.servlet.DispatcherServlet.doDispatch(DispatcherServlet.java:1088)
	at org.springframework.web.servlet.DispatcherServlet.doService(DispatcherServlet.java:978)
	at org.springframework.web.servlet.FrameworkServlet.processRequest(FrameworkServlet.java:1014)
	at org.springframework.web.servlet.FrameworkServlet.doGet(FrameworkServlet.java:903)
	at jakarta.servlet.http.HttpServlet.service(HttpServlet.java:527)
	at org.springframework.web.servlet.FrameworkServlet.service(FrameworkServlet.java:885)
	at jakarta.servlet.http.HttpServlet.service(HttpServlet.java:614)
	at org.apache.catalina.core.ApplicationFilterChain.internalDoFilter(ApplicationFilterChain.java:195)
	at org.apache.catalina.core.ApplicationFilterChain.doFilter(ApplicationFilterChain.java:140)
	at org.apache.tomcat.websocket.server.WsFilter.doFilter(WsFilter.java:51)
	at org.apache.catalina.core.ApplicationFilterChain.internalDoFilter(ApplicationFilterChain.java:164)
	at org.apache.catalina.core.ApplicationFilterChain.doFilter(ApplicationFilterChain.java:140)
	at org.springframework.web.filter.CompositeFilter$VirtualFilterChain.doFilter(CompositeFilter.java:108)
	at org.springframework.security.web.FilterChainProxy.lambda$doFilterInternal$3(FilterChainProxy.java:231)
	at org.springframework.security.web.ObservationFilterChainDecorator$FilterObservation$SimpleFilterObservation.lambda$wrap$1(ObservationFilterChainDecorator.java:479)
	at org.springframework.security.web.ObservationFilterChainDecorator$AroundFilterObservation$SimpleAroundFilterObservation.lambda$wrap$1(ObservationFilterChainDecorator.java:340)
	at org.springframework.security.web.ObservationFilterChainDecorator.lambda$wrapSecured$0(ObservationFilterChainDecorator.java:82)
	at org.springframework.security.web.ObservationFilterChainDecorator$VirtualFilterChain.doFilter(ObservationFilterChainDecorator.java:128)
	at org.springframework.security.web.access.intercept.AuthorizationFilter.doFilter(AuthorizationFilter.java:101)
	at org.springframework.security.web.ObservationFilterChainDecorator$ObservationFilter.wrapFilter(ObservationFilterChainDecorator.java:240)
	at org.springframework.security.web.ObservationFilterChainDecorator$ObservationFilter.doFilter(ObservationFilterChainDecorator.java:227)
	at org.springframework.security.web.ObservationFilterChainDecorator$VirtualFilterChain.doFilter(ObservationFilterChainDecorator.java:137)
	at org.springframework.security.web.access.ExceptionTranslationFilter.doFilter(ExceptionTranslationFilter.java:126)
	at org.springframework.security.web.access.ExceptionTranslationFilter.doFilter(ExceptionTranslationFilter.java:120)
	at org.springframework.security.web.ObservationFilterChainDecorator$ObservationFilter.wrapFilter(ObservationFilterChainDecorator.java:240)
	at org.springframework.security.web.ObservationFilterChainDecorator$ObservationFilter.doFilter(ObservationFilterChainDecorator.java:227)
	at org.springframework.security.web.ObservationFilterChainDecorator$VirtualFilterChain.doFilter(ObservationFilterChainDecorator.java:137)
	at org.springframework.security.web.session.SessionManagementFilter.doFilter(SessionManagementFilter.java:131)
	at org.springframework.security.web.session.SessionManagementFilter.doFilter(SessionManagementFilter.java:85)
	at org.springframework.security.web.ObservationFilterChainDecorator$ObservationFilter.wrapFilter(ObservationFilterChainDecorator.java:240)
	at org.springframework.security.web.ObservationFilterChainDecorator$ObservationFilter.doFilter(ObservationFilterChainDecorator.java:227)
	at org.springframework.security.web.ObservationFilterChainDecorator$VirtualFilterChain.doFilter(ObservationFilterChainDecorator.java:137)
	at org.springframework.security.web.authentication.AnonymousAuthenticationFilter.doFilter(AnonymousAuthenticationFilter.java:100)
	at org.springframework.security.web.ObservationFilterChainDecorator$ObservationFilter.wrapFilter(ObservationFilterChainDecorator.java:240)
	at org.springframework.security.web.ObservationFilterChainDecorator$ObservationFilter.doFilter(ObservationFilterChainDecorator.java:227)
	at org.springframework.security.web.ObservationFilterChainDecorator$VirtualFilterChain.doFilter(ObservationFilterChainDecorator.java:137)
	at org.springframework.security.web.servletapi.SecurityContextHolderAwareRequestFilter.doFilter(SecurityContextHolderAwareRequestFilter.java:179)
	at org.springframework.security.web.ObservationFilterChainDecorator$ObservationFilter.wrapFilter(ObservationFilterChainDecorator.java:240)
	at org.springframework.security.web.ObservationFilterChainDecorator$ObservationFilter.doFilter(ObservationFilterChainDecorator.java:227)
	at org.springframework.security.web.ObservationFilterChainDecorator$VirtualFilterChain.doFilter(ObservationFilterChainDecorator.java:137)
	at org.springframework.security.web.savedrequest.RequestCacheAwareFilter.doFilter(RequestCacheAwareFilter.java:63)
	at org.springframework.security.web.ObservationFilterChainDecorator$ObservationFilter.wrapFilter(ObservationFilterChainDecorator.java:240)
	at org.springframework.security.web.ObservationFilterChainDecorator$ObservationFilter.doFilter(ObservationFilterChainDecorator.java:227)
	at org.springframework.security.web.ObservationFilterChainDecorator$VirtualFilterChain.doFilter(ObservationFilterChainDecorator.java:137)
	at com.company.project.security.jwt.JwtAuthenticationFilter.doFilterInternal(JwtAuthenticationFilter.java:52)
	at org.springframework.web.filter.OncePerRequestFilter.doFilter(OncePerRequestFilter.java:116)
	at org.springframework.security.web.ObservationFilterChainDecorator$ObservationFilter.wrapFilter(ObservationFilterChainDecorator.java:240)
	at org.springframework.security.web.ObservationFilterChainDecorator$ObservationFilter.doFilter(ObservationFilterChainDecorator.java:227)
	at org.springframework.security.web.ObservationFilterChainDecorator$VirtualFilterChain.doFilter(ObservationFilterChainDecorator.java:137)
	at org.springframework.security.web.authentication.logout.LogoutFilter.doFilter(LogoutFilter.java:107)
	at org.springframework.security.web.authentication.logout.LogoutFilter.doFilter(LogoutFilter.java:93)
	at org.springframework.security.web.ObservationFilterChainDecorator$ObservationFilter.wrapFilter(ObservationFilterChainDecorator.java:240)
	at org.springframework.security.web.ObservationFilterChainDecorator$ObservationFilter.doFilter(ObservationFilterChainDecorator.java:227)
	at org.springframework.security.web.ObservationFilterChainDecorator$VirtualFilterChain.doFilter(ObservationFilterChainDecorator.java:137)
	at org.springframework.web.filter.CorsFilter.doFilterInternal(CorsFilter.java:91)
	at org.springframework.web.filter.OncePerRequestFilter.doFilter(OncePerRequestFilter.java:116)
	at org.springframework.security.web.ObservationFilterChainDecorator$ObservationFilter.wrapFilter(ObservationFilterChainDecorator.java:240)
	at org.springframework.security.web.ObservationFilterChainDecorator$ObservationFilter.doFilter(ObservationFilterChainDecorator.java:227)
	at org.springframework.security.web.ObservationFilterChainDecorator$VirtualFilterChain.doFilter(ObservationFilterChainDecorator.java:137)
	at org.springframework.security.web.header.HeaderWriterFilter.doHeadersAfter(HeaderWriterFilter.java:90)
	at org.springframework.security.web.header.HeaderWriterFilter.doFilterInternal(HeaderWriterFilter.java:75)
	at org.springframework.web.filter.OncePerRequestFilter.doFilter(OncePerRequestFilter.java:116)
	at org.springframework.security.web.ObservationFilterChainDecorator$ObservationFilter.wrapFilter(ObservationFilterChainDecorator.java:240)
	at org.springframework.security.web.ObservationFilterChainDecorator$ObservationFilter.doFilter(ObservationFilterChainDecorator.java:227)
	at org.springframework.security.web.ObservationFilterChainDecorator$VirtualFilterChain.doFilter(ObservationFilterChainDecorator.java:137)
	at org.springframework.security.web.context.SecurityContextHolderFilter.doFilter(SecurityContextHolderFilter.java:82)
	at org.springframework.security.web.context.SecurityContextHolderFilter.doFilter(SecurityContextHolderFilter.java:69)
	at org.springframework.security.web.ObservationFilterChainDecorator$ObservationFilter.wrapFilter(ObservationFilterChainDecorator.java:240)
	at org.springframework.security.web.ObservationFilterChainDecorator$ObservationFilter.doFilter(ObservationFilterChainDecorator.java:227)
	at org.springframework.security.web.ObservationFilterChainDecorator$VirtualFilterChain.doFilter(ObservationFilterChainDecorator.java:137)
	at org.springframework.security.web.context.request.async.WebAsyncManagerIntegrationFilter.doFilterInternal(WebAsyncManagerIntegrationFilter.java:62)
	at org.springframework.web.filter.OncePerRequestFilter.doFilter(OncePerRequestFilter.java:116)
	at org.springframework.security.web.ObservationFilterChainDecorator$ObservationFilter.wrapFilter(ObservationFilterChainDecorator.java:240)
	at org.springframework.security.web.ObservationFilterChainDecorator$ObservationFilter.doFilter(ObservationFilterChainDecorator.java:227)
	at org.springframework.security.web.ObservationFilterChainDecorator$VirtualFilterChain.doFilter(ObservationFilterChainDecorator.java:137)
	at org.springframework.security.web.session.DisableEncodeUrlFilter.doFilterInternal(DisableEncodeUrlFilter.java:42)
	at org.springframework.web.filter.OncePerRequestFilter.doFilter(OncePerRequestFilter.java:116)
	at org.springframework.security.web.ObservationFilterChainDecorator$ObservationFilter.wrapFilter(ObservationFilterChainDecorator.java:240)
	at org.springframework.security.web.ObservationFilterChainDecorator$AroundFilterObservation$SimpleAroundFilterObservation.lambda$wrap$0(ObservationFilterChainDecorator.java:323)
	at org.springframework.security.web.ObservationFilterChainDecorator$ObservationFilter.doFilter(ObservationFilterChainDecorator.java:224)
	at org.springframework.security.web.ObservationFilterChainDecorator$VirtualFilterChain.doFilter(ObservationFilterChainDecorator.java:137)
	at org.springframework.security.web.FilterChainProxy.doFilterInternal(FilterChainProxy.java:233)
	at org.springframework.security.web.FilterChainProxy.doFilter(FilterChainProxy.java:191)
	at org.springframework.web.filter.CompositeFilter$VirtualFilterChain.doFilter(CompositeFilter.java:113)
	at org.springframework.web.servlet.handler.HandlerMappingIntrospector.lambda$createCacheFilter$3(HandlerMappingIntrospector.java:243)
	at org.springframework.web.filter.CompositeFilter$VirtualFilterChain.doFilter(CompositeFilter.java:113)
	at org.springframework.web.filter.CompositeFilter.doFilter(CompositeFilter.java:74)
	at org.springframework.security.config.annotation.web.configuration.WebMvcSecurityConfiguration$CompositeFilterChainProxy.doFilter(WebMvcSecurityConfiguration.java:238)
	at org.springframework.web.filter.DelegatingFilterProxy.invokeDelegate(DelegatingFilterProxy.java:362)
	at org.springframework.web.filter.DelegatingFilterProxy.doFilter(DelegatingFilterProxy.java:278)
	at org.apache.catalina.core.ApplicationFilterChain.internalDoFilter(ApplicationFilterChain.java:164)
	at org.apache.catalina.core.ApplicationFilterChain.doFilter(ApplicationFilterChain.java:140)
	at org.springframework.web.filter.RequestContextFilter.doFilterInternal(RequestContextFilter.java:100)
	at org.springframework.web.filter.OncePerRequestFilter.doFilter(OncePerRequestFilter.java:116)
	at org.apache.catalina.core.ApplicationFilterChain.internalDoFilter(ApplicationFilterChain.java:164)
	at org.apache.catalina.core.ApplicationFilterChain.doFilter(ApplicationFilterChain.java:140)
	at org.springframework.web.filter.FormContentFilter.doFilterInternal(FormContentFilter.java:93)
	at org.springframework.web.filter.OncePerRequestFilter.doFilter(OncePerRequestFilter.java:116)
	at org.apache.catalina.core.ApplicationFilterChain.internalDoFilter(ApplicationFilterChain.java:164)
	at org.apache.catalina.core.ApplicationFilterChain.doFilter(ApplicationFilterChain.java:140)
	at org.springframework.web.filter.ServerHttpObservationFilter.doFilterInternal(ServerHttpObservationFilter.java:114)
	at org.springframework.web.filter.OncePerRequestFilter.doFilter(OncePerRequestFilter.java:116)
	at org.apache.catalina.core.ApplicationFilterChain.internalDoFilter(ApplicationFilterChain.java:164)
	at org.apache.catalina.core.ApplicationFilterChain.doFilter(ApplicationFilterChain.java:140)
	at org.springframework.web.filter.CharacterEncodingFilter.doFilterInternal(CharacterEncodingFilter.java:201)
	at org.springframework.web.filter.OncePerRequestFilter.doFilter(OncePerRequestFilter.java:116)
	at org.apache.catalina.core.ApplicationFilterChain.internalDoFilter(ApplicationFilterChain.java:164)
	at org.apache.catalina.core.ApplicationFilterChain.doFilter(ApplicationFilterChain.java:140)
	at org.apache.catalina.core.StandardWrapperValve.invoke(StandardWrapperValve.java:167)
	at org.apache.catalina.core.StandardContextValve.invoke(StandardContextValve.java:90)
	at org.apache.catalina.authenticator.AuthenticatorBase.invoke(AuthenticatorBase.java:483)
	at org.apache.catalina.core.StandardHostValve.invoke(StandardHostValve.java:115)
	at org.apache.catalina.valves.ErrorReportValve.invoke(ErrorReportValve.java:93)
	at org.apache.catalina.core.StandardEngineValve.invoke(StandardEngineValve.java:74)
	at org.apache.catalina.connector.CoyoteAdapter.service(CoyoteAdapter.java:344)
	at org.apache.coyote.http11.Http11Processor.service(Http11Processor.java:397)
	at org.apache.coyote.AbstractProcessorLight.process(AbstractProcessorLight.java:63)
	at org.apache.coyote.AbstractProtocol$ConnectionHandler.process(AbstractProtocol.java:905)
	at org.apache.tomcat.util.net.NioEndpoint$SocketProcessor.doRun(NioEndpoint.java:1741)
	at org.apache.tomcat.util.net.SocketProcessorBase.run(SocketProcessorBase.java:52)
	at org.apache.tomcat.util.threads.ThreadPoolExecutor.runWorker(ThreadPoolExecutor.java:1190)
	at org.apache.tomcat.util.threads.ThreadPoolExecutor$Worker.run(ThreadPoolExecutor.java:659)
	at org.apache.tomcat.util.threads.TaskThread$WrappingRunnable.run(TaskThread.java:63)
	at java.base/java.lang.Thread.run(Thread.java:1583)
2026-03-16 17:02:05 [http-nio-8080-exec-17] DEBUG o.s.w.s.m.m.a.HttpEntityMethodProcessor - Using 'application/json', given [application/json, text/plain, */*] and supported [application/json, application/*+json, application/yaml]
2026-03-16 17:02:05 [http-nio-8080-exec-17] TRACE o.s.w.s.m.m.a.HttpEntityMethodProcessor - Writing [ApiResponse[success=false, status=500, code=C004, message=예기치 않은 서버 오류가 발생했습니다., data=null, timestamp=2026-03-16T17:02:05.856552600]]
2026-03-16 17:02:05 [http-nio-8080-exec-17] DEBUG o.s.w.s.m.m.a.ExceptionHandlerExceptionResolver - Resolved [org.springframework.web.servlet.resource.NoResourceFoundException: No static resource api/v1/admin/system/statistics/connect.]
2026-03-16 17:02:05 [http-nio-8080-exec-17] DEBUG o.s.web.servlet.DispatcherServlet - Completed 500 INTERNAL_SERVER_ERROR
2026-03-16 17:02:05 [http-nio-8080-exec-15] DEBUG c.c.p.s.jwt.JwtAuthenticationFilter - >>> [JwtFilter] Processing request: GET /api/v1/menu/left
2026-03-16 17:02:05 [http-nio-8080-exec-15] DEBUG c.c.p.s.jwt.JwtAuthenticationFilter - >>> [JwtFilter] Found token in header for path: /api/v1/menu/left
2026-03-16 17:02:05 [http-nio-8080-exec-15] DEBUG o.s.orm.jpa.JpaTransactionManager - Creating new transaction with name [com.company.project.security.iam.CustomUserDetailsService.loadUserByUsername]: PROPAGATION_REQUIRED,ISOLATION_DEFAULT,readOnly
2026-03-16 17:02:05 [http-nio-8080-exec-15] DEBUG o.s.orm.jpa.JpaTransactionManager - Opened new EntityManager [SessionImpl(1289653234<open>)] for JPA transaction
2026-03-16 17:02:05 [http-nio-8080-exec-15] DEBUG o.s.orm.jpa.JpaTransactionManager - Exposing JPA transaction as JDBC [org.springframework.orm.jpa.vendor.HibernateJpaDialect$HibernateConnectionHandle@333c18e2]
2026-03-16 17:02:05 [http-nio-8080-exec-15] DEBUG o.s.orm.jpa.JpaTransactionManager - Found thread-bound EntityManager [SessionImpl(1289653234<open>)] for JPA transaction
2026-03-16 17:02:05 [http-nio-8080-exec-15] DEBUG o.s.orm.jpa.JpaTransactionManager - Participating in existing transaction
2026-03-16 17:02:05 [http-nio-8080-exec-15] DEBUG org.hibernate.SQL - select u1_0.emplyr_id,u1_0.area_no,u1_0.brthdy,u1_0.chg_pwd_cnt,u1_0.frst_register_id,u1_0.frst_regist_pnttm,u1_0.detail_adres,u1_0.email_adres,u1_0.emplyr_sttus_code,u1_0.empl_no,u1_0.esntl_id,u1_0.fxnum,u1_0.group_id,u1_0.house_adres,u1_0.house_end_telno,u1_0.house_middle_telno,u1_0.ihidnum,u1_0.pstinst_code,u1_0.last_updusr_id,u1_0.last_updt_pnttm,u1_0.lock_at,u1_0.lock_cnt,u1_0.lock_last_pnttm,u1_0.mbtlnum,u1_0.ofcps_nm,u1_0.offm_telno,u1_0.orgnzt_id,u1_0.password,u1_0.password_cnsr,u1_0.password_hint,u1_0.chg_pwd_last_pnttm,u1_0.role,u1_0.sbscrb_de,u1_0.sexdstn_code,u1_0.crtfc_dn_value,u1_0.user_nm,u1_0.zip from nemplyrinfo u1_0 where u1_0.emplyr_id=?
2026-03-16 17:02:05 [http-nio-8080-exec-2] DEBUG o.s.orm.jpa.JpaTransactionManager - Closing JPA EntityManager [SessionImpl(1699595063<open>)] after transaction
2026-03-16 17:02:05 [http-nio-8080-exec-7] DEBUG o.s.orm.jpa.JpaTransactionManager - Initiating transaction commit
2026-03-16 17:02:05 [http-nio-8080-exec-7] DEBUG o.s.orm.jpa.JpaTransactionManager - Committing JPA transaction on EntityManager [SessionImpl(1146963436<open>)]
2026-03-16 17:02:05 [http-nio-8080-exec-2] DEBUG c.c.p.s.jwt.JwtAuthenticationFilter - >>> [JwtFilter] Successfully authenticated user: USRCNFRM_99999999999, Authorities: [ROLE_ADMIN]
2026-03-16 17:02:05 [http-nio-8080-exec-2] DEBUG o.s.web.servlet.DispatcherServlet - GET "/api/v1/popups/active", parameters={}
2026-03-16 17:02:05 [http-nio-8080-exec-2] TRACE o.s.w.s.m.m.a.RequestMappingHandlerMapping - Mapped to com.company.project.api.controller.system.content.popup.PopupController#getActivePopups()
2026-03-16 17:02:05 [http-nio-8080-exec-2] DEBUG o.s.orm.jpa.JpaTransactionManager - Creating new transaction with name [com.company.project.service.system.content.popup.PopupServiceImpl.getActivePopups]: PROPAGATION_REQUIRED,ISOLATION_DEFAULT,readOnly
2026-03-16 17:02:05 [http-nio-8080-exec-2] DEBUG o.s.orm.jpa.JpaTransactionManager - Opened new EntityManager [SessionImpl(1690127256<open>)] for JPA transaction
2026-03-16 17:02:05 [http-nio-8080-exec-2] DEBUG o.s.orm.jpa.JpaTransactionManager - Exposing JPA transaction as JDBC [org.springframework.orm.jpa.vendor.HibernateJpaDialect$HibernateConnectionHandle@786ee38b]
2026-03-16 17:02:05 [http-nio-8080-exec-2] DEBUG org.hibernate.SQL - select p1_0.popup_id,p1_0.frst_register_id,p1_0.frst_regist_pnttm,p1_0.file_url,p1_0.ntce_at,p1_0.stopvew_setup_at,p1_0.last_updusr_id,p1_0.last_updt_pnttm,p1_0.ntce_bgnde,p1_0.ntce_endde,p1_0.popup_vrticl_lc,p1_0.popup_vrticl_size,p1_0.popup_sj_nm,p1_0.popup_width_lc,p1_0.popup_width_size from npopupmanage p1_0 where p1_0.ntce_at='Y' and ? between p1_0.ntce_bgnde and p1_0.ntce_endde
2026-03-16 17:02:06 [http-nio-8080-exec-13] DEBUG o.s.orm.jpa.JpaTransactionManager - Initiating transaction commit
2026-03-16 17:02:06 [http-nio-8080-exec-13] DEBUG o.s.orm.jpa.JpaTransactionManager - Committing JPA transaction on EntityManager [SessionImpl(1302238864<open>)]
2026-03-16 17:02:06 [http-nio-8080-exec-6] DEBUG o.s.orm.jpa.JpaTransactionManager - Initiating transaction commit
2026-03-16 17:02:06 [http-nio-8080-exec-6] DEBUG o.s.orm.jpa.JpaTransactionManager - Committing JPA transaction on EntityManager [SessionImpl(894546166<open>)]
2026-03-16 17:02:06 [http-nio-8080-exec-11] DEBUG o.s.orm.jpa.JpaTransactionManager - Found thread-bound EntityManager [SessionImpl(1201718194<open>)] for JPA transaction
2026-03-16 17:02:06 [http-nio-8080-exec-11] DEBUG o.s.orm.jpa.JpaTransactionManager - Participating in existing transaction
2026-03-16 17:02:06 [http-nio-8080-exec-11] DEBUG org.hibernate.SQL - select ua1_0.scrty_dtrmn_trget_id,ua1_0.author_code,ua1_0.frst_register_id,ua1_0.frst_regist_pnttm,ua1_0.last_updusr_id,ua1_0.last_updt_pnttm,ua1_0.mber_ty_code from nemplyrscrtyestbs ua1_0 where ua1_0.scrty_dtrmn_trget_id=?
2026-03-16 17:02:06 [http-nio-8080-exec-15] DEBUG o.s.orm.jpa.JpaTransactionManager - Found thread-bound EntityManager [SessionImpl(1289653234<open>)] for JPA transaction
2026-03-16 17:02:06 [http-nio-8080-exec-15] DEBUG o.s.orm.jpa.JpaTransactionManager - Participating in existing transaction
2026-03-16 17:02:06 [http-nio-8080-exec-15] DEBUG org.hibernate.SQL - select ua1_0.scrty_dtrmn_trget_id,ua1_0.author_code,ua1_0.frst_register_id,ua1_0.frst_regist_pnttm,ua1_0.last_updusr_id,ua1_0.last_updt_pnttm,ua1_0.mber_ty_code from nemplyrscrtyestbs ua1_0 where ua1_0.scrty_dtrmn_trget_id=?
2026-03-16 17:02:06 [http-nio-8080-exec-7] DEBUG o.s.orm.jpa.JpaTransactionManager - Closing JPA EntityManager [SessionImpl(1146963436<open>)] after transaction
2026-03-16 17:02:06 [http-nio-8080-exec-7] DEBUG o.s.w.s.m.m.a.HttpEntityMethodProcessor - Using 'application/json', given [application/json, text/plain, */*] and supported [application/json, application/*+json, application/yaml]
2026-03-16 17:02:06 [http-nio-8080-exec-7] TRACE o.s.w.s.m.m.a.HttpEntityMethodProcessor - Writing [ApiResponse[success=true, status=200, code=COMMON_001, message=Success, data=0, timestamp=2026-03-16T17:02:06.042872800]]
2026-03-16 17:02:06 [http-nio-8080-exec-7] INFO  c.c.p.a.i.OperationalAuditInterceptor - API Audit Log: URL=/api/v1/notifications/unread-count, User=webmaster, IP=127.0.0.1
2026-03-16 17:02:06 [http-nio-8080-exec-7] DEBUG o.s.web.servlet.DispatcherServlet - Completed 200 OK
2026-03-16 17:02:06 [http-nio-8080-exec-12] DEBUG c.c.p.s.jwt.JwtAuthenticationFilter - >>> [JwtFilter] Processing request: GET /api/v1/notifications/unread-count
2026-03-16 17:02:06 [http-nio-8080-exec-12] DEBUG c.c.p.s.jwt.JwtAuthenticationFilter - >>> [JwtFilter] Found token in header for path: /api/v1/notifications/unread-count
2026-03-16 17:02:06 [http-nio-8080-exec-12] DEBUG o.s.orm.jpa.JpaTransactionManager - Creating new transaction with name [com.company.project.security.iam.CustomUserDetailsService.loadUserByUsername]: PROPAGATION_REQUIRED,ISOLATION_DEFAULT,readOnly
2026-03-16 17:02:06 [http-nio-8080-exec-12] DEBUG o.s.orm.jpa.JpaTransactionManager - Opened new EntityManager [SessionImpl(1263168257<open>)] for JPA transaction
2026-03-16 17:02:06 [http-nio-8080-exec-2] DEBUG o.s.orm.jpa.JpaTransactionManager - Initiating transaction commit
2026-03-16 17:02:06 [http-nio-8080-exec-2] DEBUG o.s.orm.jpa.JpaTransactionManager - Committing JPA transaction on EntityManager [SessionImpl(1690127256<open>)]
2026-03-16 17:02:06 [http-nio-8080-exec-13] DEBUG o.s.orm.jpa.JpaTransactionManager - Closing JPA EntityManager [SessionImpl(1302238864<open>)] after transaction
2026-03-16 17:02:06 [http-nio-8080-exec-13] DEBUG o.s.w.s.m.m.a.HttpEntityMethodProcessor - Using 'application/json', given [application/json, text/plain, */*] and supported [application/json, application/*+json, application/yaml]
2026-03-16 17:02:06 [http-nio-8080-exec-13] TRACE o.s.w.s.m.m.a.HttpEntityMethodProcessor - Writing [ApiResponse[success=true, status=200, code=COMMON_001, message=Success, data=[], timestamp=2026-03-16T17:02:06.154431600]]
2026-03-16 17:02:06 [http-nio-8080-exec-13] INFO  c.c.p.a.i.OperationalAuditInterceptor - API Audit Log: URL=/api/v1/admin/system/banners/reflected, User=webmaster, IP=127.0.0.1
2026-03-16 17:02:06 [http-nio-8080-exec-13] DEBUG o.s.web.servlet.DispatcherServlet - Completed 200 OK
2026-03-16 17:02:06 [http-nio-8080-exec-6] DEBUG o.s.orm.jpa.JpaTransactionManager - Closing JPA EntityManager [SessionImpl(894546166<open>)] after transaction
2026-03-16 17:02:06 [http-nio-8080-exec-6] DEBUG o.s.w.s.m.m.a.HttpEntityMethodProcessor - Using 'application/json', given [application/json, text/plain, */*] and supported [application/json, application/*+json, application/yaml]
2026-03-16 17:02:06 [http-nio-8080-exec-6] TRACE o.s.w.s.m.m.a.HttpEntityMethodProcessor - Writing [ApiResponse[success=true, status=200, code=COMMON_001, message=Success, data=[NotificationDto(ntfcNo=NT001, ntfcSj=테스트 알림입니다, ntfcCn=알림 내용입니다, ntfcDate=null, ntfcTime=2026-02-25T00:59:33.784070, bhNtfcIntrvl=null, uniqId=null, frstRegisterId=null, frstRegisterPnttm=2026-02-25T00:59:33.784070, lastUpdusrId=null, lastUpdusrPnttm=null)], timestamp=2026-03-16T17:02:06.159409300]]
2026-03-16 17:02:06 [http-nio-8080-exec-6] INFO  c.c.p.a.i.OperationalAuditInterceptor - API Audit Log: URL=/api/v1/notifications, User=webmaster, IP=127.0.0.1
2026-03-16 17:02:06 [http-nio-8080-exec-6] DEBUG o.s.web.servlet.DispatcherServlet - Completed 200 OK
2026-03-16 17:02:06 [http-nio-8080-exec-19] DEBUG c.c.p.s.jwt.JwtAuthenticationFilter - >>> [JwtFilter] Processing request: GET /api/v1/admin/system/banners/reflected
2026-03-16 17:02:06 [http-nio-8080-exec-19] DEBUG c.c.p.s.jwt.JwtAuthenticationFilter - >>> [JwtFilter] Found token in header for path: /api/v1/admin/system/banners/reflected
2026-03-16 17:02:06 [http-nio-8080-exec-19] DEBUG o.s.orm.jpa.JpaTransactionManager - Creating new transaction with name [com.company.project.security.iam.CustomUserDetailsService.loadUserByUsername]: PROPAGATION_REQUIRED,ISOLATION_DEFAULT,readOnly
2026-03-16 17:02:06 [http-nio-8080-exec-19] DEBUG o.s.orm.jpa.JpaTransactionManager - Opened new EntityManager [SessionImpl(871429464<open>)] for JPA transaction
2026-03-16 17:02:06 [http-nio-8080-exec-19] DEBUG o.s.orm.jpa.JpaTransactionManager - Exposing JPA transaction as JDBC [org.springframework.orm.jpa.vendor.HibernateJpaDialect$HibernateConnectionHandle@34a7874]
2026-03-16 17:02:06 [http-nio-8080-exec-19] DEBUG o.s.orm.jpa.JpaTransactionManager - Found thread-bound EntityManager [SessionImpl(871429464<open>)] for JPA transaction
2026-03-16 17:02:06 [http-nio-8080-exec-19] DEBUG o.s.orm.jpa.JpaTransactionManager - Participating in existing transaction
2026-03-16 17:02:06 [http-nio-8080-exec-19] DEBUG org.hibernate.SQL - select u1_0.emplyr_id,u1_0.area_no,u1_0.brthdy,u1_0.chg_pwd_cnt,u1_0.frst_register_id,u1_0.frst_regist_pnttm,u1_0.detail_adres,u1_0.email_adres,u1_0.emplyr_sttus_code,u1_0.empl_no,u1_0.esntl_id,u1_0.fxnum,u1_0.group_id,u1_0.house_adres,u1_0.house_end_telno,u1_0.house_middle_telno,u1_0.ihidnum,u1_0.pstinst_code,u1_0.last_updusr_id,u1_0.last_updt_pnttm,u1_0.lock_at,u1_0.lock_cnt,u1_0.lock_last_pnttm,u1_0.mbtlnum,u1_0.ofcps_nm,u1_0.offm_telno,u1_0.orgnzt_id,u1_0.password,u1_0.password_cnsr,u1_0.password_hint,u1_0.chg_pwd_last_pnttm,u1_0.role,u1_0.sbscrb_de,u1_0.sexdstn_code,u1_0.crtfc_dn_value,u1_0.user_nm,u1_0.zip from nemplyrinfo u1_0 where u1_0.emplyr_id=?
2026-03-16 17:02:06 [http-nio-8080-exec-10] DEBUG c.c.p.s.jwt.JwtAuthenticationFilter - >>> [JwtFilter] Processing request: GET /api/v1/notifications
2026-03-16 17:02:06 [http-nio-8080-exec-10] DEBUG c.c.p.s.jwt.JwtAuthenticationFilter - >>> [JwtFilter] Found token in header for path: /api/v1/notifications
2026-03-16 17:02:06 [http-nio-8080-exec-10] DEBUG o.s.orm.jpa.JpaTransactionManager - Creating new transaction with name [com.company.project.security.iam.CustomUserDetailsService.loadUserByUsername]: PROPAGATION_REQUIRED,ISOLATION_DEFAULT,readOnly
2026-03-16 17:02:06 [http-nio-8080-exec-10] DEBUG o.s.orm.jpa.JpaTransactionManager - Opened new EntityManager [SessionImpl(957266097<open>)] for JPA transaction
2026-03-16 17:02:06 [http-nio-8080-exec-10] DEBUG o.s.orm.jpa.JpaTransactionManager - Exposing JPA transaction as JDBC [org.springframework.orm.jpa.vendor.HibernateJpaDialect$HibernateConnectionHandle@73a00b3a]
2026-03-16 17:02:06 [http-nio-8080-exec-10] DEBUG o.s.orm.jpa.JpaTransactionManager - Found thread-bound EntityManager [SessionImpl(957266097<open>)] for JPA transaction
2026-03-16 17:02:06 [http-nio-8080-exec-10] DEBUG o.s.orm.jpa.JpaTransactionManager - Participating in existing transaction
2026-03-16 17:02:06 [http-nio-8080-exec-10] DEBUG org.hibernate.SQL - select u1_0.emplyr_id,u1_0.area_no,u1_0.brthdy,u1_0.chg_pwd_cnt,u1_0.frst_register_id,u1_0.frst_regist_pnttm,u1_0.detail_adres,u1_0.email_adres,u1_0.emplyr_sttus_code,u1_0.empl_no,u1_0.esntl_id,u1_0.fxnum,u1_0.group_id,u1_0.house_adres,u1_0.house_end_telno,u1_0.house_middle_telno,u1_0.ihidnum,u1_0.pstinst_code,u1_0.last_updusr_id,u1_0.last_updt_pnttm,u1_0.lock_at,u1_0.lock_cnt,u1_0.lock_last_pnttm,u1_0.mbtlnum,u1_0.ofcps_nm,u1_0.offm_telno,u1_0.orgnzt_id,u1_0.password,u1_0.password_cnsr,u1_0.password_hint,u1_0.chg_pwd_last_pnttm,u1_0.role,u1_0.sbscrb_de,u1_0.sexdstn_code,u1_0.crtfc_dn_value,u1_0.user_nm,u1_0.zip from nemplyrinfo u1_0 where u1_0.emplyr_id=?
2026-03-16 17:02:06 [http-nio-8080-exec-15] DEBUG o.s.orm.jpa.JpaTransactionManager - Initiating transaction commit
2026-03-16 17:02:06 [http-nio-8080-exec-11] DEBUG o.s.orm.jpa.JpaTransactionManager - Initiating transaction commit
2026-03-16 17:02:06 [http-nio-8080-exec-15] DEBUG o.s.orm.jpa.JpaTransactionManager - Committing JPA transaction on EntityManager [SessionImpl(1289653234<open>)]
2026-03-16 17:02:06 [http-nio-8080-exec-11] DEBUG o.s.orm.jpa.JpaTransactionManager - Committing JPA transaction on EntityManager [SessionImpl(1201718194<open>)]
2026-03-16 17:02:06 [http-nio-8080-exec-2] DEBUG o.s.orm.jpa.JpaTransactionManager - Closing JPA EntityManager [SessionImpl(1690127256<open>)] after transaction
2026-03-16 17:02:06 [http-nio-8080-exec-12] DEBUG o.s.orm.jpa.JpaTransactionManager - Exposing JPA transaction as JDBC [org.springframework.orm.jpa.vendor.HibernateJpaDialect$HibernateConnectionHandle@2fcb86bd]
2026-03-16 17:02:06 [http-nio-8080-exec-12] DEBUG o.s.orm.jpa.JpaTransactionManager - Found thread-bound EntityManager [SessionImpl(1263168257<open>)] for JPA transaction
2026-03-16 17:02:06 [http-nio-8080-exec-12] DEBUG o.s.orm.jpa.JpaTransactionManager - Participating in existing transaction
2026-03-16 17:02:06 [http-nio-8080-exec-2] DEBUG o.s.w.s.m.m.a.HttpEntityMethodProcessor - Using 'application/json', given [application/json, text/plain, */*] and supported [application/json, application/*+json, application/yaml]
2026-03-16 17:02:06 [http-nio-8080-exec-12] DEBUG org.hibernate.SQL - select u1_0.emplyr_id,u1_0.area_no,u1_0.brthdy,u1_0.chg_pwd_cnt,u1_0.frst_register_id,u1_0.frst_regist_pnttm,u1_0.detail_adres,u1_0.email_adres,u1_0.emplyr_sttus_code,u1_0.empl_no,u1_0.esntl_id,u1_0.fxnum,u1_0.group_id,u1_0.house_adres,u1_0.house_end_telno,u1_0.house_middle_telno,u1_0.ihidnum,u1_0.pstinst_code,u1_0.last_updusr_id,u1_0.last_updt_pnttm,u1_0.lock_at,u1_0.lock_cnt,u1_0.lock_last_pnttm,u1_0.mbtlnum,u1_0.ofcps_nm,u1_0.offm_telno,u1_0.orgnzt_id,u1_0.password,u1_0.password_cnsr,u1_0.password_hint,u1_0.chg_pwd_last_pnttm,u1_0.role,u1_0.sbscrb_de,u1_0.sexdstn_code,u1_0.crtfc_dn_value,u1_0.user_nm,u1_0.zip from nemplyrinfo u1_0 where u1_0.emplyr_id=?
2026-03-16 17:02:06 [http-nio-8080-exec-2] TRACE o.s.w.s.m.m.a.HttpEntityMethodProcessor - Writing [ApiResponse[success=true, status=200, code=COMMON_001, message=Success, data=[], timestamp=2026-03-16T17:02:06.205075800]]
2026-03-16 17:02:06 [http-nio-8080-exec-2] INFO  c.c.p.a.i.OperationalAuditInterceptor - API Audit Log: URL=/api/v1/popups/active, User=webmaster, IP=127.0.0.1
2026-03-16 17:02:06 [http-nio-8080-exec-2] DEBUG o.s.web.servlet.DispatcherServlet - Completed 200 OK
2026-03-16 17:02:06 [http-nio-8080-exec-3] DEBUG c.c.p.s.jwt.JwtAuthenticationFilter - >>> [JwtFilter] Processing request: GET /api/v1/popups/active
2026-03-16 17:02:06 [http-nio-8080-exec-3] DEBUG c.c.p.s.jwt.JwtAuthenticationFilter - >>> [JwtFilter] Found token in header for path: /api/v1/popups/active
2026-03-16 17:02:06 [http-nio-8080-exec-3] DEBUG o.s.orm.jpa.JpaTransactionManager - Creating new transaction with name [com.company.project.security.iam.CustomUserDetailsService.loadUserByUsername]: PROPAGATION_REQUIRED,ISOLATION_DEFAULT,readOnly
2026-03-16 17:02:06 [http-nio-8080-exec-3] DEBUG o.s.orm.jpa.JpaTransactionManager - Opened new EntityManager [SessionImpl(1813233458<open>)] for JPA transaction
2026-03-16 17:02:06 [http-nio-8080-exec-3] DEBUG o.s.orm.jpa.JpaTransactionManager - Exposing JPA transaction as JDBC [org.springframework.orm.jpa.vendor.HibernateJpaDialect$HibernateConnectionHandle@7da749fc]
2026-03-16 17:02:06 [http-nio-8080-exec-3] DEBUG o.s.orm.jpa.JpaTransactionManager - Found thread-bound EntityManager [SessionImpl(1813233458<open>)] for JPA transaction
2026-03-16 17:02:06 [http-nio-8080-exec-3] DEBUG o.s.orm.jpa.JpaTransactionManager - Participating in existing transaction
2026-03-16 17:02:06 [http-nio-8080-exec-3] DEBUG org.hibernate.SQL - select u1_0.emplyr_id,u1_0.area_no,u1_0.brthdy,u1_0.chg_pwd_cnt,u1_0.frst_register_id,u1_0.frst_regist_pnttm,u1_0.detail_adres,u1_0.email_adres,u1_0.emplyr_sttus_code,u1_0.empl_no,u1_0.esntl_id,u1_0.fxnum,u1_0.group_id,u1_0.house_adres,u1_0.house_end_telno,u1_0.house_middle_telno,u1_0.ihidnum,u1_0.pstinst_code,u1_0.last_updusr_id,u1_0.last_updt_pnttm,u1_0.lock_at,u1_0.lock_cnt,u1_0.lock_last_pnttm,u1_0.mbtlnum,u1_0.ofcps_nm,u1_0.offm_telno,u1_0.orgnzt_id,u1_0.password,u1_0.password_cnsr,u1_0.password_hint,u1_0.chg_pwd_last_pnttm,u1_0.role,u1_0.sbscrb_de,u1_0.sexdstn_code,u1_0.crtfc_dn_value,u1_0.user_nm,u1_0.zip from nemplyrinfo u1_0 where u1_0.emplyr_id=?
2026-03-16 17:02:06 [http-nio-8080-exec-19] DEBUG o.s.orm.jpa.JpaTransactionManager - Found thread-bound EntityManager [SessionImpl(871429464<open>)] for JPA transaction
2026-03-16 17:02:06 [http-nio-8080-exec-19] DEBUG o.s.orm.jpa.JpaTransactionManager - Participating in existing transaction
2026-03-16 17:02:06 [http-nio-8080-exec-19] DEBUG org.hibernate.SQL - select ua1_0.scrty_dtrmn_trget_id,ua1_0.author_code,ua1_0.frst_register_id,ua1_0.frst_regist_pnttm,ua1_0.last_updusr_id,ua1_0.last_updt_pnttm,ua1_0.mber_ty_code from nemplyrscrtyestbs ua1_0 where ua1_0.scrty_dtrmn_trget_id=?
2026-03-16 17:02:06 [http-nio-8080-exec-15] DEBUG o.s.orm.jpa.JpaTransactionManager - Closing JPA EntityManager [SessionImpl(1289653234<open>)] after transaction
2026-03-16 17:02:06 [http-nio-8080-exec-15] DEBUG c.c.p.s.jwt.JwtAuthenticationFilter - >>> [JwtFilter] Successfully authenticated user: USRCNFRM_99999999999, Authorities: [ROLE_ADMIN]
2026-03-16 17:02:06 [http-nio-8080-exec-15] DEBUG o.s.web.servlet.DispatcherServlet - GET "/api/v1/menu/left?menuNo=20", parameters={masked}
2026-03-16 17:02:06 [http-nio-8080-exec-15] TRACE o.s.w.s.m.m.a.RequestMappingHandlerMapping - Mapped to com.company.project.api.controller.menu.MenuController#getLeftMenu(Long)
2026-03-16 17:02:06 [http-nio-8080-exec-15] INFO  c.c.p.a.c.menu.MenuController - getLeftMenu called with menuNo=20
2026-03-16 17:02:06 [http-nio-8080-exec-15] DEBUG o.s.orm.jpa.JpaTransactionManager - Creating new transaction with name [com.company.project.service.menu.MenuService.getSubMenus]: PROPAGATION_REQUIRED,ISOLATION_DEFAULT,readOnly
2026-03-16 17:02:06 [http-nio-8080-exec-15] DEBUG o.s.orm.jpa.JpaTransactionManager - Opened new EntityManager [SessionImpl(1627237537<open>)] for JPA transaction
2026-03-16 17:02:06 [http-nio-8080-exec-15] DEBUG o.s.orm.jpa.JpaTransactionManager - Exposing JPA transaction as JDBC [org.springframework.orm.jpa.vendor.HibernateJpaDialect$HibernateConnectionHandle@29e9a39b]
2026-03-16 17:02:06 [http-nio-8080-exec-15] DEBUG org.hibernate.SQL - select m1_0.menu_no,m1_0.menu_dc,m1_0.menu_nm,m1_0.menu_ordr,m1_0.modern_route,m1_0.progrm_file_nm,m1_0.relate_image_nm,m1_0.relate_image_path,m1_0.route_updated_at,m1_0.upper_menu_no from nmenuinfo m1_0 order by m1_0.upper_menu_no,m1_0.menu_ordr
2026-03-16 17:02:06 [http-nio-8080-exec-10] DEBUG o.s.orm.jpa.JpaTransactionManager - Found thread-bound EntityManager [SessionImpl(957266097<open>)] for JPA transaction
2026-03-16 17:02:06 [http-nio-8080-exec-10] DEBUG o.s.orm.jpa.JpaTransactionManager - Participating in existing transaction
2026-03-16 17:02:06 [http-nio-8080-exec-10] DEBUG org.hibernate.SQL - select ua1_0.scrty_dtrmn_trget_id,ua1_0.author_code,ua1_0.frst_register_id,ua1_0.frst_regist_pnttm,ua1_0.last_updusr_id,ua1_0.last_updt_pnttm,ua1_0.mber_ty_code from nemplyrscrtyestbs ua1_0 where ua1_0.scrty_dtrmn_trget_id=?
2026-03-16 17:02:06 [http-nio-8080-exec-11] DEBUG o.s.orm.jpa.JpaTransactionManager - Closing JPA EntityManager [SessionImpl(1201718194<open>)] after transaction
2026-03-16 17:02:06 [http-nio-8080-exec-11] DEBUG c.c.p.s.jwt.JwtAuthenticationFilter - >>> [JwtFilter] Successfully authenticated user: USRCNFRM_99999999999, Authorities: [ROLE_ADMIN]
2026-03-16 17:02:06 [http-nio-8080-exec-11] DEBUG o.s.web.servlet.DispatcherServlet - GET "/api/v1/admin/system/statistics/bbs?statsKind=COM101", parameters={masked}
2026-03-16 17:02:06 [http-nio-8080-exec-11] DEBUG o.s.w.s.h.SimpleUrlHandlerMapping - Mapped to ResourceHttpRequestHandler [classpath [META-INF/resources/], classpath [resources/], classpath [static/], classpath [public/], ServletContext [/]]
2026-03-16 17:02:06 [http-nio-8080-exec-11] DEBUG o.s.w.s.r.ResourceHttpRequestHandler - Resource not found
2026-03-16 17:02:06 [http-nio-8080-exec-11] DEBUG o.s.w.s.m.m.a.ExceptionHandlerExceptionResolver - Using @ExceptionHandler com.company.project.core.exception.GlobalExceptionHandler#handleException(Exception)
2026-03-16 17:02:06 [http-nio-8080-exec-11] ERROR c.c.p.c.e.GlobalExceptionHandler - >>> Internal Server Error: No static resource api/v1/admin/system/statistics/bbs.
org.springframework.web.servlet.resource.NoResourceFoundException: No static resource api/v1/admin/system/statistics/bbs.
	at org.springframework.web.servlet.resource.ResourceHttpRequestHandler.handleRequest(ResourceHttpRequestHandler.java:585)
	at org.springframework.web.servlet.mvc.HttpRequestHandlerAdapter.handle(HttpRequestHandlerAdapter.java:52)
	at org.springframework.web.servlet.DispatcherServlet.doDispatch(DispatcherServlet.java:1088)
	at org.springframework.web.servlet.DispatcherServlet.doService(DispatcherServlet.java:978)
	at org.springframework.web.servlet.FrameworkServlet.processRequest(FrameworkServlet.java:1014)
	at org.springframework.web.servlet.FrameworkServlet.doGet(FrameworkServlet.java:903)
	at jakarta.servlet.http.HttpServlet.service(HttpServlet.java:527)
	at org.springframework.web.servlet.FrameworkServlet.service(FrameworkServlet.java:885)
	at jakarta.servlet.http.HttpServlet.service(HttpServlet.java:614)
	at org.apache.catalina.core.ApplicationFilterChain.internalDoFilter(ApplicationFilterChain.java:195)
	at org.apache.catalina.core.ApplicationFilterChain.doFilter(ApplicationFilterChain.java:140)
	at org.apache.tomcat.websocket.server.WsFilter.doFilter(WsFilter.java:51)
	at org.apache.catalina.core.ApplicationFilterChain.internalDoFilter(ApplicationFilterChain.java:164)
	at org.apache.catalina.core.ApplicationFilterChain.doFilter(ApplicationFilterChain.java:140)
	at org.springframework.web.filter.CompositeFilter$VirtualFilterChain.doFilter(CompositeFilter.java:108)
	at org.springframework.security.web.FilterChainProxy.lambda$doFilterInternal$3(FilterChainProxy.java:231)
	at org.springframework.security.web.ObservationFilterChainDecorator$FilterObservation$SimpleFilterObservation.lambda$wrap$1(ObservationFilterChainDecorator.java:479)
	at org.springframework.security.web.ObservationFilterChainDecorator$AroundFilterObservation$SimpleAroundFilterObservation.lambda$wrap$1(ObservationFilterChainDecorator.java:340)
	at org.springframework.security.web.ObservationFilterChainDecorator.lambda$wrapSecured$0(ObservationFilterChainDecorator.java:82)
	at org.springframework.security.web.ObservationFilterChainDecorator$VirtualFilterChain.doFilter(ObservationFilterChainDecorator.java:128)
	at org.springframework.security.web.access.intercept.AuthorizationFilter.doFilter(AuthorizationFilter.java:101)
	at org.springframework.security.web.ObservationFilterChainDecorator$ObservationFilter.wrapFilter(ObservationFilterChainDecorator.java:240)
	at org.springframework.security.web.ObservationFilterChainDecorator$ObservationFilter.doFilter(ObservationFilterChainDecorator.java:227)
	at org.springframework.security.web.ObservationFilterChainDecorator$VirtualFilterChain.doFilter(ObservationFilterChainDecorator.java:137)
	at org.springframework.security.web.access.ExceptionTranslationFilter.doFilter(ExceptionTranslationFilter.java:126)
	at org.springframework.security.web.access.ExceptionTranslationFilter.doFilter(ExceptionTranslationFilter.java:120)
	at org.springframework.security.web.ObservationFilterChainDecorator$ObservationFilter.wrapFilter(ObservationFilterChainDecorator.java:240)
	at org.springframework.security.web.ObservationFilterChainDecorator$ObservationFilter.doFilter(ObservationFilterChainDecorator.java:227)
	at org.springframework.security.web.ObservationFilterChainDecorator$VirtualFilterChain.doFilter(ObservationFilterChainDecorator.java:137)
	at org.springframework.security.web.session.SessionManagementFilter.doFilter(SessionManagementFilter.java:131)
	at org.springframework.security.web.session.SessionManagementFilter.doFilter(SessionManagementFilter.java:85)
	at org.springframework.security.web.ObservationFilterChainDecorator$ObservationFilter.wrapFilter(ObservationFilterChainDecorator.java:240)
	at org.springframework.security.web.ObservationFilterChainDecorator$ObservationFilter.doFilter(ObservationFilterChainDecorator.java:227)
	at org.springframework.security.web.ObservationFilterChainDecorator$VirtualFilterChain.doFilter(ObservationFilterChainDecorator.java:137)
	at org.springframework.security.web.authentication.AnonymousAuthenticationFilter.doFilter(AnonymousAuthenticationFilter.java:100)
	at org.springframework.security.web.ObservationFilterChainDecorator$ObservationFilter.wrapFilter(ObservationFilterChainDecorator.java:240)
	at org.springframework.security.web.ObservationFilterChainDecorator$ObservationFilter.doFilter(ObservationFilterChainDecorator.java:227)
	at org.springframework.security.web.ObservationFilterChainDecorator$VirtualFilterChain.doFilter(ObservationFilterChainDecorator.java:137)
	at org.springframework.security.web.servletapi.SecurityContextHolderAwareRequestFilter.doFilter(SecurityContextHolderAwareRequestFilter.java:179)
	at org.springframework.security.web.ObservationFilterChainDecorator$ObservationFilter.wrapFilter(ObservationFilterChainDecorator.java:240)
	at org.springframework.security.web.ObservationFilterChainDecorator$ObservationFilter.doFilter(ObservationFilterChainDecorator.java:227)
	at org.springframework.security.web.ObservationFilterChainDecorator$VirtualFilterChain.doFilter(ObservationFilterChainDecorator.java:137)
	at org.springframework.security.web.savedrequest.RequestCacheAwareFilter.doFilter(RequestCacheAwareFilter.java:63)
	at org.springframework.security.web.ObservationFilterChainDecorator$ObservationFilter.wrapFilter(ObservationFilterChainDecorator.java:240)
	at org.springframework.security.web.ObservationFilterChainDecorator$ObservationFilter.doFilter(ObservationFilterChainDecorator.java:227)
	at org.springframework.security.web.ObservationFilterChainDecorator$VirtualFilterChain.doFilter(ObservationFilterChainDecorator.java:137)
	at com.company.project.security.jwt.JwtAuthenticationFilter.doFilterInternal(JwtAuthenticationFilter.java:52)
	at org.springframework.web.filter.OncePerRequestFilter.doFilter(OncePerRequestFilter.java:116)
	at org.springframework.security.web.ObservationFilterChainDecorator$ObservationFilter.wrapFilter(ObservationFilterChainDecorator.java:240)
	at org.springframework.security.web.ObservationFilterChainDecorator$ObservationFilter.doFilter(ObservationFilterChainDecorator.java:227)
	at org.springframework.security.web.ObservationFilterChainDecorator$VirtualFilterChain.doFilter(ObservationFilterChainDecorator.java:137)
	at org.springframework.security.web.authentication.logout.LogoutFilter.doFilter(LogoutFilter.java:107)
	at org.springframework.security.web.authentication.logout.LogoutFilter.doFilter(LogoutFilter.java:93)
	at org.springframework.security.web.ObservationFilterChainDecorator$ObservationFilter.wrapFilter(ObservationFilterChainDecorator.java:240)
	at org.springframework.security.web.ObservationFilterChainDecorator$ObservationFilter.doFilter(ObservationFilterChainDecorator.java:227)
	at org.springframework.security.web.ObservationFilterChainDecorator$VirtualFilterChain.doFilter(ObservationFilterChainDecorator.java:137)
	at org.springframework.web.filter.CorsFilter.doFilterInternal(CorsFilter.java:91)
	at org.springframework.web.filter.OncePerRequestFilter.doFilter(OncePerRequestFilter.java:116)
	at org.springframework.security.web.ObservationFilterChainDecorator$ObservationFilter.wrapFilter(ObservationFilterChainDecorator.java:240)
	at org.springframework.security.web.ObservationFilterChainDecorator$ObservationFilter.doFilter(ObservationFilterChainDecorator.java:227)
	at org.springframework.security.web.ObservationFilterChainDecorator$VirtualFilterChain.doFilter(ObservationFilterChainDecorator.java:137)
	at org.springframework.security.web.header.HeaderWriterFilter.doHeadersAfter(HeaderWriterFilter.java:90)
	at org.springframework.security.web.header.HeaderWriterFilter.doFilterInternal(HeaderWriterFilter.java:75)
	at org.springframework.web.filter.OncePerRequestFilter.doFilter(OncePerRequestFilter.java:116)
	at org.springframework.security.web.ObservationFilterChainDecorator$ObservationFilter.wrapFilter(ObservationFilterChainDecorator.java:240)
	at org.springframework.security.web.ObservationFilterChainDecorator$ObservationFilter.doFilter(ObservationFilterChainDecorator.java:227)
	at org.springframework.security.web.ObservationFilterChainDecorator$VirtualFilterChain.doFilter(ObservationFilterChainDecorator.java:137)
	at org.springframework.security.web.context.SecurityContextHolderFilter.doFilter(SecurityContextHolderFilter.java:82)
	at org.springframework.security.web.context.SecurityContextHolderFilter.doFilter(SecurityContextHolderFilter.java:69)
	at org.springframework.security.web.ObservationFilterChainDecorator$ObservationFilter.wrapFilter(ObservationFilterChainDecorator.java:240)
	at org.springframework.security.web.ObservationFilterChainDecorator$ObservationFilter.doFilter(ObservationFilterChainDecorator.java:227)
	at org.springframework.security.web.ObservationFilterChainDecorator$VirtualFilterChain.doFilter(ObservationFilterChainDecorator.java:137)
	at org.springframework.security.web.context.request.async.WebAsyncManagerIntegrationFilter.doFilterInternal(WebAsyncManagerIntegrationFilter.java:62)
	at org.springframework.web.filter.OncePerRequestFilter.doFilter(OncePerRequestFilter.java:116)
	at org.springframework.security.web.ObservationFilterChainDecorator$ObservationFilter.wrapFilter(ObservationFilterChainDecorator.java:240)
	at org.springframework.security.web.ObservationFilterChainDecorator$ObservationFilter.doFilter(ObservationFilterChainDecorator.java:227)
	at org.springframework.security.web.ObservationFilterChainDecorator$VirtualFilterChain.doFilter(ObservationFilterChainDecorator.java:137)
	at org.springframework.security.web.session.DisableEncodeUrlFilter.doFilterInternal(DisableEncodeUrlFilter.java:42)
	at org.springframework.web.filter.OncePerRequestFilter.doFilter(OncePerRequestFilter.java:116)
	at org.springframework.security.web.ObservationFilterChainDecorator$ObservationFilter.wrapFilter(ObservationFilterChainDecorator.java:240)
	at org.springframework.security.web.ObservationFilterChainDecorator$AroundFilterObservation$SimpleAroundFilterObservation.lambda$wrap$0(ObservationFilterChainDecorator.java:323)
	at org.springframework.security.web.ObservationFilterChainDecorator$ObservationFilter.doFilter(ObservationFilterChainDecorator.java:224)
	at org.springframework.security.web.ObservationFilterChainDecorator$VirtualFilterChain.doFilter(ObservationFilterChainDecorator.java:137)
	at org.springframework.security.web.FilterChainProxy.doFilterInternal(FilterChainProxy.java:233)
	at org.springframework.security.web.FilterChainProxy.doFilter(FilterChainProxy.java:191)
	at org.springframework.web.filter.CompositeFilter$VirtualFilterChain.doFilter(CompositeFilter.java:113)
	at org.springframework.web.servlet.handler.HandlerMappingIntrospector.lambda$createCacheFilter$3(HandlerMappingIntrospector.java:243)
	at org.springframework.web.filter.CompositeFilter$VirtualFilterChain.doFilter(CompositeFilter.java:113)
	at org.springframework.web.filter.CompositeFilter.doFilter(CompositeFilter.java:74)
	at org.springframework.security.config.annotation.web.configuration.WebMvcSecurityConfiguration$CompositeFilterChainProxy.doFilter(WebMvcSecurityConfiguration.java:238)
	at org.springframework.web.filter.DelegatingFilterProxy.invokeDelegate(DelegatingFilterProxy.java:362)
	at org.springframework.web.filter.DelegatingFilterProxy.doFilter(DelegatingFilterProxy.java:278)
	at org.apache.catalina.core.ApplicationFilterChain.internalDoFilter(ApplicationFilterChain.java:164)
	at org.apache.catalina.core.ApplicationFilterChain.doFilter(ApplicationFilterChain.java:140)
	at org.springframework.web.filter.RequestContextFilter.doFilterInternal(RequestContextFilter.java:100)
	at org.springframework.web.filter.OncePerRequestFilter.doFilter(OncePerRequestFilter.java:116)
	at org.apache.catalina.core.ApplicationFilterChain.internalDoFilter(ApplicationFilterChain.java:164)
	at org.apache.catalina.core.ApplicationFilterChain.doFilter(ApplicationFilterChain.java:140)
	at org.springframework.web.filter.FormContentFilter.doFilterInternal(FormContentFilter.java:93)
	at org.springframework.web.filter.OncePerRequestFilter.doFilter(OncePerRequestFilter.java:116)
	at org.apache.catalina.core.ApplicationFilterChain.internalDoFilter(ApplicationFilterChain.java:164)
	at org.apache.catalina.core.ApplicationFilterChain.doFilter(ApplicationFilterChain.java:140)
	at org.springframework.web.filter.ServerHttpObservationFilter.doFilterInternal(ServerHttpObservationFilter.java:114)
	at org.springframework.web.filter.OncePerRequestFilter.doFilter(OncePerRequestFilter.java:116)
	at org.apache.catalina.core.ApplicationFilterChain.internalDoFilter(ApplicationFilterChain.java:164)
	at org.apache.catalina.core.ApplicationFilterChain.doFilter(ApplicationFilterChain.java:140)
	at org.springframework.web.filter.CharacterEncodingFilter.doFilterInternal(CharacterEncodingFilter.java:201)
	at org.springframework.web.filter.OncePerRequestFilter.doFilter(OncePerRequestFilter.java:116)
	at org.apache.catalina.core.ApplicationFilterChain.internalDoFilter(ApplicationFilterChain.java:164)
	at org.apache.catalina.core.ApplicationFilterChain.doFilter(ApplicationFilterChain.java:140)
	at org.apache.catalina.core.StandardWrapperValve.invoke(StandardWrapperValve.java:167)
	at org.apache.catalina.core.StandardContextValve.invoke(StandardContextValve.java:90)
	at org.apache.catalina.authenticator.AuthenticatorBase.invoke(AuthenticatorBase.java:483)
	at org.apache.catalina.core.StandardHostValve.invoke(StandardHostValve.java:115)
	at org.apache.catalina.valves.ErrorReportValve.invoke(ErrorReportValve.java:93)
	at org.apache.catalina.core.StandardEngineValve.invoke(StandardEngineValve.java:74)
	at org.apache.catalina.connector.CoyoteAdapter.service(CoyoteAdapter.java:344)
	at org.apache.coyote.http11.Http11Processor.service(Http11Processor.java:397)
	at org.apache.coyote.AbstractProcessorLight.process(AbstractProcessorLight.java:63)
	at org.apache.coyote.AbstractProtocol$ConnectionHandler.process(AbstractProtocol.java:905)
	at org.apache.tomcat.util.net.NioEndpoint$SocketProcessor.doRun(NioEndpoint.java:1741)
	at org.apache.tomcat.util.net.SocketProcessorBase.run(SocketProcessorBase.java:52)
	at org.apache.tomcat.util.threads.ThreadPoolExecutor.runWorker(ThreadPoolExecutor.java:1190)
	at org.apache.tomcat.util.threads.ThreadPoolExecutor$Worker.run(ThreadPoolExecutor.java:659)
	at org.apache.tomcat.util.threads.TaskThread$WrappingRunnable.run(TaskThread.java:63)
	at java.base/java.lang.Thread.run(Thread.java:1583)
2026-03-16 17:02:06 [http-nio-8080-exec-11] DEBUG o.s.w.s.m.m.a.HttpEntityMethodProcessor - Using 'application/json', given [application/json, text/plain, */*] and supported [application/json, application/*+json, application/yaml]
2026-03-16 17:02:06 [http-nio-8080-exec-11] TRACE o.s.w.s.m.m.a.HttpEntityMethodProcessor - Writing [ApiResponse[success=false, status=500, code=C004, message=예기치 않은 서버 오류가 발생했습니다., data=null, timestamp=2026-03-16T17:02:06.329966]]
2026-03-16 17:02:06 [http-nio-8080-exec-11] DEBUG o.s.w.s.m.m.a.ExceptionHandlerExceptionResolver - Resolved [org.springframework.web.servlet.resource.NoResourceFoundException: No static resource api/v1/admin/system/statistics/bbs.]
2026-03-16 17:02:06 [http-nio-8080-exec-11] DEBUG o.s.web.servlet.DispatcherServlet - Completed 500 INTERNAL_SERVER_ERROR
2026-03-16 17:02:06 [http-nio-8080-exec-12] DEBUG o.s.orm.jpa.JpaTransactionManager - Found thread-bound EntityManager [SessionImpl(1263168257<open>)] for JPA transaction
2026-03-16 17:02:06 [http-nio-8080-exec-12] DEBUG o.s.orm.jpa.JpaTransactionManager - Participating in existing transaction
2026-03-16 17:02:06 [http-nio-8080-exec-12] DEBUG org.hibernate.SQL - select ua1_0.scrty_dtrmn_trget_id,ua1_0.author_code,ua1_0.frst_register_id,ua1_0.frst_regist_pnttm,ua1_0.last_updusr_id,ua1_0.last_updt_pnttm,ua1_0.mber_ty_code from nemplyrscrtyestbs ua1_0 where ua1_0.scrty_dtrmn_trget_id=?
2026-03-16 17:02:06 [http-nio-8080-exec-3] DEBUG o.s.orm.jpa.JpaTransactionManager - Found thread-bound EntityManager [SessionImpl(1813233458<open>)] for JPA transaction
2026-03-16 17:02:06 [http-nio-8080-exec-3] DEBUG o.s.orm.jpa.JpaTransactionManager - Participating in existing transaction
2026-03-16 17:02:06 [http-nio-8080-exec-3] DEBUG org.hibernate.SQL - select ua1_0.scrty_dtrmn_trget_id,ua1_0.author_code,ua1_0.frst_register_id,ua1_0.frst_regist_pnttm,ua1_0.last_updusr_id,ua1_0.last_updt_pnttm,ua1_0.mber_ty_code from nemplyrscrtyestbs ua1_0 where ua1_0.scrty_dtrmn_trget_id=?
2026-03-16 17:02:06 [http-nio-8080-exec-19] DEBUG o.s.orm.jpa.JpaTransactionManager - Initiating transaction commit
2026-03-16 17:02:06 [http-nio-8080-exec-19] DEBUG o.s.orm.jpa.JpaTransactionManager - Committing JPA transaction on EntityManager [SessionImpl(871429464<open>)]
2026-03-16 17:02:06 [http-nio-8080-exec-10] DEBUG o.s.orm.jpa.JpaTransactionManager - Initiating transaction commit
2026-03-16 17:02:06 [http-nio-8080-exec-10] DEBUG o.s.orm.jpa.JpaTransactionManager - Committing JPA transaction on EntityManager [SessionImpl(957266097<open>)]
2026-03-16 17:02:06 [http-nio-8080-exec-3] DEBUG o.s.orm.jpa.JpaTransactionManager - Initiating transaction commit
2026-03-16 17:02:06 [http-nio-8080-exec-3] DEBUG o.s.orm.jpa.JpaTransactionManager - Committing JPA transaction on EntityManager [SessionImpl(1813233458<open>)]
2026-03-16 17:02:06 [http-nio-8080-exec-12] DEBUG o.s.orm.jpa.JpaTransactionManager - Initiating transaction commit
2026-03-16 17:02:06 [http-nio-8080-exec-12] DEBUG o.s.orm.jpa.JpaTransactionManager - Committing JPA transaction on EntityManager [SessionImpl(1263168257<open>)]
2026-03-16 17:02:06 [http-nio-8080-exec-19] DEBUG o.s.orm.jpa.JpaTransactionManager - Closing JPA EntityManager [SessionImpl(871429464<open>)] after transaction
2026-03-16 17:02:06 [http-nio-8080-exec-19] DEBUG c.c.p.s.jwt.JwtAuthenticationFilter - >>> [JwtFilter] Successfully authenticated user: USRCNFRM_99999999999, Authorities: [ROLE_ADMIN]
2026-03-16 17:02:06 [http-nio-8080-exec-19] DEBUG o.s.web.servlet.DispatcherServlet - GET "/api/v1/admin/system/banners/reflected", parameters={}
2026-03-16 17:02:06 [http-nio-8080-exec-19] TRACE o.s.w.s.m.m.a.RequestMappingHandlerMapping - Mapped to com.company.project.api.controller.system.content.banner.BannerApiController#getReflectedBanners()
2026-03-16 17:02:06 [http-nio-8080-exec-19] DEBUG o.s.orm.jpa.JpaTransactionManager - Creating new transaction with name [com.company.project.service.system.content.banner.BannerService.getReflectedBanners]: PROPAGATION_REQUIRED,ISOLATION_DEFAULT,readOnly
2026-03-16 17:02:06 [http-nio-8080-exec-19] DEBUG o.s.orm.jpa.JpaTransactionManager - Opened new EntityManager [SessionImpl(656899695<open>)] for JPA transaction
2026-03-16 17:02:06 [http-nio-8080-exec-19] DEBUG o.s.orm.jpa.JpaTransactionManager - Exposing JPA transaction as JDBC [org.springframework.orm.jpa.vendor.HibernateJpaDialect$HibernateConnectionHandle@6468aab2]
2026-03-16 17:02:06 [http-nio-8080-exec-19] DEBUG org.hibernate.SQL - select b1_0.banner_id,b1_0.banner_dc,b1_0.banner_image,b1_0.banner_image_file,b1_0.banner_nm,b1_0.frst_register_id,b1_0.frst_regist_pnttm,b1_0.last_updusr_id,b1_0.last_updt_pnttm,b1_0.link_url,b1_0.reflct_at,b1_0.sort_ordr from nbanner b1_0 where b1_0.reflct_at=? order by b1_0.sort_ordr
2026-03-16 17:02:06 [http-nio-8080-exec-15] DEBUG o.s.orm.jpa.JpaTransactionManager - Found thread-bound EntityManager [SessionImpl(1627237537<open>)] for JPA transaction
2026-03-16 17:02:06 [http-nio-8080-exec-15] DEBUG o.s.orm.jpa.JpaTransactionManager - Participating in existing transaction
2026-03-16 17:02:06 [http-nio-8080-exec-15] DEBUG org.hibernate.SQL - select p1_0.progrm_file_nm,p1_0.progrm_dc,p1_0.progrm_korean_nm,p1_0.progrm_stre_path,p1_0.url from nprogrmlist p1_0
2026-03-16 17:02:06 [http-nio-8080-exec-10] DEBUG o.s.orm.jpa.JpaTransactionManager - Closing JPA EntityManager [SessionImpl(957266097<open>)] after transaction
2026-03-16 17:02:06 [http-nio-8080-exec-10] DEBUG c.c.p.s.jwt.JwtAuthenticationFilter - >>> [JwtFilter] Successfully authenticated user: USRCNFRM_99999999999, Authorities: [ROLE_ADMIN]
2026-03-16 17:02:06 [http-nio-8080-exec-10] DEBUG o.s.web.servlet.DispatcherServlet - GET "/api/v1/notifications", parameters={}
2026-03-16 17:02:06 [http-nio-8080-exec-10] TRACE o.s.w.s.m.m.a.RequestMappingHandlerMapping - Mapped to com.company.project.api.controller.notification.NotificationController#getMyNotifications(UserDetails)
2026-03-16 17:02:06 [http-nio-8080-exec-10] DEBUG o.s.orm.jpa.JpaTransactionManager - Creating new transaction with name [com.company.project.service.notification.NotificationService.getActiveNotifications]: PROPAGATION_REQUIRED,ISOLATION_DEFAULT,readOnly
2026-03-16 17:02:06 [http-nio-8080-exec-10] DEBUG o.s.orm.jpa.JpaTransactionManager - Opened new EntityManager [SessionImpl(1339068159<open>)] for JPA transaction
2026-03-16 17:02:06 [http-nio-8080-exec-10] DEBUG o.s.orm.jpa.JpaTransactionManager - Exposing JPA transaction as JDBC [org.springframework.orm.jpa.vendor.HibernateJpaDialect$HibernateConnectionHandle@2c83c97e]
2026-03-16 17:02:06 [http-nio-8080-exec-10] DEBUG o.s.orm.jpa.JpaTransactionManager - Found thread-bound EntityManager [SessionImpl(1339068159<open>)] for JPA transaction
2026-03-16 17:02:06 [http-nio-8080-exec-10] DEBUG o.s.orm.jpa.JpaTransactionManager - Participating in existing transaction
2026-03-16 17:02:06 [http-nio-8080-exec-10] DEBUG org.hibernate.SQL - select n1_0.ntcn_no,n1_0.frst_register_id,n1_0.frst_regist_pnttm,n1_0.is_read,n1_0.last_updusr_id,n1_0.last_updt_pnttm,n1_0.link_url,n1_0.ntcn_cn,n1_0.ntcn_sj,n1_0.receiver_id from n_user_notification n1_0
2026-03-16 17:02:06 [http-nio-8080-exec-3] DEBUG o.s.orm.jpa.JpaTransactionManager - Closing JPA EntityManager [SessionImpl(1813233458<open>)] after transaction
2026-03-16 17:02:06 [http-nio-8080-exec-3] DEBUG c.c.p.s.jwt.JwtAuthenticationFilter - >>> [JwtFilter] Successfully authenticated user: USRCNFRM_99999999999, Authorities: [ROLE_ADMIN]
2026-03-16 17:02:06 [http-nio-8080-exec-3] DEBUG o.s.web.servlet.DispatcherServlet - GET "/api/v1/popups/active", parameters={}
2026-03-16 17:02:06 [http-nio-8080-exec-3] TRACE o.s.w.s.m.m.a.RequestMappingHandlerMapping - Mapped to com.company.project.api.controller.system.content.popup.PopupController#getActivePopups()
2026-03-16 17:02:06 [http-nio-8080-exec-3] DEBUG o.s.orm.jpa.JpaTransactionManager - Creating new transaction with name [com.company.project.service.system.content.popup.PopupServiceImpl.getActivePopups]: PROPAGATION_REQUIRED,ISOLATION_DEFAULT,readOnly
2026-03-16 17:02:06 [http-nio-8080-exec-3] DEBUG o.s.orm.jpa.JpaTransactionManager - Opened new EntityManager [SessionImpl(1061506245<open>)] for JPA transaction
2026-03-16 17:02:06 [http-nio-8080-exec-3] DEBUG o.s.orm.jpa.JpaTransactionManager - Exposing JPA transaction as JDBC [org.springframework.orm.jpa.vendor.HibernateJpaDialect$HibernateConnectionHandle@1d45c162]
2026-03-16 17:02:06 [http-nio-8080-exec-3] DEBUG org.hibernate.SQL - select p1_0.popup_id,p1_0.frst_register_id,p1_0.frst_regist_pnttm,p1_0.file_url,p1_0.ntce_at,p1_0.stopvew_setup_at,p1_0.last_updusr_id,p1_0.last_updt_pnttm,p1_0.ntce_bgnde,p1_0.ntce_endde,p1_0.popup_vrticl_lc,p1_0.popup_vrticl_size,p1_0.popup_sj_nm,p1_0.popup_width_lc,p1_0.popup_width_size from npopupmanage p1_0 where p1_0.ntce_at='Y' and ? between p1_0.ntce_bgnde and p1_0.ntce_endde
2026-03-16 17:02:06 [http-nio-8080-exec-12] DEBUG o.s.orm.jpa.JpaTransactionManager - Closing JPA EntityManager [SessionImpl(1263168257<open>)] after transaction
2026-03-16 17:02:06 [http-nio-8080-exec-12] DEBUG c.c.p.s.jwt.JwtAuthenticationFilter - >>> [JwtFilter] Successfully authenticated user: USRCNFRM_99999999999, Authorities: [ROLE_ADMIN]
2026-03-16 17:02:06 [http-nio-8080-exec-12] DEBUG o.s.web.servlet.DispatcherServlet - GET "/api/v1/notifications/unread-count", parameters={}
2026-03-16 17:02:06 [http-nio-8080-exec-12] TRACE o.s.w.s.m.m.a.RequestMappingHandlerMapping - Mapped to com.company.project.api.controller.notification.NotificationController#getUnreadCount(UserDetails)
2026-03-16 17:02:06 [http-nio-8080-exec-12] DEBUG o.s.orm.jpa.JpaTransactionManager - Creating new transaction with name [com.company.project.service.notification.NotificationService.getUnreadCount]: PROPAGATION_REQUIRED,ISOLATION_DEFAULT,readOnly
2026-03-16 17:02:06 [http-nio-8080-exec-12] DEBUG o.s.orm.jpa.JpaTransactionManager - Opened new EntityManager [SessionImpl(1877392412<open>)] for JPA transaction
2026-03-16 17:02:06 [http-nio-8080-exec-12] DEBUG o.s.orm.jpa.JpaTransactionManager - Exposing JPA transaction as JDBC [org.springframework.orm.jpa.vendor.HibernateJpaDialect$HibernateConnectionHandle@662ba13d]
2026-03-16 17:02:06 [http-nio-8080-exec-12] DEBUG org.hibernate.SQL - select count(n1_0.ntcn_no) from n_user_notification n1_0 where n1_0.receiver_id=? and n1_0.is_read=?
2026-03-16 17:02:06 [http-nio-8080-exec-19] DEBUG o.s.orm.jpa.JpaTransactionManager - Initiating transaction commit
2026-03-16 17:02:06 [http-nio-8080-exec-19] DEBUG o.s.orm.jpa.JpaTransactionManager - Committing JPA transaction on EntityManager [SessionImpl(656899695<open>)]
2026-03-16 17:02:06 [http-nio-8080-exec-15] DEBUG o.s.orm.jpa.JpaTransactionManager - Initiating transaction commit
2026-03-16 17:02:06 [http-nio-8080-exec-15] DEBUG o.s.orm.jpa.JpaTransactionManager - Committing JPA transaction on EntityManager [SessionImpl(1627237537<open>)]
2026-03-16 17:02:06 [http-nio-8080-exec-10] DEBUG o.s.orm.jpa.JpaTransactionManager - Initiating transaction commit
2026-03-16 17:02:06 [http-nio-8080-exec-10] DEBUG o.s.orm.jpa.JpaTransactionManager - Committing JPA transaction on EntityManager [SessionImpl(1339068159<open>)]
2026-03-16 17:02:06 [http-nio-8080-exec-3] DEBUG o.s.orm.jpa.JpaTransactionManager - Initiating transaction commit
2026-03-16 17:02:06 [http-nio-8080-exec-3] DEBUG o.s.orm.jpa.JpaTransactionManager - Committing JPA transaction on EntityManager [SessionImpl(1061506245<open>)]
2026-03-16 17:02:06 [http-nio-8080-exec-12] DEBUG o.s.orm.jpa.JpaTransactionManager - Initiating transaction commit
2026-03-16 17:02:06 [http-nio-8080-exec-12] DEBUG o.s.orm.jpa.JpaTransactionManager - Committing JPA transaction on EntityManager [SessionImpl(1877392412<open>)]
2026-03-16 17:02:06 [http-nio-8080-exec-18] DEBUG c.c.p.s.jwt.JwtAuthenticationFilter - >>> [JwtFilter] Processing request: GET /api/v1/admin/system/statistics/connect
2026-03-16 17:02:06 [http-nio-8080-exec-18] DEBUG c.c.p.s.jwt.JwtAuthenticationFilter - >>> [JwtFilter] Found token in header for path: /api/v1/admin/system/statistics/connect
2026-03-16 17:02:06 [http-nio-8080-exec-18] DEBUG o.s.orm.jpa.JpaTransactionManager - Creating new transaction with name [com.company.project.security.iam.CustomUserDetailsService.loadUserByUsername]: PROPAGATION_REQUIRED,ISOLATION_DEFAULT,readOnly
2026-03-16 17:02:06 [http-nio-8080-exec-18] DEBUG o.s.orm.jpa.JpaTransactionManager - Opened new EntityManager [SessionImpl(219693960<open>)] for JPA transaction
2026-03-16 17:02:06 [http-nio-8080-exec-19] DEBUG o.s.orm.jpa.JpaTransactionManager - Closing JPA EntityManager [SessionImpl(656899695<open>)] after transaction
2026-03-16 17:02:06 [http-nio-8080-exec-19] DEBUG o.s.w.s.m.m.a.HttpEntityMethodProcessor - Using 'application/json', given [application/json, text/plain, */*] and supported [application/json, application/*+json, application/yaml]
2026-03-16 17:02:06 [http-nio-8080-exec-19] TRACE o.s.w.s.m.m.a.HttpEntityMethodProcessor - Writing [ApiResponse[success=true, status=200, code=COMMON_001, message=Success, data=[], timestamp=2026-03-16T17:02:06.918042700]]
2026-03-16 17:02:06 [http-nio-8080-exec-15] DEBUG o.s.orm.jpa.JpaTransactionManager - Closing JPA EntityManager [SessionImpl(1627237537<open>)] after transaction
2026-03-16 17:02:06 [http-nio-8080-exec-15] INFO  c.c.p.a.c.menu.MenuController - getLeftMenu returned 3 items
2026-03-16 17:02:06 [http-nio-8080-exec-19] INFO  c.c.p.a.i.OperationalAuditInterceptor - API Audit Log: URL=/api/v1/admin/system/banners/reflected, User=webmaster, IP=127.0.0.1
2026-03-16 17:02:06 [http-nio-8080-exec-19] DEBUG o.s.web.servlet.DispatcherServlet - Completed 200 OK
2026-03-16 17:02:06 [http-nio-8080-exec-15] DEBUG o.s.w.s.m.m.a.HttpEntityMethodProcessor - Using 'application/json', given [application/json, text/plain, */*] and supported [application/json, application/*+json, application/yaml]
2026-03-16 17:02:06 [http-nio-8080-exec-15] TRACE o.s.w.s.m.m.a.HttpEntityMethodProcessor - Writing [ApiResponse[success=true, status=200, code=COMMON_001, message=Success, data={list=[com.company.project.service.menu.dto.MenuDto@5b2396a1, com.company.project.service.menu.dto.MenuDto@354ce0d2, com.company.project.service.menu.dto.MenuDto@fa2ae99]}, timestamp=2026-03-16T17:02:06.918042700]]
2026-03-16 17:02:06 [http-nio-8080-exec-15] INFO  c.c.p.a.i.OperationalAuditInterceptor - API Audit Log: URL=/api/v1/menu/left, User=webmaster, IP=127.0.0.1
2026-03-16 17:02:06 [http-nio-8080-exec-15] DEBUG o.s.web.servlet.DispatcherServlet - Completed 200 OK
2026-03-16 17:02:06 [http-nio-8080-exec-10] DEBUG o.s.orm.jpa.JpaTransactionManager - Closing JPA EntityManager [SessionImpl(1339068159<open>)] after transaction
2026-03-16 17:02:06 [http-nio-8080-exec-10] DEBUG o.s.w.s.m.m.a.HttpEntityMethodProcessor - Using 'application/json', given [application/json, text/plain, */*] and supported [application/json, application/*+json, application/yaml]
2026-03-16 17:02:06 [http-nio-8080-exec-10] TRACE o.s.w.s.m.m.a.HttpEntityMethodProcessor - Writing [ApiResponse[success=true, status=200, code=COMMON_001, message=Success, data=[NotificationDto(ntfcNo=NT001, ntfcSj=테스트 알림입니다, ntfcCn=알림 내용입니다, ntfcDate=null, ntfcTime=2026-02-25T00:59:33.784070, bhNtfcIntrvl=null, uniqId=null, frstRegisterId=null, frstRegisterPnttm=2026-02-25T00:59:33.784070, lastUpdusrId=null, lastUpdusrPnttm=null)], timestamp=2026-03-16T17:02:06.924152]]
2026-03-16 17:02:06 [http-nio-8080-exec-10] INFO  c.c.p.a.i.OperationalAuditInterceptor - API Audit Log: URL=/api/v1/notifications, User=webmaster, IP=127.0.0.1
2026-03-16 17:02:06 [http-nio-8080-exec-10] DEBUG o.s.web.servlet.DispatcherServlet - Completed 200 OK
2026-03-16 17:02:06 [http-nio-8080-exec-1] DEBUG c.c.p.s.jwt.JwtAuthenticationFilter - >>> [JwtFilter] Processing request: GET /api/v1/menu/left
2026-03-16 17:02:06 [http-nio-8080-exec-1] DEBUG c.c.p.s.jwt.JwtAuthenticationFilter - >>> [JwtFilter] Found token in header for path: /api/v1/menu/left
2026-03-16 17:02:06 [http-nio-8080-exec-1] DEBUG o.s.orm.jpa.JpaTransactionManager - Creating new transaction with name [com.company.project.security.iam.CustomUserDetailsService.loadUserByUsername]: PROPAGATION_REQUIRED,ISOLATION_DEFAULT,readOnly
2026-03-16 17:02:06 [http-nio-8080-exec-1] DEBUG o.s.orm.jpa.JpaTransactionManager - Opened new EntityManager [SessionImpl(1855510607<open>)] for JPA transaction
2026-03-16 17:02:06 [http-nio-8080-exec-1] DEBUG o.s.orm.jpa.JpaTransactionManager - Exposing JPA transaction as JDBC [org.springframework.orm.jpa.vendor.HibernateJpaDialect$HibernateConnectionHandle@5c5a9eab]
2026-03-16 17:02:06 [http-nio-8080-exec-1] DEBUG o.s.orm.jpa.JpaTransactionManager - Found thread-bound EntityManager [SessionImpl(1855510607<open>)] for JPA transaction
2026-03-16 17:02:06 [http-nio-8080-exec-1] DEBUG o.s.orm.jpa.JpaTransactionManager - Participating in existing transaction
2026-03-16 17:02:06 [http-nio-8080-exec-1] DEBUG org.hibernate.SQL - select u1_0.emplyr_id,u1_0.area_no,u1_0.brthdy,u1_0.chg_pwd_cnt,u1_0.frst_register_id,u1_0.frst_regist_pnttm,u1_0.detail_adres,u1_0.email_adres,u1_0.emplyr_sttus_code,u1_0.empl_no,u1_0.esntl_id,u1_0.fxnum,u1_0.group_id,u1_0.house_adres,u1_0.house_end_telno,u1_0.house_middle_telno,u1_0.ihidnum,u1_0.pstinst_code,u1_0.last_updusr_id,u1_0.last_updt_pnttm,u1_0.lock_at,u1_0.lock_cnt,u1_0.lock_last_pnttm,u1_0.mbtlnum,u1_0.ofcps_nm,u1_0.offm_telno,u1_0.orgnzt_id,u1_0.password,u1_0.password_cnsr,u1_0.password_hint,u1_0.chg_pwd_last_pnttm,u1_0.role,u1_0.sbscrb_de,u1_0.sexdstn_code,u1_0.crtfc_dn_value,u1_0.user_nm,u1_0.zip from nemplyrinfo u1_0 where u1_0.emplyr_id=?
2026-03-16 17:02:06 [http-nio-8080-exec-3] DEBUG o.s.orm.jpa.JpaTransactionManager - Closing JPA EntityManager [SessionImpl(1061506245<open>)] after transaction
2026-03-16 17:02:06 [http-nio-8080-exec-3] DEBUG o.s.w.s.m.m.a.HttpEntityMethodProcessor - Using 'application/json', given [application/json, text/plain, */*] and supported [application/json, application/*+json, application/yaml]
2026-03-16 17:02:06 [http-nio-8080-exec-3] TRACE o.s.w.s.m.m.a.HttpEntityMethodProcessor - Writing [ApiResponse[success=true, status=200, code=COMMON_001, message=Success, data=[], timestamp=2026-03-16T17:02:06.966157100]]
2026-03-16 17:02:06 [http-nio-8080-exec-3] INFO  c.c.p.a.i.OperationalAuditInterceptor - API Audit Log: URL=/api/v1/popups/active, User=webmaster, IP=127.0.0.1
2026-03-16 17:02:06 [http-nio-8080-exec-3] DEBUG o.s.web.servlet.DispatcherServlet - Completed 200 OK
2026-03-16 17:02:06 [http-nio-8080-exec-12] DEBUG o.s.orm.jpa.JpaTransactionManager - Closing JPA EntityManager [SessionImpl(1877392412<open>)] after transaction
2026-03-16 17:02:06 [http-nio-8080-exec-12] DEBUG o.s.w.s.m.m.a.HttpEntityMethodProcessor - Using 'application/json', given [application/json, text/plain, */*] and supported [application/json, application/*+json, application/yaml]
2026-03-16 17:02:06 [http-nio-8080-exec-12] TRACE o.s.w.s.m.m.a.HttpEntityMethodProcessor - Writing [ApiResponse[success=true, status=200, code=COMMON_001, message=Success, data=0, timestamp=2026-03-16T17:02:06.984937600]]
2026-03-16 17:02:06 [http-nio-8080-exec-12] INFO  c.c.p.a.i.OperationalAuditInterceptor - API Audit Log: URL=/api/v1/notifications/unread-count, User=webmaster, IP=127.0.0.1
2026-03-16 17:02:06 [http-nio-8080-exec-12] DEBUG o.s.web.servlet.DispatcherServlet - Completed 200 OK
2026-03-16 17:02:07 [http-nio-8080-exec-18] DEBUG o.s.orm.jpa.JpaTransactionManager - Exposing JPA transaction as JDBC [org.springframework.orm.jpa.vendor.HibernateJpaDialect$HibernateConnectionHandle@123929aa]
2026-03-16 17:02:07 [http-nio-8080-exec-18] DEBUG o.s.orm.jpa.JpaTransactionManager - Found thread-bound EntityManager [SessionImpl(219693960<open>)] for JPA transaction
2026-03-16 17:02:07 [http-nio-8080-exec-18] DEBUG o.s.orm.jpa.JpaTransactionManager - Participating in existing transaction
2026-03-16 17:02:07 [http-nio-8080-exec-18] DEBUG org.hibernate.SQL - select u1_0.emplyr_id,u1_0.area_no,u1_0.brthdy,u1_0.chg_pwd_cnt,u1_0.frst_register_id,u1_0.frst_regist_pnttm,u1_0.detail_adres,u1_0.email_adres,u1_0.emplyr_sttus_code,u1_0.empl_no,u1_0.esntl_id,u1_0.fxnum,u1_0.group_id,u1_0.house_adres,u1_0.house_end_telno,u1_0.house_middle_telno,u1_0.ihidnum,u1_0.pstinst_code,u1_0.last_updusr_id,u1_0.last_updt_pnttm,u1_0.lock_at,u1_0.lock_cnt,u1_0.lock_last_pnttm,u1_0.mbtlnum,u1_0.ofcps_nm,u1_0.offm_telno,u1_0.orgnzt_id,u1_0.password,u1_0.password_cnsr,u1_0.password_hint,u1_0.chg_pwd_last_pnttm,u1_0.role,u1_0.sbscrb_de,u1_0.sexdstn_code,u1_0.crtfc_dn_value,u1_0.user_nm,u1_0.zip from nemplyrinfo u1_0 where u1_0.emplyr_id=?
2026-03-16 17:02:07 [http-nio-8080-exec-1] DEBUG o.s.orm.jpa.JpaTransactionManager - Found thread-bound EntityManager [SessionImpl(1855510607<open>)] for JPA transaction
2026-03-16 17:02:07 [http-nio-8080-exec-1] DEBUG o.s.orm.jpa.JpaTransactionManager - Participating in existing transaction
2026-03-16 17:02:07 [http-nio-8080-exec-1] DEBUG org.hibernate.SQL - select ua1_0.scrty_dtrmn_trget_id,ua1_0.author_code,ua1_0.frst_register_id,ua1_0.frst_regist_pnttm,ua1_0.last_updusr_id,ua1_0.last_updt_pnttm,ua1_0.mber_ty_code from nemplyrscrtyestbs ua1_0 where ua1_0.scrty_dtrmn_trget_id=?
2026-03-16 17:02:07 [http-nio-8080-exec-18] DEBUG o.s.orm.jpa.JpaTransactionManager - Found thread-bound EntityManager [SessionImpl(219693960<open>)] for JPA transaction
2026-03-16 17:02:07 [http-nio-8080-exec-18] DEBUG o.s.orm.jpa.JpaTransactionManager - Participating in existing transaction
2026-03-16 17:02:07 [http-nio-8080-exec-18] DEBUG org.hibernate.SQL - select ua1_0.scrty_dtrmn_trget_id,ua1_0.author_code,ua1_0.frst_register_id,ua1_0.frst_regist_pnttm,ua1_0.last_updusr_id,ua1_0.last_updt_pnttm,ua1_0.mber_ty_code from nemplyrscrtyestbs ua1_0 where ua1_0.scrty_dtrmn_trget_id=?
2026-03-16 17:02:07 [http-nio-8080-exec-1] DEBUG o.s.orm.jpa.JpaTransactionManager - Initiating transaction commit
2026-03-16 17:02:07 [http-nio-8080-exec-1] DEBUG o.s.orm.jpa.JpaTransactionManager - Committing JPA transaction on EntityManager [SessionImpl(1855510607<open>)]
2026-03-16 17:02:07 [http-nio-8080-exec-8] DEBUG c.c.p.s.jwt.JwtAuthenticationFilter - >>> [JwtFilter] Processing request: GET /api/v1/admin/system/statistics/bbs
2026-03-16 17:02:07 [http-nio-8080-exec-8] DEBUG c.c.p.s.jwt.JwtAuthenticationFilter - >>> [JwtFilter] Found token in header for path: /api/v1/admin/system/statistics/bbs
2026-03-16 17:02:07 [http-nio-8080-exec-8] DEBUG o.s.orm.jpa.JpaTransactionManager - Creating new transaction with name [com.company.project.security.iam.CustomUserDetailsService.loadUserByUsername]: PROPAGATION_REQUIRED,ISOLATION_DEFAULT,readOnly
2026-03-16 17:02:07 [http-nio-8080-exec-8] DEBUG o.s.orm.jpa.JpaTransactionManager - Opened new EntityManager [SessionImpl(219368314<open>)] for JPA transaction
2026-03-16 17:02:07 [http-nio-8080-exec-8] DEBUG o.s.orm.jpa.JpaTransactionManager - Exposing JPA transaction as JDBC [org.springframework.orm.jpa.vendor.HibernateJpaDialect$HibernateConnectionHandle@61538bf4]
2026-03-16 17:02:07 [http-nio-8080-exec-8] DEBUG o.s.orm.jpa.JpaTransactionManager - Found thread-bound EntityManager [SessionImpl(219368314<open>)] for JPA transaction
2026-03-16 17:02:07 [http-nio-8080-exec-8] DEBUG o.s.orm.jpa.JpaTransactionManager - Participating in existing transaction
2026-03-16 17:02:07 [http-nio-8080-exec-8] DEBUG org.hibernate.SQL - select u1_0.emplyr_id,u1_0.area_no,u1_0.brthdy,u1_0.chg_pwd_cnt,u1_0.frst_register_id,u1_0.frst_regist_pnttm,u1_0.detail_adres,u1_0.email_adres,u1_0.emplyr_sttus_code,u1_0.empl_no,u1_0.esntl_id,u1_0.fxnum,u1_0.group_id,u1_0.house_adres,u1_0.house_end_telno,u1_0.house_middle_telno,u1_0.ihidnum,u1_0.pstinst_code,u1_0.last_updusr_id,u1_0.last_updt_pnttm,u1_0.lock_at,u1_0.lock_cnt,u1_0.lock_last_pnttm,u1_0.mbtlnum,u1_0.ofcps_nm,u1_0.offm_telno,u1_0.orgnzt_id,u1_0.password,u1_0.password_cnsr,u1_0.password_hint,u1_0.chg_pwd_last_pnttm,u1_0.role,u1_0.sbscrb_de,u1_0.sexdstn_code,u1_0.crtfc_dn_value,u1_0.user_nm,u1_0.zip from nemplyrinfo u1_0 where u1_0.emplyr_id=?
2026-03-16 17:02:07 [http-nio-8080-exec-18] DEBUG o.s.orm.jpa.JpaTransactionManager - Initiating transaction commit
2026-03-16 17:02:07 [http-nio-8080-exec-18] DEBUG o.s.orm.jpa.JpaTransactionManager - Committing JPA transaction on EntityManager [SessionImpl(219693960<open>)]
2026-03-16 17:02:07 [http-nio-8080-exec-1] DEBUG o.s.orm.jpa.JpaTransactionManager - Closing JPA EntityManager [SessionImpl(1855510607<open>)] after transaction
2026-03-16 17:02:07 [http-nio-8080-exec-1] DEBUG c.c.p.s.jwt.JwtAuthenticationFilter - >>> [JwtFilter] Successfully authenticated user: USRCNFRM_99999999999, Authorities: [ROLE_ADMIN]
2026-03-16 17:02:07 [http-nio-8080-exec-1] DEBUG o.s.web.servlet.DispatcherServlet - GET "/api/v1/menu/left?menuNo=40", parameters={masked}
2026-03-16 17:02:07 [http-nio-8080-exec-1] TRACE o.s.w.s.m.m.a.RequestMappingHandlerMapping - Mapped to com.company.project.api.controller.menu.MenuController#getLeftMenu(Long)
2026-03-16 17:02:07 [http-nio-8080-exec-1] INFO  c.c.p.a.c.menu.MenuController - getLeftMenu called with menuNo=40
2026-03-16 17:02:07 [http-nio-8080-exec-1] DEBUG o.s.orm.jpa.JpaTransactionManager - Creating new transaction with name [com.company.project.service.menu.MenuService.getSubMenus]: PROPAGATION_REQUIRED,ISOLATION_DEFAULT,readOnly
2026-03-16 17:02:07 [http-nio-8080-exec-1] DEBUG o.s.orm.jpa.JpaTransactionManager - Opened new EntityManager [SessionImpl(889024875<open>)] for JPA transaction
2026-03-16 17:02:07 [http-nio-8080-exec-1] DEBUG o.s.orm.jpa.JpaTransactionManager - Exposing JPA transaction as JDBC [org.springframework.orm.jpa.vendor.HibernateJpaDialect$HibernateConnectionHandle@44dd56b5]
2026-03-16 17:02:07 [http-nio-8080-exec-1] DEBUG org.hibernate.SQL - select m1_0.menu_no,m1_0.menu_dc,m1_0.menu_nm,m1_0.menu_ordr,m1_0.modern_route,m1_0.progrm_file_nm,m1_0.relate_image_nm,m1_0.relate_image_path,m1_0.route_updated_at,m1_0.upper_menu_no from nmenuinfo m1_0 order by m1_0.upper_menu_no,m1_0.menu_ordr
2026-03-16 17:02:07 [http-nio-8080-exec-8] DEBUG o.s.orm.jpa.JpaTransactionManager - Found thread-bound EntityManager [SessionImpl(219368314<open>)] for JPA transaction
2026-03-16 17:02:07 [http-nio-8080-exec-8] DEBUG o.s.orm.jpa.JpaTransactionManager - Participating in existing transaction
2026-03-16 17:02:07 [http-nio-8080-exec-8] DEBUG org.hibernate.SQL - select ua1_0.scrty_dtrmn_trget_id,ua1_0.author_code,ua1_0.frst_register_id,ua1_0.frst_regist_pnttm,ua1_0.last_updusr_id,ua1_0.last_updt_pnttm,ua1_0.mber_ty_code from nemplyrscrtyestbs ua1_0 where ua1_0.scrty_dtrmn_trget_id=?
2026-03-16 17:02:07 [http-nio-8080-exec-18] DEBUG o.s.orm.jpa.JpaTransactionManager - Closing JPA EntityManager [SessionImpl(219693960<open>)] after transaction
2026-03-16 17:02:07 [http-nio-8080-exec-18] DEBUG c.c.p.s.jwt.JwtAuthenticationFilter - >>> [JwtFilter] Successfully authenticated user: USRCNFRM_99999999999, Authorities: [ROLE_ADMIN]
2026-03-16 17:02:07 [http-nio-8080-exec-18] DEBUG o.s.web.servlet.DispatcherServlet - GET "/api/v1/admin/system/statistics/connect?statsKind=SERVICE", parameters={masked}
2026-03-16 17:02:07 [http-nio-8080-exec-18] DEBUG o.s.w.s.h.SimpleUrlHandlerMapping - Mapped to ResourceHttpRequestHandler [classpath [META-INF/resources/], classpath [resources/], classpath [static/], classpath [public/], ServletContext [/]]
2026-03-16 17:02:07 [http-nio-8080-exec-18] DEBUG o.s.w.s.r.ResourceHttpRequestHandler - Resource not found
2026-03-16 17:02:07 [http-nio-8080-exec-18] DEBUG o.s.w.s.m.m.a.ExceptionHandlerExceptionResolver - Using @ExceptionHandler com.company.project.core.exception.GlobalExceptionHandler#handleException(Exception)
2026-03-16 17:02:07 [http-nio-8080-exec-18] ERROR c.c.p.c.e.GlobalExceptionHandler - >>> Internal Server Error: No static resource api/v1/admin/system/statistics/connect.
org.springframework.web.servlet.resource.NoResourceFoundException: No static resource api/v1/admin/system/statistics/connect.
	at org.springframework.web.servlet.resource.ResourceHttpRequestHandler.handleRequest(ResourceHttpRequestHandler.java:585)
	at org.springframework.web.servlet.mvc.HttpRequestHandlerAdapter.handle(HttpRequestHandlerAdapter.java:52)
	at org.springframework.web.servlet.DispatcherServlet.doDispatch(DispatcherServlet.java:1088)
	at org.springframework.web.servlet.DispatcherServlet.doService(DispatcherServlet.java:978)
	at org.springframework.web.servlet.FrameworkServlet.processRequest(FrameworkServlet.java:1014)
	at org.springframework.web.servlet.FrameworkServlet.doGet(FrameworkServlet.java:903)
	at jakarta.servlet.http.HttpServlet.service(HttpServlet.java:527)
	at org.springframework.web.servlet.FrameworkServlet.service(FrameworkServlet.java:885)
	at jakarta.servlet.http.HttpServlet.service(HttpServlet.java:614)
	at org.apache.catalina.core.ApplicationFilterChain.internalDoFilter(ApplicationFilterChain.java:195)
	at org.apache.catalina.core.ApplicationFilterChain.doFilter(ApplicationFilterChain.java:140)
	at org.apache.tomcat.websocket.server.WsFilter.doFilter(WsFilter.java:51)
	at org.apache.catalina.core.ApplicationFilterChain.internalDoFilter(ApplicationFilterChain.java:164)
	at org.apache.catalina.core.ApplicationFilterChain.doFilter(ApplicationFilterChain.java:140)
	at org.springframework.web.filter.CompositeFilter$VirtualFilterChain.doFilter(CompositeFilter.java:108)
	at org.springframework.security.web.FilterChainProxy.lambda$doFilterInternal$3(FilterChainProxy.java:231)
	at org.springframework.security.web.ObservationFilterChainDecorator$FilterObservation$SimpleFilterObservation.lambda$wrap$1(ObservationFilterChainDecorator.java:479)
	at org.springframework.security.web.ObservationFilterChainDecorator$AroundFilterObservation$SimpleAroundFilterObservation.lambda$wrap$1(ObservationFilterChainDecorator.java:340)
	at org.springframework.security.web.ObservationFilterChainDecorator.lambda$wrapSecured$0(ObservationFilterChainDecorator.java:82)
	at org.springframework.security.web.ObservationFilterChainDecorator$VirtualFilterChain.doFilter(ObservationFilterChainDecorator.java:128)
	at org.springframework.security.web.access.intercept.AuthorizationFilter.doFilter(AuthorizationFilter.java:101)
	at org.springframework.security.web.ObservationFilterChainDecorator$ObservationFilter.wrapFilter(ObservationFilterChainDecorator.java:240)
	at org.springframework.security.web.ObservationFilterChainDecorator$ObservationFilter.doFilter(ObservationFilterChainDecorator.java:227)
	at org.springframework.security.web.ObservationFilterChainDecorator$VirtualFilterChain.doFilter(ObservationFilterChainDecorator.java:137)
	at org.springframework.security.web.access.ExceptionTranslationFilter.doFilter(ExceptionTranslationFilter.java:126)
	at org.springframework.security.web.access.ExceptionTranslationFilter.doFilter(ExceptionTranslationFilter.java:120)
	at org.springframework.security.web.ObservationFilterChainDecorator$ObservationFilter.wrapFilter(ObservationFilterChainDecorator.java:240)
	at org.springframework.security.web.ObservationFilterChainDecorator$ObservationFilter.doFilter(ObservationFilterChainDecorator.java:227)
	at org.springframework.security.web.ObservationFilterChainDecorator$VirtualFilterChain.doFilter(ObservationFilterChainDecorator.java:137)
	at org.springframework.security.web.session.SessionManagementFilter.doFilter(SessionManagementFilter.java:131)
	at org.springframework.security.web.session.SessionManagementFilter.doFilter(SessionManagementFilter.java:85)
	at org.springframework.security.web.ObservationFilterChainDecorator$ObservationFilter.wrapFilter(ObservationFilterChainDecorator.java:240)
	at org.springframework.security.web.ObservationFilterChainDecorator$ObservationFilter.doFilter(ObservationFilterChainDecorator.java:227)
	at org.springframework.security.web.ObservationFilterChainDecorator$VirtualFilterChain.doFilter(ObservationFilterChainDecorator.java:137)
	at org.springframework.security.web.authentication.AnonymousAuthenticationFilter.doFilter(AnonymousAuthenticationFilter.java:100)
	at org.springframework.security.web.ObservationFilterChainDecorator$ObservationFilter.wrapFilter(ObservationFilterChainDecorator.java:240)
	at org.springframework.security.web.ObservationFilterChainDecorator$ObservationFilter.doFilter(ObservationFilterChainDecorator.java:227)
	at org.springframework.security.web.ObservationFilterChainDecorator$VirtualFilterChain.doFilter(ObservationFilterChainDecorator.java:137)
	at org.springframework.security.web.servletapi.SecurityContextHolderAwareRequestFilter.doFilter(SecurityContextHolderAwareRequestFilter.java:179)
	at org.springframework.security.web.ObservationFilterChainDecorator$ObservationFilter.wrapFilter(ObservationFilterChainDecorator.java:240)
	at org.springframework.security.web.ObservationFilterChainDecorator$ObservationFilter.doFilter(ObservationFilterChainDecorator.java:227)
	at org.springframework.security.web.ObservationFilterChainDecorator$VirtualFilterChain.doFilter(ObservationFilterChainDecorator.java:137)
	at org.springframework.security.web.savedrequest.RequestCacheAwareFilter.doFilter(RequestCacheAwareFilter.java:63)
	at org.springframework.security.web.ObservationFilterChainDecorator$ObservationFilter.wrapFilter(ObservationFilterChainDecorator.java:240)
	at org.springframework.security.web.ObservationFilterChainDecorator$ObservationFilter.doFilter(ObservationFilterChainDecorator.java:227)
	at org.springframework.security.web.ObservationFilterChainDecorator$VirtualFilterChain.doFilter(ObservationFilterChainDecorator.java:137)
	at com.company.project.security.jwt.JwtAuthenticationFilter.doFilterInternal(JwtAuthenticationFilter.java:52)
	at org.springframework.web.filter.OncePerRequestFilter.doFilter(OncePerRequestFilter.java:116)
	at org.springframework.security.web.ObservationFilterChainDecorator$ObservationFilter.wrapFilter(ObservationFilterChainDecorator.java:240)
	at org.springframework.security.web.ObservationFilterChainDecorator$ObservationFilter.doFilter(ObservationFilterChainDecorator.java:227)
	at org.springframework.security.web.ObservationFilterChainDecorator$VirtualFilterChain.doFilter(ObservationFilterChainDecorator.java:137)
	at org.springframework.security.web.authentication.logout.LogoutFilter.doFilter(LogoutFilter.java:107)
	at org.springframework.security.web.authentication.logout.LogoutFilter.doFilter(LogoutFilter.java:93)
	at org.springframework.security.web.ObservationFilterChainDecorator$ObservationFilter.wrapFilter(ObservationFilterChainDecorator.java:240)
	at org.springframework.security.web.ObservationFilterChainDecorator$ObservationFilter.doFilter(ObservationFilterChainDecorator.java:227)
	at org.springframework.security.web.ObservationFilterChainDecorator$VirtualFilterChain.doFilter(ObservationFilterChainDecorator.java:137)
	at org.springframework.web.filter.CorsFilter.doFilterInternal(CorsFilter.java:91)
	at org.springframework.web.filter.OncePerRequestFilter.doFilter(OncePerRequestFilter.java:116)
	at org.springframework.security.web.ObservationFilterChainDecorator$ObservationFilter.wrapFilter(ObservationFilterChainDecorator.java:240)
	at org.springframework.security.web.ObservationFilterChainDecorator$ObservationFilter.doFilter(ObservationFilterChainDecorator.java:227)
	at org.springframework.security.web.ObservationFilterChainDecorator$VirtualFilterChain.doFilter(ObservationFilterChainDecorator.java:137)
	at org.springframework.security.web.header.HeaderWriterFilter.doHeadersAfter(HeaderWriterFilter.java:90)
	at org.springframework.security.web.header.HeaderWriterFilter.doFilterInternal(HeaderWriterFilter.java:75)
	at org.springframework.web.filter.OncePerRequestFilter.doFilter(OncePerRequestFilter.java:116)
	at org.springframework.security.web.ObservationFilterChainDecorator$ObservationFilter.wrapFilter(ObservationFilterChainDecorator.java:240)
	at org.springframework.security.web.ObservationFilterChainDecorator$ObservationFilter.doFilter(ObservationFilterChainDecorator.java:227)
	at org.springframework.security.web.ObservationFilterChainDecorator$VirtualFilterChain.doFilter(ObservationFilterChainDecorator.java:137)
	at org.springframework.security.web.context.SecurityContextHolderFilter.doFilter(SecurityContextHolderFilter.java:82)
	at org.springframework.security.web.context.SecurityContextHolderFilter.doFilter(SecurityContextHolderFilter.java:69)
	at org.springframework.security.web.ObservationFilterChainDecorator$ObservationFilter.wrapFilter(ObservationFilterChainDecorator.java:240)
	at org.springframework.security.web.ObservationFilterChainDecorator$ObservationFilter.doFilter(ObservationFilterChainDecorator.java:227)
	at org.springframework.security.web.ObservationFilterChainDecorator$VirtualFilterChain.doFilter(ObservationFilterChainDecorator.java:137)
	at org.springframework.security.web.context.request.async.WebAsyncManagerIntegrationFilter.doFilterInternal(WebAsyncManagerIntegrationFilter.java:62)
	at org.springframework.web.filter.OncePerRequestFilter.doFilter(OncePerRequestFilter.java:116)
	at org.springframework.security.web.ObservationFilterChainDecorator$ObservationFilter.wrapFilter(ObservationFilterChainDecorator.java:240)
	at org.springframework.security.web.ObservationFilterChainDecorator$ObservationFilter.doFilter(ObservationFilterChainDecorator.java:227)
	at org.springframework.security.web.ObservationFilterChainDecorator$VirtualFilterChain.doFilter(ObservationFilterChainDecorator.java:137)
	at org.springframework.security.web.session.DisableEncodeUrlFilter.doFilterInternal(DisableEncodeUrlFilter.java:42)
	at org.springframework.web.filter.OncePerRequestFilter.doFilter(OncePerRequestFilter.java:116)
	at org.springframework.security.web.ObservationFilterChainDecorator$ObservationFilter.wrapFilter(ObservationFilterChainDecorator.java:240)
	at org.springframework.security.web.ObservationFilterChainDecorator$AroundFilterObservation$SimpleAroundFilterObservation.lambda$wrap$0(ObservationFilterChainDecorator.java:323)
	at org.springframework.security.web.ObservationFilterChainDecorator$ObservationFilter.doFilter(ObservationFilterChainDecorator.java:224)
	at org.springframework.security.web.ObservationFilterChainDecorator$VirtualFilterChain.doFilter(ObservationFilterChainDecorator.java:137)
	at org.springframework.security.web.FilterChainProxy.doFilterInternal(FilterChainProxy.java:233)
	at org.springframework.security.web.FilterChainProxy.doFilter(FilterChainProxy.java:191)
	at org.springframework.web.filter.CompositeFilter$VirtualFilterChain.doFilter(CompositeFilter.java:113)
	at org.springframework.web.servlet.handler.HandlerMappingIntrospector.lambda$createCacheFilter$3(HandlerMappingIntrospector.java:243)
	at org.springframework.web.filter.CompositeFilter$VirtualFilterChain.doFilter(CompositeFilter.java:113)
	at org.springframework.web.filter.CompositeFilter.doFilter(CompositeFilter.java:74)
	at org.springframework.security.config.annotation.web.configuration.WebMvcSecurityConfiguration$CompositeFilterChainProxy.doFilter(WebMvcSecurityConfiguration.java:238)
	at org.springframework.web.filter.DelegatingFilterProxy.invokeDelegate(DelegatingFilterProxy.java:362)
	at org.springframework.web.filter.DelegatingFilterProxy.doFilter(DelegatingFilterProxy.java:278)
	at org.apache.catalina.core.ApplicationFilterChain.internalDoFilter(ApplicationFilterChain.java:164)
	at org.apache.catalina.core.ApplicationFilterChain.doFilter(ApplicationFilterChain.java:140)
	at org.springframework.web.filter.RequestContextFilter.doFilterInternal(RequestContextFilter.java:100)
	at org.springframework.web.filter.OncePerRequestFilter.doFilter(OncePerRequestFilter.java:116)
	at org.apache.catalina.core.ApplicationFilterChain.internalDoFilter(ApplicationFilterChain.java:164)
	at org.apache.catalina.core.ApplicationFilterChain.doFilter(ApplicationFilterChain.java:140)
	at org.springframework.web.filter.FormContentFilter.doFilterInternal(FormContentFilter.java:93)
	at org.springframework.web.filter.OncePerRequestFilter.doFilter(OncePerRequestFilter.java:116)
	at org.apache.catalina.core.ApplicationFilterChain.internalDoFilter(ApplicationFilterChain.java:164)
	at org.apache.catalina.core.ApplicationFilterChain.doFilter(ApplicationFilterChain.java:140)
	at org.springframework.web.filter.ServerHttpObservationFilter.doFilterInternal(ServerHttpObservationFilter.java:114)
	at org.springframework.web.filter.OncePerRequestFilter.doFilter(OncePerRequestFilter.java:116)
	at org.apache.catalina.core.ApplicationFilterChain.internalDoFilter(ApplicationFilterChain.java:164)
	at org.apache.catalina.core.ApplicationFilterChain.doFilter(ApplicationFilterChain.java:140)
	at org.springframework.web.filter.CharacterEncodingFilter.doFilterInternal(CharacterEncodingFilter.java:201)
	at org.springframework.web.filter.OncePerRequestFilter.doFilter(OncePerRequestFilter.java:116)
	at org.apache.catalina.core.ApplicationFilterChain.internalDoFilter(ApplicationFilterChain.java:164)
	at org.apache.catalina.core.ApplicationFilterChain.doFilter(ApplicationFilterChain.java:140)
	at org.apache.catalina.core.StandardWrapperValve.invoke(StandardWrapperValve.java:167)
	at org.apache.catalina.core.StandardContextValve.invoke(StandardContextValve.java:90)
	at org.apache.catalina.authenticator.AuthenticatorBase.invoke(AuthenticatorBase.java:483)
	at org.apache.catalina.core.StandardHostValve.invoke(StandardHostValve.java:115)
	at org.apache.catalina.valves.ErrorReportValve.invoke(ErrorReportValve.java:93)
	at org.apache.catalina.core.StandardEngineValve.invoke(StandardEngineValve.java:74)
	at org.apache.catalina.connector.CoyoteAdapter.service(CoyoteAdapter.java:344)
	at org.apache.coyote.http11.Http11Processor.service(Http11Processor.java:397)
	at org.apache.coyote.AbstractProcessorLight.process(AbstractProcessorLight.java:63)
	at org.apache.coyote.AbstractProtocol$ConnectionHandler.process(AbstractProtocol.java:905)
	at org.apache.tomcat.util.net.NioEndpoint$SocketProcessor.doRun(NioEndpoint.java:1741)
	at org.apache.tomcat.util.net.SocketProcessorBase.run(SocketProcessorBase.java:52)
	at org.apache.tomcat.util.threads.ThreadPoolExecutor.runWorker(ThreadPoolExecutor.java:1190)
	at org.apache.tomcat.util.threads.ThreadPoolExecutor$Worker.run(ThreadPoolExecutor.java:659)
	at org.apache.tomcat.util.threads.TaskThread$WrappingRunnable.run(TaskThread.java:63)
	at java.base/java.lang.Thread.run(Thread.java:1583)
2026-03-16 17:02:07 [http-nio-8080-exec-18] DEBUG o.s.w.s.m.m.a.HttpEntityMethodProcessor - Using 'application/json', given [application/json, text/plain, */*] and supported [application/json, application/*+json, application/yaml]
2026-03-16 17:02:07 [http-nio-8080-exec-18] TRACE o.s.w.s.m.m.a.HttpEntityMethodProcessor - Writing [ApiResponse[success=false, status=500, code=C004, message=예기치 않은 서버 오류가 발생했습니다., data=null, timestamp=2026-03-16T17:02:07.501859100]]
2026-03-16 17:02:07 [http-nio-8080-exec-18] DEBUG o.s.w.s.m.m.a.ExceptionHandlerExceptionResolver - Resolved [org.springframework.web.servlet.resource.NoResourceFoundException: No static resource api/v1/admin/system/statistics/connect.]
2026-03-16 17:02:07 [http-nio-8080-exec-18] DEBUG o.s.web.servlet.DispatcherServlet - Completed 500 INTERNAL_SERVER_ERROR
2026-03-16 17:02:07 [http-nio-8080-exec-8] DEBUG o.s.orm.jpa.JpaTransactionManager - Initiating transaction commit
2026-03-16 17:02:07 [http-nio-8080-exec-8] DEBUG o.s.orm.jpa.JpaTransactionManager - Committing JPA transaction on EntityManager [SessionImpl(219368314<open>)]
2026-03-16 17:02:07 [http-nio-8080-exec-1] DEBUG o.s.orm.jpa.JpaTransactionManager - Found thread-bound EntityManager [SessionImpl(889024875<open>)] for JPA transaction
2026-03-16 17:02:07 [http-nio-8080-exec-1] DEBUG o.s.orm.jpa.JpaTransactionManager - Participating in existing transaction
2026-03-16 17:02:07 [http-nio-8080-exec-1] DEBUG org.hibernate.SQL - select p1_0.progrm_file_nm,p1_0.progrm_dc,p1_0.progrm_korean_nm,p1_0.progrm_stre_path,p1_0.url from nprogrmlist p1_0
2026-03-16 17:02:07 [http-nio-8080-exec-8] DEBUG o.s.orm.jpa.JpaTransactionManager - Closing JPA EntityManager [SessionImpl(219368314<open>)] after transaction
2026-03-16 17:02:07 [http-nio-8080-exec-8] DEBUG c.c.p.s.jwt.JwtAuthenticationFilter - >>> [JwtFilter] Successfully authenticated user: USRCNFRM_99999999999, Authorities: [ROLE_ADMIN]
2026-03-16 17:02:07 [http-nio-8080-exec-8] DEBUG o.s.web.servlet.DispatcherServlet - GET "/api/v1/admin/system/statistics/bbs?statsKind=COM101", parameters={masked}
2026-03-16 17:02:07 [http-nio-8080-exec-8] DEBUG o.s.w.s.h.SimpleUrlHandlerMapping - Mapped to ResourceHttpRequestHandler [classpath [META-INF/resources/], classpath [resources/], classpath [static/], classpath [public/], ServletContext [/]]
2026-03-16 17:02:07 [http-nio-8080-exec-8] DEBUG o.s.w.s.r.ResourceHttpRequestHandler - Resource not found
2026-03-16 17:02:07 [http-nio-8080-exec-8] DEBUG o.s.w.s.m.m.a.ExceptionHandlerExceptionResolver - Using @ExceptionHandler com.company.project.core.exception.GlobalExceptionHandler#handleException(Exception)
2026-03-16 17:02:07 [http-nio-8080-exec-8] ERROR c.c.p.c.e.GlobalExceptionHandler - >>> Internal Server Error: No static resource api/v1/admin/system/statistics/bbs.
org.springframework.web.servlet.resource.NoResourceFoundException: No static resource api/v1/admin/system/statistics/bbs.
	at org.springframework.web.servlet.resource.ResourceHttpRequestHandler.handleRequest(ResourceHttpRequestHandler.java:585)
	at org.springframework.web.servlet.mvc.HttpRequestHandlerAdapter.handle(HttpRequestHandlerAdapter.java:52)
	at org.springframework.web.servlet.DispatcherServlet.doDispatch(DispatcherServlet.java:1088)
	at org.springframework.web.servlet.DispatcherServlet.doService(DispatcherServlet.java:978)
	at org.springframework.web.servlet.FrameworkServlet.processRequest(FrameworkServlet.java:1014)
	at org.springframework.web.servlet.FrameworkServlet.doGet(FrameworkServlet.java:903)
	at jakarta.servlet.http.HttpServlet.service(HttpServlet.java:527)
	at org.springframework.web.servlet.FrameworkServlet.service(FrameworkServlet.java:885)
	at jakarta.servlet.http.HttpServlet.service(HttpServlet.java:614)
	at org.apache.catalina.core.ApplicationFilterChain.internalDoFilter(ApplicationFilterChain.java:195)
	at org.apache.catalina.core.ApplicationFilterChain.doFilter(ApplicationFilterChain.java:140)
	at org.apache.tomcat.websocket.server.WsFilter.doFilter(WsFilter.java:51)
	at org.apache.catalina.core.ApplicationFilterChain.internalDoFilter(ApplicationFilterChain.java:164)
	at org.apache.catalina.core.ApplicationFilterChain.doFilter(ApplicationFilterChain.java:140)
	at org.springframework.web.filter.CompositeFilter$VirtualFilterChain.doFilter(CompositeFilter.java:108)
	at org.springframework.security.web.FilterChainProxy.lambda$doFilterInternal$3(FilterChainProxy.java:231)
	at org.springframework.security.web.ObservationFilterChainDecorator$FilterObservation$SimpleFilterObservation.lambda$wrap$1(ObservationFilterChainDecorator.java:479)
	at org.springframework.security.web.ObservationFilterChainDecorator$AroundFilterObservation$SimpleAroundFilterObservation.lambda$wrap$1(ObservationFilterChainDecorator.java:340)
	at org.springframework.security.web.ObservationFilterChainDecorator.lambda$wrapSecured$0(ObservationFilterChainDecorator.java:82)
	at org.springframework.security.web.ObservationFilterChainDecorator$VirtualFilterChain.doFilter(ObservationFilterChainDecorator.java:128)
	at org.springframework.security.web.access.intercept.AuthorizationFilter.doFilter(AuthorizationFilter.java:101)
	at org.springframework.security.web.ObservationFilterChainDecorator$ObservationFilter.wrapFilter(ObservationFilterChainDecorator.java:240)
	at org.springframework.security.web.ObservationFilterChainDecorator$ObservationFilter.doFilter(ObservationFilterChainDecorator.java:227)
	at org.springframework.security.web.ObservationFilterChainDecorator$VirtualFilterChain.doFilter(ObservationFilterChainDecorator.java:137)
	at org.springframework.security.web.access.ExceptionTranslationFilter.doFilter(ExceptionTranslationFilter.java:126)
	at org.springframework.security.web.access.ExceptionTranslationFilter.doFilter(ExceptionTranslationFilter.java:120)
	at org.springframework.security.web.ObservationFilterChainDecorator$ObservationFilter.wrapFilter(ObservationFilterChainDecorator.java:240)
	at org.springframework.security.web.ObservationFilterChainDecorator$ObservationFilter.doFilter(ObservationFilterChainDecorator.java:227)
	at org.springframework.security.web.ObservationFilterChainDecorator$VirtualFilterChain.doFilter(ObservationFilterChainDecorator.java:137)
	at org.springframework.security.web.session.SessionManagementFilter.doFilter(SessionManagementFilter.java:131)
	at org.springframework.security.web.session.SessionManagementFilter.doFilter(SessionManagementFilter.java:85)
	at org.springframework.security.web.ObservationFilterChainDecorator$ObservationFilter.wrapFilter(ObservationFilterChainDecorator.java:240)
	at org.springframework.security.web.ObservationFilterChainDecorator$ObservationFilter.doFilter(ObservationFilterChainDecorator.java:227)
	at org.springframework.security.web.ObservationFilterChainDecorator$VirtualFilterChain.doFilter(ObservationFilterChainDecorator.java:137)
	at org.springframework.security.web.authentication.AnonymousAuthenticationFilter.doFilter(AnonymousAuthenticationFilter.java:100)
	at org.springframework.security.web.ObservationFilterChainDecorator$ObservationFilter.wrapFilter(ObservationFilterChainDecorator.java:240)
	at org.springframework.security.web.ObservationFilterChainDecorator$ObservationFilter.doFilter(ObservationFilterChainDecorator.java:227)
	at org.springframework.security.web.ObservationFilterChainDecorator$VirtualFilterChain.doFilter(ObservationFilterChainDecorator.java:137)
	at org.springframework.security.web.servletapi.SecurityContextHolderAwareRequestFilter.doFilter(SecurityContextHolderAwareRequestFilter.java:179)
	at org.springframework.security.web.ObservationFilterChainDecorator$ObservationFilter.wrapFilter(ObservationFilterChainDecorator.java:240)
	at org.springframework.security.web.ObservationFilterChainDecorator$ObservationFilter.doFilter(ObservationFilterChainDecorator.java:227)
	at org.springframework.security.web.ObservationFilterChainDecorator$VirtualFilterChain.doFilter(ObservationFilterChainDecorator.java:137)
	at org.springframework.security.web.savedrequest.RequestCacheAwareFilter.doFilter(RequestCacheAwareFilter.java:63)
	at org.springframework.security.web.ObservationFilterChainDecorator$ObservationFilter.wrapFilter(ObservationFilterChainDecorator.java:240)
	at org.springframework.security.web.ObservationFilterChainDecorator$ObservationFilter.doFilter(ObservationFilterChainDecorator.java:227)
	at org.springframework.security.web.ObservationFilterChainDecorator$VirtualFilterChain.doFilter(ObservationFilterChainDecorator.java:137)
	at com.company.project.security.jwt.JwtAuthenticationFilter.doFilterInternal(JwtAuthenticationFilter.java:52)
	at org.springframework.web.filter.OncePerRequestFilter.doFilter(OncePerRequestFilter.java:116)
	at org.springframework.security.web.ObservationFilterChainDecorator$ObservationFilter.wrapFilter(ObservationFilterChainDecorator.java:240)
	at org.springframework.security.web.ObservationFilterChainDecorator$ObservationFilter.doFilter(ObservationFilterChainDecorator.java:227)
	at org.springframework.security.web.ObservationFilterChainDecorator$VirtualFilterChain.doFilter(ObservationFilterChainDecorator.java:137)
	at org.springframework.security.web.authentication.logout.LogoutFilter.doFilter(LogoutFilter.java:107)
	at org.springframework.security.web.authentication.logout.LogoutFilter.doFilter(LogoutFilter.java:93)
	at org.springframework.security.web.ObservationFilterChainDecorator$ObservationFilter.wrapFilter(ObservationFilterChainDecorator.java:240)
	at org.springframework.security.web.ObservationFilterChainDecorator$ObservationFilter.doFilter(ObservationFilterChainDecorator.java:227)
	at org.springframework.security.web.ObservationFilterChainDecorator$VirtualFilterChain.doFilter(ObservationFilterChainDecorator.java:137)
	at org.springframework.web.filter.CorsFilter.doFilterInternal(CorsFilter.java:91)
	at org.springframework.web.filter.OncePerRequestFilter.doFilter(OncePerRequestFilter.java:116)
	at org.springframework.security.web.ObservationFilterChainDecorator$ObservationFilter.wrapFilter(ObservationFilterChainDecorator.java:240)
	at org.springframework.security.web.ObservationFilterChainDecorator$ObservationFilter.doFilter(ObservationFilterChainDecorator.java:227)
	at org.springframework.security.web.ObservationFilterChainDecorator$VirtualFilterChain.doFilter(ObservationFilterChainDecorator.java:137)
	at org.springframework.security.web.header.HeaderWriterFilter.doHeadersAfter(HeaderWriterFilter.java:90)
	at org.springframework.security.web.header.HeaderWriterFilter.doFilterInternal(HeaderWriterFilter.java:75)
	at org.springframework.web.filter.OncePerRequestFilter.doFilter(OncePerRequestFilter.java:116)
	at org.springframework.security.web.ObservationFilterChainDecorator$ObservationFilter.wrapFilter(ObservationFilterChainDecorator.java:240)
	at org.springframework.security.web.ObservationFilterChainDecorator$ObservationFilter.doFilter(ObservationFilterChainDecorator.java:227)
	at org.springframework.security.web.ObservationFilterChainDecorator$VirtualFilterChain.doFilter(ObservationFilterChainDecorator.java:137)
	at org.springframework.security.web.context.SecurityContextHolderFilter.doFilter(SecurityContextHolderFilter.java:82)
	at org.springframework.security.web.context.SecurityContextHolderFilter.doFilter(SecurityContextHolderFilter.java:69)
	at org.springframework.security.web.ObservationFilterChainDecorator$ObservationFilter.wrapFilter(ObservationFilterChainDecorator.java:240)
	at org.springframework.security.web.ObservationFilterChainDecorator$ObservationFilter.doFilter(ObservationFilterChainDecorator.java:227)
	at org.springframework.security.web.ObservationFilterChainDecorator$VirtualFilterChain.doFilter(ObservationFilterChainDecorator.java:137)
	at org.springframework.security.web.context.request.async.WebAsyncManagerIntegrationFilter.doFilterInternal(WebAsyncManagerIntegrationFilter.java:62)
	at org.springframework.web.filter.OncePerRequestFilter.doFilter(OncePerRequestFilter.java:116)
	at org.springframework.security.web.ObservationFilterChainDecorator$ObservationFilter.wrapFilter(ObservationFilterChainDecorator.java:240)
	at org.springframework.security.web.ObservationFilterChainDecorator$ObservationFilter.doFilter(ObservationFilterChainDecorator.java:227)
	at org.springframework.security.web.ObservationFilterChainDecorator$VirtualFilterChain.doFilter(ObservationFilterChainDecorator.java:137)
	at org.springframework.security.web.session.DisableEncodeUrlFilter.doFilterInternal(DisableEncodeUrlFilter.java:42)
	at org.springframework.web.filter.OncePerRequestFilter.doFilter(OncePerRequestFilter.java:116)
	at org.springframework.security.web.ObservationFilterChainDecorator$ObservationFilter.wrapFilter(ObservationFilterChainDecorator.java:240)
	at org.springframework.security.web.ObservationFilterChainDecorator$AroundFilterObservation$SimpleAroundFilterObservation.lambda$wrap$0(ObservationFilterChainDecorator.java:323)
	at org.springframework.security.web.ObservationFilterChainDecorator$ObservationFilter.doFilter(ObservationFilterChainDecorator.java:224)
	at org.springframework.security.web.ObservationFilterChainDecorator$VirtualFilterChain.doFilter(ObservationFilterChainDecorator.java:137)
	at org.springframework.security.web.FilterChainProxy.doFilterInternal(FilterChainProxy.java:233)
	at org.springframework.security.web.FilterChainProxy.doFilter(FilterChainProxy.java:191)
	at org.springframework.web.filter.CompositeFilter$VirtualFilterChain.doFilter(CompositeFilter.java:113)
	at org.springframework.web.servlet.handler.HandlerMappingIntrospector.lambda$createCacheFilter$3(HandlerMappingIntrospector.java:243)
	at org.springframework.web.filter.CompositeFilter$VirtualFilterChain.doFilter(CompositeFilter.java:113)
	at org.springframework.web.filter.CompositeFilter.doFilter(CompositeFilter.java:74)
	at org.springframework.security.config.annotation.web.configuration.WebMvcSecurityConfiguration$CompositeFilterChainProxy.doFilter(WebMvcSecurityConfiguration.java:238)
	at org.springframework.web.filter.DelegatingFilterProxy.invokeDelegate(DelegatingFilterProxy.java:362)
	at org.springframework.web.filter.DelegatingFilterProxy.doFilter(DelegatingFilterProxy.java:278)
	at org.apache.catalina.core.ApplicationFilterChain.internalDoFilter(ApplicationFilterChain.java:164)
	at org.apache.catalina.core.ApplicationFilterChain.doFilter(ApplicationFilterChain.java:140)
	at org.springframework.web.filter.RequestContextFilter.doFilterInternal(RequestContextFilter.java:100)
	at org.springframework.web.filter.OncePerRequestFilter.doFilter(OncePerRequestFilter.java:116)
	at org.apache.catalina.core.ApplicationFilterChain.internalDoFilter(ApplicationFilterChain.java:164)
	at org.apache.catalina.core.ApplicationFilterChain.doFilter(ApplicationFilterChain.java:140)
	at org.springframework.web.filter.FormContentFilter.doFilterInternal(FormContentFilter.java:93)
	at org.springframework.web.filter.OncePerRequestFilter.doFilter(OncePerRequestFilter.java:116)
	at org.apache.catalina.core.ApplicationFilterChain.internalDoFilter(ApplicationFilterChain.java:164)
	at org.apache.catalina.core.ApplicationFilterChain.doFilter(ApplicationFilterChain.java:140)
	at org.springframework.web.filter.ServerHttpObservationFilter.doFilterInternal(ServerHttpObservationFilter.java:114)
	at org.springframework.web.filter.OncePerRequestFilter.doFilter(OncePerRequestFilter.java:116)
	at org.apache.catalina.core.ApplicationFilterChain.internalDoFilter(ApplicationFilterChain.java:164)
	at org.apache.catalina.core.ApplicationFilterChain.doFilter(ApplicationFilterChain.java:140)
	at org.springframework.web.filter.CharacterEncodingFilter.doFilterInternal(CharacterEncodingFilter.java:201)
	at org.springframework.web.filter.OncePerRequestFilter.doFilter(OncePerRequestFilter.java:116)
	at org.apache.catalina.core.ApplicationFilterChain.internalDoFilter(ApplicationFilterChain.java:164)
	at org.apache.catalina.core.ApplicationFilterChain.doFilter(ApplicationFilterChain.java:140)
	at org.apache.catalina.core.StandardWrapperValve.invoke(StandardWrapperValve.java:167)
	at org.apache.catalina.core.StandardContextValve.invoke(StandardContextValve.java:90)
	at org.apache.catalina.authenticator.AuthenticatorBase.invoke(AuthenticatorBase.java:483)
	at org.apache.catalina.core.StandardHostValve.invoke(StandardHostValve.java:115)
	at org.apache.catalina.valves.ErrorReportValve.invoke(ErrorReportValve.java:93)
	at org.apache.catalina.core.StandardEngineValve.invoke(StandardEngineValve.java:74)
	at org.apache.catalina.connector.CoyoteAdapter.service(CoyoteAdapter.java:344)
	at org.apache.coyote.http11.Http11Processor.service(Http11Processor.java:397)
	at org.apache.coyote.AbstractProcessorLight.process(AbstractProcessorLight.java:63)
	at org.apache.coyote.AbstractProtocol$ConnectionHandler.process(AbstractProtocol.java:905)
	at org.apache.tomcat.util.net.NioEndpoint$SocketProcessor.doRun(NioEndpoint.java:1741)
	at org.apache.tomcat.util.net.SocketProcessorBase.run(SocketProcessorBase.java:52)
	at org.apache.tomcat.util.threads.ThreadPoolExecutor.runWorker(ThreadPoolExecutor.java:1190)
	at org.apache.tomcat.util.threads.ThreadPoolExecutor$Worker.run(ThreadPoolExecutor.java:659)
	at org.apache.tomcat.util.threads.TaskThread$WrappingRunnable.run(TaskThread.java:63)
	at java.base/java.lang.Thread.run(Thread.java:1583)
2026-03-16 17:02:07 [http-nio-8080-exec-8] DEBUG o.s.w.s.m.m.a.HttpEntityMethodProcessor - Using 'application/json', given [application/json, text/plain, */*] and supported [application/json, application/*+json, application/yaml]
2026-03-16 17:02:07 [http-nio-8080-exec-8] TRACE o.s.w.s.m.m.a.HttpEntityMethodProcessor - Writing [ApiResponse[success=false, status=500, code=C004, message=예기치 않은 서버 오류가 발생했습니다., data=null, timestamp=2026-03-16T17:02:07.807216600]]
2026-03-16 17:02:07 [http-nio-8080-exec-8] DEBUG o.s.w.s.m.m.a.ExceptionHandlerExceptionResolver - Resolved [org.springframework.web.servlet.resource.NoResourceFoundException: No static resource api/v1/admin/system/statistics/bbs.]
2026-03-16 17:02:07 [http-nio-8080-exec-8] DEBUG o.s.web.servlet.DispatcherServlet - Completed 500 INTERNAL_SERVER_ERROR
2026-03-16 17:02:07 [http-nio-8080-exec-1] DEBUG o.s.orm.jpa.JpaTransactionManager - Initiating transaction commit
2026-03-16 17:02:07 [http-nio-8080-exec-1] DEBUG o.s.orm.jpa.JpaTransactionManager - Committing JPA transaction on EntityManager [SessionImpl(889024875<open>)]
2026-03-16 17:02:07 [http-nio-8080-exec-1] DEBUG o.s.orm.jpa.JpaTransactionManager - Closing JPA EntityManager [SessionImpl(889024875<open>)] after transaction
2026-03-16 17:02:07 [http-nio-8080-exec-1] INFO  c.c.p.a.c.menu.MenuController - getLeftMenu returned 2 items
2026-03-16 17:02:07 [http-nio-8080-exec-1] DEBUG o.s.w.s.m.m.a.HttpEntityMethodProcessor - Using 'application/json', given [application/json, text/plain, */*] and supported [application/json, application/*+json, application/yaml]
2026-03-16 17:02:07 [http-nio-8080-exec-1] TRACE o.s.w.s.m.m.a.HttpEntityMethodProcessor - Writing [ApiResponse[success=true, status=200, code=COMMON_001, message=Success, data={list=[com.company.project.service.menu.dto.MenuDto@327be9f4, com.company.project.service.menu.dto.MenuDto@3f826cfa]}, timestamp=2026-03-16T17:02:07.986161800]]
2026-03-16 17:02:07 [http-nio-8080-exec-1] INFO  c.c.p.a.i.OperationalAuditInterceptor - API Audit Log: URL=/api/v1/menu/left, User=webmaster, IP=127.0.0.1
2026-03-16 17:02:07 [http-nio-8080-exec-1] DEBUG o.s.web.servlet.DispatcherServlet - Completed 200 OK
2026-03-16 17:02:07 [http-nio-8080-exec-4] DEBUG c.c.p.s.jwt.JwtAuthenticationFilter - >>> [JwtFilter] Processing request: GET /api/v1/menu/left
2026-03-16 17:02:07 [http-nio-8080-exec-4] DEBUG c.c.p.s.jwt.JwtAuthenticationFilter - >>> [JwtFilter] Found token in header for path: /api/v1/menu/left
2026-03-16 17:02:07 [http-nio-8080-exec-4] DEBUG o.s.orm.jpa.JpaTransactionManager - Creating new transaction with name [com.company.project.security.iam.CustomUserDetailsService.loadUserByUsername]: PROPAGATION_REQUIRED,ISOLATION_DEFAULT,readOnly
2026-03-16 17:02:07 [http-nio-8080-exec-4] DEBUG o.s.orm.jpa.JpaTransactionManager - Opened new EntityManager [SessionImpl(1237149402<open>)] for JPA transaction
2026-03-16 17:02:07 [http-nio-8080-exec-4] DEBUG o.s.orm.jpa.JpaTransactionManager - Exposing JPA transaction as JDBC [org.springframework.orm.jpa.vendor.HibernateJpaDialect$HibernateConnectionHandle@49f4b293]
2026-03-16 17:02:07 [http-nio-8080-exec-4] DEBUG o.s.orm.jpa.JpaTransactionManager - Found thread-bound EntityManager [SessionImpl(1237149402<open>)] for JPA transaction
2026-03-16 17:02:07 [http-nio-8080-exec-4] DEBUG o.s.orm.jpa.JpaTransactionManager - Participating in existing transaction
2026-03-16 17:02:07 [http-nio-8080-exec-4] DEBUG org.hibernate.SQL - select u1_0.emplyr_id,u1_0.area_no,u1_0.brthdy,u1_0.chg_pwd_cnt,u1_0.frst_register_id,u1_0.frst_regist_pnttm,u1_0.detail_adres,u1_0.email_adres,u1_0.emplyr_sttus_code,u1_0.empl_no,u1_0.esntl_id,u1_0.fxnum,u1_0.group_id,u1_0.house_adres,u1_0.house_end_telno,u1_0.house_middle_telno,u1_0.ihidnum,u1_0.pstinst_code,u1_0.last_updusr_id,u1_0.last_updt_pnttm,u1_0.lock_at,u1_0.lock_cnt,u1_0.lock_last_pnttm,u1_0.mbtlnum,u1_0.ofcps_nm,u1_0.offm_telno,u1_0.orgnzt_id,u1_0.password,u1_0.password_cnsr,u1_0.password_hint,u1_0.chg_pwd_last_pnttm,u1_0.role,u1_0.sbscrb_de,u1_0.sexdstn_code,u1_0.crtfc_dn_value,u1_0.user_nm,u1_0.zip from nemplyrinfo u1_0 where u1_0.emplyr_id=?
2026-03-16 17:02:08 [http-nio-8080-exec-4] DEBUG o.s.orm.jpa.JpaTransactionManager - Found thread-bound EntityManager [SessionImpl(1237149402<open>)] for JPA transaction
2026-03-16 17:02:08 [http-nio-8080-exec-4] DEBUG o.s.orm.jpa.JpaTransactionManager - Participating in existing transaction
2026-03-16 17:02:08 [http-nio-8080-exec-4] DEBUG org.hibernate.SQL - select ua1_0.scrty_dtrmn_trget_id,ua1_0.author_code,ua1_0.frst_register_id,ua1_0.frst_regist_pnttm,ua1_0.last_updusr_id,ua1_0.last_updt_pnttm,ua1_0.mber_ty_code from nemplyrscrtyestbs ua1_0 where ua1_0.scrty_dtrmn_trget_id=?
2026-03-16 17:02:08 [http-nio-8080-exec-4] DEBUG o.s.orm.jpa.JpaTransactionManager - Initiating transaction commit
2026-03-16 17:02:08 [http-nio-8080-exec-4] DEBUG o.s.orm.jpa.JpaTransactionManager - Committing JPA transaction on EntityManager [SessionImpl(1237149402<open>)]
2026-03-16 17:02:08 [http-nio-8080-exec-4] DEBUG o.s.orm.jpa.JpaTransactionManager - Closing JPA EntityManager [SessionImpl(1237149402<open>)] after transaction
2026-03-16 17:02:08 [http-nio-8080-exec-4] DEBUG c.c.p.s.jwt.JwtAuthenticationFilter - >>> [JwtFilter] Successfully authenticated user: USRCNFRM_99999999999, Authorities: [ROLE_ADMIN]
2026-03-16 17:02:08 [http-nio-8080-exec-4] DEBUG o.s.web.servlet.DispatcherServlet - GET "/api/v1/menu/left?menuNo=50", parameters={masked}
2026-03-16 17:02:08 [http-nio-8080-exec-4] TRACE o.s.w.s.m.m.a.RequestMappingHandlerMapping - Mapped to com.company.project.api.controller.menu.MenuController#getLeftMenu(Long)
2026-03-16 17:02:08 [http-nio-8080-exec-4] INFO  c.c.p.a.c.menu.MenuController - getLeftMenu called with menuNo=50
2026-03-16 17:02:08 [http-nio-8080-exec-4] DEBUG o.s.orm.jpa.JpaTransactionManager - Creating new transaction with name [com.company.project.service.menu.MenuService.getSubMenus]: PROPAGATION_REQUIRED,ISOLATION_DEFAULT,readOnly
2026-03-16 17:02:08 [http-nio-8080-exec-4] DEBUG o.s.orm.jpa.JpaTransactionManager - Opened new EntityManager [SessionImpl(392148662<open>)] for JPA transaction
2026-03-16 17:02:08 [http-nio-8080-exec-4] DEBUG o.s.orm.jpa.JpaTransactionManager - Exposing JPA transaction as JDBC [org.springframework.orm.jpa.vendor.HibernateJpaDialect$HibernateConnectionHandle@4137792b]
2026-03-16 17:02:08 [http-nio-8080-exec-4] DEBUG org.hibernate.SQL - select m1_0.menu_no,m1_0.menu_dc,m1_0.menu_nm,m1_0.menu_ordr,m1_0.modern_route,m1_0.progrm_file_nm,m1_0.relate_image_nm,m1_0.relate_image_path,m1_0.route_updated_at,m1_0.upper_menu_no from nmenuinfo m1_0 order by m1_0.upper_menu_no,m1_0.menu_ordr
2026-03-16 17:02:08 [http-nio-8080-exec-4] DEBUG o.s.orm.jpa.JpaTransactionManager - Found thread-bound EntityManager [SessionImpl(392148662<open>)] for JPA transaction
2026-03-16 17:02:08 [http-nio-8080-exec-4] DEBUG o.s.orm.jpa.JpaTransactionManager - Participating in existing transaction
2026-03-16 17:02:08 [http-nio-8080-exec-4] DEBUG org.hibernate.SQL - select p1_0.progrm_file_nm,p1_0.progrm_dc,p1_0.progrm_korean_nm,p1_0.progrm_stre_path,p1_0.url from nprogrmlist p1_0
2026-03-16 17:02:08 [http-nio-8080-exec-4] DEBUG o.s.orm.jpa.JpaTransactionManager - Initiating transaction commit
2026-03-16 17:02:08 [http-nio-8080-exec-4] DEBUG o.s.orm.jpa.JpaTransactionManager - Committing JPA transaction on EntityManager [SessionImpl(392148662<open>)]
2026-03-16 17:02:09 [http-nio-8080-exec-4] DEBUG o.s.orm.jpa.JpaTransactionManager - Closing JPA EntityManager [SessionImpl(392148662<open>)] after transaction
2026-03-16 17:02:09 [http-nio-8080-exec-4] INFO  c.c.p.a.c.menu.MenuController - getLeftMenu returned 3 items
2026-03-16 17:02:09 [http-nio-8080-exec-4] DEBUG o.s.w.s.m.m.a.HttpEntityMethodProcessor - Using 'application/json', given [application/json, text/plain, */*] and supported [application/json, application/*+json, application/yaml]
2026-03-16 17:02:09 [http-nio-8080-exec-4] TRACE o.s.w.s.m.m.a.HttpEntityMethodProcessor - Writing [ApiResponse[success=true, status=200, code=COMMON_001, message=Success, data={list=[com.company.project.service.menu.dto.MenuDto@7afd93cc, com.company.project.service.menu.dto.MenuDto@588e7f39, com.company.project.service.menu.dto.MenuDto@52b41eab]}, timestamp=2026-03-16T17:02:09.054163700]]
2026-03-16 17:02:09 [http-nio-8080-exec-4] INFO  c.c.p.a.i.OperationalAuditInterceptor - API Audit Log: URL=/api/v1/menu/left, User=webmaster, IP=127.0.0.1
2026-03-16 17:02:09 [http-nio-8080-exec-4] DEBUG o.s.web.servlet.DispatcherServlet - Completed 200 OK
2026-03-16 17:02:09 [http-nio-8080-exec-17] DEBUG c.c.p.s.jwt.JwtAuthenticationFilter - >>> [JwtFilter] Processing request: GET /api/v1/menu/left
2026-03-16 17:02:09 [http-nio-8080-exec-17] DEBUG c.c.p.s.jwt.JwtAuthenticationFilter - >>> [JwtFilter] Found token in header for path: /api/v1/menu/left
2026-03-16 17:02:09 [http-nio-8080-exec-17] DEBUG o.s.orm.jpa.JpaTransactionManager - Creating new transaction with name [com.company.project.security.iam.CustomUserDetailsService.loadUserByUsername]: PROPAGATION_REQUIRED,ISOLATION_DEFAULT,readOnly
2026-03-16 17:02:09 [http-nio-8080-exec-17] DEBUG o.s.orm.jpa.JpaTransactionManager - Opened new EntityManager [SessionImpl(257313475<open>)] for JPA transaction
2026-03-16 17:02:09 [http-nio-8080-exec-17] DEBUG o.s.orm.jpa.JpaTransactionManager - Exposing JPA transaction as JDBC [org.springframework.orm.jpa.vendor.HibernateJpaDialect$HibernateConnectionHandle@42f2343b]
2026-03-16 17:02:09 [http-nio-8080-exec-17] DEBUG o.s.orm.jpa.JpaTransactionManager - Found thread-bound EntityManager [SessionImpl(257313475<open>)] for JPA transaction
2026-03-16 17:02:09 [http-nio-8080-exec-17] DEBUG o.s.orm.jpa.JpaTransactionManager - Participating in existing transaction
2026-03-16 17:02:09 [http-nio-8080-exec-17] DEBUG org.hibernate.SQL - select u1_0.emplyr_id,u1_0.area_no,u1_0.brthdy,u1_0.chg_pwd_cnt,u1_0.frst_register_id,u1_0.frst_regist_pnttm,u1_0.detail_adres,u1_0.email_adres,u1_0.emplyr_sttus_code,u1_0.empl_no,u1_0.esntl_id,u1_0.fxnum,u1_0.group_id,u1_0.house_adres,u1_0.house_end_telno,u1_0.house_middle_telno,u1_0.ihidnum,u1_0.pstinst_code,u1_0.last_updusr_id,u1_0.last_updt_pnttm,u1_0.lock_at,u1_0.lock_cnt,u1_0.lock_last_pnttm,u1_0.mbtlnum,u1_0.ofcps_nm,u1_0.offm_telno,u1_0.orgnzt_id,u1_0.password,u1_0.password_cnsr,u1_0.password_hint,u1_0.chg_pwd_last_pnttm,u1_0.role,u1_0.sbscrb_de,u1_0.sexdstn_code,u1_0.crtfc_dn_value,u1_0.user_nm,u1_0.zip from nemplyrinfo u1_0 where u1_0.emplyr_id=?
2026-03-16 17:02:09 [http-nio-8080-exec-17] DEBUG o.s.orm.jpa.JpaTransactionManager - Found thread-bound EntityManager [SessionImpl(257313475<open>)] for JPA transaction
2026-03-16 17:02:09 [http-nio-8080-exec-17] DEBUG o.s.orm.jpa.JpaTransactionManager - Participating in existing transaction
2026-03-16 17:02:09 [http-nio-8080-exec-17] DEBUG org.hibernate.SQL - select ua1_0.scrty_dtrmn_trget_id,ua1_0.author_code,ua1_0.frst_register_id,ua1_0.frst_regist_pnttm,ua1_0.last_updusr_id,ua1_0.last_updt_pnttm,ua1_0.mber_ty_code from nemplyrscrtyestbs ua1_0 where ua1_0.scrty_dtrmn_trget_id=?
2026-03-16 17:02:09 [http-nio-8080-exec-17] DEBUG o.s.orm.jpa.JpaTransactionManager - Initiating transaction commit
2026-03-16 17:02:09 [http-nio-8080-exec-17] DEBUG o.s.orm.jpa.JpaTransactionManager - Committing JPA transaction on EntityManager [SessionImpl(257313475<open>)]
2026-03-16 17:02:09 [http-nio-8080-exec-17] DEBUG o.s.orm.jpa.JpaTransactionManager - Closing JPA EntityManager [SessionImpl(257313475<open>)] after transaction
2026-03-16 17:02:09 [http-nio-8080-exec-17] DEBUG c.c.p.s.jwt.JwtAuthenticationFilter - >>> [JwtFilter] Successfully authenticated user: USRCNFRM_99999999999, Authorities: [ROLE_ADMIN]
2026-03-16 17:02:09 [http-nio-8080-exec-17] DEBUG o.s.web.servlet.DispatcherServlet - GET "/api/v1/menu/left?menuNo=60", parameters={masked}
2026-03-16 17:02:09 [http-nio-8080-exec-17] TRACE o.s.w.s.m.m.a.RequestMappingHandlerMapping - Mapped to com.company.project.api.controller.menu.MenuController#getLeftMenu(Long)
2026-03-16 17:02:09 [http-nio-8080-exec-17] INFO  c.c.p.a.c.menu.MenuController - getLeftMenu called with menuNo=60
2026-03-16 17:02:09 [http-nio-8080-exec-17] DEBUG o.s.orm.jpa.JpaTransactionManager - Creating new transaction with name [com.company.project.service.menu.MenuService.getSubMenus]: PROPAGATION_REQUIRED,ISOLATION_DEFAULT,readOnly
2026-03-16 17:02:09 [http-nio-8080-exec-17] DEBUG o.s.orm.jpa.JpaTransactionManager - Opened new EntityManager [SessionImpl(1529417687<open>)] for JPA transaction
2026-03-16 17:02:09 [http-nio-8080-exec-17] DEBUG o.s.orm.jpa.JpaTransactionManager - Exposing JPA transaction as JDBC [org.springframework.orm.jpa.vendor.HibernateJpaDialect$HibernateConnectionHandle@54062664]
2026-03-16 17:02:09 [http-nio-8080-exec-17] DEBUG org.hibernate.SQL - select m1_0.menu_no,m1_0.menu_dc,m1_0.menu_nm,m1_0.menu_ordr,m1_0.modern_route,m1_0.progrm_file_nm,m1_0.relate_image_nm,m1_0.relate_image_path,m1_0.route_updated_at,m1_0.upper_menu_no from nmenuinfo m1_0 order by m1_0.upper_menu_no,m1_0.menu_ordr
2026-03-16 17:02:09 [http-nio-8080-exec-17] DEBUG o.s.orm.jpa.JpaTransactionManager - Found thread-bound EntityManager [SessionImpl(1529417687<open>)] for JPA transaction
2026-03-16 17:02:09 [http-nio-8080-exec-17] DEBUG o.s.orm.jpa.JpaTransactionManager - Participating in existing transaction
2026-03-16 17:02:09 [http-nio-8080-exec-17] DEBUG org.hibernate.SQL - select p1_0.progrm_file_nm,p1_0.progrm_dc,p1_0.progrm_korean_nm,p1_0.progrm_stre_path,p1_0.url from nprogrmlist p1_0
2026-03-16 17:02:10 [http-nio-8080-exec-17] DEBUG o.s.orm.jpa.JpaTransactionManager - Initiating transaction commit
2026-03-16 17:02:10 [http-nio-8080-exec-17] DEBUG o.s.orm.jpa.JpaTransactionManager - Committing JPA transaction on EntityManager [SessionImpl(1529417687<open>)]
2026-03-16 17:02:10 [http-nio-8080-exec-17] DEBUG o.s.orm.jpa.JpaTransactionManager - Closing JPA EntityManager [SessionImpl(1529417687<open>)] after transaction
2026-03-16 17:02:10 [http-nio-8080-exec-17] INFO  c.c.p.a.c.menu.MenuController - getLeftMenu returned 1 items
2026-03-16 17:02:10 [http-nio-8080-exec-17] DEBUG o.s.w.s.m.m.a.HttpEntityMethodProcessor - Using 'application/json', given [application/json, text/plain, */*] and supported [application/json, application/*+json, application/yaml]
2026-03-16 17:02:10 [http-nio-8080-exec-17] TRACE o.s.w.s.m.m.a.HttpEntityMethodProcessor - Writing [ApiResponse[success=true, status=200, code=COMMON_001, message=Success, data={list=[com.company.project.service.menu.dto.MenuDto@2da7d8bf]}, timestamp=2026-03-16T17:02:10.267546700]]
2026-03-16 17:02:10 [http-nio-8080-exec-17] INFO  c.c.p.a.i.OperationalAuditInterceptor - API Audit Log: URL=/api/v1/menu/left, User=webmaster, IP=127.0.0.1
2026-03-16 17:02:10 [http-nio-8080-exec-17] DEBUG o.s.web.servlet.DispatcherServlet - Completed 200 OK
2026-03-16 17:02:13 [http-nio-8080-exec-6] DEBUG c.c.p.s.jwt.JwtAuthenticationFilter - >>> [JwtFilter] Processing request: GET /api/v1/menu/head
2026-03-16 17:02:13 [http-nio-8080-exec-6] DEBUG c.c.p.s.jwt.JwtAuthenticationFilter - >>> [JwtFilter] Found token in header for path: /api/v1/menu/head
2026-03-16 17:02:13 [http-nio-8080-exec-6] DEBUG o.s.orm.jpa.JpaTransactionManager - Creating new transaction with name [com.company.project.security.iam.CustomUserDetailsService.loadUserByUsername]: PROPAGATION_REQUIRED,ISOLATION_DEFAULT,readOnly
2026-03-16 17:02:13 [http-nio-8080-exec-6] DEBUG o.s.orm.jpa.JpaTransactionManager - Opened new EntityManager [SessionImpl(1134066712<open>)] for JPA transaction
2026-03-16 17:02:13 [http-nio-8080-exec-6] DEBUG o.s.orm.jpa.JpaTransactionManager - Exposing JPA transaction as JDBC [org.springframework.orm.jpa.vendor.HibernateJpaDialect$HibernateConnectionHandle@74157bfa]
2026-03-16 17:02:13 [http-nio-8080-exec-6] DEBUG o.s.orm.jpa.JpaTransactionManager - Found thread-bound EntityManager [SessionImpl(1134066712<open>)] for JPA transaction
2026-03-16 17:02:13 [http-nio-8080-exec-6] DEBUG o.s.orm.jpa.JpaTransactionManager - Participating in existing transaction
2026-03-16 17:02:13 [http-nio-8080-exec-6] DEBUG org.hibernate.SQL - select u1_0.emplyr_id,u1_0.area_no,u1_0.brthdy,u1_0.chg_pwd_cnt,u1_0.frst_register_id,u1_0.frst_regist_pnttm,u1_0.detail_adres,u1_0.email_adres,u1_0.emplyr_sttus_code,u1_0.empl_no,u1_0.esntl_id,u1_0.fxnum,u1_0.group_id,u1_0.house_adres,u1_0.house_end_telno,u1_0.house_middle_telno,u1_0.ihidnum,u1_0.pstinst_code,u1_0.last_updusr_id,u1_0.last_updt_pnttm,u1_0.lock_at,u1_0.lock_cnt,u1_0.lock_last_pnttm,u1_0.mbtlnum,u1_0.ofcps_nm,u1_0.offm_telno,u1_0.orgnzt_id,u1_0.password,u1_0.password_cnsr,u1_0.password_hint,u1_0.chg_pwd_last_pnttm,u1_0.role,u1_0.sbscrb_de,u1_0.sexdstn_code,u1_0.crtfc_dn_value,u1_0.user_nm,u1_0.zip from nemplyrinfo u1_0 where u1_0.emplyr_id=?
2026-03-16 17:02:13 [http-nio-8080-exec-6] DEBUG o.s.orm.jpa.JpaTransactionManager - Found thread-bound EntityManager [SessionImpl(1134066712<open>)] for JPA transaction
2026-03-16 17:02:13 [http-nio-8080-exec-6] DEBUG o.s.orm.jpa.JpaTransactionManager - Participating in existing transaction
2026-03-16 17:02:13 [http-nio-8080-exec-6] DEBUG org.hibernate.SQL - select ua1_0.scrty_dtrmn_trget_id,ua1_0.author_code,ua1_0.frst_register_id,ua1_0.frst_regist_pnttm,ua1_0.last_updusr_id,ua1_0.last_updt_pnttm,ua1_0.mber_ty_code from nemplyrscrtyestbs ua1_0 where ua1_0.scrty_dtrmn_trget_id=?
2026-03-16 17:02:13 [http-nio-8080-exec-6] DEBUG o.s.orm.jpa.JpaTransactionManager - Initiating transaction commit
2026-03-16 17:02:13 [http-nio-8080-exec-6] DEBUG o.s.orm.jpa.JpaTransactionManager - Committing JPA transaction on EntityManager [SessionImpl(1134066712<open>)]
2026-03-16 17:02:13 [http-nio-8080-exec-6] DEBUG o.s.orm.jpa.JpaTransactionManager - Closing JPA EntityManager [SessionImpl(1134066712<open>)] after transaction
2026-03-16 17:02:13 [http-nio-8080-exec-6] DEBUG c.c.p.s.jwt.JwtAuthenticationFilter - >>> [JwtFilter] Successfully authenticated user: USRCNFRM_99999999999, Authorities: [ROLE_ADMIN]
2026-03-16 17:02:13 [http-nio-8080-exec-6] DEBUG o.s.web.servlet.DispatcherServlet - GET "/api/v1/menu/head", parameters={}
2026-03-16 17:02:13 [http-nio-8080-exec-6] TRACE o.s.w.s.m.m.a.RequestMappingHandlerMapping - Mapped to com.company.project.api.controller.menu.MenuController#getHeadMenu()
2026-03-16 17:02:13 [http-nio-8080-exec-6] INFO  c.c.p.a.c.menu.MenuController - getHeadMenu called
2026-03-16 17:02:13 [http-nio-8080-exec-6] INFO  c.c.p.a.c.menu.MenuController - getHeadMenu returned 5 items
2026-03-16 17:02:13 [http-nio-8080-exec-6] DEBUG o.s.w.s.m.m.a.HttpEntityMethodProcessor - Using 'application/json', given [application/json, text/plain, */*] and supported [application/json, application/*+json, application/yaml]
2026-03-16 17:02:13 [http-nio-8080-exec-6] TRACE o.s.w.s.m.m.a.HttpEntityMethodProcessor - Writing [ApiResponse[success=true, status=200, code=COMMON_001, message=Success, data={list=[com.company.project.service.menu.dto.MenuDto@2b80d6b0, com.company.project.service.menu.dto.MenuDto@1418cfa3, com.company.project.service.menu.dto.MenuDto@f230bf1, com.company.project.service.menu.dto.MenuDto@734a7f6a, com.company.project.service.menu.dto.MenuDto@5e5202e5]}, timestamp=2026-03-16T17:02:13.655848900]]
2026-03-16 17:02:13 [http-nio-8080-exec-6] INFO  c.c.p.a.i.OperationalAuditInterceptor - API Audit Log: URL=/api/v1/menu/head, User=webmaster, IP=0:0:0:0:0:0:0:1
2026-03-16 17:02:13 [http-nio-8080-exec-6] DEBUG o.s.web.servlet.DispatcherServlet - Completed 200 OK
2026-03-16 17:02:13 [http-nio-8080-exec-2] DEBUG c.c.p.s.jwt.JwtAuthenticationFilter - >>> [JwtFilter] Processing request: GET /api/v1/menu/left
2026-03-16 17:02:13 [http-nio-8080-exec-2] DEBUG c.c.p.s.jwt.JwtAuthenticationFilter - >>> [JwtFilter] Found token in header for path: /api/v1/menu/left
2026-03-16 17:02:13 [http-nio-8080-exec-2] DEBUG o.s.orm.jpa.JpaTransactionManager - Creating new transaction with name [com.company.project.security.iam.CustomUserDetailsService.loadUserByUsername]: PROPAGATION_REQUIRED,ISOLATION_DEFAULT,readOnly
2026-03-16 17:02:13 [http-nio-8080-exec-2] DEBUG o.s.orm.jpa.JpaTransactionManager - Opened new EntityManager [SessionImpl(132815199<open>)] for JPA transaction
2026-03-16 17:02:13 [http-nio-8080-exec-11] DEBUG c.c.p.s.jwt.JwtAuthenticationFilter - >>> [JwtFilter] Processing request: GET /api/v1/menu/left
2026-03-16 17:02:13 [http-nio-8080-exec-11] DEBUG c.c.p.s.jwt.JwtAuthenticationFilter - >>> [JwtFilter] Found token in header for path: /api/v1/menu/left
2026-03-16 17:02:13 [http-nio-8080-exec-11] DEBUG o.s.orm.jpa.JpaTransactionManager - Creating new transaction with name [com.company.project.security.iam.CustomUserDetailsService.loadUserByUsername]: PROPAGATION_REQUIRED,ISOLATION_DEFAULT,readOnly
2026-03-16 17:02:13 [http-nio-8080-exec-11] DEBUG o.s.orm.jpa.JpaTransactionManager - Opened new EntityManager [SessionImpl(1572181354<open>)] for JPA transaction
2026-03-16 17:02:13 [http-nio-8080-exec-19] DEBUG c.c.p.s.jwt.JwtAuthenticationFilter - >>> [JwtFilter] Processing request: GET /api/v1/menu/left
2026-03-16 17:02:13 [http-nio-8080-exec-19] DEBUG c.c.p.s.jwt.JwtAuthenticationFilter - >>> [JwtFilter] Found token in header for path: /api/v1/menu/left
2026-03-16 17:02:13 [http-nio-8080-exec-15] DEBUG c.c.p.s.jwt.JwtAuthenticationFilter - >>> [JwtFilter] Processing request: GET /api/v1/menu/left
2026-03-16 17:02:13 [http-nio-8080-exec-19] DEBUG o.s.orm.jpa.JpaTransactionManager - Creating new transaction with name [com.company.project.security.iam.CustomUserDetailsService.loadUserByUsername]: PROPAGATION_REQUIRED,ISOLATION_DEFAULT,readOnly
2026-03-16 17:02:13 [http-nio-8080-exec-10] DEBUG c.c.p.s.jwt.JwtAuthenticationFilter - >>> [JwtFilter] Processing request: GET /api/v1/menu/left
2026-03-16 17:02:13 [http-nio-8080-exec-15] DEBUG c.c.p.s.jwt.JwtAuthenticationFilter - >>> [JwtFilter] Found token in header for path: /api/v1/menu/left
2026-03-16 17:02:13 [http-nio-8080-exec-19] DEBUG o.s.orm.jpa.JpaTransactionManager - Opened new EntityManager [SessionImpl(971660630<open>)] for JPA transaction
2026-03-16 17:02:13 [http-nio-8080-exec-10] DEBUG c.c.p.s.jwt.JwtAuthenticationFilter - >>> [JwtFilter] Found token in header for path: /api/v1/menu/left
2026-03-16 17:02:13 [http-nio-8080-exec-10] DEBUG o.s.orm.jpa.JpaTransactionManager - Creating new transaction with name [com.company.project.security.iam.CustomUserDetailsService.loadUserByUsername]: PROPAGATION_REQUIRED,ISOLATION_DEFAULT,readOnly
2026-03-16 17:02:13 [http-nio-8080-exec-10] DEBUG o.s.orm.jpa.JpaTransactionManager - Opened new EntityManager [SessionImpl(2096144586<open>)] for JPA transaction
2026-03-16 17:02:13 [http-nio-8080-exec-10] DEBUG o.s.orm.jpa.JpaTransactionManager - Exposing JPA transaction as JDBC [org.springframework.orm.jpa.vendor.HibernateJpaDialect$HibernateConnectionHandle@1b9a454e]
2026-03-16 17:02:13 [http-nio-8080-exec-10] DEBUG o.s.orm.jpa.JpaTransactionManager - Found thread-bound EntityManager [SessionImpl(2096144586<open>)] for JPA transaction
2026-03-16 17:02:13 [http-nio-8080-exec-10] DEBUG o.s.orm.jpa.JpaTransactionManager - Participating in existing transaction
2026-03-16 17:02:13 [http-nio-8080-exec-15] DEBUG o.s.orm.jpa.JpaTransactionManager - Creating new transaction with name [com.company.project.security.iam.CustomUserDetailsService.loadUserByUsername]: PROPAGATION_REQUIRED,ISOLATION_DEFAULT,readOnly
2026-03-16 17:02:13 [http-nio-8080-exec-15] DEBUG o.s.orm.jpa.JpaTransactionManager - Opened new EntityManager [SessionImpl(1776865994<open>)] for JPA transaction
2026-03-16 17:02:13 [http-nio-8080-exec-10] DEBUG org.hibernate.SQL - select u1_0.emplyr_id,u1_0.area_no,u1_0.brthdy,u1_0.chg_pwd_cnt,u1_0.frst_register_id,u1_0.frst_regist_pnttm,u1_0.detail_adres,u1_0.email_adres,u1_0.emplyr_sttus_code,u1_0.empl_no,u1_0.esntl_id,u1_0.fxnum,u1_0.group_id,u1_0.house_adres,u1_0.house_end_telno,u1_0.house_middle_telno,u1_0.ihidnum,u1_0.pstinst_code,u1_0.last_updusr_id,u1_0.last_updt_pnttm,u1_0.lock_at,u1_0.lock_cnt,u1_0.lock_last_pnttm,u1_0.mbtlnum,u1_0.ofcps_nm,u1_0.offm_telno,u1_0.orgnzt_id,u1_0.password,u1_0.password_cnsr,u1_0.password_hint,u1_0.chg_pwd_last_pnttm,u1_0.role,u1_0.sbscrb_de,u1_0.sexdstn_code,u1_0.crtfc_dn_value,u1_0.user_nm,u1_0.zip from nemplyrinfo u1_0 where u1_0.emplyr_id=?
2026-03-16 17:02:13 [http-nio-8080-exec-19] DEBUG o.s.orm.jpa.JpaTransactionManager - Exposing JPA transaction as JDBC [org.springframework.orm.jpa.vendor.HibernateJpaDialect$HibernateConnectionHandle@58cba436]
2026-03-16 17:02:13 [http-nio-8080-exec-15] DEBUG o.s.orm.jpa.JpaTransactionManager - Exposing JPA transaction as JDBC [org.springframework.orm.jpa.vendor.HibernateJpaDialect$HibernateConnectionHandle@2eb9c7c8]
2026-03-16 17:02:13 [http-nio-8080-exec-19] DEBUG o.s.orm.jpa.JpaTransactionManager - Found thread-bound EntityManager [SessionImpl(971660630<open>)] for JPA transaction
2026-03-16 17:02:13 [http-nio-8080-exec-19] DEBUG o.s.orm.jpa.JpaTransactionManager - Participating in existing transaction
2026-03-16 17:02:13 [http-nio-8080-exec-15] DEBUG o.s.orm.jpa.JpaTransactionManager - Found thread-bound EntityManager [SessionImpl(1776865994<open>)] for JPA transaction
2026-03-16 17:02:13 [http-nio-8080-exec-15] DEBUG o.s.orm.jpa.JpaTransactionManager - Participating in existing transaction
2026-03-16 17:02:13 [http-nio-8080-exec-19] DEBUG org.hibernate.SQL - select u1_0.emplyr_id,u1_0.area_no,u1_0.brthdy,u1_0.chg_pwd_cnt,u1_0.frst_register_id,u1_0.frst_regist_pnttm,u1_0.detail_adres,u1_0.email_adres,u1_0.emplyr_sttus_code,u1_0.empl_no,u1_0.esntl_id,u1_0.fxnum,u1_0.group_id,u1_0.house_adres,u1_0.house_end_telno,u1_0.house_middle_telno,u1_0.ihidnum,u1_0.pstinst_code,u1_0.last_updusr_id,u1_0.last_updt_pnttm,u1_0.lock_at,u1_0.lock_cnt,u1_0.lock_last_pnttm,u1_0.mbtlnum,u1_0.ofcps_nm,u1_0.offm_telno,u1_0.orgnzt_id,u1_0.password,u1_0.password_cnsr,u1_0.password_hint,u1_0.chg_pwd_last_pnttm,u1_0.role,u1_0.sbscrb_de,u1_0.sexdstn_code,u1_0.crtfc_dn_value,u1_0.user_nm,u1_0.zip from nemplyrinfo u1_0 where u1_0.emplyr_id=?
2026-03-16 17:02:13 [http-nio-8080-exec-15] DEBUG org.hibernate.SQL - select u1_0.emplyr_id,u1_0.area_no,u1_0.brthdy,u1_0.chg_pwd_cnt,u1_0.frst_register_id,u1_0.frst_regist_pnttm,u1_0.detail_adres,u1_0.email_adres,u1_0.emplyr_sttus_code,u1_0.empl_no,u1_0.esntl_id,u1_0.fxnum,u1_0.group_id,u1_0.house_adres,u1_0.house_end_telno,u1_0.house_middle_telno,u1_0.ihidnum,u1_0.pstinst_code,u1_0.last_updusr_id,u1_0.last_updt_pnttm,u1_0.lock_at,u1_0.lock_cnt,u1_0.lock_last_pnttm,u1_0.mbtlnum,u1_0.ofcps_nm,u1_0.offm_telno,u1_0.orgnzt_id,u1_0.password,u1_0.password_cnsr,u1_0.password_hint,u1_0.chg_pwd_last_pnttm,u1_0.role,u1_0.sbscrb_de,u1_0.sexdstn_code,u1_0.crtfc_dn_value,u1_0.user_nm,u1_0.zip from nemplyrinfo u1_0 where u1_0.emplyr_id=?
2026-03-16 17:02:13 [http-nio-8080-exec-10] DEBUG o.s.orm.jpa.JpaTransactionManager - Found thread-bound EntityManager [SessionImpl(2096144586<open>)] for JPA transaction
2026-03-16 17:02:13 [http-nio-8080-exec-10] DEBUG o.s.orm.jpa.JpaTransactionManager - Participating in existing transaction
2026-03-16 17:02:13 [http-nio-8080-exec-10] DEBUG org.hibernate.SQL - select ua1_0.scrty_dtrmn_trget_id,ua1_0.author_code,ua1_0.frst_register_id,ua1_0.frst_regist_pnttm,ua1_0.last_updusr_id,ua1_0.last_updt_pnttm,ua1_0.mber_ty_code from nemplyrscrtyestbs ua1_0 where ua1_0.scrty_dtrmn_trget_id=?
2026-03-16 17:02:13 [http-nio-8080-exec-2] DEBUG o.s.orm.jpa.JpaTransactionManager - Exposing JPA transaction as JDBC [org.springframework.orm.jpa.vendor.HibernateJpaDialect$HibernateConnectionHandle@8175092]
2026-03-16 17:02:13 [http-nio-8080-exec-2] DEBUG o.s.orm.jpa.JpaTransactionManager - Found thread-bound EntityManager [SessionImpl(132815199<open>)] for JPA transaction
2026-03-16 17:02:13 [http-nio-8080-exec-2] DEBUG o.s.orm.jpa.JpaTransactionManager - Participating in existing transaction
2026-03-16 17:02:13 [http-nio-8080-exec-2] DEBUG org.hibernate.SQL - select u1_0.emplyr_id,u1_0.area_no,u1_0.brthdy,u1_0.chg_pwd_cnt,u1_0.frst_register_id,u1_0.frst_regist_pnttm,u1_0.detail_adres,u1_0.email_adres,u1_0.emplyr_sttus_code,u1_0.empl_no,u1_0.esntl_id,u1_0.fxnum,u1_0.group_id,u1_0.house_adres,u1_0.house_end_telno,u1_0.house_middle_telno,u1_0.ihidnum,u1_0.pstinst_code,u1_0.last_updusr_id,u1_0.last_updt_pnttm,u1_0.lock_at,u1_0.lock_cnt,u1_0.lock_last_pnttm,u1_0.mbtlnum,u1_0.ofcps_nm,u1_0.offm_telno,u1_0.orgnzt_id,u1_0.password,u1_0.password_cnsr,u1_0.password_hint,u1_0.chg_pwd_last_pnttm,u1_0.role,u1_0.sbscrb_de,u1_0.sexdstn_code,u1_0.crtfc_dn_value,u1_0.user_nm,u1_0.zip from nemplyrinfo u1_0 where u1_0.emplyr_id=?
2026-03-16 17:02:13 [http-nio-8080-exec-11] DEBUG o.s.orm.jpa.JpaTransactionManager - Exposing JPA transaction as JDBC [org.springframework.orm.jpa.vendor.HibernateJpaDialect$HibernateConnectionHandle@304ccb38]
2026-03-16 17:02:13 [http-nio-8080-exec-11] DEBUG o.s.orm.jpa.JpaTransactionManager - Found thread-bound EntityManager [SessionImpl(1572181354<open>)] for JPA transaction
2026-03-16 17:02:13 [http-nio-8080-exec-11] DEBUG o.s.orm.jpa.JpaTransactionManager - Participating in existing transaction
2026-03-16 17:02:13 [http-nio-8080-exec-11] DEBUG org.hibernate.SQL - select u1_0.emplyr_id,u1_0.area_no,u1_0.brthdy,u1_0.chg_pwd_cnt,u1_0.frst_register_id,u1_0.frst_regist_pnttm,u1_0.detail_adres,u1_0.email_adres,u1_0.emplyr_sttus_code,u1_0.empl_no,u1_0.esntl_id,u1_0.fxnum,u1_0.group_id,u1_0.house_adres,u1_0.house_end_telno,u1_0.house_middle_telno,u1_0.ihidnum,u1_0.pstinst_code,u1_0.last_updusr_id,u1_0.last_updt_pnttm,u1_0.lock_at,u1_0.lock_cnt,u1_0.lock_last_pnttm,u1_0.mbtlnum,u1_0.ofcps_nm,u1_0.offm_telno,u1_0.orgnzt_id,u1_0.password,u1_0.password_cnsr,u1_0.password_hint,u1_0.chg_pwd_last_pnttm,u1_0.role,u1_0.sbscrb_de,u1_0.sexdstn_code,u1_0.crtfc_dn_value,u1_0.user_nm,u1_0.zip from nemplyrinfo u1_0 where u1_0.emplyr_id=?
2026-03-16 17:02:13 [http-nio-8080-exec-10] DEBUG o.s.orm.jpa.JpaTransactionManager - Initiating transaction commit
2026-03-16 17:02:13 [http-nio-8080-exec-15] DEBUG o.s.orm.jpa.JpaTransactionManager - Found thread-bound EntityManager [SessionImpl(1776865994<open>)] for JPA transaction
2026-03-16 17:02:13 [http-nio-8080-exec-19] DEBUG o.s.orm.jpa.JpaTransactionManager - Found thread-bound EntityManager [SessionImpl(971660630<open>)] for JPA transaction
2026-03-16 17:02:13 [http-nio-8080-exec-10] DEBUG o.s.orm.jpa.JpaTransactionManager - Committing JPA transaction on EntityManager [SessionImpl(2096144586<open>)]
2026-03-16 17:02:13 [http-nio-8080-exec-15] DEBUG o.s.orm.jpa.JpaTransactionManager - Participating in existing transaction
2026-03-16 17:02:13 [http-nio-8080-exec-19] DEBUG o.s.orm.jpa.JpaTransactionManager - Participating in existing transaction
2026-03-16 17:02:13 [http-nio-8080-exec-15] DEBUG org.hibernate.SQL - select ua1_0.scrty_dtrmn_trget_id,ua1_0.author_code,ua1_0.frst_register_id,ua1_0.frst_regist_pnttm,ua1_0.last_updusr_id,ua1_0.last_updt_pnttm,ua1_0.mber_ty_code from nemplyrscrtyestbs ua1_0 where ua1_0.scrty_dtrmn_trget_id=?
2026-03-16 17:02:13 [http-nio-8080-exec-19] DEBUG org.hibernate.SQL - select ua1_0.scrty_dtrmn_trget_id,ua1_0.author_code,ua1_0.frst_register_id,ua1_0.frst_regist_pnttm,ua1_0.last_updusr_id,ua1_0.last_updt_pnttm,ua1_0.mber_ty_code from nemplyrscrtyestbs ua1_0 where ua1_0.scrty_dtrmn_trget_id=?
2026-03-16 17:02:13 [http-nio-8080-exec-2] DEBUG o.s.orm.jpa.JpaTransactionManager - Found thread-bound EntityManager [SessionImpl(132815199<open>)] for JPA transaction
2026-03-16 17:02:13 [http-nio-8080-exec-11] DEBUG o.s.orm.jpa.JpaTransactionManager - Found thread-bound EntityManager [SessionImpl(1572181354<open>)] for JPA transaction
2026-03-16 17:02:13 [http-nio-8080-exec-2] DEBUG o.s.orm.jpa.JpaTransactionManager - Participating in existing transaction
2026-03-16 17:02:13 [http-nio-8080-exec-11] DEBUG o.s.orm.jpa.JpaTransactionManager - Participating in existing transaction
2026-03-16 17:02:13 [http-nio-8080-exec-2] DEBUG org.hibernate.SQL - select ua1_0.scrty_dtrmn_trget_id,ua1_0.author_code,ua1_0.frst_register_id,ua1_0.frst_regist_pnttm,ua1_0.last_updusr_id,ua1_0.last_updt_pnttm,ua1_0.mber_ty_code from nemplyrscrtyestbs ua1_0 where ua1_0.scrty_dtrmn_trget_id=?
2026-03-16 17:02:13 [http-nio-8080-exec-11] DEBUG org.hibernate.SQL - select ua1_0.scrty_dtrmn_trget_id,ua1_0.author_code,ua1_0.frst_register_id,ua1_0.frst_regist_pnttm,ua1_0.last_updusr_id,ua1_0.last_updt_pnttm,ua1_0.mber_ty_code from nemplyrscrtyestbs ua1_0 where ua1_0.scrty_dtrmn_trget_id=?
2026-03-16 17:02:14 [http-nio-8080-exec-15] DEBUG o.s.orm.jpa.JpaTransactionManager - Initiating transaction commit
2026-03-16 17:02:14 [http-nio-8080-exec-15] DEBUG o.s.orm.jpa.JpaTransactionManager - Committing JPA transaction on EntityManager [SessionImpl(1776865994<open>)]
2026-03-16 17:02:14 [http-nio-8080-exec-10] DEBUG o.s.orm.jpa.JpaTransactionManager - Closing JPA EntityManager [SessionImpl(2096144586<open>)] after transaction
2026-03-16 17:02:14 [http-nio-8080-exec-19] DEBUG o.s.orm.jpa.JpaTransactionManager - Initiating transaction commit
2026-03-16 17:02:14 [http-nio-8080-exec-19] DEBUG o.s.orm.jpa.JpaTransactionManager - Committing JPA transaction on EntityManager [SessionImpl(971660630<open>)]
2026-03-16 17:02:14 [http-nio-8080-exec-10] DEBUG c.c.p.s.jwt.JwtAuthenticationFilter - >>> [JwtFilter] Successfully authenticated user: USRCNFRM_99999999999, Authorities: [ROLE_ADMIN]
2026-03-16 17:02:14 [http-nio-8080-exec-10] DEBUG o.s.web.servlet.DispatcherServlet - GET "/api/v1/menu/left?menuNo=60", parameters={masked}
2026-03-16 17:02:14 [http-nio-8080-exec-10] TRACE o.s.w.s.m.m.a.RequestMappingHandlerMapping - Mapped to com.company.project.api.controller.menu.MenuController#getLeftMenu(Long)
2026-03-16 17:02:14 [http-nio-8080-exec-10] INFO  c.c.p.a.c.menu.MenuController - getLeftMenu called with menuNo=60
2026-03-16 17:02:14 [http-nio-8080-exec-10] DEBUG o.s.orm.jpa.JpaTransactionManager - Creating new transaction with name [com.company.project.service.menu.MenuService.getSubMenus]: PROPAGATION_REQUIRED,ISOLATION_DEFAULT,readOnly
2026-03-16 17:02:14 [http-nio-8080-exec-10] DEBUG o.s.orm.jpa.JpaTransactionManager - Opened new EntityManager [SessionImpl(1675877754<open>)] for JPA transaction
2026-03-16 17:02:14 [http-nio-8080-exec-10] DEBUG o.s.orm.jpa.JpaTransactionManager - Exposing JPA transaction as JDBC [org.springframework.orm.jpa.vendor.HibernateJpaDialect$HibernateConnectionHandle@7f988d7d]
2026-03-16 17:02:14 [http-nio-8080-exec-10] DEBUG org.hibernate.SQL - select m1_0.menu_no,m1_0.menu_dc,m1_0.menu_nm,m1_0.menu_ordr,m1_0.modern_route,m1_0.progrm_file_nm,m1_0.relate_image_nm,m1_0.relate_image_path,m1_0.route_updated_at,m1_0.upper_menu_no from nmenuinfo m1_0 order by m1_0.upper_menu_no,m1_0.menu_ordr
2026-03-16 17:02:14 [http-nio-8080-exec-2] DEBUG o.s.orm.jpa.JpaTransactionManager - Initiating transaction commit
2026-03-16 17:02:14 [http-nio-8080-exec-11] DEBUG o.s.orm.jpa.JpaTransactionManager - Initiating transaction commit
2026-03-16 17:02:14 [http-nio-8080-exec-2] DEBUG o.s.orm.jpa.JpaTransactionManager - Committing JPA transaction on EntityManager [SessionImpl(132815199<open>)]
2026-03-16 17:02:14 [http-nio-8080-exec-11] DEBUG o.s.orm.jpa.JpaTransactionManager - Committing JPA transaction on EntityManager [SessionImpl(1572181354<open>)]
2026-03-16 17:02:14 [http-nio-8080-exec-19] DEBUG o.s.orm.jpa.JpaTransactionManager - Closing JPA EntityManager [SessionImpl(971660630<open>)] after transaction
2026-03-16 17:02:14 [http-nio-8080-exec-19] DEBUG c.c.p.s.jwt.JwtAuthenticationFilter - >>> [JwtFilter] Successfully authenticated user: USRCNFRM_99999999999, Authorities: [ROLE_ADMIN]
2026-03-16 17:02:14 [http-nio-8080-exec-15] DEBUG o.s.orm.jpa.JpaTransactionManager - Closing JPA EntityManager [SessionImpl(1776865994<open>)] after transaction
2026-03-16 17:02:14 [http-nio-8080-exec-15] DEBUG c.c.p.s.jwt.JwtAuthenticationFilter - >>> [JwtFilter] Successfully authenticated user: USRCNFRM_99999999999, Authorities: [ROLE_ADMIN]
2026-03-16 17:02:14 [http-nio-8080-exec-19] DEBUG o.s.web.servlet.DispatcherServlet - GET "/api/v1/menu/left?menuNo=40", parameters={masked}
2026-03-16 17:02:14 [http-nio-8080-exec-15] DEBUG o.s.web.servlet.DispatcherServlet - GET "/api/v1/menu/left?menuNo=50", parameters={masked}
2026-03-16 17:02:14 [http-nio-8080-exec-19] TRACE o.s.w.s.m.m.a.RequestMappingHandlerMapping - Mapped to com.company.project.api.controller.menu.MenuController#getLeftMenu(Long)
2026-03-16 17:02:14 [http-nio-8080-exec-15] TRACE o.s.w.s.m.m.a.RequestMappingHandlerMapping - Mapped to com.company.project.api.controller.menu.MenuController#getLeftMenu(Long)
2026-03-16 17:02:14 [http-nio-8080-exec-19] INFO  c.c.p.a.c.menu.MenuController - getLeftMenu called with menuNo=40
2026-03-16 17:02:14 [http-nio-8080-exec-15] INFO  c.c.p.a.c.menu.MenuController - getLeftMenu called with menuNo=50
2026-03-16 17:02:14 [http-nio-8080-exec-15] DEBUG o.s.orm.jpa.JpaTransactionManager - Creating new transaction with name [com.company.project.service.menu.MenuService.getSubMenus]: PROPAGATION_REQUIRED,ISOLATION_DEFAULT,readOnly
2026-03-16 17:02:14 [http-nio-8080-exec-19] DEBUG o.s.orm.jpa.JpaTransactionManager - Creating new transaction with name [com.company.project.service.menu.MenuService.getSubMenus]: PROPAGATION_REQUIRED,ISOLATION_DEFAULT,readOnly
2026-03-16 17:02:14 [http-nio-8080-exec-15] DEBUG o.s.orm.jpa.JpaTransactionManager - Opened new EntityManager [SessionImpl(2058998779<open>)] for JPA transaction
2026-03-16 17:02:14 [http-nio-8080-exec-19] DEBUG o.s.orm.jpa.JpaTransactionManager - Opened new EntityManager [SessionImpl(1834775764<open>)] for JPA transaction
2026-03-16 17:02:14 [http-nio-8080-exec-15] DEBUG o.s.orm.jpa.JpaTransactionManager - Exposing JPA transaction as JDBC [org.springframework.orm.jpa.vendor.HibernateJpaDialect$HibernateConnectionHandle@e6710f1]
2026-03-16 17:02:14 [http-nio-8080-exec-19] DEBUG o.s.orm.jpa.JpaTransactionManager - Exposing JPA transaction as JDBC [org.springframework.orm.jpa.vendor.HibernateJpaDialect$HibernateConnectionHandle@3b752a7d]
2026-03-16 17:02:14 [http-nio-8080-exec-15] DEBUG org.hibernate.SQL - select m1_0.menu_no,m1_0.menu_dc,m1_0.menu_nm,m1_0.menu_ordr,m1_0.modern_route,m1_0.progrm_file_nm,m1_0.relate_image_nm,m1_0.relate_image_path,m1_0.route_updated_at,m1_0.upper_menu_no from nmenuinfo m1_0 order by m1_0.upper_menu_no,m1_0.menu_ordr
2026-03-16 17:02:14 [http-nio-8080-exec-19] DEBUG org.hibernate.SQL - select m1_0.menu_no,m1_0.menu_dc,m1_0.menu_nm,m1_0.menu_ordr,m1_0.modern_route,m1_0.progrm_file_nm,m1_0.relate_image_nm,m1_0.relate_image_path,m1_0.route_updated_at,m1_0.upper_menu_no from nmenuinfo m1_0 order by m1_0.upper_menu_no,m1_0.menu_ordr
2026-03-16 17:02:14 [http-nio-8080-exec-11] DEBUG o.s.orm.jpa.JpaTransactionManager - Closing JPA EntityManager [SessionImpl(1572181354<open>)] after transaction
2026-03-16 17:02:14 [http-nio-8080-exec-2] DEBUG o.s.orm.jpa.JpaTransactionManager - Closing JPA EntityManager [SessionImpl(132815199<open>)] after transaction
2026-03-16 17:02:14 [http-nio-8080-exec-11] DEBUG c.c.p.s.jwt.JwtAuthenticationFilter - >>> [JwtFilter] Successfully authenticated user: USRCNFRM_99999999999, Authorities: [ROLE_ADMIN]
2026-03-16 17:02:14 [http-nio-8080-exec-2] DEBUG c.c.p.s.jwt.JwtAuthenticationFilter - >>> [JwtFilter] Successfully authenticated user: USRCNFRM_99999999999, Authorities: [ROLE_ADMIN]
2026-03-16 17:02:14 [http-nio-8080-exec-11] DEBUG o.s.web.servlet.DispatcherServlet - GET "/api/v1/menu/left?menuNo=20", parameters={masked}
2026-03-16 17:02:14 [http-nio-8080-exec-2] DEBUG o.s.web.servlet.DispatcherServlet - GET "/api/v1/menu/left?menuNo=10", parameters={masked}
2026-03-16 17:02:14 [http-nio-8080-exec-11] TRACE o.s.w.s.m.m.a.RequestMappingHandlerMapping - Mapped to com.company.project.api.controller.menu.MenuController#getLeftMenu(Long)
2026-03-16 17:02:14 [http-nio-8080-exec-2] TRACE o.s.w.s.m.m.a.RequestMappingHandlerMapping - Mapped to com.company.project.api.controller.menu.MenuController#getLeftMenu(Long)
2026-03-16 17:02:14 [http-nio-8080-exec-2] INFO  c.c.p.a.c.menu.MenuController - getLeftMenu called with menuNo=10
2026-03-16 17:02:14 [http-nio-8080-exec-2] DEBUG o.s.orm.jpa.JpaTransactionManager - Creating new transaction with name [com.company.project.service.menu.MenuService.getSubMenus]: PROPAGATION_REQUIRED,ISOLATION_DEFAULT,readOnly
2026-03-16 17:02:14 [http-nio-8080-exec-11] INFO  c.c.p.a.c.menu.MenuController - getLeftMenu called with menuNo=20
2026-03-16 17:02:14 [http-nio-8080-exec-2] DEBUG o.s.orm.jpa.JpaTransactionManager - Opened new EntityManager [SessionImpl(588605482<open>)] for JPA transaction
2026-03-16 17:02:14 [http-nio-8080-exec-11] DEBUG o.s.orm.jpa.JpaTransactionManager - Creating new transaction with name [com.company.project.service.menu.MenuService.getSubMenus]: PROPAGATION_REQUIRED,ISOLATION_DEFAULT,readOnly
2026-03-16 17:02:14 [http-nio-8080-exec-2] DEBUG o.s.orm.jpa.JpaTransactionManager - Exposing JPA transaction as JDBC [org.springframework.orm.jpa.vendor.HibernateJpaDialect$HibernateConnectionHandle@3fb084c6]
2026-03-16 17:02:14 [http-nio-8080-exec-11] DEBUG o.s.orm.jpa.JpaTransactionManager - Opened new EntityManager [SessionImpl(1418114150<open>)] for JPA transaction
2026-03-16 17:02:14 [http-nio-8080-exec-11] DEBUG o.s.orm.jpa.JpaTransactionManager - Exposing JPA transaction as JDBC [org.springframework.orm.jpa.vendor.HibernateJpaDialect$HibernateConnectionHandle@69e5dfb6]
2026-03-16 17:02:14 [http-nio-8080-exec-11] DEBUG org.hibernate.SQL - select m1_0.menu_no,m1_0.menu_dc,m1_0.menu_nm,m1_0.menu_ordr,m1_0.modern_route,m1_0.progrm_file_nm,m1_0.relate_image_nm,m1_0.relate_image_path,m1_0.route_updated_at,m1_0.upper_menu_no from nmenuinfo m1_0 order by m1_0.upper_menu_no,m1_0.menu_ordr
2026-03-16 17:02:14 [http-nio-8080-exec-2] DEBUG org.hibernate.SQL - select m1_0.menu_no,m1_0.menu_dc,m1_0.menu_nm,m1_0.menu_ordr,m1_0.modern_route,m1_0.progrm_file_nm,m1_0.relate_image_nm,m1_0.relate_image_path,m1_0.route_updated_at,m1_0.upper_menu_no from nmenuinfo m1_0 order by m1_0.upper_menu_no,m1_0.menu_ordr
2026-03-16 17:02:14 [http-nio-8080-exec-10] DEBUG o.s.orm.jpa.JpaTransactionManager - Found thread-bound EntityManager [SessionImpl(1675877754<open>)] for JPA transaction
2026-03-16 17:02:14 [http-nio-8080-exec-10] DEBUG o.s.orm.jpa.JpaTransactionManager - Participating in existing transaction
2026-03-16 17:02:14 [http-nio-8080-exec-10] DEBUG org.hibernate.SQL - select p1_0.progrm_file_nm,p1_0.progrm_dc,p1_0.progrm_korean_nm,p1_0.progrm_stre_path,p1_0.url from nprogrmlist p1_0
2026-03-16 17:02:14 [http-nio-8080-exec-15] DEBUG o.s.orm.jpa.JpaTransactionManager - Found thread-bound EntityManager [SessionImpl(2058998779<open>)] for JPA transaction
2026-03-16 17:02:14 [http-nio-8080-exec-15] DEBUG o.s.orm.jpa.JpaTransactionManager - Participating in existing transaction
2026-03-16 17:02:14 [http-nio-8080-exec-15] DEBUG org.hibernate.SQL - select p1_0.progrm_file_nm,p1_0.progrm_dc,p1_0.progrm_korean_nm,p1_0.progrm_stre_path,p1_0.url from nprogrmlist p1_0
2026-03-16 17:02:14 [http-nio-8080-exec-19] DEBUG o.s.orm.jpa.JpaTransactionManager - Found thread-bound EntityManager [SessionImpl(1834775764<open>)] for JPA transaction
2026-03-16 17:02:14 [http-nio-8080-exec-19] DEBUG o.s.orm.jpa.JpaTransactionManager - Participating in existing transaction
2026-03-16 17:02:14 [http-nio-8080-exec-19] DEBUG org.hibernate.SQL - select p1_0.progrm_file_nm,p1_0.progrm_dc,p1_0.progrm_korean_nm,p1_0.progrm_stre_path,p1_0.url from nprogrmlist p1_0
2026-03-16 17:02:14 [http-nio-8080-exec-11] DEBUG o.s.orm.jpa.JpaTransactionManager - Found thread-bound EntityManager [SessionImpl(1418114150<open>)] for JPA transaction
2026-03-16 17:02:14 [http-nio-8080-exec-11] DEBUG o.s.orm.jpa.JpaTransactionManager - Participating in existing transaction
2026-03-16 17:02:14 [http-nio-8080-exec-11] DEBUG org.hibernate.SQL - select p1_0.progrm_file_nm,p1_0.progrm_dc,p1_0.progrm_korean_nm,p1_0.progrm_stre_path,p1_0.url from nprogrmlist p1_0
2026-03-16 17:02:14 [http-nio-8080-exec-2] DEBUG o.s.orm.jpa.JpaTransactionManager - Found thread-bound EntityManager [SessionImpl(588605482<open>)] for JPA transaction
2026-03-16 17:02:14 [http-nio-8080-exec-2] DEBUG o.s.orm.jpa.JpaTransactionManager - Participating in existing transaction
2026-03-16 17:02:14 [http-nio-8080-exec-2] DEBUG org.hibernate.SQL - select p1_0.progrm_file_nm,p1_0.progrm_dc,p1_0.progrm_korean_nm,p1_0.progrm_stre_path,p1_0.url from nprogrmlist p1_0
2026-03-16 17:02:14 [http-nio-8080-exec-15] DEBUG o.s.orm.jpa.JpaTransactionManager - Initiating transaction commit
2026-03-16 17:02:14 [http-nio-8080-exec-15] DEBUG o.s.orm.jpa.JpaTransactionManager - Committing JPA transaction on EntityManager [SessionImpl(2058998779<open>)]
2026-03-16 17:02:14 [http-nio-8080-exec-10] DEBUG o.s.orm.jpa.JpaTransactionManager - Initiating transaction commit
2026-03-16 17:02:14 [http-nio-8080-exec-10] DEBUG o.s.orm.jpa.JpaTransactionManager - Committing JPA transaction on EntityManager [SessionImpl(1675877754<open>)]
2026-03-16 17:02:14 [http-nio-8080-exec-19] DEBUG o.s.orm.jpa.JpaTransactionManager - Initiating transaction commit
2026-03-16 17:02:14 [http-nio-8080-exec-19] DEBUG o.s.orm.jpa.JpaTransactionManager - Committing JPA transaction on EntityManager [SessionImpl(1834775764<open>)]
2026-03-16 17:02:14 [http-nio-8080-exec-11] DEBUG o.s.orm.jpa.JpaTransactionManager - Initiating transaction commit
2026-03-16 17:02:14 [http-nio-8080-exec-11] DEBUG o.s.orm.jpa.JpaTransactionManager - Committing JPA transaction on EntityManager [SessionImpl(1418114150<open>)]
2026-03-16 17:02:14 [http-nio-8080-exec-15] DEBUG o.s.orm.jpa.JpaTransactionManager - Closing JPA EntityManager [SessionImpl(2058998779<open>)] after transaction
2026-03-16 17:02:14 [http-nio-8080-exec-15] INFO  c.c.p.a.c.menu.MenuController - getLeftMenu returned 3 items
2026-03-16 17:02:14 [http-nio-8080-exec-15] DEBUG o.s.w.s.m.m.a.HttpEntityMethodProcessor - Using 'application/json', given [application/json, text/plain, */*] and supported [application/json, application/*+json, application/yaml]
2026-03-16 17:02:14 [http-nio-8080-exec-15] TRACE o.s.w.s.m.m.a.HttpEntityMethodProcessor - Writing [ApiResponse[success=true, status=200, code=COMMON_001, message=Success, data={list=[com.company.project.service.menu.dto.MenuDto@47c5181d, com.company.project.service.menu.dto.MenuDto@2112b8f4, com.company.project.service.menu.dto.MenuDto@2e17bf91]}, timestamp=2026-03-16T17:02:14.879780400]]
2026-03-16 17:02:14 [http-nio-8080-exec-10] DEBUG o.s.orm.jpa.JpaTransactionManager - Closing JPA EntityManager [SessionImpl(1675877754<open>)] after transaction
2026-03-16 17:02:14 [http-nio-8080-exec-19] DEBUG o.s.orm.jpa.JpaTransactionManager - Closing JPA EntityManager [SessionImpl(1834775764<open>)] after transaction
2026-03-16 17:02:14 [http-nio-8080-exec-15] INFO  c.c.p.a.i.OperationalAuditInterceptor - API Audit Log: URL=/api/v1/menu/left, User=webmaster, IP=0:0:0:0:0:0:0:1
2026-03-16 17:02:14 [http-nio-8080-exec-10] INFO  c.c.p.a.c.menu.MenuController - getLeftMenu returned 1 items
2026-03-16 17:02:14 [http-nio-8080-exec-15] DEBUG o.s.web.servlet.DispatcherServlet - Completed 200 OK
2026-03-16 17:02:14 [http-nio-8080-exec-19] INFO  c.c.p.a.c.menu.MenuController - getLeftMenu returned 2 items
2026-03-16 17:02:14 [http-nio-8080-exec-19] DEBUG o.s.w.s.m.m.a.HttpEntityMethodProcessor - Using 'application/json', given [application/json, text/plain, */*] and supported [application/json, application/*+json, application/yaml]
2026-03-16 17:02:14 [http-nio-8080-exec-10] DEBUG o.s.w.s.m.m.a.HttpEntityMethodProcessor - Using 'application/json', given [application/json, text/plain, */*] and supported [application/json, application/*+json, application/yaml]
2026-03-16 17:02:14 [http-nio-8080-exec-19] TRACE o.s.w.s.m.m.a.HttpEntityMethodProcessor - Writing [ApiResponse[success=true, status=200, code=COMMON_001, message=Success, data={list=[com.company.project.service.menu.dto.MenuDto@216ab653, com.company.project.service.menu.dto.MenuDto@1b6d208c]}, timestamp=2026-03-16T17:02:14.881473500]]
2026-03-16 17:02:14 [http-nio-8080-exec-10] TRACE o.s.w.s.m.m.a.HttpEntityMethodProcessor - Writing [ApiResponse[success=true, status=200, code=COMMON_001, message=Success, data={list=[com.company.project.service.menu.dto.MenuDto@1ecc675a]}, timestamp=2026-03-16T17:02:14.881473500]]
2026-03-16 17:02:14 [http-nio-8080-exec-10] INFO  c.c.p.a.i.OperationalAuditInterceptor - API Audit Log: URL=/api/v1/menu/left, User=webmaster, IP=0:0:0:0:0:0:0:1
2026-03-16 17:02:14 [http-nio-8080-exec-19] INFO  c.c.p.a.i.OperationalAuditInterceptor - API Audit Log: URL=/api/v1/menu/left, User=webmaster, IP=0:0:0:0:0:0:0:1
2026-03-16 17:02:14 [http-nio-8080-exec-10] DEBUG o.s.web.servlet.DispatcherServlet - Completed 200 OK
2026-03-16 17:02:14 [http-nio-8080-exec-19] DEBUG o.s.web.servlet.DispatcherServlet - Completed 200 OK
2026-03-16 17:02:14 [http-nio-8080-exec-2] DEBUG o.s.orm.jpa.JpaTransactionManager - Initiating transaction commit
2026-03-16 17:02:14 [http-nio-8080-exec-2] DEBUG o.s.orm.jpa.JpaTransactionManager - Committing JPA transaction on EntityManager [SessionImpl(588605482<open>)]
2026-03-16 17:02:14 [http-nio-8080-exec-11] DEBUG o.s.orm.jpa.JpaTransactionManager - Closing JPA EntityManager [SessionImpl(1418114150<open>)] after transaction
2026-03-16 17:02:14 [http-nio-8080-exec-11] INFO  c.c.p.a.c.menu.MenuController - getLeftMenu returned 3 items
2026-03-16 17:02:14 [http-nio-8080-exec-11] DEBUG o.s.w.s.m.m.a.HttpEntityMethodProcessor - Using 'application/json', given [application/json, text/plain, */*] and supported [application/json, application/*+json, application/yaml]
2026-03-16 17:02:14 [http-nio-8080-exec-11] TRACE o.s.w.s.m.m.a.HttpEntityMethodProcessor - Writing [ApiResponse[success=true, status=200, code=COMMON_001, message=Success, data={list=[com.company.project.service.menu.dto.MenuDto@7d67d9bf, com.company.project.service.menu.dto.MenuDto@2dfcb3b8, com.company.project.service.menu.dto.MenuDto@68aadccd]}, timestamp=2026-03-16T17:02:14.918088100]]
2026-03-16 17:02:14 [http-nio-8080-exec-11] INFO  c.c.p.a.i.OperationalAuditInterceptor - API Audit Log: URL=/api/v1/menu/left, User=webmaster, IP=0:0:0:0:0:0:0:1
2026-03-16 17:02:14 [http-nio-8080-exec-11] DEBUG o.s.web.servlet.DispatcherServlet - Completed 200 OK
2026-03-16 17:02:15 [http-nio-8080-exec-2] DEBUG o.s.orm.jpa.JpaTransactionManager - Closing JPA EntityManager [SessionImpl(588605482<open>)] after transaction
2026-03-16 17:02:15 [http-nio-8080-exec-2] INFO  c.c.p.a.c.menu.MenuController - getLeftMenu returned 5 items
2026-03-16 17:02:15 [http-nio-8080-exec-2] DEBUG o.s.w.s.m.m.a.HttpEntityMethodProcessor - Using 'application/json', given [application/json, text/plain, */*] and supported [application/json, application/*+json, application/yaml]
2026-03-16 17:02:15 [http-nio-8080-exec-2] TRACE o.s.w.s.m.m.a.HttpEntityMethodProcessor - Writing [ApiResponse[success=true, status=200, code=COMMON_001, message=Success, data={list=[com.company.project.service.menu.dto.MenuDto@5f5304bf, com.company.project.service.menu.dto.MenuDto@1161108a, com.company.project.service.menu.dto.MenuDto@74539dbf, com.company.project.service.menu.dto.MenuDto@1b259c21, com.company.project.service.menu.dto.MenuDto@5c940506]}, timestamp=2026-03-16T17:02:15.072423100]]
2026-03-16 17:02:15 [http-nio-8080-exec-2] INFO  c.c.p.a.i.OperationalAuditInterceptor - API Audit Log: URL=/api/v1/menu/left, User=webmaster, IP=0:0:0:0:0:0:0:1
2026-03-16 17:02:15 [http-nio-8080-exec-2] DEBUG o.s.web.servlet.DispatcherServlet - Completed 200 OK
2026-03-16 17:02:15 [http-nio-8080-exec-3] DEBUG o.s.w.s.h.LoggingWebSocketHandlerDecorator - WebSocketServerSockJsSession[id=jgmlplyj] closed with CloseStatus[code=1000, reason=null]
2026-03-16 17:02:15 [http-nio-8080-exec-3] DEBUG o.s.w.s.m.SubProtocolWebSocketHandler - Clearing session jgmlplyj
2026-03-16 17:02:15 [scheduling-1] DEBUG org.springframework.web.SimpLogging - Processing DISCONNECT session=jgmlplyj
2026-03-16 17:02:15 [scheduling-1] DEBUG o.s.w.s.m.SubProtocolWebSocketHandler - No session for GenericMessage [payload=byte[0], headers={simpMessageType=DISCONNECT_ACK, simpDisconnectMessage=GenericMessage [payload=byte[0], headers={simpMessageType=DISCONNECT, stompCommand=DISCONNECT, simpSessionAttributes={org.springframework.messaging.simp.SimpAttributes.COMPLETED=true}, simpSessionId=jgmlplyj}], simpSessionId=jgmlplyj}]
2026-03-16 17:02:15 [http-nio-8080-exec-12] DEBUG c.c.p.s.jwt.JwtAuthenticationFilter - >>> [JwtFilter] Processing request: GET /api/v1/menu/left
2026-03-16 17:02:15 [http-nio-8080-exec-12] DEBUG c.c.p.s.jwt.JwtAuthenticationFilter - >>> [JwtFilter] Found token in header for path: /api/v1/menu/left
2026-03-16 17:02:15 [http-nio-8080-exec-12] DEBUG o.s.orm.jpa.JpaTransactionManager - Creating new transaction with name [com.company.project.security.iam.CustomUserDetailsService.loadUserByUsername]: PROPAGATION_REQUIRED,ISOLATION_DEFAULT,readOnly
2026-03-16 17:02:15 [http-nio-8080-exec-12] DEBUG o.s.orm.jpa.JpaTransactionManager - Opened new EntityManager [SessionImpl(442630088<open>)] for JPA transaction
2026-03-16 17:02:15 [http-nio-8080-exec-18] DEBUG c.c.p.s.jwt.JwtAuthenticationFilter - >>> [JwtFilter] Processing request: GET /api/v1/menu/head
2026-03-16 17:02:15 [http-nio-8080-exec-8] DEBUG c.c.p.s.jwt.JwtAuthenticationFilter - >>> [JwtFilter] Processing request: GET /api/v1/auth/me
2026-03-16 17:02:15 [http-nio-8080-exec-18] DEBUG c.c.p.s.jwt.JwtAuthenticationFilter - >>> [JwtFilter] Found token in header for path: /api/v1/menu/head
2026-03-16 17:02:15 [http-nio-8080-exec-8] DEBUG c.c.p.s.jwt.JwtAuthenticationFilter - >>> [JwtFilter] Found token in header for path: /api/v1/auth/me
2026-03-16 17:02:15 [http-nio-8080-exec-8] DEBUG o.s.orm.jpa.JpaTransactionManager - Creating new transaction with name [com.company.project.security.iam.CustomUserDetailsService.loadUserByUsername]: PROPAGATION_REQUIRED,ISOLATION_DEFAULT,readOnly
2026-03-16 17:02:15 [http-nio-8080-exec-18] DEBUG o.s.orm.jpa.JpaTransactionManager - Creating new transaction with name [com.company.project.security.iam.CustomUserDetailsService.loadUserByUsername]: PROPAGATION_REQUIRED,ISOLATION_DEFAULT,readOnly
2026-03-16 17:02:15 [http-nio-8080-exec-8] DEBUG o.s.orm.jpa.JpaTransactionManager - Opened new EntityManager [SessionImpl(1596161613<open>)] for JPA transaction
2026-03-16 17:02:15 [http-nio-8080-exec-18] DEBUG o.s.orm.jpa.JpaTransactionManager - Opened new EntityManager [SessionImpl(1244140692<open>)] for JPA transaction
2026-03-16 17:02:15 [http-nio-8080-exec-1] DEBUG c.c.p.s.jwt.JwtAuthenticationFilter - >>> [JwtFilter] Processing request: GET /api/v1/api/v1/surveys
2026-03-16 17:02:15 [http-nio-8080-exec-1] DEBUG c.c.p.s.jwt.JwtAuthenticationFilter - >>> [JwtFilter] Found token in header for path: /api/v1/api/v1/surveys
2026-03-16 17:02:15 [http-nio-8080-exec-1] DEBUG o.s.orm.jpa.JpaTransactionManager - Creating new transaction with name [com.company.project.security.iam.CustomUserDetailsService.loadUserByUsername]: PROPAGATION_REQUIRED,ISOLATION_DEFAULT,readOnly
2026-03-16 17:02:15 [http-nio-8080-exec-1] DEBUG o.s.orm.jpa.JpaTransactionManager - Opened new EntityManager [SessionImpl(299642981<open>)] for JPA transaction
2026-03-16 17:02:15 [http-nio-8080-exec-8] DEBUG o.s.orm.jpa.JpaTransactionManager - Exposing JPA transaction as JDBC [org.springframework.orm.jpa.vendor.HibernateJpaDialect$HibernateConnectionHandle@53cd3720]
2026-03-16 17:02:15 [http-nio-8080-exec-1] DEBUG o.s.orm.jpa.JpaTransactionManager - Exposing JPA transaction as JDBC [org.springframework.orm.jpa.vendor.HibernateJpaDialect$HibernateConnectionHandle@3776b34f]
2026-03-16 17:02:15 [http-nio-8080-exec-8] DEBUG o.s.orm.jpa.JpaTransactionManager - Found thread-bound EntityManager [SessionImpl(1596161613<open>)] for JPA transaction
2026-03-16 17:02:15 [http-nio-8080-exec-8] DEBUG o.s.orm.jpa.JpaTransactionManager - Participating in existing transaction
2026-03-16 17:02:15 [http-nio-8080-exec-1] DEBUG o.s.orm.jpa.JpaTransactionManager - Found thread-bound EntityManager [SessionImpl(299642981<open>)] for JPA transaction
2026-03-16 17:02:15 [http-nio-8080-exec-1] DEBUG o.s.orm.jpa.JpaTransactionManager - Participating in existing transaction
2026-03-16 17:02:15 [http-nio-8080-exec-8] DEBUG org.hibernate.SQL - select u1_0.emplyr_id,u1_0.area_no,u1_0.brthdy,u1_0.chg_pwd_cnt,u1_0.frst_register_id,u1_0.frst_regist_pnttm,u1_0.detail_adres,u1_0.email_adres,u1_0.emplyr_sttus_code,u1_0.empl_no,u1_0.esntl_id,u1_0.fxnum,u1_0.group_id,u1_0.house_adres,u1_0.house_end_telno,u1_0.house_middle_telno,u1_0.ihidnum,u1_0.pstinst_code,u1_0.last_updusr_id,u1_0.last_updt_pnttm,u1_0.lock_at,u1_0.lock_cnt,u1_0.lock_last_pnttm,u1_0.mbtlnum,u1_0.ofcps_nm,u1_0.offm_telno,u1_0.orgnzt_id,u1_0.password,u1_0.password_cnsr,u1_0.password_hint,u1_0.chg_pwd_last_pnttm,u1_0.role,u1_0.sbscrb_de,u1_0.sexdstn_code,u1_0.crtfc_dn_value,u1_0.user_nm,u1_0.zip from nemplyrinfo u1_0 where u1_0.emplyr_id=?
2026-03-16 17:02:15 [http-nio-8080-exec-1] DEBUG org.hibernate.SQL - select u1_0.emplyr_id,u1_0.area_no,u1_0.brthdy,u1_0.chg_pwd_cnt,u1_0.frst_register_id,u1_0.frst_regist_pnttm,u1_0.detail_adres,u1_0.email_adres,u1_0.emplyr_sttus_code,u1_0.empl_no,u1_0.esntl_id,u1_0.fxnum,u1_0.group_id,u1_0.house_adres,u1_0.house_end_telno,u1_0.house_middle_telno,u1_0.ihidnum,u1_0.pstinst_code,u1_0.last_updusr_id,u1_0.last_updt_pnttm,u1_0.lock_at,u1_0.lock_cnt,u1_0.lock_last_pnttm,u1_0.mbtlnum,u1_0.ofcps_nm,u1_0.offm_telno,u1_0.orgnzt_id,u1_0.password,u1_0.password_cnsr,u1_0.password_hint,u1_0.chg_pwd_last_pnttm,u1_0.role,u1_0.sbscrb_de,u1_0.sexdstn_code,u1_0.crtfc_dn_value,u1_0.user_nm,u1_0.zip from nemplyrinfo u1_0 where u1_0.emplyr_id=?
2026-03-16 17:02:15 [http-nio-8080-exec-12] DEBUG o.s.orm.jpa.JpaTransactionManager - Exposing JPA transaction as JDBC [org.springframework.orm.jpa.vendor.HibernateJpaDialect$HibernateConnectionHandle@2194ab43]
2026-03-16 17:02:15 [http-nio-8080-exec-12] DEBUG o.s.orm.jpa.JpaTransactionManager - Found thread-bound EntityManager [SessionImpl(442630088<open>)] for JPA transaction
2026-03-16 17:02:15 [http-nio-8080-exec-12] DEBUG o.s.orm.jpa.JpaTransactionManager - Participating in existing transaction
2026-03-16 17:02:15 [http-nio-8080-exec-12] DEBUG org.hibernate.SQL - select u1_0.emplyr_id,u1_0.area_no,u1_0.brthdy,u1_0.chg_pwd_cnt,u1_0.frst_register_id,u1_0.frst_regist_pnttm,u1_0.detail_adres,u1_0.email_adres,u1_0.emplyr_sttus_code,u1_0.empl_no,u1_0.esntl_id,u1_0.fxnum,u1_0.group_id,u1_0.house_adres,u1_0.house_end_telno,u1_0.house_middle_telno,u1_0.ihidnum,u1_0.pstinst_code,u1_0.last_updusr_id,u1_0.last_updt_pnttm,u1_0.lock_at,u1_0.lock_cnt,u1_0.lock_last_pnttm,u1_0.mbtlnum,u1_0.ofcps_nm,u1_0.offm_telno,u1_0.orgnzt_id,u1_0.password,u1_0.password_cnsr,u1_0.password_hint,u1_0.chg_pwd_last_pnttm,u1_0.role,u1_0.sbscrb_de,u1_0.sexdstn_code,u1_0.crtfc_dn_value,u1_0.user_nm,u1_0.zip from nemplyrinfo u1_0 where u1_0.emplyr_id=?
2026-03-16 17:02:15 [http-nio-8080-exec-18] DEBUG o.s.orm.jpa.JpaTransactionManager - Exposing JPA transaction as JDBC [org.springframework.orm.jpa.vendor.HibernateJpaDialect$HibernateConnectionHandle@192b877c]
2026-03-16 17:02:15 [http-nio-8080-exec-18] DEBUG o.s.orm.jpa.JpaTransactionManager - Found thread-bound EntityManager [SessionImpl(1244140692<open>)] for JPA transaction
2026-03-16 17:02:15 [http-nio-8080-exec-18] DEBUG o.s.orm.jpa.JpaTransactionManager - Participating in existing transaction
2026-03-16 17:02:15 [http-nio-8080-exec-18] DEBUG org.hibernate.SQL - select u1_0.emplyr_id,u1_0.area_no,u1_0.brthdy,u1_0.chg_pwd_cnt,u1_0.frst_register_id,u1_0.frst_regist_pnttm,u1_0.detail_adres,u1_0.email_adres,u1_0.emplyr_sttus_code,u1_0.empl_no,u1_0.esntl_id,u1_0.fxnum,u1_0.group_id,u1_0.house_adres,u1_0.house_end_telno,u1_0.house_middle_telno,u1_0.ihidnum,u1_0.pstinst_code,u1_0.last_updusr_id,u1_0.last_updt_pnttm,u1_0.lock_at,u1_0.lock_cnt,u1_0.lock_last_pnttm,u1_0.mbtlnum,u1_0.ofcps_nm,u1_0.offm_telno,u1_0.orgnzt_id,u1_0.password,u1_0.password_cnsr,u1_0.password_hint,u1_0.chg_pwd_last_pnttm,u1_0.role,u1_0.sbscrb_de,u1_0.sexdstn_code,u1_0.crtfc_dn_value,u1_0.user_nm,u1_0.zip from nemplyrinfo u1_0 where u1_0.emplyr_id=?
2026-03-16 17:02:15 [http-nio-8080-exec-1] DEBUG o.s.orm.jpa.JpaTransactionManager - Found thread-bound EntityManager [SessionImpl(299642981<open>)] for JPA transaction
2026-03-16 17:02:15 [http-nio-8080-exec-1] DEBUG o.s.orm.jpa.JpaTransactionManager - Participating in existing transaction
2026-03-16 17:02:15 [http-nio-8080-exec-8] DEBUG o.s.orm.jpa.JpaTransactionManager - Found thread-bound EntityManager [SessionImpl(1596161613<open>)] for JPA transaction
2026-03-16 17:02:15 [http-nio-8080-exec-8] DEBUG o.s.orm.jpa.JpaTransactionManager - Participating in existing transaction
2026-03-16 17:02:15 [http-nio-8080-exec-1] DEBUG org.hibernate.SQL - select ua1_0.scrty_dtrmn_trget_id,ua1_0.author_code,ua1_0.frst_register_id,ua1_0.frst_regist_pnttm,ua1_0.last_updusr_id,ua1_0.last_updt_pnttm,ua1_0.mber_ty_code from nemplyrscrtyestbs ua1_0 where ua1_0.scrty_dtrmn_trget_id=?
2026-03-16 17:02:15 [http-nio-8080-exec-8] DEBUG org.hibernate.SQL - select ua1_0.scrty_dtrmn_trget_id,ua1_0.author_code,ua1_0.frst_register_id,ua1_0.frst_regist_pnttm,ua1_0.last_updusr_id,ua1_0.last_updt_pnttm,ua1_0.mber_ty_code from nemplyrscrtyestbs ua1_0 where ua1_0.scrty_dtrmn_trget_id=?
2026-03-16 17:02:15 [http-nio-8080-exec-12] DEBUG o.s.orm.jpa.JpaTransactionManager - Found thread-bound EntityManager [SessionImpl(442630088<open>)] for JPA transaction
2026-03-16 17:02:15 [http-nio-8080-exec-12] DEBUG o.s.orm.jpa.JpaTransactionManager - Participating in existing transaction
2026-03-16 17:02:15 [http-nio-8080-exec-12] DEBUG org.hibernate.SQL - select ua1_0.scrty_dtrmn_trget_id,ua1_0.author_code,ua1_0.frst_register_id,ua1_0.frst_regist_pnttm,ua1_0.last_updusr_id,ua1_0.last_updt_pnttm,ua1_0.mber_ty_code from nemplyrscrtyestbs ua1_0 where ua1_0.scrty_dtrmn_trget_id=?
2026-03-16 17:02:15 [http-nio-8080-exec-18] DEBUG o.s.orm.jpa.JpaTransactionManager - Found thread-bound EntityManager [SessionImpl(1244140692<open>)] for JPA transaction
2026-03-16 17:02:15 [http-nio-8080-exec-18] DEBUG o.s.orm.jpa.JpaTransactionManager - Participating in existing transaction
2026-03-16 17:02:15 [http-nio-8080-exec-18] DEBUG org.hibernate.SQL - select ua1_0.scrty_dtrmn_trget_id,ua1_0.author_code,ua1_0.frst_register_id,ua1_0.frst_regist_pnttm,ua1_0.last_updusr_id,ua1_0.last_updt_pnttm,ua1_0.mber_ty_code from nemplyrscrtyestbs ua1_0 where ua1_0.scrty_dtrmn_trget_id=?
2026-03-16 17:02:16 [http-nio-8080-exec-8] DEBUG o.s.orm.jpa.JpaTransactionManager - Initiating transaction commit
2026-03-16 17:02:16 [http-nio-8080-exec-1] DEBUG o.s.orm.jpa.JpaTransactionManager - Initiating transaction commit
2026-03-16 17:02:16 [http-nio-8080-exec-8] DEBUG o.s.orm.jpa.JpaTransactionManager - Committing JPA transaction on EntityManager [SessionImpl(1596161613<open>)]
2026-03-16 17:02:16 [http-nio-8080-exec-1] DEBUG o.s.orm.jpa.JpaTransactionManager - Committing JPA transaction on EntityManager [SessionImpl(299642981<open>)]
2026-03-16 17:02:16 [http-nio-8080-exec-18] DEBUG o.s.orm.jpa.JpaTransactionManager - Initiating transaction commit
2026-03-16 17:02:16 [http-nio-8080-exec-12] DEBUG o.s.orm.jpa.JpaTransactionManager - Initiating transaction commit
2026-03-16 17:02:16 [http-nio-8080-exec-18] DEBUG o.s.orm.jpa.JpaTransactionManager - Committing JPA transaction on EntityManager [SessionImpl(1244140692<open>)]
2026-03-16 17:02:16 [http-nio-8080-exec-12] DEBUG o.s.orm.jpa.JpaTransactionManager - Committing JPA transaction on EntityManager [SessionImpl(442630088<open>)]
2026-03-16 17:02:16 [http-nio-8080-exec-1] DEBUG o.s.orm.jpa.JpaTransactionManager - Closing JPA EntityManager [SessionImpl(299642981<open>)] after transaction
2026-03-16 17:02:16 [http-nio-8080-exec-8] DEBUG o.s.orm.jpa.JpaTransactionManager - Closing JPA EntityManager [SessionImpl(1596161613<open>)] after transaction
2026-03-16 17:02:16 [http-nio-8080-exec-1] DEBUG c.c.p.s.jwt.JwtAuthenticationFilter - >>> [JwtFilter] Successfully authenticated user: USRCNFRM_99999999999, Authorities: [ROLE_ADMIN]
2026-03-16 17:02:16 [http-nio-8080-exec-8] DEBUG c.c.p.s.jwt.JwtAuthenticationFilter - >>> [JwtFilter] Successfully authenticated user: USRCNFRM_99999999999, Authorities: [ROLE_ADMIN]
2026-03-16 17:02:16 [http-nio-8080-exec-8] DEBUG o.s.web.servlet.DispatcherServlet - GET "/api/v1/auth/me", parameters={}
2026-03-16 17:02:16 [http-nio-8080-exec-1] DEBUG o.s.web.servlet.DispatcherServlet - GET "/api/v1/api/v1/surveys?page=1&size=10&keyword=", parameters={masked}
2026-03-16 17:02:16 [http-nio-8080-exec-8] TRACE o.s.w.s.m.m.a.RequestMappingHandlerMapping - Mapped to com.company.project.api.auth.AuthController#getCurrentUser()
2026-03-16 17:02:16 [http-nio-8080-exec-8] DEBUG o.s.w.s.m.m.a.RequestResponseBodyMethodProcessor - Using 'application/json', given [application/json, text/plain, */*] and supported [application/json, application/*+json, application/yaml]
2026-03-16 17:02:16 [http-nio-8080-exec-8] TRACE o.s.w.s.m.m.a.RequestResponseBodyMethodProcessor - Writing [ApiResponse[success=true, status=200, code=COMMON_001, message=Success, data={role=ROLE_ADMIN, userSe=EMP, name=관리자, id=webmaster}, timestamp=2026-03-16T17:02:16.207869400]]
2026-03-16 17:02:16 [http-nio-8080-exec-1] DEBUG o.s.w.s.h.SimpleUrlHandlerMapping - Mapped to ResourceHttpRequestHandler [classpath [META-INF/resources/], classpath [resources/], classpath [static/], classpath [public/], ServletContext [/]]
2026-03-16 17:02:16 [http-nio-8080-exec-8] INFO  c.c.p.a.i.OperationalAuditInterceptor - API Audit Log: URL=/api/v1/auth/me, User=webmaster, IP=127.0.0.1
2026-03-16 17:02:16 [http-nio-8080-exec-8] DEBUG o.s.web.servlet.DispatcherServlet - Completed 200 OK
2026-03-16 17:02:16 [http-nio-8080-exec-1] DEBUG o.s.w.s.r.ResourceHttpRequestHandler - Resource not found
2026-03-16 17:02:16 [http-nio-8080-exec-1] DEBUG o.s.w.s.m.m.a.ExceptionHandlerExceptionResolver - Using @ExceptionHandler com.company.project.core.exception.GlobalExceptionHandler#handleException(Exception)
2026-03-16 17:02:16 [http-nio-8080-exec-1] ERROR c.c.p.c.e.GlobalExceptionHandler - >>> Internal Server Error: No static resource api/v1/api/v1/surveys.
org.springframework.web.servlet.resource.NoResourceFoundException: No static resource api/v1/api/v1/surveys.
	at org.springframework.web.servlet.resource.ResourceHttpRequestHandler.handleRequest(ResourceHttpRequestHandler.java:585)
	at org.springframework.web.servlet.mvc.HttpRequestHandlerAdapter.handle(HttpRequestHandlerAdapter.java:52)
	at org.springframework.web.servlet.DispatcherServlet.doDispatch(DispatcherServlet.java:1088)
	at org.springframework.web.servlet.DispatcherServlet.doService(DispatcherServlet.java:978)
	at org.springframework.web.servlet.FrameworkServlet.processRequest(FrameworkServlet.java:1014)
	at org.springframework.web.servlet.FrameworkServlet.doGet(FrameworkServlet.java:903)
	at jakarta.servlet.http.HttpServlet.service(HttpServlet.java:527)
	at org.springframework.web.servlet.FrameworkServlet.service(FrameworkServlet.java:885)
	at jakarta.servlet.http.HttpServlet.service(HttpServlet.java:614)
	at org.apache.catalina.core.ApplicationFilterChain.internalDoFilter(ApplicationFilterChain.java:195)
	at org.apache.catalina.core.ApplicationFilterChain.doFilter(ApplicationFilterChain.java:140)
	at org.apache.tomcat.websocket.server.WsFilter.doFilter(WsFilter.java:51)
	at org.apache.catalina.core.ApplicationFilterChain.internalDoFilter(ApplicationFilterChain.java:164)
	at org.apache.catalina.core.ApplicationFilterChain.doFilter(ApplicationFilterChain.java:140)
	at org.springframework.web.filter.CompositeFilter$VirtualFilterChain.doFilter(CompositeFilter.java:108)
	at org.springframework.security.web.FilterChainProxy.lambda$doFilterInternal$3(FilterChainProxy.java:231)
	at org.springframework.security.web.ObservationFilterChainDecorator$FilterObservation$SimpleFilterObservation.lambda$wrap$1(ObservationFilterChainDecorator.java:479)
	at org.springframework.security.web.ObservationFilterChainDecorator$AroundFilterObservation$SimpleAroundFilterObservation.lambda$wrap$1(ObservationFilterChainDecorator.java:340)
	at org.springframework.security.web.ObservationFilterChainDecorator.lambda$wrapSecured$0(ObservationFilterChainDecorator.java:82)
	at org.springframework.security.web.ObservationFilterChainDecorator$VirtualFilterChain.doFilter(ObservationFilterChainDecorator.java:128)
	at org.springframework.security.web.access.intercept.AuthorizationFilter.doFilter(AuthorizationFilter.java:101)
	at org.springframework.security.web.ObservationFilterChainDecorator$ObservationFilter.wrapFilter(ObservationFilterChainDecorator.java:240)
	at org.springframework.security.web.ObservationFilterChainDecorator$ObservationFilter.doFilter(ObservationFilterChainDecorator.java:227)
	at org.springframework.security.web.ObservationFilterChainDecorator$VirtualFilterChain.doFilter(ObservationFilterChainDecorator.java:137)
	at org.springframework.security.web.access.ExceptionTranslationFilter.doFilter(ExceptionTranslationFilter.java:126)
	at org.springframework.security.web.access.ExceptionTranslationFilter.doFilter(ExceptionTranslationFilter.java:120)
	at org.springframework.security.web.ObservationFilterChainDecorator$ObservationFilter.wrapFilter(ObservationFilterChainDecorator.java:240)
	at org.springframework.security.web.ObservationFilterChainDecorator$ObservationFilter.doFilter(ObservationFilterChainDecorator.java:227)
	at org.springframework.security.web.ObservationFilterChainDecorator$VirtualFilterChain.doFilter(ObservationFilterChainDecorator.java:137)
	at org.springframework.security.web.session.SessionManagementFilter.doFilter(SessionManagementFilter.java:131)
	at org.springframework.security.web.session.SessionManagementFilter.doFilter(SessionManagementFilter.java:85)
	at org.springframework.security.web.ObservationFilterChainDecorator$ObservationFilter.wrapFilter(ObservationFilterChainDecorator.java:240)
	at org.springframework.security.web.ObservationFilterChainDecorator$ObservationFilter.doFilter(ObservationFilterChainDecorator.java:227)
	at org.springframework.security.web.ObservationFilterChainDecorator$VirtualFilterChain.doFilter(ObservationFilterChainDecorator.java:137)
	at org.springframework.security.web.authentication.AnonymousAuthenticationFilter.doFilter(AnonymousAuthenticationFilter.java:100)
	at org.springframework.security.web.ObservationFilterChainDecorator$ObservationFilter.wrapFilter(ObservationFilterChainDecorator.java:240)
	at org.springframework.security.web.ObservationFilterChainDecorator$ObservationFilter.doFilter(ObservationFilterChainDecorator.java:227)
	at org.springframework.security.web.ObservationFilterChainDecorator$VirtualFilterChain.doFilter(ObservationFilterChainDecorator.java:137)
	at org.springframework.security.web.servletapi.SecurityContextHolderAwareRequestFilter.doFilter(SecurityContextHolderAwareRequestFilter.java:179)
	at org.springframework.security.web.ObservationFilterChainDecorator$ObservationFilter.wrapFilter(ObservationFilterChainDecorator.java:240)
	at org.springframework.security.web.ObservationFilterChainDecorator$ObservationFilter.doFilter(ObservationFilterChainDecorator.java:227)
	at org.springframework.security.web.ObservationFilterChainDecorator$VirtualFilterChain.doFilter(ObservationFilterChainDecorator.java:137)
	at org.springframework.security.web.savedrequest.RequestCacheAwareFilter.doFilter(RequestCacheAwareFilter.java:63)
	at org.springframework.security.web.ObservationFilterChainDecorator$ObservationFilter.wrapFilter(ObservationFilterChainDecorator.java:240)
	at org.springframework.security.web.ObservationFilterChainDecorator$ObservationFilter.doFilter(ObservationFilterChainDecorator.java:227)
	at org.springframework.security.web.ObservationFilterChainDecorator$VirtualFilterChain.doFilter(ObservationFilterChainDecorator.java:137)
	at com.company.project.security.jwt.JwtAuthenticationFilter.doFilterInternal(JwtAuthenticationFilter.java:52)
	at org.springframework.web.filter.OncePerRequestFilter.doFilter(OncePerRequestFilter.java:116)
	at org.springframework.security.web.ObservationFilterChainDecorator$ObservationFilter.wrapFilter(ObservationFilterChainDecorator.java:240)
	at org.springframework.security.web.ObservationFilterChainDecorator$ObservationFilter.doFilter(ObservationFilterChainDecorator.java:227)
	at org.springframework.security.web.ObservationFilterChainDecorator$VirtualFilterChain.doFilter(ObservationFilterChainDecorator.java:137)
	at org.springframework.security.web.authentication.logout.LogoutFilter.doFilter(LogoutFilter.java:107)
	at org.springframework.security.web.authentication.logout.LogoutFilter.doFilter(LogoutFilter.java:93)
	at org.springframework.security.web.ObservationFilterChainDecorator$ObservationFilter.wrapFilter(ObservationFilterChainDecorator.java:240)
	at org.springframework.security.web.ObservationFilterChainDecorator$ObservationFilter.doFilter(ObservationFilterChainDecorator.java:227)
	at org.springframework.security.web.ObservationFilterChainDecorator$VirtualFilterChain.doFilter(ObservationFilterChainDecorator.java:137)
	at org.springframework.web.filter.CorsFilter.doFilterInternal(CorsFilter.java:91)
	at org.springframework.web.filter.OncePerRequestFilter.doFilter(OncePerRequestFilter.java:116)
	at org.springframework.security.web.ObservationFilterChainDecorator$ObservationFilter.wrapFilter(ObservationFilterChainDecorator.java:240)
	at org.springframework.security.web.ObservationFilterChainDecorator$ObservationFilter.doFilter(ObservationFilterChainDecorator.java:227)
	at org.springframework.security.web.ObservationFilterChainDecorator$VirtualFilterChain.doFilter(ObservationFilterChainDecorator.java:137)
	at org.springframework.security.web.header.HeaderWriterFilter.doHeadersAfter(HeaderWriterFilter.java:90)
	at org.springframework.security.web.header.HeaderWriterFilter.doFilterInternal(HeaderWriterFilter.java:75)
	at org.springframework.web.filter.OncePerRequestFilter.doFilter(OncePerRequestFilter.java:116)
	at org.springframework.security.web.ObservationFilterChainDecorator$ObservationFilter.wrapFilter(ObservationFilterChainDecorator.java:240)
	at org.springframework.security.web.ObservationFilterChainDecorator$ObservationFilter.doFilter(ObservationFilterChainDecorator.java:227)
	at org.springframework.security.web.ObservationFilterChainDecorator$VirtualFilterChain.doFilter(ObservationFilterChainDecorator.java:137)
	at org.springframework.security.web.context.SecurityContextHolderFilter.doFilter(SecurityContextHolderFilter.java:82)
	at org.springframework.security.web.context.SecurityContextHolderFilter.doFilter(SecurityContextHolderFilter.java:69)
	at org.springframework.security.web.ObservationFilterChainDecorator$ObservationFilter.wrapFilter(ObservationFilterChainDecorator.java:240)
	at org.springframework.security.web.ObservationFilterChainDecorator$ObservationFilter.doFilter(ObservationFilterChainDecorator.java:227)
	at org.springframework.security.web.ObservationFilterChainDecorator$VirtualFilterChain.doFilter(ObservationFilterChainDecorator.java:137)
	at org.springframework.security.web.context.request.async.WebAsyncManagerIntegrationFilter.doFilterInternal(WebAsyncManagerIntegrationFilter.java:62)
	at org.springframework.web.filter.OncePerRequestFilter.doFilter(OncePerRequestFilter.java:116)
	at org.springframework.security.web.ObservationFilterChainDecorator$ObservationFilter.wrapFilter(ObservationFilterChainDecorator.java:240)
	at org.springframework.security.web.ObservationFilterChainDecorator$ObservationFilter.doFilter(ObservationFilterChainDecorator.java:227)
	at org.springframework.security.web.ObservationFilterChainDecorator$VirtualFilterChain.doFilter(ObservationFilterChainDecorator.java:137)
	at org.springframework.security.web.session.DisableEncodeUrlFilter.doFilterInternal(DisableEncodeUrlFilter.java:42)
	at org.springframework.web.filter.OncePerRequestFilter.doFilter(OncePerRequestFilter.java:116)
	at org.springframework.security.web.ObservationFilterChainDecorator$ObservationFilter.wrapFilter(ObservationFilterChainDecorator.java:240)
	at org.springframework.security.web.ObservationFilterChainDecorator$AroundFilterObservation$SimpleAroundFilterObservation.lambda$wrap$0(ObservationFilterChainDecorator.java:323)
	at org.springframework.security.web.ObservationFilterChainDecorator$ObservationFilter.doFilter(ObservationFilterChainDecorator.java:224)
	at org.springframework.security.web.ObservationFilterChainDecorator$VirtualFilterChain.doFilter(ObservationFilterChainDecorator.java:137)
	at org.springframework.security.web.FilterChainProxy.doFilterInternal(FilterChainProxy.java:233)
	at org.springframework.security.web.FilterChainProxy.doFilter(FilterChainProxy.java:191)
	at org.springframework.web.filter.CompositeFilter$VirtualFilterChain.doFilter(CompositeFilter.java:113)
	at org.springframework.web.servlet.handler.HandlerMappingIntrospector.lambda$createCacheFilter$3(HandlerMappingIntrospector.java:243)
	at org.springframework.web.filter.CompositeFilter$VirtualFilterChain.doFilter(CompositeFilter.java:113)
	at org.springframework.web.filter.CompositeFilter.doFilter(CompositeFilter.java:74)
	at org.springframework.security.config.annotation.web.configuration.WebMvcSecurityConfiguration$CompositeFilterChainProxy.doFilter(WebMvcSecurityConfiguration.java:238)
	at org.springframework.web.filter.DelegatingFilterProxy.invokeDelegate(DelegatingFilterProxy.java:362)
	at org.springframework.web.filter.DelegatingFilterProxy.doFilter(DelegatingFilterProxy.java:278)
	at org.apache.catalina.core.ApplicationFilterChain.internalDoFilter(ApplicationFilterChain.java:164)
	at org.apache.catalina.core.ApplicationFilterChain.doFilter(ApplicationFilterChain.java:140)
	at org.springframework.web.filter.RequestContextFilter.doFilterInternal(RequestContextFilter.java:100)
	at org.springframework.web.filter.OncePerRequestFilter.doFilter(OncePerRequestFilter.java:116)
	at org.apache.catalina.core.ApplicationFilterChain.internalDoFilter(ApplicationFilterChain.java:164)
	at org.apache.catalina.core.ApplicationFilterChain.doFilter(ApplicationFilterChain.java:140)
	at org.springframework.web.filter.FormContentFilter.doFilterInternal(FormContentFilter.java:93)
	at org.springframework.web.filter.OncePerRequestFilter.doFilter(OncePerRequestFilter.java:116)
	at org.apache.catalina.core.ApplicationFilterChain.internalDoFilter(ApplicationFilterChain.java:164)
	at org.apache.catalina.core.ApplicationFilterChain.doFilter(ApplicationFilterChain.java:140)
	at org.springframework.web.filter.ServerHttpObservationFilter.doFilterInternal(ServerHttpObservationFilter.java:114)
	at org.springframework.web.filter.OncePerRequestFilter.doFilter(OncePerRequestFilter.java:116)
	at org.apache.catalina.core.ApplicationFilterChain.internalDoFilter(ApplicationFilterChain.java:164)
	at org.apache.catalina.core.ApplicationFilterChain.doFilter(ApplicationFilterChain.java:140)
	at org.springframework.web.filter.CharacterEncodingFilter.doFilterInternal(CharacterEncodingFilter.java:201)
	at org.springframework.web.filter.OncePerRequestFilter.doFilter(OncePerRequestFilter.java:116)
	at org.apache.catalina.core.ApplicationFilterChain.internalDoFilter(ApplicationFilterChain.java:164)
	at org.apache.catalina.core.ApplicationFilterChain.doFilter(ApplicationFilterChain.java:140)
	at org.apache.catalina.core.StandardWrapperValve.invoke(StandardWrapperValve.java:167)
	at org.apache.catalina.core.StandardContextValve.invoke(StandardContextValve.java:90)
	at org.apache.catalina.authenticator.AuthenticatorBase.invoke(AuthenticatorBase.java:483)
	at org.apache.catalina.core.StandardHostValve.invoke(StandardHostValve.java:115)
	at org.apache.catalina.valves.ErrorReportValve.invoke(ErrorReportValve.java:93)
	at org.apache.catalina.core.StandardEngineValve.invoke(StandardEngineValve.java:74)
	at org.apache.catalina.connector.CoyoteAdapter.service(CoyoteAdapter.java:344)
	at org.apache.coyote.http11.Http11Processor.service(Http11Processor.java:397)
	at org.apache.coyote.AbstractProcessorLight.process(AbstractProcessorLight.java:63)
	at org.apache.coyote.AbstractProtocol$ConnectionHandler.process(AbstractProtocol.java:905)
	at org.apache.tomcat.util.net.NioEndpoint$SocketProcessor.doRun(NioEndpoint.java:1741)
	at org.apache.tomcat.util.net.SocketProcessorBase.run(SocketProcessorBase.java:52)
	at org.apache.tomcat.util.threads.ThreadPoolExecutor.runWorker(ThreadPoolExecutor.java:1190)
	at org.apache.tomcat.util.threads.ThreadPoolExecutor$Worker.run(ThreadPoolExecutor.java:659)
	at org.apache.tomcat.util.threads.TaskThread$WrappingRunnable.run(TaskThread.java:63)
	at java.base/java.lang.Thread.run(Thread.java:1583)
2026-03-16 17:02:16 [http-nio-8080-exec-1] DEBUG o.s.w.s.m.m.a.HttpEntityMethodProcessor - Using 'application/json', given [application/json] and supported [application/json, application/*+json, application/yaml]
2026-03-16 17:02:16 [http-nio-8080-exec-1] TRACE o.s.w.s.m.m.a.HttpEntityMethodProcessor - Writing [ApiResponse[success=false, status=500, code=C004, message=예기치 않은 서버 오류가 발생했습니다., data=null, timestamp=2026-03-16T17:02:16.210875200]]
2026-03-16 17:02:16 [http-nio-8080-exec-1] DEBUG o.s.w.s.m.m.a.ExceptionHandlerExceptionResolver - Resolved [org.springframework.web.servlet.resource.NoResourceFoundException: No static resource api/v1/api/v1/surveys.]
2026-03-16 17:02:16 [http-nio-8080-exec-1] DEBUG o.s.web.servlet.DispatcherServlet - Completed 500 INTERNAL_SERVER_ERROR
2026-03-16 17:02:16 [http-nio-8080-exec-5] DEBUG c.c.p.s.jwt.JwtAuthenticationFilter - >>> [JwtFilter] Processing request: GET /api/v1/notifications
2026-03-16 17:02:16 [http-nio-8080-exec-9] DEBUG c.c.p.s.jwt.JwtAuthenticationFilter - >>> [JwtFilter] Processing request: GET /api/v1/notifications/unread-count
2026-03-16 17:02:16 [http-nio-8080-exec-9] DEBUG c.c.p.s.jwt.JwtAuthenticationFilter - >>> [JwtFilter] Found token in header for path: /api/v1/notifications/unread-count
2026-03-16 17:02:16 [http-nio-8080-exec-5] DEBUG c.c.p.s.jwt.JwtAuthenticationFilter - >>> [JwtFilter] Found token in header for path: /api/v1/notifications
2026-03-16 17:02:16 [http-nio-8080-exec-9] DEBUG o.s.orm.jpa.JpaTransactionManager - Creating new transaction with name [com.company.project.security.iam.CustomUserDetailsService.loadUserByUsername]: PROPAGATION_REQUIRED,ISOLATION_DEFAULT,readOnly
2026-03-16 17:02:16 [http-nio-8080-exec-5] DEBUG o.s.orm.jpa.JpaTransactionManager - Creating new transaction with name [com.company.project.security.iam.CustomUserDetailsService.loadUserByUsername]: PROPAGATION_REQUIRED,ISOLATION_DEFAULT,readOnly
2026-03-16 17:02:16 [http-nio-8080-exec-9] DEBUG o.s.orm.jpa.JpaTransactionManager - Opened new EntityManager [SessionImpl(1779955909<open>)] for JPA transaction
2026-03-16 17:02:16 [http-nio-8080-exec-5] DEBUG o.s.orm.jpa.JpaTransactionManager - Opened new EntityManager [SessionImpl(439257017<open>)] for JPA transaction
2026-03-16 17:02:16 [http-nio-8080-exec-9] DEBUG o.s.orm.jpa.JpaTransactionManager - Exposing JPA transaction as JDBC [org.springframework.orm.jpa.vendor.HibernateJpaDialect$HibernateConnectionHandle@843667b]
2026-03-16 17:02:16 [http-nio-8080-exec-9] DEBUG o.s.orm.jpa.JpaTransactionManager - Found thread-bound EntityManager [SessionImpl(1779955909<open>)] for JPA transaction
2026-03-16 17:02:16 [http-nio-8080-exec-9] DEBUG o.s.orm.jpa.JpaTransactionManager - Participating in existing transaction
2026-03-16 17:02:16 [http-nio-8080-exec-9] DEBUG org.hibernate.SQL - select u1_0.emplyr_id,u1_0.area_no,u1_0.brthdy,u1_0.chg_pwd_cnt,u1_0.frst_register_id,u1_0.frst_regist_pnttm,u1_0.detail_adres,u1_0.email_adres,u1_0.emplyr_sttus_code,u1_0.empl_no,u1_0.esntl_id,u1_0.fxnum,u1_0.group_id,u1_0.house_adres,u1_0.house_end_telno,u1_0.house_middle_telno,u1_0.ihidnum,u1_0.pstinst_code,u1_0.last_updusr_id,u1_0.last_updt_pnttm,u1_0.lock_at,u1_0.lock_cnt,u1_0.lock_last_pnttm,u1_0.mbtlnum,u1_0.ofcps_nm,u1_0.offm_telno,u1_0.orgnzt_id,u1_0.password,u1_0.password_cnsr,u1_0.password_hint,u1_0.chg_pwd_last_pnttm,u1_0.role,u1_0.sbscrb_de,u1_0.sexdstn_code,u1_0.crtfc_dn_value,u1_0.user_nm,u1_0.zip from nemplyrinfo u1_0 where u1_0.emplyr_id=?
2026-03-16 17:02:16 [http-nio-8080-exec-18] DEBUG o.s.orm.jpa.JpaTransactionManager - Closing JPA EntityManager [SessionImpl(1244140692<open>)] after transaction
2026-03-16 17:02:16 [http-nio-8080-exec-12] DEBUG o.s.orm.jpa.JpaTransactionManager - Closing JPA EntityManager [SessionImpl(442630088<open>)] after transaction
2026-03-16 17:02:16 [http-nio-8080-exec-18] DEBUG c.c.p.s.jwt.JwtAuthenticationFilter - >>> [JwtFilter] Successfully authenticated user: USRCNFRM_99999999999, Authorities: [ROLE_ADMIN]
2026-03-16 17:02:16 [http-nio-8080-exec-12] DEBUG c.c.p.s.jwt.JwtAuthenticationFilter - >>> [JwtFilter] Successfully authenticated user: USRCNFRM_99999999999, Authorities: [ROLE_ADMIN]
2026-03-16 17:02:16 [http-nio-8080-exec-18] DEBUG o.s.web.servlet.DispatcherServlet - GET "/api/v1/menu/head", parameters={}
2026-03-16 17:02:16 [http-nio-8080-exec-12] DEBUG o.s.web.servlet.DispatcherServlet - GET "/api/v1/menu/left?menuNo=10", parameters={masked}
2026-03-16 17:02:16 [http-nio-8080-exec-18] TRACE o.s.w.s.m.m.a.RequestMappingHandlerMapping - Mapped to com.company.project.api.controller.menu.MenuController#getHeadMenu()
2026-03-16 17:02:16 [http-nio-8080-exec-12] TRACE o.s.w.s.m.m.a.RequestMappingHandlerMapping - Mapped to com.company.project.api.controller.menu.MenuController#getLeftMenu(Long)
2026-03-16 17:02:16 [http-nio-8080-exec-18] INFO  c.c.p.a.c.menu.MenuController - getHeadMenu called
2026-03-16 17:02:16 [http-nio-8080-exec-12] INFO  c.c.p.a.c.menu.MenuController - getLeftMenu called with menuNo=10
2026-03-16 17:02:16 [http-nio-8080-exec-12] DEBUG o.s.orm.jpa.JpaTransactionManager - Creating new transaction with name [com.company.project.service.menu.MenuService.getSubMenus]: PROPAGATION_REQUIRED,ISOLATION_DEFAULT,readOnly
2026-03-16 17:02:16 [http-nio-8080-exec-12] DEBUG o.s.orm.jpa.JpaTransactionManager - Opened new EntityManager [SessionImpl(2121963107<open>)] for JPA transaction
2026-03-16 17:02:16 [http-nio-8080-exec-12] DEBUG o.s.orm.jpa.JpaTransactionManager - Exposing JPA transaction as JDBC [org.springframework.orm.jpa.vendor.HibernateJpaDialect$HibernateConnectionHandle@36f08594]
2026-03-16 17:02:16 [http-nio-8080-exec-18] INFO  c.c.p.a.c.menu.MenuController - getHeadMenu returned 5 items
2026-03-16 17:02:16 [http-nio-8080-exec-14] DEBUG o.s.web.servlet.DispatcherServlet - GET "/ws/info?t=1773648136224", parameters={masked}
2026-03-16 17:02:16 [http-nio-8080-exec-18] DEBUG o.s.w.s.m.m.a.HttpEntityMethodProcessor - Using 'application/json', given [application/json, text/plain, */*] and supported [application/json, application/*+json, application/yaml]
2026-03-16 17:02:16 [http-nio-8080-exec-18] TRACE o.s.w.s.m.m.a.HttpEntityMethodProcessor - Writing [ApiResponse[success=true, status=200, code=COMMON_001, message=Success, data={list=[com.company.project.service.menu.dto.MenuDto@2b80d6b0, com.company.project.service.menu.dto.MenuDto@1418cfa3, com.company.project.service.menu.dto.MenuDto@f230bf1, com.company.project.service.menu.dto.MenuDto@734a7f6a, com.company.project.service.menu.dto.MenuDto@5e5202e5]}, timestamp=2026-03-16T17:02:16.226258500]]
2026-03-16 17:02:16 [http-nio-8080-exec-12] DEBUG org.hibernate.SQL - select m1_0.menu_no,m1_0.menu_dc,m1_0.menu_nm,m1_0.menu_ordr,m1_0.modern_route,m1_0.progrm_file_nm,m1_0.relate_image_nm,m1_0.relate_image_path,m1_0.route_updated_at,m1_0.upper_menu_no from nmenuinfo m1_0 order by m1_0.upper_menu_no,m1_0.menu_ordr
2026-03-16 17:02:16 [http-nio-8080-exec-14] DEBUG o.s.w.s.s.s.WebSocketHandlerMapping - Mapped to org.springframework.web.socket.sockjs.support.SockJsHttpRequestHandler@3d80b7ba
2026-03-16 17:02:16 [http-nio-8080-exec-14] DEBUG o.s.w.s.s.t.h.DefaultSockJsService - Processing transport request: GET http://localhost:8080/ws/info?t=1773648136224
2026-03-16 17:02:16 [http-nio-8080-exec-18] INFO  c.c.p.a.i.OperationalAuditInterceptor - API Audit Log: URL=/api/v1/menu/head, User=webmaster, IP=127.0.0.1
2026-03-16 17:02:16 [http-nio-8080-exec-14] DEBUG o.s.web.servlet.DispatcherServlet - Completed 200 OK
2026-03-16 17:02:16 [http-nio-8080-exec-18] DEBUG o.s.web.servlet.DispatcherServlet - Completed 200 OK
2026-03-16 17:02:16 [http-nio-8080-exec-16] DEBUG o.s.web.servlet.DispatcherServlet - GET "/ws/601/dqglbdgm/websocket", parameters={}
2026-03-16 17:02:16 [http-nio-8080-exec-16] DEBUG o.s.w.s.s.s.WebSocketHandlerMapping - Mapped to org.springframework.web.socket.sockjs.support.SockJsHttpRequestHandler@3d80b7ba
2026-03-16 17:02:16 [http-nio-8080-exec-16] DEBUG o.s.w.s.s.t.h.DefaultSockJsService - Processing transport request: GET http://localhost:8080/ws/601/dqglbdgm/websocket
2026-03-16 17:02:16 [http-nio-8080-exec-16] DEBUG o.s.web.servlet.DispatcherServlet - Completed 101 SWITCHING_PROTOCOLS
2026-03-16 17:02:16 [http-nio-8080-exec-16] DEBUG o.s.w.s.h.LoggingWebSocketHandlerDecorator - New WebSocketServerSockJsSession[id=dqglbdgm]
2026-03-16 17:02:16 [scheduling-1] DEBUG org.springframework.web.SimpLogging - Processing CONNECT session=dqglbdgm
2026-03-16 17:02:16 [scheduling-1] DEBUG org.springframework.web.SimpLogging - Processing SUBSCRIBE /topic/notices id=sub-0 session=dqglbdgm
2026-03-16 17:02:16 [scheduling-1] DEBUG org.springframework.web.SimpLogging - Processing SUBSCRIBE destination=/queue/notifications-userdqglbdgm subscriptionId=sub-1 session=dqglbdgm payload=byte[0]
2026-03-16 17:02:16 [scheduling-1] DEBUG org.springframework.web.SimpLogging - Processing SUBSCRIBE /topic/public id=sub-2 session=dqglbdgm
2026-03-16 17:02:16 [http-nio-8080-exec-9] DEBUG o.s.orm.jpa.JpaTransactionManager - Found thread-bound EntityManager [SessionImpl(1779955909<open>)] for JPA transaction
2026-03-16 17:02:16 [http-nio-8080-exec-9] DEBUG o.s.orm.jpa.JpaTransactionManager - Participating in existing transaction
2026-03-16 17:02:16 [http-nio-8080-exec-9] DEBUG org.hibernate.SQL - select ua1_0.scrty_dtrmn_trget_id,ua1_0.author_code,ua1_0.frst_register_id,ua1_0.frst_regist_pnttm,ua1_0.last_updusr_id,ua1_0.last_updt_pnttm,ua1_0.mber_ty_code from nemplyrscrtyestbs ua1_0 where ua1_0.scrty_dtrmn_trget_id=?
2026-03-16 17:02:16 [http-nio-8080-exec-5] DEBUG o.s.orm.jpa.JpaTransactionManager - Exposing JPA transaction as JDBC [org.springframework.orm.jpa.vendor.HibernateJpaDialect$HibernateConnectionHandle@5f7bf739]
2026-03-16 17:02:16 [http-nio-8080-exec-5] DEBUG o.s.orm.jpa.JpaTransactionManager - Found thread-bound EntityManager [SessionImpl(439257017<open>)] for JPA transaction
2026-03-16 17:02:16 [http-nio-8080-exec-5] DEBUG o.s.orm.jpa.JpaTransactionManager - Participating in existing transaction
2026-03-16 17:02:16 [http-nio-8080-exec-5] DEBUG org.hibernate.SQL - select u1_0.emplyr_id,u1_0.area_no,u1_0.brthdy,u1_0.chg_pwd_cnt,u1_0.frst_register_id,u1_0.frst_regist_pnttm,u1_0.detail_adres,u1_0.email_adres,u1_0.emplyr_sttus_code,u1_0.empl_no,u1_0.esntl_id,u1_0.fxnum,u1_0.group_id,u1_0.house_adres,u1_0.house_end_telno,u1_0.house_middle_telno,u1_0.ihidnum,u1_0.pstinst_code,u1_0.last_updusr_id,u1_0.last_updt_pnttm,u1_0.lock_at,u1_0.lock_cnt,u1_0.lock_last_pnttm,u1_0.mbtlnum,u1_0.ofcps_nm,u1_0.offm_telno,u1_0.orgnzt_id,u1_0.password,u1_0.password_cnsr,u1_0.password_hint,u1_0.chg_pwd_last_pnttm,u1_0.role,u1_0.sbscrb_de,u1_0.sexdstn_code,u1_0.crtfc_dn_value,u1_0.user_nm,u1_0.zip from nemplyrinfo u1_0 where u1_0.emplyr_id=?
2026-03-16 17:02:16 [http-nio-8080-exec-9] DEBUG o.s.orm.jpa.JpaTransactionManager - Initiating transaction commit
2026-03-16 17:02:16 [http-nio-8080-exec-9] DEBUG o.s.orm.jpa.JpaTransactionManager - Committing JPA transaction on EntityManager [SessionImpl(1779955909<open>)]
2026-03-16 17:02:16 [http-nio-8080-exec-5] DEBUG o.s.orm.jpa.JpaTransactionManager - Found thread-bound EntityManager [SessionImpl(439257017<open>)] for JPA transaction
2026-03-16 17:02:16 [http-nio-8080-exec-5] DEBUG o.s.orm.jpa.JpaTransactionManager - Participating in existing transaction
2026-03-16 17:02:16 [http-nio-8080-exec-5] DEBUG org.hibernate.SQL - select ua1_0.scrty_dtrmn_trget_id,ua1_0.author_code,ua1_0.frst_register_id,ua1_0.frst_regist_pnttm,ua1_0.last_updusr_id,ua1_0.last_updt_pnttm,ua1_0.mber_ty_code from nemplyrscrtyestbs ua1_0 where ua1_0.scrty_dtrmn_trget_id=?
2026-03-16 17:02:16 [http-nio-8080-exec-12] DEBUG o.s.orm.jpa.JpaTransactionManager - Found thread-bound EntityManager [SessionImpl(2121963107<open>)] for JPA transaction
2026-03-16 17:02:16 [http-nio-8080-exec-12] DEBUG o.s.orm.jpa.JpaTransactionManager - Participating in existing transaction
2026-03-16 17:02:16 [http-nio-8080-exec-12] DEBUG org.hibernate.SQL - select p1_0.progrm_file_nm,p1_0.progrm_dc,p1_0.progrm_korean_nm,p1_0.progrm_stre_path,p1_0.url from nprogrmlist p1_0
2026-03-16 17:02:16 [http-nio-8080-exec-9] DEBUG o.s.orm.jpa.JpaTransactionManager - Closing JPA EntityManager [SessionImpl(1779955909<open>)] after transaction
2026-03-16 17:02:16 [http-nio-8080-exec-9] DEBUG c.c.p.s.jwt.JwtAuthenticationFilter - >>> [JwtFilter] Successfully authenticated user: USRCNFRM_99999999999, Authorities: [ROLE_ADMIN]
2026-03-16 17:02:16 [http-nio-8080-exec-9] DEBUG o.s.web.servlet.DispatcherServlet - GET "/api/v1/notifications/unread-count", parameters={}
2026-03-16 17:02:16 [http-nio-8080-exec-9] TRACE o.s.w.s.m.m.a.RequestMappingHandlerMapping - Mapped to com.company.project.api.controller.notification.NotificationController#getUnreadCount(UserDetails)
2026-03-16 17:02:16 [http-nio-8080-exec-9] DEBUG o.s.orm.jpa.JpaTransactionManager - Creating new transaction with name [com.company.project.service.notification.NotificationService.getUnreadCount]: PROPAGATION_REQUIRED,ISOLATION_DEFAULT,readOnly
2026-03-16 17:02:16 [http-nio-8080-exec-9] DEBUG o.s.orm.jpa.JpaTransactionManager - Opened new EntityManager [SessionImpl(1577495640<open>)] for JPA transaction
2026-03-16 17:02:16 [http-nio-8080-exec-9] DEBUG o.s.orm.jpa.JpaTransactionManager - Exposing JPA transaction as JDBC [org.springframework.orm.jpa.vendor.HibernateJpaDialect$HibernateConnectionHandle@79d4e55]
2026-03-16 17:02:16 [http-nio-8080-exec-9] DEBUG org.hibernate.SQL - select count(n1_0.ntcn_no) from n_user_notification n1_0 where n1_0.receiver_id=? and n1_0.is_read=?
2026-03-16 17:02:16 [http-nio-8080-exec-5] DEBUG o.s.orm.jpa.JpaTransactionManager - Initiating transaction commit
2026-03-16 17:02:16 [http-nio-8080-exec-5] DEBUG o.s.orm.jpa.JpaTransactionManager - Committing JPA transaction on EntityManager [SessionImpl(439257017<open>)]
2026-03-16 17:02:16 [http-nio-8080-exec-12] DEBUG o.s.orm.jpa.JpaTransactionManager - Initiating transaction commit
2026-03-16 17:02:16 [http-nio-8080-exec-12] DEBUG o.s.orm.jpa.JpaTransactionManager - Committing JPA transaction on EntityManager [SessionImpl(2121963107<open>)]
2026-03-16 17:02:16 [http-nio-8080-exec-9] DEBUG o.s.orm.jpa.JpaTransactionManager - Initiating transaction commit
2026-03-16 17:02:16 [http-nio-8080-exec-9] DEBUG o.s.orm.jpa.JpaTransactionManager - Committing JPA transaction on EntityManager [SessionImpl(1577495640<open>)]
2026-03-16 17:02:16 [http-nio-8080-exec-5] DEBUG o.s.orm.jpa.JpaTransactionManager - Closing JPA EntityManager [SessionImpl(439257017<open>)] after transaction
2026-03-16 17:02:16 [http-nio-8080-exec-5] DEBUG c.c.p.s.jwt.JwtAuthenticationFilter - >>> [JwtFilter] Successfully authenticated user: USRCNFRM_99999999999, Authorities: [ROLE_ADMIN]
2026-03-16 17:02:16 [http-nio-8080-exec-5] DEBUG o.s.web.servlet.DispatcherServlet - GET "/api/v1/notifications", parameters={}
2026-03-16 17:02:16 [http-nio-8080-exec-5] TRACE o.s.w.s.m.m.a.RequestMappingHandlerMapping - Mapped to com.company.project.api.controller.notification.NotificationController#getMyNotifications(UserDetails)
2026-03-16 17:02:16 [http-nio-8080-exec-5] DEBUG o.s.orm.jpa.JpaTransactionManager - Creating new transaction with name [com.company.project.service.notification.NotificationService.getActiveNotifications]: PROPAGATION_REQUIRED,ISOLATION_DEFAULT,readOnly
2026-03-16 17:02:16 [http-nio-8080-exec-5] DEBUG o.s.orm.jpa.JpaTransactionManager - Opened new EntityManager [SessionImpl(642510505<open>)] for JPA transaction
2026-03-16 17:02:16 [http-nio-8080-exec-5] DEBUG o.s.orm.jpa.JpaTransactionManager - Exposing JPA transaction as JDBC [org.springframework.orm.jpa.vendor.HibernateJpaDialect$HibernateConnectionHandle@18213ebb]
2026-03-16 17:02:16 [http-nio-8080-exec-5] DEBUG o.s.orm.jpa.JpaTransactionManager - Found thread-bound EntityManager [SessionImpl(642510505<open>)] for JPA transaction
2026-03-16 17:02:16 [http-nio-8080-exec-5] DEBUG o.s.orm.jpa.JpaTransactionManager - Participating in existing transaction
2026-03-16 17:02:16 [http-nio-8080-exec-5] DEBUG org.hibernate.SQL - select n1_0.ntcn_no,n1_0.frst_register_id,n1_0.frst_regist_pnttm,n1_0.is_read,n1_0.last_updusr_id,n1_0.last_updt_pnttm,n1_0.link_url,n1_0.ntcn_cn,n1_0.ntcn_sj,n1_0.receiver_id from n_user_notification n1_0
2026-03-16 17:02:16 [http-nio-8080-exec-12] DEBUG o.s.orm.jpa.JpaTransactionManager - Closing JPA EntityManager [SessionImpl(2121963107<open>)] after transaction
2026-03-16 17:02:16 [http-nio-8080-exec-12] INFO  c.c.p.a.c.menu.MenuController - getLeftMenu returned 5 items
2026-03-16 17:02:16 [http-nio-8080-exec-12] DEBUG o.s.w.s.m.m.a.HttpEntityMethodProcessor - Using 'application/json', given [application/json, text/plain, */*] and supported [application/json, application/*+json, application/yaml]
2026-03-16 17:02:16 [http-nio-8080-exec-12] TRACE o.s.w.s.m.m.a.HttpEntityMethodProcessor - Writing [ApiResponse[success=true, status=200, code=COMMON_001, message=Success, data={list=[com.company.project.service.menu.dto.MenuDto@4a323401, com.company.project.service.menu.dto.MenuDto@7ec2dde2, com.company.project.service.menu.dto.MenuDto@1db0d9a, com.company.project.service.menu.dto.MenuDto@4e9ec6c4, com.company.project.service.menu.dto.MenuDto@1557712a]}, timestamp=2026-03-16T17:02:16.859906600]]
2026-03-16 17:02:16 [http-nio-8080-exec-12] INFO  c.c.p.a.i.OperationalAuditInterceptor - API Audit Log: URL=/api/v1/menu/left, User=webmaster, IP=127.0.0.1
2026-03-16 17:02:16 [http-nio-8080-exec-12] DEBUG o.s.web.servlet.DispatcherServlet - Completed 200 OK
2026-03-16 17:02:16 [http-nio-8080-exec-17] DEBUG c.c.p.s.jwt.JwtAuthenticationFilter - >>> [JwtFilter] Processing request: GET /api/v1/menu/left
2026-03-16 17:02:16 [http-nio-8080-exec-17] DEBUG c.c.p.s.jwt.JwtAuthenticationFilter - >>> [JwtFilter] Found token in header for path: /api/v1/menu/left
2026-03-16 17:02:16 [http-nio-8080-exec-17] DEBUG o.s.orm.jpa.JpaTransactionManager - Creating new transaction with name [com.company.project.security.iam.CustomUserDetailsService.loadUserByUsername]: PROPAGATION_REQUIRED,ISOLATION_DEFAULT,readOnly
2026-03-16 17:02:16 [http-nio-8080-exec-17] DEBUG o.s.orm.jpa.JpaTransactionManager - Opened new EntityManager [SessionImpl(1193844228<open>)] for JPA transaction
2026-03-16 17:02:16 [http-nio-8080-exec-9] DEBUG o.s.orm.jpa.JpaTransactionManager - Closing JPA EntityManager [SessionImpl(1577495640<open>)] after transaction
2026-03-16 17:02:16 [http-nio-8080-exec-9] DEBUG o.s.w.s.m.m.a.HttpEntityMethodProcessor - Using 'application/json', given [application/json, text/plain, */*] and supported [application/json, application/*+json, application/yaml]
2026-03-16 17:02:16 [http-nio-8080-exec-9] TRACE o.s.w.s.m.m.a.HttpEntityMethodProcessor - Writing [ApiResponse[success=true, status=200, code=COMMON_001, message=Success, data=0, timestamp=2026-03-16T17:02:16.983030100]]
2026-03-16 17:02:16 [http-nio-8080-exec-9] INFO  c.c.p.a.i.OperationalAuditInterceptor - API Audit Log: URL=/api/v1/notifications/unread-count, User=webmaster, IP=127.0.0.1
2026-03-16 17:02:16 [http-nio-8080-exec-9] DEBUG o.s.web.servlet.DispatcherServlet - Completed 200 OK
2026-03-16 17:02:16 [http-nio-8080-exec-6] DEBUG c.c.p.s.jwt.JwtAuthenticationFilter - >>> [JwtFilter] Processing request: GET /api/v1/notifications/unread-count
2026-03-16 17:02:16 [http-nio-8080-exec-6] DEBUG c.c.p.s.jwt.JwtAuthenticationFilter - >>> [JwtFilter] Found token in header for path: /api/v1/notifications/unread-count
2026-03-16 17:02:16 [http-nio-8080-exec-6] DEBUG o.s.orm.jpa.JpaTransactionManager - Creating new transaction with name [com.company.project.security.iam.CustomUserDetailsService.loadUserByUsername]: PROPAGATION_REQUIRED,ISOLATION_DEFAULT,readOnly
2026-03-16 17:02:16 [http-nio-8080-exec-6] DEBUG o.s.orm.jpa.JpaTransactionManager - Opened new EntityManager [SessionImpl(1526595087<open>)] for JPA transaction
2026-03-16 17:02:17 [http-nio-8080-exec-5] DEBUG o.s.orm.jpa.JpaTransactionManager - Initiating transaction commit
2026-03-16 17:02:17 [http-nio-8080-exec-5] DEBUG o.s.orm.jpa.JpaTransactionManager - Committing JPA transaction on EntityManager [SessionImpl(642510505<open>)]
2026-03-16 17:02:17 [http-nio-8080-exec-17] DEBUG o.s.orm.jpa.JpaTransactionManager - Exposing JPA transaction as JDBC [org.springframework.orm.jpa.vendor.HibernateJpaDialect$HibernateConnectionHandle@260ee4a5]
2026-03-16 17:02:17 [http-nio-8080-exec-17] DEBUG o.s.orm.jpa.JpaTransactionManager - Found thread-bound EntityManager [SessionImpl(1193844228<open>)] for JPA transaction
2026-03-16 17:02:17 [http-nio-8080-exec-17] DEBUG o.s.orm.jpa.JpaTransactionManager - Participating in existing transaction
2026-03-16 17:02:17 [http-nio-8080-exec-17] DEBUG org.hibernate.SQL - select u1_0.emplyr_id,u1_0.area_no,u1_0.brthdy,u1_0.chg_pwd_cnt,u1_0.frst_register_id,u1_0.frst_regist_pnttm,u1_0.detail_adres,u1_0.email_adres,u1_0.emplyr_sttus_code,u1_0.empl_no,u1_0.esntl_id,u1_0.fxnum,u1_0.group_id,u1_0.house_adres,u1_0.house_end_telno,u1_0.house_middle_telno,u1_0.ihidnum,u1_0.pstinst_code,u1_0.last_updusr_id,u1_0.last_updt_pnttm,u1_0.lock_at,u1_0.lock_cnt,u1_0.lock_last_pnttm,u1_0.mbtlnum,u1_0.ofcps_nm,u1_0.offm_telno,u1_0.orgnzt_id,u1_0.password,u1_0.password_cnsr,u1_0.password_hint,u1_0.chg_pwd_last_pnttm,u1_0.role,u1_0.sbscrb_de,u1_0.sexdstn_code,u1_0.crtfc_dn_value,u1_0.user_nm,u1_0.zip from nemplyrinfo u1_0 where u1_0.emplyr_id=?
2026-03-16 17:02:17 [http-nio-8080-exec-6] DEBUG o.s.orm.jpa.JpaTransactionManager - Exposing JPA transaction as JDBC [org.springframework.orm.jpa.vendor.HibernateJpaDialect$HibernateConnectionHandle@a5bc7a3]
2026-03-16 17:02:17 [http-nio-8080-exec-6] DEBUG o.s.orm.jpa.JpaTransactionManager - Found thread-bound EntityManager [SessionImpl(1526595087<open>)] for JPA transaction
2026-03-16 17:02:17 [http-nio-8080-exec-6] DEBUG o.s.orm.jpa.JpaTransactionManager - Participating in existing transaction
2026-03-16 17:02:17 [http-nio-8080-exec-6] DEBUG org.hibernate.SQL - select u1_0.emplyr_id,u1_0.area_no,u1_0.brthdy,u1_0.chg_pwd_cnt,u1_0.frst_register_id,u1_0.frst_regist_pnttm,u1_0.detail_adres,u1_0.email_adres,u1_0.emplyr_sttus_code,u1_0.empl_no,u1_0.esntl_id,u1_0.fxnum,u1_0.group_id,u1_0.house_adres,u1_0.house_end_telno,u1_0.house_middle_telno,u1_0.ihidnum,u1_0.pstinst_code,u1_0.last_updusr_id,u1_0.last_updt_pnttm,u1_0.lock_at,u1_0.lock_cnt,u1_0.lock_last_pnttm,u1_0.mbtlnum,u1_0.ofcps_nm,u1_0.offm_telno,u1_0.orgnzt_id,u1_0.password,u1_0.password_cnsr,u1_0.password_hint,u1_0.chg_pwd_last_pnttm,u1_0.role,u1_0.sbscrb_de,u1_0.sexdstn_code,u1_0.crtfc_dn_value,u1_0.user_nm,u1_0.zip from nemplyrinfo u1_0 where u1_0.emplyr_id=?
2026-03-16 17:02:17 [http-nio-8080-exec-5] DEBUG o.s.orm.jpa.JpaTransactionManager - Closing JPA EntityManager [SessionImpl(642510505<open>)] after transaction
2026-03-16 17:02:17 [http-nio-8080-exec-5] DEBUG o.s.w.s.m.m.a.HttpEntityMethodProcessor - Using 'application/json', given [application/json, text/plain, */*] and supported [application/json, application/*+json, application/yaml]
2026-03-16 17:02:17 [http-nio-8080-exec-5] TRACE o.s.w.s.m.m.a.HttpEntityMethodProcessor - Writing [ApiResponse[success=true, status=200, code=COMMON_001, message=Success, data=[NotificationDto(ntfcNo=NT001, ntfcSj=테스트 알림입니다, ntfcCn=알림 내용입니다, ntfcDate=null, ntfcTime=2026-02-25T00:59:33.784070, bhNtfcIntrvl=null, uniqId=null, frstRegisterId=null, frstRegisterPnttm=2026-02-25T00:59:33.784070, lastUpdusrId=null, lastUpdusrPnttm=null)], timestamp=2026-03-16T17:02:17.166125]]
2026-03-16 17:02:17 [http-nio-8080-exec-5] INFO  c.c.p.a.i.OperationalAuditInterceptor - API Audit Log: URL=/api/v1/notifications, User=webmaster, IP=127.0.0.1
2026-03-16 17:02:17 [http-nio-8080-exec-5] DEBUG o.s.web.servlet.DispatcherServlet - Completed 200 OK
2026-03-16 17:02:17 [http-nio-8080-exec-17] DEBUG o.s.orm.jpa.JpaTransactionManager - Found thread-bound EntityManager [SessionImpl(1193844228<open>)] for JPA transaction
2026-03-16 17:02:17 [http-nio-8080-exec-17] DEBUG o.s.orm.jpa.JpaTransactionManager - Participating in existing transaction
2026-03-16 17:02:17 [http-nio-8080-exec-17] DEBUG org.hibernate.SQL - select ua1_0.scrty_dtrmn_trget_id,ua1_0.author_code,ua1_0.frst_register_id,ua1_0.frst_regist_pnttm,ua1_0.last_updusr_id,ua1_0.last_updt_pnttm,ua1_0.mber_ty_code from nemplyrscrtyestbs ua1_0 where ua1_0.scrty_dtrmn_trget_id=?
2026-03-16 17:02:17 [http-nio-8080-exec-15] DEBUG c.c.p.s.jwt.JwtAuthenticationFilter - >>> [JwtFilter] Processing request: GET /api/v1/notifications
2026-03-16 17:02:17 [http-nio-8080-exec-15] DEBUG c.c.p.s.jwt.JwtAuthenticationFilter - >>> [JwtFilter] Found token in header for path: /api/v1/notifications
2026-03-16 17:02:17 [http-nio-8080-exec-15] DEBUG o.s.orm.jpa.JpaTransactionManager - Creating new transaction with name [com.company.project.security.iam.CustomUserDetailsService.loadUserByUsername]: PROPAGATION_REQUIRED,ISOLATION_DEFAULT,readOnly
2026-03-16 17:02:17 [http-nio-8080-exec-15] DEBUG o.s.orm.jpa.JpaTransactionManager - Opened new EntityManager [SessionImpl(1699870015<open>)] for JPA transaction
2026-03-16 17:02:17 [http-nio-8080-exec-6] DEBUG o.s.orm.jpa.JpaTransactionManager - Found thread-bound EntityManager [SessionImpl(1526595087<open>)] for JPA transaction
2026-03-16 17:02:17 [http-nio-8080-exec-6] DEBUG o.s.orm.jpa.JpaTransactionManager - Participating in existing transaction
2026-03-16 17:02:17 [http-nio-8080-exec-6] DEBUG org.hibernate.SQL - select ua1_0.scrty_dtrmn_trget_id,ua1_0.author_code,ua1_0.frst_register_id,ua1_0.frst_regist_pnttm,ua1_0.last_updusr_id,ua1_0.last_updt_pnttm,ua1_0.mber_ty_code from nemplyrscrtyestbs ua1_0 where ua1_0.scrty_dtrmn_trget_id=?
2026-03-16 17:02:17 [http-nio-8080-exec-17] DEBUG o.s.orm.jpa.JpaTransactionManager - Initiating transaction commit
2026-03-16 17:02:17 [http-nio-8080-exec-17] DEBUG o.s.orm.jpa.JpaTransactionManager - Committing JPA transaction on EntityManager [SessionImpl(1193844228<open>)]
2026-03-16 17:02:17 [http-nio-8080-exec-15] DEBUG o.s.orm.jpa.JpaTransactionManager - Exposing JPA transaction as JDBC [org.springframework.orm.jpa.vendor.HibernateJpaDialect$HibernateConnectionHandle@abb0c78]
2026-03-16 17:02:17 [http-nio-8080-exec-15] DEBUG o.s.orm.jpa.JpaTransactionManager - Found thread-bound EntityManager [SessionImpl(1699870015<open>)] for JPA transaction
2026-03-16 17:02:17 [http-nio-8080-exec-15] DEBUG o.s.orm.jpa.JpaTransactionManager - Participating in existing transaction
2026-03-16 17:02:17 [http-nio-8080-exec-15] DEBUG org.hibernate.SQL - select u1_0.emplyr_id,u1_0.area_no,u1_0.brthdy,u1_0.chg_pwd_cnt,u1_0.frst_register_id,u1_0.frst_regist_pnttm,u1_0.detail_adres,u1_0.email_adres,u1_0.emplyr_sttus_code,u1_0.empl_no,u1_0.esntl_id,u1_0.fxnum,u1_0.group_id,u1_0.house_adres,u1_0.house_end_telno,u1_0.house_middle_telno,u1_0.ihidnum,u1_0.pstinst_code,u1_0.last_updusr_id,u1_0.last_updt_pnttm,u1_0.lock_at,u1_0.lock_cnt,u1_0.lock_last_pnttm,u1_0.mbtlnum,u1_0.ofcps_nm,u1_0.offm_telno,u1_0.orgnzt_id,u1_0.password,u1_0.password_cnsr,u1_0.password_hint,u1_0.chg_pwd_last_pnttm,u1_0.role,u1_0.sbscrb_de,u1_0.sexdstn_code,u1_0.crtfc_dn_value,u1_0.user_nm,u1_0.zip from nemplyrinfo u1_0 where u1_0.emplyr_id=?
2026-03-16 17:02:17 [http-nio-8080-exec-6] DEBUG o.s.orm.jpa.JpaTransactionManager - Initiating transaction commit
2026-03-16 17:02:17 [http-nio-8080-exec-6] DEBUG o.s.orm.jpa.JpaTransactionManager - Committing JPA transaction on EntityManager [SessionImpl(1526595087<open>)]
2026-03-16 17:02:17 [http-nio-8080-exec-17] DEBUG o.s.orm.jpa.JpaTransactionManager - Closing JPA EntityManager [SessionImpl(1193844228<open>)] after transaction
2026-03-16 17:02:17 [http-nio-8080-exec-17] DEBUG c.c.p.s.jwt.JwtAuthenticationFilter - >>> [JwtFilter] Successfully authenticated user: USRCNFRM_99999999999, Authorities: [ROLE_ADMIN]
2026-03-16 17:02:17 [http-nio-8080-exec-17] DEBUG o.s.web.servlet.DispatcherServlet - GET "/api/v1/menu/left?menuNo=20", parameters={masked}
2026-03-16 17:02:17 [http-nio-8080-exec-17] TRACE o.s.w.s.m.m.a.RequestMappingHandlerMapping - Mapped to com.company.project.api.controller.menu.MenuController#getLeftMenu(Long)
2026-03-16 17:02:17 [http-nio-8080-exec-17] INFO  c.c.p.a.c.menu.MenuController - getLeftMenu called with menuNo=20
2026-03-16 17:02:17 [http-nio-8080-exec-17] DEBUG o.s.orm.jpa.JpaTransactionManager - Creating new transaction with name [com.company.project.service.menu.MenuService.getSubMenus]: PROPAGATION_REQUIRED,ISOLATION_DEFAULT,readOnly
2026-03-16 17:02:17 [http-nio-8080-exec-17] DEBUG o.s.orm.jpa.JpaTransactionManager - Opened new EntityManager [SessionImpl(44076526<open>)] for JPA transaction
2026-03-16 17:02:17 [http-nio-8080-exec-17] DEBUG o.s.orm.jpa.JpaTransactionManager - Exposing JPA transaction as JDBC [org.springframework.orm.jpa.vendor.HibernateJpaDialect$HibernateConnectionHandle@64a8ae59]
2026-03-16 17:02:17 [http-nio-8080-exec-17] DEBUG org.hibernate.SQL - select m1_0.menu_no,m1_0.menu_dc,m1_0.menu_nm,m1_0.menu_ordr,m1_0.modern_route,m1_0.progrm_file_nm,m1_0.relate_image_nm,m1_0.relate_image_path,m1_0.route_updated_at,m1_0.upper_menu_no from nmenuinfo m1_0 order by m1_0.upper_menu_no,m1_0.menu_ordr
2026-03-16 17:02:17 [http-nio-8080-exec-15] DEBUG o.s.orm.jpa.JpaTransactionManager - Found thread-bound EntityManager [SessionImpl(1699870015<open>)] for JPA transaction
2026-03-16 17:02:17 [http-nio-8080-exec-15] DEBUG o.s.orm.jpa.JpaTransactionManager - Participating in existing transaction
2026-03-16 17:02:17 [http-nio-8080-exec-15] DEBUG org.hibernate.SQL - select ua1_0.scrty_dtrmn_trget_id,ua1_0.author_code,ua1_0.frst_register_id,ua1_0.frst_regist_pnttm,ua1_0.last_updusr_id,ua1_0.last_updt_pnttm,ua1_0.mber_ty_code from nemplyrscrtyestbs ua1_0 where ua1_0.scrty_dtrmn_trget_id=?
2026-03-16 17:02:17 [http-nio-8080-exec-6] DEBUG o.s.orm.jpa.JpaTransactionManager - Closing JPA EntityManager [SessionImpl(1526595087<open>)] after transaction
2026-03-16 17:02:17 [http-nio-8080-exec-6] DEBUG c.c.p.s.jwt.JwtAuthenticationFilter - >>> [JwtFilter] Successfully authenticated user: USRCNFRM_99999999999, Authorities: [ROLE_ADMIN]
2026-03-16 17:02:17 [http-nio-8080-exec-6] DEBUG o.s.web.servlet.DispatcherServlet - GET "/api/v1/notifications/unread-count", parameters={}
2026-03-16 17:02:17 [http-nio-8080-exec-6] TRACE o.s.w.s.m.m.a.RequestMappingHandlerMapping - Mapped to com.company.project.api.controller.notification.NotificationController#getUnreadCount(UserDetails)
2026-03-16 17:02:17 [http-nio-8080-exec-6] DEBUG o.s.orm.jpa.JpaTransactionManager - Creating new transaction with name [com.company.project.service.notification.NotificationService.getUnreadCount]: PROPAGATION_REQUIRED,ISOLATION_DEFAULT,readOnly
2026-03-16 17:02:17 [http-nio-8080-exec-6] DEBUG o.s.orm.jpa.JpaTransactionManager - Opened new EntityManager [SessionImpl(1040622659<open>)] for JPA transaction
2026-03-16 17:02:17 [http-nio-8080-exec-6] DEBUG o.s.orm.jpa.JpaTransactionManager - Exposing JPA transaction as JDBC [org.springframework.orm.jpa.vendor.HibernateJpaDialect$HibernateConnectionHandle@1245b5d1]
2026-03-16 17:02:17 [http-nio-8080-exec-6] DEBUG org.hibernate.SQL - select count(n1_0.ntcn_no) from n_user_notification n1_0 where n1_0.receiver_id=? and n1_0.is_read=?
2026-03-16 17:02:17 [http-nio-8080-exec-15] DEBUG o.s.orm.jpa.JpaTransactionManager - Initiating transaction commit
2026-03-16 17:02:17 [http-nio-8080-exec-15] DEBUG o.s.orm.jpa.JpaTransactionManager - Committing JPA transaction on EntityManager [SessionImpl(1699870015<open>)]
2026-03-16 17:02:17 [http-nio-8080-exec-6] DEBUG o.s.orm.jpa.JpaTransactionManager - Initiating transaction commit
2026-03-16 17:02:17 [http-nio-8080-exec-6] DEBUG o.s.orm.jpa.JpaTransactionManager - Committing JPA transaction on EntityManager [SessionImpl(1040622659<open>)]
2026-03-16 17:02:17 [http-nio-8080-exec-17] DEBUG o.s.orm.jpa.JpaTransactionManager - Found thread-bound EntityManager [SessionImpl(44076526<open>)] for JPA transaction
2026-03-16 17:02:17 [http-nio-8080-exec-17] DEBUG o.s.orm.jpa.JpaTransactionManager - Participating in existing transaction
2026-03-16 17:02:17 [http-nio-8080-exec-17] DEBUG org.hibernate.SQL - select p1_0.progrm_file_nm,p1_0.progrm_dc,p1_0.progrm_korean_nm,p1_0.progrm_stre_path,p1_0.url from nprogrmlist p1_0
2026-03-16 17:02:17 [http-nio-8080-exec-15] DEBUG o.s.orm.jpa.JpaTransactionManager - Closing JPA EntityManager [SessionImpl(1699870015<open>)] after transaction
2026-03-16 17:02:17 [http-nio-8080-exec-15] DEBUG c.c.p.s.jwt.JwtAuthenticationFilter - >>> [JwtFilter] Successfully authenticated user: USRCNFRM_99999999999, Authorities: [ROLE_ADMIN]
2026-03-16 17:02:17 [http-nio-8080-exec-15] DEBUG o.s.web.servlet.DispatcherServlet - GET "/api/v1/notifications", parameters={}
2026-03-16 17:02:17 [http-nio-8080-exec-15] TRACE o.s.w.s.m.m.a.RequestMappingHandlerMapping - Mapped to com.company.project.api.controller.notification.NotificationController#getMyNotifications(UserDetails)
2026-03-16 17:02:17 [http-nio-8080-exec-15] DEBUG o.s.orm.jpa.JpaTransactionManager - Creating new transaction with name [com.company.project.service.notification.NotificationService.getActiveNotifications]: PROPAGATION_REQUIRED,ISOLATION_DEFAULT,readOnly
2026-03-16 17:02:17 [http-nio-8080-exec-15] DEBUG o.s.orm.jpa.JpaTransactionManager - Opened new EntityManager [SessionImpl(15048888<open>)] for JPA transaction
2026-03-16 17:02:17 [http-nio-8080-exec-15] DEBUG o.s.orm.jpa.JpaTransactionManager - Exposing JPA transaction as JDBC [org.springframework.orm.jpa.vendor.HibernateJpaDialect$HibernateConnectionHandle@42a686f9]
2026-03-16 17:02:17 [http-nio-8080-exec-15] DEBUG o.s.orm.jpa.JpaTransactionManager - Found thread-bound EntityManager [SessionImpl(15048888<open>)] for JPA transaction
2026-03-16 17:02:17 [http-nio-8080-exec-15] DEBUG o.s.orm.jpa.JpaTransactionManager - Participating in existing transaction
2026-03-16 17:02:17 [http-nio-8080-exec-15] DEBUG org.hibernate.SQL - select n1_0.ntcn_no,n1_0.frst_register_id,n1_0.frst_regist_pnttm,n1_0.is_read,n1_0.last_updusr_id,n1_0.last_updt_pnttm,n1_0.link_url,n1_0.ntcn_cn,n1_0.ntcn_sj,n1_0.receiver_id from n_user_notification n1_0
2026-03-16 17:02:17 [http-nio-8080-exec-6] DEBUG o.s.orm.jpa.JpaTransactionManager - Closing JPA EntityManager [SessionImpl(1040622659<open>)] after transaction
2026-03-16 17:02:17 [http-nio-8080-exec-6] DEBUG o.s.w.s.m.m.a.HttpEntityMethodProcessor - Using 'application/json', given [application/json, text/plain, */*] and supported [application/json, application/*+json, application/yaml]
2026-03-16 17:02:17 [http-nio-8080-exec-6] TRACE o.s.w.s.m.m.a.HttpEntityMethodProcessor - Writing [ApiResponse[success=true, status=200, code=COMMON_001, message=Success, data=0, timestamp=2026-03-16T17:02:17.902285]]
2026-03-16 17:02:17 [http-nio-8080-exec-6] INFO  c.c.p.a.i.OperationalAuditInterceptor - API Audit Log: URL=/api/v1/notifications/unread-count, User=webmaster, IP=127.0.0.1
2026-03-16 17:02:17 [http-nio-8080-exec-6] DEBUG o.s.web.servlet.DispatcherServlet - Completed 200 OK
2026-03-16 17:02:17 [http-nio-8080-exec-10] DEBUG c.c.p.s.jwt.JwtAuthenticationFilter - >>> [JwtFilter] Processing request: GET /api/v1/notifications/unread-count
2026-03-16 17:02:17 [http-nio-8080-exec-10] DEBUG c.c.p.s.jwt.JwtAuthenticationFilter - >>> [JwtFilter] Found token in header for path: /api/v1/notifications/unread-count
2026-03-16 17:02:17 [http-nio-8080-exec-10] DEBUG o.s.orm.jpa.JpaTransactionManager - Creating new transaction with name [com.company.project.security.iam.CustomUserDetailsService.loadUserByUsername]: PROPAGATION_REQUIRED,ISOLATION_DEFAULT,readOnly
2026-03-16 17:02:17 [http-nio-8080-exec-10] DEBUG o.s.orm.jpa.JpaTransactionManager - Opened new EntityManager [SessionImpl(1796665704<open>)] for JPA transaction
2026-03-16 17:02:17 [http-nio-8080-exec-10] DEBUG o.s.orm.jpa.JpaTransactionManager - Exposing JPA transaction as JDBC [org.springframework.orm.jpa.vendor.HibernateJpaDialect$HibernateConnectionHandle@4a9ac30a]
2026-03-16 17:02:17 [http-nio-8080-exec-10] DEBUG o.s.orm.jpa.JpaTransactionManager - Found thread-bound EntityManager [SessionImpl(1796665704<open>)] for JPA transaction
2026-03-16 17:02:17 [http-nio-8080-exec-10] DEBUG o.s.orm.jpa.JpaTransactionManager - Participating in existing transaction
2026-03-16 17:02:17 [http-nio-8080-exec-10] DEBUG org.hibernate.SQL - select u1_0.emplyr_id,u1_0.area_no,u1_0.brthdy,u1_0.chg_pwd_cnt,u1_0.frst_register_id,u1_0.frst_regist_pnttm,u1_0.detail_adres,u1_0.email_adres,u1_0.emplyr_sttus_code,u1_0.empl_no,u1_0.esntl_id,u1_0.fxnum,u1_0.group_id,u1_0.house_adres,u1_0.house_end_telno,u1_0.house_middle_telno,u1_0.ihidnum,u1_0.pstinst_code,u1_0.last_updusr_id,u1_0.last_updt_pnttm,u1_0.lock_at,u1_0.lock_cnt,u1_0.lock_last_pnttm,u1_0.mbtlnum,u1_0.ofcps_nm,u1_0.offm_telno,u1_0.orgnzt_id,u1_0.password,u1_0.password_cnsr,u1_0.password_hint,u1_0.chg_pwd_last_pnttm,u1_0.role,u1_0.sbscrb_de,u1_0.sexdstn_code,u1_0.crtfc_dn_value,u1_0.user_nm,u1_0.zip from nemplyrinfo u1_0 where u1_0.emplyr_id=?
2026-03-16 17:02:17 [http-nio-8080-exec-17] DEBUG o.s.orm.jpa.JpaTransactionManager - Initiating transaction commit
2026-03-16 17:02:17 [http-nio-8080-exec-17] DEBUG o.s.orm.jpa.JpaTransactionManager - Committing JPA transaction on EntityManager [SessionImpl(44076526<open>)]
2026-03-16 17:02:17 [http-nio-8080-exec-15] DEBUG o.s.orm.jpa.JpaTransactionManager - Initiating transaction commit
2026-03-16 17:02:17 [http-nio-8080-exec-15] DEBUG o.s.orm.jpa.JpaTransactionManager - Committing JPA transaction on EntityManager [SessionImpl(15048888<open>)]
2026-03-16 17:02:18 [http-nio-8080-exec-10] DEBUG o.s.orm.jpa.JpaTransactionManager - Found thread-bound EntityManager [SessionImpl(1796665704<open>)] for JPA transaction
2026-03-16 17:02:18 [http-nio-8080-exec-10] DEBUG o.s.orm.jpa.JpaTransactionManager - Participating in existing transaction
2026-03-16 17:02:18 [http-nio-8080-exec-10] DEBUG org.hibernate.SQL - select ua1_0.scrty_dtrmn_trget_id,ua1_0.author_code,ua1_0.frst_register_id,ua1_0.frst_regist_pnttm,ua1_0.last_updusr_id,ua1_0.last_updt_pnttm,ua1_0.mber_ty_code from nemplyrscrtyestbs ua1_0 where ua1_0.scrty_dtrmn_trget_id=?
2026-03-16 17:02:18 [http-nio-8080-exec-17] DEBUG o.s.orm.jpa.JpaTransactionManager - Closing JPA EntityManager [SessionImpl(44076526<open>)] after transaction
2026-03-16 17:02:18 [http-nio-8080-exec-17] INFO  c.c.p.a.c.menu.MenuController - getLeftMenu returned 3 items
2026-03-16 17:02:18 [http-nio-8080-exec-17] DEBUG o.s.w.s.m.m.a.HttpEntityMethodProcessor - Using 'application/json', given [application/json, text/plain, */*] and supported [application/json, application/*+json, application/yaml]
2026-03-16 17:02:18 [http-nio-8080-exec-17] TRACE o.s.w.s.m.m.a.HttpEntityMethodProcessor - Writing [ApiResponse[success=true, status=200, code=COMMON_001, message=Success, data={list=[com.company.project.service.menu.dto.MenuDto@25ea25ba, com.company.project.service.menu.dto.MenuDto@47f56c04, com.company.project.service.menu.dto.MenuDto@bcc4def]}, timestamp=2026-03-16T17:02:18.070625300]]
2026-03-16 17:02:18 [http-nio-8080-exec-17] INFO  c.c.p.a.i.OperationalAuditInterceptor - API Audit Log: URL=/api/v1/menu/left, User=webmaster, IP=127.0.0.1
2026-03-16 17:02:18 [http-nio-8080-exec-17] DEBUG o.s.web.servlet.DispatcherServlet - Completed 200 OK
2026-03-16 17:02:18 [http-nio-8080-exec-19] DEBUG c.c.p.s.jwt.JwtAuthenticationFilter - >>> [JwtFilter] Processing request: GET /api/v1/menu/left
2026-03-16 17:02:18 [http-nio-8080-exec-19] DEBUG c.c.p.s.jwt.JwtAuthenticationFilter - >>> [JwtFilter] Found token in header for path: /api/v1/menu/left
2026-03-16 17:02:18 [http-nio-8080-exec-19] DEBUG o.s.orm.jpa.JpaTransactionManager - Creating new transaction with name [com.company.project.security.iam.CustomUserDetailsService.loadUserByUsername]: PROPAGATION_REQUIRED,ISOLATION_DEFAULT,readOnly
2026-03-16 17:02:18 [http-nio-8080-exec-19] DEBUG o.s.orm.jpa.JpaTransactionManager - Opened new EntityManager [SessionImpl(1316632160<open>)] for JPA transaction
2026-03-16 17:02:18 [http-nio-8080-exec-15] DEBUG o.s.orm.jpa.JpaTransactionManager - Closing JPA EntityManager [SessionImpl(15048888<open>)] after transaction
2026-03-16 17:02:18 [http-nio-8080-exec-15] DEBUG o.s.w.s.m.m.a.HttpEntityMethodProcessor - Using 'application/json', given [application/json, text/plain, */*] and supported [application/json, application/*+json, application/yaml]
2026-03-16 17:02:18 [http-nio-8080-exec-15] TRACE o.s.w.s.m.m.a.HttpEntityMethodProcessor - Writing [ApiResponse[success=true, status=200, code=COMMON_001, message=Success, data=[NotificationDto(ntfcNo=NT001, ntfcSj=테스트 알림입니다, ntfcCn=알림 내용입니다, ntfcDate=null, ntfcTime=2026-02-25T00:59:33.784070, bhNtfcIntrvl=null, uniqId=null, frstRegisterId=null, frstRegisterPnttm=2026-02-25T00:59:33.784070, lastUpdusrId=null, lastUpdusrPnttm=null)], timestamp=2026-03-16T17:02:18.118103400]]
2026-03-16 17:02:18 [http-nio-8080-exec-15] INFO  c.c.p.a.i.OperationalAuditInterceptor - API Audit Log: URL=/api/v1/notifications, User=webmaster, IP=127.0.0.1
2026-03-16 17:02:18 [http-nio-8080-exec-15] DEBUG o.s.web.servlet.DispatcherServlet - Completed 200 OK
2026-03-16 17:02:18 [http-nio-8080-exec-11] DEBUG c.c.p.s.jwt.JwtAuthenticationFilter - >>> [JwtFilter] Processing request: GET /api/v1/notifications
2026-03-16 17:02:18 [http-nio-8080-exec-11] DEBUG c.c.p.s.jwt.JwtAuthenticationFilter - >>> [JwtFilter] Found token in header for path: /api/v1/notifications
2026-03-16 17:02:18 [http-nio-8080-exec-11] DEBUG o.s.orm.jpa.JpaTransactionManager - Creating new transaction with name [com.company.project.security.iam.CustomUserDetailsService.loadUserByUsername]: PROPAGATION_REQUIRED,ISOLATION_DEFAULT,readOnly
2026-03-16 17:02:18 [http-nio-8080-exec-11] DEBUG o.s.orm.jpa.JpaTransactionManager - Opened new EntityManager [SessionImpl(733424944<open>)] for JPA transaction
2026-03-16 17:02:18 [http-nio-8080-exec-11] DEBUG o.s.orm.jpa.JpaTransactionManager - Exposing JPA transaction as JDBC [org.springframework.orm.jpa.vendor.HibernateJpaDialect$HibernateConnectionHandle@685ea3d8]
2026-03-16 17:02:18 [http-nio-8080-exec-11] DEBUG o.s.orm.jpa.JpaTransactionManager - Found thread-bound EntityManager [SessionImpl(733424944<open>)] for JPA transaction
2026-03-16 17:02:18 [http-nio-8080-exec-11] DEBUG o.s.orm.jpa.JpaTransactionManager - Participating in existing transaction
2026-03-16 17:02:18 [http-nio-8080-exec-11] DEBUG org.hibernate.SQL - select u1_0.emplyr_id,u1_0.area_no,u1_0.brthdy,u1_0.chg_pwd_cnt,u1_0.frst_register_id,u1_0.frst_regist_pnttm,u1_0.detail_adres,u1_0.email_adres,u1_0.emplyr_sttus_code,u1_0.empl_no,u1_0.esntl_id,u1_0.fxnum,u1_0.group_id,u1_0.house_adres,u1_0.house_end_telno,u1_0.house_middle_telno,u1_0.ihidnum,u1_0.pstinst_code,u1_0.last_updusr_id,u1_0.last_updt_pnttm,u1_0.lock_at,u1_0.lock_cnt,u1_0.lock_last_pnttm,u1_0.mbtlnum,u1_0.ofcps_nm,u1_0.offm_telno,u1_0.orgnzt_id,u1_0.password,u1_0.password_cnsr,u1_0.password_hint,u1_0.chg_pwd_last_pnttm,u1_0.role,u1_0.sbscrb_de,u1_0.sexdstn_code,u1_0.crtfc_dn_value,u1_0.user_nm,u1_0.zip from nemplyrinfo u1_0 where u1_0.emplyr_id=?
2026-03-16 17:02:18 [http-nio-8080-exec-10] DEBUG o.s.orm.jpa.JpaTransactionManager - Initiating transaction commit
2026-03-16 17:02:18 [http-nio-8080-exec-10] DEBUG o.s.orm.jpa.JpaTransactionManager - Committing JPA transaction on EntityManager [SessionImpl(1796665704<open>)]
2026-03-16 17:02:18 [http-nio-8080-exec-19] DEBUG o.s.orm.jpa.JpaTransactionManager - Exposing JPA transaction as JDBC [org.springframework.orm.jpa.vendor.HibernateJpaDialect$HibernateConnectionHandle@5668bcc7]
2026-03-16 17:02:18 [http-nio-8080-exec-19] DEBUG o.s.orm.jpa.JpaTransactionManager - Found thread-bound EntityManager [SessionImpl(1316632160<open>)] for JPA transaction
2026-03-16 17:02:18 [http-nio-8080-exec-19] DEBUG o.s.orm.jpa.JpaTransactionManager - Participating in existing transaction
2026-03-16 17:02:18 [http-nio-8080-exec-19] DEBUG org.hibernate.SQL - select u1_0.emplyr_id,u1_0.area_no,u1_0.brthdy,u1_0.chg_pwd_cnt,u1_0.frst_register_id,u1_0.frst_regist_pnttm,u1_0.detail_adres,u1_0.email_adres,u1_0.emplyr_sttus_code,u1_0.empl_no,u1_0.esntl_id,u1_0.fxnum,u1_0.group_id,u1_0.house_adres,u1_0.house_end_telno,u1_0.house_middle_telno,u1_0.ihidnum,u1_0.pstinst_code,u1_0.last_updusr_id,u1_0.last_updt_pnttm,u1_0.lock_at,u1_0.lock_cnt,u1_0.lock_last_pnttm,u1_0.mbtlnum,u1_0.ofcps_nm,u1_0.offm_telno,u1_0.orgnzt_id,u1_0.password,u1_0.password_cnsr,u1_0.password_hint,u1_0.chg_pwd_last_pnttm,u1_0.role,u1_0.sbscrb_de,u1_0.sexdstn_code,u1_0.crtfc_dn_value,u1_0.user_nm,u1_0.zip from nemplyrinfo u1_0 where u1_0.emplyr_id=?
2026-03-16 17:02:18 [http-nio-8080-exec-11] DEBUG o.s.orm.jpa.JpaTransactionManager - Found thread-bound EntityManager [SessionImpl(733424944<open>)] for JPA transaction
2026-03-16 17:02:18 [http-nio-8080-exec-11] DEBUG o.s.orm.jpa.JpaTransactionManager - Participating in existing transaction
2026-03-16 17:02:18 [http-nio-8080-exec-11] DEBUG org.hibernate.SQL - select ua1_0.scrty_dtrmn_trget_id,ua1_0.author_code,ua1_0.frst_register_id,ua1_0.frst_regist_pnttm,ua1_0.last_updusr_id,ua1_0.last_updt_pnttm,ua1_0.mber_ty_code from nemplyrscrtyestbs ua1_0 where ua1_0.scrty_dtrmn_trget_id=?
2026-03-16 17:02:18 [http-nio-8080-exec-10] DEBUG o.s.orm.jpa.JpaTransactionManager - Closing JPA EntityManager [SessionImpl(1796665704<open>)] after transaction
2026-03-16 17:02:18 [http-nio-8080-exec-10] DEBUG c.c.p.s.jwt.JwtAuthenticationFilter - >>> [JwtFilter] Successfully authenticated user: USRCNFRM_99999999999, Authorities: [ROLE_ADMIN]
2026-03-16 17:02:18 [http-nio-8080-exec-10] DEBUG o.s.web.servlet.DispatcherServlet - GET "/api/v1/notifications/unread-count", parameters={}
2026-03-16 17:02:18 [http-nio-8080-exec-10] TRACE o.s.w.s.m.m.a.RequestMappingHandlerMapping - Mapped to com.company.project.api.controller.notification.NotificationController#getUnreadCount(UserDetails)
2026-03-16 17:02:18 [http-nio-8080-exec-10] DEBUG o.s.orm.jpa.JpaTransactionManager - Creating new transaction with name [com.company.project.service.notification.NotificationService.getUnreadCount]: PROPAGATION_REQUIRED,ISOLATION_DEFAULT,readOnly
2026-03-16 17:02:18 [http-nio-8080-exec-10] DEBUG o.s.orm.jpa.JpaTransactionManager - Opened new EntityManager [SessionImpl(72656280<open>)] for JPA transaction
2026-03-16 17:02:18 [http-nio-8080-exec-10] DEBUG o.s.orm.jpa.JpaTransactionManager - Exposing JPA transaction as JDBC [org.springframework.orm.jpa.vendor.HibernateJpaDialect$HibernateConnectionHandle@5d75fb8d]
2026-03-16 17:02:18 [http-nio-8080-exec-10] DEBUG org.hibernate.SQL - select count(n1_0.ntcn_no) from n_user_notification n1_0 where n1_0.receiver_id=? and n1_0.is_read=?
2026-03-16 17:02:18 [http-nio-8080-exec-19] DEBUG o.s.orm.jpa.JpaTransactionManager - Found thread-bound EntityManager [SessionImpl(1316632160<open>)] for JPA transaction
2026-03-16 17:02:18 [http-nio-8080-exec-19] DEBUG o.s.orm.jpa.JpaTransactionManager - Participating in existing transaction
2026-03-16 17:02:18 [http-nio-8080-exec-19] DEBUG org.hibernate.SQL - select ua1_0.scrty_dtrmn_trget_id,ua1_0.author_code,ua1_0.frst_register_id,ua1_0.frst_regist_pnttm,ua1_0.last_updusr_id,ua1_0.last_updt_pnttm,ua1_0.mber_ty_code from nemplyrscrtyestbs ua1_0 where ua1_0.scrty_dtrmn_trget_id=?
2026-03-16 17:02:18 [http-nio-8080-exec-11] DEBUG o.s.orm.jpa.JpaTransactionManager - Initiating transaction commit
2026-03-16 17:02:18 [http-nio-8080-exec-11] DEBUG o.s.orm.jpa.JpaTransactionManager - Committing JPA transaction on EntityManager [SessionImpl(733424944<open>)]
2026-03-16 17:02:18 [http-nio-8080-exec-10] DEBUG o.s.orm.jpa.JpaTransactionManager - Initiating transaction commit
2026-03-16 17:02:18 [http-nio-8080-exec-10] DEBUG o.s.orm.jpa.JpaTransactionManager - Committing JPA transaction on EntityManager [SessionImpl(72656280<open>)]
2026-03-16 17:02:18 [http-nio-8080-exec-19] DEBUG o.s.orm.jpa.JpaTransactionManager - Initiating transaction commit
2026-03-16 17:02:18 [http-nio-8080-exec-19] DEBUG o.s.orm.jpa.JpaTransactionManager - Committing JPA transaction on EntityManager [SessionImpl(1316632160<open>)]
2026-03-16 17:02:18 [http-nio-8080-exec-11] DEBUG o.s.orm.jpa.JpaTransactionManager - Closing JPA EntityManager [SessionImpl(733424944<open>)] after transaction
2026-03-16 17:02:18 [http-nio-8080-exec-11] DEBUG c.c.p.s.jwt.JwtAuthenticationFilter - >>> [JwtFilter] Successfully authenticated user: USRCNFRM_99999999999, Authorities: [ROLE_ADMIN]
2026-03-16 17:02:18 [http-nio-8080-exec-11] DEBUG o.s.web.servlet.DispatcherServlet - GET "/api/v1/notifications", parameters={}
2026-03-16 17:02:18 [http-nio-8080-exec-11] TRACE o.s.w.s.m.m.a.RequestMappingHandlerMapping - Mapped to com.company.project.api.controller.notification.NotificationController#getMyNotifications(UserDetails)
2026-03-16 17:02:18 [http-nio-8080-exec-11] DEBUG o.s.orm.jpa.JpaTransactionManager - Creating new transaction with name [com.company.project.service.notification.NotificationService.getActiveNotifications]: PROPAGATION_REQUIRED,ISOLATION_DEFAULT,readOnly
2026-03-16 17:02:18 [http-nio-8080-exec-11] DEBUG o.s.orm.jpa.JpaTransactionManager - Opened new EntityManager [SessionImpl(2107718533<open>)] for JPA transaction
2026-03-16 17:02:18 [http-nio-8080-exec-11] DEBUG o.s.orm.jpa.JpaTransactionManager - Exposing JPA transaction as JDBC [org.springframework.orm.jpa.vendor.HibernateJpaDialect$HibernateConnectionHandle@4c1422b3]
2026-03-16 17:02:18 [http-nio-8080-exec-11] DEBUG o.s.orm.jpa.JpaTransactionManager - Found thread-bound EntityManager [SessionImpl(2107718533<open>)] for JPA transaction
2026-03-16 17:02:18 [http-nio-8080-exec-11] DEBUG o.s.orm.jpa.JpaTransactionManager - Participating in existing transaction
2026-03-16 17:02:18 [http-nio-8080-exec-11] DEBUG org.hibernate.SQL - select n1_0.ntcn_no,n1_0.frst_register_id,n1_0.frst_regist_pnttm,n1_0.is_read,n1_0.last_updusr_id,n1_0.last_updt_pnttm,n1_0.link_url,n1_0.ntcn_cn,n1_0.ntcn_sj,n1_0.receiver_id from n_user_notification n1_0
2026-03-16 17:02:18 [http-nio-8080-exec-10] DEBUG o.s.orm.jpa.JpaTransactionManager - Closing JPA EntityManager [SessionImpl(72656280<open>)] after transaction
2026-03-16 17:02:18 [http-nio-8080-exec-10] DEBUG o.s.w.s.m.m.a.HttpEntityMethodProcessor - Using 'application/json', given [application/json, text/plain, */*] and supported [application/json, application/*+json, application/yaml]
2026-03-16 17:02:18 [http-nio-8080-exec-10] TRACE o.s.w.s.m.m.a.HttpEntityMethodProcessor - Writing [ApiResponse[success=true, status=200, code=COMMON_001, message=Success, data=0, timestamp=2026-03-16T17:02:18.676432]]
2026-03-16 17:02:18 [http-nio-8080-exec-10] INFO  c.c.p.a.i.OperationalAuditInterceptor - API Audit Log: URL=/api/v1/notifications/unread-count, User=webmaster, IP=127.0.0.1
2026-03-16 17:02:18 [http-nio-8080-exec-10] DEBUG o.s.web.servlet.DispatcherServlet - Completed 200 OK
2026-03-16 17:02:18 [http-nio-8080-exec-19] DEBUG o.s.orm.jpa.JpaTransactionManager - Closing JPA EntityManager [SessionImpl(1316632160<open>)] after transaction
2026-03-16 17:02:18 [http-nio-8080-exec-19] DEBUG c.c.p.s.jwt.JwtAuthenticationFilter - >>> [JwtFilter] Successfully authenticated user: USRCNFRM_99999999999, Authorities: [ROLE_ADMIN]
2026-03-16 17:02:18 [http-nio-8080-exec-19] DEBUG o.s.web.servlet.DispatcherServlet - GET "/api/v1/menu/left?menuNo=40", parameters={masked}
2026-03-16 17:02:18 [http-nio-8080-exec-19] TRACE o.s.w.s.m.m.a.RequestMappingHandlerMapping - Mapped to com.company.project.api.controller.menu.MenuController#getLeftMenu(Long)
2026-03-16 17:02:18 [http-nio-8080-exec-19] INFO  c.c.p.a.c.menu.MenuController - getLeftMenu called with menuNo=40
2026-03-16 17:02:18 [http-nio-8080-exec-19] DEBUG o.s.orm.jpa.JpaTransactionManager - Creating new transaction with name [com.company.project.service.menu.MenuService.getSubMenus]: PROPAGATION_REQUIRED,ISOLATION_DEFAULT,readOnly
2026-03-16 17:02:18 [http-nio-8080-exec-19] DEBUG o.s.orm.jpa.JpaTransactionManager - Opened new EntityManager [SessionImpl(1946635170<open>)] for JPA transaction
2026-03-16 17:02:18 [http-nio-8080-exec-19] DEBUG o.s.orm.jpa.JpaTransactionManager - Exposing JPA transaction as JDBC [org.springframework.orm.jpa.vendor.HibernateJpaDialect$HibernateConnectionHandle@cb372d5]
2026-03-16 17:02:18 [http-nio-8080-exec-19] DEBUG org.hibernate.SQL - select m1_0.menu_no,m1_0.menu_dc,m1_0.menu_nm,m1_0.menu_ordr,m1_0.modern_route,m1_0.progrm_file_nm,m1_0.relate_image_nm,m1_0.relate_image_path,m1_0.route_updated_at,m1_0.upper_menu_no from nmenuinfo m1_0 order by m1_0.upper_menu_no,m1_0.menu_ordr
2026-03-16 17:02:18 [http-nio-8080-exec-11] DEBUG o.s.orm.jpa.JpaTransactionManager - Initiating transaction commit
2026-03-16 17:02:18 [http-nio-8080-exec-11] DEBUG o.s.orm.jpa.JpaTransactionManager - Committing JPA transaction on EntityManager [SessionImpl(2107718533<open>)]
2026-03-16 17:02:18 [http-nio-8080-exec-11] DEBUG o.s.orm.jpa.JpaTransactionManager - Closing JPA EntityManager [SessionImpl(2107718533<open>)] after transaction
2026-03-16 17:02:18 [http-nio-8080-exec-11] DEBUG o.s.w.s.m.m.a.HttpEntityMethodProcessor - Using 'application/json', given [application/json, text/plain, */*] and supported [application/json, application/*+json, application/yaml]
2026-03-16 17:02:18 [http-nio-8080-exec-11] TRACE o.s.w.s.m.m.a.HttpEntityMethodProcessor - Writing [ApiResponse[success=true, status=200, code=COMMON_001, message=Success, data=[NotificationDto(ntfcNo=NT001, ntfcSj=테스트 알림입니다, ntfcCn=알림 내용입니다, ntfcDate=null, ntfcTime=2026-02-25T00:59:33.784070, bhNtfcIntrvl=null, uniqId=null, frstRegisterId=null, frstRegisterPnttm=2026-02-25T00:59:33.784070, lastUpdusrId=null, lastUpdusrPnttm=null)], timestamp=2026-03-16T17:02:18.907750200]]
2026-03-16 17:02:18 [http-nio-8080-exec-11] INFO  c.c.p.a.i.OperationalAuditInterceptor - API Audit Log: URL=/api/v1/notifications, User=webmaster, IP=127.0.0.1
2026-03-16 17:02:18 [http-nio-8080-exec-11] DEBUG o.s.web.servlet.DispatcherServlet - Completed 200 OK
2026-03-16 17:02:18 [http-nio-8080-exec-19] DEBUG o.s.orm.jpa.JpaTransactionManager - Found thread-bound EntityManager [SessionImpl(1946635170<open>)] for JPA transaction
2026-03-16 17:02:18 [http-nio-8080-exec-19] DEBUG o.s.orm.jpa.JpaTransactionManager - Participating in existing transaction
2026-03-16 17:02:18 [http-nio-8080-exec-19] DEBUG org.hibernate.SQL - select p1_0.progrm_file_nm,p1_0.progrm_dc,p1_0.progrm_korean_nm,p1_0.progrm_stre_path,p1_0.url from nprogrmlist p1_0
2026-03-16 17:02:19 [http-nio-8080-exec-19] DEBUG o.s.orm.jpa.JpaTransactionManager - Initiating transaction commit
2026-03-16 17:02:19 [http-nio-8080-exec-19] DEBUG o.s.orm.jpa.JpaTransactionManager - Committing JPA transaction on EntityManager [SessionImpl(1946635170<open>)]
2026-03-16 17:02:19 [http-nio-8080-exec-19] DEBUG o.s.orm.jpa.JpaTransactionManager - Closing JPA EntityManager [SessionImpl(1946635170<open>)] after transaction
2026-03-16 17:02:19 [http-nio-8080-exec-19] INFO  c.c.p.a.c.menu.MenuController - getLeftMenu returned 2 items
2026-03-16 17:02:19 [http-nio-8080-exec-19] DEBUG o.s.w.s.m.m.a.HttpEntityMethodProcessor - Using 'application/json', given [application/json, text/plain, */*] and supported [application/json, application/*+json, application/yaml]
2026-03-16 17:02:19 [http-nio-8080-exec-19] TRACE o.s.w.s.m.m.a.HttpEntityMethodProcessor - Writing [ApiResponse[success=true, status=200, code=COMMON_001, message=Success, data={list=[com.company.project.service.menu.dto.MenuDto@575f8c9d, com.company.project.service.menu.dto.MenuDto@5ec8b890]}, timestamp=2026-03-16T17:02:19.293667800]]
2026-03-16 17:02:19 [http-nio-8080-exec-19] INFO  c.c.p.a.i.OperationalAuditInterceptor - API Audit Log: URL=/api/v1/menu/left, User=webmaster, IP=127.0.0.1
2026-03-16 17:02:19 [http-nio-8080-exec-19] DEBUG o.s.web.servlet.DispatcherServlet - Completed 200 OK
2026-03-16 17:02:19 [http-nio-8080-exec-2] DEBUG c.c.p.s.jwt.JwtAuthenticationFilter - >>> [JwtFilter] Processing request: GET /api/v1/menu/left
2026-03-16 17:02:19 [http-nio-8080-exec-2] DEBUG c.c.p.s.jwt.JwtAuthenticationFilter - >>> [JwtFilter] Found token in header for path: /api/v1/menu/left
2026-03-16 17:02:19 [http-nio-8080-exec-2] DEBUG o.s.orm.jpa.JpaTransactionManager - Creating new transaction with name [com.company.project.security.iam.CustomUserDetailsService.loadUserByUsername]: PROPAGATION_REQUIRED,ISOLATION_DEFAULT,readOnly
2026-03-16 17:02:19 [http-nio-8080-exec-2] DEBUG o.s.orm.jpa.JpaTransactionManager - Opened new EntityManager [SessionImpl(1164487518<open>)] for JPA transaction
2026-03-16 17:02:19 [http-nio-8080-exec-2] DEBUG o.s.orm.jpa.JpaTransactionManager - Exposing JPA transaction as JDBC [org.springframework.orm.jpa.vendor.HibernateJpaDialect$HibernateConnectionHandle@2d3e7829]
2026-03-16 17:02:19 [http-nio-8080-exec-2] DEBUG o.s.orm.jpa.JpaTransactionManager - Found thread-bound EntityManager [SessionImpl(1164487518<open>)] for JPA transaction
2026-03-16 17:02:19 [http-nio-8080-exec-2] DEBUG o.s.orm.jpa.JpaTransactionManager - Participating in existing transaction
2026-03-16 17:02:19 [http-nio-8080-exec-2] DEBUG org.hibernate.SQL - select u1_0.emplyr_id,u1_0.area_no,u1_0.brthdy,u1_0.chg_pwd_cnt,u1_0.frst_register_id,u1_0.frst_regist_pnttm,u1_0.detail_adres,u1_0.email_adres,u1_0.emplyr_sttus_code,u1_0.empl_no,u1_0.esntl_id,u1_0.fxnum,u1_0.group_id,u1_0.house_adres,u1_0.house_end_telno,u1_0.house_middle_telno,u1_0.ihidnum,u1_0.pstinst_code,u1_0.last_updusr_id,u1_0.last_updt_pnttm,u1_0.lock_at,u1_0.lock_cnt,u1_0.lock_last_pnttm,u1_0.mbtlnum,u1_0.ofcps_nm,u1_0.offm_telno,u1_0.orgnzt_id,u1_0.password,u1_0.password_cnsr,u1_0.password_hint,u1_0.chg_pwd_last_pnttm,u1_0.role,u1_0.sbscrb_de,u1_0.sexdstn_code,u1_0.crtfc_dn_value,u1_0.user_nm,u1_0.zip from nemplyrinfo u1_0 where u1_0.emplyr_id=?
2026-03-16 17:02:19 [http-nio-8080-exec-2] DEBUG o.s.orm.jpa.JpaTransactionManager - Found thread-bound EntityManager [SessionImpl(1164487518<open>)] for JPA transaction
2026-03-16 17:02:19 [http-nio-8080-exec-2] DEBUG o.s.orm.jpa.JpaTransactionManager - Participating in existing transaction
2026-03-16 17:02:19 [http-nio-8080-exec-2] DEBUG org.hibernate.SQL - select ua1_0.scrty_dtrmn_trget_id,ua1_0.author_code,ua1_0.frst_register_id,ua1_0.frst_regist_pnttm,ua1_0.last_updusr_id,ua1_0.last_updt_pnttm,ua1_0.mber_ty_code from nemplyrscrtyestbs ua1_0 where ua1_0.scrty_dtrmn_trget_id=?
2026-03-16 17:02:19 [http-nio-8080-exec-2] DEBUG o.s.orm.jpa.JpaTransactionManager - Initiating transaction commit
2026-03-16 17:02:19 [http-nio-8080-exec-2] DEBUG o.s.orm.jpa.JpaTransactionManager - Committing JPA transaction on EntityManager [SessionImpl(1164487518<open>)]
2026-03-16 17:02:19 [http-nio-8080-exec-2] DEBUG o.s.orm.jpa.JpaTransactionManager - Closing JPA EntityManager [SessionImpl(1164487518<open>)] after transaction
2026-03-16 17:02:19 [http-nio-8080-exec-2] DEBUG c.c.p.s.jwt.JwtAuthenticationFilter - >>> [JwtFilter] Successfully authenticated user: USRCNFRM_99999999999, Authorities: [ROLE_ADMIN]
2026-03-16 17:02:19 [http-nio-8080-exec-2] DEBUG o.s.web.servlet.DispatcherServlet - GET "/api/v1/menu/left?menuNo=50", parameters={masked}
2026-03-16 17:02:19 [http-nio-8080-exec-2] TRACE o.s.w.s.m.m.a.RequestMappingHandlerMapping - Mapped to com.company.project.api.controller.menu.MenuController#getLeftMenu(Long)
2026-03-16 17:02:19 [http-nio-8080-exec-2] INFO  c.c.p.a.c.menu.MenuController - getLeftMenu called with menuNo=50
2026-03-16 17:02:19 [http-nio-8080-exec-2] DEBUG o.s.orm.jpa.JpaTransactionManager - Creating new transaction with name [com.company.project.service.menu.MenuService.getSubMenus]: PROPAGATION_REQUIRED,ISOLATION_DEFAULT,readOnly
2026-03-16 17:02:19 [http-nio-8080-exec-2] DEBUG o.s.orm.jpa.JpaTransactionManager - Opened new EntityManager [SessionImpl(1481023328<open>)] for JPA transaction
2026-03-16 17:02:19 [http-nio-8080-exec-2] DEBUG o.s.orm.jpa.JpaTransactionManager - Exposing JPA transaction as JDBC [org.springframework.orm.jpa.vendor.HibernateJpaDialect$HibernateConnectionHandle@101a49fa]
2026-03-16 17:02:19 [http-nio-8080-exec-2] DEBUG org.hibernate.SQL - select m1_0.menu_no,m1_0.menu_dc,m1_0.menu_nm,m1_0.menu_ordr,m1_0.modern_route,m1_0.progrm_file_nm,m1_0.relate_image_nm,m1_0.relate_image_path,m1_0.route_updated_at,m1_0.upper_menu_no from nmenuinfo m1_0 order by m1_0.upper_menu_no,m1_0.menu_ordr
2026-03-16 17:02:20 [http-nio-8080-exec-2] DEBUG o.s.orm.jpa.JpaTransactionManager - Found thread-bound EntityManager [SessionImpl(1481023328<open>)] for JPA transaction
2026-03-16 17:02:20 [http-nio-8080-exec-2] DEBUG o.s.orm.jpa.JpaTransactionManager - Participating in existing transaction
2026-03-16 17:02:20 [http-nio-8080-exec-2] DEBUG org.hibernate.SQL - select p1_0.progrm_file_nm,p1_0.progrm_dc,p1_0.progrm_korean_nm,p1_0.progrm_stre_path,p1_0.url from nprogrmlist p1_0
2026-03-16 17:02:20 [http-nio-8080-exec-2] DEBUG o.s.orm.jpa.JpaTransactionManager - Initiating transaction commit
2026-03-16 17:02:20 [http-nio-8080-exec-2] DEBUG o.s.orm.jpa.JpaTransactionManager - Committing JPA transaction on EntityManager [SessionImpl(1481023328<open>)]
2026-03-16 17:02:20 [http-nio-8080-exec-2] DEBUG o.s.orm.jpa.JpaTransactionManager - Closing JPA EntityManager [SessionImpl(1481023328<open>)] after transaction
2026-03-16 17:02:20 [http-nio-8080-exec-2] INFO  c.c.p.a.c.menu.MenuController - getLeftMenu returned 3 items
2026-03-16 17:02:20 [http-nio-8080-exec-2] DEBUG o.s.w.s.m.m.a.HttpEntityMethodProcessor - Using 'application/json', given [application/json, text/plain, */*] and supported [application/json, application/*+json, application/yaml]
2026-03-16 17:02:20 [http-nio-8080-exec-2] TRACE o.s.w.s.m.m.a.HttpEntityMethodProcessor - Writing [ApiResponse[success=true, status=200, code=COMMON_001, message=Success, data={list=[com.company.project.service.menu.dto.MenuDto@21889897, com.company.project.service.menu.dto.MenuDto@23302e54, com.company.project.service.menu.dto.MenuDto@192a0ad5]}, timestamp=2026-03-16T17:02:20.715629]]
2026-03-16 17:02:20 [http-nio-8080-exec-2] INFO  c.c.p.a.i.OperationalAuditInterceptor - API Audit Log: URL=/api/v1/menu/left, User=webmaster, IP=127.0.0.1
2026-03-16 17:02:20 [http-nio-8080-exec-2] DEBUG o.s.web.servlet.DispatcherServlet - Completed 200 OK
2026-03-16 17:02:20 [http-nio-8080-exec-16] DEBUG c.c.p.s.jwt.JwtAuthenticationFilter - >>> [JwtFilter] Processing request: GET /api/v1/menu/left
2026-03-16 17:02:20 [http-nio-8080-exec-16] DEBUG c.c.p.s.jwt.JwtAuthenticationFilter - >>> [JwtFilter] Found token in header for path: /api/v1/menu/left
2026-03-16 17:02:20 [http-nio-8080-exec-16] DEBUG o.s.orm.jpa.JpaTransactionManager - Creating new transaction with name [com.company.project.security.iam.CustomUserDetailsService.loadUserByUsername]: PROPAGATION_REQUIRED,ISOLATION_DEFAULT,readOnly
2026-03-16 17:02:20 [http-nio-8080-exec-16] DEBUG o.s.orm.jpa.JpaTransactionManager - Opened new EntityManager [SessionImpl(559365136<open>)] for JPA transaction
2026-03-16 17:02:20 [http-nio-8080-exec-16] DEBUG o.s.orm.jpa.JpaTransactionManager - Exposing JPA transaction as JDBC [org.springframework.orm.jpa.vendor.HibernateJpaDialect$HibernateConnectionHandle@5a016274]
2026-03-16 17:02:20 [http-nio-8080-exec-16] DEBUG o.s.orm.jpa.JpaTransactionManager - Found thread-bound EntityManager [SessionImpl(559365136<open>)] for JPA transaction
2026-03-16 17:02:20 [http-nio-8080-exec-16] DEBUG o.s.orm.jpa.JpaTransactionManager - Participating in existing transaction
2026-03-16 17:02:20 [http-nio-8080-exec-16] DEBUG org.hibernate.SQL - select u1_0.emplyr_id,u1_0.area_no,u1_0.brthdy,u1_0.chg_pwd_cnt,u1_0.frst_register_id,u1_0.frst_regist_pnttm,u1_0.detail_adres,u1_0.email_adres,u1_0.emplyr_sttus_code,u1_0.empl_no,u1_0.esntl_id,u1_0.fxnum,u1_0.group_id,u1_0.house_adres,u1_0.house_end_telno,u1_0.house_middle_telno,u1_0.ihidnum,u1_0.pstinst_code,u1_0.last_updusr_id,u1_0.last_updt_pnttm,u1_0.lock_at,u1_0.lock_cnt,u1_0.lock_last_pnttm,u1_0.mbtlnum,u1_0.ofcps_nm,u1_0.offm_telno,u1_0.orgnzt_id,u1_0.password,u1_0.password_cnsr,u1_0.password_hint,u1_0.chg_pwd_last_pnttm,u1_0.role,u1_0.sbscrb_de,u1_0.sexdstn_code,u1_0.crtfc_dn_value,u1_0.user_nm,u1_0.zip from nemplyrinfo u1_0 where u1_0.emplyr_id=?
2026-03-16 17:02:21 [http-nio-8080-exec-16] DEBUG o.s.orm.jpa.JpaTransactionManager - Found thread-bound EntityManager [SessionImpl(559365136<open>)] for JPA transaction
2026-03-16 17:02:21 [http-nio-8080-exec-16] DEBUG o.s.orm.jpa.JpaTransactionManager - Participating in existing transaction
2026-03-16 17:02:21 [http-nio-8080-exec-16] DEBUG org.hibernate.SQL - select ua1_0.scrty_dtrmn_trget_id,ua1_0.author_code,ua1_0.frst_register_id,ua1_0.frst_regist_pnttm,ua1_0.last_updusr_id,ua1_0.last_updt_pnttm,ua1_0.mber_ty_code from nemplyrscrtyestbs ua1_0 where ua1_0.scrty_dtrmn_trget_id=?
2026-03-16 17:02:21 [http-nio-8080-exec-16] DEBUG o.s.orm.jpa.JpaTransactionManager - Initiating transaction commit
2026-03-16 17:02:21 [http-nio-8080-exec-16] DEBUG o.s.orm.jpa.JpaTransactionManager - Committing JPA transaction on EntityManager [SessionImpl(559365136<open>)]
2026-03-16 17:02:21 [http-nio-8080-exec-16] DEBUG o.s.orm.jpa.JpaTransactionManager - Closing JPA EntityManager [SessionImpl(559365136<open>)] after transaction
2026-03-16 17:02:21 [http-nio-8080-exec-16] DEBUG c.c.p.s.jwt.JwtAuthenticationFilter - >>> [JwtFilter] Successfully authenticated user: USRCNFRM_99999999999, Authorities: [ROLE_ADMIN]
2026-03-16 17:02:21 [http-nio-8080-exec-16] DEBUG o.s.web.servlet.DispatcherServlet - GET "/api/v1/menu/left?menuNo=60", parameters={masked}
2026-03-16 17:02:21 [http-nio-8080-exec-16] TRACE o.s.w.s.m.m.a.RequestMappingHandlerMapping - Mapped to com.company.project.api.controller.menu.MenuController#getLeftMenu(Long)
2026-03-16 17:02:21 [http-nio-8080-exec-16] INFO  c.c.p.a.c.menu.MenuController - getLeftMenu called with menuNo=60
2026-03-16 17:02:21 [http-nio-8080-exec-16] DEBUG o.s.orm.jpa.JpaTransactionManager - Creating new transaction with name [com.company.project.service.menu.MenuService.getSubMenus]: PROPAGATION_REQUIRED,ISOLATION_DEFAULT,readOnly
2026-03-16 17:02:21 [http-nio-8080-exec-16] DEBUG o.s.orm.jpa.JpaTransactionManager - Opened new EntityManager [SessionImpl(623507713<open>)] for JPA transaction
2026-03-16 17:02:21 [http-nio-8080-exec-16] DEBUG o.s.orm.jpa.JpaTransactionManager - Exposing JPA transaction as JDBC [org.springframework.orm.jpa.vendor.HibernateJpaDialect$HibernateConnectionHandle@5930360a]
2026-03-16 17:02:21 [http-nio-8080-exec-16] DEBUG org.hibernate.SQL - select m1_0.menu_no,m1_0.menu_dc,m1_0.menu_nm,m1_0.menu_ordr,m1_0.modern_route,m1_0.progrm_file_nm,m1_0.relate_image_nm,m1_0.relate_image_path,m1_0.route_updated_at,m1_0.upper_menu_no from nmenuinfo m1_0 order by m1_0.upper_menu_no,m1_0.menu_ordr
2026-03-16 17:02:21 [MessageBroker-11] DEBUG o.s.w.s.s.t.h.DefaultSockJsService - Closed 1 sessions: [jgmlplyj]
2026-03-16 17:02:21 [http-nio-8080-exec-16] DEBUG o.s.orm.jpa.JpaTransactionManager - Found thread-bound EntityManager [SessionImpl(623507713<open>)] for JPA transaction
2026-03-16 17:02:21 [http-nio-8080-exec-16] DEBUG o.s.orm.jpa.JpaTransactionManager - Participating in existing transaction
2026-03-16 17:02:21 [http-nio-8080-exec-16] DEBUG org.hibernate.SQL - select p1_0.progrm_file_nm,p1_0.progrm_dc,p1_0.progrm_korean_nm,p1_0.progrm_stre_path,p1_0.url from nprogrmlist p1_0
2026-03-16 17:02:21 [http-nio-8080-exec-16] DEBUG o.s.orm.jpa.JpaTransactionManager - Initiating transaction commit
2026-03-16 17:02:21 [http-nio-8080-exec-16] DEBUG o.s.orm.jpa.JpaTransactionManager - Committing JPA transaction on EntityManager [SessionImpl(623507713<open>)]
2026-03-16 17:02:21 [http-nio-8080-exec-16] DEBUG o.s.orm.jpa.JpaTransactionManager - Closing JPA EntityManager [SessionImpl(623507713<open>)] after transaction
2026-03-16 17:02:21 [http-nio-8080-exec-16] INFO  c.c.p.a.c.menu.MenuController - getLeftMenu returned 1 items
2026-03-16 17:02:21 [http-nio-8080-exec-16] DEBUG o.s.w.s.m.m.a.HttpEntityMethodProcessor - Using 'application/json', given [application/json, text/plain, */*] and supported [application/json, application/*+json, application/yaml]
2026-03-16 17:02:21 [http-nio-8080-exec-16] TRACE o.s.w.s.m.m.a.HttpEntityMethodProcessor - Writing [ApiResponse[success=true, status=200, code=COMMON_001, message=Success, data={list=[com.company.project.service.menu.dto.MenuDto@1daf3740]}, timestamp=2026-03-16T17:02:21.988360100]]
2026-03-16 17:02:21 [http-nio-8080-exec-16] INFO  c.c.p.a.i.OperationalAuditInterceptor - API Audit Log: URL=/api/v1/menu/left, User=webmaster, IP=127.0.0.1
2026-03-16 17:02:21 [http-nio-8080-exec-16] DEBUG o.s.web.servlet.DispatcherServlet - Completed 200 OK
2026-03-16 17:02:22 [http-nio-8080-exec-4] DEBUG o.s.w.s.h.LoggingWebSocketHandlerDecorator - WebSocketServerSockJsSession[id=dqglbdgm] closed with CloseStatus[code=1001, reason=null]
2026-03-16 17:02:22 [http-nio-8080-exec-4] DEBUG o.s.w.s.m.SubProtocolWebSocketHandler - Clearing session dqglbdgm
2026-03-16 17:02:22 [scheduling-1] DEBUG org.springframework.web.SimpLogging - Processing DISCONNECT session=dqglbdgm
2026-03-16 17:02:22 [scheduling-1] DEBUG o.s.w.s.m.SubProtocolWebSocketHandler - No session for GenericMessage [payload=byte[0], headers={simpMessageType=DISCONNECT_ACK, simpDisconnectMessage=GenericMessage [payload=byte[0], headers={simpMessageType=DISCONNECT, stompCommand=DISCONNECT, simpSessionAttributes={org.springframework.messaging.simp.SimpAttributes.COMPLETED=true}, simpSessionId=dqglbdgm}], simpSessionId=dqglbdgm}]
2026-03-16 17:02:22 [http-nio-8080-exec-12] DEBUG c.c.p.s.jwt.JwtAuthenticationFilter - >>> [JwtFilter] Processing request: GET /api/v1/menu/head
2026-03-16 17:02:22 [http-nio-8080-exec-12] DEBUG c.c.p.s.jwt.JwtAuthenticationFilter - >>> [JwtFilter] Found token in header for path: /api/v1/menu/head
2026-03-16 17:02:22 [http-nio-8080-exec-13] DEBUG c.c.p.s.jwt.JwtAuthenticationFilter - >>> [JwtFilter] Processing request: GET /api/v1/dashboard
2026-03-16 17:02:22 [http-nio-8080-exec-13] DEBUG c.c.p.s.jwt.JwtAuthenticationFilter - >>> [JwtFilter] Found token in header for path: /api/v1/dashboard
2026-03-16 17:02:22 [http-nio-8080-exec-12] DEBUG o.s.orm.jpa.JpaTransactionManager - Creating new transaction with name [com.company.project.security.iam.CustomUserDetailsService.loadUserByUsername]: PROPAGATION_REQUIRED,ISOLATION_DEFAULT,readOnly
2026-03-16 17:02:22 [http-nio-8080-exec-12] DEBUG o.s.orm.jpa.JpaTransactionManager - Opened new EntityManager [SessionImpl(2098365359<open>)] for JPA transaction
2026-03-16 17:02:22 [http-nio-8080-exec-13] DEBUG o.s.orm.jpa.JpaTransactionManager - Creating new transaction with name [com.company.project.security.iam.CustomUserDetailsService.loadUserByUsername]: PROPAGATION_REQUIRED,ISOLATION_DEFAULT,readOnly
2026-03-16 17:02:22 [http-nio-8080-exec-13] DEBUG o.s.orm.jpa.JpaTransactionManager - Opened new EntityManager [SessionImpl(885372788<open>)] for JPA transaction
2026-03-16 17:02:22 [http-nio-8080-exec-13] DEBUG o.s.orm.jpa.JpaTransactionManager - Exposing JPA transaction as JDBC [org.springframework.orm.jpa.vendor.HibernateJpaDialect$HibernateConnectionHandle@4d9d792f]
2026-03-16 17:02:22 [http-nio-8080-exec-13] DEBUG o.s.orm.jpa.JpaTransactionManager - Found thread-bound EntityManager [SessionImpl(885372788<open>)] for JPA transaction
2026-03-16 17:02:22 [http-nio-8080-exec-13] DEBUG o.s.orm.jpa.JpaTransactionManager - Participating in existing transaction
2026-03-16 17:02:22 [http-nio-8080-exec-13] DEBUG org.hibernate.SQL - select u1_0.emplyr_id,u1_0.area_no,u1_0.brthdy,u1_0.chg_pwd_cnt,u1_0.frst_register_id,u1_0.frst_regist_pnttm,u1_0.detail_adres,u1_0.email_adres,u1_0.emplyr_sttus_code,u1_0.empl_no,u1_0.esntl_id,u1_0.fxnum,u1_0.group_id,u1_0.house_adres,u1_0.house_end_telno,u1_0.house_middle_telno,u1_0.ihidnum,u1_0.pstinst_code,u1_0.last_updusr_id,u1_0.last_updt_pnttm,u1_0.lock_at,u1_0.lock_cnt,u1_0.lock_last_pnttm,u1_0.mbtlnum,u1_0.ofcps_nm,u1_0.offm_telno,u1_0.orgnzt_id,u1_0.password,u1_0.password_cnsr,u1_0.password_hint,u1_0.chg_pwd_last_pnttm,u1_0.role,u1_0.sbscrb_de,u1_0.sexdstn_code,u1_0.crtfc_dn_value,u1_0.user_nm,u1_0.zip from nemplyrinfo u1_0 where u1_0.emplyr_id=?
2026-03-16 17:02:23 [http-nio-8080-exec-12] DEBUG o.s.orm.jpa.JpaTransactionManager - Exposing JPA transaction as JDBC [org.springframework.orm.jpa.vendor.HibernateJpaDialect$HibernateConnectionHandle@247cf64a]
2026-03-16 17:02:23 [http-nio-8080-exec-12] DEBUG o.s.orm.jpa.JpaTransactionManager - Found thread-bound EntityManager [SessionImpl(2098365359<open>)] for JPA transaction
2026-03-16 17:02:23 [http-nio-8080-exec-12] DEBUG o.s.orm.jpa.JpaTransactionManager - Participating in existing transaction
2026-03-16 17:02:23 [http-nio-8080-exec-12] DEBUG org.hibernate.SQL - select u1_0.emplyr_id,u1_0.area_no,u1_0.brthdy,u1_0.chg_pwd_cnt,u1_0.frst_register_id,u1_0.frst_regist_pnttm,u1_0.detail_adres,u1_0.email_adres,u1_0.emplyr_sttus_code,u1_0.empl_no,u1_0.esntl_id,u1_0.fxnum,u1_0.group_id,u1_0.house_adres,u1_0.house_end_telno,u1_0.house_middle_telno,u1_0.ihidnum,u1_0.pstinst_code,u1_0.last_updusr_id,u1_0.last_updt_pnttm,u1_0.lock_at,u1_0.lock_cnt,u1_0.lock_last_pnttm,u1_0.mbtlnum,u1_0.ofcps_nm,u1_0.offm_telno,u1_0.orgnzt_id,u1_0.password,u1_0.password_cnsr,u1_0.password_hint,u1_0.chg_pwd_last_pnttm,u1_0.role,u1_0.sbscrb_de,u1_0.sexdstn_code,u1_0.crtfc_dn_value,u1_0.user_nm,u1_0.zip from nemplyrinfo u1_0 where u1_0.emplyr_id=?
2026-03-16 17:02:23 [http-nio-8080-exec-13] DEBUG o.s.orm.jpa.JpaTransactionManager - Found thread-bound EntityManager [SessionImpl(885372788<open>)] for JPA transaction
2026-03-16 17:02:23 [http-nio-8080-exec-13] DEBUG o.s.orm.jpa.JpaTransactionManager - Participating in existing transaction
2026-03-16 17:02:23 [http-nio-8080-exec-13] DEBUG org.hibernate.SQL - select ua1_0.scrty_dtrmn_trget_id,ua1_0.author_code,ua1_0.frst_register_id,ua1_0.frst_regist_pnttm,ua1_0.last_updusr_id,ua1_0.last_updt_pnttm,ua1_0.mber_ty_code from nemplyrscrtyestbs ua1_0 where ua1_0.scrty_dtrmn_trget_id=?
2026-03-16 17:02:23 [http-nio-8080-exec-12] DEBUG o.s.orm.jpa.JpaTransactionManager - Found thread-bound EntityManager [SessionImpl(2098365359<open>)] for JPA transaction
2026-03-16 17:02:23 [http-nio-8080-exec-12] DEBUG o.s.orm.jpa.JpaTransactionManager - Participating in existing transaction
2026-03-16 17:02:23 [http-nio-8080-exec-12] DEBUG org.hibernate.SQL - select ua1_0.scrty_dtrmn_trget_id,ua1_0.author_code,ua1_0.frst_register_id,ua1_0.frst_regist_pnttm,ua1_0.last_updusr_id,ua1_0.last_updt_pnttm,ua1_0.mber_ty_code from nemplyrscrtyestbs ua1_0 where ua1_0.scrty_dtrmn_trget_id=?
2026-03-16 17:02:23 [http-nio-8080-exec-13] DEBUG o.s.orm.jpa.JpaTransactionManager - Initiating transaction commit
2026-03-16 17:02:23 [http-nio-8080-exec-13] DEBUG o.s.orm.jpa.JpaTransactionManager - Committing JPA transaction on EntityManager [SessionImpl(885372788<open>)]
2026-03-16 17:02:23 [http-nio-8080-exec-12] DEBUG o.s.orm.jpa.JpaTransactionManager - Initiating transaction commit
2026-03-16 17:02:23 [http-nio-8080-exec-12] DEBUG o.s.orm.jpa.JpaTransactionManager - Committing JPA transaction on EntityManager [SessionImpl(2098365359<open>)]
2026-03-16 17:02:23 [http-nio-8080-exec-13] DEBUG o.s.orm.jpa.JpaTransactionManager - Closing JPA EntityManager [SessionImpl(885372788<open>)] after transaction
2026-03-16 17:02:23 [http-nio-8080-exec-13] DEBUG c.c.p.s.jwt.JwtAuthenticationFilter - >>> [JwtFilter] Successfully authenticated user: USRCNFRM_99999999999, Authorities: [ROLE_ADMIN]
2026-03-16 17:02:23 [http-nio-8080-exec-13] DEBUG o.s.web.servlet.DispatcherServlet - GET "/api/v1/dashboard", parameters={}
2026-03-16 17:02:23 [http-nio-8080-exec-13] TRACE o.s.w.s.m.m.a.RequestMappingHandlerMapping - Mapped to com.company.project.api.controller.main.DashboardController#getDashboardData(UserDetails)
2026-03-16 17:02:23 [http-nio-8080-exec-13] INFO  c.c.p.a.c.main.DashboardController - >>> [Dashboard] Fetching data for user: USRCNFRM_99999999999
2026-03-16 17:02:23 [http-nio-8080-exec-13] DEBUG o.s.orm.jpa.JpaTransactionManager - Creating new transaction with name [com.company.project.service.board.BoardService.getBoardPosts]: PROPAGATION_REQUIRED,ISOLATION_DEFAULT,readOnly
2026-03-16 17:02:23 [http-nio-8080-exec-13] DEBUG o.s.orm.jpa.JpaTransactionManager - Opened new EntityManager [SessionImpl(1805035675<open>)] for JPA transaction
2026-03-16 17:02:23 [http-nio-8080-exec-13] DEBUG o.s.orm.jpa.JpaTransactionManager - Exposing JPA transaction as JDBC [org.springframework.orm.jpa.vendor.HibernateJpaDialect$HibernateConnectionHandle@f7c2e4f]
2026-03-16 17:02:23 [http-nio-8080-exec-13] DEBUG o.s.orm.jpa.JpaTransactionManager - Found thread-bound EntityManager [SessionImpl(1805035675<open>)] for JPA transaction
2026-03-16 17:02:23 [http-nio-8080-exec-13] DEBUG o.s.orm.jpa.JpaTransactionManager - Participating in existing transaction
2026-03-16 17:02:23 [http-nio-8080-exec-13] DEBUG org.hibernate.SQL - select bm1_0.bbs_id,bm1_0.atch_posbl_file_number,bm1_0.atch_posbl_file_size,bm1_0.bbs_attrb_code,bm1_0.bbs_intrcn,bm1_0.bbs_nm,bm1_0.bbs_ty_code,bm1_0.blog_at,bm1_0.blog_id,bm1_0.cmmnty_id,bm1_0.frst_register_id,bm1_0.frst_regist_pnttm,bm1_0.file_atch_posbl_at,bm1_0.last_updusr_id,bm1_0.last_updt_pnttm,bm1_0.reply_posbl_at,bm1_0.tmplat_id,bm1_0.use_at,bm1_1.answer_at,bm1_1.stsfdg_at from nbbsmaster bm1_0 left join nbbsmasteroptn bm1_1 on bm1_0.bbs_id=bm1_1.bbs_id where bm1_0.bbs_id=?
2026-03-16 17:02:23 [http-nio-8080-exec-12] DEBUG o.s.orm.jpa.JpaTransactionManager - Closing JPA EntityManager [SessionImpl(2098365359<open>)] after transaction
2026-03-16 17:02:23 [http-nio-8080-exec-12] DEBUG c.c.p.s.jwt.JwtAuthenticationFilter - >>> [JwtFilter] Successfully authenticated user: USRCNFRM_99999999999, Authorities: [ROLE_ADMIN]
2026-03-16 17:02:23 [http-nio-8080-exec-12] DEBUG o.s.web.servlet.DispatcherServlet - GET "/api/v1/menu/head", parameters={}
2026-03-16 17:02:23 [http-nio-8080-exec-12] TRACE o.s.w.s.m.m.a.RequestMappingHandlerMapping - Mapped to com.company.project.api.controller.menu.MenuController#getHeadMenu()
2026-03-16 17:02:23 [http-nio-8080-exec-12] INFO  c.c.p.a.c.menu.MenuController - getHeadMenu called
2026-03-16 17:02:23 [http-nio-8080-exec-12] INFO  c.c.p.a.c.menu.MenuController - getHeadMenu returned 5 items
2026-03-16 17:02:23 [http-nio-8080-exec-12] DEBUG o.s.w.s.m.m.a.HttpEntityMethodProcessor - Using 'application/json', given [application/json, text/plain, */*] and supported [application/json, application/*+json, application/yaml]
2026-03-16 17:02:23 [http-nio-8080-exec-12] TRACE o.s.w.s.m.m.a.HttpEntityMethodProcessor - Writing [ApiResponse[success=true, status=200, code=COMMON_001, message=Success, data={list=[com.company.project.service.menu.dto.MenuDto@2b80d6b0, com.company.project.service.menu.dto.MenuDto@1418cfa3, com.company.project.service.menu.dto.MenuDto@f230bf1, com.company.project.service.menu.dto.MenuDto@734a7f6a, com.company.project.service.menu.dto.MenuDto@5e5202e5]}, timestamp=2026-03-16T17:02:23.473060300]]
2026-03-16 17:02:23 [http-nio-8080-exec-12] INFO  c.c.p.a.i.OperationalAuditInterceptor - API Audit Log: URL=/api/v1/menu/head, User=webmaster, IP=0:0:0:0:0:0:0:1
2026-03-16 17:02:23 [http-nio-8080-exec-12] DEBUG o.s.web.servlet.DispatcherServlet - Completed 200 OK
2026-03-16 17:02:23 [http-nio-8080-exec-9] DEBUG c.c.p.s.jwt.JwtAuthenticationFilter - >>> [JwtFilter] Processing request: GET /api/v1/menu/left
2026-03-16 17:02:23 [http-nio-8080-exec-9] DEBUG c.c.p.s.jwt.JwtAuthenticationFilter - >>> [JwtFilter] Found token in header for path: /api/v1/menu/left
2026-03-16 17:02:23 [http-nio-8080-exec-9] DEBUG o.s.orm.jpa.JpaTransactionManager - Creating new transaction with name [com.company.project.security.iam.CustomUserDetailsService.loadUserByUsername]: PROPAGATION_REQUIRED,ISOLATION_DEFAULT,readOnly
2026-03-16 17:02:23 [http-nio-8080-exec-9] DEBUG o.s.orm.jpa.JpaTransactionManager - Opened new EntityManager [SessionImpl(1879966410<open>)] for JPA transaction
2026-03-16 17:02:23 [http-nio-8080-exec-17] DEBUG c.c.p.s.jwt.JwtAuthenticationFilter - >>> [JwtFilter] Processing request: GET /api/v1/menu/left
2026-03-16 17:02:23 [http-nio-8080-exec-6] DEBUG c.c.p.s.jwt.JwtAuthenticationFilter - >>> [JwtFilter] Processing request: GET /api/v1/menu/left
2026-03-16 17:02:23 [http-nio-8080-exec-5] DEBUG c.c.p.s.jwt.JwtAuthenticationFilter - >>> [JwtFilter] Processing request: GET /api/v1/menu/left
2026-03-16 17:02:23 [http-nio-8080-exec-15] DEBUG c.c.p.s.jwt.JwtAuthenticationFilter - >>> [JwtFilter] Processing request: GET /api/v1/menu/left
2026-03-16 17:02:23 [http-nio-8080-exec-17] DEBUG c.c.p.s.jwt.JwtAuthenticationFilter - >>> [JwtFilter] Found token in header for path: /api/v1/menu/left
2026-03-16 17:02:23 [http-nio-8080-exec-15] DEBUG c.c.p.s.jwt.JwtAuthenticationFilter - >>> [JwtFilter] Found token in header for path: /api/v1/menu/left
2026-03-16 17:02:23 [http-nio-8080-exec-6] DEBUG c.c.p.s.jwt.JwtAuthenticationFilter - >>> [JwtFilter] Found token in header for path: /api/v1/menu/left
2026-03-16 17:02:23 [http-nio-8080-exec-5] DEBUG c.c.p.s.jwt.JwtAuthenticationFilter - >>> [JwtFilter] Found token in header for path: /api/v1/menu/left
2026-03-16 17:02:23 [http-nio-8080-exec-17] DEBUG o.s.orm.jpa.JpaTransactionManager - Creating new transaction with name [com.company.project.security.iam.CustomUserDetailsService.loadUserByUsername]: PROPAGATION_REQUIRED,ISOLATION_DEFAULT,readOnly
2026-03-16 17:02:23 [http-nio-8080-exec-17] DEBUG o.s.orm.jpa.JpaTransactionManager - Opened new EntityManager [SessionImpl(213077656<open>)] for JPA transaction
2026-03-16 17:02:23 [http-nio-8080-exec-6] DEBUG o.s.orm.jpa.JpaTransactionManager - Creating new transaction with name [com.company.project.security.iam.CustomUserDetailsService.loadUserByUsername]: PROPAGATION_REQUIRED,ISOLATION_DEFAULT,readOnly
2026-03-16 17:02:23 [http-nio-8080-exec-15] DEBUG o.s.orm.jpa.JpaTransactionManager - Creating new transaction with name [com.company.project.security.iam.CustomUserDetailsService.loadUserByUsername]: PROPAGATION_REQUIRED,ISOLATION_DEFAULT,readOnly
2026-03-16 17:02:23 [http-nio-8080-exec-6] DEBUG o.s.orm.jpa.JpaTransactionManager - Opened new EntityManager [SessionImpl(1555286411<open>)] for JPA transaction
2026-03-16 17:02:23 [http-nio-8080-exec-15] DEBUG o.s.orm.jpa.JpaTransactionManager - Opened new EntityManager [SessionImpl(200022432<open>)] for JPA transaction
2026-03-16 17:02:23 [http-nio-8080-exec-5] DEBUG o.s.orm.jpa.JpaTransactionManager - Creating new transaction with name [com.company.project.security.iam.CustomUserDetailsService.loadUserByUsername]: PROPAGATION_REQUIRED,ISOLATION_DEFAULT,readOnly
2026-03-16 17:02:23 [http-nio-8080-exec-5] DEBUG o.s.orm.jpa.JpaTransactionManager - Opened new EntityManager [SessionImpl(800799388<open>)] for JPA transaction
2026-03-16 17:02:23 [http-nio-8080-exec-5] DEBUG o.s.orm.jpa.JpaTransactionManager - Exposing JPA transaction as JDBC [org.springframework.orm.jpa.vendor.HibernateJpaDialect$HibernateConnectionHandle@7e07b393]
2026-03-16 17:02:23 [http-nio-8080-exec-5] DEBUG o.s.orm.jpa.JpaTransactionManager - Found thread-bound EntityManager [SessionImpl(800799388<open>)] for JPA transaction
2026-03-16 17:02:23 [http-nio-8080-exec-5] DEBUG o.s.orm.jpa.JpaTransactionManager - Participating in existing transaction
2026-03-16 17:02:23 [http-nio-8080-exec-5] DEBUG org.hibernate.SQL - select u1_0.emplyr_id,u1_0.area_no,u1_0.brthdy,u1_0.chg_pwd_cnt,u1_0.frst_register_id,u1_0.frst_regist_pnttm,u1_0.detail_adres,u1_0.email_adres,u1_0.emplyr_sttus_code,u1_0.empl_no,u1_0.esntl_id,u1_0.fxnum,u1_0.group_id,u1_0.house_adres,u1_0.house_end_telno,u1_0.house_middle_telno,u1_0.ihidnum,u1_0.pstinst_code,u1_0.last_updusr_id,u1_0.last_updt_pnttm,u1_0.lock_at,u1_0.lock_cnt,u1_0.lock_last_pnttm,u1_0.mbtlnum,u1_0.ofcps_nm,u1_0.offm_telno,u1_0.orgnzt_id,u1_0.password,u1_0.password_cnsr,u1_0.password_hint,u1_0.chg_pwd_last_pnttm,u1_0.role,u1_0.sbscrb_de,u1_0.sexdstn_code,u1_0.crtfc_dn_value,u1_0.user_nm,u1_0.zip from nemplyrinfo u1_0 where u1_0.emplyr_id=?
2026-03-16 17:02:23 [http-nio-8080-exec-13] DEBUG org.hibernate.SQL - select b1_0.ntt_id,b1_0.bbs_id,b1_0.ntt_sj,b1_0.ntcr_nm,b1_0.frst_regist_pnttm,b1_0.rdcnt,b1_0.answer_at,b1_0.parntsctt_no,b1_0.answer_lc,b1_0.sort_ordr,b1_0.ntt_no,b1_0.notice_at,b1_0.secret_at,b1_0.comment_co from nbbs b1_0 left join nemplyrinfo u1_0 on b1_0.frst_register_id=u1_0.esntl_id where (b1_0.use_at = 'Y') and b1_0.bbs_id=? order by b1_0.sort_ordr desc,b1_0.ntt_no offset ? rows fetch first ? rows only
2026-03-16 17:02:23 [http-nio-8080-exec-17] DEBUG o.s.orm.jpa.JpaTransactionManager - Exposing JPA transaction as JDBC [org.springframework.orm.jpa.vendor.HibernateJpaDialect$HibernateConnectionHandle@78007d41]
2026-03-16 17:02:23 [http-nio-8080-exec-17] DEBUG o.s.orm.jpa.JpaTransactionManager - Found thread-bound EntityManager [SessionImpl(213077656<open>)] for JPA transaction
2026-03-16 17:02:23 [http-nio-8080-exec-17] DEBUG o.s.orm.jpa.JpaTransactionManager - Participating in existing transaction
2026-03-16 17:02:23 [http-nio-8080-exec-17] DEBUG org.hibernate.SQL - select u1_0.emplyr_id,u1_0.area_no,u1_0.brthdy,u1_0.chg_pwd_cnt,u1_0.frst_register_id,u1_0.frst_regist_pnttm,u1_0.detail_adres,u1_0.email_adres,u1_0.emplyr_sttus_code,u1_0.empl_no,u1_0.esntl_id,u1_0.fxnum,u1_0.group_id,u1_0.house_adres,u1_0.house_end_telno,u1_0.house_middle_telno,u1_0.ihidnum,u1_0.pstinst_code,u1_0.last_updusr_id,u1_0.last_updt_pnttm,u1_0.lock_at,u1_0.lock_cnt,u1_0.lock_last_pnttm,u1_0.mbtlnum,u1_0.ofcps_nm,u1_0.offm_telno,u1_0.orgnzt_id,u1_0.password,u1_0.password_cnsr,u1_0.password_hint,u1_0.chg_pwd_last_pnttm,u1_0.role,u1_0.sbscrb_de,u1_0.sexdstn_code,u1_0.crtfc_dn_value,u1_0.user_nm,u1_0.zip from nemplyrinfo u1_0 where u1_0.emplyr_id=?
2026-03-16 17:02:23 [http-nio-8080-exec-6] DEBUG o.s.orm.jpa.JpaTransactionManager - Exposing JPA transaction as JDBC [org.springframework.orm.jpa.vendor.HibernateJpaDialect$HibernateConnectionHandle@181660c8]
2026-03-16 17:02:23 [http-nio-8080-exec-6] DEBUG o.s.orm.jpa.JpaTransactionManager - Found thread-bound EntityManager [SessionImpl(1555286411<open>)] for JPA transaction
2026-03-16 17:02:23 [http-nio-8080-exec-6] DEBUG o.s.orm.jpa.JpaTransactionManager - Participating in existing transaction
2026-03-16 17:02:23 [http-nio-8080-exec-6] DEBUG org.hibernate.SQL - select u1_0.emplyr_id,u1_0.area_no,u1_0.brthdy,u1_0.chg_pwd_cnt,u1_0.frst_register_id,u1_0.frst_regist_pnttm,u1_0.detail_adres,u1_0.email_adres,u1_0.emplyr_sttus_code,u1_0.empl_no,u1_0.esntl_id,u1_0.fxnum,u1_0.group_id,u1_0.house_adres,u1_0.house_end_telno,u1_0.house_middle_telno,u1_0.ihidnum,u1_0.pstinst_code,u1_0.last_updusr_id,u1_0.last_updt_pnttm,u1_0.lock_at,u1_0.lock_cnt,u1_0.lock_last_pnttm,u1_0.mbtlnum,u1_0.ofcps_nm,u1_0.offm_telno,u1_0.orgnzt_id,u1_0.password,u1_0.password_cnsr,u1_0.password_hint,u1_0.chg_pwd_last_pnttm,u1_0.role,u1_0.sbscrb_de,u1_0.sexdstn_code,u1_0.crtfc_dn_value,u1_0.user_nm,u1_0.zip from nemplyrinfo u1_0 where u1_0.emplyr_id=?
2026-03-16 17:02:23 [http-nio-8080-exec-9] DEBUG o.s.orm.jpa.JpaTransactionManager - Exposing JPA transaction as JDBC [org.springframework.orm.jpa.vendor.HibernateJpaDialect$HibernateConnectionHandle@3a483078]
2026-03-16 17:02:23 [http-nio-8080-exec-15] DEBUG o.s.orm.jpa.JpaTransactionManager - Exposing JPA transaction as JDBC [org.springframework.orm.jpa.vendor.HibernateJpaDialect$HibernateConnectionHandle@6eac91c0]
2026-03-16 17:02:23 [http-nio-8080-exec-9] DEBUG o.s.orm.jpa.JpaTransactionManager - Found thread-bound EntityManager [SessionImpl(1879966410<open>)] for JPA transaction
2026-03-16 17:02:23 [http-nio-8080-exec-15] DEBUG o.s.orm.jpa.JpaTransactionManager - Found thread-bound EntityManager [SessionImpl(200022432<open>)] for JPA transaction
2026-03-16 17:02:23 [http-nio-8080-exec-9] DEBUG o.s.orm.jpa.JpaTransactionManager - Participating in existing transaction
2026-03-16 17:02:23 [http-nio-8080-exec-15] DEBUG o.s.orm.jpa.JpaTransactionManager - Participating in existing transaction
2026-03-16 17:02:23 [http-nio-8080-exec-5] DEBUG o.s.orm.jpa.JpaTransactionManager - Found thread-bound EntityManager [SessionImpl(800799388<open>)] for JPA transaction
2026-03-16 17:02:23 [http-nio-8080-exec-5] DEBUG o.s.orm.jpa.JpaTransactionManager - Participating in existing transaction
2026-03-16 17:02:23 [http-nio-8080-exec-5] DEBUG org.hibernate.SQL - select ua1_0.scrty_dtrmn_trget_id,ua1_0.author_code,ua1_0.frst_register_id,ua1_0.frst_regist_pnttm,ua1_0.last_updusr_id,ua1_0.last_updt_pnttm,ua1_0.mber_ty_code from nemplyrscrtyestbs ua1_0 where ua1_0.scrty_dtrmn_trget_id=?
2026-03-16 17:02:23 [http-nio-8080-exec-15] DEBUG org.hibernate.SQL - select u1_0.emplyr_id,u1_0.area_no,u1_0.brthdy,u1_0.chg_pwd_cnt,u1_0.frst_register_id,u1_0.frst_regist_pnttm,u1_0.detail_adres,u1_0.email_adres,u1_0.emplyr_sttus_code,u1_0.empl_no,u1_0.esntl_id,u1_0.fxnum,u1_0.group_id,u1_0.house_adres,u1_0.house_end_telno,u1_0.house_middle_telno,u1_0.ihidnum,u1_0.pstinst_code,u1_0.last_updusr_id,u1_0.last_updt_pnttm,u1_0.lock_at,u1_0.lock_cnt,u1_0.lock_last_pnttm,u1_0.mbtlnum,u1_0.ofcps_nm,u1_0.offm_telno,u1_0.orgnzt_id,u1_0.password,u1_0.password_cnsr,u1_0.password_hint,u1_0.chg_pwd_last_pnttm,u1_0.role,u1_0.sbscrb_de,u1_0.sexdstn_code,u1_0.crtfc_dn_value,u1_0.user_nm,u1_0.zip from nemplyrinfo u1_0 where u1_0.emplyr_id=?
2026-03-16 17:02:23 [http-nio-8080-exec-9] DEBUG org.hibernate.SQL - select u1_0.emplyr_id,u1_0.area_no,u1_0.brthdy,u1_0.chg_pwd_cnt,u1_0.frst_register_id,u1_0.frst_regist_pnttm,u1_0.detail_adres,u1_0.email_adres,u1_0.emplyr_sttus_code,u1_0.empl_no,u1_0.esntl_id,u1_0.fxnum,u1_0.group_id,u1_0.house_adres,u1_0.house_end_telno,u1_0.house_middle_telno,u1_0.ihidnum,u1_0.pstinst_code,u1_0.last_updusr_id,u1_0.last_updt_pnttm,u1_0.lock_at,u1_0.lock_cnt,u1_0.lock_last_pnttm,u1_0.mbtlnum,u1_0.ofcps_nm,u1_0.offm_telno,u1_0.orgnzt_id,u1_0.password,u1_0.password_cnsr,u1_0.password_hint,u1_0.chg_pwd_last_pnttm,u1_0.role,u1_0.sbscrb_de,u1_0.sexdstn_code,u1_0.crtfc_dn_value,u1_0.user_nm,u1_0.zip from nemplyrinfo u1_0 where u1_0.emplyr_id=?
2026-03-16 17:02:23 [http-nio-8080-exec-13] DEBUG org.hibernate.SQL - select count(b1_0.ntt_id) from nbbs b1_0 left join nemplyrinfo u1_0 on b1_0.frst_register_id=u1_0.esntl_id where (b1_0.use_at = 'Y') and b1_0.bbs_id=?
2026-03-16 17:02:23 [http-nio-8080-exec-17] DEBUG o.s.orm.jpa.JpaTransactionManager - Found thread-bound EntityManager [SessionImpl(213077656<open>)] for JPA transaction
2026-03-16 17:02:23 [http-nio-8080-exec-17] DEBUG o.s.orm.jpa.JpaTransactionManager - Participating in existing transaction
2026-03-16 17:02:23 [http-nio-8080-exec-17] DEBUG org.hibernate.SQL - select ua1_0.scrty_dtrmn_trget_id,ua1_0.author_code,ua1_0.frst_register_id,ua1_0.frst_regist_pnttm,ua1_0.last_updusr_id,ua1_0.last_updt_pnttm,ua1_0.mber_ty_code from nemplyrscrtyestbs ua1_0 where ua1_0.scrty_dtrmn_trget_id=?
2026-03-16 17:02:23 [http-nio-8080-exec-6] DEBUG o.s.orm.jpa.JpaTransactionManager - Found thread-bound EntityManager [SessionImpl(1555286411<open>)] for JPA transaction
2026-03-16 17:02:23 [http-nio-8080-exec-6] DEBUG o.s.orm.jpa.JpaTransactionManager - Participating in existing transaction
2026-03-16 17:02:23 [http-nio-8080-exec-6] DEBUG org.hibernate.SQL - select ua1_0.scrty_dtrmn_trget_id,ua1_0.author_code,ua1_0.frst_register_id,ua1_0.frst_regist_pnttm,ua1_0.last_updusr_id,ua1_0.last_updt_pnttm,ua1_0.mber_ty_code from nemplyrscrtyestbs ua1_0 where ua1_0.scrty_dtrmn_trget_id=?
2026-03-16 17:02:23 [http-nio-8080-exec-5] DEBUG o.s.orm.jpa.JpaTransactionManager - Initiating transaction commit
2026-03-16 17:02:23 [http-nio-8080-exec-5] DEBUG o.s.orm.jpa.JpaTransactionManager - Committing JPA transaction on EntityManager [SessionImpl(800799388<open>)]
2026-03-16 17:02:23 [http-nio-8080-exec-9] DEBUG o.s.orm.jpa.JpaTransactionManager - Found thread-bound EntityManager [SessionImpl(1879966410<open>)] for JPA transaction
2026-03-16 17:02:23 [http-nio-8080-exec-9] DEBUG o.s.orm.jpa.JpaTransactionManager - Participating in existing transaction
2026-03-16 17:02:23 [http-nio-8080-exec-9] DEBUG org.hibernate.SQL - select ua1_0.scrty_dtrmn_trget_id,ua1_0.author_code,ua1_0.frst_register_id,ua1_0.frst_regist_pnttm,ua1_0.last_updusr_id,ua1_0.last_updt_pnttm,ua1_0.mber_ty_code from nemplyrscrtyestbs ua1_0 where ua1_0.scrty_dtrmn_trget_id=?
2026-03-16 17:02:23 [http-nio-8080-exec-15] DEBUG o.s.orm.jpa.JpaTransactionManager - Found thread-bound EntityManager [SessionImpl(200022432<open>)] for JPA transaction
2026-03-16 17:02:23 [http-nio-8080-exec-15] DEBUG o.s.orm.jpa.JpaTransactionManager - Participating in existing transaction
2026-03-16 17:02:23 [http-nio-8080-exec-15] DEBUG org.hibernate.SQL - select ua1_0.scrty_dtrmn_trget_id,ua1_0.author_code,ua1_0.frst_register_id,ua1_0.frst_regist_pnttm,ua1_0.last_updusr_id,ua1_0.last_updt_pnttm,ua1_0.mber_ty_code from nemplyrscrtyestbs ua1_0 where ua1_0.scrty_dtrmn_trget_id=?
2026-03-16 17:02:23 [http-nio-8080-exec-13] DEBUG o.s.orm.jpa.JpaTransactionManager - Initiating transaction commit
2026-03-16 17:02:23 [http-nio-8080-exec-13] DEBUG o.s.orm.jpa.JpaTransactionManager - Committing JPA transaction on EntityManager [SessionImpl(1805035675<open>)]
2026-03-16 17:02:23 [http-nio-8080-exec-17] DEBUG o.s.orm.jpa.JpaTransactionManager - Initiating transaction commit
2026-03-16 17:02:23 [http-nio-8080-exec-17] DEBUG o.s.orm.jpa.JpaTransactionManager - Committing JPA transaction on EntityManager [SessionImpl(213077656<open>)]
2026-03-16 17:02:23 [http-nio-8080-exec-6] DEBUG o.s.orm.jpa.JpaTransactionManager - Initiating transaction commit
2026-03-16 17:02:23 [http-nio-8080-exec-6] DEBUG o.s.orm.jpa.JpaTransactionManager - Committing JPA transaction on EntityManager [SessionImpl(1555286411<open>)]
2026-03-16 17:02:23 [http-nio-8080-exec-5] DEBUG o.s.orm.jpa.JpaTransactionManager - Closing JPA EntityManager [SessionImpl(800799388<open>)] after transaction
2026-03-16 17:02:23 [http-nio-8080-exec-9] DEBUG o.s.orm.jpa.JpaTransactionManager - Initiating transaction commit
2026-03-16 17:02:23 [http-nio-8080-exec-9] DEBUG o.s.orm.jpa.JpaTransactionManager - Committing JPA transaction on EntityManager [SessionImpl(1879966410<open>)]
2026-03-16 17:02:23 [http-nio-8080-exec-5] DEBUG c.c.p.s.jwt.JwtAuthenticationFilter - >>> [JwtFilter] Successfully authenticated user: USRCNFRM_99999999999, Authorities: [ROLE_ADMIN]
2026-03-16 17:02:23 [http-nio-8080-exec-5] DEBUG o.s.web.servlet.DispatcherServlet - GET "/api/v1/menu/left?menuNo=40", parameters={masked}
2026-03-16 17:02:23 [http-nio-8080-exec-5] TRACE o.s.w.s.m.m.a.RequestMappingHandlerMapping - Mapped to com.company.project.api.controller.menu.MenuController#getLeftMenu(Long)
2026-03-16 17:02:23 [http-nio-8080-exec-5] INFO  c.c.p.a.c.menu.MenuController - getLeftMenu called with menuNo=40
2026-03-16 17:02:23 [http-nio-8080-exec-5] DEBUG o.s.orm.jpa.JpaTransactionManager - Creating new transaction with name [com.company.project.service.menu.MenuService.getSubMenus]: PROPAGATION_REQUIRED,ISOLATION_DEFAULT,readOnly
2026-03-16 17:02:23 [http-nio-8080-exec-5] DEBUG o.s.orm.jpa.JpaTransactionManager - Opened new EntityManager [SessionImpl(219172206<open>)] for JPA transaction
2026-03-16 17:02:23 [http-nio-8080-exec-5] DEBUG o.s.orm.jpa.JpaTransactionManager - Exposing JPA transaction as JDBC [org.springframework.orm.jpa.vendor.HibernateJpaDialect$HibernateConnectionHandle@3994f038]
2026-03-16 17:02:23 [http-nio-8080-exec-5] DEBUG org.hibernate.SQL - select m1_0.menu_no,m1_0.menu_dc,m1_0.menu_nm,m1_0.menu_ordr,m1_0.modern_route,m1_0.progrm_file_nm,m1_0.relate_image_nm,m1_0.relate_image_path,m1_0.route_updated_at,m1_0.upper_menu_no from nmenuinfo m1_0 order by m1_0.upper_menu_no,m1_0.menu_ordr
2026-03-16 17:02:23 [http-nio-8080-exec-15] DEBUG o.s.orm.jpa.JpaTransactionManager - Initiating transaction commit
2026-03-16 17:02:23 [http-nio-8080-exec-15] DEBUG o.s.orm.jpa.JpaTransactionManager - Committing JPA transaction on EntityManager [SessionImpl(200022432<open>)]
2026-03-16 17:02:24 [http-nio-8080-exec-13] DEBUG o.s.orm.jpa.JpaTransactionManager - Closing JPA EntityManager [SessionImpl(1805035675<open>)] after transaction
2026-03-16 17:02:24 [http-nio-8080-exec-13] DEBUG o.s.orm.jpa.JpaTransactionManager - Creating new transaction with name [com.company.project.service.board.BoardService.getBoardPosts]: PROPAGATION_REQUIRED,ISOLATION_DEFAULT,readOnly
2026-03-16 17:02:24 [http-nio-8080-exec-13] DEBUG o.s.orm.jpa.JpaTransactionManager - Opened new EntityManager [SessionImpl(295276363<open>)] for JPA transaction
2026-03-16 17:02:24 [http-nio-8080-exec-13] DEBUG o.s.orm.jpa.JpaTransactionManager - Exposing JPA transaction as JDBC [org.springframework.orm.jpa.vendor.HibernateJpaDialect$HibernateConnectionHandle@48d11fb0]
2026-03-16 17:02:24 [http-nio-8080-exec-13] DEBUG o.s.orm.jpa.JpaTransactionManager - Found thread-bound EntityManager [SessionImpl(295276363<open>)] for JPA transaction
2026-03-16 17:02:24 [http-nio-8080-exec-13] DEBUG o.s.orm.jpa.JpaTransactionManager - Participating in existing transaction
2026-03-16 17:02:24 [http-nio-8080-exec-13] DEBUG org.hibernate.SQL - select bm1_0.bbs_id,bm1_0.atch_posbl_file_number,bm1_0.atch_posbl_file_size,bm1_0.bbs_attrb_code,bm1_0.bbs_intrcn,bm1_0.bbs_nm,bm1_0.bbs_ty_code,bm1_0.blog_at,bm1_0.blog_id,bm1_0.cmmnty_id,bm1_0.frst_register_id,bm1_0.frst_regist_pnttm,bm1_0.file_atch_posbl_at,bm1_0.last_updusr_id,bm1_0.last_updt_pnttm,bm1_0.reply_posbl_at,bm1_0.tmplat_id,bm1_0.use_at,bm1_1.answer_at,bm1_1.stsfdg_at from nbbsmaster bm1_0 left join nbbsmasteroptn bm1_1 on bm1_0.bbs_id=bm1_1.bbs_id where bm1_0.bbs_id=?
2026-03-16 17:02:24 [http-nio-8080-exec-17] DEBUG o.s.orm.jpa.JpaTransactionManager - Closing JPA EntityManager [SessionImpl(213077656<open>)] after transaction
2026-03-16 17:02:24 [http-nio-8080-exec-17] DEBUG c.c.p.s.jwt.JwtAuthenticationFilter - >>> [JwtFilter] Successfully authenticated user: USRCNFRM_99999999999, Authorities: [ROLE_ADMIN]
2026-03-16 17:02:24 [http-nio-8080-exec-17] DEBUG o.s.web.servlet.DispatcherServlet - GET "/api/v1/menu/left?menuNo=50", parameters={masked}
2026-03-16 17:02:24 [http-nio-8080-exec-6] DEBUG o.s.orm.jpa.JpaTransactionManager - Closing JPA EntityManager [SessionImpl(1555286411<open>)] after transaction
2026-03-16 17:02:24 [http-nio-8080-exec-17] TRACE o.s.w.s.m.m.a.RequestMappingHandlerMapping - Mapped to com.company.project.api.controller.menu.MenuController#getLeftMenu(Long)
2026-03-16 17:02:24 [http-nio-8080-exec-6] DEBUG c.c.p.s.jwt.JwtAuthenticationFilter - >>> [JwtFilter] Successfully authenticated user: USRCNFRM_99999999999, Authorities: [ROLE_ADMIN]
2026-03-16 17:02:24 [http-nio-8080-exec-6] DEBUG o.s.web.servlet.DispatcherServlet - GET "/api/v1/menu/left?menuNo=20", parameters={masked}
2026-03-16 17:02:24 [http-nio-8080-exec-17] INFO  c.c.p.a.c.menu.MenuController - getLeftMenu called with menuNo=50
2026-03-16 17:02:24 [http-nio-8080-exec-17] DEBUG o.s.orm.jpa.JpaTransactionManager - Creating new transaction with name [com.company.project.service.menu.MenuService.getSubMenus]: PROPAGATION_REQUIRED,ISOLATION_DEFAULT,readOnly
2026-03-16 17:02:24 [http-nio-8080-exec-6] TRACE o.s.w.s.m.m.a.RequestMappingHandlerMapping - Mapped to com.company.project.api.controller.menu.MenuController#getLeftMenu(Long)
2026-03-16 17:02:24 [http-nio-8080-exec-17] DEBUG o.s.orm.jpa.JpaTransactionManager - Opened new EntityManager [SessionImpl(1441989939<open>)] for JPA transaction
2026-03-16 17:02:24 [http-nio-8080-exec-17] DEBUG o.s.orm.jpa.JpaTransactionManager - Exposing JPA transaction as JDBC [org.springframework.orm.jpa.vendor.HibernateJpaDialect$HibernateConnectionHandle@5ad26af2]
2026-03-16 17:02:24 [http-nio-8080-exec-6] INFO  c.c.p.a.c.menu.MenuController - getLeftMenu called with menuNo=20
2026-03-16 17:02:24 [http-nio-8080-exec-6] DEBUG o.s.orm.jpa.JpaTransactionManager - Creating new transaction with name [com.company.project.service.menu.MenuService.getSubMenus]: PROPAGATION_REQUIRED,ISOLATION_DEFAULT,readOnly
2026-03-16 17:02:24 [http-nio-8080-exec-6] DEBUG o.s.orm.jpa.JpaTransactionManager - Opened new EntityManager [SessionImpl(1578007118<open>)] for JPA transaction
2026-03-16 17:02:24 [http-nio-8080-exec-6] DEBUG o.s.orm.jpa.JpaTransactionManager - Exposing JPA transaction as JDBC [org.springframework.orm.jpa.vendor.HibernateJpaDialect$HibernateConnectionHandle@1a2557b6]
2026-03-16 17:02:24 [http-nio-8080-exec-17] DEBUG org.hibernate.SQL - select m1_0.menu_no,m1_0.menu_dc,m1_0.menu_nm,m1_0.menu_ordr,m1_0.modern_route,m1_0.progrm_file_nm,m1_0.relate_image_nm,m1_0.relate_image_path,m1_0.route_updated_at,m1_0.upper_menu_no from nmenuinfo m1_0 order by m1_0.upper_menu_no,m1_0.menu_ordr
2026-03-16 17:02:24 [http-nio-8080-exec-6] DEBUG org.hibernate.SQL - select m1_0.menu_no,m1_0.menu_dc,m1_0.menu_nm,m1_0.menu_ordr,m1_0.modern_route,m1_0.progrm_file_nm,m1_0.relate_image_nm,m1_0.relate_image_path,m1_0.route_updated_at,m1_0.upper_menu_no from nmenuinfo m1_0 order by m1_0.upper_menu_no,m1_0.menu_ordr
2026-03-16 17:02:24 [http-nio-8080-exec-9] DEBUG o.s.orm.jpa.JpaTransactionManager - Closing JPA EntityManager [SessionImpl(1879966410<open>)] after transaction
2026-03-16 17:02:24 [http-nio-8080-exec-9] DEBUG c.c.p.s.jwt.JwtAuthenticationFilter - >>> [JwtFilter] Successfully authenticated user: USRCNFRM_99999999999, Authorities: [ROLE_ADMIN]
2026-03-16 17:02:24 [http-nio-8080-exec-9] DEBUG o.s.web.servlet.DispatcherServlet - GET "/api/v1/menu/left?menuNo=10", parameters={masked}
2026-03-16 17:02:24 [http-nio-8080-exec-9] TRACE o.s.w.s.m.m.a.RequestMappingHandlerMapping - Mapped to com.company.project.api.controller.menu.MenuController#getLeftMenu(Long)
2026-03-16 17:02:24 [http-nio-8080-exec-9] INFO  c.c.p.a.c.menu.MenuController - getLeftMenu called with menuNo=10
2026-03-16 17:02:24 [http-nio-8080-exec-9] DEBUG o.s.orm.jpa.JpaTransactionManager - Creating new transaction with name [com.company.project.service.menu.MenuService.getSubMenus]: PROPAGATION_REQUIRED,ISOLATION_DEFAULT,readOnly
2026-03-16 17:02:24 [http-nio-8080-exec-9] DEBUG o.s.orm.jpa.JpaTransactionManager - Opened new EntityManager [SessionImpl(911811360<open>)] for JPA transaction
2026-03-16 17:02:24 [http-nio-8080-exec-9] DEBUG o.s.orm.jpa.JpaTransactionManager - Exposing JPA transaction as JDBC [org.springframework.orm.jpa.vendor.HibernateJpaDialect$HibernateConnectionHandle@39d69466]
2026-03-16 17:02:24 [http-nio-8080-exec-9] DEBUG org.hibernate.SQL - select m1_0.menu_no,m1_0.menu_dc,m1_0.menu_nm,m1_0.menu_ordr,m1_0.modern_route,m1_0.progrm_file_nm,m1_0.relate_image_nm,m1_0.relate_image_path,m1_0.route_updated_at,m1_0.upper_menu_no from nmenuinfo m1_0 order by m1_0.upper_menu_no,m1_0.menu_ordr
2026-03-16 17:02:24 [http-nio-8080-exec-15] DEBUG o.s.orm.jpa.JpaTransactionManager - Closing JPA EntityManager [SessionImpl(200022432<open>)] after transaction
2026-03-16 17:02:24 [http-nio-8080-exec-15] DEBUG c.c.p.s.jwt.JwtAuthenticationFilter - >>> [JwtFilter] Successfully authenticated user: USRCNFRM_99999999999, Authorities: [ROLE_ADMIN]
2026-03-16 17:02:24 [http-nio-8080-exec-15] DEBUG o.s.web.servlet.DispatcherServlet - GET "/api/v1/menu/left?menuNo=60", parameters={masked}
2026-03-16 17:02:24 [http-nio-8080-exec-15] TRACE o.s.w.s.m.m.a.RequestMappingHandlerMapping - Mapped to com.company.project.api.controller.menu.MenuController#getLeftMenu(Long)
2026-03-16 17:02:24 [http-nio-8080-exec-15] INFO  c.c.p.a.c.menu.MenuController - getLeftMenu called with menuNo=60
2026-03-16 17:02:24 [http-nio-8080-exec-15] DEBUG o.s.orm.jpa.JpaTransactionManager - Creating new transaction with name [com.company.project.service.menu.MenuService.getSubMenus]: PROPAGATION_REQUIRED,ISOLATION_DEFAULT,readOnly
2026-03-16 17:02:24 [http-nio-8080-exec-15] DEBUG o.s.orm.jpa.JpaTransactionManager - Opened new EntityManager [SessionImpl(98995893<open>)] for JPA transaction
2026-03-16 17:02:24 [http-nio-8080-exec-15] DEBUG o.s.orm.jpa.JpaTransactionManager - Exposing JPA transaction as JDBC [org.springframework.orm.jpa.vendor.HibernateJpaDialect$HibernateConnectionHandle@7face287]
2026-03-16 17:02:24 [http-nio-8080-exec-15] DEBUG org.hibernate.SQL - select m1_0.menu_no,m1_0.menu_dc,m1_0.menu_nm,m1_0.menu_ordr,m1_0.modern_route,m1_0.progrm_file_nm,m1_0.relate_image_nm,m1_0.relate_image_path,m1_0.route_updated_at,m1_0.upper_menu_no from nmenuinfo m1_0 order by m1_0.upper_menu_no,m1_0.menu_ordr
2026-03-16 17:02:24 [http-nio-8080-exec-13] DEBUG org.hibernate.SQL - select b1_0.ntt_id,b1_0.bbs_id,b1_0.ntt_sj,b1_0.ntcr_nm,b1_0.frst_regist_pnttm,b1_0.rdcnt,b1_0.answer_at,b1_0.parntsctt_no,b1_0.answer_lc,b1_0.sort_ordr,b1_0.ntt_no,b1_0.notice_at,b1_0.secret_at,b1_0.comment_co from nbbs b1_0 left join nemplyrinfo u1_0 on b1_0.frst_register_id=u1_0.esntl_id where (b1_0.use_at = 'Y') and b1_0.bbs_id=? order by b1_0.sort_ordr desc,b1_0.ntt_no offset ? rows fetch first ? rows only
2026-03-16 17:02:24 [http-nio-8080-exec-5] DEBUG o.s.orm.jpa.JpaTransactionManager - Found thread-bound EntityManager [SessionImpl(219172206<open>)] for JPA transaction
2026-03-16 17:02:24 [http-nio-8080-exec-5] DEBUG o.s.orm.jpa.JpaTransactionManager - Participating in existing transaction
2026-03-16 17:02:24 [http-nio-8080-exec-5] DEBUG org.hibernate.SQL - select p1_0.progrm_file_nm,p1_0.progrm_dc,p1_0.progrm_korean_nm,p1_0.progrm_stre_path,p1_0.url from nprogrmlist p1_0
2026-03-16 17:02:24 [http-nio-8080-exec-13] DEBUG org.hibernate.SQL - select count(b1_0.ntt_id) from nbbs b1_0 left join nemplyrinfo u1_0 on b1_0.frst_register_id=u1_0.esntl_id where (b1_0.use_at = 'Y') and b1_0.bbs_id=?
2026-03-16 17:02:24 [http-nio-8080-exec-17] DEBUG o.s.orm.jpa.JpaTransactionManager - Found thread-bound EntityManager [SessionImpl(1441989939<open>)] for JPA transaction
2026-03-16 17:02:24 [http-nio-8080-exec-17] DEBUG o.s.orm.jpa.JpaTransactionManager - Participating in existing transaction
2026-03-16 17:02:24 [http-nio-8080-exec-17] DEBUG org.hibernate.SQL - select p1_0.progrm_file_nm,p1_0.progrm_dc,p1_0.progrm_korean_nm,p1_0.progrm_stre_path,p1_0.url from nprogrmlist p1_0
2026-03-16 17:02:24 [http-nio-8080-exec-6] DEBUG o.s.orm.jpa.JpaTransactionManager - Found thread-bound EntityManager [SessionImpl(1578007118<open>)] for JPA transaction
2026-03-16 17:02:24 [http-nio-8080-exec-6] DEBUG o.s.orm.jpa.JpaTransactionManager - Participating in existing transaction
2026-03-16 17:02:24 [http-nio-8080-exec-6] DEBUG org.hibernate.SQL - select p1_0.progrm_file_nm,p1_0.progrm_dc,p1_0.progrm_korean_nm,p1_0.progrm_stre_path,p1_0.url from nprogrmlist p1_0
2026-03-16 17:02:24 [http-nio-8080-exec-9] DEBUG o.s.orm.jpa.JpaTransactionManager - Found thread-bound EntityManager [SessionImpl(911811360<open>)] for JPA transaction
2026-03-16 17:02:24 [http-nio-8080-exec-9] DEBUG o.s.orm.jpa.JpaTransactionManager - Participating in existing transaction
2026-03-16 17:02:24 [http-nio-8080-exec-9] DEBUG org.hibernate.SQL - select p1_0.progrm_file_nm,p1_0.progrm_dc,p1_0.progrm_korean_nm,p1_0.progrm_stre_path,p1_0.url from nprogrmlist p1_0
2026-03-16 17:02:24 [http-nio-8080-exec-15] DEBUG o.s.orm.jpa.JpaTransactionManager - Found thread-bound EntityManager [SessionImpl(98995893<open>)] for JPA transaction
2026-03-16 17:02:24 [http-nio-8080-exec-15] DEBUG o.s.orm.jpa.JpaTransactionManager - Participating in existing transaction
2026-03-16 17:02:24 [http-nio-8080-exec-15] DEBUG org.hibernate.SQL - select p1_0.progrm_file_nm,p1_0.progrm_dc,p1_0.progrm_korean_nm,p1_0.progrm_stre_path,p1_0.url from nprogrmlist p1_0
2026-03-16 17:02:24 [http-nio-8080-exec-5] DEBUG o.s.orm.jpa.JpaTransactionManager - Initiating transaction commit
2026-03-16 17:02:24 [http-nio-8080-exec-5] DEBUG o.s.orm.jpa.JpaTransactionManager - Committing JPA transaction on EntityManager [SessionImpl(219172206<open>)]
2026-03-16 17:02:24 [http-nio-8080-exec-13] DEBUG o.s.orm.jpa.JpaTransactionManager - Initiating transaction commit
2026-03-16 17:02:24 [http-nio-8080-exec-13] DEBUG o.s.orm.jpa.JpaTransactionManager - Committing JPA transaction on EntityManager [SessionImpl(295276363<open>)]
2026-03-16 17:02:24 [http-nio-8080-exec-17] DEBUG o.s.orm.jpa.JpaTransactionManager - Initiating transaction commit
2026-03-16 17:02:24 [http-nio-8080-exec-17] DEBUG o.s.orm.jpa.JpaTransactionManager - Committing JPA transaction on EntityManager [SessionImpl(1441989939<open>)]
2026-03-16 17:02:24 [http-nio-8080-exec-9] DEBUG o.s.orm.jpa.JpaTransactionManager - Initiating transaction commit
2026-03-16 17:02:24 [http-nio-8080-exec-9] DEBUG o.s.orm.jpa.JpaTransactionManager - Committing JPA transaction on EntityManager [SessionImpl(911811360<open>)]
2026-03-16 17:02:24 [http-nio-8080-exec-15] DEBUG o.s.orm.jpa.JpaTransactionManager - Initiating transaction commit
2026-03-16 17:02:24 [http-nio-8080-exec-15] DEBUG o.s.orm.jpa.JpaTransactionManager - Committing JPA transaction on EntityManager [SessionImpl(98995893<open>)]
2026-03-16 17:02:24 [http-nio-8080-exec-5] DEBUG o.s.orm.jpa.JpaTransactionManager - Closing JPA EntityManager [SessionImpl(219172206<open>)] after transaction
2026-03-16 17:02:24 [http-nio-8080-exec-5] INFO  c.c.p.a.c.menu.MenuController - getLeftMenu returned 2 items
2026-03-16 17:02:24 [http-nio-8080-exec-5] DEBUG o.s.w.s.m.m.a.HttpEntityMethodProcessor - Using 'application/json', given [application/json, text/plain, */*] and supported [application/json, application/*+json, application/yaml]
2026-03-16 17:02:24 [http-nio-8080-exec-5] TRACE o.s.w.s.m.m.a.HttpEntityMethodProcessor - Writing [ApiResponse[success=true, status=200, code=COMMON_001, message=Success, data={list=[com.company.project.service.menu.dto.MenuDto@26a90d73, com.company.project.service.menu.dto.MenuDto@297da3dc]}, timestamp=2026-03-16T17:02:24.598238]]
2026-03-16 17:02:24 [http-nio-8080-exec-5] INFO  c.c.p.a.i.OperationalAuditInterceptor - API Audit Log: URL=/api/v1/menu/left, User=webmaster, IP=0:0:0:0:0:0:0:1
2026-03-16 17:02:24 [http-nio-8080-exec-5] DEBUG o.s.web.servlet.DispatcherServlet - Completed 200 OK
2026-03-16 17:02:24 [http-nio-8080-exec-13] DEBUG o.s.orm.jpa.JpaTransactionManager - Closing JPA EntityManager [SessionImpl(295276363<open>)] after transaction
2026-03-16 17:02:24 [http-nio-8080-exec-13] DEBUG o.s.orm.jpa.JpaTransactionManager - Creating new transaction with name [com.company.project.service.informalsanction.InformalSanctionServiceImpl.getReceivedInformalSanctionList]: PROPAGATION_REQUIRED,ISOLATION_DEFAULT,readOnly
2026-03-16 17:02:24 [http-nio-8080-exec-13] DEBUG o.s.orm.jpa.JpaTransactionManager - Opened new EntityManager [SessionImpl(1154854116<open>)] for JPA transaction
2026-03-16 17:02:24 [http-nio-8080-exec-13] DEBUG o.s.orm.jpa.JpaTransactionManager - Exposing JPA transaction as JDBC [org.springframework.orm.jpa.vendor.HibernateJpaDialect$HibernateConnectionHandle@8eca0ae]
2026-03-16 17:02:24 [http-nio-8080-exec-13] DEBUG org.hibernate.SQL - select is1_0.infrml_sanctn_id,is1_0.applcnt_id,is1_0.confm_at,is1_0.frst_register_id,is1_0.frst_regist_pnttm,is1_0.job_se_code,is1_0.last_updusr_id,is1_0.last_updt_pnttm,is1_0.reqst_de,is1_0.return_resn,is1_0.sanctn_dt,is1_0.sanctner_id from ninfrmlsanctn is1_0 where is1_0.sanctner_id=?
2026-03-16 17:02:24 [http-nio-8080-exec-6] DEBUG o.s.orm.jpa.JpaTransactionManager - Initiating transaction commit
2026-03-16 17:02:24 [http-nio-8080-exec-17] DEBUG o.s.orm.jpa.JpaTransactionManager - Closing JPA EntityManager [SessionImpl(1441989939<open>)] after transaction
2026-03-16 17:02:24 [http-nio-8080-exec-6] DEBUG o.s.orm.jpa.JpaTransactionManager - Committing JPA transaction on EntityManager [SessionImpl(1578007118<open>)]
2026-03-16 17:02:24 [http-nio-8080-exec-17] INFO  c.c.p.a.c.menu.MenuController - getLeftMenu returned 3 items
2026-03-16 17:02:24 [http-nio-8080-exec-17] DEBUG o.s.w.s.m.m.a.HttpEntityMethodProcessor - Using 'application/json', given [application/json, text/plain, */*] and supported [application/json, application/*+json, application/yaml]
2026-03-16 17:02:24 [http-nio-8080-exec-17] TRACE o.s.w.s.m.m.a.HttpEntityMethodProcessor - Writing [ApiResponse[success=true, status=200, code=COMMON_001, message=Success, data={list=[com.company.project.service.menu.dto.MenuDto@67605e69, com.company.project.service.menu.dto.MenuDto@128370b5, com.company.project.service.menu.dto.MenuDto@534ede18]}, timestamp=2026-03-16T17:02:24.683733800]]
2026-03-16 17:02:24 [http-nio-8080-exec-17] INFO  c.c.p.a.i.OperationalAuditInterceptor - API Audit Log: URL=/api/v1/menu/left, User=webmaster, IP=0:0:0:0:0:0:0:1
2026-03-16 17:02:24 [http-nio-8080-exec-17] DEBUG o.s.web.servlet.DispatcherServlet - Completed 200 OK
2026-03-16 17:02:24 [http-nio-8080-exec-9] DEBUG o.s.orm.jpa.JpaTransactionManager - Closing JPA EntityManager [SessionImpl(911811360<open>)] after transaction
2026-03-16 17:02:24 [http-nio-8080-exec-9] INFO  c.c.p.a.c.menu.MenuController - getLeftMenu returned 5 items
2026-03-16 17:02:24 [http-nio-8080-exec-15] DEBUG o.s.orm.jpa.JpaTransactionManager - Closing JPA EntityManager [SessionImpl(98995893<open>)] after transaction
2026-03-16 17:02:24 [http-nio-8080-exec-15] INFO  c.c.p.a.c.menu.MenuController - getLeftMenu returned 1 items
2026-03-16 17:02:24 [http-nio-8080-exec-9] DEBUG o.s.w.s.m.m.a.HttpEntityMethodProcessor - Using 'application/json', given [application/json, text/plain, */*] and supported [application/json, application/*+json, application/yaml]
2026-03-16 17:02:24 [http-nio-8080-exec-15] DEBUG o.s.w.s.m.m.a.HttpEntityMethodProcessor - Using 'application/json', given [application/json, text/plain, */*] and supported [application/json, application/*+json, application/yaml]
2026-03-16 17:02:24 [http-nio-8080-exec-15] TRACE o.s.w.s.m.m.a.HttpEntityMethodProcessor - Writing [ApiResponse[success=true, status=200, code=COMMON_001, message=Success, data={list=[com.company.project.service.menu.dto.MenuDto@6aa2a430]}, timestamp=2026-03-16T17:02:24.750038]]
2026-03-16 17:02:24 [http-nio-8080-exec-9] TRACE o.s.w.s.m.m.a.HttpEntityMethodProcessor - Writing [ApiResponse[success=true, status=200, code=COMMON_001, message=Success, data={list=[com.company.project.service.menu.dto.MenuDto@2077d40, com.company.project.service.menu.dto.MenuDto@2c000574, com.company.project.service.menu.dto.MenuDto@a2379a2, com.company.project.service.menu.dto.MenuDto@181d6e30, com.company.project.service.menu.dto.MenuDto@21c9fd0e]}, timestamp=2026-03-16T17:02:24.750038]]
2026-03-16 17:02:24 [http-nio-8080-exec-15] INFO  c.c.p.a.i.OperationalAuditInterceptor - API Audit Log: URL=/api/v1/menu/left, User=webmaster, IP=0:0:0:0:0:0:0:1
2026-03-16 17:02:24 [http-nio-8080-exec-15] DEBUG o.s.web.servlet.DispatcherServlet - Completed 200 OK
2026-03-16 17:02:24 [http-nio-8080-exec-9] INFO  c.c.p.a.i.OperationalAuditInterceptor - API Audit Log: URL=/api/v1/menu/left, User=webmaster, IP=0:0:0:0:0:0:0:1
2026-03-16 17:02:24 [http-nio-8080-exec-9] DEBUG o.s.web.servlet.DispatcherServlet - Completed 200 OK
2026-03-16 17:02:24 [http-nio-8080-exec-13] DEBUG o.s.orm.jpa.JpaTransactionManager - Initiating transaction commit
2026-03-16 17:02:24 [http-nio-8080-exec-13] DEBUG o.s.orm.jpa.JpaTransactionManager - Committing JPA transaction on EntityManager [SessionImpl(1154854116<open>)]
2026-03-16 17:02:24 [http-nio-8080-exec-6] DEBUG o.s.orm.jpa.JpaTransactionManager - Closing JPA EntityManager [SessionImpl(1578007118<open>)] after transaction
2026-03-16 17:02:24 [http-nio-8080-exec-6] INFO  c.c.p.a.c.menu.MenuController - getLeftMenu returned 3 items
2026-03-16 17:02:24 [http-nio-8080-exec-6] DEBUG o.s.w.s.m.m.a.HttpEntityMethodProcessor - Using 'application/json', given [application/json, text/plain, */*] and supported [application/json, application/*+json, application/yaml]
2026-03-16 17:02:24 [http-nio-8080-exec-6] TRACE o.s.w.s.m.m.a.HttpEntityMethodProcessor - Writing [ApiResponse[success=true, status=200, code=COMMON_001, message=Success, data={list=[com.company.project.service.menu.dto.MenuDto@1d6b1bea, com.company.project.service.menu.dto.MenuDto@36a57226, com.company.project.service.menu.dto.MenuDto@18a15d50]}, timestamp=2026-03-16T17:02:24.831810400]]
2026-03-16 17:02:24 [http-nio-8080-exec-6] INFO  c.c.p.a.i.OperationalAuditInterceptor - API Audit Log: URL=/api/v1/menu/left, User=webmaster, IP=0:0:0:0:0:0:0:1
2026-03-16 17:02:24 [http-nio-8080-exec-6] DEBUG o.s.web.servlet.DispatcherServlet - Completed 200 OK
2026-03-16 17:02:24 [http-nio-8080-exec-13] DEBUG o.s.orm.jpa.JpaTransactionManager - Closing JPA EntityManager [SessionImpl(1154854116<open>)] after transaction
2026-03-16 17:02:24 [http-nio-8080-exec-13] DEBUG o.s.w.s.m.m.a.HttpEntityMethodProcessor - Using 'application/json', given [application/json, text/plain, */*] and supported [application/json, application/*+json, application/yaml]
2026-03-16 17:02:24 [http-nio-8080-exec-13] TRACE o.s.w.s.m.m.a.HttpEntityMethodProcessor - Writing [{notiList=[com.company.project.service.board.dto.BoardDto@5536677b], success=true, taskList=[com.company.project.service.board.dto.BoardDto@50a33690], pendingApprovalCount=0}]
2026-03-16 17:02:24 [http-nio-8080-exec-13] INFO  c.c.p.a.i.OperationalAuditInterceptor - API Audit Log: URL=/api/v1/dashboard, User=webmaster, IP=0:0:0:0:0:0:0:1
2026-03-16 17:02:24 [http-nio-8080-exec-13] DEBUG o.s.web.servlet.DispatcherServlet - Completed 200 OK
2026-03-16 17:02:25 [http-nio-8080-exec-11] DEBUG c.c.p.s.jwt.JwtAuthenticationFilter - >>> [JwtFilter] Processing request: GET /api/v1/auth/me
2026-03-16 17:02:25 [http-nio-8080-exec-19] DEBUG c.c.p.s.jwt.JwtAuthenticationFilter - >>> [JwtFilter] Processing request: GET /api/v1/menu/head
2026-03-16 17:02:25 [http-nio-8080-exec-10] DEBUG c.c.p.s.jwt.JwtAuthenticationFilter - >>> [JwtFilter] Processing request: GET /api/v1/menu/left
2026-03-16 17:02:25 [http-nio-8080-exec-11] DEBUG c.c.p.s.jwt.JwtAuthenticationFilter - >>> [JwtFilter] Found token in header for path: /api/v1/auth/me
2026-03-16 17:02:25 [http-nio-8080-exec-19] DEBUG c.c.p.s.jwt.JwtAuthenticationFilter - >>> [JwtFilter] Found token in header for path: /api/v1/menu/head
2026-03-16 17:02:25 [http-nio-8080-exec-10] DEBUG c.c.p.s.jwt.JwtAuthenticationFilter - >>> [JwtFilter] Found token in header for path: /api/v1/menu/left
2026-03-16 17:02:25 [http-nio-8080-exec-19] DEBUG o.s.orm.jpa.JpaTransactionManager - Creating new transaction with name [com.company.project.security.iam.CustomUserDetailsService.loadUserByUsername]: PROPAGATION_REQUIRED,ISOLATION_DEFAULT,readOnly
2026-03-16 17:02:25 [http-nio-8080-exec-10] DEBUG o.s.orm.jpa.JpaTransactionManager - Creating new transaction with name [com.company.project.security.iam.CustomUserDetailsService.loadUserByUsername]: PROPAGATION_REQUIRED,ISOLATION_DEFAULT,readOnly
2026-03-16 17:02:25 [http-nio-8080-exec-11] DEBUG o.s.orm.jpa.JpaTransactionManager - Creating new transaction with name [com.company.project.security.iam.CustomUserDetailsService.loadUserByUsername]: PROPAGATION_REQUIRED,ISOLATION_DEFAULT,readOnly
2026-03-16 17:02:25 [http-nio-8080-exec-19] DEBUG o.s.orm.jpa.JpaTransactionManager - Opened new EntityManager [SessionImpl(14247975<open>)] for JPA transaction
2026-03-16 17:02:25 [http-nio-8080-exec-11] DEBUG o.s.orm.jpa.JpaTransactionManager - Opened new EntityManager [SessionImpl(1843139450<open>)] for JPA transaction
2026-03-16 17:02:25 [http-nio-8080-exec-11] DEBUG o.s.orm.jpa.JpaTransactionManager - Exposing JPA transaction as JDBC [org.springframework.orm.jpa.vendor.HibernateJpaDialect$HibernateConnectionHandle@6be08d54]
2026-03-16 17:02:25 [http-nio-8080-exec-10] DEBUG o.s.orm.jpa.JpaTransactionManager - Opened new EntityManager [SessionImpl(209861372<open>)] for JPA transaction
2026-03-16 17:02:25 [http-nio-8080-exec-10] DEBUG o.s.orm.jpa.JpaTransactionManager - Exposing JPA transaction as JDBC [org.springframework.orm.jpa.vendor.HibernateJpaDialect$HibernateConnectionHandle@39408d6f]
2026-03-16 17:02:25 [http-nio-8080-exec-11] DEBUG o.s.orm.jpa.JpaTransactionManager - Found thread-bound EntityManager [SessionImpl(1843139450<open>)] for JPA transaction
2026-03-16 17:02:25 [http-nio-8080-exec-10] DEBUG o.s.orm.jpa.JpaTransactionManager - Found thread-bound EntityManager [SessionImpl(209861372<open>)] for JPA transaction
2026-03-16 17:02:25 [http-nio-8080-exec-11] DEBUG o.s.orm.jpa.JpaTransactionManager - Participating in existing transaction
2026-03-16 17:02:25 [http-nio-8080-exec-10] DEBUG o.s.orm.jpa.JpaTransactionManager - Participating in existing transaction
2026-03-16 17:02:25 [http-nio-8080-exec-11] DEBUG org.hibernate.SQL - select u1_0.emplyr_id,u1_0.area_no,u1_0.brthdy,u1_0.chg_pwd_cnt,u1_0.frst_register_id,u1_0.frst_regist_pnttm,u1_0.detail_adres,u1_0.email_adres,u1_0.emplyr_sttus_code,u1_0.empl_no,u1_0.esntl_id,u1_0.fxnum,u1_0.group_id,u1_0.house_adres,u1_0.house_end_telno,u1_0.house_middle_telno,u1_0.ihidnum,u1_0.pstinst_code,u1_0.last_updusr_id,u1_0.last_updt_pnttm,u1_0.lock_at,u1_0.lock_cnt,u1_0.lock_last_pnttm,u1_0.mbtlnum,u1_0.ofcps_nm,u1_0.offm_telno,u1_0.orgnzt_id,u1_0.password,u1_0.password_cnsr,u1_0.password_hint,u1_0.chg_pwd_last_pnttm,u1_0.role,u1_0.sbscrb_de,u1_0.sexdstn_code,u1_0.crtfc_dn_value,u1_0.user_nm,u1_0.zip from nemplyrinfo u1_0 where u1_0.emplyr_id=?
2026-03-16 17:02:25 [http-nio-8080-exec-10] DEBUG org.hibernate.SQL - select u1_0.emplyr_id,u1_0.area_no,u1_0.brthdy,u1_0.chg_pwd_cnt,u1_0.frst_register_id,u1_0.frst_regist_pnttm,u1_0.detail_adres,u1_0.email_adres,u1_0.emplyr_sttus_code,u1_0.empl_no,u1_0.esntl_id,u1_0.fxnum,u1_0.group_id,u1_0.house_adres,u1_0.house_end_telno,u1_0.house_middle_telno,u1_0.ihidnum,u1_0.pstinst_code,u1_0.last_updusr_id,u1_0.last_updt_pnttm,u1_0.lock_at,u1_0.lock_cnt,u1_0.lock_last_pnttm,u1_0.mbtlnum,u1_0.ofcps_nm,u1_0.offm_telno,u1_0.orgnzt_id,u1_0.password,u1_0.password_cnsr,u1_0.password_hint,u1_0.chg_pwd_last_pnttm,u1_0.role,u1_0.sbscrb_de,u1_0.sexdstn_code,u1_0.crtfc_dn_value,u1_0.user_nm,u1_0.zip from nemplyrinfo u1_0 where u1_0.emplyr_id=?
2026-03-16 17:02:25 [http-nio-8080-exec-11] DEBUG o.s.orm.jpa.JpaTransactionManager - Found thread-bound EntityManager [SessionImpl(1843139450<open>)] for JPA transaction
2026-03-16 17:02:25 [http-nio-8080-exec-10] DEBUG o.s.orm.jpa.JpaTransactionManager - Found thread-bound EntityManager [SessionImpl(209861372<open>)] for JPA transaction
2026-03-16 17:02:25 [http-nio-8080-exec-11] DEBUG o.s.orm.jpa.JpaTransactionManager - Participating in existing transaction
2026-03-16 17:02:25 [http-nio-8080-exec-19] DEBUG o.s.orm.jpa.JpaTransactionManager - Exposing JPA transaction as JDBC [org.springframework.orm.jpa.vendor.HibernateJpaDialect$HibernateConnectionHandle@3dd4c675]
2026-03-16 17:02:25 [http-nio-8080-exec-10] DEBUG o.s.orm.jpa.JpaTransactionManager - Participating in existing transaction
2026-03-16 17:02:25 [http-nio-8080-exec-11] DEBUG org.hibernate.SQL - select ua1_0.scrty_dtrmn_trget_id,ua1_0.author_code,ua1_0.frst_register_id,ua1_0.frst_regist_pnttm,ua1_0.last_updusr_id,ua1_0.last_updt_pnttm,ua1_0.mber_ty_code from nemplyrscrtyestbs ua1_0 where ua1_0.scrty_dtrmn_trget_id=?
2026-03-16 17:02:25 [http-nio-8080-exec-19] DEBUG o.s.orm.jpa.JpaTransactionManager - Found thread-bound EntityManager [SessionImpl(14247975<open>)] for JPA transaction
2026-03-16 17:02:25 [http-nio-8080-exec-19] DEBUG o.s.orm.jpa.JpaTransactionManager - Participating in existing transaction
2026-03-16 17:02:25 [http-nio-8080-exec-10] DEBUG org.hibernate.SQL - select ua1_0.scrty_dtrmn_trget_id,ua1_0.author_code,ua1_0.frst_register_id,ua1_0.frst_regist_pnttm,ua1_0.last_updusr_id,ua1_0.last_updt_pnttm,ua1_0.mber_ty_code from nemplyrscrtyestbs ua1_0 where ua1_0.scrty_dtrmn_trget_id=?
2026-03-16 17:02:25 [http-nio-8080-exec-19] DEBUG org.hibernate.SQL - select u1_0.emplyr_id,u1_0.area_no,u1_0.brthdy,u1_0.chg_pwd_cnt,u1_0.frst_register_id,u1_0.frst_regist_pnttm,u1_0.detail_adres,u1_0.email_adres,u1_0.emplyr_sttus_code,u1_0.empl_no,u1_0.esntl_id,u1_0.fxnum,u1_0.group_id,u1_0.house_adres,u1_0.house_end_telno,u1_0.house_middle_telno,u1_0.ihidnum,u1_0.pstinst_code,u1_0.last_updusr_id,u1_0.last_updt_pnttm,u1_0.lock_at,u1_0.lock_cnt,u1_0.lock_last_pnttm,u1_0.mbtlnum,u1_0.ofcps_nm,u1_0.offm_telno,u1_0.orgnzt_id,u1_0.password,u1_0.password_cnsr,u1_0.password_hint,u1_0.chg_pwd_last_pnttm,u1_0.role,u1_0.sbscrb_de,u1_0.sexdstn_code,u1_0.crtfc_dn_value,u1_0.user_nm,u1_0.zip from nemplyrinfo u1_0 where u1_0.emplyr_id=?
2026-03-16 17:02:25 [http-nio-8080-exec-10] DEBUG o.s.orm.jpa.JpaTransactionManager - Initiating transaction commit
2026-03-16 17:02:25 [http-nio-8080-exec-11] DEBUG o.s.orm.jpa.JpaTransactionManager - Initiating transaction commit
2026-03-16 17:02:25 [http-nio-8080-exec-10] DEBUG o.s.orm.jpa.JpaTransactionManager - Committing JPA transaction on EntityManager [SessionImpl(209861372<open>)]
2026-03-16 17:02:25 [http-nio-8080-exec-11] DEBUG o.s.orm.jpa.JpaTransactionManager - Committing JPA transaction on EntityManager [SessionImpl(1843139450<open>)]
2026-03-16 17:02:25 [http-nio-8080-exec-19] DEBUG o.s.orm.jpa.JpaTransactionManager - Found thread-bound EntityManager [SessionImpl(14247975<open>)] for JPA transaction
2026-03-16 17:02:25 [http-nio-8080-exec-19] DEBUG o.s.orm.jpa.JpaTransactionManager - Participating in existing transaction
2026-03-16 17:02:25 [http-nio-8080-exec-19] DEBUG org.hibernate.SQL - select ua1_0.scrty_dtrmn_trget_id,ua1_0.author_code,ua1_0.frst_register_id,ua1_0.frst_regist_pnttm,ua1_0.last_updusr_id,ua1_0.last_updt_pnttm,ua1_0.mber_ty_code from nemplyrscrtyestbs ua1_0 where ua1_0.scrty_dtrmn_trget_id=?
2026-03-16 17:02:25 [http-nio-8080-exec-11] DEBUG o.s.orm.jpa.JpaTransactionManager - Closing JPA EntityManager [SessionImpl(1843139450<open>)] after transaction
2026-03-16 17:02:25 [http-nio-8080-exec-10] DEBUG o.s.orm.jpa.JpaTransactionManager - Closing JPA EntityManager [SessionImpl(209861372<open>)] after transaction
2026-03-16 17:02:25 [http-nio-8080-exec-11] DEBUG c.c.p.s.jwt.JwtAuthenticationFilter - >>> [JwtFilter] Successfully authenticated user: USRCNFRM_99999999999, Authorities: [ROLE_ADMIN]
2026-03-16 17:02:25 [http-nio-8080-exec-10] DEBUG c.c.p.s.jwt.JwtAuthenticationFilter - >>> [JwtFilter] Successfully authenticated user: USRCNFRM_99999999999, Authorities: [ROLE_ADMIN]
2026-03-16 17:02:25 [http-nio-8080-exec-11] DEBUG o.s.web.servlet.DispatcherServlet - GET "/api/v1/auth/me", parameters={}
2026-03-16 17:02:25 [http-nio-8080-exec-10] DEBUG o.s.web.servlet.DispatcherServlet - GET "/api/v1/menu/left?menuNo=10", parameters={masked}
2026-03-16 17:02:25 [http-nio-8080-exec-11] TRACE o.s.w.s.m.m.a.RequestMappingHandlerMapping - Mapped to com.company.project.api.auth.AuthController#getCurrentUser()
2026-03-16 17:02:25 [http-nio-8080-exec-10] TRACE o.s.w.s.m.m.a.RequestMappingHandlerMapping - Mapped to com.company.project.api.controller.menu.MenuController#getLeftMenu(Long)
2026-03-16 17:02:25 [http-nio-8080-exec-10] INFO  c.c.p.a.c.menu.MenuController - getLeftMenu called with menuNo=10
2026-03-16 17:02:25 [http-nio-8080-exec-11] DEBUG o.s.w.s.m.m.a.RequestResponseBodyMethodProcessor - Using 'application/json', given [application/json, text/plain, */*] and supported [application/json, application/*+json, application/yaml]
2026-03-16 17:02:25 [http-nio-8080-exec-11] TRACE o.s.w.s.m.m.a.RequestResponseBodyMethodProcessor - Writing [ApiResponse[success=true, status=200, code=COMMON_001, message=Success, data={role=ROLE_ADMIN, userSe=EMP, name=관리자, id=webmaster}, timestamp=2026-03-16T17:02:25.775945500]]
2026-03-16 17:02:25 [http-nio-8080-exec-10] DEBUG o.s.orm.jpa.JpaTransactionManager - Creating new transaction with name [com.company.project.service.menu.MenuService.getSubMenus]: PROPAGATION_REQUIRED,ISOLATION_DEFAULT,readOnly
2026-03-16 17:02:25 [http-nio-8080-exec-10] DEBUG o.s.orm.jpa.JpaTransactionManager - Opened new EntityManager [SessionImpl(300565233<open>)] for JPA transaction
2026-03-16 17:02:25 [http-nio-8080-exec-10] DEBUG o.s.orm.jpa.JpaTransactionManager - Exposing JPA transaction as JDBC [org.springframework.orm.jpa.vendor.HibernateJpaDialect$HibernateConnectionHandle@5c125b8]
2026-03-16 17:02:25 [http-nio-8080-exec-11] INFO  c.c.p.a.i.OperationalAuditInterceptor - API Audit Log: URL=/api/v1/auth/me, User=webmaster, IP=127.0.0.1
2026-03-16 17:02:25 [http-nio-8080-exec-11] DEBUG o.s.web.servlet.DispatcherServlet - Completed 200 OK
2026-03-16 17:02:25 [http-nio-8080-exec-10] DEBUG org.hibernate.SQL - select m1_0.menu_no,m1_0.menu_dc,m1_0.menu_nm,m1_0.menu_ordr,m1_0.modern_route,m1_0.progrm_file_nm,m1_0.relate_image_nm,m1_0.relate_image_path,m1_0.route_updated_at,m1_0.upper_menu_no from nmenuinfo m1_0 order by m1_0.upper_menu_no,m1_0.menu_ordr
2026-03-16 17:02:25 [http-nio-8080-exec-19] DEBUG o.s.orm.jpa.JpaTransactionManager - Initiating transaction commit
2026-03-16 17:02:25 [http-nio-8080-exec-19] DEBUG o.s.orm.jpa.JpaTransactionManager - Committing JPA transaction on EntityManager [SessionImpl(14247975<open>)]
2026-03-16 17:02:25 [http-nio-8080-exec-3] DEBUG c.c.p.s.jwt.JwtAuthenticationFilter - >>> [JwtFilter] Processing request: GET /api/v1/notifications
2026-03-16 17:02:25 [http-nio-8080-exec-8] DEBUG c.c.p.s.jwt.JwtAuthenticationFilter - >>> [JwtFilter] Processing request: GET /api/v1/notifications/unread-count
2026-03-16 17:02:25 [http-nio-8080-exec-3] DEBUG c.c.p.s.jwt.JwtAuthenticationFilter - >>> [JwtFilter] Found token in header for path: /api/v1/notifications
2026-03-16 17:02:25 [http-nio-8080-exec-8] DEBUG c.c.p.s.jwt.JwtAuthenticationFilter - >>> [JwtFilter] Found token in header for path: /api/v1/notifications/unread-count
2026-03-16 17:02:25 [http-nio-8080-exec-3] DEBUG o.s.orm.jpa.JpaTransactionManager - Creating new transaction with name [com.company.project.security.iam.CustomUserDetailsService.loadUserByUsername]: PROPAGATION_REQUIRED,ISOLATION_DEFAULT,readOnly
2026-03-16 17:02:25 [http-nio-8080-exec-8] DEBUG o.s.orm.jpa.JpaTransactionManager - Creating new transaction with name [com.company.project.security.iam.CustomUserDetailsService.loadUserByUsername]: PROPAGATION_REQUIRED,ISOLATION_DEFAULT,readOnly
2026-03-16 17:02:25 [http-nio-8080-exec-3] DEBUG o.s.orm.jpa.JpaTransactionManager - Opened new EntityManager [SessionImpl(359723688<open>)] for JPA transaction
2026-03-16 17:02:25 [http-nio-8080-exec-8] DEBUG o.s.orm.jpa.JpaTransactionManager - Opened new EntityManager [SessionImpl(748027435<open>)] for JPA transaction
2026-03-16 17:02:25 [http-nio-8080-exec-3] DEBUG o.s.orm.jpa.JpaTransactionManager - Exposing JPA transaction as JDBC [org.springframework.orm.jpa.vendor.HibernateJpaDialect$HibernateConnectionHandle@268d6fb5]
2026-03-16 17:02:25 [http-nio-8080-exec-3] DEBUG o.s.orm.jpa.JpaTransactionManager - Found thread-bound EntityManager [SessionImpl(359723688<open>)] for JPA transaction
2026-03-16 17:02:25 [http-nio-8080-exec-3] DEBUG o.s.orm.jpa.JpaTransactionManager - Participating in existing transaction
2026-03-16 17:02:25 [http-nio-8080-exec-3] DEBUG org.hibernate.SQL - select u1_0.emplyr_id,u1_0.area_no,u1_0.brthdy,u1_0.chg_pwd_cnt,u1_0.frst_register_id,u1_0.frst_regist_pnttm,u1_0.detail_adres,u1_0.email_adres,u1_0.emplyr_sttus_code,u1_0.empl_no,u1_0.esntl_id,u1_0.fxnum,u1_0.group_id,u1_0.house_adres,u1_0.house_end_telno,u1_0.house_middle_telno,u1_0.ihidnum,u1_0.pstinst_code,u1_0.last_updusr_id,u1_0.last_updt_pnttm,u1_0.lock_at,u1_0.lock_cnt,u1_0.lock_last_pnttm,u1_0.mbtlnum,u1_0.ofcps_nm,u1_0.offm_telno,u1_0.orgnzt_id,u1_0.password,u1_0.password_cnsr,u1_0.password_hint,u1_0.chg_pwd_last_pnttm,u1_0.role,u1_0.sbscrb_de,u1_0.sexdstn_code,u1_0.crtfc_dn_value,u1_0.user_nm,u1_0.zip from nemplyrinfo u1_0 where u1_0.emplyr_id=?
2026-03-16 17:02:25 [http-nio-8080-exec-1] DEBUG c.c.p.s.jwt.JwtAuthenticationFilter - >>> [JwtFilter] Processing request: GET /api/v1/popups/active
2026-03-16 17:02:25 [http-nio-8080-exec-1] DEBUG c.c.p.s.jwt.JwtAuthenticationFilter - >>> [JwtFilter] Found token in header for path: /api/v1/popups/active
2026-03-16 17:02:25 [http-nio-8080-exec-1] DEBUG o.s.orm.jpa.JpaTransactionManager - Creating new transaction with name [com.company.project.security.iam.CustomUserDetailsService.loadUserByUsername]: PROPAGATION_REQUIRED,ISOLATION_DEFAULT,readOnly
2026-03-16 17:02:25 [http-nio-8080-exec-1] DEBUG o.s.orm.jpa.JpaTransactionManager - Opened new EntityManager [SessionImpl(1965574708<open>)] for JPA transaction
2026-03-16 17:02:25 [http-nio-8080-exec-14] DEBUG o.s.web.servlet.DispatcherServlet - GET "/ws/info?t=1773648145840", parameters={masked}
2026-03-16 17:02:25 [http-nio-8080-exec-14] DEBUG o.s.w.s.s.s.WebSocketHandlerMapping - Mapped to org.springframework.web.socket.sockjs.support.SockJsHttpRequestHandler@3d80b7ba
2026-03-16 17:02:25 [http-nio-8080-exec-14] DEBUG o.s.w.s.s.t.h.DefaultSockJsService - Processing transport request: GET http://localhost:8080/ws/info?t=1773648145840
2026-03-16 17:02:25 [http-nio-8080-exec-14] DEBUG o.s.web.servlet.DispatcherServlet - Completed 200 OK
2026-03-16 17:02:25 [http-nio-8080-exec-18] DEBUG o.s.web.servlet.DispatcherServlet - GET "/ws/115/2l2i2njk/websocket", parameters={}
2026-03-16 17:02:25 [http-nio-8080-exec-18] DEBUG o.s.w.s.s.s.WebSocketHandlerMapping - Mapped to org.springframework.web.socket.sockjs.support.SockJsHttpRequestHandler@3d80b7ba
2026-03-16 17:02:25 [http-nio-8080-exec-18] DEBUG o.s.w.s.s.t.h.DefaultSockJsService - Processing transport request: GET http://localhost:8080/ws/115/2l2i2njk/websocket
2026-03-16 17:02:25 [http-nio-8080-exec-18] DEBUG o.s.web.servlet.DispatcherServlet - Completed 101 SWITCHING_PROTOCOLS
2026-03-16 17:02:25 [http-nio-8080-exec-18] DEBUG o.s.w.s.h.LoggingWebSocketHandlerDecorator - New WebSocketServerSockJsSession[id=2l2i2njk]
2026-03-16 17:02:25 [scheduling-1] DEBUG org.springframework.web.SimpLogging - Processing CONNECT session=2l2i2njk
2026-03-16 17:02:25 [scheduling-1] DEBUG org.springframework.web.SimpLogging - Processing SUBSCRIBE /topic/notices id=sub-0 session=2l2i2njk
2026-03-16 17:02:25 [scheduling-1] DEBUG org.springframework.web.SimpLogging - Processing SUBSCRIBE destination=/queue/notifications-user2l2i2njk subscriptionId=sub-1 session=2l2i2njk payload=byte[0]
2026-03-16 17:02:25 [scheduling-1] DEBUG org.springframework.web.SimpLogging - Processing SUBSCRIBE /topic/public id=sub-2 session=2l2i2njk
2026-03-16 17:02:25 [scheduling-1] DEBUG org.springframework.web.SimpLogging - Processing SUBSCRIBE /topic/dashboard/stats id=sub-4 session=2l2i2njk
2026-03-16 17:02:25 [scheduling-1] DEBUG org.springframework.web.SimpLogging - Processing SUBSCRIBE /topic/notifications id=sub-5 session=2l2i2njk
2026-03-16 17:02:25 [scheduling-1] DEBUG org.springframework.web.SimpLogging - Processing SUBSCRIBE destination=/queue/notifications-user2l2i2njk subscriptionId=sub-6 session=2l2i2njk payload=byte[0]
2026-03-16 17:02:25 [http-nio-8080-exec-4] DEBUG c.c.p.s.jwt.JwtAuthenticationFilter - >>> [JwtFilter] Processing request: GET /api/v1/admin/system/banners/reflected
2026-03-16 17:02:25 [http-nio-8080-exec-4] DEBUG c.c.p.s.jwt.JwtAuthenticationFilter - >>> [JwtFilter] Found token in header for path: /api/v1/admin/system/banners/reflected
2026-03-16 17:02:25 [http-nio-8080-exec-4] DEBUG o.s.orm.jpa.JpaTransactionManager - Creating new transaction with name [com.company.project.security.iam.CustomUserDetailsService.loadUserByUsername]: PROPAGATION_REQUIRED,ISOLATION_DEFAULT,readOnly
2026-03-16 17:02:25 [http-nio-8080-exec-4] DEBUG o.s.orm.jpa.JpaTransactionManager - Opened new EntityManager [SessionImpl(73723985<open>)] for JPA transaction
2026-03-16 17:02:25 [http-nio-8080-exec-19] DEBUG o.s.orm.jpa.JpaTransactionManager - Closing JPA EntityManager [SessionImpl(14247975<open>)] after transaction
2026-03-16 17:02:25 [http-nio-8080-exec-19] DEBUG c.c.p.s.jwt.JwtAuthenticationFilter - >>> [JwtFilter] Successfully authenticated user: USRCNFRM_99999999999, Authorities: [ROLE_ADMIN]
2026-03-16 17:02:25 [http-nio-8080-exec-19] DEBUG o.s.web.servlet.DispatcherServlet - GET "/api/v1/menu/head", parameters={}
2026-03-16 17:02:25 [http-nio-8080-exec-19] TRACE o.s.w.s.m.m.a.RequestMappingHandlerMapping - Mapped to com.company.project.api.controller.menu.MenuController#getHeadMenu()
2026-03-16 17:02:25 [http-nio-8080-exec-19] INFO  c.c.p.a.c.menu.MenuController - getHeadMenu called
2026-03-16 17:02:25 [http-nio-8080-exec-19] INFO  c.c.p.a.c.menu.MenuController - getHeadMenu returned 5 items
2026-03-16 17:02:25 [http-nio-8080-exec-19] DEBUG o.s.w.s.m.m.a.HttpEntityMethodProcessor - Using 'application/json', given [application/json, text/plain, */*] and supported [application/json, application/*+json, application/yaml]
2026-03-16 17:02:25 [http-nio-8080-exec-19] TRACE o.s.w.s.m.m.a.HttpEntityMethodProcessor - Writing [ApiResponse[success=true, status=200, code=COMMON_001, message=Success, data={list=[com.company.project.service.menu.dto.MenuDto@2b80d6b0, com.company.project.service.menu.dto.MenuDto@1418cfa3, com.company.project.service.menu.dto.MenuDto@f230bf1, com.company.project.service.menu.dto.MenuDto@734a7f6a, com.company.project.service.menu.dto.MenuDto@5e5202e5]}, timestamp=2026-03-16T17:02:25.944654]]
2026-03-16 17:02:25 [http-nio-8080-exec-19] INFO  c.c.p.a.i.OperationalAuditInterceptor - API Audit Log: URL=/api/v1/menu/head, User=webmaster, IP=127.0.0.1
2026-03-16 17:02:25 [http-nio-8080-exec-19] DEBUG o.s.web.servlet.DispatcherServlet - Completed 200 OK
2026-03-16 17:02:25 [http-nio-8080-exec-12] DEBUG c.c.p.s.jwt.JwtAuthenticationFilter - >>> [JwtFilter] Processing request: GET /api/v1/admin/system/statistics/connect
2026-03-16 17:02:25 [http-nio-8080-exec-12] DEBUG c.c.p.s.jwt.JwtAuthenticationFilter - >>> [JwtFilter] Found token in header for path: /api/v1/admin/system/statistics/connect
2026-03-16 17:02:25 [http-nio-8080-exec-12] DEBUG o.s.orm.jpa.JpaTransactionManager - Creating new transaction with name [com.company.project.security.iam.CustomUserDetailsService.loadUserByUsername]: PROPAGATION_REQUIRED,ISOLATION_DEFAULT,readOnly
2026-03-16 17:02:25 [http-nio-8080-exec-12] DEBUG o.s.orm.jpa.JpaTransactionManager - Opened new EntityManager [SessionImpl(1068362700<open>)] for JPA transaction
2026-03-16 17:02:25 [http-nio-8080-exec-12] DEBUG o.s.orm.jpa.JpaTransactionManager - Exposing JPA transaction as JDBC [org.springframework.orm.jpa.vendor.HibernateJpaDialect$HibernateConnectionHandle@1973fd25]
2026-03-16 17:02:25 [http-nio-8080-exec-12] DEBUG o.s.orm.jpa.JpaTransactionManager - Found thread-bound EntityManager [SessionImpl(1068362700<open>)] for JPA transaction
2026-03-16 17:02:25 [http-nio-8080-exec-12] DEBUG o.s.orm.jpa.JpaTransactionManager - Participating in existing transaction
2026-03-16 17:02:25 [http-nio-8080-exec-12] DEBUG org.hibernate.SQL - select u1_0.emplyr_id,u1_0.area_no,u1_0.brthdy,u1_0.chg_pwd_cnt,u1_0.frst_register_id,u1_0.frst_regist_pnttm,u1_0.detail_adres,u1_0.email_adres,u1_0.emplyr_sttus_code,u1_0.empl_no,u1_0.esntl_id,u1_0.fxnum,u1_0.group_id,u1_0.house_adres,u1_0.house_end_telno,u1_0.house_middle_telno,u1_0.ihidnum,u1_0.pstinst_code,u1_0.last_updusr_id,u1_0.last_updt_pnttm,u1_0.lock_at,u1_0.lock_cnt,u1_0.lock_last_pnttm,u1_0.mbtlnum,u1_0.ofcps_nm,u1_0.offm_telno,u1_0.orgnzt_id,u1_0.password,u1_0.password_cnsr,u1_0.password_hint,u1_0.chg_pwd_last_pnttm,u1_0.role,u1_0.sbscrb_de,u1_0.sexdstn_code,u1_0.crtfc_dn_value,u1_0.user_nm,u1_0.zip from nemplyrinfo u1_0 where u1_0.emplyr_id=?
2026-03-16 17:02:25 [http-nio-8080-exec-1] DEBUG o.s.orm.jpa.JpaTransactionManager - Exposing JPA transaction as JDBC [org.springframework.orm.jpa.vendor.HibernateJpaDialect$HibernateConnectionHandle@7be1f39c]
2026-03-16 17:02:25 [http-nio-8080-exec-8] DEBUG o.s.orm.jpa.JpaTransactionManager - Exposing JPA transaction as JDBC [org.springframework.orm.jpa.vendor.HibernateJpaDialect$HibernateConnectionHandle@6e5a674a]
2026-03-16 17:02:25 [http-nio-8080-exec-1] DEBUG o.s.orm.jpa.JpaTransactionManager - Found thread-bound EntityManager [SessionImpl(1965574708<open>)] for JPA transaction
2026-03-16 17:02:25 [http-nio-8080-exec-3] DEBUG o.s.orm.jpa.JpaTransactionManager - Found thread-bound EntityManager [SessionImpl(359723688<open>)] for JPA transaction
2026-03-16 17:02:25 [http-nio-8080-exec-8] DEBUG o.s.orm.jpa.JpaTransactionManager - Found thread-bound EntityManager [SessionImpl(748027435<open>)] for JPA transaction
2026-03-16 17:02:25 [http-nio-8080-exec-1] DEBUG o.s.orm.jpa.JpaTransactionManager - Participating in existing transaction
2026-03-16 17:02:25 [http-nio-8080-exec-3] DEBUG o.s.orm.jpa.JpaTransactionManager - Participating in existing transaction
2026-03-16 17:02:25 [http-nio-8080-exec-8] DEBUG o.s.orm.jpa.JpaTransactionManager - Participating in existing transaction
2026-03-16 17:02:25 [http-nio-8080-exec-3] DEBUG org.hibernate.SQL - select ua1_0.scrty_dtrmn_trget_id,ua1_0.author_code,ua1_0.frst_register_id,ua1_0.frst_regist_pnttm,ua1_0.last_updusr_id,ua1_0.last_updt_pnttm,ua1_0.mber_ty_code from nemplyrscrtyestbs ua1_0 where ua1_0.scrty_dtrmn_trget_id=?
2026-03-16 17:02:25 [http-nio-8080-exec-1] DEBUG org.hibernate.SQL - select u1_0.emplyr_id,u1_0.area_no,u1_0.brthdy,u1_0.chg_pwd_cnt,u1_0.frst_register_id,u1_0.frst_regist_pnttm,u1_0.detail_adres,u1_0.email_adres,u1_0.emplyr_sttus_code,u1_0.empl_no,u1_0.esntl_id,u1_0.fxnum,u1_0.group_id,u1_0.house_adres,u1_0.house_end_telno,u1_0.house_middle_telno,u1_0.ihidnum,u1_0.pstinst_code,u1_0.last_updusr_id,u1_0.last_updt_pnttm,u1_0.lock_at,u1_0.lock_cnt,u1_0.lock_last_pnttm,u1_0.mbtlnum,u1_0.ofcps_nm,u1_0.offm_telno,u1_0.orgnzt_id,u1_0.password,u1_0.password_cnsr,u1_0.password_hint,u1_0.chg_pwd_last_pnttm,u1_0.role,u1_0.sbscrb_de,u1_0.sexdstn_code,u1_0.crtfc_dn_value,u1_0.user_nm,u1_0.zip from nemplyrinfo u1_0 where u1_0.emplyr_id=?
2026-03-16 17:02:25 [http-nio-8080-exec-8] DEBUG org.hibernate.SQL - select u1_0.emplyr_id,u1_0.area_no,u1_0.brthdy,u1_0.chg_pwd_cnt,u1_0.frst_register_id,u1_0.frst_regist_pnttm,u1_0.detail_adres,u1_0.email_adres,u1_0.emplyr_sttus_code,u1_0.empl_no,u1_0.esntl_id,u1_0.fxnum,u1_0.group_id,u1_0.house_adres,u1_0.house_end_telno,u1_0.house_middle_telno,u1_0.ihidnum,u1_0.pstinst_code,u1_0.last_updusr_id,u1_0.last_updt_pnttm,u1_0.lock_at,u1_0.lock_cnt,u1_0.lock_last_pnttm,u1_0.mbtlnum,u1_0.ofcps_nm,u1_0.offm_telno,u1_0.orgnzt_id,u1_0.password,u1_0.password_cnsr,u1_0.password_hint,u1_0.chg_pwd_last_pnttm,u1_0.role,u1_0.sbscrb_de,u1_0.sexdstn_code,u1_0.crtfc_dn_value,u1_0.user_nm,u1_0.zip from nemplyrinfo u1_0 where u1_0.emplyr_id=?
2026-03-16 17:02:26 [http-nio-8080-exec-4] DEBUG o.s.orm.jpa.JpaTransactionManager - Exposing JPA transaction as JDBC [org.springframework.orm.jpa.vendor.HibernateJpaDialect$HibernateConnectionHandle@121170e2]
2026-03-16 17:02:26 [http-nio-8080-exec-4] DEBUG o.s.orm.jpa.JpaTransactionManager - Found thread-bound EntityManager [SessionImpl(73723985<open>)] for JPA transaction
2026-03-16 17:02:26 [http-nio-8080-exec-4] DEBUG o.s.orm.jpa.JpaTransactionManager - Participating in existing transaction
2026-03-16 17:02:26 [http-nio-8080-exec-4] DEBUG org.hibernate.SQL - select u1_0.emplyr_id,u1_0.area_no,u1_0.brthdy,u1_0.chg_pwd_cnt,u1_0.frst_register_id,u1_0.frst_regist_pnttm,u1_0.detail_adres,u1_0.email_adres,u1_0.emplyr_sttus_code,u1_0.empl_no,u1_0.esntl_id,u1_0.fxnum,u1_0.group_id,u1_0.house_adres,u1_0.house_end_telno,u1_0.house_middle_telno,u1_0.ihidnum,u1_0.pstinst_code,u1_0.last_updusr_id,u1_0.last_updt_pnttm,u1_0.lock_at,u1_0.lock_cnt,u1_0.lock_last_pnttm,u1_0.mbtlnum,u1_0.ofcps_nm,u1_0.offm_telno,u1_0.orgnzt_id,u1_0.password,u1_0.password_cnsr,u1_0.password_hint,u1_0.chg_pwd_last_pnttm,u1_0.role,u1_0.sbscrb_de,u1_0.sexdstn_code,u1_0.crtfc_dn_value,u1_0.user_nm,u1_0.zip from nemplyrinfo u1_0 where u1_0.emplyr_id=?
2026-03-16 17:02:26 [http-nio-8080-exec-10] DEBUG o.s.orm.jpa.JpaTransactionManager - Found thread-bound EntityManager [SessionImpl(300565233<open>)] for JPA transaction
2026-03-16 17:02:26 [http-nio-8080-exec-10] DEBUG o.s.orm.jpa.JpaTransactionManager - Participating in existing transaction
2026-03-16 17:02:26 [http-nio-8080-exec-10] DEBUG org.hibernate.SQL - select p1_0.progrm_file_nm,p1_0.progrm_dc,p1_0.progrm_korean_nm,p1_0.progrm_stre_path,p1_0.url from nprogrmlist p1_0
2026-03-16 17:02:26 [http-nio-8080-exec-12] DEBUG o.s.orm.jpa.JpaTransactionManager - Found thread-bound EntityManager [SessionImpl(1068362700<open>)] for JPA transaction
2026-03-16 17:02:26 [http-nio-8080-exec-12] DEBUG o.s.orm.jpa.JpaTransactionManager - Participating in existing transaction
2026-03-16 17:02:26 [http-nio-8080-exec-12] DEBUG org.hibernate.SQL - select ua1_0.scrty_dtrmn_trget_id,ua1_0.author_code,ua1_0.frst_register_id,ua1_0.frst_regist_pnttm,ua1_0.last_updusr_id,ua1_0.last_updt_pnttm,ua1_0.mber_ty_code from nemplyrscrtyestbs ua1_0 where ua1_0.scrty_dtrmn_trget_id=?
2026-03-16 17:02:26 [http-nio-8080-exec-3] DEBUG o.s.orm.jpa.JpaTransactionManager - Initiating transaction commit
2026-03-16 17:02:26 [http-nio-8080-exec-3] DEBUG o.s.orm.jpa.JpaTransactionManager - Committing JPA transaction on EntityManager [SessionImpl(359723688<open>)]
2026-03-16 17:02:26 [http-nio-8080-exec-8] DEBUG o.s.orm.jpa.JpaTransactionManager - Found thread-bound EntityManager [SessionImpl(748027435<open>)] for JPA transaction
2026-03-16 17:02:26 [http-nio-8080-exec-8] DEBUG o.s.orm.jpa.JpaTransactionManager - Participating in existing transaction
2026-03-16 17:02:26 [http-nio-8080-exec-8] DEBUG org.hibernate.SQL - select ua1_0.scrty_dtrmn_trget_id,ua1_0.author_code,ua1_0.frst_register_id,ua1_0.frst_regist_pnttm,ua1_0.last_updusr_id,ua1_0.last_updt_pnttm,ua1_0.mber_ty_code from nemplyrscrtyestbs ua1_0 where ua1_0.scrty_dtrmn_trget_id=?
2026-03-16 17:02:26 [http-nio-8080-exec-1] DEBUG o.s.orm.jpa.JpaTransactionManager - Found thread-bound EntityManager [SessionImpl(1965574708<open>)] for JPA transaction
2026-03-16 17:02:26 [http-nio-8080-exec-1] DEBUG o.s.orm.jpa.JpaTransactionManager - Participating in existing transaction
2026-03-16 17:02:26 [http-nio-8080-exec-1] DEBUG org.hibernate.SQL - select ua1_0.scrty_dtrmn_trget_id,ua1_0.author_code,ua1_0.frst_register_id,ua1_0.frst_regist_pnttm,ua1_0.last_updusr_id,ua1_0.last_updt_pnttm,ua1_0.mber_ty_code from nemplyrscrtyestbs ua1_0 where ua1_0.scrty_dtrmn_trget_id=?
2026-03-16 17:02:26 [http-nio-8080-exec-10] DEBUG o.s.orm.jpa.JpaTransactionManager - Initiating transaction commit
2026-03-16 17:02:26 [http-nio-8080-exec-10] DEBUG o.s.orm.jpa.JpaTransactionManager - Committing JPA transaction on EntityManager [SessionImpl(300565233<open>)]
2026-03-16 17:02:26 [http-nio-8080-exec-4] DEBUG o.s.orm.jpa.JpaTransactionManager - Found thread-bound EntityManager [SessionImpl(73723985<open>)] for JPA transaction
2026-03-16 17:02:26 [http-nio-8080-exec-4] DEBUG o.s.orm.jpa.JpaTransactionManager - Participating in existing transaction
2026-03-16 17:02:26 [http-nio-8080-exec-4] DEBUG org.hibernate.SQL - select ua1_0.scrty_dtrmn_trget_id,ua1_0.author_code,ua1_0.frst_register_id,ua1_0.frst_regist_pnttm,ua1_0.last_updusr_id,ua1_0.last_updt_pnttm,ua1_0.mber_ty_code from nemplyrscrtyestbs ua1_0 where ua1_0.scrty_dtrmn_trget_id=?
2026-03-16 17:02:26 [http-nio-8080-exec-12] DEBUG o.s.orm.jpa.JpaTransactionManager - Initiating transaction commit
2026-03-16 17:02:26 [http-nio-8080-exec-12] DEBUG o.s.orm.jpa.JpaTransactionManager - Committing JPA transaction on EntityManager [SessionImpl(1068362700<open>)]
2026-03-16 17:02:26 [http-nio-8080-exec-3] DEBUG o.s.orm.jpa.JpaTransactionManager - Closing JPA EntityManager [SessionImpl(359723688<open>)] after transaction
2026-03-16 17:02:26 [http-nio-8080-exec-8] DEBUG o.s.orm.jpa.JpaTransactionManager - Initiating transaction commit
2026-03-16 17:02:26 [http-nio-8080-exec-8] DEBUG o.s.orm.jpa.JpaTransactionManager - Committing JPA transaction on EntityManager [SessionImpl(748027435<open>)]
2026-03-16 17:02:26 [http-nio-8080-exec-3] DEBUG c.c.p.s.jwt.JwtAuthenticationFilter - >>> [JwtFilter] Successfully authenticated user: USRCNFRM_99999999999, Authorities: [ROLE_ADMIN]
2026-03-16 17:02:26 [http-nio-8080-exec-3] DEBUG o.s.web.servlet.DispatcherServlet - GET "/api/v1/notifications", parameters={}
2026-03-16 17:02:26 [http-nio-8080-exec-3] TRACE o.s.w.s.m.m.a.RequestMappingHandlerMapping - Mapped to com.company.project.api.controller.notification.NotificationController#getMyNotifications(UserDetails)
2026-03-16 17:02:26 [http-nio-8080-exec-3] DEBUG o.s.orm.jpa.JpaTransactionManager - Creating new transaction with name [com.company.project.service.notification.NotificationService.getActiveNotifications]: PROPAGATION_REQUIRED,ISOLATION_DEFAULT,readOnly
2026-03-16 17:02:26 [http-nio-8080-exec-3] DEBUG o.s.orm.jpa.JpaTransactionManager - Opened new EntityManager [SessionImpl(1116293761<open>)] for JPA transaction
2026-03-16 17:02:26 [http-nio-8080-exec-3] DEBUG o.s.orm.jpa.JpaTransactionManager - Exposing JPA transaction as JDBC [org.springframework.orm.jpa.vendor.HibernateJpaDialect$HibernateConnectionHandle@74dff6c]
2026-03-16 17:02:26 [http-nio-8080-exec-3] DEBUG o.s.orm.jpa.JpaTransactionManager - Found thread-bound EntityManager [SessionImpl(1116293761<open>)] for JPA transaction
2026-03-16 17:02:26 [http-nio-8080-exec-3] DEBUG o.s.orm.jpa.JpaTransactionManager - Participating in existing transaction
2026-03-16 17:02:26 [http-nio-8080-exec-3] DEBUG org.hibernate.SQL - select n1_0.ntcn_no,n1_0.frst_register_id,n1_0.frst_regist_pnttm,n1_0.is_read,n1_0.last_updusr_id,n1_0.last_updt_pnttm,n1_0.link_url,n1_0.ntcn_cn,n1_0.ntcn_sj,n1_0.receiver_id from n_user_notification n1_0
2026-03-16 17:02:26 [http-nio-8080-exec-1] DEBUG o.s.orm.jpa.JpaTransactionManager - Initiating transaction commit
2026-03-16 17:02:26 [http-nio-8080-exec-1] DEBUG o.s.orm.jpa.JpaTransactionManager - Committing JPA transaction on EntityManager [SessionImpl(1965574708<open>)]
2026-03-16 17:02:26 [http-nio-8080-exec-10] DEBUG o.s.orm.jpa.JpaTransactionManager - Closing JPA EntityManager [SessionImpl(300565233<open>)] after transaction
2026-03-16 17:02:26 [http-nio-8080-exec-10] INFO  c.c.p.a.c.menu.MenuController - getLeftMenu returned 5 items
2026-03-16 17:02:26 [http-nio-8080-exec-10] DEBUG o.s.w.s.m.m.a.HttpEntityMethodProcessor - Using 'application/json', given [application/json, text/plain, */*] and supported [application/json, application/*+json, application/yaml]
2026-03-16 17:02:26 [http-nio-8080-exec-10] TRACE o.s.w.s.m.m.a.HttpEntityMethodProcessor - Writing [ApiResponse[success=true, status=200, code=COMMON_001, message=Success, data={list=[com.company.project.service.menu.dto.MenuDto@2ac978a2, com.company.project.service.menu.dto.MenuDto@2b57490b, com.company.project.service.menu.dto.MenuDto@7811e2d7, com.company.project.service.menu.dto.MenuDto@70685d94, com.company.project.service.menu.dto.MenuDto@11052753]}, timestamp=2026-03-16T17:02:26.379666900]]
2026-03-16 17:02:26 [http-nio-8080-exec-10] INFO  c.c.p.a.i.OperationalAuditInterceptor - API Audit Log: URL=/api/v1/menu/left, User=webmaster, IP=127.0.0.1
2026-03-16 17:02:26 [http-nio-8080-exec-10] DEBUG o.s.web.servlet.DispatcherServlet - Completed 200 OK
2026-03-16 17:02:26 [http-nio-8080-exec-5] DEBUG c.c.p.s.jwt.JwtAuthenticationFilter - >>> [JwtFilter] Processing request: GET /api/v1/admin/system/statistics/bbs
2026-03-16 17:02:26 [http-nio-8080-exec-5] DEBUG c.c.p.s.jwt.JwtAuthenticationFilter - >>> [JwtFilter] Found token in header for path: /api/v1/admin/system/statistics/bbs
2026-03-16 17:02:26 [http-nio-8080-exec-5] DEBUG o.s.orm.jpa.JpaTransactionManager - Creating new transaction with name [com.company.project.security.iam.CustomUserDetailsService.loadUserByUsername]: PROPAGATION_REQUIRED,ISOLATION_DEFAULT,readOnly
2026-03-16 17:02:26 [http-nio-8080-exec-5] DEBUG o.s.orm.jpa.JpaTransactionManager - Opened new EntityManager [SessionImpl(642686270<open>)] for JPA transaction
2026-03-16 17:02:26 [http-nio-8080-exec-5] DEBUG o.s.orm.jpa.JpaTransactionManager - Exposing JPA transaction as JDBC [org.springframework.orm.jpa.vendor.HibernateJpaDialect$HibernateConnectionHandle@116999ad]
2026-03-16 17:02:26 [http-nio-8080-exec-5] DEBUG o.s.orm.jpa.JpaTransactionManager - Found thread-bound EntityManager [SessionImpl(642686270<open>)] for JPA transaction
2026-03-16 17:02:26 [http-nio-8080-exec-5] DEBUG o.s.orm.jpa.JpaTransactionManager - Participating in existing transaction
2026-03-16 17:02:26 [http-nio-8080-exec-5] DEBUG org.hibernate.SQL - select u1_0.emplyr_id,u1_0.area_no,u1_0.brthdy,u1_0.chg_pwd_cnt,u1_0.frst_register_id,u1_0.frst_regist_pnttm,u1_0.detail_adres,u1_0.email_adres,u1_0.emplyr_sttus_code,u1_0.empl_no,u1_0.esntl_id,u1_0.fxnum,u1_0.group_id,u1_0.house_adres,u1_0.house_end_telno,u1_0.house_middle_telno,u1_0.ihidnum,u1_0.pstinst_code,u1_0.last_updusr_id,u1_0.last_updt_pnttm,u1_0.lock_at,u1_0.lock_cnt,u1_0.lock_last_pnttm,u1_0.mbtlnum,u1_0.ofcps_nm,u1_0.offm_telno,u1_0.orgnzt_id,u1_0.password,u1_0.password_cnsr,u1_0.password_hint,u1_0.chg_pwd_last_pnttm,u1_0.role,u1_0.sbscrb_de,u1_0.sexdstn_code,u1_0.crtfc_dn_value,u1_0.user_nm,u1_0.zip from nemplyrinfo u1_0 where u1_0.emplyr_id=?
2026-03-16 17:02:26 [http-nio-8080-exec-4] DEBUG o.s.orm.jpa.JpaTransactionManager - Initiating transaction commit
2026-03-16 17:02:26 [http-nio-8080-exec-4] DEBUG o.s.orm.jpa.JpaTransactionManager - Committing JPA transaction on EntityManager [SessionImpl(73723985<open>)]
2026-03-16 17:02:26 [http-nio-8080-exec-12] DEBUG o.s.orm.jpa.JpaTransactionManager - Closing JPA EntityManager [SessionImpl(1068362700<open>)] after transaction
2026-03-16 17:02:26 [http-nio-8080-exec-12] DEBUG c.c.p.s.jwt.JwtAuthenticationFilter - >>> [JwtFilter] Successfully authenticated user: USRCNFRM_99999999999, Authorities: [ROLE_ADMIN]
2026-03-16 17:02:26 [http-nio-8080-exec-12] DEBUG o.s.web.servlet.DispatcherServlet - GET "/api/v1/admin/system/statistics/connect?statsKind=SERVICE", parameters={masked}
2026-03-16 17:02:26 [http-nio-8080-exec-8] DEBUG o.s.orm.jpa.JpaTransactionManager - Closing JPA EntityManager [SessionImpl(748027435<open>)] after transaction
2026-03-16 17:02:26 [http-nio-8080-exec-8] DEBUG c.c.p.s.jwt.JwtAuthenticationFilter - >>> [JwtFilter] Successfully authenticated user: USRCNFRM_99999999999, Authorities: [ROLE_ADMIN]
2026-03-16 17:02:26 [http-nio-8080-exec-12] DEBUG o.s.w.s.h.SimpleUrlHandlerMapping - Mapped to ResourceHttpRequestHandler [classpath [META-INF/resources/], classpath [resources/], classpath [static/], classpath [public/], ServletContext [/]]
2026-03-16 17:02:26 [http-nio-8080-exec-8] DEBUG o.s.web.servlet.DispatcherServlet - GET "/api/v1/notifications/unread-count", parameters={}
2026-03-16 17:02:26 [http-nio-8080-exec-3] DEBUG o.s.orm.jpa.JpaTransactionManager - Initiating transaction commit
2026-03-16 17:02:26 [http-nio-8080-exec-3] DEBUG o.s.orm.jpa.JpaTransactionManager - Committing JPA transaction on EntityManager [SessionImpl(1116293761<open>)]
2026-03-16 17:02:26 [http-nio-8080-exec-8] TRACE o.s.w.s.m.m.a.RequestMappingHandlerMapping - Mapped to com.company.project.api.controller.notification.NotificationController#getUnreadCount(UserDetails)
2026-03-16 17:02:26 [http-nio-8080-exec-8] DEBUG o.s.orm.jpa.JpaTransactionManager - Creating new transaction with name [com.company.project.service.notification.NotificationService.getUnreadCount]: PROPAGATION_REQUIRED,ISOLATION_DEFAULT,readOnly
2026-03-16 17:02:26 [http-nio-8080-exec-8] DEBUG o.s.orm.jpa.JpaTransactionManager - Opened new EntityManager [SessionImpl(571296866<open>)] for JPA transaction
2026-03-16 17:02:26 [http-nio-8080-exec-8] DEBUG o.s.orm.jpa.JpaTransactionManager - Exposing JPA transaction as JDBC [org.springframework.orm.jpa.vendor.HibernateJpaDialect$HibernateConnectionHandle@45e8cd21]
2026-03-16 17:02:26 [http-nio-8080-exec-8] DEBUG org.hibernate.SQL - select count(n1_0.ntcn_no) from n_user_notification n1_0 where n1_0.receiver_id=? and n1_0.is_read=?
2026-03-16 17:02:26 [http-nio-8080-exec-12] DEBUG o.s.w.s.r.ResourceHttpRequestHandler - Resource not found
2026-03-16 17:02:26 [http-nio-8080-exec-12] DEBUG o.s.w.s.m.m.a.ExceptionHandlerExceptionResolver - Using @ExceptionHandler com.company.project.core.exception.GlobalExceptionHandler#handleException(Exception)
2026-03-16 17:02:26 [http-nio-8080-exec-12] ERROR c.c.p.c.e.GlobalExceptionHandler - >>> Internal Server Error: No static resource api/v1/admin/system/statistics/connect.
org.springframework.web.servlet.resource.NoResourceFoundException: No static resource api/v1/admin/system/statistics/connect.
	at org.springframework.web.servlet.resource.ResourceHttpRequestHandler.handleRequest(ResourceHttpRequestHandler.java:585)
	at org.springframework.web.servlet.mvc.HttpRequestHandlerAdapter.handle(HttpRequestHandlerAdapter.java:52)
	at org.springframework.web.servlet.DispatcherServlet.doDispatch(DispatcherServlet.java:1088)
	at org.springframework.web.servlet.DispatcherServlet.doService(DispatcherServlet.java:978)
	at org.springframework.web.servlet.FrameworkServlet.processRequest(FrameworkServlet.java:1014)
	at org.springframework.web.servlet.FrameworkServlet.doGet(FrameworkServlet.java:903)
	at jakarta.servlet.http.HttpServlet.service(HttpServlet.java:527)
	at org.springframework.web.servlet.FrameworkServlet.service(FrameworkServlet.java:885)
	at jakarta.servlet.http.HttpServlet.service(HttpServlet.java:614)
	at org.apache.catalina.core.ApplicationFilterChain.internalDoFilter(ApplicationFilterChain.java:195)
	at org.apache.catalina.core.ApplicationFilterChain.doFilter(ApplicationFilterChain.java:140)
	at org.apache.tomcat.websocket.server.WsFilter.doFilter(WsFilter.java:51)
	at org.apache.catalina.core.ApplicationFilterChain.internalDoFilter(ApplicationFilterChain.java:164)
	at org.apache.catalina.core.ApplicationFilterChain.doFilter(ApplicationFilterChain.java:140)
	at org.springframework.web.filter.CompositeFilter$VirtualFilterChain.doFilter(CompositeFilter.java:108)
	at org.springframework.security.web.FilterChainProxy.lambda$doFilterInternal$3(FilterChainProxy.java:231)
	at org.springframework.security.web.ObservationFilterChainDecorator$FilterObservation$SimpleFilterObservation.lambda$wrap$1(ObservationFilterChainDecorator.java:479)
	at org.springframework.security.web.ObservationFilterChainDecorator$AroundFilterObservation$SimpleAroundFilterObservation.lambda$wrap$1(ObservationFilterChainDecorator.java:340)
	at org.springframework.security.web.ObservationFilterChainDecorator.lambda$wrapSecured$0(ObservationFilterChainDecorator.java:82)
	at org.springframework.security.web.ObservationFilterChainDecorator$VirtualFilterChain.doFilter(ObservationFilterChainDecorator.java:128)
	at org.springframework.security.web.access.intercept.AuthorizationFilter.doFilter(AuthorizationFilter.java:101)
	at org.springframework.security.web.ObservationFilterChainDecorator$ObservationFilter.wrapFilter(ObservationFilterChainDecorator.java:240)
	at org.springframework.security.web.ObservationFilterChainDecorator$ObservationFilter.doFilter(ObservationFilterChainDecorator.java:227)
	at org.springframework.security.web.ObservationFilterChainDecorator$VirtualFilterChain.doFilter(ObservationFilterChainDecorator.java:137)
	at org.springframework.security.web.access.ExceptionTranslationFilter.doFilter(ExceptionTranslationFilter.java:126)
	at org.springframework.security.web.access.ExceptionTranslationFilter.doFilter(ExceptionTranslationFilter.java:120)
	at org.springframework.security.web.ObservationFilterChainDecorator$ObservationFilter.wrapFilter(ObservationFilterChainDecorator.java:240)
	at org.springframework.security.web.ObservationFilterChainDecorator$ObservationFilter.doFilter(ObservationFilterChainDecorator.java:227)
	at org.springframework.security.web.ObservationFilterChainDecorator$VirtualFilterChain.doFilter(ObservationFilterChainDecorator.java:137)
	at org.springframework.security.web.session.SessionManagementFilter.doFilter(SessionManagementFilter.java:131)
	at org.springframework.security.web.session.SessionManagementFilter.doFilter(SessionManagementFilter.java:85)
	at org.springframework.security.web.ObservationFilterChainDecorator$ObservationFilter.wrapFilter(ObservationFilterChainDecorator.java:240)
	at org.springframework.security.web.ObservationFilterChainDecorator$ObservationFilter.doFilter(ObservationFilterChainDecorator.java:227)
	at org.springframework.security.web.ObservationFilterChainDecorator$VirtualFilterChain.doFilter(ObservationFilterChainDecorator.java:137)
	at org.springframework.security.web.authentication.AnonymousAuthenticationFilter.doFilter(AnonymousAuthenticationFilter.java:100)
	at org.springframework.security.web.ObservationFilterChainDecorator$ObservationFilter.wrapFilter(ObservationFilterChainDecorator.java:240)
	at org.springframework.security.web.ObservationFilterChainDecorator$ObservationFilter.doFilter(ObservationFilterChainDecorator.java:227)
	at org.springframework.security.web.ObservationFilterChainDecorator$VirtualFilterChain.doFilter(ObservationFilterChainDecorator.java:137)
	at org.springframework.security.web.servletapi.SecurityContextHolderAwareRequestFilter.doFilter(SecurityContextHolderAwareRequestFilter.java:179)
	at org.springframework.security.web.ObservationFilterChainDecorator$ObservationFilter.wrapFilter(ObservationFilterChainDecorator.java:240)
	at org.springframework.security.web.ObservationFilterChainDecorator$ObservationFilter.doFilter(ObservationFilterChainDecorator.java:227)
	at org.springframework.security.web.ObservationFilterChainDecorator$VirtualFilterChain.doFilter(ObservationFilterChainDecorator.java:137)
	at org.springframework.security.web.savedrequest.RequestCacheAwareFilter.doFilter(RequestCacheAwareFilter.java:63)
	at org.springframework.security.web.ObservationFilterChainDecorator$ObservationFilter.wrapFilter(ObservationFilterChainDecorator.java:240)
	at org.springframework.security.web.ObservationFilterChainDecorator$ObservationFilter.doFilter(ObservationFilterChainDecorator.java:227)
	at org.springframework.security.web.ObservationFilterChainDecorator$VirtualFilterChain.doFilter(ObservationFilterChainDecorator.java:137)
	at com.company.project.security.jwt.JwtAuthenticationFilter.doFilterInternal(JwtAuthenticationFilter.java:52)
	at org.springframework.web.filter.OncePerRequestFilter.doFilter(OncePerRequestFilter.java:116)
	at org.springframework.security.web.ObservationFilterChainDecorator$ObservationFilter.wrapFilter(ObservationFilterChainDecorator.java:240)
	at org.springframework.security.web.ObservationFilterChainDecorator$ObservationFilter.doFilter(ObservationFilterChainDecorator.java:227)
	at org.springframework.security.web.ObservationFilterChainDecorator$VirtualFilterChain.doFilter(ObservationFilterChainDecorator.java:137)
	at org.springframework.security.web.authentication.logout.LogoutFilter.doFilter(LogoutFilter.java:107)
	at org.springframework.security.web.authentication.logout.LogoutFilter.doFilter(LogoutFilter.java:93)
	at org.springframework.security.web.ObservationFilterChainDecorator$ObservationFilter.wrapFilter(ObservationFilterChainDecorator.java:240)
	at org.springframework.security.web.ObservationFilterChainDecorator$ObservationFilter.doFilter(ObservationFilterChainDecorator.java:227)
	at org.springframework.security.web.ObservationFilterChainDecorator$VirtualFilterChain.doFilter(ObservationFilterChainDecorator.java:137)
	at org.springframework.web.filter.CorsFilter.doFilterInternal(CorsFilter.java:91)
	at org.springframework.web.filter.OncePerRequestFilter.doFilter(OncePerRequestFilter.java:116)
	at org.springframework.security.web.ObservationFilterChainDecorator$ObservationFilter.wrapFilter(ObservationFilterChainDecorator.java:240)
	at org.springframework.security.web.ObservationFilterChainDecorator$ObservationFilter.doFilter(ObservationFilterChainDecorator.java:227)
	at org.springframework.security.web.ObservationFilterChainDecorator$VirtualFilterChain.doFilter(ObservationFilterChainDecorator.java:137)
	at org.springframework.security.web.header.HeaderWriterFilter.doHeadersAfter(HeaderWriterFilter.java:90)
	at org.springframework.security.web.header.HeaderWriterFilter.doFilterInternal(HeaderWriterFilter.java:75)
	at org.springframework.web.filter.OncePerRequestFilter.doFilter(OncePerRequestFilter.java:116)
	at org.springframework.security.web.ObservationFilterChainDecorator$ObservationFilter.wrapFilter(ObservationFilterChainDecorator.java:240)
	at org.springframework.security.web.ObservationFilterChainDecorator$ObservationFilter.doFilter(ObservationFilterChainDecorator.java:227)
	at org.springframework.security.web.ObservationFilterChainDecorator$VirtualFilterChain.doFilter(ObservationFilterChainDecorator.java:137)
	at org.springframework.security.web.context.SecurityContextHolderFilter.doFilter(SecurityContextHolderFilter.java:82)
	at org.springframework.security.web.context.SecurityContextHolderFilter.doFilter(SecurityContextHolderFilter.java:69)
	at org.springframework.security.web.ObservationFilterChainDecorator$ObservationFilter.wrapFilter(ObservationFilterChainDecorator.java:240)
	at org.springframework.security.web.ObservationFilterChainDecorator$ObservationFilter.doFilter(ObservationFilterChainDecorator.java:227)
	at org.springframework.security.web.ObservationFilterChainDecorator$VirtualFilterChain.doFilter(ObservationFilterChainDecorator.java:137)
	at org.springframework.security.web.context.request.async.WebAsyncManagerIntegrationFilter.doFilterInternal(WebAsyncManagerIntegrationFilter.java:62)
	at org.springframework.web.filter.OncePerRequestFilter.doFilter(OncePerRequestFilter.java:116)
	at org.springframework.security.web.ObservationFilterChainDecorator$ObservationFilter.wrapFilter(ObservationFilterChainDecorator.java:240)
	at org.springframework.security.web.ObservationFilterChainDecorator$ObservationFilter.doFilter(ObservationFilterChainDecorator.java:227)
	at org.springframework.security.web.ObservationFilterChainDecorator$VirtualFilterChain.doFilter(ObservationFilterChainDecorator.java:137)
	at org.springframework.security.web.session.DisableEncodeUrlFilter.doFilterInternal(DisableEncodeUrlFilter.java:42)
	at org.springframework.web.filter.OncePerRequestFilter.doFilter(OncePerRequestFilter.java:116)
	at org.springframework.security.web.ObservationFilterChainDecorator$ObservationFilter.wrapFilter(ObservationFilterChainDecorator.java:240)
	at org.springframework.security.web.ObservationFilterChainDecorator$AroundFilterObservation$SimpleAroundFilterObservation.lambda$wrap$0(ObservationFilterChainDecorator.java:323)
	at org.springframework.security.web.ObservationFilterChainDecorator$ObservationFilter.doFilter(ObservationFilterChainDecorator.java:224)
	at org.springframework.security.web.ObservationFilterChainDecorator$VirtualFilterChain.doFilter(ObservationFilterChainDecorator.java:137)
	at org.springframework.security.web.FilterChainProxy.doFilterInternal(FilterChainProxy.java:233)
	at org.springframework.security.web.FilterChainProxy.doFilter(FilterChainProxy.java:191)
	at org.springframework.web.filter.CompositeFilter$VirtualFilterChain.doFilter(CompositeFilter.java:113)
	at org.springframework.web.servlet.handler.HandlerMappingIntrospector.lambda$createCacheFilter$3(HandlerMappingIntrospector.java:243)
	at org.springframework.web.filter.CompositeFilter$VirtualFilterChain.doFilter(CompositeFilter.java:113)
	at org.springframework.web.filter.CompositeFilter.doFilter(CompositeFilter.java:74)
	at org.springframework.security.config.annotation.web.configuration.WebMvcSecurityConfiguration$CompositeFilterChainProxy.doFilter(WebMvcSecurityConfiguration.java:238)
	at org.springframework.web.filter.DelegatingFilterProxy.invokeDelegate(DelegatingFilterProxy.java:362)
	at org.springframework.web.filter.DelegatingFilterProxy.doFilter(DelegatingFilterProxy.java:278)
	at org.apache.catalina.core.ApplicationFilterChain.internalDoFilter(ApplicationFilterChain.java:164)
	at org.apache.catalina.core.ApplicationFilterChain.doFilter(ApplicationFilterChain.java:140)
	at org.springframework.web.filter.RequestContextFilter.doFilterInternal(RequestContextFilter.java:100)
	at org.springframework.web.filter.OncePerRequestFilter.doFilter(OncePerRequestFilter.java:116)
	at org.apache.catalina.core.ApplicationFilterChain.internalDoFilter(ApplicationFilterChain.java:164)
	at org.apache.catalina.core.ApplicationFilterChain.doFilter(ApplicationFilterChain.java:140)
	at org.springframework.web.filter.FormContentFilter.doFilterInternal(FormContentFilter.java:93)
	at org.springframework.web.filter.OncePerRequestFilter.doFilter(OncePerRequestFilter.java:116)
	at org.apache.catalina.core.ApplicationFilterChain.internalDoFilter(ApplicationFilterChain.java:164)
	at org.apache.catalina.core.ApplicationFilterChain.doFilter(ApplicationFilterChain.java:140)
	at org.springframework.web.filter.ServerHttpObservationFilter.doFilterInternal(ServerHttpObservationFilter.java:114)
	at org.springframework.web.filter.OncePerRequestFilter.doFilter(OncePerRequestFilter.java:116)
	at org.apache.catalina.core.ApplicationFilterChain.internalDoFilter(ApplicationFilterChain.java:164)
	at org.apache.catalina.core.ApplicationFilterChain.doFilter(ApplicationFilterChain.java:140)
	at org.springframework.web.filter.CharacterEncodingFilter.doFilterInternal(CharacterEncodingFilter.java:201)
	at org.springframework.web.filter.OncePerRequestFilter.doFilter(OncePerRequestFilter.java:116)
	at org.apache.catalina.core.ApplicationFilterChain.internalDoFilter(ApplicationFilterChain.java:164)
	at org.apache.catalina.core.ApplicationFilterChain.doFilter(ApplicationFilterChain.java:140)
	at org.apache.catalina.core.StandardWrapperValve.invoke(StandardWrapperValve.java:167)
	at org.apache.catalina.core.StandardContextValve.invoke(StandardContextValve.java:90)
	at org.apache.catalina.authenticator.AuthenticatorBase.invoke(AuthenticatorBase.java:483)
	at org.apache.catalina.core.StandardHostValve.invoke(StandardHostValve.java:115)
	at org.apache.catalina.valves.ErrorReportValve.invoke(ErrorReportValve.java:93)
	at org.apache.catalina.core.StandardEngineValve.invoke(StandardEngineValve.java:74)
	at org.apache.catalina.connector.CoyoteAdapter.service(CoyoteAdapter.java:344)
	at org.apache.coyote.http11.Http11Processor.service(Http11Processor.java:397)
	at org.apache.coyote.AbstractProcessorLight.process(AbstractProcessorLight.java:63)
	at org.apache.coyote.AbstractProtocol$ConnectionHandler.process(AbstractProtocol.java:905)
	at org.apache.tomcat.util.net.NioEndpoint$SocketProcessor.doRun(NioEndpoint.java:1741)
	at org.apache.tomcat.util.net.SocketProcessorBase.run(SocketProcessorBase.java:52)
	at org.apache.tomcat.util.threads.ThreadPoolExecutor.runWorker(ThreadPoolExecutor.java:1190)
	at org.apache.tomcat.util.threads.ThreadPoolExecutor$Worker.run(ThreadPoolExecutor.java:659)
	at org.apache.tomcat.util.threads.TaskThread$WrappingRunnable.run(TaskThread.java:63)
	at java.base/java.lang.Thread.run(Thread.java:1583)
2026-03-16 17:02:26 [http-nio-8080-exec-12] DEBUG o.s.w.s.m.m.a.HttpEntityMethodProcessor - Using 'application/json', given [application/json, text/plain, */*] and supported [application/json, application/*+json, application/yaml]
2026-03-16 17:02:26 [http-nio-8080-exec-12] TRACE o.s.w.s.m.m.a.HttpEntityMethodProcessor - Writing [ApiResponse[success=false, status=500, code=C004, message=예기치 않은 서버 오류가 발생했습니다., data=null, timestamp=2026-03-16T17:02:26.430887100]]
2026-03-16 17:02:26 [http-nio-8080-exec-12] DEBUG o.s.w.s.m.m.a.ExceptionHandlerExceptionResolver - Resolved [org.springframework.web.servlet.resource.NoResourceFoundException: No static resource api/v1/admin/system/statistics/connect.]
2026-03-16 17:02:26 [http-nio-8080-exec-12] DEBUG o.s.web.servlet.DispatcherServlet - Completed 500 INTERNAL_SERVER_ERROR
2026-03-16 17:02:26 [http-nio-8080-exec-17] DEBUG c.c.p.s.jwt.JwtAuthenticationFilter - >>> [JwtFilter] Processing request: GET /api/v1/menu/left
2026-03-16 17:02:26 [http-nio-8080-exec-17] DEBUG c.c.p.s.jwt.JwtAuthenticationFilter - >>> [JwtFilter] Found token in header for path: /api/v1/menu/left
2026-03-16 17:02:26 [http-nio-8080-exec-17] DEBUG o.s.orm.jpa.JpaTransactionManager - Creating new transaction with name [com.company.project.security.iam.CustomUserDetailsService.loadUserByUsername]: PROPAGATION_REQUIRED,ISOLATION_DEFAULT,readOnly
2026-03-16 17:02:26 [http-nio-8080-exec-17] DEBUG o.s.orm.jpa.JpaTransactionManager - Opened new EntityManager [SessionImpl(884873629<open>)] for JPA transaction
2026-03-16 17:02:26 [http-nio-8080-exec-17] DEBUG o.s.orm.jpa.JpaTransactionManager - Exposing JPA transaction as JDBC [org.springframework.orm.jpa.vendor.HibernateJpaDialect$HibernateConnectionHandle@51488a75]
2026-03-16 17:02:26 [http-nio-8080-exec-17] DEBUG o.s.orm.jpa.JpaTransactionManager - Found thread-bound EntityManager [SessionImpl(884873629<open>)] for JPA transaction
2026-03-16 17:02:26 [http-nio-8080-exec-17] DEBUG o.s.orm.jpa.JpaTransactionManager - Participating in existing transaction
2026-03-16 17:02:26 [http-nio-8080-exec-17] DEBUG org.hibernate.SQL - select u1_0.emplyr_id,u1_0.area_no,u1_0.brthdy,u1_0.chg_pwd_cnt,u1_0.frst_register_id,u1_0.frst_regist_pnttm,u1_0.detail_adres,u1_0.email_adres,u1_0.emplyr_sttus_code,u1_0.empl_no,u1_0.esntl_id,u1_0.fxnum,u1_0.group_id,u1_0.house_adres,u1_0.house_end_telno,u1_0.house_middle_telno,u1_0.ihidnum,u1_0.pstinst_code,u1_0.last_updusr_id,u1_0.last_updt_pnttm,u1_0.lock_at,u1_0.lock_cnt,u1_0.lock_last_pnttm,u1_0.mbtlnum,u1_0.ofcps_nm,u1_0.offm_telno,u1_0.orgnzt_id,u1_0.password,u1_0.password_cnsr,u1_0.password_hint,u1_0.chg_pwd_last_pnttm,u1_0.role,u1_0.sbscrb_de,u1_0.sexdstn_code,u1_0.crtfc_dn_value,u1_0.user_nm,u1_0.zip from nemplyrinfo u1_0 where u1_0.emplyr_id=?
2026-03-16 17:02:26 [http-nio-8080-exec-1] DEBUG o.s.orm.jpa.JpaTransactionManager - Closing JPA EntityManager [SessionImpl(1965574708<open>)] after transaction
2026-03-16 17:02:26 [http-nio-8080-exec-1] DEBUG c.c.p.s.jwt.JwtAuthenticationFilter - >>> [JwtFilter] Successfully authenticated user: USRCNFRM_99999999999, Authorities: [ROLE_ADMIN]
2026-03-16 17:02:26 [http-nio-8080-exec-1] DEBUG o.s.web.servlet.DispatcherServlet - GET "/api/v1/popups/active", parameters={}
2026-03-16 17:02:26 [http-nio-8080-exec-1] TRACE o.s.w.s.m.m.a.RequestMappingHandlerMapping - Mapped to com.company.project.api.controller.system.content.popup.PopupController#getActivePopups()
2026-03-16 17:02:26 [http-nio-8080-exec-1] DEBUG o.s.orm.jpa.JpaTransactionManager - Creating new transaction with name [com.company.project.service.system.content.popup.PopupServiceImpl.getActivePopups]: PROPAGATION_REQUIRED,ISOLATION_DEFAULT,readOnly
2026-03-16 17:02:26 [http-nio-8080-exec-1] DEBUG o.s.orm.jpa.JpaTransactionManager - Opened new EntityManager [SessionImpl(2025574443<open>)] for JPA transaction
2026-03-16 17:02:26 [http-nio-8080-exec-1] DEBUG o.s.orm.jpa.JpaTransactionManager - Exposing JPA transaction as JDBC [org.springframework.orm.jpa.vendor.HibernateJpaDialect$HibernateConnectionHandle@3c33c47c]
2026-03-16 17:02:26 [http-nio-8080-exec-1] DEBUG org.hibernate.SQL - select p1_0.popup_id,p1_0.frst_register_id,p1_0.frst_regist_pnttm,p1_0.file_url,p1_0.ntce_at,p1_0.stopvew_setup_at,p1_0.last_updusr_id,p1_0.last_updt_pnttm,p1_0.ntce_bgnde,p1_0.ntce_endde,p1_0.popup_vrticl_lc,p1_0.popup_vrticl_size,p1_0.popup_sj_nm,p1_0.popup_width_lc,p1_0.popup_width_size from npopupmanage p1_0 where p1_0.ntce_at='Y' and ? between p1_0.ntce_bgnde and p1_0.ntce_endde
2026-03-16 17:02:26 [http-nio-8080-exec-5] DEBUG o.s.orm.jpa.JpaTransactionManager - Found thread-bound EntityManager [SessionImpl(642686270<open>)] for JPA transaction
2026-03-16 17:02:26 [http-nio-8080-exec-5] DEBUG o.s.orm.jpa.JpaTransactionManager - Participating in existing transaction
2026-03-16 17:02:26 [http-nio-8080-exec-5] DEBUG org.hibernate.SQL - select ua1_0.scrty_dtrmn_trget_id,ua1_0.author_code,ua1_0.frst_register_id,ua1_0.frst_regist_pnttm,ua1_0.last_updusr_id,ua1_0.last_updt_pnttm,ua1_0.mber_ty_code from nemplyrscrtyestbs ua1_0 where ua1_0.scrty_dtrmn_trget_id=?
2026-03-16 17:02:26 [http-nio-8080-exec-4] DEBUG o.s.orm.jpa.JpaTransactionManager - Closing JPA EntityManager [SessionImpl(73723985<open>)] after transaction
2026-03-16 17:02:26 [http-nio-8080-exec-4] DEBUG c.c.p.s.jwt.JwtAuthenticationFilter - >>> [JwtFilter] Successfully authenticated user: USRCNFRM_99999999999, Authorities: [ROLE_ADMIN]
2026-03-16 17:02:26 [http-nio-8080-exec-4] DEBUG o.s.web.servlet.DispatcherServlet - GET "/api/v1/admin/system/banners/reflected", parameters={}
2026-03-16 17:02:26 [http-nio-8080-exec-4] TRACE o.s.w.s.m.m.a.RequestMappingHandlerMapping - Mapped to com.company.project.api.controller.system.content.banner.BannerApiController#getReflectedBanners()
2026-03-16 17:02:26 [http-nio-8080-exec-4] DEBUG o.s.orm.jpa.JpaTransactionManager - Creating new transaction with name [com.company.project.service.system.content.banner.BannerService.getReflectedBanners]: PROPAGATION_REQUIRED,ISOLATION_DEFAULT,readOnly
2026-03-16 17:02:26 [http-nio-8080-exec-4] DEBUG o.s.orm.jpa.JpaTransactionManager - Opened new EntityManager [SessionImpl(718045640<open>)] for JPA transaction
2026-03-16 17:02:26 [http-nio-8080-exec-4] DEBUG o.s.orm.jpa.JpaTransactionManager - Exposing JPA transaction as JDBC [org.springframework.orm.jpa.vendor.HibernateJpaDialect$HibernateConnectionHandle@7ddec73e]
2026-03-16 17:02:26 [http-nio-8080-exec-4] DEBUG org.hibernate.SQL - select b1_0.banner_id,b1_0.banner_dc,b1_0.banner_image,b1_0.banner_image_file,b1_0.banner_nm,b1_0.frst_register_id,b1_0.frst_regist_pnttm,b1_0.last_updusr_id,b1_0.last_updt_pnttm,b1_0.link_url,b1_0.reflct_at,b1_0.sort_ordr from nbanner b1_0 where b1_0.reflct_at=? order by b1_0.sort_ordr
2026-03-16 17:02:26 [http-nio-8080-exec-3] DEBUG o.s.orm.jpa.JpaTransactionManager - Closing JPA EntityManager [SessionImpl(1116293761<open>)] after transaction
2026-03-16 17:02:26 [http-nio-8080-exec-3] DEBUG o.s.w.s.m.m.a.HttpEntityMethodProcessor - Using 'application/json', given [application/json, text/plain, */*] and supported [application/json, application/*+json, application/yaml]
2026-03-16 17:02:26 [http-nio-8080-exec-3] TRACE o.s.w.s.m.m.a.HttpEntityMethodProcessor - Writing [ApiResponse[success=true, status=200, code=COMMON_001, message=Success, data=[NotificationDto(ntfcNo=NT001, ntfcSj=테스트 알림입니다, ntfcCn=알림 내용입니다, ntfcDate=null, ntfcTime=2026-02-25T00:59:33.784070, bhNtfcIntrvl=null, uniqId=null, frstRegisterId=null, frstRegisterPnttm=2026-02-25T00:59:33.784070, lastUpdusrId=null, lastUpdusrPnttm=null)], timestamp=2026-03-16T17:02:26.576328300]]
2026-03-16 17:02:26 [http-nio-8080-exec-3] INFO  c.c.p.a.i.OperationalAuditInterceptor - API Audit Log: URL=/api/v1/notifications, User=webmaster, IP=127.0.0.1
2026-03-16 17:02:26 [http-nio-8080-exec-3] DEBUG o.s.web.servlet.DispatcherServlet - Completed 200 OK
2026-03-16 17:02:26 [http-nio-8080-exec-8] DEBUG o.s.orm.jpa.JpaTransactionManager - Initiating transaction commit
2026-03-16 17:02:26 [http-nio-8080-exec-8] DEBUG o.s.orm.jpa.JpaTransactionManager - Committing JPA transaction on EntityManager [SessionImpl(571296866<open>)]
2026-03-16 17:02:26 [http-nio-8080-exec-15] DEBUG c.c.p.s.jwt.JwtAuthenticationFilter - >>> [JwtFilter] Processing request: GET /api/v1/notifications
2026-03-16 17:02:26 [http-nio-8080-exec-15] DEBUG c.c.p.s.jwt.JwtAuthenticationFilter - >>> [JwtFilter] Found token in header for path: /api/v1/notifications
2026-03-16 17:02:26 [http-nio-8080-exec-15] DEBUG o.s.orm.jpa.JpaTransactionManager - Creating new transaction with name [com.company.project.security.iam.CustomUserDetailsService.loadUserByUsername]: PROPAGATION_REQUIRED,ISOLATION_DEFAULT,readOnly
2026-03-16 17:02:26 [http-nio-8080-exec-15] DEBUG o.s.orm.jpa.JpaTransactionManager - Opened new EntityManager [SessionImpl(1803521561<open>)] for JPA transaction
2026-03-16 17:02:26 [http-nio-8080-exec-15] DEBUG o.s.orm.jpa.JpaTransactionManager - Exposing JPA transaction as JDBC [org.springframework.orm.jpa.vendor.HibernateJpaDialect$HibernateConnectionHandle@53b7f9ca]
2026-03-16 17:02:26 [http-nio-8080-exec-15] DEBUG o.s.orm.jpa.JpaTransactionManager - Found thread-bound EntityManager [SessionImpl(1803521561<open>)] for JPA transaction
2026-03-16 17:02:26 [http-nio-8080-exec-15] DEBUG o.s.orm.jpa.JpaTransactionManager - Participating in existing transaction
2026-03-16 17:02:26 [http-nio-8080-exec-15] DEBUG org.hibernate.SQL - select u1_0.emplyr_id,u1_0.area_no,u1_0.brthdy,u1_0.chg_pwd_cnt,u1_0.frst_register_id,u1_0.frst_regist_pnttm,u1_0.detail_adres,u1_0.email_adres,u1_0.emplyr_sttus_code,u1_0.empl_no,u1_0.esntl_id,u1_0.fxnum,u1_0.group_id,u1_0.house_adres,u1_0.house_end_telno,u1_0.house_middle_telno,u1_0.ihidnum,u1_0.pstinst_code,u1_0.last_updusr_id,u1_0.last_updt_pnttm,u1_0.lock_at,u1_0.lock_cnt,u1_0.lock_last_pnttm,u1_0.mbtlnum,u1_0.ofcps_nm,u1_0.offm_telno,u1_0.orgnzt_id,u1_0.password,u1_0.password_cnsr,u1_0.password_hint,u1_0.chg_pwd_last_pnttm,u1_0.role,u1_0.sbscrb_de,u1_0.sexdstn_code,u1_0.crtfc_dn_value,u1_0.user_nm,u1_0.zip from nemplyrinfo u1_0 where u1_0.emplyr_id=?
2026-03-16 17:02:26 [http-nio-8080-exec-17] DEBUG o.s.orm.jpa.JpaTransactionManager - Found thread-bound EntityManager [SessionImpl(884873629<open>)] for JPA transaction
2026-03-16 17:02:26 [http-nio-8080-exec-17] DEBUG o.s.orm.jpa.JpaTransactionManager - Participating in existing transaction
2026-03-16 17:02:26 [http-nio-8080-exec-17] DEBUG org.hibernate.SQL - select ua1_0.scrty_dtrmn_trget_id,ua1_0.author_code,ua1_0.frst_register_id,ua1_0.frst_regist_pnttm,ua1_0.last_updusr_id,ua1_0.last_updt_pnttm,ua1_0.mber_ty_code from nemplyrscrtyestbs ua1_0 where ua1_0.scrty_dtrmn_trget_id=?
2026-03-16 17:02:26 [http-nio-8080-exec-1] DEBUG o.s.orm.jpa.JpaTransactionManager - Initiating transaction commit
2026-03-16 17:02:26 [http-nio-8080-exec-1] DEBUG o.s.orm.jpa.JpaTransactionManager - Committing JPA transaction on EntityManager [SessionImpl(2025574443<open>)]
2026-03-16 17:02:26 [http-nio-8080-exec-5] DEBUG o.s.orm.jpa.JpaTransactionManager - Initiating transaction commit
2026-03-16 17:02:26 [http-nio-8080-exec-5] DEBUG o.s.orm.jpa.JpaTransactionManager - Committing JPA transaction on EntityManager [SessionImpl(642686270<open>)]
2026-03-16 17:02:26 [http-nio-8080-exec-4] DEBUG o.s.orm.jpa.JpaTransactionManager - Initiating transaction commit
2026-03-16 17:02:26 [http-nio-8080-exec-4] DEBUG o.s.orm.jpa.JpaTransactionManager - Committing JPA transaction on EntityManager [SessionImpl(718045640<open>)]
2026-03-16 17:02:26 [http-nio-8080-exec-8] DEBUG o.s.orm.jpa.JpaTransactionManager - Closing JPA EntityManager [SessionImpl(571296866<open>)] after transaction
2026-03-16 17:02:26 [http-nio-8080-exec-8] DEBUG o.s.w.s.m.m.a.HttpEntityMethodProcessor - Using 'application/json', given [application/json, text/plain, */*] and supported [application/json, application/*+json, application/yaml]
2026-03-16 17:02:26 [http-nio-8080-exec-8] TRACE o.s.w.s.m.m.a.HttpEntityMethodProcessor - Writing [ApiResponse[success=true, status=200, code=COMMON_001, message=Success, data=0, timestamp=2026-03-16T17:02:26.726974]]
2026-03-16 17:02:26 [http-nio-8080-exec-8] INFO  c.c.p.a.i.OperationalAuditInterceptor - API Audit Log: URL=/api/v1/notifications/unread-count, User=webmaster, IP=127.0.0.1
2026-03-16 17:02:26 [http-nio-8080-exec-8] DEBUG o.s.web.servlet.DispatcherServlet - Completed 200 OK
2026-03-16 17:02:26 [http-nio-8080-exec-9] DEBUG c.c.p.s.jwt.JwtAuthenticationFilter - >>> [JwtFilter] Processing request: GET /api/v1/notifications/unread-count
2026-03-16 17:02:26 [http-nio-8080-exec-9] DEBUG c.c.p.s.jwt.JwtAuthenticationFilter - >>> [JwtFilter] Found token in header for path: /api/v1/notifications/unread-count
2026-03-16 17:02:26 [http-nio-8080-exec-9] DEBUG o.s.orm.jpa.JpaTransactionManager - Creating new transaction with name [com.company.project.security.iam.CustomUserDetailsService.loadUserByUsername]: PROPAGATION_REQUIRED,ISOLATION_DEFAULT,readOnly
2026-03-16 17:02:26 [http-nio-8080-exec-9] DEBUG o.s.orm.jpa.JpaTransactionManager - Opened new EntityManager [SessionImpl(223246310<open>)] for JPA transaction
2026-03-16 17:02:26 [http-nio-8080-exec-9] DEBUG o.s.orm.jpa.JpaTransactionManager - Exposing JPA transaction as JDBC [org.springframework.orm.jpa.vendor.HibernateJpaDialect$HibernateConnectionHandle@1c31e184]
2026-03-16 17:02:26 [http-nio-8080-exec-9] DEBUG o.s.orm.jpa.JpaTransactionManager - Found thread-bound EntityManager [SessionImpl(223246310<open>)] for JPA transaction
2026-03-16 17:02:26 [http-nio-8080-exec-9] DEBUG o.s.orm.jpa.JpaTransactionManager - Participating in existing transaction
2026-03-16 17:02:26 [http-nio-8080-exec-9] DEBUG org.hibernate.SQL - select u1_0.emplyr_id,u1_0.area_no,u1_0.brthdy,u1_0.chg_pwd_cnt,u1_0.frst_register_id,u1_0.frst_regist_pnttm,u1_0.detail_adres,u1_0.email_adres,u1_0.emplyr_sttus_code,u1_0.empl_no,u1_0.esntl_id,u1_0.fxnum,u1_0.group_id,u1_0.house_adres,u1_0.house_end_telno,u1_0.house_middle_telno,u1_0.ihidnum,u1_0.pstinst_code,u1_0.last_updusr_id,u1_0.last_updt_pnttm,u1_0.lock_at,u1_0.lock_cnt,u1_0.lock_last_pnttm,u1_0.mbtlnum,u1_0.ofcps_nm,u1_0.offm_telno,u1_0.orgnzt_id,u1_0.password,u1_0.password_cnsr,u1_0.password_hint,u1_0.chg_pwd_last_pnttm,u1_0.role,u1_0.sbscrb_de,u1_0.sexdstn_code,u1_0.crtfc_dn_value,u1_0.user_nm,u1_0.zip from nemplyrinfo u1_0 where u1_0.emplyr_id=?
2026-03-16 17:02:26 [http-nio-8080-exec-15] DEBUG o.s.orm.jpa.JpaTransactionManager - Found thread-bound EntityManager [SessionImpl(1803521561<open>)] for JPA transaction
2026-03-16 17:02:26 [http-nio-8080-exec-15] DEBUG o.s.orm.jpa.JpaTransactionManager - Participating in existing transaction
2026-03-16 17:02:26 [http-nio-8080-exec-15] DEBUG org.hibernate.SQL - select ua1_0.scrty_dtrmn_trget_id,ua1_0.author_code,ua1_0.frst_register_id,ua1_0.frst_regist_pnttm,ua1_0.last_updusr_id,ua1_0.last_updt_pnttm,ua1_0.mber_ty_code from nemplyrscrtyestbs ua1_0 where ua1_0.scrty_dtrmn_trget_id=?
2026-03-16 17:02:26 [http-nio-8080-exec-17] DEBUG o.s.orm.jpa.JpaTransactionManager - Initiating transaction commit
2026-03-16 17:02:26 [http-nio-8080-exec-17] DEBUG o.s.orm.jpa.JpaTransactionManager - Committing JPA transaction on EntityManager [SessionImpl(884873629<open>)]
2026-03-16 17:02:26 [http-nio-8080-exec-1] DEBUG o.s.orm.jpa.JpaTransactionManager - Closing JPA EntityManager [SessionImpl(2025574443<open>)] after transaction
2026-03-16 17:02:26 [http-nio-8080-exec-1] DEBUG o.s.w.s.m.m.a.HttpEntityMethodProcessor - Using 'application/json', given [application/json, text/plain, */*] and supported [application/json, application/*+json, application/yaml]
2026-03-16 17:02:26 [http-nio-8080-exec-1] TRACE o.s.w.s.m.m.a.HttpEntityMethodProcessor - Writing [ApiResponse[success=true, status=200, code=COMMON_001, message=Success, data=[], timestamp=2026-03-16T17:02:26.770190500]]
2026-03-16 17:02:26 [http-nio-8080-exec-1] INFO  c.c.p.a.i.OperationalAuditInterceptor - API Audit Log: URL=/api/v1/popups/active, User=webmaster, IP=127.0.0.1
2026-03-16 17:02:26 [http-nio-8080-exec-1] DEBUG o.s.web.servlet.DispatcherServlet - Completed 200 OK
2026-03-16 17:02:26 [http-nio-8080-exec-6] DEBUG c.c.p.s.jwt.JwtAuthenticationFilter - >>> [JwtFilter] Processing request: GET /api/v1/popups/active
2026-03-16 17:02:26 [http-nio-8080-exec-6] DEBUG c.c.p.s.jwt.JwtAuthenticationFilter - >>> [JwtFilter] Found token in header for path: /api/v1/popups/active
2026-03-16 17:02:26 [http-nio-8080-exec-6] DEBUG o.s.orm.jpa.JpaTransactionManager - Creating new transaction with name [com.company.project.security.iam.CustomUserDetailsService.loadUserByUsername]: PROPAGATION_REQUIRED,ISOLATION_DEFAULT,readOnly
2026-03-16 17:02:26 [http-nio-8080-exec-6] DEBUG o.s.orm.jpa.JpaTransactionManager - Opened new EntityManager [SessionImpl(1293835339<open>)] for JPA transaction
2026-03-16 17:02:26 [http-nio-8080-exec-6] DEBUG o.s.orm.jpa.JpaTransactionManager - Exposing JPA transaction as JDBC [org.springframework.orm.jpa.vendor.HibernateJpaDialect$HibernateConnectionHandle@86fba49]
2026-03-16 17:02:26 [http-nio-8080-exec-6] DEBUG o.s.orm.jpa.JpaTransactionManager - Found thread-bound EntityManager [SessionImpl(1293835339<open>)] for JPA transaction
2026-03-16 17:02:26 [http-nio-8080-exec-6] DEBUG o.s.orm.jpa.JpaTransactionManager - Participating in existing transaction
2026-03-16 17:02:26 [http-nio-8080-exec-6] DEBUG org.hibernate.SQL - select u1_0.emplyr_id,u1_0.area_no,u1_0.brthdy,u1_0.chg_pwd_cnt,u1_0.frst_register_id,u1_0.frst_regist_pnttm,u1_0.detail_adres,u1_0.email_adres,u1_0.emplyr_sttus_code,u1_0.empl_no,u1_0.esntl_id,u1_0.fxnum,u1_0.group_id,u1_0.house_adres,u1_0.house_end_telno,u1_0.house_middle_telno,u1_0.ihidnum,u1_0.pstinst_code,u1_0.last_updusr_id,u1_0.last_updt_pnttm,u1_0.lock_at,u1_0.lock_cnt,u1_0.lock_last_pnttm,u1_0.mbtlnum,u1_0.ofcps_nm,u1_0.offm_telno,u1_0.orgnzt_id,u1_0.password,u1_0.password_cnsr,u1_0.password_hint,u1_0.chg_pwd_last_pnttm,u1_0.role,u1_0.sbscrb_de,u1_0.sexdstn_code,u1_0.crtfc_dn_value,u1_0.user_nm,u1_0.zip from nemplyrinfo u1_0 where u1_0.emplyr_id=?
2026-03-16 17:02:26 [http-nio-8080-exec-5] DEBUG o.s.orm.jpa.JpaTransactionManager - Closing JPA EntityManager [SessionImpl(642686270<open>)] after transaction
2026-03-16 17:02:26 [http-nio-8080-exec-5] DEBUG c.c.p.s.jwt.JwtAuthenticationFilter - >>> [JwtFilter] Successfully authenticated user: USRCNFRM_99999999999, Authorities: [ROLE_ADMIN]
2026-03-16 17:02:26 [http-nio-8080-exec-5] DEBUG o.s.web.servlet.DispatcherServlet - GET "/api/v1/admin/system/statistics/bbs?statsKind=COM101", parameters={masked}
2026-03-16 17:02:26 [http-nio-8080-exec-5] DEBUG o.s.w.s.h.SimpleUrlHandlerMapping - Mapped to ResourceHttpRequestHandler [classpath [META-INF/resources/], classpath [resources/], classpath [static/], classpath [public/], ServletContext [/]]
2026-03-16 17:02:26 [http-nio-8080-exec-5] DEBUG o.s.w.s.r.ResourceHttpRequestHandler - Resource not found
2026-03-16 17:02:26 [http-nio-8080-exec-5] DEBUG o.s.w.s.m.m.a.ExceptionHandlerExceptionResolver - Using @ExceptionHandler com.company.project.core.exception.GlobalExceptionHandler#handleException(Exception)
2026-03-16 17:02:26 [http-nio-8080-exec-5] ERROR c.c.p.c.e.GlobalExceptionHandler - >>> Internal Server Error: No static resource api/v1/admin/system/statistics/bbs.
org.springframework.web.servlet.resource.NoResourceFoundException: No static resource api/v1/admin/system/statistics/bbs.
	at org.springframework.web.servlet.resource.ResourceHttpRequestHandler.handleRequest(ResourceHttpRequestHandler.java:585)
	at org.springframework.web.servlet.mvc.HttpRequestHandlerAdapter.handle(HttpRequestHandlerAdapter.java:52)
	at org.springframework.web.servlet.DispatcherServlet.doDispatch(DispatcherServlet.java:1088)
	at org.springframework.web.servlet.DispatcherServlet.doService(DispatcherServlet.java:978)
	at org.springframework.web.servlet.FrameworkServlet.processRequest(FrameworkServlet.java:1014)
	at org.springframework.web.servlet.FrameworkServlet.doGet(FrameworkServlet.java:903)
	at jakarta.servlet.http.HttpServlet.service(HttpServlet.java:527)
	at org.springframework.web.servlet.FrameworkServlet.service(FrameworkServlet.java:885)
	at jakarta.servlet.http.HttpServlet.service(HttpServlet.java:614)
	at org.apache.catalina.core.ApplicationFilterChain.internalDoFilter(ApplicationFilterChain.java:195)
	at org.apache.catalina.core.ApplicationFilterChain.doFilter(ApplicationFilterChain.java:140)
	at org.apache.tomcat.websocket.server.WsFilter.doFilter(WsFilter.java:51)
	at org.apache.catalina.core.ApplicationFilterChain.internalDoFilter(ApplicationFilterChain.java:164)
	at org.apache.catalina.core.ApplicationFilterChain.doFilter(ApplicationFilterChain.java:140)
	at org.springframework.web.filter.CompositeFilter$VirtualFilterChain.doFilter(CompositeFilter.java:108)
	at org.springframework.security.web.FilterChainProxy.lambda$doFilterInternal$3(FilterChainProxy.java:231)
	at org.springframework.security.web.ObservationFilterChainDecorator$FilterObservation$SimpleFilterObservation.lambda$wrap$1(ObservationFilterChainDecorator.java:479)
	at org.springframework.security.web.ObservationFilterChainDecorator$AroundFilterObservation$SimpleAroundFilterObservation.lambda$wrap$1(ObservationFilterChainDecorator.java:340)
	at org.springframework.security.web.ObservationFilterChainDecorator.lambda$wrapSecured$0(ObservationFilterChainDecorator.java:82)
	at org.springframework.security.web.ObservationFilterChainDecorator$VirtualFilterChain.doFilter(ObservationFilterChainDecorator.java:128)
	at org.springframework.security.web.access.intercept.AuthorizationFilter.doFilter(AuthorizationFilter.java:101)
	at org.springframework.security.web.ObservationFilterChainDecorator$ObservationFilter.wrapFilter(ObservationFilterChainDecorator.java:240)
	at org.springframework.security.web.ObservationFilterChainDecorator$ObservationFilter.doFilter(ObservationFilterChainDecorator.java:227)
	at org.springframework.security.web.ObservationFilterChainDecorator$VirtualFilterChain.doFilter(ObservationFilterChainDecorator.java:137)
	at org.springframework.security.web.access.ExceptionTranslationFilter.doFilter(ExceptionTranslationFilter.java:126)
	at org.springframework.security.web.access.ExceptionTranslationFilter.doFilter(ExceptionTranslationFilter.java:120)
	at org.springframework.security.web.ObservationFilterChainDecorator$ObservationFilter.wrapFilter(ObservationFilterChainDecorator.java:240)
	at org.springframework.security.web.ObservationFilterChainDecorator$ObservationFilter.doFilter(ObservationFilterChainDecorator.java:227)
	at org.springframework.security.web.ObservationFilterChainDecorator$VirtualFilterChain.doFilter(ObservationFilterChainDecorator.java:137)
	at org.springframework.security.web.session.SessionManagementFilter.doFilter(SessionManagementFilter.java:131)
	at org.springframework.security.web.session.SessionManagementFilter.doFilter(SessionManagementFilter.java:85)
	at org.springframework.security.web.ObservationFilterChainDecorator$ObservationFilter.wrapFilter(ObservationFilterChainDecorator.java:240)
	at org.springframework.security.web.ObservationFilterChainDecorator$ObservationFilter.doFilter(ObservationFilterChainDecorator.java:227)
	at org.springframework.security.web.ObservationFilterChainDecorator$VirtualFilterChain.doFilter(ObservationFilterChainDecorator.java:137)
	at org.springframework.security.web.authentication.AnonymousAuthenticationFilter.doFilter(AnonymousAuthenticationFilter.java:100)
	at org.springframework.security.web.ObservationFilterChainDecorator$ObservationFilter.wrapFilter(ObservationFilterChainDecorator.java:240)
	at org.springframework.security.web.ObservationFilterChainDecorator$ObservationFilter.doFilter(ObservationFilterChainDecorator.java:227)
	at org.springframework.security.web.ObservationFilterChainDecorator$VirtualFilterChain.doFilter(ObservationFilterChainDecorator.java:137)
	at org.springframework.security.web.servletapi.SecurityContextHolderAwareRequestFilter.doFilter(SecurityContextHolderAwareRequestFilter.java:179)
	at org.springframework.security.web.ObservationFilterChainDecorator$ObservationFilter.wrapFilter(ObservationFilterChainDecorator.java:240)
	at org.springframework.security.web.ObservationFilterChainDecorator$ObservationFilter.doFilter(ObservationFilterChainDecorator.java:227)
	at org.springframework.security.web.ObservationFilterChainDecorator$VirtualFilterChain.doFilter(ObservationFilterChainDecorator.java:137)
	at org.springframework.security.web.savedrequest.RequestCacheAwareFilter.doFilter(RequestCacheAwareFilter.java:63)
	at org.springframework.security.web.ObservationFilterChainDecorator$ObservationFilter.wrapFilter(ObservationFilterChainDecorator.java:240)
	at org.springframework.security.web.ObservationFilterChainDecorator$ObservationFilter.doFilter(ObservationFilterChainDecorator.java:227)
	at org.springframework.security.web.ObservationFilterChainDecorator$VirtualFilterChain.doFilter(ObservationFilterChainDecorator.java:137)
	at com.company.project.security.jwt.JwtAuthenticationFilter.doFilterInternal(JwtAuthenticationFilter.java:52)
	at org.springframework.web.filter.OncePerRequestFilter.doFilter(OncePerRequestFilter.java:116)
	at org.springframework.security.web.ObservationFilterChainDecorator$ObservationFilter.wrapFilter(ObservationFilterChainDecorator.java:240)
	at org.springframework.security.web.ObservationFilterChainDecorator$ObservationFilter.doFilter(ObservationFilterChainDecorator.java:227)
	at org.springframework.security.web.ObservationFilterChainDecorator$VirtualFilterChain.doFilter(ObservationFilterChainDecorator.java:137)
	at org.springframework.security.web.authentication.logout.LogoutFilter.doFilter(LogoutFilter.java:107)
	at org.springframework.security.web.authentication.logout.LogoutFilter.doFilter(LogoutFilter.java:93)
	at org.springframework.security.web.ObservationFilterChainDecorator$ObservationFilter.wrapFilter(ObservationFilterChainDecorator.java:240)
	at org.springframework.security.web.ObservationFilterChainDecorator$ObservationFilter.doFilter(ObservationFilterChainDecorator.java:227)
	at org.springframework.security.web.ObservationFilterChainDecorator$VirtualFilterChain.doFilter(ObservationFilterChainDecorator.java:137)
	at org.springframework.web.filter.CorsFilter.doFilterInternal(CorsFilter.java:91)
	at org.springframework.web.filter.OncePerRequestFilter.doFilter(OncePerRequestFilter.java:116)
	at org.springframework.security.web.ObservationFilterChainDecorator$ObservationFilter.wrapFilter(ObservationFilterChainDecorator.java:240)
	at org.springframework.security.web.ObservationFilterChainDecorator$ObservationFilter.doFilter(ObservationFilterChainDecorator.java:227)
	at org.springframework.security.web.ObservationFilterChainDecorator$VirtualFilterChain.doFilter(ObservationFilterChainDecorator.java:137)
	at org.springframework.security.web.header.HeaderWriterFilter.doHeadersAfter(HeaderWriterFilter.java:90)
	at org.springframework.security.web.header.HeaderWriterFilter.doFilterInternal(HeaderWriterFilter.java:75)
	at org.springframework.web.filter.OncePerRequestFilter.doFilter(OncePerRequestFilter.java:116)
	at org.springframework.security.web.ObservationFilterChainDecorator$ObservationFilter.wrapFilter(ObservationFilterChainDecorator.java:240)
	at org.springframework.security.web.ObservationFilterChainDecorator$ObservationFilter.doFilter(ObservationFilterChainDecorator.java:227)
	at org.springframework.security.web.ObservationFilterChainDecorator$VirtualFilterChain.doFilter(ObservationFilterChainDecorator.java:137)
	at org.springframework.security.web.context.SecurityContextHolderFilter.doFilter(SecurityContextHolderFilter.java:82)
	at org.springframework.security.web.context.SecurityContextHolderFilter.doFilter(SecurityContextHolderFilter.java:69)
	at org.springframework.security.web.ObservationFilterChainDecorator$ObservationFilter.wrapFilter(ObservationFilterChainDecorator.java:240)
	at org.springframework.security.web.ObservationFilterChainDecorator$ObservationFilter.doFilter(ObservationFilterChainDecorator.java:227)
	at org.springframework.security.web.ObservationFilterChainDecorator$VirtualFilterChain.doFilter(ObservationFilterChainDecorator.java:137)
	at org.springframework.security.web.context.request.async.WebAsyncManagerIntegrationFilter.doFilterInternal(WebAsyncManagerIntegrationFilter.java:62)
	at org.springframework.web.filter.OncePerRequestFilter.doFilter(OncePerRequestFilter.java:116)
	at org.springframework.security.web.ObservationFilterChainDecorator$ObservationFilter.wrapFilter(ObservationFilterChainDecorator.java:240)
	at org.springframework.security.web.ObservationFilterChainDecorator$ObservationFilter.doFilter(ObservationFilterChainDecorator.java:227)
	at org.springframework.security.web.ObservationFilterChainDecorator$VirtualFilterChain.doFilter(ObservationFilterChainDecorator.java:137)
	at org.springframework.security.web.session.DisableEncodeUrlFilter.doFilterInternal(DisableEncodeUrlFilter.java:42)
	at org.springframework.web.filter.OncePerRequestFilter.doFilter(OncePerRequestFilter.java:116)
	at org.springframework.security.web.ObservationFilterChainDecorator$ObservationFilter.wrapFilter(ObservationFilterChainDecorator.java:240)
	at org.springframework.security.web.ObservationFilterChainDecorator$AroundFilterObservation$SimpleAroundFilterObservation.lambda$wrap$0(ObservationFilterChainDecorator.java:323)
	at org.springframework.security.web.ObservationFilterChainDecorator$ObservationFilter.doFilter(ObservationFilterChainDecorator.java:224)
	at org.springframework.security.web.ObservationFilterChainDecorator$VirtualFilterChain.doFilter(ObservationFilterChainDecorator.java:137)
	at org.springframework.security.web.FilterChainProxy.doFilterInternal(FilterChainProxy.java:233)
	at org.springframework.security.web.FilterChainProxy.doFilter(FilterChainProxy.java:191)
	at org.springframework.web.filter.CompositeFilter$VirtualFilterChain.doFilter(CompositeFilter.java:113)
	at org.springframework.web.servlet.handler.HandlerMappingIntrospector.lambda$createCacheFilter$3(HandlerMappingIntrospector.java:243)
	at org.springframework.web.filter.CompositeFilter$VirtualFilterChain.doFilter(CompositeFilter.java:113)
	at org.springframework.web.filter.CompositeFilter.doFilter(CompositeFilter.java:74)
	at org.springframework.security.config.annotation.web.configuration.WebMvcSecurityConfiguration$CompositeFilterChainProxy.doFilter(WebMvcSecurityConfiguration.java:238)
	at org.springframework.web.filter.DelegatingFilterProxy.invokeDelegate(DelegatingFilterProxy.java:362)
	at org.springframework.web.filter.DelegatingFilterProxy.doFilter(DelegatingFilterProxy.java:278)
	at org.apache.catalina.core.ApplicationFilterChain.internalDoFilter(ApplicationFilterChain.java:164)
	at org.apache.catalina.core.ApplicationFilterChain.doFilter(ApplicationFilterChain.java:140)
	at org.springframework.web.filter.RequestContextFilter.doFilterInternal(RequestContextFilter.java:100)
	at org.springframework.web.filter.OncePerRequestFilter.doFilter(OncePerRequestFilter.java:116)
	at org.apache.catalina.core.ApplicationFilterChain.internalDoFilter(ApplicationFilterChain.java:164)
	at org.apache.catalina.core.ApplicationFilterChain.doFilter(ApplicationFilterChain.java:140)
	at org.springframework.web.filter.FormContentFilter.doFilterInternal(FormContentFilter.java:93)
	at org.springframework.web.filter.OncePerRequestFilter.doFilter(OncePerRequestFilter.java:116)
	at org.apache.catalina.core.ApplicationFilterChain.internalDoFilter(ApplicationFilterChain.java:164)
	at org.apache.catalina.core.ApplicationFilterChain.doFilter(ApplicationFilterChain.java:140)
	at org.springframework.web.filter.ServerHttpObservationFilter.doFilterInternal(ServerHttpObservationFilter.java:114)
	at org.springframework.web.filter.OncePerRequestFilter.doFilter(OncePerRequestFilter.java:116)
	at org.apache.catalina.core.ApplicationFilterChain.internalDoFilter(ApplicationFilterChain.java:164)
	at org.apache.catalina.core.ApplicationFilterChain.doFilter(ApplicationFilterChain.java:140)
	at org.springframework.web.filter.CharacterEncodingFilter.doFilterInternal(CharacterEncodingFilter.java:201)
	at org.springframework.web.filter.OncePerRequestFilter.doFilter(OncePerRequestFilter.java:116)
	at org.apache.catalina.core.ApplicationFilterChain.internalDoFilter(ApplicationFilterChain.java:164)
	at org.apache.catalina.core.ApplicationFilterChain.doFilter(ApplicationFilterChain.java:140)
	at org.apache.catalina.core.StandardWrapperValve.invoke(StandardWrapperValve.java:167)
	at org.apache.catalina.core.StandardContextValve.invoke(StandardContextValve.java:90)
	at org.apache.catalina.authenticator.AuthenticatorBase.invoke(AuthenticatorBase.java:483)
	at org.apache.catalina.core.StandardHostValve.invoke(StandardHostValve.java:115)
	at org.apache.catalina.valves.ErrorReportValve.invoke(ErrorReportValve.java:93)
	at org.apache.catalina.core.StandardEngineValve.invoke(StandardEngineValve.java:74)
	at org.apache.catalina.connector.CoyoteAdapter.service(CoyoteAdapter.java:344)
	at org.apache.coyote.http11.Http11Processor.service(Http11Processor.java:397)
	at org.apache.coyote.AbstractProcessorLight.process(AbstractProcessorLight.java:63)
	at org.apache.coyote.AbstractProtocol$ConnectionHandler.process(AbstractProtocol.java:905)
	at org.apache.tomcat.util.net.NioEndpoint$SocketProcessor.doRun(NioEndpoint.java:1741)
	at org.apache.tomcat.util.net.SocketProcessorBase.run(SocketProcessorBase.java:52)
	at org.apache.tomcat.util.threads.ThreadPoolExecutor.runWorker(ThreadPoolExecutor.java:1190)
	at org.apache.tomcat.util.threads.ThreadPoolExecutor$Worker.run(ThreadPoolExecutor.java:659)
	at org.apache.tomcat.util.threads.TaskThread$WrappingRunnable.run(TaskThread.java:63)
	at java.base/java.lang.Thread.run(Thread.java:1583)
2026-03-16 17:02:26 [http-nio-8080-exec-5] DEBUG o.s.w.s.m.m.a.HttpEntityMethodProcessor - Using 'application/json', given [application/json, text/plain, */*] and supported [application/json, application/*+json, application/yaml]
2026-03-16 17:02:26 [http-nio-8080-exec-5] TRACE o.s.w.s.m.m.a.HttpEntityMethodProcessor - Writing [ApiResponse[success=false, status=500, code=C004, message=예기치 않은 서버 오류가 발생했습니다., data=null, timestamp=2026-03-16T17:02:26.844109800]]
2026-03-16 17:02:26 [http-nio-8080-exec-5] DEBUG o.s.w.s.m.m.a.ExceptionHandlerExceptionResolver - Resolved [org.springframework.web.servlet.resource.NoResourceFoundException: No static resource api/v1/admin/system/statistics/bbs.]
2026-03-16 17:02:26 [http-nio-8080-exec-5] DEBUG o.s.web.servlet.DispatcherServlet - Completed 500 INTERNAL_SERVER_ERROR
2026-03-16 17:02:26 [http-nio-8080-exec-4] DEBUG o.s.orm.jpa.JpaTransactionManager - Closing JPA EntityManager [SessionImpl(718045640<open>)] after transaction
2026-03-16 17:02:26 [http-nio-8080-exec-4] DEBUG o.s.w.s.m.m.a.HttpEntityMethodProcessor - Using 'application/json', given [application/json, text/plain, */*] and supported [application/json, application/*+json, application/yaml]
2026-03-16 17:02:26 [http-nio-8080-exec-4] TRACE o.s.w.s.m.m.a.HttpEntityMethodProcessor - Writing [ApiResponse[success=true, status=200, code=COMMON_001, message=Success, data=[], timestamp=2026-03-16T17:02:26.871105800]]
2026-03-16 17:02:26 [http-nio-8080-exec-4] INFO  c.c.p.a.i.OperationalAuditInterceptor - API Audit Log: URL=/api/v1/admin/system/banners/reflected, User=webmaster, IP=127.0.0.1
2026-03-16 17:02:26 [http-nio-8080-exec-4] DEBUG o.s.web.servlet.DispatcherServlet - Completed 200 OK
2026-03-16 17:02:26 [http-nio-8080-exec-13] DEBUG c.c.p.s.jwt.JwtAuthenticationFilter - >>> [JwtFilter] Processing request: GET /api/v1/admin/system/banners/reflected
2026-03-16 17:02:26 [http-nio-8080-exec-13] DEBUG c.c.p.s.jwt.JwtAuthenticationFilter - >>> [JwtFilter] Found token in header for path: /api/v1/admin/system/banners/reflected
2026-03-16 17:02:26 [http-nio-8080-exec-13] DEBUG o.s.orm.jpa.JpaTransactionManager - Creating new transaction with name [com.company.project.security.iam.CustomUserDetailsService.loadUserByUsername]: PROPAGATION_REQUIRED,ISOLATION_DEFAULT,readOnly
2026-03-16 17:02:26 [http-nio-8080-exec-13] DEBUG o.s.orm.jpa.JpaTransactionManager - Opened new EntityManager [SessionImpl(148552416<open>)] for JPA transaction
2026-03-16 17:02:26 [http-nio-8080-exec-13] DEBUG o.s.orm.jpa.JpaTransactionManager - Exposing JPA transaction as JDBC [org.springframework.orm.jpa.vendor.HibernateJpaDialect$HibernateConnectionHandle@450deeae]
2026-03-16 17:02:26 [http-nio-8080-exec-13] DEBUG o.s.orm.jpa.JpaTransactionManager - Found thread-bound EntityManager [SessionImpl(148552416<open>)] for JPA transaction
2026-03-16 17:02:26 [http-nio-8080-exec-13] DEBUG o.s.orm.jpa.JpaTransactionManager - Participating in existing transaction
2026-03-16 17:02:26 [http-nio-8080-exec-13] DEBUG org.hibernate.SQL - select u1_0.emplyr_id,u1_0.area_no,u1_0.brthdy,u1_0.chg_pwd_cnt,u1_0.frst_register_id,u1_0.frst_regist_pnttm,u1_0.detail_adres,u1_0.email_adres,u1_0.emplyr_sttus_code,u1_0.empl_no,u1_0.esntl_id,u1_0.fxnum,u1_0.group_id,u1_0.house_adres,u1_0.house_end_telno,u1_0.house_middle_telno,u1_0.ihidnum,u1_0.pstinst_code,u1_0.last_updusr_id,u1_0.last_updt_pnttm,u1_0.lock_at,u1_0.lock_cnt,u1_0.lock_last_pnttm,u1_0.mbtlnum,u1_0.ofcps_nm,u1_0.offm_telno,u1_0.orgnzt_id,u1_0.password,u1_0.password_cnsr,u1_0.password_hint,u1_0.chg_pwd_last_pnttm,u1_0.role,u1_0.sbscrb_de,u1_0.sexdstn_code,u1_0.crtfc_dn_value,u1_0.user_nm,u1_0.zip from nemplyrinfo u1_0 where u1_0.emplyr_id=?
2026-03-16 17:02:26 [http-nio-8080-exec-15] DEBUG o.s.orm.jpa.JpaTransactionManager - Initiating transaction commit
2026-03-16 17:02:26 [http-nio-8080-exec-9] DEBUG o.s.orm.jpa.JpaTransactionManager - Found thread-bound EntityManager [SessionImpl(223246310<open>)] for JPA transaction
2026-03-16 17:02:26 [http-nio-8080-exec-15] DEBUG o.s.orm.jpa.JpaTransactionManager - Committing JPA transaction on EntityManager [SessionImpl(1803521561<open>)]
2026-03-16 17:02:26 [http-nio-8080-exec-9] DEBUG o.s.orm.jpa.JpaTransactionManager - Participating in existing transaction
2026-03-16 17:02:26 [http-nio-8080-exec-9] DEBUG org.hibernate.SQL - select ua1_0.scrty_dtrmn_trget_id,ua1_0.author_code,ua1_0.frst_register_id,ua1_0.frst_regist_pnttm,ua1_0.last_updusr_id,ua1_0.last_updt_pnttm,ua1_0.mber_ty_code from nemplyrscrtyestbs ua1_0 where ua1_0.scrty_dtrmn_trget_id=?
2026-03-16 17:02:26 [http-nio-8080-exec-17] DEBUG o.s.orm.jpa.JpaTransactionManager - Closing JPA EntityManager [SessionImpl(884873629<open>)] after transaction
2026-03-16 17:02:26 [http-nio-8080-exec-17] DEBUG c.c.p.s.jwt.JwtAuthenticationFilter - >>> [JwtFilter] Successfully authenticated user: USRCNFRM_99999999999, Authorities: [ROLE_ADMIN]
2026-03-16 17:02:26 [http-nio-8080-exec-17] DEBUG o.s.web.servlet.DispatcherServlet - GET "/api/v1/menu/left?menuNo=20", parameters={masked}
2026-03-16 17:02:26 [http-nio-8080-exec-17] TRACE o.s.w.s.m.m.a.RequestMappingHandlerMapping - Mapped to com.company.project.api.controller.menu.MenuController#getLeftMenu(Long)
2026-03-16 17:02:26 [http-nio-8080-exec-17] INFO  c.c.p.a.c.menu.MenuController - getLeftMenu called with menuNo=20
2026-03-16 17:02:26 [http-nio-8080-exec-17] DEBUG o.s.orm.jpa.JpaTransactionManager - Creating new transaction with name [com.company.project.service.menu.MenuService.getSubMenus]: PROPAGATION_REQUIRED,ISOLATION_DEFAULT,readOnly
2026-03-16 17:02:26 [http-nio-8080-exec-17] DEBUG o.s.orm.jpa.JpaTransactionManager - Opened new EntityManager [SessionImpl(1049646551<open>)] for JPA transaction
2026-03-16 17:02:26 [http-nio-8080-exec-17] DEBUG o.s.orm.jpa.JpaTransactionManager - Exposing JPA transaction as JDBC [org.springframework.orm.jpa.vendor.HibernateJpaDialect$HibernateConnectionHandle@30c6cdd0]
2026-03-16 17:02:26 [http-nio-8080-exec-17] DEBUG org.hibernate.SQL - select m1_0.menu_no,m1_0.menu_dc,m1_0.menu_nm,m1_0.menu_ordr,m1_0.modern_route,m1_0.progrm_file_nm,m1_0.relate_image_nm,m1_0.relate_image_path,m1_0.route_updated_at,m1_0.upper_menu_no from nmenuinfo m1_0 order by m1_0.upper_menu_no,m1_0.menu_ordr
2026-03-16 17:02:26 [http-nio-8080-exec-6] DEBUG o.s.orm.jpa.JpaTransactionManager - Found thread-bound EntityManager [SessionImpl(1293835339<open>)] for JPA transaction
2026-03-16 17:02:26 [http-nio-8080-exec-6] DEBUG o.s.orm.jpa.JpaTransactionManager - Participating in existing transaction
2026-03-16 17:02:26 [http-nio-8080-exec-6] DEBUG org.hibernate.SQL - select ua1_0.scrty_dtrmn_trget_id,ua1_0.author_code,ua1_0.frst_register_id,ua1_0.frst_regist_pnttm,ua1_0.last_updusr_id,ua1_0.last_updt_pnttm,ua1_0.mber_ty_code from nemplyrscrtyestbs ua1_0 where ua1_0.scrty_dtrmn_trget_id=?
2026-03-16 17:02:27 [http-nio-8080-exec-13] DEBUG o.s.orm.jpa.JpaTransactionManager - Found thread-bound EntityManager [SessionImpl(148552416<open>)] for JPA transaction
2026-03-16 17:02:27 [http-nio-8080-exec-13] DEBUG o.s.orm.jpa.JpaTransactionManager - Participating in existing transaction
2026-03-16 17:02:27 [http-nio-8080-exec-13] DEBUG org.hibernate.SQL - select ua1_0.scrty_dtrmn_trget_id,ua1_0.author_code,ua1_0.frst_register_id,ua1_0.frst_regist_pnttm,ua1_0.last_updusr_id,ua1_0.last_updt_pnttm,ua1_0.mber_ty_code from nemplyrscrtyestbs ua1_0 where ua1_0.scrty_dtrmn_trget_id=?
2026-03-16 17:02:27 [http-nio-8080-exec-15] DEBUG o.s.orm.jpa.JpaTransactionManager - Closing JPA EntityManager [SessionImpl(1803521561<open>)] after transaction
2026-03-16 17:02:27 [http-nio-8080-exec-9] DEBUG o.s.orm.jpa.JpaTransactionManager - Initiating transaction commit
2026-03-16 17:02:27 [http-nio-8080-exec-15] DEBUG c.c.p.s.jwt.JwtAuthenticationFilter - >>> [JwtFilter] Successfully authenticated user: USRCNFRM_99999999999, Authorities: [ROLE_ADMIN]
2026-03-16 17:02:27 [http-nio-8080-exec-9] DEBUG o.s.orm.jpa.JpaTransactionManager - Committing JPA transaction on EntityManager [SessionImpl(223246310<open>)]
2026-03-16 17:02:27 [http-nio-8080-exec-15] DEBUG o.s.web.servlet.DispatcherServlet - GET "/api/v1/notifications", parameters={}
2026-03-16 17:02:27 [http-nio-8080-exec-15] TRACE o.s.w.s.m.m.a.RequestMappingHandlerMapping - Mapped to com.company.project.api.controller.notification.NotificationController#getMyNotifications(UserDetails)
2026-03-16 17:02:27 [http-nio-8080-exec-15] DEBUG o.s.orm.jpa.JpaTransactionManager - Creating new transaction with name [com.company.project.service.notification.NotificationService.getActiveNotifications]: PROPAGATION_REQUIRED,ISOLATION_DEFAULT,readOnly
2026-03-16 17:02:27 [http-nio-8080-exec-15] DEBUG o.s.orm.jpa.JpaTransactionManager - Opened new EntityManager [SessionImpl(1484994625<open>)] for JPA transaction
2026-03-16 17:02:27 [http-nio-8080-exec-15] DEBUG o.s.orm.jpa.JpaTransactionManager - Exposing JPA transaction as JDBC [org.springframework.orm.jpa.vendor.HibernateJpaDialect$HibernateConnectionHandle@5b520df1]
2026-03-16 17:02:27 [http-nio-8080-exec-15] DEBUG o.s.orm.jpa.JpaTransactionManager - Found thread-bound EntityManager [SessionImpl(1484994625<open>)] for JPA transaction
2026-03-16 17:02:27 [http-nio-8080-exec-15] DEBUG o.s.orm.jpa.JpaTransactionManager - Participating in existing transaction
2026-03-16 17:02:27 [http-nio-8080-exec-15] DEBUG org.hibernate.SQL - select n1_0.ntcn_no,n1_0.frst_register_id,n1_0.frst_regist_pnttm,n1_0.is_read,n1_0.last_updusr_id,n1_0.last_updt_pnttm,n1_0.link_url,n1_0.ntcn_cn,n1_0.ntcn_sj,n1_0.receiver_id from n_user_notification n1_0
2026-03-16 17:02:27 [http-nio-8080-exec-6] DEBUG o.s.orm.jpa.JpaTransactionManager - Initiating transaction commit
2026-03-16 17:02:27 [http-nio-8080-exec-6] DEBUG o.s.orm.jpa.JpaTransactionManager - Committing JPA transaction on EntityManager [SessionImpl(1293835339<open>)]
2026-03-16 17:02:27 [http-nio-8080-exec-13] DEBUG o.s.orm.jpa.JpaTransactionManager - Initiating transaction commit
2026-03-16 17:02:27 [http-nio-8080-exec-13] DEBUG o.s.orm.jpa.JpaTransactionManager - Committing JPA transaction on EntityManager [SessionImpl(148552416<open>)]
2026-03-16 17:02:27 [http-nio-8080-exec-9] DEBUG o.s.orm.jpa.JpaTransactionManager - Closing JPA EntityManager [SessionImpl(223246310<open>)] after transaction
2026-03-16 17:02:27 [http-nio-8080-exec-9] DEBUG c.c.p.s.jwt.JwtAuthenticationFilter - >>> [JwtFilter] Successfully authenticated user: USRCNFRM_99999999999, Authorities: [ROLE_ADMIN]
2026-03-16 17:02:27 [http-nio-8080-exec-9] DEBUG o.s.web.servlet.DispatcherServlet - GET "/api/v1/notifications/unread-count", parameters={}
2026-03-16 17:02:27 [http-nio-8080-exec-9] TRACE o.s.w.s.m.m.a.RequestMappingHandlerMapping - Mapped to com.company.project.api.controller.notification.NotificationController#getUnreadCount(UserDetails)
2026-03-16 17:02:27 [http-nio-8080-exec-9] DEBUG o.s.orm.jpa.JpaTransactionManager - Creating new transaction with name [com.company.project.service.notification.NotificationService.getUnreadCount]: PROPAGATION_REQUIRED,ISOLATION_DEFAULT,readOnly
2026-03-16 17:02:27 [http-nio-8080-exec-9] DEBUG o.s.orm.jpa.JpaTransactionManager - Opened new EntityManager [SessionImpl(1942803828<open>)] for JPA transaction
2026-03-16 17:02:27 [http-nio-8080-exec-9] DEBUG o.s.orm.jpa.JpaTransactionManager - Exposing JPA transaction as JDBC [org.springframework.orm.jpa.vendor.HibernateJpaDialect$HibernateConnectionHandle@1b40537e]
2026-03-16 17:02:27 [http-nio-8080-exec-9] DEBUG org.hibernate.SQL - select count(n1_0.ntcn_no) from n_user_notification n1_0 where n1_0.receiver_id=? and n1_0.is_read=?
2026-03-16 17:02:27 [http-nio-8080-exec-15] DEBUG o.s.orm.jpa.JpaTransactionManager - Initiating transaction commit
2026-03-16 17:02:27 [http-nio-8080-exec-15] DEBUG o.s.orm.jpa.JpaTransactionManager - Committing JPA transaction on EntityManager [SessionImpl(1484994625<open>)]
2026-03-16 17:02:27 [http-nio-8080-exec-17] DEBUG o.s.orm.jpa.JpaTransactionManager - Found thread-bound EntityManager [SessionImpl(1049646551<open>)] for JPA transaction
2026-03-16 17:02:27 [http-nio-8080-exec-17] DEBUG o.s.orm.jpa.JpaTransactionManager - Participating in existing transaction
2026-03-16 17:02:27 [http-nio-8080-exec-17] DEBUG org.hibernate.SQL - select p1_0.progrm_file_nm,p1_0.progrm_dc,p1_0.progrm_korean_nm,p1_0.progrm_stre_path,p1_0.url from nprogrmlist p1_0
2026-03-16 17:02:27 [http-nio-8080-exec-6] DEBUG o.s.orm.jpa.JpaTransactionManager - Closing JPA EntityManager [SessionImpl(1293835339<open>)] after transaction
2026-03-16 17:02:27 [http-nio-8080-exec-6] DEBUG c.c.p.s.jwt.JwtAuthenticationFilter - >>> [JwtFilter] Successfully authenticated user: USRCNFRM_99999999999, Authorities: [ROLE_ADMIN]
2026-03-16 17:02:27 [http-nio-8080-exec-6] DEBUG o.s.web.servlet.DispatcherServlet - GET "/api/v1/popups/active", parameters={}
2026-03-16 17:02:27 [http-nio-8080-exec-6] TRACE o.s.w.s.m.m.a.RequestMappingHandlerMapping - Mapped to com.company.project.api.controller.system.content.popup.PopupController#getActivePopups()
2026-03-16 17:02:27 [http-nio-8080-exec-6] DEBUG o.s.orm.jpa.JpaTransactionManager - Creating new transaction with name [com.company.project.service.system.content.popup.PopupServiceImpl.getActivePopups]: PROPAGATION_REQUIRED,ISOLATION_DEFAULT,readOnly
2026-03-16 17:02:27 [http-nio-8080-exec-6] DEBUG o.s.orm.jpa.JpaTransactionManager - Opened new EntityManager [SessionImpl(1312723783<open>)] for JPA transaction
2026-03-16 17:02:27 [http-nio-8080-exec-6] DEBUG o.s.orm.jpa.JpaTransactionManager - Exposing JPA transaction as JDBC [org.springframework.orm.jpa.vendor.HibernateJpaDialect$HibernateConnectionHandle@2488f728]
2026-03-16 17:02:27 [http-nio-8080-exec-6] DEBUG org.hibernate.SQL - select p1_0.popup_id,p1_0.frst_register_id,p1_0.frst_regist_pnttm,p1_0.file_url,p1_0.ntce_at,p1_0.stopvew_setup_at,p1_0.last_updusr_id,p1_0.last_updt_pnttm,p1_0.ntce_bgnde,p1_0.ntce_endde,p1_0.popup_vrticl_lc,p1_0.popup_vrticl_size,p1_0.popup_sj_nm,p1_0.popup_width_lc,p1_0.popup_width_size from npopupmanage p1_0 where p1_0.ntce_at='Y' and ? between p1_0.ntce_bgnde and p1_0.ntce_endde
2026-03-16 17:02:27 [http-nio-8080-exec-13] DEBUG o.s.orm.jpa.JpaTransactionManager - Closing JPA EntityManager [SessionImpl(148552416<open>)] after transaction
2026-03-16 17:02:27 [http-nio-8080-exec-13] DEBUG c.c.p.s.jwt.JwtAuthenticationFilter - >>> [JwtFilter] Successfully authenticated user: USRCNFRM_99999999999, Authorities: [ROLE_ADMIN]
2026-03-16 17:02:27 [http-nio-8080-exec-13] DEBUG o.s.web.servlet.DispatcherServlet - GET "/api/v1/admin/system/banners/reflected", parameters={}
2026-03-16 17:02:27 [http-nio-8080-exec-13] TRACE o.s.w.s.m.m.a.RequestMappingHandlerMapping - Mapped to com.company.project.api.controller.system.content.banner.BannerApiController#getReflectedBanners()
2026-03-16 17:02:27 [http-nio-8080-exec-13] DEBUG o.s.orm.jpa.JpaTransactionManager - Creating new transaction with name [com.company.project.service.system.content.banner.BannerService.getReflectedBanners]: PROPAGATION_REQUIRED,ISOLATION_DEFAULT,readOnly
2026-03-16 17:02:27 [http-nio-8080-exec-13] DEBUG o.s.orm.jpa.JpaTransactionManager - Opened new EntityManager [SessionImpl(1412641741<open>)] for JPA transaction
2026-03-16 17:02:27 [http-nio-8080-exec-13] DEBUG o.s.orm.jpa.JpaTransactionManager - Exposing JPA transaction as JDBC [org.springframework.orm.jpa.vendor.HibernateJpaDialect$HibernateConnectionHandle@1c9bea29]
2026-03-16 17:02:27 [http-nio-8080-exec-13] DEBUG org.hibernate.SQL - select b1_0.banner_id,b1_0.banner_dc,b1_0.banner_image,b1_0.banner_image_file,b1_0.banner_nm,b1_0.frst_register_id,b1_0.frst_regist_pnttm,b1_0.last_updusr_id,b1_0.last_updt_pnttm,b1_0.link_url,b1_0.reflct_at,b1_0.sort_ordr from nbanner b1_0 where b1_0.reflct_at=? order by b1_0.sort_ordr
2026-03-16 17:02:27 [http-nio-8080-exec-9] DEBUG o.s.orm.jpa.JpaTransactionManager - Initiating transaction commit
2026-03-16 17:02:27 [http-nio-8080-exec-9] DEBUG o.s.orm.jpa.JpaTransactionManager - Committing JPA transaction on EntityManager [SessionImpl(1942803828<open>)]
2026-03-16 17:02:27 [http-nio-8080-exec-15] DEBUG o.s.orm.jpa.JpaTransactionManager - Closing JPA EntityManager [SessionImpl(1484994625<open>)] after transaction
2026-03-16 17:02:27 [http-nio-8080-exec-15] DEBUG o.s.w.s.m.m.a.HttpEntityMethodProcessor - Using 'application/json', given [application/json, text/plain, */*] and supported [application/json, application/*+json, application/yaml]
2026-03-16 17:02:27 [http-nio-8080-exec-15] TRACE o.s.w.s.m.m.a.HttpEntityMethodProcessor - Writing [ApiResponse[success=true, status=200, code=COMMON_001, message=Success, data=[NotificationDto(ntfcNo=NT001, ntfcSj=테스트 알림입니다, ntfcCn=알림 내용입니다, ntfcDate=null, ntfcTime=2026-02-25T00:59:33.784070, bhNtfcIntrvl=null, uniqId=null, frstRegisterId=null, frstRegisterPnttm=2026-02-25T00:59:33.784070, lastUpdusrId=null, lastUpdusrPnttm=null)], timestamp=2026-03-16T17:02:27.354052200]]
2026-03-16 17:02:27 [http-nio-8080-exec-15] INFO  c.c.p.a.i.OperationalAuditInterceptor - API Audit Log: URL=/api/v1/notifications, User=webmaster, IP=127.0.0.1
2026-03-16 17:02:27 [http-nio-8080-exec-15] DEBUG o.s.web.servlet.DispatcherServlet - Completed 200 OK
2026-03-16 17:02:27 [http-nio-8080-exec-17] DEBUG o.s.orm.jpa.JpaTransactionManager - Initiating transaction commit
2026-03-16 17:02:27 [http-nio-8080-exec-17] DEBUG o.s.orm.jpa.JpaTransactionManager - Committing JPA transaction on EntityManager [SessionImpl(1049646551<open>)]
2026-03-16 17:02:27 [http-nio-8080-exec-6] DEBUG o.s.orm.jpa.JpaTransactionManager - Initiating transaction commit
2026-03-16 17:02:27 [http-nio-8080-exec-6] DEBUG o.s.orm.jpa.JpaTransactionManager - Committing JPA transaction on EntityManager [SessionImpl(1312723783<open>)]
2026-03-16 17:02:27 [http-nio-8080-exec-11] DEBUG c.c.p.s.jwt.JwtAuthenticationFilter - >>> [JwtFilter] Processing request: GET /api/v1/admin/system/statistics/connect
2026-03-16 17:02:27 [http-nio-8080-exec-11] DEBUG c.c.p.s.jwt.JwtAuthenticationFilter - >>> [JwtFilter] Found token in header for path: /api/v1/admin/system/statistics/connect
2026-03-16 17:02:27 [http-nio-8080-exec-11] DEBUG o.s.orm.jpa.JpaTransactionManager - Creating new transaction with name [com.company.project.security.iam.CustomUserDetailsService.loadUserByUsername]: PROPAGATION_REQUIRED,ISOLATION_DEFAULT,readOnly
2026-03-16 17:02:27 [http-nio-8080-exec-11] DEBUG o.s.orm.jpa.JpaTransactionManager - Opened new EntityManager [SessionImpl(1352658755<open>)] for JPA transaction
2026-03-16 17:02:27 [http-nio-8080-exec-11] DEBUG o.s.orm.jpa.JpaTransactionManager - Exposing JPA transaction as JDBC [org.springframework.orm.jpa.vendor.HibernateJpaDialect$HibernateConnectionHandle@1320fd61]
2026-03-16 17:02:27 [http-nio-8080-exec-11] DEBUG o.s.orm.jpa.JpaTransactionManager - Found thread-bound EntityManager [SessionImpl(1352658755<open>)] for JPA transaction
2026-03-16 17:02:27 [http-nio-8080-exec-11] DEBUG o.s.orm.jpa.JpaTransactionManager - Participating in existing transaction
2026-03-16 17:02:27 [http-nio-8080-exec-11] DEBUG org.hibernate.SQL - select u1_0.emplyr_id,u1_0.area_no,u1_0.brthdy,u1_0.chg_pwd_cnt,u1_0.frst_register_id,u1_0.frst_regist_pnttm,u1_0.detail_adres,u1_0.email_adres,u1_0.emplyr_sttus_code,u1_0.empl_no,u1_0.esntl_id,u1_0.fxnum,u1_0.group_id,u1_0.house_adres,u1_0.house_end_telno,u1_0.house_middle_telno,u1_0.ihidnum,u1_0.pstinst_code,u1_0.last_updusr_id,u1_0.last_updt_pnttm,u1_0.lock_at,u1_0.lock_cnt,u1_0.lock_last_pnttm,u1_0.mbtlnum,u1_0.ofcps_nm,u1_0.offm_telno,u1_0.orgnzt_id,u1_0.password,u1_0.password_cnsr,u1_0.password_hint,u1_0.chg_pwd_last_pnttm,u1_0.role,u1_0.sbscrb_de,u1_0.sexdstn_code,u1_0.crtfc_dn_value,u1_0.user_nm,u1_0.zip from nemplyrinfo u1_0 where u1_0.emplyr_id=?
2026-03-16 17:02:27 [http-nio-8080-exec-13] DEBUG o.s.orm.jpa.JpaTransactionManager - Initiating transaction commit
2026-03-16 17:02:27 [http-nio-8080-exec-13] DEBUG o.s.orm.jpa.JpaTransactionManager - Committing JPA transaction on EntityManager [SessionImpl(1412641741<open>)]
2026-03-16 17:02:27 [http-nio-8080-exec-9] DEBUG o.s.orm.jpa.JpaTransactionManager - Closing JPA EntityManager [SessionImpl(1942803828<open>)] after transaction
2026-03-16 17:02:27 [http-nio-8080-exec-9] DEBUG o.s.w.s.m.m.a.HttpEntityMethodProcessor - Using 'application/json', given [application/json, text/plain, */*] and supported [application/json, application/*+json, application/yaml]
2026-03-16 17:02:27 [http-nio-8080-exec-9] TRACE o.s.w.s.m.m.a.HttpEntityMethodProcessor - Writing [ApiResponse[success=true, status=200, code=COMMON_001, message=Success, data=0, timestamp=2026-03-16T17:02:27.505076400]]
2026-03-16 17:02:27 [http-nio-8080-exec-9] INFO  c.c.p.a.i.OperationalAuditInterceptor - API Audit Log: URL=/api/v1/notifications/unread-count, User=webmaster, IP=127.0.0.1
2026-03-16 17:02:27 [http-nio-8080-exec-9] DEBUG o.s.web.servlet.DispatcherServlet - Completed 200 OK
2026-03-16 17:02:27 [http-nio-8080-exec-17] DEBUG o.s.orm.jpa.JpaTransactionManager - Closing JPA EntityManager [SessionImpl(1049646551<open>)] after transaction
2026-03-16 17:02:27 [http-nio-8080-exec-17] INFO  c.c.p.a.c.menu.MenuController - getLeftMenu returned 3 items
2026-03-16 17:02:27 [http-nio-8080-exec-17] DEBUG o.s.w.s.m.m.a.HttpEntityMethodProcessor - Using 'application/json', given [application/json, text/plain, */*] and supported [application/json, application/*+json, application/yaml]
2026-03-16 17:02:27 [http-nio-8080-exec-17] TRACE o.s.w.s.m.m.a.HttpEntityMethodProcessor - Writing [ApiResponse[success=true, status=200, code=COMMON_001, message=Success, data={list=[com.company.project.service.menu.dto.MenuDto@10d3c161, com.company.project.service.menu.dto.MenuDto@559bf214, com.company.project.service.menu.dto.MenuDto@1f2d6ea]}, timestamp=2026-03-16T17:02:27.545208200]]
2026-03-16 17:02:27 [http-nio-8080-exec-17] INFO  c.c.p.a.i.OperationalAuditInterceptor - API Audit Log: URL=/api/v1/menu/left, User=webmaster, IP=127.0.0.1
2026-03-16 17:02:27 [http-nio-8080-exec-17] DEBUG o.s.web.servlet.DispatcherServlet - Completed 200 OK
2026-03-16 17:02:27 [http-nio-8080-exec-14] DEBUG c.c.p.s.jwt.JwtAuthenticationFilter - >>> [JwtFilter] Processing request: GET /api/v1/menu/left
2026-03-16 17:02:27 [http-nio-8080-exec-14] DEBUG c.c.p.s.jwt.JwtAuthenticationFilter - >>> [JwtFilter] Found token in header for path: /api/v1/menu/left
2026-03-16 17:02:27 [http-nio-8080-exec-14] DEBUG o.s.orm.jpa.JpaTransactionManager - Creating new transaction with name [com.company.project.security.iam.CustomUserDetailsService.loadUserByUsername]: PROPAGATION_REQUIRED,ISOLATION_DEFAULT,readOnly
2026-03-16 17:02:27 [http-nio-8080-exec-14] DEBUG o.s.orm.jpa.JpaTransactionManager - Opened new EntityManager [SessionImpl(1822153005<open>)] for JPA transaction
2026-03-16 17:02:27 [http-nio-8080-exec-14] DEBUG o.s.orm.jpa.JpaTransactionManager - Exposing JPA transaction as JDBC [org.springframework.orm.jpa.vendor.HibernateJpaDialect$HibernateConnectionHandle@4ec40932]
2026-03-16 17:02:27 [http-nio-8080-exec-14] DEBUG o.s.orm.jpa.JpaTransactionManager - Found thread-bound EntityManager [SessionImpl(1822153005<open>)] for JPA transaction
2026-03-16 17:02:27 [http-nio-8080-exec-14] DEBUG o.s.orm.jpa.JpaTransactionManager - Participating in existing transaction
2026-03-16 17:02:27 [http-nio-8080-exec-14] DEBUG org.hibernate.SQL - select u1_0.emplyr_id,u1_0.area_no,u1_0.brthdy,u1_0.chg_pwd_cnt,u1_0.frst_register_id,u1_0.frst_regist_pnttm,u1_0.detail_adres,u1_0.email_adres,u1_0.emplyr_sttus_code,u1_0.empl_no,u1_0.esntl_id,u1_0.fxnum,u1_0.group_id,u1_0.house_adres,u1_0.house_end_telno,u1_0.house_middle_telno,u1_0.ihidnum,u1_0.pstinst_code,u1_0.last_updusr_id,u1_0.last_updt_pnttm,u1_0.lock_at,u1_0.lock_cnt,u1_0.lock_last_pnttm,u1_0.mbtlnum,u1_0.ofcps_nm,u1_0.offm_telno,u1_0.orgnzt_id,u1_0.password,u1_0.password_cnsr,u1_0.password_hint,u1_0.chg_pwd_last_pnttm,u1_0.role,u1_0.sbscrb_de,u1_0.sexdstn_code,u1_0.crtfc_dn_value,u1_0.user_nm,u1_0.zip from nemplyrinfo u1_0 where u1_0.emplyr_id=?
2026-03-16 17:02:27 [http-nio-8080-exec-6] DEBUG o.s.orm.jpa.JpaTransactionManager - Closing JPA EntityManager [SessionImpl(1312723783<open>)] after transaction
2026-03-16 17:02:27 [http-nio-8080-exec-6] DEBUG o.s.w.s.m.m.a.HttpEntityMethodProcessor - Using 'application/json', given [application/json, text/plain, */*] and supported [application/json, application/*+json, application/yaml]
2026-03-16 17:02:27 [http-nio-8080-exec-6] TRACE o.s.w.s.m.m.a.HttpEntityMethodProcessor - Writing [ApiResponse[success=true, status=200, code=COMMON_001, message=Success, data=[], timestamp=2026-03-16T17:02:27.573418100]]
2026-03-16 17:02:27 [http-nio-8080-exec-6] INFO  c.c.p.a.i.OperationalAuditInterceptor - API Audit Log: URL=/api/v1/popups/active, User=webmaster, IP=127.0.0.1
2026-03-16 17:02:27 [http-nio-8080-exec-6] DEBUG o.s.web.servlet.DispatcherServlet - Completed 200 OK
2026-03-16 17:02:27 [http-nio-8080-exec-11] DEBUG o.s.orm.jpa.JpaTransactionManager - Found thread-bound EntityManager [SessionImpl(1352658755<open>)] for JPA transaction
2026-03-16 17:02:27 [http-nio-8080-exec-11] DEBUG o.s.orm.jpa.JpaTransactionManager - Participating in existing transaction
2026-03-16 17:02:27 [http-nio-8080-exec-11] DEBUG org.hibernate.SQL - select ua1_0.scrty_dtrmn_trget_id,ua1_0.author_code,ua1_0.frst_register_id,ua1_0.frst_regist_pnttm,ua1_0.last_updusr_id,ua1_0.last_updt_pnttm,ua1_0.mber_ty_code from nemplyrscrtyestbs ua1_0 where ua1_0.scrty_dtrmn_trget_id=?
2026-03-16 17:02:27 [http-nio-8080-exec-13] DEBUG o.s.orm.jpa.JpaTransactionManager - Closing JPA EntityManager [SessionImpl(1412641741<open>)] after transaction
2026-03-16 17:02:27 [http-nio-8080-exec-13] DEBUG o.s.w.s.m.m.a.HttpEntityMethodProcessor - Using 'application/json', given [application/json, text/plain, */*] and supported [application/json, application/*+json, application/yaml]
2026-03-16 17:02:27 [http-nio-8080-exec-13] TRACE o.s.w.s.m.m.a.HttpEntityMethodProcessor - Writing [ApiResponse[success=true, status=200, code=COMMON_001, message=Success, data=[], timestamp=2026-03-16T17:02:27.638504400]]
2026-03-16 17:02:27 [http-nio-8080-exec-13] INFO  c.c.p.a.i.OperationalAuditInterceptor - API Audit Log: URL=/api/v1/admin/system/banners/reflected, User=webmaster, IP=127.0.0.1
2026-03-16 17:02:27 [http-nio-8080-exec-13] DEBUG o.s.web.servlet.DispatcherServlet - Completed 200 OK
2026-03-16 17:02:27 [http-nio-8080-exec-14] DEBUG o.s.orm.jpa.JpaTransactionManager - Found thread-bound EntityManager [SessionImpl(1822153005<open>)] for JPA transaction
2026-03-16 17:02:27 [http-nio-8080-exec-14] DEBUG o.s.orm.jpa.JpaTransactionManager - Participating in existing transaction
2026-03-16 17:02:27 [http-nio-8080-exec-14] DEBUG org.hibernate.SQL - select ua1_0.scrty_dtrmn_trget_id,ua1_0.author_code,ua1_0.frst_register_id,ua1_0.frst_regist_pnttm,ua1_0.last_updusr_id,ua1_0.last_updt_pnttm,ua1_0.mber_ty_code from nemplyrscrtyestbs ua1_0 where ua1_0.scrty_dtrmn_trget_id=?
2026-03-16 17:02:27 [http-nio-8080-exec-11] DEBUG o.s.orm.jpa.JpaTransactionManager - Initiating transaction commit
2026-03-16 17:02:27 [http-nio-8080-exec-11] DEBUG o.s.orm.jpa.JpaTransactionManager - Committing JPA transaction on EntityManager [SessionImpl(1352658755<open>)]
2026-03-16 17:02:27 [http-nio-8080-exec-14] DEBUG o.s.orm.jpa.JpaTransactionManager - Initiating transaction commit
2026-03-16 17:02:27 [http-nio-8080-exec-14] DEBUG o.s.orm.jpa.JpaTransactionManager - Committing JPA transaction on EntityManager [SessionImpl(1822153005<open>)]
2026-03-16 17:02:27 [http-nio-8080-exec-18] DEBUG c.c.p.s.jwt.JwtAuthenticationFilter - >>> [JwtFilter] Processing request: GET /api/v1/admin/system/statistics/bbs
2026-03-16 17:02:27 [http-nio-8080-exec-18] DEBUG c.c.p.s.jwt.JwtAuthenticationFilter - >>> [JwtFilter] Found token in header for path: /api/v1/admin/system/statistics/bbs
2026-03-16 17:02:27 [http-nio-8080-exec-18] DEBUG o.s.orm.jpa.JpaTransactionManager - Creating new transaction with name [com.company.project.security.iam.CustomUserDetailsService.loadUserByUsername]: PROPAGATION_REQUIRED,ISOLATION_DEFAULT,readOnly
2026-03-16 17:02:27 [http-nio-8080-exec-18] DEBUG o.s.orm.jpa.JpaTransactionManager - Opened new EntityManager [SessionImpl(2001970103<open>)] for JPA transaction
2026-03-16 17:02:27 [http-nio-8080-exec-18] DEBUG o.s.orm.jpa.JpaTransactionManager - Exposing JPA transaction as JDBC [org.springframework.orm.jpa.vendor.HibernateJpaDialect$HibernateConnectionHandle@2b1bad62]
2026-03-16 17:02:27 [http-nio-8080-exec-18] DEBUG o.s.orm.jpa.JpaTransactionManager - Found thread-bound EntityManager [SessionImpl(2001970103<open>)] for JPA transaction
2026-03-16 17:02:27 [http-nio-8080-exec-18] DEBUG o.s.orm.jpa.JpaTransactionManager - Participating in existing transaction
2026-03-16 17:02:27 [http-nio-8080-exec-18] DEBUG org.hibernate.SQL - select u1_0.emplyr_id,u1_0.area_no,u1_0.brthdy,u1_0.chg_pwd_cnt,u1_0.frst_register_id,u1_0.frst_regist_pnttm,u1_0.detail_adres,u1_0.email_adres,u1_0.emplyr_sttus_code,u1_0.empl_no,u1_0.esntl_id,u1_0.fxnum,u1_0.group_id,u1_0.house_adres,u1_0.house_end_telno,u1_0.house_middle_telno,u1_0.ihidnum,u1_0.pstinst_code,u1_0.last_updusr_id,u1_0.last_updt_pnttm,u1_0.lock_at,u1_0.lock_cnt,u1_0.lock_last_pnttm,u1_0.mbtlnum,u1_0.ofcps_nm,u1_0.offm_telno,u1_0.orgnzt_id,u1_0.password,u1_0.password_cnsr,u1_0.password_hint,u1_0.chg_pwd_last_pnttm,u1_0.role,u1_0.sbscrb_de,u1_0.sexdstn_code,u1_0.crtfc_dn_value,u1_0.user_nm,u1_0.zip from nemplyrinfo u1_0 where u1_0.emplyr_id=?
2026-03-16 17:02:27 [http-nio-8080-exec-11] DEBUG o.s.orm.jpa.JpaTransactionManager - Closing JPA EntityManager [SessionImpl(1352658755<open>)] after transaction
2026-03-16 17:02:27 [http-nio-8080-exec-11] DEBUG c.c.p.s.jwt.JwtAuthenticationFilter - >>> [JwtFilter] Successfully authenticated user: USRCNFRM_99999999999, Authorities: [ROLE_ADMIN]
2026-03-16 17:02:27 [http-nio-8080-exec-11] DEBUG o.s.web.servlet.DispatcherServlet - GET "/api/v1/admin/system/statistics/connect?statsKind=SERVICE", parameters={masked}
2026-03-16 17:02:27 [http-nio-8080-exec-11] DEBUG o.s.w.s.h.SimpleUrlHandlerMapping - Mapped to ResourceHttpRequestHandler [classpath [META-INF/resources/], classpath [resources/], classpath [static/], classpath [public/], ServletContext [/]]
2026-03-16 17:02:27 [http-nio-8080-exec-11] DEBUG o.s.w.s.r.ResourceHttpRequestHandler - Resource not found
2026-03-16 17:02:27 [http-nio-8080-exec-11] DEBUG o.s.w.s.m.m.a.ExceptionHandlerExceptionResolver - Using @ExceptionHandler com.company.project.core.exception.GlobalExceptionHandler#handleException(Exception)
2026-03-16 17:02:27 [http-nio-8080-exec-11] ERROR c.c.p.c.e.GlobalExceptionHandler - >>> Internal Server Error: No static resource api/v1/admin/system/statistics/connect.
org.springframework.web.servlet.resource.NoResourceFoundException: No static resource api/v1/admin/system/statistics/connect.
	at org.springframework.web.servlet.resource.ResourceHttpRequestHandler.handleRequest(ResourceHttpRequestHandler.java:585)
	at org.springframework.web.servlet.mvc.HttpRequestHandlerAdapter.handle(HttpRequestHandlerAdapter.java:52)
	at org.springframework.web.servlet.DispatcherServlet.doDispatch(DispatcherServlet.java:1088)
	at org.springframework.web.servlet.DispatcherServlet.doService(DispatcherServlet.java:978)
	at org.springframework.web.servlet.FrameworkServlet.processRequest(FrameworkServlet.java:1014)
	at org.springframework.web.servlet.FrameworkServlet.doGet(FrameworkServlet.java:903)
	at jakarta.servlet.http.HttpServlet.service(HttpServlet.java:527)
	at org.springframework.web.servlet.FrameworkServlet.service(FrameworkServlet.java:885)
	at jakarta.servlet.http.HttpServlet.service(HttpServlet.java:614)
	at org.apache.catalina.core.ApplicationFilterChain.internalDoFilter(ApplicationFilterChain.java:195)
	at org.apache.catalina.core.ApplicationFilterChain.doFilter(ApplicationFilterChain.java:140)
	at org.apache.tomcat.websocket.server.WsFilter.doFilter(WsFilter.java:51)
	at org.apache.catalina.core.ApplicationFilterChain.internalDoFilter(ApplicationFilterChain.java:164)
	at org.apache.catalina.core.ApplicationFilterChain.doFilter(ApplicationFilterChain.java:140)
	at org.springframework.web.filter.CompositeFilter$VirtualFilterChain.doFilter(CompositeFilter.java:108)
	at org.springframework.security.web.FilterChainProxy.lambda$doFilterInternal$3(FilterChainProxy.java:231)
	at org.springframework.security.web.ObservationFilterChainDecorator$FilterObservation$SimpleFilterObservation.lambda$wrap$1(ObservationFilterChainDecorator.java:479)
	at org.springframework.security.web.ObservationFilterChainDecorator$AroundFilterObservation$SimpleAroundFilterObservation.lambda$wrap$1(ObservationFilterChainDecorator.java:340)
	at org.springframework.security.web.ObservationFilterChainDecorator.lambda$wrapSecured$0(ObservationFilterChainDecorator.java:82)
	at org.springframework.security.web.ObservationFilterChainDecorator$VirtualFilterChain.doFilter(ObservationFilterChainDecorator.java:128)
	at org.springframework.security.web.access.intercept.AuthorizationFilter.doFilter(AuthorizationFilter.java:101)
	at org.springframework.security.web.ObservationFilterChainDecorator$ObservationFilter.wrapFilter(ObservationFilterChainDecorator.java:240)
	at org.springframework.security.web.ObservationFilterChainDecorator$ObservationFilter.doFilter(ObservationFilterChainDecorator.java:227)
	at org.springframework.security.web.ObservationFilterChainDecorator$VirtualFilterChain.doFilter(ObservationFilterChainDecorator.java:137)
	at org.springframework.security.web.access.ExceptionTranslationFilter.doFilter(ExceptionTranslationFilter.java:126)
	at org.springframework.security.web.access.ExceptionTranslationFilter.doFilter(ExceptionTranslationFilter.java:120)
	at org.springframework.security.web.ObservationFilterChainDecorator$ObservationFilter.wrapFilter(ObservationFilterChainDecorator.java:240)
	at org.springframework.security.web.ObservationFilterChainDecorator$ObservationFilter.doFilter(ObservationFilterChainDecorator.java:227)
	at org.springframework.security.web.ObservationFilterChainDecorator$VirtualFilterChain.doFilter(ObservationFilterChainDecorator.java:137)
	at org.springframework.security.web.session.SessionManagementFilter.doFilter(SessionManagementFilter.java:131)
	at org.springframework.security.web.session.SessionManagementFilter.doFilter(SessionManagementFilter.java:85)
	at org.springframework.security.web.ObservationFilterChainDecorator$ObservationFilter.wrapFilter(ObservationFilterChainDecorator.java:240)
	at org.springframework.security.web.ObservationFilterChainDecorator$ObservationFilter.doFilter(ObservationFilterChainDecorator.java:227)
	at org.springframework.security.web.ObservationFilterChainDecorator$VirtualFilterChain.doFilter(ObservationFilterChainDecorator.java:137)
	at org.springframework.security.web.authentication.AnonymousAuthenticationFilter.doFilter(AnonymousAuthenticationFilter.java:100)
	at org.springframework.security.web.ObservationFilterChainDecorator$ObservationFilter.wrapFilter(ObservationFilterChainDecorator.java:240)
	at org.springframework.security.web.ObservationFilterChainDecorator$ObservationFilter.doFilter(ObservationFilterChainDecorator.java:227)
	at org.springframework.security.web.ObservationFilterChainDecorator$VirtualFilterChain.doFilter(ObservationFilterChainDecorator.java:137)
	at org.springframework.security.web.servletapi.SecurityContextHolderAwareRequestFilter.doFilter(SecurityContextHolderAwareRequestFilter.java:179)
	at org.springframework.security.web.ObservationFilterChainDecorator$ObservationFilter.wrapFilter(ObservationFilterChainDecorator.java:240)
	at org.springframework.security.web.ObservationFilterChainDecorator$ObservationFilter.doFilter(ObservationFilterChainDecorator.java:227)
	at org.springframework.security.web.ObservationFilterChainDecorator$VirtualFilterChain.doFilter(ObservationFilterChainDecorator.java:137)
	at org.springframework.security.web.savedrequest.RequestCacheAwareFilter.doFilter(RequestCacheAwareFilter.java:63)
	at org.springframework.security.web.ObservationFilterChainDecorator$ObservationFilter.wrapFilter(ObservationFilterChainDecorator.java:240)
	at org.springframework.security.web.ObservationFilterChainDecorator$ObservationFilter.doFilter(ObservationFilterChainDecorator.java:227)
	at org.springframework.security.web.ObservationFilterChainDecorator$VirtualFilterChain.doFilter(ObservationFilterChainDecorator.java:137)
	at com.company.project.security.jwt.JwtAuthenticationFilter.doFilterInternal(JwtAuthenticationFilter.java:52)
	at org.springframework.web.filter.OncePerRequestFilter.doFilter(OncePerRequestFilter.java:116)
	at org.springframework.security.web.ObservationFilterChainDecorator$ObservationFilter.wrapFilter(ObservationFilterChainDecorator.java:240)
	at org.springframework.security.web.ObservationFilterChainDecorator$ObservationFilter.doFilter(ObservationFilterChainDecorator.java:227)
	at org.springframework.security.web.ObservationFilterChainDecorator$VirtualFilterChain.doFilter(ObservationFilterChainDecorator.java:137)
	at org.springframework.security.web.authentication.logout.LogoutFilter.doFilter(LogoutFilter.java:107)
	at org.springframework.security.web.authentication.logout.LogoutFilter.doFilter(LogoutFilter.java:93)
	at org.springframework.security.web.ObservationFilterChainDecorator$ObservationFilter.wrapFilter(ObservationFilterChainDecorator.java:240)
	at org.springframework.security.web.ObservationFilterChainDecorator$ObservationFilter.doFilter(ObservationFilterChainDecorator.java:227)
	at org.springframework.security.web.ObservationFilterChainDecorator$VirtualFilterChain.doFilter(ObservationFilterChainDecorator.java:137)
	at org.springframework.web.filter.CorsFilter.doFilterInternal(CorsFilter.java:91)
	at org.springframework.web.filter.OncePerRequestFilter.doFilter(OncePerRequestFilter.java:116)
	at org.springframework.security.web.ObservationFilterChainDecorator$ObservationFilter.wrapFilter(ObservationFilterChainDecorator.java:240)
	at org.springframework.security.web.ObservationFilterChainDecorator$ObservationFilter.doFilter(ObservationFilterChainDecorator.java:227)
	at org.springframework.security.web.ObservationFilterChainDecorator$VirtualFilterChain.doFilter(ObservationFilterChainDecorator.java:137)
	at org.springframework.security.web.header.HeaderWriterFilter.doHeadersAfter(HeaderWriterFilter.java:90)
	at org.springframework.security.web.header.HeaderWriterFilter.doFilterInternal(HeaderWriterFilter.java:75)
	at org.springframework.web.filter.OncePerRequestFilter.doFilter(OncePerRequestFilter.java:116)
	at org.springframework.security.web.ObservationFilterChainDecorator$ObservationFilter.wrapFilter(ObservationFilterChainDecorator.java:240)
	at org.springframework.security.web.ObservationFilterChainDecorator$ObservationFilter.doFilter(ObservationFilterChainDecorator.java:227)
	at org.springframework.security.web.ObservationFilterChainDecorator$VirtualFilterChain.doFilter(ObservationFilterChainDecorator.java:137)
	at org.springframework.security.web.context.SecurityContextHolderFilter.doFilter(SecurityContextHolderFilter.java:82)
	at org.springframework.security.web.context.SecurityContextHolderFilter.doFilter(SecurityContextHolderFilter.java:69)
	at org.springframework.security.web.ObservationFilterChainDecorator$ObservationFilter.wrapFilter(ObservationFilterChainDecorator.java:240)
	at org.springframework.security.web.ObservationFilterChainDecorator$ObservationFilter.doFilter(ObservationFilterChainDecorator.java:227)
	at org.springframework.security.web.ObservationFilterChainDecorator$VirtualFilterChain.doFilter(ObservationFilterChainDecorator.java:137)
	at org.springframework.security.web.context.request.async.WebAsyncManagerIntegrationFilter.doFilterInternal(WebAsyncManagerIntegrationFilter.java:62)
	at org.springframework.web.filter.OncePerRequestFilter.doFilter(OncePerRequestFilter.java:116)
	at org.springframework.security.web.ObservationFilterChainDecorator$ObservationFilter.wrapFilter(ObservationFilterChainDecorator.java:240)
	at org.springframework.security.web.ObservationFilterChainDecorator$ObservationFilter.doFilter(ObservationFilterChainDecorator.java:227)
	at org.springframework.security.web.ObservationFilterChainDecorator$VirtualFilterChain.doFilter(ObservationFilterChainDecorator.java:137)
	at org.springframework.security.web.session.DisableEncodeUrlFilter.doFilterInternal(DisableEncodeUrlFilter.java:42)
	at org.springframework.web.filter.OncePerRequestFilter.doFilter(OncePerRequestFilter.java:116)
	at org.springframework.security.web.ObservationFilterChainDecorator$ObservationFilter.wrapFilter(ObservationFilterChainDecorator.java:240)
	at org.springframework.security.web.ObservationFilterChainDecorator$AroundFilterObservation$SimpleAroundFilterObservation.lambda$wrap$0(ObservationFilterChainDecorator.java:323)
	at org.springframework.security.web.ObservationFilterChainDecorator$ObservationFilter.doFilter(ObservationFilterChainDecorator.java:224)
	at org.springframework.security.web.ObservationFilterChainDecorator$VirtualFilterChain.doFilter(ObservationFilterChainDecorator.java:137)
	at org.springframework.security.web.FilterChainProxy.doFilterInternal(FilterChainProxy.java:233)
	at org.springframework.security.web.FilterChainProxy.doFilter(FilterChainProxy.java:191)
	at org.springframework.web.filter.CompositeFilter$VirtualFilterChain.doFilter(CompositeFilter.java:113)
	at org.springframework.web.servlet.handler.HandlerMappingIntrospector.lambda$createCacheFilter$3(HandlerMappingIntrospector.java:243)
	at org.springframework.web.filter.CompositeFilter$VirtualFilterChain.doFilter(CompositeFilter.java:113)
	at org.springframework.web.filter.CompositeFilter.doFilter(CompositeFilter.java:74)
	at org.springframework.security.config.annotation.web.configuration.WebMvcSecurityConfiguration$CompositeFilterChainProxy.doFilter(WebMvcSecurityConfiguration.java:238)
	at org.springframework.web.filter.DelegatingFilterProxy.invokeDelegate(DelegatingFilterProxy.java:362)
	at org.springframework.web.filter.DelegatingFilterProxy.doFilter(DelegatingFilterProxy.java:278)
	at org.apache.catalina.core.ApplicationFilterChain.internalDoFilter(ApplicationFilterChain.java:164)
	at org.apache.catalina.core.ApplicationFilterChain.doFilter(ApplicationFilterChain.java:140)
	at org.springframework.web.filter.RequestContextFilter.doFilterInternal(RequestContextFilter.java:100)
	at org.springframework.web.filter.OncePerRequestFilter.doFilter(OncePerRequestFilter.java:116)
	at org.apache.catalina.core.ApplicationFilterChain.internalDoFilter(ApplicationFilterChain.java:164)
	at org.apache.catalina.core.ApplicationFilterChain.doFilter(ApplicationFilterChain.java:140)
	at org.springframework.web.filter.FormContentFilter.doFilterInternal(FormContentFilter.java:93)
	at org.springframework.web.filter.OncePerRequestFilter.doFilter(OncePerRequestFilter.java:116)
	at org.apache.catalina.core.ApplicationFilterChain.internalDoFilter(ApplicationFilterChain.java:164)
	at org.apache.catalina.core.ApplicationFilterChain.doFilter(ApplicationFilterChain.java:140)
	at org.springframework.web.filter.ServerHttpObservationFilter.doFilterInternal(ServerHttpObservationFilter.java:114)
	at org.springframework.web.filter.OncePerRequestFilter.doFilter(OncePerRequestFilter.java:116)
	at org.apache.catalina.core.ApplicationFilterChain.internalDoFilter(ApplicationFilterChain.java:164)
	at org.apache.catalina.core.ApplicationFilterChain.doFilter(ApplicationFilterChain.java:140)
	at org.springframework.web.filter.CharacterEncodingFilter.doFilterInternal(CharacterEncodingFilter.java:201)
	at org.springframework.web.filter.OncePerRequestFilter.doFilter(OncePerRequestFilter.java:116)
	at org.apache.catalina.core.ApplicationFilterChain.internalDoFilter(ApplicationFilterChain.java:164)
	at org.apache.catalina.core.ApplicationFilterChain.doFilter(ApplicationFilterChain.java:140)
	at org.apache.catalina.core.StandardWrapperValve.invoke(StandardWrapperValve.java:167)
	at org.apache.catalina.core.StandardContextValve.invoke(StandardContextValve.java:90)
	at org.apache.catalina.authenticator.AuthenticatorBase.invoke(AuthenticatorBase.java:483)
	at org.apache.catalina.core.StandardHostValve.invoke(StandardHostValve.java:115)
	at org.apache.catalina.valves.ErrorReportValve.invoke(ErrorReportValve.java:93)
	at org.apache.catalina.core.StandardEngineValve.invoke(StandardEngineValve.java:74)
	at org.apache.catalina.connector.CoyoteAdapter.service(CoyoteAdapter.java:344)
	at org.apache.coyote.http11.Http11Processor.service(Http11Processor.java:397)
	at org.apache.coyote.AbstractProcessorLight.process(AbstractProcessorLight.java:63)
	at org.apache.coyote.AbstractProtocol$ConnectionHandler.process(AbstractProtocol.java:905)
	at org.apache.tomcat.util.net.NioEndpoint$SocketProcessor.doRun(NioEndpoint.java:1741)
	at org.apache.tomcat.util.net.SocketProcessorBase.run(SocketProcessorBase.java:52)
	at org.apache.tomcat.util.threads.ThreadPoolExecutor.runWorker(ThreadPoolExecutor.java:1190)
	at org.apache.tomcat.util.threads.ThreadPoolExecutor$Worker.run(ThreadPoolExecutor.java:659)
	at org.apache.tomcat.util.threads.TaskThread$WrappingRunnable.run(TaskThread.java:63)
	at java.base/java.lang.Thread.run(Thread.java:1583)
2026-03-16 17:02:27 [http-nio-8080-exec-11] DEBUG o.s.w.s.m.m.a.HttpEntityMethodProcessor - Using 'application/json', given [application/json, text/plain, */*] and supported [application/json, application/*+json, application/yaml]
2026-03-16 17:02:27 [http-nio-8080-exec-11] TRACE o.s.w.s.m.m.a.HttpEntityMethodProcessor - Writing [ApiResponse[success=false, status=500, code=C004, message=예기치 않은 서버 오류가 발생했습니다., data=null, timestamp=2026-03-16T17:02:27.899815100]]
2026-03-16 17:02:27 [http-nio-8080-exec-11] DEBUG o.s.w.s.m.m.a.ExceptionHandlerExceptionResolver - Resolved [org.springframework.web.servlet.resource.NoResourceFoundException: No static resource api/v1/admin/system/statistics/connect.]
2026-03-16 17:02:27 [http-nio-8080-exec-11] DEBUG o.s.web.servlet.DispatcherServlet - Completed 500 INTERNAL_SERVER_ERROR
2026-03-16 17:02:28 [http-nio-8080-exec-14] DEBUG o.s.orm.jpa.JpaTransactionManager - Closing JPA EntityManager [SessionImpl(1822153005<open>)] after transaction
2026-03-16 17:02:28 [http-nio-8080-exec-14] DEBUG c.c.p.s.jwt.JwtAuthenticationFilter - >>> [JwtFilter] Successfully authenticated user: USRCNFRM_99999999999, Authorities: [ROLE_ADMIN]
2026-03-16 17:02:28 [http-nio-8080-exec-14] DEBUG o.s.web.servlet.DispatcherServlet - GET "/api/v1/menu/left?menuNo=40", parameters={masked}
2026-03-16 17:02:28 [http-nio-8080-exec-14] TRACE o.s.w.s.m.m.a.RequestMappingHandlerMapping - Mapped to com.company.project.api.controller.menu.MenuController#getLeftMenu(Long)
2026-03-16 17:02:28 [http-nio-8080-exec-14] INFO  c.c.p.a.c.menu.MenuController - getLeftMenu called with menuNo=40
2026-03-16 17:02:28 [http-nio-8080-exec-14] DEBUG o.s.orm.jpa.JpaTransactionManager - Creating new transaction with name [com.company.project.service.menu.MenuService.getSubMenus]: PROPAGATION_REQUIRED,ISOLATION_DEFAULT,readOnly
2026-03-16 17:02:28 [http-nio-8080-exec-14] DEBUG o.s.orm.jpa.JpaTransactionManager - Opened new EntityManager [SessionImpl(1244420685<open>)] for JPA transaction
2026-03-16 17:02:28 [http-nio-8080-exec-14] DEBUG o.s.orm.jpa.JpaTransactionManager - Exposing JPA transaction as JDBC [org.springframework.orm.jpa.vendor.HibernateJpaDialect$HibernateConnectionHandle@3e3dcbf9]
2026-03-16 17:02:28 [http-nio-8080-exec-14] DEBUG org.hibernate.SQL - select m1_0.menu_no,m1_0.menu_dc,m1_0.menu_nm,m1_0.menu_ordr,m1_0.modern_route,m1_0.progrm_file_nm,m1_0.relate_image_nm,m1_0.relate_image_path,m1_0.route_updated_at,m1_0.upper_menu_no from nmenuinfo m1_0 order by m1_0.upper_menu_no,m1_0.menu_ordr
2026-03-16 17:02:28 [http-nio-8080-exec-18] DEBUG o.s.orm.jpa.JpaTransactionManager - Found thread-bound EntityManager [SessionImpl(2001970103<open>)] for JPA transaction
2026-03-16 17:02:28 [http-nio-8080-exec-18] DEBUG o.s.orm.jpa.JpaTransactionManager - Participating in existing transaction
2026-03-16 17:02:28 [http-nio-8080-exec-18] DEBUG org.hibernate.SQL - select ua1_0.scrty_dtrmn_trget_id,ua1_0.author_code,ua1_0.frst_register_id,ua1_0.frst_regist_pnttm,ua1_0.last_updusr_id,ua1_0.last_updt_pnttm,ua1_0.mber_ty_code from nemplyrscrtyestbs ua1_0 where ua1_0.scrty_dtrmn_trget_id=?
2026-03-16 17:02:28 [http-nio-8080-exec-18] DEBUG o.s.orm.jpa.JpaTransactionManager - Initiating transaction commit
2026-03-16 17:02:28 [http-nio-8080-exec-18] DEBUG o.s.orm.jpa.JpaTransactionManager - Committing JPA transaction on EntityManager [SessionImpl(2001970103<open>)]
2026-03-16 17:02:28 [http-nio-8080-exec-14] DEBUG o.s.orm.jpa.JpaTransactionManager - Found thread-bound EntityManager [SessionImpl(1244420685<open>)] for JPA transaction
2026-03-16 17:02:28 [http-nio-8080-exec-14] DEBUG o.s.orm.jpa.JpaTransactionManager - Participating in existing transaction
2026-03-16 17:02:28 [http-nio-8080-exec-14] DEBUG org.hibernate.SQL - select p1_0.progrm_file_nm,p1_0.progrm_dc,p1_0.progrm_korean_nm,p1_0.progrm_stre_path,p1_0.url from nprogrmlist p1_0
2026-03-16 17:02:28 [http-nio-8080-exec-18] DEBUG o.s.orm.jpa.JpaTransactionManager - Closing JPA EntityManager [SessionImpl(2001970103<open>)] after transaction
2026-03-16 17:02:28 [http-nio-8080-exec-18] DEBUG c.c.p.s.jwt.JwtAuthenticationFilter - >>> [JwtFilter] Successfully authenticated user: USRCNFRM_99999999999, Authorities: [ROLE_ADMIN]
2026-03-16 17:02:28 [http-nio-8080-exec-18] DEBUG o.s.web.servlet.DispatcherServlet - GET "/api/v1/admin/system/statistics/bbs?statsKind=COM101", parameters={masked}
2026-03-16 17:02:28 [http-nio-8080-exec-18] DEBUG o.s.w.s.h.SimpleUrlHandlerMapping - Mapped to ResourceHttpRequestHandler [classpath [META-INF/resources/], classpath [resources/], classpath [static/], classpath [public/], ServletContext [/]]
2026-03-16 17:02:28 [http-nio-8080-exec-18] DEBUG o.s.w.s.r.ResourceHttpRequestHandler - Resource not found
2026-03-16 17:02:28 [http-nio-8080-exec-18] DEBUG o.s.w.s.m.m.a.ExceptionHandlerExceptionResolver - Using @ExceptionHandler com.company.project.core.exception.GlobalExceptionHandler#handleException(Exception)
2026-03-16 17:02:28 [http-nio-8080-exec-18] ERROR c.c.p.c.e.GlobalExceptionHandler - >>> Internal Server Error: No static resource api/v1/admin/system/statistics/bbs.
org.springframework.web.servlet.resource.NoResourceFoundException: No static resource api/v1/admin/system/statistics/bbs.
	at org.springframework.web.servlet.resource.ResourceHttpRequestHandler.handleRequest(ResourceHttpRequestHandler.java:585)
	at org.springframework.web.servlet.mvc.HttpRequestHandlerAdapter.handle(HttpRequestHandlerAdapter.java:52)
	at org.springframework.web.servlet.DispatcherServlet.doDispatch(DispatcherServlet.java:1088)
	at org.springframework.web.servlet.DispatcherServlet.doService(DispatcherServlet.java:978)
	at org.springframework.web.servlet.FrameworkServlet.processRequest(FrameworkServlet.java:1014)
	at org.springframework.web.servlet.FrameworkServlet.doGet(FrameworkServlet.java:903)
	at jakarta.servlet.http.HttpServlet.service(HttpServlet.java:527)
	at org.springframework.web.servlet.FrameworkServlet.service(FrameworkServlet.java:885)
	at jakarta.servlet.http.HttpServlet.service(HttpServlet.java:614)
	at org.apache.catalina.core.ApplicationFilterChain.internalDoFilter(ApplicationFilterChain.java:195)
	at org.apache.catalina.core.ApplicationFilterChain.doFilter(ApplicationFilterChain.java:140)
	at org.apache.tomcat.websocket.server.WsFilter.doFilter(WsFilter.java:51)
	at org.apache.catalina.core.ApplicationFilterChain.internalDoFilter(ApplicationFilterChain.java:164)
	at org.apache.catalina.core.ApplicationFilterChain.doFilter(ApplicationFilterChain.java:140)
	at org.springframework.web.filter.CompositeFilter$VirtualFilterChain.doFilter(CompositeFilter.java:108)
	at org.springframework.security.web.FilterChainProxy.lambda$doFilterInternal$3(FilterChainProxy.java:231)
	at org.springframework.security.web.ObservationFilterChainDecorator$FilterObservation$SimpleFilterObservation.lambda$wrap$1(ObservationFilterChainDecorator.java:479)
	at org.springframework.security.web.ObservationFilterChainDecorator$AroundFilterObservation$SimpleAroundFilterObservation.lambda$wrap$1(ObservationFilterChainDecorator.java:340)
	at org.springframework.security.web.ObservationFilterChainDecorator.lambda$wrapSecured$0(ObservationFilterChainDecorator.java:82)
	at org.springframework.security.web.ObservationFilterChainDecorator$VirtualFilterChain.doFilter(ObservationFilterChainDecorator.java:128)
	at org.springframework.security.web.access.intercept.AuthorizationFilter.doFilter(AuthorizationFilter.java:101)
	at org.springframework.security.web.ObservationFilterChainDecorator$ObservationFilter.wrapFilter(ObservationFilterChainDecorator.java:240)
	at org.springframework.security.web.ObservationFilterChainDecorator$ObservationFilter.doFilter(ObservationFilterChainDecorator.java:227)
	at org.springframework.security.web.ObservationFilterChainDecorator$VirtualFilterChain.doFilter(ObservationFilterChainDecorator.java:137)
	at org.springframework.security.web.access.ExceptionTranslationFilter.doFilter(ExceptionTranslationFilter.java:126)
	at org.springframework.security.web.access.ExceptionTranslationFilter.doFilter(ExceptionTranslationFilter.java:120)
	at org.springframework.security.web.ObservationFilterChainDecorator$ObservationFilter.wrapFilter(ObservationFilterChainDecorator.java:240)
	at org.springframework.security.web.ObservationFilterChainDecorator$ObservationFilter.doFilter(ObservationFilterChainDecorator.java:227)
	at org.springframework.security.web.ObservationFilterChainDecorator$VirtualFilterChain.doFilter(ObservationFilterChainDecorator.java:137)
	at org.springframework.security.web.session.SessionManagementFilter.doFilter(SessionManagementFilter.java:131)
	at org.springframework.security.web.session.SessionManagementFilter.doFilter(SessionManagementFilter.java:85)
	at org.springframework.security.web.ObservationFilterChainDecorator$ObservationFilter.wrapFilter(ObservationFilterChainDecorator.java:240)
	at org.springframework.security.web.ObservationFilterChainDecorator$ObservationFilter.doFilter(ObservationFilterChainDecorator.java:227)
	at org.springframework.security.web.ObservationFilterChainDecorator$VirtualFilterChain.doFilter(ObservationFilterChainDecorator.java:137)
	at org.springframework.security.web.authentication.AnonymousAuthenticationFilter.doFilter(AnonymousAuthenticationFilter.java:100)
	at org.springframework.security.web.ObservationFilterChainDecorator$ObservationFilter.wrapFilter(ObservationFilterChainDecorator.java:240)
	at org.springframework.security.web.ObservationFilterChainDecorator$ObservationFilter.doFilter(ObservationFilterChainDecorator.java:227)
	at org.springframework.security.web.ObservationFilterChainDecorator$VirtualFilterChain.doFilter(ObservationFilterChainDecorator.java:137)
	at org.springframework.security.web.servletapi.SecurityContextHolderAwareRequestFilter.doFilter(SecurityContextHolderAwareRequestFilter.java:179)
	at org.springframework.security.web.ObservationFilterChainDecorator$ObservationFilter.wrapFilter(ObservationFilterChainDecorator.java:240)
	at org.springframework.security.web.ObservationFilterChainDecorator$ObservationFilter.doFilter(ObservationFilterChainDecorator.java:227)
	at org.springframework.security.web.ObservationFilterChainDecorator$VirtualFilterChain.doFilter(ObservationFilterChainDecorator.java:137)
	at org.springframework.security.web.savedrequest.RequestCacheAwareFilter.doFilter(RequestCacheAwareFilter.java:63)
	at org.springframework.security.web.ObservationFilterChainDecorator$ObservationFilter.wrapFilter(ObservationFilterChainDecorator.java:240)
	at org.springframework.security.web.ObservationFilterChainDecorator$ObservationFilter.doFilter(ObservationFilterChainDecorator.java:227)
	at org.springframework.security.web.ObservationFilterChainDecorator$VirtualFilterChain.doFilter(ObservationFilterChainDecorator.java:137)
	at com.company.project.security.jwt.JwtAuthenticationFilter.doFilterInternal(JwtAuthenticationFilter.java:52)
	at org.springframework.web.filter.OncePerRequestFilter.doFilter(OncePerRequestFilter.java:116)
	at org.springframework.security.web.ObservationFilterChainDecorator$ObservationFilter.wrapFilter(ObservationFilterChainDecorator.java:240)
	at org.springframework.security.web.ObservationFilterChainDecorator$ObservationFilter.doFilter(ObservationFilterChainDecorator.java:227)
	at org.springframework.security.web.ObservationFilterChainDecorator$VirtualFilterChain.doFilter(ObservationFilterChainDecorator.java:137)
	at org.springframework.security.web.authentication.logout.LogoutFilter.doFilter(LogoutFilter.java:107)
	at org.springframework.security.web.authentication.logout.LogoutFilter.doFilter(LogoutFilter.java:93)
	at org.springframework.security.web.ObservationFilterChainDecorator$ObservationFilter.wrapFilter(ObservationFilterChainDecorator.java:240)
	at org.springframework.security.web.ObservationFilterChainDecorator$ObservationFilter.doFilter(ObservationFilterChainDecorator.java:227)
	at org.springframework.security.web.ObservationFilterChainDecorator$VirtualFilterChain.doFilter(ObservationFilterChainDecorator.java:137)
	at org.springframework.web.filter.CorsFilter.doFilterInternal(CorsFilter.java:91)
	at org.springframework.web.filter.OncePerRequestFilter.doFilter(OncePerRequestFilter.java:116)
	at org.springframework.security.web.ObservationFilterChainDecorator$ObservationFilter.wrapFilter(ObservationFilterChainDecorator.java:240)
	at org.springframework.security.web.ObservationFilterChainDecorator$ObservationFilter.doFilter(ObservationFilterChainDecorator.java:227)
	at org.springframework.security.web.ObservationFilterChainDecorator$VirtualFilterChain.doFilter(ObservationFilterChainDecorator.java:137)
	at org.springframework.security.web.header.HeaderWriterFilter.doHeadersAfter(HeaderWriterFilter.java:90)
	at org.springframework.security.web.header.HeaderWriterFilter.doFilterInternal(HeaderWriterFilter.java:75)
	at org.springframework.web.filter.OncePerRequestFilter.doFilter(OncePerRequestFilter.java:116)
	at org.springframework.security.web.ObservationFilterChainDecorator$ObservationFilter.wrapFilter(ObservationFilterChainDecorator.java:240)
	at org.springframework.security.web.ObservationFilterChainDecorator$ObservationFilter.doFilter(ObservationFilterChainDecorator.java:227)
	at org.springframework.security.web.ObservationFilterChainDecorator$VirtualFilterChain.doFilter(ObservationFilterChainDecorator.java:137)
	at org.springframework.security.web.context.SecurityContextHolderFilter.doFilter(SecurityContextHolderFilter.java:82)
	at org.springframework.security.web.context.SecurityContextHolderFilter.doFilter(SecurityContextHolderFilter.java:69)
	at org.springframework.security.web.ObservationFilterChainDecorator$ObservationFilter.wrapFilter(ObservationFilterChainDecorator.java:240)
	at org.springframework.security.web.ObservationFilterChainDecorator$ObservationFilter.doFilter(ObservationFilterChainDecorator.java:227)
	at org.springframework.security.web.ObservationFilterChainDecorator$VirtualFilterChain.doFilter(ObservationFilterChainDecorator.java:137)
	at org.springframework.security.web.context.request.async.WebAsyncManagerIntegrationFilter.doFilterInternal(WebAsyncManagerIntegrationFilter.java:62)
	at org.springframework.web.filter.OncePerRequestFilter.doFilter(OncePerRequestFilter.java:116)
	at org.springframework.security.web.ObservationFilterChainDecorator$ObservationFilter.wrapFilter(ObservationFilterChainDecorator.java:240)
	at org.springframework.security.web.ObservationFilterChainDecorator$ObservationFilter.doFilter(ObservationFilterChainDecorator.java:227)
	at org.springframework.security.web.ObservationFilterChainDecorator$VirtualFilterChain.doFilter(ObservationFilterChainDecorator.java:137)
	at org.springframework.security.web.session.DisableEncodeUrlFilter.doFilterInternal(DisableEncodeUrlFilter.java:42)
	at org.springframework.web.filter.OncePerRequestFilter.doFilter(OncePerRequestFilter.java:116)
	at org.springframework.security.web.ObservationFilterChainDecorator$ObservationFilter.wrapFilter(ObservationFilterChainDecorator.java:240)
	at org.springframework.security.web.ObservationFilterChainDecorator$AroundFilterObservation$SimpleAroundFilterObservation.lambda$wrap$0(ObservationFilterChainDecorator.java:323)
	at org.springframework.security.web.ObservationFilterChainDecorator$ObservationFilter.doFilter(ObservationFilterChainDecorator.java:224)
	at org.springframework.security.web.ObservationFilterChainDecorator$VirtualFilterChain.doFilter(ObservationFilterChainDecorator.java:137)
	at org.springframework.security.web.FilterChainProxy.doFilterInternal(FilterChainProxy.java:233)
	at org.springframework.security.web.FilterChainProxy.doFilter(FilterChainProxy.java:191)
	at org.springframework.web.filter.CompositeFilter$VirtualFilterChain.doFilter(CompositeFilter.java:113)
	at org.springframework.web.servlet.handler.HandlerMappingIntrospector.lambda$createCacheFilter$3(HandlerMappingIntrospector.java:243)
	at org.springframework.web.filter.CompositeFilter$VirtualFilterChain.doFilter(CompositeFilter.java:113)
	at org.springframework.web.filter.CompositeFilter.doFilter(CompositeFilter.java:74)
	at org.springframework.security.config.annotation.web.configuration.WebMvcSecurityConfiguration$CompositeFilterChainProxy.doFilter(WebMvcSecurityConfiguration.java:238)
	at org.springframework.web.filter.DelegatingFilterProxy.invokeDelegate(DelegatingFilterProxy.java:362)
	at org.springframework.web.filter.DelegatingFilterProxy.doFilter(DelegatingFilterProxy.java:278)
	at org.apache.catalina.core.ApplicationFilterChain.internalDoFilter(ApplicationFilterChain.java:164)
	at org.apache.catalina.core.ApplicationFilterChain.doFilter(ApplicationFilterChain.java:140)
	at org.springframework.web.filter.RequestContextFilter.doFilterInternal(RequestContextFilter.java:100)
	at org.springframework.web.filter.OncePerRequestFilter.doFilter(OncePerRequestFilter.java:116)
	at org.apache.catalina.core.ApplicationFilterChain.internalDoFilter(ApplicationFilterChain.java:164)
	at org.apache.catalina.core.ApplicationFilterChain.doFilter(ApplicationFilterChain.java:140)
	at org.springframework.web.filter.FormContentFilter.doFilterInternal(FormContentFilter.java:93)
	at org.springframework.web.filter.OncePerRequestFilter.doFilter(OncePerRequestFilter.java:116)
	at org.apache.catalina.core.ApplicationFilterChain.internalDoFilter(ApplicationFilterChain.java:164)
	at org.apache.catalina.core.ApplicationFilterChain.doFilter(ApplicationFilterChain.java:140)
	at org.springframework.web.filter.ServerHttpObservationFilter.doFilterInternal(ServerHttpObservationFilter.java:114)
	at org.springframework.web.filter.OncePerRequestFilter.doFilter(OncePerRequestFilter.java:116)
	at org.apache.catalina.core.ApplicationFilterChain.internalDoFilter(ApplicationFilterChain.java:164)
	at org.apache.catalina.core.ApplicationFilterChain.doFilter(ApplicationFilterChain.java:140)
	at org.springframework.web.filter.CharacterEncodingFilter.doFilterInternal(CharacterEncodingFilter.java:201)
	at org.springframework.web.filter.OncePerRequestFilter.doFilter(OncePerRequestFilter.java:116)
	at org.apache.catalina.core.ApplicationFilterChain.internalDoFilter(ApplicationFilterChain.java:164)
	at org.apache.catalina.core.ApplicationFilterChain.doFilter(ApplicationFilterChain.java:140)
	at org.apache.catalina.core.StandardWrapperValve.invoke(StandardWrapperValve.java:167)
	at org.apache.catalina.core.StandardContextValve.invoke(StandardContextValve.java:90)
	at org.apache.catalina.authenticator.AuthenticatorBase.invoke(AuthenticatorBase.java:483)
	at org.apache.catalina.core.StandardHostValve.invoke(StandardHostValve.java:115)
	at org.apache.catalina.valves.ErrorReportValve.invoke(ErrorReportValve.java:93)
	at org.apache.catalina.core.StandardEngineValve.invoke(StandardEngineValve.java:74)
	at org.apache.catalina.connector.CoyoteAdapter.service(CoyoteAdapter.java:344)
	at org.apache.coyote.http11.Http11Processor.service(Http11Processor.java:397)
	at org.apache.coyote.AbstractProcessorLight.process(AbstractProcessorLight.java:63)
	at org.apache.coyote.AbstractProtocol$ConnectionHandler.process(AbstractProtocol.java:905)
	at org.apache.tomcat.util.net.NioEndpoint$SocketProcessor.doRun(NioEndpoint.java:1741)
	at org.apache.tomcat.util.net.SocketProcessorBase.run(SocketProcessorBase.java:52)
	at org.apache.tomcat.util.threads.ThreadPoolExecutor.runWorker(ThreadPoolExecutor.java:1190)
	at org.apache.tomcat.util.threads.ThreadPoolExecutor$Worker.run(ThreadPoolExecutor.java:659)
	at org.apache.tomcat.util.threads.TaskThread$WrappingRunnable.run(TaskThread.java:63)
	at java.base/java.lang.Thread.run(Thread.java:1583)
2026-03-16 17:02:28 [http-nio-8080-exec-18] DEBUG o.s.w.s.m.m.a.HttpEntityMethodProcessor - Using 'application/json', given [application/json, text/plain, */*] and supported [application/json, application/*+json, application/yaml]
2026-03-16 17:02:28 [http-nio-8080-exec-18] TRACE o.s.w.s.m.m.a.HttpEntityMethodProcessor - Writing [ApiResponse[success=false, status=500, code=C004, message=예기치 않은 서버 오류가 발생했습니다., data=null, timestamp=2026-03-16T17:02:28.332215600]]
2026-03-16 17:02:28 [http-nio-8080-exec-18] DEBUG o.s.w.s.m.m.a.ExceptionHandlerExceptionResolver - Resolved [org.springframework.web.servlet.resource.NoResourceFoundException: No static resource api/v1/admin/system/statistics/bbs.]
2026-03-16 17:02:28 [http-nio-8080-exec-18] DEBUG o.s.web.servlet.DispatcherServlet - Completed 500 INTERNAL_SERVER_ERROR
2026-03-16 17:02:28 [http-nio-8080-exec-14] DEBUG o.s.orm.jpa.JpaTransactionManager - Initiating transaction commit
2026-03-16 17:02:28 [http-nio-8080-exec-14] DEBUG o.s.orm.jpa.JpaTransactionManager - Committing JPA transaction on EntityManager [SessionImpl(1244420685<open>)]
2026-03-16 17:02:28 [http-nio-8080-exec-14] DEBUG o.s.orm.jpa.JpaTransactionManager - Closing JPA EntityManager [SessionImpl(1244420685<open>)] after transaction
2026-03-16 17:02:28 [http-nio-8080-exec-14] INFO  c.c.p.a.c.menu.MenuController - getLeftMenu returned 2 items
2026-03-16 17:02:28 [http-nio-8080-exec-14] DEBUG o.s.w.s.m.m.a.HttpEntityMethodProcessor - Using 'application/json', given [application/json, text/plain, */*] and supported [application/json, application/*+json, application/yaml]
2026-03-16 17:02:28 [http-nio-8080-exec-14] TRACE o.s.w.s.m.m.a.HttpEntityMethodProcessor - Writing [ApiResponse[success=true, status=200, code=COMMON_001, message=Success, data={list=[com.company.project.service.menu.dto.MenuDto@584fc9ab, com.company.project.service.menu.dto.MenuDto@54f7afa]}, timestamp=2026-03-16T17:02:28.620911]]
2026-03-16 17:02:28 [http-nio-8080-exec-14] INFO  c.c.p.a.i.OperationalAuditInterceptor - API Audit Log: URL=/api/v1/menu/left, User=webmaster, IP=127.0.0.1
2026-03-16 17:02:28 [http-nio-8080-exec-14] DEBUG o.s.web.servlet.DispatcherServlet - Completed 200 OK
2026-03-16 17:02:28 [http-nio-8080-exec-2] DEBUG c.c.p.s.jwt.JwtAuthenticationFilter - >>> [JwtFilter] Processing request: GET /api/v1/menu/left
2026-03-16 17:02:28 [http-nio-8080-exec-2] DEBUG c.c.p.s.jwt.JwtAuthenticationFilter - >>> [JwtFilter] Found token in header for path: /api/v1/menu/left
2026-03-16 17:02:28 [http-nio-8080-exec-2] DEBUG o.s.orm.jpa.JpaTransactionManager - Creating new transaction with name [com.company.project.security.iam.CustomUserDetailsService.loadUserByUsername]: PROPAGATION_REQUIRED,ISOLATION_DEFAULT,readOnly
2026-03-16 17:02:28 [http-nio-8080-exec-2] DEBUG o.s.orm.jpa.JpaTransactionManager - Opened new EntityManager [SessionImpl(1622612535<open>)] for JPA transaction
2026-03-16 17:02:28 [http-nio-8080-exec-2] DEBUG o.s.orm.jpa.JpaTransactionManager - Exposing JPA transaction as JDBC [org.springframework.orm.jpa.vendor.HibernateJpaDialect$HibernateConnectionHandle@51e7a96]
2026-03-16 17:02:28 [http-nio-8080-exec-2] DEBUG o.s.orm.jpa.JpaTransactionManager - Found thread-bound EntityManager [SessionImpl(1622612535<open>)] for JPA transaction
2026-03-16 17:02:28 [http-nio-8080-exec-2] DEBUG o.s.orm.jpa.JpaTransactionManager - Participating in existing transaction
2026-03-16 17:02:28 [http-nio-8080-exec-2] DEBUG org.hibernate.SQL - select u1_0.emplyr_id,u1_0.area_no,u1_0.brthdy,u1_0.chg_pwd_cnt,u1_0.frst_register_id,u1_0.frst_regist_pnttm,u1_0.detail_adres,u1_0.email_adres,u1_0.emplyr_sttus_code,u1_0.empl_no,u1_0.esntl_id,u1_0.fxnum,u1_0.group_id,u1_0.house_adres,u1_0.house_end_telno,u1_0.house_middle_telno,u1_0.ihidnum,u1_0.pstinst_code,u1_0.last_updusr_id,u1_0.last_updt_pnttm,u1_0.lock_at,u1_0.lock_cnt,u1_0.lock_last_pnttm,u1_0.mbtlnum,u1_0.ofcps_nm,u1_0.offm_telno,u1_0.orgnzt_id,u1_0.password,u1_0.password_cnsr,u1_0.password_hint,u1_0.chg_pwd_last_pnttm,u1_0.role,u1_0.sbscrb_de,u1_0.sexdstn_code,u1_0.crtfc_dn_value,u1_0.user_nm,u1_0.zip from nemplyrinfo u1_0 where u1_0.emplyr_id=?
2026-03-16 17:02:28 [http-nio-8080-exec-2] DEBUG o.s.orm.jpa.JpaTransactionManager - Found thread-bound EntityManager [SessionImpl(1622612535<open>)] for JPA transaction
2026-03-16 17:02:28 [http-nio-8080-exec-2] DEBUG o.s.orm.jpa.JpaTransactionManager - Participating in existing transaction
2026-03-16 17:02:28 [http-nio-8080-exec-2] DEBUG org.hibernate.SQL - select ua1_0.scrty_dtrmn_trget_id,ua1_0.author_code,ua1_0.frst_register_id,ua1_0.frst_regist_pnttm,ua1_0.last_updusr_id,ua1_0.last_updt_pnttm,ua1_0.mber_ty_code from nemplyrscrtyestbs ua1_0 where ua1_0.scrty_dtrmn_trget_id=?
2026-03-16 17:02:28 [http-nio-8080-exec-2] DEBUG o.s.orm.jpa.JpaTransactionManager - Initiating transaction commit
2026-03-16 17:02:28 [http-nio-8080-exec-2] DEBUG o.s.orm.jpa.JpaTransactionManager - Committing JPA transaction on EntityManager [SessionImpl(1622612535<open>)]
2026-03-16 17:02:29 [http-nio-8080-exec-2] DEBUG o.s.orm.jpa.JpaTransactionManager - Closing JPA EntityManager [SessionImpl(1622612535<open>)] after transaction
2026-03-16 17:02:29 [http-nio-8080-exec-2] DEBUG c.c.p.s.jwt.JwtAuthenticationFilter - >>> [JwtFilter] Successfully authenticated user: USRCNFRM_99999999999, Authorities: [ROLE_ADMIN]
2026-03-16 17:02:29 [http-nio-8080-exec-2] DEBUG o.s.web.servlet.DispatcherServlet - GET "/api/v1/menu/left?menuNo=50", parameters={masked}
2026-03-16 17:02:29 [http-nio-8080-exec-2] TRACE o.s.w.s.m.m.a.RequestMappingHandlerMapping - Mapped to com.company.project.api.controller.menu.MenuController#getLeftMenu(Long)
2026-03-16 17:02:29 [http-nio-8080-exec-2] INFO  c.c.p.a.c.menu.MenuController - getLeftMenu called with menuNo=50
2026-03-16 17:02:29 [http-nio-8080-exec-2] DEBUG o.s.orm.jpa.JpaTransactionManager - Creating new transaction with name [com.company.project.service.menu.MenuService.getSubMenus]: PROPAGATION_REQUIRED,ISOLATION_DEFAULT,readOnly
2026-03-16 17:02:29 [http-nio-8080-exec-2] DEBUG o.s.orm.jpa.JpaTransactionManager - Opened new EntityManager [SessionImpl(1007220695<open>)] for JPA transaction
2026-03-16 17:02:29 [http-nio-8080-exec-2] DEBUG o.s.orm.jpa.JpaTransactionManager - Exposing JPA transaction as JDBC [org.springframework.orm.jpa.vendor.HibernateJpaDialect$HibernateConnectionHandle@31514f84]
2026-03-16 17:02:29 [http-nio-8080-exec-2] DEBUG org.hibernate.SQL - select m1_0.menu_no,m1_0.menu_dc,m1_0.menu_nm,m1_0.menu_ordr,m1_0.modern_route,m1_0.progrm_file_nm,m1_0.relate_image_nm,m1_0.relate_image_path,m1_0.route_updated_at,m1_0.upper_menu_no from nmenuinfo m1_0 order by m1_0.upper_menu_no,m1_0.menu_ordr
2026-03-16 17:02:29 [http-nio-8080-exec-2] DEBUG o.s.orm.jpa.JpaTransactionManager - Found thread-bound EntityManager [SessionImpl(1007220695<open>)] for JPA transaction
2026-03-16 17:02:29 [http-nio-8080-exec-2] DEBUG o.s.orm.jpa.JpaTransactionManager - Participating in existing transaction
2026-03-16 17:02:29 [http-nio-8080-exec-2] DEBUG org.hibernate.SQL - select p1_0.progrm_file_nm,p1_0.progrm_dc,p1_0.progrm_korean_nm,p1_0.progrm_stre_path,p1_0.url from nprogrmlist p1_0
2026-03-16 17:02:29 [http-nio-8080-exec-2] DEBUG o.s.orm.jpa.JpaTransactionManager - Initiating transaction commit
2026-03-16 17:02:29 [http-nio-8080-exec-2] DEBUG o.s.orm.jpa.JpaTransactionManager - Committing JPA transaction on EntityManager [SessionImpl(1007220695<open>)]
2026-03-16 17:02:29 [http-nio-8080-exec-2] DEBUG o.s.orm.jpa.JpaTransactionManager - Closing JPA EntityManager [SessionImpl(1007220695<open>)] after transaction
2026-03-16 17:02:29 [http-nio-8080-exec-2] INFO  c.c.p.a.c.menu.MenuController - getLeftMenu returned 3 items
2026-03-16 17:02:29 [http-nio-8080-exec-2] DEBUG o.s.w.s.m.m.a.HttpEntityMethodProcessor - Using 'application/json', given [application/json, text/plain, */*] and supported [application/json, application/*+json, application/yaml]
2026-03-16 17:02:29 [http-nio-8080-exec-2] TRACE o.s.w.s.m.m.a.HttpEntityMethodProcessor - Writing [ApiResponse[success=true, status=200, code=COMMON_001, message=Success, data={list=[com.company.project.service.menu.dto.MenuDto@5ff3b8fe, com.company.project.service.menu.dto.MenuDto@a5e0f2f, com.company.project.service.menu.dto.MenuDto@116eb8bc]}, timestamp=2026-03-16T17:02:29.722603400]]
2026-03-16 17:02:29 [http-nio-8080-exec-2] INFO  c.c.p.a.i.OperationalAuditInterceptor - API Audit Log: URL=/api/v1/menu/left, User=webmaster, IP=127.0.0.1
2026-03-16 17:02:29 [http-nio-8080-exec-2] DEBUG o.s.web.servlet.DispatcherServlet - Completed 200 OK
2026-03-16 17:02:29 [http-nio-8080-exec-19] DEBUG c.c.p.s.jwt.JwtAuthenticationFilter - >>> [JwtFilter] Processing request: GET /api/v1/menu/left
2026-03-16 17:02:29 [http-nio-8080-exec-19] DEBUG c.c.p.s.jwt.JwtAuthenticationFilter - >>> [JwtFilter] Found token in header for path: /api/v1/menu/left
2026-03-16 17:02:29 [http-nio-8080-exec-19] DEBUG o.s.orm.jpa.JpaTransactionManager - Creating new transaction with name [com.company.project.security.iam.CustomUserDetailsService.loadUserByUsername]: PROPAGATION_REQUIRED,ISOLATION_DEFAULT,readOnly
2026-03-16 17:02:29 [http-nio-8080-exec-19] DEBUG o.s.orm.jpa.JpaTransactionManager - Opened new EntityManager [SessionImpl(976473739<open>)] for JPA transaction
2026-03-16 17:02:29 [http-nio-8080-exec-19] DEBUG o.s.orm.jpa.JpaTransactionManager - Exposing JPA transaction as JDBC [org.springframework.orm.jpa.vendor.HibernateJpaDialect$HibernateConnectionHandle@77d7fd]
2026-03-16 17:02:29 [http-nio-8080-exec-19] DEBUG o.s.orm.jpa.JpaTransactionManager - Found thread-bound EntityManager [SessionImpl(976473739<open>)] for JPA transaction
2026-03-16 17:02:29 [http-nio-8080-exec-19] DEBUG o.s.orm.jpa.JpaTransactionManager - Participating in existing transaction
2026-03-16 17:02:29 [http-nio-8080-exec-19] DEBUG org.hibernate.SQL - select u1_0.emplyr_id,u1_0.area_no,u1_0.brthdy,u1_0.chg_pwd_cnt,u1_0.frst_register_id,u1_0.frst_regist_pnttm,u1_0.detail_adres,u1_0.email_adres,u1_0.emplyr_sttus_code,u1_0.empl_no,u1_0.esntl_id,u1_0.fxnum,u1_0.group_id,u1_0.house_adres,u1_0.house_end_telno,u1_0.house_middle_telno,u1_0.ihidnum,u1_0.pstinst_code,u1_0.last_updusr_id,u1_0.last_updt_pnttm,u1_0.lock_at,u1_0.lock_cnt,u1_0.lock_last_pnttm,u1_0.mbtlnum,u1_0.ofcps_nm,u1_0.offm_telno,u1_0.orgnzt_id,u1_0.password,u1_0.password_cnsr,u1_0.password_hint,u1_0.chg_pwd_last_pnttm,u1_0.role,u1_0.sbscrb_de,u1_0.sexdstn_code,u1_0.crtfc_dn_value,u1_0.user_nm,u1_0.zip from nemplyrinfo u1_0 where u1_0.emplyr_id=?
2026-03-16 17:02:29 [http-nio-8080-exec-19] DEBUG o.s.orm.jpa.JpaTransactionManager - Found thread-bound EntityManager [SessionImpl(976473739<open>)] for JPA transaction
2026-03-16 17:02:29 [http-nio-8080-exec-19] DEBUG o.s.orm.jpa.JpaTransactionManager - Participating in existing transaction
2026-03-16 17:02:29 [http-nio-8080-exec-19] DEBUG org.hibernate.SQL - select ua1_0.scrty_dtrmn_trget_id,ua1_0.author_code,ua1_0.frst_register_id,ua1_0.frst_regist_pnttm,ua1_0.last_updusr_id,ua1_0.last_updt_pnttm,ua1_0.mber_ty_code from nemplyrscrtyestbs ua1_0 where ua1_0.scrty_dtrmn_trget_id=?
2026-03-16 17:02:30 [http-nio-8080-exec-19] DEBUG o.s.orm.jpa.JpaTransactionManager - Initiating transaction commit
2026-03-16 17:02:30 [http-nio-8080-exec-19] DEBUG o.s.orm.jpa.JpaTransactionManager - Committing JPA transaction on EntityManager [SessionImpl(976473739<open>)]
2026-03-16 17:02:30 [http-nio-8080-exec-19] DEBUG o.s.orm.jpa.JpaTransactionManager - Closing JPA EntityManager [SessionImpl(976473739<open>)] after transaction
2026-03-16 17:02:30 [http-nio-8080-exec-19] DEBUG c.c.p.s.jwt.JwtAuthenticationFilter - >>> [JwtFilter] Successfully authenticated user: USRCNFRM_99999999999, Authorities: [ROLE_ADMIN]
2026-03-16 17:02:30 [http-nio-8080-exec-19] DEBUG o.s.web.servlet.DispatcherServlet - GET "/api/v1/menu/left?menuNo=60", parameters={masked}
2026-03-16 17:02:30 [http-nio-8080-exec-19] TRACE o.s.w.s.m.m.a.RequestMappingHandlerMapping - Mapped to com.company.project.api.controller.menu.MenuController#getLeftMenu(Long)
2026-03-16 17:02:30 [http-nio-8080-exec-19] INFO  c.c.p.a.c.menu.MenuController - getLeftMenu called with menuNo=60
2026-03-16 17:02:30 [http-nio-8080-exec-19] DEBUG o.s.orm.jpa.JpaTransactionManager - Creating new transaction with name [com.company.project.service.menu.MenuService.getSubMenus]: PROPAGATION_REQUIRED,ISOLATION_DEFAULT,readOnly
2026-03-16 17:02:30 [http-nio-8080-exec-19] DEBUG o.s.orm.jpa.JpaTransactionManager - Opened new EntityManager [SessionImpl(1407054864<open>)] for JPA transaction
2026-03-16 17:02:30 [http-nio-8080-exec-19] DEBUG o.s.orm.jpa.JpaTransactionManager - Exposing JPA transaction as JDBC [org.springframework.orm.jpa.vendor.HibernateJpaDialect$HibernateConnectionHandle@7abc37e]
2026-03-16 17:02:30 [http-nio-8080-exec-19] DEBUG org.hibernate.SQL - select m1_0.menu_no,m1_0.menu_dc,m1_0.menu_nm,m1_0.menu_ordr,m1_0.modern_route,m1_0.progrm_file_nm,m1_0.relate_image_nm,m1_0.relate_image_path,m1_0.route_updated_at,m1_0.upper_menu_no from nmenuinfo m1_0 order by m1_0.upper_menu_no,m1_0.menu_ordr
2026-03-16 17:02:30 [http-nio-8080-exec-19] DEBUG o.s.orm.jpa.JpaTransactionManager - Found thread-bound EntityManager [SessionImpl(1407054864<open>)] for JPA transaction
2026-03-16 17:02:30 [http-nio-8080-exec-19] DEBUG o.s.orm.jpa.JpaTransactionManager - Participating in existing transaction
2026-03-16 17:02:30 [http-nio-8080-exec-19] DEBUG org.hibernate.SQL - select p1_0.progrm_file_nm,p1_0.progrm_dc,p1_0.progrm_korean_nm,p1_0.progrm_stre_path,p1_0.url from nprogrmlist p1_0
2026-03-16 17:02:30 [http-nio-8080-exec-19] DEBUG o.s.orm.jpa.JpaTransactionManager - Initiating transaction commit
2026-03-16 17:02:30 [http-nio-8080-exec-19] DEBUG o.s.orm.jpa.JpaTransactionManager - Committing JPA transaction on EntityManager [SessionImpl(1407054864<open>)]
2026-03-16 17:02:30 [http-nio-8080-exec-19] DEBUG o.s.orm.jpa.JpaTransactionManager - Closing JPA EntityManager [SessionImpl(1407054864<open>)] after transaction
2026-03-16 17:02:30 [http-nio-8080-exec-19] INFO  c.c.p.a.c.menu.MenuController - getLeftMenu returned 1 items
2026-03-16 17:02:30 [http-nio-8080-exec-19] DEBUG o.s.w.s.m.m.a.HttpEntityMethodProcessor - Using 'application/json', given [application/json, text/plain, */*] and supported [application/json, application/*+json, application/yaml]
2026-03-16 17:02:30 [http-nio-8080-exec-19] TRACE o.s.w.s.m.m.a.HttpEntityMethodProcessor - Writing [ApiResponse[success=true, status=200, code=COMMON_001, message=Success, data={list=[com.company.project.service.menu.dto.MenuDto@333e2b2e]}, timestamp=2026-03-16T17:02:30.680235400]]
2026-03-16 17:02:30 [http-nio-8080-exec-19] INFO  c.c.p.a.i.OperationalAuditInterceptor - API Audit Log: URL=/api/v1/menu/left, User=webmaster, IP=127.0.0.1
2026-03-16 17:02:30 [http-nio-8080-exec-19] DEBUG o.s.web.servlet.DispatcherServlet - Completed 200 OK
2026-03-16 17:02:31 [http-nio-8080-exec-1] DEBUG c.c.p.s.jwt.JwtAuthenticationFilter - >>> [JwtFilter] Processing request: GET /api/v1/menu/head
2026-03-16 17:02:31 [http-nio-8080-exec-1] DEBUG c.c.p.s.jwt.JwtAuthenticationFilter - >>> [JwtFilter] Found token in header for path: /api/v1/menu/head
2026-03-16 17:02:31 [http-nio-8080-exec-1] DEBUG o.s.orm.jpa.JpaTransactionManager - Creating new transaction with name [com.company.project.security.iam.CustomUserDetailsService.loadUserByUsername]: PROPAGATION_REQUIRED,ISOLATION_DEFAULT,readOnly
2026-03-16 17:02:31 [http-nio-8080-exec-1] DEBUG o.s.orm.jpa.JpaTransactionManager - Opened new EntityManager [SessionImpl(1465998625<open>)] for JPA transaction
2026-03-16 17:02:31 [http-nio-8080-exec-1] DEBUG o.s.orm.jpa.JpaTransactionManager - Exposing JPA transaction as JDBC [org.springframework.orm.jpa.vendor.HibernateJpaDialect$HibernateConnectionHandle@75d37395]
2026-03-16 17:02:31 [http-nio-8080-exec-1] DEBUG o.s.orm.jpa.JpaTransactionManager - Found thread-bound EntityManager [SessionImpl(1465998625<open>)] for JPA transaction
2026-03-16 17:02:31 [http-nio-8080-exec-1] DEBUG o.s.orm.jpa.JpaTransactionManager - Participating in existing transaction
2026-03-16 17:02:31 [http-nio-8080-exec-1] DEBUG org.hibernate.SQL - select u1_0.emplyr_id,u1_0.area_no,u1_0.brthdy,u1_0.chg_pwd_cnt,u1_0.frst_register_id,u1_0.frst_regist_pnttm,u1_0.detail_adres,u1_0.email_adres,u1_0.emplyr_sttus_code,u1_0.empl_no,u1_0.esntl_id,u1_0.fxnum,u1_0.group_id,u1_0.house_adres,u1_0.house_end_telno,u1_0.house_middle_telno,u1_0.ihidnum,u1_0.pstinst_code,u1_0.last_updusr_id,u1_0.last_updt_pnttm,u1_0.lock_at,u1_0.lock_cnt,u1_0.lock_last_pnttm,u1_0.mbtlnum,u1_0.ofcps_nm,u1_0.offm_telno,u1_0.orgnzt_id,u1_0.password,u1_0.password_cnsr,u1_0.password_hint,u1_0.chg_pwd_last_pnttm,u1_0.role,u1_0.sbscrb_de,u1_0.sexdstn_code,u1_0.crtfc_dn_value,u1_0.user_nm,u1_0.zip from nemplyrinfo u1_0 where u1_0.emplyr_id=?
2026-03-16 17:02:31 [MessageBroker-11] DEBUG o.s.w.s.s.t.h.DefaultSockJsService - Closed 1 sessions: [dqglbdgm]
2026-03-16 17:02:31 [http-nio-8080-exec-1] DEBUG o.s.orm.jpa.JpaTransactionManager - Found thread-bound EntityManager [SessionImpl(1465998625<open>)] for JPA transaction
2026-03-16 17:02:31 [http-nio-8080-exec-1] DEBUG o.s.orm.jpa.JpaTransactionManager - Participating in existing transaction
2026-03-16 17:02:31 [http-nio-8080-exec-1] DEBUG org.hibernate.SQL - select ua1_0.scrty_dtrmn_trget_id,ua1_0.author_code,ua1_0.frst_register_id,ua1_0.frst_regist_pnttm,ua1_0.last_updusr_id,ua1_0.last_updt_pnttm,ua1_0.mber_ty_code from nemplyrscrtyestbs ua1_0 where ua1_0.scrty_dtrmn_trget_id=?
2026-03-16 17:02:31 [http-nio-8080-exec-1] DEBUG o.s.orm.jpa.JpaTransactionManager - Initiating transaction commit
2026-03-16 17:02:31 [http-nio-8080-exec-1] DEBUG o.s.orm.jpa.JpaTransactionManager - Committing JPA transaction on EntityManager [SessionImpl(1465998625<open>)]
2026-03-16 17:02:31 [http-nio-8080-exec-1] DEBUG o.s.orm.jpa.JpaTransactionManager - Closing JPA EntityManager [SessionImpl(1465998625<open>)] after transaction
2026-03-16 17:02:31 [http-nio-8080-exec-1] DEBUG c.c.p.s.jwt.JwtAuthenticationFilter - >>> [JwtFilter] Successfully authenticated user: USRCNFRM_99999999999, Authorities: [ROLE_ADMIN]
2026-03-16 17:02:31 [http-nio-8080-exec-1] DEBUG o.s.web.servlet.DispatcherServlet - GET "/api/v1/menu/head", parameters={}
2026-03-16 17:02:31 [http-nio-8080-exec-1] TRACE o.s.w.s.m.m.a.RequestMappingHandlerMapping - Mapped to com.company.project.api.controller.menu.MenuController#getHeadMenu()
2026-03-16 17:02:31 [http-nio-8080-exec-1] INFO  c.c.p.a.c.menu.MenuController - getHeadMenu called
2026-03-16 17:02:31 [http-nio-8080-exec-1] INFO  c.c.p.a.c.menu.MenuController - getHeadMenu returned 5 items
2026-03-16 17:02:31 [http-nio-8080-exec-1] DEBUG o.s.w.s.m.m.a.HttpEntityMethodProcessor - Using 'application/json', given [application/json, text/plain, */*] and supported [application/json, application/*+json, application/yaml]
2026-03-16 17:02:31 [http-nio-8080-exec-1] TRACE o.s.w.s.m.m.a.HttpEntityMethodProcessor - Writing [ApiResponse[success=true, status=200, code=COMMON_001, message=Success, data={list=[com.company.project.service.menu.dto.MenuDto@2b80d6b0, com.company.project.service.menu.dto.MenuDto@1418cfa3, com.company.project.service.menu.dto.MenuDto@f230bf1, com.company.project.service.menu.dto.MenuDto@734a7f6a, com.company.project.service.menu.dto.MenuDto@5e5202e5]}, timestamp=2026-03-16T17:02:31.867936100]]
2026-03-16 17:02:31 [http-nio-8080-exec-1] INFO  c.c.p.a.i.OperationalAuditInterceptor - API Audit Log: URL=/api/v1/menu/head, User=webmaster, IP=0:0:0:0:0:0:0:1
2026-03-16 17:02:31 [http-nio-8080-exec-1] DEBUG o.s.web.servlet.DispatcherServlet - Completed 200 OK
2026-03-16 17:02:31 [http-nio-8080-exec-5] DEBUG c.c.p.s.jwt.JwtAuthenticationFilter - >>> [JwtFilter] Processing request: GET /api/v1/menu/left
2026-03-16 17:02:31 [http-nio-8080-exec-5] DEBUG c.c.p.s.jwt.JwtAuthenticationFilter - >>> [JwtFilter] Found token in header for path: /api/v1/menu/left
2026-03-16 17:02:31 [http-nio-8080-exec-5] DEBUG o.s.orm.jpa.JpaTransactionManager - Creating new transaction with name [com.company.project.security.iam.CustomUserDetailsService.loadUserByUsername]: PROPAGATION_REQUIRED,ISOLATION_DEFAULT,readOnly
2026-03-16 17:02:31 [http-nio-8080-exec-5] DEBUG o.s.orm.jpa.JpaTransactionManager - Opened new EntityManager [SessionImpl(1583493086<open>)] for JPA transaction
2026-03-16 17:02:31 [http-nio-8080-exec-4] DEBUG c.c.p.s.jwt.JwtAuthenticationFilter - >>> [JwtFilter] Processing request: GET /api/v1/menu/left
2026-03-16 17:02:31 [http-nio-8080-exec-17] DEBUG c.c.p.s.jwt.JwtAuthenticationFilter - >>> [JwtFilter] Processing request: GET /api/v1/menu/left
2026-03-16 17:02:31 [http-nio-8080-exec-9] DEBUG c.c.p.s.jwt.JwtAuthenticationFilter - >>> [JwtFilter] Processing request: GET /api/v1/menu/left
2026-03-16 17:02:31 [http-nio-8080-exec-4] DEBUG c.c.p.s.jwt.JwtAuthenticationFilter - >>> [JwtFilter] Found token in header for path: /api/v1/menu/left
2026-03-16 17:02:31 [http-nio-8080-exec-15] DEBUG c.c.p.s.jwt.JwtAuthenticationFilter - >>> [JwtFilter] Processing request: GET /api/v1/menu/left
2026-03-16 17:02:31 [http-nio-8080-exec-9] DEBUG c.c.p.s.jwt.JwtAuthenticationFilter - >>> [JwtFilter] Found token in header for path: /api/v1/menu/left
2026-03-16 17:02:31 [http-nio-8080-exec-17] DEBUG c.c.p.s.jwt.JwtAuthenticationFilter - >>> [JwtFilter] Found token in header for path: /api/v1/menu/left
2026-03-16 17:02:31 [http-nio-8080-exec-9] DEBUG o.s.orm.jpa.JpaTransactionManager - Creating new transaction with name [com.company.project.security.iam.CustomUserDetailsService.loadUserByUsername]: PROPAGATION_REQUIRED,ISOLATION_DEFAULT,readOnly
2026-03-16 17:02:31 [http-nio-8080-exec-15] DEBUG c.c.p.s.jwt.JwtAuthenticationFilter - >>> [JwtFilter] Found token in header for path: /api/v1/menu/left
2026-03-16 17:02:31 [http-nio-8080-exec-9] DEBUG o.s.orm.jpa.JpaTransactionManager - Opened new EntityManager [SessionImpl(400203866<open>)] for JPA transaction
2026-03-16 17:02:31 [http-nio-8080-exec-17] DEBUG o.s.orm.jpa.JpaTransactionManager - Creating new transaction with name [com.company.project.security.iam.CustomUserDetailsService.loadUserByUsername]: PROPAGATION_REQUIRED,ISOLATION_DEFAULT,readOnly
2026-03-16 17:02:31 [http-nio-8080-exec-17] DEBUG o.s.orm.jpa.JpaTransactionManager - Opened new EntityManager [SessionImpl(449005726<open>)] for JPA transaction
2026-03-16 17:02:31 [http-nio-8080-exec-4] DEBUG o.s.orm.jpa.JpaTransactionManager - Creating new transaction with name [com.company.project.security.iam.CustomUserDetailsService.loadUserByUsername]: PROPAGATION_REQUIRED,ISOLATION_DEFAULT,readOnly
2026-03-16 17:02:31 [http-nio-8080-exec-4] DEBUG o.s.orm.jpa.JpaTransactionManager - Opened new EntityManager [SessionImpl(1006905299<open>)] for JPA transaction
2026-03-16 17:02:31 [http-nio-8080-exec-15] DEBUG o.s.orm.jpa.JpaTransactionManager - Creating new transaction with name [com.company.project.security.iam.CustomUserDetailsService.loadUserByUsername]: PROPAGATION_REQUIRED,ISOLATION_DEFAULT,readOnly
2026-03-16 17:02:31 [http-nio-8080-exec-15] DEBUG o.s.orm.jpa.JpaTransactionManager - Opened new EntityManager [SessionImpl(1457596033<open>)] for JPA transaction
2026-03-16 17:02:32 [http-nio-8080-exec-9] DEBUG o.s.orm.jpa.JpaTransactionManager - Exposing JPA transaction as JDBC [org.springframework.orm.jpa.vendor.HibernateJpaDialect$HibernateConnectionHandle@4c17e1c]
2026-03-16 17:02:32 [http-nio-8080-exec-9] DEBUG o.s.orm.jpa.JpaTransactionManager - Found thread-bound EntityManager [SessionImpl(400203866<open>)] for JPA transaction
2026-03-16 17:02:32 [http-nio-8080-exec-9] DEBUG o.s.orm.jpa.JpaTransactionManager - Participating in existing transaction
2026-03-16 17:02:32 [http-nio-8080-exec-9] DEBUG org.hibernate.SQL - select u1_0.emplyr_id,u1_0.area_no,u1_0.brthdy,u1_0.chg_pwd_cnt,u1_0.frst_register_id,u1_0.frst_regist_pnttm,u1_0.detail_adres,u1_0.email_adres,u1_0.emplyr_sttus_code,u1_0.empl_no,u1_0.esntl_id,u1_0.fxnum,u1_0.group_id,u1_0.house_adres,u1_0.house_end_telno,u1_0.house_middle_telno,u1_0.ihidnum,u1_0.pstinst_code,u1_0.last_updusr_id,u1_0.last_updt_pnttm,u1_0.lock_at,u1_0.lock_cnt,u1_0.lock_last_pnttm,u1_0.mbtlnum,u1_0.ofcps_nm,u1_0.offm_telno,u1_0.orgnzt_id,u1_0.password,u1_0.password_cnsr,u1_0.password_hint,u1_0.chg_pwd_last_pnttm,u1_0.role,u1_0.sbscrb_de,u1_0.sexdstn_code,u1_0.crtfc_dn_value,u1_0.user_nm,u1_0.zip from nemplyrinfo u1_0 where u1_0.emplyr_id=?
2026-03-16 17:02:32 [http-nio-8080-exec-15] DEBUG o.s.orm.jpa.JpaTransactionManager - Exposing JPA transaction as JDBC [org.springframework.orm.jpa.vendor.HibernateJpaDialect$HibernateConnectionHandle@51c93ad5]
2026-03-16 17:02:32 [http-nio-8080-exec-15] DEBUG o.s.orm.jpa.JpaTransactionManager - Found thread-bound EntityManager [SessionImpl(1457596033<open>)] for JPA transaction
2026-03-16 17:02:32 [http-nio-8080-exec-15] DEBUG o.s.orm.jpa.JpaTransactionManager - Participating in existing transaction
2026-03-16 17:02:32 [http-nio-8080-exec-5] DEBUG o.s.orm.jpa.JpaTransactionManager - Exposing JPA transaction as JDBC [org.springframework.orm.jpa.vendor.HibernateJpaDialect$HibernateConnectionHandle@7205ed57]
2026-03-16 17:02:32 [http-nio-8080-exec-15] DEBUG org.hibernate.SQL - select u1_0.emplyr_id,u1_0.area_no,u1_0.brthdy,u1_0.chg_pwd_cnt,u1_0.frst_register_id,u1_0.frst_regist_pnttm,u1_0.detail_adres,u1_0.email_adres,u1_0.emplyr_sttus_code,u1_0.empl_no,u1_0.esntl_id,u1_0.fxnum,u1_0.group_id,u1_0.house_adres,u1_0.house_end_telno,u1_0.house_middle_telno,u1_0.ihidnum,u1_0.pstinst_code,u1_0.last_updusr_id,u1_0.last_updt_pnttm,u1_0.lock_at,u1_0.lock_cnt,u1_0.lock_last_pnttm,u1_0.mbtlnum,u1_0.ofcps_nm,u1_0.offm_telno,u1_0.orgnzt_id,u1_0.password,u1_0.password_cnsr,u1_0.password_hint,u1_0.chg_pwd_last_pnttm,u1_0.role,u1_0.sbscrb_de,u1_0.sexdstn_code,u1_0.crtfc_dn_value,u1_0.user_nm,u1_0.zip from nemplyrinfo u1_0 where u1_0.emplyr_id=?
2026-03-16 17:02:32 [http-nio-8080-exec-5] DEBUG o.s.orm.jpa.JpaTransactionManager - Found thread-bound EntityManager [SessionImpl(1583493086<open>)] for JPA transaction
2026-03-16 17:02:32 [http-nio-8080-exec-5] DEBUG o.s.orm.jpa.JpaTransactionManager - Participating in existing transaction
2026-03-16 17:02:32 [http-nio-8080-exec-5] DEBUG org.hibernate.SQL - select u1_0.emplyr_id,u1_0.area_no,u1_0.brthdy,u1_0.chg_pwd_cnt,u1_0.frst_register_id,u1_0.frst_regist_pnttm,u1_0.detail_adres,u1_0.email_adres,u1_0.emplyr_sttus_code,u1_0.empl_no,u1_0.esntl_id,u1_0.fxnum,u1_0.group_id,u1_0.house_adres,u1_0.house_end_telno,u1_0.house_middle_telno,u1_0.ihidnum,u1_0.pstinst_code,u1_0.last_updusr_id,u1_0.last_updt_pnttm,u1_0.lock_at,u1_0.lock_cnt,u1_0.lock_last_pnttm,u1_0.mbtlnum,u1_0.ofcps_nm,u1_0.offm_telno,u1_0.orgnzt_id,u1_0.password,u1_0.password_cnsr,u1_0.password_hint,u1_0.chg_pwd_last_pnttm,u1_0.role,u1_0.sbscrb_de,u1_0.sexdstn_code,u1_0.crtfc_dn_value,u1_0.user_nm,u1_0.zip from nemplyrinfo u1_0 where u1_0.emplyr_id=?
2026-03-16 17:02:32 [http-nio-8080-exec-17] DEBUG o.s.orm.jpa.JpaTransactionManager - Exposing JPA transaction as JDBC [org.springframework.orm.jpa.vendor.HibernateJpaDialect$HibernateConnectionHandle@14955a6e]
2026-03-16 17:02:32 [http-nio-8080-exec-17] DEBUG o.s.orm.jpa.JpaTransactionManager - Found thread-bound EntityManager [SessionImpl(449005726<open>)] for JPA transaction
2026-03-16 17:02:32 [http-nio-8080-exec-17] DEBUG o.s.orm.jpa.JpaTransactionManager - Participating in existing transaction
2026-03-16 17:02:32 [http-nio-8080-exec-17] DEBUG org.hibernate.SQL - select u1_0.emplyr_id,u1_0.area_no,u1_0.brthdy,u1_0.chg_pwd_cnt,u1_0.frst_register_id,u1_0.frst_regist_pnttm,u1_0.detail_adres,u1_0.email_adres,u1_0.emplyr_sttus_code,u1_0.empl_no,u1_0.esntl_id,u1_0.fxnum,u1_0.group_id,u1_0.house_adres,u1_0.house_end_telno,u1_0.house_middle_telno,u1_0.ihidnum,u1_0.pstinst_code,u1_0.last_updusr_id,u1_0.last_updt_pnttm,u1_0.lock_at,u1_0.lock_cnt,u1_0.lock_last_pnttm,u1_0.mbtlnum,u1_0.ofcps_nm,u1_0.offm_telno,u1_0.orgnzt_id,u1_0.password,u1_0.password_cnsr,u1_0.password_hint,u1_0.chg_pwd_last_pnttm,u1_0.role,u1_0.sbscrb_de,u1_0.sexdstn_code,u1_0.crtfc_dn_value,u1_0.user_nm,u1_0.zip from nemplyrinfo u1_0 where u1_0.emplyr_id=?
2026-03-16 17:02:32 [http-nio-8080-exec-4] DEBUG o.s.orm.jpa.JpaTransactionManager - Exposing JPA transaction as JDBC [org.springframework.orm.jpa.vendor.HibernateJpaDialect$HibernateConnectionHandle@107c9cfd]
2026-03-16 17:02:32 [http-nio-8080-exec-4] DEBUG o.s.orm.jpa.JpaTransactionManager - Found thread-bound EntityManager [SessionImpl(1006905299<open>)] for JPA transaction
2026-03-16 17:02:32 [http-nio-8080-exec-4] DEBUG o.s.orm.jpa.JpaTransactionManager - Participating in existing transaction
2026-03-16 17:02:32 [http-nio-8080-exec-4] DEBUG org.hibernate.SQL - select u1_0.emplyr_id,u1_0.area_no,u1_0.brthdy,u1_0.chg_pwd_cnt,u1_0.frst_register_id,u1_0.frst_regist_pnttm,u1_0.detail_adres,u1_0.email_adres,u1_0.emplyr_sttus_code,u1_0.empl_no,u1_0.esntl_id,u1_0.fxnum,u1_0.group_id,u1_0.house_adres,u1_0.house_end_telno,u1_0.house_middle_telno,u1_0.ihidnum,u1_0.pstinst_code,u1_0.last_updusr_id,u1_0.last_updt_pnttm,u1_0.lock_at,u1_0.lock_cnt,u1_0.lock_last_pnttm,u1_0.mbtlnum,u1_0.ofcps_nm,u1_0.offm_telno,u1_0.orgnzt_id,u1_0.password,u1_0.password_cnsr,u1_0.password_hint,u1_0.chg_pwd_last_pnttm,u1_0.role,u1_0.sbscrb_de,u1_0.sexdstn_code,u1_0.crtfc_dn_value,u1_0.user_nm,u1_0.zip from nemplyrinfo u1_0 where u1_0.emplyr_id=?
2026-03-16 17:02:32 [http-nio-8080-exec-9] DEBUG o.s.orm.jpa.JpaTransactionManager - Found thread-bound EntityManager [SessionImpl(400203866<open>)] for JPA transaction
2026-03-16 17:02:32 [http-nio-8080-exec-9] DEBUG o.s.orm.jpa.JpaTransactionManager - Participating in existing transaction
2026-03-16 17:02:32 [http-nio-8080-exec-9] DEBUG org.hibernate.SQL - select ua1_0.scrty_dtrmn_trget_id,ua1_0.author_code,ua1_0.frst_register_id,ua1_0.frst_regist_pnttm,ua1_0.last_updusr_id,ua1_0.last_updt_pnttm,ua1_0.mber_ty_code from nemplyrscrtyestbs ua1_0 where ua1_0.scrty_dtrmn_trget_id=?
2026-03-16 17:02:32 [http-nio-8080-exec-5] DEBUG o.s.orm.jpa.JpaTransactionManager - Found thread-bound EntityManager [SessionImpl(1583493086<open>)] for JPA transaction
2026-03-16 17:02:32 [http-nio-8080-exec-5] DEBUG o.s.orm.jpa.JpaTransactionManager - Participating in existing transaction
2026-03-16 17:02:32 [http-nio-8080-exec-5] DEBUG org.hibernate.SQL - select ua1_0.scrty_dtrmn_trget_id,ua1_0.author_code,ua1_0.frst_register_id,ua1_0.frst_regist_pnttm,ua1_0.last_updusr_id,ua1_0.last_updt_pnttm,ua1_0.mber_ty_code from nemplyrscrtyestbs ua1_0 where ua1_0.scrty_dtrmn_trget_id=?
2026-03-16 17:02:32 [http-nio-8080-exec-15] DEBUG o.s.orm.jpa.JpaTransactionManager - Found thread-bound EntityManager [SessionImpl(1457596033<open>)] for JPA transaction
2026-03-16 17:02:32 [http-nio-8080-exec-15] DEBUG o.s.orm.jpa.JpaTransactionManager - Participating in existing transaction
2026-03-16 17:02:32 [http-nio-8080-exec-15] DEBUG org.hibernate.SQL - select ua1_0.scrty_dtrmn_trget_id,ua1_0.author_code,ua1_0.frst_register_id,ua1_0.frst_regist_pnttm,ua1_0.last_updusr_id,ua1_0.last_updt_pnttm,ua1_0.mber_ty_code from nemplyrscrtyestbs ua1_0 where ua1_0.scrty_dtrmn_trget_id=?
2026-03-16 17:02:32 [http-nio-8080-exec-17] DEBUG o.s.orm.jpa.JpaTransactionManager - Found thread-bound EntityManager [SessionImpl(449005726<open>)] for JPA transaction
2026-03-16 17:02:32 [http-nio-8080-exec-17] DEBUG o.s.orm.jpa.JpaTransactionManager - Participating in existing transaction
2026-03-16 17:02:32 [http-nio-8080-exec-17] DEBUG org.hibernate.SQL - select ua1_0.scrty_dtrmn_trget_id,ua1_0.author_code,ua1_0.frst_register_id,ua1_0.frst_regist_pnttm,ua1_0.last_updusr_id,ua1_0.last_updt_pnttm,ua1_0.mber_ty_code from nemplyrscrtyestbs ua1_0 where ua1_0.scrty_dtrmn_trget_id=?
2026-03-16 17:02:32 [http-nio-8080-exec-4] DEBUG o.s.orm.jpa.JpaTransactionManager - Found thread-bound EntityManager [SessionImpl(1006905299<open>)] for JPA transaction
2026-03-16 17:02:32 [http-nio-8080-exec-4] DEBUG o.s.orm.jpa.JpaTransactionManager - Participating in existing transaction
2026-03-16 17:02:32 [http-nio-8080-exec-4] DEBUG org.hibernate.SQL - select ua1_0.scrty_dtrmn_trget_id,ua1_0.author_code,ua1_0.frst_register_id,ua1_0.frst_regist_pnttm,ua1_0.last_updusr_id,ua1_0.last_updt_pnttm,ua1_0.mber_ty_code from nemplyrscrtyestbs ua1_0 where ua1_0.scrty_dtrmn_trget_id=?
2026-03-16 17:02:32 [http-nio-8080-exec-9] DEBUG o.s.orm.jpa.JpaTransactionManager - Initiating transaction commit
2026-03-16 17:02:32 [http-nio-8080-exec-9] DEBUG o.s.orm.jpa.JpaTransactionManager - Committing JPA transaction on EntityManager [SessionImpl(400203866<open>)]
2026-03-16 17:02:32 [http-nio-8080-exec-15] DEBUG o.s.orm.jpa.JpaTransactionManager - Initiating transaction commit
2026-03-16 17:02:32 [http-nio-8080-exec-15] DEBUG o.s.orm.jpa.JpaTransactionManager - Committing JPA transaction on EntityManager [SessionImpl(1457596033<open>)]
2026-03-16 17:02:32 [http-nio-8080-exec-5] DEBUG o.s.orm.jpa.JpaTransactionManager - Initiating transaction commit
2026-03-16 17:02:32 [http-nio-8080-exec-5] DEBUG o.s.orm.jpa.JpaTransactionManager - Committing JPA transaction on EntityManager [SessionImpl(1583493086<open>)]
2026-03-16 17:02:32 [http-nio-8080-exec-4] DEBUG o.s.orm.jpa.JpaTransactionManager - Initiating transaction commit
2026-03-16 17:02:32 [http-nio-8080-exec-17] DEBUG o.s.orm.jpa.JpaTransactionManager - Initiating transaction commit
2026-03-16 17:02:32 [http-nio-8080-exec-4] DEBUG o.s.orm.jpa.JpaTransactionManager - Committing JPA transaction on EntityManager [SessionImpl(1006905299<open>)]
2026-03-16 17:02:32 [http-nio-8080-exec-17] DEBUG o.s.orm.jpa.JpaTransactionManager - Committing JPA transaction on EntityManager [SessionImpl(449005726<open>)]
2026-03-16 17:02:33 [http-nio-8080-exec-15] DEBUG o.s.orm.jpa.JpaTransactionManager - Closing JPA EntityManager [SessionImpl(1457596033<open>)] after transaction
2026-03-16 17:02:33 [http-nio-8080-exec-5] DEBUG o.s.orm.jpa.JpaTransactionManager - Closing JPA EntityManager [SessionImpl(1583493086<open>)] after transaction
2026-03-16 17:02:33 [http-nio-8080-exec-9] DEBUG o.s.orm.jpa.JpaTransactionManager - Closing JPA EntityManager [SessionImpl(400203866<open>)] after transaction
2026-03-16 17:02:33 [http-nio-8080-exec-15] DEBUG c.c.p.s.jwt.JwtAuthenticationFilter - >>> [JwtFilter] Successfully authenticated user: USRCNFRM_99999999999, Authorities: [ROLE_ADMIN]
2026-03-16 17:02:33 [http-nio-8080-exec-5] DEBUG c.c.p.s.jwt.JwtAuthenticationFilter - >>> [JwtFilter] Successfully authenticated user: USRCNFRM_99999999999, Authorities: [ROLE_ADMIN]
2026-03-16 17:02:33 [http-nio-8080-exec-9] DEBUG c.c.p.s.jwt.JwtAuthenticationFilter - >>> [JwtFilter] Successfully authenticated user: USRCNFRM_99999999999, Authorities: [ROLE_ADMIN]
2026-03-16 17:02:33 [http-nio-8080-exec-15] DEBUG o.s.web.servlet.DispatcherServlet - GET "/api/v1/menu/left?menuNo=40", parameters={masked}
2026-03-16 17:02:33 [http-nio-8080-exec-9] DEBUG o.s.web.servlet.DispatcherServlet - GET "/api/v1/menu/left?menuNo=50", parameters={masked}
2026-03-16 17:02:33 [http-nio-8080-exec-5] DEBUG o.s.web.servlet.DispatcherServlet - GET "/api/v1/menu/left?menuNo=10", parameters={masked}
2026-03-16 17:02:33 [http-nio-8080-exec-15] TRACE o.s.w.s.m.m.a.RequestMappingHandlerMapping - Mapped to com.company.project.api.controller.menu.MenuController#getLeftMenu(Long)
2026-03-16 17:02:33 [http-nio-8080-exec-5] TRACE o.s.w.s.m.m.a.RequestMappingHandlerMapping - Mapped to com.company.project.api.controller.menu.MenuController#getLeftMenu(Long)
2026-03-16 17:02:33 [http-nio-8080-exec-9] TRACE o.s.w.s.m.m.a.RequestMappingHandlerMapping - Mapped to com.company.project.api.controller.menu.MenuController#getLeftMenu(Long)
2026-03-16 17:02:33 [http-nio-8080-exec-15] INFO  c.c.p.a.c.menu.MenuController - getLeftMenu called with menuNo=40
2026-03-16 17:02:33 [http-nio-8080-exec-9] INFO  c.c.p.a.c.menu.MenuController - getLeftMenu called with menuNo=50
2026-03-16 17:02:33 [http-nio-8080-exec-5] INFO  c.c.p.a.c.menu.MenuController - getLeftMenu called with menuNo=10
2026-03-16 17:02:33 [http-nio-8080-exec-15] DEBUG o.s.orm.jpa.JpaTransactionManager - Creating new transaction with name [com.company.project.service.menu.MenuService.getSubMenus]: PROPAGATION_REQUIRED,ISOLATION_DEFAULT,readOnly
2026-03-16 17:02:33 [http-nio-8080-exec-9] DEBUG o.s.orm.jpa.JpaTransactionManager - Creating new transaction with name [com.company.project.service.menu.MenuService.getSubMenus]: PROPAGATION_REQUIRED,ISOLATION_DEFAULT,readOnly
2026-03-16 17:02:33 [http-nio-8080-exec-5] DEBUG o.s.orm.jpa.JpaTransactionManager - Creating new transaction with name [com.company.project.service.menu.MenuService.getSubMenus]: PROPAGATION_REQUIRED,ISOLATION_DEFAULT,readOnly
2026-03-16 17:02:33 [http-nio-8080-exec-15] DEBUG o.s.orm.jpa.JpaTransactionManager - Opened new EntityManager [SessionImpl(2058408420<open>)] for JPA transaction
2026-03-16 17:02:33 [http-nio-8080-exec-9] DEBUG o.s.orm.jpa.JpaTransactionManager - Opened new EntityManager [SessionImpl(1827763744<open>)] for JPA transaction
2026-03-16 17:02:33 [http-nio-8080-exec-5] DEBUG o.s.orm.jpa.JpaTransactionManager - Opened new EntityManager [SessionImpl(547120888<open>)] for JPA transaction
2026-03-16 17:02:33 [http-nio-8080-exec-15] DEBUG o.s.orm.jpa.JpaTransactionManager - Exposing JPA transaction as JDBC [org.springframework.orm.jpa.vendor.HibernateJpaDialect$HibernateConnectionHandle@78f57313]
2026-03-16 17:02:33 [http-nio-8080-exec-5] DEBUG o.s.orm.jpa.JpaTransactionManager - Exposing JPA transaction as JDBC [org.springframework.orm.jpa.vendor.HibernateJpaDialect$HibernateConnectionHandle@4f1ae197]
2026-03-16 17:02:33 [http-nio-8080-exec-9] DEBUG o.s.orm.jpa.JpaTransactionManager - Exposing JPA transaction as JDBC [org.springframework.orm.jpa.vendor.HibernateJpaDialect$HibernateConnectionHandle@211595f9]
2026-03-16 17:02:33 [http-nio-8080-exec-9] DEBUG org.hibernate.SQL - select m1_0.menu_no,m1_0.menu_dc,m1_0.menu_nm,m1_0.menu_ordr,m1_0.modern_route,m1_0.progrm_file_nm,m1_0.relate_image_nm,m1_0.relate_image_path,m1_0.route_updated_at,m1_0.upper_menu_no from nmenuinfo m1_0 order by m1_0.upper_menu_no,m1_0.menu_ordr
2026-03-16 17:02:33 [http-nio-8080-exec-5] DEBUG org.hibernate.SQL - select m1_0.menu_no,m1_0.menu_dc,m1_0.menu_nm,m1_0.menu_ordr,m1_0.modern_route,m1_0.progrm_file_nm,m1_0.relate_image_nm,m1_0.relate_image_path,m1_0.route_updated_at,m1_0.upper_menu_no from nmenuinfo m1_0 order by m1_0.upper_menu_no,m1_0.menu_ordr
2026-03-16 17:02:33 [http-nio-8080-exec-15] DEBUG org.hibernate.SQL - select m1_0.menu_no,m1_0.menu_dc,m1_0.menu_nm,m1_0.menu_ordr,m1_0.modern_route,m1_0.progrm_file_nm,m1_0.relate_image_nm,m1_0.relate_image_path,m1_0.route_updated_at,m1_0.upper_menu_no from nmenuinfo m1_0 order by m1_0.upper_menu_no,m1_0.menu_ordr
2026-03-16 17:02:33 [http-nio-8080-exec-4] DEBUG o.s.orm.jpa.JpaTransactionManager - Closing JPA EntityManager [SessionImpl(1006905299<open>)] after transaction
2026-03-16 17:02:33 [http-nio-8080-exec-17] DEBUG o.s.orm.jpa.JpaTransactionManager - Closing JPA EntityManager [SessionImpl(449005726<open>)] after transaction
2026-03-16 17:02:33 [http-nio-8080-exec-4] DEBUG c.c.p.s.jwt.JwtAuthenticationFilter - >>> [JwtFilter] Successfully authenticated user: USRCNFRM_99999999999, Authorities: [ROLE_ADMIN]
2026-03-16 17:02:33 [http-nio-8080-exec-17] DEBUG c.c.p.s.jwt.JwtAuthenticationFilter - >>> [JwtFilter] Successfully authenticated user: USRCNFRM_99999999999, Authorities: [ROLE_ADMIN]
2026-03-16 17:02:33 [http-nio-8080-exec-4] DEBUG o.s.web.servlet.DispatcherServlet - GET "/api/v1/menu/left?menuNo=20", parameters={masked}
2026-03-16 17:02:33 [http-nio-8080-exec-17] DEBUG o.s.web.servlet.DispatcherServlet - GET "/api/v1/menu/left?menuNo=60", parameters={masked}
2026-03-16 17:02:33 [http-nio-8080-exec-17] TRACE o.s.w.s.m.m.a.RequestMappingHandlerMapping - Mapped to com.company.project.api.controller.menu.MenuController#getLeftMenu(Long)
2026-03-16 17:02:33 [http-nio-8080-exec-4] TRACE o.s.w.s.m.m.a.RequestMappingHandlerMapping - Mapped to com.company.project.api.controller.menu.MenuController#getLeftMenu(Long)
2026-03-16 17:02:33 [http-nio-8080-exec-17] INFO  c.c.p.a.c.menu.MenuController - getLeftMenu called with menuNo=60
2026-03-16 17:02:33 [http-nio-8080-exec-4] INFO  c.c.p.a.c.menu.MenuController - getLeftMenu called with menuNo=20
2026-03-16 17:02:33 [http-nio-8080-exec-17] DEBUG o.s.orm.jpa.JpaTransactionManager - Creating new transaction with name [com.company.project.service.menu.MenuService.getSubMenus]: PROPAGATION_REQUIRED,ISOLATION_DEFAULT,readOnly
2026-03-16 17:02:33 [http-nio-8080-exec-4] DEBUG o.s.orm.jpa.JpaTransactionManager - Creating new transaction with name [com.company.project.service.menu.MenuService.getSubMenus]: PROPAGATION_REQUIRED,ISOLATION_DEFAULT,readOnly
2026-03-16 17:02:33 [http-nio-8080-exec-17] DEBUG o.s.orm.jpa.JpaTransactionManager - Opened new EntityManager [SessionImpl(818995796<open>)] for JPA transaction
2026-03-16 17:02:33 [http-nio-8080-exec-4] DEBUG o.s.orm.jpa.JpaTransactionManager - Opened new EntityManager [SessionImpl(155431810<open>)] for JPA transaction
2026-03-16 17:02:33 [http-nio-8080-exec-17] DEBUG o.s.orm.jpa.JpaTransactionManager - Exposing JPA transaction as JDBC [org.springframework.orm.jpa.vendor.HibernateJpaDialect$HibernateConnectionHandle@4b81ec9a]
2026-03-16 17:02:33 [http-nio-8080-exec-4] DEBUG o.s.orm.jpa.JpaTransactionManager - Exposing JPA transaction as JDBC [org.springframework.orm.jpa.vendor.HibernateJpaDialect$HibernateConnectionHandle@fde4f59]
2026-03-16 17:02:33 [http-nio-8080-exec-17] DEBUG org.hibernate.SQL - select m1_0.menu_no,m1_0.menu_dc,m1_0.menu_nm,m1_0.menu_ordr,m1_0.modern_route,m1_0.progrm_file_nm,m1_0.relate_image_nm,m1_0.relate_image_path,m1_0.route_updated_at,m1_0.upper_menu_no from nmenuinfo m1_0 order by m1_0.upper_menu_no,m1_0.menu_ordr
2026-03-16 17:02:33 [http-nio-8080-exec-4] DEBUG org.hibernate.SQL - select m1_0.menu_no,m1_0.menu_dc,m1_0.menu_nm,m1_0.menu_ordr,m1_0.modern_route,m1_0.progrm_file_nm,m1_0.relate_image_nm,m1_0.relate_image_path,m1_0.route_updated_at,m1_0.upper_menu_no from nmenuinfo m1_0 order by m1_0.upper_menu_no,m1_0.menu_ordr
2026-03-16 17:02:33 [http-nio-8080-exec-9] DEBUG o.s.orm.jpa.JpaTransactionManager - Found thread-bound EntityManager [SessionImpl(1827763744<open>)] for JPA transaction
2026-03-16 17:02:33 [http-nio-8080-exec-5] DEBUG o.s.orm.jpa.JpaTransactionManager - Found thread-bound EntityManager [SessionImpl(547120888<open>)] for JPA transaction
2026-03-16 17:02:33 [http-nio-8080-exec-15] DEBUG o.s.orm.jpa.JpaTransactionManager - Found thread-bound EntityManager [SessionImpl(2058408420<open>)] for JPA transaction
2026-03-16 17:02:33 [http-nio-8080-exec-9] DEBUG o.s.orm.jpa.JpaTransactionManager - Participating in existing transaction
2026-03-16 17:02:33 [http-nio-8080-exec-5] DEBUG o.s.orm.jpa.JpaTransactionManager - Participating in existing transaction
2026-03-16 17:02:33 [http-nio-8080-exec-15] DEBUG o.s.orm.jpa.JpaTransactionManager - Participating in existing transaction
2026-03-16 17:02:33 [http-nio-8080-exec-5] DEBUG org.hibernate.SQL - select p1_0.progrm_file_nm,p1_0.progrm_dc,p1_0.progrm_korean_nm,p1_0.progrm_stre_path,p1_0.url from nprogrmlist p1_0
2026-03-16 17:02:33 [http-nio-8080-exec-9] DEBUG org.hibernate.SQL - select p1_0.progrm_file_nm,p1_0.progrm_dc,p1_0.progrm_korean_nm,p1_0.progrm_stre_path,p1_0.url from nprogrmlist p1_0
2026-03-16 17:02:33 [http-nio-8080-exec-15] DEBUG org.hibernate.SQL - select p1_0.progrm_file_nm,p1_0.progrm_dc,p1_0.progrm_korean_nm,p1_0.progrm_stre_path,p1_0.url from nprogrmlist p1_0
2026-03-16 17:02:33 [http-nio-8080-exec-17] DEBUG o.s.orm.jpa.JpaTransactionManager - Found thread-bound EntityManager [SessionImpl(818995796<open>)] for JPA transaction
2026-03-16 17:02:33 [http-nio-8080-exec-17] DEBUG o.s.orm.jpa.JpaTransactionManager - Participating in existing transaction
2026-03-16 17:02:33 [http-nio-8080-exec-4] DEBUG o.s.orm.jpa.JpaTransactionManager - Found thread-bound EntityManager [SessionImpl(155431810<open>)] for JPA transaction
2026-03-16 17:02:33 [http-nio-8080-exec-4] DEBUG o.s.orm.jpa.JpaTransactionManager - Participating in existing transaction
2026-03-16 17:02:33 [http-nio-8080-exec-17] DEBUG org.hibernate.SQL - select p1_0.progrm_file_nm,p1_0.progrm_dc,p1_0.progrm_korean_nm,p1_0.progrm_stre_path,p1_0.url from nprogrmlist p1_0
2026-03-16 17:02:33 [http-nio-8080-exec-4] DEBUG org.hibernate.SQL - select p1_0.progrm_file_nm,p1_0.progrm_dc,p1_0.progrm_korean_nm,p1_0.progrm_stre_path,p1_0.url from nprogrmlist p1_0
2026-03-16 17:02:33 [http-nio-8080-exec-5] DEBUG o.s.orm.jpa.JpaTransactionManager - Initiating transaction commit
2026-03-16 17:02:33 [http-nio-8080-exec-5] DEBUG o.s.orm.jpa.JpaTransactionManager - Committing JPA transaction on EntityManager [SessionImpl(547120888<open>)]
2026-03-16 17:02:33 [http-nio-8080-exec-9] DEBUG o.s.orm.jpa.JpaTransactionManager - Initiating transaction commit
2026-03-16 17:02:33 [http-nio-8080-exec-15] DEBUG o.s.orm.jpa.JpaTransactionManager - Initiating transaction commit
2026-03-16 17:02:33 [http-nio-8080-exec-9] DEBUG o.s.orm.jpa.JpaTransactionManager - Committing JPA transaction on EntityManager [SessionImpl(1827763744<open>)]
2026-03-16 17:02:33 [http-nio-8080-exec-15] DEBUG o.s.orm.jpa.JpaTransactionManager - Committing JPA transaction on EntityManager [SessionImpl(2058408420<open>)]
2026-03-16 17:02:33 [http-nio-8080-exec-17] DEBUG o.s.orm.jpa.JpaTransactionManager - Initiating transaction commit
2026-03-16 17:02:33 [http-nio-8080-exec-4] DEBUG o.s.orm.jpa.JpaTransactionManager - Initiating transaction commit
2026-03-16 17:02:33 [http-nio-8080-exec-17] DEBUG o.s.orm.jpa.JpaTransactionManager - Committing JPA transaction on EntityManager [SessionImpl(818995796<open>)]
2026-03-16 17:02:33 [http-nio-8080-exec-4] DEBUG o.s.orm.jpa.JpaTransactionManager - Committing JPA transaction on EntityManager [SessionImpl(155431810<open>)]
2026-03-16 17:02:33 [http-nio-8080-exec-5] DEBUG o.s.orm.jpa.JpaTransactionManager - Closing JPA EntityManager [SessionImpl(547120888<open>)] after transaction
2026-03-16 17:02:33 [http-nio-8080-exec-9] DEBUG o.s.orm.jpa.JpaTransactionManager - Closing JPA EntityManager [SessionImpl(1827763744<open>)] after transaction
2026-03-16 17:02:33 [http-nio-8080-exec-5] INFO  c.c.p.a.c.menu.MenuController - getLeftMenu returned 5 items
2026-03-16 17:02:33 [http-nio-8080-exec-15] DEBUG o.s.orm.jpa.JpaTransactionManager - Closing JPA EntityManager [SessionImpl(2058408420<open>)] after transaction
2026-03-16 17:02:33 [http-nio-8080-exec-9] INFO  c.c.p.a.c.menu.MenuController - getLeftMenu returned 3 items
2026-03-16 17:02:33 [http-nio-8080-exec-15] INFO  c.c.p.a.c.menu.MenuController - getLeftMenu returned 2 items
2026-03-16 17:02:33 [http-nio-8080-exec-5] DEBUG o.s.w.s.m.m.a.HttpEntityMethodProcessor - Using 'application/json', given [application/json, text/plain, */*] and supported [application/json, application/*+json, application/yaml]
2026-03-16 17:02:33 [http-nio-8080-exec-9] DEBUG o.s.w.s.m.m.a.HttpEntityMethodProcessor - Using 'application/json', given [application/json, text/plain, */*] and supported [application/json, application/*+json, application/yaml]
2026-03-16 17:02:33 [http-nio-8080-exec-15] DEBUG o.s.w.s.m.m.a.HttpEntityMethodProcessor - Using 'application/json', given [application/json, text/plain, */*] and supported [application/json, application/*+json, application/yaml]
2026-03-16 17:02:33 [http-nio-8080-exec-5] TRACE o.s.w.s.m.m.a.HttpEntityMethodProcessor - Writing [ApiResponse[success=true, status=200, code=COMMON_001, message=Success, data={list=[com.company.project.service.menu.dto.MenuDto@3058ab22, com.company.project.service.menu.dto.MenuDto@32a3ba2c, com.company.project.service.menu.dto.MenuDto@24bc6da, com.company.project.service.menu.dto.MenuDto@4b9ea35, com.company.project.service.menu.dto.MenuDto@71cd503b]}, timestamp=2026-03-16T17:02:33.736704200]]
2026-03-16 17:02:33 [http-nio-8080-exec-9] TRACE o.s.w.s.m.m.a.HttpEntityMethodProcessor - Writing [ApiResponse[success=true, status=200, code=COMMON_001, message=Success, data={list=[com.company.project.service.menu.dto.MenuDto@23f77e0d, com.company.project.service.menu.dto.MenuDto@2f9a8f23, com.company.project.service.menu.dto.MenuDto@6ab77ae7]}, timestamp=2026-03-16T17:02:33.736704200]]
2026-03-16 17:02:33 [http-nio-8080-exec-15] TRACE o.s.w.s.m.m.a.HttpEntityMethodProcessor - Writing [ApiResponse[success=true, status=200, code=COMMON_001, message=Success, data={list=[com.company.project.service.menu.dto.MenuDto@18d6548f, com.company.project.service.menu.dto.MenuDto@2997a1bc]}, timestamp=2026-03-16T17:02:33.736704200]]
2026-03-16 17:02:33 [http-nio-8080-exec-15] INFO  c.c.p.a.i.OperationalAuditInterceptor - API Audit Log: URL=/api/v1/menu/left, User=webmaster, IP=0:0:0:0:0:0:0:1
2026-03-16 17:02:33 [http-nio-8080-exec-9] INFO  c.c.p.a.i.OperationalAuditInterceptor - API Audit Log: URL=/api/v1/menu/left, User=webmaster, IP=0:0:0:0:0:0:0:1
2026-03-16 17:02:33 [http-nio-8080-exec-15] DEBUG o.s.web.servlet.DispatcherServlet - Completed 200 OK
2026-03-16 17:02:33 [http-nio-8080-exec-5] INFO  c.c.p.a.i.OperationalAuditInterceptor - API Audit Log: URL=/api/v1/menu/left, User=webmaster, IP=0:0:0:0:0:0:0:1
2026-03-16 17:02:33 [http-nio-8080-exec-5] DEBUG o.s.web.servlet.DispatcherServlet - Completed 200 OK
2026-03-16 17:02:33 [http-nio-8080-exec-9] DEBUG o.s.web.servlet.DispatcherServlet - Completed 200 OK
2026-03-16 17:02:33 [http-nio-8080-exec-4] DEBUG o.s.orm.jpa.JpaTransactionManager - Closing JPA EntityManager [SessionImpl(155431810<open>)] after transaction
2026-03-16 17:02:33 [http-nio-8080-exec-17] DEBUG o.s.orm.jpa.JpaTransactionManager - Closing JPA EntityManager [SessionImpl(818995796<open>)] after transaction
2026-03-16 17:02:33 [http-nio-8080-exec-4] INFO  c.c.p.a.c.menu.MenuController - getLeftMenu returned 3 items
2026-03-16 17:02:33 [http-nio-8080-exec-17] INFO  c.c.p.a.c.menu.MenuController - getLeftMenu returned 1 items
2026-03-16 17:02:33 [http-nio-8080-exec-4] DEBUG o.s.w.s.m.m.a.HttpEntityMethodProcessor - Using 'application/json', given [application/json, text/plain, */*] and supported [application/json, application/*+json, application/yaml]
2026-03-16 17:02:33 [http-nio-8080-exec-17] DEBUG o.s.w.s.m.m.a.HttpEntityMethodProcessor - Using 'application/json', given [application/json, text/plain, */*] and supported [application/json, application/*+json, application/yaml]
2026-03-16 17:02:33 [http-nio-8080-exec-4] TRACE o.s.w.s.m.m.a.HttpEntityMethodProcessor - Writing [ApiResponse[success=true, status=200, code=COMMON_001, message=Success, data={list=[com.company.project.service.menu.dto.MenuDto@2cf9da36, com.company.project.service.menu.dto.MenuDto@7949f9e7, com.company.project.service.menu.dto.MenuDto@674a7a0d]}, timestamp=2026-03-16T17:02:33.762338100]]
2026-03-16 17:02:33 [http-nio-8080-exec-17] TRACE o.s.w.s.m.m.a.HttpEntityMethodProcessor - Writing [ApiResponse[success=true, status=200, code=COMMON_001, message=Success, data={list=[com.company.project.service.menu.dto.MenuDto@3dcb860]}, timestamp=2026-03-16T17:02:33.762338100]]
2026-03-16 17:02:33 [http-nio-8080-exec-17] INFO  c.c.p.a.i.OperationalAuditInterceptor - API Audit Log: URL=/api/v1/menu/left, User=webmaster, IP=0:0:0:0:0:0:0:1
2026-03-16 17:02:33 [http-nio-8080-exec-17] DEBUG o.s.web.servlet.DispatcherServlet - Completed 200 OK
2026-03-16 17:02:33 [http-nio-8080-exec-4] INFO  c.c.p.a.i.OperationalAuditInterceptor - API Audit Log: URL=/api/v1/menu/left, User=webmaster, IP=0:0:0:0:0:0:0:1
2026-03-16 17:02:33 [http-nio-8080-exec-4] DEBUG o.s.web.servlet.DispatcherServlet - Completed 200 OK
2026-03-16 17:02:33 [http-nio-8080-exec-6] DEBUG o.s.w.s.h.LoggingWebSocketHandlerDecorator - WebSocketServerSockJsSession[id=2l2i2njk] closed with CloseStatus[code=1000, reason=null]
2026-03-16 17:02:33 [http-nio-8080-exec-6] DEBUG o.s.w.s.m.SubProtocolWebSocketHandler - Clearing session 2l2i2njk
2026-03-16 17:02:33 [scheduling-1] DEBUG org.springframework.web.SimpLogging - Processing DISCONNECT session=2l2i2njk
2026-03-16 17:02:33 [scheduling-1] DEBUG o.s.w.s.m.SubProtocolWebSocketHandler - No session for GenericMessage [payload=byte[0], headers={simpMessageType=DISCONNECT_ACK, simpDisconnectMessage=GenericMessage [payload=byte[0], headers={simpMessageType=DISCONNECT, stompCommand=DISCONNECT, simpSessionAttributes={org.springframework.messaging.simp.SimpAttributes.COMPLETED=true}, simpSessionId=2l2i2njk}], simpSessionId=2l2i2njk}]
2026-03-16 17:02:34 [http-nio-8080-exec-13] DEBUG c.c.p.s.jwt.JwtAuthenticationFilter - >>> [JwtFilter] Processing request: GET /api/v1/menu/left
2026-03-16 17:02:34 [http-nio-8080-exec-11] DEBUG c.c.p.s.jwt.JwtAuthenticationFilter - >>> [JwtFilter] Processing request: GET /api/v1/menu/head
2026-03-16 17:02:34 [http-nio-8080-exec-18] DEBUG c.c.p.s.jwt.JwtAuthenticationFilter - >>> [JwtFilter] Processing request: GET /api/v1/auth/me
2026-03-16 17:02:34 [http-nio-8080-exec-13] DEBUG c.c.p.s.jwt.JwtAuthenticationFilter - >>> [JwtFilter] Found token in header for path: /api/v1/menu/left
2026-03-16 17:02:34 [http-nio-8080-exec-11] DEBUG c.c.p.s.jwt.JwtAuthenticationFilter - >>> [JwtFilter] Found token in header for path: /api/v1/menu/head
2026-03-16 17:02:34 [http-nio-8080-exec-18] DEBUG c.c.p.s.jwt.JwtAuthenticationFilter - >>> [JwtFilter] Found token in header for path: /api/v1/auth/me
2026-03-16 17:02:34 [http-nio-8080-exec-14] DEBUG c.c.p.s.jwt.JwtAuthenticationFilter - >>> [JwtFilter] Processing request: GET /api/v1/api/v1/surveys
2026-03-16 17:02:34 [http-nio-8080-exec-14] DEBUG c.c.p.s.jwt.JwtAuthenticationFilter - >>> [JwtFilter] Found token in header for path: /api/v1/api/v1/surveys
2026-03-16 17:02:34 [http-nio-8080-exec-11] DEBUG o.s.orm.jpa.JpaTransactionManager - Creating new transaction with name [com.company.project.security.iam.CustomUserDetailsService.loadUserByUsername]: PROPAGATION_REQUIRED,ISOLATION_DEFAULT,readOnly
2026-03-16 17:02:34 [http-nio-8080-exec-13] DEBUG o.s.orm.jpa.JpaTransactionManager - Creating new transaction with name [com.company.project.security.iam.CustomUserDetailsService.loadUserByUsername]: PROPAGATION_REQUIRED,ISOLATION_DEFAULT,readOnly
2026-03-16 17:02:34 [http-nio-8080-exec-11] DEBUG o.s.orm.jpa.JpaTransactionManager - Opened new EntityManager [SessionImpl(1611758448<open>)] for JPA transaction
2026-03-16 17:02:34 [http-nio-8080-exec-18] DEBUG o.s.orm.jpa.JpaTransactionManager - Creating new transaction with name [com.company.project.security.iam.CustomUserDetailsService.loadUserByUsername]: PROPAGATION_REQUIRED,ISOLATION_DEFAULT,readOnly
2026-03-16 17:02:34 [http-nio-8080-exec-13] DEBUG o.s.orm.jpa.JpaTransactionManager - Opened new EntityManager [SessionImpl(1646925551<open>)] for JPA transaction
2026-03-16 17:02:34 [http-nio-8080-exec-14] DEBUG o.s.orm.jpa.JpaTransactionManager - Creating new transaction with name [com.company.project.security.iam.CustomUserDetailsService.loadUserByUsername]: PROPAGATION_REQUIRED,ISOLATION_DEFAULT,readOnly
2026-03-16 17:02:34 [http-nio-8080-exec-11] DEBUG o.s.orm.jpa.JpaTransactionManager - Exposing JPA transaction as JDBC [org.springframework.orm.jpa.vendor.HibernateJpaDialect$HibernateConnectionHandle@7d0d058e]
2026-03-16 17:02:34 [http-nio-8080-exec-13] DEBUG o.s.orm.jpa.JpaTransactionManager - Exposing JPA transaction as JDBC [org.springframework.orm.jpa.vendor.HibernateJpaDialect$HibernateConnectionHandle@488037fd]
2026-03-16 17:02:34 [http-nio-8080-exec-14] DEBUG o.s.orm.jpa.JpaTransactionManager - Opened new EntityManager [SessionImpl(1661056111<open>)] for JPA transaction
2026-03-16 17:02:34 [http-nio-8080-exec-11] DEBUG o.s.orm.jpa.JpaTransactionManager - Found thread-bound EntityManager [SessionImpl(1611758448<open>)] for JPA transaction
2026-03-16 17:02:34 [http-nio-8080-exec-18] DEBUG o.s.orm.jpa.JpaTransactionManager - Opened new EntityManager [SessionImpl(506730681<open>)] for JPA transaction
2026-03-16 17:02:34 [http-nio-8080-exec-18] DEBUG o.s.orm.jpa.JpaTransactionManager - Exposing JPA transaction as JDBC [org.springframework.orm.jpa.vendor.HibernateJpaDialect$HibernateConnectionHandle@12f08e16]
2026-03-16 17:02:34 [http-nio-8080-exec-13] DEBUG o.s.orm.jpa.JpaTransactionManager - Found thread-bound EntityManager [SessionImpl(1646925551<open>)] for JPA transaction
2026-03-16 17:02:34 [http-nio-8080-exec-14] DEBUG o.s.orm.jpa.JpaTransactionManager - Exposing JPA transaction as JDBC [org.springframework.orm.jpa.vendor.HibernateJpaDialect$HibernateConnectionHandle@2e7376f4]
2026-03-16 17:02:34 [http-nio-8080-exec-18] DEBUG o.s.orm.jpa.JpaTransactionManager - Found thread-bound EntityManager [SessionImpl(506730681<open>)] for JPA transaction
2026-03-16 17:02:34 [http-nio-8080-exec-14] DEBUG o.s.orm.jpa.JpaTransactionManager - Found thread-bound EntityManager [SessionImpl(1661056111<open>)] for JPA transaction
2026-03-16 17:02:34 [http-nio-8080-exec-11] DEBUG o.s.orm.jpa.JpaTransactionManager - Participating in existing transaction
2026-03-16 17:02:34 [http-nio-8080-exec-14] DEBUG o.s.orm.jpa.JpaTransactionManager - Participating in existing transaction
2026-03-16 17:02:34 [http-nio-8080-exec-13] DEBUG o.s.orm.jpa.JpaTransactionManager - Participating in existing transaction
2026-03-16 17:02:34 [http-nio-8080-exec-18] DEBUG o.s.orm.jpa.JpaTransactionManager - Participating in existing transaction
2026-03-16 17:02:34 [http-nio-8080-exec-11] DEBUG org.hibernate.SQL - select u1_0.emplyr_id,u1_0.area_no,u1_0.brthdy,u1_0.chg_pwd_cnt,u1_0.frst_register_id,u1_0.frst_regist_pnttm,u1_0.detail_adres,u1_0.email_adres,u1_0.emplyr_sttus_code,u1_0.empl_no,u1_0.esntl_id,u1_0.fxnum,u1_0.group_id,u1_0.house_adres,u1_0.house_end_telno,u1_0.house_middle_telno,u1_0.ihidnum,u1_0.pstinst_code,u1_0.last_updusr_id,u1_0.last_updt_pnttm,u1_0.lock_at,u1_0.lock_cnt,u1_0.lock_last_pnttm,u1_0.mbtlnum,u1_0.ofcps_nm,u1_0.offm_telno,u1_0.orgnzt_id,u1_0.password,u1_0.password_cnsr,u1_0.password_hint,u1_0.chg_pwd_last_pnttm,u1_0.role,u1_0.sbscrb_de,u1_0.sexdstn_code,u1_0.crtfc_dn_value,u1_0.user_nm,u1_0.zip from nemplyrinfo u1_0 where u1_0.emplyr_id=?
2026-03-16 17:02:34 [http-nio-8080-exec-14] DEBUG org.hibernate.SQL - select u1_0.emplyr_id,u1_0.area_no,u1_0.brthdy,u1_0.chg_pwd_cnt,u1_0.frst_register_id,u1_0.frst_regist_pnttm,u1_0.detail_adres,u1_0.email_adres,u1_0.emplyr_sttus_code,u1_0.empl_no,u1_0.esntl_id,u1_0.fxnum,u1_0.group_id,u1_0.house_adres,u1_0.house_end_telno,u1_0.house_middle_telno,u1_0.ihidnum,u1_0.pstinst_code,u1_0.last_updusr_id,u1_0.last_updt_pnttm,u1_0.lock_at,u1_0.lock_cnt,u1_0.lock_last_pnttm,u1_0.mbtlnum,u1_0.ofcps_nm,u1_0.offm_telno,u1_0.orgnzt_id,u1_0.password,u1_0.password_cnsr,u1_0.password_hint,u1_0.chg_pwd_last_pnttm,u1_0.role,u1_0.sbscrb_de,u1_0.sexdstn_code,u1_0.crtfc_dn_value,u1_0.user_nm,u1_0.zip from nemplyrinfo u1_0 where u1_0.emplyr_id=?
2026-03-16 17:02:34 [http-nio-8080-exec-13] DEBUG org.hibernate.SQL - select u1_0.emplyr_id,u1_0.area_no,u1_0.brthdy,u1_0.chg_pwd_cnt,u1_0.frst_register_id,u1_0.frst_regist_pnttm,u1_0.detail_adres,u1_0.email_adres,u1_0.emplyr_sttus_code,u1_0.empl_no,u1_0.esntl_id,u1_0.fxnum,u1_0.group_id,u1_0.house_adres,u1_0.house_end_telno,u1_0.house_middle_telno,u1_0.ihidnum,u1_0.pstinst_code,u1_0.last_updusr_id,u1_0.last_updt_pnttm,u1_0.lock_at,u1_0.lock_cnt,u1_0.lock_last_pnttm,u1_0.mbtlnum,u1_0.ofcps_nm,u1_0.offm_telno,u1_0.orgnzt_id,u1_0.password,u1_0.password_cnsr,u1_0.password_hint,u1_0.chg_pwd_last_pnttm,u1_0.role,u1_0.sbscrb_de,u1_0.sexdstn_code,u1_0.crtfc_dn_value,u1_0.user_nm,u1_0.zip from nemplyrinfo u1_0 where u1_0.emplyr_id=?
2026-03-16 17:02:34 [http-nio-8080-exec-18] DEBUG org.hibernate.SQL - select u1_0.emplyr_id,u1_0.area_no,u1_0.brthdy,u1_0.chg_pwd_cnt,u1_0.frst_register_id,u1_0.frst_regist_pnttm,u1_0.detail_adres,u1_0.email_adres,u1_0.emplyr_sttus_code,u1_0.empl_no,u1_0.esntl_id,u1_0.fxnum,u1_0.group_id,u1_0.house_adres,u1_0.house_end_telno,u1_0.house_middle_telno,u1_0.ihidnum,u1_0.pstinst_code,u1_0.last_updusr_id,u1_0.last_updt_pnttm,u1_0.lock_at,u1_0.lock_cnt,u1_0.lock_last_pnttm,u1_0.mbtlnum,u1_0.ofcps_nm,u1_0.offm_telno,u1_0.orgnzt_id,u1_0.password,u1_0.password_cnsr,u1_0.password_hint,u1_0.chg_pwd_last_pnttm,u1_0.role,u1_0.sbscrb_de,u1_0.sexdstn_code,u1_0.crtfc_dn_value,u1_0.user_nm,u1_0.zip from nemplyrinfo u1_0 where u1_0.emplyr_id=?
2026-03-16 17:02:34 [http-nio-8080-exec-13] DEBUG o.s.orm.jpa.JpaTransactionManager - Found thread-bound EntityManager [SessionImpl(1646925551<open>)] for JPA transaction
2026-03-16 17:02:34 [http-nio-8080-exec-13] DEBUG o.s.orm.jpa.JpaTransactionManager - Participating in existing transaction
2026-03-16 17:02:34 [http-nio-8080-exec-13] DEBUG org.hibernate.SQL - select ua1_0.scrty_dtrmn_trget_id,ua1_0.author_code,ua1_0.frst_register_id,ua1_0.frst_regist_pnttm,ua1_0.last_updusr_id,ua1_0.last_updt_pnttm,ua1_0.mber_ty_code from nemplyrscrtyestbs ua1_0 where ua1_0.scrty_dtrmn_trget_id=?
2026-03-16 17:02:34 [http-nio-8080-exec-11] DEBUG o.s.orm.jpa.JpaTransactionManager - Found thread-bound EntityManager [SessionImpl(1611758448<open>)] for JPA transaction
2026-03-16 17:02:34 [http-nio-8080-exec-14] DEBUG o.s.orm.jpa.JpaTransactionManager - Found thread-bound EntityManager [SessionImpl(1661056111<open>)] for JPA transaction
2026-03-16 17:02:34 [http-nio-8080-exec-11] DEBUG o.s.orm.jpa.JpaTransactionManager - Participating in existing transaction
2026-03-16 17:02:34 [http-nio-8080-exec-14] DEBUG o.s.orm.jpa.JpaTransactionManager - Participating in existing transaction
2026-03-16 17:02:34 [http-nio-8080-exec-11] DEBUG org.hibernate.SQL - select ua1_0.scrty_dtrmn_trget_id,ua1_0.author_code,ua1_0.frst_register_id,ua1_0.frst_regist_pnttm,ua1_0.last_updusr_id,ua1_0.last_updt_pnttm,ua1_0.mber_ty_code from nemplyrscrtyestbs ua1_0 where ua1_0.scrty_dtrmn_trget_id=?
2026-03-16 17:02:34 [http-nio-8080-exec-14] DEBUG org.hibernate.SQL - select ua1_0.scrty_dtrmn_trget_id,ua1_0.author_code,ua1_0.frst_register_id,ua1_0.frst_regist_pnttm,ua1_0.last_updusr_id,ua1_0.last_updt_pnttm,ua1_0.mber_ty_code from nemplyrscrtyestbs ua1_0 where ua1_0.scrty_dtrmn_trget_id=?
2026-03-16 17:02:34 [http-nio-8080-exec-18] DEBUG o.s.orm.jpa.JpaTransactionManager - Found thread-bound EntityManager [SessionImpl(506730681<open>)] for JPA transaction
2026-03-16 17:02:34 [http-nio-8080-exec-18] DEBUG o.s.orm.jpa.JpaTransactionManager - Participating in existing transaction
2026-03-16 17:02:34 [http-nio-8080-exec-18] DEBUG org.hibernate.SQL - select ua1_0.scrty_dtrmn_trget_id,ua1_0.author_code,ua1_0.frst_register_id,ua1_0.frst_regist_pnttm,ua1_0.last_updusr_id,ua1_0.last_updt_pnttm,ua1_0.mber_ty_code from nemplyrscrtyestbs ua1_0 where ua1_0.scrty_dtrmn_trget_id=?
2026-03-16 17:02:34 [http-nio-8080-exec-2] DEBUG c.c.p.s.jwt.JwtAuthenticationFilter - >>> [JwtFilter] Processing request: GET /api/v1/dashboard
2026-03-16 17:02:34 [http-nio-8080-exec-7] DEBUG c.c.p.s.jwt.JwtAuthenticationFilter - >>> [JwtFilter] Processing request: GET /api/v1/menu/head
2026-03-16 17:02:34 [http-nio-8080-exec-2] DEBUG c.c.p.s.jwt.JwtAuthenticationFilter - >>> [JwtFilter] Found token in header for path: /api/v1/dashboard
2026-03-16 17:02:34 [http-nio-8080-exec-7] DEBUG c.c.p.s.jwt.JwtAuthenticationFilter - >>> [JwtFilter] Found token in header for path: /api/v1/menu/head
2026-03-16 17:02:34 [http-nio-8080-exec-2] DEBUG o.s.orm.jpa.JpaTransactionManager - Creating new transaction with name [com.company.project.security.iam.CustomUserDetailsService.loadUserByUsername]: PROPAGATION_REQUIRED,ISOLATION_DEFAULT,readOnly
2026-03-16 17:02:34 [http-nio-8080-exec-7] DEBUG o.s.orm.jpa.JpaTransactionManager - Creating new transaction with name [com.company.project.security.iam.CustomUserDetailsService.loadUserByUsername]: PROPAGATION_REQUIRED,ISOLATION_DEFAULT,readOnly
2026-03-16 17:02:34 [http-nio-8080-exec-2] DEBUG o.s.orm.jpa.JpaTransactionManager - Opened new EntityManager [SessionImpl(1095745877<open>)] for JPA transaction
2026-03-16 17:02:34 [http-nio-8080-exec-7] DEBUG o.s.orm.jpa.JpaTransactionManager - Opened new EntityManager [SessionImpl(1161552743<open>)] for JPA transaction
2026-03-16 17:02:34 [http-nio-8080-exec-13] DEBUG o.s.orm.jpa.JpaTransactionManager - Initiating transaction commit
2026-03-16 17:02:34 [http-nio-8080-exec-13] DEBUG o.s.orm.jpa.JpaTransactionManager - Committing JPA transaction on EntityManager [SessionImpl(1646925551<open>)]
2026-03-16 17:02:34 [http-nio-8080-exec-11] DEBUG o.s.orm.jpa.JpaTransactionManager - Initiating transaction commit
2026-03-16 17:02:34 [http-nio-8080-exec-11] DEBUG o.s.orm.jpa.JpaTransactionManager - Committing JPA transaction on EntityManager [SessionImpl(1611758448<open>)]
2026-03-16 17:02:34 [http-nio-8080-exec-14] DEBUG o.s.orm.jpa.JpaTransactionManager - Initiating transaction commit
2026-03-16 17:02:34 [http-nio-8080-exec-14] DEBUG o.s.orm.jpa.JpaTransactionManager - Committing JPA transaction on EntityManager [SessionImpl(1661056111<open>)]
2026-03-16 17:02:34 [http-nio-8080-exec-18] DEBUG o.s.orm.jpa.JpaTransactionManager - Initiating transaction commit
2026-03-16 17:02:34 [http-nio-8080-exec-18] DEBUG o.s.orm.jpa.JpaTransactionManager - Committing JPA transaction on EntityManager [SessionImpl(506730681<open>)]
2026-03-16 17:02:34 [http-nio-8080-exec-2] DEBUG o.s.orm.jpa.JpaTransactionManager - Exposing JPA transaction as JDBC [org.springframework.orm.jpa.vendor.HibernateJpaDialect$HibernateConnectionHandle@3b9b5ca]
2026-03-16 17:02:34 [http-nio-8080-exec-7] DEBUG o.s.orm.jpa.JpaTransactionManager - Exposing JPA transaction as JDBC [org.springframework.orm.jpa.vendor.HibernateJpaDialect$HibernateConnectionHandle@7bdac88a]
2026-03-16 17:02:34 [http-nio-8080-exec-2] DEBUG o.s.orm.jpa.JpaTransactionManager - Found thread-bound EntityManager [SessionImpl(1095745877<open>)] for JPA transaction
2026-03-16 17:02:34 [http-nio-8080-exec-7] DEBUG o.s.orm.jpa.JpaTransactionManager - Found thread-bound EntityManager [SessionImpl(1161552743<open>)] for JPA transaction
2026-03-16 17:02:34 [http-nio-8080-exec-2] DEBUG o.s.orm.jpa.JpaTransactionManager - Participating in existing transaction
2026-03-16 17:02:34 [http-nio-8080-exec-7] DEBUG o.s.orm.jpa.JpaTransactionManager - Participating in existing transaction
2026-03-16 17:02:34 [http-nio-8080-exec-7] DEBUG org.hibernate.SQL - select u1_0.emplyr_id,u1_0.area_no,u1_0.brthdy,u1_0.chg_pwd_cnt,u1_0.frst_register_id,u1_0.frst_regist_pnttm,u1_0.detail_adres,u1_0.email_adres,u1_0.emplyr_sttus_code,u1_0.empl_no,u1_0.esntl_id,u1_0.fxnum,u1_0.group_id,u1_0.house_adres,u1_0.house_end_telno,u1_0.house_middle_telno,u1_0.ihidnum,u1_0.pstinst_code,u1_0.last_updusr_id,u1_0.last_updt_pnttm,u1_0.lock_at,u1_0.lock_cnt,u1_0.lock_last_pnttm,u1_0.mbtlnum,u1_0.ofcps_nm,u1_0.offm_telno,u1_0.orgnzt_id,u1_0.password,u1_0.password_cnsr,u1_0.password_hint,u1_0.chg_pwd_last_pnttm,u1_0.role,u1_0.sbscrb_de,u1_0.sexdstn_code,u1_0.crtfc_dn_value,u1_0.user_nm,u1_0.zip from nemplyrinfo u1_0 where u1_0.emplyr_id=?
2026-03-16 17:02:34 [http-nio-8080-exec-2] DEBUG org.hibernate.SQL - select u1_0.emplyr_id,u1_0.area_no,u1_0.brthdy,u1_0.chg_pwd_cnt,u1_0.frst_register_id,u1_0.frst_regist_pnttm,u1_0.detail_adres,u1_0.email_adres,u1_0.emplyr_sttus_code,u1_0.empl_no,u1_0.esntl_id,u1_0.fxnum,u1_0.group_id,u1_0.house_adres,u1_0.house_end_telno,u1_0.house_middle_telno,u1_0.ihidnum,u1_0.pstinst_code,u1_0.last_updusr_id,u1_0.last_updt_pnttm,u1_0.lock_at,u1_0.lock_cnt,u1_0.lock_last_pnttm,u1_0.mbtlnum,u1_0.ofcps_nm,u1_0.offm_telno,u1_0.orgnzt_id,u1_0.password,u1_0.password_cnsr,u1_0.password_hint,u1_0.chg_pwd_last_pnttm,u1_0.role,u1_0.sbscrb_de,u1_0.sexdstn_code,u1_0.crtfc_dn_value,u1_0.user_nm,u1_0.zip from nemplyrinfo u1_0 where u1_0.emplyr_id=?
2026-03-16 17:02:34 [http-nio-8080-exec-13] DEBUG o.s.orm.jpa.JpaTransactionManager - Closing JPA EntityManager [SessionImpl(1646925551<open>)] after transaction
2026-03-16 17:02:34 [http-nio-8080-exec-11] DEBUG o.s.orm.jpa.JpaTransactionManager - Closing JPA EntityManager [SessionImpl(1611758448<open>)] after transaction
2026-03-16 17:02:34 [http-nio-8080-exec-14] DEBUG o.s.orm.jpa.JpaTransactionManager - Closing JPA EntityManager [SessionImpl(1661056111<open>)] after transaction
2026-03-16 17:02:34 [http-nio-8080-exec-13] DEBUG c.c.p.s.jwt.JwtAuthenticationFilter - >>> [JwtFilter] Successfully authenticated user: USRCNFRM_99999999999, Authorities: [ROLE_ADMIN]
2026-03-16 17:02:34 [http-nio-8080-exec-14] DEBUG c.c.p.s.jwt.JwtAuthenticationFilter - >>> [JwtFilter] Successfully authenticated user: USRCNFRM_99999999999, Authorities: [ROLE_ADMIN]
2026-03-16 17:02:34 [http-nio-8080-exec-11] DEBUG c.c.p.s.jwt.JwtAuthenticationFilter - >>> [JwtFilter] Successfully authenticated user: USRCNFRM_99999999999, Authorities: [ROLE_ADMIN]
2026-03-16 17:02:34 [http-nio-8080-exec-13] DEBUG o.s.web.servlet.DispatcherServlet - GET "/api/v1/menu/left?menuNo=10", parameters={masked}
2026-03-16 17:02:34 [http-nio-8080-exec-11] DEBUG o.s.web.servlet.DispatcherServlet - GET "/api/v1/menu/head", parameters={}
2026-03-16 17:02:34 [http-nio-8080-exec-14] DEBUG o.s.web.servlet.DispatcherServlet - GET "/api/v1/api/v1/surveys?page=1&size=10&keyword=", parameters={masked}
2026-03-16 17:02:34 [http-nio-8080-exec-13] TRACE o.s.w.s.m.m.a.RequestMappingHandlerMapping - Mapped to com.company.project.api.controller.menu.MenuController#getLeftMenu(Long)
2026-03-16 17:02:34 [http-nio-8080-exec-11] TRACE o.s.w.s.m.m.a.RequestMappingHandlerMapping - Mapped to com.company.project.api.controller.menu.MenuController#getHeadMenu()
2026-03-16 17:02:34 [http-nio-8080-exec-11] INFO  c.c.p.a.c.menu.MenuController - getHeadMenu called
2026-03-16 17:02:34 [http-nio-8080-exec-13] INFO  c.c.p.a.c.menu.MenuController - getLeftMenu called with menuNo=10
2026-03-16 17:02:34 [http-nio-8080-exec-13] DEBUG o.s.orm.jpa.JpaTransactionManager - Creating new transaction with name [com.company.project.service.menu.MenuService.getSubMenus]: PROPAGATION_REQUIRED,ISOLATION_DEFAULT,readOnly
2026-03-16 17:02:34 [http-nio-8080-exec-13] DEBUG o.s.orm.jpa.JpaTransactionManager - Opened new EntityManager [SessionImpl(1548011394<open>)] for JPA transaction
2026-03-16 17:02:34 [http-nio-8080-exec-13] DEBUG o.s.orm.jpa.JpaTransactionManager - Exposing JPA transaction as JDBC [org.springframework.orm.jpa.vendor.HibernateJpaDialect$HibernateConnectionHandle@6f4122a4]
2026-03-16 17:02:34 [http-nio-8080-exec-11] INFO  c.c.p.a.c.menu.MenuController - getHeadMenu returned 5 items
2026-03-16 17:02:34 [http-nio-8080-exec-11] DEBUG o.s.w.s.m.m.a.HttpEntityMethodProcessor - Using 'application/json', given [application/json, text/plain, */*] and supported [application/json, application/*+json, application/yaml]
2026-03-16 17:02:34 [http-nio-8080-exec-11] TRACE o.s.w.s.m.m.a.HttpEntityMethodProcessor - Writing [ApiResponse[success=true, status=200, code=COMMON_001, message=Success, data={list=[com.company.project.service.menu.dto.MenuDto@2b80d6b0, com.company.project.service.menu.dto.MenuDto@1418cfa3, com.company.project.service.menu.dto.MenuDto@f230bf1, com.company.project.service.menu.dto.MenuDto@734a7f6a, com.company.project.service.menu.dto.MenuDto@5e5202e5]}, timestamp=2026-03-16T17:02:34.610267]]
2026-03-16 17:02:34 [http-nio-8080-exec-13] DEBUG org.hibernate.SQL - select m1_0.menu_no,m1_0.menu_dc,m1_0.menu_nm,m1_0.menu_ordr,m1_0.modern_route,m1_0.progrm_file_nm,m1_0.relate_image_nm,m1_0.relate_image_path,m1_0.route_updated_at,m1_0.upper_menu_no from nmenuinfo m1_0 order by m1_0.upper_menu_no,m1_0.menu_ordr
2026-03-16 17:02:34 [http-nio-8080-exec-14] DEBUG o.s.w.s.h.SimpleUrlHandlerMapping - Mapped to ResourceHttpRequestHandler [classpath [META-INF/resources/], classpath [resources/], classpath [static/], classpath [public/], ServletContext [/]]
2026-03-16 17:02:34 [http-nio-8080-exec-11] INFO  c.c.p.a.i.OperationalAuditInterceptor - API Audit Log: URL=/api/v1/menu/head, User=webmaster, IP=127.0.0.1
2026-03-16 17:02:34 [http-nio-8080-exec-11] DEBUG o.s.web.servlet.DispatcherServlet - Completed 200 OK
2026-03-16 17:02:34 [http-nio-8080-exec-14] DEBUG o.s.w.s.r.ResourceHttpRequestHandler - Resource not found
2026-03-16 17:02:34 [http-nio-8080-exec-14] DEBUG o.s.w.s.m.m.a.ExceptionHandlerExceptionResolver - Using @ExceptionHandler com.company.project.core.exception.GlobalExceptionHandler#handleException(Exception)
2026-03-16 17:02:34 [http-nio-8080-exec-14] ERROR c.c.p.c.e.GlobalExceptionHandler - >>> Internal Server Error: No static resource api/v1/api/v1/surveys.
org.springframework.web.servlet.resource.NoResourceFoundException: No static resource api/v1/api/v1/surveys.
	at org.springframework.web.servlet.resource.ResourceHttpRequestHandler.handleRequest(ResourceHttpRequestHandler.java:585)
	at org.springframework.web.servlet.mvc.HttpRequestHandlerAdapter.handle(HttpRequestHandlerAdapter.java:52)
	at org.springframework.web.servlet.DispatcherServlet.doDispatch(DispatcherServlet.java:1088)
	at org.springframework.web.servlet.DispatcherServlet.doService(DispatcherServlet.java:978)
	at org.springframework.web.servlet.FrameworkServlet.processRequest(FrameworkServlet.java:1014)
	at org.springframework.web.servlet.FrameworkServlet.doGet(FrameworkServlet.java:903)
	at jakarta.servlet.http.HttpServlet.service(HttpServlet.java:527)
	at org.springframework.web.servlet.FrameworkServlet.service(FrameworkServlet.java:885)
	at jakarta.servlet.http.HttpServlet.service(HttpServlet.java:614)
	at org.apache.catalina.core.ApplicationFilterChain.internalDoFilter(ApplicationFilterChain.java:195)
	at org.apache.catalina.core.ApplicationFilterChain.doFilter(ApplicationFilterChain.java:140)
	at org.apache.tomcat.websocket.server.WsFilter.doFilter(WsFilter.java:51)
	at org.apache.catalina.core.ApplicationFilterChain.internalDoFilter(ApplicationFilterChain.java:164)
	at org.apache.catalina.core.ApplicationFilterChain.doFilter(ApplicationFilterChain.java:140)
	at org.springframework.web.filter.CompositeFilter$VirtualFilterChain.doFilter(CompositeFilter.java:108)
	at org.springframework.security.web.FilterChainProxy.lambda$doFilterInternal$3(FilterChainProxy.java:231)
	at org.springframework.security.web.ObservationFilterChainDecorator$FilterObservation$SimpleFilterObservation.lambda$wrap$1(ObservationFilterChainDecorator.java:479)
	at org.springframework.security.web.ObservationFilterChainDecorator$AroundFilterObservation$SimpleAroundFilterObservation.lambda$wrap$1(ObservationFilterChainDecorator.java:340)
	at org.springframework.security.web.ObservationFilterChainDecorator.lambda$wrapSecured$0(ObservationFilterChainDecorator.java:82)
	at org.springframework.security.web.ObservationFilterChainDecorator$VirtualFilterChain.doFilter(ObservationFilterChainDecorator.java:128)
	at org.springframework.security.web.access.intercept.AuthorizationFilter.doFilter(AuthorizationFilter.java:101)
	at org.springframework.security.web.ObservationFilterChainDecorator$ObservationFilter.wrapFilter(ObservationFilterChainDecorator.java:240)
	at org.springframework.security.web.ObservationFilterChainDecorator$ObservationFilter.doFilter(ObservationFilterChainDecorator.java:227)
	at org.springframework.security.web.ObservationFilterChainDecorator$VirtualFilterChain.doFilter(ObservationFilterChainDecorator.java:137)
	at org.springframework.security.web.access.ExceptionTranslationFilter.doFilter(ExceptionTranslationFilter.java:126)
	at org.springframework.security.web.access.ExceptionTranslationFilter.doFilter(ExceptionTranslationFilter.java:120)
	at org.springframework.security.web.ObservationFilterChainDecorator$ObservationFilter.wrapFilter(ObservationFilterChainDecorator.java:240)
	at org.springframework.security.web.ObservationFilterChainDecorator$ObservationFilter.doFilter(ObservationFilterChainDecorator.java:227)
	at org.springframework.security.web.ObservationFilterChainDecorator$VirtualFilterChain.doFilter(ObservationFilterChainDecorator.java:137)
	at org.springframework.security.web.session.SessionManagementFilter.doFilter(SessionManagementFilter.java:131)
	at org.springframework.security.web.session.SessionManagementFilter.doFilter(SessionManagementFilter.java:85)
	at org.springframework.security.web.ObservationFilterChainDecorator$ObservationFilter.wrapFilter(ObservationFilterChainDecorator.java:240)
	at org.springframework.security.web.ObservationFilterChainDecorator$ObservationFilter.doFilter(ObservationFilterChainDecorator.java:227)
	at org.springframework.security.web.ObservationFilterChainDecorator$VirtualFilterChain.doFilter(ObservationFilterChainDecorator.java:137)
	at org.springframework.security.web.authentication.AnonymousAuthenticationFilter.doFilter(AnonymousAuthenticationFilter.java:100)
	at org.springframework.security.web.ObservationFilterChainDecorator$ObservationFilter.wrapFilter(ObservationFilterChainDecorator.java:240)
	at org.springframework.security.web.ObservationFilterChainDecorator$ObservationFilter.doFilter(ObservationFilterChainDecorator.java:227)
	at org.springframework.security.web.ObservationFilterChainDecorator$VirtualFilterChain.doFilter(ObservationFilterChainDecorator.java:137)
	at org.springframework.security.web.servletapi.SecurityContextHolderAwareRequestFilter.doFilter(SecurityContextHolderAwareRequestFilter.java:179)
	at org.springframework.security.web.ObservationFilterChainDecorator$ObservationFilter.wrapFilter(ObservationFilterChainDecorator.java:240)
	at org.springframework.security.web.ObservationFilterChainDecorator$ObservationFilter.doFilter(ObservationFilterChainDecorator.java:227)
	at org.springframework.security.web.ObservationFilterChainDecorator$VirtualFilterChain.doFilter(ObservationFilterChainDecorator.java:137)
	at org.springframework.security.web.savedrequest.RequestCacheAwareFilter.doFilter(RequestCacheAwareFilter.java:63)
	at org.springframework.security.web.ObservationFilterChainDecorator$ObservationFilter.wrapFilter(ObservationFilterChainDecorator.java:240)
	at org.springframework.security.web.ObservationFilterChainDecorator$ObservationFilter.doFilter(ObservationFilterChainDecorator.java:227)
	at org.springframework.security.web.ObservationFilterChainDecorator$VirtualFilterChain.doFilter(ObservationFilterChainDecorator.java:137)
	at com.company.project.security.jwt.JwtAuthenticationFilter.doFilterInternal(JwtAuthenticationFilter.java:52)
	at org.springframework.web.filter.OncePerRequestFilter.doFilter(OncePerRequestFilter.java:116)
	at org.springframework.security.web.ObservationFilterChainDecorator$ObservationFilter.wrapFilter(ObservationFilterChainDecorator.java:240)
	at org.springframework.security.web.ObservationFilterChainDecorator$ObservationFilter.doFilter(ObservationFilterChainDecorator.java:227)
	at org.springframework.security.web.ObservationFilterChainDecorator$VirtualFilterChain.doFilter(ObservationFilterChainDecorator.java:137)
	at org.springframework.security.web.authentication.logout.LogoutFilter.doFilter(LogoutFilter.java:107)
	at org.springframework.security.web.authentication.logout.LogoutFilter.doFilter(LogoutFilter.java:93)
	at org.springframework.security.web.ObservationFilterChainDecorator$ObservationFilter.wrapFilter(ObservationFilterChainDecorator.java:240)
	at org.springframework.security.web.ObservationFilterChainDecorator$ObservationFilter.doFilter(ObservationFilterChainDecorator.java:227)
	at org.springframework.security.web.ObservationFilterChainDecorator$VirtualFilterChain.doFilter(ObservationFilterChainDecorator.java:137)
	at org.springframework.web.filter.CorsFilter.doFilterInternal(CorsFilter.java:91)
	at org.springframework.web.filter.OncePerRequestFilter.doFilter(OncePerRequestFilter.java:116)
	at org.springframework.security.web.ObservationFilterChainDecorator$ObservationFilter.wrapFilter(ObservationFilterChainDecorator.java:240)
	at org.springframework.security.web.ObservationFilterChainDecorator$ObservationFilter.doFilter(ObservationFilterChainDecorator.java:227)
	at org.springframework.security.web.ObservationFilterChainDecorator$VirtualFilterChain.doFilter(ObservationFilterChainDecorator.java:137)
	at org.springframework.security.web.header.HeaderWriterFilter.doHeadersAfter(HeaderWriterFilter.java:90)
	at org.springframework.security.web.header.HeaderWriterFilter.doFilterInternal(HeaderWriterFilter.java:75)
	at org.springframework.web.filter.OncePerRequestFilter.doFilter(OncePerRequestFilter.java:116)
	at org.springframework.security.web.ObservationFilterChainDecorator$ObservationFilter.wrapFilter(ObservationFilterChainDecorator.java:240)
	at org.springframework.security.web.ObservationFilterChainDecorator$ObservationFilter.doFilter(ObservationFilterChainDecorator.java:227)
	at org.springframework.security.web.ObservationFilterChainDecorator$VirtualFilterChain.doFilter(ObservationFilterChainDecorator.java:137)
	at org.springframework.security.web.context.SecurityContextHolderFilter.doFilter(SecurityContextHolderFilter.java:82)
	at org.springframework.security.web.context.SecurityContextHolderFilter.doFilter(SecurityContextHolderFilter.java:69)
	at org.springframework.security.web.ObservationFilterChainDecorator$ObservationFilter.wrapFilter(ObservationFilterChainDecorator.java:240)
	at org.springframework.security.web.ObservationFilterChainDecorator$ObservationFilter.doFilter(ObservationFilterChainDecorator.java:227)
	at org.springframework.security.web.ObservationFilterChainDecorator$VirtualFilterChain.doFilter(ObservationFilterChainDecorator.java:137)
	at org.springframework.security.web.context.request.async.WebAsyncManagerIntegrationFilter.doFilterInternal(WebAsyncManagerIntegrationFilter.java:62)
	at org.springframework.web.filter.OncePerRequestFilter.doFilter(OncePerRequestFilter.java:116)
	at org.springframework.security.web.ObservationFilterChainDecorator$ObservationFilter.wrapFilter(ObservationFilterChainDecorator.java:240)
	at org.springframework.security.web.ObservationFilterChainDecorator$ObservationFilter.doFilter(ObservationFilterChainDecorator.java:227)
	at org.springframework.security.web.ObservationFilterChainDecorator$VirtualFilterChain.doFilter(ObservationFilterChainDecorator.java:137)
	at org.springframework.security.web.session.DisableEncodeUrlFilter.doFilterInternal(DisableEncodeUrlFilter.java:42)
	at org.springframework.web.filter.OncePerRequestFilter.doFilter(OncePerRequestFilter.java:116)
	at org.springframework.security.web.ObservationFilterChainDecorator$ObservationFilter.wrapFilter(ObservationFilterChainDecorator.java:240)
	at org.springframework.security.web.ObservationFilterChainDecorator$AroundFilterObservation$SimpleAroundFilterObservation.lambda$wrap$0(ObservationFilterChainDecorator.java:323)
	at org.springframework.security.web.ObservationFilterChainDecorator$ObservationFilter.doFilter(ObservationFilterChainDecorator.java:224)
	at org.springframework.security.web.ObservationFilterChainDecorator$VirtualFilterChain.doFilter(ObservationFilterChainDecorator.java:137)
	at org.springframework.security.web.FilterChainProxy.doFilterInternal(FilterChainProxy.java:233)
	at org.springframework.security.web.FilterChainProxy.doFilter(FilterChainProxy.java:191)
	at org.springframework.web.filter.CompositeFilter$VirtualFilterChain.doFilter(CompositeFilter.java:113)
	at org.springframework.web.servlet.handler.HandlerMappingIntrospector.lambda$createCacheFilter$3(HandlerMappingIntrospector.java:243)
	at org.springframework.web.filter.CompositeFilter$VirtualFilterChain.doFilter(CompositeFilter.java:113)
	at org.springframework.web.filter.CompositeFilter.doFilter(CompositeFilter.java:74)
	at org.springframework.security.config.annotation.web.configuration.WebMvcSecurityConfiguration$CompositeFilterChainProxy.doFilter(WebMvcSecurityConfiguration.java:238)
	at org.springframework.web.filter.DelegatingFilterProxy.invokeDelegate(DelegatingFilterProxy.java:362)
	at org.springframework.web.filter.DelegatingFilterProxy.doFilter(DelegatingFilterProxy.java:278)
	at org.apache.catalina.core.ApplicationFilterChain.internalDoFilter(ApplicationFilterChain.java:164)
	at org.apache.catalina.core.ApplicationFilterChain.doFilter(ApplicationFilterChain.java:140)
	at org.springframework.web.filter.RequestContextFilter.doFilterInternal(RequestContextFilter.java:100)
	at org.springframework.web.filter.OncePerRequestFilter.doFilter(OncePerRequestFilter.java:116)
	at org.apache.catalina.core.ApplicationFilterChain.internalDoFilter(ApplicationFilterChain.java:164)
	at org.apache.catalina.core.ApplicationFilterChain.doFilter(ApplicationFilterChain.java:140)
	at org.springframework.web.filter.FormContentFilter.doFilterInternal(FormContentFilter.java:93)
	at org.springframework.web.filter.OncePerRequestFilter.doFilter(OncePerRequestFilter.java:116)
	at org.apache.catalina.core.ApplicationFilterChain.internalDoFilter(ApplicationFilterChain.java:164)
	at org.apache.catalina.core.ApplicationFilterChain.doFilter(ApplicationFilterChain.java:140)
	at org.springframework.web.filter.ServerHttpObservationFilter.doFilterInternal(ServerHttpObservationFilter.java:114)
	at org.springframework.web.filter.OncePerRequestFilter.doFilter(OncePerRequestFilter.java:116)
	at org.apache.catalina.core.ApplicationFilterChain.internalDoFilter(ApplicationFilterChain.java:164)
	at org.apache.catalina.core.ApplicationFilterChain.doFilter(ApplicationFilterChain.java:140)
	at org.springframework.web.filter.CharacterEncodingFilter.doFilterInternal(CharacterEncodingFilter.java:201)
	at org.springframework.web.filter.OncePerRequestFilter.doFilter(OncePerRequestFilter.java:116)
	at org.apache.catalina.core.ApplicationFilterChain.internalDoFilter(ApplicationFilterChain.java:164)
	at org.apache.catalina.core.ApplicationFilterChain.doFilter(ApplicationFilterChain.java:140)
	at org.apache.catalina.core.StandardWrapperValve.invoke(StandardWrapperValve.java:167)
	at org.apache.catalina.core.StandardContextValve.invoke(StandardContextValve.java:90)
	at org.apache.catalina.authenticator.AuthenticatorBase.invoke(AuthenticatorBase.java:483)
	at org.apache.catalina.core.StandardHostValve.invoke(StandardHostValve.java:115)
	at org.apache.catalina.valves.ErrorReportValve.invoke(ErrorReportValve.java:93)
	at org.apache.catalina.core.StandardEngineValve.invoke(StandardEngineValve.java:74)
	at org.apache.catalina.connector.CoyoteAdapter.service(CoyoteAdapter.java:344)
	at org.apache.coyote.http11.Http11Processor.service(Http11Processor.java:397)
	at org.apache.coyote.AbstractProcessorLight.process(AbstractProcessorLight.java:63)
	at org.apache.coyote.AbstractProtocol$ConnectionHandler.process(AbstractProtocol.java:905)
	at org.apache.tomcat.util.net.NioEndpoint$SocketProcessor.doRun(NioEndpoint.java:1741)
	at org.apache.tomcat.util.net.SocketProcessorBase.run(SocketProcessorBase.java:52)
	at org.apache.tomcat.util.threads.ThreadPoolExecutor.runWorker(ThreadPoolExecutor.java:1190)
	at org.apache.tomcat.util.threads.ThreadPoolExecutor$Worker.run(ThreadPoolExecutor.java:659)
	at org.apache.tomcat.util.threads.TaskThread$WrappingRunnable.run(TaskThread.java:63)
	at java.base/java.lang.Thread.run(Thread.java:1583)
2026-03-16 17:02:34 [http-nio-8080-exec-14] DEBUG o.s.w.s.m.m.a.HttpEntityMethodProcessor - Using 'application/json', given [application/json] and supported [application/json, application/*+json, application/yaml]
2026-03-16 17:02:34 [http-nio-8080-exec-14] TRACE o.s.w.s.m.m.a.HttpEntityMethodProcessor - Writing [ApiResponse[success=false, status=500, code=C004, message=예기치 않은 서버 오류가 발생했습니다., data=null, timestamp=2026-03-16T17:02:34.612270500]]
2026-03-16 17:02:34 [http-nio-8080-exec-14] DEBUG o.s.w.s.m.m.a.ExceptionHandlerExceptionResolver - Resolved [org.springframework.web.servlet.resource.NoResourceFoundException: No static resource api/v1/api/v1/surveys.]
2026-03-16 17:02:34 [http-nio-8080-exec-14] DEBUG o.s.web.servlet.DispatcherServlet - Completed 500 INTERNAL_SERVER_ERROR
2026-03-16 17:02:34 [http-nio-8080-exec-18] DEBUG o.s.orm.jpa.JpaTransactionManager - Closing JPA EntityManager [SessionImpl(506730681<open>)] after transaction
2026-03-16 17:02:34 [http-nio-8080-exec-18] DEBUG c.c.p.s.jwt.JwtAuthenticationFilter - >>> [JwtFilter] Successfully authenticated user: USRCNFRM_99999999999, Authorities: [ROLE_ADMIN]
2026-03-16 17:02:34 [http-nio-8080-exec-18] DEBUG o.s.web.servlet.DispatcherServlet - GET "/api/v1/auth/me", parameters={}
2026-03-16 17:02:34 [http-nio-8080-exec-18] TRACE o.s.w.s.m.m.a.RequestMappingHandlerMapping - Mapped to com.company.project.api.auth.AuthController#getCurrentUser()
2026-03-16 17:02:34 [http-nio-8080-exec-18] DEBUG o.s.w.s.m.m.a.RequestResponseBodyMethodProcessor - Using 'application/json', given [application/json, text/plain, */*] and supported [application/json, application/*+json, application/yaml]
2026-03-16 17:02:34 [http-nio-8080-exec-18] TRACE o.s.w.s.m.m.a.RequestResponseBodyMethodProcessor - Writing [ApiResponse[success=true, status=200, code=COMMON_001, message=Success, data={role=ROLE_ADMIN, userSe=EMP, name=관리자, id=webmaster}, timestamp=2026-03-16T17:02:34.632232200]]
2026-03-16 17:02:34 [http-nio-8080-exec-18] INFO  c.c.p.a.i.OperationalAuditInterceptor - API Audit Log: URL=/api/v1/auth/me, User=webmaster, IP=127.0.0.1
2026-03-16 17:02:34 [http-nio-8080-exec-18] DEBUG o.s.web.servlet.DispatcherServlet - Completed 200 OK
2026-03-16 17:02:34 [http-nio-8080-exec-7] DEBUG o.s.orm.jpa.JpaTransactionManager - Found thread-bound EntityManager [SessionImpl(1161552743<open>)] for JPA transaction
2026-03-16 17:02:34 [http-nio-8080-exec-7] DEBUG o.s.orm.jpa.JpaTransactionManager - Participating in existing transaction
2026-03-16 17:02:34 [http-nio-8080-exec-7] DEBUG org.hibernate.SQL - select ua1_0.scrty_dtrmn_trget_id,ua1_0.author_code,ua1_0.frst_register_id,ua1_0.frst_regist_pnttm,ua1_0.last_updusr_id,ua1_0.last_updt_pnttm,ua1_0.mber_ty_code from nemplyrscrtyestbs ua1_0 where ua1_0.scrty_dtrmn_trget_id=?
2026-03-16 17:02:34 [http-nio-8080-exec-2] DEBUG o.s.orm.jpa.JpaTransactionManager - Found thread-bound EntityManager [SessionImpl(1095745877<open>)] for JPA transaction
2026-03-16 17:02:34 [http-nio-8080-exec-2] DEBUG o.s.orm.jpa.JpaTransactionManager - Participating in existing transaction
2026-03-16 17:02:34 [http-nio-8080-exec-2] DEBUG org.hibernate.SQL - select ua1_0.scrty_dtrmn_trget_id,ua1_0.author_code,ua1_0.frst_register_id,ua1_0.frst_regist_pnttm,ua1_0.last_updusr_id,ua1_0.last_updt_pnttm,ua1_0.mber_ty_code from nemplyrscrtyestbs ua1_0 where ua1_0.scrty_dtrmn_trget_id=?
2026-03-16 17:02:34 [http-nio-8080-exec-7] DEBUG o.s.orm.jpa.JpaTransactionManager - Initiating transaction commit
2026-03-16 17:02:34 [http-nio-8080-exec-7] DEBUG o.s.orm.jpa.JpaTransactionManager - Committing JPA transaction on EntityManager [SessionImpl(1161552743<open>)]
2026-03-16 17:02:34 [http-nio-8080-exec-13] DEBUG o.s.orm.jpa.JpaTransactionManager - Found thread-bound EntityManager [SessionImpl(1548011394<open>)] for JPA transaction
2026-03-16 17:02:34 [http-nio-8080-exec-13] DEBUG o.s.orm.jpa.JpaTransactionManager - Participating in existing transaction
2026-03-16 17:02:34 [http-nio-8080-exec-13] DEBUG org.hibernate.SQL - select p1_0.progrm_file_nm,p1_0.progrm_dc,p1_0.progrm_korean_nm,p1_0.progrm_stre_path,p1_0.url from nprogrmlist p1_0
2026-03-16 17:02:34 [http-nio-8080-exec-2] DEBUG o.s.orm.jpa.JpaTransactionManager - Initiating transaction commit
2026-03-16 17:02:34 [http-nio-8080-exec-2] DEBUG o.s.orm.jpa.JpaTransactionManager - Committing JPA transaction on EntityManager [SessionImpl(1095745877<open>)]
2026-03-16 17:02:35 [http-nio-8080-exec-7] DEBUG o.s.orm.jpa.JpaTransactionManager - Closing JPA EntityManager [SessionImpl(1161552743<open>)] after transaction
2026-03-16 17:02:35 [http-nio-8080-exec-7] DEBUG c.c.p.s.jwt.JwtAuthenticationFilter - >>> [JwtFilter] Successfully authenticated user: USRCNFRM_99999999999, Authorities: [ROLE_ADMIN]
2026-03-16 17:02:35 [http-nio-8080-exec-7] DEBUG o.s.web.servlet.DispatcherServlet - GET "/api/v1/menu/head", parameters={}
2026-03-16 17:02:35 [http-nio-8080-exec-7] TRACE o.s.w.s.m.m.a.RequestMappingHandlerMapping - Mapped to com.company.project.api.controller.menu.MenuController#getHeadMenu()
2026-03-16 17:02:35 [http-nio-8080-exec-7] INFO  c.c.p.a.c.menu.MenuController - getHeadMenu called
2026-03-16 17:02:35 [http-nio-8080-exec-7] INFO  c.c.p.a.c.menu.MenuController - getHeadMenu returned 5 items
2026-03-16 17:02:35 [http-nio-8080-exec-7] DEBUG o.s.w.s.m.m.a.HttpEntityMethodProcessor - Using 'application/json', given [application/json, text/plain, */*] and supported [application/json, application/*+json, application/yaml]
2026-03-16 17:02:35 [http-nio-8080-exec-7] TRACE o.s.w.s.m.m.a.HttpEntityMethodProcessor - Writing [ApiResponse[success=true, status=200, code=COMMON_001, message=Success, data={list=[com.company.project.service.menu.dto.MenuDto@2b80d6b0, com.company.project.service.menu.dto.MenuDto@1418cfa3, com.company.project.service.menu.dto.MenuDto@f230bf1, com.company.project.service.menu.dto.MenuDto@734a7f6a, com.company.project.service.menu.dto.MenuDto@5e5202e5]}, timestamp=2026-03-16T17:02:35.054466400]]
2026-03-16 17:02:35 [http-nio-8080-exec-7] INFO  c.c.p.a.i.OperationalAuditInterceptor - API Audit Log: URL=/api/v1/menu/head, User=webmaster, IP=0:0:0:0:0:0:0:1
2026-03-16 17:02:35 [http-nio-8080-exec-7] DEBUG o.s.web.servlet.DispatcherServlet - Completed 200 OK
2026-03-16 17:02:35 [http-nio-8080-exec-10] DEBUG c.c.p.s.jwt.JwtAuthenticationFilter - >>> [JwtFilter] Processing request: GET /api/v1/menu/left
2026-03-16 17:02:35 [http-nio-8080-exec-12] DEBUG c.c.p.s.jwt.JwtAuthenticationFilter - >>> [JwtFilter] Processing request: GET /api/v1/menu/left
2026-03-16 17:02:35 [http-nio-8080-exec-10] DEBUG c.c.p.s.jwt.JwtAuthenticationFilter - >>> [JwtFilter] Found token in header for path: /api/v1/menu/left
2026-03-16 17:02:35 [http-nio-8080-exec-8] DEBUG c.c.p.s.jwt.JwtAuthenticationFilter - >>> [JwtFilter] Processing request: GET /api/v1/menu/left
2026-03-16 17:02:35 [http-nio-8080-exec-12] DEBUG c.c.p.s.jwt.JwtAuthenticationFilter - >>> [JwtFilter] Found token in header for path: /api/v1/menu/left
2026-03-16 17:02:35 [http-nio-8080-exec-8] DEBUG c.c.p.s.jwt.JwtAuthenticationFilter - >>> [JwtFilter] Found token in header for path: /api/v1/menu/left
2026-03-16 17:02:35 [http-nio-8080-exec-3] DEBUG c.c.p.s.jwt.JwtAuthenticationFilter - >>> [JwtFilter] Processing request: GET /api/v1/menu/left
2026-03-16 17:02:35 [http-nio-8080-exec-3] DEBUG c.c.p.s.jwt.JwtAuthenticationFilter - >>> [JwtFilter] Found token in header for path: /api/v1/menu/left
2026-03-16 17:02:35 [http-nio-8080-exec-10] DEBUG o.s.orm.jpa.JpaTransactionManager - Creating new transaction with name [com.company.project.security.iam.CustomUserDetailsService.loadUserByUsername]: PROPAGATION_REQUIRED,ISOLATION_DEFAULT,readOnly
2026-03-16 17:02:35 [http-nio-8080-exec-3] DEBUG o.s.orm.jpa.JpaTransactionManager - Creating new transaction with name [com.company.project.security.iam.CustomUserDetailsService.loadUserByUsername]: PROPAGATION_REQUIRED,ISOLATION_DEFAULT,readOnly
2026-03-16 17:02:35 [http-nio-8080-exec-12] DEBUG o.s.orm.jpa.JpaTransactionManager - Creating new transaction with name [com.company.project.security.iam.CustomUserDetailsService.loadUserByUsername]: PROPAGATION_REQUIRED,ISOLATION_DEFAULT,readOnly
2026-03-16 17:02:35 [http-nio-8080-exec-8] DEBUG o.s.orm.jpa.JpaTransactionManager - Creating new transaction with name [com.company.project.security.iam.CustomUserDetailsService.loadUserByUsername]: PROPAGATION_REQUIRED,ISOLATION_DEFAULT,readOnly
2026-03-16 17:02:35 [http-nio-8080-exec-3] DEBUG o.s.orm.jpa.JpaTransactionManager - Opened new EntityManager [SessionImpl(1121648921<open>)] for JPA transaction
2026-03-16 17:02:35 [http-nio-8080-exec-10] DEBUG o.s.orm.jpa.JpaTransactionManager - Opened new EntityManager [SessionImpl(9124713<open>)] for JPA transaction
2026-03-16 17:02:35 [http-nio-8080-exec-3] DEBUG o.s.orm.jpa.JpaTransactionManager - Exposing JPA transaction as JDBC [org.springframework.orm.jpa.vendor.HibernateJpaDialect$HibernateConnectionHandle@4d6aab67]
2026-03-16 17:02:35 [http-nio-8080-exec-12] DEBUG o.s.orm.jpa.JpaTransactionManager - Opened new EntityManager [SessionImpl(1030798835<open>)] for JPA transaction
2026-03-16 17:02:35 [http-nio-8080-exec-3] DEBUG o.s.orm.jpa.JpaTransactionManager - Found thread-bound EntityManager [SessionImpl(1121648921<open>)] for JPA transaction
2026-03-16 17:02:35 [http-nio-8080-exec-12] DEBUG o.s.orm.jpa.JpaTransactionManager - Exposing JPA transaction as JDBC [org.springframework.orm.jpa.vendor.HibernateJpaDialect$HibernateConnectionHandle@76dc9f88]
2026-03-16 17:02:35 [http-nio-8080-exec-3] DEBUG o.s.orm.jpa.JpaTransactionManager - Participating in existing transaction
2026-03-16 17:02:35 [http-nio-8080-exec-12] DEBUG o.s.orm.jpa.JpaTransactionManager - Found thread-bound EntityManager [SessionImpl(1030798835<open>)] for JPA transaction
2026-03-16 17:02:35 [http-nio-8080-exec-8] DEBUG o.s.orm.jpa.JpaTransactionManager - Opened new EntityManager [SessionImpl(917075689<open>)] for JPA transaction
2026-03-16 17:02:35 [http-nio-8080-exec-12] DEBUG o.s.orm.jpa.JpaTransactionManager - Participating in existing transaction
2026-03-16 17:02:35 [http-nio-8080-exec-10] DEBUG o.s.orm.jpa.JpaTransactionManager - Exposing JPA transaction as JDBC [org.springframework.orm.jpa.vendor.HibernateJpaDialect$HibernateConnectionHandle@77fb66f5]
2026-03-16 17:02:35 [http-nio-8080-exec-10] DEBUG o.s.orm.jpa.JpaTransactionManager - Found thread-bound EntityManager [SessionImpl(9124713<open>)] for JPA transaction
2026-03-16 17:02:35 [http-nio-8080-exec-10] DEBUG o.s.orm.jpa.JpaTransactionManager - Participating in existing transaction
2026-03-16 17:02:35 [http-nio-8080-exec-19] DEBUG c.c.p.s.jwt.JwtAuthenticationFilter - >>> [JwtFilter] Processing request: GET /api/v1/menu/left
2026-03-16 17:02:35 [http-nio-8080-exec-3] DEBUG org.hibernate.SQL - select u1_0.emplyr_id,u1_0.area_no,u1_0.brthdy,u1_0.chg_pwd_cnt,u1_0.frst_register_id,u1_0.frst_regist_pnttm,u1_0.detail_adres,u1_0.email_adres,u1_0.emplyr_sttus_code,u1_0.empl_no,u1_0.esntl_id,u1_0.fxnum,u1_0.group_id,u1_0.house_adres,u1_0.house_end_telno,u1_0.house_middle_telno,u1_0.ihidnum,u1_0.pstinst_code,u1_0.last_updusr_id,u1_0.last_updt_pnttm,u1_0.lock_at,u1_0.lock_cnt,u1_0.lock_last_pnttm,u1_0.mbtlnum,u1_0.ofcps_nm,u1_0.offm_telno,u1_0.orgnzt_id,u1_0.password,u1_0.password_cnsr,u1_0.password_hint,u1_0.chg_pwd_last_pnttm,u1_0.role,u1_0.sbscrb_de,u1_0.sexdstn_code,u1_0.crtfc_dn_value,u1_0.user_nm,u1_0.zip from nemplyrinfo u1_0 where u1_0.emplyr_id=?
2026-03-16 17:02:35 [http-nio-8080-exec-10] DEBUG org.hibernate.SQL - select u1_0.emplyr_id,u1_0.area_no,u1_0.brthdy,u1_0.chg_pwd_cnt,u1_0.frst_register_id,u1_0.frst_regist_pnttm,u1_0.detail_adres,u1_0.email_adres,u1_0.emplyr_sttus_code,u1_0.empl_no,u1_0.esntl_id,u1_0.fxnum,u1_0.group_id,u1_0.house_adres,u1_0.house_end_telno,u1_0.house_middle_telno,u1_0.ihidnum,u1_0.pstinst_code,u1_0.last_updusr_id,u1_0.last_updt_pnttm,u1_0.lock_at,u1_0.lock_cnt,u1_0.lock_last_pnttm,u1_0.mbtlnum,u1_0.ofcps_nm,u1_0.offm_telno,u1_0.orgnzt_id,u1_0.password,u1_0.password_cnsr,u1_0.password_hint,u1_0.chg_pwd_last_pnttm,u1_0.role,u1_0.sbscrb_de,u1_0.sexdstn_code,u1_0.crtfc_dn_value,u1_0.user_nm,u1_0.zip from nemplyrinfo u1_0 where u1_0.emplyr_id=?
2026-03-16 17:02:35 [http-nio-8080-exec-8] DEBUG o.s.orm.jpa.JpaTransactionManager - Exposing JPA transaction as JDBC [org.springframework.orm.jpa.vendor.HibernateJpaDialect$HibernateConnectionHandle@79baed7a]
2026-03-16 17:02:35 [http-nio-8080-exec-19] DEBUG c.c.p.s.jwt.JwtAuthenticationFilter - >>> [JwtFilter] Found token in header for path: /api/v1/menu/left
2026-03-16 17:02:35 [http-nio-8080-exec-12] DEBUG org.hibernate.SQL - select u1_0.emplyr_id,u1_0.area_no,u1_0.brthdy,u1_0.chg_pwd_cnt,u1_0.frst_register_id,u1_0.frst_regist_pnttm,u1_0.detail_adres,u1_0.email_adres,u1_0.emplyr_sttus_code,u1_0.empl_no,u1_0.esntl_id,u1_0.fxnum,u1_0.group_id,u1_0.house_adres,u1_0.house_end_telno,u1_0.house_middle_telno,u1_0.ihidnum,u1_0.pstinst_code,u1_0.last_updusr_id,u1_0.last_updt_pnttm,u1_0.lock_at,u1_0.lock_cnt,u1_0.lock_last_pnttm,u1_0.mbtlnum,u1_0.ofcps_nm,u1_0.offm_telno,u1_0.orgnzt_id,u1_0.password,u1_0.password_cnsr,u1_0.password_hint,u1_0.chg_pwd_last_pnttm,u1_0.role,u1_0.sbscrb_de,u1_0.sexdstn_code,u1_0.crtfc_dn_value,u1_0.user_nm,u1_0.zip from nemplyrinfo u1_0 where u1_0.emplyr_id=?
2026-03-16 17:02:35 [http-nio-8080-exec-8] DEBUG o.s.orm.jpa.JpaTransactionManager - Found thread-bound EntityManager [SessionImpl(917075689<open>)] for JPA transaction
2026-03-16 17:02:35 [http-nio-8080-exec-8] DEBUG o.s.orm.jpa.JpaTransactionManager - Participating in existing transaction
2026-03-16 17:02:35 [http-nio-8080-exec-8] DEBUG org.hibernate.SQL - select u1_0.emplyr_id,u1_0.area_no,u1_0.brthdy,u1_0.chg_pwd_cnt,u1_0.frst_register_id,u1_0.frst_regist_pnttm,u1_0.detail_adres,u1_0.email_adres,u1_0.emplyr_sttus_code,u1_0.empl_no,u1_0.esntl_id,u1_0.fxnum,u1_0.group_id,u1_0.house_adres,u1_0.house_end_telno,u1_0.house_middle_telno,u1_0.ihidnum,u1_0.pstinst_code,u1_0.last_updusr_id,u1_0.last_updt_pnttm,u1_0.lock_at,u1_0.lock_cnt,u1_0.lock_last_pnttm,u1_0.mbtlnum,u1_0.ofcps_nm,u1_0.offm_telno,u1_0.orgnzt_id,u1_0.password,u1_0.password_cnsr,u1_0.password_hint,u1_0.chg_pwd_last_pnttm,u1_0.role,u1_0.sbscrb_de,u1_0.sexdstn_code,u1_0.crtfc_dn_value,u1_0.user_nm,u1_0.zip from nemplyrinfo u1_0 where u1_0.emplyr_id=?
2026-03-16 17:02:35 [http-nio-8080-exec-19] DEBUG o.s.orm.jpa.JpaTransactionManager - Creating new transaction with name [com.company.project.security.iam.CustomUserDetailsService.loadUserByUsername]: PROPAGATION_REQUIRED,ISOLATION_DEFAULT,readOnly
2026-03-16 17:02:35 [http-nio-8080-exec-19] DEBUG o.s.orm.jpa.JpaTransactionManager - Opened new EntityManager [SessionImpl(1799388004<open>)] for JPA transaction
2026-03-16 17:02:35 [http-nio-8080-exec-13] DEBUG o.s.orm.jpa.JpaTransactionManager - Initiating transaction commit
2026-03-16 17:02:35 [http-nio-8080-exec-13] DEBUG o.s.orm.jpa.JpaTransactionManager - Committing JPA transaction on EntityManager [SessionImpl(1548011394<open>)]
2026-03-16 17:02:35 [http-nio-8080-exec-2] DEBUG o.s.orm.jpa.JpaTransactionManager - Closing JPA EntityManager [SessionImpl(1095745877<open>)] after transaction
2026-03-16 17:02:35 [http-nio-8080-exec-2] DEBUG c.c.p.s.jwt.JwtAuthenticationFilter - >>> [JwtFilter] Successfully authenticated user: USRCNFRM_99999999999, Authorities: [ROLE_ADMIN]
2026-03-16 17:02:35 [http-nio-8080-exec-2] DEBUG o.s.web.servlet.DispatcherServlet - GET "/api/v1/dashboard", parameters={}
2026-03-16 17:02:35 [http-nio-8080-exec-2] TRACE o.s.w.s.m.m.a.RequestMappingHandlerMapping - Mapped to com.company.project.api.controller.main.DashboardController#getDashboardData(UserDetails)
2026-03-16 17:02:35 [http-nio-8080-exec-2] INFO  c.c.p.a.c.main.DashboardController - >>> [Dashboard] Fetching data for user: USRCNFRM_99999999999
2026-03-16 17:02:35 [http-nio-8080-exec-2] DEBUG o.s.orm.jpa.JpaTransactionManager - Creating new transaction with name [com.company.project.service.board.BoardService.getBoardPosts]: PROPAGATION_REQUIRED,ISOLATION_DEFAULT,readOnly
2026-03-16 17:02:35 [http-nio-8080-exec-2] DEBUG o.s.orm.jpa.JpaTransactionManager - Opened new EntityManager [SessionImpl(1559605938<open>)] for JPA transaction
2026-03-16 17:02:35 [http-nio-8080-exec-2] DEBUG o.s.orm.jpa.JpaTransactionManager - Exposing JPA transaction as JDBC [org.springframework.orm.jpa.vendor.HibernateJpaDialect$HibernateConnectionHandle@76d16fa5]
2026-03-16 17:02:35 [http-nio-8080-exec-2] DEBUG o.s.orm.jpa.JpaTransactionManager - Found thread-bound EntityManager [SessionImpl(1559605938<open>)] for JPA transaction
2026-03-16 17:02:35 [http-nio-8080-exec-2] DEBUG o.s.orm.jpa.JpaTransactionManager - Participating in existing transaction
2026-03-16 17:02:35 [http-nio-8080-exec-2] DEBUG org.hibernate.SQL - select bm1_0.bbs_id,bm1_0.atch_posbl_file_number,bm1_0.atch_posbl_file_size,bm1_0.bbs_attrb_code,bm1_0.bbs_intrcn,bm1_0.bbs_nm,bm1_0.bbs_ty_code,bm1_0.blog_at,bm1_0.blog_id,bm1_0.cmmnty_id,bm1_0.frst_register_id,bm1_0.frst_regist_pnttm,bm1_0.file_atch_posbl_at,bm1_0.last_updusr_id,bm1_0.last_updt_pnttm,bm1_0.reply_posbl_at,bm1_0.tmplat_id,bm1_0.use_at,bm1_1.answer_at,bm1_1.stsfdg_at from nbbsmaster bm1_0 left join nbbsmasteroptn bm1_1 on bm1_0.bbs_id=bm1_1.bbs_id where bm1_0.bbs_id=?
2026-03-16 17:02:35 [http-nio-8080-exec-13] DEBUG o.s.orm.jpa.JpaTransactionManager - Closing JPA EntityManager [SessionImpl(1548011394<open>)] after transaction
2026-03-16 17:02:35 [http-nio-8080-exec-13] INFO  c.c.p.a.c.menu.MenuController - getLeftMenu returned 5 items
2026-03-16 17:02:35 [http-nio-8080-exec-13] DEBUG o.s.w.s.m.m.a.HttpEntityMethodProcessor - Using 'application/json', given [application/json, text/plain, */*] and supported [application/json, application/*+json, application/yaml]
2026-03-16 17:02:35 [http-nio-8080-exec-13] TRACE o.s.w.s.m.m.a.HttpEntityMethodProcessor - Writing [ApiResponse[success=true, status=200, code=COMMON_001, message=Success, data={list=[com.company.project.service.menu.dto.MenuDto@1a5e60d1, com.company.project.service.menu.dto.MenuDto@2c5a0515, com.company.project.service.menu.dto.MenuDto@3d831d6f, com.company.project.service.menu.dto.MenuDto@697cc3f9, com.company.project.service.menu.dto.MenuDto@4d6eef]}, timestamp=2026-03-16T17:02:35.210589]]
2026-03-16 17:02:35 [http-nio-8080-exec-13] INFO  c.c.p.a.i.OperationalAuditInterceptor - API Audit Log: URL=/api/v1/menu/left, User=webmaster, IP=127.0.0.1
2026-03-16 17:02:35 [http-nio-8080-exec-13] DEBUG o.s.web.servlet.DispatcherServlet - Completed 200 OK
2026-03-16 17:02:35 [http-nio-8080-exec-19] DEBUG o.s.orm.jpa.JpaTransactionManager - Exposing JPA transaction as JDBC [org.springframework.orm.jpa.vendor.HibernateJpaDialect$HibernateConnectionHandle@43d6ec92]
2026-03-16 17:02:35 [http-nio-8080-exec-3] DEBUG o.s.orm.jpa.JpaTransactionManager - Found thread-bound EntityManager [SessionImpl(1121648921<open>)] for JPA transaction
2026-03-16 17:02:35 [http-nio-8080-exec-10] DEBUG o.s.orm.jpa.JpaTransactionManager - Found thread-bound EntityManager [SessionImpl(9124713<open>)] for JPA transaction
2026-03-16 17:02:35 [http-nio-8080-exec-3] DEBUG o.s.orm.jpa.JpaTransactionManager - Participating in existing transaction
2026-03-16 17:02:35 [http-nio-8080-exec-19] DEBUG o.s.orm.jpa.JpaTransactionManager - Found thread-bound EntityManager [SessionImpl(1799388004<open>)] for JPA transaction
2026-03-16 17:02:35 [http-nio-8080-exec-8] DEBUG o.s.orm.jpa.JpaTransactionManager - Found thread-bound EntityManager [SessionImpl(917075689<open>)] for JPA transaction
2026-03-16 17:02:35 [http-nio-8080-exec-10] DEBUG o.s.orm.jpa.JpaTransactionManager - Participating in existing transaction
2026-03-16 17:02:35 [http-nio-8080-exec-8] DEBUG o.s.orm.jpa.JpaTransactionManager - Participating in existing transaction
2026-03-16 17:02:35 [http-nio-8080-exec-3] DEBUG org.hibernate.SQL - select ua1_0.scrty_dtrmn_trget_id,ua1_0.author_code,ua1_0.frst_register_id,ua1_0.frst_regist_pnttm,ua1_0.last_updusr_id,ua1_0.last_updt_pnttm,ua1_0.mber_ty_code from nemplyrscrtyestbs ua1_0 where ua1_0.scrty_dtrmn_trget_id=?
2026-03-16 17:02:35 [http-nio-8080-exec-19] DEBUG o.s.orm.jpa.JpaTransactionManager - Participating in existing transaction
2026-03-16 17:02:35 [http-nio-8080-exec-10] DEBUG org.hibernate.SQL - select ua1_0.scrty_dtrmn_trget_id,ua1_0.author_code,ua1_0.frst_register_id,ua1_0.frst_regist_pnttm,ua1_0.last_updusr_id,ua1_0.last_updt_pnttm,ua1_0.mber_ty_code from nemplyrscrtyestbs ua1_0 where ua1_0.scrty_dtrmn_trget_id=?
2026-03-16 17:02:35 [http-nio-8080-exec-8] DEBUG org.hibernate.SQL - select ua1_0.scrty_dtrmn_trget_id,ua1_0.author_code,ua1_0.frst_register_id,ua1_0.frst_regist_pnttm,ua1_0.last_updusr_id,ua1_0.last_updt_pnttm,ua1_0.mber_ty_code from nemplyrscrtyestbs ua1_0 where ua1_0.scrty_dtrmn_trget_id=?
2026-03-16 17:02:35 [http-nio-8080-exec-19] DEBUG org.hibernate.SQL - select u1_0.emplyr_id,u1_0.area_no,u1_0.brthdy,u1_0.chg_pwd_cnt,u1_0.frst_register_id,u1_0.frst_regist_pnttm,u1_0.detail_adres,u1_0.email_adres,u1_0.emplyr_sttus_code,u1_0.empl_no,u1_0.esntl_id,u1_0.fxnum,u1_0.group_id,u1_0.house_adres,u1_0.house_end_telno,u1_0.house_middle_telno,u1_0.ihidnum,u1_0.pstinst_code,u1_0.last_updusr_id,u1_0.last_updt_pnttm,u1_0.lock_at,u1_0.lock_cnt,u1_0.lock_last_pnttm,u1_0.mbtlnum,u1_0.ofcps_nm,u1_0.offm_telno,u1_0.orgnzt_id,u1_0.password,u1_0.password_cnsr,u1_0.password_hint,u1_0.chg_pwd_last_pnttm,u1_0.role,u1_0.sbscrb_de,u1_0.sexdstn_code,u1_0.crtfc_dn_value,u1_0.user_nm,u1_0.zip from nemplyrinfo u1_0 where u1_0.emplyr_id=?
2026-03-16 17:02:35 [http-nio-8080-exec-12] DEBUG o.s.orm.jpa.JpaTransactionManager - Found thread-bound EntityManager [SessionImpl(1030798835<open>)] for JPA transaction
2026-03-16 17:02:35 [http-nio-8080-exec-12] DEBUG o.s.orm.jpa.JpaTransactionManager - Participating in existing transaction
2026-03-16 17:02:35 [http-nio-8080-exec-12] DEBUG org.hibernate.SQL - select ua1_0.scrty_dtrmn_trget_id,ua1_0.author_code,ua1_0.frst_register_id,ua1_0.frst_regist_pnttm,ua1_0.last_updusr_id,ua1_0.last_updt_pnttm,ua1_0.mber_ty_code from nemplyrscrtyestbs ua1_0 where ua1_0.scrty_dtrmn_trget_id=?
2026-03-16 17:02:35 [http-nio-8080-exec-2] DEBUG org.hibernate.SQL - select b1_0.ntt_id,b1_0.bbs_id,b1_0.ntt_sj,b1_0.ntcr_nm,b1_0.frst_regist_pnttm,b1_0.rdcnt,b1_0.answer_at,b1_0.parntsctt_no,b1_0.answer_lc,b1_0.sort_ordr,b1_0.ntt_no,b1_0.notice_at,b1_0.secret_at,b1_0.comment_co from nbbs b1_0 left join nemplyrinfo u1_0 on b1_0.frst_register_id=u1_0.esntl_id where (b1_0.use_at = 'Y') and b1_0.bbs_id=? order by b1_0.sort_ordr desc,b1_0.ntt_no offset ? rows fetch first ? rows only
2026-03-16 17:02:35 [http-nio-8080-exec-3] DEBUG o.s.orm.jpa.JpaTransactionManager - Initiating transaction commit
2026-03-16 17:02:35 [http-nio-8080-exec-10] DEBUG o.s.orm.jpa.JpaTransactionManager - Initiating transaction commit
2026-03-16 17:02:35 [http-nio-8080-exec-3] DEBUG o.s.orm.jpa.JpaTransactionManager - Committing JPA transaction on EntityManager [SessionImpl(1121648921<open>)]
2026-03-16 17:02:35 [http-nio-8080-exec-10] DEBUG o.s.orm.jpa.JpaTransactionManager - Committing JPA transaction on EntityManager [SessionImpl(9124713<open>)]
2026-03-16 17:02:35 [http-nio-8080-exec-8] DEBUG o.s.orm.jpa.JpaTransactionManager - Initiating transaction commit
2026-03-16 17:02:35 [http-nio-8080-exec-8] DEBUG o.s.orm.jpa.JpaTransactionManager - Committing JPA transaction on EntityManager [SessionImpl(917075689<open>)]
2026-03-16 17:02:35 [http-nio-8080-exec-19] DEBUG o.s.orm.jpa.JpaTransactionManager - Found thread-bound EntityManager [SessionImpl(1799388004<open>)] for JPA transaction
2026-03-16 17:02:35 [http-nio-8080-exec-19] DEBUG o.s.orm.jpa.JpaTransactionManager - Participating in existing transaction
2026-03-16 17:02:35 [http-nio-8080-exec-19] DEBUG org.hibernate.SQL - select ua1_0.scrty_dtrmn_trget_id,ua1_0.author_code,ua1_0.frst_register_id,ua1_0.frst_regist_pnttm,ua1_0.last_updusr_id,ua1_0.last_updt_pnttm,ua1_0.mber_ty_code from nemplyrscrtyestbs ua1_0 where ua1_0.scrty_dtrmn_trget_id=?
2026-03-16 17:02:35 [http-nio-8080-exec-12] DEBUG o.s.orm.jpa.JpaTransactionManager - Initiating transaction commit
2026-03-16 17:02:35 [http-nio-8080-exec-12] DEBUG o.s.orm.jpa.JpaTransactionManager - Committing JPA transaction on EntityManager [SessionImpl(1030798835<open>)]
2026-03-16 17:02:35 [http-nio-8080-exec-2] DEBUG org.hibernate.SQL - select count(b1_0.ntt_id) from nbbs b1_0 left join nemplyrinfo u1_0 on b1_0.frst_register_id=u1_0.esntl_id where (b1_0.use_at = 'Y') and b1_0.bbs_id=?
2026-03-16 17:02:35 [http-nio-8080-exec-10] DEBUG o.s.orm.jpa.JpaTransactionManager - Closing JPA EntityManager [SessionImpl(9124713<open>)] after transaction
2026-03-16 17:02:35 [http-nio-8080-exec-8] DEBUG o.s.orm.jpa.JpaTransactionManager - Closing JPA EntityManager [SessionImpl(917075689<open>)] after transaction
2026-03-16 17:02:35 [http-nio-8080-exec-3] DEBUG o.s.orm.jpa.JpaTransactionManager - Closing JPA EntityManager [SessionImpl(1121648921<open>)] after transaction
2026-03-16 17:02:35 [http-nio-8080-exec-10] DEBUG c.c.p.s.jwt.JwtAuthenticationFilter - >>> [JwtFilter] Successfully authenticated user: USRCNFRM_99999999999, Authorities: [ROLE_ADMIN]
2026-03-16 17:02:35 [http-nio-8080-exec-8] DEBUG c.c.p.s.jwt.JwtAuthenticationFilter - >>> [JwtFilter] Successfully authenticated user: USRCNFRM_99999999999, Authorities: [ROLE_ADMIN]
2026-03-16 17:02:35 [http-nio-8080-exec-3] DEBUG c.c.p.s.jwt.JwtAuthenticationFilter - >>> [JwtFilter] Successfully authenticated user: USRCNFRM_99999999999, Authorities: [ROLE_ADMIN]
2026-03-16 17:02:35 [http-nio-8080-exec-3] DEBUG o.s.web.servlet.DispatcherServlet - GET "/api/v1/menu/left?menuNo=50", parameters={masked}
2026-03-16 17:02:35 [http-nio-8080-exec-10] DEBUG o.s.web.servlet.DispatcherServlet - GET "/api/v1/menu/left?menuNo=10", parameters={masked}
2026-03-16 17:02:35 [http-nio-8080-exec-8] DEBUG o.s.web.servlet.DispatcherServlet - GET "/api/v1/menu/left?menuNo=40", parameters={masked}
2026-03-16 17:02:35 [http-nio-8080-exec-3] TRACE o.s.w.s.m.m.a.RequestMappingHandlerMapping - Mapped to com.company.project.api.controller.menu.MenuController#getLeftMenu(Long)
2026-03-16 17:02:35 [http-nio-8080-exec-10] TRACE o.s.w.s.m.m.a.RequestMappingHandlerMapping - Mapped to com.company.project.api.controller.menu.MenuController#getLeftMenu(Long)
2026-03-16 17:02:35 [http-nio-8080-exec-8] TRACE o.s.w.s.m.m.a.RequestMappingHandlerMapping - Mapped to com.company.project.api.controller.menu.MenuController#getLeftMenu(Long)
2026-03-16 17:02:35 [http-nio-8080-exec-3] INFO  c.c.p.a.c.menu.MenuController - getLeftMenu called with menuNo=50
2026-03-16 17:02:35 [http-nio-8080-exec-8] INFO  c.c.p.a.c.menu.MenuController - getLeftMenu called with menuNo=40
2026-03-16 17:02:35 [http-nio-8080-exec-3] DEBUG o.s.orm.jpa.JpaTransactionManager - Creating new transaction with name [com.company.project.service.menu.MenuService.getSubMenus]: PROPAGATION_REQUIRED,ISOLATION_DEFAULT,readOnly
2026-03-16 17:02:35 [http-nio-8080-exec-8] DEBUG o.s.orm.jpa.JpaTransactionManager - Creating new transaction with name [com.company.project.service.menu.MenuService.getSubMenus]: PROPAGATION_REQUIRED,ISOLATION_DEFAULT,readOnly
2026-03-16 17:02:35 [http-nio-8080-exec-10] INFO  c.c.p.a.c.menu.MenuController - getLeftMenu called with menuNo=10
2026-03-16 17:02:35 [http-nio-8080-exec-3] DEBUG o.s.orm.jpa.JpaTransactionManager - Opened new EntityManager [SessionImpl(821983503<open>)] for JPA transaction
2026-03-16 17:02:35 [http-nio-8080-exec-8] DEBUG o.s.orm.jpa.JpaTransactionManager - Opened new EntityManager [SessionImpl(1425375689<open>)] for JPA transaction
2026-03-16 17:02:35 [http-nio-8080-exec-3] DEBUG o.s.orm.jpa.JpaTransactionManager - Exposing JPA transaction as JDBC [org.springframework.orm.jpa.vendor.HibernateJpaDialect$HibernateConnectionHandle@6e334397]
2026-03-16 17:02:35 [http-nio-8080-exec-8] DEBUG o.s.orm.jpa.JpaTransactionManager - Exposing JPA transaction as JDBC [org.springframework.orm.jpa.vendor.HibernateJpaDialect$HibernateConnectionHandle@67ca4306]
2026-03-16 17:02:35 [http-nio-8080-exec-10] DEBUG o.s.orm.jpa.JpaTransactionManager - Creating new transaction with name [com.company.project.service.menu.MenuService.getSubMenus]: PROPAGATION_REQUIRED,ISOLATION_DEFAULT,readOnly
2026-03-16 17:02:35 [http-nio-8080-exec-10] DEBUG o.s.orm.jpa.JpaTransactionManager - Opened new EntityManager [SessionImpl(900997242<open>)] for JPA transaction
2026-03-16 17:02:35 [http-nio-8080-exec-10] DEBUG o.s.orm.jpa.JpaTransactionManager - Exposing JPA transaction as JDBC [org.springframework.orm.jpa.vendor.HibernateJpaDialect$HibernateConnectionHandle@201b0fe9]
2026-03-16 17:02:35 [http-nio-8080-exec-19] DEBUG o.s.orm.jpa.JpaTransactionManager - Initiating transaction commit
2026-03-16 17:02:35 [http-nio-8080-exec-19] DEBUG o.s.orm.jpa.JpaTransactionManager - Committing JPA transaction on EntityManager [SessionImpl(1799388004<open>)]
2026-03-16 17:02:35 [http-nio-8080-exec-10] DEBUG org.hibernate.SQL - select m1_0.menu_no,m1_0.menu_dc,m1_0.menu_nm,m1_0.menu_ordr,m1_0.modern_route,m1_0.progrm_file_nm,m1_0.relate_image_nm,m1_0.relate_image_path,m1_0.route_updated_at,m1_0.upper_menu_no from nmenuinfo m1_0 order by m1_0.upper_menu_no,m1_0.menu_ordr
2026-03-16 17:02:35 [http-nio-8080-exec-8] DEBUG org.hibernate.SQL - select m1_0.menu_no,m1_0.menu_dc,m1_0.menu_nm,m1_0.menu_ordr,m1_0.modern_route,m1_0.progrm_file_nm,m1_0.relate_image_nm,m1_0.relate_image_path,m1_0.route_updated_at,m1_0.upper_menu_no from nmenuinfo m1_0 order by m1_0.upper_menu_no,m1_0.menu_ordr
2026-03-16 17:02:35 [http-nio-8080-exec-3] DEBUG org.hibernate.SQL - select m1_0.menu_no,m1_0.menu_dc,m1_0.menu_nm,m1_0.menu_ordr,m1_0.modern_route,m1_0.progrm_file_nm,m1_0.relate_image_nm,m1_0.relate_image_path,m1_0.route_updated_at,m1_0.upper_menu_no from nmenuinfo m1_0 order by m1_0.upper_menu_no,m1_0.menu_ordr
2026-03-16 17:02:35 [http-nio-8080-exec-12] DEBUG o.s.orm.jpa.JpaTransactionManager - Closing JPA EntityManager [SessionImpl(1030798835<open>)] after transaction
2026-03-16 17:02:35 [http-nio-8080-exec-12] DEBUG c.c.p.s.jwt.JwtAuthenticationFilter - >>> [JwtFilter] Successfully authenticated user: USRCNFRM_99999999999, Authorities: [ROLE_ADMIN]
2026-03-16 17:02:35 [http-nio-8080-exec-12] DEBUG o.s.web.servlet.DispatcherServlet - GET "/api/v1/menu/left?menuNo=20", parameters={masked}
2026-03-16 17:02:35 [http-nio-8080-exec-12] TRACE o.s.w.s.m.m.a.RequestMappingHandlerMapping - Mapped to com.company.project.api.controller.menu.MenuController#getLeftMenu(Long)
2026-03-16 17:02:35 [http-nio-8080-exec-12] INFO  c.c.p.a.c.menu.MenuController - getLeftMenu called with menuNo=20
2026-03-16 17:02:35 [http-nio-8080-exec-12] DEBUG o.s.orm.jpa.JpaTransactionManager - Creating new transaction with name [com.company.project.service.menu.MenuService.getSubMenus]: PROPAGATION_REQUIRED,ISOLATION_DEFAULT,readOnly
2026-03-16 17:02:35 [http-nio-8080-exec-12] DEBUG o.s.orm.jpa.JpaTransactionManager - Opened new EntityManager [SessionImpl(579188827<open>)] for JPA transaction
2026-03-16 17:02:35 [http-nio-8080-exec-12] DEBUG o.s.orm.jpa.JpaTransactionManager - Exposing JPA transaction as JDBC [org.springframework.orm.jpa.vendor.HibernateJpaDialect$HibernateConnectionHandle@470e562a]
2026-03-16 17:02:35 [http-nio-8080-exec-12] DEBUG org.hibernate.SQL - select m1_0.menu_no,m1_0.menu_dc,m1_0.menu_nm,m1_0.menu_ordr,m1_0.modern_route,m1_0.progrm_file_nm,m1_0.relate_image_nm,m1_0.relate_image_path,m1_0.route_updated_at,m1_0.upper_menu_no from nmenuinfo m1_0 order by m1_0.upper_menu_no,m1_0.menu_ordr
2026-03-16 17:02:35 [http-nio-8080-exec-2] DEBUG o.s.orm.jpa.JpaTransactionManager - Initiating transaction commit
2026-03-16 17:02:35 [http-nio-8080-exec-2] DEBUG o.s.orm.jpa.JpaTransactionManager - Committing JPA transaction on EntityManager [SessionImpl(1559605938<open>)]
2026-03-16 17:02:35 [http-nio-8080-exec-19] DEBUG o.s.orm.jpa.JpaTransactionManager - Closing JPA EntityManager [SessionImpl(1799388004<open>)] after transaction
2026-03-16 17:02:35 [http-nio-8080-exec-19] DEBUG c.c.p.s.jwt.JwtAuthenticationFilter - >>> [JwtFilter] Successfully authenticated user: USRCNFRM_99999999999, Authorities: [ROLE_ADMIN]
2026-03-16 17:02:35 [http-nio-8080-exec-19] DEBUG o.s.web.servlet.DispatcherServlet - GET "/api/v1/menu/left?menuNo=60", parameters={masked}
2026-03-16 17:02:35 [http-nio-8080-exec-19] TRACE o.s.w.s.m.m.a.RequestMappingHandlerMapping - Mapped to com.company.project.api.controller.menu.MenuController#getLeftMenu(Long)
2026-03-16 17:02:35 [http-nio-8080-exec-19] INFO  c.c.p.a.c.menu.MenuController - getLeftMenu called with menuNo=60
2026-03-16 17:02:35 [http-nio-8080-exec-19] DEBUG o.s.orm.jpa.JpaTransactionManager - Creating new transaction with name [com.company.project.service.menu.MenuService.getSubMenus]: PROPAGATION_REQUIRED,ISOLATION_DEFAULT,readOnly
2026-03-16 17:02:35 [http-nio-8080-exec-19] DEBUG o.s.orm.jpa.JpaTransactionManager - Opened new EntityManager [SessionImpl(531499915<open>)] for JPA transaction
2026-03-16 17:02:35 [http-nio-8080-exec-19] DEBUG o.s.orm.jpa.JpaTransactionManager - Exposing JPA transaction as JDBC [org.springframework.orm.jpa.vendor.HibernateJpaDialect$HibernateConnectionHandle@2a026c75]
2026-03-16 17:02:35 [http-nio-8080-exec-19] DEBUG org.hibernate.SQL - select m1_0.menu_no,m1_0.menu_dc,m1_0.menu_nm,m1_0.menu_ordr,m1_0.modern_route,m1_0.progrm_file_nm,m1_0.relate_image_nm,m1_0.relate_image_path,m1_0.route_updated_at,m1_0.upper_menu_no from nmenuinfo m1_0 order by m1_0.upper_menu_no,m1_0.menu_ordr
2026-03-16 17:02:35 [http-nio-8080-exec-2] DEBUG o.s.orm.jpa.JpaTransactionManager - Closing JPA EntityManager [SessionImpl(1559605938<open>)] after transaction
2026-03-16 17:02:35 [http-nio-8080-exec-2] DEBUG o.s.orm.jpa.JpaTransactionManager - Creating new transaction with name [com.company.project.service.board.BoardService.getBoardPosts]: PROPAGATION_REQUIRED,ISOLATION_DEFAULT,readOnly
2026-03-16 17:02:35 [http-nio-8080-exec-2] DEBUG o.s.orm.jpa.JpaTransactionManager - Opened new EntityManager [SessionImpl(1181833028<open>)] for JPA transaction
2026-03-16 17:02:35 [http-nio-8080-exec-2] DEBUG o.s.orm.jpa.JpaTransactionManager - Exposing JPA transaction as JDBC [org.springframework.orm.jpa.vendor.HibernateJpaDialect$HibernateConnectionHandle@74ebd02e]
2026-03-16 17:02:35 [http-nio-8080-exec-2] DEBUG o.s.orm.jpa.JpaTransactionManager - Found thread-bound EntityManager [SessionImpl(1181833028<open>)] for JPA transaction
2026-03-16 17:02:35 [http-nio-8080-exec-2] DEBUG o.s.orm.jpa.JpaTransactionManager - Participating in existing transaction
2026-03-16 17:02:35 [http-nio-8080-exec-2] DEBUG org.hibernate.SQL - select bm1_0.bbs_id,bm1_0.atch_posbl_file_number,bm1_0.atch_posbl_file_size,bm1_0.bbs_attrb_code,bm1_0.bbs_intrcn,bm1_0.bbs_nm,bm1_0.bbs_ty_code,bm1_0.blog_at,bm1_0.blog_id,bm1_0.cmmnty_id,bm1_0.frst_register_id,bm1_0.frst_regist_pnttm,bm1_0.file_atch_posbl_at,bm1_0.last_updusr_id,bm1_0.last_updt_pnttm,bm1_0.reply_posbl_at,bm1_0.tmplat_id,bm1_0.use_at,bm1_1.answer_at,bm1_1.stsfdg_at from nbbsmaster bm1_0 left join nbbsmasteroptn bm1_1 on bm1_0.bbs_id=bm1_1.bbs_id where bm1_0.bbs_id=?
2026-03-16 17:02:35 [http-nio-8080-exec-3] DEBUG o.s.orm.jpa.JpaTransactionManager - Found thread-bound EntityManager [SessionImpl(821983503<open>)] for JPA transaction
2026-03-16 17:02:35 [http-nio-8080-exec-10] DEBUG o.s.orm.jpa.JpaTransactionManager - Found thread-bound EntityManager [SessionImpl(900997242<open>)] for JPA transaction
2026-03-16 17:02:35 [http-nio-8080-exec-3] DEBUG o.s.orm.jpa.JpaTransactionManager - Participating in existing transaction
2026-03-16 17:02:35 [http-nio-8080-exec-10] DEBUG o.s.orm.jpa.JpaTransactionManager - Participating in existing transaction
2026-03-16 17:02:35 [http-nio-8080-exec-3] DEBUG org.hibernate.SQL - select p1_0.progrm_file_nm,p1_0.progrm_dc,p1_0.progrm_korean_nm,p1_0.progrm_stre_path,p1_0.url from nprogrmlist p1_0
2026-03-16 17:02:35 [http-nio-8080-exec-10] DEBUG org.hibernate.SQL - select p1_0.progrm_file_nm,p1_0.progrm_dc,p1_0.progrm_korean_nm,p1_0.progrm_stre_path,p1_0.url from nprogrmlist p1_0
2026-03-16 17:02:35 [http-nio-8080-exec-8] DEBUG o.s.orm.jpa.JpaTransactionManager - Found thread-bound EntityManager [SessionImpl(1425375689<open>)] for JPA transaction
2026-03-16 17:02:35 [http-nio-8080-exec-8] DEBUG o.s.orm.jpa.JpaTransactionManager - Participating in existing transaction
2026-03-16 17:02:35 [http-nio-8080-exec-8] DEBUG org.hibernate.SQL - select p1_0.progrm_file_nm,p1_0.progrm_dc,p1_0.progrm_korean_nm,p1_0.progrm_stre_path,p1_0.url from nprogrmlist p1_0
2026-03-16 17:02:35 [http-nio-8080-exec-12] DEBUG o.s.orm.jpa.JpaTransactionManager - Found thread-bound EntityManager [SessionImpl(579188827<open>)] for JPA transaction
2026-03-16 17:02:35 [http-nio-8080-exec-12] DEBUG o.s.orm.jpa.JpaTransactionManager - Participating in existing transaction
2026-03-16 17:02:35 [http-nio-8080-exec-12] DEBUG org.hibernate.SQL - select p1_0.progrm_file_nm,p1_0.progrm_dc,p1_0.progrm_korean_nm,p1_0.progrm_stre_path,p1_0.url from nprogrmlist p1_0
2026-03-16 17:02:35 [http-nio-8080-exec-2] DEBUG org.hibernate.SQL - select b1_0.ntt_id,b1_0.bbs_id,b1_0.ntt_sj,b1_0.ntcr_nm,b1_0.frst_regist_pnttm,b1_0.rdcnt,b1_0.answer_at,b1_0.parntsctt_no,b1_0.answer_lc,b1_0.sort_ordr,b1_0.ntt_no,b1_0.notice_at,b1_0.secret_at,b1_0.comment_co from nbbs b1_0 left join nemplyrinfo u1_0 on b1_0.frst_register_id=u1_0.esntl_id where (b1_0.use_at = 'Y') and b1_0.bbs_id=? order by b1_0.sort_ordr desc,b1_0.ntt_no offset ? rows fetch first ? rows only
2026-03-16 17:02:35 [http-nio-8080-exec-10] DEBUG o.s.orm.jpa.JpaTransactionManager - Initiating transaction commit
2026-03-16 17:02:35 [http-nio-8080-exec-10] DEBUG o.s.orm.jpa.JpaTransactionManager - Committing JPA transaction on EntityManager [SessionImpl(900997242<open>)]
2026-03-16 17:02:35 [http-nio-8080-exec-8] DEBUG o.s.orm.jpa.JpaTransactionManager - Initiating transaction commit
2026-03-16 17:02:35 [http-nio-8080-exec-8] DEBUG o.s.orm.jpa.JpaTransactionManager - Committing JPA transaction on EntityManager [SessionImpl(1425375689<open>)]
2026-03-16 17:02:35 [http-nio-8080-exec-3] DEBUG o.s.orm.jpa.JpaTransactionManager - Initiating transaction commit
2026-03-16 17:02:35 [http-nio-8080-exec-19] DEBUG o.s.orm.jpa.JpaTransactionManager - Found thread-bound EntityManager [SessionImpl(531499915<open>)] for JPA transaction
2026-03-16 17:02:35 [http-nio-8080-exec-3] DEBUG o.s.orm.jpa.JpaTransactionManager - Committing JPA transaction on EntityManager [SessionImpl(821983503<open>)]
2026-03-16 17:02:35 [http-nio-8080-exec-19] DEBUG o.s.orm.jpa.JpaTransactionManager - Participating in existing transaction
2026-03-16 17:02:35 [http-nio-8080-exec-19] DEBUG org.hibernate.SQL - select p1_0.progrm_file_nm,p1_0.progrm_dc,p1_0.progrm_korean_nm,p1_0.progrm_stre_path,p1_0.url from nprogrmlist p1_0
2026-03-16 17:02:36 [http-nio-8080-exec-12] DEBUG o.s.orm.jpa.JpaTransactionManager - Initiating transaction commit
2026-03-16 17:02:36 [http-nio-8080-exec-12] DEBUG o.s.orm.jpa.JpaTransactionManager - Committing JPA transaction on EntityManager [SessionImpl(579188827<open>)]
2026-03-16 17:02:36 [http-nio-8080-exec-2] DEBUG org.hibernate.SQL - select count(b1_0.ntt_id) from nbbs b1_0 left join nemplyrinfo u1_0 on b1_0.frst_register_id=u1_0.esntl_id where (b1_0.use_at = 'Y') and b1_0.bbs_id=?
2026-03-16 17:02:36 [http-nio-8080-exec-10] DEBUG o.s.orm.jpa.JpaTransactionManager - Closing JPA EntityManager [SessionImpl(900997242<open>)] after transaction
2026-03-16 17:02:36 [http-nio-8080-exec-8] DEBUG o.s.orm.jpa.JpaTransactionManager - Closing JPA EntityManager [SessionImpl(1425375689<open>)] after transaction
2026-03-16 17:02:36 [http-nio-8080-exec-10] INFO  c.c.p.a.c.menu.MenuController - getLeftMenu returned 5 items
2026-03-16 17:02:36 [http-nio-8080-exec-8] INFO  c.c.p.a.c.menu.MenuController - getLeftMenu returned 2 items
2026-03-16 17:02:36 [http-nio-8080-exec-10] DEBUG o.s.w.s.m.m.a.HttpEntityMethodProcessor - Using 'application/json', given [application/json, text/plain, */*] and supported [application/json, application/*+json, application/yaml]
2026-03-16 17:02:36 [http-nio-8080-exec-8] DEBUG o.s.w.s.m.m.a.HttpEntityMethodProcessor - Using 'application/json', given [application/json, text/plain, */*] and supported [application/json, application/*+json, application/yaml]
2026-03-16 17:02:36 [http-nio-8080-exec-10] TRACE o.s.w.s.m.m.a.HttpEntityMethodProcessor - Writing [ApiResponse[success=true, status=200, code=COMMON_001, message=Success, data={list=[com.company.project.service.menu.dto.MenuDto@4dd66669, com.company.project.service.menu.dto.MenuDto@319d3b77, com.company.project.service.menu.dto.MenuDto@1c0be067, com.company.project.service.menu.dto.MenuDto@2c4b1459, com.company.project.service.menu.dto.MenuDto@52d0ca97]}, timestamp=2026-03-16T17:02:36.131080100]]
2026-03-16 17:02:36 [http-nio-8080-exec-8] TRACE o.s.w.s.m.m.a.HttpEntityMethodProcessor - Writing [ApiResponse[success=true, status=200, code=COMMON_001, message=Success, data={list=[com.company.project.service.menu.dto.MenuDto@41e50ab1, com.company.project.service.menu.dto.MenuDto@7aad6e8a]}, timestamp=2026-03-16T17:02:36.131080100]]
2026-03-16 17:02:36 [http-nio-8080-exec-8] INFO  c.c.p.a.i.OperationalAuditInterceptor - API Audit Log: URL=/api/v1/menu/left, User=webmaster, IP=0:0:0:0:0:0:0:1
2026-03-16 17:02:36 [http-nio-8080-exec-10] INFO  c.c.p.a.i.OperationalAuditInterceptor - API Audit Log: URL=/api/v1/menu/left, User=webmaster, IP=0:0:0:0:0:0:0:1
2026-03-16 17:02:36 [http-nio-8080-exec-8] DEBUG o.s.web.servlet.DispatcherServlet - Completed 200 OK
2026-03-16 17:02:36 [http-nio-8080-exec-10] DEBUG o.s.web.servlet.DispatcherServlet - Completed 200 OK
2026-03-16 17:02:36 [http-nio-8080-exec-3] DEBUG o.s.orm.jpa.JpaTransactionManager - Closing JPA EntityManager [SessionImpl(821983503<open>)] after transaction
2026-03-16 17:02:36 [http-nio-8080-exec-3] INFO  c.c.p.a.c.menu.MenuController - getLeftMenu returned 3 items
2026-03-16 17:02:36 [http-nio-8080-exec-3] DEBUG o.s.w.s.m.m.a.HttpEntityMethodProcessor - Using 'application/json', given [application/json, text/plain, */*] and supported [application/json, application/*+json, application/yaml]
2026-03-16 17:02:36 [http-nio-8080-exec-3] TRACE o.s.w.s.m.m.a.HttpEntityMethodProcessor - Writing [ApiResponse[success=true, status=200, code=COMMON_001, message=Success, data={list=[com.company.project.service.menu.dto.MenuDto@784ad988, com.company.project.service.menu.dto.MenuDto@13d199ed, com.company.project.service.menu.dto.MenuDto@63087d8f]}, timestamp=2026-03-16T17:02:36.131080100]]
2026-03-16 17:02:36 [http-nio-8080-exec-3] INFO  c.c.p.a.i.OperationalAuditInterceptor - API Audit Log: URL=/api/v1/menu/left, User=webmaster, IP=0:0:0:0:0:0:0:1
2026-03-16 17:02:36 [http-nio-8080-exec-3] DEBUG o.s.web.servlet.DispatcherServlet - Completed 200 OK
2026-03-16 17:02:36 [http-nio-8080-exec-19] DEBUG o.s.orm.jpa.JpaTransactionManager - Initiating transaction commit
2026-03-16 17:02:36 [http-nio-8080-exec-19] DEBUG o.s.orm.jpa.JpaTransactionManager - Committing JPA transaction on EntityManager [SessionImpl(531499915<open>)]
2026-03-16 17:02:36 [http-nio-8080-exec-12] DEBUG o.s.orm.jpa.JpaTransactionManager - Closing JPA EntityManager [SessionImpl(579188827<open>)] after transaction
2026-03-16 17:02:36 [http-nio-8080-exec-12] INFO  c.c.p.a.c.menu.MenuController - getLeftMenu returned 3 items
2026-03-16 17:02:36 [http-nio-8080-exec-12] DEBUG o.s.w.s.m.m.a.HttpEntityMethodProcessor - Using 'application/json', given [application/json, text/plain, */*] and supported [application/json, application/*+json, application/yaml]
2026-03-16 17:02:36 [http-nio-8080-exec-12] TRACE o.s.w.s.m.m.a.HttpEntityMethodProcessor - Writing [ApiResponse[success=true, status=200, code=COMMON_001, message=Success, data={list=[com.company.project.service.menu.dto.MenuDto@b8f67b9, com.company.project.service.menu.dto.MenuDto@5c5bd915, com.company.project.service.menu.dto.MenuDto@3265e1c2]}, timestamp=2026-03-16T17:02:36.157636600]]
2026-03-16 17:02:36 [http-nio-8080-exec-12] INFO  c.c.p.a.i.OperationalAuditInterceptor - API Audit Log: URL=/api/v1/menu/left, User=webmaster, IP=0:0:0:0:0:0:0:1
2026-03-16 17:02:36 [http-nio-8080-exec-12] DEBUG o.s.web.servlet.DispatcherServlet - Completed 200 OK
2026-03-16 17:02:36 [http-nio-8080-exec-2] DEBUG o.s.orm.jpa.JpaTransactionManager - Initiating transaction commit
2026-03-16 17:02:36 [http-nio-8080-exec-2] DEBUG o.s.orm.jpa.JpaTransactionManager - Committing JPA transaction on EntityManager [SessionImpl(1181833028<open>)]
2026-03-16 17:02:36 [http-nio-8080-exec-19] DEBUG o.s.orm.jpa.JpaTransactionManager - Closing JPA EntityManager [SessionImpl(531499915<open>)] after transaction
2026-03-16 17:02:36 [http-nio-8080-exec-19] INFO  c.c.p.a.c.menu.MenuController - getLeftMenu returned 1 items
2026-03-16 17:02:36 [http-nio-8080-exec-19] DEBUG o.s.w.s.m.m.a.HttpEntityMethodProcessor - Using 'application/json', given [application/json, text/plain, */*] and supported [application/json, application/*+json, application/yaml]
2026-03-16 17:02:36 [http-nio-8080-exec-19] TRACE o.s.w.s.m.m.a.HttpEntityMethodProcessor - Writing [ApiResponse[success=true, status=200, code=COMMON_001, message=Success, data={list=[com.company.project.service.menu.dto.MenuDto@6f9f5e80]}, timestamp=2026-03-16T17:02:36.283071300]]
2026-03-16 17:02:36 [http-nio-8080-exec-19] INFO  c.c.p.a.i.OperationalAuditInterceptor - API Audit Log: URL=/api/v1/menu/left, User=webmaster, IP=0:0:0:0:0:0:0:1
2026-03-16 17:02:36 [http-nio-8080-exec-19] DEBUG o.s.web.servlet.DispatcherServlet - Completed 200 OK
2026-03-16 17:02:36 [http-nio-8080-exec-2] DEBUG o.s.orm.jpa.JpaTransactionManager - Closing JPA EntityManager [SessionImpl(1181833028<open>)] after transaction
2026-03-16 17:02:36 [http-nio-8080-exec-2] DEBUG o.s.orm.jpa.JpaTransactionManager - Creating new transaction with name [com.company.project.service.informalsanction.InformalSanctionServiceImpl.getReceivedInformalSanctionList]: PROPAGATION_REQUIRED,ISOLATION_DEFAULT,readOnly
2026-03-16 17:02:36 [http-nio-8080-exec-2] DEBUG o.s.orm.jpa.JpaTransactionManager - Opened new EntityManager [SessionImpl(450516649<open>)] for JPA transaction
2026-03-16 17:02:36 [http-nio-8080-exec-2] DEBUG o.s.orm.jpa.JpaTransactionManager - Exposing JPA transaction as JDBC [org.springframework.orm.jpa.vendor.HibernateJpaDialect$HibernateConnectionHandle@613322b1]
2026-03-16 17:02:36 [http-nio-8080-exec-2] DEBUG org.hibernate.SQL - select is1_0.infrml_sanctn_id,is1_0.applcnt_id,is1_0.confm_at,is1_0.frst_register_id,is1_0.frst_regist_pnttm,is1_0.job_se_code,is1_0.last_updusr_id,is1_0.last_updt_pnttm,is1_0.reqst_de,is1_0.return_resn,is1_0.sanctn_dt,is1_0.sanctner_id from ninfrmlsanctn is1_0 where is1_0.sanctner_id=?
2026-03-16 17:02:36 [http-nio-8080-exec-2] DEBUG o.s.orm.jpa.JpaTransactionManager - Initiating transaction commit
2026-03-16 17:02:36 [http-nio-8080-exec-2] DEBUG o.s.orm.jpa.JpaTransactionManager - Committing JPA transaction on EntityManager [SessionImpl(450516649<open>)]
2026-03-16 17:02:36 [http-nio-8080-exec-2] DEBUG o.s.orm.jpa.JpaTransactionManager - Closing JPA EntityManager [SessionImpl(450516649<open>)] after transaction
2026-03-16 17:02:36 [http-nio-8080-exec-2] DEBUG o.s.w.s.m.m.a.HttpEntityMethodProcessor - Using 'application/json', given [application/json, text/plain, */*] and supported [application/json, application/*+json, application/yaml]
2026-03-16 17:02:36 [http-nio-8080-exec-2] TRACE o.s.w.s.m.m.a.HttpEntityMethodProcessor - Writing [{notiList=[com.company.project.service.board.dto.BoardDto@1c397f87], success=true, taskList=[com.company.project.service.board.dto.BoardDto@e98a986], pendingApprovalCount=0}]
2026-03-16 17:02:36 [http-nio-8080-exec-2] INFO  c.c.p.a.i.OperationalAuditInterceptor - API Audit Log: URL=/api/v1/dashboard, User=webmaster, IP=0:0:0:0:0:0:0:1
2026-03-16 17:02:36 [http-nio-8080-exec-2] DEBUG o.s.web.servlet.DispatcherServlet - Completed 200 OK
2026-03-16 17:02:36 [http-nio-8080-exec-1] DEBUG c.c.p.s.jwt.JwtAuthenticationFilter - >>> [JwtFilter] Processing request: GET /api/v1/menu/left
2026-03-16 17:02:36 [http-nio-8080-exec-5] DEBUG c.c.p.s.jwt.JwtAuthenticationFilter - >>> [JwtFilter] Processing request: GET /api/v1/menu/head
2026-03-16 17:02:36 [http-nio-8080-exec-9] DEBUG c.c.p.s.jwt.JwtAuthenticationFilter - >>> [JwtFilter] Processing request: GET /api/v1/auth/me
2026-03-16 17:02:36 [http-nio-8080-exec-1] DEBUG c.c.p.s.jwt.JwtAuthenticationFilter - >>> [JwtFilter] Found token in header for path: /api/v1/menu/left
2026-03-16 17:02:36 [http-nio-8080-exec-9] DEBUG c.c.p.s.jwt.JwtAuthenticationFilter - >>> [JwtFilter] Found token in header for path: /api/v1/auth/me
2026-03-16 17:02:36 [http-nio-8080-exec-5] DEBUG c.c.p.s.jwt.JwtAuthenticationFilter - >>> [JwtFilter] Found token in header for path: /api/v1/menu/head
2026-03-16 17:02:36 [http-nio-8080-exec-1] DEBUG o.s.orm.jpa.JpaTransactionManager - Creating new transaction with name [com.company.project.security.iam.CustomUserDetailsService.loadUserByUsername]: PROPAGATION_REQUIRED,ISOLATION_DEFAULT,readOnly
2026-03-16 17:02:36 [http-nio-8080-exec-5] DEBUG o.s.orm.jpa.JpaTransactionManager - Creating new transaction with name [com.company.project.security.iam.CustomUserDetailsService.loadUserByUsername]: PROPAGATION_REQUIRED,ISOLATION_DEFAULT,readOnly
2026-03-16 17:02:36 [http-nio-8080-exec-9] DEBUG o.s.orm.jpa.JpaTransactionManager - Creating new transaction with name [com.company.project.security.iam.CustomUserDetailsService.loadUserByUsername]: PROPAGATION_REQUIRED,ISOLATION_DEFAULT,readOnly
2026-03-16 17:02:36 [http-nio-8080-exec-1] DEBUG o.s.orm.jpa.JpaTransactionManager - Opened new EntityManager [SessionImpl(1576874965<open>)] for JPA transaction
2026-03-16 17:02:36 [http-nio-8080-exec-9] DEBUG o.s.orm.jpa.JpaTransactionManager - Opened new EntityManager [SessionImpl(1619327775<open>)] for JPA transaction
2026-03-16 17:02:36 [http-nio-8080-exec-5] DEBUG o.s.orm.jpa.JpaTransactionManager - Opened new EntityManager [SessionImpl(1586558708<open>)] for JPA transaction
2026-03-16 17:02:36 [http-nio-8080-exec-1] DEBUG o.s.orm.jpa.JpaTransactionManager - Exposing JPA transaction as JDBC [org.springframework.orm.jpa.vendor.HibernateJpaDialect$HibernateConnectionHandle@312a02f]
2026-03-16 17:02:36 [http-nio-8080-exec-9] DEBUG o.s.orm.jpa.JpaTransactionManager - Exposing JPA transaction as JDBC [org.springframework.orm.jpa.vendor.HibernateJpaDialect$HibernateConnectionHandle@781bf614]
2026-03-16 17:02:36 [http-nio-8080-exec-5] DEBUG o.s.orm.jpa.JpaTransactionManager - Exposing JPA transaction as JDBC [org.springframework.orm.jpa.vendor.HibernateJpaDialect$HibernateConnectionHandle@2b196ea]
2026-03-16 17:02:36 [http-nio-8080-exec-1] DEBUG o.s.orm.jpa.JpaTransactionManager - Found thread-bound EntityManager [SessionImpl(1576874965<open>)] for JPA transaction
2026-03-16 17:02:36 [http-nio-8080-exec-5] DEBUG o.s.orm.jpa.JpaTransactionManager - Found thread-bound EntityManager [SessionImpl(1586558708<open>)] for JPA transaction
2026-03-16 17:02:36 [http-nio-8080-exec-1] DEBUG o.s.orm.jpa.JpaTransactionManager - Participating in existing transaction
2026-03-16 17:02:36 [http-nio-8080-exec-9] DEBUG o.s.orm.jpa.JpaTransactionManager - Found thread-bound EntityManager [SessionImpl(1619327775<open>)] for JPA transaction
2026-03-16 17:02:36 [http-nio-8080-exec-5] DEBUG o.s.orm.jpa.JpaTransactionManager - Participating in existing transaction
2026-03-16 17:02:36 [http-nio-8080-exec-9] DEBUG o.s.orm.jpa.JpaTransactionManager - Participating in existing transaction
2026-03-16 17:02:36 [http-nio-8080-exec-5] DEBUG org.hibernate.SQL - select u1_0.emplyr_id,u1_0.area_no,u1_0.brthdy,u1_0.chg_pwd_cnt,u1_0.frst_register_id,u1_0.frst_regist_pnttm,u1_0.detail_adres,u1_0.email_adres,u1_0.emplyr_sttus_code,u1_0.empl_no,u1_0.esntl_id,u1_0.fxnum,u1_0.group_id,u1_0.house_adres,u1_0.house_end_telno,u1_0.house_middle_telno,u1_0.ihidnum,u1_0.pstinst_code,u1_0.last_updusr_id,u1_0.last_updt_pnttm,u1_0.lock_at,u1_0.lock_cnt,u1_0.lock_last_pnttm,u1_0.mbtlnum,u1_0.ofcps_nm,u1_0.offm_telno,u1_0.orgnzt_id,u1_0.password,u1_0.password_cnsr,u1_0.password_hint,u1_0.chg_pwd_last_pnttm,u1_0.role,u1_0.sbscrb_de,u1_0.sexdstn_code,u1_0.crtfc_dn_value,u1_0.user_nm,u1_0.zip from nemplyrinfo u1_0 where u1_0.emplyr_id=?
2026-03-16 17:02:36 [http-nio-8080-exec-9] DEBUG org.hibernate.SQL - select u1_0.emplyr_id,u1_0.area_no,u1_0.brthdy,u1_0.chg_pwd_cnt,u1_0.frst_register_id,u1_0.frst_regist_pnttm,u1_0.detail_adres,u1_0.email_adres,u1_0.emplyr_sttus_code,u1_0.empl_no,u1_0.esntl_id,u1_0.fxnum,u1_0.group_id,u1_0.house_adres,u1_0.house_end_telno,u1_0.house_middle_telno,u1_0.ihidnum,u1_0.pstinst_code,u1_0.last_updusr_id,u1_0.last_updt_pnttm,u1_0.lock_at,u1_0.lock_cnt,u1_0.lock_last_pnttm,u1_0.mbtlnum,u1_0.ofcps_nm,u1_0.offm_telno,u1_0.orgnzt_id,u1_0.password,u1_0.password_cnsr,u1_0.password_hint,u1_0.chg_pwd_last_pnttm,u1_0.role,u1_0.sbscrb_de,u1_0.sexdstn_code,u1_0.crtfc_dn_value,u1_0.user_nm,u1_0.zip from nemplyrinfo u1_0 where u1_0.emplyr_id=?
2026-03-16 17:02:36 [http-nio-8080-exec-1] DEBUG org.hibernate.SQL - select u1_0.emplyr_id,u1_0.area_no,u1_0.brthdy,u1_0.chg_pwd_cnt,u1_0.frst_register_id,u1_0.frst_regist_pnttm,u1_0.detail_adres,u1_0.email_adres,u1_0.emplyr_sttus_code,u1_0.empl_no,u1_0.esntl_id,u1_0.fxnum,u1_0.group_id,u1_0.house_adres,u1_0.house_end_telno,u1_0.house_middle_telno,u1_0.ihidnum,u1_0.pstinst_code,u1_0.last_updusr_id,u1_0.last_updt_pnttm,u1_0.lock_at,u1_0.lock_cnt,u1_0.lock_last_pnttm,u1_0.mbtlnum,u1_0.ofcps_nm,u1_0.offm_telno,u1_0.orgnzt_id,u1_0.password,u1_0.password_cnsr,u1_0.password_hint,u1_0.chg_pwd_last_pnttm,u1_0.role,u1_0.sbscrb_de,u1_0.sexdstn_code,u1_0.crtfc_dn_value,u1_0.user_nm,u1_0.zip from nemplyrinfo u1_0 where u1_0.emplyr_id=?
2026-03-16 17:02:37 [http-nio-8080-exec-5] DEBUG o.s.orm.jpa.JpaTransactionManager - Found thread-bound EntityManager [SessionImpl(1586558708<open>)] for JPA transaction
2026-03-16 17:02:37 [http-nio-8080-exec-5] DEBUG o.s.orm.jpa.JpaTransactionManager - Participating in existing transaction
2026-03-16 17:02:37 [http-nio-8080-exec-9] DEBUG o.s.orm.jpa.JpaTransactionManager - Found thread-bound EntityManager [SessionImpl(1619327775<open>)] for JPA transaction
2026-03-16 17:02:37 [http-nio-8080-exec-9] DEBUG o.s.orm.jpa.JpaTransactionManager - Participating in existing transaction
2026-03-16 17:02:37 [http-nio-8080-exec-5] DEBUG org.hibernate.SQL - select ua1_0.scrty_dtrmn_trget_id,ua1_0.author_code,ua1_0.frst_register_id,ua1_0.frst_regist_pnttm,ua1_0.last_updusr_id,ua1_0.last_updt_pnttm,ua1_0.mber_ty_code from nemplyrscrtyestbs ua1_0 where ua1_0.scrty_dtrmn_trget_id=?
2026-03-16 17:02:37 [http-nio-8080-exec-9] DEBUG org.hibernate.SQL - select ua1_0.scrty_dtrmn_trget_id,ua1_0.author_code,ua1_0.frst_register_id,ua1_0.frst_regist_pnttm,ua1_0.last_updusr_id,ua1_0.last_updt_pnttm,ua1_0.mber_ty_code from nemplyrscrtyestbs ua1_0 where ua1_0.scrty_dtrmn_trget_id=?
2026-03-16 17:02:37 [http-nio-8080-exec-1] DEBUG o.s.orm.jpa.JpaTransactionManager - Found thread-bound EntityManager [SessionImpl(1576874965<open>)] for JPA transaction
2026-03-16 17:02:37 [http-nio-8080-exec-1] DEBUG o.s.orm.jpa.JpaTransactionManager - Participating in existing transaction
2026-03-16 17:02:37 [http-nio-8080-exec-1] DEBUG org.hibernate.SQL - select ua1_0.scrty_dtrmn_trget_id,ua1_0.author_code,ua1_0.frst_register_id,ua1_0.frst_regist_pnttm,ua1_0.last_updusr_id,ua1_0.last_updt_pnttm,ua1_0.mber_ty_code from nemplyrscrtyestbs ua1_0 where ua1_0.scrty_dtrmn_trget_id=?
2026-03-16 17:02:37 [http-nio-8080-exec-5] DEBUG o.s.orm.jpa.JpaTransactionManager - Initiating transaction commit
2026-03-16 17:02:37 [http-nio-8080-exec-9] DEBUG o.s.orm.jpa.JpaTransactionManager - Initiating transaction commit
2026-03-16 17:02:37 [http-nio-8080-exec-5] DEBUG o.s.orm.jpa.JpaTransactionManager - Committing JPA transaction on EntityManager [SessionImpl(1586558708<open>)]
2026-03-16 17:02:37 [http-nio-8080-exec-9] DEBUG o.s.orm.jpa.JpaTransactionManager - Committing JPA transaction on EntityManager [SessionImpl(1619327775<open>)]
2026-03-16 17:02:37 [http-nio-8080-exec-1] DEBUG o.s.orm.jpa.JpaTransactionManager - Initiating transaction commit
2026-03-16 17:02:37 [http-nio-8080-exec-1] DEBUG o.s.orm.jpa.JpaTransactionManager - Committing JPA transaction on EntityManager [SessionImpl(1576874965<open>)]
2026-03-16 17:02:37 [http-nio-8080-exec-9] DEBUG o.s.orm.jpa.JpaTransactionManager - Closing JPA EntityManager [SessionImpl(1619327775<open>)] after transaction
2026-03-16 17:02:37 [http-nio-8080-exec-5] DEBUG o.s.orm.jpa.JpaTransactionManager - Closing JPA EntityManager [SessionImpl(1586558708<open>)] after transaction
2026-03-16 17:02:37 [http-nio-8080-exec-9] DEBUG c.c.p.s.jwt.JwtAuthenticationFilter - >>> [JwtFilter] Successfully authenticated user: USRCNFRM_99999999999, Authorities: [ROLE_ADMIN]
2026-03-16 17:02:37 [http-nio-8080-exec-5] DEBUG c.c.p.s.jwt.JwtAuthenticationFilter - >>> [JwtFilter] Successfully authenticated user: USRCNFRM_99999999999, Authorities: [ROLE_ADMIN]
2026-03-16 17:02:37 [http-nio-8080-exec-9] DEBUG o.s.web.servlet.DispatcherServlet - GET "/api/v1/auth/me", parameters={}
2026-03-16 17:02:37 [http-nio-8080-exec-5] DEBUG o.s.web.servlet.DispatcherServlet - GET "/api/v1/menu/head", parameters={}
2026-03-16 17:02:37 [http-nio-8080-exec-9] TRACE o.s.w.s.m.m.a.RequestMappingHandlerMapping - Mapped to com.company.project.api.auth.AuthController#getCurrentUser()
2026-03-16 17:02:37 [http-nio-8080-exec-5] TRACE o.s.w.s.m.m.a.RequestMappingHandlerMapping - Mapped to com.company.project.api.controller.menu.MenuController#getHeadMenu()
2026-03-16 17:02:37 [http-nio-8080-exec-5] INFO  c.c.p.a.c.menu.MenuController - getHeadMenu called
2026-03-16 17:02:37 [http-nio-8080-exec-9] DEBUG o.s.w.s.m.m.a.RequestResponseBodyMethodProcessor - Using 'application/json', given [application/json, text/plain, */*] and supported [application/json, application/*+json, application/yaml]
2026-03-16 17:02:37 [http-nio-8080-exec-9] TRACE o.s.w.s.m.m.a.RequestResponseBodyMethodProcessor - Writing [ApiResponse[success=true, status=200, code=COMMON_001, message=Success, data={role=ROLE_ADMIN, userSe=EMP, name=관리자, id=webmaster}, timestamp=2026-03-16T17:02:37.438005]]
2026-03-16 17:02:37 [http-nio-8080-exec-5] INFO  c.c.p.a.c.menu.MenuController - getHeadMenu returned 5 items
2026-03-16 17:02:37 [http-nio-8080-exec-5] DEBUG o.s.w.s.m.m.a.HttpEntityMethodProcessor - Using 'application/json', given [application/json, text/plain, */*] and supported [application/json, application/*+json, application/yaml]
2026-03-16 17:02:37 [http-nio-8080-exec-5] TRACE o.s.w.s.m.m.a.HttpEntityMethodProcessor - Writing [ApiResponse[success=true, status=200, code=COMMON_001, message=Success, data={list=[com.company.project.service.menu.dto.MenuDto@2b80d6b0, com.company.project.service.menu.dto.MenuDto@1418cfa3, com.company.project.service.menu.dto.MenuDto@f230bf1, com.company.project.service.menu.dto.MenuDto@734a7f6a, com.company.project.service.menu.dto.MenuDto@5e5202e5]}, timestamp=2026-03-16T17:02:37.438005]]
2026-03-16 17:02:37 [http-nio-8080-exec-9] INFO  c.c.p.a.i.OperationalAuditInterceptor - API Audit Log: URL=/api/v1/auth/me, User=webmaster, IP=127.0.0.1
2026-03-16 17:02:37 [http-nio-8080-exec-9] DEBUG o.s.web.servlet.DispatcherServlet - Completed 200 OK
2026-03-16 17:02:37 [http-nio-8080-exec-5] INFO  c.c.p.a.i.OperationalAuditInterceptor - API Audit Log: URL=/api/v1/menu/head, User=webmaster, IP=127.0.0.1
2026-03-16 17:02:37 [http-nio-8080-exec-5] DEBUG o.s.web.servlet.DispatcherServlet - Completed 200 OK
2026-03-16 17:02:37 [http-nio-8080-exec-1] DEBUG o.s.orm.jpa.JpaTransactionManager - Closing JPA EntityManager [SessionImpl(1576874965<open>)] after transaction
2026-03-16 17:02:37 [http-nio-8080-exec-1] DEBUG c.c.p.s.jwt.JwtAuthenticationFilter - >>> [JwtFilter] Successfully authenticated user: USRCNFRM_99999999999, Authorities: [ROLE_ADMIN]
2026-03-16 17:02:37 [http-nio-8080-exec-1] DEBUG o.s.web.servlet.DispatcherServlet - GET "/api/v1/menu/left?menuNo=10", parameters={masked}
2026-03-16 17:02:37 [http-nio-8080-exec-1] TRACE o.s.w.s.m.m.a.RequestMappingHandlerMapping - Mapped to com.company.project.api.controller.menu.MenuController#getLeftMenu(Long)
2026-03-16 17:02:37 [http-nio-8080-exec-1] INFO  c.c.p.a.c.menu.MenuController - getLeftMenu called with menuNo=10
2026-03-16 17:02:37 [http-nio-8080-exec-1] DEBUG o.s.orm.jpa.JpaTransactionManager - Creating new transaction with name [com.company.project.service.menu.MenuService.getSubMenus]: PROPAGATION_REQUIRED,ISOLATION_DEFAULT,readOnly
2026-03-16 17:02:37 [http-nio-8080-exec-1] DEBUG o.s.orm.jpa.JpaTransactionManager - Opened new EntityManager [SessionImpl(2060607078<open>)] for JPA transaction
2026-03-16 17:02:37 [http-nio-8080-exec-1] DEBUG o.s.orm.jpa.JpaTransactionManager - Exposing JPA transaction as JDBC [org.springframework.orm.jpa.vendor.HibernateJpaDialect$HibernateConnectionHandle@16a60123]
2026-03-16 17:02:37 [http-nio-8080-exec-1] DEBUG org.hibernate.SQL - select m1_0.menu_no,m1_0.menu_dc,m1_0.menu_nm,m1_0.menu_ordr,m1_0.modern_route,m1_0.progrm_file_nm,m1_0.relate_image_nm,m1_0.relate_image_path,m1_0.route_updated_at,m1_0.upper_menu_no from nmenuinfo m1_0 order by m1_0.upper_menu_no,m1_0.menu_ordr
2026-03-16 17:02:37 [http-nio-8080-exec-15] DEBUG c.c.p.s.jwt.JwtAuthenticationFilter - >>> [JwtFilter] Processing request: GET /api/v1/notifications
2026-03-16 17:02:37 [http-nio-8080-exec-15] DEBUG c.c.p.s.jwt.JwtAuthenticationFilter - >>> [JwtFilter] Found token in header for path: /api/v1/notifications
2026-03-16 17:02:37 [http-nio-8080-exec-15] DEBUG o.s.orm.jpa.JpaTransactionManager - Creating new transaction with name [com.company.project.security.iam.CustomUserDetailsService.loadUserByUsername]: PROPAGATION_REQUIRED,ISOLATION_DEFAULT,readOnly
2026-03-16 17:02:37 [http-nio-8080-exec-17] DEBUG c.c.p.s.jwt.JwtAuthenticationFilter - >>> [JwtFilter] Processing request: GET /api/v1/notifications/unread-count
2026-03-16 17:02:37 [http-nio-8080-exec-15] DEBUG o.s.orm.jpa.JpaTransactionManager - Opened new EntityManager [SessionImpl(985257533<open>)] for JPA transaction
2026-03-16 17:02:37 [http-nio-8080-exec-17] DEBUG c.c.p.s.jwt.JwtAuthenticationFilter - >>> [JwtFilter] Found token in header for path: /api/v1/notifications/unread-count
2026-03-16 17:02:37 [http-nio-8080-exec-17] DEBUG o.s.orm.jpa.JpaTransactionManager - Creating new transaction with name [com.company.project.security.iam.CustomUserDetailsService.loadUserByUsername]: PROPAGATION_REQUIRED,ISOLATION_DEFAULT,readOnly
2026-03-16 17:02:37 [http-nio-8080-exec-17] DEBUG o.s.orm.jpa.JpaTransactionManager - Opened new EntityManager [SessionImpl(1336305023<open>)] for JPA transaction
2026-03-16 17:02:37 [http-nio-8080-exec-17] DEBUG o.s.orm.jpa.JpaTransactionManager - Exposing JPA transaction as JDBC [org.springframework.orm.jpa.vendor.HibernateJpaDialect$HibernateConnectionHandle@13a42efb]
2026-03-16 17:02:37 [http-nio-8080-exec-17] DEBUG o.s.orm.jpa.JpaTransactionManager - Found thread-bound EntityManager [SessionImpl(1336305023<open>)] for JPA transaction
2026-03-16 17:02:37 [http-nio-8080-exec-17] DEBUG o.s.orm.jpa.JpaTransactionManager - Participating in existing transaction
2026-03-16 17:02:37 [http-nio-8080-exec-17] DEBUG org.hibernate.SQL - select u1_0.emplyr_id,u1_0.area_no,u1_0.brthdy,u1_0.chg_pwd_cnt,u1_0.frst_register_id,u1_0.frst_regist_pnttm,u1_0.detail_adres,u1_0.email_adres,u1_0.emplyr_sttus_code,u1_0.empl_no,u1_0.esntl_id,u1_0.fxnum,u1_0.group_id,u1_0.house_adres,u1_0.house_end_telno,u1_0.house_middle_telno,u1_0.ihidnum,u1_0.pstinst_code,u1_0.last_updusr_id,u1_0.last_updt_pnttm,u1_0.lock_at,u1_0.lock_cnt,u1_0.lock_last_pnttm,u1_0.mbtlnum,u1_0.ofcps_nm,u1_0.offm_telno,u1_0.orgnzt_id,u1_0.password,u1_0.password_cnsr,u1_0.password_hint,u1_0.chg_pwd_last_pnttm,u1_0.role,u1_0.sbscrb_de,u1_0.sexdstn_code,u1_0.crtfc_dn_value,u1_0.user_nm,u1_0.zip from nemplyrinfo u1_0 where u1_0.emplyr_id=?
2026-03-16 17:02:37 [http-nio-8080-exec-4] DEBUG c.c.p.s.jwt.JwtAuthenticationFilter - >>> [JwtFilter] Processing request: GET /api/v1/popups/active
2026-03-16 17:02:37 [http-nio-8080-exec-6] DEBUG c.c.p.s.jwt.JwtAuthenticationFilter - >>> [JwtFilter] Processing request: GET /api/v1/admin/system/banners/reflected
2026-03-16 17:02:37 [http-nio-8080-exec-4] DEBUG c.c.p.s.jwt.JwtAuthenticationFilter - >>> [JwtFilter] Found token in header for path: /api/v1/popups/active
2026-03-16 17:02:37 [http-nio-8080-exec-6] DEBUG c.c.p.s.jwt.JwtAuthenticationFilter - >>> [JwtFilter] Found token in header for path: /api/v1/admin/system/banners/reflected
2026-03-16 17:02:37 [http-nio-8080-exec-4] DEBUG o.s.orm.jpa.JpaTransactionManager - Creating new transaction with name [com.company.project.security.iam.CustomUserDetailsService.loadUserByUsername]: PROPAGATION_REQUIRED,ISOLATION_DEFAULT,readOnly
2026-03-16 17:02:37 [http-nio-8080-exec-6] DEBUG o.s.orm.jpa.JpaTransactionManager - Creating new transaction with name [com.company.project.security.iam.CustomUserDetailsService.loadUserByUsername]: PROPAGATION_REQUIRED,ISOLATION_DEFAULT,readOnly
2026-03-16 17:02:37 [http-nio-8080-exec-4] DEBUG o.s.orm.jpa.JpaTransactionManager - Opened new EntityManager [SessionImpl(732854849<open>)] for JPA transaction
2026-03-16 17:02:37 [http-nio-8080-exec-6] DEBUG o.s.orm.jpa.JpaTransactionManager - Opened new EntityManager [SessionImpl(852301998<open>)] for JPA transaction
2026-03-16 17:02:37 [http-nio-8080-exec-6] DEBUG o.s.orm.jpa.JpaTransactionManager - Exposing JPA transaction as JDBC [org.springframework.orm.jpa.vendor.HibernateJpaDialect$HibernateConnectionHandle@511f8868]
2026-03-16 17:02:37 [http-nio-8080-exec-6] DEBUG o.s.orm.jpa.JpaTransactionManager - Found thread-bound EntityManager [SessionImpl(852301998<open>)] for JPA transaction
2026-03-16 17:02:37 [http-nio-8080-exec-6] DEBUG o.s.orm.jpa.JpaTransactionManager - Participating in existing transaction
2026-03-16 17:02:37 [http-nio-8080-exec-6] DEBUG org.hibernate.SQL - select u1_0.emplyr_id,u1_0.area_no,u1_0.brthdy,u1_0.chg_pwd_cnt,u1_0.frst_register_id,u1_0.frst_regist_pnttm,u1_0.detail_adres,u1_0.email_adres,u1_0.emplyr_sttus_code,u1_0.empl_no,u1_0.esntl_id,u1_0.fxnum,u1_0.group_id,u1_0.house_adres,u1_0.house_end_telno,u1_0.house_middle_telno,u1_0.ihidnum,u1_0.pstinst_code,u1_0.last_updusr_id,u1_0.last_updt_pnttm,u1_0.lock_at,u1_0.lock_cnt,u1_0.lock_last_pnttm,u1_0.mbtlnum,u1_0.ofcps_nm,u1_0.offm_telno,u1_0.orgnzt_id,u1_0.password,u1_0.password_cnsr,u1_0.password_hint,u1_0.chg_pwd_last_pnttm,u1_0.role,u1_0.sbscrb_de,u1_0.sexdstn_code,u1_0.crtfc_dn_value,u1_0.user_nm,u1_0.zip from nemplyrinfo u1_0 where u1_0.emplyr_id=?
2026-03-16 17:02:37 [http-nio-8080-exec-16] DEBUG o.s.web.servlet.DispatcherServlet - GET "/ws/info?t=1773648157510", parameters={masked}
2026-03-16 17:02:37 [http-nio-8080-exec-16] DEBUG o.s.w.s.s.s.WebSocketHandlerMapping - Mapped to org.springframework.web.socket.sockjs.support.SockJsHttpRequestHandler@3d80b7ba
2026-03-16 17:02:37 [http-nio-8080-exec-16] DEBUG o.s.w.s.s.t.h.DefaultSockJsService - Processing transport request: GET http://localhost:8080/ws/info?t=1773648157510
2026-03-16 17:02:37 [http-nio-8080-exec-16] DEBUG o.s.web.servlet.DispatcherServlet - Completed 200 OK
2026-03-16 17:02:37 [http-nio-8080-exec-11] DEBUG o.s.web.servlet.DispatcherServlet - GET "/ws/294/qf2nmi1d/websocket", parameters={}
2026-03-16 17:02:37 [http-nio-8080-exec-11] DEBUG o.s.w.s.s.s.WebSocketHandlerMapping - Mapped to org.springframework.web.socket.sockjs.support.SockJsHttpRequestHandler@3d80b7ba
2026-03-16 17:02:37 [http-nio-8080-exec-11] DEBUG o.s.w.s.s.t.h.DefaultSockJsService - Processing transport request: GET http://localhost:8080/ws/294/qf2nmi1d/websocket
2026-03-16 17:02:37 [http-nio-8080-exec-11] DEBUG o.s.web.servlet.DispatcherServlet - Completed 101 SWITCHING_PROTOCOLS
2026-03-16 17:02:37 [http-nio-8080-exec-11] DEBUG o.s.w.s.h.LoggingWebSocketHandlerDecorator - New WebSocketServerSockJsSession[id=qf2nmi1d]
2026-03-16 17:02:37 [scheduling-1] DEBUG org.springframework.web.SimpLogging - Processing CONNECT session=qf2nmi1d
2026-03-16 17:02:37 [scheduling-1] DEBUG org.springframework.web.SimpLogging - Processing SUBSCRIBE /topic/notices id=sub-0 session=qf2nmi1d
2026-03-16 17:02:37 [scheduling-1] DEBUG org.springframework.web.SimpLogging - Processing SUBSCRIBE destination=/queue/notifications-userqf2nmi1d subscriptionId=sub-1 session=qf2nmi1d payload=byte[0]
2026-03-16 17:02:37 [scheduling-1] DEBUG org.springframework.web.SimpLogging - Processing SUBSCRIBE /topic/public id=sub-2 session=qf2nmi1d
2026-03-16 17:02:37 [scheduling-1] DEBUG org.springframework.web.SimpLogging - Processing SUBSCRIBE /topic/dashboard/stats id=sub-4 session=qf2nmi1d
2026-03-16 17:02:37 [scheduling-1] DEBUG org.springframework.web.SimpLogging - Processing SUBSCRIBE /topic/notifications id=sub-5 session=qf2nmi1d
2026-03-16 17:02:37 [scheduling-1] DEBUG org.springframework.web.SimpLogging - Processing SUBSCRIBE destination=/queue/notifications-userqf2nmi1d subscriptionId=sub-6 session=qf2nmi1d payload=byte[0]
2026-03-16 17:02:37 [http-nio-8080-exec-13] DEBUG c.c.p.s.jwt.JwtAuthenticationFilter - >>> [JwtFilter] Processing request: GET /api/v1/admin/system/statistics/connect
2026-03-16 17:02:37 [http-nio-8080-exec-13] DEBUG c.c.p.s.jwt.JwtAuthenticationFilter - >>> [JwtFilter] Found token in header for path: /api/v1/admin/system/statistics/connect
2026-03-16 17:02:37 [http-nio-8080-exec-13] DEBUG o.s.orm.jpa.JpaTransactionManager - Creating new transaction with name [com.company.project.security.iam.CustomUserDetailsService.loadUserByUsername]: PROPAGATION_REQUIRED,ISOLATION_DEFAULT,readOnly
2026-03-16 17:02:37 [http-nio-8080-exec-13] DEBUG o.s.orm.jpa.JpaTransactionManager - Opened new EntityManager [SessionImpl(2093195614<open>)] for JPA transaction
2026-03-16 17:02:37 [http-nio-8080-exec-15] DEBUG o.s.orm.jpa.JpaTransactionManager - Exposing JPA transaction as JDBC [org.springframework.orm.jpa.vendor.HibernateJpaDialect$HibernateConnectionHandle@7a38e332]
2026-03-16 17:02:37 [http-nio-8080-exec-4] DEBUG o.s.orm.jpa.JpaTransactionManager - Exposing JPA transaction as JDBC [org.springframework.orm.jpa.vendor.HibernateJpaDialect$HibernateConnectionHandle@49e43d68]
2026-03-16 17:02:37 [http-nio-8080-exec-15] DEBUG o.s.orm.jpa.JpaTransactionManager - Found thread-bound EntityManager [SessionImpl(985257533<open>)] for JPA transaction
2026-03-16 17:02:37 [http-nio-8080-exec-15] DEBUG o.s.orm.jpa.JpaTransactionManager - Participating in existing transaction
2026-03-16 17:02:37 [http-nio-8080-exec-4] DEBUG o.s.orm.jpa.JpaTransactionManager - Found thread-bound EntityManager [SessionImpl(732854849<open>)] for JPA transaction
2026-03-16 17:02:37 [http-nio-8080-exec-4] DEBUG o.s.orm.jpa.JpaTransactionManager - Participating in existing transaction
2026-03-16 17:02:37 [http-nio-8080-exec-15] DEBUG org.hibernate.SQL - select u1_0.emplyr_id,u1_0.area_no,u1_0.brthdy,u1_0.chg_pwd_cnt,u1_0.frst_register_id,u1_0.frst_regist_pnttm,u1_0.detail_adres,u1_0.email_adres,u1_0.emplyr_sttus_code,u1_0.empl_no,u1_0.esntl_id,u1_0.fxnum,u1_0.group_id,u1_0.house_adres,u1_0.house_end_telno,u1_0.house_middle_telno,u1_0.ihidnum,u1_0.pstinst_code,u1_0.last_updusr_id,u1_0.last_updt_pnttm,u1_0.lock_at,u1_0.lock_cnt,u1_0.lock_last_pnttm,u1_0.mbtlnum,u1_0.ofcps_nm,u1_0.offm_telno,u1_0.orgnzt_id,u1_0.password,u1_0.password_cnsr,u1_0.password_hint,u1_0.chg_pwd_last_pnttm,u1_0.role,u1_0.sbscrb_de,u1_0.sexdstn_code,u1_0.crtfc_dn_value,u1_0.user_nm,u1_0.zip from nemplyrinfo u1_0 where u1_0.emplyr_id=?
2026-03-16 17:02:37 [http-nio-8080-exec-4] DEBUG org.hibernate.SQL - select u1_0.emplyr_id,u1_0.area_no,u1_0.brthdy,u1_0.chg_pwd_cnt,u1_0.frst_register_id,u1_0.frst_regist_pnttm,u1_0.detail_adres,u1_0.email_adres,u1_0.emplyr_sttus_code,u1_0.empl_no,u1_0.esntl_id,u1_0.fxnum,u1_0.group_id,u1_0.house_adres,u1_0.house_end_telno,u1_0.house_middle_telno,u1_0.ihidnum,u1_0.pstinst_code,u1_0.last_updusr_id,u1_0.last_updt_pnttm,u1_0.lock_at,u1_0.lock_cnt,u1_0.lock_last_pnttm,u1_0.mbtlnum,u1_0.ofcps_nm,u1_0.offm_telno,u1_0.orgnzt_id,u1_0.password,u1_0.password_cnsr,u1_0.password_hint,u1_0.chg_pwd_last_pnttm,u1_0.role,u1_0.sbscrb_de,u1_0.sexdstn_code,u1_0.crtfc_dn_value,u1_0.user_nm,u1_0.zip from nemplyrinfo u1_0 where u1_0.emplyr_id=?
2026-03-16 17:02:37 [http-nio-8080-exec-6] DEBUG o.s.orm.jpa.JpaTransactionManager - Found thread-bound EntityManager [SessionImpl(852301998<open>)] for JPA transaction
2026-03-16 17:02:37 [http-nio-8080-exec-17] DEBUG o.s.orm.jpa.JpaTransactionManager - Found thread-bound EntityManager [SessionImpl(1336305023<open>)] for JPA transaction
2026-03-16 17:02:37 [http-nio-8080-exec-6] DEBUG o.s.orm.jpa.JpaTransactionManager - Participating in existing transaction
2026-03-16 17:02:37 [http-nio-8080-exec-17] DEBUG o.s.orm.jpa.JpaTransactionManager - Participating in existing transaction
2026-03-16 17:02:37 [http-nio-8080-exec-17] DEBUG org.hibernate.SQL - select ua1_0.scrty_dtrmn_trget_id,ua1_0.author_code,ua1_0.frst_register_id,ua1_0.frst_regist_pnttm,ua1_0.last_updusr_id,ua1_0.last_updt_pnttm,ua1_0.mber_ty_code from nemplyrscrtyestbs ua1_0 where ua1_0.scrty_dtrmn_trget_id=?
2026-03-16 17:02:37 [http-nio-8080-exec-6] DEBUG org.hibernate.SQL - select ua1_0.scrty_dtrmn_trget_id,ua1_0.author_code,ua1_0.frst_register_id,ua1_0.frst_regist_pnttm,ua1_0.last_updusr_id,ua1_0.last_updt_pnttm,ua1_0.mber_ty_code from nemplyrscrtyestbs ua1_0 where ua1_0.scrty_dtrmn_trget_id=?
2026-03-16 17:02:37 [http-nio-8080-exec-13] DEBUG o.s.orm.jpa.JpaTransactionManager - Exposing JPA transaction as JDBC [org.springframework.orm.jpa.vendor.HibernateJpaDialect$HibernateConnectionHandle@598ea3cc]
2026-03-16 17:02:37 [http-nio-8080-exec-13] DEBUG o.s.orm.jpa.JpaTransactionManager - Found thread-bound EntityManager [SessionImpl(2093195614<open>)] for JPA transaction
2026-03-16 17:02:37 [http-nio-8080-exec-13] DEBUG o.s.orm.jpa.JpaTransactionManager - Participating in existing transaction
2026-03-16 17:02:37 [http-nio-8080-exec-13] DEBUG org.hibernate.SQL - select u1_0.emplyr_id,u1_0.area_no,u1_0.brthdy,u1_0.chg_pwd_cnt,u1_0.frst_register_id,u1_0.frst_regist_pnttm,u1_0.detail_adres,u1_0.email_adres,u1_0.emplyr_sttus_code,u1_0.empl_no,u1_0.esntl_id,u1_0.fxnum,u1_0.group_id,u1_0.house_adres,u1_0.house_end_telno,u1_0.house_middle_telno,u1_0.ihidnum,u1_0.pstinst_code,u1_0.last_updusr_id,u1_0.last_updt_pnttm,u1_0.lock_at,u1_0.lock_cnt,u1_0.lock_last_pnttm,u1_0.mbtlnum,u1_0.ofcps_nm,u1_0.offm_telno,u1_0.orgnzt_id,u1_0.password,u1_0.password_cnsr,u1_0.password_hint,u1_0.chg_pwd_last_pnttm,u1_0.role,u1_0.sbscrb_de,u1_0.sexdstn_code,u1_0.crtfc_dn_value,u1_0.user_nm,u1_0.zip from nemplyrinfo u1_0 where u1_0.emplyr_id=?
2026-03-16 17:02:37 [http-nio-8080-exec-1] DEBUG o.s.orm.jpa.JpaTransactionManager - Found thread-bound EntityManager [SessionImpl(2060607078<open>)] for JPA transaction
2026-03-16 17:02:37 [http-nio-8080-exec-1] DEBUG o.s.orm.jpa.JpaTransactionManager - Participating in existing transaction
2026-03-16 17:02:37 [http-nio-8080-exec-1] DEBUG org.hibernate.SQL - select p1_0.progrm_file_nm,p1_0.progrm_dc,p1_0.progrm_korean_nm,p1_0.progrm_stre_path,p1_0.url from nprogrmlist p1_0
2026-03-16 17:02:37 [http-nio-8080-exec-6] DEBUG o.s.orm.jpa.JpaTransactionManager - Initiating transaction commit
2026-03-16 17:02:37 [http-nio-8080-exec-17] DEBUG o.s.orm.jpa.JpaTransactionManager - Initiating transaction commit
2026-03-16 17:02:37 [http-nio-8080-exec-6] DEBUG o.s.orm.jpa.JpaTransactionManager - Committing JPA transaction on EntityManager [SessionImpl(852301998<open>)]
2026-03-16 17:02:37 [http-nio-8080-exec-17] DEBUG o.s.orm.jpa.JpaTransactionManager - Committing JPA transaction on EntityManager [SessionImpl(1336305023<open>)]
2026-03-16 17:02:37 [http-nio-8080-exec-15] DEBUG o.s.orm.jpa.JpaTransactionManager - Found thread-bound EntityManager [SessionImpl(985257533<open>)] for JPA transaction
2026-03-16 17:02:37 [http-nio-8080-exec-15] DEBUG o.s.orm.jpa.JpaTransactionManager - Participating in existing transaction
2026-03-16 17:02:37 [http-nio-8080-exec-15] DEBUG org.hibernate.SQL - select ua1_0.scrty_dtrmn_trget_id,ua1_0.author_code,ua1_0.frst_register_id,ua1_0.frst_regist_pnttm,ua1_0.last_updusr_id,ua1_0.last_updt_pnttm,ua1_0.mber_ty_code from nemplyrscrtyestbs ua1_0 where ua1_0.scrty_dtrmn_trget_id=?
2026-03-16 17:02:37 [http-nio-8080-exec-4] DEBUG o.s.orm.jpa.JpaTransactionManager - Found thread-bound EntityManager [SessionImpl(732854849<open>)] for JPA transaction
2026-03-16 17:02:37 [http-nio-8080-exec-4] DEBUG o.s.orm.jpa.JpaTransactionManager - Participating in existing transaction
2026-03-16 17:02:37 [http-nio-8080-exec-4] DEBUG org.hibernate.SQL - select ua1_0.scrty_dtrmn_trget_id,ua1_0.author_code,ua1_0.frst_register_id,ua1_0.frst_regist_pnttm,ua1_0.last_updusr_id,ua1_0.last_updt_pnttm,ua1_0.mber_ty_code from nemplyrscrtyestbs ua1_0 where ua1_0.scrty_dtrmn_trget_id=?
2026-03-16 17:02:37 [http-nio-8080-exec-13] DEBUG o.s.orm.jpa.JpaTransactionManager - Found thread-bound EntityManager [SessionImpl(2093195614<open>)] for JPA transaction
2026-03-16 17:02:37 [http-nio-8080-exec-13] DEBUG o.s.orm.jpa.JpaTransactionManager - Participating in existing transaction
2026-03-16 17:02:37 [http-nio-8080-exec-13] DEBUG org.hibernate.SQL - select ua1_0.scrty_dtrmn_trget_id,ua1_0.author_code,ua1_0.frst_register_id,ua1_0.frst_regist_pnttm,ua1_0.last_updusr_id,ua1_0.last_updt_pnttm,ua1_0.mber_ty_code from nemplyrscrtyestbs ua1_0 where ua1_0.scrty_dtrmn_trget_id=?
2026-03-16 17:02:37 [http-nio-8080-exec-1] DEBUG o.s.orm.jpa.JpaTransactionManager - Initiating transaction commit
2026-03-16 17:02:37 [http-nio-8080-exec-1] DEBUG o.s.orm.jpa.JpaTransactionManager - Committing JPA transaction on EntityManager [SessionImpl(2060607078<open>)]
2026-03-16 17:02:37 [http-nio-8080-exec-17] DEBUG o.s.orm.jpa.JpaTransactionManager - Closing JPA EntityManager [SessionImpl(1336305023<open>)] after transaction
2026-03-16 17:02:37 [http-nio-8080-exec-6] DEBUG o.s.orm.jpa.JpaTransactionManager - Closing JPA EntityManager [SessionImpl(852301998<open>)] after transaction
2026-03-16 17:02:37 [http-nio-8080-exec-15] DEBUG o.s.orm.jpa.JpaTransactionManager - Initiating transaction commit
2026-03-16 17:02:37 [http-nio-8080-exec-6] DEBUG c.c.p.s.jwt.JwtAuthenticationFilter - >>> [JwtFilter] Successfully authenticated user: USRCNFRM_99999999999, Authorities: [ROLE_ADMIN]
2026-03-16 17:02:37 [http-nio-8080-exec-15] DEBUG o.s.orm.jpa.JpaTransactionManager - Committing JPA transaction on EntityManager [SessionImpl(985257533<open>)]
2026-03-16 17:02:37 [http-nio-8080-exec-17] DEBUG c.c.p.s.jwt.JwtAuthenticationFilter - >>> [JwtFilter] Successfully authenticated user: USRCNFRM_99999999999, Authorities: [ROLE_ADMIN]
2026-03-16 17:02:37 [http-nio-8080-exec-17] DEBUG o.s.web.servlet.DispatcherServlet - GET "/api/v1/notifications/unread-count", parameters={}
2026-03-16 17:02:37 [http-nio-8080-exec-6] DEBUG o.s.web.servlet.DispatcherServlet - GET "/api/v1/admin/system/banners/reflected", parameters={}
2026-03-16 17:02:37 [http-nio-8080-exec-6] TRACE o.s.w.s.m.m.a.RequestMappingHandlerMapping - Mapped to com.company.project.api.controller.system.content.banner.BannerApiController#getReflectedBanners()
2026-03-16 17:02:37 [http-nio-8080-exec-17] TRACE o.s.w.s.m.m.a.RequestMappingHandlerMapping - Mapped to com.company.project.api.controller.notification.NotificationController#getUnreadCount(UserDetails)
2026-03-16 17:02:37 [http-nio-8080-exec-6] DEBUG o.s.orm.jpa.JpaTransactionManager - Creating new transaction with name [com.company.project.service.system.content.banner.BannerService.getReflectedBanners]: PROPAGATION_REQUIRED,ISOLATION_DEFAULT,readOnly
2026-03-16 17:02:37 [http-nio-8080-exec-6] DEBUG o.s.orm.jpa.JpaTransactionManager - Opened new EntityManager [SessionImpl(611064118<open>)] for JPA transaction
2026-03-16 17:02:37 [http-nio-8080-exec-6] DEBUG o.s.orm.jpa.JpaTransactionManager - Exposing JPA transaction as JDBC [org.springframework.orm.jpa.vendor.HibernateJpaDialect$HibernateConnectionHandle@663c3fbc]
2026-03-16 17:02:37 [http-nio-8080-exec-17] DEBUG o.s.orm.jpa.JpaTransactionManager - Creating new transaction with name [com.company.project.service.notification.NotificationService.getUnreadCount]: PROPAGATION_REQUIRED,ISOLATION_DEFAULT,readOnly
2026-03-16 17:02:37 [http-nio-8080-exec-17] DEBUG o.s.orm.jpa.JpaTransactionManager - Opened new EntityManager [SessionImpl(603026495<open>)] for JPA transaction
2026-03-16 17:02:37 [http-nio-8080-exec-17] DEBUG o.s.orm.jpa.JpaTransactionManager - Exposing JPA transaction as JDBC [org.springframework.orm.jpa.vendor.HibernateJpaDialect$HibernateConnectionHandle@7e82cb58]
2026-03-16 17:02:37 [http-nio-8080-exec-6] DEBUG org.hibernate.SQL - select b1_0.banner_id,b1_0.banner_dc,b1_0.banner_image,b1_0.banner_image_file,b1_0.banner_nm,b1_0.frst_register_id,b1_0.frst_regist_pnttm,b1_0.last_updusr_id,b1_0.last_updt_pnttm,b1_0.link_url,b1_0.reflct_at,b1_0.sort_ordr from nbanner b1_0 where b1_0.reflct_at=? order by b1_0.sort_ordr
2026-03-16 17:02:37 [http-nio-8080-exec-17] DEBUG org.hibernate.SQL - select count(n1_0.ntcn_no) from n_user_notification n1_0 where n1_0.receiver_id=? and n1_0.is_read=?
2026-03-16 17:02:37 [http-nio-8080-exec-4] DEBUG o.s.orm.jpa.JpaTransactionManager - Initiating transaction commit
2026-03-16 17:02:37 [http-nio-8080-exec-4] DEBUG o.s.orm.jpa.JpaTransactionManager - Committing JPA transaction on EntityManager [SessionImpl(732854849<open>)]
2026-03-16 17:02:38 [http-nio-8080-exec-13] DEBUG o.s.orm.jpa.JpaTransactionManager - Initiating transaction commit
2026-03-16 17:02:38 [http-nio-8080-exec-13] DEBUG o.s.orm.jpa.JpaTransactionManager - Committing JPA transaction on EntityManager [SessionImpl(2093195614<open>)]
2026-03-16 17:02:38 [http-nio-8080-exec-1] DEBUG o.s.orm.jpa.JpaTransactionManager - Closing JPA EntityManager [SessionImpl(2060607078<open>)] after transaction
2026-03-16 17:02:38 [http-nio-8080-exec-1] INFO  c.c.p.a.c.menu.MenuController - getLeftMenu returned 5 items
2026-03-16 17:02:38 [http-nio-8080-exec-1] DEBUG o.s.w.s.m.m.a.HttpEntityMethodProcessor - Using 'application/json', given [application/json, text/plain, */*] and supported [application/json, application/*+json, application/yaml]
2026-03-16 17:02:38 [http-nio-8080-exec-1] TRACE o.s.w.s.m.m.a.HttpEntityMethodProcessor - Writing [ApiResponse[success=true, status=200, code=COMMON_001, message=Success, data={list=[com.company.project.service.menu.dto.MenuDto@2a971c59, com.company.project.service.menu.dto.MenuDto@79afee73, com.company.project.service.menu.dto.MenuDto@4f962075, com.company.project.service.menu.dto.MenuDto@3f0912c5, com.company.project.service.menu.dto.MenuDto@2deea4a9]}, timestamp=2026-03-16T17:02:38.085311900]]
2026-03-16 17:02:38 [http-nio-8080-exec-1] INFO  c.c.p.a.i.OperationalAuditInterceptor - API Audit Log: URL=/api/v1/menu/left, User=webmaster, IP=127.0.0.1
2026-03-16 17:02:38 [http-nio-8080-exec-1] DEBUG o.s.web.servlet.DispatcherServlet - Completed 200 OK
2026-03-16 17:02:38 [http-nio-8080-exec-8] DEBUG c.c.p.s.jwt.JwtAuthenticationFilter - >>> [JwtFilter] Processing request: GET /api/v1/admin/system/statistics/bbs
2026-03-16 17:02:38 [http-nio-8080-exec-8] DEBUG c.c.p.s.jwt.JwtAuthenticationFilter - >>> [JwtFilter] Found token in header for path: /api/v1/admin/system/statistics/bbs
2026-03-16 17:02:38 [http-nio-8080-exec-8] DEBUG o.s.orm.jpa.JpaTransactionManager - Creating new transaction with name [com.company.project.security.iam.CustomUserDetailsService.loadUserByUsername]: PROPAGATION_REQUIRED,ISOLATION_DEFAULT,readOnly
2026-03-16 17:02:38 [http-nio-8080-exec-8] DEBUG o.s.orm.jpa.JpaTransactionManager - Opened new EntityManager [SessionImpl(408358877<open>)] for JPA transaction
2026-03-16 17:02:38 [http-nio-8080-exec-8] DEBUG o.s.orm.jpa.JpaTransactionManager - Exposing JPA transaction as JDBC [org.springframework.orm.jpa.vendor.HibernateJpaDialect$HibernateConnectionHandle@6a926fee]
2026-03-16 17:02:38 [http-nio-8080-exec-8] DEBUG o.s.orm.jpa.JpaTransactionManager - Found thread-bound EntityManager [SessionImpl(408358877<open>)] for JPA transaction
2026-03-16 17:02:38 [http-nio-8080-exec-8] DEBUG o.s.orm.jpa.JpaTransactionManager - Participating in existing transaction
2026-03-16 17:02:38 [http-nio-8080-exec-8] DEBUG org.hibernate.SQL - select u1_0.emplyr_id,u1_0.area_no,u1_0.brthdy,u1_0.chg_pwd_cnt,u1_0.frst_register_id,u1_0.frst_regist_pnttm,u1_0.detail_adres,u1_0.email_adres,u1_0.emplyr_sttus_code,u1_0.empl_no,u1_0.esntl_id,u1_0.fxnum,u1_0.group_id,u1_0.house_adres,u1_0.house_end_telno,u1_0.house_middle_telno,u1_0.ihidnum,u1_0.pstinst_code,u1_0.last_updusr_id,u1_0.last_updt_pnttm,u1_0.lock_at,u1_0.lock_cnt,u1_0.lock_last_pnttm,u1_0.mbtlnum,u1_0.ofcps_nm,u1_0.offm_telno,u1_0.orgnzt_id,u1_0.password,u1_0.password_cnsr,u1_0.password_hint,u1_0.chg_pwd_last_pnttm,u1_0.role,u1_0.sbscrb_de,u1_0.sexdstn_code,u1_0.crtfc_dn_value,u1_0.user_nm,u1_0.zip from nemplyrinfo u1_0 where u1_0.emplyr_id=?
2026-03-16 17:02:38 [http-nio-8080-exec-15] DEBUG o.s.orm.jpa.JpaTransactionManager - Closing JPA EntityManager [SessionImpl(985257533<open>)] after transaction
2026-03-16 17:02:38 [http-nio-8080-exec-15] DEBUG c.c.p.s.jwt.JwtAuthenticationFilter - >>> [JwtFilter] Successfully authenticated user: USRCNFRM_99999999999, Authorities: [ROLE_ADMIN]
2026-03-16 17:02:38 [http-nio-8080-exec-15] DEBUG o.s.web.servlet.DispatcherServlet - GET "/api/v1/notifications", parameters={}
2026-03-16 17:02:38 [http-nio-8080-exec-15] TRACE o.s.w.s.m.m.a.RequestMappingHandlerMapping - Mapped to com.company.project.api.controller.notification.NotificationController#getMyNotifications(UserDetails)
2026-03-16 17:02:38 [http-nio-8080-exec-15] DEBUG o.s.orm.jpa.JpaTransactionManager - Creating new transaction with name [com.company.project.service.notification.NotificationService.getActiveNotifications]: PROPAGATION_REQUIRED,ISOLATION_DEFAULT,readOnly
2026-03-16 17:02:38 [http-nio-8080-exec-15] DEBUG o.s.orm.jpa.JpaTransactionManager - Opened new EntityManager [SessionImpl(1303424055<open>)] for JPA transaction
2026-03-16 17:02:38 [http-nio-8080-exec-15] DEBUG o.s.orm.jpa.JpaTransactionManager - Exposing JPA transaction as JDBC [org.springframework.orm.jpa.vendor.HibernateJpaDialect$HibernateConnectionHandle@300cbd32]
2026-03-16 17:02:38 [http-nio-8080-exec-15] DEBUG o.s.orm.jpa.JpaTransactionManager - Found thread-bound EntityManager [SessionImpl(1303424055<open>)] for JPA transaction
2026-03-16 17:02:38 [http-nio-8080-exec-15] DEBUG o.s.orm.jpa.JpaTransactionManager - Participating in existing transaction
2026-03-16 17:02:38 [http-nio-8080-exec-15] DEBUG org.hibernate.SQL - select n1_0.ntcn_no,n1_0.frst_register_id,n1_0.frst_regist_pnttm,n1_0.is_read,n1_0.last_updusr_id,n1_0.last_updt_pnttm,n1_0.link_url,n1_0.ntcn_cn,n1_0.ntcn_sj,n1_0.receiver_id from n_user_notification n1_0
2026-03-16 17:02:38 [http-nio-8080-exec-17] DEBUG o.s.orm.jpa.JpaTransactionManager - Initiating transaction commit
2026-03-16 17:02:38 [http-nio-8080-exec-17] DEBUG o.s.orm.jpa.JpaTransactionManager - Committing JPA transaction on EntityManager [SessionImpl(603026495<open>)]
2026-03-16 17:02:38 [http-nio-8080-exec-6] DEBUG o.s.orm.jpa.JpaTransactionManager - Initiating transaction commit
2026-03-16 17:02:38 [http-nio-8080-exec-6] DEBUG o.s.orm.jpa.JpaTransactionManager - Committing JPA transaction on EntityManager [SessionImpl(611064118<open>)]
2026-03-16 17:02:38 [http-nio-8080-exec-4] DEBUG o.s.orm.jpa.JpaTransactionManager - Closing JPA EntityManager [SessionImpl(732854849<open>)] after transaction
2026-03-16 17:02:38 [http-nio-8080-exec-4] DEBUG c.c.p.s.jwt.JwtAuthenticationFilter - >>> [JwtFilter] Successfully authenticated user: USRCNFRM_99999999999, Authorities: [ROLE_ADMIN]
2026-03-16 17:02:38 [http-nio-8080-exec-4] DEBUG o.s.web.servlet.DispatcherServlet - GET "/api/v1/popups/active", parameters={}
2026-03-16 17:02:38 [http-nio-8080-exec-4] TRACE o.s.w.s.m.m.a.RequestMappingHandlerMapping - Mapped to com.company.project.api.controller.system.content.popup.PopupController#getActivePopups()
2026-03-16 17:02:38 [http-nio-8080-exec-4] DEBUG o.s.orm.jpa.JpaTransactionManager - Creating new transaction with name [com.company.project.service.system.content.popup.PopupServiceImpl.getActivePopups]: PROPAGATION_REQUIRED,ISOLATION_DEFAULT,readOnly
2026-03-16 17:02:38 [http-nio-8080-exec-4] DEBUG o.s.orm.jpa.JpaTransactionManager - Opened new EntityManager [SessionImpl(1607260768<open>)] for JPA transaction
2026-03-16 17:02:38 [http-nio-8080-exec-4] DEBUG o.s.orm.jpa.JpaTransactionManager - Exposing JPA transaction as JDBC [org.springframework.orm.jpa.vendor.HibernateJpaDialect$HibernateConnectionHandle@68df5e97]
2026-03-16 17:02:38 [http-nio-8080-exec-4] DEBUG org.hibernate.SQL - select p1_0.popup_id,p1_0.frst_register_id,p1_0.frst_regist_pnttm,p1_0.file_url,p1_0.ntce_at,p1_0.stopvew_setup_at,p1_0.last_updusr_id,p1_0.last_updt_pnttm,p1_0.ntce_bgnde,p1_0.ntce_endde,p1_0.popup_vrticl_lc,p1_0.popup_vrticl_size,p1_0.popup_sj_nm,p1_0.popup_width_lc,p1_0.popup_width_size from npopupmanage p1_0 where p1_0.ntce_at='Y' and ? between p1_0.ntce_bgnde and p1_0.ntce_endde
2026-03-16 17:02:38 [http-nio-8080-exec-13] DEBUG o.s.orm.jpa.JpaTransactionManager - Closing JPA EntityManager [SessionImpl(2093195614<open>)] after transaction
2026-03-16 17:02:38 [http-nio-8080-exec-13] DEBUG c.c.p.s.jwt.JwtAuthenticationFilter - >>> [JwtFilter] Successfully authenticated user: USRCNFRM_99999999999, Authorities: [ROLE_ADMIN]
2026-03-16 17:02:38 [http-nio-8080-exec-13] DEBUG o.s.web.servlet.DispatcherServlet - GET "/api/v1/admin/system/statistics/connect?statsKind=SERVICE", parameters={masked}
2026-03-16 17:02:38 [http-nio-8080-exec-13] DEBUG o.s.w.s.h.SimpleUrlHandlerMapping - Mapped to ResourceHttpRequestHandler [classpath [META-INF/resources/], classpath [resources/], classpath [static/], classpath [public/], ServletContext [/]]
2026-03-16 17:02:38 [http-nio-8080-exec-13] DEBUG o.s.w.s.r.ResourceHttpRequestHandler - Resource not found
2026-03-16 17:02:38 [http-nio-8080-exec-13] DEBUG o.s.w.s.m.m.a.ExceptionHandlerExceptionResolver - Using @ExceptionHandler com.company.project.core.exception.GlobalExceptionHandler#handleException(Exception)
2026-03-16 17:02:38 [http-nio-8080-exec-13] ERROR c.c.p.c.e.GlobalExceptionHandler - >>> Internal Server Error: No static resource api/v1/admin/system/statistics/connect.
org.springframework.web.servlet.resource.NoResourceFoundException: No static resource api/v1/admin/system/statistics/connect.
	at org.springframework.web.servlet.resource.ResourceHttpRequestHandler.handleRequest(ResourceHttpRequestHandler.java:585)
	at org.springframework.web.servlet.mvc.HttpRequestHandlerAdapter.handle(HttpRequestHandlerAdapter.java:52)
	at org.springframework.web.servlet.DispatcherServlet.doDispatch(DispatcherServlet.java:1088)
	at org.springframework.web.servlet.DispatcherServlet.doService(DispatcherServlet.java:978)
	at org.springframework.web.servlet.FrameworkServlet.processRequest(FrameworkServlet.java:1014)
	at org.springframework.web.servlet.FrameworkServlet.doGet(FrameworkServlet.java:903)
	at jakarta.servlet.http.HttpServlet.service(HttpServlet.java:527)
	at org.springframework.web.servlet.FrameworkServlet.service(FrameworkServlet.java:885)
	at jakarta.servlet.http.HttpServlet.service(HttpServlet.java:614)
	at org.apache.catalina.core.ApplicationFilterChain.internalDoFilter(ApplicationFilterChain.java:195)
	at org.apache.catalina.core.ApplicationFilterChain.doFilter(ApplicationFilterChain.java:140)
	at org.apache.tomcat.websocket.server.WsFilter.doFilter(WsFilter.java:51)
	at org.apache.catalina.core.ApplicationFilterChain.internalDoFilter(ApplicationFilterChain.java:164)
	at org.apache.catalina.core.ApplicationFilterChain.doFilter(ApplicationFilterChain.java:140)
	at org.springframework.web.filter.CompositeFilter$VirtualFilterChain.doFilter(CompositeFilter.java:108)
	at org.springframework.security.web.FilterChainProxy.lambda$doFilterInternal$3(FilterChainProxy.java:231)
	at org.springframework.security.web.ObservationFilterChainDecorator$FilterObservation$SimpleFilterObservation.lambda$wrap$1(ObservationFilterChainDecorator.java:479)
	at org.springframework.security.web.ObservationFilterChainDecorator$AroundFilterObservation$SimpleAroundFilterObservation.lambda$wrap$1(ObservationFilterChainDecorator.java:340)
	at org.springframework.security.web.ObservationFilterChainDecorator.lambda$wrapSecured$0(ObservationFilterChainDecorator.java:82)
	at org.springframework.security.web.ObservationFilterChainDecorator$VirtualFilterChain.doFilter(ObservationFilterChainDecorator.java:128)
	at org.springframework.security.web.access.intercept.AuthorizationFilter.doFilter(AuthorizationFilter.java:101)
	at org.springframework.security.web.ObservationFilterChainDecorator$ObservationFilter.wrapFilter(ObservationFilterChainDecorator.java:240)
	at org.springframework.security.web.ObservationFilterChainDecorator$ObservationFilter.doFilter(ObservationFilterChainDecorator.java:227)
	at org.springframework.security.web.ObservationFilterChainDecorator$VirtualFilterChain.doFilter(ObservationFilterChainDecorator.java:137)
	at org.springframework.security.web.access.ExceptionTranslationFilter.doFilter(ExceptionTranslationFilter.java:126)
	at org.springframework.security.web.access.ExceptionTranslationFilter.doFilter(ExceptionTranslationFilter.java:120)
	at org.springframework.security.web.ObservationFilterChainDecorator$ObservationFilter.wrapFilter(ObservationFilterChainDecorator.java:240)
	at org.springframework.security.web.ObservationFilterChainDecorator$ObservationFilter.doFilter(ObservationFilterChainDecorator.java:227)
	at org.springframework.security.web.ObservationFilterChainDecorator$VirtualFilterChain.doFilter(ObservationFilterChainDecorator.java:137)
	at org.springframework.security.web.session.SessionManagementFilter.doFilter(SessionManagementFilter.java:131)
	at org.springframework.security.web.session.SessionManagementFilter.doFilter(SessionManagementFilter.java:85)
	at org.springframework.security.web.ObservationFilterChainDecorator$ObservationFilter.wrapFilter(ObservationFilterChainDecorator.java:240)
	at org.springframework.security.web.ObservationFilterChainDecorator$ObservationFilter.doFilter(ObservationFilterChainDecorator.java:227)
	at org.springframework.security.web.ObservationFilterChainDecorator$VirtualFilterChain.doFilter(ObservationFilterChainDecorator.java:137)
	at org.springframework.security.web.authentication.AnonymousAuthenticationFilter.doFilter(AnonymousAuthenticationFilter.java:100)
	at org.springframework.security.web.ObservationFilterChainDecorator$ObservationFilter.wrapFilter(ObservationFilterChainDecorator.java:240)
	at org.springframework.security.web.ObservationFilterChainDecorator$ObservationFilter.doFilter(ObservationFilterChainDecorator.java:227)
	at org.springframework.security.web.ObservationFilterChainDecorator$VirtualFilterChain.doFilter(ObservationFilterChainDecorator.java:137)
	at org.springframework.security.web.servletapi.SecurityContextHolderAwareRequestFilter.doFilter(SecurityContextHolderAwareRequestFilter.java:179)
	at org.springframework.security.web.ObservationFilterChainDecorator$ObservationFilter.wrapFilter(ObservationFilterChainDecorator.java:240)
	at org.springframework.security.web.ObservationFilterChainDecorator$ObservationFilter.doFilter(ObservationFilterChainDecorator.java:227)
	at org.springframework.security.web.ObservationFilterChainDecorator$VirtualFilterChain.doFilter(ObservationFilterChainDecorator.java:137)
	at org.springframework.security.web.savedrequest.RequestCacheAwareFilter.doFilter(RequestCacheAwareFilter.java:63)
	at org.springframework.security.web.ObservationFilterChainDecorator$ObservationFilter.wrapFilter(ObservationFilterChainDecorator.java:240)
	at org.springframework.security.web.ObservationFilterChainDecorator$ObservationFilter.doFilter(ObservationFilterChainDecorator.java:227)
	at org.springframework.security.web.ObservationFilterChainDecorator$VirtualFilterChain.doFilter(ObservationFilterChainDecorator.java:137)
	at com.company.project.security.jwt.JwtAuthenticationFilter.doFilterInternal(JwtAuthenticationFilter.java:52)
	at org.springframework.web.filter.OncePerRequestFilter.doFilter(OncePerRequestFilter.java:116)
	at org.springframework.security.web.ObservationFilterChainDecorator$ObservationFilter.wrapFilter(ObservationFilterChainDecorator.java:240)
	at org.springframework.security.web.ObservationFilterChainDecorator$ObservationFilter.doFilter(ObservationFilterChainDecorator.java:227)
	at org.springframework.security.web.ObservationFilterChainDecorator$VirtualFilterChain.doFilter(ObservationFilterChainDecorator.java:137)
	at org.springframework.security.web.authentication.logout.LogoutFilter.doFilter(LogoutFilter.java:107)
	at org.springframework.security.web.authentication.logout.LogoutFilter.doFilter(LogoutFilter.java:93)
	at org.springframework.security.web.ObservationFilterChainDecorator$ObservationFilter.wrapFilter(ObservationFilterChainDecorator.java:240)
	at org.springframework.security.web.ObservationFilterChainDecorator$ObservationFilter.doFilter(ObservationFilterChainDecorator.java:227)
	at org.springframework.security.web.ObservationFilterChainDecorator$VirtualFilterChain.doFilter(ObservationFilterChainDecorator.java:137)
	at org.springframework.web.filter.CorsFilter.doFilterInternal(CorsFilter.java:91)
	at org.springframework.web.filter.OncePerRequestFilter.doFilter(OncePerRequestFilter.java:116)
	at org.springframework.security.web.ObservationFilterChainDecorator$ObservationFilter.wrapFilter(ObservationFilterChainDecorator.java:240)
	at org.springframework.security.web.ObservationFilterChainDecorator$ObservationFilter.doFilter(ObservationFilterChainDecorator.java:227)
	at org.springframework.security.web.ObservationFilterChainDecorator$VirtualFilterChain.doFilter(ObservationFilterChainDecorator.java:137)
	at org.springframework.security.web.header.HeaderWriterFilter.doHeadersAfter(HeaderWriterFilter.java:90)
	at org.springframework.security.web.header.HeaderWriterFilter.doFilterInternal(HeaderWriterFilter.java:75)
	at org.springframework.web.filter.OncePerRequestFilter.doFilter(OncePerRequestFilter.java:116)
	at org.springframework.security.web.ObservationFilterChainDecorator$ObservationFilter.wrapFilter(ObservationFilterChainDecorator.java:240)
	at org.springframework.security.web.ObservationFilterChainDecorator$ObservationFilter.doFilter(ObservationFilterChainDecorator.java:227)
	at org.springframework.security.web.ObservationFilterChainDecorator$VirtualFilterChain.doFilter(ObservationFilterChainDecorator.java:137)
	at org.springframework.security.web.context.SecurityContextHolderFilter.doFilter(SecurityContextHolderFilter.java:82)
	at org.springframework.security.web.context.SecurityContextHolderFilter.doFilter(SecurityContextHolderFilter.java:69)
	at org.springframework.security.web.ObservationFilterChainDecorator$ObservationFilter.wrapFilter(ObservationFilterChainDecorator.java:240)
	at org.springframework.security.web.ObservationFilterChainDecorator$ObservationFilter.doFilter(ObservationFilterChainDecorator.java:227)
	at org.springframework.security.web.ObservationFilterChainDecorator$VirtualFilterChain.doFilter(ObservationFilterChainDecorator.java:137)
	at org.springframework.security.web.context.request.async.WebAsyncManagerIntegrationFilter.doFilterInternal(WebAsyncManagerIntegrationFilter.java:62)
	at org.springframework.web.filter.OncePerRequestFilter.doFilter(OncePerRequestFilter.java:116)
	at org.springframework.security.web.ObservationFilterChainDecorator$ObservationFilter.wrapFilter(ObservationFilterChainDecorator.java:240)
	at org.springframework.security.web.ObservationFilterChainDecorator$ObservationFilter.doFilter(ObservationFilterChainDecorator.java:227)
	at org.springframework.security.web.ObservationFilterChainDecorator$VirtualFilterChain.doFilter(ObservationFilterChainDecorator.java:137)
	at org.springframework.security.web.session.DisableEncodeUrlFilter.doFilterInternal(DisableEncodeUrlFilter.java:42)
	at org.springframework.web.filter.OncePerRequestFilter.doFilter(OncePerRequestFilter.java:116)
	at org.springframework.security.web.ObservationFilterChainDecorator$ObservationFilter.wrapFilter(ObservationFilterChainDecorator.java:240)
	at org.springframework.security.web.ObservationFilterChainDecorator$AroundFilterObservation$SimpleAroundFilterObservation.lambda$wrap$0(ObservationFilterChainDecorator.java:323)
	at org.springframework.security.web.ObservationFilterChainDecorator$ObservationFilter.doFilter(ObservationFilterChainDecorator.java:224)
	at org.springframework.security.web.ObservationFilterChainDecorator$VirtualFilterChain.doFilter(ObservationFilterChainDecorator.java:137)
	at org.springframework.security.web.FilterChainProxy.doFilterInternal(FilterChainProxy.java:233)
	at org.springframework.security.web.FilterChainProxy.doFilter(FilterChainProxy.java:191)
	at org.springframework.web.filter.CompositeFilter$VirtualFilterChain.doFilter(CompositeFilter.java:113)
	at org.springframework.web.servlet.handler.HandlerMappingIntrospector.lambda$createCacheFilter$3(HandlerMappingIntrospector.java:243)
	at org.springframework.web.filter.CompositeFilter$VirtualFilterChain.doFilter(CompositeFilter.java:113)
	at org.springframework.web.filter.CompositeFilter.doFilter(CompositeFilter.java:74)
	at org.springframework.security.config.annotation.web.configuration.WebMvcSecurityConfiguration$CompositeFilterChainProxy.doFilter(WebMvcSecurityConfiguration.java:238)
	at org.springframework.web.filter.DelegatingFilterProxy.invokeDelegate(DelegatingFilterProxy.java:362)
	at org.springframework.web.filter.DelegatingFilterProxy.doFilter(DelegatingFilterProxy.java:278)
	at org.apache.catalina.core.ApplicationFilterChain.internalDoFilter(ApplicationFilterChain.java:164)
	at org.apache.catalina.core.ApplicationFilterChain.doFilter(ApplicationFilterChain.java:140)
	at org.springframework.web.filter.RequestContextFilter.doFilterInternal(RequestContextFilter.java:100)
	at org.springframework.web.filter.OncePerRequestFilter.doFilter(OncePerRequestFilter.java:116)
	at org.apache.catalina.core.ApplicationFilterChain.internalDoFilter(ApplicationFilterChain.java:164)
	at org.apache.catalina.core.ApplicationFilterChain.doFilter(ApplicationFilterChain.java:140)
	at org.springframework.web.filter.FormContentFilter.doFilterInternal(FormContentFilter.java:93)
	at org.springframework.web.filter.OncePerRequestFilter.doFilter(OncePerRequestFilter.java:116)
	at org.apache.catalina.core.ApplicationFilterChain.internalDoFilter(ApplicationFilterChain.java:164)
	at org.apache.catalina.core.ApplicationFilterChain.doFilter(ApplicationFilterChain.java:140)
	at org.springframework.web.filter.ServerHttpObservationFilter.doFilterInternal(ServerHttpObservationFilter.java:114)
	at org.springframework.web.filter.OncePerRequestFilter.doFilter(OncePerRequestFilter.java:116)
	at org.apache.catalina.core.ApplicationFilterChain.internalDoFilter(ApplicationFilterChain.java:164)
	at org.apache.catalina.core.ApplicationFilterChain.doFilter(ApplicationFilterChain.java:140)
	at org.springframework.web.filter.CharacterEncodingFilter.doFilterInternal(CharacterEncodingFilter.java:201)
	at org.springframework.web.filter.OncePerRequestFilter.doFilter(OncePerRequestFilter.java:116)
	at org.apache.catalina.core.ApplicationFilterChain.internalDoFilter(ApplicationFilterChain.java:164)
	at org.apache.catalina.core.ApplicationFilterChain.doFilter(ApplicationFilterChain.java:140)
	at org.apache.catalina.core.StandardWrapperValve.invoke(StandardWrapperValve.java:167)
	at org.apache.catalina.core.StandardContextValve.invoke(StandardContextValve.java:90)
	at org.apache.catalina.authenticator.AuthenticatorBase.invoke(AuthenticatorBase.java:483)
	at org.apache.catalina.core.StandardHostValve.invoke(StandardHostValve.java:115)
	at org.apache.catalina.valves.ErrorReportValve.invoke(ErrorReportValve.java:93)
	at org.apache.catalina.core.StandardEngineValve.invoke(StandardEngineValve.java:74)
	at org.apache.catalina.connector.CoyoteAdapter.service(CoyoteAdapter.java:344)
	at org.apache.coyote.http11.Http11Processor.service(Http11Processor.java:397)
	at org.apache.coyote.AbstractProcessorLight.process(AbstractProcessorLight.java:63)
	at org.apache.coyote.AbstractProtocol$ConnectionHandler.process(AbstractProtocol.java:905)
	at org.apache.tomcat.util.net.NioEndpoint$SocketProcessor.doRun(NioEndpoint.java:1741)
	at org.apache.tomcat.util.net.SocketProcessorBase.run(SocketProcessorBase.java:52)
	at org.apache.tomcat.util.threads.ThreadPoolExecutor.runWorker(ThreadPoolExecutor.java:1190)
	at org.apache.tomcat.util.threads.ThreadPoolExecutor$Worker.run(ThreadPoolExecutor.java:659)
	at org.apache.tomcat.util.threads.TaskThread$WrappingRunnable.run(TaskThread.java:63)
	at java.base/java.lang.Thread.run(Thread.java:1583)
2026-03-16 17:02:38 [http-nio-8080-exec-13] DEBUG o.s.w.s.m.m.a.HttpEntityMethodProcessor - Using 'application/json', given [application/json, text/plain, */*] and supported [application/json, application/*+json, application/yaml]
2026-03-16 17:02:38 [http-nio-8080-exec-13] TRACE o.s.w.s.m.m.a.HttpEntityMethodProcessor - Writing [ApiResponse[success=false, status=500, code=C004, message=예기치 않은 서버 오류가 발생했습니다., data=null, timestamp=2026-03-16T17:02:38.194585400]]
2026-03-16 17:02:38 [http-nio-8080-exec-13] DEBUG o.s.w.s.m.m.a.ExceptionHandlerExceptionResolver - Resolved [org.springframework.web.servlet.resource.NoResourceFoundException: No static resource api/v1/admin/system/statistics/connect.]
2026-03-16 17:02:38 [http-nio-8080-exec-13] DEBUG o.s.web.servlet.DispatcherServlet - Completed 500 INTERNAL_SERVER_ERROR
2026-03-16 17:02:38 [http-nio-8080-exec-10] DEBUG c.c.p.s.jwt.JwtAuthenticationFilter - >>> [JwtFilter] Processing request: GET /api/v1/menu/left
2026-03-16 17:02:38 [http-nio-8080-exec-10] DEBUG c.c.p.s.jwt.JwtAuthenticationFilter - >>> [JwtFilter] Found token in header for path: /api/v1/menu/left
2026-03-16 17:02:38 [http-nio-8080-exec-10] DEBUG o.s.orm.jpa.JpaTransactionManager - Creating new transaction with name [com.company.project.security.iam.CustomUserDetailsService.loadUserByUsername]: PROPAGATION_REQUIRED,ISOLATION_DEFAULT,readOnly
2026-03-16 17:02:38 [http-nio-8080-exec-10] DEBUG o.s.orm.jpa.JpaTransactionManager - Opened new EntityManager [SessionImpl(172889401<open>)] for JPA transaction
2026-03-16 17:02:38 [http-nio-8080-exec-10] DEBUG o.s.orm.jpa.JpaTransactionManager - Exposing JPA transaction as JDBC [org.springframework.orm.jpa.vendor.HibernateJpaDialect$HibernateConnectionHandle@4985c4cf]
2026-03-16 17:02:38 [http-nio-8080-exec-10] DEBUG o.s.orm.jpa.JpaTransactionManager - Found thread-bound EntityManager [SessionImpl(172889401<open>)] for JPA transaction
2026-03-16 17:02:38 [http-nio-8080-exec-10] DEBUG o.s.orm.jpa.JpaTransactionManager - Participating in existing transaction
2026-03-16 17:02:38 [http-nio-8080-exec-10] DEBUG org.hibernate.SQL - select u1_0.emplyr_id,u1_0.area_no,u1_0.brthdy,u1_0.chg_pwd_cnt,u1_0.frst_register_id,u1_0.frst_regist_pnttm,u1_0.detail_adres,u1_0.email_adres,u1_0.emplyr_sttus_code,u1_0.empl_no,u1_0.esntl_id,u1_0.fxnum,u1_0.group_id,u1_0.house_adres,u1_0.house_end_telno,u1_0.house_middle_telno,u1_0.ihidnum,u1_0.pstinst_code,u1_0.last_updusr_id,u1_0.last_updt_pnttm,u1_0.lock_at,u1_0.lock_cnt,u1_0.lock_last_pnttm,u1_0.mbtlnum,u1_0.ofcps_nm,u1_0.offm_telno,u1_0.orgnzt_id,u1_0.password,u1_0.password_cnsr,u1_0.password_hint,u1_0.chg_pwd_last_pnttm,u1_0.role,u1_0.sbscrb_de,u1_0.sexdstn_code,u1_0.crtfc_dn_value,u1_0.user_nm,u1_0.zip from nemplyrinfo u1_0 where u1_0.emplyr_id=?
2026-03-16 17:02:38 [http-nio-8080-exec-8] DEBUG o.s.orm.jpa.JpaTransactionManager - Found thread-bound EntityManager [SessionImpl(408358877<open>)] for JPA transaction
2026-03-16 17:02:38 [http-nio-8080-exec-8] DEBUG o.s.orm.jpa.JpaTransactionManager - Participating in existing transaction
2026-03-16 17:02:38 [http-nio-8080-exec-8] DEBUG org.hibernate.SQL - select ua1_0.scrty_dtrmn_trget_id,ua1_0.author_code,ua1_0.frst_register_id,ua1_0.frst_regist_pnttm,ua1_0.last_updusr_id,ua1_0.last_updt_pnttm,ua1_0.mber_ty_code from nemplyrscrtyestbs ua1_0 where ua1_0.scrty_dtrmn_trget_id=?
2026-03-16 17:02:38 [http-nio-8080-exec-6] DEBUG o.s.orm.jpa.JpaTransactionManager - Closing JPA EntityManager [SessionImpl(611064118<open>)] after transaction
2026-03-16 17:02:38 [http-nio-8080-exec-17] DEBUG o.s.orm.jpa.JpaTransactionManager - Closing JPA EntityManager [SessionImpl(603026495<open>)] after transaction
2026-03-16 17:02:38 [http-nio-8080-exec-6] DEBUG o.s.w.s.m.m.a.HttpEntityMethodProcessor - Using 'application/json', given [application/json, text/plain, */*] and supported [application/json, application/*+json, application/yaml]
2026-03-16 17:02:38 [http-nio-8080-exec-17] DEBUG o.s.w.s.m.m.a.HttpEntityMethodProcessor - Using 'application/json', given [application/json, text/plain, */*] and supported [application/json, application/*+json, application/yaml]
2026-03-16 17:02:38 [http-nio-8080-exec-6] TRACE o.s.w.s.m.m.a.HttpEntityMethodProcessor - Writing [ApiResponse[success=true, status=200, code=COMMON_001, message=Success, data=[], timestamp=2026-03-16T17:02:38.258304100]]
2026-03-16 17:02:38 [http-nio-8080-exec-17] TRACE o.s.w.s.m.m.a.HttpEntityMethodProcessor - Writing [ApiResponse[success=true, status=200, code=COMMON_001, message=Success, data=0, timestamp=2026-03-16T17:02:38.258304100]]
2026-03-16 17:02:38 [http-nio-8080-exec-6] INFO  c.c.p.a.i.OperationalAuditInterceptor - API Audit Log: URL=/api/v1/admin/system/banners/reflected, User=webmaster, IP=127.0.0.1
2026-03-16 17:02:38 [http-nio-8080-exec-17] INFO  c.c.p.a.i.OperationalAuditInterceptor - API Audit Log: URL=/api/v1/notifications/unread-count, User=webmaster, IP=127.0.0.1
2026-03-16 17:02:38 [http-nio-8080-exec-6] DEBUG o.s.web.servlet.DispatcherServlet - Completed 200 OK
2026-03-16 17:02:38 [http-nio-8080-exec-17] DEBUG o.s.web.servlet.DispatcherServlet - Completed 200 OK
2026-03-16 17:02:38 [http-nio-8080-exec-15] DEBUG o.s.orm.jpa.JpaTransactionManager - Initiating transaction commit
2026-03-16 17:02:38 [http-nio-8080-exec-15] DEBUG o.s.orm.jpa.JpaTransactionManager - Committing JPA transaction on EntityManager [SessionImpl(1303424055<open>)]
2026-03-16 17:02:38 [http-nio-8080-exec-12] DEBUG c.c.p.s.jwt.JwtAuthenticationFilter - >>> [JwtFilter] Processing request: GET /api/v1/admin/system/banners/reflected
2026-03-16 17:02:38 [http-nio-8080-exec-3] DEBUG c.c.p.s.jwt.JwtAuthenticationFilter - >>> [JwtFilter] Processing request: GET /api/v1/notifications/unread-count
2026-03-16 17:02:38 [http-nio-8080-exec-12] DEBUG c.c.p.s.jwt.JwtAuthenticationFilter - >>> [JwtFilter] Found token in header for path: /api/v1/admin/system/banners/reflected
2026-03-16 17:02:38 [http-nio-8080-exec-3] DEBUG c.c.p.s.jwt.JwtAuthenticationFilter - >>> [JwtFilter] Found token in header for path: /api/v1/notifications/unread-count
2026-03-16 17:02:38 [http-nio-8080-exec-3] DEBUG o.s.orm.jpa.JpaTransactionManager - Creating new transaction with name [com.company.project.security.iam.CustomUserDetailsService.loadUserByUsername]: PROPAGATION_REQUIRED,ISOLATION_DEFAULT,readOnly
2026-03-16 17:02:38 [http-nio-8080-exec-12] DEBUG o.s.orm.jpa.JpaTransactionManager - Creating new transaction with name [com.company.project.security.iam.CustomUserDetailsService.loadUserByUsername]: PROPAGATION_REQUIRED,ISOLATION_DEFAULT,readOnly
2026-03-16 17:02:38 [http-nio-8080-exec-3] DEBUG o.s.orm.jpa.JpaTransactionManager - Opened new EntityManager [SessionImpl(1659313178<open>)] for JPA transaction
2026-03-16 17:02:38 [http-nio-8080-exec-12] DEBUG o.s.orm.jpa.JpaTransactionManager - Opened new EntityManager [SessionImpl(1946698199<open>)] for JPA transaction
2026-03-16 17:02:38 [http-nio-8080-exec-12] DEBUG o.s.orm.jpa.JpaTransactionManager - Exposing JPA transaction as JDBC [org.springframework.orm.jpa.vendor.HibernateJpaDialect$HibernateConnectionHandle@4ca5240]
2026-03-16 17:02:38 [http-nio-8080-exec-3] DEBUG o.s.orm.jpa.JpaTransactionManager - Exposing JPA transaction as JDBC [org.springframework.orm.jpa.vendor.HibernateJpaDialect$HibernateConnectionHandle@4c4f0f57]
2026-03-16 17:02:38 [http-nio-8080-exec-12] DEBUG o.s.orm.jpa.JpaTransactionManager - Found thread-bound EntityManager [SessionImpl(1946698199<open>)] for JPA transaction
2026-03-16 17:02:38 [http-nio-8080-exec-3] DEBUG o.s.orm.jpa.JpaTransactionManager - Found thread-bound EntityManager [SessionImpl(1659313178<open>)] for JPA transaction
2026-03-16 17:02:38 [http-nio-8080-exec-12] DEBUG o.s.orm.jpa.JpaTransactionManager - Participating in existing transaction
2026-03-16 17:02:38 [http-nio-8080-exec-3] DEBUG o.s.orm.jpa.JpaTransactionManager - Participating in existing transaction
2026-03-16 17:02:38 [http-nio-8080-exec-12] DEBUG org.hibernate.SQL - select u1_0.emplyr_id,u1_0.area_no,u1_0.brthdy,u1_0.chg_pwd_cnt,u1_0.frst_register_id,u1_0.frst_regist_pnttm,u1_0.detail_adres,u1_0.email_adres,u1_0.emplyr_sttus_code,u1_0.empl_no,u1_0.esntl_id,u1_0.fxnum,u1_0.group_id,u1_0.house_adres,u1_0.house_end_telno,u1_0.house_middle_telno,u1_0.ihidnum,u1_0.pstinst_code,u1_0.last_updusr_id,u1_0.last_updt_pnttm,u1_0.lock_at,u1_0.lock_cnt,u1_0.lock_last_pnttm,u1_0.mbtlnum,u1_0.ofcps_nm,u1_0.offm_telno,u1_0.orgnzt_id,u1_0.password,u1_0.password_cnsr,u1_0.password_hint,u1_0.chg_pwd_last_pnttm,u1_0.role,u1_0.sbscrb_de,u1_0.sexdstn_code,u1_0.crtfc_dn_value,u1_0.user_nm,u1_0.zip from nemplyrinfo u1_0 where u1_0.emplyr_id=?
2026-03-16 17:02:38 [http-nio-8080-exec-3] DEBUG org.hibernate.SQL - select u1_0.emplyr_id,u1_0.area_no,u1_0.brthdy,u1_0.chg_pwd_cnt,u1_0.frst_register_id,u1_0.frst_regist_pnttm,u1_0.detail_adres,u1_0.email_adres,u1_0.emplyr_sttus_code,u1_0.empl_no,u1_0.esntl_id,u1_0.fxnum,u1_0.group_id,u1_0.house_adres,u1_0.house_end_telno,u1_0.house_middle_telno,u1_0.ihidnum,u1_0.pstinst_code,u1_0.last_updusr_id,u1_0.last_updt_pnttm,u1_0.lock_at,u1_0.lock_cnt,u1_0.lock_last_pnttm,u1_0.mbtlnum,u1_0.ofcps_nm,u1_0.offm_telno,u1_0.orgnzt_id,u1_0.password,u1_0.password_cnsr,u1_0.password_hint,u1_0.chg_pwd_last_pnttm,u1_0.role,u1_0.sbscrb_de,u1_0.sexdstn_code,u1_0.crtfc_dn_value,u1_0.user_nm,u1_0.zip from nemplyrinfo u1_0 where u1_0.emplyr_id=?
2026-03-16 17:02:38 [http-nio-8080-exec-4] DEBUG o.s.orm.jpa.JpaTransactionManager - Initiating transaction commit
2026-03-16 17:02:38 [http-nio-8080-exec-4] DEBUG o.s.orm.jpa.JpaTransactionManager - Committing JPA transaction on EntityManager [SessionImpl(1607260768<open>)]
2026-03-16 17:02:38 [http-nio-8080-exec-10] DEBUG o.s.orm.jpa.JpaTransactionManager - Found thread-bound EntityManager [SessionImpl(172889401<open>)] for JPA transaction
2026-03-16 17:02:38 [http-nio-8080-exec-10] DEBUG o.s.orm.jpa.JpaTransactionManager - Participating in existing transaction
2026-03-16 17:02:38 [http-nio-8080-exec-10] DEBUG org.hibernate.SQL - select ua1_0.scrty_dtrmn_trget_id,ua1_0.author_code,ua1_0.frst_register_id,ua1_0.frst_regist_pnttm,ua1_0.last_updusr_id,ua1_0.last_updt_pnttm,ua1_0.mber_ty_code from nemplyrscrtyestbs ua1_0 where ua1_0.scrty_dtrmn_trget_id=?
2026-03-16 17:02:38 [http-nio-8080-exec-8] DEBUG o.s.orm.jpa.JpaTransactionManager - Initiating transaction commit
2026-03-16 17:02:38 [http-nio-8080-exec-8] DEBUG o.s.orm.jpa.JpaTransactionManager - Committing JPA transaction on EntityManager [SessionImpl(408358877<open>)]
2026-03-16 17:02:38 [http-nio-8080-exec-15] DEBUG o.s.orm.jpa.JpaTransactionManager - Closing JPA EntityManager [SessionImpl(1303424055<open>)] after transaction
2026-03-16 17:02:38 [http-nio-8080-exec-15] DEBUG o.s.w.s.m.m.a.HttpEntityMethodProcessor - Using 'application/json', given [application/json, text/plain, */*] and supported [application/json, application/*+json, application/yaml]
2026-03-16 17:02:38 [http-nio-8080-exec-15] TRACE o.s.w.s.m.m.a.HttpEntityMethodProcessor - Writing [ApiResponse[success=true, status=200, code=COMMON_001, message=Success, data=[NotificationDto(ntfcNo=NT001, ntfcSj=테스트 알림입니다, ntfcCn=알림 내용입니다, ntfcDate=null, ntfcTime=2026-02-25T00:59:33.784070, bhNtfcIntrvl=null, uniqId=null, frstRegisterId=null, frstRegisterPnttm=2026-02-25T00:59:33.784070, lastUpdusrId=null, lastUpdusrPnttm=null)], timestamp=2026-03-16T17:02:38.409309200]]
2026-03-16 17:02:38 [http-nio-8080-exec-15] INFO  c.c.p.a.i.OperationalAuditInterceptor - API Audit Log: URL=/api/v1/notifications, User=webmaster, IP=127.0.0.1
2026-03-16 17:02:38 [http-nio-8080-exec-15] DEBUG o.s.web.servlet.DispatcherServlet - Completed 200 OK
2026-03-16 17:02:38 [http-nio-8080-exec-19] DEBUG c.c.p.s.jwt.JwtAuthenticationFilter - >>> [JwtFilter] Processing request: GET /api/v1/notifications
2026-03-16 17:02:38 [http-nio-8080-exec-19] DEBUG c.c.p.s.jwt.JwtAuthenticationFilter - >>> [JwtFilter] Found token in header for path: /api/v1/notifications
2026-03-16 17:02:38 [http-nio-8080-exec-19] DEBUG o.s.orm.jpa.JpaTransactionManager - Creating new transaction with name [com.company.project.security.iam.CustomUserDetailsService.loadUserByUsername]: PROPAGATION_REQUIRED,ISOLATION_DEFAULT,readOnly
2026-03-16 17:02:38 [http-nio-8080-exec-19] DEBUG o.s.orm.jpa.JpaTransactionManager - Opened new EntityManager [SessionImpl(449149151<open>)] for JPA transaction
2026-03-16 17:02:38 [http-nio-8080-exec-12] DEBUG o.s.orm.jpa.JpaTransactionManager - Found thread-bound EntityManager [SessionImpl(1946698199<open>)] for JPA transaction
2026-03-16 17:02:38 [http-nio-8080-exec-12] DEBUG o.s.orm.jpa.JpaTransactionManager - Participating in existing transaction
2026-03-16 17:02:38 [http-nio-8080-exec-12] DEBUG org.hibernate.SQL - select ua1_0.scrty_dtrmn_trget_id,ua1_0.author_code,ua1_0.frst_register_id,ua1_0.frst_regist_pnttm,ua1_0.last_updusr_id,ua1_0.last_updt_pnttm,ua1_0.mber_ty_code from nemplyrscrtyestbs ua1_0 where ua1_0.scrty_dtrmn_trget_id=?
2026-03-16 17:02:38 [http-nio-8080-exec-3] DEBUG o.s.orm.jpa.JpaTransactionManager - Found thread-bound EntityManager [SessionImpl(1659313178<open>)] for JPA transaction
2026-03-16 17:02:38 [http-nio-8080-exec-3] DEBUG o.s.orm.jpa.JpaTransactionManager - Participating in existing transaction
2026-03-16 17:02:38 [http-nio-8080-exec-3] DEBUG org.hibernate.SQL - select ua1_0.scrty_dtrmn_trget_id,ua1_0.author_code,ua1_0.frst_register_id,ua1_0.frst_regist_pnttm,ua1_0.last_updusr_id,ua1_0.last_updt_pnttm,ua1_0.mber_ty_code from nemplyrscrtyestbs ua1_0 where ua1_0.scrty_dtrmn_trget_id=?
2026-03-16 17:02:38 [http-nio-8080-exec-4] DEBUG o.s.orm.jpa.JpaTransactionManager - Closing JPA EntityManager [SessionImpl(1607260768<open>)] after transaction
2026-03-16 17:02:38 [http-nio-8080-exec-4] DEBUG o.s.w.s.m.m.a.HttpEntityMethodProcessor - Using 'application/json', given [application/json, text/plain, */*] and supported [application/json, application/*+json, application/yaml]
2026-03-16 17:02:38 [http-nio-8080-exec-4] TRACE o.s.w.s.m.m.a.HttpEntityMethodProcessor - Writing [ApiResponse[success=true, status=200, code=COMMON_001, message=Success, data=[], timestamp=2026-03-16T17:02:38.440997]]
2026-03-16 17:02:38 [http-nio-8080-exec-4] INFO  c.c.p.a.i.OperationalAuditInterceptor - API Audit Log: URL=/api/v1/popups/active, User=webmaster, IP=127.0.0.1
2026-03-16 17:02:38 [http-nio-8080-exec-4] DEBUG o.s.web.servlet.DispatcherServlet - Completed 200 OK
2026-03-16 17:02:38 [http-nio-8080-exec-2] DEBUG c.c.p.s.jwt.JwtAuthenticationFilter - >>> [JwtFilter] Processing request: GET /api/v1/popups/active
2026-03-16 17:02:38 [http-nio-8080-exec-2] DEBUG c.c.p.s.jwt.JwtAuthenticationFilter - >>> [JwtFilter] Found token in header for path: /api/v1/popups/active
2026-03-16 17:02:38 [http-nio-8080-exec-2] DEBUG o.s.orm.jpa.JpaTransactionManager - Creating new transaction with name [com.company.project.security.iam.CustomUserDetailsService.loadUserByUsername]: PROPAGATION_REQUIRED,ISOLATION_DEFAULT,readOnly
2026-03-16 17:02:38 [http-nio-8080-exec-2] DEBUG o.s.orm.jpa.JpaTransactionManager - Opened new EntityManager [SessionImpl(1349933960<open>)] for JPA transaction
2026-03-16 17:02:38 [http-nio-8080-exec-2] DEBUG o.s.orm.jpa.JpaTransactionManager - Exposing JPA transaction as JDBC [org.springframework.orm.jpa.vendor.HibernateJpaDialect$HibernateConnectionHandle@55871250]
2026-03-16 17:02:38 [http-nio-8080-exec-2] DEBUG o.s.orm.jpa.JpaTransactionManager - Found thread-bound EntityManager [SessionImpl(1349933960<open>)] for JPA transaction
2026-03-16 17:02:38 [http-nio-8080-exec-2] DEBUG o.s.orm.jpa.JpaTransactionManager - Participating in existing transaction
2026-03-16 17:02:38 [http-nio-8080-exec-2] DEBUG org.hibernate.SQL - select u1_0.emplyr_id,u1_0.area_no,u1_0.brthdy,u1_0.chg_pwd_cnt,u1_0.frst_register_id,u1_0.frst_regist_pnttm,u1_0.detail_adres,u1_0.email_adres,u1_0.emplyr_sttus_code,u1_0.empl_no,u1_0.esntl_id,u1_0.fxnum,u1_0.group_id,u1_0.house_adres,u1_0.house_end_telno,u1_0.house_middle_telno,u1_0.ihidnum,u1_0.pstinst_code,u1_0.last_updusr_id,u1_0.last_updt_pnttm,u1_0.lock_at,u1_0.lock_cnt,u1_0.lock_last_pnttm,u1_0.mbtlnum,u1_0.ofcps_nm,u1_0.offm_telno,u1_0.orgnzt_id,u1_0.password,u1_0.password_cnsr,u1_0.password_hint,u1_0.chg_pwd_last_pnttm,u1_0.role,u1_0.sbscrb_de,u1_0.sexdstn_code,u1_0.crtfc_dn_value,u1_0.user_nm,u1_0.zip from nemplyrinfo u1_0 where u1_0.emplyr_id=?
2026-03-16 17:02:38 [http-nio-8080-exec-10] DEBUG o.s.orm.jpa.JpaTransactionManager - Initiating transaction commit
2026-03-16 17:02:38 [http-nio-8080-exec-10] DEBUG o.s.orm.jpa.JpaTransactionManager - Committing JPA transaction on EntityManager [SessionImpl(172889401<open>)]
2026-03-16 17:02:38 [http-nio-8080-exec-19] DEBUG o.s.orm.jpa.JpaTransactionManager - Exposing JPA transaction as JDBC [org.springframework.orm.jpa.vendor.HibernateJpaDialect$HibernateConnectionHandle@3c306e18]
2026-03-16 17:02:38 [http-nio-8080-exec-8] DEBUG o.s.orm.jpa.JpaTransactionManager - Closing JPA EntityManager [SessionImpl(408358877<open>)] after transaction
2026-03-16 17:02:38 [http-nio-8080-exec-3] DEBUG o.s.orm.jpa.JpaTransactionManager - Initiating transaction commit
2026-03-16 17:02:38 [http-nio-8080-exec-12] DEBUG o.s.orm.jpa.JpaTransactionManager - Initiating transaction commit
2026-03-16 17:02:38 [http-nio-8080-exec-19] DEBUG o.s.orm.jpa.JpaTransactionManager - Found thread-bound EntityManager [SessionImpl(449149151<open>)] for JPA transaction
2026-03-16 17:02:38 [http-nio-8080-exec-3] DEBUG o.s.orm.jpa.JpaTransactionManager - Committing JPA transaction on EntityManager [SessionImpl(1659313178<open>)]
2026-03-16 17:02:38 [http-nio-8080-exec-19] DEBUG o.s.orm.jpa.JpaTransactionManager - Participating in existing transaction
2026-03-16 17:02:38 [http-nio-8080-exec-8] DEBUG c.c.p.s.jwt.JwtAuthenticationFilter - >>> [JwtFilter] Successfully authenticated user: USRCNFRM_99999999999, Authorities: [ROLE_ADMIN]
2026-03-16 17:02:38 [http-nio-8080-exec-12] DEBUG o.s.orm.jpa.JpaTransactionManager - Committing JPA transaction on EntityManager [SessionImpl(1946698199<open>)]
2026-03-16 17:02:38 [http-nio-8080-exec-19] DEBUG org.hibernate.SQL - select u1_0.emplyr_id,u1_0.area_no,u1_0.brthdy,u1_0.chg_pwd_cnt,u1_0.frst_register_id,u1_0.frst_regist_pnttm,u1_0.detail_adres,u1_0.email_adres,u1_0.emplyr_sttus_code,u1_0.empl_no,u1_0.esntl_id,u1_0.fxnum,u1_0.group_id,u1_0.house_adres,u1_0.house_end_telno,u1_0.house_middle_telno,u1_0.ihidnum,u1_0.pstinst_code,u1_0.last_updusr_id,u1_0.last_updt_pnttm,u1_0.lock_at,u1_0.lock_cnt,u1_0.lock_last_pnttm,u1_0.mbtlnum,u1_0.ofcps_nm,u1_0.offm_telno,u1_0.orgnzt_id,u1_0.password,u1_0.password_cnsr,u1_0.password_hint,u1_0.chg_pwd_last_pnttm,u1_0.role,u1_0.sbscrb_de,u1_0.sexdstn_code,u1_0.crtfc_dn_value,u1_0.user_nm,u1_0.zip from nemplyrinfo u1_0 where u1_0.emplyr_id=?
2026-03-16 17:02:38 [http-nio-8080-exec-8] DEBUG o.s.web.servlet.DispatcherServlet - GET "/api/v1/admin/system/statistics/bbs?statsKind=COM101", parameters={masked}
2026-03-16 17:02:38 [http-nio-8080-exec-8] DEBUG o.s.w.s.h.SimpleUrlHandlerMapping - Mapped to ResourceHttpRequestHandler [classpath [META-INF/resources/], classpath [resources/], classpath [static/], classpath [public/], ServletContext [/]]
2026-03-16 17:02:38 [http-nio-8080-exec-8] DEBUG o.s.w.s.r.ResourceHttpRequestHandler - Resource not found
2026-03-16 17:02:38 [http-nio-8080-exec-8] DEBUG o.s.w.s.m.m.a.ExceptionHandlerExceptionResolver - Using @ExceptionHandler com.company.project.core.exception.GlobalExceptionHandler#handleException(Exception)
2026-03-16 17:02:38 [http-nio-8080-exec-8] ERROR c.c.p.c.e.GlobalExceptionHandler - >>> Internal Server Error: No static resource api/v1/admin/system/statistics/bbs.
org.springframework.web.servlet.resource.NoResourceFoundException: No static resource api/v1/admin/system/statistics/bbs.
	at org.springframework.web.servlet.resource.ResourceHttpRequestHandler.handleRequest(ResourceHttpRequestHandler.java:585)
	at org.springframework.web.servlet.mvc.HttpRequestHandlerAdapter.handle(HttpRequestHandlerAdapter.java:52)
	at org.springframework.web.servlet.DispatcherServlet.doDispatch(DispatcherServlet.java:1088)
	at org.springframework.web.servlet.DispatcherServlet.doService(DispatcherServlet.java:978)
	at org.springframework.web.servlet.FrameworkServlet.processRequest(FrameworkServlet.java:1014)
	at org.springframework.web.servlet.FrameworkServlet.doGet(FrameworkServlet.java:903)
	at jakarta.servlet.http.HttpServlet.service(HttpServlet.java:527)
	at org.springframework.web.servlet.FrameworkServlet.service(FrameworkServlet.java:885)
	at jakarta.servlet.http.HttpServlet.service(HttpServlet.java:614)
	at org.apache.catalina.core.ApplicationFilterChain.internalDoFilter(ApplicationFilterChain.java:195)
	at org.apache.catalina.core.ApplicationFilterChain.doFilter(ApplicationFilterChain.java:140)
	at org.apache.tomcat.websocket.server.WsFilter.doFilter(WsFilter.java:51)
	at org.apache.catalina.core.ApplicationFilterChain.internalDoFilter(ApplicationFilterChain.java:164)
	at org.apache.catalina.core.ApplicationFilterChain.doFilter(ApplicationFilterChain.java:140)
	at org.springframework.web.filter.CompositeFilter$VirtualFilterChain.doFilter(CompositeFilter.java:108)
	at org.springframework.security.web.FilterChainProxy.lambda$doFilterInternal$3(FilterChainProxy.java:231)
	at org.springframework.security.web.ObservationFilterChainDecorator$FilterObservation$SimpleFilterObservation.lambda$wrap$1(ObservationFilterChainDecorator.java:479)
	at org.springframework.security.web.ObservationFilterChainDecorator$AroundFilterObservation$SimpleAroundFilterObservation.lambda$wrap$1(ObservationFilterChainDecorator.java:340)
	at org.springframework.security.web.ObservationFilterChainDecorator.lambda$wrapSecured$0(ObservationFilterChainDecorator.java:82)
	at org.springframework.security.web.ObservationFilterChainDecorator$VirtualFilterChain.doFilter(ObservationFilterChainDecorator.java:128)
	at org.springframework.security.web.access.intercept.AuthorizationFilter.doFilter(AuthorizationFilter.java:101)
	at org.springframework.security.web.ObservationFilterChainDecorator$ObservationFilter.wrapFilter(ObservationFilterChainDecorator.java:240)
	at org.springframework.security.web.ObservationFilterChainDecorator$ObservationFilter.doFilter(ObservationFilterChainDecorator.java:227)
	at org.springframework.security.web.ObservationFilterChainDecorator$VirtualFilterChain.doFilter(ObservationFilterChainDecorator.java:137)
	at org.springframework.security.web.access.ExceptionTranslationFilter.doFilter(ExceptionTranslationFilter.java:126)
	at org.springframework.security.web.access.ExceptionTranslationFilter.doFilter(ExceptionTranslationFilter.java:120)
	at org.springframework.security.web.ObservationFilterChainDecorator$ObservationFilter.wrapFilter(ObservationFilterChainDecorator.java:240)
	at org.springframework.security.web.ObservationFilterChainDecorator$ObservationFilter.doFilter(ObservationFilterChainDecorator.java:227)
	at org.springframework.security.web.ObservationFilterChainDecorator$VirtualFilterChain.doFilter(ObservationFilterChainDecorator.java:137)
	at org.springframework.security.web.session.SessionManagementFilter.doFilter(SessionManagementFilter.java:131)
	at org.springframework.security.web.session.SessionManagementFilter.doFilter(SessionManagementFilter.java:85)
	at org.springframework.security.web.ObservationFilterChainDecorator$ObservationFilter.wrapFilter(ObservationFilterChainDecorator.java:240)
	at org.springframework.security.web.ObservationFilterChainDecorator$ObservationFilter.doFilter(ObservationFilterChainDecorator.java:227)
	at org.springframework.security.web.ObservationFilterChainDecorator$VirtualFilterChain.doFilter(ObservationFilterChainDecorator.java:137)
	at org.springframework.security.web.authentication.AnonymousAuthenticationFilter.doFilter(AnonymousAuthenticationFilter.java:100)
	at org.springframework.security.web.ObservationFilterChainDecorator$ObservationFilter.wrapFilter(ObservationFilterChainDecorator.java:240)
	at org.springframework.security.web.ObservationFilterChainDecorator$ObservationFilter.doFilter(ObservationFilterChainDecorator.java:227)
	at org.springframework.security.web.ObservationFilterChainDecorator$VirtualFilterChain.doFilter(ObservationFilterChainDecorator.java:137)
	at org.springframework.security.web.servletapi.SecurityContextHolderAwareRequestFilter.doFilter(SecurityContextHolderAwareRequestFilter.java:179)
	at org.springframework.security.web.ObservationFilterChainDecorator$ObservationFilter.wrapFilter(ObservationFilterChainDecorator.java:240)
	at org.springframework.security.web.ObservationFilterChainDecorator$ObservationFilter.doFilter(ObservationFilterChainDecorator.java:227)
	at org.springframework.security.web.ObservationFilterChainDecorator$VirtualFilterChain.doFilter(ObservationFilterChainDecorator.java:137)
	at org.springframework.security.web.savedrequest.RequestCacheAwareFilter.doFilter(RequestCacheAwareFilter.java:63)
	at org.springframework.security.web.ObservationFilterChainDecorator$ObservationFilter.wrapFilter(ObservationFilterChainDecorator.java:240)
	at org.springframework.security.web.ObservationFilterChainDecorator$ObservationFilter.doFilter(ObservationFilterChainDecorator.java:227)
	at org.springframework.security.web.ObservationFilterChainDecorator$VirtualFilterChain.doFilter(ObservationFilterChainDecorator.java:137)
	at com.company.project.security.jwt.JwtAuthenticationFilter.doFilterInternal(JwtAuthenticationFilter.java:52)
	at org.springframework.web.filter.OncePerRequestFilter.doFilter(OncePerRequestFilter.java:116)
	at org.springframework.security.web.ObservationFilterChainDecorator$ObservationFilter.wrapFilter(ObservationFilterChainDecorator.java:240)
	at org.springframework.security.web.ObservationFilterChainDecorator$ObservationFilter.doFilter(ObservationFilterChainDecorator.java:227)
	at org.springframework.security.web.ObservationFilterChainDecorator$VirtualFilterChain.doFilter(ObservationFilterChainDecorator.java:137)
	at org.springframework.security.web.authentication.logout.LogoutFilter.doFilter(LogoutFilter.java:107)
	at org.springframework.security.web.authentication.logout.LogoutFilter.doFilter(LogoutFilter.java:93)
	at org.springframework.security.web.ObservationFilterChainDecorator$ObservationFilter.wrapFilter(ObservationFilterChainDecorator.java:240)
	at org.springframework.security.web.ObservationFilterChainDecorator$ObservationFilter.doFilter(ObservationFilterChainDecorator.java:227)
	at org.springframework.security.web.ObservationFilterChainDecorator$VirtualFilterChain.doFilter(ObservationFilterChainDecorator.java:137)
	at org.springframework.web.filter.CorsFilter.doFilterInternal(CorsFilter.java:91)
	at org.springframework.web.filter.OncePerRequestFilter.doFilter(OncePerRequestFilter.java:116)
	at org.springframework.security.web.ObservationFilterChainDecorator$ObservationFilter.wrapFilter(ObservationFilterChainDecorator.java:240)
	at org.springframework.security.web.ObservationFilterChainDecorator$ObservationFilter.doFilter(ObservationFilterChainDecorator.java:227)
	at org.springframework.security.web.ObservationFilterChainDecorator$VirtualFilterChain.doFilter(ObservationFilterChainDecorator.java:137)
	at org.springframework.security.web.header.HeaderWriterFilter.doHeadersAfter(HeaderWriterFilter.java:90)
	at org.springframework.security.web.header.HeaderWriterFilter.doFilterInternal(HeaderWriterFilter.java:75)
	at org.springframework.web.filter.OncePerRequestFilter.doFilter(OncePerRequestFilter.java:116)
	at org.springframework.security.web.ObservationFilterChainDecorator$ObservationFilter.wrapFilter(ObservationFilterChainDecorator.java:240)
	at org.springframework.security.web.ObservationFilterChainDecorator$ObservationFilter.doFilter(ObservationFilterChainDecorator.java:227)
	at org.springframework.security.web.ObservationFilterChainDecorator$VirtualFilterChain.doFilter(ObservationFilterChainDecorator.java:137)
	at org.springframework.security.web.context.SecurityContextHolderFilter.doFilter(SecurityContextHolderFilter.java:82)
	at org.springframework.security.web.context.SecurityContextHolderFilter.doFilter(SecurityContextHolderFilter.java:69)
	at org.springframework.security.web.ObservationFilterChainDecorator$ObservationFilter.wrapFilter(ObservationFilterChainDecorator.java:240)
	at org.springframework.security.web.ObservationFilterChainDecorator$ObservationFilter.doFilter(ObservationFilterChainDecorator.java:227)
	at org.springframework.security.web.ObservationFilterChainDecorator$VirtualFilterChain.doFilter(ObservationFilterChainDecorator.java:137)
	at org.springframework.security.web.context.request.async.WebAsyncManagerIntegrationFilter.doFilterInternal(WebAsyncManagerIntegrationFilter.java:62)
	at org.springframework.web.filter.OncePerRequestFilter.doFilter(OncePerRequestFilter.java:116)
	at org.springframework.security.web.ObservationFilterChainDecorator$ObservationFilter.wrapFilter(ObservationFilterChainDecorator.java:240)
	at org.springframework.security.web.ObservationFilterChainDecorator$ObservationFilter.doFilter(ObservationFilterChainDecorator.java:227)
	at org.springframework.security.web.ObservationFilterChainDecorator$VirtualFilterChain.doFilter(ObservationFilterChainDecorator.java:137)
	at org.springframework.security.web.session.DisableEncodeUrlFilter.doFilterInternal(DisableEncodeUrlFilter.java:42)
	at org.springframework.web.filter.OncePerRequestFilter.doFilter(OncePerRequestFilter.java:116)
	at org.springframework.security.web.ObservationFilterChainDecorator$ObservationFilter.wrapFilter(ObservationFilterChainDecorator.java:240)
	at org.springframework.security.web.ObservationFilterChainDecorator$AroundFilterObservation$SimpleAroundFilterObservation.lambda$wrap$0(ObservationFilterChainDecorator.java:323)
	at org.springframework.security.web.ObservationFilterChainDecorator$ObservationFilter.doFilter(ObservationFilterChainDecorator.java:224)
	at org.springframework.security.web.ObservationFilterChainDecorator$VirtualFilterChain.doFilter(ObservationFilterChainDecorator.java:137)
	at org.springframework.security.web.FilterChainProxy.doFilterInternal(FilterChainProxy.java:233)
	at org.springframework.security.web.FilterChainProxy.doFilter(FilterChainProxy.java:191)
	at org.springframework.web.filter.CompositeFilter$VirtualFilterChain.doFilter(CompositeFilter.java:113)
	at org.springframework.web.servlet.handler.HandlerMappingIntrospector.lambda$createCacheFilter$3(HandlerMappingIntrospector.java:243)
	at org.springframework.web.filter.CompositeFilter$VirtualFilterChain.doFilter(CompositeFilter.java:113)
	at org.springframework.web.filter.CompositeFilter.doFilter(CompositeFilter.java:74)
	at org.springframework.security.config.annotation.web.configuration.WebMvcSecurityConfiguration$CompositeFilterChainProxy.doFilter(WebMvcSecurityConfiguration.java:238)
	at org.springframework.web.filter.DelegatingFilterProxy.invokeDelegate(DelegatingFilterProxy.java:362)
	at org.springframework.web.filter.DelegatingFilterProxy.doFilter(DelegatingFilterProxy.java:278)
	at org.apache.catalina.core.ApplicationFilterChain.internalDoFilter(ApplicationFilterChain.java:164)
	at org.apache.catalina.core.ApplicationFilterChain.doFilter(ApplicationFilterChain.java:140)
	at org.springframework.web.filter.RequestContextFilter.doFilterInternal(RequestContextFilter.java:100)
	at org.springframework.web.filter.OncePerRequestFilter.doFilter(OncePerRequestFilter.java:116)
	at org.apache.catalina.core.ApplicationFilterChain.internalDoFilter(ApplicationFilterChain.java:164)
	at org.apache.catalina.core.ApplicationFilterChain.doFilter(ApplicationFilterChain.java:140)
	at org.springframework.web.filter.FormContentFilter.doFilterInternal(FormContentFilter.java:93)
	at org.springframework.web.filter.OncePerRequestFilter.doFilter(OncePerRequestFilter.java:116)
	at org.apache.catalina.core.ApplicationFilterChain.internalDoFilter(ApplicationFilterChain.java:164)
	at org.apache.catalina.core.ApplicationFilterChain.doFilter(ApplicationFilterChain.java:140)
	at org.springframework.web.filter.ServerHttpObservationFilter.doFilterInternal(ServerHttpObservationFilter.java:114)
	at org.springframework.web.filter.OncePerRequestFilter.doFilter(OncePerRequestFilter.java:116)
	at org.apache.catalina.core.ApplicationFilterChain.internalDoFilter(ApplicationFilterChain.java:164)
	at org.apache.catalina.core.ApplicationFilterChain.doFilter(ApplicationFilterChain.java:140)
	at org.springframework.web.filter.CharacterEncodingFilter.doFilterInternal(CharacterEncodingFilter.java:201)
	at org.springframework.web.filter.OncePerRequestFilter.doFilter(OncePerRequestFilter.java:116)
	at org.apache.catalina.core.ApplicationFilterChain.internalDoFilter(ApplicationFilterChain.java:164)
	at org.apache.catalina.core.ApplicationFilterChain.doFilter(ApplicationFilterChain.java:140)
	at org.apache.catalina.core.StandardWrapperValve.invoke(StandardWrapperValve.java:167)
	at org.apache.catalina.core.StandardContextValve.invoke(StandardContextValve.java:90)
	at org.apache.catalina.authenticator.AuthenticatorBase.invoke(AuthenticatorBase.java:483)
	at org.apache.catalina.core.StandardHostValve.invoke(StandardHostValve.java:115)
	at org.apache.catalina.valves.ErrorReportValve.invoke(ErrorReportValve.java:93)
	at org.apache.catalina.core.StandardEngineValve.invoke(StandardEngineValve.java:74)
	at org.apache.catalina.connector.CoyoteAdapter.service(CoyoteAdapter.java:344)
	at org.apache.coyote.http11.Http11Processor.service(Http11Processor.java:397)
	at org.apache.coyote.AbstractProcessorLight.process(AbstractProcessorLight.java:63)
	at org.apache.coyote.AbstractProtocol$ConnectionHandler.process(AbstractProtocol.java:905)
	at org.apache.tomcat.util.net.NioEndpoint$SocketProcessor.doRun(NioEndpoint.java:1741)
	at org.apache.tomcat.util.net.SocketProcessorBase.run(SocketProcessorBase.java:52)
	at org.apache.tomcat.util.threads.ThreadPoolExecutor.runWorker(ThreadPoolExecutor.java:1190)
	at org.apache.tomcat.util.threads.ThreadPoolExecutor$Worker.run(ThreadPoolExecutor.java:659)
	at org.apache.tomcat.util.threads.TaskThread$WrappingRunnable.run(TaskThread.java:63)
	at java.base/java.lang.Thread.run(Thread.java:1583)
2026-03-16 17:02:38 [http-nio-8080-exec-8] DEBUG o.s.w.s.m.m.a.HttpEntityMethodProcessor - Using 'application/json', given [application/json, text/plain, */*] and supported [application/json, application/*+json, application/yaml]
2026-03-16 17:02:38 [http-nio-8080-exec-8] TRACE o.s.w.s.m.m.a.HttpEntityMethodProcessor - Writing [ApiResponse[success=false, status=500, code=C004, message=예기치 않은 서버 오류가 발생했습니다., data=null, timestamp=2026-03-16T17:02:38.573880900]]
2026-03-16 17:02:38 [http-nio-8080-exec-8] DEBUG o.s.w.s.m.m.a.ExceptionHandlerExceptionResolver - Resolved [org.springframework.web.servlet.resource.NoResourceFoundException: No static resource api/v1/admin/system/statistics/bbs.]
2026-03-16 17:02:38 [http-nio-8080-exec-8] DEBUG o.s.web.servlet.DispatcherServlet - Completed 500 INTERNAL_SERVER_ERROR
2026-03-16 17:02:38 [http-nio-8080-exec-2] DEBUG o.s.orm.jpa.JpaTransactionManager - Found thread-bound EntityManager [SessionImpl(1349933960<open>)] for JPA transaction
2026-03-16 17:02:38 [http-nio-8080-exec-2] DEBUG o.s.orm.jpa.JpaTransactionManager - Participating in existing transaction
2026-03-16 17:02:38 [http-nio-8080-exec-2] DEBUG org.hibernate.SQL - select ua1_0.scrty_dtrmn_trget_id,ua1_0.author_code,ua1_0.frst_register_id,ua1_0.frst_regist_pnttm,ua1_0.last_updusr_id,ua1_0.last_updt_pnttm,ua1_0.mber_ty_code from nemplyrscrtyestbs ua1_0 where ua1_0.scrty_dtrmn_trget_id=?
2026-03-16 17:02:38 [http-nio-8080-exec-10] DEBUG o.s.orm.jpa.JpaTransactionManager - Closing JPA EntityManager [SessionImpl(172889401<open>)] after transaction
2026-03-16 17:02:38 [http-nio-8080-exec-10] DEBUG c.c.p.s.jwt.JwtAuthenticationFilter - >>> [JwtFilter] Successfully authenticated user: USRCNFRM_99999999999, Authorities: [ROLE_ADMIN]
2026-03-16 17:02:38 [http-nio-8080-exec-10] DEBUG o.s.web.servlet.DispatcherServlet - GET "/api/v1/menu/left?menuNo=20", parameters={masked}
2026-03-16 17:02:38 [http-nio-8080-exec-10] TRACE o.s.w.s.m.m.a.RequestMappingHandlerMapping - Mapped to com.company.project.api.controller.menu.MenuController#getLeftMenu(Long)
2026-03-16 17:02:38 [http-nio-8080-exec-10] INFO  c.c.p.a.c.menu.MenuController - getLeftMenu called with menuNo=20
2026-03-16 17:02:38 [http-nio-8080-exec-10] DEBUG o.s.orm.jpa.JpaTransactionManager - Creating new transaction with name [com.company.project.service.menu.MenuService.getSubMenus]: PROPAGATION_REQUIRED,ISOLATION_DEFAULT,readOnly
2026-03-16 17:02:38 [http-nio-8080-exec-10] DEBUG o.s.orm.jpa.JpaTransactionManager - Opened new EntityManager [SessionImpl(486586271<open>)] for JPA transaction
2026-03-16 17:02:38 [http-nio-8080-exec-10] DEBUG o.s.orm.jpa.JpaTransactionManager - Exposing JPA transaction as JDBC [org.springframework.orm.jpa.vendor.HibernateJpaDialect$HibernateConnectionHandle@6073d9a4]
2026-03-16 17:02:38 [http-nio-8080-exec-10] DEBUG org.hibernate.SQL - select m1_0.menu_no,m1_0.menu_dc,m1_0.menu_nm,m1_0.menu_ordr,m1_0.modern_route,m1_0.progrm_file_nm,m1_0.relate_image_nm,m1_0.relate_image_path,m1_0.route_updated_at,m1_0.upper_menu_no from nmenuinfo m1_0 order by m1_0.upper_menu_no,m1_0.menu_ordr
2026-03-16 17:02:38 [http-nio-8080-exec-12] DEBUG o.s.orm.jpa.JpaTransactionManager - Closing JPA EntityManager [SessionImpl(1946698199<open>)] after transaction
2026-03-16 17:02:38 [http-nio-8080-exec-12] DEBUG c.c.p.s.jwt.JwtAuthenticationFilter - >>> [JwtFilter] Successfully authenticated user: USRCNFRM_99999999999, Authorities: [ROLE_ADMIN]
2026-03-16 17:02:38 [http-nio-8080-exec-12] DEBUG o.s.web.servlet.DispatcherServlet - GET "/api/v1/admin/system/banners/reflected", parameters={}
2026-03-16 17:02:38 [http-nio-8080-exec-12] TRACE o.s.w.s.m.m.a.RequestMappingHandlerMapping - Mapped to com.company.project.api.controller.system.content.banner.BannerApiController#getReflectedBanners()
2026-03-16 17:02:38 [http-nio-8080-exec-12] DEBUG o.s.orm.jpa.JpaTransactionManager - Creating new transaction with name [com.company.project.service.system.content.banner.BannerService.getReflectedBanners]: PROPAGATION_REQUIRED,ISOLATION_DEFAULT,readOnly
2026-03-16 17:02:38 [http-nio-8080-exec-12] DEBUG o.s.orm.jpa.JpaTransactionManager - Opened new EntityManager [SessionImpl(292890774<open>)] for JPA transaction
2026-03-16 17:02:38 [http-nio-8080-exec-12] DEBUG o.s.orm.jpa.JpaTransactionManager - Exposing JPA transaction as JDBC [org.springframework.orm.jpa.vendor.HibernateJpaDialect$HibernateConnectionHandle@744ed526]
2026-03-16 17:02:38 [http-nio-8080-exec-12] DEBUG org.hibernate.SQL - select b1_0.banner_id,b1_0.banner_dc,b1_0.banner_image,b1_0.banner_image_file,b1_0.banner_nm,b1_0.frst_register_id,b1_0.frst_regist_pnttm,b1_0.last_updusr_id,b1_0.last_updt_pnttm,b1_0.link_url,b1_0.reflct_at,b1_0.sort_ordr from nbanner b1_0 where b1_0.reflct_at=? order by b1_0.sort_ordr
2026-03-16 17:02:38 [http-nio-8080-exec-3] DEBUG o.s.orm.jpa.JpaTransactionManager - Closing JPA EntityManager [SessionImpl(1659313178<open>)] after transaction
2026-03-16 17:02:38 [http-nio-8080-exec-3] DEBUG c.c.p.s.jwt.JwtAuthenticationFilter - >>> [JwtFilter] Successfully authenticated user: USRCNFRM_99999999999, Authorities: [ROLE_ADMIN]
2026-03-16 17:02:38 [http-nio-8080-exec-3] DEBUG o.s.web.servlet.DispatcherServlet - GET "/api/v1/notifications/unread-count", parameters={}
2026-03-16 17:02:38 [http-nio-8080-exec-3] TRACE o.s.w.s.m.m.a.RequestMappingHandlerMapping - Mapped to com.company.project.api.controller.notification.NotificationController#getUnreadCount(UserDetails)
2026-03-16 17:02:38 [http-nio-8080-exec-19] DEBUG o.s.orm.jpa.JpaTransactionManager - Found thread-bound EntityManager [SessionImpl(449149151<open>)] for JPA transaction
2026-03-16 17:02:38 [http-nio-8080-exec-19] DEBUG o.s.orm.jpa.JpaTransactionManager - Participating in existing transaction
2026-03-16 17:02:38 [http-nio-8080-exec-3] DEBUG o.s.orm.jpa.JpaTransactionManager - Creating new transaction with name [com.company.project.service.notification.NotificationService.getUnreadCount]: PROPAGATION_REQUIRED,ISOLATION_DEFAULT,readOnly
2026-03-16 17:02:38 [http-nio-8080-exec-19] DEBUG org.hibernate.SQL - select ua1_0.scrty_dtrmn_trget_id,ua1_0.author_code,ua1_0.frst_register_id,ua1_0.frst_regist_pnttm,ua1_0.last_updusr_id,ua1_0.last_updt_pnttm,ua1_0.mber_ty_code from nemplyrscrtyestbs ua1_0 where ua1_0.scrty_dtrmn_trget_id=?
2026-03-16 17:02:38 [http-nio-8080-exec-3] DEBUG o.s.orm.jpa.JpaTransactionManager - Opened new EntityManager [SessionImpl(221651808<open>)] for JPA transaction
2026-03-16 17:02:38 [http-nio-8080-exec-3] DEBUG o.s.orm.jpa.JpaTransactionManager - Exposing JPA transaction as JDBC [org.springframework.orm.jpa.vendor.HibernateJpaDialect$HibernateConnectionHandle@224dd63a]
2026-03-16 17:02:38 [http-nio-8080-exec-3] DEBUG org.hibernate.SQL - select count(n1_0.ntcn_no) from n_user_notification n1_0 where n1_0.receiver_id=? and n1_0.is_read=?
2026-03-16 17:02:38 [http-nio-8080-exec-2] DEBUG o.s.orm.jpa.JpaTransactionManager - Initiating transaction commit
2026-03-16 17:02:38 [http-nio-8080-exec-2] DEBUG o.s.orm.jpa.JpaTransactionManager - Committing JPA transaction on EntityManager [SessionImpl(1349933960<open>)]
2026-03-16 17:02:38 [http-nio-8080-exec-12] DEBUG o.s.orm.jpa.JpaTransactionManager - Initiating transaction commit
2026-03-16 17:02:38 [http-nio-8080-exec-12] DEBUG o.s.orm.jpa.JpaTransactionManager - Committing JPA transaction on EntityManager [SessionImpl(292890774<open>)]
2026-03-16 17:02:38 [http-nio-8080-exec-3] DEBUG o.s.orm.jpa.JpaTransactionManager - Initiating transaction commit
2026-03-16 17:02:38 [http-nio-8080-exec-3] DEBUG o.s.orm.jpa.JpaTransactionManager - Committing JPA transaction on EntityManager [SessionImpl(221651808<open>)]
2026-03-16 17:02:38 [http-nio-8080-exec-19] DEBUG o.s.orm.jpa.JpaTransactionManager - Initiating transaction commit
2026-03-16 17:02:38 [http-nio-8080-exec-19] DEBUG o.s.orm.jpa.JpaTransactionManager - Committing JPA transaction on EntityManager [SessionImpl(449149151<open>)]
2026-03-16 17:02:38 [http-nio-8080-exec-2] DEBUG o.s.orm.jpa.JpaTransactionManager - Closing JPA EntityManager [SessionImpl(1349933960<open>)] after transaction
2026-03-16 17:02:38 [http-nio-8080-exec-2] DEBUG c.c.p.s.jwt.JwtAuthenticationFilter - >>> [JwtFilter] Successfully authenticated user: USRCNFRM_99999999999, Authorities: [ROLE_ADMIN]
2026-03-16 17:02:38 [http-nio-8080-exec-2] DEBUG o.s.web.servlet.DispatcherServlet - GET "/api/v1/popups/active", parameters={}
2026-03-16 17:02:38 [http-nio-8080-exec-2] TRACE o.s.w.s.m.m.a.RequestMappingHandlerMapping - Mapped to com.company.project.api.controller.system.content.popup.PopupController#getActivePopups()
2026-03-16 17:02:38 [http-nio-8080-exec-2] DEBUG o.s.orm.jpa.JpaTransactionManager - Creating new transaction with name [com.company.project.service.system.content.popup.PopupServiceImpl.getActivePopups]: PROPAGATION_REQUIRED,ISOLATION_DEFAULT,readOnly
2026-03-16 17:02:38 [http-nio-8080-exec-2] DEBUG o.s.orm.jpa.JpaTransactionManager - Opened new EntityManager [SessionImpl(1333398903<open>)] for JPA transaction
2026-03-16 17:02:38 [http-nio-8080-exec-2] DEBUG o.s.orm.jpa.JpaTransactionManager - Exposing JPA transaction as JDBC [org.springframework.orm.jpa.vendor.HibernateJpaDialect$HibernateConnectionHandle@5eba90a8]
2026-03-16 17:02:38 [http-nio-8080-exec-2] DEBUG org.hibernate.SQL - select p1_0.popup_id,p1_0.frst_register_id,p1_0.frst_regist_pnttm,p1_0.file_url,p1_0.ntce_at,p1_0.stopvew_setup_at,p1_0.last_updusr_id,p1_0.last_updt_pnttm,p1_0.ntce_bgnde,p1_0.ntce_endde,p1_0.popup_vrticl_lc,p1_0.popup_vrticl_size,p1_0.popup_sj_nm,p1_0.popup_width_lc,p1_0.popup_width_size from npopupmanage p1_0 where p1_0.ntce_at='Y' and ? between p1_0.ntce_bgnde and p1_0.ntce_endde
2026-03-16 17:02:38 [http-nio-8080-exec-10] DEBUG o.s.orm.jpa.JpaTransactionManager - Found thread-bound EntityManager [SessionImpl(486586271<open>)] for JPA transaction
2026-03-16 17:02:38 [http-nio-8080-exec-10] DEBUG o.s.orm.jpa.JpaTransactionManager - Participating in existing transaction
2026-03-16 17:02:38 [http-nio-8080-exec-10] DEBUG org.hibernate.SQL - select p1_0.progrm_file_nm,p1_0.progrm_dc,p1_0.progrm_korean_nm,p1_0.progrm_stre_path,p1_0.url from nprogrmlist p1_0
2026-03-16 17:02:39 [http-nio-8080-exec-12] DEBUG o.s.orm.jpa.JpaTransactionManager - Closing JPA EntityManager [SessionImpl(292890774<open>)] after transaction
2026-03-16 17:02:39 [http-nio-8080-exec-12] DEBUG o.s.w.s.m.m.a.HttpEntityMethodProcessor - Using 'application/json', given [application/json, text/plain, */*] and supported [application/json, application/*+json, application/yaml]
2026-03-16 17:02:39 [http-nio-8080-exec-12] TRACE o.s.w.s.m.m.a.HttpEntityMethodProcessor - Writing [ApiResponse[success=true, status=200, code=COMMON_001, message=Success, data=[], timestamp=2026-03-16T17:02:39.018976]]
2026-03-16 17:02:39 [http-nio-8080-exec-12] INFO  c.c.p.a.i.OperationalAuditInterceptor - API Audit Log: URL=/api/v1/admin/system/banners/reflected, User=webmaster, IP=127.0.0.1
2026-03-16 17:02:39 [http-nio-8080-exec-12] DEBUG o.s.web.servlet.DispatcherServlet - Completed 200 OK
2026-03-16 17:02:39 [http-nio-8080-exec-3] DEBUG o.s.orm.jpa.JpaTransactionManager - Closing JPA EntityManager [SessionImpl(221651808<open>)] after transaction
2026-03-16 17:02:39 [http-nio-8080-exec-3] DEBUG o.s.w.s.m.m.a.HttpEntityMethodProcessor - Using 'application/json', given [application/json, text/plain, */*] and supported [application/json, application/*+json, application/yaml]
2026-03-16 17:02:39 [http-nio-8080-exec-3] TRACE o.s.w.s.m.m.a.HttpEntityMethodProcessor - Writing [ApiResponse[success=true, status=200, code=COMMON_001, message=Success, data=0, timestamp=2026-03-16T17:02:39.019981700]]
2026-03-16 17:02:39 [http-nio-8080-exec-3] INFO  c.c.p.a.i.OperationalAuditInterceptor - API Audit Log: URL=/api/v1/notifications/unread-count, User=webmaster, IP=127.0.0.1
2026-03-16 17:02:39 [http-nio-8080-exec-3] DEBUG o.s.web.servlet.DispatcherServlet - Completed 200 OK
2026-03-16 17:02:39 [http-nio-8080-exec-19] DEBUG o.s.orm.jpa.JpaTransactionManager - Closing JPA EntityManager [SessionImpl(449149151<open>)] after transaction
2026-03-16 17:02:39 [http-nio-8080-exec-19] DEBUG c.c.p.s.jwt.JwtAuthenticationFilter - >>> [JwtFilter] Successfully authenticated user: USRCNFRM_99999999999, Authorities: [ROLE_ADMIN]
2026-03-16 17:02:39 [http-nio-8080-exec-19] DEBUG o.s.web.servlet.DispatcherServlet - GET "/api/v1/notifications", parameters={}
2026-03-16 17:02:39 [http-nio-8080-exec-19] TRACE o.s.w.s.m.m.a.RequestMappingHandlerMapping - Mapped to com.company.project.api.controller.notification.NotificationController#getMyNotifications(UserDetails)
2026-03-16 17:02:39 [http-nio-8080-exec-19] DEBUG o.s.orm.jpa.JpaTransactionManager - Creating new transaction with name [com.company.project.service.notification.NotificationService.getActiveNotifications]: PROPAGATION_REQUIRED,ISOLATION_DEFAULT,readOnly
2026-03-16 17:02:39 [http-nio-8080-exec-19] DEBUG o.s.orm.jpa.JpaTransactionManager - Opened new EntityManager [SessionImpl(2078642123<open>)] for JPA transaction
2026-03-16 17:02:39 [http-nio-8080-exec-19] DEBUG o.s.orm.jpa.JpaTransactionManager - Exposing JPA transaction as JDBC [org.springframework.orm.jpa.vendor.HibernateJpaDialect$HibernateConnectionHandle@2651cdca]
2026-03-16 17:02:39 [http-nio-8080-exec-19] DEBUG o.s.orm.jpa.JpaTransactionManager - Found thread-bound EntityManager [SessionImpl(2078642123<open>)] for JPA transaction
2026-03-16 17:02:39 [http-nio-8080-exec-19] DEBUG o.s.orm.jpa.JpaTransactionManager - Participating in existing transaction
2026-03-16 17:02:39 [http-nio-8080-exec-19] DEBUG org.hibernate.SQL - select n1_0.ntcn_no,n1_0.frst_register_id,n1_0.frst_regist_pnttm,n1_0.is_read,n1_0.last_updusr_id,n1_0.last_updt_pnttm,n1_0.link_url,n1_0.ntcn_cn,n1_0.ntcn_sj,n1_0.receiver_id from n_user_notification n1_0
2026-03-16 17:02:39 [http-nio-8080-exec-2] DEBUG o.s.orm.jpa.JpaTransactionManager - Initiating transaction commit
2026-03-16 17:02:39 [http-nio-8080-exec-2] DEBUG o.s.orm.jpa.JpaTransactionManager - Committing JPA transaction on EntityManager [SessionImpl(1333398903<open>)]
2026-03-16 17:02:39 [http-nio-8080-exec-10] DEBUG o.s.orm.jpa.JpaTransactionManager - Initiating transaction commit
2026-03-16 17:02:39 [http-nio-8080-exec-10] DEBUG o.s.orm.jpa.JpaTransactionManager - Committing JPA transaction on EntityManager [SessionImpl(486586271<open>)]
2026-03-16 17:02:39 [http-nio-8080-exec-19] DEBUG o.s.orm.jpa.JpaTransactionManager - Initiating transaction commit
2026-03-16 17:02:39 [http-nio-8080-exec-19] DEBUG o.s.orm.jpa.JpaTransactionManager - Committing JPA transaction on EntityManager [SessionImpl(2078642123<open>)]
2026-03-16 17:02:39 [http-nio-8080-exec-5] DEBUG c.c.p.s.jwt.JwtAuthenticationFilter - >>> [JwtFilter] Processing request: GET /api/v1/admin/system/statistics/connect
2026-03-16 17:02:39 [http-nio-8080-exec-5] DEBUG c.c.p.s.jwt.JwtAuthenticationFilter - >>> [JwtFilter] Found token in header for path: /api/v1/admin/system/statistics/connect
2026-03-16 17:02:39 [http-nio-8080-exec-5] DEBUG o.s.orm.jpa.JpaTransactionManager - Creating new transaction with name [com.company.project.security.iam.CustomUserDetailsService.loadUserByUsername]: PROPAGATION_REQUIRED,ISOLATION_DEFAULT,readOnly
2026-03-16 17:02:39 [http-nio-8080-exec-5] DEBUG o.s.orm.jpa.JpaTransactionManager - Opened new EntityManager [SessionImpl(1997819397<open>)] for JPA transaction
2026-03-16 17:02:39 [http-nio-8080-exec-5] DEBUG o.s.orm.jpa.JpaTransactionManager - Exposing JPA transaction as JDBC [org.springframework.orm.jpa.vendor.HibernateJpaDialect$HibernateConnectionHandle@68e72f8f]
2026-03-16 17:02:39 [http-nio-8080-exec-5] DEBUG o.s.orm.jpa.JpaTransactionManager - Found thread-bound EntityManager [SessionImpl(1997819397<open>)] for JPA transaction
2026-03-16 17:02:39 [http-nio-8080-exec-5] DEBUG o.s.orm.jpa.JpaTransactionManager - Participating in existing transaction
2026-03-16 17:02:39 [http-nio-8080-exec-5] DEBUG org.hibernate.SQL - select u1_0.emplyr_id,u1_0.area_no,u1_0.brthdy,u1_0.chg_pwd_cnt,u1_0.frst_register_id,u1_0.frst_regist_pnttm,u1_0.detail_adres,u1_0.email_adres,u1_0.emplyr_sttus_code,u1_0.empl_no,u1_0.esntl_id,u1_0.fxnum,u1_0.group_id,u1_0.house_adres,u1_0.house_end_telno,u1_0.house_middle_telno,u1_0.ihidnum,u1_0.pstinst_code,u1_0.last_updusr_id,u1_0.last_updt_pnttm,u1_0.lock_at,u1_0.lock_cnt,u1_0.lock_last_pnttm,u1_0.mbtlnum,u1_0.ofcps_nm,u1_0.offm_telno,u1_0.orgnzt_id,u1_0.password,u1_0.password_cnsr,u1_0.password_hint,u1_0.chg_pwd_last_pnttm,u1_0.role,u1_0.sbscrb_de,u1_0.sexdstn_code,u1_0.crtfc_dn_value,u1_0.user_nm,u1_0.zip from nemplyrinfo u1_0 where u1_0.emplyr_id=?
2026-03-16 17:02:39 [http-nio-8080-exec-2] DEBUG o.s.orm.jpa.JpaTransactionManager - Closing JPA EntityManager [SessionImpl(1333398903<open>)] after transaction
2026-03-16 17:02:39 [http-nio-8080-exec-2] DEBUG o.s.w.s.m.m.a.HttpEntityMethodProcessor - Using 'application/json', given [application/json, text/plain, */*] and supported [application/json, application/*+json, application/yaml]
2026-03-16 17:02:39 [http-nio-8080-exec-2] TRACE o.s.w.s.m.m.a.HttpEntityMethodProcessor - Writing [ApiResponse[success=true, status=200, code=COMMON_001, message=Success, data=[], timestamp=2026-03-16T17:02:39.252674400]]
2026-03-16 17:02:39 [http-nio-8080-exec-2] INFO  c.c.p.a.i.OperationalAuditInterceptor - API Audit Log: URL=/api/v1/popups/active, User=webmaster, IP=127.0.0.1
2026-03-16 17:02:39 [http-nio-8080-exec-2] DEBUG o.s.web.servlet.DispatcherServlet - Completed 200 OK
2026-03-16 17:02:39 [http-nio-8080-exec-10] DEBUG o.s.orm.jpa.JpaTransactionManager - Closing JPA EntityManager [SessionImpl(486586271<open>)] after transaction
2026-03-16 17:02:39 [http-nio-8080-exec-10] INFO  c.c.p.a.c.menu.MenuController - getLeftMenu returned 3 items
2026-03-16 17:02:39 [http-nio-8080-exec-10] DEBUG o.s.w.s.m.m.a.HttpEntityMethodProcessor - Using 'application/json', given [application/json, text/plain, */*] and supported [application/json, application/*+json, application/yaml]
2026-03-16 17:02:39 [http-nio-8080-exec-10] TRACE o.s.w.s.m.m.a.HttpEntityMethodProcessor - Writing [ApiResponse[success=true, status=200, code=COMMON_001, message=Success, data={list=[com.company.project.service.menu.dto.MenuDto@64255c50, com.company.project.service.menu.dto.MenuDto@7c584a00, com.company.project.service.menu.dto.MenuDto@4024391e]}, timestamp=2026-03-16T17:02:39.255390300]]
2026-03-16 17:02:39 [http-nio-8080-exec-10] INFO  c.c.p.a.i.OperationalAuditInterceptor - API Audit Log: URL=/api/v1/menu/left, User=webmaster, IP=127.0.0.1
2026-03-16 17:02:39 [http-nio-8080-exec-10] DEBUG o.s.web.servlet.DispatcherServlet - Completed 200 OK
2026-03-16 17:02:39 [http-nio-8080-exec-9] DEBUG c.c.p.s.jwt.JwtAuthenticationFilter - >>> [JwtFilter] Processing request: GET /api/v1/menu/left
2026-03-16 17:02:39 [http-nio-8080-exec-9] DEBUG c.c.p.s.jwt.JwtAuthenticationFilter - >>> [JwtFilter] Found token in header for path: /api/v1/menu/left
2026-03-16 17:02:39 [http-nio-8080-exec-9] DEBUG o.s.orm.jpa.JpaTransactionManager - Creating new transaction with name [com.company.project.security.iam.CustomUserDetailsService.loadUserByUsername]: PROPAGATION_REQUIRED,ISOLATION_DEFAULT,readOnly
2026-03-16 17:02:39 [http-nio-8080-exec-9] DEBUG o.s.orm.jpa.JpaTransactionManager - Opened new EntityManager [SessionImpl(821576711<open>)] for JPA transaction
2026-03-16 17:02:39 [http-nio-8080-exec-9] DEBUG o.s.orm.jpa.JpaTransactionManager - Exposing JPA transaction as JDBC [org.springframework.orm.jpa.vendor.HibernateJpaDialect$HibernateConnectionHandle@2a69040e]
2026-03-16 17:02:39 [http-nio-8080-exec-9] DEBUG o.s.orm.jpa.JpaTransactionManager - Found thread-bound EntityManager [SessionImpl(821576711<open>)] for JPA transaction
2026-03-16 17:02:39 [http-nio-8080-exec-9] DEBUG o.s.orm.jpa.JpaTransactionManager - Participating in existing transaction
2026-03-16 17:02:39 [http-nio-8080-exec-9] DEBUG org.hibernate.SQL - select u1_0.emplyr_id,u1_0.area_no,u1_0.brthdy,u1_0.chg_pwd_cnt,u1_0.frst_register_id,u1_0.frst_regist_pnttm,u1_0.detail_adres,u1_0.email_adres,u1_0.emplyr_sttus_code,u1_0.empl_no,u1_0.esntl_id,u1_0.fxnum,u1_0.group_id,u1_0.house_adres,u1_0.house_end_telno,u1_0.house_middle_telno,u1_0.ihidnum,u1_0.pstinst_code,u1_0.last_updusr_id,u1_0.last_updt_pnttm,u1_0.lock_at,u1_0.lock_cnt,u1_0.lock_last_pnttm,u1_0.mbtlnum,u1_0.ofcps_nm,u1_0.offm_telno,u1_0.orgnzt_id,u1_0.password,u1_0.password_cnsr,u1_0.password_hint,u1_0.chg_pwd_last_pnttm,u1_0.role,u1_0.sbscrb_de,u1_0.sexdstn_code,u1_0.crtfc_dn_value,u1_0.user_nm,u1_0.zip from nemplyrinfo u1_0 where u1_0.emplyr_id=?
2026-03-16 17:02:39 [http-nio-8080-exec-19] DEBUG o.s.orm.jpa.JpaTransactionManager - Closing JPA EntityManager [SessionImpl(2078642123<open>)] after transaction
2026-03-16 17:02:39 [http-nio-8080-exec-19] DEBUG o.s.w.s.m.m.a.HttpEntityMethodProcessor - Using 'application/json', given [application/json, text/plain, */*] and supported [application/json, application/*+json, application/yaml]
2026-03-16 17:02:39 [http-nio-8080-exec-19] TRACE o.s.w.s.m.m.a.HttpEntityMethodProcessor - Writing [ApiResponse[success=true, status=200, code=COMMON_001, message=Success, data=[NotificationDto(ntfcNo=NT001, ntfcSj=테스트 알림입니다, ntfcCn=알림 내용입니다, ntfcDate=null, ntfcTime=2026-02-25T00:59:33.784070, bhNtfcIntrvl=null, uniqId=null, frstRegisterId=null, frstRegisterPnttm=2026-02-25T00:59:33.784070, lastUpdusrId=null, lastUpdusrPnttm=null)], timestamp=2026-03-16T17:02:39.322764400]]
2026-03-16 17:02:39 [http-nio-8080-exec-19] INFO  c.c.p.a.i.OperationalAuditInterceptor - API Audit Log: URL=/api/v1/notifications, User=webmaster, IP=127.0.0.1
2026-03-16 17:02:39 [http-nio-8080-exec-19] DEBUG o.s.web.servlet.DispatcherServlet - Completed 200 OK
2026-03-16 17:02:39 [http-nio-8080-exec-5] DEBUG o.s.orm.jpa.JpaTransactionManager - Found thread-bound EntityManager [SessionImpl(1997819397<open>)] for JPA transaction
2026-03-16 17:02:39 [http-nio-8080-exec-5] DEBUG o.s.orm.jpa.JpaTransactionManager - Participating in existing transaction
2026-03-16 17:02:39 [http-nio-8080-exec-5] DEBUG org.hibernate.SQL - select ua1_0.scrty_dtrmn_trget_id,ua1_0.author_code,ua1_0.frst_register_id,ua1_0.frst_regist_pnttm,ua1_0.last_updusr_id,ua1_0.last_updt_pnttm,ua1_0.mber_ty_code from nemplyrscrtyestbs ua1_0 where ua1_0.scrty_dtrmn_trget_id=?
2026-03-16 17:02:39 [http-nio-8080-exec-9] DEBUG o.s.orm.jpa.JpaTransactionManager - Found thread-bound EntityManager [SessionImpl(821576711<open>)] for JPA transaction
2026-03-16 17:02:39 [http-nio-8080-exec-9] DEBUG o.s.orm.jpa.JpaTransactionManager - Participating in existing transaction
2026-03-16 17:02:39 [http-nio-8080-exec-9] DEBUG org.hibernate.SQL - select ua1_0.scrty_dtrmn_trget_id,ua1_0.author_code,ua1_0.frst_register_id,ua1_0.frst_regist_pnttm,ua1_0.last_updusr_id,ua1_0.last_updt_pnttm,ua1_0.mber_ty_code from nemplyrscrtyestbs ua1_0 where ua1_0.scrty_dtrmn_trget_id=?
2026-03-16 17:02:39 [http-nio-8080-exec-5] DEBUG o.s.orm.jpa.JpaTransactionManager - Initiating transaction commit
2026-03-16 17:02:39 [http-nio-8080-exec-5] DEBUG o.s.orm.jpa.JpaTransactionManager - Committing JPA transaction on EntityManager [SessionImpl(1997819397<open>)]
2026-03-16 17:02:39 [http-nio-8080-exec-9] DEBUG o.s.orm.jpa.JpaTransactionManager - Initiating transaction commit
2026-03-16 17:02:39 [http-nio-8080-exec-9] DEBUG o.s.orm.jpa.JpaTransactionManager - Committing JPA transaction on EntityManager [SessionImpl(821576711<open>)]
2026-03-16 17:02:39 [http-nio-8080-exec-16] DEBUG c.c.p.s.jwt.JwtAuthenticationFilter - >>> [JwtFilter] Processing request: GET /api/v1/admin/system/statistics/bbs
2026-03-16 17:02:39 [http-nio-8080-exec-16] DEBUG c.c.p.s.jwt.JwtAuthenticationFilter - >>> [JwtFilter] Found token in header for path: /api/v1/admin/system/statistics/bbs
2026-03-16 17:02:39 [http-nio-8080-exec-16] DEBUG o.s.orm.jpa.JpaTransactionManager - Creating new transaction with name [com.company.project.security.iam.CustomUserDetailsService.loadUserByUsername]: PROPAGATION_REQUIRED,ISOLATION_DEFAULT,readOnly
2026-03-16 17:02:39 [http-nio-8080-exec-16] DEBUG o.s.orm.jpa.JpaTransactionManager - Opened new EntityManager [SessionImpl(659429287<open>)] for JPA transaction
2026-03-16 17:02:39 [http-nio-8080-exec-5] DEBUG o.s.orm.jpa.JpaTransactionManager - Closing JPA EntityManager [SessionImpl(1997819397<open>)] after transaction
2026-03-16 17:02:39 [http-nio-8080-exec-5] DEBUG c.c.p.s.jwt.JwtAuthenticationFilter - >>> [JwtFilter] Successfully authenticated user: USRCNFRM_99999999999, Authorities: [ROLE_ADMIN]
2026-03-16 17:02:39 [http-nio-8080-exec-5] DEBUG o.s.web.servlet.DispatcherServlet - GET "/api/v1/admin/system/statistics/connect?statsKind=SERVICE", parameters={masked}
2026-03-16 17:02:39 [http-nio-8080-exec-5] DEBUG o.s.w.s.h.SimpleUrlHandlerMapping - Mapped to ResourceHttpRequestHandler [classpath [META-INF/resources/], classpath [resources/], classpath [static/], classpath [public/], ServletContext [/]]
2026-03-16 17:02:39 [http-nio-8080-exec-5] DEBUG o.s.w.s.r.ResourceHttpRequestHandler - Resource not found
2026-03-16 17:02:39 [http-nio-8080-exec-5] DEBUG o.s.w.s.m.m.a.ExceptionHandlerExceptionResolver - Using @ExceptionHandler com.company.project.core.exception.GlobalExceptionHandler#handleException(Exception)
2026-03-16 17:02:39 [http-nio-8080-exec-5] ERROR c.c.p.c.e.GlobalExceptionHandler - >>> Internal Server Error: No static resource api/v1/admin/system/statistics/connect.
org.springframework.web.servlet.resource.NoResourceFoundException: No static resource api/v1/admin/system/statistics/connect.
	at org.springframework.web.servlet.resource.ResourceHttpRequestHandler.handleRequest(ResourceHttpRequestHandler.java:585)
	at org.springframework.web.servlet.mvc.HttpRequestHandlerAdapter.handle(HttpRequestHandlerAdapter.java:52)
	at org.springframework.web.servlet.DispatcherServlet.doDispatch(DispatcherServlet.java:1088)
	at org.springframework.web.servlet.DispatcherServlet.doService(DispatcherServlet.java:978)
	at org.springframework.web.servlet.FrameworkServlet.processRequest(FrameworkServlet.java:1014)
	at org.springframework.web.servlet.FrameworkServlet.doGet(FrameworkServlet.java:903)
	at jakarta.servlet.http.HttpServlet.service(HttpServlet.java:527)
	at org.springframework.web.servlet.FrameworkServlet.service(FrameworkServlet.java:885)
	at jakarta.servlet.http.HttpServlet.service(HttpServlet.java:614)
	at org.apache.catalina.core.ApplicationFilterChain.internalDoFilter(ApplicationFilterChain.java:195)
	at org.apache.catalina.core.ApplicationFilterChain.doFilter(ApplicationFilterChain.java:140)
	at org.apache.tomcat.websocket.server.WsFilter.doFilter(WsFilter.java:51)
	at org.apache.catalina.core.ApplicationFilterChain.internalDoFilter(ApplicationFilterChain.java:164)
	at org.apache.catalina.core.ApplicationFilterChain.doFilter(ApplicationFilterChain.java:140)
	at org.springframework.web.filter.CompositeFilter$VirtualFilterChain.doFilter(CompositeFilter.java:108)
	at org.springframework.security.web.FilterChainProxy.lambda$doFilterInternal$3(FilterChainProxy.java:231)
	at org.springframework.security.web.ObservationFilterChainDecorator$FilterObservation$SimpleFilterObservation.lambda$wrap$1(ObservationFilterChainDecorator.java:479)
	at org.springframework.security.web.ObservationFilterChainDecorator$AroundFilterObservation$SimpleAroundFilterObservation.lambda$wrap$1(ObservationFilterChainDecorator.java:340)
	at org.springframework.security.web.ObservationFilterChainDecorator.lambda$wrapSecured$0(ObservationFilterChainDecorator.java:82)
	at org.springframework.security.web.ObservationFilterChainDecorator$VirtualFilterChain.doFilter(ObservationFilterChainDecorator.java:128)
	at org.springframework.security.web.access.intercept.AuthorizationFilter.doFilter(AuthorizationFilter.java:101)
	at org.springframework.security.web.ObservationFilterChainDecorator$ObservationFilter.wrapFilter(ObservationFilterChainDecorator.java:240)
	at org.springframework.security.web.ObservationFilterChainDecorator$ObservationFilter.doFilter(ObservationFilterChainDecorator.java:227)
	at org.springframework.security.web.ObservationFilterChainDecorator$VirtualFilterChain.doFilter(ObservationFilterChainDecorator.java:137)
	at org.springframework.security.web.access.ExceptionTranslationFilter.doFilter(ExceptionTranslationFilter.java:126)
	at org.springframework.security.web.access.ExceptionTranslationFilter.doFilter(ExceptionTranslationFilter.java:120)
	at org.springframework.security.web.ObservationFilterChainDecorator$ObservationFilter.wrapFilter(ObservationFilterChainDecorator.java:240)
	at org.springframework.security.web.ObservationFilterChainDecorator$ObservationFilter.doFilter(ObservationFilterChainDecorator.java:227)
	at org.springframework.security.web.ObservationFilterChainDecorator$VirtualFilterChain.doFilter(ObservationFilterChainDecorator.java:137)
	at org.springframework.security.web.session.SessionManagementFilter.doFilter(SessionManagementFilter.java:131)
	at org.springframework.security.web.session.SessionManagementFilter.doFilter(SessionManagementFilter.java:85)
	at org.springframework.security.web.ObservationFilterChainDecorator$ObservationFilter.wrapFilter(ObservationFilterChainDecorator.java:240)
	at org.springframework.security.web.ObservationFilterChainDecorator$ObservationFilter.doFilter(ObservationFilterChainDecorator.java:227)
	at org.springframework.security.web.ObservationFilterChainDecorator$VirtualFilterChain.doFilter(ObservationFilterChainDecorator.java:137)
	at org.springframework.security.web.authentication.AnonymousAuthenticationFilter.doFilter(AnonymousAuthenticationFilter.java:100)
	at org.springframework.security.web.ObservationFilterChainDecorator$ObservationFilter.wrapFilter(ObservationFilterChainDecorator.java:240)
	at org.springframework.security.web.ObservationFilterChainDecorator$ObservationFilter.doFilter(ObservationFilterChainDecorator.java:227)
	at org.springframework.security.web.ObservationFilterChainDecorator$VirtualFilterChain.doFilter(ObservationFilterChainDecorator.java:137)
	at org.springframework.security.web.servletapi.SecurityContextHolderAwareRequestFilter.doFilter(SecurityContextHolderAwareRequestFilter.java:179)
	at org.springframework.security.web.ObservationFilterChainDecorator$ObservationFilter.wrapFilter(ObservationFilterChainDecorator.java:240)
	at org.springframework.security.web.ObservationFilterChainDecorator$ObservationFilter.doFilter(ObservationFilterChainDecorator.java:227)
	at org.springframework.security.web.ObservationFilterChainDecorator$VirtualFilterChain.doFilter(ObservationFilterChainDecorator.java:137)
	at org.springframework.security.web.savedrequest.RequestCacheAwareFilter.doFilter(RequestCacheAwareFilter.java:63)
	at org.springframework.security.web.ObservationFilterChainDecorator$ObservationFilter.wrapFilter(ObservationFilterChainDecorator.java:240)
	at org.springframework.security.web.ObservationFilterChainDecorator$ObservationFilter.doFilter(ObservationFilterChainDecorator.java:227)
	at org.springframework.security.web.ObservationFilterChainDecorator$VirtualFilterChain.doFilter(ObservationFilterChainDecorator.java:137)
	at com.company.project.security.jwt.JwtAuthenticationFilter.doFilterInternal(JwtAuthenticationFilter.java:52)
	at org.springframework.web.filter.OncePerRequestFilter.doFilter(OncePerRequestFilter.java:116)
	at org.springframework.security.web.ObservationFilterChainDecorator$ObservationFilter.wrapFilter(ObservationFilterChainDecorator.java:240)
	at org.springframework.security.web.ObservationFilterChainDecorator$ObservationFilter.doFilter(ObservationFilterChainDecorator.java:227)
	at org.springframework.security.web.ObservationFilterChainDecorator$VirtualFilterChain.doFilter(ObservationFilterChainDecorator.java:137)
	at org.springframework.security.web.authentication.logout.LogoutFilter.doFilter(LogoutFilter.java:107)
	at org.springframework.security.web.authentication.logout.LogoutFilter.doFilter(LogoutFilter.java:93)
	at org.springframework.security.web.ObservationFilterChainDecorator$ObservationFilter.wrapFilter(ObservationFilterChainDecorator.java:240)
	at org.springframework.security.web.ObservationFilterChainDecorator$ObservationFilter.doFilter(ObservationFilterChainDecorator.java:227)
	at org.springframework.security.web.ObservationFilterChainDecorator$VirtualFilterChain.doFilter(ObservationFilterChainDecorator.java:137)
	at org.springframework.web.filter.CorsFilter.doFilterInternal(CorsFilter.java:91)
	at org.springframework.web.filter.OncePerRequestFilter.doFilter(OncePerRequestFilter.java:116)
	at org.springframework.security.web.ObservationFilterChainDecorator$ObservationFilter.wrapFilter(ObservationFilterChainDecorator.java:240)
	at org.springframework.security.web.ObservationFilterChainDecorator$ObservationFilter.doFilter(ObservationFilterChainDecorator.java:227)
	at org.springframework.security.web.ObservationFilterChainDecorator$VirtualFilterChain.doFilter(ObservationFilterChainDecorator.java:137)
	at org.springframework.security.web.header.HeaderWriterFilter.doHeadersAfter(HeaderWriterFilter.java:90)
	at org.springframework.security.web.header.HeaderWriterFilter.doFilterInternal(HeaderWriterFilter.java:75)
	at org.springframework.web.filter.OncePerRequestFilter.doFilter(OncePerRequestFilter.java:116)
	at org.springframework.security.web.ObservationFilterChainDecorator$ObservationFilter.wrapFilter(ObservationFilterChainDecorator.java:240)
	at org.springframework.security.web.ObservationFilterChainDecorator$ObservationFilter.doFilter(ObservationFilterChainDecorator.java:227)
	at org.springframework.security.web.ObservationFilterChainDecorator$VirtualFilterChain.doFilter(ObservationFilterChainDecorator.java:137)
	at org.springframework.security.web.context.SecurityContextHolderFilter.doFilter(SecurityContextHolderFilter.java:82)
	at org.springframework.security.web.context.SecurityContextHolderFilter.doFilter(SecurityContextHolderFilter.java:69)
	at org.springframework.security.web.ObservationFilterChainDecorator$ObservationFilter.wrapFilter(ObservationFilterChainDecorator.java:240)
	at org.springframework.security.web.ObservationFilterChainDecorator$ObservationFilter.doFilter(ObservationFilterChainDecorator.java:227)
	at org.springframework.security.web.ObservationFilterChainDecorator$VirtualFilterChain.doFilter(ObservationFilterChainDecorator.java:137)
	at org.springframework.security.web.context.request.async.WebAsyncManagerIntegrationFilter.doFilterInternal(WebAsyncManagerIntegrationFilter.java:62)
	at org.springframework.web.filter.OncePerRequestFilter.doFilter(OncePerRequestFilter.java:116)
	at org.springframework.security.web.ObservationFilterChainDecorator$ObservationFilter.wrapFilter(ObservationFilterChainDecorator.java:240)
	at org.springframework.security.web.ObservationFilterChainDecorator$ObservationFilter.doFilter(ObservationFilterChainDecorator.java:227)
	at org.springframework.security.web.ObservationFilterChainDecorator$VirtualFilterChain.doFilter(ObservationFilterChainDecorator.java:137)
	at org.springframework.security.web.session.DisableEncodeUrlFilter.doFilterInternal(DisableEncodeUrlFilter.java:42)
	at org.springframework.web.filter.OncePerRequestFilter.doFilter(OncePerRequestFilter.java:116)
	at org.springframework.security.web.ObservationFilterChainDecorator$ObservationFilter.wrapFilter(ObservationFilterChainDecorator.java:240)
	at org.springframework.security.web.ObservationFilterChainDecorator$AroundFilterObservation$SimpleAroundFilterObservation.lambda$wrap$0(ObservationFilterChainDecorator.java:323)
	at org.springframework.security.web.ObservationFilterChainDecorator$ObservationFilter.doFilter(ObservationFilterChainDecorator.java:224)
	at org.springframework.security.web.ObservationFilterChainDecorator$VirtualFilterChain.doFilter(ObservationFilterChainDecorator.java:137)
	at org.springframework.security.web.FilterChainProxy.doFilterInternal(FilterChainProxy.java:233)
	at org.springframework.security.web.FilterChainProxy.doFilter(FilterChainProxy.java:191)
	at org.springframework.web.filter.CompositeFilter$VirtualFilterChain.doFilter(CompositeFilter.java:113)
	at org.springframework.web.servlet.handler.HandlerMappingIntrospector.lambda$createCacheFilter$3(HandlerMappingIntrospector.java:243)
	at org.springframework.web.filter.CompositeFilter$VirtualFilterChain.doFilter(CompositeFilter.java:113)
	at org.springframework.web.filter.CompositeFilter.doFilter(CompositeFilter.java:74)
	at org.springframework.security.config.annotation.web.configuration.WebMvcSecurityConfiguration$CompositeFilterChainProxy.doFilter(WebMvcSecurityConfiguration.java:238)
	at org.springframework.web.filter.DelegatingFilterProxy.invokeDelegate(DelegatingFilterProxy.java:362)
	at org.springframework.web.filter.DelegatingFilterProxy.doFilter(DelegatingFilterProxy.java:278)
	at org.apache.catalina.core.ApplicationFilterChain.internalDoFilter(ApplicationFilterChain.java:164)
	at org.apache.catalina.core.ApplicationFilterChain.doFilter(ApplicationFilterChain.java:140)
	at org.springframework.web.filter.RequestContextFilter.doFilterInternal(RequestContextFilter.java:100)
	at org.springframework.web.filter.OncePerRequestFilter.doFilter(OncePerRequestFilter.java:116)
	at org.apache.catalina.core.ApplicationFilterChain.internalDoFilter(ApplicationFilterChain.java:164)
	at org.apache.catalina.core.ApplicationFilterChain.doFilter(ApplicationFilterChain.java:140)
	at org.springframework.web.filter.FormContentFilter.doFilterInternal(FormContentFilter.java:93)
	at org.springframework.web.filter.OncePerRequestFilter.doFilter(OncePerRequestFilter.java:116)
	at org.apache.catalina.core.ApplicationFilterChain.internalDoFilter(ApplicationFilterChain.java:164)
	at org.apache.catalina.core.ApplicationFilterChain.doFilter(ApplicationFilterChain.java:140)
	at org.springframework.web.filter.ServerHttpObservationFilter.doFilterInternal(ServerHttpObservationFilter.java:114)
	at org.springframework.web.filter.OncePerRequestFilter.doFilter(OncePerRequestFilter.java:116)
	at org.apache.catalina.core.ApplicationFilterChain.internalDoFilter(ApplicationFilterChain.java:164)
	at org.apache.catalina.core.ApplicationFilterChain.doFilter(ApplicationFilterChain.java:140)
	at org.springframework.web.filter.CharacterEncodingFilter.doFilterInternal(CharacterEncodingFilter.java:201)
	at org.springframework.web.filter.OncePerRequestFilter.doFilter(OncePerRequestFilter.java:116)
	at org.apache.catalina.core.ApplicationFilterChain.internalDoFilter(ApplicationFilterChain.java:164)
	at org.apache.catalina.core.ApplicationFilterChain.doFilter(ApplicationFilterChain.java:140)
	at org.apache.catalina.core.StandardWrapperValve.invoke(StandardWrapperValve.java:167)
	at org.apache.catalina.core.StandardContextValve.invoke(StandardContextValve.java:90)
	at org.apache.catalina.authenticator.AuthenticatorBase.invoke(AuthenticatorBase.java:483)
	at org.apache.catalina.core.StandardHostValve.invoke(StandardHostValve.java:115)
	at org.apache.catalina.valves.ErrorReportValve.invoke(ErrorReportValve.java:93)
	at org.apache.catalina.core.StandardEngineValve.invoke(StandardEngineValve.java:74)
	at org.apache.catalina.connector.CoyoteAdapter.service(CoyoteAdapter.java:344)
	at org.apache.coyote.http11.Http11Processor.service(Http11Processor.java:397)
	at org.apache.coyote.AbstractProcessorLight.process(AbstractProcessorLight.java:63)
	at org.apache.coyote.AbstractProtocol$ConnectionHandler.process(AbstractProtocol.java:905)
	at org.apache.tomcat.util.net.NioEndpoint$SocketProcessor.doRun(NioEndpoint.java:1741)
	at org.apache.tomcat.util.net.SocketProcessorBase.run(SocketProcessorBase.java:52)
	at org.apache.tomcat.util.threads.ThreadPoolExecutor.runWorker(ThreadPoolExecutor.java:1190)
	at org.apache.tomcat.util.threads.ThreadPoolExecutor$Worker.run(ThreadPoolExecutor.java:659)
	at org.apache.tomcat.util.threads.TaskThread$WrappingRunnable.run(TaskThread.java:63)
	at java.base/java.lang.Thread.run(Thread.java:1583)
2026-03-16 17:02:39 [http-nio-8080-exec-5] DEBUG o.s.w.s.m.m.a.HttpEntityMethodProcessor - Using 'application/json', given [application/json, text/plain, */*] and supported [application/json, application/*+json, application/yaml]
2026-03-16 17:02:39 [http-nio-8080-exec-5] TRACE o.s.w.s.m.m.a.HttpEntityMethodProcessor - Writing [ApiResponse[success=false, status=500, code=C004, message=예기치 않은 서버 오류가 발생했습니다., data=null, timestamp=2026-03-16T17:02:39.669390100]]
2026-03-16 17:02:39 [http-nio-8080-exec-5] DEBUG o.s.w.s.m.m.a.ExceptionHandlerExceptionResolver - Resolved [org.springframework.web.servlet.resource.NoResourceFoundException: No static resource api/v1/admin/system/statistics/connect.]
2026-03-16 17:02:39 [http-nio-8080-exec-5] DEBUG o.s.web.servlet.DispatcherServlet - Completed 500 INTERNAL_SERVER_ERROR
2026-03-16 17:02:39 [http-nio-8080-exec-9] DEBUG o.s.orm.jpa.JpaTransactionManager - Closing JPA EntityManager [SessionImpl(821576711<open>)] after transaction
2026-03-16 17:02:39 [http-nio-8080-exec-9] DEBUG c.c.p.s.jwt.JwtAuthenticationFilter - >>> [JwtFilter] Successfully authenticated user: USRCNFRM_99999999999, Authorities: [ROLE_ADMIN]
2026-03-16 17:02:39 [http-nio-8080-exec-9] DEBUG o.s.web.servlet.DispatcherServlet - GET "/api/v1/menu/left?menuNo=40", parameters={masked}
2026-03-16 17:02:39 [http-nio-8080-exec-9] TRACE o.s.w.s.m.m.a.RequestMappingHandlerMapping - Mapped to com.company.project.api.controller.menu.MenuController#getLeftMenu(Long)
2026-03-16 17:02:39 [http-nio-8080-exec-9] INFO  c.c.p.a.c.menu.MenuController - getLeftMenu called with menuNo=40
2026-03-16 17:02:39 [http-nio-8080-exec-9] DEBUG o.s.orm.jpa.JpaTransactionManager - Creating new transaction with name [com.company.project.service.menu.MenuService.getSubMenus]: PROPAGATION_REQUIRED,ISOLATION_DEFAULT,readOnly
2026-03-16 17:02:39 [http-nio-8080-exec-9] DEBUG o.s.orm.jpa.JpaTransactionManager - Opened new EntityManager [SessionImpl(1033762523<open>)] for JPA transaction
2026-03-16 17:02:39 [http-nio-8080-exec-9] DEBUG o.s.orm.jpa.JpaTransactionManager - Exposing JPA transaction as JDBC [org.springframework.orm.jpa.vendor.HibernateJpaDialect$HibernateConnectionHandle@7cdd21b8]
2026-03-16 17:02:39 [http-nio-8080-exec-9] DEBUG org.hibernate.SQL - select m1_0.menu_no,m1_0.menu_dc,m1_0.menu_nm,m1_0.menu_ordr,m1_0.modern_route,m1_0.progrm_file_nm,m1_0.relate_image_nm,m1_0.relate_image_path,m1_0.route_updated_at,m1_0.upper_menu_no from nmenuinfo m1_0 order by m1_0.upper_menu_no,m1_0.menu_ordr
2026-03-16 17:02:39 [http-nio-8080-exec-16] DEBUG o.s.orm.jpa.JpaTransactionManager - Exposing JPA transaction as JDBC [org.springframework.orm.jpa.vendor.HibernateJpaDialect$HibernateConnectionHandle@48d4ca9c]
2026-03-16 17:02:39 [http-nio-8080-exec-16] DEBUG o.s.orm.jpa.JpaTransactionManager - Found thread-bound EntityManager [SessionImpl(659429287<open>)] for JPA transaction
2026-03-16 17:02:39 [http-nio-8080-exec-16] DEBUG o.s.orm.jpa.JpaTransactionManager - Participating in existing transaction
2026-03-16 17:02:39 [http-nio-8080-exec-16] DEBUG org.hibernate.SQL - select u1_0.emplyr_id,u1_0.area_no,u1_0.brthdy,u1_0.chg_pwd_cnt,u1_0.frst_register_id,u1_0.frst_regist_pnttm,u1_0.detail_adres,u1_0.email_adres,u1_0.emplyr_sttus_code,u1_0.empl_no,u1_0.esntl_id,u1_0.fxnum,u1_0.group_id,u1_0.house_adres,u1_0.house_end_telno,u1_0.house_middle_telno,u1_0.ihidnum,u1_0.pstinst_code,u1_0.last_updusr_id,u1_0.last_updt_pnttm,u1_0.lock_at,u1_0.lock_cnt,u1_0.lock_last_pnttm,u1_0.mbtlnum,u1_0.ofcps_nm,u1_0.offm_telno,u1_0.orgnzt_id,u1_0.password,u1_0.password_cnsr,u1_0.password_hint,u1_0.chg_pwd_last_pnttm,u1_0.role,u1_0.sbscrb_de,u1_0.sexdstn_code,u1_0.crtfc_dn_value,u1_0.user_nm,u1_0.zip from nemplyrinfo u1_0 where u1_0.emplyr_id=?
2026-03-16 17:02:39 [http-nio-8080-exec-16] DEBUG o.s.orm.jpa.JpaTransactionManager - Found thread-bound EntityManager [SessionImpl(659429287<open>)] for JPA transaction
2026-03-16 17:02:39 [http-nio-8080-exec-16] DEBUG o.s.orm.jpa.JpaTransactionManager - Participating in existing transaction
2026-03-16 17:02:39 [http-nio-8080-exec-16] DEBUG org.hibernate.SQL - select ua1_0.scrty_dtrmn_trget_id,ua1_0.author_code,ua1_0.frst_register_id,ua1_0.frst_regist_pnttm,ua1_0.last_updusr_id,ua1_0.last_updt_pnttm,ua1_0.mber_ty_code from nemplyrscrtyestbs ua1_0 where ua1_0.scrty_dtrmn_trget_id=?
2026-03-16 17:02:40 [http-nio-8080-exec-9] DEBUG o.s.orm.jpa.JpaTransactionManager - Found thread-bound EntityManager [SessionImpl(1033762523<open>)] for JPA transaction
2026-03-16 17:02:40 [http-nio-8080-exec-9] DEBUG o.s.orm.jpa.JpaTransactionManager - Participating in existing transaction
2026-03-16 17:02:40 [http-nio-8080-exec-9] DEBUG org.hibernate.SQL - select p1_0.progrm_file_nm,p1_0.progrm_dc,p1_0.progrm_korean_nm,p1_0.progrm_stre_path,p1_0.url from nprogrmlist p1_0
2026-03-16 17:02:40 [http-nio-8080-exec-16] DEBUG o.s.orm.jpa.JpaTransactionManager - Initiating transaction commit
2026-03-16 17:02:40 [http-nio-8080-exec-16] DEBUG o.s.orm.jpa.JpaTransactionManager - Committing JPA transaction on EntityManager [SessionImpl(659429287<open>)]
2026-03-16 17:02:40 [http-nio-8080-exec-9] DEBUG o.s.orm.jpa.JpaTransactionManager - Initiating transaction commit
2026-03-16 17:02:40 [http-nio-8080-exec-9] DEBUG o.s.orm.jpa.JpaTransactionManager - Committing JPA transaction on EntityManager [SessionImpl(1033762523<open>)]
2026-03-16 17:02:40 [http-nio-8080-exec-16] DEBUG o.s.orm.jpa.JpaTransactionManager - Closing JPA EntityManager [SessionImpl(659429287<open>)] after transaction
2026-03-16 17:02:40 [http-nio-8080-exec-16] DEBUG c.c.p.s.jwt.JwtAuthenticationFilter - >>> [JwtFilter] Successfully authenticated user: USRCNFRM_99999999999, Authorities: [ROLE_ADMIN]
2026-03-16 17:02:40 [http-nio-8080-exec-16] DEBUG o.s.web.servlet.DispatcherServlet - GET "/api/v1/admin/system/statistics/bbs?statsKind=COM101", parameters={masked}
2026-03-16 17:02:40 [http-nio-8080-exec-16] DEBUG o.s.w.s.h.SimpleUrlHandlerMapping - Mapped to ResourceHttpRequestHandler [classpath [META-INF/resources/], classpath [resources/], classpath [static/], classpath [public/], ServletContext [/]]
2026-03-16 17:02:40 [http-nio-8080-exec-16] DEBUG o.s.w.s.r.ResourceHttpRequestHandler - Resource not found
2026-03-16 17:02:40 [http-nio-8080-exec-16] DEBUG o.s.w.s.m.m.a.ExceptionHandlerExceptionResolver - Using @ExceptionHandler com.company.project.core.exception.GlobalExceptionHandler#handleException(Exception)
2026-03-16 17:02:40 [http-nio-8080-exec-16] ERROR c.c.p.c.e.GlobalExceptionHandler - >>> Internal Server Error: No static resource api/v1/admin/system/statistics/bbs.
org.springframework.web.servlet.resource.NoResourceFoundException: No static resource api/v1/admin/system/statistics/bbs.
	at org.springframework.web.servlet.resource.ResourceHttpRequestHandler.handleRequest(ResourceHttpRequestHandler.java:585)
	at org.springframework.web.servlet.mvc.HttpRequestHandlerAdapter.handle(HttpRequestHandlerAdapter.java:52)
	at org.springframework.web.servlet.DispatcherServlet.doDispatch(DispatcherServlet.java:1088)
	at org.springframework.web.servlet.DispatcherServlet.doService(DispatcherServlet.java:978)
	at org.springframework.web.servlet.FrameworkServlet.processRequest(FrameworkServlet.java:1014)
	at org.springframework.web.servlet.FrameworkServlet.doGet(FrameworkServlet.java:903)
	at jakarta.servlet.http.HttpServlet.service(HttpServlet.java:527)
	at org.springframework.web.servlet.FrameworkServlet.service(FrameworkServlet.java:885)
	at jakarta.servlet.http.HttpServlet.service(HttpServlet.java:614)
	at org.apache.catalina.core.ApplicationFilterChain.internalDoFilter(ApplicationFilterChain.java:195)
	at org.apache.catalina.core.ApplicationFilterChain.doFilter(ApplicationFilterChain.java:140)
	at org.apache.tomcat.websocket.server.WsFilter.doFilter(WsFilter.java:51)
	at org.apache.catalina.core.ApplicationFilterChain.internalDoFilter(ApplicationFilterChain.java:164)
	at org.apache.catalina.core.ApplicationFilterChain.doFilter(ApplicationFilterChain.java:140)
	at org.springframework.web.filter.CompositeFilter$VirtualFilterChain.doFilter(CompositeFilter.java:108)
	at org.springframework.security.web.FilterChainProxy.lambda$doFilterInternal$3(FilterChainProxy.java:231)
	at org.springframework.security.web.ObservationFilterChainDecorator$FilterObservation$SimpleFilterObservation.lambda$wrap$1(ObservationFilterChainDecorator.java:479)
	at org.springframework.security.web.ObservationFilterChainDecorator$AroundFilterObservation$SimpleAroundFilterObservation.lambda$wrap$1(ObservationFilterChainDecorator.java:340)
	at org.springframework.security.web.ObservationFilterChainDecorator.lambda$wrapSecured$0(ObservationFilterChainDecorator.java:82)
	at org.springframework.security.web.ObservationFilterChainDecorator$VirtualFilterChain.doFilter(ObservationFilterChainDecorator.java:128)
	at org.springframework.security.web.access.intercept.AuthorizationFilter.doFilter(AuthorizationFilter.java:101)
	at org.springframework.security.web.ObservationFilterChainDecorator$ObservationFilter.wrapFilter(ObservationFilterChainDecorator.java:240)
	at org.springframework.security.web.ObservationFilterChainDecorator$ObservationFilter.doFilter(ObservationFilterChainDecorator.java:227)
	at org.springframework.security.web.ObservationFilterChainDecorator$VirtualFilterChain.doFilter(ObservationFilterChainDecorator.java:137)
	at org.springframework.security.web.access.ExceptionTranslationFilter.doFilter(ExceptionTranslationFilter.java:126)
	at org.springframework.security.web.access.ExceptionTranslationFilter.doFilter(ExceptionTranslationFilter.java:120)
	at org.springframework.security.web.ObservationFilterChainDecorator$ObservationFilter.wrapFilter(ObservationFilterChainDecorator.java:240)
	at org.springframework.security.web.ObservationFilterChainDecorator$ObservationFilter.doFilter(ObservationFilterChainDecorator.java:227)
	at org.springframework.security.web.ObservationFilterChainDecorator$VirtualFilterChain.doFilter(ObservationFilterChainDecorator.java:137)
	at org.springframework.security.web.session.SessionManagementFilter.doFilter(SessionManagementFilter.java:131)
	at org.springframework.security.web.session.SessionManagementFilter.doFilter(SessionManagementFilter.java:85)
	at org.springframework.security.web.ObservationFilterChainDecorator$ObservationFilter.wrapFilter(ObservationFilterChainDecorator.java:240)
	at org.springframework.security.web.ObservationFilterChainDecorator$ObservationFilter.doFilter(ObservationFilterChainDecorator.java:227)
	at org.springframework.security.web.ObservationFilterChainDecorator$VirtualFilterChain.doFilter(ObservationFilterChainDecorator.java:137)
	at org.springframework.security.web.authentication.AnonymousAuthenticationFilter.doFilter(AnonymousAuthenticationFilter.java:100)
	at org.springframework.security.web.ObservationFilterChainDecorator$ObservationFilter.wrapFilter(ObservationFilterChainDecorator.java:240)
	at org.springframework.security.web.ObservationFilterChainDecorator$ObservationFilter.doFilter(ObservationFilterChainDecorator.java:227)
	at org.springframework.security.web.ObservationFilterChainDecorator$VirtualFilterChain.doFilter(ObservationFilterChainDecorator.java:137)
	at org.springframework.security.web.servletapi.SecurityContextHolderAwareRequestFilter.doFilter(SecurityContextHolderAwareRequestFilter.java:179)
	at org.springframework.security.web.ObservationFilterChainDecorator$ObservationFilter.wrapFilter(ObservationFilterChainDecorator.java:240)
	at org.springframework.security.web.ObservationFilterChainDecorator$ObservationFilter.doFilter(ObservationFilterChainDecorator.java:227)
	at org.springframework.security.web.ObservationFilterChainDecorator$VirtualFilterChain.doFilter(ObservationFilterChainDecorator.java:137)
	at org.springframework.security.web.savedrequest.RequestCacheAwareFilter.doFilter(RequestCacheAwareFilter.java:63)
	at org.springframework.security.web.ObservationFilterChainDecorator$ObservationFilter.wrapFilter(ObservationFilterChainDecorator.java:240)
	at org.springframework.security.web.ObservationFilterChainDecorator$ObservationFilter.doFilter(ObservationFilterChainDecorator.java:227)
	at org.springframework.security.web.ObservationFilterChainDecorator$VirtualFilterChain.doFilter(ObservationFilterChainDecorator.java:137)
	at com.company.project.security.jwt.JwtAuthenticationFilter.doFilterInternal(JwtAuthenticationFilter.java:52)
	at org.springframework.web.filter.OncePerRequestFilter.doFilter(OncePerRequestFilter.java:116)
	at org.springframework.security.web.ObservationFilterChainDecorator$ObservationFilter.wrapFilter(ObservationFilterChainDecorator.java:240)
	at org.springframework.security.web.ObservationFilterChainDecorator$ObservationFilter.doFilter(ObservationFilterChainDecorator.java:227)
	at org.springframework.security.web.ObservationFilterChainDecorator$VirtualFilterChain.doFilter(ObservationFilterChainDecorator.java:137)
	at org.springframework.security.web.authentication.logout.LogoutFilter.doFilter(LogoutFilter.java:107)
	at org.springframework.security.web.authentication.logout.LogoutFilter.doFilter(LogoutFilter.java:93)
	at org.springframework.security.web.ObservationFilterChainDecorator$ObservationFilter.wrapFilter(ObservationFilterChainDecorator.java:240)
	at org.springframework.security.web.ObservationFilterChainDecorator$ObservationFilter.doFilter(ObservationFilterChainDecorator.java:227)
	at org.springframework.security.web.ObservationFilterChainDecorator$VirtualFilterChain.doFilter(ObservationFilterChainDecorator.java:137)
	at org.springframework.web.filter.CorsFilter.doFilterInternal(CorsFilter.java:91)
	at org.springframework.web.filter.OncePerRequestFilter.doFilter(OncePerRequestFilter.java:116)
	at org.springframework.security.web.ObservationFilterChainDecorator$ObservationFilter.wrapFilter(ObservationFilterChainDecorator.java:240)
	at org.springframework.security.web.ObservationFilterChainDecorator$ObservationFilter.doFilter(ObservationFilterChainDecorator.java:227)
	at org.springframework.security.web.ObservationFilterChainDecorator$VirtualFilterChain.doFilter(ObservationFilterChainDecorator.java:137)
	at org.springframework.security.web.header.HeaderWriterFilter.doHeadersAfter(HeaderWriterFilter.java:90)
	at org.springframework.security.web.header.HeaderWriterFilter.doFilterInternal(HeaderWriterFilter.java:75)
	at org.springframework.web.filter.OncePerRequestFilter.doFilter(OncePerRequestFilter.java:116)
	at org.springframework.security.web.ObservationFilterChainDecorator$ObservationFilter.wrapFilter(ObservationFilterChainDecorator.java:240)
	at org.springframework.security.web.ObservationFilterChainDecorator$ObservationFilter.doFilter(ObservationFilterChainDecorator.java:227)
	at org.springframework.security.web.ObservationFilterChainDecorator$VirtualFilterChain.doFilter(ObservationFilterChainDecorator.java:137)
	at org.springframework.security.web.context.SecurityContextHolderFilter.doFilter(SecurityContextHolderFilter.java:82)
	at org.springframework.security.web.context.SecurityContextHolderFilter.doFilter(SecurityContextHolderFilter.java:69)
	at org.springframework.security.web.ObservationFilterChainDecorator$ObservationFilter.wrapFilter(ObservationFilterChainDecorator.java:240)
	at org.springframework.security.web.ObservationFilterChainDecorator$ObservationFilter.doFilter(ObservationFilterChainDecorator.java:227)
	at org.springframework.security.web.ObservationFilterChainDecorator$VirtualFilterChain.doFilter(ObservationFilterChainDecorator.java:137)
	at org.springframework.security.web.context.request.async.WebAsyncManagerIntegrationFilter.doFilterInternal(WebAsyncManagerIntegrationFilter.java:62)
	at org.springframework.web.filter.OncePerRequestFilter.doFilter(OncePerRequestFilter.java:116)
	at org.springframework.security.web.ObservationFilterChainDecorator$ObservationFilter.wrapFilter(ObservationFilterChainDecorator.java:240)
	at org.springframework.security.web.ObservationFilterChainDecorator$ObservationFilter.doFilter(ObservationFilterChainDecorator.java:227)
	at org.springframework.security.web.ObservationFilterChainDecorator$VirtualFilterChain.doFilter(ObservationFilterChainDecorator.java:137)
	at org.springframework.security.web.session.DisableEncodeUrlFilter.doFilterInternal(DisableEncodeUrlFilter.java:42)
	at org.springframework.web.filter.OncePerRequestFilter.doFilter(OncePerRequestFilter.java:116)
	at org.springframework.security.web.ObservationFilterChainDecorator$ObservationFilter.wrapFilter(ObservationFilterChainDecorator.java:240)
	at org.springframework.security.web.ObservationFilterChainDecorator$AroundFilterObservation$SimpleAroundFilterObservation.lambda$wrap$0(ObservationFilterChainDecorator.java:323)
	at org.springframework.security.web.ObservationFilterChainDecorator$ObservationFilter.doFilter(ObservationFilterChainDecorator.java:224)
	at org.springframework.security.web.ObservationFilterChainDecorator$VirtualFilterChain.doFilter(ObservationFilterChainDecorator.java:137)
	at org.springframework.security.web.FilterChainProxy.doFilterInternal(FilterChainProxy.java:233)
	at org.springframework.security.web.FilterChainProxy.doFilter(FilterChainProxy.java:191)
	at org.springframework.web.filter.CompositeFilter$VirtualFilterChain.doFilter(CompositeFilter.java:113)
	at org.springframework.web.servlet.handler.HandlerMappingIntrospector.lambda$createCacheFilter$3(HandlerMappingIntrospector.java:243)
	at org.springframework.web.filter.CompositeFilter$VirtualFilterChain.doFilter(CompositeFilter.java:113)
	at org.springframework.web.filter.CompositeFilter.doFilter(CompositeFilter.java:74)
	at org.springframework.security.config.annotation.web.configuration.WebMvcSecurityConfiguration$CompositeFilterChainProxy.doFilter(WebMvcSecurityConfiguration.java:238)
	at org.springframework.web.filter.DelegatingFilterProxy.invokeDelegate(DelegatingFilterProxy.java:362)
	at org.springframework.web.filter.DelegatingFilterProxy.doFilter(DelegatingFilterProxy.java:278)
	at org.apache.catalina.core.ApplicationFilterChain.internalDoFilter(ApplicationFilterChain.java:164)
	at org.apache.catalina.core.ApplicationFilterChain.doFilter(ApplicationFilterChain.java:140)
	at org.springframework.web.filter.RequestContextFilter.doFilterInternal(RequestContextFilter.java:100)
	at org.springframework.web.filter.OncePerRequestFilter.doFilter(OncePerRequestFilter.java:116)
	at org.apache.catalina.core.ApplicationFilterChain.internalDoFilter(ApplicationFilterChain.java:164)
	at org.apache.catalina.core.ApplicationFilterChain.doFilter(ApplicationFilterChain.java:140)
	at org.springframework.web.filter.FormContentFilter.doFilterInternal(FormContentFilter.java:93)
	at org.springframework.web.filter.OncePerRequestFilter.doFilter(OncePerRequestFilter.java:116)
	at org.apache.catalina.core.ApplicationFilterChain.internalDoFilter(ApplicationFilterChain.java:164)
	at org.apache.catalina.core.ApplicationFilterChain.doFilter(ApplicationFilterChain.java:140)
	at org.springframework.web.filter.ServerHttpObservationFilter.doFilterInternal(ServerHttpObservationFilter.java:114)
	at org.springframework.web.filter.OncePerRequestFilter.doFilter(OncePerRequestFilter.java:116)
	at org.apache.catalina.core.ApplicationFilterChain.internalDoFilter(ApplicationFilterChain.java:164)
	at org.apache.catalina.core.ApplicationFilterChain.doFilter(ApplicationFilterChain.java:140)
	at org.springframework.web.filter.CharacterEncodingFilter.doFilterInternal(CharacterEncodingFilter.java:201)
	at org.springframework.web.filter.OncePerRequestFilter.doFilter(OncePerRequestFilter.java:116)
	at org.apache.catalina.core.ApplicationFilterChain.internalDoFilter(ApplicationFilterChain.java:164)
	at org.apache.catalina.core.ApplicationFilterChain.doFilter(ApplicationFilterChain.java:140)
	at org.apache.catalina.core.StandardWrapperValve.invoke(StandardWrapperValve.java:167)
	at org.apache.catalina.core.StandardContextValve.invoke(StandardContextValve.java:90)
	at org.apache.catalina.authenticator.AuthenticatorBase.invoke(AuthenticatorBase.java:483)
	at org.apache.catalina.core.StandardHostValve.invoke(StandardHostValve.java:115)
	at org.apache.catalina.valves.ErrorReportValve.invoke(ErrorReportValve.java:93)
	at org.apache.catalina.core.StandardEngineValve.invoke(StandardEngineValve.java:74)
	at org.apache.catalina.connector.CoyoteAdapter.service(CoyoteAdapter.java:344)
	at org.apache.coyote.http11.Http11Processor.service(Http11Processor.java:397)
	at org.apache.coyote.AbstractProcessorLight.process(AbstractProcessorLight.java:63)
	at org.apache.coyote.AbstractProtocol$ConnectionHandler.process(AbstractProtocol.java:905)
	at org.apache.tomcat.util.net.NioEndpoint$SocketProcessor.doRun(NioEndpoint.java:1741)
	at org.apache.tomcat.util.net.SocketProcessorBase.run(SocketProcessorBase.java:52)
	at org.apache.tomcat.util.threads.ThreadPoolExecutor.runWorker(ThreadPoolExecutor.java:1190)
	at org.apache.tomcat.util.threads.ThreadPoolExecutor$Worker.run(ThreadPoolExecutor.java:659)
	at org.apache.tomcat.util.threads.TaskThread$WrappingRunnable.run(TaskThread.java:63)
	at java.base/java.lang.Thread.run(Thread.java:1583)
2026-03-16 17:02:40 [http-nio-8080-exec-16] DEBUG o.s.w.s.m.m.a.HttpEntityMethodProcessor - Using 'application/json', given [application/json, text/plain, */*] and supported [application/json, application/*+json, application/yaml]
2026-03-16 17:02:40 [http-nio-8080-exec-16] TRACE o.s.w.s.m.m.a.HttpEntityMethodProcessor - Writing [ApiResponse[success=false, status=500, code=C004, message=예기치 않은 서버 오류가 발생했습니다., data=null, timestamp=2026-03-16T17:02:40.204411900]]
2026-03-16 17:02:40 [http-nio-8080-exec-16] DEBUG o.s.w.s.m.m.a.ExceptionHandlerExceptionResolver - Resolved [org.springframework.web.servlet.resource.NoResourceFoundException: No static resource api/v1/admin/system/statistics/bbs.]
2026-03-16 17:02:40 [http-nio-8080-exec-16] DEBUG o.s.web.servlet.DispatcherServlet - Completed 500 INTERNAL_SERVER_ERROR
2026-03-16 17:02:40 [http-nio-8080-exec-9] DEBUG o.s.orm.jpa.JpaTransactionManager - Closing JPA EntityManager [SessionImpl(1033762523<open>)] after transaction
2026-03-16 17:02:40 [http-nio-8080-exec-9] INFO  c.c.p.a.c.menu.MenuController - getLeftMenu returned 2 items
2026-03-16 17:02:40 [http-nio-8080-exec-9] DEBUG o.s.w.s.m.m.a.HttpEntityMethodProcessor - Using 'application/json', given [application/json, text/plain, */*] and supported [application/json, application/*+json, application/yaml]
2026-03-16 17:02:40 [http-nio-8080-exec-9] TRACE o.s.w.s.m.m.a.HttpEntityMethodProcessor - Writing [ApiResponse[success=true, status=200, code=COMMON_001, message=Success, data={list=[com.company.project.service.menu.dto.MenuDto@4d98e20a, com.company.project.service.menu.dto.MenuDto@7a73bd1b]}, timestamp=2026-03-16T17:02:40.327649900]]
2026-03-16 17:02:40 [http-nio-8080-exec-9] INFO  c.c.p.a.i.OperationalAuditInterceptor - API Audit Log: URL=/api/v1/menu/left, User=webmaster, IP=127.0.0.1
2026-03-16 17:02:40 [http-nio-8080-exec-9] DEBUG o.s.web.servlet.DispatcherServlet - Completed 200 OK
2026-03-16 17:02:40 [http-nio-8080-exec-11] DEBUG c.c.p.s.jwt.JwtAuthenticationFilter - >>> [JwtFilter] Processing request: GET /api/v1/menu/left
2026-03-16 17:02:40 [http-nio-8080-exec-11] DEBUG c.c.p.s.jwt.JwtAuthenticationFilter - >>> [JwtFilter] Found token in header for path: /api/v1/menu/left
2026-03-16 17:02:40 [http-nio-8080-exec-11] DEBUG o.s.orm.jpa.JpaTransactionManager - Creating new transaction with name [com.company.project.security.iam.CustomUserDetailsService.loadUserByUsername]: PROPAGATION_REQUIRED,ISOLATION_DEFAULT,readOnly
2026-03-16 17:02:40 [http-nio-8080-exec-11] DEBUG o.s.orm.jpa.JpaTransactionManager - Opened new EntityManager [SessionImpl(703976903<open>)] for JPA transaction
2026-03-16 17:02:40 [http-nio-8080-exec-11] DEBUG o.s.orm.jpa.JpaTransactionManager - Exposing JPA transaction as JDBC [org.springframework.orm.jpa.vendor.HibernateJpaDialect$HibernateConnectionHandle@641a6cd0]
2026-03-16 17:02:40 [http-nio-8080-exec-11] DEBUG o.s.orm.jpa.JpaTransactionManager - Found thread-bound EntityManager [SessionImpl(703976903<open>)] for JPA transaction
2026-03-16 17:02:40 [http-nio-8080-exec-11] DEBUG o.s.orm.jpa.JpaTransactionManager - Participating in existing transaction
2026-03-16 17:02:40 [http-nio-8080-exec-11] DEBUG org.hibernate.SQL - select u1_0.emplyr_id,u1_0.area_no,u1_0.brthdy,u1_0.chg_pwd_cnt,u1_0.frst_register_id,u1_0.frst_regist_pnttm,u1_0.detail_adres,u1_0.email_adres,u1_0.emplyr_sttus_code,u1_0.empl_no,u1_0.esntl_id,u1_0.fxnum,u1_0.group_id,u1_0.house_adres,u1_0.house_end_telno,u1_0.house_middle_telno,u1_0.ihidnum,u1_0.pstinst_code,u1_0.last_updusr_id,u1_0.last_updt_pnttm,u1_0.lock_at,u1_0.lock_cnt,u1_0.lock_last_pnttm,u1_0.mbtlnum,u1_0.ofcps_nm,u1_0.offm_telno,u1_0.orgnzt_id,u1_0.password,u1_0.password_cnsr,u1_0.password_hint,u1_0.chg_pwd_last_pnttm,u1_0.role,u1_0.sbscrb_de,u1_0.sexdstn_code,u1_0.crtfc_dn_value,u1_0.user_nm,u1_0.zip from nemplyrinfo u1_0 where u1_0.emplyr_id=?
2026-03-16 17:02:40 [http-nio-8080-exec-11] DEBUG o.s.orm.jpa.JpaTransactionManager - Found thread-bound EntityManager [SessionImpl(703976903<open>)] for JPA transaction
2026-03-16 17:02:40 [http-nio-8080-exec-11] DEBUG o.s.orm.jpa.JpaTransactionManager - Participating in existing transaction
2026-03-16 17:02:40 [http-nio-8080-exec-11] DEBUG org.hibernate.SQL - select ua1_0.scrty_dtrmn_trget_id,ua1_0.author_code,ua1_0.frst_register_id,ua1_0.frst_regist_pnttm,ua1_0.last_updusr_id,ua1_0.last_updt_pnttm,ua1_0.mber_ty_code from nemplyrscrtyestbs ua1_0 where ua1_0.scrty_dtrmn_trget_id=?
2026-03-16 17:02:40 [http-nio-8080-exec-11] DEBUG o.s.orm.jpa.JpaTransactionManager - Initiating transaction commit
2026-03-16 17:02:40 [http-nio-8080-exec-11] DEBUG o.s.orm.jpa.JpaTransactionManager - Committing JPA transaction on EntityManager [SessionImpl(703976903<open>)]
2026-03-16 17:02:40 [http-nio-8080-exec-11] DEBUG o.s.orm.jpa.JpaTransactionManager - Closing JPA EntityManager [SessionImpl(703976903<open>)] after transaction
2026-03-16 17:02:40 [http-nio-8080-exec-11] DEBUG c.c.p.s.jwt.JwtAuthenticationFilter - >>> [JwtFilter] Successfully authenticated user: USRCNFRM_99999999999, Authorities: [ROLE_ADMIN]
2026-03-16 17:02:40 [http-nio-8080-exec-11] DEBUG o.s.web.servlet.DispatcherServlet - GET "/api/v1/menu/left?menuNo=50", parameters={masked}
2026-03-16 17:02:40 [http-nio-8080-exec-11] TRACE o.s.w.s.m.m.a.RequestMappingHandlerMapping - Mapped to com.company.project.api.controller.menu.MenuController#getLeftMenu(Long)
2026-03-16 17:02:40 [http-nio-8080-exec-11] INFO  c.c.p.a.c.menu.MenuController - getLeftMenu called with menuNo=50
2026-03-16 17:02:40 [http-nio-8080-exec-11] DEBUG o.s.orm.jpa.JpaTransactionManager - Creating new transaction with name [com.company.project.service.menu.MenuService.getSubMenus]: PROPAGATION_REQUIRED,ISOLATION_DEFAULT,readOnly
2026-03-16 17:02:40 [http-nio-8080-exec-11] DEBUG o.s.orm.jpa.JpaTransactionManager - Opened new EntityManager [SessionImpl(2125028383<open>)] for JPA transaction
2026-03-16 17:02:40 [http-nio-8080-exec-11] DEBUG o.s.orm.jpa.JpaTransactionManager - Exposing JPA transaction as JDBC [org.springframework.orm.jpa.vendor.HibernateJpaDialect$HibernateConnectionHandle@31da205d]
2026-03-16 17:02:40 [http-nio-8080-exec-11] DEBUG org.hibernate.SQL - select m1_0.menu_no,m1_0.menu_dc,m1_0.menu_nm,m1_0.menu_ordr,m1_0.modern_route,m1_0.progrm_file_nm,m1_0.relate_image_nm,m1_0.relate_image_path,m1_0.route_updated_at,m1_0.upper_menu_no from nmenuinfo m1_0 order by m1_0.upper_menu_no,m1_0.menu_ordr
2026-03-16 17:02:41 [http-nio-8080-exec-11] DEBUG o.s.orm.jpa.JpaTransactionManager - Found thread-bound EntityManager [SessionImpl(2125028383<open>)] for JPA transaction
2026-03-16 17:02:41 [http-nio-8080-exec-11] DEBUG o.s.orm.jpa.JpaTransactionManager - Participating in existing transaction
2026-03-16 17:02:41 [http-nio-8080-exec-11] DEBUG org.hibernate.SQL - select p1_0.progrm_file_nm,p1_0.progrm_dc,p1_0.progrm_korean_nm,p1_0.progrm_stre_path,p1_0.url from nprogrmlist p1_0
2026-03-16 17:02:41 [http-nio-8080-exec-11] DEBUG o.s.orm.jpa.JpaTransactionManager - Initiating transaction commit
2026-03-16 17:02:41 [http-nio-8080-exec-11] DEBUG o.s.orm.jpa.JpaTransactionManager - Committing JPA transaction on EntityManager [SessionImpl(2125028383<open>)]
2026-03-16 17:02:41 [http-nio-8080-exec-11] DEBUG o.s.orm.jpa.JpaTransactionManager - Closing JPA EntityManager [SessionImpl(2125028383<open>)] after transaction
2026-03-16 17:02:41 [http-nio-8080-exec-11] INFO  c.c.p.a.c.menu.MenuController - getLeftMenu returned 3 items
2026-03-16 17:02:41 [http-nio-8080-exec-11] DEBUG o.s.w.s.m.m.a.HttpEntityMethodProcessor - Using 'application/json', given [application/json, text/plain, */*] and supported [application/json, application/*+json, application/yaml]
2026-03-16 17:02:41 [http-nio-8080-exec-11] TRACE o.s.w.s.m.m.a.HttpEntityMethodProcessor - Writing [ApiResponse[success=true, status=200, code=COMMON_001, message=Success, data={list=[com.company.project.service.menu.dto.MenuDto@42e40b90, com.company.project.service.menu.dto.MenuDto@9798193, com.company.project.service.menu.dto.MenuDto@6a0af489]}, timestamp=2026-03-16T17:02:41.399869800]]
2026-03-16 17:02:41 [http-nio-8080-exec-11] INFO  c.c.p.a.i.OperationalAuditInterceptor - API Audit Log: URL=/api/v1/menu/left, User=webmaster, IP=127.0.0.1
2026-03-16 17:02:41 [http-nio-8080-exec-11] DEBUG o.s.web.servlet.DispatcherServlet - Completed 200 OK
2026-03-16 17:02:41 [http-nio-8080-exec-6] DEBUG c.c.p.s.jwt.JwtAuthenticationFilter - >>> [JwtFilter] Processing request: GET /api/v1/menu/left
2026-03-16 17:02:41 [http-nio-8080-exec-6] DEBUG c.c.p.s.jwt.JwtAuthenticationFilter - >>> [JwtFilter] Found token in header for path: /api/v1/menu/left
2026-03-16 17:02:41 [http-nio-8080-exec-6] DEBUG o.s.orm.jpa.JpaTransactionManager - Creating new transaction with name [com.company.project.security.iam.CustomUserDetailsService.loadUserByUsername]: PROPAGATION_REQUIRED,ISOLATION_DEFAULT,readOnly
2026-03-16 17:02:41 [http-nio-8080-exec-6] DEBUG o.s.orm.jpa.JpaTransactionManager - Opened new EntityManager [SessionImpl(1816511469<open>)] for JPA transaction
2026-03-16 17:02:41 [MessageBroker-11] DEBUG o.s.w.s.s.t.h.DefaultSockJsService - Closed 1 sessions: [2l2i2njk]
2026-03-16 17:02:41 [http-nio-8080-exec-6] DEBUG o.s.orm.jpa.JpaTransactionManager - Exposing JPA transaction as JDBC [org.springframework.orm.jpa.vendor.HibernateJpaDialect$HibernateConnectionHandle@504ca712]
2026-03-16 17:02:41 [http-nio-8080-exec-6] DEBUG o.s.orm.jpa.JpaTransactionManager - Found thread-bound EntityManager [SessionImpl(1816511469<open>)] for JPA transaction
2026-03-16 17:02:41 [http-nio-8080-exec-6] DEBUG o.s.orm.jpa.JpaTransactionManager - Participating in existing transaction
2026-03-16 17:02:41 [http-nio-8080-exec-6] DEBUG org.hibernate.SQL - select u1_0.emplyr_id,u1_0.area_no,u1_0.brthdy,u1_0.chg_pwd_cnt,u1_0.frst_register_id,u1_0.frst_regist_pnttm,u1_0.detail_adres,u1_0.email_adres,u1_0.emplyr_sttus_code,u1_0.empl_no,u1_0.esntl_id,u1_0.fxnum,u1_0.group_id,u1_0.house_adres,u1_0.house_end_telno,u1_0.house_middle_telno,u1_0.ihidnum,u1_0.pstinst_code,u1_0.last_updusr_id,u1_0.last_updt_pnttm,u1_0.lock_at,u1_0.lock_cnt,u1_0.lock_last_pnttm,u1_0.mbtlnum,u1_0.ofcps_nm,u1_0.offm_telno,u1_0.orgnzt_id,u1_0.password,u1_0.password_cnsr,u1_0.password_hint,u1_0.chg_pwd_last_pnttm,u1_0.role,u1_0.sbscrb_de,u1_0.sexdstn_code,u1_0.crtfc_dn_value,u1_0.user_nm,u1_0.zip from nemplyrinfo u1_0 where u1_0.emplyr_id=?
2026-03-16 17:02:41 [http-nio-8080-exec-6] DEBUG o.s.orm.jpa.JpaTransactionManager - Found thread-bound EntityManager [SessionImpl(1816511469<open>)] for JPA transaction
2026-03-16 17:02:41 [http-nio-8080-exec-6] DEBUG o.s.orm.jpa.JpaTransactionManager - Participating in existing transaction
2026-03-16 17:02:41 [http-nio-8080-exec-6] DEBUG org.hibernate.SQL - select ua1_0.scrty_dtrmn_trget_id,ua1_0.author_code,ua1_0.frst_register_id,ua1_0.frst_regist_pnttm,ua1_0.last_updusr_id,ua1_0.last_updt_pnttm,ua1_0.mber_ty_code from nemplyrscrtyestbs ua1_0 where ua1_0.scrty_dtrmn_trget_id=?
2026-03-16 17:02:41 [http-nio-8080-exec-6] DEBUG o.s.orm.jpa.JpaTransactionManager - Initiating transaction commit
2026-03-16 17:02:41 [http-nio-8080-exec-6] DEBUG o.s.orm.jpa.JpaTransactionManager - Committing JPA transaction on EntityManager [SessionImpl(1816511469<open>)]
2026-03-16 17:02:42 [http-nio-8080-exec-6] DEBUG o.s.orm.jpa.JpaTransactionManager - Closing JPA EntityManager [SessionImpl(1816511469<open>)] after transaction
2026-03-16 17:02:42 [http-nio-8080-exec-6] DEBUG c.c.p.s.jwt.JwtAuthenticationFilter - >>> [JwtFilter] Successfully authenticated user: USRCNFRM_99999999999, Authorities: [ROLE_ADMIN]
2026-03-16 17:02:42 [http-nio-8080-exec-6] DEBUG o.s.web.servlet.DispatcherServlet - GET "/api/v1/menu/left?menuNo=60", parameters={masked}
2026-03-16 17:02:42 [http-nio-8080-exec-6] TRACE o.s.w.s.m.m.a.RequestMappingHandlerMapping - Mapped to com.company.project.api.controller.menu.MenuController#getLeftMenu(Long)
2026-03-16 17:02:42 [http-nio-8080-exec-6] INFO  c.c.p.a.c.menu.MenuController - getLeftMenu called with menuNo=60
2026-03-16 17:02:42 [http-nio-8080-exec-6] DEBUG o.s.orm.jpa.JpaTransactionManager - Creating new transaction with name [com.company.project.service.menu.MenuService.getSubMenus]: PROPAGATION_REQUIRED,ISOLATION_DEFAULT,readOnly
2026-03-16 17:02:42 [http-nio-8080-exec-6] DEBUG o.s.orm.jpa.JpaTransactionManager - Opened new EntityManager [SessionImpl(454775930<open>)] for JPA transaction
2026-03-16 17:02:42 [http-nio-8080-exec-6] DEBUG o.s.orm.jpa.JpaTransactionManager - Exposing JPA transaction as JDBC [org.springframework.orm.jpa.vendor.HibernateJpaDialect$HibernateConnectionHandle@2a289203]
2026-03-16 17:02:42 [http-nio-8080-exec-6] DEBUG org.hibernate.SQL - select m1_0.menu_no,m1_0.menu_dc,m1_0.menu_nm,m1_0.menu_ordr,m1_0.modern_route,m1_0.progrm_file_nm,m1_0.relate_image_nm,m1_0.relate_image_path,m1_0.route_updated_at,m1_0.upper_menu_no from nmenuinfo m1_0 order by m1_0.upper_menu_no,m1_0.menu_ordr
2026-03-16 17:02:42 [http-nio-8080-exec-6] DEBUG o.s.orm.jpa.JpaTransactionManager - Found thread-bound EntityManager [SessionImpl(454775930<open>)] for JPA transaction
2026-03-16 17:02:42 [http-nio-8080-exec-6] DEBUG o.s.orm.jpa.JpaTransactionManager - Participating in existing transaction
2026-03-16 17:02:42 [http-nio-8080-exec-6] DEBUG org.hibernate.SQL - select p1_0.progrm_file_nm,p1_0.progrm_dc,p1_0.progrm_korean_nm,p1_0.progrm_stre_path,p1_0.url from nprogrmlist p1_0
2026-03-16 17:02:42 [http-nio-8080-exec-6] DEBUG o.s.orm.jpa.JpaTransactionManager - Initiating transaction commit
2026-03-16 17:02:42 [http-nio-8080-exec-6] DEBUG o.s.orm.jpa.JpaTransactionManager - Committing JPA transaction on EntityManager [SessionImpl(454775930<open>)]
2026-03-16 17:02:42 [http-nio-8080-exec-6] DEBUG o.s.orm.jpa.JpaTransactionManager - Closing JPA EntityManager [SessionImpl(454775930<open>)] after transaction
2026-03-16 17:02:42 [http-nio-8080-exec-6] INFO  c.c.p.a.c.menu.MenuController - getLeftMenu returned 1 items
2026-03-16 17:02:42 [http-nio-8080-exec-6] DEBUG o.s.w.s.m.m.a.HttpEntityMethodProcessor - Using 'application/json', given [application/json, text/plain, */*] and supported [application/json, application/*+json, application/yaml]
2026-03-16 17:02:42 [http-nio-8080-exec-6] TRACE o.s.w.s.m.m.a.HttpEntityMethodProcessor - Writing [ApiResponse[success=true, status=200, code=COMMON_001, message=Success, data={list=[com.company.project.service.menu.dto.MenuDto@33557715]}, timestamp=2026-03-16T17:02:42.624923]]
2026-03-16 17:02:42 [http-nio-8080-exec-6] INFO  c.c.p.a.i.OperationalAuditInterceptor - API Audit Log: URL=/api/v1/menu/left, User=webmaster, IP=127.0.0.1
2026-03-16 17:02:42 [http-nio-8080-exec-6] DEBUG o.s.web.servlet.DispatcherServlet - Completed 200 OK
2026-03-16 17:02:43 [http-nio-8080-exec-15] DEBUG c.c.p.s.jwt.JwtAuthenticationFilter - >>> [JwtFilter] Processing request: GET /api/v1/menu/head
2026-03-16 17:02:43 [http-nio-8080-exec-15] DEBUG c.c.p.s.jwt.JwtAuthenticationFilter - >>> [JwtFilter] Found token in header for path: /api/v1/menu/head
2026-03-16 17:02:43 [http-nio-8080-exec-15] DEBUG o.s.orm.jpa.JpaTransactionManager - Creating new transaction with name [com.company.project.security.iam.CustomUserDetailsService.loadUserByUsername]: PROPAGATION_REQUIRED,ISOLATION_DEFAULT,readOnly
2026-03-16 17:02:43 [http-nio-8080-exec-15] DEBUG o.s.orm.jpa.JpaTransactionManager - Opened new EntityManager [SessionImpl(46158419<open>)] for JPA transaction
2026-03-16 17:02:43 [http-nio-8080-exec-15] DEBUG o.s.orm.jpa.JpaTransactionManager - Exposing JPA transaction as JDBC [org.springframework.orm.jpa.vendor.HibernateJpaDialect$HibernateConnectionHandle@7a150fb7]
2026-03-16 17:02:43 [http-nio-8080-exec-15] DEBUG o.s.orm.jpa.JpaTransactionManager - Found thread-bound EntityManager [SessionImpl(46158419<open>)] for JPA transaction
2026-03-16 17:02:43 [http-nio-8080-exec-15] DEBUG o.s.orm.jpa.JpaTransactionManager - Participating in existing transaction
2026-03-16 17:02:43 [http-nio-8080-exec-15] DEBUG org.hibernate.SQL - select u1_0.emplyr_id,u1_0.area_no,u1_0.brthdy,u1_0.chg_pwd_cnt,u1_0.frst_register_id,u1_0.frst_regist_pnttm,u1_0.detail_adres,u1_0.email_adres,u1_0.emplyr_sttus_code,u1_0.empl_no,u1_0.esntl_id,u1_0.fxnum,u1_0.group_id,u1_0.house_adres,u1_0.house_end_telno,u1_0.house_middle_telno,u1_0.ihidnum,u1_0.pstinst_code,u1_0.last_updusr_id,u1_0.last_updt_pnttm,u1_0.lock_at,u1_0.lock_cnt,u1_0.lock_last_pnttm,u1_0.mbtlnum,u1_0.ofcps_nm,u1_0.offm_telno,u1_0.orgnzt_id,u1_0.password,u1_0.password_cnsr,u1_0.password_hint,u1_0.chg_pwd_last_pnttm,u1_0.role,u1_0.sbscrb_de,u1_0.sexdstn_code,u1_0.crtfc_dn_value,u1_0.user_nm,u1_0.zip from nemplyrinfo u1_0 where u1_0.emplyr_id=?
2026-03-16 17:02:43 [http-nio-8080-exec-15] DEBUG o.s.orm.jpa.JpaTransactionManager - Found thread-bound EntityManager [SessionImpl(46158419<open>)] for JPA transaction
2026-03-16 17:02:43 [http-nio-8080-exec-15] DEBUG o.s.orm.jpa.JpaTransactionManager - Participating in existing transaction
2026-03-16 17:02:43 [http-nio-8080-exec-15] DEBUG org.hibernate.SQL - select ua1_0.scrty_dtrmn_trget_id,ua1_0.author_code,ua1_0.frst_register_id,ua1_0.frst_regist_pnttm,ua1_0.last_updusr_id,ua1_0.last_updt_pnttm,ua1_0.mber_ty_code from nemplyrscrtyestbs ua1_0 where ua1_0.scrty_dtrmn_trget_id=?
2026-03-16 17:02:43 [http-nio-8080-exec-15] DEBUG o.s.orm.jpa.JpaTransactionManager - Initiating transaction commit
2026-03-16 17:02:43 [http-nio-8080-exec-15] DEBUG o.s.orm.jpa.JpaTransactionManager - Committing JPA transaction on EntityManager [SessionImpl(46158419<open>)]
2026-03-16 17:02:43 [http-nio-8080-exec-15] DEBUG o.s.orm.jpa.JpaTransactionManager - Closing JPA EntityManager [SessionImpl(46158419<open>)] after transaction
2026-03-16 17:02:43 [http-nio-8080-exec-15] DEBUG c.c.p.s.jwt.JwtAuthenticationFilter - >>> [JwtFilter] Successfully authenticated user: USRCNFRM_99999999999, Authorities: [ROLE_ADMIN]
2026-03-16 17:02:43 [http-nio-8080-exec-15] DEBUG o.s.web.servlet.DispatcherServlet - GET "/api/v1/menu/head", parameters={}
2026-03-16 17:02:43 [http-nio-8080-exec-15] TRACE o.s.w.s.m.m.a.RequestMappingHandlerMapping - Mapped to com.company.project.api.controller.menu.MenuController#getHeadMenu()
2026-03-16 17:02:43 [http-nio-8080-exec-15] INFO  c.c.p.a.c.menu.MenuController - getHeadMenu called
2026-03-16 17:02:43 [http-nio-8080-exec-15] INFO  c.c.p.a.c.menu.MenuController - getHeadMenu returned 5 items
2026-03-16 17:02:43 [http-nio-8080-exec-15] DEBUG o.s.w.s.m.m.a.HttpEntityMethodProcessor - Using 'application/json', given [application/json, text/plain, */*] and supported [application/json, application/*+json, application/yaml]
2026-03-16 17:02:43 [http-nio-8080-exec-15] TRACE o.s.w.s.m.m.a.HttpEntityMethodProcessor - Writing [ApiResponse[success=true, status=200, code=COMMON_001, message=Success, data={list=[com.company.project.service.menu.dto.MenuDto@2b80d6b0, com.company.project.service.menu.dto.MenuDto@1418cfa3, com.company.project.service.menu.dto.MenuDto@f230bf1, com.company.project.service.menu.dto.MenuDto@734a7f6a, com.company.project.service.menu.dto.MenuDto@5e5202e5]}, timestamp=2026-03-16T17:02:43.793750]]
2026-03-16 17:02:43 [http-nio-8080-exec-15] INFO  c.c.p.a.i.OperationalAuditInterceptor - API Audit Log: URL=/api/v1/menu/head, User=webmaster, IP=0:0:0:0:0:0:0:1
2026-03-16 17:02:43 [http-nio-8080-exec-15] DEBUG o.s.web.servlet.DispatcherServlet - Completed 200 OK
2026-03-16 17:02:43 [http-nio-8080-exec-4] DEBUG c.c.p.s.jwt.JwtAuthenticationFilter - >>> [JwtFilter] Processing request: GET /api/v1/menu/left
2026-03-16 17:02:43 [http-nio-8080-exec-4] DEBUG c.c.p.s.jwt.JwtAuthenticationFilter - >>> [JwtFilter] Found token in header for path: /api/v1/menu/left
2026-03-16 17:02:43 [http-nio-8080-exec-4] DEBUG o.s.orm.jpa.JpaTransactionManager - Creating new transaction with name [com.company.project.security.iam.CustomUserDetailsService.loadUserByUsername]: PROPAGATION_REQUIRED,ISOLATION_DEFAULT,readOnly
2026-03-16 17:02:43 [http-nio-8080-exec-4] DEBUG o.s.orm.jpa.JpaTransactionManager - Opened new EntityManager [SessionImpl(1568835626<open>)] for JPA transaction
2026-03-16 17:02:43 [http-nio-8080-exec-3] DEBUG c.c.p.s.jwt.JwtAuthenticationFilter - >>> [JwtFilter] Processing request: GET /api/v1/menu/left
2026-03-16 17:02:43 [http-nio-8080-exec-8] DEBUG c.c.p.s.jwt.JwtAuthenticationFilter - >>> [JwtFilter] Processing request: GET /api/v1/menu/left
2026-03-16 17:02:43 [http-nio-8080-exec-12] DEBUG c.c.p.s.jwt.JwtAuthenticationFilter - >>> [JwtFilter] Processing request: GET /api/v1/menu/left
2026-03-16 17:02:43 [http-nio-8080-exec-2] DEBUG c.c.p.s.jwt.JwtAuthenticationFilter - >>> [JwtFilter] Processing request: GET /api/v1/menu/left
2026-03-16 17:02:43 [http-nio-8080-exec-8] DEBUG c.c.p.s.jwt.JwtAuthenticationFilter - >>> [JwtFilter] Found token in header for path: /api/v1/menu/left
2026-03-16 17:02:43 [http-nio-8080-exec-3] DEBUG c.c.p.s.jwt.JwtAuthenticationFilter - >>> [JwtFilter] Found token in header for path: /api/v1/menu/left
2026-03-16 17:02:43 [http-nio-8080-exec-12] DEBUG c.c.p.s.jwt.JwtAuthenticationFilter - >>> [JwtFilter] Found token in header for path: /api/v1/menu/left
2026-03-16 17:02:43 [http-nio-8080-exec-2] DEBUG c.c.p.s.jwt.JwtAuthenticationFilter - >>> [JwtFilter] Found token in header for path: /api/v1/menu/left
2026-03-16 17:02:43 [http-nio-8080-exec-2] DEBUG o.s.orm.jpa.JpaTransactionManager - Creating new transaction with name [com.company.project.security.iam.CustomUserDetailsService.loadUserByUsername]: PROPAGATION_REQUIRED,ISOLATION_DEFAULT,readOnly
2026-03-16 17:02:43 [http-nio-8080-exec-3] DEBUG o.s.orm.jpa.JpaTransactionManager - Creating new transaction with name [com.company.project.security.iam.CustomUserDetailsService.loadUserByUsername]: PROPAGATION_REQUIRED,ISOLATION_DEFAULT,readOnly
2026-03-16 17:02:43 [http-nio-8080-exec-2] DEBUG o.s.orm.jpa.JpaTransactionManager - Opened new EntityManager [SessionImpl(720062577<open>)] for JPA transaction
2026-03-16 17:02:43 [http-nio-8080-exec-8] DEBUG o.s.orm.jpa.JpaTransactionManager - Creating new transaction with name [com.company.project.security.iam.CustomUserDetailsService.loadUserByUsername]: PROPAGATION_REQUIRED,ISOLATION_DEFAULT,readOnly
2026-03-16 17:02:43 [http-nio-8080-exec-12] DEBUG o.s.orm.jpa.JpaTransactionManager - Creating new transaction with name [com.company.project.security.iam.CustomUserDetailsService.loadUserByUsername]: PROPAGATION_REQUIRED,ISOLATION_DEFAULT,readOnly
2026-03-16 17:02:43 [http-nio-8080-exec-2] DEBUG o.s.orm.jpa.JpaTransactionManager - Exposing JPA transaction as JDBC [org.springframework.orm.jpa.vendor.HibernateJpaDialect$HibernateConnectionHandle@205ea254]
2026-03-16 17:02:43 [http-nio-8080-exec-8] DEBUG o.s.orm.jpa.JpaTransactionManager - Opened new EntityManager [SessionImpl(1137779866<open>)] for JPA transaction
2026-03-16 17:02:43 [http-nio-8080-exec-3] DEBUG o.s.orm.jpa.JpaTransactionManager - Opened new EntityManager [SessionImpl(203141288<open>)] for JPA transaction
2026-03-16 17:02:43 [http-nio-8080-exec-12] DEBUG o.s.orm.jpa.JpaTransactionManager - Opened new EntityManager [SessionImpl(439803300<open>)] for JPA transaction
2026-03-16 17:02:43 [http-nio-8080-exec-2] DEBUG o.s.orm.jpa.JpaTransactionManager - Found thread-bound EntityManager [SessionImpl(720062577<open>)] for JPA transaction
2026-03-16 17:02:43 [http-nio-8080-exec-2] DEBUG o.s.orm.jpa.JpaTransactionManager - Participating in existing transaction
2026-03-16 17:02:43 [http-nio-8080-exec-2] DEBUG org.hibernate.SQL - select u1_0.emplyr_id,u1_0.area_no,u1_0.brthdy,u1_0.chg_pwd_cnt,u1_0.frst_register_id,u1_0.frst_regist_pnttm,u1_0.detail_adres,u1_0.email_adres,u1_0.emplyr_sttus_code,u1_0.empl_no,u1_0.esntl_id,u1_0.fxnum,u1_0.group_id,u1_0.house_adres,u1_0.house_end_telno,u1_0.house_middle_telno,u1_0.ihidnum,u1_0.pstinst_code,u1_0.last_updusr_id,u1_0.last_updt_pnttm,u1_0.lock_at,u1_0.lock_cnt,u1_0.lock_last_pnttm,u1_0.mbtlnum,u1_0.ofcps_nm,u1_0.offm_telno,u1_0.orgnzt_id,u1_0.password,u1_0.password_cnsr,u1_0.password_hint,u1_0.chg_pwd_last_pnttm,u1_0.role,u1_0.sbscrb_de,u1_0.sexdstn_code,u1_0.crtfc_dn_value,u1_0.user_nm,u1_0.zip from nemplyrinfo u1_0 where u1_0.emplyr_id=?
2026-03-16 17:02:43 [http-nio-8080-exec-3] DEBUG o.s.orm.jpa.JpaTransactionManager - Exposing JPA transaction as JDBC [org.springframework.orm.jpa.vendor.HibernateJpaDialect$HibernateConnectionHandle@1ac97a7c]
2026-03-16 17:02:43 [http-nio-8080-exec-12] DEBUG o.s.orm.jpa.JpaTransactionManager - Exposing JPA transaction as JDBC [org.springframework.orm.jpa.vendor.HibernateJpaDialect$HibernateConnectionHandle@2e934251]
2026-03-16 17:02:43 [http-nio-8080-exec-3] DEBUG o.s.orm.jpa.JpaTransactionManager - Found thread-bound EntityManager [SessionImpl(203141288<open>)] for JPA transaction
2026-03-16 17:02:43 [http-nio-8080-exec-3] DEBUG o.s.orm.jpa.JpaTransactionManager - Participating in existing transaction
2026-03-16 17:02:43 [http-nio-8080-exec-12] DEBUG o.s.orm.jpa.JpaTransactionManager - Found thread-bound EntityManager [SessionImpl(439803300<open>)] for JPA transaction
2026-03-16 17:02:43 [http-nio-8080-exec-12] DEBUG o.s.orm.jpa.JpaTransactionManager - Participating in existing transaction
2026-03-16 17:02:43 [http-nio-8080-exec-3] DEBUG org.hibernate.SQL - select u1_0.emplyr_id,u1_0.area_no,u1_0.brthdy,u1_0.chg_pwd_cnt,u1_0.frst_register_id,u1_0.frst_regist_pnttm,u1_0.detail_adres,u1_0.email_adres,u1_0.emplyr_sttus_code,u1_0.empl_no,u1_0.esntl_id,u1_0.fxnum,u1_0.group_id,u1_0.house_adres,u1_0.house_end_telno,u1_0.house_middle_telno,u1_0.ihidnum,u1_0.pstinst_code,u1_0.last_updusr_id,u1_0.last_updt_pnttm,u1_0.lock_at,u1_0.lock_cnt,u1_0.lock_last_pnttm,u1_0.mbtlnum,u1_0.ofcps_nm,u1_0.offm_telno,u1_0.orgnzt_id,u1_0.password,u1_0.password_cnsr,u1_0.password_hint,u1_0.chg_pwd_last_pnttm,u1_0.role,u1_0.sbscrb_de,u1_0.sexdstn_code,u1_0.crtfc_dn_value,u1_0.user_nm,u1_0.zip from nemplyrinfo u1_0 where u1_0.emplyr_id=?
2026-03-16 17:02:43 [http-nio-8080-exec-12] DEBUG org.hibernate.SQL - select u1_0.emplyr_id,u1_0.area_no,u1_0.brthdy,u1_0.chg_pwd_cnt,u1_0.frst_register_id,u1_0.frst_regist_pnttm,u1_0.detail_adres,u1_0.email_adres,u1_0.emplyr_sttus_code,u1_0.empl_no,u1_0.esntl_id,u1_0.fxnum,u1_0.group_id,u1_0.house_adres,u1_0.house_end_telno,u1_0.house_middle_telno,u1_0.ihidnum,u1_0.pstinst_code,u1_0.last_updusr_id,u1_0.last_updt_pnttm,u1_0.lock_at,u1_0.lock_cnt,u1_0.lock_last_pnttm,u1_0.mbtlnum,u1_0.ofcps_nm,u1_0.offm_telno,u1_0.orgnzt_id,u1_0.password,u1_0.password_cnsr,u1_0.password_hint,u1_0.chg_pwd_last_pnttm,u1_0.role,u1_0.sbscrb_de,u1_0.sexdstn_code,u1_0.crtfc_dn_value,u1_0.user_nm,u1_0.zip from nemplyrinfo u1_0 where u1_0.emplyr_id=?
2026-03-16 17:02:43 [http-nio-8080-exec-8] DEBUG o.s.orm.jpa.JpaTransactionManager - Exposing JPA transaction as JDBC [org.springframework.orm.jpa.vendor.HibernateJpaDialect$HibernateConnectionHandle@12823fbd]
2026-03-16 17:02:43 [http-nio-8080-exec-8] DEBUG o.s.orm.jpa.JpaTransactionManager - Found thread-bound EntityManager [SessionImpl(1137779866<open>)] for JPA transaction
2026-03-16 17:02:43 [http-nio-8080-exec-8] DEBUG o.s.orm.jpa.JpaTransactionManager - Participating in existing transaction
2026-03-16 17:02:43 [http-nio-8080-exec-2] DEBUG o.s.orm.jpa.JpaTransactionManager - Found thread-bound EntityManager [SessionImpl(720062577<open>)] for JPA transaction
2026-03-16 17:02:43 [http-nio-8080-exec-2] DEBUG o.s.orm.jpa.JpaTransactionManager - Participating in existing transaction
2026-03-16 17:02:43 [http-nio-8080-exec-8] DEBUG org.hibernate.SQL - select u1_0.emplyr_id,u1_0.area_no,u1_0.brthdy,u1_0.chg_pwd_cnt,u1_0.frst_register_id,u1_0.frst_regist_pnttm,u1_0.detail_adres,u1_0.email_adres,u1_0.emplyr_sttus_code,u1_0.empl_no,u1_0.esntl_id,u1_0.fxnum,u1_0.group_id,u1_0.house_adres,u1_0.house_end_telno,u1_0.house_middle_telno,u1_0.ihidnum,u1_0.pstinst_code,u1_0.last_updusr_id,u1_0.last_updt_pnttm,u1_0.lock_at,u1_0.lock_cnt,u1_0.lock_last_pnttm,u1_0.mbtlnum,u1_0.ofcps_nm,u1_0.offm_telno,u1_0.orgnzt_id,u1_0.password,u1_0.password_cnsr,u1_0.password_hint,u1_0.chg_pwd_last_pnttm,u1_0.role,u1_0.sbscrb_de,u1_0.sexdstn_code,u1_0.crtfc_dn_value,u1_0.user_nm,u1_0.zip from nemplyrinfo u1_0 where u1_0.emplyr_id=?
2026-03-16 17:02:43 [http-nio-8080-exec-2] DEBUG org.hibernate.SQL - select ua1_0.scrty_dtrmn_trget_id,ua1_0.author_code,ua1_0.frst_register_id,ua1_0.frst_regist_pnttm,ua1_0.last_updusr_id,ua1_0.last_updt_pnttm,ua1_0.mber_ty_code from nemplyrscrtyestbs ua1_0 where ua1_0.scrty_dtrmn_trget_id=?
2026-03-16 17:02:43 [http-nio-8080-exec-4] DEBUG o.s.orm.jpa.JpaTransactionManager - Exposing JPA transaction as JDBC [org.springframework.orm.jpa.vendor.HibernateJpaDialect$HibernateConnectionHandle@4f3b4eeb]
2026-03-16 17:02:43 [http-nio-8080-exec-4] DEBUG o.s.orm.jpa.JpaTransactionManager - Found thread-bound EntityManager [SessionImpl(1568835626<open>)] for JPA transaction
2026-03-16 17:02:43 [http-nio-8080-exec-4] DEBUG o.s.orm.jpa.JpaTransactionManager - Participating in existing transaction
2026-03-16 17:02:43 [http-nio-8080-exec-4] DEBUG org.hibernate.SQL - select u1_0.emplyr_id,u1_0.area_no,u1_0.brthdy,u1_0.chg_pwd_cnt,u1_0.frst_register_id,u1_0.frst_regist_pnttm,u1_0.detail_adres,u1_0.email_adres,u1_0.emplyr_sttus_code,u1_0.empl_no,u1_0.esntl_id,u1_0.fxnum,u1_0.group_id,u1_0.house_adres,u1_0.house_end_telno,u1_0.house_middle_telno,u1_0.ihidnum,u1_0.pstinst_code,u1_0.last_updusr_id,u1_0.last_updt_pnttm,u1_0.lock_at,u1_0.lock_cnt,u1_0.lock_last_pnttm,u1_0.mbtlnum,u1_0.ofcps_nm,u1_0.offm_telno,u1_0.orgnzt_id,u1_0.password,u1_0.password_cnsr,u1_0.password_hint,u1_0.chg_pwd_last_pnttm,u1_0.role,u1_0.sbscrb_de,u1_0.sexdstn_code,u1_0.crtfc_dn_value,u1_0.user_nm,u1_0.zip from nemplyrinfo u1_0 where u1_0.emplyr_id=?
2026-03-16 17:02:44 [http-nio-8080-exec-12] DEBUG o.s.orm.jpa.JpaTransactionManager - Found thread-bound EntityManager [SessionImpl(439803300<open>)] for JPA transaction
2026-03-16 17:02:44 [http-nio-8080-exec-12] DEBUG o.s.orm.jpa.JpaTransactionManager - Participating in existing transaction
2026-03-16 17:02:44 [http-nio-8080-exec-12] DEBUG org.hibernate.SQL - select ua1_0.scrty_dtrmn_trget_id,ua1_0.author_code,ua1_0.frst_register_id,ua1_0.frst_regist_pnttm,ua1_0.last_updusr_id,ua1_0.last_updt_pnttm,ua1_0.mber_ty_code from nemplyrscrtyestbs ua1_0 where ua1_0.scrty_dtrmn_trget_id=?
2026-03-16 17:02:44 [http-nio-8080-exec-3] DEBUG o.s.orm.jpa.JpaTransactionManager - Found thread-bound EntityManager [SessionImpl(203141288<open>)] for JPA transaction
2026-03-16 17:02:44 [http-nio-8080-exec-3] DEBUG o.s.orm.jpa.JpaTransactionManager - Participating in existing transaction
2026-03-16 17:02:44 [http-nio-8080-exec-3] DEBUG org.hibernate.SQL - select ua1_0.scrty_dtrmn_trget_id,ua1_0.author_code,ua1_0.frst_register_id,ua1_0.frst_regist_pnttm,ua1_0.last_updusr_id,ua1_0.last_updt_pnttm,ua1_0.mber_ty_code from nemplyrscrtyestbs ua1_0 where ua1_0.scrty_dtrmn_trget_id=?
2026-03-16 17:02:44 [http-nio-8080-exec-2] DEBUG o.s.orm.jpa.JpaTransactionManager - Initiating transaction commit
2026-03-16 17:02:44 [http-nio-8080-exec-2] DEBUG o.s.orm.jpa.JpaTransactionManager - Committing JPA transaction on EntityManager [SessionImpl(720062577<open>)]
2026-03-16 17:02:44 [http-nio-8080-exec-8] DEBUG o.s.orm.jpa.JpaTransactionManager - Found thread-bound EntityManager [SessionImpl(1137779866<open>)] for JPA transaction
2026-03-16 17:02:44 [http-nio-8080-exec-8] DEBUG o.s.orm.jpa.JpaTransactionManager - Participating in existing transaction
2026-03-16 17:02:44 [http-nio-8080-exec-8] DEBUG org.hibernate.SQL - select ua1_0.scrty_dtrmn_trget_id,ua1_0.author_code,ua1_0.frst_register_id,ua1_0.frst_regist_pnttm,ua1_0.last_updusr_id,ua1_0.last_updt_pnttm,ua1_0.mber_ty_code from nemplyrscrtyestbs ua1_0 where ua1_0.scrty_dtrmn_trget_id=?
2026-03-16 17:02:44 [http-nio-8080-exec-4] DEBUG o.s.orm.jpa.JpaTransactionManager - Found thread-bound EntityManager [SessionImpl(1568835626<open>)] for JPA transaction
2026-03-16 17:02:44 [http-nio-8080-exec-4] DEBUG o.s.orm.jpa.JpaTransactionManager - Participating in existing transaction
2026-03-16 17:02:44 [http-nio-8080-exec-4] DEBUG org.hibernate.SQL - select ua1_0.scrty_dtrmn_trget_id,ua1_0.author_code,ua1_0.frst_register_id,ua1_0.frst_regist_pnttm,ua1_0.last_updusr_id,ua1_0.last_updt_pnttm,ua1_0.mber_ty_code from nemplyrscrtyestbs ua1_0 where ua1_0.scrty_dtrmn_trget_id=?
2026-03-16 17:02:44 [http-nio-8080-exec-12] DEBUG o.s.orm.jpa.JpaTransactionManager - Initiating transaction commit
2026-03-16 17:02:44 [http-nio-8080-exec-12] DEBUG o.s.orm.jpa.JpaTransactionManager - Committing JPA transaction on EntityManager [SessionImpl(439803300<open>)]
2026-03-16 17:02:44 [http-nio-8080-exec-3] DEBUG o.s.orm.jpa.JpaTransactionManager - Initiating transaction commit
2026-03-16 17:02:44 [http-nio-8080-exec-3] DEBUG o.s.orm.jpa.JpaTransactionManager - Committing JPA transaction on EntityManager [SessionImpl(203141288<open>)]
2026-03-16 17:02:44 [http-nio-8080-exec-2] DEBUG o.s.orm.jpa.JpaTransactionManager - Closing JPA EntityManager [SessionImpl(720062577<open>)] after transaction
2026-03-16 17:02:44 [http-nio-8080-exec-2] DEBUG c.c.p.s.jwt.JwtAuthenticationFilter - >>> [JwtFilter] Successfully authenticated user: USRCNFRM_99999999999, Authorities: [ROLE_ADMIN]
2026-03-16 17:02:44 [http-nio-8080-exec-8] DEBUG o.s.orm.jpa.JpaTransactionManager - Initiating transaction commit
2026-03-16 17:02:44 [http-nio-8080-exec-8] DEBUG o.s.orm.jpa.JpaTransactionManager - Committing JPA transaction on EntityManager [SessionImpl(1137779866<open>)]
2026-03-16 17:02:44 [http-nio-8080-exec-2] DEBUG o.s.web.servlet.DispatcherServlet - GET "/api/v1/menu/left?menuNo=60", parameters={masked}
2026-03-16 17:02:44 [http-nio-8080-exec-2] TRACE o.s.w.s.m.m.a.RequestMappingHandlerMapping - Mapped to com.company.project.api.controller.menu.MenuController#getLeftMenu(Long)
2026-03-16 17:02:44 [http-nio-8080-exec-2] INFO  c.c.p.a.c.menu.MenuController - getLeftMenu called with menuNo=60
2026-03-16 17:02:44 [http-nio-8080-exec-2] DEBUG o.s.orm.jpa.JpaTransactionManager - Creating new transaction with name [com.company.project.service.menu.MenuService.getSubMenus]: PROPAGATION_REQUIRED,ISOLATION_DEFAULT,readOnly
2026-03-16 17:02:44 [http-nio-8080-exec-2] DEBUG o.s.orm.jpa.JpaTransactionManager - Opened new EntityManager [SessionImpl(1100839577<open>)] for JPA transaction
2026-03-16 17:02:44 [http-nio-8080-exec-2] DEBUG o.s.orm.jpa.JpaTransactionManager - Exposing JPA transaction as JDBC [org.springframework.orm.jpa.vendor.HibernateJpaDialect$HibernateConnectionHandle@2f89636a]
2026-03-16 17:02:44 [http-nio-8080-exec-2] DEBUG org.hibernate.SQL - select m1_0.menu_no,m1_0.menu_dc,m1_0.menu_nm,m1_0.menu_ordr,m1_0.modern_route,m1_0.progrm_file_nm,m1_0.relate_image_nm,m1_0.relate_image_path,m1_0.route_updated_at,m1_0.upper_menu_no from nmenuinfo m1_0 order by m1_0.upper_menu_no,m1_0.menu_ordr
2026-03-16 17:02:44 [http-nio-8080-exec-4] DEBUG o.s.orm.jpa.JpaTransactionManager - Initiating transaction commit
2026-03-16 17:02:44 [http-nio-8080-exec-4] DEBUG o.s.orm.jpa.JpaTransactionManager - Committing JPA transaction on EntityManager [SessionImpl(1568835626<open>)]
2026-03-16 17:02:44 [http-nio-8080-exec-3] DEBUG o.s.orm.jpa.JpaTransactionManager - Closing JPA EntityManager [SessionImpl(203141288<open>)] after transaction
2026-03-16 17:02:44 [http-nio-8080-exec-12] DEBUG o.s.orm.jpa.JpaTransactionManager - Closing JPA EntityManager [SessionImpl(439803300<open>)] after transaction
2026-03-16 17:02:44 [http-nio-8080-exec-3] DEBUG c.c.p.s.jwt.JwtAuthenticationFilter - >>> [JwtFilter] Successfully authenticated user: USRCNFRM_99999999999, Authorities: [ROLE_ADMIN]
2026-03-16 17:02:44 [http-nio-8080-exec-12] DEBUG c.c.p.s.jwt.JwtAuthenticationFilter - >>> [JwtFilter] Successfully authenticated user: USRCNFRM_99999999999, Authorities: [ROLE_ADMIN]
2026-03-16 17:02:44 [http-nio-8080-exec-3] DEBUG o.s.web.servlet.DispatcherServlet - GET "/api/v1/menu/left?menuNo=50", parameters={masked}
2026-03-16 17:02:44 [http-nio-8080-exec-12] DEBUG o.s.web.servlet.DispatcherServlet - GET "/api/v1/menu/left?menuNo=40", parameters={masked}
2026-03-16 17:02:44 [http-nio-8080-exec-3] TRACE o.s.w.s.m.m.a.RequestMappingHandlerMapping - Mapped to com.company.project.api.controller.menu.MenuController#getLeftMenu(Long)
2026-03-16 17:02:44 [http-nio-8080-exec-12] TRACE o.s.w.s.m.m.a.RequestMappingHandlerMapping - Mapped to com.company.project.api.controller.menu.MenuController#getLeftMenu(Long)
2026-03-16 17:02:44 [http-nio-8080-exec-3] INFO  c.c.p.a.c.menu.MenuController - getLeftMenu called with menuNo=50
2026-03-16 17:02:44 [http-nio-8080-exec-12] INFO  c.c.p.a.c.menu.MenuController - getLeftMenu called with menuNo=40
2026-03-16 17:02:44 [http-nio-8080-exec-3] DEBUG o.s.orm.jpa.JpaTransactionManager - Creating new transaction with name [com.company.project.service.menu.MenuService.getSubMenus]: PROPAGATION_REQUIRED,ISOLATION_DEFAULT,readOnly
2026-03-16 17:02:44 [http-nio-8080-exec-12] DEBUG o.s.orm.jpa.JpaTransactionManager - Creating new transaction with name [com.company.project.service.menu.MenuService.getSubMenus]: PROPAGATION_REQUIRED,ISOLATION_DEFAULT,readOnly
2026-03-16 17:02:44 [http-nio-8080-exec-12] DEBUG o.s.orm.jpa.JpaTransactionManager - Opened new EntityManager [SessionImpl(144738551<open>)] for JPA transaction
2026-03-16 17:02:44 [http-nio-8080-exec-3] DEBUG o.s.orm.jpa.JpaTransactionManager - Opened new EntityManager [SessionImpl(586457070<open>)] for JPA transaction
2026-03-16 17:02:44 [http-nio-8080-exec-12] DEBUG o.s.orm.jpa.JpaTransactionManager - Exposing JPA transaction as JDBC [org.springframework.orm.jpa.vendor.HibernateJpaDialect$HibernateConnectionHandle@4512af09]
2026-03-16 17:02:44 [http-nio-8080-exec-3] DEBUG o.s.orm.jpa.JpaTransactionManager - Exposing JPA transaction as JDBC [org.springframework.orm.jpa.vendor.HibernateJpaDialect$HibernateConnectionHandle@755c736d]
2026-03-16 17:02:44 [http-nio-8080-exec-12] DEBUG org.hibernate.SQL - select m1_0.menu_no,m1_0.menu_dc,m1_0.menu_nm,m1_0.menu_ordr,m1_0.modern_route,m1_0.progrm_file_nm,m1_0.relate_image_nm,m1_0.relate_image_path,m1_0.route_updated_at,m1_0.upper_menu_no from nmenuinfo m1_0 order by m1_0.upper_menu_no,m1_0.menu_ordr
2026-03-16 17:02:44 [http-nio-8080-exec-3] DEBUG org.hibernate.SQL - select m1_0.menu_no,m1_0.menu_dc,m1_0.menu_nm,m1_0.menu_ordr,m1_0.modern_route,m1_0.progrm_file_nm,m1_0.relate_image_nm,m1_0.relate_image_path,m1_0.route_updated_at,m1_0.upper_menu_no from nmenuinfo m1_0 order by m1_0.upper_menu_no,m1_0.menu_ordr
2026-03-16 17:02:44 [http-nio-8080-exec-8] DEBUG o.s.orm.jpa.JpaTransactionManager - Closing JPA EntityManager [SessionImpl(1137779866<open>)] after transaction
2026-03-16 17:02:44 [http-nio-8080-exec-8] DEBUG c.c.p.s.jwt.JwtAuthenticationFilter - >>> [JwtFilter] Successfully authenticated user: USRCNFRM_99999999999, Authorities: [ROLE_ADMIN]
2026-03-16 17:02:44 [http-nio-8080-exec-8] DEBUG o.s.web.servlet.DispatcherServlet - GET "/api/v1/menu/left?menuNo=20", parameters={masked}
2026-03-16 17:02:44 [http-nio-8080-exec-8] TRACE o.s.w.s.m.m.a.RequestMappingHandlerMapping - Mapped to com.company.project.api.controller.menu.MenuController#getLeftMenu(Long)
2026-03-16 17:02:44 [http-nio-8080-exec-8] INFO  c.c.p.a.c.menu.MenuController - getLeftMenu called with menuNo=20
2026-03-16 17:02:44 [http-nio-8080-exec-8] DEBUG o.s.orm.jpa.JpaTransactionManager - Creating new transaction with name [com.company.project.service.menu.MenuService.getSubMenus]: PROPAGATION_REQUIRED,ISOLATION_DEFAULT,readOnly
2026-03-16 17:02:44 [http-nio-8080-exec-8] DEBUG o.s.orm.jpa.JpaTransactionManager - Opened new EntityManager [SessionImpl(689475790<open>)] for JPA transaction
2026-03-16 17:02:44 [http-nio-8080-exec-8] DEBUG o.s.orm.jpa.JpaTransactionManager - Exposing JPA transaction as JDBC [org.springframework.orm.jpa.vendor.HibernateJpaDialect$HibernateConnectionHandle@413ec929]
2026-03-16 17:02:44 [http-nio-8080-exec-8] DEBUG org.hibernate.SQL - select m1_0.menu_no,m1_0.menu_dc,m1_0.menu_nm,m1_0.menu_ordr,m1_0.modern_route,m1_0.progrm_file_nm,m1_0.relate_image_nm,m1_0.relate_image_path,m1_0.route_updated_at,m1_0.upper_menu_no from nmenuinfo m1_0 order by m1_0.upper_menu_no,m1_0.menu_ordr
2026-03-16 17:02:44 [http-nio-8080-exec-4] DEBUG o.s.orm.jpa.JpaTransactionManager - Closing JPA EntityManager [SessionImpl(1568835626<open>)] after transaction
2026-03-16 17:02:44 [http-nio-8080-exec-4] DEBUG c.c.p.s.jwt.JwtAuthenticationFilter - >>> [JwtFilter] Successfully authenticated user: USRCNFRM_99999999999, Authorities: [ROLE_ADMIN]
2026-03-16 17:02:44 [http-nio-8080-exec-4] DEBUG o.s.web.servlet.DispatcherServlet - GET "/api/v1/menu/left?menuNo=10", parameters={masked}
2026-03-16 17:02:44 [http-nio-8080-exec-4] TRACE o.s.w.s.m.m.a.RequestMappingHandlerMapping - Mapped to com.company.project.api.controller.menu.MenuController#getLeftMenu(Long)
2026-03-16 17:02:44 [http-nio-8080-exec-4] INFO  c.c.p.a.c.menu.MenuController - getLeftMenu called with menuNo=10
2026-03-16 17:02:44 [http-nio-8080-exec-4] DEBUG o.s.orm.jpa.JpaTransactionManager - Creating new transaction with name [com.company.project.service.menu.MenuService.getSubMenus]: PROPAGATION_REQUIRED,ISOLATION_DEFAULT,readOnly
2026-03-16 17:02:44 [http-nio-8080-exec-4] DEBUG o.s.orm.jpa.JpaTransactionManager - Opened new EntityManager [SessionImpl(782934864<open>)] for JPA transaction
2026-03-16 17:02:44 [http-nio-8080-exec-4] DEBUG o.s.orm.jpa.JpaTransactionManager - Exposing JPA transaction as JDBC [org.springframework.orm.jpa.vendor.HibernateJpaDialect$HibernateConnectionHandle@2e630bc8]
2026-03-16 17:02:44 [http-nio-8080-exec-4] DEBUG org.hibernate.SQL - select m1_0.menu_no,m1_0.menu_dc,m1_0.menu_nm,m1_0.menu_ordr,m1_0.modern_route,m1_0.progrm_file_nm,m1_0.relate_image_nm,m1_0.relate_image_path,m1_0.route_updated_at,m1_0.upper_menu_no from nmenuinfo m1_0 order by m1_0.upper_menu_no,m1_0.menu_ordr
2026-03-16 17:02:44 [http-nio-8080-exec-2] DEBUG o.s.orm.jpa.JpaTransactionManager - Found thread-bound EntityManager [SessionImpl(1100839577<open>)] for JPA transaction
2026-03-16 17:02:44 [http-nio-8080-exec-2] DEBUG o.s.orm.jpa.JpaTransactionManager - Participating in existing transaction
2026-03-16 17:02:44 [http-nio-8080-exec-2] DEBUG org.hibernate.SQL - select p1_0.progrm_file_nm,p1_0.progrm_dc,p1_0.progrm_korean_nm,p1_0.progrm_stre_path,p1_0.url from nprogrmlist p1_0
2026-03-16 17:02:44 [http-nio-8080-exec-12] DEBUG o.s.orm.jpa.JpaTransactionManager - Found thread-bound EntityManager [SessionImpl(144738551<open>)] for JPA transaction
2026-03-16 17:02:44 [http-nio-8080-exec-12] DEBUG o.s.orm.jpa.JpaTransactionManager - Participating in existing transaction
2026-03-16 17:02:44 [http-nio-8080-exec-12] DEBUG org.hibernate.SQL - select p1_0.progrm_file_nm,p1_0.progrm_dc,p1_0.progrm_korean_nm,p1_0.progrm_stre_path,p1_0.url from nprogrmlist p1_0
2026-03-16 17:02:44 [http-nio-8080-exec-3] DEBUG o.s.orm.jpa.JpaTransactionManager - Found thread-bound EntityManager [SessionImpl(586457070<open>)] for JPA transaction
2026-03-16 17:02:44 [http-nio-8080-exec-3] DEBUG o.s.orm.jpa.JpaTransactionManager - Participating in existing transaction
2026-03-16 17:02:44 [http-nio-8080-exec-3] DEBUG org.hibernate.SQL - select p1_0.progrm_file_nm,p1_0.progrm_dc,p1_0.progrm_korean_nm,p1_0.progrm_stre_path,p1_0.url from nprogrmlist p1_0
2026-03-16 17:02:44 [http-nio-8080-exec-8] DEBUG o.s.orm.jpa.JpaTransactionManager - Found thread-bound EntityManager [SessionImpl(689475790<open>)] for JPA transaction
2026-03-16 17:02:44 [http-nio-8080-exec-8] DEBUG o.s.orm.jpa.JpaTransactionManager - Participating in existing transaction
2026-03-16 17:02:44 [http-nio-8080-exec-8] DEBUG org.hibernate.SQL - select p1_0.progrm_file_nm,p1_0.progrm_dc,p1_0.progrm_korean_nm,p1_0.progrm_stre_path,p1_0.url from nprogrmlist p1_0
2026-03-16 17:02:44 [http-nio-8080-exec-2] DEBUG o.s.orm.jpa.JpaTransactionManager - Initiating transaction commit
2026-03-16 17:02:44 [http-nio-8080-exec-2] DEBUG o.s.orm.jpa.JpaTransactionManager - Committing JPA transaction on EntityManager [SessionImpl(1100839577<open>)]
2026-03-16 17:02:44 [http-nio-8080-exec-4] DEBUG o.s.orm.jpa.JpaTransactionManager - Found thread-bound EntityManager [SessionImpl(782934864<open>)] for JPA transaction
2026-03-16 17:02:44 [http-nio-8080-exec-4] DEBUG o.s.orm.jpa.JpaTransactionManager - Participating in existing transaction
2026-03-16 17:02:44 [http-nio-8080-exec-4] DEBUG org.hibernate.SQL - select p1_0.progrm_file_nm,p1_0.progrm_dc,p1_0.progrm_korean_nm,p1_0.progrm_stre_path,p1_0.url from nprogrmlist p1_0
2026-03-16 17:02:44 [http-nio-8080-exec-12] DEBUG o.s.orm.jpa.JpaTransactionManager - Initiating transaction commit
2026-03-16 17:02:44 [http-nio-8080-exec-3] DEBUG o.s.orm.jpa.JpaTransactionManager - Initiating transaction commit
2026-03-16 17:02:44 [http-nio-8080-exec-12] DEBUG o.s.orm.jpa.JpaTransactionManager - Committing JPA transaction on EntityManager [SessionImpl(144738551<open>)]
2026-03-16 17:02:44 [http-nio-8080-exec-3] DEBUG o.s.orm.jpa.JpaTransactionManager - Committing JPA transaction on EntityManager [SessionImpl(586457070<open>)]
2026-03-16 17:02:44 [http-nio-8080-exec-8] DEBUG o.s.orm.jpa.JpaTransactionManager - Initiating transaction commit
2026-03-16 17:02:44 [http-nio-8080-exec-8] DEBUG o.s.orm.jpa.JpaTransactionManager - Committing JPA transaction on EntityManager [SessionImpl(689475790<open>)]
2026-03-16 17:02:44 [http-nio-8080-exec-2] DEBUG o.s.orm.jpa.JpaTransactionManager - Closing JPA EntityManager [SessionImpl(1100839577<open>)] after transaction
2026-03-16 17:02:44 [http-nio-8080-exec-2] INFO  c.c.p.a.c.menu.MenuController - getLeftMenu returned 1 items
2026-03-16 17:02:44 [http-nio-8080-exec-2] DEBUG o.s.w.s.m.m.a.HttpEntityMethodProcessor - Using 'application/json', given [application/json, text/plain, */*] and supported [application/json, application/*+json, application/yaml]
2026-03-16 17:02:44 [http-nio-8080-exec-2] TRACE o.s.w.s.m.m.a.HttpEntityMethodProcessor - Writing [ApiResponse[success=true, status=200, code=COMMON_001, message=Success, data={list=[com.company.project.service.menu.dto.MenuDto@45bbdb23]}, timestamp=2026-03-16T17:02:44.871358900]]
2026-03-16 17:02:44 [http-nio-8080-exec-2] INFO  c.c.p.a.i.OperationalAuditInterceptor - API Audit Log: URL=/api/v1/menu/left, User=webmaster, IP=0:0:0:0:0:0:0:1
2026-03-16 17:02:44 [http-nio-8080-exec-2] DEBUG o.s.web.servlet.DispatcherServlet - Completed 200 OK
2026-03-16 17:02:44 [http-nio-8080-exec-4] DEBUG o.s.orm.jpa.JpaTransactionManager - Initiating transaction commit
2026-03-16 17:02:44 [http-nio-8080-exec-4] DEBUG o.s.orm.jpa.JpaTransactionManager - Committing JPA transaction on EntityManager [SessionImpl(782934864<open>)]
2026-03-16 17:02:45 [http-nio-8080-exec-3] DEBUG o.s.orm.jpa.JpaTransactionManager - Closing JPA EntityManager [SessionImpl(586457070<open>)] after transaction
2026-03-16 17:02:45 [http-nio-8080-exec-12] DEBUG o.s.orm.jpa.JpaTransactionManager - Closing JPA EntityManager [SessionImpl(144738551<open>)] after transaction
2026-03-16 17:02:45 [http-nio-8080-exec-12] INFO  c.c.p.a.c.menu.MenuController - getLeftMenu returned 2 items
2026-03-16 17:02:45 [http-nio-8080-exec-3] INFO  c.c.p.a.c.menu.MenuController - getLeftMenu returned 3 items
2026-03-16 17:02:45 [http-nio-8080-exec-12] DEBUG o.s.w.s.m.m.a.HttpEntityMethodProcessor - Using 'application/json', given [application/json, text/plain, */*] and supported [application/json, application/*+json, application/yaml]
2026-03-16 17:02:45 [http-nio-8080-exec-3] DEBUG o.s.w.s.m.m.a.HttpEntityMethodProcessor - Using 'application/json', given [application/json, text/plain, */*] and supported [application/json, application/*+json, application/yaml]
2026-03-16 17:02:45 [http-nio-8080-exec-12] TRACE o.s.w.s.m.m.a.HttpEntityMethodProcessor - Writing [ApiResponse[success=true, status=200, code=COMMON_001, message=Success, data={list=[com.company.project.service.menu.dto.MenuDto@7a33a46e, com.company.project.service.menu.dto.MenuDto@735d4ea5]}, timestamp=2026-03-16T17:02:45.011338200]]
2026-03-16 17:02:45 [http-nio-8080-exec-3] TRACE o.s.w.s.m.m.a.HttpEntityMethodProcessor - Writing [ApiResponse[success=true, status=200, code=COMMON_001, message=Success, data={list=[com.company.project.service.menu.dto.MenuDto@52be370c, com.company.project.service.menu.dto.MenuDto@235b8cfb, com.company.project.service.menu.dto.MenuDto@7656b113]}, timestamp=2026-03-16T17:02:45.011338200]]
2026-03-16 17:02:45 [http-nio-8080-exec-12] INFO  c.c.p.a.i.OperationalAuditInterceptor - API Audit Log: URL=/api/v1/menu/left, User=webmaster, IP=0:0:0:0:0:0:0:1
2026-03-16 17:02:45 [http-nio-8080-exec-12] DEBUG o.s.web.servlet.DispatcherServlet - Completed 200 OK
2026-03-16 17:02:45 [http-nio-8080-exec-3] INFO  c.c.p.a.i.OperationalAuditInterceptor - API Audit Log: URL=/api/v1/menu/left, User=webmaster, IP=0:0:0:0:0:0:0:1
2026-03-16 17:02:45 [http-nio-8080-exec-3] DEBUG o.s.web.servlet.DispatcherServlet - Completed 200 OK
2026-03-16 17:02:45 [http-nio-8080-exec-8] DEBUG o.s.orm.jpa.JpaTransactionManager - Closing JPA EntityManager [SessionImpl(689475790<open>)] after transaction
2026-03-16 17:02:45 [http-nio-8080-exec-8] INFO  c.c.p.a.c.menu.MenuController - getLeftMenu returned 3 items
2026-03-16 17:02:45 [http-nio-8080-exec-8] DEBUG o.s.w.s.m.m.a.HttpEntityMethodProcessor - Using 'application/json', given [application/json, text/plain, */*] and supported [application/json, application/*+json, application/yaml]
2026-03-16 17:02:45 [http-nio-8080-exec-8] TRACE o.s.w.s.m.m.a.HttpEntityMethodProcessor - Writing [ApiResponse[success=true, status=200, code=COMMON_001, message=Success, data={list=[com.company.project.service.menu.dto.MenuDto@7cdbc51b, com.company.project.service.menu.dto.MenuDto@32a011b2, com.company.project.service.menu.dto.MenuDto@3788190f]}, timestamp=2026-03-16T17:02:45.018931300]]
2026-03-16 17:02:45 [http-nio-8080-exec-8] INFO  c.c.p.a.i.OperationalAuditInterceptor - API Audit Log: URL=/api/v1/menu/left, User=webmaster, IP=0:0:0:0:0:0:0:1
2026-03-16 17:02:45 [http-nio-8080-exec-8] DEBUG o.s.web.servlet.DispatcherServlet - Completed 200 OK
2026-03-16 17:02:45 [http-nio-8080-exec-4] DEBUG o.s.orm.jpa.JpaTransactionManager - Closing JPA EntityManager [SessionImpl(782934864<open>)] after transaction
2026-03-16 17:02:45 [http-nio-8080-exec-4] INFO  c.c.p.a.c.menu.MenuController - getLeftMenu returned 5 items
2026-03-16 17:02:45 [http-nio-8080-exec-4] DEBUG o.s.w.s.m.m.a.HttpEntityMethodProcessor - Using 'application/json', given [application/json, text/plain, */*] and supported [application/json, application/*+json, application/yaml]
2026-03-16 17:02:45 [http-nio-8080-exec-4] TRACE o.s.w.s.m.m.a.HttpEntityMethodProcessor - Writing [ApiResponse[success=true, status=200, code=COMMON_001, message=Success, data={list=[com.company.project.service.menu.dto.MenuDto@112b62, com.company.project.service.menu.dto.MenuDto@4df63818, com.company.project.service.menu.dto.MenuDto@36707d8a, com.company.project.service.menu.dto.MenuDto@2575c079, com.company.project.service.menu.dto.MenuDto@2c36a58e]}, timestamp=2026-03-16T17:02:45.054991600]]
2026-03-16 17:02:45 [http-nio-8080-exec-4] INFO  c.c.p.a.i.OperationalAuditInterceptor - API Audit Log: URL=/api/v1/menu/left, User=webmaster, IP=0:0:0:0:0:0:0:1
2026-03-16 17:02:45 [http-nio-8080-exec-4] DEBUG o.s.web.servlet.DispatcherServlet - Completed 200 OK
2026-03-16 17:02:45 [http-nio-8080-exec-10] DEBUG o.s.w.s.h.LoggingWebSocketHandlerDecorator - WebSocketServerSockJsSession[id=qf2nmi1d] closed with CloseStatus[code=1000, reason=null]
2026-03-16 17:02:45 [http-nio-8080-exec-10] DEBUG o.s.w.s.m.SubProtocolWebSocketHandler - Clearing session qf2nmi1d
2026-03-16 17:02:45 [scheduling-1] DEBUG org.springframework.web.SimpLogging - Processing DISCONNECT session=qf2nmi1d
2026-03-16 17:02:45 [scheduling-1] DEBUG o.s.w.s.m.SubProtocolWebSocketHandler - No session for GenericMessage [payload=byte[0], headers={simpMessageType=DISCONNECT_ACK, simpDisconnectMessage=GenericMessage [payload=byte[0], headers={simpMessageType=DISCONNECT, stompCommand=DISCONNECT, simpSessionAttributes={org.springframework.messaging.simp.SimpAttributes.COMPLETED=true}, simpSessionId=qf2nmi1d}], simpSessionId=qf2nmi1d}]
2026-03-16 17:02:45 [http-nio-8080-exec-5] DEBUG c.c.p.s.jwt.JwtAuthenticationFilter - >>> [JwtFilter] Processing request: GET /api/v1/menu/head
2026-03-16 17:02:45 [http-nio-8080-exec-5] DEBUG c.c.p.s.jwt.JwtAuthenticationFilter - >>> [JwtFilter] Found token in header for path: /api/v1/menu/head
2026-03-16 17:02:45 [http-nio-8080-exec-5] DEBUG o.s.orm.jpa.JpaTransactionManager - Creating new transaction with name [com.company.project.security.iam.CustomUserDetailsService.loadUserByUsername]: PROPAGATION_REQUIRED,ISOLATION_DEFAULT,readOnly
2026-03-16 17:02:45 [http-nio-8080-exec-5] DEBUG o.s.orm.jpa.JpaTransactionManager - Opened new EntityManager [SessionImpl(1094643464<open>)] for JPA transaction
2026-03-16 17:02:45 [http-nio-8080-exec-5] DEBUG o.s.orm.jpa.JpaTransactionManager - Exposing JPA transaction as JDBC [org.springframework.orm.jpa.vendor.HibernateJpaDialect$HibernateConnectionHandle@42c090a8]
2026-03-16 17:02:45 [http-nio-8080-exec-5] DEBUG o.s.orm.jpa.JpaTransactionManager - Found thread-bound EntityManager [SessionImpl(1094643464<open>)] for JPA transaction
2026-03-16 17:02:45 [http-nio-8080-exec-5] DEBUG o.s.orm.jpa.JpaTransactionManager - Participating in existing transaction
2026-03-16 17:02:45 [http-nio-8080-exec-5] DEBUG org.hibernate.SQL - select u1_0.emplyr_id,u1_0.area_no,u1_0.brthdy,u1_0.chg_pwd_cnt,u1_0.frst_register_id,u1_0.frst_regist_pnttm,u1_0.detail_adres,u1_0.email_adres,u1_0.emplyr_sttus_code,u1_0.empl_no,u1_0.esntl_id,u1_0.fxnum,u1_0.group_id,u1_0.house_adres,u1_0.house_end_telno,u1_0.house_middle_telno,u1_0.ihidnum,u1_0.pstinst_code,u1_0.last_updusr_id,u1_0.last_updt_pnttm,u1_0.lock_at,u1_0.lock_cnt,u1_0.lock_last_pnttm,u1_0.mbtlnum,u1_0.ofcps_nm,u1_0.offm_telno,u1_0.orgnzt_id,u1_0.password,u1_0.password_cnsr,u1_0.password_hint,u1_0.chg_pwd_last_pnttm,u1_0.role,u1_0.sbscrb_de,u1_0.sexdstn_code,u1_0.crtfc_dn_value,u1_0.user_nm,u1_0.zip from nemplyrinfo u1_0 where u1_0.emplyr_id=?
2026-03-16 17:02:45 [http-nio-8080-exec-5] DEBUG o.s.orm.jpa.JpaTransactionManager - Found thread-bound EntityManager [SessionImpl(1094643464<open>)] for JPA transaction
2026-03-16 17:02:45 [http-nio-8080-exec-5] DEBUG o.s.orm.jpa.JpaTransactionManager - Participating in existing transaction
2026-03-16 17:02:45 [http-nio-8080-exec-5] DEBUG org.hibernate.SQL - select ua1_0.scrty_dtrmn_trget_id,ua1_0.author_code,ua1_0.frst_register_id,ua1_0.frst_regist_pnttm,ua1_0.last_updusr_id,ua1_0.last_updt_pnttm,ua1_0.mber_ty_code from nemplyrscrtyestbs ua1_0 where ua1_0.scrty_dtrmn_trget_id=?
2026-03-16 17:02:46 [http-nio-8080-exec-5] DEBUG o.s.orm.jpa.JpaTransactionManager - Initiating transaction commit
2026-03-16 17:02:46 [http-nio-8080-exec-5] DEBUG o.s.orm.jpa.JpaTransactionManager - Committing JPA transaction on EntityManager [SessionImpl(1094643464<open>)]
2026-03-16 17:02:46 [http-nio-8080-exec-5] DEBUG o.s.orm.jpa.JpaTransactionManager - Closing JPA EntityManager [SessionImpl(1094643464<open>)] after transaction
2026-03-16 17:02:46 [http-nio-8080-exec-5] DEBUG c.c.p.s.jwt.JwtAuthenticationFilter - >>> [JwtFilter] Successfully authenticated user: USRCNFRM_99999999999, Authorities: [ROLE_ADMIN]
2026-03-16 17:02:46 [http-nio-8080-exec-5] DEBUG o.s.web.servlet.DispatcherServlet - GET "/api/v1/menu/head", parameters={}
2026-03-16 17:02:46 [http-nio-8080-exec-5] TRACE o.s.w.s.m.m.a.RequestMappingHandlerMapping - Mapped to com.company.project.api.controller.menu.MenuController#getHeadMenu()
2026-03-16 17:02:46 [http-nio-8080-exec-5] INFO  c.c.p.a.c.menu.MenuController - getHeadMenu called
2026-03-16 17:02:46 [http-nio-8080-exec-5] INFO  c.c.p.a.c.menu.MenuController - getHeadMenu returned 5 items
2026-03-16 17:02:46 [http-nio-8080-exec-5] DEBUG o.s.w.s.m.m.a.HttpEntityMethodProcessor - Using 'application/json', given [application/json, text/plain, */*] and supported [application/json, application/*+json, application/yaml]
2026-03-16 17:02:46 [http-nio-8080-exec-5] TRACE o.s.w.s.m.m.a.HttpEntityMethodProcessor - Writing [ApiResponse[success=true, status=200, code=COMMON_001, message=Success, data={list=[com.company.project.service.menu.dto.MenuDto@2b80d6b0, com.company.project.service.menu.dto.MenuDto@1418cfa3, com.company.project.service.menu.dto.MenuDto@f230bf1, com.company.project.service.menu.dto.MenuDto@734a7f6a, com.company.project.service.menu.dto.MenuDto@5e5202e5]}, timestamp=2026-03-16T17:02:46.205162800]]
2026-03-16 17:02:46 [http-nio-8080-exec-5] INFO  c.c.p.a.i.OperationalAuditInterceptor - API Audit Log: URL=/api/v1/menu/head, User=webmaster, IP=0:0:0:0:0:0:0:1
2026-03-16 17:02:46 [http-nio-8080-exec-5] DEBUG o.s.web.servlet.DispatcherServlet - Completed 200 OK
2026-03-16 17:02:46 [http-nio-8080-exec-16] DEBUG c.c.p.s.jwt.JwtAuthenticationFilter - >>> [JwtFilter] Processing request: GET /api/v1/menu/left
2026-03-16 17:02:46 [http-nio-8080-exec-16] DEBUG c.c.p.s.jwt.JwtAuthenticationFilter - >>> [JwtFilter] Found token in header for path: /api/v1/menu/left
2026-03-16 17:02:46 [http-nio-8080-exec-18] DEBUG c.c.p.s.jwt.JwtAuthenticationFilter - >>> [JwtFilter] Processing request: GET /api/v1/menu/left
2026-03-16 17:02:46 [http-nio-8080-exec-18] DEBUG c.c.p.s.jwt.JwtAuthenticationFilter - >>> [JwtFilter] Found token in header for path: /api/v1/menu/left
2026-03-16 17:02:46 [http-nio-8080-exec-16] DEBUG o.s.orm.jpa.JpaTransactionManager - Creating new transaction with name [com.company.project.security.iam.CustomUserDetailsService.loadUserByUsername]: PROPAGATION_REQUIRED,ISOLATION_DEFAULT,readOnly
2026-03-16 17:02:46 [http-nio-8080-exec-16] DEBUG o.s.orm.jpa.JpaTransactionManager - Opened new EntityManager [SessionImpl(279469018<open>)] for JPA transaction
2026-03-16 17:02:46 [http-nio-8080-exec-7] DEBUG c.c.p.s.jwt.JwtAuthenticationFilter - >>> [JwtFilter] Processing request: GET /api/v1/menu/left
2026-03-16 17:02:46 [http-nio-8080-exec-7] DEBUG c.c.p.s.jwt.JwtAuthenticationFilter - >>> [JwtFilter] Found token in header for path: /api/v1/menu/left
2026-03-16 17:02:46 [http-nio-8080-exec-9] DEBUG c.c.p.s.jwt.JwtAuthenticationFilter - >>> [JwtFilter] Processing request: GET /api/v1/menu/left
2026-03-16 17:02:46 [http-nio-8080-exec-14] DEBUG c.c.p.s.jwt.JwtAuthenticationFilter - >>> [JwtFilter] Processing request: GET /api/v1/menu/left
2026-03-16 17:02:46 [http-nio-8080-exec-9] DEBUG c.c.p.s.jwt.JwtAuthenticationFilter - >>> [JwtFilter] Found token in header for path: /api/v1/menu/left
2026-03-16 17:02:46 [http-nio-8080-exec-14] DEBUG c.c.p.s.jwt.JwtAuthenticationFilter - >>> [JwtFilter] Found token in header for path: /api/v1/menu/left
2026-03-16 17:02:46 [http-nio-8080-exec-18] DEBUG o.s.orm.jpa.JpaTransactionManager - Creating new transaction with name [com.company.project.security.iam.CustomUserDetailsService.loadUserByUsername]: PROPAGATION_REQUIRED,ISOLATION_DEFAULT,readOnly
2026-03-16 17:02:46 [http-nio-8080-exec-18] DEBUG o.s.orm.jpa.JpaTransactionManager - Opened new EntityManager [SessionImpl(363861093<open>)] for JPA transaction
2026-03-16 17:02:46 [http-nio-8080-exec-7] DEBUG o.s.orm.jpa.JpaTransactionManager - Creating new transaction with name [com.company.project.security.iam.CustomUserDetailsService.loadUserByUsername]: PROPAGATION_REQUIRED,ISOLATION_DEFAULT,readOnly
2026-03-16 17:02:46 [http-nio-8080-exec-14] DEBUG o.s.orm.jpa.JpaTransactionManager - Creating new transaction with name [com.company.project.security.iam.CustomUserDetailsService.loadUserByUsername]: PROPAGATION_REQUIRED,ISOLATION_DEFAULT,readOnly
2026-03-16 17:02:46 [http-nio-8080-exec-9] DEBUG o.s.orm.jpa.JpaTransactionManager - Creating new transaction with name [com.company.project.security.iam.CustomUserDetailsService.loadUserByUsername]: PROPAGATION_REQUIRED,ISOLATION_DEFAULT,readOnly
2026-03-16 17:02:46 [http-nio-8080-exec-9] DEBUG o.s.orm.jpa.JpaTransactionManager - Opened new EntityManager [SessionImpl(236999413<open>)] for JPA transaction
2026-03-16 17:02:46 [http-nio-8080-exec-7] DEBUG o.s.orm.jpa.JpaTransactionManager - Opened new EntityManager [SessionImpl(785261068<open>)] for JPA transaction
2026-03-16 17:02:46 [http-nio-8080-exec-18] DEBUG o.s.orm.jpa.JpaTransactionManager - Exposing JPA transaction as JDBC [org.springframework.orm.jpa.vendor.HibernateJpaDialect$HibernateConnectionHandle@68f5b8d4]
2026-03-16 17:02:46 [http-nio-8080-exec-14] DEBUG o.s.orm.jpa.JpaTransactionManager - Opened new EntityManager [SessionImpl(1041514364<open>)] for JPA transaction
2026-03-16 17:02:46 [http-nio-8080-exec-18] DEBUG o.s.orm.jpa.JpaTransactionManager - Found thread-bound EntityManager [SessionImpl(363861093<open>)] for JPA transaction
2026-03-16 17:02:46 [http-nio-8080-exec-18] DEBUG o.s.orm.jpa.JpaTransactionManager - Participating in existing transaction
2026-03-16 17:02:46 [http-nio-8080-exec-18] DEBUG org.hibernate.SQL - select u1_0.emplyr_id,u1_0.area_no,u1_0.brthdy,u1_0.chg_pwd_cnt,u1_0.frst_register_id,u1_0.frst_regist_pnttm,u1_0.detail_adres,u1_0.email_adres,u1_0.emplyr_sttus_code,u1_0.empl_no,u1_0.esntl_id,u1_0.fxnum,u1_0.group_id,u1_0.house_adres,u1_0.house_end_telno,u1_0.house_middle_telno,u1_0.ihidnum,u1_0.pstinst_code,u1_0.last_updusr_id,u1_0.last_updt_pnttm,u1_0.lock_at,u1_0.lock_cnt,u1_0.lock_last_pnttm,u1_0.mbtlnum,u1_0.ofcps_nm,u1_0.offm_telno,u1_0.orgnzt_id,u1_0.password,u1_0.password_cnsr,u1_0.password_hint,u1_0.chg_pwd_last_pnttm,u1_0.role,u1_0.sbscrb_de,u1_0.sexdstn_code,u1_0.crtfc_dn_value,u1_0.user_nm,u1_0.zip from nemplyrinfo u1_0 where u1_0.emplyr_id=?
2026-03-16 17:02:46 [http-nio-8080-exec-16] DEBUG o.s.orm.jpa.JpaTransactionManager - Exposing JPA transaction as JDBC [org.springframework.orm.jpa.vendor.HibernateJpaDialect$HibernateConnectionHandle@25865b61]
2026-03-16 17:02:46 [http-nio-8080-exec-16] DEBUG o.s.orm.jpa.JpaTransactionManager - Found thread-bound EntityManager [SessionImpl(279469018<open>)] for JPA transaction
2026-03-16 17:02:46 [http-nio-8080-exec-16] DEBUG o.s.orm.jpa.JpaTransactionManager - Participating in existing transaction
2026-03-16 17:02:46 [http-nio-8080-exec-7] DEBUG o.s.orm.jpa.JpaTransactionManager - Exposing JPA transaction as JDBC [org.springframework.orm.jpa.vendor.HibernateJpaDialect$HibernateConnectionHandle@3d1cfe3f]
2026-03-16 17:02:46 [http-nio-8080-exec-16] DEBUG org.hibernate.SQL - select u1_0.emplyr_id,u1_0.area_no,u1_0.brthdy,u1_0.chg_pwd_cnt,u1_0.frst_register_id,u1_0.frst_regist_pnttm,u1_0.detail_adres,u1_0.email_adres,u1_0.emplyr_sttus_code,u1_0.empl_no,u1_0.esntl_id,u1_0.fxnum,u1_0.group_id,u1_0.house_adres,u1_0.house_end_telno,u1_0.house_middle_telno,u1_0.ihidnum,u1_0.pstinst_code,u1_0.last_updusr_id,u1_0.last_updt_pnttm,u1_0.lock_at,u1_0.lock_cnt,u1_0.lock_last_pnttm,u1_0.mbtlnum,u1_0.ofcps_nm,u1_0.offm_telno,u1_0.orgnzt_id,u1_0.password,u1_0.password_cnsr,u1_0.password_hint,u1_0.chg_pwd_last_pnttm,u1_0.role,u1_0.sbscrb_de,u1_0.sexdstn_code,u1_0.crtfc_dn_value,u1_0.user_nm,u1_0.zip from nemplyrinfo u1_0 where u1_0.emplyr_id=?
2026-03-16 17:02:46 [http-nio-8080-exec-7] DEBUG o.s.orm.jpa.JpaTransactionManager - Found thread-bound EntityManager [SessionImpl(785261068<open>)] for JPA transaction
2026-03-16 17:02:46 [http-nio-8080-exec-7] DEBUG o.s.orm.jpa.JpaTransactionManager - Participating in existing transaction
2026-03-16 17:02:46 [http-nio-8080-exec-14] DEBUG o.s.orm.jpa.JpaTransactionManager - Exposing JPA transaction as JDBC [org.springframework.orm.jpa.vendor.HibernateJpaDialect$HibernateConnectionHandle@5d9e69e2]
2026-03-16 17:02:46 [http-nio-8080-exec-14] DEBUG o.s.orm.jpa.JpaTransactionManager - Found thread-bound EntityManager [SessionImpl(1041514364<open>)] for JPA transaction
2026-03-16 17:02:46 [http-nio-8080-exec-7] DEBUG org.hibernate.SQL - select u1_0.emplyr_id,u1_0.area_no,u1_0.brthdy,u1_0.chg_pwd_cnt,u1_0.frst_register_id,u1_0.frst_regist_pnttm,u1_0.detail_adres,u1_0.email_adres,u1_0.emplyr_sttus_code,u1_0.empl_no,u1_0.esntl_id,u1_0.fxnum,u1_0.group_id,u1_0.house_adres,u1_0.house_end_telno,u1_0.house_middle_telno,u1_0.ihidnum,u1_0.pstinst_code,u1_0.last_updusr_id,u1_0.last_updt_pnttm,u1_0.lock_at,u1_0.lock_cnt,u1_0.lock_last_pnttm,u1_0.mbtlnum,u1_0.ofcps_nm,u1_0.offm_telno,u1_0.orgnzt_id,u1_0.password,u1_0.password_cnsr,u1_0.password_hint,u1_0.chg_pwd_last_pnttm,u1_0.role,u1_0.sbscrb_de,u1_0.sexdstn_code,u1_0.crtfc_dn_value,u1_0.user_nm,u1_0.zip from nemplyrinfo u1_0 where u1_0.emplyr_id=?
2026-03-16 17:02:46 [http-nio-8080-exec-14] DEBUG o.s.orm.jpa.JpaTransactionManager - Participating in existing transaction
2026-03-16 17:02:46 [http-nio-8080-exec-14] DEBUG org.hibernate.SQL - select u1_0.emplyr_id,u1_0.area_no,u1_0.brthdy,u1_0.chg_pwd_cnt,u1_0.frst_register_id,u1_0.frst_regist_pnttm,u1_0.detail_adres,u1_0.email_adres,u1_0.emplyr_sttus_code,u1_0.empl_no,u1_0.esntl_id,u1_0.fxnum,u1_0.group_id,u1_0.house_adres,u1_0.house_end_telno,u1_0.house_middle_telno,u1_0.ihidnum,u1_0.pstinst_code,u1_0.last_updusr_id,u1_0.last_updt_pnttm,u1_0.lock_at,u1_0.lock_cnt,u1_0.lock_last_pnttm,u1_0.mbtlnum,u1_0.ofcps_nm,u1_0.offm_telno,u1_0.orgnzt_id,u1_0.password,u1_0.password_cnsr,u1_0.password_hint,u1_0.chg_pwd_last_pnttm,u1_0.role,u1_0.sbscrb_de,u1_0.sexdstn_code,u1_0.crtfc_dn_value,u1_0.user_nm,u1_0.zip from nemplyrinfo u1_0 where u1_0.emplyr_id=?
2026-03-16 17:02:46 [http-nio-8080-exec-18] DEBUG o.s.orm.jpa.JpaTransactionManager - Found thread-bound EntityManager [SessionImpl(363861093<open>)] for JPA transaction
2026-03-16 17:02:46 [http-nio-8080-exec-18] DEBUG o.s.orm.jpa.JpaTransactionManager - Participating in existing transaction
2026-03-16 17:02:46 [http-nio-8080-exec-18] DEBUG org.hibernate.SQL - select ua1_0.scrty_dtrmn_trget_id,ua1_0.author_code,ua1_0.frst_register_id,ua1_0.frst_regist_pnttm,ua1_0.last_updusr_id,ua1_0.last_updt_pnttm,ua1_0.mber_ty_code from nemplyrscrtyestbs ua1_0 where ua1_0.scrty_dtrmn_trget_id=?
2026-03-16 17:02:46 [http-nio-8080-exec-9] DEBUG o.s.orm.jpa.JpaTransactionManager - Exposing JPA transaction as JDBC [org.springframework.orm.jpa.vendor.HibernateJpaDialect$HibernateConnectionHandle@2fca43ca]
2026-03-16 17:02:46 [http-nio-8080-exec-9] DEBUG o.s.orm.jpa.JpaTransactionManager - Found thread-bound EntityManager [SessionImpl(236999413<open>)] for JPA transaction
2026-03-16 17:02:46 [http-nio-8080-exec-9] DEBUG o.s.orm.jpa.JpaTransactionManager - Participating in existing transaction
2026-03-16 17:02:46 [http-nio-8080-exec-9] DEBUG org.hibernate.SQL - select u1_0.emplyr_id,u1_0.area_no,u1_0.brthdy,u1_0.chg_pwd_cnt,u1_0.frst_register_id,u1_0.frst_regist_pnttm,u1_0.detail_adres,u1_0.email_adres,u1_0.emplyr_sttus_code,u1_0.empl_no,u1_0.esntl_id,u1_0.fxnum,u1_0.group_id,u1_0.house_adres,u1_0.house_end_telno,u1_0.house_middle_telno,u1_0.ihidnum,u1_0.pstinst_code,u1_0.last_updusr_id,u1_0.last_updt_pnttm,u1_0.lock_at,u1_0.lock_cnt,u1_0.lock_last_pnttm,u1_0.mbtlnum,u1_0.ofcps_nm,u1_0.offm_telno,u1_0.orgnzt_id,u1_0.password,u1_0.password_cnsr,u1_0.password_hint,u1_0.chg_pwd_last_pnttm,u1_0.role,u1_0.sbscrb_de,u1_0.sexdstn_code,u1_0.crtfc_dn_value,u1_0.user_nm,u1_0.zip from nemplyrinfo u1_0 where u1_0.emplyr_id=?
2026-03-16 17:02:46 [http-nio-8080-exec-18] DEBUG o.s.orm.jpa.JpaTransactionManager - Initiating transaction commit
2026-03-16 17:02:46 [http-nio-8080-exec-14] DEBUG o.s.orm.jpa.JpaTransactionManager - Found thread-bound EntityManager [SessionImpl(1041514364<open>)] for JPA transaction
2026-03-16 17:02:46 [http-nio-8080-exec-16] DEBUG o.s.orm.jpa.JpaTransactionManager - Found thread-bound EntityManager [SessionImpl(279469018<open>)] for JPA transaction
2026-03-16 17:02:46 [http-nio-8080-exec-18] DEBUG o.s.orm.jpa.JpaTransactionManager - Committing JPA transaction on EntityManager [SessionImpl(363861093<open>)]
2026-03-16 17:02:46 [http-nio-8080-exec-7] DEBUG o.s.orm.jpa.JpaTransactionManager - Found thread-bound EntityManager [SessionImpl(785261068<open>)] for JPA transaction
2026-03-16 17:02:46 [http-nio-8080-exec-14] DEBUG o.s.orm.jpa.JpaTransactionManager - Participating in existing transaction
2026-03-16 17:02:46 [http-nio-8080-exec-16] DEBUG o.s.orm.jpa.JpaTransactionManager - Participating in existing transaction
2026-03-16 17:02:46 [http-nio-8080-exec-14] DEBUG org.hibernate.SQL - select ua1_0.scrty_dtrmn_trget_id,ua1_0.author_code,ua1_0.frst_register_id,ua1_0.frst_regist_pnttm,ua1_0.last_updusr_id,ua1_0.last_updt_pnttm,ua1_0.mber_ty_code from nemplyrscrtyestbs ua1_0 where ua1_0.scrty_dtrmn_trget_id=?
2026-03-16 17:02:46 [http-nio-8080-exec-7] DEBUG o.s.orm.jpa.JpaTransactionManager - Participating in existing transaction
2026-03-16 17:02:46 [http-nio-8080-exec-16] DEBUG org.hibernate.SQL - select ua1_0.scrty_dtrmn_trget_id,ua1_0.author_code,ua1_0.frst_register_id,ua1_0.frst_regist_pnttm,ua1_0.last_updusr_id,ua1_0.last_updt_pnttm,ua1_0.mber_ty_code from nemplyrscrtyestbs ua1_0 where ua1_0.scrty_dtrmn_trget_id=?
2026-03-16 17:02:46 [http-nio-8080-exec-7] DEBUG org.hibernate.SQL - select ua1_0.scrty_dtrmn_trget_id,ua1_0.author_code,ua1_0.frst_register_id,ua1_0.frst_regist_pnttm,ua1_0.last_updusr_id,ua1_0.last_updt_pnttm,ua1_0.mber_ty_code from nemplyrscrtyestbs ua1_0 where ua1_0.scrty_dtrmn_trget_id=?
2026-03-16 17:02:46 [http-nio-8080-exec-9] DEBUG o.s.orm.jpa.JpaTransactionManager - Found thread-bound EntityManager [SessionImpl(236999413<open>)] for JPA transaction
2026-03-16 17:02:46 [http-nio-8080-exec-9] DEBUG o.s.orm.jpa.JpaTransactionManager - Participating in existing transaction
2026-03-16 17:02:46 [http-nio-8080-exec-9] DEBUG org.hibernate.SQL - select ua1_0.scrty_dtrmn_trget_id,ua1_0.author_code,ua1_0.frst_register_id,ua1_0.frst_regist_pnttm,ua1_0.last_updusr_id,ua1_0.last_updt_pnttm,ua1_0.mber_ty_code from nemplyrscrtyestbs ua1_0 where ua1_0.scrty_dtrmn_trget_id=?
2026-03-16 17:02:46 [http-nio-8080-exec-18] DEBUG o.s.orm.jpa.JpaTransactionManager - Closing JPA EntityManager [SessionImpl(363861093<open>)] after transaction
2026-03-16 17:02:46 [http-nio-8080-exec-18] DEBUG c.c.p.s.jwt.JwtAuthenticationFilter - >>> [JwtFilter] Successfully authenticated user: USRCNFRM_99999999999, Authorities: [ROLE_ADMIN]
2026-03-16 17:02:46 [http-nio-8080-exec-16] DEBUG o.s.orm.jpa.JpaTransactionManager - Initiating transaction commit
2026-03-16 17:02:46 [http-nio-8080-exec-16] DEBUG o.s.orm.jpa.JpaTransactionManager - Committing JPA transaction on EntityManager [SessionImpl(279469018<open>)]
2026-03-16 17:02:46 [http-nio-8080-exec-18] DEBUG o.s.web.servlet.DispatcherServlet - GET "/api/v1/menu/left?menuNo=50", parameters={masked}
2026-03-16 17:02:46 [http-nio-8080-exec-18] TRACE o.s.w.s.m.m.a.RequestMappingHandlerMapping - Mapped to com.company.project.api.controller.menu.MenuController#getLeftMenu(Long)
2026-03-16 17:02:46 [http-nio-8080-exec-18] INFO  c.c.p.a.c.menu.MenuController - getLeftMenu called with menuNo=50
2026-03-16 17:02:46 [http-nio-8080-exec-7] DEBUG o.s.orm.jpa.JpaTransactionManager - Initiating transaction commit
2026-03-16 17:02:46 [http-nio-8080-exec-14] DEBUG o.s.orm.jpa.JpaTransactionManager - Initiating transaction commit
2026-03-16 17:02:46 [http-nio-8080-exec-18] DEBUG o.s.orm.jpa.JpaTransactionManager - Creating new transaction with name [com.company.project.service.menu.MenuService.getSubMenus]: PROPAGATION_REQUIRED,ISOLATION_DEFAULT,readOnly
2026-03-16 17:02:46 [http-nio-8080-exec-7] DEBUG o.s.orm.jpa.JpaTransactionManager - Committing JPA transaction on EntityManager [SessionImpl(785261068<open>)]
2026-03-16 17:02:46 [http-nio-8080-exec-18] DEBUG o.s.orm.jpa.JpaTransactionManager - Opened new EntityManager [SessionImpl(436987419<open>)] for JPA transaction
2026-03-16 17:02:46 [http-nio-8080-exec-18] DEBUG o.s.orm.jpa.JpaTransactionManager - Exposing JPA transaction as JDBC [org.springframework.orm.jpa.vendor.HibernateJpaDialect$HibernateConnectionHandle@2837eab]
2026-03-16 17:02:46 [http-nio-8080-exec-14] DEBUG o.s.orm.jpa.JpaTransactionManager - Committing JPA transaction on EntityManager [SessionImpl(1041514364<open>)]
2026-03-16 17:02:46 [http-nio-8080-exec-18] DEBUG org.hibernate.SQL - select m1_0.menu_no,m1_0.menu_dc,m1_0.menu_nm,m1_0.menu_ordr,m1_0.modern_route,m1_0.progrm_file_nm,m1_0.relate_image_nm,m1_0.relate_image_path,m1_0.route_updated_at,m1_0.upper_menu_no from nmenuinfo m1_0 order by m1_0.upper_menu_no,m1_0.menu_ordr
2026-03-16 17:02:46 [http-nio-8080-exec-9] DEBUG o.s.orm.jpa.JpaTransactionManager - Initiating transaction commit
2026-03-16 17:02:46 [http-nio-8080-exec-9] DEBUG o.s.orm.jpa.JpaTransactionManager - Committing JPA transaction on EntityManager [SessionImpl(236999413<open>)]
2026-03-16 17:02:46 [http-nio-8080-exec-7] DEBUG o.s.orm.jpa.JpaTransactionManager - Closing JPA EntityManager [SessionImpl(785261068<open>)] after transaction
2026-03-16 17:02:46 [http-nio-8080-exec-7] DEBUG c.c.p.s.jwt.JwtAuthenticationFilter - >>> [JwtFilter] Successfully authenticated user: USRCNFRM_99999999999, Authorities: [ROLE_ADMIN]
2026-03-16 17:02:46 [http-nio-8080-exec-7] DEBUG o.s.web.servlet.DispatcherServlet - GET "/api/v1/menu/left?menuNo=60", parameters={masked}
2026-03-16 17:02:46 [http-nio-8080-exec-7] TRACE o.s.w.s.m.m.a.RequestMappingHandlerMapping - Mapped to com.company.project.api.controller.menu.MenuController#getLeftMenu(Long)
2026-03-16 17:02:46 [http-nio-8080-exec-7] INFO  c.c.p.a.c.menu.MenuController - getLeftMenu called with menuNo=60
2026-03-16 17:02:46 [http-nio-8080-exec-7] DEBUG o.s.orm.jpa.JpaTransactionManager - Creating new transaction with name [com.company.project.service.menu.MenuService.getSubMenus]: PROPAGATION_REQUIRED,ISOLATION_DEFAULT,readOnly
2026-03-16 17:02:46 [http-nio-8080-exec-7] DEBUG o.s.orm.jpa.JpaTransactionManager - Opened new EntityManager [SessionImpl(1743478993<open>)] for JPA transaction
2026-03-16 17:02:46 [http-nio-8080-exec-7] DEBUG o.s.orm.jpa.JpaTransactionManager - Exposing JPA transaction as JDBC [org.springframework.orm.jpa.vendor.HibernateJpaDialect$HibernateConnectionHandle@4f10169c]
2026-03-16 17:02:46 [http-nio-8080-exec-7] DEBUG org.hibernate.SQL - select m1_0.menu_no,m1_0.menu_dc,m1_0.menu_nm,m1_0.menu_ordr,m1_0.modern_route,m1_0.progrm_file_nm,m1_0.relate_image_nm,m1_0.relate_image_path,m1_0.route_updated_at,m1_0.upper_menu_no from nmenuinfo m1_0 order by m1_0.upper_menu_no,m1_0.menu_ordr
2026-03-16 17:02:46 [http-nio-8080-exec-16] DEBUG o.s.orm.jpa.JpaTransactionManager - Closing JPA EntityManager [SessionImpl(279469018<open>)] after transaction
2026-03-16 17:02:46 [http-nio-8080-exec-16] DEBUG c.c.p.s.jwt.JwtAuthenticationFilter - >>> [JwtFilter] Successfully authenticated user: USRCNFRM_99999999999, Authorities: [ROLE_ADMIN]
2026-03-16 17:02:46 [http-nio-8080-exec-14] DEBUG o.s.orm.jpa.JpaTransactionManager - Closing JPA EntityManager [SessionImpl(1041514364<open>)] after transaction
2026-03-16 17:02:46 [http-nio-8080-exec-16] DEBUG o.s.web.servlet.DispatcherServlet - GET "/api/v1/menu/left?menuNo=10", parameters={masked}
2026-03-16 17:02:46 [http-nio-8080-exec-14] DEBUG c.c.p.s.jwt.JwtAuthenticationFilter - >>> [JwtFilter] Successfully authenticated user: USRCNFRM_99999999999, Authorities: [ROLE_ADMIN]
2026-03-16 17:02:46 [http-nio-8080-exec-16] TRACE o.s.w.s.m.m.a.RequestMappingHandlerMapping - Mapped to com.company.project.api.controller.menu.MenuController#getLeftMenu(Long)
2026-03-16 17:02:46 [http-nio-8080-exec-16] INFO  c.c.p.a.c.menu.MenuController - getLeftMenu called with menuNo=10
2026-03-16 17:02:46 [http-nio-8080-exec-16] DEBUG o.s.orm.jpa.JpaTransactionManager - Creating new transaction with name [com.company.project.service.menu.MenuService.getSubMenus]: PROPAGATION_REQUIRED,ISOLATION_DEFAULT,readOnly
2026-03-16 17:02:46 [http-nio-8080-exec-14] DEBUG o.s.web.servlet.DispatcherServlet - GET "/api/v1/menu/left?menuNo=40", parameters={masked}
2026-03-16 17:02:46 [http-nio-8080-exec-16] DEBUG o.s.orm.jpa.JpaTransactionManager - Opened new EntityManager [SessionImpl(2054442295<open>)] for JPA transaction
2026-03-16 17:02:46 [http-nio-8080-exec-16] DEBUG o.s.orm.jpa.JpaTransactionManager - Exposing JPA transaction as JDBC [org.springframework.orm.jpa.vendor.HibernateJpaDialect$HibernateConnectionHandle@4237bf0a]
2026-03-16 17:02:46 [http-nio-8080-exec-14] TRACE o.s.w.s.m.m.a.RequestMappingHandlerMapping - Mapped to com.company.project.api.controller.menu.MenuController#getLeftMenu(Long)
2026-03-16 17:02:46 [http-nio-8080-exec-14] INFO  c.c.p.a.c.menu.MenuController - getLeftMenu called with menuNo=40
2026-03-16 17:02:46 [http-nio-8080-exec-16] DEBUG org.hibernate.SQL - select m1_0.menu_no,m1_0.menu_dc,m1_0.menu_nm,m1_0.menu_ordr,m1_0.modern_route,m1_0.progrm_file_nm,m1_0.relate_image_nm,m1_0.relate_image_path,m1_0.route_updated_at,m1_0.upper_menu_no from nmenuinfo m1_0 order by m1_0.upper_menu_no,m1_0.menu_ordr
2026-03-16 17:02:46 [http-nio-8080-exec-14] DEBUG o.s.orm.jpa.JpaTransactionManager - Creating new transaction with name [com.company.project.service.menu.MenuService.getSubMenus]: PROPAGATION_REQUIRED,ISOLATION_DEFAULT,readOnly
2026-03-16 17:02:46 [http-nio-8080-exec-14] DEBUG o.s.orm.jpa.JpaTransactionManager - Opened new EntityManager [SessionImpl(76852861<open>)] for JPA transaction
2026-03-16 17:02:46 [http-nio-8080-exec-14] DEBUG o.s.orm.jpa.JpaTransactionManager - Exposing JPA transaction as JDBC [org.springframework.orm.jpa.vendor.HibernateJpaDialect$HibernateConnectionHandle@3b027c93]
2026-03-16 17:02:46 [http-nio-8080-exec-14] DEBUG org.hibernate.SQL - select m1_0.menu_no,m1_0.menu_dc,m1_0.menu_nm,m1_0.menu_ordr,m1_0.modern_route,m1_0.progrm_file_nm,m1_0.relate_image_nm,m1_0.relate_image_path,m1_0.route_updated_at,m1_0.upper_menu_no from nmenuinfo m1_0 order by m1_0.upper_menu_no,m1_0.menu_ordr
2026-03-16 17:02:46 [http-nio-8080-exec-9] DEBUG o.s.orm.jpa.JpaTransactionManager - Closing JPA EntityManager [SessionImpl(236999413<open>)] after transaction
2026-03-16 17:02:46 [http-nio-8080-exec-9] DEBUG c.c.p.s.jwt.JwtAuthenticationFilter - >>> [JwtFilter] Successfully authenticated user: USRCNFRM_99999999999, Authorities: [ROLE_ADMIN]
2026-03-16 17:02:46 [http-nio-8080-exec-9] DEBUG o.s.web.servlet.DispatcherServlet - GET "/api/v1/menu/left?menuNo=20", parameters={masked}
2026-03-16 17:02:46 [http-nio-8080-exec-9] TRACE o.s.w.s.m.m.a.RequestMappingHandlerMapping - Mapped to com.company.project.api.controller.menu.MenuController#getLeftMenu(Long)
2026-03-16 17:02:46 [http-nio-8080-exec-9] INFO  c.c.p.a.c.menu.MenuController - getLeftMenu called with menuNo=20
2026-03-16 17:02:46 [http-nio-8080-exec-9] DEBUG o.s.orm.jpa.JpaTransactionManager - Creating new transaction with name [com.company.project.service.menu.MenuService.getSubMenus]: PROPAGATION_REQUIRED,ISOLATION_DEFAULT,readOnly
2026-03-16 17:02:46 [http-nio-8080-exec-9] DEBUG o.s.orm.jpa.JpaTransactionManager - Opened new EntityManager [SessionImpl(1075078718<open>)] for JPA transaction
2026-03-16 17:02:46 [http-nio-8080-exec-9] DEBUG o.s.orm.jpa.JpaTransactionManager - Exposing JPA transaction as JDBC [org.springframework.orm.jpa.vendor.HibernateJpaDialect$HibernateConnectionHandle@3aaf53fb]
2026-03-16 17:02:46 [http-nio-8080-exec-9] DEBUG org.hibernate.SQL - select m1_0.menu_no,m1_0.menu_dc,m1_0.menu_nm,m1_0.menu_ordr,m1_0.modern_route,m1_0.progrm_file_nm,m1_0.relate_image_nm,m1_0.relate_image_path,m1_0.route_updated_at,m1_0.upper_menu_no from nmenuinfo m1_0 order by m1_0.upper_menu_no,m1_0.menu_ordr
2026-03-16 17:02:46 [http-nio-8080-exec-18] DEBUG o.s.orm.jpa.JpaTransactionManager - Found thread-bound EntityManager [SessionImpl(436987419<open>)] for JPA transaction
2026-03-16 17:02:46 [http-nio-8080-exec-18] DEBUG o.s.orm.jpa.JpaTransactionManager - Participating in existing transaction
2026-03-16 17:02:46 [http-nio-8080-exec-18] DEBUG org.hibernate.SQL - select p1_0.progrm_file_nm,p1_0.progrm_dc,p1_0.progrm_korean_nm,p1_0.progrm_stre_path,p1_0.url from nprogrmlist p1_0
2026-03-16 17:02:47 [http-nio-8080-exec-16] DEBUG o.s.orm.jpa.JpaTransactionManager - Found thread-bound EntityManager [SessionImpl(2054442295<open>)] for JPA transaction
2026-03-16 17:02:47 [http-nio-8080-exec-7] DEBUG o.s.orm.jpa.JpaTransactionManager - Found thread-bound EntityManager [SessionImpl(1743478993<open>)] for JPA transaction
2026-03-16 17:02:47 [http-nio-8080-exec-16] DEBUG o.s.orm.jpa.JpaTransactionManager - Participating in existing transaction
2026-03-16 17:02:47 [http-nio-8080-exec-7] DEBUG o.s.orm.jpa.JpaTransactionManager - Participating in existing transaction
2026-03-16 17:02:47 [http-nio-8080-exec-16] DEBUG org.hibernate.SQL - select p1_0.progrm_file_nm,p1_0.progrm_dc,p1_0.progrm_korean_nm,p1_0.progrm_stre_path,p1_0.url from nprogrmlist p1_0
2026-03-16 17:02:47 [http-nio-8080-exec-7] DEBUG org.hibernate.SQL - select p1_0.progrm_file_nm,p1_0.progrm_dc,p1_0.progrm_korean_nm,p1_0.progrm_stre_path,p1_0.url from nprogrmlist p1_0
2026-03-16 17:02:47 [http-nio-8080-exec-18] DEBUG o.s.orm.jpa.JpaTransactionManager - Initiating transaction commit
2026-03-16 17:02:47 [http-nio-8080-exec-18] DEBUG o.s.orm.jpa.JpaTransactionManager - Committing JPA transaction on EntityManager [SessionImpl(436987419<open>)]
2026-03-16 17:02:47 [http-nio-8080-exec-14] DEBUG o.s.orm.jpa.JpaTransactionManager - Found thread-bound EntityManager [SessionImpl(76852861<open>)] for JPA transaction
2026-03-16 17:02:47 [http-nio-8080-exec-14] DEBUG o.s.orm.jpa.JpaTransactionManager - Participating in existing transaction
2026-03-16 17:02:47 [http-nio-8080-exec-14] DEBUG org.hibernate.SQL - select p1_0.progrm_file_nm,p1_0.progrm_dc,p1_0.progrm_korean_nm,p1_0.progrm_stre_path,p1_0.url from nprogrmlist p1_0
2026-03-16 17:02:47 [http-nio-8080-exec-9] DEBUG o.s.orm.jpa.JpaTransactionManager - Found thread-bound EntityManager [SessionImpl(1075078718<open>)] for JPA transaction
2026-03-16 17:02:47 [http-nio-8080-exec-9] DEBUG o.s.orm.jpa.JpaTransactionManager - Participating in existing transaction
2026-03-16 17:02:47 [http-nio-8080-exec-9] DEBUG org.hibernate.SQL - select p1_0.progrm_file_nm,p1_0.progrm_dc,p1_0.progrm_korean_nm,p1_0.progrm_stre_path,p1_0.url from nprogrmlist p1_0
2026-03-16 17:02:47 [http-nio-8080-exec-7] DEBUG o.s.orm.jpa.JpaTransactionManager - Initiating transaction commit
2026-03-16 17:02:47 [http-nio-8080-exec-7] DEBUG o.s.orm.jpa.JpaTransactionManager - Committing JPA transaction on EntityManager [SessionImpl(1743478993<open>)]
2026-03-16 17:02:47 [http-nio-8080-exec-18] DEBUG o.s.orm.jpa.JpaTransactionManager - Closing JPA EntityManager [SessionImpl(436987419<open>)] after transaction
2026-03-16 17:02:47 [http-nio-8080-exec-18] INFO  c.c.p.a.c.menu.MenuController - getLeftMenu returned 3 items
2026-03-16 17:02:47 [http-nio-8080-exec-18] DEBUG o.s.w.s.m.m.a.HttpEntityMethodProcessor - Using 'application/json', given [application/json, text/plain, */*] and supported [application/json, application/*+json, application/yaml]
2026-03-16 17:02:47 [http-nio-8080-exec-18] TRACE o.s.w.s.m.m.a.HttpEntityMethodProcessor - Writing [ApiResponse[success=true, status=200, code=COMMON_001, message=Success, data={list=[com.company.project.service.menu.dto.MenuDto@651a3715, com.company.project.service.menu.dto.MenuDto@6417d7fe, com.company.project.service.menu.dto.MenuDto@1b38ed89]}, timestamp=2026-03-16T17:02:47.277576800]]
2026-03-16 17:02:47 [http-nio-8080-exec-16] DEBUG o.s.orm.jpa.JpaTransactionManager - Initiating transaction commit
2026-03-16 17:02:47 [http-nio-8080-exec-16] DEBUG o.s.orm.jpa.JpaTransactionManager - Committing JPA transaction on EntityManager [SessionImpl(2054442295<open>)]
2026-03-16 17:02:47 [http-nio-8080-exec-18] INFO  c.c.p.a.i.OperationalAuditInterceptor - API Audit Log: URL=/api/v1/menu/left, User=webmaster, IP=0:0:0:0:0:0:0:1
2026-03-16 17:02:47 [http-nio-8080-exec-18] DEBUG o.s.web.servlet.DispatcherServlet - Completed 200 OK
2026-03-16 17:02:47 [http-nio-8080-exec-14] DEBUG o.s.orm.jpa.JpaTransactionManager - Initiating transaction commit
2026-03-16 17:02:47 [http-nio-8080-exec-14] DEBUG o.s.orm.jpa.JpaTransactionManager - Committing JPA transaction on EntityManager [SessionImpl(76852861<open>)]
2026-03-16 17:02:47 [http-nio-8080-exec-9] DEBUG o.s.orm.jpa.JpaTransactionManager - Initiating transaction commit
2026-03-16 17:02:47 [http-nio-8080-exec-9] DEBUG o.s.orm.jpa.JpaTransactionManager - Committing JPA transaction on EntityManager [SessionImpl(1075078718<open>)]
2026-03-16 17:02:47 [http-nio-8080-exec-16] DEBUG o.s.orm.jpa.JpaTransactionManager - Closing JPA EntityManager [SessionImpl(2054442295<open>)] after transaction
2026-03-16 17:02:47 [http-nio-8080-exec-7] DEBUG o.s.orm.jpa.JpaTransactionManager - Closing JPA EntityManager [SessionImpl(1743478993<open>)] after transaction
2026-03-16 17:02:47 [http-nio-8080-exec-16] INFO  c.c.p.a.c.menu.MenuController - getLeftMenu returned 5 items
2026-03-16 17:02:47 [http-nio-8080-exec-7] INFO  c.c.p.a.c.menu.MenuController - getLeftMenu returned 1 items
2026-03-16 17:02:47 [http-nio-8080-exec-16] DEBUG o.s.w.s.m.m.a.HttpEntityMethodProcessor - Using 'application/json', given [application/json, text/plain, */*] and supported [application/json, application/*+json, application/yaml]
2026-03-16 17:02:47 [http-nio-8080-exec-7] DEBUG o.s.w.s.m.m.a.HttpEntityMethodProcessor - Using 'application/json', given [application/json, text/plain, */*] and supported [application/json, application/*+json, application/yaml]
2026-03-16 17:02:47 [http-nio-8080-exec-16] TRACE o.s.w.s.m.m.a.HttpEntityMethodProcessor - Writing [ApiResponse[success=true, status=200, code=COMMON_001, message=Success, data={list=[com.company.project.service.menu.dto.MenuDto@1be45677, com.company.project.service.menu.dto.MenuDto@eeb3bcd, com.company.project.service.menu.dto.MenuDto@5091c3e1, com.company.project.service.menu.dto.MenuDto@5a55ec37, com.company.project.service.menu.dto.MenuDto@63bb5ee4]}, timestamp=2026-03-16T17:02:47.429566500]]
2026-03-16 17:02:47 [http-nio-8080-exec-7] TRACE o.s.w.s.m.m.a.HttpEntityMethodProcessor - Writing [ApiResponse[success=true, status=200, code=COMMON_001, message=Success, data={list=[com.company.project.service.menu.dto.MenuDto@723ad99f]}, timestamp=2026-03-16T17:02:47.429566500]]
2026-03-16 17:02:47 [http-nio-8080-exec-7] INFO  c.c.p.a.i.OperationalAuditInterceptor - API Audit Log: URL=/api/v1/menu/left, User=webmaster, IP=0:0:0:0:0:0:0:1
2026-03-16 17:02:47 [http-nio-8080-exec-7] DEBUG o.s.web.servlet.DispatcherServlet - Completed 200 OK
2026-03-16 17:02:47 [http-nio-8080-exec-16] INFO  c.c.p.a.i.OperationalAuditInterceptor - API Audit Log: URL=/api/v1/menu/left, User=webmaster, IP=0:0:0:0:0:0:0:1
2026-03-16 17:02:47 [http-nio-8080-exec-16] DEBUG o.s.web.servlet.DispatcherServlet - Completed 200 OK
2026-03-16 17:02:47 [http-nio-8080-exec-14] DEBUG o.s.orm.jpa.JpaTransactionManager - Closing JPA EntityManager [SessionImpl(76852861<open>)] after transaction
2026-03-16 17:02:47 [http-nio-8080-exec-14] INFO  c.c.p.a.c.menu.MenuController - getLeftMenu returned 2 items
2026-03-16 17:02:47 [http-nio-8080-exec-14] DEBUG o.s.w.s.m.m.a.HttpEntityMethodProcessor - Using 'application/json', given [application/json, text/plain, */*] and supported [application/json, application/*+json, application/yaml]
2026-03-16 17:02:47 [http-nio-8080-exec-14] TRACE o.s.w.s.m.m.a.HttpEntityMethodProcessor - Writing [ApiResponse[success=true, status=200, code=COMMON_001, message=Success, data={list=[com.company.project.service.menu.dto.MenuDto@3cf3433c, com.company.project.service.menu.dto.MenuDto@7bda9277]}, timestamp=2026-03-16T17:02:47.438077600]]
2026-03-16 17:02:47 [http-nio-8080-exec-14] INFO  c.c.p.a.i.OperationalAuditInterceptor - API Audit Log: URL=/api/v1/menu/left, User=webmaster, IP=0:0:0:0:0:0:0:1
2026-03-16 17:02:47 [http-nio-8080-exec-14] DEBUG o.s.web.servlet.DispatcherServlet - Completed 200 OK
2026-03-16 17:02:47 [http-nio-8080-exec-9] DEBUG o.s.orm.jpa.JpaTransactionManager - Closing JPA EntityManager [SessionImpl(1075078718<open>)] after transaction
2026-03-16 17:02:47 [http-nio-8080-exec-9] INFO  c.c.p.a.c.menu.MenuController - getLeftMenu returned 3 items
2026-03-16 17:02:47 [http-nio-8080-exec-9] DEBUG o.s.w.s.m.m.a.HttpEntityMethodProcessor - Using 'application/json', given [application/json, text/plain, */*] and supported [application/json, application/*+json, application/yaml]
2026-03-16 17:02:47 [http-nio-8080-exec-9] TRACE o.s.w.s.m.m.a.HttpEntityMethodProcessor - Writing [ApiResponse[success=true, status=200, code=COMMON_001, message=Success, data={list=[com.company.project.service.menu.dto.MenuDto@1dcf2237, com.company.project.service.menu.dto.MenuDto@53b4d92b, com.company.project.service.menu.dto.MenuDto@5441402e]}, timestamp=2026-03-16T17:02:47.477895500]]
2026-03-16 17:02:47 [http-nio-8080-exec-9] INFO  c.c.p.a.i.OperationalAuditInterceptor - API Audit Log: URL=/api/v1/menu/left, User=webmaster, IP=0:0:0:0:0:0:0:1
2026-03-16 17:02:47 [http-nio-8080-exec-9] DEBUG o.s.web.servlet.DispatcherServlet - Completed 200 OK
2026-03-16 17:02:47 [http-nio-8080-exec-11] DEBUG c.c.p.s.jwt.JwtAuthenticationFilter - >>> [JwtFilter] Processing request: GET /api/v1/auth/me
2026-03-16 17:02:47 [http-nio-8080-exec-13] DEBUG c.c.p.s.jwt.JwtAuthenticationFilter - >>> [JwtFilter] Processing request: GET /api/v1/menu/head
2026-03-16 17:02:47 [http-nio-8080-exec-1] DEBUG c.c.p.s.jwt.JwtAuthenticationFilter - >>> [JwtFilter] Processing request: GET /api/v1/menu/left
2026-03-16 17:02:47 [http-nio-8080-exec-11] DEBUG c.c.p.s.jwt.JwtAuthenticationFilter - >>> [JwtFilter] Found token in header for path: /api/v1/auth/me
2026-03-16 17:02:47 [http-nio-8080-exec-1] DEBUG c.c.p.s.jwt.JwtAuthenticationFilter - >>> [JwtFilter] Found token in header for path: /api/v1/menu/left
2026-03-16 17:02:47 [http-nio-8080-exec-13] DEBUG c.c.p.s.jwt.JwtAuthenticationFilter - >>> [JwtFilter] Found token in header for path: /api/v1/menu/head
2026-03-16 17:02:47 [http-nio-8080-exec-1] DEBUG o.s.orm.jpa.JpaTransactionManager - Creating new transaction with name [com.company.project.security.iam.CustomUserDetailsService.loadUserByUsername]: PROPAGATION_REQUIRED,ISOLATION_DEFAULT,readOnly
2026-03-16 17:02:47 [http-nio-8080-exec-11] DEBUG o.s.orm.jpa.JpaTransactionManager - Creating new transaction with name [com.company.project.security.iam.CustomUserDetailsService.loadUserByUsername]: PROPAGATION_REQUIRED,ISOLATION_DEFAULT,readOnly
2026-03-16 17:02:47 [http-nio-8080-exec-13] DEBUG o.s.orm.jpa.JpaTransactionManager - Creating new transaction with name [com.company.project.security.iam.CustomUserDetailsService.loadUserByUsername]: PROPAGATION_REQUIRED,ISOLATION_DEFAULT,readOnly
2026-03-16 17:02:47 [http-nio-8080-exec-11] DEBUG o.s.orm.jpa.JpaTransactionManager - Opened new EntityManager [SessionImpl(206272745<open>)] for JPA transaction
2026-03-16 17:02:47 [http-nio-8080-exec-1] DEBUG o.s.orm.jpa.JpaTransactionManager - Opened new EntityManager [SessionImpl(733219601<open>)] for JPA transaction
2026-03-16 17:02:47 [http-nio-8080-exec-13] DEBUG o.s.orm.jpa.JpaTransactionManager - Opened new EntityManager [SessionImpl(1553176558<open>)] for JPA transaction
2026-03-16 17:02:47 [http-nio-8080-exec-11] DEBUG o.s.orm.jpa.JpaTransactionManager - Exposing JPA transaction as JDBC [org.springframework.orm.jpa.vendor.HibernateJpaDialect$HibernateConnectionHandle@6e914a7b]
2026-03-16 17:02:47 [http-nio-8080-exec-11] DEBUG o.s.orm.jpa.JpaTransactionManager - Found thread-bound EntityManager [SessionImpl(206272745<open>)] for JPA transaction
2026-03-16 17:02:47 [http-nio-8080-exec-11] DEBUG o.s.orm.jpa.JpaTransactionManager - Participating in existing transaction
2026-03-16 17:02:47 [http-nio-8080-exec-11] DEBUG org.hibernate.SQL - select u1_0.emplyr_id,u1_0.area_no,u1_0.brthdy,u1_0.chg_pwd_cnt,u1_0.frst_register_id,u1_0.frst_regist_pnttm,u1_0.detail_adres,u1_0.email_adres,u1_0.emplyr_sttus_code,u1_0.empl_no,u1_0.esntl_id,u1_0.fxnum,u1_0.group_id,u1_0.house_adres,u1_0.house_end_telno,u1_0.house_middle_telno,u1_0.ihidnum,u1_0.pstinst_code,u1_0.last_updusr_id,u1_0.last_updt_pnttm,u1_0.lock_at,u1_0.lock_cnt,u1_0.lock_last_pnttm,u1_0.mbtlnum,u1_0.ofcps_nm,u1_0.offm_telno,u1_0.orgnzt_id,u1_0.password,u1_0.password_cnsr,u1_0.password_hint,u1_0.chg_pwd_last_pnttm,u1_0.role,u1_0.sbscrb_de,u1_0.sexdstn_code,u1_0.crtfc_dn_value,u1_0.user_nm,u1_0.zip from nemplyrinfo u1_0 where u1_0.emplyr_id=?
2026-03-16 17:02:48 [http-nio-8080-exec-13] DEBUG o.s.orm.jpa.JpaTransactionManager - Exposing JPA transaction as JDBC [org.springframework.orm.jpa.vendor.HibernateJpaDialect$HibernateConnectionHandle@47a031d5]
2026-03-16 17:02:48 [http-nio-8080-exec-1] DEBUG o.s.orm.jpa.JpaTransactionManager - Exposing JPA transaction as JDBC [org.springframework.orm.jpa.vendor.HibernateJpaDialect$HibernateConnectionHandle@555f039a]
2026-03-16 17:02:48 [http-nio-8080-exec-13] DEBUG o.s.orm.jpa.JpaTransactionManager - Found thread-bound EntityManager [SessionImpl(1553176558<open>)] for JPA transaction
2026-03-16 17:02:48 [http-nio-8080-exec-13] DEBUG o.s.orm.jpa.JpaTransactionManager - Participating in existing transaction
2026-03-16 17:02:48 [http-nio-8080-exec-1] DEBUG o.s.orm.jpa.JpaTransactionManager - Found thread-bound EntityManager [SessionImpl(733219601<open>)] for JPA transaction
2026-03-16 17:02:48 [http-nio-8080-exec-1] DEBUG o.s.orm.jpa.JpaTransactionManager - Participating in existing transaction
2026-03-16 17:02:48 [http-nio-8080-exec-13] DEBUG org.hibernate.SQL - select u1_0.emplyr_id,u1_0.area_no,u1_0.brthdy,u1_0.chg_pwd_cnt,u1_0.frst_register_id,u1_0.frst_regist_pnttm,u1_0.detail_adres,u1_0.email_adres,u1_0.emplyr_sttus_code,u1_0.empl_no,u1_0.esntl_id,u1_0.fxnum,u1_0.group_id,u1_0.house_adres,u1_0.house_end_telno,u1_0.house_middle_telno,u1_0.ihidnum,u1_0.pstinst_code,u1_0.last_updusr_id,u1_0.last_updt_pnttm,u1_0.lock_at,u1_0.lock_cnt,u1_0.lock_last_pnttm,u1_0.mbtlnum,u1_0.ofcps_nm,u1_0.offm_telno,u1_0.orgnzt_id,u1_0.password,u1_0.password_cnsr,u1_0.password_hint,u1_0.chg_pwd_last_pnttm,u1_0.role,u1_0.sbscrb_de,u1_0.sexdstn_code,u1_0.crtfc_dn_value,u1_0.user_nm,u1_0.zip from nemplyrinfo u1_0 where u1_0.emplyr_id=?
2026-03-16 17:02:48 [http-nio-8080-exec-1] DEBUG org.hibernate.SQL - select u1_0.emplyr_id,u1_0.area_no,u1_0.brthdy,u1_0.chg_pwd_cnt,u1_0.frst_register_id,u1_0.frst_regist_pnttm,u1_0.detail_adres,u1_0.email_adres,u1_0.emplyr_sttus_code,u1_0.empl_no,u1_0.esntl_id,u1_0.fxnum,u1_0.group_id,u1_0.house_adres,u1_0.house_end_telno,u1_0.house_middle_telno,u1_0.ihidnum,u1_0.pstinst_code,u1_0.last_updusr_id,u1_0.last_updt_pnttm,u1_0.lock_at,u1_0.lock_cnt,u1_0.lock_last_pnttm,u1_0.mbtlnum,u1_0.ofcps_nm,u1_0.offm_telno,u1_0.orgnzt_id,u1_0.password,u1_0.password_cnsr,u1_0.password_hint,u1_0.chg_pwd_last_pnttm,u1_0.role,u1_0.sbscrb_de,u1_0.sexdstn_code,u1_0.crtfc_dn_value,u1_0.user_nm,u1_0.zip from nemplyrinfo u1_0 where u1_0.emplyr_id=?
2026-03-16 17:02:48 [http-nio-8080-exec-11] DEBUG o.s.orm.jpa.JpaTransactionManager - Found thread-bound EntityManager [SessionImpl(206272745<open>)] for JPA transaction
2026-03-16 17:02:48 [http-nio-8080-exec-11] DEBUG o.s.orm.jpa.JpaTransactionManager - Participating in existing transaction
2026-03-16 17:02:48 [http-nio-8080-exec-11] DEBUG org.hibernate.SQL - select ua1_0.scrty_dtrmn_trget_id,ua1_0.author_code,ua1_0.frst_register_id,ua1_0.frst_regist_pnttm,ua1_0.last_updusr_id,ua1_0.last_updt_pnttm,ua1_0.mber_ty_code from nemplyrscrtyestbs ua1_0 where ua1_0.scrty_dtrmn_trget_id=?
2026-03-16 17:02:48 [http-nio-8080-exec-17] DEBUG c.c.p.s.jwt.JwtAuthenticationFilter - >>> [JwtFilter] Processing request: POST /api/v1/auth/login
2026-03-16 17:02:48 [http-nio-8080-exec-17] DEBUG c.c.p.s.jwt.JwtAuthenticationFilter - >>> [JwtFilter] Found token in header for path: /api/v1/auth/login
2026-03-16 17:02:48 [http-nio-8080-exec-17] DEBUG o.s.orm.jpa.JpaTransactionManager - Creating new transaction with name [com.company.project.security.iam.CustomUserDetailsService.loadUserByUsername]: PROPAGATION_REQUIRED,ISOLATION_DEFAULT,readOnly
2026-03-16 17:02:48 [http-nio-8080-exec-17] DEBUG o.s.orm.jpa.JpaTransactionManager - Opened new EntityManager [SessionImpl(1802932350<open>)] for JPA transaction
2026-03-16 17:02:48 [http-nio-8080-exec-1] DEBUG o.s.orm.jpa.JpaTransactionManager - Found thread-bound EntityManager [SessionImpl(733219601<open>)] for JPA transaction
2026-03-16 17:02:48 [http-nio-8080-exec-13] DEBUG o.s.orm.jpa.JpaTransactionManager - Found thread-bound EntityManager [SessionImpl(1553176558<open>)] for JPA transaction
2026-03-16 17:02:48 [http-nio-8080-exec-1] DEBUG o.s.orm.jpa.JpaTransactionManager - Participating in existing transaction
2026-03-16 17:02:48 [http-nio-8080-exec-13] DEBUG o.s.orm.jpa.JpaTransactionManager - Participating in existing transaction
2026-03-16 17:02:48 [http-nio-8080-exec-1] DEBUG org.hibernate.SQL - select ua1_0.scrty_dtrmn_trget_id,ua1_0.author_code,ua1_0.frst_register_id,ua1_0.frst_regist_pnttm,ua1_0.last_updusr_id,ua1_0.last_updt_pnttm,ua1_0.mber_ty_code from nemplyrscrtyestbs ua1_0 where ua1_0.scrty_dtrmn_trget_id=?
2026-03-16 17:02:48 [http-nio-8080-exec-13] DEBUG org.hibernate.SQL - select ua1_0.scrty_dtrmn_trget_id,ua1_0.author_code,ua1_0.frst_register_id,ua1_0.frst_regist_pnttm,ua1_0.last_updusr_id,ua1_0.last_updt_pnttm,ua1_0.mber_ty_code from nemplyrscrtyestbs ua1_0 where ua1_0.scrty_dtrmn_trget_id=?
2026-03-16 17:02:48 [http-nio-8080-exec-11] DEBUG o.s.orm.jpa.JpaTransactionManager - Initiating transaction commit
2026-03-16 17:02:48 [http-nio-8080-exec-11] DEBUG o.s.orm.jpa.JpaTransactionManager - Committing JPA transaction on EntityManager [SessionImpl(206272745<open>)]
2026-03-16 17:02:48 [http-nio-8080-exec-17] DEBUG o.s.orm.jpa.JpaTransactionManager - Exposing JPA transaction as JDBC [org.springframework.orm.jpa.vendor.HibernateJpaDialect$HibernateConnectionHandle@66ee1cb9]
2026-03-16 17:02:48 [http-nio-8080-exec-17] DEBUG o.s.orm.jpa.JpaTransactionManager - Found thread-bound EntityManager [SessionImpl(1802932350<open>)] for JPA transaction
2026-03-16 17:02:48 [http-nio-8080-exec-17] DEBUG o.s.orm.jpa.JpaTransactionManager - Participating in existing transaction
2026-03-16 17:02:48 [http-nio-8080-exec-17] DEBUG org.hibernate.SQL - select u1_0.emplyr_id,u1_0.area_no,u1_0.brthdy,u1_0.chg_pwd_cnt,u1_0.frst_register_id,u1_0.frst_regist_pnttm,u1_0.detail_adres,u1_0.email_adres,u1_0.emplyr_sttus_code,u1_0.empl_no,u1_0.esntl_id,u1_0.fxnum,u1_0.group_id,u1_0.house_adres,u1_0.house_end_telno,u1_0.house_middle_telno,u1_0.ihidnum,u1_0.pstinst_code,u1_0.last_updusr_id,u1_0.last_updt_pnttm,u1_0.lock_at,u1_0.lock_cnt,u1_0.lock_last_pnttm,u1_0.mbtlnum,u1_0.ofcps_nm,u1_0.offm_telno,u1_0.orgnzt_id,u1_0.password,u1_0.password_cnsr,u1_0.password_hint,u1_0.chg_pwd_last_pnttm,u1_0.role,u1_0.sbscrb_de,u1_0.sexdstn_code,u1_0.crtfc_dn_value,u1_0.user_nm,u1_0.zip from nemplyrinfo u1_0 where u1_0.emplyr_id=?
2026-03-16 17:02:48 [http-nio-8080-exec-13] DEBUG o.s.orm.jpa.JpaTransactionManager - Initiating transaction commit
2026-03-16 17:02:48 [http-nio-8080-exec-1] DEBUG o.s.orm.jpa.JpaTransactionManager - Initiating transaction commit
2026-03-16 17:02:48 [http-nio-8080-exec-13] DEBUG o.s.orm.jpa.JpaTransactionManager - Committing JPA transaction on EntityManager [SessionImpl(1553176558<open>)]
2026-03-16 17:02:48 [http-nio-8080-exec-1] DEBUG o.s.orm.jpa.JpaTransactionManager - Committing JPA transaction on EntityManager [SessionImpl(733219601<open>)]
2026-03-16 17:02:48 [http-nio-8080-exec-11] DEBUG o.s.orm.jpa.JpaTransactionManager - Closing JPA EntityManager [SessionImpl(206272745<open>)] after transaction
2026-03-16 17:02:48 [http-nio-8080-exec-11] DEBUG c.c.p.s.jwt.JwtAuthenticationFilter - >>> [JwtFilter] Successfully authenticated user: USRCNFRM_99999999999, Authorities: [ROLE_ADMIN]
2026-03-16 17:02:48 [http-nio-8080-exec-11] DEBUG o.s.web.servlet.DispatcherServlet - GET "/api/v1/auth/me", parameters={}
2026-03-16 17:02:48 [http-nio-8080-exec-11] TRACE o.s.w.s.m.m.a.RequestMappingHandlerMapping - Mapped to com.company.project.api.auth.AuthController#getCurrentUser()
2026-03-16 17:02:48 [http-nio-8080-exec-11] DEBUG o.s.w.s.m.m.a.RequestResponseBodyMethodProcessor - Using 'application/json', given [application/json, text/plain, */*] and supported [application/json, application/*+json, application/yaml]
2026-03-16 17:02:48 [http-nio-8080-exec-11] TRACE o.s.w.s.m.m.a.RequestResponseBodyMethodProcessor - Writing [ApiResponse[success=true, status=200, code=COMMON_001, message=Success, data={role=ROLE_ADMIN, userSe=EMP, name=관리자, id=webmaster}, timestamp=2026-03-16T17:02:48.412366400]]
2026-03-16 17:02:48 [http-nio-8080-exec-11] INFO  c.c.p.a.i.OperationalAuditInterceptor - API Audit Log: URL=/api/v1/auth/me, User=webmaster, IP=127.0.0.1
2026-03-16 17:02:48 [http-nio-8080-exec-11] DEBUG o.s.web.servlet.DispatcherServlet - Completed 200 OK
2026-03-16 17:02:48 [http-nio-8080-exec-17] DEBUG o.s.orm.jpa.JpaTransactionManager - Found thread-bound EntityManager [SessionImpl(1802932350<open>)] for JPA transaction
2026-03-16 17:02:48 [http-nio-8080-exec-17] DEBUG o.s.orm.jpa.JpaTransactionManager - Participating in existing transaction
2026-03-16 17:02:48 [http-nio-8080-exec-17] DEBUG org.hibernate.SQL - select ua1_0.scrty_dtrmn_trget_id,ua1_0.author_code,ua1_0.frst_register_id,ua1_0.frst_regist_pnttm,ua1_0.last_updusr_id,ua1_0.last_updt_pnttm,ua1_0.mber_ty_code from nemplyrscrtyestbs ua1_0 where ua1_0.scrty_dtrmn_trget_id=?
2026-03-16 17:02:48 [http-nio-8080-exec-6] DEBUG o.s.web.servlet.DispatcherServlet - GET "/ws/info?t=1773648168430", parameters={masked}
2026-03-16 17:02:48 [http-nio-8080-exec-6] DEBUG o.s.w.s.s.s.WebSocketHandlerMapping - Mapped to org.springframework.web.socket.sockjs.support.SockJsHttpRequestHandler@3d80b7ba
2026-03-16 17:02:48 [http-nio-8080-exec-6] DEBUG o.s.w.s.s.t.h.DefaultSockJsService - Processing transport request: GET http://localhost:8080/ws/info?t=1773648168430
2026-03-16 17:02:48 [http-nio-8080-exec-6] DEBUG o.s.web.servlet.DispatcherServlet - Completed 200 OK
2026-03-16 17:02:48 [http-nio-8080-exec-15] DEBUG c.c.p.s.jwt.JwtAuthenticationFilter - >>> [JwtFilter] Processing request: GET /api/v1/notifications
2026-03-16 17:02:48 [http-nio-8080-exec-15] DEBUG c.c.p.s.jwt.JwtAuthenticationFilter - >>> [JwtFilter] Found token in header for path: /api/v1/notifications
2026-03-16 17:02:48 [http-nio-8080-exec-2] DEBUG c.c.p.s.jwt.JwtAuthenticationFilter - >>> [JwtFilter] Processing request: GET /api/v1/notifications/unread-count
2026-03-16 17:02:48 [http-nio-8080-exec-2] DEBUG c.c.p.s.jwt.JwtAuthenticationFilter - >>> [JwtFilter] Found token in header for path: /api/v1/notifications/unread-count
2026-03-16 17:02:48 [http-nio-8080-exec-15] DEBUG o.s.orm.jpa.JpaTransactionManager - Creating new transaction with name [com.company.project.security.iam.CustomUserDetailsService.loadUserByUsername]: PROPAGATION_REQUIRED,ISOLATION_DEFAULT,readOnly
2026-03-16 17:02:48 [http-nio-8080-exec-15] DEBUG o.s.orm.jpa.JpaTransactionManager - Opened new EntityManager [SessionImpl(614277436<open>)] for JPA transaction
2026-03-16 17:02:48 [http-nio-8080-exec-15] DEBUG o.s.orm.jpa.JpaTransactionManager - Exposing JPA transaction as JDBC [org.springframework.orm.jpa.vendor.HibernateJpaDialect$HibernateConnectionHandle@76c5fb04]
2026-03-16 17:02:48 [http-nio-8080-exec-15] DEBUG o.s.orm.jpa.JpaTransactionManager - Found thread-bound EntityManager [SessionImpl(614277436<open>)] for JPA transaction
2026-03-16 17:02:48 [http-nio-8080-exec-15] DEBUG o.s.orm.jpa.JpaTransactionManager - Participating in existing transaction
2026-03-16 17:02:48 [http-nio-8080-exec-2] DEBUG o.s.orm.jpa.JpaTransactionManager - Creating new transaction with name [com.company.project.security.iam.CustomUserDetailsService.loadUserByUsername]: PROPAGATION_REQUIRED,ISOLATION_DEFAULT,readOnly
2026-03-16 17:02:48 [http-nio-8080-exec-2] DEBUG o.s.orm.jpa.JpaTransactionManager - Opened new EntityManager [SessionImpl(1576064779<open>)] for JPA transaction
2026-03-16 17:02:48 [http-nio-8080-exec-15] DEBUG org.hibernate.SQL - select u1_0.emplyr_id,u1_0.area_no,u1_0.brthdy,u1_0.chg_pwd_cnt,u1_0.frst_register_id,u1_0.frst_regist_pnttm,u1_0.detail_adres,u1_0.email_adres,u1_0.emplyr_sttus_code,u1_0.empl_no,u1_0.esntl_id,u1_0.fxnum,u1_0.group_id,u1_0.house_adres,u1_0.house_end_telno,u1_0.house_middle_telno,u1_0.ihidnum,u1_0.pstinst_code,u1_0.last_updusr_id,u1_0.last_updt_pnttm,u1_0.lock_at,u1_0.lock_cnt,u1_0.lock_last_pnttm,u1_0.mbtlnum,u1_0.ofcps_nm,u1_0.offm_telno,u1_0.orgnzt_id,u1_0.password,u1_0.password_cnsr,u1_0.password_hint,u1_0.chg_pwd_last_pnttm,u1_0.role,u1_0.sbscrb_de,u1_0.sexdstn_code,u1_0.crtfc_dn_value,u1_0.user_nm,u1_0.zip from nemplyrinfo u1_0 where u1_0.emplyr_id=?
2026-03-16 17:02:48 [http-nio-8080-exec-12] DEBUG o.s.web.servlet.DispatcherServlet - GET "/ws/396/cz2s22yb/websocket", parameters={}
2026-03-16 17:02:48 [http-nio-8080-exec-12] DEBUG o.s.w.s.s.s.WebSocketHandlerMapping - Mapped to org.springframework.web.socket.sockjs.support.SockJsHttpRequestHandler@3d80b7ba
2026-03-16 17:02:48 [http-nio-8080-exec-12] DEBUG o.s.w.s.s.t.h.DefaultSockJsService - Processing transport request: GET http://localhost:8080/ws/396/cz2s22yb/websocket
2026-03-16 17:02:48 [http-nio-8080-exec-12] DEBUG o.s.web.servlet.DispatcherServlet - Completed 101 SWITCHING_PROTOCOLS
2026-03-16 17:02:48 [http-nio-8080-exec-12] DEBUG o.s.w.s.h.LoggingWebSocketHandlerDecorator - New WebSocketServerSockJsSession[id=cz2s22yb]
2026-03-16 17:02:48 [scheduling-1] DEBUG org.springframework.web.SimpLogging - Processing CONNECT session=cz2s22yb
2026-03-16 17:02:48 [scheduling-1] DEBUG org.springframework.web.SimpLogging - Processing SUBSCRIBE /topic/notices id=sub-0 session=cz2s22yb
2026-03-16 17:02:48 [scheduling-1] DEBUG org.springframework.web.SimpLogging - Processing SUBSCRIBE destination=/queue/notifications-usercz2s22yb subscriptionId=sub-1 session=cz2s22yb payload=byte[0]
2026-03-16 17:02:48 [scheduling-1] DEBUG org.springframework.web.SimpLogging - Processing SUBSCRIBE /topic/public id=sub-2 session=cz2s22yb
2026-03-16 17:02:48 [http-nio-8080-exec-13] DEBUG o.s.orm.jpa.JpaTransactionManager - Closing JPA EntityManager [SessionImpl(1553176558<open>)] after transaction
2026-03-16 17:02:48 [http-nio-8080-exec-1] DEBUG o.s.orm.jpa.JpaTransactionManager - Closing JPA EntityManager [SessionImpl(733219601<open>)] after transaction
2026-03-16 17:02:48 [http-nio-8080-exec-13] DEBUG c.c.p.s.jwt.JwtAuthenticationFilter - >>> [JwtFilter] Successfully authenticated user: USRCNFRM_99999999999, Authorities: [ROLE_ADMIN]
2026-03-16 17:02:48 [http-nio-8080-exec-1] DEBUG c.c.p.s.jwt.JwtAuthenticationFilter - >>> [JwtFilter] Successfully authenticated user: USRCNFRM_99999999999, Authorities: [ROLE_ADMIN]
2026-03-16 17:02:48 [http-nio-8080-exec-13] DEBUG o.s.web.servlet.DispatcherServlet - GET "/api/v1/menu/head", parameters={}
2026-03-16 17:02:48 [http-nio-8080-exec-1] DEBUG o.s.web.servlet.DispatcherServlet - GET "/api/v1/menu/left?menuNo=10", parameters={masked}
2026-03-16 17:02:48 [http-nio-8080-exec-13] TRACE o.s.w.s.m.m.a.RequestMappingHandlerMapping - Mapped to com.company.project.api.controller.menu.MenuController#getHeadMenu()
2026-03-16 17:02:48 [http-nio-8080-exec-1] TRACE o.s.w.s.m.m.a.RequestMappingHandlerMapping - Mapped to com.company.project.api.controller.menu.MenuController#getLeftMenu(Long)
2026-03-16 17:02:48 [http-nio-8080-exec-13] INFO  c.c.p.a.c.menu.MenuController - getHeadMenu called
2026-03-16 17:02:48 [http-nio-8080-exec-1] INFO  c.c.p.a.c.menu.MenuController - getLeftMenu called with menuNo=10
2026-03-16 17:02:48 [http-nio-8080-exec-1] DEBUG o.s.orm.jpa.JpaTransactionManager - Creating new transaction with name [com.company.project.service.menu.MenuService.getSubMenus]: PROPAGATION_REQUIRED,ISOLATION_DEFAULT,readOnly
2026-03-16 17:02:48 [http-nio-8080-exec-1] DEBUG o.s.orm.jpa.JpaTransactionManager - Opened new EntityManager [SessionImpl(1941097915<open>)] for JPA transaction
2026-03-16 17:02:48 [http-nio-8080-exec-1] DEBUG o.s.orm.jpa.JpaTransactionManager - Exposing JPA transaction as JDBC [org.springframework.orm.jpa.vendor.HibernateJpaDialect$HibernateConnectionHandle@44a3c496]
2026-03-16 17:02:48 [http-nio-8080-exec-13] INFO  c.c.p.a.c.menu.MenuController - getHeadMenu returned 5 items
2026-03-16 17:02:48 [http-nio-8080-exec-1] DEBUG org.hibernate.SQL - select m1_0.menu_no,m1_0.menu_dc,m1_0.menu_nm,m1_0.menu_ordr,m1_0.modern_route,m1_0.progrm_file_nm,m1_0.relate_image_nm,m1_0.relate_image_path,m1_0.route_updated_at,m1_0.upper_menu_no from nmenuinfo m1_0 order by m1_0.upper_menu_no,m1_0.menu_ordr
2026-03-16 17:02:48 [http-nio-8080-exec-13] DEBUG o.s.w.s.m.m.a.HttpEntityMethodProcessor - Using 'application/json', given [application/json, text/plain, */*] and supported [application/json, application/*+json, application/yaml]
2026-03-16 17:02:48 [http-nio-8080-exec-13] TRACE o.s.w.s.m.m.a.HttpEntityMethodProcessor - Writing [ApiResponse[success=true, status=200, code=COMMON_001, message=Success, data={list=[com.company.project.service.menu.dto.MenuDto@2b80d6b0, com.company.project.service.menu.dto.MenuDto@1418cfa3, com.company.project.service.menu.dto.MenuDto@f230bf1, com.company.project.service.menu.dto.MenuDto@734a7f6a, com.company.project.service.menu.dto.MenuDto@5e5202e5]}, timestamp=2026-03-16T17:02:48.544652]]
2026-03-16 17:02:48 [http-nio-8080-exec-13] INFO  c.c.p.a.i.OperationalAuditInterceptor - API Audit Log: URL=/api/v1/menu/head, User=webmaster, IP=127.0.0.1
2026-03-16 17:02:48 [http-nio-8080-exec-13] DEBUG o.s.web.servlet.DispatcherServlet - Completed 200 OK
2026-03-16 17:02:48 [http-nio-8080-exec-17] DEBUG o.s.orm.jpa.JpaTransactionManager - Initiating transaction commit
2026-03-16 17:02:48 [http-nio-8080-exec-17] DEBUG o.s.orm.jpa.JpaTransactionManager - Committing JPA transaction on EntityManager [SessionImpl(1802932350<open>)]
2026-03-16 17:02:48 [http-nio-8080-exec-2] DEBUG o.s.orm.jpa.JpaTransactionManager - Exposing JPA transaction as JDBC [org.springframework.orm.jpa.vendor.HibernateJpaDialect$HibernateConnectionHandle@4b86f04b]
2026-03-16 17:02:48 [http-nio-8080-exec-2] DEBUG o.s.orm.jpa.JpaTransactionManager - Found thread-bound EntityManager [SessionImpl(1576064779<open>)] for JPA transaction
2026-03-16 17:02:48 [http-nio-8080-exec-2] DEBUG o.s.orm.jpa.JpaTransactionManager - Participating in existing transaction
2026-03-16 17:02:48 [http-nio-8080-exec-15] DEBUG o.s.orm.jpa.JpaTransactionManager - Found thread-bound EntityManager [SessionImpl(614277436<open>)] for JPA transaction
2026-03-16 17:02:48 [http-nio-8080-exec-15] DEBUG o.s.orm.jpa.JpaTransactionManager - Participating in existing transaction
2026-03-16 17:02:48 [http-nio-8080-exec-2] DEBUG org.hibernate.SQL - select u1_0.emplyr_id,u1_0.area_no,u1_0.brthdy,u1_0.chg_pwd_cnt,u1_0.frst_register_id,u1_0.frst_regist_pnttm,u1_0.detail_adres,u1_0.email_adres,u1_0.emplyr_sttus_code,u1_0.empl_no,u1_0.esntl_id,u1_0.fxnum,u1_0.group_id,u1_0.house_adres,u1_0.house_end_telno,u1_0.house_middle_telno,u1_0.ihidnum,u1_0.pstinst_code,u1_0.last_updusr_id,u1_0.last_updt_pnttm,u1_0.lock_at,u1_0.lock_cnt,u1_0.lock_last_pnttm,u1_0.mbtlnum,u1_0.ofcps_nm,u1_0.offm_telno,u1_0.orgnzt_id,u1_0.password,u1_0.password_cnsr,u1_0.password_hint,u1_0.chg_pwd_last_pnttm,u1_0.role,u1_0.sbscrb_de,u1_0.sexdstn_code,u1_0.crtfc_dn_value,u1_0.user_nm,u1_0.zip from nemplyrinfo u1_0 where u1_0.emplyr_id=?
2026-03-16 17:02:48 [http-nio-8080-exec-15] DEBUG org.hibernate.SQL - select ua1_0.scrty_dtrmn_trget_id,ua1_0.author_code,ua1_0.frst_register_id,ua1_0.frst_regist_pnttm,ua1_0.last_updusr_id,ua1_0.last_updt_pnttm,ua1_0.mber_ty_code from nemplyrscrtyestbs ua1_0 where ua1_0.scrty_dtrmn_trget_id=?
2026-03-16 17:02:48 [http-nio-8080-exec-17] DEBUG o.s.orm.jpa.JpaTransactionManager - Closing JPA EntityManager [SessionImpl(1802932350<open>)] after transaction
2026-03-16 17:02:48 [http-nio-8080-exec-17] DEBUG c.c.p.s.jwt.JwtAuthenticationFilter - >>> [JwtFilter] Successfully authenticated user: USRCNFRM_99999999999, Authorities: [ROLE_ADMIN]
2026-03-16 17:02:48 [http-nio-8080-exec-17] DEBUG o.s.web.servlet.DispatcherServlet - POST "/api/v1/auth/login", parameters={}
2026-03-16 17:02:48 [http-nio-8080-exec-17] TRACE o.s.w.s.m.m.a.RequestMappingHandlerMapping - Mapped to com.company.project.api.auth.AuthController#login(Map, HttpServletResponse)
2026-03-16 17:02:48 [http-nio-8080-exec-17] TRACE o.s.w.s.m.m.a.RequestResponseBodyMethodProcessor - Read "application/json;charset=UTF-8" to [{id=webmaster, password=1}]
2026-03-16 17:02:48 [http-nio-8080-exec-17] INFO  c.c.project.api.auth.AuthController - >>> [Login] Attempting login for userId: webmaster
2026-03-16 17:02:48 [http-nio-8080-exec-17] DEBUG o.s.orm.jpa.JpaTransactionManager - Creating new transaction with name [com.company.project.security.iam.EgovAuthenticationProvider.authenticate]: PROPAGATION_REQUIRED,ISOLATION_DEFAULT
2026-03-16 17:02:48 [http-nio-8080-exec-17] DEBUG o.s.orm.jpa.JpaTransactionManager - Opened new EntityManager [SessionImpl(201051144<open>)] for JPA transaction
2026-03-16 17:02:48 [http-nio-8080-exec-17] DEBUG o.s.orm.jpa.JpaTransactionManager - Exposing JPA transaction as JDBC [org.springframework.orm.jpa.vendor.HibernateJpaDialect$HibernateConnectionHandle@22533fd7]
2026-03-16 17:02:48 [http-nio-8080-exec-17] INFO  c.c.p.s.i.EgovAuthenticationProvider - >>> [EgovAuthenticationProvider] Attempting authentication for userId: webmaster
2026-03-16 17:02:48 [http-nio-8080-exec-17] INFO  c.c.p.s.i.EgovAuthenticationProvider - >>> [EgovAuthenticationProvider] DB check started for userId: webmaster
2026-03-16 17:02:48 [http-nio-8080-exec-17] DEBUG o.s.orm.jpa.JpaTransactionManager - Found thread-bound EntityManager [SessionImpl(201051144<open>)] for JPA transaction
2026-03-16 17:02:48 [http-nio-8080-exec-17] DEBUG o.s.orm.jpa.JpaTransactionManager - Participating in existing transaction
2026-03-16 17:02:48 [http-nio-8080-exec-17] DEBUG org.hibernate.SQL - select u1_0.emplyr_id,u1_0.area_no,u1_0.brthdy,u1_0.chg_pwd_cnt,u1_0.frst_register_id,u1_0.frst_regist_pnttm,u1_0.detail_adres,u1_0.email_adres,u1_0.emplyr_sttus_code,u1_0.empl_no,u1_0.esntl_id,u1_0.fxnum,u1_0.group_id,u1_0.house_adres,u1_0.house_end_telno,u1_0.house_middle_telno,u1_0.ihidnum,u1_0.pstinst_code,u1_0.last_updusr_id,u1_0.last_updt_pnttm,u1_0.lock_at,u1_0.lock_cnt,u1_0.lock_last_pnttm,u1_0.mbtlnum,u1_0.ofcps_nm,u1_0.offm_telno,u1_0.orgnzt_id,u1_0.password,u1_0.password_cnsr,u1_0.password_hint,u1_0.chg_pwd_last_pnttm,u1_0.role,u1_0.sbscrb_de,u1_0.sexdstn_code,u1_0.crtfc_dn_value,u1_0.user_nm,u1_0.zip from nemplyrinfo u1_0 where u1_0.emplyr_id=?
2026-03-16 17:02:48 [http-nio-8080-exec-15] DEBUG o.s.orm.jpa.JpaTransactionManager - Initiating transaction commit
2026-03-16 17:02:48 [http-nio-8080-exec-2] DEBUG o.s.orm.jpa.JpaTransactionManager - Found thread-bound EntityManager [SessionImpl(1576064779<open>)] for JPA transaction
2026-03-16 17:02:48 [http-nio-8080-exec-15] DEBUG o.s.orm.jpa.JpaTransactionManager - Committing JPA transaction on EntityManager [SessionImpl(614277436<open>)]
2026-03-16 17:02:48 [http-nio-8080-exec-2] DEBUG o.s.orm.jpa.JpaTransactionManager - Participating in existing transaction
2026-03-16 17:02:48 [http-nio-8080-exec-2] DEBUG org.hibernate.SQL - select ua1_0.scrty_dtrmn_trget_id,ua1_0.author_code,ua1_0.frst_register_id,ua1_0.frst_regist_pnttm,ua1_0.last_updusr_id,ua1_0.last_updt_pnttm,ua1_0.mber_ty_code from nemplyrscrtyestbs ua1_0 where ua1_0.scrty_dtrmn_trget_id=?
2026-03-16 17:02:48 [http-nio-8080-exec-1] DEBUG o.s.orm.jpa.JpaTransactionManager - Found thread-bound EntityManager [SessionImpl(1941097915<open>)] for JPA transaction
2026-03-16 17:02:48 [http-nio-8080-exec-1] DEBUG o.s.orm.jpa.JpaTransactionManager - Participating in existing transaction
2026-03-16 17:02:48 [http-nio-8080-exec-1] DEBUG org.hibernate.SQL - select p1_0.progrm_file_nm,p1_0.progrm_dc,p1_0.progrm_korean_nm,p1_0.progrm_stre_path,p1_0.url from nprogrmlist p1_0
2026-03-16 17:02:48 [http-nio-8080-exec-17] INFO  c.c.p.s.i.EgovAuthenticationProvider - >>> [EgovAuthenticationProvider] User found by findById: webmaster
2026-03-16 17:02:48 [http-nio-8080-exec-17] INFO  c.c.p.s.i.EgovAuthenticationProvider - >>> [EgovAuthenticationProvider] User found: webmaster, DB password hash: {bcrypt}$2a$10$NRnqN.nwZxWe01BiSsk4Su.qlAj87Ys//VJVJf2WKEs3JzaQyJsGO
2026-03-16 17:02:48 [http-nio-8080-exec-17] INFO  c.c.p.s.i.EgovAuthenticationProvider - >>> [EgovAuthenticationProvider] Trying standard PasswordEncoder.
2026-03-16 17:02:48 [http-nio-8080-exec-15] DEBUG o.s.orm.jpa.JpaTransactionManager - Closing JPA EntityManager [SessionImpl(614277436<open>)] after transaction
2026-03-16 17:02:48 [http-nio-8080-exec-2] DEBUG o.s.orm.jpa.JpaTransactionManager - Initiating transaction commit
2026-03-16 17:02:48 [http-nio-8080-exec-15] DEBUG c.c.p.s.jwt.JwtAuthenticationFilter - >>> [JwtFilter] Successfully authenticated user: USRCNFRM_99999999999, Authorities: [ROLE_ADMIN]
2026-03-16 17:02:48 [http-nio-8080-exec-2] DEBUG o.s.orm.jpa.JpaTransactionManager - Committing JPA transaction on EntityManager [SessionImpl(1576064779<open>)]
2026-03-16 17:02:48 [http-nio-8080-exec-15] DEBUG o.s.web.servlet.DispatcherServlet - GET "/api/v1/notifications", parameters={}
2026-03-16 17:02:48 [http-nio-8080-exec-15] TRACE o.s.w.s.m.m.a.RequestMappingHandlerMapping - Mapped to com.company.project.api.controller.notification.NotificationController#getMyNotifications(UserDetails)
2026-03-16 17:02:48 [http-nio-8080-exec-15] DEBUG o.s.orm.jpa.JpaTransactionManager - Creating new transaction with name [com.company.project.service.notification.NotificationService.getActiveNotifications]: PROPAGATION_REQUIRED,ISOLATION_DEFAULT,readOnly
2026-03-16 17:02:48 [http-nio-8080-exec-15] DEBUG o.s.orm.jpa.JpaTransactionManager - Opened new EntityManager [SessionImpl(1139813624<open>)] for JPA transaction
2026-03-16 17:02:48 [http-nio-8080-exec-15] DEBUG o.s.orm.jpa.JpaTransactionManager - Exposing JPA transaction as JDBC [org.springframework.orm.jpa.vendor.HibernateJpaDialect$HibernateConnectionHandle@5f781dc5]
2026-03-16 17:02:48 [http-nio-8080-exec-15] DEBUG o.s.orm.jpa.JpaTransactionManager - Found thread-bound EntityManager [SessionImpl(1139813624<open>)] for JPA transaction
2026-03-16 17:02:48 [http-nio-8080-exec-15] DEBUG o.s.orm.jpa.JpaTransactionManager - Participating in existing transaction
2026-03-16 17:02:48 [http-nio-8080-exec-15] DEBUG org.hibernate.SQL - select n1_0.ntcn_no,n1_0.frst_register_id,n1_0.frst_regist_pnttm,n1_0.is_read,n1_0.last_updusr_id,n1_0.last_updt_pnttm,n1_0.link_url,n1_0.ntcn_cn,n1_0.ntcn_sj,n1_0.receiver_id from n_user_notification n1_0
2026-03-16 17:02:48 [http-nio-8080-exec-17] DEBUG o.s.orm.jpa.JpaTransactionManager - Found thread-bound EntityManager [SessionImpl(201051144<open>)] for JPA transaction
2026-03-16 17:02:48 [http-nio-8080-exec-17] DEBUG o.s.orm.jpa.JpaTransactionManager - Participating in existing transaction
2026-03-16 17:02:48 [http-nio-8080-exec-17] INFO  c.c.p.s.i.EgovAuthenticationProvider - >>> Authenticating user: webmaster, esntlId: USRCNFRM_99999999999, Inherent Role: ADMIN
2026-03-16 17:02:48 [http-nio-8080-exec-17] DEBUG o.s.orm.jpa.JpaTransactionManager - Found thread-bound EntityManager [SessionImpl(201051144<open>)] for JPA transaction
2026-03-16 17:02:48 [http-nio-8080-exec-17] DEBUG o.s.orm.jpa.JpaTransactionManager - Participating in existing transaction
2026-03-16 17:02:48 [http-nio-8080-exec-17] DEBUG org.hibernate.SQL - select ua1_0.scrty_dtrmn_trget_id,ua1_0.author_code,ua1_0.frst_register_id,ua1_0.frst_regist_pnttm,ua1_0.last_updusr_id,ua1_0.last_updt_pnttm,ua1_0.mber_ty_code from nemplyrscrtyestbs ua1_0 where ua1_0.scrty_dtrmn_trget_id=?
2026-03-16 17:02:49 [http-nio-8080-exec-1] DEBUG o.s.orm.jpa.JpaTransactionManager - Initiating transaction commit
2026-03-16 17:02:49 [http-nio-8080-exec-1] DEBUG o.s.orm.jpa.JpaTransactionManager - Committing JPA transaction on EntityManager [SessionImpl(1941097915<open>)]
2026-03-16 17:02:49 [http-nio-8080-exec-2] DEBUG o.s.orm.jpa.JpaTransactionManager - Closing JPA EntityManager [SessionImpl(1576064779<open>)] after transaction
2026-03-16 17:02:49 [http-nio-8080-exec-2] DEBUG c.c.p.s.jwt.JwtAuthenticationFilter - >>> [JwtFilter] Successfully authenticated user: USRCNFRM_99999999999, Authorities: [ROLE_ADMIN]
2026-03-16 17:02:49 [http-nio-8080-exec-2] DEBUG o.s.web.servlet.DispatcherServlet - GET "/api/v1/notifications/unread-count", parameters={}
2026-03-16 17:02:49 [http-nio-8080-exec-2] TRACE o.s.w.s.m.m.a.RequestMappingHandlerMapping - Mapped to com.company.project.api.controller.notification.NotificationController#getUnreadCount(UserDetails)
2026-03-16 17:02:49 [http-nio-8080-exec-2] DEBUG o.s.orm.jpa.JpaTransactionManager - Creating new transaction with name [com.company.project.service.notification.NotificationService.getUnreadCount]: PROPAGATION_REQUIRED,ISOLATION_DEFAULT,readOnly
2026-03-16 17:02:49 [http-nio-8080-exec-2] DEBUG o.s.orm.jpa.JpaTransactionManager - Opened new EntityManager [SessionImpl(1922747878<open>)] for JPA transaction
2026-03-16 17:02:49 [http-nio-8080-exec-2] DEBUG o.s.orm.jpa.JpaTransactionManager - Exposing JPA transaction as JDBC [org.springframework.orm.jpa.vendor.HibernateJpaDialect$HibernateConnectionHandle@48a56250]
2026-03-16 17:02:49 [http-nio-8080-exec-2] DEBUG org.hibernate.SQL - select count(n1_0.ntcn_no) from n_user_notification n1_0 where n1_0.receiver_id=? and n1_0.is_read=?
2026-03-16 17:02:49 [http-nio-8080-exec-15] DEBUG o.s.orm.jpa.JpaTransactionManager - Initiating transaction commit
2026-03-16 17:02:49 [http-nio-8080-exec-15] DEBUG o.s.orm.jpa.JpaTransactionManager - Committing JPA transaction on EntityManager [SessionImpl(1139813624<open>)]
2026-03-16 17:02:49 [http-nio-8080-exec-17] INFO  c.c.p.s.i.EgovAuthenticationProvider - >>> Role from DB table (NEMPLYRSCRTYESTBS): ROLE_ADMIN
2026-03-16 17:02:49 [http-nio-8080-exec-17] INFO  c.c.p.s.i.EgovAuthenticationProvider - >>> [SPECIAL] Forcing ROLE_ADMIN for user: webmaster
2026-03-16 17:02:49 [http-nio-8080-exec-17] INFO  c.c.p.s.i.EgovAuthenticationProvider - >>> Final resolved authorCode for user webmaster: ROLE_ADMIN
2026-03-16 17:02:49 [http-nio-8080-exec-17] DEBUG o.s.orm.jpa.JpaTransactionManager - Initiating transaction commit
2026-03-16 17:02:49 [http-nio-8080-exec-17] DEBUG o.s.orm.jpa.JpaTransactionManager - Committing JPA transaction on EntityManager [SessionImpl(201051144<open>)]
2026-03-16 17:02:49 [http-nio-8080-exec-1] DEBUG o.s.orm.jpa.JpaTransactionManager - Closing JPA EntityManager [SessionImpl(1941097915<open>)] after transaction
2026-03-16 17:02:49 [http-nio-8080-exec-1] INFO  c.c.p.a.c.menu.MenuController - getLeftMenu returned 5 items
2026-03-16 17:02:49 [http-nio-8080-exec-1] DEBUG o.s.w.s.m.m.a.HttpEntityMethodProcessor - Using 'application/json', given [application/json, text/plain, */*] and supported [application/json, application/*+json, application/yaml]
2026-03-16 17:02:49 [http-nio-8080-exec-1] TRACE o.s.w.s.m.m.a.HttpEntityMethodProcessor - Writing [ApiResponse[success=true, status=200, code=COMMON_001, message=Success, data={list=[com.company.project.service.menu.dto.MenuDto@504d53d8, com.company.project.service.menu.dto.MenuDto@7981b1be, com.company.project.service.menu.dto.MenuDto@5e303782, com.company.project.service.menu.dto.MenuDto@3a49f1b4, com.company.project.service.menu.dto.MenuDto@20b6b6]}, timestamp=2026-03-16T17:02:49.157632800]]
2026-03-16 17:02:49 [http-nio-8080-exec-1] INFO  c.c.p.a.i.OperationalAuditInterceptor - API Audit Log: URL=/api/v1/menu/left, User=webmaster, IP=127.0.0.1
2026-03-16 17:02:49 [http-nio-8080-exec-1] DEBUG o.s.web.servlet.DispatcherServlet - Completed 200 OK
2026-03-16 17:02:49 [http-nio-8080-exec-10] DEBUG c.c.p.s.jwt.JwtAuthenticationFilter - >>> [JwtFilter] Processing request: GET /api/v1/menu/left
2026-03-16 17:02:49 [http-nio-8080-exec-10] DEBUG c.c.p.s.jwt.JwtAuthenticationFilter - >>> [JwtFilter] Found token in header for path: /api/v1/menu/left
2026-03-16 17:02:49 [http-nio-8080-exec-10] DEBUG o.s.orm.jpa.JpaTransactionManager - Creating new transaction with name [com.company.project.security.iam.CustomUserDetailsService.loadUserByUsername]: PROPAGATION_REQUIRED,ISOLATION_DEFAULT,readOnly
2026-03-16 17:02:49 [http-nio-8080-exec-10] DEBUG o.s.orm.jpa.JpaTransactionManager - Opened new EntityManager [SessionImpl(995467682<open>)] for JPA transaction
2026-03-16 17:02:49 [http-nio-8080-exec-5] DEBUG c.c.p.s.jwt.JwtAuthenticationFilter - >>> [JwtFilter] Processing request: GET /api/v1/admin/system/users
2026-03-16 17:02:49 [http-nio-8080-exec-19] DEBUG c.c.p.s.jwt.JwtAuthenticationFilter - >>> [JwtFilter] Processing request: GET /api/v1/menu/head
2026-03-16 17:02:49 [http-nio-8080-exec-5] DEBUG c.c.p.s.jwt.JwtAuthenticationFilter - >>> [JwtFilter] Found token in header for path: /api/v1/admin/system/users
2026-03-16 17:02:49 [http-nio-8080-exec-19] DEBUG c.c.p.s.jwt.JwtAuthenticationFilter - >>> [JwtFilter] Found token in header for path: /api/v1/menu/head
2026-03-16 17:02:49 [http-nio-8080-exec-5] DEBUG o.s.orm.jpa.JpaTransactionManager - Creating new transaction with name [com.company.project.security.iam.CustomUserDetailsService.loadUserByUsername]: PROPAGATION_REQUIRED,ISOLATION_DEFAULT,readOnly
2026-03-16 17:02:49 [http-nio-8080-exec-19] DEBUG o.s.orm.jpa.JpaTransactionManager - Creating new transaction with name [com.company.project.security.iam.CustomUserDetailsService.loadUserByUsername]: PROPAGATION_REQUIRED,ISOLATION_DEFAULT,readOnly
2026-03-16 17:02:49 [http-nio-8080-exec-5] DEBUG o.s.orm.jpa.JpaTransactionManager - Opened new EntityManager [SessionImpl(1681480008<open>)] for JPA transaction
2026-03-16 17:02:49 [http-nio-8080-exec-19] DEBUG o.s.orm.jpa.JpaTransactionManager - Opened new EntityManager [SessionImpl(1538719509<open>)] for JPA transaction
2026-03-16 17:02:49 [http-nio-8080-exec-5] DEBUG o.s.orm.jpa.JpaTransactionManager - Exposing JPA transaction as JDBC [org.springframework.orm.jpa.vendor.HibernateJpaDialect$HibernateConnectionHandle@7e3548a5]
2026-03-16 17:02:49 [http-nio-8080-exec-5] DEBUG o.s.orm.jpa.JpaTransactionManager - Found thread-bound EntityManager [SessionImpl(1681480008<open>)] for JPA transaction
2026-03-16 17:02:49 [http-nio-8080-exec-5] DEBUG o.s.orm.jpa.JpaTransactionManager - Participating in existing transaction
2026-03-16 17:02:49 [http-nio-8080-exec-5] DEBUG org.hibernate.SQL - select u1_0.emplyr_id,u1_0.area_no,u1_0.brthdy,u1_0.chg_pwd_cnt,u1_0.frst_register_id,u1_0.frst_regist_pnttm,u1_0.detail_adres,u1_0.email_adres,u1_0.emplyr_sttus_code,u1_0.empl_no,u1_0.esntl_id,u1_0.fxnum,u1_0.group_id,u1_0.house_adres,u1_0.house_end_telno,u1_0.house_middle_telno,u1_0.ihidnum,u1_0.pstinst_code,u1_0.last_updusr_id,u1_0.last_updt_pnttm,u1_0.lock_at,u1_0.lock_cnt,u1_0.lock_last_pnttm,u1_0.mbtlnum,u1_0.ofcps_nm,u1_0.offm_telno,u1_0.orgnzt_id,u1_0.password,u1_0.password_cnsr,u1_0.password_hint,u1_0.chg_pwd_last_pnttm,u1_0.role,u1_0.sbscrb_de,u1_0.sexdstn_code,u1_0.crtfc_dn_value,u1_0.user_nm,u1_0.zip from nemplyrinfo u1_0 where u1_0.emplyr_id=?
2026-03-16 17:02:49 [http-nio-8080-exec-15] DEBUG o.s.orm.jpa.JpaTransactionManager - Closing JPA EntityManager [SessionImpl(1139813624<open>)] after transaction
2026-03-16 17:02:49 [http-nio-8080-exec-2] DEBUG o.s.orm.jpa.JpaTransactionManager - Initiating transaction commit
2026-03-16 17:02:49 [http-nio-8080-exec-2] DEBUG o.s.orm.jpa.JpaTransactionManager - Committing JPA transaction on EntityManager [SessionImpl(1922747878<open>)]
2026-03-16 17:02:49 [http-nio-8080-exec-15] DEBUG o.s.w.s.m.m.a.HttpEntityMethodProcessor - Using 'application/json', given [application/json, text/plain, */*] and supported [application/json, application/*+json, application/yaml]
2026-03-16 17:02:49 [http-nio-8080-exec-15] TRACE o.s.w.s.m.m.a.HttpEntityMethodProcessor - Writing [ApiResponse[success=true, status=200, code=COMMON_001, message=Success, data=[NotificationDto(ntfcNo=NT001, ntfcSj=테스트 알림입니다, ntfcCn=알림 내용입니다, ntfcDate=null, ntfcTime=2026-02-25T00:59:33.784070, bhNtfcIntrvl=null, uniqId=null, frstRegisterId=null, frstRegisterPnttm=2026-02-25T00:59:33.784070, lastUpdusrId=null, lastUpdusrPnttm=null)], timestamp=2026-03-16T17:02:49.239613400]]
2026-03-16 17:02:49 [http-nio-8080-exec-15] INFO  c.c.p.a.i.OperationalAuditInterceptor - API Audit Log: URL=/api/v1/notifications, User=webmaster, IP=127.0.0.1
2026-03-16 17:02:49 [http-nio-8080-exec-15] DEBUG o.s.web.servlet.DispatcherServlet - Completed 200 OK
2026-03-16 17:02:49 [http-nio-8080-exec-18] DEBUG c.c.p.s.jwt.JwtAuthenticationFilter - >>> [JwtFilter] Processing request: GET /api/v1/notifications
2026-03-16 17:02:49 [http-nio-8080-exec-18] DEBUG c.c.p.s.jwt.JwtAuthenticationFilter - >>> [JwtFilter] Found token in header for path: /api/v1/notifications
2026-03-16 17:02:49 [http-nio-8080-exec-18] DEBUG o.s.orm.jpa.JpaTransactionManager - Creating new transaction with name [com.company.project.security.iam.CustomUserDetailsService.loadUserByUsername]: PROPAGATION_REQUIRED,ISOLATION_DEFAULT,readOnly
2026-03-16 17:02:49 [http-nio-8080-exec-18] DEBUG o.s.orm.jpa.JpaTransactionManager - Opened new EntityManager [SessionImpl(1997573097<open>)] for JPA transaction
2026-03-16 17:02:49 [http-nio-8080-exec-18] DEBUG o.s.orm.jpa.JpaTransactionManager - Exposing JPA transaction as JDBC [org.springframework.orm.jpa.vendor.HibernateJpaDialect$HibernateConnectionHandle@4306a881]
2026-03-16 17:02:49 [http-nio-8080-exec-18] DEBUG o.s.orm.jpa.JpaTransactionManager - Found thread-bound EntityManager [SessionImpl(1997573097<open>)] for JPA transaction
2026-03-16 17:02:49 [http-nio-8080-exec-18] DEBUG o.s.orm.jpa.JpaTransactionManager - Participating in existing transaction
2026-03-16 17:02:49 [http-nio-8080-exec-18] DEBUG org.hibernate.SQL - select u1_0.emplyr_id,u1_0.area_no,u1_0.brthdy,u1_0.chg_pwd_cnt,u1_0.frst_register_id,u1_0.frst_regist_pnttm,u1_0.detail_adres,u1_0.email_adres,u1_0.emplyr_sttus_code,u1_0.empl_no,u1_0.esntl_id,u1_0.fxnum,u1_0.group_id,u1_0.house_adres,u1_0.house_end_telno,u1_0.house_middle_telno,u1_0.ihidnum,u1_0.pstinst_code,u1_0.last_updusr_id,u1_0.last_updt_pnttm,u1_0.lock_at,u1_0.lock_cnt,u1_0.lock_last_pnttm,u1_0.mbtlnum,u1_0.ofcps_nm,u1_0.offm_telno,u1_0.orgnzt_id,u1_0.password,u1_0.password_cnsr,u1_0.password_hint,u1_0.chg_pwd_last_pnttm,u1_0.role,u1_0.sbscrb_de,u1_0.sexdstn_code,u1_0.crtfc_dn_value,u1_0.user_nm,u1_0.zip from nemplyrinfo u1_0 where u1_0.emplyr_id=?
2026-03-16 17:02:49 [http-nio-8080-exec-17] DEBUG o.s.orm.jpa.JpaTransactionManager - Closing JPA EntityManager [SessionImpl(201051144<open>)] after transaction
2026-03-16 17:02:49 [http-nio-8080-exec-17] DEBUG o.s.w.s.m.m.a.RequestResponseBodyMethodProcessor - Using 'application/json', given [application/json, text/plain, */*] and supported [application/json, application/*+json, application/yaml]
2026-03-16 17:02:49 [http-nio-8080-exec-17] TRACE o.s.w.s.m.m.a.RequestResponseBodyMethodProcessor - Writing [ApiResponse[success=true, status=200, code=COMMON_001, message=Success, data={role=ROLE_ADMIN, accessToken=eyJhbGciOiJIUzUxMiJ9.eyJzdWIiOiJ3ZWJtYXN0ZXIiLCJyb2xlIjoiUk9MRV9BRE1JTiIsImlhdCI6MTc3MzY0ODE2OSwiZXhwIjoxNzczNjUxNzY5fQ.gzDph6NXvceJYsDa6KoSsA2ZTCVtgMB9bgZ1ySLsRhkJf5KnTTAU8u-S3sKRZw-CWImzYtftpNx1aQIxRtHq4w}, timestamp=2026-03-16T17:02:49.255030600]]
2026-03-16 17:02:49 [http-nio-8080-exec-17] INFO  c.c.p.a.i.OperationalAuditInterceptor - API Audit Log: URL=/api/v1/auth/login, User=webmaster, IP=127.0.0.1
2026-03-16 17:02:49 [http-nio-8080-exec-17] DEBUG o.s.web.servlet.DispatcherServlet - Completed 200 OK
2026-03-16 17:02:49 [http-nio-8080-exec-7] DEBUG c.c.p.s.jwt.JwtAuthenticationFilter - >>> [JwtFilter] Processing request: GET /api/v1/auth/me
2026-03-16 17:02:49 [http-nio-8080-exec-7] DEBUG c.c.p.s.jwt.JwtAuthenticationFilter - >>> [JwtFilter] Found token in header for path: /api/v1/auth/me
2026-03-16 17:02:49 [http-nio-8080-exec-7] DEBUG o.s.orm.jpa.JpaTransactionManager - Creating new transaction with name [com.company.project.security.iam.CustomUserDetailsService.loadUserByUsername]: PROPAGATION_REQUIRED,ISOLATION_DEFAULT,readOnly
2026-03-16 17:02:49 [http-nio-8080-exec-7] DEBUG o.s.orm.jpa.JpaTransactionManager - Opened new EntityManager [SessionImpl(1918743529<open>)] for JPA transaction
2026-03-16 17:02:49 [http-nio-8080-exec-7] DEBUG o.s.orm.jpa.JpaTransactionManager - Exposing JPA transaction as JDBC [org.springframework.orm.jpa.vendor.HibernateJpaDialect$HibernateConnectionHandle@3c58b6d8]
2026-03-16 17:02:49 [http-nio-8080-exec-7] DEBUG o.s.orm.jpa.JpaTransactionManager - Found thread-bound EntityManager [SessionImpl(1918743529<open>)] for JPA transaction
2026-03-16 17:02:49 [http-nio-8080-exec-7] DEBUG o.s.orm.jpa.JpaTransactionManager - Participating in existing transaction
2026-03-16 17:02:49 [http-nio-8080-exec-7] DEBUG org.hibernate.SQL - select u1_0.emplyr_id,u1_0.area_no,u1_0.brthdy,u1_0.chg_pwd_cnt,u1_0.frst_register_id,u1_0.frst_regist_pnttm,u1_0.detail_adres,u1_0.email_adres,u1_0.emplyr_sttus_code,u1_0.empl_no,u1_0.esntl_id,u1_0.fxnum,u1_0.group_id,u1_0.house_adres,u1_0.house_end_telno,u1_0.house_middle_telno,u1_0.ihidnum,u1_0.pstinst_code,u1_0.last_updusr_id,u1_0.last_updt_pnttm,u1_0.lock_at,u1_0.lock_cnt,u1_0.lock_last_pnttm,u1_0.mbtlnum,u1_0.ofcps_nm,u1_0.offm_telno,u1_0.orgnzt_id,u1_0.password,u1_0.password_cnsr,u1_0.password_hint,u1_0.chg_pwd_last_pnttm,u1_0.role,u1_0.sbscrb_de,u1_0.sexdstn_code,u1_0.crtfc_dn_value,u1_0.user_nm,u1_0.zip from nemplyrinfo u1_0 where u1_0.emplyr_id=?
2026-03-16 17:02:49 [http-nio-8080-exec-10] DEBUG o.s.orm.jpa.JpaTransactionManager - Exposing JPA transaction as JDBC [org.springframework.orm.jpa.vendor.HibernateJpaDialect$HibernateConnectionHandle@755cbd44]
2026-03-16 17:02:49 [http-nio-8080-exec-10] DEBUG o.s.orm.jpa.JpaTransactionManager - Found thread-bound EntityManager [SessionImpl(995467682<open>)] for JPA transaction
2026-03-16 17:02:49 [http-nio-8080-exec-10] DEBUG o.s.orm.jpa.JpaTransactionManager - Participating in existing transaction
2026-03-16 17:02:49 [http-nio-8080-exec-10] DEBUG org.hibernate.SQL - select u1_0.emplyr_id,u1_0.area_no,u1_0.brthdy,u1_0.chg_pwd_cnt,u1_0.frst_register_id,u1_0.frst_regist_pnttm,u1_0.detail_adres,u1_0.email_adres,u1_0.emplyr_sttus_code,u1_0.empl_no,u1_0.esntl_id,u1_0.fxnum,u1_0.group_id,u1_0.house_adres,u1_0.house_end_telno,u1_0.house_middle_telno,u1_0.ihidnum,u1_0.pstinst_code,u1_0.last_updusr_id,u1_0.last_updt_pnttm,u1_0.lock_at,u1_0.lock_cnt,u1_0.lock_last_pnttm,u1_0.mbtlnum,u1_0.ofcps_nm,u1_0.offm_telno,u1_0.orgnzt_id,u1_0.password,u1_0.password_cnsr,u1_0.password_hint,u1_0.chg_pwd_last_pnttm,u1_0.role,u1_0.sbscrb_de,u1_0.sexdstn_code,u1_0.crtfc_dn_value,u1_0.user_nm,u1_0.zip from nemplyrinfo u1_0 where u1_0.emplyr_id=?
2026-03-16 17:02:49 [http-nio-8080-exec-5] DEBUG o.s.orm.jpa.JpaTransactionManager - Found thread-bound EntityManager [SessionImpl(1681480008<open>)] for JPA transaction
2026-03-16 17:02:49 [http-nio-8080-exec-5] DEBUG o.s.orm.jpa.JpaTransactionManager - Participating in existing transaction
2026-03-16 17:02:49 [http-nio-8080-exec-5] DEBUG org.hibernate.SQL - select ua1_0.scrty_dtrmn_trget_id,ua1_0.author_code,ua1_0.frst_register_id,ua1_0.frst_regist_pnttm,ua1_0.last_updusr_id,ua1_0.last_updt_pnttm,ua1_0.mber_ty_code from nemplyrscrtyestbs ua1_0 where ua1_0.scrty_dtrmn_trget_id=?
2026-03-16 17:02:49 [http-nio-8080-exec-19] DEBUG o.s.orm.jpa.JpaTransactionManager - Exposing JPA transaction as JDBC [org.springframework.orm.jpa.vendor.HibernateJpaDialect$HibernateConnectionHandle@9b40b81]
2026-03-16 17:02:49 [http-nio-8080-exec-19] DEBUG o.s.orm.jpa.JpaTransactionManager - Found thread-bound EntityManager [SessionImpl(1538719509<open>)] for JPA transaction
2026-03-16 17:02:49 [http-nio-8080-exec-19] DEBUG o.s.orm.jpa.JpaTransactionManager - Participating in existing transaction
2026-03-16 17:02:49 [http-nio-8080-exec-19] DEBUG org.hibernate.SQL - select u1_0.emplyr_id,u1_0.area_no,u1_0.brthdy,u1_0.chg_pwd_cnt,u1_0.frst_register_id,u1_0.frst_regist_pnttm,u1_0.detail_adres,u1_0.email_adres,u1_0.emplyr_sttus_code,u1_0.empl_no,u1_0.esntl_id,u1_0.fxnum,u1_0.group_id,u1_0.house_adres,u1_0.house_end_telno,u1_0.house_middle_telno,u1_0.ihidnum,u1_0.pstinst_code,u1_0.last_updusr_id,u1_0.last_updt_pnttm,u1_0.lock_at,u1_0.lock_cnt,u1_0.lock_last_pnttm,u1_0.mbtlnum,u1_0.ofcps_nm,u1_0.offm_telno,u1_0.orgnzt_id,u1_0.password,u1_0.password_cnsr,u1_0.password_hint,u1_0.chg_pwd_last_pnttm,u1_0.role,u1_0.sbscrb_de,u1_0.sexdstn_code,u1_0.crtfc_dn_value,u1_0.user_nm,u1_0.zip from nemplyrinfo u1_0 where u1_0.emplyr_id=?
2026-03-16 17:02:49 [http-nio-8080-exec-2] DEBUG o.s.orm.jpa.JpaTransactionManager - Closing JPA EntityManager [SessionImpl(1922747878<open>)] after transaction
2026-03-16 17:02:49 [http-nio-8080-exec-18] DEBUG o.s.orm.jpa.JpaTransactionManager - Found thread-bound EntityManager [SessionImpl(1997573097<open>)] for JPA transaction
2026-03-16 17:02:49 [http-nio-8080-exec-18] DEBUG o.s.orm.jpa.JpaTransactionManager - Participating in existing transaction
2026-03-16 17:02:49 [http-nio-8080-exec-2] DEBUG o.s.w.s.m.m.a.HttpEntityMethodProcessor - Using 'application/json', given [application/json, text/plain, */*] and supported [application/json, application/*+json, application/yaml]
2026-03-16 17:02:49 [http-nio-8080-exec-18] DEBUG org.hibernate.SQL - select ua1_0.scrty_dtrmn_trget_id,ua1_0.author_code,ua1_0.frst_register_id,ua1_0.frst_regist_pnttm,ua1_0.last_updusr_id,ua1_0.last_updt_pnttm,ua1_0.mber_ty_code from nemplyrscrtyestbs ua1_0 where ua1_0.scrty_dtrmn_trget_id=?
2026-03-16 17:02:49 [http-nio-8080-exec-2] TRACE o.s.w.s.m.m.a.HttpEntityMethodProcessor - Writing [ApiResponse[success=true, status=200, code=COMMON_001, message=Success, data=0, timestamp=2026-03-16T17:02:49.408282900]]
2026-03-16 17:02:49 [http-nio-8080-exec-2] INFO  c.c.p.a.i.OperationalAuditInterceptor - API Audit Log: URL=/api/v1/notifications/unread-count, User=webmaster, IP=127.0.0.1
2026-03-16 17:02:49 [http-nio-8080-exec-2] DEBUG o.s.web.servlet.DispatcherServlet - Completed 200 OK
2026-03-16 17:02:49 [http-nio-8080-exec-16] DEBUG c.c.p.s.jwt.JwtAuthenticationFilter - >>> [JwtFilter] Processing request: GET /api/v1/notifications/unread-count
2026-03-16 17:02:49 [http-nio-8080-exec-16] DEBUG c.c.p.s.jwt.JwtAuthenticationFilter - >>> [JwtFilter] Found token in header for path: /api/v1/notifications/unread-count
2026-03-16 17:02:49 [http-nio-8080-exec-16] DEBUG o.s.orm.jpa.JpaTransactionManager - Creating new transaction with name [com.company.project.security.iam.CustomUserDetailsService.loadUserByUsername]: PROPAGATION_REQUIRED,ISOLATION_DEFAULT,readOnly
2026-03-16 17:02:49 [http-nio-8080-exec-16] DEBUG o.s.orm.jpa.JpaTransactionManager - Opened new EntityManager [SessionImpl(878257165<open>)] for JPA transaction
2026-03-16 17:02:49 [http-nio-8080-exec-16] DEBUG o.s.orm.jpa.JpaTransactionManager - Exposing JPA transaction as JDBC [org.springframework.orm.jpa.vendor.HibernateJpaDialect$HibernateConnectionHandle@6a8967ac]
2026-03-16 17:02:49 [http-nio-8080-exec-16] DEBUG o.s.orm.jpa.JpaTransactionManager - Found thread-bound EntityManager [SessionImpl(878257165<open>)] for JPA transaction
2026-03-16 17:02:49 [http-nio-8080-exec-16] DEBUG o.s.orm.jpa.JpaTransactionManager - Participating in existing transaction
2026-03-16 17:02:49 [http-nio-8080-exec-16] DEBUG org.hibernate.SQL - select u1_0.emplyr_id,u1_0.area_no,u1_0.brthdy,u1_0.chg_pwd_cnt,u1_0.frst_register_id,u1_0.frst_regist_pnttm,u1_0.detail_adres,u1_0.email_adres,u1_0.emplyr_sttus_code,u1_0.empl_no,u1_0.esntl_id,u1_0.fxnum,u1_0.group_id,u1_0.house_adres,u1_0.house_end_telno,u1_0.house_middle_telno,u1_0.ihidnum,u1_0.pstinst_code,u1_0.last_updusr_id,u1_0.last_updt_pnttm,u1_0.lock_at,u1_0.lock_cnt,u1_0.lock_last_pnttm,u1_0.mbtlnum,u1_0.ofcps_nm,u1_0.offm_telno,u1_0.orgnzt_id,u1_0.password,u1_0.password_cnsr,u1_0.password_hint,u1_0.chg_pwd_last_pnttm,u1_0.role,u1_0.sbscrb_de,u1_0.sexdstn_code,u1_0.crtfc_dn_value,u1_0.user_nm,u1_0.zip from nemplyrinfo u1_0 where u1_0.emplyr_id=?
2026-03-16 17:02:49 [http-nio-8080-exec-7] DEBUG o.s.orm.jpa.JpaTransactionManager - Found thread-bound EntityManager [SessionImpl(1918743529<open>)] for JPA transaction
2026-03-16 17:02:49 [http-nio-8080-exec-7] DEBUG o.s.orm.jpa.JpaTransactionManager - Participating in existing transaction
2026-03-16 17:02:49 [http-nio-8080-exec-7] DEBUG org.hibernate.SQL - select ua1_0.scrty_dtrmn_trget_id,ua1_0.author_code,ua1_0.frst_register_id,ua1_0.frst_regist_pnttm,ua1_0.last_updusr_id,ua1_0.last_updt_pnttm,ua1_0.mber_ty_code from nemplyrscrtyestbs ua1_0 where ua1_0.scrty_dtrmn_trget_id=?
2026-03-16 17:02:49 [http-nio-8080-exec-10] DEBUG o.s.orm.jpa.JpaTransactionManager - Found thread-bound EntityManager [SessionImpl(995467682<open>)] for JPA transaction
2026-03-16 17:02:49 [http-nio-8080-exec-10] DEBUG o.s.orm.jpa.JpaTransactionManager - Participating in existing transaction
2026-03-16 17:02:49 [http-nio-8080-exec-10] DEBUG org.hibernate.SQL - select ua1_0.scrty_dtrmn_trget_id,ua1_0.author_code,ua1_0.frst_register_id,ua1_0.frst_regist_pnttm,ua1_0.last_updusr_id,ua1_0.last_updt_pnttm,ua1_0.mber_ty_code from nemplyrscrtyestbs ua1_0 where ua1_0.scrty_dtrmn_trget_id=?
2026-03-16 17:02:49 [http-nio-8080-exec-5] DEBUG o.s.orm.jpa.JpaTransactionManager - Initiating transaction commit
2026-03-16 17:02:49 [http-nio-8080-exec-5] DEBUG o.s.orm.jpa.JpaTransactionManager - Committing JPA transaction on EntityManager [SessionImpl(1681480008<open>)]
2026-03-16 17:02:49 [http-nio-8080-exec-19] DEBUG o.s.orm.jpa.JpaTransactionManager - Found thread-bound EntityManager [SessionImpl(1538719509<open>)] for JPA transaction
2026-03-16 17:02:49 [http-nio-8080-exec-19] DEBUG o.s.orm.jpa.JpaTransactionManager - Participating in existing transaction
2026-03-16 17:02:49 [http-nio-8080-exec-19] DEBUG org.hibernate.SQL - select ua1_0.scrty_dtrmn_trget_id,ua1_0.author_code,ua1_0.frst_register_id,ua1_0.frst_regist_pnttm,ua1_0.last_updusr_id,ua1_0.last_updt_pnttm,ua1_0.mber_ty_code from nemplyrscrtyestbs ua1_0 where ua1_0.scrty_dtrmn_trget_id=?
2026-03-16 17:02:49 [http-nio-8080-exec-18] DEBUG o.s.orm.jpa.JpaTransactionManager - Initiating transaction commit
2026-03-16 17:02:49 [http-nio-8080-exec-18] DEBUG o.s.orm.jpa.JpaTransactionManager - Committing JPA transaction on EntityManager [SessionImpl(1997573097<open>)]
2026-03-16 17:02:49 [http-nio-8080-exec-7] DEBUG o.s.orm.jpa.JpaTransactionManager - Initiating transaction commit
2026-03-16 17:02:49 [http-nio-8080-exec-7] DEBUG o.s.orm.jpa.JpaTransactionManager - Committing JPA transaction on EntityManager [SessionImpl(1918743529<open>)]
2026-03-16 17:02:49 [http-nio-8080-exec-16] DEBUG o.s.orm.jpa.JpaTransactionManager - Found thread-bound EntityManager [SessionImpl(878257165<open>)] for JPA transaction
2026-03-16 17:02:49 [http-nio-8080-exec-16] DEBUG o.s.orm.jpa.JpaTransactionManager - Participating in existing transaction
2026-03-16 17:02:49 [http-nio-8080-exec-16] DEBUG org.hibernate.SQL - select ua1_0.scrty_dtrmn_trget_id,ua1_0.author_code,ua1_0.frst_register_id,ua1_0.frst_regist_pnttm,ua1_0.last_updusr_id,ua1_0.last_updt_pnttm,ua1_0.mber_ty_code from nemplyrscrtyestbs ua1_0 where ua1_0.scrty_dtrmn_trget_id=?
2026-03-16 17:02:49 [http-nio-8080-exec-10] DEBUG o.s.orm.jpa.JpaTransactionManager - Initiating transaction commit
2026-03-16 17:02:49 [http-nio-8080-exec-10] DEBUG o.s.orm.jpa.JpaTransactionManager - Committing JPA transaction on EntityManager [SessionImpl(995467682<open>)]
2026-03-16 17:02:49 [http-nio-8080-exec-5] DEBUG o.s.orm.jpa.JpaTransactionManager - Closing JPA EntityManager [SessionImpl(1681480008<open>)] after transaction
2026-03-16 17:02:49 [http-nio-8080-exec-5] DEBUG c.c.p.s.jwt.JwtAuthenticationFilter - >>> [JwtFilter] Successfully authenticated user: USRCNFRM_99999999999, Authorities: [ROLE_ADMIN]
2026-03-16 17:02:49 [http-nio-8080-exec-5] DEBUG o.s.web.servlet.DispatcherServlet - GET "/api/v1/admin/system/users?pageIndex=1&searchCondition=0&searchKeyword=&sbscrbSttus=", parameters={masked}
2026-03-16 17:02:49 [http-nio-8080-exec-5] TRACE o.s.w.s.m.m.a.RequestMappingHandlerMapping - Mapped to com.company.project.api.controller.system.UserApiController#getUsers(Pageable)
2026-03-16 17:02:49 [http-nio-8080-exec-5] DEBUG o.s.orm.jpa.JpaTransactionManager - Creating new transaction with name [com.company.project.service.usermanagement.UserManageService.selectUserList]: PROPAGATION_REQUIRED,ISOLATION_DEFAULT,readOnly
2026-03-16 17:02:49 [http-nio-8080-exec-5] DEBUG o.s.orm.jpa.JpaTransactionManager - Opened new EntityManager [SessionImpl(779134337<open>)] for JPA transaction
2026-03-16 17:02:49 [http-nio-8080-exec-5] DEBUG o.s.orm.jpa.JpaTransactionManager - Exposing JPA transaction as JDBC [org.springframework.orm.jpa.vendor.HibernateJpaDialect$HibernateConnectionHandle@f33abb3]
2026-03-16 17:02:49 [http-nio-8080-exec-5] DEBUG org.hibernate.SQL - select u1_0.emplyr_id,u1_0.area_no,u1_0.brthdy,u1_0.chg_pwd_cnt,u1_0.frst_register_id,u1_0.frst_regist_pnttm,u1_0.detail_adres,u1_0.email_adres,u1_0.emplyr_sttus_code,u1_0.empl_no,u1_0.esntl_id,u1_0.fxnum,u1_0.group_id,u1_0.house_adres,u1_0.house_end_telno,u1_0.house_middle_telno,u1_0.ihidnum,u1_0.pstinst_code,u1_0.last_updusr_id,u1_0.last_updt_pnttm,u1_0.lock_at,u1_0.lock_cnt,u1_0.lock_last_pnttm,u1_0.mbtlnum,u1_0.ofcps_nm,u1_0.offm_telno,u1_0.orgnzt_id,u1_0.password,u1_0.password_cnsr,u1_0.password_hint,u1_0.chg_pwd_last_pnttm,u1_0.role,u1_0.sbscrb_de,u1_0.sexdstn_code,u1_0.crtfc_dn_value,u1_0.user_nm,u1_0.zip from nemplyrinfo u1_0 order by u1_0.emplyr_id desc offset ? rows fetch first ? rows only
2026-03-16 17:02:49 [http-nio-8080-exec-19] DEBUG o.s.orm.jpa.JpaTransactionManager - Initiating transaction commit
2026-03-16 17:02:49 [http-nio-8080-exec-19] DEBUG o.s.orm.jpa.JpaTransactionManager - Committing JPA transaction on EntityManager [SessionImpl(1538719509<open>)]
2026-03-16 17:02:49 [http-nio-8080-exec-7] DEBUG o.s.orm.jpa.JpaTransactionManager - Closing JPA EntityManager [SessionImpl(1918743529<open>)] after transaction
2026-03-16 17:02:49 [http-nio-8080-exec-18] DEBUG o.s.orm.jpa.JpaTransactionManager - Closing JPA EntityManager [SessionImpl(1997573097<open>)] after transaction
2026-03-16 17:02:49 [http-nio-8080-exec-7] DEBUG c.c.p.s.jwt.JwtAuthenticationFilter - >>> [JwtFilter] Successfully authenticated user: USRCNFRM_99999999999, Authorities: [ROLE_ADMIN]
2026-03-16 17:02:49 [http-nio-8080-exec-18] DEBUG c.c.p.s.jwt.JwtAuthenticationFilter - >>> [JwtFilter] Successfully authenticated user: USRCNFRM_99999999999, Authorities: [ROLE_ADMIN]
2026-03-16 17:02:49 [http-nio-8080-exec-7] DEBUG o.s.web.servlet.DispatcherServlet - GET "/api/v1/auth/me", parameters={}
2026-03-16 17:02:49 [http-nio-8080-exec-18] DEBUG o.s.web.servlet.DispatcherServlet - GET "/api/v1/notifications", parameters={}
2026-03-16 17:02:49 [http-nio-8080-exec-7] TRACE o.s.w.s.m.m.a.RequestMappingHandlerMapping - Mapped to com.company.project.api.auth.AuthController#getCurrentUser()
2026-03-16 17:02:49 [http-nio-8080-exec-18] TRACE o.s.w.s.m.m.a.RequestMappingHandlerMapping - Mapped to com.company.project.api.controller.notification.NotificationController#getMyNotifications(UserDetails)
2026-03-16 17:02:49 [http-nio-8080-exec-18] DEBUG o.s.orm.jpa.JpaTransactionManager - Creating new transaction with name [com.company.project.service.notification.NotificationService.getActiveNotifications]: PROPAGATION_REQUIRED,ISOLATION_DEFAULT,readOnly
2026-03-16 17:02:49 [http-nio-8080-exec-7] DEBUG o.s.w.s.m.m.a.RequestResponseBodyMethodProcessor - Using 'application/json', given [application/json, text/plain, */*] and supported [application/json, application/*+json, application/yaml]
2026-03-16 17:02:49 [http-nio-8080-exec-18] DEBUG o.s.orm.jpa.JpaTransactionManager - Opened new EntityManager [SessionImpl(1867413456<open>)] for JPA transaction
2026-03-16 17:02:49 [http-nio-8080-exec-7] TRACE o.s.w.s.m.m.a.RequestResponseBodyMethodProcessor - Writing [ApiResponse[success=true, status=200, code=COMMON_001, message=Success, data={role=ROLE_ADMIN, userSe=EMP, name=관리자, id=webmaster}, timestamp=2026-03-16T17:02:49.720893600]]
2026-03-16 17:02:49 [http-nio-8080-exec-18] DEBUG o.s.orm.jpa.JpaTransactionManager - Exposing JPA transaction as JDBC [org.springframework.orm.jpa.vendor.HibernateJpaDialect$HibernateConnectionHandle@a357972]
2026-03-16 17:02:49 [http-nio-8080-exec-18] DEBUG o.s.orm.jpa.JpaTransactionManager - Found thread-bound EntityManager [SessionImpl(1867413456<open>)] for JPA transaction
2026-03-16 17:02:49 [http-nio-8080-exec-18] DEBUG o.s.orm.jpa.JpaTransactionManager - Participating in existing transaction
2026-03-16 17:02:49 [http-nio-8080-exec-7] INFO  c.c.p.a.i.OperationalAuditInterceptor - API Audit Log: URL=/api/v1/auth/me, User=webmaster, IP=127.0.0.1
2026-03-16 17:02:49 [http-nio-8080-exec-7] DEBUG o.s.web.servlet.DispatcherServlet - Completed 200 OK
2026-03-16 17:02:49 [http-nio-8080-exec-18] DEBUG org.hibernate.SQL - select n1_0.ntcn_no,n1_0.frst_register_id,n1_0.frst_regist_pnttm,n1_0.is_read,n1_0.last_updusr_id,n1_0.last_updt_pnttm,n1_0.link_url,n1_0.ntcn_cn,n1_0.ntcn_sj,n1_0.receiver_id from n_user_notification n1_0
2026-03-16 17:02:49 [http-nio-8080-exec-16] DEBUG o.s.orm.jpa.JpaTransactionManager - Initiating transaction commit
2026-03-16 17:02:49 [http-nio-8080-exec-16] DEBUG o.s.orm.jpa.JpaTransactionManager - Committing JPA transaction on EntityManager [SessionImpl(878257165<open>)]
2026-03-16 17:02:49 [scheduling-1] DEBUG org.springframework.web.SimpLogging - Processing UNSUBSCRIBE id=sub-2 session=cz2s22yb
2026-03-16 17:02:49 [scheduling-1] DEBUG org.springframework.web.SimpLogging - Processing UNSUBSCRIBE id=sub-3 session=cz2s22yb
2026-03-16 17:02:49 [scheduling-1] DEBUG org.springframework.web.SimpLogging - Processing DISCONNECT receipt=close-4 session=cz2s22yb
2026-03-16 17:02:49 [scheduling-1] DEBUG org.springframework.web.SimpLogging - Processing SUBSCRIBE /topic/public id=sub-5 session=cz2s22yb
2026-03-16 17:02:49 [http-nio-8080-exec-9] DEBUG o.s.w.s.h.LoggingWebSocketHandlerDecorator - WebSocketServerSockJsSession[id=cz2s22yb] closed with CloseStatus[code=1000, reason=null]
2026-03-16 17:02:49 [http-nio-8080-exec-9] DEBUG o.s.w.s.m.SubProtocolWebSocketHandler - Clearing session cz2s22yb
2026-03-16 17:02:49 [scheduling-1] DEBUG org.springframework.web.SimpLogging - Processing DISCONNECT session=cz2s22yb
2026-03-16 17:02:49 [scheduling-1] DEBUG o.s.w.s.m.SubProtocolWebSocketHandler - No session for GenericMessage [payload=byte[0], headers={simpMessageType=DISCONNECT_ACK, simpDisconnectMessage=GenericMessage [payload=byte[0], headers={simpMessageType=DISCONNECT, stompCommand=DISCONNECT, simpSessionAttributes={org.springframework.messaging.simp.SimpAttributes.COMPLETED=true}, simpSessionId=cz2s22yb}], simpSessionId=cz2s22yb}]
2026-03-16 17:02:49 [http-nio-8080-exec-11] DEBUG o.s.web.servlet.DispatcherServlet - GET "/ws/info?t=1773648169738", parameters={masked}
2026-03-16 17:02:49 [http-nio-8080-exec-11] DEBUG o.s.w.s.s.s.WebSocketHandlerMapping - Mapped to org.springframework.web.socket.sockjs.support.SockJsHttpRequestHandler@3d80b7ba
2026-03-16 17:02:49 [http-nio-8080-exec-11] DEBUG o.s.w.s.s.t.h.DefaultSockJsService - Processing transport request: GET http://localhost:8080/ws/info?t=1773648169738
2026-03-16 17:02:49 [http-nio-8080-exec-11] DEBUG o.s.web.servlet.DispatcherServlet - Completed 200 OK
2026-03-16 17:02:49 [http-nio-8080-exec-6] DEBUG o.s.web.servlet.DispatcherServlet - GET "/ws/212/blfiznay/websocket", parameters={}
2026-03-16 17:02:49 [http-nio-8080-exec-6] DEBUG o.s.w.s.s.s.WebSocketHandlerMapping - Mapped to org.springframework.web.socket.sockjs.support.SockJsHttpRequestHandler@3d80b7ba
2026-03-16 17:02:49 [http-nio-8080-exec-6] DEBUG o.s.w.s.s.t.h.DefaultSockJsService - Processing transport request: GET http://localhost:8080/ws/212/blfiznay/websocket
2026-03-16 17:02:49 [http-nio-8080-exec-6] DEBUG o.s.web.servlet.DispatcherServlet - Completed 101 SWITCHING_PROTOCOLS
2026-03-16 17:02:49 [http-nio-8080-exec-6] DEBUG o.s.w.s.h.LoggingWebSocketHandlerDecorator - New WebSocketServerSockJsSession[id=blfiznay]
2026-03-16 17:02:49 [scheduling-1] DEBUG org.springframework.web.SimpLogging - Processing CONNECT session=blfiznay
2026-03-16 17:02:49 [scheduling-1] DEBUG org.springframework.web.SimpLogging - Processing SUBSCRIBE /topic/notices id=sub-0 session=blfiznay
2026-03-16 17:02:49 [scheduling-1] DEBUG org.springframework.web.SimpLogging - Processing SUBSCRIBE destination=/queue/notifications-userblfiznay subscriptionId=sub-1 session=blfiznay payload=byte[0]
2026-03-16 17:02:49 [http-nio-8080-exec-4] DEBUG c.c.p.s.jwt.JwtAuthenticationFilter - >>> [JwtFilter] Processing request: GET /api/v1/dashboard
2026-03-16 17:02:49 [http-nio-8080-exec-8] DEBUG c.c.p.s.jwt.JwtAuthenticationFilter - >>> [JwtFilter] Processing request: GET /api/v1/menu/head
2026-03-16 17:02:49 [http-nio-8080-exec-4] DEBUG c.c.p.s.jwt.JwtAuthenticationFilter - >>> [JwtFilter] Found token in header for path: /api/v1/dashboard
2026-03-16 17:02:49 [http-nio-8080-exec-8] DEBUG c.c.p.s.jwt.JwtAuthenticationFilter - >>> [JwtFilter] Found token in header for path: /api/v1/menu/head
2026-03-16 17:02:49 [http-nio-8080-exec-4] DEBUG o.s.orm.jpa.JpaTransactionManager - Creating new transaction with name [com.company.project.security.iam.CustomUserDetailsService.loadUserByUsername]: PROPAGATION_REQUIRED,ISOLATION_DEFAULT,readOnly
2026-03-16 17:02:49 [http-nio-8080-exec-8] DEBUG o.s.orm.jpa.JpaTransactionManager - Creating new transaction with name [com.company.project.security.iam.CustomUserDetailsService.loadUserByUsername]: PROPAGATION_REQUIRED,ISOLATION_DEFAULT,readOnly
2026-03-16 17:02:49 [http-nio-8080-exec-4] DEBUG o.s.orm.jpa.JpaTransactionManager - Opened new EntityManager [SessionImpl(1358724840<open>)] for JPA transaction
2026-03-16 17:02:49 [http-nio-8080-exec-8] DEBUG o.s.orm.jpa.JpaTransactionManager - Opened new EntityManager [SessionImpl(783626563<open>)] for JPA transaction
2026-03-16 17:02:49 [http-nio-8080-exec-4] DEBUG o.s.orm.jpa.JpaTransactionManager - Exposing JPA transaction as JDBC [org.springframework.orm.jpa.vendor.HibernateJpaDialect$HibernateConnectionHandle@65d5c550]
2026-03-16 17:02:49 [http-nio-8080-exec-4] DEBUG o.s.orm.jpa.JpaTransactionManager - Found thread-bound EntityManager [SessionImpl(1358724840<open>)] for JPA transaction
2026-03-16 17:02:49 [http-nio-8080-exec-4] DEBUG o.s.orm.jpa.JpaTransactionManager - Participating in existing transaction
2026-03-16 17:02:49 [http-nio-8080-exec-4] DEBUG org.hibernate.SQL - select u1_0.emplyr_id,u1_0.area_no,u1_0.brthdy,u1_0.chg_pwd_cnt,u1_0.frst_register_id,u1_0.frst_regist_pnttm,u1_0.detail_adres,u1_0.email_adres,u1_0.emplyr_sttus_code,u1_0.empl_no,u1_0.esntl_id,u1_0.fxnum,u1_0.group_id,u1_0.house_adres,u1_0.house_end_telno,u1_0.house_middle_telno,u1_0.ihidnum,u1_0.pstinst_code,u1_0.last_updusr_id,u1_0.last_updt_pnttm,u1_0.lock_at,u1_0.lock_cnt,u1_0.lock_last_pnttm,u1_0.mbtlnum,u1_0.ofcps_nm,u1_0.offm_telno,u1_0.orgnzt_id,u1_0.password,u1_0.password_cnsr,u1_0.password_hint,u1_0.chg_pwd_last_pnttm,u1_0.role,u1_0.sbscrb_de,u1_0.sexdstn_code,u1_0.crtfc_dn_value,u1_0.user_nm,u1_0.zip from nemplyrinfo u1_0 where u1_0.emplyr_id=?
2026-03-16 17:02:49 [http-nio-8080-exec-10] DEBUG o.s.orm.jpa.JpaTransactionManager - Closing JPA EntityManager [SessionImpl(995467682<open>)] after transaction
2026-03-16 17:02:49 [http-nio-8080-exec-10] DEBUG c.c.p.s.jwt.JwtAuthenticationFilter - >>> [JwtFilter] Successfully authenticated user: USRCNFRM_99999999999, Authorities: [ROLE_ADMIN]
2026-03-16 17:02:49 [http-nio-8080-exec-10] DEBUG o.s.web.servlet.DispatcherServlet - GET "/api/v1/menu/left?menuNo=20", parameters={masked}
2026-03-16 17:02:49 [http-nio-8080-exec-10] TRACE o.s.w.s.m.m.a.RequestMappingHandlerMapping - Mapped to com.company.project.api.controller.menu.MenuController#getLeftMenu(Long)
2026-03-16 17:02:49 [http-nio-8080-exec-10] INFO  c.c.p.a.c.menu.MenuController - getLeftMenu called with menuNo=20
2026-03-16 17:02:49 [http-nio-8080-exec-10] DEBUG o.s.orm.jpa.JpaTransactionManager - Creating new transaction with name [com.company.project.service.menu.MenuService.getSubMenus]: PROPAGATION_REQUIRED,ISOLATION_DEFAULT,readOnly
2026-03-16 17:02:49 [http-nio-8080-exec-10] DEBUG o.s.orm.jpa.JpaTransactionManager - Opened new EntityManager [SessionImpl(1371081785<open>)] for JPA transaction
2026-03-16 17:02:49 [http-nio-8080-exec-10] DEBUG o.s.orm.jpa.JpaTransactionManager - Exposing JPA transaction as JDBC [org.springframework.orm.jpa.vendor.HibernateJpaDialect$HibernateConnectionHandle@50a1c6f]
2026-03-16 17:02:49 [http-nio-8080-exec-10] DEBUG org.hibernate.SQL - select m1_0.menu_no,m1_0.menu_dc,m1_0.menu_nm,m1_0.menu_ordr,m1_0.modern_route,m1_0.progrm_file_nm,m1_0.relate_image_nm,m1_0.relate_image_path,m1_0.route_updated_at,m1_0.upper_menu_no from nmenuinfo m1_0 order by m1_0.upper_menu_no,m1_0.menu_ordr
2026-03-16 17:02:49 [http-nio-8080-exec-5] DEBUG org.hibernate.SQL - select count(u1_0.emplyr_id) from nemplyrinfo u1_0
2026-03-16 17:02:49 [http-nio-8080-exec-19] DEBUG o.s.orm.jpa.JpaTransactionManager - Closing JPA EntityManager [SessionImpl(1538719509<open>)] after transaction
2026-03-16 17:02:49 [http-nio-8080-exec-19] DEBUG c.c.p.s.jwt.JwtAuthenticationFilter - >>> [JwtFilter] Successfully authenticated user: USRCNFRM_99999999999, Authorities: [ROLE_ADMIN]
2026-03-16 17:02:49 [http-nio-8080-exec-19] DEBUG o.s.web.servlet.DispatcherServlet - GET "/api/v1/menu/head", parameters={}
2026-03-16 17:02:49 [http-nio-8080-exec-19] TRACE o.s.w.s.m.m.a.RequestMappingHandlerMapping - Mapped to com.company.project.api.controller.menu.MenuController#getHeadMenu()
2026-03-16 17:02:49 [http-nio-8080-exec-19] INFO  c.c.p.a.c.menu.MenuController - getHeadMenu called
2026-03-16 17:02:49 [http-nio-8080-exec-19] INFO  c.c.p.a.c.menu.MenuController - getHeadMenu returned 5 items
2026-03-16 17:02:49 [http-nio-8080-exec-19] DEBUG o.s.w.s.m.m.a.HttpEntityMethodProcessor - Using 'application/json', given [application/json, text/plain, */*] and supported [application/json, application/*+json, application/yaml]
2026-03-16 17:02:49 [http-nio-8080-exec-19] TRACE o.s.w.s.m.m.a.HttpEntityMethodProcessor - Writing [ApiResponse[success=true, status=200, code=COMMON_001, message=Success, data={list=[com.company.project.service.menu.dto.MenuDto@2b80d6b0, com.company.project.service.menu.dto.MenuDto@1418cfa3, com.company.project.service.menu.dto.MenuDto@f230bf1, com.company.project.service.menu.dto.MenuDto@734a7f6a, com.company.project.service.menu.dto.MenuDto@5e5202e5]}, timestamp=2026-03-16T17:02:49.853187200]]
2026-03-16 17:02:49 [http-nio-8080-exec-19] INFO  c.c.p.a.i.OperationalAuditInterceptor - API Audit Log: URL=/api/v1/menu/head, User=webmaster, IP=0:0:0:0:0:0:0:1
2026-03-16 17:02:49 [http-nio-8080-exec-19] DEBUG o.s.web.servlet.DispatcherServlet - Completed 200 OK
2026-03-16 17:02:49 [http-nio-8080-exec-13] DEBUG c.c.p.s.jwt.JwtAuthenticationFilter - >>> [JwtFilter] Processing request: GET /api/v1/menu/left
2026-03-16 17:02:49 [http-nio-8080-exec-13] DEBUG c.c.p.s.jwt.JwtAuthenticationFilter - >>> [JwtFilter] Found token in header for path: /api/v1/menu/left
2026-03-16 17:02:49 [http-nio-8080-exec-1] DEBUG c.c.p.s.jwt.JwtAuthenticationFilter - >>> [JwtFilter] Processing request: GET /api/v1/menu/left
2026-03-16 17:02:49 [http-nio-8080-exec-1] DEBUG c.c.p.s.jwt.JwtAuthenticationFilter - >>> [JwtFilter] Found token in header for path: /api/v1/menu/left
2026-03-16 17:02:49 [http-nio-8080-exec-1] DEBUG o.s.orm.jpa.JpaTransactionManager - Creating new transaction with name [com.company.project.security.iam.CustomUserDetailsService.loadUserByUsername]: PROPAGATION_REQUIRED,ISOLATION_DEFAULT,readOnly
2026-03-16 17:02:49 [http-nio-8080-exec-13] DEBUG o.s.orm.jpa.JpaTransactionManager - Creating new transaction with name [com.company.project.security.iam.CustomUserDetailsService.loadUserByUsername]: PROPAGATION_REQUIRED,ISOLATION_DEFAULT,readOnly
2026-03-16 17:02:49 [http-nio-8080-exec-1] DEBUG o.s.orm.jpa.JpaTransactionManager - Opened new EntityManager [SessionImpl(1960373069<open>)] for JPA transaction
2026-03-16 17:02:49 [http-nio-8080-exec-13] DEBUG o.s.orm.jpa.JpaTransactionManager - Opened new EntityManager [SessionImpl(493542111<open>)] for JPA transaction
2026-03-16 17:02:49 [http-nio-8080-exec-1] DEBUG o.s.orm.jpa.JpaTransactionManager - Exposing JPA transaction as JDBC [org.springframework.orm.jpa.vendor.HibernateJpaDialect$HibernateConnectionHandle@2b0b4e73]
2026-03-16 17:02:49 [http-nio-8080-exec-1] DEBUG o.s.orm.jpa.JpaTransactionManager - Found thread-bound EntityManager [SessionImpl(1960373069<open>)] for JPA transaction
2026-03-16 17:02:49 [http-nio-8080-exec-1] DEBUG o.s.orm.jpa.JpaTransactionManager - Participating in existing transaction
2026-03-16 17:02:49 [http-nio-8080-exec-1] DEBUG org.hibernate.SQL - select u1_0.emplyr_id,u1_0.area_no,u1_0.brthdy,u1_0.chg_pwd_cnt,u1_0.frst_register_id,u1_0.frst_regist_pnttm,u1_0.detail_adres,u1_0.email_adres,u1_0.emplyr_sttus_code,u1_0.empl_no,u1_0.esntl_id,u1_0.fxnum,u1_0.group_id,u1_0.house_adres,u1_0.house_end_telno,u1_0.house_middle_telno,u1_0.ihidnum,u1_0.pstinst_code,u1_0.last_updusr_id,u1_0.last_updt_pnttm,u1_0.lock_at,u1_0.lock_cnt,u1_0.lock_last_pnttm,u1_0.mbtlnum,u1_0.ofcps_nm,u1_0.offm_telno,u1_0.orgnzt_id,u1_0.password,u1_0.password_cnsr,u1_0.password_hint,u1_0.chg_pwd_last_pnttm,u1_0.role,u1_0.sbscrb_de,u1_0.sexdstn_code,u1_0.crtfc_dn_value,u1_0.user_nm,u1_0.zip from nemplyrinfo u1_0 where u1_0.emplyr_id=?
2026-03-16 17:02:49 [http-nio-8080-exec-2] DEBUG c.c.p.s.jwt.JwtAuthenticationFilter - >>> [JwtFilter] Processing request: GET /api/v1/menu/left
2026-03-16 17:02:49 [http-nio-8080-exec-17] DEBUG c.c.p.s.jwt.JwtAuthenticationFilter - >>> [JwtFilter] Processing request: GET /api/v1/menu/left
2026-03-16 17:02:49 [http-nio-8080-exec-15] DEBUG c.c.p.s.jwt.JwtAuthenticationFilter - >>> [JwtFilter] Processing request: GET /api/v1/menu/left
2026-03-16 17:02:49 [http-nio-8080-exec-2] DEBUG c.c.p.s.jwt.JwtAuthenticationFilter - >>> [JwtFilter] Found token in header for path: /api/v1/menu/left
2026-03-16 17:02:49 [http-nio-8080-exec-17] DEBUG c.c.p.s.jwt.JwtAuthenticationFilter - >>> [JwtFilter] Found token in header for path: /api/v1/menu/left
2026-03-16 17:02:49 [http-nio-8080-exec-15] DEBUG c.c.p.s.jwt.JwtAuthenticationFilter - >>> [JwtFilter] Found token in header for path: /api/v1/menu/left
2026-03-16 17:02:49 [http-nio-8080-exec-2] DEBUG o.s.orm.jpa.JpaTransactionManager - Creating new transaction with name [com.company.project.security.iam.CustomUserDetailsService.loadUserByUsername]: PROPAGATION_REQUIRED,ISOLATION_DEFAULT,readOnly
2026-03-16 17:02:49 [http-nio-8080-exec-15] DEBUG o.s.orm.jpa.JpaTransactionManager - Creating new transaction with name [com.company.project.security.iam.CustomUserDetailsService.loadUserByUsername]: PROPAGATION_REQUIRED,ISOLATION_DEFAULT,readOnly
2026-03-16 17:02:49 [http-nio-8080-exec-17] DEBUG o.s.orm.jpa.JpaTransactionManager - Creating new transaction with name [com.company.project.security.iam.CustomUserDetailsService.loadUserByUsername]: PROPAGATION_REQUIRED,ISOLATION_DEFAULT,readOnly
2026-03-16 17:02:49 [http-nio-8080-exec-15] DEBUG o.s.orm.jpa.JpaTransactionManager - Opened new EntityManager [SessionImpl(1911938232<open>)] for JPA transaction
2026-03-16 17:02:49 [http-nio-8080-exec-2] DEBUG o.s.orm.jpa.JpaTransactionManager - Opened new EntityManager [SessionImpl(860738156<open>)] for JPA transaction
2026-03-16 17:02:49 [http-nio-8080-exec-17] DEBUG o.s.orm.jpa.JpaTransactionManager - Opened new EntityManager [SessionImpl(1352062156<open>)] for JPA transaction
2026-03-16 17:02:49 [http-nio-8080-exec-16] DEBUG o.s.orm.jpa.JpaTransactionManager - Closing JPA EntityManager [SessionImpl(878257165<open>)] after transaction
2026-03-16 17:02:49 [http-nio-8080-exec-16] DEBUG c.c.p.s.jwt.JwtAuthenticationFilter - >>> [JwtFilter] Successfully authenticated user: USRCNFRM_99999999999, Authorities: [ROLE_ADMIN]
2026-03-16 17:02:49 [http-nio-8080-exec-18] DEBUG o.s.orm.jpa.JpaTransactionManager - Initiating transaction commit
2026-03-16 17:02:49 [http-nio-8080-exec-17] DEBUG o.s.orm.jpa.JpaTransactionManager - Exposing JPA transaction as JDBC [org.springframework.orm.jpa.vendor.HibernateJpaDialect$HibernateConnectionHandle@511bedad]
2026-03-16 17:02:49 [http-nio-8080-exec-18] DEBUG o.s.orm.jpa.JpaTransactionManager - Committing JPA transaction on EntityManager [SessionImpl(1867413456<open>)]
2026-03-16 17:02:49 [http-nio-8080-exec-17] DEBUG o.s.orm.jpa.JpaTransactionManager - Found thread-bound EntityManager [SessionImpl(1352062156<open>)] for JPA transaction
2026-03-16 17:02:49 [http-nio-8080-exec-16] DEBUG o.s.web.servlet.DispatcherServlet - GET "/api/v1/notifications/unread-count", parameters={}
2026-03-16 17:02:49 [http-nio-8080-exec-17] DEBUG o.s.orm.jpa.JpaTransactionManager - Participating in existing transaction
2026-03-16 17:02:49 [http-nio-8080-exec-17] DEBUG org.hibernate.SQL - select u1_0.emplyr_id,u1_0.area_no,u1_0.brthdy,u1_0.chg_pwd_cnt,u1_0.frst_register_id,u1_0.frst_regist_pnttm,u1_0.detail_adres,u1_0.email_adres,u1_0.emplyr_sttus_code,u1_0.empl_no,u1_0.esntl_id,u1_0.fxnum,u1_0.group_id,u1_0.house_adres,u1_0.house_end_telno,u1_0.house_middle_telno,u1_0.ihidnum,u1_0.pstinst_code,u1_0.last_updusr_id,u1_0.last_updt_pnttm,u1_0.lock_at,u1_0.lock_cnt,u1_0.lock_last_pnttm,u1_0.mbtlnum,u1_0.ofcps_nm,u1_0.offm_telno,u1_0.orgnzt_id,u1_0.password,u1_0.password_cnsr,u1_0.password_hint,u1_0.chg_pwd_last_pnttm,u1_0.role,u1_0.sbscrb_de,u1_0.sexdstn_code,u1_0.crtfc_dn_value,u1_0.user_nm,u1_0.zip from nemplyrinfo u1_0 where u1_0.emplyr_id=?
2026-03-16 17:02:49 [http-nio-8080-exec-16] TRACE o.s.w.s.m.m.a.RequestMappingHandlerMapping - Mapped to com.company.project.api.controller.notification.NotificationController#getUnreadCount(UserDetails)
2026-03-16 17:02:49 [http-nio-8080-exec-16] DEBUG o.s.orm.jpa.JpaTransactionManager - Creating new transaction with name [com.company.project.service.notification.NotificationService.getUnreadCount]: PROPAGATION_REQUIRED,ISOLATION_DEFAULT,readOnly
2026-03-16 17:02:49 [http-nio-8080-exec-16] DEBUG o.s.orm.jpa.JpaTransactionManager - Opened new EntityManager [SessionImpl(2042350564<open>)] for JPA transaction
2026-03-16 17:02:49 [http-nio-8080-exec-8] DEBUG o.s.orm.jpa.JpaTransactionManager - Exposing JPA transaction as JDBC [org.springframework.orm.jpa.vendor.HibernateJpaDialect$HibernateConnectionHandle@c64da93]
2026-03-16 17:02:49 [http-nio-8080-exec-8] DEBUG o.s.orm.jpa.JpaTransactionManager - Found thread-bound EntityManager [SessionImpl(783626563<open>)] for JPA transaction
2026-03-16 17:02:49 [http-nio-8080-exec-8] DEBUG o.s.orm.jpa.JpaTransactionManager - Participating in existing transaction
2026-03-16 17:02:49 [http-nio-8080-exec-4] DEBUG o.s.orm.jpa.JpaTransactionManager - Found thread-bound EntityManager [SessionImpl(1358724840<open>)] for JPA transaction
2026-03-16 17:02:49 [http-nio-8080-exec-4] DEBUG o.s.orm.jpa.JpaTransactionManager - Participating in existing transaction
2026-03-16 17:02:49 [http-nio-8080-exec-8] DEBUG org.hibernate.SQL - select u1_0.emplyr_id,u1_0.area_no,u1_0.brthdy,u1_0.chg_pwd_cnt,u1_0.frst_register_id,u1_0.frst_regist_pnttm,u1_0.detail_adres,u1_0.email_adres,u1_0.emplyr_sttus_code,u1_0.empl_no,u1_0.esntl_id,u1_0.fxnum,u1_0.group_id,u1_0.house_adres,u1_0.house_end_telno,u1_0.house_middle_telno,u1_0.ihidnum,u1_0.pstinst_code,u1_0.last_updusr_id,u1_0.last_updt_pnttm,u1_0.lock_at,u1_0.lock_cnt,u1_0.lock_last_pnttm,u1_0.mbtlnum,u1_0.ofcps_nm,u1_0.offm_telno,u1_0.orgnzt_id,u1_0.password,u1_0.password_cnsr,u1_0.password_hint,u1_0.chg_pwd_last_pnttm,u1_0.role,u1_0.sbscrb_de,u1_0.sexdstn_code,u1_0.crtfc_dn_value,u1_0.user_nm,u1_0.zip from nemplyrinfo u1_0 where u1_0.emplyr_id=?
2026-03-16 17:02:49 [http-nio-8080-exec-4] DEBUG org.hibernate.SQL - select ua1_0.scrty_dtrmn_trget_id,ua1_0.author_code,ua1_0.frst_register_id,ua1_0.frst_regist_pnttm,ua1_0.last_updusr_id,ua1_0.last_updt_pnttm,ua1_0.mber_ty_code from nemplyrscrtyestbs ua1_0 where ua1_0.scrty_dtrmn_trget_id=?
2026-03-16 17:02:49 [http-nio-8080-exec-5] DEBUG o.s.orm.jpa.JpaTransactionManager - Initiating transaction commit
2026-03-16 17:02:49 [http-nio-8080-exec-5] DEBUG o.s.orm.jpa.JpaTransactionManager - Committing JPA transaction on EntityManager [SessionImpl(779134337<open>)]
2026-03-16 17:02:50 [http-nio-8080-exec-13] DEBUG o.s.orm.jpa.JpaTransactionManager - Exposing JPA transaction as JDBC [org.springframework.orm.jpa.vendor.HibernateJpaDialect$HibernateConnectionHandle@437ee8b2]
2026-03-16 17:02:50 [http-nio-8080-exec-15] DEBUG o.s.orm.jpa.JpaTransactionManager - Exposing JPA transaction as JDBC [org.springframework.orm.jpa.vendor.HibernateJpaDialect$HibernateConnectionHandle@3b1b54df]
2026-03-16 17:02:50 [http-nio-8080-exec-13] DEBUG o.s.orm.jpa.JpaTransactionManager - Found thread-bound EntityManager [SessionImpl(493542111<open>)] for JPA transaction
2026-03-16 17:02:50 [http-nio-8080-exec-13] DEBUG o.s.orm.jpa.JpaTransactionManager - Participating in existing transaction
2026-03-16 17:02:50 [http-nio-8080-exec-15] DEBUG o.s.orm.jpa.JpaTransactionManager - Found thread-bound EntityManager [SessionImpl(1911938232<open>)] for JPA transaction
2026-03-16 17:02:50 [http-nio-8080-exec-15] DEBUG o.s.orm.jpa.JpaTransactionManager - Participating in existing transaction
2026-03-16 17:02:50 [http-nio-8080-exec-15] DEBUG org.hibernate.SQL - select u1_0.emplyr_id,u1_0.area_no,u1_0.brthdy,u1_0.chg_pwd_cnt,u1_0.frst_register_id,u1_0.frst_regist_pnttm,u1_0.detail_adres,u1_0.email_adres,u1_0.emplyr_sttus_code,u1_0.empl_no,u1_0.esntl_id,u1_0.fxnum,u1_0.group_id,u1_0.house_adres,u1_0.house_end_telno,u1_0.house_middle_telno,u1_0.ihidnum,u1_0.pstinst_code,u1_0.last_updusr_id,u1_0.last_updt_pnttm,u1_0.lock_at,u1_0.lock_cnt,u1_0.lock_last_pnttm,u1_0.mbtlnum,u1_0.ofcps_nm,u1_0.offm_telno,u1_0.orgnzt_id,u1_0.password,u1_0.password_cnsr,u1_0.password_hint,u1_0.chg_pwd_last_pnttm,u1_0.role,u1_0.sbscrb_de,u1_0.sexdstn_code,u1_0.crtfc_dn_value,u1_0.user_nm,u1_0.zip from nemplyrinfo u1_0 where u1_0.emplyr_id=?
2026-03-16 17:02:50 [http-nio-8080-exec-13] DEBUG org.hibernate.SQL - select u1_0.emplyr_id,u1_0.area_no,u1_0.brthdy,u1_0.chg_pwd_cnt,u1_0.frst_register_id,u1_0.frst_regist_pnttm,u1_0.detail_adres,u1_0.email_adres,u1_0.emplyr_sttus_code,u1_0.empl_no,u1_0.esntl_id,u1_0.fxnum,u1_0.group_id,u1_0.house_adres,u1_0.house_end_telno,u1_0.house_middle_telno,u1_0.ihidnum,u1_0.pstinst_code,u1_0.last_updusr_id,u1_0.last_updt_pnttm,u1_0.lock_at,u1_0.lock_cnt,u1_0.lock_last_pnttm,u1_0.mbtlnum,u1_0.ofcps_nm,u1_0.offm_telno,u1_0.orgnzt_id,u1_0.password,u1_0.password_cnsr,u1_0.password_hint,u1_0.chg_pwd_last_pnttm,u1_0.role,u1_0.sbscrb_de,u1_0.sexdstn_code,u1_0.crtfc_dn_value,u1_0.user_nm,u1_0.zip from nemplyrinfo u1_0 where u1_0.emplyr_id=?
2026-03-16 17:02:50 [http-nio-8080-exec-2] DEBUG o.s.orm.jpa.JpaTransactionManager - Exposing JPA transaction as JDBC [org.springframework.orm.jpa.vendor.HibernateJpaDialect$HibernateConnectionHandle@ec8bb69]
2026-03-16 17:02:50 [http-nio-8080-exec-2] DEBUG o.s.orm.jpa.JpaTransactionManager - Found thread-bound EntityManager [SessionImpl(860738156<open>)] for JPA transaction
2026-03-16 17:02:50 [http-nio-8080-exec-2] DEBUG o.s.orm.jpa.JpaTransactionManager - Participating in existing transaction
2026-03-16 17:02:50 [http-nio-8080-exec-1] DEBUG o.s.orm.jpa.JpaTransactionManager - Found thread-bound EntityManager [SessionImpl(1960373069<open>)] for JPA transaction
2026-03-16 17:02:50 [http-nio-8080-exec-2] DEBUG org.hibernate.SQL - select u1_0.emplyr_id,u1_0.area_no,u1_0.brthdy,u1_0.chg_pwd_cnt,u1_0.frst_register_id,u1_0.frst_regist_pnttm,u1_0.detail_adres,u1_0.email_adres,u1_0.emplyr_sttus_code,u1_0.empl_no,u1_0.esntl_id,u1_0.fxnum,u1_0.group_id,u1_0.house_adres,u1_0.house_end_telno,u1_0.house_middle_telno,u1_0.ihidnum,u1_0.pstinst_code,u1_0.last_updusr_id,u1_0.last_updt_pnttm,u1_0.lock_at,u1_0.lock_cnt,u1_0.lock_last_pnttm,u1_0.mbtlnum,u1_0.ofcps_nm,u1_0.offm_telno,u1_0.orgnzt_id,u1_0.password,u1_0.password_cnsr,u1_0.password_hint,u1_0.chg_pwd_last_pnttm,u1_0.role,u1_0.sbscrb_de,u1_0.sexdstn_code,u1_0.crtfc_dn_value,u1_0.user_nm,u1_0.zip from nemplyrinfo u1_0 where u1_0.emplyr_id=?
2026-03-16 17:02:50 [http-nio-8080-exec-1] DEBUG o.s.orm.jpa.JpaTransactionManager - Participating in existing transaction
2026-03-16 17:02:50 [http-nio-8080-exec-1] DEBUG org.hibernate.SQL - select ua1_0.scrty_dtrmn_trget_id,ua1_0.author_code,ua1_0.frst_register_id,ua1_0.frst_regist_pnttm,ua1_0.last_updusr_id,ua1_0.last_updt_pnttm,ua1_0.mber_ty_code from nemplyrscrtyestbs ua1_0 where ua1_0.scrty_dtrmn_trget_id=?
2026-03-16 17:02:50 [http-nio-8080-exec-18] DEBUG o.s.orm.jpa.JpaTransactionManager - Closing JPA EntityManager [SessionImpl(1867413456<open>)] after transaction
2026-03-16 17:02:50 [http-nio-8080-exec-16] DEBUG o.s.orm.jpa.JpaTransactionManager - Exposing JPA transaction as JDBC [org.springframework.orm.jpa.vendor.HibernateJpaDialect$HibernateConnectionHandle@661d776e]
2026-03-16 17:02:50 [http-nio-8080-exec-18] DEBUG o.s.w.s.m.m.a.HttpEntityMethodProcessor - Using 'application/json', given [application/json, text/plain, */*] and supported [application/json, application/*+json, application/yaml]
2026-03-16 17:02:50 [http-nio-8080-exec-18] TRACE o.s.w.s.m.m.a.HttpEntityMethodProcessor - Writing [ApiResponse[success=true, status=200, code=COMMON_001, message=Success, data=[NotificationDto(ntfcNo=NT001, ntfcSj=테스트 알림입니다, ntfcCn=알림 내용입니다, ntfcDate=null, ntfcTime=2026-02-25T00:59:33.784070, bhNtfcIntrvl=null, uniqId=null, frstRegisterId=null, frstRegisterPnttm=2026-02-25T00:59:33.784070, lastUpdusrId=null, lastUpdusrPnttm=null)], timestamp=2026-03-16T17:02:50.044347400]]
2026-03-16 17:02:50 [http-nio-8080-exec-18] INFO  c.c.p.a.i.OperationalAuditInterceptor - API Audit Log: URL=/api/v1/notifications, User=webmaster, IP=127.0.0.1
2026-03-16 17:02:50 [http-nio-8080-exec-18] DEBUG o.s.web.servlet.DispatcherServlet - Completed 200 OK
2026-03-16 17:02:50 [http-nio-8080-exec-16] DEBUG org.hibernate.SQL - select count(n1_0.ntcn_no) from n_user_notification n1_0 where n1_0.receiver_id=? and n1_0.is_read=?
2026-03-16 17:02:50 [http-nio-8080-exec-17] DEBUG o.s.orm.jpa.JpaTransactionManager - Found thread-bound EntityManager [SessionImpl(1352062156<open>)] for JPA transaction
2026-03-16 17:02:50 [http-nio-8080-exec-17] DEBUG o.s.orm.jpa.JpaTransactionManager - Participating in existing transaction
2026-03-16 17:02:50 [http-nio-8080-exec-17] DEBUG org.hibernate.SQL - select ua1_0.scrty_dtrmn_trget_id,ua1_0.author_code,ua1_0.frst_register_id,ua1_0.frst_regist_pnttm,ua1_0.last_updusr_id,ua1_0.last_updt_pnttm,ua1_0.mber_ty_code from nemplyrscrtyestbs ua1_0 where ua1_0.scrty_dtrmn_trget_id=?
2026-03-16 17:02:50 [http-nio-8080-exec-7] DEBUG c.c.p.s.jwt.JwtAuthenticationFilter - >>> [JwtFilter] Processing request: GET /api/v1/notifications
2026-03-16 17:02:50 [http-nio-8080-exec-7] DEBUG c.c.p.s.jwt.JwtAuthenticationFilter - >>> [JwtFilter] Found token in header for path: /api/v1/notifications
2026-03-16 17:02:50 [http-nio-8080-exec-7] DEBUG o.s.orm.jpa.JpaTransactionManager - Creating new transaction with name [com.company.project.security.iam.CustomUserDetailsService.loadUserByUsername]: PROPAGATION_REQUIRED,ISOLATION_DEFAULT,readOnly
2026-03-16 17:02:50 [http-nio-8080-exec-7] DEBUG o.s.orm.jpa.JpaTransactionManager - Opened new EntityManager [SessionImpl(1556817155<open>)] for JPA transaction
2026-03-16 17:02:50 [http-nio-8080-exec-4] DEBUG o.s.orm.jpa.JpaTransactionManager - Initiating transaction commit
2026-03-16 17:02:50 [http-nio-8080-exec-8] DEBUG o.s.orm.jpa.JpaTransactionManager - Found thread-bound EntityManager [SessionImpl(783626563<open>)] for JPA transaction
2026-03-16 17:02:50 [http-nio-8080-exec-4] DEBUG o.s.orm.jpa.JpaTransactionManager - Committing JPA transaction on EntityManager [SessionImpl(1358724840<open>)]
2026-03-16 17:02:50 [http-nio-8080-exec-8] DEBUG o.s.orm.jpa.JpaTransactionManager - Participating in existing transaction
2026-03-16 17:02:50 [http-nio-8080-exec-8] DEBUG org.hibernate.SQL - select ua1_0.scrty_dtrmn_trget_id,ua1_0.author_code,ua1_0.frst_register_id,ua1_0.frst_regist_pnttm,ua1_0.last_updusr_id,ua1_0.last_updt_pnttm,ua1_0.mber_ty_code from nemplyrscrtyestbs ua1_0 where ua1_0.scrty_dtrmn_trget_id=?
2026-03-16 17:02:50 [http-nio-8080-exec-10] DEBUG o.s.orm.jpa.JpaTransactionManager - Found thread-bound EntityManager [SessionImpl(1371081785<open>)] for JPA transaction
2026-03-16 17:02:50 [http-nio-8080-exec-10] DEBUG o.s.orm.jpa.JpaTransactionManager - Participating in existing transaction
2026-03-16 17:02:50 [http-nio-8080-exec-10] DEBUG org.hibernate.SQL - select p1_0.progrm_file_nm,p1_0.progrm_dc,p1_0.progrm_korean_nm,p1_0.progrm_stre_path,p1_0.url from nprogrmlist p1_0
2026-03-16 17:02:50 [http-nio-8080-exec-5] DEBUG o.s.orm.jpa.JpaTransactionManager - Closing JPA EntityManager [SessionImpl(779134337<open>)] after transaction
2026-03-16 17:02:50 [http-nio-8080-exec-5] DEBUG o.s.orm.jpa.JpaTransactionManager - Creating new transaction with name [com.company.project.service.usermanagement.UserManageService.selectUserListTotCnt]: PROPAGATION_REQUIRED,ISOLATION_DEFAULT,readOnly
2026-03-16 17:02:50 [http-nio-8080-exec-5] DEBUG o.s.orm.jpa.JpaTransactionManager - Opened new EntityManager [SessionImpl(948663060<open>)] for JPA transaction
2026-03-16 17:02:50 [http-nio-8080-exec-5] DEBUG o.s.orm.jpa.JpaTransactionManager - Exposing JPA transaction as JDBC [org.springframework.orm.jpa.vendor.HibernateJpaDialect$HibernateConnectionHandle@57df5fcc]
2026-03-16 17:02:50 [http-nio-8080-exec-5] DEBUG org.hibernate.SQL - select u1_0.emplyr_id,u1_0.area_no,u1_0.brthdy,u1_0.chg_pwd_cnt,u1_0.frst_register_id,u1_0.frst_regist_pnttm,u1_0.detail_adres,u1_0.email_adres,u1_0.emplyr_sttus_code,u1_0.empl_no,u1_0.esntl_id,u1_0.fxnum,u1_0.group_id,u1_0.house_adres,u1_0.house_end_telno,u1_0.house_middle_telno,u1_0.ihidnum,u1_0.pstinst_code,u1_0.last_updusr_id,u1_0.last_updt_pnttm,u1_0.lock_at,u1_0.lock_cnt,u1_0.lock_last_pnttm,u1_0.mbtlnum,u1_0.ofcps_nm,u1_0.offm_telno,u1_0.orgnzt_id,u1_0.password,u1_0.password_cnsr,u1_0.password_hint,u1_0.chg_pwd_last_pnttm,u1_0.role,u1_0.sbscrb_de,u1_0.sexdstn_code,u1_0.crtfc_dn_value,u1_0.user_nm,u1_0.zip from nemplyrinfo u1_0 order by u1_0.emplyr_id desc offset ? rows fetch first ? rows only
2026-03-16 17:02:50 [http-nio-8080-exec-13] DEBUG o.s.orm.jpa.JpaTransactionManager - Found thread-bound EntityManager [SessionImpl(493542111<open>)] for JPA transaction
2026-03-16 17:02:50 [http-nio-8080-exec-13] DEBUG o.s.orm.jpa.JpaTransactionManager - Participating in existing transaction
2026-03-16 17:02:50 [http-nio-8080-exec-15] DEBUG o.s.orm.jpa.JpaTransactionManager - Found thread-bound EntityManager [SessionImpl(1911938232<open>)] for JPA transaction
2026-03-16 17:02:50 [http-nio-8080-exec-13] DEBUG org.hibernate.SQL - select ua1_0.scrty_dtrmn_trget_id,ua1_0.author_code,ua1_0.frst_register_id,ua1_0.frst_regist_pnttm,ua1_0.last_updusr_id,ua1_0.last_updt_pnttm,ua1_0.mber_ty_code from nemplyrscrtyestbs ua1_0 where ua1_0.scrty_dtrmn_trget_id=?
2026-03-16 17:02:50 [http-nio-8080-exec-15] DEBUG o.s.orm.jpa.JpaTransactionManager - Participating in existing transaction
2026-03-16 17:02:50 [http-nio-8080-exec-15] DEBUG org.hibernate.SQL - select ua1_0.scrty_dtrmn_trget_id,ua1_0.author_code,ua1_0.frst_register_id,ua1_0.frst_regist_pnttm,ua1_0.last_updusr_id,ua1_0.last_updt_pnttm,ua1_0.mber_ty_code from nemplyrscrtyestbs ua1_0 where ua1_0.scrty_dtrmn_trget_id=?
2026-03-16 17:02:50 [http-nio-8080-exec-1] DEBUG o.s.orm.jpa.JpaTransactionManager - Initiating transaction commit
2026-03-16 17:02:50 [http-nio-8080-exec-1] DEBUG o.s.orm.jpa.JpaTransactionManager - Committing JPA transaction on EntityManager [SessionImpl(1960373069<open>)]
2026-03-16 17:02:50 [http-nio-8080-exec-17] DEBUG o.s.orm.jpa.JpaTransactionManager - Initiating transaction commit
2026-03-16 17:02:50 [http-nio-8080-exec-17] DEBUG o.s.orm.jpa.JpaTransactionManager - Committing JPA transaction on EntityManager [SessionImpl(1352062156<open>)]
2026-03-16 17:02:50 [http-nio-8080-exec-4] DEBUG o.s.orm.jpa.JpaTransactionManager - Closing JPA EntityManager [SessionImpl(1358724840<open>)] after transaction
2026-03-16 17:02:50 [http-nio-8080-exec-4] DEBUG c.c.p.s.jwt.JwtAuthenticationFilter - >>> [JwtFilter] Successfully authenticated user: USRCNFRM_99999999999, Authorities: [ROLE_ADMIN]
2026-03-16 17:02:50 [http-nio-8080-exec-7] DEBUG o.s.orm.jpa.JpaTransactionManager - Exposing JPA transaction as JDBC [org.springframework.orm.jpa.vendor.HibernateJpaDialect$HibernateConnectionHandle@2384b69a]
2026-03-16 17:02:50 [http-nio-8080-exec-8] DEBUG o.s.orm.jpa.JpaTransactionManager - Initiating transaction commit
2026-03-16 17:02:50 [http-nio-8080-exec-7] DEBUG o.s.orm.jpa.JpaTransactionManager - Found thread-bound EntityManager [SessionImpl(1556817155<open>)] for JPA transaction
2026-03-16 17:02:50 [http-nio-8080-exec-8] DEBUG o.s.orm.jpa.JpaTransactionManager - Committing JPA transaction on EntityManager [SessionImpl(783626563<open>)]
2026-03-16 17:02:50 [http-nio-8080-exec-7] DEBUG o.s.orm.jpa.JpaTransactionManager - Participating in existing transaction
2026-03-16 17:02:50 [http-nio-8080-exec-4] DEBUG o.s.web.servlet.DispatcherServlet - GET "/api/v1/dashboard", parameters={}
2026-03-16 17:02:50 [http-nio-8080-exec-7] DEBUG org.hibernate.SQL - select u1_0.emplyr_id,u1_0.area_no,u1_0.brthdy,u1_0.chg_pwd_cnt,u1_0.frst_register_id,u1_0.frst_regist_pnttm,u1_0.detail_adres,u1_0.email_adres,u1_0.emplyr_sttus_code,u1_0.empl_no,u1_0.esntl_id,u1_0.fxnum,u1_0.group_id,u1_0.house_adres,u1_0.house_end_telno,u1_0.house_middle_telno,u1_0.ihidnum,u1_0.pstinst_code,u1_0.last_updusr_id,u1_0.last_updt_pnttm,u1_0.lock_at,u1_0.lock_cnt,u1_0.lock_last_pnttm,u1_0.mbtlnum,u1_0.ofcps_nm,u1_0.offm_telno,u1_0.orgnzt_id,u1_0.password,u1_0.password_cnsr,u1_0.password_hint,u1_0.chg_pwd_last_pnttm,u1_0.role,u1_0.sbscrb_de,u1_0.sexdstn_code,u1_0.crtfc_dn_value,u1_0.user_nm,u1_0.zip from nemplyrinfo u1_0 where u1_0.emplyr_id=?
2026-03-16 17:02:50 [http-nio-8080-exec-4] TRACE o.s.w.s.m.m.a.RequestMappingHandlerMapping - Mapped to com.company.project.api.controller.main.DashboardController#getDashboardData(UserDetails)
2026-03-16 17:02:50 [http-nio-8080-exec-4] INFO  c.c.p.a.c.main.DashboardController - >>> [Dashboard] Fetching data for user: USRCNFRM_99999999999
2026-03-16 17:02:50 [http-nio-8080-exec-4] DEBUG o.s.orm.jpa.JpaTransactionManager - Creating new transaction with name [com.company.project.service.board.BoardService.getBoardPosts]: PROPAGATION_REQUIRED,ISOLATION_DEFAULT,readOnly
2026-03-16 17:02:50 [http-nio-8080-exec-4] DEBUG o.s.orm.jpa.JpaTransactionManager - Opened new EntityManager [SessionImpl(1443610932<open>)] for JPA transaction
2026-03-16 17:02:50 [http-nio-8080-exec-2] DEBUG o.s.orm.jpa.JpaTransactionManager - Found thread-bound EntityManager [SessionImpl(860738156<open>)] for JPA transaction
2026-03-16 17:02:50 [http-nio-8080-exec-2] DEBUG o.s.orm.jpa.JpaTransactionManager - Participating in existing transaction
2026-03-16 17:02:50 [http-nio-8080-exec-2] DEBUG org.hibernate.SQL - select ua1_0.scrty_dtrmn_trget_id,ua1_0.author_code,ua1_0.frst_register_id,ua1_0.frst_regist_pnttm,ua1_0.last_updusr_id,ua1_0.last_updt_pnttm,ua1_0.mber_ty_code from nemplyrscrtyestbs ua1_0 where ua1_0.scrty_dtrmn_trget_id=?
2026-03-16 17:02:50 [http-nio-8080-exec-16] DEBUG o.s.orm.jpa.JpaTransactionManager - Initiating transaction commit
2026-03-16 17:02:50 [http-nio-8080-exec-16] DEBUG o.s.orm.jpa.JpaTransactionManager - Committing JPA transaction on EntityManager [SessionImpl(2042350564<open>)]
2026-03-16 17:02:50 [http-nio-8080-exec-10] DEBUG o.s.orm.jpa.JpaTransactionManager - Initiating transaction commit
2026-03-16 17:02:50 [http-nio-8080-exec-10] DEBUG o.s.orm.jpa.JpaTransactionManager - Committing JPA transaction on EntityManager [SessionImpl(1371081785<open>)]
2026-03-16 17:02:50 [http-nio-8080-exec-5] DEBUG org.hibernate.SQL - select count(u1_0.emplyr_id) from nemplyrinfo u1_0
2026-03-16 17:02:50 [http-nio-8080-exec-13] DEBUG o.s.orm.jpa.JpaTransactionManager - Initiating transaction commit
2026-03-16 17:02:50 [http-nio-8080-exec-15] DEBUG o.s.orm.jpa.JpaTransactionManager - Initiating transaction commit
2026-03-16 17:02:50 [http-nio-8080-exec-13] DEBUG o.s.orm.jpa.JpaTransactionManager - Committing JPA transaction on EntityManager [SessionImpl(493542111<open>)]
2026-03-16 17:02:50 [http-nio-8080-exec-15] DEBUG o.s.orm.jpa.JpaTransactionManager - Committing JPA transaction on EntityManager [SessionImpl(1911938232<open>)]
2026-03-16 17:02:50 [http-nio-8080-exec-1] DEBUG o.s.orm.jpa.JpaTransactionManager - Closing JPA EntityManager [SessionImpl(1960373069<open>)] after transaction
2026-03-16 17:02:50 [http-nio-8080-exec-1] DEBUG c.c.p.s.jwt.JwtAuthenticationFilter - >>> [JwtFilter] Successfully authenticated user: USRCNFRM_99999999999, Authorities: [ROLE_ADMIN]
2026-03-16 17:02:50 [http-nio-8080-exec-4] DEBUG o.s.orm.jpa.JpaTransactionManager - Exposing JPA transaction as JDBC [org.springframework.orm.jpa.vendor.HibernateJpaDialect$HibernateConnectionHandle@66f9fdb0]
2026-03-16 17:02:50 [http-nio-8080-exec-1] DEBUG o.s.web.servlet.DispatcherServlet - GET "/api/v1/menu/left?menuNo=20", parameters={masked}
2026-03-16 17:02:50 [http-nio-8080-exec-1] TRACE o.s.w.s.m.m.a.RequestMappingHandlerMapping - Mapped to com.company.project.api.controller.menu.MenuController#getLeftMenu(Long)
2026-03-16 17:02:50 [http-nio-8080-exec-4] DEBUG o.s.orm.jpa.JpaTransactionManager - Found thread-bound EntityManager [SessionImpl(1443610932<open>)] for JPA transaction
2026-03-16 17:02:50 [http-nio-8080-exec-4] DEBUG o.s.orm.jpa.JpaTransactionManager - Participating in existing transaction
2026-03-16 17:02:50 [http-nio-8080-exec-1] INFO  c.c.p.a.c.menu.MenuController - getLeftMenu called with menuNo=20
2026-03-16 17:02:50 [http-nio-8080-exec-1] DEBUG o.s.orm.jpa.JpaTransactionManager - Creating new transaction with name [com.company.project.service.menu.MenuService.getSubMenus]: PROPAGATION_REQUIRED,ISOLATION_DEFAULT,readOnly
2026-03-16 17:02:50 [http-nio-8080-exec-1] DEBUG o.s.orm.jpa.JpaTransactionManager - Opened new EntityManager [SessionImpl(713613413<open>)] for JPA transaction
2026-03-16 17:02:50 [http-nio-8080-exec-4] DEBUG org.hibernate.SQL - select bm1_0.bbs_id,bm1_0.atch_posbl_file_number,bm1_0.atch_posbl_file_size,bm1_0.bbs_attrb_code,bm1_0.bbs_intrcn,bm1_0.bbs_nm,bm1_0.bbs_ty_code,bm1_0.blog_at,bm1_0.blog_id,bm1_0.cmmnty_id,bm1_0.frst_register_id,bm1_0.frst_regist_pnttm,bm1_0.file_atch_posbl_at,bm1_0.last_updusr_id,bm1_0.last_updt_pnttm,bm1_0.reply_posbl_at,bm1_0.tmplat_id,bm1_0.use_at,bm1_1.answer_at,bm1_1.stsfdg_at from nbbsmaster bm1_0 left join nbbsmasteroptn bm1_1 on bm1_0.bbs_id=bm1_1.bbs_id where bm1_0.bbs_id=?
2026-03-16 17:02:50 [http-nio-8080-exec-17] DEBUG o.s.orm.jpa.JpaTransactionManager - Closing JPA EntityManager [SessionImpl(1352062156<open>)] after transaction
2026-03-16 17:02:50 [http-nio-8080-exec-17] DEBUG c.c.p.s.jwt.JwtAuthenticationFilter - >>> [JwtFilter] Successfully authenticated user: USRCNFRM_99999999999, Authorities: [ROLE_ADMIN]
2026-03-16 17:02:50 [http-nio-8080-exec-1] DEBUG o.s.orm.jpa.JpaTransactionManager - Exposing JPA transaction as JDBC [org.springframework.orm.jpa.vendor.HibernateJpaDialect$HibernateConnectionHandle@24688cbe]
2026-03-16 17:02:50 [http-nio-8080-exec-17] DEBUG o.s.web.servlet.DispatcherServlet - GET "/api/v1/menu/left?menuNo=50", parameters={masked}
2026-03-16 17:02:50 [http-nio-8080-exec-1] DEBUG org.hibernate.SQL - select m1_0.menu_no,m1_0.menu_dc,m1_0.menu_nm,m1_0.menu_ordr,m1_0.modern_route,m1_0.progrm_file_nm,m1_0.relate_image_nm,m1_0.relate_image_path,m1_0.route_updated_at,m1_0.upper_menu_no from nmenuinfo m1_0 order by m1_0.upper_menu_no,m1_0.menu_ordr
2026-03-16 17:02:50 [http-nio-8080-exec-17] TRACE o.s.w.s.m.m.a.RequestMappingHandlerMapping - Mapped to com.company.project.api.controller.menu.MenuController#getLeftMenu(Long)
2026-03-16 17:02:50 [http-nio-8080-exec-17] INFO  c.c.p.a.c.menu.MenuController - getLeftMenu called with menuNo=50
2026-03-16 17:02:50 [http-nio-8080-exec-17] DEBUG o.s.orm.jpa.JpaTransactionManager - Creating new transaction with name [com.company.project.service.menu.MenuService.getSubMenus]: PROPAGATION_REQUIRED,ISOLATION_DEFAULT,readOnly
2026-03-16 17:02:50 [http-nio-8080-exec-17] DEBUG o.s.orm.jpa.JpaTransactionManager - Opened new EntityManager [SessionImpl(29522518<open>)] for JPA transaction
2026-03-16 17:02:50 [http-nio-8080-exec-8] DEBUG o.s.orm.jpa.JpaTransactionManager - Closing JPA EntityManager [SessionImpl(783626563<open>)] after transaction
2026-03-16 17:02:50 [http-nio-8080-exec-8] DEBUG c.c.p.s.jwt.JwtAuthenticationFilter - >>> [JwtFilter] Successfully authenticated user: USRCNFRM_99999999999, Authorities: [ROLE_ADMIN]
2026-03-16 17:02:50 [http-nio-8080-exec-17] DEBUG o.s.orm.jpa.JpaTransactionManager - Exposing JPA transaction as JDBC [org.springframework.orm.jpa.vendor.HibernateJpaDialect$HibernateConnectionHandle@5517c8d6]
2026-03-16 17:02:50 [http-nio-8080-exec-8] DEBUG o.s.web.servlet.DispatcherServlet - GET "/api/v1/menu/head", parameters={}
2026-03-16 17:02:50 [http-nio-8080-exec-8] TRACE o.s.w.s.m.m.a.RequestMappingHandlerMapping - Mapped to com.company.project.api.controller.menu.MenuController#getHeadMenu()
2026-03-16 17:02:50 [http-nio-8080-exec-8] INFO  c.c.p.a.c.menu.MenuController - getHeadMenu called
2026-03-16 17:02:50 [http-nio-8080-exec-8] INFO  c.c.p.a.c.menu.MenuController - getHeadMenu returned 5 items
2026-03-16 17:02:50 [http-nio-8080-exec-17] DEBUG org.hibernate.SQL - select m1_0.menu_no,m1_0.menu_dc,m1_0.menu_nm,m1_0.menu_ordr,m1_0.modern_route,m1_0.progrm_file_nm,m1_0.relate_image_nm,m1_0.relate_image_path,m1_0.route_updated_at,m1_0.upper_menu_no from nmenuinfo m1_0 order by m1_0.upper_menu_no,m1_0.menu_ordr
2026-03-16 17:02:50 [http-nio-8080-exec-8] DEBUG o.s.w.s.m.m.a.HttpEntityMethodProcessor - Using 'application/json', given [application/json, text/plain, */*] and supported [application/json, application/*+json, application/yaml]
2026-03-16 17:02:50 [http-nio-8080-exec-8] TRACE o.s.w.s.m.m.a.HttpEntityMethodProcessor - Writing [ApiResponse[success=true, status=200, code=COMMON_001, message=Success, data={list=[com.company.project.service.menu.dto.MenuDto@2b80d6b0, com.company.project.service.menu.dto.MenuDto@1418cfa3, com.company.project.service.menu.dto.MenuDto@f230bf1, com.company.project.service.menu.dto.MenuDto@734a7f6a, com.company.project.service.menu.dto.MenuDto@5e5202e5]}, timestamp=2026-03-16T17:02:50.393036700]]
2026-03-16 17:02:50 [http-nio-8080-exec-8] INFO  c.c.p.a.i.OperationalAuditInterceptor - API Audit Log: URL=/api/v1/menu/head, User=webmaster, IP=0:0:0:0:0:0:0:1
2026-03-16 17:02:50 [http-nio-8080-exec-8] DEBUG o.s.web.servlet.DispatcherServlet - Completed 200 OK
2026-03-16 17:02:50 [http-nio-8080-exec-7] DEBUG o.s.orm.jpa.JpaTransactionManager - Found thread-bound EntityManager [SessionImpl(1556817155<open>)] for JPA transaction
2026-03-16 17:02:50 [http-nio-8080-exec-7] DEBUG o.s.orm.jpa.JpaTransactionManager - Participating in existing transaction
2026-03-16 17:02:50 [http-nio-8080-exec-7] DEBUG org.hibernate.SQL - select ua1_0.scrty_dtrmn_trget_id,ua1_0.author_code,ua1_0.frst_register_id,ua1_0.frst_regist_pnttm,ua1_0.last_updusr_id,ua1_0.last_updt_pnttm,ua1_0.mber_ty_code from nemplyrscrtyestbs ua1_0 where ua1_0.scrty_dtrmn_trget_id=?
2026-03-16 17:02:50 [http-nio-8080-exec-14] DEBUG c.c.p.s.jwt.JwtAuthenticationFilter - >>> [JwtFilter] Processing request: GET /api/v1/menu/left
2026-03-16 17:02:50 [http-nio-8080-exec-14] DEBUG c.c.p.s.jwt.JwtAuthenticationFilter - >>> [JwtFilter] Found token in header for path: /api/v1/menu/left
2026-03-16 17:02:50 [http-nio-8080-exec-14] DEBUG o.s.orm.jpa.JpaTransactionManager - Creating new transaction with name [com.company.project.security.iam.CustomUserDetailsService.loadUserByUsername]: PROPAGATION_REQUIRED,ISOLATION_DEFAULT,readOnly
2026-03-16 17:02:50 [http-nio-8080-exec-14] DEBUG o.s.orm.jpa.JpaTransactionManager - Opened new EntityManager [SessionImpl(691883061<open>)] for JPA transaction
2026-03-16 17:02:50 [http-nio-8080-exec-11] DEBUG c.c.p.s.jwt.JwtAuthenticationFilter - >>> [JwtFilter] Processing request: GET /api/v1/menu/left
2026-03-16 17:02:50 [http-nio-8080-exec-9] DEBUG c.c.p.s.jwt.JwtAuthenticationFilter - >>> [JwtFilter] Processing request: GET /api/v1/menu/left
2026-03-16 17:02:50 [http-nio-8080-exec-6] DEBUG c.c.p.s.jwt.JwtAuthenticationFilter - >>> [JwtFilter] Processing request: GET /api/v1/menu/left
2026-03-16 17:02:50 [http-nio-8080-exec-11] DEBUG c.c.p.s.jwt.JwtAuthenticationFilter - >>> [JwtFilter] Found token in header for path: /api/v1/menu/left
2026-03-16 17:02:50 [http-nio-8080-exec-6] DEBUG c.c.p.s.jwt.JwtAuthenticationFilter - >>> [JwtFilter] Found token in header for path: /api/v1/menu/left
2026-03-16 17:02:50 [http-nio-8080-exec-12] DEBUG c.c.p.s.jwt.JwtAuthenticationFilter - >>> [JwtFilter] Processing request: GET /api/v1/menu/left
2026-03-16 17:02:50 [http-nio-8080-exec-9] DEBUG c.c.p.s.jwt.JwtAuthenticationFilter - >>> [JwtFilter] Found token in header for path: /api/v1/menu/left
2026-03-16 17:02:50 [http-nio-8080-exec-12] DEBUG c.c.p.s.jwt.JwtAuthenticationFilter - >>> [JwtFilter] Found token in header for path: /api/v1/menu/left
2026-03-16 17:02:50 [http-nio-8080-exec-6] DEBUG o.s.orm.jpa.JpaTransactionManager - Creating new transaction with name [com.company.project.security.iam.CustomUserDetailsService.loadUserByUsername]: PROPAGATION_REQUIRED,ISOLATION_DEFAULT,readOnly
2026-03-16 17:02:50 [http-nio-8080-exec-11] DEBUG o.s.orm.jpa.JpaTransactionManager - Creating new transaction with name [com.company.project.security.iam.CustomUserDetailsService.loadUserByUsername]: PROPAGATION_REQUIRED,ISOLATION_DEFAULT,readOnly
2026-03-16 17:02:50 [http-nio-8080-exec-6] DEBUG o.s.orm.jpa.JpaTransactionManager - Opened new EntityManager [SessionImpl(382303625<open>)] for JPA transaction
2026-03-16 17:02:50 [http-nio-8080-exec-11] DEBUG o.s.orm.jpa.JpaTransactionManager - Opened new EntityManager [SessionImpl(229963811<open>)] for JPA transaction
2026-03-16 17:02:50 [http-nio-8080-exec-12] DEBUG o.s.orm.jpa.JpaTransactionManager - Creating new transaction with name [com.company.project.security.iam.CustomUserDetailsService.loadUserByUsername]: PROPAGATION_REQUIRED,ISOLATION_DEFAULT,readOnly
2026-03-16 17:02:50 [http-nio-8080-exec-9] DEBUG o.s.orm.jpa.JpaTransactionManager - Creating new transaction with name [com.company.project.security.iam.CustomUserDetailsService.loadUserByUsername]: PROPAGATION_REQUIRED,ISOLATION_DEFAULT,readOnly
2026-03-16 17:02:50 [http-nio-8080-exec-12] DEBUG o.s.orm.jpa.JpaTransactionManager - Opened new EntityManager [SessionImpl(1557996253<open>)] for JPA transaction
2026-03-16 17:02:50 [http-nio-8080-exec-9] DEBUG o.s.orm.jpa.JpaTransactionManager - Opened new EntityManager [SessionImpl(1784609472<open>)] for JPA transaction
2026-03-16 17:02:50 [http-nio-8080-exec-10] DEBUG o.s.orm.jpa.JpaTransactionManager - Closing JPA EntityManager [SessionImpl(1371081785<open>)] after transaction
2026-03-16 17:02:50 [http-nio-8080-exec-2] DEBUG o.s.orm.jpa.JpaTransactionManager - Initiating transaction commit
2026-03-16 17:02:50 [http-nio-8080-exec-2] DEBUG o.s.orm.jpa.JpaTransactionManager - Committing JPA transaction on EntityManager [SessionImpl(860738156<open>)]
2026-03-16 17:02:50 [http-nio-8080-exec-10] INFO  c.c.p.a.c.menu.MenuController - getLeftMenu returned 3 items
2026-03-16 17:02:50 [http-nio-8080-exec-14] DEBUG o.s.orm.jpa.JpaTransactionManager - Exposing JPA transaction as JDBC [org.springframework.orm.jpa.vendor.HibernateJpaDialect$HibernateConnectionHandle@47f6e73d]
2026-03-16 17:02:50 [http-nio-8080-exec-14] DEBUG o.s.orm.jpa.JpaTransactionManager - Found thread-bound EntityManager [SessionImpl(691883061<open>)] for JPA transaction
2026-03-16 17:02:50 [http-nio-8080-exec-14] DEBUG o.s.orm.jpa.JpaTransactionManager - Participating in existing transaction
2026-03-16 17:02:50 [http-nio-8080-exec-14] DEBUG org.hibernate.SQL - select u1_0.emplyr_id,u1_0.area_no,u1_0.brthdy,u1_0.chg_pwd_cnt,u1_0.frst_register_id,u1_0.frst_regist_pnttm,u1_0.detail_adres,u1_0.email_adres,u1_0.emplyr_sttus_code,u1_0.empl_no,u1_0.esntl_id,u1_0.fxnum,u1_0.group_id,u1_0.house_adres,u1_0.house_end_telno,u1_0.house_middle_telno,u1_0.ihidnum,u1_0.pstinst_code,u1_0.last_updusr_id,u1_0.last_updt_pnttm,u1_0.lock_at,u1_0.lock_cnt,u1_0.lock_last_pnttm,u1_0.mbtlnum,u1_0.ofcps_nm,u1_0.offm_telno,u1_0.orgnzt_id,u1_0.password,u1_0.password_cnsr,u1_0.password_hint,u1_0.chg_pwd_last_pnttm,u1_0.role,u1_0.sbscrb_de,u1_0.sexdstn_code,u1_0.crtfc_dn_value,u1_0.user_nm,u1_0.zip from nemplyrinfo u1_0 where u1_0.emplyr_id=?
2026-03-16 17:02:50 [http-nio-8080-exec-10] DEBUG o.s.w.s.m.m.a.HttpEntityMethodProcessor - Using 'application/json', given [application/json, text/plain, */*] and supported [application/json, application/*+json, application/yaml]
2026-03-16 17:02:50 [http-nio-8080-exec-10] TRACE o.s.w.s.m.m.a.HttpEntityMethodProcessor - Writing [ApiResponse[success=true, status=200, code=COMMON_001, message=Success, data={list=[com.company.project.service.menu.dto.MenuDto@674e9a8e, com.company.project.service.menu.dto.MenuDto@3d55a68d, com.company.project.service.menu.dto.MenuDto@5cd16f25]}, timestamp=2026-03-16T17:02:50.414824800]]
2026-03-16 17:02:50 [http-nio-8080-exec-10] INFO  c.c.p.a.i.OperationalAuditInterceptor - API Audit Log: URL=/api/v1/menu/left, User=webmaster, IP=127.0.0.1
2026-03-16 17:02:50 [http-nio-8080-exec-10] DEBUG o.s.web.servlet.DispatcherServlet - Completed 200 OK
2026-03-16 17:02:50 [http-nio-8080-exec-16] DEBUG o.s.orm.jpa.JpaTransactionManager - Closing JPA EntityManager [SessionImpl(2042350564<open>)] after transaction
2026-03-16 17:02:50 [http-nio-8080-exec-6] DEBUG o.s.orm.jpa.JpaTransactionManager - Exposing JPA transaction as JDBC [org.springframework.orm.jpa.vendor.HibernateJpaDialect$HibernateConnectionHandle@2c4647bb]
2026-03-16 17:02:50 [http-nio-8080-exec-16] DEBUG o.s.w.s.m.m.a.HttpEntityMethodProcessor - Using 'application/json', given [application/json, text/plain, */*] and supported [application/json, application/*+json, application/yaml]
2026-03-16 17:02:50 [http-nio-8080-exec-6] DEBUG o.s.orm.jpa.JpaTransactionManager - Found thread-bound EntityManager [SessionImpl(382303625<open>)] for JPA transaction
2026-03-16 17:02:50 [http-nio-8080-exec-6] DEBUG o.s.orm.jpa.JpaTransactionManager - Participating in existing transaction
2026-03-16 17:02:50 [http-nio-8080-exec-16] TRACE o.s.w.s.m.m.a.HttpEntityMethodProcessor - Writing [ApiResponse[success=true, status=200, code=COMMON_001, message=Success, data=0, timestamp=2026-03-16T17:02:50.419672500]]
2026-03-16 17:02:50 [http-nio-8080-exec-6] DEBUG org.hibernate.SQL - select u1_0.emplyr_id,u1_0.area_no,u1_0.brthdy,u1_0.chg_pwd_cnt,u1_0.frst_register_id,u1_0.frst_regist_pnttm,u1_0.detail_adres,u1_0.email_adres,u1_0.emplyr_sttus_code,u1_0.empl_no,u1_0.esntl_id,u1_0.fxnum,u1_0.group_id,u1_0.house_adres,u1_0.house_end_telno,u1_0.house_middle_telno,u1_0.ihidnum,u1_0.pstinst_code,u1_0.last_updusr_id,u1_0.last_updt_pnttm,u1_0.lock_at,u1_0.lock_cnt,u1_0.lock_last_pnttm,u1_0.mbtlnum,u1_0.ofcps_nm,u1_0.offm_telno,u1_0.orgnzt_id,u1_0.password,u1_0.password_cnsr,u1_0.password_hint,u1_0.chg_pwd_last_pnttm,u1_0.role,u1_0.sbscrb_de,u1_0.sexdstn_code,u1_0.crtfc_dn_value,u1_0.user_nm,u1_0.zip from nemplyrinfo u1_0 where u1_0.emplyr_id=?
2026-03-16 17:02:50 [http-nio-8080-exec-16] INFO  c.c.p.a.i.OperationalAuditInterceptor - API Audit Log: URL=/api/v1/notifications/unread-count, User=webmaster, IP=127.0.0.1
2026-03-16 17:02:50 [http-nio-8080-exec-16] DEBUG o.s.web.servlet.DispatcherServlet - Completed 200 OK
2026-03-16 17:02:50 [http-nio-8080-exec-5] DEBUG o.s.orm.jpa.JpaTransactionManager - Initiating transaction commit
2026-03-16 17:02:50 [http-nio-8080-exec-5] DEBUG o.s.orm.jpa.JpaTransactionManager - Committing JPA transaction on EntityManager [SessionImpl(948663060<open>)]
2026-03-16 17:02:50 [http-nio-8080-exec-3] DEBUG c.c.p.s.jwt.JwtAuthenticationFilter - >>> [JwtFilter] Processing request: GET /api/v1/menu/left
2026-03-16 17:02:50 [http-nio-8080-exec-3] DEBUG c.c.p.s.jwt.JwtAuthenticationFilter - >>> [JwtFilter] Found token in header for path: /api/v1/menu/left
2026-03-16 17:02:50 [http-nio-8080-exec-3] DEBUG o.s.orm.jpa.JpaTransactionManager - Creating new transaction with name [com.company.project.security.iam.CustomUserDetailsService.loadUserByUsername]: PROPAGATION_REQUIRED,ISOLATION_DEFAULT,readOnly
2026-03-16 17:02:50 [http-nio-8080-exec-3] DEBUG o.s.orm.jpa.JpaTransactionManager - Opened new EntityManager [SessionImpl(68250328<open>)] for JPA transaction
2026-03-16 17:02:50 [http-nio-8080-exec-19] DEBUG c.c.p.s.jwt.JwtAuthenticationFilter - >>> [JwtFilter] Processing request: GET /api/v1/notifications/unread-count
2026-03-16 17:02:50 [http-nio-8080-exec-19] DEBUG c.c.p.s.jwt.JwtAuthenticationFilter - >>> [JwtFilter] Found token in header for path: /api/v1/notifications/unread-count
2026-03-16 17:02:50 [http-nio-8080-exec-19] DEBUG o.s.orm.jpa.JpaTransactionManager - Creating new transaction with name [com.company.project.security.iam.CustomUserDetailsService.loadUserByUsername]: PROPAGATION_REQUIRED,ISOLATION_DEFAULT,readOnly
2026-03-16 17:02:50 [http-nio-8080-exec-19] DEBUG o.s.orm.jpa.JpaTransactionManager - Opened new EntityManager [SessionImpl(1915615693<open>)] for JPA transaction
2026-03-16 17:02:50 [http-nio-8080-exec-13] DEBUG o.s.orm.jpa.JpaTransactionManager - Closing JPA EntityManager [SessionImpl(493542111<open>)] after transaction
2026-03-16 17:02:50 [http-nio-8080-exec-15] DEBUG o.s.orm.jpa.JpaTransactionManager - Closing JPA EntityManager [SessionImpl(1911938232<open>)] after transaction
2026-03-16 17:02:50 [http-nio-8080-exec-13] DEBUG c.c.p.s.jwt.JwtAuthenticationFilter - >>> [JwtFilter] Successfully authenticated user: USRCNFRM_99999999999, Authorities: [ROLE_ADMIN]
2026-03-16 17:02:50 [http-nio-8080-exec-11] DEBUG o.s.orm.jpa.JpaTransactionManager - Exposing JPA transaction as JDBC [org.springframework.orm.jpa.vendor.HibernateJpaDialect$HibernateConnectionHandle@56f5e12e]
2026-03-16 17:02:50 [http-nio-8080-exec-15] DEBUG c.c.p.s.jwt.JwtAuthenticationFilter - >>> [JwtFilter] Successfully authenticated user: USRCNFRM_99999999999, Authorities: [ROLE_ADMIN]
2026-03-16 17:02:50 [http-nio-8080-exec-12] DEBUG o.s.orm.jpa.JpaTransactionManager - Exposing JPA transaction as JDBC [org.springframework.orm.jpa.vendor.HibernateJpaDialect$HibernateConnectionHandle@3568b92b]
2026-03-16 17:02:50 [http-nio-8080-exec-11] DEBUG o.s.orm.jpa.JpaTransactionManager - Found thread-bound EntityManager [SessionImpl(229963811<open>)] for JPA transaction
2026-03-16 17:02:50 [http-nio-8080-exec-12] DEBUG o.s.orm.jpa.JpaTransactionManager - Found thread-bound EntityManager [SessionImpl(1557996253<open>)] for JPA transaction
2026-03-16 17:02:50 [http-nio-8080-exec-11] DEBUG o.s.orm.jpa.JpaTransactionManager - Participating in existing transaction
2026-03-16 17:02:50 [http-nio-8080-exec-13] DEBUG o.s.web.servlet.DispatcherServlet - GET "/api/v1/menu/left?menuNo=10", parameters={masked}
2026-03-16 17:02:50 [http-nio-8080-exec-15] DEBUG o.s.web.servlet.DispatcherServlet - GET "/api/v1/menu/left?menuNo=40", parameters={masked}
2026-03-16 17:02:50 [http-nio-8080-exec-12] DEBUG o.s.orm.jpa.JpaTransactionManager - Participating in existing transaction
2026-03-16 17:02:50 [http-nio-8080-exec-13] TRACE o.s.w.s.m.m.a.RequestMappingHandlerMapping - Mapped to com.company.project.api.controller.menu.MenuController#getLeftMenu(Long)
2026-03-16 17:02:50 [http-nio-8080-exec-15] TRACE o.s.w.s.m.m.a.RequestMappingHandlerMapping - Mapped to com.company.project.api.controller.menu.MenuController#getLeftMenu(Long)
2026-03-16 17:02:50 [http-nio-8080-exec-12] DEBUG org.hibernate.SQL - select u1_0.emplyr_id,u1_0.area_no,u1_0.brthdy,u1_0.chg_pwd_cnt,u1_0.frst_register_id,u1_0.frst_regist_pnttm,u1_0.detail_adres,u1_0.email_adres,u1_0.emplyr_sttus_code,u1_0.empl_no,u1_0.esntl_id,u1_0.fxnum,u1_0.group_id,u1_0.house_adres,u1_0.house_end_telno,u1_0.house_middle_telno,u1_0.ihidnum,u1_0.pstinst_code,u1_0.last_updusr_id,u1_0.last_updt_pnttm,u1_0.lock_at,u1_0.lock_cnt,u1_0.lock_last_pnttm,u1_0.mbtlnum,u1_0.ofcps_nm,u1_0.offm_telno,u1_0.orgnzt_id,u1_0.password,u1_0.password_cnsr,u1_0.password_hint,u1_0.chg_pwd_last_pnttm,u1_0.role,u1_0.sbscrb_de,u1_0.sexdstn_code,u1_0.crtfc_dn_value,u1_0.user_nm,u1_0.zip from nemplyrinfo u1_0 where u1_0.emplyr_id=?
2026-03-16 17:02:50 [http-nio-8080-exec-13] INFO  c.c.p.a.c.menu.MenuController - getLeftMenu called with menuNo=10
2026-03-16 17:02:50 [http-nio-8080-exec-15] INFO  c.c.p.a.c.menu.MenuController - getLeftMenu called with menuNo=40
2026-03-16 17:02:50 [http-nio-8080-exec-11] DEBUG org.hibernate.SQL - select u1_0.emplyr_id,u1_0.area_no,u1_0.brthdy,u1_0.chg_pwd_cnt,u1_0.frst_register_id,u1_0.frst_regist_pnttm,u1_0.detail_adres,u1_0.email_adres,u1_0.emplyr_sttus_code,u1_0.empl_no,u1_0.esntl_id,u1_0.fxnum,u1_0.group_id,u1_0.house_adres,u1_0.house_end_telno,u1_0.house_middle_telno,u1_0.ihidnum,u1_0.pstinst_code,u1_0.last_updusr_id,u1_0.last_updt_pnttm,u1_0.lock_at,u1_0.lock_cnt,u1_0.lock_last_pnttm,u1_0.mbtlnum,u1_0.ofcps_nm,u1_0.offm_telno,u1_0.orgnzt_id,u1_0.password,u1_0.password_cnsr,u1_0.password_hint,u1_0.chg_pwd_last_pnttm,u1_0.role,u1_0.sbscrb_de,u1_0.sexdstn_code,u1_0.crtfc_dn_value,u1_0.user_nm,u1_0.zip from nemplyrinfo u1_0 where u1_0.emplyr_id=?
2026-03-16 17:02:50 [http-nio-8080-exec-13] DEBUG o.s.orm.jpa.JpaTransactionManager - Creating new transaction with name [com.company.project.service.menu.MenuService.getSubMenus]: PROPAGATION_REQUIRED,ISOLATION_DEFAULT,readOnly
2026-03-16 17:02:50 [http-nio-8080-exec-13] DEBUG o.s.orm.jpa.JpaTransactionManager - Opened new EntityManager [SessionImpl(1360319862<open>)] for JPA transaction
2026-03-16 17:02:50 [http-nio-8080-exec-15] DEBUG o.s.orm.jpa.JpaTransactionManager - Creating new transaction with name [com.company.project.service.menu.MenuService.getSubMenus]: PROPAGATION_REQUIRED,ISOLATION_DEFAULT,readOnly
2026-03-16 17:02:50 [http-nio-8080-exec-15] DEBUG o.s.orm.jpa.JpaTransactionManager - Opened new EntityManager [SessionImpl(425968762<open>)] for JPA transaction
2026-03-16 17:02:50 [http-nio-8080-exec-4] DEBUG org.hibernate.SQL - select b1_0.ntt_id,b1_0.bbs_id,b1_0.ntt_sj,b1_0.ntcr_nm,b1_0.frst_regist_pnttm,b1_0.rdcnt,b1_0.answer_at,b1_0.parntsctt_no,b1_0.answer_lc,b1_0.sort_ordr,b1_0.ntt_no,b1_0.notice_at,b1_0.secret_at,b1_0.comment_co from nbbs b1_0 left join nemplyrinfo u1_0 on b1_0.frst_register_id=u1_0.esntl_id where (b1_0.use_at = 'Y') and b1_0.bbs_id=? order by b1_0.sort_ordr desc,b1_0.ntt_no offset ? rows fetch first ? rows only
2026-03-16 17:02:50 [http-nio-8080-exec-7] DEBUG o.s.orm.jpa.JpaTransactionManager - Initiating transaction commit
2026-03-16 17:02:50 [http-nio-8080-exec-7] DEBUG o.s.orm.jpa.JpaTransactionManager - Committing JPA transaction on EntityManager [SessionImpl(1556817155<open>)]
2026-03-16 17:02:50 [http-nio-8080-exec-2] DEBUG o.s.orm.jpa.JpaTransactionManager - Closing JPA EntityManager [SessionImpl(860738156<open>)] after transaction
2026-03-16 17:02:50 [http-nio-8080-exec-2] DEBUG c.c.p.s.jwt.JwtAuthenticationFilter - >>> [JwtFilter] Successfully authenticated user: USRCNFRM_99999999999, Authorities: [ROLE_ADMIN]
2026-03-16 17:02:50 [http-nio-8080-exec-9] DEBUG o.s.orm.jpa.JpaTransactionManager - Exposing JPA transaction as JDBC [org.springframework.orm.jpa.vendor.HibernateJpaDialect$HibernateConnectionHandle@e64b326]
2026-03-16 17:02:50 [http-nio-8080-exec-14] DEBUG o.s.orm.jpa.JpaTransactionManager - Found thread-bound EntityManager [SessionImpl(691883061<open>)] for JPA transaction
2026-03-16 17:02:50 [http-nio-8080-exec-9] DEBUG o.s.orm.jpa.JpaTransactionManager - Found thread-bound EntityManager [SessionImpl(1784609472<open>)] for JPA transaction
2026-03-16 17:02:50 [http-nio-8080-exec-14] DEBUG o.s.orm.jpa.JpaTransactionManager - Participating in existing transaction
2026-03-16 17:02:50 [http-nio-8080-exec-9] DEBUG o.s.orm.jpa.JpaTransactionManager - Participating in existing transaction
2026-03-16 17:02:50 [http-nio-8080-exec-2] DEBUG o.s.web.servlet.DispatcherServlet - GET "/api/v1/menu/left?menuNo=60", parameters={masked}
2026-03-16 17:02:50 [http-nio-8080-exec-14] DEBUG org.hibernate.SQL - select ua1_0.scrty_dtrmn_trget_id,ua1_0.author_code,ua1_0.frst_register_id,ua1_0.frst_regist_pnttm,ua1_0.last_updusr_id,ua1_0.last_updt_pnttm,ua1_0.mber_ty_code from nemplyrscrtyestbs ua1_0 where ua1_0.scrty_dtrmn_trget_id=?
2026-03-16 17:02:50 [http-nio-8080-exec-9] DEBUG org.hibernate.SQL - select u1_0.emplyr_id,u1_0.area_no,u1_0.brthdy,u1_0.chg_pwd_cnt,u1_0.frst_register_id,u1_0.frst_regist_pnttm,u1_0.detail_adres,u1_0.email_adres,u1_0.emplyr_sttus_code,u1_0.empl_no,u1_0.esntl_id,u1_0.fxnum,u1_0.group_id,u1_0.house_adres,u1_0.house_end_telno,u1_0.house_middle_telno,u1_0.ihidnum,u1_0.pstinst_code,u1_0.last_updusr_id,u1_0.last_updt_pnttm,u1_0.lock_at,u1_0.lock_cnt,u1_0.lock_last_pnttm,u1_0.mbtlnum,u1_0.ofcps_nm,u1_0.offm_telno,u1_0.orgnzt_id,u1_0.password,u1_0.password_cnsr,u1_0.password_hint,u1_0.chg_pwd_last_pnttm,u1_0.role,u1_0.sbscrb_de,u1_0.sexdstn_code,u1_0.crtfc_dn_value,u1_0.user_nm,u1_0.zip from nemplyrinfo u1_0 where u1_0.emplyr_id=?
2026-03-16 17:02:50 [http-nio-8080-exec-2] TRACE o.s.w.s.m.m.a.RequestMappingHandlerMapping - Mapped to com.company.project.api.controller.menu.MenuController#getLeftMenu(Long)
2026-03-16 17:02:50 [http-nio-8080-exec-2] INFO  c.c.p.a.c.menu.MenuController - getLeftMenu called with menuNo=60
2026-03-16 17:02:50 [http-nio-8080-exec-2] DEBUG o.s.orm.jpa.JpaTransactionManager - Creating new transaction with name [com.company.project.service.menu.MenuService.getSubMenus]: PROPAGATION_REQUIRED,ISOLATION_DEFAULT,readOnly
2026-03-16 17:02:50 [http-nio-8080-exec-2] DEBUG o.s.orm.jpa.JpaTransactionManager - Opened new EntityManager [SessionImpl(924204103<open>)] for JPA transaction
2026-03-16 17:02:50 [http-nio-8080-exec-5] DEBUG o.s.orm.jpa.JpaTransactionManager - Closing JPA EntityManager [SessionImpl(948663060<open>)] after transaction
2026-03-16 17:02:50 [http-nio-8080-exec-3] DEBUG o.s.orm.jpa.JpaTransactionManager - Exposing JPA transaction as JDBC [org.springframework.orm.jpa.vendor.HibernateJpaDialect$HibernateConnectionHandle@27b42b01]
2026-03-16 17:02:50 [http-nio-8080-exec-3] DEBUG o.s.orm.jpa.JpaTransactionManager - Found thread-bound EntityManager [SessionImpl(68250328<open>)] for JPA transaction
2026-03-16 17:02:50 [http-nio-8080-exec-3] DEBUG o.s.orm.jpa.JpaTransactionManager - Participating in existing transaction
2026-03-16 17:02:50 [http-nio-8080-exec-5] DEBUG o.s.w.s.m.m.a.HttpEntityMethodProcessor - Using 'application/json', given [application/json, text/plain, */*] and supported [application/json, application/*+json, application/yaml]
2026-03-16 17:02:50 [http-nio-8080-exec-5] TRACE o.s.w.s.m.m.a.HttpEntityMethodProcessor - Writing [ApiResponse[success=true, status=200, code=COMMON_001, message=Success, data=com.company.project.core.response.PageResponse@74ef0806, timestamp=2026-03-16T17:02:50.575410700]]
2026-03-16 17:02:50 [http-nio-8080-exec-3] DEBUG org.hibernate.SQL - select u1_0.emplyr_id,u1_0.area_no,u1_0.brthdy,u1_0.chg_pwd_cnt,u1_0.frst_register_id,u1_0.frst_regist_pnttm,u1_0.detail_adres,u1_0.email_adres,u1_0.emplyr_sttus_code,u1_0.empl_no,u1_0.esntl_id,u1_0.fxnum,u1_0.group_id,u1_0.house_adres,u1_0.house_end_telno,u1_0.house_middle_telno,u1_0.ihidnum,u1_0.pstinst_code,u1_0.last_updusr_id,u1_0.last_updt_pnttm,u1_0.lock_at,u1_0.lock_cnt,u1_0.lock_last_pnttm,u1_0.mbtlnum,u1_0.ofcps_nm,u1_0.offm_telno,u1_0.orgnzt_id,u1_0.password,u1_0.password_cnsr,u1_0.password_hint,u1_0.chg_pwd_last_pnttm,u1_0.role,u1_0.sbscrb_de,u1_0.sexdstn_code,u1_0.crtfc_dn_value,u1_0.user_nm,u1_0.zip from nemplyrinfo u1_0 where u1_0.emplyr_id=?
2026-03-16 17:02:50 [http-nio-8080-exec-5] INFO  c.c.p.a.i.OperationalAuditInterceptor - API Audit Log: URL=/api/v1/admin/system/users, User=webmaster, IP=0:0:0:0:0:0:0:1
2026-03-16 17:02:50 [http-nio-8080-exec-5] DEBUG o.s.web.servlet.DispatcherServlet - Completed 200 OK
2026-03-16 17:02:50 [http-nio-8080-exec-6] DEBUG o.s.orm.jpa.JpaTransactionManager - Found thread-bound EntityManager [SessionImpl(382303625<open>)] for JPA transaction
2026-03-16 17:02:50 [http-nio-8080-exec-6] DEBUG o.s.orm.jpa.JpaTransactionManager - Participating in existing transaction
2026-03-16 17:02:50 [http-nio-8080-exec-6] DEBUG org.hibernate.SQL - select ua1_0.scrty_dtrmn_trget_id,ua1_0.author_code,ua1_0.frst_register_id,ua1_0.frst_regist_pnttm,ua1_0.last_updusr_id,ua1_0.last_updt_pnttm,ua1_0.mber_ty_code from nemplyrscrtyestbs ua1_0 where ua1_0.scrty_dtrmn_trget_id=?
2026-03-16 17:02:50 [http-nio-8080-exec-12] DEBUG o.s.orm.jpa.JpaTransactionManager - Found thread-bound EntityManager [SessionImpl(1557996253<open>)] for JPA transaction
2026-03-16 17:02:50 [http-nio-8080-exec-11] DEBUG o.s.orm.jpa.JpaTransactionManager - Found thread-bound EntityManager [SessionImpl(229963811<open>)] for JPA transaction
2026-03-16 17:02:50 [http-nio-8080-exec-12] DEBUG o.s.orm.jpa.JpaTransactionManager - Participating in existing transaction
2026-03-16 17:02:50 [http-nio-8080-exec-11] DEBUG o.s.orm.jpa.JpaTransactionManager - Participating in existing transaction
2026-03-16 17:02:50 [http-nio-8080-exec-11] DEBUG org.hibernate.SQL - select ua1_0.scrty_dtrmn_trget_id,ua1_0.author_code,ua1_0.frst_register_id,ua1_0.frst_regist_pnttm,ua1_0.last_updusr_id,ua1_0.last_updt_pnttm,ua1_0.mber_ty_code from nemplyrscrtyestbs ua1_0 where ua1_0.scrty_dtrmn_trget_id=?
2026-03-16 17:02:50 [http-nio-8080-exec-12] DEBUG org.hibernate.SQL - select ua1_0.scrty_dtrmn_trget_id,ua1_0.author_code,ua1_0.frst_register_id,ua1_0.frst_regist_pnttm,ua1_0.last_updusr_id,ua1_0.last_updt_pnttm,ua1_0.mber_ty_code from nemplyrscrtyestbs ua1_0 where ua1_0.scrty_dtrmn_trget_id=?
2026-03-16 17:02:50 [http-nio-8080-exec-4] DEBUG org.hibernate.SQL - select count(b1_0.ntt_id) from nbbs b1_0 left join nemplyrinfo u1_0 on b1_0.frst_register_id=u1_0.esntl_id where (b1_0.use_at = 'Y') and b1_0.bbs_id=?
2026-03-16 17:02:50 [http-nio-8080-exec-1] DEBUG o.s.orm.jpa.JpaTransactionManager - Found thread-bound EntityManager [SessionImpl(713613413<open>)] for JPA transaction
2026-03-16 17:02:50 [http-nio-8080-exec-1] DEBUG o.s.orm.jpa.JpaTransactionManager - Participating in existing transaction
2026-03-16 17:02:50 [http-nio-8080-exec-1] DEBUG org.hibernate.SQL - select p1_0.progrm_file_nm,p1_0.progrm_dc,p1_0.progrm_korean_nm,p1_0.progrm_stre_path,p1_0.url from nprogrmlist p1_0
2026-03-16 17:02:50 [http-nio-8080-exec-7] DEBUG o.s.orm.jpa.JpaTransactionManager - Closing JPA EntityManager [SessionImpl(1556817155<open>)] after transaction
2026-03-16 17:02:50 [http-nio-8080-exec-19] DEBUG o.s.orm.jpa.JpaTransactionManager - Exposing JPA transaction as JDBC [org.springframework.orm.jpa.vendor.HibernateJpaDialect$HibernateConnectionHandle@f9e3da9]
2026-03-16 17:02:50 [http-nio-8080-exec-7] DEBUG c.c.p.s.jwt.JwtAuthenticationFilter - >>> [JwtFilter] Successfully authenticated user: USRCNFRM_99999999999, Authorities: [ROLE_ADMIN]
2026-03-16 17:02:50 [http-nio-8080-exec-19] DEBUG o.s.orm.jpa.JpaTransactionManager - Found thread-bound EntityManager [SessionImpl(1915615693<open>)] for JPA transaction
2026-03-16 17:02:50 [http-nio-8080-exec-19] DEBUG o.s.orm.jpa.JpaTransactionManager - Participating in existing transaction
2026-03-16 17:02:50 [http-nio-8080-exec-7] DEBUG o.s.web.servlet.DispatcherServlet - GET "/api/v1/notifications", parameters={}
2026-03-16 17:02:50 [http-nio-8080-exec-19] DEBUG org.hibernate.SQL - select u1_0.emplyr_id,u1_0.area_no,u1_0.brthdy,u1_0.chg_pwd_cnt,u1_0.frst_register_id,u1_0.frst_regist_pnttm,u1_0.detail_adres,u1_0.email_adres,u1_0.emplyr_sttus_code,u1_0.empl_no,u1_0.esntl_id,u1_0.fxnum,u1_0.group_id,u1_0.house_adres,u1_0.house_end_telno,u1_0.house_middle_telno,u1_0.ihidnum,u1_0.pstinst_code,u1_0.last_updusr_id,u1_0.last_updt_pnttm,u1_0.lock_at,u1_0.lock_cnt,u1_0.lock_last_pnttm,u1_0.mbtlnum,u1_0.ofcps_nm,u1_0.offm_telno,u1_0.orgnzt_id,u1_0.password,u1_0.password_cnsr,u1_0.password_hint,u1_0.chg_pwd_last_pnttm,u1_0.role,u1_0.sbscrb_de,u1_0.sexdstn_code,u1_0.crtfc_dn_value,u1_0.user_nm,u1_0.zip from nemplyrinfo u1_0 where u1_0.emplyr_id=?
2026-03-16 17:02:50 [http-nio-8080-exec-17] DEBUG o.s.orm.jpa.JpaTransactionManager - Found thread-bound EntityManager [SessionImpl(29522518<open>)] for JPA transaction
2026-03-16 17:02:50 [http-nio-8080-exec-7] TRACE o.s.w.s.m.m.a.RequestMappingHandlerMapping - Mapped to com.company.project.api.controller.notification.NotificationController#getMyNotifications(UserDetails)
2026-03-16 17:02:50 [http-nio-8080-exec-17] DEBUG o.s.orm.jpa.JpaTransactionManager - Participating in existing transaction
2026-03-16 17:02:50 [http-nio-8080-exec-7] DEBUG o.s.orm.jpa.JpaTransactionManager - Creating new transaction with name [com.company.project.service.notification.NotificationService.getActiveNotifications]: PROPAGATION_REQUIRED,ISOLATION_DEFAULT,readOnly
2026-03-16 17:02:50 [http-nio-8080-exec-7] DEBUG o.s.orm.jpa.JpaTransactionManager - Opened new EntityManager [SessionImpl(857177500<open>)] for JPA transaction
2026-03-16 17:02:50 [http-nio-8080-exec-17] DEBUG org.hibernate.SQL - select p1_0.progrm_file_nm,p1_0.progrm_dc,p1_0.progrm_korean_nm,p1_0.progrm_stre_path,p1_0.url from nprogrmlist p1_0
2026-03-16 17:02:50 [http-nio-8080-exec-14] DEBUG o.s.orm.jpa.JpaTransactionManager - Initiating transaction commit
2026-03-16 17:02:50 [http-nio-8080-exec-14] DEBUG o.s.orm.jpa.JpaTransactionManager - Committing JPA transaction on EntityManager [SessionImpl(691883061<open>)]
2026-03-16 17:02:50 [http-nio-8080-exec-3] DEBUG o.s.orm.jpa.JpaTransactionManager - Found thread-bound EntityManager [SessionImpl(68250328<open>)] for JPA transaction
2026-03-16 17:02:50 [http-nio-8080-exec-3] DEBUG o.s.orm.jpa.JpaTransactionManager - Participating in existing transaction
2026-03-16 17:02:50 [http-nio-8080-exec-3] DEBUG org.hibernate.SQL - select ua1_0.scrty_dtrmn_trget_id,ua1_0.author_code,ua1_0.frst_register_id,ua1_0.frst_regist_pnttm,ua1_0.last_updusr_id,ua1_0.last_updt_pnttm,ua1_0.mber_ty_code from nemplyrscrtyestbs ua1_0 where ua1_0.scrty_dtrmn_trget_id=?
2026-03-16 17:02:50 [http-nio-8080-exec-9] DEBUG o.s.orm.jpa.JpaTransactionManager - Found thread-bound EntityManager [SessionImpl(1784609472<open>)] for JPA transaction
2026-03-16 17:02:50 [http-nio-8080-exec-9] DEBUG o.s.orm.jpa.JpaTransactionManager - Participating in existing transaction
2026-03-16 17:02:50 [http-nio-8080-exec-9] DEBUG org.hibernate.SQL - select ua1_0.scrty_dtrmn_trget_id,ua1_0.author_code,ua1_0.frst_register_id,ua1_0.frst_regist_pnttm,ua1_0.last_updusr_id,ua1_0.last_updt_pnttm,ua1_0.mber_ty_code from nemplyrscrtyestbs ua1_0 where ua1_0.scrty_dtrmn_trget_id=?
2026-03-16 17:02:50 [http-nio-8080-exec-6] DEBUG o.s.orm.jpa.JpaTransactionManager - Initiating transaction commit
2026-03-16 17:02:50 [http-nio-8080-exec-6] DEBUG o.s.orm.jpa.JpaTransactionManager - Committing JPA transaction on EntityManager [SessionImpl(382303625<open>)]
2026-03-16 17:02:50 [http-nio-8080-exec-11] DEBUG o.s.orm.jpa.JpaTransactionManager - Initiating transaction commit
2026-03-16 17:02:50 [http-nio-8080-exec-11] DEBUG o.s.orm.jpa.JpaTransactionManager - Committing JPA transaction on EntityManager [SessionImpl(229963811<open>)]
2026-03-16 17:02:50 [http-nio-8080-exec-12] DEBUG o.s.orm.jpa.JpaTransactionManager - Initiating transaction commit
2026-03-16 17:02:50 [http-nio-8080-exec-12] DEBUG o.s.orm.jpa.JpaTransactionManager - Committing JPA transaction on EntityManager [SessionImpl(1557996253<open>)]
2026-03-16 17:02:50 [http-nio-8080-exec-4] DEBUG o.s.orm.jpa.JpaTransactionManager - Initiating transaction commit
2026-03-16 17:02:50 [http-nio-8080-exec-4] DEBUG o.s.orm.jpa.JpaTransactionManager - Committing JPA transaction on EntityManager [SessionImpl(1443610932<open>)]
2026-03-16 17:02:50 [http-nio-8080-exec-1] DEBUG o.s.orm.jpa.JpaTransactionManager - Initiating transaction commit
2026-03-16 17:02:50 [http-nio-8080-exec-1] DEBUG o.s.orm.jpa.JpaTransactionManager - Committing JPA transaction on EntityManager [SessionImpl(713613413<open>)]
2026-03-16 17:02:50 [http-nio-8080-exec-17] DEBUG o.s.orm.jpa.JpaTransactionManager - Initiating transaction commit
2026-03-16 17:02:50 [http-nio-8080-exec-17] DEBUG o.s.orm.jpa.JpaTransactionManager - Committing JPA transaction on EntityManager [SessionImpl(29522518<open>)]
2026-03-16 17:02:50 [http-nio-8080-exec-14] DEBUG o.s.orm.jpa.JpaTransactionManager - Closing JPA EntityManager [SessionImpl(691883061<open>)] after transaction
2026-03-16 17:02:50 [http-nio-8080-exec-14] DEBUG c.c.p.s.jwt.JwtAuthenticationFilter - >>> [JwtFilter] Successfully authenticated user: USRCNFRM_99999999999, Authorities: [ROLE_ADMIN]
2026-03-16 17:02:50 [http-nio-8080-exec-13] DEBUG o.s.orm.jpa.JpaTransactionManager - Exposing JPA transaction as JDBC [org.springframework.orm.jpa.vendor.HibernateJpaDialect$HibernateConnectionHandle@ca4f85]
2026-03-16 17:02:50 [http-nio-8080-exec-14] DEBUG o.s.web.servlet.DispatcherServlet - GET "/api/v1/menu/left?menuNo=10", parameters={masked}
2026-03-16 17:02:50 [http-nio-8080-exec-14] TRACE o.s.w.s.m.m.a.RequestMappingHandlerMapping - Mapped to com.company.project.api.controller.menu.MenuController#getLeftMenu(Long)
2026-03-16 17:02:50 [http-nio-8080-exec-14] INFO  c.c.p.a.c.menu.MenuController - getLeftMenu called with menuNo=10
2026-03-16 17:02:50 [http-nio-8080-exec-13] DEBUG org.hibernate.SQL - select m1_0.menu_no,m1_0.menu_dc,m1_0.menu_nm,m1_0.menu_ordr,m1_0.modern_route,m1_0.progrm_file_nm,m1_0.relate_image_nm,m1_0.relate_image_path,m1_0.route_updated_at,m1_0.upper_menu_no from nmenuinfo m1_0 order by m1_0.upper_menu_no,m1_0.menu_ordr
2026-03-16 17:02:50 [http-nio-8080-exec-14] DEBUG o.s.orm.jpa.JpaTransactionManager - Creating new transaction with name [com.company.project.service.menu.MenuService.getSubMenus]: PROPAGATION_REQUIRED,ISOLATION_DEFAULT,readOnly
2026-03-16 17:02:50 [http-nio-8080-exec-14] DEBUG o.s.orm.jpa.JpaTransactionManager - Opened new EntityManager [SessionImpl(2003373039<open>)] for JPA transaction
2026-03-16 17:02:50 [http-nio-8080-exec-3] DEBUG o.s.orm.jpa.JpaTransactionManager - Initiating transaction commit
2026-03-16 17:02:50 [http-nio-8080-exec-9] DEBUG o.s.orm.jpa.JpaTransactionManager - Initiating transaction commit
2026-03-16 17:02:50 [http-nio-8080-exec-6] DEBUG o.s.orm.jpa.JpaTransactionManager - Closing JPA EntityManager [SessionImpl(382303625<open>)] after transaction
2026-03-16 17:02:50 [http-nio-8080-exec-3] DEBUG o.s.orm.jpa.JpaTransactionManager - Committing JPA transaction on EntityManager [SessionImpl(68250328<open>)]
2026-03-16 17:02:50 [http-nio-8080-exec-9] DEBUG o.s.orm.jpa.JpaTransactionManager - Committing JPA transaction on EntityManager [SessionImpl(1784609472<open>)]
2026-03-16 17:02:50 [http-nio-8080-exec-15] DEBUG o.s.orm.jpa.JpaTransactionManager - Exposing JPA transaction as JDBC [org.springframework.orm.jpa.vendor.HibernateJpaDialect$HibernateConnectionHandle@76757ed4]
2026-03-16 17:02:50 [http-nio-8080-exec-6] DEBUG c.c.p.s.jwt.JwtAuthenticationFilter - >>> [JwtFilter] Successfully authenticated user: USRCNFRM_99999999999, Authorities: [ROLE_ADMIN]
2026-03-16 17:02:50 [http-nio-8080-exec-6] DEBUG o.s.web.servlet.DispatcherServlet - GET "/api/v1/menu/left?menuNo=50", parameters={masked}
2026-03-16 17:02:50 [http-nio-8080-exec-15] DEBUG org.hibernate.SQL - select m1_0.menu_no,m1_0.menu_dc,m1_0.menu_nm,m1_0.menu_ordr,m1_0.modern_route,m1_0.progrm_file_nm,m1_0.relate_image_nm,m1_0.relate_image_path,m1_0.route_updated_at,m1_0.upper_menu_no from nmenuinfo m1_0 order by m1_0.upper_menu_no,m1_0.menu_ordr
2026-03-16 17:02:50 [http-nio-8080-exec-6] TRACE o.s.w.s.m.m.a.RequestMappingHandlerMapping - Mapped to com.company.project.api.controller.menu.MenuController#getLeftMenu(Long)
2026-03-16 17:02:50 [http-nio-8080-exec-6] INFO  c.c.p.a.c.menu.MenuController - getLeftMenu called with menuNo=50
2026-03-16 17:02:50 [http-nio-8080-exec-6] DEBUG o.s.orm.jpa.JpaTransactionManager - Creating new transaction with name [com.company.project.service.menu.MenuService.getSubMenus]: PROPAGATION_REQUIRED,ISOLATION_DEFAULT,readOnly
2026-03-16 17:02:50 [http-nio-8080-exec-6] DEBUG o.s.orm.jpa.JpaTransactionManager - Opened new EntityManager [SessionImpl(1585634990<open>)] for JPA transaction
2026-03-16 17:02:50 [http-nio-8080-exec-11] DEBUG o.s.orm.jpa.JpaTransactionManager - Closing JPA EntityManager [SessionImpl(229963811<open>)] after transaction
2026-03-16 17:02:50 [http-nio-8080-exec-12] DEBUG o.s.orm.jpa.JpaTransactionManager - Closing JPA EntityManager [SessionImpl(1557996253<open>)] after transaction
2026-03-16 17:02:50 [http-nio-8080-exec-11] DEBUG c.c.p.s.jwt.JwtAuthenticationFilter - >>> [JwtFilter] Successfully authenticated user: USRCNFRM_99999999999, Authorities: [ROLE_ADMIN]
2026-03-16 17:02:50 [http-nio-8080-exec-12] DEBUG c.c.p.s.jwt.JwtAuthenticationFilter - >>> [JwtFilter] Successfully authenticated user: USRCNFRM_99999999999, Authorities: [ROLE_ADMIN]
2026-03-16 17:02:50 [http-nio-8080-exec-2] DEBUG o.s.orm.jpa.JpaTransactionManager - Exposing JPA transaction as JDBC [org.springframework.orm.jpa.vendor.HibernateJpaDialect$HibernateConnectionHandle@6d32fa3a]
2026-03-16 17:02:50 [http-nio-8080-exec-7] DEBUG o.s.orm.jpa.JpaTransactionManager - Exposing JPA transaction as JDBC [org.springframework.orm.jpa.vendor.HibernateJpaDialect$HibernateConnectionHandle@4b1df301]
2026-03-16 17:02:50 [http-nio-8080-exec-12] DEBUG o.s.web.servlet.DispatcherServlet - GET "/api/v1/menu/left?menuNo=60", parameters={masked}
2026-03-16 17:02:50 [http-nio-8080-exec-7] DEBUG o.s.orm.jpa.JpaTransactionManager - Found thread-bound EntityManager [SessionImpl(857177500<open>)] for JPA transaction
2026-03-16 17:02:50 [http-nio-8080-exec-7] DEBUG o.s.orm.jpa.JpaTransactionManager - Participating in existing transaction
2026-03-16 17:02:50 [http-nio-8080-exec-11] DEBUG o.s.web.servlet.DispatcherServlet - GET "/api/v1/menu/left?menuNo=40", parameters={masked}
2026-03-16 17:02:50 [http-nio-8080-exec-12] TRACE o.s.w.s.m.m.a.RequestMappingHandlerMapping - Mapped to com.company.project.api.controller.menu.MenuController#getLeftMenu(Long)
2026-03-16 17:02:50 [http-nio-8080-exec-2] DEBUG org.hibernate.SQL - select m1_0.menu_no,m1_0.menu_dc,m1_0.menu_nm,m1_0.menu_ordr,m1_0.modern_route,m1_0.progrm_file_nm,m1_0.relate_image_nm,m1_0.relate_image_path,m1_0.route_updated_at,m1_0.upper_menu_no from nmenuinfo m1_0 order by m1_0.upper_menu_no,m1_0.menu_ordr
2026-03-16 17:02:50 [http-nio-8080-exec-7] DEBUG org.hibernate.SQL - select n1_0.ntcn_no,n1_0.frst_register_id,n1_0.frst_regist_pnttm,n1_0.is_read,n1_0.last_updusr_id,n1_0.last_updt_pnttm,n1_0.link_url,n1_0.ntcn_cn,n1_0.ntcn_sj,n1_0.receiver_id from n_user_notification n1_0
2026-03-16 17:02:50 [http-nio-8080-exec-11] TRACE o.s.w.s.m.m.a.RequestMappingHandlerMapping - Mapped to com.company.project.api.controller.menu.MenuController#getLeftMenu(Long)
2026-03-16 17:02:50 [http-nio-8080-exec-12] INFO  c.c.p.a.c.menu.MenuController - getLeftMenu called with menuNo=60
2026-03-16 17:02:50 [http-nio-8080-exec-12] DEBUG o.s.orm.jpa.JpaTransactionManager - Creating new transaction with name [com.company.project.service.menu.MenuService.getSubMenus]: PROPAGATION_REQUIRED,ISOLATION_DEFAULT,readOnly
2026-03-16 17:02:50 [http-nio-8080-exec-11] INFO  c.c.p.a.c.menu.MenuController - getLeftMenu called with menuNo=40
2026-03-16 17:02:50 [http-nio-8080-exec-12] DEBUG o.s.orm.jpa.JpaTransactionManager - Opened new EntityManager [SessionImpl(1795329025<open>)] for JPA transaction
2026-03-16 17:02:50 [http-nio-8080-exec-11] DEBUG o.s.orm.jpa.JpaTransactionManager - Creating new transaction with name [com.company.project.service.menu.MenuService.getSubMenus]: PROPAGATION_REQUIRED,ISOLATION_DEFAULT,readOnly
2026-03-16 17:02:50 [http-nio-8080-exec-11] DEBUG o.s.orm.jpa.JpaTransactionManager - Opened new EntityManager [SessionImpl(83510926<open>)] for JPA transaction
2026-03-16 17:02:50 [http-nio-8080-exec-19] DEBUG o.s.orm.jpa.JpaTransactionManager - Found thread-bound EntityManager [SessionImpl(1915615693<open>)] for JPA transaction
2026-03-16 17:02:50 [http-nio-8080-exec-19] DEBUG o.s.orm.jpa.JpaTransactionManager - Participating in existing transaction
2026-03-16 17:02:50 [http-nio-8080-exec-19] DEBUG org.hibernate.SQL - select ua1_0.scrty_dtrmn_trget_id,ua1_0.author_code,ua1_0.frst_register_id,ua1_0.frst_regist_pnttm,ua1_0.last_updusr_id,ua1_0.last_updt_pnttm,ua1_0.mber_ty_code from nemplyrscrtyestbs ua1_0 where ua1_0.scrty_dtrmn_trget_id=?
2026-03-16 17:02:51 [http-nio-8080-exec-4] DEBUG o.s.orm.jpa.JpaTransactionManager - Closing JPA EntityManager [SessionImpl(1443610932<open>)] after transaction
2026-03-16 17:02:51 [http-nio-8080-exec-4] DEBUG o.s.orm.jpa.JpaTransactionManager - Creating new transaction with name [com.company.project.service.board.BoardService.getBoardPosts]: PROPAGATION_REQUIRED,ISOLATION_DEFAULT,readOnly
2026-03-16 17:02:51 [http-nio-8080-exec-14] DEBUG o.s.orm.jpa.JpaTransactionManager - Exposing JPA transaction as JDBC [org.springframework.orm.jpa.vendor.HibernateJpaDialect$HibernateConnectionHandle@6fc02d2d]
2026-03-16 17:02:51 [http-nio-8080-exec-4] DEBUG o.s.orm.jpa.JpaTransactionManager - Opened new EntityManager [SessionImpl(1171137340<open>)] for JPA transaction
2026-03-16 17:02:51 [http-nio-8080-exec-14] DEBUG org.hibernate.SQL - select m1_0.menu_no,m1_0.menu_dc,m1_0.menu_nm,m1_0.menu_ordr,m1_0.modern_route,m1_0.progrm_file_nm,m1_0.relate_image_nm,m1_0.relate_image_path,m1_0.route_updated_at,m1_0.upper_menu_no from nmenuinfo m1_0 order by m1_0.upper_menu_no,m1_0.menu_ordr
2026-03-16 17:02:51 [http-nio-8080-exec-1] DEBUG o.s.orm.jpa.JpaTransactionManager - Closing JPA EntityManager [SessionImpl(713613413<open>)] after transaction
2026-03-16 17:02:51 [http-nio-8080-exec-1] INFO  c.c.p.a.c.menu.MenuController - getLeftMenu returned 3 items
2026-03-16 17:02:51 [http-nio-8080-exec-6] DEBUG o.s.orm.jpa.JpaTransactionManager - Exposing JPA transaction as JDBC [org.springframework.orm.jpa.vendor.HibernateJpaDialect$HibernateConnectionHandle@6a57fb7a]
2026-03-16 17:02:51 [http-nio-8080-exec-1] DEBUG o.s.w.s.m.m.a.HttpEntityMethodProcessor - Using 'application/json', given [application/json, text/plain, */*] and supported [application/json, application/*+json, application/yaml]
2026-03-16 17:02:51 [http-nio-8080-exec-1] TRACE o.s.w.s.m.m.a.HttpEntityMethodProcessor - Writing [ApiResponse[success=true, status=200, code=COMMON_001, message=Success, data={list=[com.company.project.service.menu.dto.MenuDto@26b3561, com.company.project.service.menu.dto.MenuDto@6e29703c, com.company.project.service.menu.dto.MenuDto@623eb618]}, timestamp=2026-03-16T17:02:51.008735200]]
2026-03-16 17:02:51 [http-nio-8080-exec-6] DEBUG org.hibernate.SQL - select m1_0.menu_no,m1_0.menu_dc,m1_0.menu_nm,m1_0.menu_ordr,m1_0.modern_route,m1_0.progrm_file_nm,m1_0.relate_image_nm,m1_0.relate_image_path,m1_0.route_updated_at,m1_0.upper_menu_no from nmenuinfo m1_0 order by m1_0.upper_menu_no,m1_0.menu_ordr
2026-03-16 17:02:51 [http-nio-8080-exec-1] INFO  c.c.p.a.i.OperationalAuditInterceptor - API Audit Log: URL=/api/v1/menu/left, User=webmaster, IP=0:0:0:0:0:0:0:1
2026-03-16 17:02:51 [http-nio-8080-exec-1] DEBUG o.s.web.servlet.DispatcherServlet - Completed 200 OK
2026-03-16 17:02:51 [http-nio-8080-exec-17] DEBUG o.s.orm.jpa.JpaTransactionManager - Closing JPA EntityManager [SessionImpl(29522518<open>)] after transaction
2026-03-16 17:02:51 [http-nio-8080-exec-17] INFO  c.c.p.a.c.menu.MenuController - getLeftMenu returned 3 items
2026-03-16 17:02:51 [http-nio-8080-exec-17] DEBUG o.s.w.s.m.m.a.HttpEntityMethodProcessor - Using 'application/json', given [application/json, text/plain, */*] and supported [application/json, application/*+json, application/yaml]
2026-03-16 17:02:51 [http-nio-8080-exec-12] DEBUG o.s.orm.jpa.JpaTransactionManager - Exposing JPA transaction as JDBC [org.springframework.orm.jpa.vendor.HibernateJpaDialect$HibernateConnectionHandle@50a28586]
2026-03-16 17:02:51 [http-nio-8080-exec-17] TRACE o.s.w.s.m.m.a.HttpEntityMethodProcessor - Writing [ApiResponse[success=true, status=200, code=COMMON_001, message=Success, data={list=[com.company.project.service.menu.dto.MenuDto@1aa63740, com.company.project.service.menu.dto.MenuDto@4f2befca, com.company.project.service.menu.dto.MenuDto@d22b63f]}, timestamp=2026-03-16T17:02:51.012304700]]
2026-03-16 17:02:51 [http-nio-8080-exec-17] INFO  c.c.p.a.i.OperationalAuditInterceptor - API Audit Log: URL=/api/v1/menu/left, User=webmaster, IP=0:0:0:0:0:0:0:1
2026-03-16 17:02:51 [http-nio-8080-exec-17] DEBUG o.s.web.servlet.DispatcherServlet - Completed 200 OK
2026-03-16 17:02:51 [http-nio-8080-exec-12] DEBUG org.hibernate.SQL - select m1_0.menu_no,m1_0.menu_dc,m1_0.menu_nm,m1_0.menu_ordr,m1_0.modern_route,m1_0.progrm_file_nm,m1_0.relate_image_nm,m1_0.relate_image_path,m1_0.route_updated_at,m1_0.upper_menu_no from nmenuinfo m1_0 order by m1_0.upper_menu_no,m1_0.menu_ordr
2026-03-16 17:02:51 [http-nio-8080-exec-13] DEBUG o.s.orm.jpa.JpaTransactionManager - Found thread-bound EntityManager [SessionImpl(1360319862<open>)] for JPA transaction
2026-03-16 17:02:51 [http-nio-8080-exec-13] DEBUG o.s.orm.jpa.JpaTransactionManager - Participating in existing transaction
2026-03-16 17:02:51 [http-nio-8080-exec-13] DEBUG org.hibernate.SQL - select p1_0.progrm_file_nm,p1_0.progrm_dc,p1_0.progrm_korean_nm,p1_0.progrm_stre_path,p1_0.url from nprogrmlist p1_0
2026-03-16 17:02:51 [http-nio-8080-exec-3] DEBUG o.s.orm.jpa.JpaTransactionManager - Closing JPA EntityManager [SessionImpl(68250328<open>)] after transaction
2026-03-16 17:02:51 [http-nio-8080-exec-3] DEBUG c.c.p.s.jwt.JwtAuthenticationFilter - >>> [JwtFilter] Successfully authenticated user: USRCNFRM_99999999999, Authorities: [ROLE_ADMIN]
2026-03-16 17:02:51 [http-nio-8080-exec-11] DEBUG o.s.orm.jpa.JpaTransactionManager - Exposing JPA transaction as JDBC [org.springframework.orm.jpa.vendor.HibernateJpaDialect$HibernateConnectionHandle@1094d7b0]
2026-03-16 17:02:51 [http-nio-8080-exec-3] DEBUG o.s.web.servlet.DispatcherServlet - GET "/api/v1/menu/left?menuNo=40", parameters={masked}
2026-03-16 17:02:51 [http-nio-8080-exec-3] TRACE o.s.w.s.m.m.a.RequestMappingHandlerMapping - Mapped to com.company.project.api.controller.menu.MenuController#getLeftMenu(Long)
2026-03-16 17:02:51 [http-nio-8080-exec-3] INFO  c.c.p.a.c.menu.MenuController - getLeftMenu called with menuNo=40
2026-03-16 17:02:51 [http-nio-8080-exec-3] DEBUG o.s.orm.jpa.JpaTransactionManager - Creating new transaction with name [com.company.project.service.menu.MenuService.getSubMenus]: PROPAGATION_REQUIRED,ISOLATION_DEFAULT,readOnly
2026-03-16 17:02:51 [http-nio-8080-exec-3] DEBUG o.s.orm.jpa.JpaTransactionManager - Opened new EntityManager [SessionImpl(941057813<open>)] for JPA transaction
2026-03-16 17:02:51 [http-nio-8080-exec-11] DEBUG org.hibernate.SQL - select m1_0.menu_no,m1_0.menu_dc,m1_0.menu_nm,m1_0.menu_ordr,m1_0.modern_route,m1_0.progrm_file_nm,m1_0.relate_image_nm,m1_0.relate_image_path,m1_0.route_updated_at,m1_0.upper_menu_no from nmenuinfo m1_0 order by m1_0.upper_menu_no,m1_0.menu_ordr
2026-03-16 17:02:51 [http-nio-8080-exec-9] DEBUG o.s.orm.jpa.JpaTransactionManager - Closing JPA EntityManager [SessionImpl(1784609472<open>)] after transaction
2026-03-16 17:02:51 [http-nio-8080-exec-9] DEBUG c.c.p.s.jwt.JwtAuthenticationFilter - >>> [JwtFilter] Successfully authenticated user: USRCNFRM_99999999999, Authorities: [ROLE_ADMIN]
2026-03-16 17:02:51 [http-nio-8080-exec-4] DEBUG o.s.orm.jpa.JpaTransactionManager - Exposing JPA transaction as JDBC [org.springframework.orm.jpa.vendor.HibernateJpaDialect$HibernateConnectionHandle@72ef26f9]
2026-03-16 17:02:51 [http-nio-8080-exec-9] DEBUG o.s.web.servlet.DispatcherServlet - GET "/api/v1/menu/left?menuNo=20", parameters={masked}
2026-03-16 17:02:51 [http-nio-8080-exec-4] DEBUG o.s.orm.jpa.JpaTransactionManager - Found thread-bound EntityManager [SessionImpl(1171137340<open>)] for JPA transaction
2026-03-16 17:02:51 [http-nio-8080-exec-4] DEBUG o.s.orm.jpa.JpaTransactionManager - Participating in existing transaction
2026-03-16 17:02:51 [http-nio-8080-exec-9] TRACE o.s.w.s.m.m.a.RequestMappingHandlerMapping - Mapped to com.company.project.api.controller.menu.MenuController#getLeftMenu(Long)
2026-03-16 17:02:51 [http-nio-8080-exec-4] DEBUG org.hibernate.SQL - select bm1_0.bbs_id,bm1_0.atch_posbl_file_number,bm1_0.atch_posbl_file_size,bm1_0.bbs_attrb_code,bm1_0.bbs_intrcn,bm1_0.bbs_nm,bm1_0.bbs_ty_code,bm1_0.blog_at,bm1_0.blog_id,bm1_0.cmmnty_id,bm1_0.frst_register_id,bm1_0.frst_regist_pnttm,bm1_0.file_atch_posbl_at,bm1_0.last_updusr_id,bm1_0.last_updt_pnttm,bm1_0.reply_posbl_at,bm1_0.tmplat_id,bm1_0.use_at,bm1_1.answer_at,bm1_1.stsfdg_at from nbbsmaster bm1_0 left join nbbsmasteroptn bm1_1 on bm1_0.bbs_id=bm1_1.bbs_id where bm1_0.bbs_id=?
2026-03-16 17:02:51 [http-nio-8080-exec-9] INFO  c.c.p.a.c.menu.MenuController - getLeftMenu called with menuNo=20
2026-03-16 17:02:51 [http-nio-8080-exec-9] DEBUG o.s.orm.jpa.JpaTransactionManager - Creating new transaction with name [com.company.project.service.menu.MenuService.getSubMenus]: PROPAGATION_REQUIRED,ISOLATION_DEFAULT,readOnly
2026-03-16 17:02:51 [http-nio-8080-exec-9] DEBUG o.s.orm.jpa.JpaTransactionManager - Opened new EntityManager [SessionImpl(1008835885<open>)] for JPA transaction
2026-03-16 17:02:51 [http-nio-8080-exec-7] DEBUG o.s.orm.jpa.JpaTransactionManager - Initiating transaction commit
2026-03-16 17:02:51 [http-nio-8080-exec-7] DEBUG o.s.orm.jpa.JpaTransactionManager - Committing JPA transaction on EntityManager [SessionImpl(857177500<open>)]
2026-03-16 17:02:51 [http-nio-8080-exec-19] DEBUG o.s.orm.jpa.JpaTransactionManager - Initiating transaction commit
2026-03-16 17:02:51 [http-nio-8080-exec-19] DEBUG o.s.orm.jpa.JpaTransactionManager - Committing JPA transaction on EntityManager [SessionImpl(1915615693<open>)]
2026-03-16 17:02:51 [http-nio-8080-exec-12] DEBUG o.s.orm.jpa.JpaTransactionManager - Found thread-bound EntityManager [SessionImpl(1795329025<open>)] for JPA transaction
2026-03-16 17:02:51 [http-nio-8080-exec-12] DEBUG o.s.orm.jpa.JpaTransactionManager - Participating in existing transaction
2026-03-16 17:02:51 [http-nio-8080-exec-12] DEBUG org.hibernate.SQL - select p1_0.progrm_file_nm,p1_0.progrm_dc,p1_0.progrm_korean_nm,p1_0.progrm_stre_path,p1_0.url from nprogrmlist p1_0
2026-03-16 17:02:51 [http-nio-8080-exec-6] DEBUG o.s.orm.jpa.JpaTransactionManager - Found thread-bound EntityManager [SessionImpl(1585634990<open>)] for JPA transaction
2026-03-16 17:02:51 [http-nio-8080-exec-6] DEBUG o.s.orm.jpa.JpaTransactionManager - Participating in existing transaction
2026-03-16 17:02:51 [http-nio-8080-exec-6] DEBUG org.hibernate.SQL - select p1_0.progrm_file_nm,p1_0.progrm_dc,p1_0.progrm_korean_nm,p1_0.progrm_stre_path,p1_0.url from nprogrmlist p1_0
2026-03-16 17:02:51 [http-nio-8080-exec-13] DEBUG o.s.orm.jpa.JpaTransactionManager - Initiating transaction commit
2026-03-16 17:02:51 [http-nio-8080-exec-13] DEBUG o.s.orm.jpa.JpaTransactionManager - Committing JPA transaction on EntityManager [SessionImpl(1360319862<open>)]
2026-03-16 17:02:51 [http-nio-8080-exec-11] DEBUG o.s.orm.jpa.JpaTransactionManager - Found thread-bound EntityManager [SessionImpl(83510926<open>)] for JPA transaction
2026-03-16 17:02:51 [http-nio-8080-exec-11] DEBUG o.s.orm.jpa.JpaTransactionManager - Participating in existing transaction
2026-03-16 17:02:51 [http-nio-8080-exec-11] DEBUG org.hibernate.SQL - select p1_0.progrm_file_nm,p1_0.progrm_dc,p1_0.progrm_korean_nm,p1_0.progrm_stre_path,p1_0.url from nprogrmlist p1_0
2026-03-16 17:02:51 [http-nio-8080-exec-15] DEBUG o.s.orm.jpa.JpaTransactionManager - Found thread-bound EntityManager [SessionImpl(425968762<open>)] for JPA transaction
2026-03-16 17:02:51 [http-nio-8080-exec-15] DEBUG o.s.orm.jpa.JpaTransactionManager - Participating in existing transaction
2026-03-16 17:02:51 [http-nio-8080-exec-15] DEBUG org.hibernate.SQL - select p1_0.progrm_file_nm,p1_0.progrm_dc,p1_0.progrm_korean_nm,p1_0.progrm_stre_path,p1_0.url from nprogrmlist p1_0
2026-03-16 17:02:51 [http-nio-8080-exec-2] DEBUG o.s.orm.jpa.JpaTransactionManager - Found thread-bound EntityManager [SessionImpl(924204103<open>)] for JPA transaction
2026-03-16 17:02:51 [http-nio-8080-exec-2] DEBUG o.s.orm.jpa.JpaTransactionManager - Participating in existing transaction
2026-03-16 17:02:51 [http-nio-8080-exec-2] DEBUG org.hibernate.SQL - select p1_0.progrm_file_nm,p1_0.progrm_dc,p1_0.progrm_korean_nm,p1_0.progrm_stre_path,p1_0.url from nprogrmlist p1_0
2026-03-16 17:02:51 [http-nio-8080-exec-7] DEBUG o.s.orm.jpa.JpaTransactionManager - Closing JPA EntityManager [SessionImpl(857177500<open>)] after transaction
2026-03-16 17:02:51 [http-nio-8080-exec-7] DEBUG o.s.w.s.m.m.a.HttpEntityMethodProcessor - Using 'application/json', given [application/json, text/plain, */*] and supported [application/json, application/*+json, application/yaml]
2026-03-16 17:02:51 [http-nio-8080-exec-3] DEBUG o.s.orm.jpa.JpaTransactionManager - Exposing JPA transaction as JDBC [org.springframework.orm.jpa.vendor.HibernateJpaDialect$HibernateConnectionHandle@6ecfcee2]
2026-03-16 17:02:51 [http-nio-8080-exec-7] TRACE o.s.w.s.m.m.a.HttpEntityMethodProcessor - Writing [ApiResponse[success=true, status=200, code=COMMON_001, message=Success, data=[NotificationDto(ntfcNo=NT001, ntfcSj=테스트 알림입니다, ntfcCn=알림 내용입니다, ntfcDate=null, ntfcTime=2026-02-25T00:59:33.784070, bhNtfcIntrvl=null, uniqId=null, frstRegisterId=null, frstRegisterPnttm=2026-02-25T00:59:33.784070, lastUpdusrId=null, lastUpdusrPnttm=null)], timestamp=2026-03-16T17:02:51.220937100]]
2026-03-16 17:02:51 [http-nio-8080-exec-3] DEBUG org.hibernate.SQL - select m1_0.menu_no,m1_0.menu_dc,m1_0.menu_nm,m1_0.menu_ordr,m1_0.modern_route,m1_0.progrm_file_nm,m1_0.relate_image_nm,m1_0.relate_image_path,m1_0.route_updated_at,m1_0.upper_menu_no from nmenuinfo m1_0 order by m1_0.upper_menu_no,m1_0.menu_ordr
2026-03-16 17:02:51 [http-nio-8080-exec-7] INFO  c.c.p.a.i.OperationalAuditInterceptor - API Audit Log: URL=/api/v1/notifications, User=webmaster, IP=127.0.0.1
2026-03-16 17:02:51 [http-nio-8080-exec-7] DEBUG o.s.web.servlet.DispatcherServlet - Completed 200 OK
2026-03-16 17:02:51 [http-nio-8080-exec-4] DEBUG org.hibernate.SQL - select b1_0.ntt_id,b1_0.bbs_id,b1_0.ntt_sj,b1_0.ntcr_nm,b1_0.frst_regist_pnttm,b1_0.rdcnt,b1_0.answer_at,b1_0.parntsctt_no,b1_0.answer_lc,b1_0.sort_ordr,b1_0.ntt_no,b1_0.notice_at,b1_0.secret_at,b1_0.comment_co from nbbs b1_0 left join nemplyrinfo u1_0 on b1_0.frst_register_id=u1_0.esntl_id where (b1_0.use_at = 'Y') and b1_0.bbs_id=? order by b1_0.sort_ordr desc,b1_0.ntt_no offset ? rows fetch first ? rows only
2026-03-16 17:02:51 [http-nio-8080-exec-19] DEBUG o.s.orm.jpa.JpaTransactionManager - Closing JPA EntityManager [SessionImpl(1915615693<open>)] after transaction
2026-03-16 17:02:51 [http-nio-8080-exec-19] DEBUG c.c.p.s.jwt.JwtAuthenticationFilter - >>> [JwtFilter] Successfully authenticated user: USRCNFRM_99999999999, Authorities: [ROLE_ADMIN]
2026-03-16 17:02:51 [http-nio-8080-exec-9] DEBUG o.s.orm.jpa.JpaTransactionManager - Exposing JPA transaction as JDBC [org.springframework.orm.jpa.vendor.HibernateJpaDialect$HibernateConnectionHandle@26fa1579]
2026-03-16 17:02:51 [http-nio-8080-exec-19] DEBUG o.s.web.servlet.DispatcherServlet - GET "/api/v1/notifications/unread-count", parameters={}
2026-03-16 17:02:51 [http-nio-8080-exec-19] TRACE o.s.w.s.m.m.a.RequestMappingHandlerMapping - Mapped to com.company.project.api.controller.notification.NotificationController#getUnreadCount(UserDetails)
2026-03-16 17:02:51 [http-nio-8080-exec-19] DEBUG o.s.orm.jpa.JpaTransactionManager - Creating new transaction with name [com.company.project.service.notification.NotificationService.getUnreadCount]: PROPAGATION_REQUIRED,ISOLATION_DEFAULT,readOnly
2026-03-16 17:02:51 [http-nio-8080-exec-19] DEBUG o.s.orm.jpa.JpaTransactionManager - Opened new EntityManager [SessionImpl(1302095414<open>)] for JPA transaction
2026-03-16 17:02:51 [http-nio-8080-exec-9] DEBUG org.hibernate.SQL - select m1_0.menu_no,m1_0.menu_dc,m1_0.menu_nm,m1_0.menu_ordr,m1_0.modern_route,m1_0.progrm_file_nm,m1_0.relate_image_nm,m1_0.relate_image_path,m1_0.route_updated_at,m1_0.upper_menu_no from nmenuinfo m1_0 order by m1_0.upper_menu_no,m1_0.menu_ordr
2026-03-16 17:02:51 [http-nio-8080-exec-12] DEBUG o.s.orm.jpa.JpaTransactionManager - Initiating transaction commit
2026-03-16 17:02:51 [http-nio-8080-exec-12] DEBUG o.s.orm.jpa.JpaTransactionManager - Committing JPA transaction on EntityManager [SessionImpl(1795329025<open>)]
2026-03-16 17:02:51 [http-nio-8080-exec-14] DEBUG o.s.orm.jpa.JpaTransactionManager - Found thread-bound EntityManager [SessionImpl(2003373039<open>)] for JPA transaction
2026-03-16 17:02:51 [http-nio-8080-exec-14] DEBUG o.s.orm.jpa.JpaTransactionManager - Participating in existing transaction
2026-03-16 17:02:51 [http-nio-8080-exec-14] DEBUG org.hibernate.SQL - select p1_0.progrm_file_nm,p1_0.progrm_dc,p1_0.progrm_korean_nm,p1_0.progrm_stre_path,p1_0.url from nprogrmlist p1_0
2026-03-16 17:02:51 [http-nio-8080-exec-6] DEBUG o.s.orm.jpa.JpaTransactionManager - Initiating transaction commit
2026-03-16 17:02:51 [http-nio-8080-exec-6] DEBUG o.s.orm.jpa.JpaTransactionManager - Committing JPA transaction on EntityManager [SessionImpl(1585634990<open>)]
2026-03-16 17:02:51 [http-nio-8080-exec-13] DEBUG o.s.orm.jpa.JpaTransactionManager - Closing JPA EntityManager [SessionImpl(1360319862<open>)] after transaction
2026-03-16 17:02:51 [http-nio-8080-exec-13] INFO  c.c.p.a.c.menu.MenuController - getLeftMenu returned 5 items
2026-03-16 17:02:51 [http-nio-8080-exec-19] DEBUG o.s.orm.jpa.JpaTransactionManager - Exposing JPA transaction as JDBC [org.springframework.orm.jpa.vendor.HibernateJpaDialect$HibernateConnectionHandle@2860670d]
2026-03-16 17:02:51 [http-nio-8080-exec-13] DEBUG o.s.w.s.m.m.a.HttpEntityMethodProcessor - Using 'application/json', given [application/json, text/plain, */*] and supported [application/json, application/*+json, application/yaml]
2026-03-16 17:02:51 [http-nio-8080-exec-13] TRACE o.s.w.s.m.m.a.HttpEntityMethodProcessor - Writing [ApiResponse[success=true, status=200, code=COMMON_001, message=Success, data={list=[com.company.project.service.menu.dto.MenuDto@1d88b381, com.company.project.service.menu.dto.MenuDto@3f8695c1, com.company.project.service.menu.dto.MenuDto@4b86bf87, com.company.project.service.menu.dto.MenuDto@2366b2b9, com.company.project.service.menu.dto.MenuDto@7b2a09ef]}, timestamp=2026-03-16T17:02:51.328750200]]
2026-03-16 17:02:51 [http-nio-8080-exec-13] INFO  c.c.p.a.i.OperationalAuditInterceptor - API Audit Log: URL=/api/v1/menu/left, User=webmaster, IP=0:0:0:0:0:0:0:1
2026-03-16 17:02:51 [http-nio-8080-exec-13] DEBUG o.s.web.servlet.DispatcherServlet - Completed 200 OK
2026-03-16 17:02:51 [http-nio-8080-exec-19] DEBUG org.hibernate.SQL - select count(n1_0.ntcn_no) from n_user_notification n1_0 where n1_0.receiver_id=? and n1_0.is_read=?
2026-03-16 17:02:51 [http-nio-8080-exec-11] DEBUG o.s.orm.jpa.JpaTransactionManager - Initiating transaction commit
2026-03-16 17:02:51 [http-nio-8080-exec-11] DEBUG o.s.orm.jpa.JpaTransactionManager - Committing JPA transaction on EntityManager [SessionImpl(83510926<open>)]
2026-03-16 17:02:51 [http-nio-8080-exec-15] DEBUG o.s.orm.jpa.JpaTransactionManager - Initiating transaction commit
2026-03-16 17:02:51 [http-nio-8080-exec-15] DEBUG o.s.orm.jpa.JpaTransactionManager - Committing JPA transaction on EntityManager [SessionImpl(425968762<open>)]
2026-03-16 17:02:51 [http-nio-8080-exec-2] DEBUG o.s.orm.jpa.JpaTransactionManager - Initiating transaction commit
2026-03-16 17:02:51 [http-nio-8080-exec-2] DEBUG o.s.orm.jpa.JpaTransactionManager - Committing JPA transaction on EntityManager [SessionImpl(924204103<open>)]
2026-03-16 17:02:51 [http-nio-8080-exec-4] DEBUG org.hibernate.SQL - select count(b1_0.ntt_id) from nbbs b1_0 left join nemplyrinfo u1_0 on b1_0.frst_register_id=u1_0.esntl_id where (b1_0.use_at = 'Y') and b1_0.bbs_id=?
2026-03-16 17:02:51 [http-nio-8080-exec-12] DEBUG o.s.orm.jpa.JpaTransactionManager - Closing JPA EntityManager [SessionImpl(1795329025<open>)] after transaction
2026-03-16 17:02:51 [http-nio-8080-exec-12] INFO  c.c.p.a.c.menu.MenuController - getLeftMenu returned 1 items
2026-03-16 17:02:51 [http-nio-8080-exec-12] DEBUG o.s.w.s.m.m.a.HttpEntityMethodProcessor - Using 'application/json', given [application/json, text/plain, */*] and supported [application/json, application/*+json, application/yaml]
2026-03-16 17:02:51 [http-nio-8080-exec-12] TRACE o.s.w.s.m.m.a.HttpEntityMethodProcessor - Writing [ApiResponse[success=true, status=200, code=COMMON_001, message=Success, data={list=[com.company.project.service.menu.dto.MenuDto@67947c57]}, timestamp=2026-03-16T17:02:51.465832600]]
2026-03-16 17:02:51 [http-nio-8080-exec-12] INFO  c.c.p.a.i.OperationalAuditInterceptor - API Audit Log: URL=/api/v1/menu/left, User=webmaster, IP=0:0:0:0:0:0:0:1
2026-03-16 17:02:51 [http-nio-8080-exec-12] DEBUG o.s.web.servlet.DispatcherServlet - Completed 200 OK
2026-03-16 17:02:51 [http-nio-8080-exec-14] DEBUG o.s.orm.jpa.JpaTransactionManager - Initiating transaction commit
2026-03-16 17:02:51 [http-nio-8080-exec-14] DEBUG o.s.orm.jpa.JpaTransactionManager - Committing JPA transaction on EntityManager [SessionImpl(2003373039<open>)]
2026-03-16 17:02:51 [http-nio-8080-exec-6] DEBUG o.s.orm.jpa.JpaTransactionManager - Closing JPA EntityManager [SessionImpl(1585634990<open>)] after transaction
2026-03-16 17:02:51 [http-nio-8080-exec-6] INFO  c.c.p.a.c.menu.MenuController - getLeftMenu returned 3 items
2026-03-16 17:02:51 [http-nio-8080-exec-6] DEBUG o.s.w.s.m.m.a.HttpEntityMethodProcessor - Using 'application/json', given [application/json, text/plain, */*] and supported [application/json, application/*+json, application/yaml]
2026-03-16 17:02:51 [http-nio-8080-exec-6] TRACE o.s.w.s.m.m.a.HttpEntityMethodProcessor - Writing [ApiResponse[success=true, status=200, code=COMMON_001, message=Success, data={list=[com.company.project.service.menu.dto.MenuDto@47214f82, com.company.project.service.menu.dto.MenuDto@21256148, com.company.project.service.menu.dto.MenuDto@3a44c20f]}, timestamp=2026-03-16T17:02:51.478835300]]
2026-03-16 17:02:51 [http-nio-8080-exec-6] INFO  c.c.p.a.i.OperationalAuditInterceptor - API Audit Log: URL=/api/v1/menu/left, User=webmaster, IP=0:0:0:0:0:0:0:1
2026-03-16 17:02:51 [http-nio-8080-exec-6] DEBUG o.s.web.servlet.DispatcherServlet - Completed 200 OK
2026-03-16 17:02:51 [MessageBroker-11] DEBUG o.s.w.s.s.t.h.DefaultSockJsService - Closed 1 sessions: [qf2nmi1d]
2026-03-16 17:02:51 [http-nio-8080-exec-19] DEBUG o.s.orm.jpa.JpaTransactionManager - Initiating transaction commit
2026-03-16 17:02:51 [http-nio-8080-exec-19] DEBUG o.s.orm.jpa.JpaTransactionManager - Committing JPA transaction on EntityManager [SessionImpl(1302095414<open>)]
2026-03-16 17:02:51 [http-nio-8080-exec-11] DEBUG o.s.orm.jpa.JpaTransactionManager - Closing JPA EntityManager [SessionImpl(83510926<open>)] after transaction
2026-03-16 17:02:51 [http-nio-8080-exec-11] INFO  c.c.p.a.c.menu.MenuController - getLeftMenu returned 2 items
2026-03-16 17:02:51 [http-nio-8080-exec-11] DEBUG o.s.w.s.m.m.a.HttpEntityMethodProcessor - Using 'application/json', given [application/json, text/plain, */*] and supported [application/json, application/*+json, application/yaml]
2026-03-16 17:02:51 [http-nio-8080-exec-11] TRACE o.s.w.s.m.m.a.HttpEntityMethodProcessor - Writing [ApiResponse[success=true, status=200, code=COMMON_001, message=Success, data={list=[com.company.project.service.menu.dto.MenuDto@271449a9, com.company.project.service.menu.dto.MenuDto@75f4a9b3]}, timestamp=2026-03-16T17:02:51.496772300]]
2026-03-16 17:02:51 [http-nio-8080-exec-11] INFO  c.c.p.a.i.OperationalAuditInterceptor - API Audit Log: URL=/api/v1/menu/left, User=webmaster, IP=0:0:0:0:0:0:0:1
2026-03-16 17:02:51 [http-nio-8080-exec-11] DEBUG o.s.web.servlet.DispatcherServlet - Completed 200 OK
2026-03-16 17:02:51 [http-nio-8080-exec-15] DEBUG o.s.orm.jpa.JpaTransactionManager - Closing JPA EntityManager [SessionImpl(425968762<open>)] after transaction
2026-03-16 17:02:51 [http-nio-8080-exec-15] INFO  c.c.p.a.c.menu.MenuController - getLeftMenu returned 2 items
2026-03-16 17:02:51 [http-nio-8080-exec-15] DEBUG o.s.w.s.m.m.a.HttpEntityMethodProcessor - Using 'application/json', given [application/json, text/plain, */*] and supported [application/json, application/*+json, application/yaml]
2026-03-16 17:02:51 [http-nio-8080-exec-15] TRACE o.s.w.s.m.m.a.HttpEntityMethodProcessor - Writing [ApiResponse[success=true, status=200, code=COMMON_001, message=Success, data={list=[com.company.project.service.menu.dto.MenuDto@60858b1, com.company.project.service.menu.dto.MenuDto@68b65219]}, timestamp=2026-03-16T17:02:51.512905200]]
2026-03-16 17:02:51 [http-nio-8080-exec-15] INFO  c.c.p.a.i.OperationalAuditInterceptor - API Audit Log: URL=/api/v1/menu/left, User=webmaster, IP=0:0:0:0:0:0:0:1
2026-03-16 17:02:51 [http-nio-8080-exec-15] DEBUG o.s.web.servlet.DispatcherServlet - Completed 200 OK
2026-03-16 17:02:51 [http-nio-8080-exec-2] DEBUG o.s.orm.jpa.JpaTransactionManager - Closing JPA EntityManager [SessionImpl(924204103<open>)] after transaction
2026-03-16 17:02:51 [http-nio-8080-exec-2] INFO  c.c.p.a.c.menu.MenuController - getLeftMenu returned 1 items
2026-03-16 17:02:51 [http-nio-8080-exec-2] DEBUG o.s.w.s.m.m.a.HttpEntityMethodProcessor - Using 'application/json', given [application/json, text/plain, */*] and supported [application/json, application/*+json, application/yaml]
2026-03-16 17:02:51 [http-nio-8080-exec-2] TRACE o.s.w.s.m.m.a.HttpEntityMethodProcessor - Writing [ApiResponse[success=true, status=200, code=COMMON_001, message=Success, data={list=[com.company.project.service.menu.dto.MenuDto@600694aa]}, timestamp=2026-03-16T17:02:51.517496300]]
2026-03-16 17:02:51 [http-nio-8080-exec-2] INFO  c.c.p.a.i.OperationalAuditInterceptor - API Audit Log: URL=/api/v1/menu/left, User=webmaster, IP=0:0:0:0:0:0:0:1
2026-03-16 17:02:51 [http-nio-8080-exec-2] DEBUG o.s.web.servlet.DispatcherServlet - Completed 200 OK
2026-03-16 17:02:51 [http-nio-8080-exec-3] DEBUG o.s.orm.jpa.JpaTransactionManager - Found thread-bound EntityManager [SessionImpl(941057813<open>)] for JPA transaction
2026-03-16 17:02:51 [http-nio-8080-exec-3] DEBUG o.s.orm.jpa.JpaTransactionManager - Participating in existing transaction
2026-03-16 17:02:51 [http-nio-8080-exec-3] DEBUG org.hibernate.SQL - select p1_0.progrm_file_nm,p1_0.progrm_dc,p1_0.progrm_korean_nm,p1_0.progrm_stre_path,p1_0.url from nprogrmlist p1_0
2026-03-16 17:02:51 [http-nio-8080-exec-4] DEBUG o.s.orm.jpa.JpaTransactionManager - Initiating transaction commit
2026-03-16 17:02:51 [http-nio-8080-exec-4] DEBUG o.s.orm.jpa.JpaTransactionManager - Committing JPA transaction on EntityManager [SessionImpl(1171137340<open>)]
2026-03-16 17:02:51 [http-nio-8080-exec-9] DEBUG o.s.orm.jpa.JpaTransactionManager - Found thread-bound EntityManager [SessionImpl(1008835885<open>)] for JPA transaction
2026-03-16 17:02:51 [http-nio-8080-exec-9] DEBUG o.s.orm.jpa.JpaTransactionManager - Participating in existing transaction
2026-03-16 17:02:51 [http-nio-8080-exec-9] DEBUG org.hibernate.SQL - select p1_0.progrm_file_nm,p1_0.progrm_dc,p1_0.progrm_korean_nm,p1_0.progrm_stre_path,p1_0.url from nprogrmlist p1_0
2026-03-16 17:02:51 [http-nio-8080-exec-14] DEBUG o.s.orm.jpa.JpaTransactionManager - Closing JPA EntityManager [SessionImpl(2003373039<open>)] after transaction
2026-03-16 17:02:51 [http-nio-8080-exec-14] INFO  c.c.p.a.c.menu.MenuController - getLeftMenu returned 5 items
2026-03-16 17:02:51 [http-nio-8080-exec-14] DEBUG o.s.w.s.m.m.a.HttpEntityMethodProcessor - Using 'application/json', given [application/json, text/plain, */*] and supported [application/json, application/*+json, application/yaml]
2026-03-16 17:02:51 [http-nio-8080-exec-14] TRACE o.s.w.s.m.m.a.HttpEntityMethodProcessor - Writing [ApiResponse[success=true, status=200, code=COMMON_001, message=Success, data={list=[com.company.project.service.menu.dto.MenuDto@6bc41a89, com.company.project.service.menu.dto.MenuDto@63375014, com.company.project.service.menu.dto.MenuDto@d3cab08, com.company.project.service.menu.dto.MenuDto@3054eac3, com.company.project.service.menu.dto.MenuDto@7b8fae12]}, timestamp=2026-03-16T17:02:51.628864700]]
2026-03-16 17:02:51 [http-nio-8080-exec-14] INFO  c.c.p.a.i.OperationalAuditInterceptor - API Audit Log: URL=/api/v1/menu/left, User=webmaster, IP=0:0:0:0:0:0:0:1
2026-03-16 17:02:51 [http-nio-8080-exec-14] DEBUG o.s.web.servlet.DispatcherServlet - Completed 200 OK
2026-03-16 17:02:51 [http-nio-8080-exec-19] DEBUG o.s.orm.jpa.JpaTransactionManager - Closing JPA EntityManager [SessionImpl(1302095414<open>)] after transaction
2026-03-16 17:02:51 [http-nio-8080-exec-19] DEBUG o.s.w.s.m.m.a.HttpEntityMethodProcessor - Using 'application/json', given [application/json, text/plain, */*] and supported [application/json, application/*+json, application/yaml]
2026-03-16 17:02:51 [http-nio-8080-exec-19] TRACE o.s.w.s.m.m.a.HttpEntityMethodProcessor - Writing [ApiResponse[success=true, status=200, code=COMMON_001, message=Success, data=0, timestamp=2026-03-16T17:02:51.636530200]]
2026-03-16 17:02:51 [http-nio-8080-exec-19] INFO  c.c.p.a.i.OperationalAuditInterceptor - API Audit Log: URL=/api/v1/notifications/unread-count, User=webmaster, IP=127.0.0.1
2026-03-16 17:02:51 [http-nio-8080-exec-19] DEBUG o.s.web.servlet.DispatcherServlet - Completed 200 OK
2026-03-16 17:02:51 [http-nio-8080-exec-3] DEBUG o.s.orm.jpa.JpaTransactionManager - Initiating transaction commit
2026-03-16 17:02:51 [http-nio-8080-exec-3] DEBUG o.s.orm.jpa.JpaTransactionManager - Committing JPA transaction on EntityManager [SessionImpl(941057813<open>)]
2026-03-16 17:02:51 [http-nio-8080-exec-9] DEBUG o.s.orm.jpa.JpaTransactionManager - Initiating transaction commit
2026-03-16 17:02:51 [http-nio-8080-exec-9] DEBUG o.s.orm.jpa.JpaTransactionManager - Committing JPA transaction on EntityManager [SessionImpl(1008835885<open>)]
2026-03-16 17:02:51 [http-nio-8080-exec-4] DEBUG o.s.orm.jpa.JpaTransactionManager - Closing JPA EntityManager [SessionImpl(1171137340<open>)] after transaction
2026-03-16 17:02:51 [http-nio-8080-exec-4] DEBUG o.s.orm.jpa.JpaTransactionManager - Creating new transaction with name [com.company.project.service.informalsanction.InformalSanctionServiceImpl.getReceivedInformalSanctionList]: PROPAGATION_REQUIRED,ISOLATION_DEFAULT,readOnly
2026-03-16 17:02:51 [http-nio-8080-exec-4] DEBUG o.s.orm.jpa.JpaTransactionManager - Opened new EntityManager [SessionImpl(1353756815<open>)] for JPA transaction
2026-03-16 17:02:51 [http-nio-8080-exec-4] DEBUG o.s.orm.jpa.JpaTransactionManager - Exposing JPA transaction as JDBC [org.springframework.orm.jpa.vendor.HibernateJpaDialect$HibernateConnectionHandle@7d03507e]
2026-03-16 17:02:51 [http-nio-8080-exec-4] DEBUG org.hibernate.SQL - select is1_0.infrml_sanctn_id,is1_0.applcnt_id,is1_0.confm_at,is1_0.frst_register_id,is1_0.frst_regist_pnttm,is1_0.job_se_code,is1_0.last_updusr_id,is1_0.last_updt_pnttm,is1_0.reqst_de,is1_0.return_resn,is1_0.sanctn_dt,is1_0.sanctner_id from ninfrmlsanctn is1_0 where is1_0.sanctner_id=?
2026-03-16 17:02:51 [http-nio-8080-exec-3] DEBUG o.s.orm.jpa.JpaTransactionManager - Closing JPA EntityManager [SessionImpl(941057813<open>)] after transaction
2026-03-16 17:02:51 [http-nio-8080-exec-3] INFO  c.c.p.a.c.menu.MenuController - getLeftMenu returned 2 items
2026-03-16 17:02:51 [http-nio-8080-exec-3] DEBUG o.s.w.s.m.m.a.HttpEntityMethodProcessor - Using 'application/json', given [application/json, text/plain, */*] and supported [application/json, application/*+json, application/yaml]
2026-03-16 17:02:51 [http-nio-8080-exec-3] TRACE o.s.w.s.m.m.a.HttpEntityMethodProcessor - Writing [ApiResponse[success=true, status=200, code=COMMON_001, message=Success, data={list=[com.company.project.service.menu.dto.MenuDto@23ea1e84, com.company.project.service.menu.dto.MenuDto@724f4482]}, timestamp=2026-03-16T17:02:51.819134600]]
2026-03-16 17:02:51 [http-nio-8080-exec-3] INFO  c.c.p.a.i.OperationalAuditInterceptor - API Audit Log: URL=/api/v1/menu/left, User=webmaster, IP=127.0.0.1
2026-03-16 17:02:51 [http-nio-8080-exec-3] DEBUG o.s.web.servlet.DispatcherServlet - Completed 200 OK
2026-03-16 17:02:51 [http-nio-8080-exec-18] DEBUG c.c.p.s.jwt.JwtAuthenticationFilter - >>> [JwtFilter] Processing request: GET /api/v1/menu/left
2026-03-16 17:02:51 [http-nio-8080-exec-18] DEBUG c.c.p.s.jwt.JwtAuthenticationFilter - >>> [JwtFilter] Found token in header for path: /api/v1/menu/left
2026-03-16 17:02:51 [http-nio-8080-exec-18] DEBUG o.s.orm.jpa.JpaTransactionManager - Creating new transaction with name [com.company.project.security.iam.CustomUserDetailsService.loadUserByUsername]: PROPAGATION_REQUIRED,ISOLATION_DEFAULT,readOnly
2026-03-16 17:02:51 [http-nio-8080-exec-18] DEBUG o.s.orm.jpa.JpaTransactionManager - Opened new EntityManager [SessionImpl(1044986919<open>)] for JPA transaction
2026-03-16 17:02:51 [http-nio-8080-exec-18] DEBUG o.s.orm.jpa.JpaTransactionManager - Exposing JPA transaction as JDBC [org.springframework.orm.jpa.vendor.HibernateJpaDialect$HibernateConnectionHandle@463b54d2]
2026-03-16 17:02:51 [http-nio-8080-exec-18] DEBUG o.s.orm.jpa.JpaTransactionManager - Found thread-bound EntityManager [SessionImpl(1044986919<open>)] for JPA transaction
2026-03-16 17:02:51 [http-nio-8080-exec-18] DEBUG o.s.orm.jpa.JpaTransactionManager - Participating in existing transaction
2026-03-16 17:02:51 [http-nio-8080-exec-18] DEBUG org.hibernate.SQL - select u1_0.emplyr_id,u1_0.area_no,u1_0.brthdy,u1_0.chg_pwd_cnt,u1_0.frst_register_id,u1_0.frst_regist_pnttm,u1_0.detail_adres,u1_0.email_adres,u1_0.emplyr_sttus_code,u1_0.empl_no,u1_0.esntl_id,u1_0.fxnum,u1_0.group_id,u1_0.house_adres,u1_0.house_end_telno,u1_0.house_middle_telno,u1_0.ihidnum,u1_0.pstinst_code,u1_0.last_updusr_id,u1_0.last_updt_pnttm,u1_0.lock_at,u1_0.lock_cnt,u1_0.lock_last_pnttm,u1_0.mbtlnum,u1_0.ofcps_nm,u1_0.offm_telno,u1_0.orgnzt_id,u1_0.password,u1_0.password_cnsr,u1_0.password_hint,u1_0.chg_pwd_last_pnttm,u1_0.role,u1_0.sbscrb_de,u1_0.sexdstn_code,u1_0.crtfc_dn_value,u1_0.user_nm,u1_0.zip from nemplyrinfo u1_0 where u1_0.emplyr_id=?
2026-03-16 17:02:51 [http-nio-8080-exec-9] DEBUG o.s.orm.jpa.JpaTransactionManager - Closing JPA EntityManager [SessionImpl(1008835885<open>)] after transaction
2026-03-16 17:02:51 [http-nio-8080-exec-9] INFO  c.c.p.a.c.menu.MenuController - getLeftMenu returned 3 items
2026-03-16 17:02:51 [http-nio-8080-exec-9] DEBUG o.s.w.s.m.m.a.HttpEntityMethodProcessor - Using 'application/json', given [application/json, text/plain, */*] and supported [application/json, application/*+json, application/yaml]
2026-03-16 17:02:51 [http-nio-8080-exec-9] TRACE o.s.w.s.m.m.a.HttpEntityMethodProcessor - Writing [ApiResponse[success=true, status=200, code=COMMON_001, message=Success, data={list=[com.company.project.service.menu.dto.MenuDto@19a18a03, com.company.project.service.menu.dto.MenuDto@78f542d0, com.company.project.service.menu.dto.MenuDto@571680d9]}, timestamp=2026-03-16T17:02:51.849665500]]
2026-03-16 17:02:51 [http-nio-8080-exec-9] INFO  c.c.p.a.i.OperationalAuditInterceptor - API Audit Log: URL=/api/v1/menu/left, User=webmaster, IP=0:0:0:0:0:0:0:1
2026-03-16 17:02:51 [http-nio-8080-exec-9] DEBUG o.s.web.servlet.DispatcherServlet - Completed 200 OK
2026-03-16 17:02:51 [http-nio-8080-exec-8] DEBUG o.s.w.s.h.LoggingWebSocketHandlerDecorator - WebSocketServerSockJsSession[id=blfiznay] closed with CloseStatus[code=1000, reason=null]
2026-03-16 17:02:51 [http-nio-8080-exec-8] DEBUG o.s.w.s.m.SubProtocolWebSocketHandler - Clearing session blfiznay
2026-03-16 17:02:51 [scheduling-1] DEBUG org.springframework.web.SimpLogging - Processing DISCONNECT session=blfiznay
2026-03-16 17:02:51 [scheduling-1] DEBUG o.s.w.s.m.SubProtocolWebSocketHandler - No session for GenericMessage [payload=byte[0], headers={simpMessageType=DISCONNECT_ACK, simpDisconnectMessage=GenericMessage [payload=byte[0], headers={simpMessageType=DISCONNECT, stompCommand=DISCONNECT, simpSessionAttributes={org.springframework.messaging.simp.SimpAttributes.COMPLETED=true}, simpSessionId=blfiznay}], simpSessionId=blfiznay}]
2026-03-16 17:02:51 [http-nio-8080-exec-4] DEBUG o.s.orm.jpa.JpaTransactionManager - Initiating transaction commit
2026-03-16 17:02:51 [http-nio-8080-exec-4] DEBUG o.s.orm.jpa.JpaTransactionManager - Committing JPA transaction on EntityManager [SessionImpl(1353756815<open>)]
2026-03-16 17:02:51 [http-nio-8080-exec-18] DEBUG o.s.orm.jpa.JpaTransactionManager - Found thread-bound EntityManager [SessionImpl(1044986919<open>)] for JPA transaction
2026-03-16 17:02:51 [http-nio-8080-exec-18] DEBUG o.s.orm.jpa.JpaTransactionManager - Participating in existing transaction
2026-03-16 17:02:51 [http-nio-8080-exec-18] DEBUG org.hibernate.SQL - select ua1_0.scrty_dtrmn_trget_id,ua1_0.author_code,ua1_0.frst_register_id,ua1_0.frst_regist_pnttm,ua1_0.last_updusr_id,ua1_0.last_updt_pnttm,ua1_0.mber_ty_code from nemplyrscrtyestbs ua1_0 where ua1_0.scrty_dtrmn_trget_id=?
2026-03-16 17:02:52 [http-nio-8080-exec-4] DEBUG o.s.orm.jpa.JpaTransactionManager - Closing JPA EntityManager [SessionImpl(1353756815<open>)] after transaction
2026-03-16 17:02:52 [http-nio-8080-exec-4] DEBUG o.s.w.s.m.m.a.HttpEntityMethodProcessor - Using 'application/json', given [application/json, text/plain, */*] and supported [application/json, application/*+json, application/yaml]
2026-03-16 17:02:52 [http-nio-8080-exec-4] TRACE o.s.w.s.m.m.a.HttpEntityMethodProcessor - Writing [{notiList=[com.company.project.service.board.dto.BoardDto@2e403a03], success=true, taskList=[com.company.project.service.board.dto.BoardDto@a883e72], pendingApprovalCount=0}]
2026-03-16 17:02:52 [http-nio-8080-exec-4] INFO  c.c.p.a.i.OperationalAuditInterceptor - API Audit Log: URL=/api/v1/dashboard, User=webmaster, IP=0:0:0:0:0:0:0:1
2026-03-16 17:02:52 [http-nio-8080-exec-4] DEBUG o.s.web.servlet.DispatcherServlet - Completed 200 OK
2026-03-16 17:02:52 [http-nio-8080-exec-18] DEBUG o.s.orm.jpa.JpaTransactionManager - Initiating transaction commit
2026-03-16 17:02:52 [http-nio-8080-exec-18] DEBUG o.s.orm.jpa.JpaTransactionManager - Committing JPA transaction on EntityManager [SessionImpl(1044986919<open>)]
2026-03-16 17:02:52 [http-nio-8080-exec-18] DEBUG o.s.orm.jpa.JpaTransactionManager - Closing JPA EntityManager [SessionImpl(1044986919<open>)] after transaction
2026-03-16 17:02:52 [http-nio-8080-exec-18] DEBUG c.c.p.s.jwt.JwtAuthenticationFilter - >>> [JwtFilter] Successfully authenticated user: USRCNFRM_99999999999, Authorities: [ROLE_ADMIN]
2026-03-16 17:02:52 [http-nio-8080-exec-18] DEBUG o.s.web.servlet.DispatcherServlet - GET "/api/v1/menu/left?menuNo=50", parameters={masked}
2026-03-16 17:02:52 [http-nio-8080-exec-18] TRACE o.s.w.s.m.m.a.RequestMappingHandlerMapping - Mapped to com.company.project.api.controller.menu.MenuController#getLeftMenu(Long)
2026-03-16 17:02:52 [http-nio-8080-exec-18] INFO  c.c.p.a.c.menu.MenuController - getLeftMenu called with menuNo=50
2026-03-16 17:02:52 [http-nio-8080-exec-18] DEBUG o.s.orm.jpa.JpaTransactionManager - Creating new transaction with name [com.company.project.service.menu.MenuService.getSubMenus]: PROPAGATION_REQUIRED,ISOLATION_DEFAULT,readOnly
2026-03-16 17:02:52 [http-nio-8080-exec-18] DEBUG o.s.orm.jpa.JpaTransactionManager - Opened new EntityManager [SessionImpl(465643815<open>)] for JPA transaction
2026-03-16 17:02:52 [http-nio-8080-exec-18] DEBUG o.s.orm.jpa.JpaTransactionManager - Exposing JPA transaction as JDBC [org.springframework.orm.jpa.vendor.HibernateJpaDialect$HibernateConnectionHandle@68722a2b]
2026-03-16 17:02:52 [http-nio-8080-exec-18] DEBUG org.hibernate.SQL - select m1_0.menu_no,m1_0.menu_dc,m1_0.menu_nm,m1_0.menu_ordr,m1_0.modern_route,m1_0.progrm_file_nm,m1_0.relate_image_nm,m1_0.relate_image_path,m1_0.route_updated_at,m1_0.upper_menu_no from nmenuinfo m1_0 order by m1_0.upper_menu_no,m1_0.menu_ordr
2026-03-16 17:02:52 [http-nio-8080-exec-10] DEBUG c.c.p.s.jwt.JwtAuthenticationFilter - >>> [JwtFilter] Processing request: GET /api/v1/menu/left
2026-03-16 17:02:52 [http-nio-8080-exec-10] DEBUG c.c.p.s.jwt.JwtAuthenticationFilter - >>> [JwtFilter] Found token in header for path: /api/v1/menu/left
2026-03-16 17:02:52 [http-nio-8080-exec-10] DEBUG o.s.orm.jpa.JpaTransactionManager - Creating new transaction with name [com.company.project.security.iam.CustomUserDetailsService.loadUserByUsername]: PROPAGATION_REQUIRED,ISOLATION_DEFAULT,readOnly
2026-03-16 17:02:52 [http-nio-8080-exec-10] DEBUG o.s.orm.jpa.JpaTransactionManager - Opened new EntityManager [SessionImpl(1912846293<open>)] for JPA transaction
2026-03-16 17:02:52 [http-nio-8080-exec-5] DEBUG c.c.p.s.jwt.JwtAuthenticationFilter - >>> [JwtFilter] Processing request: GET /api/v1/auth/me
2026-03-16 17:02:52 [http-nio-8080-exec-16] DEBUG c.c.p.s.jwt.JwtAuthenticationFilter - >>> [JwtFilter] Processing request: GET /api/v1/menu/head
2026-03-16 17:02:52 [http-nio-8080-exec-5] DEBUG c.c.p.s.jwt.JwtAuthenticationFilter - >>> [JwtFilter] Found token in header for path: /api/v1/auth/me
2026-03-16 17:02:52 [http-nio-8080-exec-16] DEBUG c.c.p.s.jwt.JwtAuthenticationFilter - >>> [JwtFilter] Found token in header for path: /api/v1/menu/head
2026-03-16 17:02:52 [http-nio-8080-exec-5] DEBUG o.s.orm.jpa.JpaTransactionManager - Creating new transaction with name [com.company.project.security.iam.CustomUserDetailsService.loadUserByUsername]: PROPAGATION_REQUIRED,ISOLATION_DEFAULT,readOnly
2026-03-16 17:02:52 [http-nio-8080-exec-5] DEBUG o.s.orm.jpa.JpaTransactionManager - Opened new EntityManager [SessionImpl(654783096<open>)] for JPA transaction
2026-03-16 17:02:52 [http-nio-8080-exec-16] DEBUG o.s.orm.jpa.JpaTransactionManager - Creating new transaction with name [com.company.project.security.iam.CustomUserDetailsService.loadUserByUsername]: PROPAGATION_REQUIRED,ISOLATION_DEFAULT,readOnly
2026-03-16 17:02:52 [http-nio-8080-exec-16] DEBUG o.s.orm.jpa.JpaTransactionManager - Opened new EntityManager [SessionImpl(200659215<open>)] for JPA transaction
2026-03-16 17:02:52 [http-nio-8080-exec-16] DEBUG o.s.orm.jpa.JpaTransactionManager - Exposing JPA transaction as JDBC [org.springframework.orm.jpa.vendor.HibernateJpaDialect$HibernateConnectionHandle@6303196c]
2026-03-16 17:02:52 [http-nio-8080-exec-16] DEBUG o.s.orm.jpa.JpaTransactionManager - Found thread-bound EntityManager [SessionImpl(200659215<open>)] for JPA transaction
2026-03-16 17:02:52 [http-nio-8080-exec-16] DEBUG o.s.orm.jpa.JpaTransactionManager - Participating in existing transaction
2026-03-16 17:02:52 [http-nio-8080-exec-16] DEBUG org.hibernate.SQL - select u1_0.emplyr_id,u1_0.area_no,u1_0.brthdy,u1_0.chg_pwd_cnt,u1_0.frst_register_id,u1_0.frst_regist_pnttm,u1_0.detail_adres,u1_0.email_adres,u1_0.emplyr_sttus_code,u1_0.empl_no,u1_0.esntl_id,u1_0.fxnum,u1_0.group_id,u1_0.house_adres,u1_0.house_end_telno,u1_0.house_middle_telno,u1_0.ihidnum,u1_0.pstinst_code,u1_0.last_updusr_id,u1_0.last_updt_pnttm,u1_0.lock_at,u1_0.lock_cnt,u1_0.lock_last_pnttm,u1_0.mbtlnum,u1_0.ofcps_nm,u1_0.offm_telno,u1_0.orgnzt_id,u1_0.password,u1_0.password_cnsr,u1_0.password_hint,u1_0.chg_pwd_last_pnttm,u1_0.role,u1_0.sbscrb_de,u1_0.sexdstn_code,u1_0.crtfc_dn_value,u1_0.user_nm,u1_0.zip from nemplyrinfo u1_0 where u1_0.emplyr_id=?
2026-03-16 17:02:52 [http-nio-8080-exec-5] DEBUG o.s.orm.jpa.JpaTransactionManager - Exposing JPA transaction as JDBC [org.springframework.orm.jpa.vendor.HibernateJpaDialect$HibernateConnectionHandle@27841984]
2026-03-16 17:02:52 [http-nio-8080-exec-5] DEBUG o.s.orm.jpa.JpaTransactionManager - Found thread-bound EntityManager [SessionImpl(654783096<open>)] for JPA transaction
2026-03-16 17:02:52 [http-nio-8080-exec-5] DEBUG o.s.orm.jpa.JpaTransactionManager - Participating in existing transaction
2026-03-16 17:02:52 [http-nio-8080-exec-5] DEBUG org.hibernate.SQL - select u1_0.emplyr_id,u1_0.area_no,u1_0.brthdy,u1_0.chg_pwd_cnt,u1_0.frst_register_id,u1_0.frst_regist_pnttm,u1_0.detail_adres,u1_0.email_adres,u1_0.emplyr_sttus_code,u1_0.empl_no,u1_0.esntl_id,u1_0.fxnum,u1_0.group_id,u1_0.house_adres,u1_0.house_end_telno,u1_0.house_middle_telno,u1_0.ihidnum,u1_0.pstinst_code,u1_0.last_updusr_id,u1_0.last_updt_pnttm,u1_0.lock_at,u1_0.lock_cnt,u1_0.lock_last_pnttm,u1_0.mbtlnum,u1_0.ofcps_nm,u1_0.offm_telno,u1_0.orgnzt_id,u1_0.password,u1_0.password_cnsr,u1_0.password_hint,u1_0.chg_pwd_last_pnttm,u1_0.role,u1_0.sbscrb_de,u1_0.sexdstn_code,u1_0.crtfc_dn_value,u1_0.user_nm,u1_0.zip from nemplyrinfo u1_0 where u1_0.emplyr_id=?
2026-03-16 17:02:52 [http-nio-8080-exec-16] DEBUG o.s.orm.jpa.JpaTransactionManager - Found thread-bound EntityManager [SessionImpl(200659215<open>)] for JPA transaction
2026-03-16 17:02:52 [http-nio-8080-exec-16] DEBUG o.s.orm.jpa.JpaTransactionManager - Participating in existing transaction
2026-03-16 17:02:52 [http-nio-8080-exec-16] DEBUG org.hibernate.SQL - select ua1_0.scrty_dtrmn_trget_id,ua1_0.author_code,ua1_0.frst_register_id,ua1_0.frst_regist_pnttm,ua1_0.last_updusr_id,ua1_0.last_updt_pnttm,ua1_0.mber_ty_code from nemplyrscrtyestbs ua1_0 where ua1_0.scrty_dtrmn_trget_id=?
2026-03-16 17:02:52 [http-nio-8080-exec-10] DEBUG o.s.orm.jpa.JpaTransactionManager - Exposing JPA transaction as JDBC [org.springframework.orm.jpa.vendor.HibernateJpaDialect$HibernateConnectionHandle@610ac9f1]
2026-03-16 17:02:52 [http-nio-8080-exec-10] DEBUG o.s.orm.jpa.JpaTransactionManager - Found thread-bound EntityManager [SessionImpl(1912846293<open>)] for JPA transaction
2026-03-16 17:02:52 [http-nio-8080-exec-10] DEBUG o.s.orm.jpa.JpaTransactionManager - Participating in existing transaction
2026-03-16 17:02:52 [http-nio-8080-exec-10] DEBUG org.hibernate.SQL - select u1_0.emplyr_id,u1_0.area_no,u1_0.brthdy,u1_0.chg_pwd_cnt,u1_0.frst_register_id,u1_0.frst_regist_pnttm,u1_0.detail_adres,u1_0.email_adres,u1_0.emplyr_sttus_code,u1_0.empl_no,u1_0.esntl_id,u1_0.fxnum,u1_0.group_id,u1_0.house_adres,u1_0.house_end_telno,u1_0.house_middle_telno,u1_0.ihidnum,u1_0.pstinst_code,u1_0.last_updusr_id,u1_0.last_updt_pnttm,u1_0.lock_at,u1_0.lock_cnt,u1_0.lock_last_pnttm,u1_0.mbtlnum,u1_0.ofcps_nm,u1_0.offm_telno,u1_0.orgnzt_id,u1_0.password,u1_0.password_cnsr,u1_0.password_hint,u1_0.chg_pwd_last_pnttm,u1_0.role,u1_0.sbscrb_de,u1_0.sexdstn_code,u1_0.crtfc_dn_value,u1_0.user_nm,u1_0.zip from nemplyrinfo u1_0 where u1_0.emplyr_id=?
2026-03-16 17:02:52 [http-nio-8080-exec-18] DEBUG o.s.orm.jpa.JpaTransactionManager - Found thread-bound EntityManager [SessionImpl(465643815<open>)] for JPA transaction
2026-03-16 17:02:52 [http-nio-8080-exec-18] DEBUG o.s.orm.jpa.JpaTransactionManager - Participating in existing transaction
2026-03-16 17:02:52 [http-nio-8080-exec-18] DEBUG org.hibernate.SQL - select p1_0.progrm_file_nm,p1_0.progrm_dc,p1_0.progrm_korean_nm,p1_0.progrm_stre_path,p1_0.url from nprogrmlist p1_0
2026-03-16 17:02:52 [http-nio-8080-exec-16] DEBUG o.s.orm.jpa.JpaTransactionManager - Initiating transaction commit
2026-03-16 17:02:52 [http-nio-8080-exec-5] DEBUG o.s.orm.jpa.JpaTransactionManager - Found thread-bound EntityManager [SessionImpl(654783096<open>)] for JPA transaction
2026-03-16 17:02:52 [http-nio-8080-exec-16] DEBUG o.s.orm.jpa.JpaTransactionManager - Committing JPA transaction on EntityManager [SessionImpl(200659215<open>)]
2026-03-16 17:02:52 [http-nio-8080-exec-5] DEBUG o.s.orm.jpa.JpaTransactionManager - Participating in existing transaction
2026-03-16 17:02:52 [http-nio-8080-exec-5] DEBUG org.hibernate.SQL - select ua1_0.scrty_dtrmn_trget_id,ua1_0.author_code,ua1_0.frst_register_id,ua1_0.frst_regist_pnttm,ua1_0.last_updusr_id,ua1_0.last_updt_pnttm,ua1_0.mber_ty_code from nemplyrscrtyestbs ua1_0 where ua1_0.scrty_dtrmn_trget_id=?
2026-03-16 17:02:52 [http-nio-8080-exec-10] DEBUG o.s.orm.jpa.JpaTransactionManager - Found thread-bound EntityManager [SessionImpl(1912846293<open>)] for JPA transaction
2026-03-16 17:02:52 [http-nio-8080-exec-10] DEBUG o.s.orm.jpa.JpaTransactionManager - Participating in existing transaction
2026-03-16 17:02:52 [http-nio-8080-exec-10] DEBUG org.hibernate.SQL - select ua1_0.scrty_dtrmn_trget_id,ua1_0.author_code,ua1_0.frst_register_id,ua1_0.frst_regist_pnttm,ua1_0.last_updusr_id,ua1_0.last_updt_pnttm,ua1_0.mber_ty_code from nemplyrscrtyestbs ua1_0 where ua1_0.scrty_dtrmn_trget_id=?
2026-03-16 17:02:52 [http-nio-8080-exec-18] DEBUG o.s.orm.jpa.JpaTransactionManager - Initiating transaction commit
2026-03-16 17:02:52 [http-nio-8080-exec-18] DEBUG o.s.orm.jpa.JpaTransactionManager - Committing JPA transaction on EntityManager [SessionImpl(465643815<open>)]
2026-03-16 17:02:52 [http-nio-8080-exec-16] DEBUG o.s.orm.jpa.JpaTransactionManager - Closing JPA EntityManager [SessionImpl(200659215<open>)] after transaction
2026-03-16 17:02:52 [http-nio-8080-exec-5] DEBUG o.s.orm.jpa.JpaTransactionManager - Initiating transaction commit
2026-03-16 17:02:52 [http-nio-8080-exec-16] DEBUG c.c.p.s.jwt.JwtAuthenticationFilter - >>> [JwtFilter] Successfully authenticated user: USRCNFRM_99999999999, Authorities: [ROLE_ADMIN]
2026-03-16 17:02:52 [http-nio-8080-exec-5] DEBUG o.s.orm.jpa.JpaTransactionManager - Committing JPA transaction on EntityManager [SessionImpl(654783096<open>)]
2026-03-16 17:02:52 [http-nio-8080-exec-16] DEBUG o.s.web.servlet.DispatcherServlet - GET "/api/v1/menu/head", parameters={}
2026-03-16 17:02:52 [http-nio-8080-exec-16] TRACE o.s.w.s.m.m.a.RequestMappingHandlerMapping - Mapped to com.company.project.api.controller.menu.MenuController#getHeadMenu()
2026-03-16 17:02:52 [http-nio-8080-exec-16] INFO  c.c.p.a.c.menu.MenuController - getHeadMenu called
2026-03-16 17:02:52 [http-nio-8080-exec-16] INFO  c.c.p.a.c.menu.MenuController - getHeadMenu returned 5 items
2026-03-16 17:02:52 [http-nio-8080-exec-16] DEBUG o.s.w.s.m.m.a.HttpEntityMethodProcessor - Using 'application/json', given [application/json, text/plain, */*] and supported [application/json, application/*+json, application/yaml]
2026-03-16 17:02:52 [http-nio-8080-exec-16] TRACE o.s.w.s.m.m.a.HttpEntityMethodProcessor - Writing [ApiResponse[success=true, status=200, code=COMMON_001, message=Success, data={list=[com.company.project.service.menu.dto.MenuDto@2b80d6b0, com.company.project.service.menu.dto.MenuDto@1418cfa3, com.company.project.service.menu.dto.MenuDto@f230bf1, com.company.project.service.menu.dto.MenuDto@734a7f6a, com.company.project.service.menu.dto.MenuDto@5e5202e5]}, timestamp=2026-03-16T17:02:52.757662]]
2026-03-16 17:02:52 [http-nio-8080-exec-16] INFO  c.c.p.a.i.OperationalAuditInterceptor - API Audit Log: URL=/api/v1/menu/head, User=webmaster, IP=127.0.0.1
2026-03-16 17:02:52 [http-nio-8080-exec-16] DEBUG o.s.web.servlet.DispatcherServlet - Completed 200 OK
2026-03-16 17:02:52 [http-nio-8080-exec-10] DEBUG o.s.orm.jpa.JpaTransactionManager - Initiating transaction commit
2026-03-16 17:02:52 [http-nio-8080-exec-10] DEBUG o.s.orm.jpa.JpaTransactionManager - Committing JPA transaction on EntityManager [SessionImpl(1912846293<open>)]
2026-03-16 17:02:52 [http-nio-8080-exec-18] DEBUG o.s.orm.jpa.JpaTransactionManager - Closing JPA EntityManager [SessionImpl(465643815<open>)] after transaction
2026-03-16 17:02:52 [http-nio-8080-exec-18] INFO  c.c.p.a.c.menu.MenuController - getLeftMenu returned 3 items
2026-03-16 17:02:52 [http-nio-8080-exec-18] DEBUG o.s.w.s.m.m.a.HttpEntityMethodProcessor - Using 'application/json', given [application/json, text/plain, */*] and supported [application/json, application/*+json, application/yaml]
2026-03-16 17:02:52 [http-nio-8080-exec-18] TRACE o.s.w.s.m.m.a.HttpEntityMethodProcessor - Writing [ApiResponse[success=true, status=200, code=COMMON_001, message=Success, data={list=[com.company.project.service.menu.dto.MenuDto@da4427c, com.company.project.service.menu.dto.MenuDto@54461f4f, com.company.project.service.menu.dto.MenuDto@1f5046b4]}, timestamp=2026-03-16T17:02:52.891767500]]
2026-03-16 17:02:52 [http-nio-8080-exec-18] INFO  c.c.p.a.i.OperationalAuditInterceptor - API Audit Log: URL=/api/v1/menu/left, User=webmaster, IP=127.0.0.1
2026-03-16 17:02:52 [http-nio-8080-exec-18] DEBUG o.s.web.servlet.DispatcherServlet - Completed 200 OK
2026-03-16 17:02:52 [http-nio-8080-exec-5] DEBUG o.s.orm.jpa.JpaTransactionManager - Closing JPA EntityManager [SessionImpl(654783096<open>)] after transaction
2026-03-16 17:02:52 [http-nio-8080-exec-5] DEBUG c.c.p.s.jwt.JwtAuthenticationFilter - >>> [JwtFilter] Successfully authenticated user: USRCNFRM_99999999999, Authorities: [ROLE_ADMIN]
2026-03-16 17:02:52 [http-nio-8080-exec-5] DEBUG o.s.web.servlet.DispatcherServlet - GET "/api/v1/auth/me", parameters={}
2026-03-16 17:02:52 [http-nio-8080-exec-5] TRACE o.s.w.s.m.m.a.RequestMappingHandlerMapping - Mapped to com.company.project.api.auth.AuthController#getCurrentUser()
2026-03-16 17:02:52 [http-nio-8080-exec-5] DEBUG o.s.w.s.m.m.a.RequestResponseBodyMethodProcessor - Using 'application/json', given [application/json, text/plain, */*] and supported [application/json, application/*+json, application/yaml]
2026-03-16 17:02:52 [http-nio-8080-exec-5] TRACE o.s.w.s.m.m.a.RequestResponseBodyMethodProcessor - Writing [ApiResponse[success=true, status=200, code=COMMON_001, message=Success, data={role=ROLE_ADMIN, userSe=EMP, name=관리자, id=webmaster}, timestamp=2026-03-16T17:02:52.908058100]]
2026-03-16 17:02:52 [http-nio-8080-exec-5] INFO  c.c.p.a.i.OperationalAuditInterceptor - API Audit Log: URL=/api/v1/auth/me, User=webmaster, IP=127.0.0.1
2026-03-16 17:02:52 [http-nio-8080-exec-5] DEBUG o.s.web.servlet.DispatcherServlet - Completed 200 OK
2026-03-16 17:02:52 [http-nio-8080-exec-10] DEBUG o.s.orm.jpa.JpaTransactionManager - Closing JPA EntityManager [SessionImpl(1912846293<open>)] after transaction
2026-03-16 17:02:52 [http-nio-8080-exec-10] DEBUG c.c.p.s.jwt.JwtAuthenticationFilter - >>> [JwtFilter] Successfully authenticated user: USRCNFRM_99999999999, Authorities: [ROLE_ADMIN]
2026-03-16 17:02:52 [http-nio-8080-exec-10] DEBUG o.s.web.servlet.DispatcherServlet - GET "/api/v1/menu/left?menuNo=10", parameters={masked}
2026-03-16 17:02:52 [http-nio-8080-exec-10] TRACE o.s.w.s.m.m.a.RequestMappingHandlerMapping - Mapped to com.company.project.api.controller.menu.MenuController#getLeftMenu(Long)
2026-03-16 17:02:52 [http-nio-8080-exec-10] INFO  c.c.p.a.c.menu.MenuController - getLeftMenu called with menuNo=10
2026-03-16 17:02:52 [http-nio-8080-exec-10] DEBUG o.s.orm.jpa.JpaTransactionManager - Creating new transaction with name [com.company.project.service.menu.MenuService.getSubMenus]: PROPAGATION_REQUIRED,ISOLATION_DEFAULT,readOnly
2026-03-16 17:02:52 [http-nio-8080-exec-10] DEBUG o.s.orm.jpa.JpaTransactionManager - Opened new EntityManager [SessionImpl(783935180<open>)] for JPA transaction
2026-03-16 17:02:52 [http-nio-8080-exec-10] DEBUG o.s.orm.jpa.JpaTransactionManager - Exposing JPA transaction as JDBC [org.springframework.orm.jpa.vendor.HibernateJpaDialect$HibernateConnectionHandle@71c08515]
2026-03-16 17:02:52 [http-nio-8080-exec-10] DEBUG org.hibernate.SQL - select m1_0.menu_no,m1_0.menu_dc,m1_0.menu_nm,m1_0.menu_ordr,m1_0.modern_route,m1_0.progrm_file_nm,m1_0.relate_image_nm,m1_0.relate_image_path,m1_0.route_updated_at,m1_0.upper_menu_no from nmenuinfo m1_0 order by m1_0.upper_menu_no,m1_0.menu_ordr
2026-03-16 17:02:53 [http-nio-8080-exec-10] DEBUG o.s.orm.jpa.JpaTransactionManager - Found thread-bound EntityManager [SessionImpl(783935180<open>)] for JPA transaction
2026-03-16 17:02:53 [http-nio-8080-exec-10] DEBUG o.s.orm.jpa.JpaTransactionManager - Participating in existing transaction
2026-03-16 17:02:53 [http-nio-8080-exec-10] DEBUG org.hibernate.SQL - select p1_0.progrm_file_nm,p1_0.progrm_dc,p1_0.progrm_korean_nm,p1_0.progrm_stre_path,p1_0.url from nprogrmlist p1_0
2026-03-16 17:02:53 [http-nio-8080-exec-10] DEBUG o.s.orm.jpa.JpaTransactionManager - Initiating transaction commit
2026-03-16 17:02:53 [http-nio-8080-exec-10] DEBUG o.s.orm.jpa.JpaTransactionManager - Committing JPA transaction on EntityManager [SessionImpl(783935180<open>)]
2026-03-16 17:02:53 [http-nio-8080-exec-10] DEBUG o.s.orm.jpa.JpaTransactionManager - Closing JPA EntityManager [SessionImpl(783935180<open>)] after transaction
2026-03-16 17:02:53 [http-nio-8080-exec-10] INFO  c.c.p.a.c.menu.MenuController - getLeftMenu returned 5 items
2026-03-16 17:02:53 [http-nio-8080-exec-10] DEBUG o.s.w.s.m.m.a.HttpEntityMethodProcessor - Using 'application/json', given [application/json, text/plain, */*] and supported [application/json, application/*+json, application/yaml]
2026-03-16 17:02:53 [http-nio-8080-exec-10] TRACE o.s.w.s.m.m.a.HttpEntityMethodProcessor - Writing [ApiResponse[success=true, status=200, code=COMMON_001, message=Success, data={list=[com.company.project.service.menu.dto.MenuDto@361b4679, com.company.project.service.menu.dto.MenuDto@256276af, com.company.project.service.menu.dto.MenuDto@4a57fb42, com.company.project.service.menu.dto.MenuDto@f842829, com.company.project.service.menu.dto.MenuDto@63408f2e]}, timestamp=2026-03-16T17:02:53.568294800]]
2026-03-16 17:02:53 [http-nio-8080-exec-10] INFO  c.c.p.a.i.OperationalAuditInterceptor - API Audit Log: URL=/api/v1/menu/left, User=webmaster, IP=127.0.0.1
2026-03-16 17:02:53 [http-nio-8080-exec-10] DEBUG o.s.web.servlet.DispatcherServlet - Completed 200 OK
2026-03-16 17:02:54 [http-nio-8080-exec-17] DEBUG c.c.p.s.jwt.JwtAuthenticationFilter - >>> [JwtFilter] Processing request: GET /api/v1/menu/head
2026-03-16 17:02:54 [http-nio-8080-exec-17] DEBUG c.c.p.s.jwt.JwtAuthenticationFilter - >>> [JwtFilter] Found token in header for path: /api/v1/menu/head
2026-03-16 17:02:54 [http-nio-8080-exec-17] DEBUG o.s.orm.jpa.JpaTransactionManager - Creating new transaction with name [com.company.project.security.iam.CustomUserDetailsService.loadUserByUsername]: PROPAGATION_REQUIRED,ISOLATION_DEFAULT,readOnly
2026-03-16 17:02:54 [http-nio-8080-exec-17] DEBUG o.s.orm.jpa.JpaTransactionManager - Opened new EntityManager [SessionImpl(1069460352<open>)] for JPA transaction
2026-03-16 17:02:55 [http-nio-8080-exec-17] DEBUG o.s.orm.jpa.JpaTransactionManager - Exposing JPA transaction as JDBC [org.springframework.orm.jpa.vendor.HibernateJpaDialect$HibernateConnectionHandle@44c6fe4]
2026-03-16 17:02:55 [http-nio-8080-exec-17] DEBUG o.s.orm.jpa.JpaTransactionManager - Found thread-bound EntityManager [SessionImpl(1069460352<open>)] for JPA transaction
2026-03-16 17:02:55 [http-nio-8080-exec-17] DEBUG o.s.orm.jpa.JpaTransactionManager - Participating in existing transaction
2026-03-16 17:02:55 [http-nio-8080-exec-17] DEBUG org.hibernate.SQL - select u1_0.emplyr_id,u1_0.area_no,u1_0.brthdy,u1_0.chg_pwd_cnt,u1_0.frst_register_id,u1_0.frst_regist_pnttm,u1_0.detail_adres,u1_0.email_adres,u1_0.emplyr_sttus_code,u1_0.empl_no,u1_0.esntl_id,u1_0.fxnum,u1_0.group_id,u1_0.house_adres,u1_0.house_end_telno,u1_0.house_middle_telno,u1_0.ihidnum,u1_0.pstinst_code,u1_0.last_updusr_id,u1_0.last_updt_pnttm,u1_0.lock_at,u1_0.lock_cnt,u1_0.lock_last_pnttm,u1_0.mbtlnum,u1_0.ofcps_nm,u1_0.offm_telno,u1_0.orgnzt_id,u1_0.password,u1_0.password_cnsr,u1_0.password_hint,u1_0.chg_pwd_last_pnttm,u1_0.role,u1_0.sbscrb_de,u1_0.sexdstn_code,u1_0.crtfc_dn_value,u1_0.user_nm,u1_0.zip from nemplyrinfo u1_0 where u1_0.emplyr_id=?
2026-03-16 17:02:55 [http-nio-8080-exec-17] DEBUG o.s.orm.jpa.JpaTransactionManager - Found thread-bound EntityManager [SessionImpl(1069460352<open>)] for JPA transaction
2026-03-16 17:02:55 [http-nio-8080-exec-17] DEBUG o.s.orm.jpa.JpaTransactionManager - Participating in existing transaction
2026-03-16 17:02:55 [http-nio-8080-exec-17] DEBUG org.hibernate.SQL - select ua1_0.scrty_dtrmn_trget_id,ua1_0.author_code,ua1_0.frst_register_id,ua1_0.frst_regist_pnttm,ua1_0.last_updusr_id,ua1_0.last_updt_pnttm,ua1_0.mber_ty_code from nemplyrscrtyestbs ua1_0 where ua1_0.scrty_dtrmn_trget_id=?
2026-03-16 17:02:55 [http-nio-8080-exec-17] DEBUG o.s.orm.jpa.JpaTransactionManager - Initiating transaction commit
2026-03-16 17:02:55 [http-nio-8080-exec-17] DEBUG o.s.orm.jpa.JpaTransactionManager - Committing JPA transaction on EntityManager [SessionImpl(1069460352<open>)]
2026-03-16 17:02:55 [http-nio-8080-exec-17] DEBUG o.s.orm.jpa.JpaTransactionManager - Closing JPA EntityManager [SessionImpl(1069460352<open>)] after transaction
2026-03-16 17:02:55 [http-nio-8080-exec-17] DEBUG c.c.p.s.jwt.JwtAuthenticationFilter - >>> [JwtFilter] Successfully authenticated user: USRCNFRM_99999999999, Authorities: [ROLE_ADMIN]
2026-03-16 17:02:55 [http-nio-8080-exec-17] DEBUG o.s.web.servlet.DispatcherServlet - GET "/api/v1/menu/head", parameters={}
2026-03-16 17:02:55 [http-nio-8080-exec-17] TRACE o.s.w.s.m.m.a.RequestMappingHandlerMapping - Mapped to com.company.project.api.controller.menu.MenuController#getHeadMenu()
2026-03-16 17:02:55 [http-nio-8080-exec-17] INFO  c.c.p.a.c.menu.MenuController - getHeadMenu called
2026-03-16 17:02:55 [http-nio-8080-exec-17] INFO  c.c.p.a.c.menu.MenuController - getHeadMenu returned 5 items
2026-03-16 17:02:55 [http-nio-8080-exec-17] DEBUG o.s.w.s.m.m.a.HttpEntityMethodProcessor - Using 'application/json', given [application/json, text/plain, */*] and supported [application/json, application/*+json, application/yaml]
2026-03-16 17:02:55 [http-nio-8080-exec-17] TRACE o.s.w.s.m.m.a.HttpEntityMethodProcessor - Writing [ApiResponse[success=true, status=200, code=COMMON_001, message=Success, data={list=[com.company.project.service.menu.dto.MenuDto@2b80d6b0, com.company.project.service.menu.dto.MenuDto@1418cfa3, com.company.project.service.menu.dto.MenuDto@f230bf1, com.company.project.service.menu.dto.MenuDto@734a7f6a, com.company.project.service.menu.dto.MenuDto@5e5202e5]}, timestamp=2026-03-16T17:02:55.507295600]]
2026-03-16 17:02:55 [http-nio-8080-exec-17] INFO  c.c.p.a.i.OperationalAuditInterceptor - API Audit Log: URL=/api/v1/menu/head, User=webmaster, IP=0:0:0:0:0:0:0:1
2026-03-16 17:02:55 [http-nio-8080-exec-17] DEBUG o.s.web.servlet.DispatcherServlet - Completed 200 OK
2026-03-16 17:02:55 [http-nio-8080-exec-6] DEBUG c.c.p.s.jwt.JwtAuthenticationFilter - >>> [JwtFilter] Processing request: GET /api/v1/menu/left
2026-03-16 17:02:55 [http-nio-8080-exec-7] DEBUG c.c.p.s.jwt.JwtAuthenticationFilter - >>> [JwtFilter] Processing request: GET /api/v1/menu/left
2026-03-16 17:02:55 [http-nio-8080-exec-6] DEBUG c.c.p.s.jwt.JwtAuthenticationFilter - >>> [JwtFilter] Found token in header for path: /api/v1/menu/left
2026-03-16 17:02:55 [http-nio-8080-exec-13] DEBUG c.c.p.s.jwt.JwtAuthenticationFilter - >>> [JwtFilter] Processing request: GET /api/v1/menu/left
2026-03-16 17:02:55 [http-nio-8080-exec-12] DEBUG c.c.p.s.jwt.JwtAuthenticationFilter - >>> [JwtFilter] Processing request: GET /api/v1/menu/left
2026-03-16 17:02:55 [http-nio-8080-exec-11] DEBUG c.c.p.s.jwt.JwtAuthenticationFilter - >>> [JwtFilter] Processing request: GET /api/v1/menu/left
2026-03-16 17:02:55 [http-nio-8080-exec-12] DEBUG c.c.p.s.jwt.JwtAuthenticationFilter - >>> [JwtFilter] Found token in header for path: /api/v1/menu/left
2026-03-16 17:02:55 [http-nio-8080-exec-7] DEBUG c.c.p.s.jwt.JwtAuthenticationFilter - >>> [JwtFilter] Found token in header for path: /api/v1/menu/left
2026-03-16 17:02:55 [http-nio-8080-exec-13] DEBUG c.c.p.s.jwt.JwtAuthenticationFilter - >>> [JwtFilter] Found token in header for path: /api/v1/menu/left
2026-03-16 17:02:55 [http-nio-8080-exec-11] DEBUG c.c.p.s.jwt.JwtAuthenticationFilter - >>> [JwtFilter] Found token in header for path: /api/v1/menu/left
2026-03-16 17:02:55 [http-nio-8080-exec-6] DEBUG o.s.orm.jpa.JpaTransactionManager - Creating new transaction with name [com.company.project.security.iam.CustomUserDetailsService.loadUserByUsername]: PROPAGATION_REQUIRED,ISOLATION_DEFAULT,readOnly
2026-03-16 17:02:55 [http-nio-8080-exec-13] DEBUG o.s.orm.jpa.JpaTransactionManager - Creating new transaction with name [com.company.project.security.iam.CustomUserDetailsService.loadUserByUsername]: PROPAGATION_REQUIRED,ISOLATION_DEFAULT,readOnly
2026-03-16 17:02:55 [http-nio-8080-exec-6] DEBUG o.s.orm.jpa.JpaTransactionManager - Opened new EntityManager [SessionImpl(1300321621<open>)] for JPA transaction
2026-03-16 17:02:55 [http-nio-8080-exec-13] DEBUG o.s.orm.jpa.JpaTransactionManager - Opened new EntityManager [SessionImpl(1888068566<open>)] for JPA transaction
2026-03-16 17:02:55 [http-nio-8080-exec-11] DEBUG o.s.orm.jpa.JpaTransactionManager - Creating new transaction with name [com.company.project.security.iam.CustomUserDetailsService.loadUserByUsername]: PROPAGATION_REQUIRED,ISOLATION_DEFAULT,readOnly
2026-03-16 17:02:55 [http-nio-8080-exec-13] DEBUG o.s.orm.jpa.JpaTransactionManager - Exposing JPA transaction as JDBC [org.springframework.orm.jpa.vendor.HibernateJpaDialect$HibernateConnectionHandle@e8d50c7]
2026-03-16 17:02:55 [http-nio-8080-exec-12] DEBUG o.s.orm.jpa.JpaTransactionManager - Creating new transaction with name [com.company.project.security.iam.CustomUserDetailsService.loadUserByUsername]: PROPAGATION_REQUIRED,ISOLATION_DEFAULT,readOnly
2026-03-16 17:02:55 [http-nio-8080-exec-7] DEBUG o.s.orm.jpa.JpaTransactionManager - Creating new transaction with name [com.company.project.security.iam.CustomUserDetailsService.loadUserByUsername]: PROPAGATION_REQUIRED,ISOLATION_DEFAULT,readOnly
2026-03-16 17:02:55 [http-nio-8080-exec-11] DEBUG o.s.orm.jpa.JpaTransactionManager - Opened new EntityManager [SessionImpl(1319321536<open>)] for JPA transaction
2026-03-16 17:02:55 [http-nio-8080-exec-12] DEBUG o.s.orm.jpa.JpaTransactionManager - Opened new EntityManager [SessionImpl(558105183<open>)] for JPA transaction
2026-03-16 17:02:55 [http-nio-8080-exec-7] DEBUG o.s.orm.jpa.JpaTransactionManager - Opened new EntityManager [SessionImpl(1068072139<open>)] for JPA transaction
2026-03-16 17:02:55 [http-nio-8080-exec-13] DEBUG o.s.orm.jpa.JpaTransactionManager - Found thread-bound EntityManager [SessionImpl(1888068566<open>)] for JPA transaction
2026-03-16 17:02:55 [http-nio-8080-exec-13] DEBUG o.s.orm.jpa.JpaTransactionManager - Participating in existing transaction
2026-03-16 17:02:55 [http-nio-8080-exec-13] DEBUG org.hibernate.SQL - select u1_0.emplyr_id,u1_0.area_no,u1_0.brthdy,u1_0.chg_pwd_cnt,u1_0.frst_register_id,u1_0.frst_regist_pnttm,u1_0.detail_adres,u1_0.email_adres,u1_0.emplyr_sttus_code,u1_0.empl_no,u1_0.esntl_id,u1_0.fxnum,u1_0.group_id,u1_0.house_adres,u1_0.house_end_telno,u1_0.house_middle_telno,u1_0.ihidnum,u1_0.pstinst_code,u1_0.last_updusr_id,u1_0.last_updt_pnttm,u1_0.lock_at,u1_0.lock_cnt,u1_0.lock_last_pnttm,u1_0.mbtlnum,u1_0.ofcps_nm,u1_0.offm_telno,u1_0.orgnzt_id,u1_0.password,u1_0.password_cnsr,u1_0.password_hint,u1_0.chg_pwd_last_pnttm,u1_0.role,u1_0.sbscrb_de,u1_0.sexdstn_code,u1_0.crtfc_dn_value,u1_0.user_nm,u1_0.zip from nemplyrinfo u1_0 where u1_0.emplyr_id=?
2026-03-16 17:02:55 [http-nio-8080-exec-11] DEBUG o.s.orm.jpa.JpaTransactionManager - Exposing JPA transaction as JDBC [org.springframework.orm.jpa.vendor.HibernateJpaDialect$HibernateConnectionHandle@74a3cbdc]
2026-03-16 17:02:55 [http-nio-8080-exec-12] DEBUG o.s.orm.jpa.JpaTransactionManager - Exposing JPA transaction as JDBC [org.springframework.orm.jpa.vendor.HibernateJpaDialect$HibernateConnectionHandle@5bc745a4]
2026-03-16 17:02:55 [http-nio-8080-exec-7] DEBUG o.s.orm.jpa.JpaTransactionManager - Exposing JPA transaction as JDBC [org.springframework.orm.jpa.vendor.HibernateJpaDialect$HibernateConnectionHandle@41dffc3d]
2026-03-16 17:02:55 [http-nio-8080-exec-11] DEBUG o.s.orm.jpa.JpaTransactionManager - Found thread-bound EntityManager [SessionImpl(1319321536<open>)] for JPA transaction
2026-03-16 17:02:55 [http-nio-8080-exec-12] DEBUG o.s.orm.jpa.JpaTransactionManager - Found thread-bound EntityManager [SessionImpl(558105183<open>)] for JPA transaction
2026-03-16 17:02:55 [http-nio-8080-exec-12] DEBUG o.s.orm.jpa.JpaTransactionManager - Participating in existing transaction
2026-03-16 17:02:55 [http-nio-8080-exec-7] DEBUG o.s.orm.jpa.JpaTransactionManager - Found thread-bound EntityManager [SessionImpl(1068072139<open>)] for JPA transaction
2026-03-16 17:02:55 [http-nio-8080-exec-7] DEBUG o.s.orm.jpa.JpaTransactionManager - Participating in existing transaction
2026-03-16 17:02:55 [http-nio-8080-exec-11] DEBUG o.s.orm.jpa.JpaTransactionManager - Participating in existing transaction
2026-03-16 17:02:55 [http-nio-8080-exec-7] DEBUG org.hibernate.SQL - select u1_0.emplyr_id,u1_0.area_no,u1_0.brthdy,u1_0.chg_pwd_cnt,u1_0.frst_register_id,u1_0.frst_regist_pnttm,u1_0.detail_adres,u1_0.email_adres,u1_0.emplyr_sttus_code,u1_0.empl_no,u1_0.esntl_id,u1_0.fxnum,u1_0.group_id,u1_0.house_adres,u1_0.house_end_telno,u1_0.house_middle_telno,u1_0.ihidnum,u1_0.pstinst_code,u1_0.last_updusr_id,u1_0.last_updt_pnttm,u1_0.lock_at,u1_0.lock_cnt,u1_0.lock_last_pnttm,u1_0.mbtlnum,u1_0.ofcps_nm,u1_0.offm_telno,u1_0.orgnzt_id,u1_0.password,u1_0.password_cnsr,u1_0.password_hint,u1_0.chg_pwd_last_pnttm,u1_0.role,u1_0.sbscrb_de,u1_0.sexdstn_code,u1_0.crtfc_dn_value,u1_0.user_nm,u1_0.zip from nemplyrinfo u1_0 where u1_0.emplyr_id=?
2026-03-16 17:02:55 [http-nio-8080-exec-12] DEBUG org.hibernate.SQL - select u1_0.emplyr_id,u1_0.area_no,u1_0.brthdy,u1_0.chg_pwd_cnt,u1_0.frst_register_id,u1_0.frst_regist_pnttm,u1_0.detail_adres,u1_0.email_adres,u1_0.emplyr_sttus_code,u1_0.empl_no,u1_0.esntl_id,u1_0.fxnum,u1_0.group_id,u1_0.house_adres,u1_0.house_end_telno,u1_0.house_middle_telno,u1_0.ihidnum,u1_0.pstinst_code,u1_0.last_updusr_id,u1_0.last_updt_pnttm,u1_0.lock_at,u1_0.lock_cnt,u1_0.lock_last_pnttm,u1_0.mbtlnum,u1_0.ofcps_nm,u1_0.offm_telno,u1_0.orgnzt_id,u1_0.password,u1_0.password_cnsr,u1_0.password_hint,u1_0.chg_pwd_last_pnttm,u1_0.role,u1_0.sbscrb_de,u1_0.sexdstn_code,u1_0.crtfc_dn_value,u1_0.user_nm,u1_0.zip from nemplyrinfo u1_0 where u1_0.emplyr_id=?
2026-03-16 17:02:55 [http-nio-8080-exec-11] DEBUG org.hibernate.SQL - select u1_0.emplyr_id,u1_0.area_no,u1_0.brthdy,u1_0.chg_pwd_cnt,u1_0.frst_register_id,u1_0.frst_regist_pnttm,u1_0.detail_adres,u1_0.email_adres,u1_0.emplyr_sttus_code,u1_0.empl_no,u1_0.esntl_id,u1_0.fxnum,u1_0.group_id,u1_0.house_adres,u1_0.house_end_telno,u1_0.house_middle_telno,u1_0.ihidnum,u1_0.pstinst_code,u1_0.last_updusr_id,u1_0.last_updt_pnttm,u1_0.lock_at,u1_0.lock_cnt,u1_0.lock_last_pnttm,u1_0.mbtlnum,u1_0.ofcps_nm,u1_0.offm_telno,u1_0.orgnzt_id,u1_0.password,u1_0.password_cnsr,u1_0.password_hint,u1_0.chg_pwd_last_pnttm,u1_0.role,u1_0.sbscrb_de,u1_0.sexdstn_code,u1_0.crtfc_dn_value,u1_0.user_nm,u1_0.zip from nemplyrinfo u1_0 where u1_0.emplyr_id=?
2026-03-16 17:02:55 [http-nio-8080-exec-6] DEBUG o.s.orm.jpa.JpaTransactionManager - Exposing JPA transaction as JDBC [org.springframework.orm.jpa.vendor.HibernateJpaDialect$HibernateConnectionHandle@114e38]
2026-03-16 17:02:55 [http-nio-8080-exec-6] DEBUG o.s.orm.jpa.JpaTransactionManager - Found thread-bound EntityManager [SessionImpl(1300321621<open>)] for JPA transaction
2026-03-16 17:02:55 [http-nio-8080-exec-6] DEBUG o.s.orm.jpa.JpaTransactionManager - Participating in existing transaction
2026-03-16 17:02:55 [http-nio-8080-exec-6] DEBUG org.hibernate.SQL - select u1_0.emplyr_id,u1_0.area_no,u1_0.brthdy,u1_0.chg_pwd_cnt,u1_0.frst_register_id,u1_0.frst_regist_pnttm,u1_0.detail_adres,u1_0.email_adres,u1_0.emplyr_sttus_code,u1_0.empl_no,u1_0.esntl_id,u1_0.fxnum,u1_0.group_id,u1_0.house_adres,u1_0.house_end_telno,u1_0.house_middle_telno,u1_0.ihidnum,u1_0.pstinst_code,u1_0.last_updusr_id,u1_0.last_updt_pnttm,u1_0.lock_at,u1_0.lock_cnt,u1_0.lock_last_pnttm,u1_0.mbtlnum,u1_0.ofcps_nm,u1_0.offm_telno,u1_0.orgnzt_id,u1_0.password,u1_0.password_cnsr,u1_0.password_hint,u1_0.chg_pwd_last_pnttm,u1_0.role,u1_0.sbscrb_de,u1_0.sexdstn_code,u1_0.crtfc_dn_value,u1_0.user_nm,u1_0.zip from nemplyrinfo u1_0 where u1_0.emplyr_id=?
2026-03-16 17:02:55 [http-nio-8080-exec-13] DEBUG o.s.orm.jpa.JpaTransactionManager - Found thread-bound EntityManager [SessionImpl(1888068566<open>)] for JPA transaction
2026-03-16 17:02:55 [http-nio-8080-exec-13] DEBUG o.s.orm.jpa.JpaTransactionManager - Participating in existing transaction
2026-03-16 17:02:55 [http-nio-8080-exec-13] DEBUG org.hibernate.SQL - select ua1_0.scrty_dtrmn_trget_id,ua1_0.author_code,ua1_0.frst_register_id,ua1_0.frst_regist_pnttm,ua1_0.last_updusr_id,ua1_0.last_updt_pnttm,ua1_0.mber_ty_code from nemplyrscrtyestbs ua1_0 where ua1_0.scrty_dtrmn_trget_id=?
2026-03-16 17:02:55 [http-nio-8080-exec-7] DEBUG o.s.orm.jpa.JpaTransactionManager - Found thread-bound EntityManager [SessionImpl(1068072139<open>)] for JPA transaction
2026-03-16 17:02:55 [http-nio-8080-exec-12] DEBUG o.s.orm.jpa.JpaTransactionManager - Found thread-bound EntityManager [SessionImpl(558105183<open>)] for JPA transaction
2026-03-16 17:02:55 [http-nio-8080-exec-7] DEBUG o.s.orm.jpa.JpaTransactionManager - Participating in existing transaction
2026-03-16 17:02:55 [http-nio-8080-exec-11] DEBUG o.s.orm.jpa.JpaTransactionManager - Found thread-bound EntityManager [SessionImpl(1319321536<open>)] for JPA transaction
2026-03-16 17:02:55 [http-nio-8080-exec-12] DEBUG o.s.orm.jpa.JpaTransactionManager - Participating in existing transaction
2026-03-16 17:02:55 [http-nio-8080-exec-7] DEBUG org.hibernate.SQL - select ua1_0.scrty_dtrmn_trget_id,ua1_0.author_code,ua1_0.frst_register_id,ua1_0.frst_regist_pnttm,ua1_0.last_updusr_id,ua1_0.last_updt_pnttm,ua1_0.mber_ty_code from nemplyrscrtyestbs ua1_0 where ua1_0.scrty_dtrmn_trget_id=?
2026-03-16 17:02:55 [http-nio-8080-exec-11] DEBUG o.s.orm.jpa.JpaTransactionManager - Participating in existing transaction
2026-03-16 17:02:55 [http-nio-8080-exec-12] DEBUG org.hibernate.SQL - select ua1_0.scrty_dtrmn_trget_id,ua1_0.author_code,ua1_0.frst_register_id,ua1_0.frst_regist_pnttm,ua1_0.last_updusr_id,ua1_0.last_updt_pnttm,ua1_0.mber_ty_code from nemplyrscrtyestbs ua1_0 where ua1_0.scrty_dtrmn_trget_id=?
2026-03-16 17:02:55 [http-nio-8080-exec-11] DEBUG org.hibernate.SQL - select ua1_0.scrty_dtrmn_trget_id,ua1_0.author_code,ua1_0.frst_register_id,ua1_0.frst_regist_pnttm,ua1_0.last_updusr_id,ua1_0.last_updt_pnttm,ua1_0.mber_ty_code from nemplyrscrtyestbs ua1_0 where ua1_0.scrty_dtrmn_trget_id=?
2026-03-16 17:02:55 [http-nio-8080-exec-6] DEBUG o.s.orm.jpa.JpaTransactionManager - Found thread-bound EntityManager [SessionImpl(1300321621<open>)] for JPA transaction
2026-03-16 17:02:55 [http-nio-8080-exec-6] DEBUG o.s.orm.jpa.JpaTransactionManager - Participating in existing transaction
2026-03-16 17:02:55 [http-nio-8080-exec-6] DEBUG org.hibernate.SQL - select ua1_0.scrty_dtrmn_trget_id,ua1_0.author_code,ua1_0.frst_register_id,ua1_0.frst_regist_pnttm,ua1_0.last_updusr_id,ua1_0.last_updt_pnttm,ua1_0.mber_ty_code from nemplyrscrtyestbs ua1_0 where ua1_0.scrty_dtrmn_trget_id=?
2026-03-16 17:02:55 [http-nio-8080-exec-13] DEBUG o.s.orm.jpa.JpaTransactionManager - Initiating transaction commit
2026-03-16 17:02:55 [http-nio-8080-exec-13] DEBUG o.s.orm.jpa.JpaTransactionManager - Committing JPA transaction on EntityManager [SessionImpl(1888068566<open>)]
2026-03-16 17:02:55 [http-nio-8080-exec-12] DEBUG o.s.orm.jpa.JpaTransactionManager - Initiating transaction commit
2026-03-16 17:02:55 [http-nio-8080-exec-12] DEBUG o.s.orm.jpa.JpaTransactionManager - Committing JPA transaction on EntityManager [SessionImpl(558105183<open>)]
2026-03-16 17:02:55 [http-nio-8080-exec-11] DEBUG o.s.orm.jpa.JpaTransactionManager - Initiating transaction commit
2026-03-16 17:02:55 [http-nio-8080-exec-11] DEBUG o.s.orm.jpa.JpaTransactionManager - Committing JPA transaction on EntityManager [SessionImpl(1319321536<open>)]
2026-03-16 17:02:55 [http-nio-8080-exec-7] DEBUG o.s.orm.jpa.JpaTransactionManager - Initiating transaction commit
2026-03-16 17:02:55 [http-nio-8080-exec-7] DEBUG o.s.orm.jpa.JpaTransactionManager - Committing JPA transaction on EntityManager [SessionImpl(1068072139<open>)]
2026-03-16 17:02:55 [http-nio-8080-exec-13] DEBUG o.s.orm.jpa.JpaTransactionManager - Closing JPA EntityManager [SessionImpl(1888068566<open>)] after transaction
2026-03-16 17:02:55 [http-nio-8080-exec-13] DEBUG c.c.p.s.jwt.JwtAuthenticationFilter - >>> [JwtFilter] Successfully authenticated user: USRCNFRM_99999999999, Authorities: [ROLE_ADMIN]
2026-03-16 17:02:55 [http-nio-8080-exec-6] DEBUG o.s.orm.jpa.JpaTransactionManager - Initiating transaction commit
2026-03-16 17:02:55 [http-nio-8080-exec-6] DEBUG o.s.orm.jpa.JpaTransactionManager - Committing JPA transaction on EntityManager [SessionImpl(1300321621<open>)]
2026-03-16 17:02:55 [http-nio-8080-exec-13] DEBUG o.s.web.servlet.DispatcherServlet - GET "/api/v1/menu/left?menuNo=20", parameters={masked}
2026-03-16 17:02:55 [http-nio-8080-exec-13] TRACE o.s.w.s.m.m.a.RequestMappingHandlerMapping - Mapped to com.company.project.api.controller.menu.MenuController#getLeftMenu(Long)
2026-03-16 17:02:55 [http-nio-8080-exec-13] INFO  c.c.p.a.c.menu.MenuController - getLeftMenu called with menuNo=20
2026-03-16 17:02:55 [http-nio-8080-exec-13] DEBUG o.s.orm.jpa.JpaTransactionManager - Creating new transaction with name [com.company.project.service.menu.MenuService.getSubMenus]: PROPAGATION_REQUIRED,ISOLATION_DEFAULT,readOnly
2026-03-16 17:02:55 [http-nio-8080-exec-13] DEBUG o.s.orm.jpa.JpaTransactionManager - Opened new EntityManager [SessionImpl(1573214688<open>)] for JPA transaction
2026-03-16 17:02:55 [http-nio-8080-exec-13] DEBUG o.s.orm.jpa.JpaTransactionManager - Exposing JPA transaction as JDBC [org.springframework.orm.jpa.vendor.HibernateJpaDialect$HibernateConnectionHandle@2ea92aa6]
2026-03-16 17:02:55 [http-nio-8080-exec-13] DEBUG org.hibernate.SQL - select m1_0.menu_no,m1_0.menu_dc,m1_0.menu_nm,m1_0.menu_ordr,m1_0.modern_route,m1_0.progrm_file_nm,m1_0.relate_image_nm,m1_0.relate_image_path,m1_0.route_updated_at,m1_0.upper_menu_no from nmenuinfo m1_0 order by m1_0.upper_menu_no,m1_0.menu_ordr
2026-03-16 17:02:56 [http-nio-8080-exec-11] DEBUG o.s.orm.jpa.JpaTransactionManager - Closing JPA EntityManager [SessionImpl(1319321536<open>)] after transaction
2026-03-16 17:02:56 [http-nio-8080-exec-11] DEBUG c.c.p.s.jwt.JwtAuthenticationFilter - >>> [JwtFilter] Successfully authenticated user: USRCNFRM_99999999999, Authorities: [ROLE_ADMIN]
2026-03-16 17:02:56 [http-nio-8080-exec-11] DEBUG o.s.web.servlet.DispatcherServlet - GET "/api/v1/menu/left?menuNo=60", parameters={masked}
2026-03-16 17:02:56 [http-nio-8080-exec-11] TRACE o.s.w.s.m.m.a.RequestMappingHandlerMapping - Mapped to com.company.project.api.controller.menu.MenuController#getLeftMenu(Long)
2026-03-16 17:02:56 [http-nio-8080-exec-11] INFO  c.c.p.a.c.menu.MenuController - getLeftMenu called with menuNo=60
2026-03-16 17:02:56 [http-nio-8080-exec-11] DEBUG o.s.orm.jpa.JpaTransactionManager - Creating new transaction with name [com.company.project.service.menu.MenuService.getSubMenus]: PROPAGATION_REQUIRED,ISOLATION_DEFAULT,readOnly
2026-03-16 17:02:56 [http-nio-8080-exec-11] DEBUG o.s.orm.jpa.JpaTransactionManager - Opened new EntityManager [SessionImpl(363731888<open>)] for JPA transaction
2026-03-16 17:02:56 [http-nio-8080-exec-11] DEBUG o.s.orm.jpa.JpaTransactionManager - Exposing JPA transaction as JDBC [org.springframework.orm.jpa.vendor.HibernateJpaDialect$HibernateConnectionHandle@54c9aa34]
2026-03-16 17:02:56 [http-nio-8080-exec-11] DEBUG org.hibernate.SQL - select m1_0.menu_no,m1_0.menu_dc,m1_0.menu_nm,m1_0.menu_ordr,m1_0.modern_route,m1_0.progrm_file_nm,m1_0.relate_image_nm,m1_0.relate_image_path,m1_0.route_updated_at,m1_0.upper_menu_no from nmenuinfo m1_0 order by m1_0.upper_menu_no,m1_0.menu_ordr
2026-03-16 17:02:56 [http-nio-8080-exec-12] DEBUG o.s.orm.jpa.JpaTransactionManager - Closing JPA EntityManager [SessionImpl(558105183<open>)] after transaction
2026-03-16 17:02:56 [http-nio-8080-exec-12] DEBUG c.c.p.s.jwt.JwtAuthenticationFilter - >>> [JwtFilter] Successfully authenticated user: USRCNFRM_99999999999, Authorities: [ROLE_ADMIN]
2026-03-16 17:02:56 [http-nio-8080-exec-7] DEBUG o.s.orm.jpa.JpaTransactionManager - Closing JPA EntityManager [SessionImpl(1068072139<open>)] after transaction
2026-03-16 17:02:56 [http-nio-8080-exec-12] DEBUG o.s.web.servlet.DispatcherServlet - GET "/api/v1/menu/left?menuNo=40", parameters={masked}
2026-03-16 17:02:56 [http-nio-8080-exec-7] DEBUG c.c.p.s.jwt.JwtAuthenticationFilter - >>> [JwtFilter] Successfully authenticated user: USRCNFRM_99999999999, Authorities: [ROLE_ADMIN]
2026-03-16 17:02:56 [http-nio-8080-exec-12] TRACE o.s.w.s.m.m.a.RequestMappingHandlerMapping - Mapped to com.company.project.api.controller.menu.MenuController#getLeftMenu(Long)
2026-03-16 17:02:56 [http-nio-8080-exec-12] INFO  c.c.p.a.c.menu.MenuController - getLeftMenu called with menuNo=40
2026-03-16 17:02:56 [http-nio-8080-exec-7] DEBUG o.s.web.servlet.DispatcherServlet - GET "/api/v1/menu/left?menuNo=10", parameters={masked}
2026-03-16 17:02:56 [http-nio-8080-exec-12] DEBUG o.s.orm.jpa.JpaTransactionManager - Creating new transaction with name [com.company.project.service.menu.MenuService.getSubMenus]: PROPAGATION_REQUIRED,ISOLATION_DEFAULT,readOnly
2026-03-16 17:02:56 [http-nio-8080-exec-12] DEBUG o.s.orm.jpa.JpaTransactionManager - Opened new EntityManager [SessionImpl(957727360<open>)] for JPA transaction
2026-03-16 17:02:56 [http-nio-8080-exec-12] DEBUG o.s.orm.jpa.JpaTransactionManager - Exposing JPA transaction as JDBC [org.springframework.orm.jpa.vendor.HibernateJpaDialect$HibernateConnectionHandle@2780602e]
2026-03-16 17:02:56 [http-nio-8080-exec-7] TRACE o.s.w.s.m.m.a.RequestMappingHandlerMapping - Mapped to com.company.project.api.controller.menu.MenuController#getLeftMenu(Long)
2026-03-16 17:02:56 [http-nio-8080-exec-7] INFO  c.c.p.a.c.menu.MenuController - getLeftMenu called with menuNo=10
2026-03-16 17:02:56 [http-nio-8080-exec-7] DEBUG o.s.orm.jpa.JpaTransactionManager - Creating new transaction with name [com.company.project.service.menu.MenuService.getSubMenus]: PROPAGATION_REQUIRED,ISOLATION_DEFAULT,readOnly
2026-03-16 17:02:56 [http-nio-8080-exec-12] DEBUG org.hibernate.SQL - select m1_0.menu_no,m1_0.menu_dc,m1_0.menu_nm,m1_0.menu_ordr,m1_0.modern_route,m1_0.progrm_file_nm,m1_0.relate_image_nm,m1_0.relate_image_path,m1_0.route_updated_at,m1_0.upper_menu_no from nmenuinfo m1_0 order by m1_0.upper_menu_no,m1_0.menu_ordr
2026-03-16 17:02:56 [http-nio-8080-exec-7] DEBUG o.s.orm.jpa.JpaTransactionManager - Opened new EntityManager [SessionImpl(1326873709<open>)] for JPA transaction
2026-03-16 17:02:56 [http-nio-8080-exec-7] DEBUG o.s.orm.jpa.JpaTransactionManager - Exposing JPA transaction as JDBC [org.springframework.orm.jpa.vendor.HibernateJpaDialect$HibernateConnectionHandle@7bafe7a]
2026-03-16 17:02:56 [http-nio-8080-exec-7] DEBUG org.hibernate.SQL - select m1_0.menu_no,m1_0.menu_dc,m1_0.menu_nm,m1_0.menu_ordr,m1_0.modern_route,m1_0.progrm_file_nm,m1_0.relate_image_nm,m1_0.relate_image_path,m1_0.route_updated_at,m1_0.upper_menu_no from nmenuinfo m1_0 order by m1_0.upper_menu_no,m1_0.menu_ordr
2026-03-16 17:02:56 [http-nio-8080-exec-6] DEBUG o.s.orm.jpa.JpaTransactionManager - Closing JPA EntityManager [SessionImpl(1300321621<open>)] after transaction
2026-03-16 17:02:56 [http-nio-8080-exec-6] DEBUG c.c.p.s.jwt.JwtAuthenticationFilter - >>> [JwtFilter] Successfully authenticated user: USRCNFRM_99999999999, Authorities: [ROLE_ADMIN]
2026-03-16 17:02:56 [http-nio-8080-exec-6] DEBUG o.s.web.servlet.DispatcherServlet - GET "/api/v1/menu/left?menuNo=50", parameters={masked}
2026-03-16 17:02:56 [http-nio-8080-exec-6] TRACE o.s.w.s.m.m.a.RequestMappingHandlerMapping - Mapped to com.company.project.api.controller.menu.MenuController#getLeftMenu(Long)
2026-03-16 17:02:56 [http-nio-8080-exec-6] INFO  c.c.p.a.c.menu.MenuController - getLeftMenu called with menuNo=50
2026-03-16 17:02:56 [http-nio-8080-exec-6] DEBUG o.s.orm.jpa.JpaTransactionManager - Creating new transaction with name [com.company.project.service.menu.MenuService.getSubMenus]: PROPAGATION_REQUIRED,ISOLATION_DEFAULT,readOnly
2026-03-16 17:02:56 [http-nio-8080-exec-6] DEBUG o.s.orm.jpa.JpaTransactionManager - Opened new EntityManager [SessionImpl(1376405330<open>)] for JPA transaction
2026-03-16 17:02:56 [http-nio-8080-exec-6] DEBUG o.s.orm.jpa.JpaTransactionManager - Exposing JPA transaction as JDBC [org.springframework.orm.jpa.vendor.HibernateJpaDialect$HibernateConnectionHandle@5d05da47]
2026-03-16 17:02:56 [http-nio-8080-exec-6] DEBUG org.hibernate.SQL - select m1_0.menu_no,m1_0.menu_dc,m1_0.menu_nm,m1_0.menu_ordr,m1_0.modern_route,m1_0.progrm_file_nm,m1_0.relate_image_nm,m1_0.relate_image_path,m1_0.route_updated_at,m1_0.upper_menu_no from nmenuinfo m1_0 order by m1_0.upper_menu_no,m1_0.menu_ordr
2026-03-16 17:02:56 [http-nio-8080-exec-13] DEBUG o.s.orm.jpa.JpaTransactionManager - Found thread-bound EntityManager [SessionImpl(1573214688<open>)] for JPA transaction
2026-03-16 17:02:56 [http-nio-8080-exec-13] DEBUG o.s.orm.jpa.JpaTransactionManager - Participating in existing transaction
2026-03-16 17:02:56 [http-nio-8080-exec-13] DEBUG org.hibernate.SQL - select p1_0.progrm_file_nm,p1_0.progrm_dc,p1_0.progrm_korean_nm,p1_0.progrm_stre_path,p1_0.url from nprogrmlist p1_0
2026-03-16 17:02:56 [http-nio-8080-exec-11] DEBUG o.s.orm.jpa.JpaTransactionManager - Found thread-bound EntityManager [SessionImpl(363731888<open>)] for JPA transaction
2026-03-16 17:02:56 [http-nio-8080-exec-11] DEBUG o.s.orm.jpa.JpaTransactionManager - Participating in existing transaction
2026-03-16 17:02:56 [http-nio-8080-exec-11] DEBUG org.hibernate.SQL - select p1_0.progrm_file_nm,p1_0.progrm_dc,p1_0.progrm_korean_nm,p1_0.progrm_stre_path,p1_0.url from nprogrmlist p1_0
2026-03-16 17:02:56 [http-nio-8080-exec-7] DEBUG o.s.orm.jpa.JpaTransactionManager - Found thread-bound EntityManager [SessionImpl(1326873709<open>)] for JPA transaction
2026-03-16 17:02:56 [http-nio-8080-exec-7] DEBUG o.s.orm.jpa.JpaTransactionManager - Participating in existing transaction
2026-03-16 17:02:56 [http-nio-8080-exec-7] DEBUG org.hibernate.SQL - select p1_0.progrm_file_nm,p1_0.progrm_dc,p1_0.progrm_korean_nm,p1_0.progrm_stre_path,p1_0.url from nprogrmlist p1_0
2026-03-16 17:02:56 [http-nio-8080-exec-12] DEBUG o.s.orm.jpa.JpaTransactionManager - Found thread-bound EntityManager [SessionImpl(957727360<open>)] for JPA transaction
2026-03-16 17:02:56 [http-nio-8080-exec-12] DEBUG o.s.orm.jpa.JpaTransactionManager - Participating in existing transaction
2026-03-16 17:02:56 [http-nio-8080-exec-12] DEBUG org.hibernate.SQL - select p1_0.progrm_file_nm,p1_0.progrm_dc,p1_0.progrm_korean_nm,p1_0.progrm_stre_path,p1_0.url from nprogrmlist p1_0
2026-03-16 17:02:56 [http-nio-8080-exec-6] DEBUG o.s.orm.jpa.JpaTransactionManager - Found thread-bound EntityManager [SessionImpl(1376405330<open>)] for JPA transaction
2026-03-16 17:02:56 [http-nio-8080-exec-6] DEBUG o.s.orm.jpa.JpaTransactionManager - Participating in existing transaction
2026-03-16 17:02:56 [http-nio-8080-exec-6] DEBUG org.hibernate.SQL - select p1_0.progrm_file_nm,p1_0.progrm_dc,p1_0.progrm_korean_nm,p1_0.progrm_stre_path,p1_0.url from nprogrmlist p1_0
2026-03-16 17:02:56 [http-nio-8080-exec-13] DEBUG o.s.orm.jpa.JpaTransactionManager - Initiating transaction commit
2026-03-16 17:02:56 [http-nio-8080-exec-13] DEBUG o.s.orm.jpa.JpaTransactionManager - Committing JPA transaction on EntityManager [SessionImpl(1573214688<open>)]
2026-03-16 17:02:56 [MessageBroker-11] DEBUG o.s.w.s.s.t.h.DefaultSockJsService - Closed 1 sessions: [cz2s22yb]
2026-03-16 17:02:56 [http-nio-8080-exec-11] DEBUG o.s.orm.jpa.JpaTransactionManager - Initiating transaction commit
2026-03-16 17:02:56 [http-nio-8080-exec-11] DEBUG o.s.orm.jpa.JpaTransactionManager - Committing JPA transaction on EntityManager [SessionImpl(363731888<open>)]
2026-03-16 17:02:56 [http-nio-8080-exec-7] DEBUG o.s.orm.jpa.JpaTransactionManager - Initiating transaction commit
2026-03-16 17:02:56 [http-nio-8080-exec-7] DEBUG o.s.orm.jpa.JpaTransactionManager - Committing JPA transaction on EntityManager [SessionImpl(1326873709<open>)]
2026-03-16 17:02:56 [http-nio-8080-exec-12] DEBUG o.s.orm.jpa.JpaTransactionManager - Initiating transaction commit
2026-03-16 17:02:56 [http-nio-8080-exec-12] DEBUG o.s.orm.jpa.JpaTransactionManager - Committing JPA transaction on EntityManager [SessionImpl(957727360<open>)]
2026-03-16 17:02:56 [http-nio-8080-exec-13] DEBUG o.s.orm.jpa.JpaTransactionManager - Closing JPA EntityManager [SessionImpl(1573214688<open>)] after transaction
2026-03-16 17:02:56 [http-nio-8080-exec-13] INFO  c.c.p.a.c.menu.MenuController - getLeftMenu returned 3 items
2026-03-16 17:02:56 [http-nio-8080-exec-13] DEBUG o.s.w.s.m.m.a.HttpEntityMethodProcessor - Using 'application/json', given [application/json, text/plain, */*] and supported [application/json, application/*+json, application/yaml]
2026-03-16 17:02:56 [http-nio-8080-exec-13] TRACE o.s.w.s.m.m.a.HttpEntityMethodProcessor - Writing [ApiResponse[success=true, status=200, code=COMMON_001, message=Success, data={list=[com.company.project.service.menu.dto.MenuDto@2776096a, com.company.project.service.menu.dto.MenuDto@5ce906bd, com.company.project.service.menu.dto.MenuDto@52d82657]}, timestamp=2026-03-16T17:02:56.608360800]]
2026-03-16 17:02:56 [http-nio-8080-exec-6] DEBUG o.s.orm.jpa.JpaTransactionManager - Initiating transaction commit
2026-03-16 17:02:56 [http-nio-8080-exec-6] DEBUG o.s.orm.jpa.JpaTransactionManager - Committing JPA transaction on EntityManager [SessionImpl(1376405330<open>)]
2026-03-16 17:02:56 [http-nio-8080-exec-13] INFO  c.c.p.a.i.OperationalAuditInterceptor - API Audit Log: URL=/api/v1/menu/left, User=webmaster, IP=0:0:0:0:0:0:0:1
2026-03-16 17:02:56 [http-nio-8080-exec-13] DEBUG o.s.web.servlet.DispatcherServlet - Completed 200 OK
2026-03-16 17:02:56 [http-nio-8080-exec-11] DEBUG o.s.orm.jpa.JpaTransactionManager - Closing JPA EntityManager [SessionImpl(363731888<open>)] after transaction
2026-03-16 17:02:56 [http-nio-8080-exec-11] INFO  c.c.p.a.c.menu.MenuController - getLeftMenu returned 1 items
2026-03-16 17:02:56 [http-nio-8080-exec-11] DEBUG o.s.w.s.m.m.a.HttpEntityMethodProcessor - Using 'application/json', given [application/json, text/plain, */*] and supported [application/json, application/*+json, application/yaml]
2026-03-16 17:02:56 [http-nio-8080-exec-11] TRACE o.s.w.s.m.m.a.HttpEntityMethodProcessor - Writing [ApiResponse[success=true, status=200, code=COMMON_001, message=Success, data={list=[com.company.project.service.menu.dto.MenuDto@513d01c7]}, timestamp=2026-03-16T17:02:56.722239800]]
2026-03-16 17:02:56 [http-nio-8080-exec-11] INFO  c.c.p.a.i.OperationalAuditInterceptor - API Audit Log: URL=/api/v1/menu/left, User=webmaster, IP=0:0:0:0:0:0:0:1
2026-03-16 17:02:56 [http-nio-8080-exec-11] DEBUG o.s.web.servlet.DispatcherServlet - Completed 200 OK
2026-03-16 17:02:56 [http-nio-8080-exec-7] DEBUG o.s.orm.jpa.JpaTransactionManager - Closing JPA EntityManager [SessionImpl(1326873709<open>)] after transaction
2026-03-16 17:02:56 [http-nio-8080-exec-12] DEBUG o.s.orm.jpa.JpaTransactionManager - Closing JPA EntityManager [SessionImpl(957727360<open>)] after transaction
2026-03-16 17:02:56 [http-nio-8080-exec-7] INFO  c.c.p.a.c.menu.MenuController - getLeftMenu returned 5 items
2026-03-16 17:02:56 [http-nio-8080-exec-12] INFO  c.c.p.a.c.menu.MenuController - getLeftMenu returned 2 items
2026-03-16 17:02:56 [http-nio-8080-exec-12] DEBUG o.s.w.s.m.m.a.HttpEntityMethodProcessor - Using 'application/json', given [application/json, text/plain, */*] and supported [application/json, application/*+json, application/yaml]
2026-03-16 17:02:56 [http-nio-8080-exec-7] DEBUG o.s.w.s.m.m.a.HttpEntityMethodProcessor - Using 'application/json', given [application/json, text/plain, */*] and supported [application/json, application/*+json, application/yaml]
2026-03-16 17:02:56 [http-nio-8080-exec-12] TRACE o.s.w.s.m.m.a.HttpEntityMethodProcessor - Writing [ApiResponse[success=true, status=200, code=COMMON_001, message=Success, data={list=[com.company.project.service.menu.dto.MenuDto@fe97036, com.company.project.service.menu.dto.MenuDto@282ed0f1]}, timestamp=2026-03-16T17:02:56.731023400]]
2026-03-16 17:02:56 [http-nio-8080-exec-7] TRACE o.s.w.s.m.m.a.HttpEntityMethodProcessor - Writing [ApiResponse[success=true, status=200, code=COMMON_001, message=Success, data={list=[com.company.project.service.menu.dto.MenuDto@268dd000, com.company.project.service.menu.dto.MenuDto@723a60b5, com.company.project.service.menu.dto.MenuDto@2ca3bb75, com.company.project.service.menu.dto.MenuDto@3c220766, com.company.project.service.menu.dto.MenuDto@74e7cd32]}, timestamp=2026-03-16T17:02:56.731023400]]
2026-03-16 17:02:56 [http-nio-8080-exec-12] INFO  c.c.p.a.i.OperationalAuditInterceptor - API Audit Log: URL=/api/v1/menu/left, User=webmaster, IP=0:0:0:0:0:0:0:1
2026-03-16 17:02:56 [http-nio-8080-exec-7] INFO  c.c.p.a.i.OperationalAuditInterceptor - API Audit Log: URL=/api/v1/menu/left, User=webmaster, IP=0:0:0:0:0:0:0:1
2026-03-16 17:02:56 [http-nio-8080-exec-12] DEBUG o.s.web.servlet.DispatcherServlet - Completed 200 OK
2026-03-16 17:02:56 [http-nio-8080-exec-7] DEBUG o.s.web.servlet.DispatcherServlet - Completed 200 OK
2026-03-16 17:02:56 [http-nio-8080-exec-6] DEBUG o.s.orm.jpa.JpaTransactionManager - Closing JPA EntityManager [SessionImpl(1376405330<open>)] after transaction
2026-03-16 17:02:56 [http-nio-8080-exec-6] INFO  c.c.p.a.c.menu.MenuController - getLeftMenu returned 3 items
2026-03-16 17:02:56 [http-nio-8080-exec-6] DEBUG o.s.w.s.m.m.a.HttpEntityMethodProcessor - Using 'application/json', given [application/json, text/plain, */*] and supported [application/json, application/*+json, application/yaml]
2026-03-16 17:02:56 [http-nio-8080-exec-6] TRACE o.s.w.s.m.m.a.HttpEntityMethodProcessor - Writing [ApiResponse[success=true, status=200, code=COMMON_001, message=Success, data={list=[com.company.project.service.menu.dto.MenuDto@473d5d09, com.company.project.service.menu.dto.MenuDto@e88cfc7, com.company.project.service.menu.dto.MenuDto@454ea9e1]}, timestamp=2026-03-16T17:02:56.766823400]]
2026-03-16 17:02:56 [http-nio-8080-exec-6] INFO  c.c.p.a.i.OperationalAuditInterceptor - API Audit Log: URL=/api/v1/menu/left, User=webmaster, IP=0:0:0:0:0:0:0:1
2026-03-16 17:02:56 [http-nio-8080-exec-6] DEBUG o.s.web.servlet.DispatcherServlet - Completed 200 OK
2026-03-16 17:02:57 [http-nio-8080-exec-4] DEBUG c.c.p.s.jwt.JwtAuthenticationFilter - >>> [JwtFilter] Processing request: GET /api/v1/menu/left
2026-03-16 17:02:57 [http-nio-8080-exec-4] DEBUG c.c.p.s.jwt.JwtAuthenticationFilter - >>> [JwtFilter] Found token in header for path: /api/v1/menu/left
2026-03-16 17:02:57 [http-nio-8080-exec-4] DEBUG o.s.orm.jpa.JpaTransactionManager - Creating new transaction with name [com.company.project.security.iam.CustomUserDetailsService.loadUserByUsername]: PROPAGATION_REQUIRED,ISOLATION_DEFAULT,readOnly
2026-03-16 17:02:57 [http-nio-8080-exec-4] DEBUG o.s.orm.jpa.JpaTransactionManager - Opened new EntityManager [SessionImpl(487967177<open>)] for JPA transaction
2026-03-16 17:02:57 [http-nio-8080-exec-18] DEBUG c.c.p.s.jwt.JwtAuthenticationFilter - >>> [JwtFilter] Processing request: GET /api/v1/auth/me
2026-03-16 17:02:57 [http-nio-8080-exec-16] DEBUG c.c.p.s.jwt.JwtAuthenticationFilter - >>> [JwtFilter] Processing request: GET /api/v1/menu/head
2026-03-16 17:02:57 [http-nio-8080-exec-18] DEBUG c.c.p.s.jwt.JwtAuthenticationFilter - >>> [JwtFilter] Found token in header for path: /api/v1/auth/me
2026-03-16 17:02:57 [http-nio-8080-exec-16] DEBUG c.c.p.s.jwt.JwtAuthenticationFilter - >>> [JwtFilter] Found token in header for path: /api/v1/menu/head
2026-03-16 17:02:57 [http-nio-8080-exec-18] DEBUG o.s.orm.jpa.JpaTransactionManager - Creating new transaction with name [com.company.project.security.iam.CustomUserDetailsService.loadUserByUsername]: PROPAGATION_REQUIRED,ISOLATION_DEFAULT,readOnly
2026-03-16 17:02:57 [http-nio-8080-exec-16] DEBUG o.s.orm.jpa.JpaTransactionManager - Creating new transaction with name [com.company.project.security.iam.CustomUserDetailsService.loadUserByUsername]: PROPAGATION_REQUIRED,ISOLATION_DEFAULT,readOnly
2026-03-16 17:02:57 [http-nio-8080-exec-18] DEBUG o.s.orm.jpa.JpaTransactionManager - Opened new EntityManager [SessionImpl(1406101578<open>)] for JPA transaction
2026-03-16 17:02:57 [http-nio-8080-exec-16] DEBUG o.s.orm.jpa.JpaTransactionManager - Opened new EntityManager [SessionImpl(384319617<open>)] for JPA transaction
2026-03-16 17:02:57 [http-nio-8080-exec-16] DEBUG o.s.orm.jpa.JpaTransactionManager - Exposing JPA transaction as JDBC [org.springframework.orm.jpa.vendor.HibernateJpaDialect$HibernateConnectionHandle@19a1e8ab]
2026-03-16 17:02:57 [http-nio-8080-exec-16] DEBUG o.s.orm.jpa.JpaTransactionManager - Found thread-bound EntityManager [SessionImpl(384319617<open>)] for JPA transaction
2026-03-16 17:02:57 [http-nio-8080-exec-16] DEBUG o.s.orm.jpa.JpaTransactionManager - Participating in existing transaction
2026-03-16 17:02:57 [http-nio-8080-exec-16] DEBUG org.hibernate.SQL - select u1_0.emplyr_id,u1_0.area_no,u1_0.brthdy,u1_0.chg_pwd_cnt,u1_0.frst_register_id,u1_0.frst_regist_pnttm,u1_0.detail_adres,u1_0.email_adres,u1_0.emplyr_sttus_code,u1_0.empl_no,u1_0.esntl_id,u1_0.fxnum,u1_0.group_id,u1_0.house_adres,u1_0.house_end_telno,u1_0.house_middle_telno,u1_0.ihidnum,u1_0.pstinst_code,u1_0.last_updusr_id,u1_0.last_updt_pnttm,u1_0.lock_at,u1_0.lock_cnt,u1_0.lock_last_pnttm,u1_0.mbtlnum,u1_0.ofcps_nm,u1_0.offm_telno,u1_0.orgnzt_id,u1_0.password,u1_0.password_cnsr,u1_0.password_hint,u1_0.chg_pwd_last_pnttm,u1_0.role,u1_0.sbscrb_de,u1_0.sexdstn_code,u1_0.crtfc_dn_value,u1_0.user_nm,u1_0.zip from nemplyrinfo u1_0 where u1_0.emplyr_id=?
2026-03-16 17:02:57 [http-nio-8080-exec-4] DEBUG o.s.orm.jpa.JpaTransactionManager - Exposing JPA transaction as JDBC [org.springframework.orm.jpa.vendor.HibernateJpaDialect$HibernateConnectionHandle@42b05ec2]
2026-03-16 17:02:57 [http-nio-8080-exec-18] DEBUG o.s.orm.jpa.JpaTransactionManager - Exposing JPA transaction as JDBC [org.springframework.orm.jpa.vendor.HibernateJpaDialect$HibernateConnectionHandle@7c5767ed]
2026-03-16 17:02:57 [http-nio-8080-exec-4] DEBUG o.s.orm.jpa.JpaTransactionManager - Found thread-bound EntityManager [SessionImpl(487967177<open>)] for JPA transaction
2026-03-16 17:02:57 [http-nio-8080-exec-4] DEBUG o.s.orm.jpa.JpaTransactionManager - Participating in existing transaction
2026-03-16 17:02:57 [http-nio-8080-exec-18] DEBUG o.s.orm.jpa.JpaTransactionManager - Found thread-bound EntityManager [SessionImpl(1406101578<open>)] for JPA transaction
2026-03-16 17:02:57 [http-nio-8080-exec-18] DEBUG o.s.orm.jpa.JpaTransactionManager - Participating in existing transaction
2026-03-16 17:02:57 [http-nio-8080-exec-4] DEBUG org.hibernate.SQL - select u1_0.emplyr_id,u1_0.area_no,u1_0.brthdy,u1_0.chg_pwd_cnt,u1_0.frst_register_id,u1_0.frst_regist_pnttm,u1_0.detail_adres,u1_0.email_adres,u1_0.emplyr_sttus_code,u1_0.empl_no,u1_0.esntl_id,u1_0.fxnum,u1_0.group_id,u1_0.house_adres,u1_0.house_end_telno,u1_0.house_middle_telno,u1_0.ihidnum,u1_0.pstinst_code,u1_0.last_updusr_id,u1_0.last_updt_pnttm,u1_0.lock_at,u1_0.lock_cnt,u1_0.lock_last_pnttm,u1_0.mbtlnum,u1_0.ofcps_nm,u1_0.offm_telno,u1_0.orgnzt_id,u1_0.password,u1_0.password_cnsr,u1_0.password_hint,u1_0.chg_pwd_last_pnttm,u1_0.role,u1_0.sbscrb_de,u1_0.sexdstn_code,u1_0.crtfc_dn_value,u1_0.user_nm,u1_0.zip from nemplyrinfo u1_0 where u1_0.emplyr_id=?
2026-03-16 17:02:57 [http-nio-8080-exec-18] DEBUG org.hibernate.SQL - select u1_0.emplyr_id,u1_0.area_no,u1_0.brthdy,u1_0.chg_pwd_cnt,u1_0.frst_register_id,u1_0.frst_regist_pnttm,u1_0.detail_adres,u1_0.email_adres,u1_0.emplyr_sttus_code,u1_0.empl_no,u1_0.esntl_id,u1_0.fxnum,u1_0.group_id,u1_0.house_adres,u1_0.house_end_telno,u1_0.house_middle_telno,u1_0.ihidnum,u1_0.pstinst_code,u1_0.last_updusr_id,u1_0.last_updt_pnttm,u1_0.lock_at,u1_0.lock_cnt,u1_0.lock_last_pnttm,u1_0.mbtlnum,u1_0.ofcps_nm,u1_0.offm_telno,u1_0.orgnzt_id,u1_0.password,u1_0.password_cnsr,u1_0.password_hint,u1_0.chg_pwd_last_pnttm,u1_0.role,u1_0.sbscrb_de,u1_0.sexdstn_code,u1_0.crtfc_dn_value,u1_0.user_nm,u1_0.zip from nemplyrinfo u1_0 where u1_0.emplyr_id=?
2026-03-16 17:02:57 [http-nio-8080-exec-1] DEBUG c.c.p.s.jwt.JwtAuthenticationFilter - >>> [JwtFilter] Processing request: POST /api/v1/auth/login
2026-03-16 17:02:57 [http-nio-8080-exec-1] DEBUG c.c.p.s.jwt.JwtAuthenticationFilter - >>> [JwtFilter] Found token in header for path: /api/v1/auth/login
2026-03-16 17:02:57 [http-nio-8080-exec-1] DEBUG o.s.orm.jpa.JpaTransactionManager - Creating new transaction with name [com.company.project.security.iam.CustomUserDetailsService.loadUserByUsername]: PROPAGATION_REQUIRED,ISOLATION_DEFAULT,readOnly
2026-03-16 17:02:57 [http-nio-8080-exec-1] DEBUG o.s.orm.jpa.JpaTransactionManager - Opened new EntityManager [SessionImpl(1691575873<open>)] for JPA transaction
2026-03-16 17:02:57 [http-nio-8080-exec-16] DEBUG o.s.orm.jpa.JpaTransactionManager - Found thread-bound EntityManager [SessionImpl(384319617<open>)] for JPA transaction
2026-03-16 17:02:57 [http-nio-8080-exec-16] DEBUG o.s.orm.jpa.JpaTransactionManager - Participating in existing transaction
2026-03-16 17:02:57 [http-nio-8080-exec-16] DEBUG org.hibernate.SQL - select ua1_0.scrty_dtrmn_trget_id,ua1_0.author_code,ua1_0.frst_register_id,ua1_0.frst_regist_pnttm,ua1_0.last_updusr_id,ua1_0.last_updt_pnttm,ua1_0.mber_ty_code from nemplyrscrtyestbs ua1_0 where ua1_0.scrty_dtrmn_trget_id=?
2026-03-16 17:02:57 [http-nio-8080-exec-18] DEBUG o.s.orm.jpa.JpaTransactionManager - Found thread-bound EntityManager [SessionImpl(1406101578<open>)] for JPA transaction
2026-03-16 17:02:57 [http-nio-8080-exec-4] DEBUG o.s.orm.jpa.JpaTransactionManager - Found thread-bound EntityManager [SessionImpl(487967177<open>)] for JPA transaction
2026-03-16 17:02:57 [http-nio-8080-exec-18] DEBUG o.s.orm.jpa.JpaTransactionManager - Participating in existing transaction
2026-03-16 17:02:57 [http-nio-8080-exec-4] DEBUG o.s.orm.jpa.JpaTransactionManager - Participating in existing transaction
2026-03-16 17:02:57 [http-nio-8080-exec-18] DEBUG org.hibernate.SQL - select ua1_0.scrty_dtrmn_trget_id,ua1_0.author_code,ua1_0.frst_register_id,ua1_0.frst_regist_pnttm,ua1_0.last_updusr_id,ua1_0.last_updt_pnttm,ua1_0.mber_ty_code from nemplyrscrtyestbs ua1_0 where ua1_0.scrty_dtrmn_trget_id=?
2026-03-16 17:02:57 [http-nio-8080-exec-4] DEBUG org.hibernate.SQL - select ua1_0.scrty_dtrmn_trget_id,ua1_0.author_code,ua1_0.frst_register_id,ua1_0.frst_regist_pnttm,ua1_0.last_updusr_id,ua1_0.last_updt_pnttm,ua1_0.mber_ty_code from nemplyrscrtyestbs ua1_0 where ua1_0.scrty_dtrmn_trget_id=?
2026-03-16 17:02:57 [http-nio-8080-exec-1] DEBUG o.s.orm.jpa.JpaTransactionManager - Exposing JPA transaction as JDBC [org.springframework.orm.jpa.vendor.HibernateJpaDialect$HibernateConnectionHandle@3f489787]
2026-03-16 17:02:57 [http-nio-8080-exec-1] DEBUG o.s.orm.jpa.JpaTransactionManager - Found thread-bound EntityManager [SessionImpl(1691575873<open>)] for JPA transaction
2026-03-16 17:02:57 [http-nio-8080-exec-1] DEBUG o.s.orm.jpa.JpaTransactionManager - Participating in existing transaction
2026-03-16 17:02:57 [http-nio-8080-exec-1] DEBUG org.hibernate.SQL - select u1_0.emplyr_id,u1_0.area_no,u1_0.brthdy,u1_0.chg_pwd_cnt,u1_0.frst_register_id,u1_0.frst_regist_pnttm,u1_0.detail_adres,u1_0.email_adres,u1_0.emplyr_sttus_code,u1_0.empl_no,u1_0.esntl_id,u1_0.fxnum,u1_0.group_id,u1_0.house_adres,u1_0.house_end_telno,u1_0.house_middle_telno,u1_0.ihidnum,u1_0.pstinst_code,u1_0.last_updusr_id,u1_0.last_updt_pnttm,u1_0.lock_at,u1_0.lock_cnt,u1_0.lock_last_pnttm,u1_0.mbtlnum,u1_0.ofcps_nm,u1_0.offm_telno,u1_0.orgnzt_id,u1_0.password,u1_0.password_cnsr,u1_0.password_hint,u1_0.chg_pwd_last_pnttm,u1_0.role,u1_0.sbscrb_de,u1_0.sexdstn_code,u1_0.crtfc_dn_value,u1_0.user_nm,u1_0.zip from nemplyrinfo u1_0 where u1_0.emplyr_id=?
2026-03-16 17:02:57 [http-nio-8080-exec-16] DEBUG o.s.orm.jpa.JpaTransactionManager - Initiating transaction commit
2026-03-16 17:02:57 [http-nio-8080-exec-16] DEBUG o.s.orm.jpa.JpaTransactionManager - Committing JPA transaction on EntityManager [SessionImpl(384319617<open>)]
2026-03-16 17:02:57 [http-nio-8080-exec-4] DEBUG o.s.orm.jpa.JpaTransactionManager - Initiating transaction commit
2026-03-16 17:02:57 [http-nio-8080-exec-4] DEBUG o.s.orm.jpa.JpaTransactionManager - Committing JPA transaction on EntityManager [SessionImpl(487967177<open>)]
2026-03-16 17:02:57 [http-nio-8080-exec-18] DEBUG o.s.orm.jpa.JpaTransactionManager - Initiating transaction commit
2026-03-16 17:02:57 [http-nio-8080-exec-1] DEBUG o.s.orm.jpa.JpaTransactionManager - Found thread-bound EntityManager [SessionImpl(1691575873<open>)] for JPA transaction
2026-03-16 17:02:57 [http-nio-8080-exec-18] DEBUG o.s.orm.jpa.JpaTransactionManager - Committing JPA transaction on EntityManager [SessionImpl(1406101578<open>)]
2026-03-16 17:02:57 [http-nio-8080-exec-1] DEBUG o.s.orm.jpa.JpaTransactionManager - Participating in existing transaction
2026-03-16 17:02:57 [http-nio-8080-exec-1] DEBUG org.hibernate.SQL - select ua1_0.scrty_dtrmn_trget_id,ua1_0.author_code,ua1_0.frst_register_id,ua1_0.frst_regist_pnttm,ua1_0.last_updusr_id,ua1_0.last_updt_pnttm,ua1_0.mber_ty_code from nemplyrscrtyestbs ua1_0 where ua1_0.scrty_dtrmn_trget_id=?
2026-03-16 17:02:57 [http-nio-8080-exec-16] DEBUG o.s.orm.jpa.JpaTransactionManager - Closing JPA EntityManager [SessionImpl(384319617<open>)] after transaction
2026-03-16 17:02:57 [http-nio-8080-exec-16] DEBUG c.c.p.s.jwt.JwtAuthenticationFilter - >>> [JwtFilter] Successfully authenticated user: USRCNFRM_99999999999, Authorities: [ROLE_ADMIN]
2026-03-16 17:02:57 [http-nio-8080-exec-16] DEBUG o.s.web.servlet.DispatcherServlet - GET "/api/v1/menu/head", parameters={}
2026-03-16 17:02:57 [http-nio-8080-exec-16] TRACE o.s.w.s.m.m.a.RequestMappingHandlerMapping - Mapped to com.company.project.api.controller.menu.MenuController#getHeadMenu()
2026-03-16 17:02:57 [http-nio-8080-exec-16] INFO  c.c.p.a.c.menu.MenuController - getHeadMenu called
2026-03-16 17:02:57 [http-nio-8080-exec-16] INFO  c.c.p.a.c.menu.MenuController - getHeadMenu returned 5 items
2026-03-16 17:02:57 [http-nio-8080-exec-16] DEBUG o.s.w.s.m.m.a.HttpEntityMethodProcessor - Using 'application/json', given [application/json, text/plain, */*] and supported [application/json, application/*+json, application/yaml]
2026-03-16 17:02:57 [http-nio-8080-exec-16] TRACE o.s.w.s.m.m.a.HttpEntityMethodProcessor - Writing [ApiResponse[success=true, status=200, code=COMMON_001, message=Success, data={list=[com.company.project.service.menu.dto.MenuDto@2b80d6b0, com.company.project.service.menu.dto.MenuDto@1418cfa3, com.company.project.service.menu.dto.MenuDto@f230bf1, com.company.project.service.menu.dto.MenuDto@734a7f6a, com.company.project.service.menu.dto.MenuDto@5e5202e5]}, timestamp=2026-03-16T17:02:57.872342100]]
2026-03-16 17:02:57 [http-nio-8080-exec-16] INFO  c.c.p.a.i.OperationalAuditInterceptor - API Audit Log: URL=/api/v1/menu/head, User=webmaster, IP=127.0.0.1
2026-03-16 17:02:57 [http-nio-8080-exec-16] DEBUG o.s.web.servlet.DispatcherServlet - Completed 200 OK
2026-03-16 17:02:57 [http-nio-8080-exec-18] DEBUG o.s.orm.jpa.JpaTransactionManager - Closing JPA EntityManager [SessionImpl(1406101578<open>)] after transaction
2026-03-16 17:02:57 [http-nio-8080-exec-4] DEBUG o.s.orm.jpa.JpaTransactionManager - Closing JPA EntityManager [SessionImpl(487967177<open>)] after transaction
2026-03-16 17:02:57 [http-nio-8080-exec-1] DEBUG o.s.orm.jpa.JpaTransactionManager - Initiating transaction commit
2026-03-16 17:02:57 [http-nio-8080-exec-18] DEBUG c.c.p.s.jwt.JwtAuthenticationFilter - >>> [JwtFilter] Successfully authenticated user: USRCNFRM_99999999999, Authorities: [ROLE_ADMIN]
2026-03-16 17:02:57 [http-nio-8080-exec-4] DEBUG c.c.p.s.jwt.JwtAuthenticationFilter - >>> [JwtFilter] Successfully authenticated user: USRCNFRM_99999999999, Authorities: [ROLE_ADMIN]
2026-03-16 17:02:57 [http-nio-8080-exec-1] DEBUG o.s.orm.jpa.JpaTransactionManager - Committing JPA transaction on EntityManager [SessionImpl(1691575873<open>)]
2026-03-16 17:02:57 [http-nio-8080-exec-18] DEBUG o.s.web.servlet.DispatcherServlet - GET "/api/v1/auth/me", parameters={}
2026-03-16 17:02:57 [http-nio-8080-exec-18] TRACE o.s.w.s.m.m.a.RequestMappingHandlerMapping - Mapped to com.company.project.api.auth.AuthController#getCurrentUser()
2026-03-16 17:02:57 [http-nio-8080-exec-4] DEBUG o.s.web.servlet.DispatcherServlet - GET "/api/v1/menu/left?menuNo=10", parameters={masked}
2026-03-16 17:02:57 [http-nio-8080-exec-4] TRACE o.s.w.s.m.m.a.RequestMappingHandlerMapping - Mapped to com.company.project.api.controller.menu.MenuController#getLeftMenu(Long)
2026-03-16 17:02:57 [http-nio-8080-exec-18] DEBUG o.s.w.s.m.m.a.RequestResponseBodyMethodProcessor - Using 'application/json', given [application/json, text/plain, */*] and supported [application/json, application/*+json, application/yaml]
2026-03-16 17:02:57 [http-nio-8080-exec-18] TRACE o.s.w.s.m.m.a.RequestResponseBodyMethodProcessor - Writing [ApiResponse[success=true, status=200, code=COMMON_001, message=Success, data={role=ROLE_ADMIN, userSe=EMP, name=관리자, id=webmaster}, timestamp=2026-03-16T17:02:57.902080400]]
2026-03-16 17:02:57 [http-nio-8080-exec-4] INFO  c.c.p.a.c.menu.MenuController - getLeftMenu called with menuNo=10
2026-03-16 17:02:57 [http-nio-8080-exec-4] DEBUG o.s.orm.jpa.JpaTransactionManager - Creating new transaction with name [com.company.project.service.menu.MenuService.getSubMenus]: PROPAGATION_REQUIRED,ISOLATION_DEFAULT,readOnly
2026-03-16 17:02:57 [http-nio-8080-exec-4] DEBUG o.s.orm.jpa.JpaTransactionManager - Opened new EntityManager [SessionImpl(838870395<open>)] for JPA transaction
2026-03-16 17:02:57 [http-nio-8080-exec-18] INFO  c.c.p.a.i.OperationalAuditInterceptor - API Audit Log: URL=/api/v1/auth/me, User=webmaster, IP=127.0.0.1
2026-03-16 17:02:57 [http-nio-8080-exec-4] DEBUG o.s.orm.jpa.JpaTransactionManager - Exposing JPA transaction as JDBC [org.springframework.orm.jpa.vendor.HibernateJpaDialect$HibernateConnectionHandle@68c8413a]
2026-03-16 17:02:57 [http-nio-8080-exec-18] DEBUG o.s.web.servlet.DispatcherServlet - Completed 200 OK
2026-03-16 17:02:57 [http-nio-8080-exec-4] DEBUG org.hibernate.SQL - select m1_0.menu_no,m1_0.menu_dc,m1_0.menu_nm,m1_0.menu_ordr,m1_0.modern_route,m1_0.progrm_file_nm,m1_0.relate_image_nm,m1_0.relate_image_path,m1_0.route_updated_at,m1_0.upper_menu_no from nmenuinfo m1_0 order by m1_0.upper_menu_no,m1_0.menu_ordr
2026-03-16 17:02:57 [http-nio-8080-exec-5] DEBUG o.s.web.servlet.DispatcherServlet - GET "/ws/info?t=1773648177914", parameters={masked}
2026-03-16 17:02:57 [http-nio-8080-exec-5] DEBUG o.s.w.s.s.s.WebSocketHandlerMapping - Mapped to org.springframework.web.socket.sockjs.support.SockJsHttpRequestHandler@3d80b7ba
2026-03-16 17:02:57 [http-nio-8080-exec-5] DEBUG o.s.w.s.s.t.h.DefaultSockJsService - Processing transport request: GET http://localhost:8080/ws/info?t=1773648177914
2026-03-16 17:02:57 [http-nio-8080-exec-5] DEBUG o.s.web.servlet.DispatcherServlet - Completed 200 OK
2026-03-16 17:02:57 [http-nio-8080-exec-10] DEBUG c.c.p.s.jwt.JwtAuthenticationFilter - >>> [JwtFilter] Processing request: GET /api/v1/notifications
2026-03-16 17:02:57 [http-nio-8080-exec-17] DEBUG c.c.p.s.jwt.JwtAuthenticationFilter - >>> [JwtFilter] Processing request: GET /api/v1/notifications/unread-count
2026-03-16 17:02:57 [http-nio-8080-exec-10] DEBUG c.c.p.s.jwt.JwtAuthenticationFilter - >>> [JwtFilter] Found token in header for path: /api/v1/notifications
2026-03-16 17:02:57 [http-nio-8080-exec-17] DEBUG c.c.p.s.jwt.JwtAuthenticationFilter - >>> [JwtFilter] Found token in header for path: /api/v1/notifications/unread-count
2026-03-16 17:02:57 [http-nio-8080-exec-10] DEBUG o.s.orm.jpa.JpaTransactionManager - Creating new transaction with name [com.company.project.security.iam.CustomUserDetailsService.loadUserByUsername]: PROPAGATION_REQUIRED,ISOLATION_DEFAULT,readOnly
2026-03-16 17:02:57 [http-nio-8080-exec-17] DEBUG o.s.orm.jpa.JpaTransactionManager - Creating new transaction with name [com.company.project.security.iam.CustomUserDetailsService.loadUserByUsername]: PROPAGATION_REQUIRED,ISOLATION_DEFAULT,readOnly
2026-03-16 17:02:57 [http-nio-8080-exec-10] DEBUG o.s.orm.jpa.JpaTransactionManager - Opened new EntityManager [SessionImpl(1436633831<open>)] for JPA transaction
2026-03-16 17:02:57 [http-nio-8080-exec-17] DEBUG o.s.orm.jpa.JpaTransactionManager - Opened new EntityManager [SessionImpl(1572492156<open>)] for JPA transaction
2026-03-16 17:02:57 [http-nio-8080-exec-10] DEBUG o.s.orm.jpa.JpaTransactionManager - Exposing JPA transaction as JDBC [org.springframework.orm.jpa.vendor.HibernateJpaDialect$HibernateConnectionHandle@205936fa]
2026-03-16 17:02:57 [http-nio-8080-exec-17] DEBUG o.s.orm.jpa.JpaTransactionManager - Exposing JPA transaction as JDBC [org.springframework.orm.jpa.vendor.HibernateJpaDialect$HibernateConnectionHandle@255c9f8c]
2026-03-16 17:02:57 [http-nio-8080-exec-10] DEBUG o.s.orm.jpa.JpaTransactionManager - Found thread-bound EntityManager [SessionImpl(1436633831<open>)] for JPA transaction
2026-03-16 17:02:57 [http-nio-8080-exec-10] DEBUG o.s.orm.jpa.JpaTransactionManager - Participating in existing transaction
2026-03-16 17:02:57 [http-nio-8080-exec-17] DEBUG o.s.orm.jpa.JpaTransactionManager - Found thread-bound EntityManager [SessionImpl(1572492156<open>)] for JPA transaction
2026-03-16 17:02:57 [http-nio-8080-exec-17] DEBUG o.s.orm.jpa.JpaTransactionManager - Participating in existing transaction
2026-03-16 17:02:57 [http-nio-8080-exec-10] DEBUG org.hibernate.SQL - select u1_0.emplyr_id,u1_0.area_no,u1_0.brthdy,u1_0.chg_pwd_cnt,u1_0.frst_register_id,u1_0.frst_regist_pnttm,u1_0.detail_adres,u1_0.email_adres,u1_0.emplyr_sttus_code,u1_0.empl_no,u1_0.esntl_id,u1_0.fxnum,u1_0.group_id,u1_0.house_adres,u1_0.house_end_telno,u1_0.house_middle_telno,u1_0.ihidnum,u1_0.pstinst_code,u1_0.last_updusr_id,u1_0.last_updt_pnttm,u1_0.lock_at,u1_0.lock_cnt,u1_0.lock_last_pnttm,u1_0.mbtlnum,u1_0.ofcps_nm,u1_0.offm_telno,u1_0.orgnzt_id,u1_0.password,u1_0.password_cnsr,u1_0.password_hint,u1_0.chg_pwd_last_pnttm,u1_0.role,u1_0.sbscrb_de,u1_0.sexdstn_code,u1_0.crtfc_dn_value,u1_0.user_nm,u1_0.zip from nemplyrinfo u1_0 where u1_0.emplyr_id=?
2026-03-16 17:02:57 [http-nio-8080-exec-17] DEBUG org.hibernate.SQL - select u1_0.emplyr_id,u1_0.area_no,u1_0.brthdy,u1_0.chg_pwd_cnt,u1_0.frst_register_id,u1_0.frst_regist_pnttm,u1_0.detail_adres,u1_0.email_adres,u1_0.emplyr_sttus_code,u1_0.empl_no,u1_0.esntl_id,u1_0.fxnum,u1_0.group_id,u1_0.house_adres,u1_0.house_end_telno,u1_0.house_middle_telno,u1_0.ihidnum,u1_0.pstinst_code,u1_0.last_updusr_id,u1_0.last_updt_pnttm,u1_0.lock_at,u1_0.lock_cnt,u1_0.lock_last_pnttm,u1_0.mbtlnum,u1_0.ofcps_nm,u1_0.offm_telno,u1_0.orgnzt_id,u1_0.password,u1_0.password_cnsr,u1_0.password_hint,u1_0.chg_pwd_last_pnttm,u1_0.role,u1_0.sbscrb_de,u1_0.sexdstn_code,u1_0.crtfc_dn_value,u1_0.user_nm,u1_0.zip from nemplyrinfo u1_0 where u1_0.emplyr_id=?
2026-03-16 17:02:57 [http-nio-8080-exec-15] DEBUG o.s.web.servlet.DispatcherServlet - GET "/ws/258/qh4143bw/websocket", parameters={}
2026-03-16 17:02:57 [http-nio-8080-exec-15] DEBUG o.s.w.s.s.s.WebSocketHandlerMapping - Mapped to org.springframework.web.socket.sockjs.support.SockJsHttpRequestHandler@3d80b7ba
2026-03-16 17:02:57 [http-nio-8080-exec-15] DEBUG o.s.w.s.s.t.h.DefaultSockJsService - Processing transport request: GET http://localhost:8080/ws/258/qh4143bw/websocket
2026-03-16 17:02:57 [http-nio-8080-exec-15] DEBUG o.s.web.servlet.DispatcherServlet - Completed 101 SWITCHING_PROTOCOLS
2026-03-16 17:02:57 [http-nio-8080-exec-15] DEBUG o.s.w.s.h.LoggingWebSocketHandlerDecorator - New WebSocketServerSockJsSession[id=qh4143bw]
2026-03-16 17:02:57 [scheduling-1] DEBUG org.springframework.web.SimpLogging - Processing CONNECT session=qh4143bw
2026-03-16 17:02:57 [scheduling-1] DEBUG org.springframework.web.SimpLogging - Processing SUBSCRIBE /topic/notices id=sub-0 session=qh4143bw
2026-03-16 17:02:57 [scheduling-1] DEBUG org.springframework.web.SimpLogging - Processing SUBSCRIBE destination=/queue/notifications-userqh4143bw subscriptionId=sub-1 session=qh4143bw payload=byte[0]
2026-03-16 17:02:57 [scheduling-1] DEBUG org.springframework.web.SimpLogging - Processing SUBSCRIBE /topic/public id=sub-2 session=qh4143bw
2026-03-16 17:02:58 [http-nio-8080-exec-1] DEBUG o.s.orm.jpa.JpaTransactionManager - Closing JPA EntityManager [SessionImpl(1691575873<open>)] after transaction
2026-03-16 17:02:58 [http-nio-8080-exec-1] DEBUG c.c.p.s.jwt.JwtAuthenticationFilter - >>> [JwtFilter] Successfully authenticated user: USRCNFRM_99999999999, Authorities: [ROLE_ADMIN]
2026-03-16 17:02:58 [http-nio-8080-exec-1] DEBUG o.s.web.servlet.DispatcherServlet - POST "/api/v1/auth/login", parameters={}
2026-03-16 17:02:58 [http-nio-8080-exec-1] TRACE o.s.w.s.m.m.a.RequestMappingHandlerMapping - Mapped to com.company.project.api.auth.AuthController#login(Map, HttpServletResponse)
2026-03-16 17:02:58 [http-nio-8080-exec-1] TRACE o.s.w.s.m.m.a.RequestResponseBodyMethodProcessor - Read "application/json;charset=UTF-8" to [{id=webmaster, password=1}]
2026-03-16 17:02:58 [http-nio-8080-exec-1] INFO  c.c.project.api.auth.AuthController - >>> [Login] Attempting login for userId: webmaster
2026-03-16 17:02:58 [http-nio-8080-exec-1] DEBUG o.s.orm.jpa.JpaTransactionManager - Creating new transaction with name [com.company.project.security.iam.EgovAuthenticationProvider.authenticate]: PROPAGATION_REQUIRED,ISOLATION_DEFAULT
2026-03-16 17:02:58 [http-nio-8080-exec-1] DEBUG o.s.orm.jpa.JpaTransactionManager - Opened new EntityManager [SessionImpl(1667271923<open>)] for JPA transaction
2026-03-16 17:02:58 [http-nio-8080-exec-1] DEBUG o.s.orm.jpa.JpaTransactionManager - Exposing JPA transaction as JDBC [org.springframework.orm.jpa.vendor.HibernateJpaDialect$HibernateConnectionHandle@397c63f3]
2026-03-16 17:02:58 [http-nio-8080-exec-1] INFO  c.c.p.s.i.EgovAuthenticationProvider - >>> [EgovAuthenticationProvider] Attempting authentication for userId: webmaster
2026-03-16 17:02:58 [http-nio-8080-exec-1] INFO  c.c.p.s.i.EgovAuthenticationProvider - >>> [EgovAuthenticationProvider] DB check started for userId: webmaster
2026-03-16 17:02:58 [http-nio-8080-exec-1] DEBUG o.s.orm.jpa.JpaTransactionManager - Found thread-bound EntityManager [SessionImpl(1667271923<open>)] for JPA transaction
2026-03-16 17:02:58 [http-nio-8080-exec-1] DEBUG o.s.orm.jpa.JpaTransactionManager - Participating in existing transaction
2026-03-16 17:02:58 [http-nio-8080-exec-1] DEBUG org.hibernate.SQL - select u1_0.emplyr_id,u1_0.area_no,u1_0.brthdy,u1_0.chg_pwd_cnt,u1_0.frst_register_id,u1_0.frst_regist_pnttm,u1_0.detail_adres,u1_0.email_adres,u1_0.emplyr_sttus_code,u1_0.empl_no,u1_0.esntl_id,u1_0.fxnum,u1_0.group_id,u1_0.house_adres,u1_0.house_end_telno,u1_0.house_middle_telno,u1_0.ihidnum,u1_0.pstinst_code,u1_0.last_updusr_id,u1_0.last_updt_pnttm,u1_0.lock_at,u1_0.lock_cnt,u1_0.lock_last_pnttm,u1_0.mbtlnum,u1_0.ofcps_nm,u1_0.offm_telno,u1_0.orgnzt_id,u1_0.password,u1_0.password_cnsr,u1_0.password_hint,u1_0.chg_pwd_last_pnttm,u1_0.role,u1_0.sbscrb_de,u1_0.sexdstn_code,u1_0.crtfc_dn_value,u1_0.user_nm,u1_0.zip from nemplyrinfo u1_0 where u1_0.emplyr_id=?
2026-03-16 17:02:58 [http-nio-8080-exec-17] DEBUG o.s.orm.jpa.JpaTransactionManager - Found thread-bound EntityManager [SessionImpl(1572492156<open>)] for JPA transaction
2026-03-16 17:02:58 [http-nio-8080-exec-10] DEBUG o.s.orm.jpa.JpaTransactionManager - Found thread-bound EntityManager [SessionImpl(1436633831<open>)] for JPA transaction
2026-03-16 17:02:58 [http-nio-8080-exec-17] DEBUG o.s.orm.jpa.JpaTransactionManager - Participating in existing transaction
2026-03-16 17:02:58 [http-nio-8080-exec-10] DEBUG o.s.orm.jpa.JpaTransactionManager - Participating in existing transaction
2026-03-16 17:02:58 [http-nio-8080-exec-17] DEBUG org.hibernate.SQL - select ua1_0.scrty_dtrmn_trget_id,ua1_0.author_code,ua1_0.frst_register_id,ua1_0.frst_regist_pnttm,ua1_0.last_updusr_id,ua1_0.last_updt_pnttm,ua1_0.mber_ty_code from nemplyrscrtyestbs ua1_0 where ua1_0.scrty_dtrmn_trget_id=?
2026-03-16 17:02:58 [http-nio-8080-exec-10] DEBUG org.hibernate.SQL - select ua1_0.scrty_dtrmn_trget_id,ua1_0.author_code,ua1_0.frst_register_id,ua1_0.frst_regist_pnttm,ua1_0.last_updusr_id,ua1_0.last_updt_pnttm,ua1_0.mber_ty_code from nemplyrscrtyestbs ua1_0 where ua1_0.scrty_dtrmn_trget_id=?
2026-03-16 17:02:58 [http-nio-8080-exec-1] INFO  c.c.p.s.i.EgovAuthenticationProvider - >>> [EgovAuthenticationProvider] User found by findById: webmaster
2026-03-16 17:02:58 [http-nio-8080-exec-1] INFO  c.c.p.s.i.EgovAuthenticationProvider - >>> [EgovAuthenticationProvider] User found: webmaster, DB password hash: {bcrypt}$2a$10$NRnqN.nwZxWe01BiSsk4Su.qlAj87Ys//VJVJf2WKEs3JzaQyJsGO
2026-03-16 17:02:58 [http-nio-8080-exec-1] INFO  c.c.p.s.i.EgovAuthenticationProvider - >>> [EgovAuthenticationProvider] Trying standard PasswordEncoder.
2026-03-16 17:02:58 [http-nio-8080-exec-4] DEBUG o.s.orm.jpa.JpaTransactionManager - Found thread-bound EntityManager [SessionImpl(838870395<open>)] for JPA transaction
2026-03-16 17:02:58 [http-nio-8080-exec-4] DEBUG o.s.orm.jpa.JpaTransactionManager - Participating in existing transaction
2026-03-16 17:02:58 [http-nio-8080-exec-4] DEBUG org.hibernate.SQL - select p1_0.progrm_file_nm,p1_0.progrm_dc,p1_0.progrm_korean_nm,p1_0.progrm_stre_path,p1_0.url from nprogrmlist p1_0
2026-03-16 17:02:58 [http-nio-8080-exec-17] DEBUG o.s.orm.jpa.JpaTransactionManager - Initiating transaction commit
2026-03-16 17:02:58 [http-nio-8080-exec-10] DEBUG o.s.orm.jpa.JpaTransactionManager - Initiating transaction commit
2026-03-16 17:02:58 [http-nio-8080-exec-17] DEBUG o.s.orm.jpa.JpaTransactionManager - Committing JPA transaction on EntityManager [SessionImpl(1572492156<open>)]
2026-03-16 17:02:58 [http-nio-8080-exec-10] DEBUG o.s.orm.jpa.JpaTransactionManager - Committing JPA transaction on EntityManager [SessionImpl(1436633831<open>)]
2026-03-16 17:02:58 [http-nio-8080-exec-1] DEBUG o.s.orm.jpa.JpaTransactionManager - Found thread-bound EntityManager [SessionImpl(1667271923<open>)] for JPA transaction
2026-03-16 17:02:58 [http-nio-8080-exec-1] DEBUG o.s.orm.jpa.JpaTransactionManager - Participating in existing transaction
2026-03-16 17:02:58 [http-nio-8080-exec-1] INFO  c.c.p.s.i.EgovAuthenticationProvider - >>> Authenticating user: webmaster, esntlId: USRCNFRM_99999999999, Inherent Role: ADMIN
2026-03-16 17:02:58 [http-nio-8080-exec-1] DEBUG o.s.orm.jpa.JpaTransactionManager - Found thread-bound EntityManager [SessionImpl(1667271923<open>)] for JPA transaction
2026-03-16 17:02:58 [http-nio-8080-exec-1] DEBUG o.s.orm.jpa.JpaTransactionManager - Participating in existing transaction
2026-03-16 17:02:58 [http-nio-8080-exec-1] DEBUG org.hibernate.SQL - select ua1_0.scrty_dtrmn_trget_id,ua1_0.author_code,ua1_0.frst_register_id,ua1_0.frst_regist_pnttm,ua1_0.last_updusr_id,ua1_0.last_updt_pnttm,ua1_0.mber_ty_code from nemplyrscrtyestbs ua1_0 where ua1_0.scrty_dtrmn_trget_id=?
2026-03-16 17:02:58 [http-nio-8080-exec-4] DEBUG o.s.orm.jpa.JpaTransactionManager - Initiating transaction commit
2026-03-16 17:02:58 [http-nio-8080-exec-4] DEBUG o.s.orm.jpa.JpaTransactionManager - Committing JPA transaction on EntityManager [SessionImpl(838870395<open>)]
2026-03-16 17:02:58 [http-nio-8080-exec-17] DEBUG o.s.orm.jpa.JpaTransactionManager - Closing JPA EntityManager [SessionImpl(1572492156<open>)] after transaction
2026-03-16 17:02:58 [http-nio-8080-exec-17] DEBUG c.c.p.s.jwt.JwtAuthenticationFilter - >>> [JwtFilter] Successfully authenticated user: USRCNFRM_99999999999, Authorities: [ROLE_ADMIN]
2026-03-16 17:02:58 [http-nio-8080-exec-17] DEBUG o.s.web.servlet.DispatcherServlet - GET "/api/v1/notifications/unread-count", parameters={}
2026-03-16 17:02:58 [http-nio-8080-exec-17] TRACE o.s.w.s.m.m.a.RequestMappingHandlerMapping - Mapped to com.company.project.api.controller.notification.NotificationController#getUnreadCount(UserDetails)
2026-03-16 17:02:58 [http-nio-8080-exec-17] DEBUG o.s.orm.jpa.JpaTransactionManager - Creating new transaction with name [com.company.project.service.notification.NotificationService.getUnreadCount]: PROPAGATION_REQUIRED,ISOLATION_DEFAULT,readOnly
2026-03-16 17:02:58 [http-nio-8080-exec-17] DEBUG o.s.orm.jpa.JpaTransactionManager - Opened new EntityManager [SessionImpl(987898723<open>)] for JPA transaction
2026-03-16 17:02:58 [http-nio-8080-exec-17] DEBUG o.s.orm.jpa.JpaTransactionManager - Exposing JPA transaction as JDBC [org.springframework.orm.jpa.vendor.HibernateJpaDialect$HibernateConnectionHandle@289087c1]
2026-03-16 17:02:58 [http-nio-8080-exec-17] DEBUG org.hibernate.SQL - select count(n1_0.ntcn_no) from n_user_notification n1_0 where n1_0.receiver_id=? and n1_0.is_read=?
2026-03-16 17:02:58 [http-nio-8080-exec-10] DEBUG o.s.orm.jpa.JpaTransactionManager - Closing JPA EntityManager [SessionImpl(1436633831<open>)] after transaction
2026-03-16 17:02:58 [http-nio-8080-exec-10] DEBUG c.c.p.s.jwt.JwtAuthenticationFilter - >>> [JwtFilter] Successfully authenticated user: USRCNFRM_99999999999, Authorities: [ROLE_ADMIN]
2026-03-16 17:02:58 [http-nio-8080-exec-10] DEBUG o.s.web.servlet.DispatcherServlet - GET "/api/v1/notifications", parameters={}
2026-03-16 17:02:58 [http-nio-8080-exec-10] TRACE o.s.w.s.m.m.a.RequestMappingHandlerMapping - Mapped to com.company.project.api.controller.notification.NotificationController#getMyNotifications(UserDetails)
2026-03-16 17:02:58 [http-nio-8080-exec-10] DEBUG o.s.orm.jpa.JpaTransactionManager - Creating new transaction with name [com.company.project.service.notification.NotificationService.getActiveNotifications]: PROPAGATION_REQUIRED,ISOLATION_DEFAULT,readOnly
2026-03-16 17:02:58 [http-nio-8080-exec-10] DEBUG o.s.orm.jpa.JpaTransactionManager - Opened new EntityManager [SessionImpl(1453340761<open>)] for JPA transaction
2026-03-16 17:02:58 [http-nio-8080-exec-10] DEBUG o.s.orm.jpa.JpaTransactionManager - Exposing JPA transaction as JDBC [org.springframework.orm.jpa.vendor.HibernateJpaDialect$HibernateConnectionHandle@1f959101]
2026-03-16 17:02:58 [http-nio-8080-exec-10] DEBUG o.s.orm.jpa.JpaTransactionManager - Found thread-bound EntityManager [SessionImpl(1453340761<open>)] for JPA transaction
2026-03-16 17:02:58 [http-nio-8080-exec-10] DEBUG o.s.orm.jpa.JpaTransactionManager - Participating in existing transaction
2026-03-16 17:02:58 [http-nio-8080-exec-10] DEBUG org.hibernate.SQL - select n1_0.ntcn_no,n1_0.frst_register_id,n1_0.frst_regist_pnttm,n1_0.is_read,n1_0.last_updusr_id,n1_0.last_updt_pnttm,n1_0.link_url,n1_0.ntcn_cn,n1_0.ntcn_sj,n1_0.receiver_id from n_user_notification n1_0
2026-03-16 17:02:58 [http-nio-8080-exec-1] INFO  c.c.p.s.i.EgovAuthenticationProvider - >>> Role from DB table (NEMPLYRSCRTYESTBS): ROLE_ADMIN
2026-03-16 17:02:58 [http-nio-8080-exec-1] INFO  c.c.p.s.i.EgovAuthenticationProvider - >>> [SPECIAL] Forcing ROLE_ADMIN for user: webmaster
2026-03-16 17:02:58 [http-nio-8080-exec-1] INFO  c.c.p.s.i.EgovAuthenticationProvider - >>> Final resolved authorCode for user webmaster: ROLE_ADMIN
2026-03-16 17:02:58 [http-nio-8080-exec-1] DEBUG o.s.orm.jpa.JpaTransactionManager - Initiating transaction commit
2026-03-16 17:02:58 [http-nio-8080-exec-1] DEBUG o.s.orm.jpa.JpaTransactionManager - Committing JPA transaction on EntityManager [SessionImpl(1667271923<open>)]
2026-03-16 17:02:58 [http-nio-8080-exec-9] DEBUG c.c.p.s.jwt.JwtAuthenticationFilter - >>> [JwtFilter] Processing request: GET /api/v1/admin/system/users
2026-03-16 17:02:58 [http-nio-8080-exec-3] DEBUG c.c.p.s.jwt.JwtAuthenticationFilter - >>> [JwtFilter] Processing request: GET /api/v1/menu/head
2026-03-16 17:02:58 [http-nio-8080-exec-9] DEBUG c.c.p.s.jwt.JwtAuthenticationFilter - >>> [JwtFilter] Found token in header for path: /api/v1/admin/system/users
2026-03-16 17:02:58 [http-nio-8080-exec-3] DEBUG c.c.p.s.jwt.JwtAuthenticationFilter - >>> [JwtFilter] Found token in header for path: /api/v1/menu/head
2026-03-16 17:02:58 [http-nio-8080-exec-3] DEBUG o.s.orm.jpa.JpaTransactionManager - Creating new transaction with name [com.company.project.security.iam.CustomUserDetailsService.loadUserByUsername]: PROPAGATION_REQUIRED,ISOLATION_DEFAULT,readOnly
2026-03-16 17:02:58 [http-nio-8080-exec-9] DEBUG o.s.orm.jpa.JpaTransactionManager - Creating new transaction with name [com.company.project.security.iam.CustomUserDetailsService.loadUserByUsername]: PROPAGATION_REQUIRED,ISOLATION_DEFAULT,readOnly
2026-03-16 17:02:58 [http-nio-8080-exec-3] DEBUG o.s.orm.jpa.JpaTransactionManager - Opened new EntityManager [SessionImpl(764715967<open>)] for JPA transaction
2026-03-16 17:02:58 [http-nio-8080-exec-9] DEBUG o.s.orm.jpa.JpaTransactionManager - Opened new EntityManager [SessionImpl(882045564<open>)] for JPA transaction
2026-03-16 17:02:58 [http-nio-8080-exec-4] DEBUG o.s.orm.jpa.JpaTransactionManager - Closing JPA EntityManager [SessionImpl(838870395<open>)] after transaction
2026-03-16 17:02:58 [http-nio-8080-exec-17] DEBUG o.s.orm.jpa.JpaTransactionManager - Initiating transaction commit
2026-03-16 17:02:58 [http-nio-8080-exec-17] DEBUG o.s.orm.jpa.JpaTransactionManager - Committing JPA transaction on EntityManager [SessionImpl(987898723<open>)]
2026-03-16 17:02:58 [http-nio-8080-exec-4] INFO  c.c.p.a.c.menu.MenuController - getLeftMenu returned 5 items
2026-03-16 17:02:58 [http-nio-8080-exec-4] DEBUG o.s.w.s.m.m.a.HttpEntityMethodProcessor - Using 'application/json', given [application/json, text/plain, */*] and supported [application/json, application/*+json, application/yaml]
2026-03-16 17:02:58 [http-nio-8080-exec-4] TRACE o.s.w.s.m.m.a.HttpEntityMethodProcessor - Writing [ApiResponse[success=true, status=200, code=COMMON_001, message=Success, data={list=[com.company.project.service.menu.dto.MenuDto@4f9fc700, com.company.project.service.menu.dto.MenuDto@7f55a6a4, com.company.project.service.menu.dto.MenuDto@33e4f063, com.company.project.service.menu.dto.MenuDto@2544e03c, com.company.project.service.menu.dto.MenuDto@14d29453]}, timestamp=2026-03-16T17:02:58.547980600]]
2026-03-16 17:02:58 [http-nio-8080-exec-4] INFO  c.c.p.a.i.OperationalAuditInterceptor - API Audit Log: URL=/api/v1/menu/left, User=webmaster, IP=127.0.0.1
2026-03-16 17:02:58 [http-nio-8080-exec-4] DEBUG o.s.web.servlet.DispatcherServlet - Completed 200 OK
2026-03-16 17:02:58 [http-nio-8080-exec-8] DEBUG c.c.p.s.jwt.JwtAuthenticationFilter - >>> [JwtFilter] Processing request: GET /api/v1/menu/left
2026-03-16 17:02:58 [http-nio-8080-exec-8] DEBUG c.c.p.s.jwt.JwtAuthenticationFilter - >>> [JwtFilter] Found token in header for path: /api/v1/menu/left
2026-03-16 17:02:58 [http-nio-8080-exec-8] DEBUG o.s.orm.jpa.JpaTransactionManager - Creating new transaction with name [com.company.project.security.iam.CustomUserDetailsService.loadUserByUsername]: PROPAGATION_REQUIRED,ISOLATION_DEFAULT,readOnly
2026-03-16 17:02:58 [http-nio-8080-exec-8] DEBUG o.s.orm.jpa.JpaTransactionManager - Opened new EntityManager [SessionImpl(1179401438<open>)] for JPA transaction
2026-03-16 17:02:58 [http-nio-8080-exec-10] DEBUG o.s.orm.jpa.JpaTransactionManager - Initiating transaction commit
2026-03-16 17:02:58 [http-nio-8080-exec-10] DEBUG o.s.orm.jpa.JpaTransactionManager - Committing JPA transaction on EntityManager [SessionImpl(1453340761<open>)]
2026-03-16 17:02:58 [http-nio-8080-exec-1] DEBUG o.s.orm.jpa.JpaTransactionManager - Closing JPA EntityManager [SessionImpl(1667271923<open>)] after transaction
2026-03-16 17:02:58 [http-nio-8080-exec-1] DEBUG o.s.w.s.m.m.a.RequestResponseBodyMethodProcessor - Using 'application/json', given [application/json, text/plain, */*] and supported [application/json, application/*+json, application/yaml]
2026-03-16 17:02:58 [http-nio-8080-exec-1] TRACE o.s.w.s.m.m.a.RequestResponseBodyMethodProcessor - Writing [ApiResponse[success=true, status=200, code=COMMON_001, message=Success, data={role=ROLE_ADMIN, accessToken=eyJhbGciOiJIUzUxMiJ9.eyJzdWIiOiJ3ZWJtYXN0ZXIiLCJyb2xlIjoiUk9MRV9BRE1JTiIsImlhdCI6MTc3MzY0ODE3OCwiZXhwIjoxNzczNjUxNzc4fQ.4LNXTiOYCDk28-DK9D_Vz0b6l6ltN6n9HiDZPjYs3rCrgs5YwdTDh1mhHdk8FiH4_k1FXCm6GYCB1GC6aV4Glw}, timestamp=2026-03-16T17:02:58.605350400]]
2026-03-16 17:02:58 [http-nio-8080-exec-1] INFO  c.c.p.a.i.OperationalAuditInterceptor - API Audit Log: URL=/api/v1/auth/login, User=webmaster, IP=127.0.0.1
2026-03-16 17:02:58 [http-nio-8080-exec-1] DEBUG o.s.web.servlet.DispatcherServlet - Completed 200 OK
2026-03-16 17:02:58 [http-nio-8080-exec-13] DEBUG c.c.p.s.jwt.JwtAuthenticationFilter - >>> [JwtFilter] Processing request: GET /api/v1/auth/me
2026-03-16 17:02:58 [http-nio-8080-exec-13] DEBUG c.c.p.s.jwt.JwtAuthenticationFilter - >>> [JwtFilter] Found token in header for path: /api/v1/auth/me
2026-03-16 17:02:58 [http-nio-8080-exec-13] DEBUG o.s.orm.jpa.JpaTransactionManager - Creating new transaction with name [com.company.project.security.iam.CustomUserDetailsService.loadUserByUsername]: PROPAGATION_REQUIRED,ISOLATION_DEFAULT,readOnly
2026-03-16 17:02:58 [http-nio-8080-exec-13] DEBUG o.s.orm.jpa.JpaTransactionManager - Opened new EntityManager [SessionImpl(285731188<open>)] for JPA transaction
2026-03-16 17:02:58 [http-nio-8080-exec-13] DEBUG o.s.orm.jpa.JpaTransactionManager - Exposing JPA transaction as JDBC [org.springframework.orm.jpa.vendor.HibernateJpaDialect$HibernateConnectionHandle@62d9f67]
2026-03-16 17:02:58 [http-nio-8080-exec-13] DEBUG o.s.orm.jpa.JpaTransactionManager - Found thread-bound EntityManager [SessionImpl(285731188<open>)] for JPA transaction
2026-03-16 17:02:58 [http-nio-8080-exec-13] DEBUG o.s.orm.jpa.JpaTransactionManager - Participating in existing transaction
2026-03-16 17:02:58 [http-nio-8080-exec-13] DEBUG org.hibernate.SQL - select u1_0.emplyr_id,u1_0.area_no,u1_0.brthdy,u1_0.chg_pwd_cnt,u1_0.frst_register_id,u1_0.frst_regist_pnttm,u1_0.detail_adres,u1_0.email_adres,u1_0.emplyr_sttus_code,u1_0.empl_no,u1_0.esntl_id,u1_0.fxnum,u1_0.group_id,u1_0.house_adres,u1_0.house_end_telno,u1_0.house_middle_telno,u1_0.ihidnum,u1_0.pstinst_code,u1_0.last_updusr_id,u1_0.last_updt_pnttm,u1_0.lock_at,u1_0.lock_cnt,u1_0.lock_last_pnttm,u1_0.mbtlnum,u1_0.ofcps_nm,u1_0.offm_telno,u1_0.orgnzt_id,u1_0.password,u1_0.password_cnsr,u1_0.password_hint,u1_0.chg_pwd_last_pnttm,u1_0.role,u1_0.sbscrb_de,u1_0.sexdstn_code,u1_0.crtfc_dn_value,u1_0.user_nm,u1_0.zip from nemplyrinfo u1_0 where u1_0.emplyr_id=?
2026-03-16 17:02:58 [http-nio-8080-exec-3] DEBUG o.s.orm.jpa.JpaTransactionManager - Exposing JPA transaction as JDBC [org.springframework.orm.jpa.vendor.HibernateJpaDialect$HibernateConnectionHandle@54d0fcee]
2026-03-16 17:02:58 [http-nio-8080-exec-3] DEBUG o.s.orm.jpa.JpaTransactionManager - Found thread-bound EntityManager [SessionImpl(764715967<open>)] for JPA transaction
2026-03-16 17:02:58 [http-nio-8080-exec-3] DEBUG o.s.orm.jpa.JpaTransactionManager - Participating in existing transaction
2026-03-16 17:02:58 [http-nio-8080-exec-3] DEBUG org.hibernate.SQL - select u1_0.emplyr_id,u1_0.area_no,u1_0.brthdy,u1_0.chg_pwd_cnt,u1_0.frst_register_id,u1_0.frst_regist_pnttm,u1_0.detail_adres,u1_0.email_adres,u1_0.emplyr_sttus_code,u1_0.empl_no,u1_0.esntl_id,u1_0.fxnum,u1_0.group_id,u1_0.house_adres,u1_0.house_end_telno,u1_0.house_middle_telno,u1_0.ihidnum,u1_0.pstinst_code,u1_0.last_updusr_id,u1_0.last_updt_pnttm,u1_0.lock_at,u1_0.lock_cnt,u1_0.lock_last_pnttm,u1_0.mbtlnum,u1_0.ofcps_nm,u1_0.offm_telno,u1_0.orgnzt_id,u1_0.password,u1_0.password_cnsr,u1_0.password_hint,u1_0.chg_pwd_last_pnttm,u1_0.role,u1_0.sbscrb_de,u1_0.sexdstn_code,u1_0.crtfc_dn_value,u1_0.user_nm,u1_0.zip from nemplyrinfo u1_0 where u1_0.emplyr_id=?
2026-03-16 17:02:58 [http-nio-8080-exec-9] DEBUG o.s.orm.jpa.JpaTransactionManager - Exposing JPA transaction as JDBC [org.springframework.orm.jpa.vendor.HibernateJpaDialect$HibernateConnectionHandle@2176877f]
2026-03-16 17:02:58 [http-nio-8080-exec-9] DEBUG o.s.orm.jpa.JpaTransactionManager - Found thread-bound EntityManager [SessionImpl(882045564<open>)] for JPA transaction
2026-03-16 17:02:58 [http-nio-8080-exec-9] DEBUG o.s.orm.jpa.JpaTransactionManager - Participating in existing transaction
2026-03-16 17:02:58 [http-nio-8080-exec-9] DEBUG org.hibernate.SQL - select u1_0.emplyr_id,u1_0.area_no,u1_0.brthdy,u1_0.chg_pwd_cnt,u1_0.frst_register_id,u1_0.frst_regist_pnttm,u1_0.detail_adres,u1_0.email_adres,u1_0.emplyr_sttus_code,u1_0.empl_no,u1_0.esntl_id,u1_0.fxnum,u1_0.group_id,u1_0.house_adres,u1_0.house_end_telno,u1_0.house_middle_telno,u1_0.ihidnum,u1_0.pstinst_code,u1_0.last_updusr_id,u1_0.last_updt_pnttm,u1_0.lock_at,u1_0.lock_cnt,u1_0.lock_last_pnttm,u1_0.mbtlnum,u1_0.ofcps_nm,u1_0.offm_telno,u1_0.orgnzt_id,u1_0.password,u1_0.password_cnsr,u1_0.password_hint,u1_0.chg_pwd_last_pnttm,u1_0.role,u1_0.sbscrb_de,u1_0.sexdstn_code,u1_0.crtfc_dn_value,u1_0.user_nm,u1_0.zip from nemplyrinfo u1_0 where u1_0.emplyr_id=?
2026-03-16 17:02:58 [http-nio-8080-exec-17] DEBUG o.s.orm.jpa.JpaTransactionManager - Closing JPA EntityManager [SessionImpl(987898723<open>)] after transaction
2026-03-16 17:02:58 [http-nio-8080-exec-17] DEBUG o.s.w.s.m.m.a.HttpEntityMethodProcessor - Using 'application/json', given [application/json, text/plain, */*] and supported [application/json, application/*+json, application/yaml]
2026-03-16 17:02:58 [http-nio-8080-exec-17] TRACE o.s.w.s.m.m.a.HttpEntityMethodProcessor - Writing [ApiResponse[success=true, status=200, code=COMMON_001, message=Success, data=0, timestamp=2026-03-16T17:02:58.703616800]]
2026-03-16 17:02:58 [http-nio-8080-exec-17] INFO  c.c.p.a.i.OperationalAuditInterceptor - API Audit Log: URL=/api/v1/notifications/unread-count, User=webmaster, IP=127.0.0.1
2026-03-16 17:02:58 [http-nio-8080-exec-17] DEBUG o.s.web.servlet.DispatcherServlet - Completed 200 OK
2026-03-16 17:02:58 [http-nio-8080-exec-11] DEBUG c.c.p.s.jwt.JwtAuthenticationFilter - >>> [JwtFilter] Processing request: GET /api/v1/notifications/unread-count
2026-03-16 17:02:58 [http-nio-8080-exec-11] DEBUG c.c.p.s.jwt.JwtAuthenticationFilter - >>> [JwtFilter] Found token in header for path: /api/v1/notifications/unread-count
2026-03-16 17:02:58 [http-nio-8080-exec-11] DEBUG o.s.orm.jpa.JpaTransactionManager - Creating new transaction with name [com.company.project.security.iam.CustomUserDetailsService.loadUserByUsername]: PROPAGATION_REQUIRED,ISOLATION_DEFAULT,readOnly
2026-03-16 17:02:58 [http-nio-8080-exec-11] DEBUG o.s.orm.jpa.JpaTransactionManager - Opened new EntityManager [SessionImpl(1491490572<open>)] for JPA transaction
2026-03-16 17:02:58 [http-nio-8080-exec-11] DEBUG o.s.orm.jpa.JpaTransactionManager - Exposing JPA transaction as JDBC [org.springframework.orm.jpa.vendor.HibernateJpaDialect$HibernateConnectionHandle@18044407]
2026-03-16 17:02:58 [http-nio-8080-exec-11] DEBUG o.s.orm.jpa.JpaTransactionManager - Found thread-bound EntityManager [SessionImpl(1491490572<open>)] for JPA transaction
2026-03-16 17:02:58 [http-nio-8080-exec-11] DEBUG o.s.orm.jpa.JpaTransactionManager - Participating in existing transaction
2026-03-16 17:02:58 [http-nio-8080-exec-11] DEBUG org.hibernate.SQL - select u1_0.emplyr_id,u1_0.area_no,u1_0.brthdy,u1_0.chg_pwd_cnt,u1_0.frst_register_id,u1_0.frst_regist_pnttm,u1_0.detail_adres,u1_0.email_adres,u1_0.emplyr_sttus_code,u1_0.empl_no,u1_0.esntl_id,u1_0.fxnum,u1_0.group_id,u1_0.house_adres,u1_0.house_end_telno,u1_0.house_middle_telno,u1_0.ihidnum,u1_0.pstinst_code,u1_0.last_updusr_id,u1_0.last_updt_pnttm,u1_0.lock_at,u1_0.lock_cnt,u1_0.lock_last_pnttm,u1_0.mbtlnum,u1_0.ofcps_nm,u1_0.offm_telno,u1_0.orgnzt_id,u1_0.password,u1_0.password_cnsr,u1_0.password_hint,u1_0.chg_pwd_last_pnttm,u1_0.role,u1_0.sbscrb_de,u1_0.sexdstn_code,u1_0.crtfc_dn_value,u1_0.user_nm,u1_0.zip from nemplyrinfo u1_0 where u1_0.emplyr_id=?
2026-03-16 17:02:58 [http-nio-8080-exec-8] DEBUG o.s.orm.jpa.JpaTransactionManager - Exposing JPA transaction as JDBC [org.springframework.orm.jpa.vendor.HibernateJpaDialect$HibernateConnectionHandle@579d497b]
2026-03-16 17:02:58 [http-nio-8080-exec-8] DEBUG o.s.orm.jpa.JpaTransactionManager - Found thread-bound EntityManager [SessionImpl(1179401438<open>)] for JPA transaction
2026-03-16 17:02:58 [http-nio-8080-exec-8] DEBUG o.s.orm.jpa.JpaTransactionManager - Participating in existing transaction
2026-03-16 17:02:58 [http-nio-8080-exec-8] DEBUG org.hibernate.SQL - select u1_0.emplyr_id,u1_0.area_no,u1_0.brthdy,u1_0.chg_pwd_cnt,u1_0.frst_register_id,u1_0.frst_regist_pnttm,u1_0.detail_adres,u1_0.email_adres,u1_0.emplyr_sttus_code,u1_0.empl_no,u1_0.esntl_id,u1_0.fxnum,u1_0.group_id,u1_0.house_adres,u1_0.house_end_telno,u1_0.house_middle_telno,u1_0.ihidnum,u1_0.pstinst_code,u1_0.last_updusr_id,u1_0.last_updt_pnttm,u1_0.lock_at,u1_0.lock_cnt,u1_0.lock_last_pnttm,u1_0.mbtlnum,u1_0.ofcps_nm,u1_0.offm_telno,u1_0.orgnzt_id,u1_0.password,u1_0.password_cnsr,u1_0.password_hint,u1_0.chg_pwd_last_pnttm,u1_0.role,u1_0.sbscrb_de,u1_0.sexdstn_code,u1_0.crtfc_dn_value,u1_0.user_nm,u1_0.zip from nemplyrinfo u1_0 where u1_0.emplyr_id=?
2026-03-16 17:02:58 [http-nio-8080-exec-10] DEBUG o.s.orm.jpa.JpaTransactionManager - Closing JPA EntityManager [SessionImpl(1453340761<open>)] after transaction
2026-03-16 17:02:58 [http-nio-8080-exec-10] DEBUG o.s.w.s.m.m.a.HttpEntityMethodProcessor - Using 'application/json', given [application/json, text/plain, */*] and supported [application/json, application/*+json, application/yaml]
2026-03-16 17:02:58 [http-nio-8080-exec-10] TRACE o.s.w.s.m.m.a.HttpEntityMethodProcessor - Writing [ApiResponse[success=true, status=200, code=COMMON_001, message=Success, data=[NotificationDto(ntfcNo=NT001, ntfcSj=테스트 알림입니다, ntfcCn=알림 내용입니다, ntfcDate=null, ntfcTime=2026-02-25T00:59:33.784070, bhNtfcIntrvl=null, uniqId=null, frstRegisterId=null, frstRegisterPnttm=2026-02-25T00:59:33.784070, lastUpdusrId=null, lastUpdusrPnttm=null)], timestamp=2026-03-16T17:02:58.717888600]]
2026-03-16 17:02:58 [http-nio-8080-exec-10] INFO  c.c.p.a.i.OperationalAuditInterceptor - API Audit Log: URL=/api/v1/notifications, User=webmaster, IP=127.0.0.1
2026-03-16 17:02:58 [http-nio-8080-exec-10] DEBUG o.s.web.servlet.DispatcherServlet - Completed 200 OK
2026-03-16 17:02:58 [http-nio-8080-exec-12] DEBUG c.c.p.s.jwt.JwtAuthenticationFilter - >>> [JwtFilter] Processing request: GET /api/v1/notifications
2026-03-16 17:02:58 [http-nio-8080-exec-12] DEBUG c.c.p.s.jwt.JwtAuthenticationFilter - >>> [JwtFilter] Found token in header for path: /api/v1/notifications
2026-03-16 17:02:58 [http-nio-8080-exec-12] DEBUG o.s.orm.jpa.JpaTransactionManager - Creating new transaction with name [com.company.project.security.iam.CustomUserDetailsService.loadUserByUsername]: PROPAGATION_REQUIRED,ISOLATION_DEFAULT,readOnly
2026-03-16 17:02:58 [http-nio-8080-exec-12] DEBUG o.s.orm.jpa.JpaTransactionManager - Opened new EntityManager [SessionImpl(19721262<open>)] for JPA transaction
2026-03-16 17:02:58 [http-nio-8080-exec-13] DEBUG o.s.orm.jpa.JpaTransactionManager - Found thread-bound EntityManager [SessionImpl(285731188<open>)] for JPA transaction
2026-03-16 17:02:58 [http-nio-8080-exec-13] DEBUG o.s.orm.jpa.JpaTransactionManager - Participating in existing transaction
2026-03-16 17:02:58 [http-nio-8080-exec-13] DEBUG org.hibernate.SQL - select ua1_0.scrty_dtrmn_trget_id,ua1_0.author_code,ua1_0.frst_register_id,ua1_0.frst_regist_pnttm,ua1_0.last_updusr_id,ua1_0.last_updt_pnttm,ua1_0.mber_ty_code from nemplyrscrtyestbs ua1_0 where ua1_0.scrty_dtrmn_trget_id=?
2026-03-16 17:02:58 [http-nio-8080-exec-3] DEBUG o.s.orm.jpa.JpaTransactionManager - Found thread-bound EntityManager [SessionImpl(764715967<open>)] for JPA transaction
2026-03-16 17:02:58 [http-nio-8080-exec-3] DEBUG o.s.orm.jpa.JpaTransactionManager - Participating in existing transaction
2026-03-16 17:02:58 [http-nio-8080-exec-3] DEBUG org.hibernate.SQL - select ua1_0.scrty_dtrmn_trget_id,ua1_0.author_code,ua1_0.frst_register_id,ua1_0.frst_regist_pnttm,ua1_0.last_updusr_id,ua1_0.last_updt_pnttm,ua1_0.mber_ty_code from nemplyrscrtyestbs ua1_0 where ua1_0.scrty_dtrmn_trget_id=?
2026-03-16 17:02:58 [http-nio-8080-exec-9] DEBUG o.s.orm.jpa.JpaTransactionManager - Found thread-bound EntityManager [SessionImpl(882045564<open>)] for JPA transaction
2026-03-16 17:02:58 [http-nio-8080-exec-9] DEBUG o.s.orm.jpa.JpaTransactionManager - Participating in existing transaction
2026-03-16 17:02:58 [http-nio-8080-exec-9] DEBUG org.hibernate.SQL - select ua1_0.scrty_dtrmn_trget_id,ua1_0.author_code,ua1_0.frst_register_id,ua1_0.frst_regist_pnttm,ua1_0.last_updusr_id,ua1_0.last_updt_pnttm,ua1_0.mber_ty_code from nemplyrscrtyestbs ua1_0 where ua1_0.scrty_dtrmn_trget_id=?
2026-03-16 17:02:58 [http-nio-8080-exec-11] DEBUG o.s.orm.jpa.JpaTransactionManager - Found thread-bound EntityManager [SessionImpl(1491490572<open>)] for JPA transaction
2026-03-16 17:02:58 [http-nio-8080-exec-11] DEBUG o.s.orm.jpa.JpaTransactionManager - Participating in existing transaction
2026-03-16 17:02:58 [http-nio-8080-exec-11] DEBUG org.hibernate.SQL - select ua1_0.scrty_dtrmn_trget_id,ua1_0.author_code,ua1_0.frst_register_id,ua1_0.frst_regist_pnttm,ua1_0.last_updusr_id,ua1_0.last_updt_pnttm,ua1_0.mber_ty_code from nemplyrscrtyestbs ua1_0 where ua1_0.scrty_dtrmn_trget_id=?
2026-03-16 17:02:58 [http-nio-8080-exec-8] DEBUG o.s.orm.jpa.JpaTransactionManager - Found thread-bound EntityManager [SessionImpl(1179401438<open>)] for JPA transaction
2026-03-16 17:02:58 [http-nio-8080-exec-8] DEBUG o.s.orm.jpa.JpaTransactionManager - Participating in existing transaction
2026-03-16 17:02:58 [http-nio-8080-exec-8] DEBUG org.hibernate.SQL - select ua1_0.scrty_dtrmn_trget_id,ua1_0.author_code,ua1_0.frst_register_id,ua1_0.frst_regist_pnttm,ua1_0.last_updusr_id,ua1_0.last_updt_pnttm,ua1_0.mber_ty_code from nemplyrscrtyestbs ua1_0 where ua1_0.scrty_dtrmn_trget_id=?
2026-03-16 17:02:58 [http-nio-8080-exec-12] DEBUG o.s.orm.jpa.JpaTransactionManager - Exposing JPA transaction as JDBC [org.springframework.orm.jpa.vendor.HibernateJpaDialect$HibernateConnectionHandle@242e73ba]
2026-03-16 17:02:58 [http-nio-8080-exec-12] DEBUG o.s.orm.jpa.JpaTransactionManager - Found thread-bound EntityManager [SessionImpl(19721262<open>)] for JPA transaction
2026-03-16 17:02:58 [http-nio-8080-exec-12] DEBUG o.s.orm.jpa.JpaTransactionManager - Participating in existing transaction
2026-03-16 17:02:58 [http-nio-8080-exec-12] DEBUG org.hibernate.SQL - select u1_0.emplyr_id,u1_0.area_no,u1_0.brthdy,u1_0.chg_pwd_cnt,u1_0.frst_register_id,u1_0.frst_regist_pnttm,u1_0.detail_adres,u1_0.email_adres,u1_0.emplyr_sttus_code,u1_0.empl_no,u1_0.esntl_id,u1_0.fxnum,u1_0.group_id,u1_0.house_adres,u1_0.house_end_telno,u1_0.house_middle_telno,u1_0.ihidnum,u1_0.pstinst_code,u1_0.last_updusr_id,u1_0.last_updt_pnttm,u1_0.lock_at,u1_0.lock_cnt,u1_0.lock_last_pnttm,u1_0.mbtlnum,u1_0.ofcps_nm,u1_0.offm_telno,u1_0.orgnzt_id,u1_0.password,u1_0.password_cnsr,u1_0.password_hint,u1_0.chg_pwd_last_pnttm,u1_0.role,u1_0.sbscrb_de,u1_0.sexdstn_code,u1_0.crtfc_dn_value,u1_0.user_nm,u1_0.zip from nemplyrinfo u1_0 where u1_0.emplyr_id=?
2026-03-16 17:02:58 [http-nio-8080-exec-13] DEBUG o.s.orm.jpa.JpaTransactionManager - Initiating transaction commit
2026-03-16 17:02:58 [http-nio-8080-exec-13] DEBUG o.s.orm.jpa.JpaTransactionManager - Committing JPA transaction on EntityManager [SessionImpl(285731188<open>)]
2026-03-16 17:02:58 [http-nio-8080-exec-3] DEBUG o.s.orm.jpa.JpaTransactionManager - Initiating transaction commit
2026-03-16 17:02:58 [http-nio-8080-exec-3] DEBUG o.s.orm.jpa.JpaTransactionManager - Committing JPA transaction on EntityManager [SessionImpl(764715967<open>)]
2026-03-16 17:02:58 [http-nio-8080-exec-9] DEBUG o.s.orm.jpa.JpaTransactionManager - Initiating transaction commit
2026-03-16 17:02:58 [http-nio-8080-exec-9] DEBUG o.s.orm.jpa.JpaTransactionManager - Committing JPA transaction on EntityManager [SessionImpl(882045564<open>)]
2026-03-16 17:02:59 [http-nio-8080-exec-11] DEBUG o.s.orm.jpa.JpaTransactionManager - Initiating transaction commit
2026-03-16 17:02:59 [http-nio-8080-exec-11] DEBUG o.s.orm.jpa.JpaTransactionManager - Committing JPA transaction on EntityManager [SessionImpl(1491490572<open>)]
2026-03-16 17:02:59 [http-nio-8080-exec-8] DEBUG o.s.orm.jpa.JpaTransactionManager - Initiating transaction commit
2026-03-16 17:02:59 [http-nio-8080-exec-12] DEBUG o.s.orm.jpa.JpaTransactionManager - Found thread-bound EntityManager [SessionImpl(19721262<open>)] for JPA transaction
2026-03-16 17:02:59 [http-nio-8080-exec-8] DEBUG o.s.orm.jpa.JpaTransactionManager - Committing JPA transaction on EntityManager [SessionImpl(1179401438<open>)]
2026-03-16 17:02:59 [http-nio-8080-exec-12] DEBUG o.s.orm.jpa.JpaTransactionManager - Participating in existing transaction
2026-03-16 17:02:59 [http-nio-8080-exec-12] DEBUG org.hibernate.SQL - select ua1_0.scrty_dtrmn_trget_id,ua1_0.author_code,ua1_0.frst_register_id,ua1_0.frst_regist_pnttm,ua1_0.last_updusr_id,ua1_0.last_updt_pnttm,ua1_0.mber_ty_code from nemplyrscrtyestbs ua1_0 where ua1_0.scrty_dtrmn_trget_id=?
2026-03-16 17:02:59 [http-nio-8080-exec-13] DEBUG o.s.orm.jpa.JpaTransactionManager - Closing JPA EntityManager [SessionImpl(285731188<open>)] after transaction
2026-03-16 17:02:59 [http-nio-8080-exec-13] DEBUG c.c.p.s.jwt.JwtAuthenticationFilter - >>> [JwtFilter] Successfully authenticated user: USRCNFRM_99999999999, Authorities: [ROLE_ADMIN]
2026-03-16 17:02:59 [http-nio-8080-exec-13] DEBUG o.s.web.servlet.DispatcherServlet - GET "/api/v1/auth/me", parameters={}
2026-03-16 17:02:59 [http-nio-8080-exec-13] TRACE o.s.w.s.m.m.a.RequestMappingHandlerMapping - Mapped to com.company.project.api.auth.AuthController#getCurrentUser()
2026-03-16 17:02:59 [http-nio-8080-exec-13] DEBUG o.s.w.s.m.m.a.RequestResponseBodyMethodProcessor - Using 'application/json', given [application/json, text/plain, */*] and supported [application/json, application/*+json, application/yaml]
2026-03-16 17:02:59 [http-nio-8080-exec-13] TRACE o.s.w.s.m.m.a.RequestResponseBodyMethodProcessor - Writing [ApiResponse[success=true, status=200, code=COMMON_001, message=Success, data={role=ROLE_ADMIN, userSe=EMP, name=관리자, id=webmaster}, timestamp=2026-03-16T17:02:59.069591800]]
2026-03-16 17:02:59 [http-nio-8080-exec-13] INFO  c.c.p.a.i.OperationalAuditInterceptor - API Audit Log: URL=/api/v1/auth/me, User=webmaster, IP=127.0.0.1
2026-03-16 17:02:59 [http-nio-8080-exec-13] DEBUG o.s.web.servlet.DispatcherServlet - Completed 200 OK
2026-03-16 17:02:59 [scheduling-1] DEBUG org.springframework.web.SimpLogging - Processing UNSUBSCRIBE id=sub-2 session=qh4143bw
2026-03-16 17:02:59 [scheduling-1] DEBUG org.springframework.web.SimpLogging - Processing UNSUBSCRIBE id=sub-3 session=qh4143bw
2026-03-16 17:02:59 [scheduling-1] DEBUG org.springframework.web.SimpLogging - Processing DISCONNECT receipt=close-4 session=qh4143bw
2026-03-16 17:02:59 [scheduling-1] DEBUG org.springframework.web.SimpLogging - Processing SUBSCRIBE /topic/public id=sub-5 session=qh4143bw
2026-03-16 17:02:59 [http-nio-8080-exec-6] DEBUG o.s.w.s.h.LoggingWebSocketHandlerDecorator - WebSocketServerSockJsSession[id=qh4143bw] closed with CloseStatus[code=1000, reason=null]
2026-03-16 17:02:59 [http-nio-8080-exec-6] DEBUG o.s.w.s.m.SubProtocolWebSocketHandler - Clearing session qh4143bw
2026-03-16 17:02:59 [scheduling-1] DEBUG org.springframework.web.SimpLogging - Processing DISCONNECT session=qh4143bw
2026-03-16 17:02:59 [scheduling-1] DEBUG o.s.w.s.m.SubProtocolWebSocketHandler - No session for GenericMessage [payload=byte[0], headers={simpMessageType=DISCONNECT_ACK, simpDisconnectMessage=GenericMessage [payload=byte[0], headers={simpMessageType=DISCONNECT, stompCommand=DISCONNECT, simpSessionAttributes={org.springframework.messaging.simp.SimpAttributes.COMPLETED=true}, simpSessionId=qh4143bw}], simpSessionId=qh4143bw}]
2026-03-16 17:02:59 [http-nio-8080-exec-16] DEBUG o.s.web.servlet.DispatcherServlet - GET "/ws/info?t=1773648179088", parameters={masked}
2026-03-16 17:02:59 [http-nio-8080-exec-16] DEBUG o.s.w.s.s.s.WebSocketHandlerMapping - Mapped to org.springframework.web.socket.sockjs.support.SockJsHttpRequestHandler@3d80b7ba
2026-03-16 17:02:59 [http-nio-8080-exec-16] DEBUG o.s.w.s.s.t.h.DefaultSockJsService - Processing transport request: GET http://localhost:8080/ws/info?t=1773648179088
2026-03-16 17:02:59 [http-nio-8080-exec-16] DEBUG o.s.web.servlet.DispatcherServlet - Completed 200 OK
2026-03-16 17:02:59 [http-nio-8080-exec-18] DEBUG o.s.web.servlet.DispatcherServlet - GET "/ws/664/wi25rqwe/websocket", parameters={}
2026-03-16 17:02:59 [http-nio-8080-exec-18] DEBUG o.s.w.s.s.s.WebSocketHandlerMapping - Mapped to org.springframework.web.socket.sockjs.support.SockJsHttpRequestHandler@3d80b7ba
2026-03-16 17:02:59 [http-nio-8080-exec-18] DEBUG o.s.w.s.s.t.h.DefaultSockJsService - Processing transport request: GET http://localhost:8080/ws/664/wi25rqwe/websocket
2026-03-16 17:02:59 [http-nio-8080-exec-18] DEBUG o.s.web.servlet.DispatcherServlet - Completed 101 SWITCHING_PROTOCOLS
2026-03-16 17:02:59 [http-nio-8080-exec-18] DEBUG o.s.w.s.h.LoggingWebSocketHandlerDecorator - New WebSocketServerSockJsSession[id=wi25rqwe]
2026-03-16 17:02:59 [scheduling-1] DEBUG org.springframework.web.SimpLogging - Processing CONNECT session=wi25rqwe
2026-03-16 17:02:59 [scheduling-1] DEBUG org.springframework.web.SimpLogging - Processing SUBSCRIBE /topic/notices id=sub-0 session=wi25rqwe
2026-03-16 17:02:59 [scheduling-1] DEBUG org.springframework.web.SimpLogging - Processing SUBSCRIBE destination=/queue/notifications-userwi25rqwe subscriptionId=sub-1 session=wi25rqwe payload=byte[0]
2026-03-16 17:02:59 [http-nio-8080-exec-3] DEBUG o.s.orm.jpa.JpaTransactionManager - Closing JPA EntityManager [SessionImpl(764715967<open>)] after transaction
2026-03-16 17:02:59 [http-nio-8080-exec-3] DEBUG c.c.p.s.jwt.JwtAuthenticationFilter - >>> [JwtFilter] Successfully authenticated user: USRCNFRM_99999999999, Authorities: [ROLE_ADMIN]
2026-03-16 17:02:59 [http-nio-8080-exec-3] DEBUG o.s.web.servlet.DispatcherServlet - GET "/api/v1/menu/head", parameters={}
2026-03-16 17:02:59 [http-nio-8080-exec-3] TRACE o.s.w.s.m.m.a.RequestMappingHandlerMapping - Mapped to com.company.project.api.controller.menu.MenuController#getHeadMenu()
2026-03-16 17:02:59 [http-nio-8080-exec-3] INFO  c.c.p.a.c.menu.MenuController - getHeadMenu called
2026-03-16 17:02:59 [http-nio-8080-exec-3] INFO  c.c.p.a.c.menu.MenuController - getHeadMenu returned 5 items
2026-03-16 17:02:59 [http-nio-8080-exec-3] DEBUG o.s.w.s.m.m.a.HttpEntityMethodProcessor - Using 'application/json', given [application/json, text/plain, */*] and supported [application/json, application/*+json, application/yaml]
2026-03-16 17:02:59 [http-nio-8080-exec-3] TRACE o.s.w.s.m.m.a.HttpEntityMethodProcessor - Writing [ApiResponse[success=true, status=200, code=COMMON_001, message=Success, data={list=[com.company.project.service.menu.dto.MenuDto@2b80d6b0, com.company.project.service.menu.dto.MenuDto@1418cfa3, com.company.project.service.menu.dto.MenuDto@f230bf1, com.company.project.service.menu.dto.MenuDto@734a7f6a, com.company.project.service.menu.dto.MenuDto@5e5202e5]}, timestamp=2026-03-16T17:02:59.124126100]]
2026-03-16 17:02:59 [http-nio-8080-exec-3] INFO  c.c.p.a.i.OperationalAuditInterceptor - API Audit Log: URL=/api/v1/menu/head, User=webmaster, IP=0:0:0:0:0:0:0:1
2026-03-16 17:02:59 [http-nio-8080-exec-3] DEBUG o.s.web.servlet.DispatcherServlet - Completed 200 OK
2026-03-16 17:02:59 [http-nio-8080-exec-14] DEBUG c.c.p.s.jwt.JwtAuthenticationFilter - >>> [JwtFilter] Processing request: GET /api/v1/menu/head
2026-03-16 17:02:59 [http-nio-8080-exec-2] DEBUG c.c.p.s.jwt.JwtAuthenticationFilter - >>> [JwtFilter] Processing request: GET /api/v1/dashboard
2026-03-16 17:02:59 [http-nio-8080-exec-14] DEBUG c.c.p.s.jwt.JwtAuthenticationFilter - >>> [JwtFilter] Found token in header for path: /api/v1/menu/head
2026-03-16 17:02:59 [http-nio-8080-exec-2] DEBUG c.c.p.s.jwt.JwtAuthenticationFilter - >>> [JwtFilter] Found token in header for path: /api/v1/dashboard
2026-03-16 17:02:59 [http-nio-8080-exec-2] DEBUG o.s.orm.jpa.JpaTransactionManager - Creating new transaction with name [com.company.project.security.iam.CustomUserDetailsService.loadUserByUsername]: PROPAGATION_REQUIRED,ISOLATION_DEFAULT,readOnly
2026-03-16 17:02:59 [http-nio-8080-exec-14] DEBUG o.s.orm.jpa.JpaTransactionManager - Creating new transaction with name [com.company.project.security.iam.CustomUserDetailsService.loadUserByUsername]: PROPAGATION_REQUIRED,ISOLATION_DEFAULT,readOnly
2026-03-16 17:02:59 [http-nio-8080-exec-2] DEBUG o.s.orm.jpa.JpaTransactionManager - Opened new EntityManager [SessionImpl(247646434<open>)] for JPA transaction
2026-03-16 17:02:59 [http-nio-8080-exec-14] DEBUG o.s.orm.jpa.JpaTransactionManager - Opened new EntityManager [SessionImpl(576845447<open>)] for JPA transaction
2026-03-16 17:02:59 [http-nio-8080-exec-14] DEBUG o.s.orm.jpa.JpaTransactionManager - Exposing JPA transaction as JDBC [org.springframework.orm.jpa.vendor.HibernateJpaDialect$HibernateConnectionHandle@4a6d6d28]
2026-03-16 17:02:59 [http-nio-8080-exec-14] DEBUG o.s.orm.jpa.JpaTransactionManager - Found thread-bound EntityManager [SessionImpl(576845447<open>)] for JPA transaction
2026-03-16 17:02:59 [http-nio-8080-exec-14] DEBUG o.s.orm.jpa.JpaTransactionManager - Participating in existing transaction
2026-03-16 17:02:59 [http-nio-8080-exec-14] DEBUG org.hibernate.SQL - select u1_0.emplyr_id,u1_0.area_no,u1_0.brthdy,u1_0.chg_pwd_cnt,u1_0.frst_register_id,u1_0.frst_regist_pnttm,u1_0.detail_adres,u1_0.email_adres,u1_0.emplyr_sttus_code,u1_0.empl_no,u1_0.esntl_id,u1_0.fxnum,u1_0.group_id,u1_0.house_adres,u1_0.house_end_telno,u1_0.house_middle_telno,u1_0.ihidnum,u1_0.pstinst_code,u1_0.last_updusr_id,u1_0.last_updt_pnttm,u1_0.lock_at,u1_0.lock_cnt,u1_0.lock_last_pnttm,u1_0.mbtlnum,u1_0.ofcps_nm,u1_0.offm_telno,u1_0.orgnzt_id,u1_0.password,u1_0.password_cnsr,u1_0.password_hint,u1_0.chg_pwd_last_pnttm,u1_0.role,u1_0.sbscrb_de,u1_0.sexdstn_code,u1_0.crtfc_dn_value,u1_0.user_nm,u1_0.zip from nemplyrinfo u1_0 where u1_0.emplyr_id=?
2026-03-16 17:02:59 [http-nio-8080-exec-19] DEBUG c.c.p.s.jwt.JwtAuthenticationFilter - >>> [JwtFilter] Processing request: GET /api/v1/menu/left
2026-03-16 17:02:59 [http-nio-8080-exec-4] DEBUG c.c.p.s.jwt.JwtAuthenticationFilter - >>> [JwtFilter] Processing request: GET /api/v1/menu/left
2026-03-16 17:02:59 [http-nio-8080-exec-19] DEBUG c.c.p.s.jwt.JwtAuthenticationFilter - >>> [JwtFilter] Found token in header for path: /api/v1/menu/left
2026-03-16 17:02:59 [http-nio-8080-exec-4] DEBUG c.c.p.s.jwt.JwtAuthenticationFilter - >>> [JwtFilter] Found token in header for path: /api/v1/menu/left
2026-03-16 17:02:59 [http-nio-8080-exec-4] DEBUG o.s.orm.jpa.JpaTransactionManager - Creating new transaction with name [com.company.project.security.iam.CustomUserDetailsService.loadUserByUsername]: PROPAGATION_REQUIRED,ISOLATION_DEFAULT,readOnly
2026-03-16 17:02:59 [http-nio-8080-exec-19] DEBUG o.s.orm.jpa.JpaTransactionManager - Creating new transaction with name [com.company.project.security.iam.CustomUserDetailsService.loadUserByUsername]: PROPAGATION_REQUIRED,ISOLATION_DEFAULT,readOnly
2026-03-16 17:02:59 [http-nio-8080-exec-4] DEBUG o.s.orm.jpa.JpaTransactionManager - Opened new EntityManager [SessionImpl(1189109995<open>)] for JPA transaction
2026-03-16 17:02:59 [http-nio-8080-exec-19] DEBUG o.s.orm.jpa.JpaTransactionManager - Opened new EntityManager [SessionImpl(500758843<open>)] for JPA transaction
2026-03-16 17:02:59 [http-nio-8080-exec-19] DEBUG o.s.orm.jpa.JpaTransactionManager - Exposing JPA transaction as JDBC [org.springframework.orm.jpa.vendor.HibernateJpaDialect$HibernateConnectionHandle@3153a3a]
2026-03-16 17:02:59 [http-nio-8080-exec-19] DEBUG o.s.orm.jpa.JpaTransactionManager - Found thread-bound EntityManager [SessionImpl(500758843<open>)] for JPA transaction
2026-03-16 17:02:59 [http-nio-8080-exec-19] DEBUG o.s.orm.jpa.JpaTransactionManager - Participating in existing transaction
2026-03-16 17:02:59 [http-nio-8080-exec-19] DEBUG org.hibernate.SQL - select u1_0.emplyr_id,u1_0.area_no,u1_0.brthdy,u1_0.chg_pwd_cnt,u1_0.frst_register_id,u1_0.frst_regist_pnttm,u1_0.detail_adres,u1_0.email_adres,u1_0.emplyr_sttus_code,u1_0.empl_no,u1_0.esntl_id,u1_0.fxnum,u1_0.group_id,u1_0.house_adres,u1_0.house_end_telno,u1_0.house_middle_telno,u1_0.ihidnum,u1_0.pstinst_code,u1_0.last_updusr_id,u1_0.last_updt_pnttm,u1_0.lock_at,u1_0.lock_cnt,u1_0.lock_last_pnttm,u1_0.mbtlnum,u1_0.ofcps_nm,u1_0.offm_telno,u1_0.orgnzt_id,u1_0.password,u1_0.password_cnsr,u1_0.password_hint,u1_0.chg_pwd_last_pnttm,u1_0.role,u1_0.sbscrb_de,u1_0.sexdstn_code,u1_0.crtfc_dn_value,u1_0.user_nm,u1_0.zip from nemplyrinfo u1_0 where u1_0.emplyr_id=?
2026-03-16 17:02:59 [http-nio-8080-exec-1] DEBUG c.c.p.s.jwt.JwtAuthenticationFilter - >>> [JwtFilter] Processing request: GET /api/v1/menu/left
2026-03-16 17:02:59 [http-nio-8080-exec-1] DEBUG c.c.p.s.jwt.JwtAuthenticationFilter - >>> [JwtFilter] Found token in header for path: /api/v1/menu/left
2026-03-16 17:02:59 [http-nio-8080-exec-17] DEBUG c.c.p.s.jwt.JwtAuthenticationFilter - >>> [JwtFilter] Processing request: GET /api/v1/menu/left
2026-03-16 17:02:59 [http-nio-8080-exec-10] DEBUG c.c.p.s.jwt.JwtAuthenticationFilter - >>> [JwtFilter] Processing request: GET /api/v1/menu/left
2026-03-16 17:02:59 [http-nio-8080-exec-17] DEBUG c.c.p.s.jwt.JwtAuthenticationFilter - >>> [JwtFilter] Found token in header for path: /api/v1/menu/left
2026-03-16 17:02:59 [http-nio-8080-exec-10] DEBUG c.c.p.s.jwt.JwtAuthenticationFilter - >>> [JwtFilter] Found token in header for path: /api/v1/menu/left
2026-03-16 17:02:59 [http-nio-8080-exec-1] DEBUG o.s.orm.jpa.JpaTransactionManager - Creating new transaction with name [com.company.project.security.iam.CustomUserDetailsService.loadUserByUsername]: PROPAGATION_REQUIRED,ISOLATION_DEFAULT,readOnly
2026-03-16 17:02:59 [http-nio-8080-exec-1] DEBUG o.s.orm.jpa.JpaTransactionManager - Opened new EntityManager [SessionImpl(685952436<open>)] for JPA transaction
2026-03-16 17:02:59 [http-nio-8080-exec-10] DEBUG o.s.orm.jpa.JpaTransactionManager - Creating new transaction with name [com.company.project.security.iam.CustomUserDetailsService.loadUserByUsername]: PROPAGATION_REQUIRED,ISOLATION_DEFAULT,readOnly
2026-03-16 17:02:59 [http-nio-8080-exec-17] DEBUG o.s.orm.jpa.JpaTransactionManager - Creating new transaction with name [com.company.project.security.iam.CustomUserDetailsService.loadUserByUsername]: PROPAGATION_REQUIRED,ISOLATION_DEFAULT,readOnly
2026-03-16 17:02:59 [http-nio-8080-exec-10] DEBUG o.s.orm.jpa.JpaTransactionManager - Opened new EntityManager [SessionImpl(708413598<open>)] for JPA transaction
2026-03-16 17:02:59 [http-nio-8080-exec-17] DEBUG o.s.orm.jpa.JpaTransactionManager - Opened new EntityManager [SessionImpl(1539183366<open>)] for JPA transaction
2026-03-16 17:02:59 [http-nio-8080-exec-9] DEBUG o.s.orm.jpa.JpaTransactionManager - Closing JPA EntityManager [SessionImpl(882045564<open>)] after transaction
2026-03-16 17:02:59 [http-nio-8080-exec-9] DEBUG c.c.p.s.jwt.JwtAuthenticationFilter - >>> [JwtFilter] Successfully authenticated user: USRCNFRM_99999999999, Authorities: [ROLE_ADMIN]
2026-03-16 17:02:59 [http-nio-8080-exec-10] DEBUG o.s.orm.jpa.JpaTransactionManager - Exposing JPA transaction as JDBC [org.springframework.orm.jpa.vendor.HibernateJpaDialect$HibernateConnectionHandle@60ba1f1a]
2026-03-16 17:02:59 [http-nio-8080-exec-10] DEBUG o.s.orm.jpa.JpaTransactionManager - Found thread-bound EntityManager [SessionImpl(708413598<open>)] for JPA transaction
2026-03-16 17:02:59 [http-nio-8080-exec-10] DEBUG o.s.orm.jpa.JpaTransactionManager - Participating in existing transaction
2026-03-16 17:02:59 [http-nio-8080-exec-9] DEBUG o.s.web.servlet.DispatcherServlet - GET "/api/v1/admin/system/users?pageIndex=1&searchCondition=0&searchKeyword=&sbscrbSttus=", parameters={masked}
2026-03-16 17:02:59 [http-nio-8080-exec-10] DEBUG org.hibernate.SQL - select u1_0.emplyr_id,u1_0.area_no,u1_0.brthdy,u1_0.chg_pwd_cnt,u1_0.frst_register_id,u1_0.frst_regist_pnttm,u1_0.detail_adres,u1_0.email_adres,u1_0.emplyr_sttus_code,u1_0.empl_no,u1_0.esntl_id,u1_0.fxnum,u1_0.group_id,u1_0.house_adres,u1_0.house_end_telno,u1_0.house_middle_telno,u1_0.ihidnum,u1_0.pstinst_code,u1_0.last_updusr_id,u1_0.last_updt_pnttm,u1_0.lock_at,u1_0.lock_cnt,u1_0.lock_last_pnttm,u1_0.mbtlnum,u1_0.ofcps_nm,u1_0.offm_telno,u1_0.orgnzt_id,u1_0.password,u1_0.password_cnsr,u1_0.password_hint,u1_0.chg_pwd_last_pnttm,u1_0.role,u1_0.sbscrb_de,u1_0.sexdstn_code,u1_0.crtfc_dn_value,u1_0.user_nm,u1_0.zip from nemplyrinfo u1_0 where u1_0.emplyr_id=?
2026-03-16 17:02:59 [http-nio-8080-exec-9] TRACE o.s.w.s.m.m.a.RequestMappingHandlerMapping - Mapped to com.company.project.api.controller.system.UserApiController#getUsers(Pageable)
2026-03-16 17:02:59 [http-nio-8080-exec-9] DEBUG o.s.orm.jpa.JpaTransactionManager - Creating new transaction with name [com.company.project.service.usermanagement.UserManageService.selectUserList]: PROPAGATION_REQUIRED,ISOLATION_DEFAULT,readOnly
2026-03-16 17:02:59 [http-nio-8080-exec-9] DEBUG o.s.orm.jpa.JpaTransactionManager - Opened new EntityManager [SessionImpl(629392480<open>)] for JPA transaction
2026-03-16 17:02:59 [http-nio-8080-exec-11] DEBUG o.s.orm.jpa.JpaTransactionManager - Closing JPA EntityManager [SessionImpl(1491490572<open>)] after transaction
2026-03-16 17:02:59 [http-nio-8080-exec-11] DEBUG c.c.p.s.jwt.JwtAuthenticationFilter - >>> [JwtFilter] Successfully authenticated user: USRCNFRM_99999999999, Authorities: [ROLE_ADMIN]
2026-03-16 17:02:59 [http-nio-8080-exec-17] DEBUG o.s.orm.jpa.JpaTransactionManager - Exposing JPA transaction as JDBC [org.springframework.orm.jpa.vendor.HibernateJpaDialect$HibernateConnectionHandle@64b3091e]
2026-03-16 17:02:59 [http-nio-8080-exec-17] DEBUG o.s.orm.jpa.JpaTransactionManager - Found thread-bound EntityManager [SessionImpl(1539183366<open>)] for JPA transaction
2026-03-16 17:02:59 [http-nio-8080-exec-17] DEBUG o.s.orm.jpa.JpaTransactionManager - Participating in existing transaction
2026-03-16 17:02:59 [http-nio-8080-exec-11] DEBUG o.s.web.servlet.DispatcherServlet - GET "/api/v1/notifications/unread-count", parameters={}
2026-03-16 17:02:59 [http-nio-8080-exec-17] DEBUG org.hibernate.SQL - select u1_0.emplyr_id,u1_0.area_no,u1_0.brthdy,u1_0.chg_pwd_cnt,u1_0.frst_register_id,u1_0.frst_regist_pnttm,u1_0.detail_adres,u1_0.email_adres,u1_0.emplyr_sttus_code,u1_0.empl_no,u1_0.esntl_id,u1_0.fxnum,u1_0.group_id,u1_0.house_adres,u1_0.house_end_telno,u1_0.house_middle_telno,u1_0.ihidnum,u1_0.pstinst_code,u1_0.last_updusr_id,u1_0.last_updt_pnttm,u1_0.lock_at,u1_0.lock_cnt,u1_0.lock_last_pnttm,u1_0.mbtlnum,u1_0.ofcps_nm,u1_0.offm_telno,u1_0.orgnzt_id,u1_0.password,u1_0.password_cnsr,u1_0.password_hint,u1_0.chg_pwd_last_pnttm,u1_0.role,u1_0.sbscrb_de,u1_0.sexdstn_code,u1_0.crtfc_dn_value,u1_0.user_nm,u1_0.zip from nemplyrinfo u1_0 where u1_0.emplyr_id=?
2026-03-16 17:02:59 [http-nio-8080-exec-11] TRACE o.s.w.s.m.m.a.RequestMappingHandlerMapping - Mapped to com.company.project.api.controller.notification.NotificationController#getUnreadCount(UserDetails)
2026-03-16 17:02:59 [http-nio-8080-exec-11] DEBUG o.s.orm.jpa.JpaTransactionManager - Creating new transaction with name [com.company.project.service.notification.NotificationService.getUnreadCount]: PROPAGATION_REQUIRED,ISOLATION_DEFAULT,readOnly
2026-03-16 17:02:59 [http-nio-8080-exec-11] DEBUG o.s.orm.jpa.JpaTransactionManager - Opened new EntityManager [SessionImpl(1444171691<open>)] for JPA transaction
2026-03-16 17:02:59 [http-nio-8080-exec-12] DEBUG o.s.orm.jpa.JpaTransactionManager - Initiating transaction commit
2026-03-16 17:02:59 [http-nio-8080-exec-12] DEBUG o.s.orm.jpa.JpaTransactionManager - Committing JPA transaction on EntityManager [SessionImpl(19721262<open>)]
2026-03-16 17:02:59 [http-nio-8080-exec-8] DEBUG o.s.orm.jpa.JpaTransactionManager - Closing JPA EntityManager [SessionImpl(1179401438<open>)] after transaction
2026-03-16 17:02:59 [http-nio-8080-exec-8] DEBUG c.c.p.s.jwt.JwtAuthenticationFilter - >>> [JwtFilter] Successfully authenticated user: USRCNFRM_99999999999, Authorities: [ROLE_ADMIN]
2026-03-16 17:02:59 [http-nio-8080-exec-9] DEBUG o.s.orm.jpa.JpaTransactionManager - Exposing JPA transaction as JDBC [org.springframework.orm.jpa.vendor.HibernateJpaDialect$HibernateConnectionHandle@4e782957]
2026-03-16 17:02:59 [http-nio-8080-exec-8] DEBUG o.s.web.servlet.DispatcherServlet - GET "/api/v1/menu/left?menuNo=20", parameters={masked}
2026-03-16 17:02:59 [http-nio-8080-exec-8] TRACE o.s.w.s.m.m.a.RequestMappingHandlerMapping - Mapped to com.company.project.api.controller.menu.MenuController#getLeftMenu(Long)
2026-03-16 17:02:59 [http-nio-8080-exec-8] INFO  c.c.p.a.c.menu.MenuController - getLeftMenu called with menuNo=20
2026-03-16 17:02:59 [http-nio-8080-exec-8] DEBUG o.s.orm.jpa.JpaTransactionManager - Creating new transaction with name [com.company.project.service.menu.MenuService.getSubMenus]: PROPAGATION_REQUIRED,ISOLATION_DEFAULT,readOnly
2026-03-16 17:02:59 [http-nio-8080-exec-8] DEBUG o.s.orm.jpa.JpaTransactionManager - Opened new EntityManager [SessionImpl(94244617<open>)] for JPA transaction
2026-03-16 17:02:59 [http-nio-8080-exec-9] DEBUG org.hibernate.SQL - select u1_0.emplyr_id,u1_0.area_no,u1_0.brthdy,u1_0.chg_pwd_cnt,u1_0.frst_register_id,u1_0.frst_regist_pnttm,u1_0.detail_adres,u1_0.email_adres,u1_0.emplyr_sttus_code,u1_0.empl_no,u1_0.esntl_id,u1_0.fxnum,u1_0.group_id,u1_0.house_adres,u1_0.house_end_telno,u1_0.house_middle_telno,u1_0.ihidnum,u1_0.pstinst_code,u1_0.last_updusr_id,u1_0.last_updt_pnttm,u1_0.lock_at,u1_0.lock_cnt,u1_0.lock_last_pnttm,u1_0.mbtlnum,u1_0.ofcps_nm,u1_0.offm_telno,u1_0.orgnzt_id,u1_0.password,u1_0.password_cnsr,u1_0.password_hint,u1_0.chg_pwd_last_pnttm,u1_0.role,u1_0.sbscrb_de,u1_0.sexdstn_code,u1_0.crtfc_dn_value,u1_0.user_nm,u1_0.zip from nemplyrinfo u1_0 order by u1_0.emplyr_id desc offset ? rows fetch first ? rows only
2026-03-16 17:02:59 [http-nio-8080-exec-2] DEBUG o.s.orm.jpa.JpaTransactionManager - Exposing JPA transaction as JDBC [org.springframework.orm.jpa.vendor.HibernateJpaDialect$HibernateConnectionHandle@1cd464c]
2026-03-16 17:02:59 [http-nio-8080-exec-2] DEBUG o.s.orm.jpa.JpaTransactionManager - Found thread-bound EntityManager [SessionImpl(247646434<open>)] for JPA transaction
2026-03-16 17:02:59 [http-nio-8080-exec-2] DEBUG o.s.orm.jpa.JpaTransactionManager - Participating in existing transaction
2026-03-16 17:02:59 [http-nio-8080-exec-2] DEBUG org.hibernate.SQL - select u1_0.emplyr_id,u1_0.area_no,u1_0.brthdy,u1_0.chg_pwd_cnt,u1_0.frst_register_id,u1_0.frst_regist_pnttm,u1_0.detail_adres,u1_0.email_adres,u1_0.emplyr_sttus_code,u1_0.empl_no,u1_0.esntl_id,u1_0.fxnum,u1_0.group_id,u1_0.house_adres,u1_0.house_end_telno,u1_0.house_middle_telno,u1_0.ihidnum,u1_0.pstinst_code,u1_0.last_updusr_id,u1_0.last_updt_pnttm,u1_0.lock_at,u1_0.lock_cnt,u1_0.lock_last_pnttm,u1_0.mbtlnum,u1_0.ofcps_nm,u1_0.offm_telno,u1_0.orgnzt_id,u1_0.password,u1_0.password_cnsr,u1_0.password_hint,u1_0.chg_pwd_last_pnttm,u1_0.role,u1_0.sbscrb_de,u1_0.sexdstn_code,u1_0.crtfc_dn_value,u1_0.user_nm,u1_0.zip from nemplyrinfo u1_0 where u1_0.emplyr_id=?
2026-03-16 17:02:59 [http-nio-8080-exec-14] DEBUG o.s.orm.jpa.JpaTransactionManager - Found thread-bound EntityManager [SessionImpl(576845447<open>)] for JPA transaction
2026-03-16 17:02:59 [http-nio-8080-exec-14] DEBUG o.s.orm.jpa.JpaTransactionManager - Participating in existing transaction
2026-03-16 17:02:59 [http-nio-8080-exec-14] DEBUG org.hibernate.SQL - select ua1_0.scrty_dtrmn_trget_id,ua1_0.author_code,ua1_0.frst_register_id,ua1_0.frst_regist_pnttm,ua1_0.last_updusr_id,ua1_0.last_updt_pnttm,ua1_0.mber_ty_code from nemplyrscrtyestbs ua1_0 where ua1_0.scrty_dtrmn_trget_id=?
2026-03-16 17:02:59 [http-nio-8080-exec-1] DEBUG o.s.orm.jpa.JpaTransactionManager - Exposing JPA transaction as JDBC [org.springframework.orm.jpa.vendor.HibernateJpaDialect$HibernateConnectionHandle@3804be1e]
2026-03-16 17:02:59 [http-nio-8080-exec-1] DEBUG o.s.orm.jpa.JpaTransactionManager - Found thread-bound EntityManager [SessionImpl(685952436<open>)] for JPA transaction
2026-03-16 17:02:59 [http-nio-8080-exec-1] DEBUG o.s.orm.jpa.JpaTransactionManager - Participating in existing transaction
2026-03-16 17:02:59 [http-nio-8080-exec-19] DEBUG o.s.orm.jpa.JpaTransactionManager - Found thread-bound EntityManager [SessionImpl(500758843<open>)] for JPA transaction
2026-03-16 17:02:59 [http-nio-8080-exec-19] DEBUG o.s.orm.jpa.JpaTransactionManager - Participating in existing transaction
2026-03-16 17:02:59 [http-nio-8080-exec-1] DEBUG org.hibernate.SQL - select u1_0.emplyr_id,u1_0.area_no,u1_0.brthdy,u1_0.chg_pwd_cnt,u1_0.frst_register_id,u1_0.frst_regist_pnttm,u1_0.detail_adres,u1_0.email_adres,u1_0.emplyr_sttus_code,u1_0.empl_no,u1_0.esntl_id,u1_0.fxnum,u1_0.group_id,u1_0.house_adres,u1_0.house_end_telno,u1_0.house_middle_telno,u1_0.ihidnum,u1_0.pstinst_code,u1_0.last_updusr_id,u1_0.last_updt_pnttm,u1_0.lock_at,u1_0.lock_cnt,u1_0.lock_last_pnttm,u1_0.mbtlnum,u1_0.ofcps_nm,u1_0.offm_telno,u1_0.orgnzt_id,u1_0.password,u1_0.password_cnsr,u1_0.password_hint,u1_0.chg_pwd_last_pnttm,u1_0.role,u1_0.sbscrb_de,u1_0.sexdstn_code,u1_0.crtfc_dn_value,u1_0.user_nm,u1_0.zip from nemplyrinfo u1_0 where u1_0.emplyr_id=?
2026-03-16 17:02:59 [http-nio-8080-exec-19] DEBUG org.hibernate.SQL - select ua1_0.scrty_dtrmn_trget_id,ua1_0.author_code,ua1_0.frst_register_id,ua1_0.frst_regist_pnttm,ua1_0.last_updusr_id,ua1_0.last_updt_pnttm,ua1_0.mber_ty_code from nemplyrscrtyestbs ua1_0 where ua1_0.scrty_dtrmn_trget_id=?
2026-03-16 17:02:59 [http-nio-8080-exec-4] DEBUG o.s.orm.jpa.JpaTransactionManager - Exposing JPA transaction as JDBC [org.springframework.orm.jpa.vendor.HibernateJpaDialect$HibernateConnectionHandle@5293f7bc]
2026-03-16 17:02:59 [http-nio-8080-exec-4] DEBUG o.s.orm.jpa.JpaTransactionManager - Found thread-bound EntityManager [SessionImpl(1189109995<open>)] for JPA transaction
2026-03-16 17:02:59 [http-nio-8080-exec-4] DEBUG o.s.orm.jpa.JpaTransactionManager - Participating in existing transaction
2026-03-16 17:02:59 [http-nio-8080-exec-4] DEBUG org.hibernate.SQL - select u1_0.emplyr_id,u1_0.area_no,u1_0.brthdy,u1_0.chg_pwd_cnt,u1_0.frst_register_id,u1_0.frst_regist_pnttm,u1_0.detail_adres,u1_0.email_adres,u1_0.emplyr_sttus_code,u1_0.empl_no,u1_0.esntl_id,u1_0.fxnum,u1_0.group_id,u1_0.house_adres,u1_0.house_end_telno,u1_0.house_middle_telno,u1_0.ihidnum,u1_0.pstinst_code,u1_0.last_updusr_id,u1_0.last_updt_pnttm,u1_0.lock_at,u1_0.lock_cnt,u1_0.lock_last_pnttm,u1_0.mbtlnum,u1_0.ofcps_nm,u1_0.offm_telno,u1_0.orgnzt_id,u1_0.password,u1_0.password_cnsr,u1_0.password_hint,u1_0.chg_pwd_last_pnttm,u1_0.role,u1_0.sbscrb_de,u1_0.sexdstn_code,u1_0.crtfc_dn_value,u1_0.user_nm,u1_0.zip from nemplyrinfo u1_0 where u1_0.emplyr_id=?
2026-03-16 17:02:59 [http-nio-8080-exec-10] DEBUG o.s.orm.jpa.JpaTransactionManager - Found thread-bound EntityManager [SessionImpl(708413598<open>)] for JPA transaction
2026-03-16 17:02:59 [http-nio-8080-exec-10] DEBUG o.s.orm.jpa.JpaTransactionManager - Participating in existing transaction
2026-03-16 17:02:59 [http-nio-8080-exec-10] DEBUG org.hibernate.SQL - select ua1_0.scrty_dtrmn_trget_id,ua1_0.author_code,ua1_0.frst_register_id,ua1_0.frst_regist_pnttm,ua1_0.last_updusr_id,ua1_0.last_updt_pnttm,ua1_0.mber_ty_code from nemplyrscrtyestbs ua1_0 where ua1_0.scrty_dtrmn_trget_id=?
2026-03-16 17:02:59 [http-nio-8080-exec-17] DEBUG o.s.orm.jpa.JpaTransactionManager - Found thread-bound EntityManager [SessionImpl(1539183366<open>)] for JPA transaction
2026-03-16 17:02:59 [http-nio-8080-exec-17] DEBUG o.s.orm.jpa.JpaTransactionManager - Participating in existing transaction
2026-03-16 17:02:59 [http-nio-8080-exec-17] DEBUG org.hibernate.SQL - select ua1_0.scrty_dtrmn_trget_id,ua1_0.author_code,ua1_0.frst_register_id,ua1_0.frst_regist_pnttm,ua1_0.last_updusr_id,ua1_0.last_updt_pnttm,ua1_0.mber_ty_code from nemplyrscrtyestbs ua1_0 where ua1_0.scrty_dtrmn_trget_id=?
2026-03-16 17:02:59 [http-nio-8080-exec-12] DEBUG o.s.orm.jpa.JpaTransactionManager - Closing JPA EntityManager [SessionImpl(19721262<open>)] after transaction
2026-03-16 17:02:59 [http-nio-8080-exec-12] DEBUG c.c.p.s.jwt.JwtAuthenticationFilter - >>> [JwtFilter] Successfully authenticated user: USRCNFRM_99999999999, Authorities: [ROLE_ADMIN]
2026-03-16 17:02:59 [http-nio-8080-exec-11] DEBUG o.s.orm.jpa.JpaTransactionManager - Exposing JPA transaction as JDBC [org.springframework.orm.jpa.vendor.HibernateJpaDialect$HibernateConnectionHandle@143ceb29]
2026-03-16 17:02:59 [http-nio-8080-exec-12] DEBUG o.s.web.servlet.DispatcherServlet - GET "/api/v1/notifications", parameters={}
2026-03-16 17:02:59 [http-nio-8080-exec-12] TRACE o.s.w.s.m.m.a.RequestMappingHandlerMapping - Mapped to com.company.project.api.controller.notification.NotificationController#getMyNotifications(UserDetails)
2026-03-16 17:02:59 [http-nio-8080-exec-12] DEBUG o.s.orm.jpa.JpaTransactionManager - Creating new transaction with name [com.company.project.service.notification.NotificationService.getActiveNotifications]: PROPAGATION_REQUIRED,ISOLATION_DEFAULT,readOnly
2026-03-16 17:02:59 [http-nio-8080-exec-12] DEBUG o.s.orm.jpa.JpaTransactionManager - Opened new EntityManager [SessionImpl(1099970947<open>)] for JPA transaction
2026-03-16 17:02:59 [http-nio-8080-exec-11] DEBUG org.hibernate.SQL - select count(n1_0.ntcn_no) from n_user_notification n1_0 where n1_0.receiver_id=? and n1_0.is_read=?
2026-03-16 17:02:59 [http-nio-8080-exec-9] DEBUG org.hibernate.SQL - select count(u1_0.emplyr_id) from nemplyrinfo u1_0
2026-03-16 17:02:59 [http-nio-8080-exec-2] DEBUG o.s.orm.jpa.JpaTransactionManager - Found thread-bound EntityManager [SessionImpl(247646434<open>)] for JPA transaction
2026-03-16 17:02:59 [http-nio-8080-exec-2] DEBUG o.s.orm.jpa.JpaTransactionManager - Participating in existing transaction
2026-03-16 17:02:59 [http-nio-8080-exec-2] DEBUG org.hibernate.SQL - select ua1_0.scrty_dtrmn_trget_id,ua1_0.author_code,ua1_0.frst_register_id,ua1_0.frst_regist_pnttm,ua1_0.last_updusr_id,ua1_0.last_updt_pnttm,ua1_0.mber_ty_code from nemplyrscrtyestbs ua1_0 where ua1_0.scrty_dtrmn_trget_id=?
2026-03-16 17:02:59 [http-nio-8080-exec-14] DEBUG o.s.orm.jpa.JpaTransactionManager - Initiating transaction commit
2026-03-16 17:02:59 [http-nio-8080-exec-14] DEBUG o.s.orm.jpa.JpaTransactionManager - Committing JPA transaction on EntityManager [SessionImpl(576845447<open>)]
2026-03-16 17:02:59 [http-nio-8080-exec-1] DEBUG o.s.orm.jpa.JpaTransactionManager - Found thread-bound EntityManager [SessionImpl(685952436<open>)] for JPA transaction
2026-03-16 17:02:59 [http-nio-8080-exec-1] DEBUG o.s.orm.jpa.JpaTransactionManager - Participating in existing transaction
2026-03-16 17:02:59 [http-nio-8080-exec-1] DEBUG org.hibernate.SQL - select ua1_0.scrty_dtrmn_trget_id,ua1_0.author_code,ua1_0.frst_register_id,ua1_0.frst_regist_pnttm,ua1_0.last_updusr_id,ua1_0.last_updt_pnttm,ua1_0.mber_ty_code from nemplyrscrtyestbs ua1_0 where ua1_0.scrty_dtrmn_trget_id=?
2026-03-16 17:02:59 [http-nio-8080-exec-19] DEBUG o.s.orm.jpa.JpaTransactionManager - Initiating transaction commit
2026-03-16 17:02:59 [http-nio-8080-exec-19] DEBUG o.s.orm.jpa.JpaTransactionManager - Committing JPA transaction on EntityManager [SessionImpl(500758843<open>)]
2026-03-16 17:02:59 [http-nio-8080-exec-4] DEBUG o.s.orm.jpa.JpaTransactionManager - Found thread-bound EntityManager [SessionImpl(1189109995<open>)] for JPA transaction
2026-03-16 17:02:59 [http-nio-8080-exec-4] DEBUG o.s.orm.jpa.JpaTransactionManager - Participating in existing transaction
2026-03-16 17:02:59 [http-nio-8080-exec-4] DEBUG org.hibernate.SQL - select ua1_0.scrty_dtrmn_trget_id,ua1_0.author_code,ua1_0.frst_register_id,ua1_0.frst_regist_pnttm,ua1_0.last_updusr_id,ua1_0.last_updt_pnttm,ua1_0.mber_ty_code from nemplyrscrtyestbs ua1_0 where ua1_0.scrty_dtrmn_trget_id=?
2026-03-16 17:02:59 [http-nio-8080-exec-10] DEBUG o.s.orm.jpa.JpaTransactionManager - Initiating transaction commit
2026-03-16 17:02:59 [http-nio-8080-exec-10] DEBUG o.s.orm.jpa.JpaTransactionManager - Committing JPA transaction on EntityManager [SessionImpl(708413598<open>)]
2026-03-16 17:02:59 [http-nio-8080-exec-17] DEBUG o.s.orm.jpa.JpaTransactionManager - Initiating transaction commit
2026-03-16 17:02:59 [http-nio-8080-exec-17] DEBUG o.s.orm.jpa.JpaTransactionManager - Committing JPA transaction on EntityManager [SessionImpl(1539183366<open>)]
2026-03-16 17:02:59 [http-nio-8080-exec-11] DEBUG o.s.orm.jpa.JpaTransactionManager - Initiating transaction commit
2026-03-16 17:02:59 [http-nio-8080-exec-11] DEBUG o.s.orm.jpa.JpaTransactionManager - Committing JPA transaction on EntityManager [SessionImpl(1444171691<open>)]
2026-03-16 17:02:59 [http-nio-8080-exec-9] DEBUG o.s.orm.jpa.JpaTransactionManager - Initiating transaction commit
2026-03-16 17:02:59 [http-nio-8080-exec-9] DEBUG o.s.orm.jpa.JpaTransactionManager - Committing JPA transaction on EntityManager [SessionImpl(629392480<open>)]
2026-03-16 17:02:59 [http-nio-8080-exec-14] DEBUG o.s.orm.jpa.JpaTransactionManager - Closing JPA EntityManager [SessionImpl(576845447<open>)] after transaction
2026-03-16 17:02:59 [http-nio-8080-exec-2] DEBUG o.s.orm.jpa.JpaTransactionManager - Initiating transaction commit
2026-03-16 17:02:59 [http-nio-8080-exec-2] DEBUG o.s.orm.jpa.JpaTransactionManager - Committing JPA transaction on EntityManager [SessionImpl(247646434<open>)]
2026-03-16 17:02:59 [http-nio-8080-exec-14] DEBUG c.c.p.s.jwt.JwtAuthenticationFilter - >>> [JwtFilter] Successfully authenticated user: USRCNFRM_99999999999, Authorities: [ROLE_ADMIN]
2026-03-16 17:02:59 [http-nio-8080-exec-14] DEBUG o.s.web.servlet.DispatcherServlet - GET "/api/v1/menu/head", parameters={}
2026-03-16 17:02:59 [http-nio-8080-exec-8] DEBUG o.s.orm.jpa.JpaTransactionManager - Exposing JPA transaction as JDBC [org.springframework.orm.jpa.vendor.HibernateJpaDialect$HibernateConnectionHandle@5e747d5b]
2026-03-16 17:02:59 [http-nio-8080-exec-14] TRACE o.s.w.s.m.m.a.RequestMappingHandlerMapping - Mapped to com.company.project.api.controller.menu.MenuController#getHeadMenu()
2026-03-16 17:02:59 [http-nio-8080-exec-14] INFO  c.c.p.a.c.menu.MenuController - getHeadMenu called
2026-03-16 17:02:59 [http-nio-8080-exec-1] DEBUG o.s.orm.jpa.JpaTransactionManager - Initiating transaction commit
2026-03-16 17:02:59 [http-nio-8080-exec-1] DEBUG o.s.orm.jpa.JpaTransactionManager - Committing JPA transaction on EntityManager [SessionImpl(685952436<open>)]
2026-03-16 17:02:59 [http-nio-8080-exec-14] INFO  c.c.p.a.c.menu.MenuController - getHeadMenu returned 5 items
2026-03-16 17:02:59 [http-nio-8080-exec-14] DEBUG o.s.w.s.m.m.a.HttpEntityMethodProcessor - Using 'application/json', given [application/json, text/plain, */*] and supported [application/json, application/*+json, application/yaml]
2026-03-16 17:02:59 [http-nio-8080-exec-14] TRACE o.s.w.s.m.m.a.HttpEntityMethodProcessor - Writing [ApiResponse[success=true, status=200, code=COMMON_001, message=Success, data={list=[com.company.project.service.menu.dto.MenuDto@2b80d6b0, com.company.project.service.menu.dto.MenuDto@1418cfa3, com.company.project.service.menu.dto.MenuDto@f230bf1, com.company.project.service.menu.dto.MenuDto@734a7f6a, com.company.project.service.menu.dto.MenuDto@5e5202e5]}, timestamp=2026-03-16T17:02:59.579057500]]
2026-03-16 17:02:59 [http-nio-8080-exec-8] DEBUG org.hibernate.SQL - select m1_0.menu_no,m1_0.menu_dc,m1_0.menu_nm,m1_0.menu_ordr,m1_0.modern_route,m1_0.progrm_file_nm,m1_0.relate_image_nm,m1_0.relate_image_path,m1_0.route_updated_at,m1_0.upper_menu_no from nmenuinfo m1_0 order by m1_0.upper_menu_no,m1_0.menu_ordr
2026-03-16 17:02:59 [http-nio-8080-exec-14] INFO  c.c.p.a.i.OperationalAuditInterceptor - API Audit Log: URL=/api/v1/menu/head, User=webmaster, IP=0:0:0:0:0:0:0:1
2026-03-16 17:02:59 [http-nio-8080-exec-14] DEBUG o.s.web.servlet.DispatcherServlet - Completed 200 OK
2026-03-16 17:02:59 [http-nio-8080-exec-19] DEBUG o.s.orm.jpa.JpaTransactionManager - Closing JPA EntityManager [SessionImpl(500758843<open>)] after transaction
2026-03-16 17:02:59 [http-nio-8080-exec-19] DEBUG c.c.p.s.jwt.JwtAuthenticationFilter - >>> [JwtFilter] Successfully authenticated user: USRCNFRM_99999999999, Authorities: [ROLE_ADMIN]
2026-03-16 17:02:59 [http-nio-8080-exec-12] DEBUG o.s.orm.jpa.JpaTransactionManager - Exposing JPA transaction as JDBC [org.springframework.orm.jpa.vendor.HibernateJpaDialect$HibernateConnectionHandle@198a7ca0]
2026-03-16 17:02:59 [http-nio-8080-exec-19] DEBUG o.s.web.servlet.DispatcherServlet - GET "/api/v1/menu/left?menuNo=10", parameters={masked}
2026-03-16 17:02:59 [http-nio-8080-exec-12] DEBUG o.s.orm.jpa.JpaTransactionManager - Found thread-bound EntityManager [SessionImpl(1099970947<open>)] for JPA transaction
2026-03-16 17:02:59 [http-nio-8080-exec-12] DEBUG o.s.orm.jpa.JpaTransactionManager - Participating in existing transaction
2026-03-16 17:02:59 [http-nio-8080-exec-19] TRACE o.s.w.s.m.m.a.RequestMappingHandlerMapping - Mapped to com.company.project.api.controller.menu.MenuController#getLeftMenu(Long)
2026-03-16 17:02:59 [http-nio-8080-exec-19] INFO  c.c.p.a.c.menu.MenuController - getLeftMenu called with menuNo=10
2026-03-16 17:02:59 [http-nio-8080-exec-19] DEBUG o.s.orm.jpa.JpaTransactionManager - Creating new transaction with name [com.company.project.service.menu.MenuService.getSubMenus]: PROPAGATION_REQUIRED,ISOLATION_DEFAULT,readOnly
2026-03-16 17:02:59 [http-nio-8080-exec-19] DEBUG o.s.orm.jpa.JpaTransactionManager - Opened new EntityManager [SessionImpl(349020313<open>)] for JPA transaction
2026-03-16 17:02:59 [http-nio-8080-exec-12] DEBUG org.hibernate.SQL - select n1_0.ntcn_no,n1_0.frst_register_id,n1_0.frst_regist_pnttm,n1_0.is_read,n1_0.last_updusr_id,n1_0.last_updt_pnttm,n1_0.link_url,n1_0.ntcn_cn,n1_0.ntcn_sj,n1_0.receiver_id from n_user_notification n1_0
2026-03-16 17:02:59 [http-nio-8080-exec-13] DEBUG c.c.p.s.jwt.JwtAuthenticationFilter - >>> [JwtFilter] Processing request: GET /api/v1/menu/left
2026-03-16 17:02:59 [http-nio-8080-exec-13] DEBUG c.c.p.s.jwt.JwtAuthenticationFilter - >>> [JwtFilter] Found token in header for path: /api/v1/menu/left
2026-03-16 17:02:59 [http-nio-8080-exec-13] DEBUG o.s.orm.jpa.JpaTransactionManager - Creating new transaction with name [com.company.project.security.iam.CustomUserDetailsService.loadUserByUsername]: PROPAGATION_REQUIRED,ISOLATION_DEFAULT,readOnly
2026-03-16 17:02:59 [http-nio-8080-exec-13] DEBUG o.s.orm.jpa.JpaTransactionManager - Opened new EntityManager [SessionImpl(1149447846<open>)] for JPA transaction
2026-03-16 17:02:59 [http-nio-8080-exec-6] DEBUG c.c.p.s.jwt.JwtAuthenticationFilter - >>> [JwtFilter] Processing request: GET /api/v1/menu/left
2026-03-16 17:02:59 [http-nio-8080-exec-7] DEBUG c.c.p.s.jwt.JwtAuthenticationFilter - >>> [JwtFilter] Processing request: GET /api/v1/menu/left
2026-03-16 17:02:59 [http-nio-8080-exec-6] DEBUG c.c.p.s.jwt.JwtAuthenticationFilter - >>> [JwtFilter] Found token in header for path: /api/v1/menu/left
2026-03-16 17:02:59 [http-nio-8080-exec-7] DEBUG c.c.p.s.jwt.JwtAuthenticationFilter - >>> [JwtFilter] Found token in header for path: /api/v1/menu/left
2026-03-16 17:02:59 [http-nio-8080-exec-7] DEBUG o.s.orm.jpa.JpaTransactionManager - Creating new transaction with name [com.company.project.security.iam.CustomUserDetailsService.loadUserByUsername]: PROPAGATION_REQUIRED,ISOLATION_DEFAULT,readOnly
2026-03-16 17:02:59 [http-nio-8080-exec-6] DEBUG o.s.orm.jpa.JpaTransactionManager - Creating new transaction with name [com.company.project.security.iam.CustomUserDetailsService.loadUserByUsername]: PROPAGATION_REQUIRED,ISOLATION_DEFAULT,readOnly
2026-03-16 17:02:59 [http-nio-8080-exec-7] DEBUG o.s.orm.jpa.JpaTransactionManager - Opened new EntityManager [SessionImpl(1442395347<open>)] for JPA transaction
2026-03-16 17:02:59 [http-nio-8080-exec-6] DEBUG o.s.orm.jpa.JpaTransactionManager - Opened new EntityManager [SessionImpl(1465463037<open>)] for JPA transaction
2026-03-16 17:02:59 [http-nio-8080-exec-16] DEBUG c.c.p.s.jwt.JwtAuthenticationFilter - >>> [JwtFilter] Processing request: GET /api/v1/menu/left
2026-03-16 17:02:59 [http-nio-8080-exec-18] DEBUG c.c.p.s.jwt.JwtAuthenticationFilter - >>> [JwtFilter] Processing request: GET /api/v1/menu/left
2026-03-16 17:02:59 [http-nio-8080-exec-16] DEBUG c.c.p.s.jwt.JwtAuthenticationFilter - >>> [JwtFilter] Found token in header for path: /api/v1/menu/left
2026-03-16 17:02:59 [http-nio-8080-exec-18] DEBUG c.c.p.s.jwt.JwtAuthenticationFilter - >>> [JwtFilter] Found token in header for path: /api/v1/menu/left
2026-03-16 17:02:59 [http-nio-8080-exec-18] DEBUG o.s.orm.jpa.JpaTransactionManager - Creating new transaction with name [com.company.project.security.iam.CustomUserDetailsService.loadUserByUsername]: PROPAGATION_REQUIRED,ISOLATION_DEFAULT,readOnly
2026-03-16 17:02:59 [http-nio-8080-exec-16] DEBUG o.s.orm.jpa.JpaTransactionManager - Creating new transaction with name [com.company.project.security.iam.CustomUserDetailsService.loadUserByUsername]: PROPAGATION_REQUIRED,ISOLATION_DEFAULT,readOnly
2026-03-16 17:02:59 [http-nio-8080-exec-18] DEBUG o.s.orm.jpa.JpaTransactionManager - Opened new EntityManager [SessionImpl(1911772466<open>)] for JPA transaction
2026-03-16 17:02:59 [http-nio-8080-exec-16] DEBUG o.s.orm.jpa.JpaTransactionManager - Opened new EntityManager [SessionImpl(791841655<open>)] for JPA transaction
2026-03-16 17:02:59 [http-nio-8080-exec-4] DEBUG o.s.orm.jpa.JpaTransactionManager - Initiating transaction commit
2026-03-16 17:02:59 [http-nio-8080-exec-4] DEBUG o.s.orm.jpa.JpaTransactionManager - Committing JPA transaction on EntityManager [SessionImpl(1189109995<open>)]
2026-03-16 17:02:59 [http-nio-8080-exec-10] DEBUG o.s.orm.jpa.JpaTransactionManager - Closing JPA EntityManager [SessionImpl(708413598<open>)] after transaction
2026-03-16 17:02:59 [http-nio-8080-exec-10] DEBUG c.c.p.s.jwt.JwtAuthenticationFilter - >>> [JwtFilter] Successfully authenticated user: USRCNFRM_99999999999, Authorities: [ROLE_ADMIN]
2026-03-16 17:02:59 [http-nio-8080-exec-19] DEBUG o.s.orm.jpa.JpaTransactionManager - Exposing JPA transaction as JDBC [org.springframework.orm.jpa.vendor.HibernateJpaDialect$HibernateConnectionHandle@6738f837]
2026-03-16 17:02:59 [http-nio-8080-exec-10] DEBUG o.s.web.servlet.DispatcherServlet - GET "/api/v1/menu/left?menuNo=60", parameters={masked}
2026-03-16 17:02:59 [http-nio-8080-exec-10] TRACE o.s.w.s.m.m.a.RequestMappingHandlerMapping - Mapped to com.company.project.api.controller.menu.MenuController#getLeftMenu(Long)
2026-03-16 17:02:59 [http-nio-8080-exec-10] INFO  c.c.p.a.c.menu.MenuController - getLeftMenu called with menuNo=60
2026-03-16 17:02:59 [http-nio-8080-exec-10] DEBUG o.s.orm.jpa.JpaTransactionManager - Creating new transaction with name [com.company.project.service.menu.MenuService.getSubMenus]: PROPAGATION_REQUIRED,ISOLATION_DEFAULT,readOnly
2026-03-16 17:02:59 [http-nio-8080-exec-10] DEBUG o.s.orm.jpa.JpaTransactionManager - Opened new EntityManager [SessionImpl(1566869740<open>)] for JPA transaction
2026-03-16 17:02:59 [http-nio-8080-exec-19] DEBUG org.hibernate.SQL - select m1_0.menu_no,m1_0.menu_dc,m1_0.menu_nm,m1_0.menu_ordr,m1_0.modern_route,m1_0.progrm_file_nm,m1_0.relate_image_nm,m1_0.relate_image_path,m1_0.route_updated_at,m1_0.upper_menu_no from nmenuinfo m1_0 order by m1_0.upper_menu_no,m1_0.menu_ordr
2026-03-16 17:02:59 [http-nio-8080-exec-17] DEBUG o.s.orm.jpa.JpaTransactionManager - Closing JPA EntityManager [SessionImpl(1539183366<open>)] after transaction
2026-03-16 17:02:59 [http-nio-8080-exec-17] DEBUG c.c.p.s.jwt.JwtAuthenticationFilter - >>> [JwtFilter] Successfully authenticated user: USRCNFRM_99999999999, Authorities: [ROLE_ADMIN]
2026-03-16 17:02:59 [http-nio-8080-exec-13] DEBUG o.s.orm.jpa.JpaTransactionManager - Exposing JPA transaction as JDBC [org.springframework.orm.jpa.vendor.HibernateJpaDialect$HibernateConnectionHandle@144324e1]
2026-03-16 17:02:59 [http-nio-8080-exec-17] DEBUG o.s.web.servlet.DispatcherServlet - GET "/api/v1/menu/left?menuNo=50", parameters={masked}
2026-03-16 17:02:59 [http-nio-8080-exec-13] DEBUG o.s.orm.jpa.JpaTransactionManager - Found thread-bound EntityManager [SessionImpl(1149447846<open>)] for JPA transaction
2026-03-16 17:02:59 [http-nio-8080-exec-13] DEBUG o.s.orm.jpa.JpaTransactionManager - Participating in existing transaction
2026-03-16 17:02:59 [http-nio-8080-exec-17] TRACE o.s.w.s.m.m.a.RequestMappingHandlerMapping - Mapped to com.company.project.api.controller.menu.MenuController#getLeftMenu(Long)
2026-03-16 17:02:59 [http-nio-8080-exec-13] DEBUG org.hibernate.SQL - select u1_0.emplyr_id,u1_0.area_no,u1_0.brthdy,u1_0.chg_pwd_cnt,u1_0.frst_register_id,u1_0.frst_regist_pnttm,u1_0.detail_adres,u1_0.email_adres,u1_0.emplyr_sttus_code,u1_0.empl_no,u1_0.esntl_id,u1_0.fxnum,u1_0.group_id,u1_0.house_adres,u1_0.house_end_telno,u1_0.house_middle_telno,u1_0.ihidnum,u1_0.pstinst_code,u1_0.last_updusr_id,u1_0.last_updt_pnttm,u1_0.lock_at,u1_0.lock_cnt,u1_0.lock_last_pnttm,u1_0.mbtlnum,u1_0.ofcps_nm,u1_0.offm_telno,u1_0.orgnzt_id,u1_0.password,u1_0.password_cnsr,u1_0.password_hint,u1_0.chg_pwd_last_pnttm,u1_0.role,u1_0.sbscrb_de,u1_0.sexdstn_code,u1_0.crtfc_dn_value,u1_0.user_nm,u1_0.zip from nemplyrinfo u1_0 where u1_0.emplyr_id=?
2026-03-16 17:02:59 [http-nio-8080-exec-17] INFO  c.c.p.a.c.menu.MenuController - getLeftMenu called with menuNo=50
2026-03-16 17:02:59 [http-nio-8080-exec-17] DEBUG o.s.orm.jpa.JpaTransactionManager - Creating new transaction with name [com.company.project.service.menu.MenuService.getSubMenus]: PROPAGATION_REQUIRED,ISOLATION_DEFAULT,readOnly
2026-03-16 17:02:59 [http-nio-8080-exec-17] DEBUG o.s.orm.jpa.JpaTransactionManager - Opened new EntityManager [SessionImpl(569432040<open>)] for JPA transaction
2026-03-16 17:02:59 [http-nio-8080-exec-11] DEBUG o.s.orm.jpa.JpaTransactionManager - Closing JPA EntityManager [SessionImpl(1444171691<open>)] after transaction
2026-03-16 17:02:59 [http-nio-8080-exec-7] DEBUG o.s.orm.jpa.JpaTransactionManager - Exposing JPA transaction as JDBC [org.springframework.orm.jpa.vendor.HibernateJpaDialect$HibernateConnectionHandle@6430550a]
2026-03-16 17:02:59 [http-nio-8080-exec-7] DEBUG o.s.orm.jpa.JpaTransactionManager - Found thread-bound EntityManager [SessionImpl(1442395347<open>)] for JPA transaction
2026-03-16 17:02:59 [http-nio-8080-exec-7] DEBUG o.s.orm.jpa.JpaTransactionManager - Participating in existing transaction
2026-03-16 17:02:59 [http-nio-8080-exec-11] DEBUG o.s.w.s.m.m.a.HttpEntityMethodProcessor - Using 'application/json', given [application/json, text/plain, */*] and supported [application/json, application/*+json, application/yaml]
2026-03-16 17:02:59 [http-nio-8080-exec-11] TRACE o.s.w.s.m.m.a.HttpEntityMethodProcessor - Writing [ApiResponse[success=true, status=200, code=COMMON_001, message=Success, data=0, timestamp=2026-03-16T17:02:59.633482300]]
2026-03-16 17:02:59 [http-nio-8080-exec-7] DEBUG org.hibernate.SQL - select u1_0.emplyr_id,u1_0.area_no,u1_0.brthdy,u1_0.chg_pwd_cnt,u1_0.frst_register_id,u1_0.frst_regist_pnttm,u1_0.detail_adres,u1_0.email_adres,u1_0.emplyr_sttus_code,u1_0.empl_no,u1_0.esntl_id,u1_0.fxnum,u1_0.group_id,u1_0.house_adres,u1_0.house_end_telno,u1_0.house_middle_telno,u1_0.ihidnum,u1_0.pstinst_code,u1_0.last_updusr_id,u1_0.last_updt_pnttm,u1_0.lock_at,u1_0.lock_cnt,u1_0.lock_last_pnttm,u1_0.mbtlnum,u1_0.ofcps_nm,u1_0.offm_telno,u1_0.orgnzt_id,u1_0.password,u1_0.password_cnsr,u1_0.password_hint,u1_0.chg_pwd_last_pnttm,u1_0.role,u1_0.sbscrb_de,u1_0.sexdstn_code,u1_0.crtfc_dn_value,u1_0.user_nm,u1_0.zip from nemplyrinfo u1_0 where u1_0.emplyr_id=?
2026-03-16 17:02:59 [http-nio-8080-exec-11] INFO  c.c.p.a.i.OperationalAuditInterceptor - API Audit Log: URL=/api/v1/notifications/unread-count, User=webmaster, IP=127.0.0.1
2026-03-16 17:02:59 [http-nio-8080-exec-11] DEBUG o.s.web.servlet.DispatcherServlet - Completed 200 OK
2026-03-16 17:02:59 [http-nio-8080-exec-5] DEBUG c.c.p.s.jwt.JwtAuthenticationFilter - >>> [JwtFilter] Processing request: GET /api/v1/notifications/unread-count
2026-03-16 17:02:59 [http-nio-8080-exec-5] DEBUG c.c.p.s.jwt.JwtAuthenticationFilter - >>> [JwtFilter] Found token in header for path: /api/v1/notifications/unread-count
2026-03-16 17:02:59 [http-nio-8080-exec-5] DEBUG o.s.orm.jpa.JpaTransactionManager - Creating new transaction with name [com.company.project.security.iam.CustomUserDetailsService.loadUserByUsername]: PROPAGATION_REQUIRED,ISOLATION_DEFAULT,readOnly
2026-03-16 17:02:59 [http-nio-8080-exec-5] DEBUG o.s.orm.jpa.JpaTransactionManager - Opened new EntityManager [SessionImpl(623675541<open>)] for JPA transaction
2026-03-16 17:02:59 [http-nio-8080-exec-9] DEBUG o.s.orm.jpa.JpaTransactionManager - Closing JPA EntityManager [SessionImpl(629392480<open>)] after transaction
2026-03-16 17:02:59 [http-nio-8080-exec-9] DEBUG o.s.orm.jpa.JpaTransactionManager - Creating new transaction with name [com.company.project.service.usermanagement.UserManageService.selectUserListTotCnt]: PROPAGATION_REQUIRED,ISOLATION_DEFAULT,readOnly
2026-03-16 17:02:59 [http-nio-8080-exec-6] DEBUG o.s.orm.jpa.JpaTransactionManager - Exposing JPA transaction as JDBC [org.springframework.orm.jpa.vendor.HibernateJpaDialect$HibernateConnectionHandle@7aa1ea0a]
2026-03-16 17:02:59 [http-nio-8080-exec-9] DEBUG o.s.orm.jpa.JpaTransactionManager - Opened new EntityManager [SessionImpl(696485799<open>)] for JPA transaction
2026-03-16 17:02:59 [http-nio-8080-exec-6] DEBUG o.s.orm.jpa.JpaTransactionManager - Found thread-bound EntityManager [SessionImpl(1465463037<open>)] for JPA transaction
2026-03-16 17:02:59 [http-nio-8080-exec-6] DEBUG o.s.orm.jpa.JpaTransactionManager - Participating in existing transaction
2026-03-16 17:02:59 [http-nio-8080-exec-6] DEBUG org.hibernate.SQL - select u1_0.emplyr_id,u1_0.area_no,u1_0.brthdy,u1_0.chg_pwd_cnt,u1_0.frst_register_id,u1_0.frst_regist_pnttm,u1_0.detail_adres,u1_0.email_adres,u1_0.emplyr_sttus_code,u1_0.empl_no,u1_0.esntl_id,u1_0.fxnum,u1_0.group_id,u1_0.house_adres,u1_0.house_end_telno,u1_0.house_middle_telno,u1_0.ihidnum,u1_0.pstinst_code,u1_0.last_updusr_id,u1_0.last_updt_pnttm,u1_0.lock_at,u1_0.lock_cnt,u1_0.lock_last_pnttm,u1_0.mbtlnum,u1_0.ofcps_nm,u1_0.offm_telno,u1_0.orgnzt_id,u1_0.password,u1_0.password_cnsr,u1_0.password_hint,u1_0.chg_pwd_last_pnttm,u1_0.role,u1_0.sbscrb_de,u1_0.sexdstn_code,u1_0.crtfc_dn_value,u1_0.user_nm,u1_0.zip from nemplyrinfo u1_0 where u1_0.emplyr_id=?
2026-03-16 17:02:59 [http-nio-8080-exec-1] DEBUG o.s.orm.jpa.JpaTransactionManager - Closing JPA EntityManager [SessionImpl(685952436<open>)] after transaction
2026-03-16 17:02:59 [http-nio-8080-exec-1] DEBUG c.c.p.s.jwt.JwtAuthenticationFilter - >>> [JwtFilter] Successfully authenticated user: USRCNFRM_99999999999, Authorities: [ROLE_ADMIN]
2026-03-16 17:02:59 [http-nio-8080-exec-18] DEBUG o.s.orm.jpa.JpaTransactionManager - Exposing JPA transaction as JDBC [org.springframework.orm.jpa.vendor.HibernateJpaDialect$HibernateConnectionHandle@5c76a6dc]
2026-03-16 17:02:59 [http-nio-8080-exec-18] DEBUG o.s.orm.jpa.JpaTransactionManager - Found thread-bound EntityManager [SessionImpl(1911772466<open>)] for JPA transaction
2026-03-16 17:02:59 [http-nio-8080-exec-18] DEBUG o.s.orm.jpa.JpaTransactionManager - Participating in existing transaction
2026-03-16 17:02:59 [http-nio-8080-exec-1] DEBUG o.s.web.servlet.DispatcherServlet - GET "/api/v1/menu/left?menuNo=40", parameters={masked}
2026-03-16 17:02:59 [http-nio-8080-exec-18] DEBUG org.hibernate.SQL - select u1_0.emplyr_id,u1_0.area_no,u1_0.brthdy,u1_0.chg_pwd_cnt,u1_0.frst_register_id,u1_0.frst_regist_pnttm,u1_0.detail_adres,u1_0.email_adres,u1_0.emplyr_sttus_code,u1_0.empl_no,u1_0.esntl_id,u1_0.fxnum,u1_0.group_id,u1_0.house_adres,u1_0.house_end_telno,u1_0.house_middle_telno,u1_0.ihidnum,u1_0.pstinst_code,u1_0.last_updusr_id,u1_0.last_updt_pnttm,u1_0.lock_at,u1_0.lock_cnt,u1_0.lock_last_pnttm,u1_0.mbtlnum,u1_0.ofcps_nm,u1_0.offm_telno,u1_0.orgnzt_id,u1_0.password,u1_0.password_cnsr,u1_0.password_hint,u1_0.chg_pwd_last_pnttm,u1_0.role,u1_0.sbscrb_de,u1_0.sexdstn_code,u1_0.crtfc_dn_value,u1_0.user_nm,u1_0.zip from nemplyrinfo u1_0 where u1_0.emplyr_id=?
2026-03-16 17:02:59 [http-nio-8080-exec-1] TRACE o.s.w.s.m.m.a.RequestMappingHandlerMapping - Mapped to com.company.project.api.controller.menu.MenuController#getLeftMenu(Long)
2026-03-16 17:02:59 [http-nio-8080-exec-1] INFO  c.c.p.a.c.menu.MenuController - getLeftMenu called with menuNo=40
2026-03-16 17:02:59 [http-nio-8080-exec-1] DEBUG o.s.orm.jpa.JpaTransactionManager - Creating new transaction with name [com.company.project.service.menu.MenuService.getSubMenus]: PROPAGATION_REQUIRED,ISOLATION_DEFAULT,readOnly
2026-03-16 17:02:59 [http-nio-8080-exec-1] DEBUG o.s.orm.jpa.JpaTransactionManager - Opened new EntityManager [SessionImpl(957757647<open>)] for JPA transaction
2026-03-16 17:02:59 [http-nio-8080-exec-2] DEBUG o.s.orm.jpa.JpaTransactionManager - Closing JPA EntityManager [SessionImpl(247646434<open>)] after transaction
2026-03-16 17:02:59 [http-nio-8080-exec-2] DEBUG c.c.p.s.jwt.JwtAuthenticationFilter - >>> [JwtFilter] Successfully authenticated user: USRCNFRM_99999999999, Authorities: [ROLE_ADMIN]
2026-03-16 17:02:59 [http-nio-8080-exec-16] DEBUG o.s.orm.jpa.JpaTransactionManager - Exposing JPA transaction as JDBC [org.springframework.orm.jpa.vendor.HibernateJpaDialect$HibernateConnectionHandle@4b005303]
2026-03-16 17:02:59 [http-nio-8080-exec-16] DEBUG o.s.orm.jpa.JpaTransactionManager - Found thread-bound EntityManager [SessionImpl(791841655<open>)] for JPA transaction
2026-03-16 17:02:59 [http-nio-8080-exec-2] DEBUG o.s.web.servlet.DispatcherServlet - GET "/api/v1/dashboard", parameters={}
2026-03-16 17:02:59 [http-nio-8080-exec-16] DEBUG o.s.orm.jpa.JpaTransactionManager - Participating in existing transaction
2026-03-16 17:02:59 [http-nio-8080-exec-16] DEBUG org.hibernate.SQL - select u1_0.emplyr_id,u1_0.area_no,u1_0.brthdy,u1_0.chg_pwd_cnt,u1_0.frst_register_id,u1_0.frst_regist_pnttm,u1_0.detail_adres,u1_0.email_adres,u1_0.emplyr_sttus_code,u1_0.empl_no,u1_0.esntl_id,u1_0.fxnum,u1_0.group_id,u1_0.house_adres,u1_0.house_end_telno,u1_0.house_middle_telno,u1_0.ihidnum,u1_0.pstinst_code,u1_0.last_updusr_id,u1_0.last_updt_pnttm,u1_0.lock_at,u1_0.lock_cnt,u1_0.lock_last_pnttm,u1_0.mbtlnum,u1_0.ofcps_nm,u1_0.offm_telno,u1_0.orgnzt_id,u1_0.password,u1_0.password_cnsr,u1_0.password_hint,u1_0.chg_pwd_last_pnttm,u1_0.role,u1_0.sbscrb_de,u1_0.sexdstn_code,u1_0.crtfc_dn_value,u1_0.user_nm,u1_0.zip from nemplyrinfo u1_0 where u1_0.emplyr_id=?
2026-03-16 17:02:59 [http-nio-8080-exec-2] TRACE o.s.w.s.m.m.a.RequestMappingHandlerMapping - Mapped to com.company.project.api.controller.main.DashboardController#getDashboardData(UserDetails)
2026-03-16 17:02:59 [http-nio-8080-exec-2] INFO  c.c.p.a.c.main.DashboardController - >>> [Dashboard] Fetching data for user: USRCNFRM_99999999999
2026-03-16 17:02:59 [http-nio-8080-exec-2] DEBUG o.s.orm.jpa.JpaTransactionManager - Creating new transaction with name [com.company.project.service.board.BoardService.getBoardPosts]: PROPAGATION_REQUIRED,ISOLATION_DEFAULT,readOnly
2026-03-16 17:02:59 [http-nio-8080-exec-2] DEBUG o.s.orm.jpa.JpaTransactionManager - Opened new EntityManager [SessionImpl(871143162<open>)] for JPA transaction
2026-03-16 17:02:59 [http-nio-8080-exec-12] DEBUG o.s.orm.jpa.JpaTransactionManager - Initiating transaction commit
2026-03-16 17:02:59 [http-nio-8080-exec-12] DEBUG o.s.orm.jpa.JpaTransactionManager - Committing JPA transaction on EntityManager [SessionImpl(1099970947<open>)]
2026-03-16 17:02:59 [http-nio-8080-exec-4] DEBUG o.s.orm.jpa.JpaTransactionManager - Closing JPA EntityManager [SessionImpl(1189109995<open>)] after transaction
2026-03-16 17:02:59 [http-nio-8080-exec-4] DEBUG c.c.p.s.jwt.JwtAuthenticationFilter - >>> [JwtFilter] Successfully authenticated user: USRCNFRM_99999999999, Authorities: [ROLE_ADMIN]
2026-03-16 17:02:59 [http-nio-8080-exec-10] DEBUG o.s.orm.jpa.JpaTransactionManager - Exposing JPA transaction as JDBC [org.springframework.orm.jpa.vendor.HibernateJpaDialect$HibernateConnectionHandle@34cca419]
2026-03-16 17:02:59 [http-nio-8080-exec-4] DEBUG o.s.web.servlet.DispatcherServlet - GET "/api/v1/menu/left?menuNo=20", parameters={masked}
2026-03-16 17:02:59 [http-nio-8080-exec-4] TRACE o.s.w.s.m.m.a.RequestMappingHandlerMapping - Mapped to com.company.project.api.controller.menu.MenuController#getLeftMenu(Long)
2026-03-16 17:02:59 [http-nio-8080-exec-10] DEBUG org.hibernate.SQL - select m1_0.menu_no,m1_0.menu_dc,m1_0.menu_nm,m1_0.menu_ordr,m1_0.modern_route,m1_0.progrm_file_nm,m1_0.relate_image_nm,m1_0.relate_image_path,m1_0.route_updated_at,m1_0.upper_menu_no from nmenuinfo m1_0 order by m1_0.upper_menu_no,m1_0.menu_ordr
2026-03-16 17:02:59 [http-nio-8080-exec-4] INFO  c.c.p.a.c.menu.MenuController - getLeftMenu called with menuNo=20
2026-03-16 17:02:59 [http-nio-8080-exec-4] DEBUG o.s.orm.jpa.JpaTransactionManager - Creating new transaction with name [com.company.project.service.menu.MenuService.getSubMenus]: PROPAGATION_REQUIRED,ISOLATION_DEFAULT,readOnly
2026-03-16 17:02:59 [http-nio-8080-exec-4] DEBUG o.s.orm.jpa.JpaTransactionManager - Opened new EntityManager [SessionImpl(2128477907<open>)] for JPA transaction
2026-03-16 17:02:59 [http-nio-8080-exec-13] DEBUG o.s.orm.jpa.JpaTransactionManager - Found thread-bound EntityManager [SessionImpl(1149447846<open>)] for JPA transaction
2026-03-16 17:02:59 [http-nio-8080-exec-13] DEBUG o.s.orm.jpa.JpaTransactionManager - Participating in existing transaction
2026-03-16 17:02:59 [http-nio-8080-exec-13] DEBUG org.hibernate.SQL - select ua1_0.scrty_dtrmn_trget_id,ua1_0.author_code,ua1_0.frst_register_id,ua1_0.frst_regist_pnttm,ua1_0.last_updusr_id,ua1_0.last_updt_pnttm,ua1_0.mber_ty_code from nemplyrscrtyestbs ua1_0 where ua1_0.scrty_dtrmn_trget_id=?
2026-03-16 17:02:59 [http-nio-8080-exec-7] DEBUG o.s.orm.jpa.JpaTransactionManager - Found thread-bound EntityManager [SessionImpl(1442395347<open>)] for JPA transaction
2026-03-16 17:02:59 [http-nio-8080-exec-7] DEBUG o.s.orm.jpa.JpaTransactionManager - Participating in existing transaction
2026-03-16 17:02:59 [http-nio-8080-exec-7] DEBUG org.hibernate.SQL - select ua1_0.scrty_dtrmn_trget_id,ua1_0.author_code,ua1_0.frst_register_id,ua1_0.frst_regist_pnttm,ua1_0.last_updusr_id,ua1_0.last_updt_pnttm,ua1_0.mber_ty_code from nemplyrscrtyestbs ua1_0 where ua1_0.scrty_dtrmn_trget_id=?
2026-03-16 17:02:59 [http-nio-8080-exec-6] DEBUG o.s.orm.jpa.JpaTransactionManager - Found thread-bound EntityManager [SessionImpl(1465463037<open>)] for JPA transaction
2026-03-16 17:02:59 [http-nio-8080-exec-6] DEBUG o.s.orm.jpa.JpaTransactionManager - Participating in existing transaction
2026-03-16 17:02:59 [http-nio-8080-exec-6] DEBUG org.hibernate.SQL - select ua1_0.scrty_dtrmn_trget_id,ua1_0.author_code,ua1_0.frst_register_id,ua1_0.frst_regist_pnttm,ua1_0.last_updusr_id,ua1_0.last_updt_pnttm,ua1_0.mber_ty_code from nemplyrscrtyestbs ua1_0 where ua1_0.scrty_dtrmn_trget_id=?
2026-03-16 17:02:59 [http-nio-8080-exec-12] DEBUG o.s.orm.jpa.JpaTransactionManager - Closing JPA EntityManager [SessionImpl(1099970947<open>)] after transaction
2026-03-16 17:02:59 [http-nio-8080-exec-17] DEBUG o.s.orm.jpa.JpaTransactionManager - Exposing JPA transaction as JDBC [org.springframework.orm.jpa.vendor.HibernateJpaDialect$HibernateConnectionHandle@ad5488f]
2026-03-16 17:02:59 [http-nio-8080-exec-18] DEBUG o.s.orm.jpa.JpaTransactionManager - Found thread-bound EntityManager [SessionImpl(1911772466<open>)] for JPA transaction
2026-03-16 17:02:59 [http-nio-8080-exec-16] DEBUG o.s.orm.jpa.JpaTransactionManager - Found thread-bound EntityManager [SessionImpl(791841655<open>)] for JPA transaction
2026-03-16 17:02:59 [http-nio-8080-exec-18] DEBUG o.s.orm.jpa.JpaTransactionManager - Participating in existing transaction
2026-03-16 17:02:59 [http-nio-8080-exec-16] DEBUG o.s.orm.jpa.JpaTransactionManager - Participating in existing transaction
2026-03-16 17:02:59 [http-nio-8080-exec-12] DEBUG o.s.w.s.m.m.a.HttpEntityMethodProcessor - Using 'application/json', given [application/json, text/plain, */*] and supported [application/json, application/*+json, application/yaml]
2026-03-16 17:02:59 [http-nio-8080-exec-18] DEBUG org.hibernate.SQL - select ua1_0.scrty_dtrmn_trget_id,ua1_0.author_code,ua1_0.frst_register_id,ua1_0.frst_regist_pnttm,ua1_0.last_updusr_id,ua1_0.last_updt_pnttm,ua1_0.mber_ty_code from nemplyrscrtyestbs ua1_0 where ua1_0.scrty_dtrmn_trget_id=?
2026-03-16 17:02:59 [http-nio-8080-exec-16] DEBUG org.hibernate.SQL - select ua1_0.scrty_dtrmn_trget_id,ua1_0.author_code,ua1_0.frst_register_id,ua1_0.frst_regist_pnttm,ua1_0.last_updusr_id,ua1_0.last_updt_pnttm,ua1_0.mber_ty_code from nemplyrscrtyestbs ua1_0 where ua1_0.scrty_dtrmn_trget_id=?
2026-03-16 17:02:59 [http-nio-8080-exec-12] TRACE o.s.w.s.m.m.a.HttpEntityMethodProcessor - Writing [ApiResponse[success=true, status=200, code=COMMON_001, message=Success, data=[NotificationDto(ntfcNo=NT001, ntfcSj=테스트 알림입니다, ntfcCn=알림 내용입니다, ntfcDate=null, ntfcTime=2026-02-25T00:59:33.784070, bhNtfcIntrvl=null, uniqId=null, frstRegisterId=null, frstRegisterPnttm=2026-02-25T00:59:33.784070, lastUpdusrId=null, lastUpdusrPnttm=null)], timestamp=2026-03-16T17:02:59.880847700]]
2026-03-16 17:02:59 [http-nio-8080-exec-8] DEBUG o.s.orm.jpa.JpaTransactionManager - Found thread-bound EntityManager [SessionImpl(94244617<open>)] for JPA transaction
2026-03-16 17:02:59 [http-nio-8080-exec-17] DEBUG org.hibernate.SQL - select m1_0.menu_no,m1_0.menu_dc,m1_0.menu_nm,m1_0.menu_ordr,m1_0.modern_route,m1_0.progrm_file_nm,m1_0.relate_image_nm,m1_0.relate_image_path,m1_0.route_updated_at,m1_0.upper_menu_no from nmenuinfo m1_0 order by m1_0.upper_menu_no,m1_0.menu_ordr
2026-03-16 17:02:59 [http-nio-8080-exec-8] DEBUG o.s.orm.jpa.JpaTransactionManager - Participating in existing transaction
2026-03-16 17:02:59 [http-nio-8080-exec-12] INFO  c.c.p.a.i.OperationalAuditInterceptor - API Audit Log: URL=/api/v1/notifications, User=webmaster, IP=127.0.0.1
2026-03-16 17:02:59 [http-nio-8080-exec-12] DEBUG o.s.web.servlet.DispatcherServlet - Completed 200 OK
2026-03-16 17:02:59 [http-nio-8080-exec-8] DEBUG org.hibernate.SQL - select p1_0.progrm_file_nm,p1_0.progrm_dc,p1_0.progrm_korean_nm,p1_0.progrm_stre_path,p1_0.url from nprogrmlist p1_0
2026-03-16 17:02:59 [http-nio-8080-exec-15] DEBUG c.c.p.s.jwt.JwtAuthenticationFilter - >>> [JwtFilter] Processing request: GET /api/v1/notifications
2026-03-16 17:02:59 [http-nio-8080-exec-15] DEBUG c.c.p.s.jwt.JwtAuthenticationFilter - >>> [JwtFilter] Found token in header for path: /api/v1/notifications
2026-03-16 17:02:59 [http-nio-8080-exec-15] DEBUG o.s.orm.jpa.JpaTransactionManager - Creating new transaction with name [com.company.project.security.iam.CustomUserDetailsService.loadUserByUsername]: PROPAGATION_REQUIRED,ISOLATION_DEFAULT,readOnly
2026-03-16 17:02:59 [http-nio-8080-exec-15] DEBUG o.s.orm.jpa.JpaTransactionManager - Opened new EntityManager [SessionImpl(1793686196<open>)] for JPA transaction
2026-03-16 17:02:59 [http-nio-8080-exec-13] DEBUG o.s.orm.jpa.JpaTransactionManager - Initiating transaction commit
2026-03-16 17:02:59 [http-nio-8080-exec-13] DEBUG o.s.orm.jpa.JpaTransactionManager - Committing JPA transaction on EntityManager [SessionImpl(1149447846<open>)]
2026-03-16 17:02:59 [http-nio-8080-exec-7] DEBUG o.s.orm.jpa.JpaTransactionManager - Initiating transaction commit
2026-03-16 17:02:59 [http-nio-8080-exec-7] DEBUG o.s.orm.jpa.JpaTransactionManager - Committing JPA transaction on EntityManager [SessionImpl(1442395347<open>)]
2026-03-16 17:02:59 [http-nio-8080-exec-19] DEBUG o.s.orm.jpa.JpaTransactionManager - Found thread-bound EntityManager [SessionImpl(349020313<open>)] for JPA transaction
2026-03-16 17:02:59 [http-nio-8080-exec-19] DEBUG o.s.orm.jpa.JpaTransactionManager - Participating in existing transaction
2026-03-16 17:02:59 [http-nio-8080-exec-19] DEBUG org.hibernate.SQL - select p1_0.progrm_file_nm,p1_0.progrm_dc,p1_0.progrm_korean_nm,p1_0.progrm_stre_path,p1_0.url from nprogrmlist p1_0
2026-03-16 17:02:59 [http-nio-8080-exec-6] DEBUG o.s.orm.jpa.JpaTransactionManager - Initiating transaction commit
2026-03-16 17:02:59 [http-nio-8080-exec-6] DEBUG o.s.orm.jpa.JpaTransactionManager - Committing JPA transaction on EntityManager [SessionImpl(1465463037<open>)]
2026-03-16 17:03:00 [http-nio-8080-exec-18] DEBUG o.s.orm.jpa.JpaTransactionManager - Initiating transaction commit
2026-03-16 17:03:00 [http-nio-8080-exec-16] DEBUG o.s.orm.jpa.JpaTransactionManager - Initiating transaction commit
2026-03-16 17:03:00 [http-nio-8080-exec-18] DEBUG o.s.orm.jpa.JpaTransactionManager - Committing JPA transaction on EntityManager [SessionImpl(1911772466<open>)]
2026-03-16 17:03:00 [http-nio-8080-exec-16] DEBUG o.s.orm.jpa.JpaTransactionManager - Committing JPA transaction on EntityManager [SessionImpl(791841655<open>)]
2026-03-16 17:03:00 [http-nio-8080-exec-8] DEBUG o.s.orm.jpa.JpaTransactionManager - Initiating transaction commit
2026-03-16 17:03:00 [http-nio-8080-exec-8] DEBUG o.s.orm.jpa.JpaTransactionManager - Committing JPA transaction on EntityManager [SessionImpl(94244617<open>)]
2026-03-16 17:03:00 [http-nio-8080-exec-10] DEBUG o.s.orm.jpa.JpaTransactionManager - Found thread-bound EntityManager [SessionImpl(1566869740<open>)] for JPA transaction
2026-03-16 17:03:00 [http-nio-8080-exec-10] DEBUG o.s.orm.jpa.JpaTransactionManager - Participating in existing transaction
2026-03-16 17:03:00 [http-nio-8080-exec-10] DEBUG org.hibernate.SQL - select p1_0.progrm_file_nm,p1_0.progrm_dc,p1_0.progrm_korean_nm,p1_0.progrm_stre_path,p1_0.url from nprogrmlist p1_0
2026-03-16 17:03:00 [http-nio-8080-exec-13] DEBUG o.s.orm.jpa.JpaTransactionManager - Closing JPA EntityManager [SessionImpl(1149447846<open>)] after transaction
2026-03-16 17:03:00 [http-nio-8080-exec-13] DEBUG c.c.p.s.jwt.JwtAuthenticationFilter - >>> [JwtFilter] Successfully authenticated user: USRCNFRM_99999999999, Authorities: [ROLE_ADMIN]
2026-03-16 17:03:00 [http-nio-8080-exec-5] DEBUG o.s.orm.jpa.JpaTransactionManager - Exposing JPA transaction as JDBC [org.springframework.orm.jpa.vendor.HibernateJpaDialect$HibernateConnectionHandle@318ccf64]
2026-03-16 17:03:00 [http-nio-8080-exec-5] DEBUG o.s.orm.jpa.JpaTransactionManager - Found thread-bound EntityManager [SessionImpl(623675541<open>)] for JPA transaction
2026-03-16 17:03:00 [http-nio-8080-exec-5] DEBUG o.s.orm.jpa.JpaTransactionManager - Participating in existing transaction
2026-03-16 17:03:00 [http-nio-8080-exec-5] DEBUG org.hibernate.SQL - select u1_0.emplyr_id,u1_0.area_no,u1_0.brthdy,u1_0.chg_pwd_cnt,u1_0.frst_register_id,u1_0.frst_regist_pnttm,u1_0.detail_adres,u1_0.email_adres,u1_0.emplyr_sttus_code,u1_0.empl_no,u1_0.esntl_id,u1_0.fxnum,u1_0.group_id,u1_0.house_adres,u1_0.house_end_telno,u1_0.house_middle_telno,u1_0.ihidnum,u1_0.pstinst_code,u1_0.last_updusr_id,u1_0.last_updt_pnttm,u1_0.lock_at,u1_0.lock_cnt,u1_0.lock_last_pnttm,u1_0.mbtlnum,u1_0.ofcps_nm,u1_0.offm_telno,u1_0.orgnzt_id,u1_0.password,u1_0.password_cnsr,u1_0.password_hint,u1_0.chg_pwd_last_pnttm,u1_0.role,u1_0.sbscrb_de,u1_0.sexdstn_code,u1_0.crtfc_dn_value,u1_0.user_nm,u1_0.zip from nemplyrinfo u1_0 where u1_0.emplyr_id=?
2026-03-16 17:03:00 [http-nio-8080-exec-13] DEBUG o.s.web.servlet.DispatcherServlet - GET "/api/v1/menu/left?menuNo=10", parameters={masked}
2026-03-16 17:03:00 [http-nio-8080-exec-13] TRACE o.s.w.s.m.m.a.RequestMappingHandlerMapping - Mapped to com.company.project.api.controller.menu.MenuController#getLeftMenu(Long)
2026-03-16 17:03:00 [http-nio-8080-exec-13] INFO  c.c.p.a.c.menu.MenuController - getLeftMenu called with menuNo=10
2026-03-16 17:03:00 [http-nio-8080-exec-13] DEBUG o.s.orm.jpa.JpaTransactionManager - Creating new transaction with name [com.company.project.service.menu.MenuService.getSubMenus]: PROPAGATION_REQUIRED,ISOLATION_DEFAULT,readOnly
2026-03-16 17:03:00 [http-nio-8080-exec-13] DEBUG o.s.orm.jpa.JpaTransactionManager - Opened new EntityManager [SessionImpl(758747957<open>)] for JPA transaction
2026-03-16 17:03:00 [http-nio-8080-exec-7] DEBUG o.s.orm.jpa.JpaTransactionManager - Closing JPA EntityManager [SessionImpl(1442395347<open>)] after transaction
2026-03-16 17:03:00 [http-nio-8080-exec-7] DEBUG c.c.p.s.jwt.JwtAuthenticationFilter - >>> [JwtFilter] Successfully authenticated user: USRCNFRM_99999999999, Authorities: [ROLE_ADMIN]
2026-03-16 17:03:00 [http-nio-8080-exec-9] DEBUG o.s.orm.jpa.JpaTransactionManager - Exposing JPA transaction as JDBC [org.springframework.orm.jpa.vendor.HibernateJpaDialect$HibernateConnectionHandle@2f8f24be]
2026-03-16 17:03:00 [http-nio-8080-exec-7] DEBUG o.s.web.servlet.DispatcherServlet - GET "/api/v1/menu/left?menuNo=40", parameters={masked}
2026-03-16 17:03:00 [http-nio-8080-exec-7] TRACE o.s.w.s.m.m.a.RequestMappingHandlerMapping - Mapped to com.company.project.api.controller.menu.MenuController#getLeftMenu(Long)
2026-03-16 17:03:00 [http-nio-8080-exec-7] INFO  c.c.p.a.c.menu.MenuController - getLeftMenu called with menuNo=40
2026-03-16 17:03:00 [http-nio-8080-exec-7] DEBUG o.s.orm.jpa.JpaTransactionManager - Creating new transaction with name [com.company.project.service.menu.MenuService.getSubMenus]: PROPAGATION_REQUIRED,ISOLATION_DEFAULT,readOnly
2026-03-16 17:03:00 [http-nio-8080-exec-9] DEBUG org.hibernate.SQL - select u1_0.emplyr_id,u1_0.area_no,u1_0.brthdy,u1_0.chg_pwd_cnt,u1_0.frst_register_id,u1_0.frst_regist_pnttm,u1_0.detail_adres,u1_0.email_adres,u1_0.emplyr_sttus_code,u1_0.empl_no,u1_0.esntl_id,u1_0.fxnum,u1_0.group_id,u1_0.house_adres,u1_0.house_end_telno,u1_0.house_middle_telno,u1_0.ihidnum,u1_0.pstinst_code,u1_0.last_updusr_id,u1_0.last_updt_pnttm,u1_0.lock_at,u1_0.lock_cnt,u1_0.lock_last_pnttm,u1_0.mbtlnum,u1_0.ofcps_nm,u1_0.offm_telno,u1_0.orgnzt_id,u1_0.password,u1_0.password_cnsr,u1_0.password_hint,u1_0.chg_pwd_last_pnttm,u1_0.role,u1_0.sbscrb_de,u1_0.sexdstn_code,u1_0.crtfc_dn_value,u1_0.user_nm,u1_0.zip from nemplyrinfo u1_0 order by u1_0.emplyr_id desc offset ? rows fetch first ? rows only
2026-03-16 17:03:00 [http-nio-8080-exec-7] DEBUG o.s.orm.jpa.JpaTransactionManager - Opened new EntityManager [SessionImpl(410909599<open>)] for JPA transaction
2026-03-16 17:03:00 [http-nio-8080-exec-19] DEBUG o.s.orm.jpa.JpaTransactionManager - Initiating transaction commit
2026-03-16 17:03:00 [http-nio-8080-exec-19] DEBUG o.s.orm.jpa.JpaTransactionManager - Committing JPA transaction on EntityManager [SessionImpl(349020313<open>)]
2026-03-16 17:03:00 [http-nio-8080-exec-6] DEBUG o.s.orm.jpa.JpaTransactionManager - Closing JPA EntityManager [SessionImpl(1465463037<open>)] after transaction
2026-03-16 17:03:00 [http-nio-8080-exec-6] DEBUG c.c.p.s.jwt.JwtAuthenticationFilter - >>> [JwtFilter] Successfully authenticated user: USRCNFRM_99999999999, Authorities: [ROLE_ADMIN]
2026-03-16 17:03:00 [http-nio-8080-exec-1] DEBUG o.s.orm.jpa.JpaTransactionManager - Exposing JPA transaction as JDBC [org.springframework.orm.jpa.vendor.HibernateJpaDialect$HibernateConnectionHandle@10337da5]
2026-03-16 17:03:00 [http-nio-8080-exec-6] DEBUG o.s.web.servlet.DispatcherServlet - GET "/api/v1/menu/left?menuNo=20", parameters={masked}
2026-03-16 17:03:00 [http-nio-8080-exec-6] TRACE o.s.w.s.m.m.a.RequestMappingHandlerMapping - Mapped to com.company.project.api.controller.menu.MenuController#getLeftMenu(Long)
2026-03-16 17:03:00 [http-nio-8080-exec-1] DEBUG org.hibernate.SQL - select m1_0.menu_no,m1_0.menu_dc,m1_0.menu_nm,m1_0.menu_ordr,m1_0.modern_route,m1_0.progrm_file_nm,m1_0.relate_image_nm,m1_0.relate_image_path,m1_0.route_updated_at,m1_0.upper_menu_no from nmenuinfo m1_0 order by m1_0.upper_menu_no,m1_0.menu_ordr
2026-03-16 17:03:00 [http-nio-8080-exec-6] INFO  c.c.p.a.c.menu.MenuController - getLeftMenu called with menuNo=20
2026-03-16 17:03:00 [http-nio-8080-exec-6] DEBUG o.s.orm.jpa.JpaTransactionManager - Creating new transaction with name [com.company.project.service.menu.MenuService.getSubMenus]: PROPAGATION_REQUIRED,ISOLATION_DEFAULT,readOnly
2026-03-16 17:03:00 [http-nio-8080-exec-6] DEBUG o.s.orm.jpa.JpaTransactionManager - Opened new EntityManager [SessionImpl(980861448<open>)] for JPA transaction
2026-03-16 17:03:00 [http-nio-8080-exec-18] DEBUG o.s.orm.jpa.JpaTransactionManager - Closing JPA EntityManager [SessionImpl(1911772466<open>)] after transaction
2026-03-16 17:03:00 [http-nio-8080-exec-18] DEBUG c.c.p.s.jwt.JwtAuthenticationFilter - >>> [JwtFilter] Successfully authenticated user: USRCNFRM_99999999999, Authorities: [ROLE_ADMIN]
2026-03-16 17:03:00 [http-nio-8080-exec-2] DEBUG o.s.orm.jpa.JpaTransactionManager - Exposing JPA transaction as JDBC [org.springframework.orm.jpa.vendor.HibernateJpaDialect$HibernateConnectionHandle@1b0f04e5]
2026-03-16 17:03:00 [http-nio-8080-exec-18] DEBUG o.s.web.servlet.DispatcherServlet - GET "/api/v1/menu/left?menuNo=50", parameters={masked}
2026-03-16 17:03:00 [http-nio-8080-exec-2] DEBUG o.s.orm.jpa.JpaTransactionManager - Found thread-bound EntityManager [SessionImpl(871143162<open>)] for JPA transaction
2026-03-16 17:03:00 [http-nio-8080-exec-2] DEBUG o.s.orm.jpa.JpaTransactionManager - Participating in existing transaction
2026-03-16 17:03:00 [http-nio-8080-exec-18] TRACE o.s.w.s.m.m.a.RequestMappingHandlerMapping - Mapped to com.company.project.api.controller.menu.MenuController#getLeftMenu(Long)
2026-03-16 17:03:00 [http-nio-8080-exec-2] DEBUG org.hibernate.SQL - select bm1_0.bbs_id,bm1_0.atch_posbl_file_number,bm1_0.atch_posbl_file_size,bm1_0.bbs_attrb_code,bm1_0.bbs_intrcn,bm1_0.bbs_nm,bm1_0.bbs_ty_code,bm1_0.blog_at,bm1_0.blog_id,bm1_0.cmmnty_id,bm1_0.frst_register_id,bm1_0.frst_regist_pnttm,bm1_0.file_atch_posbl_at,bm1_0.last_updusr_id,bm1_0.last_updt_pnttm,bm1_0.reply_posbl_at,bm1_0.tmplat_id,bm1_0.use_at,bm1_1.answer_at,bm1_1.stsfdg_at from nbbsmaster bm1_0 left join nbbsmasteroptn bm1_1 on bm1_0.bbs_id=bm1_1.bbs_id where bm1_0.bbs_id=?
2026-03-16 17:03:00 [http-nio-8080-exec-18] INFO  c.c.p.a.c.menu.MenuController - getLeftMenu called with menuNo=50
2026-03-16 17:03:00 [http-nio-8080-exec-18] DEBUG o.s.orm.jpa.JpaTransactionManager - Creating new transaction with name [com.company.project.service.menu.MenuService.getSubMenus]: PROPAGATION_REQUIRED,ISOLATION_DEFAULT,readOnly
2026-03-16 17:03:00 [http-nio-8080-exec-18] DEBUG o.s.orm.jpa.JpaTransactionManager - Opened new EntityManager [SessionImpl(1227792169<open>)] for JPA transaction
2026-03-16 17:03:00 [http-nio-8080-exec-16] DEBUG o.s.orm.jpa.JpaTransactionManager - Closing JPA EntityManager [SessionImpl(791841655<open>)] after transaction
2026-03-16 17:03:00 [http-nio-8080-exec-4] DEBUG o.s.orm.jpa.JpaTransactionManager - Exposing JPA transaction as JDBC [org.springframework.orm.jpa.vendor.HibernateJpaDialect$HibernateConnectionHandle@f4b7eab]
2026-03-16 17:03:00 [http-nio-8080-exec-16] DEBUG c.c.p.s.jwt.JwtAuthenticationFilter - >>> [JwtFilter] Successfully authenticated user: USRCNFRM_99999999999, Authorities: [ROLE_ADMIN]
2026-03-16 17:03:00 [http-nio-8080-exec-16] DEBUG o.s.web.servlet.DispatcherServlet - GET "/api/v1/menu/left?menuNo=60", parameters={masked}
2026-03-16 17:03:00 [http-nio-8080-exec-4] DEBUG org.hibernate.SQL - select m1_0.menu_no,m1_0.menu_dc,m1_0.menu_nm,m1_0.menu_ordr,m1_0.modern_route,m1_0.progrm_file_nm,m1_0.relate_image_nm,m1_0.relate_image_path,m1_0.route_updated_at,m1_0.upper_menu_no from nmenuinfo m1_0 order by m1_0.upper_menu_no,m1_0.menu_ordr
2026-03-16 17:03:00 [http-nio-8080-exec-16] TRACE o.s.w.s.m.m.a.RequestMappingHandlerMapping - Mapped to com.company.project.api.controller.menu.MenuController#getLeftMenu(Long)
2026-03-16 17:03:00 [http-nio-8080-exec-16] INFO  c.c.p.a.c.menu.MenuController - getLeftMenu called with menuNo=60
2026-03-16 17:03:00 [http-nio-8080-exec-16] DEBUG o.s.orm.jpa.JpaTransactionManager - Creating new transaction with name [com.company.project.service.menu.MenuService.getSubMenus]: PROPAGATION_REQUIRED,ISOLATION_DEFAULT,readOnly
2026-03-16 17:03:00 [http-nio-8080-exec-16] DEBUG o.s.orm.jpa.JpaTransactionManager - Opened new EntityManager [SessionImpl(158555687<open>)] for JPA transaction
2026-03-16 17:03:00 [http-nio-8080-exec-17] DEBUG o.s.orm.jpa.JpaTransactionManager - Found thread-bound EntityManager [SessionImpl(569432040<open>)] for JPA transaction
2026-03-16 17:03:00 [http-nio-8080-exec-17] DEBUG o.s.orm.jpa.JpaTransactionManager - Participating in existing transaction
2026-03-16 17:03:00 [http-nio-8080-exec-17] DEBUG org.hibernate.SQL - select p1_0.progrm_file_nm,p1_0.progrm_dc,p1_0.progrm_korean_nm,p1_0.progrm_stre_path,p1_0.url from nprogrmlist p1_0
2026-03-16 17:03:00 [http-nio-8080-exec-8] DEBUG o.s.orm.jpa.JpaTransactionManager - Closing JPA EntityManager [SessionImpl(94244617<open>)] after transaction
2026-03-16 17:03:00 [http-nio-8080-exec-8] INFO  c.c.p.a.c.menu.MenuController - getLeftMenu returned 3 items
2026-03-16 17:03:00 [http-nio-8080-exec-15] DEBUG o.s.orm.jpa.JpaTransactionManager - Exposing JPA transaction as JDBC [org.springframework.orm.jpa.vendor.HibernateJpaDialect$HibernateConnectionHandle@4c12d5b6]
2026-03-16 17:03:00 [http-nio-8080-exec-8] DEBUG o.s.w.s.m.m.a.HttpEntityMethodProcessor - Using 'application/json', given [application/json, text/plain, */*] and supported [application/json, application/*+json, application/yaml]
2026-03-16 17:03:00 [http-nio-8080-exec-8] TRACE o.s.w.s.m.m.a.HttpEntityMethodProcessor - Writing [ApiResponse[success=true, status=200, code=COMMON_001, message=Success, data={list=[com.company.project.service.menu.dto.MenuDto@4a830870, com.company.project.service.menu.dto.MenuDto@41d97074, com.company.project.service.menu.dto.MenuDto@1d43dd57]}, timestamp=2026-03-16T17:03:00.201681300]]
2026-03-16 17:03:00 [http-nio-8080-exec-15] DEBUG o.s.orm.jpa.JpaTransactionManager - Found thread-bound EntityManager [SessionImpl(1793686196<open>)] for JPA transaction
2026-03-16 17:03:00 [http-nio-8080-exec-15] DEBUG o.s.orm.jpa.JpaTransactionManager - Participating in existing transaction
2026-03-16 17:03:00 [http-nio-8080-exec-15] DEBUG org.hibernate.SQL - select u1_0.emplyr_id,u1_0.area_no,u1_0.brthdy,u1_0.chg_pwd_cnt,u1_0.frst_register_id,u1_0.frst_regist_pnttm,u1_0.detail_adres,u1_0.email_adres,u1_0.emplyr_sttus_code,u1_0.empl_no,u1_0.esntl_id,u1_0.fxnum,u1_0.group_id,u1_0.house_adres,u1_0.house_end_telno,u1_0.house_middle_telno,u1_0.ihidnum,u1_0.pstinst_code,u1_0.last_updusr_id,u1_0.last_updt_pnttm,u1_0.lock_at,u1_0.lock_cnt,u1_0.lock_last_pnttm,u1_0.mbtlnum,u1_0.ofcps_nm,u1_0.offm_telno,u1_0.orgnzt_id,u1_0.password,u1_0.password_cnsr,u1_0.password_hint,u1_0.chg_pwd_last_pnttm,u1_0.role,u1_0.sbscrb_de,u1_0.sexdstn_code,u1_0.crtfc_dn_value,u1_0.user_nm,u1_0.zip from nemplyrinfo u1_0 where u1_0.emplyr_id=?
2026-03-16 17:03:00 [http-nio-8080-exec-8] INFO  c.c.p.a.i.OperationalAuditInterceptor - API Audit Log: URL=/api/v1/menu/left, User=webmaster, IP=127.0.0.1
2026-03-16 17:03:00 [http-nio-8080-exec-8] DEBUG o.s.web.servlet.DispatcherServlet - Completed 200 OK
2026-03-16 17:03:00 [http-nio-8080-exec-3] DEBUG c.c.p.s.jwt.JwtAuthenticationFilter - >>> [JwtFilter] Processing request: GET /api/v1/menu/left
2026-03-16 17:03:00 [http-nio-8080-exec-3] DEBUG c.c.p.s.jwt.JwtAuthenticationFilter - >>> [JwtFilter] Found token in header for path: /api/v1/menu/left
2026-03-16 17:03:00 [http-nio-8080-exec-3] DEBUG o.s.orm.jpa.JpaTransactionManager - Creating new transaction with name [com.company.project.security.iam.CustomUserDetailsService.loadUserByUsername]: PROPAGATION_REQUIRED,ISOLATION_DEFAULT,readOnly
2026-03-16 17:03:00 [http-nio-8080-exec-3] DEBUG o.s.orm.jpa.JpaTransactionManager - Opened new EntityManager [SessionImpl(994454315<open>)] for JPA transaction
2026-03-16 17:03:00 [http-nio-8080-exec-5] DEBUG o.s.orm.jpa.JpaTransactionManager - Found thread-bound EntityManager [SessionImpl(623675541<open>)] for JPA transaction
2026-03-16 17:03:00 [http-nio-8080-exec-5] DEBUG o.s.orm.jpa.JpaTransactionManager - Participating in existing transaction
2026-03-16 17:03:00 [http-nio-8080-exec-5] DEBUG org.hibernate.SQL - select ua1_0.scrty_dtrmn_trget_id,ua1_0.author_code,ua1_0.frst_register_id,ua1_0.frst_regist_pnttm,ua1_0.last_updusr_id,ua1_0.last_updt_pnttm,ua1_0.mber_ty_code from nemplyrscrtyestbs ua1_0 where ua1_0.scrty_dtrmn_trget_id=?
2026-03-16 17:03:00 [http-nio-8080-exec-10] DEBUG o.s.orm.jpa.JpaTransactionManager - Initiating transaction commit
2026-03-16 17:03:00 [http-nio-8080-exec-10] DEBUG o.s.orm.jpa.JpaTransactionManager - Committing JPA transaction on EntityManager [SessionImpl(1566869740<open>)]
2026-03-16 17:03:00 [http-nio-8080-exec-9] DEBUG org.hibernate.SQL - select count(u1_0.emplyr_id) from nemplyrinfo u1_0
2026-03-16 17:03:00 [http-nio-8080-exec-19] DEBUG o.s.orm.jpa.JpaTransactionManager - Closing JPA EntityManager [SessionImpl(349020313<open>)] after transaction
2026-03-16 17:03:00 [http-nio-8080-exec-19] INFO  c.c.p.a.c.menu.MenuController - getLeftMenu returned 5 items
2026-03-16 17:03:00 [http-nio-8080-exec-13] DEBUG o.s.orm.jpa.JpaTransactionManager - Exposing JPA transaction as JDBC [org.springframework.orm.jpa.vendor.HibernateJpaDialect$HibernateConnectionHandle@673acd10]
2026-03-16 17:03:00 [http-nio-8080-exec-19] DEBUG o.s.w.s.m.m.a.HttpEntityMethodProcessor - Using 'application/json', given [application/json, text/plain, */*] and supported [application/json, application/*+json, application/yaml]
2026-03-16 17:03:00 [http-nio-8080-exec-19] TRACE o.s.w.s.m.m.a.HttpEntityMethodProcessor - Writing [ApiResponse[success=true, status=200, code=COMMON_001, message=Success, data={list=[com.company.project.service.menu.dto.MenuDto@47648fc9, com.company.project.service.menu.dto.MenuDto@52f8f55a, com.company.project.service.menu.dto.MenuDto@2430ce78, com.company.project.service.menu.dto.MenuDto@347f224d, com.company.project.service.menu.dto.MenuDto@5786f9cc]}, timestamp=2026-03-16T17:03:00.264263500]]
2026-03-16 17:03:00 [http-nio-8080-exec-13] DEBUG org.hibernate.SQL - select m1_0.menu_no,m1_0.menu_dc,m1_0.menu_nm,m1_0.menu_ordr,m1_0.modern_route,m1_0.progrm_file_nm,m1_0.relate_image_nm,m1_0.relate_image_path,m1_0.route_updated_at,m1_0.upper_menu_no from nmenuinfo m1_0 order by m1_0.upper_menu_no,m1_0.menu_ordr
2026-03-16 17:03:00 [http-nio-8080-exec-19] INFO  c.c.p.a.i.OperationalAuditInterceptor - API Audit Log: URL=/api/v1/menu/left, User=webmaster, IP=0:0:0:0:0:0:0:1
2026-03-16 17:03:00 [http-nio-8080-exec-19] DEBUG o.s.web.servlet.DispatcherServlet - Completed 200 OK
2026-03-16 17:03:00 [http-nio-8080-exec-7] DEBUG o.s.orm.jpa.JpaTransactionManager - Exposing JPA transaction as JDBC [org.springframework.orm.jpa.vendor.HibernateJpaDialect$HibernateConnectionHandle@61d164a]
2026-03-16 17:03:00 [http-nio-8080-exec-7] DEBUG org.hibernate.SQL - select m1_0.menu_no,m1_0.menu_dc,m1_0.menu_nm,m1_0.menu_ordr,m1_0.modern_route,m1_0.progrm_file_nm,m1_0.relate_image_nm,m1_0.relate_image_path,m1_0.route_updated_at,m1_0.upper_menu_no from nmenuinfo m1_0 order by m1_0.upper_menu_no,m1_0.menu_ordr
2026-03-16 17:03:00 [http-nio-8080-exec-2] DEBUG org.hibernate.SQL - select b1_0.ntt_id,b1_0.bbs_id,b1_0.ntt_sj,b1_0.ntcr_nm,b1_0.frst_regist_pnttm,b1_0.rdcnt,b1_0.answer_at,b1_0.parntsctt_no,b1_0.answer_lc,b1_0.sort_ordr,b1_0.ntt_no,b1_0.notice_at,b1_0.secret_at,b1_0.comment_co from nbbs b1_0 left join nemplyrinfo u1_0 on b1_0.frst_register_id=u1_0.esntl_id where (b1_0.use_at = 'Y') and b1_0.bbs_id=? order by b1_0.sort_ordr desc,b1_0.ntt_no offset ? rows fetch first ? rows only
2026-03-16 17:03:00 [http-nio-8080-exec-17] DEBUG o.s.orm.jpa.JpaTransactionManager - Initiating transaction commit
2026-03-16 17:03:00 [http-nio-8080-exec-17] DEBUG o.s.orm.jpa.JpaTransactionManager - Committing JPA transaction on EntityManager [SessionImpl(569432040<open>)]
2026-03-16 17:03:00 [http-nio-8080-exec-15] DEBUG o.s.orm.jpa.JpaTransactionManager - Found thread-bound EntityManager [SessionImpl(1793686196<open>)] for JPA transaction
2026-03-16 17:03:00 [http-nio-8080-exec-15] DEBUG o.s.orm.jpa.JpaTransactionManager - Participating in existing transaction
2026-03-16 17:03:00 [http-nio-8080-exec-15] DEBUG org.hibernate.SQL - select ua1_0.scrty_dtrmn_trget_id,ua1_0.author_code,ua1_0.frst_register_id,ua1_0.frst_regist_pnttm,ua1_0.last_updusr_id,ua1_0.last_updt_pnttm,ua1_0.mber_ty_code from nemplyrscrtyestbs ua1_0 where ua1_0.scrty_dtrmn_trget_id=?
2026-03-16 17:03:00 [http-nio-8080-exec-5] DEBUG o.s.orm.jpa.JpaTransactionManager - Initiating transaction commit
2026-03-16 17:03:00 [http-nio-8080-exec-5] DEBUG o.s.orm.jpa.JpaTransactionManager - Committing JPA transaction on EntityManager [SessionImpl(623675541<open>)]
2026-03-16 17:03:00 [http-nio-8080-exec-10] DEBUG o.s.orm.jpa.JpaTransactionManager - Closing JPA EntityManager [SessionImpl(1566869740<open>)] after transaction
2026-03-16 17:03:00 [http-nio-8080-exec-10] INFO  c.c.p.a.c.menu.MenuController - getLeftMenu returned 1 items
2026-03-16 17:03:00 [http-nio-8080-exec-6] DEBUG o.s.orm.jpa.JpaTransactionManager - Exposing JPA transaction as JDBC [org.springframework.orm.jpa.vendor.HibernateJpaDialect$HibernateConnectionHandle@344d2ea]
2026-03-16 17:03:00 [http-nio-8080-exec-10] DEBUG o.s.w.s.m.m.a.HttpEntityMethodProcessor - Using 'application/json', given [application/json, text/plain, */*] and supported [application/json, application/*+json, application/yaml]
2026-03-16 17:03:00 [http-nio-8080-exec-10] TRACE o.s.w.s.m.m.a.HttpEntityMethodProcessor - Writing [ApiResponse[success=true, status=200, code=COMMON_001, message=Success, data={list=[com.company.project.service.menu.dto.MenuDto@37beb933]}, timestamp=2026-03-16T17:03:00.397420500]]
2026-03-16 17:03:00 [http-nio-8080-exec-6] DEBUG org.hibernate.SQL - select m1_0.menu_no,m1_0.menu_dc,m1_0.menu_nm,m1_0.menu_ordr,m1_0.modern_route,m1_0.progrm_file_nm,m1_0.relate_image_nm,m1_0.relate_image_path,m1_0.route_updated_at,m1_0.upper_menu_no from nmenuinfo m1_0 order by m1_0.upper_menu_no,m1_0.menu_ordr
2026-03-16 17:03:00 [http-nio-8080-exec-10] INFO  c.c.p.a.i.OperationalAuditInterceptor - API Audit Log: URL=/api/v1/menu/left, User=webmaster, IP=0:0:0:0:0:0:0:1
2026-03-16 17:03:00 [http-nio-8080-exec-10] DEBUG o.s.web.servlet.DispatcherServlet - Completed 200 OK
2026-03-16 17:03:00 [http-nio-8080-exec-9] DEBUG o.s.orm.jpa.JpaTransactionManager - Initiating transaction commit
2026-03-16 17:03:00 [http-nio-8080-exec-9] DEBUG o.s.orm.jpa.JpaTransactionManager - Committing JPA transaction on EntityManager [SessionImpl(696485799<open>)]
2026-03-16 17:03:00 [http-nio-8080-exec-13] DEBUG o.s.orm.jpa.JpaTransactionManager - Found thread-bound EntityManager [SessionImpl(758747957<open>)] for JPA transaction
2026-03-16 17:03:00 [http-nio-8080-exec-13] DEBUG o.s.orm.jpa.JpaTransactionManager - Participating in existing transaction
2026-03-16 17:03:00 [http-nio-8080-exec-13] DEBUG org.hibernate.SQL - select p1_0.progrm_file_nm,p1_0.progrm_dc,p1_0.progrm_korean_nm,p1_0.progrm_stre_path,p1_0.url from nprogrmlist p1_0
2026-03-16 17:03:00 [http-nio-8080-exec-1] DEBUG o.s.orm.jpa.JpaTransactionManager - Found thread-bound EntityManager [SessionImpl(957757647<open>)] for JPA transaction
2026-03-16 17:03:00 [http-nio-8080-exec-1] DEBUG o.s.orm.jpa.JpaTransactionManager - Participating in existing transaction
2026-03-16 17:03:00 [http-nio-8080-exec-1] DEBUG org.hibernate.SQL - select p1_0.progrm_file_nm,p1_0.progrm_dc,p1_0.progrm_korean_nm,p1_0.progrm_stre_path,p1_0.url from nprogrmlist p1_0
2026-03-16 17:03:00 [http-nio-8080-exec-4] DEBUG o.s.orm.jpa.JpaTransactionManager - Found thread-bound EntityManager [SessionImpl(2128477907<open>)] for JPA transaction
2026-03-16 17:03:00 [http-nio-8080-exec-4] DEBUG o.s.orm.jpa.JpaTransactionManager - Participating in existing transaction
2026-03-16 17:03:00 [http-nio-8080-exec-4] DEBUG org.hibernate.SQL - select p1_0.progrm_file_nm,p1_0.progrm_dc,p1_0.progrm_korean_nm,p1_0.progrm_stre_path,p1_0.url from nprogrmlist p1_0
2026-03-16 17:03:00 [http-nio-8080-exec-2] DEBUG org.hibernate.SQL - select count(b1_0.ntt_id) from nbbs b1_0 left join nemplyrinfo u1_0 on b1_0.frst_register_id=u1_0.esntl_id where (b1_0.use_at = 'Y') and b1_0.bbs_id=?
2026-03-16 17:03:00 [http-nio-8080-exec-17] DEBUG o.s.orm.jpa.JpaTransactionManager - Closing JPA EntityManager [SessionImpl(569432040<open>)] after transaction
2026-03-16 17:03:00 [http-nio-8080-exec-17] INFO  c.c.p.a.c.menu.MenuController - getLeftMenu returned 3 items
2026-03-16 17:03:00 [http-nio-8080-exec-18] DEBUG o.s.orm.jpa.JpaTransactionManager - Exposing JPA transaction as JDBC [org.springframework.orm.jpa.vendor.HibernateJpaDialect$HibernateConnectionHandle@98adc24]
2026-03-16 17:03:00 [http-nio-8080-exec-17] DEBUG o.s.w.s.m.m.a.HttpEntityMethodProcessor - Using 'application/json', given [application/json, text/plain, */*] and supported [application/json, application/*+json, application/yaml]
2026-03-16 17:03:00 [http-nio-8080-exec-17] TRACE o.s.w.s.m.m.a.HttpEntityMethodProcessor - Writing [ApiResponse[success=true, status=200, code=COMMON_001, message=Success, data={list=[com.company.project.service.menu.dto.MenuDto@58a75cab, com.company.project.service.menu.dto.MenuDto@645d6d46, com.company.project.service.menu.dto.MenuDto@74a0841b]}, timestamp=2026-03-16T17:03:00.489722600]]
2026-03-16 17:03:00 [http-nio-8080-exec-18] DEBUG org.hibernate.SQL - select m1_0.menu_no,m1_0.menu_dc,m1_0.menu_nm,m1_0.menu_ordr,m1_0.modern_route,m1_0.progrm_file_nm,m1_0.relate_image_nm,m1_0.relate_image_path,m1_0.route_updated_at,m1_0.upper_menu_no from nmenuinfo m1_0 order by m1_0.upper_menu_no,m1_0.menu_ordr
2026-03-16 17:03:00 [http-nio-8080-exec-17] INFO  c.c.p.a.i.OperationalAuditInterceptor - API Audit Log: URL=/api/v1/menu/left, User=webmaster, IP=0:0:0:0:0:0:0:1
2026-03-16 17:03:00 [http-nio-8080-exec-17] DEBUG o.s.web.servlet.DispatcherServlet - Completed 200 OK
2026-03-16 17:03:00 [http-nio-8080-exec-15] DEBUG o.s.orm.jpa.JpaTransactionManager - Initiating transaction commit
2026-03-16 17:03:00 [http-nio-8080-exec-15] DEBUG o.s.orm.jpa.JpaTransactionManager - Committing JPA transaction on EntityManager [SessionImpl(1793686196<open>)]
2026-03-16 17:03:00 [http-nio-8080-exec-5] DEBUG o.s.orm.jpa.JpaTransactionManager - Closing JPA EntityManager [SessionImpl(623675541<open>)] after transaction
2026-03-16 17:03:00 [http-nio-8080-exec-5] DEBUG c.c.p.s.jwt.JwtAuthenticationFilter - >>> [JwtFilter] Successfully authenticated user: USRCNFRM_99999999999, Authorities: [ROLE_ADMIN]
2026-03-16 17:03:00 [http-nio-8080-exec-16] DEBUG o.s.orm.jpa.JpaTransactionManager - Exposing JPA transaction as JDBC [org.springframework.orm.jpa.vendor.HibernateJpaDialect$HibernateConnectionHandle@2439aa1c]
2026-03-16 17:03:00 [http-nio-8080-exec-5] DEBUG o.s.web.servlet.DispatcherServlet - GET "/api/v1/notifications/unread-count", parameters={}
2026-03-16 17:03:00 [http-nio-8080-exec-5] TRACE o.s.w.s.m.m.a.RequestMappingHandlerMapping - Mapped to com.company.project.api.controller.notification.NotificationController#getUnreadCount(UserDetails)
2026-03-16 17:03:00 [http-nio-8080-exec-5] DEBUG o.s.orm.jpa.JpaTransactionManager - Creating new transaction with name [com.company.project.service.notification.NotificationService.getUnreadCount]: PROPAGATION_REQUIRED,ISOLATION_DEFAULT,readOnly
2026-03-16 17:03:00 [http-nio-8080-exec-16] DEBUG org.hibernate.SQL - select m1_0.menu_no,m1_0.menu_dc,m1_0.menu_nm,m1_0.menu_ordr,m1_0.modern_route,m1_0.progrm_file_nm,m1_0.relate_image_nm,m1_0.relate_image_path,m1_0.route_updated_at,m1_0.upper_menu_no from nmenuinfo m1_0 order by m1_0.upper_menu_no,m1_0.menu_ordr
2026-03-16 17:03:00 [http-nio-8080-exec-5] DEBUG o.s.orm.jpa.JpaTransactionManager - Opened new EntityManager [SessionImpl(6570624<open>)] for JPA transaction
2026-03-16 17:03:00 [http-nio-8080-exec-9] DEBUG o.s.orm.jpa.JpaTransactionManager - Closing JPA EntityManager [SessionImpl(696485799<open>)] after transaction
2026-03-16 17:03:00 [http-nio-8080-exec-3] DEBUG o.s.orm.jpa.JpaTransactionManager - Exposing JPA transaction as JDBC [org.springframework.orm.jpa.vendor.HibernateJpaDialect$HibernateConnectionHandle@13fe6177]
2026-03-16 17:03:00 [http-nio-8080-exec-3] DEBUG o.s.orm.jpa.JpaTransactionManager - Found thread-bound EntityManager [SessionImpl(994454315<open>)] for JPA transaction
2026-03-16 17:03:00 [http-nio-8080-exec-3] DEBUG o.s.orm.jpa.JpaTransactionManager - Participating in existing transaction
2026-03-16 17:03:00 [http-nio-8080-exec-9] DEBUG o.s.w.s.m.m.a.HttpEntityMethodProcessor - Using 'application/json', given [application/json, text/plain, */*] and supported [application/json, application/*+json, application/yaml]
2026-03-16 17:03:00 [http-nio-8080-exec-3] DEBUG org.hibernate.SQL - select u1_0.emplyr_id,u1_0.area_no,u1_0.brthdy,u1_0.chg_pwd_cnt,u1_0.frst_register_id,u1_0.frst_regist_pnttm,u1_0.detail_adres,u1_0.email_adres,u1_0.emplyr_sttus_code,u1_0.empl_no,u1_0.esntl_id,u1_0.fxnum,u1_0.group_id,u1_0.house_adres,u1_0.house_end_telno,u1_0.house_middle_telno,u1_0.ihidnum,u1_0.pstinst_code,u1_0.last_updusr_id,u1_0.last_updt_pnttm,u1_0.lock_at,u1_0.lock_cnt,u1_0.lock_last_pnttm,u1_0.mbtlnum,u1_0.ofcps_nm,u1_0.offm_telno,u1_0.orgnzt_id,u1_0.password,u1_0.password_cnsr,u1_0.password_hint,u1_0.chg_pwd_last_pnttm,u1_0.role,u1_0.sbscrb_de,u1_0.sexdstn_code,u1_0.crtfc_dn_value,u1_0.user_nm,u1_0.zip from nemplyrinfo u1_0 where u1_0.emplyr_id=?
2026-03-16 17:03:00 [http-nio-8080-exec-9] TRACE o.s.w.s.m.m.a.HttpEntityMethodProcessor - Writing [ApiResponse[success=true, status=200, code=COMMON_001, message=Success, data=com.company.project.core.response.PageResponse@3477a1c3, timestamp=2026-03-16T17:03:00.557890300]]
2026-03-16 17:03:00 [http-nio-8080-exec-9] INFO  c.c.p.a.i.OperationalAuditInterceptor - API Audit Log: URL=/api/v1/admin/system/users, User=webmaster, IP=0:0:0:0:0:0:0:1
2026-03-16 17:03:00 [http-nio-8080-exec-9] DEBUG o.s.web.servlet.DispatcherServlet - Completed 200 OK
2026-03-16 17:03:00 [http-nio-8080-exec-6] DEBUG o.s.orm.jpa.JpaTransactionManager - Found thread-bound EntityManager [SessionImpl(980861448<open>)] for JPA transaction
2026-03-16 17:03:00 [http-nio-8080-exec-6] DEBUG o.s.orm.jpa.JpaTransactionManager - Participating in existing transaction
2026-03-16 17:03:00 [http-nio-8080-exec-6] DEBUG org.hibernate.SQL - select p1_0.progrm_file_nm,p1_0.progrm_dc,p1_0.progrm_korean_nm,p1_0.progrm_stre_path,p1_0.url from nprogrmlist p1_0
2026-03-16 17:03:00 [http-nio-8080-exec-13] DEBUG o.s.orm.jpa.JpaTransactionManager - Initiating transaction commit
2026-03-16 17:03:00 [http-nio-8080-exec-13] DEBUG o.s.orm.jpa.JpaTransactionManager - Committing JPA transaction on EntityManager [SessionImpl(758747957<open>)]
2026-03-16 17:03:00 [http-nio-8080-exec-1] DEBUG o.s.orm.jpa.JpaTransactionManager - Initiating transaction commit
2026-03-16 17:03:00 [http-nio-8080-exec-1] DEBUG o.s.orm.jpa.JpaTransactionManager - Committing JPA transaction on EntityManager [SessionImpl(957757647<open>)]
2026-03-16 17:03:00 [http-nio-8080-exec-7] DEBUG o.s.orm.jpa.JpaTransactionManager - Found thread-bound EntityManager [SessionImpl(410909599<open>)] for JPA transaction
2026-03-16 17:03:00 [http-nio-8080-exec-7] DEBUG o.s.orm.jpa.JpaTransactionManager - Participating in existing transaction
2026-03-16 17:03:00 [http-nio-8080-exec-7] DEBUG org.hibernate.SQL - select p1_0.progrm_file_nm,p1_0.progrm_dc,p1_0.progrm_korean_nm,p1_0.progrm_stre_path,p1_0.url from nprogrmlist p1_0
2026-03-16 17:03:00 [http-nio-8080-exec-2] DEBUG o.s.orm.jpa.JpaTransactionManager - Initiating transaction commit
2026-03-16 17:03:00 [http-nio-8080-exec-2] DEBUG o.s.orm.jpa.JpaTransactionManager - Committing JPA transaction on EntityManager [SessionImpl(871143162<open>)]
2026-03-16 17:03:00 [http-nio-8080-exec-4] DEBUG o.s.orm.jpa.JpaTransactionManager - Initiating transaction commit
2026-03-16 17:03:00 [http-nio-8080-exec-4] DEBUG o.s.orm.jpa.JpaTransactionManager - Committing JPA transaction on EntityManager [SessionImpl(2128477907<open>)]
2026-03-16 17:03:00 [http-nio-8080-exec-18] DEBUG o.s.orm.jpa.JpaTransactionManager - Found thread-bound EntityManager [SessionImpl(1227792169<open>)] for JPA transaction
2026-03-16 17:03:00 [http-nio-8080-exec-18] DEBUG o.s.orm.jpa.JpaTransactionManager - Participating in existing transaction
2026-03-16 17:03:00 [http-nio-8080-exec-18] DEBUG org.hibernate.SQL - select p1_0.progrm_file_nm,p1_0.progrm_dc,p1_0.progrm_korean_nm,p1_0.progrm_stre_path,p1_0.url from nprogrmlist p1_0
2026-03-16 17:03:00 [http-nio-8080-exec-15] DEBUG o.s.orm.jpa.JpaTransactionManager - Closing JPA EntityManager [SessionImpl(1793686196<open>)] after transaction
2026-03-16 17:03:00 [http-nio-8080-exec-15] DEBUG c.c.p.s.jwt.JwtAuthenticationFilter - >>> [JwtFilter] Successfully authenticated user: USRCNFRM_99999999999, Authorities: [ROLE_ADMIN]
2026-03-16 17:03:00 [http-nio-8080-exec-15] DEBUG o.s.web.servlet.DispatcherServlet - GET "/api/v1/notifications", parameters={}
2026-03-16 17:03:00 [http-nio-8080-exec-15] TRACE o.s.w.s.m.m.a.RequestMappingHandlerMapping - Mapped to com.company.project.api.controller.notification.NotificationController#getMyNotifications(UserDetails)
2026-03-16 17:03:00 [http-nio-8080-exec-5] DEBUG o.s.orm.jpa.JpaTransactionManager - Exposing JPA transaction as JDBC [org.springframework.orm.jpa.vendor.HibernateJpaDialect$HibernateConnectionHandle@237341d8]
2026-03-16 17:03:00 [http-nio-8080-exec-15] DEBUG o.s.orm.jpa.JpaTransactionManager - Creating new transaction with name [com.company.project.service.notification.NotificationService.getActiveNotifications]: PROPAGATION_REQUIRED,ISOLATION_DEFAULT,readOnly
2026-03-16 17:03:00 [http-nio-8080-exec-15] DEBUG o.s.orm.jpa.JpaTransactionManager - Opened new EntityManager [SessionImpl(357211642<open>)] for JPA transaction
2026-03-16 17:03:00 [http-nio-8080-exec-5] DEBUG org.hibernate.SQL - select count(n1_0.ntcn_no) from n_user_notification n1_0 where n1_0.receiver_id=? and n1_0.is_read=?
2026-03-16 17:03:00 [http-nio-8080-exec-16] DEBUG o.s.orm.jpa.JpaTransactionManager - Found thread-bound EntityManager [SessionImpl(158555687<open>)] for JPA transaction
2026-03-16 17:03:00 [http-nio-8080-exec-16] DEBUG o.s.orm.jpa.JpaTransactionManager - Participating in existing transaction
2026-03-16 17:03:00 [http-nio-8080-exec-16] DEBUG org.hibernate.SQL - select p1_0.progrm_file_nm,p1_0.progrm_dc,p1_0.progrm_korean_nm,p1_0.progrm_stre_path,p1_0.url from nprogrmlist p1_0
2026-03-16 17:03:00 [http-nio-8080-exec-3] DEBUG o.s.orm.jpa.JpaTransactionManager - Found thread-bound EntityManager [SessionImpl(994454315<open>)] for JPA transaction
2026-03-16 17:03:00 [http-nio-8080-exec-3] DEBUG o.s.orm.jpa.JpaTransactionManager - Participating in existing transaction
2026-03-16 17:03:00 [http-nio-8080-exec-3] DEBUG org.hibernate.SQL - select ua1_0.scrty_dtrmn_trget_id,ua1_0.author_code,ua1_0.frst_register_id,ua1_0.frst_regist_pnttm,ua1_0.last_updusr_id,ua1_0.last_updt_pnttm,ua1_0.mber_ty_code from nemplyrscrtyestbs ua1_0 where ua1_0.scrty_dtrmn_trget_id=?
2026-03-16 17:03:00 [http-nio-8080-exec-6] DEBUG o.s.orm.jpa.JpaTransactionManager - Initiating transaction commit
2026-03-16 17:03:00 [http-nio-8080-exec-6] DEBUG o.s.orm.jpa.JpaTransactionManager - Committing JPA transaction on EntityManager [SessionImpl(980861448<open>)]
2026-03-16 17:03:00 [http-nio-8080-exec-13] DEBUG o.s.orm.jpa.JpaTransactionManager - Closing JPA EntityManager [SessionImpl(758747957<open>)] after transaction
2026-03-16 17:03:00 [http-nio-8080-exec-15] DEBUG o.s.orm.jpa.JpaTransactionManager - Exposing JPA transaction as JDBC [org.springframework.orm.jpa.vendor.HibernateJpaDialect$HibernateConnectionHandle@3478c0bc]
2026-03-16 17:03:00 [http-nio-8080-exec-13] INFO  c.c.p.a.c.menu.MenuController - getLeftMenu returned 5 items
2026-03-16 17:03:00 [http-nio-8080-exec-15] DEBUG o.s.orm.jpa.JpaTransactionManager - Found thread-bound EntityManager [SessionImpl(357211642<open>)] for JPA transaction
2026-03-16 17:03:00 [http-nio-8080-exec-15] DEBUG o.s.orm.jpa.JpaTransactionManager - Participating in existing transaction
2026-03-16 17:03:00 [http-nio-8080-exec-13] DEBUG o.s.w.s.m.m.a.HttpEntityMethodProcessor - Using 'application/json', given [application/json, text/plain, */*] and supported [application/json, application/*+json, application/yaml]
2026-03-16 17:03:00 [http-nio-8080-exec-13] TRACE o.s.w.s.m.m.a.HttpEntityMethodProcessor - Writing [ApiResponse[success=true, status=200, code=COMMON_001, message=Success, data={list=[com.company.project.service.menu.dto.MenuDto@51c0a43f, com.company.project.service.menu.dto.MenuDto@5dd1bb75, com.company.project.service.menu.dto.MenuDto@72aa458c, com.company.project.service.menu.dto.MenuDto@48c537d3, com.company.project.service.menu.dto.MenuDto@1c7083a8]}, timestamp=2026-03-16T17:03:00.744572300]]
2026-03-16 17:03:00 [http-nio-8080-exec-15] DEBUG org.hibernate.SQL - select n1_0.ntcn_no,n1_0.frst_register_id,n1_0.frst_regist_pnttm,n1_0.is_read,n1_0.last_updusr_id,n1_0.last_updt_pnttm,n1_0.link_url,n1_0.ntcn_cn,n1_0.ntcn_sj,n1_0.receiver_id from n_user_notification n1_0
2026-03-16 17:03:00 [http-nio-8080-exec-13] INFO  c.c.p.a.i.OperationalAuditInterceptor - API Audit Log: URL=/api/v1/menu/left, User=webmaster, IP=0:0:0:0:0:0:0:1
2026-03-16 17:03:00 [http-nio-8080-exec-13] DEBUG o.s.web.servlet.DispatcherServlet - Completed 200 OK
2026-03-16 17:03:00 [http-nio-8080-exec-1] DEBUG o.s.orm.jpa.JpaTransactionManager - Closing JPA EntityManager [SessionImpl(957757647<open>)] after transaction
2026-03-16 17:03:00 [http-nio-8080-exec-1] INFO  c.c.p.a.c.menu.MenuController - getLeftMenu returned 2 items
2026-03-16 17:03:00 [http-nio-8080-exec-1] DEBUG o.s.w.s.m.m.a.HttpEntityMethodProcessor - Using 'application/json', given [application/json, text/plain, */*] and supported [application/json, application/*+json, application/yaml]
2026-03-16 17:03:00 [http-nio-8080-exec-1] TRACE o.s.w.s.m.m.a.HttpEntityMethodProcessor - Writing [ApiResponse[success=true, status=200, code=COMMON_001, message=Success, data={list=[com.company.project.service.menu.dto.MenuDto@6dec5641, com.company.project.service.menu.dto.MenuDto@1e0f5798]}, timestamp=2026-03-16T17:03:00.767031800]]
2026-03-16 17:03:00 [http-nio-8080-exec-1] INFO  c.c.p.a.i.OperationalAuditInterceptor - API Audit Log: URL=/api/v1/menu/left, User=webmaster, IP=0:0:0:0:0:0:0:1
2026-03-16 17:03:00 [http-nio-8080-exec-1] DEBUG o.s.web.servlet.DispatcherServlet - Completed 200 OK
2026-03-16 17:03:00 [http-nio-8080-exec-7] DEBUG o.s.orm.jpa.JpaTransactionManager - Initiating transaction commit
2026-03-16 17:03:00 [http-nio-8080-exec-7] DEBUG o.s.orm.jpa.JpaTransactionManager - Committing JPA transaction on EntityManager [SessionImpl(410909599<open>)]
2026-03-16 17:03:00 [http-nio-8080-exec-2] DEBUG o.s.orm.jpa.JpaTransactionManager - Closing JPA EntityManager [SessionImpl(871143162<open>)] after transaction
2026-03-16 17:03:00 [http-nio-8080-exec-2] DEBUG o.s.orm.jpa.JpaTransactionManager - Creating new transaction with name [com.company.project.service.board.BoardService.getBoardPosts]: PROPAGATION_REQUIRED,ISOLATION_DEFAULT,readOnly
2026-03-16 17:03:00 [http-nio-8080-exec-2] DEBUG o.s.orm.jpa.JpaTransactionManager - Opened new EntityManager [SessionImpl(1813670916<open>)] for JPA transaction
2026-03-16 17:03:00 [http-nio-8080-exec-2] DEBUG o.s.orm.jpa.JpaTransactionManager - Exposing JPA transaction as JDBC [org.springframework.orm.jpa.vendor.HibernateJpaDialect$HibernateConnectionHandle@7c9eb017]
2026-03-16 17:03:00 [http-nio-8080-exec-2] DEBUG o.s.orm.jpa.JpaTransactionManager - Found thread-bound EntityManager [SessionImpl(1813670916<open>)] for JPA transaction
2026-03-16 17:03:00 [http-nio-8080-exec-2] DEBUG o.s.orm.jpa.JpaTransactionManager - Participating in existing transaction
2026-03-16 17:03:00 [http-nio-8080-exec-2] DEBUG org.hibernate.SQL - select bm1_0.bbs_id,bm1_0.atch_posbl_file_number,bm1_0.atch_posbl_file_size,bm1_0.bbs_attrb_code,bm1_0.bbs_intrcn,bm1_0.bbs_nm,bm1_0.bbs_ty_code,bm1_0.blog_at,bm1_0.blog_id,bm1_0.cmmnty_id,bm1_0.frst_register_id,bm1_0.frst_regist_pnttm,bm1_0.file_atch_posbl_at,bm1_0.last_updusr_id,bm1_0.last_updt_pnttm,bm1_0.reply_posbl_at,bm1_0.tmplat_id,bm1_0.use_at,bm1_1.answer_at,bm1_1.stsfdg_at from nbbsmaster bm1_0 left join nbbsmasteroptn bm1_1 on bm1_0.bbs_id=bm1_1.bbs_id where bm1_0.bbs_id=?
2026-03-16 17:03:00 [http-nio-8080-exec-4] DEBUG o.s.orm.jpa.JpaTransactionManager - Closing JPA EntityManager [SessionImpl(2128477907<open>)] after transaction
2026-03-16 17:03:00 [http-nio-8080-exec-4] INFO  c.c.p.a.c.menu.MenuController - getLeftMenu returned 3 items
2026-03-16 17:03:00 [http-nio-8080-exec-4] DEBUG o.s.w.s.m.m.a.HttpEntityMethodProcessor - Using 'application/json', given [application/json, text/plain, */*] and supported [application/json, application/*+json, application/yaml]
2026-03-16 17:03:00 [http-nio-8080-exec-4] TRACE o.s.w.s.m.m.a.HttpEntityMethodProcessor - Writing [ApiResponse[success=true, status=200, code=COMMON_001, message=Success, data={list=[com.company.project.service.menu.dto.MenuDto@7695f1a7, com.company.project.service.menu.dto.MenuDto@4caac11d, com.company.project.service.menu.dto.MenuDto@32d03326]}, timestamp=2026-03-16T17:03:00.798071500]]
2026-03-16 17:03:00 [http-nio-8080-exec-4] INFO  c.c.p.a.i.OperationalAuditInterceptor - API Audit Log: URL=/api/v1/menu/left, User=webmaster, IP=0:0:0:0:0:0:0:1
2026-03-16 17:03:00 [http-nio-8080-exec-4] DEBUG o.s.web.servlet.DispatcherServlet - Completed 200 OK
2026-03-16 17:03:00 [http-nio-8080-exec-18] DEBUG o.s.orm.jpa.JpaTransactionManager - Initiating transaction commit
2026-03-16 17:03:00 [http-nio-8080-exec-18] DEBUG o.s.orm.jpa.JpaTransactionManager - Committing JPA transaction on EntityManager [SessionImpl(1227792169<open>)]
2026-03-16 17:03:00 [http-nio-8080-exec-5] DEBUG o.s.orm.jpa.JpaTransactionManager - Initiating transaction commit
2026-03-16 17:03:00 [http-nio-8080-exec-5] DEBUG o.s.orm.jpa.JpaTransactionManager - Committing JPA transaction on EntityManager [SessionImpl(6570624<open>)]
2026-03-16 17:03:00 [http-nio-8080-exec-16] DEBUG o.s.orm.jpa.JpaTransactionManager - Initiating transaction commit
2026-03-16 17:03:00 [http-nio-8080-exec-16] DEBUG o.s.orm.jpa.JpaTransactionManager - Committing JPA transaction on EntityManager [SessionImpl(158555687<open>)]
2026-03-16 17:03:00 [http-nio-8080-exec-3] DEBUG o.s.orm.jpa.JpaTransactionManager - Initiating transaction commit
2026-03-16 17:03:00 [http-nio-8080-exec-3] DEBUG o.s.orm.jpa.JpaTransactionManager - Committing JPA transaction on EntityManager [SessionImpl(994454315<open>)]
2026-03-16 17:03:00 [http-nio-8080-exec-6] DEBUG o.s.orm.jpa.JpaTransactionManager - Closing JPA EntityManager [SessionImpl(980861448<open>)] after transaction
2026-03-16 17:03:00 [http-nio-8080-exec-6] INFO  c.c.p.a.c.menu.MenuController - getLeftMenu returned 3 items
2026-03-16 17:03:00 [http-nio-8080-exec-6] DEBUG o.s.w.s.m.m.a.HttpEntityMethodProcessor - Using 'application/json', given [application/json, text/plain, */*] and supported [application/json, application/*+json, application/yaml]
2026-03-16 17:03:00 [http-nio-8080-exec-6] TRACE o.s.w.s.m.m.a.HttpEntityMethodProcessor - Writing [ApiResponse[success=true, status=200, code=COMMON_001, message=Success, data={list=[com.company.project.service.menu.dto.MenuDto@6f193bba, com.company.project.service.menu.dto.MenuDto@5b0f7ff3, com.company.project.service.menu.dto.MenuDto@51e94c19]}, timestamp=2026-03-16T17:03:00.872651800]]
2026-03-16 17:03:00 [http-nio-8080-exec-6] INFO  c.c.p.a.i.OperationalAuditInterceptor - API Audit Log: URL=/api/v1/menu/left, User=webmaster, IP=0:0:0:0:0:0:0:1
2026-03-16 17:03:00 [http-nio-8080-exec-6] DEBUG o.s.web.servlet.DispatcherServlet - Completed 200 OK
2026-03-16 17:03:00 [http-nio-8080-exec-15] DEBUG o.s.orm.jpa.JpaTransactionManager - Initiating transaction commit
2026-03-16 17:03:00 [http-nio-8080-exec-15] DEBUG o.s.orm.jpa.JpaTransactionManager - Committing JPA transaction on EntityManager [SessionImpl(357211642<open>)]
2026-03-16 17:03:00 [http-nio-8080-exec-7] DEBUG o.s.orm.jpa.JpaTransactionManager - Closing JPA EntityManager [SessionImpl(410909599<open>)] after transaction
2026-03-16 17:03:00 [http-nio-8080-exec-7] INFO  c.c.p.a.c.menu.MenuController - getLeftMenu returned 2 items
2026-03-16 17:03:00 [http-nio-8080-exec-7] DEBUG o.s.w.s.m.m.a.HttpEntityMethodProcessor - Using 'application/json', given [application/json, text/plain, */*] and supported [application/json, application/*+json, application/yaml]
2026-03-16 17:03:00 [http-nio-8080-exec-7] TRACE o.s.w.s.m.m.a.HttpEntityMethodProcessor - Writing [ApiResponse[success=true, status=200, code=COMMON_001, message=Success, data={list=[com.company.project.service.menu.dto.MenuDto@5c028184, com.company.project.service.menu.dto.MenuDto@6de3ca82]}, timestamp=2026-03-16T17:03:00.923447900]]
2026-03-16 17:03:00 [http-nio-8080-exec-7] INFO  c.c.p.a.i.OperationalAuditInterceptor - API Audit Log: URL=/api/v1/menu/left, User=webmaster, IP=0:0:0:0:0:0:0:1
2026-03-16 17:03:00 [http-nio-8080-exec-7] DEBUG o.s.web.servlet.DispatcherServlet - Completed 200 OK
2026-03-16 17:03:00 [http-nio-8080-exec-2] DEBUG org.hibernate.SQL - select b1_0.ntt_id,b1_0.bbs_id,b1_0.ntt_sj,b1_0.ntcr_nm,b1_0.frst_regist_pnttm,b1_0.rdcnt,b1_0.answer_at,b1_0.parntsctt_no,b1_0.answer_lc,b1_0.sort_ordr,b1_0.ntt_no,b1_0.notice_at,b1_0.secret_at,b1_0.comment_co from nbbs b1_0 left join nemplyrinfo u1_0 on b1_0.frst_register_id=u1_0.esntl_id where (b1_0.use_at = 'Y') and b1_0.bbs_id=? order by b1_0.sort_ordr desc,b1_0.ntt_no offset ? rows fetch first ? rows only
2026-03-16 17:03:00 [http-nio-8080-exec-18] DEBUG o.s.orm.jpa.JpaTransactionManager - Closing JPA EntityManager [SessionImpl(1227792169<open>)] after transaction
2026-03-16 17:03:00 [http-nio-8080-exec-18] INFO  c.c.p.a.c.menu.MenuController - getLeftMenu returned 3 items
2026-03-16 17:03:00 [http-nio-8080-exec-18] DEBUG o.s.w.s.m.m.a.HttpEntityMethodProcessor - Using 'application/json', given [application/json, text/plain, */*] and supported [application/json, application/*+json, application/yaml]
2026-03-16 17:03:00 [http-nio-8080-exec-18] TRACE o.s.w.s.m.m.a.HttpEntityMethodProcessor - Writing [ApiResponse[success=true, status=200, code=COMMON_001, message=Success, data={list=[com.company.project.service.menu.dto.MenuDto@63a8b40c, com.company.project.service.menu.dto.MenuDto@72b68637, com.company.project.service.menu.dto.MenuDto@498baa92]}, timestamp=2026-03-16T17:03:00.953973400]]
2026-03-16 17:03:00 [http-nio-8080-exec-18] INFO  c.c.p.a.i.OperationalAuditInterceptor - API Audit Log: URL=/api/v1/menu/left, User=webmaster, IP=0:0:0:0:0:0:0:1
2026-03-16 17:03:00 [http-nio-8080-exec-18] DEBUG o.s.web.servlet.DispatcherServlet - Completed 200 OK
2026-03-16 17:03:00 [http-nio-8080-exec-5] DEBUG o.s.orm.jpa.JpaTransactionManager - Closing JPA EntityManager [SessionImpl(6570624<open>)] after transaction
2026-03-16 17:03:00 [http-nio-8080-exec-5] DEBUG o.s.w.s.m.m.a.HttpEntityMethodProcessor - Using 'application/json', given [application/json, text/plain, */*] and supported [application/json, application/*+json, application/yaml]
2026-03-16 17:03:00 [http-nio-8080-exec-5] TRACE o.s.w.s.m.m.a.HttpEntityMethodProcessor - Writing [ApiResponse[success=true, status=200, code=COMMON_001, message=Success, data=0, timestamp=2026-03-16T17:03:00.967157700]]
2026-03-16 17:03:00 [http-nio-8080-exec-5] INFO  c.c.p.a.i.OperationalAuditInterceptor - API Audit Log: URL=/api/v1/notifications/unread-count, User=webmaster, IP=127.0.0.1
2026-03-16 17:03:00 [http-nio-8080-exec-5] DEBUG o.s.web.servlet.DispatcherServlet - Completed 200 OK
2026-03-16 17:03:01 [http-nio-8080-exec-16] DEBUG o.s.orm.jpa.JpaTransactionManager - Closing JPA EntityManager [SessionImpl(158555687<open>)] after transaction
2026-03-16 17:03:01 [http-nio-8080-exec-16] INFO  c.c.p.a.c.menu.MenuController - getLeftMenu returned 1 items
2026-03-16 17:03:01 [http-nio-8080-exec-16] DEBUG o.s.w.s.m.m.a.HttpEntityMethodProcessor - Using 'application/json', given [application/json, text/plain, */*] and supported [application/json, application/*+json, application/yaml]
2026-03-16 17:03:01 [http-nio-8080-exec-16] TRACE o.s.w.s.m.m.a.HttpEntityMethodProcessor - Writing [ApiResponse[success=true, status=200, code=COMMON_001, message=Success, data={list=[com.company.project.service.menu.dto.MenuDto@1479cd0d]}, timestamp=2026-03-16T17:03:01.000842600]]
2026-03-16 17:03:01 [http-nio-8080-exec-16] INFO  c.c.p.a.i.OperationalAuditInterceptor - API Audit Log: URL=/api/v1/menu/left, User=webmaster, IP=0:0:0:0:0:0:0:1
2026-03-16 17:03:01 [http-nio-8080-exec-16] DEBUG o.s.web.servlet.DispatcherServlet - Completed 200 OK
2026-03-16 17:03:01 [http-nio-8080-exec-3] DEBUG o.s.orm.jpa.JpaTransactionManager - Closing JPA EntityManager [SessionImpl(994454315<open>)] after transaction
2026-03-16 17:03:01 [http-nio-8080-exec-3] DEBUG c.c.p.s.jwt.JwtAuthenticationFilter - >>> [JwtFilter] Successfully authenticated user: USRCNFRM_99999999999, Authorities: [ROLE_ADMIN]
2026-03-16 17:03:01 [http-nio-8080-exec-3] DEBUG o.s.web.servlet.DispatcherServlet - GET "/api/v1/menu/left?menuNo=40", parameters={masked}
2026-03-16 17:03:01 [http-nio-8080-exec-3] TRACE o.s.w.s.m.m.a.RequestMappingHandlerMapping - Mapped to com.company.project.api.controller.menu.MenuController#getLeftMenu(Long)
2026-03-16 17:03:01 [http-nio-8080-exec-3] INFO  c.c.p.a.c.menu.MenuController - getLeftMenu called with menuNo=40
2026-03-16 17:03:01 [http-nio-8080-exec-3] DEBUG o.s.orm.jpa.JpaTransactionManager - Creating new transaction with name [com.company.project.service.menu.MenuService.getSubMenus]: PROPAGATION_REQUIRED,ISOLATION_DEFAULT,readOnly
2026-03-16 17:03:01 [http-nio-8080-exec-3] DEBUG o.s.orm.jpa.JpaTransactionManager - Opened new EntityManager [SessionImpl(328595722<open>)] for JPA transaction
2026-03-16 17:03:01 [http-nio-8080-exec-3] DEBUG o.s.orm.jpa.JpaTransactionManager - Exposing JPA transaction as JDBC [org.springframework.orm.jpa.vendor.HibernateJpaDialect$HibernateConnectionHandle@1d1775e0]
2026-03-16 17:03:01 [http-nio-8080-exec-3] DEBUG org.hibernate.SQL - select m1_0.menu_no,m1_0.menu_dc,m1_0.menu_nm,m1_0.menu_ordr,m1_0.modern_route,m1_0.progrm_file_nm,m1_0.relate_image_nm,m1_0.relate_image_path,m1_0.route_updated_at,m1_0.upper_menu_no from nmenuinfo m1_0 order by m1_0.upper_menu_no,m1_0.menu_ordr
2026-03-16 17:03:01 [http-nio-8080-exec-14] DEBUG o.s.w.s.h.LoggingWebSocketHandlerDecorator - WebSocketServerSockJsSession[id=wi25rqwe] closed with CloseStatus[code=1000, reason=null]
2026-03-16 17:03:01 [http-nio-8080-exec-14] DEBUG o.s.w.s.m.SubProtocolWebSocketHandler - Clearing session wi25rqwe
2026-03-16 17:03:01 [scheduling-1] DEBUG org.springframework.web.SimpLogging - Processing DISCONNECT session=wi25rqwe
2026-03-16 17:03:01 [scheduling-1] DEBUG o.s.w.s.m.SubProtocolWebSocketHandler - No session for GenericMessage [payload=byte[0], headers={simpMessageType=DISCONNECT_ACK, simpDisconnectMessage=GenericMessage [payload=byte[0], headers={simpMessageType=DISCONNECT, stompCommand=DISCONNECT, simpSessionAttributes={org.springframework.messaging.simp.SimpAttributes.COMPLETED=true}, simpSessionId=wi25rqwe}], simpSessionId=wi25rqwe}]
2026-03-16 17:03:01 [http-nio-8080-exec-15] DEBUG o.s.orm.jpa.JpaTransactionManager - Closing JPA EntityManager [SessionImpl(357211642<open>)] after transaction
2026-03-16 17:03:01 [http-nio-8080-exec-15] DEBUG o.s.w.s.m.m.a.HttpEntityMethodProcessor - Using 'application/json', given [application/json, text/plain, */*] and supported [application/json, application/*+json, application/yaml]
2026-03-16 17:03:01 [http-nio-8080-exec-15] TRACE o.s.w.s.m.m.a.HttpEntityMethodProcessor - Writing [ApiResponse[success=true, status=200, code=COMMON_001, message=Success, data=[NotificationDto(ntfcNo=NT001, ntfcSj=테스트 알림입니다, ntfcCn=알림 내용입니다, ntfcDate=null, ntfcTime=2026-02-25T00:59:33.784070, bhNtfcIntrvl=null, uniqId=null, frstRegisterId=null, frstRegisterPnttm=2026-02-25T00:59:33.784070, lastUpdusrId=null, lastUpdusrPnttm=null)], timestamp=2026-03-16T17:03:01.055740900]]
2026-03-16 17:03:01 [http-nio-8080-exec-15] INFO  c.c.p.a.i.OperationalAuditInterceptor - API Audit Log: URL=/api/v1/notifications, User=webmaster, IP=127.0.0.1
2026-03-16 17:03:01 [http-nio-8080-exec-15] DEBUG o.s.web.servlet.DispatcherServlet - Completed 200 OK
2026-03-16 17:03:01 [http-nio-8080-exec-2] DEBUG org.hibernate.SQL - select count(b1_0.ntt_id) from nbbs b1_0 left join nemplyrinfo u1_0 on b1_0.frst_register_id=u1_0.esntl_id where (b1_0.use_at = 'Y') and b1_0.bbs_id=?
2026-03-16 17:03:01 [http-nio-8080-exec-2] DEBUG o.s.orm.jpa.JpaTransactionManager - Initiating transaction commit
2026-03-16 17:03:01 [http-nio-8080-exec-2] DEBUG o.s.orm.jpa.JpaTransactionManager - Committing JPA transaction on EntityManager [SessionImpl(1813670916<open>)]
2026-03-16 17:03:01 [http-nio-8080-exec-3] DEBUG o.s.orm.jpa.JpaTransactionManager - Found thread-bound EntityManager [SessionImpl(328595722<open>)] for JPA transaction
2026-03-16 17:03:01 [http-nio-8080-exec-3] DEBUG o.s.orm.jpa.JpaTransactionManager - Participating in existing transaction
2026-03-16 17:03:01 [http-nio-8080-exec-3] DEBUG org.hibernate.SQL - select p1_0.progrm_file_nm,p1_0.progrm_dc,p1_0.progrm_korean_nm,p1_0.progrm_stre_path,p1_0.url from nprogrmlist p1_0
2026-03-16 17:03:01 [http-nio-8080-exec-8] DEBUG c.c.p.s.jwt.JwtAuthenticationFilter - >>> [JwtFilter] Processing request: GET /api/v1/auth/me
2026-03-16 17:03:01 [http-nio-8080-exec-11] DEBUG c.c.p.s.jwt.JwtAuthenticationFilter - >>> [JwtFilter] Processing request: GET /api/v1/menu/left
2026-03-16 17:03:01 [http-nio-8080-exec-12] DEBUG c.c.p.s.jwt.JwtAuthenticationFilter - >>> [JwtFilter] Processing request: GET /api/v1/menu/head
2026-03-16 17:03:01 [http-nio-8080-exec-8] DEBUG c.c.p.s.jwt.JwtAuthenticationFilter - >>> [JwtFilter] Found token in header for path: /api/v1/auth/me
2026-03-16 17:03:01 [http-nio-8080-exec-11] DEBUG c.c.p.s.jwt.JwtAuthenticationFilter - >>> [JwtFilter] Found token in header for path: /api/v1/menu/left
2026-03-16 17:03:01 [http-nio-8080-exec-12] DEBUG c.c.p.s.jwt.JwtAuthenticationFilter - >>> [JwtFilter] Found token in header for path: /api/v1/menu/head
2026-03-16 17:03:01 [http-nio-8080-exec-8] DEBUG o.s.orm.jpa.JpaTransactionManager - Creating new transaction with name [com.company.project.security.iam.CustomUserDetailsService.loadUserByUsername]: PROPAGATION_REQUIRED,ISOLATION_DEFAULT,readOnly
2026-03-16 17:03:01 [http-nio-8080-exec-11] DEBUG o.s.orm.jpa.JpaTransactionManager - Creating new transaction with name [com.company.project.security.iam.CustomUserDetailsService.loadUserByUsername]: PROPAGATION_REQUIRED,ISOLATION_DEFAULT,readOnly
2026-03-16 17:03:01 [http-nio-8080-exec-12] DEBUG o.s.orm.jpa.JpaTransactionManager - Creating new transaction with name [com.company.project.security.iam.CustomUserDetailsService.loadUserByUsername]: PROPAGATION_REQUIRED,ISOLATION_DEFAULT,readOnly
2026-03-16 17:03:01 [http-nio-8080-exec-8] DEBUG o.s.orm.jpa.JpaTransactionManager - Opened new EntityManager [SessionImpl(1113735930<open>)] for JPA transaction
2026-03-16 17:03:01 [http-nio-8080-exec-11] DEBUG o.s.orm.jpa.JpaTransactionManager - Opened new EntityManager [SessionImpl(1001244170<open>)] for JPA transaction
2026-03-16 17:03:01 [http-nio-8080-exec-12] DEBUG o.s.orm.jpa.JpaTransactionManager - Opened new EntityManager [SessionImpl(233183939<open>)] for JPA transaction
2026-03-16 17:03:01 [http-nio-8080-exec-8] DEBUG o.s.orm.jpa.JpaTransactionManager - Exposing JPA transaction as JDBC [org.springframework.orm.jpa.vendor.HibernateJpaDialect$HibernateConnectionHandle@10f0124e]
2026-03-16 17:03:01 [http-nio-8080-exec-11] DEBUG o.s.orm.jpa.JpaTransactionManager - Exposing JPA transaction as JDBC [org.springframework.orm.jpa.vendor.HibernateJpaDialect$HibernateConnectionHandle@64bdd6ae]
2026-03-16 17:03:01 [http-nio-8080-exec-12] DEBUG o.s.orm.jpa.JpaTransactionManager - Exposing JPA transaction as JDBC [org.springframework.orm.jpa.vendor.HibernateJpaDialect$HibernateConnectionHandle@7a55e7d8]
2026-03-16 17:03:01 [http-nio-8080-exec-11] DEBUG o.s.orm.jpa.JpaTransactionManager - Found thread-bound EntityManager [SessionImpl(1001244170<open>)] for JPA transaction
2026-03-16 17:03:01 [http-nio-8080-exec-8] DEBUG o.s.orm.jpa.JpaTransactionManager - Found thread-bound EntityManager [SessionImpl(1113735930<open>)] for JPA transaction
2026-03-16 17:03:01 [http-nio-8080-exec-11] DEBUG o.s.orm.jpa.JpaTransactionManager - Participating in existing transaction
2026-03-16 17:03:01 [http-nio-8080-exec-8] DEBUG o.s.orm.jpa.JpaTransactionManager - Participating in existing transaction
2026-03-16 17:03:01 [http-nio-8080-exec-12] DEBUG o.s.orm.jpa.JpaTransactionManager - Found thread-bound EntityManager [SessionImpl(233183939<open>)] for JPA transaction
2026-03-16 17:03:01 [http-nio-8080-exec-12] DEBUG o.s.orm.jpa.JpaTransactionManager - Participating in existing transaction
2026-03-16 17:03:01 [http-nio-8080-exec-11] DEBUG org.hibernate.SQL - select u1_0.emplyr_id,u1_0.area_no,u1_0.brthdy,u1_0.chg_pwd_cnt,u1_0.frst_register_id,u1_0.frst_regist_pnttm,u1_0.detail_adres,u1_0.email_adres,u1_0.emplyr_sttus_code,u1_0.empl_no,u1_0.esntl_id,u1_0.fxnum,u1_0.group_id,u1_0.house_adres,u1_0.house_end_telno,u1_0.house_middle_telno,u1_0.ihidnum,u1_0.pstinst_code,u1_0.last_updusr_id,u1_0.last_updt_pnttm,u1_0.lock_at,u1_0.lock_cnt,u1_0.lock_last_pnttm,u1_0.mbtlnum,u1_0.ofcps_nm,u1_0.offm_telno,u1_0.orgnzt_id,u1_0.password,u1_0.password_cnsr,u1_0.password_hint,u1_0.chg_pwd_last_pnttm,u1_0.role,u1_0.sbscrb_de,u1_0.sexdstn_code,u1_0.crtfc_dn_value,u1_0.user_nm,u1_0.zip from nemplyrinfo u1_0 where u1_0.emplyr_id=?
2026-03-16 17:03:01 [http-nio-8080-exec-8] DEBUG org.hibernate.SQL - select u1_0.emplyr_id,u1_0.area_no,u1_0.brthdy,u1_0.chg_pwd_cnt,u1_0.frst_register_id,u1_0.frst_regist_pnttm,u1_0.detail_adres,u1_0.email_adres,u1_0.emplyr_sttus_code,u1_0.empl_no,u1_0.esntl_id,u1_0.fxnum,u1_0.group_id,u1_0.house_adres,u1_0.house_end_telno,u1_0.house_middle_telno,u1_0.ihidnum,u1_0.pstinst_code,u1_0.last_updusr_id,u1_0.last_updt_pnttm,u1_0.lock_at,u1_0.lock_cnt,u1_0.lock_last_pnttm,u1_0.mbtlnum,u1_0.ofcps_nm,u1_0.offm_telno,u1_0.orgnzt_id,u1_0.password,u1_0.password_cnsr,u1_0.password_hint,u1_0.chg_pwd_last_pnttm,u1_0.role,u1_0.sbscrb_de,u1_0.sexdstn_code,u1_0.crtfc_dn_value,u1_0.user_nm,u1_0.zip from nemplyrinfo u1_0 where u1_0.emplyr_id=?
2026-03-16 17:03:01 [http-nio-8080-exec-12] DEBUG org.hibernate.SQL - select u1_0.emplyr_id,u1_0.area_no,u1_0.brthdy,u1_0.chg_pwd_cnt,u1_0.frst_register_id,u1_0.frst_regist_pnttm,u1_0.detail_adres,u1_0.email_adres,u1_0.emplyr_sttus_code,u1_0.empl_no,u1_0.esntl_id,u1_0.fxnum,u1_0.group_id,u1_0.house_adres,u1_0.house_end_telno,u1_0.house_middle_telno,u1_0.ihidnum,u1_0.pstinst_code,u1_0.last_updusr_id,u1_0.last_updt_pnttm,u1_0.lock_at,u1_0.lock_cnt,u1_0.lock_last_pnttm,u1_0.mbtlnum,u1_0.ofcps_nm,u1_0.offm_telno,u1_0.orgnzt_id,u1_0.password,u1_0.password_cnsr,u1_0.password_hint,u1_0.chg_pwd_last_pnttm,u1_0.role,u1_0.sbscrb_de,u1_0.sexdstn_code,u1_0.crtfc_dn_value,u1_0.user_nm,u1_0.zip from nemplyrinfo u1_0 where u1_0.emplyr_id=?
2026-03-16 17:03:01 [http-nio-8080-exec-2] DEBUG o.s.orm.jpa.JpaTransactionManager - Closing JPA EntityManager [SessionImpl(1813670916<open>)] after transaction
2026-03-16 17:03:01 [http-nio-8080-exec-2] DEBUG o.s.orm.jpa.JpaTransactionManager - Creating new transaction with name [com.company.project.service.informalsanction.InformalSanctionServiceImpl.getReceivedInformalSanctionList]: PROPAGATION_REQUIRED,ISOLATION_DEFAULT,readOnly
2026-03-16 17:03:01 [http-nio-8080-exec-2] DEBUG o.s.orm.jpa.JpaTransactionManager - Opened new EntityManager [SessionImpl(1150039004<open>)] for JPA transaction
2026-03-16 17:03:01 [http-nio-8080-exec-2] DEBUG o.s.orm.jpa.JpaTransactionManager - Exposing JPA transaction as JDBC [org.springframework.orm.jpa.vendor.HibernateJpaDialect$HibernateConnectionHandle@35cd1c60]
2026-03-16 17:03:01 [http-nio-8080-exec-2] DEBUG org.hibernate.SQL - select is1_0.infrml_sanctn_id,is1_0.applcnt_id,is1_0.confm_at,is1_0.frst_register_id,is1_0.frst_regist_pnttm,is1_0.job_se_code,is1_0.last_updusr_id,is1_0.last_updt_pnttm,is1_0.reqst_de,is1_0.return_resn,is1_0.sanctn_dt,is1_0.sanctner_id from ninfrmlsanctn is1_0 where is1_0.sanctner_id=?
2026-03-16 17:03:01 [http-nio-8080-exec-3] DEBUG o.s.orm.jpa.JpaTransactionManager - Initiating transaction commit
2026-03-16 17:03:01 [http-nio-8080-exec-3] DEBUG o.s.orm.jpa.JpaTransactionManager - Committing JPA transaction on EntityManager [SessionImpl(328595722<open>)]
2026-03-16 17:03:01 [MessageBroker-11] DEBUG o.s.w.s.s.t.h.DefaultSockJsService - Closed 1 sessions: [blfiznay]
2026-03-16 17:03:01 [http-nio-8080-exec-11] DEBUG o.s.orm.jpa.JpaTransactionManager - Found thread-bound EntityManager [SessionImpl(1001244170<open>)] for JPA transaction
2026-03-16 17:03:01 [http-nio-8080-exec-8] DEBUG o.s.orm.jpa.JpaTransactionManager - Found thread-bound EntityManager [SessionImpl(1113735930<open>)] for JPA transaction
2026-03-16 17:03:01 [http-nio-8080-exec-12] DEBUG o.s.orm.jpa.JpaTransactionManager - Found thread-bound EntityManager [SessionImpl(233183939<open>)] for JPA transaction
2026-03-16 17:03:01 [http-nio-8080-exec-8] DEBUG o.s.orm.jpa.JpaTransactionManager - Participating in existing transaction
2026-03-16 17:03:01 [http-nio-8080-exec-2] DEBUG o.s.orm.jpa.JpaTransactionManager - Initiating transaction commit
2026-03-16 17:03:01 [http-nio-8080-exec-11] DEBUG o.s.orm.jpa.JpaTransactionManager - Participating in existing transaction
2026-03-16 17:03:01 [http-nio-8080-exec-8] DEBUG org.hibernate.SQL - select ua1_0.scrty_dtrmn_trget_id,ua1_0.author_code,ua1_0.frst_register_id,ua1_0.frst_regist_pnttm,ua1_0.last_updusr_id,ua1_0.last_updt_pnttm,ua1_0.mber_ty_code from nemplyrscrtyestbs ua1_0 where ua1_0.scrty_dtrmn_trget_id=?
2026-03-16 17:03:01 [http-nio-8080-exec-12] DEBUG o.s.orm.jpa.JpaTransactionManager - Participating in existing transaction
2026-03-16 17:03:01 [http-nio-8080-exec-2] DEBUG o.s.orm.jpa.JpaTransactionManager - Committing JPA transaction on EntityManager [SessionImpl(1150039004<open>)]
2026-03-16 17:03:01 [http-nio-8080-exec-11] DEBUG org.hibernate.SQL - select ua1_0.scrty_dtrmn_trget_id,ua1_0.author_code,ua1_0.frst_register_id,ua1_0.frst_regist_pnttm,ua1_0.last_updusr_id,ua1_0.last_updt_pnttm,ua1_0.mber_ty_code from nemplyrscrtyestbs ua1_0 where ua1_0.scrty_dtrmn_trget_id=?
2026-03-16 17:03:01 [http-nio-8080-exec-12] DEBUG org.hibernate.SQL - select ua1_0.scrty_dtrmn_trget_id,ua1_0.author_code,ua1_0.frst_register_id,ua1_0.frst_regist_pnttm,ua1_0.last_updusr_id,ua1_0.last_updt_pnttm,ua1_0.mber_ty_code from nemplyrscrtyestbs ua1_0 where ua1_0.scrty_dtrmn_trget_id=?
2026-03-16 17:03:01 [http-nio-8080-exec-3] DEBUG o.s.orm.jpa.JpaTransactionManager - Closing JPA EntityManager [SessionImpl(328595722<open>)] after transaction
2026-03-16 17:03:01 [http-nio-8080-exec-3] INFO  c.c.p.a.c.menu.MenuController - getLeftMenu returned 2 items
2026-03-16 17:03:01 [http-nio-8080-exec-3] DEBUG o.s.w.s.m.m.a.HttpEntityMethodProcessor - Using 'application/json', given [application/json, text/plain, */*] and supported [application/json, application/*+json, application/yaml]
2026-03-16 17:03:01 [http-nio-8080-exec-3] TRACE o.s.w.s.m.m.a.HttpEntityMethodProcessor - Writing [ApiResponse[success=true, status=200, code=COMMON_001, message=Success, data={list=[com.company.project.service.menu.dto.MenuDto@4d63bf27, com.company.project.service.menu.dto.MenuDto@775ba7b4]}, timestamp=2026-03-16T17:03:01.622249700]]
2026-03-16 17:03:01 [http-nio-8080-exec-3] INFO  c.c.p.a.i.OperationalAuditInterceptor - API Audit Log: URL=/api/v1/menu/left, User=webmaster, IP=127.0.0.1
2026-03-16 17:03:01 [http-nio-8080-exec-3] DEBUG o.s.web.servlet.DispatcherServlet - Completed 200 OK
2026-03-16 17:03:01 [http-nio-8080-exec-2] DEBUG o.s.orm.jpa.JpaTransactionManager - Closing JPA EntityManager [SessionImpl(1150039004<open>)] after transaction
2026-03-16 17:03:01 [http-nio-8080-exec-2] DEBUG o.s.w.s.m.m.a.HttpEntityMethodProcessor - Using 'application/json', given [application/json, text/plain, */*] and supported [application/json, application/*+json, application/yaml]
2026-03-16 17:03:01 [http-nio-8080-exec-2] TRACE o.s.w.s.m.m.a.HttpEntityMethodProcessor - Writing [{notiList=[com.company.project.service.board.dto.BoardDto@7ea2825b], success=true, taskList=[com.company.project.service.board.dto.BoardDto@6c0d85bb], pendingApprovalCount=0}]
2026-03-16 17:03:01 [http-nio-8080-exec-2] INFO  c.c.p.a.i.OperationalAuditInterceptor - API Audit Log: URL=/api/v1/dashboard, User=webmaster, IP=0:0:0:0:0:0:0:1
2026-03-16 17:03:01 [http-nio-8080-exec-2] DEBUG o.s.web.servlet.DispatcherServlet - Completed 200 OK
2026-03-16 17:03:01 [http-nio-8080-exec-11] DEBUG o.s.orm.jpa.JpaTransactionManager - Initiating transaction commit
2026-03-16 17:03:01 [http-nio-8080-exec-8] DEBUG o.s.orm.jpa.JpaTransactionManager - Initiating transaction commit
2026-03-16 17:03:01 [http-nio-8080-exec-11] DEBUG o.s.orm.jpa.JpaTransactionManager - Committing JPA transaction on EntityManager [SessionImpl(1001244170<open>)]
2026-03-16 17:03:01 [http-nio-8080-exec-8] DEBUG o.s.orm.jpa.JpaTransactionManager - Committing JPA transaction on EntityManager [SessionImpl(1113735930<open>)]
2026-03-16 17:03:01 [http-nio-8080-exec-12] DEBUG o.s.orm.jpa.JpaTransactionManager - Initiating transaction commit
2026-03-16 17:03:01 [http-nio-8080-exec-12] DEBUG o.s.orm.jpa.JpaTransactionManager - Committing JPA transaction on EntityManager [SessionImpl(233183939<open>)]
2026-03-16 17:03:01 [http-nio-8080-exec-8] DEBUG o.s.orm.jpa.JpaTransactionManager - Closing JPA EntityManager [SessionImpl(1113735930<open>)] after transaction
2026-03-16 17:03:01 [http-nio-8080-exec-11] DEBUG o.s.orm.jpa.JpaTransactionManager - Closing JPA EntityManager [SessionImpl(1001244170<open>)] after transaction
2026-03-16 17:03:01 [http-nio-8080-exec-11] DEBUG c.c.p.s.jwt.JwtAuthenticationFilter - >>> [JwtFilter] Successfully authenticated user: USRCNFRM_99999999999, Authorities: [ROLE_ADMIN]
2026-03-16 17:03:01 [http-nio-8080-exec-8] DEBUG c.c.p.s.jwt.JwtAuthenticationFilter - >>> [JwtFilter] Successfully authenticated user: USRCNFRM_99999999999, Authorities: [ROLE_ADMIN]
2026-03-16 17:03:01 [http-nio-8080-exec-8] DEBUG o.s.web.servlet.DispatcherServlet - GET "/api/v1/auth/me", parameters={}
2026-03-16 17:03:01 [http-nio-8080-exec-11] DEBUG o.s.web.servlet.DispatcherServlet - GET "/api/v1/menu/left?menuNo=10", parameters={masked}
2026-03-16 17:03:01 [http-nio-8080-exec-11] TRACE o.s.w.s.m.m.a.RequestMappingHandlerMapping - Mapped to com.company.project.api.controller.menu.MenuController#getLeftMenu(Long)
2026-03-16 17:03:01 [http-nio-8080-exec-8] TRACE o.s.w.s.m.m.a.RequestMappingHandlerMapping - Mapped to com.company.project.api.auth.AuthController#getCurrentUser()
2026-03-16 17:03:01 [http-nio-8080-exec-11] INFO  c.c.p.a.c.menu.MenuController - getLeftMenu called with menuNo=10
2026-03-16 17:03:01 [http-nio-8080-exec-11] DEBUG o.s.orm.jpa.JpaTransactionManager - Creating new transaction with name [com.company.project.service.menu.MenuService.getSubMenus]: PROPAGATION_REQUIRED,ISOLATION_DEFAULT,readOnly
2026-03-16 17:03:01 [http-nio-8080-exec-11] DEBUG o.s.orm.jpa.JpaTransactionManager - Opened new EntityManager [SessionImpl(1723471881<open>)] for JPA transaction
2026-03-16 17:03:01 [http-nio-8080-exec-11] DEBUG o.s.orm.jpa.JpaTransactionManager - Exposing JPA transaction as JDBC [org.springframework.orm.jpa.vendor.HibernateJpaDialect$HibernateConnectionHandle@7a54d347]
2026-03-16 17:03:01 [http-nio-8080-exec-8] DEBUG o.s.w.s.m.m.a.RequestResponseBodyMethodProcessor - Using 'application/json', given [application/json, text/plain, */*] and supported [application/json, application/*+json, application/yaml]
2026-03-16 17:03:01 [http-nio-8080-exec-8] TRACE o.s.w.s.m.m.a.RequestResponseBodyMethodProcessor - Writing [ApiResponse[success=true, status=200, code=COMMON_001, message=Success, data={role=ROLE_ADMIN, userSe=EMP, name=관리자, id=webmaster}, timestamp=2026-03-16T17:03:01.873572600]]
2026-03-16 17:03:01 [http-nio-8080-exec-11] DEBUG org.hibernate.SQL - select m1_0.menu_no,m1_0.menu_dc,m1_0.menu_nm,m1_0.menu_ordr,m1_0.modern_route,m1_0.progrm_file_nm,m1_0.relate_image_nm,m1_0.relate_image_path,m1_0.route_updated_at,m1_0.upper_menu_no from nmenuinfo m1_0 order by m1_0.upper_menu_no,m1_0.menu_ordr
2026-03-16 17:03:01 [http-nio-8080-exec-8] INFO  c.c.p.a.i.OperationalAuditInterceptor - API Audit Log: URL=/api/v1/auth/me, User=webmaster, IP=127.0.0.1
2026-03-16 17:03:01 [http-nio-8080-exec-8] DEBUG o.s.web.servlet.DispatcherServlet - Completed 200 OK
2026-03-16 17:03:01 [http-nio-8080-exec-12] DEBUG o.s.orm.jpa.JpaTransactionManager - Closing JPA EntityManager [SessionImpl(233183939<open>)] after transaction
2026-03-16 17:03:01 [http-nio-8080-exec-12] DEBUG c.c.p.s.jwt.JwtAuthenticationFilter - >>> [JwtFilter] Successfully authenticated user: USRCNFRM_99999999999, Authorities: [ROLE_ADMIN]
2026-03-16 17:03:01 [http-nio-8080-exec-12] DEBUG o.s.web.servlet.DispatcherServlet - GET "/api/v1/menu/head", parameters={}
2026-03-16 17:03:01 [http-nio-8080-exec-12] TRACE o.s.w.s.m.m.a.RequestMappingHandlerMapping - Mapped to com.company.project.api.controller.menu.MenuController#getHeadMenu()
2026-03-16 17:03:01 [http-nio-8080-exec-12] INFO  c.c.p.a.c.menu.MenuController - getHeadMenu called
2026-03-16 17:03:01 [http-nio-8080-exec-12] INFO  c.c.p.a.c.menu.MenuController - getHeadMenu returned 5 items
2026-03-16 17:03:01 [http-nio-8080-exec-12] DEBUG o.s.w.s.m.m.a.HttpEntityMethodProcessor - Using 'application/json', given [application/json, text/plain, */*] and supported [application/json, application/*+json, application/yaml]
2026-03-16 17:03:01 [http-nio-8080-exec-12] TRACE o.s.w.s.m.m.a.HttpEntityMethodProcessor - Writing [ApiResponse[success=true, status=200, code=COMMON_001, message=Success, data={list=[com.company.project.service.menu.dto.MenuDto@2b80d6b0, com.company.project.service.menu.dto.MenuDto@1418cfa3, com.company.project.service.menu.dto.MenuDto@f230bf1, com.company.project.service.menu.dto.MenuDto@734a7f6a, com.company.project.service.menu.dto.MenuDto@5e5202e5]}, timestamp=2026-03-16T17:03:01.883247800]]
2026-03-16 17:03:01 [http-nio-8080-exec-12] INFO  c.c.p.a.i.OperationalAuditInterceptor - API Audit Log: URL=/api/v1/menu/head, User=webmaster, IP=127.0.0.1
2026-03-16 17:03:01 [http-nio-8080-exec-12] DEBUG o.s.web.servlet.DispatcherServlet - Completed 200 OK
2026-03-16 17:03:01 [http-nio-8080-exec-10] DEBUG c.c.p.s.jwt.JwtAuthenticationFilter - >>> [JwtFilter] Processing request: GET /api/v1/notifications/unread-count
2026-03-16 17:03:01 [http-nio-8080-exec-19] DEBUG c.c.p.s.jwt.JwtAuthenticationFilter - >>> [JwtFilter] Processing request: GET /api/v1/notifications
2026-03-16 17:03:01 [http-nio-8080-exec-10] DEBUG c.c.p.s.jwt.JwtAuthenticationFilter - >>> [JwtFilter] Found token in header for path: /api/v1/notifications/unread-count
2026-03-16 17:03:01 [http-nio-8080-exec-19] DEBUG c.c.p.s.jwt.JwtAuthenticationFilter - >>> [JwtFilter] Found token in header for path: /api/v1/notifications
2026-03-16 17:03:01 [http-nio-8080-exec-10] DEBUG o.s.orm.jpa.JpaTransactionManager - Creating new transaction with name [com.company.project.security.iam.CustomUserDetailsService.loadUserByUsername]: PROPAGATION_REQUIRED,ISOLATION_DEFAULT,readOnly
2026-03-16 17:03:01 [http-nio-8080-exec-19] DEBUG o.s.orm.jpa.JpaTransactionManager - Creating new transaction with name [com.company.project.security.iam.CustomUserDetailsService.loadUserByUsername]: PROPAGATION_REQUIRED,ISOLATION_DEFAULT,readOnly
2026-03-16 17:03:01 [http-nio-8080-exec-10] DEBUG o.s.orm.jpa.JpaTransactionManager - Opened new EntityManager [SessionImpl(177525614<open>)] for JPA transaction
2026-03-16 17:03:01 [http-nio-8080-exec-19] DEBUG o.s.orm.jpa.JpaTransactionManager - Opened new EntityManager [SessionImpl(1119982659<open>)] for JPA transaction
2026-03-16 17:03:01 [http-nio-8080-exec-19] DEBUG o.s.orm.jpa.JpaTransactionManager - Exposing JPA transaction as JDBC [org.springframework.orm.jpa.vendor.HibernateJpaDialect$HibernateConnectionHandle@60a0c16d]
2026-03-16 17:03:01 [http-nio-8080-exec-19] DEBUG o.s.orm.jpa.JpaTransactionManager - Found thread-bound EntityManager [SessionImpl(1119982659<open>)] for JPA transaction
2026-03-16 17:03:01 [http-nio-8080-exec-10] DEBUG o.s.orm.jpa.JpaTransactionManager - Exposing JPA transaction as JDBC [org.springframework.orm.jpa.vendor.HibernateJpaDialect$HibernateConnectionHandle@6772c90c]
2026-03-16 17:03:01 [http-nio-8080-exec-19] DEBUG o.s.orm.jpa.JpaTransactionManager - Participating in existing transaction
2026-03-16 17:03:01 [http-nio-8080-exec-10] DEBUG o.s.orm.jpa.JpaTransactionManager - Found thread-bound EntityManager [SessionImpl(177525614<open>)] for JPA transaction
2026-03-16 17:03:01 [http-nio-8080-exec-10] DEBUG o.s.orm.jpa.JpaTransactionManager - Participating in existing transaction
2026-03-16 17:03:01 [http-nio-8080-exec-19] DEBUG org.hibernate.SQL - select u1_0.emplyr_id,u1_0.area_no,u1_0.brthdy,u1_0.chg_pwd_cnt,u1_0.frst_register_id,u1_0.frst_regist_pnttm,u1_0.detail_adres,u1_0.email_adres,u1_0.emplyr_sttus_code,u1_0.empl_no,u1_0.esntl_id,u1_0.fxnum,u1_0.group_id,u1_0.house_adres,u1_0.house_end_telno,u1_0.house_middle_telno,u1_0.ihidnum,u1_0.pstinst_code,u1_0.last_updusr_id,u1_0.last_updt_pnttm,u1_0.lock_at,u1_0.lock_cnt,u1_0.lock_last_pnttm,u1_0.mbtlnum,u1_0.ofcps_nm,u1_0.offm_telno,u1_0.orgnzt_id,u1_0.password,u1_0.password_cnsr,u1_0.password_hint,u1_0.chg_pwd_last_pnttm,u1_0.role,u1_0.sbscrb_de,u1_0.sexdstn_code,u1_0.crtfc_dn_value,u1_0.user_nm,u1_0.zip from nemplyrinfo u1_0 where u1_0.emplyr_id=?
2026-03-16 17:03:01 [http-nio-8080-exec-10] DEBUG org.hibernate.SQL - select u1_0.emplyr_id,u1_0.area_no,u1_0.brthdy,u1_0.chg_pwd_cnt,u1_0.frst_register_id,u1_0.frst_regist_pnttm,u1_0.detail_adres,u1_0.email_adres,u1_0.emplyr_sttus_code,u1_0.empl_no,u1_0.esntl_id,u1_0.fxnum,u1_0.group_id,u1_0.house_adres,u1_0.house_end_telno,u1_0.house_middle_telno,u1_0.ihidnum,u1_0.pstinst_code,u1_0.last_updusr_id,u1_0.last_updt_pnttm,u1_0.lock_at,u1_0.lock_cnt,u1_0.lock_last_pnttm,u1_0.mbtlnum,u1_0.ofcps_nm,u1_0.offm_telno,u1_0.orgnzt_id,u1_0.password,u1_0.password_cnsr,u1_0.password_hint,u1_0.chg_pwd_last_pnttm,u1_0.role,u1_0.sbscrb_de,u1_0.sexdstn_code,u1_0.crtfc_dn_value,u1_0.user_nm,u1_0.zip from nemplyrinfo u1_0 where u1_0.emplyr_id=?
2026-03-16 17:03:01 [http-nio-8080-exec-17] DEBUG o.s.web.servlet.DispatcherServlet - GET "/ws/info?t=1773648181896", parameters={masked}
2026-03-16 17:03:01 [http-nio-8080-exec-17] DEBUG o.s.w.s.s.s.WebSocketHandlerMapping - Mapped to org.springframework.web.socket.sockjs.support.SockJsHttpRequestHandler@3d80b7ba
2026-03-16 17:03:01 [http-nio-8080-exec-17] DEBUG o.s.w.s.s.t.h.DefaultSockJsService - Processing transport request: GET http://localhost:8080/ws/info?t=1773648181896
2026-03-16 17:03:01 [http-nio-8080-exec-17] DEBUG o.s.web.servlet.DispatcherServlet - Completed 200 OK
2026-03-16 17:03:01 [http-nio-8080-exec-9] DEBUG o.s.web.servlet.DispatcherServlet - GET "/ws/821/rbnbqfud/websocket", parameters={}
2026-03-16 17:03:01 [http-nio-8080-exec-9] DEBUG o.s.w.s.s.s.WebSocketHandlerMapping - Mapped to org.springframework.web.socket.sockjs.support.SockJsHttpRequestHandler@3d80b7ba
2026-03-16 17:03:01 [http-nio-8080-exec-9] DEBUG o.s.w.s.s.t.h.DefaultSockJsService - Processing transport request: GET http://localhost:8080/ws/821/rbnbqfud/websocket
2026-03-16 17:03:01 [http-nio-8080-exec-9] DEBUG o.s.web.servlet.DispatcherServlet - Completed 101 SWITCHING_PROTOCOLS
2026-03-16 17:03:01 [http-nio-8080-exec-9] DEBUG o.s.w.s.h.LoggingWebSocketHandlerDecorator - New WebSocketServerSockJsSession[id=rbnbqfud]
2026-03-16 17:03:01 [scheduling-1] DEBUG org.springframework.web.SimpLogging - Processing CONNECT session=rbnbqfud
2026-03-16 17:03:01 [scheduling-1] DEBUG org.springframework.web.SimpLogging - Processing SUBSCRIBE /topic/notices id=sub-0 session=rbnbqfud
2026-03-16 17:03:01 [scheduling-1] DEBUG org.springframework.web.SimpLogging - Processing SUBSCRIBE destination=/queue/notifications-userrbnbqfud subscriptionId=sub-1 session=rbnbqfud payload=byte[0]
2026-03-16 17:03:01 [scheduling-1] DEBUG org.springframework.web.SimpLogging - Processing SUBSCRIBE /topic/public id=sub-2 session=rbnbqfud
2026-03-16 17:03:02 [http-nio-8080-exec-11] DEBUG o.s.orm.jpa.JpaTransactionManager - Found thread-bound EntityManager [SessionImpl(1723471881<open>)] for JPA transaction
2026-03-16 17:03:02 [http-nio-8080-exec-11] DEBUG o.s.orm.jpa.JpaTransactionManager - Participating in existing transaction
2026-03-16 17:03:02 [http-nio-8080-exec-11] DEBUG org.hibernate.SQL - select p1_0.progrm_file_nm,p1_0.progrm_dc,p1_0.progrm_korean_nm,p1_0.progrm_stre_path,p1_0.url from nprogrmlist p1_0
2026-03-16 17:03:02 [scheduling-1] DEBUG org.springframework.web.SimpLogging - Processing SUBSCRIBE /topic/dashboard/stats id=sub-4 session=rbnbqfud
2026-03-16 17:03:02 [scheduling-1] DEBUG org.springframework.web.SimpLogging - Processing SUBSCRIBE /topic/notifications id=sub-5 session=rbnbqfud
2026-03-16 17:03:02 [scheduling-1] DEBUG org.springframework.web.SimpLogging - Processing SUBSCRIBE destination=/queue/notifications-userrbnbqfud subscriptionId=sub-6 session=rbnbqfud payload=byte[0]
2026-03-16 17:03:02 [http-nio-8080-exec-19] DEBUG o.s.orm.jpa.JpaTransactionManager - Found thread-bound EntityManager [SessionImpl(1119982659<open>)] for JPA transaction
2026-03-16 17:03:02 [http-nio-8080-exec-19] DEBUG o.s.orm.jpa.JpaTransactionManager - Participating in existing transaction
2026-03-16 17:03:02 [http-nio-8080-exec-19] DEBUG org.hibernate.SQL - select ua1_0.scrty_dtrmn_trget_id,ua1_0.author_code,ua1_0.frst_register_id,ua1_0.frst_regist_pnttm,ua1_0.last_updusr_id,ua1_0.last_updt_pnttm,ua1_0.mber_ty_code from nemplyrscrtyestbs ua1_0 where ua1_0.scrty_dtrmn_trget_id=?
2026-03-16 17:03:02 [scheduling-1] DEBUG o.s.w.s.m.WebSocketAnnotationMethodMessageHandler - Searching methods to handle SEND /app/user.disconnect session=rbnbqfud, lookupDestination='/user.disconnect'
2026-03-16 17:03:02 [scheduling-1] DEBUG o.s.w.s.m.WebSocketAnnotationMethodMessageHandler - Invoking RealTimeDashboardController#handleUserDisconnect[0 args]
2026-03-16 17:03:02 [scheduling-1] INFO  c.c.p.c.s.RealTimeDashboardController - User disconnected
2026-03-16 17:03:02 [scheduling-1] DEBUG org.springframework.web.SimpLogging - Processing UNSUBSCRIBE id=sub-4 session=rbnbqfud
2026-03-16 17:03:02 [scheduling-1] DEBUG org.springframework.web.SimpLogging - Processing UNSUBSCRIBE id=sub-5 session=rbnbqfud
2026-03-16 17:03:02 [scheduling-1] DEBUG org.springframework.web.SimpLogging - Processing UNSUBSCRIBE id=sub-6 session=rbnbqfud
2026-03-16 17:03:02 [scheduling-1] DEBUG org.springframework.web.SimpLogging - Processing SUBSCRIBE /topic/dashboard/stats id=sub-7 session=rbnbqfud
2026-03-16 17:03:02 [scheduling-1] DEBUG org.springframework.web.SimpLogging - Processing SUBSCRIBE /topic/notifications id=sub-8 session=rbnbqfud
2026-03-16 17:03:02 [scheduling-1] DEBUG org.springframework.web.SimpLogging - Processing SUBSCRIBE destination=/queue/notifications-userrbnbqfud subscriptionId=sub-9 session=rbnbqfud payload=byte[0]
2026-03-16 17:03:02 [http-nio-8080-exec-10] DEBUG o.s.orm.jpa.JpaTransactionManager - Found thread-bound EntityManager [SessionImpl(177525614<open>)] for JPA transaction
2026-03-16 17:03:02 [http-nio-8080-exec-10] DEBUG o.s.orm.jpa.JpaTransactionManager - Participating in existing transaction
2026-03-16 17:03:02 [http-nio-8080-exec-10] DEBUG org.hibernate.SQL - select ua1_0.scrty_dtrmn_trget_id,ua1_0.author_code,ua1_0.frst_register_id,ua1_0.frst_regist_pnttm,ua1_0.last_updusr_id,ua1_0.last_updt_pnttm,ua1_0.mber_ty_code from nemplyrscrtyestbs ua1_0 where ua1_0.scrty_dtrmn_trget_id=?
2026-03-16 17:03:02 [http-nio-8080-exec-18] DEBUG c.c.p.s.jwt.JwtAuthenticationFilter - >>> [JwtFilter] Processing request: GET /api/v1/popups/active
2026-03-16 17:03:02 [http-nio-8080-exec-18] DEBUG c.c.p.s.jwt.JwtAuthenticationFilter - >>> [JwtFilter] Found token in header for path: /api/v1/popups/active
2026-03-16 17:03:02 [http-nio-8080-exec-18] DEBUG o.s.orm.jpa.JpaTransactionManager - Creating new transaction with name [com.company.project.security.iam.CustomUserDetailsService.loadUserByUsername]: PROPAGATION_REQUIRED,ISOLATION_DEFAULT,readOnly
2026-03-16 17:03:02 [http-nio-8080-exec-18] DEBUG o.s.orm.jpa.JpaTransactionManager - Opened new EntityManager [SessionImpl(209041220<open>)] for JPA transaction
2026-03-16 17:03:02 [http-nio-8080-exec-5] DEBUG c.c.p.s.jwt.JwtAuthenticationFilter - >>> [JwtFilter] Processing request: GET /api/v1/admin/system/banners/reflected
2026-03-16 17:03:02 [http-nio-8080-exec-5] DEBUG c.c.p.s.jwt.JwtAuthenticationFilter - >>> [JwtFilter] Found token in header for path: /api/v1/admin/system/banners/reflected
2026-03-16 17:03:02 [http-nio-8080-exec-5] DEBUG o.s.orm.jpa.JpaTransactionManager - Creating new transaction with name [com.company.project.security.iam.CustomUserDetailsService.loadUserByUsername]: PROPAGATION_REQUIRED,ISOLATION_DEFAULT,readOnly
2026-03-16 17:03:02 [http-nio-8080-exec-5] DEBUG o.s.orm.jpa.JpaTransactionManager - Opened new EntityManager [SessionImpl(1482149207<open>)] for JPA transaction
2026-03-16 17:03:02 [http-nio-8080-exec-16] DEBUG c.c.p.s.jwt.JwtAuthenticationFilter - >>> [JwtFilter] Processing request: GET /api/v1/admin/system/statistics/connect
2026-03-16 17:03:02 [http-nio-8080-exec-16] DEBUG c.c.p.s.jwt.JwtAuthenticationFilter - >>> [JwtFilter] Found token in header for path: /api/v1/admin/system/statistics/connect
2026-03-16 17:03:02 [http-nio-8080-exec-16] DEBUG o.s.orm.jpa.JpaTransactionManager - Creating new transaction with name [com.company.project.security.iam.CustomUserDetailsService.loadUserByUsername]: PROPAGATION_REQUIRED,ISOLATION_DEFAULT,readOnly
2026-03-16 17:03:02 [http-nio-8080-exec-16] DEBUG o.s.orm.jpa.JpaTransactionManager - Opened new EntityManager [SessionImpl(304936784<open>)] for JPA transaction
2026-03-16 17:03:02 [http-nio-8080-exec-16] DEBUG o.s.orm.jpa.JpaTransactionManager - Exposing JPA transaction as JDBC [org.springframework.orm.jpa.vendor.HibernateJpaDialect$HibernateConnectionHandle@345683ef]
2026-03-16 17:03:02 [http-nio-8080-exec-16] DEBUG o.s.orm.jpa.JpaTransactionManager - Found thread-bound EntityManager [SessionImpl(304936784<open>)] for JPA transaction
2026-03-16 17:03:02 [http-nio-8080-exec-16] DEBUG o.s.orm.jpa.JpaTransactionManager - Participating in existing transaction
2026-03-16 17:03:02 [http-nio-8080-exec-16] DEBUG org.hibernate.SQL - select u1_0.emplyr_id,u1_0.area_no,u1_0.brthdy,u1_0.chg_pwd_cnt,u1_0.frst_register_id,u1_0.frst_regist_pnttm,u1_0.detail_adres,u1_0.email_adres,u1_0.emplyr_sttus_code,u1_0.empl_no,u1_0.esntl_id,u1_0.fxnum,u1_0.group_id,u1_0.house_adres,u1_0.house_end_telno,u1_0.house_middle_telno,u1_0.ihidnum,u1_0.pstinst_code,u1_0.last_updusr_id,u1_0.last_updt_pnttm,u1_0.lock_at,u1_0.lock_cnt,u1_0.lock_last_pnttm,u1_0.mbtlnum,u1_0.ofcps_nm,u1_0.offm_telno,u1_0.orgnzt_id,u1_0.password,u1_0.password_cnsr,u1_0.password_hint,u1_0.chg_pwd_last_pnttm,u1_0.role,u1_0.sbscrb_de,u1_0.sexdstn_code,u1_0.crtfc_dn_value,u1_0.user_nm,u1_0.zip from nemplyrinfo u1_0 where u1_0.emplyr_id=?
2026-03-16 17:03:02 [http-nio-8080-exec-11] DEBUG o.s.orm.jpa.JpaTransactionManager - Initiating transaction commit
2026-03-16 17:03:02 [http-nio-8080-exec-11] DEBUG o.s.orm.jpa.JpaTransactionManager - Committing JPA transaction on EntityManager [SessionImpl(1723471881<open>)]
2026-03-16 17:03:02 [http-nio-8080-exec-19] DEBUG o.s.orm.jpa.JpaTransactionManager - Initiating transaction commit
2026-03-16 17:03:02 [http-nio-8080-exec-19] DEBUG o.s.orm.jpa.JpaTransactionManager - Committing JPA transaction on EntityManager [SessionImpl(1119982659<open>)]
2026-03-16 17:03:02 [http-nio-8080-exec-18] DEBUG o.s.orm.jpa.JpaTransactionManager - Exposing JPA transaction as JDBC [org.springframework.orm.jpa.vendor.HibernateJpaDialect$HibernateConnectionHandle@2a5b7a12]
2026-03-16 17:03:02 [http-nio-8080-exec-10] DEBUG o.s.orm.jpa.JpaTransactionManager - Initiating transaction commit
2026-03-16 17:03:02 [http-nio-8080-exec-10] DEBUG o.s.orm.jpa.JpaTransactionManager - Committing JPA transaction on EntityManager [SessionImpl(177525614<open>)]
2026-03-16 17:03:02 [http-nio-8080-exec-18] DEBUG o.s.orm.jpa.JpaTransactionManager - Found thread-bound EntityManager [SessionImpl(209041220<open>)] for JPA transaction
2026-03-16 17:03:02 [http-nio-8080-exec-18] DEBUG o.s.orm.jpa.JpaTransactionManager - Participating in existing transaction
2026-03-16 17:03:02 [http-nio-8080-exec-18] DEBUG org.hibernate.SQL - select u1_0.emplyr_id,u1_0.area_no,u1_0.brthdy,u1_0.chg_pwd_cnt,u1_0.frst_register_id,u1_0.frst_regist_pnttm,u1_0.detail_adres,u1_0.email_adres,u1_0.emplyr_sttus_code,u1_0.empl_no,u1_0.esntl_id,u1_0.fxnum,u1_0.group_id,u1_0.house_adres,u1_0.house_end_telno,u1_0.house_middle_telno,u1_0.ihidnum,u1_0.pstinst_code,u1_0.last_updusr_id,u1_0.last_updt_pnttm,u1_0.lock_at,u1_0.lock_cnt,u1_0.lock_last_pnttm,u1_0.mbtlnum,u1_0.ofcps_nm,u1_0.offm_telno,u1_0.orgnzt_id,u1_0.password,u1_0.password_cnsr,u1_0.password_hint,u1_0.chg_pwd_last_pnttm,u1_0.role,u1_0.sbscrb_de,u1_0.sexdstn_code,u1_0.crtfc_dn_value,u1_0.user_nm,u1_0.zip from nemplyrinfo u1_0 where u1_0.emplyr_id=?
2026-03-16 17:03:02 [http-nio-8080-exec-5] DEBUG o.s.orm.jpa.JpaTransactionManager - Exposing JPA transaction as JDBC [org.springframework.orm.jpa.vendor.HibernateJpaDialect$HibernateConnectionHandle@40190c]
2026-03-16 17:03:02 [http-nio-8080-exec-5] DEBUG o.s.orm.jpa.JpaTransactionManager - Found thread-bound EntityManager [SessionImpl(1482149207<open>)] for JPA transaction
2026-03-16 17:03:02 [http-nio-8080-exec-5] DEBUG o.s.orm.jpa.JpaTransactionManager - Participating in existing transaction
2026-03-16 17:03:02 [http-nio-8080-exec-5] DEBUG org.hibernate.SQL - select u1_0.emplyr_id,u1_0.area_no,u1_0.brthdy,u1_0.chg_pwd_cnt,u1_0.frst_register_id,u1_0.frst_regist_pnttm,u1_0.detail_adres,u1_0.email_adres,u1_0.emplyr_sttus_code,u1_0.empl_no,u1_0.esntl_id,u1_0.fxnum,u1_0.group_id,u1_0.house_adres,u1_0.house_end_telno,u1_0.house_middle_telno,u1_0.ihidnum,u1_0.pstinst_code,u1_0.last_updusr_id,u1_0.last_updt_pnttm,u1_0.lock_at,u1_0.lock_cnt,u1_0.lock_last_pnttm,u1_0.mbtlnum,u1_0.ofcps_nm,u1_0.offm_telno,u1_0.orgnzt_id,u1_0.password,u1_0.password_cnsr,u1_0.password_hint,u1_0.chg_pwd_last_pnttm,u1_0.role,u1_0.sbscrb_de,u1_0.sexdstn_code,u1_0.crtfc_dn_value,u1_0.user_nm,u1_0.zip from nemplyrinfo u1_0 where u1_0.emplyr_id=?
2026-03-16 17:03:02 [http-nio-8080-exec-16] DEBUG o.s.orm.jpa.JpaTransactionManager - Found thread-bound EntityManager [SessionImpl(304936784<open>)] for JPA transaction
2026-03-16 17:03:02 [http-nio-8080-exec-16] DEBUG o.s.orm.jpa.JpaTransactionManager - Participating in existing transaction
2026-03-16 17:03:02 [http-nio-8080-exec-16] DEBUG org.hibernate.SQL - select ua1_0.scrty_dtrmn_trget_id,ua1_0.author_code,ua1_0.frst_register_id,ua1_0.frst_regist_pnttm,ua1_0.last_updusr_id,ua1_0.last_updt_pnttm,ua1_0.mber_ty_code from nemplyrscrtyestbs ua1_0 where ua1_0.scrty_dtrmn_trget_id=?
2026-03-16 17:03:02 [http-nio-8080-exec-14] DEBUG o.s.w.s.h.LoggingWebSocketHandlerDecorator - WebSocketServerSockJsSession[id=rbnbqfud] closed with CloseStatus[code=1001, reason=null]
2026-03-16 17:03:02 [http-nio-8080-exec-14] DEBUG o.s.w.s.m.SubProtocolWebSocketHandler - Clearing session rbnbqfud
2026-03-16 17:03:02 [scheduling-1] DEBUG org.springframework.web.SimpLogging - Processing DISCONNECT session=rbnbqfud
2026-03-16 17:03:02 [scheduling-1] DEBUG o.s.w.s.m.SubProtocolWebSocketHandler - No session for GenericMessage [payload=byte[0], headers={simpMessageType=DISCONNECT_ACK, simpDisconnectMessage=GenericMessage [payload=byte[0], headers={simpMessageType=DISCONNECT, stompCommand=DISCONNECT, simpSessionAttributes={org.springframework.messaging.simp.SimpAttributes.COMPLETED=true}, simpSessionId=rbnbqfud}], simpSessionId=rbnbqfud}]
2026-03-16 17:03:02 [http-nio-8080-exec-11] DEBUG o.s.orm.jpa.JpaTransactionManager - Closing JPA EntityManager [SessionImpl(1723471881<open>)] after transaction
2026-03-16 17:03:02 [http-nio-8080-exec-11] INFO  c.c.p.a.c.menu.MenuController - getLeftMenu returned 5 items
2026-03-16 17:03:02 [http-nio-8080-exec-11] DEBUG o.s.w.s.m.m.a.HttpEntityMethodProcessor - Using 'application/json', given [application/json, text/plain, */*] and supported [application/json, application/*+json, application/yaml]
2026-03-16 17:03:02 [http-nio-8080-exec-11] TRACE o.s.w.s.m.m.a.HttpEntityMethodProcessor - Writing [ApiResponse[success=true, status=200, code=COMMON_001, message=Success, data={list=[com.company.project.service.menu.dto.MenuDto@73063f56, com.company.project.service.menu.dto.MenuDto@4b6e0ffc, com.company.project.service.menu.dto.MenuDto@5c737b70, com.company.project.service.menu.dto.MenuDto@1118d609, com.company.project.service.menu.dto.MenuDto@53a6a7f3]}, timestamp=2026-03-16T17:03:02.335341600]]
2026-03-16 17:03:02 [http-nio-8080-exec-11] INFO  c.c.p.a.i.OperationalAuditInterceptor - API Audit Log: URL=/api/v1/menu/left, User=webmaster, IP=127.0.0.1
2026-03-16 17:03:02 [http-nio-8080-exec-11] DEBUG o.s.web.servlet.DispatcherServlet - Completed 200 OK
2026-03-16 17:03:02 [http-nio-8080-exec-19] DEBUG o.s.orm.jpa.JpaTransactionManager - Closing JPA EntityManager [SessionImpl(1119982659<open>)] after transaction
2026-03-16 17:03:02 [http-nio-8080-exec-19] DEBUG c.c.p.s.jwt.JwtAuthenticationFilter - >>> [JwtFilter] Successfully authenticated user: USRCNFRM_99999999999, Authorities: [ROLE_ADMIN]
2026-03-16 17:03:02 [http-nio-8080-exec-19] DEBUG o.s.web.servlet.DispatcherServlet - GET "/api/v1/notifications", parameters={}
2026-03-16 17:03:02 [http-nio-8080-exec-19] TRACE o.s.w.s.m.m.a.RequestMappingHandlerMapping - Mapped to com.company.project.api.controller.notification.NotificationController#getMyNotifications(UserDetails)
2026-03-16 17:03:02 [http-nio-8080-exec-19] DEBUG o.s.orm.jpa.JpaTransactionManager - Creating new transaction with name [com.company.project.service.notification.NotificationService.getActiveNotifications]: PROPAGATION_REQUIRED,ISOLATION_DEFAULT,readOnly
2026-03-16 17:03:02 [http-nio-8080-exec-19] DEBUG o.s.orm.jpa.JpaTransactionManager - Opened new EntityManager [SessionImpl(1846425182<open>)] for JPA transaction
2026-03-16 17:03:02 [http-nio-8080-exec-19] DEBUG o.s.orm.jpa.JpaTransactionManager - Exposing JPA transaction as JDBC [org.springframework.orm.jpa.vendor.HibernateJpaDialect$HibernateConnectionHandle@4d37d3b8]
2026-03-16 17:03:02 [http-nio-8080-exec-19] DEBUG o.s.orm.jpa.JpaTransactionManager - Found thread-bound EntityManager [SessionImpl(1846425182<open>)] for JPA transaction
2026-03-16 17:03:02 [http-nio-8080-exec-19] DEBUG o.s.orm.jpa.JpaTransactionManager - Participating in existing transaction
2026-03-16 17:03:02 [http-nio-8080-exec-19] DEBUG org.hibernate.SQL - select n1_0.ntcn_no,n1_0.frst_register_id,n1_0.frst_regist_pnttm,n1_0.is_read,n1_0.last_updusr_id,n1_0.last_updt_pnttm,n1_0.link_url,n1_0.ntcn_cn,n1_0.ntcn_sj,n1_0.receiver_id from n_user_notification n1_0
2026-03-16 17:03:02 [http-nio-8080-exec-18] DEBUG o.s.orm.jpa.JpaTransactionManager - Found thread-bound EntityManager [SessionImpl(209041220<open>)] for JPA transaction
2026-03-16 17:03:02 [http-nio-8080-exec-18] DEBUG o.s.orm.jpa.JpaTransactionManager - Participating in existing transaction
2026-03-16 17:03:02 [http-nio-8080-exec-18] DEBUG org.hibernate.SQL - select ua1_0.scrty_dtrmn_trget_id,ua1_0.author_code,ua1_0.frst_register_id,ua1_0.frst_regist_pnttm,ua1_0.last_updusr_id,ua1_0.last_updt_pnttm,ua1_0.mber_ty_code from nemplyrscrtyestbs ua1_0 where ua1_0.scrty_dtrmn_trget_id=?
2026-03-16 17:03:02 [http-nio-8080-exec-10] DEBUG o.s.orm.jpa.JpaTransactionManager - Closing JPA EntityManager [SessionImpl(177525614<open>)] after transaction
2026-03-16 17:03:02 [http-nio-8080-exec-10] DEBUG c.c.p.s.jwt.JwtAuthenticationFilter - >>> [JwtFilter] Successfully authenticated user: USRCNFRM_99999999999, Authorities: [ROLE_ADMIN]
2026-03-16 17:03:02 [http-nio-8080-exec-10] DEBUG o.s.web.servlet.DispatcherServlet - GET "/api/v1/notifications/unread-count", parameters={}
2026-03-16 17:03:02 [http-nio-8080-exec-10] TRACE o.s.w.s.m.m.a.RequestMappingHandlerMapping - Mapped to com.company.project.api.controller.notification.NotificationController#getUnreadCount(UserDetails)
2026-03-16 17:03:02 [http-nio-8080-exec-10] DEBUG o.s.orm.jpa.JpaTransactionManager - Creating new transaction with name [com.company.project.service.notification.NotificationService.getUnreadCount]: PROPAGATION_REQUIRED,ISOLATION_DEFAULT,readOnly
2026-03-16 17:03:02 [http-nio-8080-exec-10] DEBUG o.s.orm.jpa.JpaTransactionManager - Opened new EntityManager [SessionImpl(751119423<open>)] for JPA transaction
2026-03-16 17:03:02 [http-nio-8080-exec-10] DEBUG o.s.orm.jpa.JpaTransactionManager - Exposing JPA transaction as JDBC [org.springframework.orm.jpa.vendor.HibernateJpaDialect$HibernateConnectionHandle@1b25f76b]
2026-03-16 17:03:02 [http-nio-8080-exec-10] DEBUG org.hibernate.SQL - select count(n1_0.ntcn_no) from n_user_notification n1_0 where n1_0.receiver_id=? and n1_0.is_read=?
2026-03-16 17:03:02 [http-nio-8080-exec-16] DEBUG o.s.orm.jpa.JpaTransactionManager - Initiating transaction commit
2026-03-16 17:03:02 [http-nio-8080-exec-5] DEBUG o.s.orm.jpa.JpaTransactionManager - Found thread-bound EntityManager [SessionImpl(1482149207<open>)] for JPA transaction
2026-03-16 17:03:02 [http-nio-8080-exec-16] DEBUG o.s.orm.jpa.JpaTransactionManager - Committing JPA transaction on EntityManager [SessionImpl(304936784<open>)]
2026-03-16 17:03:02 [http-nio-8080-exec-5] DEBUG o.s.orm.jpa.JpaTransactionManager - Participating in existing transaction
2026-03-16 17:03:02 [http-nio-8080-exec-5] DEBUG org.hibernate.SQL - select ua1_0.scrty_dtrmn_trget_id,ua1_0.author_code,ua1_0.frst_register_id,ua1_0.frst_regist_pnttm,ua1_0.last_updusr_id,ua1_0.last_updt_pnttm,ua1_0.mber_ty_code from nemplyrscrtyestbs ua1_0 where ua1_0.scrty_dtrmn_trget_id=?
2026-03-16 17:03:02 [http-nio-8080-exec-19] DEBUG o.s.orm.jpa.JpaTransactionManager - Initiating transaction commit
2026-03-16 17:03:02 [http-nio-8080-exec-19] DEBUG o.s.orm.jpa.JpaTransactionManager - Committing JPA transaction on EntityManager [SessionImpl(1846425182<open>)]
2026-03-16 17:03:02 [http-nio-8080-exec-18] DEBUG o.s.orm.jpa.JpaTransactionManager - Initiating transaction commit
2026-03-16 17:03:02 [http-nio-8080-exec-18] DEBUG o.s.orm.jpa.JpaTransactionManager - Committing JPA transaction on EntityManager [SessionImpl(209041220<open>)]
2026-03-16 17:03:02 [http-nio-8080-exec-16] DEBUG o.s.orm.jpa.JpaTransactionManager - Closing JPA EntityManager [SessionImpl(304936784<open>)] after transaction
2026-03-16 17:03:02 [http-nio-8080-exec-16] DEBUG c.c.p.s.jwt.JwtAuthenticationFilter - >>> [JwtFilter] Successfully authenticated user: USRCNFRM_99999999999, Authorities: [ROLE_ADMIN]
2026-03-16 17:03:02 [http-nio-8080-exec-10] DEBUG o.s.orm.jpa.JpaTransactionManager - Initiating transaction commit
2026-03-16 17:03:02 [http-nio-8080-exec-10] DEBUG o.s.orm.jpa.JpaTransactionManager - Committing JPA transaction on EntityManager [SessionImpl(751119423<open>)]
2026-03-16 17:03:02 [http-nio-8080-exec-16] DEBUG o.s.web.servlet.DispatcherServlet - GET "/api/v1/admin/system/statistics/connect?statsKind=SERVICE", parameters={masked}
2026-03-16 17:03:02 [http-nio-8080-exec-16] DEBUG o.s.w.s.h.SimpleUrlHandlerMapping - Mapped to ResourceHttpRequestHandler [classpath [META-INF/resources/], classpath [resources/], classpath [static/], classpath [public/], ServletContext [/]]
2026-03-16 17:03:02 [http-nio-8080-exec-16] DEBUG o.s.w.s.r.ResourceHttpRequestHandler - Resource not found
2026-03-16 17:03:02 [http-nio-8080-exec-16] DEBUG o.s.w.s.m.m.a.ExceptionHandlerExceptionResolver - Using @ExceptionHandler com.company.project.core.exception.GlobalExceptionHandler#handleException(Exception)
2026-03-16 17:03:02 [http-nio-8080-exec-16] ERROR c.c.p.c.e.GlobalExceptionHandler - >>> Internal Server Error: No static resource api/v1/admin/system/statistics/connect.
org.springframework.web.servlet.resource.NoResourceFoundException: No static resource api/v1/admin/system/statistics/connect.
	at org.springframework.web.servlet.resource.ResourceHttpRequestHandler.handleRequest(ResourceHttpRequestHandler.java:585)
	at org.springframework.web.servlet.mvc.HttpRequestHandlerAdapter.handle(HttpRequestHandlerAdapter.java:52)
	at org.springframework.web.servlet.DispatcherServlet.doDispatch(DispatcherServlet.java:1088)
	at org.springframework.web.servlet.DispatcherServlet.doService(DispatcherServlet.java:978)
	at org.springframework.web.servlet.FrameworkServlet.processRequest(FrameworkServlet.java:1014)
	at org.springframework.web.servlet.FrameworkServlet.doGet(FrameworkServlet.java:903)
	at jakarta.servlet.http.HttpServlet.service(HttpServlet.java:527)
	at org.springframework.web.servlet.FrameworkServlet.service(FrameworkServlet.java:885)
	at jakarta.servlet.http.HttpServlet.service(HttpServlet.java:614)
	at org.apache.catalina.core.ApplicationFilterChain.internalDoFilter(ApplicationFilterChain.java:195)
	at org.apache.catalina.core.ApplicationFilterChain.doFilter(ApplicationFilterChain.java:140)
	at org.apache.tomcat.websocket.server.WsFilter.doFilter(WsFilter.java:51)
	at org.apache.catalina.core.ApplicationFilterChain.internalDoFilter(ApplicationFilterChain.java:164)
	at org.apache.catalina.core.ApplicationFilterChain.doFilter(ApplicationFilterChain.java:140)
	at org.springframework.web.filter.CompositeFilter$VirtualFilterChain.doFilter(CompositeFilter.java:108)
	at org.springframework.security.web.FilterChainProxy.lambda$doFilterInternal$3(FilterChainProxy.java:231)
	at org.springframework.security.web.ObservationFilterChainDecorator$FilterObservation$SimpleFilterObservation.lambda$wrap$1(ObservationFilterChainDecorator.java:479)
	at org.springframework.security.web.ObservationFilterChainDecorator$AroundFilterObservation$SimpleAroundFilterObservation.lambda$wrap$1(ObservationFilterChainDecorator.java:340)
	at org.springframework.security.web.ObservationFilterChainDecorator.lambda$wrapSecured$0(ObservationFilterChainDecorator.java:82)
	at org.springframework.security.web.ObservationFilterChainDecorator$VirtualFilterChain.doFilter(ObservationFilterChainDecorator.java:128)
	at org.springframework.security.web.access.intercept.AuthorizationFilter.doFilter(AuthorizationFilter.java:101)
	at org.springframework.security.web.ObservationFilterChainDecorator$ObservationFilter.wrapFilter(ObservationFilterChainDecorator.java:240)
	at org.springframework.security.web.ObservationFilterChainDecorator$ObservationFilter.doFilter(ObservationFilterChainDecorator.java:227)
	at org.springframework.security.web.ObservationFilterChainDecorator$VirtualFilterChain.doFilter(ObservationFilterChainDecorator.java:137)
	at org.springframework.security.web.access.ExceptionTranslationFilter.doFilter(ExceptionTranslationFilter.java:126)
	at org.springframework.security.web.access.ExceptionTranslationFilter.doFilter(ExceptionTranslationFilter.java:120)
	at org.springframework.security.web.ObservationFilterChainDecorator$ObservationFilter.wrapFilter(ObservationFilterChainDecorator.java:240)
	at org.springframework.security.web.ObservationFilterChainDecorator$ObservationFilter.doFilter(ObservationFilterChainDecorator.java:227)
	at org.springframework.security.web.ObservationFilterChainDecorator$VirtualFilterChain.doFilter(ObservationFilterChainDecorator.java:137)
	at org.springframework.security.web.session.SessionManagementFilter.doFilter(SessionManagementFilter.java:131)
	at org.springframework.security.web.session.SessionManagementFilter.doFilter(SessionManagementFilter.java:85)
	at org.springframework.security.web.ObservationFilterChainDecorator$ObservationFilter.wrapFilter(ObservationFilterChainDecorator.java:240)
	at org.springframework.security.web.ObservationFilterChainDecorator$ObservationFilter.doFilter(ObservationFilterChainDecorator.java:227)
	at org.springframework.security.web.ObservationFilterChainDecorator$VirtualFilterChain.doFilter(ObservationFilterChainDecorator.java:137)
	at org.springframework.security.web.authentication.AnonymousAuthenticationFilter.doFilter(AnonymousAuthenticationFilter.java:100)
	at org.springframework.security.web.ObservationFilterChainDecorator$ObservationFilter.wrapFilter(ObservationFilterChainDecorator.java:240)
	at org.springframework.security.web.ObservationFilterChainDecorator$ObservationFilter.doFilter(ObservationFilterChainDecorator.java:227)
	at org.springframework.security.web.ObservationFilterChainDecorator$VirtualFilterChain.doFilter(ObservationFilterChainDecorator.java:137)
	at org.springframework.security.web.servletapi.SecurityContextHolderAwareRequestFilter.doFilter(SecurityContextHolderAwareRequestFilter.java:179)
	at org.springframework.security.web.ObservationFilterChainDecorator$ObservationFilter.wrapFilter(ObservationFilterChainDecorator.java:240)
	at org.springframework.security.web.ObservationFilterChainDecorator$ObservationFilter.doFilter(ObservationFilterChainDecorator.java:227)
	at org.springframework.security.web.ObservationFilterChainDecorator$VirtualFilterChain.doFilter(ObservationFilterChainDecorator.java:137)
	at org.springframework.security.web.savedrequest.RequestCacheAwareFilter.doFilter(RequestCacheAwareFilter.java:63)
	at org.springframework.security.web.ObservationFilterChainDecorator$ObservationFilter.wrapFilter(ObservationFilterChainDecorator.java:240)
	at org.springframework.security.web.ObservationFilterChainDecorator$ObservationFilter.doFilter(ObservationFilterChainDecorator.java:227)
	at org.springframework.security.web.ObservationFilterChainDecorator$VirtualFilterChain.doFilter(ObservationFilterChainDecorator.java:137)
	at com.company.project.security.jwt.JwtAuthenticationFilter.doFilterInternal(JwtAuthenticationFilter.java:52)
	at org.springframework.web.filter.OncePerRequestFilter.doFilter(OncePerRequestFilter.java:116)
	at org.springframework.security.web.ObservationFilterChainDecorator$ObservationFilter.wrapFilter(ObservationFilterChainDecorator.java:240)
	at org.springframework.security.web.ObservationFilterChainDecorator$ObservationFilter.doFilter(ObservationFilterChainDecorator.java:227)
	at org.springframework.security.web.ObservationFilterChainDecorator$VirtualFilterChain.doFilter(ObservationFilterChainDecorator.java:137)
	at org.springframework.security.web.authentication.logout.LogoutFilter.doFilter(LogoutFilter.java:107)
	at org.springframework.security.web.authentication.logout.LogoutFilter.doFilter(LogoutFilter.java:93)
	at org.springframework.security.web.ObservationFilterChainDecorator$ObservationFilter.wrapFilter(ObservationFilterChainDecorator.java:240)
	at org.springframework.security.web.ObservationFilterChainDecorator$ObservationFilter.doFilter(ObservationFilterChainDecorator.java:227)
	at org.springframework.security.web.ObservationFilterChainDecorator$VirtualFilterChain.doFilter(ObservationFilterChainDecorator.java:137)
	at org.springframework.web.filter.CorsFilter.doFilterInternal(CorsFilter.java:91)
	at org.springframework.web.filter.OncePerRequestFilter.doFilter(OncePerRequestFilter.java:116)
	at org.springframework.security.web.ObservationFilterChainDecorator$ObservationFilter.wrapFilter(ObservationFilterChainDecorator.java:240)
	at org.springframework.security.web.ObservationFilterChainDecorator$ObservationFilter.doFilter(ObservationFilterChainDecorator.java:227)
	at org.springframework.security.web.ObservationFilterChainDecorator$VirtualFilterChain.doFilter(ObservationFilterChainDecorator.java:137)
	at org.springframework.security.web.header.HeaderWriterFilter.doHeadersAfter(HeaderWriterFilter.java:90)
	at org.springframework.security.web.header.HeaderWriterFilter.doFilterInternal(HeaderWriterFilter.java:75)
	at org.springframework.web.filter.OncePerRequestFilter.doFilter(OncePerRequestFilter.java:116)
	at org.springframework.security.web.ObservationFilterChainDecorator$ObservationFilter.wrapFilter(ObservationFilterChainDecorator.java:240)
	at org.springframework.security.web.ObservationFilterChainDecorator$ObservationFilter.doFilter(ObservationFilterChainDecorator.java:227)
	at org.springframework.security.web.ObservationFilterChainDecorator$VirtualFilterChain.doFilter(ObservationFilterChainDecorator.java:137)
	at org.springframework.security.web.context.SecurityContextHolderFilter.doFilter(SecurityContextHolderFilter.java:82)
	at org.springframework.security.web.context.SecurityContextHolderFilter.doFilter(SecurityContextHolderFilter.java:69)
	at org.springframework.security.web.ObservationFilterChainDecorator$ObservationFilter.wrapFilter(ObservationFilterChainDecorator.java:240)
	at org.springframework.security.web.ObservationFilterChainDecorator$ObservationFilter.doFilter(ObservationFilterChainDecorator.java:227)
	at org.springframework.security.web.ObservationFilterChainDecorator$VirtualFilterChain.doFilter(ObservationFilterChainDecorator.java:137)
	at org.springframework.security.web.context.request.async.WebAsyncManagerIntegrationFilter.doFilterInternal(WebAsyncManagerIntegrationFilter.java:62)
	at org.springframework.web.filter.OncePerRequestFilter.doFilter(OncePerRequestFilter.java:116)
	at org.springframework.security.web.ObservationFilterChainDecorator$ObservationFilter.wrapFilter(ObservationFilterChainDecorator.java:240)
	at org.springframework.security.web.ObservationFilterChainDecorator$ObservationFilter.doFilter(ObservationFilterChainDecorator.java:227)
	at org.springframework.security.web.ObservationFilterChainDecorator$VirtualFilterChain.doFilter(ObservationFilterChainDecorator.java:137)
	at org.springframework.security.web.session.DisableEncodeUrlFilter.doFilterInternal(DisableEncodeUrlFilter.java:42)
	at org.springframework.web.filter.OncePerRequestFilter.doFilter(OncePerRequestFilter.java:116)
	at org.springframework.security.web.ObservationFilterChainDecorator$ObservationFilter.wrapFilter(ObservationFilterChainDecorator.java:240)
	at org.springframework.security.web.ObservationFilterChainDecorator$AroundFilterObservation$SimpleAroundFilterObservation.lambda$wrap$0(ObservationFilterChainDecorator.java:323)
	at org.springframework.security.web.ObservationFilterChainDecorator$ObservationFilter.doFilter(ObservationFilterChainDecorator.java:224)
	at org.springframework.security.web.ObservationFilterChainDecorator$VirtualFilterChain.doFilter(ObservationFilterChainDecorator.java:137)
	at org.springframework.security.web.FilterChainProxy.doFilterInternal(FilterChainProxy.java:233)
	at org.springframework.security.web.FilterChainProxy.doFilter(FilterChainProxy.java:191)
	at org.springframework.web.filter.CompositeFilter$VirtualFilterChain.doFilter(CompositeFilter.java:113)
	at org.springframework.web.servlet.handler.HandlerMappingIntrospector.lambda$createCacheFilter$3(HandlerMappingIntrospector.java:243)
	at org.springframework.web.filter.CompositeFilter$VirtualFilterChain.doFilter(CompositeFilter.java:113)
	at org.springframework.web.filter.CompositeFilter.doFilter(CompositeFilter.java:74)
	at org.springframework.security.config.annotation.web.configuration.WebMvcSecurityConfiguration$CompositeFilterChainProxy.doFilter(WebMvcSecurityConfiguration.java:238)
	at org.springframework.web.filter.DelegatingFilterProxy.invokeDelegate(DelegatingFilterProxy.java:362)
	at org.springframework.web.filter.DelegatingFilterProxy.doFilter(DelegatingFilterProxy.java:278)
	at org.apache.catalina.core.ApplicationFilterChain.internalDoFilter(ApplicationFilterChain.java:164)
	at org.apache.catalina.core.ApplicationFilterChain.doFilter(ApplicationFilterChain.java:140)
	at org.springframework.web.filter.RequestContextFilter.doFilterInternal(RequestContextFilter.java:100)
	at org.springframework.web.filter.OncePerRequestFilter.doFilter(OncePerRequestFilter.java:116)
	at org.apache.catalina.core.ApplicationFilterChain.internalDoFilter(ApplicationFilterChain.java:164)
	at org.apache.catalina.core.ApplicationFilterChain.doFilter(ApplicationFilterChain.java:140)
	at org.springframework.web.filter.FormContentFilter.doFilterInternal(FormContentFilter.java:93)
	at org.springframework.web.filter.OncePerRequestFilter.doFilter(OncePerRequestFilter.java:116)
	at org.apache.catalina.core.ApplicationFilterChain.internalDoFilter(ApplicationFilterChain.java:164)
	at org.apache.catalina.core.ApplicationFilterChain.doFilter(ApplicationFilterChain.java:140)
	at org.springframework.web.filter.ServerHttpObservationFilter.doFilterInternal(ServerHttpObservationFilter.java:114)
	at org.springframework.web.filter.OncePerRequestFilter.doFilter(OncePerRequestFilter.java:116)
	at org.apache.catalina.core.ApplicationFilterChain.internalDoFilter(ApplicationFilterChain.java:164)
	at org.apache.catalina.core.ApplicationFilterChain.doFilter(ApplicationFilterChain.java:140)
	at org.springframework.web.filter.CharacterEncodingFilter.doFilterInternal(CharacterEncodingFilter.java:201)
	at org.springframework.web.filter.OncePerRequestFilter.doFilter(OncePerRequestFilter.java:116)
	at org.apache.catalina.core.ApplicationFilterChain.internalDoFilter(ApplicationFilterChain.java:164)
	at org.apache.catalina.core.ApplicationFilterChain.doFilter(ApplicationFilterChain.java:140)
	at org.apache.catalina.core.StandardWrapperValve.invoke(StandardWrapperValve.java:167)
	at org.apache.catalina.core.StandardContextValve.invoke(StandardContextValve.java:90)
	at org.apache.catalina.authenticator.AuthenticatorBase.invoke(AuthenticatorBase.java:483)
	at org.apache.catalina.core.StandardHostValve.invoke(StandardHostValve.java:115)
	at org.apache.catalina.valves.ErrorReportValve.invoke(ErrorReportValve.java:93)
	at org.apache.catalina.core.StandardEngineValve.invoke(StandardEngineValve.java:74)
	at org.apache.catalina.connector.CoyoteAdapter.service(CoyoteAdapter.java:344)
	at org.apache.coyote.http11.Http11Processor.service(Http11Processor.java:397)
	at org.apache.coyote.AbstractProcessorLight.process(AbstractProcessorLight.java:63)
	at org.apache.coyote.AbstractProtocol$ConnectionHandler.process(AbstractProtocol.java:905)
	at org.apache.tomcat.util.net.NioEndpoint$SocketProcessor.doRun(NioEndpoint.java:1741)
	at org.apache.tomcat.util.net.SocketProcessorBase.run(SocketProcessorBase.java:52)
	at org.apache.tomcat.util.threads.ThreadPoolExecutor.runWorker(ThreadPoolExecutor.java:1190)
	at org.apache.tomcat.util.threads.ThreadPoolExecutor$Worker.run(ThreadPoolExecutor.java:659)
	at org.apache.tomcat.util.threads.TaskThread$WrappingRunnable.run(TaskThread.java:63)
	at java.base/java.lang.Thread.run(Thread.java:1583)
2026-03-16 17:03:02 [http-nio-8080-exec-16] DEBUG o.s.w.s.m.m.a.HttpEntityMethodProcessor - Using 'application/json', given [application/json, text/plain, */*] and supported [application/json, application/*+json, application/yaml]
2026-03-16 17:03:02 [http-nio-8080-exec-16] TRACE o.s.w.s.m.m.a.HttpEntityMethodProcessor - Writing [ApiResponse[success=false, status=500, code=C004, message=예기치 않은 서버 오류가 발생했습니다., data=null, timestamp=2026-03-16T17:03:02.551557800]]
2026-03-16 17:03:02 [http-nio-8080-exec-16] DEBUG o.s.w.s.m.m.a.ExceptionHandlerExceptionResolver - Resolved [org.springframework.web.servlet.resource.NoResourceFoundException: No static resource api/v1/admin/system/statistics/connect.]
2026-03-16 17:03:02 [http-nio-8080-exec-16] DEBUG o.s.web.servlet.DispatcherServlet - Completed 500 INTERNAL_SERVER_ERROR
2026-03-16 17:03:02 [http-nio-8080-exec-5] DEBUG o.s.orm.jpa.JpaTransactionManager - Initiating transaction commit
2026-03-16 17:03:02 [http-nio-8080-exec-5] DEBUG o.s.orm.jpa.JpaTransactionManager - Committing JPA transaction on EntityManager [SessionImpl(1482149207<open>)]
2026-03-16 17:03:02 [http-nio-8080-exec-19] DEBUG o.s.orm.jpa.JpaTransactionManager - Closing JPA EntityManager [SessionImpl(1846425182<open>)] after transaction
2026-03-16 17:03:02 [http-nio-8080-exec-19] DEBUG o.s.w.s.m.m.a.HttpEntityMethodProcessor - Using 'application/json', given [application/json, text/plain, */*] and supported [application/json, application/*+json, application/yaml]
2026-03-16 17:03:02 [http-nio-8080-exec-19] TRACE o.s.w.s.m.m.a.HttpEntityMethodProcessor - Writing [ApiResponse[success=true, status=200, code=COMMON_001, message=Success, data=[NotificationDto(ntfcNo=NT001, ntfcSj=테스트 알림입니다, ntfcCn=알림 내용입니다, ntfcDate=null, ntfcTime=2026-02-25T00:59:33.784070, bhNtfcIntrvl=null, uniqId=null, frstRegisterId=null, frstRegisterPnttm=2026-02-25T00:59:33.784070, lastUpdusrId=null, lastUpdusrPnttm=null)], timestamp=2026-03-16T17:03:02.659475]]
2026-03-16 17:03:02 [http-nio-8080-exec-19] INFO  c.c.p.a.i.OperationalAuditInterceptor - API Audit Log: URL=/api/v1/notifications, User=webmaster, IP=127.0.0.1
2026-03-16 17:03:02 [http-nio-8080-exec-19] DEBUG o.s.web.servlet.DispatcherServlet - Completed 200 OK
2026-03-16 17:03:02 [http-nio-8080-exec-18] DEBUG o.s.orm.jpa.JpaTransactionManager - Closing JPA EntityManager [SessionImpl(209041220<open>)] after transaction
2026-03-16 17:03:02 [http-nio-8080-exec-18] DEBUG c.c.p.s.jwt.JwtAuthenticationFilter - >>> [JwtFilter] Successfully authenticated user: USRCNFRM_99999999999, Authorities: [ROLE_ADMIN]
2026-03-16 17:03:02 [http-nio-8080-exec-18] DEBUG o.s.web.servlet.DispatcherServlet - GET "/api/v1/popups/active", parameters={}
2026-03-16 17:03:02 [http-nio-8080-exec-18] TRACE o.s.w.s.m.m.a.RequestMappingHandlerMapping - Mapped to com.company.project.api.controller.system.content.popup.PopupController#getActivePopups()
2026-03-16 17:03:02 [http-nio-8080-exec-18] DEBUG o.s.orm.jpa.JpaTransactionManager - Creating new transaction with name [com.company.project.service.system.content.popup.PopupServiceImpl.getActivePopups]: PROPAGATION_REQUIRED,ISOLATION_DEFAULT,readOnly
2026-03-16 17:03:02 [http-nio-8080-exec-18] DEBUG o.s.orm.jpa.JpaTransactionManager - Opened new EntityManager [SessionImpl(413622413<open>)] for JPA transaction
2026-03-16 17:03:02 [http-nio-8080-exec-18] DEBUG o.s.orm.jpa.JpaTransactionManager - Exposing JPA transaction as JDBC [org.springframework.orm.jpa.vendor.HibernateJpaDialect$HibernateConnectionHandle@3716ea99]
2026-03-16 17:03:02 [http-nio-8080-exec-18] DEBUG org.hibernate.SQL - select p1_0.popup_id,p1_0.frst_register_id,p1_0.frst_regist_pnttm,p1_0.file_url,p1_0.ntce_at,p1_0.stopvew_setup_at,p1_0.last_updusr_id,p1_0.last_updt_pnttm,p1_0.ntce_bgnde,p1_0.ntce_endde,p1_0.popup_vrticl_lc,p1_0.popup_vrticl_size,p1_0.popup_sj_nm,p1_0.popup_width_lc,p1_0.popup_width_size from npopupmanage p1_0 where p1_0.ntce_at='Y' and ? between p1_0.ntce_bgnde and p1_0.ntce_endde
2026-03-16 17:03:02 [http-nio-8080-exec-10] DEBUG o.s.orm.jpa.JpaTransactionManager - Closing JPA EntityManager [SessionImpl(751119423<open>)] after transaction
2026-03-16 17:03:02 [http-nio-8080-exec-10] DEBUG o.s.w.s.m.m.a.HttpEntityMethodProcessor - Using 'application/json', given [application/json, text/plain, */*] and supported [application/json, application/*+json, application/yaml]
2026-03-16 17:03:02 [http-nio-8080-exec-10] TRACE o.s.w.s.m.m.a.HttpEntityMethodProcessor - Writing [ApiResponse[success=true, status=200, code=COMMON_001, message=Success, data=0, timestamp=2026-03-16T17:03:02.700891300]]
2026-03-16 17:03:02 [http-nio-8080-exec-10] INFO  c.c.p.a.i.OperationalAuditInterceptor - API Audit Log: URL=/api/v1/notifications/unread-count, User=webmaster, IP=127.0.0.1
2026-03-16 17:03:02 [http-nio-8080-exec-10] DEBUG o.s.web.servlet.DispatcherServlet - Completed 200 OK
2026-03-16 17:03:02 [http-nio-8080-exec-5] DEBUG o.s.orm.jpa.JpaTransactionManager - Closing JPA EntityManager [SessionImpl(1482149207<open>)] after transaction
2026-03-16 17:03:02 [http-nio-8080-exec-5] DEBUG c.c.p.s.jwt.JwtAuthenticationFilter - >>> [JwtFilter] Successfully authenticated user: USRCNFRM_99999999999, Authorities: [ROLE_ADMIN]
2026-03-16 17:03:02 [http-nio-8080-exec-5] DEBUG o.s.web.servlet.DispatcherServlet - GET "/api/v1/admin/system/banners/reflected", parameters={}
2026-03-16 17:03:02 [http-nio-8080-exec-5] TRACE o.s.w.s.m.m.a.RequestMappingHandlerMapping - Mapped to com.company.project.api.controller.system.content.banner.BannerApiController#getReflectedBanners()
2026-03-16 17:03:02 [http-nio-8080-exec-5] DEBUG o.s.orm.jpa.JpaTransactionManager - Creating new transaction with name [com.company.project.service.system.content.banner.BannerService.getReflectedBanners]: PROPAGATION_REQUIRED,ISOLATION_DEFAULT,readOnly
2026-03-16 17:03:02 [http-nio-8080-exec-5] DEBUG o.s.orm.jpa.JpaTransactionManager - Opened new EntityManager [SessionImpl(293413108<open>)] for JPA transaction
2026-03-16 17:03:02 [http-nio-8080-exec-5] DEBUG o.s.orm.jpa.JpaTransactionManager - Exposing JPA transaction as JDBC [org.springframework.orm.jpa.vendor.HibernateJpaDialect$HibernateConnectionHandle@15d58be8]
2026-03-16 17:03:02 [http-nio-8080-exec-5] DEBUG org.hibernate.SQL - select b1_0.banner_id,b1_0.banner_dc,b1_0.banner_image,b1_0.banner_image_file,b1_0.banner_nm,b1_0.frst_register_id,b1_0.frst_regist_pnttm,b1_0.last_updusr_id,b1_0.last_updt_pnttm,b1_0.link_url,b1_0.reflct_at,b1_0.sort_ordr from nbanner b1_0 where b1_0.reflct_at=? order by b1_0.sort_ordr
2026-03-16 17:03:02 [http-nio-8080-exec-18] DEBUG o.s.orm.jpa.JpaTransactionManager - Initiating transaction commit
2026-03-16 17:03:02 [http-nio-8080-exec-18] DEBUG o.s.orm.jpa.JpaTransactionManager - Committing JPA transaction on EntityManager [SessionImpl(413622413<open>)]
2026-03-16 17:03:02 [http-nio-8080-exec-5] DEBUG o.s.orm.jpa.JpaTransactionManager - Initiating transaction commit
2026-03-16 17:03:02 [http-nio-8080-exec-5] DEBUG o.s.orm.jpa.JpaTransactionManager - Committing JPA transaction on EntityManager [SessionImpl(293413108<open>)]
2026-03-16 17:03:02 [http-nio-8080-exec-18] DEBUG o.s.orm.jpa.JpaTransactionManager - Closing JPA EntityManager [SessionImpl(413622413<open>)] after transaction
2026-03-16 17:03:02 [http-nio-8080-exec-18] DEBUG o.s.w.s.m.m.a.HttpEntityMethodProcessor - Using 'application/json', given [application/json, text/plain, */*] and supported [application/json, application/*+json, application/yaml]
2026-03-16 17:03:02 [http-nio-8080-exec-18] TRACE o.s.w.s.m.m.a.HttpEntityMethodProcessor - Writing [ApiResponse[success=true, status=200, code=COMMON_001, message=Success, data=[], timestamp=2026-03-16T17:03:02.985640200]]
2026-03-16 17:03:02 [http-nio-8080-exec-18] INFO  c.c.p.a.i.OperationalAuditInterceptor - API Audit Log: URL=/api/v1/popups/active, User=webmaster, IP=127.0.0.1
2026-03-16 17:03:02 [http-nio-8080-exec-18] DEBUG o.s.web.servlet.DispatcherServlet - Completed 200 OK
2026-03-16 17:03:03 [http-nio-8080-exec-5] DEBUG o.s.orm.jpa.JpaTransactionManager - Closing JPA EntityManager [SessionImpl(293413108<open>)] after transaction
2026-03-16 17:03:03 [http-nio-8080-exec-5] DEBUG o.s.w.s.m.m.a.HttpEntityMethodProcessor - Using 'application/json', given [application/json, text/plain, */*] and supported [application/json, application/*+json, application/yaml]
2026-03-16 17:03:03 [http-nio-8080-exec-5] TRACE o.s.w.s.m.m.a.HttpEntityMethodProcessor - Writing [ApiResponse[success=true, status=200, code=COMMON_001, message=Success, data=[], timestamp=2026-03-16T17:03:03.029725500]]
2026-03-16 17:03:03 [http-nio-8080-exec-5] INFO  c.c.p.a.i.OperationalAuditInterceptor - API Audit Log: URL=/api/v1/admin/system/banners/reflected, User=webmaster, IP=127.0.0.1
2026-03-16 17:03:03 [http-nio-8080-exec-5] DEBUG o.s.web.servlet.DispatcherServlet - Completed 200 OK
2026-03-16 17:03:04 [http-nio-8080-exec-3] DEBUG c.c.p.s.jwt.JwtAuthenticationFilter - >>> [JwtFilter] Processing request: GET /api/v1/menu/head
2026-03-16 17:03:04 [http-nio-8080-exec-3] DEBUG c.c.p.s.jwt.JwtAuthenticationFilter - >>> [JwtFilter] Found token in header for path: /api/v1/menu/head
2026-03-16 17:03:04 [http-nio-8080-exec-3] DEBUG o.s.orm.jpa.JpaTransactionManager - Creating new transaction with name [com.company.project.security.iam.CustomUserDetailsService.loadUserByUsername]: PROPAGATION_REQUIRED,ISOLATION_DEFAULT,readOnly
2026-03-16 17:03:04 [http-nio-8080-exec-3] DEBUG o.s.orm.jpa.JpaTransactionManager - Opened new EntityManager [SessionImpl(749203417<open>)] for JPA transaction
2026-03-16 17:03:04 [http-nio-8080-exec-3] DEBUG o.s.orm.jpa.JpaTransactionManager - Exposing JPA transaction as JDBC [org.springframework.orm.jpa.vendor.HibernateJpaDialect$HibernateConnectionHandle@b98ea2c]
2026-03-16 17:03:04 [http-nio-8080-exec-3] DEBUG o.s.orm.jpa.JpaTransactionManager - Found thread-bound EntityManager [SessionImpl(749203417<open>)] for JPA transaction
2026-03-16 17:03:04 [http-nio-8080-exec-3] DEBUG o.s.orm.jpa.JpaTransactionManager - Participating in existing transaction
2026-03-16 17:03:04 [http-nio-8080-exec-3] DEBUG org.hibernate.SQL - select u1_0.emplyr_id,u1_0.area_no,u1_0.brthdy,u1_0.chg_pwd_cnt,u1_0.frst_register_id,u1_0.frst_regist_pnttm,u1_0.detail_adres,u1_0.email_adres,u1_0.emplyr_sttus_code,u1_0.empl_no,u1_0.esntl_id,u1_0.fxnum,u1_0.group_id,u1_0.house_adres,u1_0.house_end_telno,u1_0.house_middle_telno,u1_0.ihidnum,u1_0.pstinst_code,u1_0.last_updusr_id,u1_0.last_updt_pnttm,u1_0.lock_at,u1_0.lock_cnt,u1_0.lock_last_pnttm,u1_0.mbtlnum,u1_0.ofcps_nm,u1_0.offm_telno,u1_0.orgnzt_id,u1_0.password,u1_0.password_cnsr,u1_0.password_hint,u1_0.chg_pwd_last_pnttm,u1_0.role,u1_0.sbscrb_de,u1_0.sexdstn_code,u1_0.crtfc_dn_value,u1_0.user_nm,u1_0.zip from nemplyrinfo u1_0 where u1_0.emplyr_id=?
2026-03-16 17:03:04 [http-nio-8080-exec-3] DEBUG o.s.orm.jpa.JpaTransactionManager - Found thread-bound EntityManager [SessionImpl(749203417<open>)] for JPA transaction
2026-03-16 17:03:04 [http-nio-8080-exec-3] DEBUG o.s.orm.jpa.JpaTransactionManager - Participating in existing transaction
2026-03-16 17:03:04 [http-nio-8080-exec-3] DEBUG org.hibernate.SQL - select ua1_0.scrty_dtrmn_trget_id,ua1_0.author_code,ua1_0.frst_register_id,ua1_0.frst_regist_pnttm,ua1_0.last_updusr_id,ua1_0.last_updt_pnttm,ua1_0.mber_ty_code from nemplyrscrtyestbs ua1_0 where ua1_0.scrty_dtrmn_trget_id=?
2026-03-16 17:03:04 [http-nio-8080-exec-3] DEBUG o.s.orm.jpa.JpaTransactionManager - Initiating transaction commit
2026-03-16 17:03:04 [http-nio-8080-exec-3] DEBUG o.s.orm.jpa.JpaTransactionManager - Committing JPA transaction on EntityManager [SessionImpl(749203417<open>)]
2026-03-16 17:03:04 [http-nio-8080-exec-3] DEBUG o.s.orm.jpa.JpaTransactionManager - Closing JPA EntityManager [SessionImpl(749203417<open>)] after transaction
2026-03-16 17:03:04 [http-nio-8080-exec-3] DEBUG c.c.p.s.jwt.JwtAuthenticationFilter - >>> [JwtFilter] Successfully authenticated user: USRCNFRM_00000000002, Authorities: [ROLE_USER]
2026-03-16 17:03:04 [http-nio-8080-exec-3] DEBUG o.s.web.servlet.DispatcherServlet - GET "/api/v1/menu/head", parameters={}
2026-03-16 17:03:04 [http-nio-8080-exec-3] TRACE o.s.w.s.m.m.a.RequestMappingHandlerMapping - Mapped to com.company.project.api.controller.menu.MenuController#getHeadMenu()
2026-03-16 17:03:04 [http-nio-8080-exec-3] INFO  c.c.p.a.c.menu.MenuController - getHeadMenu called
2026-03-16 17:03:04 [http-nio-8080-exec-3] INFO  c.c.p.a.c.menu.MenuController - getHeadMenu returned 5 items
2026-03-16 17:03:04 [http-nio-8080-exec-3] DEBUG o.s.w.s.m.m.a.HttpEntityMethodProcessor - Using 'application/json', given [application/json, text/plain, */*] and supported [application/json, application/*+json, application/yaml]
2026-03-16 17:03:04 [http-nio-8080-exec-3] TRACE o.s.w.s.m.m.a.HttpEntityMethodProcessor - Writing [ApiResponse[success=true, status=200, code=COMMON_001, message=Success, data={list=[com.company.project.service.menu.dto.MenuDto@4839fef0, com.company.project.service.menu.dto.MenuDto@1c69c1c2, com.company.project.service.menu.dto.MenuDto@6f5d2c3d, com.company.project.service.menu.dto.MenuDto@6314b47d, com.company.project.service.menu.dto.MenuDto@645d0891]}, timestamp=2026-03-16T17:03:04.997288]]
2026-03-16 17:03:04 [http-nio-8080-exec-3] INFO  c.c.p.a.i.OperationalAuditInterceptor - API Audit Log: URL=/api/v1/menu/head, User=user_regular, IP=0:0:0:0:0:0:0:1
2026-03-16 17:03:04 [http-nio-8080-exec-3] DEBUG o.s.web.servlet.DispatcherServlet - Completed 200 OK
2026-03-16 17:03:05 [http-nio-8080-exec-8] DEBUG c.c.p.s.jwt.JwtAuthenticationFilter - >>> [JwtFilter] Processing request: GET /api/v1/menu/left
2026-03-16 17:03:05 [http-nio-8080-exec-17] DEBUG c.c.p.s.jwt.JwtAuthenticationFilter - >>> [JwtFilter] Processing request: GET /api/v1/menu/left
2026-03-16 17:03:05 [http-nio-8080-exec-2] DEBUG c.c.p.s.jwt.JwtAuthenticationFilter - >>> [JwtFilter] Processing request: GET /api/v1/menu/left
2026-03-16 17:03:05 [http-nio-8080-exec-12] DEBUG c.c.p.s.jwt.JwtAuthenticationFilter - >>> [JwtFilter] Processing request: GET /api/v1/menu/left
2026-03-16 17:03:05 [http-nio-8080-exec-9] DEBUG c.c.p.s.jwt.JwtAuthenticationFilter - >>> [JwtFilter] Processing request: GET /api/v1/menu/left
2026-03-16 17:03:05 [http-nio-8080-exec-8] DEBUG c.c.p.s.jwt.JwtAuthenticationFilter - >>> [JwtFilter] Found token in header for path: /api/v1/menu/left
2026-03-16 17:03:05 [http-nio-8080-exec-17] DEBUG c.c.p.s.jwt.JwtAuthenticationFilter - >>> [JwtFilter] Found token in header for path: /api/v1/menu/left
2026-03-16 17:03:05 [http-nio-8080-exec-2] DEBUG c.c.p.s.jwt.JwtAuthenticationFilter - >>> [JwtFilter] Found token in header for path: /api/v1/menu/left
2026-03-16 17:03:05 [http-nio-8080-exec-12] DEBUG c.c.p.s.jwt.JwtAuthenticationFilter - >>> [JwtFilter] Found token in header for path: /api/v1/menu/left
2026-03-16 17:03:05 [http-nio-8080-exec-9] DEBUG c.c.p.s.jwt.JwtAuthenticationFilter - >>> [JwtFilter] Found token in header for path: /api/v1/menu/left
2026-03-16 17:03:05 [http-nio-8080-exec-17] DEBUG o.s.orm.jpa.JpaTransactionManager - Creating new transaction with name [com.company.project.security.iam.CustomUserDetailsService.loadUserByUsername]: PROPAGATION_REQUIRED,ISOLATION_DEFAULT,readOnly
2026-03-16 17:03:05 [http-nio-8080-exec-12] DEBUG o.s.orm.jpa.JpaTransactionManager - Creating new transaction with name [com.company.project.security.iam.CustomUserDetailsService.loadUserByUsername]: PROPAGATION_REQUIRED,ISOLATION_DEFAULT,readOnly
2026-03-16 17:03:05 [http-nio-8080-exec-17] DEBUG o.s.orm.jpa.JpaTransactionManager - Opened new EntityManager [SessionImpl(1834103996<open>)] for JPA transaction
2026-03-16 17:03:05 [http-nio-8080-exec-12] DEBUG o.s.orm.jpa.JpaTransactionManager - Opened new EntityManager [SessionImpl(1125077527<open>)] for JPA transaction
2026-03-16 17:03:05 [http-nio-8080-exec-9] DEBUG o.s.orm.jpa.JpaTransactionManager - Creating new transaction with name [com.company.project.security.iam.CustomUserDetailsService.loadUserByUsername]: PROPAGATION_REQUIRED,ISOLATION_DEFAULT,readOnly
2026-03-16 17:03:05 [http-nio-8080-exec-8] DEBUG o.s.orm.jpa.JpaTransactionManager - Creating new transaction with name [com.company.project.security.iam.CustomUserDetailsService.loadUserByUsername]: PROPAGATION_REQUIRED,ISOLATION_DEFAULT,readOnly
2026-03-16 17:03:05 [http-nio-8080-exec-2] DEBUG o.s.orm.jpa.JpaTransactionManager - Creating new transaction with name [com.company.project.security.iam.CustomUserDetailsService.loadUserByUsername]: PROPAGATION_REQUIRED,ISOLATION_DEFAULT,readOnly
2026-03-16 17:03:05 [http-nio-8080-exec-9] DEBUG o.s.orm.jpa.JpaTransactionManager - Opened new EntityManager [SessionImpl(312514930<open>)] for JPA transaction
2026-03-16 17:03:05 [http-nio-8080-exec-2] DEBUG o.s.orm.jpa.JpaTransactionManager - Opened new EntityManager [SessionImpl(1853710221<open>)] for JPA transaction
2026-03-16 17:03:05 [http-nio-8080-exec-8] DEBUG o.s.orm.jpa.JpaTransactionManager - Opened new EntityManager [SessionImpl(944528431<open>)] for JPA transaction
2026-03-16 17:03:05 [http-nio-8080-exec-2] DEBUG o.s.orm.jpa.JpaTransactionManager - Exposing JPA transaction as JDBC [org.springframework.orm.jpa.vendor.HibernateJpaDialect$HibernateConnectionHandle@5bbe0aa0]
2026-03-16 17:03:05 [http-nio-8080-exec-2] DEBUG o.s.orm.jpa.JpaTransactionManager - Found thread-bound EntityManager [SessionImpl(1853710221<open>)] for JPA transaction
2026-03-16 17:03:05 [http-nio-8080-exec-2] DEBUG o.s.orm.jpa.JpaTransactionManager - Participating in existing transaction
2026-03-16 17:03:05 [http-nio-8080-exec-2] DEBUG org.hibernate.SQL - select u1_0.emplyr_id,u1_0.area_no,u1_0.brthdy,u1_0.chg_pwd_cnt,u1_0.frst_register_id,u1_0.frst_regist_pnttm,u1_0.detail_adres,u1_0.email_adres,u1_0.emplyr_sttus_code,u1_0.empl_no,u1_0.esntl_id,u1_0.fxnum,u1_0.group_id,u1_0.house_adres,u1_0.house_end_telno,u1_0.house_middle_telno,u1_0.ihidnum,u1_0.pstinst_code,u1_0.last_updusr_id,u1_0.last_updt_pnttm,u1_0.lock_at,u1_0.lock_cnt,u1_0.lock_last_pnttm,u1_0.mbtlnum,u1_0.ofcps_nm,u1_0.offm_telno,u1_0.orgnzt_id,u1_0.password,u1_0.password_cnsr,u1_0.password_hint,u1_0.chg_pwd_last_pnttm,u1_0.role,u1_0.sbscrb_de,u1_0.sexdstn_code,u1_0.crtfc_dn_value,u1_0.user_nm,u1_0.zip from nemplyrinfo u1_0 where u1_0.emplyr_id=?
2026-03-16 17:03:05 [http-nio-8080-exec-9] DEBUG o.s.orm.jpa.JpaTransactionManager - Exposing JPA transaction as JDBC [org.springframework.orm.jpa.vendor.HibernateJpaDialect$HibernateConnectionHandle@64423192]
2026-03-16 17:03:05 [http-nio-8080-exec-17] DEBUG o.s.orm.jpa.JpaTransactionManager - Exposing JPA transaction as JDBC [org.springframework.orm.jpa.vendor.HibernateJpaDialect$HibernateConnectionHandle@ff26fb9]
2026-03-16 17:03:05 [http-nio-8080-exec-9] DEBUG o.s.orm.jpa.JpaTransactionManager - Found thread-bound EntityManager [SessionImpl(312514930<open>)] for JPA transaction
2026-03-16 17:03:05 [http-nio-8080-exec-9] DEBUG o.s.orm.jpa.JpaTransactionManager - Participating in existing transaction
2026-03-16 17:03:05 [http-nio-8080-exec-17] DEBUG o.s.orm.jpa.JpaTransactionManager - Found thread-bound EntityManager [SessionImpl(1834103996<open>)] for JPA transaction
2026-03-16 17:03:05 [http-nio-8080-exec-17] DEBUG o.s.orm.jpa.JpaTransactionManager - Participating in existing transaction
2026-03-16 17:03:05 [http-nio-8080-exec-9] DEBUG org.hibernate.SQL - select u1_0.emplyr_id,u1_0.area_no,u1_0.brthdy,u1_0.chg_pwd_cnt,u1_0.frst_register_id,u1_0.frst_regist_pnttm,u1_0.detail_adres,u1_0.email_adres,u1_0.emplyr_sttus_code,u1_0.empl_no,u1_0.esntl_id,u1_0.fxnum,u1_0.group_id,u1_0.house_adres,u1_0.house_end_telno,u1_0.house_middle_telno,u1_0.ihidnum,u1_0.pstinst_code,u1_0.last_updusr_id,u1_0.last_updt_pnttm,u1_0.lock_at,u1_0.lock_cnt,u1_0.lock_last_pnttm,u1_0.mbtlnum,u1_0.ofcps_nm,u1_0.offm_telno,u1_0.orgnzt_id,u1_0.password,u1_0.password_cnsr,u1_0.password_hint,u1_0.chg_pwd_last_pnttm,u1_0.role,u1_0.sbscrb_de,u1_0.sexdstn_code,u1_0.crtfc_dn_value,u1_0.user_nm,u1_0.zip from nemplyrinfo u1_0 where u1_0.emplyr_id=?
2026-03-16 17:03:05 [http-nio-8080-exec-17] DEBUG org.hibernate.SQL - select u1_0.emplyr_id,u1_0.area_no,u1_0.brthdy,u1_0.chg_pwd_cnt,u1_0.frst_register_id,u1_0.frst_regist_pnttm,u1_0.detail_adres,u1_0.email_adres,u1_0.emplyr_sttus_code,u1_0.empl_no,u1_0.esntl_id,u1_0.fxnum,u1_0.group_id,u1_0.house_adres,u1_0.house_end_telno,u1_0.house_middle_telno,u1_0.ihidnum,u1_0.pstinst_code,u1_0.last_updusr_id,u1_0.last_updt_pnttm,u1_0.lock_at,u1_0.lock_cnt,u1_0.lock_last_pnttm,u1_0.mbtlnum,u1_0.ofcps_nm,u1_0.offm_telno,u1_0.orgnzt_id,u1_0.password,u1_0.password_cnsr,u1_0.password_hint,u1_0.chg_pwd_last_pnttm,u1_0.role,u1_0.sbscrb_de,u1_0.sexdstn_code,u1_0.crtfc_dn_value,u1_0.user_nm,u1_0.zip from nemplyrinfo u1_0 where u1_0.emplyr_id=?
2026-03-16 17:03:05 [http-nio-8080-exec-12] DEBUG o.s.orm.jpa.JpaTransactionManager - Exposing JPA transaction as JDBC [org.springframework.orm.jpa.vendor.HibernateJpaDialect$HibernateConnectionHandle@659b419a]
2026-03-16 17:03:05 [http-nio-8080-exec-8] DEBUG o.s.orm.jpa.JpaTransactionManager - Exposing JPA transaction as JDBC [org.springframework.orm.jpa.vendor.HibernateJpaDialect$HibernateConnectionHandle@ce3e8dc]
2026-03-16 17:03:05 [http-nio-8080-exec-12] DEBUG o.s.orm.jpa.JpaTransactionManager - Found thread-bound EntityManager [SessionImpl(1125077527<open>)] for JPA transaction
2026-03-16 17:03:05 [http-nio-8080-exec-12] DEBUG o.s.orm.jpa.JpaTransactionManager - Participating in existing transaction
2026-03-16 17:03:05 [http-nio-8080-exec-8] DEBUG o.s.orm.jpa.JpaTransactionManager - Found thread-bound EntityManager [SessionImpl(944528431<open>)] for JPA transaction
2026-03-16 17:03:05 [http-nio-8080-exec-8] DEBUG o.s.orm.jpa.JpaTransactionManager - Participating in existing transaction
2026-03-16 17:03:05 [http-nio-8080-exec-12] DEBUG org.hibernate.SQL - select u1_0.emplyr_id,u1_0.area_no,u1_0.brthdy,u1_0.chg_pwd_cnt,u1_0.frst_register_id,u1_0.frst_regist_pnttm,u1_0.detail_adres,u1_0.email_adres,u1_0.emplyr_sttus_code,u1_0.empl_no,u1_0.esntl_id,u1_0.fxnum,u1_0.group_id,u1_0.house_adres,u1_0.house_end_telno,u1_0.house_middle_telno,u1_0.ihidnum,u1_0.pstinst_code,u1_0.last_updusr_id,u1_0.last_updt_pnttm,u1_0.lock_at,u1_0.lock_cnt,u1_0.lock_last_pnttm,u1_0.mbtlnum,u1_0.ofcps_nm,u1_0.offm_telno,u1_0.orgnzt_id,u1_0.password,u1_0.password_cnsr,u1_0.password_hint,u1_0.chg_pwd_last_pnttm,u1_0.role,u1_0.sbscrb_de,u1_0.sexdstn_code,u1_0.crtfc_dn_value,u1_0.user_nm,u1_0.zip from nemplyrinfo u1_0 where u1_0.emplyr_id=?
2026-03-16 17:03:05 [http-nio-8080-exec-8] DEBUG org.hibernate.SQL - select u1_0.emplyr_id,u1_0.area_no,u1_0.brthdy,u1_0.chg_pwd_cnt,u1_0.frst_register_id,u1_0.frst_regist_pnttm,u1_0.detail_adres,u1_0.email_adres,u1_0.emplyr_sttus_code,u1_0.empl_no,u1_0.esntl_id,u1_0.fxnum,u1_0.group_id,u1_0.house_adres,u1_0.house_end_telno,u1_0.house_middle_telno,u1_0.ihidnum,u1_0.pstinst_code,u1_0.last_updusr_id,u1_0.last_updt_pnttm,u1_0.lock_at,u1_0.lock_cnt,u1_0.lock_last_pnttm,u1_0.mbtlnum,u1_0.ofcps_nm,u1_0.offm_telno,u1_0.orgnzt_id,u1_0.password,u1_0.password_cnsr,u1_0.password_hint,u1_0.chg_pwd_last_pnttm,u1_0.role,u1_0.sbscrb_de,u1_0.sexdstn_code,u1_0.crtfc_dn_value,u1_0.user_nm,u1_0.zip from nemplyrinfo u1_0 where u1_0.emplyr_id=?
2026-03-16 17:03:05 [http-nio-8080-exec-2] DEBUG o.s.orm.jpa.JpaTransactionManager - Found thread-bound EntityManager [SessionImpl(1853710221<open>)] for JPA transaction
2026-03-16 17:03:05 [http-nio-8080-exec-2] DEBUG o.s.orm.jpa.JpaTransactionManager - Participating in existing transaction
2026-03-16 17:03:05 [http-nio-8080-exec-2] DEBUG org.hibernate.SQL - select ua1_0.scrty_dtrmn_trget_id,ua1_0.author_code,ua1_0.frst_register_id,ua1_0.frst_regist_pnttm,ua1_0.last_updusr_id,ua1_0.last_updt_pnttm,ua1_0.mber_ty_code from nemplyrscrtyestbs ua1_0 where ua1_0.scrty_dtrmn_trget_id=?
2026-03-16 17:03:05 [http-nio-8080-exec-17] DEBUG o.s.orm.jpa.JpaTransactionManager - Found thread-bound EntityManager [SessionImpl(1834103996<open>)] for JPA transaction
2026-03-16 17:03:05 [http-nio-8080-exec-9] DEBUG o.s.orm.jpa.JpaTransactionManager - Found thread-bound EntityManager [SessionImpl(312514930<open>)] for JPA transaction
2026-03-16 17:03:05 [http-nio-8080-exec-17] DEBUG o.s.orm.jpa.JpaTransactionManager - Participating in existing transaction
2026-03-16 17:03:05 [http-nio-8080-exec-17] DEBUG org.hibernate.SQL - select ua1_0.scrty_dtrmn_trget_id,ua1_0.author_code,ua1_0.frst_register_id,ua1_0.frst_regist_pnttm,ua1_0.last_updusr_id,ua1_0.last_updt_pnttm,ua1_0.mber_ty_code from nemplyrscrtyestbs ua1_0 where ua1_0.scrty_dtrmn_trget_id=?
2026-03-16 17:03:05 [http-nio-8080-exec-9] DEBUG o.s.orm.jpa.JpaTransactionManager - Participating in existing transaction
2026-03-16 17:03:05 [http-nio-8080-exec-9] DEBUG org.hibernate.SQL - select ua1_0.scrty_dtrmn_trget_id,ua1_0.author_code,ua1_0.frst_register_id,ua1_0.frst_regist_pnttm,ua1_0.last_updusr_id,ua1_0.last_updt_pnttm,ua1_0.mber_ty_code from nemplyrscrtyestbs ua1_0 where ua1_0.scrty_dtrmn_trget_id=?
2026-03-16 17:03:05 [http-nio-8080-exec-12] DEBUG o.s.orm.jpa.JpaTransactionManager - Found thread-bound EntityManager [SessionImpl(1125077527<open>)] for JPA transaction
2026-03-16 17:03:05 [http-nio-8080-exec-12] DEBUG o.s.orm.jpa.JpaTransactionManager - Participating in existing transaction
2026-03-16 17:03:05 [http-nio-8080-exec-12] DEBUG org.hibernate.SQL - select ua1_0.scrty_dtrmn_trget_id,ua1_0.author_code,ua1_0.frst_register_id,ua1_0.frst_regist_pnttm,ua1_0.last_updusr_id,ua1_0.last_updt_pnttm,ua1_0.mber_ty_code from nemplyrscrtyestbs ua1_0 where ua1_0.scrty_dtrmn_trget_id=?
2026-03-16 17:03:05 [http-nio-8080-exec-8] DEBUG o.s.orm.jpa.JpaTransactionManager - Found thread-bound EntityManager [SessionImpl(944528431<open>)] for JPA transaction
2026-03-16 17:03:05 [http-nio-8080-exec-8] DEBUG o.s.orm.jpa.JpaTransactionManager - Participating in existing transaction
2026-03-16 17:03:05 [http-nio-8080-exec-8] DEBUG org.hibernate.SQL - select ua1_0.scrty_dtrmn_trget_id,ua1_0.author_code,ua1_0.frst_register_id,ua1_0.frst_regist_pnttm,ua1_0.last_updusr_id,ua1_0.last_updt_pnttm,ua1_0.mber_ty_code from nemplyrscrtyestbs ua1_0 where ua1_0.scrty_dtrmn_trget_id=?
2026-03-16 17:03:05 [http-nio-8080-exec-2] DEBUG o.s.orm.jpa.JpaTransactionManager - Initiating transaction commit
2026-03-16 17:03:05 [http-nio-8080-exec-17] DEBUG o.s.orm.jpa.JpaTransactionManager - Initiating transaction commit
2026-03-16 17:03:05 [http-nio-8080-exec-2] DEBUG o.s.orm.jpa.JpaTransactionManager - Committing JPA transaction on EntityManager [SessionImpl(1853710221<open>)]
2026-03-16 17:03:05 [http-nio-8080-exec-9] DEBUG o.s.orm.jpa.JpaTransactionManager - Initiating transaction commit
2026-03-16 17:03:05 [http-nio-8080-exec-9] DEBUG o.s.orm.jpa.JpaTransactionManager - Committing JPA transaction on EntityManager [SessionImpl(312514930<open>)]
2026-03-16 17:03:05 [http-nio-8080-exec-17] DEBUG o.s.orm.jpa.JpaTransactionManager - Committing JPA transaction on EntityManager [SessionImpl(1834103996<open>)]
2026-03-16 17:03:05 [http-nio-8080-exec-12] DEBUG o.s.orm.jpa.JpaTransactionManager - Initiating transaction commit
2026-03-16 17:03:05 [http-nio-8080-exec-12] DEBUG o.s.orm.jpa.JpaTransactionManager - Committing JPA transaction on EntityManager [SessionImpl(1125077527<open>)]
2026-03-16 17:03:05 [http-nio-8080-exec-8] DEBUG o.s.orm.jpa.JpaTransactionManager - Initiating transaction commit
2026-03-16 17:03:05 [http-nio-8080-exec-8] DEBUG o.s.orm.jpa.JpaTransactionManager - Committing JPA transaction on EntityManager [SessionImpl(944528431<open>)]
2026-03-16 17:03:05 [http-nio-8080-exec-2] DEBUG o.s.orm.jpa.JpaTransactionManager - Closing JPA EntityManager [SessionImpl(1853710221<open>)] after transaction
2026-03-16 17:03:05 [http-nio-8080-exec-2] DEBUG c.c.p.s.jwt.JwtAuthenticationFilter - >>> [JwtFilter] Successfully authenticated user: USRCNFRM_00000000002, Authorities: [ROLE_USER]
2026-03-16 17:03:05 [http-nio-8080-exec-2] DEBUG o.s.web.servlet.DispatcherServlet - GET "/api/v1/menu/left?menuNo=10", parameters={masked}
2026-03-16 17:03:05 [http-nio-8080-exec-2] TRACE o.s.w.s.m.m.a.RequestMappingHandlerMapping - Mapped to com.company.project.api.controller.menu.MenuController#getLeftMenu(Long)
2026-03-16 17:03:05 [http-nio-8080-exec-2] INFO  c.c.p.a.c.menu.MenuController - getLeftMenu called with menuNo=10
2026-03-16 17:03:05 [http-nio-8080-exec-2] DEBUG o.s.orm.jpa.JpaTransactionManager - Creating new transaction with name [com.company.project.service.menu.MenuService.getSubMenus]: PROPAGATION_REQUIRED,ISOLATION_DEFAULT,readOnly
2026-03-16 17:03:05 [http-nio-8080-exec-2] DEBUG o.s.orm.jpa.JpaTransactionManager - Opened new EntityManager [SessionImpl(553981529<open>)] for JPA transaction
2026-03-16 17:03:05 [http-nio-8080-exec-2] DEBUG o.s.orm.jpa.JpaTransactionManager - Exposing JPA transaction as JDBC [org.springframework.orm.jpa.vendor.HibernateJpaDialect$HibernateConnectionHandle@31280842]
2026-03-16 17:03:05 [http-nio-8080-exec-2] DEBUG org.hibernate.SQL - select m1_0.menu_no,m1_0.menu_dc,m1_0.menu_nm,m1_0.menu_ordr,m1_0.modern_route,m1_0.progrm_file_nm,m1_0.relate_image_nm,m1_0.relate_image_path,m1_0.route_updated_at,m1_0.upper_menu_no from nmenuinfo m1_0 order by m1_0.upper_menu_no,m1_0.menu_ordr
2026-03-16 17:03:05 [http-nio-8080-exec-9] DEBUG o.s.orm.jpa.JpaTransactionManager - Closing JPA EntityManager [SessionImpl(312514930<open>)] after transaction
2026-03-16 17:03:05 [http-nio-8080-exec-17] DEBUG o.s.orm.jpa.JpaTransactionManager - Closing JPA EntityManager [SessionImpl(1834103996<open>)] after transaction
2026-03-16 17:03:05 [http-nio-8080-exec-9] DEBUG c.c.p.s.jwt.JwtAuthenticationFilter - >>> [JwtFilter] Successfully authenticated user: USRCNFRM_00000000002, Authorities: [ROLE_USER]
2026-03-16 17:03:05 [http-nio-8080-exec-17] DEBUG c.c.p.s.jwt.JwtAuthenticationFilter - >>> [JwtFilter] Successfully authenticated user: USRCNFRM_00000000002, Authorities: [ROLE_USER]
2026-03-16 17:03:05 [http-nio-8080-exec-9] DEBUG o.s.web.servlet.DispatcherServlet - GET "/api/v1/menu/left?menuNo=60", parameters={masked}
2026-03-16 17:03:05 [http-nio-8080-exec-17] DEBUG o.s.web.servlet.DispatcherServlet - GET "/api/v1/menu/left?menuNo=50", parameters={masked}
2026-03-16 17:03:05 [http-nio-8080-exec-9] TRACE o.s.w.s.m.m.a.RequestMappingHandlerMapping - Mapped to com.company.project.api.controller.menu.MenuController#getLeftMenu(Long)
2026-03-16 17:03:05 [http-nio-8080-exec-17] TRACE o.s.w.s.m.m.a.RequestMappingHandlerMapping - Mapped to com.company.project.api.controller.menu.MenuController#getLeftMenu(Long)
2026-03-16 17:03:05 [http-nio-8080-exec-17] INFO  c.c.p.a.c.menu.MenuController - getLeftMenu called with menuNo=50
2026-03-16 17:03:05 [http-nio-8080-exec-9] INFO  c.c.p.a.c.menu.MenuController - getLeftMenu called with menuNo=60
2026-03-16 17:03:05 [http-nio-8080-exec-17] DEBUG o.s.orm.jpa.JpaTransactionManager - Creating new transaction with name [com.company.project.service.menu.MenuService.getSubMenus]: PROPAGATION_REQUIRED,ISOLATION_DEFAULT,readOnly
2026-03-16 17:03:05 [http-nio-8080-exec-9] DEBUG o.s.orm.jpa.JpaTransactionManager - Creating new transaction with name [com.company.project.service.menu.MenuService.getSubMenus]: PROPAGATION_REQUIRED,ISOLATION_DEFAULT,readOnly
2026-03-16 17:03:05 [http-nio-8080-exec-17] DEBUG o.s.orm.jpa.JpaTransactionManager - Opened new EntityManager [SessionImpl(1709175736<open>)] for JPA transaction
2026-03-16 17:03:05 [http-nio-8080-exec-9] DEBUG o.s.orm.jpa.JpaTransactionManager - Opened new EntityManager [SessionImpl(776008819<open>)] for JPA transaction
2026-03-16 17:03:05 [http-nio-8080-exec-17] DEBUG o.s.orm.jpa.JpaTransactionManager - Exposing JPA transaction as JDBC [org.springframework.orm.jpa.vendor.HibernateJpaDialect$HibernateConnectionHandle@639c5e92]
2026-03-16 17:03:05 [http-nio-8080-exec-9] DEBUG o.s.orm.jpa.JpaTransactionManager - Exposing JPA transaction as JDBC [org.springframework.orm.jpa.vendor.HibernateJpaDialect$HibernateConnectionHandle@4e3605b4]
2026-03-16 17:03:05 [http-nio-8080-exec-17] DEBUG org.hibernate.SQL - select m1_0.menu_no,m1_0.menu_dc,m1_0.menu_nm,m1_0.menu_ordr,m1_0.modern_route,m1_0.progrm_file_nm,m1_0.relate_image_nm,m1_0.relate_image_path,m1_0.route_updated_at,m1_0.upper_menu_no from nmenuinfo m1_0 order by m1_0.upper_menu_no,m1_0.menu_ordr
2026-03-16 17:03:05 [http-nio-8080-exec-9] DEBUG org.hibernate.SQL - select m1_0.menu_no,m1_0.menu_dc,m1_0.menu_nm,m1_0.menu_ordr,m1_0.modern_route,m1_0.progrm_file_nm,m1_0.relate_image_nm,m1_0.relate_image_path,m1_0.route_updated_at,m1_0.upper_menu_no from nmenuinfo m1_0 order by m1_0.upper_menu_no,m1_0.menu_ordr
2026-03-16 17:03:05 [http-nio-8080-exec-12] DEBUG o.s.orm.jpa.JpaTransactionManager - Closing JPA EntityManager [SessionImpl(1125077527<open>)] after transaction
2026-03-16 17:03:05 [http-nio-8080-exec-12] DEBUG c.c.p.s.jwt.JwtAuthenticationFilter - >>> [JwtFilter] Successfully authenticated user: USRCNFRM_00000000002, Authorities: [ROLE_USER]
2026-03-16 17:03:05 [http-nio-8080-exec-12] DEBUG o.s.web.servlet.DispatcherServlet - GET "/api/v1/menu/left?menuNo=40", parameters={masked}
2026-03-16 17:03:05 [http-nio-8080-exec-12] TRACE o.s.w.s.m.m.a.RequestMappingHandlerMapping - Mapped to com.company.project.api.controller.menu.MenuController#getLeftMenu(Long)
2026-03-16 17:03:05 [http-nio-8080-exec-12] INFO  c.c.p.a.c.menu.MenuController - getLeftMenu called with menuNo=40
2026-03-16 17:03:05 [http-nio-8080-exec-12] DEBUG o.s.orm.jpa.JpaTransactionManager - Creating new transaction with name [com.company.project.service.menu.MenuService.getSubMenus]: PROPAGATION_REQUIRED,ISOLATION_DEFAULT,readOnly
2026-03-16 17:03:05 [http-nio-8080-exec-12] DEBUG o.s.orm.jpa.JpaTransactionManager - Opened new EntityManager [SessionImpl(1469440333<open>)] for JPA transaction
2026-03-16 17:03:05 [http-nio-8080-exec-12] DEBUG o.s.orm.jpa.JpaTransactionManager - Exposing JPA transaction as JDBC [org.springframework.orm.jpa.vendor.HibernateJpaDialect$HibernateConnectionHandle@3b49c1c2]
2026-03-16 17:03:05 [http-nio-8080-exec-12] DEBUG org.hibernate.SQL - select m1_0.menu_no,m1_0.menu_dc,m1_0.menu_nm,m1_0.menu_ordr,m1_0.modern_route,m1_0.progrm_file_nm,m1_0.relate_image_nm,m1_0.relate_image_path,m1_0.route_updated_at,m1_0.upper_menu_no from nmenuinfo m1_0 order by m1_0.upper_menu_no,m1_0.menu_ordr
2026-03-16 17:03:05 [http-nio-8080-exec-8] DEBUG o.s.orm.jpa.JpaTransactionManager - Closing JPA EntityManager [SessionImpl(944528431<open>)] after transaction
2026-03-16 17:03:05 [http-nio-8080-exec-8] DEBUG c.c.p.s.jwt.JwtAuthenticationFilter - >>> [JwtFilter] Successfully authenticated user: USRCNFRM_00000000002, Authorities: [ROLE_USER]
2026-03-16 17:03:05 [http-nio-8080-exec-8] DEBUG o.s.web.servlet.DispatcherServlet - GET "/api/v1/menu/left?menuNo=20", parameters={masked}
2026-03-16 17:03:05 [http-nio-8080-exec-8] TRACE o.s.w.s.m.m.a.RequestMappingHandlerMapping - Mapped to com.company.project.api.controller.menu.MenuController#getLeftMenu(Long)
2026-03-16 17:03:05 [http-nio-8080-exec-8] INFO  c.c.p.a.c.menu.MenuController - getLeftMenu called with menuNo=20
2026-03-16 17:03:05 [http-nio-8080-exec-8] DEBUG o.s.orm.jpa.JpaTransactionManager - Creating new transaction with name [com.company.project.service.menu.MenuService.getSubMenus]: PROPAGATION_REQUIRED,ISOLATION_DEFAULT,readOnly
2026-03-16 17:03:05 [http-nio-8080-exec-8] DEBUG o.s.orm.jpa.JpaTransactionManager - Opened new EntityManager [SessionImpl(1544275188<open>)] for JPA transaction
2026-03-16 17:03:05 [http-nio-8080-exec-8] DEBUG o.s.orm.jpa.JpaTransactionManager - Exposing JPA transaction as JDBC [org.springframework.orm.jpa.vendor.HibernateJpaDialect$HibernateConnectionHandle@2d28c9aa]
2026-03-16 17:03:05 [http-nio-8080-exec-8] DEBUG org.hibernate.SQL - select m1_0.menu_no,m1_0.menu_dc,m1_0.menu_nm,m1_0.menu_ordr,m1_0.modern_route,m1_0.progrm_file_nm,m1_0.relate_image_nm,m1_0.relate_image_path,m1_0.route_updated_at,m1_0.upper_menu_no from nmenuinfo m1_0 order by m1_0.upper_menu_no,m1_0.menu_ordr
2026-03-16 17:03:05 [http-nio-8080-exec-2] DEBUG o.s.orm.jpa.JpaTransactionManager - Found thread-bound EntityManager [SessionImpl(553981529<open>)] for JPA transaction
2026-03-16 17:03:05 [http-nio-8080-exec-2] DEBUG o.s.orm.jpa.JpaTransactionManager - Participating in existing transaction
2026-03-16 17:03:05 [http-nio-8080-exec-2] DEBUG org.hibernate.SQL - select p1_0.progrm_file_nm,p1_0.progrm_dc,p1_0.progrm_korean_nm,p1_0.progrm_stre_path,p1_0.url from nprogrmlist p1_0
2026-03-16 17:03:05 [http-nio-8080-exec-17] DEBUG o.s.orm.jpa.JpaTransactionManager - Found thread-bound EntityManager [SessionImpl(1709175736<open>)] for JPA transaction
2026-03-16 17:03:05 [http-nio-8080-exec-17] DEBUG o.s.orm.jpa.JpaTransactionManager - Participating in existing transaction
2026-03-16 17:03:05 [http-nio-8080-exec-17] DEBUG org.hibernate.SQL - select p1_0.progrm_file_nm,p1_0.progrm_dc,p1_0.progrm_korean_nm,p1_0.progrm_stre_path,p1_0.url from nprogrmlist p1_0
2026-03-16 17:03:05 [http-nio-8080-exec-9] DEBUG o.s.orm.jpa.JpaTransactionManager - Found thread-bound EntityManager [SessionImpl(776008819<open>)] for JPA transaction
2026-03-16 17:03:05 [http-nio-8080-exec-9] DEBUG o.s.orm.jpa.JpaTransactionManager - Participating in existing transaction
2026-03-16 17:03:05 [http-nio-8080-exec-9] DEBUG org.hibernate.SQL - select p1_0.progrm_file_nm,p1_0.progrm_dc,p1_0.progrm_korean_nm,p1_0.progrm_stre_path,p1_0.url from nprogrmlist p1_0
2026-03-16 17:03:05 [http-nio-8080-exec-12] DEBUG o.s.orm.jpa.JpaTransactionManager - Found thread-bound EntityManager [SessionImpl(1469440333<open>)] for JPA transaction
2026-03-16 17:03:05 [http-nio-8080-exec-12] DEBUG o.s.orm.jpa.JpaTransactionManager - Participating in existing transaction
2026-03-16 17:03:05 [http-nio-8080-exec-12] DEBUG org.hibernate.SQL - select p1_0.progrm_file_nm,p1_0.progrm_dc,p1_0.progrm_korean_nm,p1_0.progrm_stre_path,p1_0.url from nprogrmlist p1_0
2026-03-16 17:03:05 [http-nio-8080-exec-8] DEBUG o.s.orm.jpa.JpaTransactionManager - Found thread-bound EntityManager [SessionImpl(1544275188<open>)] for JPA transaction
2026-03-16 17:03:05 [http-nio-8080-exec-8] DEBUG o.s.orm.jpa.JpaTransactionManager - Participating in existing transaction
2026-03-16 17:03:05 [http-nio-8080-exec-8] DEBUG org.hibernate.SQL - select p1_0.progrm_file_nm,p1_0.progrm_dc,p1_0.progrm_korean_nm,p1_0.progrm_stre_path,p1_0.url from nprogrmlist p1_0
2026-03-16 17:03:06 [http-nio-8080-exec-2] DEBUG o.s.orm.jpa.JpaTransactionManager - Initiating transaction commit
2026-03-16 17:03:06 [http-nio-8080-exec-2] DEBUG o.s.orm.jpa.JpaTransactionManager - Committing JPA transaction on EntityManager [SessionImpl(553981529<open>)]
2026-03-16 17:03:06 [http-nio-8080-exec-17] DEBUG o.s.orm.jpa.JpaTransactionManager - Initiating transaction commit
2026-03-16 17:03:06 [http-nio-8080-exec-17] DEBUG o.s.orm.jpa.JpaTransactionManager - Committing JPA transaction on EntityManager [SessionImpl(1709175736<open>)]
2026-03-16 17:03:06 [http-nio-8080-exec-9] DEBUG o.s.orm.jpa.JpaTransactionManager - Initiating transaction commit
2026-03-16 17:03:06 [http-nio-8080-exec-9] DEBUG o.s.orm.jpa.JpaTransactionManager - Committing JPA transaction on EntityManager [SessionImpl(776008819<open>)]
2026-03-16 17:03:06 [http-nio-8080-exec-12] DEBUG o.s.orm.jpa.JpaTransactionManager - Initiating transaction commit
2026-03-16 17:03:06 [http-nio-8080-exec-12] DEBUG o.s.orm.jpa.JpaTransactionManager - Committing JPA transaction on EntityManager [SessionImpl(1469440333<open>)]
2026-03-16 17:03:06 [http-nio-8080-exec-8] DEBUG o.s.orm.jpa.JpaTransactionManager - Initiating transaction commit
2026-03-16 17:03:06 [http-nio-8080-exec-8] DEBUG o.s.orm.jpa.JpaTransactionManager - Committing JPA transaction on EntityManager [SessionImpl(1544275188<open>)]
2026-03-16 17:03:06 [http-nio-8080-exec-2] DEBUG o.s.orm.jpa.JpaTransactionManager - Closing JPA EntityManager [SessionImpl(553981529<open>)] after transaction
2026-03-16 17:03:06 [http-nio-8080-exec-2] INFO  c.c.p.a.c.menu.MenuController - getLeftMenu returned 5 items
2026-03-16 17:03:06 [http-nio-8080-exec-2] DEBUG o.s.w.s.m.m.a.HttpEntityMethodProcessor - Using 'application/json', given [application/json, text/plain, */*] and supported [application/json, application/*+json, application/yaml]
2026-03-16 17:03:06 [http-nio-8080-exec-2] TRACE o.s.w.s.m.m.a.HttpEntityMethodProcessor - Writing [ApiResponse[success=true, status=200, code=COMMON_001, message=Success, data={list=[com.company.project.service.menu.dto.MenuDto@3efd9240, com.company.project.service.menu.dto.MenuDto@38ebe1b, com.company.project.service.menu.dto.MenuDto@18c04ec9, com.company.project.service.menu.dto.MenuDto@3885b451, com.company.project.service.menu.dto.MenuDto@6ab85e93]}, timestamp=2026-03-16T17:03:06.202978600]]
2026-03-16 17:03:06 [http-nio-8080-exec-2] INFO  c.c.p.a.i.OperationalAuditInterceptor - API Audit Log: URL=/api/v1/menu/left, User=user_regular, IP=0:0:0:0:0:0:0:1
2026-03-16 17:03:06 [http-nio-8080-exec-2] DEBUG o.s.web.servlet.DispatcherServlet - Completed 200 OK
2026-03-16 17:03:06 [http-nio-8080-exec-17] DEBUG o.s.orm.jpa.JpaTransactionManager - Closing JPA EntityManager [SessionImpl(1709175736<open>)] after transaction
2026-03-16 17:03:06 [http-nio-8080-exec-9] DEBUG o.s.orm.jpa.JpaTransactionManager - Closing JPA EntityManager [SessionImpl(776008819<open>)] after transaction
2026-03-16 17:03:06 [http-nio-8080-exec-17] INFO  c.c.p.a.c.menu.MenuController - getLeftMenu returned 3 items
2026-03-16 17:03:06 [http-nio-8080-exec-9] INFO  c.c.p.a.c.menu.MenuController - getLeftMenu returned 1 items
2026-03-16 17:03:06 [http-nio-8080-exec-17] DEBUG o.s.w.s.m.m.a.HttpEntityMethodProcessor - Using 'application/json', given [application/json, text/plain, */*] and supported [application/json, application/*+json, application/yaml]
2026-03-16 17:03:06 [http-nio-8080-exec-17] TRACE o.s.w.s.m.m.a.HttpEntityMethodProcessor - Writing [ApiResponse[success=true, status=200, code=COMMON_001, message=Success, data={list=[com.company.project.service.menu.dto.MenuDto@5b83d79f, com.company.project.service.menu.dto.MenuDto@3c48d0d7, com.company.project.service.menu.dto.MenuDto@74908a86]}, timestamp=2026-03-16T17:03:06.214986300]]
2026-03-16 17:03:06 [http-nio-8080-exec-9] DEBUG o.s.w.s.m.m.a.HttpEntityMethodProcessor - Using 'application/json', given [application/json, text/plain, */*] and supported [application/json, application/*+json, application/yaml]
2026-03-16 17:03:06 [http-nio-8080-exec-9] TRACE o.s.w.s.m.m.a.HttpEntityMethodProcessor - Writing [ApiResponse[success=true, status=200, code=COMMON_001, message=Success, data={list=[com.company.project.service.menu.dto.MenuDto@15ec3a03]}, timestamp=2026-03-16T17:03:06.214986300]]
2026-03-16 17:03:06 [http-nio-8080-exec-17] INFO  c.c.p.a.i.OperationalAuditInterceptor - API Audit Log: URL=/api/v1/menu/left, User=user_regular, IP=0:0:0:0:0:0:0:1
2026-03-16 17:03:06 [http-nio-8080-exec-17] DEBUG o.s.web.servlet.DispatcherServlet - Completed 200 OK
2026-03-16 17:03:06 [http-nio-8080-exec-9] INFO  c.c.p.a.i.OperationalAuditInterceptor - API Audit Log: URL=/api/v1/menu/left, User=user_regular, IP=0:0:0:0:0:0:0:1
2026-03-16 17:03:06 [http-nio-8080-exec-9] DEBUG o.s.web.servlet.DispatcherServlet - Completed 200 OK
2026-03-16 17:03:06 [http-nio-8080-exec-12] DEBUG o.s.orm.jpa.JpaTransactionManager - Closing JPA EntityManager [SessionImpl(1469440333<open>)] after transaction
2026-03-16 17:03:06 [http-nio-8080-exec-8] DEBUG o.s.orm.jpa.JpaTransactionManager - Closing JPA EntityManager [SessionImpl(1544275188<open>)] after transaction
2026-03-16 17:03:06 [http-nio-8080-exec-12] INFO  c.c.p.a.c.menu.MenuController - getLeftMenu returned 2 items
2026-03-16 17:03:06 [http-nio-8080-exec-8] INFO  c.c.p.a.c.menu.MenuController - getLeftMenu returned 3 items
2026-03-16 17:03:06 [http-nio-8080-exec-8] DEBUG o.s.w.s.m.m.a.HttpEntityMethodProcessor - Using 'application/json', given [application/json, text/plain, */*] and supported [application/json, application/*+json, application/yaml]
2026-03-16 17:03:06 [http-nio-8080-exec-12] DEBUG o.s.w.s.m.m.a.HttpEntityMethodProcessor - Using 'application/json', given [application/json, text/plain, */*] and supported [application/json, application/*+json, application/yaml]
2026-03-16 17:03:06 [http-nio-8080-exec-8] TRACE o.s.w.s.m.m.a.HttpEntityMethodProcessor - Writing [ApiResponse[success=true, status=200, code=COMMON_001, message=Success, data={list=[com.company.project.service.menu.dto.MenuDto@741253e0, com.company.project.service.menu.dto.MenuDto@20684133, com.company.project.service.menu.dto.MenuDto@dbe8236]}, timestamp=2026-03-16T17:03:06.258527200]]
2026-03-16 17:03:06 [http-nio-8080-exec-12] TRACE o.s.w.s.m.m.a.HttpEntityMethodProcessor - Writing [ApiResponse[success=true, status=200, code=COMMON_001, message=Success, data={list=[com.company.project.service.menu.dto.MenuDto@46779e29, com.company.project.service.menu.dto.MenuDto@4f5a90a9]}, timestamp=2026-03-16T17:03:06.258527200]]
2026-03-16 17:03:06 [http-nio-8080-exec-8] INFO  c.c.p.a.i.OperationalAuditInterceptor - API Audit Log: URL=/api/v1/menu/left, User=user_regular, IP=0:0:0:0:0:0:0:1
2026-03-16 17:03:06 [http-nio-8080-exec-12] INFO  c.c.p.a.i.OperationalAuditInterceptor - API Audit Log: URL=/api/v1/menu/left, User=user_regular, IP=0:0:0:0:0:0:0:1
2026-03-16 17:03:06 [http-nio-8080-exec-8] DEBUG o.s.web.servlet.DispatcherServlet - Completed 200 OK
2026-03-16 17:03:06 [http-nio-8080-exec-12] DEBUG o.s.web.servlet.DispatcherServlet - Completed 200 OK
2026-03-16 17:03:06 [MessageBroker-11] DEBUG o.s.w.s.s.t.h.DefaultSockJsService - Closed 2 sessions: [qh4143bw, wi25rqwe]
2026-03-16 17:03:06 [http-nio-8080-exec-11] DEBUG c.c.p.s.jwt.JwtAuthenticationFilter - >>> [JwtFilter] Processing request: GET /api/v1/menu/left
2026-03-16 17:03:06 [http-nio-8080-exec-19] DEBUG c.c.p.s.jwt.JwtAuthenticationFilter - >>> [JwtFilter] Processing request: GET /api/v1/auth/me
2026-03-16 17:03:06 [http-nio-8080-exec-16] DEBUG c.c.p.s.jwt.JwtAuthenticationFilter - >>> [JwtFilter] Processing request: GET /api/v1/menu/head
2026-03-16 17:03:06 [http-nio-8080-exec-11] DEBUG c.c.p.s.jwt.JwtAuthenticationFilter - >>> [JwtFilter] Found token in header for path: /api/v1/menu/left
2026-03-16 17:03:06 [http-nio-8080-exec-19] DEBUG c.c.p.s.jwt.JwtAuthenticationFilter - >>> [JwtFilter] Found token in header for path: /api/v1/auth/me
2026-03-16 17:03:06 [http-nio-8080-exec-16] DEBUG c.c.p.s.jwt.JwtAuthenticationFilter - >>> [JwtFilter] Found token in header for path: /api/v1/menu/head
2026-03-16 17:03:06 [http-nio-8080-exec-11] DEBUG o.s.orm.jpa.JpaTransactionManager - Creating new transaction with name [com.company.project.security.iam.CustomUserDetailsService.loadUserByUsername]: PROPAGATION_REQUIRED,ISOLATION_DEFAULT,readOnly
2026-03-16 17:03:06 [http-nio-8080-exec-16] DEBUG o.s.orm.jpa.JpaTransactionManager - Creating new transaction with name [com.company.project.security.iam.CustomUserDetailsService.loadUserByUsername]: PROPAGATION_REQUIRED,ISOLATION_DEFAULT,readOnly
2026-03-16 17:03:06 [http-nio-8080-exec-11] DEBUG o.s.orm.jpa.JpaTransactionManager - Opened new EntityManager [SessionImpl(1745638292<open>)] for JPA transaction
2026-03-16 17:03:06 [http-nio-8080-exec-16] DEBUG o.s.orm.jpa.JpaTransactionManager - Opened new EntityManager [SessionImpl(358964287<open>)] for JPA transaction
2026-03-16 17:03:06 [http-nio-8080-exec-19] DEBUG o.s.orm.jpa.JpaTransactionManager - Creating new transaction with name [com.company.project.security.iam.CustomUserDetailsService.loadUserByUsername]: PROPAGATION_REQUIRED,ISOLATION_DEFAULT,readOnly
2026-03-16 17:03:06 [http-nio-8080-exec-11] DEBUG o.s.orm.jpa.JpaTransactionManager - Exposing JPA transaction as JDBC [org.springframework.orm.jpa.vendor.HibernateJpaDialect$HibernateConnectionHandle@2f631d1e]
2026-03-16 17:03:06 [http-nio-8080-exec-11] DEBUG o.s.orm.jpa.JpaTransactionManager - Found thread-bound EntityManager [SessionImpl(1745638292<open>)] for JPA transaction
2026-03-16 17:03:06 [http-nio-8080-exec-19] DEBUG o.s.orm.jpa.JpaTransactionManager - Opened new EntityManager [SessionImpl(1465312076<open>)] for JPA transaction
2026-03-16 17:03:06 [http-nio-8080-exec-11] DEBUG o.s.orm.jpa.JpaTransactionManager - Participating in existing transaction
2026-03-16 17:03:06 [http-nio-8080-exec-19] DEBUG o.s.orm.jpa.JpaTransactionManager - Exposing JPA transaction as JDBC [org.springframework.orm.jpa.vendor.HibernateJpaDialect$HibernateConnectionHandle@72c1ef2f]
2026-03-16 17:03:06 [http-nio-8080-exec-19] DEBUG o.s.orm.jpa.JpaTransactionManager - Found thread-bound EntityManager [SessionImpl(1465312076<open>)] for JPA transaction
2026-03-16 17:03:06 [http-nio-8080-exec-19] DEBUG o.s.orm.jpa.JpaTransactionManager - Participating in existing transaction
2026-03-16 17:03:06 [http-nio-8080-exec-19] DEBUG org.hibernate.SQL - select u1_0.emplyr_id,u1_0.area_no,u1_0.brthdy,u1_0.chg_pwd_cnt,u1_0.frst_register_id,u1_0.frst_regist_pnttm,u1_0.detail_adres,u1_0.email_adres,u1_0.emplyr_sttus_code,u1_0.empl_no,u1_0.esntl_id,u1_0.fxnum,u1_0.group_id,u1_0.house_adres,u1_0.house_end_telno,u1_0.house_middle_telno,u1_0.ihidnum,u1_0.pstinst_code,u1_0.last_updusr_id,u1_0.last_updt_pnttm,u1_0.lock_at,u1_0.lock_cnt,u1_0.lock_last_pnttm,u1_0.mbtlnum,u1_0.ofcps_nm,u1_0.offm_telno,u1_0.orgnzt_id,u1_0.password,u1_0.password_cnsr,u1_0.password_hint,u1_0.chg_pwd_last_pnttm,u1_0.role,u1_0.sbscrb_de,u1_0.sexdstn_code,u1_0.crtfc_dn_value,u1_0.user_nm,u1_0.zip from nemplyrinfo u1_0 where u1_0.emplyr_id=?
2026-03-16 17:03:06 [http-nio-8080-exec-11] DEBUG org.hibernate.SQL - select u1_0.emplyr_id,u1_0.area_no,u1_0.brthdy,u1_0.chg_pwd_cnt,u1_0.frst_register_id,u1_0.frst_regist_pnttm,u1_0.detail_adres,u1_0.email_adres,u1_0.emplyr_sttus_code,u1_0.empl_no,u1_0.esntl_id,u1_0.fxnum,u1_0.group_id,u1_0.house_adres,u1_0.house_end_telno,u1_0.house_middle_telno,u1_0.ihidnum,u1_0.pstinst_code,u1_0.last_updusr_id,u1_0.last_updt_pnttm,u1_0.lock_at,u1_0.lock_cnt,u1_0.lock_last_pnttm,u1_0.mbtlnum,u1_0.ofcps_nm,u1_0.offm_telno,u1_0.orgnzt_id,u1_0.password,u1_0.password_cnsr,u1_0.password_hint,u1_0.chg_pwd_last_pnttm,u1_0.role,u1_0.sbscrb_de,u1_0.sexdstn_code,u1_0.crtfc_dn_value,u1_0.user_nm,u1_0.zip from nemplyrinfo u1_0 where u1_0.emplyr_id=?
2026-03-16 17:03:06 [http-nio-8080-exec-16] DEBUG o.s.orm.jpa.JpaTransactionManager - Exposing JPA transaction as JDBC [org.springframework.orm.jpa.vendor.HibernateJpaDialect$HibernateConnectionHandle@4aa99aab]
2026-03-16 17:03:06 [http-nio-8080-exec-16] DEBUG o.s.orm.jpa.JpaTransactionManager - Found thread-bound EntityManager [SessionImpl(358964287<open>)] for JPA transaction
2026-03-16 17:03:06 [http-nio-8080-exec-16] DEBUG o.s.orm.jpa.JpaTransactionManager - Participating in existing transaction
2026-03-16 17:03:06 [http-nio-8080-exec-16] DEBUG org.hibernate.SQL - select u1_0.emplyr_id,u1_0.area_no,u1_0.brthdy,u1_0.chg_pwd_cnt,u1_0.frst_register_id,u1_0.frst_regist_pnttm,u1_0.detail_adres,u1_0.email_adres,u1_0.emplyr_sttus_code,u1_0.empl_no,u1_0.esntl_id,u1_0.fxnum,u1_0.group_id,u1_0.house_adres,u1_0.house_end_telno,u1_0.house_middle_telno,u1_0.ihidnum,u1_0.pstinst_code,u1_0.last_updusr_id,u1_0.last_updt_pnttm,u1_0.lock_at,u1_0.lock_cnt,u1_0.lock_last_pnttm,u1_0.mbtlnum,u1_0.ofcps_nm,u1_0.offm_telno,u1_0.orgnzt_id,u1_0.password,u1_0.password_cnsr,u1_0.password_hint,u1_0.chg_pwd_last_pnttm,u1_0.role,u1_0.sbscrb_de,u1_0.sexdstn_code,u1_0.crtfc_dn_value,u1_0.user_nm,u1_0.zip from nemplyrinfo u1_0 where u1_0.emplyr_id=?
2026-03-16 17:03:06 [http-nio-8080-exec-19] DEBUG o.s.orm.jpa.JpaTransactionManager - Found thread-bound EntityManager [SessionImpl(1465312076<open>)] for JPA transaction
2026-03-16 17:03:06 [http-nio-8080-exec-19] DEBUG o.s.orm.jpa.JpaTransactionManager - Participating in existing transaction
2026-03-16 17:03:06 [http-nio-8080-exec-19] DEBUG org.hibernate.SQL - select ua1_0.scrty_dtrmn_trget_id,ua1_0.author_code,ua1_0.frst_register_id,ua1_0.frst_regist_pnttm,ua1_0.last_updusr_id,ua1_0.last_updt_pnttm,ua1_0.mber_ty_code from nemplyrscrtyestbs ua1_0 where ua1_0.scrty_dtrmn_trget_id=?
2026-03-16 17:03:06 [http-nio-8080-exec-11] DEBUG o.s.orm.jpa.JpaTransactionManager - Found thread-bound EntityManager [SessionImpl(1745638292<open>)] for JPA transaction
2026-03-16 17:03:06 [http-nio-8080-exec-11] DEBUG o.s.orm.jpa.JpaTransactionManager - Participating in existing transaction
2026-03-16 17:03:06 [http-nio-8080-exec-11] DEBUG org.hibernate.SQL - select ua1_0.scrty_dtrmn_trget_id,ua1_0.author_code,ua1_0.frst_register_id,ua1_0.frst_regist_pnttm,ua1_0.last_updusr_id,ua1_0.last_updt_pnttm,ua1_0.mber_ty_code from nemplyrscrtyestbs ua1_0 where ua1_0.scrty_dtrmn_trget_id=?
2026-03-16 17:03:07 [http-nio-8080-exec-16] DEBUG o.s.orm.jpa.JpaTransactionManager - Found thread-bound EntityManager [SessionImpl(358964287<open>)] for JPA transaction
2026-03-16 17:03:07 [http-nio-8080-exec-16] DEBUG o.s.orm.jpa.JpaTransactionManager - Participating in existing transaction
2026-03-16 17:03:07 [http-nio-8080-exec-16] DEBUG org.hibernate.SQL - select ua1_0.scrty_dtrmn_trget_id,ua1_0.author_code,ua1_0.frst_register_id,ua1_0.frst_regist_pnttm,ua1_0.last_updusr_id,ua1_0.last_updt_pnttm,ua1_0.mber_ty_code from nemplyrscrtyestbs ua1_0 where ua1_0.scrty_dtrmn_trget_id=?
2026-03-16 17:03:07 [http-nio-8080-exec-19] DEBUG o.s.orm.jpa.JpaTransactionManager - Initiating transaction commit
2026-03-16 17:03:07 [http-nio-8080-exec-19] DEBUG o.s.orm.jpa.JpaTransactionManager - Committing JPA transaction on EntityManager [SessionImpl(1465312076<open>)]
2026-03-16 17:03:07 [http-nio-8080-exec-11] DEBUG o.s.orm.jpa.JpaTransactionManager - Initiating transaction commit
2026-03-16 17:03:07 [http-nio-8080-exec-11] DEBUG o.s.orm.jpa.JpaTransactionManager - Committing JPA transaction on EntityManager [SessionImpl(1745638292<open>)]
2026-03-16 17:03:07 [http-nio-8080-exec-19] DEBUG o.s.orm.jpa.JpaTransactionManager - Closing JPA EntityManager [SessionImpl(1465312076<open>)] after transaction
2026-03-16 17:03:07 [http-nio-8080-exec-19] DEBUG c.c.p.s.jwt.JwtAuthenticationFilter - >>> [JwtFilter] Successfully authenticated user: USRCNFRM_00000000002, Authorities: [ROLE_USER]
2026-03-16 17:03:07 [http-nio-8080-exec-19] DEBUG o.s.web.servlet.DispatcherServlet - GET "/api/v1/auth/me", parameters={}
2026-03-16 17:03:07 [http-nio-8080-exec-19] TRACE o.s.w.s.m.m.a.RequestMappingHandlerMapping - Mapped to com.company.project.api.auth.AuthController#getCurrentUser()
2026-03-16 17:03:07 [http-nio-8080-exec-19] DEBUG o.s.w.s.m.m.a.RequestResponseBodyMethodProcessor - Using 'application/json', given [application/json, text/plain, */*] and supported [application/json, application/*+json, application/yaml]
2026-03-16 17:03:07 [http-nio-8080-exec-19] TRACE o.s.w.s.m.m.a.RequestResponseBodyMethodProcessor - Writing [ApiResponse[success=true, status=200, code=COMMON_001, message=Success, data={role=ROLE_USER, userSe=USR, name=일반사용자, id=user_regular}, timestamp=2026-03-16T17:03:07.164571500]]
2026-03-16 17:03:07 [http-nio-8080-exec-19] INFO  c.c.p.a.i.OperationalAuditInterceptor - API Audit Log: URL=/api/v1/auth/me, User=user_regular, IP=127.0.0.1
2026-03-16 17:03:07 [http-nio-8080-exec-19] DEBUG o.s.web.servlet.DispatcherServlet - Completed 200 OK
2026-03-16 17:03:07 [http-nio-8080-exec-11] DEBUG o.s.orm.jpa.JpaTransactionManager - Closing JPA EntityManager [SessionImpl(1745638292<open>)] after transaction
2026-03-16 17:03:07 [http-nio-8080-exec-16] DEBUG o.s.orm.jpa.JpaTransactionManager - Initiating transaction commit
2026-03-16 17:03:07 [http-nio-8080-exec-11] DEBUG c.c.p.s.jwt.JwtAuthenticationFilter - >>> [JwtFilter] Successfully authenticated user: USRCNFRM_00000000002, Authorities: [ROLE_USER]
2026-03-16 17:03:07 [http-nio-8080-exec-16] DEBUG o.s.orm.jpa.JpaTransactionManager - Committing JPA transaction on EntityManager [SessionImpl(358964287<open>)]
2026-03-16 17:03:07 [http-nio-8080-exec-11] DEBUG o.s.web.servlet.DispatcherServlet - GET "/api/v1/menu/left?menuNo=10", parameters={masked}
2026-03-16 17:03:07 [http-nio-8080-exec-11] TRACE o.s.w.s.m.m.a.RequestMappingHandlerMapping - Mapped to com.company.project.api.controller.menu.MenuController#getLeftMenu(Long)
2026-03-16 17:03:07 [http-nio-8080-exec-11] INFO  c.c.p.a.c.menu.MenuController - getLeftMenu called with menuNo=10
2026-03-16 17:03:07 [http-nio-8080-exec-11] DEBUG o.s.orm.jpa.JpaTransactionManager - Creating new transaction with name [com.company.project.service.menu.MenuService.getSubMenus]: PROPAGATION_REQUIRED,ISOLATION_DEFAULT,readOnly
2026-03-16 17:03:07 [http-nio-8080-exec-11] DEBUG o.s.orm.jpa.JpaTransactionManager - Opened new EntityManager [SessionImpl(1677052222<open>)] for JPA transaction
2026-03-16 17:03:07 [http-nio-8080-exec-11] DEBUG o.s.orm.jpa.JpaTransactionManager - Exposing JPA transaction as JDBC [org.springframework.orm.jpa.vendor.HibernateJpaDialect$HibernateConnectionHandle@6ca4f056]
2026-03-16 17:03:07 [http-nio-8080-exec-11] DEBUG org.hibernate.SQL - select m1_0.menu_no,m1_0.menu_dc,m1_0.menu_nm,m1_0.menu_ordr,m1_0.modern_route,m1_0.progrm_file_nm,m1_0.relate_image_nm,m1_0.relate_image_path,m1_0.route_updated_at,m1_0.upper_menu_no from nmenuinfo m1_0 order by m1_0.upper_menu_no,m1_0.menu_ordr
2026-03-16 17:03:07 [http-nio-8080-exec-5] DEBUG c.c.p.s.jwt.JwtAuthenticationFilter - >>> [JwtFilter] Processing request: GET /api/v1/notifications/unread-count
2026-03-16 17:03:07 [http-nio-8080-exec-18] DEBUG c.c.p.s.jwt.JwtAuthenticationFilter - >>> [JwtFilter] Processing request: GET /api/v1/notifications
2026-03-16 17:03:07 [http-nio-8080-exec-18] DEBUG c.c.p.s.jwt.JwtAuthenticationFilter - >>> [JwtFilter] Found token in header for path: /api/v1/notifications
2026-03-16 17:03:07 [http-nio-8080-exec-5] DEBUG c.c.p.s.jwt.JwtAuthenticationFilter - >>> [JwtFilter] Found token in header for path: /api/v1/notifications/unread-count
2026-03-16 17:03:07 [http-nio-8080-exec-18] DEBUG o.s.orm.jpa.JpaTransactionManager - Creating new transaction with name [com.company.project.security.iam.CustomUserDetailsService.loadUserByUsername]: PROPAGATION_REQUIRED,ISOLATION_DEFAULT,readOnly
2026-03-16 17:03:07 [http-nio-8080-exec-18] DEBUG o.s.orm.jpa.JpaTransactionManager - Opened new EntityManager [SessionImpl(1799209170<open>)] for JPA transaction
2026-03-16 17:03:07 [http-nio-8080-exec-10] DEBUG o.s.web.servlet.DispatcherServlet - GET "/ws/info?t=1773648187178", parameters={masked}
2026-03-16 17:03:07 [http-nio-8080-exec-5] DEBUG o.s.orm.jpa.JpaTransactionManager - Creating new transaction with name [com.company.project.security.iam.CustomUserDetailsService.loadUserByUsername]: PROPAGATION_REQUIRED,ISOLATION_DEFAULT,readOnly
2026-03-16 17:03:07 [http-nio-8080-exec-5] DEBUG o.s.orm.jpa.JpaTransactionManager - Opened new EntityManager [SessionImpl(271654508<open>)] for JPA transaction
2026-03-16 17:03:07 [http-nio-8080-exec-10] DEBUG o.s.w.s.s.s.WebSocketHandlerMapping - Mapped to org.springframework.web.socket.sockjs.support.SockJsHttpRequestHandler@3d80b7ba
2026-03-16 17:03:07 [http-nio-8080-exec-10] DEBUG o.s.w.s.s.t.h.DefaultSockJsService - Processing transport request: GET http://localhost:8080/ws/info?t=1773648187178
2026-03-16 17:03:07 [http-nio-8080-exec-10] DEBUG o.s.web.servlet.DispatcherServlet - Completed 200 OK
2026-03-16 17:03:07 [http-nio-8080-exec-3] DEBUG o.s.web.servlet.DispatcherServlet - GET "/ws/992/rwiof0ur/websocket", parameters={}
2026-03-16 17:03:07 [http-nio-8080-exec-3] DEBUG o.s.w.s.s.s.WebSocketHandlerMapping - Mapped to org.springframework.web.socket.sockjs.support.SockJsHttpRequestHandler@3d80b7ba
2026-03-16 17:03:07 [http-nio-8080-exec-3] DEBUG o.s.w.s.s.t.h.DefaultSockJsService - Processing transport request: GET http://localhost:8080/ws/992/rwiof0ur/websocket
2026-03-16 17:03:07 [http-nio-8080-exec-3] DEBUG o.s.web.servlet.DispatcherServlet - Completed 101 SWITCHING_PROTOCOLS
2026-03-16 17:03:07 [http-nio-8080-exec-3] DEBUG o.s.w.s.h.LoggingWebSocketHandlerDecorator - New WebSocketServerSockJsSession[id=rwiof0ur]
2026-03-16 17:03:07 [scheduling-1] DEBUG org.springframework.web.SimpLogging - Processing CONNECT session=rwiof0ur
2026-03-16 17:03:07 [scheduling-1] DEBUG org.springframework.web.SimpLogging - Processing SUBSCRIBE /topic/notices id=sub-0 session=rwiof0ur
2026-03-16 17:03:07 [scheduling-1] DEBUG org.springframework.web.SimpLogging - Processing SUBSCRIBE destination=/queue/notifications-userrwiof0ur subscriptionId=sub-1 session=rwiof0ur payload=byte[0]
2026-03-16 17:03:07 [scheduling-1] DEBUG org.springframework.web.SimpLogging - Processing SUBSCRIBE /topic/public id=sub-2 session=rwiof0ur
2026-03-16 17:03:07 [http-nio-8080-exec-16] DEBUG o.s.orm.jpa.JpaTransactionManager - Closing JPA EntityManager [SessionImpl(358964287<open>)] after transaction
2026-03-16 17:03:07 [http-nio-8080-exec-16] DEBUG c.c.p.s.jwt.JwtAuthenticationFilter - >>> [JwtFilter] Successfully authenticated user: USRCNFRM_00000000002, Authorities: [ROLE_USER]
2026-03-16 17:03:07 [http-nio-8080-exec-16] DEBUG o.s.web.servlet.DispatcherServlet - GET "/api/v1/menu/head", parameters={}
2026-03-16 17:03:07 [http-nio-8080-exec-16] TRACE o.s.w.s.m.m.a.RequestMappingHandlerMapping - Mapped to com.company.project.api.controller.menu.MenuController#getHeadMenu()
2026-03-16 17:03:07 [http-nio-8080-exec-16] INFO  c.c.p.a.c.menu.MenuController - getHeadMenu called
2026-03-16 17:03:07 [http-nio-8080-exec-16] INFO  c.c.p.a.c.menu.MenuController - getHeadMenu returned 5 items
2026-03-16 17:03:07 [http-nio-8080-exec-16] DEBUG o.s.w.s.m.m.a.HttpEntityMethodProcessor - Using 'application/json', given [application/json, text/plain, */*] and supported [application/json, application/*+json, application/yaml]
2026-03-16 17:03:07 [http-nio-8080-exec-16] TRACE o.s.w.s.m.m.a.HttpEntityMethodProcessor - Writing [ApiResponse[success=true, status=200, code=COMMON_001, message=Success, data={list=[com.company.project.service.menu.dto.MenuDto@4839fef0, com.company.project.service.menu.dto.MenuDto@1c69c1c2, com.company.project.service.menu.dto.MenuDto@6f5d2c3d, com.company.project.service.menu.dto.MenuDto@6314b47d, com.company.project.service.menu.dto.MenuDto@645d0891]}, timestamp=2026-03-16T17:03:07.315707]]
2026-03-16 17:03:07 [http-nio-8080-exec-16] INFO  c.c.p.a.i.OperationalAuditInterceptor - API Audit Log: URL=/api/v1/menu/head, User=user_regular, IP=127.0.0.1
2026-03-16 17:03:07 [http-nio-8080-exec-16] DEBUG o.s.web.servlet.DispatcherServlet - Completed 200 OK
2026-03-16 17:03:07 [http-nio-8080-exec-18] DEBUG o.s.orm.jpa.JpaTransactionManager - Exposing JPA transaction as JDBC [org.springframework.orm.jpa.vendor.HibernateJpaDialect$HibernateConnectionHandle@6bffbd0e]
2026-03-16 17:03:07 [http-nio-8080-exec-18] DEBUG o.s.orm.jpa.JpaTransactionManager - Found thread-bound EntityManager [SessionImpl(1799209170<open>)] for JPA transaction
2026-03-16 17:03:07 [http-nio-8080-exec-18] DEBUG o.s.orm.jpa.JpaTransactionManager - Participating in existing transaction
2026-03-16 17:03:07 [http-nio-8080-exec-18] DEBUG org.hibernate.SQL - select u1_0.emplyr_id,u1_0.area_no,u1_0.brthdy,u1_0.chg_pwd_cnt,u1_0.frst_register_id,u1_0.frst_regist_pnttm,u1_0.detail_adres,u1_0.email_adres,u1_0.emplyr_sttus_code,u1_0.empl_no,u1_0.esntl_id,u1_0.fxnum,u1_0.group_id,u1_0.house_adres,u1_0.house_end_telno,u1_0.house_middle_telno,u1_0.ihidnum,u1_0.pstinst_code,u1_0.last_updusr_id,u1_0.last_updt_pnttm,u1_0.lock_at,u1_0.lock_cnt,u1_0.lock_last_pnttm,u1_0.mbtlnum,u1_0.ofcps_nm,u1_0.offm_telno,u1_0.orgnzt_id,u1_0.password,u1_0.password_cnsr,u1_0.password_hint,u1_0.chg_pwd_last_pnttm,u1_0.role,u1_0.sbscrb_de,u1_0.sexdstn_code,u1_0.crtfc_dn_value,u1_0.user_nm,u1_0.zip from nemplyrinfo u1_0 where u1_0.emplyr_id=?
2026-03-16 17:03:07 [http-nio-8080-exec-5] DEBUG o.s.orm.jpa.JpaTransactionManager - Exposing JPA transaction as JDBC [org.springframework.orm.jpa.vendor.HibernateJpaDialect$HibernateConnectionHandle@7087e42d]
2026-03-16 17:03:07 [http-nio-8080-exec-5] DEBUG o.s.orm.jpa.JpaTransactionManager - Found thread-bound EntityManager [SessionImpl(271654508<open>)] for JPA transaction
2026-03-16 17:03:07 [http-nio-8080-exec-5] DEBUG o.s.orm.jpa.JpaTransactionManager - Participating in existing transaction
2026-03-16 17:03:07 [http-nio-8080-exec-5] DEBUG org.hibernate.SQL - select u1_0.emplyr_id,u1_0.area_no,u1_0.brthdy,u1_0.chg_pwd_cnt,u1_0.frst_register_id,u1_0.frst_regist_pnttm,u1_0.detail_adres,u1_0.email_adres,u1_0.emplyr_sttus_code,u1_0.empl_no,u1_0.esntl_id,u1_0.fxnum,u1_0.group_id,u1_0.house_adres,u1_0.house_end_telno,u1_0.house_middle_telno,u1_0.ihidnum,u1_0.pstinst_code,u1_0.last_updusr_id,u1_0.last_updt_pnttm,u1_0.lock_at,u1_0.lock_cnt,u1_0.lock_last_pnttm,u1_0.mbtlnum,u1_0.ofcps_nm,u1_0.offm_telno,u1_0.orgnzt_id,u1_0.password,u1_0.password_cnsr,u1_0.password_hint,u1_0.chg_pwd_last_pnttm,u1_0.role,u1_0.sbscrb_de,u1_0.sexdstn_code,u1_0.crtfc_dn_value,u1_0.user_nm,u1_0.zip from nemplyrinfo u1_0 where u1_0.emplyr_id=?
2026-03-16 17:03:07 [http-nio-8080-exec-11] DEBUG o.s.orm.jpa.JpaTransactionManager - Found thread-bound EntityManager [SessionImpl(1677052222<open>)] for JPA transaction
2026-03-16 17:03:07 [http-nio-8080-exec-11] DEBUG o.s.orm.jpa.JpaTransactionManager - Participating in existing transaction
2026-03-16 17:03:07 [http-nio-8080-exec-11] DEBUG org.hibernate.SQL - select p1_0.progrm_file_nm,p1_0.progrm_dc,p1_0.progrm_korean_nm,p1_0.progrm_stre_path,p1_0.url from nprogrmlist p1_0
2026-03-16 17:03:07 [http-nio-8080-exec-18] DEBUG o.s.orm.jpa.JpaTransactionManager - Found thread-bound EntityManager [SessionImpl(1799209170<open>)] for JPA transaction
2026-03-16 17:03:07 [http-nio-8080-exec-18] DEBUG o.s.orm.jpa.JpaTransactionManager - Participating in existing transaction
2026-03-16 17:03:07 [http-nio-8080-exec-18] DEBUG org.hibernate.SQL - select ua1_0.scrty_dtrmn_trget_id,ua1_0.author_code,ua1_0.frst_register_id,ua1_0.frst_regist_pnttm,ua1_0.last_updusr_id,ua1_0.last_updt_pnttm,ua1_0.mber_ty_code from nemplyrscrtyestbs ua1_0 where ua1_0.scrty_dtrmn_trget_id=?
2026-03-16 17:03:07 [http-nio-8080-exec-5] DEBUG o.s.orm.jpa.JpaTransactionManager - Found thread-bound EntityManager [SessionImpl(271654508<open>)] for JPA transaction
2026-03-16 17:03:07 [http-nio-8080-exec-5] DEBUG o.s.orm.jpa.JpaTransactionManager - Participating in existing transaction
2026-03-16 17:03:07 [http-nio-8080-exec-5] DEBUG org.hibernate.SQL - select ua1_0.scrty_dtrmn_trget_id,ua1_0.author_code,ua1_0.frst_register_id,ua1_0.frst_regist_pnttm,ua1_0.last_updusr_id,ua1_0.last_updt_pnttm,ua1_0.mber_ty_code from nemplyrscrtyestbs ua1_0 where ua1_0.scrty_dtrmn_trget_id=?
2026-03-16 17:03:07 [http-nio-8080-exec-11] DEBUG o.s.orm.jpa.JpaTransactionManager - Initiating transaction commit
2026-03-16 17:03:07 [http-nio-8080-exec-11] DEBUG o.s.orm.jpa.JpaTransactionManager - Committing JPA transaction on EntityManager [SessionImpl(1677052222<open>)]
2026-03-16 17:03:07 [http-nio-8080-exec-18] DEBUG o.s.orm.jpa.JpaTransactionManager - Initiating transaction commit
2026-03-16 17:03:07 [http-nio-8080-exec-18] DEBUG o.s.orm.jpa.JpaTransactionManager - Committing JPA transaction on EntityManager [SessionImpl(1799209170<open>)]
2026-03-16 17:03:07 [http-nio-8080-exec-5] DEBUG o.s.orm.jpa.JpaTransactionManager - Initiating transaction commit
2026-03-16 17:03:07 [http-nio-8080-exec-5] DEBUG o.s.orm.jpa.JpaTransactionManager - Committing JPA transaction on EntityManager [SessionImpl(271654508<open>)]
2026-03-16 17:03:07 [http-nio-8080-exec-11] DEBUG o.s.orm.jpa.JpaTransactionManager - Closing JPA EntityManager [SessionImpl(1677052222<open>)] after transaction
2026-03-16 17:03:07 [http-nio-8080-exec-11] INFO  c.c.p.a.c.menu.MenuController - getLeftMenu returned 5 items
2026-03-16 17:03:07 [http-nio-8080-exec-11] DEBUG o.s.w.s.m.m.a.HttpEntityMethodProcessor - Using 'application/json', given [application/json, text/plain, */*] and supported [application/json, application/*+json, application/yaml]
2026-03-16 17:03:07 [http-nio-8080-exec-11] TRACE o.s.w.s.m.m.a.HttpEntityMethodProcessor - Writing [ApiResponse[success=true, status=200, code=COMMON_001, message=Success, data={list=[com.company.project.service.menu.dto.MenuDto@2ed87029, com.company.project.service.menu.dto.MenuDto@498b7160, com.company.project.service.menu.dto.MenuDto@1c408b56, com.company.project.service.menu.dto.MenuDto@690a8afe, com.company.project.service.menu.dto.MenuDto@4bee6ce]}, timestamp=2026-03-16T17:03:07.780096100]]
2026-03-16 17:03:07 [http-nio-8080-exec-11] INFO  c.c.p.a.i.OperationalAuditInterceptor - API Audit Log: URL=/api/v1/menu/left, User=user_regular, IP=127.0.0.1
2026-03-16 17:03:07 [http-nio-8080-exec-11] DEBUG o.s.web.servlet.DispatcherServlet - Completed 200 OK
2026-03-16 17:03:07 [http-nio-8080-exec-6] DEBUG c.c.p.s.jwt.JwtAuthenticationFilter - >>> [JwtFilter] Processing request: GET /api/v1/menu/left
2026-03-16 17:03:07 [http-nio-8080-exec-6] DEBUG c.c.p.s.jwt.JwtAuthenticationFilter - >>> [JwtFilter] Found token in header for path: /api/v1/menu/left
2026-03-16 17:03:07 [http-nio-8080-exec-6] DEBUG o.s.orm.jpa.JpaTransactionManager - Creating new transaction with name [com.company.project.security.iam.CustomUserDetailsService.loadUserByUsername]: PROPAGATION_REQUIRED,ISOLATION_DEFAULT,readOnly
2026-03-16 17:03:07 [http-nio-8080-exec-6] DEBUG o.s.orm.jpa.JpaTransactionManager - Opened new EntityManager [SessionImpl(656185689<open>)] for JPA transaction
2026-03-16 17:03:07 [http-nio-8080-exec-18] DEBUG o.s.orm.jpa.JpaTransactionManager - Closing JPA EntityManager [SessionImpl(1799209170<open>)] after transaction
2026-03-16 17:03:07 [http-nio-8080-exec-18] DEBUG c.c.p.s.jwt.JwtAuthenticationFilter - >>> [JwtFilter] Successfully authenticated user: USRCNFRM_00000000002, Authorities: [ROLE_USER]
2026-03-16 17:03:07 [http-nio-8080-exec-18] DEBUG o.s.web.servlet.DispatcherServlet - GET "/api/v1/notifications", parameters={}
2026-03-16 17:03:07 [http-nio-8080-exec-18] TRACE o.s.w.s.m.m.a.RequestMappingHandlerMapping - Mapped to com.company.project.api.controller.notification.NotificationController#getMyNotifications(UserDetails)
2026-03-16 17:03:07 [http-nio-8080-exec-18] DEBUG o.s.orm.jpa.JpaTransactionManager - Creating new transaction with name [com.company.project.service.notification.NotificationService.getActiveNotifications]: PROPAGATION_REQUIRED,ISOLATION_DEFAULT,readOnly
2026-03-16 17:03:07 [http-nio-8080-exec-18] DEBUG o.s.orm.jpa.JpaTransactionManager - Opened new EntityManager [SessionImpl(1657668848<open>)] for JPA transaction
2026-03-16 17:03:07 [http-nio-8080-exec-18] DEBUG o.s.orm.jpa.JpaTransactionManager - Exposing JPA transaction as JDBC [org.springframework.orm.jpa.vendor.HibernateJpaDialect$HibernateConnectionHandle@1f2ac629]
2026-03-16 17:03:07 [http-nio-8080-exec-18] DEBUG o.s.orm.jpa.JpaTransactionManager - Found thread-bound EntityManager [SessionImpl(1657668848<open>)] for JPA transaction
2026-03-16 17:03:07 [http-nio-8080-exec-18] DEBUG o.s.orm.jpa.JpaTransactionManager - Participating in existing transaction
2026-03-16 17:03:07 [http-nio-8080-exec-18] DEBUG org.hibernate.SQL - select n1_0.ntcn_no,n1_0.frst_register_id,n1_0.frst_regist_pnttm,n1_0.is_read,n1_0.last_updusr_id,n1_0.last_updt_pnttm,n1_0.link_url,n1_0.ntcn_cn,n1_0.ntcn_sj,n1_0.receiver_id from n_user_notification n1_0
2026-03-16 17:03:07 [http-nio-8080-exec-5] DEBUG o.s.orm.jpa.JpaTransactionManager - Closing JPA EntityManager [SessionImpl(271654508<open>)] after transaction
2026-03-16 17:03:07 [http-nio-8080-exec-5] DEBUG c.c.p.s.jwt.JwtAuthenticationFilter - >>> [JwtFilter] Successfully authenticated user: USRCNFRM_00000000002, Authorities: [ROLE_USER]
2026-03-16 17:03:07 [http-nio-8080-exec-5] DEBUG o.s.web.servlet.DispatcherServlet - GET "/api/v1/notifications/unread-count", parameters={}
2026-03-16 17:03:07 [http-nio-8080-exec-5] TRACE o.s.w.s.m.m.a.RequestMappingHandlerMapping - Mapped to com.company.project.api.controller.notification.NotificationController#getUnreadCount(UserDetails)
2026-03-16 17:03:07 [http-nio-8080-exec-5] DEBUG o.s.orm.jpa.JpaTransactionManager - Creating new transaction with name [com.company.project.service.notification.NotificationService.getUnreadCount]: PROPAGATION_REQUIRED,ISOLATION_DEFAULT,readOnly
2026-03-16 17:03:07 [http-nio-8080-exec-5] DEBUG o.s.orm.jpa.JpaTransactionManager - Opened new EntityManager [SessionImpl(1655641395<open>)] for JPA transaction
2026-03-16 17:03:07 [http-nio-8080-exec-5] DEBUG o.s.orm.jpa.JpaTransactionManager - Exposing JPA transaction as JDBC [org.springframework.orm.jpa.vendor.HibernateJpaDialect$HibernateConnectionHandle@4cb2e3ff]
2026-03-16 17:03:07 [http-nio-8080-exec-5] DEBUG org.hibernate.SQL - select count(n1_0.ntcn_no) from n_user_notification n1_0 where n1_0.receiver_id=? and n1_0.is_read=?
2026-03-16 17:03:07 [http-nio-8080-exec-6] DEBUG o.s.orm.jpa.JpaTransactionManager - Exposing JPA transaction as JDBC [org.springframework.orm.jpa.vendor.HibernateJpaDialect$HibernateConnectionHandle@17eb2eb]
2026-03-16 17:03:07 [http-nio-8080-exec-6] DEBUG o.s.orm.jpa.JpaTransactionManager - Found thread-bound EntityManager [SessionImpl(656185689<open>)] for JPA transaction
2026-03-16 17:03:07 [http-nio-8080-exec-6] DEBUG o.s.orm.jpa.JpaTransactionManager - Participating in existing transaction
2026-03-16 17:03:07 [http-nio-8080-exec-6] DEBUG org.hibernate.SQL - select u1_0.emplyr_id,u1_0.area_no,u1_0.brthdy,u1_0.chg_pwd_cnt,u1_0.frst_register_id,u1_0.frst_regist_pnttm,u1_0.detail_adres,u1_0.email_adres,u1_0.emplyr_sttus_code,u1_0.empl_no,u1_0.esntl_id,u1_0.fxnum,u1_0.group_id,u1_0.house_adres,u1_0.house_end_telno,u1_0.house_middle_telno,u1_0.ihidnum,u1_0.pstinst_code,u1_0.last_updusr_id,u1_0.last_updt_pnttm,u1_0.lock_at,u1_0.lock_cnt,u1_0.lock_last_pnttm,u1_0.mbtlnum,u1_0.ofcps_nm,u1_0.offm_telno,u1_0.orgnzt_id,u1_0.password,u1_0.password_cnsr,u1_0.password_hint,u1_0.chg_pwd_last_pnttm,u1_0.role,u1_0.sbscrb_de,u1_0.sexdstn_code,u1_0.crtfc_dn_value,u1_0.user_nm,u1_0.zip from nemplyrinfo u1_0 where u1_0.emplyr_id=?
2026-03-16 17:03:07 [http-nio-8080-exec-18] DEBUG o.s.orm.jpa.JpaTransactionManager - Initiating transaction commit
2026-03-16 17:03:07 [http-nio-8080-exec-18] DEBUG o.s.orm.jpa.JpaTransactionManager - Committing JPA transaction on EntityManager [SessionImpl(1657668848<open>)]
2026-03-16 17:03:07 [http-nio-8080-exec-5] DEBUG o.s.orm.jpa.JpaTransactionManager - Initiating transaction commit
2026-03-16 17:03:07 [http-nio-8080-exec-5] DEBUG o.s.orm.jpa.JpaTransactionManager - Committing JPA transaction on EntityManager [SessionImpl(1655641395<open>)]
2026-03-16 17:03:08 [http-nio-8080-exec-18] DEBUG o.s.orm.jpa.JpaTransactionManager - Closing JPA EntityManager [SessionImpl(1657668848<open>)] after transaction
2026-03-16 17:03:08 [http-nio-8080-exec-18] DEBUG o.s.w.s.m.m.a.HttpEntityMethodProcessor - Using 'application/json', given [application/json, text/plain, */*] and supported [application/json, application/*+json, application/yaml]
2026-03-16 17:03:08 [http-nio-8080-exec-18] TRACE o.s.w.s.m.m.a.HttpEntityMethodProcessor - Writing [ApiResponse[success=true, status=200, code=COMMON_001, message=Success, data=[NotificationDto(ntfcNo=NT001, ntfcSj=테스트 알림입니다, ntfcCn=알림 내용입니다, ntfcDate=null, ntfcTime=2026-02-25T00:59:33.784070, bhNtfcIntrvl=null, uniqId=null, frstRegisterId=null, frstRegisterPnttm=2026-02-25T00:59:33.784070, lastUpdusrId=null, lastUpdusrPnttm=null)], timestamp=2026-03-16T17:03:08.092916600]]
2026-03-16 17:03:08 [http-nio-8080-exec-18] INFO  c.c.p.a.i.OperationalAuditInterceptor - API Audit Log: URL=/api/v1/notifications, User=user_regular, IP=127.0.0.1
2026-03-16 17:03:08 [http-nio-8080-exec-18] DEBUG o.s.web.servlet.DispatcherServlet - Completed 200 OK
2026-03-16 17:03:08 [http-nio-8080-exec-7] DEBUG c.c.p.s.jwt.JwtAuthenticationFilter - >>> [JwtFilter] Processing request: GET /api/v1/notifications
2026-03-16 17:03:08 [http-nio-8080-exec-7] DEBUG c.c.p.s.jwt.JwtAuthenticationFilter - >>> [JwtFilter] Found token in header for path: /api/v1/notifications
2026-03-16 17:03:08 [http-nio-8080-exec-7] DEBUG o.s.orm.jpa.JpaTransactionManager - Creating new transaction with name [com.company.project.security.iam.CustomUserDetailsService.loadUserByUsername]: PROPAGATION_REQUIRED,ISOLATION_DEFAULT,readOnly
2026-03-16 17:03:08 [http-nio-8080-exec-7] DEBUG o.s.orm.jpa.JpaTransactionManager - Opened new EntityManager [SessionImpl(1348520105<open>)] for JPA transaction
2026-03-16 17:03:08 [http-nio-8080-exec-6] DEBUG o.s.orm.jpa.JpaTransactionManager - Found thread-bound EntityManager [SessionImpl(656185689<open>)] for JPA transaction
2026-03-16 17:03:08 [http-nio-8080-exec-6] DEBUG o.s.orm.jpa.JpaTransactionManager - Participating in existing transaction
2026-03-16 17:03:08 [http-nio-8080-exec-6] DEBUG org.hibernate.SQL - select ua1_0.scrty_dtrmn_trget_id,ua1_0.author_code,ua1_0.frst_register_id,ua1_0.frst_regist_pnttm,ua1_0.last_updusr_id,ua1_0.last_updt_pnttm,ua1_0.mber_ty_code from nemplyrscrtyestbs ua1_0 where ua1_0.scrty_dtrmn_trget_id=?
2026-03-16 17:03:08 [http-nio-8080-exec-5] DEBUG o.s.orm.jpa.JpaTransactionManager - Closing JPA EntityManager [SessionImpl(1655641395<open>)] after transaction
2026-03-16 17:03:08 [http-nio-8080-exec-5] DEBUG o.s.w.s.m.m.a.HttpEntityMethodProcessor - Using 'application/json', given [application/json, text/plain, */*] and supported [application/json, application/*+json, application/yaml]
2026-03-16 17:03:08 [http-nio-8080-exec-5] TRACE o.s.w.s.m.m.a.HttpEntityMethodProcessor - Writing [ApiResponse[success=true, status=200, code=COMMON_001, message=Success, data=0, timestamp=2026-03-16T17:03:08.124501600]]
2026-03-16 17:03:08 [http-nio-8080-exec-5] INFO  c.c.p.a.i.OperationalAuditInterceptor - API Audit Log: URL=/api/v1/notifications/unread-count, User=user_regular, IP=127.0.0.1
2026-03-16 17:03:08 [http-nio-8080-exec-5] DEBUG o.s.web.servlet.DispatcherServlet - Completed 200 OK
2026-03-16 17:03:08 [http-nio-8080-exec-14] DEBUG c.c.p.s.jwt.JwtAuthenticationFilter - >>> [JwtFilter] Processing request: GET /api/v1/notifications/unread-count
2026-03-16 17:03:08 [http-nio-8080-exec-14] DEBUG c.c.p.s.jwt.JwtAuthenticationFilter - >>> [JwtFilter] Found token in header for path: /api/v1/notifications/unread-count
2026-03-16 17:03:08 [http-nio-8080-exec-14] DEBUG o.s.orm.jpa.JpaTransactionManager - Creating new transaction with name [com.company.project.security.iam.CustomUserDetailsService.loadUserByUsername]: PROPAGATION_REQUIRED,ISOLATION_DEFAULT,readOnly
2026-03-16 17:03:08 [http-nio-8080-exec-14] DEBUG o.s.orm.jpa.JpaTransactionManager - Opened new EntityManager [SessionImpl(587933290<open>)] for JPA transaction
2026-03-16 17:03:08 [http-nio-8080-exec-7] DEBUG o.s.orm.jpa.JpaTransactionManager - Exposing JPA transaction as JDBC [org.springframework.orm.jpa.vendor.HibernateJpaDialect$HibernateConnectionHandle@1a7c7fa4]
2026-03-16 17:03:08 [http-nio-8080-exec-7] DEBUG o.s.orm.jpa.JpaTransactionManager - Found thread-bound EntityManager [SessionImpl(1348520105<open>)] for JPA transaction
2026-03-16 17:03:08 [http-nio-8080-exec-7] DEBUG o.s.orm.jpa.JpaTransactionManager - Participating in existing transaction
2026-03-16 17:03:08 [http-nio-8080-exec-7] DEBUG org.hibernate.SQL - select u1_0.emplyr_id,u1_0.area_no,u1_0.brthdy,u1_0.chg_pwd_cnt,u1_0.frst_register_id,u1_0.frst_regist_pnttm,u1_0.detail_adres,u1_0.email_adres,u1_0.emplyr_sttus_code,u1_0.empl_no,u1_0.esntl_id,u1_0.fxnum,u1_0.group_id,u1_0.house_adres,u1_0.house_end_telno,u1_0.house_middle_telno,u1_0.ihidnum,u1_0.pstinst_code,u1_0.last_updusr_id,u1_0.last_updt_pnttm,u1_0.lock_at,u1_0.lock_cnt,u1_0.lock_last_pnttm,u1_0.mbtlnum,u1_0.ofcps_nm,u1_0.offm_telno,u1_0.orgnzt_id,u1_0.password,u1_0.password_cnsr,u1_0.password_hint,u1_0.chg_pwd_last_pnttm,u1_0.role,u1_0.sbscrb_de,u1_0.sexdstn_code,u1_0.crtfc_dn_value,u1_0.user_nm,u1_0.zip from nemplyrinfo u1_0 where u1_0.emplyr_id=?
2026-03-16 17:03:08 [http-nio-8080-exec-6] DEBUG o.s.orm.jpa.JpaTransactionManager - Initiating transaction commit
2026-03-16 17:03:08 [http-nio-8080-exec-6] DEBUG o.s.orm.jpa.JpaTransactionManager - Committing JPA transaction on EntityManager [SessionImpl(656185689<open>)]
2026-03-16 17:03:08 [http-nio-8080-exec-14] DEBUG o.s.orm.jpa.JpaTransactionManager - Exposing JPA transaction as JDBC [org.springframework.orm.jpa.vendor.HibernateJpaDialect$HibernateConnectionHandle@172a7e66]
2026-03-16 17:03:08 [http-nio-8080-exec-14] DEBUG o.s.orm.jpa.JpaTransactionManager - Found thread-bound EntityManager [SessionImpl(587933290<open>)] for JPA transaction
2026-03-16 17:03:08 [http-nio-8080-exec-14] DEBUG o.s.orm.jpa.JpaTransactionManager - Participating in existing transaction
2026-03-16 17:03:08 [http-nio-8080-exec-14] DEBUG org.hibernate.SQL - select u1_0.emplyr_id,u1_0.area_no,u1_0.brthdy,u1_0.chg_pwd_cnt,u1_0.frst_register_id,u1_0.frst_regist_pnttm,u1_0.detail_adres,u1_0.email_adres,u1_0.emplyr_sttus_code,u1_0.empl_no,u1_0.esntl_id,u1_0.fxnum,u1_0.group_id,u1_0.house_adres,u1_0.house_end_telno,u1_0.house_middle_telno,u1_0.ihidnum,u1_0.pstinst_code,u1_0.last_updusr_id,u1_0.last_updt_pnttm,u1_0.lock_at,u1_0.lock_cnt,u1_0.lock_last_pnttm,u1_0.mbtlnum,u1_0.ofcps_nm,u1_0.offm_telno,u1_0.orgnzt_id,u1_0.password,u1_0.password_cnsr,u1_0.password_hint,u1_0.chg_pwd_last_pnttm,u1_0.role,u1_0.sbscrb_de,u1_0.sexdstn_code,u1_0.crtfc_dn_value,u1_0.user_nm,u1_0.zip from nemplyrinfo u1_0 where u1_0.emplyr_id=?
2026-03-16 17:03:08 [http-nio-8080-exec-7] DEBUG o.s.orm.jpa.JpaTransactionManager - Found thread-bound EntityManager [SessionImpl(1348520105<open>)] for JPA transaction
2026-03-16 17:03:08 [http-nio-8080-exec-7] DEBUG o.s.orm.jpa.JpaTransactionManager - Participating in existing transaction
2026-03-16 17:03:08 [http-nio-8080-exec-7] DEBUG org.hibernate.SQL - select ua1_0.scrty_dtrmn_trget_id,ua1_0.author_code,ua1_0.frst_register_id,ua1_0.frst_regist_pnttm,ua1_0.last_updusr_id,ua1_0.last_updt_pnttm,ua1_0.mber_ty_code from nemplyrscrtyestbs ua1_0 where ua1_0.scrty_dtrmn_trget_id=?
2026-03-16 17:03:08 [http-nio-8080-exec-6] DEBUG o.s.orm.jpa.JpaTransactionManager - Closing JPA EntityManager [SessionImpl(656185689<open>)] after transaction
2026-03-16 17:03:08 [http-nio-8080-exec-6] DEBUG c.c.p.s.jwt.JwtAuthenticationFilter - >>> [JwtFilter] Successfully authenticated user: USRCNFRM_00000000002, Authorities: [ROLE_USER]
2026-03-16 17:03:08 [http-nio-8080-exec-6] DEBUG o.s.web.servlet.DispatcherServlet - GET "/api/v1/menu/left?menuNo=20", parameters={masked}
2026-03-16 17:03:08 [http-nio-8080-exec-6] TRACE o.s.w.s.m.m.a.RequestMappingHandlerMapping - Mapped to com.company.project.api.controller.menu.MenuController#getLeftMenu(Long)
2026-03-16 17:03:08 [http-nio-8080-exec-6] INFO  c.c.p.a.c.menu.MenuController - getLeftMenu called with menuNo=20
2026-03-16 17:03:08 [http-nio-8080-exec-6] DEBUG o.s.orm.jpa.JpaTransactionManager - Creating new transaction with name [com.company.project.service.menu.MenuService.getSubMenus]: PROPAGATION_REQUIRED,ISOLATION_DEFAULT,readOnly
2026-03-16 17:03:08 [http-nio-8080-exec-6] DEBUG o.s.orm.jpa.JpaTransactionManager - Opened new EntityManager [SessionImpl(915992727<open>)] for JPA transaction
2026-03-16 17:03:08 [http-nio-8080-exec-6] DEBUG o.s.orm.jpa.JpaTransactionManager - Exposing JPA transaction as JDBC [org.springframework.orm.jpa.vendor.HibernateJpaDialect$HibernateConnectionHandle@1a80ea7f]
2026-03-16 17:03:08 [http-nio-8080-exec-6] DEBUG org.hibernate.SQL - select m1_0.menu_no,m1_0.menu_dc,m1_0.menu_nm,m1_0.menu_ordr,m1_0.modern_route,m1_0.progrm_file_nm,m1_0.relate_image_nm,m1_0.relate_image_path,m1_0.route_updated_at,m1_0.upper_menu_no from nmenuinfo m1_0 order by m1_0.upper_menu_no,m1_0.menu_ordr
2026-03-16 17:03:08 [http-nio-8080-exec-14] DEBUG o.s.orm.jpa.JpaTransactionManager - Found thread-bound EntityManager [SessionImpl(587933290<open>)] for JPA transaction
2026-03-16 17:03:08 [http-nio-8080-exec-14] DEBUG o.s.orm.jpa.JpaTransactionManager - Participating in existing transaction
2026-03-16 17:03:08 [http-nio-8080-exec-14] DEBUG org.hibernate.SQL - select ua1_0.scrty_dtrmn_trget_id,ua1_0.author_code,ua1_0.frst_register_id,ua1_0.frst_regist_pnttm,ua1_0.last_updusr_id,ua1_0.last_updt_pnttm,ua1_0.mber_ty_code from nemplyrscrtyestbs ua1_0 where ua1_0.scrty_dtrmn_trget_id=?
2026-03-16 17:03:08 [http-nio-8080-exec-7] DEBUG o.s.orm.jpa.JpaTransactionManager - Initiating transaction commit
2026-03-16 17:03:08 [http-nio-8080-exec-7] DEBUG o.s.orm.jpa.JpaTransactionManager - Committing JPA transaction on EntityManager [SessionImpl(1348520105<open>)]
2026-03-16 17:03:08 [http-nio-8080-exec-14] DEBUG o.s.orm.jpa.JpaTransactionManager - Initiating transaction commit
2026-03-16 17:03:08 [http-nio-8080-exec-14] DEBUG o.s.orm.jpa.JpaTransactionManager - Committing JPA transaction on EntityManager [SessionImpl(587933290<open>)]
2026-03-16 17:03:08 [http-nio-8080-exec-7] DEBUG o.s.orm.jpa.JpaTransactionManager - Closing JPA EntityManager [SessionImpl(1348520105<open>)] after transaction
2026-03-16 17:03:08 [http-nio-8080-exec-7] DEBUG c.c.p.s.jwt.JwtAuthenticationFilter - >>> [JwtFilter] Successfully authenticated user: USRCNFRM_00000000002, Authorities: [ROLE_USER]
2026-03-16 17:03:08 [http-nio-8080-exec-7] DEBUG o.s.web.servlet.DispatcherServlet - GET "/api/v1/notifications", parameters={}
2026-03-16 17:03:08 [http-nio-8080-exec-7] TRACE o.s.w.s.m.m.a.RequestMappingHandlerMapping - Mapped to com.company.project.api.controller.notification.NotificationController#getMyNotifications(UserDetails)
2026-03-16 17:03:08 [http-nio-8080-exec-7] DEBUG o.s.orm.jpa.JpaTransactionManager - Creating new transaction with name [com.company.project.service.notification.NotificationService.getActiveNotifications]: PROPAGATION_REQUIRED,ISOLATION_DEFAULT,readOnly
2026-03-16 17:03:08 [http-nio-8080-exec-7] DEBUG o.s.orm.jpa.JpaTransactionManager - Opened new EntityManager [SessionImpl(1097184232<open>)] for JPA transaction
2026-03-16 17:03:08 [http-nio-8080-exec-7] DEBUG o.s.orm.jpa.JpaTransactionManager - Exposing JPA transaction as JDBC [org.springframework.orm.jpa.vendor.HibernateJpaDialect$HibernateConnectionHandle@611e4da4]
2026-03-16 17:03:08 [http-nio-8080-exec-7] DEBUG o.s.orm.jpa.JpaTransactionManager - Found thread-bound EntityManager [SessionImpl(1097184232<open>)] for JPA transaction
2026-03-16 17:03:08 [http-nio-8080-exec-7] DEBUG o.s.orm.jpa.JpaTransactionManager - Participating in existing transaction
2026-03-16 17:03:08 [http-nio-8080-exec-7] DEBUG org.hibernate.SQL - select n1_0.ntcn_no,n1_0.frst_register_id,n1_0.frst_regist_pnttm,n1_0.is_read,n1_0.last_updusr_id,n1_0.last_updt_pnttm,n1_0.link_url,n1_0.ntcn_cn,n1_0.ntcn_sj,n1_0.receiver_id from n_user_notification n1_0
2026-03-16 17:03:08 [http-nio-8080-exec-14] DEBUG o.s.orm.jpa.JpaTransactionManager - Closing JPA EntityManager [SessionImpl(587933290<open>)] after transaction
2026-03-16 17:03:08 [http-nio-8080-exec-14] DEBUG c.c.p.s.jwt.JwtAuthenticationFilter - >>> [JwtFilter] Successfully authenticated user: USRCNFRM_00000000002, Authorities: [ROLE_USER]
2026-03-16 17:03:08 [http-nio-8080-exec-14] DEBUG o.s.web.servlet.DispatcherServlet - GET "/api/v1/notifications/unread-count", parameters={}
2026-03-16 17:03:08 [http-nio-8080-exec-14] TRACE o.s.w.s.m.m.a.RequestMappingHandlerMapping - Mapped to com.company.project.api.controller.notification.NotificationController#getUnreadCount(UserDetails)
2026-03-16 17:03:08 [http-nio-8080-exec-14] DEBUG o.s.orm.jpa.JpaTransactionManager - Creating new transaction with name [com.company.project.service.notification.NotificationService.getUnreadCount]: PROPAGATION_REQUIRED,ISOLATION_DEFAULT,readOnly
2026-03-16 17:03:08 [http-nio-8080-exec-6] DEBUG o.s.orm.jpa.JpaTransactionManager - Found thread-bound EntityManager [SessionImpl(915992727<open>)] for JPA transaction
2026-03-16 17:03:08 [http-nio-8080-exec-14] DEBUG o.s.orm.jpa.JpaTransactionManager - Opened new EntityManager [SessionImpl(1377506777<open>)] for JPA transaction
2026-03-16 17:03:08 [http-nio-8080-exec-6] DEBUG o.s.orm.jpa.JpaTransactionManager - Participating in existing transaction
2026-03-16 17:03:08 [http-nio-8080-exec-14] DEBUG o.s.orm.jpa.JpaTransactionManager - Exposing JPA transaction as JDBC [org.springframework.orm.jpa.vendor.HibernateJpaDialect$HibernateConnectionHandle@3015f031]
2026-03-16 17:03:08 [http-nio-8080-exec-14] DEBUG org.hibernate.SQL - select count(n1_0.ntcn_no) from n_user_notification n1_0 where n1_0.receiver_id=? and n1_0.is_read=?
2026-03-16 17:03:08 [http-nio-8080-exec-6] DEBUG org.hibernate.SQL - select p1_0.progrm_file_nm,p1_0.progrm_dc,p1_0.progrm_korean_nm,p1_0.progrm_stre_path,p1_0.url from nprogrmlist p1_0
2026-03-16 17:03:08 [http-nio-8080-exec-7] DEBUG o.s.orm.jpa.JpaTransactionManager - Initiating transaction commit
2026-03-16 17:03:08 [http-nio-8080-exec-7] DEBUG o.s.orm.jpa.JpaTransactionManager - Committing JPA transaction on EntityManager [SessionImpl(1097184232<open>)]
2026-03-16 17:03:08 [http-nio-8080-exec-14] DEBUG o.s.orm.jpa.JpaTransactionManager - Initiating transaction commit
2026-03-16 17:03:08 [http-nio-8080-exec-14] DEBUG o.s.orm.jpa.JpaTransactionManager - Committing JPA transaction on EntityManager [SessionImpl(1377506777<open>)]
2026-03-16 17:03:08 [http-nio-8080-exec-6] DEBUG o.s.orm.jpa.JpaTransactionManager - Initiating transaction commit
2026-03-16 17:03:08 [http-nio-8080-exec-6] DEBUG o.s.orm.jpa.JpaTransactionManager - Committing JPA transaction on EntityManager [SessionImpl(915992727<open>)]
2026-03-16 17:03:09 [http-nio-8080-exec-7] DEBUG o.s.orm.jpa.JpaTransactionManager - Closing JPA EntityManager [SessionImpl(1097184232<open>)] after transaction
2026-03-16 17:03:09 [http-nio-8080-exec-7] DEBUG o.s.w.s.m.m.a.HttpEntityMethodProcessor - Using 'application/json', given [application/json, text/plain, */*] and supported [application/json, application/*+json, application/yaml]
2026-03-16 17:03:09 [http-nio-8080-exec-7] TRACE o.s.w.s.m.m.a.HttpEntityMethodProcessor - Writing [ApiResponse[success=true, status=200, code=COMMON_001, message=Success, data=[NotificationDto(ntfcNo=NT001, ntfcSj=테스트 알림입니다, ntfcCn=알림 내용입니다, ntfcDate=null, ntfcTime=2026-02-25T00:59:33.784070, bhNtfcIntrvl=null, uniqId=null, frstRegisterId=null, frstRegisterPnttm=2026-02-25T00:59:33.784070, lastUpdusrId=null, lastUpdusrPnttm=null)], timestamp=2026-03-16T17:03:09.003207200]]
2026-03-16 17:03:09 [http-nio-8080-exec-7] INFO  c.c.p.a.i.OperationalAuditInterceptor - API Audit Log: URL=/api/v1/notifications, User=user_regular, IP=127.0.0.1
2026-03-16 17:03:09 [http-nio-8080-exec-7] DEBUG o.s.web.servlet.DispatcherServlet - Completed 200 OK
2026-03-16 17:03:09 [http-nio-8080-exec-14] DEBUG o.s.orm.jpa.JpaTransactionManager - Closing JPA EntityManager [SessionImpl(1377506777<open>)] after transaction
2026-03-16 17:03:09 [http-nio-8080-exec-14] DEBUG o.s.w.s.m.m.a.HttpEntityMethodProcessor - Using 'application/json', given [application/json, text/plain, */*] and supported [application/json, application/*+json, application/yaml]
2026-03-16 17:03:09 [http-nio-8080-exec-14] TRACE o.s.w.s.m.m.a.HttpEntityMethodProcessor - Writing [ApiResponse[success=true, status=200, code=COMMON_001, message=Success, data=0, timestamp=2026-03-16T17:03:09.048106400]]
2026-03-16 17:03:09 [http-nio-8080-exec-14] INFO  c.c.p.a.i.OperationalAuditInterceptor - API Audit Log: URL=/api/v1/notifications/unread-count, User=user_regular, IP=127.0.0.1
2026-03-16 17:03:09 [http-nio-8080-exec-14] DEBUG o.s.web.servlet.DispatcherServlet - Completed 200 OK
2026-03-16 17:03:09 [http-nio-8080-exec-6] DEBUG o.s.orm.jpa.JpaTransactionManager - Closing JPA EntityManager [SessionImpl(915992727<open>)] after transaction
2026-03-16 17:03:09 [http-nio-8080-exec-6] INFO  c.c.p.a.c.menu.MenuController - getLeftMenu returned 3 items
2026-03-16 17:03:09 [http-nio-8080-exec-6] DEBUG o.s.w.s.m.m.a.HttpEntityMethodProcessor - Using 'application/json', given [application/json, text/plain, */*] and supported [application/json, application/*+json, application/yaml]
2026-03-16 17:03:09 [http-nio-8080-exec-6] TRACE o.s.w.s.m.m.a.HttpEntityMethodProcessor - Writing [ApiResponse[success=true, status=200, code=COMMON_001, message=Success, data={list=[com.company.project.service.menu.dto.MenuDto@6184f3d0, com.company.project.service.menu.dto.MenuDto@22f15dd7, com.company.project.service.menu.dto.MenuDto@ada96b7]}, timestamp=2026-03-16T17:03:09.055365100]]
2026-03-16 17:03:09 [http-nio-8080-exec-6] INFO  c.c.p.a.i.OperationalAuditInterceptor - API Audit Log: URL=/api/v1/menu/left, User=user_regular, IP=127.0.0.1
2026-03-16 17:03:09 [http-nio-8080-exec-6] DEBUG o.s.web.servlet.DispatcherServlet - Completed 200 OK
2026-03-16 17:03:09 [http-nio-8080-exec-15] DEBUG c.c.p.s.jwt.JwtAuthenticationFilter - >>> [JwtFilter] Processing request: GET /api/v1/menu/left
2026-03-16 17:03:09 [http-nio-8080-exec-15] DEBUG c.c.p.s.jwt.JwtAuthenticationFilter - >>> [JwtFilter] Found token in header for path: /api/v1/menu/left
2026-03-16 17:03:09 [http-nio-8080-exec-15] DEBUG o.s.orm.jpa.JpaTransactionManager - Creating new transaction with name [com.company.project.security.iam.CustomUserDetailsService.loadUserByUsername]: PROPAGATION_REQUIRED,ISOLATION_DEFAULT,readOnly
2026-03-16 17:03:09 [http-nio-8080-exec-15] DEBUG o.s.orm.jpa.JpaTransactionManager - Opened new EntityManager [SessionImpl(1983848330<open>)] for JPA transaction
2026-03-16 17:03:09 [http-nio-8080-exec-15] DEBUG o.s.orm.jpa.JpaTransactionManager - Exposing JPA transaction as JDBC [org.springframework.orm.jpa.vendor.HibernateJpaDialect$HibernateConnectionHandle@242eb5b4]
2026-03-16 17:03:09 [http-nio-8080-exec-15] DEBUG o.s.orm.jpa.JpaTransactionManager - Found thread-bound EntityManager [SessionImpl(1983848330<open>)] for JPA transaction
2026-03-16 17:03:09 [http-nio-8080-exec-15] DEBUG o.s.orm.jpa.JpaTransactionManager - Participating in existing transaction
2026-03-16 17:03:09 [http-nio-8080-exec-15] DEBUG org.hibernate.SQL - select u1_0.emplyr_id,u1_0.area_no,u1_0.brthdy,u1_0.chg_pwd_cnt,u1_0.frst_register_id,u1_0.frst_regist_pnttm,u1_0.detail_adres,u1_0.email_adres,u1_0.emplyr_sttus_code,u1_0.empl_no,u1_0.esntl_id,u1_0.fxnum,u1_0.group_id,u1_0.house_adres,u1_0.house_end_telno,u1_0.house_middle_telno,u1_0.ihidnum,u1_0.pstinst_code,u1_0.last_updusr_id,u1_0.last_updt_pnttm,u1_0.lock_at,u1_0.lock_cnt,u1_0.lock_last_pnttm,u1_0.mbtlnum,u1_0.ofcps_nm,u1_0.offm_telno,u1_0.orgnzt_id,u1_0.password,u1_0.password_cnsr,u1_0.password_hint,u1_0.chg_pwd_last_pnttm,u1_0.role,u1_0.sbscrb_de,u1_0.sexdstn_code,u1_0.crtfc_dn_value,u1_0.user_nm,u1_0.zip from nemplyrinfo u1_0 where u1_0.emplyr_id=?
2026-03-16 17:03:09 [http-nio-8080-exec-15] DEBUG o.s.orm.jpa.JpaTransactionManager - Found thread-bound EntityManager [SessionImpl(1983848330<open>)] for JPA transaction
2026-03-16 17:03:09 [http-nio-8080-exec-15] DEBUG o.s.orm.jpa.JpaTransactionManager - Participating in existing transaction
2026-03-16 17:03:09 [http-nio-8080-exec-15] DEBUG org.hibernate.SQL - select ua1_0.scrty_dtrmn_trget_id,ua1_0.author_code,ua1_0.frst_register_id,ua1_0.frst_regist_pnttm,ua1_0.last_updusr_id,ua1_0.last_updt_pnttm,ua1_0.mber_ty_code from nemplyrscrtyestbs ua1_0 where ua1_0.scrty_dtrmn_trget_id=?
2026-03-16 17:03:09 [http-nio-8080-exec-15] DEBUG o.s.orm.jpa.JpaTransactionManager - Initiating transaction commit
2026-03-16 17:03:09 [http-nio-8080-exec-15] DEBUG o.s.orm.jpa.JpaTransactionManager - Committing JPA transaction on EntityManager [SessionImpl(1983848330<open>)]
2026-03-16 17:03:09 [http-nio-8080-exec-15] DEBUG o.s.orm.jpa.JpaTransactionManager - Closing JPA EntityManager [SessionImpl(1983848330<open>)] after transaction
2026-03-16 17:03:09 [http-nio-8080-exec-15] DEBUG c.c.p.s.jwt.JwtAuthenticationFilter - >>> [JwtFilter] Successfully authenticated user: USRCNFRM_00000000002, Authorities: [ROLE_USER]
2026-03-16 17:03:09 [http-nio-8080-exec-15] DEBUG o.s.web.servlet.DispatcherServlet - GET "/api/v1/menu/left?menuNo=40", parameters={masked}
2026-03-16 17:03:09 [http-nio-8080-exec-15] TRACE o.s.w.s.m.m.a.RequestMappingHandlerMapping - Mapped to com.company.project.api.controller.menu.MenuController#getLeftMenu(Long)
2026-03-16 17:03:09 [http-nio-8080-exec-15] INFO  c.c.p.a.c.menu.MenuController - getLeftMenu called with menuNo=40
2026-03-16 17:03:09 [http-nio-8080-exec-15] DEBUG o.s.orm.jpa.JpaTransactionManager - Creating new transaction with name [com.company.project.service.menu.MenuService.getSubMenus]: PROPAGATION_REQUIRED,ISOLATION_DEFAULT,readOnly
2026-03-16 17:03:09 [http-nio-8080-exec-15] DEBUG o.s.orm.jpa.JpaTransactionManager - Opened new EntityManager [SessionImpl(1579188254<open>)] for JPA transaction
2026-03-16 17:03:09 [http-nio-8080-exec-15] DEBUG o.s.orm.jpa.JpaTransactionManager - Exposing JPA transaction as JDBC [org.springframework.orm.jpa.vendor.HibernateJpaDialect$HibernateConnectionHandle@4a660ce9]
2026-03-16 17:03:09 [http-nio-8080-exec-15] DEBUG org.hibernate.SQL - select m1_0.menu_no,m1_0.menu_dc,m1_0.menu_nm,m1_0.menu_ordr,m1_0.modern_route,m1_0.progrm_file_nm,m1_0.relate_image_nm,m1_0.relate_image_path,m1_0.route_updated_at,m1_0.upper_menu_no from nmenuinfo m1_0 order by m1_0.upper_menu_no,m1_0.menu_ordr
2026-03-16 17:03:10 [http-nio-8080-exec-15] DEBUG o.s.orm.jpa.JpaTransactionManager - Found thread-bound EntityManager [SessionImpl(1579188254<open>)] for JPA transaction
2026-03-16 17:03:10 [http-nio-8080-exec-15] DEBUG o.s.orm.jpa.JpaTransactionManager - Participating in existing transaction
2026-03-16 17:03:10 [http-nio-8080-exec-15] DEBUG org.hibernate.SQL - select p1_0.progrm_file_nm,p1_0.progrm_dc,p1_0.progrm_korean_nm,p1_0.progrm_stre_path,p1_0.url from nprogrmlist p1_0
2026-03-16 17:03:10 [http-nio-8080-exec-15] DEBUG o.s.orm.jpa.JpaTransactionManager - Initiating transaction commit
2026-03-16 17:03:10 [http-nio-8080-exec-15] DEBUG o.s.orm.jpa.JpaTransactionManager - Committing JPA transaction on EntityManager [SessionImpl(1579188254<open>)]
2026-03-16 17:03:10 [http-nio-8080-exec-15] DEBUG o.s.orm.jpa.JpaTransactionManager - Closing JPA EntityManager [SessionImpl(1579188254<open>)] after transaction
2026-03-16 17:03:10 [http-nio-8080-exec-15] INFO  c.c.p.a.c.menu.MenuController - getLeftMenu returned 2 items
2026-03-16 17:03:10 [http-nio-8080-exec-15] DEBUG o.s.w.s.m.m.a.HttpEntityMethodProcessor - Using 'application/json', given [application/json, text/plain, */*] and supported [application/json, application/*+json, application/yaml]
2026-03-16 17:03:10 [http-nio-8080-exec-15] TRACE o.s.w.s.m.m.a.HttpEntityMethodProcessor - Writing [ApiResponse[success=true, status=200, code=COMMON_001, message=Success, data={list=[com.company.project.service.menu.dto.MenuDto@14f8006b, com.company.project.service.menu.dto.MenuDto@29ff2793]}, timestamp=2026-03-16T17:03:10.352570700]]
2026-03-16 17:03:10 [http-nio-8080-exec-15] INFO  c.c.p.a.i.OperationalAuditInterceptor - API Audit Log: URL=/api/v1/menu/left, User=user_regular, IP=127.0.0.1
2026-03-16 17:03:10 [http-nio-8080-exec-15] DEBUG o.s.web.servlet.DispatcherServlet - Completed 200 OK
2026-03-16 17:03:10 [http-nio-8080-exec-2] DEBUG c.c.p.s.jwt.JwtAuthenticationFilter - >>> [JwtFilter] Processing request: GET /api/v1/menu/left
2026-03-16 17:03:10 [http-nio-8080-exec-2] DEBUG c.c.p.s.jwt.JwtAuthenticationFilter - >>> [JwtFilter] Found token in header for path: /api/v1/menu/left
2026-03-16 17:03:10 [http-nio-8080-exec-2] DEBUG o.s.orm.jpa.JpaTransactionManager - Creating new transaction with name [com.company.project.security.iam.CustomUserDetailsService.loadUserByUsername]: PROPAGATION_REQUIRED,ISOLATION_DEFAULT,readOnly
2026-03-16 17:03:10 [http-nio-8080-exec-2] DEBUG o.s.orm.jpa.JpaTransactionManager - Opened new EntityManager [SessionImpl(472931257<open>)] for JPA transaction
2026-03-16 17:03:10 [http-nio-8080-exec-2] DEBUG o.s.orm.jpa.JpaTransactionManager - Exposing JPA transaction as JDBC [org.springframework.orm.jpa.vendor.HibernateJpaDialect$HibernateConnectionHandle@69ce8f0]
2026-03-16 17:03:10 [http-nio-8080-exec-2] DEBUG o.s.orm.jpa.JpaTransactionManager - Found thread-bound EntityManager [SessionImpl(472931257<open>)] for JPA transaction
2026-03-16 17:03:10 [http-nio-8080-exec-2] DEBUG o.s.orm.jpa.JpaTransactionManager - Participating in existing transaction
2026-03-16 17:03:10 [http-nio-8080-exec-2] DEBUG org.hibernate.SQL - select u1_0.emplyr_id,u1_0.area_no,u1_0.brthdy,u1_0.chg_pwd_cnt,u1_0.frst_register_id,u1_0.frst_regist_pnttm,u1_0.detail_adres,u1_0.email_adres,u1_0.emplyr_sttus_code,u1_0.empl_no,u1_0.esntl_id,u1_0.fxnum,u1_0.group_id,u1_0.house_adres,u1_0.house_end_telno,u1_0.house_middle_telno,u1_0.ihidnum,u1_0.pstinst_code,u1_0.last_updusr_id,u1_0.last_updt_pnttm,u1_0.lock_at,u1_0.lock_cnt,u1_0.lock_last_pnttm,u1_0.mbtlnum,u1_0.ofcps_nm,u1_0.offm_telno,u1_0.orgnzt_id,u1_0.password,u1_0.password_cnsr,u1_0.password_hint,u1_0.chg_pwd_last_pnttm,u1_0.role,u1_0.sbscrb_de,u1_0.sexdstn_code,u1_0.crtfc_dn_value,u1_0.user_nm,u1_0.zip from nemplyrinfo u1_0 where u1_0.emplyr_id=?
2026-03-16 17:03:10 [http-nio-8080-exec-2] DEBUG o.s.orm.jpa.JpaTransactionManager - Found thread-bound EntityManager [SessionImpl(472931257<open>)] for JPA transaction
2026-03-16 17:03:10 [http-nio-8080-exec-2] DEBUG o.s.orm.jpa.JpaTransactionManager - Participating in existing transaction
2026-03-16 17:03:10 [http-nio-8080-exec-2] DEBUG org.hibernate.SQL - select ua1_0.scrty_dtrmn_trget_id,ua1_0.author_code,ua1_0.frst_register_id,ua1_0.frst_regist_pnttm,ua1_0.last_updusr_id,ua1_0.last_updt_pnttm,ua1_0.mber_ty_code from nemplyrscrtyestbs ua1_0 where ua1_0.scrty_dtrmn_trget_id=?
2026-03-16 17:03:10 [http-nio-8080-exec-2] DEBUG o.s.orm.jpa.JpaTransactionManager - Initiating transaction commit
2026-03-16 17:03:10 [http-nio-8080-exec-2] DEBUG o.s.orm.jpa.JpaTransactionManager - Committing JPA transaction on EntityManager [SessionImpl(472931257<open>)]
2026-03-16 17:03:10 [http-nio-8080-exec-2] DEBUG o.s.orm.jpa.JpaTransactionManager - Closing JPA EntityManager [SessionImpl(472931257<open>)] after transaction
2026-03-16 17:03:10 [http-nio-8080-exec-2] DEBUG c.c.p.s.jwt.JwtAuthenticationFilter - >>> [JwtFilter] Successfully authenticated user: USRCNFRM_00000000002, Authorities: [ROLE_USER]
2026-03-16 17:03:10 [http-nio-8080-exec-2] DEBUG o.s.web.servlet.DispatcherServlet - GET "/api/v1/menu/left?menuNo=50", parameters={masked}
2026-03-16 17:03:10 [http-nio-8080-exec-2] TRACE o.s.w.s.m.m.a.RequestMappingHandlerMapping - Mapped to com.company.project.api.controller.menu.MenuController#getLeftMenu(Long)
2026-03-16 17:03:10 [http-nio-8080-exec-2] INFO  c.c.p.a.c.menu.MenuController - getLeftMenu called with menuNo=50
2026-03-16 17:03:10 [http-nio-8080-exec-2] DEBUG o.s.orm.jpa.JpaTransactionManager - Creating new transaction with name [com.company.project.service.menu.MenuService.getSubMenus]: PROPAGATION_REQUIRED,ISOLATION_DEFAULT,readOnly
2026-03-16 17:03:10 [http-nio-8080-exec-2] DEBUG o.s.orm.jpa.JpaTransactionManager - Opened new EntityManager [SessionImpl(628084578<open>)] for JPA transaction
2026-03-16 17:03:10 [http-nio-8080-exec-2] DEBUG o.s.orm.jpa.JpaTransactionManager - Exposing JPA transaction as JDBC [org.springframework.orm.jpa.vendor.HibernateJpaDialect$HibernateConnectionHandle@7c1dc568]
2026-03-16 17:03:10 [http-nio-8080-exec-2] DEBUG org.hibernate.SQL - select m1_0.menu_no,m1_0.menu_dc,m1_0.menu_nm,m1_0.menu_ordr,m1_0.modern_route,m1_0.progrm_file_nm,m1_0.relate_image_nm,m1_0.relate_image_path,m1_0.route_updated_at,m1_0.upper_menu_no from nmenuinfo m1_0 order by m1_0.upper_menu_no,m1_0.menu_ordr
2026-03-16 17:03:11 [http-nio-8080-exec-2] DEBUG o.s.orm.jpa.JpaTransactionManager - Found thread-bound EntityManager [SessionImpl(628084578<open>)] for JPA transaction
2026-03-16 17:03:11 [http-nio-8080-exec-2] DEBUG o.s.orm.jpa.JpaTransactionManager - Participating in existing transaction
2026-03-16 17:03:11 [http-nio-8080-exec-2] DEBUG org.hibernate.SQL - select p1_0.progrm_file_nm,p1_0.progrm_dc,p1_0.progrm_korean_nm,p1_0.progrm_stre_path,p1_0.url from nprogrmlist p1_0
2026-03-16 17:03:11 [http-nio-8080-exec-2] DEBUG o.s.orm.jpa.JpaTransactionManager - Initiating transaction commit
2026-03-16 17:03:11 [http-nio-8080-exec-2] DEBUG o.s.orm.jpa.JpaTransactionManager - Committing JPA transaction on EntityManager [SessionImpl(628084578<open>)]
2026-03-16 17:03:11 [MessageBroker-11] DEBUG o.s.w.s.s.t.h.DefaultSockJsService - Closed 1 sessions: [rbnbqfud]
2026-03-16 17:03:11 [http-nio-8080-exec-2] DEBUG o.s.orm.jpa.JpaTransactionManager - Closing JPA EntityManager [SessionImpl(628084578<open>)] after transaction
2026-03-16 17:03:11 [http-nio-8080-exec-2] INFO  c.c.p.a.c.menu.MenuController - getLeftMenu returned 3 items
2026-03-16 17:03:11 [http-nio-8080-exec-2] DEBUG o.s.w.s.m.m.a.HttpEntityMethodProcessor - Using 'application/json', given [application/json, text/plain, */*] and supported [application/json, application/*+json, application/yaml]
2026-03-16 17:03:11 [http-nio-8080-exec-2] TRACE o.s.w.s.m.m.a.HttpEntityMethodProcessor - Writing [ApiResponse[success=true, status=200, code=COMMON_001, message=Success, data={list=[com.company.project.service.menu.dto.MenuDto@4357ec3f, com.company.project.service.menu.dto.MenuDto@379787d9, com.company.project.service.menu.dto.MenuDto@2336aba0]}, timestamp=2026-03-16T17:03:11.563413900]]
2026-03-16 17:03:11 [http-nio-8080-exec-2] INFO  c.c.p.a.i.OperationalAuditInterceptor - API Audit Log: URL=/api/v1/menu/left, User=user_regular, IP=127.0.0.1
2026-03-16 17:03:11 [http-nio-8080-exec-2] DEBUG o.s.web.servlet.DispatcherServlet - Completed 200 OK
2026-03-16 17:03:11 [http-nio-8080-exec-10] DEBUG c.c.p.s.jwt.JwtAuthenticationFilter - >>> [JwtFilter] Processing request: GET /api/v1/menu/left
2026-03-16 17:03:11 [http-nio-8080-exec-10] DEBUG c.c.p.s.jwt.JwtAuthenticationFilter - >>> [JwtFilter] Found token in header for path: /api/v1/menu/left
2026-03-16 17:03:11 [http-nio-8080-exec-10] DEBUG o.s.orm.jpa.JpaTransactionManager - Creating new transaction with name [com.company.project.security.iam.CustomUserDetailsService.loadUserByUsername]: PROPAGATION_REQUIRED,ISOLATION_DEFAULT,readOnly
2026-03-16 17:03:11 [http-nio-8080-exec-10] DEBUG o.s.orm.jpa.JpaTransactionManager - Opened new EntityManager [SessionImpl(1342815819<open>)] for JPA transaction
2026-03-16 17:03:11 [http-nio-8080-exec-10] DEBUG o.s.orm.jpa.JpaTransactionManager - Exposing JPA transaction as JDBC [org.springframework.orm.jpa.vendor.HibernateJpaDialect$HibernateConnectionHandle@7a644fba]
2026-03-16 17:03:11 [http-nio-8080-exec-10] DEBUG o.s.orm.jpa.JpaTransactionManager - Found thread-bound EntityManager [SessionImpl(1342815819<open>)] for JPA transaction
2026-03-16 17:03:11 [http-nio-8080-exec-10] DEBUG o.s.orm.jpa.JpaTransactionManager - Participating in existing transaction
2026-03-16 17:03:11 [http-nio-8080-exec-10] DEBUG org.hibernate.SQL - select u1_0.emplyr_id,u1_0.area_no,u1_0.brthdy,u1_0.chg_pwd_cnt,u1_0.frst_register_id,u1_0.frst_regist_pnttm,u1_0.detail_adres,u1_0.email_adres,u1_0.emplyr_sttus_code,u1_0.empl_no,u1_0.esntl_id,u1_0.fxnum,u1_0.group_id,u1_0.house_adres,u1_0.house_end_telno,u1_0.house_middle_telno,u1_0.ihidnum,u1_0.pstinst_code,u1_0.last_updusr_id,u1_0.last_updt_pnttm,u1_0.lock_at,u1_0.lock_cnt,u1_0.lock_last_pnttm,u1_0.mbtlnum,u1_0.ofcps_nm,u1_0.offm_telno,u1_0.orgnzt_id,u1_0.password,u1_0.password_cnsr,u1_0.password_hint,u1_0.chg_pwd_last_pnttm,u1_0.role,u1_0.sbscrb_de,u1_0.sexdstn_code,u1_0.crtfc_dn_value,u1_0.user_nm,u1_0.zip from nemplyrinfo u1_0 where u1_0.emplyr_id=?
2026-03-16 17:03:11 [http-nio-8080-exec-10] DEBUG o.s.orm.jpa.JpaTransactionManager - Found thread-bound EntityManager [SessionImpl(1342815819<open>)] for JPA transaction
2026-03-16 17:03:11 [http-nio-8080-exec-10] DEBUG o.s.orm.jpa.JpaTransactionManager - Participating in existing transaction
2026-03-16 17:03:11 [http-nio-8080-exec-10] DEBUG org.hibernate.SQL - select ua1_0.scrty_dtrmn_trget_id,ua1_0.author_code,ua1_0.frst_register_id,ua1_0.frst_regist_pnttm,ua1_0.last_updusr_id,ua1_0.last_updt_pnttm,ua1_0.mber_ty_code from nemplyrscrtyestbs ua1_0 where ua1_0.scrty_dtrmn_trget_id=?
2026-03-16 17:03:12 [http-nio-8080-exec-10] DEBUG o.s.orm.jpa.JpaTransactionManager - Initiating transaction commit
2026-03-16 17:03:12 [http-nio-8080-exec-10] DEBUG o.s.orm.jpa.JpaTransactionManager - Committing JPA transaction on EntityManager [SessionImpl(1342815819<open>)]
2026-03-16 17:03:12 [http-nio-8080-exec-10] DEBUG o.s.orm.jpa.JpaTransactionManager - Closing JPA EntityManager [SessionImpl(1342815819<open>)] after transaction
2026-03-16 17:03:12 [http-nio-8080-exec-10] DEBUG c.c.p.s.jwt.JwtAuthenticationFilter - >>> [JwtFilter] Successfully authenticated user: USRCNFRM_00000000002, Authorities: [ROLE_USER]
2026-03-16 17:03:12 [http-nio-8080-exec-10] DEBUG o.s.web.servlet.DispatcherServlet - GET "/api/v1/menu/left?menuNo=60", parameters={masked}
2026-03-16 17:03:12 [http-nio-8080-exec-10] TRACE o.s.w.s.m.m.a.RequestMappingHandlerMapping - Mapped to com.company.project.api.controller.menu.MenuController#getLeftMenu(Long)
2026-03-16 17:03:12 [http-nio-8080-exec-10] INFO  c.c.p.a.c.menu.MenuController - getLeftMenu called with menuNo=60
2026-03-16 17:03:12 [http-nio-8080-exec-10] DEBUG o.s.orm.jpa.JpaTransactionManager - Creating new transaction with name [com.company.project.service.menu.MenuService.getSubMenus]: PROPAGATION_REQUIRED,ISOLATION_DEFAULT,readOnly
2026-03-16 17:03:12 [http-nio-8080-exec-10] DEBUG o.s.orm.jpa.JpaTransactionManager - Opened new EntityManager [SessionImpl(767816236<open>)] for JPA transaction
2026-03-16 17:03:12 [http-nio-8080-exec-10] DEBUG o.s.orm.jpa.JpaTransactionManager - Exposing JPA transaction as JDBC [org.springframework.orm.jpa.vendor.HibernateJpaDialect$HibernateConnectionHandle@31362d4f]
2026-03-16 17:03:12 [http-nio-8080-exec-10] DEBUG org.hibernate.SQL - select m1_0.menu_no,m1_0.menu_dc,m1_0.menu_nm,m1_0.menu_ordr,m1_0.modern_route,m1_0.progrm_file_nm,m1_0.relate_image_nm,m1_0.relate_image_path,m1_0.route_updated_at,m1_0.upper_menu_no from nmenuinfo m1_0 order by m1_0.upper_menu_no,m1_0.menu_ordr
2026-03-16 17:03:12 [http-nio-8080-exec-10] DEBUG o.s.orm.jpa.JpaTransactionManager - Found thread-bound EntityManager [SessionImpl(767816236<open>)] for JPA transaction
2026-03-16 17:03:12 [http-nio-8080-exec-10] DEBUG o.s.orm.jpa.JpaTransactionManager - Participating in existing transaction
2026-03-16 17:03:12 [http-nio-8080-exec-10] DEBUG org.hibernate.SQL - select p1_0.progrm_file_nm,p1_0.progrm_dc,p1_0.progrm_korean_nm,p1_0.progrm_stre_path,p1_0.url from nprogrmlist p1_0
2026-03-16 17:03:12 [http-nio-8080-exec-10] DEBUG o.s.orm.jpa.JpaTransactionManager - Initiating transaction commit
2026-03-16 17:03:12 [http-nio-8080-exec-10] DEBUG o.s.orm.jpa.JpaTransactionManager - Committing JPA transaction on EntityManager [SessionImpl(767816236<open>)]
2026-03-16 17:03:12 [http-nio-8080-exec-10] DEBUG o.s.orm.jpa.JpaTransactionManager - Closing JPA EntityManager [SessionImpl(767816236<open>)] after transaction
2026-03-16 17:03:12 [http-nio-8080-exec-10] INFO  c.c.p.a.c.menu.MenuController - getLeftMenu returned 1 items
2026-03-16 17:03:12 [http-nio-8080-exec-10] DEBUG o.s.w.s.m.m.a.HttpEntityMethodProcessor - Using 'application/json', given [application/json, text/plain, */*] and supported [application/json, application/*+json, application/yaml]
2026-03-16 17:03:12 [http-nio-8080-exec-10] TRACE o.s.w.s.m.m.a.HttpEntityMethodProcessor - Writing [ApiResponse[success=true, status=200, code=COMMON_001, message=Success, data={list=[com.company.project.service.menu.dto.MenuDto@25c12ed0]}, timestamp=2026-03-16T17:03:12.838130600]]
2026-03-16 17:03:12 [http-nio-8080-exec-10] INFO  c.c.p.a.i.OperationalAuditInterceptor - API Audit Log: URL=/api/v1/menu/left, User=user_regular, IP=127.0.0.1
2026-03-16 17:03:12 [http-nio-8080-exec-10] DEBUG o.s.web.servlet.DispatcherServlet - Completed 200 OK
2026-03-16 17:04:04 [http-nio-8080-exec-3] DEBUG o.s.w.s.h.LoggingWebSocketHandlerDecorator - WebSocketServerSockJsSession[id=rwiof0ur] closed with CloseStatus[code=1001, reason=null]
2026-03-16 17:04:04 [http-nio-8080-exec-3] DEBUG o.s.w.s.m.SubProtocolWebSocketHandler - Clearing session rwiof0ur
2026-03-16 17:04:04 [scheduling-1] DEBUG org.springframework.web.SimpLogging - Processing DISCONNECT session=rwiof0ur
2026-03-16 17:04:04 [scheduling-1] DEBUG o.s.w.s.m.SubProtocolWebSocketHandler - No session for GenericMessage [payload=byte[0], headers={simpMessageType=DISCONNECT_ACK, simpDisconnectMessage=GenericMessage [payload=byte[0], headers={simpMessageType=DISCONNECT, stompCommand=DISCONNECT, simpSessionAttributes={org.springframework.messaging.simp.SimpAttributes.COMPLETED=true}, simpSessionId=rwiof0ur}], simpSessionId=rwiof0ur}]
2026-03-16 17:04:08 [MessageBroker-6] INFO  o.s.w.s.c.WebSocketMessageBrokerStats - WebSocketSession[0 current WS(0)-HttpStream(0)-HttpPoll(0), 42 total, 0 closed abnormally (0 connect failure, 0 send limit, 0 transport error)], stompSubProtocol[processed CONNECT(42)-CONNECTED(42)-DISCONNECT(4)], stompBrokerRelay[null], inboundChannel[unknown], outboundChannel[unknown], sockJsScheduler[pool size = 12, active threads = 1, queued tasks = 1, completed tasks = 150]
2026-03-16 17:04:09 [http-nio-8080-exec-15] DEBUG c.c.p.s.jwt.JwtAuthenticationFilter - >>> [JwtFilter] Processing request: GET /api/v1/menu/head
2026-03-16 17:04:09 [http-nio-8080-exec-15] DEBUG c.c.p.s.jwt.JwtAuthenticationFilter - >>> [JwtFilter] Found token in header for path: /api/v1/menu/head
2026-03-16 17:04:09 [http-nio-8080-exec-9] DEBUG c.c.p.s.jwt.JwtAuthenticationFilter - >>> [JwtFilter] Processing request: GET /api/v1/dashboard
2026-03-16 17:04:09 [http-nio-8080-exec-9] DEBUG c.c.p.s.jwt.JwtAuthenticationFilter - >>> [JwtFilter] Found token in header for path: /api/v1/dashboard
2026-03-16 17:04:09 [http-nio-8080-exec-15] DEBUG o.s.orm.jpa.JpaTransactionManager - Creating new transaction with name [com.company.project.security.iam.CustomUserDetailsService.loadUserByUsername]: PROPAGATION_REQUIRED,ISOLATION_DEFAULT,readOnly
2026-03-16 17:04:09 [http-nio-8080-exec-15] DEBUG o.s.orm.jpa.JpaTransactionManager - Opened new EntityManager [SessionImpl(400024152<open>)] for JPA transaction
2026-03-16 17:04:09 [http-nio-8080-exec-9] DEBUG o.s.orm.jpa.JpaTransactionManager - Creating new transaction with name [com.company.project.security.iam.CustomUserDetailsService.loadUserByUsername]: PROPAGATION_REQUIRED,ISOLATION_DEFAULT,readOnly
2026-03-16 17:04:09 [http-nio-8080-exec-9] DEBUG o.s.orm.jpa.JpaTransactionManager - Opened new EntityManager [SessionImpl(1989575848<open>)] for JPA transaction
2026-03-16 17:04:09 [http-nio-8080-exec-9] DEBUG o.s.orm.jpa.JpaTransactionManager - Exposing JPA transaction as JDBC [org.springframework.orm.jpa.vendor.HibernateJpaDialect$HibernateConnectionHandle@13bb440d]
2026-03-16 17:04:09 [http-nio-8080-exec-9] DEBUG o.s.orm.jpa.JpaTransactionManager - Found thread-bound EntityManager [SessionImpl(1989575848<open>)] for JPA transaction
2026-03-16 17:04:09 [http-nio-8080-exec-9] DEBUG o.s.orm.jpa.JpaTransactionManager - Participating in existing transaction
2026-03-16 17:04:09 [http-nio-8080-exec-9] DEBUG org.hibernate.SQL - select u1_0.emplyr_id,u1_0.area_no,u1_0.brthdy,u1_0.chg_pwd_cnt,u1_0.frst_register_id,u1_0.frst_regist_pnttm,u1_0.detail_adres,u1_0.email_adres,u1_0.emplyr_sttus_code,u1_0.empl_no,u1_0.esntl_id,u1_0.fxnum,u1_0.group_id,u1_0.house_adres,u1_0.house_end_telno,u1_0.house_middle_telno,u1_0.ihidnum,u1_0.pstinst_code,u1_0.last_updusr_id,u1_0.last_updt_pnttm,u1_0.lock_at,u1_0.lock_cnt,u1_0.lock_last_pnttm,u1_0.mbtlnum,u1_0.ofcps_nm,u1_0.offm_telno,u1_0.orgnzt_id,u1_0.password,u1_0.password_cnsr,u1_0.password_hint,u1_0.chg_pwd_last_pnttm,u1_0.role,u1_0.sbscrb_de,u1_0.sexdstn_code,u1_0.crtfc_dn_value,u1_0.user_nm,u1_0.zip from nemplyrinfo u1_0 where u1_0.emplyr_id=?
2026-03-16 17:04:09 [http-nio-8080-exec-15] DEBUG o.s.orm.jpa.JpaTransactionManager - Exposing JPA transaction as JDBC [org.springframework.orm.jpa.vendor.HibernateJpaDialect$HibernateConnectionHandle@66e1d626]
2026-03-16 17:04:09 [http-nio-8080-exec-15] DEBUG o.s.orm.jpa.JpaTransactionManager - Found thread-bound EntityManager [SessionImpl(400024152<open>)] for JPA transaction
2026-03-16 17:04:09 [http-nio-8080-exec-15] DEBUG o.s.orm.jpa.JpaTransactionManager - Participating in existing transaction
2026-03-16 17:04:09 [http-nio-8080-exec-15] DEBUG org.hibernate.SQL - select u1_0.emplyr_id,u1_0.area_no,u1_0.brthdy,u1_0.chg_pwd_cnt,u1_0.frst_register_id,u1_0.frst_regist_pnttm,u1_0.detail_adres,u1_0.email_adres,u1_0.emplyr_sttus_code,u1_0.empl_no,u1_0.esntl_id,u1_0.fxnum,u1_0.group_id,u1_0.house_adres,u1_0.house_end_telno,u1_0.house_middle_telno,u1_0.ihidnum,u1_0.pstinst_code,u1_0.last_updusr_id,u1_0.last_updt_pnttm,u1_0.lock_at,u1_0.lock_cnt,u1_0.lock_last_pnttm,u1_0.mbtlnum,u1_0.ofcps_nm,u1_0.offm_telno,u1_0.orgnzt_id,u1_0.password,u1_0.password_cnsr,u1_0.password_hint,u1_0.chg_pwd_last_pnttm,u1_0.role,u1_0.sbscrb_de,u1_0.sexdstn_code,u1_0.crtfc_dn_value,u1_0.user_nm,u1_0.zip from nemplyrinfo u1_0 where u1_0.emplyr_id=?
2026-03-16 17:04:09 [http-nio-8080-exec-9] DEBUG o.s.orm.jpa.JpaTransactionManager - Found thread-bound EntityManager [SessionImpl(1989575848<open>)] for JPA transaction
2026-03-16 17:04:09 [http-nio-8080-exec-9] DEBUG o.s.orm.jpa.JpaTransactionManager - Participating in existing transaction
2026-03-16 17:04:09 [http-nio-8080-exec-9] DEBUG org.hibernate.SQL - select ua1_0.scrty_dtrmn_trget_id,ua1_0.author_code,ua1_0.frst_register_id,ua1_0.frst_regist_pnttm,ua1_0.last_updusr_id,ua1_0.last_updt_pnttm,ua1_0.mber_ty_code from nemplyrscrtyestbs ua1_0 where ua1_0.scrty_dtrmn_trget_id=?
2026-03-16 17:04:10 [http-nio-8080-exec-15] DEBUG o.s.orm.jpa.JpaTransactionManager - Found thread-bound EntityManager [SessionImpl(400024152<open>)] for JPA transaction
2026-03-16 17:04:10 [http-nio-8080-exec-15] DEBUG o.s.orm.jpa.JpaTransactionManager - Participating in existing transaction
2026-03-16 17:04:10 [http-nio-8080-exec-15] DEBUG org.hibernate.SQL - select ua1_0.scrty_dtrmn_trget_id,ua1_0.author_code,ua1_0.frst_register_id,ua1_0.frst_regist_pnttm,ua1_0.last_updusr_id,ua1_0.last_updt_pnttm,ua1_0.mber_ty_code from nemplyrscrtyestbs ua1_0 where ua1_0.scrty_dtrmn_trget_id=?
2026-03-16 17:04:10 [http-nio-8080-exec-9] DEBUG o.s.orm.jpa.JpaTransactionManager - Initiating transaction commit
2026-03-16 17:04:10 [http-nio-8080-exec-9] DEBUG o.s.orm.jpa.JpaTransactionManager - Committing JPA transaction on EntityManager [SessionImpl(1989575848<open>)]
2026-03-16 17:04:10 [http-nio-8080-exec-15] DEBUG o.s.orm.jpa.JpaTransactionManager - Initiating transaction commit
2026-03-16 17:04:10 [http-nio-8080-exec-15] DEBUG o.s.orm.jpa.JpaTransactionManager - Committing JPA transaction on EntityManager [SessionImpl(400024152<open>)]
2026-03-16 17:04:10 [http-nio-8080-exec-9] DEBUG o.s.orm.jpa.JpaTransactionManager - Closing JPA EntityManager [SessionImpl(1989575848<open>)] after transaction
2026-03-16 17:04:10 [http-nio-8080-exec-9] DEBUG c.c.p.s.jwt.JwtAuthenticationFilter - >>> [JwtFilter] Successfully authenticated user: USRCNFRM_00000000002, Authorities: [ROLE_USER]
2026-03-16 17:04:10 [http-nio-8080-exec-9] DEBUG o.s.web.servlet.DispatcherServlet - GET "/api/v1/dashboard", parameters={}
2026-03-16 17:04:10 [http-nio-8080-exec-9] TRACE o.s.w.s.m.m.a.RequestMappingHandlerMapping - Mapped to com.company.project.api.controller.main.DashboardController#getDashboardData(UserDetails)
2026-03-16 17:04:10 [http-nio-8080-exec-9] INFO  c.c.p.a.c.main.DashboardController - >>> [Dashboard] Fetching data for user: USRCNFRM_00000000002
2026-03-16 17:04:10 [http-nio-8080-exec-9] DEBUG o.s.orm.jpa.JpaTransactionManager - Creating new transaction with name [com.company.project.service.board.BoardService.getBoardPosts]: PROPAGATION_REQUIRED,ISOLATION_DEFAULT,readOnly
2026-03-16 17:04:10 [http-nio-8080-exec-9] DEBUG o.s.orm.jpa.JpaTransactionManager - Opened new EntityManager [SessionImpl(336783274<open>)] for JPA transaction
2026-03-16 17:04:10 [http-nio-8080-exec-9] DEBUG o.s.orm.jpa.JpaTransactionManager - Exposing JPA transaction as JDBC [org.springframework.orm.jpa.vendor.HibernateJpaDialect$HibernateConnectionHandle@74337336]
2026-03-16 17:04:10 [http-nio-8080-exec-9] DEBUG o.s.orm.jpa.JpaTransactionManager - Found thread-bound EntityManager [SessionImpl(336783274<open>)] for JPA transaction
2026-03-16 17:04:10 [http-nio-8080-exec-9] DEBUG o.s.orm.jpa.JpaTransactionManager - Participating in existing transaction
2026-03-16 17:04:10 [http-nio-8080-exec-9] DEBUG org.hibernate.SQL - select bm1_0.bbs_id,bm1_0.atch_posbl_file_number,bm1_0.atch_posbl_file_size,bm1_0.bbs_attrb_code,bm1_0.bbs_intrcn,bm1_0.bbs_nm,bm1_0.bbs_ty_code,bm1_0.blog_at,bm1_0.blog_id,bm1_0.cmmnty_id,bm1_0.frst_register_id,bm1_0.frst_regist_pnttm,bm1_0.file_atch_posbl_at,bm1_0.last_updusr_id,bm1_0.last_updt_pnttm,bm1_0.reply_posbl_at,bm1_0.tmplat_id,bm1_0.use_at,bm1_1.answer_at,bm1_1.stsfdg_at from nbbsmaster bm1_0 left join nbbsmasteroptn bm1_1 on bm1_0.bbs_id=bm1_1.bbs_id where bm1_0.bbs_id=?
2026-03-16 17:04:10 [http-nio-8080-exec-15] DEBUG o.s.orm.jpa.JpaTransactionManager - Closing JPA EntityManager [SessionImpl(400024152<open>)] after transaction
2026-03-16 17:04:10 [http-nio-8080-exec-15] DEBUG c.c.p.s.jwt.JwtAuthenticationFilter - >>> [JwtFilter] Successfully authenticated user: USRCNFRM_00000000002, Authorities: [ROLE_USER]
2026-03-16 17:04:10 [http-nio-8080-exec-15] DEBUG o.s.web.servlet.DispatcherServlet - GET "/api/v1/menu/head", parameters={}
2026-03-16 17:04:10 [http-nio-8080-exec-15] TRACE o.s.w.s.m.m.a.RequestMappingHandlerMapping - Mapped to com.company.project.api.controller.menu.MenuController#getHeadMenu()
2026-03-16 17:04:10 [http-nio-8080-exec-15] INFO  c.c.p.a.c.menu.MenuController - getHeadMenu called
2026-03-16 17:04:10 [http-nio-8080-exec-15] INFO  c.c.p.a.c.menu.MenuController - getHeadMenu returned 5 items
2026-03-16 17:04:10 [http-nio-8080-exec-15] DEBUG o.s.w.s.m.m.a.HttpEntityMethodProcessor - Using 'application/json', given [application/json, text/plain, */*] and supported [application/json, application/*+json, application/yaml]
2026-03-16 17:04:10 [http-nio-8080-exec-15] TRACE o.s.w.s.m.m.a.HttpEntityMethodProcessor - Writing [ApiResponse[success=true, status=200, code=COMMON_001, message=Success, data={list=[com.company.project.service.menu.dto.MenuDto@4839fef0, com.company.project.service.menu.dto.MenuDto@1c69c1c2, com.company.project.service.menu.dto.MenuDto@6f5d2c3d, com.company.project.service.menu.dto.MenuDto@6314b47d, com.company.project.service.menu.dto.MenuDto@645d0891]}, timestamp=2026-03-16T17:04:10.313112800]]
2026-03-16 17:04:10 [http-nio-8080-exec-15] INFO  c.c.p.a.i.OperationalAuditInterceptor - API Audit Log: URL=/api/v1/menu/head, User=user_regular, IP=0:0:0:0:0:0:0:1
2026-03-16 17:04:10 [http-nio-8080-exec-15] DEBUG o.s.web.servlet.DispatcherServlet - Completed 200 OK
2026-03-16 17:04:10 [http-nio-8080-exec-17] DEBUG c.c.p.s.jwt.JwtAuthenticationFilter - >>> [JwtFilter] Processing request: GET /api/v1/menu/left
2026-03-16 17:04:10 [http-nio-8080-exec-17] DEBUG c.c.p.s.jwt.JwtAuthenticationFilter - >>> [JwtFilter] Found token in header for path: /api/v1/menu/left
2026-03-16 17:04:10 [http-nio-8080-exec-17] DEBUG o.s.orm.jpa.JpaTransactionManager - Creating new transaction with name [com.company.project.security.iam.CustomUserDetailsService.loadUserByUsername]: PROPAGATION_REQUIRED,ISOLATION_DEFAULT,readOnly
2026-03-16 17:04:10 [http-nio-8080-exec-17] DEBUG o.s.orm.jpa.JpaTransactionManager - Opened new EntityManager [SessionImpl(869129122<open>)] for JPA transaction
2026-03-16 17:04:10 [http-nio-8080-exec-12] DEBUG c.c.p.s.jwt.JwtAuthenticationFilter - >>> [JwtFilter] Processing request: GET /api/v1/menu/left
2026-03-16 17:04:10 [http-nio-8080-exec-8] DEBUG c.c.p.s.jwt.JwtAuthenticationFilter - >>> [JwtFilter] Processing request: GET /api/v1/menu/left
2026-03-16 17:04:10 [http-nio-8080-exec-19] DEBUG c.c.p.s.jwt.JwtAuthenticationFilter - >>> [JwtFilter] Processing request: GET /api/v1/menu/left
2026-03-16 17:04:10 [http-nio-8080-exec-12] DEBUG c.c.p.s.jwt.JwtAuthenticationFilter - >>> [JwtFilter] Found token in header for path: /api/v1/menu/left
2026-03-16 17:04:10 [http-nio-8080-exec-2] DEBUG c.c.p.s.jwt.JwtAuthenticationFilter - >>> [JwtFilter] Processing request: GET /api/v1/menu/left
2026-03-16 17:04:10 [http-nio-8080-exec-2] DEBUG c.c.p.s.jwt.JwtAuthenticationFilter - >>> [JwtFilter] Found token in header for path: /api/v1/menu/left
2026-03-16 17:04:10 [http-nio-8080-exec-8] DEBUG c.c.p.s.jwt.JwtAuthenticationFilter - >>> [JwtFilter] Found token in header for path: /api/v1/menu/left
2026-03-16 17:04:10 [http-nio-8080-exec-19] DEBUG c.c.p.s.jwt.JwtAuthenticationFilter - >>> [JwtFilter] Found token in header for path: /api/v1/menu/left
2026-03-16 17:04:10 [http-nio-8080-exec-12] DEBUG o.s.orm.jpa.JpaTransactionManager - Creating new transaction with name [com.company.project.security.iam.CustomUserDetailsService.loadUserByUsername]: PROPAGATION_REQUIRED,ISOLATION_DEFAULT,readOnly
2026-03-16 17:04:10 [http-nio-8080-exec-12] DEBUG o.s.orm.jpa.JpaTransactionManager - Opened new EntityManager [SessionImpl(604719356<open>)] for JPA transaction
2026-03-16 17:04:10 [http-nio-8080-exec-12] DEBUG o.s.orm.jpa.JpaTransactionManager - Exposing JPA transaction as JDBC [org.springframework.orm.jpa.vendor.HibernateJpaDialect$HibernateConnectionHandle@672bdca8]
2026-03-16 17:04:10 [http-nio-8080-exec-12] DEBUG o.s.orm.jpa.JpaTransactionManager - Found thread-bound EntityManager [SessionImpl(604719356<open>)] for JPA transaction
2026-03-16 17:04:10 [http-nio-8080-exec-12] DEBUG o.s.orm.jpa.JpaTransactionManager - Participating in existing transaction
2026-03-16 17:04:10 [http-nio-8080-exec-2] DEBUG o.s.orm.jpa.JpaTransactionManager - Creating new transaction with name [com.company.project.security.iam.CustomUserDetailsService.loadUserByUsername]: PROPAGATION_REQUIRED,ISOLATION_DEFAULT,readOnly
2026-03-16 17:04:10 [http-nio-8080-exec-19] DEBUG o.s.orm.jpa.JpaTransactionManager - Creating new transaction with name [com.company.project.security.iam.CustomUserDetailsService.loadUserByUsername]: PROPAGATION_REQUIRED,ISOLATION_DEFAULT,readOnly
2026-03-16 17:04:10 [http-nio-8080-exec-8] DEBUG o.s.orm.jpa.JpaTransactionManager - Creating new transaction with name [com.company.project.security.iam.CustomUserDetailsService.loadUserByUsername]: PROPAGATION_REQUIRED,ISOLATION_DEFAULT,readOnly
2026-03-16 17:04:10 [http-nio-8080-exec-12] DEBUG org.hibernate.SQL - select u1_0.emplyr_id,u1_0.area_no,u1_0.brthdy,u1_0.chg_pwd_cnt,u1_0.frst_register_id,u1_0.frst_regist_pnttm,u1_0.detail_adres,u1_0.email_adres,u1_0.emplyr_sttus_code,u1_0.empl_no,u1_0.esntl_id,u1_0.fxnum,u1_0.group_id,u1_0.house_adres,u1_0.house_end_telno,u1_0.house_middle_telno,u1_0.ihidnum,u1_0.pstinst_code,u1_0.last_updusr_id,u1_0.last_updt_pnttm,u1_0.lock_at,u1_0.lock_cnt,u1_0.lock_last_pnttm,u1_0.mbtlnum,u1_0.ofcps_nm,u1_0.offm_telno,u1_0.orgnzt_id,u1_0.password,u1_0.password_cnsr,u1_0.password_hint,u1_0.chg_pwd_last_pnttm,u1_0.role,u1_0.sbscrb_de,u1_0.sexdstn_code,u1_0.crtfc_dn_value,u1_0.user_nm,u1_0.zip from nemplyrinfo u1_0 where u1_0.emplyr_id=?
2026-03-16 17:04:10 [http-nio-8080-exec-2] DEBUG o.s.orm.jpa.JpaTransactionManager - Opened new EntityManager [SessionImpl(524848976<open>)] for JPA transaction
2026-03-16 17:04:10 [http-nio-8080-exec-19] DEBUG o.s.orm.jpa.JpaTransactionManager - Opened new EntityManager [SessionImpl(201452773<open>)] for JPA transaction
2026-03-16 17:04:10 [http-nio-8080-exec-8] DEBUG o.s.orm.jpa.JpaTransactionManager - Opened new EntityManager [SessionImpl(155563333<open>)] for JPA transaction
2026-03-16 17:04:10 [http-nio-8080-exec-9] DEBUG org.hibernate.SQL - select b1_0.ntt_id,b1_0.bbs_id,b1_0.ntt_sj,b1_0.ntcr_nm,b1_0.frst_regist_pnttm,b1_0.rdcnt,b1_0.answer_at,b1_0.parntsctt_no,b1_0.answer_lc,b1_0.sort_ordr,b1_0.ntt_no,b1_0.notice_at,b1_0.secret_at,b1_0.comment_co from nbbs b1_0 left join nemplyrinfo u1_0 on b1_0.frst_register_id=u1_0.esntl_id where (b1_0.use_at = 'Y') and b1_0.bbs_id=? order by b1_0.sort_ordr desc,b1_0.ntt_no offset ? rows fetch first ? rows only
2026-03-16 17:04:10 [http-nio-8080-exec-17] DEBUG o.s.orm.jpa.JpaTransactionManager - Exposing JPA transaction as JDBC [org.springframework.orm.jpa.vendor.HibernateJpaDialect$HibernateConnectionHandle@76b7cd6b]
2026-03-16 17:04:10 [http-nio-8080-exec-17] DEBUG o.s.orm.jpa.JpaTransactionManager - Found thread-bound EntityManager [SessionImpl(869129122<open>)] for JPA transaction
2026-03-16 17:04:10 [http-nio-8080-exec-17] DEBUG o.s.orm.jpa.JpaTransactionManager - Participating in existing transaction
2026-03-16 17:04:10 [http-nio-8080-exec-17] DEBUG org.hibernate.SQL - select u1_0.emplyr_id,u1_0.area_no,u1_0.brthdy,u1_0.chg_pwd_cnt,u1_0.frst_register_id,u1_0.frst_regist_pnttm,u1_0.detail_adres,u1_0.email_adres,u1_0.emplyr_sttus_code,u1_0.empl_no,u1_0.esntl_id,u1_0.fxnum,u1_0.group_id,u1_0.house_adres,u1_0.house_end_telno,u1_0.house_middle_telno,u1_0.ihidnum,u1_0.pstinst_code,u1_0.last_updusr_id,u1_0.last_updt_pnttm,u1_0.lock_at,u1_0.lock_cnt,u1_0.lock_last_pnttm,u1_0.mbtlnum,u1_0.ofcps_nm,u1_0.offm_telno,u1_0.orgnzt_id,u1_0.password,u1_0.password_cnsr,u1_0.password_hint,u1_0.chg_pwd_last_pnttm,u1_0.role,u1_0.sbscrb_de,u1_0.sexdstn_code,u1_0.crtfc_dn_value,u1_0.user_nm,u1_0.zip from nemplyrinfo u1_0 where u1_0.emplyr_id=?
2026-03-16 17:04:10 [http-nio-8080-exec-2] DEBUG o.s.orm.jpa.JpaTransactionManager - Exposing JPA transaction as JDBC [org.springframework.orm.jpa.vendor.HibernateJpaDialect$HibernateConnectionHandle@6302ae92]
2026-03-16 17:04:10 [http-nio-8080-exec-2] DEBUG o.s.orm.jpa.JpaTransactionManager - Found thread-bound EntityManager [SessionImpl(524848976<open>)] for JPA transaction
2026-03-16 17:04:10 [http-nio-8080-exec-2] DEBUG o.s.orm.jpa.JpaTransactionManager - Participating in existing transaction
2026-03-16 17:04:10 [http-nio-8080-exec-8] DEBUG o.s.orm.jpa.JpaTransactionManager - Exposing JPA transaction as JDBC [org.springframework.orm.jpa.vendor.HibernateJpaDialect$HibernateConnectionHandle@6f2e7ade]
2026-03-16 17:04:10 [http-nio-8080-exec-2] DEBUG org.hibernate.SQL - select u1_0.emplyr_id,u1_0.area_no,u1_0.brthdy,u1_0.chg_pwd_cnt,u1_0.frst_register_id,u1_0.frst_regist_pnttm,u1_0.detail_adres,u1_0.email_adres,u1_0.emplyr_sttus_code,u1_0.empl_no,u1_0.esntl_id,u1_0.fxnum,u1_0.group_id,u1_0.house_adres,u1_0.house_end_telno,u1_0.house_middle_telno,u1_0.ihidnum,u1_0.pstinst_code,u1_0.last_updusr_id,u1_0.last_updt_pnttm,u1_0.lock_at,u1_0.lock_cnt,u1_0.lock_last_pnttm,u1_0.mbtlnum,u1_0.ofcps_nm,u1_0.offm_telno,u1_0.orgnzt_id,u1_0.password,u1_0.password_cnsr,u1_0.password_hint,u1_0.chg_pwd_last_pnttm,u1_0.role,u1_0.sbscrb_de,u1_0.sexdstn_code,u1_0.crtfc_dn_value,u1_0.user_nm,u1_0.zip from nemplyrinfo u1_0 where u1_0.emplyr_id=?
2026-03-16 17:04:10 [http-nio-8080-exec-8] DEBUG o.s.orm.jpa.JpaTransactionManager - Found thread-bound EntityManager [SessionImpl(155563333<open>)] for JPA transaction
2026-03-16 17:04:10 [http-nio-8080-exec-8] DEBUG o.s.orm.jpa.JpaTransactionManager - Participating in existing transaction
2026-03-16 17:04:10 [http-nio-8080-exec-8] DEBUG org.hibernate.SQL - select u1_0.emplyr_id,u1_0.area_no,u1_0.brthdy,u1_0.chg_pwd_cnt,u1_0.frst_register_id,u1_0.frst_regist_pnttm,u1_0.detail_adres,u1_0.email_adres,u1_0.emplyr_sttus_code,u1_0.empl_no,u1_0.esntl_id,u1_0.fxnum,u1_0.group_id,u1_0.house_adres,u1_0.house_end_telno,u1_0.house_middle_telno,u1_0.ihidnum,u1_0.pstinst_code,u1_0.last_updusr_id,u1_0.last_updt_pnttm,u1_0.lock_at,u1_0.lock_cnt,u1_0.lock_last_pnttm,u1_0.mbtlnum,u1_0.ofcps_nm,u1_0.offm_telno,u1_0.orgnzt_id,u1_0.password,u1_0.password_cnsr,u1_0.password_hint,u1_0.chg_pwd_last_pnttm,u1_0.role,u1_0.sbscrb_de,u1_0.sexdstn_code,u1_0.crtfc_dn_value,u1_0.user_nm,u1_0.zip from nemplyrinfo u1_0 where u1_0.emplyr_id=?
2026-03-16 17:04:10 [http-nio-8080-exec-19] DEBUG o.s.orm.jpa.JpaTransactionManager - Exposing JPA transaction as JDBC [org.springframework.orm.jpa.vendor.HibernateJpaDialect$HibernateConnectionHandle@299cae5f]
2026-03-16 17:04:10 [http-nio-8080-exec-19] DEBUG o.s.orm.jpa.JpaTransactionManager - Found thread-bound EntityManager [SessionImpl(201452773<open>)] for JPA transaction
2026-03-16 17:04:10 [http-nio-8080-exec-19] DEBUG o.s.orm.jpa.JpaTransactionManager - Participating in existing transaction
2026-03-16 17:04:10 [http-nio-8080-exec-19] DEBUG org.hibernate.SQL - select u1_0.emplyr_id,u1_0.area_no,u1_0.brthdy,u1_0.chg_pwd_cnt,u1_0.frst_register_id,u1_0.frst_regist_pnttm,u1_0.detail_adres,u1_0.email_adres,u1_0.emplyr_sttus_code,u1_0.empl_no,u1_0.esntl_id,u1_0.fxnum,u1_0.group_id,u1_0.house_adres,u1_0.house_end_telno,u1_0.house_middle_telno,u1_0.ihidnum,u1_0.pstinst_code,u1_0.last_updusr_id,u1_0.last_updt_pnttm,u1_0.lock_at,u1_0.lock_cnt,u1_0.lock_last_pnttm,u1_0.mbtlnum,u1_0.ofcps_nm,u1_0.offm_telno,u1_0.orgnzt_id,u1_0.password,u1_0.password_cnsr,u1_0.password_hint,u1_0.chg_pwd_last_pnttm,u1_0.role,u1_0.sbscrb_de,u1_0.sexdstn_code,u1_0.crtfc_dn_value,u1_0.user_nm,u1_0.zip from nemplyrinfo u1_0 where u1_0.emplyr_id=?
2026-03-16 17:04:10 [http-nio-8080-exec-12] DEBUG o.s.orm.jpa.JpaTransactionManager - Found thread-bound EntityManager [SessionImpl(604719356<open>)] for JPA transaction
2026-03-16 17:04:10 [http-nio-8080-exec-12] DEBUG o.s.orm.jpa.JpaTransactionManager - Participating in existing transaction
2026-03-16 17:04:10 [http-nio-8080-exec-12] DEBUG org.hibernate.SQL - select ua1_0.scrty_dtrmn_trget_id,ua1_0.author_code,ua1_0.frst_register_id,ua1_0.frst_regist_pnttm,ua1_0.last_updusr_id,ua1_0.last_updt_pnttm,ua1_0.mber_ty_code from nemplyrscrtyestbs ua1_0 where ua1_0.scrty_dtrmn_trget_id=?
2026-03-16 17:04:10 [http-nio-8080-exec-9] DEBUG org.hibernate.SQL - select count(b1_0.ntt_id) from nbbs b1_0 left join nemplyrinfo u1_0 on b1_0.frst_register_id=u1_0.esntl_id where (b1_0.use_at = 'Y') and b1_0.bbs_id=?
2026-03-16 17:04:10 [http-nio-8080-exec-2] DEBUG o.s.orm.jpa.JpaTransactionManager - Found thread-bound EntityManager [SessionImpl(524848976<open>)] for JPA transaction
2026-03-16 17:04:10 [http-nio-8080-exec-2] DEBUG o.s.orm.jpa.JpaTransactionManager - Participating in existing transaction
2026-03-16 17:04:10 [http-nio-8080-exec-2] DEBUG org.hibernate.SQL - select ua1_0.scrty_dtrmn_trget_id,ua1_0.author_code,ua1_0.frst_register_id,ua1_0.frst_regist_pnttm,ua1_0.last_updusr_id,ua1_0.last_updt_pnttm,ua1_0.mber_ty_code from nemplyrscrtyestbs ua1_0 where ua1_0.scrty_dtrmn_trget_id=?
2026-03-16 17:04:10 [http-nio-8080-exec-17] DEBUG o.s.orm.jpa.JpaTransactionManager - Found thread-bound EntityManager [SessionImpl(869129122<open>)] for JPA transaction
2026-03-16 17:04:10 [http-nio-8080-exec-8] DEBUG o.s.orm.jpa.JpaTransactionManager - Found thread-bound EntityManager [SessionImpl(155563333<open>)] for JPA transaction
2026-03-16 17:04:10 [http-nio-8080-exec-17] DEBUG o.s.orm.jpa.JpaTransactionManager - Participating in existing transaction
2026-03-16 17:04:10 [http-nio-8080-exec-8] DEBUG o.s.orm.jpa.JpaTransactionManager - Participating in existing transaction
2026-03-16 17:04:10 [http-nio-8080-exec-17] DEBUG org.hibernate.SQL - select ua1_0.scrty_dtrmn_trget_id,ua1_0.author_code,ua1_0.frst_register_id,ua1_0.frst_regist_pnttm,ua1_0.last_updusr_id,ua1_0.last_updt_pnttm,ua1_0.mber_ty_code from nemplyrscrtyestbs ua1_0 where ua1_0.scrty_dtrmn_trget_id=?
2026-03-16 17:04:10 [http-nio-8080-exec-8] DEBUG org.hibernate.SQL - select ua1_0.scrty_dtrmn_trget_id,ua1_0.author_code,ua1_0.frst_register_id,ua1_0.frst_regist_pnttm,ua1_0.last_updusr_id,ua1_0.last_updt_pnttm,ua1_0.mber_ty_code from nemplyrscrtyestbs ua1_0 where ua1_0.scrty_dtrmn_trget_id=?
2026-03-16 17:04:10 [http-nio-8080-exec-12] DEBUG o.s.orm.jpa.JpaTransactionManager - Initiating transaction commit
2026-03-16 17:04:10 [http-nio-8080-exec-19] DEBUG o.s.orm.jpa.JpaTransactionManager - Found thread-bound EntityManager [SessionImpl(201452773<open>)] for JPA transaction
2026-03-16 17:04:10 [http-nio-8080-exec-12] DEBUG o.s.orm.jpa.JpaTransactionManager - Committing JPA transaction on EntityManager [SessionImpl(604719356<open>)]
2026-03-16 17:04:10 [http-nio-8080-exec-19] DEBUG o.s.orm.jpa.JpaTransactionManager - Participating in existing transaction
2026-03-16 17:04:10 [http-nio-8080-exec-19] DEBUG org.hibernate.SQL - select ua1_0.scrty_dtrmn_trget_id,ua1_0.author_code,ua1_0.frst_register_id,ua1_0.frst_regist_pnttm,ua1_0.last_updusr_id,ua1_0.last_updt_pnttm,ua1_0.mber_ty_code from nemplyrscrtyestbs ua1_0 where ua1_0.scrty_dtrmn_trget_id=?
2026-03-16 17:04:10 [http-nio-8080-exec-9] DEBUG o.s.orm.jpa.JpaTransactionManager - Initiating transaction commit
2026-03-16 17:04:10 [http-nio-8080-exec-9] DEBUG o.s.orm.jpa.JpaTransactionManager - Committing JPA transaction on EntityManager [SessionImpl(336783274<open>)]
2026-03-16 17:04:10 [http-nio-8080-exec-2] DEBUG o.s.orm.jpa.JpaTransactionManager - Initiating transaction commit
2026-03-16 17:04:10 [http-nio-8080-exec-2] DEBUG o.s.orm.jpa.JpaTransactionManager - Committing JPA transaction on EntityManager [SessionImpl(524848976<open>)]
2026-03-16 17:04:10 [http-nio-8080-exec-17] DEBUG o.s.orm.jpa.JpaTransactionManager - Initiating transaction commit
2026-03-16 17:04:10 [http-nio-8080-exec-8] DEBUG o.s.orm.jpa.JpaTransactionManager - Initiating transaction commit
2026-03-16 17:04:10 [http-nio-8080-exec-17] DEBUG o.s.orm.jpa.JpaTransactionManager - Committing JPA transaction on EntityManager [SessionImpl(869129122<open>)]
2026-03-16 17:04:10 [http-nio-8080-exec-8] DEBUG o.s.orm.jpa.JpaTransactionManager - Committing JPA transaction on EntityManager [SessionImpl(155563333<open>)]
2026-03-16 17:04:10 [http-nio-8080-exec-12] DEBUG o.s.orm.jpa.JpaTransactionManager - Closing JPA EntityManager [SessionImpl(604719356<open>)] after transaction
2026-03-16 17:04:10 [http-nio-8080-exec-19] DEBUG o.s.orm.jpa.JpaTransactionManager - Initiating transaction commit
2026-03-16 17:04:10 [http-nio-8080-exec-12] DEBUG c.c.p.s.jwt.JwtAuthenticationFilter - >>> [JwtFilter] Successfully authenticated user: USRCNFRM_00000000002, Authorities: [ROLE_USER]
2026-03-16 17:04:10 [http-nio-8080-exec-19] DEBUG o.s.orm.jpa.JpaTransactionManager - Committing JPA transaction on EntityManager [SessionImpl(201452773<open>)]
2026-03-16 17:04:10 [http-nio-8080-exec-12] DEBUG o.s.web.servlet.DispatcherServlet - GET "/api/v1/menu/left?menuNo=40", parameters={masked}
2026-03-16 17:04:10 [http-nio-8080-exec-12] TRACE o.s.w.s.m.m.a.RequestMappingHandlerMapping - Mapped to com.company.project.api.controller.menu.MenuController#getLeftMenu(Long)
2026-03-16 17:04:10 [http-nio-8080-exec-12] INFO  c.c.p.a.c.menu.MenuController - getLeftMenu called with menuNo=40
2026-03-16 17:04:10 [http-nio-8080-exec-12] DEBUG o.s.orm.jpa.JpaTransactionManager - Creating new transaction with name [com.company.project.service.menu.MenuService.getSubMenus]: PROPAGATION_REQUIRED,ISOLATION_DEFAULT,readOnly
2026-03-16 17:04:10 [http-nio-8080-exec-12] DEBUG o.s.orm.jpa.JpaTransactionManager - Opened new EntityManager [SessionImpl(165295824<open>)] for JPA transaction
2026-03-16 17:04:10 [http-nio-8080-exec-12] DEBUG o.s.orm.jpa.JpaTransactionManager - Exposing JPA transaction as JDBC [org.springframework.orm.jpa.vendor.HibernateJpaDialect$HibernateConnectionHandle@7912ca71]
2026-03-16 17:04:10 [http-nio-8080-exec-12] DEBUG org.hibernate.SQL - select m1_0.menu_no,m1_0.menu_dc,m1_0.menu_nm,m1_0.menu_ordr,m1_0.modern_route,m1_0.progrm_file_nm,m1_0.relate_image_nm,m1_0.relate_image_path,m1_0.route_updated_at,m1_0.upper_menu_no from nmenuinfo m1_0 order by m1_0.upper_menu_no,m1_0.menu_ordr
2026-03-16 17:04:10 [http-nio-8080-exec-9] DEBUG o.s.orm.jpa.JpaTransactionManager - Closing JPA EntityManager [SessionImpl(336783274<open>)] after transaction
2026-03-16 17:04:10 [http-nio-8080-exec-9] DEBUG o.s.orm.jpa.JpaTransactionManager - Creating new transaction with name [com.company.project.service.board.BoardService.getBoardPosts]: PROPAGATION_REQUIRED,ISOLATION_DEFAULT,readOnly
2026-03-16 17:04:10 [http-nio-8080-exec-9] DEBUG o.s.orm.jpa.JpaTransactionManager - Opened new EntityManager [SessionImpl(2045382304<open>)] for JPA transaction
2026-03-16 17:04:10 [http-nio-8080-exec-9] DEBUG o.s.orm.jpa.JpaTransactionManager - Exposing JPA transaction as JDBC [org.springframework.orm.jpa.vendor.HibernateJpaDialect$HibernateConnectionHandle@139a0207]
2026-03-16 17:04:10 [http-nio-8080-exec-9] DEBUG o.s.orm.jpa.JpaTransactionManager - Found thread-bound EntityManager [SessionImpl(2045382304<open>)] for JPA transaction
2026-03-16 17:04:10 [http-nio-8080-exec-9] DEBUG o.s.orm.jpa.JpaTransactionManager - Participating in existing transaction
2026-03-16 17:04:10 [http-nio-8080-exec-9] DEBUG org.hibernate.SQL - select bm1_0.bbs_id,bm1_0.atch_posbl_file_number,bm1_0.atch_posbl_file_size,bm1_0.bbs_attrb_code,bm1_0.bbs_intrcn,bm1_0.bbs_nm,bm1_0.bbs_ty_code,bm1_0.blog_at,bm1_0.blog_id,bm1_0.cmmnty_id,bm1_0.frst_register_id,bm1_0.frst_regist_pnttm,bm1_0.file_atch_posbl_at,bm1_0.last_updusr_id,bm1_0.last_updt_pnttm,bm1_0.reply_posbl_at,bm1_0.tmplat_id,bm1_0.use_at,bm1_1.answer_at,bm1_1.stsfdg_at from nbbsmaster bm1_0 left join nbbsmasteroptn bm1_1 on bm1_0.bbs_id=bm1_1.bbs_id where bm1_0.bbs_id=?
2026-03-16 17:04:10 [http-nio-8080-exec-2] DEBUG o.s.orm.jpa.JpaTransactionManager - Closing JPA EntityManager [SessionImpl(524848976<open>)] after transaction
2026-03-16 17:04:10 [http-nio-8080-exec-2] DEBUG c.c.p.s.jwt.JwtAuthenticationFilter - >>> [JwtFilter] Successfully authenticated user: USRCNFRM_00000000002, Authorities: [ROLE_USER]
2026-03-16 17:04:10 [http-nio-8080-exec-2] DEBUG o.s.web.servlet.DispatcherServlet - GET "/api/v1/menu/left?menuNo=60", parameters={masked}
2026-03-16 17:04:10 [http-nio-8080-exec-2] TRACE o.s.w.s.m.m.a.RequestMappingHandlerMapping - Mapped to com.company.project.api.controller.menu.MenuController#getLeftMenu(Long)
2026-03-16 17:04:10 [http-nio-8080-exec-2] INFO  c.c.p.a.c.menu.MenuController - getLeftMenu called with menuNo=60
2026-03-16 17:04:10 [http-nio-8080-exec-2] DEBUG o.s.orm.jpa.JpaTransactionManager - Creating new transaction with name [com.company.project.service.menu.MenuService.getSubMenus]: PROPAGATION_REQUIRED,ISOLATION_DEFAULT,readOnly
2026-03-16 17:04:10 [http-nio-8080-exec-2] DEBUG o.s.orm.jpa.JpaTransactionManager - Opened new EntityManager [SessionImpl(733149141<open>)] for JPA transaction
2026-03-16 17:04:10 [http-nio-8080-exec-2] DEBUG o.s.orm.jpa.JpaTransactionManager - Exposing JPA transaction as JDBC [org.springframework.orm.jpa.vendor.HibernateJpaDialect$HibernateConnectionHandle@5f4db699]
2026-03-16 17:04:10 [http-nio-8080-exec-2] DEBUG org.hibernate.SQL - select m1_0.menu_no,m1_0.menu_dc,m1_0.menu_nm,m1_0.menu_ordr,m1_0.modern_route,m1_0.progrm_file_nm,m1_0.relate_image_nm,m1_0.relate_image_path,m1_0.route_updated_at,m1_0.upper_menu_no from nmenuinfo m1_0 order by m1_0.upper_menu_no,m1_0.menu_ordr
2026-03-16 17:04:10 [http-nio-8080-exec-8] DEBUG o.s.orm.jpa.JpaTransactionManager - Closing JPA EntityManager [SessionImpl(155563333<open>)] after transaction
2026-03-16 17:04:10 [http-nio-8080-exec-8] DEBUG c.c.p.s.jwt.JwtAuthenticationFilter - >>> [JwtFilter] Successfully authenticated user: USRCNFRM_00000000002, Authorities: [ROLE_USER]
2026-03-16 17:04:10 [http-nio-8080-exec-17] DEBUG o.s.orm.jpa.JpaTransactionManager - Closing JPA EntityManager [SessionImpl(869129122<open>)] after transaction
2026-03-16 17:04:10 [http-nio-8080-exec-8] DEBUG o.s.web.servlet.DispatcherServlet - GET "/api/v1/menu/left?menuNo=20", parameters={masked}
2026-03-16 17:04:10 [http-nio-8080-exec-17] DEBUG c.c.p.s.jwt.JwtAuthenticationFilter - >>> [JwtFilter] Successfully authenticated user: USRCNFRM_00000000002, Authorities: [ROLE_USER]
2026-03-16 17:04:10 [http-nio-8080-exec-8] TRACE o.s.w.s.m.m.a.RequestMappingHandlerMapping - Mapped to com.company.project.api.controller.menu.MenuController#getLeftMenu(Long)
2026-03-16 17:04:10 [http-nio-8080-exec-17] DEBUG o.s.web.servlet.DispatcherServlet - GET "/api/v1/menu/left?menuNo=10", parameters={masked}
2026-03-16 17:04:10 [http-nio-8080-exec-8] INFO  c.c.p.a.c.menu.MenuController - getLeftMenu called with menuNo=20
2026-03-16 17:04:10 [http-nio-8080-exec-17] TRACE o.s.w.s.m.m.a.RequestMappingHandlerMapping - Mapped to com.company.project.api.controller.menu.MenuController#getLeftMenu(Long)
2026-03-16 17:04:10 [http-nio-8080-exec-8] DEBUG o.s.orm.jpa.JpaTransactionManager - Creating new transaction with name [com.company.project.service.menu.MenuService.getSubMenus]: PROPAGATION_REQUIRED,ISOLATION_DEFAULT,readOnly
2026-03-16 17:04:10 [http-nio-8080-exec-8] DEBUG o.s.orm.jpa.JpaTransactionManager - Opened new EntityManager [SessionImpl(1345495587<open>)] for JPA transaction
2026-03-16 17:04:10 [http-nio-8080-exec-8] DEBUG o.s.orm.jpa.JpaTransactionManager - Exposing JPA transaction as JDBC [org.springframework.orm.jpa.vendor.HibernateJpaDialect$HibernateConnectionHandle@3e33b8bf]
2026-03-16 17:04:10 [http-nio-8080-exec-17] INFO  c.c.p.a.c.menu.MenuController - getLeftMenu called with menuNo=10
2026-03-16 17:04:10 [http-nio-8080-exec-17] DEBUG o.s.orm.jpa.JpaTransactionManager - Creating new transaction with name [com.company.project.service.menu.MenuService.getSubMenus]: PROPAGATION_REQUIRED,ISOLATION_DEFAULT,readOnly
2026-03-16 17:04:10 [http-nio-8080-exec-17] DEBUG o.s.orm.jpa.JpaTransactionManager - Opened new EntityManager [SessionImpl(1292574349<open>)] for JPA transaction
2026-03-16 17:04:10 [http-nio-8080-exec-17] DEBUG o.s.orm.jpa.JpaTransactionManager - Exposing JPA transaction as JDBC [org.springframework.orm.jpa.vendor.HibernateJpaDialect$HibernateConnectionHandle@5064762f]
2026-03-16 17:04:10 [http-nio-8080-exec-8] DEBUG org.hibernate.SQL - select m1_0.menu_no,m1_0.menu_dc,m1_0.menu_nm,m1_0.menu_ordr,m1_0.modern_route,m1_0.progrm_file_nm,m1_0.relate_image_nm,m1_0.relate_image_path,m1_0.route_updated_at,m1_0.upper_menu_no from nmenuinfo m1_0 order by m1_0.upper_menu_no,m1_0.menu_ordr
2026-03-16 17:04:10 [http-nio-8080-exec-17] DEBUG org.hibernate.SQL - select m1_0.menu_no,m1_0.menu_dc,m1_0.menu_nm,m1_0.menu_ordr,m1_0.modern_route,m1_0.progrm_file_nm,m1_0.relate_image_nm,m1_0.relate_image_path,m1_0.route_updated_at,m1_0.upper_menu_no from nmenuinfo m1_0 order by m1_0.upper_menu_no,m1_0.menu_ordr
2026-03-16 17:04:10 [http-nio-8080-exec-19] DEBUG o.s.orm.jpa.JpaTransactionManager - Closing JPA EntityManager [SessionImpl(201452773<open>)] after transaction
2026-03-16 17:04:10 [http-nio-8080-exec-19] DEBUG c.c.p.s.jwt.JwtAuthenticationFilter - >>> [JwtFilter] Successfully authenticated user: USRCNFRM_00000000002, Authorities: [ROLE_USER]
2026-03-16 17:04:10 [http-nio-8080-exec-19] DEBUG o.s.web.servlet.DispatcherServlet - GET "/api/v1/menu/left?menuNo=50", parameters={masked}
2026-03-16 17:04:10 [http-nio-8080-exec-19] TRACE o.s.w.s.m.m.a.RequestMappingHandlerMapping - Mapped to com.company.project.api.controller.menu.MenuController#getLeftMenu(Long)
2026-03-16 17:04:10 [http-nio-8080-exec-19] INFO  c.c.p.a.c.menu.MenuController - getLeftMenu called with menuNo=50
2026-03-16 17:04:10 [http-nio-8080-exec-19] DEBUG o.s.orm.jpa.JpaTransactionManager - Creating new transaction with name [com.company.project.service.menu.MenuService.getSubMenus]: PROPAGATION_REQUIRED,ISOLATION_DEFAULT,readOnly
2026-03-16 17:04:10 [http-nio-8080-exec-19] DEBUG o.s.orm.jpa.JpaTransactionManager - Opened new EntityManager [SessionImpl(1671244739<open>)] for JPA transaction
2026-03-16 17:04:10 [http-nio-8080-exec-19] DEBUG o.s.orm.jpa.JpaTransactionManager - Exposing JPA transaction as JDBC [org.springframework.orm.jpa.vendor.HibernateJpaDialect$HibernateConnectionHandle@677304c0]
2026-03-16 17:04:10 [http-nio-8080-exec-19] DEBUG org.hibernate.SQL - select m1_0.menu_no,m1_0.menu_dc,m1_0.menu_nm,m1_0.menu_ordr,m1_0.modern_route,m1_0.progrm_file_nm,m1_0.relate_image_nm,m1_0.relate_image_path,m1_0.route_updated_at,m1_0.upper_menu_no from nmenuinfo m1_0 order by m1_0.upper_menu_no,m1_0.menu_ordr
2026-03-16 17:04:11 [http-nio-8080-exec-9] DEBUG org.hibernate.SQL - select b1_0.ntt_id,b1_0.bbs_id,b1_0.ntt_sj,b1_0.ntcr_nm,b1_0.frst_regist_pnttm,b1_0.rdcnt,b1_0.answer_at,b1_0.parntsctt_no,b1_0.answer_lc,b1_0.sort_ordr,b1_0.ntt_no,b1_0.notice_at,b1_0.secret_at,b1_0.comment_co from nbbs b1_0 left join nemplyrinfo u1_0 on b1_0.frst_register_id=u1_0.esntl_id where (b1_0.use_at = 'Y') and b1_0.bbs_id=? order by b1_0.sort_ordr desc,b1_0.ntt_no offset ? rows fetch first ? rows only
2026-03-16 17:04:11 [http-nio-8080-exec-12] DEBUG o.s.orm.jpa.JpaTransactionManager - Found thread-bound EntityManager [SessionImpl(165295824<open>)] for JPA transaction
2026-03-16 17:04:11 [http-nio-8080-exec-12] DEBUG o.s.orm.jpa.JpaTransactionManager - Participating in existing transaction
2026-03-16 17:04:11 [http-nio-8080-exec-12] DEBUG org.hibernate.SQL - select p1_0.progrm_file_nm,p1_0.progrm_dc,p1_0.progrm_korean_nm,p1_0.progrm_stre_path,p1_0.url from nprogrmlist p1_0
2026-03-16 17:04:11 [http-nio-8080-exec-9] DEBUG org.hibernate.SQL - select count(b1_0.ntt_id) from nbbs b1_0 left join nemplyrinfo u1_0 on b1_0.frst_register_id=u1_0.esntl_id where (b1_0.use_at = 'Y') and b1_0.bbs_id=?
2026-03-16 17:04:11 [http-nio-8080-exec-2] DEBUG o.s.orm.jpa.JpaTransactionManager - Found thread-bound EntityManager [SessionImpl(733149141<open>)] for JPA transaction
2026-03-16 17:04:11 [http-nio-8080-exec-2] DEBUG o.s.orm.jpa.JpaTransactionManager - Participating in existing transaction
2026-03-16 17:04:11 [http-nio-8080-exec-2] DEBUG org.hibernate.SQL - select p1_0.progrm_file_nm,p1_0.progrm_dc,p1_0.progrm_korean_nm,p1_0.progrm_stre_path,p1_0.url from nprogrmlist p1_0
2026-03-16 17:04:11 [http-nio-8080-exec-17] DEBUG o.s.orm.jpa.JpaTransactionManager - Found thread-bound EntityManager [SessionImpl(1292574349<open>)] for JPA transaction
2026-03-16 17:04:11 [http-nio-8080-exec-17] DEBUG o.s.orm.jpa.JpaTransactionManager - Participating in existing transaction
2026-03-16 17:04:11 [http-nio-8080-exec-17] DEBUG org.hibernate.SQL - select p1_0.progrm_file_nm,p1_0.progrm_dc,p1_0.progrm_korean_nm,p1_0.progrm_stre_path,p1_0.url from nprogrmlist p1_0
2026-03-16 17:04:11 [http-nio-8080-exec-8] DEBUG o.s.orm.jpa.JpaTransactionManager - Found thread-bound EntityManager [SessionImpl(1345495587<open>)] for JPA transaction
2026-03-16 17:04:11 [http-nio-8080-exec-8] DEBUG o.s.orm.jpa.JpaTransactionManager - Participating in existing transaction
2026-03-16 17:04:11 [http-nio-8080-exec-8] DEBUG org.hibernate.SQL - select p1_0.progrm_file_nm,p1_0.progrm_dc,p1_0.progrm_korean_nm,p1_0.progrm_stre_path,p1_0.url from nprogrmlist p1_0
2026-03-16 17:04:11 [http-nio-8080-exec-19] DEBUG o.s.orm.jpa.JpaTransactionManager - Found thread-bound EntityManager [SessionImpl(1671244739<open>)] for JPA transaction
2026-03-16 17:04:11 [http-nio-8080-exec-19] DEBUG o.s.orm.jpa.JpaTransactionManager - Participating in existing transaction
2026-03-16 17:04:11 [http-nio-8080-exec-19] DEBUG org.hibernate.SQL - select p1_0.progrm_file_nm,p1_0.progrm_dc,p1_0.progrm_korean_nm,p1_0.progrm_stre_path,p1_0.url from nprogrmlist p1_0
2026-03-16 17:04:11 [http-nio-8080-exec-12] DEBUG o.s.orm.jpa.JpaTransactionManager - Initiating transaction commit
2026-03-16 17:04:11 [http-nio-8080-exec-12] DEBUG o.s.orm.jpa.JpaTransactionManager - Committing JPA transaction on EntityManager [SessionImpl(165295824<open>)]
2026-03-16 17:04:11 [http-nio-8080-exec-9] DEBUG o.s.orm.jpa.JpaTransactionManager - Initiating transaction commit
2026-03-16 17:04:11 [http-nio-8080-exec-9] DEBUG o.s.orm.jpa.JpaTransactionManager - Committing JPA transaction on EntityManager [SessionImpl(2045382304<open>)]
2026-03-16 17:04:11 [http-nio-8080-exec-2] DEBUG o.s.orm.jpa.JpaTransactionManager - Initiating transaction commit
2026-03-16 17:04:11 [http-nio-8080-exec-2] DEBUG o.s.orm.jpa.JpaTransactionManager - Committing JPA transaction on EntityManager [SessionImpl(733149141<open>)]
2026-03-16 17:04:11 [http-nio-8080-exec-17] DEBUG o.s.orm.jpa.JpaTransactionManager - Initiating transaction commit
2026-03-16 17:04:11 [http-nio-8080-exec-17] DEBUG o.s.orm.jpa.JpaTransactionManager - Committing JPA transaction on EntityManager [SessionImpl(1292574349<open>)]
2026-03-16 17:04:11 [http-nio-8080-exec-8] DEBUG o.s.orm.jpa.JpaTransactionManager - Initiating transaction commit
2026-03-16 17:04:11 [http-nio-8080-exec-8] DEBUG o.s.orm.jpa.JpaTransactionManager - Committing JPA transaction on EntityManager [SessionImpl(1345495587<open>)]
2026-03-16 17:04:11 [http-nio-8080-exec-19] DEBUG o.s.orm.jpa.JpaTransactionManager - Initiating transaction commit
2026-03-16 17:04:11 [http-nio-8080-exec-19] DEBUG o.s.orm.jpa.JpaTransactionManager - Committing JPA transaction on EntityManager [SessionImpl(1671244739<open>)]
2026-03-16 17:04:11 [http-nio-8080-exec-12] DEBUG o.s.orm.jpa.JpaTransactionManager - Closing JPA EntityManager [SessionImpl(165295824<open>)] after transaction
2026-03-16 17:04:11 [http-nio-8080-exec-12] INFO  c.c.p.a.c.menu.MenuController - getLeftMenu returned 2 items
2026-03-16 17:04:11 [http-nio-8080-exec-12] DEBUG o.s.w.s.m.m.a.HttpEntityMethodProcessor - Using 'application/json', given [application/json, text/plain, */*] and supported [application/json, application/*+json, application/yaml]
2026-03-16 17:04:11 [http-nio-8080-exec-12] TRACE o.s.w.s.m.m.a.HttpEntityMethodProcessor - Writing [ApiResponse[success=true, status=200, code=COMMON_001, message=Success, data={list=[com.company.project.service.menu.dto.MenuDto@12021577, com.company.project.service.menu.dto.MenuDto@29c718ce]}, timestamp=2026-03-16T17:04:11.421452100]]
2026-03-16 17:04:11 [http-nio-8080-exec-12] INFO  c.c.p.a.i.OperationalAuditInterceptor - API Audit Log: URL=/api/v1/menu/left, User=user_regular, IP=0:0:0:0:0:0:0:1
2026-03-16 17:04:11 [http-nio-8080-exec-12] DEBUG o.s.web.servlet.DispatcherServlet - Completed 200 OK
2026-03-16 17:04:11 [MessageBroker-5] DEBUG o.s.w.s.s.t.h.DefaultSockJsService - Closed 1 sessions: [rwiof0ur]
2026-03-16 17:04:11 [http-nio-8080-exec-9] DEBUG o.s.orm.jpa.JpaTransactionManager - Closing JPA EntityManager [SessionImpl(2045382304<open>)] after transaction
2026-03-16 17:04:11 [http-nio-8080-exec-9] DEBUG o.s.orm.jpa.JpaTransactionManager - Creating new transaction with name [com.company.project.service.informalsanction.InformalSanctionServiceImpl.getReceivedInformalSanctionList]: PROPAGATION_REQUIRED,ISOLATION_DEFAULT,readOnly
2026-03-16 17:04:11 [http-nio-8080-exec-9] DEBUG o.s.orm.jpa.JpaTransactionManager - Opened new EntityManager [SessionImpl(893647724<open>)] for JPA transaction
2026-03-16 17:04:11 [http-nio-8080-exec-9] DEBUG o.s.orm.jpa.JpaTransactionManager - Exposing JPA transaction as JDBC [org.springframework.orm.jpa.vendor.HibernateJpaDialect$HibernateConnectionHandle@501b3895]
2026-03-16 17:04:11 [http-nio-8080-exec-9] DEBUG org.hibernate.SQL - select is1_0.infrml_sanctn_id,is1_0.applcnt_id,is1_0.confm_at,is1_0.frst_register_id,is1_0.frst_regist_pnttm,is1_0.job_se_code,is1_0.last_updusr_id,is1_0.last_updt_pnttm,is1_0.reqst_de,is1_0.return_resn,is1_0.sanctn_dt,is1_0.sanctner_id from ninfrmlsanctn is1_0 where is1_0.sanctner_id=?
2026-03-16 17:04:11 [http-nio-8080-exec-2] DEBUG o.s.orm.jpa.JpaTransactionManager - Closing JPA EntityManager [SessionImpl(733149141<open>)] after transaction
2026-03-16 17:04:11 [http-nio-8080-exec-2] INFO  c.c.p.a.c.menu.MenuController - getLeftMenu returned 1 items
2026-03-16 17:04:11 [http-nio-8080-exec-2] DEBUG o.s.w.s.m.m.a.HttpEntityMethodProcessor - Using 'application/json', given [application/json, text/plain, */*] and supported [application/json, application/*+json, application/yaml]
2026-03-16 17:04:11 [http-nio-8080-exec-2] TRACE o.s.w.s.m.m.a.HttpEntityMethodProcessor - Writing [ApiResponse[success=true, status=200, code=COMMON_001, message=Success, data={list=[com.company.project.service.menu.dto.MenuDto@565308c2]}, timestamp=2026-03-16T17:04:11.517665600]]
2026-03-16 17:04:11 [http-nio-8080-exec-2] INFO  c.c.p.a.i.OperationalAuditInterceptor - API Audit Log: URL=/api/v1/menu/left, User=user_regular, IP=0:0:0:0:0:0:0:1
2026-03-16 17:04:11 [http-nio-8080-exec-2] DEBUG o.s.web.servlet.DispatcherServlet - Completed 200 OK
2026-03-16 17:04:11 [http-nio-8080-exec-17] DEBUG o.s.orm.jpa.JpaTransactionManager - Closing JPA EntityManager [SessionImpl(1292574349<open>)] after transaction
2026-03-16 17:04:11 [http-nio-8080-exec-17] INFO  c.c.p.a.c.menu.MenuController - getLeftMenu returned 5 items
2026-03-16 17:04:11 [http-nio-8080-exec-17] DEBUG o.s.w.s.m.m.a.HttpEntityMethodProcessor - Using 'application/json', given [application/json, text/plain, */*] and supported [application/json, application/*+json, application/yaml]
2026-03-16 17:04:11 [http-nio-8080-exec-17] TRACE o.s.w.s.m.m.a.HttpEntityMethodProcessor - Writing [ApiResponse[success=true, status=200, code=COMMON_001, message=Success, data={list=[com.company.project.service.menu.dto.MenuDto@421a6322, com.company.project.service.menu.dto.MenuDto@186827c5, com.company.project.service.menu.dto.MenuDto@5e5baacf, com.company.project.service.menu.dto.MenuDto@7f505a36, com.company.project.service.menu.dto.MenuDto@6e42358d]}, timestamp=2026-03-16T17:04:11.522381200]]
2026-03-16 17:04:11 [http-nio-8080-exec-17] INFO  c.c.p.a.i.OperationalAuditInterceptor - API Audit Log: URL=/api/v1/menu/left, User=user_regular, IP=0:0:0:0:0:0:0:1
2026-03-16 17:04:11 [http-nio-8080-exec-17] DEBUG o.s.web.servlet.DispatcherServlet - Completed 200 OK
2026-03-16 17:04:11 [http-nio-8080-exec-8] DEBUG o.s.orm.jpa.JpaTransactionManager - Closing JPA EntityManager [SessionImpl(1345495587<open>)] after transaction
2026-03-16 17:04:11 [http-nio-8080-exec-8] INFO  c.c.p.a.c.menu.MenuController - getLeftMenu returned 3 items
2026-03-16 17:04:11 [http-nio-8080-exec-8] DEBUG o.s.w.s.m.m.a.HttpEntityMethodProcessor - Using 'application/json', given [application/json, text/plain, */*] and supported [application/json, application/*+json, application/yaml]
2026-03-16 17:04:11 [http-nio-8080-exec-8] TRACE o.s.w.s.m.m.a.HttpEntityMethodProcessor - Writing [ApiResponse[success=true, status=200, code=COMMON_001, message=Success, data={list=[com.company.project.service.menu.dto.MenuDto@10c7a80f, com.company.project.service.menu.dto.MenuDto@68114829, com.company.project.service.menu.dto.MenuDto@1e4820d5]}, timestamp=2026-03-16T17:04:11.523889500]]
2026-03-16 17:04:11 [http-nio-8080-exec-8] INFO  c.c.p.a.i.OperationalAuditInterceptor - API Audit Log: URL=/api/v1/menu/left, User=user_regular, IP=0:0:0:0:0:0:0:1
2026-03-16 17:04:11 [http-nio-8080-exec-8] DEBUG o.s.web.servlet.DispatcherServlet - Completed 200 OK
2026-03-16 17:04:11 [http-nio-8080-exec-19] DEBUG o.s.orm.jpa.JpaTransactionManager - Closing JPA EntityManager [SessionImpl(1671244739<open>)] after transaction
2026-03-16 17:04:11 [http-nio-8080-exec-19] INFO  c.c.p.a.c.menu.MenuController - getLeftMenu returned 3 items
2026-03-16 17:04:11 [http-nio-8080-exec-19] DEBUG o.s.w.s.m.m.a.HttpEntityMethodProcessor - Using 'application/json', given [application/json, text/plain, */*] and supported [application/json, application/*+json, application/yaml]
2026-03-16 17:04:11 [http-nio-8080-exec-19] TRACE o.s.w.s.m.m.a.HttpEntityMethodProcessor - Writing [ApiResponse[success=true, status=200, code=COMMON_001, message=Success, data={list=[com.company.project.service.menu.dto.MenuDto@576d58b2, com.company.project.service.menu.dto.MenuDto@51b3bfa2, com.company.project.service.menu.dto.MenuDto@2c266fec]}, timestamp=2026-03-16T17:04:11.573333800]]
2026-03-16 17:04:11 [http-nio-8080-exec-19] INFO  c.c.p.a.i.OperationalAuditInterceptor - API Audit Log: URL=/api/v1/menu/left, User=user_regular, IP=0:0:0:0:0:0:0:1
2026-03-16 17:04:11 [http-nio-8080-exec-19] DEBUG o.s.web.servlet.DispatcherServlet - Completed 200 OK
2026-03-16 17:04:11 [http-nio-8080-exec-9] DEBUG o.s.orm.jpa.JpaTransactionManager - Initiating transaction commit
2026-03-16 17:04:11 [http-nio-8080-exec-9] DEBUG o.s.orm.jpa.JpaTransactionManager - Committing JPA transaction on EntityManager [SessionImpl(893647724<open>)]
2026-03-16 17:04:11 [http-nio-8080-exec-9] DEBUG o.s.orm.jpa.JpaTransactionManager - Closing JPA EntityManager [SessionImpl(893647724<open>)] after transaction
2026-03-16 17:04:11 [http-nio-8080-exec-9] DEBUG o.s.w.s.m.m.a.HttpEntityMethodProcessor - Using 'application/json', given [application/json, text/plain, */*] and supported [application/json, application/*+json, application/yaml]
2026-03-16 17:04:11 [http-nio-8080-exec-9] TRACE o.s.w.s.m.m.a.HttpEntityMethodProcessor - Writing [{notiList=[com.company.project.service.board.dto.BoardDto@28935874], success=true, taskList=[com.company.project.service.board.dto.BoardDto@67ace6ad], pendingApprovalCount=0}]
2026-03-16 17:04:11 [http-nio-8080-exec-9] INFO  c.c.p.a.i.OperationalAuditInterceptor - API Audit Log: URL=/api/v1/dashboard, User=user_regular, IP=0:0:0:0:0:0:0:1
2026-03-16 17:04:11 [http-nio-8080-exec-9] DEBUG o.s.web.servlet.DispatcherServlet - Completed 200 OK
2026-03-16 17:04:12 [http-nio-8080-exec-10] DEBUG c.c.p.s.jwt.JwtAuthenticationFilter - >>> [JwtFilter] Processing request: GET /api/v1/menu/left
2026-03-16 17:04:12 [http-nio-8080-exec-3] DEBUG c.c.p.s.jwt.JwtAuthenticationFilter - >>> [JwtFilter] Processing request: GET /api/v1/auth/me
2026-03-16 17:04:12 [http-nio-8080-exec-13] DEBUG c.c.p.s.jwt.JwtAuthenticationFilter - >>> [JwtFilter] Processing request: GET /api/v1/menu/head
2026-03-16 17:04:12 [http-nio-8080-exec-10] DEBUG c.c.p.s.jwt.JwtAuthenticationFilter - >>> [JwtFilter] Found token in header for path: /api/v1/menu/left
2026-03-16 17:04:12 [http-nio-8080-exec-3] DEBUG c.c.p.s.jwt.JwtAuthenticationFilter - >>> [JwtFilter] Found token in header for path: /api/v1/auth/me
2026-03-16 17:04:12 [http-nio-8080-exec-13] DEBUG c.c.p.s.jwt.JwtAuthenticationFilter - >>> [JwtFilter] Found token in header for path: /api/v1/menu/head
2026-03-16 17:04:12 [http-nio-8080-exec-13] DEBUG o.s.orm.jpa.JpaTransactionManager - Creating new transaction with name [com.company.project.security.iam.CustomUserDetailsService.loadUserByUsername]: PROPAGATION_REQUIRED,ISOLATION_DEFAULT,readOnly
2026-03-16 17:04:12 [http-nio-8080-exec-10] DEBUG o.s.orm.jpa.JpaTransactionManager - Creating new transaction with name [com.company.project.security.iam.CustomUserDetailsService.loadUserByUsername]: PROPAGATION_REQUIRED,ISOLATION_DEFAULT,readOnly
2026-03-16 17:04:12 [http-nio-8080-exec-3] DEBUG o.s.orm.jpa.JpaTransactionManager - Creating new transaction with name [com.company.project.security.iam.CustomUserDetailsService.loadUserByUsername]: PROPAGATION_REQUIRED,ISOLATION_DEFAULT,readOnly
2026-03-16 17:04:12 [http-nio-8080-exec-13] DEBUG o.s.orm.jpa.JpaTransactionManager - Opened new EntityManager [SessionImpl(1277860160<open>)] for JPA transaction
2026-03-16 17:04:12 [http-nio-8080-exec-10] DEBUG o.s.orm.jpa.JpaTransactionManager - Opened new EntityManager [SessionImpl(1351255128<open>)] for JPA transaction
2026-03-16 17:04:12 [http-nio-8080-exec-3] DEBUG o.s.orm.jpa.JpaTransactionManager - Opened new EntityManager [SessionImpl(1504232442<open>)] for JPA transaction
2026-03-16 17:04:12 [http-nio-8080-exec-13] DEBUG o.s.orm.jpa.JpaTransactionManager - Exposing JPA transaction as JDBC [org.springframework.orm.jpa.vendor.HibernateJpaDialect$HibernateConnectionHandle@6c0c336c]
2026-03-16 17:04:12 [http-nio-8080-exec-3] DEBUG o.s.orm.jpa.JpaTransactionManager - Exposing JPA transaction as JDBC [org.springframework.orm.jpa.vendor.HibernateJpaDialect$HibernateConnectionHandle@623fd853]
2026-03-16 17:04:12 [http-nio-8080-exec-10] DEBUG o.s.orm.jpa.JpaTransactionManager - Exposing JPA transaction as JDBC [org.springframework.orm.jpa.vendor.HibernateJpaDialect$HibernateConnectionHandle@4ff933fe]
2026-03-16 17:04:12 [http-nio-8080-exec-13] DEBUG o.s.orm.jpa.JpaTransactionManager - Found thread-bound EntityManager [SessionImpl(1277860160<open>)] for JPA transaction
2026-03-16 17:04:12 [http-nio-8080-exec-3] DEBUG o.s.orm.jpa.JpaTransactionManager - Found thread-bound EntityManager [SessionImpl(1504232442<open>)] for JPA transaction
2026-03-16 17:04:12 [http-nio-8080-exec-13] DEBUG o.s.orm.jpa.JpaTransactionManager - Participating in existing transaction
2026-03-16 17:04:12 [http-nio-8080-exec-10] DEBUG o.s.orm.jpa.JpaTransactionManager - Found thread-bound EntityManager [SessionImpl(1351255128<open>)] for JPA transaction
2026-03-16 17:04:12 [http-nio-8080-exec-3] DEBUG o.s.orm.jpa.JpaTransactionManager - Participating in existing transaction
2026-03-16 17:04:12 [http-nio-8080-exec-10] DEBUG o.s.orm.jpa.JpaTransactionManager - Participating in existing transaction
2026-03-16 17:04:12 [http-nio-8080-exec-3] DEBUG org.hibernate.SQL - select u1_0.emplyr_id,u1_0.area_no,u1_0.brthdy,u1_0.chg_pwd_cnt,u1_0.frst_register_id,u1_0.frst_regist_pnttm,u1_0.detail_adres,u1_0.email_adres,u1_0.emplyr_sttus_code,u1_0.empl_no,u1_0.esntl_id,u1_0.fxnum,u1_0.group_id,u1_0.house_adres,u1_0.house_end_telno,u1_0.house_middle_telno,u1_0.ihidnum,u1_0.pstinst_code,u1_0.last_updusr_id,u1_0.last_updt_pnttm,u1_0.lock_at,u1_0.lock_cnt,u1_0.lock_last_pnttm,u1_0.mbtlnum,u1_0.ofcps_nm,u1_0.offm_telno,u1_0.orgnzt_id,u1_0.password,u1_0.password_cnsr,u1_0.password_hint,u1_0.chg_pwd_last_pnttm,u1_0.role,u1_0.sbscrb_de,u1_0.sexdstn_code,u1_0.crtfc_dn_value,u1_0.user_nm,u1_0.zip from nemplyrinfo u1_0 where u1_0.emplyr_id=?
2026-03-16 17:04:12 [http-nio-8080-exec-10] DEBUG org.hibernate.SQL - select u1_0.emplyr_id,u1_0.area_no,u1_0.brthdy,u1_0.chg_pwd_cnt,u1_0.frst_register_id,u1_0.frst_regist_pnttm,u1_0.detail_adres,u1_0.email_adres,u1_0.emplyr_sttus_code,u1_0.empl_no,u1_0.esntl_id,u1_0.fxnum,u1_0.group_id,u1_0.house_adres,u1_0.house_end_telno,u1_0.house_middle_telno,u1_0.ihidnum,u1_0.pstinst_code,u1_0.last_updusr_id,u1_0.last_updt_pnttm,u1_0.lock_at,u1_0.lock_cnt,u1_0.lock_last_pnttm,u1_0.mbtlnum,u1_0.ofcps_nm,u1_0.offm_telno,u1_0.orgnzt_id,u1_0.password,u1_0.password_cnsr,u1_0.password_hint,u1_0.chg_pwd_last_pnttm,u1_0.role,u1_0.sbscrb_de,u1_0.sexdstn_code,u1_0.crtfc_dn_value,u1_0.user_nm,u1_0.zip from nemplyrinfo u1_0 where u1_0.emplyr_id=?
2026-03-16 17:04:12 [http-nio-8080-exec-13] DEBUG org.hibernate.SQL - select u1_0.emplyr_id,u1_0.area_no,u1_0.brthdy,u1_0.chg_pwd_cnt,u1_0.frst_register_id,u1_0.frst_regist_pnttm,u1_0.detail_adres,u1_0.email_adres,u1_0.emplyr_sttus_code,u1_0.empl_no,u1_0.esntl_id,u1_0.fxnum,u1_0.group_id,u1_0.house_adres,u1_0.house_end_telno,u1_0.house_middle_telno,u1_0.ihidnum,u1_0.pstinst_code,u1_0.last_updusr_id,u1_0.last_updt_pnttm,u1_0.lock_at,u1_0.lock_cnt,u1_0.lock_last_pnttm,u1_0.mbtlnum,u1_0.ofcps_nm,u1_0.offm_telno,u1_0.orgnzt_id,u1_0.password,u1_0.password_cnsr,u1_0.password_hint,u1_0.chg_pwd_last_pnttm,u1_0.role,u1_0.sbscrb_de,u1_0.sexdstn_code,u1_0.crtfc_dn_value,u1_0.user_nm,u1_0.zip from nemplyrinfo u1_0 where u1_0.emplyr_id=?
2026-03-16 17:04:12 [http-nio-8080-exec-3] DEBUG o.s.orm.jpa.JpaTransactionManager - Found thread-bound EntityManager [SessionImpl(1504232442<open>)] for JPA transaction
2026-03-16 17:04:12 [http-nio-8080-exec-13] DEBUG o.s.orm.jpa.JpaTransactionManager - Found thread-bound EntityManager [SessionImpl(1277860160<open>)] for JPA transaction
2026-03-16 17:04:12 [http-nio-8080-exec-3] DEBUG o.s.orm.jpa.JpaTransactionManager - Participating in existing transaction
2026-03-16 17:04:12 [http-nio-8080-exec-13] DEBUG o.s.orm.jpa.JpaTransactionManager - Participating in existing transaction
2026-03-16 17:04:12 [http-nio-8080-exec-13] DEBUG org.hibernate.SQL - select ua1_0.scrty_dtrmn_trget_id,ua1_0.author_code,ua1_0.frst_register_id,ua1_0.frst_regist_pnttm,ua1_0.last_updusr_id,ua1_0.last_updt_pnttm,ua1_0.mber_ty_code from nemplyrscrtyestbs ua1_0 where ua1_0.scrty_dtrmn_trget_id=?
2026-03-16 17:04:12 [http-nio-8080-exec-3] DEBUG org.hibernate.SQL - select ua1_0.scrty_dtrmn_trget_id,ua1_0.author_code,ua1_0.frst_register_id,ua1_0.frst_regist_pnttm,ua1_0.last_updusr_id,ua1_0.last_updt_pnttm,ua1_0.mber_ty_code from nemplyrscrtyestbs ua1_0 where ua1_0.scrty_dtrmn_trget_id=?
2026-03-16 17:04:12 [http-nio-8080-exec-10] DEBUG o.s.orm.jpa.JpaTransactionManager - Found thread-bound EntityManager [SessionImpl(1351255128<open>)] for JPA transaction
2026-03-16 17:04:12 [http-nio-8080-exec-10] DEBUG o.s.orm.jpa.JpaTransactionManager - Participating in existing transaction
2026-03-16 17:04:12 [http-nio-8080-exec-10] DEBUG org.hibernate.SQL - select ua1_0.scrty_dtrmn_trget_id,ua1_0.author_code,ua1_0.frst_register_id,ua1_0.frst_regist_pnttm,ua1_0.last_updusr_id,ua1_0.last_updt_pnttm,ua1_0.mber_ty_code from nemplyrscrtyestbs ua1_0 where ua1_0.scrty_dtrmn_trget_id=?
2026-03-16 17:04:12 [http-nio-8080-exec-12] DEBUG c.c.p.s.jwt.JwtAuthenticationFilter - >>> [JwtFilter] Processing request: GET /api/v1/dashboard
2026-03-16 17:04:12 [http-nio-8080-exec-15] DEBUG c.c.p.s.jwt.JwtAuthenticationFilter - >>> [JwtFilter] Processing request: GET /api/v1/menu/head
2026-03-16 17:04:12 [http-nio-8080-exec-12] DEBUG c.c.p.s.jwt.JwtAuthenticationFilter - >>> [JwtFilter] Found token in header for path: /api/v1/dashboard
2026-03-16 17:04:12 [http-nio-8080-exec-15] DEBUG c.c.p.s.jwt.JwtAuthenticationFilter - >>> [JwtFilter] Found token in header for path: /api/v1/menu/head
2026-03-16 17:04:12 [http-nio-8080-exec-12] DEBUG o.s.orm.jpa.JpaTransactionManager - Creating new transaction with name [com.company.project.security.iam.CustomUserDetailsService.loadUserByUsername]: PROPAGATION_REQUIRED,ISOLATION_DEFAULT,readOnly
2026-03-16 17:04:12 [http-nio-8080-exec-15] DEBUG o.s.orm.jpa.JpaTransactionManager - Creating new transaction with name [com.company.project.security.iam.CustomUserDetailsService.loadUserByUsername]: PROPAGATION_REQUIRED,ISOLATION_DEFAULT,readOnly
2026-03-16 17:04:12 [http-nio-8080-exec-12] DEBUG o.s.orm.jpa.JpaTransactionManager - Opened new EntityManager [SessionImpl(1564781300<open>)] for JPA transaction
2026-03-16 17:04:12 [http-nio-8080-exec-15] DEBUG o.s.orm.jpa.JpaTransactionManager - Opened new EntityManager [SessionImpl(616182953<open>)] for JPA transaction
2026-03-16 17:04:12 [http-nio-8080-exec-3] DEBUG o.s.orm.jpa.JpaTransactionManager - Initiating transaction commit
2026-03-16 17:04:12 [http-nio-8080-exec-3] DEBUG o.s.orm.jpa.JpaTransactionManager - Committing JPA transaction on EntityManager [SessionImpl(1504232442<open>)]
2026-03-16 17:04:12 [http-nio-8080-exec-13] DEBUG o.s.orm.jpa.JpaTransactionManager - Initiating transaction commit
2026-03-16 17:04:12 [http-nio-8080-exec-13] DEBUG o.s.orm.jpa.JpaTransactionManager - Committing JPA transaction on EntityManager [SessionImpl(1277860160<open>)]
2026-03-16 17:04:12 [http-nio-8080-exec-10] DEBUG o.s.orm.jpa.JpaTransactionManager - Initiating transaction commit
2026-03-16 17:04:12 [http-nio-8080-exec-10] DEBUG o.s.orm.jpa.JpaTransactionManager - Committing JPA transaction on EntityManager [SessionImpl(1351255128<open>)]
2026-03-16 17:04:12 [http-nio-8080-exec-12] DEBUG o.s.orm.jpa.JpaTransactionManager - Exposing JPA transaction as JDBC [org.springframework.orm.jpa.vendor.HibernateJpaDialect$HibernateConnectionHandle@47046673]
2026-03-16 17:04:12 [http-nio-8080-exec-12] DEBUG o.s.orm.jpa.JpaTransactionManager - Found thread-bound EntityManager [SessionImpl(1564781300<open>)] for JPA transaction
2026-03-16 17:04:12 [http-nio-8080-exec-12] DEBUG o.s.orm.jpa.JpaTransactionManager - Participating in existing transaction
2026-03-16 17:04:12 [http-nio-8080-exec-12] DEBUG org.hibernate.SQL - select u1_0.emplyr_id,u1_0.area_no,u1_0.brthdy,u1_0.chg_pwd_cnt,u1_0.frst_register_id,u1_0.frst_regist_pnttm,u1_0.detail_adres,u1_0.email_adres,u1_0.emplyr_sttus_code,u1_0.empl_no,u1_0.esntl_id,u1_0.fxnum,u1_0.group_id,u1_0.house_adres,u1_0.house_end_telno,u1_0.house_middle_telno,u1_0.ihidnum,u1_0.pstinst_code,u1_0.last_updusr_id,u1_0.last_updt_pnttm,u1_0.lock_at,u1_0.lock_cnt,u1_0.lock_last_pnttm,u1_0.mbtlnum,u1_0.ofcps_nm,u1_0.offm_telno,u1_0.orgnzt_id,u1_0.password,u1_0.password_cnsr,u1_0.password_hint,u1_0.chg_pwd_last_pnttm,u1_0.role,u1_0.sbscrb_de,u1_0.sexdstn_code,u1_0.crtfc_dn_value,u1_0.user_nm,u1_0.zip from nemplyrinfo u1_0 where u1_0.emplyr_id=?
2026-03-16 17:04:12 [http-nio-8080-exec-15] DEBUG o.s.orm.jpa.JpaTransactionManager - Exposing JPA transaction as JDBC [org.springframework.orm.jpa.vendor.HibernateJpaDialect$HibernateConnectionHandle@44ea8fba]
2026-03-16 17:04:12 [http-nio-8080-exec-15] DEBUG o.s.orm.jpa.JpaTransactionManager - Found thread-bound EntityManager [SessionImpl(616182953<open>)] for JPA transaction
2026-03-16 17:04:12 [http-nio-8080-exec-15] DEBUG o.s.orm.jpa.JpaTransactionManager - Participating in existing transaction
2026-03-16 17:04:12 [http-nio-8080-exec-15] DEBUG org.hibernate.SQL - select u1_0.emplyr_id,u1_0.area_no,u1_0.brthdy,u1_0.chg_pwd_cnt,u1_0.frst_register_id,u1_0.frst_regist_pnttm,u1_0.detail_adres,u1_0.email_adres,u1_0.emplyr_sttus_code,u1_0.empl_no,u1_0.esntl_id,u1_0.fxnum,u1_0.group_id,u1_0.house_adres,u1_0.house_end_telno,u1_0.house_middle_telno,u1_0.ihidnum,u1_0.pstinst_code,u1_0.last_updusr_id,u1_0.last_updt_pnttm,u1_0.lock_at,u1_0.lock_cnt,u1_0.lock_last_pnttm,u1_0.mbtlnum,u1_0.ofcps_nm,u1_0.offm_telno,u1_0.orgnzt_id,u1_0.password,u1_0.password_cnsr,u1_0.password_hint,u1_0.chg_pwd_last_pnttm,u1_0.role,u1_0.sbscrb_de,u1_0.sexdstn_code,u1_0.crtfc_dn_value,u1_0.user_nm,u1_0.zip from nemplyrinfo u1_0 where u1_0.emplyr_id=?
2026-03-16 17:04:12 [http-nio-8080-exec-3] DEBUG o.s.orm.jpa.JpaTransactionManager - Closing JPA EntityManager [SessionImpl(1504232442<open>)] after transaction
2026-03-16 17:04:12 [http-nio-8080-exec-3] DEBUG c.c.p.s.jwt.JwtAuthenticationFilter - >>> [JwtFilter] Successfully authenticated user: USRCNFRM_00000000002, Authorities: [ROLE_USER]
2026-03-16 17:04:12 [http-nio-8080-exec-3] DEBUG o.s.web.servlet.DispatcherServlet - GET "/api/v1/auth/me", parameters={}
2026-03-16 17:04:12 [http-nio-8080-exec-3] TRACE o.s.w.s.m.m.a.RequestMappingHandlerMapping - Mapped to com.company.project.api.auth.AuthController#getCurrentUser()
2026-03-16 17:04:12 [http-nio-8080-exec-3] DEBUG o.s.w.s.m.m.a.RequestResponseBodyMethodProcessor - Using 'application/json', given [application/json, text/plain, */*] and supported [application/json, application/*+json, application/yaml]
2026-03-16 17:04:12 [http-nio-8080-exec-3] TRACE o.s.w.s.m.m.a.RequestResponseBodyMethodProcessor - Writing [ApiResponse[success=true, status=200, code=COMMON_001, message=Success, data={role=ROLE_USER, userSe=USR, name=일반사용자, id=user_regular}, timestamp=2026-03-16T17:04:12.778576100]]
2026-03-16 17:04:12 [http-nio-8080-exec-3] INFO  c.c.p.a.i.OperationalAuditInterceptor - API Audit Log: URL=/api/v1/auth/me, User=user_regular, IP=127.0.0.1
2026-03-16 17:04:12 [http-nio-8080-exec-3] DEBUG o.s.web.servlet.DispatcherServlet - Completed 200 OK
2026-03-16 17:04:12 [http-nio-8080-exec-13] DEBUG o.s.orm.jpa.JpaTransactionManager - Closing JPA EntityManager [SessionImpl(1277860160<open>)] after transaction
2026-03-16 17:04:12 [http-nio-8080-exec-13] DEBUG c.c.p.s.jwt.JwtAuthenticationFilter - >>> [JwtFilter] Successfully authenticated user: USRCNFRM_00000000002, Authorities: [ROLE_USER]
2026-03-16 17:04:12 [http-nio-8080-exec-13] DEBUG o.s.web.servlet.DispatcherServlet - GET "/api/v1/menu/head", parameters={}
2026-03-16 17:04:12 [http-nio-8080-exec-13] TRACE o.s.w.s.m.m.a.RequestMappingHandlerMapping - Mapped to com.company.project.api.controller.menu.MenuController#getHeadMenu()
2026-03-16 17:04:12 [http-nio-8080-exec-13] INFO  c.c.p.a.c.menu.MenuController - getHeadMenu called
2026-03-16 17:04:12 [http-nio-8080-exec-13] INFO  c.c.p.a.c.menu.MenuController - getHeadMenu returned 5 items
2026-03-16 17:04:12 [http-nio-8080-exec-13] DEBUG o.s.w.s.m.m.a.HttpEntityMethodProcessor - Using 'application/json', given [application/json, text/plain, */*] and supported [application/json, application/*+json, application/yaml]
2026-03-16 17:04:12 [http-nio-8080-exec-13] TRACE o.s.w.s.m.m.a.HttpEntityMethodProcessor - Writing [ApiResponse[success=true, status=200, code=COMMON_001, message=Success, data={list=[com.company.project.service.menu.dto.MenuDto@4839fef0, com.company.project.service.menu.dto.MenuDto@1c69c1c2, com.company.project.service.menu.dto.MenuDto@6f5d2c3d, com.company.project.service.menu.dto.MenuDto@6314b47d, com.company.project.service.menu.dto.MenuDto@645d0891]}, timestamp=2026-03-16T17:04:12.780199700]]
2026-03-16 17:04:12 [http-nio-8080-exec-13] INFO  c.c.p.a.i.OperationalAuditInterceptor - API Audit Log: URL=/api/v1/menu/head, User=user_regular, IP=127.0.0.1
2026-03-16 17:04:12 [http-nio-8080-exec-13] DEBUG o.s.web.servlet.DispatcherServlet - Completed 200 OK
2026-03-16 17:04:12 [http-nio-8080-exec-10] DEBUG o.s.orm.jpa.JpaTransactionManager - Closing JPA EntityManager [SessionImpl(1351255128<open>)] after transaction
2026-03-16 17:04:12 [http-nio-8080-exec-10] DEBUG c.c.p.s.jwt.JwtAuthenticationFilter - >>> [JwtFilter] Successfully authenticated user: USRCNFRM_00000000002, Authorities: [ROLE_USER]
2026-03-16 17:04:12 [http-nio-8080-exec-10] DEBUG o.s.web.servlet.DispatcherServlet - GET "/api/v1/menu/left?menuNo=10", parameters={masked}
2026-03-16 17:04:12 [http-nio-8080-exec-10] TRACE o.s.w.s.m.m.a.RequestMappingHandlerMapping - Mapped to com.company.project.api.controller.menu.MenuController#getLeftMenu(Long)
2026-03-16 17:04:12 [http-nio-8080-exec-10] INFO  c.c.p.a.c.menu.MenuController - getLeftMenu called with menuNo=10
2026-03-16 17:04:12 [http-nio-8080-exec-10] DEBUG o.s.orm.jpa.JpaTransactionManager - Creating new transaction with name [com.company.project.service.menu.MenuService.getSubMenus]: PROPAGATION_REQUIRED,ISOLATION_DEFAULT,readOnly
2026-03-16 17:04:12 [http-nio-8080-exec-10] DEBUG o.s.orm.jpa.JpaTransactionManager - Opened new EntityManager [SessionImpl(830382925<open>)] for JPA transaction
2026-03-16 17:04:12 [http-nio-8080-exec-10] DEBUG o.s.orm.jpa.JpaTransactionManager - Exposing JPA transaction as JDBC [org.springframework.orm.jpa.vendor.HibernateJpaDialect$HibernateConnectionHandle@5e9e68d3]
2026-03-16 17:04:12 [http-nio-8080-exec-10] DEBUG org.hibernate.SQL - select m1_0.menu_no,m1_0.menu_dc,m1_0.menu_nm,m1_0.menu_ordr,m1_0.modern_route,m1_0.progrm_file_nm,m1_0.relate_image_nm,m1_0.relate_image_path,m1_0.route_updated_at,m1_0.upper_menu_no from nmenuinfo m1_0 order by m1_0.upper_menu_no,m1_0.menu_ordr
2026-03-16 17:04:12 [http-nio-8080-exec-12] DEBUG o.s.orm.jpa.JpaTransactionManager - Found thread-bound EntityManager [SessionImpl(1564781300<open>)] for JPA transaction
2026-03-16 17:04:12 [http-nio-8080-exec-12] DEBUG o.s.orm.jpa.JpaTransactionManager - Participating in existing transaction
2026-03-16 17:04:12 [http-nio-8080-exec-12] DEBUG org.hibernate.SQL - select ua1_0.scrty_dtrmn_trget_id,ua1_0.author_code,ua1_0.frst_register_id,ua1_0.frst_regist_pnttm,ua1_0.last_updusr_id,ua1_0.last_updt_pnttm,ua1_0.mber_ty_code from nemplyrscrtyestbs ua1_0 where ua1_0.scrty_dtrmn_trget_id=?
2026-03-16 17:04:12 [http-nio-8080-exec-15] DEBUG o.s.orm.jpa.JpaTransactionManager - Found thread-bound EntityManager [SessionImpl(616182953<open>)] for JPA transaction
2026-03-16 17:04:12 [http-nio-8080-exec-15] DEBUG o.s.orm.jpa.JpaTransactionManager - Participating in existing transaction
2026-03-16 17:04:12 [http-nio-8080-exec-15] DEBUG org.hibernate.SQL - select ua1_0.scrty_dtrmn_trget_id,ua1_0.author_code,ua1_0.frst_register_id,ua1_0.frst_regist_pnttm,ua1_0.last_updusr_id,ua1_0.last_updt_pnttm,ua1_0.mber_ty_code from nemplyrscrtyestbs ua1_0 where ua1_0.scrty_dtrmn_trget_id=?
2026-03-16 17:04:13 [http-nio-8080-exec-12] DEBUG o.s.orm.jpa.JpaTransactionManager - Initiating transaction commit
2026-03-16 17:04:13 [http-nio-8080-exec-12] DEBUG o.s.orm.jpa.JpaTransactionManager - Committing JPA transaction on EntityManager [SessionImpl(1564781300<open>)]
2026-03-16 17:04:13 [http-nio-8080-exec-15] DEBUG o.s.orm.jpa.JpaTransactionManager - Initiating transaction commit
2026-03-16 17:04:13 [http-nio-8080-exec-15] DEBUG o.s.orm.jpa.JpaTransactionManager - Committing JPA transaction on EntityManager [SessionImpl(616182953<open>)]
2026-03-16 17:04:13 [http-nio-8080-exec-10] DEBUG o.s.orm.jpa.JpaTransactionManager - Found thread-bound EntityManager [SessionImpl(830382925<open>)] for JPA transaction
2026-03-16 17:04:13 [http-nio-8080-exec-10] DEBUG o.s.orm.jpa.JpaTransactionManager - Participating in existing transaction
2026-03-16 17:04:13 [http-nio-8080-exec-10] DEBUG org.hibernate.SQL - select p1_0.progrm_file_nm,p1_0.progrm_dc,p1_0.progrm_korean_nm,p1_0.progrm_stre_path,p1_0.url from nprogrmlist p1_0
2026-03-16 17:04:13 [http-nio-8080-exec-12] DEBUG o.s.orm.jpa.JpaTransactionManager - Closing JPA EntityManager [SessionImpl(1564781300<open>)] after transaction
2026-03-16 17:04:13 [http-nio-8080-exec-12] DEBUG c.c.p.s.jwt.JwtAuthenticationFilter - >>> [JwtFilter] Successfully authenticated user: USRCNFRM_00000000002, Authorities: [ROLE_USER]
2026-03-16 17:04:13 [http-nio-8080-exec-12] DEBUG o.s.web.servlet.DispatcherServlet - GET "/api/v1/dashboard", parameters={}
2026-03-16 17:04:13 [http-nio-8080-exec-12] TRACE o.s.w.s.m.m.a.RequestMappingHandlerMapping - Mapped to com.company.project.api.controller.main.DashboardController#getDashboardData(UserDetails)
2026-03-16 17:04:13 [http-nio-8080-exec-12] INFO  c.c.p.a.c.main.DashboardController - >>> [Dashboard] Fetching data for user: USRCNFRM_00000000002
2026-03-16 17:04:13 [http-nio-8080-exec-12] DEBUG o.s.orm.jpa.JpaTransactionManager - Creating new transaction with name [com.company.project.service.board.BoardService.getBoardPosts]: PROPAGATION_REQUIRED,ISOLATION_DEFAULT,readOnly
2026-03-16 17:04:13 [http-nio-8080-exec-12] DEBUG o.s.orm.jpa.JpaTransactionManager - Opened new EntityManager [SessionImpl(1452588148<open>)] for JPA transaction
2026-03-16 17:04:13 [http-nio-8080-exec-12] DEBUG o.s.orm.jpa.JpaTransactionManager - Exposing JPA transaction as JDBC [org.springframework.orm.jpa.vendor.HibernateJpaDialect$HibernateConnectionHandle@20446476]
2026-03-16 17:04:13 [http-nio-8080-exec-12] DEBUG o.s.orm.jpa.JpaTransactionManager - Found thread-bound EntityManager [SessionImpl(1452588148<open>)] for JPA transaction
2026-03-16 17:04:13 [http-nio-8080-exec-12] DEBUG o.s.orm.jpa.JpaTransactionManager - Participating in existing transaction
2026-03-16 17:04:13 [http-nio-8080-exec-12] DEBUG org.hibernate.SQL - select bm1_0.bbs_id,bm1_0.atch_posbl_file_number,bm1_0.atch_posbl_file_size,bm1_0.bbs_attrb_code,bm1_0.bbs_intrcn,bm1_0.bbs_nm,bm1_0.bbs_ty_code,bm1_0.blog_at,bm1_0.blog_id,bm1_0.cmmnty_id,bm1_0.frst_register_id,bm1_0.frst_regist_pnttm,bm1_0.file_atch_posbl_at,bm1_0.last_updusr_id,bm1_0.last_updt_pnttm,bm1_0.reply_posbl_at,bm1_0.tmplat_id,bm1_0.use_at,bm1_1.answer_at,bm1_1.stsfdg_at from nbbsmaster bm1_0 left join nbbsmasteroptn bm1_1 on bm1_0.bbs_id=bm1_1.bbs_id where bm1_0.bbs_id=?
2026-03-16 17:04:13 [http-nio-8080-exec-15] DEBUG o.s.orm.jpa.JpaTransactionManager - Closing JPA EntityManager [SessionImpl(616182953<open>)] after transaction
2026-03-16 17:04:13 [http-nio-8080-exec-15] DEBUG c.c.p.s.jwt.JwtAuthenticationFilter - >>> [JwtFilter] Successfully authenticated user: USRCNFRM_00000000002, Authorities: [ROLE_USER]
2026-03-16 17:04:13 [http-nio-8080-exec-15] DEBUG o.s.web.servlet.DispatcherServlet - GET "/api/v1/menu/head", parameters={}
2026-03-16 17:04:13 [http-nio-8080-exec-15] TRACE o.s.w.s.m.m.a.RequestMappingHandlerMapping - Mapped to com.company.project.api.controller.menu.MenuController#getHeadMenu()
2026-03-16 17:04:13 [http-nio-8080-exec-15] INFO  c.c.p.a.c.menu.MenuController - getHeadMenu called
2026-03-16 17:04:13 [http-nio-8080-exec-15] INFO  c.c.p.a.c.menu.MenuController - getHeadMenu returned 5 items
2026-03-16 17:04:13 [http-nio-8080-exec-15] DEBUG o.s.w.s.m.m.a.HttpEntityMethodProcessor - Using 'application/json', given [application/json, text/plain, */*] and supported [application/json, application/*+json, application/yaml]
2026-03-16 17:04:13 [http-nio-8080-exec-15] TRACE o.s.w.s.m.m.a.HttpEntityMethodProcessor - Writing [ApiResponse[success=true, status=200, code=COMMON_001, message=Success, data={list=[com.company.project.service.menu.dto.MenuDto@4839fef0, com.company.project.service.menu.dto.MenuDto@1c69c1c2, com.company.project.service.menu.dto.MenuDto@6f5d2c3d, com.company.project.service.menu.dto.MenuDto@6314b47d, com.company.project.service.menu.dto.MenuDto@645d0891]}, timestamp=2026-03-16T17:04:13.247326900]]
2026-03-16 17:04:13 [http-nio-8080-exec-15] INFO  c.c.p.a.i.OperationalAuditInterceptor - API Audit Log: URL=/api/v1/menu/head, User=user_regular, IP=0:0:0:0:0:0:0:1
2026-03-16 17:04:13 [http-nio-8080-exec-15] DEBUG o.s.web.servlet.DispatcherServlet - Completed 200 OK
2026-03-16 17:04:13 [http-nio-8080-exec-19] DEBUG c.c.p.s.jwt.JwtAuthenticationFilter - >>> [JwtFilter] Processing request: GET /api/v1/menu/left
2026-03-16 17:04:13 [http-nio-8080-exec-2] DEBUG c.c.p.s.jwt.JwtAuthenticationFilter - >>> [JwtFilter] Processing request: GET /api/v1/menu/left
2026-03-16 17:04:13 [http-nio-8080-exec-17] DEBUG c.c.p.s.jwt.JwtAuthenticationFilter - >>> [JwtFilter] Processing request: GET /api/v1/menu/left
2026-03-16 17:04:13 [http-nio-8080-exec-19] DEBUG c.c.p.s.jwt.JwtAuthenticationFilter - >>> [JwtFilter] Found token in header for path: /api/v1/menu/left
2026-03-16 17:04:13 [http-nio-8080-exec-8] DEBUG c.c.p.s.jwt.JwtAuthenticationFilter - >>> [JwtFilter] Processing request: GET /api/v1/menu/left
2026-03-16 17:04:13 [http-nio-8080-exec-9] DEBUG c.c.p.s.jwt.JwtAuthenticationFilter - >>> [JwtFilter] Processing request: GET /api/v1/menu/left
2026-03-16 17:04:13 [http-nio-8080-exec-2] DEBUG c.c.p.s.jwt.JwtAuthenticationFilter - >>> [JwtFilter] Found token in header for path: /api/v1/menu/left
2026-03-16 17:04:13 [http-nio-8080-exec-9] DEBUG c.c.p.s.jwt.JwtAuthenticationFilter - >>> [JwtFilter] Found token in header for path: /api/v1/menu/left
2026-03-16 17:04:13 [http-nio-8080-exec-17] DEBUG c.c.p.s.jwt.JwtAuthenticationFilter - >>> [JwtFilter] Found token in header for path: /api/v1/menu/left
2026-03-16 17:04:13 [http-nio-8080-exec-9] DEBUG o.s.orm.jpa.JpaTransactionManager - Creating new transaction with name [com.company.project.security.iam.CustomUserDetailsService.loadUserByUsername]: PROPAGATION_REQUIRED,ISOLATION_DEFAULT,readOnly
2026-03-16 17:04:13 [http-nio-8080-exec-8] DEBUG c.c.p.s.jwt.JwtAuthenticationFilter - >>> [JwtFilter] Found token in header for path: /api/v1/menu/left
2026-03-16 17:04:13 [http-nio-8080-exec-19] DEBUG o.s.orm.jpa.JpaTransactionManager - Creating new transaction with name [com.company.project.security.iam.CustomUserDetailsService.loadUserByUsername]: PROPAGATION_REQUIRED,ISOLATION_DEFAULT,readOnly
2026-03-16 17:04:13 [http-nio-8080-exec-19] DEBUG o.s.orm.jpa.JpaTransactionManager - Opened new EntityManager [SessionImpl(1489063329<open>)] for JPA transaction
2026-03-16 17:04:13 [http-nio-8080-exec-19] DEBUG o.s.orm.jpa.JpaTransactionManager - Exposing JPA transaction as JDBC [org.springframework.orm.jpa.vendor.HibernateJpaDialect$HibernateConnectionHandle@65d436c3]
2026-03-16 17:04:13 [http-nio-8080-exec-2] DEBUG o.s.orm.jpa.JpaTransactionManager - Creating new transaction with name [com.company.project.security.iam.CustomUserDetailsService.loadUserByUsername]: PROPAGATION_REQUIRED,ISOLATION_DEFAULT,readOnly
2026-03-16 17:04:13 [http-nio-8080-exec-19] DEBUG o.s.orm.jpa.JpaTransactionManager - Found thread-bound EntityManager [SessionImpl(1489063329<open>)] for JPA transaction
2026-03-16 17:04:13 [http-nio-8080-exec-2] DEBUG o.s.orm.jpa.JpaTransactionManager - Opened new EntityManager [SessionImpl(1882307949<open>)] for JPA transaction
2026-03-16 17:04:13 [http-nio-8080-exec-9] DEBUG o.s.orm.jpa.JpaTransactionManager - Opened new EntityManager [SessionImpl(1769380290<open>)] for JPA transaction
2026-03-16 17:04:13 [http-nio-8080-exec-17] DEBUG o.s.orm.jpa.JpaTransactionManager - Creating new transaction with name [com.company.project.security.iam.CustomUserDetailsService.loadUserByUsername]: PROPAGATION_REQUIRED,ISOLATION_DEFAULT,readOnly
2026-03-16 17:04:13 [http-nio-8080-exec-17] DEBUG o.s.orm.jpa.JpaTransactionManager - Opened new EntityManager [SessionImpl(927822223<open>)] for JPA transaction
2026-03-16 17:04:13 [http-nio-8080-exec-8] DEBUG o.s.orm.jpa.JpaTransactionManager - Creating new transaction with name [com.company.project.security.iam.CustomUserDetailsService.loadUserByUsername]: PROPAGATION_REQUIRED,ISOLATION_DEFAULT,readOnly
2026-03-16 17:04:13 [http-nio-8080-exec-17] DEBUG o.s.orm.jpa.JpaTransactionManager - Exposing JPA transaction as JDBC [org.springframework.orm.jpa.vendor.HibernateJpaDialect$HibernateConnectionHandle@34c3b87b]
2026-03-16 17:04:13 [http-nio-8080-exec-19] DEBUG o.s.orm.jpa.JpaTransactionManager - Participating in existing transaction
2026-03-16 17:04:13 [http-nio-8080-exec-9] DEBUG o.s.orm.jpa.JpaTransactionManager - Exposing JPA transaction as JDBC [org.springframework.orm.jpa.vendor.HibernateJpaDialect$HibernateConnectionHandle@78f51253]
2026-03-16 17:04:13 [http-nio-8080-exec-8] DEBUG o.s.orm.jpa.JpaTransactionManager - Opened new EntityManager [SessionImpl(895829080<open>)] for JPA transaction
2026-03-16 17:04:13 [http-nio-8080-exec-17] DEBUG o.s.orm.jpa.JpaTransactionManager - Found thread-bound EntityManager [SessionImpl(927822223<open>)] for JPA transaction
2026-03-16 17:04:13 [http-nio-8080-exec-17] DEBUG o.s.orm.jpa.JpaTransactionManager - Participating in existing transaction
2026-03-16 17:04:13 [http-nio-8080-exec-17] DEBUG org.hibernate.SQL - select u1_0.emplyr_id,u1_0.area_no,u1_0.brthdy,u1_0.chg_pwd_cnt,u1_0.frst_register_id,u1_0.frst_regist_pnttm,u1_0.detail_adres,u1_0.email_adres,u1_0.emplyr_sttus_code,u1_0.empl_no,u1_0.esntl_id,u1_0.fxnum,u1_0.group_id,u1_0.house_adres,u1_0.house_end_telno,u1_0.house_middle_telno,u1_0.ihidnum,u1_0.pstinst_code,u1_0.last_updusr_id,u1_0.last_updt_pnttm,u1_0.lock_at,u1_0.lock_cnt,u1_0.lock_last_pnttm,u1_0.mbtlnum,u1_0.ofcps_nm,u1_0.offm_telno,u1_0.orgnzt_id,u1_0.password,u1_0.password_cnsr,u1_0.password_hint,u1_0.chg_pwd_last_pnttm,u1_0.role,u1_0.sbscrb_de,u1_0.sexdstn_code,u1_0.crtfc_dn_value,u1_0.user_nm,u1_0.zip from nemplyrinfo u1_0 where u1_0.emplyr_id=?
2026-03-16 17:04:13 [http-nio-8080-exec-19] DEBUG org.hibernate.SQL - select u1_0.emplyr_id,u1_0.area_no,u1_0.brthdy,u1_0.chg_pwd_cnt,u1_0.frst_register_id,u1_0.frst_regist_pnttm,u1_0.detail_adres,u1_0.email_adres,u1_0.emplyr_sttus_code,u1_0.empl_no,u1_0.esntl_id,u1_0.fxnum,u1_0.group_id,u1_0.house_adres,u1_0.house_end_telno,u1_0.house_middle_telno,u1_0.ihidnum,u1_0.pstinst_code,u1_0.last_updusr_id,u1_0.last_updt_pnttm,u1_0.lock_at,u1_0.lock_cnt,u1_0.lock_last_pnttm,u1_0.mbtlnum,u1_0.ofcps_nm,u1_0.offm_telno,u1_0.orgnzt_id,u1_0.password,u1_0.password_cnsr,u1_0.password_hint,u1_0.chg_pwd_last_pnttm,u1_0.role,u1_0.sbscrb_de,u1_0.sexdstn_code,u1_0.crtfc_dn_value,u1_0.user_nm,u1_0.zip from nemplyrinfo u1_0 where u1_0.emplyr_id=?
2026-03-16 17:04:13 [http-nio-8080-exec-9] DEBUG o.s.orm.jpa.JpaTransactionManager - Found thread-bound EntityManager [SessionImpl(1769380290<open>)] for JPA transaction
2026-03-16 17:04:13 [http-nio-8080-exec-9] DEBUG o.s.orm.jpa.JpaTransactionManager - Participating in existing transaction
2026-03-16 17:04:13 [http-nio-8080-exec-9] DEBUG org.hibernate.SQL - select u1_0.emplyr_id,u1_0.area_no,u1_0.brthdy,u1_0.chg_pwd_cnt,u1_0.frst_register_id,u1_0.frst_regist_pnttm,u1_0.detail_adres,u1_0.email_adres,u1_0.emplyr_sttus_code,u1_0.empl_no,u1_0.esntl_id,u1_0.fxnum,u1_0.group_id,u1_0.house_adres,u1_0.house_end_telno,u1_0.house_middle_telno,u1_0.ihidnum,u1_0.pstinst_code,u1_0.last_updusr_id,u1_0.last_updt_pnttm,u1_0.lock_at,u1_0.lock_cnt,u1_0.lock_last_pnttm,u1_0.mbtlnum,u1_0.ofcps_nm,u1_0.offm_telno,u1_0.orgnzt_id,u1_0.password,u1_0.password_cnsr,u1_0.password_hint,u1_0.chg_pwd_last_pnttm,u1_0.role,u1_0.sbscrb_de,u1_0.sexdstn_code,u1_0.crtfc_dn_value,u1_0.user_nm,u1_0.zip from nemplyrinfo u1_0 where u1_0.emplyr_id=?
2026-03-16 17:04:13 [http-nio-8080-exec-10] DEBUG o.s.orm.jpa.JpaTransactionManager - Initiating transaction commit
2026-03-16 17:04:13 [http-nio-8080-exec-10] DEBUG o.s.orm.jpa.JpaTransactionManager - Committing JPA transaction on EntityManager [SessionImpl(830382925<open>)]
2026-03-16 17:04:13 [http-nio-8080-exec-12] DEBUG org.hibernate.SQL - select b1_0.ntt_id,b1_0.bbs_id,b1_0.ntt_sj,b1_0.ntcr_nm,b1_0.frst_regist_pnttm,b1_0.rdcnt,b1_0.answer_at,b1_0.parntsctt_no,b1_0.answer_lc,b1_0.sort_ordr,b1_0.ntt_no,b1_0.notice_at,b1_0.secret_at,b1_0.comment_co from nbbs b1_0 left join nemplyrinfo u1_0 on b1_0.frst_register_id=u1_0.esntl_id where (b1_0.use_at = 'Y') and b1_0.bbs_id=? order by b1_0.sort_ordr desc,b1_0.ntt_no offset ? rows fetch first ? rows only
2026-03-16 17:04:13 [http-nio-8080-exec-2] DEBUG o.s.orm.jpa.JpaTransactionManager - Exposing JPA transaction as JDBC [org.springframework.orm.jpa.vendor.HibernateJpaDialect$HibernateConnectionHandle@27c9e916]
2026-03-16 17:04:13 [http-nio-8080-exec-8] DEBUG o.s.orm.jpa.JpaTransactionManager - Exposing JPA transaction as JDBC [org.springframework.orm.jpa.vendor.HibernateJpaDialect$HibernateConnectionHandle@18cf052b]
2026-03-16 17:04:13 [http-nio-8080-exec-2] DEBUG o.s.orm.jpa.JpaTransactionManager - Found thread-bound EntityManager [SessionImpl(1882307949<open>)] for JPA transaction
2026-03-16 17:04:13 [http-nio-8080-exec-2] DEBUG o.s.orm.jpa.JpaTransactionManager - Participating in existing transaction
2026-03-16 17:04:13 [http-nio-8080-exec-2] DEBUG org.hibernate.SQL - select u1_0.emplyr_id,u1_0.area_no,u1_0.brthdy,u1_0.chg_pwd_cnt,u1_0.frst_register_id,u1_0.frst_regist_pnttm,u1_0.detail_adres,u1_0.email_adres,u1_0.emplyr_sttus_code,u1_0.empl_no,u1_0.esntl_id,u1_0.fxnum,u1_0.group_id,u1_0.house_adres,u1_0.house_end_telno,u1_0.house_middle_telno,u1_0.ihidnum,u1_0.pstinst_code,u1_0.last_updusr_id,u1_0.last_updt_pnttm,u1_0.lock_at,u1_0.lock_cnt,u1_0.lock_last_pnttm,u1_0.mbtlnum,u1_0.ofcps_nm,u1_0.offm_telno,u1_0.orgnzt_id,u1_0.password,u1_0.password_cnsr,u1_0.password_hint,u1_0.chg_pwd_last_pnttm,u1_0.role,u1_0.sbscrb_de,u1_0.sexdstn_code,u1_0.crtfc_dn_value,u1_0.user_nm,u1_0.zip from nemplyrinfo u1_0 where u1_0.emplyr_id=?
2026-03-16 17:04:13 [http-nio-8080-exec-8] DEBUG o.s.orm.jpa.JpaTransactionManager - Found thread-bound EntityManager [SessionImpl(895829080<open>)] for JPA transaction
2026-03-16 17:04:13 [http-nio-8080-exec-8] DEBUG o.s.orm.jpa.JpaTransactionManager - Participating in existing transaction
2026-03-16 17:04:13 [http-nio-8080-exec-8] DEBUG org.hibernate.SQL - select u1_0.emplyr_id,u1_0.area_no,u1_0.brthdy,u1_0.chg_pwd_cnt,u1_0.frst_register_id,u1_0.frst_regist_pnttm,u1_0.detail_adres,u1_0.email_adres,u1_0.emplyr_sttus_code,u1_0.empl_no,u1_0.esntl_id,u1_0.fxnum,u1_0.group_id,u1_0.house_adres,u1_0.house_end_telno,u1_0.house_middle_telno,u1_0.ihidnum,u1_0.pstinst_code,u1_0.last_updusr_id,u1_0.last_updt_pnttm,u1_0.lock_at,u1_0.lock_cnt,u1_0.lock_last_pnttm,u1_0.mbtlnum,u1_0.ofcps_nm,u1_0.offm_telno,u1_0.orgnzt_id,u1_0.password,u1_0.password_cnsr,u1_0.password_hint,u1_0.chg_pwd_last_pnttm,u1_0.role,u1_0.sbscrb_de,u1_0.sexdstn_code,u1_0.crtfc_dn_value,u1_0.user_nm,u1_0.zip from nemplyrinfo u1_0 where u1_0.emplyr_id=?
2026-03-16 17:04:13 [http-nio-8080-exec-9] DEBUG o.s.orm.jpa.JpaTransactionManager - Found thread-bound EntityManager [SessionImpl(1769380290<open>)] for JPA transaction
2026-03-16 17:04:13 [http-nio-8080-exec-9] DEBUG o.s.orm.jpa.JpaTransactionManager - Participating in existing transaction
2026-03-16 17:04:13 [http-nio-8080-exec-9] DEBUG org.hibernate.SQL - select ua1_0.scrty_dtrmn_trget_id,ua1_0.author_code,ua1_0.frst_register_id,ua1_0.frst_regist_pnttm,ua1_0.last_updusr_id,ua1_0.last_updt_pnttm,ua1_0.mber_ty_code from nemplyrscrtyestbs ua1_0 where ua1_0.scrty_dtrmn_trget_id=?
2026-03-16 17:04:13 [http-nio-8080-exec-17] DEBUG o.s.orm.jpa.JpaTransactionManager - Found thread-bound EntityManager [SessionImpl(927822223<open>)] for JPA transaction
2026-03-16 17:04:13 [http-nio-8080-exec-17] DEBUG o.s.orm.jpa.JpaTransactionManager - Participating in existing transaction
2026-03-16 17:04:13 [http-nio-8080-exec-17] DEBUG org.hibernate.SQL - select ua1_0.scrty_dtrmn_trget_id,ua1_0.author_code,ua1_0.frst_register_id,ua1_0.frst_regist_pnttm,ua1_0.last_updusr_id,ua1_0.last_updt_pnttm,ua1_0.mber_ty_code from nemplyrscrtyestbs ua1_0 where ua1_0.scrty_dtrmn_trget_id=?
2026-03-16 17:04:13 [http-nio-8080-exec-19] DEBUG o.s.orm.jpa.JpaTransactionManager - Found thread-bound EntityManager [SessionImpl(1489063329<open>)] for JPA transaction
2026-03-16 17:04:13 [http-nio-8080-exec-19] DEBUG o.s.orm.jpa.JpaTransactionManager - Participating in existing transaction
2026-03-16 17:04:13 [http-nio-8080-exec-19] DEBUG org.hibernate.SQL - select ua1_0.scrty_dtrmn_trget_id,ua1_0.author_code,ua1_0.frst_register_id,ua1_0.frst_regist_pnttm,ua1_0.last_updusr_id,ua1_0.last_updt_pnttm,ua1_0.mber_ty_code from nemplyrscrtyestbs ua1_0 where ua1_0.scrty_dtrmn_trget_id=?
2026-03-16 17:04:13 [http-nio-8080-exec-10] DEBUG o.s.orm.jpa.JpaTransactionManager - Closing JPA EntityManager [SessionImpl(830382925<open>)] after transaction
2026-03-16 17:04:13 [http-nio-8080-exec-10] INFO  c.c.p.a.c.menu.MenuController - getLeftMenu returned 5 items
2026-03-16 17:04:13 [http-nio-8080-exec-10] DEBUG o.s.w.s.m.m.a.HttpEntityMethodProcessor - Using 'application/json', given [application/json, text/plain, */*] and supported [application/json, application/*+json, application/yaml]
2026-03-16 17:04:13 [http-nio-8080-exec-10] TRACE o.s.w.s.m.m.a.HttpEntityMethodProcessor - Writing [ApiResponse[success=true, status=200, code=COMMON_001, message=Success, data={list=[com.company.project.service.menu.dto.MenuDto@756a52fd, com.company.project.service.menu.dto.MenuDto@3286de8a, com.company.project.service.menu.dto.MenuDto@1ee02161, com.company.project.service.menu.dto.MenuDto@2938a41b, com.company.project.service.menu.dto.MenuDto@ee2f67b]}, timestamp=2026-03-16T17:04:13.423650900]]
2026-03-16 17:04:13 [http-nio-8080-exec-10] INFO  c.c.p.a.i.OperationalAuditInterceptor - API Audit Log: URL=/api/v1/menu/left, User=user_regular, IP=127.0.0.1
2026-03-16 17:04:13 [http-nio-8080-exec-10] DEBUG o.s.web.servlet.DispatcherServlet - Completed 200 OK
2026-03-16 17:04:13 [http-nio-8080-exec-12] DEBUG org.hibernate.SQL - select count(b1_0.ntt_id) from nbbs b1_0 left join nemplyrinfo u1_0 on b1_0.frst_register_id=u1_0.esntl_id where (b1_0.use_at = 'Y') and b1_0.bbs_id=?
2026-03-16 17:04:13 [http-nio-8080-exec-2] DEBUG o.s.orm.jpa.JpaTransactionManager - Found thread-bound EntityManager [SessionImpl(1882307949<open>)] for JPA transaction
2026-03-16 17:04:13 [http-nio-8080-exec-2] DEBUG o.s.orm.jpa.JpaTransactionManager - Participating in existing transaction
2026-03-16 17:04:13 [http-nio-8080-exec-2] DEBUG org.hibernate.SQL - select ua1_0.scrty_dtrmn_trget_id,ua1_0.author_code,ua1_0.frst_register_id,ua1_0.frst_regist_pnttm,ua1_0.last_updusr_id,ua1_0.last_updt_pnttm,ua1_0.mber_ty_code from nemplyrscrtyestbs ua1_0 where ua1_0.scrty_dtrmn_trget_id=?
2026-03-16 17:04:13 [http-nio-8080-exec-8] DEBUG o.s.orm.jpa.JpaTransactionManager - Found thread-bound EntityManager [SessionImpl(895829080<open>)] for JPA transaction
2026-03-16 17:04:13 [http-nio-8080-exec-8] DEBUG o.s.orm.jpa.JpaTransactionManager - Participating in existing transaction
2026-03-16 17:04:13 [http-nio-8080-exec-8] DEBUG org.hibernate.SQL - select ua1_0.scrty_dtrmn_trget_id,ua1_0.author_code,ua1_0.frst_register_id,ua1_0.frst_regist_pnttm,ua1_0.last_updusr_id,ua1_0.last_updt_pnttm,ua1_0.mber_ty_code from nemplyrscrtyestbs ua1_0 where ua1_0.scrty_dtrmn_trget_id=?
2026-03-16 17:04:13 [http-nio-8080-exec-9] DEBUG o.s.orm.jpa.JpaTransactionManager - Initiating transaction commit
2026-03-16 17:04:13 [http-nio-8080-exec-9] DEBUG o.s.orm.jpa.JpaTransactionManager - Committing JPA transaction on EntityManager [SessionImpl(1769380290<open>)]
2026-03-16 17:04:13 [http-nio-8080-exec-17] DEBUG o.s.orm.jpa.JpaTransactionManager - Initiating transaction commit
2026-03-16 17:04:13 [http-nio-8080-exec-17] DEBUG o.s.orm.jpa.JpaTransactionManager - Committing JPA transaction on EntityManager [SessionImpl(927822223<open>)]
2026-03-16 17:04:13 [http-nio-8080-exec-19] DEBUG o.s.orm.jpa.JpaTransactionManager - Initiating transaction commit
2026-03-16 17:04:13 [http-nio-8080-exec-19] DEBUG o.s.orm.jpa.JpaTransactionManager - Committing JPA transaction on EntityManager [SessionImpl(1489063329<open>)]
2026-03-16 17:04:13 [http-nio-8080-exec-12] DEBUG o.s.orm.jpa.JpaTransactionManager - Initiating transaction commit
2026-03-16 17:04:13 [http-nio-8080-exec-12] DEBUG o.s.orm.jpa.JpaTransactionManager - Committing JPA transaction on EntityManager [SessionImpl(1452588148<open>)]
2026-03-16 17:04:13 [http-nio-8080-exec-17] DEBUG o.s.orm.jpa.JpaTransactionManager - Closing JPA EntityManager [SessionImpl(927822223<open>)] after transaction
2026-03-16 17:04:13 [http-nio-8080-exec-8] DEBUG o.s.orm.jpa.JpaTransactionManager - Initiating transaction commit
2026-03-16 17:04:13 [http-nio-8080-exec-9] DEBUG o.s.orm.jpa.JpaTransactionManager - Closing JPA EntityManager [SessionImpl(1769380290<open>)] after transaction
2026-03-16 17:04:13 [http-nio-8080-exec-2] DEBUG o.s.orm.jpa.JpaTransactionManager - Initiating transaction commit
2026-03-16 17:04:13 [http-nio-8080-exec-17] DEBUG c.c.p.s.jwt.JwtAuthenticationFilter - >>> [JwtFilter] Successfully authenticated user: USRCNFRM_00000000002, Authorities: [ROLE_USER]
2026-03-16 17:04:13 [http-nio-8080-exec-9] DEBUG c.c.p.s.jwt.JwtAuthenticationFilter - >>> [JwtFilter] Successfully authenticated user: USRCNFRM_00000000002, Authorities: [ROLE_USER]
2026-03-16 17:04:13 [http-nio-8080-exec-8] DEBUG o.s.orm.jpa.JpaTransactionManager - Committing JPA transaction on EntityManager [SessionImpl(895829080<open>)]
2026-03-16 17:04:13 [http-nio-8080-exec-2] DEBUG o.s.orm.jpa.JpaTransactionManager - Committing JPA transaction on EntityManager [SessionImpl(1882307949<open>)]
2026-03-16 17:04:13 [http-nio-8080-exec-9] DEBUG o.s.web.servlet.DispatcherServlet - GET "/api/v1/menu/left?menuNo=60", parameters={masked}
2026-03-16 17:04:13 [http-nio-8080-exec-17] DEBUG o.s.web.servlet.DispatcherServlet - GET "/api/v1/menu/left?menuNo=20", parameters={masked}
2026-03-16 17:04:13 [http-nio-8080-exec-9] TRACE o.s.w.s.m.m.a.RequestMappingHandlerMapping - Mapped to com.company.project.api.controller.menu.MenuController#getLeftMenu(Long)
2026-03-16 17:04:13 [http-nio-8080-exec-17] TRACE o.s.w.s.m.m.a.RequestMappingHandlerMapping - Mapped to com.company.project.api.controller.menu.MenuController#getLeftMenu(Long)
2026-03-16 17:04:13 [http-nio-8080-exec-9] INFO  c.c.p.a.c.menu.MenuController - getLeftMenu called with menuNo=60
2026-03-16 17:04:13 [http-nio-8080-exec-17] INFO  c.c.p.a.c.menu.MenuController - getLeftMenu called with menuNo=20
2026-03-16 17:04:13 [http-nio-8080-exec-9] DEBUG o.s.orm.jpa.JpaTransactionManager - Creating new transaction with name [com.company.project.service.menu.MenuService.getSubMenus]: PROPAGATION_REQUIRED,ISOLATION_DEFAULT,readOnly
2026-03-16 17:04:13 [http-nio-8080-exec-17] DEBUG o.s.orm.jpa.JpaTransactionManager - Creating new transaction with name [com.company.project.service.menu.MenuService.getSubMenus]: PROPAGATION_REQUIRED,ISOLATION_DEFAULT,readOnly
2026-03-16 17:04:13 [http-nio-8080-exec-9] DEBUG o.s.orm.jpa.JpaTransactionManager - Opened new EntityManager [SessionImpl(1153645078<open>)] for JPA transaction
2026-03-16 17:04:13 [http-nio-8080-exec-17] DEBUG o.s.orm.jpa.JpaTransactionManager - Opened new EntityManager [SessionImpl(1189502608<open>)] for JPA transaction
2026-03-16 17:04:13 [http-nio-8080-exec-9] DEBUG o.s.orm.jpa.JpaTransactionManager - Exposing JPA transaction as JDBC [org.springframework.orm.jpa.vendor.HibernateJpaDialect$HibernateConnectionHandle@605f061c]
2026-03-16 17:04:13 [http-nio-8080-exec-17] DEBUG o.s.orm.jpa.JpaTransactionManager - Exposing JPA transaction as JDBC [org.springframework.orm.jpa.vendor.HibernateJpaDialect$HibernateConnectionHandle@538fd6f6]
2026-03-16 17:04:13 [http-nio-8080-exec-9] DEBUG org.hibernate.SQL - select m1_0.menu_no,m1_0.menu_dc,m1_0.menu_nm,m1_0.menu_ordr,m1_0.modern_route,m1_0.progrm_file_nm,m1_0.relate_image_nm,m1_0.relate_image_path,m1_0.route_updated_at,m1_0.upper_menu_no from nmenuinfo m1_0 order by m1_0.upper_menu_no,m1_0.menu_ordr
2026-03-16 17:04:13 [http-nio-8080-exec-17] DEBUG org.hibernate.SQL - select m1_0.menu_no,m1_0.menu_dc,m1_0.menu_nm,m1_0.menu_ordr,m1_0.modern_route,m1_0.progrm_file_nm,m1_0.relate_image_nm,m1_0.relate_image_path,m1_0.route_updated_at,m1_0.upper_menu_no from nmenuinfo m1_0 order by m1_0.upper_menu_no,m1_0.menu_ordr
2026-03-16 17:04:13 [http-nio-8080-exec-19] DEBUG o.s.orm.jpa.JpaTransactionManager - Closing JPA EntityManager [SessionImpl(1489063329<open>)] after transaction
2026-03-16 17:04:13 [http-nio-8080-exec-19] DEBUG c.c.p.s.jwt.JwtAuthenticationFilter - >>> [JwtFilter] Successfully authenticated user: USRCNFRM_00000000002, Authorities: [ROLE_USER]
2026-03-16 17:04:13 [http-nio-8080-exec-19] DEBUG o.s.web.servlet.DispatcherServlet - GET "/api/v1/menu/left?menuNo=50", parameters={masked}
2026-03-16 17:04:13 [http-nio-8080-exec-19] TRACE o.s.w.s.m.m.a.RequestMappingHandlerMapping - Mapped to com.company.project.api.controller.menu.MenuController#getLeftMenu(Long)
2026-03-16 17:04:13 [http-nio-8080-exec-19] INFO  c.c.p.a.c.menu.MenuController - getLeftMenu called with menuNo=50
2026-03-16 17:04:13 [http-nio-8080-exec-19] DEBUG o.s.orm.jpa.JpaTransactionManager - Creating new transaction with name [com.company.project.service.menu.MenuService.getSubMenus]: PROPAGATION_REQUIRED,ISOLATION_DEFAULT,readOnly
2026-03-16 17:04:13 [http-nio-8080-exec-19] DEBUG o.s.orm.jpa.JpaTransactionManager - Opened new EntityManager [SessionImpl(452496216<open>)] for JPA transaction
2026-03-16 17:04:13 [http-nio-8080-exec-19] DEBUG o.s.orm.jpa.JpaTransactionManager - Exposing JPA transaction as JDBC [org.springframework.orm.jpa.vendor.HibernateJpaDialect$HibernateConnectionHandle@7bee9003]
2026-03-16 17:04:13 [http-nio-8080-exec-19] DEBUG org.hibernate.SQL - select m1_0.menu_no,m1_0.menu_dc,m1_0.menu_nm,m1_0.menu_ordr,m1_0.modern_route,m1_0.progrm_file_nm,m1_0.relate_image_nm,m1_0.relate_image_path,m1_0.route_updated_at,m1_0.upper_menu_no from nmenuinfo m1_0 order by m1_0.upper_menu_no,m1_0.menu_ordr
2026-03-16 17:04:13 [http-nio-8080-exec-12] DEBUG o.s.orm.jpa.JpaTransactionManager - Closing JPA EntityManager [SessionImpl(1452588148<open>)] after transaction
2026-03-16 17:04:13 [http-nio-8080-exec-12] DEBUG o.s.orm.jpa.JpaTransactionManager - Creating new transaction with name [com.company.project.service.board.BoardService.getBoardPosts]: PROPAGATION_REQUIRED,ISOLATION_DEFAULT,readOnly
2026-03-16 17:04:13 [http-nio-8080-exec-12] DEBUG o.s.orm.jpa.JpaTransactionManager - Opened new EntityManager [SessionImpl(2127270967<open>)] for JPA transaction
2026-03-16 17:04:13 [http-nio-8080-exec-12] DEBUG o.s.orm.jpa.JpaTransactionManager - Exposing JPA transaction as JDBC [org.springframework.orm.jpa.vendor.HibernateJpaDialect$HibernateConnectionHandle@bf8a7bd]
2026-03-16 17:04:13 [http-nio-8080-exec-12] DEBUG o.s.orm.jpa.JpaTransactionManager - Found thread-bound EntityManager [SessionImpl(2127270967<open>)] for JPA transaction
2026-03-16 17:04:13 [http-nio-8080-exec-12] DEBUG o.s.orm.jpa.JpaTransactionManager - Participating in existing transaction
2026-03-16 17:04:13 [http-nio-8080-exec-12] DEBUG org.hibernate.SQL - select bm1_0.bbs_id,bm1_0.atch_posbl_file_number,bm1_0.atch_posbl_file_size,bm1_0.bbs_attrb_code,bm1_0.bbs_intrcn,bm1_0.bbs_nm,bm1_0.bbs_ty_code,bm1_0.blog_at,bm1_0.blog_id,bm1_0.cmmnty_id,bm1_0.frst_register_id,bm1_0.frst_regist_pnttm,bm1_0.file_atch_posbl_at,bm1_0.last_updusr_id,bm1_0.last_updt_pnttm,bm1_0.reply_posbl_at,bm1_0.tmplat_id,bm1_0.use_at,bm1_1.answer_at,bm1_1.stsfdg_at from nbbsmaster bm1_0 left join nbbsmasteroptn bm1_1 on bm1_0.bbs_id=bm1_1.bbs_id where bm1_0.bbs_id=?
2026-03-16 17:04:13 [http-nio-8080-exec-2] DEBUG o.s.orm.jpa.JpaTransactionManager - Closing JPA EntityManager [SessionImpl(1882307949<open>)] after transaction
2026-03-16 17:04:13 [http-nio-8080-exec-2] DEBUG c.c.p.s.jwt.JwtAuthenticationFilter - >>> [JwtFilter] Successfully authenticated user: USRCNFRM_00000000002, Authorities: [ROLE_USER]
2026-03-16 17:04:13 [http-nio-8080-exec-2] DEBUG o.s.web.servlet.DispatcherServlet - GET "/api/v1/menu/left?menuNo=10", parameters={masked}
2026-03-16 17:04:13 [http-nio-8080-exec-2] TRACE o.s.w.s.m.m.a.RequestMappingHandlerMapping - Mapped to com.company.project.api.controller.menu.MenuController#getLeftMenu(Long)
2026-03-16 17:04:13 [http-nio-8080-exec-2] INFO  c.c.p.a.c.menu.MenuController - getLeftMenu called with menuNo=10
2026-03-16 17:04:13 [http-nio-8080-exec-2] DEBUG o.s.orm.jpa.JpaTransactionManager - Creating new transaction with name [com.company.project.service.menu.MenuService.getSubMenus]: PROPAGATION_REQUIRED,ISOLATION_DEFAULT,readOnly
2026-03-16 17:04:13 [http-nio-8080-exec-2] DEBUG o.s.orm.jpa.JpaTransactionManager - Opened new EntityManager [SessionImpl(660750021<open>)] for JPA transaction
2026-03-16 17:04:13 [http-nio-8080-exec-2] DEBUG o.s.orm.jpa.JpaTransactionManager - Exposing JPA transaction as JDBC [org.springframework.orm.jpa.vendor.HibernateJpaDialect$HibernateConnectionHandle@6cffc29c]
2026-03-16 17:04:13 [http-nio-8080-exec-2] DEBUG org.hibernate.SQL - select m1_0.menu_no,m1_0.menu_dc,m1_0.menu_nm,m1_0.menu_ordr,m1_0.modern_route,m1_0.progrm_file_nm,m1_0.relate_image_nm,m1_0.relate_image_path,m1_0.route_updated_at,m1_0.upper_menu_no from nmenuinfo m1_0 order by m1_0.upper_menu_no,m1_0.menu_ordr
2026-03-16 17:04:13 [http-nio-8080-exec-8] DEBUG o.s.orm.jpa.JpaTransactionManager - Closing JPA EntityManager [SessionImpl(895829080<open>)] after transaction
2026-03-16 17:04:13 [http-nio-8080-exec-8] DEBUG c.c.p.s.jwt.JwtAuthenticationFilter - >>> [JwtFilter] Successfully authenticated user: USRCNFRM_00000000002, Authorities: [ROLE_USER]
2026-03-16 17:04:13 [http-nio-8080-exec-8] DEBUG o.s.web.servlet.DispatcherServlet - GET "/api/v1/menu/left?menuNo=40", parameters={masked}
2026-03-16 17:04:13 [http-nio-8080-exec-8] TRACE o.s.w.s.m.m.a.RequestMappingHandlerMapping - Mapped to com.company.project.api.controller.menu.MenuController#getLeftMenu(Long)
2026-03-16 17:04:13 [http-nio-8080-exec-8] INFO  c.c.p.a.c.menu.MenuController - getLeftMenu called with menuNo=40
2026-03-16 17:04:13 [http-nio-8080-exec-8] DEBUG o.s.orm.jpa.JpaTransactionManager - Creating new transaction with name [com.company.project.service.menu.MenuService.getSubMenus]: PROPAGATION_REQUIRED,ISOLATION_DEFAULT,readOnly
2026-03-16 17:04:13 [http-nio-8080-exec-8] DEBUG o.s.orm.jpa.JpaTransactionManager - Opened new EntityManager [SessionImpl(332765343<open>)] for JPA transaction
2026-03-16 17:04:13 [http-nio-8080-exec-8] DEBUG o.s.orm.jpa.JpaTransactionManager - Exposing JPA transaction as JDBC [org.springframework.orm.jpa.vendor.HibernateJpaDialect$HibernateConnectionHandle@5e883e99]
2026-03-16 17:04:13 [http-nio-8080-exec-8] DEBUG org.hibernate.SQL - select m1_0.menu_no,m1_0.menu_dc,m1_0.menu_nm,m1_0.menu_ordr,m1_0.modern_route,m1_0.progrm_file_nm,m1_0.relate_image_nm,m1_0.relate_image_path,m1_0.route_updated_at,m1_0.upper_menu_no from nmenuinfo m1_0 order by m1_0.upper_menu_no,m1_0.menu_ordr
2026-03-16 17:04:13 [http-nio-8080-exec-12] DEBUG org.hibernate.SQL - select b1_0.ntt_id,b1_0.bbs_id,b1_0.ntt_sj,b1_0.ntcr_nm,b1_0.frst_regist_pnttm,b1_0.rdcnt,b1_0.answer_at,b1_0.parntsctt_no,b1_0.answer_lc,b1_0.sort_ordr,b1_0.ntt_no,b1_0.notice_at,b1_0.secret_at,b1_0.comment_co from nbbs b1_0 left join nemplyrinfo u1_0 on b1_0.frst_register_id=u1_0.esntl_id where (b1_0.use_at = 'Y') and b1_0.bbs_id=? order by b1_0.sort_ordr desc,b1_0.ntt_no offset ? rows fetch first ? rows only
2026-03-16 17:04:14 [http-nio-8080-exec-9] DEBUG o.s.orm.jpa.JpaTransactionManager - Found thread-bound EntityManager [SessionImpl(1153645078<open>)] for JPA transaction
2026-03-16 17:04:14 [http-nio-8080-exec-9] DEBUG o.s.orm.jpa.JpaTransactionManager - Participating in existing transaction
2026-03-16 17:04:14 [http-nio-8080-exec-9] DEBUG org.hibernate.SQL - select p1_0.progrm_file_nm,p1_0.progrm_dc,p1_0.progrm_korean_nm,p1_0.progrm_stre_path,p1_0.url from nprogrmlist p1_0
2026-03-16 17:04:14 [http-nio-8080-exec-17] DEBUG o.s.orm.jpa.JpaTransactionManager - Found thread-bound EntityManager [SessionImpl(1189502608<open>)] for JPA transaction
2026-03-16 17:04:14 [http-nio-8080-exec-17] DEBUG o.s.orm.jpa.JpaTransactionManager - Participating in existing transaction
2026-03-16 17:04:14 [http-nio-8080-exec-17] DEBUG org.hibernate.SQL - select p1_0.progrm_file_nm,p1_0.progrm_dc,p1_0.progrm_korean_nm,p1_0.progrm_stre_path,p1_0.url from nprogrmlist p1_0
2026-03-16 17:04:14 [http-nio-8080-exec-19] DEBUG o.s.orm.jpa.JpaTransactionManager - Found thread-bound EntityManager [SessionImpl(452496216<open>)] for JPA transaction
2026-03-16 17:04:14 [http-nio-8080-exec-19] DEBUG o.s.orm.jpa.JpaTransactionManager - Participating in existing transaction
2026-03-16 17:04:14 [http-nio-8080-exec-19] DEBUG org.hibernate.SQL - select p1_0.progrm_file_nm,p1_0.progrm_dc,p1_0.progrm_korean_nm,p1_0.progrm_stre_path,p1_0.url from nprogrmlist p1_0
2026-03-16 17:04:14 [http-nio-8080-exec-12] DEBUG org.hibernate.SQL - select count(b1_0.ntt_id) from nbbs b1_0 left join nemplyrinfo u1_0 on b1_0.frst_register_id=u1_0.esntl_id where (b1_0.use_at = 'Y') and b1_0.bbs_id=?
2026-03-16 17:04:14 [http-nio-8080-exec-2] DEBUG o.s.orm.jpa.JpaTransactionManager - Found thread-bound EntityManager [SessionImpl(660750021<open>)] for JPA transaction
2026-03-16 17:04:14 [http-nio-8080-exec-8] DEBUG o.s.orm.jpa.JpaTransactionManager - Found thread-bound EntityManager [SessionImpl(332765343<open>)] for JPA transaction
2026-03-16 17:04:14 [http-nio-8080-exec-8] DEBUG o.s.orm.jpa.JpaTransactionManager - Participating in existing transaction
2026-03-16 17:04:14 [http-nio-8080-exec-2] DEBUG o.s.orm.jpa.JpaTransactionManager - Participating in existing transaction
2026-03-16 17:04:14 [http-nio-8080-exec-9] DEBUG o.s.orm.jpa.JpaTransactionManager - Initiating transaction commit
2026-03-16 17:04:14 [http-nio-8080-exec-8] DEBUG org.hibernate.SQL - select p1_0.progrm_file_nm,p1_0.progrm_dc,p1_0.progrm_korean_nm,p1_0.progrm_stre_path,p1_0.url from nprogrmlist p1_0
2026-03-16 17:04:14 [http-nio-8080-exec-2] DEBUG org.hibernate.SQL - select p1_0.progrm_file_nm,p1_0.progrm_dc,p1_0.progrm_korean_nm,p1_0.progrm_stre_path,p1_0.url from nprogrmlist p1_0
2026-03-16 17:04:14 [http-nio-8080-exec-9] DEBUG o.s.orm.jpa.JpaTransactionManager - Committing JPA transaction on EntityManager [SessionImpl(1153645078<open>)]
2026-03-16 17:04:14 [http-nio-8080-exec-17] DEBUG o.s.orm.jpa.JpaTransactionManager - Initiating transaction commit
2026-03-16 17:04:14 [http-nio-8080-exec-17] DEBUG o.s.orm.jpa.JpaTransactionManager - Committing JPA transaction on EntityManager [SessionImpl(1189502608<open>)]
2026-03-16 17:04:14 [http-nio-8080-exec-19] DEBUG o.s.orm.jpa.JpaTransactionManager - Initiating transaction commit
2026-03-16 17:04:14 [http-nio-8080-exec-19] DEBUG o.s.orm.jpa.JpaTransactionManager - Committing JPA transaction on EntityManager [SessionImpl(452496216<open>)]
2026-03-16 17:04:14 [http-nio-8080-exec-12] DEBUG o.s.orm.jpa.JpaTransactionManager - Initiating transaction commit
2026-03-16 17:04:14 [http-nio-8080-exec-12] DEBUG o.s.orm.jpa.JpaTransactionManager - Committing JPA transaction on EntityManager [SessionImpl(2127270967<open>)]
2026-03-16 17:04:14 [http-nio-8080-exec-9] DEBUG o.s.orm.jpa.JpaTransactionManager - Closing JPA EntityManager [SessionImpl(1153645078<open>)] after transaction
2026-03-16 17:04:14 [http-nio-8080-exec-9] INFO  c.c.p.a.c.menu.MenuController - getLeftMenu returned 1 items
2026-03-16 17:04:14 [http-nio-8080-exec-17] DEBUG o.s.orm.jpa.JpaTransactionManager - Closing JPA EntityManager [SessionImpl(1189502608<open>)] after transaction
2026-03-16 17:04:14 [http-nio-8080-exec-2] DEBUG o.s.orm.jpa.JpaTransactionManager - Initiating transaction commit
2026-03-16 17:04:14 [http-nio-8080-exec-17] INFO  c.c.p.a.c.menu.MenuController - getLeftMenu returned 3 items
2026-03-16 17:04:14 [http-nio-8080-exec-9] DEBUG o.s.w.s.m.m.a.HttpEntityMethodProcessor - Using 'application/json', given [application/json, text/plain, */*] and supported [application/json, application/*+json, application/yaml]
2026-03-16 17:04:14 [http-nio-8080-exec-2] DEBUG o.s.orm.jpa.JpaTransactionManager - Committing JPA transaction on EntityManager [SessionImpl(660750021<open>)]
2026-03-16 17:04:14 [http-nio-8080-exec-9] TRACE o.s.w.s.m.m.a.HttpEntityMethodProcessor - Writing [ApiResponse[success=true, status=200, code=COMMON_001, message=Success, data={list=[com.company.project.service.menu.dto.MenuDto@6d7f0e76]}, timestamp=2026-03-16T17:04:14.315540500]]
2026-03-16 17:04:14 [http-nio-8080-exec-17] DEBUG o.s.w.s.m.m.a.HttpEntityMethodProcessor - Using 'application/json', given [application/json, text/plain, */*] and supported [application/json, application/*+json, application/yaml]
2026-03-16 17:04:14 [http-nio-8080-exec-17] TRACE o.s.w.s.m.m.a.HttpEntityMethodProcessor - Writing [ApiResponse[success=true, status=200, code=COMMON_001, message=Success, data={list=[com.company.project.service.menu.dto.MenuDto@53d60a17, com.company.project.service.menu.dto.MenuDto@5f35fa71, com.company.project.service.menu.dto.MenuDto@bb1e2de]}, timestamp=2026-03-16T17:04:14.316550800]]
2026-03-16 17:04:14 [http-nio-8080-exec-17] INFO  c.c.p.a.i.OperationalAuditInterceptor - API Audit Log: URL=/api/v1/menu/left, User=user_regular, IP=0:0:0:0:0:0:0:1
2026-03-16 17:04:14 [http-nio-8080-exec-9] INFO  c.c.p.a.i.OperationalAuditInterceptor - API Audit Log: URL=/api/v1/menu/left, User=user_regular, IP=0:0:0:0:0:0:0:1
2026-03-16 17:04:14 [http-nio-8080-exec-17] DEBUG o.s.web.servlet.DispatcherServlet - Completed 200 OK
2026-03-16 17:04:14 [http-nio-8080-exec-9] DEBUG o.s.web.servlet.DispatcherServlet - Completed 200 OK
2026-03-16 17:04:14 [http-nio-8080-exec-8] DEBUG o.s.orm.jpa.JpaTransactionManager - Initiating transaction commit
2026-03-16 17:04:14 [http-nio-8080-exec-8] DEBUG o.s.orm.jpa.JpaTransactionManager - Committing JPA transaction on EntityManager [SessionImpl(332765343<open>)]
2026-03-16 17:04:14 [http-nio-8080-exec-19] DEBUG o.s.orm.jpa.JpaTransactionManager - Closing JPA EntityManager [SessionImpl(452496216<open>)] after transaction
2026-03-16 17:04:14 [http-nio-8080-exec-19] INFO  c.c.p.a.c.menu.MenuController - getLeftMenu returned 3 items
2026-03-16 17:04:14 [http-nio-8080-exec-19] DEBUG o.s.w.s.m.m.a.HttpEntityMethodProcessor - Using 'application/json', given [application/json, text/plain, */*] and supported [application/json, application/*+json, application/yaml]
2026-03-16 17:04:14 [http-nio-8080-exec-19] TRACE o.s.w.s.m.m.a.HttpEntityMethodProcessor - Writing [ApiResponse[success=true, status=200, code=COMMON_001, message=Success, data={list=[com.company.project.service.menu.dto.MenuDto@715edce9, com.company.project.service.menu.dto.MenuDto@76bba5a4, com.company.project.service.menu.dto.MenuDto@718d53ef]}, timestamp=2026-03-16T17:04:14.354225800]]
2026-03-16 17:04:14 [http-nio-8080-exec-19] INFO  c.c.p.a.i.OperationalAuditInterceptor - API Audit Log: URL=/api/v1/menu/left, User=user_regular, IP=0:0:0:0:0:0:0:1
2026-03-16 17:04:14 [http-nio-8080-exec-19] DEBUG o.s.web.servlet.DispatcherServlet - Completed 200 OK
2026-03-16 17:04:14 [http-nio-8080-exec-12] DEBUG o.s.orm.jpa.JpaTransactionManager - Closing JPA EntityManager [SessionImpl(2127270967<open>)] after transaction
2026-03-16 17:04:14 [http-nio-8080-exec-12] DEBUG o.s.orm.jpa.JpaTransactionManager - Creating new transaction with name [com.company.project.service.informalsanction.InformalSanctionServiceImpl.getReceivedInformalSanctionList]: PROPAGATION_REQUIRED,ISOLATION_DEFAULT,readOnly
2026-03-16 17:04:14 [http-nio-8080-exec-12] DEBUG o.s.orm.jpa.JpaTransactionManager - Opened new EntityManager [SessionImpl(1479462990<open>)] for JPA transaction
2026-03-16 17:04:14 [http-nio-8080-exec-12] DEBUG o.s.orm.jpa.JpaTransactionManager - Exposing JPA transaction as JDBC [org.springframework.orm.jpa.vendor.HibernateJpaDialect$HibernateConnectionHandle@7406cd79]
2026-03-16 17:04:14 [http-nio-8080-exec-12] DEBUG org.hibernate.SQL - select is1_0.infrml_sanctn_id,is1_0.applcnt_id,is1_0.confm_at,is1_0.frst_register_id,is1_0.frst_regist_pnttm,is1_0.job_se_code,is1_0.last_updusr_id,is1_0.last_updt_pnttm,is1_0.reqst_de,is1_0.return_resn,is1_0.sanctn_dt,is1_0.sanctner_id from ninfrmlsanctn is1_0 where is1_0.sanctner_id=?
2026-03-16 17:04:14 [http-nio-8080-exec-2] DEBUG o.s.orm.jpa.JpaTransactionManager - Closing JPA EntityManager [SessionImpl(660750021<open>)] after transaction
2026-03-16 17:04:14 [http-nio-8080-exec-2] INFO  c.c.p.a.c.menu.MenuController - getLeftMenu returned 5 items
2026-03-16 17:04:14 [http-nio-8080-exec-2] DEBUG o.s.w.s.m.m.a.HttpEntityMethodProcessor - Using 'application/json', given [application/json, text/plain, */*] and supported [application/json, application/*+json, application/yaml]
2026-03-16 17:04:14 [http-nio-8080-exec-2] TRACE o.s.w.s.m.m.a.HttpEntityMethodProcessor - Writing [ApiResponse[success=true, status=200, code=COMMON_001, message=Success, data={list=[com.company.project.service.menu.dto.MenuDto@67904588, com.company.project.service.menu.dto.MenuDto@7dfc6c77, com.company.project.service.menu.dto.MenuDto@553a15b3, com.company.project.service.menu.dto.MenuDto@d937f80, com.company.project.service.menu.dto.MenuDto@68cad7bf]}, timestamp=2026-03-16T17:04:14.466746600]]
2026-03-16 17:04:14 [http-nio-8080-exec-2] INFO  c.c.p.a.i.OperationalAuditInterceptor - API Audit Log: URL=/api/v1/menu/left, User=user_regular, IP=0:0:0:0:0:0:0:1
2026-03-16 17:04:14 [http-nio-8080-exec-2] DEBUG o.s.web.servlet.DispatcherServlet - Completed 200 OK
2026-03-16 17:04:14 [http-nio-8080-exec-8] DEBUG o.s.orm.jpa.JpaTransactionManager - Closing JPA EntityManager [SessionImpl(332765343<open>)] after transaction
2026-03-16 17:04:14 [http-nio-8080-exec-8] INFO  c.c.p.a.c.menu.MenuController - getLeftMenu returned 2 items
2026-03-16 17:04:14 [http-nio-8080-exec-8] DEBUG o.s.w.s.m.m.a.HttpEntityMethodProcessor - Using 'application/json', given [application/json, text/plain, */*] and supported [application/json, application/*+json, application/yaml]
2026-03-16 17:04:14 [http-nio-8080-exec-8] TRACE o.s.w.s.m.m.a.HttpEntityMethodProcessor - Writing [ApiResponse[success=true, status=200, code=COMMON_001, message=Success, data={list=[com.company.project.service.menu.dto.MenuDto@4b35febc, com.company.project.service.menu.dto.MenuDto@546df1be]}, timestamp=2026-03-16T17:04:14.467821200]]
2026-03-16 17:04:14 [http-nio-8080-exec-8] INFO  c.c.p.a.i.OperationalAuditInterceptor - API Audit Log: URL=/api/v1/menu/left, User=user_regular, IP=0:0:0:0:0:0:0:1
2026-03-16 17:04:14 [http-nio-8080-exec-8] DEBUG o.s.web.servlet.DispatcherServlet - Completed 200 OK
2026-03-16 17:04:14 [http-nio-8080-exec-12] DEBUG o.s.orm.jpa.JpaTransactionManager - Initiating transaction commit
2026-03-16 17:04:14 [http-nio-8080-exec-12] DEBUG o.s.orm.jpa.JpaTransactionManager - Committing JPA transaction on EntityManager [SessionImpl(1479462990<open>)]
2026-03-16 17:04:14 [http-nio-8080-exec-12] DEBUG o.s.orm.jpa.JpaTransactionManager - Closing JPA EntityManager [SessionImpl(1479462990<open>)] after transaction
2026-03-16 17:04:14 [http-nio-8080-exec-12] DEBUG o.s.w.s.m.m.a.HttpEntityMethodProcessor - Using 'application/json', given [application/json, text/plain, */*] and supported [application/json, application/*+json, application/yaml]
2026-03-16 17:04:14 [http-nio-8080-exec-12] TRACE o.s.w.s.m.m.a.HttpEntityMethodProcessor - Writing [{notiList=[com.company.project.service.board.dto.BoardDto@42349046], success=true, taskList=[com.company.project.service.board.dto.BoardDto@360ea69a], pendingApprovalCount=0}]
2026-03-16 17:04:14 [http-nio-8080-exec-12] INFO  c.c.p.a.i.OperationalAuditInterceptor - API Audit Log: URL=/api/v1/dashboard, User=user_regular, IP=0:0:0:0:0:0:0:1
2026-03-16 17:04:14 [http-nio-8080-exec-12] DEBUG o.s.web.servlet.DispatcherServlet - Completed 200 OK
2026-03-16 17:04:15 [http-nio-8080-exec-15] DEBUG c.c.p.s.jwt.JwtAuthenticationFilter - >>> [JwtFilter] Processing request: GET /api/v1/auth/me
2026-03-16 17:04:15 [http-nio-8080-exec-3] DEBUG c.c.p.s.jwt.JwtAuthenticationFilter - >>> [JwtFilter] Processing request: GET /api/v1/menu/left
2026-03-16 17:04:15 [http-nio-8080-exec-13] DEBUG c.c.p.s.jwt.JwtAuthenticationFilter - >>> [JwtFilter] Processing request: GET /api/v1/menu/head
2026-03-16 17:04:15 [http-nio-8080-exec-15] DEBUG c.c.p.s.jwt.JwtAuthenticationFilter - >>> [JwtFilter] Found token in header for path: /api/v1/auth/me
2026-03-16 17:04:15 [http-nio-8080-exec-3] DEBUG c.c.p.s.jwt.JwtAuthenticationFilter - >>> [JwtFilter] Found token in header for path: /api/v1/menu/left
2026-03-16 17:04:15 [http-nio-8080-exec-13] DEBUG c.c.p.s.jwt.JwtAuthenticationFilter - >>> [JwtFilter] Found token in header for path: /api/v1/menu/head
2026-03-16 17:04:15 [http-nio-8080-exec-15] DEBUG o.s.orm.jpa.JpaTransactionManager - Creating new transaction with name [com.company.project.security.iam.CustomUserDetailsService.loadUserByUsername]: PROPAGATION_REQUIRED,ISOLATION_DEFAULT,readOnly
2026-03-16 17:04:15 [http-nio-8080-exec-15] DEBUG o.s.orm.jpa.JpaTransactionManager - Opened new EntityManager [SessionImpl(1708060177<open>)] for JPA transaction
2026-03-16 17:04:15 [http-nio-8080-exec-3] DEBUG o.s.orm.jpa.JpaTransactionManager - Creating new transaction with name [com.company.project.security.iam.CustomUserDetailsService.loadUserByUsername]: PROPAGATION_REQUIRED,ISOLATION_DEFAULT,readOnly
2026-03-16 17:04:15 [http-nio-8080-exec-13] DEBUG o.s.orm.jpa.JpaTransactionManager - Creating new transaction with name [com.company.project.security.iam.CustomUserDetailsService.loadUserByUsername]: PROPAGATION_REQUIRED,ISOLATION_DEFAULT,readOnly
2026-03-16 17:04:15 [http-nio-8080-exec-3] DEBUG o.s.orm.jpa.JpaTransactionManager - Opened new EntityManager [SessionImpl(668404800<open>)] for JPA transaction
2026-03-16 17:04:15 [http-nio-8080-exec-13] DEBUG o.s.orm.jpa.JpaTransactionManager - Opened new EntityManager [SessionImpl(1627466380<open>)] for JPA transaction
2026-03-16 17:04:15 [http-nio-8080-exec-13] DEBUG o.s.orm.jpa.JpaTransactionManager - Exposing JPA transaction as JDBC [org.springframework.orm.jpa.vendor.HibernateJpaDialect$HibernateConnectionHandle@6e5209fe]
2026-03-16 17:04:15 [http-nio-8080-exec-3] DEBUG o.s.orm.jpa.JpaTransactionManager - Exposing JPA transaction as JDBC [org.springframework.orm.jpa.vendor.HibernateJpaDialect$HibernateConnectionHandle@3940340]
2026-03-16 17:04:15 [http-nio-8080-exec-13] DEBUG o.s.orm.jpa.JpaTransactionManager - Found thread-bound EntityManager [SessionImpl(1627466380<open>)] for JPA transaction
2026-03-16 17:04:15 [http-nio-8080-exec-3] DEBUG o.s.orm.jpa.JpaTransactionManager - Found thread-bound EntityManager [SessionImpl(668404800<open>)] for JPA transaction
2026-03-16 17:04:15 [http-nio-8080-exec-13] DEBUG o.s.orm.jpa.JpaTransactionManager - Participating in existing transaction
2026-03-16 17:04:15 [http-nio-8080-exec-3] DEBUG o.s.orm.jpa.JpaTransactionManager - Participating in existing transaction
2026-03-16 17:04:15 [http-nio-8080-exec-13] DEBUG org.hibernate.SQL - select u1_0.emplyr_id,u1_0.area_no,u1_0.brthdy,u1_0.chg_pwd_cnt,u1_0.frst_register_id,u1_0.frst_regist_pnttm,u1_0.detail_adres,u1_0.email_adres,u1_0.emplyr_sttus_code,u1_0.empl_no,u1_0.esntl_id,u1_0.fxnum,u1_0.group_id,u1_0.house_adres,u1_0.house_end_telno,u1_0.house_middle_telno,u1_0.ihidnum,u1_0.pstinst_code,u1_0.last_updusr_id,u1_0.last_updt_pnttm,u1_0.lock_at,u1_0.lock_cnt,u1_0.lock_last_pnttm,u1_0.mbtlnum,u1_0.ofcps_nm,u1_0.offm_telno,u1_0.orgnzt_id,u1_0.password,u1_0.password_cnsr,u1_0.password_hint,u1_0.chg_pwd_last_pnttm,u1_0.role,u1_0.sbscrb_de,u1_0.sexdstn_code,u1_0.crtfc_dn_value,u1_0.user_nm,u1_0.zip from nemplyrinfo u1_0 where u1_0.emplyr_id=?
2026-03-16 17:04:15 [http-nio-8080-exec-3] DEBUG org.hibernate.SQL - select u1_0.emplyr_id,u1_0.area_no,u1_0.brthdy,u1_0.chg_pwd_cnt,u1_0.frst_register_id,u1_0.frst_regist_pnttm,u1_0.detail_adres,u1_0.email_adres,u1_0.emplyr_sttus_code,u1_0.empl_no,u1_0.esntl_id,u1_0.fxnum,u1_0.group_id,u1_0.house_adres,u1_0.house_end_telno,u1_0.house_middle_telno,u1_0.ihidnum,u1_0.pstinst_code,u1_0.last_updusr_id,u1_0.last_updt_pnttm,u1_0.lock_at,u1_0.lock_cnt,u1_0.lock_last_pnttm,u1_0.mbtlnum,u1_0.ofcps_nm,u1_0.offm_telno,u1_0.orgnzt_id,u1_0.password,u1_0.password_cnsr,u1_0.password_hint,u1_0.chg_pwd_last_pnttm,u1_0.role,u1_0.sbscrb_de,u1_0.sexdstn_code,u1_0.crtfc_dn_value,u1_0.user_nm,u1_0.zip from nemplyrinfo u1_0 where u1_0.emplyr_id=?
2026-03-16 17:04:15 [http-nio-8080-exec-15] DEBUG o.s.orm.jpa.JpaTransactionManager - Exposing JPA transaction as JDBC [org.springframework.orm.jpa.vendor.HibernateJpaDialect$HibernateConnectionHandle@433fb2af]
2026-03-16 17:04:15 [http-nio-8080-exec-15] DEBUG o.s.orm.jpa.JpaTransactionManager - Found thread-bound EntityManager [SessionImpl(1708060177<open>)] for JPA transaction
2026-03-16 17:04:15 [http-nio-8080-exec-15] DEBUG o.s.orm.jpa.JpaTransactionManager - Participating in existing transaction
2026-03-16 17:04:15 [http-nio-8080-exec-15] DEBUG org.hibernate.SQL - select u1_0.emplyr_id,u1_0.area_no,u1_0.brthdy,u1_0.chg_pwd_cnt,u1_0.frst_register_id,u1_0.frst_regist_pnttm,u1_0.detail_adres,u1_0.email_adres,u1_0.emplyr_sttus_code,u1_0.empl_no,u1_0.esntl_id,u1_0.fxnum,u1_0.group_id,u1_0.house_adres,u1_0.house_end_telno,u1_0.house_middle_telno,u1_0.ihidnum,u1_0.pstinst_code,u1_0.last_updusr_id,u1_0.last_updt_pnttm,u1_0.lock_at,u1_0.lock_cnt,u1_0.lock_last_pnttm,u1_0.mbtlnum,u1_0.ofcps_nm,u1_0.offm_telno,u1_0.orgnzt_id,u1_0.password,u1_0.password_cnsr,u1_0.password_hint,u1_0.chg_pwd_last_pnttm,u1_0.role,u1_0.sbscrb_de,u1_0.sexdstn_code,u1_0.crtfc_dn_value,u1_0.user_nm,u1_0.zip from nemplyrinfo u1_0 where u1_0.emplyr_id=?
2026-03-16 17:04:15 [http-nio-8080-exec-13] DEBUG o.s.orm.jpa.JpaTransactionManager - Found thread-bound EntityManager [SessionImpl(1627466380<open>)] for JPA transaction
2026-03-16 17:04:15 [http-nio-8080-exec-3] DEBUG o.s.orm.jpa.JpaTransactionManager - Found thread-bound EntityManager [SessionImpl(668404800<open>)] for JPA transaction
2026-03-16 17:04:15 [http-nio-8080-exec-13] DEBUG o.s.orm.jpa.JpaTransactionManager - Participating in existing transaction
2026-03-16 17:04:15 [http-nio-8080-exec-3] DEBUG o.s.orm.jpa.JpaTransactionManager - Participating in existing transaction
2026-03-16 17:04:15 [http-nio-8080-exec-3] DEBUG org.hibernate.SQL - select ua1_0.scrty_dtrmn_trget_id,ua1_0.author_code,ua1_0.frst_register_id,ua1_0.frst_regist_pnttm,ua1_0.last_updusr_id,ua1_0.last_updt_pnttm,ua1_0.mber_ty_code from nemplyrscrtyestbs ua1_0 where ua1_0.scrty_dtrmn_trget_id=?
2026-03-16 17:04:15 [http-nio-8080-exec-13] DEBUG org.hibernate.SQL - select ua1_0.scrty_dtrmn_trget_id,ua1_0.author_code,ua1_0.frst_register_id,ua1_0.frst_regist_pnttm,ua1_0.last_updusr_id,ua1_0.last_updt_pnttm,ua1_0.mber_ty_code from nemplyrscrtyestbs ua1_0 where ua1_0.scrty_dtrmn_trget_id=?
2026-03-16 17:04:15 [http-nio-8080-exec-15] DEBUG o.s.orm.jpa.JpaTransactionManager - Found thread-bound EntityManager [SessionImpl(1708060177<open>)] for JPA transaction
2026-03-16 17:04:15 [http-nio-8080-exec-15] DEBUG o.s.orm.jpa.JpaTransactionManager - Participating in existing transaction
2026-03-16 17:04:15 [http-nio-8080-exec-15] DEBUG org.hibernate.SQL - select ua1_0.scrty_dtrmn_trget_id,ua1_0.author_code,ua1_0.frst_register_id,ua1_0.frst_regist_pnttm,ua1_0.last_updusr_id,ua1_0.last_updt_pnttm,ua1_0.mber_ty_code from nemplyrscrtyestbs ua1_0 where ua1_0.scrty_dtrmn_trget_id=?
2026-03-16 17:04:15 [http-nio-8080-exec-17] DEBUG c.c.p.s.jwt.JwtAuthenticationFilter - >>> [JwtFilter] Processing request: GET /api/v1/dashboard
2026-03-16 17:04:15 [http-nio-8080-exec-10] DEBUG c.c.p.s.jwt.JwtAuthenticationFilter - >>> [JwtFilter] Processing request: GET /api/v1/menu/head
2026-03-16 17:04:15 [http-nio-8080-exec-17] DEBUG c.c.p.s.jwt.JwtAuthenticationFilter - >>> [JwtFilter] Found token in header for path: /api/v1/dashboard
2026-03-16 17:04:15 [http-nio-8080-exec-10] DEBUG c.c.p.s.jwt.JwtAuthenticationFilter - >>> [JwtFilter] Found token in header for path: /api/v1/menu/head
2026-03-16 17:04:15 [http-nio-8080-exec-17] DEBUG o.s.orm.jpa.JpaTransactionManager - Creating new transaction with name [com.company.project.security.iam.CustomUserDetailsService.loadUserByUsername]: PROPAGATION_REQUIRED,ISOLATION_DEFAULT,readOnly
2026-03-16 17:04:15 [http-nio-8080-exec-10] DEBUG o.s.orm.jpa.JpaTransactionManager - Creating new transaction with name [com.company.project.security.iam.CustomUserDetailsService.loadUserByUsername]: PROPAGATION_REQUIRED,ISOLATION_DEFAULT,readOnly
2026-03-16 17:04:15 [http-nio-8080-exec-17] DEBUG o.s.orm.jpa.JpaTransactionManager - Opened new EntityManager [SessionImpl(84704650<open>)] for JPA transaction
2026-03-16 17:04:15 [http-nio-8080-exec-10] DEBUG o.s.orm.jpa.JpaTransactionManager - Opened new EntityManager [SessionImpl(169089955<open>)] for JPA transaction
2026-03-16 17:04:15 [http-nio-8080-exec-3] DEBUG o.s.orm.jpa.JpaTransactionManager - Initiating transaction commit
2026-03-16 17:04:15 [http-nio-8080-exec-13] DEBUG o.s.orm.jpa.JpaTransactionManager - Initiating transaction commit
2026-03-16 17:04:15 [http-nio-8080-exec-3] DEBUG o.s.orm.jpa.JpaTransactionManager - Committing JPA transaction on EntityManager [SessionImpl(668404800<open>)]
2026-03-16 17:04:15 [http-nio-8080-exec-13] DEBUG o.s.orm.jpa.JpaTransactionManager - Committing JPA transaction on EntityManager [SessionImpl(1627466380<open>)]
2026-03-16 17:04:15 [http-nio-8080-exec-15] DEBUG o.s.orm.jpa.JpaTransactionManager - Initiating transaction commit
2026-03-16 17:04:15 [http-nio-8080-exec-15] DEBUG o.s.orm.jpa.JpaTransactionManager - Committing JPA transaction on EntityManager [SessionImpl(1708060177<open>)]
2026-03-16 17:04:15 [http-nio-8080-exec-17] DEBUG o.s.orm.jpa.JpaTransactionManager - Exposing JPA transaction as JDBC [org.springframework.orm.jpa.vendor.HibernateJpaDialect$HibernateConnectionHandle@6669598e]
2026-03-16 17:04:15 [http-nio-8080-exec-17] DEBUG o.s.orm.jpa.JpaTransactionManager - Found thread-bound EntityManager [SessionImpl(84704650<open>)] for JPA transaction
2026-03-16 17:04:15 [http-nio-8080-exec-17] DEBUG o.s.orm.jpa.JpaTransactionManager - Participating in existing transaction
2026-03-16 17:04:15 [http-nio-8080-exec-17] DEBUG org.hibernate.SQL - select u1_0.emplyr_id,u1_0.area_no,u1_0.brthdy,u1_0.chg_pwd_cnt,u1_0.frst_register_id,u1_0.frst_regist_pnttm,u1_0.detail_adres,u1_0.email_adres,u1_0.emplyr_sttus_code,u1_0.empl_no,u1_0.esntl_id,u1_0.fxnum,u1_0.group_id,u1_0.house_adres,u1_0.house_end_telno,u1_0.house_middle_telno,u1_0.ihidnum,u1_0.pstinst_code,u1_0.last_updusr_id,u1_0.last_updt_pnttm,u1_0.lock_at,u1_0.lock_cnt,u1_0.lock_last_pnttm,u1_0.mbtlnum,u1_0.ofcps_nm,u1_0.offm_telno,u1_0.orgnzt_id,u1_0.password,u1_0.password_cnsr,u1_0.password_hint,u1_0.chg_pwd_last_pnttm,u1_0.role,u1_0.sbscrb_de,u1_0.sexdstn_code,u1_0.crtfc_dn_value,u1_0.user_nm,u1_0.zip from nemplyrinfo u1_0 where u1_0.emplyr_id=?
2026-03-16 17:04:15 [http-nio-8080-exec-10] DEBUG o.s.orm.jpa.JpaTransactionManager - Exposing JPA transaction as JDBC [org.springframework.orm.jpa.vendor.HibernateJpaDialect$HibernateConnectionHandle@15e0d8a9]
2026-03-16 17:04:15 [http-nio-8080-exec-10] DEBUG o.s.orm.jpa.JpaTransactionManager - Found thread-bound EntityManager [SessionImpl(169089955<open>)] for JPA transaction
2026-03-16 17:04:15 [http-nio-8080-exec-10] DEBUG o.s.orm.jpa.JpaTransactionManager - Participating in existing transaction
2026-03-16 17:04:15 [http-nio-8080-exec-10] DEBUG org.hibernate.SQL - select u1_0.emplyr_id,u1_0.area_no,u1_0.brthdy,u1_0.chg_pwd_cnt,u1_0.frst_register_id,u1_0.frst_regist_pnttm,u1_0.detail_adres,u1_0.email_adres,u1_0.emplyr_sttus_code,u1_0.empl_no,u1_0.esntl_id,u1_0.fxnum,u1_0.group_id,u1_0.house_adres,u1_0.house_end_telno,u1_0.house_middle_telno,u1_0.ihidnum,u1_0.pstinst_code,u1_0.last_updusr_id,u1_0.last_updt_pnttm,u1_0.lock_at,u1_0.lock_cnt,u1_0.lock_last_pnttm,u1_0.mbtlnum,u1_0.ofcps_nm,u1_0.offm_telno,u1_0.orgnzt_id,u1_0.password,u1_0.password_cnsr,u1_0.password_hint,u1_0.chg_pwd_last_pnttm,u1_0.role,u1_0.sbscrb_de,u1_0.sexdstn_code,u1_0.crtfc_dn_value,u1_0.user_nm,u1_0.zip from nemplyrinfo u1_0 where u1_0.emplyr_id=?
2026-03-16 17:04:15 [http-nio-8080-exec-3] DEBUG o.s.orm.jpa.JpaTransactionManager - Closing JPA EntityManager [SessionImpl(668404800<open>)] after transaction
2026-03-16 17:04:15 [http-nio-8080-exec-13] DEBUG o.s.orm.jpa.JpaTransactionManager - Closing JPA EntityManager [SessionImpl(1627466380<open>)] after transaction
2026-03-16 17:04:15 [http-nio-8080-exec-3] DEBUG c.c.p.s.jwt.JwtAuthenticationFilter - >>> [JwtFilter] Successfully authenticated user: USRCNFRM_00000000002, Authorities: [ROLE_USER]
2026-03-16 17:04:15 [http-nio-8080-exec-13] DEBUG c.c.p.s.jwt.JwtAuthenticationFilter - >>> [JwtFilter] Successfully authenticated user: USRCNFRM_00000000002, Authorities: [ROLE_USER]
2026-03-16 17:04:15 [http-nio-8080-exec-3] DEBUG o.s.web.servlet.DispatcherServlet - GET "/api/v1/menu/left?menuNo=10", parameters={masked}
2026-03-16 17:04:15 [http-nio-8080-exec-13] DEBUG o.s.web.servlet.DispatcherServlet - GET "/api/v1/menu/head", parameters={}
2026-03-16 17:04:15 [http-nio-8080-exec-3] TRACE o.s.w.s.m.m.a.RequestMappingHandlerMapping - Mapped to com.company.project.api.controller.menu.MenuController#getLeftMenu(Long)
2026-03-16 17:04:15 [http-nio-8080-exec-13] TRACE o.s.w.s.m.m.a.RequestMappingHandlerMapping - Mapped to com.company.project.api.controller.menu.MenuController#getHeadMenu()
2026-03-16 17:04:15 [http-nio-8080-exec-3] INFO  c.c.p.a.c.menu.MenuController - getLeftMenu called with menuNo=10
2026-03-16 17:04:15 [http-nio-8080-exec-13] INFO  c.c.p.a.c.menu.MenuController - getHeadMenu called
2026-03-16 17:04:15 [http-nio-8080-exec-3] DEBUG o.s.orm.jpa.JpaTransactionManager - Creating new transaction with name [com.company.project.service.menu.MenuService.getSubMenus]: PROPAGATION_REQUIRED,ISOLATION_DEFAULT,readOnly
2026-03-16 17:04:15 [http-nio-8080-exec-3] DEBUG o.s.orm.jpa.JpaTransactionManager - Opened new EntityManager [SessionImpl(1594008193<open>)] for JPA transaction
2026-03-16 17:04:15 [http-nio-8080-exec-13] INFO  c.c.p.a.c.menu.MenuController - getHeadMenu returned 5 items
2026-03-16 17:04:15 [http-nio-8080-exec-3] DEBUG o.s.orm.jpa.JpaTransactionManager - Exposing JPA transaction as JDBC [org.springframework.orm.jpa.vendor.HibernateJpaDialect$HibernateConnectionHandle@5ca0bf90]
2026-03-16 17:04:15 [http-nio-8080-exec-13] DEBUG o.s.w.s.m.m.a.HttpEntityMethodProcessor - Using 'application/json', given [application/json, text/plain, */*] and supported [application/json, application/*+json, application/yaml]
2026-03-16 17:04:15 [http-nio-8080-exec-13] TRACE o.s.w.s.m.m.a.HttpEntityMethodProcessor - Writing [ApiResponse[success=true, status=200, code=COMMON_001, message=Success, data={list=[com.company.project.service.menu.dto.MenuDto@4839fef0, com.company.project.service.menu.dto.MenuDto@1c69c1c2, com.company.project.service.menu.dto.MenuDto@6f5d2c3d, com.company.project.service.menu.dto.MenuDto@6314b47d, com.company.project.service.menu.dto.MenuDto@645d0891]}, timestamp=2026-03-16T17:04:15.623497300]]
2026-03-16 17:04:15 [http-nio-8080-exec-3] DEBUG org.hibernate.SQL - select m1_0.menu_no,m1_0.menu_dc,m1_0.menu_nm,m1_0.menu_ordr,m1_0.modern_route,m1_0.progrm_file_nm,m1_0.relate_image_nm,m1_0.relate_image_path,m1_0.route_updated_at,m1_0.upper_menu_no from nmenuinfo m1_0 order by m1_0.upper_menu_no,m1_0.menu_ordr
2026-03-16 17:04:15 [http-nio-8080-exec-13] INFO  c.c.p.a.i.OperationalAuditInterceptor - API Audit Log: URL=/api/v1/menu/head, User=user_regular, IP=127.0.0.1
2026-03-16 17:04:15 [http-nio-8080-exec-13] DEBUG o.s.web.servlet.DispatcherServlet - Completed 200 OK
2026-03-16 17:04:15 [http-nio-8080-exec-15] DEBUG o.s.orm.jpa.JpaTransactionManager - Closing JPA EntityManager [SessionImpl(1708060177<open>)] after transaction
2026-03-16 17:04:15 [http-nio-8080-exec-15] DEBUG c.c.p.s.jwt.JwtAuthenticationFilter - >>> [JwtFilter] Successfully authenticated user: USRCNFRM_00000000002, Authorities: [ROLE_USER]
2026-03-16 17:04:15 [http-nio-8080-exec-15] DEBUG o.s.web.servlet.DispatcherServlet - GET "/api/v1/auth/me", parameters={}
2026-03-16 17:04:15 [http-nio-8080-exec-15] TRACE o.s.w.s.m.m.a.RequestMappingHandlerMapping - Mapped to com.company.project.api.auth.AuthController#getCurrentUser()
2026-03-16 17:04:15 [http-nio-8080-exec-15] DEBUG o.s.w.s.m.m.a.RequestResponseBodyMethodProcessor - Using 'application/json', given [application/json, text/plain, */*] and supported [application/json, application/*+json, application/yaml]
2026-03-16 17:04:15 [http-nio-8080-exec-15] TRACE o.s.w.s.m.m.a.RequestResponseBodyMethodProcessor - Writing [ApiResponse[success=true, status=200, code=COMMON_001, message=Success, data={role=ROLE_USER, userSe=USR, name=일반사용자, id=user_regular}, timestamp=2026-03-16T17:04:15.645288900]]
2026-03-16 17:04:15 [http-nio-8080-exec-15] INFO  c.c.p.a.i.OperationalAuditInterceptor - API Audit Log: URL=/api/v1/auth/me, User=user_regular, IP=127.0.0.1
2026-03-16 17:04:15 [http-nio-8080-exec-15] DEBUG o.s.web.servlet.DispatcherServlet - Completed 200 OK
2026-03-16 17:04:15 [http-nio-8080-exec-17] DEBUG o.s.orm.jpa.JpaTransactionManager - Found thread-bound EntityManager [SessionImpl(84704650<open>)] for JPA transaction
2026-03-16 17:04:15 [http-nio-8080-exec-17] DEBUG o.s.orm.jpa.JpaTransactionManager - Participating in existing transaction
2026-03-16 17:04:15 [http-nio-8080-exec-17] DEBUG org.hibernate.SQL - select ua1_0.scrty_dtrmn_trget_id,ua1_0.author_code,ua1_0.frst_register_id,ua1_0.frst_regist_pnttm,ua1_0.last_updusr_id,ua1_0.last_updt_pnttm,ua1_0.mber_ty_code from nemplyrscrtyestbs ua1_0 where ua1_0.scrty_dtrmn_trget_id=?
2026-03-16 17:04:15 [http-nio-8080-exec-10] DEBUG o.s.orm.jpa.JpaTransactionManager - Found thread-bound EntityManager [SessionImpl(169089955<open>)] for JPA transaction
2026-03-16 17:04:15 [http-nio-8080-exec-10] DEBUG o.s.orm.jpa.JpaTransactionManager - Participating in existing transaction
2026-03-16 17:04:15 [http-nio-8080-exec-10] DEBUG org.hibernate.SQL - select ua1_0.scrty_dtrmn_trget_id,ua1_0.author_code,ua1_0.frst_register_id,ua1_0.frst_regist_pnttm,ua1_0.last_updusr_id,ua1_0.last_updt_pnttm,ua1_0.mber_ty_code from nemplyrscrtyestbs ua1_0 where ua1_0.scrty_dtrmn_trget_id=?
2026-03-16 17:04:15 [http-nio-8080-exec-17] DEBUG o.s.orm.jpa.JpaTransactionManager - Initiating transaction commit
2026-03-16 17:04:15 [http-nio-8080-exec-17] DEBUG o.s.orm.jpa.JpaTransactionManager - Committing JPA transaction on EntityManager [SessionImpl(84704650<open>)]
2026-03-16 17:04:15 [http-nio-8080-exec-3] DEBUG o.s.orm.jpa.JpaTransactionManager - Found thread-bound EntityManager [SessionImpl(1594008193<open>)] for JPA transaction
2026-03-16 17:04:15 [http-nio-8080-exec-3] DEBUG o.s.orm.jpa.JpaTransactionManager - Participating in existing transaction
2026-03-16 17:04:15 [http-nio-8080-exec-3] DEBUG org.hibernate.SQL - select p1_0.progrm_file_nm,p1_0.progrm_dc,p1_0.progrm_korean_nm,p1_0.progrm_stre_path,p1_0.url from nprogrmlist p1_0
2026-03-16 17:04:15 [http-nio-8080-exec-10] DEBUG o.s.orm.jpa.JpaTransactionManager - Initiating transaction commit
2026-03-16 17:04:15 [http-nio-8080-exec-10] DEBUG o.s.orm.jpa.JpaTransactionManager - Committing JPA transaction on EntityManager [SessionImpl(169089955<open>)]
2026-03-16 17:04:16 [http-nio-8080-exec-17] DEBUG o.s.orm.jpa.JpaTransactionManager - Closing JPA EntityManager [SessionImpl(84704650<open>)] after transaction
2026-03-16 17:04:16 [http-nio-8080-exec-17] DEBUG c.c.p.s.jwt.JwtAuthenticationFilter - >>> [JwtFilter] Successfully authenticated user: USRCNFRM_00000000002, Authorities: [ROLE_USER]
2026-03-16 17:04:16 [http-nio-8080-exec-17] DEBUG o.s.web.servlet.DispatcherServlet - GET "/api/v1/dashboard", parameters={}
2026-03-16 17:04:16 [http-nio-8080-exec-17] TRACE o.s.w.s.m.m.a.RequestMappingHandlerMapping - Mapped to com.company.project.api.controller.main.DashboardController#getDashboardData(UserDetails)
2026-03-16 17:04:16 [http-nio-8080-exec-17] INFO  c.c.p.a.c.main.DashboardController - >>> [Dashboard] Fetching data for user: USRCNFRM_00000000002
2026-03-16 17:04:16 [http-nio-8080-exec-17] DEBUG o.s.orm.jpa.JpaTransactionManager - Creating new transaction with name [com.company.project.service.board.BoardService.getBoardPosts]: PROPAGATION_REQUIRED,ISOLATION_DEFAULT,readOnly
2026-03-16 17:04:16 [http-nio-8080-exec-17] DEBUG o.s.orm.jpa.JpaTransactionManager - Opened new EntityManager [SessionImpl(1617382648<open>)] for JPA transaction
2026-03-16 17:04:16 [http-nio-8080-exec-17] DEBUG o.s.orm.jpa.JpaTransactionManager - Exposing JPA transaction as JDBC [org.springframework.orm.jpa.vendor.HibernateJpaDialect$HibernateConnectionHandle@2129fc54]
2026-03-16 17:04:16 [http-nio-8080-exec-17] DEBUG o.s.orm.jpa.JpaTransactionManager - Found thread-bound EntityManager [SessionImpl(1617382648<open>)] for JPA transaction
2026-03-16 17:04:16 [http-nio-8080-exec-17] DEBUG o.s.orm.jpa.JpaTransactionManager - Participating in existing transaction
2026-03-16 17:04:16 [http-nio-8080-exec-17] DEBUG org.hibernate.SQL - select bm1_0.bbs_id,bm1_0.atch_posbl_file_number,bm1_0.atch_posbl_file_size,bm1_0.bbs_attrb_code,bm1_0.bbs_intrcn,bm1_0.bbs_nm,bm1_0.bbs_ty_code,bm1_0.blog_at,bm1_0.blog_id,bm1_0.cmmnty_id,bm1_0.frst_register_id,bm1_0.frst_regist_pnttm,bm1_0.file_atch_posbl_at,bm1_0.last_updusr_id,bm1_0.last_updt_pnttm,bm1_0.reply_posbl_at,bm1_0.tmplat_id,bm1_0.use_at,bm1_1.answer_at,bm1_1.stsfdg_at from nbbsmaster bm1_0 left join nbbsmasteroptn bm1_1 on bm1_0.bbs_id=bm1_1.bbs_id where bm1_0.bbs_id=?
2026-03-16 17:04:16 [http-nio-8080-exec-3] DEBUG o.s.orm.jpa.JpaTransactionManager - Initiating transaction commit
2026-03-16 17:04:16 [http-nio-8080-exec-3] DEBUG o.s.orm.jpa.JpaTransactionManager - Committing JPA transaction on EntityManager [SessionImpl(1594008193<open>)]
2026-03-16 17:04:16 [http-nio-8080-exec-10] DEBUG o.s.orm.jpa.JpaTransactionManager - Closing JPA EntityManager [SessionImpl(169089955<open>)] after transaction
2026-03-16 17:04:16 [http-nio-8080-exec-10] DEBUG c.c.p.s.jwt.JwtAuthenticationFilter - >>> [JwtFilter] Successfully authenticated user: USRCNFRM_00000000002, Authorities: [ROLE_USER]
2026-03-16 17:04:16 [http-nio-8080-exec-10] DEBUG o.s.web.servlet.DispatcherServlet - GET "/api/v1/menu/head", parameters={}
2026-03-16 17:04:16 [http-nio-8080-exec-10] TRACE o.s.w.s.m.m.a.RequestMappingHandlerMapping - Mapped to com.company.project.api.controller.menu.MenuController#getHeadMenu()
2026-03-16 17:04:16 [http-nio-8080-exec-10] INFO  c.c.p.a.c.menu.MenuController - getHeadMenu called
2026-03-16 17:04:16 [http-nio-8080-exec-10] INFO  c.c.p.a.c.menu.MenuController - getHeadMenu returned 5 items
2026-03-16 17:04:16 [http-nio-8080-exec-10] DEBUG o.s.w.s.m.m.a.HttpEntityMethodProcessor - Using 'application/json', given [application/json, text/plain, */*] and supported [application/json, application/*+json, application/yaml]
2026-03-16 17:04:16 [http-nio-8080-exec-10] TRACE o.s.w.s.m.m.a.HttpEntityMethodProcessor - Writing [ApiResponse[success=true, status=200, code=COMMON_001, message=Success, data={list=[com.company.project.service.menu.dto.MenuDto@4839fef0, com.company.project.service.menu.dto.MenuDto@1c69c1c2, com.company.project.service.menu.dto.MenuDto@6f5d2c3d, com.company.project.service.menu.dto.MenuDto@6314b47d, com.company.project.service.menu.dto.MenuDto@645d0891]}, timestamp=2026-03-16T17:04:16.092909600]]
2026-03-16 17:04:16 [http-nio-8080-exec-10] INFO  c.c.p.a.i.OperationalAuditInterceptor - API Audit Log: URL=/api/v1/menu/head, User=user_regular, IP=0:0:0:0:0:0:0:1
2026-03-16 17:04:16 [http-nio-8080-exec-10] DEBUG o.s.web.servlet.DispatcherServlet - Completed 200 OK
2026-03-16 17:04:16 [http-nio-8080-exec-9] DEBUG c.c.p.s.jwt.JwtAuthenticationFilter - >>> [JwtFilter] Processing request: GET /api/v1/menu/left
2026-03-16 17:04:16 [http-nio-8080-exec-19] DEBUG c.c.p.s.jwt.JwtAuthenticationFilter - >>> [JwtFilter] Processing request: GET /api/v1/menu/left
2026-03-16 17:04:16 [http-nio-8080-exec-9] DEBUG c.c.p.s.jwt.JwtAuthenticationFilter - >>> [JwtFilter] Found token in header for path: /api/v1/menu/left
2026-03-16 17:04:16 [http-nio-8080-exec-19] DEBUG c.c.p.s.jwt.JwtAuthenticationFilter - >>> [JwtFilter] Found token in header for path: /api/v1/menu/left
2026-03-16 17:04:16 [http-nio-8080-exec-8] DEBUG c.c.p.s.jwt.JwtAuthenticationFilter - >>> [JwtFilter] Processing request: GET /api/v1/menu/left
2026-03-16 17:04:16 [http-nio-8080-exec-2] DEBUG c.c.p.s.jwt.JwtAuthenticationFilter - >>> [JwtFilter] Processing request: GET /api/v1/menu/left
2026-03-16 17:04:16 [http-nio-8080-exec-8] DEBUG c.c.p.s.jwt.JwtAuthenticationFilter - >>> [JwtFilter] Found token in header for path: /api/v1/menu/left
2026-03-16 17:04:16 [http-nio-8080-exec-2] DEBUG c.c.p.s.jwt.JwtAuthenticationFilter - >>> [JwtFilter] Found token in header for path: /api/v1/menu/left
2026-03-16 17:04:16 [http-nio-8080-exec-12] DEBUG c.c.p.s.jwt.JwtAuthenticationFilter - >>> [JwtFilter] Processing request: GET /api/v1/menu/left
2026-03-16 17:04:16 [http-nio-8080-exec-12] DEBUG c.c.p.s.jwt.JwtAuthenticationFilter - >>> [JwtFilter] Found token in header for path: /api/v1/menu/left
2026-03-16 17:04:16 [http-nio-8080-exec-9] DEBUG o.s.orm.jpa.JpaTransactionManager - Creating new transaction with name [com.company.project.security.iam.CustomUserDetailsService.loadUserByUsername]: PROPAGATION_REQUIRED,ISOLATION_DEFAULT,readOnly
2026-03-16 17:04:16 [http-nio-8080-exec-19] DEBUG o.s.orm.jpa.JpaTransactionManager - Creating new transaction with name [com.company.project.security.iam.CustomUserDetailsService.loadUserByUsername]: PROPAGATION_REQUIRED,ISOLATION_DEFAULT,readOnly
2026-03-16 17:04:16 [http-nio-8080-exec-8] DEBUG o.s.orm.jpa.JpaTransactionManager - Creating new transaction with name [com.company.project.security.iam.CustomUserDetailsService.loadUserByUsername]: PROPAGATION_REQUIRED,ISOLATION_DEFAULT,readOnly
2026-03-16 17:04:16 [http-nio-8080-exec-9] DEBUG o.s.orm.jpa.JpaTransactionManager - Opened new EntityManager [SessionImpl(2033224650<open>)] for JPA transaction
2026-03-16 17:04:16 [http-nio-8080-exec-2] DEBUG o.s.orm.jpa.JpaTransactionManager - Creating new transaction with name [com.company.project.security.iam.CustomUserDetailsService.loadUserByUsername]: PROPAGATION_REQUIRED,ISOLATION_DEFAULT,readOnly
2026-03-16 17:04:16 [http-nio-8080-exec-19] DEBUG o.s.orm.jpa.JpaTransactionManager - Opened new EntityManager [SessionImpl(1603127549<open>)] for JPA transaction
2026-03-16 17:04:16 [http-nio-8080-exec-8] DEBUG o.s.orm.jpa.JpaTransactionManager - Opened new EntityManager [SessionImpl(847776853<open>)] for JPA transaction
2026-03-16 17:04:16 [http-nio-8080-exec-12] DEBUG o.s.orm.jpa.JpaTransactionManager - Creating new transaction with name [com.company.project.security.iam.CustomUserDetailsService.loadUserByUsername]: PROPAGATION_REQUIRED,ISOLATION_DEFAULT,readOnly
2026-03-16 17:04:16 [http-nio-8080-exec-19] DEBUG o.s.orm.jpa.JpaTransactionManager - Exposing JPA transaction as JDBC [org.springframework.orm.jpa.vendor.HibernateJpaDialect$HibernateConnectionHandle@58b3ee71]
2026-03-16 17:04:16 [http-nio-8080-exec-9] DEBUG o.s.orm.jpa.JpaTransactionManager - Exposing JPA transaction as JDBC [org.springframework.orm.jpa.vendor.HibernateJpaDialect$HibernateConnectionHandle@31bcbe01]
2026-03-16 17:04:16 [http-nio-8080-exec-9] DEBUG o.s.orm.jpa.JpaTransactionManager - Found thread-bound EntityManager [SessionImpl(2033224650<open>)] for JPA transaction
2026-03-16 17:04:16 [http-nio-8080-exec-9] DEBUG o.s.orm.jpa.JpaTransactionManager - Participating in existing transaction
2026-03-16 17:04:16 [http-nio-8080-exec-9] DEBUG org.hibernate.SQL - select u1_0.emplyr_id,u1_0.area_no,u1_0.brthdy,u1_0.chg_pwd_cnt,u1_0.frst_register_id,u1_0.frst_regist_pnttm,u1_0.detail_adres,u1_0.email_adres,u1_0.emplyr_sttus_code,u1_0.empl_no,u1_0.esntl_id,u1_0.fxnum,u1_0.group_id,u1_0.house_adres,u1_0.house_end_telno,u1_0.house_middle_telno,u1_0.ihidnum,u1_0.pstinst_code,u1_0.last_updusr_id,u1_0.last_updt_pnttm,u1_0.lock_at,u1_0.lock_cnt,u1_0.lock_last_pnttm,u1_0.mbtlnum,u1_0.ofcps_nm,u1_0.offm_telno,u1_0.orgnzt_id,u1_0.password,u1_0.password_cnsr,u1_0.password_hint,u1_0.chg_pwd_last_pnttm,u1_0.role,u1_0.sbscrb_de,u1_0.sexdstn_code,u1_0.crtfc_dn_value,u1_0.user_nm,u1_0.zip from nemplyrinfo u1_0 where u1_0.emplyr_id=?
2026-03-16 17:04:16 [http-nio-8080-exec-2] DEBUG o.s.orm.jpa.JpaTransactionManager - Opened new EntityManager [SessionImpl(1993052421<open>)] for JPA transaction
2026-03-16 17:04:16 [http-nio-8080-exec-12] DEBUG o.s.orm.jpa.JpaTransactionManager - Opened new EntityManager [SessionImpl(1870963078<open>)] for JPA transaction
2026-03-16 17:04:16 [http-nio-8080-exec-12] DEBUG o.s.orm.jpa.JpaTransactionManager - Exposing JPA transaction as JDBC [org.springframework.orm.jpa.vendor.HibernateJpaDialect$HibernateConnectionHandle@184b43e1]
2026-03-16 17:04:16 [http-nio-8080-exec-19] DEBUG o.s.orm.jpa.JpaTransactionManager - Found thread-bound EntityManager [SessionImpl(1603127549<open>)] for JPA transaction
2026-03-16 17:04:16 [http-nio-8080-exec-12] DEBUG o.s.orm.jpa.JpaTransactionManager - Found thread-bound EntityManager [SessionImpl(1870963078<open>)] for JPA transaction
2026-03-16 17:04:16 [http-nio-8080-exec-19] DEBUG o.s.orm.jpa.JpaTransactionManager - Participating in existing transaction
2026-03-16 17:04:16 [http-nio-8080-exec-12] DEBUG o.s.orm.jpa.JpaTransactionManager - Participating in existing transaction
2026-03-16 17:04:16 [http-nio-8080-exec-12] DEBUG org.hibernate.SQL - select u1_0.emplyr_id,u1_0.area_no,u1_0.brthdy,u1_0.chg_pwd_cnt,u1_0.frst_register_id,u1_0.frst_regist_pnttm,u1_0.detail_adres,u1_0.email_adres,u1_0.emplyr_sttus_code,u1_0.empl_no,u1_0.esntl_id,u1_0.fxnum,u1_0.group_id,u1_0.house_adres,u1_0.house_end_telno,u1_0.house_middle_telno,u1_0.ihidnum,u1_0.pstinst_code,u1_0.last_updusr_id,u1_0.last_updt_pnttm,u1_0.lock_at,u1_0.lock_cnt,u1_0.lock_last_pnttm,u1_0.mbtlnum,u1_0.ofcps_nm,u1_0.offm_telno,u1_0.orgnzt_id,u1_0.password,u1_0.password_cnsr,u1_0.password_hint,u1_0.chg_pwd_last_pnttm,u1_0.role,u1_0.sbscrb_de,u1_0.sexdstn_code,u1_0.crtfc_dn_value,u1_0.user_nm,u1_0.zip from nemplyrinfo u1_0 where u1_0.emplyr_id=?
2026-03-16 17:04:16 [http-nio-8080-exec-19] DEBUG org.hibernate.SQL - select u1_0.emplyr_id,u1_0.area_no,u1_0.brthdy,u1_0.chg_pwd_cnt,u1_0.frst_register_id,u1_0.frst_regist_pnttm,u1_0.detail_adres,u1_0.email_adres,u1_0.emplyr_sttus_code,u1_0.empl_no,u1_0.esntl_id,u1_0.fxnum,u1_0.group_id,u1_0.house_adres,u1_0.house_end_telno,u1_0.house_middle_telno,u1_0.ihidnum,u1_0.pstinst_code,u1_0.last_updusr_id,u1_0.last_updt_pnttm,u1_0.lock_at,u1_0.lock_cnt,u1_0.lock_last_pnttm,u1_0.mbtlnum,u1_0.ofcps_nm,u1_0.offm_telno,u1_0.orgnzt_id,u1_0.password,u1_0.password_cnsr,u1_0.password_hint,u1_0.chg_pwd_last_pnttm,u1_0.role,u1_0.sbscrb_de,u1_0.sexdstn_code,u1_0.crtfc_dn_value,u1_0.user_nm,u1_0.zip from nemplyrinfo u1_0 where u1_0.emplyr_id=?
2026-03-16 17:04:16 [http-nio-8080-exec-17] DEBUG org.hibernate.SQL - select b1_0.ntt_id,b1_0.bbs_id,b1_0.ntt_sj,b1_0.ntcr_nm,b1_0.frst_regist_pnttm,b1_0.rdcnt,b1_0.answer_at,b1_0.parntsctt_no,b1_0.answer_lc,b1_0.sort_ordr,b1_0.ntt_no,b1_0.notice_at,b1_0.secret_at,b1_0.comment_co from nbbs b1_0 left join nemplyrinfo u1_0 on b1_0.frst_register_id=u1_0.esntl_id where (b1_0.use_at = 'Y') and b1_0.bbs_id=? order by b1_0.sort_ordr desc,b1_0.ntt_no offset ? rows fetch first ? rows only
2026-03-16 17:04:16 [http-nio-8080-exec-3] DEBUG o.s.orm.jpa.JpaTransactionManager - Closing JPA EntityManager [SessionImpl(1594008193<open>)] after transaction
2026-03-16 17:04:16 [http-nio-8080-exec-3] INFO  c.c.p.a.c.menu.MenuController - getLeftMenu returned 5 items
2026-03-16 17:04:16 [http-nio-8080-exec-3] DEBUG o.s.w.s.m.m.a.HttpEntityMethodProcessor - Using 'application/json', given [application/json, text/plain, */*] and supported [application/json, application/*+json, application/yaml]
2026-03-16 17:04:16 [http-nio-8080-exec-3] TRACE o.s.w.s.m.m.a.HttpEntityMethodProcessor - Writing [ApiResponse[success=true, status=200, code=COMMON_001, message=Success, data={list=[com.company.project.service.menu.dto.MenuDto@674cbc5a, com.company.project.service.menu.dto.MenuDto@37c9b527, com.company.project.service.menu.dto.MenuDto@c2e9f93, com.company.project.service.menu.dto.MenuDto@59fcfe73, com.company.project.service.menu.dto.MenuDto@5b50277a]}, timestamp=2026-03-16T17:04:16.220895800]]
2026-03-16 17:04:16 [http-nio-8080-exec-3] INFO  c.c.p.a.i.OperationalAuditInterceptor - API Audit Log: URL=/api/v1/menu/left, User=user_regular, IP=127.0.0.1
2026-03-16 17:04:16 [http-nio-8080-exec-3] DEBUG o.s.web.servlet.DispatcherServlet - Completed 200 OK
2026-03-16 17:04:16 [http-nio-8080-exec-2] DEBUG o.s.orm.jpa.JpaTransactionManager - Exposing JPA transaction as JDBC [org.springframework.orm.jpa.vendor.HibernateJpaDialect$HibernateConnectionHandle@735995e2]
2026-03-16 17:04:16 [http-nio-8080-exec-2] DEBUG o.s.orm.jpa.JpaTransactionManager - Found thread-bound EntityManager [SessionImpl(1993052421<open>)] for JPA transaction
2026-03-16 17:04:16 [http-nio-8080-exec-2] DEBUG o.s.orm.jpa.JpaTransactionManager - Participating in existing transaction
2026-03-16 17:04:16 [http-nio-8080-exec-2] DEBUG org.hibernate.SQL - select u1_0.emplyr_id,u1_0.area_no,u1_0.brthdy,u1_0.chg_pwd_cnt,u1_0.frst_register_id,u1_0.frst_regist_pnttm,u1_0.detail_adres,u1_0.email_adres,u1_0.emplyr_sttus_code,u1_0.empl_no,u1_0.esntl_id,u1_0.fxnum,u1_0.group_id,u1_0.house_adres,u1_0.house_end_telno,u1_0.house_middle_telno,u1_0.ihidnum,u1_0.pstinst_code,u1_0.last_updusr_id,u1_0.last_updt_pnttm,u1_0.lock_at,u1_0.lock_cnt,u1_0.lock_last_pnttm,u1_0.mbtlnum,u1_0.ofcps_nm,u1_0.offm_telno,u1_0.orgnzt_id,u1_0.password,u1_0.password_cnsr,u1_0.password_hint,u1_0.chg_pwd_last_pnttm,u1_0.role,u1_0.sbscrb_de,u1_0.sexdstn_code,u1_0.crtfc_dn_value,u1_0.user_nm,u1_0.zip from nemplyrinfo u1_0 where u1_0.emplyr_id=?
2026-03-16 17:04:16 [http-nio-8080-exec-8] DEBUG o.s.orm.jpa.JpaTransactionManager - Exposing JPA transaction as JDBC [org.springframework.orm.jpa.vendor.HibernateJpaDialect$HibernateConnectionHandle@c4b81d6]
2026-03-16 17:04:16 [http-nio-8080-exec-9] DEBUG o.s.orm.jpa.JpaTransactionManager - Found thread-bound EntityManager [SessionImpl(2033224650<open>)] for JPA transaction
2026-03-16 17:04:16 [http-nio-8080-exec-8] DEBUG o.s.orm.jpa.JpaTransactionManager - Found thread-bound EntityManager [SessionImpl(847776853<open>)] for JPA transaction
2026-03-16 17:04:16 [http-nio-8080-exec-9] DEBUG o.s.orm.jpa.JpaTransactionManager - Participating in existing transaction
2026-03-16 17:04:16 [http-nio-8080-exec-8] DEBUG o.s.orm.jpa.JpaTransactionManager - Participating in existing transaction
2026-03-16 17:04:16 [http-nio-8080-exec-9] DEBUG org.hibernate.SQL - select ua1_0.scrty_dtrmn_trget_id,ua1_0.author_code,ua1_0.frst_register_id,ua1_0.frst_regist_pnttm,ua1_0.last_updusr_id,ua1_0.last_updt_pnttm,ua1_0.mber_ty_code from nemplyrscrtyestbs ua1_0 where ua1_0.scrty_dtrmn_trget_id=?
2026-03-16 17:04:16 [http-nio-8080-exec-8] DEBUG org.hibernate.SQL - select u1_0.emplyr_id,u1_0.area_no,u1_0.brthdy,u1_0.chg_pwd_cnt,u1_0.frst_register_id,u1_0.frst_regist_pnttm,u1_0.detail_adres,u1_0.email_adres,u1_0.emplyr_sttus_code,u1_0.empl_no,u1_0.esntl_id,u1_0.fxnum,u1_0.group_id,u1_0.house_adres,u1_0.house_end_telno,u1_0.house_middle_telno,u1_0.ihidnum,u1_0.pstinst_code,u1_0.last_updusr_id,u1_0.last_updt_pnttm,u1_0.lock_at,u1_0.lock_cnt,u1_0.lock_last_pnttm,u1_0.mbtlnum,u1_0.ofcps_nm,u1_0.offm_telno,u1_0.orgnzt_id,u1_0.password,u1_0.password_cnsr,u1_0.password_hint,u1_0.chg_pwd_last_pnttm,u1_0.role,u1_0.sbscrb_de,u1_0.sexdstn_code,u1_0.crtfc_dn_value,u1_0.user_nm,u1_0.zip from nemplyrinfo u1_0 where u1_0.emplyr_id=?
2026-03-16 17:04:16 [http-nio-8080-exec-12] DEBUG o.s.orm.jpa.JpaTransactionManager - Found thread-bound EntityManager [SessionImpl(1870963078<open>)] for JPA transaction
2026-03-16 17:04:16 [http-nio-8080-exec-12] DEBUG o.s.orm.jpa.JpaTransactionManager - Participating in existing transaction
2026-03-16 17:04:16 [http-nio-8080-exec-12] DEBUG org.hibernate.SQL - select ua1_0.scrty_dtrmn_trget_id,ua1_0.author_code,ua1_0.frst_register_id,ua1_0.frst_regist_pnttm,ua1_0.last_updusr_id,ua1_0.last_updt_pnttm,ua1_0.mber_ty_code from nemplyrscrtyestbs ua1_0 where ua1_0.scrty_dtrmn_trget_id=?
2026-03-16 17:04:16 [http-nio-8080-exec-19] DEBUG o.s.orm.jpa.JpaTransactionManager - Found thread-bound EntityManager [SessionImpl(1603127549<open>)] for JPA transaction
2026-03-16 17:04:16 [http-nio-8080-exec-19] DEBUG o.s.orm.jpa.JpaTransactionManager - Participating in existing transaction
2026-03-16 17:04:16 [http-nio-8080-exec-19] DEBUG org.hibernate.SQL - select ua1_0.scrty_dtrmn_trget_id,ua1_0.author_code,ua1_0.frst_register_id,ua1_0.frst_regist_pnttm,ua1_0.last_updusr_id,ua1_0.last_updt_pnttm,ua1_0.mber_ty_code from nemplyrscrtyestbs ua1_0 where ua1_0.scrty_dtrmn_trget_id=?
2026-03-16 17:04:16 [http-nio-8080-exec-17] DEBUG org.hibernate.SQL - select count(b1_0.ntt_id) from nbbs b1_0 left join nemplyrinfo u1_0 on b1_0.frst_register_id=u1_0.esntl_id where (b1_0.use_at = 'Y') and b1_0.bbs_id=?
2026-03-16 17:04:16 [http-nio-8080-exec-2] DEBUG o.s.orm.jpa.JpaTransactionManager - Found thread-bound EntityManager [SessionImpl(1993052421<open>)] for JPA transaction
2026-03-16 17:04:16 [http-nio-8080-exec-2] DEBUG o.s.orm.jpa.JpaTransactionManager - Participating in existing transaction
2026-03-16 17:04:16 [http-nio-8080-exec-2] DEBUG org.hibernate.SQL - select ua1_0.scrty_dtrmn_trget_id,ua1_0.author_code,ua1_0.frst_register_id,ua1_0.frst_regist_pnttm,ua1_0.last_updusr_id,ua1_0.last_updt_pnttm,ua1_0.mber_ty_code from nemplyrscrtyestbs ua1_0 where ua1_0.scrty_dtrmn_trget_id=?
2026-03-16 17:04:16 [http-nio-8080-exec-8] DEBUG o.s.orm.jpa.JpaTransactionManager - Found thread-bound EntityManager [SessionImpl(847776853<open>)] for JPA transaction
2026-03-16 17:04:16 [http-nio-8080-exec-9] DEBUG o.s.orm.jpa.JpaTransactionManager - Initiating transaction commit
2026-03-16 17:04:16 [http-nio-8080-exec-8] DEBUG o.s.orm.jpa.JpaTransactionManager - Participating in existing transaction
2026-03-16 17:04:16 [http-nio-8080-exec-9] DEBUG o.s.orm.jpa.JpaTransactionManager - Committing JPA transaction on EntityManager [SessionImpl(2033224650<open>)]
2026-03-16 17:04:16 [http-nio-8080-exec-8] DEBUG org.hibernate.SQL - select ua1_0.scrty_dtrmn_trget_id,ua1_0.author_code,ua1_0.frst_register_id,ua1_0.frst_regist_pnttm,ua1_0.last_updusr_id,ua1_0.last_updt_pnttm,ua1_0.mber_ty_code from nemplyrscrtyestbs ua1_0 where ua1_0.scrty_dtrmn_trget_id=?
2026-03-16 17:04:16 [http-nio-8080-exec-12] DEBUG o.s.orm.jpa.JpaTransactionManager - Initiating transaction commit
2026-03-16 17:04:16 [http-nio-8080-exec-12] DEBUG o.s.orm.jpa.JpaTransactionManager - Committing JPA transaction on EntityManager [SessionImpl(1870963078<open>)]
2026-03-16 17:04:16 [http-nio-8080-exec-19] DEBUG o.s.orm.jpa.JpaTransactionManager - Initiating transaction commit
2026-03-16 17:04:16 [http-nio-8080-exec-19] DEBUG o.s.orm.jpa.JpaTransactionManager - Committing JPA transaction on EntityManager [SessionImpl(1603127549<open>)]
2026-03-16 17:04:16 [http-nio-8080-exec-17] DEBUG o.s.orm.jpa.JpaTransactionManager - Initiating transaction commit
2026-03-16 17:04:16 [http-nio-8080-exec-17] DEBUG o.s.orm.jpa.JpaTransactionManager - Committing JPA transaction on EntityManager [SessionImpl(1617382648<open>)]
2026-03-16 17:04:16 [http-nio-8080-exec-2] DEBUG o.s.orm.jpa.JpaTransactionManager - Initiating transaction commit
2026-03-16 17:04:16 [http-nio-8080-exec-2] DEBUG o.s.orm.jpa.JpaTransactionManager - Committing JPA transaction on EntityManager [SessionImpl(1993052421<open>)]
2026-03-16 17:04:16 [http-nio-8080-exec-9] DEBUG o.s.orm.jpa.JpaTransactionManager - Closing JPA EntityManager [SessionImpl(2033224650<open>)] after transaction
2026-03-16 17:04:16 [http-nio-8080-exec-8] DEBUG o.s.orm.jpa.JpaTransactionManager - Initiating transaction commit
2026-03-16 17:04:16 [http-nio-8080-exec-8] DEBUG o.s.orm.jpa.JpaTransactionManager - Committing JPA transaction on EntityManager [SessionImpl(847776853<open>)]
2026-03-16 17:04:16 [http-nio-8080-exec-9] DEBUG c.c.p.s.jwt.JwtAuthenticationFilter - >>> [JwtFilter] Successfully authenticated user: USRCNFRM_00000000002, Authorities: [ROLE_USER]
2026-03-16 17:04:16 [http-nio-8080-exec-9] DEBUG o.s.web.servlet.DispatcherServlet - GET "/api/v1/menu/left?menuNo=10", parameters={masked}
2026-03-16 17:04:16 [http-nio-8080-exec-9] TRACE o.s.w.s.m.m.a.RequestMappingHandlerMapping - Mapped to com.company.project.api.controller.menu.MenuController#getLeftMenu(Long)
2026-03-16 17:04:16 [http-nio-8080-exec-9] INFO  c.c.p.a.c.menu.MenuController - getLeftMenu called with menuNo=10
2026-03-16 17:04:16 [http-nio-8080-exec-9] DEBUG o.s.orm.jpa.JpaTransactionManager - Creating new transaction with name [com.company.project.service.menu.MenuService.getSubMenus]: PROPAGATION_REQUIRED,ISOLATION_DEFAULT,readOnly
2026-03-16 17:04:16 [http-nio-8080-exec-9] DEBUG o.s.orm.jpa.JpaTransactionManager - Opened new EntityManager [SessionImpl(307407427<open>)] for JPA transaction
2026-03-16 17:04:16 [http-nio-8080-exec-9] DEBUG o.s.orm.jpa.JpaTransactionManager - Exposing JPA transaction as JDBC [org.springframework.orm.jpa.vendor.HibernateJpaDialect$HibernateConnectionHandle@2a3aa9b6]
2026-03-16 17:04:16 [http-nio-8080-exec-9] DEBUG org.hibernate.SQL - select m1_0.menu_no,m1_0.menu_dc,m1_0.menu_nm,m1_0.menu_ordr,m1_0.modern_route,m1_0.progrm_file_nm,m1_0.relate_image_nm,m1_0.relate_image_path,m1_0.route_updated_at,m1_0.upper_menu_no from nmenuinfo m1_0 order by m1_0.upper_menu_no,m1_0.menu_ordr
2026-03-16 17:04:16 [http-nio-8080-exec-12] DEBUG o.s.orm.jpa.JpaTransactionManager - Closing JPA EntityManager [SessionImpl(1870963078<open>)] after transaction
2026-03-16 17:04:16 [http-nio-8080-exec-12] DEBUG c.c.p.s.jwt.JwtAuthenticationFilter - >>> [JwtFilter] Successfully authenticated user: USRCNFRM_00000000002, Authorities: [ROLE_USER]
2026-03-16 17:04:16 [http-nio-8080-exec-12] DEBUG o.s.web.servlet.DispatcherServlet - GET "/api/v1/menu/left?menuNo=60", parameters={masked}
2026-03-16 17:04:16 [http-nio-8080-exec-12] TRACE o.s.w.s.m.m.a.RequestMappingHandlerMapping - Mapped to com.company.project.api.controller.menu.MenuController#getLeftMenu(Long)
2026-03-16 17:04:16 [http-nio-8080-exec-12] INFO  c.c.p.a.c.menu.MenuController - getLeftMenu called with menuNo=60
2026-03-16 17:04:16 [http-nio-8080-exec-12] DEBUG o.s.orm.jpa.JpaTransactionManager - Creating new transaction with name [com.company.project.service.menu.MenuService.getSubMenus]: PROPAGATION_REQUIRED,ISOLATION_DEFAULT,readOnly
2026-03-16 17:04:16 [http-nio-8080-exec-12] DEBUG o.s.orm.jpa.JpaTransactionManager - Opened new EntityManager [SessionImpl(1263826315<open>)] for JPA transaction
2026-03-16 17:04:16 [http-nio-8080-exec-12] DEBUG o.s.orm.jpa.JpaTransactionManager - Exposing JPA transaction as JDBC [org.springframework.orm.jpa.vendor.HibernateJpaDialect$HibernateConnectionHandle@4eb1a68f]
2026-03-16 17:04:16 [http-nio-8080-exec-19] DEBUG o.s.orm.jpa.JpaTransactionManager - Closing JPA EntityManager [SessionImpl(1603127549<open>)] after transaction
2026-03-16 17:04:16 [http-nio-8080-exec-19] DEBUG c.c.p.s.jwt.JwtAuthenticationFilter - >>> [JwtFilter] Successfully authenticated user: USRCNFRM_00000000002, Authorities: [ROLE_USER]
2026-03-16 17:04:16 [http-nio-8080-exec-19] DEBUG o.s.web.servlet.DispatcherServlet - GET "/api/v1/menu/left?menuNo=40", parameters={masked}
2026-03-16 17:04:16 [http-nio-8080-exec-12] DEBUG org.hibernate.SQL - select m1_0.menu_no,m1_0.menu_dc,m1_0.menu_nm,m1_0.menu_ordr,m1_0.modern_route,m1_0.progrm_file_nm,m1_0.relate_image_nm,m1_0.relate_image_path,m1_0.route_updated_at,m1_0.upper_menu_no from nmenuinfo m1_0 order by m1_0.upper_menu_no,m1_0.menu_ordr
2026-03-16 17:04:16 [http-nio-8080-exec-19] TRACE o.s.w.s.m.m.a.RequestMappingHandlerMapping - Mapped to com.company.project.api.controller.menu.MenuController#getLeftMenu(Long)
2026-03-16 17:04:16 [http-nio-8080-exec-19] INFO  c.c.p.a.c.menu.MenuController - getLeftMenu called with menuNo=40
2026-03-16 17:04:16 [http-nio-8080-exec-19] DEBUG o.s.orm.jpa.JpaTransactionManager - Creating new transaction with name [com.company.project.service.menu.MenuService.getSubMenus]: PROPAGATION_REQUIRED,ISOLATION_DEFAULT,readOnly
2026-03-16 17:04:16 [http-nio-8080-exec-19] DEBUG o.s.orm.jpa.JpaTransactionManager - Opened new EntityManager [SessionImpl(1953018560<open>)] for JPA transaction
2026-03-16 17:04:16 [http-nio-8080-exec-19] DEBUG o.s.orm.jpa.JpaTransactionManager - Exposing JPA transaction as JDBC [org.springframework.orm.jpa.vendor.HibernateJpaDialect$HibernateConnectionHandle@368924e0]
2026-03-16 17:04:16 [http-nio-8080-exec-19] DEBUG org.hibernate.SQL - select m1_0.menu_no,m1_0.menu_dc,m1_0.menu_nm,m1_0.menu_ordr,m1_0.modern_route,m1_0.progrm_file_nm,m1_0.relate_image_nm,m1_0.relate_image_path,m1_0.route_updated_at,m1_0.upper_menu_no from nmenuinfo m1_0 order by m1_0.upper_menu_no,m1_0.menu_ordr
2026-03-16 17:04:16 [http-nio-8080-exec-17] DEBUG o.s.orm.jpa.JpaTransactionManager - Closing JPA EntityManager [SessionImpl(1617382648<open>)] after transaction
2026-03-16 17:04:16 [http-nio-8080-exec-17] DEBUG o.s.orm.jpa.JpaTransactionManager - Creating new transaction with name [com.company.project.service.board.BoardService.getBoardPosts]: PROPAGATION_REQUIRED,ISOLATION_DEFAULT,readOnly
2026-03-16 17:04:16 [http-nio-8080-exec-17] DEBUG o.s.orm.jpa.JpaTransactionManager - Opened new EntityManager [SessionImpl(1607036053<open>)] for JPA transaction
2026-03-16 17:04:16 [http-nio-8080-exec-17] DEBUG o.s.orm.jpa.JpaTransactionManager - Exposing JPA transaction as JDBC [org.springframework.orm.jpa.vendor.HibernateJpaDialect$HibernateConnectionHandle@43d1c14d]
2026-03-16 17:04:16 [http-nio-8080-exec-17] DEBUG o.s.orm.jpa.JpaTransactionManager - Found thread-bound EntityManager [SessionImpl(1607036053<open>)] for JPA transaction
2026-03-16 17:04:16 [http-nio-8080-exec-17] DEBUG o.s.orm.jpa.JpaTransactionManager - Participating in existing transaction
2026-03-16 17:04:16 [http-nio-8080-exec-17] DEBUG org.hibernate.SQL - select bm1_0.bbs_id,bm1_0.atch_posbl_file_number,bm1_0.atch_posbl_file_size,bm1_0.bbs_attrb_code,bm1_0.bbs_intrcn,bm1_0.bbs_nm,bm1_0.bbs_ty_code,bm1_0.blog_at,bm1_0.blog_id,bm1_0.cmmnty_id,bm1_0.frst_register_id,bm1_0.frst_regist_pnttm,bm1_0.file_atch_posbl_at,bm1_0.last_updusr_id,bm1_0.last_updt_pnttm,bm1_0.reply_posbl_at,bm1_0.tmplat_id,bm1_0.use_at,bm1_1.answer_at,bm1_1.stsfdg_at from nbbsmaster bm1_0 left join nbbsmasteroptn bm1_1 on bm1_0.bbs_id=bm1_1.bbs_id where bm1_0.bbs_id=?
2026-03-16 17:04:16 [http-nio-8080-exec-2] DEBUG o.s.orm.jpa.JpaTransactionManager - Closing JPA EntityManager [SessionImpl(1993052421<open>)] after transaction
2026-03-16 17:04:16 [http-nio-8080-exec-2] DEBUG c.c.p.s.jwt.JwtAuthenticationFilter - >>> [JwtFilter] Successfully authenticated user: USRCNFRM_00000000002, Authorities: [ROLE_USER]
2026-03-16 17:04:16 [http-nio-8080-exec-2] DEBUG o.s.web.servlet.DispatcherServlet - GET "/api/v1/menu/left?menuNo=20", parameters={masked}
2026-03-16 17:04:16 [http-nio-8080-exec-2] TRACE o.s.w.s.m.m.a.RequestMappingHandlerMapping - Mapped to com.company.project.api.controller.menu.MenuController#getLeftMenu(Long)
2026-03-16 17:04:16 [http-nio-8080-exec-2] INFO  c.c.p.a.c.menu.MenuController - getLeftMenu called with menuNo=20
2026-03-16 17:04:16 [http-nio-8080-exec-2] DEBUG o.s.orm.jpa.JpaTransactionManager - Creating new transaction with name [com.company.project.service.menu.MenuService.getSubMenus]: PROPAGATION_REQUIRED,ISOLATION_DEFAULT,readOnly
2026-03-16 17:04:16 [http-nio-8080-exec-2] DEBUG o.s.orm.jpa.JpaTransactionManager - Opened new EntityManager [SessionImpl(1246824008<open>)] for JPA transaction
2026-03-16 17:04:16 [http-nio-8080-exec-2] DEBUG o.s.orm.jpa.JpaTransactionManager - Exposing JPA transaction as JDBC [org.springframework.orm.jpa.vendor.HibernateJpaDialect$HibernateConnectionHandle@4e023ba5]
2026-03-16 17:04:16 [http-nio-8080-exec-2] DEBUG org.hibernate.SQL - select m1_0.menu_no,m1_0.menu_dc,m1_0.menu_nm,m1_0.menu_ordr,m1_0.modern_route,m1_0.progrm_file_nm,m1_0.relate_image_nm,m1_0.relate_image_path,m1_0.route_updated_at,m1_0.upper_menu_no from nmenuinfo m1_0 order by m1_0.upper_menu_no,m1_0.menu_ordr
2026-03-16 17:04:16 [http-nio-8080-exec-8] DEBUG o.s.orm.jpa.JpaTransactionManager - Closing JPA EntityManager [SessionImpl(847776853<open>)] after transaction
2026-03-16 17:04:16 [http-nio-8080-exec-8] DEBUG c.c.p.s.jwt.JwtAuthenticationFilter - >>> [JwtFilter] Successfully authenticated user: USRCNFRM_00000000002, Authorities: [ROLE_USER]
2026-03-16 17:04:16 [http-nio-8080-exec-8] DEBUG o.s.web.servlet.DispatcherServlet - GET "/api/v1/menu/left?menuNo=50", parameters={masked}
2026-03-16 17:04:16 [http-nio-8080-exec-8] TRACE o.s.w.s.m.m.a.RequestMappingHandlerMapping - Mapped to com.company.project.api.controller.menu.MenuController#getLeftMenu(Long)
2026-03-16 17:04:16 [http-nio-8080-exec-8] INFO  c.c.p.a.c.menu.MenuController - getLeftMenu called with menuNo=50
2026-03-16 17:04:16 [http-nio-8080-exec-8] DEBUG o.s.orm.jpa.JpaTransactionManager - Creating new transaction with name [com.company.project.service.menu.MenuService.getSubMenus]: PROPAGATION_REQUIRED,ISOLATION_DEFAULT,readOnly
2026-03-16 17:04:16 [http-nio-8080-exec-8] DEBUG o.s.orm.jpa.JpaTransactionManager - Opened new EntityManager [SessionImpl(1405089879<open>)] for JPA transaction
2026-03-16 17:04:16 [http-nio-8080-exec-8] DEBUG o.s.orm.jpa.JpaTransactionManager - Exposing JPA transaction as JDBC [org.springframework.orm.jpa.vendor.HibernateJpaDialect$HibernateConnectionHandle@6e0badec]
2026-03-16 17:04:16 [http-nio-8080-exec-8] DEBUG org.hibernate.SQL - select m1_0.menu_no,m1_0.menu_dc,m1_0.menu_nm,m1_0.menu_ordr,m1_0.modern_route,m1_0.progrm_file_nm,m1_0.relate_image_nm,m1_0.relate_image_path,m1_0.route_updated_at,m1_0.upper_menu_no from nmenuinfo m1_0 order by m1_0.upper_menu_no,m1_0.menu_ordr
2026-03-16 17:04:16 [http-nio-8080-exec-17] DEBUG org.hibernate.SQL - select b1_0.ntt_id,b1_0.bbs_id,b1_0.ntt_sj,b1_0.ntcr_nm,b1_0.frst_regist_pnttm,b1_0.rdcnt,b1_0.answer_at,b1_0.parntsctt_no,b1_0.answer_lc,b1_0.sort_ordr,b1_0.ntt_no,b1_0.notice_at,b1_0.secret_at,b1_0.comment_co from nbbs b1_0 left join nemplyrinfo u1_0 on b1_0.frst_register_id=u1_0.esntl_id where (b1_0.use_at = 'Y') and b1_0.bbs_id=? order by b1_0.sort_ordr desc,b1_0.ntt_no offset ? rows fetch first ? rows only
2026-03-16 17:04:16 [http-nio-8080-exec-9] DEBUG o.s.orm.jpa.JpaTransactionManager - Found thread-bound EntityManager [SessionImpl(307407427<open>)] for JPA transaction
2026-03-16 17:04:16 [http-nio-8080-exec-9] DEBUG o.s.orm.jpa.JpaTransactionManager - Participating in existing transaction
2026-03-16 17:04:16 [http-nio-8080-exec-9] DEBUG org.hibernate.SQL - select p1_0.progrm_file_nm,p1_0.progrm_dc,p1_0.progrm_korean_nm,p1_0.progrm_stre_path,p1_0.url from nprogrmlist p1_0
2026-03-16 17:04:16 [http-nio-8080-exec-12] DEBUG o.s.orm.jpa.JpaTransactionManager - Found thread-bound EntityManager [SessionImpl(1263826315<open>)] for JPA transaction
2026-03-16 17:04:16 [http-nio-8080-exec-12] DEBUG o.s.orm.jpa.JpaTransactionManager - Participating in existing transaction
2026-03-16 17:04:16 [http-nio-8080-exec-19] DEBUG o.s.orm.jpa.JpaTransactionManager - Found thread-bound EntityManager [SessionImpl(1953018560<open>)] for JPA transaction
2026-03-16 17:04:16 [http-nio-8080-exec-19] DEBUG o.s.orm.jpa.JpaTransactionManager - Participating in existing transaction
2026-03-16 17:04:16 [http-nio-8080-exec-12] DEBUG org.hibernate.SQL - select p1_0.progrm_file_nm,p1_0.progrm_dc,p1_0.progrm_korean_nm,p1_0.progrm_stre_path,p1_0.url from nprogrmlist p1_0
2026-03-16 17:04:16 [http-nio-8080-exec-19] DEBUG org.hibernate.SQL - select p1_0.progrm_file_nm,p1_0.progrm_dc,p1_0.progrm_korean_nm,p1_0.progrm_stre_path,p1_0.url from nprogrmlist p1_0
2026-03-16 17:04:16 [http-nio-8080-exec-17] DEBUG org.hibernate.SQL - select count(b1_0.ntt_id) from nbbs b1_0 left join nemplyrinfo u1_0 on b1_0.frst_register_id=u1_0.esntl_id where (b1_0.use_at = 'Y') and b1_0.bbs_id=?
2026-03-16 17:04:16 [http-nio-8080-exec-2] DEBUG o.s.orm.jpa.JpaTransactionManager - Found thread-bound EntityManager [SessionImpl(1246824008<open>)] for JPA transaction
2026-03-16 17:04:16 [http-nio-8080-exec-2] DEBUG o.s.orm.jpa.JpaTransactionManager - Participating in existing transaction
2026-03-16 17:04:16 [http-nio-8080-exec-2] DEBUG org.hibernate.SQL - select p1_0.progrm_file_nm,p1_0.progrm_dc,p1_0.progrm_korean_nm,p1_0.progrm_stre_path,p1_0.url from nprogrmlist p1_0
2026-03-16 17:04:16 [http-nio-8080-exec-8] DEBUG o.s.orm.jpa.JpaTransactionManager - Found thread-bound EntityManager [SessionImpl(1405089879<open>)] for JPA transaction
2026-03-16 17:04:16 [http-nio-8080-exec-8] DEBUG o.s.orm.jpa.JpaTransactionManager - Participating in existing transaction
2026-03-16 17:04:16 [http-nio-8080-exec-8] DEBUG org.hibernate.SQL - select p1_0.progrm_file_nm,p1_0.progrm_dc,p1_0.progrm_korean_nm,p1_0.progrm_stre_path,p1_0.url from nprogrmlist p1_0
2026-03-16 17:04:17 [http-nio-8080-exec-9] DEBUG o.s.orm.jpa.JpaTransactionManager - Initiating transaction commit
2026-03-16 17:04:17 [http-nio-8080-exec-9] DEBUG o.s.orm.jpa.JpaTransactionManager - Committing JPA transaction on EntityManager [SessionImpl(307407427<open>)]
2026-03-16 17:04:17 [http-nio-8080-exec-19] DEBUG o.s.orm.jpa.JpaTransactionManager - Initiating transaction commit
2026-03-16 17:04:17 [http-nio-8080-exec-19] DEBUG o.s.orm.jpa.JpaTransactionManager - Committing JPA transaction on EntityManager [SessionImpl(1953018560<open>)]
2026-03-16 17:04:17 [http-nio-8080-exec-12] DEBUG o.s.orm.jpa.JpaTransactionManager - Initiating transaction commit
2026-03-16 17:04:17 [http-nio-8080-exec-12] DEBUG o.s.orm.jpa.JpaTransactionManager - Committing JPA transaction on EntityManager [SessionImpl(1263826315<open>)]
2026-03-16 17:04:17 [http-nio-8080-exec-17] DEBUG o.s.orm.jpa.JpaTransactionManager - Initiating transaction commit
2026-03-16 17:04:17 [http-nio-8080-exec-17] DEBUG o.s.orm.jpa.JpaTransactionManager - Committing JPA transaction on EntityManager [SessionImpl(1607036053<open>)]
2026-03-16 17:04:17 [http-nio-8080-exec-2] DEBUG o.s.orm.jpa.JpaTransactionManager - Initiating transaction commit
2026-03-16 17:04:17 [http-nio-8080-exec-2] DEBUG o.s.orm.jpa.JpaTransactionManager - Committing JPA transaction on EntityManager [SessionImpl(1246824008<open>)]
2026-03-16 17:04:17 [http-nio-8080-exec-8] DEBUG o.s.orm.jpa.JpaTransactionManager - Initiating transaction commit
2026-03-16 17:04:17 [http-nio-8080-exec-8] DEBUG o.s.orm.jpa.JpaTransactionManager - Committing JPA transaction on EntityManager [SessionImpl(1405089879<open>)]
2026-03-16 17:04:17 [http-nio-8080-exec-9] DEBUG o.s.orm.jpa.JpaTransactionManager - Closing JPA EntityManager [SessionImpl(307407427<open>)] after transaction
2026-03-16 17:04:17 [http-nio-8080-exec-9] INFO  c.c.p.a.c.menu.MenuController - getLeftMenu returned 5 items
2026-03-16 17:04:17 [http-nio-8080-exec-9] DEBUG o.s.w.s.m.m.a.HttpEntityMethodProcessor - Using 'application/json', given [application/json, text/plain, */*] and supported [application/json, application/*+json, application/yaml]
2026-03-16 17:04:17 [http-nio-8080-exec-9] TRACE o.s.w.s.m.m.a.HttpEntityMethodProcessor - Writing [ApiResponse[success=true, status=200, code=COMMON_001, message=Success, data={list=[com.company.project.service.menu.dto.MenuDto@7e11ba0a, com.company.project.service.menu.dto.MenuDto@2c4bf2f, com.company.project.service.menu.dto.MenuDto@4b89aae8, com.company.project.service.menu.dto.MenuDto@3c26da4, com.company.project.service.menu.dto.MenuDto@70f0563c]}, timestamp=2026-03-16T17:04:17.153569500]]
2026-03-16 17:04:17 [http-nio-8080-exec-9] INFO  c.c.p.a.i.OperationalAuditInterceptor - API Audit Log: URL=/api/v1/menu/left, User=user_regular, IP=0:0:0:0:0:0:0:1
2026-03-16 17:04:17 [http-nio-8080-exec-9] DEBUG o.s.web.servlet.DispatcherServlet - Completed 200 OK
2026-03-16 17:04:17 [http-nio-8080-exec-12] DEBUG o.s.orm.jpa.JpaTransactionManager - Closing JPA EntityManager [SessionImpl(1263826315<open>)] after transaction
2026-03-16 17:04:17 [http-nio-8080-exec-12] INFO  c.c.p.a.c.menu.MenuController - getLeftMenu returned 1 items
2026-03-16 17:04:17 [http-nio-8080-exec-19] DEBUG o.s.orm.jpa.JpaTransactionManager - Closing JPA EntityManager [SessionImpl(1953018560<open>)] after transaction
2026-03-16 17:04:17 [http-nio-8080-exec-12] DEBUG o.s.w.s.m.m.a.HttpEntityMethodProcessor - Using 'application/json', given [application/json, text/plain, */*] and supported [application/json, application/*+json, application/yaml]
2026-03-16 17:04:17 [http-nio-8080-exec-19] INFO  c.c.p.a.c.menu.MenuController - getLeftMenu returned 2 items
2026-03-16 17:04:17 [http-nio-8080-exec-12] TRACE o.s.w.s.m.m.a.HttpEntityMethodProcessor - Writing [ApiResponse[success=true, status=200, code=COMMON_001, message=Success, data={list=[com.company.project.service.menu.dto.MenuDto@36c2d89]}, timestamp=2026-03-16T17:04:17.194577700]]
2026-03-16 17:04:17 [http-nio-8080-exec-19] DEBUG o.s.w.s.m.m.a.HttpEntityMethodProcessor - Using 'application/json', given [application/json, text/plain, */*] and supported [application/json, application/*+json, application/yaml]
2026-03-16 17:04:17 [http-nio-8080-exec-12] INFO  c.c.p.a.i.OperationalAuditInterceptor - API Audit Log: URL=/api/v1/menu/left, User=user_regular, IP=0:0:0:0:0:0:0:1
2026-03-16 17:04:17 [http-nio-8080-exec-19] TRACE o.s.w.s.m.m.a.HttpEntityMethodProcessor - Writing [ApiResponse[success=true, status=200, code=COMMON_001, message=Success, data={list=[com.company.project.service.menu.dto.MenuDto@78bace32, com.company.project.service.menu.dto.MenuDto@6e81ab92]}, timestamp=2026-03-16T17:04:17.195579100]]
2026-03-16 17:04:17 [http-nio-8080-exec-12] DEBUG o.s.web.servlet.DispatcherServlet - Completed 200 OK
2026-03-16 17:04:17 [http-nio-8080-exec-19] INFO  c.c.p.a.i.OperationalAuditInterceptor - API Audit Log: URL=/api/v1/menu/left, User=user_regular, IP=0:0:0:0:0:0:0:1
2026-03-16 17:04:17 [http-nio-8080-exec-19] DEBUG o.s.web.servlet.DispatcherServlet - Completed 200 OK
2026-03-16 17:04:17 [http-nio-8080-exec-17] DEBUG o.s.orm.jpa.JpaTransactionManager - Closing JPA EntityManager [SessionImpl(1607036053<open>)] after transaction
2026-03-16 17:04:17 [http-nio-8080-exec-17] DEBUG o.s.orm.jpa.JpaTransactionManager - Creating new transaction with name [com.company.project.service.informalsanction.InformalSanctionServiceImpl.getReceivedInformalSanctionList]: PROPAGATION_REQUIRED,ISOLATION_DEFAULT,readOnly
2026-03-16 17:04:17 [http-nio-8080-exec-17] DEBUG o.s.orm.jpa.JpaTransactionManager - Opened new EntityManager [SessionImpl(1146186901<open>)] for JPA transaction
2026-03-16 17:04:17 [http-nio-8080-exec-17] DEBUG o.s.orm.jpa.JpaTransactionManager - Exposing JPA transaction as JDBC [org.springframework.orm.jpa.vendor.HibernateJpaDialect$HibernateConnectionHandle@745cd3e3]
2026-03-16 17:04:17 [http-nio-8080-exec-17] DEBUG org.hibernate.SQL - select is1_0.infrml_sanctn_id,is1_0.applcnt_id,is1_0.confm_at,is1_0.frst_register_id,is1_0.frst_regist_pnttm,is1_0.job_se_code,is1_0.last_updusr_id,is1_0.last_updt_pnttm,is1_0.reqst_de,is1_0.return_resn,is1_0.sanctn_dt,is1_0.sanctner_id from ninfrmlsanctn is1_0 where is1_0.sanctner_id=?
2026-03-16 17:04:17 [http-nio-8080-exec-2] DEBUG o.s.orm.jpa.JpaTransactionManager - Closing JPA EntityManager [SessionImpl(1246824008<open>)] after transaction
2026-03-16 17:04:17 [http-nio-8080-exec-2] INFO  c.c.p.a.c.menu.MenuController - getLeftMenu returned 3 items
2026-03-16 17:04:17 [http-nio-8080-exec-2] DEBUG o.s.w.s.m.m.a.HttpEntityMethodProcessor - Using 'application/json', given [application/json, text/plain, */*] and supported [application/json, application/*+json, application/yaml]
2026-03-16 17:04:17 [http-nio-8080-exec-2] TRACE o.s.w.s.m.m.a.HttpEntityMethodProcessor - Writing [ApiResponse[success=true, status=200, code=COMMON_001, message=Success, data={list=[com.company.project.service.menu.dto.MenuDto@5e288e2f, com.company.project.service.menu.dto.MenuDto@7056c424, com.company.project.service.menu.dto.MenuDto@7b8f6238]}, timestamp=2026-03-16T17:04:17.303974]]
2026-03-16 17:04:17 [http-nio-8080-exec-2] INFO  c.c.p.a.i.OperationalAuditInterceptor - API Audit Log: URL=/api/v1/menu/left, User=user_regular, IP=0:0:0:0:0:0:0:1
2026-03-16 17:04:17 [http-nio-8080-exec-2] DEBUG o.s.web.servlet.DispatcherServlet - Completed 200 OK
2026-03-16 17:04:17 [http-nio-8080-exec-8] DEBUG o.s.orm.jpa.JpaTransactionManager - Closing JPA EntityManager [SessionImpl(1405089879<open>)] after transaction
2026-03-16 17:04:17 [http-nio-8080-exec-8] INFO  c.c.p.a.c.menu.MenuController - getLeftMenu returned 3 items
2026-03-16 17:04:17 [http-nio-8080-exec-8] DEBUG o.s.w.s.m.m.a.HttpEntityMethodProcessor - Using 'application/json', given [application/json, text/plain, */*] and supported [application/json, application/*+json, application/yaml]
2026-03-16 17:04:17 [http-nio-8080-exec-8] TRACE o.s.w.s.m.m.a.HttpEntityMethodProcessor - Writing [ApiResponse[success=true, status=200, code=COMMON_001, message=Success, data={list=[com.company.project.service.menu.dto.MenuDto@37b39dd4, com.company.project.service.menu.dto.MenuDto@4d316dbc, com.company.project.service.menu.dto.MenuDto@5cc3c594]}, timestamp=2026-03-16T17:04:17.304975700]]
2026-03-16 17:04:17 [http-nio-8080-exec-8] INFO  c.c.p.a.i.OperationalAuditInterceptor - API Audit Log: URL=/api/v1/menu/left, User=user_regular, IP=0:0:0:0:0:0:0:1
2026-03-16 17:04:17 [http-nio-8080-exec-8] DEBUG o.s.web.servlet.DispatcherServlet - Completed 200 OK
2026-03-16 17:04:17 [http-nio-8080-exec-17] DEBUG o.s.orm.jpa.JpaTransactionManager - Initiating transaction commit
2026-03-16 17:04:17 [http-nio-8080-exec-17] DEBUG o.s.orm.jpa.JpaTransactionManager - Committing JPA transaction on EntityManager [SessionImpl(1146186901<open>)]
2026-03-16 17:04:17 [http-nio-8080-exec-17] DEBUG o.s.orm.jpa.JpaTransactionManager - Closing JPA EntityManager [SessionImpl(1146186901<open>)] after transaction
2026-03-16 17:04:17 [http-nio-8080-exec-17] DEBUG o.s.w.s.m.m.a.HttpEntityMethodProcessor - Using 'application/json', given [application/json, text/plain, */*] and supported [application/json, application/*+json, application/yaml]
2026-03-16 17:04:17 [http-nio-8080-exec-17] TRACE o.s.w.s.m.m.a.HttpEntityMethodProcessor - Writing [{notiList=[com.company.project.service.board.dto.BoardDto@77aafcef], success=true, taskList=[com.company.project.service.board.dto.BoardDto@23ee6563], pendingApprovalCount=0}]
2026-03-16 17:04:17 [http-nio-8080-exec-17] INFO  c.c.p.a.i.OperationalAuditInterceptor - API Audit Log: URL=/api/v1/dashboard, User=user_regular, IP=0:0:0:0:0:0:0:1
2026-03-16 17:04:17 [http-nio-8080-exec-17] DEBUG o.s.web.servlet.DispatcherServlet - Completed 200 OK
2026-03-16 17:04:17 [http-nio-8080-exec-13] DEBUG c.c.p.s.jwt.JwtAuthenticationFilter - >>> [JwtFilter] Processing request: GET /api/v1/menu/left
2026-03-16 17:04:17 [http-nio-8080-exec-13] DEBUG c.c.p.s.jwt.JwtAuthenticationFilter - >>> [JwtFilter] Found token in header for path: /api/v1/menu/left
2026-03-16 17:04:17 [http-nio-8080-exec-13] DEBUG o.s.orm.jpa.JpaTransactionManager - Creating new transaction with name [com.company.project.security.iam.CustomUserDetailsService.loadUserByUsername]: PROPAGATION_REQUIRED,ISOLATION_DEFAULT,readOnly
2026-03-16 17:04:17 [http-nio-8080-exec-13] DEBUG o.s.orm.jpa.JpaTransactionManager - Opened new EntityManager [SessionImpl(1355716141<open>)] for JPA transaction
2026-03-16 17:04:17 [http-nio-8080-exec-10] DEBUG c.c.p.s.jwt.JwtAuthenticationFilter - >>> [JwtFilter] Processing request: GET /api/v1/auth/me
2026-03-16 17:04:17 [http-nio-8080-exec-15] DEBUG c.c.p.s.jwt.JwtAuthenticationFilter - >>> [JwtFilter] Processing request: GET /api/v1/menu/head
2026-03-16 17:04:17 [http-nio-8080-exec-10] DEBUG c.c.p.s.jwt.JwtAuthenticationFilter - >>> [JwtFilter] Found token in header for path: /api/v1/auth/me
2026-03-16 17:04:17 [http-nio-8080-exec-15] DEBUG c.c.p.s.jwt.JwtAuthenticationFilter - >>> [JwtFilter] Found token in header for path: /api/v1/menu/head
2026-03-16 17:04:17 [http-nio-8080-exec-15] DEBUG o.s.orm.jpa.JpaTransactionManager - Creating new transaction with name [com.company.project.security.iam.CustomUserDetailsService.loadUserByUsername]: PROPAGATION_REQUIRED,ISOLATION_DEFAULT,readOnly
2026-03-16 17:04:17 [http-nio-8080-exec-10] DEBUG o.s.orm.jpa.JpaTransactionManager - Creating new transaction with name [com.company.project.security.iam.CustomUserDetailsService.loadUserByUsername]: PROPAGATION_REQUIRED,ISOLATION_DEFAULT,readOnly
2026-03-16 17:04:17 [http-nio-8080-exec-15] DEBUG o.s.orm.jpa.JpaTransactionManager - Opened new EntityManager [SessionImpl(1780265952<open>)] for JPA transaction
2026-03-16 17:04:17 [http-nio-8080-exec-10] DEBUG o.s.orm.jpa.JpaTransactionManager - Opened new EntityManager [SessionImpl(835763805<open>)] for JPA transaction
2026-03-16 17:04:17 [http-nio-8080-exec-13] DEBUG o.s.orm.jpa.JpaTransactionManager - Exposing JPA transaction as JDBC [org.springframework.orm.jpa.vendor.HibernateJpaDialect$HibernateConnectionHandle@487ad8b7]
2026-03-16 17:04:17 [http-nio-8080-exec-13] DEBUG o.s.orm.jpa.JpaTransactionManager - Found thread-bound EntityManager [SessionImpl(1355716141<open>)] for JPA transaction
2026-03-16 17:04:17 [http-nio-8080-exec-13] DEBUG o.s.orm.jpa.JpaTransactionManager - Participating in existing transaction
2026-03-16 17:04:17 [http-nio-8080-exec-13] DEBUG org.hibernate.SQL - select u1_0.emplyr_id,u1_0.area_no,u1_0.brthdy,u1_0.chg_pwd_cnt,u1_0.frst_register_id,u1_0.frst_regist_pnttm,u1_0.detail_adres,u1_0.email_adres,u1_0.emplyr_sttus_code,u1_0.empl_no,u1_0.esntl_id,u1_0.fxnum,u1_0.group_id,u1_0.house_adres,u1_0.house_end_telno,u1_0.house_middle_telno,u1_0.ihidnum,u1_0.pstinst_code,u1_0.last_updusr_id,u1_0.last_updt_pnttm,u1_0.lock_at,u1_0.lock_cnt,u1_0.lock_last_pnttm,u1_0.mbtlnum,u1_0.ofcps_nm,u1_0.offm_telno,u1_0.orgnzt_id,u1_0.password,u1_0.password_cnsr,u1_0.password_hint,u1_0.chg_pwd_last_pnttm,u1_0.role,u1_0.sbscrb_de,u1_0.sexdstn_code,u1_0.crtfc_dn_value,u1_0.user_nm,u1_0.zip from nemplyrinfo u1_0 where u1_0.emplyr_id=?
2026-03-16 17:04:17 [http-nio-8080-exec-15] DEBUG o.s.orm.jpa.JpaTransactionManager - Exposing JPA transaction as JDBC [org.springframework.orm.jpa.vendor.HibernateJpaDialect$HibernateConnectionHandle@5acebec1]
2026-03-16 17:04:17 [http-nio-8080-exec-10] DEBUG o.s.orm.jpa.JpaTransactionManager - Exposing JPA transaction as JDBC [org.springframework.orm.jpa.vendor.HibernateJpaDialect$HibernateConnectionHandle@25eb3303]
2026-03-16 17:04:17 [http-nio-8080-exec-15] DEBUG o.s.orm.jpa.JpaTransactionManager - Found thread-bound EntityManager [SessionImpl(1780265952<open>)] for JPA transaction
2026-03-16 17:04:17 [http-nio-8080-exec-10] DEBUG o.s.orm.jpa.JpaTransactionManager - Found thread-bound EntityManager [SessionImpl(835763805<open>)] for JPA transaction
2026-03-16 17:04:17 [http-nio-8080-exec-15] DEBUG o.s.orm.jpa.JpaTransactionManager - Participating in existing transaction
2026-03-16 17:04:17 [http-nio-8080-exec-10] DEBUG o.s.orm.jpa.JpaTransactionManager - Participating in existing transaction
2026-03-16 17:04:17 [http-nio-8080-exec-15] DEBUG org.hibernate.SQL - select u1_0.emplyr_id,u1_0.area_no,u1_0.brthdy,u1_0.chg_pwd_cnt,u1_0.frst_register_id,u1_0.frst_regist_pnttm,u1_0.detail_adres,u1_0.email_adres,u1_0.emplyr_sttus_code,u1_0.empl_no,u1_0.esntl_id,u1_0.fxnum,u1_0.group_id,u1_0.house_adres,u1_0.house_end_telno,u1_0.house_middle_telno,u1_0.ihidnum,u1_0.pstinst_code,u1_0.last_updusr_id,u1_0.last_updt_pnttm,u1_0.lock_at,u1_0.lock_cnt,u1_0.lock_last_pnttm,u1_0.mbtlnum,u1_0.ofcps_nm,u1_0.offm_telno,u1_0.orgnzt_id,u1_0.password,u1_0.password_cnsr,u1_0.password_hint,u1_0.chg_pwd_last_pnttm,u1_0.role,u1_0.sbscrb_de,u1_0.sexdstn_code,u1_0.crtfc_dn_value,u1_0.user_nm,u1_0.zip from nemplyrinfo u1_0 where u1_0.emplyr_id=?
2026-03-16 17:04:17 [http-nio-8080-exec-10] DEBUG org.hibernate.SQL - select u1_0.emplyr_id,u1_0.area_no,u1_0.brthdy,u1_0.chg_pwd_cnt,u1_0.frst_register_id,u1_0.frst_regist_pnttm,u1_0.detail_adres,u1_0.email_adres,u1_0.emplyr_sttus_code,u1_0.empl_no,u1_0.esntl_id,u1_0.fxnum,u1_0.group_id,u1_0.house_adres,u1_0.house_end_telno,u1_0.house_middle_telno,u1_0.ihidnum,u1_0.pstinst_code,u1_0.last_updusr_id,u1_0.last_updt_pnttm,u1_0.lock_at,u1_0.lock_cnt,u1_0.lock_last_pnttm,u1_0.mbtlnum,u1_0.ofcps_nm,u1_0.offm_telno,u1_0.orgnzt_id,u1_0.password,u1_0.password_cnsr,u1_0.password_hint,u1_0.chg_pwd_last_pnttm,u1_0.role,u1_0.sbscrb_de,u1_0.sexdstn_code,u1_0.crtfc_dn_value,u1_0.user_nm,u1_0.zip from nemplyrinfo u1_0 where u1_0.emplyr_id=?
2026-03-16 17:04:18 [http-nio-8080-exec-13] DEBUG o.s.orm.jpa.JpaTransactionManager - Found thread-bound EntityManager [SessionImpl(1355716141<open>)] for JPA transaction
2026-03-16 17:04:18 [http-nio-8080-exec-13] DEBUG o.s.orm.jpa.JpaTransactionManager - Participating in existing transaction
2026-03-16 17:04:18 [http-nio-8080-exec-13] DEBUG org.hibernate.SQL - select ua1_0.scrty_dtrmn_trget_id,ua1_0.author_code,ua1_0.frst_register_id,ua1_0.frst_regist_pnttm,ua1_0.last_updusr_id,ua1_0.last_updt_pnttm,ua1_0.mber_ty_code from nemplyrscrtyestbs ua1_0 where ua1_0.scrty_dtrmn_trget_id=?
2026-03-16 17:04:18 [http-nio-8080-exec-15] DEBUG o.s.orm.jpa.JpaTransactionManager - Found thread-bound EntityManager [SessionImpl(1780265952<open>)] for JPA transaction
2026-03-16 17:04:18 [http-nio-8080-exec-10] DEBUG o.s.orm.jpa.JpaTransactionManager - Found thread-bound EntityManager [SessionImpl(835763805<open>)] for JPA transaction
2026-03-16 17:04:18 [http-nio-8080-exec-15] DEBUG o.s.orm.jpa.JpaTransactionManager - Participating in existing transaction
2026-03-16 17:04:18 [http-nio-8080-exec-10] DEBUG o.s.orm.jpa.JpaTransactionManager - Participating in existing transaction
2026-03-16 17:04:18 [http-nio-8080-exec-10] DEBUG org.hibernate.SQL - select ua1_0.scrty_dtrmn_trget_id,ua1_0.author_code,ua1_0.frst_register_id,ua1_0.frst_regist_pnttm,ua1_0.last_updusr_id,ua1_0.last_updt_pnttm,ua1_0.mber_ty_code from nemplyrscrtyestbs ua1_0 where ua1_0.scrty_dtrmn_trget_id=?
2026-03-16 17:04:18 [http-nio-8080-exec-15] DEBUG org.hibernate.SQL - select ua1_0.scrty_dtrmn_trget_id,ua1_0.author_code,ua1_0.frst_register_id,ua1_0.frst_regist_pnttm,ua1_0.last_updusr_id,ua1_0.last_updt_pnttm,ua1_0.mber_ty_code from nemplyrscrtyestbs ua1_0 where ua1_0.scrty_dtrmn_trget_id=?
2026-03-16 17:04:18 [http-nio-8080-exec-13] DEBUG o.s.orm.jpa.JpaTransactionManager - Initiating transaction commit
2026-03-16 17:04:18 [http-nio-8080-exec-13] DEBUG o.s.orm.jpa.JpaTransactionManager - Committing JPA transaction on EntityManager [SessionImpl(1355716141<open>)]
2026-03-16 17:04:18 [http-nio-8080-exec-15] DEBUG o.s.orm.jpa.JpaTransactionManager - Initiating transaction commit
2026-03-16 17:04:18 [http-nio-8080-exec-10] DEBUG o.s.orm.jpa.JpaTransactionManager - Initiating transaction commit
2026-03-16 17:04:18 [http-nio-8080-exec-15] DEBUG o.s.orm.jpa.JpaTransactionManager - Committing JPA transaction on EntityManager [SessionImpl(1780265952<open>)]
2026-03-16 17:04:18 [http-nio-8080-exec-10] DEBUG o.s.orm.jpa.JpaTransactionManager - Committing JPA transaction on EntityManager [SessionImpl(835763805<open>)]
2026-03-16 17:04:18 [http-nio-8080-exec-13] DEBUG o.s.orm.jpa.JpaTransactionManager - Closing JPA EntityManager [SessionImpl(1355716141<open>)] after transaction
2026-03-16 17:04:18 [http-nio-8080-exec-13] DEBUG c.c.p.s.jwt.JwtAuthenticationFilter - >>> [JwtFilter] Successfully authenticated user: USRCNFRM_00000000002, Authorities: [ROLE_USER]
2026-03-16 17:04:18 [http-nio-8080-exec-13] DEBUG o.s.web.servlet.DispatcherServlet - GET "/api/v1/menu/left?menuNo=10", parameters={masked}
2026-03-16 17:04:18 [http-nio-8080-exec-13] TRACE o.s.w.s.m.m.a.RequestMappingHandlerMapping - Mapped to com.company.project.api.controller.menu.MenuController#getLeftMenu(Long)
2026-03-16 17:04:18 [http-nio-8080-exec-13] INFO  c.c.p.a.c.menu.MenuController - getLeftMenu called with menuNo=10
2026-03-16 17:04:18 [http-nio-8080-exec-13] DEBUG o.s.orm.jpa.JpaTransactionManager - Creating new transaction with name [com.company.project.service.menu.MenuService.getSubMenus]: PROPAGATION_REQUIRED,ISOLATION_DEFAULT,readOnly
2026-03-16 17:04:18 [http-nio-8080-exec-13] DEBUG o.s.orm.jpa.JpaTransactionManager - Opened new EntityManager [SessionImpl(1520043255<open>)] for JPA transaction
2026-03-16 17:04:18 [http-nio-8080-exec-13] DEBUG o.s.orm.jpa.JpaTransactionManager - Exposing JPA transaction as JDBC [org.springframework.orm.jpa.vendor.HibernateJpaDialect$HibernateConnectionHandle@6677c970]
2026-03-16 17:04:18 [http-nio-8080-exec-13] DEBUG org.hibernate.SQL - select m1_0.menu_no,m1_0.menu_dc,m1_0.menu_nm,m1_0.menu_ordr,m1_0.modern_route,m1_0.progrm_file_nm,m1_0.relate_image_nm,m1_0.relate_image_path,m1_0.route_updated_at,m1_0.upper_menu_no from nmenuinfo m1_0 order by m1_0.upper_menu_no,m1_0.menu_ordr
2026-03-16 17:04:18 [http-nio-8080-exec-15] DEBUG o.s.orm.jpa.JpaTransactionManager - Closing JPA EntityManager [SessionImpl(1780265952<open>)] after transaction
2026-03-16 17:04:18 [http-nio-8080-exec-10] DEBUG o.s.orm.jpa.JpaTransactionManager - Closing JPA EntityManager [SessionImpl(835763805<open>)] after transaction
2026-03-16 17:04:18 [http-nio-8080-exec-15] DEBUG c.c.p.s.jwt.JwtAuthenticationFilter - >>> [JwtFilter] Successfully authenticated user: USRCNFRM_00000000002, Authorities: [ROLE_USER]
2026-03-16 17:04:18 [http-nio-8080-exec-10] DEBUG c.c.p.s.jwt.JwtAuthenticationFilter - >>> [JwtFilter] Successfully authenticated user: USRCNFRM_00000000002, Authorities: [ROLE_USER]
2026-03-16 17:04:18 [http-nio-8080-exec-15] DEBUG o.s.web.servlet.DispatcherServlet - GET "/api/v1/menu/head", parameters={}
2026-03-16 17:04:18 [http-nio-8080-exec-10] DEBUG o.s.web.servlet.DispatcherServlet - GET "/api/v1/auth/me", parameters={}
2026-03-16 17:04:18 [http-nio-8080-exec-15] TRACE o.s.w.s.m.m.a.RequestMappingHandlerMapping - Mapped to com.company.project.api.controller.menu.MenuController#getHeadMenu()
2026-03-16 17:04:18 [http-nio-8080-exec-10] TRACE o.s.w.s.m.m.a.RequestMappingHandlerMapping - Mapped to com.company.project.api.auth.AuthController#getCurrentUser()
2026-03-16 17:04:18 [http-nio-8080-exec-15] INFO  c.c.p.a.c.menu.MenuController - getHeadMenu called
2026-03-16 17:04:18 [http-nio-8080-exec-15] INFO  c.c.p.a.c.menu.MenuController - getHeadMenu returned 5 items
2026-03-16 17:04:18 [http-nio-8080-exec-10] DEBUG o.s.w.s.m.m.a.RequestResponseBodyMethodProcessor - Using 'application/json', given [application/json, text/plain, */*] and supported [application/json, application/*+json, application/yaml]
2026-03-16 17:04:18 [http-nio-8080-exec-15] DEBUG o.s.w.s.m.m.a.HttpEntityMethodProcessor - Using 'application/json', given [application/json, text/plain, */*] and supported [application/json, application/*+json, application/yaml]
2026-03-16 17:04:18 [http-nio-8080-exec-10] TRACE o.s.w.s.m.m.a.RequestResponseBodyMethodProcessor - Writing [ApiResponse[success=true, status=200, code=COMMON_001, message=Success, data={role=ROLE_USER, userSe=USR, name=일반사용자, id=user_regular}, timestamp=2026-03-16T17:04:18.444832]]
2026-03-16 17:04:18 [http-nio-8080-exec-15] TRACE o.s.w.s.m.m.a.HttpEntityMethodProcessor - Writing [ApiResponse[success=true, status=200, code=COMMON_001, message=Success, data={list=[com.company.project.service.menu.dto.MenuDto@4839fef0, com.company.project.service.menu.dto.MenuDto@1c69c1c2, com.company.project.service.menu.dto.MenuDto@6f5d2c3d, com.company.project.service.menu.dto.MenuDto@6314b47d, com.company.project.service.menu.dto.MenuDto@645d0891]}, timestamp=2026-03-16T17:04:18.444832]]
2026-03-16 17:04:18 [http-nio-8080-exec-15] INFO  c.c.p.a.i.OperationalAuditInterceptor - API Audit Log: URL=/api/v1/menu/head, User=user_regular, IP=127.0.0.1
2026-03-16 17:04:18 [http-nio-8080-exec-15] DEBUG o.s.web.servlet.DispatcherServlet - Completed 200 OK
2026-03-16 17:04:18 [http-nio-8080-exec-10] INFO  c.c.p.a.i.OperationalAuditInterceptor - API Audit Log: URL=/api/v1/auth/me, User=user_regular, IP=127.0.0.1
2026-03-16 17:04:18 [http-nio-8080-exec-10] DEBUG o.s.web.servlet.DispatcherServlet - Completed 200 OK
2026-03-16 17:04:18 [http-nio-8080-exec-9] DEBUG c.c.p.s.jwt.JwtAuthenticationFilter - >>> [JwtFilter] Processing request: GET /api/v1/dashboard
2026-03-16 17:04:18 [http-nio-8080-exec-3] DEBUG c.c.p.s.jwt.JwtAuthenticationFilter - >>> [JwtFilter] Processing request: GET /api/v1/menu/head
2026-03-16 17:04:18 [http-nio-8080-exec-9] DEBUG c.c.p.s.jwt.JwtAuthenticationFilter - >>> [JwtFilter] Found token in header for path: /api/v1/dashboard
2026-03-16 17:04:18 [http-nio-8080-exec-3] DEBUG c.c.p.s.jwt.JwtAuthenticationFilter - >>> [JwtFilter] Found token in header for path: /api/v1/menu/head
2026-03-16 17:04:18 [http-nio-8080-exec-3] DEBUG o.s.orm.jpa.JpaTransactionManager - Creating new transaction with name [com.company.project.security.iam.CustomUserDetailsService.loadUserByUsername]: PROPAGATION_REQUIRED,ISOLATION_DEFAULT,readOnly
2026-03-16 17:04:18 [http-nio-8080-exec-9] DEBUG o.s.orm.jpa.JpaTransactionManager - Creating new transaction with name [com.company.project.security.iam.CustomUserDetailsService.loadUserByUsername]: PROPAGATION_REQUIRED,ISOLATION_DEFAULT,readOnly
2026-03-16 17:04:18 [http-nio-8080-exec-3] DEBUG o.s.orm.jpa.JpaTransactionManager - Opened new EntityManager [SessionImpl(558551482<open>)] for JPA transaction
2026-03-16 17:04:18 [http-nio-8080-exec-9] DEBUG o.s.orm.jpa.JpaTransactionManager - Opened new EntityManager [SessionImpl(1466606282<open>)] for JPA transaction
2026-03-16 17:04:18 [http-nio-8080-exec-9] DEBUG o.s.orm.jpa.JpaTransactionManager - Exposing JPA transaction as JDBC [org.springframework.orm.jpa.vendor.HibernateJpaDialect$HibernateConnectionHandle@51328c25]
2026-03-16 17:04:18 [http-nio-8080-exec-3] DEBUG o.s.orm.jpa.JpaTransactionManager - Exposing JPA transaction as JDBC [org.springframework.orm.jpa.vendor.HibernateJpaDialect$HibernateConnectionHandle@59e01007]
2026-03-16 17:04:18 [http-nio-8080-exec-9] DEBUG o.s.orm.jpa.JpaTransactionManager - Found thread-bound EntityManager [SessionImpl(1466606282<open>)] for JPA transaction
2026-03-16 17:04:18 [http-nio-8080-exec-3] DEBUG o.s.orm.jpa.JpaTransactionManager - Found thread-bound EntityManager [SessionImpl(558551482<open>)] for JPA transaction
2026-03-16 17:04:18 [http-nio-8080-exec-9] DEBUG o.s.orm.jpa.JpaTransactionManager - Participating in existing transaction
2026-03-16 17:04:18 [http-nio-8080-exec-3] DEBUG o.s.orm.jpa.JpaTransactionManager - Participating in existing transaction
2026-03-16 17:04:18 [http-nio-8080-exec-3] DEBUG org.hibernate.SQL - select u1_0.emplyr_id,u1_0.area_no,u1_0.brthdy,u1_0.chg_pwd_cnt,u1_0.frst_register_id,u1_0.frst_regist_pnttm,u1_0.detail_adres,u1_0.email_adres,u1_0.emplyr_sttus_code,u1_0.empl_no,u1_0.esntl_id,u1_0.fxnum,u1_0.group_id,u1_0.house_adres,u1_0.house_end_telno,u1_0.house_middle_telno,u1_0.ihidnum,u1_0.pstinst_code,u1_0.last_updusr_id,u1_0.last_updt_pnttm,u1_0.lock_at,u1_0.lock_cnt,u1_0.lock_last_pnttm,u1_0.mbtlnum,u1_0.ofcps_nm,u1_0.offm_telno,u1_0.orgnzt_id,u1_0.password,u1_0.password_cnsr,u1_0.password_hint,u1_0.chg_pwd_last_pnttm,u1_0.role,u1_0.sbscrb_de,u1_0.sexdstn_code,u1_0.crtfc_dn_value,u1_0.user_nm,u1_0.zip from nemplyrinfo u1_0 where u1_0.emplyr_id=?
2026-03-16 17:04:18 [http-nio-8080-exec-9] DEBUG org.hibernate.SQL - select u1_0.emplyr_id,u1_0.area_no,u1_0.brthdy,u1_0.chg_pwd_cnt,u1_0.frst_register_id,u1_0.frst_regist_pnttm,u1_0.detail_adres,u1_0.email_adres,u1_0.emplyr_sttus_code,u1_0.empl_no,u1_0.esntl_id,u1_0.fxnum,u1_0.group_id,u1_0.house_adres,u1_0.house_end_telno,u1_0.house_middle_telno,u1_0.ihidnum,u1_0.pstinst_code,u1_0.last_updusr_id,u1_0.last_updt_pnttm,u1_0.lock_at,u1_0.lock_cnt,u1_0.lock_last_pnttm,u1_0.mbtlnum,u1_0.ofcps_nm,u1_0.offm_telno,u1_0.orgnzt_id,u1_0.password,u1_0.password_cnsr,u1_0.password_hint,u1_0.chg_pwd_last_pnttm,u1_0.role,u1_0.sbscrb_de,u1_0.sexdstn_code,u1_0.crtfc_dn_value,u1_0.user_nm,u1_0.zip from nemplyrinfo u1_0 where u1_0.emplyr_id=?
2026-03-16 17:04:18 [http-nio-8080-exec-13] DEBUG o.s.orm.jpa.JpaTransactionManager - Found thread-bound EntityManager [SessionImpl(1520043255<open>)] for JPA transaction
2026-03-16 17:04:18 [http-nio-8080-exec-13] DEBUG o.s.orm.jpa.JpaTransactionManager - Participating in existing transaction
2026-03-16 17:04:18 [http-nio-8080-exec-13] DEBUG org.hibernate.SQL - select p1_0.progrm_file_nm,p1_0.progrm_dc,p1_0.progrm_korean_nm,p1_0.progrm_stre_path,p1_0.url from nprogrmlist p1_0
2026-03-16 17:04:18 [http-nio-8080-exec-3] DEBUG o.s.orm.jpa.JpaTransactionManager - Found thread-bound EntityManager [SessionImpl(558551482<open>)] for JPA transaction
2026-03-16 17:04:18 [http-nio-8080-exec-3] DEBUG o.s.orm.jpa.JpaTransactionManager - Participating in existing transaction
2026-03-16 17:04:18 [http-nio-8080-exec-3] DEBUG org.hibernate.SQL - select ua1_0.scrty_dtrmn_trget_id,ua1_0.author_code,ua1_0.frst_register_id,ua1_0.frst_regist_pnttm,ua1_0.last_updusr_id,ua1_0.last_updt_pnttm,ua1_0.mber_ty_code from nemplyrscrtyestbs ua1_0 where ua1_0.scrty_dtrmn_trget_id=?
2026-03-16 17:04:18 [http-nio-8080-exec-9] DEBUG o.s.orm.jpa.JpaTransactionManager - Found thread-bound EntityManager [SessionImpl(1466606282<open>)] for JPA transaction
2026-03-16 17:04:18 [http-nio-8080-exec-9] DEBUG o.s.orm.jpa.JpaTransactionManager - Participating in existing transaction
2026-03-16 17:04:18 [http-nio-8080-exec-9] DEBUG org.hibernate.SQL - select ua1_0.scrty_dtrmn_trget_id,ua1_0.author_code,ua1_0.frst_register_id,ua1_0.frst_regist_pnttm,ua1_0.last_updusr_id,ua1_0.last_updt_pnttm,ua1_0.mber_ty_code from nemplyrscrtyestbs ua1_0 where ua1_0.scrty_dtrmn_trget_id=?
2026-03-16 17:04:18 [http-nio-8080-exec-13] DEBUG o.s.orm.jpa.JpaTransactionManager - Initiating transaction commit
2026-03-16 17:04:18 [http-nio-8080-exec-13] DEBUG o.s.orm.jpa.JpaTransactionManager - Committing JPA transaction on EntityManager [SessionImpl(1520043255<open>)]
2026-03-16 17:04:18 [http-nio-8080-exec-9] DEBUG o.s.orm.jpa.JpaTransactionManager - Initiating transaction commit
2026-03-16 17:04:18 [http-nio-8080-exec-3] DEBUG o.s.orm.jpa.JpaTransactionManager - Initiating transaction commit
2026-03-16 17:04:18 [http-nio-8080-exec-9] DEBUG o.s.orm.jpa.JpaTransactionManager - Committing JPA transaction on EntityManager [SessionImpl(1466606282<open>)]
2026-03-16 17:04:18 [http-nio-8080-exec-3] DEBUG o.s.orm.jpa.JpaTransactionManager - Committing JPA transaction on EntityManager [SessionImpl(558551482<open>)]
2026-03-16 17:04:19 [http-nio-8080-exec-13] DEBUG o.s.orm.jpa.JpaTransactionManager - Closing JPA EntityManager [SessionImpl(1520043255<open>)] after transaction
2026-03-16 17:04:19 [http-nio-8080-exec-13] INFO  c.c.p.a.c.menu.MenuController - getLeftMenu returned 5 items
2026-03-16 17:04:19 [http-nio-8080-exec-13] DEBUG o.s.w.s.m.m.a.HttpEntityMethodProcessor - Using 'application/json', given [application/json, text/plain, */*] and supported [application/json, application/*+json, application/yaml]
2026-03-16 17:04:19 [http-nio-8080-exec-13] TRACE o.s.w.s.m.m.a.HttpEntityMethodProcessor - Writing [ApiResponse[success=true, status=200, code=COMMON_001, message=Success, data={list=[com.company.project.service.menu.dto.MenuDto@5cf0bdd5, com.company.project.service.menu.dto.MenuDto@937a77b, com.company.project.service.menu.dto.MenuDto@4141eb67, com.company.project.service.menu.dto.MenuDto@cecc9cf, com.company.project.service.menu.dto.MenuDto@552bd392]}, timestamp=2026-03-16T17:04:19.026882500]]
2026-03-16 17:04:19 [http-nio-8080-exec-13] INFO  c.c.p.a.i.OperationalAuditInterceptor - API Audit Log: URL=/api/v1/menu/left, User=user_regular, IP=127.0.0.1
2026-03-16 17:04:19 [http-nio-8080-exec-13] DEBUG o.s.web.servlet.DispatcherServlet - Completed 200 OK
2026-03-16 17:04:19 [http-nio-8080-exec-3] DEBUG o.s.orm.jpa.JpaTransactionManager - Closing JPA EntityManager [SessionImpl(558551482<open>)] after transaction
2026-03-16 17:04:19 [http-nio-8080-exec-9] DEBUG o.s.orm.jpa.JpaTransactionManager - Closing JPA EntityManager [SessionImpl(1466606282<open>)] after transaction
2026-03-16 17:04:19 [http-nio-8080-exec-3] DEBUG c.c.p.s.jwt.JwtAuthenticationFilter - >>> [JwtFilter] Successfully authenticated user: USRCNFRM_00000000002, Authorities: [ROLE_USER]
2026-03-16 17:04:19 [http-nio-8080-exec-9] DEBUG c.c.p.s.jwt.JwtAuthenticationFilter - >>> [JwtFilter] Successfully authenticated user: USRCNFRM_00000000002, Authorities: [ROLE_USER]
2026-03-16 17:04:19 [http-nio-8080-exec-3] DEBUG o.s.web.servlet.DispatcherServlet - GET "/api/v1/menu/head", parameters={}
2026-03-16 17:04:19 [http-nio-8080-exec-9] DEBUG o.s.web.servlet.DispatcherServlet - GET "/api/v1/dashboard", parameters={}
2026-03-16 17:04:19 [http-nio-8080-exec-3] TRACE o.s.w.s.m.m.a.RequestMappingHandlerMapping - Mapped to com.company.project.api.controller.menu.MenuController#getHeadMenu()
2026-03-16 17:04:19 [http-nio-8080-exec-9] TRACE o.s.w.s.m.m.a.RequestMappingHandlerMapping - Mapped to com.company.project.api.controller.main.DashboardController#getDashboardData(UserDetails)
2026-03-16 17:04:19 [http-nio-8080-exec-3] INFO  c.c.p.a.c.menu.MenuController - getHeadMenu called
2026-03-16 17:04:19 [http-nio-8080-exec-9] INFO  c.c.p.a.c.main.DashboardController - >>> [Dashboard] Fetching data for user: USRCNFRM_00000000002
2026-03-16 17:04:19 [http-nio-8080-exec-9] DEBUG o.s.orm.jpa.JpaTransactionManager - Creating new transaction with name [com.company.project.service.board.BoardService.getBoardPosts]: PROPAGATION_REQUIRED,ISOLATION_DEFAULT,readOnly
2026-03-16 17:04:19 [http-nio-8080-exec-3] INFO  c.c.p.a.c.menu.MenuController - getHeadMenu returned 5 items
2026-03-16 17:04:19 [http-nio-8080-exec-9] DEBUG o.s.orm.jpa.JpaTransactionManager - Opened new EntityManager [SessionImpl(681354936<open>)] for JPA transaction
2026-03-16 17:04:19 [http-nio-8080-exec-9] DEBUG o.s.orm.jpa.JpaTransactionManager - Exposing JPA transaction as JDBC [org.springframework.orm.jpa.vendor.HibernateJpaDialect$HibernateConnectionHandle@6b9caad6]
2026-03-16 17:04:19 [http-nio-8080-exec-3] DEBUG o.s.w.s.m.m.a.HttpEntityMethodProcessor - Using 'application/json', given [application/json, text/plain, */*] and supported [application/json, application/*+json, application/yaml]
2026-03-16 17:04:19 [http-nio-8080-exec-3] TRACE o.s.w.s.m.m.a.HttpEntityMethodProcessor - Writing [ApiResponse[success=true, status=200, code=COMMON_001, message=Success, data={list=[com.company.project.service.menu.dto.MenuDto@4839fef0, com.company.project.service.menu.dto.MenuDto@1c69c1c2, com.company.project.service.menu.dto.MenuDto@6f5d2c3d, com.company.project.service.menu.dto.MenuDto@6314b47d, com.company.project.service.menu.dto.MenuDto@645d0891]}, timestamp=2026-03-16T17:04:19.074817500]]
2026-03-16 17:04:19 [http-nio-8080-exec-9] DEBUG o.s.orm.jpa.JpaTransactionManager - Found thread-bound EntityManager [SessionImpl(681354936<open>)] for JPA transaction
2026-03-16 17:04:19 [http-nio-8080-exec-9] DEBUG o.s.orm.jpa.JpaTransactionManager - Participating in existing transaction
2026-03-16 17:04:19 [http-nio-8080-exec-9] DEBUG org.hibernate.SQL - select bm1_0.bbs_id,bm1_0.atch_posbl_file_number,bm1_0.atch_posbl_file_size,bm1_0.bbs_attrb_code,bm1_0.bbs_intrcn,bm1_0.bbs_nm,bm1_0.bbs_ty_code,bm1_0.blog_at,bm1_0.blog_id,bm1_0.cmmnty_id,bm1_0.frst_register_id,bm1_0.frst_regist_pnttm,bm1_0.file_atch_posbl_at,bm1_0.last_updusr_id,bm1_0.last_updt_pnttm,bm1_0.reply_posbl_at,bm1_0.tmplat_id,bm1_0.use_at,bm1_1.answer_at,bm1_1.stsfdg_at from nbbsmaster bm1_0 left join nbbsmasteroptn bm1_1 on bm1_0.bbs_id=bm1_1.bbs_id where bm1_0.bbs_id=?
2026-03-16 17:04:19 [http-nio-8080-exec-3] INFO  c.c.p.a.i.OperationalAuditInterceptor - API Audit Log: URL=/api/v1/menu/head, User=user_regular, IP=0:0:0:0:0:0:0:1
2026-03-16 17:04:19 [http-nio-8080-exec-3] DEBUG o.s.web.servlet.DispatcherServlet - Completed 200 OK
2026-03-16 17:04:19 [http-nio-8080-exec-2] DEBUG c.c.p.s.jwt.JwtAuthenticationFilter - >>> [JwtFilter] Processing request: GET /api/v1/menu/left
2026-03-16 17:04:19 [http-nio-8080-exec-17] DEBUG c.c.p.s.jwt.JwtAuthenticationFilter - >>> [JwtFilter] Processing request: GET /api/v1/menu/left
2026-03-16 17:04:19 [http-nio-8080-exec-12] DEBUG c.c.p.s.jwt.JwtAuthenticationFilter - >>> [JwtFilter] Processing request: GET /api/v1/menu/left
2026-03-16 17:04:19 [http-nio-8080-exec-2] DEBUG c.c.p.s.jwt.JwtAuthenticationFilter - >>> [JwtFilter] Found token in header for path: /api/v1/menu/left
2026-03-16 17:04:19 [http-nio-8080-exec-8] DEBUG c.c.p.s.jwt.JwtAuthenticationFilter - >>> [JwtFilter] Processing request: GET /api/v1/menu/left
2026-03-16 17:04:19 [http-nio-8080-exec-17] DEBUG c.c.p.s.jwt.JwtAuthenticationFilter - >>> [JwtFilter] Found token in header for path: /api/v1/menu/left
2026-03-16 17:04:19 [http-nio-8080-exec-19] DEBUG c.c.p.s.jwt.JwtAuthenticationFilter - >>> [JwtFilter] Processing request: GET /api/v1/menu/left
2026-03-16 17:04:19 [http-nio-8080-exec-19] DEBUG c.c.p.s.jwt.JwtAuthenticationFilter - >>> [JwtFilter] Found token in header for path: /api/v1/menu/left
2026-03-16 17:04:19 [http-nio-8080-exec-12] DEBUG c.c.p.s.jwt.JwtAuthenticationFilter - >>> [JwtFilter] Found token in header for path: /api/v1/menu/left
2026-03-16 17:04:19 [http-nio-8080-exec-8] DEBUG c.c.p.s.jwt.JwtAuthenticationFilter - >>> [JwtFilter] Found token in header for path: /api/v1/menu/left
2026-03-16 17:04:19 [http-nio-8080-exec-17] DEBUG o.s.orm.jpa.JpaTransactionManager - Creating new transaction with name [com.company.project.security.iam.CustomUserDetailsService.loadUserByUsername]: PROPAGATION_REQUIRED,ISOLATION_DEFAULT,readOnly
2026-03-16 17:04:19 [http-nio-8080-exec-8] DEBUG o.s.orm.jpa.JpaTransactionManager - Creating new transaction with name [com.company.project.security.iam.CustomUserDetailsService.loadUserByUsername]: PROPAGATION_REQUIRED,ISOLATION_DEFAULT,readOnly
2026-03-16 17:04:19 [http-nio-8080-exec-17] DEBUG o.s.orm.jpa.JpaTransactionManager - Opened new EntityManager [SessionImpl(207520711<open>)] for JPA transaction
2026-03-16 17:04:19 [http-nio-8080-exec-8] DEBUG o.s.orm.jpa.JpaTransactionManager - Opened new EntityManager [SessionImpl(2127671774<open>)] for JPA transaction
2026-03-16 17:04:19 [http-nio-8080-exec-12] DEBUG o.s.orm.jpa.JpaTransactionManager - Creating new transaction with name [com.company.project.security.iam.CustomUserDetailsService.loadUserByUsername]: PROPAGATION_REQUIRED,ISOLATION_DEFAULT,readOnly
2026-03-16 17:04:19 [http-nio-8080-exec-17] DEBUG o.s.orm.jpa.JpaTransactionManager - Exposing JPA transaction as JDBC [org.springframework.orm.jpa.vendor.HibernateJpaDialect$HibernateConnectionHandle@23831569]
2026-03-16 17:04:19 [http-nio-8080-exec-2] DEBUG o.s.orm.jpa.JpaTransactionManager - Creating new transaction with name [com.company.project.security.iam.CustomUserDetailsService.loadUserByUsername]: PROPAGATION_REQUIRED,ISOLATION_DEFAULT,readOnly
2026-03-16 17:04:19 [http-nio-8080-exec-19] DEBUG o.s.orm.jpa.JpaTransactionManager - Creating new transaction with name [com.company.project.security.iam.CustomUserDetailsService.loadUserByUsername]: PROPAGATION_REQUIRED,ISOLATION_DEFAULT,readOnly
2026-03-16 17:04:19 [http-nio-8080-exec-17] DEBUG o.s.orm.jpa.JpaTransactionManager - Found thread-bound EntityManager [SessionImpl(207520711<open>)] for JPA transaction
2026-03-16 17:04:19 [http-nio-8080-exec-2] DEBUG o.s.orm.jpa.JpaTransactionManager - Opened new EntityManager [SessionImpl(1620425875<open>)] for JPA transaction
2026-03-16 17:04:19 [http-nio-8080-exec-12] DEBUG o.s.orm.jpa.JpaTransactionManager - Opened new EntityManager [SessionImpl(1248500030<open>)] for JPA transaction
2026-03-16 17:04:19 [http-nio-8080-exec-19] DEBUG o.s.orm.jpa.JpaTransactionManager - Opened new EntityManager [SessionImpl(197523385<open>)] for JPA transaction
2026-03-16 17:04:19 [http-nio-8080-exec-17] DEBUG o.s.orm.jpa.JpaTransactionManager - Participating in existing transaction
2026-03-16 17:04:19 [http-nio-8080-exec-17] DEBUG org.hibernate.SQL - select u1_0.emplyr_id,u1_0.area_no,u1_0.brthdy,u1_0.chg_pwd_cnt,u1_0.frst_register_id,u1_0.frst_regist_pnttm,u1_0.detail_adres,u1_0.email_adres,u1_0.emplyr_sttus_code,u1_0.empl_no,u1_0.esntl_id,u1_0.fxnum,u1_0.group_id,u1_0.house_adres,u1_0.house_end_telno,u1_0.house_middle_telno,u1_0.ihidnum,u1_0.pstinst_code,u1_0.last_updusr_id,u1_0.last_updt_pnttm,u1_0.lock_at,u1_0.lock_cnt,u1_0.lock_last_pnttm,u1_0.mbtlnum,u1_0.ofcps_nm,u1_0.offm_telno,u1_0.orgnzt_id,u1_0.password,u1_0.password_cnsr,u1_0.password_hint,u1_0.chg_pwd_last_pnttm,u1_0.role,u1_0.sbscrb_de,u1_0.sexdstn_code,u1_0.crtfc_dn_value,u1_0.user_nm,u1_0.zip from nemplyrinfo u1_0 where u1_0.emplyr_id=?
2026-03-16 17:04:19 [http-nio-8080-exec-9] DEBUG org.hibernate.SQL - select b1_0.ntt_id,b1_0.bbs_id,b1_0.ntt_sj,b1_0.ntcr_nm,b1_0.frst_regist_pnttm,b1_0.rdcnt,b1_0.answer_at,b1_0.parntsctt_no,b1_0.answer_lc,b1_0.sort_ordr,b1_0.ntt_no,b1_0.notice_at,b1_0.secret_at,b1_0.comment_co from nbbs b1_0 left join nemplyrinfo u1_0 on b1_0.frst_register_id=u1_0.esntl_id where (b1_0.use_at = 'Y') and b1_0.bbs_id=? order by b1_0.sort_ordr desc,b1_0.ntt_no offset ? rows fetch first ? rows only
2026-03-16 17:04:19 [http-nio-8080-exec-2] DEBUG o.s.orm.jpa.JpaTransactionManager - Exposing JPA transaction as JDBC [org.springframework.orm.jpa.vendor.HibernateJpaDialect$HibernateConnectionHandle@7a560f58]
2026-03-16 17:04:19 [http-nio-8080-exec-8] DEBUG o.s.orm.jpa.JpaTransactionManager - Exposing JPA transaction as JDBC [org.springframework.orm.jpa.vendor.HibernateJpaDialect$HibernateConnectionHandle@55a7ceed]
2026-03-16 17:04:19 [http-nio-8080-exec-2] DEBUG o.s.orm.jpa.JpaTransactionManager - Found thread-bound EntityManager [SessionImpl(1620425875<open>)] for JPA transaction
2026-03-16 17:04:19 [http-nio-8080-exec-8] DEBUG o.s.orm.jpa.JpaTransactionManager - Found thread-bound EntityManager [SessionImpl(2127671774<open>)] for JPA transaction
2026-03-16 17:04:19 [http-nio-8080-exec-2] DEBUG o.s.orm.jpa.JpaTransactionManager - Participating in existing transaction
2026-03-16 17:04:19 [http-nio-8080-exec-8] DEBUG o.s.orm.jpa.JpaTransactionManager - Participating in existing transaction
2026-03-16 17:04:19 [http-nio-8080-exec-17] DEBUG o.s.orm.jpa.JpaTransactionManager - Found thread-bound EntityManager [SessionImpl(207520711<open>)] for JPA transaction
2026-03-16 17:04:19 [http-nio-8080-exec-17] DEBUG o.s.orm.jpa.JpaTransactionManager - Participating in existing transaction
2026-03-16 17:04:19 [http-nio-8080-exec-17] DEBUG org.hibernate.SQL - select ua1_0.scrty_dtrmn_trget_id,ua1_0.author_code,ua1_0.frst_register_id,ua1_0.frst_regist_pnttm,ua1_0.last_updusr_id,ua1_0.last_updt_pnttm,ua1_0.mber_ty_code from nemplyrscrtyestbs ua1_0 where ua1_0.scrty_dtrmn_trget_id=?
2026-03-16 17:04:19 [http-nio-8080-exec-2] DEBUG org.hibernate.SQL - select u1_0.emplyr_id,u1_0.area_no,u1_0.brthdy,u1_0.chg_pwd_cnt,u1_0.frst_register_id,u1_0.frst_regist_pnttm,u1_0.detail_adres,u1_0.email_adres,u1_0.emplyr_sttus_code,u1_0.empl_no,u1_0.esntl_id,u1_0.fxnum,u1_0.group_id,u1_0.house_adres,u1_0.house_end_telno,u1_0.house_middle_telno,u1_0.ihidnum,u1_0.pstinst_code,u1_0.last_updusr_id,u1_0.last_updt_pnttm,u1_0.lock_at,u1_0.lock_cnt,u1_0.lock_last_pnttm,u1_0.mbtlnum,u1_0.ofcps_nm,u1_0.offm_telno,u1_0.orgnzt_id,u1_0.password,u1_0.password_cnsr,u1_0.password_hint,u1_0.chg_pwd_last_pnttm,u1_0.role,u1_0.sbscrb_de,u1_0.sexdstn_code,u1_0.crtfc_dn_value,u1_0.user_nm,u1_0.zip from nemplyrinfo u1_0 where u1_0.emplyr_id=?
2026-03-16 17:04:19 [http-nio-8080-exec-8] DEBUG org.hibernate.SQL - select u1_0.emplyr_id,u1_0.area_no,u1_0.brthdy,u1_0.chg_pwd_cnt,u1_0.frst_register_id,u1_0.frst_regist_pnttm,u1_0.detail_adres,u1_0.email_adres,u1_0.emplyr_sttus_code,u1_0.empl_no,u1_0.esntl_id,u1_0.fxnum,u1_0.group_id,u1_0.house_adres,u1_0.house_end_telno,u1_0.house_middle_telno,u1_0.ihidnum,u1_0.pstinst_code,u1_0.last_updusr_id,u1_0.last_updt_pnttm,u1_0.lock_at,u1_0.lock_cnt,u1_0.lock_last_pnttm,u1_0.mbtlnum,u1_0.ofcps_nm,u1_0.offm_telno,u1_0.orgnzt_id,u1_0.password,u1_0.password_cnsr,u1_0.password_hint,u1_0.chg_pwd_last_pnttm,u1_0.role,u1_0.sbscrb_de,u1_0.sexdstn_code,u1_0.crtfc_dn_value,u1_0.user_nm,u1_0.zip from nemplyrinfo u1_0 where u1_0.emplyr_id=?
2026-03-16 17:04:19 [http-nio-8080-exec-12] DEBUG o.s.orm.jpa.JpaTransactionManager - Exposing JPA transaction as JDBC [org.springframework.orm.jpa.vendor.HibernateJpaDialect$HibernateConnectionHandle@8cf257a]
2026-03-16 17:04:19 [http-nio-8080-exec-19] DEBUG o.s.orm.jpa.JpaTransactionManager - Exposing JPA transaction as JDBC [org.springframework.orm.jpa.vendor.HibernateJpaDialect$HibernateConnectionHandle@72d624f2]
2026-03-16 17:04:19 [http-nio-8080-exec-12] DEBUG o.s.orm.jpa.JpaTransactionManager - Found thread-bound EntityManager [SessionImpl(1248500030<open>)] for JPA transaction
2026-03-16 17:04:19 [http-nio-8080-exec-19] DEBUG o.s.orm.jpa.JpaTransactionManager - Found thread-bound EntityManager [SessionImpl(197523385<open>)] for JPA transaction
2026-03-16 17:04:19 [http-nio-8080-exec-12] DEBUG o.s.orm.jpa.JpaTransactionManager - Participating in existing transaction
2026-03-16 17:04:19 [http-nio-8080-exec-19] DEBUG o.s.orm.jpa.JpaTransactionManager - Participating in existing transaction
2026-03-16 17:04:19 [http-nio-8080-exec-12] DEBUG org.hibernate.SQL - select u1_0.emplyr_id,u1_0.area_no,u1_0.brthdy,u1_0.chg_pwd_cnt,u1_0.frst_register_id,u1_0.frst_regist_pnttm,u1_0.detail_adres,u1_0.email_adres,u1_0.emplyr_sttus_code,u1_0.empl_no,u1_0.esntl_id,u1_0.fxnum,u1_0.group_id,u1_0.house_adres,u1_0.house_end_telno,u1_0.house_middle_telno,u1_0.ihidnum,u1_0.pstinst_code,u1_0.last_updusr_id,u1_0.last_updt_pnttm,u1_0.lock_at,u1_0.lock_cnt,u1_0.lock_last_pnttm,u1_0.mbtlnum,u1_0.ofcps_nm,u1_0.offm_telno,u1_0.orgnzt_id,u1_0.password,u1_0.password_cnsr,u1_0.password_hint,u1_0.chg_pwd_last_pnttm,u1_0.role,u1_0.sbscrb_de,u1_0.sexdstn_code,u1_0.crtfc_dn_value,u1_0.user_nm,u1_0.zip from nemplyrinfo u1_0 where u1_0.emplyr_id=?
2026-03-16 17:04:19 [http-nio-8080-exec-19] DEBUG org.hibernate.SQL - select u1_0.emplyr_id,u1_0.area_no,u1_0.brthdy,u1_0.chg_pwd_cnt,u1_0.frst_register_id,u1_0.frst_regist_pnttm,u1_0.detail_adres,u1_0.email_adres,u1_0.emplyr_sttus_code,u1_0.empl_no,u1_0.esntl_id,u1_0.fxnum,u1_0.group_id,u1_0.house_adres,u1_0.house_end_telno,u1_0.house_middle_telno,u1_0.ihidnum,u1_0.pstinst_code,u1_0.last_updusr_id,u1_0.last_updt_pnttm,u1_0.lock_at,u1_0.lock_cnt,u1_0.lock_last_pnttm,u1_0.mbtlnum,u1_0.ofcps_nm,u1_0.offm_telno,u1_0.orgnzt_id,u1_0.password,u1_0.password_cnsr,u1_0.password_hint,u1_0.chg_pwd_last_pnttm,u1_0.role,u1_0.sbscrb_de,u1_0.sexdstn_code,u1_0.crtfc_dn_value,u1_0.user_nm,u1_0.zip from nemplyrinfo u1_0 where u1_0.emplyr_id=?
2026-03-16 17:04:19 [http-nio-8080-exec-17] DEBUG o.s.orm.jpa.JpaTransactionManager - Initiating transaction commit
2026-03-16 17:04:19 [http-nio-8080-exec-8] DEBUG o.s.orm.jpa.JpaTransactionManager - Found thread-bound EntityManager [SessionImpl(2127671774<open>)] for JPA transaction
2026-03-16 17:04:19 [http-nio-8080-exec-17] DEBUG o.s.orm.jpa.JpaTransactionManager - Committing JPA transaction on EntityManager [SessionImpl(207520711<open>)]
2026-03-16 17:04:19 [http-nio-8080-exec-8] DEBUG o.s.orm.jpa.JpaTransactionManager - Participating in existing transaction
2026-03-16 17:04:19 [http-nio-8080-exec-2] DEBUG o.s.orm.jpa.JpaTransactionManager - Found thread-bound EntityManager [SessionImpl(1620425875<open>)] for JPA transaction
2026-03-16 17:04:19 [http-nio-8080-exec-12] DEBUG o.s.orm.jpa.JpaTransactionManager - Found thread-bound EntityManager [SessionImpl(1248500030<open>)] for JPA transaction
2026-03-16 17:04:19 [http-nio-8080-exec-2] DEBUG o.s.orm.jpa.JpaTransactionManager - Participating in existing transaction
2026-03-16 17:04:19 [http-nio-8080-exec-12] DEBUG o.s.orm.jpa.JpaTransactionManager - Participating in existing transaction
2026-03-16 17:04:19 [http-nio-8080-exec-8] DEBUG org.hibernate.SQL - select ua1_0.scrty_dtrmn_trget_id,ua1_0.author_code,ua1_0.frst_register_id,ua1_0.frst_regist_pnttm,ua1_0.last_updusr_id,ua1_0.last_updt_pnttm,ua1_0.mber_ty_code from nemplyrscrtyestbs ua1_0 where ua1_0.scrty_dtrmn_trget_id=?
2026-03-16 17:04:19 [http-nio-8080-exec-12] DEBUG org.hibernate.SQL - select ua1_0.scrty_dtrmn_trget_id,ua1_0.author_code,ua1_0.frst_register_id,ua1_0.frst_regist_pnttm,ua1_0.last_updusr_id,ua1_0.last_updt_pnttm,ua1_0.mber_ty_code from nemplyrscrtyestbs ua1_0 where ua1_0.scrty_dtrmn_trget_id=?
2026-03-16 17:04:19 [http-nio-8080-exec-2] DEBUG org.hibernate.SQL - select ua1_0.scrty_dtrmn_trget_id,ua1_0.author_code,ua1_0.frst_register_id,ua1_0.frst_regist_pnttm,ua1_0.last_updusr_id,ua1_0.last_updt_pnttm,ua1_0.mber_ty_code from nemplyrscrtyestbs ua1_0 where ua1_0.scrty_dtrmn_trget_id=?
2026-03-16 17:04:19 [http-nio-8080-exec-9] DEBUG org.hibernate.SQL - select count(b1_0.ntt_id) from nbbs b1_0 left join nemplyrinfo u1_0 on b1_0.frst_register_id=u1_0.esntl_id where (b1_0.use_at = 'Y') and b1_0.bbs_id=?
2026-03-16 17:04:19 [http-nio-8080-exec-19] DEBUG o.s.orm.jpa.JpaTransactionManager - Found thread-bound EntityManager [SessionImpl(197523385<open>)] for JPA transaction
2026-03-16 17:04:19 [http-nio-8080-exec-19] DEBUG o.s.orm.jpa.JpaTransactionManager - Participating in existing transaction
2026-03-16 17:04:19 [http-nio-8080-exec-19] DEBUG org.hibernate.SQL - select ua1_0.scrty_dtrmn_trget_id,ua1_0.author_code,ua1_0.frst_register_id,ua1_0.frst_regist_pnttm,ua1_0.last_updusr_id,ua1_0.last_updt_pnttm,ua1_0.mber_ty_code from nemplyrscrtyestbs ua1_0 where ua1_0.scrty_dtrmn_trget_id=?
2026-03-16 17:04:19 [http-nio-8080-exec-17] DEBUG o.s.orm.jpa.JpaTransactionManager - Closing JPA EntityManager [SessionImpl(207520711<open>)] after transaction
2026-03-16 17:04:19 [http-nio-8080-exec-17] DEBUG c.c.p.s.jwt.JwtAuthenticationFilter - >>> [JwtFilter] Successfully authenticated user: USRCNFRM_00000000002, Authorities: [ROLE_USER]
2026-03-16 17:04:19 [http-nio-8080-exec-17] DEBUG o.s.web.servlet.DispatcherServlet - GET "/api/v1/menu/left?menuNo=60", parameters={masked}
2026-03-16 17:04:19 [http-nio-8080-exec-17] TRACE o.s.w.s.m.m.a.RequestMappingHandlerMapping - Mapped to com.company.project.api.controller.menu.MenuController#getLeftMenu(Long)
2026-03-16 17:04:19 [http-nio-8080-exec-17] INFO  c.c.p.a.c.menu.MenuController - getLeftMenu called with menuNo=60
2026-03-16 17:04:19 [http-nio-8080-exec-17] DEBUG o.s.orm.jpa.JpaTransactionManager - Creating new transaction with name [com.company.project.service.menu.MenuService.getSubMenus]: PROPAGATION_REQUIRED,ISOLATION_DEFAULT,readOnly
2026-03-16 17:04:19 [http-nio-8080-exec-17] DEBUG o.s.orm.jpa.JpaTransactionManager - Opened new EntityManager [SessionImpl(1510465178<open>)] for JPA transaction
2026-03-16 17:04:19 [http-nio-8080-exec-17] DEBUG o.s.orm.jpa.JpaTransactionManager - Exposing JPA transaction as JDBC [org.springframework.orm.jpa.vendor.HibernateJpaDialect$HibernateConnectionHandle@4dca8e15]
2026-03-16 17:04:19 [http-nio-8080-exec-17] DEBUG org.hibernate.SQL - select m1_0.menu_no,m1_0.menu_dc,m1_0.menu_nm,m1_0.menu_ordr,m1_0.modern_route,m1_0.progrm_file_nm,m1_0.relate_image_nm,m1_0.relate_image_path,m1_0.route_updated_at,m1_0.upper_menu_no from nmenuinfo m1_0 order by m1_0.upper_menu_no,m1_0.menu_ordr
2026-03-16 17:04:19 [http-nio-8080-exec-8] DEBUG o.s.orm.jpa.JpaTransactionManager - Initiating transaction commit
2026-03-16 17:04:19 [http-nio-8080-exec-2] DEBUG o.s.orm.jpa.JpaTransactionManager - Initiating transaction commit
2026-03-16 17:04:19 [http-nio-8080-exec-8] DEBUG o.s.orm.jpa.JpaTransactionManager - Committing JPA transaction on EntityManager [SessionImpl(2127671774<open>)]
2026-03-16 17:04:19 [http-nio-8080-exec-9] DEBUG o.s.orm.jpa.JpaTransactionManager - Initiating transaction commit
2026-03-16 17:04:19 [http-nio-8080-exec-2] DEBUG o.s.orm.jpa.JpaTransactionManager - Committing JPA transaction on EntityManager [SessionImpl(1620425875<open>)]
2026-03-16 17:04:19 [http-nio-8080-exec-9] DEBUG o.s.orm.jpa.JpaTransactionManager - Committing JPA transaction on EntityManager [SessionImpl(681354936<open>)]
2026-03-16 17:04:19 [http-nio-8080-exec-12] DEBUG o.s.orm.jpa.JpaTransactionManager - Initiating transaction commit
2026-03-16 17:04:19 [http-nio-8080-exec-12] DEBUG o.s.orm.jpa.JpaTransactionManager - Committing JPA transaction on EntityManager [SessionImpl(1248500030<open>)]
2026-03-16 17:04:19 [http-nio-8080-exec-19] DEBUG o.s.orm.jpa.JpaTransactionManager - Initiating transaction commit
2026-03-16 17:04:19 [http-nio-8080-exec-19] DEBUG o.s.orm.jpa.JpaTransactionManager - Committing JPA transaction on EntityManager [SessionImpl(197523385<open>)]
2026-03-16 17:04:19 [http-nio-8080-exec-2] DEBUG o.s.orm.jpa.JpaTransactionManager - Closing JPA EntityManager [SessionImpl(1620425875<open>)] after transaction
2026-03-16 17:04:19 [http-nio-8080-exec-2] DEBUG c.c.p.s.jwt.JwtAuthenticationFilter - >>> [JwtFilter] Successfully authenticated user: USRCNFRM_00000000002, Authorities: [ROLE_USER]
2026-03-16 17:04:19 [http-nio-8080-exec-2] DEBUG o.s.web.servlet.DispatcherServlet - GET "/api/v1/menu/left?menuNo=20", parameters={masked}
2026-03-16 17:04:19 [http-nio-8080-exec-2] TRACE o.s.w.s.m.m.a.RequestMappingHandlerMapping - Mapped to com.company.project.api.controller.menu.MenuController#getLeftMenu(Long)
2026-03-16 17:04:19 [http-nio-8080-exec-2] INFO  c.c.p.a.c.menu.MenuController - getLeftMenu called with menuNo=20
2026-03-16 17:04:19 [http-nio-8080-exec-2] DEBUG o.s.orm.jpa.JpaTransactionManager - Creating new transaction with name [com.company.project.service.menu.MenuService.getSubMenus]: PROPAGATION_REQUIRED,ISOLATION_DEFAULT,readOnly
2026-03-16 17:04:19 [http-nio-8080-exec-2] DEBUG o.s.orm.jpa.JpaTransactionManager - Opened new EntityManager [SessionImpl(349719413<open>)] for JPA transaction
2026-03-16 17:04:19 [http-nio-8080-exec-2] DEBUG o.s.orm.jpa.JpaTransactionManager - Exposing JPA transaction as JDBC [org.springframework.orm.jpa.vendor.HibernateJpaDialect$HibernateConnectionHandle@37e24fa2]
2026-03-16 17:04:19 [http-nio-8080-exec-2] DEBUG org.hibernate.SQL - select m1_0.menu_no,m1_0.menu_dc,m1_0.menu_nm,m1_0.menu_ordr,m1_0.modern_route,m1_0.progrm_file_nm,m1_0.relate_image_nm,m1_0.relate_image_path,m1_0.route_updated_at,m1_0.upper_menu_no from nmenuinfo m1_0 order by m1_0.upper_menu_no,m1_0.menu_ordr
2026-03-16 17:04:19 [http-nio-8080-exec-8] DEBUG o.s.orm.jpa.JpaTransactionManager - Closing JPA EntityManager [SessionImpl(2127671774<open>)] after transaction
2026-03-16 17:04:19 [http-nio-8080-exec-8] DEBUG c.c.p.s.jwt.JwtAuthenticationFilter - >>> [JwtFilter] Successfully authenticated user: USRCNFRM_00000000002, Authorities: [ROLE_USER]
2026-03-16 17:04:19 [http-nio-8080-exec-8] DEBUG o.s.web.servlet.DispatcherServlet - GET "/api/v1/menu/left?menuNo=50", parameters={masked}
2026-03-16 17:04:19 [http-nio-8080-exec-8] TRACE o.s.w.s.m.m.a.RequestMappingHandlerMapping - Mapped to com.company.project.api.controller.menu.MenuController#getLeftMenu(Long)
2026-03-16 17:04:19 [http-nio-8080-exec-8] INFO  c.c.p.a.c.menu.MenuController - getLeftMenu called with menuNo=50
2026-03-16 17:04:19 [http-nio-8080-exec-8] DEBUG o.s.orm.jpa.JpaTransactionManager - Creating new transaction with name [com.company.project.service.menu.MenuService.getSubMenus]: PROPAGATION_REQUIRED,ISOLATION_DEFAULT,readOnly
2026-03-16 17:04:19 [http-nio-8080-exec-8] DEBUG o.s.orm.jpa.JpaTransactionManager - Opened new EntityManager [SessionImpl(569429686<open>)] for JPA transaction
2026-03-16 17:04:19 [http-nio-8080-exec-8] DEBUG o.s.orm.jpa.JpaTransactionManager - Exposing JPA transaction as JDBC [org.springframework.orm.jpa.vendor.HibernateJpaDialect$HibernateConnectionHandle@575b14d4]
2026-03-16 17:04:19 [http-nio-8080-exec-8] DEBUG org.hibernate.SQL - select m1_0.menu_no,m1_0.menu_dc,m1_0.menu_nm,m1_0.menu_ordr,m1_0.modern_route,m1_0.progrm_file_nm,m1_0.relate_image_nm,m1_0.relate_image_path,m1_0.route_updated_at,m1_0.upper_menu_no from nmenuinfo m1_0 order by m1_0.upper_menu_no,m1_0.menu_ordr
2026-03-16 17:04:19 [http-nio-8080-exec-9] DEBUG o.s.orm.jpa.JpaTransactionManager - Closing JPA EntityManager [SessionImpl(681354936<open>)] after transaction
2026-03-16 17:04:19 [http-nio-8080-exec-9] DEBUG o.s.orm.jpa.JpaTransactionManager - Creating new transaction with name [com.company.project.service.board.BoardService.getBoardPosts]: PROPAGATION_REQUIRED,ISOLATION_DEFAULT,readOnly
2026-03-16 17:04:19 [http-nio-8080-exec-9] DEBUG o.s.orm.jpa.JpaTransactionManager - Opened new EntityManager [SessionImpl(23196845<open>)] for JPA transaction
2026-03-16 17:04:19 [http-nio-8080-exec-9] DEBUG o.s.orm.jpa.JpaTransactionManager - Exposing JPA transaction as JDBC [org.springframework.orm.jpa.vendor.HibernateJpaDialect$HibernateConnectionHandle@5883677]
2026-03-16 17:04:19 [http-nio-8080-exec-9] DEBUG o.s.orm.jpa.JpaTransactionManager - Found thread-bound EntityManager [SessionImpl(23196845<open>)] for JPA transaction
2026-03-16 17:04:19 [http-nio-8080-exec-9] DEBUG o.s.orm.jpa.JpaTransactionManager - Participating in existing transaction
2026-03-16 17:04:19 [http-nio-8080-exec-9] DEBUG org.hibernate.SQL - select bm1_0.bbs_id,bm1_0.atch_posbl_file_number,bm1_0.atch_posbl_file_size,bm1_0.bbs_attrb_code,bm1_0.bbs_intrcn,bm1_0.bbs_nm,bm1_0.bbs_ty_code,bm1_0.blog_at,bm1_0.blog_id,bm1_0.cmmnty_id,bm1_0.frst_register_id,bm1_0.frst_regist_pnttm,bm1_0.file_atch_posbl_at,bm1_0.last_updusr_id,bm1_0.last_updt_pnttm,bm1_0.reply_posbl_at,bm1_0.tmplat_id,bm1_0.use_at,bm1_1.answer_at,bm1_1.stsfdg_at from nbbsmaster bm1_0 left join nbbsmasteroptn bm1_1 on bm1_0.bbs_id=bm1_1.bbs_id where bm1_0.bbs_id=?
2026-03-16 17:04:19 [http-nio-8080-exec-17] DEBUG o.s.orm.jpa.JpaTransactionManager - Found thread-bound EntityManager [SessionImpl(1510465178<open>)] for JPA transaction
2026-03-16 17:04:19 [http-nio-8080-exec-17] DEBUG o.s.orm.jpa.JpaTransactionManager - Participating in existing transaction
2026-03-16 17:04:19 [http-nio-8080-exec-17] DEBUG org.hibernate.SQL - select p1_0.progrm_file_nm,p1_0.progrm_dc,p1_0.progrm_korean_nm,p1_0.progrm_stre_path,p1_0.url from nprogrmlist p1_0
2026-03-16 17:04:19 [http-nio-8080-exec-19] DEBUG o.s.orm.jpa.JpaTransactionManager - Closing JPA EntityManager [SessionImpl(197523385<open>)] after transaction
2026-03-16 17:04:19 [http-nio-8080-exec-12] DEBUG o.s.orm.jpa.JpaTransactionManager - Closing JPA EntityManager [SessionImpl(1248500030<open>)] after transaction
2026-03-16 17:04:19 [http-nio-8080-exec-19] DEBUG c.c.p.s.jwt.JwtAuthenticationFilter - >>> [JwtFilter] Successfully authenticated user: USRCNFRM_00000000002, Authorities: [ROLE_USER]
2026-03-16 17:04:19 [http-nio-8080-exec-12] DEBUG c.c.p.s.jwt.JwtAuthenticationFilter - >>> [JwtFilter] Successfully authenticated user: USRCNFRM_00000000002, Authorities: [ROLE_USER]
2026-03-16 17:04:19 [http-nio-8080-exec-19] DEBUG o.s.web.servlet.DispatcherServlet - GET "/api/v1/menu/left?menuNo=40", parameters={masked}
2026-03-16 17:04:19 [http-nio-8080-exec-12] DEBUG o.s.web.servlet.DispatcherServlet - GET "/api/v1/menu/left?menuNo=10", parameters={masked}
2026-03-16 17:04:19 [http-nio-8080-exec-19] TRACE o.s.w.s.m.m.a.RequestMappingHandlerMapping - Mapped to com.company.project.api.controller.menu.MenuController#getLeftMenu(Long)
2026-03-16 17:04:19 [http-nio-8080-exec-12] TRACE o.s.w.s.m.m.a.RequestMappingHandlerMapping - Mapped to com.company.project.api.controller.menu.MenuController#getLeftMenu(Long)
2026-03-16 17:04:19 [http-nio-8080-exec-19] INFO  c.c.p.a.c.menu.MenuController - getLeftMenu called with menuNo=40
2026-03-16 17:04:19 [http-nio-8080-exec-12] INFO  c.c.p.a.c.menu.MenuController - getLeftMenu called with menuNo=10
2026-03-16 17:04:19 [http-nio-8080-exec-19] DEBUG o.s.orm.jpa.JpaTransactionManager - Creating new transaction with name [com.company.project.service.menu.MenuService.getSubMenus]: PROPAGATION_REQUIRED,ISOLATION_DEFAULT,readOnly
2026-03-16 17:04:19 [http-nio-8080-exec-19] DEBUG o.s.orm.jpa.JpaTransactionManager - Opened new EntityManager [SessionImpl(1609969745<open>)] for JPA transaction
2026-03-16 17:04:19 [http-nio-8080-exec-19] DEBUG o.s.orm.jpa.JpaTransactionManager - Exposing JPA transaction as JDBC [org.springframework.orm.jpa.vendor.HibernateJpaDialect$HibernateConnectionHandle@1d72a9db]
2026-03-16 17:04:19 [http-nio-8080-exec-12] DEBUG o.s.orm.jpa.JpaTransactionManager - Creating new transaction with name [com.company.project.service.menu.MenuService.getSubMenus]: PROPAGATION_REQUIRED,ISOLATION_DEFAULT,readOnly
2026-03-16 17:04:19 [http-nio-8080-exec-12] DEBUG o.s.orm.jpa.JpaTransactionManager - Opened new EntityManager [SessionImpl(1180189043<open>)] for JPA transaction
2026-03-16 17:04:19 [http-nio-8080-exec-12] DEBUG o.s.orm.jpa.JpaTransactionManager - Exposing JPA transaction as JDBC [org.springframework.orm.jpa.vendor.HibernateJpaDialect$HibernateConnectionHandle@418dc888]
2026-03-16 17:04:19 [http-nio-8080-exec-19] DEBUG org.hibernate.SQL - select m1_0.menu_no,m1_0.menu_dc,m1_0.menu_nm,m1_0.menu_ordr,m1_0.modern_route,m1_0.progrm_file_nm,m1_0.relate_image_nm,m1_0.relate_image_path,m1_0.route_updated_at,m1_0.upper_menu_no from nmenuinfo m1_0 order by m1_0.upper_menu_no,m1_0.menu_ordr
2026-03-16 17:04:19 [http-nio-8080-exec-12] DEBUG org.hibernate.SQL - select m1_0.menu_no,m1_0.menu_dc,m1_0.menu_nm,m1_0.menu_ordr,m1_0.modern_route,m1_0.progrm_file_nm,m1_0.relate_image_nm,m1_0.relate_image_path,m1_0.route_updated_at,m1_0.upper_menu_no from nmenuinfo m1_0 order by m1_0.upper_menu_no,m1_0.menu_ordr
2026-03-16 17:04:19 [http-nio-8080-exec-17] DEBUG o.s.orm.jpa.JpaTransactionManager - Initiating transaction commit
2026-03-16 17:04:19 [http-nio-8080-exec-17] DEBUG o.s.orm.jpa.JpaTransactionManager - Committing JPA transaction on EntityManager [SessionImpl(1510465178<open>)]
2026-03-16 17:04:19 [http-nio-8080-exec-9] DEBUG org.hibernate.SQL - select b1_0.ntt_id,b1_0.bbs_id,b1_0.ntt_sj,b1_0.ntcr_nm,b1_0.frst_regist_pnttm,b1_0.rdcnt,b1_0.answer_at,b1_0.parntsctt_no,b1_0.answer_lc,b1_0.sort_ordr,b1_0.ntt_no,b1_0.notice_at,b1_0.secret_at,b1_0.comment_co from nbbs b1_0 left join nemplyrinfo u1_0 on b1_0.frst_register_id=u1_0.esntl_id where (b1_0.use_at = 'Y') and b1_0.bbs_id=? order by b1_0.sort_ordr desc,b1_0.ntt_no offset ? rows fetch first ? rows only
2026-03-16 17:04:19 [http-nio-8080-exec-2] DEBUG o.s.orm.jpa.JpaTransactionManager - Found thread-bound EntityManager [SessionImpl(349719413<open>)] for JPA transaction
2026-03-16 17:04:19 [http-nio-8080-exec-2] DEBUG o.s.orm.jpa.JpaTransactionManager - Participating in existing transaction
2026-03-16 17:04:19 [http-nio-8080-exec-2] DEBUG org.hibernate.SQL - select p1_0.progrm_file_nm,p1_0.progrm_dc,p1_0.progrm_korean_nm,p1_0.progrm_stre_path,p1_0.url from nprogrmlist p1_0
2026-03-16 17:04:19 [http-nio-8080-exec-8] DEBUG o.s.orm.jpa.JpaTransactionManager - Found thread-bound EntityManager [SessionImpl(569429686<open>)] for JPA transaction
2026-03-16 17:04:19 [http-nio-8080-exec-8] DEBUG o.s.orm.jpa.JpaTransactionManager - Participating in existing transaction
2026-03-16 17:04:19 [http-nio-8080-exec-8] DEBUG org.hibernate.SQL - select p1_0.progrm_file_nm,p1_0.progrm_dc,p1_0.progrm_korean_nm,p1_0.progrm_stre_path,p1_0.url from nprogrmlist p1_0
2026-03-16 17:04:19 [http-nio-8080-exec-17] DEBUG o.s.orm.jpa.JpaTransactionManager - Closing JPA EntityManager [SessionImpl(1510465178<open>)] after transaction
2026-03-16 17:04:19 [http-nio-8080-exec-17] INFO  c.c.p.a.c.menu.MenuController - getLeftMenu returned 1 items
2026-03-16 17:04:19 [http-nio-8080-exec-17] DEBUG o.s.w.s.m.m.a.HttpEntityMethodProcessor - Using 'application/json', given [application/json, text/plain, */*] and supported [application/json, application/*+json, application/yaml]
2026-03-16 17:04:19 [http-nio-8080-exec-17] TRACE o.s.w.s.m.m.a.HttpEntityMethodProcessor - Writing [ApiResponse[success=true, status=200, code=COMMON_001, message=Success, data={list=[com.company.project.service.menu.dto.MenuDto@3c84bda8]}, timestamp=2026-03-16T17:04:19.995027]]
2026-03-16 17:04:19 [http-nio-8080-exec-17] INFO  c.c.p.a.i.OperationalAuditInterceptor - API Audit Log: URL=/api/v1/menu/left, User=user_regular, IP=0:0:0:0:0:0:0:1
2026-03-16 17:04:19 [http-nio-8080-exec-17] DEBUG o.s.web.servlet.DispatcherServlet - Completed 200 OK
2026-03-16 17:04:19 [http-nio-8080-exec-9] DEBUG org.hibernate.SQL - select count(b1_0.ntt_id) from nbbs b1_0 left join nemplyrinfo u1_0 on b1_0.frst_register_id=u1_0.esntl_id where (b1_0.use_at = 'Y') and b1_0.bbs_id=?
2026-03-16 17:04:20 [http-nio-8080-exec-19] DEBUG o.s.orm.jpa.JpaTransactionManager - Found thread-bound EntityManager [SessionImpl(1609969745<open>)] for JPA transaction
2026-03-16 17:04:20 [http-nio-8080-exec-19] DEBUG o.s.orm.jpa.JpaTransactionManager - Participating in existing transaction
2026-03-16 17:04:20 [http-nio-8080-exec-19] DEBUG org.hibernate.SQL - select p1_0.progrm_file_nm,p1_0.progrm_dc,p1_0.progrm_korean_nm,p1_0.progrm_stre_path,p1_0.url from nprogrmlist p1_0
2026-03-16 17:04:20 [http-nio-8080-exec-12] DEBUG o.s.orm.jpa.JpaTransactionManager - Found thread-bound EntityManager [SessionImpl(1180189043<open>)] for JPA transaction
2026-03-16 17:04:20 [http-nio-8080-exec-12] DEBUG o.s.orm.jpa.JpaTransactionManager - Participating in existing transaction
2026-03-16 17:04:20 [http-nio-8080-exec-12] DEBUG org.hibernate.SQL - select p1_0.progrm_file_nm,p1_0.progrm_dc,p1_0.progrm_korean_nm,p1_0.progrm_stre_path,p1_0.url from nprogrmlist p1_0
2026-03-16 17:04:20 [http-nio-8080-exec-8] DEBUG o.s.orm.jpa.JpaTransactionManager - Initiating transaction commit
2026-03-16 17:04:20 [http-nio-8080-exec-8] DEBUG o.s.orm.jpa.JpaTransactionManager - Committing JPA transaction on EntityManager [SessionImpl(569429686<open>)]
2026-03-16 17:04:20 [http-nio-8080-exec-2] DEBUG o.s.orm.jpa.JpaTransactionManager - Initiating transaction commit
2026-03-16 17:04:20 [http-nio-8080-exec-2] DEBUG o.s.orm.jpa.JpaTransactionManager - Committing JPA transaction on EntityManager [SessionImpl(349719413<open>)]
2026-03-16 17:04:20 [http-nio-8080-exec-9] DEBUG o.s.orm.jpa.JpaTransactionManager - Initiating transaction commit
2026-03-16 17:04:20 [http-nio-8080-exec-9] DEBUG o.s.orm.jpa.JpaTransactionManager - Committing JPA transaction on EntityManager [SessionImpl(23196845<open>)]
2026-03-16 17:04:20 [http-nio-8080-exec-19] DEBUG o.s.orm.jpa.JpaTransactionManager - Initiating transaction commit
2026-03-16 17:04:20 [http-nio-8080-exec-19] DEBUG o.s.orm.jpa.JpaTransactionManager - Committing JPA transaction on EntityManager [SessionImpl(1609969745<open>)]
2026-03-16 17:04:20 [http-nio-8080-exec-12] DEBUG o.s.orm.jpa.JpaTransactionManager - Initiating transaction commit
2026-03-16 17:04:20 [http-nio-8080-exec-12] DEBUG o.s.orm.jpa.JpaTransactionManager - Committing JPA transaction on EntityManager [SessionImpl(1180189043<open>)]
2026-03-16 17:04:20 [http-nio-8080-exec-2] DEBUG o.s.orm.jpa.JpaTransactionManager - Closing JPA EntityManager [SessionImpl(349719413<open>)] after transaction
2026-03-16 17:04:20 [http-nio-8080-exec-2] INFO  c.c.p.a.c.menu.MenuController - getLeftMenu returned 3 items
2026-03-16 17:04:20 [http-nio-8080-exec-2] DEBUG o.s.w.s.m.m.a.HttpEntityMethodProcessor - Using 'application/json', given [application/json, text/plain, */*] and supported [application/json, application/*+json, application/yaml]
2026-03-16 17:04:20 [http-nio-8080-exec-2] TRACE o.s.w.s.m.m.a.HttpEntityMethodProcessor - Writing [ApiResponse[success=true, status=200, code=COMMON_001, message=Success, data={list=[com.company.project.service.menu.dto.MenuDto@66569682, com.company.project.service.menu.dto.MenuDto@223ab91a, com.company.project.service.menu.dto.MenuDto@1f306a3]}, timestamp=2026-03-16T17:04:20.292784]]
2026-03-16 17:04:20 [http-nio-8080-exec-2] INFO  c.c.p.a.i.OperationalAuditInterceptor - API Audit Log: URL=/api/v1/menu/left, User=user_regular, IP=0:0:0:0:0:0:0:1
2026-03-16 17:04:20 [http-nio-8080-exec-2] DEBUG o.s.web.servlet.DispatcherServlet - Completed 200 OK
2026-03-16 17:04:20 [http-nio-8080-exec-8] DEBUG o.s.orm.jpa.JpaTransactionManager - Closing JPA EntityManager [SessionImpl(569429686<open>)] after transaction
2026-03-16 17:04:20 [http-nio-8080-exec-8] INFO  c.c.p.a.c.menu.MenuController - getLeftMenu returned 3 items
2026-03-16 17:04:20 [http-nio-8080-exec-8] DEBUG o.s.w.s.m.m.a.HttpEntityMethodProcessor - Using 'application/json', given [application/json, text/plain, */*] and supported [application/json, application/*+json, application/yaml]
2026-03-16 17:04:20 [http-nio-8080-exec-8] TRACE o.s.w.s.m.m.a.HttpEntityMethodProcessor - Writing [ApiResponse[success=true, status=200, code=COMMON_001, message=Success, data={list=[com.company.project.service.menu.dto.MenuDto@153fee3c, com.company.project.service.menu.dto.MenuDto@78ef9cb5, com.company.project.service.menu.dto.MenuDto@23873679]}, timestamp=2026-03-16T17:04:20.293783]]
2026-03-16 17:04:20 [http-nio-8080-exec-8] INFO  c.c.p.a.i.OperationalAuditInterceptor - API Audit Log: URL=/api/v1/menu/left, User=user_regular, IP=0:0:0:0:0:0:0:1
2026-03-16 17:04:20 [http-nio-8080-exec-8] DEBUG o.s.web.servlet.DispatcherServlet - Completed 200 OK
2026-03-16 17:04:20 [http-nio-8080-exec-9] DEBUG o.s.orm.jpa.JpaTransactionManager - Closing JPA EntityManager [SessionImpl(23196845<open>)] after transaction
2026-03-16 17:04:20 [http-nio-8080-exec-9] DEBUG o.s.orm.jpa.JpaTransactionManager - Creating new transaction with name [com.company.project.service.informalsanction.InformalSanctionServiceImpl.getReceivedInformalSanctionList]: PROPAGATION_REQUIRED,ISOLATION_DEFAULT,readOnly
2026-03-16 17:04:20 [http-nio-8080-exec-9] DEBUG o.s.orm.jpa.JpaTransactionManager - Opened new EntityManager [SessionImpl(1898381394<open>)] for JPA transaction
2026-03-16 17:04:20 [http-nio-8080-exec-9] DEBUG o.s.orm.jpa.JpaTransactionManager - Exposing JPA transaction as JDBC [org.springframework.orm.jpa.vendor.HibernateJpaDialect$HibernateConnectionHandle@1c9de6e5]
2026-03-16 17:04:20 [http-nio-8080-exec-9] DEBUG org.hibernate.SQL - select is1_0.infrml_sanctn_id,is1_0.applcnt_id,is1_0.confm_at,is1_0.frst_register_id,is1_0.frst_regist_pnttm,is1_0.job_se_code,is1_0.last_updusr_id,is1_0.last_updt_pnttm,is1_0.reqst_de,is1_0.return_resn,is1_0.sanctn_dt,is1_0.sanctner_id from ninfrmlsanctn is1_0 where is1_0.sanctner_id=?
2026-03-16 17:04:20 [http-nio-8080-exec-19] DEBUG o.s.orm.jpa.JpaTransactionManager - Closing JPA EntityManager [SessionImpl(1609969745<open>)] after transaction
2026-03-16 17:04:20 [http-nio-8080-exec-19] INFO  c.c.p.a.c.menu.MenuController - getLeftMenu returned 2 items
2026-03-16 17:04:20 [http-nio-8080-exec-19] DEBUG o.s.w.s.m.m.a.HttpEntityMethodProcessor - Using 'application/json', given [application/json, text/plain, */*] and supported [application/json, application/*+json, application/yaml]
2026-03-16 17:04:20 [http-nio-8080-exec-19] TRACE o.s.w.s.m.m.a.HttpEntityMethodProcessor - Writing [ApiResponse[success=true, status=200, code=COMMON_001, message=Success, data={list=[com.company.project.service.menu.dto.MenuDto@32ccaafd, com.company.project.service.menu.dto.MenuDto@74dbfa16]}, timestamp=2026-03-16T17:04:20.335495600]]
2026-03-16 17:04:20 [http-nio-8080-exec-19] INFO  c.c.p.a.i.OperationalAuditInterceptor - API Audit Log: URL=/api/v1/menu/left, User=user_regular, IP=0:0:0:0:0:0:0:1
2026-03-16 17:04:20 [http-nio-8080-exec-19] DEBUG o.s.web.servlet.DispatcherServlet - Completed 200 OK
2026-03-16 17:04:20 [http-nio-8080-exec-12] DEBUG o.s.orm.jpa.JpaTransactionManager - Closing JPA EntityManager [SessionImpl(1180189043<open>)] after transaction
2026-03-16 17:04:20 [http-nio-8080-exec-12] INFO  c.c.p.a.c.menu.MenuController - getLeftMenu returned 5 items
2026-03-16 17:04:20 [http-nio-8080-exec-12] DEBUG o.s.w.s.m.m.a.HttpEntityMethodProcessor - Using 'application/json', given [application/json, text/plain, */*] and supported [application/json, application/*+json, application/yaml]
2026-03-16 17:04:20 [http-nio-8080-exec-12] TRACE o.s.w.s.m.m.a.HttpEntityMethodProcessor - Writing [ApiResponse[success=true, status=200, code=COMMON_001, message=Success, data={list=[com.company.project.service.menu.dto.MenuDto@5a37a706, com.company.project.service.menu.dto.MenuDto@f52b4f4, com.company.project.service.menu.dto.MenuDto@2dd54e33, com.company.project.service.menu.dto.MenuDto@3805241b, com.company.project.service.menu.dto.MenuDto@5fedbb8a]}, timestamp=2026-03-16T17:04:20.342707800]]
2026-03-16 17:04:20 [http-nio-8080-exec-12] INFO  c.c.p.a.i.OperationalAuditInterceptor - API Audit Log: URL=/api/v1/menu/left, User=user_regular, IP=0:0:0:0:0:0:0:1
2026-03-16 17:04:20 [http-nio-8080-exec-12] DEBUG o.s.web.servlet.DispatcherServlet - Completed 200 OK
2026-03-16 17:04:20 [http-nio-8080-exec-9] DEBUG o.s.orm.jpa.JpaTransactionManager - Initiating transaction commit
2026-03-16 17:04:20 [http-nio-8080-exec-9] DEBUG o.s.orm.jpa.JpaTransactionManager - Committing JPA transaction on EntityManager [SessionImpl(1898381394<open>)]
2026-03-16 17:04:20 [http-nio-8080-exec-9] DEBUG o.s.orm.jpa.JpaTransactionManager - Closing JPA EntityManager [SessionImpl(1898381394<open>)] after transaction
2026-03-16 17:04:20 [http-nio-8080-exec-9] DEBUG o.s.w.s.m.m.a.HttpEntityMethodProcessor - Using 'application/json', given [application/json, text/plain, */*] and supported [application/json, application/*+json, application/yaml]
2026-03-16 17:04:20 [http-nio-8080-exec-9] TRACE o.s.w.s.m.m.a.HttpEntityMethodProcessor - Writing [{notiList=[com.company.project.service.board.dto.BoardDto@4888facd], success=true, taskList=[com.company.project.service.board.dto.BoardDto@7578330b], pendingApprovalCount=0}]
2026-03-16 17:04:20 [http-nio-8080-exec-9] INFO  c.c.p.a.i.OperationalAuditInterceptor - API Audit Log: URL=/api/v1/dashboard, User=user_regular, IP=0:0:0:0:0:0:0:1
2026-03-16 17:04:20 [http-nio-8080-exec-9] DEBUG o.s.web.servlet.DispatcherServlet - Completed 200 OK
2026-03-16 17:04:20 [http-nio-8080-exec-15] DEBUG c.c.p.s.jwt.JwtAuthenticationFilter - >>> [JwtFilter] Processing request: GET /api/v1/menu/left
2026-03-16 17:04:20 [http-nio-8080-exec-15] DEBUG c.c.p.s.jwt.JwtAuthenticationFilter - >>> [JwtFilter] Found token in header for path: /api/v1/menu/left
2026-03-16 17:04:20 [http-nio-8080-exec-15] DEBUG o.s.orm.jpa.JpaTransactionManager - Creating new transaction with name [com.company.project.security.iam.CustomUserDetailsService.loadUserByUsername]: PROPAGATION_REQUIRED,ISOLATION_DEFAULT,readOnly
2026-03-16 17:04:20 [http-nio-8080-exec-15] DEBUG o.s.orm.jpa.JpaTransactionManager - Opened new EntityManager [SessionImpl(1763992473<open>)] for JPA transaction
2026-03-16 17:04:20 [http-nio-8080-exec-13] DEBUG c.c.p.s.jwt.JwtAuthenticationFilter - >>> [JwtFilter] Processing request: GET /api/v1/auth/me
2026-03-16 17:04:20 [http-nio-8080-exec-10] DEBUG c.c.p.s.jwt.JwtAuthenticationFilter - >>> [JwtFilter] Processing request: GET /api/v1/menu/head
2026-03-16 17:04:20 [http-nio-8080-exec-13] DEBUG c.c.p.s.jwt.JwtAuthenticationFilter - >>> [JwtFilter] Found token in header for path: /api/v1/auth/me
2026-03-16 17:04:20 [http-nio-8080-exec-10] DEBUG c.c.p.s.jwt.JwtAuthenticationFilter - >>> [JwtFilter] Found token in header for path: /api/v1/menu/head
2026-03-16 17:04:20 [http-nio-8080-exec-13] DEBUG o.s.orm.jpa.JpaTransactionManager - Creating new transaction with name [com.company.project.security.iam.CustomUserDetailsService.loadUserByUsername]: PROPAGATION_REQUIRED,ISOLATION_DEFAULT,readOnly
2026-03-16 17:04:20 [http-nio-8080-exec-10] DEBUG o.s.orm.jpa.JpaTransactionManager - Creating new transaction with name [com.company.project.security.iam.CustomUserDetailsService.loadUserByUsername]: PROPAGATION_REQUIRED,ISOLATION_DEFAULT,readOnly
2026-03-16 17:04:20 [http-nio-8080-exec-13] DEBUG o.s.orm.jpa.JpaTransactionManager - Opened new EntityManager [SessionImpl(1628678707<open>)] for JPA transaction
2026-03-16 17:04:20 [http-nio-8080-exec-10] DEBUG o.s.orm.jpa.JpaTransactionManager - Opened new EntityManager [SessionImpl(2094457452<open>)] for JPA transaction
2026-03-16 17:04:21 [http-nio-8080-exec-13] DEBUG o.s.orm.jpa.JpaTransactionManager - Exposing JPA transaction as JDBC [org.springframework.orm.jpa.vendor.HibernateJpaDialect$HibernateConnectionHandle@2fc76fa5]
2026-03-16 17:04:21 [http-nio-8080-exec-13] DEBUG o.s.orm.jpa.JpaTransactionManager - Found thread-bound EntityManager [SessionImpl(1628678707<open>)] for JPA transaction
2026-03-16 17:04:21 [http-nio-8080-exec-13] DEBUG o.s.orm.jpa.JpaTransactionManager - Participating in existing transaction
2026-03-16 17:04:21 [http-nio-8080-exec-13] DEBUG org.hibernate.SQL - select u1_0.emplyr_id,u1_0.area_no,u1_0.brthdy,u1_0.chg_pwd_cnt,u1_0.frst_register_id,u1_0.frst_regist_pnttm,u1_0.detail_adres,u1_0.email_adres,u1_0.emplyr_sttus_code,u1_0.empl_no,u1_0.esntl_id,u1_0.fxnum,u1_0.group_id,u1_0.house_adres,u1_0.house_end_telno,u1_0.house_middle_telno,u1_0.ihidnum,u1_0.pstinst_code,u1_0.last_updusr_id,u1_0.last_updt_pnttm,u1_0.lock_at,u1_0.lock_cnt,u1_0.lock_last_pnttm,u1_0.mbtlnum,u1_0.ofcps_nm,u1_0.offm_telno,u1_0.orgnzt_id,u1_0.password,u1_0.password_cnsr,u1_0.password_hint,u1_0.chg_pwd_last_pnttm,u1_0.role,u1_0.sbscrb_de,u1_0.sexdstn_code,u1_0.crtfc_dn_value,u1_0.user_nm,u1_0.zip from nemplyrinfo u1_0 where u1_0.emplyr_id=?
2026-03-16 17:04:21 [http-nio-8080-exec-15] DEBUG o.s.orm.jpa.JpaTransactionManager - Exposing JPA transaction as JDBC [org.springframework.orm.jpa.vendor.HibernateJpaDialect$HibernateConnectionHandle@e12e4e0]
2026-03-16 17:04:21 [http-nio-8080-exec-15] DEBUG o.s.orm.jpa.JpaTransactionManager - Found thread-bound EntityManager [SessionImpl(1763992473<open>)] for JPA transaction
2026-03-16 17:04:21 [http-nio-8080-exec-15] DEBUG o.s.orm.jpa.JpaTransactionManager - Participating in existing transaction
2026-03-16 17:04:21 [http-nio-8080-exec-15] DEBUG org.hibernate.SQL - select u1_0.emplyr_id,u1_0.area_no,u1_0.brthdy,u1_0.chg_pwd_cnt,u1_0.frst_register_id,u1_0.frst_regist_pnttm,u1_0.detail_adres,u1_0.email_adres,u1_0.emplyr_sttus_code,u1_0.empl_no,u1_0.esntl_id,u1_0.fxnum,u1_0.group_id,u1_0.house_adres,u1_0.house_end_telno,u1_0.house_middle_telno,u1_0.ihidnum,u1_0.pstinst_code,u1_0.last_updusr_id,u1_0.last_updt_pnttm,u1_0.lock_at,u1_0.lock_cnt,u1_0.lock_last_pnttm,u1_0.mbtlnum,u1_0.ofcps_nm,u1_0.offm_telno,u1_0.orgnzt_id,u1_0.password,u1_0.password_cnsr,u1_0.password_hint,u1_0.chg_pwd_last_pnttm,u1_0.role,u1_0.sbscrb_de,u1_0.sexdstn_code,u1_0.crtfc_dn_value,u1_0.user_nm,u1_0.zip from nemplyrinfo u1_0 where u1_0.emplyr_id=?
2026-03-16 17:04:21 [http-nio-8080-exec-10] DEBUG o.s.orm.jpa.JpaTransactionManager - Exposing JPA transaction as JDBC [org.springframework.orm.jpa.vendor.HibernateJpaDialect$HibernateConnectionHandle@114b209c]
2026-03-16 17:04:21 [http-nio-8080-exec-10] DEBUG o.s.orm.jpa.JpaTransactionManager - Found thread-bound EntityManager [SessionImpl(2094457452<open>)] for JPA transaction
2026-03-16 17:04:21 [http-nio-8080-exec-10] DEBUG o.s.orm.jpa.JpaTransactionManager - Participating in existing transaction
2026-03-16 17:04:21 [http-nio-8080-exec-10] DEBUG org.hibernate.SQL - select u1_0.emplyr_id,u1_0.area_no,u1_0.brthdy,u1_0.chg_pwd_cnt,u1_0.frst_register_id,u1_0.frst_regist_pnttm,u1_0.detail_adres,u1_0.email_adres,u1_0.emplyr_sttus_code,u1_0.empl_no,u1_0.esntl_id,u1_0.fxnum,u1_0.group_id,u1_0.house_adres,u1_0.house_end_telno,u1_0.house_middle_telno,u1_0.ihidnum,u1_0.pstinst_code,u1_0.last_updusr_id,u1_0.last_updt_pnttm,u1_0.lock_at,u1_0.lock_cnt,u1_0.lock_last_pnttm,u1_0.mbtlnum,u1_0.ofcps_nm,u1_0.offm_telno,u1_0.orgnzt_id,u1_0.password,u1_0.password_cnsr,u1_0.password_hint,u1_0.chg_pwd_last_pnttm,u1_0.role,u1_0.sbscrb_de,u1_0.sexdstn_code,u1_0.crtfc_dn_value,u1_0.user_nm,u1_0.zip from nemplyrinfo u1_0 where u1_0.emplyr_id=?
2026-03-16 17:04:21 [http-nio-8080-exec-13] DEBUG o.s.orm.jpa.JpaTransactionManager - Found thread-bound EntityManager [SessionImpl(1628678707<open>)] for JPA transaction
2026-03-16 17:04:21 [http-nio-8080-exec-13] DEBUG o.s.orm.jpa.JpaTransactionManager - Participating in existing transaction
2026-03-16 17:04:21 [http-nio-8080-exec-13] DEBUG org.hibernate.SQL - select ua1_0.scrty_dtrmn_trget_id,ua1_0.author_code,ua1_0.frst_register_id,ua1_0.frst_regist_pnttm,ua1_0.last_updusr_id,ua1_0.last_updt_pnttm,ua1_0.mber_ty_code from nemplyrscrtyestbs ua1_0 where ua1_0.scrty_dtrmn_trget_id=?
2026-03-16 17:04:21 [http-nio-8080-exec-15] DEBUG o.s.orm.jpa.JpaTransactionManager - Found thread-bound EntityManager [SessionImpl(1763992473<open>)] for JPA transaction
2026-03-16 17:04:21 [http-nio-8080-exec-15] DEBUG o.s.orm.jpa.JpaTransactionManager - Participating in existing transaction
2026-03-16 17:04:21 [http-nio-8080-exec-15] DEBUG org.hibernate.SQL - select ua1_0.scrty_dtrmn_trget_id,ua1_0.author_code,ua1_0.frst_register_id,ua1_0.frst_regist_pnttm,ua1_0.last_updusr_id,ua1_0.last_updt_pnttm,ua1_0.mber_ty_code from nemplyrscrtyestbs ua1_0 where ua1_0.scrty_dtrmn_trget_id=?
2026-03-16 17:04:21 [http-nio-8080-exec-10] DEBUG o.s.orm.jpa.JpaTransactionManager - Found thread-bound EntityManager [SessionImpl(2094457452<open>)] for JPA transaction
2026-03-16 17:04:21 [http-nio-8080-exec-10] DEBUG o.s.orm.jpa.JpaTransactionManager - Participating in existing transaction
2026-03-16 17:04:21 [http-nio-8080-exec-10] DEBUG org.hibernate.SQL - select ua1_0.scrty_dtrmn_trget_id,ua1_0.author_code,ua1_0.frst_register_id,ua1_0.frst_regist_pnttm,ua1_0.last_updusr_id,ua1_0.last_updt_pnttm,ua1_0.mber_ty_code from nemplyrscrtyestbs ua1_0 where ua1_0.scrty_dtrmn_trget_id=?
2026-03-16 17:04:21 [http-nio-8080-exec-13] DEBUG o.s.orm.jpa.JpaTransactionManager - Initiating transaction commit
2026-03-16 17:04:21 [http-nio-8080-exec-13] DEBUG o.s.orm.jpa.JpaTransactionManager - Committing JPA transaction on EntityManager [SessionImpl(1628678707<open>)]
2026-03-16 17:04:21 [http-nio-8080-exec-3] DEBUG c.c.p.s.jwt.JwtAuthenticationFilter - >>> [JwtFilter] Processing request: GET /api/v1/menu/head
2026-03-16 17:04:21 [http-nio-8080-exec-17] DEBUG c.c.p.s.jwt.JwtAuthenticationFilter - >>> [JwtFilter] Processing request: GET /api/v1/dashboard
2026-03-16 17:04:21 [http-nio-8080-exec-3] DEBUG c.c.p.s.jwt.JwtAuthenticationFilter - >>> [JwtFilter] Found token in header for path: /api/v1/menu/head
2026-03-16 17:04:21 [http-nio-8080-exec-17] DEBUG c.c.p.s.jwt.JwtAuthenticationFilter - >>> [JwtFilter] Found token in header for path: /api/v1/dashboard
2026-03-16 17:04:21 [http-nio-8080-exec-3] DEBUG o.s.orm.jpa.JpaTransactionManager - Creating new transaction with name [com.company.project.security.iam.CustomUserDetailsService.loadUserByUsername]: PROPAGATION_REQUIRED,ISOLATION_DEFAULT,readOnly
2026-03-16 17:04:21 [http-nio-8080-exec-17] DEBUG o.s.orm.jpa.JpaTransactionManager - Creating new transaction with name [com.company.project.security.iam.CustomUserDetailsService.loadUserByUsername]: PROPAGATION_REQUIRED,ISOLATION_DEFAULT,readOnly
2026-03-16 17:04:21 [http-nio-8080-exec-3] DEBUG o.s.orm.jpa.JpaTransactionManager - Opened new EntityManager [SessionImpl(235730141<open>)] for JPA transaction
2026-03-16 17:04:21 [http-nio-8080-exec-17] DEBUG o.s.orm.jpa.JpaTransactionManager - Opened new EntityManager [SessionImpl(940302140<open>)] for JPA transaction
2026-03-16 17:04:21 [http-nio-8080-exec-15] DEBUG o.s.orm.jpa.JpaTransactionManager - Initiating transaction commit
2026-03-16 17:04:21 [http-nio-8080-exec-15] DEBUG o.s.orm.jpa.JpaTransactionManager - Committing JPA transaction on EntityManager [SessionImpl(1763992473<open>)]
2026-03-16 17:04:21 [http-nio-8080-exec-10] DEBUG o.s.orm.jpa.JpaTransactionManager - Initiating transaction commit
2026-03-16 17:04:21 [http-nio-8080-exec-10] DEBUG o.s.orm.jpa.JpaTransactionManager - Committing JPA transaction on EntityManager [SessionImpl(2094457452<open>)]
2026-03-16 17:04:21 [http-nio-8080-exec-17] DEBUG o.s.orm.jpa.JpaTransactionManager - Exposing JPA transaction as JDBC [org.springframework.orm.jpa.vendor.HibernateJpaDialect$HibernateConnectionHandle@55486a1a]
2026-03-16 17:04:21 [http-nio-8080-exec-13] DEBUG o.s.orm.jpa.JpaTransactionManager - Closing JPA EntityManager [SessionImpl(1628678707<open>)] after transaction
2026-03-16 17:04:21 [http-nio-8080-exec-3] DEBUG o.s.orm.jpa.JpaTransactionManager - Exposing JPA transaction as JDBC [org.springframework.orm.jpa.vendor.HibernateJpaDialect$HibernateConnectionHandle@562c371d]
2026-03-16 17:04:21 [http-nio-8080-exec-17] DEBUG o.s.orm.jpa.JpaTransactionManager - Found thread-bound EntityManager [SessionImpl(940302140<open>)] for JPA transaction
2026-03-16 17:04:21 [http-nio-8080-exec-17] DEBUG o.s.orm.jpa.JpaTransactionManager - Participating in existing transaction
2026-03-16 17:04:21 [http-nio-8080-exec-13] DEBUG c.c.p.s.jwt.JwtAuthenticationFilter - >>> [JwtFilter] Successfully authenticated user: USRCNFRM_00000000002, Authorities: [ROLE_USER]
2026-03-16 17:04:21 [http-nio-8080-exec-17] DEBUG org.hibernate.SQL - select u1_0.emplyr_id,u1_0.area_no,u1_0.brthdy,u1_0.chg_pwd_cnt,u1_0.frst_register_id,u1_0.frst_regist_pnttm,u1_0.detail_adres,u1_0.email_adres,u1_0.emplyr_sttus_code,u1_0.empl_no,u1_0.esntl_id,u1_0.fxnum,u1_0.group_id,u1_0.house_adres,u1_0.house_end_telno,u1_0.house_middle_telno,u1_0.ihidnum,u1_0.pstinst_code,u1_0.last_updusr_id,u1_0.last_updt_pnttm,u1_0.lock_at,u1_0.lock_cnt,u1_0.lock_last_pnttm,u1_0.mbtlnum,u1_0.ofcps_nm,u1_0.offm_telno,u1_0.orgnzt_id,u1_0.password,u1_0.password_cnsr,u1_0.password_hint,u1_0.chg_pwd_last_pnttm,u1_0.role,u1_0.sbscrb_de,u1_0.sexdstn_code,u1_0.crtfc_dn_value,u1_0.user_nm,u1_0.zip from nemplyrinfo u1_0 where u1_0.emplyr_id=?
2026-03-16 17:04:21 [http-nio-8080-exec-3] DEBUG o.s.orm.jpa.JpaTransactionManager - Found thread-bound EntityManager [SessionImpl(235730141<open>)] for JPA transaction
2026-03-16 17:04:21 [http-nio-8080-exec-3] DEBUG o.s.orm.jpa.JpaTransactionManager - Participating in existing transaction
2026-03-16 17:04:21 [http-nio-8080-exec-3] DEBUG org.hibernate.SQL - select u1_0.emplyr_id,u1_0.area_no,u1_0.brthdy,u1_0.chg_pwd_cnt,u1_0.frst_register_id,u1_0.frst_regist_pnttm,u1_0.detail_adres,u1_0.email_adres,u1_0.emplyr_sttus_code,u1_0.empl_no,u1_0.esntl_id,u1_0.fxnum,u1_0.group_id,u1_0.house_adres,u1_0.house_end_telno,u1_0.house_middle_telno,u1_0.ihidnum,u1_0.pstinst_code,u1_0.last_updusr_id,u1_0.last_updt_pnttm,u1_0.lock_at,u1_0.lock_cnt,u1_0.lock_last_pnttm,u1_0.mbtlnum,u1_0.ofcps_nm,u1_0.offm_telno,u1_0.orgnzt_id,u1_0.password,u1_0.password_cnsr,u1_0.password_hint,u1_0.chg_pwd_last_pnttm,u1_0.role,u1_0.sbscrb_de,u1_0.sexdstn_code,u1_0.crtfc_dn_value,u1_0.user_nm,u1_0.zip from nemplyrinfo u1_0 where u1_0.emplyr_id=?
2026-03-16 17:04:21 [http-nio-8080-exec-13] DEBUG o.s.web.servlet.DispatcherServlet - GET "/api/v1/auth/me", parameters={}
2026-03-16 17:04:21 [http-nio-8080-exec-13] TRACE o.s.w.s.m.m.a.RequestMappingHandlerMapping - Mapped to com.company.project.api.auth.AuthController#getCurrentUser()
2026-03-16 17:04:21 [http-nio-8080-exec-13] DEBUG o.s.w.s.m.m.a.RequestResponseBodyMethodProcessor - Using 'application/json', given [application/json, text/plain, */*] and supported [application/json, application/*+json, application/yaml]
2026-03-16 17:04:21 [http-nio-8080-exec-13] TRACE o.s.w.s.m.m.a.RequestResponseBodyMethodProcessor - Writing [ApiResponse[success=true, status=200, code=COMMON_001, message=Success, data={role=ROLE_USER, userSe=USR, name=일반사용자, id=user_regular}, timestamp=2026-03-16T17:04:21.509118400]]
2026-03-16 17:04:21 [http-nio-8080-exec-13] INFO  c.c.p.a.i.OperationalAuditInterceptor - API Audit Log: URL=/api/v1/auth/me, User=user_regular, IP=127.0.0.1
2026-03-16 17:04:21 [http-nio-8080-exec-13] DEBUG o.s.web.servlet.DispatcherServlet - Completed 200 OK
2026-03-16 17:04:21 [http-nio-8080-exec-15] DEBUG o.s.orm.jpa.JpaTransactionManager - Closing JPA EntityManager [SessionImpl(1763992473<open>)] after transaction
2026-03-16 17:04:21 [http-nio-8080-exec-15] DEBUG c.c.p.s.jwt.JwtAuthenticationFilter - >>> [JwtFilter] Successfully authenticated user: USRCNFRM_00000000002, Authorities: [ROLE_USER]
2026-03-16 17:04:21 [http-nio-8080-exec-10] DEBUG o.s.orm.jpa.JpaTransactionManager - Closing JPA EntityManager [SessionImpl(2094457452<open>)] after transaction
2026-03-16 17:04:21 [http-nio-8080-exec-15] DEBUG o.s.web.servlet.DispatcherServlet - GET "/api/v1/menu/left?menuNo=10", parameters={masked}
2026-03-16 17:04:21 [http-nio-8080-exec-10] DEBUG c.c.p.s.jwt.JwtAuthenticationFilter - >>> [JwtFilter] Successfully authenticated user: USRCNFRM_00000000002, Authorities: [ROLE_USER]
2026-03-16 17:04:21 [http-nio-8080-exec-15] TRACE o.s.w.s.m.m.a.RequestMappingHandlerMapping - Mapped to com.company.project.api.controller.menu.MenuController#getLeftMenu(Long)
2026-03-16 17:04:21 [http-nio-8080-exec-10] DEBUG o.s.web.servlet.DispatcherServlet - GET "/api/v1/menu/head", parameters={}
2026-03-16 17:04:21 [http-nio-8080-exec-10] TRACE o.s.w.s.m.m.a.RequestMappingHandlerMapping - Mapped to com.company.project.api.controller.menu.MenuController#getHeadMenu()
2026-03-16 17:04:21 [http-nio-8080-exec-15] INFO  c.c.p.a.c.menu.MenuController - getLeftMenu called with menuNo=10
2026-03-16 17:04:21 [http-nio-8080-exec-10] INFO  c.c.p.a.c.menu.MenuController - getHeadMenu called
2026-03-16 17:04:21 [http-nio-8080-exec-15] DEBUG o.s.orm.jpa.JpaTransactionManager - Creating new transaction with name [com.company.project.service.menu.MenuService.getSubMenus]: PROPAGATION_REQUIRED,ISOLATION_DEFAULT,readOnly
2026-03-16 17:04:21 [http-nio-8080-exec-15] DEBUG o.s.orm.jpa.JpaTransactionManager - Opened new EntityManager [SessionImpl(291034097<open>)] for JPA transaction
2026-03-16 17:04:21 [http-nio-8080-exec-15] DEBUG o.s.orm.jpa.JpaTransactionManager - Exposing JPA transaction as JDBC [org.springframework.orm.jpa.vendor.HibernateJpaDialect$HibernateConnectionHandle@65f06f34]
2026-03-16 17:04:21 [http-nio-8080-exec-10] INFO  c.c.p.a.c.menu.MenuController - getHeadMenu returned 5 items
2026-03-16 17:04:21 [http-nio-8080-exec-10] DEBUG o.s.w.s.m.m.a.HttpEntityMethodProcessor - Using 'application/json', given [application/json, text/plain, */*] and supported [application/json, application/*+json, application/yaml]
2026-03-16 17:04:21 [http-nio-8080-exec-10] TRACE o.s.w.s.m.m.a.HttpEntityMethodProcessor - Writing [ApiResponse[success=true, status=200, code=COMMON_001, message=Success, data={list=[com.company.project.service.menu.dto.MenuDto@4839fef0, com.company.project.service.menu.dto.MenuDto@1c69c1c2, com.company.project.service.menu.dto.MenuDto@6f5d2c3d, com.company.project.service.menu.dto.MenuDto@6314b47d, com.company.project.service.menu.dto.MenuDto@645d0891]}, timestamp=2026-03-16T17:04:21.523704100]]
2026-03-16 17:04:21 [http-nio-8080-exec-15] DEBUG org.hibernate.SQL - select m1_0.menu_no,m1_0.menu_dc,m1_0.menu_nm,m1_0.menu_ordr,m1_0.modern_route,m1_0.progrm_file_nm,m1_0.relate_image_nm,m1_0.relate_image_path,m1_0.route_updated_at,m1_0.upper_menu_no from nmenuinfo m1_0 order by m1_0.upper_menu_no,m1_0.menu_ordr
2026-03-16 17:04:21 [http-nio-8080-exec-10] INFO  c.c.p.a.i.OperationalAuditInterceptor - API Audit Log: URL=/api/v1/menu/head, User=user_regular, IP=127.0.0.1
2026-03-16 17:04:21 [http-nio-8080-exec-10] DEBUG o.s.web.servlet.DispatcherServlet - Completed 200 OK
2026-03-16 17:04:21 [http-nio-8080-exec-17] DEBUG o.s.orm.jpa.JpaTransactionManager - Found thread-bound EntityManager [SessionImpl(940302140<open>)] for JPA transaction
2026-03-16 17:04:21 [http-nio-8080-exec-3] DEBUG o.s.orm.jpa.JpaTransactionManager - Found thread-bound EntityManager [SessionImpl(235730141<open>)] for JPA transaction
2026-03-16 17:04:21 [http-nio-8080-exec-3] DEBUG o.s.orm.jpa.JpaTransactionManager - Participating in existing transaction
2026-03-16 17:04:21 [http-nio-8080-exec-17] DEBUG o.s.orm.jpa.JpaTransactionManager - Participating in existing transaction
2026-03-16 17:04:21 [http-nio-8080-exec-3] DEBUG org.hibernate.SQL - select ua1_0.scrty_dtrmn_trget_id,ua1_0.author_code,ua1_0.frst_register_id,ua1_0.frst_regist_pnttm,ua1_0.last_updusr_id,ua1_0.last_updt_pnttm,ua1_0.mber_ty_code from nemplyrscrtyestbs ua1_0 where ua1_0.scrty_dtrmn_trget_id=?
2026-03-16 17:04:21 [http-nio-8080-exec-17] DEBUG org.hibernate.SQL - select ua1_0.scrty_dtrmn_trget_id,ua1_0.author_code,ua1_0.frst_register_id,ua1_0.frst_regist_pnttm,ua1_0.last_updusr_id,ua1_0.last_updt_pnttm,ua1_0.mber_ty_code from nemplyrscrtyestbs ua1_0 where ua1_0.scrty_dtrmn_trget_id=?
2026-03-16 17:04:21 [http-nio-8080-exec-17] DEBUG o.s.orm.jpa.JpaTransactionManager - Initiating transaction commit
2026-03-16 17:04:21 [http-nio-8080-exec-17] DEBUG o.s.orm.jpa.JpaTransactionManager - Committing JPA transaction on EntityManager [SessionImpl(940302140<open>)]
2026-03-16 17:04:21 [http-nio-8080-exec-3] DEBUG o.s.orm.jpa.JpaTransactionManager - Initiating transaction commit
2026-03-16 17:04:21 [http-nio-8080-exec-3] DEBUG o.s.orm.jpa.JpaTransactionManager - Committing JPA transaction on EntityManager [SessionImpl(235730141<open>)]
2026-03-16 17:04:21 [http-nio-8080-exec-15] DEBUG o.s.orm.jpa.JpaTransactionManager - Found thread-bound EntityManager [SessionImpl(291034097<open>)] for JPA transaction
2026-03-16 17:04:21 [http-nio-8080-exec-15] DEBUG o.s.orm.jpa.JpaTransactionManager - Participating in existing transaction
2026-03-16 17:04:21 [http-nio-8080-exec-15] DEBUG org.hibernate.SQL - select p1_0.progrm_file_nm,p1_0.progrm_dc,p1_0.progrm_korean_nm,p1_0.progrm_stre_path,p1_0.url from nprogrmlist p1_0
2026-03-16 17:04:21 [http-nio-8080-exec-3] DEBUG o.s.orm.jpa.JpaTransactionManager - Closing JPA EntityManager [SessionImpl(235730141<open>)] after transaction
2026-03-16 17:04:21 [http-nio-8080-exec-17] DEBUG o.s.orm.jpa.JpaTransactionManager - Closing JPA EntityManager [SessionImpl(940302140<open>)] after transaction
2026-03-16 17:04:21 [http-nio-8080-exec-3] DEBUG c.c.p.s.jwt.JwtAuthenticationFilter - >>> [JwtFilter] Successfully authenticated user: USRCNFRM_00000000002, Authorities: [ROLE_USER]
2026-03-16 17:04:21 [http-nio-8080-exec-17] DEBUG c.c.p.s.jwt.JwtAuthenticationFilter - >>> [JwtFilter] Successfully authenticated user: USRCNFRM_00000000002, Authorities: [ROLE_USER]
2026-03-16 17:04:21 [http-nio-8080-exec-17] DEBUG o.s.web.servlet.DispatcherServlet - GET "/api/v1/dashboard", parameters={}
2026-03-16 17:04:21 [http-nio-8080-exec-3] DEBUG o.s.web.servlet.DispatcherServlet - GET "/api/v1/menu/head", parameters={}
2026-03-16 17:04:21 [http-nio-8080-exec-17] TRACE o.s.w.s.m.m.a.RequestMappingHandlerMapping - Mapped to com.company.project.api.controller.main.DashboardController#getDashboardData(UserDetails)
2026-03-16 17:04:21 [http-nio-8080-exec-3] TRACE o.s.w.s.m.m.a.RequestMappingHandlerMapping - Mapped to com.company.project.api.controller.menu.MenuController#getHeadMenu()
2026-03-16 17:04:21 [http-nio-8080-exec-17] INFO  c.c.p.a.c.main.DashboardController - >>> [Dashboard] Fetching data for user: USRCNFRM_00000000002
2026-03-16 17:04:21 [http-nio-8080-exec-3] INFO  c.c.p.a.c.menu.MenuController - getHeadMenu called
2026-03-16 17:04:21 [http-nio-8080-exec-17] DEBUG o.s.orm.jpa.JpaTransactionManager - Creating new transaction with name [com.company.project.service.board.BoardService.getBoardPosts]: PROPAGATION_REQUIRED,ISOLATION_DEFAULT,readOnly
2026-03-16 17:04:21 [http-nio-8080-exec-17] DEBUG o.s.orm.jpa.JpaTransactionManager - Opened new EntityManager [SessionImpl(969963415<open>)] for JPA transaction
2026-03-16 17:04:21 [http-nio-8080-exec-17] DEBUG o.s.orm.jpa.JpaTransactionManager - Exposing JPA transaction as JDBC [org.springframework.orm.jpa.vendor.HibernateJpaDialect$HibernateConnectionHandle@65b0a447]
2026-03-16 17:04:21 [http-nio-8080-exec-17] DEBUG o.s.orm.jpa.JpaTransactionManager - Found thread-bound EntityManager [SessionImpl(969963415<open>)] for JPA transaction
2026-03-16 17:04:21 [http-nio-8080-exec-17] DEBUG o.s.orm.jpa.JpaTransactionManager - Participating in existing transaction
2026-03-16 17:04:21 [http-nio-8080-exec-3] INFO  c.c.p.a.c.menu.MenuController - getHeadMenu returned 5 items
2026-03-16 17:04:21 [http-nio-8080-exec-17] DEBUG org.hibernate.SQL - select bm1_0.bbs_id,bm1_0.atch_posbl_file_number,bm1_0.atch_posbl_file_size,bm1_0.bbs_attrb_code,bm1_0.bbs_intrcn,bm1_0.bbs_nm,bm1_0.bbs_ty_code,bm1_0.blog_at,bm1_0.blog_id,bm1_0.cmmnty_id,bm1_0.frst_register_id,bm1_0.frst_regist_pnttm,bm1_0.file_atch_posbl_at,bm1_0.last_updusr_id,bm1_0.last_updt_pnttm,bm1_0.reply_posbl_at,bm1_0.tmplat_id,bm1_0.use_at,bm1_1.answer_at,bm1_1.stsfdg_at from nbbsmaster bm1_0 left join nbbsmasteroptn bm1_1 on bm1_0.bbs_id=bm1_1.bbs_id where bm1_0.bbs_id=?
2026-03-16 17:04:21 [http-nio-8080-exec-3] DEBUG o.s.w.s.m.m.a.HttpEntityMethodProcessor - Using 'application/json', given [application/json, text/plain, */*] and supported [application/json, application/*+json, application/yaml]
2026-03-16 17:04:21 [http-nio-8080-exec-3] TRACE o.s.w.s.m.m.a.HttpEntityMethodProcessor - Writing [ApiResponse[success=true, status=200, code=COMMON_001, message=Success, data={list=[com.company.project.service.menu.dto.MenuDto@4839fef0, com.company.project.service.menu.dto.MenuDto@1c69c1c2, com.company.project.service.menu.dto.MenuDto@6f5d2c3d, com.company.project.service.menu.dto.MenuDto@6314b47d, com.company.project.service.menu.dto.MenuDto@645d0891]}, timestamp=2026-03-16T17:04:21.960275800]]
2026-03-16 17:04:21 [http-nio-8080-exec-3] INFO  c.c.p.a.i.OperationalAuditInterceptor - API Audit Log: URL=/api/v1/menu/head, User=user_regular, IP=0:0:0:0:0:0:0:1
2026-03-16 17:04:21 [http-nio-8080-exec-3] DEBUG o.s.web.servlet.DispatcherServlet - Completed 200 OK
2026-03-16 17:04:21 [http-nio-8080-exec-19] DEBUG c.c.p.s.jwt.JwtAuthenticationFilter - >>> [JwtFilter] Processing request: GET /api/v1/menu/left
2026-03-16 17:04:21 [http-nio-8080-exec-19] DEBUG c.c.p.s.jwt.JwtAuthenticationFilter - >>> [JwtFilter] Found token in header for path: /api/v1/menu/left
2026-03-16 17:04:21 [http-nio-8080-exec-8] DEBUG c.c.p.s.jwt.JwtAuthenticationFilter - >>> [JwtFilter] Processing request: GET /api/v1/menu/left
2026-03-16 17:04:21 [http-nio-8080-exec-2] DEBUG c.c.p.s.jwt.JwtAuthenticationFilter - >>> [JwtFilter] Processing request: GET /api/v1/menu/left
2026-03-16 17:04:21 [http-nio-8080-exec-8] DEBUG c.c.p.s.jwt.JwtAuthenticationFilter - >>> [JwtFilter] Found token in header for path: /api/v1/menu/left
2026-03-16 17:04:21 [http-nio-8080-exec-2] DEBUG c.c.p.s.jwt.JwtAuthenticationFilter - >>> [JwtFilter] Found token in header for path: /api/v1/menu/left
2026-03-16 17:04:21 [http-nio-8080-exec-12] DEBUG c.c.p.s.jwt.JwtAuthenticationFilter - >>> [JwtFilter] Processing request: GET /api/v1/menu/left
2026-03-16 17:04:21 [http-nio-8080-exec-19] DEBUG o.s.orm.jpa.JpaTransactionManager - Creating new transaction with name [com.company.project.security.iam.CustomUserDetailsService.loadUserByUsername]: PROPAGATION_REQUIRED,ISOLATION_DEFAULT,readOnly
2026-03-16 17:04:21 [http-nio-8080-exec-9] DEBUG c.c.p.s.jwt.JwtAuthenticationFilter - >>> [JwtFilter] Processing request: GET /api/v1/menu/left
2026-03-16 17:04:21 [http-nio-8080-exec-2] DEBUG o.s.orm.jpa.JpaTransactionManager - Creating new transaction with name [com.company.project.security.iam.CustomUserDetailsService.loadUserByUsername]: PROPAGATION_REQUIRED,ISOLATION_DEFAULT,readOnly
2026-03-16 17:04:21 [http-nio-8080-exec-12] DEBUG c.c.p.s.jwt.JwtAuthenticationFilter - >>> [JwtFilter] Found token in header for path: /api/v1/menu/left
2026-03-16 17:04:21 [http-nio-8080-exec-2] DEBUG o.s.orm.jpa.JpaTransactionManager - Opened new EntityManager [SessionImpl(2008806946<open>)] for JPA transaction
2026-03-16 17:04:21 [http-nio-8080-exec-19] DEBUG o.s.orm.jpa.JpaTransactionManager - Opened new EntityManager [SessionImpl(564428033<open>)] for JPA transaction
2026-03-16 17:04:21 [http-nio-8080-exec-8] DEBUG o.s.orm.jpa.JpaTransactionManager - Creating new transaction with name [com.company.project.security.iam.CustomUserDetailsService.loadUserByUsername]: PROPAGATION_REQUIRED,ISOLATION_DEFAULT,readOnly
2026-03-16 17:04:21 [http-nio-8080-exec-8] DEBUG o.s.orm.jpa.JpaTransactionManager - Opened new EntityManager [SessionImpl(418496998<open>)] for JPA transaction
2026-03-16 17:04:21 [http-nio-8080-exec-19] DEBUG o.s.orm.jpa.JpaTransactionManager - Exposing JPA transaction as JDBC [org.springframework.orm.jpa.vendor.HibernateJpaDialect$HibernateConnectionHandle@1fb2a82b]
2026-03-16 17:04:21 [http-nio-8080-exec-9] DEBUG c.c.p.s.jwt.JwtAuthenticationFilter - >>> [JwtFilter] Found token in header for path: /api/v1/menu/left
2026-03-16 17:04:21 [http-nio-8080-exec-19] DEBUG o.s.orm.jpa.JpaTransactionManager - Found thread-bound EntityManager [SessionImpl(564428033<open>)] for JPA transaction
2026-03-16 17:04:21 [http-nio-8080-exec-19] DEBUG o.s.orm.jpa.JpaTransactionManager - Participating in existing transaction
2026-03-16 17:04:21 [http-nio-8080-exec-9] DEBUG o.s.orm.jpa.JpaTransactionManager - Creating new transaction with name [com.company.project.security.iam.CustomUserDetailsService.loadUserByUsername]: PROPAGATION_REQUIRED,ISOLATION_DEFAULT,readOnly
2026-03-16 17:04:21 [http-nio-8080-exec-9] DEBUG o.s.orm.jpa.JpaTransactionManager - Opened new EntityManager [SessionImpl(1378636084<open>)] for JPA transaction
2026-03-16 17:04:21 [http-nio-8080-exec-9] DEBUG o.s.orm.jpa.JpaTransactionManager - Exposing JPA transaction as JDBC [org.springframework.orm.jpa.vendor.HibernateJpaDialect$HibernateConnectionHandle@3b2fced5]
2026-03-16 17:04:21 [http-nio-8080-exec-19] DEBUG org.hibernate.SQL - select u1_0.emplyr_id,u1_0.area_no,u1_0.brthdy,u1_0.chg_pwd_cnt,u1_0.frst_register_id,u1_0.frst_regist_pnttm,u1_0.detail_adres,u1_0.email_adres,u1_0.emplyr_sttus_code,u1_0.empl_no,u1_0.esntl_id,u1_0.fxnum,u1_0.group_id,u1_0.house_adres,u1_0.house_end_telno,u1_0.house_middle_telno,u1_0.ihidnum,u1_0.pstinst_code,u1_0.last_updusr_id,u1_0.last_updt_pnttm,u1_0.lock_at,u1_0.lock_cnt,u1_0.lock_last_pnttm,u1_0.mbtlnum,u1_0.ofcps_nm,u1_0.offm_telno,u1_0.orgnzt_id,u1_0.password,u1_0.password_cnsr,u1_0.password_hint,u1_0.chg_pwd_last_pnttm,u1_0.role,u1_0.sbscrb_de,u1_0.sexdstn_code,u1_0.crtfc_dn_value,u1_0.user_nm,u1_0.zip from nemplyrinfo u1_0 where u1_0.emplyr_id=?
2026-03-16 17:04:21 [http-nio-8080-exec-12] DEBUG o.s.orm.jpa.JpaTransactionManager - Creating new transaction with name [com.company.project.security.iam.CustomUserDetailsService.loadUserByUsername]: PROPAGATION_REQUIRED,ISOLATION_DEFAULT,readOnly
2026-03-16 17:04:21 [http-nio-8080-exec-12] DEBUG o.s.orm.jpa.JpaTransactionManager - Opened new EntityManager [SessionImpl(1166164375<open>)] for JPA transaction
2026-03-16 17:04:21 [http-nio-8080-exec-12] DEBUG o.s.orm.jpa.JpaTransactionManager - Exposing JPA transaction as JDBC [org.springframework.orm.jpa.vendor.HibernateJpaDialect$HibernateConnectionHandle@42a13bc2]
2026-03-16 17:04:21 [http-nio-8080-exec-12] DEBUG o.s.orm.jpa.JpaTransactionManager - Found thread-bound EntityManager [SessionImpl(1166164375<open>)] for JPA transaction
2026-03-16 17:04:21 [http-nio-8080-exec-12] DEBUG o.s.orm.jpa.JpaTransactionManager - Participating in existing transaction
2026-03-16 17:04:21 [http-nio-8080-exec-9] DEBUG o.s.orm.jpa.JpaTransactionManager - Found thread-bound EntityManager [SessionImpl(1378636084<open>)] for JPA transaction
2026-03-16 17:04:21 [http-nio-8080-exec-12] DEBUG org.hibernate.SQL - select u1_0.emplyr_id,u1_0.area_no,u1_0.brthdy,u1_0.chg_pwd_cnt,u1_0.frst_register_id,u1_0.frst_regist_pnttm,u1_0.detail_adres,u1_0.email_adres,u1_0.emplyr_sttus_code,u1_0.empl_no,u1_0.esntl_id,u1_0.fxnum,u1_0.group_id,u1_0.house_adres,u1_0.house_end_telno,u1_0.house_middle_telno,u1_0.ihidnum,u1_0.pstinst_code,u1_0.last_updusr_id,u1_0.last_updt_pnttm,u1_0.lock_at,u1_0.lock_cnt,u1_0.lock_last_pnttm,u1_0.mbtlnum,u1_0.ofcps_nm,u1_0.offm_telno,u1_0.orgnzt_id,u1_0.password,u1_0.password_cnsr,u1_0.password_hint,u1_0.chg_pwd_last_pnttm,u1_0.role,u1_0.sbscrb_de,u1_0.sexdstn_code,u1_0.crtfc_dn_value,u1_0.user_nm,u1_0.zip from nemplyrinfo u1_0 where u1_0.emplyr_id=?
2026-03-16 17:04:21 [http-nio-8080-exec-9] DEBUG o.s.orm.jpa.JpaTransactionManager - Participating in existing transaction
2026-03-16 17:04:21 [http-nio-8080-exec-9] DEBUG org.hibernate.SQL - select u1_0.emplyr_id,u1_0.area_no,u1_0.brthdy,u1_0.chg_pwd_cnt,u1_0.frst_register_id,u1_0.frst_regist_pnttm,u1_0.detail_adres,u1_0.email_adres,u1_0.emplyr_sttus_code,u1_0.empl_no,u1_0.esntl_id,u1_0.fxnum,u1_0.group_id,u1_0.house_adres,u1_0.house_end_telno,u1_0.house_middle_telno,u1_0.ihidnum,u1_0.pstinst_code,u1_0.last_updusr_id,u1_0.last_updt_pnttm,u1_0.lock_at,u1_0.lock_cnt,u1_0.lock_last_pnttm,u1_0.mbtlnum,u1_0.ofcps_nm,u1_0.offm_telno,u1_0.orgnzt_id,u1_0.password,u1_0.password_cnsr,u1_0.password_hint,u1_0.chg_pwd_last_pnttm,u1_0.role,u1_0.sbscrb_de,u1_0.sexdstn_code,u1_0.crtfc_dn_value,u1_0.user_nm,u1_0.zip from nemplyrinfo u1_0 where u1_0.emplyr_id=?
2026-03-16 17:04:21 [http-nio-8080-exec-15] DEBUG o.s.orm.jpa.JpaTransactionManager - Initiating transaction commit
2026-03-16 17:04:21 [http-nio-8080-exec-15] DEBUG o.s.orm.jpa.JpaTransactionManager - Committing JPA transaction on EntityManager [SessionImpl(291034097<open>)]
2026-03-16 17:04:22 [http-nio-8080-exec-2] DEBUG o.s.orm.jpa.JpaTransactionManager - Exposing JPA transaction as JDBC [org.springframework.orm.jpa.vendor.HibernateJpaDialect$HibernateConnectionHandle@250b9cd1]
2026-03-16 17:04:22 [http-nio-8080-exec-2] DEBUG o.s.orm.jpa.JpaTransactionManager - Found thread-bound EntityManager [SessionImpl(2008806946<open>)] for JPA transaction
2026-03-16 17:04:22 [http-nio-8080-exec-2] DEBUG o.s.orm.jpa.JpaTransactionManager - Participating in existing transaction
2026-03-16 17:04:22 [http-nio-8080-exec-2] DEBUG org.hibernate.SQL - select u1_0.emplyr_id,u1_0.area_no,u1_0.brthdy,u1_0.chg_pwd_cnt,u1_0.frst_register_id,u1_0.frst_regist_pnttm,u1_0.detail_adres,u1_0.email_adres,u1_0.emplyr_sttus_code,u1_0.empl_no,u1_0.esntl_id,u1_0.fxnum,u1_0.group_id,u1_0.house_adres,u1_0.house_end_telno,u1_0.house_middle_telno,u1_0.ihidnum,u1_0.pstinst_code,u1_0.last_updusr_id,u1_0.last_updt_pnttm,u1_0.lock_at,u1_0.lock_cnt,u1_0.lock_last_pnttm,u1_0.mbtlnum,u1_0.ofcps_nm,u1_0.offm_telno,u1_0.orgnzt_id,u1_0.password,u1_0.password_cnsr,u1_0.password_hint,u1_0.chg_pwd_last_pnttm,u1_0.role,u1_0.sbscrb_de,u1_0.sexdstn_code,u1_0.crtfc_dn_value,u1_0.user_nm,u1_0.zip from nemplyrinfo u1_0 where u1_0.emplyr_id=?
2026-03-16 17:04:22 [http-nio-8080-exec-17] DEBUG org.hibernate.SQL - select b1_0.ntt_id,b1_0.bbs_id,b1_0.ntt_sj,b1_0.ntcr_nm,b1_0.frst_regist_pnttm,b1_0.rdcnt,b1_0.answer_at,b1_0.parntsctt_no,b1_0.answer_lc,b1_0.sort_ordr,b1_0.ntt_no,b1_0.notice_at,b1_0.secret_at,b1_0.comment_co from nbbs b1_0 left join nemplyrinfo u1_0 on b1_0.frst_register_id=u1_0.esntl_id where (b1_0.use_at = 'Y') and b1_0.bbs_id=? order by b1_0.sort_ordr desc,b1_0.ntt_no offset ? rows fetch first ? rows only
2026-03-16 17:04:22 [http-nio-8080-exec-8] DEBUG o.s.orm.jpa.JpaTransactionManager - Exposing JPA transaction as JDBC [org.springframework.orm.jpa.vendor.HibernateJpaDialect$HibernateConnectionHandle@72d592ca]
2026-03-16 17:04:22 [http-nio-8080-exec-12] DEBUG o.s.orm.jpa.JpaTransactionManager - Found thread-bound EntityManager [SessionImpl(1166164375<open>)] for JPA transaction
2026-03-16 17:04:22 [http-nio-8080-exec-8] DEBUG o.s.orm.jpa.JpaTransactionManager - Found thread-bound EntityManager [SessionImpl(418496998<open>)] for JPA transaction
2026-03-16 17:04:22 [http-nio-8080-exec-12] DEBUG o.s.orm.jpa.JpaTransactionManager - Participating in existing transaction
2026-03-16 17:04:22 [http-nio-8080-exec-19] DEBUG o.s.orm.jpa.JpaTransactionManager - Found thread-bound EntityManager [SessionImpl(564428033<open>)] for JPA transaction
2026-03-16 17:04:22 [http-nio-8080-exec-19] DEBUG o.s.orm.jpa.JpaTransactionManager - Participating in existing transaction
2026-03-16 17:04:22 [http-nio-8080-exec-8] DEBUG o.s.orm.jpa.JpaTransactionManager - Participating in existing transaction
2026-03-16 17:04:22 [http-nio-8080-exec-19] DEBUG org.hibernate.SQL - select ua1_0.scrty_dtrmn_trget_id,ua1_0.author_code,ua1_0.frst_register_id,ua1_0.frst_regist_pnttm,ua1_0.last_updusr_id,ua1_0.last_updt_pnttm,ua1_0.mber_ty_code from nemplyrscrtyestbs ua1_0 where ua1_0.scrty_dtrmn_trget_id=?
2026-03-16 17:04:22 [http-nio-8080-exec-8] DEBUG org.hibernate.SQL - select u1_0.emplyr_id,u1_0.area_no,u1_0.brthdy,u1_0.chg_pwd_cnt,u1_0.frst_register_id,u1_0.frst_regist_pnttm,u1_0.detail_adres,u1_0.email_adres,u1_0.emplyr_sttus_code,u1_0.empl_no,u1_0.esntl_id,u1_0.fxnum,u1_0.group_id,u1_0.house_adres,u1_0.house_end_telno,u1_0.house_middle_telno,u1_0.ihidnum,u1_0.pstinst_code,u1_0.last_updusr_id,u1_0.last_updt_pnttm,u1_0.lock_at,u1_0.lock_cnt,u1_0.lock_last_pnttm,u1_0.mbtlnum,u1_0.ofcps_nm,u1_0.offm_telno,u1_0.orgnzt_id,u1_0.password,u1_0.password_cnsr,u1_0.password_hint,u1_0.chg_pwd_last_pnttm,u1_0.role,u1_0.sbscrb_de,u1_0.sexdstn_code,u1_0.crtfc_dn_value,u1_0.user_nm,u1_0.zip from nemplyrinfo u1_0 where u1_0.emplyr_id=?
2026-03-16 17:04:22 [http-nio-8080-exec-12] DEBUG org.hibernate.SQL - select ua1_0.scrty_dtrmn_trget_id,ua1_0.author_code,ua1_0.frst_register_id,ua1_0.frst_regist_pnttm,ua1_0.last_updusr_id,ua1_0.last_updt_pnttm,ua1_0.mber_ty_code from nemplyrscrtyestbs ua1_0 where ua1_0.scrty_dtrmn_trget_id=?
2026-03-16 17:04:22 [http-nio-8080-exec-9] DEBUG o.s.orm.jpa.JpaTransactionManager - Found thread-bound EntityManager [SessionImpl(1378636084<open>)] for JPA transaction
2026-03-16 17:04:22 [http-nio-8080-exec-9] DEBUG o.s.orm.jpa.JpaTransactionManager - Participating in existing transaction
2026-03-16 17:04:22 [http-nio-8080-exec-9] DEBUG org.hibernate.SQL - select ua1_0.scrty_dtrmn_trget_id,ua1_0.author_code,ua1_0.frst_register_id,ua1_0.frst_regist_pnttm,ua1_0.last_updusr_id,ua1_0.last_updt_pnttm,ua1_0.mber_ty_code from nemplyrscrtyestbs ua1_0 where ua1_0.scrty_dtrmn_trget_id=?
2026-03-16 17:04:22 [http-nio-8080-exec-15] DEBUG o.s.orm.jpa.JpaTransactionManager - Closing JPA EntityManager [SessionImpl(291034097<open>)] after transaction
2026-03-16 17:04:22 [http-nio-8080-exec-15] INFO  c.c.p.a.c.menu.MenuController - getLeftMenu returned 5 items
2026-03-16 17:04:22 [http-nio-8080-exec-15] DEBUG o.s.w.s.m.m.a.HttpEntityMethodProcessor - Using 'application/json', given [application/json, text/plain, */*] and supported [application/json, application/*+json, application/yaml]
2026-03-16 17:04:22 [http-nio-8080-exec-15] TRACE o.s.w.s.m.m.a.HttpEntityMethodProcessor - Writing [ApiResponse[success=true, status=200, code=COMMON_001, message=Success, data={list=[com.company.project.service.menu.dto.MenuDto@3ce94c62, com.company.project.service.menu.dto.MenuDto@576d3d16, com.company.project.service.menu.dto.MenuDto@4ba9b636, com.company.project.service.menu.dto.MenuDto@68e25cd1, com.company.project.service.menu.dto.MenuDto@1e1e97f3]}, timestamp=2026-03-16T17:04:22.152057800]]
2026-03-16 17:04:22 [http-nio-8080-exec-15] INFO  c.c.p.a.i.OperationalAuditInterceptor - API Audit Log: URL=/api/v1/menu/left, User=user_regular, IP=127.0.0.1
2026-03-16 17:04:22 [http-nio-8080-exec-15] DEBUG o.s.web.servlet.DispatcherServlet - Completed 200 OK
2026-03-16 17:04:22 [http-nio-8080-exec-2] DEBUG o.s.orm.jpa.JpaTransactionManager - Found thread-bound EntityManager [SessionImpl(2008806946<open>)] for JPA transaction
2026-03-16 17:04:22 [http-nio-8080-exec-2] DEBUG o.s.orm.jpa.JpaTransactionManager - Participating in existing transaction
2026-03-16 17:04:22 [http-nio-8080-exec-2] DEBUG org.hibernate.SQL - select ua1_0.scrty_dtrmn_trget_id,ua1_0.author_code,ua1_0.frst_register_id,ua1_0.frst_regist_pnttm,ua1_0.last_updusr_id,ua1_0.last_updt_pnttm,ua1_0.mber_ty_code from nemplyrscrtyestbs ua1_0 where ua1_0.scrty_dtrmn_trget_id=?
2026-03-16 17:04:22 [http-nio-8080-exec-17] DEBUG org.hibernate.SQL - select count(b1_0.ntt_id) from nbbs b1_0 left join nemplyrinfo u1_0 on b1_0.frst_register_id=u1_0.esntl_id where (b1_0.use_at = 'Y') and b1_0.bbs_id=?
2026-03-16 17:04:22 [http-nio-8080-exec-8] DEBUG o.s.orm.jpa.JpaTransactionManager - Found thread-bound EntityManager [SessionImpl(418496998<open>)] for JPA transaction
2026-03-16 17:04:22 [http-nio-8080-exec-8] DEBUG o.s.orm.jpa.JpaTransactionManager - Participating in existing transaction
2026-03-16 17:04:22 [http-nio-8080-exec-8] DEBUG org.hibernate.SQL - select ua1_0.scrty_dtrmn_trget_id,ua1_0.author_code,ua1_0.frst_register_id,ua1_0.frst_regist_pnttm,ua1_0.last_updusr_id,ua1_0.last_updt_pnttm,ua1_0.mber_ty_code from nemplyrscrtyestbs ua1_0 where ua1_0.scrty_dtrmn_trget_id=?
2026-03-16 17:04:22 [http-nio-8080-exec-19] DEBUG o.s.orm.jpa.JpaTransactionManager - Initiating transaction commit
2026-03-16 17:04:22 [http-nio-8080-exec-12] DEBUG o.s.orm.jpa.JpaTransactionManager - Initiating transaction commit
2026-03-16 17:04:22 [http-nio-8080-exec-19] DEBUG o.s.orm.jpa.JpaTransactionManager - Committing JPA transaction on EntityManager [SessionImpl(564428033<open>)]
2026-03-16 17:04:22 [http-nio-8080-exec-12] DEBUG o.s.orm.jpa.JpaTransactionManager - Committing JPA transaction on EntityManager [SessionImpl(1166164375<open>)]
2026-03-16 17:04:22 [http-nio-8080-exec-9] DEBUG o.s.orm.jpa.JpaTransactionManager - Initiating transaction commit
2026-03-16 17:04:22 [http-nio-8080-exec-9] DEBUG o.s.orm.jpa.JpaTransactionManager - Committing JPA transaction on EntityManager [SessionImpl(1378636084<open>)]
2026-03-16 17:04:22 [http-nio-8080-exec-12] DEBUG o.s.orm.jpa.JpaTransactionManager - Closing JPA EntityManager [SessionImpl(1166164375<open>)] after transaction
2026-03-16 17:04:22 [http-nio-8080-exec-19] DEBUG o.s.orm.jpa.JpaTransactionManager - Closing JPA EntityManager [SessionImpl(564428033<open>)] after transaction
2026-03-16 17:04:22 [http-nio-8080-exec-2] DEBUG o.s.orm.jpa.JpaTransactionManager - Initiating transaction commit
2026-03-16 17:04:22 [http-nio-8080-exec-8] DEBUG o.s.orm.jpa.JpaTransactionManager - Initiating transaction commit
2026-03-16 17:04:22 [http-nio-8080-exec-17] DEBUG o.s.orm.jpa.JpaTransactionManager - Initiating transaction commit
2026-03-16 17:04:22 [http-nio-8080-exec-12] DEBUG c.c.p.s.jwt.JwtAuthenticationFilter - >>> [JwtFilter] Successfully authenticated user: USRCNFRM_00000000002, Authorities: [ROLE_USER]
2026-03-16 17:04:22 [http-nio-8080-exec-19] DEBUG c.c.p.s.jwt.JwtAuthenticationFilter - >>> [JwtFilter] Successfully authenticated user: USRCNFRM_00000000002, Authorities: [ROLE_USER]
2026-03-16 17:04:22 [http-nio-8080-exec-2] DEBUG o.s.orm.jpa.JpaTransactionManager - Committing JPA transaction on EntityManager [SessionImpl(2008806946<open>)]
2026-03-16 17:04:22 [http-nio-8080-exec-8] DEBUG o.s.orm.jpa.JpaTransactionManager - Committing JPA transaction on EntityManager [SessionImpl(418496998<open>)]
2026-03-16 17:04:22 [http-nio-8080-exec-17] DEBUG o.s.orm.jpa.JpaTransactionManager - Committing JPA transaction on EntityManager [SessionImpl(969963415<open>)]
2026-03-16 17:04:22 [http-nio-8080-exec-19] DEBUG o.s.web.servlet.DispatcherServlet - GET "/api/v1/menu/left?menuNo=40", parameters={masked}
2026-03-16 17:04:22 [http-nio-8080-exec-12] DEBUG o.s.web.servlet.DispatcherServlet - GET "/api/v1/menu/left?menuNo=60", parameters={masked}
2026-03-16 17:04:22 [http-nio-8080-exec-19] TRACE o.s.w.s.m.m.a.RequestMappingHandlerMapping - Mapped to com.company.project.api.controller.menu.MenuController#getLeftMenu(Long)
2026-03-16 17:04:22 [http-nio-8080-exec-12] TRACE o.s.w.s.m.m.a.RequestMappingHandlerMapping - Mapped to com.company.project.api.controller.menu.MenuController#getLeftMenu(Long)
2026-03-16 17:04:22 [http-nio-8080-exec-12] INFO  c.c.p.a.c.menu.MenuController - getLeftMenu called with menuNo=60
2026-03-16 17:04:22 [http-nio-8080-exec-19] INFO  c.c.p.a.c.menu.MenuController - getLeftMenu called with menuNo=40
2026-03-16 17:04:22 [http-nio-8080-exec-12] DEBUG o.s.orm.jpa.JpaTransactionManager - Creating new transaction with name [com.company.project.service.menu.MenuService.getSubMenus]: PROPAGATION_REQUIRED,ISOLATION_DEFAULT,readOnly
2026-03-16 17:04:22 [http-nio-8080-exec-12] DEBUG o.s.orm.jpa.JpaTransactionManager - Opened new EntityManager [SessionImpl(501103335<open>)] for JPA transaction
2026-03-16 17:04:22 [http-nio-8080-exec-19] DEBUG o.s.orm.jpa.JpaTransactionManager - Creating new transaction with name [com.company.project.service.menu.MenuService.getSubMenus]: PROPAGATION_REQUIRED,ISOLATION_DEFAULT,readOnly
2026-03-16 17:04:22 [http-nio-8080-exec-19] DEBUG o.s.orm.jpa.JpaTransactionManager - Opened new EntityManager [SessionImpl(590002987<open>)] for JPA transaction
2026-03-16 17:04:22 [http-nio-8080-exec-12] DEBUG o.s.orm.jpa.JpaTransactionManager - Exposing JPA transaction as JDBC [org.springframework.orm.jpa.vendor.HibernateJpaDialect$HibernateConnectionHandle@381839a1]
2026-03-16 17:04:22 [http-nio-8080-exec-19] DEBUG o.s.orm.jpa.JpaTransactionManager - Exposing JPA transaction as JDBC [org.springframework.orm.jpa.vendor.HibernateJpaDialect$HibernateConnectionHandle@e6f821]
2026-03-16 17:04:22 [http-nio-8080-exec-19] DEBUG org.hibernate.SQL - select m1_0.menu_no,m1_0.menu_dc,m1_0.menu_nm,m1_0.menu_ordr,m1_0.modern_route,m1_0.progrm_file_nm,m1_0.relate_image_nm,m1_0.relate_image_path,m1_0.route_updated_at,m1_0.upper_menu_no from nmenuinfo m1_0 order by m1_0.upper_menu_no,m1_0.menu_ordr
2026-03-16 17:04:22 [http-nio-8080-exec-12] DEBUG org.hibernate.SQL - select m1_0.menu_no,m1_0.menu_dc,m1_0.menu_nm,m1_0.menu_ordr,m1_0.modern_route,m1_0.progrm_file_nm,m1_0.relate_image_nm,m1_0.relate_image_path,m1_0.route_updated_at,m1_0.upper_menu_no from nmenuinfo m1_0 order by m1_0.upper_menu_no,m1_0.menu_ordr
2026-03-16 17:04:22 [http-nio-8080-exec-9] DEBUG o.s.orm.jpa.JpaTransactionManager - Closing JPA EntityManager [SessionImpl(1378636084<open>)] after transaction
2026-03-16 17:04:22 [http-nio-8080-exec-9] DEBUG c.c.p.s.jwt.JwtAuthenticationFilter - >>> [JwtFilter] Successfully authenticated user: USRCNFRM_00000000002, Authorities: [ROLE_USER]
2026-03-16 17:04:22 [http-nio-8080-exec-9] DEBUG o.s.web.servlet.DispatcherServlet - GET "/api/v1/menu/left?menuNo=50", parameters={masked}
2026-03-16 17:04:22 [http-nio-8080-exec-9] TRACE o.s.w.s.m.m.a.RequestMappingHandlerMapping - Mapped to com.company.project.api.controller.menu.MenuController#getLeftMenu(Long)
2026-03-16 17:04:22 [http-nio-8080-exec-9] INFO  c.c.p.a.c.menu.MenuController - getLeftMenu called with menuNo=50
2026-03-16 17:04:22 [http-nio-8080-exec-9] DEBUG o.s.orm.jpa.JpaTransactionManager - Creating new transaction with name [com.company.project.service.menu.MenuService.getSubMenus]: PROPAGATION_REQUIRED,ISOLATION_DEFAULT,readOnly
2026-03-16 17:04:22 [http-nio-8080-exec-9] DEBUG o.s.orm.jpa.JpaTransactionManager - Opened new EntityManager [SessionImpl(723466945<open>)] for JPA transaction
2026-03-16 17:04:22 [http-nio-8080-exec-9] DEBUG o.s.orm.jpa.JpaTransactionManager - Exposing JPA transaction as JDBC [org.springframework.orm.jpa.vendor.HibernateJpaDialect$HibernateConnectionHandle@41fd6203]
2026-03-16 17:04:22 [http-nio-8080-exec-9] DEBUG org.hibernate.SQL - select m1_0.menu_no,m1_0.menu_dc,m1_0.menu_nm,m1_0.menu_ordr,m1_0.modern_route,m1_0.progrm_file_nm,m1_0.relate_image_nm,m1_0.relate_image_path,m1_0.route_updated_at,m1_0.upper_menu_no from nmenuinfo m1_0 order by m1_0.upper_menu_no,m1_0.menu_ordr
2026-03-16 17:04:22 [http-nio-8080-exec-17] DEBUG o.s.orm.jpa.JpaTransactionManager - Closing JPA EntityManager [SessionImpl(969963415<open>)] after transaction
2026-03-16 17:04:22 [http-nio-8080-exec-2] DEBUG o.s.orm.jpa.JpaTransactionManager - Closing JPA EntityManager [SessionImpl(2008806946<open>)] after transaction
2026-03-16 17:04:22 [http-nio-8080-exec-8] DEBUG o.s.orm.jpa.JpaTransactionManager - Closing JPA EntityManager [SessionImpl(418496998<open>)] after transaction
2026-03-16 17:04:22 [http-nio-8080-exec-17] DEBUG o.s.orm.jpa.JpaTransactionManager - Creating new transaction with name [com.company.project.service.board.BoardService.getBoardPosts]: PROPAGATION_REQUIRED,ISOLATION_DEFAULT,readOnly
2026-03-16 17:04:22 [http-nio-8080-exec-2] DEBUG c.c.p.s.jwt.JwtAuthenticationFilter - >>> [JwtFilter] Successfully authenticated user: USRCNFRM_00000000002, Authorities: [ROLE_USER]
2026-03-16 17:04:22 [http-nio-8080-exec-8] DEBUG c.c.p.s.jwt.JwtAuthenticationFilter - >>> [JwtFilter] Successfully authenticated user: USRCNFRM_00000000002, Authorities: [ROLE_USER]
2026-03-16 17:04:22 [http-nio-8080-exec-17] DEBUG o.s.orm.jpa.JpaTransactionManager - Opened new EntityManager [SessionImpl(950892153<open>)] for JPA transaction
2026-03-16 17:04:22 [http-nio-8080-exec-17] DEBUG o.s.orm.jpa.JpaTransactionManager - Exposing JPA transaction as JDBC [org.springframework.orm.jpa.vendor.HibernateJpaDialect$HibernateConnectionHandle@46b5305]
2026-03-16 17:04:22 [http-nio-8080-exec-17] DEBUG o.s.orm.jpa.JpaTransactionManager - Found thread-bound EntityManager [SessionImpl(950892153<open>)] for JPA transaction
2026-03-16 17:04:22 [http-nio-8080-exec-17] DEBUG o.s.orm.jpa.JpaTransactionManager - Participating in existing transaction
2026-03-16 17:04:22 [http-nio-8080-exec-2] DEBUG o.s.web.servlet.DispatcherServlet - GET "/api/v1/menu/left?menuNo=20", parameters={masked}
2026-03-16 17:04:22 [http-nio-8080-exec-8] DEBUG o.s.web.servlet.DispatcherServlet - GET "/api/v1/menu/left?menuNo=10", parameters={masked}
2026-03-16 17:04:22 [http-nio-8080-exec-17] DEBUG org.hibernate.SQL - select bm1_0.bbs_id,bm1_0.atch_posbl_file_number,bm1_0.atch_posbl_file_size,bm1_0.bbs_attrb_code,bm1_0.bbs_intrcn,bm1_0.bbs_nm,bm1_0.bbs_ty_code,bm1_0.blog_at,bm1_0.blog_id,bm1_0.cmmnty_id,bm1_0.frst_register_id,bm1_0.frst_regist_pnttm,bm1_0.file_atch_posbl_at,bm1_0.last_updusr_id,bm1_0.last_updt_pnttm,bm1_0.reply_posbl_at,bm1_0.tmplat_id,bm1_0.use_at,bm1_1.answer_at,bm1_1.stsfdg_at from nbbsmaster bm1_0 left join nbbsmasteroptn bm1_1 on bm1_0.bbs_id=bm1_1.bbs_id where bm1_0.bbs_id=?
2026-03-16 17:04:22 [http-nio-8080-exec-2] TRACE o.s.w.s.m.m.a.RequestMappingHandlerMapping - Mapped to com.company.project.api.controller.menu.MenuController#getLeftMenu(Long)
2026-03-16 17:04:22 [http-nio-8080-exec-8] TRACE o.s.w.s.m.m.a.RequestMappingHandlerMapping - Mapped to com.company.project.api.controller.menu.MenuController#getLeftMenu(Long)
2026-03-16 17:04:22 [http-nio-8080-exec-2] INFO  c.c.p.a.c.menu.MenuController - getLeftMenu called with menuNo=20
2026-03-16 17:04:22 [http-nio-8080-exec-8] INFO  c.c.p.a.c.menu.MenuController - getLeftMenu called with menuNo=10
2026-03-16 17:04:22 [http-nio-8080-exec-2] DEBUG o.s.orm.jpa.JpaTransactionManager - Creating new transaction with name [com.company.project.service.menu.MenuService.getSubMenus]: PROPAGATION_REQUIRED,ISOLATION_DEFAULT,readOnly
2026-03-16 17:04:22 [http-nio-8080-exec-8] DEBUG o.s.orm.jpa.JpaTransactionManager - Creating new transaction with name [com.company.project.service.menu.MenuService.getSubMenus]: PROPAGATION_REQUIRED,ISOLATION_DEFAULT,readOnly
2026-03-16 17:04:22 [http-nio-8080-exec-8] DEBUG o.s.orm.jpa.JpaTransactionManager - Opened new EntityManager [SessionImpl(1498067351<open>)] for JPA transaction
2026-03-16 17:04:22 [http-nio-8080-exec-2] DEBUG o.s.orm.jpa.JpaTransactionManager - Opened new EntityManager [SessionImpl(132373814<open>)] for JPA transaction
2026-03-16 17:04:22 [http-nio-8080-exec-8] DEBUG o.s.orm.jpa.JpaTransactionManager - Exposing JPA transaction as JDBC [org.springframework.orm.jpa.vendor.HibernateJpaDialect$HibernateConnectionHandle@7abdfca3]
2026-03-16 17:04:22 [http-nio-8080-exec-2] DEBUG o.s.orm.jpa.JpaTransactionManager - Exposing JPA transaction as JDBC [org.springframework.orm.jpa.vendor.HibernateJpaDialect$HibernateConnectionHandle@232f34b1]
2026-03-16 17:04:22 [http-nio-8080-exec-8] DEBUG org.hibernate.SQL - select m1_0.menu_no,m1_0.menu_dc,m1_0.menu_nm,m1_0.menu_ordr,m1_0.modern_route,m1_0.progrm_file_nm,m1_0.relate_image_nm,m1_0.relate_image_path,m1_0.route_updated_at,m1_0.upper_menu_no from nmenuinfo m1_0 order by m1_0.upper_menu_no,m1_0.menu_ordr
2026-03-16 17:04:22 [http-nio-8080-exec-2] DEBUG org.hibernate.SQL - select m1_0.menu_no,m1_0.menu_dc,m1_0.menu_nm,m1_0.menu_ordr,m1_0.modern_route,m1_0.progrm_file_nm,m1_0.relate_image_nm,m1_0.relate_image_path,m1_0.route_updated_at,m1_0.upper_menu_no from nmenuinfo m1_0 order by m1_0.upper_menu_no,m1_0.menu_ordr
2026-03-16 17:04:22 [http-nio-8080-exec-19] DEBUG o.s.orm.jpa.JpaTransactionManager - Found thread-bound EntityManager [SessionImpl(590002987<open>)] for JPA transaction
2026-03-16 17:04:22 [http-nio-8080-exec-19] DEBUG o.s.orm.jpa.JpaTransactionManager - Participating in existing transaction
2026-03-16 17:04:22 [http-nio-8080-exec-19] DEBUG org.hibernate.SQL - select p1_0.progrm_file_nm,p1_0.progrm_dc,p1_0.progrm_korean_nm,p1_0.progrm_stre_path,p1_0.url from nprogrmlist p1_0
2026-03-16 17:04:22 [http-nio-8080-exec-12] DEBUG o.s.orm.jpa.JpaTransactionManager - Found thread-bound EntityManager [SessionImpl(501103335<open>)] for JPA transaction
2026-03-16 17:04:22 [http-nio-8080-exec-12] DEBUG o.s.orm.jpa.JpaTransactionManager - Participating in existing transaction
2026-03-16 17:04:22 [http-nio-8080-exec-12] DEBUG org.hibernate.SQL - select p1_0.progrm_file_nm,p1_0.progrm_dc,p1_0.progrm_korean_nm,p1_0.progrm_stre_path,p1_0.url from nprogrmlist p1_0
2026-03-16 17:04:22 [http-nio-8080-exec-17] DEBUG org.hibernate.SQL - select b1_0.ntt_id,b1_0.bbs_id,b1_0.ntt_sj,b1_0.ntcr_nm,b1_0.frst_regist_pnttm,b1_0.rdcnt,b1_0.answer_at,b1_0.parntsctt_no,b1_0.answer_lc,b1_0.sort_ordr,b1_0.ntt_no,b1_0.notice_at,b1_0.secret_at,b1_0.comment_co from nbbs b1_0 left join nemplyrinfo u1_0 on b1_0.frst_register_id=u1_0.esntl_id where (b1_0.use_at = 'Y') and b1_0.bbs_id=? order by b1_0.sort_ordr desc,b1_0.ntt_no offset ? rows fetch first ? rows only
2026-03-16 17:04:22 [http-nio-8080-exec-9] DEBUG o.s.orm.jpa.JpaTransactionManager - Found thread-bound EntityManager [SessionImpl(723466945<open>)] for JPA transaction
2026-03-16 17:04:22 [http-nio-8080-exec-9] DEBUG o.s.orm.jpa.JpaTransactionManager - Participating in existing transaction
2026-03-16 17:04:22 [http-nio-8080-exec-9] DEBUG org.hibernate.SQL - select p1_0.progrm_file_nm,p1_0.progrm_dc,p1_0.progrm_korean_nm,p1_0.progrm_stre_path,p1_0.url from nprogrmlist p1_0
2026-03-16 17:04:22 [http-nio-8080-exec-2] DEBUG o.s.orm.jpa.JpaTransactionManager - Found thread-bound EntityManager [SessionImpl(132373814<open>)] for JPA transaction
2026-03-16 17:04:22 [http-nio-8080-exec-2] DEBUG o.s.orm.jpa.JpaTransactionManager - Participating in existing transaction
2026-03-16 17:04:22 [http-nio-8080-exec-2] DEBUG org.hibernate.SQL - select p1_0.progrm_file_nm,p1_0.progrm_dc,p1_0.progrm_korean_nm,p1_0.progrm_stre_path,p1_0.url from nprogrmlist p1_0
2026-03-16 17:04:22 [http-nio-8080-exec-19] DEBUG o.s.orm.jpa.JpaTransactionManager - Initiating transaction commit
2026-03-16 17:04:22 [http-nio-8080-exec-19] DEBUG o.s.orm.jpa.JpaTransactionManager - Committing JPA transaction on EntityManager [SessionImpl(590002987<open>)]
2026-03-16 17:04:22 [http-nio-8080-exec-8] DEBUG o.s.orm.jpa.JpaTransactionManager - Found thread-bound EntityManager [SessionImpl(1498067351<open>)] for JPA transaction
2026-03-16 17:04:22 [http-nio-8080-exec-8] DEBUG o.s.orm.jpa.JpaTransactionManager - Participating in existing transaction
2026-03-16 17:04:22 [http-nio-8080-exec-8] DEBUG org.hibernate.SQL - select p1_0.progrm_file_nm,p1_0.progrm_dc,p1_0.progrm_korean_nm,p1_0.progrm_stre_path,p1_0.url from nprogrmlist p1_0
2026-03-16 17:04:22 [http-nio-8080-exec-17] DEBUG org.hibernate.SQL - select count(b1_0.ntt_id) from nbbs b1_0 left join nemplyrinfo u1_0 on b1_0.frst_register_id=u1_0.esntl_id where (b1_0.use_at = 'Y') and b1_0.bbs_id=?
2026-03-16 17:04:22 [http-nio-8080-exec-12] DEBUG o.s.orm.jpa.JpaTransactionManager - Initiating transaction commit
2026-03-16 17:04:22 [http-nio-8080-exec-12] DEBUG o.s.orm.jpa.JpaTransactionManager - Committing JPA transaction on EntityManager [SessionImpl(501103335<open>)]
2026-03-16 17:04:22 [http-nio-8080-exec-9] DEBUG o.s.orm.jpa.JpaTransactionManager - Initiating transaction commit
2026-03-16 17:04:22 [http-nio-8080-exec-9] DEBUG o.s.orm.jpa.JpaTransactionManager - Committing JPA transaction on EntityManager [SessionImpl(723466945<open>)]
2026-03-16 17:04:23 [http-nio-8080-exec-2] DEBUG o.s.orm.jpa.JpaTransactionManager - Initiating transaction commit
2026-03-16 17:04:23 [http-nio-8080-exec-2] DEBUG o.s.orm.jpa.JpaTransactionManager - Committing JPA transaction on EntityManager [SessionImpl(132373814<open>)]
2026-03-16 17:04:23 [http-nio-8080-exec-19] DEBUG o.s.orm.jpa.JpaTransactionManager - Closing JPA EntityManager [SessionImpl(590002987<open>)] after transaction
2026-03-16 17:04:23 [http-nio-8080-exec-19] INFO  c.c.p.a.c.menu.MenuController - getLeftMenu returned 2 items
2026-03-16 17:04:23 [http-nio-8080-exec-12] DEBUG o.s.orm.jpa.JpaTransactionManager - Closing JPA EntityManager [SessionImpl(501103335<open>)] after transaction
2026-03-16 17:04:23 [http-nio-8080-exec-12] INFO  c.c.p.a.c.menu.MenuController - getLeftMenu returned 1 items
2026-03-16 17:04:23 [http-nio-8080-exec-19] DEBUG o.s.w.s.m.m.a.HttpEntityMethodProcessor - Using 'application/json', given [application/json, text/plain, */*] and supported [application/json, application/*+json, application/yaml]
2026-03-16 17:04:23 [http-nio-8080-exec-19] TRACE o.s.w.s.m.m.a.HttpEntityMethodProcessor - Writing [ApiResponse[success=true, status=200, code=COMMON_001, message=Success, data={list=[com.company.project.service.menu.dto.MenuDto@1c616ae8, com.company.project.service.menu.dto.MenuDto@30e99fa0]}, timestamp=2026-03-16T17:04:23.029452400]]
2026-03-16 17:04:23 [http-nio-8080-exec-17] DEBUG o.s.orm.jpa.JpaTransactionManager - Initiating transaction commit
2026-03-16 17:04:23 [http-nio-8080-exec-12] DEBUG o.s.w.s.m.m.a.HttpEntityMethodProcessor - Using 'application/json', given [application/json, text/plain, */*] and supported [application/json, application/*+json, application/yaml]
2026-03-16 17:04:23 [http-nio-8080-exec-17] DEBUG o.s.orm.jpa.JpaTransactionManager - Committing JPA transaction on EntityManager [SessionImpl(950892153<open>)]
2026-03-16 17:04:23 [http-nio-8080-exec-12] TRACE o.s.w.s.m.m.a.HttpEntityMethodProcessor - Writing [ApiResponse[success=true, status=200, code=COMMON_001, message=Success, data={list=[com.company.project.service.menu.dto.MenuDto@59e25fb6]}, timestamp=2026-03-16T17:04:23.029452400]]
2026-03-16 17:04:23 [http-nio-8080-exec-19] INFO  c.c.p.a.i.OperationalAuditInterceptor - API Audit Log: URL=/api/v1/menu/left, User=user_regular, IP=0:0:0:0:0:0:0:1
2026-03-16 17:04:23 [http-nio-8080-exec-19] DEBUG o.s.web.servlet.DispatcherServlet - Completed 200 OK
2026-03-16 17:04:23 [http-nio-8080-exec-12] INFO  c.c.p.a.i.OperationalAuditInterceptor - API Audit Log: URL=/api/v1/menu/left, User=user_regular, IP=0:0:0:0:0:0:0:1
2026-03-16 17:04:23 [http-nio-8080-exec-12] DEBUG o.s.web.servlet.DispatcherServlet - Completed 200 OK
2026-03-16 17:04:23 [http-nio-8080-exec-8] DEBUG o.s.orm.jpa.JpaTransactionManager - Initiating transaction commit
2026-03-16 17:04:23 [http-nio-8080-exec-8] DEBUG o.s.orm.jpa.JpaTransactionManager - Committing JPA transaction on EntityManager [SessionImpl(1498067351<open>)]
2026-03-16 17:04:23 [http-nio-8080-exec-9] DEBUG o.s.orm.jpa.JpaTransactionManager - Closing JPA EntityManager [SessionImpl(723466945<open>)] after transaction
2026-03-16 17:04:23 [http-nio-8080-exec-9] INFO  c.c.p.a.c.menu.MenuController - getLeftMenu returned 3 items
2026-03-16 17:04:23 [http-nio-8080-exec-9] DEBUG o.s.w.s.m.m.a.HttpEntityMethodProcessor - Using 'application/json', given [application/json, text/plain, */*] and supported [application/json, application/*+json, application/yaml]
2026-03-16 17:04:23 [http-nio-8080-exec-9] TRACE o.s.w.s.m.m.a.HttpEntityMethodProcessor - Writing [ApiResponse[success=true, status=200, code=COMMON_001, message=Success, data={list=[com.company.project.service.menu.dto.MenuDto@3ad0898b, com.company.project.service.menu.dto.MenuDto@ba8be3a, com.company.project.service.menu.dto.MenuDto@4e3e7715]}, timestamp=2026-03-16T17:04:23.059848100]]
2026-03-16 17:04:23 [http-nio-8080-exec-9] INFO  c.c.p.a.i.OperationalAuditInterceptor - API Audit Log: URL=/api/v1/menu/left, User=user_regular, IP=0:0:0:0:0:0:0:1
2026-03-16 17:04:23 [http-nio-8080-exec-9] DEBUG o.s.web.servlet.DispatcherServlet - Completed 200 OK
2026-03-16 17:04:23 [http-nio-8080-exec-2] DEBUG o.s.orm.jpa.JpaTransactionManager - Closing JPA EntityManager [SessionImpl(132373814<open>)] after transaction
2026-03-16 17:04:23 [http-nio-8080-exec-2] INFO  c.c.p.a.c.menu.MenuController - getLeftMenu returned 3 items
2026-03-16 17:04:23 [http-nio-8080-exec-2] DEBUG o.s.w.s.m.m.a.HttpEntityMethodProcessor - Using 'application/json', given [application/json, text/plain, */*] and supported [application/json, application/*+json, application/yaml]
2026-03-16 17:04:23 [http-nio-8080-exec-2] TRACE o.s.w.s.m.m.a.HttpEntityMethodProcessor - Writing [ApiResponse[success=true, status=200, code=COMMON_001, message=Success, data={list=[com.company.project.service.menu.dto.MenuDto@28245c67, com.company.project.service.menu.dto.MenuDto@3453728f, com.company.project.service.menu.dto.MenuDto@3a7affa]}, timestamp=2026-03-16T17:04:23.176045500]]
2026-03-16 17:04:23 [http-nio-8080-exec-2] INFO  c.c.p.a.i.OperationalAuditInterceptor - API Audit Log: URL=/api/v1/menu/left, User=user_regular, IP=0:0:0:0:0:0:0:1
2026-03-16 17:04:23 [http-nio-8080-exec-2] DEBUG o.s.web.servlet.DispatcherServlet - Completed 200 OK
2026-03-16 17:04:23 [http-nio-8080-exec-17] DEBUG o.s.orm.jpa.JpaTransactionManager - Closing JPA EntityManager [SessionImpl(950892153<open>)] after transaction
2026-03-16 17:04:23 [http-nio-8080-exec-17] DEBUG o.s.orm.jpa.JpaTransactionManager - Creating new transaction with name [com.company.project.service.informalsanction.InformalSanctionServiceImpl.getReceivedInformalSanctionList]: PROPAGATION_REQUIRED,ISOLATION_DEFAULT,readOnly
2026-03-16 17:04:23 [http-nio-8080-exec-17] DEBUG o.s.orm.jpa.JpaTransactionManager - Opened new EntityManager [SessionImpl(1928184530<open>)] for JPA transaction
2026-03-16 17:04:23 [http-nio-8080-exec-17] DEBUG o.s.orm.jpa.JpaTransactionManager - Exposing JPA transaction as JDBC [org.springframework.orm.jpa.vendor.HibernateJpaDialect$HibernateConnectionHandle@552ff455]
2026-03-16 17:04:23 [http-nio-8080-exec-8] DEBUG o.s.orm.jpa.JpaTransactionManager - Closing JPA EntityManager [SessionImpl(1498067351<open>)] after transaction
2026-03-16 17:04:23 [http-nio-8080-exec-8] INFO  c.c.p.a.c.menu.MenuController - getLeftMenu returned 5 items
2026-03-16 17:04:23 [http-nio-8080-exec-8] DEBUG o.s.w.s.m.m.a.HttpEntityMethodProcessor - Using 'application/json', given [application/json, text/plain, */*] and supported [application/json, application/*+json, application/yaml]
2026-03-16 17:04:23 [http-nio-8080-exec-8] TRACE o.s.w.s.m.m.a.HttpEntityMethodProcessor - Writing [ApiResponse[success=true, status=200, code=COMMON_001, message=Success, data={list=[com.company.project.service.menu.dto.MenuDto@50f56a4a, com.company.project.service.menu.dto.MenuDto@696c49d6, com.company.project.service.menu.dto.MenuDto@5c3a977b, com.company.project.service.menu.dto.MenuDto@7475f4ea, com.company.project.service.menu.dto.MenuDto@f297714]}, timestamp=2026-03-16T17:04:23.178515600]]
2026-03-16 17:04:23 [http-nio-8080-exec-8] INFO  c.c.p.a.i.OperationalAuditInterceptor - API Audit Log: URL=/api/v1/menu/left, User=user_regular, IP=0:0:0:0:0:0:0:1
2026-03-16 17:04:23 [http-nio-8080-exec-8] DEBUG o.s.web.servlet.DispatcherServlet - Completed 200 OK
2026-03-16 17:04:23 [http-nio-8080-exec-17] DEBUG org.hibernate.SQL - select is1_0.infrml_sanctn_id,is1_0.applcnt_id,is1_0.confm_at,is1_0.frst_register_id,is1_0.frst_regist_pnttm,is1_0.job_se_code,is1_0.last_updusr_id,is1_0.last_updt_pnttm,is1_0.reqst_de,is1_0.return_resn,is1_0.sanctn_dt,is1_0.sanctner_id from ninfrmlsanctn is1_0 where is1_0.sanctner_id=?
2026-03-16 17:04:23 [http-nio-8080-exec-17] DEBUG o.s.orm.jpa.JpaTransactionManager - Initiating transaction commit
2026-03-16 17:04:23 [http-nio-8080-exec-17] DEBUG o.s.orm.jpa.JpaTransactionManager - Committing JPA transaction on EntityManager [SessionImpl(1928184530<open>)]
2026-03-16 17:04:23 [http-nio-8080-exec-17] DEBUG o.s.orm.jpa.JpaTransactionManager - Closing JPA EntityManager [SessionImpl(1928184530<open>)] after transaction
2026-03-16 17:04:23 [http-nio-8080-exec-17] DEBUG o.s.w.s.m.m.a.HttpEntityMethodProcessor - Using 'application/json', given [application/json, text/plain, */*] and supported [application/json, application/*+json, application/yaml]
2026-03-16 17:04:23 [http-nio-8080-exec-17] TRACE o.s.w.s.m.m.a.HttpEntityMethodProcessor - Writing [{notiList=[com.company.project.service.board.dto.BoardDto@54e3c801], success=true, taskList=[com.company.project.service.board.dto.BoardDto@3b6b3fcd], pendingApprovalCount=0}]
2026-03-16 17:04:23 [http-nio-8080-exec-17] INFO  c.c.p.a.i.OperationalAuditInterceptor - API Audit Log: URL=/api/v1/dashboard, User=user_regular, IP=0:0:0:0:0:0:0:1
2026-03-16 17:04:23 [http-nio-8080-exec-17] DEBUG o.s.web.servlet.DispatcherServlet - Completed 200 OK
2026-03-16 17:04:23 [http-nio-8080-exec-13] DEBUG c.c.p.s.jwt.JwtAuthenticationFilter - >>> [JwtFilter] Processing request: GET /api/v1/menu/left
2026-03-16 17:04:23 [http-nio-8080-exec-13] DEBUG c.c.p.s.jwt.JwtAuthenticationFilter - >>> [JwtFilter] Found token in header for path: /api/v1/menu/left
2026-03-16 17:04:23 [http-nio-8080-exec-13] DEBUG o.s.orm.jpa.JpaTransactionManager - Creating new transaction with name [com.company.project.security.iam.CustomUserDetailsService.loadUserByUsername]: PROPAGATION_REQUIRED,ISOLATION_DEFAULT,readOnly
2026-03-16 17:04:23 [http-nio-8080-exec-13] DEBUG o.s.orm.jpa.JpaTransactionManager - Opened new EntityManager [SessionImpl(388276094<open>)] for JPA transaction
2026-03-16 17:04:23 [http-nio-8080-exec-10] DEBUG c.c.p.s.jwt.JwtAuthenticationFilter - >>> [JwtFilter] Processing request: GET /api/v1/menu/head
2026-03-16 17:04:23 [http-nio-8080-exec-3] DEBUG c.c.p.s.jwt.JwtAuthenticationFilter - >>> [JwtFilter] Processing request: GET /api/v1/auth/me
2026-03-16 17:04:23 [http-nio-8080-exec-10] DEBUG c.c.p.s.jwt.JwtAuthenticationFilter - >>> [JwtFilter] Found token in header for path: /api/v1/menu/head
2026-03-16 17:04:23 [http-nio-8080-exec-3] DEBUG c.c.p.s.jwt.JwtAuthenticationFilter - >>> [JwtFilter] Found token in header for path: /api/v1/auth/me
2026-03-16 17:04:23 [http-nio-8080-exec-10] DEBUG o.s.orm.jpa.JpaTransactionManager - Creating new transaction with name [com.company.project.security.iam.CustomUserDetailsService.loadUserByUsername]: PROPAGATION_REQUIRED,ISOLATION_DEFAULT,readOnly
2026-03-16 17:04:23 [http-nio-8080-exec-10] DEBUG o.s.orm.jpa.JpaTransactionManager - Opened new EntityManager [SessionImpl(918913587<open>)] for JPA transaction
2026-03-16 17:04:23 [http-nio-8080-exec-3] DEBUG o.s.orm.jpa.JpaTransactionManager - Creating new transaction with name [com.company.project.security.iam.CustomUserDetailsService.loadUserByUsername]: PROPAGATION_REQUIRED,ISOLATION_DEFAULT,readOnly
2026-03-16 17:04:23 [http-nio-8080-exec-3] DEBUG o.s.orm.jpa.JpaTransactionManager - Opened new EntityManager [SessionImpl(1154318894<open>)] for JPA transaction
2026-03-16 17:04:23 [http-nio-8080-exec-13] DEBUG o.s.orm.jpa.JpaTransactionManager - Exposing JPA transaction as JDBC [org.springframework.orm.jpa.vendor.HibernateJpaDialect$HibernateConnectionHandle@2980b812]
2026-03-16 17:04:23 [http-nio-8080-exec-3] DEBUG o.s.orm.jpa.JpaTransactionManager - Exposing JPA transaction as JDBC [org.springframework.orm.jpa.vendor.HibernateJpaDialect$HibernateConnectionHandle@11ef4b73]
2026-03-16 17:04:23 [http-nio-8080-exec-13] DEBUG o.s.orm.jpa.JpaTransactionManager - Found thread-bound EntityManager [SessionImpl(388276094<open>)] for JPA transaction
2026-03-16 17:04:23 [http-nio-8080-exec-13] DEBUG o.s.orm.jpa.JpaTransactionManager - Participating in existing transaction
2026-03-16 17:04:23 [http-nio-8080-exec-3] DEBUG o.s.orm.jpa.JpaTransactionManager - Found thread-bound EntityManager [SessionImpl(1154318894<open>)] for JPA transaction
2026-03-16 17:04:23 [http-nio-8080-exec-3] DEBUG o.s.orm.jpa.JpaTransactionManager - Participating in existing transaction
2026-03-16 17:04:23 [http-nio-8080-exec-3] DEBUG org.hibernate.SQL - select u1_0.emplyr_id,u1_0.area_no,u1_0.brthdy,u1_0.chg_pwd_cnt,u1_0.frst_register_id,u1_0.frst_regist_pnttm,u1_0.detail_adres,u1_0.email_adres,u1_0.emplyr_sttus_code,u1_0.empl_no,u1_0.esntl_id,u1_0.fxnum,u1_0.group_id,u1_0.house_adres,u1_0.house_end_telno,u1_0.house_middle_telno,u1_0.ihidnum,u1_0.pstinst_code,u1_0.last_updusr_id,u1_0.last_updt_pnttm,u1_0.lock_at,u1_0.lock_cnt,u1_0.lock_last_pnttm,u1_0.mbtlnum,u1_0.ofcps_nm,u1_0.offm_telno,u1_0.orgnzt_id,u1_0.password,u1_0.password_cnsr,u1_0.password_hint,u1_0.chg_pwd_last_pnttm,u1_0.role,u1_0.sbscrb_de,u1_0.sexdstn_code,u1_0.crtfc_dn_value,u1_0.user_nm,u1_0.zip from nemplyrinfo u1_0 where u1_0.emplyr_id=?
2026-03-16 17:04:23 [http-nio-8080-exec-13] DEBUG org.hibernate.SQL - select u1_0.emplyr_id,u1_0.area_no,u1_0.brthdy,u1_0.chg_pwd_cnt,u1_0.frst_register_id,u1_0.frst_regist_pnttm,u1_0.detail_adres,u1_0.email_adres,u1_0.emplyr_sttus_code,u1_0.empl_no,u1_0.esntl_id,u1_0.fxnum,u1_0.group_id,u1_0.house_adres,u1_0.house_end_telno,u1_0.house_middle_telno,u1_0.ihidnum,u1_0.pstinst_code,u1_0.last_updusr_id,u1_0.last_updt_pnttm,u1_0.lock_at,u1_0.lock_cnt,u1_0.lock_last_pnttm,u1_0.mbtlnum,u1_0.ofcps_nm,u1_0.offm_telno,u1_0.orgnzt_id,u1_0.password,u1_0.password_cnsr,u1_0.password_hint,u1_0.chg_pwd_last_pnttm,u1_0.role,u1_0.sbscrb_de,u1_0.sexdstn_code,u1_0.crtfc_dn_value,u1_0.user_nm,u1_0.zip from nemplyrinfo u1_0 where u1_0.emplyr_id=?
2026-03-16 17:04:23 [http-nio-8080-exec-10] DEBUG o.s.orm.jpa.JpaTransactionManager - Exposing JPA transaction as JDBC [org.springframework.orm.jpa.vendor.HibernateJpaDialect$HibernateConnectionHandle@303c4f4e]
2026-03-16 17:04:23 [http-nio-8080-exec-10] DEBUG o.s.orm.jpa.JpaTransactionManager - Found thread-bound EntityManager [SessionImpl(918913587<open>)] for JPA transaction
2026-03-16 17:04:23 [http-nio-8080-exec-10] DEBUG o.s.orm.jpa.JpaTransactionManager - Participating in existing transaction
2026-03-16 17:04:23 [http-nio-8080-exec-10] DEBUG org.hibernate.SQL - select u1_0.emplyr_id,u1_0.area_no,u1_0.brthdy,u1_0.chg_pwd_cnt,u1_0.frst_register_id,u1_0.frst_regist_pnttm,u1_0.detail_adres,u1_0.email_adres,u1_0.emplyr_sttus_code,u1_0.empl_no,u1_0.esntl_id,u1_0.fxnum,u1_0.group_id,u1_0.house_adres,u1_0.house_end_telno,u1_0.house_middle_telno,u1_0.ihidnum,u1_0.pstinst_code,u1_0.last_updusr_id,u1_0.last_updt_pnttm,u1_0.lock_at,u1_0.lock_cnt,u1_0.lock_last_pnttm,u1_0.mbtlnum,u1_0.ofcps_nm,u1_0.offm_telno,u1_0.orgnzt_id,u1_0.password,u1_0.password_cnsr,u1_0.password_hint,u1_0.chg_pwd_last_pnttm,u1_0.role,u1_0.sbscrb_de,u1_0.sexdstn_code,u1_0.crtfc_dn_value,u1_0.user_nm,u1_0.zip from nemplyrinfo u1_0 where u1_0.emplyr_id=?
2026-03-16 17:04:23 [http-nio-8080-exec-13] DEBUG o.s.orm.jpa.JpaTransactionManager - Found thread-bound EntityManager [SessionImpl(388276094<open>)] for JPA transaction
2026-03-16 17:04:23 [http-nio-8080-exec-13] DEBUG o.s.orm.jpa.JpaTransactionManager - Participating in existing transaction
2026-03-16 17:04:23 [http-nio-8080-exec-13] DEBUG org.hibernate.SQL - select ua1_0.scrty_dtrmn_trget_id,ua1_0.author_code,ua1_0.frst_register_id,ua1_0.frst_regist_pnttm,ua1_0.last_updusr_id,ua1_0.last_updt_pnttm,ua1_0.mber_ty_code from nemplyrscrtyestbs ua1_0 where ua1_0.scrty_dtrmn_trget_id=?
2026-03-16 17:04:23 [http-nio-8080-exec-3] DEBUG o.s.orm.jpa.JpaTransactionManager - Found thread-bound EntityManager [SessionImpl(1154318894<open>)] for JPA transaction
2026-03-16 17:04:23 [http-nio-8080-exec-3] DEBUG o.s.orm.jpa.JpaTransactionManager - Participating in existing transaction
2026-03-16 17:04:23 [http-nio-8080-exec-3] DEBUG org.hibernate.SQL - select ua1_0.scrty_dtrmn_trget_id,ua1_0.author_code,ua1_0.frst_register_id,ua1_0.frst_regist_pnttm,ua1_0.last_updusr_id,ua1_0.last_updt_pnttm,ua1_0.mber_ty_code from nemplyrscrtyestbs ua1_0 where ua1_0.scrty_dtrmn_trget_id=?
2026-03-16 17:04:23 [http-nio-8080-exec-10] DEBUG o.s.orm.jpa.JpaTransactionManager - Found thread-bound EntityManager [SessionImpl(918913587<open>)] for JPA transaction
2026-03-16 17:04:23 [http-nio-8080-exec-10] DEBUG o.s.orm.jpa.JpaTransactionManager - Participating in existing transaction
2026-03-16 17:04:23 [http-nio-8080-exec-10] DEBUG org.hibernate.SQL - select ua1_0.scrty_dtrmn_trget_id,ua1_0.author_code,ua1_0.frst_register_id,ua1_0.frst_regist_pnttm,ua1_0.last_updusr_id,ua1_0.last_updt_pnttm,ua1_0.mber_ty_code from nemplyrscrtyestbs ua1_0 where ua1_0.scrty_dtrmn_trget_id=?
2026-03-16 17:04:24 [http-nio-8080-exec-15] DEBUG c.c.p.s.jwt.JwtAuthenticationFilter - >>> [JwtFilter] Processing request: GET /api/v1/menu/head
2026-03-16 17:04:24 [http-nio-8080-exec-19] DEBUG c.c.p.s.jwt.JwtAuthenticationFilter - >>> [JwtFilter] Processing request: GET /api/v1/dashboard
2026-03-16 17:04:24 [http-nio-8080-exec-15] DEBUG c.c.p.s.jwt.JwtAuthenticationFilter - >>> [JwtFilter] Found token in header for path: /api/v1/menu/head
2026-03-16 17:04:24 [http-nio-8080-exec-19] DEBUG c.c.p.s.jwt.JwtAuthenticationFilter - >>> [JwtFilter] Found token in header for path: /api/v1/dashboard
2026-03-16 17:04:24 [http-nio-8080-exec-19] DEBUG o.s.orm.jpa.JpaTransactionManager - Creating new transaction with name [com.company.project.security.iam.CustomUserDetailsService.loadUserByUsername]: PROPAGATION_REQUIRED,ISOLATION_DEFAULT,readOnly
2026-03-16 17:04:24 [http-nio-8080-exec-15] DEBUG o.s.orm.jpa.JpaTransactionManager - Creating new transaction with name [com.company.project.security.iam.CustomUserDetailsService.loadUserByUsername]: PROPAGATION_REQUIRED,ISOLATION_DEFAULT,readOnly
2026-03-16 17:04:24 [http-nio-8080-exec-19] DEBUG o.s.orm.jpa.JpaTransactionManager - Opened new EntityManager [SessionImpl(115020873<open>)] for JPA transaction
2026-03-16 17:04:24 [http-nio-8080-exec-15] DEBUG o.s.orm.jpa.JpaTransactionManager - Opened new EntityManager [SessionImpl(547720363<open>)] for JPA transaction
2026-03-16 17:04:24 [http-nio-8080-exec-13] DEBUG o.s.orm.jpa.JpaTransactionManager - Initiating transaction commit
2026-03-16 17:04:24 [http-nio-8080-exec-13] DEBUG o.s.orm.jpa.JpaTransactionManager - Committing JPA transaction on EntityManager [SessionImpl(388276094<open>)]
2026-03-16 17:04:24 [http-nio-8080-exec-3] DEBUG o.s.orm.jpa.JpaTransactionManager - Initiating transaction commit
2026-03-16 17:04:24 [http-nio-8080-exec-3] DEBUG o.s.orm.jpa.JpaTransactionManager - Committing JPA transaction on EntityManager [SessionImpl(1154318894<open>)]
2026-03-16 17:04:24 [http-nio-8080-exec-10] DEBUG o.s.orm.jpa.JpaTransactionManager - Initiating transaction commit
2026-03-16 17:04:24 [http-nio-8080-exec-10] DEBUG o.s.orm.jpa.JpaTransactionManager - Committing JPA transaction on EntityManager [SessionImpl(918913587<open>)]
2026-03-16 17:04:24 [http-nio-8080-exec-19] DEBUG o.s.orm.jpa.JpaTransactionManager - Exposing JPA transaction as JDBC [org.springframework.orm.jpa.vendor.HibernateJpaDialect$HibernateConnectionHandle@1e8305b]
2026-03-16 17:04:24 [http-nio-8080-exec-19] DEBUG o.s.orm.jpa.JpaTransactionManager - Found thread-bound EntityManager [SessionImpl(115020873<open>)] for JPA transaction
2026-03-16 17:04:24 [http-nio-8080-exec-19] DEBUG o.s.orm.jpa.JpaTransactionManager - Participating in existing transaction
2026-03-16 17:04:24 [http-nio-8080-exec-19] DEBUG org.hibernate.SQL - select u1_0.emplyr_id,u1_0.area_no,u1_0.brthdy,u1_0.chg_pwd_cnt,u1_0.frst_register_id,u1_0.frst_regist_pnttm,u1_0.detail_adres,u1_0.email_adres,u1_0.emplyr_sttus_code,u1_0.empl_no,u1_0.esntl_id,u1_0.fxnum,u1_0.group_id,u1_0.house_adres,u1_0.house_end_telno,u1_0.house_middle_telno,u1_0.ihidnum,u1_0.pstinst_code,u1_0.last_updusr_id,u1_0.last_updt_pnttm,u1_0.lock_at,u1_0.lock_cnt,u1_0.lock_last_pnttm,u1_0.mbtlnum,u1_0.ofcps_nm,u1_0.offm_telno,u1_0.orgnzt_id,u1_0.password,u1_0.password_cnsr,u1_0.password_hint,u1_0.chg_pwd_last_pnttm,u1_0.role,u1_0.sbscrb_de,u1_0.sexdstn_code,u1_0.crtfc_dn_value,u1_0.user_nm,u1_0.zip from nemplyrinfo u1_0 where u1_0.emplyr_id=?
2026-03-16 17:04:24 [http-nio-8080-exec-15] DEBUG o.s.orm.jpa.JpaTransactionManager - Exposing JPA transaction as JDBC [org.springframework.orm.jpa.vendor.HibernateJpaDialect$HibernateConnectionHandle@263b868f]
2026-03-16 17:04:24 [http-nio-8080-exec-15] DEBUG o.s.orm.jpa.JpaTransactionManager - Found thread-bound EntityManager [SessionImpl(547720363<open>)] for JPA transaction
2026-03-16 17:04:24 [http-nio-8080-exec-15] DEBUG o.s.orm.jpa.JpaTransactionManager - Participating in existing transaction
2026-03-16 17:04:24 [http-nio-8080-exec-15] DEBUG org.hibernate.SQL - select u1_0.emplyr_id,u1_0.area_no,u1_0.brthdy,u1_0.chg_pwd_cnt,u1_0.frst_register_id,u1_0.frst_regist_pnttm,u1_0.detail_adres,u1_0.email_adres,u1_0.emplyr_sttus_code,u1_0.empl_no,u1_0.esntl_id,u1_0.fxnum,u1_0.group_id,u1_0.house_adres,u1_0.house_end_telno,u1_0.house_middle_telno,u1_0.ihidnum,u1_0.pstinst_code,u1_0.last_updusr_id,u1_0.last_updt_pnttm,u1_0.lock_at,u1_0.lock_cnt,u1_0.lock_last_pnttm,u1_0.mbtlnum,u1_0.ofcps_nm,u1_0.offm_telno,u1_0.orgnzt_id,u1_0.password,u1_0.password_cnsr,u1_0.password_hint,u1_0.chg_pwd_last_pnttm,u1_0.role,u1_0.sbscrb_de,u1_0.sexdstn_code,u1_0.crtfc_dn_value,u1_0.user_nm,u1_0.zip from nemplyrinfo u1_0 where u1_0.emplyr_id=?
2026-03-16 17:04:24 [http-nio-8080-exec-13] DEBUG o.s.orm.jpa.JpaTransactionManager - Closing JPA EntityManager [SessionImpl(388276094<open>)] after transaction
2026-03-16 17:04:24 [http-nio-8080-exec-13] DEBUG c.c.p.s.jwt.JwtAuthenticationFilter - >>> [JwtFilter] Successfully authenticated user: USRCNFRM_00000000002, Authorities: [ROLE_USER]
2026-03-16 17:04:24 [http-nio-8080-exec-13] DEBUG o.s.web.servlet.DispatcherServlet - GET "/api/v1/menu/left?menuNo=10", parameters={masked}
2026-03-16 17:04:24 [http-nio-8080-exec-13] TRACE o.s.w.s.m.m.a.RequestMappingHandlerMapping - Mapped to com.company.project.api.controller.menu.MenuController#getLeftMenu(Long)
2026-03-16 17:04:24 [http-nio-8080-exec-13] INFO  c.c.p.a.c.menu.MenuController - getLeftMenu called with menuNo=10
2026-03-16 17:04:24 [http-nio-8080-exec-13] DEBUG o.s.orm.jpa.JpaTransactionManager - Creating new transaction with name [com.company.project.service.menu.MenuService.getSubMenus]: PROPAGATION_REQUIRED,ISOLATION_DEFAULT,readOnly
2026-03-16 17:04:24 [http-nio-8080-exec-13] DEBUG o.s.orm.jpa.JpaTransactionManager - Opened new EntityManager [SessionImpl(1570239130<open>)] for JPA transaction
2026-03-16 17:04:24 [http-nio-8080-exec-13] DEBUG o.s.orm.jpa.JpaTransactionManager - Exposing JPA transaction as JDBC [org.springframework.orm.jpa.vendor.HibernateJpaDialect$HibernateConnectionHandle@1c094a4d]
2026-03-16 17:04:24 [http-nio-8080-exec-13] DEBUG org.hibernate.SQL - select m1_0.menu_no,m1_0.menu_dc,m1_0.menu_nm,m1_0.menu_ordr,m1_0.modern_route,m1_0.progrm_file_nm,m1_0.relate_image_nm,m1_0.relate_image_path,m1_0.route_updated_at,m1_0.upper_menu_no from nmenuinfo m1_0 order by m1_0.upper_menu_no,m1_0.menu_ordr
2026-03-16 17:04:24 [http-nio-8080-exec-3] DEBUG o.s.orm.jpa.JpaTransactionManager - Closing JPA EntityManager [SessionImpl(1154318894<open>)] after transaction
2026-03-16 17:04:24 [http-nio-8080-exec-3] DEBUG c.c.p.s.jwt.JwtAuthenticationFilter - >>> [JwtFilter] Successfully authenticated user: USRCNFRM_00000000002, Authorities: [ROLE_USER]
2026-03-16 17:04:24 [http-nio-8080-exec-3] DEBUG o.s.web.servlet.DispatcherServlet - GET "/api/v1/auth/me", parameters={}
2026-03-16 17:04:24 [http-nio-8080-exec-3] TRACE o.s.w.s.m.m.a.RequestMappingHandlerMapping - Mapped to com.company.project.api.auth.AuthController#getCurrentUser()
2026-03-16 17:04:24 [http-nio-8080-exec-3] DEBUG o.s.w.s.m.m.a.RequestResponseBodyMethodProcessor - Using 'application/json', given [application/json, text/plain, */*] and supported [application/json, application/*+json, application/yaml]
2026-03-16 17:04:24 [http-nio-8080-exec-3] TRACE o.s.w.s.m.m.a.RequestResponseBodyMethodProcessor - Writing [ApiResponse[success=true, status=200, code=COMMON_001, message=Success, data={role=ROLE_USER, userSe=USR, name=일반사용자, id=user_regular}, timestamp=2026-03-16T17:04:24.256338400]]
2026-03-16 17:04:24 [http-nio-8080-exec-3] INFO  c.c.p.a.i.OperationalAuditInterceptor - API Audit Log: URL=/api/v1/auth/me, User=user_regular, IP=127.0.0.1
2026-03-16 17:04:24 [http-nio-8080-exec-3] DEBUG o.s.web.servlet.DispatcherServlet - Completed 200 OK
2026-03-16 17:04:24 [http-nio-8080-exec-10] DEBUG o.s.orm.jpa.JpaTransactionManager - Closing JPA EntityManager [SessionImpl(918913587<open>)] after transaction
2026-03-16 17:04:24 [http-nio-8080-exec-10] DEBUG c.c.p.s.jwt.JwtAuthenticationFilter - >>> [JwtFilter] Successfully authenticated user: USRCNFRM_00000000002, Authorities: [ROLE_USER]
2026-03-16 17:04:24 [http-nio-8080-exec-10] DEBUG o.s.web.servlet.DispatcherServlet - GET "/api/v1/menu/head", parameters={}
2026-03-16 17:04:24 [http-nio-8080-exec-10] TRACE o.s.w.s.m.m.a.RequestMappingHandlerMapping - Mapped to com.company.project.api.controller.menu.MenuController#getHeadMenu()
2026-03-16 17:04:24 [http-nio-8080-exec-10] INFO  c.c.p.a.c.menu.MenuController - getHeadMenu called
2026-03-16 17:04:24 [http-nio-8080-exec-10] INFO  c.c.p.a.c.menu.MenuController - getHeadMenu returned 5 items
2026-03-16 17:04:24 [http-nio-8080-exec-10] DEBUG o.s.w.s.m.m.a.HttpEntityMethodProcessor - Using 'application/json', given [application/json, text/plain, */*] and supported [application/json, application/*+json, application/yaml]
2026-03-16 17:04:24 [http-nio-8080-exec-10] TRACE o.s.w.s.m.m.a.HttpEntityMethodProcessor - Writing [ApiResponse[success=true, status=200, code=COMMON_001, message=Success, data={list=[com.company.project.service.menu.dto.MenuDto@4839fef0, com.company.project.service.menu.dto.MenuDto@1c69c1c2, com.company.project.service.menu.dto.MenuDto@6f5d2c3d, com.company.project.service.menu.dto.MenuDto@6314b47d, com.company.project.service.menu.dto.MenuDto@645d0891]}, timestamp=2026-03-16T17:04:24.283234400]]
2026-03-16 17:04:24 [http-nio-8080-exec-10] INFO  c.c.p.a.i.OperationalAuditInterceptor - API Audit Log: URL=/api/v1/menu/head, User=user_regular, IP=127.0.0.1
2026-03-16 17:04:24 [http-nio-8080-exec-10] DEBUG o.s.web.servlet.DispatcherServlet - Completed 200 OK
2026-03-16 17:04:24 [http-nio-8080-exec-19] DEBUG o.s.orm.jpa.JpaTransactionManager - Found thread-bound EntityManager [SessionImpl(115020873<open>)] for JPA transaction
2026-03-16 17:04:24 [http-nio-8080-exec-19] DEBUG o.s.orm.jpa.JpaTransactionManager - Participating in existing transaction
2026-03-16 17:04:24 [http-nio-8080-exec-19] DEBUG org.hibernate.SQL - select ua1_0.scrty_dtrmn_trget_id,ua1_0.author_code,ua1_0.frst_register_id,ua1_0.frst_regist_pnttm,ua1_0.last_updusr_id,ua1_0.last_updt_pnttm,ua1_0.mber_ty_code from nemplyrscrtyestbs ua1_0 where ua1_0.scrty_dtrmn_trget_id=?
2026-03-16 17:04:24 [http-nio-8080-exec-15] DEBUG o.s.orm.jpa.JpaTransactionManager - Found thread-bound EntityManager [SessionImpl(547720363<open>)] for JPA transaction
2026-03-16 17:04:24 [http-nio-8080-exec-15] DEBUG o.s.orm.jpa.JpaTransactionManager - Participating in existing transaction
2026-03-16 17:04:24 [http-nio-8080-exec-15] DEBUG org.hibernate.SQL - select ua1_0.scrty_dtrmn_trget_id,ua1_0.author_code,ua1_0.frst_register_id,ua1_0.frst_regist_pnttm,ua1_0.last_updusr_id,ua1_0.last_updt_pnttm,ua1_0.mber_ty_code from nemplyrscrtyestbs ua1_0 where ua1_0.scrty_dtrmn_trget_id=?
2026-03-16 17:04:24 [http-nio-8080-exec-19] DEBUG o.s.orm.jpa.JpaTransactionManager - Initiating transaction commit
2026-03-16 17:04:24 [http-nio-8080-exec-19] DEBUG o.s.orm.jpa.JpaTransactionManager - Committing JPA transaction on EntityManager [SessionImpl(115020873<open>)]
2026-03-16 17:04:24 [http-nio-8080-exec-15] DEBUG o.s.orm.jpa.JpaTransactionManager - Initiating transaction commit
2026-03-16 17:04:24 [http-nio-8080-exec-15] DEBUG o.s.orm.jpa.JpaTransactionManager - Committing JPA transaction on EntityManager [SessionImpl(547720363<open>)]
2026-03-16 17:04:24 [http-nio-8080-exec-13] DEBUG o.s.orm.jpa.JpaTransactionManager - Found thread-bound EntityManager [SessionImpl(1570239130<open>)] for JPA transaction
2026-03-16 17:04:24 [http-nio-8080-exec-13] DEBUG o.s.orm.jpa.JpaTransactionManager - Participating in existing transaction
2026-03-16 17:04:24 [http-nio-8080-exec-13] DEBUG org.hibernate.SQL - select p1_0.progrm_file_nm,p1_0.progrm_dc,p1_0.progrm_korean_nm,p1_0.progrm_stre_path,p1_0.url from nprogrmlist p1_0
2026-03-16 17:04:24 [http-nio-8080-exec-19] DEBUG o.s.orm.jpa.JpaTransactionManager - Closing JPA EntityManager [SessionImpl(115020873<open>)] after transaction
2026-03-16 17:04:24 [http-nio-8080-exec-19] DEBUG c.c.p.s.jwt.JwtAuthenticationFilter - >>> [JwtFilter] Successfully authenticated user: USRCNFRM_00000000002, Authorities: [ROLE_USER]
2026-03-16 17:04:24 [http-nio-8080-exec-19] DEBUG o.s.web.servlet.DispatcherServlet - GET "/api/v1/dashboard", parameters={}
2026-03-16 17:04:24 [http-nio-8080-exec-19] TRACE o.s.w.s.m.m.a.RequestMappingHandlerMapping - Mapped to com.company.project.api.controller.main.DashboardController#getDashboardData(UserDetails)
2026-03-16 17:04:24 [http-nio-8080-exec-19] INFO  c.c.p.a.c.main.DashboardController - >>> [Dashboard] Fetching data for user: USRCNFRM_00000000002
2026-03-16 17:04:24 [http-nio-8080-exec-19] DEBUG o.s.orm.jpa.JpaTransactionManager - Creating new transaction with name [com.company.project.service.board.BoardService.getBoardPosts]: PROPAGATION_REQUIRED,ISOLATION_DEFAULT,readOnly
2026-03-16 17:04:24 [http-nio-8080-exec-19] DEBUG o.s.orm.jpa.JpaTransactionManager - Opened new EntityManager [SessionImpl(1289584145<open>)] for JPA transaction
2026-03-16 17:04:24 [http-nio-8080-exec-19] DEBUG o.s.orm.jpa.JpaTransactionManager - Exposing JPA transaction as JDBC [org.springframework.orm.jpa.vendor.HibernateJpaDialect$HibernateConnectionHandle@58ac9b23]
2026-03-16 17:04:24 [http-nio-8080-exec-19] DEBUG o.s.orm.jpa.JpaTransactionManager - Found thread-bound EntityManager [SessionImpl(1289584145<open>)] for JPA transaction
2026-03-16 17:04:24 [http-nio-8080-exec-19] DEBUG o.s.orm.jpa.JpaTransactionManager - Participating in existing transaction
2026-03-16 17:04:24 [http-nio-8080-exec-19] DEBUG org.hibernate.SQL - select bm1_0.bbs_id,bm1_0.atch_posbl_file_number,bm1_0.atch_posbl_file_size,bm1_0.bbs_attrb_code,bm1_0.bbs_intrcn,bm1_0.bbs_nm,bm1_0.bbs_ty_code,bm1_0.blog_at,bm1_0.blog_id,bm1_0.cmmnty_id,bm1_0.frst_register_id,bm1_0.frst_regist_pnttm,bm1_0.file_atch_posbl_at,bm1_0.last_updusr_id,bm1_0.last_updt_pnttm,bm1_0.reply_posbl_at,bm1_0.tmplat_id,bm1_0.use_at,bm1_1.answer_at,bm1_1.stsfdg_at from nbbsmaster bm1_0 left join nbbsmasteroptn bm1_1 on bm1_0.bbs_id=bm1_1.bbs_id where bm1_0.bbs_id=?
2026-03-16 17:04:24 [http-nio-8080-exec-15] DEBUG o.s.orm.jpa.JpaTransactionManager - Closing JPA EntityManager [SessionImpl(547720363<open>)] after transaction
2026-03-16 17:04:24 [http-nio-8080-exec-15] DEBUG c.c.p.s.jwt.JwtAuthenticationFilter - >>> [JwtFilter] Successfully authenticated user: USRCNFRM_00000000002, Authorities: [ROLE_USER]
2026-03-16 17:04:24 [http-nio-8080-exec-15] DEBUG o.s.web.servlet.DispatcherServlet - GET "/api/v1/menu/head", parameters={}
2026-03-16 17:04:24 [http-nio-8080-exec-15] TRACE o.s.w.s.m.m.a.RequestMappingHandlerMapping - Mapped to com.company.project.api.controller.menu.MenuController#getHeadMenu()
2026-03-16 17:04:24 [http-nio-8080-exec-15] INFO  c.c.p.a.c.menu.MenuController - getHeadMenu called
2026-03-16 17:04:24 [http-nio-8080-exec-15] INFO  c.c.p.a.c.menu.MenuController - getHeadMenu returned 5 items
2026-03-16 17:04:24 [http-nio-8080-exec-15] DEBUG o.s.w.s.m.m.a.HttpEntityMethodProcessor - Using 'application/json', given [application/json, text/plain, */*] and supported [application/json, application/*+json, application/yaml]
2026-03-16 17:04:24 [http-nio-8080-exec-15] TRACE o.s.w.s.m.m.a.HttpEntityMethodProcessor - Writing [ApiResponse[success=true, status=200, code=COMMON_001, message=Success, data={list=[com.company.project.service.menu.dto.MenuDto@4839fef0, com.company.project.service.menu.dto.MenuDto@1c69c1c2, com.company.project.service.menu.dto.MenuDto@6f5d2c3d, com.company.project.service.menu.dto.MenuDto@6314b47d, com.company.project.service.menu.dto.MenuDto@645d0891]}, timestamp=2026-03-16T17:04:24.663718300]]
2026-03-16 17:04:24 [http-nio-8080-exec-15] INFO  c.c.p.a.i.OperationalAuditInterceptor - API Audit Log: URL=/api/v1/menu/head, User=user_regular, IP=0:0:0:0:0:0:0:1
2026-03-16 17:04:24 [http-nio-8080-exec-15] DEBUG o.s.web.servlet.DispatcherServlet - Completed 200 OK
2026-03-16 17:04:24 [http-nio-8080-exec-12] DEBUG c.c.p.s.jwt.JwtAuthenticationFilter - >>> [JwtFilter] Processing request: GET /api/v1/menu/left
2026-03-16 17:04:24 [http-nio-8080-exec-8] DEBUG c.c.p.s.jwt.JwtAuthenticationFilter - >>> [JwtFilter] Processing request: GET /api/v1/menu/left
2026-03-16 17:04:24 [http-nio-8080-exec-12] DEBUG c.c.p.s.jwt.JwtAuthenticationFilter - >>> [JwtFilter] Found token in header for path: /api/v1/menu/left
2026-03-16 17:04:24 [http-nio-8080-exec-9] DEBUG c.c.p.s.jwt.JwtAuthenticationFilter - >>> [JwtFilter] Processing request: GET /api/v1/menu/left
2026-03-16 17:04:24 [http-nio-8080-exec-2] DEBUG c.c.p.s.jwt.JwtAuthenticationFilter - >>> [JwtFilter] Processing request: GET /api/v1/menu/left
2026-03-16 17:04:24 [http-nio-8080-exec-8] DEBUG c.c.p.s.jwt.JwtAuthenticationFilter - >>> [JwtFilter] Found token in header for path: /api/v1/menu/left
2026-03-16 17:04:24 [http-nio-8080-exec-2] DEBUG c.c.p.s.jwt.JwtAuthenticationFilter - >>> [JwtFilter] Found token in header for path: /api/v1/menu/left
2026-03-16 17:04:24 [http-nio-8080-exec-17] DEBUG c.c.p.s.jwt.JwtAuthenticationFilter - >>> [JwtFilter] Processing request: GET /api/v1/menu/left
2026-03-16 17:04:24 [http-nio-8080-exec-17] DEBUG c.c.p.s.jwt.JwtAuthenticationFilter - >>> [JwtFilter] Found token in header for path: /api/v1/menu/left
2026-03-16 17:04:24 [http-nio-8080-exec-9] DEBUG c.c.p.s.jwt.JwtAuthenticationFilter - >>> [JwtFilter] Found token in header for path: /api/v1/menu/left
2026-03-16 17:04:24 [http-nio-8080-exec-12] DEBUG o.s.orm.jpa.JpaTransactionManager - Creating new transaction with name [com.company.project.security.iam.CustomUserDetailsService.loadUserByUsername]: PROPAGATION_REQUIRED,ISOLATION_DEFAULT,readOnly
2026-03-16 17:04:24 [http-nio-8080-exec-2] DEBUG o.s.orm.jpa.JpaTransactionManager - Creating new transaction with name [com.company.project.security.iam.CustomUserDetailsService.loadUserByUsername]: PROPAGATION_REQUIRED,ISOLATION_DEFAULT,readOnly
2026-03-16 17:04:24 [http-nio-8080-exec-12] DEBUG o.s.orm.jpa.JpaTransactionManager - Opened new EntityManager [SessionImpl(460536241<open>)] for JPA transaction
2026-03-16 17:04:24 [http-nio-8080-exec-2] DEBUG o.s.orm.jpa.JpaTransactionManager - Opened new EntityManager [SessionImpl(1250000827<open>)] for JPA transaction
2026-03-16 17:04:24 [http-nio-8080-exec-9] DEBUG o.s.orm.jpa.JpaTransactionManager - Creating new transaction with name [com.company.project.security.iam.CustomUserDetailsService.loadUserByUsername]: PROPAGATION_REQUIRED,ISOLATION_DEFAULT,readOnly
2026-03-16 17:04:24 [http-nio-8080-exec-8] DEBUG o.s.orm.jpa.JpaTransactionManager - Creating new transaction with name [com.company.project.security.iam.CustomUserDetailsService.loadUserByUsername]: PROPAGATION_REQUIRED,ISOLATION_DEFAULT,readOnly
2026-03-16 17:04:24 [http-nio-8080-exec-9] DEBUG o.s.orm.jpa.JpaTransactionManager - Opened new EntityManager [SessionImpl(1828503502<open>)] for JPA transaction
2026-03-16 17:04:24 [http-nio-8080-exec-8] DEBUG o.s.orm.jpa.JpaTransactionManager - Opened new EntityManager [SessionImpl(75541982<open>)] for JPA transaction
2026-03-16 17:04:24 [http-nio-8080-exec-17] DEBUG o.s.orm.jpa.JpaTransactionManager - Creating new transaction with name [com.company.project.security.iam.CustomUserDetailsService.loadUserByUsername]: PROPAGATION_REQUIRED,ISOLATION_DEFAULT,readOnly
2026-03-16 17:04:24 [http-nio-8080-exec-12] DEBUG o.s.orm.jpa.JpaTransactionManager - Exposing JPA transaction as JDBC [org.springframework.orm.jpa.vendor.HibernateJpaDialect$HibernateConnectionHandle@5ff081dc]
2026-03-16 17:04:24 [http-nio-8080-exec-12] DEBUG o.s.orm.jpa.JpaTransactionManager - Found thread-bound EntityManager [SessionImpl(460536241<open>)] for JPA transaction
2026-03-16 17:04:24 [http-nio-8080-exec-9] DEBUG o.s.orm.jpa.JpaTransactionManager - Exposing JPA transaction as JDBC [org.springframework.orm.jpa.vendor.HibernateJpaDialect$HibernateConnectionHandle@52deff0b]
2026-03-16 17:04:24 [http-nio-8080-exec-9] DEBUG o.s.orm.jpa.JpaTransactionManager - Found thread-bound EntityManager [SessionImpl(1828503502<open>)] for JPA transaction
2026-03-16 17:04:24 [http-nio-8080-exec-17] DEBUG o.s.orm.jpa.JpaTransactionManager - Opened new EntityManager [SessionImpl(981688023<open>)] for JPA transaction
2026-03-16 17:04:24 [http-nio-8080-exec-12] DEBUG o.s.orm.jpa.JpaTransactionManager - Participating in existing transaction
2026-03-16 17:04:24 [http-nio-8080-exec-17] DEBUG o.s.orm.jpa.JpaTransactionManager - Exposing JPA transaction as JDBC [org.springframework.orm.jpa.vendor.HibernateJpaDialect$HibernateConnectionHandle@a9ab563]
2026-03-16 17:04:24 [http-nio-8080-exec-17] DEBUG o.s.orm.jpa.JpaTransactionManager - Found thread-bound EntityManager [SessionImpl(981688023<open>)] for JPA transaction
2026-03-16 17:04:24 [http-nio-8080-exec-17] DEBUG o.s.orm.jpa.JpaTransactionManager - Participating in existing transaction
2026-03-16 17:04:24 [http-nio-8080-exec-9] DEBUG o.s.orm.jpa.JpaTransactionManager - Participating in existing transaction
2026-03-16 17:04:24 [http-nio-8080-exec-12] DEBUG org.hibernate.SQL - select u1_0.emplyr_id,u1_0.area_no,u1_0.brthdy,u1_0.chg_pwd_cnt,u1_0.frst_register_id,u1_0.frst_regist_pnttm,u1_0.detail_adres,u1_0.email_adres,u1_0.emplyr_sttus_code,u1_0.empl_no,u1_0.esntl_id,u1_0.fxnum,u1_0.group_id,u1_0.house_adres,u1_0.house_end_telno,u1_0.house_middle_telno,u1_0.ihidnum,u1_0.pstinst_code,u1_0.last_updusr_id,u1_0.last_updt_pnttm,u1_0.lock_at,u1_0.lock_cnt,u1_0.lock_last_pnttm,u1_0.mbtlnum,u1_0.ofcps_nm,u1_0.offm_telno,u1_0.orgnzt_id,u1_0.password,u1_0.password_cnsr,u1_0.password_hint,u1_0.chg_pwd_last_pnttm,u1_0.role,u1_0.sbscrb_de,u1_0.sexdstn_code,u1_0.crtfc_dn_value,u1_0.user_nm,u1_0.zip from nemplyrinfo u1_0 where u1_0.emplyr_id=?
2026-03-16 17:04:24 [http-nio-8080-exec-17] DEBUG org.hibernate.SQL - select u1_0.emplyr_id,u1_0.area_no,u1_0.brthdy,u1_0.chg_pwd_cnt,u1_0.frst_register_id,u1_0.frst_regist_pnttm,u1_0.detail_adres,u1_0.email_adres,u1_0.emplyr_sttus_code,u1_0.empl_no,u1_0.esntl_id,u1_0.fxnum,u1_0.group_id,u1_0.house_adres,u1_0.house_end_telno,u1_0.house_middle_telno,u1_0.ihidnum,u1_0.pstinst_code,u1_0.last_updusr_id,u1_0.last_updt_pnttm,u1_0.lock_at,u1_0.lock_cnt,u1_0.lock_last_pnttm,u1_0.mbtlnum,u1_0.ofcps_nm,u1_0.offm_telno,u1_0.orgnzt_id,u1_0.password,u1_0.password_cnsr,u1_0.password_hint,u1_0.chg_pwd_last_pnttm,u1_0.role,u1_0.sbscrb_de,u1_0.sexdstn_code,u1_0.crtfc_dn_value,u1_0.user_nm,u1_0.zip from nemplyrinfo u1_0 where u1_0.emplyr_id=?
2026-03-16 17:04:24 [http-nio-8080-exec-9] DEBUG org.hibernate.SQL - select u1_0.emplyr_id,u1_0.area_no,u1_0.brthdy,u1_0.chg_pwd_cnt,u1_0.frst_register_id,u1_0.frst_regist_pnttm,u1_0.detail_adres,u1_0.email_adres,u1_0.emplyr_sttus_code,u1_0.empl_no,u1_0.esntl_id,u1_0.fxnum,u1_0.group_id,u1_0.house_adres,u1_0.house_end_telno,u1_0.house_middle_telno,u1_0.ihidnum,u1_0.pstinst_code,u1_0.last_updusr_id,u1_0.last_updt_pnttm,u1_0.lock_at,u1_0.lock_cnt,u1_0.lock_last_pnttm,u1_0.mbtlnum,u1_0.ofcps_nm,u1_0.offm_telno,u1_0.orgnzt_id,u1_0.password,u1_0.password_cnsr,u1_0.password_hint,u1_0.chg_pwd_last_pnttm,u1_0.role,u1_0.sbscrb_de,u1_0.sexdstn_code,u1_0.crtfc_dn_value,u1_0.user_nm,u1_0.zip from nemplyrinfo u1_0 where u1_0.emplyr_id=?
2026-03-16 17:04:24 [http-nio-8080-exec-13] DEBUG o.s.orm.jpa.JpaTransactionManager - Initiating transaction commit
2026-03-16 17:04:24 [http-nio-8080-exec-13] DEBUG o.s.orm.jpa.JpaTransactionManager - Committing JPA transaction on EntityManager [SessionImpl(1570239130<open>)]
2026-03-16 17:04:24 [http-nio-8080-exec-19] DEBUG org.hibernate.SQL - select b1_0.ntt_id,b1_0.bbs_id,b1_0.ntt_sj,b1_0.ntcr_nm,b1_0.frst_regist_pnttm,b1_0.rdcnt,b1_0.answer_at,b1_0.parntsctt_no,b1_0.answer_lc,b1_0.sort_ordr,b1_0.ntt_no,b1_0.notice_at,b1_0.secret_at,b1_0.comment_co from nbbs b1_0 left join nemplyrinfo u1_0 on b1_0.frst_register_id=u1_0.esntl_id where (b1_0.use_at = 'Y') and b1_0.bbs_id=? order by b1_0.sort_ordr desc,b1_0.ntt_no offset ? rows fetch first ? rows only
2026-03-16 17:04:24 [http-nio-8080-exec-2] DEBUG o.s.orm.jpa.JpaTransactionManager - Exposing JPA transaction as JDBC [org.springframework.orm.jpa.vendor.HibernateJpaDialect$HibernateConnectionHandle@40ccd5e8]
2026-03-16 17:04:24 [http-nio-8080-exec-8] DEBUG o.s.orm.jpa.JpaTransactionManager - Exposing JPA transaction as JDBC [org.springframework.orm.jpa.vendor.HibernateJpaDialect$HibernateConnectionHandle@c89737a]
2026-03-16 17:04:24 [http-nio-8080-exec-12] DEBUG o.s.orm.jpa.JpaTransactionManager - Found thread-bound EntityManager [SessionImpl(460536241<open>)] for JPA transaction
2026-03-16 17:04:24 [http-nio-8080-exec-9] DEBUG o.s.orm.jpa.JpaTransactionManager - Found thread-bound EntityManager [SessionImpl(1828503502<open>)] for JPA transaction
2026-03-16 17:04:24 [http-nio-8080-exec-17] DEBUG o.s.orm.jpa.JpaTransactionManager - Found thread-bound EntityManager [SessionImpl(981688023<open>)] for JPA transaction
2026-03-16 17:04:24 [http-nio-8080-exec-2] DEBUG o.s.orm.jpa.JpaTransactionManager - Found thread-bound EntityManager [SessionImpl(1250000827<open>)] for JPA transaction
2026-03-16 17:04:24 [http-nio-8080-exec-8] DEBUG o.s.orm.jpa.JpaTransactionManager - Found thread-bound EntityManager [SessionImpl(75541982<open>)] for JPA transaction
2026-03-16 17:04:24 [http-nio-8080-exec-12] DEBUG o.s.orm.jpa.JpaTransactionManager - Participating in existing transaction
2026-03-16 17:04:24 [http-nio-8080-exec-9] DEBUG o.s.orm.jpa.JpaTransactionManager - Participating in existing transaction
2026-03-16 17:04:24 [http-nio-8080-exec-17] DEBUG o.s.orm.jpa.JpaTransactionManager - Participating in existing transaction
2026-03-16 17:04:24 [http-nio-8080-exec-2] DEBUG o.s.orm.jpa.JpaTransactionManager - Participating in existing transaction
2026-03-16 17:04:24 [http-nio-8080-exec-8] DEBUG o.s.orm.jpa.JpaTransactionManager - Participating in existing transaction
2026-03-16 17:04:24 [http-nio-8080-exec-12] DEBUG org.hibernate.SQL - select ua1_0.scrty_dtrmn_trget_id,ua1_0.author_code,ua1_0.frst_register_id,ua1_0.frst_regist_pnttm,ua1_0.last_updusr_id,ua1_0.last_updt_pnttm,ua1_0.mber_ty_code from nemplyrscrtyestbs ua1_0 where ua1_0.scrty_dtrmn_trget_id=?
2026-03-16 17:04:24 [http-nio-8080-exec-9] DEBUG org.hibernate.SQL - select ua1_0.scrty_dtrmn_trget_id,ua1_0.author_code,ua1_0.frst_register_id,ua1_0.frst_regist_pnttm,ua1_0.last_updusr_id,ua1_0.last_updt_pnttm,ua1_0.mber_ty_code from nemplyrscrtyestbs ua1_0 where ua1_0.scrty_dtrmn_trget_id=?
2026-03-16 17:04:24 [http-nio-8080-exec-17] DEBUG org.hibernate.SQL - select ua1_0.scrty_dtrmn_trget_id,ua1_0.author_code,ua1_0.frst_register_id,ua1_0.frst_regist_pnttm,ua1_0.last_updusr_id,ua1_0.last_updt_pnttm,ua1_0.mber_ty_code from nemplyrscrtyestbs ua1_0 where ua1_0.scrty_dtrmn_trget_id=?
2026-03-16 17:04:24 [http-nio-8080-exec-2] DEBUG org.hibernate.SQL - select u1_0.emplyr_id,u1_0.area_no,u1_0.brthdy,u1_0.chg_pwd_cnt,u1_0.frst_register_id,u1_0.frst_regist_pnttm,u1_0.detail_adres,u1_0.email_adres,u1_0.emplyr_sttus_code,u1_0.empl_no,u1_0.esntl_id,u1_0.fxnum,u1_0.group_id,u1_0.house_adres,u1_0.house_end_telno,u1_0.house_middle_telno,u1_0.ihidnum,u1_0.pstinst_code,u1_0.last_updusr_id,u1_0.last_updt_pnttm,u1_0.lock_at,u1_0.lock_cnt,u1_0.lock_last_pnttm,u1_0.mbtlnum,u1_0.ofcps_nm,u1_0.offm_telno,u1_0.orgnzt_id,u1_0.password,u1_0.password_cnsr,u1_0.password_hint,u1_0.chg_pwd_last_pnttm,u1_0.role,u1_0.sbscrb_de,u1_0.sexdstn_code,u1_0.crtfc_dn_value,u1_0.user_nm,u1_0.zip from nemplyrinfo u1_0 where u1_0.emplyr_id=?
2026-03-16 17:04:24 [http-nio-8080-exec-8] DEBUG org.hibernate.SQL - select u1_0.emplyr_id,u1_0.area_no,u1_0.brthdy,u1_0.chg_pwd_cnt,u1_0.frst_register_id,u1_0.frst_regist_pnttm,u1_0.detail_adres,u1_0.email_adres,u1_0.emplyr_sttus_code,u1_0.empl_no,u1_0.esntl_id,u1_0.fxnum,u1_0.group_id,u1_0.house_adres,u1_0.house_end_telno,u1_0.house_middle_telno,u1_0.ihidnum,u1_0.pstinst_code,u1_0.last_updusr_id,u1_0.last_updt_pnttm,u1_0.lock_at,u1_0.lock_cnt,u1_0.lock_last_pnttm,u1_0.mbtlnum,u1_0.ofcps_nm,u1_0.offm_telno,u1_0.orgnzt_id,u1_0.password,u1_0.password_cnsr,u1_0.password_hint,u1_0.chg_pwd_last_pnttm,u1_0.role,u1_0.sbscrb_de,u1_0.sexdstn_code,u1_0.crtfc_dn_value,u1_0.user_nm,u1_0.zip from nemplyrinfo u1_0 where u1_0.emplyr_id=?
2026-03-16 17:04:24 [http-nio-8080-exec-13] DEBUG o.s.orm.jpa.JpaTransactionManager - Closing JPA EntityManager [SessionImpl(1570239130<open>)] after transaction
2026-03-16 17:04:24 [http-nio-8080-exec-13] INFO  c.c.p.a.c.menu.MenuController - getLeftMenu returned 5 items
2026-03-16 17:04:24 [http-nio-8080-exec-13] DEBUG o.s.w.s.m.m.a.HttpEntityMethodProcessor - Using 'application/json', given [application/json, text/plain, */*] and supported [application/json, application/*+json, application/yaml]
2026-03-16 17:04:24 [http-nio-8080-exec-13] TRACE o.s.w.s.m.m.a.HttpEntityMethodProcessor - Writing [ApiResponse[success=true, status=200, code=COMMON_001, message=Success, data={list=[com.company.project.service.menu.dto.MenuDto@6533730e, com.company.project.service.menu.dto.MenuDto@2a96f0a4, com.company.project.service.menu.dto.MenuDto@6ac36b8a, com.company.project.service.menu.dto.MenuDto@143f7ef5, com.company.project.service.menu.dto.MenuDto@6aeac47f]}, timestamp=2026-03-16T17:04:24.857130100]]
2026-03-16 17:04:24 [http-nio-8080-exec-13] INFO  c.c.p.a.i.OperationalAuditInterceptor - API Audit Log: URL=/api/v1/menu/left, User=user_regular, IP=127.0.0.1
2026-03-16 17:04:24 [http-nio-8080-exec-13] DEBUG o.s.web.servlet.DispatcherServlet - Completed 200 OK
2026-03-16 17:04:24 [http-nio-8080-exec-19] DEBUG org.hibernate.SQL - select count(b1_0.ntt_id) from nbbs b1_0 left join nemplyrinfo u1_0 on b1_0.frst_register_id=u1_0.esntl_id where (b1_0.use_at = 'Y') and b1_0.bbs_id=?
2026-03-16 17:04:24 [http-nio-8080-exec-12] DEBUG o.s.orm.jpa.JpaTransactionManager - Initiating transaction commit
2026-03-16 17:04:24 [http-nio-8080-exec-9] DEBUG o.s.orm.jpa.JpaTransactionManager - Initiating transaction commit
2026-03-16 17:04:24 [http-nio-8080-exec-12] DEBUG o.s.orm.jpa.JpaTransactionManager - Committing JPA transaction on EntityManager [SessionImpl(460536241<open>)]
2026-03-16 17:04:24 [http-nio-8080-exec-17] DEBUG o.s.orm.jpa.JpaTransactionManager - Initiating transaction commit
2026-03-16 17:04:24 [http-nio-8080-exec-2] DEBUG o.s.orm.jpa.JpaTransactionManager - Found thread-bound EntityManager [SessionImpl(1250000827<open>)] for JPA transaction
2026-03-16 17:04:24 [http-nio-8080-exec-8] DEBUG o.s.orm.jpa.JpaTransactionManager - Found thread-bound EntityManager [SessionImpl(75541982<open>)] for JPA transaction
2026-03-16 17:04:24 [http-nio-8080-exec-17] DEBUG o.s.orm.jpa.JpaTransactionManager - Committing JPA transaction on EntityManager [SessionImpl(981688023<open>)]
2026-03-16 17:04:24 [http-nio-8080-exec-8] DEBUG o.s.orm.jpa.JpaTransactionManager - Participating in existing transaction
2026-03-16 17:04:24 [http-nio-8080-exec-9] DEBUG o.s.orm.jpa.JpaTransactionManager - Committing JPA transaction on EntityManager [SessionImpl(1828503502<open>)]
2026-03-16 17:04:24 [http-nio-8080-exec-2] DEBUG o.s.orm.jpa.JpaTransactionManager - Participating in existing transaction
2026-03-16 17:04:24 [http-nio-8080-exec-8] DEBUG org.hibernate.SQL - select ua1_0.scrty_dtrmn_trget_id,ua1_0.author_code,ua1_0.frst_register_id,ua1_0.frst_regist_pnttm,ua1_0.last_updusr_id,ua1_0.last_updt_pnttm,ua1_0.mber_ty_code from nemplyrscrtyestbs ua1_0 where ua1_0.scrty_dtrmn_trget_id=?
2026-03-16 17:04:24 [http-nio-8080-exec-2] DEBUG org.hibernate.SQL - select ua1_0.scrty_dtrmn_trget_id,ua1_0.author_code,ua1_0.frst_register_id,ua1_0.frst_regist_pnttm,ua1_0.last_updusr_id,ua1_0.last_updt_pnttm,ua1_0.mber_ty_code from nemplyrscrtyestbs ua1_0 where ua1_0.scrty_dtrmn_trget_id=?
2026-03-16 17:04:25 [http-nio-8080-exec-19] DEBUG o.s.orm.jpa.JpaTransactionManager - Initiating transaction commit
2026-03-16 17:04:25 [http-nio-8080-exec-19] DEBUG o.s.orm.jpa.JpaTransactionManager - Committing JPA transaction on EntityManager [SessionImpl(1289584145<open>)]
2026-03-16 17:04:25 [http-nio-8080-exec-12] DEBUG o.s.orm.jpa.JpaTransactionManager - Closing JPA EntityManager [SessionImpl(460536241<open>)] after transaction
2026-03-16 17:04:25 [http-nio-8080-exec-2] DEBUG o.s.orm.jpa.JpaTransactionManager - Initiating transaction commit
2026-03-16 17:04:25 [http-nio-8080-exec-12] DEBUG c.c.p.s.jwt.JwtAuthenticationFilter - >>> [JwtFilter] Successfully authenticated user: USRCNFRM_00000000002, Authorities: [ROLE_USER]
2026-03-16 17:04:25 [http-nio-8080-exec-2] DEBUG o.s.orm.jpa.JpaTransactionManager - Committing JPA transaction on EntityManager [SessionImpl(1250000827<open>)]
2026-03-16 17:04:25 [http-nio-8080-exec-12] DEBUG o.s.web.servlet.DispatcherServlet - GET "/api/v1/menu/left?menuNo=10", parameters={masked}
2026-03-16 17:04:25 [http-nio-8080-exec-8] DEBUG o.s.orm.jpa.JpaTransactionManager - Initiating transaction commit
2026-03-16 17:04:25 [http-nio-8080-exec-8] DEBUG o.s.orm.jpa.JpaTransactionManager - Committing JPA transaction on EntityManager [SessionImpl(75541982<open>)]
2026-03-16 17:04:25 [http-nio-8080-exec-12] TRACE o.s.w.s.m.m.a.RequestMappingHandlerMapping - Mapped to com.company.project.api.controller.menu.MenuController#getLeftMenu(Long)
2026-03-16 17:04:25 [http-nio-8080-exec-12] INFO  c.c.p.a.c.menu.MenuController - getLeftMenu called with menuNo=10
2026-03-16 17:04:25 [http-nio-8080-exec-12] DEBUG o.s.orm.jpa.JpaTransactionManager - Creating new transaction with name [com.company.project.service.menu.MenuService.getSubMenus]: PROPAGATION_REQUIRED,ISOLATION_DEFAULT,readOnly
2026-03-16 17:04:25 [http-nio-8080-exec-12] DEBUG o.s.orm.jpa.JpaTransactionManager - Opened new EntityManager [SessionImpl(384476802<open>)] for JPA transaction
2026-03-16 17:04:25 [http-nio-8080-exec-12] DEBUG o.s.orm.jpa.JpaTransactionManager - Exposing JPA transaction as JDBC [org.springframework.orm.jpa.vendor.HibernateJpaDialect$HibernateConnectionHandle@759d5216]
2026-03-16 17:04:25 [http-nio-8080-exec-12] DEBUG org.hibernate.SQL - select m1_0.menu_no,m1_0.menu_dc,m1_0.menu_nm,m1_0.menu_ordr,m1_0.modern_route,m1_0.progrm_file_nm,m1_0.relate_image_nm,m1_0.relate_image_path,m1_0.route_updated_at,m1_0.upper_menu_no from nmenuinfo m1_0 order by m1_0.upper_menu_no,m1_0.menu_ordr
2026-03-16 17:04:25 [http-nio-8080-exec-17] DEBUG o.s.orm.jpa.JpaTransactionManager - Closing JPA EntityManager [SessionImpl(981688023<open>)] after transaction
2026-03-16 17:04:25 [http-nio-8080-exec-17] DEBUG c.c.p.s.jwt.JwtAuthenticationFilter - >>> [JwtFilter] Successfully authenticated user: USRCNFRM_00000000002, Authorities: [ROLE_USER]
2026-03-16 17:04:25 [http-nio-8080-exec-17] DEBUG o.s.web.servlet.DispatcherServlet - GET "/api/v1/menu/left?menuNo=60", parameters={masked}
2026-03-16 17:04:25 [http-nio-8080-exec-9] DEBUG o.s.orm.jpa.JpaTransactionManager - Closing JPA EntityManager [SessionImpl(1828503502<open>)] after transaction
2026-03-16 17:04:25 [http-nio-8080-exec-9] DEBUG c.c.p.s.jwt.JwtAuthenticationFilter - >>> [JwtFilter] Successfully authenticated user: USRCNFRM_00000000002, Authorities: [ROLE_USER]
2026-03-16 17:04:25 [http-nio-8080-exec-17] TRACE o.s.w.s.m.m.a.RequestMappingHandlerMapping - Mapped to com.company.project.api.controller.menu.MenuController#getLeftMenu(Long)
2026-03-16 17:04:25 [http-nio-8080-exec-9] DEBUG o.s.web.servlet.DispatcherServlet - GET "/api/v1/menu/left?menuNo=20", parameters={masked}
2026-03-16 17:04:25 [http-nio-8080-exec-17] INFO  c.c.p.a.c.menu.MenuController - getLeftMenu called with menuNo=60
2026-03-16 17:04:25 [http-nio-8080-exec-17] DEBUG o.s.orm.jpa.JpaTransactionManager - Creating new transaction with name [com.company.project.service.menu.MenuService.getSubMenus]: PROPAGATION_REQUIRED,ISOLATION_DEFAULT,readOnly
2026-03-16 17:04:25 [http-nio-8080-exec-17] DEBUG o.s.orm.jpa.JpaTransactionManager - Opened new EntityManager [SessionImpl(265289658<open>)] for JPA transaction
2026-03-16 17:04:25 [http-nio-8080-exec-9] TRACE o.s.w.s.m.m.a.RequestMappingHandlerMapping - Mapped to com.company.project.api.controller.menu.MenuController#getLeftMenu(Long)
2026-03-16 17:04:25 [http-nio-8080-exec-17] DEBUG o.s.orm.jpa.JpaTransactionManager - Exposing JPA transaction as JDBC [org.springframework.orm.jpa.vendor.HibernateJpaDialect$HibernateConnectionHandle@2ae16345]
2026-03-16 17:04:25 [http-nio-8080-exec-9] INFO  c.c.p.a.c.menu.MenuController - getLeftMenu called with menuNo=20
2026-03-16 17:04:25 [http-nio-8080-exec-9] DEBUG o.s.orm.jpa.JpaTransactionManager - Creating new transaction with name [com.company.project.service.menu.MenuService.getSubMenus]: PROPAGATION_REQUIRED,ISOLATION_DEFAULT,readOnly
2026-03-16 17:04:25 [http-nio-8080-exec-9] DEBUG o.s.orm.jpa.JpaTransactionManager - Opened new EntityManager [SessionImpl(149166780<open>)] for JPA transaction
2026-03-16 17:04:25 [http-nio-8080-exec-9] DEBUG o.s.orm.jpa.JpaTransactionManager - Exposing JPA transaction as JDBC [org.springframework.orm.jpa.vendor.HibernateJpaDialect$HibernateConnectionHandle@536b5276]
2026-03-16 17:04:25 [http-nio-8080-exec-17] DEBUG org.hibernate.SQL - select m1_0.menu_no,m1_0.menu_dc,m1_0.menu_nm,m1_0.menu_ordr,m1_0.modern_route,m1_0.progrm_file_nm,m1_0.relate_image_nm,m1_0.relate_image_path,m1_0.route_updated_at,m1_0.upper_menu_no from nmenuinfo m1_0 order by m1_0.upper_menu_no,m1_0.menu_ordr
2026-03-16 17:04:25 [http-nio-8080-exec-9] DEBUG org.hibernate.SQL - select m1_0.menu_no,m1_0.menu_dc,m1_0.menu_nm,m1_0.menu_ordr,m1_0.modern_route,m1_0.progrm_file_nm,m1_0.relate_image_nm,m1_0.relate_image_path,m1_0.route_updated_at,m1_0.upper_menu_no from nmenuinfo m1_0 order by m1_0.upper_menu_no,m1_0.menu_ordr
2026-03-16 17:04:25 [http-nio-8080-exec-19] DEBUG o.s.orm.jpa.JpaTransactionManager - Closing JPA EntityManager [SessionImpl(1289584145<open>)] after transaction
2026-03-16 17:04:25 [http-nio-8080-exec-19] DEBUG o.s.orm.jpa.JpaTransactionManager - Creating new transaction with name [com.company.project.service.board.BoardService.getBoardPosts]: PROPAGATION_REQUIRED,ISOLATION_DEFAULT,readOnly
2026-03-16 17:04:25 [http-nio-8080-exec-19] DEBUG o.s.orm.jpa.JpaTransactionManager - Opened new EntityManager [SessionImpl(65814845<open>)] for JPA transaction
2026-03-16 17:04:25 [http-nio-8080-exec-19] DEBUG o.s.orm.jpa.JpaTransactionManager - Exposing JPA transaction as JDBC [org.springframework.orm.jpa.vendor.HibernateJpaDialect$HibernateConnectionHandle@56bc98f3]
2026-03-16 17:04:25 [http-nio-8080-exec-19] DEBUG o.s.orm.jpa.JpaTransactionManager - Found thread-bound EntityManager [SessionImpl(65814845<open>)] for JPA transaction
2026-03-16 17:04:25 [http-nio-8080-exec-19] DEBUG o.s.orm.jpa.JpaTransactionManager - Participating in existing transaction
2026-03-16 17:04:25 [http-nio-8080-exec-19] DEBUG org.hibernate.SQL - select bm1_0.bbs_id,bm1_0.atch_posbl_file_number,bm1_0.atch_posbl_file_size,bm1_0.bbs_attrb_code,bm1_0.bbs_intrcn,bm1_0.bbs_nm,bm1_0.bbs_ty_code,bm1_0.blog_at,bm1_0.blog_id,bm1_0.cmmnty_id,bm1_0.frst_register_id,bm1_0.frst_regist_pnttm,bm1_0.file_atch_posbl_at,bm1_0.last_updusr_id,bm1_0.last_updt_pnttm,bm1_0.reply_posbl_at,bm1_0.tmplat_id,bm1_0.use_at,bm1_1.answer_at,bm1_1.stsfdg_at from nbbsmaster bm1_0 left join nbbsmasteroptn bm1_1 on bm1_0.bbs_id=bm1_1.bbs_id where bm1_0.bbs_id=?
2026-03-16 17:04:25 [http-nio-8080-exec-2] DEBUG o.s.orm.jpa.JpaTransactionManager - Closing JPA EntityManager [SessionImpl(1250000827<open>)] after transaction
2026-03-16 17:04:25 [http-nio-8080-exec-2] DEBUG c.c.p.s.jwt.JwtAuthenticationFilter - >>> [JwtFilter] Successfully authenticated user: USRCNFRM_00000000002, Authorities: [ROLE_USER]
2026-03-16 17:04:25 [http-nio-8080-exec-2] DEBUG o.s.web.servlet.DispatcherServlet - GET "/api/v1/menu/left?menuNo=40", parameters={masked}
2026-03-16 17:04:25 [http-nio-8080-exec-2] TRACE o.s.w.s.m.m.a.RequestMappingHandlerMapping - Mapped to com.company.project.api.controller.menu.MenuController#getLeftMenu(Long)
2026-03-16 17:04:25 [http-nio-8080-exec-2] INFO  c.c.p.a.c.menu.MenuController - getLeftMenu called with menuNo=40
2026-03-16 17:04:25 [http-nio-8080-exec-2] DEBUG o.s.orm.jpa.JpaTransactionManager - Creating new transaction with name [com.company.project.service.menu.MenuService.getSubMenus]: PROPAGATION_REQUIRED,ISOLATION_DEFAULT,readOnly
2026-03-16 17:04:25 [http-nio-8080-exec-2] DEBUG o.s.orm.jpa.JpaTransactionManager - Opened new EntityManager [SessionImpl(1447641887<open>)] for JPA transaction
2026-03-16 17:04:25 [http-nio-8080-exec-2] DEBUG o.s.orm.jpa.JpaTransactionManager - Exposing JPA transaction as JDBC [org.springframework.orm.jpa.vendor.HibernateJpaDialect$HibernateConnectionHandle@34eb8e02]
2026-03-16 17:04:25 [http-nio-8080-exec-2] DEBUG org.hibernate.SQL - select m1_0.menu_no,m1_0.menu_dc,m1_0.menu_nm,m1_0.menu_ordr,m1_0.modern_route,m1_0.progrm_file_nm,m1_0.relate_image_nm,m1_0.relate_image_path,m1_0.route_updated_at,m1_0.upper_menu_no from nmenuinfo m1_0 order by m1_0.upper_menu_no,m1_0.menu_ordr
2026-03-16 17:04:25 [http-nio-8080-exec-8] DEBUG o.s.orm.jpa.JpaTransactionManager - Closing JPA EntityManager [SessionImpl(75541982<open>)] after transaction
2026-03-16 17:04:25 [http-nio-8080-exec-8] DEBUG c.c.p.s.jwt.JwtAuthenticationFilter - >>> [JwtFilter] Successfully authenticated user: USRCNFRM_00000000002, Authorities: [ROLE_USER]
2026-03-16 17:04:25 [http-nio-8080-exec-8] DEBUG o.s.web.servlet.DispatcherServlet - GET "/api/v1/menu/left?menuNo=50", parameters={masked}
2026-03-16 17:04:25 [http-nio-8080-exec-8] TRACE o.s.w.s.m.m.a.RequestMappingHandlerMapping - Mapped to com.company.project.api.controller.menu.MenuController#getLeftMenu(Long)
2026-03-16 17:04:25 [http-nio-8080-exec-8] INFO  c.c.p.a.c.menu.MenuController - getLeftMenu called with menuNo=50
2026-03-16 17:04:25 [http-nio-8080-exec-8] DEBUG o.s.orm.jpa.JpaTransactionManager - Creating new transaction with name [com.company.project.service.menu.MenuService.getSubMenus]: PROPAGATION_REQUIRED,ISOLATION_DEFAULT,readOnly
2026-03-16 17:04:25 [http-nio-8080-exec-8] DEBUG o.s.orm.jpa.JpaTransactionManager - Opened new EntityManager [SessionImpl(2122434400<open>)] for JPA transaction
2026-03-16 17:04:25 [http-nio-8080-exec-8] DEBUG o.s.orm.jpa.JpaTransactionManager - Exposing JPA transaction as JDBC [org.springframework.orm.jpa.vendor.HibernateJpaDialect$HibernateConnectionHandle@51162293]
2026-03-16 17:04:25 [http-nio-8080-exec-8] DEBUG org.hibernate.SQL - select m1_0.menu_no,m1_0.menu_dc,m1_0.menu_nm,m1_0.menu_ordr,m1_0.modern_route,m1_0.progrm_file_nm,m1_0.relate_image_nm,m1_0.relate_image_path,m1_0.route_updated_at,m1_0.upper_menu_no from nmenuinfo m1_0 order by m1_0.upper_menu_no,m1_0.menu_ordr
2026-03-16 17:04:25 [http-nio-8080-exec-19] DEBUG org.hibernate.SQL - select b1_0.ntt_id,b1_0.bbs_id,b1_0.ntt_sj,b1_0.ntcr_nm,b1_0.frst_regist_pnttm,b1_0.rdcnt,b1_0.answer_at,b1_0.parntsctt_no,b1_0.answer_lc,b1_0.sort_ordr,b1_0.ntt_no,b1_0.notice_at,b1_0.secret_at,b1_0.comment_co from nbbs b1_0 left join nemplyrinfo u1_0 on b1_0.frst_register_id=u1_0.esntl_id where (b1_0.use_at = 'Y') and b1_0.bbs_id=? order by b1_0.sort_ordr desc,b1_0.ntt_no offset ? rows fetch first ? rows only
2026-03-16 17:04:25 [http-nio-8080-exec-12] DEBUG o.s.orm.jpa.JpaTransactionManager - Found thread-bound EntityManager [SessionImpl(384476802<open>)] for JPA transaction
2026-03-16 17:04:25 [http-nio-8080-exec-12] DEBUG o.s.orm.jpa.JpaTransactionManager - Participating in existing transaction
2026-03-16 17:04:25 [http-nio-8080-exec-12] DEBUG org.hibernate.SQL - select p1_0.progrm_file_nm,p1_0.progrm_dc,p1_0.progrm_korean_nm,p1_0.progrm_stre_path,p1_0.url from nprogrmlist p1_0
2026-03-16 17:04:25 [http-nio-8080-exec-17] DEBUG o.s.orm.jpa.JpaTransactionManager - Found thread-bound EntityManager [SessionImpl(265289658<open>)] for JPA transaction
2026-03-16 17:04:25 [http-nio-8080-exec-17] DEBUG o.s.orm.jpa.JpaTransactionManager - Participating in existing transaction
2026-03-16 17:04:25 [http-nio-8080-exec-17] DEBUG org.hibernate.SQL - select p1_0.progrm_file_nm,p1_0.progrm_dc,p1_0.progrm_korean_nm,p1_0.progrm_stre_path,p1_0.url from nprogrmlist p1_0
2026-03-16 17:04:25 [http-nio-8080-exec-9] DEBUG o.s.orm.jpa.JpaTransactionManager - Found thread-bound EntityManager [SessionImpl(149166780<open>)] for JPA transaction
2026-03-16 17:04:25 [http-nio-8080-exec-9] DEBUG o.s.orm.jpa.JpaTransactionManager - Participating in existing transaction
2026-03-16 17:04:25 [http-nio-8080-exec-9] DEBUG org.hibernate.SQL - select p1_0.progrm_file_nm,p1_0.progrm_dc,p1_0.progrm_korean_nm,p1_0.progrm_stre_path,p1_0.url from nprogrmlist p1_0
2026-03-16 17:04:25 [http-nio-8080-exec-19] DEBUG org.hibernate.SQL - select count(b1_0.ntt_id) from nbbs b1_0 left join nemplyrinfo u1_0 on b1_0.frst_register_id=u1_0.esntl_id where (b1_0.use_at = 'Y') and b1_0.bbs_id=?
2026-03-16 17:04:25 [http-nio-8080-exec-2] DEBUG o.s.orm.jpa.JpaTransactionManager - Found thread-bound EntityManager [SessionImpl(1447641887<open>)] for JPA transaction
2026-03-16 17:04:25 [http-nio-8080-exec-2] DEBUG o.s.orm.jpa.JpaTransactionManager - Participating in existing transaction
2026-03-16 17:04:25 [http-nio-8080-exec-2] DEBUG org.hibernate.SQL - select p1_0.progrm_file_nm,p1_0.progrm_dc,p1_0.progrm_korean_nm,p1_0.progrm_stre_path,p1_0.url from nprogrmlist p1_0
2026-03-16 17:04:25 [http-nio-8080-exec-8] DEBUG o.s.orm.jpa.JpaTransactionManager - Found thread-bound EntityManager [SessionImpl(2122434400<open>)] for JPA transaction
2026-03-16 17:04:25 [http-nio-8080-exec-8] DEBUG o.s.orm.jpa.JpaTransactionManager - Participating in existing transaction
2026-03-16 17:04:25 [http-nio-8080-exec-8] DEBUG org.hibernate.SQL - select p1_0.progrm_file_nm,p1_0.progrm_dc,p1_0.progrm_korean_nm,p1_0.progrm_stre_path,p1_0.url from nprogrmlist p1_0
2026-03-16 17:04:25 [http-nio-8080-exec-12] DEBUG o.s.orm.jpa.JpaTransactionManager - Initiating transaction commit
2026-03-16 17:04:25 [http-nio-8080-exec-12] DEBUG o.s.orm.jpa.JpaTransactionManager - Committing JPA transaction on EntityManager [SessionImpl(384476802<open>)]
2026-03-16 17:04:25 [http-nio-8080-exec-17] DEBUG o.s.orm.jpa.JpaTransactionManager - Initiating transaction commit
2026-03-16 17:04:25 [http-nio-8080-exec-9] DEBUG o.s.orm.jpa.JpaTransactionManager - Initiating transaction commit
2026-03-16 17:04:25 [http-nio-8080-exec-17] DEBUG o.s.orm.jpa.JpaTransactionManager - Committing JPA transaction on EntityManager [SessionImpl(265289658<open>)]
2026-03-16 17:04:25 [http-nio-8080-exec-9] DEBUG o.s.orm.jpa.JpaTransactionManager - Committing JPA transaction on EntityManager [SessionImpl(149166780<open>)]
2026-03-16 17:04:25 [http-nio-8080-exec-19] DEBUG o.s.orm.jpa.JpaTransactionManager - Initiating transaction commit
2026-03-16 17:04:25 [http-nio-8080-exec-19] DEBUG o.s.orm.jpa.JpaTransactionManager - Committing JPA transaction on EntityManager [SessionImpl(65814845<open>)]
2026-03-16 17:04:25 [http-nio-8080-exec-2] DEBUG o.s.orm.jpa.JpaTransactionManager - Initiating transaction commit
2026-03-16 17:04:25 [http-nio-8080-exec-2] DEBUG o.s.orm.jpa.JpaTransactionManager - Committing JPA transaction on EntityManager [SessionImpl(1447641887<open>)]
2026-03-16 17:04:25 [http-nio-8080-exec-8] DEBUG o.s.orm.jpa.JpaTransactionManager - Initiating transaction commit
2026-03-16 17:04:25 [http-nio-8080-exec-8] DEBUG o.s.orm.jpa.JpaTransactionManager - Committing JPA transaction on EntityManager [SessionImpl(2122434400<open>)]
2026-03-16 17:04:25 [http-nio-8080-exec-12] DEBUG o.s.orm.jpa.JpaTransactionManager - Closing JPA EntityManager [SessionImpl(384476802<open>)] after transaction
2026-03-16 17:04:25 [http-nio-8080-exec-12] INFO  c.c.p.a.c.menu.MenuController - getLeftMenu returned 5 items
2026-03-16 17:04:25 [http-nio-8080-exec-12] DEBUG o.s.w.s.m.m.a.HttpEntityMethodProcessor - Using 'application/json', given [application/json, text/plain, */*] and supported [application/json, application/*+json, application/yaml]
2026-03-16 17:04:25 [http-nio-8080-exec-12] TRACE o.s.w.s.m.m.a.HttpEntityMethodProcessor - Writing [ApiResponse[success=true, status=200, code=COMMON_001, message=Success, data={list=[com.company.project.service.menu.dto.MenuDto@71edb8f1, com.company.project.service.menu.dto.MenuDto@1032e83e, com.company.project.service.menu.dto.MenuDto@cf3808e, com.company.project.service.menu.dto.MenuDto@3e75ae05, com.company.project.service.menu.dto.MenuDto@2243b30a]}, timestamp=2026-03-16T17:04:25.738284800]]
2026-03-16 17:04:25 [http-nio-8080-exec-12] INFO  c.c.p.a.i.OperationalAuditInterceptor - API Audit Log: URL=/api/v1/menu/left, User=user_regular, IP=0:0:0:0:0:0:0:1
2026-03-16 17:04:25 [http-nio-8080-exec-12] DEBUG o.s.web.servlet.DispatcherServlet - Completed 200 OK
2026-03-16 17:04:25 [http-nio-8080-exec-17] DEBUG o.s.orm.jpa.JpaTransactionManager - Closing JPA EntityManager [SessionImpl(265289658<open>)] after transaction
2026-03-16 17:04:25 [http-nio-8080-exec-17] INFO  c.c.p.a.c.menu.MenuController - getLeftMenu returned 1 items
2026-03-16 17:04:25 [http-nio-8080-exec-17] DEBUG o.s.w.s.m.m.a.HttpEntityMethodProcessor - Using 'application/json', given [application/json, text/plain, */*] and supported [application/json, application/*+json, application/yaml]
2026-03-16 17:04:25 [http-nio-8080-exec-17] TRACE o.s.w.s.m.m.a.HttpEntityMethodProcessor - Writing [ApiResponse[success=true, status=200, code=COMMON_001, message=Success, data={list=[com.company.project.service.menu.dto.MenuDto@2997b39a]}, timestamp=2026-03-16T17:04:25.767920900]]
2026-03-16 17:04:25 [http-nio-8080-exec-9] DEBUG o.s.orm.jpa.JpaTransactionManager - Closing JPA EntityManager [SessionImpl(149166780<open>)] after transaction
2026-03-16 17:04:25 [http-nio-8080-exec-9] INFO  c.c.p.a.c.menu.MenuController - getLeftMenu returned 3 items
2026-03-16 17:04:25 [http-nio-8080-exec-17] INFO  c.c.p.a.i.OperationalAuditInterceptor - API Audit Log: URL=/api/v1/menu/left, User=user_regular, IP=0:0:0:0:0:0:0:1
2026-03-16 17:04:25 [http-nio-8080-exec-17] DEBUG o.s.web.servlet.DispatcherServlet - Completed 200 OK
2026-03-16 17:04:25 [http-nio-8080-exec-9] DEBUG o.s.w.s.m.m.a.HttpEntityMethodProcessor - Using 'application/json', given [application/json, text/plain, */*] and supported [application/json, application/*+json, application/yaml]
2026-03-16 17:04:25 [http-nio-8080-exec-9] TRACE o.s.w.s.m.m.a.HttpEntityMethodProcessor - Writing [ApiResponse[success=true, status=200, code=COMMON_001, message=Success, data={list=[com.company.project.service.menu.dto.MenuDto@3a772a8b, com.company.project.service.menu.dto.MenuDto@48f30120, com.company.project.service.menu.dto.MenuDto@6e4d96ee]}, timestamp=2026-03-16T17:04:25.768946]]
2026-03-16 17:04:25 [http-nio-8080-exec-9] INFO  c.c.p.a.i.OperationalAuditInterceptor - API Audit Log: URL=/api/v1/menu/left, User=user_regular, IP=0:0:0:0:0:0:0:1
2026-03-16 17:04:25 [http-nio-8080-exec-9] DEBUG o.s.web.servlet.DispatcherServlet - Completed 200 OK
2026-03-16 17:04:25 [http-nio-8080-exec-19] DEBUG o.s.orm.jpa.JpaTransactionManager - Closing JPA EntityManager [SessionImpl(65814845<open>)] after transaction
2026-03-16 17:04:25 [http-nio-8080-exec-19] DEBUG o.s.orm.jpa.JpaTransactionManager - Creating new transaction with name [com.company.project.service.informalsanction.InformalSanctionServiceImpl.getReceivedInformalSanctionList]: PROPAGATION_REQUIRED,ISOLATION_DEFAULT,readOnly
2026-03-16 17:04:25 [http-nio-8080-exec-19] DEBUG o.s.orm.jpa.JpaTransactionManager - Opened new EntityManager [SessionImpl(236665683<open>)] for JPA transaction
2026-03-16 17:04:25 [http-nio-8080-exec-19] DEBUG o.s.orm.jpa.JpaTransactionManager - Exposing JPA transaction as JDBC [org.springframework.orm.jpa.vendor.HibernateJpaDialect$HibernateConnectionHandle@e1ad38b]
2026-03-16 17:04:25 [http-nio-8080-exec-19] DEBUG org.hibernate.SQL - select is1_0.infrml_sanctn_id,is1_0.applcnt_id,is1_0.confm_at,is1_0.frst_register_id,is1_0.frst_regist_pnttm,is1_0.job_se_code,is1_0.last_updusr_id,is1_0.last_updt_pnttm,is1_0.reqst_de,is1_0.return_resn,is1_0.sanctn_dt,is1_0.sanctner_id from ninfrmlsanctn is1_0 where is1_0.sanctner_id=?
2026-03-16 17:04:25 [http-nio-8080-exec-2] DEBUG o.s.orm.jpa.JpaTransactionManager - Closing JPA EntityManager [SessionImpl(1447641887<open>)] after transaction
2026-03-16 17:04:25 [http-nio-8080-exec-2] INFO  c.c.p.a.c.menu.MenuController - getLeftMenu returned 2 items
2026-03-16 17:04:25 [http-nio-8080-exec-2] DEBUG o.s.w.s.m.m.a.HttpEntityMethodProcessor - Using 'application/json', given [application/json, text/plain, */*] and supported [application/json, application/*+json, application/yaml]
2026-03-16 17:04:25 [http-nio-8080-exec-2] TRACE o.s.w.s.m.m.a.HttpEntityMethodProcessor - Writing [ApiResponse[success=true, status=200, code=COMMON_001, message=Success, data={list=[com.company.project.service.menu.dto.MenuDto@12cfae81, com.company.project.service.menu.dto.MenuDto@25b0257a]}, timestamp=2026-03-16T17:04:25.880949600]]
2026-03-16 17:04:25 [http-nio-8080-exec-2] INFO  c.c.p.a.i.OperationalAuditInterceptor - API Audit Log: URL=/api/v1/menu/left, User=user_regular, IP=0:0:0:0:0:0:0:1
2026-03-16 17:04:25 [http-nio-8080-exec-2] DEBUG o.s.web.servlet.DispatcherServlet - Completed 200 OK
2026-03-16 17:04:25 [http-nio-8080-exec-8] DEBUG o.s.orm.jpa.JpaTransactionManager - Closing JPA EntityManager [SessionImpl(2122434400<open>)] after transaction
2026-03-16 17:04:25 [http-nio-8080-exec-8] INFO  c.c.p.a.c.menu.MenuController - getLeftMenu returned 3 items
2026-03-16 17:04:25 [http-nio-8080-exec-8] DEBUG o.s.w.s.m.m.a.HttpEntityMethodProcessor - Using 'application/json', given [application/json, text/plain, */*] and supported [application/json, application/*+json, application/yaml]
2026-03-16 17:04:25 [http-nio-8080-exec-8] TRACE o.s.w.s.m.m.a.HttpEntityMethodProcessor - Writing [ApiResponse[success=true, status=200, code=COMMON_001, message=Success, data={list=[com.company.project.service.menu.dto.MenuDto@7f20c2b0, com.company.project.service.menu.dto.MenuDto@4d36161a, com.company.project.service.menu.dto.MenuDto@755f9363]}, timestamp=2026-03-16T17:04:25.886019400]]
2026-03-16 17:04:25 [http-nio-8080-exec-8] INFO  c.c.p.a.i.OperationalAuditInterceptor - API Audit Log: URL=/api/v1/menu/left, User=user_regular, IP=0:0:0:0:0:0:0:1
2026-03-16 17:04:25 [http-nio-8080-exec-8] DEBUG o.s.web.servlet.DispatcherServlet - Completed 200 OK
2026-03-16 17:04:26 [http-nio-8080-exec-19] DEBUG o.s.orm.jpa.JpaTransactionManager - Initiating transaction commit
2026-03-16 17:04:26 [http-nio-8080-exec-19] DEBUG o.s.orm.jpa.JpaTransactionManager - Committing JPA transaction on EntityManager [SessionImpl(236665683<open>)]
2026-03-16 17:04:26 [http-nio-8080-exec-19] DEBUG o.s.orm.jpa.JpaTransactionManager - Closing JPA EntityManager [SessionImpl(236665683<open>)] after transaction
2026-03-16 17:04:26 [http-nio-8080-exec-19] DEBUG o.s.w.s.m.m.a.HttpEntityMethodProcessor - Using 'application/json', given [application/json, text/plain, */*] and supported [application/json, application/*+json, application/yaml]
2026-03-16 17:04:26 [http-nio-8080-exec-19] TRACE o.s.w.s.m.m.a.HttpEntityMethodProcessor - Writing [{notiList=[com.company.project.service.board.dto.BoardDto@448606b5], success=true, taskList=[com.company.project.service.board.dto.BoardDto@426840d8], pendingApprovalCount=0}]
2026-03-16 17:04:26 [http-nio-8080-exec-19] INFO  c.c.p.a.i.OperationalAuditInterceptor - API Audit Log: URL=/api/v1/dashboard, User=user_regular, IP=0:0:0:0:0:0:0:1
2026-03-16 17:04:26 [http-nio-8080-exec-19] DEBUG o.s.web.servlet.DispatcherServlet - Completed 200 OK
2026-03-16 17:04:26 [http-nio-8080-exec-3] DEBUG c.c.p.s.jwt.JwtAuthenticationFilter - >>> [JwtFilter] Processing request: GET /api/v1/menu/left
2026-03-16 17:04:26 [http-nio-8080-exec-3] DEBUG c.c.p.s.jwt.JwtAuthenticationFilter - >>> [JwtFilter] Found token in header for path: /api/v1/menu/left
2026-03-16 17:04:26 [http-nio-8080-exec-3] DEBUG o.s.orm.jpa.JpaTransactionManager - Creating new transaction with name [com.company.project.security.iam.CustomUserDetailsService.loadUserByUsername]: PROPAGATION_REQUIRED,ISOLATION_DEFAULT,readOnly
2026-03-16 17:04:26 [http-nio-8080-exec-3] DEBUG o.s.orm.jpa.JpaTransactionManager - Opened new EntityManager [SessionImpl(653053010<open>)] for JPA transaction
2026-03-16 17:04:26 [http-nio-8080-exec-10] DEBUG c.c.p.s.jwt.JwtAuthenticationFilter - >>> [JwtFilter] Processing request: GET /api/v1/menu/head
2026-03-16 17:04:26 [http-nio-8080-exec-10] DEBUG c.c.p.s.jwt.JwtAuthenticationFilter - >>> [JwtFilter] Found token in header for path: /api/v1/menu/head
2026-03-16 17:04:26 [http-nio-8080-exec-15] DEBUG c.c.p.s.jwt.JwtAuthenticationFilter - >>> [JwtFilter] Processing request: GET /api/v1/auth/me
2026-03-16 17:04:26 [http-nio-8080-exec-15] DEBUG c.c.p.s.jwt.JwtAuthenticationFilter - >>> [JwtFilter] Found token in header for path: /api/v1/auth/me
2026-03-16 17:04:26 [http-nio-8080-exec-10] DEBUG o.s.orm.jpa.JpaTransactionManager - Creating new transaction with name [com.company.project.security.iam.CustomUserDetailsService.loadUserByUsername]: PROPAGATION_REQUIRED,ISOLATION_DEFAULT,readOnly
2026-03-16 17:04:26 [http-nio-8080-exec-10] DEBUG o.s.orm.jpa.JpaTransactionManager - Opened new EntityManager [SessionImpl(952581593<open>)] for JPA transaction
2026-03-16 17:04:26 [http-nio-8080-exec-15] DEBUG o.s.orm.jpa.JpaTransactionManager - Creating new transaction with name [com.company.project.security.iam.CustomUserDetailsService.loadUserByUsername]: PROPAGATION_REQUIRED,ISOLATION_DEFAULT,readOnly
2026-03-16 17:04:26 [http-nio-8080-exec-15] DEBUG o.s.orm.jpa.JpaTransactionManager - Opened new EntityManager [SessionImpl(1520686525<open>)] for JPA transaction
2026-03-16 17:04:26 [http-nio-8080-exec-3] DEBUG o.s.orm.jpa.JpaTransactionManager - Exposing JPA transaction as JDBC [org.springframework.orm.jpa.vendor.HibernateJpaDialect$HibernateConnectionHandle@dfd7359]
2026-03-16 17:04:26 [http-nio-8080-exec-3] DEBUG o.s.orm.jpa.JpaTransactionManager - Found thread-bound EntityManager [SessionImpl(653053010<open>)] for JPA transaction
2026-03-16 17:04:26 [http-nio-8080-exec-3] DEBUG o.s.orm.jpa.JpaTransactionManager - Participating in existing transaction
2026-03-16 17:04:26 [http-nio-8080-exec-3] DEBUG org.hibernate.SQL - select u1_0.emplyr_id,u1_0.area_no,u1_0.brthdy,u1_0.chg_pwd_cnt,u1_0.frst_register_id,u1_0.frst_regist_pnttm,u1_0.detail_adres,u1_0.email_adres,u1_0.emplyr_sttus_code,u1_0.empl_no,u1_0.esntl_id,u1_0.fxnum,u1_0.group_id,u1_0.house_adres,u1_0.house_end_telno,u1_0.house_middle_telno,u1_0.ihidnum,u1_0.pstinst_code,u1_0.last_updusr_id,u1_0.last_updt_pnttm,u1_0.lock_at,u1_0.lock_cnt,u1_0.lock_last_pnttm,u1_0.mbtlnum,u1_0.ofcps_nm,u1_0.offm_telno,u1_0.orgnzt_id,u1_0.password,u1_0.password_cnsr,u1_0.password_hint,u1_0.chg_pwd_last_pnttm,u1_0.role,u1_0.sbscrb_de,u1_0.sexdstn_code,u1_0.crtfc_dn_value,u1_0.user_nm,u1_0.zip from nemplyrinfo u1_0 where u1_0.emplyr_id=?
2026-03-16 17:04:26 [http-nio-8080-exec-10] DEBUG o.s.orm.jpa.JpaTransactionManager - Exposing JPA transaction as JDBC [org.springframework.orm.jpa.vendor.HibernateJpaDialect$HibernateConnectionHandle@165fae31]
2026-03-16 17:04:26 [http-nio-8080-exec-10] DEBUG o.s.orm.jpa.JpaTransactionManager - Found thread-bound EntityManager [SessionImpl(952581593<open>)] for JPA transaction
2026-03-16 17:04:26 [http-nio-8080-exec-10] DEBUG o.s.orm.jpa.JpaTransactionManager - Participating in existing transaction
2026-03-16 17:04:26 [http-nio-8080-exec-10] DEBUG org.hibernate.SQL - select u1_0.emplyr_id,u1_0.area_no,u1_0.brthdy,u1_0.chg_pwd_cnt,u1_0.frst_register_id,u1_0.frst_regist_pnttm,u1_0.detail_adres,u1_0.email_adres,u1_0.emplyr_sttus_code,u1_0.empl_no,u1_0.esntl_id,u1_0.fxnum,u1_0.group_id,u1_0.house_adres,u1_0.house_end_telno,u1_0.house_middle_telno,u1_0.ihidnum,u1_0.pstinst_code,u1_0.last_updusr_id,u1_0.last_updt_pnttm,u1_0.lock_at,u1_0.lock_cnt,u1_0.lock_last_pnttm,u1_0.mbtlnum,u1_0.ofcps_nm,u1_0.offm_telno,u1_0.orgnzt_id,u1_0.password,u1_0.password_cnsr,u1_0.password_hint,u1_0.chg_pwd_last_pnttm,u1_0.role,u1_0.sbscrb_de,u1_0.sexdstn_code,u1_0.crtfc_dn_value,u1_0.user_nm,u1_0.zip from nemplyrinfo u1_0 where u1_0.emplyr_id=?
2026-03-16 17:04:26 [http-nio-8080-exec-15] DEBUG o.s.orm.jpa.JpaTransactionManager - Exposing JPA transaction as JDBC [org.springframework.orm.jpa.vendor.HibernateJpaDialect$HibernateConnectionHandle@22f18724]
2026-03-16 17:04:26 [http-nio-8080-exec-15] DEBUG o.s.orm.jpa.JpaTransactionManager - Found thread-bound EntityManager [SessionImpl(1520686525<open>)] for JPA transaction
2026-03-16 17:04:26 [http-nio-8080-exec-15] DEBUG o.s.orm.jpa.JpaTransactionManager - Participating in existing transaction
2026-03-16 17:04:26 [http-nio-8080-exec-15] DEBUG org.hibernate.SQL - select u1_0.emplyr_id,u1_0.area_no,u1_0.brthdy,u1_0.chg_pwd_cnt,u1_0.frst_register_id,u1_0.frst_regist_pnttm,u1_0.detail_adres,u1_0.email_adres,u1_0.emplyr_sttus_code,u1_0.empl_no,u1_0.esntl_id,u1_0.fxnum,u1_0.group_id,u1_0.house_adres,u1_0.house_end_telno,u1_0.house_middle_telno,u1_0.ihidnum,u1_0.pstinst_code,u1_0.last_updusr_id,u1_0.last_updt_pnttm,u1_0.lock_at,u1_0.lock_cnt,u1_0.lock_last_pnttm,u1_0.mbtlnum,u1_0.ofcps_nm,u1_0.offm_telno,u1_0.orgnzt_id,u1_0.password,u1_0.password_cnsr,u1_0.password_hint,u1_0.chg_pwd_last_pnttm,u1_0.role,u1_0.sbscrb_de,u1_0.sexdstn_code,u1_0.crtfc_dn_value,u1_0.user_nm,u1_0.zip from nemplyrinfo u1_0 where u1_0.emplyr_id=?
2026-03-16 17:04:26 [http-nio-8080-exec-3] DEBUG o.s.orm.jpa.JpaTransactionManager - Found thread-bound EntityManager [SessionImpl(653053010<open>)] for JPA transaction
2026-03-16 17:04:26 [http-nio-8080-exec-3] DEBUG o.s.orm.jpa.JpaTransactionManager - Participating in existing transaction
2026-03-16 17:04:26 [http-nio-8080-exec-3] DEBUG org.hibernate.SQL - select ua1_0.scrty_dtrmn_trget_id,ua1_0.author_code,ua1_0.frst_register_id,ua1_0.frst_regist_pnttm,ua1_0.last_updusr_id,ua1_0.last_updt_pnttm,ua1_0.mber_ty_code from nemplyrscrtyestbs ua1_0 where ua1_0.scrty_dtrmn_trget_id=?
2026-03-16 17:04:26 [http-nio-8080-exec-10] DEBUG o.s.orm.jpa.JpaTransactionManager - Found thread-bound EntityManager [SessionImpl(952581593<open>)] for JPA transaction
2026-03-16 17:04:26 [http-nio-8080-exec-10] DEBUG o.s.orm.jpa.JpaTransactionManager - Participating in existing transaction
2026-03-16 17:04:26 [http-nio-8080-exec-10] DEBUG org.hibernate.SQL - select ua1_0.scrty_dtrmn_trget_id,ua1_0.author_code,ua1_0.frst_register_id,ua1_0.frst_regist_pnttm,ua1_0.last_updusr_id,ua1_0.last_updt_pnttm,ua1_0.mber_ty_code from nemplyrscrtyestbs ua1_0 where ua1_0.scrty_dtrmn_trget_id=?
2026-03-16 17:04:26 [http-nio-8080-exec-15] DEBUG o.s.orm.jpa.JpaTransactionManager - Found thread-bound EntityManager [SessionImpl(1520686525<open>)] for JPA transaction
2026-03-16 17:04:26 [http-nio-8080-exec-15] DEBUG o.s.orm.jpa.JpaTransactionManager - Participating in existing transaction
2026-03-16 17:04:26 [http-nio-8080-exec-15] DEBUG org.hibernate.SQL - select ua1_0.scrty_dtrmn_trget_id,ua1_0.author_code,ua1_0.frst_register_id,ua1_0.frst_regist_pnttm,ua1_0.last_updusr_id,ua1_0.last_updt_pnttm,ua1_0.mber_ty_code from nemplyrscrtyestbs ua1_0 where ua1_0.scrty_dtrmn_trget_id=?
2026-03-16 17:04:26 [http-nio-8080-exec-3] DEBUG o.s.orm.jpa.JpaTransactionManager - Initiating transaction commit
2026-03-16 17:04:26 [http-nio-8080-exec-3] DEBUG o.s.orm.jpa.JpaTransactionManager - Committing JPA transaction on EntityManager [SessionImpl(653053010<open>)]
2026-03-16 17:04:26 [http-nio-8080-exec-15] DEBUG o.s.orm.jpa.JpaTransactionManager - Initiating transaction commit
2026-03-16 17:04:26 [http-nio-8080-exec-10] DEBUG o.s.orm.jpa.JpaTransactionManager - Initiating transaction commit
2026-03-16 17:04:26 [http-nio-8080-exec-15] DEBUG o.s.orm.jpa.JpaTransactionManager - Committing JPA transaction on EntityManager [SessionImpl(1520686525<open>)]
2026-03-16 17:04:26 [http-nio-8080-exec-10] DEBUG o.s.orm.jpa.JpaTransactionManager - Committing JPA transaction on EntityManager [SessionImpl(952581593<open>)]
2026-03-16 17:04:27 [http-nio-8080-exec-3] DEBUG o.s.orm.jpa.JpaTransactionManager - Closing JPA EntityManager [SessionImpl(653053010<open>)] after transaction
2026-03-16 17:04:27 [http-nio-8080-exec-3] DEBUG c.c.p.s.jwt.JwtAuthenticationFilter - >>> [JwtFilter] Successfully authenticated user: USRCNFRM_00000000002, Authorities: [ROLE_USER]
2026-03-16 17:04:27 [http-nio-8080-exec-3] DEBUG o.s.web.servlet.DispatcherServlet - GET "/api/v1/menu/left?menuNo=10", parameters={masked}
2026-03-16 17:04:27 [http-nio-8080-exec-3] TRACE o.s.w.s.m.m.a.RequestMappingHandlerMapping - Mapped to com.company.project.api.controller.menu.MenuController#getLeftMenu(Long)
2026-03-16 17:04:27 [http-nio-8080-exec-3] INFO  c.c.p.a.c.menu.MenuController - getLeftMenu called with menuNo=10
2026-03-16 17:04:27 [http-nio-8080-exec-3] DEBUG o.s.orm.jpa.JpaTransactionManager - Creating new transaction with name [com.company.project.service.menu.MenuService.getSubMenus]: PROPAGATION_REQUIRED,ISOLATION_DEFAULT,readOnly
2026-03-16 17:04:27 [http-nio-8080-exec-3] DEBUG o.s.orm.jpa.JpaTransactionManager - Opened new EntityManager [SessionImpl(630918442<open>)] for JPA transaction
2026-03-16 17:04:27 [http-nio-8080-exec-3] DEBUG o.s.orm.jpa.JpaTransactionManager - Exposing JPA transaction as JDBC [org.springframework.orm.jpa.vendor.HibernateJpaDialect$HibernateConnectionHandle@14dfd82e]
2026-03-16 17:04:27 [http-nio-8080-exec-3] DEBUG org.hibernate.SQL - select m1_0.menu_no,m1_0.menu_dc,m1_0.menu_nm,m1_0.menu_ordr,m1_0.modern_route,m1_0.progrm_file_nm,m1_0.relate_image_nm,m1_0.relate_image_path,m1_0.route_updated_at,m1_0.upper_menu_no from nmenuinfo m1_0 order by m1_0.upper_menu_no,m1_0.menu_ordr
2026-03-16 17:04:27 [http-nio-8080-exec-15] DEBUG o.s.orm.jpa.JpaTransactionManager - Closing JPA EntityManager [SessionImpl(1520686525<open>)] after transaction
2026-03-16 17:04:27 [http-nio-8080-exec-15] DEBUG c.c.p.s.jwt.JwtAuthenticationFilter - >>> [JwtFilter] Successfully authenticated user: USRCNFRM_00000000002, Authorities: [ROLE_USER]
2026-03-16 17:04:27 [http-nio-8080-exec-10] DEBUG o.s.orm.jpa.JpaTransactionManager - Closing JPA EntityManager [SessionImpl(952581593<open>)] after transaction
2026-03-16 17:04:27 [http-nio-8080-exec-10] DEBUG c.c.p.s.jwt.JwtAuthenticationFilter - >>> [JwtFilter] Successfully authenticated user: USRCNFRM_00000000002, Authorities: [ROLE_USER]
2026-03-16 17:04:27 [http-nio-8080-exec-15] DEBUG o.s.web.servlet.DispatcherServlet - GET "/api/v1/auth/me", parameters={}
2026-03-16 17:04:27 [http-nio-8080-exec-15] TRACE o.s.w.s.m.m.a.RequestMappingHandlerMapping - Mapped to com.company.project.api.auth.AuthController#getCurrentUser()
2026-03-16 17:04:27 [http-nio-8080-exec-10] DEBUG o.s.web.servlet.DispatcherServlet - GET "/api/v1/menu/head", parameters={}
2026-03-16 17:04:27 [http-nio-8080-exec-15] DEBUG o.s.w.s.m.m.a.RequestResponseBodyMethodProcessor - Using 'application/json', given [application/json, text/plain, */*] and supported [application/json, application/*+json, application/yaml]
2026-03-16 17:04:27 [http-nio-8080-exec-10] TRACE o.s.w.s.m.m.a.RequestMappingHandlerMapping - Mapped to com.company.project.api.controller.menu.MenuController#getHeadMenu()
2026-03-16 17:04:27 [http-nio-8080-exec-15] TRACE o.s.w.s.m.m.a.RequestResponseBodyMethodProcessor - Writing [ApiResponse[success=true, status=200, code=COMMON_001, message=Success, data={role=ROLE_USER, userSe=USR, name=일반사용자, id=user_regular}, timestamp=2026-03-16T17:04:27.051928900]]
2026-03-16 17:04:27 [http-nio-8080-exec-10] INFO  c.c.p.a.c.menu.MenuController - getHeadMenu called
2026-03-16 17:04:27 [http-nio-8080-exec-15] INFO  c.c.p.a.i.OperationalAuditInterceptor - API Audit Log: URL=/api/v1/auth/me, User=user_regular, IP=127.0.0.1
2026-03-16 17:04:27 [http-nio-8080-exec-15] DEBUG o.s.web.servlet.DispatcherServlet - Completed 200 OK
2026-03-16 17:04:27 [http-nio-8080-exec-10] INFO  c.c.p.a.c.menu.MenuController - getHeadMenu returned 5 items
2026-03-16 17:04:27 [http-nio-8080-exec-10] DEBUG o.s.w.s.m.m.a.HttpEntityMethodProcessor - Using 'application/json', given [application/json, text/plain, */*] and supported [application/json, application/*+json, application/yaml]
2026-03-16 17:04:27 [http-nio-8080-exec-10] TRACE o.s.w.s.m.m.a.HttpEntityMethodProcessor - Writing [ApiResponse[success=true, status=200, code=COMMON_001, message=Success, data={list=[com.company.project.service.menu.dto.MenuDto@4839fef0, com.company.project.service.menu.dto.MenuDto@1c69c1c2, com.company.project.service.menu.dto.MenuDto@6f5d2c3d, com.company.project.service.menu.dto.MenuDto@6314b47d, com.company.project.service.menu.dto.MenuDto@645d0891]}, timestamp=2026-03-16T17:04:27.052859300]]
2026-03-16 17:04:27 [http-nio-8080-exec-10] INFO  c.c.p.a.i.OperationalAuditInterceptor - API Audit Log: URL=/api/v1/menu/head, User=user_regular, IP=127.0.0.1
2026-03-16 17:04:27 [http-nio-8080-exec-10] DEBUG o.s.web.servlet.DispatcherServlet - Completed 200 OK
2026-03-16 17:04:27 [http-nio-8080-exec-3] DEBUG o.s.orm.jpa.JpaTransactionManager - Found thread-bound EntityManager [SessionImpl(630918442<open>)] for JPA transaction
2026-03-16 17:04:27 [http-nio-8080-exec-3] DEBUG o.s.orm.jpa.JpaTransactionManager - Participating in existing transaction
2026-03-16 17:04:27 [http-nio-8080-exec-3] DEBUG org.hibernate.SQL - select p1_0.progrm_file_nm,p1_0.progrm_dc,p1_0.progrm_korean_nm,p1_0.progrm_stre_path,p1_0.url from nprogrmlist p1_0
2026-03-16 17:04:27 [http-nio-8080-exec-3] DEBUG o.s.orm.jpa.JpaTransactionManager - Initiating transaction commit
2026-03-16 17:04:27 [http-nio-8080-exec-3] DEBUG o.s.orm.jpa.JpaTransactionManager - Committing JPA transaction on EntityManager [SessionImpl(630918442<open>)]
2026-03-16 17:04:27 [http-nio-8080-exec-3] DEBUG o.s.orm.jpa.JpaTransactionManager - Closing JPA EntityManager [SessionImpl(630918442<open>)] after transaction
2026-03-16 17:04:27 [http-nio-8080-exec-3] INFO  c.c.p.a.c.menu.MenuController - getLeftMenu returned 5 items
2026-03-16 17:04:27 [http-nio-8080-exec-3] DEBUG o.s.w.s.m.m.a.HttpEntityMethodProcessor - Using 'application/json', given [application/json, text/plain, */*] and supported [application/json, application/*+json, application/yaml]
2026-03-16 17:04:27 [http-nio-8080-exec-3] TRACE o.s.w.s.m.m.a.HttpEntityMethodProcessor - Writing [ApiResponse[success=true, status=200, code=COMMON_001, message=Success, data={list=[com.company.project.service.menu.dto.MenuDto@3b056cb1, com.company.project.service.menu.dto.MenuDto@1a41da85, com.company.project.service.menu.dto.MenuDto@2c71b6ec, com.company.project.service.menu.dto.MenuDto@4a5955ff, com.company.project.service.menu.dto.MenuDto@5aa9d8e1]}, timestamp=2026-03-16T17:04:27.634072700]]
2026-03-16 17:04:27 [http-nio-8080-exec-3] INFO  c.c.p.a.i.OperationalAuditInterceptor - API Audit Log: URL=/api/v1/menu/left, User=user_regular, IP=127.0.0.1
2026-03-16 17:04:27 [http-nio-8080-exec-3] DEBUG o.s.web.servlet.DispatcherServlet - Completed 200 OK
2026-03-16 17:05:44 [http-nio-8080-exec-19] DEBUG c.c.p.s.jwt.JwtAuthenticationFilter - >>> [JwtFilter] Processing request: POST /api/v1/auth/login
2026-03-16 17:05:44 [http-nio-8080-exec-19] DEBUG c.c.p.s.jwt.JwtAuthenticationFilter - >>> [JwtFilter] No token found in request header for path: /api/v1/auth/login
2026-03-16 17:05:44 [http-nio-8080-exec-19] DEBUG o.s.web.servlet.DispatcherServlet - POST "/api/v1/auth/login", parameters={}
2026-03-16 17:05:44 [http-nio-8080-exec-19] TRACE o.s.w.s.m.m.a.RequestMappingHandlerMapping - Mapped to com.company.project.api.auth.AuthController#login(Map, HttpServletResponse)
2026-03-16 17:05:44 [http-nio-8080-exec-19] TRACE o.s.w.s.m.m.a.RequestResponseBodyMethodProcessor - Read "application/json;charset=UTF-8" to [{id=user_regular, password=1}]
2026-03-16 17:05:44 [http-nio-8080-exec-19] INFO  c.c.project.api.auth.AuthController - >>> [Login] Attempting login for userId: user_regular
2026-03-16 17:05:44 [http-nio-8080-exec-19] DEBUG o.s.orm.jpa.JpaTransactionManager - Creating new transaction with name [com.company.project.security.iam.EgovAuthenticationProvider.authenticate]: PROPAGATION_REQUIRED,ISOLATION_DEFAULT
2026-03-16 17:05:44 [http-nio-8080-exec-19] DEBUG o.s.orm.jpa.JpaTransactionManager - Opened new EntityManager [SessionImpl(2003787098<open>)] for JPA transaction
2026-03-16 17:05:44 [http-nio-8080-exec-15] DEBUG c.c.p.s.jwt.JwtAuthenticationFilter - >>> [JwtFilter] Processing request: POST /api/v1/auth/login
2026-03-16 17:05:44 [http-nio-8080-exec-15] DEBUG c.c.p.s.jwt.JwtAuthenticationFilter - >>> [JwtFilter] No token found in request header for path: /api/v1/auth/login
2026-03-16 17:05:44 [http-nio-8080-exec-15] DEBUG o.s.web.servlet.DispatcherServlet - POST "/api/v1/auth/login", parameters={}
2026-03-16 17:05:44 [http-nio-8080-exec-15] TRACE o.s.w.s.m.m.a.RequestMappingHandlerMapping - Mapped to com.company.project.api.auth.AuthController#login(Map, HttpServletResponse)
2026-03-16 17:05:44 [http-nio-8080-exec-15] TRACE o.s.w.s.m.m.a.RequestResponseBodyMethodProcessor - Read "application/json;charset=UTF-8" to [{id=webmaster, password=1}]
2026-03-16 17:05:44 [http-nio-8080-exec-15] INFO  c.c.project.api.auth.AuthController - >>> [Login] Attempting login for userId: webmaster
2026-03-16 17:05:44 [http-nio-8080-exec-15] DEBUG o.s.orm.jpa.JpaTransactionManager - Creating new transaction with name [com.company.project.security.iam.EgovAuthenticationProvider.authenticate]: PROPAGATION_REQUIRED,ISOLATION_DEFAULT
2026-03-16 17:05:44 [http-nio-8080-exec-15] DEBUG o.s.orm.jpa.JpaTransactionManager - Opened new EntityManager [SessionImpl(704876549<open>)] for JPA transaction
2026-03-16 17:05:44 [http-nio-8080-exec-19] DEBUG o.s.orm.jpa.JpaTransactionManager - Exposing JPA transaction as JDBC [org.springframework.orm.jpa.vendor.HibernateJpaDialect$HibernateConnectionHandle@70e57508]
2026-03-16 17:05:44 [http-nio-8080-exec-19] INFO  c.c.p.s.i.EgovAuthenticationProvider - >>> [EgovAuthenticationProvider] Attempting authentication for userId: user_regular
2026-03-16 17:05:44 [http-nio-8080-exec-19] INFO  c.c.p.s.i.EgovAuthenticationProvider - >>> [EgovAuthenticationProvider] DB check started for userId: user_regular
2026-03-16 17:05:44 [http-nio-8080-exec-19] DEBUG o.s.orm.jpa.JpaTransactionManager - Found thread-bound EntityManager [SessionImpl(2003787098<open>)] for JPA transaction
2026-03-16 17:05:44 [http-nio-8080-exec-19] DEBUG o.s.orm.jpa.JpaTransactionManager - Participating in existing transaction
2026-03-16 17:05:44 [http-nio-8080-exec-19] DEBUG org.hibernate.SQL - select u1_0.emplyr_id,u1_0.area_no,u1_0.brthdy,u1_0.chg_pwd_cnt,u1_0.frst_register_id,u1_0.frst_regist_pnttm,u1_0.detail_adres,u1_0.email_adres,u1_0.emplyr_sttus_code,u1_0.empl_no,u1_0.esntl_id,u1_0.fxnum,u1_0.group_id,u1_0.house_adres,u1_0.house_end_telno,u1_0.house_middle_telno,u1_0.ihidnum,u1_0.pstinst_code,u1_0.last_updusr_id,u1_0.last_updt_pnttm,u1_0.lock_at,u1_0.lock_cnt,u1_0.lock_last_pnttm,u1_0.mbtlnum,u1_0.ofcps_nm,u1_0.offm_telno,u1_0.orgnzt_id,u1_0.password,u1_0.password_cnsr,u1_0.password_hint,u1_0.chg_pwd_last_pnttm,u1_0.role,u1_0.sbscrb_de,u1_0.sexdstn_code,u1_0.crtfc_dn_value,u1_0.user_nm,u1_0.zip from nemplyrinfo u1_0 where u1_0.emplyr_id=?
2026-03-16 17:05:44 [http-nio-8080-exec-15] DEBUG o.s.orm.jpa.JpaTransactionManager - Exposing JPA transaction as JDBC [org.springframework.orm.jpa.vendor.HibernateJpaDialect$HibernateConnectionHandle@74be9f5c]
2026-03-16 17:05:44 [http-nio-8080-exec-15] INFO  c.c.p.s.i.EgovAuthenticationProvider - >>> [EgovAuthenticationProvider] Attempting authentication for userId: webmaster
2026-03-16 17:05:44 [http-nio-8080-exec-15] INFO  c.c.p.s.i.EgovAuthenticationProvider - >>> [EgovAuthenticationProvider] DB check started for userId: webmaster
2026-03-16 17:05:44 [http-nio-8080-exec-15] DEBUG o.s.orm.jpa.JpaTransactionManager - Found thread-bound EntityManager [SessionImpl(704876549<open>)] for JPA transaction
2026-03-16 17:05:44 [http-nio-8080-exec-15] DEBUG o.s.orm.jpa.JpaTransactionManager - Participating in existing transaction
2026-03-16 17:05:44 [http-nio-8080-exec-15] DEBUG org.hibernate.SQL - select u1_0.emplyr_id,u1_0.area_no,u1_0.brthdy,u1_0.chg_pwd_cnt,u1_0.frst_register_id,u1_0.frst_regist_pnttm,u1_0.detail_adres,u1_0.email_adres,u1_0.emplyr_sttus_code,u1_0.empl_no,u1_0.esntl_id,u1_0.fxnum,u1_0.group_id,u1_0.house_adres,u1_0.house_end_telno,u1_0.house_middle_telno,u1_0.ihidnum,u1_0.pstinst_code,u1_0.last_updusr_id,u1_0.last_updt_pnttm,u1_0.lock_at,u1_0.lock_cnt,u1_0.lock_last_pnttm,u1_0.mbtlnum,u1_0.ofcps_nm,u1_0.offm_telno,u1_0.orgnzt_id,u1_0.password,u1_0.password_cnsr,u1_0.password_hint,u1_0.chg_pwd_last_pnttm,u1_0.role,u1_0.sbscrb_de,u1_0.sexdstn_code,u1_0.crtfc_dn_value,u1_0.user_nm,u1_0.zip from nemplyrinfo u1_0 where u1_0.emplyr_id=?
2026-03-16 17:05:44 [http-nio-8080-exec-19] INFO  c.c.p.s.i.EgovAuthenticationProvider - >>> [EgovAuthenticationProvider] User found by findById: user_regular
2026-03-16 17:05:44 [http-nio-8080-exec-19] INFO  c.c.p.s.i.EgovAuthenticationProvider - >>> [EgovAuthenticationProvider] User found: user_regular, DB password hash: {bcrypt}$2a$10$bMmSeYF1.khtxxRUcD2tOO3U82j8K8xiUTm9RLJFu6DsyGIfxJOHy
2026-03-16 17:05:44 [http-nio-8080-exec-19] INFO  c.c.p.s.i.EgovAuthenticationProvider - >>> [EgovAuthenticationProvider] Trying standard PasswordEncoder.
2026-03-16 17:05:44 [http-nio-8080-exec-15] INFO  c.c.p.s.i.EgovAuthenticationProvider - >>> [EgovAuthenticationProvider] User found by findById: webmaster
2026-03-16 17:05:44 [http-nio-8080-exec-15] INFO  c.c.p.s.i.EgovAuthenticationProvider - >>> [EgovAuthenticationProvider] User found: webmaster, DB password hash: {bcrypt}$2a$10$NRnqN.nwZxWe01BiSsk4Su.qlAj87Ys//VJVJf2WKEs3JzaQyJsGO
2026-03-16 17:05:44 [http-nio-8080-exec-15] INFO  c.c.p.s.i.EgovAuthenticationProvider - >>> [EgovAuthenticationProvider] Trying standard PasswordEncoder.
2026-03-16 17:05:44 [http-nio-8080-exec-19] DEBUG o.s.orm.jpa.JpaTransactionManager - Found thread-bound EntityManager [SessionImpl(2003787098<open>)] for JPA transaction
2026-03-16 17:05:44 [http-nio-8080-exec-19] DEBUG o.s.orm.jpa.JpaTransactionManager - Participating in existing transaction
2026-03-16 17:05:44 [http-nio-8080-exec-19] INFO  c.c.p.s.i.EgovAuthenticationProvider - >>> Authenticating user: user_regular, esntlId: USRCNFRM_00000000002, Inherent Role: USER
2026-03-16 17:05:44 [http-nio-8080-exec-19] DEBUG o.s.orm.jpa.JpaTransactionManager - Found thread-bound EntityManager [SessionImpl(2003787098<open>)] for JPA transaction
2026-03-16 17:05:44 [http-nio-8080-exec-19] DEBUG o.s.orm.jpa.JpaTransactionManager - Participating in existing transaction
2026-03-16 17:05:44 [http-nio-8080-exec-19] DEBUG org.hibernate.SQL - select ua1_0.scrty_dtrmn_trget_id,ua1_0.author_code,ua1_0.frst_register_id,ua1_0.frst_regist_pnttm,ua1_0.last_updusr_id,ua1_0.last_updt_pnttm,ua1_0.mber_ty_code from nemplyrscrtyestbs ua1_0 where ua1_0.scrty_dtrmn_trget_id=?
2026-03-16 17:05:44 [http-nio-8080-exec-15] DEBUG o.s.orm.jpa.JpaTransactionManager - Found thread-bound EntityManager [SessionImpl(704876549<open>)] for JPA transaction
2026-03-16 17:05:44 [http-nio-8080-exec-15] DEBUG o.s.orm.jpa.JpaTransactionManager - Participating in existing transaction
2026-03-16 17:05:44 [http-nio-8080-exec-15] INFO  c.c.p.s.i.EgovAuthenticationProvider - >>> Authenticating user: webmaster, esntlId: USRCNFRM_99999999999, Inherent Role: ADMIN
2026-03-16 17:05:44 [http-nio-8080-exec-15] DEBUG o.s.orm.jpa.JpaTransactionManager - Found thread-bound EntityManager [SessionImpl(704876549<open>)] for JPA transaction
2026-03-16 17:05:44 [http-nio-8080-exec-15] DEBUG o.s.orm.jpa.JpaTransactionManager - Participating in existing transaction
2026-03-16 17:05:44 [http-nio-8080-exec-15] DEBUG org.hibernate.SQL - select ua1_0.scrty_dtrmn_trget_id,ua1_0.author_code,ua1_0.frst_register_id,ua1_0.frst_regist_pnttm,ua1_0.last_updusr_id,ua1_0.last_updt_pnttm,ua1_0.mber_ty_code from nemplyrscrtyestbs ua1_0 where ua1_0.scrty_dtrmn_trget_id=?
2026-03-16 17:05:44 [http-nio-8080-exec-19] INFO  c.c.p.s.i.EgovAuthenticationProvider - >>> Role from DB table (NEMPLYRSCRTYESTBS): ROLE_USER
2026-03-16 17:05:44 [http-nio-8080-exec-19] INFO  c.c.p.s.i.EgovAuthenticationProvider - >>> Final resolved authorCode for user user_regular: ROLE_USER
2026-03-16 17:05:44 [http-nio-8080-exec-19] DEBUG o.s.orm.jpa.JpaTransactionManager - Initiating transaction commit
2026-03-16 17:05:44 [http-nio-8080-exec-19] DEBUG o.s.orm.jpa.JpaTransactionManager - Committing JPA transaction on EntityManager [SessionImpl(2003787098<open>)]
2026-03-16 17:05:45 [http-nio-8080-exec-15] INFO  c.c.p.s.i.EgovAuthenticationProvider - >>> Role from DB table (NEMPLYRSCRTYESTBS): ROLE_ADMIN
2026-03-16 17:05:45 [http-nio-8080-exec-15] INFO  c.c.p.s.i.EgovAuthenticationProvider - >>> [SPECIAL] Forcing ROLE_ADMIN for user: webmaster
2026-03-16 17:05:45 [http-nio-8080-exec-15] INFO  c.c.p.s.i.EgovAuthenticationProvider - >>> Final resolved authorCode for user webmaster: ROLE_ADMIN
2026-03-16 17:05:45 [http-nio-8080-exec-15] DEBUG o.s.orm.jpa.JpaTransactionManager - Initiating transaction commit
2026-03-16 17:05:45 [http-nio-8080-exec-15] DEBUG o.s.orm.jpa.JpaTransactionManager - Committing JPA transaction on EntityManager [SessionImpl(704876549<open>)]
2026-03-16 17:05:45 [http-nio-8080-exec-19] DEBUG o.s.orm.jpa.JpaTransactionManager - Closing JPA EntityManager [SessionImpl(2003787098<open>)] after transaction
2026-03-16 17:05:45 [http-nio-8080-exec-19] DEBUG o.s.w.s.m.m.a.RequestResponseBodyMethodProcessor - Using 'application/json', given [*/*] and supported [application/json, application/*+json, application/yaml]
2026-03-16 17:05:45 [http-nio-8080-exec-19] TRACE o.s.w.s.m.m.a.RequestResponseBodyMethodProcessor - Writing [ApiResponse[success=true, status=200, code=COMMON_001, message=Success, data={role=ROLE_USER, accessToken=eyJhbGciOiJIUzUxMiJ9.eyJzdWIiOiJ1c2VyX3JlZ3VsYXIiLCJyb2xlIjoiUk9MRV9VU0VSIiwiaWF0IjoxNzczNjQ4MzQ1LCJleHAiOjE3NzM2NTE5NDV9.mLRyuxVLn17sDrPWmzWdy-8sgjRJxwDKAxHdDV2FagMrwFxObWrHGoRfl6MtdiFO9VEMuid0JMgnCsbedu-7hA}, timestamp=2026-03-16T17:05:45.124591900]]
2026-03-16 17:05:45 [http-nio-8080-exec-19] INFO  c.c.p.a.i.OperationalAuditInterceptor - API Audit Log: URL=/api/v1/auth/login, User=ANONYMOUS, IP=127.0.0.1
2026-03-16 17:05:45 [http-nio-8080-exec-19] DEBUG o.s.web.servlet.DispatcherServlet - Completed 200 OK
2026-03-16 17:05:45 [http-nio-8080-exec-15] DEBUG o.s.orm.jpa.JpaTransactionManager - Closing JPA EntityManager [SessionImpl(704876549<open>)] after transaction
2026-03-16 17:05:45 [http-nio-8080-exec-15] DEBUG o.s.w.s.m.m.a.RequestResponseBodyMethodProcessor - Using 'application/json', given [*/*] and supported [application/json, application/*+json, application/yaml]
2026-03-16 17:05:45 [http-nio-8080-exec-15] TRACE o.s.w.s.m.m.a.RequestResponseBodyMethodProcessor - Writing [ApiResponse[success=true, status=200, code=COMMON_001, message=Success, data={role=ROLE_ADMIN, accessToken=eyJhbGciOiJIUzUxMiJ9.eyJzdWIiOiJ3ZWJtYXN0ZXIiLCJyb2xlIjoiUk9MRV9BRE1JTiIsImlhdCI6MTc3MzY0ODM0NSwiZXhwIjoxNzczNjUxOTQ1fQ.XsYRIvp9FOqU-y_2gkkmWUtj10cjnO5-jMmFyvAlrF5DmLRWLgE54mJzK5-GSR_MtWF1JT9qq31RZ8TmRv22Ng}, timestamp=2026-03-16T17:05:45.157372500]]
2026-03-16 17:05:45 [http-nio-8080-exec-15] INFO  c.c.p.a.i.OperationalAuditInterceptor - API Audit Log: URL=/api/v1/auth/login, User=ANONYMOUS, IP=127.0.0.1
2026-03-16 17:05:45 [http-nio-8080-exec-15] DEBUG o.s.web.servlet.DispatcherServlet - Completed 200 OK
2026-03-16 17:05:47 [http-nio-8080-exec-13] DEBUG c.c.p.s.jwt.JwtAuthenticationFilter - >>> [JwtFilter] Processing request: GET /api/v1/menu/head
2026-03-16 17:05:47 [http-nio-8080-exec-13] DEBUG c.c.p.s.jwt.JwtAuthenticationFilter - >>> [JwtFilter] Found token in header for path: /api/v1/menu/head
2026-03-16 17:05:47 [http-nio-8080-exec-13] DEBUG o.s.orm.jpa.JpaTransactionManager - Creating new transaction with name [com.company.project.security.iam.CustomUserDetailsService.loadUserByUsername]: PROPAGATION_REQUIRED,ISOLATION_DEFAULT,readOnly
2026-03-16 17:05:47 [http-nio-8080-exec-13] DEBUG o.s.orm.jpa.JpaTransactionManager - Opened new EntityManager [SessionImpl(2003049046<open>)] for JPA transaction
2026-03-16 17:05:47 [http-nio-8080-exec-12] DEBUG c.c.p.s.jwt.JwtAuthenticationFilter - >>> [JwtFilter] Processing request: GET /api/v1/menu/head
2026-03-16 17:05:47 [http-nio-8080-exec-12] DEBUG c.c.p.s.jwt.JwtAuthenticationFilter - >>> [JwtFilter] Found token in header for path: /api/v1/menu/head
2026-03-16 17:05:47 [http-nio-8080-exec-12] DEBUG o.s.orm.jpa.JpaTransactionManager - Creating new transaction with name [com.company.project.security.iam.CustomUserDetailsService.loadUserByUsername]: PROPAGATION_REQUIRED,ISOLATION_DEFAULT,readOnly
2026-03-16 17:05:47 [http-nio-8080-exec-12] DEBUG o.s.orm.jpa.JpaTransactionManager - Opened new EntityManager [SessionImpl(632806500<open>)] for JPA transaction
2026-03-16 17:05:48 [http-nio-8080-exec-13] DEBUG o.s.orm.jpa.JpaTransactionManager - Exposing JPA transaction as JDBC [org.springframework.orm.jpa.vendor.HibernateJpaDialect$HibernateConnectionHandle@60ab00b]
2026-03-16 17:05:48 [http-nio-8080-exec-13] DEBUG o.s.orm.jpa.JpaTransactionManager - Found thread-bound EntityManager [SessionImpl(2003049046<open>)] for JPA transaction
2026-03-16 17:05:48 [http-nio-8080-exec-13] DEBUG o.s.orm.jpa.JpaTransactionManager - Participating in existing transaction
2026-03-16 17:05:48 [http-nio-8080-exec-13] DEBUG org.hibernate.SQL - select u1_0.emplyr_id,u1_0.area_no,u1_0.brthdy,u1_0.chg_pwd_cnt,u1_0.frst_register_id,u1_0.frst_regist_pnttm,u1_0.detail_adres,u1_0.email_adres,u1_0.emplyr_sttus_code,u1_0.empl_no,u1_0.esntl_id,u1_0.fxnum,u1_0.group_id,u1_0.house_adres,u1_0.house_end_telno,u1_0.house_middle_telno,u1_0.ihidnum,u1_0.pstinst_code,u1_0.last_updusr_id,u1_0.last_updt_pnttm,u1_0.lock_at,u1_0.lock_cnt,u1_0.lock_last_pnttm,u1_0.mbtlnum,u1_0.ofcps_nm,u1_0.offm_telno,u1_0.orgnzt_id,u1_0.password,u1_0.password_cnsr,u1_0.password_hint,u1_0.chg_pwd_last_pnttm,u1_0.role,u1_0.sbscrb_de,u1_0.sexdstn_code,u1_0.crtfc_dn_value,u1_0.user_nm,u1_0.zip from nemplyrinfo u1_0 where u1_0.emplyr_id=?
2026-03-16 17:05:48 [http-nio-8080-exec-12] DEBUG o.s.orm.jpa.JpaTransactionManager - Exposing JPA transaction as JDBC [org.springframework.orm.jpa.vendor.HibernateJpaDialect$HibernateConnectionHandle@3550cfac]
2026-03-16 17:05:48 [http-nio-8080-exec-12] DEBUG o.s.orm.jpa.JpaTransactionManager - Found thread-bound EntityManager [SessionImpl(632806500<open>)] for JPA transaction
2026-03-16 17:05:48 [http-nio-8080-exec-12] DEBUG o.s.orm.jpa.JpaTransactionManager - Participating in existing transaction
2026-03-16 17:05:48 [http-nio-8080-exec-12] DEBUG org.hibernate.SQL - select u1_0.emplyr_id,u1_0.area_no,u1_0.brthdy,u1_0.chg_pwd_cnt,u1_0.frst_register_id,u1_0.frst_regist_pnttm,u1_0.detail_adres,u1_0.email_adres,u1_0.emplyr_sttus_code,u1_0.empl_no,u1_0.esntl_id,u1_0.fxnum,u1_0.group_id,u1_0.house_adres,u1_0.house_end_telno,u1_0.house_middle_telno,u1_0.ihidnum,u1_0.pstinst_code,u1_0.last_updusr_id,u1_0.last_updt_pnttm,u1_0.lock_at,u1_0.lock_cnt,u1_0.lock_last_pnttm,u1_0.mbtlnum,u1_0.ofcps_nm,u1_0.offm_telno,u1_0.orgnzt_id,u1_0.password,u1_0.password_cnsr,u1_0.password_hint,u1_0.chg_pwd_last_pnttm,u1_0.role,u1_0.sbscrb_de,u1_0.sexdstn_code,u1_0.crtfc_dn_value,u1_0.user_nm,u1_0.zip from nemplyrinfo u1_0 where u1_0.emplyr_id=?
2026-03-16 17:05:48 [http-nio-8080-exec-13] DEBUG o.s.orm.jpa.JpaTransactionManager - Found thread-bound EntityManager [SessionImpl(2003049046<open>)] for JPA transaction
2026-03-16 17:05:48 [http-nio-8080-exec-13] DEBUG o.s.orm.jpa.JpaTransactionManager - Participating in existing transaction
2026-03-16 17:05:48 [http-nio-8080-exec-13] DEBUG org.hibernate.SQL - select ua1_0.scrty_dtrmn_trget_id,ua1_0.author_code,ua1_0.frst_register_id,ua1_0.frst_regist_pnttm,ua1_0.last_updusr_id,ua1_0.last_updt_pnttm,ua1_0.mber_ty_code from nemplyrscrtyestbs ua1_0 where ua1_0.scrty_dtrmn_trget_id=?
2026-03-16 17:05:48 [http-nio-8080-exec-12] DEBUG o.s.orm.jpa.JpaTransactionManager - Found thread-bound EntityManager [SessionImpl(632806500<open>)] for JPA transaction
2026-03-16 17:05:48 [http-nio-8080-exec-12] DEBUG o.s.orm.jpa.JpaTransactionManager - Participating in existing transaction
2026-03-16 17:05:48 [http-nio-8080-exec-12] DEBUG org.hibernate.SQL - select ua1_0.scrty_dtrmn_trget_id,ua1_0.author_code,ua1_0.frst_register_id,ua1_0.frst_regist_pnttm,ua1_0.last_updusr_id,ua1_0.last_updt_pnttm,ua1_0.mber_ty_code from nemplyrscrtyestbs ua1_0 where ua1_0.scrty_dtrmn_trget_id=?
2026-03-16 17:05:48 [http-nio-8080-exec-13] DEBUG o.s.orm.jpa.JpaTransactionManager - Initiating transaction commit
2026-03-16 17:05:48 [http-nio-8080-exec-13] DEBUG o.s.orm.jpa.JpaTransactionManager - Committing JPA transaction on EntityManager [SessionImpl(2003049046<open>)]
2026-03-16 17:05:48 [http-nio-8080-exec-12] DEBUG o.s.orm.jpa.JpaTransactionManager - Initiating transaction commit
2026-03-16 17:05:48 [http-nio-8080-exec-12] DEBUG o.s.orm.jpa.JpaTransactionManager - Committing JPA transaction on EntityManager [SessionImpl(632806500<open>)]
2026-03-16 17:05:48 [http-nio-8080-exec-13] DEBUG o.s.orm.jpa.JpaTransactionManager - Closing JPA EntityManager [SessionImpl(2003049046<open>)] after transaction
2026-03-16 17:05:48 [http-nio-8080-exec-13] DEBUG c.c.p.s.jwt.JwtAuthenticationFilter - >>> [JwtFilter] Successfully authenticated user: USRCNFRM_00000000002, Authorities: [ROLE_USER]
2026-03-16 17:05:48 [http-nio-8080-exec-13] DEBUG o.s.web.servlet.DispatcherServlet - GET "/api/v1/menu/head", parameters={}
2026-03-16 17:05:48 [http-nio-8080-exec-13] TRACE o.s.w.s.m.m.a.RequestMappingHandlerMapping - Mapped to com.company.project.api.controller.menu.MenuController#getHeadMenu()
2026-03-16 17:05:48 [http-nio-8080-exec-13] INFO  c.c.p.a.c.menu.MenuController - getHeadMenu called
2026-03-16 17:05:48 [http-nio-8080-exec-13] INFO  c.c.p.a.c.menu.MenuController - getHeadMenu returned 5 items
2026-03-16 17:05:48 [http-nio-8080-exec-13] DEBUG o.s.w.s.m.m.a.HttpEntityMethodProcessor - Using 'application/json', given [application/json, text/plain, */*] and supported [application/json, application/*+json, application/yaml]
2026-03-16 17:05:48 [http-nio-8080-exec-13] TRACE o.s.w.s.m.m.a.HttpEntityMethodProcessor - Writing [ApiResponse[success=true, status=200, code=COMMON_001, message=Success, data={list=[com.company.project.service.menu.dto.MenuDto@4839fef0, com.company.project.service.menu.dto.MenuDto@1c69c1c2, com.company.project.service.menu.dto.MenuDto@6f5d2c3d, com.company.project.service.menu.dto.MenuDto@6314b47d, com.company.project.service.menu.dto.MenuDto@645d0891]}, timestamp=2026-03-16T17:05:48.480951900]]
2026-03-16 17:05:48 [http-nio-8080-exec-13] INFO  c.c.p.a.i.OperationalAuditInterceptor - API Audit Log: URL=/api/v1/menu/head, User=user_regular, IP=0:0:0:0:0:0:0:1
2026-03-16 17:05:48 [http-nio-8080-exec-13] DEBUG o.s.web.servlet.DispatcherServlet - Completed 200 OK
2026-03-16 17:05:48 [http-nio-8080-exec-17] DEBUG c.c.p.s.jwt.JwtAuthenticationFilter - >>> [JwtFilter] Processing request: GET /api/v1/menu/left
2026-03-16 17:05:48 [http-nio-8080-exec-17] DEBUG c.c.p.s.jwt.JwtAuthenticationFilter - >>> [JwtFilter] Found token in header for path: /api/v1/menu/left
2026-03-16 17:05:48 [http-nio-8080-exec-17] DEBUG o.s.orm.jpa.JpaTransactionManager - Creating new transaction with name [com.company.project.security.iam.CustomUserDetailsService.loadUserByUsername]: PROPAGATION_REQUIRED,ISOLATION_DEFAULT,readOnly
2026-03-16 17:05:48 [http-nio-8080-exec-17] DEBUG o.s.orm.jpa.JpaTransactionManager - Opened new EntityManager [SessionImpl(1141480298<open>)] for JPA transaction
2026-03-16 17:05:48 [http-nio-8080-exec-9] DEBUG c.c.p.s.jwt.JwtAuthenticationFilter - >>> [JwtFilter] Processing request: GET /api/v1/menu/left
2026-03-16 17:05:48 [http-nio-8080-exec-9] DEBUG c.c.p.s.jwt.JwtAuthenticationFilter - >>> [JwtFilter] Found token in header for path: /api/v1/menu/left
2026-03-16 17:05:48 [http-nio-8080-exec-2] DEBUG c.c.p.s.jwt.JwtAuthenticationFilter - >>> [JwtFilter] Processing request: GET /api/v1/menu/left
2026-03-16 17:05:48 [http-nio-8080-exec-2] DEBUG c.c.p.s.jwt.JwtAuthenticationFilter - >>> [JwtFilter] Found token in header for path: /api/v1/menu/left
2026-03-16 17:05:48 [http-nio-8080-exec-9] DEBUG o.s.orm.jpa.JpaTransactionManager - Creating new transaction with name [com.company.project.security.iam.CustomUserDetailsService.loadUserByUsername]: PROPAGATION_REQUIRED,ISOLATION_DEFAULT,readOnly
2026-03-16 17:05:48 [http-nio-8080-exec-9] DEBUG o.s.orm.jpa.JpaTransactionManager - Opened new EntityManager [SessionImpl(621420467<open>)] for JPA transaction
2026-03-16 17:05:48 [http-nio-8080-exec-2] DEBUG o.s.orm.jpa.JpaTransactionManager - Creating new transaction with name [com.company.project.security.iam.CustomUserDetailsService.loadUserByUsername]: PROPAGATION_REQUIRED,ISOLATION_DEFAULT,readOnly
2026-03-16 17:05:48 [http-nio-8080-exec-2] DEBUG o.s.orm.jpa.JpaTransactionManager - Opened new EntityManager [SessionImpl(49972135<open>)] for JPA transaction
2026-03-16 17:05:48 [http-nio-8080-exec-12] DEBUG o.s.orm.jpa.JpaTransactionManager - Closing JPA EntityManager [SessionImpl(632806500<open>)] after transaction
2026-03-16 17:05:48 [http-nio-8080-exec-12] DEBUG c.c.p.s.jwt.JwtAuthenticationFilter - >>> [JwtFilter] Successfully authenticated user: USRCNFRM_00000000002, Authorities: [ROLE_USER]
2026-03-16 17:05:48 [http-nio-8080-exec-12] DEBUG o.s.web.servlet.DispatcherServlet - GET "/api/v1/menu/head", parameters={}
2026-03-16 17:05:48 [http-nio-8080-exec-12] TRACE o.s.w.s.m.m.a.RequestMappingHandlerMapping - Mapped to com.company.project.api.controller.menu.MenuController#getHeadMenu()
2026-03-16 17:05:48 [http-nio-8080-exec-12] INFO  c.c.p.a.c.menu.MenuController - getHeadMenu called
2026-03-16 17:05:48 [http-nio-8080-exec-12] INFO  c.c.p.a.c.menu.MenuController - getHeadMenu returned 5 items
2026-03-16 17:05:48 [http-nio-8080-exec-12] DEBUG o.s.w.s.m.m.a.HttpEntityMethodProcessor - Using 'application/json', given [application/json, text/plain, */*] and supported [application/json, application/*+json, application/yaml]
2026-03-16 17:05:48 [http-nio-8080-exec-12] TRACE o.s.w.s.m.m.a.HttpEntityMethodProcessor - Writing [ApiResponse[success=true, status=200, code=COMMON_001, message=Success, data={list=[com.company.project.service.menu.dto.MenuDto@4839fef0, com.company.project.service.menu.dto.MenuDto@1c69c1c2, com.company.project.service.menu.dto.MenuDto@6f5d2c3d, com.company.project.service.menu.dto.MenuDto@6314b47d, com.company.project.service.menu.dto.MenuDto@645d0891]}, timestamp=2026-03-16T17:05:48.491432600]]
2026-03-16 17:05:48 [http-nio-8080-exec-19] DEBUG c.c.p.s.jwt.JwtAuthenticationFilter - >>> [JwtFilter] Processing request: GET /api/v1/menu/left
2026-03-16 17:05:48 [http-nio-8080-exec-12] INFO  c.c.p.a.i.OperationalAuditInterceptor - API Audit Log: URL=/api/v1/menu/head, User=user_regular, IP=0:0:0:0:0:0:0:1
2026-03-16 17:05:48 [http-nio-8080-exec-19] DEBUG c.c.p.s.jwt.JwtAuthenticationFilter - >>> [JwtFilter] Found token in header for path: /api/v1/menu/left
2026-03-16 17:05:48 [http-nio-8080-exec-8] DEBUG c.c.p.s.jwt.JwtAuthenticationFilter - >>> [JwtFilter] Processing request: GET /api/v1/menu/left
2026-03-16 17:05:48 [http-nio-8080-exec-12] DEBUG o.s.web.servlet.DispatcherServlet - Completed 200 OK
2026-03-16 17:05:48 [http-nio-8080-exec-8] DEBUG c.c.p.s.jwt.JwtAuthenticationFilter - >>> [JwtFilter] Found token in header for path: /api/v1/menu/left
2026-03-16 17:05:48 [http-nio-8080-exec-8] DEBUG o.s.orm.jpa.JpaTransactionManager - Creating new transaction with name [com.company.project.security.iam.CustomUserDetailsService.loadUserByUsername]: PROPAGATION_REQUIRED,ISOLATION_DEFAULT,readOnly
2026-03-16 17:05:48 [http-nio-8080-exec-8] DEBUG o.s.orm.jpa.JpaTransactionManager - Opened new EntityManager [SessionImpl(220697396<open>)] for JPA transaction
2026-03-16 17:05:48 [http-nio-8080-exec-19] DEBUG o.s.orm.jpa.JpaTransactionManager - Creating new transaction with name [com.company.project.security.iam.CustomUserDetailsService.loadUserByUsername]: PROPAGATION_REQUIRED,ISOLATION_DEFAULT,readOnly
2026-03-16 17:05:48 [http-nio-8080-exec-19] DEBUG o.s.orm.jpa.JpaTransactionManager - Opened new EntityManager [SessionImpl(147898728<open>)] for JPA transaction
2026-03-16 17:05:48 [http-nio-8080-exec-15] DEBUG c.c.p.s.jwt.JwtAuthenticationFilter - >>> [JwtFilter] Processing request: GET /api/v1/menu/left
2026-03-16 17:05:48 [http-nio-8080-exec-15] DEBUG c.c.p.s.jwt.JwtAuthenticationFilter - >>> [JwtFilter] Found token in header for path: /api/v1/menu/left
2026-03-16 17:05:48 [http-nio-8080-exec-15] DEBUG o.s.orm.jpa.JpaTransactionManager - Creating new transaction with name [com.company.project.security.iam.CustomUserDetailsService.loadUserByUsername]: PROPAGATION_REQUIRED,ISOLATION_DEFAULT,readOnly
2026-03-16 17:05:48 [http-nio-8080-exec-15] DEBUG o.s.orm.jpa.JpaTransactionManager - Opened new EntityManager [SessionImpl(1309256906<open>)] for JPA transaction
2026-03-16 17:05:48 [http-nio-8080-exec-15] DEBUG o.s.orm.jpa.JpaTransactionManager - Exposing JPA transaction as JDBC [org.springframework.orm.jpa.vendor.HibernateJpaDialect$HibernateConnectionHandle@a1ea441]
2026-03-16 17:05:48 [http-nio-8080-exec-15] DEBUG o.s.orm.jpa.JpaTransactionManager - Found thread-bound EntityManager [SessionImpl(1309256906<open>)] for JPA transaction
2026-03-16 17:05:48 [http-nio-8080-exec-15] DEBUG o.s.orm.jpa.JpaTransactionManager - Participating in existing transaction
2026-03-16 17:05:48 [http-nio-8080-exec-15] DEBUG org.hibernate.SQL - select u1_0.emplyr_id,u1_0.area_no,u1_0.brthdy,u1_0.chg_pwd_cnt,u1_0.frst_register_id,u1_0.frst_regist_pnttm,u1_0.detail_adres,u1_0.email_adres,u1_0.emplyr_sttus_code,u1_0.empl_no,u1_0.esntl_id,u1_0.fxnum,u1_0.group_id,u1_0.house_adres,u1_0.house_end_telno,u1_0.house_middle_telno,u1_0.ihidnum,u1_0.pstinst_code,u1_0.last_updusr_id,u1_0.last_updt_pnttm,u1_0.lock_at,u1_0.lock_cnt,u1_0.lock_last_pnttm,u1_0.mbtlnum,u1_0.ofcps_nm,u1_0.offm_telno,u1_0.orgnzt_id,u1_0.password,u1_0.password_cnsr,u1_0.password_hint,u1_0.chg_pwd_last_pnttm,u1_0.role,u1_0.sbscrb_de,u1_0.sexdstn_code,u1_0.crtfc_dn_value,u1_0.user_nm,u1_0.zip from nemplyrinfo u1_0 where u1_0.emplyr_id=?
2026-03-16 17:05:48 [http-nio-8080-exec-3] DEBUG c.c.p.s.jwt.JwtAuthenticationFilter - >>> [JwtFilter] Processing request: GET /api/v1/menu/left
2026-03-16 17:05:48 [http-nio-8080-exec-12] DEBUG c.c.p.s.jwt.JwtAuthenticationFilter - >>> [JwtFilter] Processing request: GET /api/v1/menu/left
2026-03-16 17:05:48 [http-nio-8080-exec-10] DEBUG c.c.p.s.jwt.JwtAuthenticationFilter - >>> [JwtFilter] Processing request: GET /api/v1/menu/left
2026-03-16 17:05:48 [http-nio-8080-exec-3] DEBUG c.c.p.s.jwt.JwtAuthenticationFilter - >>> [JwtFilter] Found token in header for path: /api/v1/menu/left
2026-03-16 17:05:48 [http-nio-8080-exec-13] DEBUG c.c.p.s.jwt.JwtAuthenticationFilter - >>> [JwtFilter] Processing request: GET /api/v1/menu/left
2026-03-16 17:05:48 [http-nio-8080-exec-12] DEBUG c.c.p.s.jwt.JwtAuthenticationFilter - >>> [JwtFilter] Found token in header for path: /api/v1/menu/left
2026-03-16 17:05:48 [http-nio-8080-exec-10] DEBUG c.c.p.s.jwt.JwtAuthenticationFilter - >>> [JwtFilter] Found token in header for path: /api/v1/menu/left
2026-03-16 17:05:48 [http-nio-8080-exec-13] DEBUG c.c.p.s.jwt.JwtAuthenticationFilter - >>> [JwtFilter] Found token in header for path: /api/v1/menu/left
2026-03-16 17:05:48 [http-nio-8080-exec-13] DEBUG o.s.orm.jpa.JpaTransactionManager - Creating new transaction with name [com.company.project.security.iam.CustomUserDetailsService.loadUserByUsername]: PROPAGATION_REQUIRED,ISOLATION_DEFAULT,readOnly
2026-03-16 17:05:48 [http-nio-8080-exec-10] DEBUG o.s.orm.jpa.JpaTransactionManager - Creating new transaction with name [com.company.project.security.iam.CustomUserDetailsService.loadUserByUsername]: PROPAGATION_REQUIRED,ISOLATION_DEFAULT,readOnly
2026-03-16 17:05:48 [http-nio-8080-exec-3] DEBUG o.s.orm.jpa.JpaTransactionManager - Creating new transaction with name [com.company.project.security.iam.CustomUserDetailsService.loadUserByUsername]: PROPAGATION_REQUIRED,ISOLATION_DEFAULT,readOnly
2026-03-16 17:05:48 [http-nio-8080-exec-13] DEBUG o.s.orm.jpa.JpaTransactionManager - Opened new EntityManager [SessionImpl(179502041<open>)] for JPA transaction
2026-03-16 17:05:48 [http-nio-8080-exec-12] DEBUG o.s.orm.jpa.JpaTransactionManager - Creating new transaction with name [com.company.project.security.iam.CustomUserDetailsService.loadUserByUsername]: PROPAGATION_REQUIRED,ISOLATION_DEFAULT,readOnly
2026-03-16 17:05:48 [http-nio-8080-exec-10] DEBUG o.s.orm.jpa.JpaTransactionManager - Opened new EntityManager [SessionImpl(1811279896<open>)] for JPA transaction
2026-03-16 17:05:48 [http-nio-8080-exec-10] DEBUG o.s.orm.jpa.JpaTransactionManager - Exposing JPA transaction as JDBC [org.springframework.orm.jpa.vendor.HibernateJpaDialect$HibernateConnectionHandle@4ae30492]
2026-03-16 17:05:48 [http-nio-8080-exec-3] DEBUG o.s.orm.jpa.JpaTransactionManager - Opened new EntityManager [SessionImpl(1319675075<open>)] for JPA transaction
2026-03-16 17:05:48 [http-nio-8080-exec-10] DEBUG o.s.orm.jpa.JpaTransactionManager - Found thread-bound EntityManager [SessionImpl(1811279896<open>)] for JPA transaction
2026-03-16 17:05:48 [http-nio-8080-exec-10] DEBUG o.s.orm.jpa.JpaTransactionManager - Participating in existing transaction
2026-03-16 17:05:48 [http-nio-8080-exec-12] DEBUG o.s.orm.jpa.JpaTransactionManager - Opened new EntityManager [SessionImpl(1124167979<open>)] for JPA transaction
2026-03-16 17:05:48 [http-nio-8080-exec-10] DEBUG org.hibernate.SQL - select u1_0.emplyr_id,u1_0.area_no,u1_0.brthdy,u1_0.chg_pwd_cnt,u1_0.frst_register_id,u1_0.frst_regist_pnttm,u1_0.detail_adres,u1_0.email_adres,u1_0.emplyr_sttus_code,u1_0.empl_no,u1_0.esntl_id,u1_0.fxnum,u1_0.group_id,u1_0.house_adres,u1_0.house_end_telno,u1_0.house_middle_telno,u1_0.ihidnum,u1_0.pstinst_code,u1_0.last_updusr_id,u1_0.last_updt_pnttm,u1_0.lock_at,u1_0.lock_cnt,u1_0.lock_last_pnttm,u1_0.mbtlnum,u1_0.ofcps_nm,u1_0.offm_telno,u1_0.orgnzt_id,u1_0.password,u1_0.password_cnsr,u1_0.password_hint,u1_0.chg_pwd_last_pnttm,u1_0.role,u1_0.sbscrb_de,u1_0.sexdstn_code,u1_0.crtfc_dn_value,u1_0.user_nm,u1_0.zip from nemplyrinfo u1_0 where u1_0.emplyr_id=?
2026-03-16 17:05:48 [http-nio-8080-exec-2] DEBUG o.s.orm.jpa.JpaTransactionManager - Exposing JPA transaction as JDBC [org.springframework.orm.jpa.vendor.HibernateJpaDialect$HibernateConnectionHandle@4eb9d0ee]
2026-03-16 17:05:48 [http-nio-8080-exec-2] DEBUG o.s.orm.jpa.JpaTransactionManager - Found thread-bound EntityManager [SessionImpl(49972135<open>)] for JPA transaction
2026-03-16 17:05:48 [http-nio-8080-exec-2] DEBUG o.s.orm.jpa.JpaTransactionManager - Participating in existing transaction
2026-03-16 17:05:48 [http-nio-8080-exec-2] DEBUG org.hibernate.SQL - select u1_0.emplyr_id,u1_0.area_no,u1_0.brthdy,u1_0.chg_pwd_cnt,u1_0.frst_register_id,u1_0.frst_regist_pnttm,u1_0.detail_adres,u1_0.email_adres,u1_0.emplyr_sttus_code,u1_0.empl_no,u1_0.esntl_id,u1_0.fxnum,u1_0.group_id,u1_0.house_adres,u1_0.house_end_telno,u1_0.house_middle_telno,u1_0.ihidnum,u1_0.pstinst_code,u1_0.last_updusr_id,u1_0.last_updt_pnttm,u1_0.lock_at,u1_0.lock_cnt,u1_0.lock_last_pnttm,u1_0.mbtlnum,u1_0.ofcps_nm,u1_0.offm_telno,u1_0.orgnzt_id,u1_0.password,u1_0.password_cnsr,u1_0.password_hint,u1_0.chg_pwd_last_pnttm,u1_0.role,u1_0.sbscrb_de,u1_0.sexdstn_code,u1_0.crtfc_dn_value,u1_0.user_nm,u1_0.zip from nemplyrinfo u1_0 where u1_0.emplyr_id=?
2026-03-16 17:05:48 [http-nio-8080-exec-8] DEBUG o.s.orm.jpa.JpaTransactionManager - Exposing JPA transaction as JDBC [org.springframework.orm.jpa.vendor.HibernateJpaDialect$HibernateConnectionHandle@746be562]
2026-03-16 17:05:48 [http-nio-8080-exec-19] DEBUG o.s.orm.jpa.JpaTransactionManager - Exposing JPA transaction as JDBC [org.springframework.orm.jpa.vendor.HibernateJpaDialect$HibernateConnectionHandle@4d8b6743]
2026-03-16 17:05:48 [http-nio-8080-exec-17] DEBUG o.s.orm.jpa.JpaTransactionManager - Exposing JPA transaction as JDBC [org.springframework.orm.jpa.vendor.HibernateJpaDialect$HibernateConnectionHandle@76e687d1]
2026-03-16 17:05:48 [http-nio-8080-exec-8] DEBUG o.s.orm.jpa.JpaTransactionManager - Found thread-bound EntityManager [SessionImpl(220697396<open>)] for JPA transaction
2026-03-16 17:05:48 [http-nio-8080-exec-19] DEBUG o.s.orm.jpa.JpaTransactionManager - Found thread-bound EntityManager [SessionImpl(147898728<open>)] for JPA transaction
2026-03-16 17:05:48 [http-nio-8080-exec-19] DEBUG o.s.orm.jpa.JpaTransactionManager - Participating in existing transaction
2026-03-16 17:05:48 [http-nio-8080-exec-17] DEBUG o.s.orm.jpa.JpaTransactionManager - Found thread-bound EntityManager [SessionImpl(1141480298<open>)] for JPA transaction
2026-03-16 17:05:48 [http-nio-8080-exec-17] DEBUG o.s.orm.jpa.JpaTransactionManager - Participating in existing transaction
2026-03-16 17:05:48 [http-nio-8080-exec-19] DEBUG org.hibernate.SQL - select u1_0.emplyr_id,u1_0.area_no,u1_0.brthdy,u1_0.chg_pwd_cnt,u1_0.frst_register_id,u1_0.frst_regist_pnttm,u1_0.detail_adres,u1_0.email_adres,u1_0.emplyr_sttus_code,u1_0.empl_no,u1_0.esntl_id,u1_0.fxnum,u1_0.group_id,u1_0.house_adres,u1_0.house_end_telno,u1_0.house_middle_telno,u1_0.ihidnum,u1_0.pstinst_code,u1_0.last_updusr_id,u1_0.last_updt_pnttm,u1_0.lock_at,u1_0.lock_cnt,u1_0.lock_last_pnttm,u1_0.mbtlnum,u1_0.ofcps_nm,u1_0.offm_telno,u1_0.orgnzt_id,u1_0.password,u1_0.password_cnsr,u1_0.password_hint,u1_0.chg_pwd_last_pnttm,u1_0.role,u1_0.sbscrb_de,u1_0.sexdstn_code,u1_0.crtfc_dn_value,u1_0.user_nm,u1_0.zip from nemplyrinfo u1_0 where u1_0.emplyr_id=?
2026-03-16 17:05:48 [http-nio-8080-exec-9] DEBUG o.s.orm.jpa.JpaTransactionManager - Exposing JPA transaction as JDBC [org.springframework.orm.jpa.vendor.HibernateJpaDialect$HibernateConnectionHandle@26aa5aeb]
2026-03-16 17:05:48 [http-nio-8080-exec-17] DEBUG org.hibernate.SQL - select u1_0.emplyr_id,u1_0.area_no,u1_0.brthdy,u1_0.chg_pwd_cnt,u1_0.frst_register_id,u1_0.frst_regist_pnttm,u1_0.detail_adres,u1_0.email_adres,u1_0.emplyr_sttus_code,u1_0.empl_no,u1_0.esntl_id,u1_0.fxnum,u1_0.group_id,u1_0.house_adres,u1_0.house_end_telno,u1_0.house_middle_telno,u1_0.ihidnum,u1_0.pstinst_code,u1_0.last_updusr_id,u1_0.last_updt_pnttm,u1_0.lock_at,u1_0.lock_cnt,u1_0.lock_last_pnttm,u1_0.mbtlnum,u1_0.ofcps_nm,u1_0.offm_telno,u1_0.orgnzt_id,u1_0.password,u1_0.password_cnsr,u1_0.password_hint,u1_0.chg_pwd_last_pnttm,u1_0.role,u1_0.sbscrb_de,u1_0.sexdstn_code,u1_0.crtfc_dn_value,u1_0.user_nm,u1_0.zip from nemplyrinfo u1_0 where u1_0.emplyr_id=?
2026-03-16 17:05:48 [http-nio-8080-exec-9] DEBUG o.s.orm.jpa.JpaTransactionManager - Found thread-bound EntityManager [SessionImpl(621420467<open>)] for JPA transaction
2026-03-16 17:05:48 [http-nio-8080-exec-8] DEBUG o.s.orm.jpa.JpaTransactionManager - Participating in existing transaction
2026-03-16 17:05:48 [http-nio-8080-exec-9] DEBUG o.s.orm.jpa.JpaTransactionManager - Participating in existing transaction
2026-03-16 17:05:48 [http-nio-8080-exec-8] DEBUG org.hibernate.SQL - select u1_0.emplyr_id,u1_0.area_no,u1_0.brthdy,u1_0.chg_pwd_cnt,u1_0.frst_register_id,u1_0.frst_regist_pnttm,u1_0.detail_adres,u1_0.email_adres,u1_0.emplyr_sttus_code,u1_0.empl_no,u1_0.esntl_id,u1_0.fxnum,u1_0.group_id,u1_0.house_adres,u1_0.house_end_telno,u1_0.house_middle_telno,u1_0.ihidnum,u1_0.pstinst_code,u1_0.last_updusr_id,u1_0.last_updt_pnttm,u1_0.lock_at,u1_0.lock_cnt,u1_0.lock_last_pnttm,u1_0.mbtlnum,u1_0.ofcps_nm,u1_0.offm_telno,u1_0.orgnzt_id,u1_0.password,u1_0.password_cnsr,u1_0.password_hint,u1_0.chg_pwd_last_pnttm,u1_0.role,u1_0.sbscrb_de,u1_0.sexdstn_code,u1_0.crtfc_dn_value,u1_0.user_nm,u1_0.zip from nemplyrinfo u1_0 where u1_0.emplyr_id=?
2026-03-16 17:05:48 [http-nio-8080-exec-9] DEBUG org.hibernate.SQL - select u1_0.emplyr_id,u1_0.area_no,u1_0.brthdy,u1_0.chg_pwd_cnt,u1_0.frst_register_id,u1_0.frst_regist_pnttm,u1_0.detail_adres,u1_0.email_adres,u1_0.emplyr_sttus_code,u1_0.empl_no,u1_0.esntl_id,u1_0.fxnum,u1_0.group_id,u1_0.house_adres,u1_0.house_end_telno,u1_0.house_middle_telno,u1_0.ihidnum,u1_0.pstinst_code,u1_0.last_updusr_id,u1_0.last_updt_pnttm,u1_0.lock_at,u1_0.lock_cnt,u1_0.lock_last_pnttm,u1_0.mbtlnum,u1_0.ofcps_nm,u1_0.offm_telno,u1_0.orgnzt_id,u1_0.password,u1_0.password_cnsr,u1_0.password_hint,u1_0.chg_pwd_last_pnttm,u1_0.role,u1_0.sbscrb_de,u1_0.sexdstn_code,u1_0.crtfc_dn_value,u1_0.user_nm,u1_0.zip from nemplyrinfo u1_0 where u1_0.emplyr_id=?
2026-03-16 17:05:48 [http-nio-8080-exec-15] DEBUG o.s.orm.jpa.JpaTransactionManager - Found thread-bound EntityManager [SessionImpl(1309256906<open>)] for JPA transaction
2026-03-16 17:05:48 [http-nio-8080-exec-15] DEBUG o.s.orm.jpa.JpaTransactionManager - Participating in existing transaction
2026-03-16 17:05:48 [http-nio-8080-exec-15] DEBUG org.hibernate.SQL - select ua1_0.scrty_dtrmn_trget_id,ua1_0.author_code,ua1_0.frst_register_id,ua1_0.frst_regist_pnttm,ua1_0.last_updusr_id,ua1_0.last_updt_pnttm,ua1_0.mber_ty_code from nemplyrscrtyestbs ua1_0 where ua1_0.scrty_dtrmn_trget_id=?
2026-03-16 17:05:48 [http-nio-8080-exec-12] DEBUG o.s.orm.jpa.JpaTransactionManager - Exposing JPA transaction as JDBC [org.springframework.orm.jpa.vendor.HibernateJpaDialect$HibernateConnectionHandle@68a30f72]
2026-03-16 17:05:48 [http-nio-8080-exec-13] DEBUG o.s.orm.jpa.JpaTransactionManager - Exposing JPA transaction as JDBC [org.springframework.orm.jpa.vendor.HibernateJpaDialect$HibernateConnectionHandle@5a114b31]
2026-03-16 17:05:48 [http-nio-8080-exec-12] DEBUG o.s.orm.jpa.JpaTransactionManager - Found thread-bound EntityManager [SessionImpl(1124167979<open>)] for JPA transaction
2026-03-16 17:05:48 [http-nio-8080-exec-13] DEBUG o.s.orm.jpa.JpaTransactionManager - Found thread-bound EntityManager [SessionImpl(179502041<open>)] for JPA transaction
2026-03-16 17:05:48 [http-nio-8080-exec-12] DEBUG o.s.orm.jpa.JpaTransactionManager - Participating in existing transaction
2026-03-16 17:05:48 [http-nio-8080-exec-10] DEBUG o.s.orm.jpa.JpaTransactionManager - Found thread-bound EntityManager [SessionImpl(1811279896<open>)] for JPA transaction
2026-03-16 17:05:48 [http-nio-8080-exec-10] DEBUG o.s.orm.jpa.JpaTransactionManager - Participating in existing transaction
2026-03-16 17:05:48 [http-nio-8080-exec-13] DEBUG o.s.orm.jpa.JpaTransactionManager - Participating in existing transaction
2026-03-16 17:05:48 [http-nio-8080-exec-12] DEBUG org.hibernate.SQL - select u1_0.emplyr_id,u1_0.area_no,u1_0.brthdy,u1_0.chg_pwd_cnt,u1_0.frst_register_id,u1_0.frst_regist_pnttm,u1_0.detail_adres,u1_0.email_adres,u1_0.emplyr_sttus_code,u1_0.empl_no,u1_0.esntl_id,u1_0.fxnum,u1_0.group_id,u1_0.house_adres,u1_0.house_end_telno,u1_0.house_middle_telno,u1_0.ihidnum,u1_0.pstinst_code,u1_0.last_updusr_id,u1_0.last_updt_pnttm,u1_0.lock_at,u1_0.lock_cnt,u1_0.lock_last_pnttm,u1_0.mbtlnum,u1_0.ofcps_nm,u1_0.offm_telno,u1_0.orgnzt_id,u1_0.password,u1_0.password_cnsr,u1_0.password_hint,u1_0.chg_pwd_last_pnttm,u1_0.role,u1_0.sbscrb_de,u1_0.sexdstn_code,u1_0.crtfc_dn_value,u1_0.user_nm,u1_0.zip from nemplyrinfo u1_0 where u1_0.emplyr_id=?
2026-03-16 17:05:48 [http-nio-8080-exec-10] DEBUG org.hibernate.SQL - select ua1_0.scrty_dtrmn_trget_id,ua1_0.author_code,ua1_0.frst_register_id,ua1_0.frst_regist_pnttm,ua1_0.last_updusr_id,ua1_0.last_updt_pnttm,ua1_0.mber_ty_code from nemplyrscrtyestbs ua1_0 where ua1_0.scrty_dtrmn_trget_id=?
2026-03-16 17:05:48 [http-nio-8080-exec-13] DEBUG org.hibernate.SQL - select u1_0.emplyr_id,u1_0.area_no,u1_0.brthdy,u1_0.chg_pwd_cnt,u1_0.frst_register_id,u1_0.frst_regist_pnttm,u1_0.detail_adres,u1_0.email_adres,u1_0.emplyr_sttus_code,u1_0.empl_no,u1_0.esntl_id,u1_0.fxnum,u1_0.group_id,u1_0.house_adres,u1_0.house_end_telno,u1_0.house_middle_telno,u1_0.ihidnum,u1_0.pstinst_code,u1_0.last_updusr_id,u1_0.last_updt_pnttm,u1_0.lock_at,u1_0.lock_cnt,u1_0.lock_last_pnttm,u1_0.mbtlnum,u1_0.ofcps_nm,u1_0.offm_telno,u1_0.orgnzt_id,u1_0.password,u1_0.password_cnsr,u1_0.password_hint,u1_0.chg_pwd_last_pnttm,u1_0.role,u1_0.sbscrb_de,u1_0.sexdstn_code,u1_0.crtfc_dn_value,u1_0.user_nm,u1_0.zip from nemplyrinfo u1_0 where u1_0.emplyr_id=?
2026-03-16 17:05:48 [http-nio-8080-exec-3] DEBUG o.s.orm.jpa.JpaTransactionManager - Exposing JPA transaction as JDBC [org.springframework.orm.jpa.vendor.HibernateJpaDialect$HibernateConnectionHandle@6fcfbd2c]
2026-03-16 17:05:48 [http-nio-8080-exec-3] DEBUG o.s.orm.jpa.JpaTransactionManager - Found thread-bound EntityManager [SessionImpl(1319675075<open>)] for JPA transaction
2026-03-16 17:05:48 [http-nio-8080-exec-3] DEBUG o.s.orm.jpa.JpaTransactionManager - Participating in existing transaction
2026-03-16 17:05:48 [http-nio-8080-exec-3] DEBUG org.hibernate.SQL - select u1_0.emplyr_id,u1_0.area_no,u1_0.brthdy,u1_0.chg_pwd_cnt,u1_0.frst_register_id,u1_0.frst_regist_pnttm,u1_0.detail_adres,u1_0.email_adres,u1_0.emplyr_sttus_code,u1_0.empl_no,u1_0.esntl_id,u1_0.fxnum,u1_0.group_id,u1_0.house_adres,u1_0.house_end_telno,u1_0.house_middle_telno,u1_0.ihidnum,u1_0.pstinst_code,u1_0.last_updusr_id,u1_0.last_updt_pnttm,u1_0.lock_at,u1_0.lock_cnt,u1_0.lock_last_pnttm,u1_0.mbtlnum,u1_0.ofcps_nm,u1_0.offm_telno,u1_0.orgnzt_id,u1_0.password,u1_0.password_cnsr,u1_0.password_hint,u1_0.chg_pwd_last_pnttm,u1_0.role,u1_0.sbscrb_de,u1_0.sexdstn_code,u1_0.crtfc_dn_value,u1_0.user_nm,u1_0.zip from nemplyrinfo u1_0 where u1_0.emplyr_id=?
2026-03-16 17:05:48 [http-nio-8080-exec-2] DEBUG o.s.orm.jpa.JpaTransactionManager - Found thread-bound EntityManager [SessionImpl(49972135<open>)] for JPA transaction
2026-03-16 17:05:48 [http-nio-8080-exec-2] DEBUG o.s.orm.jpa.JpaTransactionManager - Participating in existing transaction
2026-03-16 17:05:48 [http-nio-8080-exec-2] DEBUG org.hibernate.SQL - select ua1_0.scrty_dtrmn_trget_id,ua1_0.author_code,ua1_0.frst_register_id,ua1_0.frst_regist_pnttm,ua1_0.last_updusr_id,ua1_0.last_updt_pnttm,ua1_0.mber_ty_code from nemplyrscrtyestbs ua1_0 where ua1_0.scrty_dtrmn_trget_id=?
2026-03-16 17:05:48 [http-nio-8080-exec-19] DEBUG o.s.orm.jpa.JpaTransactionManager - Found thread-bound EntityManager [SessionImpl(147898728<open>)] for JPA transaction
2026-03-16 17:05:48 [http-nio-8080-exec-19] DEBUG o.s.orm.jpa.JpaTransactionManager - Participating in existing transaction
2026-03-16 17:05:48 [http-nio-8080-exec-19] DEBUG org.hibernate.SQL - select ua1_0.scrty_dtrmn_trget_id,ua1_0.author_code,ua1_0.frst_register_id,ua1_0.frst_regist_pnttm,ua1_0.last_updusr_id,ua1_0.last_updt_pnttm,ua1_0.mber_ty_code from nemplyrscrtyestbs ua1_0 where ua1_0.scrty_dtrmn_trget_id=?
2026-03-16 17:05:48 [http-nio-8080-exec-8] DEBUG o.s.orm.jpa.JpaTransactionManager - Found thread-bound EntityManager [SessionImpl(220697396<open>)] for JPA transaction
2026-03-16 17:05:48 [http-nio-8080-exec-8] DEBUG o.s.orm.jpa.JpaTransactionManager - Participating in existing transaction
2026-03-16 17:05:48 [http-nio-8080-exec-8] DEBUG org.hibernate.SQL - select ua1_0.scrty_dtrmn_trget_id,ua1_0.author_code,ua1_0.frst_register_id,ua1_0.frst_regist_pnttm,ua1_0.last_updusr_id,ua1_0.last_updt_pnttm,ua1_0.mber_ty_code from nemplyrscrtyestbs ua1_0 where ua1_0.scrty_dtrmn_trget_id=?
2026-03-16 17:05:48 [http-nio-8080-exec-15] DEBUG o.s.orm.jpa.JpaTransactionManager - Initiating transaction commit
2026-03-16 17:05:48 [http-nio-8080-exec-10] DEBUG o.s.orm.jpa.JpaTransactionManager - Initiating transaction commit
2026-03-16 17:05:48 [http-nio-8080-exec-9] DEBUG o.s.orm.jpa.JpaTransactionManager - Found thread-bound EntityManager [SessionImpl(621420467<open>)] for JPA transaction
2026-03-16 17:05:48 [http-nio-8080-exec-12] DEBUG o.s.orm.jpa.JpaTransactionManager - Found thread-bound EntityManager [SessionImpl(1124167979<open>)] for JPA transaction
2026-03-16 17:05:48 [http-nio-8080-exec-17] DEBUG o.s.orm.jpa.JpaTransactionManager - Found thread-bound EntityManager [SessionImpl(1141480298<open>)] for JPA transaction
2026-03-16 17:05:48 [http-nio-8080-exec-13] DEBUG o.s.orm.jpa.JpaTransactionManager - Found thread-bound EntityManager [SessionImpl(179502041<open>)] for JPA transaction
2026-03-16 17:05:48 [http-nio-8080-exec-15] DEBUG o.s.orm.jpa.JpaTransactionManager - Committing JPA transaction on EntityManager [SessionImpl(1309256906<open>)]
2026-03-16 17:05:48 [http-nio-8080-exec-17] DEBUG o.s.orm.jpa.JpaTransactionManager - Participating in existing transaction
2026-03-16 17:05:48 [http-nio-8080-exec-10] DEBUG o.s.orm.jpa.JpaTransactionManager - Committing JPA transaction on EntityManager [SessionImpl(1811279896<open>)]
2026-03-16 17:05:48 [http-nio-8080-exec-9] DEBUG o.s.orm.jpa.JpaTransactionManager - Participating in existing transaction
2026-03-16 17:05:48 [http-nio-8080-exec-12] DEBUG o.s.orm.jpa.JpaTransactionManager - Participating in existing transaction
2026-03-16 17:05:48 [http-nio-8080-exec-13] DEBUG o.s.orm.jpa.JpaTransactionManager - Participating in existing transaction
2026-03-16 17:05:48 [http-nio-8080-exec-17] DEBUG org.hibernate.SQL - select ua1_0.scrty_dtrmn_trget_id,ua1_0.author_code,ua1_0.frst_register_id,ua1_0.frst_regist_pnttm,ua1_0.last_updusr_id,ua1_0.last_updt_pnttm,ua1_0.mber_ty_code from nemplyrscrtyestbs ua1_0 where ua1_0.scrty_dtrmn_trget_id=?
2026-03-16 17:05:48 [http-nio-8080-exec-9] DEBUG org.hibernate.SQL - select ua1_0.scrty_dtrmn_trget_id,ua1_0.author_code,ua1_0.frst_register_id,ua1_0.frst_regist_pnttm,ua1_0.last_updusr_id,ua1_0.last_updt_pnttm,ua1_0.mber_ty_code from nemplyrscrtyestbs ua1_0 where ua1_0.scrty_dtrmn_trget_id=?
2026-03-16 17:05:48 [http-nio-8080-exec-12] DEBUG org.hibernate.SQL - select ua1_0.scrty_dtrmn_trget_id,ua1_0.author_code,ua1_0.frst_register_id,ua1_0.frst_regist_pnttm,ua1_0.last_updusr_id,ua1_0.last_updt_pnttm,ua1_0.mber_ty_code from nemplyrscrtyestbs ua1_0 where ua1_0.scrty_dtrmn_trget_id=?
2026-03-16 17:05:48 [http-nio-8080-exec-13] DEBUG org.hibernate.SQL - select ua1_0.scrty_dtrmn_trget_id,ua1_0.author_code,ua1_0.frst_register_id,ua1_0.frst_regist_pnttm,ua1_0.last_updusr_id,ua1_0.last_updt_pnttm,ua1_0.mber_ty_code from nemplyrscrtyestbs ua1_0 where ua1_0.scrty_dtrmn_trget_id=?
2026-03-16 17:05:48 [http-nio-8080-exec-3] DEBUG o.s.orm.jpa.JpaTransactionManager - Found thread-bound EntityManager [SessionImpl(1319675075<open>)] for JPA transaction
2026-03-16 17:05:48 [http-nio-8080-exec-3] DEBUG o.s.orm.jpa.JpaTransactionManager - Participating in existing transaction
2026-03-16 17:05:48 [http-nio-8080-exec-3] DEBUG org.hibernate.SQL - select ua1_0.scrty_dtrmn_trget_id,ua1_0.author_code,ua1_0.frst_register_id,ua1_0.frst_regist_pnttm,ua1_0.last_updusr_id,ua1_0.last_updt_pnttm,ua1_0.mber_ty_code from nemplyrscrtyestbs ua1_0 where ua1_0.scrty_dtrmn_trget_id=?
2026-03-16 17:05:48 [http-nio-8080-exec-8] DEBUG o.s.orm.jpa.JpaTransactionManager - Initiating transaction commit
2026-03-16 17:05:48 [http-nio-8080-exec-19] DEBUG o.s.orm.jpa.JpaTransactionManager - Initiating transaction commit
2026-03-16 17:05:48 [http-nio-8080-exec-2] DEBUG o.s.orm.jpa.JpaTransactionManager - Initiating transaction commit
2026-03-16 17:05:48 [http-nio-8080-exec-8] DEBUG o.s.orm.jpa.JpaTransactionManager - Committing JPA transaction on EntityManager [SessionImpl(220697396<open>)]
2026-03-16 17:05:48 [http-nio-8080-exec-19] DEBUG o.s.orm.jpa.JpaTransactionManager - Committing JPA transaction on EntityManager [SessionImpl(147898728<open>)]
2026-03-16 17:05:48 [http-nio-8080-exec-2] DEBUG o.s.orm.jpa.JpaTransactionManager - Committing JPA transaction on EntityManager [SessionImpl(49972135<open>)]
2026-03-16 17:05:48 [http-nio-8080-exec-15] DEBUG o.s.orm.jpa.JpaTransactionManager - Closing JPA EntityManager [SessionImpl(1309256906<open>)] after transaction
2026-03-16 17:05:48 [http-nio-8080-exec-10] DEBUG o.s.orm.jpa.JpaTransactionManager - Closing JPA EntityManager [SessionImpl(1811279896<open>)] after transaction
2026-03-16 17:05:48 [http-nio-8080-exec-12] DEBUG o.s.orm.jpa.JpaTransactionManager - Initiating transaction commit
2026-03-16 17:05:48 [http-nio-8080-exec-13] DEBUG o.s.orm.jpa.JpaTransactionManager - Initiating transaction commit
2026-03-16 17:05:48 [http-nio-8080-exec-12] DEBUG o.s.orm.jpa.JpaTransactionManager - Committing JPA transaction on EntityManager [SessionImpl(1124167979<open>)]
2026-03-16 17:05:48 [http-nio-8080-exec-15] DEBUG c.c.p.s.jwt.JwtAuthenticationFilter - >>> [JwtFilter] Successfully authenticated user: USRCNFRM_00000000002, Authorities: [ROLE_USER]
2026-03-16 17:05:48 [http-nio-8080-exec-10] DEBUG c.c.p.s.jwt.JwtAuthenticationFilter - >>> [JwtFilter] Successfully authenticated user: USRCNFRM_00000000002, Authorities: [ROLE_USER]
2026-03-16 17:05:48 [http-nio-8080-exec-13] DEBUG o.s.orm.jpa.JpaTransactionManager - Committing JPA transaction on EntityManager [SessionImpl(179502041<open>)]
2026-03-16 17:05:48 [http-nio-8080-exec-15] DEBUG o.s.web.servlet.DispatcherServlet - GET "/api/v1/menu/left?menuNo=10", parameters={masked}
2026-03-16 17:05:48 [http-nio-8080-exec-10] DEBUG o.s.web.servlet.DispatcherServlet - GET "/api/v1/menu/left?menuNo=20", parameters={masked}
2026-03-16 17:05:48 [http-nio-8080-exec-15] TRACE o.s.w.s.m.m.a.RequestMappingHandlerMapping - Mapped to com.company.project.api.controller.menu.MenuController#getLeftMenu(Long)
2026-03-16 17:05:48 [http-nio-8080-exec-10] TRACE o.s.w.s.m.m.a.RequestMappingHandlerMapping - Mapped to com.company.project.api.controller.menu.MenuController#getLeftMenu(Long)
2026-03-16 17:05:48 [http-nio-8080-exec-15] INFO  c.c.p.a.c.menu.MenuController - getLeftMenu called with menuNo=10
2026-03-16 17:05:48 [http-nio-8080-exec-10] INFO  c.c.p.a.c.menu.MenuController - getLeftMenu called with menuNo=20
2026-03-16 17:05:48 [http-nio-8080-exec-15] DEBUG o.s.orm.jpa.JpaTransactionManager - Creating new transaction with name [com.company.project.service.menu.MenuService.getSubMenus]: PROPAGATION_REQUIRED,ISOLATION_DEFAULT,readOnly
2026-03-16 17:05:48 [http-nio-8080-exec-10] DEBUG o.s.orm.jpa.JpaTransactionManager - Creating new transaction with name [com.company.project.service.menu.MenuService.getSubMenus]: PROPAGATION_REQUIRED,ISOLATION_DEFAULT,readOnly
2026-03-16 17:05:48 [http-nio-8080-exec-15] DEBUG o.s.orm.jpa.JpaTransactionManager - Opened new EntityManager [SessionImpl(1182513892<open>)] for JPA transaction
2026-03-16 17:05:48 [http-nio-8080-exec-10] DEBUG o.s.orm.jpa.JpaTransactionManager - Opened new EntityManager [SessionImpl(317397430<open>)] for JPA transaction
2026-03-16 17:05:48 [http-nio-8080-exec-15] DEBUG o.s.orm.jpa.JpaTransactionManager - Exposing JPA transaction as JDBC [org.springframework.orm.jpa.vendor.HibernateJpaDialect$HibernateConnectionHandle@f668c19]
2026-03-16 17:05:48 [http-nio-8080-exec-10] DEBUG o.s.orm.jpa.JpaTransactionManager - Exposing JPA transaction as JDBC [org.springframework.orm.jpa.vendor.HibernateJpaDialect$HibernateConnectionHandle@4a8269e5]
2026-03-16 17:05:48 [http-nio-8080-exec-15] DEBUG org.hibernate.SQL - select m1_0.menu_no,m1_0.menu_dc,m1_0.menu_nm,m1_0.menu_ordr,m1_0.modern_route,m1_0.progrm_file_nm,m1_0.relate_image_nm,m1_0.relate_image_path,m1_0.route_updated_at,m1_0.upper_menu_no from nmenuinfo m1_0 order by m1_0.upper_menu_no,m1_0.menu_ordr
2026-03-16 17:05:48 [http-nio-8080-exec-10] DEBUG org.hibernate.SQL - select m1_0.menu_no,m1_0.menu_dc,m1_0.menu_nm,m1_0.menu_ordr,m1_0.modern_route,m1_0.progrm_file_nm,m1_0.relate_image_nm,m1_0.relate_image_path,m1_0.route_updated_at,m1_0.upper_menu_no from nmenuinfo m1_0 order by m1_0.upper_menu_no,m1_0.menu_ordr
2026-03-16 17:05:48 [http-nio-8080-exec-17] DEBUG o.s.orm.jpa.JpaTransactionManager - Initiating transaction commit
2026-03-16 17:05:48 [http-nio-8080-exec-9] DEBUG o.s.orm.jpa.JpaTransactionManager - Initiating transaction commit
2026-03-16 17:05:48 [http-nio-8080-exec-17] DEBUG o.s.orm.jpa.JpaTransactionManager - Committing JPA transaction on EntityManager [SessionImpl(1141480298<open>)]
2026-03-16 17:05:48 [http-nio-8080-exec-9] DEBUG o.s.orm.jpa.JpaTransactionManager - Committing JPA transaction on EntityManager [SessionImpl(621420467<open>)]
2026-03-16 17:05:48 [http-nio-8080-exec-3] DEBUG o.s.orm.jpa.JpaTransactionManager - Initiating transaction commit
2026-03-16 17:05:48 [http-nio-8080-exec-3] DEBUG o.s.orm.jpa.JpaTransactionManager - Committing JPA transaction on EntityManager [SessionImpl(1319675075<open>)]
2026-03-16 17:05:49 [http-nio-8080-exec-2] DEBUG o.s.orm.jpa.JpaTransactionManager - Closing JPA EntityManager [SessionImpl(49972135<open>)] after transaction
2026-03-16 17:05:49 [http-nio-8080-exec-2] DEBUG c.c.p.s.jwt.JwtAuthenticationFilter - >>> [JwtFilter] Successfully authenticated user: USRCNFRM_00000000002, Authorities: [ROLE_USER]
2026-03-16 17:05:49 [http-nio-8080-exec-2] DEBUG o.s.web.servlet.DispatcherServlet - GET "/api/v1/menu/left?menuNo=40", parameters={masked}
2026-03-16 17:05:49 [http-nio-8080-exec-2] TRACE o.s.w.s.m.m.a.RequestMappingHandlerMapping - Mapped to com.company.project.api.controller.menu.MenuController#getLeftMenu(Long)
2026-03-16 17:05:49 [http-nio-8080-exec-2] INFO  c.c.p.a.c.menu.MenuController - getLeftMenu called with menuNo=40
2026-03-16 17:05:49 [http-nio-8080-exec-2] DEBUG o.s.orm.jpa.JpaTransactionManager - Creating new transaction with name [com.company.project.service.menu.MenuService.getSubMenus]: PROPAGATION_REQUIRED,ISOLATION_DEFAULT,readOnly
2026-03-16 17:05:49 [http-nio-8080-exec-2] DEBUG o.s.orm.jpa.JpaTransactionManager - Opened new EntityManager [SessionImpl(1079492517<open>)] for JPA transaction
2026-03-16 17:05:49 [http-nio-8080-exec-2] DEBUG o.s.orm.jpa.JpaTransactionManager - Exposing JPA transaction as JDBC [org.springframework.orm.jpa.vendor.HibernateJpaDialect$HibernateConnectionHandle@7803fdb1]
2026-03-16 17:05:49 [http-nio-8080-exec-2] DEBUG org.hibernate.SQL - select m1_0.menu_no,m1_0.menu_dc,m1_0.menu_nm,m1_0.menu_ordr,m1_0.modern_route,m1_0.progrm_file_nm,m1_0.relate_image_nm,m1_0.relate_image_path,m1_0.route_updated_at,m1_0.upper_menu_no from nmenuinfo m1_0 order by m1_0.upper_menu_no,m1_0.menu_ordr
2026-03-16 17:05:49 [http-nio-8080-exec-8] DEBUG o.s.orm.jpa.JpaTransactionManager - Closing JPA EntityManager [SessionImpl(220697396<open>)] after transaction
2026-03-16 17:05:49 [http-nio-8080-exec-8] DEBUG c.c.p.s.jwt.JwtAuthenticationFilter - >>> [JwtFilter] Successfully authenticated user: USRCNFRM_00000000002, Authorities: [ROLE_USER]
2026-03-16 17:05:49 [http-nio-8080-exec-19] DEBUG o.s.orm.jpa.JpaTransactionManager - Closing JPA EntityManager [SessionImpl(147898728<open>)] after transaction
2026-03-16 17:05:49 [http-nio-8080-exec-19] DEBUG c.c.p.s.jwt.JwtAuthenticationFilter - >>> [JwtFilter] Successfully authenticated user: USRCNFRM_00000000002, Authorities: [ROLE_USER]
2026-03-16 17:05:49 [http-nio-8080-exec-8] DEBUG o.s.web.servlet.DispatcherServlet - GET "/api/v1/menu/left?menuNo=50", parameters={masked}
2026-03-16 17:05:49 [http-nio-8080-exec-8] TRACE o.s.w.s.m.m.a.RequestMappingHandlerMapping - Mapped to com.company.project.api.controller.menu.MenuController#getLeftMenu(Long)
2026-03-16 17:05:49 [http-nio-8080-exec-19] DEBUG o.s.web.servlet.DispatcherServlet - GET "/api/v1/menu/left?menuNo=60", parameters={masked}
2026-03-16 17:05:49 [http-nio-8080-exec-8] INFO  c.c.p.a.c.menu.MenuController - getLeftMenu called with menuNo=50
2026-03-16 17:05:49 [http-nio-8080-exec-8] DEBUG o.s.orm.jpa.JpaTransactionManager - Creating new transaction with name [com.company.project.service.menu.MenuService.getSubMenus]: PROPAGATION_REQUIRED,ISOLATION_DEFAULT,readOnly
2026-03-16 17:05:49 [http-nio-8080-exec-8] DEBUG o.s.orm.jpa.JpaTransactionManager - Opened new EntityManager [SessionImpl(1532405005<open>)] for JPA transaction
2026-03-16 17:05:49 [http-nio-8080-exec-19] TRACE o.s.w.s.m.m.a.RequestMappingHandlerMapping - Mapped to com.company.project.api.controller.menu.MenuController#getLeftMenu(Long)
2026-03-16 17:05:49 [http-nio-8080-exec-8] DEBUG o.s.orm.jpa.JpaTransactionManager - Exposing JPA transaction as JDBC [org.springframework.orm.jpa.vendor.HibernateJpaDialect$HibernateConnectionHandle@f614634]
2026-03-16 17:05:49 [http-nio-8080-exec-19] INFO  c.c.p.a.c.menu.MenuController - getLeftMenu called with menuNo=60
2026-03-16 17:05:49 [http-nio-8080-exec-19] DEBUG o.s.orm.jpa.JpaTransactionManager - Creating new transaction with name [com.company.project.service.menu.MenuService.getSubMenus]: PROPAGATION_REQUIRED,ISOLATION_DEFAULT,readOnly
2026-03-16 17:05:49 [http-nio-8080-exec-19] DEBUG o.s.orm.jpa.JpaTransactionManager - Opened new EntityManager [SessionImpl(927180727<open>)] for JPA transaction
2026-03-16 17:05:49 [http-nio-8080-exec-8] DEBUG org.hibernate.SQL - select m1_0.menu_no,m1_0.menu_dc,m1_0.menu_nm,m1_0.menu_ordr,m1_0.modern_route,m1_0.progrm_file_nm,m1_0.relate_image_nm,m1_0.relate_image_path,m1_0.route_updated_at,m1_0.upper_menu_no from nmenuinfo m1_0 order by m1_0.upper_menu_no,m1_0.menu_ordr
2026-03-16 17:05:49 [http-nio-8080-exec-19] DEBUG o.s.orm.jpa.JpaTransactionManager - Exposing JPA transaction as JDBC [org.springframework.orm.jpa.vendor.HibernateJpaDialect$HibernateConnectionHandle@74e5b608]
2026-03-16 17:05:49 [http-nio-8080-exec-19] DEBUG org.hibernate.SQL - select m1_0.menu_no,m1_0.menu_dc,m1_0.menu_nm,m1_0.menu_ordr,m1_0.modern_route,m1_0.progrm_file_nm,m1_0.relate_image_nm,m1_0.relate_image_path,m1_0.route_updated_at,m1_0.upper_menu_no from nmenuinfo m1_0 order by m1_0.upper_menu_no,m1_0.menu_ordr
2026-03-16 17:05:49 [http-nio-8080-exec-12] DEBUG o.s.orm.jpa.JpaTransactionManager - Closing JPA EntityManager [SessionImpl(1124167979<open>)] after transaction
2026-03-16 17:05:49 [http-nio-8080-exec-12] DEBUG c.c.p.s.jwt.JwtAuthenticationFilter - >>> [JwtFilter] Successfully authenticated user: USRCNFRM_00000000002, Authorities: [ROLE_USER]
2026-03-16 17:05:49 [http-nio-8080-exec-12] DEBUG o.s.web.servlet.DispatcherServlet - GET "/api/v1/menu/left?menuNo=60", parameters={masked}
2026-03-16 17:05:49 [http-nio-8080-exec-12] TRACE o.s.w.s.m.m.a.RequestMappingHandlerMapping - Mapped to com.company.project.api.controller.menu.MenuController#getLeftMenu(Long)
2026-03-16 17:05:49 [http-nio-8080-exec-12] INFO  c.c.p.a.c.menu.MenuController - getLeftMenu called with menuNo=60
2026-03-16 17:05:49 [http-nio-8080-exec-12] DEBUG o.s.orm.jpa.JpaTransactionManager - Creating new transaction with name [com.company.project.service.menu.MenuService.getSubMenus]: PROPAGATION_REQUIRED,ISOLATION_DEFAULT,readOnly
2026-03-16 17:05:49 [http-nio-8080-exec-12] DEBUG o.s.orm.jpa.JpaTransactionManager - Opened new EntityManager [SessionImpl(713133348<open>)] for JPA transaction
2026-03-16 17:05:49 [http-nio-8080-exec-12] DEBUG o.s.orm.jpa.JpaTransactionManager - Exposing JPA transaction as JDBC [org.springframework.orm.jpa.vendor.HibernateJpaDialect$HibernateConnectionHandle@7d758c29]
2026-03-16 17:05:49 [http-nio-8080-exec-12] DEBUG org.hibernate.SQL - select m1_0.menu_no,m1_0.menu_dc,m1_0.menu_nm,m1_0.menu_ordr,m1_0.modern_route,m1_0.progrm_file_nm,m1_0.relate_image_nm,m1_0.relate_image_path,m1_0.route_updated_at,m1_0.upper_menu_no from nmenuinfo m1_0 order by m1_0.upper_menu_no,m1_0.menu_ordr
2026-03-16 17:05:49 [http-nio-8080-exec-13] DEBUG o.s.orm.jpa.JpaTransactionManager - Closing JPA EntityManager [SessionImpl(179502041<open>)] after transaction
2026-03-16 17:05:49 [http-nio-8080-exec-13] DEBUG c.c.p.s.jwt.JwtAuthenticationFilter - >>> [JwtFilter] Successfully authenticated user: USRCNFRM_00000000002, Authorities: [ROLE_USER]
2026-03-16 17:05:49 [http-nio-8080-exec-13] DEBUG o.s.web.servlet.DispatcherServlet - GET "/api/v1/menu/left?menuNo=50", parameters={masked}
2026-03-16 17:05:49 [http-nio-8080-exec-13] TRACE o.s.w.s.m.m.a.RequestMappingHandlerMapping - Mapped to com.company.project.api.controller.menu.MenuController#getLeftMenu(Long)
2026-03-16 17:05:49 [http-nio-8080-exec-13] INFO  c.c.p.a.c.menu.MenuController - getLeftMenu called with menuNo=50
2026-03-16 17:05:49 [http-nio-8080-exec-13] DEBUG o.s.orm.jpa.JpaTransactionManager - Creating new transaction with name [com.company.project.service.menu.MenuService.getSubMenus]: PROPAGATION_REQUIRED,ISOLATION_DEFAULT,readOnly
2026-03-16 17:05:49 [http-nio-8080-exec-13] DEBUG o.s.orm.jpa.JpaTransactionManager - Opened new EntityManager [SessionImpl(1462774773<open>)] for JPA transaction
2026-03-16 17:05:49 [http-nio-8080-exec-13] DEBUG o.s.orm.jpa.JpaTransactionManager - Exposing JPA transaction as JDBC [org.springframework.orm.jpa.vendor.HibernateJpaDialect$HibernateConnectionHandle@7fe8fee2]
2026-03-16 17:05:49 [http-nio-8080-exec-13] DEBUG org.hibernate.SQL - select m1_0.menu_no,m1_0.menu_dc,m1_0.menu_nm,m1_0.menu_ordr,m1_0.modern_route,m1_0.progrm_file_nm,m1_0.relate_image_nm,m1_0.relate_image_path,m1_0.route_updated_at,m1_0.upper_menu_no from nmenuinfo m1_0 order by m1_0.upper_menu_no,m1_0.menu_ordr
2026-03-16 17:05:49 [http-nio-8080-exec-9] DEBUG o.s.orm.jpa.JpaTransactionManager - Closing JPA EntityManager [SessionImpl(621420467<open>)] after transaction
2026-03-16 17:05:49 [http-nio-8080-exec-9] DEBUG c.c.p.s.jwt.JwtAuthenticationFilter - >>> [JwtFilter] Successfully authenticated user: USRCNFRM_00000000002, Authorities: [ROLE_USER]
2026-03-16 17:05:49 [http-nio-8080-exec-9] DEBUG o.s.web.servlet.DispatcherServlet - GET "/api/v1/menu/left?menuNo=20", parameters={masked}
2026-03-16 17:05:49 [http-nio-8080-exec-9] TRACE o.s.w.s.m.m.a.RequestMappingHandlerMapping - Mapped to com.company.project.api.controller.menu.MenuController#getLeftMenu(Long)
2026-03-16 17:05:49 [http-nio-8080-exec-9] INFO  c.c.p.a.c.menu.MenuController - getLeftMenu called with menuNo=20
2026-03-16 17:05:49 [http-nio-8080-exec-9] DEBUG o.s.orm.jpa.JpaTransactionManager - Creating new transaction with name [com.company.project.service.menu.MenuService.getSubMenus]: PROPAGATION_REQUIRED,ISOLATION_DEFAULT,readOnly
2026-03-16 17:05:49 [http-nio-8080-exec-9] DEBUG o.s.orm.jpa.JpaTransactionManager - Opened new EntityManager [SessionImpl(1622739685<open>)] for JPA transaction
2026-03-16 17:05:49 [http-nio-8080-exec-9] DEBUG o.s.orm.jpa.JpaTransactionManager - Exposing JPA transaction as JDBC [org.springframework.orm.jpa.vendor.HibernateJpaDialect$HibernateConnectionHandle@81736ae]
2026-03-16 17:05:49 [http-nio-8080-exec-9] DEBUG org.hibernate.SQL - select m1_0.menu_no,m1_0.menu_dc,m1_0.menu_nm,m1_0.menu_ordr,m1_0.modern_route,m1_0.progrm_file_nm,m1_0.relate_image_nm,m1_0.relate_image_path,m1_0.route_updated_at,m1_0.upper_menu_no from nmenuinfo m1_0 order by m1_0.upper_menu_no,m1_0.menu_ordr
2026-03-16 17:05:49 [http-nio-8080-exec-17] DEBUG o.s.orm.jpa.JpaTransactionManager - Closing JPA EntityManager [SessionImpl(1141480298<open>)] after transaction
2026-03-16 17:05:49 [http-nio-8080-exec-17] DEBUG c.c.p.s.jwt.JwtAuthenticationFilter - >>> [JwtFilter] Successfully authenticated user: USRCNFRM_00000000002, Authorities: [ROLE_USER]
2026-03-16 17:05:49 [http-nio-8080-exec-17] DEBUG o.s.web.servlet.DispatcherServlet - GET "/api/v1/menu/left?menuNo=10", parameters={masked}
2026-03-16 17:05:49 [http-nio-8080-exec-17] TRACE o.s.w.s.m.m.a.RequestMappingHandlerMapping - Mapped to com.company.project.api.controller.menu.MenuController#getLeftMenu(Long)
2026-03-16 17:05:49 [http-nio-8080-exec-17] INFO  c.c.p.a.c.menu.MenuController - getLeftMenu called with menuNo=10
2026-03-16 17:05:49 [http-nio-8080-exec-17] DEBUG o.s.orm.jpa.JpaTransactionManager - Creating new transaction with name [com.company.project.service.menu.MenuService.getSubMenus]: PROPAGATION_REQUIRED,ISOLATION_DEFAULT,readOnly
2026-03-16 17:05:49 [http-nio-8080-exec-17] DEBUG o.s.orm.jpa.JpaTransactionManager - Opened new EntityManager [SessionImpl(750287786<open>)] for JPA transaction
2026-03-16 17:05:49 [http-nio-8080-exec-17] DEBUG o.s.orm.jpa.JpaTransactionManager - Exposing JPA transaction as JDBC [org.springframework.orm.jpa.vendor.HibernateJpaDialect$HibernateConnectionHandle@1191515d]
2026-03-16 17:05:49 [http-nio-8080-exec-17] DEBUG org.hibernate.SQL - select m1_0.menu_no,m1_0.menu_dc,m1_0.menu_nm,m1_0.menu_ordr,m1_0.modern_route,m1_0.progrm_file_nm,m1_0.relate_image_nm,m1_0.relate_image_path,m1_0.route_updated_at,m1_0.upper_menu_no from nmenuinfo m1_0 order by m1_0.upper_menu_no,m1_0.menu_ordr
2026-03-16 17:05:49 [http-nio-8080-exec-3] DEBUG o.s.orm.jpa.JpaTransactionManager - Closing JPA EntityManager [SessionImpl(1319675075<open>)] after transaction
2026-03-16 17:05:49 [http-nio-8080-exec-3] DEBUG c.c.p.s.jwt.JwtAuthenticationFilter - >>> [JwtFilter] Successfully authenticated user: USRCNFRM_00000000002, Authorities: [ROLE_USER]
2026-03-16 17:05:49 [http-nio-8080-exec-3] DEBUG o.s.web.servlet.DispatcherServlet - GET "/api/v1/menu/left?menuNo=40", parameters={masked}
2026-03-16 17:05:49 [http-nio-8080-exec-3] TRACE o.s.w.s.m.m.a.RequestMappingHandlerMapping - Mapped to com.company.project.api.controller.menu.MenuController#getLeftMenu(Long)
2026-03-16 17:05:49 [http-nio-8080-exec-3] INFO  c.c.p.a.c.menu.MenuController - getLeftMenu called with menuNo=40
2026-03-16 17:05:49 [http-nio-8080-exec-3] DEBUG o.s.orm.jpa.JpaTransactionManager - Creating new transaction with name [com.company.project.service.menu.MenuService.getSubMenus]: PROPAGATION_REQUIRED,ISOLATION_DEFAULT,readOnly
2026-03-16 17:05:49 [http-nio-8080-exec-3] DEBUG o.s.orm.jpa.JpaTransactionManager - Opened new EntityManager [SessionImpl(1618497035<open>)] for JPA transaction
2026-03-16 17:05:49 [http-nio-8080-exec-3] DEBUG o.s.orm.jpa.JpaTransactionManager - Exposing JPA transaction as JDBC [org.springframework.orm.jpa.vendor.HibernateJpaDialect$HibernateConnectionHandle@16f95dc3]
2026-03-16 17:05:49 [http-nio-8080-exec-3] DEBUG org.hibernate.SQL - select m1_0.menu_no,m1_0.menu_dc,m1_0.menu_nm,m1_0.menu_ordr,m1_0.modern_route,m1_0.progrm_file_nm,m1_0.relate_image_nm,m1_0.relate_image_path,m1_0.route_updated_at,m1_0.upper_menu_no from nmenuinfo m1_0 order by m1_0.upper_menu_no,m1_0.menu_ordr
2026-03-16 17:05:49 [http-nio-8080-exec-15] DEBUG o.s.orm.jpa.JpaTransactionManager - Found thread-bound EntityManager [SessionImpl(1182513892<open>)] for JPA transaction
2026-03-16 17:05:49 [http-nio-8080-exec-15] DEBUG o.s.orm.jpa.JpaTransactionManager - Participating in existing transaction
2026-03-16 17:05:49 [http-nio-8080-exec-15] DEBUG org.hibernate.SQL - select p1_0.progrm_file_nm,p1_0.progrm_dc,p1_0.progrm_korean_nm,p1_0.progrm_stre_path,p1_0.url from nprogrmlist p1_0
2026-03-16 17:05:49 [http-nio-8080-exec-10] DEBUG o.s.orm.jpa.JpaTransactionManager - Found thread-bound EntityManager [SessionImpl(317397430<open>)] for JPA transaction
2026-03-16 17:05:49 [http-nio-8080-exec-10] DEBUG o.s.orm.jpa.JpaTransactionManager - Participating in existing transaction
2026-03-16 17:05:49 [http-nio-8080-exec-10] DEBUG org.hibernate.SQL - select p1_0.progrm_file_nm,p1_0.progrm_dc,p1_0.progrm_korean_nm,p1_0.progrm_stre_path,p1_0.url from nprogrmlist p1_0
2026-03-16 17:05:49 [http-nio-8080-exec-19] DEBUG o.s.orm.jpa.JpaTransactionManager - Found thread-bound EntityManager [SessionImpl(927180727<open>)] for JPA transaction
2026-03-16 17:05:49 [http-nio-8080-exec-8] DEBUG o.s.orm.jpa.JpaTransactionManager - Found thread-bound EntityManager [SessionImpl(1532405005<open>)] for JPA transaction
2026-03-16 17:05:49 [http-nio-8080-exec-19] DEBUG o.s.orm.jpa.JpaTransactionManager - Participating in existing transaction
2026-03-16 17:05:49 [http-nio-8080-exec-8] DEBUG o.s.orm.jpa.JpaTransactionManager - Participating in existing transaction
2026-03-16 17:05:49 [http-nio-8080-exec-19] DEBUG org.hibernate.SQL - select p1_0.progrm_file_nm,p1_0.progrm_dc,p1_0.progrm_korean_nm,p1_0.progrm_stre_path,p1_0.url from nprogrmlist p1_0
2026-03-16 17:05:49 [http-nio-8080-exec-8] DEBUG org.hibernate.SQL - select p1_0.progrm_file_nm,p1_0.progrm_dc,p1_0.progrm_korean_nm,p1_0.progrm_stre_path,p1_0.url from nprogrmlist p1_0
2026-03-16 17:05:49 [http-nio-8080-exec-2] DEBUG o.s.orm.jpa.JpaTransactionManager - Found thread-bound EntityManager [SessionImpl(1079492517<open>)] for JPA transaction
2026-03-16 17:05:49 [http-nio-8080-exec-12] DEBUG o.s.orm.jpa.JpaTransactionManager - Found thread-bound EntityManager [SessionImpl(713133348<open>)] for JPA transaction
2026-03-16 17:05:49 [http-nio-8080-exec-2] DEBUG o.s.orm.jpa.JpaTransactionManager - Participating in existing transaction
2026-03-16 17:05:49 [http-nio-8080-exec-12] DEBUG o.s.orm.jpa.JpaTransactionManager - Participating in existing transaction
2026-03-16 17:05:49 [http-nio-8080-exec-12] DEBUG org.hibernate.SQL - select p1_0.progrm_file_nm,p1_0.progrm_dc,p1_0.progrm_korean_nm,p1_0.progrm_stre_path,p1_0.url from nprogrmlist p1_0
2026-03-16 17:05:49 [http-nio-8080-exec-2] DEBUG org.hibernate.SQL - select p1_0.progrm_file_nm,p1_0.progrm_dc,p1_0.progrm_korean_nm,p1_0.progrm_stre_path,p1_0.url from nprogrmlist p1_0
2026-03-16 17:05:49 [http-nio-8080-exec-15] DEBUG o.s.orm.jpa.JpaTransactionManager - Initiating transaction commit
2026-03-16 17:05:49 [http-nio-8080-exec-13] DEBUG o.s.orm.jpa.JpaTransactionManager - Found thread-bound EntityManager [SessionImpl(1462774773<open>)] for JPA transaction
2026-03-16 17:05:49 [http-nio-8080-exec-15] DEBUG o.s.orm.jpa.JpaTransactionManager - Committing JPA transaction on EntityManager [SessionImpl(1182513892<open>)]
2026-03-16 17:05:49 [http-nio-8080-exec-13] DEBUG o.s.orm.jpa.JpaTransactionManager - Participating in existing transaction
2026-03-16 17:05:49 [http-nio-8080-exec-13] DEBUG org.hibernate.SQL - select p1_0.progrm_file_nm,p1_0.progrm_dc,p1_0.progrm_korean_nm,p1_0.progrm_stre_path,p1_0.url from nprogrmlist p1_0
2026-03-16 17:05:49 [http-nio-8080-exec-10] DEBUG o.s.orm.jpa.JpaTransactionManager - Initiating transaction commit
2026-03-16 17:05:49 [http-nio-8080-exec-10] DEBUG o.s.orm.jpa.JpaTransactionManager - Committing JPA transaction on EntityManager [SessionImpl(317397430<open>)]
2026-03-16 17:05:49 [http-nio-8080-exec-17] DEBUG o.s.orm.jpa.JpaTransactionManager - Found thread-bound EntityManager [SessionImpl(750287786<open>)] for JPA transaction
2026-03-16 17:05:49 [http-nio-8080-exec-17] DEBUG o.s.orm.jpa.JpaTransactionManager - Participating in existing transaction
2026-03-16 17:05:49 [http-nio-8080-exec-17] DEBUG org.hibernate.SQL - select p1_0.progrm_file_nm,p1_0.progrm_dc,p1_0.progrm_korean_nm,p1_0.progrm_stre_path,p1_0.url from nprogrmlist p1_0
2026-03-16 17:05:49 [http-nio-8080-exec-9] DEBUG o.s.orm.jpa.JpaTransactionManager - Found thread-bound EntityManager [SessionImpl(1622739685<open>)] for JPA transaction
2026-03-16 17:05:49 [http-nio-8080-exec-9] DEBUG o.s.orm.jpa.JpaTransactionManager - Participating in existing transaction
2026-03-16 17:05:49 [http-nio-8080-exec-9] DEBUG org.hibernate.SQL - select p1_0.progrm_file_nm,p1_0.progrm_dc,p1_0.progrm_korean_nm,p1_0.progrm_stre_path,p1_0.url from nprogrmlist p1_0
2026-03-16 17:05:49 [http-nio-8080-exec-3] DEBUG o.s.orm.jpa.JpaTransactionManager - Found thread-bound EntityManager [SessionImpl(1618497035<open>)] for JPA transaction
2026-03-16 17:05:49 [http-nio-8080-exec-3] DEBUG o.s.orm.jpa.JpaTransactionManager - Participating in existing transaction
2026-03-16 17:05:49 [http-nio-8080-exec-3] DEBUG org.hibernate.SQL - select p1_0.progrm_file_nm,p1_0.progrm_dc,p1_0.progrm_korean_nm,p1_0.progrm_stre_path,p1_0.url from nprogrmlist p1_0
2026-03-16 17:05:49 [http-nio-8080-exec-19] DEBUG o.s.orm.jpa.JpaTransactionManager - Initiating transaction commit
2026-03-16 17:05:49 [http-nio-8080-exec-19] DEBUG o.s.orm.jpa.JpaTransactionManager - Committing JPA transaction on EntityManager [SessionImpl(927180727<open>)]
2026-03-16 17:05:49 [http-nio-8080-exec-8] DEBUG o.s.orm.jpa.JpaTransactionManager - Initiating transaction commit
2026-03-16 17:05:49 [http-nio-8080-exec-8] DEBUG o.s.orm.jpa.JpaTransactionManager - Committing JPA transaction on EntityManager [SessionImpl(1532405005<open>)]
2026-03-16 17:05:49 [http-nio-8080-exec-15] DEBUG o.s.orm.jpa.JpaTransactionManager - Closing JPA EntityManager [SessionImpl(1182513892<open>)] after transaction
2026-03-16 17:05:49 [http-nio-8080-exec-10] DEBUG o.s.orm.jpa.JpaTransactionManager - Closing JPA EntityManager [SessionImpl(317397430<open>)] after transaction
2026-03-16 17:05:49 [http-nio-8080-exec-15] INFO  c.c.p.a.c.menu.MenuController - getLeftMenu returned 5 items
2026-03-16 17:05:49 [http-nio-8080-exec-10] INFO  c.c.p.a.c.menu.MenuController - getLeftMenu returned 3 items
2026-03-16 17:05:49 [http-nio-8080-exec-10] DEBUG o.s.w.s.m.m.a.HttpEntityMethodProcessor - Using 'application/json', given [application/json, text/plain, */*] and supported [application/json, application/*+json, application/yaml]
2026-03-16 17:05:49 [http-nio-8080-exec-15] DEBUG o.s.w.s.m.m.a.HttpEntityMethodProcessor - Using 'application/json', given [application/json, text/plain, */*] and supported [application/json, application/*+json, application/yaml]
2026-03-16 17:05:49 [http-nio-8080-exec-10] TRACE o.s.w.s.m.m.a.HttpEntityMethodProcessor - Writing [ApiResponse[success=true, status=200, code=COMMON_001, message=Success, data={list=[com.company.project.service.menu.dto.MenuDto@2c674ff, com.company.project.service.menu.dto.MenuDto@56614792, com.company.project.service.menu.dto.MenuDto@4ce247d8]}, timestamp=2026-03-16T17:05:49.569454700]]
2026-03-16 17:05:49 [http-nio-8080-exec-15] TRACE o.s.w.s.m.m.a.HttpEntityMethodProcessor - Writing [ApiResponse[success=true, status=200, code=COMMON_001, message=Success, data={list=[com.company.project.service.menu.dto.MenuDto@3ee861e0, com.company.project.service.menu.dto.MenuDto@298f55c7, com.company.project.service.menu.dto.MenuDto@3d33931d, com.company.project.service.menu.dto.MenuDto@7fca76df, com.company.project.service.menu.dto.MenuDto@2d0efa7]}, timestamp=2026-03-16T17:05:49.569454700]]
2026-03-16 17:05:49 [http-nio-8080-exec-2] DEBUG o.s.orm.jpa.JpaTransactionManager - Initiating transaction commit
2026-03-16 17:05:49 [http-nio-8080-exec-15] INFO  c.c.p.a.i.OperationalAuditInterceptor - API Audit Log: URL=/api/v1/menu/left, User=user_regular, IP=0:0:0:0:0:0:0:1
2026-03-16 17:05:49 [http-nio-8080-exec-10] INFO  c.c.p.a.i.OperationalAuditInterceptor - API Audit Log: URL=/api/v1/menu/left, User=user_regular, IP=0:0:0:0:0:0:0:1
2026-03-16 17:05:49 [http-nio-8080-exec-2] DEBUG o.s.orm.jpa.JpaTransactionManager - Committing JPA transaction on EntityManager [SessionImpl(1079492517<open>)]
2026-03-16 17:05:49 [http-nio-8080-exec-15] DEBUG o.s.web.servlet.DispatcherServlet - Completed 200 OK
2026-03-16 17:05:49 [http-nio-8080-exec-10] DEBUG o.s.web.servlet.DispatcherServlet - Completed 200 OK
2026-03-16 17:05:49 [http-nio-8080-exec-12] DEBUG o.s.orm.jpa.JpaTransactionManager - Initiating transaction commit
2026-03-16 17:05:49 [http-nio-8080-exec-12] DEBUG o.s.orm.jpa.JpaTransactionManager - Committing JPA transaction on EntityManager [SessionImpl(713133348<open>)]
2026-03-16 17:05:49 [http-nio-8080-exec-13] DEBUG o.s.orm.jpa.JpaTransactionManager - Initiating transaction commit
2026-03-16 17:05:49 [http-nio-8080-exec-13] DEBUG o.s.orm.jpa.JpaTransactionManager - Committing JPA transaction on EntityManager [SessionImpl(1462774773<open>)]
2026-03-16 17:05:49 [http-nio-8080-exec-17] DEBUG o.s.orm.jpa.JpaTransactionManager - Initiating transaction commit
2026-03-16 17:05:49 [http-nio-8080-exec-17] DEBUG o.s.orm.jpa.JpaTransactionManager - Committing JPA transaction on EntityManager [SessionImpl(750287786<open>)]
2026-03-16 17:05:49 [http-nio-8080-exec-9] DEBUG o.s.orm.jpa.JpaTransactionManager - Initiating transaction commit
2026-03-16 17:05:49 [http-nio-8080-exec-9] DEBUG o.s.orm.jpa.JpaTransactionManager - Committing JPA transaction on EntityManager [SessionImpl(1622739685<open>)]
2026-03-16 17:05:49 [http-nio-8080-exec-3] DEBUG o.s.orm.jpa.JpaTransactionManager - Initiating transaction commit
2026-03-16 17:05:49 [http-nio-8080-exec-3] DEBUG o.s.orm.jpa.JpaTransactionManager - Committing JPA transaction on EntityManager [SessionImpl(1618497035<open>)]
2026-03-16 17:05:49 [http-nio-8080-exec-19] DEBUG o.s.orm.jpa.JpaTransactionManager - Closing JPA EntityManager [SessionImpl(927180727<open>)] after transaction
2026-03-16 17:05:49 [http-nio-8080-exec-8] DEBUG o.s.orm.jpa.JpaTransactionManager - Closing JPA EntityManager [SessionImpl(1532405005<open>)] after transaction
2026-03-16 17:05:49 [http-nio-8080-exec-8] INFO  c.c.p.a.c.menu.MenuController - getLeftMenu returned 3 items
2026-03-16 17:05:49 [http-nio-8080-exec-19] INFO  c.c.p.a.c.menu.MenuController - getLeftMenu returned 1 items
2026-03-16 17:05:49 [http-nio-8080-exec-8] DEBUG o.s.w.s.m.m.a.HttpEntityMethodProcessor - Using 'application/json', given [application/json, text/plain, */*] and supported [application/json, application/*+json, application/yaml]
2026-03-16 17:05:49 [http-nio-8080-exec-19] DEBUG o.s.w.s.m.m.a.HttpEntityMethodProcessor - Using 'application/json', given [application/json, text/plain, */*] and supported [application/json, application/*+json, application/yaml]
2026-03-16 17:05:49 [http-nio-8080-exec-19] TRACE o.s.w.s.m.m.a.HttpEntityMethodProcessor - Writing [ApiResponse[success=true, status=200, code=COMMON_001, message=Success, data={list=[com.company.project.service.menu.dto.MenuDto@441e09af]}, timestamp=2026-03-16T17:05:49.704324400]]
2026-03-16 17:05:49 [http-nio-8080-exec-8] TRACE o.s.w.s.m.m.a.HttpEntityMethodProcessor - Writing [ApiResponse[success=true, status=200, code=COMMON_001, message=Success, data={list=[com.company.project.service.menu.dto.MenuDto@29a1bdb9, com.company.project.service.menu.dto.MenuDto@61cff9a, com.company.project.service.menu.dto.MenuDto@4707d94d]}, timestamp=2026-03-16T17:05:49.704324400]]
2026-03-16 17:05:49 [http-nio-8080-exec-19] INFO  c.c.p.a.i.OperationalAuditInterceptor - API Audit Log: URL=/api/v1/menu/left, User=user_regular, IP=0:0:0:0:0:0:0:1
2026-03-16 17:05:49 [http-nio-8080-exec-19] DEBUG o.s.web.servlet.DispatcherServlet - Completed 200 OK
2026-03-16 17:05:49 [http-nio-8080-exec-8] INFO  c.c.p.a.i.OperationalAuditInterceptor - API Audit Log: URL=/api/v1/menu/left, User=user_regular, IP=0:0:0:0:0:0:0:1
2026-03-16 17:05:49 [http-nio-8080-exec-8] DEBUG o.s.web.servlet.DispatcherServlet - Completed 200 OK
2026-03-16 17:05:49 [http-nio-8080-exec-12] DEBUG o.s.orm.jpa.JpaTransactionManager - Closing JPA EntityManager [SessionImpl(713133348<open>)] after transaction
2026-03-16 17:05:49 [http-nio-8080-exec-12] INFO  c.c.p.a.c.menu.MenuController - getLeftMenu returned 1 items
2026-03-16 17:05:49 [http-nio-8080-exec-12] DEBUG o.s.w.s.m.m.a.HttpEntityMethodProcessor - Using 'application/json', given [application/json, text/plain, */*] and supported [application/json, application/*+json, application/yaml]
2026-03-16 17:05:49 [http-nio-8080-exec-12] TRACE o.s.w.s.m.m.a.HttpEntityMethodProcessor - Writing [ApiResponse[success=true, status=200, code=COMMON_001, message=Success, data={list=[com.company.project.service.menu.dto.MenuDto@405e1399]}, timestamp=2026-03-16T17:05:49.719592300]]
2026-03-16 17:05:49 [http-nio-8080-exec-2] DEBUG o.s.orm.jpa.JpaTransactionManager - Closing JPA EntityManager [SessionImpl(1079492517<open>)] after transaction
2026-03-16 17:05:49 [http-nio-8080-exec-2] INFO  c.c.p.a.c.menu.MenuController - getLeftMenu returned 2 items
2026-03-16 17:05:49 [http-nio-8080-exec-12] INFO  c.c.p.a.i.OperationalAuditInterceptor - API Audit Log: URL=/api/v1/menu/left, User=user_regular, IP=0:0:0:0:0:0:0:1
2026-03-16 17:05:49 [http-nio-8080-exec-12] DEBUG o.s.web.servlet.DispatcherServlet - Completed 200 OK
2026-03-16 17:05:49 [http-nio-8080-exec-2] DEBUG o.s.w.s.m.m.a.HttpEntityMethodProcessor - Using 'application/json', given [application/json, text/plain, */*] and supported [application/json, application/*+json, application/yaml]
2026-03-16 17:05:49 [http-nio-8080-exec-2] TRACE o.s.w.s.m.m.a.HttpEntityMethodProcessor - Writing [ApiResponse[success=true, status=200, code=COMMON_001, message=Success, data={list=[com.company.project.service.menu.dto.MenuDto@4cafc2b9, com.company.project.service.menu.dto.MenuDto@501e3cc7]}, timestamp=2026-03-16T17:05:49.719592300]]
2026-03-16 17:05:49 [http-nio-8080-exec-13] DEBUG o.s.orm.jpa.JpaTransactionManager - Closing JPA EntityManager [SessionImpl(1462774773<open>)] after transaction
2026-03-16 17:05:49 [http-nio-8080-exec-13] INFO  c.c.p.a.c.menu.MenuController - getLeftMenu returned 3 items
2026-03-16 17:05:49 [http-nio-8080-exec-2] INFO  c.c.p.a.i.OperationalAuditInterceptor - API Audit Log: URL=/api/v1/menu/left, User=user_regular, IP=0:0:0:0:0:0:0:1
2026-03-16 17:05:49 [http-nio-8080-exec-2] DEBUG o.s.web.servlet.DispatcherServlet - Completed 200 OK
2026-03-16 17:05:49 [http-nio-8080-exec-13] DEBUG o.s.w.s.m.m.a.HttpEntityMethodProcessor - Using 'application/json', given [application/json, text/plain, */*] and supported [application/json, application/*+json, application/yaml]
2026-03-16 17:05:49 [http-nio-8080-exec-13] TRACE o.s.w.s.m.m.a.HttpEntityMethodProcessor - Writing [ApiResponse[success=true, status=200, code=COMMON_001, message=Success, data={list=[com.company.project.service.menu.dto.MenuDto@5b7dc878, com.company.project.service.menu.dto.MenuDto@60da46d8, com.company.project.service.menu.dto.MenuDto@438758aa]}, timestamp=2026-03-16T17:05:49.720593100]]
2026-03-16 17:05:49 [http-nio-8080-exec-13] INFO  c.c.p.a.i.OperationalAuditInterceptor - API Audit Log: URL=/api/v1/menu/left, User=user_regular, IP=0:0:0:0:0:0:0:1
2026-03-16 17:05:49 [http-nio-8080-exec-13] DEBUG o.s.web.servlet.DispatcherServlet - Completed 200 OK
2026-03-16 17:05:49 [http-nio-8080-exec-17] DEBUG o.s.orm.jpa.JpaTransactionManager - Closing JPA EntityManager [SessionImpl(750287786<open>)] after transaction
2026-03-16 17:05:49 [http-nio-8080-exec-17] INFO  c.c.p.a.c.menu.MenuController - getLeftMenu returned 5 items
2026-03-16 17:05:49 [http-nio-8080-exec-17] DEBUG o.s.w.s.m.m.a.HttpEntityMethodProcessor - Using 'application/json', given [application/json, text/plain, */*] and supported [application/json, application/*+json, application/yaml]
2026-03-16 17:05:49 [http-nio-8080-exec-17] TRACE o.s.w.s.m.m.a.HttpEntityMethodProcessor - Writing [ApiResponse[success=true, status=200, code=COMMON_001, message=Success, data={list=[com.company.project.service.menu.dto.MenuDto@41b1a2ac, com.company.project.service.menu.dto.MenuDto@2a3ac5, com.company.project.service.menu.dto.MenuDto@44a2fb47, com.company.project.service.menu.dto.MenuDto@6baa396c, com.company.project.service.menu.dto.MenuDto@27424277]}, timestamp=2026-03-16T17:05:49.763183100]]
2026-03-16 17:05:49 [http-nio-8080-exec-17] INFO  c.c.p.a.i.OperationalAuditInterceptor - API Audit Log: URL=/api/v1/menu/left, User=user_regular, IP=0:0:0:0:0:0:0:1
2026-03-16 17:05:49 [http-nio-8080-exec-17] DEBUG o.s.web.servlet.DispatcherServlet - Completed 200 OK
2026-03-16 17:05:49 [http-nio-8080-exec-9] DEBUG o.s.orm.jpa.JpaTransactionManager - Closing JPA EntityManager [SessionImpl(1622739685<open>)] after transaction
2026-03-16 17:05:49 [http-nio-8080-exec-9] INFO  c.c.p.a.c.menu.MenuController - getLeftMenu returned 3 items
2026-03-16 17:05:49 [http-nio-8080-exec-9] DEBUG o.s.w.s.m.m.a.HttpEntityMethodProcessor - Using 'application/json', given [application/json, text/plain, */*] and supported [application/json, application/*+json, application/yaml]
2026-03-16 17:05:49 [http-nio-8080-exec-9] TRACE o.s.w.s.m.m.a.HttpEntityMethodProcessor - Writing [ApiResponse[success=true, status=200, code=COMMON_001, message=Success, data={list=[com.company.project.service.menu.dto.MenuDto@741c1270, com.company.project.service.menu.dto.MenuDto@d70aa09, com.company.project.service.menu.dto.MenuDto@5f7daa6d]}, timestamp=2026-03-16T17:05:49.765841700]]
2026-03-16 17:05:49 [http-nio-8080-exec-9] INFO  c.c.p.a.i.OperationalAuditInterceptor - API Audit Log: URL=/api/v1/menu/left, User=user_regular, IP=0:0:0:0:0:0:0:1
2026-03-16 17:05:49 [http-nio-8080-exec-9] DEBUG o.s.web.servlet.DispatcherServlet - Completed 200 OK
2026-03-16 17:05:49 [http-nio-8080-exec-3] DEBUG o.s.orm.jpa.JpaTransactionManager - Closing JPA EntityManager [SessionImpl(1618497035<open>)] after transaction
2026-03-16 17:05:49 [http-nio-8080-exec-3] INFO  c.c.p.a.c.menu.MenuController - getLeftMenu returned 2 items
2026-03-16 17:05:49 [http-nio-8080-exec-3] DEBUG o.s.w.s.m.m.a.HttpEntityMethodProcessor - Using 'application/json', given [application/json, text/plain, */*] and supported [application/json, application/*+json, application/yaml]
2026-03-16 17:05:49 [http-nio-8080-exec-3] TRACE o.s.w.s.m.m.a.HttpEntityMethodProcessor - Writing [ApiResponse[success=true, status=200, code=COMMON_001, message=Success, data={list=[com.company.project.service.menu.dto.MenuDto@55ecccdd, com.company.project.service.menu.dto.MenuDto@2060918a]}, timestamp=2026-03-16T17:05:49.781398700]]
2026-03-16 17:05:49 [http-nio-8080-exec-3] INFO  c.c.p.a.i.OperationalAuditInterceptor - API Audit Log: URL=/api/v1/menu/left, User=user_regular, IP=0:0:0:0:0:0:0:1
2026-03-16 17:05:49 [http-nio-8080-exec-3] DEBUG o.s.web.servlet.DispatcherServlet - Completed 200 OK
2026-03-16 17:05:50 [http-nio-8080-exec-10] DEBUG c.c.p.s.jwt.JwtAuthenticationFilter - >>> [JwtFilter] Processing request: GET /api/v1/menu/left
2026-03-16 17:05:50 [http-nio-8080-exec-10] DEBUG c.c.p.s.jwt.JwtAuthenticationFilter - >>> [JwtFilter] Found token in header for path: /api/v1/menu/left
2026-03-16 17:05:50 [http-nio-8080-exec-15] DEBUG c.c.p.s.jwt.JwtAuthenticationFilter - >>> [JwtFilter] Processing request: GET /api/v1/menu/head
2026-03-16 17:05:50 [http-nio-8080-exec-15] DEBUG c.c.p.s.jwt.JwtAuthenticationFilter - >>> [JwtFilter] Found token in header for path: /api/v1/menu/head
2026-03-16 17:05:50 [http-nio-8080-exec-10] DEBUG o.s.orm.jpa.JpaTransactionManager - Creating new transaction with name [com.company.project.security.iam.CustomUserDetailsService.loadUserByUsername]: PROPAGATION_REQUIRED,ISOLATION_DEFAULT,readOnly
2026-03-16 17:05:50 [http-nio-8080-exec-15] DEBUG o.s.orm.jpa.JpaTransactionManager - Creating new transaction with name [com.company.project.security.iam.CustomUserDetailsService.loadUserByUsername]: PROPAGATION_REQUIRED,ISOLATION_DEFAULT,readOnly
2026-03-16 17:05:50 [http-nio-8080-exec-10] DEBUG o.s.orm.jpa.JpaTransactionManager - Opened new EntityManager [SessionImpl(1656700909<open>)] for JPA transaction
2026-03-16 17:05:50 [http-nio-8080-exec-15] DEBUG o.s.orm.jpa.JpaTransactionManager - Opened new EntityManager [SessionImpl(1361224535<open>)] for JPA transaction
2026-03-16 17:05:50 [http-nio-8080-exec-19] DEBUG c.c.p.s.jwt.JwtAuthenticationFilter - >>> [JwtFilter] Processing request: GET /api/v1/auth/me
2026-03-16 17:05:50 [http-nio-8080-exec-19] DEBUG c.c.p.s.jwt.JwtAuthenticationFilter - >>> [JwtFilter] Found token in header for path: /api/v1/auth/me
2026-03-16 17:05:50 [http-nio-8080-exec-19] DEBUG o.s.orm.jpa.JpaTransactionManager - Creating new transaction with name [com.company.project.security.iam.CustomUserDetailsService.loadUserByUsername]: PROPAGATION_REQUIRED,ISOLATION_DEFAULT,readOnly
2026-03-16 17:05:50 [http-nio-8080-exec-19] DEBUG o.s.orm.jpa.JpaTransactionManager - Opened new EntityManager [SessionImpl(190966489<open>)] for JPA transaction
2026-03-16 17:05:50 [http-nio-8080-exec-8] DEBUG c.c.p.s.jwt.JwtAuthenticationFilter - >>> [JwtFilter] Processing request: GET /api/v1/menu/left
2026-03-16 17:05:50 [http-nio-8080-exec-8] DEBUG c.c.p.s.jwt.JwtAuthenticationFilter - >>> [JwtFilter] Found token in header for path: /api/v1/menu/left
2026-03-16 17:05:50 [http-nio-8080-exec-8] DEBUG o.s.orm.jpa.JpaTransactionManager - Creating new transaction with name [com.company.project.security.iam.CustomUserDetailsService.loadUserByUsername]: PROPAGATION_REQUIRED,ISOLATION_DEFAULT,readOnly
2026-03-16 17:05:50 [http-nio-8080-exec-8] DEBUG o.s.orm.jpa.JpaTransactionManager - Opened new EntityManager [SessionImpl(96463013<open>)] for JPA transaction
2026-03-16 17:05:50 [http-nio-8080-exec-2] DEBUG c.c.p.s.jwt.JwtAuthenticationFilter - >>> [JwtFilter] Processing request: GET /api/v1/auth/me
2026-03-16 17:05:50 [http-nio-8080-exec-12] DEBUG c.c.p.s.jwt.JwtAuthenticationFilter - >>> [JwtFilter] Processing request: GET /api/v1/menu/head
2026-03-16 17:05:50 [http-nio-8080-exec-2] DEBUG c.c.p.s.jwt.JwtAuthenticationFilter - >>> [JwtFilter] Found token in header for path: /api/v1/auth/me
2026-03-16 17:05:50 [http-nio-8080-exec-12] DEBUG c.c.p.s.jwt.JwtAuthenticationFilter - >>> [JwtFilter] Found token in header for path: /api/v1/menu/head
2026-03-16 17:05:50 [http-nio-8080-exec-2] DEBUG o.s.orm.jpa.JpaTransactionManager - Creating new transaction with name [com.company.project.security.iam.CustomUserDetailsService.loadUserByUsername]: PROPAGATION_REQUIRED,ISOLATION_DEFAULT,readOnly
2026-03-16 17:05:50 [http-nio-8080-exec-12] DEBUG o.s.orm.jpa.JpaTransactionManager - Creating new transaction with name [com.company.project.security.iam.CustomUserDetailsService.loadUserByUsername]: PROPAGATION_REQUIRED,ISOLATION_DEFAULT,readOnly
2026-03-16 17:05:50 [http-nio-8080-exec-2] DEBUG o.s.orm.jpa.JpaTransactionManager - Opened new EntityManager [SessionImpl(1006728330<open>)] for JPA transaction
2026-03-16 17:05:50 [http-nio-8080-exec-12] DEBUG o.s.orm.jpa.JpaTransactionManager - Opened new EntityManager [SessionImpl(1707562336<open>)] for JPA transaction
2026-03-16 17:05:50 [http-nio-8080-exec-10] DEBUG o.s.orm.jpa.JpaTransactionManager - Exposing JPA transaction as JDBC [org.springframework.orm.jpa.vendor.HibernateJpaDialect$HibernateConnectionHandle@53efcec9]
2026-03-16 17:05:50 [http-nio-8080-exec-15] DEBUG o.s.orm.jpa.JpaTransactionManager - Exposing JPA transaction as JDBC [org.springframework.orm.jpa.vendor.HibernateJpaDialect$HibernateConnectionHandle@70a86915]
2026-03-16 17:05:50 [http-nio-8080-exec-10] DEBUG o.s.orm.jpa.JpaTransactionManager - Found thread-bound EntityManager [SessionImpl(1656700909<open>)] for JPA transaction
2026-03-16 17:05:50 [http-nio-8080-exec-15] DEBUG o.s.orm.jpa.JpaTransactionManager - Found thread-bound EntityManager [SessionImpl(1361224535<open>)] for JPA transaction
2026-03-16 17:05:50 [http-nio-8080-exec-10] DEBUG o.s.orm.jpa.JpaTransactionManager - Participating in existing transaction
2026-03-16 17:05:50 [http-nio-8080-exec-15] DEBUG o.s.orm.jpa.JpaTransactionManager - Participating in existing transaction
2026-03-16 17:05:50 [http-nio-8080-exec-10] DEBUG org.hibernate.SQL - select u1_0.emplyr_id,u1_0.area_no,u1_0.brthdy,u1_0.chg_pwd_cnt,u1_0.frst_register_id,u1_0.frst_regist_pnttm,u1_0.detail_adres,u1_0.email_adres,u1_0.emplyr_sttus_code,u1_0.empl_no,u1_0.esntl_id,u1_0.fxnum,u1_0.group_id,u1_0.house_adres,u1_0.house_end_telno,u1_0.house_middle_telno,u1_0.ihidnum,u1_0.pstinst_code,u1_0.last_updusr_id,u1_0.last_updt_pnttm,u1_0.lock_at,u1_0.lock_cnt,u1_0.lock_last_pnttm,u1_0.mbtlnum,u1_0.ofcps_nm,u1_0.offm_telno,u1_0.orgnzt_id,u1_0.password,u1_0.password_cnsr,u1_0.password_hint,u1_0.chg_pwd_last_pnttm,u1_0.role,u1_0.sbscrb_de,u1_0.sexdstn_code,u1_0.crtfc_dn_value,u1_0.user_nm,u1_0.zip from nemplyrinfo u1_0 where u1_0.emplyr_id=?
2026-03-16 17:05:50 [http-nio-8080-exec-15] DEBUG org.hibernate.SQL - select u1_0.emplyr_id,u1_0.area_no,u1_0.brthdy,u1_0.chg_pwd_cnt,u1_0.frst_register_id,u1_0.frst_regist_pnttm,u1_0.detail_adres,u1_0.email_adres,u1_0.emplyr_sttus_code,u1_0.empl_no,u1_0.esntl_id,u1_0.fxnum,u1_0.group_id,u1_0.house_adres,u1_0.house_end_telno,u1_0.house_middle_telno,u1_0.ihidnum,u1_0.pstinst_code,u1_0.last_updusr_id,u1_0.last_updt_pnttm,u1_0.lock_at,u1_0.lock_cnt,u1_0.lock_last_pnttm,u1_0.mbtlnum,u1_0.ofcps_nm,u1_0.offm_telno,u1_0.orgnzt_id,u1_0.password,u1_0.password_cnsr,u1_0.password_hint,u1_0.chg_pwd_last_pnttm,u1_0.role,u1_0.sbscrb_de,u1_0.sexdstn_code,u1_0.crtfc_dn_value,u1_0.user_nm,u1_0.zip from nemplyrinfo u1_0 where u1_0.emplyr_id=?
2026-03-16 17:05:50 [http-nio-8080-exec-2] DEBUG o.s.orm.jpa.JpaTransactionManager - Exposing JPA transaction as JDBC [org.springframework.orm.jpa.vendor.HibernateJpaDialect$HibernateConnectionHandle@411b1ae1]
2026-03-16 17:05:50 [http-nio-8080-exec-19] DEBUG o.s.orm.jpa.JpaTransactionManager - Exposing JPA transaction as JDBC [org.springframework.orm.jpa.vendor.HibernateJpaDialect$HibernateConnectionHandle@3dae369f]
2026-03-16 17:05:50 [http-nio-8080-exec-8] DEBUG o.s.orm.jpa.JpaTransactionManager - Exposing JPA transaction as JDBC [org.springframework.orm.jpa.vendor.HibernateJpaDialect$HibernateConnectionHandle@2157d1de]
2026-03-16 17:05:50 [http-nio-8080-exec-12] DEBUG o.s.orm.jpa.JpaTransactionManager - Exposing JPA transaction as JDBC [org.springframework.orm.jpa.vendor.HibernateJpaDialect$HibernateConnectionHandle@472ced6e]
2026-03-16 17:05:50 [http-nio-8080-exec-2] DEBUG o.s.orm.jpa.JpaTransactionManager - Found thread-bound EntityManager [SessionImpl(1006728330<open>)] for JPA transaction
2026-03-16 17:05:50 [http-nio-8080-exec-19] DEBUG o.s.orm.jpa.JpaTransactionManager - Found thread-bound EntityManager [SessionImpl(190966489<open>)] for JPA transaction
2026-03-16 17:05:50 [http-nio-8080-exec-2] DEBUG o.s.orm.jpa.JpaTransactionManager - Participating in existing transaction
2026-03-16 17:05:50 [http-nio-8080-exec-8] DEBUG o.s.orm.jpa.JpaTransactionManager - Found thread-bound EntityManager [SessionImpl(96463013<open>)] for JPA transaction
2026-03-16 17:05:50 [http-nio-8080-exec-19] DEBUG o.s.orm.jpa.JpaTransactionManager - Participating in existing transaction
2026-03-16 17:05:50 [http-nio-8080-exec-8] DEBUG o.s.orm.jpa.JpaTransactionManager - Participating in existing transaction
2026-03-16 17:05:50 [http-nio-8080-exec-8] DEBUG org.hibernate.SQL - select u1_0.emplyr_id,u1_0.area_no,u1_0.brthdy,u1_0.chg_pwd_cnt,u1_0.frst_register_id,u1_0.frst_regist_pnttm,u1_0.detail_adres,u1_0.email_adres,u1_0.emplyr_sttus_code,u1_0.empl_no,u1_0.esntl_id,u1_0.fxnum,u1_0.group_id,u1_0.house_adres,u1_0.house_end_telno,u1_0.house_middle_telno,u1_0.ihidnum,u1_0.pstinst_code,u1_0.last_updusr_id,u1_0.last_updt_pnttm,u1_0.lock_at,u1_0.lock_cnt,u1_0.lock_last_pnttm,u1_0.mbtlnum,u1_0.ofcps_nm,u1_0.offm_telno,u1_0.orgnzt_id,u1_0.password,u1_0.password_cnsr,u1_0.password_hint,u1_0.chg_pwd_last_pnttm,u1_0.role,u1_0.sbscrb_de,u1_0.sexdstn_code,u1_0.crtfc_dn_value,u1_0.user_nm,u1_0.zip from nemplyrinfo u1_0 where u1_0.emplyr_id=?
2026-03-16 17:05:50 [http-nio-8080-exec-19] DEBUG org.hibernate.SQL - select u1_0.emplyr_id,u1_0.area_no,u1_0.brthdy,u1_0.chg_pwd_cnt,u1_0.frst_register_id,u1_0.frst_regist_pnttm,u1_0.detail_adres,u1_0.email_adres,u1_0.emplyr_sttus_code,u1_0.empl_no,u1_0.esntl_id,u1_0.fxnum,u1_0.group_id,u1_0.house_adres,u1_0.house_end_telno,u1_0.house_middle_telno,u1_0.ihidnum,u1_0.pstinst_code,u1_0.last_updusr_id,u1_0.last_updt_pnttm,u1_0.lock_at,u1_0.lock_cnt,u1_0.lock_last_pnttm,u1_0.mbtlnum,u1_0.ofcps_nm,u1_0.offm_telno,u1_0.orgnzt_id,u1_0.password,u1_0.password_cnsr,u1_0.password_hint,u1_0.chg_pwd_last_pnttm,u1_0.role,u1_0.sbscrb_de,u1_0.sexdstn_code,u1_0.crtfc_dn_value,u1_0.user_nm,u1_0.zip from nemplyrinfo u1_0 where u1_0.emplyr_id=?
2026-03-16 17:05:50 [http-nio-8080-exec-12] DEBUG o.s.orm.jpa.JpaTransactionManager - Found thread-bound EntityManager [SessionImpl(1707562336<open>)] for JPA transaction
2026-03-16 17:05:50 [http-nio-8080-exec-12] DEBUG o.s.orm.jpa.JpaTransactionManager - Participating in existing transaction
2026-03-16 17:05:50 [http-nio-8080-exec-2] DEBUG org.hibernate.SQL - select u1_0.emplyr_id,u1_0.area_no,u1_0.brthdy,u1_0.chg_pwd_cnt,u1_0.frst_register_id,u1_0.frst_regist_pnttm,u1_0.detail_adres,u1_0.email_adres,u1_0.emplyr_sttus_code,u1_0.empl_no,u1_0.esntl_id,u1_0.fxnum,u1_0.group_id,u1_0.house_adres,u1_0.house_end_telno,u1_0.house_middle_telno,u1_0.ihidnum,u1_0.pstinst_code,u1_0.last_updusr_id,u1_0.last_updt_pnttm,u1_0.lock_at,u1_0.lock_cnt,u1_0.lock_last_pnttm,u1_0.mbtlnum,u1_0.ofcps_nm,u1_0.offm_telno,u1_0.orgnzt_id,u1_0.password,u1_0.password_cnsr,u1_0.password_hint,u1_0.chg_pwd_last_pnttm,u1_0.role,u1_0.sbscrb_de,u1_0.sexdstn_code,u1_0.crtfc_dn_value,u1_0.user_nm,u1_0.zip from nemplyrinfo u1_0 where u1_0.emplyr_id=?
2026-03-16 17:05:50 [http-nio-8080-exec-12] DEBUG org.hibernate.SQL - select u1_0.emplyr_id,u1_0.area_no,u1_0.brthdy,u1_0.chg_pwd_cnt,u1_0.frst_register_id,u1_0.frst_regist_pnttm,u1_0.detail_adres,u1_0.email_adres,u1_0.emplyr_sttus_code,u1_0.empl_no,u1_0.esntl_id,u1_0.fxnum,u1_0.group_id,u1_0.house_adres,u1_0.house_end_telno,u1_0.house_middle_telno,u1_0.ihidnum,u1_0.pstinst_code,u1_0.last_updusr_id,u1_0.last_updt_pnttm,u1_0.lock_at,u1_0.lock_cnt,u1_0.lock_last_pnttm,u1_0.mbtlnum,u1_0.ofcps_nm,u1_0.offm_telno,u1_0.orgnzt_id,u1_0.password,u1_0.password_cnsr,u1_0.password_hint,u1_0.chg_pwd_last_pnttm,u1_0.role,u1_0.sbscrb_de,u1_0.sexdstn_code,u1_0.crtfc_dn_value,u1_0.user_nm,u1_0.zip from nemplyrinfo u1_0 where u1_0.emplyr_id=?
2026-03-16 17:05:50 [http-nio-8080-exec-10] DEBUG o.s.orm.jpa.JpaTransactionManager - Found thread-bound EntityManager [SessionImpl(1656700909<open>)] for JPA transaction
2026-03-16 17:05:50 [http-nio-8080-exec-15] DEBUG o.s.orm.jpa.JpaTransactionManager - Found thread-bound EntityManager [SessionImpl(1361224535<open>)] for JPA transaction
2026-03-16 17:05:50 [http-nio-8080-exec-10] DEBUG o.s.orm.jpa.JpaTransactionManager - Participating in existing transaction
2026-03-16 17:05:50 [http-nio-8080-exec-15] DEBUG o.s.orm.jpa.JpaTransactionManager - Participating in existing transaction
2026-03-16 17:05:50 [http-nio-8080-exec-15] DEBUG org.hibernate.SQL - select ua1_0.scrty_dtrmn_trget_id,ua1_0.author_code,ua1_0.frst_register_id,ua1_0.frst_regist_pnttm,ua1_0.last_updusr_id,ua1_0.last_updt_pnttm,ua1_0.mber_ty_code from nemplyrscrtyestbs ua1_0 where ua1_0.scrty_dtrmn_trget_id=?
2026-03-16 17:05:50 [http-nio-8080-exec-10] DEBUG org.hibernate.SQL - select ua1_0.scrty_dtrmn_trget_id,ua1_0.author_code,ua1_0.frst_register_id,ua1_0.frst_regist_pnttm,ua1_0.last_updusr_id,ua1_0.last_updt_pnttm,ua1_0.mber_ty_code from nemplyrscrtyestbs ua1_0 where ua1_0.scrty_dtrmn_trget_id=?
2026-03-16 17:05:50 [http-nio-8080-exec-2] DEBUG o.s.orm.jpa.JpaTransactionManager - Found thread-bound EntityManager [SessionImpl(1006728330<open>)] for JPA transaction
2026-03-16 17:05:50 [http-nio-8080-exec-2] DEBUG o.s.orm.jpa.JpaTransactionManager - Participating in existing transaction
2026-03-16 17:05:50 [http-nio-8080-exec-2] DEBUG org.hibernate.SQL - select ua1_0.scrty_dtrmn_trget_id,ua1_0.author_code,ua1_0.frst_register_id,ua1_0.frst_regist_pnttm,ua1_0.last_updusr_id,ua1_0.last_updt_pnttm,ua1_0.mber_ty_code from nemplyrscrtyestbs ua1_0 where ua1_0.scrty_dtrmn_trget_id=?
2026-03-16 17:05:50 [http-nio-8080-exec-8] DEBUG o.s.orm.jpa.JpaTransactionManager - Found thread-bound EntityManager [SessionImpl(96463013<open>)] for JPA transaction
2026-03-16 17:05:50 [http-nio-8080-exec-12] DEBUG o.s.orm.jpa.JpaTransactionManager - Found thread-bound EntityManager [SessionImpl(1707562336<open>)] for JPA transaction
2026-03-16 17:05:50 [http-nio-8080-exec-19] DEBUG o.s.orm.jpa.JpaTransactionManager - Found thread-bound EntityManager [SessionImpl(190966489<open>)] for JPA transaction
2026-03-16 17:05:50 [http-nio-8080-exec-8] DEBUG o.s.orm.jpa.JpaTransactionManager - Participating in existing transaction
2026-03-16 17:05:50 [http-nio-8080-exec-19] DEBUG o.s.orm.jpa.JpaTransactionManager - Participating in existing transaction
2026-03-16 17:05:50 [http-nio-8080-exec-12] DEBUG o.s.orm.jpa.JpaTransactionManager - Participating in existing transaction
2026-03-16 17:05:50 [http-nio-8080-exec-19] DEBUG org.hibernate.SQL - select ua1_0.scrty_dtrmn_trget_id,ua1_0.author_code,ua1_0.frst_register_id,ua1_0.frst_regist_pnttm,ua1_0.last_updusr_id,ua1_0.last_updt_pnttm,ua1_0.mber_ty_code from nemplyrscrtyestbs ua1_0 where ua1_0.scrty_dtrmn_trget_id=?
2026-03-16 17:05:50 [http-nio-8080-exec-12] DEBUG org.hibernate.SQL - select ua1_0.scrty_dtrmn_trget_id,ua1_0.author_code,ua1_0.frst_register_id,ua1_0.frst_regist_pnttm,ua1_0.last_updusr_id,ua1_0.last_updt_pnttm,ua1_0.mber_ty_code from nemplyrscrtyestbs ua1_0 where ua1_0.scrty_dtrmn_trget_id=?
2026-03-16 17:05:50 [http-nio-8080-exec-8] DEBUG org.hibernate.SQL - select ua1_0.scrty_dtrmn_trget_id,ua1_0.author_code,ua1_0.frst_register_id,ua1_0.frst_regist_pnttm,ua1_0.last_updusr_id,ua1_0.last_updt_pnttm,ua1_0.mber_ty_code from nemplyrscrtyestbs ua1_0 where ua1_0.scrty_dtrmn_trget_id=?
2026-03-16 17:05:51 [http-nio-8080-exec-10] DEBUG o.s.orm.jpa.JpaTransactionManager - Initiating transaction commit
2026-03-16 17:05:51 [http-nio-8080-exec-15] DEBUG o.s.orm.jpa.JpaTransactionManager - Initiating transaction commit
2026-03-16 17:05:51 [http-nio-8080-exec-10] DEBUG o.s.orm.jpa.JpaTransactionManager - Committing JPA transaction on EntityManager [SessionImpl(1656700909<open>)]
2026-03-16 17:05:51 [http-nio-8080-exec-15] DEBUG o.s.orm.jpa.JpaTransactionManager - Committing JPA transaction on EntityManager [SessionImpl(1361224535<open>)]
2026-03-16 17:05:51 [http-nio-8080-exec-12] DEBUG o.s.orm.jpa.JpaTransactionManager - Initiating transaction commit
2026-03-16 17:05:51 [http-nio-8080-exec-8] DEBUG o.s.orm.jpa.JpaTransactionManager - Initiating transaction commit
2026-03-16 17:05:51 [http-nio-8080-exec-2] DEBUG o.s.orm.jpa.JpaTransactionManager - Initiating transaction commit
2026-03-16 17:05:51 [http-nio-8080-exec-8] DEBUG o.s.orm.jpa.JpaTransactionManager - Committing JPA transaction on EntityManager [SessionImpl(96463013<open>)]
2026-03-16 17:05:51 [http-nio-8080-exec-19] DEBUG o.s.orm.jpa.JpaTransactionManager - Initiating transaction commit
2026-03-16 17:05:51 [http-nio-8080-exec-2] DEBUG o.s.orm.jpa.JpaTransactionManager - Committing JPA transaction on EntityManager [SessionImpl(1006728330<open>)]
2026-03-16 17:05:51 [http-nio-8080-exec-12] DEBUG o.s.orm.jpa.JpaTransactionManager - Committing JPA transaction on EntityManager [SessionImpl(1707562336<open>)]
2026-03-16 17:05:51 [http-nio-8080-exec-19] DEBUG o.s.orm.jpa.JpaTransactionManager - Committing JPA transaction on EntityManager [SessionImpl(190966489<open>)]
2026-03-16 17:05:51 [http-nio-8080-exec-15] DEBUG o.s.orm.jpa.JpaTransactionManager - Closing JPA EntityManager [SessionImpl(1361224535<open>)] after transaction
2026-03-16 17:05:51 [http-nio-8080-exec-15] DEBUG c.c.p.s.jwt.JwtAuthenticationFilter - >>> [JwtFilter] Successfully authenticated user: USRCNFRM_00000000002, Authorities: [ROLE_USER]
2026-03-16 17:05:51 [http-nio-8080-exec-15] DEBUG o.s.web.servlet.DispatcherServlet - GET "/api/v1/menu/head", parameters={}
2026-03-16 17:05:51 [http-nio-8080-exec-15] TRACE o.s.w.s.m.m.a.RequestMappingHandlerMapping - Mapped to com.company.project.api.controller.menu.MenuController#getHeadMenu()
2026-03-16 17:05:51 [http-nio-8080-exec-15] INFO  c.c.p.a.c.menu.MenuController - getHeadMenu called
2026-03-16 17:05:51 [http-nio-8080-exec-15] INFO  c.c.p.a.c.menu.MenuController - getHeadMenu returned 5 items
2026-03-16 17:05:51 [http-nio-8080-exec-15] DEBUG o.s.w.s.m.m.a.HttpEntityMethodProcessor - Using 'application/json', given [application/json, text/plain, */*] and supported [application/json, application/*+json, application/yaml]
2026-03-16 17:05:51 [http-nio-8080-exec-15] TRACE o.s.w.s.m.m.a.HttpEntityMethodProcessor - Writing [ApiResponse[success=true, status=200, code=COMMON_001, message=Success, data={list=[com.company.project.service.menu.dto.MenuDto@4839fef0, com.company.project.service.menu.dto.MenuDto@1c69c1c2, com.company.project.service.menu.dto.MenuDto@6f5d2c3d, com.company.project.service.menu.dto.MenuDto@6314b47d, com.company.project.service.menu.dto.MenuDto@645d0891]}, timestamp=2026-03-16T17:05:51.279033900]]
2026-03-16 17:05:51 [http-nio-8080-exec-15] INFO  c.c.p.a.i.OperationalAuditInterceptor - API Audit Log: URL=/api/v1/menu/head, User=user_regular, IP=127.0.0.1
2026-03-16 17:05:51 [http-nio-8080-exec-15] DEBUG o.s.web.servlet.DispatcherServlet - Completed 200 OK
2026-03-16 17:05:51 [http-nio-8080-exec-10] DEBUG o.s.orm.jpa.JpaTransactionManager - Closing JPA EntityManager [SessionImpl(1656700909<open>)] after transaction
2026-03-16 17:05:51 [http-nio-8080-exec-10] DEBUG c.c.p.s.jwt.JwtAuthenticationFilter - >>> [JwtFilter] Successfully authenticated user: USRCNFRM_00000000002, Authorities: [ROLE_USER]
2026-03-16 17:05:51 [http-nio-8080-exec-10] DEBUG o.s.web.servlet.DispatcherServlet - GET "/api/v1/menu/left?menuNo=10", parameters={masked}
2026-03-16 17:05:51 [http-nio-8080-exec-10] TRACE o.s.w.s.m.m.a.RequestMappingHandlerMapping - Mapped to com.company.project.api.controller.menu.MenuController#getLeftMenu(Long)
2026-03-16 17:05:51 [http-nio-8080-exec-10] INFO  c.c.p.a.c.menu.MenuController - getLeftMenu called with menuNo=10
2026-03-16 17:05:51 [http-nio-8080-exec-10] DEBUG o.s.orm.jpa.JpaTransactionManager - Creating new transaction with name [com.company.project.service.menu.MenuService.getSubMenus]: PROPAGATION_REQUIRED,ISOLATION_DEFAULT,readOnly
2026-03-16 17:05:51 [http-nio-8080-exec-10] DEBUG o.s.orm.jpa.JpaTransactionManager - Opened new EntityManager [SessionImpl(1494468759<open>)] for JPA transaction
2026-03-16 17:05:51 [http-nio-8080-exec-10] DEBUG o.s.orm.jpa.JpaTransactionManager - Exposing JPA transaction as JDBC [org.springframework.orm.jpa.vendor.HibernateJpaDialect$HibernateConnectionHandle@2611d98f]
2026-03-16 17:05:51 [http-nio-8080-exec-10] DEBUG org.hibernate.SQL - select m1_0.menu_no,m1_0.menu_dc,m1_0.menu_nm,m1_0.menu_ordr,m1_0.modern_route,m1_0.progrm_file_nm,m1_0.relate_image_nm,m1_0.relate_image_path,m1_0.route_updated_at,m1_0.upper_menu_no from nmenuinfo m1_0 order by m1_0.upper_menu_no,m1_0.menu_ordr
2026-03-16 17:05:51 [http-nio-8080-exec-2] DEBUG o.s.orm.jpa.JpaTransactionManager - Closing JPA EntityManager [SessionImpl(1006728330<open>)] after transaction
2026-03-16 17:05:51 [http-nio-8080-exec-12] DEBUG o.s.orm.jpa.JpaTransactionManager - Closing JPA EntityManager [SessionImpl(1707562336<open>)] after transaction
2026-03-16 17:05:51 [http-nio-8080-exec-8] DEBUG o.s.orm.jpa.JpaTransactionManager - Closing JPA EntityManager [SessionImpl(96463013<open>)] after transaction
2026-03-16 17:05:51 [http-nio-8080-exec-19] DEBUG o.s.orm.jpa.JpaTransactionManager - Closing JPA EntityManager [SessionImpl(190966489<open>)] after transaction
2026-03-16 17:05:51 [http-nio-8080-exec-2] DEBUG c.c.p.s.jwt.JwtAuthenticationFilter - >>> [JwtFilter] Successfully authenticated user: USRCNFRM_00000000002, Authorities: [ROLE_USER]
2026-03-16 17:05:51 [http-nio-8080-exec-12] DEBUG c.c.p.s.jwt.JwtAuthenticationFilter - >>> [JwtFilter] Successfully authenticated user: USRCNFRM_00000000002, Authorities: [ROLE_USER]
2026-03-16 17:05:51 [http-nio-8080-exec-8] DEBUG c.c.p.s.jwt.JwtAuthenticationFilter - >>> [JwtFilter] Successfully authenticated user: USRCNFRM_00000000002, Authorities: [ROLE_USER]
2026-03-16 17:05:51 [http-nio-8080-exec-19] DEBUG c.c.p.s.jwt.JwtAuthenticationFilter - >>> [JwtFilter] Successfully authenticated user: USRCNFRM_00000000002, Authorities: [ROLE_USER]
2026-03-16 17:05:51 [http-nio-8080-exec-12] DEBUG o.s.web.servlet.DispatcherServlet - GET "/api/v1/menu/head", parameters={}
2026-03-16 17:05:51 [http-nio-8080-exec-2] DEBUG o.s.web.servlet.DispatcherServlet - GET "/api/v1/auth/me", parameters={}
2026-03-16 17:05:51 [http-nio-8080-exec-8] DEBUG o.s.web.servlet.DispatcherServlet - GET "/api/v1/menu/left?menuNo=10", parameters={masked}
2026-03-16 17:05:51 [http-nio-8080-exec-19] DEBUG o.s.web.servlet.DispatcherServlet - GET "/api/v1/auth/me", parameters={}
2026-03-16 17:05:51 [http-nio-8080-exec-12] TRACE o.s.w.s.m.m.a.RequestMappingHandlerMapping - Mapped to com.company.project.api.controller.menu.MenuController#getHeadMenu()
2026-03-16 17:05:51 [http-nio-8080-exec-8] TRACE o.s.w.s.m.m.a.RequestMappingHandlerMapping - Mapped to com.company.project.api.controller.menu.MenuController#getLeftMenu(Long)
2026-03-16 17:05:51 [http-nio-8080-exec-2] TRACE o.s.w.s.m.m.a.RequestMappingHandlerMapping - Mapped to com.company.project.api.auth.AuthController#getCurrentUser()
2026-03-16 17:05:51 [http-nio-8080-exec-19] TRACE o.s.w.s.m.m.a.RequestMappingHandlerMapping - Mapped to com.company.project.api.auth.AuthController#getCurrentUser()
2026-03-16 17:05:51 [http-nio-8080-exec-12] INFO  c.c.p.a.c.menu.MenuController - getHeadMenu called
2026-03-16 17:05:51 [http-nio-8080-exec-8] INFO  c.c.p.a.c.menu.MenuController - getLeftMenu called with menuNo=10
2026-03-16 17:05:51 [http-nio-8080-exec-8] DEBUG o.s.orm.jpa.JpaTransactionManager - Creating new transaction with name [com.company.project.service.menu.MenuService.getSubMenus]: PROPAGATION_REQUIRED,ISOLATION_DEFAULT,readOnly
2026-03-16 17:05:51 [http-nio-8080-exec-12] INFO  c.c.p.a.c.menu.MenuController - getHeadMenu returned 5 items
2026-03-16 17:05:51 [http-nio-8080-exec-2] DEBUG o.s.w.s.m.m.a.RequestResponseBodyMethodProcessor - Using 'application/json', given [application/json, text/plain, */*] and supported [application/json, application/*+json, application/yaml]
2026-03-16 17:05:51 [http-nio-8080-exec-19] DEBUG o.s.w.s.m.m.a.RequestResponseBodyMethodProcessor - Using 'application/json', given [application/json, text/plain, */*] and supported [application/json, application/*+json, application/yaml]
2026-03-16 17:05:51 [http-nio-8080-exec-2] TRACE o.s.w.s.m.m.a.RequestResponseBodyMethodProcessor - Writing [ApiResponse[success=true, status=200, code=COMMON_001, message=Success, data={role=ROLE_USER, userSe=USR, name=일반사용자, id=user_regular}, timestamp=2026-03-16T17:05:51.297837100]]
2026-03-16 17:05:51 [http-nio-8080-exec-8] DEBUG o.s.orm.jpa.JpaTransactionManager - Opened new EntityManager [SessionImpl(1472275665<open>)] for JPA transaction
2026-03-16 17:05:51 [http-nio-8080-exec-8] DEBUG o.s.orm.jpa.JpaTransactionManager - Exposing JPA transaction as JDBC [org.springframework.orm.jpa.vendor.HibernateJpaDialect$HibernateConnectionHandle@2e875a0f]
2026-03-16 17:05:51 [http-nio-8080-exec-12] DEBUG o.s.w.s.m.m.a.HttpEntityMethodProcessor - Using 'application/json', given [application/json, text/plain, */*] and supported [application/json, application/*+json, application/yaml]
2026-03-16 17:05:51 [http-nio-8080-exec-19] TRACE o.s.w.s.m.m.a.RequestResponseBodyMethodProcessor - Writing [ApiResponse[success=true, status=200, code=COMMON_001, message=Success, data={role=ROLE_USER, userSe=USR, name=일반사용자, id=user_regular}, timestamp=2026-03-16T17:05:51.297837100]]
2026-03-16 17:05:51 [http-nio-8080-exec-12] TRACE o.s.w.s.m.m.a.HttpEntityMethodProcessor - Writing [ApiResponse[success=true, status=200, code=COMMON_001, message=Success, data={list=[com.company.project.service.menu.dto.MenuDto@4839fef0, com.company.project.service.menu.dto.MenuDto@1c69c1c2, com.company.project.service.menu.dto.MenuDto@6f5d2c3d, com.company.project.service.menu.dto.MenuDto@6314b47d, com.company.project.service.menu.dto.MenuDto@645d0891]}, timestamp=2026-03-16T17:05:51.297837100]]
2026-03-16 17:05:51 [http-nio-8080-exec-19] INFO  c.c.p.a.i.OperationalAuditInterceptor - API Audit Log: URL=/api/v1/auth/me, User=user_regular, IP=127.0.0.1
2026-03-16 17:05:51 [http-nio-8080-exec-2] INFO  c.c.p.a.i.OperationalAuditInterceptor - API Audit Log: URL=/api/v1/auth/me, User=user_regular, IP=127.0.0.1
2026-03-16 17:05:51 [http-nio-8080-exec-19] DEBUG o.s.web.servlet.DispatcherServlet - Completed 200 OK
2026-03-16 17:05:51 [http-nio-8080-exec-2] DEBUG o.s.web.servlet.DispatcherServlet - Completed 200 OK
2026-03-16 17:05:51 [http-nio-8080-exec-8] DEBUG org.hibernate.SQL - select m1_0.menu_no,m1_0.menu_dc,m1_0.menu_nm,m1_0.menu_ordr,m1_0.modern_route,m1_0.progrm_file_nm,m1_0.relate_image_nm,m1_0.relate_image_path,m1_0.route_updated_at,m1_0.upper_menu_no from nmenuinfo m1_0 order by m1_0.upper_menu_no,m1_0.menu_ordr
2026-03-16 17:05:51 [http-nio-8080-exec-12] INFO  c.c.p.a.i.OperationalAuditInterceptor - API Audit Log: URL=/api/v1/menu/head, User=user_regular, IP=127.0.0.1
2026-03-16 17:05:51 [http-nio-8080-exec-12] DEBUG o.s.web.servlet.DispatcherServlet - Completed 200 OK
2026-03-16 17:05:51 [http-nio-8080-exec-17] DEBUG c.c.p.s.jwt.JwtAuthenticationFilter - >>> [JwtFilter] Processing request: GET /api/v1/notifications
2026-03-16 17:05:51 [http-nio-8080-exec-9] DEBUG c.c.p.s.jwt.JwtAuthenticationFilter - >>> [JwtFilter] Processing request: GET /api/v1/notifications/unread-count
2026-03-16 17:05:51 [http-nio-8080-exec-13] DEBUG o.s.web.servlet.DispatcherServlet - GET "/ws/info?t=1773648351319", parameters={masked}
2026-03-16 17:05:51 [http-nio-8080-exec-17] DEBUG c.c.p.s.jwt.JwtAuthenticationFilter - >>> [JwtFilter] Found token in header for path: /api/v1/notifications
2026-03-16 17:05:51 [http-nio-8080-exec-9] DEBUG c.c.p.s.jwt.JwtAuthenticationFilter - >>> [JwtFilter] Found token in header for path: /api/v1/notifications/unread-count
2026-03-16 17:05:51 [http-nio-8080-exec-13] DEBUG o.s.w.s.s.s.WebSocketHandlerMapping - Mapped to org.springframework.web.socket.sockjs.support.SockJsHttpRequestHandler@3d80b7ba
2026-03-16 17:05:51 [http-nio-8080-exec-17] DEBUG o.s.orm.jpa.JpaTransactionManager - Creating new transaction with name [com.company.project.security.iam.CustomUserDetailsService.loadUserByUsername]: PROPAGATION_REQUIRED,ISOLATION_DEFAULT,readOnly
2026-03-16 17:05:51 [http-nio-8080-exec-13] DEBUG o.s.w.s.s.t.h.DefaultSockJsService - Processing transport request: GET http://localhost:8080/ws/info?t=1773648351319
2026-03-16 17:05:51 [http-nio-8080-exec-9] DEBUG o.s.orm.jpa.JpaTransactionManager - Creating new transaction with name [com.company.project.security.iam.CustomUserDetailsService.loadUserByUsername]: PROPAGATION_REQUIRED,ISOLATION_DEFAULT,readOnly
2026-03-16 17:05:51 [http-nio-8080-exec-17] DEBUG o.s.orm.jpa.JpaTransactionManager - Opened new EntityManager [SessionImpl(1995421768<open>)] for JPA transaction
2026-03-16 17:05:51 [http-nio-8080-exec-9] DEBUG o.s.orm.jpa.JpaTransactionManager - Opened new EntityManager [SessionImpl(994717323<open>)] for JPA transaction
2026-03-16 17:05:51 [http-nio-8080-exec-13] DEBUG o.s.web.servlet.DispatcherServlet - Completed 200 OK
2026-03-16 17:05:51 [http-nio-8080-exec-3] DEBUG o.s.web.servlet.DispatcherServlet - GET "/ws/322/0wzdlzx4/websocket", parameters={}
2026-03-16 17:05:51 [http-nio-8080-exec-3] DEBUG o.s.w.s.s.s.WebSocketHandlerMapping - Mapped to org.springframework.web.socket.sockjs.support.SockJsHttpRequestHandler@3d80b7ba
2026-03-16 17:05:51 [http-nio-8080-exec-3] DEBUG o.s.w.s.s.t.h.DefaultSockJsService - Processing transport request: GET http://localhost:8080/ws/322/0wzdlzx4/websocket
2026-03-16 17:05:51 [http-nio-8080-exec-3] DEBUG o.s.web.servlet.DispatcherServlet - Completed 101 SWITCHING_PROTOCOLS
2026-03-16 17:05:51 [http-nio-8080-exec-3] DEBUG o.s.w.s.h.LoggingWebSocketHandlerDecorator - New WebSocketServerSockJsSession[id=0wzdlzx4]
2026-03-16 17:05:51 [scheduling-1] DEBUG org.springframework.web.SimpLogging - Processing CONNECT session=0wzdlzx4
2026-03-16 17:05:51 [scheduling-1] DEBUG org.springframework.web.SimpLogging - Processing SUBSCRIBE /topic/notices id=sub-0 session=0wzdlzx4
2026-03-16 17:05:51 [scheduling-1] DEBUG org.springframework.web.SimpLogging - Processing SUBSCRIBE destination=/queue/notifications-user0wzdlzx4 subscriptionId=sub-1 session=0wzdlzx4 payload=byte[0]
2026-03-16 17:05:51 [scheduling-1] DEBUG org.springframework.web.SimpLogging - Processing SUBSCRIBE /topic/public id=sub-2 session=0wzdlzx4
2026-03-16 17:05:51 [http-nio-8080-exec-17] DEBUG o.s.orm.jpa.JpaTransactionManager - Exposing JPA transaction as JDBC [org.springframework.orm.jpa.vendor.HibernateJpaDialect$HibernateConnectionHandle@25441d11]
2026-03-16 17:05:51 [http-nio-8080-exec-9] DEBUG o.s.orm.jpa.JpaTransactionManager - Exposing JPA transaction as JDBC [org.springframework.orm.jpa.vendor.HibernateJpaDialect$HibernateConnectionHandle@2fd13400]
2026-03-16 17:05:51 [http-nio-8080-exec-17] DEBUG o.s.orm.jpa.JpaTransactionManager - Found thread-bound EntityManager [SessionImpl(1995421768<open>)] for JPA transaction
2026-03-16 17:05:51 [http-nio-8080-exec-17] DEBUG o.s.orm.jpa.JpaTransactionManager - Participating in existing transaction
2026-03-16 17:05:51 [http-nio-8080-exec-9] DEBUG o.s.orm.jpa.JpaTransactionManager - Found thread-bound EntityManager [SessionImpl(994717323<open>)] for JPA transaction
2026-03-16 17:05:51 [http-nio-8080-exec-9] DEBUG o.s.orm.jpa.JpaTransactionManager - Participating in existing transaction
2026-03-16 17:05:51 [http-nio-8080-exec-17] DEBUG org.hibernate.SQL - select u1_0.emplyr_id,u1_0.area_no,u1_0.brthdy,u1_0.chg_pwd_cnt,u1_0.frst_register_id,u1_0.frst_regist_pnttm,u1_0.detail_adres,u1_0.email_adres,u1_0.emplyr_sttus_code,u1_0.empl_no,u1_0.esntl_id,u1_0.fxnum,u1_0.group_id,u1_0.house_adres,u1_0.house_end_telno,u1_0.house_middle_telno,u1_0.ihidnum,u1_0.pstinst_code,u1_0.last_updusr_id,u1_0.last_updt_pnttm,u1_0.lock_at,u1_0.lock_cnt,u1_0.lock_last_pnttm,u1_0.mbtlnum,u1_0.ofcps_nm,u1_0.offm_telno,u1_0.orgnzt_id,u1_0.password,u1_0.password_cnsr,u1_0.password_hint,u1_0.chg_pwd_last_pnttm,u1_0.role,u1_0.sbscrb_de,u1_0.sexdstn_code,u1_0.crtfc_dn_value,u1_0.user_nm,u1_0.zip from nemplyrinfo u1_0 where u1_0.emplyr_id=?
2026-03-16 17:05:51 [http-nio-8080-exec-9] DEBUG org.hibernate.SQL - select u1_0.emplyr_id,u1_0.area_no,u1_0.brthdy,u1_0.chg_pwd_cnt,u1_0.frst_register_id,u1_0.frst_regist_pnttm,u1_0.detail_adres,u1_0.email_adres,u1_0.emplyr_sttus_code,u1_0.empl_no,u1_0.esntl_id,u1_0.fxnum,u1_0.group_id,u1_0.house_adres,u1_0.house_end_telno,u1_0.house_middle_telno,u1_0.ihidnum,u1_0.pstinst_code,u1_0.last_updusr_id,u1_0.last_updt_pnttm,u1_0.lock_at,u1_0.lock_cnt,u1_0.lock_last_pnttm,u1_0.mbtlnum,u1_0.ofcps_nm,u1_0.offm_telno,u1_0.orgnzt_id,u1_0.password,u1_0.password_cnsr,u1_0.password_hint,u1_0.chg_pwd_last_pnttm,u1_0.role,u1_0.sbscrb_de,u1_0.sexdstn_code,u1_0.crtfc_dn_value,u1_0.user_nm,u1_0.zip from nemplyrinfo u1_0 where u1_0.emplyr_id=?
2026-03-16 17:05:51 [http-nio-8080-exec-10] DEBUG o.s.orm.jpa.JpaTransactionManager - Found thread-bound EntityManager [SessionImpl(1494468759<open>)] for JPA transaction
2026-03-16 17:05:51 [http-nio-8080-exec-10] DEBUG o.s.orm.jpa.JpaTransactionManager - Participating in existing transaction
2026-03-16 17:05:51 [http-nio-8080-exec-10] DEBUG org.hibernate.SQL - select p1_0.progrm_file_nm,p1_0.progrm_dc,p1_0.progrm_korean_nm,p1_0.progrm_stre_path,p1_0.url from nprogrmlist p1_0
2026-03-16 17:05:51 [http-nio-8080-exec-8] DEBUG o.s.orm.jpa.JpaTransactionManager - Found thread-bound EntityManager [SessionImpl(1472275665<open>)] for JPA transaction
2026-03-16 17:05:51 [http-nio-8080-exec-8] DEBUG o.s.orm.jpa.JpaTransactionManager - Participating in existing transaction
2026-03-16 17:05:51 [http-nio-8080-exec-8] DEBUG org.hibernate.SQL - select p1_0.progrm_file_nm,p1_0.progrm_dc,p1_0.progrm_korean_nm,p1_0.progrm_stre_path,p1_0.url from nprogrmlist p1_0
2026-03-16 17:05:51 [http-nio-8080-exec-9] DEBUG o.s.orm.jpa.JpaTransactionManager - Found thread-bound EntityManager [SessionImpl(994717323<open>)] for JPA transaction
2026-03-16 17:05:51 [http-nio-8080-exec-9] DEBUG o.s.orm.jpa.JpaTransactionManager - Participating in existing transaction
2026-03-16 17:05:51 [http-nio-8080-exec-17] DEBUG o.s.orm.jpa.JpaTransactionManager - Found thread-bound EntityManager [SessionImpl(1995421768<open>)] for JPA transaction
2026-03-16 17:05:51 [http-nio-8080-exec-9] DEBUG org.hibernate.SQL - select ua1_0.scrty_dtrmn_trget_id,ua1_0.author_code,ua1_0.frst_register_id,ua1_0.frst_regist_pnttm,ua1_0.last_updusr_id,ua1_0.last_updt_pnttm,ua1_0.mber_ty_code from nemplyrscrtyestbs ua1_0 where ua1_0.scrty_dtrmn_trget_id=?
2026-03-16 17:05:51 [http-nio-8080-exec-17] DEBUG o.s.orm.jpa.JpaTransactionManager - Participating in existing transaction
2026-03-16 17:05:51 [http-nio-8080-exec-17] DEBUG org.hibernate.SQL - select ua1_0.scrty_dtrmn_trget_id,ua1_0.author_code,ua1_0.frst_register_id,ua1_0.frst_regist_pnttm,ua1_0.last_updusr_id,ua1_0.last_updt_pnttm,ua1_0.mber_ty_code from nemplyrscrtyestbs ua1_0 where ua1_0.scrty_dtrmn_trget_id=?
2026-03-16 17:05:51 [http-nio-8080-exec-10] DEBUG o.s.orm.jpa.JpaTransactionManager - Initiating transaction commit
2026-03-16 17:05:51 [http-nio-8080-exec-10] DEBUG o.s.orm.jpa.JpaTransactionManager - Committing JPA transaction on EntityManager [SessionImpl(1494468759<open>)]
2026-03-16 17:05:51 [http-nio-8080-exec-8] DEBUG o.s.orm.jpa.JpaTransactionManager - Initiating transaction commit
2026-03-16 17:05:51 [http-nio-8080-exec-8] DEBUG o.s.orm.jpa.JpaTransactionManager - Committing JPA transaction on EntityManager [SessionImpl(1472275665<open>)]
2026-03-16 17:05:51 [http-nio-8080-exec-17] DEBUG o.s.orm.jpa.JpaTransactionManager - Initiating transaction commit
2026-03-16 17:05:51 [http-nio-8080-exec-17] DEBUG o.s.orm.jpa.JpaTransactionManager - Committing JPA transaction on EntityManager [SessionImpl(1995421768<open>)]
2026-03-16 17:05:51 [http-nio-8080-exec-9] DEBUG o.s.orm.jpa.JpaTransactionManager - Initiating transaction commit
2026-03-16 17:05:51 [http-nio-8080-exec-9] DEBUG o.s.orm.jpa.JpaTransactionManager - Committing JPA transaction on EntityManager [SessionImpl(994717323<open>)]
2026-03-16 17:05:51 [http-nio-8080-exec-10] DEBUG o.s.orm.jpa.JpaTransactionManager - Closing JPA EntityManager [SessionImpl(1494468759<open>)] after transaction
2026-03-16 17:05:51 [http-nio-8080-exec-10] INFO  c.c.p.a.c.menu.MenuController - getLeftMenu returned 5 items
2026-03-16 17:05:51 [http-nio-8080-exec-10] DEBUG o.s.w.s.m.m.a.HttpEntityMethodProcessor - Using 'application/json', given [application/json, text/plain, */*] and supported [application/json, application/*+json, application/yaml]
2026-03-16 17:05:51 [http-nio-8080-exec-10] TRACE o.s.w.s.m.m.a.HttpEntityMethodProcessor - Writing [ApiResponse[success=true, status=200, code=COMMON_001, message=Success, data={list=[com.company.project.service.menu.dto.MenuDto@3944d400, com.company.project.service.menu.dto.MenuDto@4d21fc5b, com.company.project.service.menu.dto.MenuDto@69480eea, com.company.project.service.menu.dto.MenuDto@5d5d8e64, com.company.project.service.menu.dto.MenuDto@4226a51b]}, timestamp=2026-03-16T17:05:51.887240]]
2026-03-16 17:05:51 [http-nio-8080-exec-10] INFO  c.c.p.a.i.OperationalAuditInterceptor - API Audit Log: URL=/api/v1/menu/left, User=user_regular, IP=127.0.0.1
2026-03-16 17:05:51 [http-nio-8080-exec-10] DEBUG o.s.web.servlet.DispatcherServlet - Completed 200 OK
2026-03-16 17:05:51 [http-nio-8080-exec-8] DEBUG o.s.orm.jpa.JpaTransactionManager - Closing JPA EntityManager [SessionImpl(1472275665<open>)] after transaction
2026-03-16 17:05:51 [http-nio-8080-exec-8] INFO  c.c.p.a.c.menu.MenuController - getLeftMenu returned 5 items
2026-03-16 17:05:51 [http-nio-8080-exec-8] DEBUG o.s.w.s.m.m.a.HttpEntityMethodProcessor - Using 'application/json', given [application/json, text/plain, */*] and supported [application/json, application/*+json, application/yaml]
2026-03-16 17:05:51 [http-nio-8080-exec-8] TRACE o.s.w.s.m.m.a.HttpEntityMethodProcessor - Writing [ApiResponse[success=true, status=200, code=COMMON_001, message=Success, data={list=[com.company.project.service.menu.dto.MenuDto@f981b3a, com.company.project.service.menu.dto.MenuDto@f1fa944, com.company.project.service.menu.dto.MenuDto@25882ac7, com.company.project.service.menu.dto.MenuDto@10247831, com.company.project.service.menu.dto.MenuDto@5f2af0c4]}, timestamp=2026-03-16T17:05:51.908375400]]
2026-03-16 17:05:51 [http-nio-8080-exec-8] INFO  c.c.p.a.i.OperationalAuditInterceptor - API Audit Log: URL=/api/v1/menu/left, User=user_regular, IP=127.0.0.1
2026-03-16 17:05:51 [http-nio-8080-exec-8] DEBUG o.s.web.servlet.DispatcherServlet - Completed 200 OK
2026-03-16 17:05:51 [http-nio-8080-exec-12] DEBUG c.c.p.s.jwt.JwtAuthenticationFilter - >>> [JwtFilter] Processing request: GET /api/v1/menu/left
2026-03-16 17:05:51 [http-nio-8080-exec-12] DEBUG c.c.p.s.jwt.JwtAuthenticationFilter - >>> [JwtFilter] Found token in header for path: /api/v1/menu/left
2026-03-16 17:05:51 [http-nio-8080-exec-12] DEBUG o.s.orm.jpa.JpaTransactionManager - Creating new transaction with name [com.company.project.security.iam.CustomUserDetailsService.loadUserByUsername]: PROPAGATION_REQUIRED,ISOLATION_DEFAULT,readOnly
2026-03-16 17:05:51 [http-nio-8080-exec-12] DEBUG o.s.orm.jpa.JpaTransactionManager - Opened new EntityManager [SessionImpl(369600462<open>)] for JPA transaction
2026-03-16 17:05:51 [http-nio-8080-exec-17] DEBUG o.s.orm.jpa.JpaTransactionManager - Closing JPA EntityManager [SessionImpl(1995421768<open>)] after transaction
2026-03-16 17:05:51 [http-nio-8080-exec-9] DEBUG o.s.orm.jpa.JpaTransactionManager - Closing JPA EntityManager [SessionImpl(994717323<open>)] after transaction
2026-03-16 17:05:51 [http-nio-8080-exec-17] DEBUG c.c.p.s.jwt.JwtAuthenticationFilter - >>> [JwtFilter] Successfully authenticated user: USRCNFRM_00000000002, Authorities: [ROLE_USER]
2026-03-16 17:05:51 [http-nio-8080-exec-9] DEBUG c.c.p.s.jwt.JwtAuthenticationFilter - >>> [JwtFilter] Successfully authenticated user: USRCNFRM_00000000002, Authorities: [ROLE_USER]
2026-03-16 17:05:51 [http-nio-8080-exec-17] DEBUG o.s.web.servlet.DispatcherServlet - GET "/api/v1/notifications", parameters={}
2026-03-16 17:05:51 [http-nio-8080-exec-9] DEBUG o.s.web.servlet.DispatcherServlet - GET "/api/v1/notifications/unread-count", parameters={}
2026-03-16 17:05:51 [http-nio-8080-exec-17] TRACE o.s.w.s.m.m.a.RequestMappingHandlerMapping - Mapped to com.company.project.api.controller.notification.NotificationController#getMyNotifications(UserDetails)
2026-03-16 17:05:51 [http-nio-8080-exec-9] TRACE o.s.w.s.m.m.a.RequestMappingHandlerMapping - Mapped to com.company.project.api.controller.notification.NotificationController#getUnreadCount(UserDetails)
2026-03-16 17:05:51 [http-nio-8080-exec-17] DEBUG o.s.orm.jpa.JpaTransactionManager - Creating new transaction with name [com.company.project.service.notification.NotificationService.getActiveNotifications]: PROPAGATION_REQUIRED,ISOLATION_DEFAULT,readOnly
2026-03-16 17:05:51 [http-nio-8080-exec-17] DEBUG o.s.orm.jpa.JpaTransactionManager - Opened new EntityManager [SessionImpl(2132653550<open>)] for JPA transaction
2026-03-16 17:05:51 [http-nio-8080-exec-17] DEBUG o.s.orm.jpa.JpaTransactionManager - Exposing JPA transaction as JDBC [org.springframework.orm.jpa.vendor.HibernateJpaDialect$HibernateConnectionHandle@784b1f4b]
2026-03-16 17:05:51 [http-nio-8080-exec-9] DEBUG o.s.orm.jpa.JpaTransactionManager - Creating new transaction with name [com.company.project.service.notification.NotificationService.getUnreadCount]: PROPAGATION_REQUIRED,ISOLATION_DEFAULT,readOnly
2026-03-16 17:05:51 [http-nio-8080-exec-17] DEBUG o.s.orm.jpa.JpaTransactionManager - Found thread-bound EntityManager [SessionImpl(2132653550<open>)] for JPA transaction
2026-03-16 17:05:51 [http-nio-8080-exec-9] DEBUG o.s.orm.jpa.JpaTransactionManager - Opened new EntityManager [SessionImpl(2032257319<open>)] for JPA transaction
2026-03-16 17:05:51 [http-nio-8080-exec-9] DEBUG o.s.orm.jpa.JpaTransactionManager - Exposing JPA transaction as JDBC [org.springframework.orm.jpa.vendor.HibernateJpaDialect$HibernateConnectionHandle@10f0654a]
2026-03-16 17:05:51 [http-nio-8080-exec-17] DEBUG o.s.orm.jpa.JpaTransactionManager - Participating in existing transaction
2026-03-16 17:05:51 [http-nio-8080-exec-17] DEBUG org.hibernate.SQL - select n1_0.ntcn_no,n1_0.frst_register_id,n1_0.frst_regist_pnttm,n1_0.is_read,n1_0.last_updusr_id,n1_0.last_updt_pnttm,n1_0.link_url,n1_0.ntcn_cn,n1_0.ntcn_sj,n1_0.receiver_id from n_user_notification n1_0
2026-03-16 17:05:51 [http-nio-8080-exec-9] DEBUG org.hibernate.SQL - select count(n1_0.ntcn_no) from n_user_notification n1_0 where n1_0.receiver_id=? and n1_0.is_read=?
2026-03-16 17:05:52 [http-nio-8080-exec-12] DEBUG o.s.orm.jpa.JpaTransactionManager - Exposing JPA transaction as JDBC [org.springframework.orm.jpa.vendor.HibernateJpaDialect$HibernateConnectionHandle@551cee2f]
2026-03-16 17:05:52 [http-nio-8080-exec-12] DEBUG o.s.orm.jpa.JpaTransactionManager - Found thread-bound EntityManager [SessionImpl(369600462<open>)] for JPA transaction
2026-03-16 17:05:52 [http-nio-8080-exec-12] DEBUG o.s.orm.jpa.JpaTransactionManager - Participating in existing transaction
2026-03-16 17:05:52 [http-nio-8080-exec-12] DEBUG org.hibernate.SQL - select u1_0.emplyr_id,u1_0.area_no,u1_0.brthdy,u1_0.chg_pwd_cnt,u1_0.frst_register_id,u1_0.frst_regist_pnttm,u1_0.detail_adres,u1_0.email_adres,u1_0.emplyr_sttus_code,u1_0.empl_no,u1_0.esntl_id,u1_0.fxnum,u1_0.group_id,u1_0.house_adres,u1_0.house_end_telno,u1_0.house_middle_telno,u1_0.ihidnum,u1_0.pstinst_code,u1_0.last_updusr_id,u1_0.last_updt_pnttm,u1_0.lock_at,u1_0.lock_cnt,u1_0.lock_last_pnttm,u1_0.mbtlnum,u1_0.ofcps_nm,u1_0.offm_telno,u1_0.orgnzt_id,u1_0.password,u1_0.password_cnsr,u1_0.password_hint,u1_0.chg_pwd_last_pnttm,u1_0.role,u1_0.sbscrb_de,u1_0.sexdstn_code,u1_0.crtfc_dn_value,u1_0.user_nm,u1_0.zip from nemplyrinfo u1_0 where u1_0.emplyr_id=?
2026-03-16 17:05:52 [http-nio-8080-exec-9] DEBUG o.s.orm.jpa.JpaTransactionManager - Initiating transaction commit
2026-03-16 17:05:52 [http-nio-8080-exec-17] DEBUG o.s.orm.jpa.JpaTransactionManager - Initiating transaction commit
2026-03-16 17:05:52 [http-nio-8080-exec-9] DEBUG o.s.orm.jpa.JpaTransactionManager - Committing JPA transaction on EntityManager [SessionImpl(2032257319<open>)]
2026-03-16 17:05:52 [http-nio-8080-exec-17] DEBUG o.s.orm.jpa.JpaTransactionManager - Committing JPA transaction on EntityManager [SessionImpl(2132653550<open>)]
2026-03-16 17:05:52 [http-nio-8080-exec-12] DEBUG o.s.orm.jpa.JpaTransactionManager - Found thread-bound EntityManager [SessionImpl(369600462<open>)] for JPA transaction
2026-03-16 17:05:52 [http-nio-8080-exec-12] DEBUG o.s.orm.jpa.JpaTransactionManager - Participating in existing transaction
2026-03-16 17:05:52 [http-nio-8080-exec-12] DEBUG org.hibernate.SQL - select ua1_0.scrty_dtrmn_trget_id,ua1_0.author_code,ua1_0.frst_register_id,ua1_0.frst_regist_pnttm,ua1_0.last_updusr_id,ua1_0.last_updt_pnttm,ua1_0.mber_ty_code from nemplyrscrtyestbs ua1_0 where ua1_0.scrty_dtrmn_trget_id=?
2026-03-16 17:05:52 [http-nio-8080-exec-17] DEBUG o.s.orm.jpa.JpaTransactionManager - Closing JPA EntityManager [SessionImpl(2132653550<open>)] after transaction
2026-03-16 17:05:52 [http-nio-8080-exec-9] DEBUG o.s.orm.jpa.JpaTransactionManager - Closing JPA EntityManager [SessionImpl(2032257319<open>)] after transaction
2026-03-16 17:05:52 [http-nio-8080-exec-9] DEBUG o.s.w.s.m.m.a.HttpEntityMethodProcessor - Using 'application/json', given [application/json, text/plain, */*] and supported [application/json, application/*+json, application/yaml]
2026-03-16 17:05:52 [http-nio-8080-exec-17] DEBUG o.s.w.s.m.m.a.HttpEntityMethodProcessor - Using 'application/json', given [application/json, text/plain, */*] and supported [application/json, application/*+json, application/yaml]
2026-03-16 17:05:52 [http-nio-8080-exec-9] TRACE o.s.w.s.m.m.a.HttpEntityMethodProcessor - Writing [ApiResponse[success=true, status=200, code=COMMON_001, message=Success, data=0, timestamp=2026-03-16T17:05:52.279743700]]
2026-03-16 17:05:52 [http-nio-8080-exec-17] TRACE o.s.w.s.m.m.a.HttpEntityMethodProcessor - Writing [ApiResponse[success=true, status=200, code=COMMON_001, message=Success, data=[NotificationDto(ntfcNo=NT001, ntfcSj=테스트 알림입니다, ntfcCn=알림 내용입니다, ntfcDate=null, ntfcTime=2026-02-25T00:59:33.784070, bhNtfcIntrvl=null, uniqId=null, frstRegisterId=null, frstRegisterPnttm=2026-02-25T00:59:33.784070, lastUpdusrId=null, lastUpdusrPnttm=null)], timestamp=2026-03-16T17:05:52.279743700]]
2026-03-16 17:05:52 [http-nio-8080-exec-17] INFO  c.c.p.a.i.OperationalAuditInterceptor - API Audit Log: URL=/api/v1/notifications, User=user_regular, IP=127.0.0.1
2026-03-16 17:05:52 [http-nio-8080-exec-9] INFO  c.c.p.a.i.OperationalAuditInterceptor - API Audit Log: URL=/api/v1/notifications/unread-count, User=user_regular, IP=127.0.0.1
2026-03-16 17:05:52 [http-nio-8080-exec-17] DEBUG o.s.web.servlet.DispatcherServlet - Completed 200 OK
2026-03-16 17:05:52 [http-nio-8080-exec-9] DEBUG o.s.web.servlet.DispatcherServlet - Completed 200 OK
2026-03-16 17:05:52 [http-nio-8080-exec-3] DEBUG c.c.p.s.jwt.JwtAuthenticationFilter - >>> [JwtFilter] Processing request: GET /api/v1/notifications
2026-03-16 17:05:52 [http-nio-8080-exec-3] DEBUG c.c.p.s.jwt.JwtAuthenticationFilter - >>> [JwtFilter] Found token in header for path: /api/v1/notifications
2026-03-16 17:05:52 [http-nio-8080-exec-13] DEBUG c.c.p.s.jwt.JwtAuthenticationFilter - >>> [JwtFilter] Processing request: GET /api/v1/notifications/unread-count
2026-03-16 17:05:52 [http-nio-8080-exec-13] DEBUG c.c.p.s.jwt.JwtAuthenticationFilter - >>> [JwtFilter] Found token in header for path: /api/v1/notifications/unread-count
2026-03-16 17:05:52 [http-nio-8080-exec-3] DEBUG o.s.orm.jpa.JpaTransactionManager - Creating new transaction with name [com.company.project.security.iam.CustomUserDetailsService.loadUserByUsername]: PROPAGATION_REQUIRED,ISOLATION_DEFAULT,readOnly
2026-03-16 17:05:52 [http-nio-8080-exec-13] DEBUG o.s.orm.jpa.JpaTransactionManager - Creating new transaction with name [com.company.project.security.iam.CustomUserDetailsService.loadUserByUsername]: PROPAGATION_REQUIRED,ISOLATION_DEFAULT,readOnly
2026-03-16 17:05:52 [http-nio-8080-exec-13] DEBUG o.s.orm.jpa.JpaTransactionManager - Opened new EntityManager [SessionImpl(535625723<open>)] for JPA transaction
2026-03-16 17:05:52 [http-nio-8080-exec-3] DEBUG o.s.orm.jpa.JpaTransactionManager - Opened new EntityManager [SessionImpl(1566690692<open>)] for JPA transaction
2026-03-16 17:05:52 [http-nio-8080-exec-12] DEBUG o.s.orm.jpa.JpaTransactionManager - Initiating transaction commit
2026-03-16 17:05:52 [http-nio-8080-exec-12] DEBUG o.s.orm.jpa.JpaTransactionManager - Committing JPA transaction on EntityManager [SessionImpl(369600462<open>)]
2026-03-16 17:05:52 [http-nio-8080-exec-13] DEBUG o.s.orm.jpa.JpaTransactionManager - Exposing JPA transaction as JDBC [org.springframework.orm.jpa.vendor.HibernateJpaDialect$HibernateConnectionHandle@2ae7ca76]
2026-03-16 17:05:52 [http-nio-8080-exec-13] DEBUG o.s.orm.jpa.JpaTransactionManager - Found thread-bound EntityManager [SessionImpl(535625723<open>)] for JPA transaction
2026-03-16 17:05:52 [http-nio-8080-exec-13] DEBUG o.s.orm.jpa.JpaTransactionManager - Participating in existing transaction
2026-03-16 17:05:52 [http-nio-8080-exec-13] DEBUG org.hibernate.SQL - select u1_0.emplyr_id,u1_0.area_no,u1_0.brthdy,u1_0.chg_pwd_cnt,u1_0.frst_register_id,u1_0.frst_regist_pnttm,u1_0.detail_adres,u1_0.email_adres,u1_0.emplyr_sttus_code,u1_0.empl_no,u1_0.esntl_id,u1_0.fxnum,u1_0.group_id,u1_0.house_adres,u1_0.house_end_telno,u1_0.house_middle_telno,u1_0.ihidnum,u1_0.pstinst_code,u1_0.last_updusr_id,u1_0.last_updt_pnttm,u1_0.lock_at,u1_0.lock_cnt,u1_0.lock_last_pnttm,u1_0.mbtlnum,u1_0.ofcps_nm,u1_0.offm_telno,u1_0.orgnzt_id,u1_0.password,u1_0.password_cnsr,u1_0.password_hint,u1_0.chg_pwd_last_pnttm,u1_0.role,u1_0.sbscrb_de,u1_0.sexdstn_code,u1_0.crtfc_dn_value,u1_0.user_nm,u1_0.zip from nemplyrinfo u1_0 where u1_0.emplyr_id=?
2026-03-16 17:05:52 [http-nio-8080-exec-3] DEBUG o.s.orm.jpa.JpaTransactionManager - Exposing JPA transaction as JDBC [org.springframework.orm.jpa.vendor.HibernateJpaDialect$HibernateConnectionHandle@752bb13]
2026-03-16 17:05:52 [http-nio-8080-exec-3] DEBUG o.s.orm.jpa.JpaTransactionManager - Found thread-bound EntityManager [SessionImpl(1566690692<open>)] for JPA transaction
2026-03-16 17:05:52 [http-nio-8080-exec-3] DEBUG o.s.orm.jpa.JpaTransactionManager - Participating in existing transaction
2026-03-16 17:05:52 [http-nio-8080-exec-3] DEBUG org.hibernate.SQL - select u1_0.emplyr_id,u1_0.area_no,u1_0.brthdy,u1_0.chg_pwd_cnt,u1_0.frst_register_id,u1_0.frst_regist_pnttm,u1_0.detail_adres,u1_0.email_adres,u1_0.emplyr_sttus_code,u1_0.empl_no,u1_0.esntl_id,u1_0.fxnum,u1_0.group_id,u1_0.house_adres,u1_0.house_end_telno,u1_0.house_middle_telno,u1_0.ihidnum,u1_0.pstinst_code,u1_0.last_updusr_id,u1_0.last_updt_pnttm,u1_0.lock_at,u1_0.lock_cnt,u1_0.lock_last_pnttm,u1_0.mbtlnum,u1_0.ofcps_nm,u1_0.offm_telno,u1_0.orgnzt_id,u1_0.password,u1_0.password_cnsr,u1_0.password_hint,u1_0.chg_pwd_last_pnttm,u1_0.role,u1_0.sbscrb_de,u1_0.sexdstn_code,u1_0.crtfc_dn_value,u1_0.user_nm,u1_0.zip from nemplyrinfo u1_0 where u1_0.emplyr_id=?
2026-03-16 17:05:52 [http-nio-8080-exec-12] DEBUG o.s.orm.jpa.JpaTransactionManager - Closing JPA EntityManager [SessionImpl(369600462<open>)] after transaction
2026-03-16 17:05:52 [http-nio-8080-exec-12] DEBUG c.c.p.s.jwt.JwtAuthenticationFilter - >>> [JwtFilter] Successfully authenticated user: USRCNFRM_00000000002, Authorities: [ROLE_USER]
2026-03-16 17:05:52 [http-nio-8080-exec-12] DEBUG o.s.web.servlet.DispatcherServlet - GET "/api/v1/menu/left?menuNo=20", parameters={masked}
2026-03-16 17:05:52 [http-nio-8080-exec-12] TRACE o.s.w.s.m.m.a.RequestMappingHandlerMapping - Mapped to com.company.project.api.controller.menu.MenuController#getLeftMenu(Long)
2026-03-16 17:05:52 [http-nio-8080-exec-12] INFO  c.c.p.a.c.menu.MenuController - getLeftMenu called with menuNo=20
2026-03-16 17:05:52 [http-nio-8080-exec-12] DEBUG o.s.orm.jpa.JpaTransactionManager - Creating new transaction with name [com.company.project.service.menu.MenuService.getSubMenus]: PROPAGATION_REQUIRED,ISOLATION_DEFAULT,readOnly
2026-03-16 17:05:52 [http-nio-8080-exec-12] DEBUG o.s.orm.jpa.JpaTransactionManager - Opened new EntityManager [SessionImpl(723081152<open>)] for JPA transaction
2026-03-16 17:05:52 [http-nio-8080-exec-12] DEBUG o.s.orm.jpa.JpaTransactionManager - Exposing JPA transaction as JDBC [org.springframework.orm.jpa.vendor.HibernateJpaDialect$HibernateConnectionHandle@1df1be15]
2026-03-16 17:05:52 [http-nio-8080-exec-12] DEBUG org.hibernate.SQL - select m1_0.menu_no,m1_0.menu_dc,m1_0.menu_nm,m1_0.menu_ordr,m1_0.modern_route,m1_0.progrm_file_nm,m1_0.relate_image_nm,m1_0.relate_image_path,m1_0.route_updated_at,m1_0.upper_menu_no from nmenuinfo m1_0 order by m1_0.upper_menu_no,m1_0.menu_ordr
2026-03-16 17:05:52 [http-nio-8080-exec-13] DEBUG o.s.orm.jpa.JpaTransactionManager - Found thread-bound EntityManager [SessionImpl(535625723<open>)] for JPA transaction
2026-03-16 17:05:52 [http-nio-8080-exec-13] DEBUG o.s.orm.jpa.JpaTransactionManager - Participating in existing transaction
2026-03-16 17:05:52 [http-nio-8080-exec-13] DEBUG org.hibernate.SQL - select ua1_0.scrty_dtrmn_trget_id,ua1_0.author_code,ua1_0.frst_register_id,ua1_0.frst_regist_pnttm,ua1_0.last_updusr_id,ua1_0.last_updt_pnttm,ua1_0.mber_ty_code from nemplyrscrtyestbs ua1_0 where ua1_0.scrty_dtrmn_trget_id=?
2026-03-16 17:05:52 [http-nio-8080-exec-3] DEBUG o.s.orm.jpa.JpaTransactionManager - Found thread-bound EntityManager [SessionImpl(1566690692<open>)] for JPA transaction
2026-03-16 17:05:52 [http-nio-8080-exec-3] DEBUG o.s.orm.jpa.JpaTransactionManager - Participating in existing transaction
2026-03-16 17:05:52 [http-nio-8080-exec-3] DEBUG org.hibernate.SQL - select ua1_0.scrty_dtrmn_trget_id,ua1_0.author_code,ua1_0.frst_register_id,ua1_0.frst_regist_pnttm,ua1_0.last_updusr_id,ua1_0.last_updt_pnttm,ua1_0.mber_ty_code from nemplyrscrtyestbs ua1_0 where ua1_0.scrty_dtrmn_trget_id=?
2026-03-16 17:05:52 [http-nio-8080-exec-13] DEBUG o.s.orm.jpa.JpaTransactionManager - Initiating transaction commit
2026-03-16 17:05:52 [http-nio-8080-exec-13] DEBUG o.s.orm.jpa.JpaTransactionManager - Committing JPA transaction on EntityManager [SessionImpl(535625723<open>)]
2026-03-16 17:05:52 [http-nio-8080-exec-3] DEBUG o.s.orm.jpa.JpaTransactionManager - Initiating transaction commit
2026-03-16 17:05:52 [http-nio-8080-exec-3] DEBUG o.s.orm.jpa.JpaTransactionManager - Committing JPA transaction on EntityManager [SessionImpl(1566690692<open>)]
2026-03-16 17:05:52 [http-nio-8080-exec-12] DEBUG o.s.orm.jpa.JpaTransactionManager - Found thread-bound EntityManager [SessionImpl(723081152<open>)] for JPA transaction
2026-03-16 17:05:52 [http-nio-8080-exec-12] DEBUG o.s.orm.jpa.JpaTransactionManager - Participating in existing transaction
2026-03-16 17:05:52 [http-nio-8080-exec-12] DEBUG org.hibernate.SQL - select p1_0.progrm_file_nm,p1_0.progrm_dc,p1_0.progrm_korean_nm,p1_0.progrm_stre_path,p1_0.url from nprogrmlist p1_0
2026-03-16 17:05:52 [http-nio-8080-exec-13] DEBUG o.s.orm.jpa.JpaTransactionManager - Closing JPA EntityManager [SessionImpl(535625723<open>)] after transaction
2026-03-16 17:05:52 [http-nio-8080-exec-13] DEBUG c.c.p.s.jwt.JwtAuthenticationFilter - >>> [JwtFilter] Successfully authenticated user: USRCNFRM_00000000002, Authorities: [ROLE_USER]
2026-03-16 17:05:52 [http-nio-8080-exec-13] DEBUG o.s.web.servlet.DispatcherServlet - GET "/api/v1/notifications/unread-count", parameters={}
2026-03-16 17:05:52 [http-nio-8080-exec-13] TRACE o.s.w.s.m.m.a.RequestMappingHandlerMapping - Mapped to com.company.project.api.controller.notification.NotificationController#getUnreadCount(UserDetails)
2026-03-16 17:05:52 [http-nio-8080-exec-13] DEBUG o.s.orm.jpa.JpaTransactionManager - Creating new transaction with name [com.company.project.service.notification.NotificationService.getUnreadCount]: PROPAGATION_REQUIRED,ISOLATION_DEFAULT,readOnly
2026-03-16 17:05:52 [http-nio-8080-exec-13] DEBUG o.s.orm.jpa.JpaTransactionManager - Opened new EntityManager [SessionImpl(2038691250<open>)] for JPA transaction
2026-03-16 17:05:52 [http-nio-8080-exec-13] DEBUG o.s.orm.jpa.JpaTransactionManager - Exposing JPA transaction as JDBC [org.springframework.orm.jpa.vendor.HibernateJpaDialect$HibernateConnectionHandle@3c470277]
2026-03-16 17:05:52 [http-nio-8080-exec-13] DEBUG org.hibernate.SQL - select count(n1_0.ntcn_no) from n_user_notification n1_0 where n1_0.receiver_id=? and n1_0.is_read=?
2026-03-16 17:05:52 [http-nio-8080-exec-3] DEBUG o.s.orm.jpa.JpaTransactionManager - Closing JPA EntityManager [SessionImpl(1566690692<open>)] after transaction
2026-03-16 17:05:52 [http-nio-8080-exec-3] DEBUG c.c.p.s.jwt.JwtAuthenticationFilter - >>> [JwtFilter] Successfully authenticated user: USRCNFRM_00000000002, Authorities: [ROLE_USER]
2026-03-16 17:05:52 [http-nio-8080-exec-3] DEBUG o.s.web.servlet.DispatcherServlet - GET "/api/v1/notifications", parameters={}
2026-03-16 17:05:52 [http-nio-8080-exec-3] TRACE o.s.w.s.m.m.a.RequestMappingHandlerMapping - Mapped to com.company.project.api.controller.notification.NotificationController#getMyNotifications(UserDetails)
2026-03-16 17:05:52 [http-nio-8080-exec-3] DEBUG o.s.orm.jpa.JpaTransactionManager - Creating new transaction with name [com.company.project.service.notification.NotificationService.getActiveNotifications]: PROPAGATION_REQUIRED,ISOLATION_DEFAULT,readOnly
2026-03-16 17:05:52 [http-nio-8080-exec-3] DEBUG o.s.orm.jpa.JpaTransactionManager - Opened new EntityManager [SessionImpl(2056354287<open>)] for JPA transaction
2026-03-16 17:05:52 [http-nio-8080-exec-3] DEBUG o.s.orm.jpa.JpaTransactionManager - Exposing JPA transaction as JDBC [org.springframework.orm.jpa.vendor.HibernateJpaDialect$HibernateConnectionHandle@5cc14657]
2026-03-16 17:05:52 [http-nio-8080-exec-3] DEBUG o.s.orm.jpa.JpaTransactionManager - Found thread-bound EntityManager [SessionImpl(2056354287<open>)] for JPA transaction
2026-03-16 17:05:52 [http-nio-8080-exec-3] DEBUG o.s.orm.jpa.JpaTransactionManager - Participating in existing transaction
2026-03-16 17:05:52 [http-nio-8080-exec-3] DEBUG org.hibernate.SQL - select n1_0.ntcn_no,n1_0.frst_register_id,n1_0.frst_regist_pnttm,n1_0.is_read,n1_0.last_updusr_id,n1_0.last_updt_pnttm,n1_0.link_url,n1_0.ntcn_cn,n1_0.ntcn_sj,n1_0.receiver_id from n_user_notification n1_0
2026-03-16 17:05:52 [http-nio-8080-exec-12] DEBUG o.s.orm.jpa.JpaTransactionManager - Initiating transaction commit
2026-03-16 17:05:52 [http-nio-8080-exec-12] DEBUG o.s.orm.jpa.JpaTransactionManager - Committing JPA transaction on EntityManager [SessionImpl(723081152<open>)]
2026-03-16 17:05:53 [http-nio-8080-exec-13] DEBUG o.s.orm.jpa.JpaTransactionManager - Initiating transaction commit
2026-03-16 17:05:53 [http-nio-8080-exec-13] DEBUG o.s.orm.jpa.JpaTransactionManager - Committing JPA transaction on EntityManager [SessionImpl(2038691250<open>)]
2026-03-16 17:05:53 [http-nio-8080-exec-3] DEBUG o.s.orm.jpa.JpaTransactionManager - Initiating transaction commit
2026-03-16 17:05:53 [http-nio-8080-exec-3] DEBUG o.s.orm.jpa.JpaTransactionManager - Committing JPA transaction on EntityManager [SessionImpl(2056354287<open>)]
2026-03-16 17:05:53 [http-nio-8080-exec-12] DEBUG o.s.orm.jpa.JpaTransactionManager - Closing JPA EntityManager [SessionImpl(723081152<open>)] after transaction
2026-03-16 17:05:53 [http-nio-8080-exec-12] INFO  c.c.p.a.c.menu.MenuController - getLeftMenu returned 3 items
2026-03-16 17:05:53 [http-nio-8080-exec-12] DEBUG o.s.w.s.m.m.a.HttpEntityMethodProcessor - Using 'application/json', given [application/json, text/plain, */*] and supported [application/json, application/*+json, application/yaml]
2026-03-16 17:05:53 [http-nio-8080-exec-12] TRACE o.s.w.s.m.m.a.HttpEntityMethodProcessor - Writing [ApiResponse[success=true, status=200, code=COMMON_001, message=Success, data={list=[com.company.project.service.menu.dto.MenuDto@1a676566, com.company.project.service.menu.dto.MenuDto@6dfd0a3a, com.company.project.service.menu.dto.MenuDto@7ac1d839]}, timestamp=2026-03-16T17:05:53.129067200]]
2026-03-16 17:05:53 [http-nio-8080-exec-12] INFO  c.c.p.a.i.OperationalAuditInterceptor - API Audit Log: URL=/api/v1/menu/left, User=user_regular, IP=127.0.0.1
2026-03-16 17:05:53 [http-nio-8080-exec-12] DEBUG o.s.web.servlet.DispatcherServlet - Completed 200 OK
2026-03-16 17:05:53 [http-nio-8080-exec-15] DEBUG c.c.p.s.jwt.JwtAuthenticationFilter - >>> [JwtFilter] Processing request: GET /api/v1/menu/left
2026-03-16 17:05:53 [http-nio-8080-exec-15] DEBUG c.c.p.s.jwt.JwtAuthenticationFilter - >>> [JwtFilter] Found token in header for path: /api/v1/menu/left
2026-03-16 17:05:53 [http-nio-8080-exec-15] DEBUG o.s.orm.jpa.JpaTransactionManager - Creating new transaction with name [com.company.project.security.iam.CustomUserDetailsService.loadUserByUsername]: PROPAGATION_REQUIRED,ISOLATION_DEFAULT,readOnly
2026-03-16 17:05:53 [http-nio-8080-exec-15] DEBUG o.s.orm.jpa.JpaTransactionManager - Opened new EntityManager [SessionImpl(321886353<open>)] for JPA transaction
2026-03-16 17:05:53 [http-nio-8080-exec-13] DEBUG o.s.orm.jpa.JpaTransactionManager - Closing JPA EntityManager [SessionImpl(2038691250<open>)] after transaction
2026-03-16 17:05:53 [http-nio-8080-exec-13] DEBUG o.s.w.s.m.m.a.HttpEntityMethodProcessor - Using 'application/json', given [application/json, text/plain, */*] and supported [application/json, application/*+json, application/yaml]
2026-03-16 17:05:53 [http-nio-8080-exec-13] TRACE o.s.w.s.m.m.a.HttpEntityMethodProcessor - Writing [ApiResponse[success=true, status=200, code=COMMON_001, message=Success, data=0, timestamp=2026-03-16T17:05:53.192837800]]
2026-03-16 17:05:53 [http-nio-8080-exec-13] INFO  c.c.p.a.i.OperationalAuditInterceptor - API Audit Log: URL=/api/v1/notifications/unread-count, User=user_regular, IP=127.0.0.1
2026-03-16 17:05:53 [http-nio-8080-exec-13] DEBUG o.s.web.servlet.DispatcherServlet - Completed 200 OK
2026-03-16 17:05:53 [http-nio-8080-exec-3] DEBUG o.s.orm.jpa.JpaTransactionManager - Closing JPA EntityManager [SessionImpl(2056354287<open>)] after transaction
2026-03-16 17:05:53 [http-nio-8080-exec-3] DEBUG o.s.w.s.m.m.a.HttpEntityMethodProcessor - Using 'application/json', given [application/json, text/plain, */*] and supported [application/json, application/*+json, application/yaml]
2026-03-16 17:05:53 [http-nio-8080-exec-3] TRACE o.s.w.s.m.m.a.HttpEntityMethodProcessor - Writing [ApiResponse[success=true, status=200, code=COMMON_001, message=Success, data=[NotificationDto(ntfcNo=NT001, ntfcSj=테스트 알림입니다, ntfcCn=알림 내용입니다, ntfcDate=null, ntfcTime=2026-02-25T00:59:33.784070, bhNtfcIntrvl=null, uniqId=null, frstRegisterId=null, frstRegisterPnttm=2026-02-25T00:59:33.784070, lastUpdusrId=null, lastUpdusrPnttm=null)], timestamp=2026-03-16T17:05:53.243960]]
2026-03-16 17:05:53 [http-nio-8080-exec-3] INFO  c.c.p.a.i.OperationalAuditInterceptor - API Audit Log: URL=/api/v1/notifications, User=user_regular, IP=127.0.0.1
2026-03-16 17:05:53 [http-nio-8080-exec-3] DEBUG o.s.web.servlet.DispatcherServlet - Completed 200 OK
2026-03-16 17:05:53 [http-nio-8080-exec-15] DEBUG o.s.orm.jpa.JpaTransactionManager - Exposing JPA transaction as JDBC [org.springframework.orm.jpa.vendor.HibernateJpaDialect$HibernateConnectionHandle@42f4b6fb]
2026-03-16 17:05:53 [http-nio-8080-exec-15] DEBUG o.s.orm.jpa.JpaTransactionManager - Found thread-bound EntityManager [SessionImpl(321886353<open>)] for JPA transaction
2026-03-16 17:05:53 [http-nio-8080-exec-15] DEBUG o.s.orm.jpa.JpaTransactionManager - Participating in existing transaction
2026-03-16 17:05:53 [http-nio-8080-exec-15] DEBUG org.hibernate.SQL - select u1_0.emplyr_id,u1_0.area_no,u1_0.brthdy,u1_0.chg_pwd_cnt,u1_0.frst_register_id,u1_0.frst_regist_pnttm,u1_0.detail_adres,u1_0.email_adres,u1_0.emplyr_sttus_code,u1_0.empl_no,u1_0.esntl_id,u1_0.fxnum,u1_0.group_id,u1_0.house_adres,u1_0.house_end_telno,u1_0.house_middle_telno,u1_0.ihidnum,u1_0.pstinst_code,u1_0.last_updusr_id,u1_0.last_updt_pnttm,u1_0.lock_at,u1_0.lock_cnt,u1_0.lock_last_pnttm,u1_0.mbtlnum,u1_0.ofcps_nm,u1_0.offm_telno,u1_0.orgnzt_id,u1_0.password,u1_0.password_cnsr,u1_0.password_hint,u1_0.chg_pwd_last_pnttm,u1_0.role,u1_0.sbscrb_de,u1_0.sexdstn_code,u1_0.crtfc_dn_value,u1_0.user_nm,u1_0.zip from nemplyrinfo u1_0 where u1_0.emplyr_id=?
2026-03-16 17:05:53 [http-nio-8080-exec-15] DEBUG o.s.orm.jpa.JpaTransactionManager - Found thread-bound EntityManager [SessionImpl(321886353<open>)] for JPA transaction
2026-03-16 17:05:53 [http-nio-8080-exec-15] DEBUG o.s.orm.jpa.JpaTransactionManager - Participating in existing transaction
2026-03-16 17:05:53 [http-nio-8080-exec-15] DEBUG org.hibernate.SQL - select ua1_0.scrty_dtrmn_trget_id,ua1_0.author_code,ua1_0.frst_register_id,ua1_0.frst_regist_pnttm,ua1_0.last_updusr_id,ua1_0.last_updt_pnttm,ua1_0.mber_ty_code from nemplyrscrtyestbs ua1_0 where ua1_0.scrty_dtrmn_trget_id=?
2026-03-16 17:05:53 [http-nio-8080-exec-15] DEBUG o.s.orm.jpa.JpaTransactionManager - Initiating transaction commit
2026-03-16 17:05:53 [http-nio-8080-exec-15] DEBUG o.s.orm.jpa.JpaTransactionManager - Committing JPA transaction on EntityManager [SessionImpl(321886353<open>)]
2026-03-16 17:05:53 [http-nio-8080-exec-15] DEBUG o.s.orm.jpa.JpaTransactionManager - Closing JPA EntityManager [SessionImpl(321886353<open>)] after transaction
2026-03-16 17:05:53 [http-nio-8080-exec-15] DEBUG c.c.p.s.jwt.JwtAuthenticationFilter - >>> [JwtFilter] Successfully authenticated user: USRCNFRM_00000000002, Authorities: [ROLE_USER]
2026-03-16 17:05:53 [http-nio-8080-exec-15] DEBUG o.s.web.servlet.DispatcherServlet - GET "/api/v1/menu/left?menuNo=40", parameters={masked}
2026-03-16 17:05:53 [http-nio-8080-exec-15] TRACE o.s.w.s.m.m.a.RequestMappingHandlerMapping - Mapped to com.company.project.api.controller.menu.MenuController#getLeftMenu(Long)
2026-03-16 17:05:53 [http-nio-8080-exec-15] INFO  c.c.p.a.c.menu.MenuController - getLeftMenu called with menuNo=40
2026-03-16 17:05:53 [http-nio-8080-exec-15] DEBUG o.s.orm.jpa.JpaTransactionManager - Creating new transaction with name [com.company.project.service.menu.MenuService.getSubMenus]: PROPAGATION_REQUIRED,ISOLATION_DEFAULT,readOnly
2026-03-16 17:05:53 [http-nio-8080-exec-15] DEBUG o.s.orm.jpa.JpaTransactionManager - Opened new EntityManager [SessionImpl(68772769<open>)] for JPA transaction
2026-03-16 17:05:53 [http-nio-8080-exec-15] DEBUG o.s.orm.jpa.JpaTransactionManager - Exposing JPA transaction as JDBC [org.springframework.orm.jpa.vendor.HibernateJpaDialect$HibernateConnectionHandle@60d48f62]
2026-03-16 17:05:53 [http-nio-8080-exec-15] DEBUG org.hibernate.SQL - select m1_0.menu_no,m1_0.menu_dc,m1_0.menu_nm,m1_0.menu_ordr,m1_0.modern_route,m1_0.progrm_file_nm,m1_0.relate_image_nm,m1_0.relate_image_path,m1_0.route_updated_at,m1_0.upper_menu_no from nmenuinfo m1_0 order by m1_0.upper_menu_no,m1_0.menu_ordr
2026-03-16 17:05:54 [http-nio-8080-exec-15] DEBUG o.s.orm.jpa.JpaTransactionManager - Found thread-bound EntityManager [SessionImpl(68772769<open>)] for JPA transaction
2026-03-16 17:05:54 [http-nio-8080-exec-15] DEBUG o.s.orm.jpa.JpaTransactionManager - Participating in existing transaction
2026-03-16 17:05:54 [http-nio-8080-exec-15] DEBUG org.hibernate.SQL - select p1_0.progrm_file_nm,p1_0.progrm_dc,p1_0.progrm_korean_nm,p1_0.progrm_stre_path,p1_0.url from nprogrmlist p1_0
2026-03-16 17:05:54 [http-nio-8080-exec-15] DEBUG o.s.orm.jpa.JpaTransactionManager - Initiating transaction commit
2026-03-16 17:05:54 [http-nio-8080-exec-15] DEBUG o.s.orm.jpa.JpaTransactionManager - Committing JPA transaction on EntityManager [SessionImpl(68772769<open>)]
2026-03-16 17:05:54 [http-nio-8080-exec-15] DEBUG o.s.orm.jpa.JpaTransactionManager - Closing JPA EntityManager [SessionImpl(68772769<open>)] after transaction
2026-03-16 17:05:54 [http-nio-8080-exec-15] INFO  c.c.p.a.c.menu.MenuController - getLeftMenu returned 2 items
2026-03-16 17:05:54 [http-nio-8080-exec-15] DEBUG o.s.w.s.m.m.a.HttpEntityMethodProcessor - Using 'application/json', given [application/json, text/plain, */*] and supported [application/json, application/*+json, application/yaml]
2026-03-16 17:05:54 [http-nio-8080-exec-15] TRACE o.s.w.s.m.m.a.HttpEntityMethodProcessor - Writing [ApiResponse[success=true, status=200, code=COMMON_001, message=Success, data={list=[com.company.project.service.menu.dto.MenuDto@75964b23, com.company.project.service.menu.dto.MenuDto@649bf7f4]}, timestamp=2026-03-16T17:05:54.376564700]]
2026-03-16 17:05:54 [http-nio-8080-exec-15] INFO  c.c.p.a.i.OperationalAuditInterceptor - API Audit Log: URL=/api/v1/menu/left, User=user_regular, IP=127.0.0.1
2026-03-16 17:05:54 [http-nio-8080-exec-15] DEBUG o.s.web.servlet.DispatcherServlet - Completed 200 OK
2026-03-16 17:05:54 [http-nio-8080-exec-2] DEBUG c.c.p.s.jwt.JwtAuthenticationFilter - >>> [JwtFilter] Processing request: GET /api/v1/menu/left
2026-03-16 17:05:54 [http-nio-8080-exec-2] DEBUG c.c.p.s.jwt.JwtAuthenticationFilter - >>> [JwtFilter] Found token in header for path: /api/v1/menu/left
2026-03-16 17:05:54 [http-nio-8080-exec-2] DEBUG o.s.orm.jpa.JpaTransactionManager - Creating new transaction with name [com.company.project.security.iam.CustomUserDetailsService.loadUserByUsername]: PROPAGATION_REQUIRED,ISOLATION_DEFAULT,readOnly
2026-03-16 17:05:54 [http-nio-8080-exec-2] DEBUG o.s.orm.jpa.JpaTransactionManager - Opened new EntityManager [SessionImpl(822985336<open>)] for JPA transaction
2026-03-16 17:05:54 [http-nio-8080-exec-2] DEBUG o.s.orm.jpa.JpaTransactionManager - Exposing JPA transaction as JDBC [org.springframework.orm.jpa.vendor.HibernateJpaDialect$HibernateConnectionHandle@255f6347]
2026-03-16 17:05:54 [http-nio-8080-exec-2] DEBUG o.s.orm.jpa.JpaTransactionManager - Found thread-bound EntityManager [SessionImpl(822985336<open>)] for JPA transaction
2026-03-16 17:05:54 [http-nio-8080-exec-2] DEBUG o.s.orm.jpa.JpaTransactionManager - Participating in existing transaction
2026-03-16 17:05:54 [http-nio-8080-exec-2] DEBUG org.hibernate.SQL - select u1_0.emplyr_id,u1_0.area_no,u1_0.brthdy,u1_0.chg_pwd_cnt,u1_0.frst_register_id,u1_0.frst_regist_pnttm,u1_0.detail_adres,u1_0.email_adres,u1_0.emplyr_sttus_code,u1_0.empl_no,u1_0.esntl_id,u1_0.fxnum,u1_0.group_id,u1_0.house_adres,u1_0.house_end_telno,u1_0.house_middle_telno,u1_0.ihidnum,u1_0.pstinst_code,u1_0.last_updusr_id,u1_0.last_updt_pnttm,u1_0.lock_at,u1_0.lock_cnt,u1_0.lock_last_pnttm,u1_0.mbtlnum,u1_0.ofcps_nm,u1_0.offm_telno,u1_0.orgnzt_id,u1_0.password,u1_0.password_cnsr,u1_0.password_hint,u1_0.chg_pwd_last_pnttm,u1_0.role,u1_0.sbscrb_de,u1_0.sexdstn_code,u1_0.crtfc_dn_value,u1_0.user_nm,u1_0.zip from nemplyrinfo u1_0 where u1_0.emplyr_id=?
2026-03-16 17:05:54 [http-nio-8080-exec-2] DEBUG o.s.orm.jpa.JpaTransactionManager - Found thread-bound EntityManager [SessionImpl(822985336<open>)] for JPA transaction
2026-03-16 17:05:54 [http-nio-8080-exec-2] DEBUG o.s.orm.jpa.JpaTransactionManager - Participating in existing transaction
2026-03-16 17:05:54 [http-nio-8080-exec-2] DEBUG org.hibernate.SQL - select ua1_0.scrty_dtrmn_trget_id,ua1_0.author_code,ua1_0.frst_register_id,ua1_0.frst_regist_pnttm,ua1_0.last_updusr_id,ua1_0.last_updt_pnttm,ua1_0.mber_ty_code from nemplyrscrtyestbs ua1_0 where ua1_0.scrty_dtrmn_trget_id=?
2026-03-16 17:05:54 [http-nio-8080-exec-2] DEBUG o.s.orm.jpa.JpaTransactionManager - Initiating transaction commit
2026-03-16 17:05:54 [http-nio-8080-exec-2] DEBUG o.s.orm.jpa.JpaTransactionManager - Committing JPA transaction on EntityManager [SessionImpl(822985336<open>)]
2026-03-16 17:05:54 [http-nio-8080-exec-2] DEBUG o.s.orm.jpa.JpaTransactionManager - Closing JPA EntityManager [SessionImpl(822985336<open>)] after transaction
2026-03-16 17:05:54 [http-nio-8080-exec-2] DEBUG c.c.p.s.jwt.JwtAuthenticationFilter - >>> [JwtFilter] Successfully authenticated user: USRCNFRM_00000000002, Authorities: [ROLE_USER]
2026-03-16 17:05:54 [http-nio-8080-exec-2] DEBUG o.s.web.servlet.DispatcherServlet - GET "/api/v1/menu/left?menuNo=50", parameters={masked}
2026-03-16 17:05:54 [http-nio-8080-exec-2] TRACE o.s.w.s.m.m.a.RequestMappingHandlerMapping - Mapped to com.company.project.api.controller.menu.MenuController#getLeftMenu(Long)
2026-03-16 17:05:54 [http-nio-8080-exec-2] INFO  c.c.p.a.c.menu.MenuController - getLeftMenu called with menuNo=50
2026-03-16 17:05:54 [http-nio-8080-exec-2] DEBUG o.s.orm.jpa.JpaTransactionManager - Creating new transaction with name [com.company.project.service.menu.MenuService.getSubMenus]: PROPAGATION_REQUIRED,ISOLATION_DEFAULT,readOnly
2026-03-16 17:05:54 [http-nio-8080-exec-2] DEBUG o.s.orm.jpa.JpaTransactionManager - Opened new EntityManager [SessionImpl(774798548<open>)] for JPA transaction
2026-03-16 17:05:54 [http-nio-8080-exec-2] DEBUG o.s.orm.jpa.JpaTransactionManager - Exposing JPA transaction as JDBC [org.springframework.orm.jpa.vendor.HibernateJpaDialect$HibernateConnectionHandle@373005f0]
2026-03-16 17:05:54 [http-nio-8080-exec-2] DEBUG org.hibernate.SQL - select m1_0.menu_no,m1_0.menu_dc,m1_0.menu_nm,m1_0.menu_ordr,m1_0.modern_route,m1_0.progrm_file_nm,m1_0.relate_image_nm,m1_0.relate_image_path,m1_0.route_updated_at,m1_0.upper_menu_no from nmenuinfo m1_0 order by m1_0.upper_menu_no,m1_0.menu_ordr
2026-03-16 17:05:55 [http-nio-8080-exec-2] DEBUG o.s.orm.jpa.JpaTransactionManager - Found thread-bound EntityManager [SessionImpl(774798548<open>)] for JPA transaction
2026-03-16 17:05:55 [http-nio-8080-exec-2] DEBUG o.s.orm.jpa.JpaTransactionManager - Participating in existing transaction
2026-03-16 17:05:55 [http-nio-8080-exec-2] DEBUG org.hibernate.SQL - select p1_0.progrm_file_nm,p1_0.progrm_dc,p1_0.progrm_korean_nm,p1_0.progrm_stre_path,p1_0.url from nprogrmlist p1_0
2026-03-16 17:05:55 [http-nio-8080-exec-2] DEBUG o.s.orm.jpa.JpaTransactionManager - Initiating transaction commit
2026-03-16 17:05:55 [http-nio-8080-exec-2] DEBUG o.s.orm.jpa.JpaTransactionManager - Committing JPA transaction on EntityManager [SessionImpl(774798548<open>)]
2026-03-16 17:05:55 [http-nio-8080-exec-2] DEBUG o.s.orm.jpa.JpaTransactionManager - Closing JPA EntityManager [SessionImpl(774798548<open>)] after transaction
2026-03-16 17:05:55 [http-nio-8080-exec-2] INFO  c.c.p.a.c.menu.MenuController - getLeftMenu returned 3 items
2026-03-16 17:05:55 [http-nio-8080-exec-2] DEBUG o.s.w.s.m.m.a.HttpEntityMethodProcessor - Using 'application/json', given [application/json, text/plain, */*] and supported [application/json, application/*+json, application/yaml]
2026-03-16 17:05:55 [http-nio-8080-exec-2] TRACE o.s.w.s.m.m.a.HttpEntityMethodProcessor - Writing [ApiResponse[success=true, status=200, code=COMMON_001, message=Success, data={list=[com.company.project.service.menu.dto.MenuDto@4d742cd3, com.company.project.service.menu.dto.MenuDto@14d3b44d, com.company.project.service.menu.dto.MenuDto@1d0081ea]}, timestamp=2026-03-16T17:05:55.588748100]]
2026-03-16 17:05:55 [http-nio-8080-exec-2] INFO  c.c.p.a.i.OperationalAuditInterceptor - API Audit Log: URL=/api/v1/menu/left, User=user_regular, IP=127.0.0.1
2026-03-16 17:05:55 [http-nio-8080-exec-2] DEBUG o.s.web.servlet.DispatcherServlet - Completed 200 OK
2026-03-16 17:05:55 [http-nio-8080-exec-10] DEBUG c.c.p.s.jwt.JwtAuthenticationFilter - >>> [JwtFilter] Processing request: GET /api/v1/menu/left
2026-03-16 17:05:55 [http-nio-8080-exec-10] DEBUG c.c.p.s.jwt.JwtAuthenticationFilter - >>> [JwtFilter] Found token in header for path: /api/v1/menu/left
2026-03-16 17:05:55 [http-nio-8080-exec-10] DEBUG o.s.orm.jpa.JpaTransactionManager - Creating new transaction with name [com.company.project.security.iam.CustomUserDetailsService.loadUserByUsername]: PROPAGATION_REQUIRED,ISOLATION_DEFAULT,readOnly
2026-03-16 17:05:55 [http-nio-8080-exec-10] DEBUG o.s.orm.jpa.JpaTransactionManager - Opened new EntityManager [SessionImpl(2574880<open>)] for JPA transaction
2026-03-16 17:05:55 [http-nio-8080-exec-10] DEBUG o.s.orm.jpa.JpaTransactionManager - Exposing JPA transaction as JDBC [org.springframework.orm.jpa.vendor.HibernateJpaDialect$HibernateConnectionHandle@29313b90]
2026-03-16 17:05:55 [http-nio-8080-exec-10] DEBUG o.s.orm.jpa.JpaTransactionManager - Found thread-bound EntityManager [SessionImpl(2574880<open>)] for JPA transaction
2026-03-16 17:05:55 [http-nio-8080-exec-10] DEBUG o.s.orm.jpa.JpaTransactionManager - Participating in existing transaction
2026-03-16 17:05:55 [http-nio-8080-exec-10] DEBUG org.hibernate.SQL - select u1_0.emplyr_id,u1_0.area_no,u1_0.brthdy,u1_0.chg_pwd_cnt,u1_0.frst_register_id,u1_0.frst_regist_pnttm,u1_0.detail_adres,u1_0.email_adres,u1_0.emplyr_sttus_code,u1_0.empl_no,u1_0.esntl_id,u1_0.fxnum,u1_0.group_id,u1_0.house_adres,u1_0.house_end_telno,u1_0.house_middle_telno,u1_0.ihidnum,u1_0.pstinst_code,u1_0.last_updusr_id,u1_0.last_updt_pnttm,u1_0.lock_at,u1_0.lock_cnt,u1_0.lock_last_pnttm,u1_0.mbtlnum,u1_0.ofcps_nm,u1_0.offm_telno,u1_0.orgnzt_id,u1_0.password,u1_0.password_cnsr,u1_0.password_hint,u1_0.chg_pwd_last_pnttm,u1_0.role,u1_0.sbscrb_de,u1_0.sexdstn_code,u1_0.crtfc_dn_value,u1_0.user_nm,u1_0.zip from nemplyrinfo u1_0 where u1_0.emplyr_id=?
2026-03-16 17:05:55 [http-nio-8080-exec-10] DEBUG o.s.orm.jpa.JpaTransactionManager - Found thread-bound EntityManager [SessionImpl(2574880<open>)] for JPA transaction
2026-03-16 17:05:55 [http-nio-8080-exec-10] DEBUG o.s.orm.jpa.JpaTransactionManager - Participating in existing transaction
2026-03-16 17:05:55 [http-nio-8080-exec-10] DEBUG org.hibernate.SQL - select ua1_0.scrty_dtrmn_trget_id,ua1_0.author_code,ua1_0.frst_register_id,ua1_0.frst_regist_pnttm,ua1_0.last_updusr_id,ua1_0.last_updt_pnttm,ua1_0.mber_ty_code from nemplyrscrtyestbs ua1_0 where ua1_0.scrty_dtrmn_trget_id=?
2026-03-16 17:05:56 [http-nio-8080-exec-10] DEBUG o.s.orm.jpa.JpaTransactionManager - Initiating transaction commit
2026-03-16 17:05:56 [http-nio-8080-exec-10] DEBUG o.s.orm.jpa.JpaTransactionManager - Committing JPA transaction on EntityManager [SessionImpl(2574880<open>)]
2026-03-16 17:05:56 [http-nio-8080-exec-10] DEBUG o.s.orm.jpa.JpaTransactionManager - Closing JPA EntityManager [SessionImpl(2574880<open>)] after transaction
2026-03-16 17:05:56 [http-nio-8080-exec-10] DEBUG c.c.p.s.jwt.JwtAuthenticationFilter - >>> [JwtFilter] Successfully authenticated user: USRCNFRM_00000000002, Authorities: [ROLE_USER]
2026-03-16 17:05:56 [http-nio-8080-exec-10] DEBUG o.s.web.servlet.DispatcherServlet - GET "/api/v1/menu/left?menuNo=60", parameters={masked}
2026-03-16 17:05:56 [http-nio-8080-exec-10] TRACE o.s.w.s.m.m.a.RequestMappingHandlerMapping - Mapped to com.company.project.api.controller.menu.MenuController#getLeftMenu(Long)
2026-03-16 17:05:56 [http-nio-8080-exec-10] INFO  c.c.p.a.c.menu.MenuController - getLeftMenu called with menuNo=60
2026-03-16 17:05:56 [http-nio-8080-exec-10] DEBUG o.s.orm.jpa.JpaTransactionManager - Creating new transaction with name [com.company.project.service.menu.MenuService.getSubMenus]: PROPAGATION_REQUIRED,ISOLATION_DEFAULT,readOnly
2026-03-16 17:05:56 [http-nio-8080-exec-10] DEBUG o.s.orm.jpa.JpaTransactionManager - Opened new EntityManager [SessionImpl(1140671760<open>)] for JPA transaction
2026-03-16 17:05:56 [http-nio-8080-exec-10] DEBUG o.s.orm.jpa.JpaTransactionManager - Exposing JPA transaction as JDBC [org.springframework.orm.jpa.vendor.HibernateJpaDialect$HibernateConnectionHandle@3f308e3]
2026-03-16 17:05:56 [http-nio-8080-exec-10] DEBUG org.hibernate.SQL - select m1_0.menu_no,m1_0.menu_dc,m1_0.menu_nm,m1_0.menu_ordr,m1_0.modern_route,m1_0.progrm_file_nm,m1_0.relate_image_nm,m1_0.relate_image_path,m1_0.route_updated_at,m1_0.upper_menu_no from nmenuinfo m1_0 order by m1_0.upper_menu_no,m1_0.menu_ordr
2026-03-16 17:05:56 [http-nio-8080-exec-10] DEBUG o.s.orm.jpa.JpaTransactionManager - Found thread-bound EntityManager [SessionImpl(1140671760<open>)] for JPA transaction
2026-03-16 17:05:56 [http-nio-8080-exec-10] DEBUG o.s.orm.jpa.JpaTransactionManager - Participating in existing transaction
2026-03-16 17:05:56 [http-nio-8080-exec-10] DEBUG org.hibernate.SQL - select p1_0.progrm_file_nm,p1_0.progrm_dc,p1_0.progrm_korean_nm,p1_0.progrm_stre_path,p1_0.url from nprogrmlist p1_0
2026-03-16 17:05:56 [http-nio-8080-exec-10] DEBUG o.s.orm.jpa.JpaTransactionManager - Initiating transaction commit
2026-03-16 17:05:56 [http-nio-8080-exec-10] DEBUG o.s.orm.jpa.JpaTransactionManager - Committing JPA transaction on EntityManager [SessionImpl(1140671760<open>)]
2026-03-16 17:05:56 [http-nio-8080-exec-10] DEBUG o.s.orm.jpa.JpaTransactionManager - Closing JPA EntityManager [SessionImpl(1140671760<open>)] after transaction
2026-03-16 17:05:56 [http-nio-8080-exec-10] INFO  c.c.p.a.c.menu.MenuController - getLeftMenu returned 1 items
2026-03-16 17:05:56 [http-nio-8080-exec-10] DEBUG o.s.w.s.m.m.a.HttpEntityMethodProcessor - Using 'application/json', given [application/json, text/plain, */*] and supported [application/json, application/*+json, application/yaml]
2026-03-16 17:05:56 [http-nio-8080-exec-10] TRACE o.s.w.s.m.m.a.HttpEntityMethodProcessor - Writing [ApiResponse[success=true, status=200, code=COMMON_001, message=Success, data={list=[com.company.project.service.menu.dto.MenuDto@60d0fa5c]}, timestamp=2026-03-16T17:05:56.812509600]]
2026-03-16 17:05:56 [http-nio-8080-exec-10] INFO  c.c.p.a.i.OperationalAuditInterceptor - API Audit Log: URL=/api/v1/menu/left, User=user_regular, IP=127.0.0.1
2026-03-16 17:05:56 [http-nio-8080-exec-10] DEBUG o.s.web.servlet.DispatcherServlet - Completed 200 OK
2026-03-16 17:06:20 [http-nio-8080-exec-8] DEBUG o.s.w.s.h.LoggingWebSocketHandlerDecorator - WebSocketServerSockJsSession[id=0wzdlzx4] closed with CloseStatus[code=1001, reason=null]
2026-03-16 17:06:20 [http-nio-8080-exec-8] DEBUG o.s.w.s.m.SubProtocolWebSocketHandler - Clearing session 0wzdlzx4
2026-03-16 17:06:20 [scheduling-1] DEBUG org.springframework.web.SimpLogging - Processing DISCONNECT session=0wzdlzx4
2026-03-16 17:06:20 [scheduling-1] DEBUG o.s.w.s.m.SubProtocolWebSocketHandler - No session for GenericMessage [payload=byte[0], headers={simpMessageType=DISCONNECT_ACK, simpDisconnectMessage=GenericMessage [payload=byte[0], headers={simpMessageType=DISCONNECT, stompCommand=DISCONNECT, simpSessionAttributes={org.springframework.messaging.simp.SimpAttributes.COMPLETED=true}, simpSessionId=0wzdlzx4}], simpSessionId=0wzdlzx4}]
2026-03-16 17:06:26 [MessageBroker-11] DEBUG o.s.w.s.s.t.h.DefaultSockJsService - Closed 1 sessions: [0wzdlzx4]
2026-03-16 17:06:56 [http-nio-8080-exec-9] DEBUG c.c.p.s.jwt.JwtAuthenticationFilter - >>> [JwtFilter] Processing request: GET /api/v1/menu/head
2026-03-16 17:06:56 [http-nio-8080-exec-9] DEBUG c.c.p.s.jwt.JwtAuthenticationFilter - >>> [JwtFilter] No token found in request header for path: /api/v1/menu/head
2026-03-16 17:06:56 [http-nio-8080-exec-9] DEBUG o.s.web.servlet.DispatcherServlet - GET "/api/v1/menu/head", parameters={}
2026-03-16 17:06:56 [http-nio-8080-exec-9] TRACE o.s.w.s.m.m.a.RequestMappingHandlerMapping - Mapped to com.company.project.api.controller.menu.MenuController#getHeadMenu()
2026-03-16 17:06:56 [http-nio-8080-exec-9] INFO  c.c.p.a.c.menu.MenuController - getHeadMenu called
2026-03-16 17:06:56 [http-nio-8080-exec-9] DEBUG o.s.orm.jpa.JpaTransactionManager - Creating new transaction with name [com.company.project.service.menu.MenuService.getMenuHierarchy]: PROPAGATION_REQUIRED,ISOLATION_DEFAULT,readOnly
2026-03-16 17:06:56 [http-nio-8080-exec-9] DEBUG o.s.orm.jpa.JpaTransactionManager - Opened new EntityManager [SessionImpl(1768170532<open>)] for JPA transaction
2026-03-16 17:06:56 [http-nio-8080-exec-9] DEBUG o.s.orm.jpa.JpaTransactionManager - Exposing JPA transaction as JDBC [org.springframework.orm.jpa.vendor.HibernateJpaDialect$HibernateConnectionHandle@467b5b0b]
2026-03-16 17:06:56 [http-nio-8080-exec-9] DEBUG c.c.project.service.menu.MenuService - getMenuHierarchy started (Cache Miss)
2026-03-16 17:06:56 [http-nio-8080-exec-9] DEBUG org.hibernate.SQL - select m1_0.menu_no,m1_0.menu_dc,m1_0.menu_nm,m1_0.menu_ordr,m1_0.modern_route,m1_0.progrm_file_nm,m1_0.relate_image_nm,m1_0.relate_image_path,m1_0.route_updated_at,m1_0.upper_menu_no from nmenuinfo m1_0 order by m1_0.upper_menu_no,m1_0.menu_ordr
2026-03-16 17:06:57 [http-nio-8080-exec-9] DEBUG o.s.orm.jpa.JpaTransactionManager - Found thread-bound EntityManager [SessionImpl(1768170532<open>)] for JPA transaction
2026-03-16 17:06:57 [http-nio-8080-exec-9] DEBUG o.s.orm.jpa.JpaTransactionManager - Participating in existing transaction
2026-03-16 17:06:57 [http-nio-8080-exec-9] DEBUG org.hibernate.SQL - select ma1_0.author_code,ma1_0.menu_no,ma1_0.frst_register_id,ma1_0.frst_regist_pnttm,ma1_0.last_updusr_id,ma1_0.last_updt_pnttm,ma1_0.mapng_creat_id from nmenucreatdtls ma1_0
2026-03-16 17:06:57 [http-nio-8080-exec-9] DEBUG o.s.orm.jpa.JpaTransactionManager - Found thread-bound EntityManager [SessionImpl(1768170532<open>)] for JPA transaction
2026-03-16 17:06:57 [http-nio-8080-exec-9] DEBUG o.s.orm.jpa.JpaTransactionManager - Participating in existing transaction
2026-03-16 17:06:57 [http-nio-8080-exec-9] DEBUG org.hibernate.SQL - select p1_0.progrm_file_nm,p1_0.progrm_dc,p1_0.progrm_korean_nm,p1_0.progrm_stre_path,p1_0.url from nprogrmlist p1_0
2026-03-16 17:06:57 [http-nio-8080-exec-9] DEBUG o.s.orm.jpa.JpaTransactionManager - Initiating transaction commit
2026-03-16 17:06:57 [http-nio-8080-exec-9] DEBUG o.s.orm.jpa.JpaTransactionManager - Committing JPA transaction on EntityManager [SessionImpl(1768170532<open>)]
2026-03-16 17:06:57 [http-nio-8080-exec-9] DEBUG o.s.orm.jpa.JpaTransactionManager - Closing JPA EntityManager [SessionImpl(1768170532<open>)] after transaction
2026-03-16 17:06:57 [http-nio-8080-exec-9] INFO  c.c.p.a.c.menu.MenuController - getHeadMenu returned 0 items
2026-03-16 17:06:57 [http-nio-8080-exec-9] DEBUG o.s.w.s.m.m.a.HttpEntityMethodProcessor - Using 'application/json', given [application/json, text/plain, */*] and supported [application/json, application/*+json, application/yaml]
2026-03-16 17:06:57 [http-nio-8080-exec-9] TRACE o.s.w.s.m.m.a.HttpEntityMethodProcessor - Writing [ApiResponse[success=true, status=200, code=COMMON_001, message=Success, data={list=[]}, timestamp=2026-03-16T17:06:57.802386600]]
2026-03-16 17:06:57 [http-nio-8080-exec-9] INFO  c.c.p.a.i.OperationalAuditInterceptor - API Audit Log: URL=/api/v1/menu/head, User=ANONYMOUS, IP=127.0.0.1
2026-03-16 17:06:57 [http-nio-8080-exec-9] DEBUG o.s.web.servlet.DispatcherServlet - Completed 200 OK
2026-03-16 17:06:57 [http-nio-8080-exec-12] DEBUG c.c.p.s.jwt.JwtAuthenticationFilter - >>> [JwtFilter] Processing request: GET /api/v1/menu/head
2026-03-16 17:06:57 [http-nio-8080-exec-12] DEBUG c.c.p.s.jwt.JwtAuthenticationFilter - >>> [JwtFilter] No token found in request header for path: /api/v1/menu/head
2026-03-16 17:06:57 [http-nio-8080-exec-12] DEBUG o.s.web.servlet.DispatcherServlet - GET "/api/v1/menu/head", parameters={}
2026-03-16 17:06:57 [http-nio-8080-exec-12] TRACE o.s.w.s.m.m.a.RequestMappingHandlerMapping - Mapped to com.company.project.api.controller.menu.MenuController#getHeadMenu()
2026-03-16 17:06:57 [http-nio-8080-exec-12] INFO  c.c.p.a.c.menu.MenuController - getHeadMenu called
2026-03-16 17:06:57 [http-nio-8080-exec-12] INFO  c.c.p.a.c.menu.MenuController - getHeadMenu returned 0 items
2026-03-16 17:06:57 [http-nio-8080-exec-12] DEBUG o.s.w.s.m.m.a.HttpEntityMethodProcessor - Using 'application/json', given [application/json, text/plain, */*] and supported [application/json, application/*+json, application/yaml]
2026-03-16 17:06:57 [http-nio-8080-exec-12] TRACE o.s.w.s.m.m.a.HttpEntityMethodProcessor - Writing [ApiResponse[success=true, status=200, code=COMMON_001, message=Success, data={list=[]}, timestamp=2026-03-16T17:06:57.963528600]]
2026-03-16 17:06:57 [http-nio-8080-exec-12] INFO  c.c.p.a.i.OperationalAuditInterceptor - API Audit Log: URL=/api/v1/menu/head, User=ANONYMOUS, IP=127.0.0.1
2026-03-16 17:06:57 [http-nio-8080-exec-12] DEBUG o.s.web.servlet.DispatcherServlet - Completed 200 OK
2026-03-16 17:07:40 [http-nio-8080-exec-13] DEBUG c.c.p.s.jwt.JwtAuthenticationFilter - >>> [JwtFilter] Processing request: POST /api/v1/auth/login
2026-03-16 17:07:40 [http-nio-8080-exec-13] DEBUG c.c.p.s.jwt.JwtAuthenticationFilter - >>> [JwtFilter] No token found in request header for path: /api/v1/auth/login
2026-03-16 17:07:40 [http-nio-8080-exec-13] DEBUG o.s.web.servlet.DispatcherServlet - POST "/api/v1/auth/login", parameters={}
2026-03-16 17:07:40 [http-nio-8080-exec-13] TRACE o.s.w.s.m.m.a.RequestMappingHandlerMapping - Mapped to com.company.project.api.auth.AuthController#login(Map, HttpServletResponse)
2026-03-16 17:07:40 [http-nio-8080-exec-13] TRACE o.s.w.s.m.m.a.RequestResponseBodyMethodProcessor - Read "application/json;charset=UTF-8" to [{id=webmaster, password=1}]
2026-03-16 17:07:40 [http-nio-8080-exec-13] INFO  c.c.project.api.auth.AuthController - >>> [Login] Attempting login for userId: webmaster
2026-03-16 17:07:40 [http-nio-8080-exec-13] DEBUG o.s.orm.jpa.JpaTransactionManager - Creating new transaction with name [com.company.project.security.iam.EgovAuthenticationProvider.authenticate]: PROPAGATION_REQUIRED,ISOLATION_DEFAULT
2026-03-16 17:07:40 [http-nio-8080-exec-13] DEBUG o.s.orm.jpa.JpaTransactionManager - Opened new EntityManager [SessionImpl(829325414<open>)] for JPA transaction
2026-03-16 17:07:40 [http-nio-8080-exec-13] DEBUG o.s.orm.jpa.JpaTransactionManager - Exposing JPA transaction as JDBC [org.springframework.orm.jpa.vendor.HibernateJpaDialect$HibernateConnectionHandle@30249581]
2026-03-16 17:07:40 [http-nio-8080-exec-13] INFO  c.c.p.s.i.EgovAuthenticationProvider - >>> [EgovAuthenticationProvider] Attempting authentication for userId: webmaster
2026-03-16 17:07:40 [http-nio-8080-exec-13] INFO  c.c.p.s.i.EgovAuthenticationProvider - >>> [EgovAuthenticationProvider] DB check started for userId: webmaster
2026-03-16 17:07:40 [http-nio-8080-exec-13] DEBUG o.s.orm.jpa.JpaTransactionManager - Found thread-bound EntityManager [SessionImpl(829325414<open>)] for JPA transaction
2026-03-16 17:07:40 [http-nio-8080-exec-13] DEBUG o.s.orm.jpa.JpaTransactionManager - Participating in existing transaction
2026-03-16 17:07:40 [http-nio-8080-exec-13] DEBUG org.hibernate.SQL - select u1_0.emplyr_id,u1_0.area_no,u1_0.brthdy,u1_0.chg_pwd_cnt,u1_0.frst_register_id,u1_0.frst_regist_pnttm,u1_0.detail_adres,u1_0.email_adres,u1_0.emplyr_sttus_code,u1_0.empl_no,u1_0.esntl_id,u1_0.fxnum,u1_0.group_id,u1_0.house_adres,u1_0.house_end_telno,u1_0.house_middle_telno,u1_0.ihidnum,u1_0.pstinst_code,u1_0.last_updusr_id,u1_0.last_updt_pnttm,u1_0.lock_at,u1_0.lock_cnt,u1_0.lock_last_pnttm,u1_0.mbtlnum,u1_0.ofcps_nm,u1_0.offm_telno,u1_0.orgnzt_id,u1_0.password,u1_0.password_cnsr,u1_0.password_hint,u1_0.chg_pwd_last_pnttm,u1_0.role,u1_0.sbscrb_de,u1_0.sexdstn_code,u1_0.crtfc_dn_value,u1_0.user_nm,u1_0.zip from nemplyrinfo u1_0 where u1_0.emplyr_id=?
2026-03-16 17:07:40 [http-nio-8080-exec-13] INFO  c.c.p.s.i.EgovAuthenticationProvider - >>> [EgovAuthenticationProvider] User found by findById: webmaster
2026-03-16 17:07:40 [http-nio-8080-exec-13] INFO  c.c.p.s.i.EgovAuthenticationProvider - >>> [EgovAuthenticationProvider] User found: webmaster, DB password hash: {bcrypt}$2a$10$NRnqN.nwZxWe01BiSsk4Su.qlAj87Ys//VJVJf2WKEs3JzaQyJsGO
2026-03-16 17:07:40 [http-nio-8080-exec-13] INFO  c.c.p.s.i.EgovAuthenticationProvider - >>> [EgovAuthenticationProvider] Trying standard PasswordEncoder.
2026-03-16 17:07:40 [http-nio-8080-exec-13] DEBUG o.s.orm.jpa.JpaTransactionManager - Found thread-bound EntityManager [SessionImpl(829325414<open>)] for JPA transaction
2026-03-16 17:07:40 [http-nio-8080-exec-13] DEBUG o.s.orm.jpa.JpaTransactionManager - Participating in existing transaction
2026-03-16 17:07:40 [http-nio-8080-exec-13] INFO  c.c.p.s.i.EgovAuthenticationProvider - >>> Authenticating user: webmaster, esntlId: USRCNFRM_99999999999, Inherent Role: ADMIN
2026-03-16 17:07:40 [http-nio-8080-exec-13] DEBUG o.s.orm.jpa.JpaTransactionManager - Found thread-bound EntityManager [SessionImpl(829325414<open>)] for JPA transaction
2026-03-16 17:07:40 [http-nio-8080-exec-13] DEBUG o.s.orm.jpa.JpaTransactionManager - Participating in existing transaction
2026-03-16 17:07:40 [http-nio-8080-exec-13] DEBUG org.hibernate.SQL - select ua1_0.scrty_dtrmn_trget_id,ua1_0.author_code,ua1_0.frst_register_id,ua1_0.frst_regist_pnttm,ua1_0.last_updusr_id,ua1_0.last_updt_pnttm,ua1_0.mber_ty_code from nemplyrscrtyestbs ua1_0 where ua1_0.scrty_dtrmn_trget_id=?
2026-03-16 17:07:40 [http-nio-8080-exec-13] INFO  c.c.p.s.i.EgovAuthenticationProvider - >>> Role from DB table (NEMPLYRSCRTYESTBS): ROLE_ADMIN
2026-03-16 17:07:40 [http-nio-8080-exec-13] INFO  c.c.p.s.i.EgovAuthenticationProvider - >>> [SPECIAL] Forcing ROLE_ADMIN for user: webmaster
2026-03-16 17:07:40 [http-nio-8080-exec-13] INFO  c.c.p.s.i.EgovAuthenticationProvider - >>> Final resolved authorCode for user webmaster: ROLE_ADMIN
2026-03-16 17:07:40 [http-nio-8080-exec-13] DEBUG o.s.orm.jpa.JpaTransactionManager - Initiating transaction commit
2026-03-16 17:07:40 [http-nio-8080-exec-13] DEBUG o.s.orm.jpa.JpaTransactionManager - Committing JPA transaction on EntityManager [SessionImpl(829325414<open>)]
2026-03-16 17:07:40 [http-nio-8080-exec-13] DEBUG o.s.orm.jpa.JpaTransactionManager - Closing JPA EntityManager [SessionImpl(829325414<open>)] after transaction
2026-03-16 17:07:40 [http-nio-8080-exec-13] DEBUG o.s.w.s.m.m.a.RequestResponseBodyMethodProcessor - Using 'application/json', given [application/json, text/plain, */*] and supported [application/json, application/*+json, application/yaml]
2026-03-16 17:07:40 [http-nio-8080-exec-13] TRACE o.s.w.s.m.m.a.RequestResponseBodyMethodProcessor - Writing [ApiResponse[success=true, status=200, code=COMMON_001, message=Success, data={role=ROLE_ADMIN, accessToken=eyJhbGciOiJIUzUxMiJ9.eyJzdWIiOiJ3ZWJtYXN0ZXIiLCJyb2xlIjoiUk9MRV9BRE1JTiIsImlhdCI6MTc3MzY0ODQ2MCwiZXhwIjoxNzczNjUyMDYwfQ.P8MGoVJQqtitPUKqkGaLuX9HQwF3C6EbTUI7V2PgeP48xLtf1bN5iA7-1CGesDoeo7cmbNViRHlIPOHnvGMnLQ}, timestamp=2026-03-16T17:07:40.851304500]]
2026-03-16 17:07:40 [http-nio-8080-exec-13] INFO  c.c.p.a.i.OperationalAuditInterceptor - API Audit Log: URL=/api/v1/auth/login, User=ANONYMOUS, IP=127.0.0.1
2026-03-16 17:07:40 [http-nio-8080-exec-13] DEBUG o.s.web.servlet.DispatcherServlet - Completed 200 OK
2026-03-16 17:07:40 [http-nio-8080-exec-3] DEBUG c.c.p.s.jwt.JwtAuthenticationFilter - >>> [JwtFilter] Processing request: GET /api/v1/auth/me
2026-03-16 17:07:40 [http-nio-8080-exec-3] DEBUG c.c.p.s.jwt.JwtAuthenticationFilter - >>> [JwtFilter] Found token in header for path: /api/v1/auth/me
2026-03-16 17:07:40 [http-nio-8080-exec-3] DEBUG o.s.orm.jpa.JpaTransactionManager - Creating new transaction with name [com.company.project.security.iam.CustomUserDetailsService.loadUserByUsername]: PROPAGATION_REQUIRED,ISOLATION_DEFAULT,readOnly
2026-03-16 17:07:40 [http-nio-8080-exec-3] DEBUG o.s.orm.jpa.JpaTransactionManager - Opened new EntityManager [SessionImpl(2121988101<open>)] for JPA transaction
2026-03-16 17:07:41 [http-nio-8080-exec-3] DEBUG o.s.orm.jpa.JpaTransactionManager - Exposing JPA transaction as JDBC [org.springframework.orm.jpa.vendor.HibernateJpaDialect$HibernateConnectionHandle@32712523]
2026-03-16 17:07:41 [http-nio-8080-exec-3] DEBUG o.s.orm.jpa.JpaTransactionManager - Found thread-bound EntityManager [SessionImpl(2121988101<open>)] for JPA transaction
2026-03-16 17:07:41 [http-nio-8080-exec-3] DEBUG o.s.orm.jpa.JpaTransactionManager - Participating in existing transaction
2026-03-16 17:07:41 [http-nio-8080-exec-3] DEBUG org.hibernate.SQL - select u1_0.emplyr_id,u1_0.area_no,u1_0.brthdy,u1_0.chg_pwd_cnt,u1_0.frst_register_id,u1_0.frst_regist_pnttm,u1_0.detail_adres,u1_0.email_adres,u1_0.emplyr_sttus_code,u1_0.empl_no,u1_0.esntl_id,u1_0.fxnum,u1_0.group_id,u1_0.house_adres,u1_0.house_end_telno,u1_0.house_middle_telno,u1_0.ihidnum,u1_0.pstinst_code,u1_0.last_updusr_id,u1_0.last_updt_pnttm,u1_0.lock_at,u1_0.lock_cnt,u1_0.lock_last_pnttm,u1_0.mbtlnum,u1_0.ofcps_nm,u1_0.offm_telno,u1_0.orgnzt_id,u1_0.password,u1_0.password_cnsr,u1_0.password_hint,u1_0.chg_pwd_last_pnttm,u1_0.role,u1_0.sbscrb_de,u1_0.sexdstn_code,u1_0.crtfc_dn_value,u1_0.user_nm,u1_0.zip from nemplyrinfo u1_0 where u1_0.emplyr_id=?
2026-03-16 17:07:41 [http-nio-8080-exec-3] DEBUG o.s.orm.jpa.JpaTransactionManager - Found thread-bound EntityManager [SessionImpl(2121988101<open>)] for JPA transaction
2026-03-16 17:07:41 [http-nio-8080-exec-3] DEBUG o.s.orm.jpa.JpaTransactionManager - Participating in existing transaction
2026-03-16 17:07:41 [http-nio-8080-exec-3] DEBUG org.hibernate.SQL - select ua1_0.scrty_dtrmn_trget_id,ua1_0.author_code,ua1_0.frst_register_id,ua1_0.frst_regist_pnttm,ua1_0.last_updusr_id,ua1_0.last_updt_pnttm,ua1_0.mber_ty_code from nemplyrscrtyestbs ua1_0 where ua1_0.scrty_dtrmn_trget_id=?
2026-03-16 17:07:41 [http-nio-8080-exec-3] DEBUG o.s.orm.jpa.JpaTransactionManager - Initiating transaction commit
2026-03-16 17:07:41 [http-nio-8080-exec-3] DEBUG o.s.orm.jpa.JpaTransactionManager - Committing JPA transaction on EntityManager [SessionImpl(2121988101<open>)]
2026-03-16 17:07:41 [http-nio-8080-exec-3] DEBUG o.s.orm.jpa.JpaTransactionManager - Closing JPA EntityManager [SessionImpl(2121988101<open>)] after transaction
2026-03-16 17:07:41 [http-nio-8080-exec-3] DEBUG c.c.p.s.jwt.JwtAuthenticationFilter - >>> [JwtFilter] Successfully authenticated user: USRCNFRM_99999999999, Authorities: [ROLE_ADMIN]
2026-03-16 17:07:41 [http-nio-8080-exec-3] DEBUG o.s.web.servlet.DispatcherServlet - GET "/api/v1/auth/me", parameters={}
2026-03-16 17:07:41 [http-nio-8080-exec-3] TRACE o.s.w.s.m.m.a.RequestMappingHandlerMapping - Mapped to com.company.project.api.auth.AuthController#getCurrentUser()
2026-03-16 17:07:41 [http-nio-8080-exec-3] DEBUG o.s.w.s.m.m.a.RequestResponseBodyMethodProcessor - Using 'application/json', given [application/json, text/plain, */*] and supported [application/json, application/*+json, application/yaml]
2026-03-16 17:07:41 [http-nio-8080-exec-3] TRACE o.s.w.s.m.m.a.RequestResponseBodyMethodProcessor - Writing [ApiResponse[success=true, status=200, code=COMMON_001, message=Success, data={role=ROLE_ADMIN, userSe=EMP, name=관리자, id=webmaster}, timestamp=2026-03-16T17:07:41.608753500]]
2026-03-16 17:07:41 [http-nio-8080-exec-3] INFO  c.c.p.a.i.OperationalAuditInterceptor - API Audit Log: URL=/api/v1/auth/me, User=webmaster, IP=127.0.0.1
2026-03-16 17:07:41 [http-nio-8080-exec-3] DEBUG o.s.web.servlet.DispatcherServlet - Completed 200 OK
2026-03-16 17:07:41 [http-nio-8080-exec-19] DEBUG c.c.p.s.jwt.JwtAuthenticationFilter - >>> [JwtFilter] Processing request: GET /api/v1/notifications
2026-03-16 17:07:41 [http-nio-8080-exec-19] DEBUG c.c.p.s.jwt.JwtAuthenticationFilter - >>> [JwtFilter] Found token in header for path: /api/v1/notifications
2026-03-16 17:07:41 [http-nio-8080-exec-19] DEBUG o.s.orm.jpa.JpaTransactionManager - Creating new transaction with name [com.company.project.security.iam.CustomUserDetailsService.loadUserByUsername]: PROPAGATION_REQUIRED,ISOLATION_DEFAULT,readOnly
2026-03-16 17:07:41 [http-nio-8080-exec-19] DEBUG o.s.orm.jpa.JpaTransactionManager - Opened new EntityManager [SessionImpl(832293806<open>)] for JPA transaction
2026-03-16 17:07:41 [http-nio-8080-exec-15] DEBUG o.s.web.servlet.DispatcherServlet - GET "/ws/info?t=1773648461711", parameters={masked}
2026-03-16 17:07:41 [http-nio-8080-exec-15] DEBUG o.s.w.s.s.s.WebSocketHandlerMapping - Mapped to org.springframework.web.socket.sockjs.support.SockJsHttpRequestHandler@3d80b7ba
2026-03-16 17:07:41 [http-nio-8080-exec-15] DEBUG o.s.w.s.s.t.h.DefaultSockJsService - Processing transport request: GET http://localhost:8080/ws/info?t=1773648461711
2026-03-16 17:07:41 [http-nio-8080-exec-15] DEBUG o.s.web.servlet.DispatcherServlet - Completed 200 OK
2026-03-16 17:07:41 [http-nio-8080-exec-2] DEBUG c.c.p.s.jwt.JwtAuthenticationFilter - >>> [JwtFilter] Processing request: GET /api/v1/notifications/unread-count
2026-03-16 17:07:41 [http-nio-8080-exec-2] DEBUG c.c.p.s.jwt.JwtAuthenticationFilter - >>> [JwtFilter] Found token in header for path: /api/v1/notifications/unread-count
2026-03-16 17:07:41 [http-nio-8080-exec-2] DEBUG o.s.orm.jpa.JpaTransactionManager - Creating new transaction with name [com.company.project.security.iam.CustomUserDetailsService.loadUserByUsername]: PROPAGATION_REQUIRED,ISOLATION_DEFAULT,readOnly
2026-03-16 17:07:41 [http-nio-8080-exec-2] DEBUG o.s.orm.jpa.JpaTransactionManager - Opened new EntityManager [SessionImpl(1167413754<open>)] for JPA transaction
2026-03-16 17:07:41 [http-nio-8080-exec-10] DEBUG o.s.web.servlet.DispatcherServlet - GET "/ws/010/njqk1zlf/websocket", parameters={}
2026-03-16 17:07:41 [http-nio-8080-exec-10] DEBUG o.s.w.s.s.s.WebSocketHandlerMapping - Mapped to org.springframework.web.socket.sockjs.support.SockJsHttpRequestHandler@3d80b7ba
2026-03-16 17:07:41 [http-nio-8080-exec-10] DEBUG o.s.w.s.s.t.h.DefaultSockJsService - Processing transport request: GET http://localhost:8080/ws/010/njqk1zlf/websocket
2026-03-16 17:07:41 [http-nio-8080-exec-10] DEBUG o.s.web.servlet.DispatcherServlet - Completed 101 SWITCHING_PROTOCOLS
2026-03-16 17:07:41 [http-nio-8080-exec-10] DEBUG o.s.w.s.h.LoggingWebSocketHandlerDecorator - New WebSocketServerSockJsSession[id=njqk1zlf]
2026-03-16 17:07:41 [scheduling-1] DEBUG org.springframework.web.SimpLogging - Processing CONNECT session=njqk1zlf
2026-03-16 17:07:41 [scheduling-1] DEBUG org.springframework.web.SimpLogging - Processing SUBSCRIBE /topic/notices id=sub-0 session=njqk1zlf
2026-03-16 17:07:41 [scheduling-1] DEBUG org.springframework.web.SimpLogging - Processing SUBSCRIBE destination=/queue/notifications-usernjqk1zlf subscriptionId=sub-1 session=njqk1zlf payload=byte[0]
2026-03-16 17:07:41 [scheduling-1] DEBUG org.springframework.web.SimpLogging - Processing SUBSCRIBE /topic/public id=sub-2 session=njqk1zlf
2026-03-16 17:07:41 [http-nio-8080-exec-19] DEBUG o.s.orm.jpa.JpaTransactionManager - Exposing JPA transaction as JDBC [org.springframework.orm.jpa.vendor.HibernateJpaDialect$HibernateConnectionHandle@221aa6b0]
2026-03-16 17:07:41 [http-nio-8080-exec-19] DEBUG o.s.orm.jpa.JpaTransactionManager - Found thread-bound EntityManager [SessionImpl(832293806<open>)] for JPA transaction
2026-03-16 17:07:41 [http-nio-8080-exec-19] DEBUG o.s.orm.jpa.JpaTransactionManager - Participating in existing transaction
2026-03-16 17:07:41 [http-nio-8080-exec-19] DEBUG org.hibernate.SQL - select u1_0.emplyr_id,u1_0.area_no,u1_0.brthdy,u1_0.chg_pwd_cnt,u1_0.frst_register_id,u1_0.frst_regist_pnttm,u1_0.detail_adres,u1_0.email_adres,u1_0.emplyr_sttus_code,u1_0.empl_no,u1_0.esntl_id,u1_0.fxnum,u1_0.group_id,u1_0.house_adres,u1_0.house_end_telno,u1_0.house_middle_telno,u1_0.ihidnum,u1_0.pstinst_code,u1_0.last_updusr_id,u1_0.last_updt_pnttm,u1_0.lock_at,u1_0.lock_cnt,u1_0.lock_last_pnttm,u1_0.mbtlnum,u1_0.ofcps_nm,u1_0.offm_telno,u1_0.orgnzt_id,u1_0.password,u1_0.password_cnsr,u1_0.password_hint,u1_0.chg_pwd_last_pnttm,u1_0.role,u1_0.sbscrb_de,u1_0.sexdstn_code,u1_0.crtfc_dn_value,u1_0.user_nm,u1_0.zip from nemplyrinfo u1_0 where u1_0.emplyr_id=?
2026-03-16 17:07:41 [http-nio-8080-exec-2] DEBUG o.s.orm.jpa.JpaTransactionManager - Exposing JPA transaction as JDBC [org.springframework.orm.jpa.vendor.HibernateJpaDialect$HibernateConnectionHandle@296bef2f]
2026-03-16 17:07:41 [http-nio-8080-exec-2] DEBUG o.s.orm.jpa.JpaTransactionManager - Found thread-bound EntityManager [SessionImpl(1167413754<open>)] for JPA transaction
2026-03-16 17:07:41 [http-nio-8080-exec-2] DEBUG o.s.orm.jpa.JpaTransactionManager - Participating in existing transaction
2026-03-16 17:07:41 [http-nio-8080-exec-2] DEBUG org.hibernate.SQL - select u1_0.emplyr_id,u1_0.area_no,u1_0.brthdy,u1_0.chg_pwd_cnt,u1_0.frst_register_id,u1_0.frst_regist_pnttm,u1_0.detail_adres,u1_0.email_adres,u1_0.emplyr_sttus_code,u1_0.empl_no,u1_0.esntl_id,u1_0.fxnum,u1_0.group_id,u1_0.house_adres,u1_0.house_end_telno,u1_0.house_middle_telno,u1_0.ihidnum,u1_0.pstinst_code,u1_0.last_updusr_id,u1_0.last_updt_pnttm,u1_0.lock_at,u1_0.lock_cnt,u1_0.lock_last_pnttm,u1_0.mbtlnum,u1_0.ofcps_nm,u1_0.offm_telno,u1_0.orgnzt_id,u1_0.password,u1_0.password_cnsr,u1_0.password_hint,u1_0.chg_pwd_last_pnttm,u1_0.role,u1_0.sbscrb_de,u1_0.sexdstn_code,u1_0.crtfc_dn_value,u1_0.user_nm,u1_0.zip from nemplyrinfo u1_0 where u1_0.emplyr_id=?
2026-03-16 17:07:42 [http-nio-8080-exec-19] DEBUG o.s.orm.jpa.JpaTransactionManager - Found thread-bound EntityManager [SessionImpl(832293806<open>)] for JPA transaction
2026-03-16 17:07:42 [http-nio-8080-exec-19] DEBUG o.s.orm.jpa.JpaTransactionManager - Participating in existing transaction
2026-03-16 17:07:42 [http-nio-8080-exec-19] DEBUG org.hibernate.SQL - select ua1_0.scrty_dtrmn_trget_id,ua1_0.author_code,ua1_0.frst_register_id,ua1_0.frst_regist_pnttm,ua1_0.last_updusr_id,ua1_0.last_updt_pnttm,ua1_0.mber_ty_code from nemplyrscrtyestbs ua1_0 where ua1_0.scrty_dtrmn_trget_id=?
2026-03-16 17:07:42 [http-nio-8080-exec-2] DEBUG o.s.orm.jpa.JpaTransactionManager - Found thread-bound EntityManager [SessionImpl(1167413754<open>)] for JPA transaction
2026-03-16 17:07:42 [http-nio-8080-exec-2] DEBUG o.s.orm.jpa.JpaTransactionManager - Participating in existing transaction
2026-03-16 17:07:42 [http-nio-8080-exec-2] DEBUG org.hibernate.SQL - select ua1_0.scrty_dtrmn_trget_id,ua1_0.author_code,ua1_0.frst_register_id,ua1_0.frst_regist_pnttm,ua1_0.last_updusr_id,ua1_0.last_updt_pnttm,ua1_0.mber_ty_code from nemplyrscrtyestbs ua1_0 where ua1_0.scrty_dtrmn_trget_id=?
2026-03-16 17:07:42 [http-nio-8080-exec-19] DEBUG o.s.orm.jpa.JpaTransactionManager - Initiating transaction commit
2026-03-16 17:07:42 [http-nio-8080-exec-19] DEBUG o.s.orm.jpa.JpaTransactionManager - Committing JPA transaction on EntityManager [SessionImpl(832293806<open>)]
2026-03-16 17:07:42 [http-nio-8080-exec-2] DEBUG o.s.orm.jpa.JpaTransactionManager - Initiating transaction commit
2026-03-16 17:07:42 [http-nio-8080-exec-2] DEBUG o.s.orm.jpa.JpaTransactionManager - Committing JPA transaction on EntityManager [SessionImpl(1167413754<open>)]
2026-03-16 17:07:42 [http-nio-8080-exec-19] DEBUG o.s.orm.jpa.JpaTransactionManager - Closing JPA EntityManager [SessionImpl(832293806<open>)] after transaction
2026-03-16 17:07:42 [http-nio-8080-exec-19] DEBUG c.c.p.s.jwt.JwtAuthenticationFilter - >>> [JwtFilter] Successfully authenticated user: USRCNFRM_99999999999, Authorities: [ROLE_ADMIN]
2026-03-16 17:07:42 [http-nio-8080-exec-19] DEBUG o.s.web.servlet.DispatcherServlet - GET "/api/v1/notifications", parameters={}
2026-03-16 17:07:42 [http-nio-8080-exec-19] TRACE o.s.w.s.m.m.a.RequestMappingHandlerMapping - Mapped to com.company.project.api.controller.notification.NotificationController#getMyNotifications(UserDetails)
2026-03-16 17:07:42 [http-nio-8080-exec-19] DEBUG o.s.orm.jpa.JpaTransactionManager - Creating new transaction with name [com.company.project.service.notification.NotificationService.getActiveNotifications]: PROPAGATION_REQUIRED,ISOLATION_DEFAULT,readOnly
2026-03-16 17:07:42 [http-nio-8080-exec-19] DEBUG o.s.orm.jpa.JpaTransactionManager - Opened new EntityManager [SessionImpl(568575449<open>)] for JPA transaction
2026-03-16 17:07:42 [http-nio-8080-exec-19] DEBUG o.s.orm.jpa.JpaTransactionManager - Exposing JPA transaction as JDBC [org.springframework.orm.jpa.vendor.HibernateJpaDialect$HibernateConnectionHandle@10e52acd]
2026-03-16 17:07:42 [http-nio-8080-exec-19] DEBUG o.s.orm.jpa.JpaTransactionManager - Found thread-bound EntityManager [SessionImpl(568575449<open>)] for JPA transaction
2026-03-16 17:07:42 [http-nio-8080-exec-19] DEBUG o.s.orm.jpa.JpaTransactionManager - Participating in existing transaction
2026-03-16 17:07:42 [http-nio-8080-exec-19] DEBUG org.hibernate.SQL - select n1_0.ntcn_no,n1_0.frst_register_id,n1_0.frst_regist_pnttm,n1_0.is_read,n1_0.last_updusr_id,n1_0.last_updt_pnttm,n1_0.link_url,n1_0.ntcn_cn,n1_0.ntcn_sj,n1_0.receiver_id from n_user_notification n1_0
2026-03-16 17:07:42 [http-nio-8080-exec-2] DEBUG o.s.orm.jpa.JpaTransactionManager - Closing JPA EntityManager [SessionImpl(1167413754<open>)] after transaction
2026-03-16 17:07:42 [http-nio-8080-exec-2] DEBUG c.c.p.s.jwt.JwtAuthenticationFilter - >>> [JwtFilter] Successfully authenticated user: USRCNFRM_99999999999, Authorities: [ROLE_ADMIN]
2026-03-16 17:07:42 [http-nio-8080-exec-2] DEBUG o.s.web.servlet.DispatcherServlet - GET "/api/v1/notifications/unread-count", parameters={}
2026-03-16 17:07:42 [http-nio-8080-exec-2] TRACE o.s.w.s.m.m.a.RequestMappingHandlerMapping - Mapped to com.company.project.api.controller.notification.NotificationController#getUnreadCount(UserDetails)
2026-03-16 17:07:42 [http-nio-8080-exec-2] DEBUG o.s.orm.jpa.JpaTransactionManager - Creating new transaction with name [com.company.project.service.notification.NotificationService.getUnreadCount]: PROPAGATION_REQUIRED,ISOLATION_DEFAULT,readOnly
2026-03-16 17:07:42 [http-nio-8080-exec-2] DEBUG o.s.orm.jpa.JpaTransactionManager - Opened new EntityManager [SessionImpl(1507175273<open>)] for JPA transaction
2026-03-16 17:07:42 [http-nio-8080-exec-2] DEBUG o.s.orm.jpa.JpaTransactionManager - Exposing JPA transaction as JDBC [org.springframework.orm.jpa.vendor.HibernateJpaDialect$HibernateConnectionHandle@5d317662]
2026-03-16 17:07:42 [http-nio-8080-exec-2] DEBUG org.hibernate.SQL - select count(n1_0.ntcn_no) from n_user_notification n1_0 where n1_0.receiver_id=? and n1_0.is_read=?
2026-03-16 17:07:42 [http-nio-8080-exec-19] DEBUG o.s.orm.jpa.JpaTransactionManager - Initiating transaction commit
2026-03-16 17:07:42 [http-nio-8080-exec-19] DEBUG o.s.orm.jpa.JpaTransactionManager - Committing JPA transaction on EntityManager [SessionImpl(568575449<open>)]
2026-03-16 17:07:42 [http-nio-8080-exec-2] DEBUG o.s.orm.jpa.JpaTransactionManager - Initiating transaction commit
2026-03-16 17:07:42 [http-nio-8080-exec-2] DEBUG o.s.orm.jpa.JpaTransactionManager - Committing JPA transaction on EntityManager [SessionImpl(1507175273<open>)]
2026-03-16 17:07:42 [http-nio-8080-exec-12] DEBUG c.c.p.s.jwt.JwtAuthenticationFilter - >>> [JwtFilter] Processing request: GET /api/v1/menu/head
2026-03-16 17:07:42 [http-nio-8080-exec-13] DEBUG c.c.p.s.jwt.JwtAuthenticationFilter - >>> [JwtFilter] Processing request: GET /api/v1/dashboard
2026-03-16 17:07:42 [http-nio-8080-exec-12] DEBUG c.c.p.s.jwt.JwtAuthenticationFilter - >>> [JwtFilter] Found token in header for path: /api/v1/menu/head
2026-03-16 17:07:42 [http-nio-8080-exec-13] DEBUG c.c.p.s.jwt.JwtAuthenticationFilter - >>> [JwtFilter] Found token in header for path: /api/v1/dashboard
2026-03-16 17:07:42 [http-nio-8080-exec-13] DEBUG o.s.orm.jpa.JpaTransactionManager - Creating new transaction with name [com.company.project.security.iam.CustomUserDetailsService.loadUserByUsername]: PROPAGATION_REQUIRED,ISOLATION_DEFAULT,readOnly
2026-03-16 17:07:42 [http-nio-8080-exec-12] DEBUG o.s.orm.jpa.JpaTransactionManager - Creating new transaction with name [com.company.project.security.iam.CustomUserDetailsService.loadUserByUsername]: PROPAGATION_REQUIRED,ISOLATION_DEFAULT,readOnly
2026-03-16 17:07:42 [http-nio-8080-exec-12] DEBUG o.s.orm.jpa.JpaTransactionManager - Opened new EntityManager [SessionImpl(1322381025<open>)] for JPA transaction
2026-03-16 17:07:42 [http-nio-8080-exec-13] DEBUG o.s.orm.jpa.JpaTransactionManager - Opened new EntityManager [SessionImpl(1165675116<open>)] for JPA transaction
2026-03-16 17:07:42 [http-nio-8080-exec-19] DEBUG o.s.orm.jpa.JpaTransactionManager - Closing JPA EntityManager [SessionImpl(568575449<open>)] after transaction
2026-03-16 17:07:42 [http-nio-8080-exec-19] DEBUG o.s.w.s.m.m.a.HttpEntityMethodProcessor - Using 'application/json', given [application/json, text/plain, */*] and supported [application/json, application/*+json, application/yaml]
2026-03-16 17:07:42 [http-nio-8080-exec-19] TRACE o.s.w.s.m.m.a.HttpEntityMethodProcessor - Writing [ApiResponse[success=true, status=200, code=COMMON_001, message=Success, data=[NotificationDto(ntfcNo=NT001, ntfcSj=테스트 알림입니다, ntfcCn=알림 내용입니다, ntfcDate=null, ntfcTime=2026-02-25T00:59:33.784070, bhNtfcIntrvl=null, uniqId=null, frstRegisterId=null, frstRegisterPnttm=2026-02-25T00:59:33.784070, lastUpdusrId=null, lastUpdusrPnttm=null)], timestamp=2026-03-16T17:07:42.673803]]
2026-03-16 17:07:42 [http-nio-8080-exec-19] INFO  c.c.p.a.i.OperationalAuditInterceptor - API Audit Log: URL=/api/v1/notifications, User=webmaster, IP=127.0.0.1
2026-03-16 17:07:42 [http-nio-8080-exec-19] DEBUG o.s.web.servlet.DispatcherServlet - Completed 200 OK
2026-03-16 17:07:42 [http-nio-8080-exec-2] DEBUG o.s.orm.jpa.JpaTransactionManager - Closing JPA EntityManager [SessionImpl(1507175273<open>)] after transaction
2026-03-16 17:07:42 [http-nio-8080-exec-2] DEBUG o.s.w.s.m.m.a.HttpEntityMethodProcessor - Using 'application/json', given [application/json, text/plain, */*] and supported [application/json, application/*+json, application/yaml]
2026-03-16 17:07:42 [http-nio-8080-exec-2] TRACE o.s.w.s.m.m.a.HttpEntityMethodProcessor - Writing [ApiResponse[success=true, status=200, code=COMMON_001, message=Success, data=0, timestamp=2026-03-16T17:07:42.695581700]]
2026-03-16 17:07:42 [http-nio-8080-exec-2] INFO  c.c.p.a.i.OperationalAuditInterceptor - API Audit Log: URL=/api/v1/notifications/unread-count, User=webmaster, IP=127.0.0.1
2026-03-16 17:07:42 [http-nio-8080-exec-2] DEBUG o.s.web.servlet.DispatcherServlet - Completed 200 OK
2026-03-16 17:07:42 [http-nio-8080-exec-3] DEBUG c.c.p.s.jwt.JwtAuthenticationFilter - >>> [JwtFilter] Processing request: GET /api/v1/notifications
2026-03-16 17:07:42 [http-nio-8080-exec-3] DEBUG c.c.p.s.jwt.JwtAuthenticationFilter - >>> [JwtFilter] Found token in header for path: /api/v1/notifications
2026-03-16 17:07:42 [http-nio-8080-exec-3] DEBUG o.s.orm.jpa.JpaTransactionManager - Creating new transaction with name [com.company.project.security.iam.CustomUserDetailsService.loadUserByUsername]: PROPAGATION_REQUIRED,ISOLATION_DEFAULT,readOnly
2026-03-16 17:07:42 [http-nio-8080-exec-3] DEBUG o.s.orm.jpa.JpaTransactionManager - Opened new EntityManager [SessionImpl(110821322<open>)] for JPA transaction
2026-03-16 17:07:42 [http-nio-8080-exec-15] DEBUG c.c.p.s.jwt.JwtAuthenticationFilter - >>> [JwtFilter] Processing request: GET /api/v1/notifications/unread-count
2026-03-16 17:07:42 [http-nio-8080-exec-15] DEBUG c.c.p.s.jwt.JwtAuthenticationFilter - >>> [JwtFilter] Found token in header for path: /api/v1/notifications/unread-count
2026-03-16 17:07:42 [http-nio-8080-exec-15] DEBUG o.s.orm.jpa.JpaTransactionManager - Creating new transaction with name [com.company.project.security.iam.CustomUserDetailsService.loadUserByUsername]: PROPAGATION_REQUIRED,ISOLATION_DEFAULT,readOnly
2026-03-16 17:07:42 [http-nio-8080-exec-15] DEBUG o.s.orm.jpa.JpaTransactionManager - Opened new EntityManager [SessionImpl(1960508642<open>)] for JPA transaction
2026-03-16 17:07:42 [http-nio-8080-exec-12] DEBUG o.s.orm.jpa.JpaTransactionManager - Exposing JPA transaction as JDBC [org.springframework.orm.jpa.vendor.HibernateJpaDialect$HibernateConnectionHandle@6fbcee08]
2026-03-16 17:07:42 [http-nio-8080-exec-13] DEBUG o.s.orm.jpa.JpaTransactionManager - Exposing JPA transaction as JDBC [org.springframework.orm.jpa.vendor.HibernateJpaDialect$HibernateConnectionHandle@46c5ed5b]
2026-03-16 17:07:42 [http-nio-8080-exec-13] DEBUG o.s.orm.jpa.JpaTransactionManager - Found thread-bound EntityManager [SessionImpl(1165675116<open>)] for JPA transaction
2026-03-16 17:07:42 [http-nio-8080-exec-12] DEBUG o.s.orm.jpa.JpaTransactionManager - Found thread-bound EntityManager [SessionImpl(1322381025<open>)] for JPA transaction
2026-03-16 17:07:42 [http-nio-8080-exec-13] DEBUG o.s.orm.jpa.JpaTransactionManager - Participating in existing transaction
2026-03-16 17:07:42 [http-nio-8080-exec-12] DEBUG o.s.orm.jpa.JpaTransactionManager - Participating in existing transaction
2026-03-16 17:07:42 [http-nio-8080-exec-12] DEBUG org.hibernate.SQL - select u1_0.emplyr_id,u1_0.area_no,u1_0.brthdy,u1_0.chg_pwd_cnt,u1_0.frst_register_id,u1_0.frst_regist_pnttm,u1_0.detail_adres,u1_0.email_adres,u1_0.emplyr_sttus_code,u1_0.empl_no,u1_0.esntl_id,u1_0.fxnum,u1_0.group_id,u1_0.house_adres,u1_0.house_end_telno,u1_0.house_middle_telno,u1_0.ihidnum,u1_0.pstinst_code,u1_0.last_updusr_id,u1_0.last_updt_pnttm,u1_0.lock_at,u1_0.lock_cnt,u1_0.lock_last_pnttm,u1_0.mbtlnum,u1_0.ofcps_nm,u1_0.offm_telno,u1_0.orgnzt_id,u1_0.password,u1_0.password_cnsr,u1_0.password_hint,u1_0.chg_pwd_last_pnttm,u1_0.role,u1_0.sbscrb_de,u1_0.sexdstn_code,u1_0.crtfc_dn_value,u1_0.user_nm,u1_0.zip from nemplyrinfo u1_0 where u1_0.emplyr_id=?
2026-03-16 17:07:42 [http-nio-8080-exec-13] DEBUG org.hibernate.SQL - select u1_0.emplyr_id,u1_0.area_no,u1_0.brthdy,u1_0.chg_pwd_cnt,u1_0.frst_register_id,u1_0.frst_regist_pnttm,u1_0.detail_adres,u1_0.email_adres,u1_0.emplyr_sttus_code,u1_0.empl_no,u1_0.esntl_id,u1_0.fxnum,u1_0.group_id,u1_0.house_adres,u1_0.house_end_telno,u1_0.house_middle_telno,u1_0.ihidnum,u1_0.pstinst_code,u1_0.last_updusr_id,u1_0.last_updt_pnttm,u1_0.lock_at,u1_0.lock_cnt,u1_0.lock_last_pnttm,u1_0.mbtlnum,u1_0.ofcps_nm,u1_0.offm_telno,u1_0.orgnzt_id,u1_0.password,u1_0.password_cnsr,u1_0.password_hint,u1_0.chg_pwd_last_pnttm,u1_0.role,u1_0.sbscrb_de,u1_0.sexdstn_code,u1_0.crtfc_dn_value,u1_0.user_nm,u1_0.zip from nemplyrinfo u1_0 where u1_0.emplyr_id=?
2026-03-16 17:07:42 [http-nio-8080-exec-3] DEBUG o.s.orm.jpa.JpaTransactionManager - Exposing JPA transaction as JDBC [org.springframework.orm.jpa.vendor.HibernateJpaDialect$HibernateConnectionHandle@3820c093]
2026-03-16 17:07:42 [http-nio-8080-exec-3] DEBUG o.s.orm.jpa.JpaTransactionManager - Found thread-bound EntityManager [SessionImpl(110821322<open>)] for JPA transaction
2026-03-16 17:07:42 [http-nio-8080-exec-3] DEBUG o.s.orm.jpa.JpaTransactionManager - Participating in existing transaction
2026-03-16 17:07:42 [http-nio-8080-exec-3] DEBUG org.hibernate.SQL - select u1_0.emplyr_id,u1_0.area_no,u1_0.brthdy,u1_0.chg_pwd_cnt,u1_0.frst_register_id,u1_0.frst_regist_pnttm,u1_0.detail_adres,u1_0.email_adres,u1_0.emplyr_sttus_code,u1_0.empl_no,u1_0.esntl_id,u1_0.fxnum,u1_0.group_id,u1_0.house_adres,u1_0.house_end_telno,u1_0.house_middle_telno,u1_0.ihidnum,u1_0.pstinst_code,u1_0.last_updusr_id,u1_0.last_updt_pnttm,u1_0.lock_at,u1_0.lock_cnt,u1_0.lock_last_pnttm,u1_0.mbtlnum,u1_0.ofcps_nm,u1_0.offm_telno,u1_0.orgnzt_id,u1_0.password,u1_0.password_cnsr,u1_0.password_hint,u1_0.chg_pwd_last_pnttm,u1_0.role,u1_0.sbscrb_de,u1_0.sexdstn_code,u1_0.crtfc_dn_value,u1_0.user_nm,u1_0.zip from nemplyrinfo u1_0 where u1_0.emplyr_id=?
2026-03-16 17:07:42 [http-nio-8080-exec-15] DEBUG o.s.orm.jpa.JpaTransactionManager - Exposing JPA transaction as JDBC [org.springframework.orm.jpa.vendor.HibernateJpaDialect$HibernateConnectionHandle@58707bde]
2026-03-16 17:07:42 [http-nio-8080-exec-15] DEBUG o.s.orm.jpa.JpaTransactionManager - Found thread-bound EntityManager [SessionImpl(1960508642<open>)] for JPA transaction
2026-03-16 17:07:42 [http-nio-8080-exec-15] DEBUG o.s.orm.jpa.JpaTransactionManager - Participating in existing transaction
2026-03-16 17:07:42 [http-nio-8080-exec-15] DEBUG org.hibernate.SQL - select u1_0.emplyr_id,u1_0.area_no,u1_0.brthdy,u1_0.chg_pwd_cnt,u1_0.frst_register_id,u1_0.frst_regist_pnttm,u1_0.detail_adres,u1_0.email_adres,u1_0.emplyr_sttus_code,u1_0.empl_no,u1_0.esntl_id,u1_0.fxnum,u1_0.group_id,u1_0.house_adres,u1_0.house_end_telno,u1_0.house_middle_telno,u1_0.ihidnum,u1_0.pstinst_code,u1_0.last_updusr_id,u1_0.last_updt_pnttm,u1_0.lock_at,u1_0.lock_cnt,u1_0.lock_last_pnttm,u1_0.mbtlnum,u1_0.ofcps_nm,u1_0.offm_telno,u1_0.orgnzt_id,u1_0.password,u1_0.password_cnsr,u1_0.password_hint,u1_0.chg_pwd_last_pnttm,u1_0.role,u1_0.sbscrb_de,u1_0.sexdstn_code,u1_0.crtfc_dn_value,u1_0.user_nm,u1_0.zip from nemplyrinfo u1_0 where u1_0.emplyr_id=?
2026-03-16 17:07:42 [http-nio-8080-exec-12] DEBUG o.s.orm.jpa.JpaTransactionManager - Found thread-bound EntityManager [SessionImpl(1322381025<open>)] for JPA transaction
2026-03-16 17:07:42 [http-nio-8080-exec-13] DEBUG o.s.orm.jpa.JpaTransactionManager - Found thread-bound EntityManager [SessionImpl(1165675116<open>)] for JPA transaction
2026-03-16 17:07:42 [http-nio-8080-exec-13] DEBUG o.s.orm.jpa.JpaTransactionManager - Participating in existing transaction
2026-03-16 17:07:42 [http-nio-8080-exec-12] DEBUG o.s.orm.jpa.JpaTransactionManager - Participating in existing transaction
2026-03-16 17:07:42 [http-nio-8080-exec-13] DEBUG org.hibernate.SQL - select ua1_0.scrty_dtrmn_trget_id,ua1_0.author_code,ua1_0.frst_register_id,ua1_0.frst_regist_pnttm,ua1_0.last_updusr_id,ua1_0.last_updt_pnttm,ua1_0.mber_ty_code from nemplyrscrtyestbs ua1_0 where ua1_0.scrty_dtrmn_trget_id=?
2026-03-16 17:07:42 [http-nio-8080-exec-12] DEBUG org.hibernate.SQL - select ua1_0.scrty_dtrmn_trget_id,ua1_0.author_code,ua1_0.frst_register_id,ua1_0.frst_regist_pnttm,ua1_0.last_updusr_id,ua1_0.last_updt_pnttm,ua1_0.mber_ty_code from nemplyrscrtyestbs ua1_0 where ua1_0.scrty_dtrmn_trget_id=?
2026-03-16 17:07:43 [http-nio-8080-exec-3] DEBUG o.s.orm.jpa.JpaTransactionManager - Found thread-bound EntityManager [SessionImpl(110821322<open>)] for JPA transaction
2026-03-16 17:07:43 [http-nio-8080-exec-3] DEBUG o.s.orm.jpa.JpaTransactionManager - Participating in existing transaction
2026-03-16 17:07:43 [http-nio-8080-exec-3] DEBUG org.hibernate.SQL - select ua1_0.scrty_dtrmn_trget_id,ua1_0.author_code,ua1_0.frst_register_id,ua1_0.frst_regist_pnttm,ua1_0.last_updusr_id,ua1_0.last_updt_pnttm,ua1_0.mber_ty_code from nemplyrscrtyestbs ua1_0 where ua1_0.scrty_dtrmn_trget_id=?
2026-03-16 17:07:43 [http-nio-8080-exec-15] DEBUG o.s.orm.jpa.JpaTransactionManager - Found thread-bound EntityManager [SessionImpl(1960508642<open>)] for JPA transaction
2026-03-16 17:07:43 [http-nio-8080-exec-15] DEBUG o.s.orm.jpa.JpaTransactionManager - Participating in existing transaction
2026-03-16 17:07:43 [http-nio-8080-exec-15] DEBUG org.hibernate.SQL - select ua1_0.scrty_dtrmn_trget_id,ua1_0.author_code,ua1_0.frst_register_id,ua1_0.frst_regist_pnttm,ua1_0.last_updusr_id,ua1_0.last_updt_pnttm,ua1_0.mber_ty_code from nemplyrscrtyestbs ua1_0 where ua1_0.scrty_dtrmn_trget_id=?
2026-03-16 17:07:43 [http-nio-8080-exec-12] DEBUG o.s.orm.jpa.JpaTransactionManager - Initiating transaction commit
2026-03-16 17:07:43 [http-nio-8080-exec-12] DEBUG o.s.orm.jpa.JpaTransactionManager - Committing JPA transaction on EntityManager [SessionImpl(1322381025<open>)]
2026-03-16 17:07:43 [http-nio-8080-exec-13] DEBUG o.s.orm.jpa.JpaTransactionManager - Initiating transaction commit
2026-03-16 17:07:43 [http-nio-8080-exec-13] DEBUG o.s.orm.jpa.JpaTransactionManager - Committing JPA transaction on EntityManager [SessionImpl(1165675116<open>)]
2026-03-16 17:07:43 [http-nio-8080-exec-3] DEBUG o.s.orm.jpa.JpaTransactionManager - Initiating transaction commit
2026-03-16 17:07:43 [http-nio-8080-exec-3] DEBUG o.s.orm.jpa.JpaTransactionManager - Committing JPA transaction on EntityManager [SessionImpl(110821322<open>)]
2026-03-16 17:07:43 [http-nio-8080-exec-15] DEBUG o.s.orm.jpa.JpaTransactionManager - Initiating transaction commit
2026-03-16 17:07:43 [http-nio-8080-exec-15] DEBUG o.s.orm.jpa.JpaTransactionManager - Committing JPA transaction on EntityManager [SessionImpl(1960508642<open>)]
2026-03-16 17:07:43 [http-nio-8080-exec-13] DEBUG o.s.orm.jpa.JpaTransactionManager - Closing JPA EntityManager [SessionImpl(1165675116<open>)] after transaction
2026-03-16 17:07:43 [http-nio-8080-exec-12] DEBUG o.s.orm.jpa.JpaTransactionManager - Closing JPA EntityManager [SessionImpl(1322381025<open>)] after transaction
2026-03-16 17:07:43 [http-nio-8080-exec-13] DEBUG c.c.p.s.jwt.JwtAuthenticationFilter - >>> [JwtFilter] Successfully authenticated user: USRCNFRM_99999999999, Authorities: [ROLE_ADMIN]
2026-03-16 17:07:43 [http-nio-8080-exec-12] DEBUG c.c.p.s.jwt.JwtAuthenticationFilter - >>> [JwtFilter] Successfully authenticated user: USRCNFRM_99999999999, Authorities: [ROLE_ADMIN]
2026-03-16 17:07:43 [http-nio-8080-exec-12] DEBUG o.s.web.servlet.DispatcherServlet - GET "/api/v1/menu/head", parameters={}
2026-03-16 17:07:43 [http-nio-8080-exec-13] DEBUG o.s.web.servlet.DispatcherServlet - GET "/api/v1/dashboard", parameters={}
2026-03-16 17:07:43 [http-nio-8080-exec-12] TRACE o.s.w.s.m.m.a.RequestMappingHandlerMapping - Mapped to com.company.project.api.controller.menu.MenuController#getHeadMenu()
2026-03-16 17:07:43 [http-nio-8080-exec-13] TRACE o.s.w.s.m.m.a.RequestMappingHandlerMapping - Mapped to com.company.project.api.controller.main.DashboardController#getDashboardData(UserDetails)
2026-03-16 17:07:43 [http-nio-8080-exec-12] INFO  c.c.p.a.c.menu.MenuController - getHeadMenu called
2026-03-16 17:07:43 [http-nio-8080-exec-13] INFO  c.c.p.a.c.main.DashboardController - >>> [Dashboard] Fetching data for user: USRCNFRM_99999999999
2026-03-16 17:07:43 [http-nio-8080-exec-13] DEBUG o.s.orm.jpa.JpaTransactionManager - Creating new transaction with name [com.company.project.service.board.BoardService.getBoardPosts]: PROPAGATION_REQUIRED,ISOLATION_DEFAULT,readOnly
2026-03-16 17:07:43 [http-nio-8080-exec-13] DEBUG o.s.orm.jpa.JpaTransactionManager - Opened new EntityManager [SessionImpl(1479424818<open>)] for JPA transaction
2026-03-16 17:07:43 [http-nio-8080-exec-13] DEBUG o.s.orm.jpa.JpaTransactionManager - Exposing JPA transaction as JDBC [org.springframework.orm.jpa.vendor.HibernateJpaDialect$HibernateConnectionHandle@335a5558]
2026-03-16 17:07:43 [http-nio-8080-exec-13] DEBUG o.s.orm.jpa.JpaTransactionManager - Found thread-bound EntityManager [SessionImpl(1479424818<open>)] for JPA transaction
2026-03-16 17:07:43 [http-nio-8080-exec-13] DEBUG o.s.orm.jpa.JpaTransactionManager - Participating in existing transaction
2026-03-16 17:07:43 [http-nio-8080-exec-12] INFO  c.c.p.a.c.menu.MenuController - getHeadMenu returned 5 items
2026-03-16 17:07:43 [http-nio-8080-exec-13] DEBUG org.hibernate.SQL - select bm1_0.bbs_id,bm1_0.atch_posbl_file_number,bm1_0.atch_posbl_file_size,bm1_0.bbs_attrb_code,bm1_0.bbs_intrcn,bm1_0.bbs_nm,bm1_0.bbs_ty_code,bm1_0.blog_at,bm1_0.blog_id,bm1_0.cmmnty_id,bm1_0.frst_register_id,bm1_0.frst_regist_pnttm,bm1_0.file_atch_posbl_at,bm1_0.last_updusr_id,bm1_0.last_updt_pnttm,bm1_0.reply_posbl_at,bm1_0.tmplat_id,bm1_0.use_at,bm1_1.answer_at,bm1_1.stsfdg_at from nbbsmaster bm1_0 left join nbbsmasteroptn bm1_1 on bm1_0.bbs_id=bm1_1.bbs_id where bm1_0.bbs_id=?
2026-03-16 17:07:43 [http-nio-8080-exec-12] DEBUG o.s.w.s.m.m.a.HttpEntityMethodProcessor - Using 'application/json', given [application/json, text/plain, */*] and supported [application/json, application/*+json, application/yaml]
2026-03-16 17:07:43 [http-nio-8080-exec-12] TRACE o.s.w.s.m.m.a.HttpEntityMethodProcessor - Writing [ApiResponse[success=true, status=200, code=COMMON_001, message=Success, data={list=[com.company.project.service.menu.dto.MenuDto@2b80d6b0, com.company.project.service.menu.dto.MenuDto@1418cfa3, com.company.project.service.menu.dto.MenuDto@f230bf1, com.company.project.service.menu.dto.MenuDto@734a7f6a, com.company.project.service.menu.dto.MenuDto@5e5202e5]}, timestamp=2026-03-16T17:07:43.277058700]]
2026-03-16 17:07:43 [http-nio-8080-exec-12] INFO  c.c.p.a.i.OperationalAuditInterceptor - API Audit Log: URL=/api/v1/menu/head, User=webmaster, IP=0:0:0:0:0:0:0:1
2026-03-16 17:07:43 [http-nio-8080-exec-12] DEBUG o.s.web.servlet.DispatcherServlet - Completed 200 OK
2026-03-16 17:07:43 [http-nio-8080-exec-10] DEBUG c.c.p.s.jwt.JwtAuthenticationFilter - >>> [JwtFilter] Processing request: GET /api/v1/menu/left
2026-03-16 17:07:43 [http-nio-8080-exec-10] DEBUG c.c.p.s.jwt.JwtAuthenticationFilter - >>> [JwtFilter] Found token in header for path: /api/v1/menu/left
2026-03-16 17:07:43 [http-nio-8080-exec-10] DEBUG o.s.orm.jpa.JpaTransactionManager - Creating new transaction with name [com.company.project.security.iam.CustomUserDetailsService.loadUserByUsername]: PROPAGATION_REQUIRED,ISOLATION_DEFAULT,readOnly
2026-03-16 17:07:43 [http-nio-8080-exec-10] DEBUG o.s.orm.jpa.JpaTransactionManager - Opened new EntityManager [SessionImpl(1978496316<open>)] for JPA transaction
2026-03-16 17:07:43 [http-nio-8080-exec-17] DEBUG c.c.p.s.jwt.JwtAuthenticationFilter - >>> [JwtFilter] Processing request: GET /api/v1/menu/left
2026-03-16 17:07:43 [http-nio-8080-exec-9] DEBUG c.c.p.s.jwt.JwtAuthenticationFilter - >>> [JwtFilter] Processing request: GET /api/v1/menu/left
2026-03-16 17:07:43 [http-nio-8080-exec-8] DEBUG c.c.p.s.jwt.JwtAuthenticationFilter - >>> [JwtFilter] Processing request: GET /api/v1/menu/left
2026-03-16 17:07:43 [http-nio-8080-exec-19] DEBUG c.c.p.s.jwt.JwtAuthenticationFilter - >>> [JwtFilter] Processing request: GET /api/v1/menu/left
2026-03-16 17:07:43 [http-nio-8080-exec-17] DEBUG c.c.p.s.jwt.JwtAuthenticationFilter - >>> [JwtFilter] Found token in header for path: /api/v1/menu/left
2026-03-16 17:07:43 [http-nio-8080-exec-9] DEBUG c.c.p.s.jwt.JwtAuthenticationFilter - >>> [JwtFilter] Found token in header for path: /api/v1/menu/left
2026-03-16 17:07:43 [http-nio-8080-exec-8] DEBUG c.c.p.s.jwt.JwtAuthenticationFilter - >>> [JwtFilter] Found token in header for path: /api/v1/menu/left
2026-03-16 17:07:43 [http-nio-8080-exec-19] DEBUG c.c.p.s.jwt.JwtAuthenticationFilter - >>> [JwtFilter] Found token in header for path: /api/v1/menu/left
2026-03-16 17:07:43 [http-nio-8080-exec-17] DEBUG o.s.orm.jpa.JpaTransactionManager - Creating new transaction with name [com.company.project.security.iam.CustomUserDetailsService.loadUserByUsername]: PROPAGATION_REQUIRED,ISOLATION_DEFAULT,readOnly
2026-03-16 17:07:43 [http-nio-8080-exec-19] DEBUG o.s.orm.jpa.JpaTransactionManager - Creating new transaction with name [com.company.project.security.iam.CustomUserDetailsService.loadUserByUsername]: PROPAGATION_REQUIRED,ISOLATION_DEFAULT,readOnly
2026-03-16 17:07:43 [http-nio-8080-exec-9] DEBUG o.s.orm.jpa.JpaTransactionManager - Creating new transaction with name [com.company.project.security.iam.CustomUserDetailsService.loadUserByUsername]: PROPAGATION_REQUIRED,ISOLATION_DEFAULT,readOnly
2026-03-16 17:07:43 [http-nio-8080-exec-8] DEBUG o.s.orm.jpa.JpaTransactionManager - Creating new transaction with name [com.company.project.security.iam.CustomUserDetailsService.loadUserByUsername]: PROPAGATION_REQUIRED,ISOLATION_DEFAULT,readOnly
2026-03-16 17:07:43 [http-nio-8080-exec-19] DEBUG o.s.orm.jpa.JpaTransactionManager - Opened new EntityManager [SessionImpl(1198178297<open>)] for JPA transaction
2026-03-16 17:07:43 [http-nio-8080-exec-9] DEBUG o.s.orm.jpa.JpaTransactionManager - Opened new EntityManager [SessionImpl(1097780833<open>)] for JPA transaction
2026-03-16 17:07:43 [http-nio-8080-exec-17] DEBUG o.s.orm.jpa.JpaTransactionManager - Opened new EntityManager [SessionImpl(416910455<open>)] for JPA transaction
2026-03-16 17:07:43 [http-nio-8080-exec-8] DEBUG o.s.orm.jpa.JpaTransactionManager - Opened new EntityManager [SessionImpl(764225516<open>)] for JPA transaction
2026-03-16 17:07:43 [http-nio-8080-exec-3] DEBUG o.s.orm.jpa.JpaTransactionManager - Closing JPA EntityManager [SessionImpl(110821322<open>)] after transaction
2026-03-16 17:07:43 [http-nio-8080-exec-3] DEBUG c.c.p.s.jwt.JwtAuthenticationFilter - >>> [JwtFilter] Successfully authenticated user: USRCNFRM_99999999999, Authorities: [ROLE_ADMIN]
2026-03-16 17:07:43 [http-nio-8080-exec-3] DEBUG o.s.web.servlet.DispatcherServlet - GET "/api/v1/notifications", parameters={}
2026-03-16 17:07:43 [http-nio-8080-exec-3] TRACE o.s.w.s.m.m.a.RequestMappingHandlerMapping - Mapped to com.company.project.api.controller.notification.NotificationController#getMyNotifications(UserDetails)
2026-03-16 17:07:43 [http-nio-8080-exec-3] DEBUG o.s.orm.jpa.JpaTransactionManager - Creating new transaction with name [com.company.project.service.notification.NotificationService.getActiveNotifications]: PROPAGATION_REQUIRED,ISOLATION_DEFAULT,readOnly
2026-03-16 17:07:43 [http-nio-8080-exec-3] DEBUG o.s.orm.jpa.JpaTransactionManager - Opened new EntityManager [SessionImpl(1662360949<open>)] for JPA transaction
2026-03-16 17:07:43 [http-nio-8080-exec-3] DEBUG o.s.orm.jpa.JpaTransactionManager - Exposing JPA transaction as JDBC [org.springframework.orm.jpa.vendor.HibernateJpaDialect$HibernateConnectionHandle@59945b76]
2026-03-16 17:07:43 [http-nio-8080-exec-3] DEBUG o.s.orm.jpa.JpaTransactionManager - Found thread-bound EntityManager [SessionImpl(1662360949<open>)] for JPA transaction
2026-03-16 17:07:43 [http-nio-8080-exec-3] DEBUG o.s.orm.jpa.JpaTransactionManager - Participating in existing transaction
2026-03-16 17:07:43 [http-nio-8080-exec-3] DEBUG org.hibernate.SQL - select n1_0.ntcn_no,n1_0.frst_register_id,n1_0.frst_regist_pnttm,n1_0.is_read,n1_0.last_updusr_id,n1_0.last_updt_pnttm,n1_0.link_url,n1_0.ntcn_cn,n1_0.ntcn_sj,n1_0.receiver_id from n_user_notification n1_0
2026-03-16 17:07:43 [http-nio-8080-exec-15] DEBUG o.s.orm.jpa.JpaTransactionManager - Closing JPA EntityManager [SessionImpl(1960508642<open>)] after transaction
2026-03-16 17:07:43 [http-nio-8080-exec-15] DEBUG c.c.p.s.jwt.JwtAuthenticationFilter - >>> [JwtFilter] Successfully authenticated user: USRCNFRM_99999999999, Authorities: [ROLE_ADMIN]
2026-03-16 17:07:43 [http-nio-8080-exec-15] DEBUG o.s.web.servlet.DispatcherServlet - GET "/api/v1/notifications/unread-count", parameters={}
2026-03-16 17:07:43 [http-nio-8080-exec-15] TRACE o.s.w.s.m.m.a.RequestMappingHandlerMapping - Mapped to com.company.project.api.controller.notification.NotificationController#getUnreadCount(UserDetails)
2026-03-16 17:07:43 [http-nio-8080-exec-15] DEBUG o.s.orm.jpa.JpaTransactionManager - Creating new transaction with name [com.company.project.service.notification.NotificationService.getUnreadCount]: PROPAGATION_REQUIRED,ISOLATION_DEFAULT,readOnly
2026-03-16 17:07:43 [http-nio-8080-exec-15] DEBUG o.s.orm.jpa.JpaTransactionManager - Opened new EntityManager [SessionImpl(1361998541<open>)] for JPA transaction
2026-03-16 17:07:43 [http-nio-8080-exec-15] DEBUG o.s.orm.jpa.JpaTransactionManager - Exposing JPA transaction as JDBC [org.springframework.orm.jpa.vendor.HibernateJpaDialect$HibernateConnectionHandle@6efb5ee0]
2026-03-16 17:07:43 [http-nio-8080-exec-15] DEBUG org.hibernate.SQL - select count(n1_0.ntcn_no) from n_user_notification n1_0 where n1_0.receiver_id=? and n1_0.is_read=?
2026-03-16 17:07:43 [http-nio-8080-exec-13] DEBUG org.hibernate.SQL - select b1_0.ntt_id,b1_0.bbs_id,b1_0.ntt_sj,b1_0.ntcr_nm,b1_0.frst_regist_pnttm,b1_0.rdcnt,b1_0.answer_at,b1_0.parntsctt_no,b1_0.answer_lc,b1_0.sort_ordr,b1_0.ntt_no,b1_0.notice_at,b1_0.secret_at,b1_0.comment_co from nbbs b1_0 left join nemplyrinfo u1_0 on b1_0.frst_register_id=u1_0.esntl_id where (b1_0.use_at = 'Y') and b1_0.bbs_id=? order by b1_0.sort_ordr desc,b1_0.ntt_no offset ? rows fetch first ? rows only
2026-03-16 17:07:43 [http-nio-8080-exec-10] DEBUG o.s.orm.jpa.JpaTransactionManager - Exposing JPA transaction as JDBC [org.springframework.orm.jpa.vendor.HibernateJpaDialect$HibernateConnectionHandle@5bb41900]
2026-03-16 17:07:43 [http-nio-8080-exec-10] DEBUG o.s.orm.jpa.JpaTransactionManager - Found thread-bound EntityManager [SessionImpl(1978496316<open>)] for JPA transaction
2026-03-16 17:07:43 [http-nio-8080-exec-10] DEBUG o.s.orm.jpa.JpaTransactionManager - Participating in existing transaction
2026-03-16 17:07:43 [http-nio-8080-exec-10] DEBUG org.hibernate.SQL - select u1_0.emplyr_id,u1_0.area_no,u1_0.brthdy,u1_0.chg_pwd_cnt,u1_0.frst_register_id,u1_0.frst_regist_pnttm,u1_0.detail_adres,u1_0.email_adres,u1_0.emplyr_sttus_code,u1_0.empl_no,u1_0.esntl_id,u1_0.fxnum,u1_0.group_id,u1_0.house_adres,u1_0.house_end_telno,u1_0.house_middle_telno,u1_0.ihidnum,u1_0.pstinst_code,u1_0.last_updusr_id,u1_0.last_updt_pnttm,u1_0.lock_at,u1_0.lock_cnt,u1_0.lock_last_pnttm,u1_0.mbtlnum,u1_0.ofcps_nm,u1_0.offm_telno,u1_0.orgnzt_id,u1_0.password,u1_0.password_cnsr,u1_0.password_hint,u1_0.chg_pwd_last_pnttm,u1_0.role,u1_0.sbscrb_de,u1_0.sexdstn_code,u1_0.crtfc_dn_value,u1_0.user_nm,u1_0.zip from nemplyrinfo u1_0 where u1_0.emplyr_id=?
2026-03-16 17:07:43 [http-nio-8080-exec-9] DEBUG o.s.orm.jpa.JpaTransactionManager - Exposing JPA transaction as JDBC [org.springframework.orm.jpa.vendor.HibernateJpaDialect$HibernateConnectionHandle@62f96cfe]
2026-03-16 17:07:43 [http-nio-8080-exec-19] DEBUG o.s.orm.jpa.JpaTransactionManager - Exposing JPA transaction as JDBC [org.springframework.orm.jpa.vendor.HibernateJpaDialect$HibernateConnectionHandle@27f35a04]
2026-03-16 17:07:43 [http-nio-8080-exec-8] DEBUG o.s.orm.jpa.JpaTransactionManager - Exposing JPA transaction as JDBC [org.springframework.orm.jpa.vendor.HibernateJpaDialect$HibernateConnectionHandle@49b7fe88]
2026-03-16 17:07:43 [http-nio-8080-exec-19] DEBUG o.s.orm.jpa.JpaTransactionManager - Found thread-bound EntityManager [SessionImpl(1198178297<open>)] for JPA transaction
2026-03-16 17:07:43 [http-nio-8080-exec-9] DEBUG o.s.orm.jpa.JpaTransactionManager - Found thread-bound EntityManager [SessionImpl(1097780833<open>)] for JPA transaction
2026-03-16 17:07:43 [http-nio-8080-exec-8] DEBUG o.s.orm.jpa.JpaTransactionManager - Found thread-bound EntityManager [SessionImpl(764225516<open>)] for JPA transaction
2026-03-16 17:07:43 [http-nio-8080-exec-19] DEBUG o.s.orm.jpa.JpaTransactionManager - Participating in existing transaction
2026-03-16 17:07:43 [http-nio-8080-exec-9] DEBUG o.s.orm.jpa.JpaTransactionManager - Participating in existing transaction
2026-03-16 17:07:43 [http-nio-8080-exec-8] DEBUG o.s.orm.jpa.JpaTransactionManager - Participating in existing transaction
2026-03-16 17:07:43 [http-nio-8080-exec-9] DEBUG org.hibernate.SQL - select u1_0.emplyr_id,u1_0.area_no,u1_0.brthdy,u1_0.chg_pwd_cnt,u1_0.frst_register_id,u1_0.frst_regist_pnttm,u1_0.detail_adres,u1_0.email_adres,u1_0.emplyr_sttus_code,u1_0.empl_no,u1_0.esntl_id,u1_0.fxnum,u1_0.group_id,u1_0.house_adres,u1_0.house_end_telno,u1_0.house_middle_telno,u1_0.ihidnum,u1_0.pstinst_code,u1_0.last_updusr_id,u1_0.last_updt_pnttm,u1_0.lock_at,u1_0.lock_cnt,u1_0.lock_last_pnttm,u1_0.mbtlnum,u1_0.ofcps_nm,u1_0.offm_telno,u1_0.orgnzt_id,u1_0.password,u1_0.password_cnsr,u1_0.password_hint,u1_0.chg_pwd_last_pnttm,u1_0.role,u1_0.sbscrb_de,u1_0.sexdstn_code,u1_0.crtfc_dn_value,u1_0.user_nm,u1_0.zip from nemplyrinfo u1_0 where u1_0.emplyr_id=?
2026-03-16 17:07:43 [http-nio-8080-exec-8] DEBUG org.hibernate.SQL - select u1_0.emplyr_id,u1_0.area_no,u1_0.brthdy,u1_0.chg_pwd_cnt,u1_0.frst_register_id,u1_0.frst_regist_pnttm,u1_0.detail_adres,u1_0.email_adres,u1_0.emplyr_sttus_code,u1_0.empl_no,u1_0.esntl_id,u1_0.fxnum,u1_0.group_id,u1_0.house_adres,u1_0.house_end_telno,u1_0.house_middle_telno,u1_0.ihidnum,u1_0.pstinst_code,u1_0.last_updusr_id,u1_0.last_updt_pnttm,u1_0.lock_at,u1_0.lock_cnt,u1_0.lock_last_pnttm,u1_0.mbtlnum,u1_0.ofcps_nm,u1_0.offm_telno,u1_0.orgnzt_id,u1_0.password,u1_0.password_cnsr,u1_0.password_hint,u1_0.chg_pwd_last_pnttm,u1_0.role,u1_0.sbscrb_de,u1_0.sexdstn_code,u1_0.crtfc_dn_value,u1_0.user_nm,u1_0.zip from nemplyrinfo u1_0 where u1_0.emplyr_id=?
2026-03-16 17:07:43 [http-nio-8080-exec-19] DEBUG org.hibernate.SQL - select u1_0.emplyr_id,u1_0.area_no,u1_0.brthdy,u1_0.chg_pwd_cnt,u1_0.frst_register_id,u1_0.frst_regist_pnttm,u1_0.detail_adres,u1_0.email_adres,u1_0.emplyr_sttus_code,u1_0.empl_no,u1_0.esntl_id,u1_0.fxnum,u1_0.group_id,u1_0.house_adres,u1_0.house_end_telno,u1_0.house_middle_telno,u1_0.ihidnum,u1_0.pstinst_code,u1_0.last_updusr_id,u1_0.last_updt_pnttm,u1_0.lock_at,u1_0.lock_cnt,u1_0.lock_last_pnttm,u1_0.mbtlnum,u1_0.ofcps_nm,u1_0.offm_telno,u1_0.orgnzt_id,u1_0.password,u1_0.password_cnsr,u1_0.password_hint,u1_0.chg_pwd_last_pnttm,u1_0.role,u1_0.sbscrb_de,u1_0.sexdstn_code,u1_0.crtfc_dn_value,u1_0.user_nm,u1_0.zip from nemplyrinfo u1_0 where u1_0.emplyr_id=?
2026-03-16 17:07:43 [http-nio-8080-exec-17] DEBUG o.s.orm.jpa.JpaTransactionManager - Exposing JPA transaction as JDBC [org.springframework.orm.jpa.vendor.HibernateJpaDialect$HibernateConnectionHandle@1e151049]
2026-03-16 17:07:43 [http-nio-8080-exec-17] DEBUG o.s.orm.jpa.JpaTransactionManager - Found thread-bound EntityManager [SessionImpl(416910455<open>)] for JPA transaction
2026-03-16 17:07:43 [http-nio-8080-exec-17] DEBUG o.s.orm.jpa.JpaTransactionManager - Participating in existing transaction
2026-03-16 17:07:43 [http-nio-8080-exec-17] DEBUG org.hibernate.SQL - select u1_0.emplyr_id,u1_0.area_no,u1_0.brthdy,u1_0.chg_pwd_cnt,u1_0.frst_register_id,u1_0.frst_regist_pnttm,u1_0.detail_adres,u1_0.email_adres,u1_0.emplyr_sttus_code,u1_0.empl_no,u1_0.esntl_id,u1_0.fxnum,u1_0.group_id,u1_0.house_adres,u1_0.house_end_telno,u1_0.house_middle_telno,u1_0.ihidnum,u1_0.pstinst_code,u1_0.last_updusr_id,u1_0.last_updt_pnttm,u1_0.lock_at,u1_0.lock_cnt,u1_0.lock_last_pnttm,u1_0.mbtlnum,u1_0.ofcps_nm,u1_0.offm_telno,u1_0.orgnzt_id,u1_0.password,u1_0.password_cnsr,u1_0.password_hint,u1_0.chg_pwd_last_pnttm,u1_0.role,u1_0.sbscrb_de,u1_0.sexdstn_code,u1_0.crtfc_dn_value,u1_0.user_nm,u1_0.zip from nemplyrinfo u1_0 where u1_0.emplyr_id=?
2026-03-16 17:07:43 [http-nio-8080-exec-3] DEBUG o.s.orm.jpa.JpaTransactionManager - Initiating transaction commit
2026-03-16 17:07:43 [http-nio-8080-exec-3] DEBUG o.s.orm.jpa.JpaTransactionManager - Committing JPA transaction on EntityManager [SessionImpl(1662360949<open>)]
2026-03-16 17:07:43 [http-nio-8080-exec-15] DEBUG o.s.orm.jpa.JpaTransactionManager - Initiating transaction commit
2026-03-16 17:07:43 [http-nio-8080-exec-15] DEBUG o.s.orm.jpa.JpaTransactionManager - Committing JPA transaction on EntityManager [SessionImpl(1361998541<open>)]
2026-03-16 17:07:43 [http-nio-8080-exec-13] DEBUG org.hibernate.SQL - select count(b1_0.ntt_id) from nbbs b1_0 left join nemplyrinfo u1_0 on b1_0.frst_register_id=u1_0.esntl_id where (b1_0.use_at = 'Y') and b1_0.bbs_id=?
2026-03-16 17:07:43 [http-nio-8080-exec-10] DEBUG o.s.orm.jpa.JpaTransactionManager - Found thread-bound EntityManager [SessionImpl(1978496316<open>)] for JPA transaction
2026-03-16 17:07:43 [http-nio-8080-exec-10] DEBUG o.s.orm.jpa.JpaTransactionManager - Participating in existing transaction
2026-03-16 17:07:43 [http-nio-8080-exec-10] DEBUG org.hibernate.SQL - select ua1_0.scrty_dtrmn_trget_id,ua1_0.author_code,ua1_0.frst_register_id,ua1_0.frst_regist_pnttm,ua1_0.last_updusr_id,ua1_0.last_updt_pnttm,ua1_0.mber_ty_code from nemplyrscrtyestbs ua1_0 where ua1_0.scrty_dtrmn_trget_id=?
2026-03-16 17:07:43 [http-nio-8080-exec-9] DEBUG o.s.orm.jpa.JpaTransactionManager - Found thread-bound EntityManager [SessionImpl(1097780833<open>)] for JPA transaction
2026-03-16 17:07:43 [http-nio-8080-exec-19] DEBUG o.s.orm.jpa.JpaTransactionManager - Found thread-bound EntityManager [SessionImpl(1198178297<open>)] for JPA transaction
2026-03-16 17:07:43 [http-nio-8080-exec-8] DEBUG o.s.orm.jpa.JpaTransactionManager - Found thread-bound EntityManager [SessionImpl(764225516<open>)] for JPA transaction
2026-03-16 17:07:43 [http-nio-8080-exec-9] DEBUG o.s.orm.jpa.JpaTransactionManager - Participating in existing transaction
2026-03-16 17:07:43 [http-nio-8080-exec-19] DEBUG o.s.orm.jpa.JpaTransactionManager - Participating in existing transaction
2026-03-16 17:07:43 [http-nio-8080-exec-8] DEBUG o.s.orm.jpa.JpaTransactionManager - Participating in existing transaction
2026-03-16 17:07:43 [http-nio-8080-exec-9] DEBUG org.hibernate.SQL - select ua1_0.scrty_dtrmn_trget_id,ua1_0.author_code,ua1_0.frst_register_id,ua1_0.frst_regist_pnttm,ua1_0.last_updusr_id,ua1_0.last_updt_pnttm,ua1_0.mber_ty_code from nemplyrscrtyestbs ua1_0 where ua1_0.scrty_dtrmn_trget_id=?
2026-03-16 17:07:43 [http-nio-8080-exec-19] DEBUG org.hibernate.SQL - select ua1_0.scrty_dtrmn_trget_id,ua1_0.author_code,ua1_0.frst_register_id,ua1_0.frst_regist_pnttm,ua1_0.last_updusr_id,ua1_0.last_updt_pnttm,ua1_0.mber_ty_code from nemplyrscrtyestbs ua1_0 where ua1_0.scrty_dtrmn_trget_id=?
2026-03-16 17:07:43 [http-nio-8080-exec-8] DEBUG org.hibernate.SQL - select ua1_0.scrty_dtrmn_trget_id,ua1_0.author_code,ua1_0.frst_register_id,ua1_0.frst_regist_pnttm,ua1_0.last_updusr_id,ua1_0.last_updt_pnttm,ua1_0.mber_ty_code from nemplyrscrtyestbs ua1_0 where ua1_0.scrty_dtrmn_trget_id=?
2026-03-16 17:07:43 [http-nio-8080-exec-17] DEBUG o.s.orm.jpa.JpaTransactionManager - Found thread-bound EntityManager [SessionImpl(416910455<open>)] for JPA transaction
2026-03-16 17:07:43 [http-nio-8080-exec-17] DEBUG o.s.orm.jpa.JpaTransactionManager - Participating in existing transaction
2026-03-16 17:07:43 [http-nio-8080-exec-17] DEBUG org.hibernate.SQL - select ua1_0.scrty_dtrmn_trget_id,ua1_0.author_code,ua1_0.frst_register_id,ua1_0.frst_regist_pnttm,ua1_0.last_updusr_id,ua1_0.last_updt_pnttm,ua1_0.mber_ty_code from nemplyrscrtyestbs ua1_0 where ua1_0.scrty_dtrmn_trget_id=?
2026-03-16 17:07:43 [http-nio-8080-exec-15] DEBUG o.s.orm.jpa.JpaTransactionManager - Closing JPA EntityManager [SessionImpl(1361998541<open>)] after transaction
2026-03-16 17:07:43 [http-nio-8080-exec-15] DEBUG o.s.w.s.m.m.a.HttpEntityMethodProcessor - Using 'application/json', given [application/json, text/plain, */*] and supported [application/json, application/*+json, application/yaml]
2026-03-16 17:07:43 [http-nio-8080-exec-15] TRACE o.s.w.s.m.m.a.HttpEntityMethodProcessor - Writing [ApiResponse[success=true, status=200, code=COMMON_001, message=Success, data=0, timestamp=2026-03-16T17:07:43.673691100]]
2026-03-16 17:07:43 [http-nio-8080-exec-15] INFO  c.c.p.a.i.OperationalAuditInterceptor - API Audit Log: URL=/api/v1/notifications/unread-count, User=webmaster, IP=127.0.0.1
2026-03-16 17:07:43 [http-nio-8080-exec-15] DEBUG o.s.web.servlet.DispatcherServlet - Completed 200 OK
2026-03-16 17:07:43 [http-nio-8080-exec-3] DEBUG o.s.orm.jpa.JpaTransactionManager - Closing JPA EntityManager [SessionImpl(1662360949<open>)] after transaction
2026-03-16 17:07:43 [http-nio-8080-exec-3] DEBUG o.s.w.s.m.m.a.HttpEntityMethodProcessor - Using 'application/json', given [application/json, text/plain, */*] and supported [application/json, application/*+json, application/yaml]
2026-03-16 17:07:43 [http-nio-8080-exec-3] TRACE o.s.w.s.m.m.a.HttpEntityMethodProcessor - Writing [ApiResponse[success=true, status=200, code=COMMON_001, message=Success, data=[NotificationDto(ntfcNo=NT001, ntfcSj=테스트 알림입니다, ntfcCn=알림 내용입니다, ntfcDate=null, ntfcTime=2026-02-25T00:59:33.784070, bhNtfcIntrvl=null, uniqId=null, frstRegisterId=null, frstRegisterPnttm=2026-02-25T00:59:33.784070, lastUpdusrId=null, lastUpdusrPnttm=null)], timestamp=2026-03-16T17:07:43.680092500]]
2026-03-16 17:07:43 [http-nio-8080-exec-3] INFO  c.c.p.a.i.OperationalAuditInterceptor - API Audit Log: URL=/api/v1/notifications, User=webmaster, IP=127.0.0.1
2026-03-16 17:07:43 [http-nio-8080-exec-3] DEBUG o.s.web.servlet.DispatcherServlet - Completed 200 OK
2026-03-16 17:07:43 [http-nio-8080-exec-13] DEBUG o.s.orm.jpa.JpaTransactionManager - Initiating transaction commit
2026-03-16 17:07:43 [http-nio-8080-exec-13] DEBUG o.s.orm.jpa.JpaTransactionManager - Committing JPA transaction on EntityManager [SessionImpl(1479424818<open>)]
2026-03-16 17:07:43 [http-nio-8080-exec-10] DEBUG o.s.orm.jpa.JpaTransactionManager - Initiating transaction commit
2026-03-16 17:07:43 [http-nio-8080-exec-10] DEBUG o.s.orm.jpa.JpaTransactionManager - Committing JPA transaction on EntityManager [SessionImpl(1978496316<open>)]
2026-03-16 17:07:43 [http-nio-8080-exec-8] DEBUG o.s.orm.jpa.JpaTransactionManager - Initiating transaction commit
2026-03-16 17:07:43 [http-nio-8080-exec-19] DEBUG o.s.orm.jpa.JpaTransactionManager - Initiating transaction commit
2026-03-16 17:07:43 [http-nio-8080-exec-8] DEBUG o.s.orm.jpa.JpaTransactionManager - Committing JPA transaction on EntityManager [SessionImpl(764225516<open>)]
2026-03-16 17:07:43 [http-nio-8080-exec-19] DEBUG o.s.orm.jpa.JpaTransactionManager - Committing JPA transaction on EntityManager [SessionImpl(1198178297<open>)]
2026-03-16 17:07:43 [http-nio-8080-exec-9] DEBUG o.s.orm.jpa.JpaTransactionManager - Initiating transaction commit
2026-03-16 17:07:43 [http-nio-8080-exec-17] DEBUG o.s.orm.jpa.JpaTransactionManager - Initiating transaction commit
2026-03-16 17:07:43 [http-nio-8080-exec-9] DEBUG o.s.orm.jpa.JpaTransactionManager - Committing JPA transaction on EntityManager [SessionImpl(1097780833<open>)]
2026-03-16 17:07:43 [http-nio-8080-exec-17] DEBUG o.s.orm.jpa.JpaTransactionManager - Committing JPA transaction on EntityManager [SessionImpl(416910455<open>)]
2026-03-16 17:07:43 [http-nio-8080-exec-13] DEBUG o.s.orm.jpa.JpaTransactionManager - Closing JPA EntityManager [SessionImpl(1479424818<open>)] after transaction
2026-03-16 17:07:43 [http-nio-8080-exec-13] DEBUG o.s.orm.jpa.JpaTransactionManager - Creating new transaction with name [com.company.project.service.board.BoardService.getBoardPosts]: PROPAGATION_REQUIRED,ISOLATION_DEFAULT,readOnly
2026-03-16 17:07:43 [http-nio-8080-exec-13] DEBUG o.s.orm.jpa.JpaTransactionManager - Opened new EntityManager [SessionImpl(8605586<open>)] for JPA transaction
2026-03-16 17:07:43 [http-nio-8080-exec-13] DEBUG o.s.orm.jpa.JpaTransactionManager - Exposing JPA transaction as JDBC [org.springframework.orm.jpa.vendor.HibernateJpaDialect$HibernateConnectionHandle@37a95fb9]
2026-03-16 17:07:43 [http-nio-8080-exec-13] DEBUG o.s.orm.jpa.JpaTransactionManager - Found thread-bound EntityManager [SessionImpl(8605586<open>)] for JPA transaction
2026-03-16 17:07:43 [http-nio-8080-exec-13] DEBUG o.s.orm.jpa.JpaTransactionManager - Participating in existing transaction
2026-03-16 17:07:43 [http-nio-8080-exec-13] DEBUG org.hibernate.SQL - select bm1_0.bbs_id,bm1_0.atch_posbl_file_number,bm1_0.atch_posbl_file_size,bm1_0.bbs_attrb_code,bm1_0.bbs_intrcn,bm1_0.bbs_nm,bm1_0.bbs_ty_code,bm1_0.blog_at,bm1_0.blog_id,bm1_0.cmmnty_id,bm1_0.frst_register_id,bm1_0.frst_regist_pnttm,bm1_0.file_atch_posbl_at,bm1_0.last_updusr_id,bm1_0.last_updt_pnttm,bm1_0.reply_posbl_at,bm1_0.tmplat_id,bm1_0.use_at,bm1_1.answer_at,bm1_1.stsfdg_at from nbbsmaster bm1_0 left join nbbsmasteroptn bm1_1 on bm1_0.bbs_id=bm1_1.bbs_id where bm1_0.bbs_id=?
2026-03-16 17:07:43 [http-nio-8080-exec-10] DEBUG o.s.orm.jpa.JpaTransactionManager - Closing JPA EntityManager [SessionImpl(1978496316<open>)] after transaction
2026-03-16 17:07:43 [http-nio-8080-exec-10] DEBUG c.c.p.s.jwt.JwtAuthenticationFilter - >>> [JwtFilter] Successfully authenticated user: USRCNFRM_99999999999, Authorities: [ROLE_ADMIN]
2026-03-16 17:07:43 [http-nio-8080-exec-10] DEBUG o.s.web.servlet.DispatcherServlet - GET "/api/v1/menu/left?menuNo=10", parameters={masked}
2026-03-16 17:07:43 [http-nio-8080-exec-10] TRACE o.s.w.s.m.m.a.RequestMappingHandlerMapping - Mapped to com.company.project.api.controller.menu.MenuController#getLeftMenu(Long)
2026-03-16 17:07:43 [http-nio-8080-exec-10] INFO  c.c.p.a.c.menu.MenuController - getLeftMenu called with menuNo=10
2026-03-16 17:07:43 [http-nio-8080-exec-10] DEBUG o.s.orm.jpa.JpaTransactionManager - Creating new transaction with name [com.company.project.service.menu.MenuService.getSubMenus]: PROPAGATION_REQUIRED,ISOLATION_DEFAULT,readOnly
2026-03-16 17:07:43 [http-nio-8080-exec-10] DEBUG o.s.orm.jpa.JpaTransactionManager - Opened new EntityManager [SessionImpl(1344469577<open>)] for JPA transaction
2026-03-16 17:07:43 [http-nio-8080-exec-10] DEBUG o.s.orm.jpa.JpaTransactionManager - Exposing JPA transaction as JDBC [org.springframework.orm.jpa.vendor.HibernateJpaDialect$HibernateConnectionHandle@38257e19]
2026-03-16 17:07:43 [http-nio-8080-exec-10] DEBUG org.hibernate.SQL - select m1_0.menu_no,m1_0.menu_dc,m1_0.menu_nm,m1_0.menu_ordr,m1_0.modern_route,m1_0.progrm_file_nm,m1_0.relate_image_nm,m1_0.relate_image_path,m1_0.route_updated_at,m1_0.upper_menu_no from nmenuinfo m1_0 order by m1_0.upper_menu_no,m1_0.menu_ordr
2026-03-16 17:07:43 [http-nio-8080-exec-8] DEBUG o.s.orm.jpa.JpaTransactionManager - Closing JPA EntityManager [SessionImpl(764225516<open>)] after transaction
2026-03-16 17:07:43 [http-nio-8080-exec-19] DEBUG o.s.orm.jpa.JpaTransactionManager - Closing JPA EntityManager [SessionImpl(1198178297<open>)] after transaction
2026-03-16 17:07:43 [http-nio-8080-exec-8] DEBUG c.c.p.s.jwt.JwtAuthenticationFilter - >>> [JwtFilter] Successfully authenticated user: USRCNFRM_99999999999, Authorities: [ROLE_ADMIN]
2026-03-16 17:07:43 [http-nio-8080-exec-19] DEBUG c.c.p.s.jwt.JwtAuthenticationFilter - >>> [JwtFilter] Successfully authenticated user: USRCNFRM_99999999999, Authorities: [ROLE_ADMIN]
2026-03-16 17:07:43 [http-nio-8080-exec-8] DEBUG o.s.web.servlet.DispatcherServlet - GET "/api/v1/menu/left?menuNo=40", parameters={masked}
2026-03-16 17:07:43 [http-nio-8080-exec-19] DEBUG o.s.web.servlet.DispatcherServlet - GET "/api/v1/menu/left?menuNo=60", parameters={masked}
2026-03-16 17:07:43 [http-nio-8080-exec-8] TRACE o.s.w.s.m.m.a.RequestMappingHandlerMapping - Mapped to com.company.project.api.controller.menu.MenuController#getLeftMenu(Long)
2026-03-16 17:07:43 [http-nio-8080-exec-19] TRACE o.s.w.s.m.m.a.RequestMappingHandlerMapping - Mapped to com.company.project.api.controller.menu.MenuController#getLeftMenu(Long)
2026-03-16 17:07:43 [http-nio-8080-exec-8] INFO  c.c.p.a.c.menu.MenuController - getLeftMenu called with menuNo=40
2026-03-16 17:07:43 [http-nio-8080-exec-19] INFO  c.c.p.a.c.menu.MenuController - getLeftMenu called with menuNo=60
2026-03-16 17:07:43 [http-nio-8080-exec-8] DEBUG o.s.orm.jpa.JpaTransactionManager - Creating new transaction with name [com.company.project.service.menu.MenuService.getSubMenus]: PROPAGATION_REQUIRED,ISOLATION_DEFAULT,readOnly
2026-03-16 17:07:43 [http-nio-8080-exec-19] DEBUG o.s.orm.jpa.JpaTransactionManager - Creating new transaction with name [com.company.project.service.menu.MenuService.getSubMenus]: PROPAGATION_REQUIRED,ISOLATION_DEFAULT,readOnly
2026-03-16 17:07:43 [http-nio-8080-exec-8] DEBUG o.s.orm.jpa.JpaTransactionManager - Opened new EntityManager [SessionImpl(1188765699<open>)] for JPA transaction
2026-03-16 17:07:43 [http-nio-8080-exec-19] DEBUG o.s.orm.jpa.JpaTransactionManager - Opened new EntityManager [SessionImpl(2104940687<open>)] for JPA transaction
2026-03-16 17:07:43 [http-nio-8080-exec-8] DEBUG o.s.orm.jpa.JpaTransactionManager - Exposing JPA transaction as JDBC [org.springframework.orm.jpa.vendor.HibernateJpaDialect$HibernateConnectionHandle@32a006cd]
2026-03-16 17:07:43 [http-nio-8080-exec-19] DEBUG o.s.orm.jpa.JpaTransactionManager - Exposing JPA transaction as JDBC [org.springframework.orm.jpa.vendor.HibernateJpaDialect$HibernateConnectionHandle@135e6757]
2026-03-16 17:07:43 [http-nio-8080-exec-8] DEBUG org.hibernate.SQL - select m1_0.menu_no,m1_0.menu_dc,m1_0.menu_nm,m1_0.menu_ordr,m1_0.modern_route,m1_0.progrm_file_nm,m1_0.relate_image_nm,m1_0.relate_image_path,m1_0.route_updated_at,m1_0.upper_menu_no from nmenuinfo m1_0 order by m1_0.upper_menu_no,m1_0.menu_ordr
2026-03-16 17:07:43 [http-nio-8080-exec-19] DEBUG org.hibernate.SQL - select m1_0.menu_no,m1_0.menu_dc,m1_0.menu_nm,m1_0.menu_ordr,m1_0.modern_route,m1_0.progrm_file_nm,m1_0.relate_image_nm,m1_0.relate_image_path,m1_0.route_updated_at,m1_0.upper_menu_no from nmenuinfo m1_0 order by m1_0.upper_menu_no,m1_0.menu_ordr
2026-03-16 17:07:43 [http-nio-8080-exec-9] DEBUG o.s.orm.jpa.JpaTransactionManager - Closing JPA EntityManager [SessionImpl(1097780833<open>)] after transaction
2026-03-16 17:07:43 [http-nio-8080-exec-17] DEBUG o.s.orm.jpa.JpaTransactionManager - Closing JPA EntityManager [SessionImpl(416910455<open>)] after transaction
2026-03-16 17:07:43 [http-nio-8080-exec-9] DEBUG c.c.p.s.jwt.JwtAuthenticationFilter - >>> [JwtFilter] Successfully authenticated user: USRCNFRM_99999999999, Authorities: [ROLE_ADMIN]
2026-03-16 17:07:43 [http-nio-8080-exec-17] DEBUG c.c.p.s.jwt.JwtAuthenticationFilter - >>> [JwtFilter] Successfully authenticated user: USRCNFRM_99999999999, Authorities: [ROLE_ADMIN]
2026-03-16 17:07:43 [http-nio-8080-exec-9] DEBUG o.s.web.servlet.DispatcherServlet - GET "/api/v1/menu/left?menuNo=50", parameters={masked}
2026-03-16 17:07:43 [http-nio-8080-exec-17] DEBUG o.s.web.servlet.DispatcherServlet - GET "/api/v1/menu/left?menuNo=20", parameters={masked}
2026-03-16 17:07:43 [http-nio-8080-exec-9] TRACE o.s.w.s.m.m.a.RequestMappingHandlerMapping - Mapped to com.company.project.api.controller.menu.MenuController#getLeftMenu(Long)
2026-03-16 17:07:43 [http-nio-8080-exec-17] TRACE o.s.w.s.m.m.a.RequestMappingHandlerMapping - Mapped to com.company.project.api.controller.menu.MenuController#getLeftMenu(Long)
2026-03-16 17:07:43 [http-nio-8080-exec-9] INFO  c.c.p.a.c.menu.MenuController - getLeftMenu called with menuNo=50
2026-03-16 17:07:43 [http-nio-8080-exec-9] DEBUG o.s.orm.jpa.JpaTransactionManager - Creating new transaction with name [com.company.project.service.menu.MenuService.getSubMenus]: PROPAGATION_REQUIRED,ISOLATION_DEFAULT,readOnly
2026-03-16 17:07:43 [http-nio-8080-exec-9] DEBUG o.s.orm.jpa.JpaTransactionManager - Opened new EntityManager [SessionImpl(122222223<open>)] for JPA transaction
2026-03-16 17:07:43 [http-nio-8080-exec-17] INFO  c.c.p.a.c.menu.MenuController - getLeftMenu called with menuNo=20
2026-03-16 17:07:43 [http-nio-8080-exec-9] DEBUG o.s.orm.jpa.JpaTransactionManager - Exposing JPA transaction as JDBC [org.springframework.orm.jpa.vendor.HibernateJpaDialect$HibernateConnectionHandle@27fde003]
2026-03-16 17:07:43 [http-nio-8080-exec-17] DEBUG o.s.orm.jpa.JpaTransactionManager - Creating new transaction with name [com.company.project.service.menu.MenuService.getSubMenus]: PROPAGATION_REQUIRED,ISOLATION_DEFAULT,readOnly
2026-03-16 17:07:43 [http-nio-8080-exec-17] DEBUG o.s.orm.jpa.JpaTransactionManager - Opened new EntityManager [SessionImpl(1509783423<open>)] for JPA transaction
2026-03-16 17:07:43 [http-nio-8080-exec-17] DEBUG o.s.orm.jpa.JpaTransactionManager - Exposing JPA transaction as JDBC [org.springframework.orm.jpa.vendor.HibernateJpaDialect$HibernateConnectionHandle@4620912d]
2026-03-16 17:07:43 [http-nio-8080-exec-17] DEBUG org.hibernate.SQL - select m1_0.menu_no,m1_0.menu_dc,m1_0.menu_nm,m1_0.menu_ordr,m1_0.modern_route,m1_0.progrm_file_nm,m1_0.relate_image_nm,m1_0.relate_image_path,m1_0.route_updated_at,m1_0.upper_menu_no from nmenuinfo m1_0 order by m1_0.upper_menu_no,m1_0.menu_ordr
2026-03-16 17:07:43 [http-nio-8080-exec-9] DEBUG org.hibernate.SQL - select m1_0.menu_no,m1_0.menu_dc,m1_0.menu_nm,m1_0.menu_ordr,m1_0.modern_route,m1_0.progrm_file_nm,m1_0.relate_image_nm,m1_0.relate_image_path,m1_0.route_updated_at,m1_0.upper_menu_no from nmenuinfo m1_0 order by m1_0.upper_menu_no,m1_0.menu_ordr
2026-03-16 17:07:44 [http-nio-8080-exec-13] DEBUG org.hibernate.SQL - select b1_0.ntt_id,b1_0.bbs_id,b1_0.ntt_sj,b1_0.ntcr_nm,b1_0.frst_regist_pnttm,b1_0.rdcnt,b1_0.answer_at,b1_0.parntsctt_no,b1_0.answer_lc,b1_0.sort_ordr,b1_0.ntt_no,b1_0.notice_at,b1_0.secret_at,b1_0.comment_co from nbbs b1_0 left join nemplyrinfo u1_0 on b1_0.frst_register_id=u1_0.esntl_id where (b1_0.use_at = 'Y') and b1_0.bbs_id=? order by b1_0.sort_ordr desc,b1_0.ntt_no offset ? rows fetch first ? rows only
2026-03-16 17:07:44 [http-nio-8080-exec-13] DEBUG org.hibernate.SQL - select count(b1_0.ntt_id) from nbbs b1_0 left join nemplyrinfo u1_0 on b1_0.frst_register_id=u1_0.esntl_id where (b1_0.use_at = 'Y') and b1_0.bbs_id=?
2026-03-16 17:07:44 [http-nio-8080-exec-10] DEBUG o.s.orm.jpa.JpaTransactionManager - Found thread-bound EntityManager [SessionImpl(1344469577<open>)] for JPA transaction
2026-03-16 17:07:44 [http-nio-8080-exec-10] DEBUG o.s.orm.jpa.JpaTransactionManager - Participating in existing transaction
2026-03-16 17:07:44 [http-nio-8080-exec-10] DEBUG org.hibernate.SQL - select p1_0.progrm_file_nm,p1_0.progrm_dc,p1_0.progrm_korean_nm,p1_0.progrm_stre_path,p1_0.url from nprogrmlist p1_0
2026-03-16 17:07:44 [http-nio-8080-exec-8] DEBUG o.s.orm.jpa.JpaTransactionManager - Found thread-bound EntityManager [SessionImpl(1188765699<open>)] for JPA transaction
2026-03-16 17:07:44 [http-nio-8080-exec-19] DEBUG o.s.orm.jpa.JpaTransactionManager - Found thread-bound EntityManager [SessionImpl(2104940687<open>)] for JPA transaction
2026-03-16 17:07:44 [http-nio-8080-exec-8] DEBUG o.s.orm.jpa.JpaTransactionManager - Participating in existing transaction
2026-03-16 17:07:44 [http-nio-8080-exec-19] DEBUG o.s.orm.jpa.JpaTransactionManager - Participating in existing transaction
2026-03-16 17:07:44 [http-nio-8080-exec-19] DEBUG org.hibernate.SQL - select p1_0.progrm_file_nm,p1_0.progrm_dc,p1_0.progrm_korean_nm,p1_0.progrm_stre_path,p1_0.url from nprogrmlist p1_0
2026-03-16 17:07:44 [http-nio-8080-exec-8] DEBUG org.hibernate.SQL - select p1_0.progrm_file_nm,p1_0.progrm_dc,p1_0.progrm_korean_nm,p1_0.progrm_stre_path,p1_0.url from nprogrmlist p1_0
2026-03-16 17:07:44 [http-nio-8080-exec-17] DEBUG o.s.orm.jpa.JpaTransactionManager - Found thread-bound EntityManager [SessionImpl(1509783423<open>)] for JPA transaction
2026-03-16 17:07:44 [http-nio-8080-exec-17] DEBUG o.s.orm.jpa.JpaTransactionManager - Participating in existing transaction
2026-03-16 17:07:44 [http-nio-8080-exec-9] DEBUG o.s.orm.jpa.JpaTransactionManager - Found thread-bound EntityManager [SessionImpl(122222223<open>)] for JPA transaction
2026-03-16 17:07:44 [http-nio-8080-exec-9] DEBUG o.s.orm.jpa.JpaTransactionManager - Participating in existing transaction
2026-03-16 17:07:44 [http-nio-8080-exec-9] DEBUG org.hibernate.SQL - select p1_0.progrm_file_nm,p1_0.progrm_dc,p1_0.progrm_korean_nm,p1_0.progrm_stre_path,p1_0.url from nprogrmlist p1_0
2026-03-16 17:07:44 [http-nio-8080-exec-17] DEBUG org.hibernate.SQL - select p1_0.progrm_file_nm,p1_0.progrm_dc,p1_0.progrm_korean_nm,p1_0.progrm_stre_path,p1_0.url from nprogrmlist p1_0
2026-03-16 17:07:44 [http-nio-8080-exec-13] DEBUG o.s.orm.jpa.JpaTransactionManager - Initiating transaction commit
2026-03-16 17:07:44 [http-nio-8080-exec-13] DEBUG o.s.orm.jpa.JpaTransactionManager - Committing JPA transaction on EntityManager [SessionImpl(8605586<open>)]
2026-03-16 17:07:44 [http-nio-8080-exec-10] DEBUG o.s.orm.jpa.JpaTransactionManager - Initiating transaction commit
2026-03-16 17:07:44 [http-nio-8080-exec-10] DEBUG o.s.orm.jpa.JpaTransactionManager - Committing JPA transaction on EntityManager [SessionImpl(1344469577<open>)]
2026-03-16 17:07:44 [http-nio-8080-exec-8] DEBUG o.s.orm.jpa.JpaTransactionManager - Initiating transaction commit
2026-03-16 17:07:44 [http-nio-8080-exec-19] DEBUG o.s.orm.jpa.JpaTransactionManager - Initiating transaction commit
2026-03-16 17:07:44 [http-nio-8080-exec-8] DEBUG o.s.orm.jpa.JpaTransactionManager - Committing JPA transaction on EntityManager [SessionImpl(1188765699<open>)]
2026-03-16 17:07:44 [http-nio-8080-exec-19] DEBUG o.s.orm.jpa.JpaTransactionManager - Committing JPA transaction on EntityManager [SessionImpl(2104940687<open>)]
2026-03-16 17:07:44 [http-nio-8080-exec-9] DEBUG o.s.orm.jpa.JpaTransactionManager - Initiating transaction commit
2026-03-16 17:07:44 [http-nio-8080-exec-17] DEBUG o.s.orm.jpa.JpaTransactionManager - Initiating transaction commit
2026-03-16 17:07:44 [http-nio-8080-exec-9] DEBUG o.s.orm.jpa.JpaTransactionManager - Committing JPA transaction on EntityManager [SessionImpl(122222223<open>)]
2026-03-16 17:07:44 [http-nio-8080-exec-17] DEBUG o.s.orm.jpa.JpaTransactionManager - Committing JPA transaction on EntityManager [SessionImpl(1509783423<open>)]
2026-03-16 17:07:44 [http-nio-8080-exec-13] DEBUG o.s.orm.jpa.JpaTransactionManager - Closing JPA EntityManager [SessionImpl(8605586<open>)] after transaction
2026-03-16 17:07:44 [http-nio-8080-exec-13] DEBUG o.s.orm.jpa.JpaTransactionManager - Creating new transaction with name [com.company.project.service.informalsanction.InformalSanctionServiceImpl.getReceivedInformalSanctionList]: PROPAGATION_REQUIRED,ISOLATION_DEFAULT,readOnly
2026-03-16 17:07:44 [http-nio-8080-exec-13] DEBUG o.s.orm.jpa.JpaTransactionManager - Opened new EntityManager [SessionImpl(1862964384<open>)] for JPA transaction
2026-03-16 17:07:44 [http-nio-8080-exec-13] DEBUG o.s.orm.jpa.JpaTransactionManager - Exposing JPA transaction as JDBC [org.springframework.orm.jpa.vendor.HibernateJpaDialect$HibernateConnectionHandle@7a381c0]
2026-03-16 17:07:44 [http-nio-8080-exec-13] DEBUG org.hibernate.SQL - select is1_0.infrml_sanctn_id,is1_0.applcnt_id,is1_0.confm_at,is1_0.frst_register_id,is1_0.frst_regist_pnttm,is1_0.job_se_code,is1_0.last_updusr_id,is1_0.last_updt_pnttm,is1_0.reqst_de,is1_0.return_resn,is1_0.sanctn_dt,is1_0.sanctner_id from ninfrmlsanctn is1_0 where is1_0.sanctner_id=?
2026-03-16 17:07:44 [http-nio-8080-exec-10] DEBUG o.s.orm.jpa.JpaTransactionManager - Closing JPA EntityManager [SessionImpl(1344469577<open>)] after transaction
2026-03-16 17:07:44 [http-nio-8080-exec-10] INFO  c.c.p.a.c.menu.MenuController - getLeftMenu returned 5 items
2026-03-16 17:07:44 [http-nio-8080-exec-10] DEBUG o.s.w.s.m.m.a.HttpEntityMethodProcessor - Using 'application/json', given [application/json, text/plain, */*] and supported [application/json, application/*+json, application/yaml]
2026-03-16 17:07:44 [http-nio-8080-exec-10] TRACE o.s.w.s.m.m.a.HttpEntityMethodProcessor - Writing [ApiResponse[success=true, status=200, code=COMMON_001, message=Success, data={list=[com.company.project.service.menu.dto.MenuDto@32f0b842, com.company.project.service.menu.dto.MenuDto@5f5c4a65, com.company.project.service.menu.dto.MenuDto@566373f4, com.company.project.service.menu.dto.MenuDto@34e35e59, com.company.project.service.menu.dto.MenuDto@3e6d22f]}, timestamp=2026-03-16T17:07:44.578505100]]
2026-03-16 17:07:44 [http-nio-8080-exec-10] INFO  c.c.p.a.i.OperationalAuditInterceptor - API Audit Log: URL=/api/v1/menu/left, User=webmaster, IP=0:0:0:0:0:0:0:1
2026-03-16 17:07:44 [http-nio-8080-exec-10] DEBUG o.s.web.servlet.DispatcherServlet - Completed 200 OK
2026-03-16 17:07:44 [http-nio-8080-exec-8] DEBUG o.s.orm.jpa.JpaTransactionManager - Closing JPA EntityManager [SessionImpl(1188765699<open>)] after transaction
2026-03-16 17:07:44 [http-nio-8080-exec-19] DEBUG o.s.orm.jpa.JpaTransactionManager - Closing JPA EntityManager [SessionImpl(2104940687<open>)] after transaction
2026-03-16 17:07:44 [http-nio-8080-exec-8] INFO  c.c.p.a.c.menu.MenuController - getLeftMenu returned 2 items
2026-03-16 17:07:44 [http-nio-8080-exec-19] INFO  c.c.p.a.c.menu.MenuController - getLeftMenu returned 1 items
2026-03-16 17:07:44 [http-nio-8080-exec-8] DEBUG o.s.w.s.m.m.a.HttpEntityMethodProcessor - Using 'application/json', given [application/json, text/plain, */*] and supported [application/json, application/*+json, application/yaml]
2026-03-16 17:07:44 [http-nio-8080-exec-19] DEBUG o.s.w.s.m.m.a.HttpEntityMethodProcessor - Using 'application/json', given [application/json, text/plain, */*] and supported [application/json, application/*+json, application/yaml]
2026-03-16 17:07:44 [http-nio-8080-exec-8] TRACE o.s.w.s.m.m.a.HttpEntityMethodProcessor - Writing [ApiResponse[success=true, status=200, code=COMMON_001, message=Success, data={list=[com.company.project.service.menu.dto.MenuDto@763cd63d, com.company.project.service.menu.dto.MenuDto@3d341456]}, timestamp=2026-03-16T17:07:44.591536500]]
2026-03-16 17:07:44 [http-nio-8080-exec-19] TRACE o.s.w.s.m.m.a.HttpEntityMethodProcessor - Writing [ApiResponse[success=true, status=200, code=COMMON_001, message=Success, data={list=[com.company.project.service.menu.dto.MenuDto@5d289bfe]}, timestamp=2026-03-16T17:07:44.591536500]]
2026-03-16 17:07:44 [http-nio-8080-exec-19] INFO  c.c.p.a.i.OperationalAuditInterceptor - API Audit Log: URL=/api/v1/menu/left, User=webmaster, IP=0:0:0:0:0:0:0:1
2026-03-16 17:07:44 [http-nio-8080-exec-8] INFO  c.c.p.a.i.OperationalAuditInterceptor - API Audit Log: URL=/api/v1/menu/left, User=webmaster, IP=0:0:0:0:0:0:0:1
2026-03-16 17:07:44 [http-nio-8080-exec-19] DEBUG o.s.web.servlet.DispatcherServlet - Completed 200 OK
2026-03-16 17:07:44 [http-nio-8080-exec-8] DEBUG o.s.web.servlet.DispatcherServlet - Completed 200 OK
2026-03-16 17:07:44 [http-nio-8080-exec-9] DEBUG o.s.orm.jpa.JpaTransactionManager - Closing JPA EntityManager [SessionImpl(122222223<open>)] after transaction
2026-03-16 17:07:44 [http-nio-8080-exec-17] DEBUG o.s.orm.jpa.JpaTransactionManager - Closing JPA EntityManager [SessionImpl(1509783423<open>)] after transaction
2026-03-16 17:07:44 [http-nio-8080-exec-9] INFO  c.c.p.a.c.menu.MenuController - getLeftMenu returned 3 items
2026-03-16 17:07:44 [http-nio-8080-exec-17] INFO  c.c.p.a.c.menu.MenuController - getLeftMenu returned 3 items
2026-03-16 17:07:44 [http-nio-8080-exec-9] DEBUG o.s.w.s.m.m.a.HttpEntityMethodProcessor - Using 'application/json', given [application/json, text/plain, */*] and supported [application/json, application/*+json, application/yaml]
2026-03-16 17:07:44 [http-nio-8080-exec-17] DEBUG o.s.w.s.m.m.a.HttpEntityMethodProcessor - Using 'application/json', given [application/json, text/plain, */*] and supported [application/json, application/*+json, application/yaml]
2026-03-16 17:07:44 [http-nio-8080-exec-9] TRACE o.s.w.s.m.m.a.HttpEntityMethodProcessor - Writing [ApiResponse[success=true, status=200, code=COMMON_001, message=Success, data={list=[com.company.project.service.menu.dto.MenuDto@39c83f94, com.company.project.service.menu.dto.MenuDto@b0a8341, com.company.project.service.menu.dto.MenuDto@2b89acb]}, timestamp=2026-03-16T17:07:44.657906300]]
2026-03-16 17:07:44 [http-nio-8080-exec-17] TRACE o.s.w.s.m.m.a.HttpEntityMethodProcessor - Writing [ApiResponse[success=true, status=200, code=COMMON_001, message=Success, data={list=[com.company.project.service.menu.dto.MenuDto@6b8251fe, com.company.project.service.menu.dto.MenuDto@cdb4a9, com.company.project.service.menu.dto.MenuDto@254c9161]}, timestamp=2026-03-16T17:07:44.658800]]
2026-03-16 17:07:44 [http-nio-8080-exec-9] INFO  c.c.p.a.i.OperationalAuditInterceptor - API Audit Log: URL=/api/v1/menu/left, User=webmaster, IP=0:0:0:0:0:0:0:1
2026-03-16 17:07:44 [http-nio-8080-exec-17] INFO  c.c.p.a.i.OperationalAuditInterceptor - API Audit Log: URL=/api/v1/menu/left, User=webmaster, IP=0:0:0:0:0:0:0:1
2026-03-16 17:07:44 [http-nio-8080-exec-9] DEBUG o.s.web.servlet.DispatcherServlet - Completed 200 OK
2026-03-16 17:07:44 [http-nio-8080-exec-17] DEBUG o.s.web.servlet.DispatcherServlet - Completed 200 OK
2026-03-16 17:07:44 [http-nio-8080-exec-13] DEBUG o.s.orm.jpa.JpaTransactionManager - Initiating transaction commit
2026-03-16 17:07:44 [http-nio-8080-exec-13] DEBUG o.s.orm.jpa.JpaTransactionManager - Committing JPA transaction on EntityManager [SessionImpl(1862964384<open>)]
2026-03-16 17:07:44 [http-nio-8080-exec-13] DEBUG o.s.orm.jpa.JpaTransactionManager - Closing JPA EntityManager [SessionImpl(1862964384<open>)] after transaction
2026-03-16 17:07:44 [http-nio-8080-exec-13] DEBUG o.s.w.s.m.m.a.HttpEntityMethodProcessor - Using 'application/json', given [application/json, text/plain, */*] and supported [application/json, application/*+json, application/yaml]
2026-03-16 17:07:44 [http-nio-8080-exec-13] TRACE o.s.w.s.m.m.a.HttpEntityMethodProcessor - Writing [{notiList=[com.company.project.service.board.dto.BoardDto@5dc8f987], success=true, taskList=[com.company.project.service.board.dto.BoardDto@7bcf79bc], pendingApprovalCount=0}]
2026-03-16 17:07:44 [http-nio-8080-exec-13] INFO  c.c.p.a.i.OperationalAuditInterceptor - API Audit Log: URL=/api/v1/dashboard, User=webmaster, IP=0:0:0:0:0:0:0:1
2026-03-16 17:07:44 [http-nio-8080-exec-13] DEBUG o.s.web.servlet.DispatcherServlet - Completed 200 OK
2026-03-16 17:07:45 [http-nio-8080-exec-2] DEBUG o.s.w.s.h.LoggingWebSocketHandlerDecorator - WebSocketServerSockJsSession[id=njqk1zlf] closed with CloseStatus[code=1001, reason=null]
2026-03-16 17:07:45 [http-nio-8080-exec-2] DEBUG o.s.w.s.m.SubProtocolWebSocketHandler - Clearing session njqk1zlf
2026-03-16 17:07:45 [scheduling-1] DEBUG org.springframework.web.SimpLogging - Processing DISCONNECT session=njqk1zlf
2026-03-16 17:07:45 [scheduling-1] DEBUG o.s.w.s.m.SubProtocolWebSocketHandler - No session for GenericMessage [payload=byte[0], headers={simpMessageType=DISCONNECT_ACK, simpDisconnectMessage=GenericMessage [payload=byte[0], headers={simpMessageType=DISCONNECT, stompCommand=DISCONNECT, simpSessionAttributes={org.springframework.messaging.simp.SimpAttributes.COMPLETED=true}, simpSessionId=njqk1zlf}], simpSessionId=njqk1zlf}]
2026-03-16 17:07:46 [http-nio-8080-exec-12] DEBUG c.c.p.s.jwt.JwtAuthenticationFilter - >>> [JwtFilter] Processing request: GET /api/v1/menu/left
2026-03-16 17:07:46 [http-nio-8080-exec-12] DEBUG c.c.p.s.jwt.JwtAuthenticationFilter - >>> [JwtFilter] Found token in header for path: /api/v1/menu/left
2026-03-16 17:07:46 [http-nio-8080-exec-12] DEBUG o.s.orm.jpa.JpaTransactionManager - Creating new transaction with name [com.company.project.security.iam.CustomUserDetailsService.loadUserByUsername]: PROPAGATION_REQUIRED,ISOLATION_DEFAULT,readOnly
2026-03-16 17:07:46 [http-nio-8080-exec-12] DEBUG o.s.orm.jpa.JpaTransactionManager - Opened new EntityManager [SessionImpl(1782290677<open>)] for JPA transaction
2026-03-16 17:07:46 [http-nio-8080-exec-15] DEBUG c.c.p.s.jwt.JwtAuthenticationFilter - >>> [JwtFilter] Processing request: GET /api/v1/menu/head
2026-03-16 17:07:46 [http-nio-8080-exec-15] DEBUG c.c.p.s.jwt.JwtAuthenticationFilter - >>> [JwtFilter] Found token in header for path: /api/v1/menu/head
2026-03-16 17:07:46 [http-nio-8080-exec-15] DEBUG o.s.orm.jpa.JpaTransactionManager - Creating new transaction with name [com.company.project.security.iam.CustomUserDetailsService.loadUserByUsername]: PROPAGATION_REQUIRED,ISOLATION_DEFAULT,readOnly
2026-03-16 17:07:46 [http-nio-8080-exec-15] DEBUG o.s.orm.jpa.JpaTransactionManager - Opened new EntityManager [SessionImpl(919273384<open>)] for JPA transaction
2026-03-16 17:07:46 [http-nio-8080-exec-3] DEBUG c.c.p.s.jwt.JwtAuthenticationFilter - >>> [JwtFilter] Processing request: GET /api/v1/auth/me
2026-03-16 17:07:46 [http-nio-8080-exec-3] DEBUG c.c.p.s.jwt.JwtAuthenticationFilter - >>> [JwtFilter] Found token in header for path: /api/v1/auth/me
2026-03-16 17:07:46 [http-nio-8080-exec-3] DEBUG o.s.orm.jpa.JpaTransactionManager - Creating new transaction with name [com.company.project.security.iam.CustomUserDetailsService.loadUserByUsername]: PROPAGATION_REQUIRED,ISOLATION_DEFAULT,readOnly
2026-03-16 17:07:46 [http-nio-8080-exec-3] DEBUG o.s.orm.jpa.JpaTransactionManager - Opened new EntityManager [SessionImpl(1609721853<open>)] for JPA transaction
2026-03-16 17:07:46 [http-nio-8080-exec-12] DEBUG o.s.orm.jpa.JpaTransactionManager - Exposing JPA transaction as JDBC [org.springframework.orm.jpa.vendor.HibernateJpaDialect$HibernateConnectionHandle@28ac3ab1]
2026-03-16 17:07:46 [http-nio-8080-exec-15] DEBUG o.s.orm.jpa.JpaTransactionManager - Exposing JPA transaction as JDBC [org.springframework.orm.jpa.vendor.HibernateJpaDialect$HibernateConnectionHandle@3abff98a]
2026-03-16 17:07:46 [http-nio-8080-exec-12] DEBUG o.s.orm.jpa.JpaTransactionManager - Found thread-bound EntityManager [SessionImpl(1782290677<open>)] for JPA transaction
2026-03-16 17:07:46 [http-nio-8080-exec-12] DEBUG o.s.orm.jpa.JpaTransactionManager - Participating in existing transaction
2026-03-16 17:07:46 [http-nio-8080-exec-15] DEBUG o.s.orm.jpa.JpaTransactionManager - Found thread-bound EntityManager [SessionImpl(919273384<open>)] for JPA transaction
2026-03-16 17:07:46 [http-nio-8080-exec-15] DEBUG o.s.orm.jpa.JpaTransactionManager - Participating in existing transaction
2026-03-16 17:07:46 [http-nio-8080-exec-12] DEBUG org.hibernate.SQL - select u1_0.emplyr_id,u1_0.area_no,u1_0.brthdy,u1_0.chg_pwd_cnt,u1_0.frst_register_id,u1_0.frst_regist_pnttm,u1_0.detail_adres,u1_0.email_adres,u1_0.emplyr_sttus_code,u1_0.empl_no,u1_0.esntl_id,u1_0.fxnum,u1_0.group_id,u1_0.house_adres,u1_0.house_end_telno,u1_0.house_middle_telno,u1_0.ihidnum,u1_0.pstinst_code,u1_0.last_updusr_id,u1_0.last_updt_pnttm,u1_0.lock_at,u1_0.lock_cnt,u1_0.lock_last_pnttm,u1_0.mbtlnum,u1_0.ofcps_nm,u1_0.offm_telno,u1_0.orgnzt_id,u1_0.password,u1_0.password_cnsr,u1_0.password_hint,u1_0.chg_pwd_last_pnttm,u1_0.role,u1_0.sbscrb_de,u1_0.sexdstn_code,u1_0.crtfc_dn_value,u1_0.user_nm,u1_0.zip from nemplyrinfo u1_0 where u1_0.emplyr_id=?
2026-03-16 17:07:46 [http-nio-8080-exec-15] DEBUG org.hibernate.SQL - select u1_0.emplyr_id,u1_0.area_no,u1_0.brthdy,u1_0.chg_pwd_cnt,u1_0.frst_register_id,u1_0.frst_regist_pnttm,u1_0.detail_adres,u1_0.email_adres,u1_0.emplyr_sttus_code,u1_0.empl_no,u1_0.esntl_id,u1_0.fxnum,u1_0.group_id,u1_0.house_adres,u1_0.house_end_telno,u1_0.house_middle_telno,u1_0.ihidnum,u1_0.pstinst_code,u1_0.last_updusr_id,u1_0.last_updt_pnttm,u1_0.lock_at,u1_0.lock_cnt,u1_0.lock_last_pnttm,u1_0.mbtlnum,u1_0.ofcps_nm,u1_0.offm_telno,u1_0.orgnzt_id,u1_0.password,u1_0.password_cnsr,u1_0.password_hint,u1_0.chg_pwd_last_pnttm,u1_0.role,u1_0.sbscrb_de,u1_0.sexdstn_code,u1_0.crtfc_dn_value,u1_0.user_nm,u1_0.zip from nemplyrinfo u1_0 where u1_0.emplyr_id=?
2026-03-16 17:07:46 [http-nio-8080-exec-3] DEBUG o.s.orm.jpa.JpaTransactionManager - Exposing JPA transaction as JDBC [org.springframework.orm.jpa.vendor.HibernateJpaDialect$HibernateConnectionHandle@2d7c4cfe]
2026-03-16 17:07:46 [http-nio-8080-exec-3] DEBUG o.s.orm.jpa.JpaTransactionManager - Found thread-bound EntityManager [SessionImpl(1609721853<open>)] for JPA transaction
2026-03-16 17:07:46 [http-nio-8080-exec-3] DEBUG o.s.orm.jpa.JpaTransactionManager - Participating in existing transaction
2026-03-16 17:07:46 [http-nio-8080-exec-3] DEBUG org.hibernate.SQL - select u1_0.emplyr_id,u1_0.area_no,u1_0.brthdy,u1_0.chg_pwd_cnt,u1_0.frst_register_id,u1_0.frst_regist_pnttm,u1_0.detail_adres,u1_0.email_adres,u1_0.emplyr_sttus_code,u1_0.empl_no,u1_0.esntl_id,u1_0.fxnum,u1_0.group_id,u1_0.house_adres,u1_0.house_end_telno,u1_0.house_middle_telno,u1_0.ihidnum,u1_0.pstinst_code,u1_0.last_updusr_id,u1_0.last_updt_pnttm,u1_0.lock_at,u1_0.lock_cnt,u1_0.lock_last_pnttm,u1_0.mbtlnum,u1_0.ofcps_nm,u1_0.offm_telno,u1_0.orgnzt_id,u1_0.password,u1_0.password_cnsr,u1_0.password_hint,u1_0.chg_pwd_last_pnttm,u1_0.role,u1_0.sbscrb_de,u1_0.sexdstn_code,u1_0.crtfc_dn_value,u1_0.user_nm,u1_0.zip from nemplyrinfo u1_0 where u1_0.emplyr_id=?
2026-03-16 17:07:46 [http-nio-8080-exec-12] DEBUG o.s.orm.jpa.JpaTransactionManager - Found thread-bound EntityManager [SessionImpl(1782290677<open>)] for JPA transaction
2026-03-16 17:07:46 [http-nio-8080-exec-12] DEBUG o.s.orm.jpa.JpaTransactionManager - Participating in existing transaction
2026-03-16 17:07:46 [http-nio-8080-exec-12] DEBUG org.hibernate.SQL - select ua1_0.scrty_dtrmn_trget_id,ua1_0.author_code,ua1_0.frst_register_id,ua1_0.frst_regist_pnttm,ua1_0.last_updusr_id,ua1_0.last_updt_pnttm,ua1_0.mber_ty_code from nemplyrscrtyestbs ua1_0 where ua1_0.scrty_dtrmn_trget_id=?
2026-03-16 17:07:46 [http-nio-8080-exec-15] DEBUG o.s.orm.jpa.JpaTransactionManager - Found thread-bound EntityManager [SessionImpl(919273384<open>)] for JPA transaction
2026-03-16 17:07:46 [http-nio-8080-exec-15] DEBUG o.s.orm.jpa.JpaTransactionManager - Participating in existing transaction
2026-03-16 17:07:46 [http-nio-8080-exec-15] DEBUG org.hibernate.SQL - select ua1_0.scrty_dtrmn_trget_id,ua1_0.author_code,ua1_0.frst_register_id,ua1_0.frst_regist_pnttm,ua1_0.last_updusr_id,ua1_0.last_updt_pnttm,ua1_0.mber_ty_code from nemplyrscrtyestbs ua1_0 where ua1_0.scrty_dtrmn_trget_id=?
2026-03-16 17:07:46 [http-nio-8080-exec-3] DEBUG o.s.orm.jpa.JpaTransactionManager - Found thread-bound EntityManager [SessionImpl(1609721853<open>)] for JPA transaction
2026-03-16 17:07:46 [http-nio-8080-exec-3] DEBUG o.s.orm.jpa.JpaTransactionManager - Participating in existing transaction
2026-03-16 17:07:46 [http-nio-8080-exec-3] DEBUG org.hibernate.SQL - select ua1_0.scrty_dtrmn_trget_id,ua1_0.author_code,ua1_0.frst_register_id,ua1_0.frst_regist_pnttm,ua1_0.last_updusr_id,ua1_0.last_updt_pnttm,ua1_0.mber_ty_code from nemplyrscrtyestbs ua1_0 where ua1_0.scrty_dtrmn_trget_id=?
2026-03-16 17:07:46 [http-nio-8080-exec-12] DEBUG o.s.orm.jpa.JpaTransactionManager - Initiating transaction commit
2026-03-16 17:07:46 [http-nio-8080-exec-12] DEBUG o.s.orm.jpa.JpaTransactionManager - Committing JPA transaction on EntityManager [SessionImpl(1782290677<open>)]
2026-03-16 17:07:46 [http-nio-8080-exec-15] DEBUG o.s.orm.jpa.JpaTransactionManager - Initiating transaction commit
2026-03-16 17:07:46 [http-nio-8080-exec-15] DEBUG o.s.orm.jpa.JpaTransactionManager - Committing JPA transaction on EntityManager [SessionImpl(919273384<open>)]
2026-03-16 17:07:46 [http-nio-8080-exec-3] DEBUG o.s.orm.jpa.JpaTransactionManager - Initiating transaction commit
2026-03-16 17:07:46 [http-nio-8080-exec-3] DEBUG o.s.orm.jpa.JpaTransactionManager - Committing JPA transaction on EntityManager [SessionImpl(1609721853<open>)]
2026-03-16 17:07:47 [http-nio-8080-exec-15] DEBUG o.s.orm.jpa.JpaTransactionManager - Closing JPA EntityManager [SessionImpl(919273384<open>)] after transaction
2026-03-16 17:07:47 [http-nio-8080-exec-12] DEBUG o.s.orm.jpa.JpaTransactionManager - Closing JPA EntityManager [SessionImpl(1782290677<open>)] after transaction
2026-03-16 17:07:47 [http-nio-8080-exec-15] DEBUG c.c.p.s.jwt.JwtAuthenticationFilter - >>> [JwtFilter] Successfully authenticated user: USRCNFRM_99999999999, Authorities: [ROLE_ADMIN]
2026-03-16 17:07:47 [http-nio-8080-exec-12] DEBUG c.c.p.s.jwt.JwtAuthenticationFilter - >>> [JwtFilter] Successfully authenticated user: USRCNFRM_99999999999, Authorities: [ROLE_ADMIN]
2026-03-16 17:07:47 [http-nio-8080-exec-15] DEBUG o.s.web.servlet.DispatcherServlet - GET "/api/v1/menu/head", parameters={}
2026-03-16 17:07:47 [http-nio-8080-exec-12] DEBUG o.s.web.servlet.DispatcherServlet - GET "/api/v1/menu/left?menuNo=10", parameters={masked}
2026-03-16 17:07:47 [http-nio-8080-exec-15] TRACE o.s.w.s.m.m.a.RequestMappingHandlerMapping - Mapped to com.company.project.api.controller.menu.MenuController#getHeadMenu()
2026-03-16 17:07:47 [http-nio-8080-exec-12] TRACE o.s.w.s.m.m.a.RequestMappingHandlerMapping - Mapped to com.company.project.api.controller.menu.MenuController#getLeftMenu(Long)
2026-03-16 17:07:47 [http-nio-8080-exec-15] INFO  c.c.p.a.c.menu.MenuController - getHeadMenu called
2026-03-16 17:07:47 [http-nio-8080-exec-12] INFO  c.c.p.a.c.menu.MenuController - getLeftMenu called with menuNo=10
2026-03-16 17:07:47 [http-nio-8080-exec-12] DEBUG o.s.orm.jpa.JpaTransactionManager - Creating new transaction with name [com.company.project.service.menu.MenuService.getSubMenus]: PROPAGATION_REQUIRED,ISOLATION_DEFAULT,readOnly
2026-03-16 17:07:47 [http-nio-8080-exec-12] DEBUG o.s.orm.jpa.JpaTransactionManager - Opened new EntityManager [SessionImpl(316080187<open>)] for JPA transaction
2026-03-16 17:07:47 [http-nio-8080-exec-12] DEBUG o.s.orm.jpa.JpaTransactionManager - Exposing JPA transaction as JDBC [org.springframework.orm.jpa.vendor.HibernateJpaDialect$HibernateConnectionHandle@6b07a02b]
2026-03-16 17:07:47 [http-nio-8080-exec-15] INFO  c.c.p.a.c.menu.MenuController - getHeadMenu returned 5 items
2026-03-16 17:07:47 [http-nio-8080-exec-15] DEBUG o.s.w.s.m.m.a.HttpEntityMethodProcessor - Using 'application/json', given [application/json, text/plain, */*] and supported [application/json, application/*+json, application/yaml]
2026-03-16 17:07:47 [http-nio-8080-exec-12] DEBUG org.hibernate.SQL - select m1_0.menu_no,m1_0.menu_dc,m1_0.menu_nm,m1_0.menu_ordr,m1_0.modern_route,m1_0.progrm_file_nm,m1_0.relate_image_nm,m1_0.relate_image_path,m1_0.route_updated_at,m1_0.upper_menu_no from nmenuinfo m1_0 order by m1_0.upper_menu_no,m1_0.menu_ordr
2026-03-16 17:07:47 [http-nio-8080-exec-15] TRACE o.s.w.s.m.m.a.HttpEntityMethodProcessor - Writing [ApiResponse[success=true, status=200, code=COMMON_001, message=Success, data={list=[com.company.project.service.menu.dto.MenuDto@2b80d6b0, com.company.project.service.menu.dto.MenuDto@1418cfa3, com.company.project.service.menu.dto.MenuDto@f230bf1, com.company.project.service.menu.dto.MenuDto@734a7f6a, com.company.project.service.menu.dto.MenuDto@5e5202e5]}, timestamp=2026-03-16T17:07:47.065118500]]
2026-03-16 17:07:47 [http-nio-8080-exec-15] INFO  c.c.p.a.i.OperationalAuditInterceptor - API Audit Log: URL=/api/v1/menu/head, User=webmaster, IP=127.0.0.1
2026-03-16 17:07:47 [http-nio-8080-exec-15] DEBUG o.s.web.servlet.DispatcherServlet - Completed 200 OK
2026-03-16 17:07:47 [http-nio-8080-exec-3] DEBUG o.s.orm.jpa.JpaTransactionManager - Closing JPA EntityManager [SessionImpl(1609721853<open>)] after transaction
2026-03-16 17:07:47 [http-nio-8080-exec-3] DEBUG c.c.p.s.jwt.JwtAuthenticationFilter - >>> [JwtFilter] Successfully authenticated user: USRCNFRM_99999999999, Authorities: [ROLE_ADMIN]
2026-03-16 17:07:47 [http-nio-8080-exec-3] DEBUG o.s.web.servlet.DispatcherServlet - GET "/api/v1/auth/me", parameters={}
2026-03-16 17:07:47 [http-nio-8080-exec-3] TRACE o.s.w.s.m.m.a.RequestMappingHandlerMapping - Mapped to com.company.project.api.auth.AuthController#getCurrentUser()
2026-03-16 17:07:47 [http-nio-8080-exec-3] DEBUG o.s.w.s.m.m.a.RequestResponseBodyMethodProcessor - Using 'application/json', given [application/json, text/plain, */*] and supported [application/json, application/*+json, application/yaml]
2026-03-16 17:07:47 [http-nio-8080-exec-3] TRACE o.s.w.s.m.m.a.RequestResponseBodyMethodProcessor - Writing [ApiResponse[success=true, status=200, code=COMMON_001, message=Success, data={role=ROLE_ADMIN, userSe=EMP, name=관리자, id=webmaster}, timestamp=2026-03-16T17:07:47.105273600]]
2026-03-16 17:07:47 [http-nio-8080-exec-3] INFO  c.c.p.a.i.OperationalAuditInterceptor - API Audit Log: URL=/api/v1/auth/me, User=webmaster, IP=127.0.0.1
2026-03-16 17:07:47 [http-nio-8080-exec-3] DEBUG o.s.web.servlet.DispatcherServlet - Completed 200 OK
2026-03-16 17:07:47 [http-nio-8080-exec-19] DEBUG c.c.p.s.jwt.JwtAuthenticationFilter - >>> [JwtFilter] Processing request: GET /api/v1/notifications/unread-count
2026-03-16 17:07:47 [http-nio-8080-exec-10] DEBUG c.c.p.s.jwt.JwtAuthenticationFilter - >>> [JwtFilter] Processing request: GET /api/v1/notifications
2026-03-16 17:07:47 [http-nio-8080-exec-19] DEBUG c.c.p.s.jwt.JwtAuthenticationFilter - >>> [JwtFilter] Found token in header for path: /api/v1/notifications/unread-count
2026-03-16 17:07:47 [http-nio-8080-exec-10] DEBUG c.c.p.s.jwt.JwtAuthenticationFilter - >>> [JwtFilter] Found token in header for path: /api/v1/notifications
2026-03-16 17:07:47 [http-nio-8080-exec-19] DEBUG o.s.orm.jpa.JpaTransactionManager - Creating new transaction with name [com.company.project.security.iam.CustomUserDetailsService.loadUserByUsername]: PROPAGATION_REQUIRED,ISOLATION_DEFAULT,readOnly
2026-03-16 17:07:47 [http-nio-8080-exec-10] DEBUG o.s.orm.jpa.JpaTransactionManager - Creating new transaction with name [com.company.project.security.iam.CustomUserDetailsService.loadUserByUsername]: PROPAGATION_REQUIRED,ISOLATION_DEFAULT,readOnly
2026-03-16 17:07:47 [http-nio-8080-exec-10] DEBUG o.s.orm.jpa.JpaTransactionManager - Opened new EntityManager [SessionImpl(1045737300<open>)] for JPA transaction
2026-03-16 17:07:47 [http-nio-8080-exec-19] DEBUG o.s.orm.jpa.JpaTransactionManager - Opened new EntityManager [SessionImpl(1968777729<open>)] for JPA transaction
2026-03-16 17:07:47 [http-nio-8080-exec-8] DEBUG c.c.p.s.jwt.JwtAuthenticationFilter - >>> [JwtFilter] Processing request: GET /api/v1/popups/active
2026-03-16 17:07:47 [http-nio-8080-exec-8] DEBUG c.c.p.s.jwt.JwtAuthenticationFilter - >>> [JwtFilter] Found token in header for path: /api/v1/popups/active
2026-03-16 17:07:47 [http-nio-8080-exec-17] DEBUG c.c.p.s.jwt.JwtAuthenticationFilter - >>> [JwtFilter] Processing request: GET /api/v1/admin/system/banners/reflected
2026-03-16 17:07:47 [http-nio-8080-exec-17] DEBUG c.c.p.s.jwt.JwtAuthenticationFilter - >>> [JwtFilter] Found token in header for path: /api/v1/admin/system/banners/reflected
2026-03-16 17:07:47 [http-nio-8080-exec-8] DEBUG o.s.orm.jpa.JpaTransactionManager - Creating new transaction with name [com.company.project.security.iam.CustomUserDetailsService.loadUserByUsername]: PROPAGATION_REQUIRED,ISOLATION_DEFAULT,readOnly
2026-03-16 17:07:47 [http-nio-8080-exec-17] DEBUG o.s.orm.jpa.JpaTransactionManager - Creating new transaction with name [com.company.project.security.iam.CustomUserDetailsService.loadUserByUsername]: PROPAGATION_REQUIRED,ISOLATION_DEFAULT,readOnly
2026-03-16 17:07:47 [http-nio-8080-exec-8] DEBUG o.s.orm.jpa.JpaTransactionManager - Opened new EntityManager [SessionImpl(301339660<open>)] for JPA transaction
2026-03-16 17:07:47 [http-nio-8080-exec-17] DEBUG o.s.orm.jpa.JpaTransactionManager - Opened new EntityManager [SessionImpl(1907644472<open>)] for JPA transaction
2026-03-16 17:07:47 [http-nio-8080-exec-9] DEBUG o.s.web.servlet.DispatcherServlet - GET "/ws/info?t=1773648467244", parameters={masked}
2026-03-16 17:07:47 [http-nio-8080-exec-9] DEBUG o.s.w.s.s.s.WebSocketHandlerMapping - Mapped to org.springframework.web.socket.sockjs.support.SockJsHttpRequestHandler@3d80b7ba
2026-03-16 17:07:47 [http-nio-8080-exec-9] DEBUG o.s.w.s.s.t.h.DefaultSockJsService - Processing transport request: GET http://localhost:8080/ws/info?t=1773648467244
2026-03-16 17:07:47 [http-nio-8080-exec-9] DEBUG o.s.web.servlet.DispatcherServlet - Completed 200 OK
2026-03-16 17:07:47 [http-nio-8080-exec-13] DEBUG c.c.p.s.jwt.JwtAuthenticationFilter - >>> [JwtFilter] Processing request: GET /api/v1/admin/system/statistics/connect
2026-03-16 17:07:47 [http-nio-8080-exec-13] DEBUG c.c.p.s.jwt.JwtAuthenticationFilter - >>> [JwtFilter] Found token in header for path: /api/v1/admin/system/statistics/connect
2026-03-16 17:07:47 [http-nio-8080-exec-13] DEBUG o.s.orm.jpa.JpaTransactionManager - Creating new transaction with name [com.company.project.security.iam.CustomUserDetailsService.loadUserByUsername]: PROPAGATION_REQUIRED,ISOLATION_DEFAULT,readOnly
2026-03-16 17:07:47 [http-nio-8080-exec-13] DEBUG o.s.orm.jpa.JpaTransactionManager - Opened new EntityManager [SessionImpl(1220686925<open>)] for JPA transaction
2026-03-16 17:07:47 [http-nio-8080-exec-2] DEBUG o.s.web.servlet.DispatcherServlet - GET "/ws/561/zasq1mxq/websocket", parameters={}
2026-03-16 17:07:47 [http-nio-8080-exec-2] DEBUG o.s.w.s.s.s.WebSocketHandlerMapping - Mapped to org.springframework.web.socket.sockjs.support.SockJsHttpRequestHandler@3d80b7ba
2026-03-16 17:07:47 [http-nio-8080-exec-2] DEBUG o.s.w.s.s.t.h.DefaultSockJsService - Processing transport request: GET http://localhost:8080/ws/561/zasq1mxq/websocket
2026-03-16 17:07:47 [http-nio-8080-exec-2] DEBUG o.s.web.servlet.DispatcherServlet - Completed 101 SWITCHING_PROTOCOLS
2026-03-16 17:07:47 [http-nio-8080-exec-2] DEBUG o.s.w.s.h.LoggingWebSocketHandlerDecorator - New WebSocketServerSockJsSession[id=zasq1mxq]
2026-03-16 17:07:47 [scheduling-1] DEBUG org.springframework.web.SimpLogging - Processing CONNECT session=zasq1mxq
2026-03-16 17:07:47 [scheduling-1] DEBUG org.springframework.web.SimpLogging - Processing SUBSCRIBE /topic/notices id=sub-0 session=zasq1mxq
2026-03-16 17:07:47 [scheduling-1] DEBUG org.springframework.web.SimpLogging - Processing SUBSCRIBE destination=/queue/notifications-userzasq1mxq subscriptionId=sub-1 session=zasq1mxq payload=byte[0]
2026-03-16 17:07:47 [scheduling-1] DEBUG org.springframework.web.SimpLogging - Processing SUBSCRIBE /topic/public id=sub-2 session=zasq1mxq
2026-03-16 17:07:47 [scheduling-1] DEBUG org.springframework.web.SimpLogging - Processing SUBSCRIBE /topic/dashboard/stats id=sub-4 session=zasq1mxq
2026-03-16 17:07:47 [scheduling-1] DEBUG org.springframework.web.SimpLogging - Processing SUBSCRIBE /topic/notifications id=sub-5 session=zasq1mxq
2026-03-16 17:07:47 [scheduling-1] DEBUG org.springframework.web.SimpLogging - Processing SUBSCRIBE destination=/queue/notifications-userzasq1mxq subscriptionId=sub-6 session=zasq1mxq payload=byte[0]
2026-03-16 17:07:47 [http-nio-8080-exec-19] DEBUG o.s.orm.jpa.JpaTransactionManager - Exposing JPA transaction as JDBC [org.springframework.orm.jpa.vendor.HibernateJpaDialect$HibernateConnectionHandle@69238267]
2026-03-16 17:07:47 [http-nio-8080-exec-10] DEBUG o.s.orm.jpa.JpaTransactionManager - Exposing JPA transaction as JDBC [org.springframework.orm.jpa.vendor.HibernateJpaDialect$HibernateConnectionHandle@736587b9]
2026-03-16 17:07:47 [http-nio-8080-exec-19] DEBUG o.s.orm.jpa.JpaTransactionManager - Found thread-bound EntityManager [SessionImpl(1968777729<open>)] for JPA transaction
2026-03-16 17:07:47 [http-nio-8080-exec-19] DEBUG o.s.orm.jpa.JpaTransactionManager - Participating in existing transaction
2026-03-16 17:07:47 [http-nio-8080-exec-10] DEBUG o.s.orm.jpa.JpaTransactionManager - Found thread-bound EntityManager [SessionImpl(1045737300<open>)] for JPA transaction
2026-03-16 17:07:47 [http-nio-8080-exec-10] DEBUG o.s.orm.jpa.JpaTransactionManager - Participating in existing transaction
2026-03-16 17:07:47 [http-nio-8080-exec-19] DEBUG org.hibernate.SQL - select u1_0.emplyr_id,u1_0.area_no,u1_0.brthdy,u1_0.chg_pwd_cnt,u1_0.frst_register_id,u1_0.frst_regist_pnttm,u1_0.detail_adres,u1_0.email_adres,u1_0.emplyr_sttus_code,u1_0.empl_no,u1_0.esntl_id,u1_0.fxnum,u1_0.group_id,u1_0.house_adres,u1_0.house_end_telno,u1_0.house_middle_telno,u1_0.ihidnum,u1_0.pstinst_code,u1_0.last_updusr_id,u1_0.last_updt_pnttm,u1_0.lock_at,u1_0.lock_cnt,u1_0.lock_last_pnttm,u1_0.mbtlnum,u1_0.ofcps_nm,u1_0.offm_telno,u1_0.orgnzt_id,u1_0.password,u1_0.password_cnsr,u1_0.password_hint,u1_0.chg_pwd_last_pnttm,u1_0.role,u1_0.sbscrb_de,u1_0.sexdstn_code,u1_0.crtfc_dn_value,u1_0.user_nm,u1_0.zip from nemplyrinfo u1_0 where u1_0.emplyr_id=?
2026-03-16 17:07:47 [http-nio-8080-exec-10] DEBUG org.hibernate.SQL - select u1_0.emplyr_id,u1_0.area_no,u1_0.brthdy,u1_0.chg_pwd_cnt,u1_0.frst_register_id,u1_0.frst_regist_pnttm,u1_0.detail_adres,u1_0.email_adres,u1_0.emplyr_sttus_code,u1_0.empl_no,u1_0.esntl_id,u1_0.fxnum,u1_0.group_id,u1_0.house_adres,u1_0.house_end_telno,u1_0.house_middle_telno,u1_0.ihidnum,u1_0.pstinst_code,u1_0.last_updusr_id,u1_0.last_updt_pnttm,u1_0.lock_at,u1_0.lock_cnt,u1_0.lock_last_pnttm,u1_0.mbtlnum,u1_0.ofcps_nm,u1_0.offm_telno,u1_0.orgnzt_id,u1_0.password,u1_0.password_cnsr,u1_0.password_hint,u1_0.chg_pwd_last_pnttm,u1_0.role,u1_0.sbscrb_de,u1_0.sexdstn_code,u1_0.crtfc_dn_value,u1_0.user_nm,u1_0.zip from nemplyrinfo u1_0 where u1_0.emplyr_id=?
2026-03-16 17:07:47 [http-nio-8080-exec-8] DEBUG o.s.orm.jpa.JpaTransactionManager - Exposing JPA transaction as JDBC [org.springframework.orm.jpa.vendor.HibernateJpaDialect$HibernateConnectionHandle@8a9e25c]
2026-03-16 17:07:47 [http-nio-8080-exec-8] DEBUG o.s.orm.jpa.JpaTransactionManager - Found thread-bound EntityManager [SessionImpl(301339660<open>)] for JPA transaction
2026-03-16 17:07:47 [http-nio-8080-exec-8] DEBUG o.s.orm.jpa.JpaTransactionManager - Participating in existing transaction
2026-03-16 17:07:47 [http-nio-8080-exec-8] DEBUG org.hibernate.SQL - select u1_0.emplyr_id,u1_0.area_no,u1_0.brthdy,u1_0.chg_pwd_cnt,u1_0.frst_register_id,u1_0.frst_regist_pnttm,u1_0.detail_adres,u1_0.email_adres,u1_0.emplyr_sttus_code,u1_0.empl_no,u1_0.esntl_id,u1_0.fxnum,u1_0.group_id,u1_0.house_adres,u1_0.house_end_telno,u1_0.house_middle_telno,u1_0.ihidnum,u1_0.pstinst_code,u1_0.last_updusr_id,u1_0.last_updt_pnttm,u1_0.lock_at,u1_0.lock_cnt,u1_0.lock_last_pnttm,u1_0.mbtlnum,u1_0.ofcps_nm,u1_0.offm_telno,u1_0.orgnzt_id,u1_0.password,u1_0.password_cnsr,u1_0.password_hint,u1_0.chg_pwd_last_pnttm,u1_0.role,u1_0.sbscrb_de,u1_0.sexdstn_code,u1_0.crtfc_dn_value,u1_0.user_nm,u1_0.zip from nemplyrinfo u1_0 where u1_0.emplyr_id=?
2026-03-16 17:07:47 [http-nio-8080-exec-17] DEBUG o.s.orm.jpa.JpaTransactionManager - Exposing JPA transaction as JDBC [org.springframework.orm.jpa.vendor.HibernateJpaDialect$HibernateConnectionHandle@840ea51]
2026-03-16 17:07:47 [http-nio-8080-exec-17] DEBUG o.s.orm.jpa.JpaTransactionManager - Found thread-bound EntityManager [SessionImpl(1907644472<open>)] for JPA transaction
2026-03-16 17:07:47 [http-nio-8080-exec-17] DEBUG o.s.orm.jpa.JpaTransactionManager - Participating in existing transaction
2026-03-16 17:07:47 [http-nio-8080-exec-17] DEBUG org.hibernate.SQL - select u1_0.emplyr_id,u1_0.area_no,u1_0.brthdy,u1_0.chg_pwd_cnt,u1_0.frst_register_id,u1_0.frst_regist_pnttm,u1_0.detail_adres,u1_0.email_adres,u1_0.emplyr_sttus_code,u1_0.empl_no,u1_0.esntl_id,u1_0.fxnum,u1_0.group_id,u1_0.house_adres,u1_0.house_end_telno,u1_0.house_middle_telno,u1_0.ihidnum,u1_0.pstinst_code,u1_0.last_updusr_id,u1_0.last_updt_pnttm,u1_0.lock_at,u1_0.lock_cnt,u1_0.lock_last_pnttm,u1_0.mbtlnum,u1_0.ofcps_nm,u1_0.offm_telno,u1_0.orgnzt_id,u1_0.password,u1_0.password_cnsr,u1_0.password_hint,u1_0.chg_pwd_last_pnttm,u1_0.role,u1_0.sbscrb_de,u1_0.sexdstn_code,u1_0.crtfc_dn_value,u1_0.user_nm,u1_0.zip from nemplyrinfo u1_0 where u1_0.emplyr_id=?
2026-03-16 17:07:47 [http-nio-8080-exec-12] DEBUG o.s.orm.jpa.JpaTransactionManager - Found thread-bound EntityManager [SessionImpl(316080187<open>)] for JPA transaction
2026-03-16 17:07:47 [http-nio-8080-exec-12] DEBUG o.s.orm.jpa.JpaTransactionManager - Participating in existing transaction
2026-03-16 17:07:47 [http-nio-8080-exec-12] DEBUG org.hibernate.SQL - select p1_0.progrm_file_nm,p1_0.progrm_dc,p1_0.progrm_korean_nm,p1_0.progrm_stre_path,p1_0.url from nprogrmlist p1_0
2026-03-16 17:07:47 [http-nio-8080-exec-13] DEBUG o.s.orm.jpa.JpaTransactionManager - Exposing JPA transaction as JDBC [org.springframework.orm.jpa.vendor.HibernateJpaDialect$HibernateConnectionHandle@4e1a3c15]
2026-03-16 17:07:47 [http-nio-8080-exec-13] DEBUG o.s.orm.jpa.JpaTransactionManager - Found thread-bound EntityManager [SessionImpl(1220686925<open>)] for JPA transaction
2026-03-16 17:07:47 [http-nio-8080-exec-13] DEBUG o.s.orm.jpa.JpaTransactionManager - Participating in existing transaction
2026-03-16 17:07:47 [http-nio-8080-exec-13] DEBUG org.hibernate.SQL - select u1_0.emplyr_id,u1_0.area_no,u1_0.brthdy,u1_0.chg_pwd_cnt,u1_0.frst_register_id,u1_0.frst_regist_pnttm,u1_0.detail_adres,u1_0.email_adres,u1_0.emplyr_sttus_code,u1_0.empl_no,u1_0.esntl_id,u1_0.fxnum,u1_0.group_id,u1_0.house_adres,u1_0.house_end_telno,u1_0.house_middle_telno,u1_0.ihidnum,u1_0.pstinst_code,u1_0.last_updusr_id,u1_0.last_updt_pnttm,u1_0.lock_at,u1_0.lock_cnt,u1_0.lock_last_pnttm,u1_0.mbtlnum,u1_0.ofcps_nm,u1_0.offm_telno,u1_0.orgnzt_id,u1_0.password,u1_0.password_cnsr,u1_0.password_hint,u1_0.chg_pwd_last_pnttm,u1_0.role,u1_0.sbscrb_de,u1_0.sexdstn_code,u1_0.crtfc_dn_value,u1_0.user_nm,u1_0.zip from nemplyrinfo u1_0 where u1_0.emplyr_id=?
2026-03-16 17:07:47 [http-nio-8080-exec-10] DEBUG o.s.orm.jpa.JpaTransactionManager - Found thread-bound EntityManager [SessionImpl(1045737300<open>)] for JPA transaction
2026-03-16 17:07:47 [http-nio-8080-exec-10] DEBUG o.s.orm.jpa.JpaTransactionManager - Participating in existing transaction
2026-03-16 17:07:47 [http-nio-8080-exec-10] DEBUG org.hibernate.SQL - select ua1_0.scrty_dtrmn_trget_id,ua1_0.author_code,ua1_0.frst_register_id,ua1_0.frst_regist_pnttm,ua1_0.last_updusr_id,ua1_0.last_updt_pnttm,ua1_0.mber_ty_code from nemplyrscrtyestbs ua1_0 where ua1_0.scrty_dtrmn_trget_id=?
2026-03-16 17:07:47 [http-nio-8080-exec-19] DEBUG o.s.orm.jpa.JpaTransactionManager - Found thread-bound EntityManager [SessionImpl(1968777729<open>)] for JPA transaction
2026-03-16 17:07:47 [http-nio-8080-exec-19] DEBUG o.s.orm.jpa.JpaTransactionManager - Participating in existing transaction
2026-03-16 17:07:47 [http-nio-8080-exec-19] DEBUG org.hibernate.SQL - select ua1_0.scrty_dtrmn_trget_id,ua1_0.author_code,ua1_0.frst_register_id,ua1_0.frst_regist_pnttm,ua1_0.last_updusr_id,ua1_0.last_updt_pnttm,ua1_0.mber_ty_code from nemplyrscrtyestbs ua1_0 where ua1_0.scrty_dtrmn_trget_id=?
2026-03-16 17:07:47 [http-nio-8080-exec-8] DEBUG o.s.orm.jpa.JpaTransactionManager - Found thread-bound EntityManager [SessionImpl(301339660<open>)] for JPA transaction
2026-03-16 17:07:47 [http-nio-8080-exec-8] DEBUG o.s.orm.jpa.JpaTransactionManager - Participating in existing transaction
2026-03-16 17:07:47 [http-nio-8080-exec-8] DEBUG org.hibernate.SQL - select ua1_0.scrty_dtrmn_trget_id,ua1_0.author_code,ua1_0.frst_register_id,ua1_0.frst_regist_pnttm,ua1_0.last_updusr_id,ua1_0.last_updt_pnttm,ua1_0.mber_ty_code from nemplyrscrtyestbs ua1_0 where ua1_0.scrty_dtrmn_trget_id=?
2026-03-16 17:07:47 [http-nio-8080-exec-17] DEBUG o.s.orm.jpa.JpaTransactionManager - Found thread-bound EntityManager [SessionImpl(1907644472<open>)] for JPA transaction
2026-03-16 17:07:47 [http-nio-8080-exec-17] DEBUG o.s.orm.jpa.JpaTransactionManager - Participating in existing transaction
2026-03-16 17:07:47 [http-nio-8080-exec-17] DEBUG org.hibernate.SQL - select ua1_0.scrty_dtrmn_trget_id,ua1_0.author_code,ua1_0.frst_register_id,ua1_0.frst_regist_pnttm,ua1_0.last_updusr_id,ua1_0.last_updt_pnttm,ua1_0.mber_ty_code from nemplyrscrtyestbs ua1_0 where ua1_0.scrty_dtrmn_trget_id=?
2026-03-16 17:07:47 [http-nio-8080-exec-12] DEBUG o.s.orm.jpa.JpaTransactionManager - Initiating transaction commit
2026-03-16 17:07:47 [http-nio-8080-exec-12] DEBUG o.s.orm.jpa.JpaTransactionManager - Committing JPA transaction on EntityManager [SessionImpl(316080187<open>)]
2026-03-16 17:07:47 [http-nio-8080-exec-13] DEBUG o.s.orm.jpa.JpaTransactionManager - Found thread-bound EntityManager [SessionImpl(1220686925<open>)] for JPA transaction
2026-03-16 17:07:47 [http-nio-8080-exec-13] DEBUG o.s.orm.jpa.JpaTransactionManager - Participating in existing transaction
2026-03-16 17:07:47 [http-nio-8080-exec-13] DEBUG org.hibernate.SQL - select ua1_0.scrty_dtrmn_trget_id,ua1_0.author_code,ua1_0.frst_register_id,ua1_0.frst_regist_pnttm,ua1_0.last_updusr_id,ua1_0.last_updt_pnttm,ua1_0.mber_ty_code from nemplyrscrtyestbs ua1_0 where ua1_0.scrty_dtrmn_trget_id=?
2026-03-16 17:07:47 [http-nio-8080-exec-10] DEBUG o.s.orm.jpa.JpaTransactionManager - Initiating transaction commit
2026-03-16 17:07:47 [http-nio-8080-exec-8] DEBUG o.s.orm.jpa.JpaTransactionManager - Initiating transaction commit
2026-03-16 17:07:47 [http-nio-8080-exec-19] DEBUG o.s.orm.jpa.JpaTransactionManager - Initiating transaction commit
2026-03-16 17:07:47 [http-nio-8080-exec-10] DEBUG o.s.orm.jpa.JpaTransactionManager - Committing JPA transaction on EntityManager [SessionImpl(1045737300<open>)]
2026-03-16 17:07:47 [http-nio-8080-exec-8] DEBUG o.s.orm.jpa.JpaTransactionManager - Committing JPA transaction on EntityManager [SessionImpl(301339660<open>)]
2026-03-16 17:07:47 [http-nio-8080-exec-19] DEBUG o.s.orm.jpa.JpaTransactionManager - Committing JPA transaction on EntityManager [SessionImpl(1968777729<open>)]
2026-03-16 17:07:47 [http-nio-8080-exec-17] DEBUG o.s.orm.jpa.JpaTransactionManager - Initiating transaction commit
2026-03-16 17:07:47 [http-nio-8080-exec-17] DEBUG o.s.orm.jpa.JpaTransactionManager - Committing JPA transaction on EntityManager [SessionImpl(1907644472<open>)]
2026-03-16 17:07:47 [http-nio-8080-exec-12] DEBUG o.s.orm.jpa.JpaTransactionManager - Closing JPA EntityManager [SessionImpl(316080187<open>)] after transaction
2026-03-16 17:07:47 [http-nio-8080-exec-12] INFO  c.c.p.a.c.menu.MenuController - getLeftMenu returned 5 items
2026-03-16 17:07:47 [http-nio-8080-exec-12] DEBUG o.s.w.s.m.m.a.HttpEntityMethodProcessor - Using 'application/json', given [application/json, text/plain, */*] and supported [application/json, application/*+json, application/yaml]
2026-03-16 17:07:47 [http-nio-8080-exec-12] TRACE o.s.w.s.m.m.a.HttpEntityMethodProcessor - Writing [ApiResponse[success=true, status=200, code=COMMON_001, message=Success, data={list=[com.company.project.service.menu.dto.MenuDto@160c89ba, com.company.project.service.menu.dto.MenuDto@487f6a14, com.company.project.service.menu.dto.MenuDto@6e608048, com.company.project.service.menu.dto.MenuDto@775986fc, com.company.project.service.menu.dto.MenuDto@5ea80f4]}, timestamp=2026-03-16T17:07:47.665330300]]
2026-03-16 17:07:47 [http-nio-8080-exec-12] INFO  c.c.p.a.i.OperationalAuditInterceptor - API Audit Log: URL=/api/v1/menu/left, User=webmaster, IP=127.0.0.1
2026-03-16 17:07:47 [http-nio-8080-exec-12] DEBUG o.s.web.servlet.DispatcherServlet - Completed 200 OK
2026-03-16 17:07:47 [http-nio-8080-exec-2] DEBUG c.c.p.s.jwt.JwtAuthenticationFilter - >>> [JwtFilter] Processing request: GET /api/v1/admin/system/statistics/bbs
2026-03-16 17:07:47 [http-nio-8080-exec-2] DEBUG c.c.p.s.jwt.JwtAuthenticationFilter - >>> [JwtFilter] Found token in header for path: /api/v1/admin/system/statistics/bbs
2026-03-16 17:07:47 [http-nio-8080-exec-2] DEBUG o.s.orm.jpa.JpaTransactionManager - Creating new transaction with name [com.company.project.security.iam.CustomUserDetailsService.loadUserByUsername]: PROPAGATION_REQUIRED,ISOLATION_DEFAULT,readOnly
2026-03-16 17:07:47 [http-nio-8080-exec-2] DEBUG o.s.orm.jpa.JpaTransactionManager - Opened new EntityManager [SessionImpl(807830524<open>)] for JPA transaction
2026-03-16 17:07:47 [http-nio-8080-exec-13] DEBUG o.s.orm.jpa.JpaTransactionManager - Initiating transaction commit
2026-03-16 17:07:47 [http-nio-8080-exec-13] DEBUG o.s.orm.jpa.JpaTransactionManager - Committing JPA transaction on EntityManager [SessionImpl(1220686925<open>)]
2026-03-16 17:07:47 [http-nio-8080-exec-8] DEBUG o.s.orm.jpa.JpaTransactionManager - Closing JPA EntityManager [SessionImpl(301339660<open>)] after transaction
2026-03-16 17:07:47 [http-nio-8080-exec-10] DEBUG o.s.orm.jpa.JpaTransactionManager - Closing JPA EntityManager [SessionImpl(1045737300<open>)] after transaction
2026-03-16 17:07:47 [http-nio-8080-exec-19] DEBUG o.s.orm.jpa.JpaTransactionManager - Closing JPA EntityManager [SessionImpl(1968777729<open>)] after transaction
2026-03-16 17:07:47 [http-nio-8080-exec-8] DEBUG c.c.p.s.jwt.JwtAuthenticationFilter - >>> [JwtFilter] Successfully authenticated user: USRCNFRM_99999999999, Authorities: [ROLE_ADMIN]
2026-03-16 17:07:47 [http-nio-8080-exec-10] DEBUG c.c.p.s.jwt.JwtAuthenticationFilter - >>> [JwtFilter] Successfully authenticated user: USRCNFRM_99999999999, Authorities: [ROLE_ADMIN]
2026-03-16 17:07:47 [http-nio-8080-exec-19] DEBUG c.c.p.s.jwt.JwtAuthenticationFilter - >>> [JwtFilter] Successfully authenticated user: USRCNFRM_99999999999, Authorities: [ROLE_ADMIN]
2026-03-16 17:07:47 [http-nio-8080-exec-8] DEBUG o.s.web.servlet.DispatcherServlet - GET "/api/v1/popups/active", parameters={}
2026-03-16 17:07:47 [http-nio-8080-exec-19] DEBUG o.s.web.servlet.DispatcherServlet - GET "/api/v1/notifications/unread-count", parameters={}
2026-03-16 17:07:47 [http-nio-8080-exec-10] DEBUG o.s.web.servlet.DispatcherServlet - GET "/api/v1/notifications", parameters={}
2026-03-16 17:07:47 [http-nio-8080-exec-8] TRACE o.s.w.s.m.m.a.RequestMappingHandlerMapping - Mapped to com.company.project.api.controller.system.content.popup.PopupController#getActivePopups()
2026-03-16 17:07:47 [http-nio-8080-exec-10] TRACE o.s.w.s.m.m.a.RequestMappingHandlerMapping - Mapped to com.company.project.api.controller.notification.NotificationController#getMyNotifications(UserDetails)
2026-03-16 17:07:47 [http-nio-8080-exec-19] TRACE o.s.w.s.m.m.a.RequestMappingHandlerMapping - Mapped to com.company.project.api.controller.notification.NotificationController#getUnreadCount(UserDetails)
2026-03-16 17:07:47 [http-nio-8080-exec-8] DEBUG o.s.orm.jpa.JpaTransactionManager - Creating new transaction with name [com.company.project.service.system.content.popup.PopupServiceImpl.getActivePopups]: PROPAGATION_REQUIRED,ISOLATION_DEFAULT,readOnly
2026-03-16 17:07:47 [http-nio-8080-exec-19] DEBUG o.s.orm.jpa.JpaTransactionManager - Creating new transaction with name [com.company.project.service.notification.NotificationService.getUnreadCount]: PROPAGATION_REQUIRED,ISOLATION_DEFAULT,readOnly
2026-03-16 17:07:47 [http-nio-8080-exec-10] DEBUG o.s.orm.jpa.JpaTransactionManager - Creating new transaction with name [com.company.project.service.notification.NotificationService.getActiveNotifications]: PROPAGATION_REQUIRED,ISOLATION_DEFAULT,readOnly
2026-03-16 17:07:47 [http-nio-8080-exec-8] DEBUG o.s.orm.jpa.JpaTransactionManager - Opened new EntityManager [SessionImpl(1103229126<open>)] for JPA transaction
2026-03-16 17:07:47 [http-nio-8080-exec-19] DEBUG o.s.orm.jpa.JpaTransactionManager - Opened new EntityManager [SessionImpl(1763785700<open>)] for JPA transaction
2026-03-16 17:07:47 [http-nio-8080-exec-10] DEBUG o.s.orm.jpa.JpaTransactionManager - Opened new EntityManager [SessionImpl(334017220<open>)] for JPA transaction
2026-03-16 17:07:47 [http-nio-8080-exec-8] DEBUG o.s.orm.jpa.JpaTransactionManager - Exposing JPA transaction as JDBC [org.springframework.orm.jpa.vendor.HibernateJpaDialect$HibernateConnectionHandle@5447786]
2026-03-16 17:07:47 [http-nio-8080-exec-10] DEBUG o.s.orm.jpa.JpaTransactionManager - Exposing JPA transaction as JDBC [org.springframework.orm.jpa.vendor.HibernateJpaDialect$HibernateConnectionHandle@6856e053]
2026-03-16 17:07:47 [http-nio-8080-exec-19] DEBUG o.s.orm.jpa.JpaTransactionManager - Exposing JPA transaction as JDBC [org.springframework.orm.jpa.vendor.HibernateJpaDialect$HibernateConnectionHandle@4c93086a]
2026-03-16 17:07:47 [http-nio-8080-exec-10] DEBUG o.s.orm.jpa.JpaTransactionManager - Found thread-bound EntityManager [SessionImpl(334017220<open>)] for JPA transaction
2026-03-16 17:07:47 [http-nio-8080-exec-10] DEBUG o.s.orm.jpa.JpaTransactionManager - Participating in existing transaction
2026-03-16 17:07:47 [http-nio-8080-exec-8] DEBUG org.hibernate.SQL - select p1_0.popup_id,p1_0.frst_register_id,p1_0.frst_regist_pnttm,p1_0.file_url,p1_0.ntce_at,p1_0.stopvew_setup_at,p1_0.last_updusr_id,p1_0.last_updt_pnttm,p1_0.ntce_bgnde,p1_0.ntce_endde,p1_0.popup_vrticl_lc,p1_0.popup_vrticl_size,p1_0.popup_sj_nm,p1_0.popup_width_lc,p1_0.popup_width_size from npopupmanage p1_0 where p1_0.ntce_at='Y' and ? between p1_0.ntce_bgnde and p1_0.ntce_endde
2026-03-16 17:07:47 [http-nio-8080-exec-10] DEBUG org.hibernate.SQL - select n1_0.ntcn_no,n1_0.frst_register_id,n1_0.frst_regist_pnttm,n1_0.is_read,n1_0.last_updusr_id,n1_0.last_updt_pnttm,n1_0.link_url,n1_0.ntcn_cn,n1_0.ntcn_sj,n1_0.receiver_id from n_user_notification n1_0
2026-03-16 17:07:47 [http-nio-8080-exec-19] DEBUG org.hibernate.SQL - select count(n1_0.ntcn_no) from n_user_notification n1_0 where n1_0.receiver_id=? and n1_0.is_read=?
2026-03-16 17:07:47 [http-nio-8080-exec-17] DEBUG o.s.orm.jpa.JpaTransactionManager - Closing JPA EntityManager [SessionImpl(1907644472<open>)] after transaction
2026-03-16 17:07:47 [http-nio-8080-exec-17] DEBUG c.c.p.s.jwt.JwtAuthenticationFilter - >>> [JwtFilter] Successfully authenticated user: USRCNFRM_99999999999, Authorities: [ROLE_ADMIN]
2026-03-16 17:07:47 [http-nio-8080-exec-17] DEBUG o.s.web.servlet.DispatcherServlet - GET "/api/v1/admin/system/banners/reflected", parameters={}
2026-03-16 17:07:47 [http-nio-8080-exec-17] TRACE o.s.w.s.m.m.a.RequestMappingHandlerMapping - Mapped to com.company.project.api.controller.system.content.banner.BannerApiController#getReflectedBanners()
2026-03-16 17:07:47 [http-nio-8080-exec-17] DEBUG o.s.orm.jpa.JpaTransactionManager - Creating new transaction with name [com.company.project.service.system.content.banner.BannerService.getReflectedBanners]: PROPAGATION_REQUIRED,ISOLATION_DEFAULT,readOnly
2026-03-16 17:07:47 [http-nio-8080-exec-17] DEBUG o.s.orm.jpa.JpaTransactionManager - Opened new EntityManager [SessionImpl(1375782404<open>)] for JPA transaction
2026-03-16 17:07:47 [http-nio-8080-exec-17] DEBUG o.s.orm.jpa.JpaTransactionManager - Exposing JPA transaction as JDBC [org.springframework.orm.jpa.vendor.HibernateJpaDialect$HibernateConnectionHandle@6f10038d]
2026-03-16 17:07:47 [http-nio-8080-exec-17] DEBUG org.hibernate.SQL - select b1_0.banner_id,b1_0.banner_dc,b1_0.banner_image,b1_0.banner_image_file,b1_0.banner_nm,b1_0.frst_register_id,b1_0.frst_regist_pnttm,b1_0.last_updusr_id,b1_0.last_updt_pnttm,b1_0.link_url,b1_0.reflct_at,b1_0.sort_ordr from nbanner b1_0 where b1_0.reflct_at=? order by b1_0.sort_ordr
2026-03-16 17:07:47 [http-nio-8080-exec-2] DEBUG o.s.orm.jpa.JpaTransactionManager - Exposing JPA transaction as JDBC [org.springframework.orm.jpa.vendor.HibernateJpaDialect$HibernateConnectionHandle@3d5e05f5]
2026-03-16 17:07:47 [http-nio-8080-exec-2] DEBUG o.s.orm.jpa.JpaTransactionManager - Found thread-bound EntityManager [SessionImpl(807830524<open>)] for JPA transaction
2026-03-16 17:07:47 [http-nio-8080-exec-2] DEBUG o.s.orm.jpa.JpaTransactionManager - Participating in existing transaction
2026-03-16 17:07:47 [http-nio-8080-exec-2] DEBUG org.hibernate.SQL - select u1_0.emplyr_id,u1_0.area_no,u1_0.brthdy,u1_0.chg_pwd_cnt,u1_0.frst_register_id,u1_0.frst_regist_pnttm,u1_0.detail_adres,u1_0.email_adres,u1_0.emplyr_sttus_code,u1_0.empl_no,u1_0.esntl_id,u1_0.fxnum,u1_0.group_id,u1_0.house_adres,u1_0.house_end_telno,u1_0.house_middle_telno,u1_0.ihidnum,u1_0.pstinst_code,u1_0.last_updusr_id,u1_0.last_updt_pnttm,u1_0.lock_at,u1_0.lock_cnt,u1_0.lock_last_pnttm,u1_0.mbtlnum,u1_0.ofcps_nm,u1_0.offm_telno,u1_0.orgnzt_id,u1_0.password,u1_0.password_cnsr,u1_0.password_hint,u1_0.chg_pwd_last_pnttm,u1_0.role,u1_0.sbscrb_de,u1_0.sexdstn_code,u1_0.crtfc_dn_value,u1_0.user_nm,u1_0.zip from nemplyrinfo u1_0 where u1_0.emplyr_id=?
2026-03-16 17:07:47 [http-nio-8080-exec-13] DEBUG o.s.orm.jpa.JpaTransactionManager - Closing JPA EntityManager [SessionImpl(1220686925<open>)] after transaction
2026-03-16 17:07:47 [http-nio-8080-exec-13] DEBUG c.c.p.s.jwt.JwtAuthenticationFilter - >>> [JwtFilter] Successfully authenticated user: USRCNFRM_99999999999, Authorities: [ROLE_ADMIN]
2026-03-16 17:07:47 [http-nio-8080-exec-13] DEBUG o.s.web.servlet.DispatcherServlet - GET "/api/v1/admin/system/statistics/connect?statsKind=SERVICE", parameters={masked}
2026-03-16 17:07:47 [http-nio-8080-exec-13] DEBUG o.s.w.s.h.SimpleUrlHandlerMapping - Mapped to ResourceHttpRequestHandler [classpath [META-INF/resources/], classpath [resources/], classpath [static/], classpath [public/], ServletContext [/]]
2026-03-16 17:07:47 [http-nio-8080-exec-13] DEBUG o.s.w.s.r.ResourceHttpRequestHandler - Resource not found
2026-03-16 17:07:47 [http-nio-8080-exec-13] DEBUG o.s.w.s.m.m.a.ExceptionHandlerExceptionResolver - Using @ExceptionHandler com.company.project.core.exception.GlobalExceptionHandler#handleException(Exception)
2026-03-16 17:07:47 [http-nio-8080-exec-13] ERROR c.c.p.c.e.GlobalExceptionHandler - >>> Internal Server Error: No static resource api/v1/admin/system/statistics/connect.
org.springframework.web.servlet.resource.NoResourceFoundException: No static resource api/v1/admin/system/statistics/connect.
	at org.springframework.web.servlet.resource.ResourceHttpRequestHandler.handleRequest(ResourceHttpRequestHandler.java:585)
	at org.springframework.web.servlet.mvc.HttpRequestHandlerAdapter.handle(HttpRequestHandlerAdapter.java:52)
	at org.springframework.web.servlet.DispatcherServlet.doDispatch(DispatcherServlet.java:1088)
	at org.springframework.web.servlet.DispatcherServlet.doService(DispatcherServlet.java:978)
	at org.springframework.web.servlet.FrameworkServlet.processRequest(FrameworkServlet.java:1014)
	at org.springframework.web.servlet.FrameworkServlet.doGet(FrameworkServlet.java:903)
	at jakarta.servlet.http.HttpServlet.service(HttpServlet.java:527)
	at org.springframework.web.servlet.FrameworkServlet.service(FrameworkServlet.java:885)
	at jakarta.servlet.http.HttpServlet.service(HttpServlet.java:614)
	at org.apache.catalina.core.ApplicationFilterChain.internalDoFilter(ApplicationFilterChain.java:195)
	at org.apache.catalina.core.ApplicationFilterChain.doFilter(ApplicationFilterChain.java:140)
	at org.apache.tomcat.websocket.server.WsFilter.doFilter(WsFilter.java:51)
	at org.apache.catalina.core.ApplicationFilterChain.internalDoFilter(ApplicationFilterChain.java:164)
	at org.apache.catalina.core.ApplicationFilterChain.doFilter(ApplicationFilterChain.java:140)
	at org.springframework.web.filter.CompositeFilter$VirtualFilterChain.doFilter(CompositeFilter.java:108)
	at org.springframework.security.web.FilterChainProxy.lambda$doFilterInternal$3(FilterChainProxy.java:231)
	at org.springframework.security.web.ObservationFilterChainDecorator$FilterObservation$SimpleFilterObservation.lambda$wrap$1(ObservationFilterChainDecorator.java:479)
	at org.springframework.security.web.ObservationFilterChainDecorator$AroundFilterObservation$SimpleAroundFilterObservation.lambda$wrap$1(ObservationFilterChainDecorator.java:340)
	at org.springframework.security.web.ObservationFilterChainDecorator.lambda$wrapSecured$0(ObservationFilterChainDecorator.java:82)
	at org.springframework.security.web.ObservationFilterChainDecorator$VirtualFilterChain.doFilter(ObservationFilterChainDecorator.java:128)
	at org.springframework.security.web.access.intercept.AuthorizationFilter.doFilter(AuthorizationFilter.java:101)
	at org.springframework.security.web.ObservationFilterChainDecorator$ObservationFilter.wrapFilter(ObservationFilterChainDecorator.java:240)
	at org.springframework.security.web.ObservationFilterChainDecorator$ObservationFilter.doFilter(ObservationFilterChainDecorator.java:227)
	at org.springframework.security.web.ObservationFilterChainDecorator$VirtualFilterChain.doFilter(ObservationFilterChainDecorator.java:137)
	at org.springframework.security.web.access.ExceptionTranslationFilter.doFilter(ExceptionTranslationFilter.java:126)
	at org.springframework.security.web.access.ExceptionTranslationFilter.doFilter(ExceptionTranslationFilter.java:120)
	at org.springframework.security.web.ObservationFilterChainDecorator$ObservationFilter.wrapFilter(ObservationFilterChainDecorator.java:240)
	at org.springframework.security.web.ObservationFilterChainDecorator$ObservationFilter.doFilter(ObservationFilterChainDecorator.java:227)
	at org.springframework.security.web.ObservationFilterChainDecorator$VirtualFilterChain.doFilter(ObservationFilterChainDecorator.java:137)
	at org.springframework.security.web.session.SessionManagementFilter.doFilter(SessionManagementFilter.java:131)
	at org.springframework.security.web.session.SessionManagementFilter.doFilter(SessionManagementFilter.java:85)
	at org.springframework.security.web.ObservationFilterChainDecorator$ObservationFilter.wrapFilter(ObservationFilterChainDecorator.java:240)
	at org.springframework.security.web.ObservationFilterChainDecorator$ObservationFilter.doFilter(ObservationFilterChainDecorator.java:227)
	at org.springframework.security.web.ObservationFilterChainDecorator$VirtualFilterChain.doFilter(ObservationFilterChainDecorator.java:137)
	at org.springframework.security.web.authentication.AnonymousAuthenticationFilter.doFilter(AnonymousAuthenticationFilter.java:100)
	at org.springframework.security.web.ObservationFilterChainDecorator$ObservationFilter.wrapFilter(ObservationFilterChainDecorator.java:240)
	at org.springframework.security.web.ObservationFilterChainDecorator$ObservationFilter.doFilter(ObservationFilterChainDecorator.java:227)
	at org.springframework.security.web.ObservationFilterChainDecorator$VirtualFilterChain.doFilter(ObservationFilterChainDecorator.java:137)
	at org.springframework.security.web.servletapi.SecurityContextHolderAwareRequestFilter.doFilter(SecurityContextHolderAwareRequestFilter.java:179)
	at org.springframework.security.web.ObservationFilterChainDecorator$ObservationFilter.wrapFilter(ObservationFilterChainDecorator.java:240)
	at org.springframework.security.web.ObservationFilterChainDecorator$ObservationFilter.doFilter(ObservationFilterChainDecorator.java:227)
	at org.springframework.security.web.ObservationFilterChainDecorator$VirtualFilterChain.doFilter(ObservationFilterChainDecorator.java:137)
	at org.springframework.security.web.savedrequest.RequestCacheAwareFilter.doFilter(RequestCacheAwareFilter.java:63)
	at org.springframework.security.web.ObservationFilterChainDecorator$ObservationFilter.wrapFilter(ObservationFilterChainDecorator.java:240)
	at org.springframework.security.web.ObservationFilterChainDecorator$ObservationFilter.doFilter(ObservationFilterChainDecorator.java:227)
	at org.springframework.security.web.ObservationFilterChainDecorator$VirtualFilterChain.doFilter(ObservationFilterChainDecorator.java:137)
	at com.company.project.security.jwt.JwtAuthenticationFilter.doFilterInternal(JwtAuthenticationFilter.java:52)
	at org.springframework.web.filter.OncePerRequestFilter.doFilter(OncePerRequestFilter.java:116)
	at org.springframework.security.web.ObservationFilterChainDecorator$ObservationFilter.wrapFilter(ObservationFilterChainDecorator.java:240)
	at org.springframework.security.web.ObservationFilterChainDecorator$ObservationFilter.doFilter(ObservationFilterChainDecorator.java:227)
	at org.springframework.security.web.ObservationFilterChainDecorator$VirtualFilterChain.doFilter(ObservationFilterChainDecorator.java:137)
	at org.springframework.security.web.authentication.logout.LogoutFilter.doFilter(LogoutFilter.java:107)
	at org.springframework.security.web.authentication.logout.LogoutFilter.doFilter(LogoutFilter.java:93)
	at org.springframework.security.web.ObservationFilterChainDecorator$ObservationFilter.wrapFilter(ObservationFilterChainDecorator.java:240)
	at org.springframework.security.web.ObservationFilterChainDecorator$ObservationFilter.doFilter(ObservationFilterChainDecorator.java:227)
	at org.springframework.security.web.ObservationFilterChainDecorator$VirtualFilterChain.doFilter(ObservationFilterChainDecorator.java:137)
	at org.springframework.web.filter.CorsFilter.doFilterInternal(CorsFilter.java:91)
	at org.springframework.web.filter.OncePerRequestFilter.doFilter(OncePerRequestFilter.java:116)
	at org.springframework.security.web.ObservationFilterChainDecorator$ObservationFilter.wrapFilter(ObservationFilterChainDecorator.java:240)
	at org.springframework.security.web.ObservationFilterChainDecorator$ObservationFilter.doFilter(ObservationFilterChainDecorator.java:227)
	at org.springframework.security.web.ObservationFilterChainDecorator$VirtualFilterChain.doFilter(ObservationFilterChainDecorator.java:137)
	at org.springframework.security.web.header.HeaderWriterFilter.doHeadersAfter(HeaderWriterFilter.java:90)
	at org.springframework.security.web.header.HeaderWriterFilter.doFilterInternal(HeaderWriterFilter.java:75)
	at org.springframework.web.filter.OncePerRequestFilter.doFilter(OncePerRequestFilter.java:116)
	at org.springframework.security.web.ObservationFilterChainDecorator$ObservationFilter.wrapFilter(ObservationFilterChainDecorator.java:240)
	at org.springframework.security.web.ObservationFilterChainDecorator$ObservationFilter.doFilter(ObservationFilterChainDecorator.java:227)
	at org.springframework.security.web.ObservationFilterChainDecorator$VirtualFilterChain.doFilter(ObservationFilterChainDecorator.java:137)
	at org.springframework.security.web.context.SecurityContextHolderFilter.doFilter(SecurityContextHolderFilter.java:82)
	at org.springframework.security.web.context.SecurityContextHolderFilter.doFilter(SecurityContextHolderFilter.java:69)
	at org.springframework.security.web.ObservationFilterChainDecorator$ObservationFilter.wrapFilter(ObservationFilterChainDecorator.java:240)
	at org.springframework.security.web.ObservationFilterChainDecorator$ObservationFilter.doFilter(ObservationFilterChainDecorator.java:227)
	at org.springframework.security.web.ObservationFilterChainDecorator$VirtualFilterChain.doFilter(ObservationFilterChainDecorator.java:137)
	at org.springframework.security.web.context.request.async.WebAsyncManagerIntegrationFilter.doFilterInternal(WebAsyncManagerIntegrationFilter.java:62)
	at org.springframework.web.filter.OncePerRequestFilter.doFilter(OncePerRequestFilter.java:116)
	at org.springframework.security.web.ObservationFilterChainDecorator$ObservationFilter.wrapFilter(ObservationFilterChainDecorator.java:240)
	at org.springframework.security.web.ObservationFilterChainDecorator$ObservationFilter.doFilter(ObservationFilterChainDecorator.java:227)
	at org.springframework.security.web.ObservationFilterChainDecorator$VirtualFilterChain.doFilter(ObservationFilterChainDecorator.java:137)
	at org.springframework.security.web.session.DisableEncodeUrlFilter.doFilterInternal(DisableEncodeUrlFilter.java:42)
	at org.springframework.web.filter.OncePerRequestFilter.doFilter(OncePerRequestFilter.java:116)
	at org.springframework.security.web.ObservationFilterChainDecorator$ObservationFilter.wrapFilter(ObservationFilterChainDecorator.java:240)
	at org.springframework.security.web.ObservationFilterChainDecorator$AroundFilterObservation$SimpleAroundFilterObservation.lambda$wrap$0(ObservationFilterChainDecorator.java:323)
	at org.springframework.security.web.ObservationFilterChainDecorator$ObservationFilter.doFilter(ObservationFilterChainDecorator.java:224)
	at org.springframework.security.web.ObservationFilterChainDecorator$VirtualFilterChain.doFilter(ObservationFilterChainDecorator.java:137)
	at org.springframework.security.web.FilterChainProxy.doFilterInternal(FilterChainProxy.java:233)
	at org.springframework.security.web.FilterChainProxy.doFilter(FilterChainProxy.java:191)
	at org.springframework.web.filter.CompositeFilter$VirtualFilterChain.doFilter(CompositeFilter.java:113)
	at org.springframework.web.servlet.handler.HandlerMappingIntrospector.lambda$createCacheFilter$3(HandlerMappingIntrospector.java:243)
	at org.springframework.web.filter.CompositeFilter$VirtualFilterChain.doFilter(CompositeFilter.java:113)
	at org.springframework.web.filter.CompositeFilter.doFilter(CompositeFilter.java:74)
	at org.springframework.security.config.annotation.web.configuration.WebMvcSecurityConfiguration$CompositeFilterChainProxy.doFilter(WebMvcSecurityConfiguration.java:238)
	at org.springframework.web.filter.DelegatingFilterProxy.invokeDelegate(DelegatingFilterProxy.java:362)
	at org.springframework.web.filter.DelegatingFilterProxy.doFilter(DelegatingFilterProxy.java:278)
	at org.apache.catalina.core.ApplicationFilterChain.internalDoFilter(ApplicationFilterChain.java:164)
	at org.apache.catalina.core.ApplicationFilterChain.doFilter(ApplicationFilterChain.java:140)
	at org.springframework.web.filter.RequestContextFilter.doFilterInternal(RequestContextFilter.java:100)
	at org.springframework.web.filter.OncePerRequestFilter.doFilter(OncePerRequestFilter.java:116)
	at org.apache.catalina.core.ApplicationFilterChain.internalDoFilter(ApplicationFilterChain.java:164)
	at org.apache.catalina.core.ApplicationFilterChain.doFilter(ApplicationFilterChain.java:140)
	at org.springframework.web.filter.FormContentFilter.doFilterInternal(FormContentFilter.java:93)
	at org.springframework.web.filter.OncePerRequestFilter.doFilter(OncePerRequestFilter.java:116)
	at org.apache.catalina.core.ApplicationFilterChain.internalDoFilter(ApplicationFilterChain.java:164)
	at org.apache.catalina.core.ApplicationFilterChain.doFilter(ApplicationFilterChain.java:140)
	at org.springframework.web.filter.ServerHttpObservationFilter.doFilterInternal(ServerHttpObservationFilter.java:114)
	at org.springframework.web.filter.OncePerRequestFilter.doFilter(OncePerRequestFilter.java:116)
	at org.apache.catalina.core.ApplicationFilterChain.internalDoFilter(ApplicationFilterChain.java:164)
	at org.apache.catalina.core.ApplicationFilterChain.doFilter(ApplicationFilterChain.java:140)
	at org.springframework.web.filter.CharacterEncodingFilter.doFilterInternal(CharacterEncodingFilter.java:201)
	at org.springframework.web.filter.OncePerRequestFilter.doFilter(OncePerRequestFilter.java:116)
	at org.apache.catalina.core.ApplicationFilterChain.internalDoFilter(ApplicationFilterChain.java:164)
	at org.apache.catalina.core.ApplicationFilterChain.doFilter(ApplicationFilterChain.java:140)
	at org.apache.catalina.core.StandardWrapperValve.invoke(StandardWrapperValve.java:167)
	at org.apache.catalina.core.StandardContextValve.invoke(StandardContextValve.java:90)
	at org.apache.catalina.authenticator.AuthenticatorBase.invoke(AuthenticatorBase.java:483)
	at org.apache.catalina.core.StandardHostValve.invoke(StandardHostValve.java:115)
	at org.apache.catalina.valves.ErrorReportValve.invoke(ErrorReportValve.java:93)
	at org.apache.catalina.core.StandardEngineValve.invoke(StandardEngineValve.java:74)
	at org.apache.catalina.connector.CoyoteAdapter.service(CoyoteAdapter.java:344)
	at org.apache.coyote.http11.Http11Processor.service(Http11Processor.java:397)
	at org.apache.coyote.AbstractProcessorLight.process(AbstractProcessorLight.java:63)
	at org.apache.coyote.AbstractProtocol$ConnectionHandler.process(AbstractProtocol.java:905)
	at org.apache.tomcat.util.net.NioEndpoint$SocketProcessor.doRun(NioEndpoint.java:1741)
	at org.apache.tomcat.util.net.SocketProcessorBase.run(SocketProcessorBase.java:52)
	at org.apache.tomcat.util.threads.ThreadPoolExecutor.runWorker(ThreadPoolExecutor.java:1190)
	at org.apache.tomcat.util.threads.ThreadPoolExecutor$Worker.run(ThreadPoolExecutor.java:659)
	at org.apache.tomcat.util.threads.TaskThread$WrappingRunnable.run(TaskThread.java:63)
	at java.base/java.lang.Thread.run(Thread.java:1583)
2026-03-16 17:07:47 [http-nio-8080-exec-13] DEBUG o.s.w.s.m.m.a.HttpEntityMethodProcessor - Using 'application/json', given [application/json, text/plain, */*] and supported [application/json, application/*+json, application/yaml]
2026-03-16 17:07:47 [http-nio-8080-exec-13] TRACE o.s.w.s.m.m.a.HttpEntityMethodProcessor - Writing [ApiResponse[success=false, status=500, code=C004, message=예기치 않은 서버 오류가 발생했습니다., data=null, timestamp=2026-03-16T17:07:47.866499200]]
2026-03-16 17:07:47 [http-nio-8080-exec-13] DEBUG o.s.w.s.m.m.a.ExceptionHandlerExceptionResolver - Resolved [org.springframework.web.servlet.resource.NoResourceFoundException: No static resource api/v1/admin/system/statistics/connect.]
2026-03-16 17:07:47 [http-nio-8080-exec-13] DEBUG o.s.web.servlet.DispatcherServlet - Completed 500 INTERNAL_SERVER_ERROR
2026-03-16 17:07:47 [http-nio-8080-exec-15] DEBUG c.c.p.s.jwt.JwtAuthenticationFilter - >>> [JwtFilter] Processing request: GET /api/v1/menu/left
2026-03-16 17:07:47 [http-nio-8080-exec-15] DEBUG c.c.p.s.jwt.JwtAuthenticationFilter - >>> [JwtFilter] Found token in header for path: /api/v1/menu/left
2026-03-16 17:07:47 [http-nio-8080-exec-15] DEBUG o.s.orm.jpa.JpaTransactionManager - Creating new transaction with name [com.company.project.security.iam.CustomUserDetailsService.loadUserByUsername]: PROPAGATION_REQUIRED,ISOLATION_DEFAULT,readOnly
2026-03-16 17:07:47 [http-nio-8080-exec-15] DEBUG o.s.orm.jpa.JpaTransactionManager - Opened new EntityManager [SessionImpl(408887908<open>)] for JPA transaction
2026-03-16 17:07:47 [http-nio-8080-exec-19] DEBUG o.s.orm.jpa.JpaTransactionManager - Initiating transaction commit
2026-03-16 17:07:47 [http-nio-8080-exec-10] DEBUG o.s.orm.jpa.JpaTransactionManager - Initiating transaction commit
2026-03-16 17:07:47 [http-nio-8080-exec-19] DEBUG o.s.orm.jpa.JpaTransactionManager - Committing JPA transaction on EntityManager [SessionImpl(1763785700<open>)]
2026-03-16 17:07:47 [http-nio-8080-exec-10] DEBUG o.s.orm.jpa.JpaTransactionManager - Committing JPA transaction on EntityManager [SessionImpl(334017220<open>)]
2026-03-16 17:07:47 [http-nio-8080-exec-8] DEBUG o.s.orm.jpa.JpaTransactionManager - Initiating transaction commit
2026-03-16 17:07:47 [http-nio-8080-exec-17] DEBUG o.s.orm.jpa.JpaTransactionManager - Initiating transaction commit
2026-03-16 17:07:47 [http-nio-8080-exec-8] DEBUG o.s.orm.jpa.JpaTransactionManager - Committing JPA transaction on EntityManager [SessionImpl(1103229126<open>)]
2026-03-16 17:07:47 [http-nio-8080-exec-17] DEBUG o.s.orm.jpa.JpaTransactionManager - Committing JPA transaction on EntityManager [SessionImpl(1375782404<open>)]
2026-03-16 17:07:47 [http-nio-8080-exec-2] DEBUG o.s.orm.jpa.JpaTransactionManager - Found thread-bound EntityManager [SessionImpl(807830524<open>)] for JPA transaction
2026-03-16 17:07:47 [http-nio-8080-exec-2] DEBUG o.s.orm.jpa.JpaTransactionManager - Participating in existing transaction
2026-03-16 17:07:47 [http-nio-8080-exec-2] DEBUG org.hibernate.SQL - select ua1_0.scrty_dtrmn_trget_id,ua1_0.author_code,ua1_0.frst_register_id,ua1_0.frst_regist_pnttm,ua1_0.last_updusr_id,ua1_0.last_updt_pnttm,ua1_0.mber_ty_code from nemplyrscrtyestbs ua1_0 where ua1_0.scrty_dtrmn_trget_id=?
2026-03-16 17:07:48 [http-nio-8080-exec-15] DEBUG o.s.orm.jpa.JpaTransactionManager - Exposing JPA transaction as JDBC [org.springframework.orm.jpa.vendor.HibernateJpaDialect$HibernateConnectionHandle@5cf3e443]
2026-03-16 17:07:48 [http-nio-8080-exec-15] DEBUG o.s.orm.jpa.JpaTransactionManager - Found thread-bound EntityManager [SessionImpl(408887908<open>)] for JPA transaction
2026-03-16 17:07:48 [http-nio-8080-exec-15] DEBUG o.s.orm.jpa.JpaTransactionManager - Participating in existing transaction
2026-03-16 17:07:48 [http-nio-8080-exec-15] DEBUG org.hibernate.SQL - select u1_0.emplyr_id,u1_0.area_no,u1_0.brthdy,u1_0.chg_pwd_cnt,u1_0.frst_register_id,u1_0.frst_regist_pnttm,u1_0.detail_adres,u1_0.email_adres,u1_0.emplyr_sttus_code,u1_0.empl_no,u1_0.esntl_id,u1_0.fxnum,u1_0.group_id,u1_0.house_adres,u1_0.house_end_telno,u1_0.house_middle_telno,u1_0.ihidnum,u1_0.pstinst_code,u1_0.last_updusr_id,u1_0.last_updt_pnttm,u1_0.lock_at,u1_0.lock_cnt,u1_0.lock_last_pnttm,u1_0.mbtlnum,u1_0.ofcps_nm,u1_0.offm_telno,u1_0.orgnzt_id,u1_0.password,u1_0.password_cnsr,u1_0.password_hint,u1_0.chg_pwd_last_pnttm,u1_0.role,u1_0.sbscrb_de,u1_0.sexdstn_code,u1_0.crtfc_dn_value,u1_0.user_nm,u1_0.zip from nemplyrinfo u1_0 where u1_0.emplyr_id=?
2026-03-16 17:07:48 [http-nio-8080-exec-10] DEBUG o.s.orm.jpa.JpaTransactionManager - Closing JPA EntityManager [SessionImpl(334017220<open>)] after transaction
2026-03-16 17:07:48 [http-nio-8080-exec-19] DEBUG o.s.orm.jpa.JpaTransactionManager - Closing JPA EntityManager [SessionImpl(1763785700<open>)] after transaction
2026-03-16 17:07:48 [http-nio-8080-exec-10] DEBUG o.s.w.s.m.m.a.HttpEntityMethodProcessor - Using 'application/json', given [application/json, text/plain, */*] and supported [application/json, application/*+json, application/yaml]
2026-03-16 17:07:48 [http-nio-8080-exec-19] DEBUG o.s.w.s.m.m.a.HttpEntityMethodProcessor - Using 'application/json', given [application/json, text/plain, */*] and supported [application/json, application/*+json, application/yaml]
2026-03-16 17:07:48 [http-nio-8080-exec-19] TRACE o.s.w.s.m.m.a.HttpEntityMethodProcessor - Writing [ApiResponse[success=true, status=200, code=COMMON_001, message=Success, data=0, timestamp=2026-03-16T17:07:48.103050700]]
2026-03-16 17:07:48 [http-nio-8080-exec-10] TRACE o.s.w.s.m.m.a.HttpEntityMethodProcessor - Writing [ApiResponse[success=true, status=200, code=COMMON_001, message=Success, data=[NotificationDto(ntfcNo=NT001, ntfcSj=테스트 알림입니다, ntfcCn=알림 내용입니다, ntfcDate=null, ntfcTime=2026-02-25T00:59:33.784070, bhNtfcIntrvl=null, uniqId=null, frstRegisterId=null, frstRegisterPnttm=2026-02-25T00:59:33.784070, lastUpdusrId=null, lastUpdusrPnttm=null)], timestamp=2026-03-16T17:07:48.103050700]]
2026-03-16 17:07:48 [http-nio-8080-exec-10] INFO  c.c.p.a.i.OperationalAuditInterceptor - API Audit Log: URL=/api/v1/notifications, User=webmaster, IP=127.0.0.1
2026-03-16 17:07:48 [http-nio-8080-exec-19] INFO  c.c.p.a.i.OperationalAuditInterceptor - API Audit Log: URL=/api/v1/notifications/unread-count, User=webmaster, IP=127.0.0.1
2026-03-16 17:07:48 [http-nio-8080-exec-10] DEBUG o.s.web.servlet.DispatcherServlet - Completed 200 OK
2026-03-16 17:07:48 [http-nio-8080-exec-19] DEBUG o.s.web.servlet.DispatcherServlet - Completed 200 OK
2026-03-16 17:07:48 [http-nio-8080-exec-8] DEBUG o.s.orm.jpa.JpaTransactionManager - Closing JPA EntityManager [SessionImpl(1103229126<open>)] after transaction
2026-03-16 17:07:48 [http-nio-8080-exec-8] DEBUG o.s.w.s.m.m.a.HttpEntityMethodProcessor - Using 'application/json', given [application/json, text/plain, */*] and supported [application/json, application/*+json, application/yaml]
2026-03-16 17:07:48 [http-nio-8080-exec-8] TRACE o.s.w.s.m.m.a.HttpEntityMethodProcessor - Writing [ApiResponse[success=true, status=200, code=COMMON_001, message=Success, data=[], timestamp=2026-03-16T17:07:48.119443800]]
2026-03-16 17:07:48 [http-nio-8080-exec-17] DEBUG o.s.orm.jpa.JpaTransactionManager - Closing JPA EntityManager [SessionImpl(1375782404<open>)] after transaction
2026-03-16 17:07:48 [http-nio-8080-exec-17] DEBUG o.s.w.s.m.m.a.HttpEntityMethodProcessor - Using 'application/json', given [application/json, text/plain, */*] and supported [application/json, application/*+json, application/yaml]
2026-03-16 17:07:48 [http-nio-8080-exec-8] INFO  c.c.p.a.i.OperationalAuditInterceptor - API Audit Log: URL=/api/v1/popups/active, User=webmaster, IP=127.0.0.1
2026-03-16 17:07:48 [http-nio-8080-exec-17] TRACE o.s.w.s.m.m.a.HttpEntityMethodProcessor - Writing [ApiResponse[success=true, status=200, code=COMMON_001, message=Success, data=[], timestamp=2026-03-16T17:07:48.120123300]]
2026-03-16 17:07:48 [http-nio-8080-exec-8] DEBUG o.s.web.servlet.DispatcherServlet - Completed 200 OK
2026-03-16 17:07:48 [http-nio-8080-exec-17] INFO  c.c.p.a.i.OperationalAuditInterceptor - API Audit Log: URL=/api/v1/admin/system/banners/reflected, User=webmaster, IP=127.0.0.1
2026-03-16 17:07:48 [http-nio-8080-exec-17] DEBUG o.s.web.servlet.DispatcherServlet - Completed 200 OK
2026-03-16 17:07:48 [http-nio-8080-exec-3] DEBUG c.c.p.s.jwt.JwtAuthenticationFilter - >>> [JwtFilter] Processing request: GET /api/v1/notifications/unread-count
2026-03-16 17:07:48 [http-nio-8080-exec-3] DEBUG c.c.p.s.jwt.JwtAuthenticationFilter - >>> [JwtFilter] Found token in header for path: /api/v1/notifications/unread-count
2026-03-16 17:07:48 [http-nio-8080-exec-3] DEBUG o.s.orm.jpa.JpaTransactionManager - Creating new transaction with name [com.company.project.security.iam.CustomUserDetailsService.loadUserByUsername]: PROPAGATION_REQUIRED,ISOLATION_DEFAULT,readOnly
2026-03-16 17:07:48 [http-nio-8080-exec-3] DEBUG o.s.orm.jpa.JpaTransactionManager - Opened new EntityManager [SessionImpl(1878717829<open>)] for JPA transaction
2026-03-16 17:07:48 [http-nio-8080-exec-9] DEBUG c.c.p.s.jwt.JwtAuthenticationFilter - >>> [JwtFilter] Processing request: GET /api/v1/notifications
2026-03-16 17:07:48 [http-nio-8080-exec-9] DEBUG c.c.p.s.jwt.JwtAuthenticationFilter - >>> [JwtFilter] Found token in header for path: /api/v1/notifications
2026-03-16 17:07:48 [http-nio-8080-exec-9] DEBUG o.s.orm.jpa.JpaTransactionManager - Creating new transaction with name [com.company.project.security.iam.CustomUserDetailsService.loadUserByUsername]: PROPAGATION_REQUIRED,ISOLATION_DEFAULT,readOnly
2026-03-16 17:07:48 [http-nio-8080-exec-9] DEBUG o.s.orm.jpa.JpaTransactionManager - Opened new EntityManager [SessionImpl(1800997237<open>)] for JPA transaction
2026-03-16 17:07:48 [http-nio-8080-exec-2] DEBUG o.s.orm.jpa.JpaTransactionManager - Initiating transaction commit
2026-03-16 17:07:48 [http-nio-8080-exec-2] DEBUG o.s.orm.jpa.JpaTransactionManager - Committing JPA transaction on EntityManager [SessionImpl(807830524<open>)]
2026-03-16 17:07:48 [http-nio-8080-exec-12] DEBUG c.c.p.s.jwt.JwtAuthenticationFilter - >>> [JwtFilter] Processing request: GET /api/v1/popups/active
2026-03-16 17:07:48 [http-nio-8080-exec-13] DEBUG c.c.p.s.jwt.JwtAuthenticationFilter - >>> [JwtFilter] Processing request: GET /api/v1/admin/system/banners/reflected
2026-03-16 17:07:48 [http-nio-8080-exec-12] DEBUG c.c.p.s.jwt.JwtAuthenticationFilter - >>> [JwtFilter] Found token in header for path: /api/v1/popups/active
2026-03-16 17:07:48 [http-nio-8080-exec-13] DEBUG c.c.p.s.jwt.JwtAuthenticationFilter - >>> [JwtFilter] Found token in header for path: /api/v1/admin/system/banners/reflected
2026-03-16 17:07:48 [http-nio-8080-exec-13] DEBUG o.s.orm.jpa.JpaTransactionManager - Creating new transaction with name [com.company.project.security.iam.CustomUserDetailsService.loadUserByUsername]: PROPAGATION_REQUIRED,ISOLATION_DEFAULT,readOnly
2026-03-16 17:07:48 [http-nio-8080-exec-12] DEBUG o.s.orm.jpa.JpaTransactionManager - Creating new transaction with name [com.company.project.security.iam.CustomUserDetailsService.loadUserByUsername]: PROPAGATION_REQUIRED,ISOLATION_DEFAULT,readOnly
2026-03-16 17:07:48 [http-nio-8080-exec-13] DEBUG o.s.orm.jpa.JpaTransactionManager - Opened new EntityManager [SessionImpl(326530262<open>)] for JPA transaction
2026-03-16 17:07:48 [http-nio-8080-exec-12] DEBUG o.s.orm.jpa.JpaTransactionManager - Opened new EntityManager [SessionImpl(922117527<open>)] for JPA transaction
2026-03-16 17:07:48 [http-nio-8080-exec-13] DEBUG o.s.orm.jpa.JpaTransactionManager - Exposing JPA transaction as JDBC [org.springframework.orm.jpa.vendor.HibernateJpaDialect$HibernateConnectionHandle@41bfd07e]
2026-03-16 17:07:48 [http-nio-8080-exec-12] DEBUG o.s.orm.jpa.JpaTransactionManager - Exposing JPA transaction as JDBC [org.springframework.orm.jpa.vendor.HibernateJpaDialect$HibernateConnectionHandle@5cfec1c1]
2026-03-16 17:07:48 [http-nio-8080-exec-13] DEBUG o.s.orm.jpa.JpaTransactionManager - Found thread-bound EntityManager [SessionImpl(326530262<open>)] for JPA transaction
2026-03-16 17:07:48 [http-nio-8080-exec-13] DEBUG o.s.orm.jpa.JpaTransactionManager - Participating in existing transaction
2026-03-16 17:07:48 [http-nio-8080-exec-12] DEBUG o.s.orm.jpa.JpaTransactionManager - Found thread-bound EntityManager [SessionImpl(922117527<open>)] for JPA transaction
2026-03-16 17:07:48 [http-nio-8080-exec-12] DEBUG o.s.orm.jpa.JpaTransactionManager - Participating in existing transaction
2026-03-16 17:07:48 [http-nio-8080-exec-13] DEBUG org.hibernate.SQL - select u1_0.emplyr_id,u1_0.area_no,u1_0.brthdy,u1_0.chg_pwd_cnt,u1_0.frst_register_id,u1_0.frst_regist_pnttm,u1_0.detail_adres,u1_0.email_adres,u1_0.emplyr_sttus_code,u1_0.empl_no,u1_0.esntl_id,u1_0.fxnum,u1_0.group_id,u1_0.house_adres,u1_0.house_end_telno,u1_0.house_middle_telno,u1_0.ihidnum,u1_0.pstinst_code,u1_0.last_updusr_id,u1_0.last_updt_pnttm,u1_0.lock_at,u1_0.lock_cnt,u1_0.lock_last_pnttm,u1_0.mbtlnum,u1_0.ofcps_nm,u1_0.offm_telno,u1_0.orgnzt_id,u1_0.password,u1_0.password_cnsr,u1_0.password_hint,u1_0.chg_pwd_last_pnttm,u1_0.role,u1_0.sbscrb_de,u1_0.sexdstn_code,u1_0.crtfc_dn_value,u1_0.user_nm,u1_0.zip from nemplyrinfo u1_0 where u1_0.emplyr_id=?
2026-03-16 17:07:48 [http-nio-8080-exec-12] DEBUG org.hibernate.SQL - select u1_0.emplyr_id,u1_0.area_no,u1_0.brthdy,u1_0.chg_pwd_cnt,u1_0.frst_register_id,u1_0.frst_regist_pnttm,u1_0.detail_adres,u1_0.email_adres,u1_0.emplyr_sttus_code,u1_0.empl_no,u1_0.esntl_id,u1_0.fxnum,u1_0.group_id,u1_0.house_adres,u1_0.house_end_telno,u1_0.house_middle_telno,u1_0.ihidnum,u1_0.pstinst_code,u1_0.last_updusr_id,u1_0.last_updt_pnttm,u1_0.lock_at,u1_0.lock_cnt,u1_0.lock_last_pnttm,u1_0.mbtlnum,u1_0.ofcps_nm,u1_0.offm_telno,u1_0.orgnzt_id,u1_0.password,u1_0.password_cnsr,u1_0.password_hint,u1_0.chg_pwd_last_pnttm,u1_0.role,u1_0.sbscrb_de,u1_0.sexdstn_code,u1_0.crtfc_dn_value,u1_0.user_nm,u1_0.zip from nemplyrinfo u1_0 where u1_0.emplyr_id=?
2026-03-16 17:07:48 [http-nio-8080-exec-15] DEBUG o.s.orm.jpa.JpaTransactionManager - Found thread-bound EntityManager [SessionImpl(408887908<open>)] for JPA transaction
2026-03-16 17:07:48 [http-nio-8080-exec-15] DEBUG o.s.orm.jpa.JpaTransactionManager - Participating in existing transaction
2026-03-16 17:07:48 [http-nio-8080-exec-15] DEBUG org.hibernate.SQL - select ua1_0.scrty_dtrmn_trget_id,ua1_0.author_code,ua1_0.frst_register_id,ua1_0.frst_regist_pnttm,ua1_0.last_updusr_id,ua1_0.last_updt_pnttm,ua1_0.mber_ty_code from nemplyrscrtyestbs ua1_0 where ua1_0.scrty_dtrmn_trget_id=?
2026-03-16 17:07:48 [http-nio-8080-exec-3] DEBUG o.s.orm.jpa.JpaTransactionManager - Exposing JPA transaction as JDBC [org.springframework.orm.jpa.vendor.HibernateJpaDialect$HibernateConnectionHandle@7af5213d]
2026-03-16 17:07:48 [http-nio-8080-exec-9] DEBUG o.s.orm.jpa.JpaTransactionManager - Exposing JPA transaction as JDBC [org.springframework.orm.jpa.vendor.HibernateJpaDialect$HibernateConnectionHandle@1395bf15]
2026-03-16 17:07:48 [http-nio-8080-exec-3] DEBUG o.s.orm.jpa.JpaTransactionManager - Found thread-bound EntityManager [SessionImpl(1878717829<open>)] for JPA transaction
2026-03-16 17:07:48 [http-nio-8080-exec-9] DEBUG o.s.orm.jpa.JpaTransactionManager - Found thread-bound EntityManager [SessionImpl(1800997237<open>)] for JPA transaction
2026-03-16 17:07:48 [http-nio-8080-exec-2] DEBUG o.s.orm.jpa.JpaTransactionManager - Closing JPA EntityManager [SessionImpl(807830524<open>)] after transaction
2026-03-16 17:07:48 [http-nio-8080-exec-3] DEBUG o.s.orm.jpa.JpaTransactionManager - Participating in existing transaction
2026-03-16 17:07:48 [http-nio-8080-exec-9] DEBUG o.s.orm.jpa.JpaTransactionManager - Participating in existing transaction
2026-03-16 17:07:48 [http-nio-8080-exec-2] DEBUG c.c.p.s.jwt.JwtAuthenticationFilter - >>> [JwtFilter] Successfully authenticated user: USRCNFRM_99999999999, Authorities: [ROLE_ADMIN]
2026-03-16 17:07:48 [http-nio-8080-exec-9] DEBUG org.hibernate.SQL - select u1_0.emplyr_id,u1_0.area_no,u1_0.brthdy,u1_0.chg_pwd_cnt,u1_0.frst_register_id,u1_0.frst_regist_pnttm,u1_0.detail_adres,u1_0.email_adres,u1_0.emplyr_sttus_code,u1_0.empl_no,u1_0.esntl_id,u1_0.fxnum,u1_0.group_id,u1_0.house_adres,u1_0.house_end_telno,u1_0.house_middle_telno,u1_0.ihidnum,u1_0.pstinst_code,u1_0.last_updusr_id,u1_0.last_updt_pnttm,u1_0.lock_at,u1_0.lock_cnt,u1_0.lock_last_pnttm,u1_0.mbtlnum,u1_0.ofcps_nm,u1_0.offm_telno,u1_0.orgnzt_id,u1_0.password,u1_0.password_cnsr,u1_0.password_hint,u1_0.chg_pwd_last_pnttm,u1_0.role,u1_0.sbscrb_de,u1_0.sexdstn_code,u1_0.crtfc_dn_value,u1_0.user_nm,u1_0.zip from nemplyrinfo u1_0 where u1_0.emplyr_id=?
2026-03-16 17:07:48 [http-nio-8080-exec-3] DEBUG org.hibernate.SQL - select u1_0.emplyr_id,u1_0.area_no,u1_0.brthdy,u1_0.chg_pwd_cnt,u1_0.frst_register_id,u1_0.frst_regist_pnttm,u1_0.detail_adres,u1_0.email_adres,u1_0.emplyr_sttus_code,u1_0.empl_no,u1_0.esntl_id,u1_0.fxnum,u1_0.group_id,u1_0.house_adres,u1_0.house_end_telno,u1_0.house_middle_telno,u1_0.ihidnum,u1_0.pstinst_code,u1_0.last_updusr_id,u1_0.last_updt_pnttm,u1_0.lock_at,u1_0.lock_cnt,u1_0.lock_last_pnttm,u1_0.mbtlnum,u1_0.ofcps_nm,u1_0.offm_telno,u1_0.orgnzt_id,u1_0.password,u1_0.password_cnsr,u1_0.password_hint,u1_0.chg_pwd_last_pnttm,u1_0.role,u1_0.sbscrb_de,u1_0.sexdstn_code,u1_0.crtfc_dn_value,u1_0.user_nm,u1_0.zip from nemplyrinfo u1_0 where u1_0.emplyr_id=?
2026-03-16 17:07:48 [http-nio-8080-exec-2] DEBUG o.s.web.servlet.DispatcherServlet - GET "/api/v1/admin/system/statistics/bbs?statsKind=COM101", parameters={masked}
2026-03-16 17:07:48 [http-nio-8080-exec-2] DEBUG o.s.w.s.h.SimpleUrlHandlerMapping - Mapped to ResourceHttpRequestHandler [classpath [META-INF/resources/], classpath [resources/], classpath [static/], classpath [public/], ServletContext [/]]
2026-03-16 17:07:48 [http-nio-8080-exec-2] DEBUG o.s.w.s.r.ResourceHttpRequestHandler - Resource not found
2026-03-16 17:07:48 [http-nio-8080-exec-2] DEBUG o.s.w.s.m.m.a.ExceptionHandlerExceptionResolver - Using @ExceptionHandler com.company.project.core.exception.GlobalExceptionHandler#handleException(Exception)
2026-03-16 17:07:48 [http-nio-8080-exec-2] ERROR c.c.p.c.e.GlobalExceptionHandler - >>> Internal Server Error: No static resource api/v1/admin/system/statistics/bbs.
org.springframework.web.servlet.resource.NoResourceFoundException: No static resource api/v1/admin/system/statistics/bbs.
	at org.springframework.web.servlet.resource.ResourceHttpRequestHandler.handleRequest(ResourceHttpRequestHandler.java:585)
	at org.springframework.web.servlet.mvc.HttpRequestHandlerAdapter.handle(HttpRequestHandlerAdapter.java:52)
	at org.springframework.web.servlet.DispatcherServlet.doDispatch(DispatcherServlet.java:1088)
	at org.springframework.web.servlet.DispatcherServlet.doService(DispatcherServlet.java:978)
	at org.springframework.web.servlet.FrameworkServlet.processRequest(FrameworkServlet.java:1014)
	at org.springframework.web.servlet.FrameworkServlet.doGet(FrameworkServlet.java:903)
	at jakarta.servlet.http.HttpServlet.service(HttpServlet.java:527)
	at org.springframework.web.servlet.FrameworkServlet.service(FrameworkServlet.java:885)
	at jakarta.servlet.http.HttpServlet.service(HttpServlet.java:614)
	at org.apache.catalina.core.ApplicationFilterChain.internalDoFilter(ApplicationFilterChain.java:195)
	at org.apache.catalina.core.ApplicationFilterChain.doFilter(ApplicationFilterChain.java:140)
	at org.apache.tomcat.websocket.server.WsFilter.doFilter(WsFilter.java:51)
	at org.apache.catalina.core.ApplicationFilterChain.internalDoFilter(ApplicationFilterChain.java:164)
	at org.apache.catalina.core.ApplicationFilterChain.doFilter(ApplicationFilterChain.java:140)
	at org.springframework.web.filter.CompositeFilter$VirtualFilterChain.doFilter(CompositeFilter.java:108)
	at org.springframework.security.web.FilterChainProxy.lambda$doFilterInternal$3(FilterChainProxy.java:231)
	at org.springframework.security.web.ObservationFilterChainDecorator$FilterObservation$SimpleFilterObservation.lambda$wrap$1(ObservationFilterChainDecorator.java:479)
	at org.springframework.security.web.ObservationFilterChainDecorator$AroundFilterObservation$SimpleAroundFilterObservation.lambda$wrap$1(ObservationFilterChainDecorator.java:340)
	at org.springframework.security.web.ObservationFilterChainDecorator.lambda$wrapSecured$0(ObservationFilterChainDecorator.java:82)
	at org.springframework.security.web.ObservationFilterChainDecorator$VirtualFilterChain.doFilter(ObservationFilterChainDecorator.java:128)
	at org.springframework.security.web.access.intercept.AuthorizationFilter.doFilter(AuthorizationFilter.java:101)
	at org.springframework.security.web.ObservationFilterChainDecorator$ObservationFilter.wrapFilter(ObservationFilterChainDecorator.java:240)
	at org.springframework.security.web.ObservationFilterChainDecorator$ObservationFilter.doFilter(ObservationFilterChainDecorator.java:227)
	at org.springframework.security.web.ObservationFilterChainDecorator$VirtualFilterChain.doFilter(ObservationFilterChainDecorator.java:137)
	at org.springframework.security.web.access.ExceptionTranslationFilter.doFilter(ExceptionTranslationFilter.java:126)
	at org.springframework.security.web.access.ExceptionTranslationFilter.doFilter(ExceptionTranslationFilter.java:120)
	at org.springframework.security.web.ObservationFilterChainDecorator$ObservationFilter.wrapFilter(ObservationFilterChainDecorator.java:240)
	at org.springframework.security.web.ObservationFilterChainDecorator$ObservationFilter.doFilter(ObservationFilterChainDecorator.java:227)
	at org.springframework.security.web.ObservationFilterChainDecorator$VirtualFilterChain.doFilter(ObservationFilterChainDecorator.java:137)
	at org.springframework.security.web.session.SessionManagementFilter.doFilter(SessionManagementFilter.java:131)
	at org.springframework.security.web.session.SessionManagementFilter.doFilter(SessionManagementFilter.java:85)
	at org.springframework.security.web.ObservationFilterChainDecorator$ObservationFilter.wrapFilter(ObservationFilterChainDecorator.java:240)
	at org.springframework.security.web.ObservationFilterChainDecorator$ObservationFilter.doFilter(ObservationFilterChainDecorator.java:227)
	at org.springframework.security.web.ObservationFilterChainDecorator$VirtualFilterChain.doFilter(ObservationFilterChainDecorator.java:137)
	at org.springframework.security.web.authentication.AnonymousAuthenticationFilter.doFilter(AnonymousAuthenticationFilter.java:100)
	at org.springframework.security.web.ObservationFilterChainDecorator$ObservationFilter.wrapFilter(ObservationFilterChainDecorator.java:240)
	at org.springframework.security.web.ObservationFilterChainDecorator$ObservationFilter.doFilter(ObservationFilterChainDecorator.java:227)
	at org.springframework.security.web.ObservationFilterChainDecorator$VirtualFilterChain.doFilter(ObservationFilterChainDecorator.java:137)
	at org.springframework.security.web.servletapi.SecurityContextHolderAwareRequestFilter.doFilter(SecurityContextHolderAwareRequestFilter.java:179)
	at org.springframework.security.web.ObservationFilterChainDecorator$ObservationFilter.wrapFilter(ObservationFilterChainDecorator.java:240)
	at org.springframework.security.web.ObservationFilterChainDecorator$ObservationFilter.doFilter(ObservationFilterChainDecorator.java:227)
	at org.springframework.security.web.ObservationFilterChainDecorator$VirtualFilterChain.doFilter(ObservationFilterChainDecorator.java:137)
	at org.springframework.security.web.savedrequest.RequestCacheAwareFilter.doFilter(RequestCacheAwareFilter.java:63)
	at org.springframework.security.web.ObservationFilterChainDecorator$ObservationFilter.wrapFilter(ObservationFilterChainDecorator.java:240)
	at org.springframework.security.web.ObservationFilterChainDecorator$ObservationFilter.doFilter(ObservationFilterChainDecorator.java:227)
	at org.springframework.security.web.ObservationFilterChainDecorator$VirtualFilterChain.doFilter(ObservationFilterChainDecorator.java:137)
	at com.company.project.security.jwt.JwtAuthenticationFilter.doFilterInternal(JwtAuthenticationFilter.java:52)
	at org.springframework.web.filter.OncePerRequestFilter.doFilter(OncePerRequestFilter.java:116)
	at org.springframework.security.web.ObservationFilterChainDecorator$ObservationFilter.wrapFilter(ObservationFilterChainDecorator.java:240)
	at org.springframework.security.web.ObservationFilterChainDecorator$ObservationFilter.doFilter(ObservationFilterChainDecorator.java:227)
	at org.springframework.security.web.ObservationFilterChainDecorator$VirtualFilterChain.doFilter(ObservationFilterChainDecorator.java:137)
	at org.springframework.security.web.authentication.logout.LogoutFilter.doFilter(LogoutFilter.java:107)
	at org.springframework.security.web.authentication.logout.LogoutFilter.doFilter(LogoutFilter.java:93)
	at org.springframework.security.web.ObservationFilterChainDecorator$ObservationFilter.wrapFilter(ObservationFilterChainDecorator.java:240)
	at org.springframework.security.web.ObservationFilterChainDecorator$ObservationFilter.doFilter(ObservationFilterChainDecorator.java:227)
	at org.springframework.security.web.ObservationFilterChainDecorator$VirtualFilterChain.doFilter(ObservationFilterChainDecorator.java:137)
	at org.springframework.web.filter.CorsFilter.doFilterInternal(CorsFilter.java:91)
	at org.springframework.web.filter.OncePerRequestFilter.doFilter(OncePerRequestFilter.java:116)
	at org.springframework.security.web.ObservationFilterChainDecorator$ObservationFilter.wrapFilter(ObservationFilterChainDecorator.java:240)
	at org.springframework.security.web.ObservationFilterChainDecorator$ObservationFilter.doFilter(ObservationFilterChainDecorator.java:227)
	at org.springframework.security.web.ObservationFilterChainDecorator$VirtualFilterChain.doFilter(ObservationFilterChainDecorator.java:137)
	at org.springframework.security.web.header.HeaderWriterFilter.doHeadersAfter(HeaderWriterFilter.java:90)
	at org.springframework.security.web.header.HeaderWriterFilter.doFilterInternal(HeaderWriterFilter.java:75)
	at org.springframework.web.filter.OncePerRequestFilter.doFilter(OncePerRequestFilter.java:116)
	at org.springframework.security.web.ObservationFilterChainDecorator$ObservationFilter.wrapFilter(ObservationFilterChainDecorator.java:240)
	at org.springframework.security.web.ObservationFilterChainDecorator$ObservationFilter.doFilter(ObservationFilterChainDecorator.java:227)
	at org.springframework.security.web.ObservationFilterChainDecorator$VirtualFilterChain.doFilter(ObservationFilterChainDecorator.java:137)
	at org.springframework.security.web.context.SecurityContextHolderFilter.doFilter(SecurityContextHolderFilter.java:82)
	at org.springframework.security.web.context.SecurityContextHolderFilter.doFilter(SecurityContextHolderFilter.java:69)
	at org.springframework.security.web.ObservationFilterChainDecorator$ObservationFilter.wrapFilter(ObservationFilterChainDecorator.java:240)
	at org.springframework.security.web.ObservationFilterChainDecorator$ObservationFilter.doFilter(ObservationFilterChainDecorator.java:227)
	at org.springframework.security.web.ObservationFilterChainDecorator$VirtualFilterChain.doFilter(ObservationFilterChainDecorator.java:137)
	at org.springframework.security.web.context.request.async.WebAsyncManagerIntegrationFilter.doFilterInternal(WebAsyncManagerIntegrationFilter.java:62)
	at org.springframework.web.filter.OncePerRequestFilter.doFilter(OncePerRequestFilter.java:116)
	at org.springframework.security.web.ObservationFilterChainDecorator$ObservationFilter.wrapFilter(ObservationFilterChainDecorator.java:240)
	at org.springframework.security.web.ObservationFilterChainDecorator$ObservationFilter.doFilter(ObservationFilterChainDecorator.java:227)
	at org.springframework.security.web.ObservationFilterChainDecorator$VirtualFilterChain.doFilter(ObservationFilterChainDecorator.java:137)
	at org.springframework.security.web.session.DisableEncodeUrlFilter.doFilterInternal(DisableEncodeUrlFilter.java:42)
	at org.springframework.web.filter.OncePerRequestFilter.doFilter(OncePerRequestFilter.java:116)
	at org.springframework.security.web.ObservationFilterChainDecorator$ObservationFilter.wrapFilter(ObservationFilterChainDecorator.java:240)
	at org.springframework.security.web.ObservationFilterChainDecorator$AroundFilterObservation$SimpleAroundFilterObservation.lambda$wrap$0(ObservationFilterChainDecorator.java:323)
	at org.springframework.security.web.ObservationFilterChainDecorator$ObservationFilter.doFilter(ObservationFilterChainDecorator.java:224)
	at org.springframework.security.web.ObservationFilterChainDecorator$VirtualFilterChain.doFilter(ObservationFilterChainDecorator.java:137)
	at org.springframework.security.web.FilterChainProxy.doFilterInternal(FilterChainProxy.java:233)
	at org.springframework.security.web.FilterChainProxy.doFilter(FilterChainProxy.java:191)
	at org.springframework.web.filter.CompositeFilter$VirtualFilterChain.doFilter(CompositeFilter.java:113)
	at org.springframework.web.servlet.handler.HandlerMappingIntrospector.lambda$createCacheFilter$3(HandlerMappingIntrospector.java:243)
	at org.springframework.web.filter.CompositeFilter$VirtualFilterChain.doFilter(CompositeFilter.java:113)
	at org.springframework.web.filter.CompositeFilter.doFilter(CompositeFilter.java:74)
	at org.springframework.security.config.annotation.web.configuration.WebMvcSecurityConfiguration$CompositeFilterChainProxy.doFilter(WebMvcSecurityConfiguration.java:238)
	at org.springframework.web.filter.DelegatingFilterProxy.invokeDelegate(DelegatingFilterProxy.java:362)
	at org.springframework.web.filter.DelegatingFilterProxy.doFilter(DelegatingFilterProxy.java:278)
	at org.apache.catalina.core.ApplicationFilterChain.internalDoFilter(ApplicationFilterChain.java:164)
	at org.apache.catalina.core.ApplicationFilterChain.doFilter(ApplicationFilterChain.java:140)
	at org.springframework.web.filter.RequestContextFilter.doFilterInternal(RequestContextFilter.java:100)
	at org.springframework.web.filter.OncePerRequestFilter.doFilter(OncePerRequestFilter.java:116)
	at org.apache.catalina.core.ApplicationFilterChain.internalDoFilter(ApplicationFilterChain.java:164)
	at org.apache.catalina.core.ApplicationFilterChain.doFilter(ApplicationFilterChain.java:140)
	at org.springframework.web.filter.FormContentFilter.doFilterInternal(FormContentFilter.java:93)
	at org.springframework.web.filter.OncePerRequestFilter.doFilter(OncePerRequestFilter.java:116)
	at org.apache.catalina.core.ApplicationFilterChain.internalDoFilter(ApplicationFilterChain.java:164)
	at org.apache.catalina.core.ApplicationFilterChain.doFilter(ApplicationFilterChain.java:140)
	at org.springframework.web.filter.ServerHttpObservationFilter.doFilterInternal(ServerHttpObservationFilter.java:114)
	at org.springframework.web.filter.OncePerRequestFilter.doFilter(OncePerRequestFilter.java:116)
	at org.apache.catalina.core.ApplicationFilterChain.internalDoFilter(ApplicationFilterChain.java:164)
	at org.apache.catalina.core.ApplicationFilterChain.doFilter(ApplicationFilterChain.java:140)
	at org.springframework.web.filter.CharacterEncodingFilter.doFilterInternal(CharacterEncodingFilter.java:201)
	at org.springframework.web.filter.OncePerRequestFilter.doFilter(OncePerRequestFilter.java:116)
	at org.apache.catalina.core.ApplicationFilterChain.internalDoFilter(ApplicationFilterChain.java:164)
	at org.apache.catalina.core.ApplicationFilterChain.doFilter(ApplicationFilterChain.java:140)
	at org.apache.catalina.core.StandardWrapperValve.invoke(StandardWrapperValve.java:167)
	at org.apache.catalina.core.StandardContextValve.invoke(StandardContextValve.java:90)
	at org.apache.catalina.authenticator.AuthenticatorBase.invoke(AuthenticatorBase.java:483)
	at org.apache.catalina.core.StandardHostValve.invoke(StandardHostValve.java:115)
	at org.apache.catalina.valves.ErrorReportValve.invoke(ErrorReportValve.java:93)
	at org.apache.catalina.core.StandardEngineValve.invoke(StandardEngineValve.java:74)
	at org.apache.catalina.connector.CoyoteAdapter.service(CoyoteAdapter.java:344)
	at org.apache.coyote.http11.Http11Processor.service(Http11Processor.java:397)
	at org.apache.coyote.AbstractProcessorLight.process(AbstractProcessorLight.java:63)
	at org.apache.coyote.AbstractProtocol$ConnectionHandler.process(AbstractProtocol.java:905)
	at org.apache.tomcat.util.net.NioEndpoint$SocketProcessor.doRun(NioEndpoint.java:1741)
	at org.apache.tomcat.util.net.SocketProcessorBase.run(SocketProcessorBase.java:52)
	at org.apache.tomcat.util.threads.ThreadPoolExecutor.runWorker(ThreadPoolExecutor.java:1190)
	at org.apache.tomcat.util.threads.ThreadPoolExecutor$Worker.run(ThreadPoolExecutor.java:659)
	at org.apache.tomcat.util.threads.TaskThread$WrappingRunnable.run(TaskThread.java:63)
	at java.base/java.lang.Thread.run(Thread.java:1583)
2026-03-16 17:07:48 [http-nio-8080-exec-12] DEBUG o.s.orm.jpa.JpaTransactionManager - Found thread-bound EntityManager [SessionImpl(922117527<open>)] for JPA transaction
2026-03-16 17:07:48 [http-nio-8080-exec-12] DEBUG o.s.orm.jpa.JpaTransactionManager - Participating in existing transaction
2026-03-16 17:07:48 [http-nio-8080-exec-12] DEBUG org.hibernate.SQL - select ua1_0.scrty_dtrmn_trget_id,ua1_0.author_code,ua1_0.frst_register_id,ua1_0.frst_regist_pnttm,ua1_0.last_updusr_id,ua1_0.last_updt_pnttm,ua1_0.mber_ty_code from nemplyrscrtyestbs ua1_0 where ua1_0.scrty_dtrmn_trget_id=?
2026-03-16 17:07:48 [http-nio-8080-exec-2] DEBUG o.s.w.s.m.m.a.HttpEntityMethodProcessor - Using 'application/json', given [application/json, text/plain, */*] and supported [application/json, application/*+json, application/yaml]
2026-03-16 17:07:48 [http-nio-8080-exec-2] TRACE o.s.w.s.m.m.a.HttpEntityMethodProcessor - Writing [ApiResponse[success=false, status=500, code=C004, message=예기치 않은 서버 오류가 발생했습니다., data=null, timestamp=2026-03-16T17:07:48.295550600]]
2026-03-16 17:07:48 [http-nio-8080-exec-2] DEBUG o.s.w.s.m.m.a.ExceptionHandlerExceptionResolver - Resolved [org.springframework.web.servlet.resource.NoResourceFoundException: No static resource api/v1/admin/system/statistics/bbs.]
2026-03-16 17:07:48 [http-nio-8080-exec-2] DEBUG o.s.web.servlet.DispatcherServlet - Completed 500 INTERNAL_SERVER_ERROR
2026-03-16 17:07:48 [http-nio-8080-exec-13] DEBUG o.s.orm.jpa.JpaTransactionManager - Found thread-bound EntityManager [SessionImpl(326530262<open>)] for JPA transaction
2026-03-16 17:07:48 [http-nio-8080-exec-13] DEBUG o.s.orm.jpa.JpaTransactionManager - Participating in existing transaction
2026-03-16 17:07:48 [http-nio-8080-exec-13] DEBUG org.hibernate.SQL - select ua1_0.scrty_dtrmn_trget_id,ua1_0.author_code,ua1_0.frst_register_id,ua1_0.frst_regist_pnttm,ua1_0.last_updusr_id,ua1_0.last_updt_pnttm,ua1_0.mber_ty_code from nemplyrscrtyestbs ua1_0 where ua1_0.scrty_dtrmn_trget_id=?
2026-03-16 17:07:48 [http-nio-8080-exec-15] DEBUG o.s.orm.jpa.JpaTransactionManager - Initiating transaction commit
2026-03-16 17:07:48 [http-nio-8080-exec-15] DEBUG o.s.orm.jpa.JpaTransactionManager - Committing JPA transaction on EntityManager [SessionImpl(408887908<open>)]
2026-03-16 17:07:48 [http-nio-8080-exec-13] DEBUG o.s.orm.jpa.JpaTransactionManager - Initiating transaction commit
2026-03-16 17:07:48 [http-nio-8080-exec-12] DEBUG o.s.orm.jpa.JpaTransactionManager - Initiating transaction commit
2026-03-16 17:07:48 [http-nio-8080-exec-3] DEBUG o.s.orm.jpa.JpaTransactionManager - Found thread-bound EntityManager [SessionImpl(1878717829<open>)] for JPA transaction
2026-03-16 17:07:48 [http-nio-8080-exec-9] DEBUG o.s.orm.jpa.JpaTransactionManager - Found thread-bound EntityManager [SessionImpl(1800997237<open>)] for JPA transaction
2026-03-16 17:07:48 [http-nio-8080-exec-13] DEBUG o.s.orm.jpa.JpaTransactionManager - Committing JPA transaction on EntityManager [SessionImpl(326530262<open>)]
2026-03-16 17:07:48 [http-nio-8080-exec-12] DEBUG o.s.orm.jpa.JpaTransactionManager - Committing JPA transaction on EntityManager [SessionImpl(922117527<open>)]
2026-03-16 17:07:48 [http-nio-8080-exec-3] DEBUG o.s.orm.jpa.JpaTransactionManager - Participating in existing transaction
2026-03-16 17:07:48 [http-nio-8080-exec-9] DEBUG o.s.orm.jpa.JpaTransactionManager - Participating in existing transaction
2026-03-16 17:07:48 [http-nio-8080-exec-9] DEBUG org.hibernate.SQL - select ua1_0.scrty_dtrmn_trget_id,ua1_0.author_code,ua1_0.frst_register_id,ua1_0.frst_regist_pnttm,ua1_0.last_updusr_id,ua1_0.last_updt_pnttm,ua1_0.mber_ty_code from nemplyrscrtyestbs ua1_0 where ua1_0.scrty_dtrmn_trget_id=?
2026-03-16 17:07:48 [http-nio-8080-exec-3] DEBUG org.hibernate.SQL - select ua1_0.scrty_dtrmn_trget_id,ua1_0.author_code,ua1_0.frst_register_id,ua1_0.frst_regist_pnttm,ua1_0.last_updusr_id,ua1_0.last_updt_pnttm,ua1_0.mber_ty_code from nemplyrscrtyestbs ua1_0 where ua1_0.scrty_dtrmn_trget_id=?
2026-03-16 17:07:48 [http-nio-8080-exec-15] DEBUG o.s.orm.jpa.JpaTransactionManager - Closing JPA EntityManager [SessionImpl(408887908<open>)] after transaction
2026-03-16 17:07:48 [http-nio-8080-exec-15] DEBUG c.c.p.s.jwt.JwtAuthenticationFilter - >>> [JwtFilter] Successfully authenticated user: USRCNFRM_99999999999, Authorities: [ROLE_ADMIN]
2026-03-16 17:07:48 [http-nio-8080-exec-15] DEBUG o.s.web.servlet.DispatcherServlet - GET "/api/v1/menu/left?menuNo=20", parameters={masked}
2026-03-16 17:07:48 [http-nio-8080-exec-15] TRACE o.s.w.s.m.m.a.RequestMappingHandlerMapping - Mapped to com.company.project.api.controller.menu.MenuController#getLeftMenu(Long)
2026-03-16 17:07:48 [http-nio-8080-exec-15] INFO  c.c.p.a.c.menu.MenuController - getLeftMenu called with menuNo=20
2026-03-16 17:07:48 [http-nio-8080-exec-15] DEBUG o.s.orm.jpa.JpaTransactionManager - Creating new transaction with name [com.company.project.service.menu.MenuService.getSubMenus]: PROPAGATION_REQUIRED,ISOLATION_DEFAULT,readOnly
2026-03-16 17:07:48 [http-nio-8080-exec-15] DEBUG o.s.orm.jpa.JpaTransactionManager - Opened new EntityManager [SessionImpl(920886081<open>)] for JPA transaction
2026-03-16 17:07:48 [http-nio-8080-exec-15] DEBUG o.s.orm.jpa.JpaTransactionManager - Exposing JPA transaction as JDBC [org.springframework.orm.jpa.vendor.HibernateJpaDialect$HibernateConnectionHandle@6e3931bb]
2026-03-16 17:07:48 [http-nio-8080-exec-15] DEBUG org.hibernate.SQL - select m1_0.menu_no,m1_0.menu_dc,m1_0.menu_nm,m1_0.menu_ordr,m1_0.modern_route,m1_0.progrm_file_nm,m1_0.relate_image_nm,m1_0.relate_image_path,m1_0.route_updated_at,m1_0.upper_menu_no from nmenuinfo m1_0 order by m1_0.upper_menu_no,m1_0.menu_ordr
2026-03-16 17:07:48 [http-nio-8080-exec-13] DEBUG o.s.orm.jpa.JpaTransactionManager - Closing JPA EntityManager [SessionImpl(326530262<open>)] after transaction
2026-03-16 17:07:48 [http-nio-8080-exec-13] DEBUG c.c.p.s.jwt.JwtAuthenticationFilter - >>> [JwtFilter] Successfully authenticated user: USRCNFRM_99999999999, Authorities: [ROLE_ADMIN]
2026-03-16 17:07:48 [http-nio-8080-exec-12] DEBUG o.s.orm.jpa.JpaTransactionManager - Closing JPA EntityManager [SessionImpl(922117527<open>)] after transaction
2026-03-16 17:07:48 [http-nio-8080-exec-12] DEBUG c.c.p.s.jwt.JwtAuthenticationFilter - >>> [JwtFilter] Successfully authenticated user: USRCNFRM_99999999999, Authorities: [ROLE_ADMIN]
2026-03-16 17:07:48 [http-nio-8080-exec-13] DEBUG o.s.web.servlet.DispatcherServlet - GET "/api/v1/admin/system/banners/reflected", parameters={}
2026-03-16 17:07:48 [http-nio-8080-exec-13] TRACE o.s.w.s.m.m.a.RequestMappingHandlerMapping - Mapped to com.company.project.api.controller.system.content.banner.BannerApiController#getReflectedBanners()
2026-03-16 17:07:48 [http-nio-8080-exec-13] DEBUG o.s.orm.jpa.JpaTransactionManager - Creating new transaction with name [com.company.project.service.system.content.banner.BannerService.getReflectedBanners]: PROPAGATION_REQUIRED,ISOLATION_DEFAULT,readOnly
2026-03-16 17:07:48 [http-nio-8080-exec-12] DEBUG o.s.web.servlet.DispatcherServlet - GET "/api/v1/popups/active", parameters={}
2026-03-16 17:07:48 [http-nio-8080-exec-13] DEBUG o.s.orm.jpa.JpaTransactionManager - Opened new EntityManager [SessionImpl(1522715774<open>)] for JPA transaction
2026-03-16 17:07:48 [http-nio-8080-exec-12] TRACE o.s.w.s.m.m.a.RequestMappingHandlerMapping - Mapped to com.company.project.api.controller.system.content.popup.PopupController#getActivePopups()
2026-03-16 17:07:48 [http-nio-8080-exec-13] DEBUG o.s.orm.jpa.JpaTransactionManager - Exposing JPA transaction as JDBC [org.springframework.orm.jpa.vendor.HibernateJpaDialect$HibernateConnectionHandle@71dd04c8]
2026-03-16 17:07:48 [http-nio-8080-exec-12] DEBUG o.s.orm.jpa.JpaTransactionManager - Creating new transaction with name [com.company.project.service.system.content.popup.PopupServiceImpl.getActivePopups]: PROPAGATION_REQUIRED,ISOLATION_DEFAULT,readOnly
2026-03-16 17:07:48 [http-nio-8080-exec-12] DEBUG o.s.orm.jpa.JpaTransactionManager - Opened new EntityManager [SessionImpl(1572368913<open>)] for JPA transaction
2026-03-16 17:07:48 [http-nio-8080-exec-12] DEBUG o.s.orm.jpa.JpaTransactionManager - Exposing JPA transaction as JDBC [org.springframework.orm.jpa.vendor.HibernateJpaDialect$HibernateConnectionHandle@554a4ee7]
2026-03-16 17:07:48 [http-nio-8080-exec-12] DEBUG org.hibernate.SQL - select p1_0.popup_id,p1_0.frst_register_id,p1_0.frst_regist_pnttm,p1_0.file_url,p1_0.ntce_at,p1_0.stopvew_setup_at,p1_0.last_updusr_id,p1_0.last_updt_pnttm,p1_0.ntce_bgnde,p1_0.ntce_endde,p1_0.popup_vrticl_lc,p1_0.popup_vrticl_size,p1_0.popup_sj_nm,p1_0.popup_width_lc,p1_0.popup_width_size from npopupmanage p1_0 where p1_0.ntce_at='Y' and ? between p1_0.ntce_bgnde and p1_0.ntce_endde
2026-03-16 17:07:48 [http-nio-8080-exec-13] DEBUG org.hibernate.SQL - select b1_0.banner_id,b1_0.banner_dc,b1_0.banner_image,b1_0.banner_image_file,b1_0.banner_nm,b1_0.frst_register_id,b1_0.frst_regist_pnttm,b1_0.last_updusr_id,b1_0.last_updt_pnttm,b1_0.link_url,b1_0.reflct_at,b1_0.sort_ordr from nbanner b1_0 where b1_0.reflct_at=? order by b1_0.sort_ordr
2026-03-16 17:07:48 [http-nio-8080-exec-3] DEBUG o.s.orm.jpa.JpaTransactionManager - Initiating transaction commit
2026-03-16 17:07:48 [http-nio-8080-exec-9] DEBUG o.s.orm.jpa.JpaTransactionManager - Initiating transaction commit
2026-03-16 17:07:48 [http-nio-8080-exec-3] DEBUG o.s.orm.jpa.JpaTransactionManager - Committing JPA transaction on EntityManager [SessionImpl(1878717829<open>)]
2026-03-16 17:07:48 [http-nio-8080-exec-9] DEBUG o.s.orm.jpa.JpaTransactionManager - Committing JPA transaction on EntityManager [SessionImpl(1800997237<open>)]
2026-03-16 17:07:48 [http-nio-8080-exec-12] DEBUG o.s.orm.jpa.JpaTransactionManager - Initiating transaction commit
2026-03-16 17:07:48 [http-nio-8080-exec-13] DEBUG o.s.orm.jpa.JpaTransactionManager - Initiating transaction commit
2026-03-16 17:07:48 [http-nio-8080-exec-12] DEBUG o.s.orm.jpa.JpaTransactionManager - Committing JPA transaction on EntityManager [SessionImpl(1572368913<open>)]
2026-03-16 17:07:48 [http-nio-8080-exec-13] DEBUG o.s.orm.jpa.JpaTransactionManager - Committing JPA transaction on EntityManager [SessionImpl(1522715774<open>)]
2026-03-16 17:07:48 [http-nio-8080-exec-3] DEBUG o.s.orm.jpa.JpaTransactionManager - Closing JPA EntityManager [SessionImpl(1878717829<open>)] after transaction
2026-03-16 17:07:48 [http-nio-8080-exec-9] DEBUG o.s.orm.jpa.JpaTransactionManager - Closing JPA EntityManager [SessionImpl(1800997237<open>)] after transaction
2026-03-16 17:07:48 [http-nio-8080-exec-3] DEBUG c.c.p.s.jwt.JwtAuthenticationFilter - >>> [JwtFilter] Successfully authenticated user: USRCNFRM_99999999999, Authorities: [ROLE_ADMIN]
2026-03-16 17:07:48 [http-nio-8080-exec-9] DEBUG c.c.p.s.jwt.JwtAuthenticationFilter - >>> [JwtFilter] Successfully authenticated user: USRCNFRM_99999999999, Authorities: [ROLE_ADMIN]
2026-03-16 17:07:48 [http-nio-8080-exec-3] DEBUG o.s.web.servlet.DispatcherServlet - GET "/api/v1/notifications/unread-count", parameters={}
2026-03-16 17:07:48 [http-nio-8080-exec-9] DEBUG o.s.web.servlet.DispatcherServlet - GET "/api/v1/notifications", parameters={}
2026-03-16 17:07:48 [http-nio-8080-exec-3] TRACE o.s.w.s.m.m.a.RequestMappingHandlerMapping - Mapped to com.company.project.api.controller.notification.NotificationController#getUnreadCount(UserDetails)
2026-03-16 17:07:48 [http-nio-8080-exec-9] TRACE o.s.w.s.m.m.a.RequestMappingHandlerMapping - Mapped to com.company.project.api.controller.notification.NotificationController#getMyNotifications(UserDetails)
2026-03-16 17:07:48 [http-nio-8080-exec-3] DEBUG o.s.orm.jpa.JpaTransactionManager - Creating new transaction with name [com.company.project.service.notification.NotificationService.getUnreadCount]: PROPAGATION_REQUIRED,ISOLATION_DEFAULT,readOnly
2026-03-16 17:07:48 [http-nio-8080-exec-9] DEBUG o.s.orm.jpa.JpaTransactionManager - Creating new transaction with name [com.company.project.service.notification.NotificationService.getActiveNotifications]: PROPAGATION_REQUIRED,ISOLATION_DEFAULT,readOnly
2026-03-16 17:07:48 [http-nio-8080-exec-3] DEBUG o.s.orm.jpa.JpaTransactionManager - Opened new EntityManager [SessionImpl(1303283390<open>)] for JPA transaction
2026-03-16 17:07:48 [http-nio-8080-exec-9] DEBUG o.s.orm.jpa.JpaTransactionManager - Opened new EntityManager [SessionImpl(610908600<open>)] for JPA transaction
2026-03-16 17:07:48 [http-nio-8080-exec-3] DEBUG o.s.orm.jpa.JpaTransactionManager - Exposing JPA transaction as JDBC [org.springframework.orm.jpa.vendor.HibernateJpaDialect$HibernateConnectionHandle@42221c15]
2026-03-16 17:07:48 [http-nio-8080-exec-9] DEBUG o.s.orm.jpa.JpaTransactionManager - Exposing JPA transaction as JDBC [org.springframework.orm.jpa.vendor.HibernateJpaDialect$HibernateConnectionHandle@31186f8c]
2026-03-16 17:07:48 [http-nio-8080-exec-9] DEBUG o.s.orm.jpa.JpaTransactionManager - Found thread-bound EntityManager [SessionImpl(610908600<open>)] for JPA transaction
2026-03-16 17:07:48 [http-nio-8080-exec-9] DEBUG o.s.orm.jpa.JpaTransactionManager - Participating in existing transaction
2026-03-16 17:07:48 [http-nio-8080-exec-9] DEBUG org.hibernate.SQL - select n1_0.ntcn_no,n1_0.frst_register_id,n1_0.frst_regist_pnttm,n1_0.is_read,n1_0.last_updusr_id,n1_0.last_updt_pnttm,n1_0.link_url,n1_0.ntcn_cn,n1_0.ntcn_sj,n1_0.receiver_id from n_user_notification n1_0
2026-03-16 17:07:48 [http-nio-8080-exec-3] DEBUG org.hibernate.SQL - select count(n1_0.ntcn_no) from n_user_notification n1_0 where n1_0.receiver_id=? and n1_0.is_read=?
2026-03-16 17:07:48 [http-nio-8080-exec-15] DEBUG o.s.orm.jpa.JpaTransactionManager - Found thread-bound EntityManager [SessionImpl(920886081<open>)] for JPA transaction
2026-03-16 17:07:48 [http-nio-8080-exec-15] DEBUG o.s.orm.jpa.JpaTransactionManager - Participating in existing transaction
2026-03-16 17:07:48 [http-nio-8080-exec-15] DEBUG org.hibernate.SQL - select p1_0.progrm_file_nm,p1_0.progrm_dc,p1_0.progrm_korean_nm,p1_0.progrm_stre_path,p1_0.url from nprogrmlist p1_0
2026-03-16 17:07:48 [http-nio-8080-exec-12] DEBUG o.s.orm.jpa.JpaTransactionManager - Closing JPA EntityManager [SessionImpl(1572368913<open>)] after transaction
2026-03-16 17:07:48 [http-nio-8080-exec-13] DEBUG o.s.orm.jpa.JpaTransactionManager - Closing JPA EntityManager [SessionImpl(1522715774<open>)] after transaction
2026-03-16 17:07:48 [http-nio-8080-exec-12] DEBUG o.s.w.s.m.m.a.HttpEntityMethodProcessor - Using 'application/json', given [application/json, text/plain, */*] and supported [application/json, application/*+json, application/yaml]
2026-03-16 17:07:48 [http-nio-8080-exec-13] DEBUG o.s.w.s.m.m.a.HttpEntityMethodProcessor - Using 'application/json', given [application/json, text/plain, */*] and supported [application/json, application/*+json, application/yaml]
2026-03-16 17:07:48 [http-nio-8080-exec-12] TRACE o.s.w.s.m.m.a.HttpEntityMethodProcessor - Writing [ApiResponse[success=true, status=200, code=COMMON_001, message=Success, data=[], timestamp=2026-03-16T17:07:48.917241600]]
2026-03-16 17:07:48 [http-nio-8080-exec-13] TRACE o.s.w.s.m.m.a.HttpEntityMethodProcessor - Writing [ApiResponse[success=true, status=200, code=COMMON_001, message=Success, data=[], timestamp=2026-03-16T17:07:48.917241600]]
2026-03-16 17:07:48 [http-nio-8080-exec-13] INFO  c.c.p.a.i.OperationalAuditInterceptor - API Audit Log: URL=/api/v1/admin/system/banners/reflected, User=webmaster, IP=127.0.0.1
2026-03-16 17:07:48 [http-nio-8080-exec-12] INFO  c.c.p.a.i.OperationalAuditInterceptor - API Audit Log: URL=/api/v1/popups/active, User=webmaster, IP=127.0.0.1
2026-03-16 17:07:48 [http-nio-8080-exec-13] DEBUG o.s.web.servlet.DispatcherServlet - Completed 200 OK
2026-03-16 17:07:48 [http-nio-8080-exec-12] DEBUG o.s.web.servlet.DispatcherServlet - Completed 200 OK
2026-03-16 17:07:48 [http-nio-8080-exec-19] DEBUG c.c.p.s.jwt.JwtAuthenticationFilter - >>> [JwtFilter] Processing request: GET /api/v1/admin/system/statistics/connect
2026-03-16 17:07:48 [http-nio-8080-exec-19] DEBUG c.c.p.s.jwt.JwtAuthenticationFilter - >>> [JwtFilter] Found token in header for path: /api/v1/admin/system/statistics/connect
2026-03-16 17:07:48 [http-nio-8080-exec-19] DEBUG o.s.orm.jpa.JpaTransactionManager - Creating new transaction with name [com.company.project.security.iam.CustomUserDetailsService.loadUserByUsername]: PROPAGATION_REQUIRED,ISOLATION_DEFAULT,readOnly
2026-03-16 17:07:48 [http-nio-8080-exec-19] DEBUG o.s.orm.jpa.JpaTransactionManager - Opened new EntityManager [SessionImpl(383921116<open>)] for JPA transaction
2026-03-16 17:07:48 [http-nio-8080-exec-3] DEBUG o.s.orm.jpa.JpaTransactionManager - Initiating transaction commit
2026-03-16 17:07:48 [http-nio-8080-exec-9] DEBUG o.s.orm.jpa.JpaTransactionManager - Initiating transaction commit
2026-03-16 17:07:48 [http-nio-8080-exec-3] DEBUG o.s.orm.jpa.JpaTransactionManager - Committing JPA transaction on EntityManager [SessionImpl(1303283390<open>)]
2026-03-16 17:07:48 [http-nio-8080-exec-9] DEBUG o.s.orm.jpa.JpaTransactionManager - Committing JPA transaction on EntityManager [SessionImpl(610908600<open>)]
2026-03-16 17:07:48 [http-nio-8080-exec-15] DEBUG o.s.orm.jpa.JpaTransactionManager - Initiating transaction commit
2026-03-16 17:07:48 [http-nio-8080-exec-15] DEBUG o.s.orm.jpa.JpaTransactionManager - Committing JPA transaction on EntityManager [SessionImpl(920886081<open>)]
2026-03-16 17:07:49 [http-nio-8080-exec-19] DEBUG o.s.orm.jpa.JpaTransactionManager - Exposing JPA transaction as JDBC [org.springframework.orm.jpa.vendor.HibernateJpaDialect$HibernateConnectionHandle@2e49af04]
2026-03-16 17:07:49 [http-nio-8080-exec-19] DEBUG o.s.orm.jpa.JpaTransactionManager - Found thread-bound EntityManager [SessionImpl(383921116<open>)] for JPA transaction
2026-03-16 17:07:49 [http-nio-8080-exec-19] DEBUG o.s.orm.jpa.JpaTransactionManager - Participating in existing transaction
2026-03-16 17:07:49 [http-nio-8080-exec-19] DEBUG org.hibernate.SQL - select u1_0.emplyr_id,u1_0.area_no,u1_0.brthdy,u1_0.chg_pwd_cnt,u1_0.frst_register_id,u1_0.frst_regist_pnttm,u1_0.detail_adres,u1_0.email_adres,u1_0.emplyr_sttus_code,u1_0.empl_no,u1_0.esntl_id,u1_0.fxnum,u1_0.group_id,u1_0.house_adres,u1_0.house_end_telno,u1_0.house_middle_telno,u1_0.ihidnum,u1_0.pstinst_code,u1_0.last_updusr_id,u1_0.last_updt_pnttm,u1_0.lock_at,u1_0.lock_cnt,u1_0.lock_last_pnttm,u1_0.mbtlnum,u1_0.ofcps_nm,u1_0.offm_telno,u1_0.orgnzt_id,u1_0.password,u1_0.password_cnsr,u1_0.password_hint,u1_0.chg_pwd_last_pnttm,u1_0.role,u1_0.sbscrb_de,u1_0.sexdstn_code,u1_0.crtfc_dn_value,u1_0.user_nm,u1_0.zip from nemplyrinfo u1_0 where u1_0.emplyr_id=?
2026-03-16 17:07:49 [http-nio-8080-exec-9] DEBUG o.s.orm.jpa.JpaTransactionManager - Closing JPA EntityManager [SessionImpl(610908600<open>)] after transaction
2026-03-16 17:07:49 [http-nio-8080-exec-3] DEBUG o.s.orm.jpa.JpaTransactionManager - Closing JPA EntityManager [SessionImpl(1303283390<open>)] after transaction
2026-03-16 17:07:49 [http-nio-8080-exec-9] DEBUG o.s.w.s.m.m.a.HttpEntityMethodProcessor - Using 'application/json', given [application/json, text/plain, */*] and supported [application/json, application/*+json, application/yaml]
2026-03-16 17:07:49 [http-nio-8080-exec-3] DEBUG o.s.w.s.m.m.a.HttpEntityMethodProcessor - Using 'application/json', given [application/json, text/plain, */*] and supported [application/json, application/*+json, application/yaml]
2026-03-16 17:07:49 [http-nio-8080-exec-3] TRACE o.s.w.s.m.m.a.HttpEntityMethodProcessor - Writing [ApiResponse[success=true, status=200, code=COMMON_001, message=Success, data=0, timestamp=2026-03-16T17:07:49.101186800]]
2026-03-16 17:07:49 [http-nio-8080-exec-9] TRACE o.s.w.s.m.m.a.HttpEntityMethodProcessor - Writing [ApiResponse[success=true, status=200, code=COMMON_001, message=Success, data=[NotificationDto(ntfcNo=NT001, ntfcSj=테스트 알림입니다, ntfcCn=알림 내용입니다, ntfcDate=null, ntfcTime=2026-02-25T00:59:33.784070, bhNtfcIntrvl=null, uniqId=null, frstRegisterId=null, frstRegisterPnttm=2026-02-25T00:59:33.784070, lastUpdusrId=null, lastUpdusrPnttm=null)], timestamp=2026-03-16T17:07:49.101186800]]
2026-03-16 17:07:49 [http-nio-8080-exec-3] INFO  c.c.p.a.i.OperationalAuditInterceptor - API Audit Log: URL=/api/v1/notifications/unread-count, User=webmaster, IP=127.0.0.1
2026-03-16 17:07:49 [http-nio-8080-exec-9] INFO  c.c.p.a.i.OperationalAuditInterceptor - API Audit Log: URL=/api/v1/notifications, User=webmaster, IP=127.0.0.1
2026-03-16 17:07:49 [http-nio-8080-exec-3] DEBUG o.s.web.servlet.DispatcherServlet - Completed 200 OK
2026-03-16 17:07:49 [http-nio-8080-exec-9] DEBUG o.s.web.servlet.DispatcherServlet - Completed 200 OK
2026-03-16 17:07:49 [http-nio-8080-exec-15] DEBUG o.s.orm.jpa.JpaTransactionManager - Closing JPA EntityManager [SessionImpl(920886081<open>)] after transaction
2026-03-16 17:07:49 [http-nio-8080-exec-15] INFO  c.c.p.a.c.menu.MenuController - getLeftMenu returned 3 items
2026-03-16 17:07:49 [http-nio-8080-exec-15] DEBUG o.s.w.s.m.m.a.HttpEntityMethodProcessor - Using 'application/json', given [application/json, text/plain, */*] and supported [application/json, application/*+json, application/yaml]
2026-03-16 17:07:49 [http-nio-8080-exec-15] TRACE o.s.w.s.m.m.a.HttpEntityMethodProcessor - Writing [ApiResponse[success=true, status=200, code=COMMON_001, message=Success, data={list=[com.company.project.service.menu.dto.MenuDto@77975d1f, com.company.project.service.menu.dto.MenuDto@6e3daef1, com.company.project.service.menu.dto.MenuDto@441b00b2]}, timestamp=2026-03-16T17:07:49.129314500]]
2026-03-16 17:07:49 [http-nio-8080-exec-15] INFO  c.c.p.a.i.OperationalAuditInterceptor - API Audit Log: URL=/api/v1/menu/left, User=webmaster, IP=127.0.0.1
2026-03-16 17:07:49 [http-nio-8080-exec-15] DEBUG o.s.web.servlet.DispatcherServlet - Completed 200 OK
2026-03-16 17:07:49 [http-nio-8080-exec-10] DEBUG c.c.p.s.jwt.JwtAuthenticationFilter - >>> [JwtFilter] Processing request: GET /api/v1/menu/left
2026-03-16 17:07:49 [http-nio-8080-exec-10] DEBUG c.c.p.s.jwt.JwtAuthenticationFilter - >>> [JwtFilter] Found token in header for path: /api/v1/menu/left
2026-03-16 17:07:49 [http-nio-8080-exec-10] DEBUG o.s.orm.jpa.JpaTransactionManager - Creating new transaction with name [com.company.project.security.iam.CustomUserDetailsService.loadUserByUsername]: PROPAGATION_REQUIRED,ISOLATION_DEFAULT,readOnly
2026-03-16 17:07:49 [http-nio-8080-exec-10] DEBUG o.s.orm.jpa.JpaTransactionManager - Opened new EntityManager [SessionImpl(1334523009<open>)] for JPA transaction
2026-03-16 17:07:49 [http-nio-8080-exec-19] DEBUG o.s.orm.jpa.JpaTransactionManager - Found thread-bound EntityManager [SessionImpl(383921116<open>)] for JPA transaction
2026-03-16 17:07:49 [http-nio-8080-exec-19] DEBUG o.s.orm.jpa.JpaTransactionManager - Participating in existing transaction
2026-03-16 17:07:49 [http-nio-8080-exec-19] DEBUG org.hibernate.SQL - select ua1_0.scrty_dtrmn_trget_id,ua1_0.author_code,ua1_0.frst_register_id,ua1_0.frst_regist_pnttm,ua1_0.last_updusr_id,ua1_0.last_updt_pnttm,ua1_0.mber_ty_code from nemplyrscrtyestbs ua1_0 where ua1_0.scrty_dtrmn_trget_id=?
2026-03-16 17:07:49 [http-nio-8080-exec-10] DEBUG o.s.orm.jpa.JpaTransactionManager - Exposing JPA transaction as JDBC [org.springframework.orm.jpa.vendor.HibernateJpaDialect$HibernateConnectionHandle@37034df2]
2026-03-16 17:07:49 [http-nio-8080-exec-10] DEBUG o.s.orm.jpa.JpaTransactionManager - Found thread-bound EntityManager [SessionImpl(1334523009<open>)] for JPA transaction
2026-03-16 17:07:49 [http-nio-8080-exec-10] DEBUG o.s.orm.jpa.JpaTransactionManager - Participating in existing transaction
2026-03-16 17:07:49 [http-nio-8080-exec-10] DEBUG org.hibernate.SQL - select u1_0.emplyr_id,u1_0.area_no,u1_0.brthdy,u1_0.chg_pwd_cnt,u1_0.frst_register_id,u1_0.frst_regist_pnttm,u1_0.detail_adres,u1_0.email_adres,u1_0.emplyr_sttus_code,u1_0.empl_no,u1_0.esntl_id,u1_0.fxnum,u1_0.group_id,u1_0.house_adres,u1_0.house_end_telno,u1_0.house_middle_telno,u1_0.ihidnum,u1_0.pstinst_code,u1_0.last_updusr_id,u1_0.last_updt_pnttm,u1_0.lock_at,u1_0.lock_cnt,u1_0.lock_last_pnttm,u1_0.mbtlnum,u1_0.ofcps_nm,u1_0.offm_telno,u1_0.orgnzt_id,u1_0.password,u1_0.password_cnsr,u1_0.password_hint,u1_0.chg_pwd_last_pnttm,u1_0.role,u1_0.sbscrb_de,u1_0.sexdstn_code,u1_0.crtfc_dn_value,u1_0.user_nm,u1_0.zip from nemplyrinfo u1_0 where u1_0.emplyr_id=?
2026-03-16 17:07:49 [http-nio-8080-exec-19] DEBUG o.s.orm.jpa.JpaTransactionManager - Initiating transaction commit
2026-03-16 17:07:49 [http-nio-8080-exec-19] DEBUG o.s.orm.jpa.JpaTransactionManager - Committing JPA transaction on EntityManager [SessionImpl(383921116<open>)]
2026-03-16 17:07:49 [http-nio-8080-exec-8] DEBUG c.c.p.s.jwt.JwtAuthenticationFilter - >>> [JwtFilter] Processing request: GET /api/v1/admin/system/statistics/bbs
2026-03-16 17:07:49 [http-nio-8080-exec-8] DEBUG c.c.p.s.jwt.JwtAuthenticationFilter - >>> [JwtFilter] Found token in header for path: /api/v1/admin/system/statistics/bbs
2026-03-16 17:07:49 [http-nio-8080-exec-8] DEBUG o.s.orm.jpa.JpaTransactionManager - Creating new transaction with name [com.company.project.security.iam.CustomUserDetailsService.loadUserByUsername]: PROPAGATION_REQUIRED,ISOLATION_DEFAULT,readOnly
2026-03-16 17:07:49 [http-nio-8080-exec-8] DEBUG o.s.orm.jpa.JpaTransactionManager - Opened new EntityManager [SessionImpl(1415217354<open>)] for JPA transaction
2026-03-16 17:07:49 [http-nio-8080-exec-10] DEBUG o.s.orm.jpa.JpaTransactionManager - Found thread-bound EntityManager [SessionImpl(1334523009<open>)] for JPA transaction
2026-03-16 17:07:49 [http-nio-8080-exec-10] DEBUG o.s.orm.jpa.JpaTransactionManager - Participating in existing transaction
2026-03-16 17:07:49 [http-nio-8080-exec-10] DEBUG org.hibernate.SQL - select ua1_0.scrty_dtrmn_trget_id,ua1_0.author_code,ua1_0.frst_register_id,ua1_0.frst_regist_pnttm,ua1_0.last_updusr_id,ua1_0.last_updt_pnttm,ua1_0.mber_ty_code from nemplyrscrtyestbs ua1_0 where ua1_0.scrty_dtrmn_trget_id=?
2026-03-16 17:07:49 [http-nio-8080-exec-19] DEBUG o.s.orm.jpa.JpaTransactionManager - Closing JPA EntityManager [SessionImpl(383921116<open>)] after transaction
2026-03-16 17:07:49 [http-nio-8080-exec-19] DEBUG c.c.p.s.jwt.JwtAuthenticationFilter - >>> [JwtFilter] Successfully authenticated user: USRCNFRM_99999999999, Authorities: [ROLE_ADMIN]
2026-03-16 17:07:49 [http-nio-8080-exec-19] DEBUG o.s.web.servlet.DispatcherServlet - GET "/api/v1/admin/system/statistics/connect?statsKind=SERVICE", parameters={masked}
2026-03-16 17:07:49 [http-nio-8080-exec-19] DEBUG o.s.w.s.h.SimpleUrlHandlerMapping - Mapped to ResourceHttpRequestHandler [classpath [META-INF/resources/], classpath [resources/], classpath [static/], classpath [public/], ServletContext [/]]
2026-03-16 17:07:49 [http-nio-8080-exec-19] DEBUG o.s.w.s.r.ResourceHttpRequestHandler - Resource not found
2026-03-16 17:07:49 [http-nio-8080-exec-19] DEBUG o.s.w.s.m.m.a.ExceptionHandlerExceptionResolver - Using @ExceptionHandler com.company.project.core.exception.GlobalExceptionHandler#handleException(Exception)
2026-03-16 17:07:49 [http-nio-8080-exec-19] ERROR c.c.p.c.e.GlobalExceptionHandler - >>> Internal Server Error: No static resource api/v1/admin/system/statistics/connect.
org.springframework.web.servlet.resource.NoResourceFoundException: No static resource api/v1/admin/system/statistics/connect.
	at org.springframework.web.servlet.resource.ResourceHttpRequestHandler.handleRequest(ResourceHttpRequestHandler.java:585)
	at org.springframework.web.servlet.mvc.HttpRequestHandlerAdapter.handle(HttpRequestHandlerAdapter.java:52)
	at org.springframework.web.servlet.DispatcherServlet.doDispatch(DispatcherServlet.java:1088)
	at org.springframework.web.servlet.DispatcherServlet.doService(DispatcherServlet.java:978)
	at org.springframework.web.servlet.FrameworkServlet.processRequest(FrameworkServlet.java:1014)
	at org.springframework.web.servlet.FrameworkServlet.doGet(FrameworkServlet.java:903)
	at jakarta.servlet.http.HttpServlet.service(HttpServlet.java:527)
	at org.springframework.web.servlet.FrameworkServlet.service(FrameworkServlet.java:885)
	at jakarta.servlet.http.HttpServlet.service(HttpServlet.java:614)
	at org.apache.catalina.core.ApplicationFilterChain.internalDoFilter(ApplicationFilterChain.java:195)
	at org.apache.catalina.core.ApplicationFilterChain.doFilter(ApplicationFilterChain.java:140)
	at org.apache.tomcat.websocket.server.WsFilter.doFilter(WsFilter.java:51)
	at org.apache.catalina.core.ApplicationFilterChain.internalDoFilter(ApplicationFilterChain.java:164)
	at org.apache.catalina.core.ApplicationFilterChain.doFilter(ApplicationFilterChain.java:140)
	at org.springframework.web.filter.CompositeFilter$VirtualFilterChain.doFilter(CompositeFilter.java:108)
	at org.springframework.security.web.FilterChainProxy.lambda$doFilterInternal$3(FilterChainProxy.java:231)
	at org.springframework.security.web.ObservationFilterChainDecorator$FilterObservation$SimpleFilterObservation.lambda$wrap$1(ObservationFilterChainDecorator.java:479)
	at org.springframework.security.web.ObservationFilterChainDecorator$AroundFilterObservation$SimpleAroundFilterObservation.lambda$wrap$1(ObservationFilterChainDecorator.java:340)
	at org.springframework.security.web.ObservationFilterChainDecorator.lambda$wrapSecured$0(ObservationFilterChainDecorator.java:82)
	at org.springframework.security.web.ObservationFilterChainDecorator$VirtualFilterChain.doFilter(ObservationFilterChainDecorator.java:128)
	at org.springframework.security.web.access.intercept.AuthorizationFilter.doFilter(AuthorizationFilter.java:101)
	at org.springframework.security.web.ObservationFilterChainDecorator$ObservationFilter.wrapFilter(ObservationFilterChainDecorator.java:240)
	at org.springframework.security.web.ObservationFilterChainDecorator$ObservationFilter.doFilter(ObservationFilterChainDecorator.java:227)
	at org.springframework.security.web.ObservationFilterChainDecorator$VirtualFilterChain.doFilter(ObservationFilterChainDecorator.java:137)
	at org.springframework.security.web.access.ExceptionTranslationFilter.doFilter(ExceptionTranslationFilter.java:126)
	at org.springframework.security.web.access.ExceptionTranslationFilter.doFilter(ExceptionTranslationFilter.java:120)
	at org.springframework.security.web.ObservationFilterChainDecorator$ObservationFilter.wrapFilter(ObservationFilterChainDecorator.java:240)
	at org.springframework.security.web.ObservationFilterChainDecorator$ObservationFilter.doFilter(ObservationFilterChainDecorator.java:227)
	at org.springframework.security.web.ObservationFilterChainDecorator$VirtualFilterChain.doFilter(ObservationFilterChainDecorator.java:137)
	at org.springframework.security.web.session.SessionManagementFilter.doFilter(SessionManagementFilter.java:131)
	at org.springframework.security.web.session.SessionManagementFilter.doFilter(SessionManagementFilter.java:85)
	at org.springframework.security.web.ObservationFilterChainDecorator$ObservationFilter.wrapFilter(ObservationFilterChainDecorator.java:240)
	at org.springframework.security.web.ObservationFilterChainDecorator$ObservationFilter.doFilter(ObservationFilterChainDecorator.java:227)
	at org.springframework.security.web.ObservationFilterChainDecorator$VirtualFilterChain.doFilter(ObservationFilterChainDecorator.java:137)
	at org.springframework.security.web.authentication.AnonymousAuthenticationFilter.doFilter(AnonymousAuthenticationFilter.java:100)
	at org.springframework.security.web.ObservationFilterChainDecorator$ObservationFilter.wrapFilter(ObservationFilterChainDecorator.java:240)
	at org.springframework.security.web.ObservationFilterChainDecorator$ObservationFilter.doFilter(ObservationFilterChainDecorator.java:227)
	at org.springframework.security.web.ObservationFilterChainDecorator$VirtualFilterChain.doFilter(ObservationFilterChainDecorator.java:137)
	at org.springframework.security.web.servletapi.SecurityContextHolderAwareRequestFilter.doFilter(SecurityContextHolderAwareRequestFilter.java:179)
	at org.springframework.security.web.ObservationFilterChainDecorator$ObservationFilter.wrapFilter(ObservationFilterChainDecorator.java:240)
	at org.springframework.security.web.ObservationFilterChainDecorator$ObservationFilter.doFilter(ObservationFilterChainDecorator.java:227)
	at org.springframework.security.web.ObservationFilterChainDecorator$VirtualFilterChain.doFilter(ObservationFilterChainDecorator.java:137)
	at org.springframework.security.web.savedrequest.RequestCacheAwareFilter.doFilter(RequestCacheAwareFilter.java:63)
	at org.springframework.security.web.ObservationFilterChainDecorator$ObservationFilter.wrapFilter(ObservationFilterChainDecorator.java:240)
	at org.springframework.security.web.ObservationFilterChainDecorator$ObservationFilter.doFilter(ObservationFilterChainDecorator.java:227)
	at org.springframework.security.web.ObservationFilterChainDecorator$VirtualFilterChain.doFilter(ObservationFilterChainDecorator.java:137)
	at com.company.project.security.jwt.JwtAuthenticationFilter.doFilterInternal(JwtAuthenticationFilter.java:52)
	at org.springframework.web.filter.OncePerRequestFilter.doFilter(OncePerRequestFilter.java:116)
	at org.springframework.security.web.ObservationFilterChainDecorator$ObservationFilter.wrapFilter(ObservationFilterChainDecorator.java:240)
	at org.springframework.security.web.ObservationFilterChainDecorator$ObservationFilter.doFilter(ObservationFilterChainDecorator.java:227)
	at org.springframework.security.web.ObservationFilterChainDecorator$VirtualFilterChain.doFilter(ObservationFilterChainDecorator.java:137)
	at org.springframework.security.web.authentication.logout.LogoutFilter.doFilter(LogoutFilter.java:107)
	at org.springframework.security.web.authentication.logout.LogoutFilter.doFilter(LogoutFilter.java:93)
	at org.springframework.security.web.ObservationFilterChainDecorator$ObservationFilter.wrapFilter(ObservationFilterChainDecorator.java:240)
	at org.springframework.security.web.ObservationFilterChainDecorator$ObservationFilter.doFilter(ObservationFilterChainDecorator.java:227)
	at org.springframework.security.web.ObservationFilterChainDecorator$VirtualFilterChain.doFilter(ObservationFilterChainDecorator.java:137)
	at org.springframework.web.filter.CorsFilter.doFilterInternal(CorsFilter.java:91)
	at org.springframework.web.filter.OncePerRequestFilter.doFilter(OncePerRequestFilter.java:116)
	at org.springframework.security.web.ObservationFilterChainDecorator$ObservationFilter.wrapFilter(ObservationFilterChainDecorator.java:240)
	at org.springframework.security.web.ObservationFilterChainDecorator$ObservationFilter.doFilter(ObservationFilterChainDecorator.java:227)
	at org.springframework.security.web.ObservationFilterChainDecorator$VirtualFilterChain.doFilter(ObservationFilterChainDecorator.java:137)
	at org.springframework.security.web.header.HeaderWriterFilter.doHeadersAfter(HeaderWriterFilter.java:90)
	at org.springframework.security.web.header.HeaderWriterFilter.doFilterInternal(HeaderWriterFilter.java:75)
	at org.springframework.web.filter.OncePerRequestFilter.doFilter(OncePerRequestFilter.java:116)
	at org.springframework.security.web.ObservationFilterChainDecorator$ObservationFilter.wrapFilter(ObservationFilterChainDecorator.java:240)
	at org.springframework.security.web.ObservationFilterChainDecorator$ObservationFilter.doFilter(ObservationFilterChainDecorator.java:227)
	at org.springframework.security.web.ObservationFilterChainDecorator$VirtualFilterChain.doFilter(ObservationFilterChainDecorator.java:137)
	at org.springframework.security.web.context.SecurityContextHolderFilter.doFilter(SecurityContextHolderFilter.java:82)
	at org.springframework.security.web.context.SecurityContextHolderFilter.doFilter(SecurityContextHolderFilter.java:69)
	at org.springframework.security.web.ObservationFilterChainDecorator$ObservationFilter.wrapFilter(ObservationFilterChainDecorator.java:240)
	at org.springframework.security.web.ObservationFilterChainDecorator$ObservationFilter.doFilter(ObservationFilterChainDecorator.java:227)
	at org.springframework.security.web.ObservationFilterChainDecorator$VirtualFilterChain.doFilter(ObservationFilterChainDecorator.java:137)
	at org.springframework.security.web.context.request.async.WebAsyncManagerIntegrationFilter.doFilterInternal(WebAsyncManagerIntegrationFilter.java:62)
	at org.springframework.web.filter.OncePerRequestFilter.doFilter(OncePerRequestFilter.java:116)
	at org.springframework.security.web.ObservationFilterChainDecorator$ObservationFilter.wrapFilter(ObservationFilterChainDecorator.java:240)
	at org.springframework.security.web.ObservationFilterChainDecorator$ObservationFilter.doFilter(ObservationFilterChainDecorator.java:227)
	at org.springframework.security.web.ObservationFilterChainDecorator$VirtualFilterChain.doFilter(ObservationFilterChainDecorator.java:137)
	at org.springframework.security.web.session.DisableEncodeUrlFilter.doFilterInternal(DisableEncodeUrlFilter.java:42)
	at org.springframework.web.filter.OncePerRequestFilter.doFilter(OncePerRequestFilter.java:116)
	at org.springframework.security.web.ObservationFilterChainDecorator$ObservationFilter.wrapFilter(ObservationFilterChainDecorator.java:240)
	at org.springframework.security.web.ObservationFilterChainDecorator$AroundFilterObservation$SimpleAroundFilterObservation.lambda$wrap$0(ObservationFilterChainDecorator.java:323)
	at org.springframework.security.web.ObservationFilterChainDecorator$ObservationFilter.doFilter(ObservationFilterChainDecorator.java:224)
	at org.springframework.security.web.ObservationFilterChainDecorator$VirtualFilterChain.doFilter(ObservationFilterChainDecorator.java:137)
	at org.springframework.security.web.FilterChainProxy.doFilterInternal(FilterChainProxy.java:233)
	at org.springframework.security.web.FilterChainProxy.doFilter(FilterChainProxy.java:191)
	at org.springframework.web.filter.CompositeFilter$VirtualFilterChain.doFilter(CompositeFilter.java:113)
	at org.springframework.web.servlet.handler.HandlerMappingIntrospector.lambda$createCacheFilter$3(HandlerMappingIntrospector.java:243)
	at org.springframework.web.filter.CompositeFilter$VirtualFilterChain.doFilter(CompositeFilter.java:113)
	at org.springframework.web.filter.CompositeFilter.doFilter(CompositeFilter.java:74)
	at org.springframework.security.config.annotation.web.configuration.WebMvcSecurityConfiguration$CompositeFilterChainProxy.doFilter(WebMvcSecurityConfiguration.java:238)
	at org.springframework.web.filter.DelegatingFilterProxy.invokeDelegate(DelegatingFilterProxy.java:362)
	at org.springframework.web.filter.DelegatingFilterProxy.doFilter(DelegatingFilterProxy.java:278)
	at org.apache.catalina.core.ApplicationFilterChain.internalDoFilter(ApplicationFilterChain.java:164)
	at org.apache.catalina.core.ApplicationFilterChain.doFilter(ApplicationFilterChain.java:140)
	at org.springframework.web.filter.RequestContextFilter.doFilterInternal(RequestContextFilter.java:100)
	at org.springframework.web.filter.OncePerRequestFilter.doFilter(OncePerRequestFilter.java:116)
	at org.apache.catalina.core.ApplicationFilterChain.internalDoFilter(ApplicationFilterChain.java:164)
	at org.apache.catalina.core.ApplicationFilterChain.doFilter(ApplicationFilterChain.java:140)
	at org.springframework.web.filter.FormContentFilter.doFilterInternal(FormContentFilter.java:93)
	at org.springframework.web.filter.OncePerRequestFilter.doFilter(OncePerRequestFilter.java:116)
	at org.apache.catalina.core.ApplicationFilterChain.internalDoFilter(ApplicationFilterChain.java:164)
	at org.apache.catalina.core.ApplicationFilterChain.doFilter(ApplicationFilterChain.java:140)
	at org.springframework.web.filter.ServerHttpObservationFilter.doFilterInternal(ServerHttpObservationFilter.java:114)
	at org.springframework.web.filter.OncePerRequestFilter.doFilter(OncePerRequestFilter.java:116)
	at org.apache.catalina.core.ApplicationFilterChain.internalDoFilter(ApplicationFilterChain.java:164)
	at org.apache.catalina.core.ApplicationFilterChain.doFilter(ApplicationFilterChain.java:140)
	at org.springframework.web.filter.CharacterEncodingFilter.doFilterInternal(CharacterEncodingFilter.java:201)
	at org.springframework.web.filter.OncePerRequestFilter.doFilter(OncePerRequestFilter.java:116)
	at org.apache.catalina.core.ApplicationFilterChain.internalDoFilter(ApplicationFilterChain.java:164)
	at org.apache.catalina.core.ApplicationFilterChain.doFilter(ApplicationFilterChain.java:140)
	at org.apache.catalina.core.StandardWrapperValve.invoke(StandardWrapperValve.java:167)
	at org.apache.catalina.core.StandardContextValve.invoke(StandardContextValve.java:90)
	at org.apache.catalina.authenticator.AuthenticatorBase.invoke(AuthenticatorBase.java:483)
	at org.apache.catalina.core.StandardHostValve.invoke(StandardHostValve.java:115)
	at org.apache.catalina.valves.ErrorReportValve.invoke(ErrorReportValve.java:93)
	at org.apache.catalina.core.StandardEngineValve.invoke(StandardEngineValve.java:74)
	at org.apache.catalina.connector.CoyoteAdapter.service(CoyoteAdapter.java:344)
	at org.apache.coyote.http11.Http11Processor.service(Http11Processor.java:397)
	at org.apache.coyote.AbstractProcessorLight.process(AbstractProcessorLight.java:63)
	at org.apache.coyote.AbstractProtocol$ConnectionHandler.process(AbstractProtocol.java:905)
	at org.apache.tomcat.util.net.NioEndpoint$SocketProcessor.doRun(NioEndpoint.java:1741)
	at org.apache.tomcat.util.net.SocketProcessorBase.run(SocketProcessorBase.java:52)
	at org.apache.tomcat.util.threads.ThreadPoolExecutor.runWorker(ThreadPoolExecutor.java:1190)
	at org.apache.tomcat.util.threads.ThreadPoolExecutor$Worker.run(ThreadPoolExecutor.java:659)
	at org.apache.tomcat.util.threads.TaskThread$WrappingRunnable.run(TaskThread.java:63)
	at java.base/java.lang.Thread.run(Thread.java:1583)
2026-03-16 17:07:49 [http-nio-8080-exec-19] DEBUG o.s.w.s.m.m.a.HttpEntityMethodProcessor - Using 'application/json', given [application/json, text/plain, */*] and supported [application/json, application/*+json, application/yaml]
2026-03-16 17:07:49 [http-nio-8080-exec-19] TRACE o.s.w.s.m.m.a.HttpEntityMethodProcessor - Writing [ApiResponse[success=false, status=500, code=C004, message=예기치 않은 서버 오류가 발생했습니다., data=null, timestamp=2026-03-16T17:07:49.568958700]]
2026-03-16 17:07:49 [http-nio-8080-exec-19] DEBUG o.s.w.s.m.m.a.ExceptionHandlerExceptionResolver - Resolved [org.springframework.web.servlet.resource.NoResourceFoundException: No static resource api/v1/admin/system/statistics/connect.]
2026-03-16 17:07:49 [http-nio-8080-exec-19] DEBUG o.s.web.servlet.DispatcherServlet - Completed 500 INTERNAL_SERVER_ERROR
2026-03-16 17:07:49 [http-nio-8080-exec-8] DEBUG o.s.orm.jpa.JpaTransactionManager - Exposing JPA transaction as JDBC [org.springframework.orm.jpa.vendor.HibernateJpaDialect$HibernateConnectionHandle@72843580]
2026-03-16 17:07:49 [http-nio-8080-exec-8] DEBUG o.s.orm.jpa.JpaTransactionManager - Found thread-bound EntityManager [SessionImpl(1415217354<open>)] for JPA transaction
2026-03-16 17:07:49 [http-nio-8080-exec-8] DEBUG o.s.orm.jpa.JpaTransactionManager - Participating in existing transaction
2026-03-16 17:07:49 [http-nio-8080-exec-8] DEBUG org.hibernate.SQL - select u1_0.emplyr_id,u1_0.area_no,u1_0.brthdy,u1_0.chg_pwd_cnt,u1_0.frst_register_id,u1_0.frst_regist_pnttm,u1_0.detail_adres,u1_0.email_adres,u1_0.emplyr_sttus_code,u1_0.empl_no,u1_0.esntl_id,u1_0.fxnum,u1_0.group_id,u1_0.house_adres,u1_0.house_end_telno,u1_0.house_middle_telno,u1_0.ihidnum,u1_0.pstinst_code,u1_0.last_updusr_id,u1_0.last_updt_pnttm,u1_0.lock_at,u1_0.lock_cnt,u1_0.lock_last_pnttm,u1_0.mbtlnum,u1_0.ofcps_nm,u1_0.offm_telno,u1_0.orgnzt_id,u1_0.password,u1_0.password_cnsr,u1_0.password_hint,u1_0.chg_pwd_last_pnttm,u1_0.role,u1_0.sbscrb_de,u1_0.sexdstn_code,u1_0.crtfc_dn_value,u1_0.user_nm,u1_0.zip from nemplyrinfo u1_0 where u1_0.emplyr_id=?
2026-03-16 17:07:49 [http-nio-8080-exec-10] DEBUG o.s.orm.jpa.JpaTransactionManager - Initiating transaction commit
2026-03-16 17:07:49 [http-nio-8080-exec-10] DEBUG o.s.orm.jpa.JpaTransactionManager - Committing JPA transaction on EntityManager [SessionImpl(1334523009<open>)]
2026-03-16 17:07:49 [http-nio-8080-exec-8] DEBUG o.s.orm.jpa.JpaTransactionManager - Found thread-bound EntityManager [SessionImpl(1415217354<open>)] for JPA transaction
2026-03-16 17:07:49 [http-nio-8080-exec-8] DEBUG o.s.orm.jpa.JpaTransactionManager - Participating in existing transaction
2026-03-16 17:07:49 [http-nio-8080-exec-8] DEBUG org.hibernate.SQL - select ua1_0.scrty_dtrmn_trget_id,ua1_0.author_code,ua1_0.frst_register_id,ua1_0.frst_regist_pnttm,ua1_0.last_updusr_id,ua1_0.last_updt_pnttm,ua1_0.mber_ty_code from nemplyrscrtyestbs ua1_0 where ua1_0.scrty_dtrmn_trget_id=?
2026-03-16 17:07:49 [http-nio-8080-exec-10] DEBUG o.s.orm.jpa.JpaTransactionManager - Closing JPA EntityManager [SessionImpl(1334523009<open>)] after transaction
2026-03-16 17:07:49 [http-nio-8080-exec-10] DEBUG c.c.p.s.jwt.JwtAuthenticationFilter - >>> [JwtFilter] Successfully authenticated user: USRCNFRM_99999999999, Authorities: [ROLE_ADMIN]
2026-03-16 17:07:49 [http-nio-8080-exec-10] DEBUG o.s.web.servlet.DispatcherServlet - GET "/api/v1/menu/left?menuNo=40", parameters={masked}
2026-03-16 17:07:49 [http-nio-8080-exec-10] TRACE o.s.w.s.m.m.a.RequestMappingHandlerMapping - Mapped to com.company.project.api.controller.menu.MenuController#getLeftMenu(Long)
2026-03-16 17:07:49 [http-nio-8080-exec-10] INFO  c.c.p.a.c.menu.MenuController - getLeftMenu called with menuNo=40
2026-03-16 17:07:49 [http-nio-8080-exec-10] DEBUG o.s.orm.jpa.JpaTransactionManager - Creating new transaction with name [com.company.project.service.menu.MenuService.getSubMenus]: PROPAGATION_REQUIRED,ISOLATION_DEFAULT,readOnly
2026-03-16 17:07:49 [http-nio-8080-exec-10] DEBUG o.s.orm.jpa.JpaTransactionManager - Opened new EntityManager [SessionImpl(1424646521<open>)] for JPA transaction
2026-03-16 17:07:49 [http-nio-8080-exec-10] DEBUG o.s.orm.jpa.JpaTransactionManager - Exposing JPA transaction as JDBC [org.springframework.orm.jpa.vendor.HibernateJpaDialect$HibernateConnectionHandle@a09998f]
2026-03-16 17:07:49 [http-nio-8080-exec-10] DEBUG org.hibernate.SQL - select m1_0.menu_no,m1_0.menu_dc,m1_0.menu_nm,m1_0.menu_ordr,m1_0.modern_route,m1_0.progrm_file_nm,m1_0.relate_image_nm,m1_0.relate_image_path,m1_0.route_updated_at,m1_0.upper_menu_no from nmenuinfo m1_0 order by m1_0.upper_menu_no,m1_0.menu_ordr
2026-03-16 17:07:49 [http-nio-8080-exec-8] DEBUG o.s.orm.jpa.JpaTransactionManager - Initiating transaction commit
2026-03-16 17:07:49 [http-nio-8080-exec-8] DEBUG o.s.orm.jpa.JpaTransactionManager - Committing JPA transaction on EntityManager [SessionImpl(1415217354<open>)]
2026-03-16 17:07:50 [http-nio-8080-exec-8] DEBUG o.s.orm.jpa.JpaTransactionManager - Closing JPA EntityManager [SessionImpl(1415217354<open>)] after transaction
2026-03-16 17:07:50 [http-nio-8080-exec-8] DEBUG c.c.p.s.jwt.JwtAuthenticationFilter - >>> [JwtFilter] Successfully authenticated user: USRCNFRM_99999999999, Authorities: [ROLE_ADMIN]
2026-03-16 17:07:50 [http-nio-8080-exec-8] DEBUG o.s.web.servlet.DispatcherServlet - GET "/api/v1/admin/system/statistics/bbs?statsKind=COM101", parameters={masked}
2026-03-16 17:07:50 [http-nio-8080-exec-8] DEBUG o.s.w.s.h.SimpleUrlHandlerMapping - Mapped to ResourceHttpRequestHandler [classpath [META-INF/resources/], classpath [resources/], classpath [static/], classpath [public/], ServletContext [/]]
2026-03-16 17:07:50 [http-nio-8080-exec-8] DEBUG o.s.w.s.r.ResourceHttpRequestHandler - Resource not found
2026-03-16 17:07:50 [http-nio-8080-exec-8] DEBUG o.s.w.s.m.m.a.ExceptionHandlerExceptionResolver - Using @ExceptionHandler com.company.project.core.exception.GlobalExceptionHandler#handleException(Exception)
2026-03-16 17:07:50 [http-nio-8080-exec-8] ERROR c.c.p.c.e.GlobalExceptionHandler - >>> Internal Server Error: No static resource api/v1/admin/system/statistics/bbs.
org.springframework.web.servlet.resource.NoResourceFoundException: No static resource api/v1/admin/system/statistics/bbs.
	at org.springframework.web.servlet.resource.ResourceHttpRequestHandler.handleRequest(ResourceHttpRequestHandler.java:585)
	at org.springframework.web.servlet.mvc.HttpRequestHandlerAdapter.handle(HttpRequestHandlerAdapter.java:52)
	at org.springframework.web.servlet.DispatcherServlet.doDispatch(DispatcherServlet.java:1088)
	at org.springframework.web.servlet.DispatcherServlet.doService(DispatcherServlet.java:978)
	at org.springframework.web.servlet.FrameworkServlet.processRequest(FrameworkServlet.java:1014)
	at org.springframework.web.servlet.FrameworkServlet.doGet(FrameworkServlet.java:903)
	at jakarta.servlet.http.HttpServlet.service(HttpServlet.java:527)
	at org.springframework.web.servlet.FrameworkServlet.service(FrameworkServlet.java:885)
	at jakarta.servlet.http.HttpServlet.service(HttpServlet.java:614)
	at org.apache.catalina.core.ApplicationFilterChain.internalDoFilter(ApplicationFilterChain.java:195)
	at org.apache.catalina.core.ApplicationFilterChain.doFilter(ApplicationFilterChain.java:140)
	at org.apache.tomcat.websocket.server.WsFilter.doFilter(WsFilter.java:51)
	at org.apache.catalina.core.ApplicationFilterChain.internalDoFilter(ApplicationFilterChain.java:164)
	at org.apache.catalina.core.ApplicationFilterChain.doFilter(ApplicationFilterChain.java:140)
	at org.springframework.web.filter.CompositeFilter$VirtualFilterChain.doFilter(CompositeFilter.java:108)
	at org.springframework.security.web.FilterChainProxy.lambda$doFilterInternal$3(FilterChainProxy.java:231)
	at org.springframework.security.web.ObservationFilterChainDecorator$FilterObservation$SimpleFilterObservation.lambda$wrap$1(ObservationFilterChainDecorator.java:479)
	at org.springframework.security.web.ObservationFilterChainDecorator$AroundFilterObservation$SimpleAroundFilterObservation.lambda$wrap$1(ObservationFilterChainDecorator.java:340)
	at org.springframework.security.web.ObservationFilterChainDecorator.lambda$wrapSecured$0(ObservationFilterChainDecorator.java:82)
	at org.springframework.security.web.ObservationFilterChainDecorator$VirtualFilterChain.doFilter(ObservationFilterChainDecorator.java:128)
	at org.springframework.security.web.access.intercept.AuthorizationFilter.doFilter(AuthorizationFilter.java:101)
	at org.springframework.security.web.ObservationFilterChainDecorator$ObservationFilter.wrapFilter(ObservationFilterChainDecorator.java:240)
	at org.springframework.security.web.ObservationFilterChainDecorator$ObservationFilter.doFilter(ObservationFilterChainDecorator.java:227)
	at org.springframework.security.web.ObservationFilterChainDecorator$VirtualFilterChain.doFilter(ObservationFilterChainDecorator.java:137)
	at org.springframework.security.web.access.ExceptionTranslationFilter.doFilter(ExceptionTranslationFilter.java:126)
	at org.springframework.security.web.access.ExceptionTranslationFilter.doFilter(ExceptionTranslationFilter.java:120)
	at org.springframework.security.web.ObservationFilterChainDecorator$ObservationFilter.wrapFilter(ObservationFilterChainDecorator.java:240)
	at org.springframework.security.web.ObservationFilterChainDecorator$ObservationFilter.doFilter(ObservationFilterChainDecorator.java:227)
	at org.springframework.security.web.ObservationFilterChainDecorator$VirtualFilterChain.doFilter(ObservationFilterChainDecorator.java:137)
	at org.springframework.security.web.session.SessionManagementFilter.doFilter(SessionManagementFilter.java:131)
	at org.springframework.security.web.session.SessionManagementFilter.doFilter(SessionManagementFilter.java:85)
	at org.springframework.security.web.ObservationFilterChainDecorator$ObservationFilter.wrapFilter(ObservationFilterChainDecorator.java:240)
	at org.springframework.security.web.ObservationFilterChainDecorator$ObservationFilter.doFilter(ObservationFilterChainDecorator.java:227)
	at org.springframework.security.web.ObservationFilterChainDecorator$VirtualFilterChain.doFilter(ObservationFilterChainDecorator.java:137)
	at org.springframework.security.web.authentication.AnonymousAuthenticationFilter.doFilter(AnonymousAuthenticationFilter.java:100)
	at org.springframework.security.web.ObservationFilterChainDecorator$ObservationFilter.wrapFilter(ObservationFilterChainDecorator.java:240)
	at org.springframework.security.web.ObservationFilterChainDecorator$ObservationFilter.doFilter(ObservationFilterChainDecorator.java:227)
	at org.springframework.security.web.ObservationFilterChainDecorator$VirtualFilterChain.doFilter(ObservationFilterChainDecorator.java:137)
	at org.springframework.security.web.servletapi.SecurityContextHolderAwareRequestFilter.doFilter(SecurityContextHolderAwareRequestFilter.java:179)
	at org.springframework.security.web.ObservationFilterChainDecorator$ObservationFilter.wrapFilter(ObservationFilterChainDecorator.java:240)
	at org.springframework.security.web.ObservationFilterChainDecorator$ObservationFilter.doFilter(ObservationFilterChainDecorator.java:227)
	at org.springframework.security.web.ObservationFilterChainDecorator$VirtualFilterChain.doFilter(ObservationFilterChainDecorator.java:137)
	at org.springframework.security.web.savedrequest.RequestCacheAwareFilter.doFilter(RequestCacheAwareFilter.java:63)
	at org.springframework.security.web.ObservationFilterChainDecorator$ObservationFilter.wrapFilter(ObservationFilterChainDecorator.java:240)
	at org.springframework.security.web.ObservationFilterChainDecorator$ObservationFilter.doFilter(ObservationFilterChainDecorator.java:227)
	at org.springframework.security.web.ObservationFilterChainDecorator$VirtualFilterChain.doFilter(ObservationFilterChainDecorator.java:137)
	at com.company.project.security.jwt.JwtAuthenticationFilter.doFilterInternal(JwtAuthenticationFilter.java:52)
	at org.springframework.web.filter.OncePerRequestFilter.doFilter(OncePerRequestFilter.java:116)
	at org.springframework.security.web.ObservationFilterChainDecorator$ObservationFilter.wrapFilter(ObservationFilterChainDecorator.java:240)
	at org.springframework.security.web.ObservationFilterChainDecorator$ObservationFilter.doFilter(ObservationFilterChainDecorator.java:227)
	at org.springframework.security.web.ObservationFilterChainDecorator$VirtualFilterChain.doFilter(ObservationFilterChainDecorator.java:137)
	at org.springframework.security.web.authentication.logout.LogoutFilter.doFilter(LogoutFilter.java:107)
	at org.springframework.security.web.authentication.logout.LogoutFilter.doFilter(LogoutFilter.java:93)
	at org.springframework.security.web.ObservationFilterChainDecorator$ObservationFilter.wrapFilter(ObservationFilterChainDecorator.java:240)
	at org.springframework.security.web.ObservationFilterChainDecorator$ObservationFilter.doFilter(ObservationFilterChainDecorator.java:227)
	at org.springframework.security.web.ObservationFilterChainDecorator$VirtualFilterChain.doFilter(ObservationFilterChainDecorator.java:137)
	at org.springframework.web.filter.CorsFilter.doFilterInternal(CorsFilter.java:91)
	at org.springframework.web.filter.OncePerRequestFilter.doFilter(OncePerRequestFilter.java:116)
	at org.springframework.security.web.ObservationFilterChainDecorator$ObservationFilter.wrapFilter(ObservationFilterChainDecorator.java:240)
	at org.springframework.security.web.ObservationFilterChainDecorator$ObservationFilter.doFilter(ObservationFilterChainDecorator.java:227)
	at org.springframework.security.web.ObservationFilterChainDecorator$VirtualFilterChain.doFilter(ObservationFilterChainDecorator.java:137)
	at org.springframework.security.web.header.HeaderWriterFilter.doHeadersAfter(HeaderWriterFilter.java:90)
	at org.springframework.security.web.header.HeaderWriterFilter.doFilterInternal(HeaderWriterFilter.java:75)
	at org.springframework.web.filter.OncePerRequestFilter.doFilter(OncePerRequestFilter.java:116)
	at org.springframework.security.web.ObservationFilterChainDecorator$ObservationFilter.wrapFilter(ObservationFilterChainDecorator.java:240)
	at org.springframework.security.web.ObservationFilterChainDecorator$ObservationFilter.doFilter(ObservationFilterChainDecorator.java:227)
	at org.springframework.security.web.ObservationFilterChainDecorator$VirtualFilterChain.doFilter(ObservationFilterChainDecorator.java:137)
	at org.springframework.security.web.context.SecurityContextHolderFilter.doFilter(SecurityContextHolderFilter.java:82)
	at org.springframework.security.web.context.SecurityContextHolderFilter.doFilter(SecurityContextHolderFilter.java:69)
	at org.springframework.security.web.ObservationFilterChainDecorator$ObservationFilter.wrapFilter(ObservationFilterChainDecorator.java:240)
	at org.springframework.security.web.ObservationFilterChainDecorator$ObservationFilter.doFilter(ObservationFilterChainDecorator.java:227)
	at org.springframework.security.web.ObservationFilterChainDecorator$VirtualFilterChain.doFilter(ObservationFilterChainDecorator.java:137)
	at org.springframework.security.web.context.request.async.WebAsyncManagerIntegrationFilter.doFilterInternal(WebAsyncManagerIntegrationFilter.java:62)
	at org.springframework.web.filter.OncePerRequestFilter.doFilter(OncePerRequestFilter.java:116)
	at org.springframework.security.web.ObservationFilterChainDecorator$ObservationFilter.wrapFilter(ObservationFilterChainDecorator.java:240)
	at org.springframework.security.web.ObservationFilterChainDecorator$ObservationFilter.doFilter(ObservationFilterChainDecorator.java:227)
	at org.springframework.security.web.ObservationFilterChainDecorator$VirtualFilterChain.doFilter(ObservationFilterChainDecorator.java:137)
	at org.springframework.security.web.session.DisableEncodeUrlFilter.doFilterInternal(DisableEncodeUrlFilter.java:42)
	at org.springframework.web.filter.OncePerRequestFilter.doFilter(OncePerRequestFilter.java:116)
	at org.springframework.security.web.ObservationFilterChainDecorator$ObservationFilter.wrapFilter(ObservationFilterChainDecorator.java:240)
	at org.springframework.security.web.ObservationFilterChainDecorator$AroundFilterObservation$SimpleAroundFilterObservation.lambda$wrap$0(ObservationFilterChainDecorator.java:323)
	at org.springframework.security.web.ObservationFilterChainDecorator$ObservationFilter.doFilter(ObservationFilterChainDecorator.java:224)
	at org.springframework.security.web.ObservationFilterChainDecorator$VirtualFilterChain.doFilter(ObservationFilterChainDecorator.java:137)
	at org.springframework.security.web.FilterChainProxy.doFilterInternal(FilterChainProxy.java:233)
	at org.springframework.security.web.FilterChainProxy.doFilter(FilterChainProxy.java:191)
	at org.springframework.web.filter.CompositeFilter$VirtualFilterChain.doFilter(CompositeFilter.java:113)
	at org.springframework.web.servlet.handler.HandlerMappingIntrospector.lambda$createCacheFilter$3(HandlerMappingIntrospector.java:243)
	at org.springframework.web.filter.CompositeFilter$VirtualFilterChain.doFilter(CompositeFilter.java:113)
	at org.springframework.web.filter.CompositeFilter.doFilter(CompositeFilter.java:74)
	at org.springframework.security.config.annotation.web.configuration.WebMvcSecurityConfiguration$CompositeFilterChainProxy.doFilter(WebMvcSecurityConfiguration.java:238)
	at org.springframework.web.filter.DelegatingFilterProxy.invokeDelegate(DelegatingFilterProxy.java:362)
	at org.springframework.web.filter.DelegatingFilterProxy.doFilter(DelegatingFilterProxy.java:278)
	at org.apache.catalina.core.ApplicationFilterChain.internalDoFilter(ApplicationFilterChain.java:164)
	at org.apache.catalina.core.ApplicationFilterChain.doFilter(ApplicationFilterChain.java:140)
	at org.springframework.web.filter.RequestContextFilter.doFilterInternal(RequestContextFilter.java:100)
	at org.springframework.web.filter.OncePerRequestFilter.doFilter(OncePerRequestFilter.java:116)
	at org.apache.catalina.core.ApplicationFilterChain.internalDoFilter(ApplicationFilterChain.java:164)
	at org.apache.catalina.core.ApplicationFilterChain.doFilter(ApplicationFilterChain.java:140)
	at org.springframework.web.filter.FormContentFilter.doFilterInternal(FormContentFilter.java:93)
	at org.springframework.web.filter.OncePerRequestFilter.doFilter(OncePerRequestFilter.java:116)
	at org.apache.catalina.core.ApplicationFilterChain.internalDoFilter(ApplicationFilterChain.java:164)
	at org.apache.catalina.core.ApplicationFilterChain.doFilter(ApplicationFilterChain.java:140)
	at org.springframework.web.filter.ServerHttpObservationFilter.doFilterInternal(ServerHttpObservationFilter.java:114)
	at org.springframework.web.filter.OncePerRequestFilter.doFilter(OncePerRequestFilter.java:116)
	at org.apache.catalina.core.ApplicationFilterChain.internalDoFilter(ApplicationFilterChain.java:164)
	at org.apache.catalina.core.ApplicationFilterChain.doFilter(ApplicationFilterChain.java:140)
	at org.springframework.web.filter.CharacterEncodingFilter.doFilterInternal(CharacterEncodingFilter.java:201)
	at org.springframework.web.filter.OncePerRequestFilter.doFilter(OncePerRequestFilter.java:116)
	at org.apache.catalina.core.ApplicationFilterChain.internalDoFilter(ApplicationFilterChain.java:164)
	at org.apache.catalina.core.ApplicationFilterChain.doFilter(ApplicationFilterChain.java:140)
	at org.apache.catalina.core.StandardWrapperValve.invoke(StandardWrapperValve.java:167)
	at org.apache.catalina.core.StandardContextValve.invoke(StandardContextValve.java:90)
	at org.apache.catalina.authenticator.AuthenticatorBase.invoke(AuthenticatorBase.java:483)
	at org.apache.catalina.core.StandardHostValve.invoke(StandardHostValve.java:115)
	at org.apache.catalina.valves.ErrorReportValve.invoke(ErrorReportValve.java:93)
	at org.apache.catalina.core.StandardEngineValve.invoke(StandardEngineValve.java:74)
	at org.apache.catalina.connector.CoyoteAdapter.service(CoyoteAdapter.java:344)
	at org.apache.coyote.http11.Http11Processor.service(Http11Processor.java:397)
	at org.apache.coyote.AbstractProcessorLight.process(AbstractProcessorLight.java:63)
	at org.apache.coyote.AbstractProtocol$ConnectionHandler.process(AbstractProtocol.java:905)
	at org.apache.tomcat.util.net.NioEndpoint$SocketProcessor.doRun(NioEndpoint.java:1741)
	at org.apache.tomcat.util.net.SocketProcessorBase.run(SocketProcessorBase.java:52)
	at org.apache.tomcat.util.threads.ThreadPoolExecutor.runWorker(ThreadPoolExecutor.java:1190)
	at org.apache.tomcat.util.threads.ThreadPoolExecutor$Worker.run(ThreadPoolExecutor.java:659)
	at org.apache.tomcat.util.threads.TaskThread$WrappingRunnable.run(TaskThread.java:63)
	at java.base/java.lang.Thread.run(Thread.java:1583)
2026-03-16 17:07:50 [http-nio-8080-exec-8] DEBUG o.s.w.s.m.m.a.HttpEntityMethodProcessor - Using 'application/json', given [application/json, text/plain, */*] and supported [application/json, application/*+json, application/yaml]
2026-03-16 17:07:50 [http-nio-8080-exec-8] TRACE o.s.w.s.m.m.a.HttpEntityMethodProcessor - Writing [ApiResponse[success=false, status=500, code=C004, message=예기치 않은 서버 오류가 발생했습니다., data=null, timestamp=2026-03-16T17:07:50.056834300]]
2026-03-16 17:07:50 [http-nio-8080-exec-8] DEBUG o.s.w.s.m.m.a.ExceptionHandlerExceptionResolver - Resolved [org.springframework.web.servlet.resource.NoResourceFoundException: No static resource api/v1/admin/system/statistics/bbs.]
2026-03-16 17:07:50 [http-nio-8080-exec-8] DEBUG o.s.web.servlet.DispatcherServlet - Completed 500 INTERNAL_SERVER_ERROR
2026-03-16 17:07:50 [http-nio-8080-exec-10] DEBUG o.s.orm.jpa.JpaTransactionManager - Found thread-bound EntityManager [SessionImpl(1424646521<open>)] for JPA transaction
2026-03-16 17:07:50 [http-nio-8080-exec-10] DEBUG o.s.orm.jpa.JpaTransactionManager - Participating in existing transaction
2026-03-16 17:07:50 [http-nio-8080-exec-10] DEBUG org.hibernate.SQL - select p1_0.progrm_file_nm,p1_0.progrm_dc,p1_0.progrm_korean_nm,p1_0.progrm_stre_path,p1_0.url from nprogrmlist p1_0
2026-03-16 17:07:50 [http-nio-8080-exec-10] DEBUG o.s.orm.jpa.JpaTransactionManager - Initiating transaction commit
2026-03-16 17:07:50 [http-nio-8080-exec-10] DEBUG o.s.orm.jpa.JpaTransactionManager - Committing JPA transaction on EntityManager [SessionImpl(1424646521<open>)]
2026-03-16 17:07:50 [http-nio-8080-exec-10] DEBUG o.s.orm.jpa.JpaTransactionManager - Closing JPA EntityManager [SessionImpl(1424646521<open>)] after transaction
2026-03-16 17:07:50 [http-nio-8080-exec-10] INFO  c.c.p.a.c.menu.MenuController - getLeftMenu returned 2 items
2026-03-16 17:07:50 [http-nio-8080-exec-10] DEBUG o.s.w.s.m.m.a.HttpEntityMethodProcessor - Using 'application/json', given [application/json, text/plain, */*] and supported [application/json, application/*+json, application/yaml]
2026-03-16 17:07:50 [http-nio-8080-exec-10] TRACE o.s.w.s.m.m.a.HttpEntityMethodProcessor - Writing [ApiResponse[success=true, status=200, code=COMMON_001, message=Success, data={list=[com.company.project.service.menu.dto.MenuDto@19fe190b, com.company.project.service.menu.dto.MenuDto@8b6489a]}, timestamp=2026-03-16T17:07:50.453379300]]
2026-03-16 17:07:50 [http-nio-8080-exec-10] INFO  c.c.p.a.i.OperationalAuditInterceptor - API Audit Log: URL=/api/v1/menu/left, User=webmaster, IP=127.0.0.1
2026-03-16 17:07:50 [http-nio-8080-exec-10] DEBUG o.s.web.servlet.DispatcherServlet - Completed 200 OK
2026-03-16 17:07:50 [http-nio-8080-exec-15] DEBUG c.c.p.s.jwt.JwtAuthenticationFilter - >>> [JwtFilter] Processing request: GET /api/v1/menu/left
2026-03-16 17:07:50 [http-nio-8080-exec-15] DEBUG c.c.p.s.jwt.JwtAuthenticationFilter - >>> [JwtFilter] Found token in header for path: /api/v1/menu/left
2026-03-16 17:07:50 [http-nio-8080-exec-15] DEBUG o.s.orm.jpa.JpaTransactionManager - Creating new transaction with name [com.company.project.security.iam.CustomUserDetailsService.loadUserByUsername]: PROPAGATION_REQUIRED,ISOLATION_DEFAULT,readOnly
2026-03-16 17:07:50 [http-nio-8080-exec-15] DEBUG o.s.orm.jpa.JpaTransactionManager - Opened new EntityManager [SessionImpl(125764720<open>)] for JPA transaction
2026-03-16 17:07:50 [http-nio-8080-exec-15] DEBUG o.s.orm.jpa.JpaTransactionManager - Exposing JPA transaction as JDBC [org.springframework.orm.jpa.vendor.HibernateJpaDialect$HibernateConnectionHandle@4acdde25]
2026-03-16 17:07:50 [http-nio-8080-exec-15] DEBUG o.s.orm.jpa.JpaTransactionManager - Found thread-bound EntityManager [SessionImpl(125764720<open>)] for JPA transaction
2026-03-16 17:07:50 [http-nio-8080-exec-15] DEBUG o.s.orm.jpa.JpaTransactionManager - Participating in existing transaction
2026-03-16 17:07:50 [http-nio-8080-exec-15] DEBUG org.hibernate.SQL - select u1_0.emplyr_id,u1_0.area_no,u1_0.brthdy,u1_0.chg_pwd_cnt,u1_0.frst_register_id,u1_0.frst_regist_pnttm,u1_0.detail_adres,u1_0.email_adres,u1_0.emplyr_sttus_code,u1_0.empl_no,u1_0.esntl_id,u1_0.fxnum,u1_0.group_id,u1_0.house_adres,u1_0.house_end_telno,u1_0.house_middle_telno,u1_0.ihidnum,u1_0.pstinst_code,u1_0.last_updusr_id,u1_0.last_updt_pnttm,u1_0.lock_at,u1_0.lock_cnt,u1_0.lock_last_pnttm,u1_0.mbtlnum,u1_0.ofcps_nm,u1_0.offm_telno,u1_0.orgnzt_id,u1_0.password,u1_0.password_cnsr,u1_0.password_hint,u1_0.chg_pwd_last_pnttm,u1_0.role,u1_0.sbscrb_de,u1_0.sexdstn_code,u1_0.crtfc_dn_value,u1_0.user_nm,u1_0.zip from nemplyrinfo u1_0 where u1_0.emplyr_id=?
2026-03-16 17:07:50 [http-nio-8080-exec-15] DEBUG o.s.orm.jpa.JpaTransactionManager - Found thread-bound EntityManager [SessionImpl(125764720<open>)] for JPA transaction
2026-03-16 17:07:50 [http-nio-8080-exec-15] DEBUG o.s.orm.jpa.JpaTransactionManager - Participating in existing transaction
2026-03-16 17:07:50 [http-nio-8080-exec-15] DEBUG org.hibernate.SQL - select ua1_0.scrty_dtrmn_trget_id,ua1_0.author_code,ua1_0.frst_register_id,ua1_0.frst_regist_pnttm,ua1_0.last_updusr_id,ua1_0.last_updt_pnttm,ua1_0.mber_ty_code from nemplyrscrtyestbs ua1_0 where ua1_0.scrty_dtrmn_trget_id=?
2026-03-16 17:07:50 [http-nio-8080-exec-15] DEBUG o.s.orm.jpa.JpaTransactionManager - Initiating transaction commit
2026-03-16 17:07:50 [http-nio-8080-exec-15] DEBUG o.s.orm.jpa.JpaTransactionManager - Committing JPA transaction on EntityManager [SessionImpl(125764720<open>)]
2026-03-16 17:07:51 [http-nio-8080-exec-15] DEBUG o.s.orm.jpa.JpaTransactionManager - Closing JPA EntityManager [SessionImpl(125764720<open>)] after transaction
2026-03-16 17:07:51 [http-nio-8080-exec-15] DEBUG c.c.p.s.jwt.JwtAuthenticationFilter - >>> [JwtFilter] Successfully authenticated user: USRCNFRM_99999999999, Authorities: [ROLE_ADMIN]
2026-03-16 17:07:51 [http-nio-8080-exec-15] DEBUG o.s.web.servlet.DispatcherServlet - GET "/api/v1/menu/left?menuNo=50", parameters={masked}
2026-03-16 17:07:51 [http-nio-8080-exec-15] TRACE o.s.w.s.m.m.a.RequestMappingHandlerMapping - Mapped to com.company.project.api.controller.menu.MenuController#getLeftMenu(Long)
2026-03-16 17:07:51 [http-nio-8080-exec-15] INFO  c.c.p.a.c.menu.MenuController - getLeftMenu called with menuNo=50
2026-03-16 17:07:51 [http-nio-8080-exec-15] DEBUG o.s.orm.jpa.JpaTransactionManager - Creating new transaction with name [com.company.project.service.menu.MenuService.getSubMenus]: PROPAGATION_REQUIRED,ISOLATION_DEFAULT,readOnly
2026-03-16 17:07:51 [http-nio-8080-exec-15] DEBUG o.s.orm.jpa.JpaTransactionManager - Opened new EntityManager [SessionImpl(64505299<open>)] for JPA transaction
2026-03-16 17:07:51 [http-nio-8080-exec-15] DEBUG o.s.orm.jpa.JpaTransactionManager - Exposing JPA transaction as JDBC [org.springframework.orm.jpa.vendor.HibernateJpaDialect$HibernateConnectionHandle@648902a3]
2026-03-16 17:07:51 [http-nio-8080-exec-15] DEBUG org.hibernate.SQL - select m1_0.menu_no,m1_0.menu_dc,m1_0.menu_nm,m1_0.menu_ordr,m1_0.modern_route,m1_0.progrm_file_nm,m1_0.relate_image_nm,m1_0.relate_image_path,m1_0.route_updated_at,m1_0.upper_menu_no from nmenuinfo m1_0 order by m1_0.upper_menu_no,m1_0.menu_ordr
2026-03-16 17:07:51 [http-nio-8080-exec-15] DEBUG o.s.orm.jpa.JpaTransactionManager - Found thread-bound EntityManager [SessionImpl(64505299<open>)] for JPA transaction
2026-03-16 17:07:51 [http-nio-8080-exec-15] DEBUG o.s.orm.jpa.JpaTransactionManager - Participating in existing transaction
2026-03-16 17:07:51 [http-nio-8080-exec-15] DEBUG org.hibernate.SQL - select p1_0.progrm_file_nm,p1_0.progrm_dc,p1_0.progrm_korean_nm,p1_0.progrm_stre_path,p1_0.url from nprogrmlist p1_0
2026-03-16 17:07:51 [MessageBroker-1] DEBUG o.s.w.s.s.t.h.DefaultSockJsService - Closed 1 sessions: [njqk1zlf]
2026-03-16 17:07:51 [http-nio-8080-exec-15] DEBUG o.s.orm.jpa.JpaTransactionManager - Initiating transaction commit
2026-03-16 17:07:51 [http-nio-8080-exec-15] DEBUG o.s.orm.jpa.JpaTransactionManager - Committing JPA transaction on EntityManager [SessionImpl(64505299<open>)]
2026-03-16 17:07:51 [http-nio-8080-exec-15] DEBUG o.s.orm.jpa.JpaTransactionManager - Closing JPA EntityManager [SessionImpl(64505299<open>)] after transaction
2026-03-16 17:07:51 [http-nio-8080-exec-15] INFO  c.c.p.a.c.menu.MenuController - getLeftMenu returned 3 items
2026-03-16 17:07:51 [http-nio-8080-exec-15] DEBUG o.s.w.s.m.m.a.HttpEntityMethodProcessor - Using 'application/json', given [application/json, text/plain, */*] and supported [application/json, application/*+json, application/yaml]
2026-03-16 17:07:51 [http-nio-8080-exec-15] TRACE o.s.w.s.m.m.a.HttpEntityMethodProcessor - Writing [ApiResponse[success=true, status=200, code=COMMON_001, message=Success, data={list=[com.company.project.service.menu.dto.MenuDto@5af5f8b2, com.company.project.service.menu.dto.MenuDto@651b72bc, com.company.project.service.menu.dto.MenuDto@66aa2e52]}, timestamp=2026-03-16T17:07:51.728780500]]
2026-03-16 17:07:51 [http-nio-8080-exec-15] INFO  c.c.p.a.i.OperationalAuditInterceptor - API Audit Log: URL=/api/v1/menu/left, User=webmaster, IP=127.0.0.1
2026-03-16 17:07:51 [http-nio-8080-exec-15] DEBUG o.s.web.servlet.DispatcherServlet - Completed 200 OK
2026-03-16 17:07:51 [http-nio-8080-exec-19] DEBUG c.c.p.s.jwt.JwtAuthenticationFilter - >>> [JwtFilter] Processing request: GET /api/v1/menu/left
2026-03-16 17:07:51 [http-nio-8080-exec-19] DEBUG c.c.p.s.jwt.JwtAuthenticationFilter - >>> [JwtFilter] Found token in header for path: /api/v1/menu/left
2026-03-16 17:07:51 [http-nio-8080-exec-19] DEBUG o.s.orm.jpa.JpaTransactionManager - Creating new transaction with name [com.company.project.security.iam.CustomUserDetailsService.loadUserByUsername]: PROPAGATION_REQUIRED,ISOLATION_DEFAULT,readOnly
2026-03-16 17:07:51 [http-nio-8080-exec-19] DEBUG o.s.orm.jpa.JpaTransactionManager - Opened new EntityManager [SessionImpl(1916548500<open>)] for JPA transaction
2026-03-16 17:07:51 [http-nio-8080-exec-19] DEBUG o.s.orm.jpa.JpaTransactionManager - Exposing JPA transaction as JDBC [org.springframework.orm.jpa.vendor.HibernateJpaDialect$HibernateConnectionHandle@4c0c4cb]
2026-03-16 17:07:51 [http-nio-8080-exec-19] DEBUG o.s.orm.jpa.JpaTransactionManager - Found thread-bound EntityManager [SessionImpl(1916548500<open>)] for JPA transaction
2026-03-16 17:07:51 [http-nio-8080-exec-19] DEBUG o.s.orm.jpa.JpaTransactionManager - Participating in existing transaction
2026-03-16 17:07:51 [http-nio-8080-exec-19] DEBUG org.hibernate.SQL - select u1_0.emplyr_id,u1_0.area_no,u1_0.brthdy,u1_0.chg_pwd_cnt,u1_0.frst_register_id,u1_0.frst_regist_pnttm,u1_0.detail_adres,u1_0.email_adres,u1_0.emplyr_sttus_code,u1_0.empl_no,u1_0.esntl_id,u1_0.fxnum,u1_0.group_id,u1_0.house_adres,u1_0.house_end_telno,u1_0.house_middle_telno,u1_0.ihidnum,u1_0.pstinst_code,u1_0.last_updusr_id,u1_0.last_updt_pnttm,u1_0.lock_at,u1_0.lock_cnt,u1_0.lock_last_pnttm,u1_0.mbtlnum,u1_0.ofcps_nm,u1_0.offm_telno,u1_0.orgnzt_id,u1_0.password,u1_0.password_cnsr,u1_0.password_hint,u1_0.chg_pwd_last_pnttm,u1_0.role,u1_0.sbscrb_de,u1_0.sexdstn_code,u1_0.crtfc_dn_value,u1_0.user_nm,u1_0.zip from nemplyrinfo u1_0 where u1_0.emplyr_id=?
2026-03-16 17:07:52 [http-nio-8080-exec-19] DEBUG o.s.orm.jpa.JpaTransactionManager - Found thread-bound EntityManager [SessionImpl(1916548500<open>)] for JPA transaction
2026-03-16 17:07:52 [http-nio-8080-exec-19] DEBUG o.s.orm.jpa.JpaTransactionManager - Participating in existing transaction
2026-03-16 17:07:52 [http-nio-8080-exec-19] DEBUG org.hibernate.SQL - select ua1_0.scrty_dtrmn_trget_id,ua1_0.author_code,ua1_0.frst_register_id,ua1_0.frst_regist_pnttm,ua1_0.last_updusr_id,ua1_0.last_updt_pnttm,ua1_0.mber_ty_code from nemplyrscrtyestbs ua1_0 where ua1_0.scrty_dtrmn_trget_id=?
2026-03-16 17:07:52 [http-nio-8080-exec-19] DEBUG o.s.orm.jpa.JpaTransactionManager - Initiating transaction commit
2026-03-16 17:07:52 [http-nio-8080-exec-19] DEBUG o.s.orm.jpa.JpaTransactionManager - Committing JPA transaction on EntityManager [SessionImpl(1916548500<open>)]
2026-03-16 17:07:52 [http-nio-8080-exec-19] DEBUG o.s.orm.jpa.JpaTransactionManager - Closing JPA EntityManager [SessionImpl(1916548500<open>)] after transaction
2026-03-16 17:07:52 [http-nio-8080-exec-19] DEBUG c.c.p.s.jwt.JwtAuthenticationFilter - >>> [JwtFilter] Successfully authenticated user: USRCNFRM_99999999999, Authorities: [ROLE_ADMIN]
2026-03-16 17:07:52 [http-nio-8080-exec-19] DEBUG o.s.web.servlet.DispatcherServlet - GET "/api/v1/menu/left?menuNo=60", parameters={masked}
2026-03-16 17:07:52 [http-nio-8080-exec-19] TRACE o.s.w.s.m.m.a.RequestMappingHandlerMapping - Mapped to com.company.project.api.controller.menu.MenuController#getLeftMenu(Long)
2026-03-16 17:07:52 [http-nio-8080-exec-19] INFO  c.c.p.a.c.menu.MenuController - getLeftMenu called with menuNo=60
2026-03-16 17:07:52 [http-nio-8080-exec-19] DEBUG o.s.orm.jpa.JpaTransactionManager - Creating new transaction with name [com.company.project.service.menu.MenuService.getSubMenus]: PROPAGATION_REQUIRED,ISOLATION_DEFAULT,readOnly
2026-03-16 17:07:52 [http-nio-8080-exec-19] DEBUG o.s.orm.jpa.JpaTransactionManager - Opened new EntityManager [SessionImpl(977813051<open>)] for JPA transaction
2026-03-16 17:07:52 [http-nio-8080-exec-19] DEBUG o.s.orm.jpa.JpaTransactionManager - Exposing JPA transaction as JDBC [org.springframework.orm.jpa.vendor.HibernateJpaDialect$HibernateConnectionHandle@67cc44ea]
2026-03-16 17:07:52 [http-nio-8080-exec-19] DEBUG org.hibernate.SQL - select m1_0.menu_no,m1_0.menu_dc,m1_0.menu_nm,m1_0.menu_ordr,m1_0.modern_route,m1_0.progrm_file_nm,m1_0.relate_image_nm,m1_0.relate_image_path,m1_0.route_updated_at,m1_0.upper_menu_no from nmenuinfo m1_0 order by m1_0.upper_menu_no,m1_0.menu_ordr
2026-03-16 17:07:52 [http-nio-8080-exec-19] DEBUG o.s.orm.jpa.JpaTransactionManager - Found thread-bound EntityManager [SessionImpl(977813051<open>)] for JPA transaction
2026-03-16 17:07:52 [http-nio-8080-exec-19] DEBUG o.s.orm.jpa.JpaTransactionManager - Participating in existing transaction
2026-03-16 17:07:52 [http-nio-8080-exec-19] DEBUG org.hibernate.SQL - select p1_0.progrm_file_nm,p1_0.progrm_dc,p1_0.progrm_korean_nm,p1_0.progrm_stre_path,p1_0.url from nprogrmlist p1_0
2026-03-16 17:07:52 [http-nio-8080-exec-19] DEBUG o.s.orm.jpa.JpaTransactionManager - Initiating transaction commit
2026-03-16 17:07:52 [http-nio-8080-exec-19] DEBUG o.s.orm.jpa.JpaTransactionManager - Committing JPA transaction on EntityManager [SessionImpl(977813051<open>)]
2026-03-16 17:07:52 [http-nio-8080-exec-19] DEBUG o.s.orm.jpa.JpaTransactionManager - Closing JPA EntityManager [SessionImpl(977813051<open>)] after transaction
2026-03-16 17:07:52 [http-nio-8080-exec-19] INFO  c.c.p.a.c.menu.MenuController - getLeftMenu returned 1 items
2026-03-16 17:07:52 [http-nio-8080-exec-19] DEBUG o.s.w.s.m.m.a.HttpEntityMethodProcessor - Using 'application/json', given [application/json, text/plain, */*] and supported [application/json, application/*+json, application/yaml]
2026-03-16 17:07:52 [http-nio-8080-exec-19] TRACE o.s.w.s.m.m.a.HttpEntityMethodProcessor - Writing [ApiResponse[success=true, status=200, code=COMMON_001, message=Success, data={list=[com.company.project.service.menu.dto.MenuDto@6de84862]}, timestamp=2026-03-16T17:07:52.996536]]
2026-03-16 17:07:52 [http-nio-8080-exec-19] INFO  c.c.p.a.i.OperationalAuditInterceptor - API Audit Log: URL=/api/v1/menu/left, User=webmaster, IP=127.0.0.1
2026-03-16 17:07:52 [http-nio-8080-exec-19] DEBUG o.s.web.servlet.DispatcherServlet - Completed 200 OK
2026-03-16 17:07:57 [http-nio-8080-exec-2] DEBUG c.c.p.s.jwt.JwtAuthenticationFilter - >>> [JwtFilter] Processing request: GET /api/v1/menu/head
2026-03-16 17:07:57 [http-nio-8080-exec-2] DEBUG c.c.p.s.jwt.JwtAuthenticationFilter - >>> [JwtFilter] Found token in header for path: /api/v1/menu/head
2026-03-16 17:07:57 [http-nio-8080-exec-2] DEBUG o.s.orm.jpa.JpaTransactionManager - Creating new transaction with name [com.company.project.security.iam.CustomUserDetailsService.loadUserByUsername]: PROPAGATION_REQUIRED,ISOLATION_DEFAULT,readOnly
2026-03-16 17:07:57 [http-nio-8080-exec-2] DEBUG o.s.orm.jpa.JpaTransactionManager - Opened new EntityManager [SessionImpl(1968057584<open>)] for JPA transaction
2026-03-16 17:07:57 [http-nio-8080-exec-2] DEBUG o.s.orm.jpa.JpaTransactionManager - Exposing JPA transaction as JDBC [org.springframework.orm.jpa.vendor.HibernateJpaDialect$HibernateConnectionHandle@60d5800c]
2026-03-16 17:07:57 [http-nio-8080-exec-2] DEBUG o.s.orm.jpa.JpaTransactionManager - Found thread-bound EntityManager [SessionImpl(1968057584<open>)] for JPA transaction
2026-03-16 17:07:57 [http-nio-8080-exec-2] DEBUG o.s.orm.jpa.JpaTransactionManager - Participating in existing transaction
2026-03-16 17:07:57 [http-nio-8080-exec-2] DEBUG org.hibernate.SQL - select u1_0.emplyr_id,u1_0.area_no,u1_0.brthdy,u1_0.chg_pwd_cnt,u1_0.frst_register_id,u1_0.frst_regist_pnttm,u1_0.detail_adres,u1_0.email_adres,u1_0.emplyr_sttus_code,u1_0.empl_no,u1_0.esntl_id,u1_0.fxnum,u1_0.group_id,u1_0.house_adres,u1_0.house_end_telno,u1_0.house_middle_telno,u1_0.ihidnum,u1_0.pstinst_code,u1_0.last_updusr_id,u1_0.last_updt_pnttm,u1_0.lock_at,u1_0.lock_cnt,u1_0.lock_last_pnttm,u1_0.mbtlnum,u1_0.ofcps_nm,u1_0.offm_telno,u1_0.orgnzt_id,u1_0.password,u1_0.password_cnsr,u1_0.password_hint,u1_0.chg_pwd_last_pnttm,u1_0.role,u1_0.sbscrb_de,u1_0.sexdstn_code,u1_0.crtfc_dn_value,u1_0.user_nm,u1_0.zip from nemplyrinfo u1_0 where u1_0.emplyr_id=?
2026-03-16 17:07:57 [http-nio-8080-exec-2] DEBUG o.s.orm.jpa.JpaTransactionManager - Found thread-bound EntityManager [SessionImpl(1968057584<open>)] for JPA transaction
2026-03-16 17:07:57 [http-nio-8080-exec-2] DEBUG o.s.orm.jpa.JpaTransactionManager - Participating in existing transaction
2026-03-16 17:07:57 [http-nio-8080-exec-2] DEBUG org.hibernate.SQL - select ua1_0.scrty_dtrmn_trget_id,ua1_0.author_code,ua1_0.frst_register_id,ua1_0.frst_regist_pnttm,ua1_0.last_updusr_id,ua1_0.last_updt_pnttm,ua1_0.mber_ty_code from nemplyrscrtyestbs ua1_0 where ua1_0.scrty_dtrmn_trget_id=?
2026-03-16 17:07:57 [http-nio-8080-exec-2] DEBUG o.s.orm.jpa.JpaTransactionManager - Initiating transaction commit
2026-03-16 17:07:57 [http-nio-8080-exec-2] DEBUG o.s.orm.jpa.JpaTransactionManager - Committing JPA transaction on EntityManager [SessionImpl(1968057584<open>)]
2026-03-16 17:07:58 [http-nio-8080-exec-2] DEBUG o.s.orm.jpa.JpaTransactionManager - Closing JPA EntityManager [SessionImpl(1968057584<open>)] after transaction
2026-03-16 17:07:58 [http-nio-8080-exec-2] DEBUG c.c.p.s.jwt.JwtAuthenticationFilter - >>> [JwtFilter] Successfully authenticated user: USRCNFRM_99999999999, Authorities: [ROLE_ADMIN]
2026-03-16 17:07:58 [http-nio-8080-exec-2] DEBUG o.s.web.servlet.DispatcherServlet - GET "/api/v1/menu/head", parameters={}
2026-03-16 17:07:58 [http-nio-8080-exec-2] TRACE o.s.w.s.m.m.a.RequestMappingHandlerMapping - Mapped to com.company.project.api.controller.menu.MenuController#getHeadMenu()
2026-03-16 17:07:58 [http-nio-8080-exec-2] INFO  c.c.p.a.c.menu.MenuController - getHeadMenu called
2026-03-16 17:07:58 [http-nio-8080-exec-2] INFO  c.c.p.a.c.menu.MenuController - getHeadMenu returned 5 items
2026-03-16 17:07:58 [http-nio-8080-exec-2] DEBUG o.s.w.s.m.m.a.HttpEntityMethodProcessor - Using 'application/json', given [application/json, text/plain, */*] and supported [application/json, application/*+json, application/yaml]
2026-03-16 17:07:58 [http-nio-8080-exec-2] TRACE o.s.w.s.m.m.a.HttpEntityMethodProcessor - Writing [ApiResponse[success=true, status=200, code=COMMON_001, message=Success, data={list=[com.company.project.service.menu.dto.MenuDto@2b80d6b0, com.company.project.service.menu.dto.MenuDto@1418cfa3, com.company.project.service.menu.dto.MenuDto@f230bf1, com.company.project.service.menu.dto.MenuDto@734a7f6a, com.company.project.service.menu.dto.MenuDto@5e5202e5]}, timestamp=2026-03-16T17:07:58.018135300]]
2026-03-16 17:07:58 [http-nio-8080-exec-2] INFO  c.c.p.a.i.OperationalAuditInterceptor - API Audit Log: URL=/api/v1/menu/head, User=webmaster, IP=0:0:0:0:0:0:0:1
2026-03-16 17:07:58 [http-nio-8080-exec-2] DEBUG o.s.web.servlet.DispatcherServlet - Completed 200 OK
2026-03-16 17:07:58 [http-nio-8080-exec-17] DEBUG c.c.p.s.jwt.JwtAuthenticationFilter - >>> [JwtFilter] Processing request: GET /api/v1/menu/left
2026-03-16 17:07:58 [http-nio-8080-exec-17] DEBUG c.c.p.s.jwt.JwtAuthenticationFilter - >>> [JwtFilter] Found token in header for path: /api/v1/menu/left
2026-03-16 17:07:58 [http-nio-8080-exec-17] DEBUG o.s.orm.jpa.JpaTransactionManager - Creating new transaction with name [com.company.project.security.iam.CustomUserDetailsService.loadUserByUsername]: PROPAGATION_REQUIRED,ISOLATION_DEFAULT,readOnly
2026-03-16 17:07:58 [http-nio-8080-exec-17] DEBUG o.s.orm.jpa.JpaTransactionManager - Opened new EntityManager [SessionImpl(1573740715<open>)] for JPA transaction
2026-03-16 17:07:58 [http-nio-8080-exec-8] DEBUG c.c.p.s.jwt.JwtAuthenticationFilter - >>> [JwtFilter] Processing request: GET /api/v1/menu/left
2026-03-16 17:07:58 [http-nio-8080-exec-13] DEBUG c.c.p.s.jwt.JwtAuthenticationFilter - >>> [JwtFilter] Processing request: GET /api/v1/menu/left
2026-03-16 17:07:58 [http-nio-8080-exec-12] DEBUG c.c.p.s.jwt.JwtAuthenticationFilter - >>> [JwtFilter] Processing request: GET /api/v1/menu/left
2026-03-16 17:07:58 [http-nio-8080-exec-9] DEBUG c.c.p.s.jwt.JwtAuthenticationFilter - >>> [JwtFilter] Processing request: GET /api/v1/menu/left
2026-03-16 17:07:58 [http-nio-8080-exec-8] DEBUG c.c.p.s.jwt.JwtAuthenticationFilter - >>> [JwtFilter] Found token in header for path: /api/v1/menu/left
2026-03-16 17:07:58 [http-nio-8080-exec-13] DEBUG c.c.p.s.jwt.JwtAuthenticationFilter - >>> [JwtFilter] Found token in header for path: /api/v1/menu/left
2026-03-16 17:07:58 [http-nio-8080-exec-12] DEBUG c.c.p.s.jwt.JwtAuthenticationFilter - >>> [JwtFilter] Found token in header for path: /api/v1/menu/left
2026-03-16 17:07:58 [http-nio-8080-exec-9] DEBUG c.c.p.s.jwt.JwtAuthenticationFilter - >>> [JwtFilter] Found token in header for path: /api/v1/menu/left
2026-03-16 17:07:58 [http-nio-8080-exec-8] DEBUG o.s.orm.jpa.JpaTransactionManager - Creating new transaction with name [com.company.project.security.iam.CustomUserDetailsService.loadUserByUsername]: PROPAGATION_REQUIRED,ISOLATION_DEFAULT,readOnly
2026-03-16 17:07:58 [http-nio-8080-exec-12] DEBUG o.s.orm.jpa.JpaTransactionManager - Creating new transaction with name [com.company.project.security.iam.CustomUserDetailsService.loadUserByUsername]: PROPAGATION_REQUIRED,ISOLATION_DEFAULT,readOnly
2026-03-16 17:07:58 [http-nio-8080-exec-9] DEBUG o.s.orm.jpa.JpaTransactionManager - Creating new transaction with name [com.company.project.security.iam.CustomUserDetailsService.loadUserByUsername]: PROPAGATION_REQUIRED,ISOLATION_DEFAULT,readOnly
2026-03-16 17:07:58 [http-nio-8080-exec-13] DEBUG o.s.orm.jpa.JpaTransactionManager - Creating new transaction with name [com.company.project.security.iam.CustomUserDetailsService.loadUserByUsername]: PROPAGATION_REQUIRED,ISOLATION_DEFAULT,readOnly
2026-03-16 17:07:58 [http-nio-8080-exec-8] DEBUG o.s.orm.jpa.JpaTransactionManager - Opened new EntityManager [SessionImpl(622235125<open>)] for JPA transaction
2026-03-16 17:07:58 [http-nio-8080-exec-12] DEBUG o.s.orm.jpa.JpaTransactionManager - Opened new EntityManager [SessionImpl(1962671151<open>)] for JPA transaction
2026-03-16 17:07:58 [http-nio-8080-exec-9] DEBUG o.s.orm.jpa.JpaTransactionManager - Opened new EntityManager [SessionImpl(1435486849<open>)] for JPA transaction
2026-03-16 17:07:58 [http-nio-8080-exec-13] DEBUG o.s.orm.jpa.JpaTransactionManager - Opened new EntityManager [SessionImpl(452428230<open>)] for JPA transaction
2026-03-16 17:07:58 [http-nio-8080-exec-8] DEBUG o.s.orm.jpa.JpaTransactionManager - Exposing JPA transaction as JDBC [org.springframework.orm.jpa.vendor.HibernateJpaDialect$HibernateConnectionHandle@581c71f6]
2026-03-16 17:07:58 [http-nio-8080-exec-12] DEBUG o.s.orm.jpa.JpaTransactionManager - Exposing JPA transaction as JDBC [org.springframework.orm.jpa.vendor.HibernateJpaDialect$HibernateConnectionHandle@7341a921]
2026-03-16 17:07:58 [http-nio-8080-exec-13] DEBUG o.s.orm.jpa.JpaTransactionManager - Exposing JPA transaction as JDBC [org.springframework.orm.jpa.vendor.HibernateJpaDialect$HibernateConnectionHandle@4935c7a0]
2026-03-16 17:07:58 [http-nio-8080-exec-13] DEBUG o.s.orm.jpa.JpaTransactionManager - Found thread-bound EntityManager [SessionImpl(452428230<open>)] for JPA transaction
2026-03-16 17:07:58 [http-nio-8080-exec-8] DEBUG o.s.orm.jpa.JpaTransactionManager - Found thread-bound EntityManager [SessionImpl(622235125<open>)] for JPA transaction
2026-03-16 17:07:58 [http-nio-8080-exec-12] DEBUG o.s.orm.jpa.JpaTransactionManager - Found thread-bound EntityManager [SessionImpl(1962671151<open>)] for JPA transaction
2026-03-16 17:07:58 [http-nio-8080-exec-13] DEBUG o.s.orm.jpa.JpaTransactionManager - Participating in existing transaction
2026-03-16 17:07:58 [http-nio-8080-exec-8] DEBUG o.s.orm.jpa.JpaTransactionManager - Participating in existing transaction
2026-03-16 17:07:58 [http-nio-8080-exec-12] DEBUG o.s.orm.jpa.JpaTransactionManager - Participating in existing transaction
2026-03-16 17:07:58 [http-nio-8080-exec-13] DEBUG org.hibernate.SQL - select u1_0.emplyr_id,u1_0.area_no,u1_0.brthdy,u1_0.chg_pwd_cnt,u1_0.frst_register_id,u1_0.frst_regist_pnttm,u1_0.detail_adres,u1_0.email_adres,u1_0.emplyr_sttus_code,u1_0.empl_no,u1_0.esntl_id,u1_0.fxnum,u1_0.group_id,u1_0.house_adres,u1_0.house_end_telno,u1_0.house_middle_telno,u1_0.ihidnum,u1_0.pstinst_code,u1_0.last_updusr_id,u1_0.last_updt_pnttm,u1_0.lock_at,u1_0.lock_cnt,u1_0.lock_last_pnttm,u1_0.mbtlnum,u1_0.ofcps_nm,u1_0.offm_telno,u1_0.orgnzt_id,u1_0.password,u1_0.password_cnsr,u1_0.password_hint,u1_0.chg_pwd_last_pnttm,u1_0.role,u1_0.sbscrb_de,u1_0.sexdstn_code,u1_0.crtfc_dn_value,u1_0.user_nm,u1_0.zip from nemplyrinfo u1_0 where u1_0.emplyr_id=?
2026-03-16 17:07:58 [http-nio-8080-exec-12] DEBUG org.hibernate.SQL - select u1_0.emplyr_id,u1_0.area_no,u1_0.brthdy,u1_0.chg_pwd_cnt,u1_0.frst_register_id,u1_0.frst_regist_pnttm,u1_0.detail_adres,u1_0.email_adres,u1_0.emplyr_sttus_code,u1_0.empl_no,u1_0.esntl_id,u1_0.fxnum,u1_0.group_id,u1_0.house_adres,u1_0.house_end_telno,u1_0.house_middle_telno,u1_0.ihidnum,u1_0.pstinst_code,u1_0.last_updusr_id,u1_0.last_updt_pnttm,u1_0.lock_at,u1_0.lock_cnt,u1_0.lock_last_pnttm,u1_0.mbtlnum,u1_0.ofcps_nm,u1_0.offm_telno,u1_0.orgnzt_id,u1_0.password,u1_0.password_cnsr,u1_0.password_hint,u1_0.chg_pwd_last_pnttm,u1_0.role,u1_0.sbscrb_de,u1_0.sexdstn_code,u1_0.crtfc_dn_value,u1_0.user_nm,u1_0.zip from nemplyrinfo u1_0 where u1_0.emplyr_id=?
2026-03-16 17:07:58 [http-nio-8080-exec-8] DEBUG org.hibernate.SQL - select u1_0.emplyr_id,u1_0.area_no,u1_0.brthdy,u1_0.chg_pwd_cnt,u1_0.frst_register_id,u1_0.frst_regist_pnttm,u1_0.detail_adres,u1_0.email_adres,u1_0.emplyr_sttus_code,u1_0.empl_no,u1_0.esntl_id,u1_0.fxnum,u1_0.group_id,u1_0.house_adres,u1_0.house_end_telno,u1_0.house_middle_telno,u1_0.ihidnum,u1_0.pstinst_code,u1_0.last_updusr_id,u1_0.last_updt_pnttm,u1_0.lock_at,u1_0.lock_cnt,u1_0.lock_last_pnttm,u1_0.mbtlnum,u1_0.ofcps_nm,u1_0.offm_telno,u1_0.orgnzt_id,u1_0.password,u1_0.password_cnsr,u1_0.password_hint,u1_0.chg_pwd_last_pnttm,u1_0.role,u1_0.sbscrb_de,u1_0.sexdstn_code,u1_0.crtfc_dn_value,u1_0.user_nm,u1_0.zip from nemplyrinfo u1_0 where u1_0.emplyr_id=?
2026-03-16 17:07:58 [http-nio-8080-exec-17] DEBUG o.s.orm.jpa.JpaTransactionManager - Exposing JPA transaction as JDBC [org.springframework.orm.jpa.vendor.HibernateJpaDialect$HibernateConnectionHandle@4d7deedb]
2026-03-16 17:07:58 [http-nio-8080-exec-17] DEBUG o.s.orm.jpa.JpaTransactionManager - Found thread-bound EntityManager [SessionImpl(1573740715<open>)] for JPA transaction
2026-03-16 17:07:58 [http-nio-8080-exec-17] DEBUG o.s.orm.jpa.JpaTransactionManager - Participating in existing transaction
2026-03-16 17:07:58 [http-nio-8080-exec-17] DEBUG org.hibernate.SQL - select u1_0.emplyr_id,u1_0.area_no,u1_0.brthdy,u1_0.chg_pwd_cnt,u1_0.frst_register_id,u1_0.frst_regist_pnttm,u1_0.detail_adres,u1_0.email_adres,u1_0.emplyr_sttus_code,u1_0.empl_no,u1_0.esntl_id,u1_0.fxnum,u1_0.group_id,u1_0.house_adres,u1_0.house_end_telno,u1_0.house_middle_telno,u1_0.ihidnum,u1_0.pstinst_code,u1_0.last_updusr_id,u1_0.last_updt_pnttm,u1_0.lock_at,u1_0.lock_cnt,u1_0.lock_last_pnttm,u1_0.mbtlnum,u1_0.ofcps_nm,u1_0.offm_telno,u1_0.orgnzt_id,u1_0.password,u1_0.password_cnsr,u1_0.password_hint,u1_0.chg_pwd_last_pnttm,u1_0.role,u1_0.sbscrb_de,u1_0.sexdstn_code,u1_0.crtfc_dn_value,u1_0.user_nm,u1_0.zip from nemplyrinfo u1_0 where u1_0.emplyr_id=?
2026-03-16 17:07:58 [http-nio-8080-exec-9] DEBUG o.s.orm.jpa.JpaTransactionManager - Exposing JPA transaction as JDBC [org.springframework.orm.jpa.vendor.HibernateJpaDialect$HibernateConnectionHandle@433bebf9]
2026-03-16 17:07:58 [http-nio-8080-exec-9] DEBUG o.s.orm.jpa.JpaTransactionManager - Found thread-bound EntityManager [SessionImpl(1435486849<open>)] for JPA transaction
2026-03-16 17:07:58 [http-nio-8080-exec-9] DEBUG o.s.orm.jpa.JpaTransactionManager - Participating in existing transaction
2026-03-16 17:07:58 [http-nio-8080-exec-9] DEBUG org.hibernate.SQL - select u1_0.emplyr_id,u1_0.area_no,u1_0.brthdy,u1_0.chg_pwd_cnt,u1_0.frst_register_id,u1_0.frst_regist_pnttm,u1_0.detail_adres,u1_0.email_adres,u1_0.emplyr_sttus_code,u1_0.empl_no,u1_0.esntl_id,u1_0.fxnum,u1_0.group_id,u1_0.house_adres,u1_0.house_end_telno,u1_0.house_middle_telno,u1_0.ihidnum,u1_0.pstinst_code,u1_0.last_updusr_id,u1_0.last_updt_pnttm,u1_0.lock_at,u1_0.lock_cnt,u1_0.lock_last_pnttm,u1_0.mbtlnum,u1_0.ofcps_nm,u1_0.offm_telno,u1_0.orgnzt_id,u1_0.password,u1_0.password_cnsr,u1_0.password_hint,u1_0.chg_pwd_last_pnttm,u1_0.role,u1_0.sbscrb_de,u1_0.sexdstn_code,u1_0.crtfc_dn_value,u1_0.user_nm,u1_0.zip from nemplyrinfo u1_0 where u1_0.emplyr_id=?
2026-03-16 17:07:58 [http-nio-8080-exec-13] DEBUG o.s.orm.jpa.JpaTransactionManager - Found thread-bound EntityManager [SessionImpl(452428230<open>)] for JPA transaction
2026-03-16 17:07:58 [http-nio-8080-exec-12] DEBUG o.s.orm.jpa.JpaTransactionManager - Found thread-bound EntityManager [SessionImpl(1962671151<open>)] for JPA transaction
2026-03-16 17:07:58 [http-nio-8080-exec-8] DEBUG o.s.orm.jpa.JpaTransactionManager - Found thread-bound EntityManager [SessionImpl(622235125<open>)] for JPA transaction
2026-03-16 17:07:58 [http-nio-8080-exec-13] DEBUG o.s.orm.jpa.JpaTransactionManager - Participating in existing transaction
2026-03-16 17:07:58 [http-nio-8080-exec-12] DEBUG o.s.orm.jpa.JpaTransactionManager - Participating in existing transaction
2026-03-16 17:07:58 [http-nio-8080-exec-8] DEBUG o.s.orm.jpa.JpaTransactionManager - Participating in existing transaction
2026-03-16 17:07:58 [http-nio-8080-exec-13] DEBUG org.hibernate.SQL - select ua1_0.scrty_dtrmn_trget_id,ua1_0.author_code,ua1_0.frst_register_id,ua1_0.frst_regist_pnttm,ua1_0.last_updusr_id,ua1_0.last_updt_pnttm,ua1_0.mber_ty_code from nemplyrscrtyestbs ua1_0 where ua1_0.scrty_dtrmn_trget_id=?
2026-03-16 17:07:58 [http-nio-8080-exec-12] DEBUG org.hibernate.SQL - select ua1_0.scrty_dtrmn_trget_id,ua1_0.author_code,ua1_0.frst_register_id,ua1_0.frst_regist_pnttm,ua1_0.last_updusr_id,ua1_0.last_updt_pnttm,ua1_0.mber_ty_code from nemplyrscrtyestbs ua1_0 where ua1_0.scrty_dtrmn_trget_id=?
2026-03-16 17:07:58 [http-nio-8080-exec-8] DEBUG org.hibernate.SQL - select ua1_0.scrty_dtrmn_trget_id,ua1_0.author_code,ua1_0.frst_register_id,ua1_0.frst_regist_pnttm,ua1_0.last_updusr_id,ua1_0.last_updt_pnttm,ua1_0.mber_ty_code from nemplyrscrtyestbs ua1_0 where ua1_0.scrty_dtrmn_trget_id=?
2026-03-16 17:07:58 [http-nio-8080-exec-17] DEBUG o.s.orm.jpa.JpaTransactionManager - Found thread-bound EntityManager [SessionImpl(1573740715<open>)] for JPA transaction
2026-03-16 17:07:58 [http-nio-8080-exec-17] DEBUG o.s.orm.jpa.JpaTransactionManager - Participating in existing transaction
2026-03-16 17:07:58 [http-nio-8080-exec-17] DEBUG org.hibernate.SQL - select ua1_0.scrty_dtrmn_trget_id,ua1_0.author_code,ua1_0.frst_register_id,ua1_0.frst_regist_pnttm,ua1_0.last_updusr_id,ua1_0.last_updt_pnttm,ua1_0.mber_ty_code from nemplyrscrtyestbs ua1_0 where ua1_0.scrty_dtrmn_trget_id=?
2026-03-16 17:07:58 [http-nio-8080-exec-9] DEBUG o.s.orm.jpa.JpaTransactionManager - Found thread-bound EntityManager [SessionImpl(1435486849<open>)] for JPA transaction
2026-03-16 17:07:58 [http-nio-8080-exec-9] DEBUG o.s.orm.jpa.JpaTransactionManager - Participating in existing transaction
2026-03-16 17:07:58 [http-nio-8080-exec-9] DEBUG org.hibernate.SQL - select ua1_0.scrty_dtrmn_trget_id,ua1_0.author_code,ua1_0.frst_register_id,ua1_0.frst_regist_pnttm,ua1_0.last_updusr_id,ua1_0.last_updt_pnttm,ua1_0.mber_ty_code from nemplyrscrtyestbs ua1_0 where ua1_0.scrty_dtrmn_trget_id=?
2026-03-16 17:07:58 [http-nio-8080-exec-8] DEBUG o.s.orm.jpa.JpaTransactionManager - Initiating transaction commit
2026-03-16 17:07:58 [http-nio-8080-exec-13] DEBUG o.s.orm.jpa.JpaTransactionManager - Initiating transaction commit
2026-03-16 17:07:58 [http-nio-8080-exec-12] DEBUG o.s.orm.jpa.JpaTransactionManager - Initiating transaction commit
2026-03-16 17:07:58 [http-nio-8080-exec-8] DEBUG o.s.orm.jpa.JpaTransactionManager - Committing JPA transaction on EntityManager [SessionImpl(622235125<open>)]
2026-03-16 17:07:58 [http-nio-8080-exec-13] DEBUG o.s.orm.jpa.JpaTransactionManager - Committing JPA transaction on EntityManager [SessionImpl(452428230<open>)]
2026-03-16 17:07:58 [http-nio-8080-exec-12] DEBUG o.s.orm.jpa.JpaTransactionManager - Committing JPA transaction on EntityManager [SessionImpl(1962671151<open>)]
2026-03-16 17:07:58 [http-nio-8080-exec-17] DEBUG o.s.orm.jpa.JpaTransactionManager - Initiating transaction commit
2026-03-16 17:07:58 [http-nio-8080-exec-17] DEBUG o.s.orm.jpa.JpaTransactionManager - Committing JPA transaction on EntityManager [SessionImpl(1573740715<open>)]
2026-03-16 17:07:58 [http-nio-8080-exec-9] DEBUG o.s.orm.jpa.JpaTransactionManager - Initiating transaction commit
2026-03-16 17:07:58 [http-nio-8080-exec-9] DEBUG o.s.orm.jpa.JpaTransactionManager - Committing JPA transaction on EntityManager [SessionImpl(1435486849<open>)]
2026-03-16 17:07:58 [http-nio-8080-exec-12] DEBUG o.s.orm.jpa.JpaTransactionManager - Closing JPA EntityManager [SessionImpl(1962671151<open>)] after transaction
2026-03-16 17:07:58 [http-nio-8080-exec-12] DEBUG c.c.p.s.jwt.JwtAuthenticationFilter - >>> [JwtFilter] Successfully authenticated user: USRCNFRM_99999999999, Authorities: [ROLE_ADMIN]
2026-03-16 17:07:58 [http-nio-8080-exec-12] DEBUG o.s.web.servlet.DispatcherServlet - GET "/api/v1/menu/left?menuNo=20", parameters={masked}
2026-03-16 17:07:58 [http-nio-8080-exec-12] TRACE o.s.w.s.m.m.a.RequestMappingHandlerMapping - Mapped to com.company.project.api.controller.menu.MenuController#getLeftMenu(Long)
2026-03-16 17:07:58 [http-nio-8080-exec-12] INFO  c.c.p.a.c.menu.MenuController - getLeftMenu called with menuNo=20
2026-03-16 17:07:58 [http-nio-8080-exec-12] DEBUG o.s.orm.jpa.JpaTransactionManager - Creating new transaction with name [com.company.project.service.menu.MenuService.getSubMenus]: PROPAGATION_REQUIRED,ISOLATION_DEFAULT,readOnly
2026-03-16 17:07:58 [http-nio-8080-exec-8] DEBUG o.s.orm.jpa.JpaTransactionManager - Closing JPA EntityManager [SessionImpl(622235125<open>)] after transaction
2026-03-16 17:07:58 [http-nio-8080-exec-13] DEBUG o.s.orm.jpa.JpaTransactionManager - Closing JPA EntityManager [SessionImpl(452428230<open>)] after transaction
2026-03-16 17:07:58 [http-nio-8080-exec-12] DEBUG o.s.orm.jpa.JpaTransactionManager - Opened new EntityManager [SessionImpl(1924219061<open>)] for JPA transaction
2026-03-16 17:07:58 [http-nio-8080-exec-13] DEBUG c.c.p.s.jwt.JwtAuthenticationFilter - >>> [JwtFilter] Successfully authenticated user: USRCNFRM_99999999999, Authorities: [ROLE_ADMIN]
2026-03-16 17:07:58 [http-nio-8080-exec-12] DEBUG o.s.orm.jpa.JpaTransactionManager - Exposing JPA transaction as JDBC [org.springframework.orm.jpa.vendor.HibernateJpaDialect$HibernateConnectionHandle@fb2790]
2026-03-16 17:07:58 [http-nio-8080-exec-8] DEBUG c.c.p.s.jwt.JwtAuthenticationFilter - >>> [JwtFilter] Successfully authenticated user: USRCNFRM_99999999999, Authorities: [ROLE_ADMIN]
2026-03-16 17:07:58 [http-nio-8080-exec-13] DEBUG o.s.web.servlet.DispatcherServlet - GET "/api/v1/menu/left?menuNo=40", parameters={masked}
2026-03-16 17:07:58 [http-nio-8080-exec-8] DEBUG o.s.web.servlet.DispatcherServlet - GET "/api/v1/menu/left?menuNo=60", parameters={masked}
2026-03-16 17:07:58 [http-nio-8080-exec-12] DEBUG org.hibernate.SQL - select m1_0.menu_no,m1_0.menu_dc,m1_0.menu_nm,m1_0.menu_ordr,m1_0.modern_route,m1_0.progrm_file_nm,m1_0.relate_image_nm,m1_0.relate_image_path,m1_0.route_updated_at,m1_0.upper_menu_no from nmenuinfo m1_0 order by m1_0.upper_menu_no,m1_0.menu_ordr
2026-03-16 17:07:58 [http-nio-8080-exec-13] TRACE o.s.w.s.m.m.a.RequestMappingHandlerMapping - Mapped to com.company.project.api.controller.menu.MenuController#getLeftMenu(Long)
2026-03-16 17:07:58 [http-nio-8080-exec-8] TRACE o.s.w.s.m.m.a.RequestMappingHandlerMapping - Mapped to com.company.project.api.controller.menu.MenuController#getLeftMenu(Long)
2026-03-16 17:07:58 [http-nio-8080-exec-8] INFO  c.c.p.a.c.menu.MenuController - getLeftMenu called with menuNo=60
2026-03-16 17:07:58 [http-nio-8080-exec-13] INFO  c.c.p.a.c.menu.MenuController - getLeftMenu called with menuNo=40
2026-03-16 17:07:58 [http-nio-8080-exec-13] DEBUG o.s.orm.jpa.JpaTransactionManager - Creating new transaction with name [com.company.project.service.menu.MenuService.getSubMenus]: PROPAGATION_REQUIRED,ISOLATION_DEFAULT,readOnly
2026-03-16 17:07:58 [http-nio-8080-exec-8] DEBUG o.s.orm.jpa.JpaTransactionManager - Creating new transaction with name [com.company.project.service.menu.MenuService.getSubMenus]: PROPAGATION_REQUIRED,ISOLATION_DEFAULT,readOnly
2026-03-16 17:07:58 [http-nio-8080-exec-13] DEBUG o.s.orm.jpa.JpaTransactionManager - Opened new EntityManager [SessionImpl(2123086019<open>)] for JPA transaction
2026-03-16 17:07:58 [http-nio-8080-exec-8] DEBUG o.s.orm.jpa.JpaTransactionManager - Opened new EntityManager [SessionImpl(644203271<open>)] for JPA transaction
2026-03-16 17:07:58 [http-nio-8080-exec-13] DEBUG o.s.orm.jpa.JpaTransactionManager - Exposing JPA transaction as JDBC [org.springframework.orm.jpa.vendor.HibernateJpaDialect$HibernateConnectionHandle@3303edb3]
2026-03-16 17:07:58 [http-nio-8080-exec-8] DEBUG o.s.orm.jpa.JpaTransactionManager - Exposing JPA transaction as JDBC [org.springframework.orm.jpa.vendor.HibernateJpaDialect$HibernateConnectionHandle@7f5b8418]
2026-03-16 17:07:58 [http-nio-8080-exec-8] DEBUG org.hibernate.SQL - select m1_0.menu_no,m1_0.menu_dc,m1_0.menu_nm,m1_0.menu_ordr,m1_0.modern_route,m1_0.progrm_file_nm,m1_0.relate_image_nm,m1_0.relate_image_path,m1_0.route_updated_at,m1_0.upper_menu_no from nmenuinfo m1_0 order by m1_0.upper_menu_no,m1_0.menu_ordr
2026-03-16 17:07:58 [http-nio-8080-exec-13] DEBUG org.hibernate.SQL - select m1_0.menu_no,m1_0.menu_dc,m1_0.menu_nm,m1_0.menu_ordr,m1_0.modern_route,m1_0.progrm_file_nm,m1_0.relate_image_nm,m1_0.relate_image_path,m1_0.route_updated_at,m1_0.upper_menu_no from nmenuinfo m1_0 order by m1_0.upper_menu_no,m1_0.menu_ordr
2026-03-16 17:07:58 [http-nio-8080-exec-17] DEBUG o.s.orm.jpa.JpaTransactionManager - Closing JPA EntityManager [SessionImpl(1573740715<open>)] after transaction
2026-03-16 17:07:58 [http-nio-8080-exec-17] DEBUG c.c.p.s.jwt.JwtAuthenticationFilter - >>> [JwtFilter] Successfully authenticated user: USRCNFRM_99999999999, Authorities: [ROLE_ADMIN]
2026-03-16 17:07:58 [http-nio-8080-exec-17] DEBUG o.s.web.servlet.DispatcherServlet - GET "/api/v1/menu/left?menuNo=10", parameters={masked}
2026-03-16 17:07:58 [http-nio-8080-exec-17] TRACE o.s.w.s.m.m.a.RequestMappingHandlerMapping - Mapped to com.company.project.api.controller.menu.MenuController#getLeftMenu(Long)
2026-03-16 17:07:58 [http-nio-8080-exec-17] INFO  c.c.p.a.c.menu.MenuController - getLeftMenu called with menuNo=10
2026-03-16 17:07:58 [http-nio-8080-exec-17] DEBUG o.s.orm.jpa.JpaTransactionManager - Creating new transaction with name [com.company.project.service.menu.MenuService.getSubMenus]: PROPAGATION_REQUIRED,ISOLATION_DEFAULT,readOnly
2026-03-16 17:07:58 [http-nio-8080-exec-17] DEBUG o.s.orm.jpa.JpaTransactionManager - Opened new EntityManager [SessionImpl(1335029672<open>)] for JPA transaction
2026-03-16 17:07:58 [http-nio-8080-exec-17] DEBUG o.s.orm.jpa.JpaTransactionManager - Exposing JPA transaction as JDBC [org.springframework.orm.jpa.vendor.HibernateJpaDialect$HibernateConnectionHandle@3c2a0354]
2026-03-16 17:07:58 [http-nio-8080-exec-17] DEBUG org.hibernate.SQL - select m1_0.menu_no,m1_0.menu_dc,m1_0.menu_nm,m1_0.menu_ordr,m1_0.modern_route,m1_0.progrm_file_nm,m1_0.relate_image_nm,m1_0.relate_image_path,m1_0.route_updated_at,m1_0.upper_menu_no from nmenuinfo m1_0 order by m1_0.upper_menu_no,m1_0.menu_ordr
2026-03-16 17:07:58 [http-nio-8080-exec-9] DEBUG o.s.orm.jpa.JpaTransactionManager - Closing JPA EntityManager [SessionImpl(1435486849<open>)] after transaction
2026-03-16 17:07:58 [http-nio-8080-exec-9] DEBUG c.c.p.s.jwt.JwtAuthenticationFilter - >>> [JwtFilter] Successfully authenticated user: USRCNFRM_99999999999, Authorities: [ROLE_ADMIN]
2026-03-16 17:07:58 [http-nio-8080-exec-9] DEBUG o.s.web.servlet.DispatcherServlet - GET "/api/v1/menu/left?menuNo=50", parameters={masked}
2026-03-16 17:07:58 [http-nio-8080-exec-9] TRACE o.s.w.s.m.m.a.RequestMappingHandlerMapping - Mapped to com.company.project.api.controller.menu.MenuController#getLeftMenu(Long)
2026-03-16 17:07:58 [http-nio-8080-exec-9] INFO  c.c.p.a.c.menu.MenuController - getLeftMenu called with menuNo=50
2026-03-16 17:07:58 [http-nio-8080-exec-9] DEBUG o.s.orm.jpa.JpaTransactionManager - Creating new transaction with name [com.company.project.service.menu.MenuService.getSubMenus]: PROPAGATION_REQUIRED,ISOLATION_DEFAULT,readOnly
2026-03-16 17:07:58 [http-nio-8080-exec-9] DEBUG o.s.orm.jpa.JpaTransactionManager - Opened new EntityManager [SessionImpl(1663165667<open>)] for JPA transaction
2026-03-16 17:07:58 [http-nio-8080-exec-9] DEBUG o.s.orm.jpa.JpaTransactionManager - Exposing JPA transaction as JDBC [org.springframework.orm.jpa.vendor.HibernateJpaDialect$HibernateConnectionHandle@7c407c8b]
2026-03-16 17:07:58 [http-nio-8080-exec-9] DEBUG org.hibernate.SQL - select m1_0.menu_no,m1_0.menu_dc,m1_0.menu_nm,m1_0.menu_ordr,m1_0.modern_route,m1_0.progrm_file_nm,m1_0.relate_image_nm,m1_0.relate_image_path,m1_0.route_updated_at,m1_0.upper_menu_no from nmenuinfo m1_0 order by m1_0.upper_menu_no,m1_0.menu_ordr
2026-03-16 17:07:58 [http-nio-8080-exec-12] DEBUG o.s.orm.jpa.JpaTransactionManager - Found thread-bound EntityManager [SessionImpl(1924219061<open>)] for JPA transaction
2026-03-16 17:07:58 [http-nio-8080-exec-12] DEBUG o.s.orm.jpa.JpaTransactionManager - Participating in existing transaction
2026-03-16 17:07:58 [http-nio-8080-exec-12] DEBUG org.hibernate.SQL - select p1_0.progrm_file_nm,p1_0.progrm_dc,p1_0.progrm_korean_nm,p1_0.progrm_stre_path,p1_0.url from nprogrmlist p1_0
2026-03-16 17:07:58 [http-nio-8080-exec-8] DEBUG o.s.orm.jpa.JpaTransactionManager - Found thread-bound EntityManager [SessionImpl(644203271<open>)] for JPA transaction
2026-03-16 17:07:58 [http-nio-8080-exec-13] DEBUG o.s.orm.jpa.JpaTransactionManager - Found thread-bound EntityManager [SessionImpl(2123086019<open>)] for JPA transaction
2026-03-16 17:07:58 [http-nio-8080-exec-8] DEBUG o.s.orm.jpa.JpaTransactionManager - Participating in existing transaction
2026-03-16 17:07:58 [http-nio-8080-exec-13] DEBUG o.s.orm.jpa.JpaTransactionManager - Participating in existing transaction
2026-03-16 17:07:58 [http-nio-8080-exec-8] DEBUG org.hibernate.SQL - select p1_0.progrm_file_nm,p1_0.progrm_dc,p1_0.progrm_korean_nm,p1_0.progrm_stre_path,p1_0.url from nprogrmlist p1_0
2026-03-16 17:07:58 [http-nio-8080-exec-13] DEBUG org.hibernate.SQL - select p1_0.progrm_file_nm,p1_0.progrm_dc,p1_0.progrm_korean_nm,p1_0.progrm_stre_path,p1_0.url from nprogrmlist p1_0
2026-03-16 17:07:58 [http-nio-8080-exec-17] DEBUG o.s.orm.jpa.JpaTransactionManager - Found thread-bound EntityManager [SessionImpl(1335029672<open>)] for JPA transaction
2026-03-16 17:07:59 [http-nio-8080-exec-17] DEBUG o.s.orm.jpa.JpaTransactionManager - Participating in existing transaction
2026-03-16 17:07:59 [http-nio-8080-exec-17] DEBUG org.hibernate.SQL - select p1_0.progrm_file_nm,p1_0.progrm_dc,p1_0.progrm_korean_nm,p1_0.progrm_stre_path,p1_0.url from nprogrmlist p1_0
2026-03-16 17:07:59 [http-nio-8080-exec-9] DEBUG o.s.orm.jpa.JpaTransactionManager - Found thread-bound EntityManager [SessionImpl(1663165667<open>)] for JPA transaction
2026-03-16 17:07:59 [http-nio-8080-exec-9] DEBUG o.s.orm.jpa.JpaTransactionManager - Participating in existing transaction
2026-03-16 17:07:59 [http-nio-8080-exec-9] DEBUG org.hibernate.SQL - select p1_0.progrm_file_nm,p1_0.progrm_dc,p1_0.progrm_korean_nm,p1_0.progrm_stre_path,p1_0.url from nprogrmlist p1_0
2026-03-16 17:07:59 [http-nio-8080-exec-12] DEBUG o.s.orm.jpa.JpaTransactionManager - Initiating transaction commit
2026-03-16 17:07:59 [http-nio-8080-exec-12] DEBUG o.s.orm.jpa.JpaTransactionManager - Committing JPA transaction on EntityManager [SessionImpl(1924219061<open>)]
2026-03-16 17:07:59 [http-nio-8080-exec-13] DEBUG o.s.orm.jpa.JpaTransactionManager - Initiating transaction commit
2026-03-16 17:07:59 [http-nio-8080-exec-8] DEBUG o.s.orm.jpa.JpaTransactionManager - Initiating transaction commit
2026-03-16 17:07:59 [http-nio-8080-exec-13] DEBUG o.s.orm.jpa.JpaTransactionManager - Committing JPA transaction on EntityManager [SessionImpl(2123086019<open>)]
2026-03-16 17:07:59 [http-nio-8080-exec-8] DEBUG o.s.orm.jpa.JpaTransactionManager - Committing JPA transaction on EntityManager [SessionImpl(644203271<open>)]
2026-03-16 17:07:59 [http-nio-8080-exec-17] DEBUG o.s.orm.jpa.JpaTransactionManager - Initiating transaction commit
2026-03-16 17:07:59 [http-nio-8080-exec-17] DEBUG o.s.orm.jpa.JpaTransactionManager - Committing JPA transaction on EntityManager [SessionImpl(1335029672<open>)]
2026-03-16 17:07:59 [http-nio-8080-exec-9] DEBUG o.s.orm.jpa.JpaTransactionManager - Initiating transaction commit
2026-03-16 17:07:59 [http-nio-8080-exec-9] DEBUG o.s.orm.jpa.JpaTransactionManager - Committing JPA transaction on EntityManager [SessionImpl(1663165667<open>)]
2026-03-16 17:07:59 [http-nio-8080-exec-12] DEBUG o.s.orm.jpa.JpaTransactionManager - Closing JPA EntityManager [SessionImpl(1924219061<open>)] after transaction
2026-03-16 17:07:59 [http-nio-8080-exec-12] INFO  c.c.p.a.c.menu.MenuController - getLeftMenu returned 3 items
2026-03-16 17:07:59 [http-nio-8080-exec-12] DEBUG o.s.w.s.m.m.a.HttpEntityMethodProcessor - Using 'application/json', given [application/json, text/plain, */*] and supported [application/json, application/*+json, application/yaml]
2026-03-16 17:07:59 [http-nio-8080-exec-12] TRACE o.s.w.s.m.m.a.HttpEntityMethodProcessor - Writing [ApiResponse[success=true, status=200, code=COMMON_001, message=Success, data={list=[com.company.project.service.menu.dto.MenuDto@5992b32, com.company.project.service.menu.dto.MenuDto@777fa787, com.company.project.service.menu.dto.MenuDto@a39983b]}, timestamp=2026-03-16T17:07:59.275522]]
2026-03-16 17:07:59 [http-nio-8080-exec-12] INFO  c.c.p.a.i.OperationalAuditInterceptor - API Audit Log: URL=/api/v1/menu/left, User=webmaster, IP=0:0:0:0:0:0:0:1
2026-03-16 17:07:59 [http-nio-8080-exec-12] DEBUG o.s.web.servlet.DispatcherServlet - Completed 200 OK
2026-03-16 17:07:59 [http-nio-8080-exec-13] DEBUG o.s.orm.jpa.JpaTransactionManager - Closing JPA EntityManager [SessionImpl(2123086019<open>)] after transaction
2026-03-16 17:07:59 [http-nio-8080-exec-8] DEBUG o.s.orm.jpa.JpaTransactionManager - Closing JPA EntityManager [SessionImpl(644203271<open>)] after transaction
2026-03-16 17:07:59 [http-nio-8080-exec-13] INFO  c.c.p.a.c.menu.MenuController - getLeftMenu returned 2 items
2026-03-16 17:07:59 [http-nio-8080-exec-8] INFO  c.c.p.a.c.menu.MenuController - getLeftMenu returned 1 items
2026-03-16 17:07:59 [http-nio-8080-exec-8] DEBUG o.s.w.s.m.m.a.HttpEntityMethodProcessor - Using 'application/json', given [application/json, text/plain, */*] and supported [application/json, application/*+json, application/yaml]
2026-03-16 17:07:59 [http-nio-8080-exec-13] DEBUG o.s.w.s.m.m.a.HttpEntityMethodProcessor - Using 'application/json', given [application/json, text/plain, */*] and supported [application/json, application/*+json, application/yaml]
2026-03-16 17:07:59 [http-nio-8080-exec-8] TRACE o.s.w.s.m.m.a.HttpEntityMethodProcessor - Writing [ApiResponse[success=true, status=200, code=COMMON_001, message=Success, data={list=[com.company.project.service.menu.dto.MenuDto@2650f21a]}, timestamp=2026-03-16T17:07:59.292870500]]
2026-03-16 17:07:59 [http-nio-8080-exec-13] TRACE o.s.w.s.m.m.a.HttpEntityMethodProcessor - Writing [ApiResponse[success=true, status=200, code=COMMON_001, message=Success, data={list=[com.company.project.service.menu.dto.MenuDto@4932cf08, com.company.project.service.menu.dto.MenuDto@7d8f8025]}, timestamp=2026-03-16T17:07:59.292870500]]
2026-03-16 17:07:59 [http-nio-8080-exec-13] INFO  c.c.p.a.i.OperationalAuditInterceptor - API Audit Log: URL=/api/v1/menu/left, User=webmaster, IP=0:0:0:0:0:0:0:1
2026-03-16 17:07:59 [http-nio-8080-exec-8] INFO  c.c.p.a.i.OperationalAuditInterceptor - API Audit Log: URL=/api/v1/menu/left, User=webmaster, IP=0:0:0:0:0:0:0:1
2026-03-16 17:07:59 [http-nio-8080-exec-13] DEBUG o.s.web.servlet.DispatcherServlet - Completed 200 OK
2026-03-16 17:07:59 [http-nio-8080-exec-8] DEBUG o.s.web.servlet.DispatcherServlet - Completed 200 OK
2026-03-16 17:07:59 [http-nio-8080-exec-17] DEBUG o.s.orm.jpa.JpaTransactionManager - Closing JPA EntityManager [SessionImpl(1335029672<open>)] after transaction
2026-03-16 17:07:59 [http-nio-8080-exec-17] INFO  c.c.p.a.c.menu.MenuController - getLeftMenu returned 5 items
2026-03-16 17:07:59 [http-nio-8080-exec-17] DEBUG o.s.w.s.m.m.a.HttpEntityMethodProcessor - Using 'application/json', given [application/json, text/plain, */*] and supported [application/json, application/*+json, application/yaml]
2026-03-16 17:07:59 [http-nio-8080-exec-17] TRACE o.s.w.s.m.m.a.HttpEntityMethodProcessor - Writing [ApiResponse[success=true, status=200, code=COMMON_001, message=Success, data={list=[com.company.project.service.menu.dto.MenuDto@4e60d9da, com.company.project.service.menu.dto.MenuDto@5225a51e, com.company.project.service.menu.dto.MenuDto@728ec8c4, com.company.project.service.menu.dto.MenuDto@7aef8f65, com.company.project.service.menu.dto.MenuDto@320937eb]}, timestamp=2026-03-16T17:07:59.316070800]]
2026-03-16 17:07:59 [http-nio-8080-exec-17] INFO  c.c.p.a.i.OperationalAuditInterceptor - API Audit Log: URL=/api/v1/menu/left, User=webmaster, IP=0:0:0:0:0:0:0:1
2026-03-16 17:07:59 [http-nio-8080-exec-17] DEBUG o.s.web.servlet.DispatcherServlet - Completed 200 OK
2026-03-16 17:07:59 [http-nio-8080-exec-9] DEBUG o.s.orm.jpa.JpaTransactionManager - Closing JPA EntityManager [SessionImpl(1663165667<open>)] after transaction
2026-03-16 17:07:59 [http-nio-8080-exec-9] INFO  c.c.p.a.c.menu.MenuController - getLeftMenu returned 3 items
2026-03-16 17:07:59 [http-nio-8080-exec-9] DEBUG o.s.w.s.m.m.a.HttpEntityMethodProcessor - Using 'application/json', given [application/json, text/plain, */*] and supported [application/json, application/*+json, application/yaml]
2026-03-16 17:07:59 [http-nio-8080-exec-9] TRACE o.s.w.s.m.m.a.HttpEntityMethodProcessor - Writing [ApiResponse[success=true, status=200, code=COMMON_001, message=Success, data={list=[com.company.project.service.menu.dto.MenuDto@48aa0954, com.company.project.service.menu.dto.MenuDto@3a851c35, com.company.project.service.menu.dto.MenuDto@676dec5c]}, timestamp=2026-03-16T17:07:59.338326300]]
2026-03-16 17:07:59 [http-nio-8080-exec-9] INFO  c.c.p.a.i.OperationalAuditInterceptor - API Audit Log: URL=/api/v1/menu/left, User=webmaster, IP=0:0:0:0:0:0:0:1
2026-03-16 17:07:59 [http-nio-8080-exec-9] DEBUG o.s.web.servlet.DispatcherServlet - Completed 200 OK
2026-03-16 17:07:59 [http-nio-8080-exec-10] DEBUG o.s.w.s.h.LoggingWebSocketHandlerDecorator - WebSocketServerSockJsSession[id=zasq1mxq] closed with CloseStatus[code=1001, reason=null]
2026-03-16 17:07:59 [http-nio-8080-exec-10] DEBUG o.s.w.s.m.SubProtocolWebSocketHandler - Clearing session zasq1mxq
2026-03-16 17:07:59 [scheduling-1] DEBUG org.springframework.web.SimpLogging - Processing DISCONNECT session=zasq1mxq
2026-03-16 17:07:59 [scheduling-1] DEBUG o.s.w.s.m.SubProtocolWebSocketHandler - No session for GenericMessage [payload=byte[0], headers={simpMessageType=DISCONNECT_ACK, simpDisconnectMessage=GenericMessage [payload=byte[0], headers={simpMessageType=DISCONNECT, stompCommand=DISCONNECT, simpSessionAttributes={org.springframework.messaging.simp.SimpAttributes.COMPLETED=true}, simpSessionId=zasq1mxq}], simpSessionId=zasq1mxq}]
2026-03-16 17:08:00 [http-nio-8080-exec-3] DEBUG c.c.p.s.jwt.JwtAuthenticationFilter - >>> [JwtFilter] Processing request: GET /api/v1/menu/left
2026-03-16 17:08:00 [http-nio-8080-exec-19] DEBUG c.c.p.s.jwt.JwtAuthenticationFilter - >>> [JwtFilter] Processing request: GET /api/v1/auth/me
2026-03-16 17:08:00 [http-nio-8080-exec-15] DEBUG c.c.p.s.jwt.JwtAuthenticationFilter - >>> [JwtFilter] Processing request: GET /api/v1/menu/head
2026-03-16 17:08:00 [http-nio-8080-exec-3] DEBUG c.c.p.s.jwt.JwtAuthenticationFilter - >>> [JwtFilter] Found token in header for path: /api/v1/menu/left
2026-03-16 17:08:00 [http-nio-8080-exec-19] DEBUG c.c.p.s.jwt.JwtAuthenticationFilter - >>> [JwtFilter] Found token in header for path: /api/v1/auth/me
2026-03-16 17:08:00 [http-nio-8080-exec-15] DEBUG c.c.p.s.jwt.JwtAuthenticationFilter - >>> [JwtFilter] Found token in header for path: /api/v1/menu/head
2026-03-16 17:08:00 [http-nio-8080-exec-3] DEBUG o.s.orm.jpa.JpaTransactionManager - Creating new transaction with name [com.company.project.security.iam.CustomUserDetailsService.loadUserByUsername]: PROPAGATION_REQUIRED,ISOLATION_DEFAULT,readOnly
2026-03-16 17:08:00 [http-nio-8080-exec-19] DEBUG o.s.orm.jpa.JpaTransactionManager - Creating new transaction with name [com.company.project.security.iam.CustomUserDetailsService.loadUserByUsername]: PROPAGATION_REQUIRED,ISOLATION_DEFAULT,readOnly
2026-03-16 17:08:00 [http-nio-8080-exec-3] DEBUG o.s.orm.jpa.JpaTransactionManager - Opened new EntityManager [SessionImpl(621050453<open>)] for JPA transaction
2026-03-16 17:08:00 [http-nio-8080-exec-19] DEBUG o.s.orm.jpa.JpaTransactionManager - Opened new EntityManager [SessionImpl(1757510474<open>)] for JPA transaction
2026-03-16 17:08:00 [http-nio-8080-exec-15] DEBUG o.s.orm.jpa.JpaTransactionManager - Creating new transaction with name [com.company.project.security.iam.CustomUserDetailsService.loadUserByUsername]: PROPAGATION_REQUIRED,ISOLATION_DEFAULT,readOnly
2026-03-16 17:08:00 [http-nio-8080-exec-15] DEBUG o.s.orm.jpa.JpaTransactionManager - Opened new EntityManager [SessionImpl(133012000<open>)] for JPA transaction
2026-03-16 17:08:01 [http-nio-8080-exec-19] DEBUG o.s.orm.jpa.JpaTransactionManager - Exposing JPA transaction as JDBC [org.springframework.orm.jpa.vendor.HibernateJpaDialect$HibernateConnectionHandle@46551ef6]
2026-03-16 17:08:01 [http-nio-8080-exec-19] DEBUG o.s.orm.jpa.JpaTransactionManager - Found thread-bound EntityManager [SessionImpl(1757510474<open>)] for JPA transaction
2026-03-16 17:08:01 [http-nio-8080-exec-15] DEBUG o.s.orm.jpa.JpaTransactionManager - Exposing JPA transaction as JDBC [org.springframework.orm.jpa.vendor.HibernateJpaDialect$HibernateConnectionHandle@7228c207]
2026-03-16 17:08:01 [http-nio-8080-exec-19] DEBUG o.s.orm.jpa.JpaTransactionManager - Participating in existing transaction
2026-03-16 17:08:01 [http-nio-8080-exec-15] DEBUG o.s.orm.jpa.JpaTransactionManager - Found thread-bound EntityManager [SessionImpl(133012000<open>)] for JPA transaction
2026-03-16 17:08:01 [http-nio-8080-exec-15] DEBUG o.s.orm.jpa.JpaTransactionManager - Participating in existing transaction
2026-03-16 17:08:01 [http-nio-8080-exec-19] DEBUG org.hibernate.SQL - select u1_0.emplyr_id,u1_0.area_no,u1_0.brthdy,u1_0.chg_pwd_cnt,u1_0.frst_register_id,u1_0.frst_regist_pnttm,u1_0.detail_adres,u1_0.email_adres,u1_0.emplyr_sttus_code,u1_0.empl_no,u1_0.esntl_id,u1_0.fxnum,u1_0.group_id,u1_0.house_adres,u1_0.house_end_telno,u1_0.house_middle_telno,u1_0.ihidnum,u1_0.pstinst_code,u1_0.last_updusr_id,u1_0.last_updt_pnttm,u1_0.lock_at,u1_0.lock_cnt,u1_0.lock_last_pnttm,u1_0.mbtlnum,u1_0.ofcps_nm,u1_0.offm_telno,u1_0.orgnzt_id,u1_0.password,u1_0.password_cnsr,u1_0.password_hint,u1_0.chg_pwd_last_pnttm,u1_0.role,u1_0.sbscrb_de,u1_0.sexdstn_code,u1_0.crtfc_dn_value,u1_0.user_nm,u1_0.zip from nemplyrinfo u1_0 where u1_0.emplyr_id=?
2026-03-16 17:08:01 [http-nio-8080-exec-15] DEBUG org.hibernate.SQL - select u1_0.emplyr_id,u1_0.area_no,u1_0.brthdy,u1_0.chg_pwd_cnt,u1_0.frst_register_id,u1_0.frst_regist_pnttm,u1_0.detail_adres,u1_0.email_adres,u1_0.emplyr_sttus_code,u1_0.empl_no,u1_0.esntl_id,u1_0.fxnum,u1_0.group_id,u1_0.house_adres,u1_0.house_end_telno,u1_0.house_middle_telno,u1_0.ihidnum,u1_0.pstinst_code,u1_0.last_updusr_id,u1_0.last_updt_pnttm,u1_0.lock_at,u1_0.lock_cnt,u1_0.lock_last_pnttm,u1_0.mbtlnum,u1_0.ofcps_nm,u1_0.offm_telno,u1_0.orgnzt_id,u1_0.password,u1_0.password_cnsr,u1_0.password_hint,u1_0.chg_pwd_last_pnttm,u1_0.role,u1_0.sbscrb_de,u1_0.sexdstn_code,u1_0.crtfc_dn_value,u1_0.user_nm,u1_0.zip from nemplyrinfo u1_0 where u1_0.emplyr_id=?
2026-03-16 17:08:01 [http-nio-8080-exec-3] DEBUG o.s.orm.jpa.JpaTransactionManager - Exposing JPA transaction as JDBC [org.springframework.orm.jpa.vendor.HibernateJpaDialect$HibernateConnectionHandle@6b8ff693]
2026-03-16 17:08:01 [http-nio-8080-exec-3] DEBUG o.s.orm.jpa.JpaTransactionManager - Found thread-bound EntityManager [SessionImpl(621050453<open>)] for JPA transaction
2026-03-16 17:08:01 [http-nio-8080-exec-3] DEBUG o.s.orm.jpa.JpaTransactionManager - Participating in existing transaction
2026-03-16 17:08:01 [http-nio-8080-exec-3] DEBUG org.hibernate.SQL - select u1_0.emplyr_id,u1_0.area_no,u1_0.brthdy,u1_0.chg_pwd_cnt,u1_0.frst_register_id,u1_0.frst_regist_pnttm,u1_0.detail_adres,u1_0.email_adres,u1_0.emplyr_sttus_code,u1_0.empl_no,u1_0.esntl_id,u1_0.fxnum,u1_0.group_id,u1_0.house_adres,u1_0.house_end_telno,u1_0.house_middle_telno,u1_0.ihidnum,u1_0.pstinst_code,u1_0.last_updusr_id,u1_0.last_updt_pnttm,u1_0.lock_at,u1_0.lock_cnt,u1_0.lock_last_pnttm,u1_0.mbtlnum,u1_0.ofcps_nm,u1_0.offm_telno,u1_0.orgnzt_id,u1_0.password,u1_0.password_cnsr,u1_0.password_hint,u1_0.chg_pwd_last_pnttm,u1_0.role,u1_0.sbscrb_de,u1_0.sexdstn_code,u1_0.crtfc_dn_value,u1_0.user_nm,u1_0.zip from nemplyrinfo u1_0 where u1_0.emplyr_id=?
2026-03-16 17:08:01 [http-nio-8080-exec-19] DEBUG o.s.orm.jpa.JpaTransactionManager - Found thread-bound EntityManager [SessionImpl(1757510474<open>)] for JPA transaction
2026-03-16 17:08:01 [http-nio-8080-exec-15] DEBUG o.s.orm.jpa.JpaTransactionManager - Found thread-bound EntityManager [SessionImpl(133012000<open>)] for JPA transaction
2026-03-16 17:08:01 [http-nio-8080-exec-19] DEBUG o.s.orm.jpa.JpaTransactionManager - Participating in existing transaction
2026-03-16 17:08:01 [http-nio-8080-exec-15] DEBUG o.s.orm.jpa.JpaTransactionManager - Participating in existing transaction
2026-03-16 17:08:01 [http-nio-8080-exec-15] DEBUG org.hibernate.SQL - select ua1_0.scrty_dtrmn_trget_id,ua1_0.author_code,ua1_0.frst_register_id,ua1_0.frst_regist_pnttm,ua1_0.last_updusr_id,ua1_0.last_updt_pnttm,ua1_0.mber_ty_code from nemplyrscrtyestbs ua1_0 where ua1_0.scrty_dtrmn_trget_id=?
2026-03-16 17:08:01 [http-nio-8080-exec-19] DEBUG org.hibernate.SQL - select ua1_0.scrty_dtrmn_trget_id,ua1_0.author_code,ua1_0.frst_register_id,ua1_0.frst_regist_pnttm,ua1_0.last_updusr_id,ua1_0.last_updt_pnttm,ua1_0.mber_ty_code from nemplyrscrtyestbs ua1_0 where ua1_0.scrty_dtrmn_trget_id=?
2026-03-16 17:08:01 [http-nio-8080-exec-3] DEBUG o.s.orm.jpa.JpaTransactionManager - Found thread-bound EntityManager [SessionImpl(621050453<open>)] for JPA transaction
2026-03-16 17:08:01 [http-nio-8080-exec-3] DEBUG o.s.orm.jpa.JpaTransactionManager - Participating in existing transaction
2026-03-16 17:08:01 [http-nio-8080-exec-3] DEBUG org.hibernate.SQL - select ua1_0.scrty_dtrmn_trget_id,ua1_0.author_code,ua1_0.frst_register_id,ua1_0.frst_regist_pnttm,ua1_0.last_updusr_id,ua1_0.last_updt_pnttm,ua1_0.mber_ty_code from nemplyrscrtyestbs ua1_0 where ua1_0.scrty_dtrmn_trget_id=?
2026-03-16 17:08:01 [http-nio-8080-exec-19] DEBUG o.s.orm.jpa.JpaTransactionManager - Initiating transaction commit
2026-03-16 17:08:01 [http-nio-8080-exec-15] DEBUG o.s.orm.jpa.JpaTransactionManager - Initiating transaction commit
2026-03-16 17:08:01 [http-nio-8080-exec-19] DEBUG o.s.orm.jpa.JpaTransactionManager - Committing JPA transaction on EntityManager [SessionImpl(1757510474<open>)]
2026-03-16 17:08:01 [http-nio-8080-exec-15] DEBUG o.s.orm.jpa.JpaTransactionManager - Committing JPA transaction on EntityManager [SessionImpl(133012000<open>)]
2026-03-16 17:08:01 [http-nio-8080-exec-3] DEBUG o.s.orm.jpa.JpaTransactionManager - Initiating transaction commit
2026-03-16 17:08:01 [http-nio-8080-exec-3] DEBUG o.s.orm.jpa.JpaTransactionManager - Committing JPA transaction on EntityManager [SessionImpl(621050453<open>)]
2026-03-16 17:08:01 [http-nio-8080-exec-19] DEBUG o.s.orm.jpa.JpaTransactionManager - Closing JPA EntityManager [SessionImpl(1757510474<open>)] after transaction
2026-03-16 17:08:01 [http-nio-8080-exec-15] DEBUG o.s.orm.jpa.JpaTransactionManager - Closing JPA EntityManager [SessionImpl(133012000<open>)] after transaction
2026-03-16 17:08:01 [http-nio-8080-exec-15] DEBUG c.c.p.s.jwt.JwtAuthenticationFilter - >>> [JwtFilter] Successfully authenticated user: USRCNFRM_99999999999, Authorities: [ROLE_ADMIN]
2026-03-16 17:08:01 [http-nio-8080-exec-19] DEBUG c.c.p.s.jwt.JwtAuthenticationFilter - >>> [JwtFilter] Successfully authenticated user: USRCNFRM_99999999999, Authorities: [ROLE_ADMIN]
2026-03-16 17:08:01 [http-nio-8080-exec-19] DEBUG o.s.web.servlet.DispatcherServlet - GET "/api/v1/auth/me", parameters={}
2026-03-16 17:08:01 [http-nio-8080-exec-15] DEBUG o.s.web.servlet.DispatcherServlet - GET "/api/v1/menu/head", parameters={}
2026-03-16 17:08:01 [http-nio-8080-exec-19] TRACE o.s.w.s.m.m.a.RequestMappingHandlerMapping - Mapped to com.company.project.api.auth.AuthController#getCurrentUser()
2026-03-16 17:08:01 [http-nio-8080-exec-15] TRACE o.s.w.s.m.m.a.RequestMappingHandlerMapping - Mapped to com.company.project.api.controller.menu.MenuController#getHeadMenu()
2026-03-16 17:08:01 [http-nio-8080-exec-15] INFO  c.c.p.a.c.menu.MenuController - getHeadMenu called
2026-03-16 17:08:01 [http-nio-8080-exec-19] DEBUG o.s.w.s.m.m.a.RequestResponseBodyMethodProcessor - Using 'application/json', given [application/json, text/plain, */*] and supported [application/json, application/*+json, application/yaml]
2026-03-16 17:08:01 [http-nio-8080-exec-19] TRACE o.s.w.s.m.m.a.RequestResponseBodyMethodProcessor - Writing [ApiResponse[success=true, status=200, code=COMMON_001, message=Success, data={role=ROLE_ADMIN, userSe=EMP, name=관리자, id=webmaster}, timestamp=2026-03-16T17:08:01.600751900]]
2026-03-16 17:08:01 [http-nio-8080-exec-15] INFO  c.c.p.a.c.menu.MenuController - getHeadMenu returned 5 items
2026-03-16 17:08:01 [http-nio-8080-exec-19] INFO  c.c.p.a.i.OperationalAuditInterceptor - API Audit Log: URL=/api/v1/auth/me, User=webmaster, IP=127.0.0.1
2026-03-16 17:08:01 [http-nio-8080-exec-19] DEBUG o.s.web.servlet.DispatcherServlet - Completed 200 OK
2026-03-16 17:08:01 [http-nio-8080-exec-15] DEBUG o.s.w.s.m.m.a.HttpEntityMethodProcessor - Using 'application/json', given [application/json, text/plain, */*] and supported [application/json, application/*+json, application/yaml]
2026-03-16 17:08:01 [http-nio-8080-exec-15] TRACE o.s.w.s.m.m.a.HttpEntityMethodProcessor - Writing [ApiResponse[success=true, status=200, code=COMMON_001, message=Success, data={list=[com.company.project.service.menu.dto.MenuDto@2b80d6b0, com.company.project.service.menu.dto.MenuDto@1418cfa3, com.company.project.service.menu.dto.MenuDto@f230bf1, com.company.project.service.menu.dto.MenuDto@734a7f6a, com.company.project.service.menu.dto.MenuDto@5e5202e5]}, timestamp=2026-03-16T17:08:01.601757]]
2026-03-16 17:08:01 [http-nio-8080-exec-15] INFO  c.c.p.a.i.OperationalAuditInterceptor - API Audit Log: URL=/api/v1/menu/head, User=webmaster, IP=127.0.0.1
2026-03-16 17:08:01 [http-nio-8080-exec-15] DEBUG o.s.web.servlet.DispatcherServlet - Completed 200 OK
2026-03-16 17:08:01 [http-nio-8080-exec-3] DEBUG o.s.orm.jpa.JpaTransactionManager - Closing JPA EntityManager [SessionImpl(621050453<open>)] after transaction
2026-03-16 17:08:01 [http-nio-8080-exec-3] DEBUG c.c.p.s.jwt.JwtAuthenticationFilter - >>> [JwtFilter] Successfully authenticated user: USRCNFRM_99999999999, Authorities: [ROLE_ADMIN]
2026-03-16 17:08:01 [http-nio-8080-exec-3] DEBUG o.s.web.servlet.DispatcherServlet - GET "/api/v1/menu/left?menuNo=10", parameters={masked}
2026-03-16 17:08:01 [http-nio-8080-exec-3] TRACE o.s.w.s.m.m.a.RequestMappingHandlerMapping - Mapped to com.company.project.api.controller.menu.MenuController#getLeftMenu(Long)
2026-03-16 17:08:01 [http-nio-8080-exec-3] INFO  c.c.p.a.c.menu.MenuController - getLeftMenu called with menuNo=10
2026-03-16 17:08:01 [http-nio-8080-exec-3] DEBUG o.s.orm.jpa.JpaTransactionManager - Creating new transaction with name [com.company.project.service.menu.MenuService.getSubMenus]: PROPAGATION_REQUIRED,ISOLATION_DEFAULT,readOnly
2026-03-16 17:08:01 [http-nio-8080-exec-3] DEBUG o.s.orm.jpa.JpaTransactionManager - Opened new EntityManager [SessionImpl(845554301<open>)] for JPA transaction
2026-03-16 17:08:01 [http-nio-8080-exec-3] DEBUG o.s.orm.jpa.JpaTransactionManager - Exposing JPA transaction as JDBC [org.springframework.orm.jpa.vendor.HibernateJpaDialect$HibernateConnectionHandle@4fe12dc4]
2026-03-16 17:08:01 [http-nio-8080-exec-3] DEBUG org.hibernate.SQL - select m1_0.menu_no,m1_0.menu_dc,m1_0.menu_nm,m1_0.menu_ordr,m1_0.modern_route,m1_0.progrm_file_nm,m1_0.relate_image_nm,m1_0.relate_image_path,m1_0.route_updated_at,m1_0.upper_menu_no from nmenuinfo m1_0 order by m1_0.upper_menu_no,m1_0.menu_ordr
2026-03-16 17:08:01 [http-nio-8080-exec-2] DEBUG c.c.p.s.jwt.JwtAuthenticationFilter - >>> [JwtFilter] Processing request: GET /api/v1/notifications
2026-03-16 17:08:01 [http-nio-8080-exec-2] DEBUG c.c.p.s.jwt.JwtAuthenticationFilter - >>> [JwtFilter] Found token in header for path: /api/v1/notifications
2026-03-16 17:08:01 [http-nio-8080-exec-12] DEBUG o.s.web.servlet.DispatcherServlet - GET "/ws/info?t=1773648481711", parameters={masked}
2026-03-16 17:08:01 [http-nio-8080-exec-2] DEBUG o.s.orm.jpa.JpaTransactionManager - Creating new transaction with name [com.company.project.security.iam.CustomUserDetailsService.loadUserByUsername]: PROPAGATION_REQUIRED,ISOLATION_DEFAULT,readOnly
2026-03-16 17:08:01 [http-nio-8080-exec-2] DEBUG o.s.orm.jpa.JpaTransactionManager - Opened new EntityManager [SessionImpl(1168804393<open>)] for JPA transaction
2026-03-16 17:08:01 [http-nio-8080-exec-12] DEBUG o.s.w.s.s.s.WebSocketHandlerMapping - Mapped to org.springframework.web.socket.sockjs.support.SockJsHttpRequestHandler@3d80b7ba
2026-03-16 17:08:01 [http-nio-8080-exec-12] DEBUG o.s.w.s.s.t.h.DefaultSockJsService - Processing transport request: GET http://localhost:8080/ws/info?t=1773648481711
2026-03-16 17:08:01 [http-nio-8080-exec-8] DEBUG c.c.p.s.jwt.JwtAuthenticationFilter - >>> [JwtFilter] Processing request: GET /api/v1/notifications/unread-count
2026-03-16 17:08:01 [http-nio-8080-exec-12] DEBUG o.s.web.servlet.DispatcherServlet - Completed 200 OK
2026-03-16 17:08:01 [http-nio-8080-exec-8] DEBUG c.c.p.s.jwt.JwtAuthenticationFilter - >>> [JwtFilter] Found token in header for path: /api/v1/notifications/unread-count
2026-03-16 17:08:01 [http-nio-8080-exec-8] DEBUG o.s.orm.jpa.JpaTransactionManager - Creating new transaction with name [com.company.project.security.iam.CustomUserDetailsService.loadUserByUsername]: PROPAGATION_REQUIRED,ISOLATION_DEFAULT,readOnly
2026-03-16 17:08:01 [http-nio-8080-exec-8] DEBUG o.s.orm.jpa.JpaTransactionManager - Opened new EntityManager [SessionImpl(205078450<open>)] for JPA transaction
2026-03-16 17:08:01 [http-nio-8080-exec-13] DEBUG o.s.web.servlet.DispatcherServlet - GET "/ws/460/0p1tw4v2/websocket", parameters={}
2026-03-16 17:08:01 [http-nio-8080-exec-13] DEBUG o.s.w.s.s.s.WebSocketHandlerMapping - Mapped to org.springframework.web.socket.sockjs.support.SockJsHttpRequestHandler@3d80b7ba
2026-03-16 17:08:01 [http-nio-8080-exec-13] DEBUG o.s.w.s.s.t.h.DefaultSockJsService - Processing transport request: GET http://localhost:8080/ws/460/0p1tw4v2/websocket
2026-03-16 17:08:01 [http-nio-8080-exec-13] DEBUG o.s.web.servlet.DispatcherServlet - Completed 101 SWITCHING_PROTOCOLS
2026-03-16 17:08:01 [http-nio-8080-exec-13] DEBUG o.s.w.s.h.LoggingWebSocketHandlerDecorator - New WebSocketServerSockJsSession[id=0p1tw4v2]
2026-03-16 17:08:01 [scheduling-1] DEBUG org.springframework.web.SimpLogging - Processing CONNECT session=0p1tw4v2
2026-03-16 17:08:01 [scheduling-1] DEBUG org.springframework.web.SimpLogging - Processing SUBSCRIBE /topic/notices id=sub-0 session=0p1tw4v2
2026-03-16 17:08:01 [scheduling-1] DEBUG org.springframework.web.SimpLogging - Processing SUBSCRIBE destination=/queue/notifications-user0p1tw4v2 subscriptionId=sub-1 session=0p1tw4v2 payload=byte[0]
2026-03-16 17:08:01 [scheduling-1] DEBUG org.springframework.web.SimpLogging - Processing SUBSCRIBE /topic/public id=sub-2 session=0p1tw4v2
2026-03-16 17:08:01 [http-nio-8080-exec-2] DEBUG o.s.orm.jpa.JpaTransactionManager - Exposing JPA transaction as JDBC [org.springframework.orm.jpa.vendor.HibernateJpaDialect$HibernateConnectionHandle@1ccd76]
2026-03-16 17:08:01 [http-nio-8080-exec-2] DEBUG o.s.orm.jpa.JpaTransactionManager - Found thread-bound EntityManager [SessionImpl(1168804393<open>)] for JPA transaction
2026-03-16 17:08:01 [http-nio-8080-exec-2] DEBUG o.s.orm.jpa.JpaTransactionManager - Participating in existing transaction
2026-03-16 17:08:01 [http-nio-8080-exec-2] DEBUG org.hibernate.SQL - select u1_0.emplyr_id,u1_0.area_no,u1_0.brthdy,u1_0.chg_pwd_cnt,u1_0.frst_register_id,u1_0.frst_regist_pnttm,u1_0.detail_adres,u1_0.email_adres,u1_0.emplyr_sttus_code,u1_0.empl_no,u1_0.esntl_id,u1_0.fxnum,u1_0.group_id,u1_0.house_adres,u1_0.house_end_telno,u1_0.house_middle_telno,u1_0.ihidnum,u1_0.pstinst_code,u1_0.last_updusr_id,u1_0.last_updt_pnttm,u1_0.lock_at,u1_0.lock_cnt,u1_0.lock_last_pnttm,u1_0.mbtlnum,u1_0.ofcps_nm,u1_0.offm_telno,u1_0.orgnzt_id,u1_0.password,u1_0.password_cnsr,u1_0.password_hint,u1_0.chg_pwd_last_pnttm,u1_0.role,u1_0.sbscrb_de,u1_0.sexdstn_code,u1_0.crtfc_dn_value,u1_0.user_nm,u1_0.zip from nemplyrinfo u1_0 where u1_0.emplyr_id=?
2026-03-16 17:08:01 [http-nio-8080-exec-8] DEBUG o.s.orm.jpa.JpaTransactionManager - Exposing JPA transaction as JDBC [org.springframework.orm.jpa.vendor.HibernateJpaDialect$HibernateConnectionHandle@44b67f1e]
2026-03-16 17:08:01 [http-nio-8080-exec-8] DEBUG o.s.orm.jpa.JpaTransactionManager - Found thread-bound EntityManager [SessionImpl(205078450<open>)] for JPA transaction
2026-03-16 17:08:01 [http-nio-8080-exec-8] DEBUG o.s.orm.jpa.JpaTransactionManager - Participating in existing transaction
2026-03-16 17:08:01 [http-nio-8080-exec-8] DEBUG org.hibernate.SQL - select u1_0.emplyr_id,u1_0.area_no,u1_0.brthdy,u1_0.chg_pwd_cnt,u1_0.frst_register_id,u1_0.frst_regist_pnttm,u1_0.detail_adres,u1_0.email_adres,u1_0.emplyr_sttus_code,u1_0.empl_no,u1_0.esntl_id,u1_0.fxnum,u1_0.group_id,u1_0.house_adres,u1_0.house_end_telno,u1_0.house_middle_telno,u1_0.ihidnum,u1_0.pstinst_code,u1_0.last_updusr_id,u1_0.last_updt_pnttm,u1_0.lock_at,u1_0.lock_cnt,u1_0.lock_last_pnttm,u1_0.mbtlnum,u1_0.ofcps_nm,u1_0.offm_telno,u1_0.orgnzt_id,u1_0.password,u1_0.password_cnsr,u1_0.password_hint,u1_0.chg_pwd_last_pnttm,u1_0.role,u1_0.sbscrb_de,u1_0.sexdstn_code,u1_0.crtfc_dn_value,u1_0.user_nm,u1_0.zip from nemplyrinfo u1_0 where u1_0.emplyr_id=?
2026-03-16 17:08:01 [http-nio-8080-exec-3] DEBUG o.s.orm.jpa.JpaTransactionManager - Found thread-bound EntityManager [SessionImpl(845554301<open>)] for JPA transaction
2026-03-16 17:08:01 [http-nio-8080-exec-3] DEBUG o.s.orm.jpa.JpaTransactionManager - Participating in existing transaction
2026-03-16 17:08:01 [http-nio-8080-exec-3] DEBUG org.hibernate.SQL - select p1_0.progrm_file_nm,p1_0.progrm_dc,p1_0.progrm_korean_nm,p1_0.progrm_stre_path,p1_0.url from nprogrmlist p1_0
2026-03-16 17:08:02 [http-nio-8080-exec-2] DEBUG o.s.orm.jpa.JpaTransactionManager - Found thread-bound EntityManager [SessionImpl(1168804393<open>)] for JPA transaction
2026-03-16 17:08:02 [http-nio-8080-exec-2] DEBUG o.s.orm.jpa.JpaTransactionManager - Participating in existing transaction
2026-03-16 17:08:02 [http-nio-8080-exec-2] DEBUG org.hibernate.SQL - select ua1_0.scrty_dtrmn_trget_id,ua1_0.author_code,ua1_0.frst_register_id,ua1_0.frst_regist_pnttm,ua1_0.last_updusr_id,ua1_0.last_updt_pnttm,ua1_0.mber_ty_code from nemplyrscrtyestbs ua1_0 where ua1_0.scrty_dtrmn_trget_id=?
2026-03-16 17:08:02 [http-nio-8080-exec-8] DEBUG o.s.orm.jpa.JpaTransactionManager - Found thread-bound EntityManager [SessionImpl(205078450<open>)] for JPA transaction
2026-03-16 17:08:02 [http-nio-8080-exec-8] DEBUG o.s.orm.jpa.JpaTransactionManager - Participating in existing transaction
2026-03-16 17:08:02 [http-nio-8080-exec-8] DEBUG org.hibernate.SQL - select ua1_0.scrty_dtrmn_trget_id,ua1_0.author_code,ua1_0.frst_register_id,ua1_0.frst_regist_pnttm,ua1_0.last_updusr_id,ua1_0.last_updt_pnttm,ua1_0.mber_ty_code from nemplyrscrtyestbs ua1_0 where ua1_0.scrty_dtrmn_trget_id=?
2026-03-16 17:08:02 [http-nio-8080-exec-3] DEBUG o.s.orm.jpa.JpaTransactionManager - Initiating transaction commit
2026-03-16 17:08:02 [http-nio-8080-exec-3] DEBUG o.s.orm.jpa.JpaTransactionManager - Committing JPA transaction on EntityManager [SessionImpl(845554301<open>)]
2026-03-16 17:08:02 [http-nio-8080-exec-2] DEBUG o.s.orm.jpa.JpaTransactionManager - Initiating transaction commit
2026-03-16 17:08:02 [http-nio-8080-exec-2] DEBUG o.s.orm.jpa.JpaTransactionManager - Committing JPA transaction on EntityManager [SessionImpl(1168804393<open>)]
2026-03-16 17:08:02 [http-nio-8080-exec-8] DEBUG o.s.orm.jpa.JpaTransactionManager - Initiating transaction commit
2026-03-16 17:08:02 [http-nio-8080-exec-8] DEBUG o.s.orm.jpa.JpaTransactionManager - Committing JPA transaction on EntityManager [SessionImpl(205078450<open>)]
2026-03-16 17:08:02 [http-nio-8080-exec-3] DEBUG o.s.orm.jpa.JpaTransactionManager - Closing JPA EntityManager [SessionImpl(845554301<open>)] after transaction
2026-03-16 17:08:02 [http-nio-8080-exec-3] INFO  c.c.p.a.c.menu.MenuController - getLeftMenu returned 5 items
2026-03-16 17:08:02 [http-nio-8080-exec-3] DEBUG o.s.w.s.m.m.a.HttpEntityMethodProcessor - Using 'application/json', given [application/json, text/plain, */*] and supported [application/json, application/*+json, application/yaml]
2026-03-16 17:08:02 [http-nio-8080-exec-3] TRACE o.s.w.s.m.m.a.HttpEntityMethodProcessor - Writing [ApiResponse[success=true, status=200, code=COMMON_001, message=Success, data={list=[com.company.project.service.menu.dto.MenuDto@78fb4e6c, com.company.project.service.menu.dto.MenuDto@e266b4f, com.company.project.service.menu.dto.MenuDto@1f2b4c45, com.company.project.service.menu.dto.MenuDto@27b0f23d, com.company.project.service.menu.dto.MenuDto@59a4089]}, timestamp=2026-03-16T17:08:02.249601900]]
2026-03-16 17:08:02 [http-nio-8080-exec-3] INFO  c.c.p.a.i.OperationalAuditInterceptor - API Audit Log: URL=/api/v1/menu/left, User=webmaster, IP=127.0.0.1
2026-03-16 17:08:02 [http-nio-8080-exec-3] DEBUG o.s.web.servlet.DispatcherServlet - Completed 200 OK
2026-03-16 17:08:02 [http-nio-8080-exec-19] DEBUG c.c.p.s.jwt.JwtAuthenticationFilter - >>> [JwtFilter] Processing request: GET /api/v1/menu/left
2026-03-16 17:08:02 [http-nio-8080-exec-19] DEBUG c.c.p.s.jwt.JwtAuthenticationFilter - >>> [JwtFilter] Found token in header for path: /api/v1/menu/left
2026-03-16 17:08:02 [http-nio-8080-exec-19] DEBUG o.s.orm.jpa.JpaTransactionManager - Creating new transaction with name [com.company.project.security.iam.CustomUserDetailsService.loadUserByUsername]: PROPAGATION_REQUIRED,ISOLATION_DEFAULT,readOnly
2026-03-16 17:08:02 [http-nio-8080-exec-19] DEBUG o.s.orm.jpa.JpaTransactionManager - Opened new EntityManager [SessionImpl(1333208408<open>)] for JPA transaction
2026-03-16 17:08:02 [http-nio-8080-exec-2] DEBUG o.s.orm.jpa.JpaTransactionManager - Closing JPA EntityManager [SessionImpl(1168804393<open>)] after transaction
2026-03-16 17:08:02 [http-nio-8080-exec-2] DEBUG c.c.p.s.jwt.JwtAuthenticationFilter - >>> [JwtFilter] Successfully authenticated user: USRCNFRM_99999999999, Authorities: [ROLE_ADMIN]
2026-03-16 17:08:02 [http-nio-8080-exec-2] DEBUG o.s.web.servlet.DispatcherServlet - GET "/api/v1/notifications", parameters={}
2026-03-16 17:08:02 [http-nio-8080-exec-2] TRACE o.s.w.s.m.m.a.RequestMappingHandlerMapping - Mapped to com.company.project.api.controller.notification.NotificationController#getMyNotifications(UserDetails)
2026-03-16 17:08:02 [http-nio-8080-exec-2] DEBUG o.s.orm.jpa.JpaTransactionManager - Creating new transaction with name [com.company.project.service.notification.NotificationService.getActiveNotifications]: PROPAGATION_REQUIRED,ISOLATION_DEFAULT,readOnly
2026-03-16 17:08:02 [http-nio-8080-exec-2] DEBUG o.s.orm.jpa.JpaTransactionManager - Opened new EntityManager [SessionImpl(1478196972<open>)] for JPA transaction
2026-03-16 17:08:02 [http-nio-8080-exec-2] DEBUG o.s.orm.jpa.JpaTransactionManager - Exposing JPA transaction as JDBC [org.springframework.orm.jpa.vendor.HibernateJpaDialect$HibernateConnectionHandle@39ae7616]
2026-03-16 17:08:02 [http-nio-8080-exec-2] DEBUG o.s.orm.jpa.JpaTransactionManager - Found thread-bound EntityManager [SessionImpl(1478196972<open>)] for JPA transaction
2026-03-16 17:08:02 [http-nio-8080-exec-2] DEBUG o.s.orm.jpa.JpaTransactionManager - Participating in existing transaction
2026-03-16 17:08:02 [http-nio-8080-exec-2] DEBUG org.hibernate.SQL - select n1_0.ntcn_no,n1_0.frst_register_id,n1_0.frst_regist_pnttm,n1_0.is_read,n1_0.last_updusr_id,n1_0.last_updt_pnttm,n1_0.link_url,n1_0.ntcn_cn,n1_0.ntcn_sj,n1_0.receiver_id from n_user_notification n1_0
2026-03-16 17:08:02 [http-nio-8080-exec-8] DEBUG o.s.orm.jpa.JpaTransactionManager - Closing JPA EntityManager [SessionImpl(205078450<open>)] after transaction
2026-03-16 17:08:02 [http-nio-8080-exec-8] DEBUG c.c.p.s.jwt.JwtAuthenticationFilter - >>> [JwtFilter] Successfully authenticated user: USRCNFRM_99999999999, Authorities: [ROLE_ADMIN]
2026-03-16 17:08:02 [http-nio-8080-exec-8] DEBUG o.s.web.servlet.DispatcherServlet - GET "/api/v1/notifications/unread-count", parameters={}
2026-03-16 17:08:02 [http-nio-8080-exec-8] TRACE o.s.w.s.m.m.a.RequestMappingHandlerMapping - Mapped to com.company.project.api.controller.notification.NotificationController#getUnreadCount(UserDetails)
2026-03-16 17:08:02 [http-nio-8080-exec-8] DEBUG o.s.orm.jpa.JpaTransactionManager - Creating new transaction with name [com.company.project.service.notification.NotificationService.getUnreadCount]: PROPAGATION_REQUIRED,ISOLATION_DEFAULT,readOnly
2026-03-16 17:08:02 [http-nio-8080-exec-8] DEBUG o.s.orm.jpa.JpaTransactionManager - Opened new EntityManager [SessionImpl(1726700628<open>)] for JPA transaction
2026-03-16 17:08:02 [http-nio-8080-exec-8] DEBUG o.s.orm.jpa.JpaTransactionManager - Exposing JPA transaction as JDBC [org.springframework.orm.jpa.vendor.HibernateJpaDialect$HibernateConnectionHandle@f788cad]
2026-03-16 17:08:02 [http-nio-8080-exec-8] DEBUG org.hibernate.SQL - select count(n1_0.ntcn_no) from n_user_notification n1_0 where n1_0.receiver_id=? and n1_0.is_read=?
2026-03-16 17:08:02 [http-nio-8080-exec-19] DEBUG o.s.orm.jpa.JpaTransactionManager - Exposing JPA transaction as JDBC [org.springframework.orm.jpa.vendor.HibernateJpaDialect$HibernateConnectionHandle@4890559a]
2026-03-16 17:08:02 [http-nio-8080-exec-19] DEBUG o.s.orm.jpa.JpaTransactionManager - Found thread-bound EntityManager [SessionImpl(1333208408<open>)] for JPA transaction
2026-03-16 17:08:02 [http-nio-8080-exec-19] DEBUG o.s.orm.jpa.JpaTransactionManager - Participating in existing transaction
2026-03-16 17:08:02 [http-nio-8080-exec-19] DEBUG org.hibernate.SQL - select u1_0.emplyr_id,u1_0.area_no,u1_0.brthdy,u1_0.chg_pwd_cnt,u1_0.frst_register_id,u1_0.frst_regist_pnttm,u1_0.detail_adres,u1_0.email_adres,u1_0.emplyr_sttus_code,u1_0.empl_no,u1_0.esntl_id,u1_0.fxnum,u1_0.group_id,u1_0.house_adres,u1_0.house_end_telno,u1_0.house_middle_telno,u1_0.ihidnum,u1_0.pstinst_code,u1_0.last_updusr_id,u1_0.last_updt_pnttm,u1_0.lock_at,u1_0.lock_cnt,u1_0.lock_last_pnttm,u1_0.mbtlnum,u1_0.ofcps_nm,u1_0.offm_telno,u1_0.orgnzt_id,u1_0.password,u1_0.password_cnsr,u1_0.password_hint,u1_0.chg_pwd_last_pnttm,u1_0.role,u1_0.sbscrb_de,u1_0.sexdstn_code,u1_0.crtfc_dn_value,u1_0.user_nm,u1_0.zip from nemplyrinfo u1_0 where u1_0.emplyr_id=?
2026-03-16 17:08:02 [http-nio-8080-exec-2] DEBUG o.s.orm.jpa.JpaTransactionManager - Initiating transaction commit
2026-03-16 17:08:02 [http-nio-8080-exec-2] DEBUG o.s.orm.jpa.JpaTransactionManager - Committing JPA transaction on EntityManager [SessionImpl(1478196972<open>)]
2026-03-16 17:08:02 [http-nio-8080-exec-8] DEBUG o.s.orm.jpa.JpaTransactionManager - Initiating transaction commit
2026-03-16 17:08:02 [http-nio-8080-exec-8] DEBUG o.s.orm.jpa.JpaTransactionManager - Committing JPA transaction on EntityManager [SessionImpl(1726700628<open>)]
2026-03-16 17:08:02 [http-nio-8080-exec-19] DEBUG o.s.orm.jpa.JpaTransactionManager - Found thread-bound EntityManager [SessionImpl(1333208408<open>)] for JPA transaction
2026-03-16 17:08:02 [http-nio-8080-exec-19] DEBUG o.s.orm.jpa.JpaTransactionManager - Participating in existing transaction
2026-03-16 17:08:02 [http-nio-8080-exec-19] DEBUG org.hibernate.SQL - select ua1_0.scrty_dtrmn_trget_id,ua1_0.author_code,ua1_0.frst_register_id,ua1_0.frst_regist_pnttm,ua1_0.last_updusr_id,ua1_0.last_updt_pnttm,ua1_0.mber_ty_code from nemplyrscrtyestbs ua1_0 where ua1_0.scrty_dtrmn_trget_id=?
2026-03-16 17:08:02 [http-nio-8080-exec-2] DEBUG o.s.orm.jpa.JpaTransactionManager - Closing JPA EntityManager [SessionImpl(1478196972<open>)] after transaction
2026-03-16 17:08:02 [http-nio-8080-exec-2] DEBUG o.s.w.s.m.m.a.HttpEntityMethodProcessor - Using 'application/json', given [application/json, text/plain, */*] and supported [application/json, application/*+json, application/yaml]
2026-03-16 17:08:02 [http-nio-8080-exec-2] TRACE o.s.w.s.m.m.a.HttpEntityMethodProcessor - Writing [ApiResponse[success=true, status=200, code=COMMON_001, message=Success, data=[NotificationDto(ntfcNo=NT001, ntfcSj=테스트 알림입니다, ntfcCn=알림 내용입니다, ntfcDate=null, ntfcTime=2026-02-25T00:59:33.784070, bhNtfcIntrvl=null, uniqId=null, frstRegisterId=null, frstRegisterPnttm=2026-02-25T00:59:33.784070, lastUpdusrId=null, lastUpdusrPnttm=null)], timestamp=2026-03-16T17:08:02.645045700]]
2026-03-16 17:08:02 [http-nio-8080-exec-2] INFO  c.c.p.a.i.OperationalAuditInterceptor - API Audit Log: URL=/api/v1/notifications, User=webmaster, IP=127.0.0.1
2026-03-16 17:08:02 [http-nio-8080-exec-2] DEBUG o.s.web.servlet.DispatcherServlet - Completed 200 OK
2026-03-16 17:08:02 [http-nio-8080-exec-8] DEBUG o.s.orm.jpa.JpaTransactionManager - Closing JPA EntityManager [SessionImpl(1726700628<open>)] after transaction
2026-03-16 17:08:02 [http-nio-8080-exec-8] DEBUG o.s.w.s.m.m.a.HttpEntityMethodProcessor - Using 'application/json', given [application/json, text/plain, */*] and supported [application/json, application/*+json, application/yaml]
2026-03-16 17:08:02 [http-nio-8080-exec-8] TRACE o.s.w.s.m.m.a.HttpEntityMethodProcessor - Writing [ApiResponse[success=true, status=200, code=COMMON_001, message=Success, data=0, timestamp=2026-03-16T17:08:02.662927500]]
2026-03-16 17:08:02 [http-nio-8080-exec-8] INFO  c.c.p.a.i.OperationalAuditInterceptor - API Audit Log: URL=/api/v1/notifications/unread-count, User=webmaster, IP=127.0.0.1
2026-03-16 17:08:02 [http-nio-8080-exec-8] DEBUG o.s.web.servlet.DispatcherServlet - Completed 200 OK
2026-03-16 17:08:02 [http-nio-8080-exec-15] DEBUG c.c.p.s.jwt.JwtAuthenticationFilter - >>> [JwtFilter] Processing request: GET /api/v1/notifications
2026-03-16 17:08:02 [http-nio-8080-exec-15] DEBUG c.c.p.s.jwt.JwtAuthenticationFilter - >>> [JwtFilter] Found token in header for path: /api/v1/notifications
2026-03-16 17:08:02 [http-nio-8080-exec-15] DEBUG o.s.orm.jpa.JpaTransactionManager - Creating new transaction with name [com.company.project.security.iam.CustomUserDetailsService.loadUserByUsername]: PROPAGATION_REQUIRED,ISOLATION_DEFAULT,readOnly
2026-03-16 17:08:02 [http-nio-8080-exec-15] DEBUG o.s.orm.jpa.JpaTransactionManager - Opened new EntityManager [SessionImpl(2020761971<open>)] for JPA transaction
2026-03-16 17:08:02 [http-nio-8080-exec-12] DEBUG c.c.p.s.jwt.JwtAuthenticationFilter - >>> [JwtFilter] Processing request: GET /api/v1/notifications/unread-count
2026-03-16 17:08:02 [http-nio-8080-exec-12] DEBUG c.c.p.s.jwt.JwtAuthenticationFilter - >>> [JwtFilter] Found token in header for path: /api/v1/notifications/unread-count
2026-03-16 17:08:02 [http-nio-8080-exec-12] DEBUG o.s.orm.jpa.JpaTransactionManager - Creating new transaction with name [com.company.project.security.iam.CustomUserDetailsService.loadUserByUsername]: PROPAGATION_REQUIRED,ISOLATION_DEFAULT,readOnly
2026-03-16 17:08:02 [http-nio-8080-exec-12] DEBUG o.s.orm.jpa.JpaTransactionManager - Opened new EntityManager [SessionImpl(1370967568<open>)] for JPA transaction
2026-03-16 17:08:02 [http-nio-8080-exec-19] DEBUG o.s.orm.jpa.JpaTransactionManager - Initiating transaction commit
2026-03-16 17:08:02 [http-nio-8080-exec-19] DEBUG o.s.orm.jpa.JpaTransactionManager - Committing JPA transaction on EntityManager [SessionImpl(1333208408<open>)]
2026-03-16 17:08:02 [http-nio-8080-exec-15] DEBUG o.s.orm.jpa.JpaTransactionManager - Exposing JPA transaction as JDBC [org.springframework.orm.jpa.vendor.HibernateJpaDialect$HibernateConnectionHandle@3a2d4565]
2026-03-16 17:08:02 [http-nio-8080-exec-15] DEBUG o.s.orm.jpa.JpaTransactionManager - Found thread-bound EntityManager [SessionImpl(2020761971<open>)] for JPA transaction
2026-03-16 17:08:02 [http-nio-8080-exec-15] DEBUG o.s.orm.jpa.JpaTransactionManager - Participating in existing transaction
2026-03-16 17:08:02 [http-nio-8080-exec-15] DEBUG org.hibernate.SQL - select u1_0.emplyr_id,u1_0.area_no,u1_0.brthdy,u1_0.chg_pwd_cnt,u1_0.frst_register_id,u1_0.frst_regist_pnttm,u1_0.detail_adres,u1_0.email_adres,u1_0.emplyr_sttus_code,u1_0.empl_no,u1_0.esntl_id,u1_0.fxnum,u1_0.group_id,u1_0.house_adres,u1_0.house_end_telno,u1_0.house_middle_telno,u1_0.ihidnum,u1_0.pstinst_code,u1_0.last_updusr_id,u1_0.last_updt_pnttm,u1_0.lock_at,u1_0.lock_cnt,u1_0.lock_last_pnttm,u1_0.mbtlnum,u1_0.ofcps_nm,u1_0.offm_telno,u1_0.orgnzt_id,u1_0.password,u1_0.password_cnsr,u1_0.password_hint,u1_0.chg_pwd_last_pnttm,u1_0.role,u1_0.sbscrb_de,u1_0.sexdstn_code,u1_0.crtfc_dn_value,u1_0.user_nm,u1_0.zip from nemplyrinfo u1_0 where u1_0.emplyr_id=?
2026-03-16 17:08:02 [http-nio-8080-exec-12] DEBUG o.s.orm.jpa.JpaTransactionManager - Exposing JPA transaction as JDBC [org.springframework.orm.jpa.vendor.HibernateJpaDialect$HibernateConnectionHandle@1d3b3faf]
2026-03-16 17:08:02 [http-nio-8080-exec-12] DEBUG o.s.orm.jpa.JpaTransactionManager - Found thread-bound EntityManager [SessionImpl(1370967568<open>)] for JPA transaction
2026-03-16 17:08:02 [http-nio-8080-exec-12] DEBUG o.s.orm.jpa.JpaTransactionManager - Participating in existing transaction
2026-03-16 17:08:02 [http-nio-8080-exec-12] DEBUG org.hibernate.SQL - select u1_0.emplyr_id,u1_0.area_no,u1_0.brthdy,u1_0.chg_pwd_cnt,u1_0.frst_register_id,u1_0.frst_regist_pnttm,u1_0.detail_adres,u1_0.email_adres,u1_0.emplyr_sttus_code,u1_0.empl_no,u1_0.esntl_id,u1_0.fxnum,u1_0.group_id,u1_0.house_adres,u1_0.house_end_telno,u1_0.house_middle_telno,u1_0.ihidnum,u1_0.pstinst_code,u1_0.last_updusr_id,u1_0.last_updt_pnttm,u1_0.lock_at,u1_0.lock_cnt,u1_0.lock_last_pnttm,u1_0.mbtlnum,u1_0.ofcps_nm,u1_0.offm_telno,u1_0.orgnzt_id,u1_0.password,u1_0.password_cnsr,u1_0.password_hint,u1_0.chg_pwd_last_pnttm,u1_0.role,u1_0.sbscrb_de,u1_0.sexdstn_code,u1_0.crtfc_dn_value,u1_0.user_nm,u1_0.zip from nemplyrinfo u1_0 where u1_0.emplyr_id=?
2026-03-16 17:08:02 [http-nio-8080-exec-19] DEBUG o.s.orm.jpa.JpaTransactionManager - Closing JPA EntityManager [SessionImpl(1333208408<open>)] after transaction
2026-03-16 17:08:02 [http-nio-8080-exec-19] DEBUG c.c.p.s.jwt.JwtAuthenticationFilter - >>> [JwtFilter] Successfully authenticated user: USRCNFRM_99999999999, Authorities: [ROLE_ADMIN]
2026-03-16 17:08:02 [http-nio-8080-exec-19] DEBUG o.s.web.servlet.DispatcherServlet - GET "/api/v1/menu/left?menuNo=20", parameters={masked}
2026-03-16 17:08:02 [http-nio-8080-exec-19] TRACE o.s.w.s.m.m.a.RequestMappingHandlerMapping - Mapped to com.company.project.api.controller.menu.MenuController#getLeftMenu(Long)
2026-03-16 17:08:02 [http-nio-8080-exec-19] INFO  c.c.p.a.c.menu.MenuController - getLeftMenu called with menuNo=20
2026-03-16 17:08:02 [http-nio-8080-exec-19] DEBUG o.s.orm.jpa.JpaTransactionManager - Creating new transaction with name [com.company.project.service.menu.MenuService.getSubMenus]: PROPAGATION_REQUIRED,ISOLATION_DEFAULT,readOnly
2026-03-16 17:08:02 [http-nio-8080-exec-19] DEBUG o.s.orm.jpa.JpaTransactionManager - Opened new EntityManager [SessionImpl(453721836<open>)] for JPA transaction
2026-03-16 17:08:02 [http-nio-8080-exec-19] DEBUG o.s.orm.jpa.JpaTransactionManager - Exposing JPA transaction as JDBC [org.springframework.orm.jpa.vendor.HibernateJpaDialect$HibernateConnectionHandle@10bf31b3]
2026-03-16 17:08:02 [http-nio-8080-exec-19] DEBUG org.hibernate.SQL - select m1_0.menu_no,m1_0.menu_dc,m1_0.menu_nm,m1_0.menu_ordr,m1_0.modern_route,m1_0.progrm_file_nm,m1_0.relate_image_nm,m1_0.relate_image_path,m1_0.route_updated_at,m1_0.upper_menu_no from nmenuinfo m1_0 order by m1_0.upper_menu_no,m1_0.menu_ordr
2026-03-16 17:08:03 [http-nio-8080-exec-15] DEBUG o.s.orm.jpa.JpaTransactionManager - Found thread-bound EntityManager [SessionImpl(2020761971<open>)] for JPA transaction
2026-03-16 17:08:03 [http-nio-8080-exec-15] DEBUG o.s.orm.jpa.JpaTransactionManager - Participating in existing transaction
2026-03-16 17:08:03 [http-nio-8080-exec-15] DEBUG org.hibernate.SQL - select ua1_0.scrty_dtrmn_trget_id,ua1_0.author_code,ua1_0.frst_register_id,ua1_0.frst_regist_pnttm,ua1_0.last_updusr_id,ua1_0.last_updt_pnttm,ua1_0.mber_ty_code from nemplyrscrtyestbs ua1_0 where ua1_0.scrty_dtrmn_trget_id=?
2026-03-16 17:08:03 [http-nio-8080-exec-12] DEBUG o.s.orm.jpa.JpaTransactionManager - Found thread-bound EntityManager [SessionImpl(1370967568<open>)] for JPA transaction
2026-03-16 17:08:03 [http-nio-8080-exec-12] DEBUG o.s.orm.jpa.JpaTransactionManager - Participating in existing transaction
2026-03-16 17:08:03 [http-nio-8080-exec-12] DEBUG org.hibernate.SQL - select ua1_0.scrty_dtrmn_trget_id,ua1_0.author_code,ua1_0.frst_register_id,ua1_0.frst_regist_pnttm,ua1_0.last_updusr_id,ua1_0.last_updt_pnttm,ua1_0.mber_ty_code from nemplyrscrtyestbs ua1_0 where ua1_0.scrty_dtrmn_trget_id=?
2026-03-16 17:08:03 [http-nio-8080-exec-15] DEBUG o.s.orm.jpa.JpaTransactionManager - Initiating transaction commit
2026-03-16 17:08:03 [http-nio-8080-exec-15] DEBUG o.s.orm.jpa.JpaTransactionManager - Committing JPA transaction on EntityManager [SessionImpl(2020761971<open>)]
2026-03-16 17:08:03 [http-nio-8080-exec-12] DEBUG o.s.orm.jpa.JpaTransactionManager - Initiating transaction commit
2026-03-16 17:08:03 [http-nio-8080-exec-12] DEBUG o.s.orm.jpa.JpaTransactionManager - Committing JPA transaction on EntityManager [SessionImpl(1370967568<open>)]
2026-03-16 17:08:03 [http-nio-8080-exec-19] DEBUG o.s.orm.jpa.JpaTransactionManager - Found thread-bound EntityManager [SessionImpl(453721836<open>)] for JPA transaction
2026-03-16 17:08:03 [http-nio-8080-exec-19] DEBUG o.s.orm.jpa.JpaTransactionManager - Participating in existing transaction
2026-03-16 17:08:03 [http-nio-8080-exec-19] DEBUG org.hibernate.SQL - select p1_0.progrm_file_nm,p1_0.progrm_dc,p1_0.progrm_korean_nm,p1_0.progrm_stre_path,p1_0.url from nprogrmlist p1_0
2026-03-16 17:08:03 [http-nio-8080-exec-12] DEBUG o.s.orm.jpa.JpaTransactionManager - Closing JPA EntityManager [SessionImpl(1370967568<open>)] after transaction
2026-03-16 17:08:03 [http-nio-8080-exec-15] DEBUG o.s.orm.jpa.JpaTransactionManager - Closing JPA EntityManager [SessionImpl(2020761971<open>)] after transaction
2026-03-16 17:08:03 [http-nio-8080-exec-12] DEBUG c.c.p.s.jwt.JwtAuthenticationFilter - >>> [JwtFilter] Successfully authenticated user: USRCNFRM_99999999999, Authorities: [ROLE_ADMIN]
2026-03-16 17:08:03 [http-nio-8080-exec-15] DEBUG c.c.p.s.jwt.JwtAuthenticationFilter - >>> [JwtFilter] Successfully authenticated user: USRCNFRM_99999999999, Authorities: [ROLE_ADMIN]
2026-03-16 17:08:03 [http-nio-8080-exec-12] DEBUG o.s.web.servlet.DispatcherServlet - GET "/api/v1/notifications/unread-count", parameters={}
2026-03-16 17:08:03 [http-nio-8080-exec-15] DEBUG o.s.web.servlet.DispatcherServlet - GET "/api/v1/notifications", parameters={}
2026-03-16 17:08:03 [http-nio-8080-exec-12] TRACE o.s.w.s.m.m.a.RequestMappingHandlerMapping - Mapped to com.company.project.api.controller.notification.NotificationController#getUnreadCount(UserDetails)
2026-03-16 17:08:03 [http-nio-8080-exec-15] TRACE o.s.w.s.m.m.a.RequestMappingHandlerMapping - Mapped to com.company.project.api.controller.notification.NotificationController#getMyNotifications(UserDetails)
2026-03-16 17:08:03 [http-nio-8080-exec-12] DEBUG o.s.orm.jpa.JpaTransactionManager - Creating new transaction with name [com.company.project.service.notification.NotificationService.getUnreadCount]: PROPAGATION_REQUIRED,ISOLATION_DEFAULT,readOnly
2026-03-16 17:08:03 [http-nio-8080-exec-15] DEBUG o.s.orm.jpa.JpaTransactionManager - Creating new transaction with name [com.company.project.service.notification.NotificationService.getActiveNotifications]: PROPAGATION_REQUIRED,ISOLATION_DEFAULT,readOnly
2026-03-16 17:08:03 [http-nio-8080-exec-12] DEBUG o.s.orm.jpa.JpaTransactionManager - Opened new EntityManager [SessionImpl(1973967955<open>)] for JPA transaction
2026-03-16 17:08:03 [http-nio-8080-exec-15] DEBUG o.s.orm.jpa.JpaTransactionManager - Opened new EntityManager [SessionImpl(1501998586<open>)] for JPA transaction
2026-03-16 17:08:03 [http-nio-8080-exec-12] DEBUG o.s.orm.jpa.JpaTransactionManager - Exposing JPA transaction as JDBC [org.springframework.orm.jpa.vendor.HibernateJpaDialect$HibernateConnectionHandle@1ddc21cf]
2026-03-16 17:08:03 [http-nio-8080-exec-15] DEBUG o.s.orm.jpa.JpaTransactionManager - Exposing JPA transaction as JDBC [org.springframework.orm.jpa.vendor.HibernateJpaDialect$HibernateConnectionHandle@72aa213f]
2026-03-16 17:08:03 [http-nio-8080-exec-15] DEBUG o.s.orm.jpa.JpaTransactionManager - Found thread-bound EntityManager [SessionImpl(1501998586<open>)] for JPA transaction
2026-03-16 17:08:03 [http-nio-8080-exec-15] DEBUG o.s.orm.jpa.JpaTransactionManager - Participating in existing transaction
2026-03-16 17:08:03 [http-nio-8080-exec-12] DEBUG org.hibernate.SQL - select count(n1_0.ntcn_no) from n_user_notification n1_0 where n1_0.receiver_id=? and n1_0.is_read=?
2026-03-16 17:08:03 [http-nio-8080-exec-15] DEBUG org.hibernate.SQL - select n1_0.ntcn_no,n1_0.frst_register_id,n1_0.frst_regist_pnttm,n1_0.is_read,n1_0.last_updusr_id,n1_0.last_updt_pnttm,n1_0.link_url,n1_0.ntcn_cn,n1_0.ntcn_sj,n1_0.receiver_id from n_user_notification n1_0
2026-03-16 17:08:03 [http-nio-8080-exec-19] DEBUG o.s.orm.jpa.JpaTransactionManager - Initiating transaction commit
2026-03-16 17:08:03 [http-nio-8080-exec-19] DEBUG o.s.orm.jpa.JpaTransactionManager - Committing JPA transaction on EntityManager [SessionImpl(453721836<open>)]
2026-03-16 17:08:03 [http-nio-8080-exec-12] DEBUG o.s.orm.jpa.JpaTransactionManager - Initiating transaction commit
2026-03-16 17:08:03 [http-nio-8080-exec-15] DEBUG o.s.orm.jpa.JpaTransactionManager - Initiating transaction commit
2026-03-16 17:08:03 [http-nio-8080-exec-12] DEBUG o.s.orm.jpa.JpaTransactionManager - Committing JPA transaction on EntityManager [SessionImpl(1973967955<open>)]
2026-03-16 17:08:03 [http-nio-8080-exec-15] DEBUG o.s.orm.jpa.JpaTransactionManager - Committing JPA transaction on EntityManager [SessionImpl(1501998586<open>)]
2026-03-16 17:08:03 [http-nio-8080-exec-19] DEBUG o.s.orm.jpa.JpaTransactionManager - Closing JPA EntityManager [SessionImpl(453721836<open>)] after transaction
2026-03-16 17:08:03 [http-nio-8080-exec-19] INFO  c.c.p.a.c.menu.MenuController - getLeftMenu returned 3 items
2026-03-16 17:08:03 [http-nio-8080-exec-19] DEBUG o.s.w.s.m.m.a.HttpEntityMethodProcessor - Using 'application/json', given [application/json, text/plain, */*] and supported [application/json, application/*+json, application/yaml]
2026-03-16 17:08:03 [http-nio-8080-exec-19] TRACE o.s.w.s.m.m.a.HttpEntityMethodProcessor - Writing [ApiResponse[success=true, status=200, code=COMMON_001, message=Success, data={list=[com.company.project.service.menu.dto.MenuDto@2698485d, com.company.project.service.menu.dto.MenuDto@614a0c4e, com.company.project.service.menu.dto.MenuDto@4d0b96ed]}, timestamp=2026-03-16T17:08:03.558740400]]
2026-03-16 17:08:03 [http-nio-8080-exec-19] INFO  c.c.p.a.i.OperationalAuditInterceptor - API Audit Log: URL=/api/v1/menu/left, User=webmaster, IP=127.0.0.1
2026-03-16 17:08:03 [http-nio-8080-exec-19] DEBUG o.s.web.servlet.DispatcherServlet - Completed 200 OK
2026-03-16 17:08:03 [http-nio-8080-exec-13] DEBUG c.c.p.s.jwt.JwtAuthenticationFilter - >>> [JwtFilter] Processing request: GET /api/v1/menu/left
2026-03-16 17:08:03 [http-nio-8080-exec-13] DEBUG c.c.p.s.jwt.JwtAuthenticationFilter - >>> [JwtFilter] Found token in header for path: /api/v1/menu/left
2026-03-16 17:08:03 [http-nio-8080-exec-13] DEBUG o.s.orm.jpa.JpaTransactionManager - Creating new transaction with name [com.company.project.security.iam.CustomUserDetailsService.loadUserByUsername]: PROPAGATION_REQUIRED,ISOLATION_DEFAULT,readOnly
2026-03-16 17:08:03 [http-nio-8080-exec-13] DEBUG o.s.orm.jpa.JpaTransactionManager - Opened new EntityManager [SessionImpl(937726924<open>)] for JPA transaction
2026-03-16 17:08:03 [http-nio-8080-exec-12] DEBUG o.s.orm.jpa.JpaTransactionManager - Closing JPA EntityManager [SessionImpl(1973967955<open>)] after transaction
2026-03-16 17:08:03 [http-nio-8080-exec-12] DEBUG o.s.w.s.m.m.a.HttpEntityMethodProcessor - Using 'application/json', given [application/json, text/plain, */*] and supported [application/json, application/*+json, application/yaml]
2026-03-16 17:08:03 [http-nio-8080-exec-12] TRACE o.s.w.s.m.m.a.HttpEntityMethodProcessor - Writing [ApiResponse[success=true, status=200, code=COMMON_001, message=Success, data=0, timestamp=2026-03-16T17:08:03.614184600]]
2026-03-16 17:08:03 [http-nio-8080-exec-12] INFO  c.c.p.a.i.OperationalAuditInterceptor - API Audit Log: URL=/api/v1/notifications/unread-count, User=webmaster, IP=127.0.0.1
2026-03-16 17:08:03 [http-nio-8080-exec-12] DEBUG o.s.web.servlet.DispatcherServlet - Completed 200 OK
2026-03-16 17:08:03 [http-nio-8080-exec-15] DEBUG o.s.orm.jpa.JpaTransactionManager - Closing JPA EntityManager [SessionImpl(1501998586<open>)] after transaction
2026-03-16 17:08:03 [http-nio-8080-exec-15] DEBUG o.s.w.s.m.m.a.HttpEntityMethodProcessor - Using 'application/json', given [application/json, text/plain, */*] and supported [application/json, application/*+json, application/yaml]
2026-03-16 17:08:03 [http-nio-8080-exec-15] TRACE o.s.w.s.m.m.a.HttpEntityMethodProcessor - Writing [ApiResponse[success=true, status=200, code=COMMON_001, message=Success, data=[NotificationDto(ntfcNo=NT001, ntfcSj=테스트 알림입니다, ntfcCn=알림 내용입니다, ntfcDate=null, ntfcTime=2026-02-25T00:59:33.784070, bhNtfcIntrvl=null, uniqId=null, frstRegisterId=null, frstRegisterPnttm=2026-02-25T00:59:33.784070, lastUpdusrId=null, lastUpdusrPnttm=null)], timestamp=2026-03-16T17:08:03.615274100]]
2026-03-16 17:08:03 [http-nio-8080-exec-15] INFO  c.c.p.a.i.OperationalAuditInterceptor - API Audit Log: URL=/api/v1/notifications, User=webmaster, IP=127.0.0.1
2026-03-16 17:08:03 [http-nio-8080-exec-15] DEBUG o.s.web.servlet.DispatcherServlet - Completed 200 OK
2026-03-16 17:08:03 [http-nio-8080-exec-13] DEBUG o.s.orm.jpa.JpaTransactionManager - Exposing JPA transaction as JDBC [org.springframework.orm.jpa.vendor.HibernateJpaDialect$HibernateConnectionHandle@7079f5d]
2026-03-16 17:08:03 [http-nio-8080-exec-13] DEBUG o.s.orm.jpa.JpaTransactionManager - Found thread-bound EntityManager [SessionImpl(937726924<open>)] for JPA transaction
2026-03-16 17:08:03 [http-nio-8080-exec-13] DEBUG o.s.orm.jpa.JpaTransactionManager - Participating in existing transaction
2026-03-16 17:08:03 [http-nio-8080-exec-13] DEBUG org.hibernate.SQL - select u1_0.emplyr_id,u1_0.area_no,u1_0.brthdy,u1_0.chg_pwd_cnt,u1_0.frst_register_id,u1_0.frst_regist_pnttm,u1_0.detail_adres,u1_0.email_adres,u1_0.emplyr_sttus_code,u1_0.empl_no,u1_0.esntl_id,u1_0.fxnum,u1_0.group_id,u1_0.house_adres,u1_0.house_end_telno,u1_0.house_middle_telno,u1_0.ihidnum,u1_0.pstinst_code,u1_0.last_updusr_id,u1_0.last_updt_pnttm,u1_0.lock_at,u1_0.lock_cnt,u1_0.lock_last_pnttm,u1_0.mbtlnum,u1_0.ofcps_nm,u1_0.offm_telno,u1_0.orgnzt_id,u1_0.password,u1_0.password_cnsr,u1_0.password_hint,u1_0.chg_pwd_last_pnttm,u1_0.role,u1_0.sbscrb_de,u1_0.sexdstn_code,u1_0.crtfc_dn_value,u1_0.user_nm,u1_0.zip from nemplyrinfo u1_0 where u1_0.emplyr_id=?
2026-03-16 17:08:03 [http-nio-8080-exec-13] DEBUG o.s.orm.jpa.JpaTransactionManager - Found thread-bound EntityManager [SessionImpl(937726924<open>)] for JPA transaction
2026-03-16 17:08:03 [http-nio-8080-exec-13] DEBUG o.s.orm.jpa.JpaTransactionManager - Participating in existing transaction
2026-03-16 17:08:03 [http-nio-8080-exec-13] DEBUG org.hibernate.SQL - select ua1_0.scrty_dtrmn_trget_id,ua1_0.author_code,ua1_0.frst_register_id,ua1_0.frst_regist_pnttm,ua1_0.last_updusr_id,ua1_0.last_updt_pnttm,ua1_0.mber_ty_code from nemplyrscrtyestbs ua1_0 where ua1_0.scrty_dtrmn_trget_id=?
2026-03-16 17:08:04 [http-nio-8080-exec-13] DEBUG o.s.orm.jpa.JpaTransactionManager - Initiating transaction commit
2026-03-16 17:08:04 [http-nio-8080-exec-13] DEBUG o.s.orm.jpa.JpaTransactionManager - Committing JPA transaction on EntityManager [SessionImpl(937726924<open>)]
2026-03-16 17:08:04 [http-nio-8080-exec-13] DEBUG o.s.orm.jpa.JpaTransactionManager - Closing JPA EntityManager [SessionImpl(937726924<open>)] after transaction
2026-03-16 17:08:04 [http-nio-8080-exec-13] DEBUG c.c.p.s.jwt.JwtAuthenticationFilter - >>> [JwtFilter] Successfully authenticated user: USRCNFRM_99999999999, Authorities: [ROLE_ADMIN]
2026-03-16 17:08:04 [http-nio-8080-exec-13] DEBUG o.s.web.servlet.DispatcherServlet - GET "/api/v1/menu/left?menuNo=40", parameters={masked}
2026-03-16 17:08:04 [http-nio-8080-exec-13] TRACE o.s.w.s.m.m.a.RequestMappingHandlerMapping - Mapped to com.company.project.api.controller.menu.MenuController#getLeftMenu(Long)
2026-03-16 17:08:04 [http-nio-8080-exec-13] INFO  c.c.p.a.c.menu.MenuController - getLeftMenu called with menuNo=40
2026-03-16 17:08:04 [http-nio-8080-exec-13] DEBUG o.s.orm.jpa.JpaTransactionManager - Creating new transaction with name [com.company.project.service.menu.MenuService.getSubMenus]: PROPAGATION_REQUIRED,ISOLATION_DEFAULT,readOnly
2026-03-16 17:08:04 [http-nio-8080-exec-13] DEBUG o.s.orm.jpa.JpaTransactionManager - Opened new EntityManager [SessionImpl(1294424331<open>)] for JPA transaction
2026-03-16 17:08:04 [http-nio-8080-exec-13] DEBUG o.s.orm.jpa.JpaTransactionManager - Exposing JPA transaction as JDBC [org.springframework.orm.jpa.vendor.HibernateJpaDialect$HibernateConnectionHandle@709bf57f]
2026-03-16 17:08:04 [http-nio-8080-exec-13] DEBUG org.hibernate.SQL - select m1_0.menu_no,m1_0.menu_dc,m1_0.menu_nm,m1_0.menu_ordr,m1_0.modern_route,m1_0.progrm_file_nm,m1_0.relate_image_nm,m1_0.relate_image_path,m1_0.route_updated_at,m1_0.upper_menu_no from nmenuinfo m1_0 order by m1_0.upper_menu_no,m1_0.menu_ordr
2026-03-16 17:08:04 [http-nio-8080-exec-13] DEBUG o.s.orm.jpa.JpaTransactionManager - Found thread-bound EntityManager [SessionImpl(1294424331<open>)] for JPA transaction
2026-03-16 17:08:04 [http-nio-8080-exec-13] DEBUG o.s.orm.jpa.JpaTransactionManager - Participating in existing transaction
2026-03-16 17:08:04 [http-nio-8080-exec-13] DEBUG org.hibernate.SQL - select p1_0.progrm_file_nm,p1_0.progrm_dc,p1_0.progrm_korean_nm,p1_0.progrm_stre_path,p1_0.url from nprogrmlist p1_0
2026-03-16 17:08:04 [http-nio-8080-exec-13] DEBUG o.s.orm.jpa.JpaTransactionManager - Initiating transaction commit
2026-03-16 17:08:04 [http-nio-8080-exec-13] DEBUG o.s.orm.jpa.JpaTransactionManager - Committing JPA transaction on EntityManager [SessionImpl(1294424331<open>)]
2026-03-16 17:08:04 [http-nio-8080-exec-13] DEBUG o.s.orm.jpa.JpaTransactionManager - Closing JPA EntityManager [SessionImpl(1294424331<open>)] after transaction
2026-03-16 17:08:04 [http-nio-8080-exec-13] INFO  c.c.p.a.c.menu.MenuController - getLeftMenu returned 2 items
2026-03-16 17:08:04 [http-nio-8080-exec-13] DEBUG o.s.w.s.m.m.a.HttpEntityMethodProcessor - Using 'application/json', given [application/json, text/plain, */*] and supported [application/json, application/*+json, application/yaml]
2026-03-16 17:08:04 [http-nio-8080-exec-13] TRACE o.s.w.s.m.m.a.HttpEntityMethodProcessor - Writing [ApiResponse[success=true, status=200, code=COMMON_001, message=Success, data={list=[com.company.project.service.menu.dto.MenuDto@79050ee0, com.company.project.service.menu.dto.MenuDto@796bfe54]}, timestamp=2026-03-16T17:08:04.856630500]]
2026-03-16 17:08:04 [http-nio-8080-exec-13] INFO  c.c.p.a.i.OperationalAuditInterceptor - API Audit Log: URL=/api/v1/menu/left, User=webmaster, IP=127.0.0.1
2026-03-16 17:08:04 [http-nio-8080-exec-13] DEBUG o.s.web.servlet.DispatcherServlet - Completed 200 OK
2026-03-16 17:08:04 [http-nio-8080-exec-8] DEBUG c.c.p.s.jwt.JwtAuthenticationFilter - >>> [JwtFilter] Processing request: GET /api/v1/menu/left
2026-03-16 17:08:04 [http-nio-8080-exec-8] DEBUG c.c.p.s.jwt.JwtAuthenticationFilter - >>> [JwtFilter] Found token in header for path: /api/v1/menu/left
2026-03-16 17:08:04 [http-nio-8080-exec-8] DEBUG o.s.orm.jpa.JpaTransactionManager - Creating new transaction with name [com.company.project.security.iam.CustomUserDetailsService.loadUserByUsername]: PROPAGATION_REQUIRED,ISOLATION_DEFAULT,readOnly
2026-03-16 17:08:04 [http-nio-8080-exec-8] DEBUG o.s.orm.jpa.JpaTransactionManager - Opened new EntityManager [SessionImpl(1117764894<open>)] for JPA transaction
2026-03-16 17:08:05 [http-nio-8080-exec-8] DEBUG o.s.orm.jpa.JpaTransactionManager - Exposing JPA transaction as JDBC [org.springframework.orm.jpa.vendor.HibernateJpaDialect$HibernateConnectionHandle@15ea1dfd]
2026-03-16 17:08:05 [http-nio-8080-exec-8] DEBUG o.s.orm.jpa.JpaTransactionManager - Found thread-bound EntityManager [SessionImpl(1117764894<open>)] for JPA transaction
2026-03-16 17:08:05 [http-nio-8080-exec-8] DEBUG o.s.orm.jpa.JpaTransactionManager - Participating in existing transaction
2026-03-16 17:08:05 [http-nio-8080-exec-8] DEBUG org.hibernate.SQL - select u1_0.emplyr_id,u1_0.area_no,u1_0.brthdy,u1_0.chg_pwd_cnt,u1_0.frst_register_id,u1_0.frst_regist_pnttm,u1_0.detail_adres,u1_0.email_adres,u1_0.emplyr_sttus_code,u1_0.empl_no,u1_0.esntl_id,u1_0.fxnum,u1_0.group_id,u1_0.house_adres,u1_0.house_end_telno,u1_0.house_middle_telno,u1_0.ihidnum,u1_0.pstinst_code,u1_0.last_updusr_id,u1_0.last_updt_pnttm,u1_0.lock_at,u1_0.lock_cnt,u1_0.lock_last_pnttm,u1_0.mbtlnum,u1_0.ofcps_nm,u1_0.offm_telno,u1_0.orgnzt_id,u1_0.password,u1_0.password_cnsr,u1_0.password_hint,u1_0.chg_pwd_last_pnttm,u1_0.role,u1_0.sbscrb_de,u1_0.sexdstn_code,u1_0.crtfc_dn_value,u1_0.user_nm,u1_0.zip from nemplyrinfo u1_0 where u1_0.emplyr_id=?
2026-03-16 17:08:05 [http-nio-8080-exec-8] DEBUG o.s.orm.jpa.JpaTransactionManager - Found thread-bound EntityManager [SessionImpl(1117764894<open>)] for JPA transaction
2026-03-16 17:08:05 [http-nio-8080-exec-8] DEBUG o.s.orm.jpa.JpaTransactionManager - Participating in existing transaction
2026-03-16 17:08:05 [http-nio-8080-exec-8] DEBUG org.hibernate.SQL - select ua1_0.scrty_dtrmn_trget_id,ua1_0.author_code,ua1_0.frst_register_id,ua1_0.frst_regist_pnttm,ua1_0.last_updusr_id,ua1_0.last_updt_pnttm,ua1_0.mber_ty_code from nemplyrscrtyestbs ua1_0 where ua1_0.scrty_dtrmn_trget_id=?
2026-03-16 17:08:05 [http-nio-8080-exec-8] DEBUG o.s.orm.jpa.JpaTransactionManager - Initiating transaction commit
2026-03-16 17:08:05 [http-nio-8080-exec-8] DEBUG o.s.orm.jpa.JpaTransactionManager - Committing JPA transaction on EntityManager [SessionImpl(1117764894<open>)]
2026-03-16 17:08:05 [http-nio-8080-exec-8] DEBUG o.s.orm.jpa.JpaTransactionManager - Closing JPA EntityManager [SessionImpl(1117764894<open>)] after transaction
2026-03-16 17:08:05 [http-nio-8080-exec-8] DEBUG c.c.p.s.jwt.JwtAuthenticationFilter - >>> [JwtFilter] Successfully authenticated user: USRCNFRM_99999999999, Authorities: [ROLE_ADMIN]
2026-03-16 17:08:05 [http-nio-8080-exec-8] DEBUG o.s.web.servlet.DispatcherServlet - GET "/api/v1/menu/left?menuNo=50", parameters={masked}
2026-03-16 17:08:05 [http-nio-8080-exec-8] TRACE o.s.w.s.m.m.a.RequestMappingHandlerMapping - Mapped to com.company.project.api.controller.menu.MenuController#getLeftMenu(Long)
2026-03-16 17:08:05 [http-nio-8080-exec-8] INFO  c.c.p.a.c.menu.MenuController - getLeftMenu called with menuNo=50
2026-03-16 17:08:05 [http-nio-8080-exec-8] DEBUG o.s.orm.jpa.JpaTransactionManager - Creating new transaction with name [com.company.project.service.menu.MenuService.getSubMenus]: PROPAGATION_REQUIRED,ISOLATION_DEFAULT,readOnly
2026-03-16 17:08:05 [http-nio-8080-exec-8] DEBUG o.s.orm.jpa.JpaTransactionManager - Opened new EntityManager [SessionImpl(345621605<open>)] for JPA transaction
2026-03-16 17:08:05 [http-nio-8080-exec-8] DEBUG o.s.orm.jpa.JpaTransactionManager - Exposing JPA transaction as JDBC [org.springframework.orm.jpa.vendor.HibernateJpaDialect$HibernateConnectionHandle@1a69f52b]
2026-03-16 17:08:05 [http-nio-8080-exec-8] DEBUG org.hibernate.SQL - select m1_0.menu_no,m1_0.menu_dc,m1_0.menu_nm,m1_0.menu_ordr,m1_0.modern_route,m1_0.progrm_file_nm,m1_0.relate_image_nm,m1_0.relate_image_path,m1_0.route_updated_at,m1_0.upper_menu_no from nmenuinfo m1_0 order by m1_0.upper_menu_no,m1_0.menu_ordr
2026-03-16 17:08:05 [http-nio-8080-exec-8] DEBUG o.s.orm.jpa.JpaTransactionManager - Found thread-bound EntityManager [SessionImpl(345621605<open>)] for JPA transaction
2026-03-16 17:08:05 [http-nio-8080-exec-8] DEBUG o.s.orm.jpa.JpaTransactionManager - Participating in existing transaction
2026-03-16 17:08:05 [http-nio-8080-exec-8] DEBUG org.hibernate.SQL - select p1_0.progrm_file_nm,p1_0.progrm_dc,p1_0.progrm_korean_nm,p1_0.progrm_stre_path,p1_0.url from nprogrmlist p1_0
2026-03-16 17:08:05 [http-nio-8080-exec-8] DEBUG o.s.orm.jpa.JpaTransactionManager - Initiating transaction commit
2026-03-16 17:08:05 [http-nio-8080-exec-8] DEBUG o.s.orm.jpa.JpaTransactionManager - Committing JPA transaction on EntityManager [SessionImpl(345621605<open>)]
2026-03-16 17:08:06 [http-nio-8080-exec-8] DEBUG o.s.orm.jpa.JpaTransactionManager - Closing JPA EntityManager [SessionImpl(345621605<open>)] after transaction
2026-03-16 17:08:06 [http-nio-8080-exec-8] INFO  c.c.p.a.c.menu.MenuController - getLeftMenu returned 3 items
2026-03-16 17:08:06 [http-nio-8080-exec-8] DEBUG o.s.w.s.m.m.a.HttpEntityMethodProcessor - Using 'application/json', given [application/json, text/plain, */*] and supported [application/json, application/*+json, application/yaml]
2026-03-16 17:08:06 [http-nio-8080-exec-8] TRACE o.s.w.s.m.m.a.HttpEntityMethodProcessor - Writing [ApiResponse[success=true, status=200, code=COMMON_001, message=Success, data={list=[com.company.project.service.menu.dto.MenuDto@20ede8be, com.company.project.service.menu.dto.MenuDto@373c2ea, com.company.project.service.menu.dto.MenuDto@10ddd314]}, timestamp=2026-03-16T17:08:06.144959400]]
2026-03-16 17:08:06 [http-nio-8080-exec-8] INFO  c.c.p.a.i.OperationalAuditInterceptor - API Audit Log: URL=/api/v1/menu/left, User=webmaster, IP=127.0.0.1
2026-03-16 17:08:06 [http-nio-8080-exec-8] DEBUG o.s.web.servlet.DispatcherServlet - Completed 200 OK
2026-03-16 17:08:06 [http-nio-8080-exec-19] DEBUG c.c.p.s.jwt.JwtAuthenticationFilter - >>> [JwtFilter] Processing request: GET /api/v1/menu/left
2026-03-16 17:08:06 [http-nio-8080-exec-19] DEBUG c.c.p.s.jwt.JwtAuthenticationFilter - >>> [JwtFilter] Found token in header for path: /api/v1/menu/left
2026-03-16 17:08:06 [http-nio-8080-exec-19] DEBUG o.s.orm.jpa.JpaTransactionManager - Creating new transaction with name [com.company.project.security.iam.CustomUserDetailsService.loadUserByUsername]: PROPAGATION_REQUIRED,ISOLATION_DEFAULT,readOnly
2026-03-16 17:08:06 [http-nio-8080-exec-19] DEBUG o.s.orm.jpa.JpaTransactionManager - Opened new EntityManager [SessionImpl(1850311590<open>)] for JPA transaction
2026-03-16 17:08:06 [http-nio-8080-exec-19] DEBUG o.s.orm.jpa.JpaTransactionManager - Exposing JPA transaction as JDBC [org.springframework.orm.jpa.vendor.HibernateJpaDialect$HibernateConnectionHandle@a77e492]
2026-03-16 17:08:06 [http-nio-8080-exec-19] DEBUG o.s.orm.jpa.JpaTransactionManager - Found thread-bound EntityManager [SessionImpl(1850311590<open>)] for JPA transaction
2026-03-16 17:08:06 [http-nio-8080-exec-19] DEBUG o.s.orm.jpa.JpaTransactionManager - Participating in existing transaction
2026-03-16 17:08:06 [http-nio-8080-exec-19] DEBUG org.hibernate.SQL - select u1_0.emplyr_id,u1_0.area_no,u1_0.brthdy,u1_0.chg_pwd_cnt,u1_0.frst_register_id,u1_0.frst_regist_pnttm,u1_0.detail_adres,u1_0.email_adres,u1_0.emplyr_sttus_code,u1_0.empl_no,u1_0.esntl_id,u1_0.fxnum,u1_0.group_id,u1_0.house_adres,u1_0.house_end_telno,u1_0.house_middle_telno,u1_0.ihidnum,u1_0.pstinst_code,u1_0.last_updusr_id,u1_0.last_updt_pnttm,u1_0.lock_at,u1_0.lock_cnt,u1_0.lock_last_pnttm,u1_0.mbtlnum,u1_0.ofcps_nm,u1_0.offm_telno,u1_0.orgnzt_id,u1_0.password,u1_0.password_cnsr,u1_0.password_hint,u1_0.chg_pwd_last_pnttm,u1_0.role,u1_0.sbscrb_de,u1_0.sexdstn_code,u1_0.crtfc_dn_value,u1_0.user_nm,u1_0.zip from nemplyrinfo u1_0 where u1_0.emplyr_id=?
2026-03-16 17:08:06 [MessageBroker-1] DEBUG o.s.w.s.s.t.h.DefaultSockJsService - Closed 1 sessions: [zasq1mxq]
2026-03-16 17:08:06 [http-nio-8080-exec-19] DEBUG o.s.orm.jpa.JpaTransactionManager - Found thread-bound EntityManager [SessionImpl(1850311590<open>)] for JPA transaction
2026-03-16 17:08:06 [http-nio-8080-exec-19] DEBUG o.s.orm.jpa.JpaTransactionManager - Participating in existing transaction
2026-03-16 17:08:06 [http-nio-8080-exec-19] DEBUG org.hibernate.SQL - select ua1_0.scrty_dtrmn_trget_id,ua1_0.author_code,ua1_0.frst_register_id,ua1_0.frst_regist_pnttm,ua1_0.last_updusr_id,ua1_0.last_updt_pnttm,ua1_0.mber_ty_code from nemplyrscrtyestbs ua1_0 where ua1_0.scrty_dtrmn_trget_id=?
2026-03-16 17:08:06 [http-nio-8080-exec-19] DEBUG o.s.orm.jpa.JpaTransactionManager - Initiating transaction commit
2026-03-16 17:08:06 [http-nio-8080-exec-19] DEBUG o.s.orm.jpa.JpaTransactionManager - Committing JPA transaction on EntityManager [SessionImpl(1850311590<open>)]
2026-03-16 17:08:06 [http-nio-8080-exec-19] DEBUG o.s.orm.jpa.JpaTransactionManager - Closing JPA EntityManager [SessionImpl(1850311590<open>)] after transaction
2026-03-16 17:08:06 [http-nio-8080-exec-19] DEBUG c.c.p.s.jwt.JwtAuthenticationFilter - >>> [JwtFilter] Successfully authenticated user: USRCNFRM_99999999999, Authorities: [ROLE_ADMIN]
2026-03-16 17:08:06 [http-nio-8080-exec-19] DEBUG o.s.web.servlet.DispatcherServlet - GET "/api/v1/menu/left?menuNo=60", parameters={masked}
2026-03-16 17:08:06 [http-nio-8080-exec-19] TRACE o.s.w.s.m.m.a.RequestMappingHandlerMapping - Mapped to com.company.project.api.controller.menu.MenuController#getLeftMenu(Long)
2026-03-16 17:08:06 [http-nio-8080-exec-19] INFO  c.c.p.a.c.menu.MenuController - getLeftMenu called with menuNo=60
2026-03-16 17:08:06 [http-nio-8080-exec-19] DEBUG o.s.orm.jpa.JpaTransactionManager - Creating new transaction with name [com.company.project.service.menu.MenuService.getSubMenus]: PROPAGATION_REQUIRED,ISOLATION_DEFAULT,readOnly
2026-03-16 17:08:06 [http-nio-8080-exec-19] DEBUG o.s.orm.jpa.JpaTransactionManager - Opened new EntityManager [SessionImpl(1720577877<open>)] for JPA transaction
2026-03-16 17:08:06 [http-nio-8080-exec-19] DEBUG o.s.orm.jpa.JpaTransactionManager - Exposing JPA transaction as JDBC [org.springframework.orm.jpa.vendor.HibernateJpaDialect$HibernateConnectionHandle@427b69f1]
2026-03-16 17:08:06 [http-nio-8080-exec-19] DEBUG org.hibernate.SQL - select m1_0.menu_no,m1_0.menu_dc,m1_0.menu_nm,m1_0.menu_ordr,m1_0.modern_route,m1_0.progrm_file_nm,m1_0.relate_image_nm,m1_0.relate_image_path,m1_0.route_updated_at,m1_0.upper_menu_no from nmenuinfo m1_0 order by m1_0.upper_menu_no,m1_0.menu_ordr
2026-03-16 17:08:07 [http-nio-8080-exec-19] DEBUG o.s.orm.jpa.JpaTransactionManager - Found thread-bound EntityManager [SessionImpl(1720577877<open>)] for JPA transaction
2026-03-16 17:08:07 [http-nio-8080-exec-19] DEBUG o.s.orm.jpa.JpaTransactionManager - Participating in existing transaction
2026-03-16 17:08:07 [http-nio-8080-exec-19] DEBUG org.hibernate.SQL - select p1_0.progrm_file_nm,p1_0.progrm_dc,p1_0.progrm_korean_nm,p1_0.progrm_stre_path,p1_0.url from nprogrmlist p1_0
2026-03-16 17:08:07 [http-nio-8080-exec-19] DEBUG o.s.orm.jpa.JpaTransactionManager - Initiating transaction commit
2026-03-16 17:08:07 [http-nio-8080-exec-19] DEBUG o.s.orm.jpa.JpaTransactionManager - Committing JPA transaction on EntityManager [SessionImpl(1720577877<open>)]
2026-03-16 17:08:07 [http-nio-8080-exec-19] DEBUG o.s.orm.jpa.JpaTransactionManager - Closing JPA EntityManager [SessionImpl(1720577877<open>)] after transaction
2026-03-16 17:08:07 [http-nio-8080-exec-19] INFO  c.c.p.a.c.menu.MenuController - getLeftMenu returned 1 items
2026-03-16 17:08:07 [http-nio-8080-exec-19] DEBUG o.s.w.s.m.m.a.HttpEntityMethodProcessor - Using 'application/json', given [application/json, text/plain, */*] and supported [application/json, application/*+json, application/yaml]
2026-03-16 17:08:07 [http-nio-8080-exec-19] TRACE o.s.w.s.m.m.a.HttpEntityMethodProcessor - Writing [ApiResponse[success=true, status=200, code=COMMON_001, message=Success, data={list=[com.company.project.service.menu.dto.MenuDto@398323cb]}, timestamp=2026-03-16T17:08:07.446048200]]
2026-03-16 17:08:07 [http-nio-8080-exec-19] INFO  c.c.p.a.i.OperationalAuditInterceptor - API Audit Log: URL=/api/v1/menu/left, User=webmaster, IP=127.0.0.1
2026-03-16 17:08:07 [http-nio-8080-exec-19] DEBUG o.s.web.servlet.DispatcherServlet - Completed 200 OK
2026-03-16 17:08:30 [http-nio-8080-exec-12] DEBUG c.c.p.s.jwt.JwtAuthenticationFilter - >>> [JwtFilter] Processing request: GET /api/v1/menu/head
2026-03-16 17:08:30 [http-nio-8080-exec-12] DEBUG c.c.p.s.jwt.JwtAuthenticationFilter - >>> [JwtFilter] Found token in header for path: /api/v1/menu/head
2026-03-16 17:08:30 [http-nio-8080-exec-12] DEBUG o.s.orm.jpa.JpaTransactionManager - Creating new transaction with name [com.company.project.security.iam.CustomUserDetailsService.loadUserByUsername]: PROPAGATION_REQUIRED,ISOLATION_DEFAULT,readOnly
2026-03-16 17:08:30 [http-nio-8080-exec-12] DEBUG o.s.orm.jpa.JpaTransactionManager - Opened new EntityManager [SessionImpl(2122158079<open>)] for JPA transaction
2026-03-16 17:08:30 [http-nio-8080-exec-12] DEBUG o.s.orm.jpa.JpaTransactionManager - Exposing JPA transaction as JDBC [org.springframework.orm.jpa.vendor.HibernateJpaDialect$HibernateConnectionHandle@23235c73]
2026-03-16 17:08:30 [http-nio-8080-exec-12] DEBUG o.s.orm.jpa.JpaTransactionManager - Found thread-bound EntityManager [SessionImpl(2122158079<open>)] for JPA transaction
2026-03-16 17:08:30 [http-nio-8080-exec-12] DEBUG o.s.orm.jpa.JpaTransactionManager - Participating in existing transaction
2026-03-16 17:08:30 [http-nio-8080-exec-12] DEBUG org.hibernate.SQL - select u1_0.emplyr_id,u1_0.area_no,u1_0.brthdy,u1_0.chg_pwd_cnt,u1_0.frst_register_id,u1_0.frst_regist_pnttm,u1_0.detail_adres,u1_0.email_adres,u1_0.emplyr_sttus_code,u1_0.empl_no,u1_0.esntl_id,u1_0.fxnum,u1_0.group_id,u1_0.house_adres,u1_0.house_end_telno,u1_0.house_middle_telno,u1_0.ihidnum,u1_0.pstinst_code,u1_0.last_updusr_id,u1_0.last_updt_pnttm,u1_0.lock_at,u1_0.lock_cnt,u1_0.lock_last_pnttm,u1_0.mbtlnum,u1_0.ofcps_nm,u1_0.offm_telno,u1_0.orgnzt_id,u1_0.password,u1_0.password_cnsr,u1_0.password_hint,u1_0.chg_pwd_last_pnttm,u1_0.role,u1_0.sbscrb_de,u1_0.sexdstn_code,u1_0.crtfc_dn_value,u1_0.user_nm,u1_0.zip from nemplyrinfo u1_0 where u1_0.emplyr_id=?
2026-03-16 17:08:31 [http-nio-8080-exec-12] DEBUG o.s.orm.jpa.JpaTransactionManager - Found thread-bound EntityManager [SessionImpl(2122158079<open>)] for JPA transaction
2026-03-16 17:08:31 [http-nio-8080-exec-12] DEBUG o.s.orm.jpa.JpaTransactionManager - Participating in existing transaction
2026-03-16 17:08:31 [http-nio-8080-exec-12] DEBUG org.hibernate.SQL - select ua1_0.scrty_dtrmn_trget_id,ua1_0.author_code,ua1_0.frst_register_id,ua1_0.frst_regist_pnttm,ua1_0.last_updusr_id,ua1_0.last_updt_pnttm,ua1_0.mber_ty_code from nemplyrscrtyestbs ua1_0 where ua1_0.scrty_dtrmn_trget_id=?
2026-03-16 17:08:31 [http-nio-8080-exec-12] DEBUG o.s.orm.jpa.JpaTransactionManager - Initiating transaction commit
2026-03-16 17:08:31 [http-nio-8080-exec-12] DEBUG o.s.orm.jpa.JpaTransactionManager - Committing JPA transaction on EntityManager [SessionImpl(2122158079<open>)]
2026-03-16 17:08:31 [http-nio-8080-exec-12] DEBUG o.s.orm.jpa.JpaTransactionManager - Closing JPA EntityManager [SessionImpl(2122158079<open>)] after transaction
2026-03-16 17:08:31 [http-nio-8080-exec-12] DEBUG c.c.p.s.jwt.JwtAuthenticationFilter - >>> [JwtFilter] Successfully authenticated user: USRCNFRM_99999999999, Authorities: [ROLE_ADMIN]
2026-03-16 17:08:31 [http-nio-8080-exec-12] DEBUG o.s.web.servlet.DispatcherServlet - GET "/api/v1/menu/head", parameters={}
2026-03-16 17:08:31 [http-nio-8080-exec-12] TRACE o.s.w.s.m.m.a.RequestMappingHandlerMapping - Mapped to com.company.project.api.controller.menu.MenuController#getHeadMenu()
2026-03-16 17:08:31 [http-nio-8080-exec-12] INFO  c.c.p.a.c.menu.MenuController - getHeadMenu called
2026-03-16 17:08:31 [http-nio-8080-exec-12] INFO  c.c.p.a.c.menu.MenuController - getHeadMenu returned 5 items
2026-03-16 17:08:31 [http-nio-8080-exec-12] DEBUG o.s.w.s.m.m.a.HttpEntityMethodProcessor - Using 'application/json', given [application/json, text/plain, */*] and supported [application/json, application/*+json, application/yaml]
2026-03-16 17:08:31 [http-nio-8080-exec-12] TRACE o.s.w.s.m.m.a.HttpEntityMethodProcessor - Writing [ApiResponse[success=true, status=200, code=COMMON_001, message=Success, data={list=[com.company.project.service.menu.dto.MenuDto@2b80d6b0, com.company.project.service.menu.dto.MenuDto@1418cfa3, com.company.project.service.menu.dto.MenuDto@f230bf1, com.company.project.service.menu.dto.MenuDto@734a7f6a, com.company.project.service.menu.dto.MenuDto@5e5202e5]}, timestamp=2026-03-16T17:08:31.393664300]]
2026-03-16 17:08:31 [http-nio-8080-exec-12] INFO  c.c.p.a.i.OperationalAuditInterceptor - API Audit Log: URL=/api/v1/menu/head, User=webmaster, IP=0:0:0:0:0:0:0:1
2026-03-16 17:08:31 [http-nio-8080-exec-12] DEBUG o.s.web.servlet.DispatcherServlet - Completed 200 OK
2026-03-16 17:08:31 [http-nio-8080-exec-15] DEBUG c.c.p.s.jwt.JwtAuthenticationFilter - >>> [JwtFilter] Processing request: GET /api/v1/menu/left
2026-03-16 17:08:31 [http-nio-8080-exec-15] DEBUG c.c.p.s.jwt.JwtAuthenticationFilter - >>> [JwtFilter] Found token in header for path: /api/v1/menu/left
2026-03-16 17:08:31 [http-nio-8080-exec-15] DEBUG o.s.orm.jpa.JpaTransactionManager - Creating new transaction with name [com.company.project.security.iam.CustomUserDetailsService.loadUserByUsername]: PROPAGATION_REQUIRED,ISOLATION_DEFAULT,readOnly
2026-03-16 17:08:31 [http-nio-8080-exec-15] DEBUG o.s.orm.jpa.JpaTransactionManager - Opened new EntityManager [SessionImpl(836191190<open>)] for JPA transaction
2026-03-16 17:08:31 [http-nio-8080-exec-9] DEBUG c.c.p.s.jwt.JwtAuthenticationFilter - >>> [JwtFilter] Processing request: GET /api/v1/menu/left
2026-03-16 17:08:31 [http-nio-8080-exec-10] DEBUG c.c.p.s.jwt.JwtAuthenticationFilter - >>> [JwtFilter] Processing request: GET /api/v1/menu/left
2026-03-16 17:08:31 [http-nio-8080-exec-3] DEBUG c.c.p.s.jwt.JwtAuthenticationFilter - >>> [JwtFilter] Processing request: GET /api/v1/menu/left
2026-03-16 17:08:31 [http-nio-8080-exec-17] DEBUG c.c.p.s.jwt.JwtAuthenticationFilter - >>> [JwtFilter] Processing request: GET /api/v1/menu/left
2026-03-16 17:08:31 [http-nio-8080-exec-10] DEBUG c.c.p.s.jwt.JwtAuthenticationFilter - >>> [JwtFilter] Found token in header for path: /api/v1/menu/left
2026-03-16 17:08:31 [http-nio-8080-exec-9] DEBUG c.c.p.s.jwt.JwtAuthenticationFilter - >>> [JwtFilter] Found token in header for path: /api/v1/menu/left
2026-03-16 17:08:31 [http-nio-8080-exec-3] DEBUG c.c.p.s.jwt.JwtAuthenticationFilter - >>> [JwtFilter] Found token in header for path: /api/v1/menu/left
2026-03-16 17:08:31 [http-nio-8080-exec-17] DEBUG c.c.p.s.jwt.JwtAuthenticationFilter - >>> [JwtFilter] Found token in header for path: /api/v1/menu/left
2026-03-16 17:08:31 [http-nio-8080-exec-9] DEBUG o.s.orm.jpa.JpaTransactionManager - Creating new transaction with name [com.company.project.security.iam.CustomUserDetailsService.loadUserByUsername]: PROPAGATION_REQUIRED,ISOLATION_DEFAULT,readOnly
2026-03-16 17:08:31 [http-nio-8080-exec-3] DEBUG o.s.orm.jpa.JpaTransactionManager - Creating new transaction with name [com.company.project.security.iam.CustomUserDetailsService.loadUserByUsername]: PROPAGATION_REQUIRED,ISOLATION_DEFAULT,readOnly
2026-03-16 17:08:31 [http-nio-8080-exec-17] DEBUG o.s.orm.jpa.JpaTransactionManager - Creating new transaction with name [com.company.project.security.iam.CustomUserDetailsService.loadUserByUsername]: PROPAGATION_REQUIRED,ISOLATION_DEFAULT,readOnly
2026-03-16 17:08:31 [http-nio-8080-exec-10] DEBUG o.s.orm.jpa.JpaTransactionManager - Creating new transaction with name [com.company.project.security.iam.CustomUserDetailsService.loadUserByUsername]: PROPAGATION_REQUIRED,ISOLATION_DEFAULT,readOnly
2026-03-16 17:08:31 [http-nio-8080-exec-9] DEBUG o.s.orm.jpa.JpaTransactionManager - Opened new EntityManager [SessionImpl(2071993996<open>)] for JPA transaction
2026-03-16 17:08:31 [http-nio-8080-exec-3] DEBUG o.s.orm.jpa.JpaTransactionManager - Opened new EntityManager [SessionImpl(945500006<open>)] for JPA transaction
2026-03-16 17:08:31 [http-nio-8080-exec-10] DEBUG o.s.orm.jpa.JpaTransactionManager - Opened new EntityManager [SessionImpl(2093313917<open>)] for JPA transaction
2026-03-16 17:08:31 [http-nio-8080-exec-17] DEBUG o.s.orm.jpa.JpaTransactionManager - Opened new EntityManager [SessionImpl(1299937761<open>)] for JPA transaction
2026-03-16 17:08:31 [http-nio-8080-exec-15] DEBUG o.s.orm.jpa.JpaTransactionManager - Exposing JPA transaction as JDBC [org.springframework.orm.jpa.vendor.HibernateJpaDialect$HibernateConnectionHandle@4ea3f16e]
2026-03-16 17:08:31 [http-nio-8080-exec-15] DEBUG o.s.orm.jpa.JpaTransactionManager - Found thread-bound EntityManager [SessionImpl(836191190<open>)] for JPA transaction
2026-03-16 17:08:31 [http-nio-8080-exec-15] DEBUG o.s.orm.jpa.JpaTransactionManager - Participating in existing transaction
2026-03-16 17:08:31 [http-nio-8080-exec-15] DEBUG org.hibernate.SQL - select u1_0.emplyr_id,u1_0.area_no,u1_0.brthdy,u1_0.chg_pwd_cnt,u1_0.frst_register_id,u1_0.frst_regist_pnttm,u1_0.detail_adres,u1_0.email_adres,u1_0.emplyr_sttus_code,u1_0.empl_no,u1_0.esntl_id,u1_0.fxnum,u1_0.group_id,u1_0.house_adres,u1_0.house_end_telno,u1_0.house_middle_telno,u1_0.ihidnum,u1_0.pstinst_code,u1_0.last_updusr_id,u1_0.last_updt_pnttm,u1_0.lock_at,u1_0.lock_cnt,u1_0.lock_last_pnttm,u1_0.mbtlnum,u1_0.ofcps_nm,u1_0.offm_telno,u1_0.orgnzt_id,u1_0.password,u1_0.password_cnsr,u1_0.password_hint,u1_0.chg_pwd_last_pnttm,u1_0.role,u1_0.sbscrb_de,u1_0.sexdstn_code,u1_0.crtfc_dn_value,u1_0.user_nm,u1_0.zip from nemplyrinfo u1_0 where u1_0.emplyr_id=?
2026-03-16 17:08:31 [http-nio-8080-exec-10] DEBUG o.s.orm.jpa.JpaTransactionManager - Exposing JPA transaction as JDBC [org.springframework.orm.jpa.vendor.HibernateJpaDialect$HibernateConnectionHandle@4a74e394]
2026-03-16 17:08:31 [http-nio-8080-exec-10] DEBUG o.s.orm.jpa.JpaTransactionManager - Found thread-bound EntityManager [SessionImpl(2093313917<open>)] for JPA transaction
2026-03-16 17:08:31 [http-nio-8080-exec-10] DEBUG o.s.orm.jpa.JpaTransactionManager - Participating in existing transaction
2026-03-16 17:08:31 [http-nio-8080-exec-10] DEBUG org.hibernate.SQL - select u1_0.emplyr_id,u1_0.area_no,u1_0.brthdy,u1_0.chg_pwd_cnt,u1_0.frst_register_id,u1_0.frst_regist_pnttm,u1_0.detail_adres,u1_0.email_adres,u1_0.emplyr_sttus_code,u1_0.empl_no,u1_0.esntl_id,u1_0.fxnum,u1_0.group_id,u1_0.house_adres,u1_0.house_end_telno,u1_0.house_middle_telno,u1_0.ihidnum,u1_0.pstinst_code,u1_0.last_updusr_id,u1_0.last_updt_pnttm,u1_0.lock_at,u1_0.lock_cnt,u1_0.lock_last_pnttm,u1_0.mbtlnum,u1_0.ofcps_nm,u1_0.offm_telno,u1_0.orgnzt_id,u1_0.password,u1_0.password_cnsr,u1_0.password_hint,u1_0.chg_pwd_last_pnttm,u1_0.role,u1_0.sbscrb_de,u1_0.sexdstn_code,u1_0.crtfc_dn_value,u1_0.user_nm,u1_0.zip from nemplyrinfo u1_0 where u1_0.emplyr_id=?
2026-03-16 17:08:31 [http-nio-8080-exec-3] DEBUG o.s.orm.jpa.JpaTransactionManager - Exposing JPA transaction as JDBC [org.springframework.orm.jpa.vendor.HibernateJpaDialect$HibernateConnectionHandle@7dd7154c]
2026-03-16 17:08:31 [http-nio-8080-exec-17] DEBUG o.s.orm.jpa.JpaTransactionManager - Exposing JPA transaction as JDBC [org.springframework.orm.jpa.vendor.HibernateJpaDialect$HibernateConnectionHandle@49b74062]
2026-03-16 17:08:31 [http-nio-8080-exec-9] DEBUG o.s.orm.jpa.JpaTransactionManager - Exposing JPA transaction as JDBC [org.springframework.orm.jpa.vendor.HibernateJpaDialect$HibernateConnectionHandle@63784801]
2026-03-16 17:08:31 [http-nio-8080-exec-17] DEBUG o.s.orm.jpa.JpaTransactionManager - Found thread-bound EntityManager [SessionImpl(1299937761<open>)] for JPA transaction
2026-03-16 17:08:31 [http-nio-8080-exec-3] DEBUG o.s.orm.jpa.JpaTransactionManager - Found thread-bound EntityManager [SessionImpl(945500006<open>)] for JPA transaction
2026-03-16 17:08:31 [http-nio-8080-exec-17] DEBUG o.s.orm.jpa.JpaTransactionManager - Participating in existing transaction
2026-03-16 17:08:31 [http-nio-8080-exec-3] DEBUG o.s.orm.jpa.JpaTransactionManager - Participating in existing transaction
2026-03-16 17:08:31 [http-nio-8080-exec-9] DEBUG o.s.orm.jpa.JpaTransactionManager - Found thread-bound EntityManager [SessionImpl(2071993996<open>)] for JPA transaction
2026-03-16 17:08:31 [http-nio-8080-exec-9] DEBUG o.s.orm.jpa.JpaTransactionManager - Participating in existing transaction
2026-03-16 17:08:31 [http-nio-8080-exec-3] DEBUG org.hibernate.SQL - select u1_0.emplyr_id,u1_0.area_no,u1_0.brthdy,u1_0.chg_pwd_cnt,u1_0.frst_register_id,u1_0.frst_regist_pnttm,u1_0.detail_adres,u1_0.email_adres,u1_0.emplyr_sttus_code,u1_0.empl_no,u1_0.esntl_id,u1_0.fxnum,u1_0.group_id,u1_0.house_adres,u1_0.house_end_telno,u1_0.house_middle_telno,u1_0.ihidnum,u1_0.pstinst_code,u1_0.last_updusr_id,u1_0.last_updt_pnttm,u1_0.lock_at,u1_0.lock_cnt,u1_0.lock_last_pnttm,u1_0.mbtlnum,u1_0.ofcps_nm,u1_0.offm_telno,u1_0.orgnzt_id,u1_0.password,u1_0.password_cnsr,u1_0.password_hint,u1_0.chg_pwd_last_pnttm,u1_0.role,u1_0.sbscrb_de,u1_0.sexdstn_code,u1_0.crtfc_dn_value,u1_0.user_nm,u1_0.zip from nemplyrinfo u1_0 where u1_0.emplyr_id=?
2026-03-16 17:08:31 [http-nio-8080-exec-17] DEBUG org.hibernate.SQL - select u1_0.emplyr_id,u1_0.area_no,u1_0.brthdy,u1_0.chg_pwd_cnt,u1_0.frst_register_id,u1_0.frst_regist_pnttm,u1_0.detail_adres,u1_0.email_adres,u1_0.emplyr_sttus_code,u1_0.empl_no,u1_0.esntl_id,u1_0.fxnum,u1_0.group_id,u1_0.house_adres,u1_0.house_end_telno,u1_0.house_middle_telno,u1_0.ihidnum,u1_0.pstinst_code,u1_0.last_updusr_id,u1_0.last_updt_pnttm,u1_0.lock_at,u1_0.lock_cnt,u1_0.lock_last_pnttm,u1_0.mbtlnum,u1_0.ofcps_nm,u1_0.offm_telno,u1_0.orgnzt_id,u1_0.password,u1_0.password_cnsr,u1_0.password_hint,u1_0.chg_pwd_last_pnttm,u1_0.role,u1_0.sbscrb_de,u1_0.sexdstn_code,u1_0.crtfc_dn_value,u1_0.user_nm,u1_0.zip from nemplyrinfo u1_0 where u1_0.emplyr_id=?
2026-03-16 17:08:31 [http-nio-8080-exec-9] DEBUG org.hibernate.SQL - select u1_0.emplyr_id,u1_0.area_no,u1_0.brthdy,u1_0.chg_pwd_cnt,u1_0.frst_register_id,u1_0.frst_regist_pnttm,u1_0.detail_adres,u1_0.email_adres,u1_0.emplyr_sttus_code,u1_0.empl_no,u1_0.esntl_id,u1_0.fxnum,u1_0.group_id,u1_0.house_adres,u1_0.house_end_telno,u1_0.house_middle_telno,u1_0.ihidnum,u1_0.pstinst_code,u1_0.last_updusr_id,u1_0.last_updt_pnttm,u1_0.lock_at,u1_0.lock_cnt,u1_0.lock_last_pnttm,u1_0.mbtlnum,u1_0.ofcps_nm,u1_0.offm_telno,u1_0.orgnzt_id,u1_0.password,u1_0.password_cnsr,u1_0.password_hint,u1_0.chg_pwd_last_pnttm,u1_0.role,u1_0.sbscrb_de,u1_0.sexdstn_code,u1_0.crtfc_dn_value,u1_0.user_nm,u1_0.zip from nemplyrinfo u1_0 where u1_0.emplyr_id=?
2026-03-16 17:08:31 [http-nio-8080-exec-15] DEBUG o.s.orm.jpa.JpaTransactionManager - Found thread-bound EntityManager [SessionImpl(836191190<open>)] for JPA transaction
2026-03-16 17:08:31 [http-nio-8080-exec-15] DEBUG o.s.orm.jpa.JpaTransactionManager - Participating in existing transaction
2026-03-16 17:08:31 [http-nio-8080-exec-15] DEBUG org.hibernate.SQL - select ua1_0.scrty_dtrmn_trget_id,ua1_0.author_code,ua1_0.frst_register_id,ua1_0.frst_regist_pnttm,ua1_0.last_updusr_id,ua1_0.last_updt_pnttm,ua1_0.mber_ty_code from nemplyrscrtyestbs ua1_0 where ua1_0.scrty_dtrmn_trget_id=?
2026-03-16 17:08:31 [http-nio-8080-exec-10] DEBUG o.s.orm.jpa.JpaTransactionManager - Found thread-bound EntityManager [SessionImpl(2093313917<open>)] for JPA transaction
2026-03-16 17:08:31 [http-nio-8080-exec-10] DEBUG o.s.orm.jpa.JpaTransactionManager - Participating in existing transaction
2026-03-16 17:08:31 [http-nio-8080-exec-10] DEBUG org.hibernate.SQL - select ua1_0.scrty_dtrmn_trget_id,ua1_0.author_code,ua1_0.frst_register_id,ua1_0.frst_regist_pnttm,ua1_0.last_updusr_id,ua1_0.last_updt_pnttm,ua1_0.mber_ty_code from nemplyrscrtyestbs ua1_0 where ua1_0.scrty_dtrmn_trget_id=?
2026-03-16 17:08:31 [http-nio-8080-exec-9] DEBUG o.s.orm.jpa.JpaTransactionManager - Found thread-bound EntityManager [SessionImpl(2071993996<open>)] for JPA transaction
2026-03-16 17:08:31 [http-nio-8080-exec-3] DEBUG o.s.orm.jpa.JpaTransactionManager - Found thread-bound EntityManager [SessionImpl(945500006<open>)] for JPA transaction
2026-03-16 17:08:31 [http-nio-8080-exec-17] DEBUG o.s.orm.jpa.JpaTransactionManager - Found thread-bound EntityManager [SessionImpl(1299937761<open>)] for JPA transaction
2026-03-16 17:08:31 [http-nio-8080-exec-9] DEBUG o.s.orm.jpa.JpaTransactionManager - Participating in existing transaction
2026-03-16 17:08:31 [http-nio-8080-exec-3] DEBUG o.s.orm.jpa.JpaTransactionManager - Participating in existing transaction
2026-03-16 17:08:31 [http-nio-8080-exec-17] DEBUG o.s.orm.jpa.JpaTransactionManager - Participating in existing transaction
2026-03-16 17:08:31 [http-nio-8080-exec-17] DEBUG org.hibernate.SQL - select ua1_0.scrty_dtrmn_trget_id,ua1_0.author_code,ua1_0.frst_register_id,ua1_0.frst_regist_pnttm,ua1_0.last_updusr_id,ua1_0.last_updt_pnttm,ua1_0.mber_ty_code from nemplyrscrtyestbs ua1_0 where ua1_0.scrty_dtrmn_trget_id=?
2026-03-16 17:08:31 [http-nio-8080-exec-9] DEBUG org.hibernate.SQL - select ua1_0.scrty_dtrmn_trget_id,ua1_0.author_code,ua1_0.frst_register_id,ua1_0.frst_regist_pnttm,ua1_0.last_updusr_id,ua1_0.last_updt_pnttm,ua1_0.mber_ty_code from nemplyrscrtyestbs ua1_0 where ua1_0.scrty_dtrmn_trget_id=?
2026-03-16 17:08:31 [http-nio-8080-exec-3] DEBUG org.hibernate.SQL - select ua1_0.scrty_dtrmn_trget_id,ua1_0.author_code,ua1_0.frst_register_id,ua1_0.frst_regist_pnttm,ua1_0.last_updusr_id,ua1_0.last_updt_pnttm,ua1_0.mber_ty_code from nemplyrscrtyestbs ua1_0 where ua1_0.scrty_dtrmn_trget_id=?
2026-03-16 17:08:31 [http-nio-8080-exec-15] DEBUG o.s.orm.jpa.JpaTransactionManager - Initiating transaction commit
2026-03-16 17:08:31 [http-nio-8080-exec-15] DEBUG o.s.orm.jpa.JpaTransactionManager - Committing JPA transaction on EntityManager [SessionImpl(836191190<open>)]
2026-03-16 17:08:31 [http-nio-8080-exec-10] DEBUG o.s.orm.jpa.JpaTransactionManager - Initiating transaction commit
2026-03-16 17:08:31 [http-nio-8080-exec-10] DEBUG o.s.orm.jpa.JpaTransactionManager - Committing JPA transaction on EntityManager [SessionImpl(2093313917<open>)]
2026-03-16 17:08:31 [http-nio-8080-exec-17] DEBUG o.s.orm.jpa.JpaTransactionManager - Initiating transaction commit
2026-03-16 17:08:31 [http-nio-8080-exec-9] DEBUG o.s.orm.jpa.JpaTransactionManager - Initiating transaction commit
2026-03-16 17:08:31 [http-nio-8080-exec-3] DEBUG o.s.orm.jpa.JpaTransactionManager - Initiating transaction commit
2026-03-16 17:08:31 [http-nio-8080-exec-17] DEBUG o.s.orm.jpa.JpaTransactionManager - Committing JPA transaction on EntityManager [SessionImpl(1299937761<open>)]
2026-03-16 17:08:31 [http-nio-8080-exec-9] DEBUG o.s.orm.jpa.JpaTransactionManager - Committing JPA transaction on EntityManager [SessionImpl(2071993996<open>)]
2026-03-16 17:08:31 [http-nio-8080-exec-3] DEBUG o.s.orm.jpa.JpaTransactionManager - Committing JPA transaction on EntityManager [SessionImpl(945500006<open>)]
2026-03-16 17:08:32 [http-nio-8080-exec-15] DEBUG o.s.orm.jpa.JpaTransactionManager - Closing JPA EntityManager [SessionImpl(836191190<open>)] after transaction
2026-03-16 17:08:32 [http-nio-8080-exec-15] DEBUG c.c.p.s.jwt.JwtAuthenticationFilter - >>> [JwtFilter] Successfully authenticated user: USRCNFRM_99999999999, Authorities: [ROLE_ADMIN]
2026-03-16 17:08:32 [http-nio-8080-exec-15] DEBUG o.s.web.servlet.DispatcherServlet - GET "/api/v1/menu/left?menuNo=10", parameters={masked}
2026-03-16 17:08:32 [http-nio-8080-exec-15] TRACE o.s.w.s.m.m.a.RequestMappingHandlerMapping - Mapped to com.company.project.api.controller.menu.MenuController#getLeftMenu(Long)
2026-03-16 17:08:32 [http-nio-8080-exec-15] INFO  c.c.p.a.c.menu.MenuController - getLeftMenu called with menuNo=10
2026-03-16 17:08:32 [http-nio-8080-exec-15] DEBUG o.s.orm.jpa.JpaTransactionManager - Creating new transaction with name [com.company.project.service.menu.MenuService.getSubMenus]: PROPAGATION_REQUIRED,ISOLATION_DEFAULT,readOnly
2026-03-16 17:08:32 [http-nio-8080-exec-15] DEBUG o.s.orm.jpa.JpaTransactionManager - Opened new EntityManager [SessionImpl(872671403<open>)] for JPA transaction
2026-03-16 17:08:32 [http-nio-8080-exec-15] DEBUG o.s.orm.jpa.JpaTransactionManager - Exposing JPA transaction as JDBC [org.springframework.orm.jpa.vendor.HibernateJpaDialect$HibernateConnectionHandle@617b37a6]
2026-03-16 17:08:32 [http-nio-8080-exec-10] DEBUG o.s.orm.jpa.JpaTransactionManager - Closing JPA EntityManager [SessionImpl(2093313917<open>)] after transaction
2026-03-16 17:08:32 [http-nio-8080-exec-15] DEBUG org.hibernate.SQL - select m1_0.menu_no,m1_0.menu_dc,m1_0.menu_nm,m1_0.menu_ordr,m1_0.modern_route,m1_0.progrm_file_nm,m1_0.relate_image_nm,m1_0.relate_image_path,m1_0.route_updated_at,m1_0.upper_menu_no from nmenuinfo m1_0 order by m1_0.upper_menu_no,m1_0.menu_ordr
2026-03-16 17:08:32 [http-nio-8080-exec-10] DEBUG c.c.p.s.jwt.JwtAuthenticationFilter - >>> [JwtFilter] Successfully authenticated user: USRCNFRM_99999999999, Authorities: [ROLE_ADMIN]
2026-03-16 17:08:32 [http-nio-8080-exec-10] DEBUG o.s.web.servlet.DispatcherServlet - GET "/api/v1/menu/left?menuNo=40", parameters={masked}
2026-03-16 17:08:32 [http-nio-8080-exec-10] TRACE o.s.w.s.m.m.a.RequestMappingHandlerMapping - Mapped to com.company.project.api.controller.menu.MenuController#getLeftMenu(Long)
2026-03-16 17:08:32 [http-nio-8080-exec-10] INFO  c.c.p.a.c.menu.MenuController - getLeftMenu called with menuNo=40
2026-03-16 17:08:32 [http-nio-8080-exec-10] DEBUG o.s.orm.jpa.JpaTransactionManager - Creating new transaction with name [com.company.project.service.menu.MenuService.getSubMenus]: PROPAGATION_REQUIRED,ISOLATION_DEFAULT,readOnly
2026-03-16 17:08:32 [http-nio-8080-exec-10] DEBUG o.s.orm.jpa.JpaTransactionManager - Opened new EntityManager [SessionImpl(1108774984<open>)] for JPA transaction
2026-03-16 17:08:32 [http-nio-8080-exec-10] DEBUG o.s.orm.jpa.JpaTransactionManager - Exposing JPA transaction as JDBC [org.springframework.orm.jpa.vendor.HibernateJpaDialect$HibernateConnectionHandle@1e9c1d7e]
2026-03-16 17:08:32 [http-nio-8080-exec-10] DEBUG org.hibernate.SQL - select m1_0.menu_no,m1_0.menu_dc,m1_0.menu_nm,m1_0.menu_ordr,m1_0.modern_route,m1_0.progrm_file_nm,m1_0.relate_image_nm,m1_0.relate_image_path,m1_0.route_updated_at,m1_0.upper_menu_no from nmenuinfo m1_0 order by m1_0.upper_menu_no,m1_0.menu_ordr
2026-03-16 17:08:32 [http-nio-8080-exec-3] DEBUG o.s.orm.jpa.JpaTransactionManager - Closing JPA EntityManager [SessionImpl(945500006<open>)] after transaction
2026-03-16 17:08:32 [http-nio-8080-exec-17] DEBUG o.s.orm.jpa.JpaTransactionManager - Closing JPA EntityManager [SessionImpl(1299937761<open>)] after transaction
2026-03-16 17:08:32 [http-nio-8080-exec-9] DEBUG o.s.orm.jpa.JpaTransactionManager - Closing JPA EntityManager [SessionImpl(2071993996<open>)] after transaction
2026-03-16 17:08:32 [http-nio-8080-exec-3] DEBUG c.c.p.s.jwt.JwtAuthenticationFilter - >>> [JwtFilter] Successfully authenticated user: USRCNFRM_99999999999, Authorities: [ROLE_ADMIN]
2026-03-16 17:08:32 [http-nio-8080-exec-17] DEBUG c.c.p.s.jwt.JwtAuthenticationFilter - >>> [JwtFilter] Successfully authenticated user: USRCNFRM_99999999999, Authorities: [ROLE_ADMIN]
2026-03-16 17:08:32 [http-nio-8080-exec-9] DEBUG c.c.p.s.jwt.JwtAuthenticationFilter - >>> [JwtFilter] Successfully authenticated user: USRCNFRM_99999999999, Authorities: [ROLE_ADMIN]
2026-03-16 17:08:32 [http-nio-8080-exec-3] DEBUG o.s.web.servlet.DispatcherServlet - GET "/api/v1/menu/left?menuNo=60", parameters={masked}
2026-03-16 17:08:32 [http-nio-8080-exec-17] DEBUG o.s.web.servlet.DispatcherServlet - GET "/api/v1/menu/left?menuNo=50", parameters={masked}
2026-03-16 17:08:32 [http-nio-8080-exec-9] DEBUG o.s.web.servlet.DispatcherServlet - GET "/api/v1/menu/left?menuNo=20", parameters={masked}
2026-03-16 17:08:32 [http-nio-8080-exec-3] TRACE o.s.w.s.m.m.a.RequestMappingHandlerMapping - Mapped to com.company.project.api.controller.menu.MenuController#getLeftMenu(Long)
2026-03-16 17:08:32 [http-nio-8080-exec-17] TRACE o.s.w.s.m.m.a.RequestMappingHandlerMapping - Mapped to com.company.project.api.controller.menu.MenuController#getLeftMenu(Long)
2026-03-16 17:08:32 [http-nio-8080-exec-9] TRACE o.s.w.s.m.m.a.RequestMappingHandlerMapping - Mapped to com.company.project.api.controller.menu.MenuController#getLeftMenu(Long)
2026-03-16 17:08:32 [http-nio-8080-exec-3] INFO  c.c.p.a.c.menu.MenuController - getLeftMenu called with menuNo=60
2026-03-16 17:08:32 [http-nio-8080-exec-17] INFO  c.c.p.a.c.menu.MenuController - getLeftMenu called with menuNo=50
2026-03-16 17:08:32 [http-nio-8080-exec-9] INFO  c.c.p.a.c.menu.MenuController - getLeftMenu called with menuNo=20
2026-03-16 17:08:32 [http-nio-8080-exec-3] DEBUG o.s.orm.jpa.JpaTransactionManager - Creating new transaction with name [com.company.project.service.menu.MenuService.getSubMenus]: PROPAGATION_REQUIRED,ISOLATION_DEFAULT,readOnly
2026-03-16 17:08:32 [http-nio-8080-exec-9] DEBUG o.s.orm.jpa.JpaTransactionManager - Creating new transaction with name [com.company.project.service.menu.MenuService.getSubMenus]: PROPAGATION_REQUIRED,ISOLATION_DEFAULT,readOnly
2026-03-16 17:08:32 [http-nio-8080-exec-17] DEBUG o.s.orm.jpa.JpaTransactionManager - Creating new transaction with name [com.company.project.service.menu.MenuService.getSubMenus]: PROPAGATION_REQUIRED,ISOLATION_DEFAULT,readOnly
2026-03-16 17:08:32 [http-nio-8080-exec-9] DEBUG o.s.orm.jpa.JpaTransactionManager - Opened new EntityManager [SessionImpl(630267740<open>)] for JPA transaction
2026-03-16 17:08:32 [http-nio-8080-exec-3] DEBUG o.s.orm.jpa.JpaTransactionManager - Opened new EntityManager [SessionImpl(705344387<open>)] for JPA transaction
2026-03-16 17:08:32 [http-nio-8080-exec-17] DEBUG o.s.orm.jpa.JpaTransactionManager - Opened new EntityManager [SessionImpl(891434850<open>)] for JPA transaction
2026-03-16 17:08:32 [http-nio-8080-exec-3] DEBUG o.s.orm.jpa.JpaTransactionManager - Exposing JPA transaction as JDBC [org.springframework.orm.jpa.vendor.HibernateJpaDialect$HibernateConnectionHandle@304a6bd7]
2026-03-16 17:08:32 [http-nio-8080-exec-9] DEBUG o.s.orm.jpa.JpaTransactionManager - Exposing JPA transaction as JDBC [org.springframework.orm.jpa.vendor.HibernateJpaDialect$HibernateConnectionHandle@79f0a226]
2026-03-16 17:08:32 [http-nio-8080-exec-17] DEBUG o.s.orm.jpa.JpaTransactionManager - Exposing JPA transaction as JDBC [org.springframework.orm.jpa.vendor.HibernateJpaDialect$HibernateConnectionHandle@8de794f]
2026-03-16 17:08:32 [http-nio-8080-exec-17] DEBUG org.hibernate.SQL - select m1_0.menu_no,m1_0.menu_dc,m1_0.menu_nm,m1_0.menu_ordr,m1_0.modern_route,m1_0.progrm_file_nm,m1_0.relate_image_nm,m1_0.relate_image_path,m1_0.route_updated_at,m1_0.upper_menu_no from nmenuinfo m1_0 order by m1_0.upper_menu_no,m1_0.menu_ordr
2026-03-16 17:08:32 [http-nio-8080-exec-3] DEBUG org.hibernate.SQL - select m1_0.menu_no,m1_0.menu_dc,m1_0.menu_nm,m1_0.menu_ordr,m1_0.modern_route,m1_0.progrm_file_nm,m1_0.relate_image_nm,m1_0.relate_image_path,m1_0.route_updated_at,m1_0.upper_menu_no from nmenuinfo m1_0 order by m1_0.upper_menu_no,m1_0.menu_ordr
2026-03-16 17:08:32 [http-nio-8080-exec-9] DEBUG org.hibernate.SQL - select m1_0.menu_no,m1_0.menu_dc,m1_0.menu_nm,m1_0.menu_ordr,m1_0.modern_route,m1_0.progrm_file_nm,m1_0.relate_image_nm,m1_0.relate_image_path,m1_0.route_updated_at,m1_0.upper_menu_no from nmenuinfo m1_0 order by m1_0.upper_menu_no,m1_0.menu_ordr
2026-03-16 17:08:32 [http-nio-8080-exec-15] DEBUG o.s.orm.jpa.JpaTransactionManager - Found thread-bound EntityManager [SessionImpl(872671403<open>)] for JPA transaction
2026-03-16 17:08:32 [http-nio-8080-exec-15] DEBUG o.s.orm.jpa.JpaTransactionManager - Participating in existing transaction
2026-03-16 17:08:32 [http-nio-8080-exec-15] DEBUG org.hibernate.SQL - select p1_0.progrm_file_nm,p1_0.progrm_dc,p1_0.progrm_korean_nm,p1_0.progrm_stre_path,p1_0.url from nprogrmlist p1_0
2026-03-16 17:08:32 [http-nio-8080-exec-10] DEBUG o.s.orm.jpa.JpaTransactionManager - Found thread-bound EntityManager [SessionImpl(1108774984<open>)] for JPA transaction
2026-03-16 17:08:32 [http-nio-8080-exec-10] DEBUG o.s.orm.jpa.JpaTransactionManager - Participating in existing transaction
2026-03-16 17:08:32 [http-nio-8080-exec-10] DEBUG org.hibernate.SQL - select p1_0.progrm_file_nm,p1_0.progrm_dc,p1_0.progrm_korean_nm,p1_0.progrm_stre_path,p1_0.url from nprogrmlist p1_0
2026-03-16 17:08:32 [http-nio-8080-exec-9] DEBUG o.s.orm.jpa.JpaTransactionManager - Found thread-bound EntityManager [SessionImpl(630267740<open>)] for JPA transaction
2026-03-16 17:08:32 [http-nio-8080-exec-17] DEBUG o.s.orm.jpa.JpaTransactionManager - Found thread-bound EntityManager [SessionImpl(891434850<open>)] for JPA transaction
2026-03-16 17:08:32 [http-nio-8080-exec-9] DEBUG o.s.orm.jpa.JpaTransactionManager - Participating in existing transaction
2026-03-16 17:08:32 [http-nio-8080-exec-17] DEBUG o.s.orm.jpa.JpaTransactionManager - Participating in existing transaction
2026-03-16 17:08:32 [http-nio-8080-exec-3] DEBUG o.s.orm.jpa.JpaTransactionManager - Found thread-bound EntityManager [SessionImpl(705344387<open>)] for JPA transaction
2026-03-16 17:08:32 [http-nio-8080-exec-3] DEBUG o.s.orm.jpa.JpaTransactionManager - Participating in existing transaction
2026-03-16 17:08:32 [http-nio-8080-exec-3] DEBUG org.hibernate.SQL - select p1_0.progrm_file_nm,p1_0.progrm_dc,p1_0.progrm_korean_nm,p1_0.progrm_stre_path,p1_0.url from nprogrmlist p1_0
2026-03-16 17:08:32 [http-nio-8080-exec-9] DEBUG org.hibernate.SQL - select p1_0.progrm_file_nm,p1_0.progrm_dc,p1_0.progrm_korean_nm,p1_0.progrm_stre_path,p1_0.url from nprogrmlist p1_0
2026-03-16 17:08:32 [http-nio-8080-exec-17] DEBUG org.hibernate.SQL - select p1_0.progrm_file_nm,p1_0.progrm_dc,p1_0.progrm_korean_nm,p1_0.progrm_stre_path,p1_0.url from nprogrmlist p1_0
2026-03-16 17:08:32 [http-nio-8080-exec-15] DEBUG o.s.orm.jpa.JpaTransactionManager - Initiating transaction commit
2026-03-16 17:08:32 [http-nio-8080-exec-15] DEBUG o.s.orm.jpa.JpaTransactionManager - Committing JPA transaction on EntityManager [SessionImpl(872671403<open>)]
2026-03-16 17:08:32 [http-nio-8080-exec-10] DEBUG o.s.orm.jpa.JpaTransactionManager - Initiating transaction commit
2026-03-16 17:08:32 [http-nio-8080-exec-10] DEBUG o.s.orm.jpa.JpaTransactionManager - Committing JPA transaction on EntityManager [SessionImpl(1108774984<open>)]
2026-03-16 17:08:32 [http-nio-8080-exec-3] DEBUG o.s.orm.jpa.JpaTransactionManager - Initiating transaction commit
2026-03-16 17:08:32 [http-nio-8080-exec-9] DEBUG o.s.orm.jpa.JpaTransactionManager - Initiating transaction commit
2026-03-16 17:08:32 [http-nio-8080-exec-17] DEBUG o.s.orm.jpa.JpaTransactionManager - Initiating transaction commit
2026-03-16 17:08:32 [http-nio-8080-exec-3] DEBUG o.s.orm.jpa.JpaTransactionManager - Committing JPA transaction on EntityManager [SessionImpl(705344387<open>)]
2026-03-16 17:08:32 [http-nio-8080-exec-9] DEBUG o.s.orm.jpa.JpaTransactionManager - Committing JPA transaction on EntityManager [SessionImpl(630267740<open>)]
2026-03-16 17:08:32 [http-nio-8080-exec-17] DEBUG o.s.orm.jpa.JpaTransactionManager - Committing JPA transaction on EntityManager [SessionImpl(891434850<open>)]
2026-03-16 17:08:32 [http-nio-8080-exec-15] DEBUG o.s.orm.jpa.JpaTransactionManager - Closing JPA EntityManager [SessionImpl(872671403<open>)] after transaction
2026-03-16 17:08:32 [http-nio-8080-exec-15] INFO  c.c.p.a.c.menu.MenuController - getLeftMenu returned 5 items
2026-03-16 17:08:32 [http-nio-8080-exec-15] DEBUG o.s.w.s.m.m.a.HttpEntityMethodProcessor - Using 'application/json', given [application/json, text/plain, */*] and supported [application/json, application/*+json, application/yaml]
2026-03-16 17:08:32 [http-nio-8080-exec-15] TRACE o.s.w.s.m.m.a.HttpEntityMethodProcessor - Writing [ApiResponse[success=true, status=200, code=COMMON_001, message=Success, data={list=[com.company.project.service.menu.dto.MenuDto@2ed742ad, com.company.project.service.menu.dto.MenuDto@a040341, com.company.project.service.menu.dto.MenuDto@584b9136, com.company.project.service.menu.dto.MenuDto@8bff65, com.company.project.service.menu.dto.MenuDto@14dd17f3]}, timestamp=2026-03-16T17:08:32.642672300]]
2026-03-16 17:08:32 [http-nio-8080-exec-15] INFO  c.c.p.a.i.OperationalAuditInterceptor - API Audit Log: URL=/api/v1/menu/left, User=webmaster, IP=0:0:0:0:0:0:0:1
2026-03-16 17:08:32 [http-nio-8080-exec-15] DEBUG o.s.web.servlet.DispatcherServlet - Completed 200 OK
2026-03-16 17:08:32 [http-nio-8080-exec-10] DEBUG o.s.orm.jpa.JpaTransactionManager - Closing JPA EntityManager [SessionImpl(1108774984<open>)] after transaction
2026-03-16 17:08:32 [http-nio-8080-exec-10] INFO  c.c.p.a.c.menu.MenuController - getLeftMenu returned 2 items
2026-03-16 17:08:32 [http-nio-8080-exec-10] DEBUG o.s.w.s.m.m.a.HttpEntityMethodProcessor - Using 'application/json', given [application/json, text/plain, */*] and supported [application/json, application/*+json, application/yaml]
2026-03-16 17:08:32 [http-nio-8080-exec-10] TRACE o.s.w.s.m.m.a.HttpEntityMethodProcessor - Writing [ApiResponse[success=true, status=200, code=COMMON_001, message=Success, data={list=[com.company.project.service.menu.dto.MenuDto@7bf80785, com.company.project.service.menu.dto.MenuDto@7ee93428]}, timestamp=2026-03-16T17:08:32.650286]]
2026-03-16 17:08:32 [http-nio-8080-exec-10] INFO  c.c.p.a.i.OperationalAuditInterceptor - API Audit Log: URL=/api/v1/menu/left, User=webmaster, IP=0:0:0:0:0:0:0:1
2026-03-16 17:08:32 [http-nio-8080-exec-10] DEBUG o.s.web.servlet.DispatcherServlet - Completed 200 OK
2026-03-16 17:08:32 [http-nio-8080-exec-3] DEBUG o.s.orm.jpa.JpaTransactionManager - Closing JPA EntityManager [SessionImpl(705344387<open>)] after transaction
2026-03-16 17:08:32 [http-nio-8080-exec-3] INFO  c.c.p.a.c.menu.MenuController - getLeftMenu returned 1 items
2026-03-16 17:08:32 [http-nio-8080-exec-9] DEBUG o.s.orm.jpa.JpaTransactionManager - Closing JPA EntityManager [SessionImpl(630267740<open>)] after transaction
2026-03-16 17:08:32 [http-nio-8080-exec-17] DEBUG o.s.orm.jpa.JpaTransactionManager - Closing JPA EntityManager [SessionImpl(891434850<open>)] after transaction
2026-03-16 17:08:32 [http-nio-8080-exec-9] INFO  c.c.p.a.c.menu.MenuController - getLeftMenu returned 3 items
2026-03-16 17:08:32 [http-nio-8080-exec-17] INFO  c.c.p.a.c.menu.MenuController - getLeftMenu returned 3 items
2026-03-16 17:08:32 [http-nio-8080-exec-3] DEBUG o.s.w.s.m.m.a.HttpEntityMethodProcessor - Using 'application/json', given [application/json, text/plain, */*] and supported [application/json, application/*+json, application/yaml]
2026-03-16 17:08:32 [http-nio-8080-exec-17] DEBUG o.s.w.s.m.m.a.HttpEntityMethodProcessor - Using 'application/json', given [application/json, text/plain, */*] and supported [application/json, application/*+json, application/yaml]
2026-03-16 17:08:32 [http-nio-8080-exec-9] DEBUG o.s.w.s.m.m.a.HttpEntityMethodProcessor - Using 'application/json', given [application/json, text/plain, */*] and supported [application/json, application/*+json, application/yaml]
2026-03-16 17:08:32 [http-nio-8080-exec-3] TRACE o.s.w.s.m.m.a.HttpEntityMethodProcessor - Writing [ApiResponse[success=true, status=200, code=COMMON_001, message=Success, data={list=[com.company.project.service.menu.dto.MenuDto@7ef19e98]}, timestamp=2026-03-16T17:08:32.703746900]]
2026-03-16 17:08:32 [http-nio-8080-exec-17] TRACE o.s.w.s.m.m.a.HttpEntityMethodProcessor - Writing [ApiResponse[success=true, status=200, code=COMMON_001, message=Success, data={list=[com.company.project.service.menu.dto.MenuDto@a30a47, com.company.project.service.menu.dto.MenuDto@364d173e, com.company.project.service.menu.dto.MenuDto@6964a228]}, timestamp=2026-03-16T17:08:32.704742]]
2026-03-16 17:08:32 [http-nio-8080-exec-9] TRACE o.s.w.s.m.m.a.HttpEntityMethodProcessor - Writing [ApiResponse[success=true, status=200, code=COMMON_001, message=Success, data={list=[com.company.project.service.menu.dto.MenuDto@74a7625e, com.company.project.service.menu.dto.MenuDto@323d0be4, com.company.project.service.menu.dto.MenuDto@57addaa4]}, timestamp=2026-03-16T17:08:32.704742]]
2026-03-16 17:08:32 [http-nio-8080-exec-3] INFO  c.c.p.a.i.OperationalAuditInterceptor - API Audit Log: URL=/api/v1/menu/left, User=webmaster, IP=0:0:0:0:0:0:0:1
2026-03-16 17:08:32 [http-nio-8080-exec-9] INFO  c.c.p.a.i.OperationalAuditInterceptor - API Audit Log: URL=/api/v1/menu/left, User=webmaster, IP=0:0:0:0:0:0:0:1
2026-03-16 17:08:32 [http-nio-8080-exec-17] INFO  c.c.p.a.i.OperationalAuditInterceptor - API Audit Log: URL=/api/v1/menu/left, User=webmaster, IP=0:0:0:0:0:0:0:1
2026-03-16 17:08:32 [http-nio-8080-exec-3] DEBUG o.s.web.servlet.DispatcherServlet - Completed 200 OK
2026-03-16 17:08:32 [http-nio-8080-exec-17] DEBUG o.s.web.servlet.DispatcherServlet - Completed 200 OK
2026-03-16 17:08:32 [http-nio-8080-exec-9] DEBUG o.s.web.servlet.DispatcherServlet - Completed 200 OK
2026-03-16 17:08:32 [http-nio-8080-exec-2] DEBUG o.s.w.s.h.LoggingWebSocketHandlerDecorator - WebSocketServerSockJsSession[id=0p1tw4v2] closed with CloseStatus[code=1001, reason=null]
2026-03-16 17:08:32 [http-nio-8080-exec-2] DEBUG o.s.w.s.m.SubProtocolWebSocketHandler - Clearing session 0p1tw4v2
2026-03-16 17:08:32 [scheduling-1] DEBUG org.springframework.web.SimpLogging - Processing DISCONNECT session=0p1tw4v2
2026-03-16 17:08:32 [scheduling-1] DEBUG o.s.w.s.m.SubProtocolWebSocketHandler - No session for GenericMessage [payload=byte[0], headers={simpMessageType=DISCONNECT_ACK, simpDisconnectMessage=GenericMessage [payload=byte[0], headers={simpMessageType=DISCONNECT, stompCommand=DISCONNECT, simpSessionAttributes={org.springframework.messaging.simp.SimpAttributes.COMPLETED=true}, simpSessionId=0p1tw4v2}], simpSessionId=0p1tw4v2}]
2026-03-16 17:08:33 [http-nio-8080-exec-13] DEBUG c.c.p.s.jwt.JwtAuthenticationFilter - >>> [JwtFilter] Processing request: GET /api/v1/menu/left
2026-03-16 17:08:33 [http-nio-8080-exec-13] DEBUG c.c.p.s.jwt.JwtAuthenticationFilter - >>> [JwtFilter] Found token in header for path: /api/v1/menu/left
2026-03-16 17:08:33 [http-nio-8080-exec-13] DEBUG o.s.orm.jpa.JpaTransactionManager - Creating new transaction with name [com.company.project.security.iam.CustomUserDetailsService.loadUserByUsername]: PROPAGATION_REQUIRED,ISOLATION_DEFAULT,readOnly
2026-03-16 17:08:33 [http-nio-8080-exec-13] DEBUG o.s.orm.jpa.JpaTransactionManager - Opened new EntityManager [SessionImpl(702324204<open>)] for JPA transaction
2026-03-16 17:08:33 [http-nio-8080-exec-8] DEBUG c.c.p.s.jwt.JwtAuthenticationFilter - >>> [JwtFilter] Processing request: GET /api/v1/menu/head
2026-03-16 17:08:33 [http-nio-8080-exec-19] DEBUG c.c.p.s.jwt.JwtAuthenticationFilter - >>> [JwtFilter] Processing request: GET /api/v1/auth/me
2026-03-16 17:08:33 [http-nio-8080-exec-8] DEBUG c.c.p.s.jwt.JwtAuthenticationFilter - >>> [JwtFilter] Found token in header for path: /api/v1/menu/head
2026-03-16 17:08:33 [http-nio-8080-exec-19] DEBUG c.c.p.s.jwt.JwtAuthenticationFilter - >>> [JwtFilter] Found token in header for path: /api/v1/auth/me
2026-03-16 17:08:33 [http-nio-8080-exec-8] DEBUG o.s.orm.jpa.JpaTransactionManager - Creating new transaction with name [com.company.project.security.iam.CustomUserDetailsService.loadUserByUsername]: PROPAGATION_REQUIRED,ISOLATION_DEFAULT,readOnly
2026-03-16 17:08:33 [http-nio-8080-exec-8] DEBUG o.s.orm.jpa.JpaTransactionManager - Opened new EntityManager [SessionImpl(2066738039<open>)] for JPA transaction
2026-03-16 17:08:33 [http-nio-8080-exec-19] DEBUG o.s.orm.jpa.JpaTransactionManager - Creating new transaction with name [com.company.project.security.iam.CustomUserDetailsService.loadUserByUsername]: PROPAGATION_REQUIRED,ISOLATION_DEFAULT,readOnly
2026-03-16 17:08:33 [http-nio-8080-exec-19] DEBUG o.s.orm.jpa.JpaTransactionManager - Opened new EntityManager [SessionImpl(131359517<open>)] for JPA transaction
2026-03-16 17:08:33 [http-nio-8080-exec-13] DEBUG o.s.orm.jpa.JpaTransactionManager - Exposing JPA transaction as JDBC [org.springframework.orm.jpa.vendor.HibernateJpaDialect$HibernateConnectionHandle@41025f79]
2026-03-16 17:08:33 [http-nio-8080-exec-13] DEBUG o.s.orm.jpa.JpaTransactionManager - Found thread-bound EntityManager [SessionImpl(702324204<open>)] for JPA transaction
2026-03-16 17:08:33 [http-nio-8080-exec-13] DEBUG o.s.orm.jpa.JpaTransactionManager - Participating in existing transaction
2026-03-16 17:08:33 [http-nio-8080-exec-13] DEBUG org.hibernate.SQL - select u1_0.emplyr_id,u1_0.area_no,u1_0.brthdy,u1_0.chg_pwd_cnt,u1_0.frst_register_id,u1_0.frst_regist_pnttm,u1_0.detail_adres,u1_0.email_adres,u1_0.emplyr_sttus_code,u1_0.empl_no,u1_0.esntl_id,u1_0.fxnum,u1_0.group_id,u1_0.house_adres,u1_0.house_end_telno,u1_0.house_middle_telno,u1_0.ihidnum,u1_0.pstinst_code,u1_0.last_updusr_id,u1_0.last_updt_pnttm,u1_0.lock_at,u1_0.lock_cnt,u1_0.lock_last_pnttm,u1_0.mbtlnum,u1_0.ofcps_nm,u1_0.offm_telno,u1_0.orgnzt_id,u1_0.password,u1_0.password_cnsr,u1_0.password_hint,u1_0.chg_pwd_last_pnttm,u1_0.role,u1_0.sbscrb_de,u1_0.sexdstn_code,u1_0.crtfc_dn_value,u1_0.user_nm,u1_0.zip from nemplyrinfo u1_0 where u1_0.emplyr_id=?
2026-03-16 17:08:33 [http-nio-8080-exec-8] DEBUG o.s.orm.jpa.JpaTransactionManager - Exposing JPA transaction as JDBC [org.springframework.orm.jpa.vendor.HibernateJpaDialect$HibernateConnectionHandle@344854b4]
2026-03-16 17:08:33 [http-nio-8080-exec-8] DEBUG o.s.orm.jpa.JpaTransactionManager - Found thread-bound EntityManager [SessionImpl(2066738039<open>)] for JPA transaction
2026-03-16 17:08:33 [http-nio-8080-exec-8] DEBUG o.s.orm.jpa.JpaTransactionManager - Participating in existing transaction
2026-03-16 17:08:33 [http-nio-8080-exec-8] DEBUG org.hibernate.SQL - select u1_0.emplyr_id,u1_0.area_no,u1_0.brthdy,u1_0.chg_pwd_cnt,u1_0.frst_register_id,u1_0.frst_regist_pnttm,u1_0.detail_adres,u1_0.email_adres,u1_0.emplyr_sttus_code,u1_0.empl_no,u1_0.esntl_id,u1_0.fxnum,u1_0.group_id,u1_0.house_adres,u1_0.house_end_telno,u1_0.house_middle_telno,u1_0.ihidnum,u1_0.pstinst_code,u1_0.last_updusr_id,u1_0.last_updt_pnttm,u1_0.lock_at,u1_0.lock_cnt,u1_0.lock_last_pnttm,u1_0.mbtlnum,u1_0.ofcps_nm,u1_0.offm_telno,u1_0.orgnzt_id,u1_0.password,u1_0.password_cnsr,u1_0.password_hint,u1_0.chg_pwd_last_pnttm,u1_0.role,u1_0.sbscrb_de,u1_0.sexdstn_code,u1_0.crtfc_dn_value,u1_0.user_nm,u1_0.zip from nemplyrinfo u1_0 where u1_0.emplyr_id=?
2026-03-16 17:08:33 [http-nio-8080-exec-19] DEBUG o.s.orm.jpa.JpaTransactionManager - Exposing JPA transaction as JDBC [org.springframework.orm.jpa.vendor.HibernateJpaDialect$HibernateConnectionHandle@60d3cec2]
2026-03-16 17:08:33 [http-nio-8080-exec-19] DEBUG o.s.orm.jpa.JpaTransactionManager - Found thread-bound EntityManager [SessionImpl(131359517<open>)] for JPA transaction
2026-03-16 17:08:33 [http-nio-8080-exec-19] DEBUG o.s.orm.jpa.JpaTransactionManager - Participating in existing transaction
2026-03-16 17:08:33 [http-nio-8080-exec-19] DEBUG org.hibernate.SQL - select u1_0.emplyr_id,u1_0.area_no,u1_0.brthdy,u1_0.chg_pwd_cnt,u1_0.frst_register_id,u1_0.frst_regist_pnttm,u1_0.detail_adres,u1_0.email_adres,u1_0.emplyr_sttus_code,u1_0.empl_no,u1_0.esntl_id,u1_0.fxnum,u1_0.group_id,u1_0.house_adres,u1_0.house_end_telno,u1_0.house_middle_telno,u1_0.ihidnum,u1_0.pstinst_code,u1_0.last_updusr_id,u1_0.last_updt_pnttm,u1_0.lock_at,u1_0.lock_cnt,u1_0.lock_last_pnttm,u1_0.mbtlnum,u1_0.ofcps_nm,u1_0.offm_telno,u1_0.orgnzt_id,u1_0.password,u1_0.password_cnsr,u1_0.password_hint,u1_0.chg_pwd_last_pnttm,u1_0.role,u1_0.sbscrb_de,u1_0.sexdstn_code,u1_0.crtfc_dn_value,u1_0.user_nm,u1_0.zip from nemplyrinfo u1_0 where u1_0.emplyr_id=?
2026-03-16 17:08:33 [http-nio-8080-exec-8] DEBUG o.s.orm.jpa.JpaTransactionManager - Found thread-bound EntityManager [SessionImpl(2066738039<open>)] for JPA transaction
2026-03-16 17:08:33 [http-nio-8080-exec-13] DEBUG o.s.orm.jpa.JpaTransactionManager - Found thread-bound EntityManager [SessionImpl(702324204<open>)] for JPA transaction
2026-03-16 17:08:33 [http-nio-8080-exec-8] DEBUG o.s.orm.jpa.JpaTransactionManager - Participating in existing transaction
2026-03-16 17:08:33 [http-nio-8080-exec-13] DEBUG o.s.orm.jpa.JpaTransactionManager - Participating in existing transaction
2026-03-16 17:08:33 [http-nio-8080-exec-8] DEBUG org.hibernate.SQL - select ua1_0.scrty_dtrmn_trget_id,ua1_0.author_code,ua1_0.frst_register_id,ua1_0.frst_regist_pnttm,ua1_0.last_updusr_id,ua1_0.last_updt_pnttm,ua1_0.mber_ty_code from nemplyrscrtyestbs ua1_0 where ua1_0.scrty_dtrmn_trget_id=?
2026-03-16 17:08:33 [http-nio-8080-exec-13] DEBUG org.hibernate.SQL - select ua1_0.scrty_dtrmn_trget_id,ua1_0.author_code,ua1_0.frst_register_id,ua1_0.frst_regist_pnttm,ua1_0.last_updusr_id,ua1_0.last_updt_pnttm,ua1_0.mber_ty_code from nemplyrscrtyestbs ua1_0 where ua1_0.scrty_dtrmn_trget_id=?
2026-03-16 17:08:33 [http-nio-8080-exec-19] DEBUG o.s.orm.jpa.JpaTransactionManager - Found thread-bound EntityManager [SessionImpl(131359517<open>)] for JPA transaction
2026-03-16 17:08:33 [http-nio-8080-exec-19] DEBUG o.s.orm.jpa.JpaTransactionManager - Participating in existing transaction
2026-03-16 17:08:33 [http-nio-8080-exec-19] DEBUG org.hibernate.SQL - select ua1_0.scrty_dtrmn_trget_id,ua1_0.author_code,ua1_0.frst_register_id,ua1_0.frst_regist_pnttm,ua1_0.last_updusr_id,ua1_0.last_updt_pnttm,ua1_0.mber_ty_code from nemplyrscrtyestbs ua1_0 where ua1_0.scrty_dtrmn_trget_id=?
2026-03-16 17:08:34 [http-nio-8080-exec-8] DEBUG o.s.orm.jpa.JpaTransactionManager - Initiating transaction commit
2026-03-16 17:08:34 [http-nio-8080-exec-8] DEBUG o.s.orm.jpa.JpaTransactionManager - Committing JPA transaction on EntityManager [SessionImpl(2066738039<open>)]
2026-03-16 17:08:34 [http-nio-8080-exec-13] DEBUG o.s.orm.jpa.JpaTransactionManager - Initiating transaction commit
2026-03-16 17:08:34 [http-nio-8080-exec-13] DEBUG o.s.orm.jpa.JpaTransactionManager - Committing JPA transaction on EntityManager [SessionImpl(702324204<open>)]
2026-03-16 17:08:34 [http-nio-8080-exec-19] DEBUG o.s.orm.jpa.JpaTransactionManager - Initiating transaction commit
2026-03-16 17:08:34 [http-nio-8080-exec-19] DEBUG o.s.orm.jpa.JpaTransactionManager - Committing JPA transaction on EntityManager [SessionImpl(131359517<open>)]
2026-03-16 17:08:34 [http-nio-8080-exec-8] DEBUG o.s.orm.jpa.JpaTransactionManager - Closing JPA EntityManager [SessionImpl(2066738039<open>)] after transaction
2026-03-16 17:08:34 [http-nio-8080-exec-8] DEBUG c.c.p.s.jwt.JwtAuthenticationFilter - >>> [JwtFilter] Successfully authenticated user: USRCNFRM_99999999999, Authorities: [ROLE_ADMIN]
2026-03-16 17:08:34 [http-nio-8080-exec-8] DEBUG o.s.web.servlet.DispatcherServlet - GET "/api/v1/menu/head", parameters={}
2026-03-16 17:08:34 [http-nio-8080-exec-8] TRACE o.s.w.s.m.m.a.RequestMappingHandlerMapping - Mapped to com.company.project.api.controller.menu.MenuController#getHeadMenu()
2026-03-16 17:08:34 [http-nio-8080-exec-8] INFO  c.c.p.a.c.menu.MenuController - getHeadMenu called
2026-03-16 17:08:34 [http-nio-8080-exec-8] INFO  c.c.p.a.c.menu.MenuController - getHeadMenu returned 5 items
2026-03-16 17:08:34 [http-nio-8080-exec-8] DEBUG o.s.w.s.m.m.a.HttpEntityMethodProcessor - Using 'application/json', given [application/json, text/plain, */*] and supported [application/json, application/*+json, application/yaml]
2026-03-16 17:08:34 [http-nio-8080-exec-8] TRACE o.s.w.s.m.m.a.HttpEntityMethodProcessor - Writing [ApiResponse[success=true, status=200, code=COMMON_001, message=Success, data={list=[com.company.project.service.menu.dto.MenuDto@2b80d6b0, com.company.project.service.menu.dto.MenuDto@1418cfa3, com.company.project.service.menu.dto.MenuDto@f230bf1, com.company.project.service.menu.dto.MenuDto@734a7f6a, com.company.project.service.menu.dto.MenuDto@5e5202e5]}, timestamp=2026-03-16T17:08:34.228553200]]
2026-03-16 17:08:34 [http-nio-8080-exec-8] INFO  c.c.p.a.i.OperationalAuditInterceptor - API Audit Log: URL=/api/v1/menu/head, User=webmaster, IP=127.0.0.1
2026-03-16 17:08:34 [http-nio-8080-exec-8] DEBUG o.s.web.servlet.DispatcherServlet - Completed 200 OK
2026-03-16 17:08:34 [http-nio-8080-exec-13] DEBUG o.s.orm.jpa.JpaTransactionManager - Closing JPA EntityManager [SessionImpl(702324204<open>)] after transaction
2026-03-16 17:08:34 [http-nio-8080-exec-13] DEBUG c.c.p.s.jwt.JwtAuthenticationFilter - >>> [JwtFilter] Successfully authenticated user: USRCNFRM_99999999999, Authorities: [ROLE_ADMIN]
2026-03-16 17:08:34 [http-nio-8080-exec-13] DEBUG o.s.web.servlet.DispatcherServlet - GET "/api/v1/menu/left?menuNo=10", parameters={masked}
2026-03-16 17:08:34 [http-nio-8080-exec-13] TRACE o.s.w.s.m.m.a.RequestMappingHandlerMapping - Mapped to com.company.project.api.controller.menu.MenuController#getLeftMenu(Long)
2026-03-16 17:08:34 [http-nio-8080-exec-13] INFO  c.c.p.a.c.menu.MenuController - getLeftMenu called with menuNo=10
2026-03-16 17:08:34 [http-nio-8080-exec-13] DEBUG o.s.orm.jpa.JpaTransactionManager - Creating new transaction with name [com.company.project.service.menu.MenuService.getSubMenus]: PROPAGATION_REQUIRED,ISOLATION_DEFAULT,readOnly
2026-03-16 17:08:34 [http-nio-8080-exec-13] DEBUG o.s.orm.jpa.JpaTransactionManager - Opened new EntityManager [SessionImpl(170710523<open>)] for JPA transaction
2026-03-16 17:08:34 [http-nio-8080-exec-13] DEBUG o.s.orm.jpa.JpaTransactionManager - Exposing JPA transaction as JDBC [org.springframework.orm.jpa.vendor.HibernateJpaDialect$HibernateConnectionHandle@70a32ed8]
2026-03-16 17:08:34 [http-nio-8080-exec-13] DEBUG org.hibernate.SQL - select m1_0.menu_no,m1_0.menu_dc,m1_0.menu_nm,m1_0.menu_ordr,m1_0.modern_route,m1_0.progrm_file_nm,m1_0.relate_image_nm,m1_0.relate_image_path,m1_0.route_updated_at,m1_0.upper_menu_no from nmenuinfo m1_0 order by m1_0.upper_menu_no,m1_0.menu_ordr
2026-03-16 17:08:34 [http-nio-8080-exec-19] DEBUG o.s.orm.jpa.JpaTransactionManager - Closing JPA EntityManager [SessionImpl(131359517<open>)] after transaction
2026-03-16 17:08:34 [http-nio-8080-exec-19] DEBUG c.c.p.s.jwt.JwtAuthenticationFilter - >>> [JwtFilter] Successfully authenticated user: USRCNFRM_99999999999, Authorities: [ROLE_ADMIN]
2026-03-16 17:08:34 [http-nio-8080-exec-19] DEBUG o.s.web.servlet.DispatcherServlet - GET "/api/v1/auth/me", parameters={}
2026-03-16 17:08:34 [http-nio-8080-exec-19] TRACE o.s.w.s.m.m.a.RequestMappingHandlerMapping - Mapped to com.company.project.api.auth.AuthController#getCurrentUser()
2026-03-16 17:08:34 [http-nio-8080-exec-19] DEBUG o.s.w.s.m.m.a.RequestResponseBodyMethodProcessor - Using 'application/json', given [application/json, text/plain, */*] and supported [application/json, application/*+json, application/yaml]
2026-03-16 17:08:34 [http-nio-8080-exec-19] TRACE o.s.w.s.m.m.a.RequestResponseBodyMethodProcessor - Writing [ApiResponse[success=true, status=200, code=COMMON_001, message=Success, data={role=ROLE_ADMIN, userSe=EMP, name=관리자, id=webmaster}, timestamp=2026-03-16T17:08:34.231552800]]
2026-03-16 17:08:34 [http-nio-8080-exec-19] INFO  c.c.p.a.i.OperationalAuditInterceptor - API Audit Log: URL=/api/v1/auth/me, User=webmaster, IP=127.0.0.1
2026-03-16 17:08:34 [http-nio-8080-exec-19] DEBUG o.s.web.servlet.DispatcherServlet - Completed 200 OK
2026-03-16 17:08:34 [http-nio-8080-exec-12] DEBUG o.s.web.servlet.DispatcherServlet - GET "/ws/info?t=1773648514255", parameters={masked}
2026-03-16 17:08:34 [http-nio-8080-exec-12] DEBUG o.s.w.s.s.s.WebSocketHandlerMapping - Mapped to org.springframework.web.socket.sockjs.support.SockJsHttpRequestHandler@3d80b7ba
2026-03-16 17:08:34 [http-nio-8080-exec-15] DEBUG c.c.p.s.jwt.JwtAuthenticationFilter - >>> [JwtFilter] Processing request: GET /api/v1/notifications
2026-03-16 17:08:34 [http-nio-8080-exec-10] DEBUG c.c.p.s.jwt.JwtAuthenticationFilter - >>> [JwtFilter] Processing request: GET /api/v1/notifications/unread-count
2026-03-16 17:08:34 [http-nio-8080-exec-12] DEBUG o.s.w.s.s.t.h.DefaultSockJsService - Processing transport request: GET http://localhost:8080/ws/info?t=1773648514255
2026-03-16 17:08:34 [http-nio-8080-exec-15] DEBUG c.c.p.s.jwt.JwtAuthenticationFilter - >>> [JwtFilter] Found token in header for path: /api/v1/notifications
2026-03-16 17:08:34 [http-nio-8080-exec-10] DEBUG c.c.p.s.jwt.JwtAuthenticationFilter - >>> [JwtFilter] Found token in header for path: /api/v1/notifications/unread-count
2026-03-16 17:08:34 [http-nio-8080-exec-12] DEBUG o.s.web.servlet.DispatcherServlet - Completed 200 OK
2026-03-16 17:08:34 [http-nio-8080-exec-15] DEBUG o.s.orm.jpa.JpaTransactionManager - Creating new transaction with name [com.company.project.security.iam.CustomUserDetailsService.loadUserByUsername]: PROPAGATION_REQUIRED,ISOLATION_DEFAULT,readOnly
2026-03-16 17:08:34 [http-nio-8080-exec-10] DEBUG o.s.orm.jpa.JpaTransactionManager - Creating new transaction with name [com.company.project.security.iam.CustomUserDetailsService.loadUserByUsername]: PROPAGATION_REQUIRED,ISOLATION_DEFAULT,readOnly
2026-03-16 17:08:34 [http-nio-8080-exec-15] DEBUG o.s.orm.jpa.JpaTransactionManager - Opened new EntityManager [SessionImpl(1047072802<open>)] for JPA transaction
2026-03-16 17:08:34 [http-nio-8080-exec-10] DEBUG o.s.orm.jpa.JpaTransactionManager - Opened new EntityManager [SessionImpl(1467253331<open>)] for JPA transaction
2026-03-16 17:08:34 [http-nio-8080-exec-9] DEBUG o.s.web.servlet.DispatcherServlet - GET "/ws/578/v5ueawkr/websocket", parameters={}
2026-03-16 17:08:34 [http-nio-8080-exec-9] DEBUG o.s.w.s.s.s.WebSocketHandlerMapping - Mapped to org.springframework.web.socket.sockjs.support.SockJsHttpRequestHandler@3d80b7ba
2026-03-16 17:08:34 [http-nio-8080-exec-9] DEBUG o.s.w.s.s.t.h.DefaultSockJsService - Processing transport request: GET http://localhost:8080/ws/578/v5ueawkr/websocket
2026-03-16 17:08:34 [http-nio-8080-exec-9] DEBUG o.s.web.servlet.DispatcherServlet - Completed 101 SWITCHING_PROTOCOLS
2026-03-16 17:08:34 [http-nio-8080-exec-9] DEBUG o.s.w.s.h.LoggingWebSocketHandlerDecorator - New WebSocketServerSockJsSession[id=v5ueawkr]
2026-03-16 17:08:34 [scheduling-1] DEBUG org.springframework.web.SimpLogging - Processing CONNECT session=v5ueawkr
2026-03-16 17:08:34 [scheduling-1] DEBUG org.springframework.web.SimpLogging - Processing SUBSCRIBE /topic/notices id=sub-0 session=v5ueawkr
2026-03-16 17:08:34 [scheduling-1] DEBUG org.springframework.web.SimpLogging - Processing SUBSCRIBE destination=/queue/notifications-userv5ueawkr subscriptionId=sub-1 session=v5ueawkr payload=byte[0]
2026-03-16 17:08:34 [scheduling-1] DEBUG org.springframework.web.SimpLogging - Processing SUBSCRIBE /topic/public id=sub-2 session=v5ueawkr
2026-03-16 17:08:34 [http-nio-8080-exec-15] DEBUG o.s.orm.jpa.JpaTransactionManager - Exposing JPA transaction as JDBC [org.springframework.orm.jpa.vendor.HibernateJpaDialect$HibernateConnectionHandle@3aaff4f8]
2026-03-16 17:08:34 [http-nio-8080-exec-10] DEBUG o.s.orm.jpa.JpaTransactionManager - Exposing JPA transaction as JDBC [org.springframework.orm.jpa.vendor.HibernateJpaDialect$HibernateConnectionHandle@61de0890]
2026-03-16 17:08:34 [http-nio-8080-exec-15] DEBUG o.s.orm.jpa.JpaTransactionManager - Found thread-bound EntityManager [SessionImpl(1047072802<open>)] for JPA transaction
2026-03-16 17:08:34 [http-nio-8080-exec-10] DEBUG o.s.orm.jpa.JpaTransactionManager - Found thread-bound EntityManager [SessionImpl(1467253331<open>)] for JPA transaction
2026-03-16 17:08:34 [http-nio-8080-exec-15] DEBUG o.s.orm.jpa.JpaTransactionManager - Participating in existing transaction
2026-03-16 17:08:34 [http-nio-8080-exec-10] DEBUG o.s.orm.jpa.JpaTransactionManager - Participating in existing transaction
2026-03-16 17:08:34 [http-nio-8080-exec-15] DEBUG org.hibernate.SQL - select u1_0.emplyr_id,u1_0.area_no,u1_0.brthdy,u1_0.chg_pwd_cnt,u1_0.frst_register_id,u1_0.frst_regist_pnttm,u1_0.detail_adres,u1_0.email_adres,u1_0.emplyr_sttus_code,u1_0.empl_no,u1_0.esntl_id,u1_0.fxnum,u1_0.group_id,u1_0.house_adres,u1_0.house_end_telno,u1_0.house_middle_telno,u1_0.ihidnum,u1_0.pstinst_code,u1_0.last_updusr_id,u1_0.last_updt_pnttm,u1_0.lock_at,u1_0.lock_cnt,u1_0.lock_last_pnttm,u1_0.mbtlnum,u1_0.ofcps_nm,u1_0.offm_telno,u1_0.orgnzt_id,u1_0.password,u1_0.password_cnsr,u1_0.password_hint,u1_0.chg_pwd_last_pnttm,u1_0.role,u1_0.sbscrb_de,u1_0.sexdstn_code,u1_0.crtfc_dn_value,u1_0.user_nm,u1_0.zip from nemplyrinfo u1_0 where u1_0.emplyr_id=?
2026-03-16 17:08:34 [http-nio-8080-exec-10] DEBUG org.hibernate.SQL - select u1_0.emplyr_id,u1_0.area_no,u1_0.brthdy,u1_0.chg_pwd_cnt,u1_0.frst_register_id,u1_0.frst_regist_pnttm,u1_0.detail_adres,u1_0.email_adres,u1_0.emplyr_sttus_code,u1_0.empl_no,u1_0.esntl_id,u1_0.fxnum,u1_0.group_id,u1_0.house_adres,u1_0.house_end_telno,u1_0.house_middle_telno,u1_0.ihidnum,u1_0.pstinst_code,u1_0.last_updusr_id,u1_0.last_updt_pnttm,u1_0.lock_at,u1_0.lock_cnt,u1_0.lock_last_pnttm,u1_0.mbtlnum,u1_0.ofcps_nm,u1_0.offm_telno,u1_0.orgnzt_id,u1_0.password,u1_0.password_cnsr,u1_0.password_hint,u1_0.chg_pwd_last_pnttm,u1_0.role,u1_0.sbscrb_de,u1_0.sexdstn_code,u1_0.crtfc_dn_value,u1_0.user_nm,u1_0.zip from nemplyrinfo u1_0 where u1_0.emplyr_id=?
2026-03-16 17:08:34 [http-nio-8080-exec-13] DEBUG o.s.orm.jpa.JpaTransactionManager - Found thread-bound EntityManager [SessionImpl(170710523<open>)] for JPA transaction
2026-03-16 17:08:34 [http-nio-8080-exec-13] DEBUG o.s.orm.jpa.JpaTransactionManager - Participating in existing transaction
2026-03-16 17:08:34 [http-nio-8080-exec-13] DEBUG org.hibernate.SQL - select p1_0.progrm_file_nm,p1_0.progrm_dc,p1_0.progrm_korean_nm,p1_0.progrm_stre_path,p1_0.url from nprogrmlist p1_0
2026-03-16 17:08:34 [http-nio-8080-exec-15] DEBUG o.s.orm.jpa.JpaTransactionManager - Found thread-bound EntityManager [SessionImpl(1047072802<open>)] for JPA transaction
2026-03-16 17:08:34 [http-nio-8080-exec-10] DEBUG o.s.orm.jpa.JpaTransactionManager - Found thread-bound EntityManager [SessionImpl(1467253331<open>)] for JPA transaction
2026-03-16 17:08:34 [http-nio-8080-exec-15] DEBUG o.s.orm.jpa.JpaTransactionManager - Participating in existing transaction
2026-03-16 17:08:34 [http-nio-8080-exec-10] DEBUG o.s.orm.jpa.JpaTransactionManager - Participating in existing transaction
2026-03-16 17:08:34 [http-nio-8080-exec-15] DEBUG org.hibernate.SQL - select ua1_0.scrty_dtrmn_trget_id,ua1_0.author_code,ua1_0.frst_register_id,ua1_0.frst_regist_pnttm,ua1_0.last_updusr_id,ua1_0.last_updt_pnttm,ua1_0.mber_ty_code from nemplyrscrtyestbs ua1_0 where ua1_0.scrty_dtrmn_trget_id=?
2026-03-16 17:08:34 [http-nio-8080-exec-10] DEBUG org.hibernate.SQL - select ua1_0.scrty_dtrmn_trget_id,ua1_0.author_code,ua1_0.frst_register_id,ua1_0.frst_regist_pnttm,ua1_0.last_updusr_id,ua1_0.last_updt_pnttm,ua1_0.mber_ty_code from nemplyrscrtyestbs ua1_0 where ua1_0.scrty_dtrmn_trget_id=?
2026-03-16 17:08:34 [http-nio-8080-exec-13] DEBUG o.s.orm.jpa.JpaTransactionManager - Initiating transaction commit
2026-03-16 17:08:34 [http-nio-8080-exec-13] DEBUG o.s.orm.jpa.JpaTransactionManager - Committing JPA transaction on EntityManager [SessionImpl(170710523<open>)]
2026-03-16 17:08:34 [http-nio-8080-exec-10] DEBUG o.s.orm.jpa.JpaTransactionManager - Initiating transaction commit
2026-03-16 17:08:34 [http-nio-8080-exec-15] DEBUG o.s.orm.jpa.JpaTransactionManager - Initiating transaction commit
2026-03-16 17:08:34 [http-nio-8080-exec-10] DEBUG o.s.orm.jpa.JpaTransactionManager - Committing JPA transaction on EntityManager [SessionImpl(1467253331<open>)]
2026-03-16 17:08:34 [http-nio-8080-exec-15] DEBUG o.s.orm.jpa.JpaTransactionManager - Committing JPA transaction on EntityManager [SessionImpl(1047072802<open>)]
2026-03-16 17:08:34 [http-nio-8080-exec-13] DEBUG o.s.orm.jpa.JpaTransactionManager - Closing JPA EntityManager [SessionImpl(170710523<open>)] after transaction
2026-03-16 17:08:34 [http-nio-8080-exec-13] INFO  c.c.p.a.c.menu.MenuController - getLeftMenu returned 5 items
2026-03-16 17:08:34 [http-nio-8080-exec-13] DEBUG o.s.w.s.m.m.a.HttpEntityMethodProcessor - Using 'application/json', given [application/json, text/plain, */*] and supported [application/json, application/*+json, application/yaml]
2026-03-16 17:08:34 [http-nio-8080-exec-13] TRACE o.s.w.s.m.m.a.HttpEntityMethodProcessor - Writing [ApiResponse[success=true, status=200, code=COMMON_001, message=Success, data={list=[com.company.project.service.menu.dto.MenuDto@4964f987, com.company.project.service.menu.dto.MenuDto@41c6244c, com.company.project.service.menu.dto.MenuDto@15a44a6d, com.company.project.service.menu.dto.MenuDto@75fcb204, com.company.project.service.menu.dto.MenuDto@1bbad5fd]}, timestamp=2026-03-16T17:08:34.843605200]]
2026-03-16 17:08:34 [http-nio-8080-exec-13] INFO  c.c.p.a.i.OperationalAuditInterceptor - API Audit Log: URL=/api/v1/menu/left, User=webmaster, IP=127.0.0.1
2026-03-16 17:08:34 [http-nio-8080-exec-13] DEBUG o.s.web.servlet.DispatcherServlet - Completed 200 OK
2026-03-16 17:08:34 [http-nio-8080-exec-8] DEBUG c.c.p.s.jwt.JwtAuthenticationFilter - >>> [JwtFilter] Processing request: GET /api/v1/menu/left
2026-03-16 17:08:34 [http-nio-8080-exec-8] DEBUG c.c.p.s.jwt.JwtAuthenticationFilter - >>> [JwtFilter] Found token in header for path: /api/v1/menu/left
2026-03-16 17:08:34 [http-nio-8080-exec-8] DEBUG o.s.orm.jpa.JpaTransactionManager - Creating new transaction with name [com.company.project.security.iam.CustomUserDetailsService.loadUserByUsername]: PROPAGATION_REQUIRED,ISOLATION_DEFAULT,readOnly
2026-03-16 17:08:34 [http-nio-8080-exec-8] DEBUG o.s.orm.jpa.JpaTransactionManager - Opened new EntityManager [SessionImpl(80591293<open>)] for JPA transaction
2026-03-16 17:08:34 [http-nio-8080-exec-15] DEBUG o.s.orm.jpa.JpaTransactionManager - Closing JPA EntityManager [SessionImpl(1047072802<open>)] after transaction
2026-03-16 17:08:34 [http-nio-8080-exec-10] DEBUG o.s.orm.jpa.JpaTransactionManager - Closing JPA EntityManager [SessionImpl(1467253331<open>)] after transaction
2026-03-16 17:08:34 [http-nio-8080-exec-15] DEBUG c.c.p.s.jwt.JwtAuthenticationFilter - >>> [JwtFilter] Successfully authenticated user: USRCNFRM_99999999999, Authorities: [ROLE_ADMIN]
2026-03-16 17:08:34 [http-nio-8080-exec-10] DEBUG c.c.p.s.jwt.JwtAuthenticationFilter - >>> [JwtFilter] Successfully authenticated user: USRCNFRM_99999999999, Authorities: [ROLE_ADMIN]
2026-03-16 17:08:34 [http-nio-8080-exec-15] DEBUG o.s.web.servlet.DispatcherServlet - GET "/api/v1/notifications", parameters={}
2026-03-16 17:08:34 [http-nio-8080-exec-10] DEBUG o.s.web.servlet.DispatcherServlet - GET "/api/v1/notifications/unread-count", parameters={}
2026-03-16 17:08:34 [http-nio-8080-exec-15] TRACE o.s.w.s.m.m.a.RequestMappingHandlerMapping - Mapped to com.company.project.api.controller.notification.NotificationController#getMyNotifications(UserDetails)
2026-03-16 17:08:34 [http-nio-8080-exec-10] TRACE o.s.w.s.m.m.a.RequestMappingHandlerMapping - Mapped to com.company.project.api.controller.notification.NotificationController#getUnreadCount(UserDetails)
2026-03-16 17:08:34 [http-nio-8080-exec-15] DEBUG o.s.orm.jpa.JpaTransactionManager - Creating new transaction with name [com.company.project.service.notification.NotificationService.getActiveNotifications]: PROPAGATION_REQUIRED,ISOLATION_DEFAULT,readOnly
2026-03-16 17:08:34 [http-nio-8080-exec-10] DEBUG o.s.orm.jpa.JpaTransactionManager - Creating new transaction with name [com.company.project.service.notification.NotificationService.getUnreadCount]: PROPAGATION_REQUIRED,ISOLATION_DEFAULT,readOnly
2026-03-16 17:08:34 [http-nio-8080-exec-15] DEBUG o.s.orm.jpa.JpaTransactionManager - Opened new EntityManager [SessionImpl(1280139005<open>)] for JPA transaction
2026-03-16 17:08:34 [http-nio-8080-exec-10] DEBUG o.s.orm.jpa.JpaTransactionManager - Opened new EntityManager [SessionImpl(42925911<open>)] for JPA transaction
2026-03-16 17:08:34 [http-nio-8080-exec-15] DEBUG o.s.orm.jpa.JpaTransactionManager - Exposing JPA transaction as JDBC [org.springframework.orm.jpa.vendor.HibernateJpaDialect$HibernateConnectionHandle@d3e6a85]
2026-03-16 17:08:34 [http-nio-8080-exec-10] DEBUG o.s.orm.jpa.JpaTransactionManager - Exposing JPA transaction as JDBC [org.springframework.orm.jpa.vendor.HibernateJpaDialect$HibernateConnectionHandle@88596c4]
2026-03-16 17:08:34 [http-nio-8080-exec-15] DEBUG o.s.orm.jpa.JpaTransactionManager - Found thread-bound EntityManager [SessionImpl(1280139005<open>)] for JPA transaction
2026-03-16 17:08:34 [http-nio-8080-exec-15] DEBUG o.s.orm.jpa.JpaTransactionManager - Participating in existing transaction
2026-03-16 17:08:34 [http-nio-8080-exec-15] DEBUG org.hibernate.SQL - select n1_0.ntcn_no,n1_0.frst_register_id,n1_0.frst_regist_pnttm,n1_0.is_read,n1_0.last_updusr_id,n1_0.last_updt_pnttm,n1_0.link_url,n1_0.ntcn_cn,n1_0.ntcn_sj,n1_0.receiver_id from n_user_notification n1_0
2026-03-16 17:08:34 [http-nio-8080-exec-10] DEBUG org.hibernate.SQL - select count(n1_0.ntcn_no) from n_user_notification n1_0 where n1_0.receiver_id=? and n1_0.is_read=?
2026-03-16 17:08:35 [http-nio-8080-exec-8] DEBUG o.s.orm.jpa.JpaTransactionManager - Exposing JPA transaction as JDBC [org.springframework.orm.jpa.vendor.HibernateJpaDialect$HibernateConnectionHandle@2c4bce93]
2026-03-16 17:08:35 [http-nio-8080-exec-8] DEBUG o.s.orm.jpa.JpaTransactionManager - Found thread-bound EntityManager [SessionImpl(80591293<open>)] for JPA transaction
2026-03-16 17:08:35 [http-nio-8080-exec-8] DEBUG o.s.orm.jpa.JpaTransactionManager - Participating in existing transaction
2026-03-16 17:08:35 [http-nio-8080-exec-8] DEBUG org.hibernate.SQL - select u1_0.emplyr_id,u1_0.area_no,u1_0.brthdy,u1_0.chg_pwd_cnt,u1_0.frst_register_id,u1_0.frst_regist_pnttm,u1_0.detail_adres,u1_0.email_adres,u1_0.emplyr_sttus_code,u1_0.empl_no,u1_0.esntl_id,u1_0.fxnum,u1_0.group_id,u1_0.house_adres,u1_0.house_end_telno,u1_0.house_middle_telno,u1_0.ihidnum,u1_0.pstinst_code,u1_0.last_updusr_id,u1_0.last_updt_pnttm,u1_0.lock_at,u1_0.lock_cnt,u1_0.lock_last_pnttm,u1_0.mbtlnum,u1_0.ofcps_nm,u1_0.offm_telno,u1_0.orgnzt_id,u1_0.password,u1_0.password_cnsr,u1_0.password_hint,u1_0.chg_pwd_last_pnttm,u1_0.role,u1_0.sbscrb_de,u1_0.sexdstn_code,u1_0.crtfc_dn_value,u1_0.user_nm,u1_0.zip from nemplyrinfo u1_0 where u1_0.emplyr_id=?
2026-03-16 17:08:35 [http-nio-8080-exec-10] DEBUG o.s.orm.jpa.JpaTransactionManager - Initiating transaction commit
2026-03-16 17:08:35 [http-nio-8080-exec-15] DEBUG o.s.orm.jpa.JpaTransactionManager - Initiating transaction commit
2026-03-16 17:08:35 [http-nio-8080-exec-15] DEBUG o.s.orm.jpa.JpaTransactionManager - Committing JPA transaction on EntityManager [SessionImpl(1280139005<open>)]
2026-03-16 17:08:35 [http-nio-8080-exec-10] DEBUG o.s.orm.jpa.JpaTransactionManager - Committing JPA transaction on EntityManager [SessionImpl(42925911<open>)]
2026-03-16 17:08:35 [http-nio-8080-exec-8] DEBUG o.s.orm.jpa.JpaTransactionManager - Found thread-bound EntityManager [SessionImpl(80591293<open>)] for JPA transaction
2026-03-16 17:08:35 [http-nio-8080-exec-8] DEBUG o.s.orm.jpa.JpaTransactionManager - Participating in existing transaction
2026-03-16 17:08:35 [http-nio-8080-exec-8] DEBUG org.hibernate.SQL - select ua1_0.scrty_dtrmn_trget_id,ua1_0.author_code,ua1_0.frst_register_id,ua1_0.frst_regist_pnttm,ua1_0.last_updusr_id,ua1_0.last_updt_pnttm,ua1_0.mber_ty_code from nemplyrscrtyestbs ua1_0 where ua1_0.scrty_dtrmn_trget_id=?
2026-03-16 17:08:35 [http-nio-8080-exec-15] DEBUG o.s.orm.jpa.JpaTransactionManager - Closing JPA EntityManager [SessionImpl(1280139005<open>)] after transaction
2026-03-16 17:08:35 [http-nio-8080-exec-10] DEBUG o.s.orm.jpa.JpaTransactionManager - Closing JPA EntityManager [SessionImpl(42925911<open>)] after transaction
2026-03-16 17:08:35 [http-nio-8080-exec-15] DEBUG o.s.w.s.m.m.a.HttpEntityMethodProcessor - Using 'application/json', given [application/json, text/plain, */*] and supported [application/json, application/*+json, application/yaml]
2026-03-16 17:08:35 [http-nio-8080-exec-10] DEBUG o.s.w.s.m.m.a.HttpEntityMethodProcessor - Using 'application/json', given [application/json, text/plain, */*] and supported [application/json, application/*+json, application/yaml]
2026-03-16 17:08:35 [http-nio-8080-exec-15] TRACE o.s.w.s.m.m.a.HttpEntityMethodProcessor - Writing [ApiResponse[success=true, status=200, code=COMMON_001, message=Success, data=[NotificationDto(ntfcNo=NT001, ntfcSj=테스트 알림입니다, ntfcCn=알림 내용입니다, ntfcDate=null, ntfcTime=2026-02-25T00:59:33.784070, bhNtfcIntrvl=null, uniqId=null, frstRegisterId=null, frstRegisterPnttm=2026-02-25T00:59:33.784070, lastUpdusrId=null, lastUpdusrPnttm=null)], timestamp=2026-03-16T17:08:35.193435]]
2026-03-16 17:08:35 [http-nio-8080-exec-10] TRACE o.s.w.s.m.m.a.HttpEntityMethodProcessor - Writing [ApiResponse[success=true, status=200, code=COMMON_001, message=Success, data=0, timestamp=2026-03-16T17:08:35.193435]]
2026-03-16 17:08:35 [http-nio-8080-exec-15] INFO  c.c.p.a.i.OperationalAuditInterceptor - API Audit Log: URL=/api/v1/notifications, User=webmaster, IP=127.0.0.1
2026-03-16 17:08:35 [http-nio-8080-exec-10] INFO  c.c.p.a.i.OperationalAuditInterceptor - API Audit Log: URL=/api/v1/notifications/unread-count, User=webmaster, IP=127.0.0.1
2026-03-16 17:08:35 [http-nio-8080-exec-15] DEBUG o.s.web.servlet.DispatcherServlet - Completed 200 OK
2026-03-16 17:08:35 [http-nio-8080-exec-10] DEBUG o.s.web.servlet.DispatcherServlet - Completed 200 OK
2026-03-16 17:08:35 [http-nio-8080-exec-19] DEBUG c.c.p.s.jwt.JwtAuthenticationFilter - >>> [JwtFilter] Processing request: GET /api/v1/notifications/unread-count
2026-03-16 17:08:35 [http-nio-8080-exec-19] DEBUG c.c.p.s.jwt.JwtAuthenticationFilter - >>> [JwtFilter] Found token in header for path: /api/v1/notifications/unread-count
2026-03-16 17:08:35 [http-nio-8080-exec-19] DEBUG o.s.orm.jpa.JpaTransactionManager - Creating new transaction with name [com.company.project.security.iam.CustomUserDetailsService.loadUserByUsername]: PROPAGATION_REQUIRED,ISOLATION_DEFAULT,readOnly
2026-03-16 17:08:35 [http-nio-8080-exec-19] DEBUG o.s.orm.jpa.JpaTransactionManager - Opened new EntityManager [SessionImpl(864289391<open>)] for JPA transaction
2026-03-16 17:08:35 [http-nio-8080-exec-12] DEBUG c.c.p.s.jwt.JwtAuthenticationFilter - >>> [JwtFilter] Processing request: GET /api/v1/notifications
2026-03-16 17:08:35 [http-nio-8080-exec-12] DEBUG c.c.p.s.jwt.JwtAuthenticationFilter - >>> [JwtFilter] Found token in header for path: /api/v1/notifications
2026-03-16 17:08:35 [http-nio-8080-exec-12] DEBUG o.s.orm.jpa.JpaTransactionManager - Creating new transaction with name [com.company.project.security.iam.CustomUserDetailsService.loadUserByUsername]: PROPAGATION_REQUIRED,ISOLATION_DEFAULT,readOnly
2026-03-16 17:08:35 [http-nio-8080-exec-12] DEBUG o.s.orm.jpa.JpaTransactionManager - Opened new EntityManager [SessionImpl(1612260391<open>)] for JPA transaction
2026-03-16 17:08:35 [http-nio-8080-exec-8] DEBUG o.s.orm.jpa.JpaTransactionManager - Initiating transaction commit
2026-03-16 17:08:35 [http-nio-8080-exec-8] DEBUG o.s.orm.jpa.JpaTransactionManager - Committing JPA transaction on EntityManager [SessionImpl(80591293<open>)]
2026-03-16 17:08:35 [http-nio-8080-exec-19] DEBUG o.s.orm.jpa.JpaTransactionManager - Exposing JPA transaction as JDBC [org.springframework.orm.jpa.vendor.HibernateJpaDialect$HibernateConnectionHandle@62fe91b2]
2026-03-16 17:08:35 [http-nio-8080-exec-19] DEBUG o.s.orm.jpa.JpaTransactionManager - Found thread-bound EntityManager [SessionImpl(864289391<open>)] for JPA transaction
2026-03-16 17:08:35 [http-nio-8080-exec-19] DEBUG o.s.orm.jpa.JpaTransactionManager - Participating in existing transaction
2026-03-16 17:08:35 [http-nio-8080-exec-19] DEBUG org.hibernate.SQL - select u1_0.emplyr_id,u1_0.area_no,u1_0.brthdy,u1_0.chg_pwd_cnt,u1_0.frst_register_id,u1_0.frst_regist_pnttm,u1_0.detail_adres,u1_0.email_adres,u1_0.emplyr_sttus_code,u1_0.empl_no,u1_0.esntl_id,u1_0.fxnum,u1_0.group_id,u1_0.house_adres,u1_0.house_end_telno,u1_0.house_middle_telno,u1_0.ihidnum,u1_0.pstinst_code,u1_0.last_updusr_id,u1_0.last_updt_pnttm,u1_0.lock_at,u1_0.lock_cnt,u1_0.lock_last_pnttm,u1_0.mbtlnum,u1_0.ofcps_nm,u1_0.offm_telno,u1_0.orgnzt_id,u1_0.password,u1_0.password_cnsr,u1_0.password_hint,u1_0.chg_pwd_last_pnttm,u1_0.role,u1_0.sbscrb_de,u1_0.sexdstn_code,u1_0.crtfc_dn_value,u1_0.user_nm,u1_0.zip from nemplyrinfo u1_0 where u1_0.emplyr_id=?
2026-03-16 17:08:35 [http-nio-8080-exec-12] DEBUG o.s.orm.jpa.JpaTransactionManager - Exposing JPA transaction as JDBC [org.springframework.orm.jpa.vendor.HibernateJpaDialect$HibernateConnectionHandle@2f8d775b]
2026-03-16 17:08:35 [http-nio-8080-exec-12] DEBUG o.s.orm.jpa.JpaTransactionManager - Found thread-bound EntityManager [SessionImpl(1612260391<open>)] for JPA transaction
2026-03-16 17:08:35 [http-nio-8080-exec-12] DEBUG o.s.orm.jpa.JpaTransactionManager - Participating in existing transaction
2026-03-16 17:08:35 [http-nio-8080-exec-12] DEBUG org.hibernate.SQL - select u1_0.emplyr_id,u1_0.area_no,u1_0.brthdy,u1_0.chg_pwd_cnt,u1_0.frst_register_id,u1_0.frst_regist_pnttm,u1_0.detail_adres,u1_0.email_adres,u1_0.emplyr_sttus_code,u1_0.empl_no,u1_0.esntl_id,u1_0.fxnum,u1_0.group_id,u1_0.house_adres,u1_0.house_end_telno,u1_0.house_middle_telno,u1_0.ihidnum,u1_0.pstinst_code,u1_0.last_updusr_id,u1_0.last_updt_pnttm,u1_0.lock_at,u1_0.lock_cnt,u1_0.lock_last_pnttm,u1_0.mbtlnum,u1_0.ofcps_nm,u1_0.offm_telno,u1_0.orgnzt_id,u1_0.password,u1_0.password_cnsr,u1_0.password_hint,u1_0.chg_pwd_last_pnttm,u1_0.role,u1_0.sbscrb_de,u1_0.sexdstn_code,u1_0.crtfc_dn_value,u1_0.user_nm,u1_0.zip from nemplyrinfo u1_0 where u1_0.emplyr_id=?
2026-03-16 17:08:35 [http-nio-8080-exec-8] DEBUG o.s.orm.jpa.JpaTransactionManager - Closing JPA EntityManager [SessionImpl(80591293<open>)] after transaction
2026-03-16 17:08:35 [http-nio-8080-exec-8] DEBUG c.c.p.s.jwt.JwtAuthenticationFilter - >>> [JwtFilter] Successfully authenticated user: USRCNFRM_99999999999, Authorities: [ROLE_ADMIN]
2026-03-16 17:08:35 [http-nio-8080-exec-8] DEBUG o.s.web.servlet.DispatcherServlet - GET "/api/v1/menu/left?menuNo=20", parameters={masked}
2026-03-16 17:08:35 [http-nio-8080-exec-8] TRACE o.s.w.s.m.m.a.RequestMappingHandlerMapping - Mapped to com.company.project.api.controller.menu.MenuController#getLeftMenu(Long)
2026-03-16 17:08:35 [http-nio-8080-exec-8] INFO  c.c.p.a.c.menu.MenuController - getLeftMenu called with menuNo=20
2026-03-16 17:08:35 [http-nio-8080-exec-8] DEBUG o.s.orm.jpa.JpaTransactionManager - Creating new transaction with name [com.company.project.service.menu.MenuService.getSubMenus]: PROPAGATION_REQUIRED,ISOLATION_DEFAULT,readOnly
2026-03-16 17:08:35 [http-nio-8080-exec-8] DEBUG o.s.orm.jpa.JpaTransactionManager - Opened new EntityManager [SessionImpl(1282016902<open>)] for JPA transaction
2026-03-16 17:08:35 [http-nio-8080-exec-8] DEBUG o.s.orm.jpa.JpaTransactionManager - Exposing JPA transaction as JDBC [org.springframework.orm.jpa.vendor.HibernateJpaDialect$HibernateConnectionHandle@3928f987]
2026-03-16 17:08:35 [http-nio-8080-exec-8] DEBUG org.hibernate.SQL - select m1_0.menu_no,m1_0.menu_dc,m1_0.menu_nm,m1_0.menu_ordr,m1_0.modern_route,m1_0.progrm_file_nm,m1_0.relate_image_nm,m1_0.relate_image_path,m1_0.route_updated_at,m1_0.upper_menu_no from nmenuinfo m1_0 order by m1_0.upper_menu_no,m1_0.menu_ordr
2026-03-16 17:08:35 [http-nio-8080-exec-12] DEBUG o.s.orm.jpa.JpaTransactionManager - Found thread-bound EntityManager [SessionImpl(1612260391<open>)] for JPA transaction
2026-03-16 17:08:35 [http-nio-8080-exec-19] DEBUG o.s.orm.jpa.JpaTransactionManager - Found thread-bound EntityManager [SessionImpl(864289391<open>)] for JPA transaction
2026-03-16 17:08:35 [http-nio-8080-exec-12] DEBUG o.s.orm.jpa.JpaTransactionManager - Participating in existing transaction
2026-03-16 17:08:35 [http-nio-8080-exec-19] DEBUG o.s.orm.jpa.JpaTransactionManager - Participating in existing transaction
2026-03-16 17:08:35 [http-nio-8080-exec-19] DEBUG org.hibernate.SQL - select ua1_0.scrty_dtrmn_trget_id,ua1_0.author_code,ua1_0.frst_register_id,ua1_0.frst_regist_pnttm,ua1_0.last_updusr_id,ua1_0.last_updt_pnttm,ua1_0.mber_ty_code from nemplyrscrtyestbs ua1_0 where ua1_0.scrty_dtrmn_trget_id=?
2026-03-16 17:08:35 [http-nio-8080-exec-12] DEBUG org.hibernate.SQL - select ua1_0.scrty_dtrmn_trget_id,ua1_0.author_code,ua1_0.frst_register_id,ua1_0.frst_regist_pnttm,ua1_0.last_updusr_id,ua1_0.last_updt_pnttm,ua1_0.mber_ty_code from nemplyrscrtyestbs ua1_0 where ua1_0.scrty_dtrmn_trget_id=?
2026-03-16 17:08:35 [http-nio-8080-exec-12] DEBUG o.s.orm.jpa.JpaTransactionManager - Initiating transaction commit
2026-03-16 17:08:35 [http-nio-8080-exec-19] DEBUG o.s.orm.jpa.JpaTransactionManager - Initiating transaction commit
2026-03-16 17:08:35 [http-nio-8080-exec-12] DEBUG o.s.orm.jpa.JpaTransactionManager - Committing JPA transaction on EntityManager [SessionImpl(1612260391<open>)]
2026-03-16 17:08:35 [http-nio-8080-exec-19] DEBUG o.s.orm.jpa.JpaTransactionManager - Committing JPA transaction on EntityManager [SessionImpl(864289391<open>)]
2026-03-16 17:08:35 [http-nio-8080-exec-8] DEBUG o.s.orm.jpa.JpaTransactionManager - Found thread-bound EntityManager [SessionImpl(1282016902<open>)] for JPA transaction
2026-03-16 17:08:35 [http-nio-8080-exec-8] DEBUG o.s.orm.jpa.JpaTransactionManager - Participating in existing transaction
2026-03-16 17:08:35 [http-nio-8080-exec-8] DEBUG org.hibernate.SQL - select p1_0.progrm_file_nm,p1_0.progrm_dc,p1_0.progrm_korean_nm,p1_0.progrm_stre_path,p1_0.url from nprogrmlist p1_0
2026-03-16 17:08:35 [http-nio-8080-exec-12] DEBUG o.s.orm.jpa.JpaTransactionManager - Closing JPA EntityManager [SessionImpl(1612260391<open>)] after transaction
2026-03-16 17:08:35 [http-nio-8080-exec-19] DEBUG o.s.orm.jpa.JpaTransactionManager - Closing JPA EntityManager [SessionImpl(864289391<open>)] after transaction
2026-03-16 17:08:35 [http-nio-8080-exec-12] DEBUG c.c.p.s.jwt.JwtAuthenticationFilter - >>> [JwtFilter] Successfully authenticated user: USRCNFRM_99999999999, Authorities: [ROLE_ADMIN]
2026-03-16 17:08:35 [http-nio-8080-exec-19] DEBUG c.c.p.s.jwt.JwtAuthenticationFilter - >>> [JwtFilter] Successfully authenticated user: USRCNFRM_99999999999, Authorities: [ROLE_ADMIN]
2026-03-16 17:08:35 [http-nio-8080-exec-19] DEBUG o.s.web.servlet.DispatcherServlet - GET "/api/v1/notifications/unread-count", parameters={}
2026-03-16 17:08:35 [http-nio-8080-exec-19] TRACE o.s.w.s.m.m.a.RequestMappingHandlerMapping - Mapped to com.company.project.api.controller.notification.NotificationController#getUnreadCount(UserDetails)
2026-03-16 17:08:35 [http-nio-8080-exec-12] DEBUG o.s.web.servlet.DispatcherServlet - GET "/api/v1/notifications", parameters={}
2026-03-16 17:08:35 [http-nio-8080-exec-19] DEBUG o.s.orm.jpa.JpaTransactionManager - Creating new transaction with name [com.company.project.service.notification.NotificationService.getUnreadCount]: PROPAGATION_REQUIRED,ISOLATION_DEFAULT,readOnly
2026-03-16 17:08:35 [http-nio-8080-exec-12] TRACE o.s.w.s.m.m.a.RequestMappingHandlerMapping - Mapped to com.company.project.api.controller.notification.NotificationController#getMyNotifications(UserDetails)
2026-03-16 17:08:35 [http-nio-8080-exec-19] DEBUG o.s.orm.jpa.JpaTransactionManager - Opened new EntityManager [SessionImpl(114520308<open>)] for JPA transaction
2026-03-16 17:08:35 [http-nio-8080-exec-12] DEBUG o.s.orm.jpa.JpaTransactionManager - Creating new transaction with name [com.company.project.service.notification.NotificationService.getActiveNotifications]: PROPAGATION_REQUIRED,ISOLATION_DEFAULT,readOnly
2026-03-16 17:08:35 [http-nio-8080-exec-19] DEBUG o.s.orm.jpa.JpaTransactionManager - Exposing JPA transaction as JDBC [org.springframework.orm.jpa.vendor.HibernateJpaDialect$HibernateConnectionHandle@3802a7d]
2026-03-16 17:08:35 [http-nio-8080-exec-12] DEBUG o.s.orm.jpa.JpaTransactionManager - Opened new EntityManager [SessionImpl(1801639945<open>)] for JPA transaction
2026-03-16 17:08:35 [http-nio-8080-exec-12] DEBUG o.s.orm.jpa.JpaTransactionManager - Exposing JPA transaction as JDBC [org.springframework.orm.jpa.vendor.HibernateJpaDialect$HibernateConnectionHandle@1372c1]
2026-03-16 17:08:35 [http-nio-8080-exec-12] DEBUG o.s.orm.jpa.JpaTransactionManager - Found thread-bound EntityManager [SessionImpl(1801639945<open>)] for JPA transaction
2026-03-16 17:08:35 [http-nio-8080-exec-12] DEBUG o.s.orm.jpa.JpaTransactionManager - Participating in existing transaction
2026-03-16 17:08:35 [http-nio-8080-exec-12] DEBUG org.hibernate.SQL - select n1_0.ntcn_no,n1_0.frst_register_id,n1_0.frst_regist_pnttm,n1_0.is_read,n1_0.last_updusr_id,n1_0.last_updt_pnttm,n1_0.link_url,n1_0.ntcn_cn,n1_0.ntcn_sj,n1_0.receiver_id from n_user_notification n1_0
2026-03-16 17:08:35 [http-nio-8080-exec-19] DEBUG org.hibernate.SQL - select count(n1_0.ntcn_no) from n_user_notification n1_0 where n1_0.receiver_id=? and n1_0.is_read=?
2026-03-16 17:08:35 [http-nio-8080-exec-8] DEBUG o.s.orm.jpa.JpaTransactionManager - Initiating transaction commit
2026-03-16 17:08:35 [http-nio-8080-exec-8] DEBUG o.s.orm.jpa.JpaTransactionManager - Committing JPA transaction on EntityManager [SessionImpl(1282016902<open>)]
2026-03-16 17:08:35 [http-nio-8080-exec-12] DEBUG o.s.orm.jpa.JpaTransactionManager - Initiating transaction commit
2026-03-16 17:08:35 [http-nio-8080-exec-12] DEBUG o.s.orm.jpa.JpaTransactionManager - Committing JPA transaction on EntityManager [SessionImpl(1801639945<open>)]
2026-03-16 17:08:35 [http-nio-8080-exec-19] DEBUG o.s.orm.jpa.JpaTransactionManager - Initiating transaction commit
2026-03-16 17:08:35 [http-nio-8080-exec-19] DEBUG o.s.orm.jpa.JpaTransactionManager - Committing JPA transaction on EntityManager [SessionImpl(114520308<open>)]
2026-03-16 17:08:36 [http-nio-8080-exec-8] DEBUG o.s.orm.jpa.JpaTransactionManager - Closing JPA EntityManager [SessionImpl(1282016902<open>)] after transaction
2026-03-16 17:08:36 [http-nio-8080-exec-8] INFO  c.c.p.a.c.menu.MenuController - getLeftMenu returned 3 items
2026-03-16 17:08:36 [http-nio-8080-exec-8] DEBUG o.s.w.s.m.m.a.HttpEntityMethodProcessor - Using 'application/json', given [application/json, text/plain, */*] and supported [application/json, application/*+json, application/yaml]
2026-03-16 17:08:36 [http-nio-8080-exec-8] TRACE o.s.w.s.m.m.a.HttpEntityMethodProcessor - Writing [ApiResponse[success=true, status=200, code=COMMON_001, message=Success, data={list=[com.company.project.service.menu.dto.MenuDto@69ad757a, com.company.project.service.menu.dto.MenuDto@3a102e7f, com.company.project.service.menu.dto.MenuDto@49d08c73]}, timestamp=2026-03-16T17:08:36.073266500]]
2026-03-16 17:08:36 [http-nio-8080-exec-8] INFO  c.c.p.a.i.OperationalAuditInterceptor - API Audit Log: URL=/api/v1/menu/left, User=webmaster, IP=127.0.0.1
2026-03-16 17:08:36 [http-nio-8080-exec-8] DEBUG o.s.web.servlet.DispatcherServlet - Completed 200 OK
2026-03-16 17:08:36 [http-nio-8080-exec-9] DEBUG c.c.p.s.jwt.JwtAuthenticationFilter - >>> [JwtFilter] Processing request: GET /api/v1/menu/left
2026-03-16 17:08:36 [http-nio-8080-exec-9] DEBUG c.c.p.s.jwt.JwtAuthenticationFilter - >>> [JwtFilter] Found token in header for path: /api/v1/menu/left
2026-03-16 17:08:36 [http-nio-8080-exec-9] DEBUG o.s.orm.jpa.JpaTransactionManager - Creating new transaction with name [com.company.project.security.iam.CustomUserDetailsService.loadUserByUsername]: PROPAGATION_REQUIRED,ISOLATION_DEFAULT,readOnly
2026-03-16 17:08:36 [http-nio-8080-exec-9] DEBUG o.s.orm.jpa.JpaTransactionManager - Opened new EntityManager [SessionImpl(1244752208<open>)] for JPA transaction
2026-03-16 17:08:36 [http-nio-8080-exec-19] DEBUG o.s.orm.jpa.JpaTransactionManager - Closing JPA EntityManager [SessionImpl(114520308<open>)] after transaction
2026-03-16 17:08:36 [http-nio-8080-exec-12] DEBUG o.s.orm.jpa.JpaTransactionManager - Closing JPA EntityManager [SessionImpl(1801639945<open>)] after transaction
2026-03-16 17:08:36 [http-nio-8080-exec-19] DEBUG o.s.w.s.m.m.a.HttpEntityMethodProcessor - Using 'application/json', given [application/json, text/plain, */*] and supported [application/json, application/*+json, application/yaml]
2026-03-16 17:08:36 [http-nio-8080-exec-12] DEBUG o.s.w.s.m.m.a.HttpEntityMethodProcessor - Using 'application/json', given [application/json, text/plain, */*] and supported [application/json, application/*+json, application/yaml]
2026-03-16 17:08:36 [http-nio-8080-exec-19] TRACE o.s.w.s.m.m.a.HttpEntityMethodProcessor - Writing [ApiResponse[success=true, status=200, code=COMMON_001, message=Success, data=0, timestamp=2026-03-16T17:08:36.110370700]]
2026-03-16 17:08:36 [http-nio-8080-exec-12] TRACE o.s.w.s.m.m.a.HttpEntityMethodProcessor - Writing [ApiResponse[success=true, status=200, code=COMMON_001, message=Success, data=[NotificationDto(ntfcNo=NT001, ntfcSj=테스트 알림입니다, ntfcCn=알림 내용입니다, ntfcDate=null, ntfcTime=2026-02-25T00:59:33.784070, bhNtfcIntrvl=null, uniqId=null, frstRegisterId=null, frstRegisterPnttm=2026-02-25T00:59:33.784070, lastUpdusrId=null, lastUpdusrPnttm=null)], timestamp=2026-03-16T17:08:36.110370700]]
2026-03-16 17:08:36 [http-nio-8080-exec-19] INFO  c.c.p.a.i.OperationalAuditInterceptor - API Audit Log: URL=/api/v1/notifications/unread-count, User=webmaster, IP=127.0.0.1
2026-03-16 17:08:36 [http-nio-8080-exec-12] INFO  c.c.p.a.i.OperationalAuditInterceptor - API Audit Log: URL=/api/v1/notifications, User=webmaster, IP=127.0.0.1
2026-03-16 17:08:36 [http-nio-8080-exec-19] DEBUG o.s.web.servlet.DispatcherServlet - Completed 200 OK
2026-03-16 17:08:36 [http-nio-8080-exec-12] DEBUG o.s.web.servlet.DispatcherServlet - Completed 200 OK
2026-03-16 17:08:36 [http-nio-8080-exec-9] DEBUG o.s.orm.jpa.JpaTransactionManager - Exposing JPA transaction as JDBC [org.springframework.orm.jpa.vendor.HibernateJpaDialect$HibernateConnectionHandle@33f5d9b5]
2026-03-16 17:08:36 [http-nio-8080-exec-9] DEBUG o.s.orm.jpa.JpaTransactionManager - Found thread-bound EntityManager [SessionImpl(1244752208<open>)] for JPA transaction
2026-03-16 17:08:36 [http-nio-8080-exec-9] DEBUG o.s.orm.jpa.JpaTransactionManager - Participating in existing transaction
2026-03-16 17:08:36 [http-nio-8080-exec-9] DEBUG org.hibernate.SQL - select u1_0.emplyr_id,u1_0.area_no,u1_0.brthdy,u1_0.chg_pwd_cnt,u1_0.frst_register_id,u1_0.frst_regist_pnttm,u1_0.detail_adres,u1_0.email_adres,u1_0.emplyr_sttus_code,u1_0.empl_no,u1_0.esntl_id,u1_0.fxnum,u1_0.group_id,u1_0.house_adres,u1_0.house_end_telno,u1_0.house_middle_telno,u1_0.ihidnum,u1_0.pstinst_code,u1_0.last_updusr_id,u1_0.last_updt_pnttm,u1_0.lock_at,u1_0.lock_cnt,u1_0.lock_last_pnttm,u1_0.mbtlnum,u1_0.ofcps_nm,u1_0.offm_telno,u1_0.orgnzt_id,u1_0.password,u1_0.password_cnsr,u1_0.password_hint,u1_0.chg_pwd_last_pnttm,u1_0.role,u1_0.sbscrb_de,u1_0.sexdstn_code,u1_0.crtfc_dn_value,u1_0.user_nm,u1_0.zip from nemplyrinfo u1_0 where u1_0.emplyr_id=?
2026-03-16 17:08:36 [http-nio-8080-exec-9] DEBUG o.s.orm.jpa.JpaTransactionManager - Found thread-bound EntityManager [SessionImpl(1244752208<open>)] for JPA transaction
2026-03-16 17:08:36 [http-nio-8080-exec-9] DEBUG o.s.orm.jpa.JpaTransactionManager - Participating in existing transaction
2026-03-16 17:08:36 [http-nio-8080-exec-9] DEBUG org.hibernate.SQL - select ua1_0.scrty_dtrmn_trget_id,ua1_0.author_code,ua1_0.frst_register_id,ua1_0.frst_regist_pnttm,ua1_0.last_updusr_id,ua1_0.last_updt_pnttm,ua1_0.mber_ty_code from nemplyrscrtyestbs ua1_0 where ua1_0.scrty_dtrmn_trget_id=?
2026-03-16 17:08:36 [http-nio-8080-exec-9] DEBUG o.s.orm.jpa.JpaTransactionManager - Initiating transaction commit
2026-03-16 17:08:36 [http-nio-8080-exec-9] DEBUG o.s.orm.jpa.JpaTransactionManager - Committing JPA transaction on EntityManager [SessionImpl(1244752208<open>)]
2026-03-16 17:08:36 [http-nio-8080-exec-9] DEBUG o.s.orm.jpa.JpaTransactionManager - Closing JPA EntityManager [SessionImpl(1244752208<open>)] after transaction
2026-03-16 17:08:36 [http-nio-8080-exec-9] DEBUG c.c.p.s.jwt.JwtAuthenticationFilter - >>> [JwtFilter] Successfully authenticated user: USRCNFRM_99999999999, Authorities: [ROLE_ADMIN]
2026-03-16 17:08:36 [http-nio-8080-exec-9] DEBUG o.s.web.servlet.DispatcherServlet - GET "/api/v1/menu/left?menuNo=40", parameters={masked}
2026-03-16 17:08:36 [http-nio-8080-exec-9] TRACE o.s.w.s.m.m.a.RequestMappingHandlerMapping - Mapped to com.company.project.api.controller.menu.MenuController#getLeftMenu(Long)
2026-03-16 17:08:36 [http-nio-8080-exec-9] INFO  c.c.p.a.c.menu.MenuController - getLeftMenu called with menuNo=40
2026-03-16 17:08:36 [http-nio-8080-exec-9] DEBUG o.s.orm.jpa.JpaTransactionManager - Creating new transaction with name [com.company.project.service.menu.MenuService.getSubMenus]: PROPAGATION_REQUIRED,ISOLATION_DEFAULT,readOnly
2026-03-16 17:08:36 [http-nio-8080-exec-9] DEBUG o.s.orm.jpa.JpaTransactionManager - Opened new EntityManager [SessionImpl(1623765663<open>)] for JPA transaction
2026-03-16 17:08:36 [http-nio-8080-exec-9] DEBUG o.s.orm.jpa.JpaTransactionManager - Exposing JPA transaction as JDBC [org.springframework.orm.jpa.vendor.HibernateJpaDialect$HibernateConnectionHandle@306600e6]
2026-03-16 17:08:36 [http-nio-8080-exec-9] DEBUG org.hibernate.SQL - select m1_0.menu_no,m1_0.menu_dc,m1_0.menu_nm,m1_0.menu_ordr,m1_0.modern_route,m1_0.progrm_file_nm,m1_0.relate_image_nm,m1_0.relate_image_path,m1_0.route_updated_at,m1_0.upper_menu_no from nmenuinfo m1_0 order by m1_0.upper_menu_no,m1_0.menu_ordr
2026-03-16 17:08:37 [http-nio-8080-exec-9] DEBUG o.s.orm.jpa.JpaTransactionManager - Found thread-bound EntityManager [SessionImpl(1623765663<open>)] for JPA transaction
2026-03-16 17:08:37 [http-nio-8080-exec-9] DEBUG o.s.orm.jpa.JpaTransactionManager - Participating in existing transaction
2026-03-16 17:08:37 [http-nio-8080-exec-9] DEBUG org.hibernate.SQL - select p1_0.progrm_file_nm,p1_0.progrm_dc,p1_0.progrm_korean_nm,p1_0.progrm_stre_path,p1_0.url from nprogrmlist p1_0
2026-03-16 17:08:37 [http-nio-8080-exec-9] DEBUG o.s.orm.jpa.JpaTransactionManager - Initiating transaction commit
2026-03-16 17:08:37 [http-nio-8080-exec-9] DEBUG o.s.orm.jpa.JpaTransactionManager - Committing JPA transaction on EntityManager [SessionImpl(1623765663<open>)]
2026-03-16 17:08:37 [http-nio-8080-exec-9] DEBUG o.s.orm.jpa.JpaTransactionManager - Closing JPA EntityManager [SessionImpl(1623765663<open>)] after transaction
2026-03-16 17:08:37 [http-nio-8080-exec-9] INFO  c.c.p.a.c.menu.MenuController - getLeftMenu returned 2 items
2026-03-16 17:08:37 [http-nio-8080-exec-9] DEBUG o.s.w.s.m.m.a.HttpEntityMethodProcessor - Using 'application/json', given [application/json, text/plain, */*] and supported [application/json, application/*+json, application/yaml]
2026-03-16 17:08:37 [http-nio-8080-exec-9] TRACE o.s.w.s.m.m.a.HttpEntityMethodProcessor - Writing [ApiResponse[success=true, status=200, code=COMMON_001, message=Success, data={list=[com.company.project.service.menu.dto.MenuDto@6063cbf8, com.company.project.service.menu.dto.MenuDto@1b90acc6]}, timestamp=2026-03-16T17:08:37.350834100]]
2026-03-16 17:08:37 [http-nio-8080-exec-9] INFO  c.c.p.a.i.OperationalAuditInterceptor - API Audit Log: URL=/api/v1/menu/left, User=webmaster, IP=127.0.0.1
2026-03-16 17:08:37 [http-nio-8080-exec-9] DEBUG o.s.web.servlet.DispatcherServlet - Completed 200 OK
2026-03-16 17:08:37 [http-nio-8080-exec-17] DEBUG c.c.p.s.jwt.JwtAuthenticationFilter - >>> [JwtFilter] Processing request: GET /api/v1/menu/left
2026-03-16 17:08:37 [http-nio-8080-exec-17] DEBUG c.c.p.s.jwt.JwtAuthenticationFilter - >>> [JwtFilter] Found token in header for path: /api/v1/menu/left
2026-03-16 17:08:37 [http-nio-8080-exec-17] DEBUG o.s.orm.jpa.JpaTransactionManager - Creating new transaction with name [com.company.project.security.iam.CustomUserDetailsService.loadUserByUsername]: PROPAGATION_REQUIRED,ISOLATION_DEFAULT,readOnly
2026-03-16 17:08:37 [http-nio-8080-exec-17] DEBUG o.s.orm.jpa.JpaTransactionManager - Opened new EntityManager [SessionImpl(2096182331<open>)] for JPA transaction
2026-03-16 17:08:37 [http-nio-8080-exec-17] DEBUG o.s.orm.jpa.JpaTransactionManager - Exposing JPA transaction as JDBC [org.springframework.orm.jpa.vendor.HibernateJpaDialect$HibernateConnectionHandle@6418f8d0]
2026-03-16 17:08:37 [http-nio-8080-exec-17] DEBUG o.s.orm.jpa.JpaTransactionManager - Found thread-bound EntityManager [SessionImpl(2096182331<open>)] for JPA transaction
2026-03-16 17:08:37 [http-nio-8080-exec-17] DEBUG o.s.orm.jpa.JpaTransactionManager - Participating in existing transaction
2026-03-16 17:08:37 [http-nio-8080-exec-17] DEBUG org.hibernate.SQL - select u1_0.emplyr_id,u1_0.area_no,u1_0.brthdy,u1_0.chg_pwd_cnt,u1_0.frst_register_id,u1_0.frst_regist_pnttm,u1_0.detail_adres,u1_0.email_adres,u1_0.emplyr_sttus_code,u1_0.empl_no,u1_0.esntl_id,u1_0.fxnum,u1_0.group_id,u1_0.house_adres,u1_0.house_end_telno,u1_0.house_middle_telno,u1_0.ihidnum,u1_0.pstinst_code,u1_0.last_updusr_id,u1_0.last_updt_pnttm,u1_0.lock_at,u1_0.lock_cnt,u1_0.lock_last_pnttm,u1_0.mbtlnum,u1_0.ofcps_nm,u1_0.offm_telno,u1_0.orgnzt_id,u1_0.password,u1_0.password_cnsr,u1_0.password_hint,u1_0.chg_pwd_last_pnttm,u1_0.role,u1_0.sbscrb_de,u1_0.sexdstn_code,u1_0.crtfc_dn_value,u1_0.user_nm,u1_0.zip from nemplyrinfo u1_0 where u1_0.emplyr_id=?
2026-03-16 17:08:37 [http-nio-8080-exec-17] DEBUG o.s.orm.jpa.JpaTransactionManager - Found thread-bound EntityManager [SessionImpl(2096182331<open>)] for JPA transaction
2026-03-16 17:08:37 [http-nio-8080-exec-17] DEBUG o.s.orm.jpa.JpaTransactionManager - Participating in existing transaction
2026-03-16 17:08:37 [http-nio-8080-exec-17] DEBUG org.hibernate.SQL - select ua1_0.scrty_dtrmn_trget_id,ua1_0.author_code,ua1_0.frst_register_id,ua1_0.frst_regist_pnttm,ua1_0.last_updusr_id,ua1_0.last_updt_pnttm,ua1_0.mber_ty_code from nemplyrscrtyestbs ua1_0 where ua1_0.scrty_dtrmn_trget_id=?
2026-03-16 17:08:37 [http-nio-8080-exec-17] DEBUG o.s.orm.jpa.JpaTransactionManager - Initiating transaction commit
2026-03-16 17:08:37 [http-nio-8080-exec-17] DEBUG o.s.orm.jpa.JpaTransactionManager - Committing JPA transaction on EntityManager [SessionImpl(2096182331<open>)]
2026-03-16 17:08:37 [http-nio-8080-exec-17] DEBUG o.s.orm.jpa.JpaTransactionManager - Closing JPA EntityManager [SessionImpl(2096182331<open>)] after transaction
2026-03-16 17:08:37 [http-nio-8080-exec-17] DEBUG c.c.p.s.jwt.JwtAuthenticationFilter - >>> [JwtFilter] Successfully authenticated user: USRCNFRM_99999999999, Authorities: [ROLE_ADMIN]
2026-03-16 17:08:37 [http-nio-8080-exec-17] DEBUG o.s.web.servlet.DispatcherServlet - GET "/api/v1/menu/left?menuNo=50", parameters={masked}
2026-03-16 17:08:37 [http-nio-8080-exec-17] TRACE o.s.w.s.m.m.a.RequestMappingHandlerMapping - Mapped to com.company.project.api.controller.menu.MenuController#getLeftMenu(Long)
2026-03-16 17:08:37 [http-nio-8080-exec-17] INFO  c.c.p.a.c.menu.MenuController - getLeftMenu called with menuNo=50
2026-03-16 17:08:37 [http-nio-8080-exec-17] DEBUG o.s.orm.jpa.JpaTransactionManager - Creating new transaction with name [com.company.project.service.menu.MenuService.getSubMenus]: PROPAGATION_REQUIRED,ISOLATION_DEFAULT,readOnly
2026-03-16 17:08:37 [http-nio-8080-exec-17] DEBUG o.s.orm.jpa.JpaTransactionManager - Opened new EntityManager [SessionImpl(1436384349<open>)] for JPA transaction
2026-03-16 17:08:37 [http-nio-8080-exec-17] DEBUG o.s.orm.jpa.JpaTransactionManager - Exposing JPA transaction as JDBC [org.springframework.orm.jpa.vendor.HibernateJpaDialect$HibernateConnectionHandle@6e6bb028]
2026-03-16 17:08:37 [http-nio-8080-exec-17] DEBUG org.hibernate.SQL - select m1_0.menu_no,m1_0.menu_dc,m1_0.menu_nm,m1_0.menu_ordr,m1_0.modern_route,m1_0.progrm_file_nm,m1_0.relate_image_nm,m1_0.relate_image_path,m1_0.route_updated_at,m1_0.upper_menu_no from nmenuinfo m1_0 order by m1_0.upper_menu_no,m1_0.menu_ordr
2026-03-16 17:08:38 [http-nio-8080-exec-17] DEBUG o.s.orm.jpa.JpaTransactionManager - Found thread-bound EntityManager [SessionImpl(1436384349<open>)] for JPA transaction
2026-03-16 17:08:38 [http-nio-8080-exec-17] DEBUG o.s.orm.jpa.JpaTransactionManager - Participating in existing transaction
2026-03-16 17:08:38 [http-nio-8080-exec-17] DEBUG org.hibernate.SQL - select p1_0.progrm_file_nm,p1_0.progrm_dc,p1_0.progrm_korean_nm,p1_0.progrm_stre_path,p1_0.url from nprogrmlist p1_0
2026-03-16 17:08:38 [http-nio-8080-exec-17] DEBUG o.s.orm.jpa.JpaTransactionManager - Initiating transaction commit
2026-03-16 17:08:38 [http-nio-8080-exec-17] DEBUG o.s.orm.jpa.JpaTransactionManager - Committing JPA transaction on EntityManager [SessionImpl(1436384349<open>)]
2026-03-16 17:08:38 [http-nio-8080-exec-17] DEBUG o.s.orm.jpa.JpaTransactionManager - Closing JPA EntityManager [SessionImpl(1436384349<open>)] after transaction
2026-03-16 17:08:38 [http-nio-8080-exec-17] INFO  c.c.p.a.c.menu.MenuController - getLeftMenu returned 3 items
2026-03-16 17:08:38 [http-nio-8080-exec-17] DEBUG o.s.w.s.m.m.a.HttpEntityMethodProcessor - Using 'application/json', given [application/json, text/plain, */*] and supported [application/json, application/*+json, application/yaml]
2026-03-16 17:08:38 [http-nio-8080-exec-17] TRACE o.s.w.s.m.m.a.HttpEntityMethodProcessor - Writing [ApiResponse[success=true, status=200, code=COMMON_001, message=Success, data={list=[com.company.project.service.menu.dto.MenuDto@6793d031, com.company.project.service.menu.dto.MenuDto@660f09e0, com.company.project.service.menu.dto.MenuDto@21028eb8]}, timestamp=2026-03-16T17:08:38.611160500]]
2026-03-16 17:08:38 [http-nio-8080-exec-17] INFO  c.c.p.a.i.OperationalAuditInterceptor - API Audit Log: URL=/api/v1/menu/left, User=webmaster, IP=127.0.0.1
2026-03-16 17:08:38 [http-nio-8080-exec-17] DEBUG o.s.web.servlet.DispatcherServlet - Completed 200 OK
2026-03-16 17:08:38 [http-nio-8080-exec-8] DEBUG c.c.p.s.jwt.JwtAuthenticationFilter - >>> [JwtFilter] Processing request: GET /api/v1/menu/left
2026-03-16 17:08:38 [http-nio-8080-exec-8] DEBUG c.c.p.s.jwt.JwtAuthenticationFilter - >>> [JwtFilter] Found token in header for path: /api/v1/menu/left
2026-03-16 17:08:38 [http-nio-8080-exec-8] DEBUG o.s.orm.jpa.JpaTransactionManager - Creating new transaction with name [com.company.project.security.iam.CustomUserDetailsService.loadUserByUsername]: PROPAGATION_REQUIRED,ISOLATION_DEFAULT,readOnly
2026-03-16 17:08:38 [http-nio-8080-exec-8] DEBUG o.s.orm.jpa.JpaTransactionManager - Opened new EntityManager [SessionImpl(598959737<open>)] for JPA transaction
2026-03-16 17:08:38 [http-nio-8080-exec-8] DEBUG o.s.orm.jpa.JpaTransactionManager - Exposing JPA transaction as JDBC [org.springframework.orm.jpa.vendor.HibernateJpaDialect$HibernateConnectionHandle@21b7c1d0]
2026-03-16 17:08:38 [http-nio-8080-exec-8] DEBUG o.s.orm.jpa.JpaTransactionManager - Found thread-bound EntityManager [SessionImpl(598959737<open>)] for JPA transaction
2026-03-16 17:08:38 [http-nio-8080-exec-8] DEBUG o.s.orm.jpa.JpaTransactionManager - Participating in existing transaction
2026-03-16 17:08:38 [http-nio-8080-exec-8] DEBUG org.hibernate.SQL - select u1_0.emplyr_id,u1_0.area_no,u1_0.brthdy,u1_0.chg_pwd_cnt,u1_0.frst_register_id,u1_0.frst_regist_pnttm,u1_0.detail_adres,u1_0.email_adres,u1_0.emplyr_sttus_code,u1_0.empl_no,u1_0.esntl_id,u1_0.fxnum,u1_0.group_id,u1_0.house_adres,u1_0.house_end_telno,u1_0.house_middle_telno,u1_0.ihidnum,u1_0.pstinst_code,u1_0.last_updusr_id,u1_0.last_updt_pnttm,u1_0.lock_at,u1_0.lock_cnt,u1_0.lock_last_pnttm,u1_0.mbtlnum,u1_0.ofcps_nm,u1_0.offm_telno,u1_0.orgnzt_id,u1_0.password,u1_0.password_cnsr,u1_0.password_hint,u1_0.chg_pwd_last_pnttm,u1_0.role,u1_0.sbscrb_de,u1_0.sexdstn_code,u1_0.crtfc_dn_value,u1_0.user_nm,u1_0.zip from nemplyrinfo u1_0 where u1_0.emplyr_id=?
2026-03-16 17:08:38 [http-nio-8080-exec-8] DEBUG o.s.orm.jpa.JpaTransactionManager - Found thread-bound EntityManager [SessionImpl(598959737<open>)] for JPA transaction
2026-03-16 17:08:38 [http-nio-8080-exec-8] DEBUG o.s.orm.jpa.JpaTransactionManager - Participating in existing transaction
2026-03-16 17:08:38 [http-nio-8080-exec-8] DEBUG org.hibernate.SQL - select ua1_0.scrty_dtrmn_trget_id,ua1_0.author_code,ua1_0.frst_register_id,ua1_0.frst_regist_pnttm,ua1_0.last_updusr_id,ua1_0.last_updt_pnttm,ua1_0.mber_ty_code from nemplyrscrtyestbs ua1_0 where ua1_0.scrty_dtrmn_trget_id=?
2026-03-16 17:08:39 [http-nio-8080-exec-8] DEBUG o.s.orm.jpa.JpaTransactionManager - Initiating transaction commit
2026-03-16 17:08:39 [http-nio-8080-exec-8] DEBUG o.s.orm.jpa.JpaTransactionManager - Committing JPA transaction on EntityManager [SessionImpl(598959737<open>)]
2026-03-16 17:08:39 [http-nio-8080-exec-8] DEBUG o.s.orm.jpa.JpaTransactionManager - Closing JPA EntityManager [SessionImpl(598959737<open>)] after transaction
2026-03-16 17:08:39 [http-nio-8080-exec-8] DEBUG c.c.p.s.jwt.JwtAuthenticationFilter - >>> [JwtFilter] Successfully authenticated user: USRCNFRM_99999999999, Authorities: [ROLE_ADMIN]
2026-03-16 17:08:39 [http-nio-8080-exec-8] DEBUG o.s.web.servlet.DispatcherServlet - GET "/api/v1/menu/left?menuNo=60", parameters={masked}
2026-03-16 17:08:39 [http-nio-8080-exec-8] TRACE o.s.w.s.m.m.a.RequestMappingHandlerMapping - Mapped to com.company.project.api.controller.menu.MenuController#getLeftMenu(Long)
2026-03-16 17:08:39 [http-nio-8080-exec-8] INFO  c.c.p.a.c.menu.MenuController - getLeftMenu called with menuNo=60
2026-03-16 17:08:39 [http-nio-8080-exec-8] DEBUG o.s.orm.jpa.JpaTransactionManager - Creating new transaction with name [com.company.project.service.menu.MenuService.getSubMenus]: PROPAGATION_REQUIRED,ISOLATION_DEFAULT,readOnly
2026-03-16 17:08:39 [http-nio-8080-exec-8] DEBUG o.s.orm.jpa.JpaTransactionManager - Opened new EntityManager [SessionImpl(1751343334<open>)] for JPA transaction
2026-03-16 17:08:39 [http-nio-8080-exec-8] DEBUG o.s.orm.jpa.JpaTransactionManager - Exposing JPA transaction as JDBC [org.springframework.orm.jpa.vendor.HibernateJpaDialect$HibernateConnectionHandle@604d7eeb]
2026-03-16 17:08:39 [http-nio-8080-exec-8] DEBUG org.hibernate.SQL - select m1_0.menu_no,m1_0.menu_dc,m1_0.menu_nm,m1_0.menu_ordr,m1_0.modern_route,m1_0.progrm_file_nm,m1_0.relate_image_nm,m1_0.relate_image_path,m1_0.route_updated_at,m1_0.upper_menu_no from nmenuinfo m1_0 order by m1_0.upper_menu_no,m1_0.menu_ordr
2026-03-16 17:08:39 [http-nio-8080-exec-12] DEBUG c.c.p.s.jwt.JwtAuthenticationFilter - >>> [JwtFilter] Processing request: GET /api/v1/menu/head
2026-03-16 17:08:39 [http-nio-8080-exec-12] DEBUG c.c.p.s.jwt.JwtAuthenticationFilter - >>> [JwtFilter] Found token in header for path: /api/v1/menu/head
2026-03-16 17:08:39 [http-nio-8080-exec-12] DEBUG o.s.orm.jpa.JpaTransactionManager - Creating new transaction with name [com.company.project.security.iam.CustomUserDetailsService.loadUserByUsername]: PROPAGATION_REQUIRED,ISOLATION_DEFAULT,readOnly
2026-03-16 17:08:39 [http-nio-8080-exec-12] DEBUG o.s.orm.jpa.JpaTransactionManager - Opened new EntityManager [SessionImpl(647944613<open>)] for JPA transaction
2026-03-16 17:08:39 [http-nio-8080-exec-12] DEBUG o.s.orm.jpa.JpaTransactionManager - Exposing JPA transaction as JDBC [org.springframework.orm.jpa.vendor.HibernateJpaDialect$HibernateConnectionHandle@784e4a1]
2026-03-16 17:08:39 [http-nio-8080-exec-12] DEBUG o.s.orm.jpa.JpaTransactionManager - Found thread-bound EntityManager [SessionImpl(647944613<open>)] for JPA transaction
2026-03-16 17:08:39 [http-nio-8080-exec-12] DEBUG o.s.orm.jpa.JpaTransactionManager - Participating in existing transaction
2026-03-16 17:08:39 [http-nio-8080-exec-12] DEBUG org.hibernate.SQL - select u1_0.emplyr_id,u1_0.area_no,u1_0.brthdy,u1_0.chg_pwd_cnt,u1_0.frst_register_id,u1_0.frst_regist_pnttm,u1_0.detail_adres,u1_0.email_adres,u1_0.emplyr_sttus_code,u1_0.empl_no,u1_0.esntl_id,u1_0.fxnum,u1_0.group_id,u1_0.house_adres,u1_0.house_end_telno,u1_0.house_middle_telno,u1_0.ihidnum,u1_0.pstinst_code,u1_0.last_updusr_id,u1_0.last_updt_pnttm,u1_0.lock_at,u1_0.lock_cnt,u1_0.lock_last_pnttm,u1_0.mbtlnum,u1_0.ofcps_nm,u1_0.offm_telno,u1_0.orgnzt_id,u1_0.password,u1_0.password_cnsr,u1_0.password_hint,u1_0.chg_pwd_last_pnttm,u1_0.role,u1_0.sbscrb_de,u1_0.sexdstn_code,u1_0.crtfc_dn_value,u1_0.user_nm,u1_0.zip from nemplyrinfo u1_0 where u1_0.emplyr_id=?
2026-03-16 17:08:39 [http-nio-8080-exec-8] DEBUG o.s.orm.jpa.JpaTransactionManager - Found thread-bound EntityManager [SessionImpl(1751343334<open>)] for JPA transaction
2026-03-16 17:08:39 [http-nio-8080-exec-8] DEBUG o.s.orm.jpa.JpaTransactionManager - Participating in existing transaction
2026-03-16 17:08:39 [http-nio-8080-exec-8] DEBUG org.hibernate.SQL - select p1_0.progrm_file_nm,p1_0.progrm_dc,p1_0.progrm_korean_nm,p1_0.progrm_stre_path,p1_0.url from nprogrmlist p1_0
2026-03-16 17:08:39 [http-nio-8080-exec-12] DEBUG o.s.orm.jpa.JpaTransactionManager - Found thread-bound EntityManager [SessionImpl(647944613<open>)] for JPA transaction
2026-03-16 17:08:39 [http-nio-8080-exec-12] DEBUG o.s.orm.jpa.JpaTransactionManager - Participating in existing transaction
2026-03-16 17:08:39 [http-nio-8080-exec-12] DEBUG org.hibernate.SQL - select ua1_0.scrty_dtrmn_trget_id,ua1_0.author_code,ua1_0.frst_register_id,ua1_0.frst_regist_pnttm,ua1_0.last_updusr_id,ua1_0.last_updt_pnttm,ua1_0.mber_ty_code from nemplyrscrtyestbs ua1_0 where ua1_0.scrty_dtrmn_trget_id=?
2026-03-16 17:08:39 [http-nio-8080-exec-8] DEBUG o.s.orm.jpa.JpaTransactionManager - Initiating transaction commit
2026-03-16 17:08:39 [http-nio-8080-exec-8] DEBUG o.s.orm.jpa.JpaTransactionManager - Committing JPA transaction on EntityManager [SessionImpl(1751343334<open>)]
2026-03-16 17:08:39 [http-nio-8080-exec-12] DEBUG o.s.orm.jpa.JpaTransactionManager - Initiating transaction commit
2026-03-16 17:08:39 [http-nio-8080-exec-12] DEBUG o.s.orm.jpa.JpaTransactionManager - Committing JPA transaction on EntityManager [SessionImpl(647944613<open>)]
2026-03-16 17:08:39 [http-nio-8080-exec-8] DEBUG o.s.orm.jpa.JpaTransactionManager - Closing JPA EntityManager [SessionImpl(1751343334<open>)] after transaction
2026-03-16 17:08:39 [http-nio-8080-exec-8] INFO  c.c.p.a.c.menu.MenuController - getLeftMenu returned 1 items
2026-03-16 17:08:39 [http-nio-8080-exec-8] DEBUG o.s.w.s.m.m.a.HttpEntityMethodProcessor - Using 'application/json', given [application/json, text/plain, */*] and supported [application/json, application/*+json, application/yaml]
2026-03-16 17:08:39 [http-nio-8080-exec-8] TRACE o.s.w.s.m.m.a.HttpEntityMethodProcessor - Writing [ApiResponse[success=true, status=200, code=COMMON_001, message=Success, data={list=[com.company.project.service.menu.dto.MenuDto@36fd1ded]}, timestamp=2026-03-16T17:08:39.832285500]]
2026-03-16 17:08:39 [http-nio-8080-exec-8] INFO  c.c.p.a.i.OperationalAuditInterceptor - API Audit Log: URL=/api/v1/menu/left, User=webmaster, IP=127.0.0.1
2026-03-16 17:08:39 [http-nio-8080-exec-8] DEBUG o.s.web.servlet.DispatcherServlet - Completed 200 OK
2026-03-16 17:08:39 [http-nio-8080-exec-12] DEBUG o.s.orm.jpa.JpaTransactionManager - Closing JPA EntityManager [SessionImpl(647944613<open>)] after transaction
2026-03-16 17:08:39 [http-nio-8080-exec-12] DEBUG c.c.p.s.jwt.JwtAuthenticationFilter - >>> [JwtFilter] Successfully authenticated user: USRCNFRM_99999999999, Authorities: [ROLE_ADMIN]
2026-03-16 17:08:39 [http-nio-8080-exec-12] DEBUG o.s.web.servlet.DispatcherServlet - GET "/api/v1/menu/head", parameters={}
2026-03-16 17:08:39 [http-nio-8080-exec-12] TRACE o.s.w.s.m.m.a.RequestMappingHandlerMapping - Mapped to com.company.project.api.controller.menu.MenuController#getHeadMenu()
2026-03-16 17:08:39 [http-nio-8080-exec-12] INFO  c.c.p.a.c.menu.MenuController - getHeadMenu called
2026-03-16 17:08:39 [http-nio-8080-exec-12] INFO  c.c.p.a.c.menu.MenuController - getHeadMenu returned 5 items
2026-03-16 17:08:39 [http-nio-8080-exec-12] DEBUG o.s.w.s.m.m.a.HttpEntityMethodProcessor - Using 'application/json', given [application/json, text/plain, */*] and supported [application/json, application/*+json, application/yaml]
2026-03-16 17:08:39 [http-nio-8080-exec-12] TRACE o.s.w.s.m.m.a.HttpEntityMethodProcessor - Writing [ApiResponse[success=true, status=200, code=COMMON_001, message=Success, data={list=[com.company.project.service.menu.dto.MenuDto@2b80d6b0, com.company.project.service.menu.dto.MenuDto@1418cfa3, com.company.project.service.menu.dto.MenuDto@f230bf1, com.company.project.service.menu.dto.MenuDto@734a7f6a, com.company.project.service.menu.dto.MenuDto@5e5202e5]}, timestamp=2026-03-16T17:08:39.942915800]]
2026-03-16 17:08:39 [http-nio-8080-exec-12] INFO  c.c.p.a.i.OperationalAuditInterceptor - API Audit Log: URL=/api/v1/menu/head, User=webmaster, IP=0:0:0:0:0:0:0:1
2026-03-16 17:08:39 [http-nio-8080-exec-12] DEBUG o.s.web.servlet.DispatcherServlet - Completed 200 OK
2026-03-16 17:08:39 [http-nio-8080-exec-19] DEBUG c.c.p.s.jwt.JwtAuthenticationFilter - >>> [JwtFilter] Processing request: GET /api/v1/menu/left
2026-03-16 17:08:39 [http-nio-8080-exec-19] DEBUG c.c.p.s.jwt.JwtAuthenticationFilter - >>> [JwtFilter] Found token in header for path: /api/v1/menu/left
2026-03-16 17:08:39 [http-nio-8080-exec-19] DEBUG o.s.orm.jpa.JpaTransactionManager - Creating new transaction with name [com.company.project.security.iam.CustomUserDetailsService.loadUserByUsername]: PROPAGATION_REQUIRED,ISOLATION_DEFAULT,readOnly
2026-03-16 17:08:39 [http-nio-8080-exec-19] DEBUG o.s.orm.jpa.JpaTransactionManager - Opened new EntityManager [SessionImpl(1250697622<open>)] for JPA transaction
2026-03-16 17:08:39 [http-nio-8080-exec-9] DEBUG c.c.p.s.jwt.JwtAuthenticationFilter - >>> [JwtFilter] Processing request: GET /api/v1/menu/left
2026-03-16 17:08:39 [http-nio-8080-exec-9] DEBUG c.c.p.s.jwt.JwtAuthenticationFilter - >>> [JwtFilter] Found token in header for path: /api/v1/menu/left
2026-03-16 17:08:39 [http-nio-8080-exec-2] DEBUG c.c.p.s.jwt.JwtAuthenticationFilter - >>> [JwtFilter] Processing request: GET /api/v1/menu/left
2026-03-16 17:08:39 [http-nio-8080-exec-9] DEBUG o.s.orm.jpa.JpaTransactionManager - Creating new transaction with name [com.company.project.security.iam.CustomUserDetailsService.loadUserByUsername]: PROPAGATION_REQUIRED,ISOLATION_DEFAULT,readOnly
2026-03-16 17:08:39 [http-nio-8080-exec-3] DEBUG c.c.p.s.jwt.JwtAuthenticationFilter - >>> [JwtFilter] Processing request: GET /api/v1/menu/left
2026-03-16 17:08:39 [http-nio-8080-exec-2] DEBUG c.c.p.s.jwt.JwtAuthenticationFilter - >>> [JwtFilter] Found token in header for path: /api/v1/menu/left
2026-03-16 17:08:39 [http-nio-8080-exec-15] DEBUG c.c.p.s.jwt.JwtAuthenticationFilter - >>> [JwtFilter] Processing request: GET /api/v1/menu/left
2026-03-16 17:08:39 [http-nio-8080-exec-3] DEBUG c.c.p.s.jwt.JwtAuthenticationFilter - >>> [JwtFilter] Found token in header for path: /api/v1/menu/left
2026-03-16 17:08:39 [http-nio-8080-exec-9] DEBUG o.s.orm.jpa.JpaTransactionManager - Opened new EntityManager [SessionImpl(174545292<open>)] for JPA transaction
2026-03-16 17:08:39 [http-nio-8080-exec-15] DEBUG c.c.p.s.jwt.JwtAuthenticationFilter - >>> [JwtFilter] Found token in header for path: /api/v1/menu/left
2026-03-16 17:08:39 [http-nio-8080-exec-2] DEBUG o.s.orm.jpa.JpaTransactionManager - Creating new transaction with name [com.company.project.security.iam.CustomUserDetailsService.loadUserByUsername]: PROPAGATION_REQUIRED,ISOLATION_DEFAULT,readOnly
2026-03-16 17:08:39 [http-nio-8080-exec-3] DEBUG o.s.orm.jpa.JpaTransactionManager - Creating new transaction with name [com.company.project.security.iam.CustomUserDetailsService.loadUserByUsername]: PROPAGATION_REQUIRED,ISOLATION_DEFAULT,readOnly
2026-03-16 17:08:39 [http-nio-8080-exec-2] DEBUG o.s.orm.jpa.JpaTransactionManager - Opened new EntityManager [SessionImpl(1034136562<open>)] for JPA transaction
2026-03-16 17:08:39 [http-nio-8080-exec-3] DEBUG o.s.orm.jpa.JpaTransactionManager - Opened new EntityManager [SessionImpl(1532939192<open>)] for JPA transaction
2026-03-16 17:08:39 [http-nio-8080-exec-15] DEBUG o.s.orm.jpa.JpaTransactionManager - Creating new transaction with name [com.company.project.security.iam.CustomUserDetailsService.loadUserByUsername]: PROPAGATION_REQUIRED,ISOLATION_DEFAULT,readOnly
2026-03-16 17:08:39 [http-nio-8080-exec-15] DEBUG o.s.orm.jpa.JpaTransactionManager - Opened new EntityManager [SessionImpl(180477728<open>)] for JPA transaction
2026-03-16 17:08:40 [http-nio-8080-exec-2] DEBUG o.s.orm.jpa.JpaTransactionManager - Exposing JPA transaction as JDBC [org.springframework.orm.jpa.vendor.HibernateJpaDialect$HibernateConnectionHandle@5d0eb1e4]
2026-03-16 17:08:40 [http-nio-8080-exec-2] DEBUG o.s.orm.jpa.JpaTransactionManager - Found thread-bound EntityManager [SessionImpl(1034136562<open>)] for JPA transaction
2026-03-16 17:08:40 [http-nio-8080-exec-2] DEBUG o.s.orm.jpa.JpaTransactionManager - Participating in existing transaction
2026-03-16 17:08:40 [http-nio-8080-exec-2] DEBUG org.hibernate.SQL - select u1_0.emplyr_id,u1_0.area_no,u1_0.brthdy,u1_0.chg_pwd_cnt,u1_0.frst_register_id,u1_0.frst_regist_pnttm,u1_0.detail_adres,u1_0.email_adres,u1_0.emplyr_sttus_code,u1_0.empl_no,u1_0.esntl_id,u1_0.fxnum,u1_0.group_id,u1_0.house_adres,u1_0.house_end_telno,u1_0.house_middle_telno,u1_0.ihidnum,u1_0.pstinst_code,u1_0.last_updusr_id,u1_0.last_updt_pnttm,u1_0.lock_at,u1_0.lock_cnt,u1_0.lock_last_pnttm,u1_0.mbtlnum,u1_0.ofcps_nm,u1_0.offm_telno,u1_0.orgnzt_id,u1_0.password,u1_0.password_cnsr,u1_0.password_hint,u1_0.chg_pwd_last_pnttm,u1_0.role,u1_0.sbscrb_de,u1_0.sexdstn_code,u1_0.crtfc_dn_value,u1_0.user_nm,u1_0.zip from nemplyrinfo u1_0 where u1_0.emplyr_id=?
2026-03-16 17:08:40 [http-nio-8080-exec-19] DEBUG o.s.orm.jpa.JpaTransactionManager - Exposing JPA transaction as JDBC [org.springframework.orm.jpa.vendor.HibernateJpaDialect$HibernateConnectionHandle@1d3c673a]
2026-03-16 17:08:40 [http-nio-8080-exec-19] DEBUG o.s.orm.jpa.JpaTransactionManager - Found thread-bound EntityManager [SessionImpl(1250697622<open>)] for JPA transaction
2026-03-16 17:08:40 [http-nio-8080-exec-19] DEBUG o.s.orm.jpa.JpaTransactionManager - Participating in existing transaction
2026-03-16 17:08:40 [http-nio-8080-exec-19] DEBUG org.hibernate.SQL - select u1_0.emplyr_id,u1_0.area_no,u1_0.brthdy,u1_0.chg_pwd_cnt,u1_0.frst_register_id,u1_0.frst_regist_pnttm,u1_0.detail_adres,u1_0.email_adres,u1_0.emplyr_sttus_code,u1_0.empl_no,u1_0.esntl_id,u1_0.fxnum,u1_0.group_id,u1_0.house_adres,u1_0.house_end_telno,u1_0.house_middle_telno,u1_0.ihidnum,u1_0.pstinst_code,u1_0.last_updusr_id,u1_0.last_updt_pnttm,u1_0.lock_at,u1_0.lock_cnt,u1_0.lock_last_pnttm,u1_0.mbtlnum,u1_0.ofcps_nm,u1_0.offm_telno,u1_0.orgnzt_id,u1_0.password,u1_0.password_cnsr,u1_0.password_hint,u1_0.chg_pwd_last_pnttm,u1_0.role,u1_0.sbscrb_de,u1_0.sexdstn_code,u1_0.crtfc_dn_value,u1_0.user_nm,u1_0.zip from nemplyrinfo u1_0 where u1_0.emplyr_id=?
2026-03-16 17:08:40 [http-nio-8080-exec-15] DEBUG o.s.orm.jpa.JpaTransactionManager - Exposing JPA transaction as JDBC [org.springframework.orm.jpa.vendor.HibernateJpaDialect$HibernateConnectionHandle@6e1b2102]
2026-03-16 17:08:40 [http-nio-8080-exec-15] DEBUG o.s.orm.jpa.JpaTransactionManager - Found thread-bound EntityManager [SessionImpl(180477728<open>)] for JPA transaction
2026-03-16 17:08:40 [http-nio-8080-exec-15] DEBUG o.s.orm.jpa.JpaTransactionManager - Participating in existing transaction
2026-03-16 17:08:40 [http-nio-8080-exec-15] DEBUG org.hibernate.SQL - select u1_0.emplyr_id,u1_0.area_no,u1_0.brthdy,u1_0.chg_pwd_cnt,u1_0.frst_register_id,u1_0.frst_regist_pnttm,u1_0.detail_adres,u1_0.email_adres,u1_0.emplyr_sttus_code,u1_0.empl_no,u1_0.esntl_id,u1_0.fxnum,u1_0.group_id,u1_0.house_adres,u1_0.house_end_telno,u1_0.house_middle_telno,u1_0.ihidnum,u1_0.pstinst_code,u1_0.last_updusr_id,u1_0.last_updt_pnttm,u1_0.lock_at,u1_0.lock_cnt,u1_0.lock_last_pnttm,u1_0.mbtlnum,u1_0.ofcps_nm,u1_0.offm_telno,u1_0.orgnzt_id,u1_0.password,u1_0.password_cnsr,u1_0.password_hint,u1_0.chg_pwd_last_pnttm,u1_0.role,u1_0.sbscrb_de,u1_0.sexdstn_code,u1_0.crtfc_dn_value,u1_0.user_nm,u1_0.zip from nemplyrinfo u1_0 where u1_0.emplyr_id=?
2026-03-16 17:08:40 [http-nio-8080-exec-3] DEBUG o.s.orm.jpa.JpaTransactionManager - Exposing JPA transaction as JDBC [org.springframework.orm.jpa.vendor.HibernateJpaDialect$HibernateConnectionHandle@150c0058]
2026-03-16 17:08:40 [http-nio-8080-exec-9] DEBUG o.s.orm.jpa.JpaTransactionManager - Exposing JPA transaction as JDBC [org.springframework.orm.jpa.vendor.HibernateJpaDialect$HibernateConnectionHandle@4d698dd6]
2026-03-16 17:08:40 [http-nio-8080-exec-3] DEBUG o.s.orm.jpa.JpaTransactionManager - Found thread-bound EntityManager [SessionImpl(1532939192<open>)] for JPA transaction
2026-03-16 17:08:40 [http-nio-8080-exec-9] DEBUG o.s.orm.jpa.JpaTransactionManager - Found thread-bound EntityManager [SessionImpl(174545292<open>)] for JPA transaction
2026-03-16 17:08:40 [http-nio-8080-exec-3] DEBUG o.s.orm.jpa.JpaTransactionManager - Participating in existing transaction
2026-03-16 17:08:40 [http-nio-8080-exec-9] DEBUG o.s.orm.jpa.JpaTransactionManager - Participating in existing transaction
2026-03-16 17:08:40 [http-nio-8080-exec-9] DEBUG org.hibernate.SQL - select u1_0.emplyr_id,u1_0.area_no,u1_0.brthdy,u1_0.chg_pwd_cnt,u1_0.frst_register_id,u1_0.frst_regist_pnttm,u1_0.detail_adres,u1_0.email_adres,u1_0.emplyr_sttus_code,u1_0.empl_no,u1_0.esntl_id,u1_0.fxnum,u1_0.group_id,u1_0.house_adres,u1_0.house_end_telno,u1_0.house_middle_telno,u1_0.ihidnum,u1_0.pstinst_code,u1_0.last_updusr_id,u1_0.last_updt_pnttm,u1_0.lock_at,u1_0.lock_cnt,u1_0.lock_last_pnttm,u1_0.mbtlnum,u1_0.ofcps_nm,u1_0.offm_telno,u1_0.orgnzt_id,u1_0.password,u1_0.password_cnsr,u1_0.password_hint,u1_0.chg_pwd_last_pnttm,u1_0.role,u1_0.sbscrb_de,u1_0.sexdstn_code,u1_0.crtfc_dn_value,u1_0.user_nm,u1_0.zip from nemplyrinfo u1_0 where u1_0.emplyr_id=?
2026-03-16 17:08:40 [http-nio-8080-exec-3] DEBUG org.hibernate.SQL - select u1_0.emplyr_id,u1_0.area_no,u1_0.brthdy,u1_0.chg_pwd_cnt,u1_0.frst_register_id,u1_0.frst_regist_pnttm,u1_0.detail_adres,u1_0.email_adres,u1_0.emplyr_sttus_code,u1_0.empl_no,u1_0.esntl_id,u1_0.fxnum,u1_0.group_id,u1_0.house_adres,u1_0.house_end_telno,u1_0.house_middle_telno,u1_0.ihidnum,u1_0.pstinst_code,u1_0.last_updusr_id,u1_0.last_updt_pnttm,u1_0.lock_at,u1_0.lock_cnt,u1_0.lock_last_pnttm,u1_0.mbtlnum,u1_0.ofcps_nm,u1_0.offm_telno,u1_0.orgnzt_id,u1_0.password,u1_0.password_cnsr,u1_0.password_hint,u1_0.chg_pwd_last_pnttm,u1_0.role,u1_0.sbscrb_de,u1_0.sexdstn_code,u1_0.crtfc_dn_value,u1_0.user_nm,u1_0.zip from nemplyrinfo u1_0 where u1_0.emplyr_id=?
2026-03-16 17:08:40 [http-nio-8080-exec-15] DEBUG o.s.orm.jpa.JpaTransactionManager - Found thread-bound EntityManager [SessionImpl(180477728<open>)] for JPA transaction
2026-03-16 17:08:40 [http-nio-8080-exec-19] DEBUG o.s.orm.jpa.JpaTransactionManager - Found thread-bound EntityManager [SessionImpl(1250697622<open>)] for JPA transaction
2026-03-16 17:08:40 [http-nio-8080-exec-15] DEBUG o.s.orm.jpa.JpaTransactionManager - Participating in existing transaction
2026-03-16 17:08:40 [http-nio-8080-exec-2] DEBUG o.s.orm.jpa.JpaTransactionManager - Found thread-bound EntityManager [SessionImpl(1034136562<open>)] for JPA transaction
2026-03-16 17:08:40 [http-nio-8080-exec-15] DEBUG org.hibernate.SQL - select ua1_0.scrty_dtrmn_trget_id,ua1_0.author_code,ua1_0.frst_register_id,ua1_0.frst_regist_pnttm,ua1_0.last_updusr_id,ua1_0.last_updt_pnttm,ua1_0.mber_ty_code from nemplyrscrtyestbs ua1_0 where ua1_0.scrty_dtrmn_trget_id=?
2026-03-16 17:08:40 [http-nio-8080-exec-19] DEBUG o.s.orm.jpa.JpaTransactionManager - Participating in existing transaction
2026-03-16 17:08:40 [http-nio-8080-exec-2] DEBUG o.s.orm.jpa.JpaTransactionManager - Participating in existing transaction
2026-03-16 17:08:40 [http-nio-8080-exec-2] DEBUG org.hibernate.SQL - select ua1_0.scrty_dtrmn_trget_id,ua1_0.author_code,ua1_0.frst_register_id,ua1_0.frst_regist_pnttm,ua1_0.last_updusr_id,ua1_0.last_updt_pnttm,ua1_0.mber_ty_code from nemplyrscrtyestbs ua1_0 where ua1_0.scrty_dtrmn_trget_id=?
2026-03-16 17:08:40 [http-nio-8080-exec-19] DEBUG org.hibernate.SQL - select ua1_0.scrty_dtrmn_trget_id,ua1_0.author_code,ua1_0.frst_register_id,ua1_0.frst_regist_pnttm,ua1_0.last_updusr_id,ua1_0.last_updt_pnttm,ua1_0.mber_ty_code from nemplyrscrtyestbs ua1_0 where ua1_0.scrty_dtrmn_trget_id=?
2026-03-16 17:08:40 [http-nio-8080-exec-3] DEBUG o.s.orm.jpa.JpaTransactionManager - Found thread-bound EntityManager [SessionImpl(1532939192<open>)] for JPA transaction
2026-03-16 17:08:40 [http-nio-8080-exec-3] DEBUG o.s.orm.jpa.JpaTransactionManager - Participating in existing transaction
2026-03-16 17:08:40 [http-nio-8080-exec-9] DEBUG o.s.orm.jpa.JpaTransactionManager - Found thread-bound EntityManager [SessionImpl(174545292<open>)] for JPA transaction
2026-03-16 17:08:40 [http-nio-8080-exec-3] DEBUG org.hibernate.SQL - select ua1_0.scrty_dtrmn_trget_id,ua1_0.author_code,ua1_0.frst_register_id,ua1_0.frst_regist_pnttm,ua1_0.last_updusr_id,ua1_0.last_updt_pnttm,ua1_0.mber_ty_code from nemplyrscrtyestbs ua1_0 where ua1_0.scrty_dtrmn_trget_id=?
2026-03-16 17:08:40 [http-nio-8080-exec-9] DEBUG o.s.orm.jpa.JpaTransactionManager - Participating in existing transaction
2026-03-16 17:08:40 [http-nio-8080-exec-9] DEBUG org.hibernate.SQL - select ua1_0.scrty_dtrmn_trget_id,ua1_0.author_code,ua1_0.frst_register_id,ua1_0.frst_regist_pnttm,ua1_0.last_updusr_id,ua1_0.last_updt_pnttm,ua1_0.mber_ty_code from nemplyrscrtyestbs ua1_0 where ua1_0.scrty_dtrmn_trget_id=?
2026-03-16 17:08:40 [http-nio-8080-exec-2] DEBUG o.s.orm.jpa.JpaTransactionManager - Initiating transaction commit
2026-03-16 17:08:40 [http-nio-8080-exec-2] DEBUG o.s.orm.jpa.JpaTransactionManager - Committing JPA transaction on EntityManager [SessionImpl(1034136562<open>)]
2026-03-16 17:08:40 [http-nio-8080-exec-15] DEBUG o.s.orm.jpa.JpaTransactionManager - Initiating transaction commit
2026-03-16 17:08:40 [http-nio-8080-exec-15] DEBUG o.s.orm.jpa.JpaTransactionManager - Committing JPA transaction on EntityManager [SessionImpl(180477728<open>)]
2026-03-16 17:08:40 [http-nio-8080-exec-19] DEBUG o.s.orm.jpa.JpaTransactionManager - Initiating transaction commit
2026-03-16 17:08:40 [http-nio-8080-exec-19] DEBUG o.s.orm.jpa.JpaTransactionManager - Committing JPA transaction on EntityManager [SessionImpl(1250697622<open>)]
2026-03-16 17:08:40 [http-nio-8080-exec-3] DEBUG o.s.orm.jpa.JpaTransactionManager - Initiating transaction commit
2026-03-16 17:08:40 [http-nio-8080-exec-3] DEBUG o.s.orm.jpa.JpaTransactionManager - Committing JPA transaction on EntityManager [SessionImpl(1532939192<open>)]
2026-03-16 17:08:40 [http-nio-8080-exec-9] DEBUG o.s.orm.jpa.JpaTransactionManager - Initiating transaction commit
2026-03-16 17:08:40 [http-nio-8080-exec-9] DEBUG o.s.orm.jpa.JpaTransactionManager - Committing JPA transaction on EntityManager [SessionImpl(174545292<open>)]
2026-03-16 17:08:40 [http-nio-8080-exec-2] DEBUG o.s.orm.jpa.JpaTransactionManager - Closing JPA EntityManager [SessionImpl(1034136562<open>)] after transaction
2026-03-16 17:08:40 [http-nio-8080-exec-2] DEBUG c.c.p.s.jwt.JwtAuthenticationFilter - >>> [JwtFilter] Successfully authenticated user: USRCNFRM_99999999999, Authorities: [ROLE_ADMIN]
2026-03-16 17:08:40 [http-nio-8080-exec-2] DEBUG o.s.web.servlet.DispatcherServlet - GET "/api/v1/menu/left?menuNo=50", parameters={masked}
2026-03-16 17:08:40 [http-nio-8080-exec-2] TRACE o.s.w.s.m.m.a.RequestMappingHandlerMapping - Mapped to com.company.project.api.controller.menu.MenuController#getLeftMenu(Long)
2026-03-16 17:08:40 [http-nio-8080-exec-2] INFO  c.c.p.a.c.menu.MenuController - getLeftMenu called with menuNo=50
2026-03-16 17:08:40 [http-nio-8080-exec-2] DEBUG o.s.orm.jpa.JpaTransactionManager - Creating new transaction with name [com.company.project.service.menu.MenuService.getSubMenus]: PROPAGATION_REQUIRED,ISOLATION_DEFAULT,readOnly
2026-03-16 17:08:40 [http-nio-8080-exec-2] DEBUG o.s.orm.jpa.JpaTransactionManager - Opened new EntityManager [SessionImpl(1161549281<open>)] for JPA transaction
2026-03-16 17:08:40 [http-nio-8080-exec-2] DEBUG o.s.orm.jpa.JpaTransactionManager - Exposing JPA transaction as JDBC [org.springframework.orm.jpa.vendor.HibernateJpaDialect$HibernateConnectionHandle@67ec9679]
2026-03-16 17:08:40 [http-nio-8080-exec-2] DEBUG org.hibernate.SQL - select m1_0.menu_no,m1_0.menu_dc,m1_0.menu_nm,m1_0.menu_ordr,m1_0.modern_route,m1_0.progrm_file_nm,m1_0.relate_image_nm,m1_0.relate_image_path,m1_0.route_updated_at,m1_0.upper_menu_no from nmenuinfo m1_0 order by m1_0.upper_menu_no,m1_0.menu_ordr
2026-03-16 17:08:40 [http-nio-8080-exec-15] DEBUG o.s.orm.jpa.JpaTransactionManager - Closing JPA EntityManager [SessionImpl(180477728<open>)] after transaction
2026-03-16 17:08:40 [http-nio-8080-exec-15] DEBUG c.c.p.s.jwt.JwtAuthenticationFilter - >>> [JwtFilter] Successfully authenticated user: USRCNFRM_99999999999, Authorities: [ROLE_ADMIN]
2026-03-16 17:08:40 [http-nio-8080-exec-19] DEBUG o.s.orm.jpa.JpaTransactionManager - Closing JPA EntityManager [SessionImpl(1250697622<open>)] after transaction
2026-03-16 17:08:40 [http-nio-8080-exec-19] DEBUG c.c.p.s.jwt.JwtAuthenticationFilter - >>> [JwtFilter] Successfully authenticated user: USRCNFRM_99999999999, Authorities: [ROLE_ADMIN]
2026-03-16 17:08:40 [http-nio-8080-exec-15] DEBUG o.s.web.servlet.DispatcherServlet - GET "/api/v1/menu/left?menuNo=60", parameters={masked}
2026-03-16 17:08:40 [http-nio-8080-exec-19] DEBUG o.s.web.servlet.DispatcherServlet - GET "/api/v1/menu/left?menuNo=10", parameters={masked}
2026-03-16 17:08:40 [http-nio-8080-exec-15] TRACE o.s.w.s.m.m.a.RequestMappingHandlerMapping - Mapped to com.company.project.api.controller.menu.MenuController#getLeftMenu(Long)
2026-03-16 17:08:40 [http-nio-8080-exec-19] TRACE o.s.w.s.m.m.a.RequestMappingHandlerMapping - Mapped to com.company.project.api.controller.menu.MenuController#getLeftMenu(Long)
2026-03-16 17:08:40 [http-nio-8080-exec-19] INFO  c.c.p.a.c.menu.MenuController - getLeftMenu called with menuNo=10
2026-03-16 17:08:40 [http-nio-8080-exec-15] INFO  c.c.p.a.c.menu.MenuController - getLeftMenu called with menuNo=60
2026-03-16 17:08:40 [http-nio-8080-exec-19] DEBUG o.s.orm.jpa.JpaTransactionManager - Creating new transaction with name [com.company.project.service.menu.MenuService.getSubMenus]: PROPAGATION_REQUIRED,ISOLATION_DEFAULT,readOnly
2026-03-16 17:08:40 [http-nio-8080-exec-15] DEBUG o.s.orm.jpa.JpaTransactionManager - Creating new transaction with name [com.company.project.service.menu.MenuService.getSubMenus]: PROPAGATION_REQUIRED,ISOLATION_DEFAULT,readOnly
2026-03-16 17:08:40 [http-nio-8080-exec-15] DEBUG o.s.orm.jpa.JpaTransactionManager - Opened new EntityManager [SessionImpl(1765020828<open>)] for JPA transaction
2026-03-16 17:08:40 [http-nio-8080-exec-19] DEBUG o.s.orm.jpa.JpaTransactionManager - Opened new EntityManager [SessionImpl(232273524<open>)] for JPA transaction
2026-03-16 17:08:40 [http-nio-8080-exec-15] DEBUG o.s.orm.jpa.JpaTransactionManager - Exposing JPA transaction as JDBC [org.springframework.orm.jpa.vendor.HibernateJpaDialect$HibernateConnectionHandle@6186ccf6]
2026-03-16 17:08:40 [http-nio-8080-exec-19] DEBUG o.s.orm.jpa.JpaTransactionManager - Exposing JPA transaction as JDBC [org.springframework.orm.jpa.vendor.HibernateJpaDialect$HibernateConnectionHandle@327a5856]
2026-03-16 17:08:40 [http-nio-8080-exec-19] DEBUG org.hibernate.SQL - select m1_0.menu_no,m1_0.menu_dc,m1_0.menu_nm,m1_0.menu_ordr,m1_0.modern_route,m1_0.progrm_file_nm,m1_0.relate_image_nm,m1_0.relate_image_path,m1_0.route_updated_at,m1_0.upper_menu_no from nmenuinfo m1_0 order by m1_0.upper_menu_no,m1_0.menu_ordr
2026-03-16 17:08:40 [http-nio-8080-exec-15] DEBUG org.hibernate.SQL - select m1_0.menu_no,m1_0.menu_dc,m1_0.menu_nm,m1_0.menu_ordr,m1_0.modern_route,m1_0.progrm_file_nm,m1_0.relate_image_nm,m1_0.relate_image_path,m1_0.route_updated_at,m1_0.upper_menu_no from nmenuinfo m1_0 order by m1_0.upper_menu_no,m1_0.menu_ordr
2026-03-16 17:08:40 [http-nio-8080-exec-3] DEBUG o.s.orm.jpa.JpaTransactionManager - Closing JPA EntityManager [SessionImpl(1532939192<open>)] after transaction
2026-03-16 17:08:40 [http-nio-8080-exec-3] DEBUG c.c.p.s.jwt.JwtAuthenticationFilter - >>> [JwtFilter] Successfully authenticated user: USRCNFRM_99999999999, Authorities: [ROLE_ADMIN]
2026-03-16 17:08:40 [http-nio-8080-exec-3] DEBUG o.s.web.servlet.DispatcherServlet - GET "/api/v1/menu/left?menuNo=40", parameters={masked}
2026-03-16 17:08:40 [http-nio-8080-exec-3] TRACE o.s.w.s.m.m.a.RequestMappingHandlerMapping - Mapped to com.company.project.api.controller.menu.MenuController#getLeftMenu(Long)
2026-03-16 17:08:40 [http-nio-8080-exec-3] INFO  c.c.p.a.c.menu.MenuController - getLeftMenu called with menuNo=40
2026-03-16 17:08:40 [http-nio-8080-exec-3] DEBUG o.s.orm.jpa.JpaTransactionManager - Creating new transaction with name [com.company.project.service.menu.MenuService.getSubMenus]: PROPAGATION_REQUIRED,ISOLATION_DEFAULT,readOnly
2026-03-16 17:08:40 [http-nio-8080-exec-3] DEBUG o.s.orm.jpa.JpaTransactionManager - Opened new EntityManager [SessionImpl(1391226800<open>)] for JPA transaction
2026-03-16 17:08:40 [http-nio-8080-exec-3] DEBUG o.s.orm.jpa.JpaTransactionManager - Exposing JPA transaction as JDBC [org.springframework.orm.jpa.vendor.HibernateJpaDialect$HibernateConnectionHandle@324cefea]
2026-03-16 17:08:40 [http-nio-8080-exec-3] DEBUG org.hibernate.SQL - select m1_0.menu_no,m1_0.menu_dc,m1_0.menu_nm,m1_0.menu_ordr,m1_0.modern_route,m1_0.progrm_file_nm,m1_0.relate_image_nm,m1_0.relate_image_path,m1_0.route_updated_at,m1_0.upper_menu_no from nmenuinfo m1_0 order by m1_0.upper_menu_no,m1_0.menu_ordr
2026-03-16 17:08:40 [http-nio-8080-exec-9] DEBUG o.s.orm.jpa.JpaTransactionManager - Closing JPA EntityManager [SessionImpl(174545292<open>)] after transaction
2026-03-16 17:08:40 [http-nio-8080-exec-9] DEBUG c.c.p.s.jwt.JwtAuthenticationFilter - >>> [JwtFilter] Successfully authenticated user: USRCNFRM_99999999999, Authorities: [ROLE_ADMIN]
2026-03-16 17:08:40 [http-nio-8080-exec-9] DEBUG o.s.web.servlet.DispatcherServlet - GET "/api/v1/menu/left?menuNo=20", parameters={masked}
2026-03-16 17:08:40 [http-nio-8080-exec-9] TRACE o.s.w.s.m.m.a.RequestMappingHandlerMapping - Mapped to com.company.project.api.controller.menu.MenuController#getLeftMenu(Long)
2026-03-16 17:08:40 [http-nio-8080-exec-9] INFO  c.c.p.a.c.menu.MenuController - getLeftMenu called with menuNo=20
2026-03-16 17:08:40 [http-nio-8080-exec-9] DEBUG o.s.orm.jpa.JpaTransactionManager - Creating new transaction with name [com.company.project.service.menu.MenuService.getSubMenus]: PROPAGATION_REQUIRED,ISOLATION_DEFAULT,readOnly
2026-03-16 17:08:40 [http-nio-8080-exec-9] DEBUG o.s.orm.jpa.JpaTransactionManager - Opened new EntityManager [SessionImpl(508062873<open>)] for JPA transaction
2026-03-16 17:08:40 [http-nio-8080-exec-9] DEBUG o.s.orm.jpa.JpaTransactionManager - Exposing JPA transaction as JDBC [org.springframework.orm.jpa.vendor.HibernateJpaDialect$HibernateConnectionHandle@71769f8b]
2026-03-16 17:08:40 [http-nio-8080-exec-9] DEBUG org.hibernate.SQL - select m1_0.menu_no,m1_0.menu_dc,m1_0.menu_nm,m1_0.menu_ordr,m1_0.modern_route,m1_0.progrm_file_nm,m1_0.relate_image_nm,m1_0.relate_image_path,m1_0.route_updated_at,m1_0.upper_menu_no from nmenuinfo m1_0 order by m1_0.upper_menu_no,m1_0.menu_ordr
2026-03-16 17:08:40 [http-nio-8080-exec-2] DEBUG o.s.orm.jpa.JpaTransactionManager - Found thread-bound EntityManager [SessionImpl(1161549281<open>)] for JPA transaction
2026-03-16 17:08:40 [http-nio-8080-exec-2] DEBUG o.s.orm.jpa.JpaTransactionManager - Participating in existing transaction
2026-03-16 17:08:40 [http-nio-8080-exec-2] DEBUG org.hibernate.SQL - select p1_0.progrm_file_nm,p1_0.progrm_dc,p1_0.progrm_korean_nm,p1_0.progrm_stre_path,p1_0.url from nprogrmlist p1_0
2026-03-16 17:08:40 [http-nio-8080-exec-15] DEBUG o.s.orm.jpa.JpaTransactionManager - Found thread-bound EntityManager [SessionImpl(1765020828<open>)] for JPA transaction
2026-03-16 17:08:40 [http-nio-8080-exec-15] DEBUG o.s.orm.jpa.JpaTransactionManager - Participating in existing transaction
2026-03-16 17:08:40 [http-nio-8080-exec-15] DEBUG org.hibernate.SQL - select p1_0.progrm_file_nm,p1_0.progrm_dc,p1_0.progrm_korean_nm,p1_0.progrm_stre_path,p1_0.url from nprogrmlist p1_0
2026-03-16 17:08:40 [http-nio-8080-exec-19] DEBUG o.s.orm.jpa.JpaTransactionManager - Found thread-bound EntityManager [SessionImpl(232273524<open>)] for JPA transaction
2026-03-16 17:08:40 [http-nio-8080-exec-19] DEBUG o.s.orm.jpa.JpaTransactionManager - Participating in existing transaction
2026-03-16 17:08:40 [http-nio-8080-exec-19] DEBUG org.hibernate.SQL - select p1_0.progrm_file_nm,p1_0.progrm_dc,p1_0.progrm_korean_nm,p1_0.progrm_stre_path,p1_0.url from nprogrmlist p1_0
2026-03-16 17:08:40 [http-nio-8080-exec-3] DEBUG o.s.orm.jpa.JpaTransactionManager - Found thread-bound EntityManager [SessionImpl(1391226800<open>)] for JPA transaction
2026-03-16 17:08:40 [http-nio-8080-exec-3] DEBUG o.s.orm.jpa.JpaTransactionManager - Participating in existing transaction
2026-03-16 17:08:40 [http-nio-8080-exec-3] DEBUG org.hibernate.SQL - select p1_0.progrm_file_nm,p1_0.progrm_dc,p1_0.progrm_korean_nm,p1_0.progrm_stre_path,p1_0.url from nprogrmlist p1_0
2026-03-16 17:08:40 [http-nio-8080-exec-9] DEBUG o.s.orm.jpa.JpaTransactionManager - Found thread-bound EntityManager [SessionImpl(508062873<open>)] for JPA transaction
2026-03-16 17:08:40 [http-nio-8080-exec-9] DEBUG o.s.orm.jpa.JpaTransactionManager - Participating in existing transaction
2026-03-16 17:08:40 [http-nio-8080-exec-9] DEBUG org.hibernate.SQL - select p1_0.progrm_file_nm,p1_0.progrm_dc,p1_0.progrm_korean_nm,p1_0.progrm_stre_path,p1_0.url from nprogrmlist p1_0
2026-03-16 17:08:41 [http-nio-8080-exec-2] DEBUG o.s.orm.jpa.JpaTransactionManager - Initiating transaction commit
2026-03-16 17:08:41 [http-nio-8080-exec-2] DEBUG o.s.orm.jpa.JpaTransactionManager - Committing JPA transaction on EntityManager [SessionImpl(1161549281<open>)]
2026-03-16 17:08:41 [http-nio-8080-exec-15] DEBUG o.s.orm.jpa.JpaTransactionManager - Initiating transaction commit
2026-03-16 17:08:41 [http-nio-8080-exec-15] DEBUG o.s.orm.jpa.JpaTransactionManager - Committing JPA transaction on EntityManager [SessionImpl(1765020828<open>)]
2026-03-16 17:08:41 [http-nio-8080-exec-19] DEBUG o.s.orm.jpa.JpaTransactionManager - Initiating transaction commit
2026-03-16 17:08:41 [http-nio-8080-exec-19] DEBUG o.s.orm.jpa.JpaTransactionManager - Committing JPA transaction on EntityManager [SessionImpl(232273524<open>)]
2026-03-16 17:08:41 [http-nio-8080-exec-9] DEBUG o.s.orm.jpa.JpaTransactionManager - Initiating transaction commit
2026-03-16 17:08:41 [http-nio-8080-exec-3] DEBUG o.s.orm.jpa.JpaTransactionManager - Initiating transaction commit
2026-03-16 17:08:41 [http-nio-8080-exec-9] DEBUG o.s.orm.jpa.JpaTransactionManager - Committing JPA transaction on EntityManager [SessionImpl(508062873<open>)]
2026-03-16 17:08:41 [http-nio-8080-exec-3] DEBUG o.s.orm.jpa.JpaTransactionManager - Committing JPA transaction on EntityManager [SessionImpl(1391226800<open>)]
2026-03-16 17:08:41 [http-nio-8080-exec-2] DEBUG o.s.orm.jpa.JpaTransactionManager - Closing JPA EntityManager [SessionImpl(1161549281<open>)] after transaction
2026-03-16 17:08:41 [http-nio-8080-exec-2] INFO  c.c.p.a.c.menu.MenuController - getLeftMenu returned 3 items
2026-03-16 17:08:41 [http-nio-8080-exec-2] DEBUG o.s.w.s.m.m.a.HttpEntityMethodProcessor - Using 'application/json', given [application/json, text/plain, */*] and supported [application/json, application/*+json, application/yaml]
2026-03-16 17:08:41 [http-nio-8080-exec-2] TRACE o.s.w.s.m.m.a.HttpEntityMethodProcessor - Writing [ApiResponse[success=true, status=200, code=COMMON_001, message=Success, data={list=[com.company.project.service.menu.dto.MenuDto@751d36ce, com.company.project.service.menu.dto.MenuDto@1c686ff1, com.company.project.service.menu.dto.MenuDto@111be101]}, timestamp=2026-03-16T17:08:41.148798900]]
2026-03-16 17:08:41 [http-nio-8080-exec-2] INFO  c.c.p.a.i.OperationalAuditInterceptor - API Audit Log: URL=/api/v1/menu/left, User=webmaster, IP=0:0:0:0:0:0:0:1
2026-03-16 17:08:41 [http-nio-8080-exec-2] DEBUG o.s.web.servlet.DispatcherServlet - Completed 200 OK
2026-03-16 17:08:41 [http-nio-8080-exec-15] DEBUG o.s.orm.jpa.JpaTransactionManager - Closing JPA EntityManager [SessionImpl(1765020828<open>)] after transaction
2026-03-16 17:08:41 [http-nio-8080-exec-15] INFO  c.c.p.a.c.menu.MenuController - getLeftMenu returned 1 items
2026-03-16 17:08:41 [http-nio-8080-exec-15] DEBUG o.s.w.s.m.m.a.HttpEntityMethodProcessor - Using 'application/json', given [application/json, text/plain, */*] and supported [application/json, application/*+json, application/yaml]
2026-03-16 17:08:41 [http-nio-8080-exec-15] TRACE o.s.w.s.m.m.a.HttpEntityMethodProcessor - Writing [ApiResponse[success=true, status=200, code=COMMON_001, message=Success, data={list=[com.company.project.service.menu.dto.MenuDto@33b0f12a]}, timestamp=2026-03-16T17:08:41.154603300]]
2026-03-16 17:08:41 [http-nio-8080-exec-15] INFO  c.c.p.a.i.OperationalAuditInterceptor - API Audit Log: URL=/api/v1/menu/left, User=webmaster, IP=0:0:0:0:0:0:0:1
2026-03-16 17:08:41 [http-nio-8080-exec-15] DEBUG o.s.web.servlet.DispatcherServlet - Completed 200 OK
2026-03-16 17:08:41 [http-nio-8080-exec-19] DEBUG o.s.orm.jpa.JpaTransactionManager - Closing JPA EntityManager [SessionImpl(232273524<open>)] after transaction
2026-03-16 17:08:41 [http-nio-8080-exec-19] INFO  c.c.p.a.c.menu.MenuController - getLeftMenu returned 5 items
2026-03-16 17:08:41 [http-nio-8080-exec-19] DEBUG o.s.w.s.m.m.a.HttpEntityMethodProcessor - Using 'application/json', given [application/json, text/plain, */*] and supported [application/json, application/*+json, application/yaml]
2026-03-16 17:08:41 [http-nio-8080-exec-19] TRACE o.s.w.s.m.m.a.HttpEntityMethodProcessor - Writing [ApiResponse[success=true, status=200, code=COMMON_001, message=Success, data={list=[com.company.project.service.menu.dto.MenuDto@3855a0be, com.company.project.service.menu.dto.MenuDto@5bdb3373, com.company.project.service.menu.dto.MenuDto@4e03f4a2, com.company.project.service.menu.dto.MenuDto@3f76d2a6, com.company.project.service.menu.dto.MenuDto@2ab3d5a6]}, timestamp=2026-03-16T17:08:41.157589500]]
2026-03-16 17:08:41 [http-nio-8080-exec-19] INFO  c.c.p.a.i.OperationalAuditInterceptor - API Audit Log: URL=/api/v1/menu/left, User=webmaster, IP=0:0:0:0:0:0:0:1
2026-03-16 17:08:41 [http-nio-8080-exec-19] DEBUG o.s.web.servlet.DispatcherServlet - Completed 200 OK
2026-03-16 17:08:41 [http-nio-8080-exec-3] DEBUG o.s.orm.jpa.JpaTransactionManager - Closing JPA EntityManager [SessionImpl(1391226800<open>)] after transaction
2026-03-16 17:08:41 [http-nio-8080-exec-9] DEBUG o.s.orm.jpa.JpaTransactionManager - Closing JPA EntityManager [SessionImpl(508062873<open>)] after transaction
2026-03-16 17:08:41 [http-nio-8080-exec-3] INFO  c.c.p.a.c.menu.MenuController - getLeftMenu returned 2 items
2026-03-16 17:08:41 [http-nio-8080-exec-9] INFO  c.c.p.a.c.menu.MenuController - getLeftMenu returned 3 items
2026-03-16 17:08:41 [http-nio-8080-exec-3] DEBUG o.s.w.s.m.m.a.HttpEntityMethodProcessor - Using 'application/json', given [application/json, text/plain, */*] and supported [application/json, application/*+json, application/yaml]
2026-03-16 17:08:41 [http-nio-8080-exec-9] DEBUG o.s.w.s.m.m.a.HttpEntityMethodProcessor - Using 'application/json', given [application/json, text/plain, */*] and supported [application/json, application/*+json, application/yaml]
2026-03-16 17:08:41 [http-nio-8080-exec-3] TRACE o.s.w.s.m.m.a.HttpEntityMethodProcessor - Writing [ApiResponse[success=true, status=200, code=COMMON_001, message=Success, data={list=[com.company.project.service.menu.dto.MenuDto@5a5859c6, com.company.project.service.menu.dto.MenuDto@a18d1da]}, timestamp=2026-03-16T17:08:41.216086900]]
2026-03-16 17:08:41 [http-nio-8080-exec-9] TRACE o.s.w.s.m.m.a.HttpEntityMethodProcessor - Writing [ApiResponse[success=true, status=200, code=COMMON_001, message=Success, data={list=[com.company.project.service.menu.dto.MenuDto@28ceec0e, com.company.project.service.menu.dto.MenuDto@5c900880, com.company.project.service.menu.dto.MenuDto@1966c51c]}, timestamp=2026-03-16T17:08:41.216086900]]
2026-03-16 17:08:41 [http-nio-8080-exec-3] INFO  c.c.p.a.i.OperationalAuditInterceptor - API Audit Log: URL=/api/v1/menu/left, User=webmaster, IP=0:0:0:0:0:0:0:1
2026-03-16 17:08:41 [http-nio-8080-exec-9] INFO  c.c.p.a.i.OperationalAuditInterceptor - API Audit Log: URL=/api/v1/menu/left, User=webmaster, IP=0:0:0:0:0:0:0:1
2026-03-16 17:08:41 [http-nio-8080-exec-3] DEBUG o.s.web.servlet.DispatcherServlet - Completed 200 OK
2026-03-16 17:08:41 [http-nio-8080-exec-9] DEBUG o.s.web.servlet.DispatcherServlet - Completed 200 OK
2026-03-16 17:08:41 [http-nio-8080-exec-13] DEBUG o.s.w.s.h.LoggingWebSocketHandlerDecorator - WebSocketServerSockJsSession[id=v5ueawkr] closed with CloseStatus[code=1001, reason=null]
2026-03-16 17:08:41 [http-nio-8080-exec-13] DEBUG o.s.w.s.m.SubProtocolWebSocketHandler - Clearing session v5ueawkr
2026-03-16 17:08:41 [scheduling-1] DEBUG org.springframework.web.SimpLogging - Processing DISCONNECT session=v5ueawkr
2026-03-16 17:08:41 [scheduling-1] DEBUG o.s.w.s.m.SubProtocolWebSocketHandler - No session for GenericMessage [payload=byte[0], headers={simpMessageType=DISCONNECT_ACK, simpDisconnectMessage=GenericMessage [payload=byte[0], headers={simpMessageType=DISCONNECT, stompCommand=DISCONNECT, simpSessionAttributes={org.springframework.messaging.simp.SimpAttributes.COMPLETED=true}, simpSessionId=v5ueawkr}], simpSessionId=v5ueawkr}]
2026-03-16 17:08:41 [MessageBroker-9] DEBUG o.s.w.s.s.t.h.DefaultSockJsService - Closed 1 sessions: [0p1tw4v2]
2026-03-16 17:08:42 [http-nio-8080-exec-8] DEBUG c.c.p.s.jwt.JwtAuthenticationFilter - >>> [JwtFilter] Processing request: GET /api/v1/auth/me
2026-03-16 17:08:42 [http-nio-8080-exec-17] DEBUG c.c.p.s.jwt.JwtAuthenticationFilter - >>> [JwtFilter] Processing request: GET /api/v1/menu/head
2026-03-16 17:08:42 [http-nio-8080-exec-10] DEBUG c.c.p.s.jwt.JwtAuthenticationFilter - >>> [JwtFilter] Processing request: GET /api/v1/menu/left
2026-03-16 17:08:42 [http-nio-8080-exec-17] DEBUG c.c.p.s.jwt.JwtAuthenticationFilter - >>> [JwtFilter] Found token in header for path: /api/v1/menu/head
2026-03-16 17:08:42 [http-nio-8080-exec-8] DEBUG c.c.p.s.jwt.JwtAuthenticationFilter - >>> [JwtFilter] Found token in header for path: /api/v1/auth/me
2026-03-16 17:08:42 [http-nio-8080-exec-10] DEBUG c.c.p.s.jwt.JwtAuthenticationFilter - >>> [JwtFilter] Found token in header for path: /api/v1/menu/left
2026-03-16 17:08:42 [http-nio-8080-exec-10] DEBUG o.s.orm.jpa.JpaTransactionManager - Creating new transaction with name [com.company.project.security.iam.CustomUserDetailsService.loadUserByUsername]: PROPAGATION_REQUIRED,ISOLATION_DEFAULT,readOnly
2026-03-16 17:08:42 [http-nio-8080-exec-8] DEBUG o.s.orm.jpa.JpaTransactionManager - Creating new transaction with name [com.company.project.security.iam.CustomUserDetailsService.loadUserByUsername]: PROPAGATION_REQUIRED,ISOLATION_DEFAULT,readOnly
2026-03-16 17:08:42 [http-nio-8080-exec-10] DEBUG o.s.orm.jpa.JpaTransactionManager - Opened new EntityManager [SessionImpl(840359583<open>)] for JPA transaction
2026-03-16 17:08:42 [http-nio-8080-exec-8] DEBUG o.s.orm.jpa.JpaTransactionManager - Opened new EntityManager [SessionImpl(601185602<open>)] for JPA transaction
2026-03-16 17:08:42 [http-nio-8080-exec-17] DEBUG o.s.orm.jpa.JpaTransactionManager - Creating new transaction with name [com.company.project.security.iam.CustomUserDetailsService.loadUserByUsername]: PROPAGATION_REQUIRED,ISOLATION_DEFAULT,readOnly
2026-03-16 17:08:42 [http-nio-8080-exec-17] DEBUG o.s.orm.jpa.JpaTransactionManager - Opened new EntityManager [SessionImpl(391173433<open>)] for JPA transaction
2026-03-16 17:08:42 [http-nio-8080-exec-8] DEBUG o.s.orm.jpa.JpaTransactionManager - Exposing JPA transaction as JDBC [org.springframework.orm.jpa.vendor.HibernateJpaDialect$HibernateConnectionHandle@2bdfee3d]
2026-03-16 17:08:42 [http-nio-8080-exec-10] DEBUG o.s.orm.jpa.JpaTransactionManager - Exposing JPA transaction as JDBC [org.springframework.orm.jpa.vendor.HibernateJpaDialect$HibernateConnectionHandle@1af094dc]
2026-03-16 17:08:42 [http-nio-8080-exec-8] DEBUG o.s.orm.jpa.JpaTransactionManager - Found thread-bound EntityManager [SessionImpl(601185602<open>)] for JPA transaction
2026-03-16 17:08:42 [http-nio-8080-exec-10] DEBUG o.s.orm.jpa.JpaTransactionManager - Found thread-bound EntityManager [SessionImpl(840359583<open>)] for JPA transaction
2026-03-16 17:08:42 [http-nio-8080-exec-8] DEBUG o.s.orm.jpa.JpaTransactionManager - Participating in existing transaction
2026-03-16 17:08:42 [http-nio-8080-exec-10] DEBUG o.s.orm.jpa.JpaTransactionManager - Participating in existing transaction
2026-03-16 17:08:42 [http-nio-8080-exec-10] DEBUG org.hibernate.SQL - select u1_0.emplyr_id,u1_0.area_no,u1_0.brthdy,u1_0.chg_pwd_cnt,u1_0.frst_register_id,u1_0.frst_regist_pnttm,u1_0.detail_adres,u1_0.email_adres,u1_0.emplyr_sttus_code,u1_0.empl_no,u1_0.esntl_id,u1_0.fxnum,u1_0.group_id,u1_0.house_adres,u1_0.house_end_telno,u1_0.house_middle_telno,u1_0.ihidnum,u1_0.pstinst_code,u1_0.last_updusr_id,u1_0.last_updt_pnttm,u1_0.lock_at,u1_0.lock_cnt,u1_0.lock_last_pnttm,u1_0.mbtlnum,u1_0.ofcps_nm,u1_0.offm_telno,u1_0.orgnzt_id,u1_0.password,u1_0.password_cnsr,u1_0.password_hint,u1_0.chg_pwd_last_pnttm,u1_0.role,u1_0.sbscrb_de,u1_0.sexdstn_code,u1_0.crtfc_dn_value,u1_0.user_nm,u1_0.zip from nemplyrinfo u1_0 where u1_0.emplyr_id=?
2026-03-16 17:08:42 [http-nio-8080-exec-8] DEBUG org.hibernate.SQL - select u1_0.emplyr_id,u1_0.area_no,u1_0.brthdy,u1_0.chg_pwd_cnt,u1_0.frst_register_id,u1_0.frst_regist_pnttm,u1_0.detail_adres,u1_0.email_adres,u1_0.emplyr_sttus_code,u1_0.empl_no,u1_0.esntl_id,u1_0.fxnum,u1_0.group_id,u1_0.house_adres,u1_0.house_end_telno,u1_0.house_middle_telno,u1_0.ihidnum,u1_0.pstinst_code,u1_0.last_updusr_id,u1_0.last_updt_pnttm,u1_0.lock_at,u1_0.lock_cnt,u1_0.lock_last_pnttm,u1_0.mbtlnum,u1_0.ofcps_nm,u1_0.offm_telno,u1_0.orgnzt_id,u1_0.password,u1_0.password_cnsr,u1_0.password_hint,u1_0.chg_pwd_last_pnttm,u1_0.role,u1_0.sbscrb_de,u1_0.sexdstn_code,u1_0.crtfc_dn_value,u1_0.user_nm,u1_0.zip from nemplyrinfo u1_0 where u1_0.emplyr_id=?
2026-03-16 17:08:42 [http-nio-8080-exec-17] DEBUG o.s.orm.jpa.JpaTransactionManager - Exposing JPA transaction as JDBC [org.springframework.orm.jpa.vendor.HibernateJpaDialect$HibernateConnectionHandle@6ebb9dba]
2026-03-16 17:08:42 [http-nio-8080-exec-17] DEBUG o.s.orm.jpa.JpaTransactionManager - Found thread-bound EntityManager [SessionImpl(391173433<open>)] for JPA transaction
2026-03-16 17:08:42 [http-nio-8080-exec-17] DEBUG o.s.orm.jpa.JpaTransactionManager - Participating in existing transaction
2026-03-16 17:08:42 [http-nio-8080-exec-17] DEBUG org.hibernate.SQL - select u1_0.emplyr_id,u1_0.area_no,u1_0.brthdy,u1_0.chg_pwd_cnt,u1_0.frst_register_id,u1_0.frst_regist_pnttm,u1_0.detail_adres,u1_0.email_adres,u1_0.emplyr_sttus_code,u1_0.empl_no,u1_0.esntl_id,u1_0.fxnum,u1_0.group_id,u1_0.house_adres,u1_0.house_end_telno,u1_0.house_middle_telno,u1_0.ihidnum,u1_0.pstinst_code,u1_0.last_updusr_id,u1_0.last_updt_pnttm,u1_0.lock_at,u1_0.lock_cnt,u1_0.lock_last_pnttm,u1_0.mbtlnum,u1_0.ofcps_nm,u1_0.offm_telno,u1_0.orgnzt_id,u1_0.password,u1_0.password_cnsr,u1_0.password_hint,u1_0.chg_pwd_last_pnttm,u1_0.role,u1_0.sbscrb_de,u1_0.sexdstn_code,u1_0.crtfc_dn_value,u1_0.user_nm,u1_0.zip from nemplyrinfo u1_0 where u1_0.emplyr_id=?
2026-03-16 17:08:42 [http-nio-8080-exec-8] DEBUG o.s.orm.jpa.JpaTransactionManager - Found thread-bound EntityManager [SessionImpl(601185602<open>)] for JPA transaction
2026-03-16 17:08:42 [http-nio-8080-exec-10] DEBUG o.s.orm.jpa.JpaTransactionManager - Found thread-bound EntityManager [SessionImpl(840359583<open>)] for JPA transaction
2026-03-16 17:08:42 [http-nio-8080-exec-8] DEBUG o.s.orm.jpa.JpaTransactionManager - Participating in existing transaction
2026-03-16 17:08:42 [http-nio-8080-exec-10] DEBUG o.s.orm.jpa.JpaTransactionManager - Participating in existing transaction
2026-03-16 17:08:42 [http-nio-8080-exec-8] DEBUG org.hibernate.SQL - select ua1_0.scrty_dtrmn_trget_id,ua1_0.author_code,ua1_0.frst_register_id,ua1_0.frst_regist_pnttm,ua1_0.last_updusr_id,ua1_0.last_updt_pnttm,ua1_0.mber_ty_code from nemplyrscrtyestbs ua1_0 where ua1_0.scrty_dtrmn_trget_id=?
2026-03-16 17:08:42 [http-nio-8080-exec-10] DEBUG org.hibernate.SQL - select ua1_0.scrty_dtrmn_trget_id,ua1_0.author_code,ua1_0.frst_register_id,ua1_0.frst_regist_pnttm,ua1_0.last_updusr_id,ua1_0.last_updt_pnttm,ua1_0.mber_ty_code from nemplyrscrtyestbs ua1_0 where ua1_0.scrty_dtrmn_trget_id=?
2026-03-16 17:08:42 [http-nio-8080-exec-17] DEBUG o.s.orm.jpa.JpaTransactionManager - Found thread-bound EntityManager [SessionImpl(391173433<open>)] for JPA transaction
2026-03-16 17:08:42 [http-nio-8080-exec-17] DEBUG o.s.orm.jpa.JpaTransactionManager - Participating in existing transaction
2026-03-16 17:08:42 [http-nio-8080-exec-17] DEBUG org.hibernate.SQL - select ua1_0.scrty_dtrmn_trget_id,ua1_0.author_code,ua1_0.frst_register_id,ua1_0.frst_regist_pnttm,ua1_0.last_updusr_id,ua1_0.last_updt_pnttm,ua1_0.mber_ty_code from nemplyrscrtyestbs ua1_0 where ua1_0.scrty_dtrmn_trget_id=?
2026-03-16 17:08:42 [http-nio-8080-exec-8] DEBUG o.s.orm.jpa.JpaTransactionManager - Initiating transaction commit
2026-03-16 17:08:42 [http-nio-8080-exec-10] DEBUG o.s.orm.jpa.JpaTransactionManager - Initiating transaction commit
2026-03-16 17:08:42 [http-nio-8080-exec-8] DEBUG o.s.orm.jpa.JpaTransactionManager - Committing JPA transaction on EntityManager [SessionImpl(601185602<open>)]
2026-03-16 17:08:42 [http-nio-8080-exec-10] DEBUG o.s.orm.jpa.JpaTransactionManager - Committing JPA transaction on EntityManager [SessionImpl(840359583<open>)]
2026-03-16 17:08:42 [http-nio-8080-exec-17] DEBUG o.s.orm.jpa.JpaTransactionManager - Initiating transaction commit
2026-03-16 17:08:42 [http-nio-8080-exec-17] DEBUG o.s.orm.jpa.JpaTransactionManager - Committing JPA transaction on EntityManager [SessionImpl(391173433<open>)]
2026-03-16 17:08:42 [http-nio-8080-exec-10] DEBUG o.s.orm.jpa.JpaTransactionManager - Closing JPA EntityManager [SessionImpl(840359583<open>)] after transaction
2026-03-16 17:08:42 [http-nio-8080-exec-8] DEBUG o.s.orm.jpa.JpaTransactionManager - Closing JPA EntityManager [SessionImpl(601185602<open>)] after transaction
2026-03-16 17:08:42 [http-nio-8080-exec-10] DEBUG c.c.p.s.jwt.JwtAuthenticationFilter - >>> [JwtFilter] Successfully authenticated user: USRCNFRM_99999999999, Authorities: [ROLE_ADMIN]
2026-03-16 17:08:42 [http-nio-8080-exec-8] DEBUG c.c.p.s.jwt.JwtAuthenticationFilter - >>> [JwtFilter] Successfully authenticated user: USRCNFRM_99999999999, Authorities: [ROLE_ADMIN]
2026-03-16 17:08:42 [http-nio-8080-exec-8] DEBUG o.s.web.servlet.DispatcherServlet - GET "/api/v1/auth/me", parameters={}
2026-03-16 17:08:42 [http-nio-8080-exec-10] DEBUG o.s.web.servlet.DispatcherServlet - GET "/api/v1/menu/left?menuNo=10", parameters={masked}
2026-03-16 17:08:42 [http-nio-8080-exec-10] TRACE o.s.w.s.m.m.a.RequestMappingHandlerMapping - Mapped to com.company.project.api.controller.menu.MenuController#getLeftMenu(Long)
2026-03-16 17:08:42 [http-nio-8080-exec-8] TRACE o.s.w.s.m.m.a.RequestMappingHandlerMapping - Mapped to com.company.project.api.auth.AuthController#getCurrentUser()
2026-03-16 17:08:42 [http-nio-8080-exec-10] INFO  c.c.p.a.c.menu.MenuController - getLeftMenu called with menuNo=10
2026-03-16 17:08:42 [http-nio-8080-exec-10] DEBUG o.s.orm.jpa.JpaTransactionManager - Creating new transaction with name [com.company.project.service.menu.MenuService.getSubMenus]: PROPAGATION_REQUIRED,ISOLATION_DEFAULT,readOnly
2026-03-16 17:08:42 [http-nio-8080-exec-10] DEBUG o.s.orm.jpa.JpaTransactionManager - Opened new EntityManager [SessionImpl(1269953170<open>)] for JPA transaction
2026-03-16 17:08:42 [http-nio-8080-exec-8] DEBUG o.s.w.s.m.m.a.RequestResponseBodyMethodProcessor - Using 'application/json', given [application/json, text/plain, */*] and supported [application/json, application/*+json, application/yaml]
2026-03-16 17:08:42 [http-nio-8080-exec-10] DEBUG o.s.orm.jpa.JpaTransactionManager - Exposing JPA transaction as JDBC [org.springframework.orm.jpa.vendor.HibernateJpaDialect$HibernateConnectionHandle@41faf0d8]
2026-03-16 17:08:42 [http-nio-8080-exec-8] TRACE o.s.w.s.m.m.a.RequestResponseBodyMethodProcessor - Writing [ApiResponse[success=true, status=200, code=COMMON_001, message=Success, data={role=ROLE_ADMIN, userSe=EMP, name=관리자, id=webmaster}, timestamp=2026-03-16T17:08:42.730386400]]
2026-03-16 17:08:42 [http-nio-8080-exec-8] INFO  c.c.p.a.i.OperationalAuditInterceptor - API Audit Log: URL=/api/v1/auth/me, User=webmaster, IP=127.0.0.1
2026-03-16 17:08:42 [http-nio-8080-exec-8] DEBUG o.s.web.servlet.DispatcherServlet - Completed 200 OK
2026-03-16 17:08:42 [http-nio-8080-exec-10] DEBUG org.hibernate.SQL - select m1_0.menu_no,m1_0.menu_dc,m1_0.menu_nm,m1_0.menu_ordr,m1_0.modern_route,m1_0.progrm_file_nm,m1_0.relate_image_nm,m1_0.relate_image_path,m1_0.route_updated_at,m1_0.upper_menu_no from nmenuinfo m1_0 order by m1_0.upper_menu_no,m1_0.menu_ordr
2026-03-16 17:08:42 [http-nio-8080-exec-17] DEBUG o.s.orm.jpa.JpaTransactionManager - Closing JPA EntityManager [SessionImpl(391173433<open>)] after transaction
2026-03-16 17:08:42 [http-nio-8080-exec-17] DEBUG c.c.p.s.jwt.JwtAuthenticationFilter - >>> [JwtFilter] Successfully authenticated user: USRCNFRM_99999999999, Authorities: [ROLE_ADMIN]
2026-03-16 17:08:42 [http-nio-8080-exec-17] DEBUG o.s.web.servlet.DispatcherServlet - GET "/api/v1/menu/head", parameters={}
2026-03-16 17:08:42 [http-nio-8080-exec-17] TRACE o.s.w.s.m.m.a.RequestMappingHandlerMapping - Mapped to com.company.project.api.controller.menu.MenuController#getHeadMenu()
2026-03-16 17:08:42 [http-nio-8080-exec-17] INFO  c.c.p.a.c.menu.MenuController - getHeadMenu called
2026-03-16 17:08:42 [http-nio-8080-exec-17] INFO  c.c.p.a.c.menu.MenuController - getHeadMenu returned 5 items
2026-03-16 17:08:42 [http-nio-8080-exec-17] DEBUG o.s.w.s.m.m.a.HttpEntityMethodProcessor - Using 'application/json', given [application/json, text/plain, */*] and supported [application/json, application/*+json, application/yaml]
2026-03-16 17:08:42 [http-nio-8080-exec-17] TRACE o.s.w.s.m.m.a.HttpEntityMethodProcessor - Writing [ApiResponse[success=true, status=200, code=COMMON_001, message=Success, data={list=[com.company.project.service.menu.dto.MenuDto@2b80d6b0, com.company.project.service.menu.dto.MenuDto@1418cfa3, com.company.project.service.menu.dto.MenuDto@f230bf1, com.company.project.service.menu.dto.MenuDto@734a7f6a, com.company.project.service.menu.dto.MenuDto@5e5202e5]}, timestamp=2026-03-16T17:08:42.786643900]]
2026-03-16 17:08:42 [http-nio-8080-exec-17] INFO  c.c.p.a.i.OperationalAuditInterceptor - API Audit Log: URL=/api/v1/menu/head, User=webmaster, IP=127.0.0.1
2026-03-16 17:08:42 [http-nio-8080-exec-17] DEBUG o.s.web.servlet.DispatcherServlet - Completed 200 OK
2026-03-16 17:08:43 [http-nio-8080-exec-10] DEBUG o.s.orm.jpa.JpaTransactionManager - Found thread-bound EntityManager [SessionImpl(1269953170<open>)] for JPA transaction
2026-03-16 17:08:43 [http-nio-8080-exec-10] DEBUG o.s.orm.jpa.JpaTransactionManager - Participating in existing transaction
2026-03-16 17:08:43 [http-nio-8080-exec-10] DEBUG org.hibernate.SQL - select p1_0.progrm_file_nm,p1_0.progrm_dc,p1_0.progrm_korean_nm,p1_0.progrm_stre_path,p1_0.url from nprogrmlist p1_0
2026-03-16 17:08:43 [http-nio-8080-exec-12] DEBUG o.s.web.servlet.DispatcherServlet - GET "/ws/info?t=1773648523062", parameters={masked}
2026-03-16 17:08:43 [http-nio-8080-exec-12] DEBUG o.s.w.s.s.s.WebSocketHandlerMapping - Mapped to org.springframework.web.socket.sockjs.support.SockJsHttpRequestHandler@3d80b7ba
2026-03-16 17:08:43 [http-nio-8080-exec-2] DEBUG c.c.p.s.jwt.JwtAuthenticationFilter - >>> [JwtFilter] Processing request: GET /api/v1/notifications
2026-03-16 17:08:43 [http-nio-8080-exec-2] DEBUG c.c.p.s.jwt.JwtAuthenticationFilter - >>> [JwtFilter] Found token in header for path: /api/v1/notifications
2026-03-16 17:08:43 [http-nio-8080-exec-12] DEBUG o.s.w.s.s.t.h.DefaultSockJsService - Processing transport request: GET http://localhost:8080/ws/info?t=1773648523062
2026-03-16 17:08:43 [http-nio-8080-exec-15] DEBUG c.c.p.s.jwt.JwtAuthenticationFilter - >>> [JwtFilter] Processing request: GET /api/v1/notifications/unread-count
2026-03-16 17:08:43 [http-nio-8080-exec-15] DEBUG c.c.p.s.jwt.JwtAuthenticationFilter - >>> [JwtFilter] Found token in header for path: /api/v1/notifications/unread-count
2026-03-16 17:08:43 [http-nio-8080-exec-12] DEBUG o.s.web.servlet.DispatcherServlet - Completed 200 OK
2026-03-16 17:08:43 [http-nio-8080-exec-2] DEBUG o.s.orm.jpa.JpaTransactionManager - Creating new transaction with name [com.company.project.security.iam.CustomUserDetailsService.loadUserByUsername]: PROPAGATION_REQUIRED,ISOLATION_DEFAULT,readOnly
2026-03-16 17:08:43 [http-nio-8080-exec-15] DEBUG o.s.orm.jpa.JpaTransactionManager - Creating new transaction with name [com.company.project.security.iam.CustomUserDetailsService.loadUserByUsername]: PROPAGATION_REQUIRED,ISOLATION_DEFAULT,readOnly
2026-03-16 17:08:43 [http-nio-8080-exec-2] DEBUG o.s.orm.jpa.JpaTransactionManager - Opened new EntityManager [SessionImpl(1040919283<open>)] for JPA transaction
2026-03-16 17:08:43 [http-nio-8080-exec-15] DEBUG o.s.orm.jpa.JpaTransactionManager - Opened new EntityManager [SessionImpl(278972537<open>)] for JPA transaction
2026-03-16 17:08:43 [http-nio-8080-exec-19] DEBUG o.s.web.servlet.DispatcherServlet - GET "/ws/069/g0x1r5f3/websocket", parameters={}
2026-03-16 17:08:43 [http-nio-8080-exec-19] DEBUG o.s.w.s.s.s.WebSocketHandlerMapping - Mapped to org.springframework.web.socket.sockjs.support.SockJsHttpRequestHandler@3d80b7ba
2026-03-16 17:08:43 [http-nio-8080-exec-19] DEBUG o.s.w.s.s.t.h.DefaultSockJsService - Processing transport request: GET http://localhost:8080/ws/069/g0x1r5f3/websocket
2026-03-16 17:08:43 [http-nio-8080-exec-19] DEBUG o.s.web.servlet.DispatcherServlet - Completed 101 SWITCHING_PROTOCOLS
2026-03-16 17:08:43 [http-nio-8080-exec-19] DEBUG o.s.w.s.h.LoggingWebSocketHandlerDecorator - New WebSocketServerSockJsSession[id=g0x1r5f3]
2026-03-16 17:08:43 [scheduling-1] DEBUG org.springframework.web.SimpLogging - Processing CONNECT session=g0x1r5f3
2026-03-16 17:08:43 [scheduling-1] DEBUG org.springframework.web.SimpLogging - Processing SUBSCRIBE /topic/notices id=sub-0 session=g0x1r5f3
2026-03-16 17:08:43 [scheduling-1] DEBUG org.springframework.web.SimpLogging - Processing SUBSCRIBE destination=/queue/notifications-userg0x1r5f3 subscriptionId=sub-1 session=g0x1r5f3 payload=byte[0]
2026-03-16 17:08:43 [scheduling-1] DEBUG org.springframework.web.SimpLogging - Processing SUBSCRIBE /topic/public id=sub-2 session=g0x1r5f3
2026-03-16 17:08:43 [http-nio-8080-exec-10] DEBUG o.s.orm.jpa.JpaTransactionManager - Initiating transaction commit
2026-03-16 17:08:43 [http-nio-8080-exec-10] DEBUG o.s.orm.jpa.JpaTransactionManager - Committing JPA transaction on EntityManager [SessionImpl(1269953170<open>)]
2026-03-16 17:08:43 [http-nio-8080-exec-15] DEBUG o.s.orm.jpa.JpaTransactionManager - Exposing JPA transaction as JDBC [org.springframework.orm.jpa.vendor.HibernateJpaDialect$HibernateConnectionHandle@6896fd71]
2026-03-16 17:08:43 [http-nio-8080-exec-2] DEBUG o.s.orm.jpa.JpaTransactionManager - Exposing JPA transaction as JDBC [org.springframework.orm.jpa.vendor.HibernateJpaDialect$HibernateConnectionHandle@22bcc0ba]
2026-03-16 17:08:43 [http-nio-8080-exec-15] DEBUG o.s.orm.jpa.JpaTransactionManager - Found thread-bound EntityManager [SessionImpl(278972537<open>)] for JPA transaction
2026-03-16 17:08:43 [http-nio-8080-exec-2] DEBUG o.s.orm.jpa.JpaTransactionManager - Found thread-bound EntityManager [SessionImpl(1040919283<open>)] for JPA transaction
2026-03-16 17:08:43 [http-nio-8080-exec-15] DEBUG o.s.orm.jpa.JpaTransactionManager - Participating in existing transaction
2026-03-16 17:08:43 [http-nio-8080-exec-2] DEBUG o.s.orm.jpa.JpaTransactionManager - Participating in existing transaction
2026-03-16 17:08:43 [http-nio-8080-exec-15] DEBUG org.hibernate.SQL - select u1_0.emplyr_id,u1_0.area_no,u1_0.brthdy,u1_0.chg_pwd_cnt,u1_0.frst_register_id,u1_0.frst_regist_pnttm,u1_0.detail_adres,u1_0.email_adres,u1_0.emplyr_sttus_code,u1_0.empl_no,u1_0.esntl_id,u1_0.fxnum,u1_0.group_id,u1_0.house_adres,u1_0.house_end_telno,u1_0.house_middle_telno,u1_0.ihidnum,u1_0.pstinst_code,u1_0.last_updusr_id,u1_0.last_updt_pnttm,u1_0.lock_at,u1_0.lock_cnt,u1_0.lock_last_pnttm,u1_0.mbtlnum,u1_0.ofcps_nm,u1_0.offm_telno,u1_0.orgnzt_id,u1_0.password,u1_0.password_cnsr,u1_0.password_hint,u1_0.chg_pwd_last_pnttm,u1_0.role,u1_0.sbscrb_de,u1_0.sexdstn_code,u1_0.crtfc_dn_value,u1_0.user_nm,u1_0.zip from nemplyrinfo u1_0 where u1_0.emplyr_id=?
2026-03-16 17:08:43 [http-nio-8080-exec-2] DEBUG org.hibernate.SQL - select u1_0.emplyr_id,u1_0.area_no,u1_0.brthdy,u1_0.chg_pwd_cnt,u1_0.frst_register_id,u1_0.frst_regist_pnttm,u1_0.detail_adres,u1_0.email_adres,u1_0.emplyr_sttus_code,u1_0.empl_no,u1_0.esntl_id,u1_0.fxnum,u1_0.group_id,u1_0.house_adres,u1_0.house_end_telno,u1_0.house_middle_telno,u1_0.ihidnum,u1_0.pstinst_code,u1_0.last_updusr_id,u1_0.last_updt_pnttm,u1_0.lock_at,u1_0.lock_cnt,u1_0.lock_last_pnttm,u1_0.mbtlnum,u1_0.ofcps_nm,u1_0.offm_telno,u1_0.orgnzt_id,u1_0.password,u1_0.password_cnsr,u1_0.password_hint,u1_0.chg_pwd_last_pnttm,u1_0.role,u1_0.sbscrb_de,u1_0.sexdstn_code,u1_0.crtfc_dn_value,u1_0.user_nm,u1_0.zip from nemplyrinfo u1_0 where u1_0.emplyr_id=?
2026-03-16 17:08:43 [http-nio-8080-exec-10] DEBUG o.s.orm.jpa.JpaTransactionManager - Closing JPA EntityManager [SessionImpl(1269953170<open>)] after transaction
2026-03-16 17:08:43 [http-nio-8080-exec-10] INFO  c.c.p.a.c.menu.MenuController - getLeftMenu returned 5 items
2026-03-16 17:08:43 [http-nio-8080-exec-10] DEBUG o.s.w.s.m.m.a.HttpEntityMethodProcessor - Using 'application/json', given [application/json, text/plain, */*] and supported [application/json, application/*+json, application/yaml]
2026-03-16 17:08:43 [http-nio-8080-exec-10] TRACE o.s.w.s.m.m.a.HttpEntityMethodProcessor - Writing [ApiResponse[success=true, status=200, code=COMMON_001, message=Success, data={list=[com.company.project.service.menu.dto.MenuDto@22a7c7ee, com.company.project.service.menu.dto.MenuDto@74be785, com.company.project.service.menu.dto.MenuDto@3bb74b58, com.company.project.service.menu.dto.MenuDto@5bb94046, com.company.project.service.menu.dto.MenuDto@473d7468]}, timestamp=2026-03-16T17:08:43.345485600]]
2026-03-16 17:08:43 [http-nio-8080-exec-10] INFO  c.c.p.a.i.OperationalAuditInterceptor - API Audit Log: URL=/api/v1/menu/left, User=webmaster, IP=127.0.0.1
2026-03-16 17:08:43 [http-nio-8080-exec-10] DEBUG o.s.web.servlet.DispatcherServlet - Completed 200 OK
2026-03-16 17:08:43 [http-nio-8080-exec-2] DEBUG o.s.orm.jpa.JpaTransactionManager - Found thread-bound EntityManager [SessionImpl(1040919283<open>)] for JPA transaction
2026-03-16 17:08:43 [http-nio-8080-exec-15] DEBUG o.s.orm.jpa.JpaTransactionManager - Found thread-bound EntityManager [SessionImpl(278972537<open>)] for JPA transaction
2026-03-16 17:08:43 [http-nio-8080-exec-8] DEBUG c.c.p.s.jwt.JwtAuthenticationFilter - >>> [JwtFilter] Processing request: GET /api/v1/menu/left
2026-03-16 17:08:43 [http-nio-8080-exec-2] DEBUG o.s.orm.jpa.JpaTransactionManager - Participating in existing transaction
2026-03-16 17:08:43 [http-nio-8080-exec-15] DEBUG o.s.orm.jpa.JpaTransactionManager - Participating in existing transaction
2026-03-16 17:08:43 [http-nio-8080-exec-8] DEBUG c.c.p.s.jwt.JwtAuthenticationFilter - >>> [JwtFilter] Found token in header for path: /api/v1/menu/left
2026-03-16 17:08:43 [http-nio-8080-exec-15] DEBUG org.hibernate.SQL - select ua1_0.scrty_dtrmn_trget_id,ua1_0.author_code,ua1_0.frst_register_id,ua1_0.frst_regist_pnttm,ua1_0.last_updusr_id,ua1_0.last_updt_pnttm,ua1_0.mber_ty_code from nemplyrscrtyestbs ua1_0 where ua1_0.scrty_dtrmn_trget_id=?
2026-03-16 17:08:43 [http-nio-8080-exec-2] DEBUG org.hibernate.SQL - select ua1_0.scrty_dtrmn_trget_id,ua1_0.author_code,ua1_0.frst_register_id,ua1_0.frst_regist_pnttm,ua1_0.last_updusr_id,ua1_0.last_updt_pnttm,ua1_0.mber_ty_code from nemplyrscrtyestbs ua1_0 where ua1_0.scrty_dtrmn_trget_id=?
2026-03-16 17:08:43 [http-nio-8080-exec-8] DEBUG o.s.orm.jpa.JpaTransactionManager - Creating new transaction with name [com.company.project.security.iam.CustomUserDetailsService.loadUserByUsername]: PROPAGATION_REQUIRED,ISOLATION_DEFAULT,readOnly
2026-03-16 17:08:43 [http-nio-8080-exec-8] DEBUG o.s.orm.jpa.JpaTransactionManager - Opened new EntityManager [SessionImpl(81508183<open>)] for JPA transaction
2026-03-16 17:08:43 [http-nio-8080-exec-8] DEBUG o.s.orm.jpa.JpaTransactionManager - Exposing JPA transaction as JDBC [org.springframework.orm.jpa.vendor.HibernateJpaDialect$HibernateConnectionHandle@1e97a523]
2026-03-16 17:08:43 [http-nio-8080-exec-2] DEBUG o.s.orm.jpa.JpaTransactionManager - Initiating transaction commit
2026-03-16 17:08:43 [http-nio-8080-exec-15] DEBUG o.s.orm.jpa.JpaTransactionManager - Initiating transaction commit
2026-03-16 17:08:43 [http-nio-8080-exec-2] DEBUG o.s.orm.jpa.JpaTransactionManager - Committing JPA transaction on EntityManager [SessionImpl(1040919283<open>)]
2026-03-16 17:08:43 [http-nio-8080-exec-15] DEBUG o.s.orm.jpa.JpaTransactionManager - Committing JPA transaction on EntityManager [SessionImpl(278972537<open>)]
2026-03-16 17:08:43 [http-nio-8080-exec-8] DEBUG o.s.orm.jpa.JpaTransactionManager - Found thread-bound EntityManager [SessionImpl(81508183<open>)] for JPA transaction
2026-03-16 17:08:43 [http-nio-8080-exec-8] DEBUG o.s.orm.jpa.JpaTransactionManager - Participating in existing transaction
2026-03-16 17:08:43 [http-nio-8080-exec-8] DEBUG org.hibernate.SQL - select u1_0.emplyr_id,u1_0.area_no,u1_0.brthdy,u1_0.chg_pwd_cnt,u1_0.frst_register_id,u1_0.frst_regist_pnttm,u1_0.detail_adres,u1_0.email_adres,u1_0.emplyr_sttus_code,u1_0.empl_no,u1_0.esntl_id,u1_0.fxnum,u1_0.group_id,u1_0.house_adres,u1_0.house_end_telno,u1_0.house_middle_telno,u1_0.ihidnum,u1_0.pstinst_code,u1_0.last_updusr_id,u1_0.last_updt_pnttm,u1_0.lock_at,u1_0.lock_cnt,u1_0.lock_last_pnttm,u1_0.mbtlnum,u1_0.ofcps_nm,u1_0.offm_telno,u1_0.orgnzt_id,u1_0.password,u1_0.password_cnsr,u1_0.password_hint,u1_0.chg_pwd_last_pnttm,u1_0.role,u1_0.sbscrb_de,u1_0.sexdstn_code,u1_0.crtfc_dn_value,u1_0.user_nm,u1_0.zip from nemplyrinfo u1_0 where u1_0.emplyr_id=?
2026-03-16 17:08:43 [http-nio-8080-exec-2] DEBUG o.s.orm.jpa.JpaTransactionManager - Closing JPA EntityManager [SessionImpl(1040919283<open>)] after transaction
2026-03-16 17:08:43 [http-nio-8080-exec-15] DEBUG o.s.orm.jpa.JpaTransactionManager - Closing JPA EntityManager [SessionImpl(278972537<open>)] after transaction
2026-03-16 17:08:43 [http-nio-8080-exec-2] DEBUG c.c.p.s.jwt.JwtAuthenticationFilter - >>> [JwtFilter] Successfully authenticated user: USRCNFRM_99999999999, Authorities: [ROLE_ADMIN]
2026-03-16 17:08:43 [http-nio-8080-exec-15] DEBUG c.c.p.s.jwt.JwtAuthenticationFilter - >>> [JwtFilter] Successfully authenticated user: USRCNFRM_99999999999, Authorities: [ROLE_ADMIN]
2026-03-16 17:08:43 [http-nio-8080-exec-8] DEBUG o.s.orm.jpa.JpaTransactionManager - Found thread-bound EntityManager [SessionImpl(81508183<open>)] for JPA transaction
2026-03-16 17:08:43 [http-nio-8080-exec-15] DEBUG o.s.web.servlet.DispatcherServlet - GET "/api/v1/notifications/unread-count", parameters={}
2026-03-16 17:08:43 [http-nio-8080-exec-8] DEBUG o.s.orm.jpa.JpaTransactionManager - Participating in existing transaction
2026-03-16 17:08:43 [http-nio-8080-exec-2] DEBUG o.s.web.servlet.DispatcherServlet - GET "/api/v1/notifications", parameters={}
2026-03-16 17:08:43 [http-nio-8080-exec-2] TRACE o.s.w.s.m.m.a.RequestMappingHandlerMapping - Mapped to com.company.project.api.controller.notification.NotificationController#getMyNotifications(UserDetails)
2026-03-16 17:08:43 [http-nio-8080-exec-8] DEBUG org.hibernate.SQL - select ua1_0.scrty_dtrmn_trget_id,ua1_0.author_code,ua1_0.frst_register_id,ua1_0.frst_regist_pnttm,ua1_0.last_updusr_id,ua1_0.last_updt_pnttm,ua1_0.mber_ty_code from nemplyrscrtyestbs ua1_0 where ua1_0.scrty_dtrmn_trget_id=?
2026-03-16 17:08:43 [http-nio-8080-exec-15] TRACE o.s.w.s.m.m.a.RequestMappingHandlerMapping - Mapped to com.company.project.api.controller.notification.NotificationController#getUnreadCount(UserDetails)
2026-03-16 17:08:43 [http-nio-8080-exec-15] DEBUG o.s.orm.jpa.JpaTransactionManager - Creating new transaction with name [com.company.project.service.notification.NotificationService.getUnreadCount]: PROPAGATION_REQUIRED,ISOLATION_DEFAULT,readOnly
2026-03-16 17:08:43 [http-nio-8080-exec-2] DEBUG o.s.orm.jpa.JpaTransactionManager - Creating new transaction with name [com.company.project.service.notification.NotificationService.getActiveNotifications]: PROPAGATION_REQUIRED,ISOLATION_DEFAULT,readOnly
2026-03-16 17:08:43 [http-nio-8080-exec-15] DEBUG o.s.orm.jpa.JpaTransactionManager - Opened new EntityManager [SessionImpl(1990997549<open>)] for JPA transaction
2026-03-16 17:08:43 [http-nio-8080-exec-2] DEBUG o.s.orm.jpa.JpaTransactionManager - Opened new EntityManager [SessionImpl(1956776700<open>)] for JPA transaction
2026-03-16 17:08:43 [http-nio-8080-exec-15] DEBUG o.s.orm.jpa.JpaTransactionManager - Exposing JPA transaction as JDBC [org.springframework.orm.jpa.vendor.HibernateJpaDialect$HibernateConnectionHandle@518223dc]
2026-03-16 17:08:43 [http-nio-8080-exec-2] DEBUG o.s.orm.jpa.JpaTransactionManager - Exposing JPA transaction as JDBC [org.springframework.orm.jpa.vendor.HibernateJpaDialect$HibernateConnectionHandle@18f4bc4b]
2026-03-16 17:08:43 [http-nio-8080-exec-2] DEBUG o.s.orm.jpa.JpaTransactionManager - Found thread-bound EntityManager [SessionImpl(1956776700<open>)] for JPA transaction
2026-03-16 17:08:43 [http-nio-8080-exec-2] DEBUG o.s.orm.jpa.JpaTransactionManager - Participating in existing transaction
2026-03-16 17:08:43 [http-nio-8080-exec-2] DEBUG org.hibernate.SQL - select n1_0.ntcn_no,n1_0.frst_register_id,n1_0.frst_regist_pnttm,n1_0.is_read,n1_0.last_updusr_id,n1_0.last_updt_pnttm,n1_0.link_url,n1_0.ntcn_cn,n1_0.ntcn_sj,n1_0.receiver_id from n_user_notification n1_0
2026-03-16 17:08:43 [http-nio-8080-exec-15] DEBUG org.hibernate.SQL - select count(n1_0.ntcn_no) from n_user_notification n1_0 where n1_0.receiver_id=? and n1_0.is_read=?
2026-03-16 17:08:43 [http-nio-8080-exec-15] DEBUG o.s.orm.jpa.JpaTransactionManager - Initiating transaction commit
2026-03-16 17:08:43 [http-nio-8080-exec-2] DEBUG o.s.orm.jpa.JpaTransactionManager - Initiating transaction commit
2026-03-16 17:08:43 [http-nio-8080-exec-8] DEBUG o.s.orm.jpa.JpaTransactionManager - Initiating transaction commit
2026-03-16 17:08:43 [http-nio-8080-exec-15] DEBUG o.s.orm.jpa.JpaTransactionManager - Committing JPA transaction on EntityManager [SessionImpl(1990997549<open>)]
2026-03-16 17:08:43 [http-nio-8080-exec-2] DEBUG o.s.orm.jpa.JpaTransactionManager - Committing JPA transaction on EntityManager [SessionImpl(1956776700<open>)]
2026-03-16 17:08:43 [http-nio-8080-exec-8] DEBUG o.s.orm.jpa.JpaTransactionManager - Committing JPA transaction on EntityManager [SessionImpl(81508183<open>)]
2026-03-16 17:08:44 [http-nio-8080-exec-8] DEBUG o.s.orm.jpa.JpaTransactionManager - Closing JPA EntityManager [SessionImpl(81508183<open>)] after transaction
2026-03-16 17:08:44 [http-nio-8080-exec-15] DEBUG o.s.orm.jpa.JpaTransactionManager - Closing JPA EntityManager [SessionImpl(1990997549<open>)] after transaction
2026-03-16 17:08:44 [http-nio-8080-exec-2] DEBUG o.s.orm.jpa.JpaTransactionManager - Closing JPA EntityManager [SessionImpl(1956776700<open>)] after transaction
2026-03-16 17:08:44 [http-nio-8080-exec-8] DEBUG c.c.p.s.jwt.JwtAuthenticationFilter - >>> [JwtFilter] Successfully authenticated user: USRCNFRM_99999999999, Authorities: [ROLE_ADMIN]
2026-03-16 17:08:44 [http-nio-8080-exec-2] DEBUG o.s.w.s.m.m.a.HttpEntityMethodProcessor - Using 'application/json', given [application/json, text/plain, */*] and supported [application/json, application/*+json, application/yaml]
2026-03-16 17:08:44 [http-nio-8080-exec-15] DEBUG o.s.w.s.m.m.a.HttpEntityMethodProcessor - Using 'application/json', given [application/json, text/plain, */*] and supported [application/json, application/*+json, application/yaml]
2026-03-16 17:08:44 [http-nio-8080-exec-15] TRACE o.s.w.s.m.m.a.HttpEntityMethodProcessor - Writing [ApiResponse[success=true, status=200, code=COMMON_001, message=Success, data=0, timestamp=2026-03-16T17:08:44.010119100]]
2026-03-16 17:08:44 [http-nio-8080-exec-2] TRACE o.s.w.s.m.m.a.HttpEntityMethodProcessor - Writing [ApiResponse[success=true, status=200, code=COMMON_001, message=Success, data=[NotificationDto(ntfcNo=NT001, ntfcSj=테스트 알림입니다, ntfcCn=알림 내용입니다, ntfcDate=null, ntfcTime=2026-02-25T00:59:33.784070, bhNtfcIntrvl=null, uniqId=null, frstRegisterId=null, frstRegisterPnttm=2026-02-25T00:59:33.784070, lastUpdusrId=null, lastUpdusrPnttm=null)], timestamp=2026-03-16T17:08:44.010119100]]
2026-03-16 17:08:44 [http-nio-8080-exec-8] DEBUG o.s.web.servlet.DispatcherServlet - GET "/api/v1/menu/left?menuNo=20", parameters={masked}
2026-03-16 17:08:44 [http-nio-8080-exec-8] TRACE o.s.w.s.m.m.a.RequestMappingHandlerMapping - Mapped to com.company.project.api.controller.menu.MenuController#getLeftMenu(Long)
2026-03-16 17:08:44 [http-nio-8080-exec-2] INFO  c.c.p.a.i.OperationalAuditInterceptor - API Audit Log: URL=/api/v1/notifications, User=webmaster, IP=127.0.0.1
2026-03-16 17:08:44 [http-nio-8080-exec-15] INFO  c.c.p.a.i.OperationalAuditInterceptor - API Audit Log: URL=/api/v1/notifications/unread-count, User=webmaster, IP=127.0.0.1
2026-03-16 17:08:44 [http-nio-8080-exec-2] DEBUG o.s.web.servlet.DispatcherServlet - Completed 200 OK
2026-03-16 17:08:44 [http-nio-8080-exec-15] DEBUG o.s.web.servlet.DispatcherServlet - Completed 200 OK
2026-03-16 17:08:44 [http-nio-8080-exec-8] INFO  c.c.p.a.c.menu.MenuController - getLeftMenu called with menuNo=20
2026-03-16 17:08:44 [http-nio-8080-exec-8] DEBUG o.s.orm.jpa.JpaTransactionManager - Creating new transaction with name [com.company.project.service.menu.MenuService.getSubMenus]: PROPAGATION_REQUIRED,ISOLATION_DEFAULT,readOnly
2026-03-16 17:08:44 [http-nio-8080-exec-8] DEBUG o.s.orm.jpa.JpaTransactionManager - Opened new EntityManager [SessionImpl(1361287493<open>)] for JPA transaction
2026-03-16 17:08:44 [http-nio-8080-exec-8] DEBUG o.s.orm.jpa.JpaTransactionManager - Exposing JPA transaction as JDBC [org.springframework.orm.jpa.vendor.HibernateJpaDialect$HibernateConnectionHandle@47dda195]
2026-03-16 17:08:44 [http-nio-8080-exec-8] DEBUG org.hibernate.SQL - select m1_0.menu_no,m1_0.menu_dc,m1_0.menu_nm,m1_0.menu_ordr,m1_0.modern_route,m1_0.progrm_file_nm,m1_0.relate_image_nm,m1_0.relate_image_path,m1_0.route_updated_at,m1_0.upper_menu_no from nmenuinfo m1_0 order by m1_0.upper_menu_no,m1_0.menu_ordr
2026-03-16 17:08:44 [http-nio-8080-exec-17] DEBUG c.c.p.s.jwt.JwtAuthenticationFilter - >>> [JwtFilter] Processing request: GET /api/v1/notifications
2026-03-16 17:08:44 [http-nio-8080-exec-12] DEBUG c.c.p.s.jwt.JwtAuthenticationFilter - >>> [JwtFilter] Processing request: GET /api/v1/notifications/unread-count
2026-03-16 17:08:44 [http-nio-8080-exec-17] DEBUG c.c.p.s.jwt.JwtAuthenticationFilter - >>> [JwtFilter] Found token in header for path: /api/v1/notifications
2026-03-16 17:08:44 [http-nio-8080-exec-12] DEBUG c.c.p.s.jwt.JwtAuthenticationFilter - >>> [JwtFilter] Found token in header for path: /api/v1/notifications/unread-count
2026-03-16 17:08:44 [http-nio-8080-exec-17] DEBUG o.s.orm.jpa.JpaTransactionManager - Creating new transaction with name [com.company.project.security.iam.CustomUserDetailsService.loadUserByUsername]: PROPAGATION_REQUIRED,ISOLATION_DEFAULT,readOnly
2026-03-16 17:08:44 [http-nio-8080-exec-12] DEBUG o.s.orm.jpa.JpaTransactionManager - Creating new transaction with name [com.company.project.security.iam.CustomUserDetailsService.loadUserByUsername]: PROPAGATION_REQUIRED,ISOLATION_DEFAULT,readOnly
2026-03-16 17:08:44 [http-nio-8080-exec-12] DEBUG o.s.orm.jpa.JpaTransactionManager - Opened new EntityManager [SessionImpl(1626658926<open>)] for JPA transaction
2026-03-16 17:08:44 [http-nio-8080-exec-17] DEBUG o.s.orm.jpa.JpaTransactionManager - Opened new EntityManager [SessionImpl(1854288001<open>)] for JPA transaction
2026-03-16 17:08:44 [http-nio-8080-exec-12] DEBUG o.s.orm.jpa.JpaTransactionManager - Exposing JPA transaction as JDBC [org.springframework.orm.jpa.vendor.HibernateJpaDialect$HibernateConnectionHandle@691a8249]
2026-03-16 17:08:44 [http-nio-8080-exec-12] DEBUG o.s.orm.jpa.JpaTransactionManager - Found thread-bound EntityManager [SessionImpl(1626658926<open>)] for JPA transaction
2026-03-16 17:08:44 [http-nio-8080-exec-12] DEBUG o.s.orm.jpa.JpaTransactionManager - Participating in existing transaction
2026-03-16 17:08:44 [http-nio-8080-exec-12] DEBUG org.hibernate.SQL - select u1_0.emplyr_id,u1_0.area_no,u1_0.brthdy,u1_0.chg_pwd_cnt,u1_0.frst_register_id,u1_0.frst_regist_pnttm,u1_0.detail_adres,u1_0.email_adres,u1_0.emplyr_sttus_code,u1_0.empl_no,u1_0.esntl_id,u1_0.fxnum,u1_0.group_id,u1_0.house_adres,u1_0.house_end_telno,u1_0.house_middle_telno,u1_0.ihidnum,u1_0.pstinst_code,u1_0.last_updusr_id,u1_0.last_updt_pnttm,u1_0.lock_at,u1_0.lock_cnt,u1_0.lock_last_pnttm,u1_0.mbtlnum,u1_0.ofcps_nm,u1_0.offm_telno,u1_0.orgnzt_id,u1_0.password,u1_0.password_cnsr,u1_0.password_hint,u1_0.chg_pwd_last_pnttm,u1_0.role,u1_0.sbscrb_de,u1_0.sexdstn_code,u1_0.crtfc_dn_value,u1_0.user_nm,u1_0.zip from nemplyrinfo u1_0 where u1_0.emplyr_id=?
2026-03-16 17:08:44 [http-nio-8080-exec-17] DEBUG o.s.orm.jpa.JpaTransactionManager - Exposing JPA transaction as JDBC [org.springframework.orm.jpa.vendor.HibernateJpaDialect$HibernateConnectionHandle@508f09c2]
2026-03-16 17:08:44 [http-nio-8080-exec-17] DEBUG o.s.orm.jpa.JpaTransactionManager - Found thread-bound EntityManager [SessionImpl(1854288001<open>)] for JPA transaction
2026-03-16 17:08:44 [http-nio-8080-exec-17] DEBUG o.s.orm.jpa.JpaTransactionManager - Participating in existing transaction
2026-03-16 17:08:44 [http-nio-8080-exec-17] DEBUG org.hibernate.SQL - select u1_0.emplyr_id,u1_0.area_no,u1_0.brthdy,u1_0.chg_pwd_cnt,u1_0.frst_register_id,u1_0.frst_regist_pnttm,u1_0.detail_adres,u1_0.email_adres,u1_0.emplyr_sttus_code,u1_0.empl_no,u1_0.esntl_id,u1_0.fxnum,u1_0.group_id,u1_0.house_adres,u1_0.house_end_telno,u1_0.house_middle_telno,u1_0.ihidnum,u1_0.pstinst_code,u1_0.last_updusr_id,u1_0.last_updt_pnttm,u1_0.lock_at,u1_0.lock_cnt,u1_0.lock_last_pnttm,u1_0.mbtlnum,u1_0.ofcps_nm,u1_0.offm_telno,u1_0.orgnzt_id,u1_0.password,u1_0.password_cnsr,u1_0.password_hint,u1_0.chg_pwd_last_pnttm,u1_0.role,u1_0.sbscrb_de,u1_0.sexdstn_code,u1_0.crtfc_dn_value,u1_0.user_nm,u1_0.zip from nemplyrinfo u1_0 where u1_0.emplyr_id=?
2026-03-16 17:08:44 [http-nio-8080-exec-8] DEBUG o.s.orm.jpa.JpaTransactionManager - Found thread-bound EntityManager [SessionImpl(1361287493<open>)] for JPA transaction
2026-03-16 17:08:44 [http-nio-8080-exec-8] DEBUG o.s.orm.jpa.JpaTransactionManager - Participating in existing transaction
2026-03-16 17:08:44 [http-nio-8080-exec-8] DEBUG org.hibernate.SQL - select p1_0.progrm_file_nm,p1_0.progrm_dc,p1_0.progrm_korean_nm,p1_0.progrm_stre_path,p1_0.url from nprogrmlist p1_0
2026-03-16 17:08:44 [http-nio-8080-exec-12] DEBUG o.s.orm.jpa.JpaTransactionManager - Found thread-bound EntityManager [SessionImpl(1626658926<open>)] for JPA transaction
2026-03-16 17:08:44 [http-nio-8080-exec-12] DEBUG o.s.orm.jpa.JpaTransactionManager - Participating in existing transaction
2026-03-16 17:08:44 [http-nio-8080-exec-12] DEBUG org.hibernate.SQL - select ua1_0.scrty_dtrmn_trget_id,ua1_0.author_code,ua1_0.frst_register_id,ua1_0.frst_regist_pnttm,ua1_0.last_updusr_id,ua1_0.last_updt_pnttm,ua1_0.mber_ty_code from nemplyrscrtyestbs ua1_0 where ua1_0.scrty_dtrmn_trget_id=?
2026-03-16 17:08:44 [http-nio-8080-exec-17] DEBUG o.s.orm.jpa.JpaTransactionManager - Found thread-bound EntityManager [SessionImpl(1854288001<open>)] for JPA transaction
2026-03-16 17:08:44 [http-nio-8080-exec-17] DEBUG o.s.orm.jpa.JpaTransactionManager - Participating in existing transaction
2026-03-16 17:08:44 [http-nio-8080-exec-17] DEBUG org.hibernate.SQL - select ua1_0.scrty_dtrmn_trget_id,ua1_0.author_code,ua1_0.frst_register_id,ua1_0.frst_regist_pnttm,ua1_0.last_updusr_id,ua1_0.last_updt_pnttm,ua1_0.mber_ty_code from nemplyrscrtyestbs ua1_0 where ua1_0.scrty_dtrmn_trget_id=?
2026-03-16 17:08:44 [http-nio-8080-exec-8] DEBUG o.s.orm.jpa.JpaTransactionManager - Initiating transaction commit
2026-03-16 17:08:44 [http-nio-8080-exec-8] DEBUG o.s.orm.jpa.JpaTransactionManager - Committing JPA transaction on EntityManager [SessionImpl(1361287493<open>)]
2026-03-16 17:08:44 [http-nio-8080-exec-12] DEBUG o.s.orm.jpa.JpaTransactionManager - Initiating transaction commit
2026-03-16 17:08:44 [http-nio-8080-exec-12] DEBUG o.s.orm.jpa.JpaTransactionManager - Committing JPA transaction on EntityManager [SessionImpl(1626658926<open>)]
2026-03-16 17:08:44 [http-nio-8080-exec-17] DEBUG o.s.orm.jpa.JpaTransactionManager - Initiating transaction commit
2026-03-16 17:08:44 [http-nio-8080-exec-17] DEBUG o.s.orm.jpa.JpaTransactionManager - Committing JPA transaction on EntityManager [SessionImpl(1854288001<open>)]
2026-03-16 17:08:44 [http-nio-8080-exec-8] DEBUG o.s.orm.jpa.JpaTransactionManager - Closing JPA EntityManager [SessionImpl(1361287493<open>)] after transaction
2026-03-16 17:08:44 [http-nio-8080-exec-8] INFO  c.c.p.a.c.menu.MenuController - getLeftMenu returned 3 items
2026-03-16 17:08:44 [http-nio-8080-exec-8] DEBUG o.s.w.s.m.m.a.HttpEntityMethodProcessor - Using 'application/json', given [application/json, text/plain, */*] and supported [application/json, application/*+json, application/yaml]
2026-03-16 17:08:44 [http-nio-8080-exec-8] TRACE o.s.w.s.m.m.a.HttpEntityMethodProcessor - Writing [ApiResponse[success=true, status=200, code=COMMON_001, message=Success, data={list=[com.company.project.service.menu.dto.MenuDto@7c67f521, com.company.project.service.menu.dto.MenuDto@249090c, com.company.project.service.menu.dto.MenuDto@b1d3529]}, timestamp=2026-03-16T17:08:44.627060500]]
2026-03-16 17:08:44 [http-nio-8080-exec-8] INFO  c.c.p.a.i.OperationalAuditInterceptor - API Audit Log: URL=/api/v1/menu/left, User=webmaster, IP=127.0.0.1
2026-03-16 17:08:44 [http-nio-8080-exec-8] DEBUG o.s.web.servlet.DispatcherServlet - Completed 200 OK
2026-03-16 17:08:44 [http-nio-8080-exec-19] DEBUG c.c.p.s.jwt.JwtAuthenticationFilter - >>> [JwtFilter] Processing request: GET /api/v1/menu/left
2026-03-16 17:08:44 [http-nio-8080-exec-19] DEBUG c.c.p.s.jwt.JwtAuthenticationFilter - >>> [JwtFilter] Found token in header for path: /api/v1/menu/left
2026-03-16 17:08:44 [http-nio-8080-exec-19] DEBUG o.s.orm.jpa.JpaTransactionManager - Creating new transaction with name [com.company.project.security.iam.CustomUserDetailsService.loadUserByUsername]: PROPAGATION_REQUIRED,ISOLATION_DEFAULT,readOnly
2026-03-16 17:08:44 [http-nio-8080-exec-12] DEBUG o.s.orm.jpa.JpaTransactionManager - Closing JPA EntityManager [SessionImpl(1626658926<open>)] after transaction
2026-03-16 17:08:44 [http-nio-8080-exec-19] DEBUG o.s.orm.jpa.JpaTransactionManager - Opened new EntityManager [SessionImpl(1016029726<open>)] for JPA transaction
2026-03-16 17:08:44 [http-nio-8080-exec-12] DEBUG c.c.p.s.jwt.JwtAuthenticationFilter - >>> [JwtFilter] Successfully authenticated user: USRCNFRM_99999999999, Authorities: [ROLE_ADMIN]
2026-03-16 17:08:44 [http-nio-8080-exec-12] DEBUG o.s.web.servlet.DispatcherServlet - GET "/api/v1/notifications/unread-count", parameters={}
2026-03-16 17:08:44 [http-nio-8080-exec-12] TRACE o.s.w.s.m.m.a.RequestMappingHandlerMapping - Mapped to com.company.project.api.controller.notification.NotificationController#getUnreadCount(UserDetails)
2026-03-16 17:08:44 [http-nio-8080-exec-12] DEBUG o.s.orm.jpa.JpaTransactionManager - Creating new transaction with name [com.company.project.service.notification.NotificationService.getUnreadCount]: PROPAGATION_REQUIRED,ISOLATION_DEFAULT,readOnly
2026-03-16 17:08:44 [http-nio-8080-exec-12] DEBUG o.s.orm.jpa.JpaTransactionManager - Opened new EntityManager [SessionImpl(1166811479<open>)] for JPA transaction
2026-03-16 17:08:44 [http-nio-8080-exec-12] DEBUG o.s.orm.jpa.JpaTransactionManager - Exposing JPA transaction as JDBC [org.springframework.orm.jpa.vendor.HibernateJpaDialect$HibernateConnectionHandle@6476fc94]
2026-03-16 17:08:44 [http-nio-8080-exec-12] DEBUG org.hibernate.SQL - select count(n1_0.ntcn_no) from n_user_notification n1_0 where n1_0.receiver_id=? and n1_0.is_read=?
2026-03-16 17:08:44 [http-nio-8080-exec-17] DEBUG o.s.orm.jpa.JpaTransactionManager - Closing JPA EntityManager [SessionImpl(1854288001<open>)] after transaction
2026-03-16 17:08:44 [http-nio-8080-exec-17] DEBUG c.c.p.s.jwt.JwtAuthenticationFilter - >>> [JwtFilter] Successfully authenticated user: USRCNFRM_99999999999, Authorities: [ROLE_ADMIN]
2026-03-16 17:08:44 [http-nio-8080-exec-17] DEBUG o.s.web.servlet.DispatcherServlet - GET "/api/v1/notifications", parameters={}
2026-03-16 17:08:44 [http-nio-8080-exec-17] TRACE o.s.w.s.m.m.a.RequestMappingHandlerMapping - Mapped to com.company.project.api.controller.notification.NotificationController#getMyNotifications(UserDetails)
2026-03-16 17:08:44 [http-nio-8080-exec-17] DEBUG o.s.orm.jpa.JpaTransactionManager - Creating new transaction with name [com.company.project.service.notification.NotificationService.getActiveNotifications]: PROPAGATION_REQUIRED,ISOLATION_DEFAULT,readOnly
2026-03-16 17:08:44 [http-nio-8080-exec-17] DEBUG o.s.orm.jpa.JpaTransactionManager - Opened new EntityManager [SessionImpl(906296370<open>)] for JPA transaction
2026-03-16 17:08:44 [http-nio-8080-exec-17] DEBUG o.s.orm.jpa.JpaTransactionManager - Exposing JPA transaction as JDBC [org.springframework.orm.jpa.vendor.HibernateJpaDialect$HibernateConnectionHandle@2c37b8e3]
2026-03-16 17:08:44 [http-nio-8080-exec-17] DEBUG o.s.orm.jpa.JpaTransactionManager - Found thread-bound EntityManager [SessionImpl(906296370<open>)] for JPA transaction
2026-03-16 17:08:44 [http-nio-8080-exec-17] DEBUG o.s.orm.jpa.JpaTransactionManager - Participating in existing transaction
2026-03-16 17:08:44 [http-nio-8080-exec-17] DEBUG org.hibernate.SQL - select n1_0.ntcn_no,n1_0.frst_register_id,n1_0.frst_regist_pnttm,n1_0.is_read,n1_0.last_updusr_id,n1_0.last_updt_pnttm,n1_0.link_url,n1_0.ntcn_cn,n1_0.ntcn_sj,n1_0.receiver_id from n_user_notification n1_0
2026-03-16 17:08:44 [http-nio-8080-exec-19] DEBUG o.s.orm.jpa.JpaTransactionManager - Exposing JPA transaction as JDBC [org.springframework.orm.jpa.vendor.HibernateJpaDialect$HibernateConnectionHandle@4c835e12]
2026-03-16 17:08:44 [http-nio-8080-exec-19] DEBUG o.s.orm.jpa.JpaTransactionManager - Found thread-bound EntityManager [SessionImpl(1016029726<open>)] for JPA transaction
2026-03-16 17:08:44 [http-nio-8080-exec-19] DEBUG o.s.orm.jpa.JpaTransactionManager - Participating in existing transaction
2026-03-16 17:08:44 [http-nio-8080-exec-19] DEBUG org.hibernate.SQL - select u1_0.emplyr_id,u1_0.area_no,u1_0.brthdy,u1_0.chg_pwd_cnt,u1_0.frst_register_id,u1_0.frst_regist_pnttm,u1_0.detail_adres,u1_0.email_adres,u1_0.emplyr_sttus_code,u1_0.empl_no,u1_0.esntl_id,u1_0.fxnum,u1_0.group_id,u1_0.house_adres,u1_0.house_end_telno,u1_0.house_middle_telno,u1_0.ihidnum,u1_0.pstinst_code,u1_0.last_updusr_id,u1_0.last_updt_pnttm,u1_0.lock_at,u1_0.lock_cnt,u1_0.lock_last_pnttm,u1_0.mbtlnum,u1_0.ofcps_nm,u1_0.offm_telno,u1_0.orgnzt_id,u1_0.password,u1_0.password_cnsr,u1_0.password_hint,u1_0.chg_pwd_last_pnttm,u1_0.role,u1_0.sbscrb_de,u1_0.sexdstn_code,u1_0.crtfc_dn_value,u1_0.user_nm,u1_0.zip from nemplyrinfo u1_0 where u1_0.emplyr_id=?
2026-03-16 17:08:44 [http-nio-8080-exec-12] DEBUG o.s.orm.jpa.JpaTransactionManager - Initiating transaction commit
2026-03-16 17:08:44 [http-nio-8080-exec-12] DEBUG o.s.orm.jpa.JpaTransactionManager - Committing JPA transaction on EntityManager [SessionImpl(1166811479<open>)]
2026-03-16 17:08:44 [http-nio-8080-exec-17] DEBUG o.s.orm.jpa.JpaTransactionManager - Initiating transaction commit
2026-03-16 17:08:44 [http-nio-8080-exec-17] DEBUG o.s.orm.jpa.JpaTransactionManager - Committing JPA transaction on EntityManager [SessionImpl(906296370<open>)]
2026-03-16 17:08:44 [http-nio-8080-exec-12] DEBUG o.s.orm.jpa.JpaTransactionManager - Closing JPA EntityManager [SessionImpl(1166811479<open>)] after transaction
2026-03-16 17:08:44 [http-nio-8080-exec-19] DEBUG o.s.orm.jpa.JpaTransactionManager - Found thread-bound EntityManager [SessionImpl(1016029726<open>)] for JPA transaction
2026-03-16 17:08:44 [http-nio-8080-exec-19] DEBUG o.s.orm.jpa.JpaTransactionManager - Participating in existing transaction
2026-03-16 17:08:44 [http-nio-8080-exec-12] DEBUG o.s.w.s.m.m.a.HttpEntityMethodProcessor - Using 'application/json', given [application/json, text/plain, */*] and supported [application/json, application/*+json, application/yaml]
2026-03-16 17:08:44 [http-nio-8080-exec-12] TRACE o.s.w.s.m.m.a.HttpEntityMethodProcessor - Writing [ApiResponse[success=true, status=200, code=COMMON_001, message=Success, data=0, timestamp=2026-03-16T17:08:44.983497400]]
2026-03-16 17:08:44 [http-nio-8080-exec-19] DEBUG org.hibernate.SQL - select ua1_0.scrty_dtrmn_trget_id,ua1_0.author_code,ua1_0.frst_register_id,ua1_0.frst_regist_pnttm,ua1_0.last_updusr_id,ua1_0.last_updt_pnttm,ua1_0.mber_ty_code from nemplyrscrtyestbs ua1_0 where ua1_0.scrty_dtrmn_trget_id=?
2026-03-16 17:08:44 [http-nio-8080-exec-12] INFO  c.c.p.a.i.OperationalAuditInterceptor - API Audit Log: URL=/api/v1/notifications/unread-count, User=webmaster, IP=127.0.0.1
2026-03-16 17:08:44 [http-nio-8080-exec-12] DEBUG o.s.web.servlet.DispatcherServlet - Completed 200 OK
2026-03-16 17:08:45 [http-nio-8080-exec-17] DEBUG o.s.orm.jpa.JpaTransactionManager - Closing JPA EntityManager [SessionImpl(906296370<open>)] after transaction
2026-03-16 17:08:45 [http-nio-8080-exec-17] DEBUG o.s.w.s.m.m.a.HttpEntityMethodProcessor - Using 'application/json', given [application/json, text/plain, */*] and supported [application/json, application/*+json, application/yaml]
2026-03-16 17:08:45 [http-nio-8080-exec-17] TRACE o.s.w.s.m.m.a.HttpEntityMethodProcessor - Writing [ApiResponse[success=true, status=200, code=COMMON_001, message=Success, data=[NotificationDto(ntfcNo=NT001, ntfcSj=테스트 알림입니다, ntfcCn=알림 내용입니다, ntfcDate=null, ntfcTime=2026-02-25T00:59:33.784070, bhNtfcIntrvl=null, uniqId=null, frstRegisterId=null, frstRegisterPnttm=2026-02-25T00:59:33.784070, lastUpdusrId=null, lastUpdusrPnttm=null)], timestamp=2026-03-16T17:08:45.023165700]]
2026-03-16 17:08:45 [http-nio-8080-exec-17] INFO  c.c.p.a.i.OperationalAuditInterceptor - API Audit Log: URL=/api/v1/notifications, User=webmaster, IP=127.0.0.1
2026-03-16 17:08:45 [http-nio-8080-exec-17] DEBUG o.s.web.servlet.DispatcherServlet - Completed 200 OK
2026-03-16 17:08:45 [http-nio-8080-exec-19] DEBUG o.s.orm.jpa.JpaTransactionManager - Initiating transaction commit
2026-03-16 17:08:45 [http-nio-8080-exec-19] DEBUG o.s.orm.jpa.JpaTransactionManager - Committing JPA transaction on EntityManager [SessionImpl(1016029726<open>)]
2026-03-16 17:08:45 [http-nio-8080-exec-19] DEBUG o.s.orm.jpa.JpaTransactionManager - Closing JPA EntityManager [SessionImpl(1016029726<open>)] after transaction
2026-03-16 17:08:45 [http-nio-8080-exec-19] DEBUG c.c.p.s.jwt.JwtAuthenticationFilter - >>> [JwtFilter] Successfully authenticated user: USRCNFRM_99999999999, Authorities: [ROLE_ADMIN]
2026-03-16 17:08:45 [http-nio-8080-exec-19] DEBUG o.s.web.servlet.DispatcherServlet - GET "/api/v1/menu/left?menuNo=40", parameters={masked}
2026-03-16 17:08:45 [http-nio-8080-exec-19] TRACE o.s.w.s.m.m.a.RequestMappingHandlerMapping - Mapped to com.company.project.api.controller.menu.MenuController#getLeftMenu(Long)
2026-03-16 17:08:45 [http-nio-8080-exec-19] INFO  c.c.p.a.c.menu.MenuController - getLeftMenu called with menuNo=40
2026-03-16 17:08:45 [http-nio-8080-exec-19] DEBUG o.s.orm.jpa.JpaTransactionManager - Creating new transaction with name [com.company.project.service.menu.MenuService.getSubMenus]: PROPAGATION_REQUIRED,ISOLATION_DEFAULT,readOnly
2026-03-16 17:08:45 [http-nio-8080-exec-19] DEBUG o.s.orm.jpa.JpaTransactionManager - Opened new EntityManager [SessionImpl(649601757<open>)] for JPA transaction
2026-03-16 17:08:45 [http-nio-8080-exec-19] DEBUG o.s.orm.jpa.JpaTransactionManager - Exposing JPA transaction as JDBC [org.springframework.orm.jpa.vendor.HibernateJpaDialect$HibernateConnectionHandle@1b99d8bf]
2026-03-16 17:08:45 [http-nio-8080-exec-19] DEBUG org.hibernate.SQL - select m1_0.menu_no,m1_0.menu_dc,m1_0.menu_nm,m1_0.menu_ordr,m1_0.modern_route,m1_0.progrm_file_nm,m1_0.relate_image_nm,m1_0.relate_image_path,m1_0.route_updated_at,m1_0.upper_menu_no from nmenuinfo m1_0 order by m1_0.upper_menu_no,m1_0.menu_ordr
2026-03-16 17:08:45 [http-nio-8080-exec-19] DEBUG o.s.orm.jpa.JpaTransactionManager - Found thread-bound EntityManager [SessionImpl(649601757<open>)] for JPA transaction
2026-03-16 17:08:45 [http-nio-8080-exec-19] DEBUG o.s.orm.jpa.JpaTransactionManager - Participating in existing transaction
2026-03-16 17:08:45 [http-nio-8080-exec-19] DEBUG org.hibernate.SQL - select p1_0.progrm_file_nm,p1_0.progrm_dc,p1_0.progrm_korean_nm,p1_0.progrm_stre_path,p1_0.url from nprogrmlist p1_0
2026-03-16 17:08:45 [http-nio-8080-exec-19] DEBUG o.s.orm.jpa.JpaTransactionManager - Initiating transaction commit
2026-03-16 17:08:45 [http-nio-8080-exec-19] DEBUG o.s.orm.jpa.JpaTransactionManager - Committing JPA transaction on EntityManager [SessionImpl(649601757<open>)]
2026-03-16 17:08:45 [http-nio-8080-exec-19] DEBUG o.s.orm.jpa.JpaTransactionManager - Closing JPA EntityManager [SessionImpl(649601757<open>)] after transaction
2026-03-16 17:08:45 [http-nio-8080-exec-19] INFO  c.c.p.a.c.menu.MenuController - getLeftMenu returned 2 items
2026-03-16 17:08:45 [http-nio-8080-exec-19] DEBUG o.s.w.s.m.m.a.HttpEntityMethodProcessor - Using 'application/json', given [application/json, text/plain, */*] and supported [application/json, application/*+json, application/yaml]
2026-03-16 17:08:45 [http-nio-8080-exec-19] TRACE o.s.w.s.m.m.a.HttpEntityMethodProcessor - Writing [ApiResponse[success=true, status=200, code=COMMON_001, message=Success, data={list=[com.company.project.service.menu.dto.MenuDto@2bfbd337, com.company.project.service.menu.dto.MenuDto@7db91cdf]}, timestamp=2026-03-16T17:08:45.914568600]]
2026-03-16 17:08:45 [http-nio-8080-exec-19] INFO  c.c.p.a.i.OperationalAuditInterceptor - API Audit Log: URL=/api/v1/menu/left, User=webmaster, IP=127.0.0.1
2026-03-16 17:08:45 [http-nio-8080-exec-19] DEBUG o.s.web.servlet.DispatcherServlet - Completed 200 OK
2026-03-16 17:08:45 [http-nio-8080-exec-3] DEBUG c.c.p.s.jwt.JwtAuthenticationFilter - >>> [JwtFilter] Processing request: GET /api/v1/menu/left
2026-03-16 17:08:45 [http-nio-8080-exec-3] DEBUG c.c.p.s.jwt.JwtAuthenticationFilter - >>> [JwtFilter] Found token in header for path: /api/v1/menu/left
2026-03-16 17:08:45 [http-nio-8080-exec-3] DEBUG o.s.orm.jpa.JpaTransactionManager - Creating new transaction with name [com.company.project.security.iam.CustomUserDetailsService.loadUserByUsername]: PROPAGATION_REQUIRED,ISOLATION_DEFAULT,readOnly
2026-03-16 17:08:45 [http-nio-8080-exec-3] DEBUG o.s.orm.jpa.JpaTransactionManager - Opened new EntityManager [SessionImpl(1360032898<open>)] for JPA transaction
2026-03-16 17:08:46 [http-nio-8080-exec-3] DEBUG o.s.orm.jpa.JpaTransactionManager - Exposing JPA transaction as JDBC [org.springframework.orm.jpa.vendor.HibernateJpaDialect$HibernateConnectionHandle@7397db62]
2026-03-16 17:08:46 [http-nio-8080-exec-3] DEBUG o.s.orm.jpa.JpaTransactionManager - Found thread-bound EntityManager [SessionImpl(1360032898<open>)] for JPA transaction
2026-03-16 17:08:46 [http-nio-8080-exec-3] DEBUG o.s.orm.jpa.JpaTransactionManager - Participating in existing transaction
2026-03-16 17:08:46 [http-nio-8080-exec-3] DEBUG org.hibernate.SQL - select u1_0.emplyr_id,u1_0.area_no,u1_0.brthdy,u1_0.chg_pwd_cnt,u1_0.frst_register_id,u1_0.frst_regist_pnttm,u1_0.detail_adres,u1_0.email_adres,u1_0.emplyr_sttus_code,u1_0.empl_no,u1_0.esntl_id,u1_0.fxnum,u1_0.group_id,u1_0.house_adres,u1_0.house_end_telno,u1_0.house_middle_telno,u1_0.ihidnum,u1_0.pstinst_code,u1_0.last_updusr_id,u1_0.last_updt_pnttm,u1_0.lock_at,u1_0.lock_cnt,u1_0.lock_last_pnttm,u1_0.mbtlnum,u1_0.ofcps_nm,u1_0.offm_telno,u1_0.orgnzt_id,u1_0.password,u1_0.password_cnsr,u1_0.password_hint,u1_0.chg_pwd_last_pnttm,u1_0.role,u1_0.sbscrb_de,u1_0.sexdstn_code,u1_0.crtfc_dn_value,u1_0.user_nm,u1_0.zip from nemplyrinfo u1_0 where u1_0.emplyr_id=?
2026-03-16 17:08:46 [http-nio-8080-exec-3] DEBUG o.s.orm.jpa.JpaTransactionManager - Found thread-bound EntityManager [SessionImpl(1360032898<open>)] for JPA transaction
2026-03-16 17:08:46 [http-nio-8080-exec-3] DEBUG o.s.orm.jpa.JpaTransactionManager - Participating in existing transaction
2026-03-16 17:08:46 [http-nio-8080-exec-3] DEBUG org.hibernate.SQL - select ua1_0.scrty_dtrmn_trget_id,ua1_0.author_code,ua1_0.frst_register_id,ua1_0.frst_regist_pnttm,ua1_0.last_updusr_id,ua1_0.last_updt_pnttm,ua1_0.mber_ty_code from nemplyrscrtyestbs ua1_0 where ua1_0.scrty_dtrmn_trget_id=?
2026-03-16 17:08:46 [http-nio-8080-exec-3] DEBUG o.s.orm.jpa.JpaTransactionManager - Initiating transaction commit
2026-03-16 17:08:46 [http-nio-8080-exec-3] DEBUG o.s.orm.jpa.JpaTransactionManager - Committing JPA transaction on EntityManager [SessionImpl(1360032898<open>)]
2026-03-16 17:08:46 [MessageBroker-9] DEBUG o.s.w.s.s.t.h.DefaultSockJsService - Closed 1 sessions: [v5ueawkr]
2026-03-16 17:08:46 [http-nio-8080-exec-3] DEBUG o.s.orm.jpa.JpaTransactionManager - Closing JPA EntityManager [SessionImpl(1360032898<open>)] after transaction
2026-03-16 17:08:46 [http-nio-8080-exec-3] DEBUG c.c.p.s.jwt.JwtAuthenticationFilter - >>> [JwtFilter] Successfully authenticated user: USRCNFRM_99999999999, Authorities: [ROLE_ADMIN]
2026-03-16 17:08:46 [http-nio-8080-exec-3] DEBUG o.s.web.servlet.DispatcherServlet - GET "/api/v1/menu/left?menuNo=50", parameters={masked}
2026-03-16 17:08:46 [http-nio-8080-exec-3] TRACE o.s.w.s.m.m.a.RequestMappingHandlerMapping - Mapped to com.company.project.api.controller.menu.MenuController#getLeftMenu(Long)
2026-03-16 17:08:46 [http-nio-8080-exec-3] INFO  c.c.p.a.c.menu.MenuController - getLeftMenu called with menuNo=50
2026-03-16 17:08:46 [http-nio-8080-exec-3] DEBUG o.s.orm.jpa.JpaTransactionManager - Creating new transaction with name [com.company.project.service.menu.MenuService.getSubMenus]: PROPAGATION_REQUIRED,ISOLATION_DEFAULT,readOnly
2026-03-16 17:08:46 [http-nio-8080-exec-3] DEBUG o.s.orm.jpa.JpaTransactionManager - Opened new EntityManager [SessionImpl(2129133960<open>)] for JPA transaction
2026-03-16 17:08:46 [http-nio-8080-exec-3] DEBUG o.s.orm.jpa.JpaTransactionManager - Exposing JPA transaction as JDBC [org.springframework.orm.jpa.vendor.HibernateJpaDialect$HibernateConnectionHandle@61bb8f0c]
2026-03-16 17:08:46 [http-nio-8080-exec-3] DEBUG org.hibernate.SQL - select m1_0.menu_no,m1_0.menu_dc,m1_0.menu_nm,m1_0.menu_ordr,m1_0.modern_route,m1_0.progrm_file_nm,m1_0.relate_image_nm,m1_0.relate_image_path,m1_0.route_updated_at,m1_0.upper_menu_no from nmenuinfo m1_0 order by m1_0.upper_menu_no,m1_0.menu_ordr
2026-03-16 17:08:46 [http-nio-8080-exec-3] DEBUG o.s.orm.jpa.JpaTransactionManager - Found thread-bound EntityManager [SessionImpl(2129133960<open>)] for JPA transaction
2026-03-16 17:08:46 [http-nio-8080-exec-3] DEBUG o.s.orm.jpa.JpaTransactionManager - Participating in existing transaction
2026-03-16 17:08:46 [http-nio-8080-exec-3] DEBUG org.hibernate.SQL - select p1_0.progrm_file_nm,p1_0.progrm_dc,p1_0.progrm_korean_nm,p1_0.progrm_stre_path,p1_0.url from nprogrmlist p1_0
2026-03-16 17:08:47 [http-nio-8080-exec-3] DEBUG o.s.orm.jpa.JpaTransactionManager - Initiating transaction commit
2026-03-16 17:08:47 [http-nio-8080-exec-3] DEBUG o.s.orm.jpa.JpaTransactionManager - Committing JPA transaction on EntityManager [SessionImpl(2129133960<open>)]
2026-03-16 17:08:47 [http-nio-8080-exec-3] DEBUG o.s.orm.jpa.JpaTransactionManager - Closing JPA EntityManager [SessionImpl(2129133960<open>)] after transaction
2026-03-16 17:08:47 [http-nio-8080-exec-3] INFO  c.c.p.a.c.menu.MenuController - getLeftMenu returned 3 items
2026-03-16 17:08:47 [http-nio-8080-exec-3] DEBUG o.s.w.s.m.m.a.HttpEntityMethodProcessor - Using 'application/json', given [application/json, text/plain, */*] and supported [application/json, application/*+json, application/yaml]
2026-03-16 17:08:47 [http-nio-8080-exec-3] TRACE o.s.w.s.m.m.a.HttpEntityMethodProcessor - Writing [ApiResponse[success=true, status=200, code=COMMON_001, message=Success, data={list=[com.company.project.service.menu.dto.MenuDto@1ccc0dba, com.company.project.service.menu.dto.MenuDto@278f3286, com.company.project.service.menu.dto.MenuDto@29a2e252]}, timestamp=2026-03-16T17:08:47.263759]]
2026-03-16 17:08:47 [http-nio-8080-exec-3] INFO  c.c.p.a.i.OperationalAuditInterceptor - API Audit Log: URL=/api/v1/menu/left, User=webmaster, IP=127.0.0.1
2026-03-16 17:08:47 [http-nio-8080-exec-3] DEBUG o.s.web.servlet.DispatcherServlet - Completed 200 OK
2026-03-16 17:08:47 [http-nio-8080-exec-8] DEBUG c.c.p.s.jwt.JwtAuthenticationFilter - >>> [JwtFilter] Processing request: GET /api/v1/menu/left
2026-03-16 17:08:47 [http-nio-8080-exec-8] DEBUG c.c.p.s.jwt.JwtAuthenticationFilter - >>> [JwtFilter] Found token in header for path: /api/v1/menu/left
2026-03-16 17:08:47 [http-nio-8080-exec-8] DEBUG o.s.orm.jpa.JpaTransactionManager - Creating new transaction with name [com.company.project.security.iam.CustomUserDetailsService.loadUserByUsername]: PROPAGATION_REQUIRED,ISOLATION_DEFAULT,readOnly
2026-03-16 17:08:47 [http-nio-8080-exec-8] DEBUG o.s.orm.jpa.JpaTransactionManager - Opened new EntityManager [SessionImpl(1909317908<open>)] for JPA transaction
2026-03-16 17:08:47 [http-nio-8080-exec-8] DEBUG o.s.orm.jpa.JpaTransactionManager - Exposing JPA transaction as JDBC [org.springframework.orm.jpa.vendor.HibernateJpaDialect$HibernateConnectionHandle@32c0ccf1]
2026-03-16 17:08:47 [http-nio-8080-exec-8] DEBUG o.s.orm.jpa.JpaTransactionManager - Found thread-bound EntityManager [SessionImpl(1909317908<open>)] for JPA transaction
2026-03-16 17:08:47 [http-nio-8080-exec-8] DEBUG o.s.orm.jpa.JpaTransactionManager - Participating in existing transaction
2026-03-16 17:08:47 [http-nio-8080-exec-8] DEBUG org.hibernate.SQL - select u1_0.emplyr_id,u1_0.area_no,u1_0.brthdy,u1_0.chg_pwd_cnt,u1_0.frst_register_id,u1_0.frst_regist_pnttm,u1_0.detail_adres,u1_0.email_adres,u1_0.emplyr_sttus_code,u1_0.empl_no,u1_0.esntl_id,u1_0.fxnum,u1_0.group_id,u1_0.house_adres,u1_0.house_end_telno,u1_0.house_middle_telno,u1_0.ihidnum,u1_0.pstinst_code,u1_0.last_updusr_id,u1_0.last_updt_pnttm,u1_0.lock_at,u1_0.lock_cnt,u1_0.lock_last_pnttm,u1_0.mbtlnum,u1_0.ofcps_nm,u1_0.offm_telno,u1_0.orgnzt_id,u1_0.password,u1_0.password_cnsr,u1_0.password_hint,u1_0.chg_pwd_last_pnttm,u1_0.role,u1_0.sbscrb_de,u1_0.sexdstn_code,u1_0.crtfc_dn_value,u1_0.user_nm,u1_0.zip from nemplyrinfo u1_0 where u1_0.emplyr_id=?
2026-03-16 17:08:47 [http-nio-8080-exec-8] DEBUG o.s.orm.jpa.JpaTransactionManager - Found thread-bound EntityManager [SessionImpl(1909317908<open>)] for JPA transaction
2026-03-16 17:08:47 [http-nio-8080-exec-8] DEBUG o.s.orm.jpa.JpaTransactionManager - Participating in existing transaction
2026-03-16 17:08:47 [http-nio-8080-exec-8] DEBUG org.hibernate.SQL - select ua1_0.scrty_dtrmn_trget_id,ua1_0.author_code,ua1_0.frst_register_id,ua1_0.frst_regist_pnttm,ua1_0.last_updusr_id,ua1_0.last_updt_pnttm,ua1_0.mber_ty_code from nemplyrscrtyestbs ua1_0 where ua1_0.scrty_dtrmn_trget_id=?
2026-03-16 17:08:47 [http-nio-8080-exec-8] DEBUG o.s.orm.jpa.JpaTransactionManager - Initiating transaction commit
2026-03-16 17:08:47 [http-nio-8080-exec-8] DEBUG o.s.orm.jpa.JpaTransactionManager - Committing JPA transaction on EntityManager [SessionImpl(1909317908<open>)]
2026-03-16 17:08:47 [http-nio-8080-exec-8] DEBUG o.s.orm.jpa.JpaTransactionManager - Closing JPA EntityManager [SessionImpl(1909317908<open>)] after transaction
2026-03-16 17:08:47 [http-nio-8080-exec-8] DEBUG c.c.p.s.jwt.JwtAuthenticationFilter - >>> [JwtFilter] Successfully authenticated user: USRCNFRM_99999999999, Authorities: [ROLE_ADMIN]
2026-03-16 17:08:47 [http-nio-8080-exec-8] DEBUG o.s.web.servlet.DispatcherServlet - GET "/api/v1/menu/left?menuNo=60", parameters={masked}
2026-03-16 17:08:47 [http-nio-8080-exec-8] TRACE o.s.w.s.m.m.a.RequestMappingHandlerMapping - Mapped to com.company.project.api.controller.menu.MenuController#getLeftMenu(Long)
2026-03-16 17:08:47 [http-nio-8080-exec-8] INFO  c.c.p.a.c.menu.MenuController - getLeftMenu called with menuNo=60
2026-03-16 17:08:47 [http-nio-8080-exec-8] DEBUG o.s.orm.jpa.JpaTransactionManager - Creating new transaction with name [com.company.project.service.menu.MenuService.getSubMenus]: PROPAGATION_REQUIRED,ISOLATION_DEFAULT,readOnly
2026-03-16 17:08:47 [http-nio-8080-exec-8] DEBUG o.s.orm.jpa.JpaTransactionManager - Opened new EntityManager [SessionImpl(1460421494<open>)] for JPA transaction
2026-03-16 17:08:47 [http-nio-8080-exec-8] DEBUG o.s.orm.jpa.JpaTransactionManager - Exposing JPA transaction as JDBC [org.springframework.orm.jpa.vendor.HibernateJpaDialect$HibernateConnectionHandle@4f04d935]
2026-03-16 17:08:47 [http-nio-8080-exec-8] DEBUG org.hibernate.SQL - select m1_0.menu_no,m1_0.menu_dc,m1_0.menu_nm,m1_0.menu_ordr,m1_0.modern_route,m1_0.progrm_file_nm,m1_0.relate_image_nm,m1_0.relate_image_path,m1_0.route_updated_at,m1_0.upper_menu_no from nmenuinfo m1_0 order by m1_0.upper_menu_no,m1_0.menu_ordr
2026-03-16 17:08:48 [http-nio-8080-exec-8] DEBUG o.s.orm.jpa.JpaTransactionManager - Found thread-bound EntityManager [SessionImpl(1460421494<open>)] for JPA transaction
2026-03-16 17:08:48 [http-nio-8080-exec-8] DEBUG o.s.orm.jpa.JpaTransactionManager - Participating in existing transaction
2026-03-16 17:08:48 [http-nio-8080-exec-8] DEBUG org.hibernate.SQL - select p1_0.progrm_file_nm,p1_0.progrm_dc,p1_0.progrm_korean_nm,p1_0.progrm_stre_path,p1_0.url from nprogrmlist p1_0
2026-03-16 17:08:48 [http-nio-8080-exec-8] DEBUG o.s.orm.jpa.JpaTransactionManager - Initiating transaction commit
2026-03-16 17:08:48 [http-nio-8080-exec-8] DEBUG o.s.orm.jpa.JpaTransactionManager - Committing JPA transaction on EntityManager [SessionImpl(1460421494<open>)]
2026-03-16 17:08:48 [http-nio-8080-exec-8] DEBUG o.s.orm.jpa.JpaTransactionManager - Closing JPA EntityManager [SessionImpl(1460421494<open>)] after transaction
2026-03-16 17:08:48 [http-nio-8080-exec-8] INFO  c.c.p.a.c.menu.MenuController - getLeftMenu returned 1 items
2026-03-16 17:08:48 [http-nio-8080-exec-8] DEBUG o.s.w.s.m.m.a.HttpEntityMethodProcessor - Using 'application/json', given [application/json, text/plain, */*] and supported [application/json, application/*+json, application/yaml]
2026-03-16 17:08:48 [http-nio-8080-exec-8] TRACE o.s.w.s.m.m.a.HttpEntityMethodProcessor - Writing [ApiResponse[success=true, status=200, code=COMMON_001, message=Success, data={list=[com.company.project.service.menu.dto.MenuDto@4081005d]}, timestamp=2026-03-16T17:08:48.541188600]]
2026-03-16 17:08:48 [http-nio-8080-exec-8] INFO  c.c.p.a.i.OperationalAuditInterceptor - API Audit Log: URL=/api/v1/menu/left, User=webmaster, IP=127.0.0.1
2026-03-16 17:08:48 [http-nio-8080-exec-8] DEBUG o.s.web.servlet.DispatcherServlet - Completed 200 OK
2026-03-16 17:09:17 [http-nio-8080-exec-12] DEBUG c.c.p.s.jwt.JwtAuthenticationFilter - >>> [JwtFilter] Processing request: GET /api/v1/menu/head
2026-03-16 17:09:17 [http-nio-8080-exec-12] DEBUG c.c.p.s.jwt.JwtAuthenticationFilter - >>> [JwtFilter] Found token in header for path: /api/v1/menu/head
2026-03-16 17:09:17 [http-nio-8080-exec-12] DEBUG o.s.orm.jpa.JpaTransactionManager - Creating new transaction with name [com.company.project.security.iam.CustomUserDetailsService.loadUserByUsername]: PROPAGATION_REQUIRED,ISOLATION_DEFAULT,readOnly
2026-03-16 17:09:17 [http-nio-8080-exec-12] DEBUG o.s.orm.jpa.JpaTransactionManager - Opened new EntityManager [SessionImpl(188155917<open>)] for JPA transaction
2026-03-16 17:09:18 [http-nio-8080-exec-12] DEBUG o.s.orm.jpa.JpaTransactionManager - Exposing JPA transaction as JDBC [org.springframework.orm.jpa.vendor.HibernateJpaDialect$HibernateConnectionHandle@2d95d075]
2026-03-16 17:09:18 [http-nio-8080-exec-12] DEBUG o.s.orm.jpa.JpaTransactionManager - Found thread-bound EntityManager [SessionImpl(188155917<open>)] for JPA transaction
2026-03-16 17:09:18 [http-nio-8080-exec-12] DEBUG o.s.orm.jpa.JpaTransactionManager - Participating in existing transaction
2026-03-16 17:09:18 [http-nio-8080-exec-12] DEBUG org.hibernate.SQL - select u1_0.emplyr_id,u1_0.area_no,u1_0.brthdy,u1_0.chg_pwd_cnt,u1_0.frst_register_id,u1_0.frst_regist_pnttm,u1_0.detail_adres,u1_0.email_adres,u1_0.emplyr_sttus_code,u1_0.empl_no,u1_0.esntl_id,u1_0.fxnum,u1_0.group_id,u1_0.house_adres,u1_0.house_end_telno,u1_0.house_middle_telno,u1_0.ihidnum,u1_0.pstinst_code,u1_0.last_updusr_id,u1_0.last_updt_pnttm,u1_0.lock_at,u1_0.lock_cnt,u1_0.lock_last_pnttm,u1_0.mbtlnum,u1_0.ofcps_nm,u1_0.offm_telno,u1_0.orgnzt_id,u1_0.password,u1_0.password_cnsr,u1_0.password_hint,u1_0.chg_pwd_last_pnttm,u1_0.role,u1_0.sbscrb_de,u1_0.sexdstn_code,u1_0.crtfc_dn_value,u1_0.user_nm,u1_0.zip from nemplyrinfo u1_0 where u1_0.emplyr_id=?
2026-03-16 17:09:18 [http-nio-8080-exec-12] DEBUG o.s.orm.jpa.JpaTransactionManager - Found thread-bound EntityManager [SessionImpl(188155917<open>)] for JPA transaction
2026-03-16 17:09:18 [http-nio-8080-exec-12] DEBUG o.s.orm.jpa.JpaTransactionManager - Participating in existing transaction
2026-03-16 17:09:18 [http-nio-8080-exec-12] DEBUG org.hibernate.SQL - select ua1_0.scrty_dtrmn_trget_id,ua1_0.author_code,ua1_0.frst_register_id,ua1_0.frst_regist_pnttm,ua1_0.last_updusr_id,ua1_0.last_updt_pnttm,ua1_0.mber_ty_code from nemplyrscrtyestbs ua1_0 where ua1_0.scrty_dtrmn_trget_id=?
2026-03-16 17:09:18 [http-nio-8080-exec-12] DEBUG o.s.orm.jpa.JpaTransactionManager - Initiating transaction commit
2026-03-16 17:09:18 [http-nio-8080-exec-12] DEBUG o.s.orm.jpa.JpaTransactionManager - Committing JPA transaction on EntityManager [SessionImpl(188155917<open>)]
2026-03-16 17:09:18 [http-nio-8080-exec-12] DEBUG o.s.orm.jpa.JpaTransactionManager - Closing JPA EntityManager [SessionImpl(188155917<open>)] after transaction
2026-03-16 17:09:18 [http-nio-8080-exec-12] DEBUG c.c.p.s.jwt.JwtAuthenticationFilter - >>> [JwtFilter] Successfully authenticated user: USRCNFRM_99999999999, Authorities: [ROLE_ADMIN]
2026-03-16 17:09:18 [http-nio-8080-exec-12] DEBUG o.s.web.servlet.DispatcherServlet - GET "/api/v1/menu/head", parameters={}
2026-03-16 17:09:18 [http-nio-8080-exec-12] TRACE o.s.w.s.m.m.a.RequestMappingHandlerMapping - Mapped to com.company.project.api.controller.menu.MenuController#getHeadMenu()
2026-03-16 17:09:18 [http-nio-8080-exec-12] INFO  c.c.p.a.c.menu.MenuController - getHeadMenu called
2026-03-16 17:09:18 [http-nio-8080-exec-12] INFO  c.c.p.a.c.menu.MenuController - getHeadMenu returned 5 items
2026-03-16 17:09:18 [http-nio-8080-exec-12] DEBUG o.s.w.s.m.m.a.HttpEntityMethodProcessor - Using 'application/json', given [application/json, text/plain, */*] and supported [application/json, application/*+json, application/yaml]
2026-03-16 17:09:18 [http-nio-8080-exec-12] TRACE o.s.w.s.m.m.a.HttpEntityMethodProcessor - Writing [ApiResponse[success=true, status=200, code=COMMON_001, message=Success, data={list=[com.company.project.service.menu.dto.MenuDto@2b80d6b0, com.company.project.service.menu.dto.MenuDto@1418cfa3, com.company.project.service.menu.dto.MenuDto@f230bf1, com.company.project.service.menu.dto.MenuDto@734a7f6a, com.company.project.service.menu.dto.MenuDto@5e5202e5]}, timestamp=2026-03-16T17:09:18.510821]]
2026-03-16 17:09:18 [http-nio-8080-exec-12] INFO  c.c.p.a.i.OperationalAuditInterceptor - API Audit Log: URL=/api/v1/menu/head, User=webmaster, IP=0:0:0:0:0:0:0:1
2026-03-16 17:09:18 [http-nio-8080-exec-12] DEBUG o.s.web.servlet.DispatcherServlet - Completed 200 OK
2026-03-16 17:09:18 [http-nio-8080-exec-17] DEBUG c.c.p.s.jwt.JwtAuthenticationFilter - >>> [JwtFilter] Processing request: GET /api/v1/menu/left
2026-03-16 17:09:18 [http-nio-8080-exec-17] DEBUG c.c.p.s.jwt.JwtAuthenticationFilter - >>> [JwtFilter] Found token in header for path: /api/v1/menu/left
2026-03-16 17:09:18 [http-nio-8080-exec-17] DEBUG o.s.orm.jpa.JpaTransactionManager - Creating new transaction with name [com.company.project.security.iam.CustomUserDetailsService.loadUserByUsername]: PROPAGATION_REQUIRED,ISOLATION_DEFAULT,readOnly
2026-03-16 17:09:18 [http-nio-8080-exec-17] DEBUG o.s.orm.jpa.JpaTransactionManager - Opened new EntityManager [SessionImpl(1439391151<open>)] for JPA transaction
2026-03-16 17:09:18 [http-nio-8080-exec-13] DEBUG c.c.p.s.jwt.JwtAuthenticationFilter - >>> [JwtFilter] Processing request: GET /api/v1/menu/left
2026-03-16 17:09:18 [http-nio-8080-exec-10] DEBUG c.c.p.s.jwt.JwtAuthenticationFilter - >>> [JwtFilter] Processing request: GET /api/v1/menu/left
2026-03-16 17:09:18 [http-nio-8080-exec-9] DEBUG c.c.p.s.jwt.JwtAuthenticationFilter - >>> [JwtFilter] Processing request: GET /api/v1/menu/left
2026-03-16 17:09:18 [http-nio-8080-exec-19] DEBUG c.c.p.s.jwt.JwtAuthenticationFilter - >>> [JwtFilter] Processing request: GET /api/v1/menu/left
2026-03-16 17:09:18 [http-nio-8080-exec-13] DEBUG c.c.p.s.jwt.JwtAuthenticationFilter - >>> [JwtFilter] Found token in header for path: /api/v1/menu/left
2026-03-16 17:09:18 [http-nio-8080-exec-9] DEBUG c.c.p.s.jwt.JwtAuthenticationFilter - >>> [JwtFilter] Found token in header for path: /api/v1/menu/left
2026-03-16 17:09:18 [http-nio-8080-exec-10] DEBUG c.c.p.s.jwt.JwtAuthenticationFilter - >>> [JwtFilter] Found token in header for path: /api/v1/menu/left
2026-03-16 17:09:18 [http-nio-8080-exec-19] DEBUG c.c.p.s.jwt.JwtAuthenticationFilter - >>> [JwtFilter] Found token in header for path: /api/v1/menu/left
2026-03-16 17:09:18 [http-nio-8080-exec-13] DEBUG o.s.orm.jpa.JpaTransactionManager - Creating new transaction with name [com.company.project.security.iam.CustomUserDetailsService.loadUserByUsername]: PROPAGATION_REQUIRED,ISOLATION_DEFAULT,readOnly
2026-03-16 17:09:18 [http-nio-8080-exec-10] DEBUG o.s.orm.jpa.JpaTransactionManager - Creating new transaction with name [com.company.project.security.iam.CustomUserDetailsService.loadUserByUsername]: PROPAGATION_REQUIRED,ISOLATION_DEFAULT,readOnly
2026-03-16 17:09:18 [http-nio-8080-exec-9] DEBUG o.s.orm.jpa.JpaTransactionManager - Creating new transaction with name [com.company.project.security.iam.CustomUserDetailsService.loadUserByUsername]: PROPAGATION_REQUIRED,ISOLATION_DEFAULT,readOnly
2026-03-16 17:09:18 [http-nio-8080-exec-19] DEBUG o.s.orm.jpa.JpaTransactionManager - Creating new transaction with name [com.company.project.security.iam.CustomUserDetailsService.loadUserByUsername]: PROPAGATION_REQUIRED,ISOLATION_DEFAULT,readOnly
2026-03-16 17:09:18 [http-nio-8080-exec-13] DEBUG o.s.orm.jpa.JpaTransactionManager - Opened new EntityManager [SessionImpl(1806591618<open>)] for JPA transaction
2026-03-16 17:09:18 [http-nio-8080-exec-10] DEBUG o.s.orm.jpa.JpaTransactionManager - Opened new EntityManager [SessionImpl(529716421<open>)] for JPA transaction
2026-03-16 17:09:18 [http-nio-8080-exec-9] DEBUG o.s.orm.jpa.JpaTransactionManager - Opened new EntityManager [SessionImpl(982032502<open>)] for JPA transaction
2026-03-16 17:09:18 [http-nio-8080-exec-19] DEBUG o.s.orm.jpa.JpaTransactionManager - Opened new EntityManager [SessionImpl(87023652<open>)] for JPA transaction
2026-03-16 17:09:18 [http-nio-8080-exec-10] DEBUG o.s.orm.jpa.JpaTransactionManager - Exposing JPA transaction as JDBC [org.springframework.orm.jpa.vendor.HibernateJpaDialect$HibernateConnectionHandle@1e7eb1e4]
2026-03-16 17:09:18 [http-nio-8080-exec-19] DEBUG o.s.orm.jpa.JpaTransactionManager - Exposing JPA transaction as JDBC [org.springframework.orm.jpa.vendor.HibernateJpaDialect$HibernateConnectionHandle@43d0aad6]
2026-03-16 17:09:18 [http-nio-8080-exec-13] DEBUG o.s.orm.jpa.JpaTransactionManager - Exposing JPA transaction as JDBC [org.springframework.orm.jpa.vendor.HibernateJpaDialect$HibernateConnectionHandle@5ceebeb8]
2026-03-16 17:09:18 [http-nio-8080-exec-19] DEBUG o.s.orm.jpa.JpaTransactionManager - Found thread-bound EntityManager [SessionImpl(87023652<open>)] for JPA transaction
2026-03-16 17:09:18 [http-nio-8080-exec-10] DEBUG o.s.orm.jpa.JpaTransactionManager - Found thread-bound EntityManager [SessionImpl(529716421<open>)] for JPA transaction
2026-03-16 17:09:18 [http-nio-8080-exec-13] DEBUG o.s.orm.jpa.JpaTransactionManager - Found thread-bound EntityManager [SessionImpl(1806591618<open>)] for JPA transaction
2026-03-16 17:09:18 [http-nio-8080-exec-19] DEBUG o.s.orm.jpa.JpaTransactionManager - Participating in existing transaction
2026-03-16 17:09:18 [http-nio-8080-exec-10] DEBUG o.s.orm.jpa.JpaTransactionManager - Participating in existing transaction
2026-03-16 17:09:18 [http-nio-8080-exec-13] DEBUG o.s.orm.jpa.JpaTransactionManager - Participating in existing transaction
2026-03-16 17:09:18 [http-nio-8080-exec-10] DEBUG org.hibernate.SQL - select u1_0.emplyr_id,u1_0.area_no,u1_0.brthdy,u1_0.chg_pwd_cnt,u1_0.frst_register_id,u1_0.frst_regist_pnttm,u1_0.detail_adres,u1_0.email_adres,u1_0.emplyr_sttus_code,u1_0.empl_no,u1_0.esntl_id,u1_0.fxnum,u1_0.group_id,u1_0.house_adres,u1_0.house_end_telno,u1_0.house_middle_telno,u1_0.ihidnum,u1_0.pstinst_code,u1_0.last_updusr_id,u1_0.last_updt_pnttm,u1_0.lock_at,u1_0.lock_cnt,u1_0.lock_last_pnttm,u1_0.mbtlnum,u1_0.ofcps_nm,u1_0.offm_telno,u1_0.orgnzt_id,u1_0.password,u1_0.password_cnsr,u1_0.password_hint,u1_0.chg_pwd_last_pnttm,u1_0.role,u1_0.sbscrb_de,u1_0.sexdstn_code,u1_0.crtfc_dn_value,u1_0.user_nm,u1_0.zip from nemplyrinfo u1_0 where u1_0.emplyr_id=?
2026-03-16 17:09:18 [http-nio-8080-exec-13] DEBUG org.hibernate.SQL - select u1_0.emplyr_id,u1_0.area_no,u1_0.brthdy,u1_0.chg_pwd_cnt,u1_0.frst_register_id,u1_0.frst_regist_pnttm,u1_0.detail_adres,u1_0.email_adres,u1_0.emplyr_sttus_code,u1_0.empl_no,u1_0.esntl_id,u1_0.fxnum,u1_0.group_id,u1_0.house_adres,u1_0.house_end_telno,u1_0.house_middle_telno,u1_0.ihidnum,u1_0.pstinst_code,u1_0.last_updusr_id,u1_0.last_updt_pnttm,u1_0.lock_at,u1_0.lock_cnt,u1_0.lock_last_pnttm,u1_0.mbtlnum,u1_0.ofcps_nm,u1_0.offm_telno,u1_0.orgnzt_id,u1_0.password,u1_0.password_cnsr,u1_0.password_hint,u1_0.chg_pwd_last_pnttm,u1_0.role,u1_0.sbscrb_de,u1_0.sexdstn_code,u1_0.crtfc_dn_value,u1_0.user_nm,u1_0.zip from nemplyrinfo u1_0 where u1_0.emplyr_id=?
2026-03-16 17:09:18 [http-nio-8080-exec-19] DEBUG org.hibernate.SQL - select u1_0.emplyr_id,u1_0.area_no,u1_0.brthdy,u1_0.chg_pwd_cnt,u1_0.frst_register_id,u1_0.frst_regist_pnttm,u1_0.detail_adres,u1_0.email_adres,u1_0.emplyr_sttus_code,u1_0.empl_no,u1_0.esntl_id,u1_0.fxnum,u1_0.group_id,u1_0.house_adres,u1_0.house_end_telno,u1_0.house_middle_telno,u1_0.ihidnum,u1_0.pstinst_code,u1_0.last_updusr_id,u1_0.last_updt_pnttm,u1_0.lock_at,u1_0.lock_cnt,u1_0.lock_last_pnttm,u1_0.mbtlnum,u1_0.ofcps_nm,u1_0.offm_telno,u1_0.orgnzt_id,u1_0.password,u1_0.password_cnsr,u1_0.password_hint,u1_0.chg_pwd_last_pnttm,u1_0.role,u1_0.sbscrb_de,u1_0.sexdstn_code,u1_0.crtfc_dn_value,u1_0.user_nm,u1_0.zip from nemplyrinfo u1_0 where u1_0.emplyr_id=?
2026-03-16 17:09:18 [http-nio-8080-exec-17] DEBUG o.s.orm.jpa.JpaTransactionManager - Exposing JPA transaction as JDBC [org.springframework.orm.jpa.vendor.HibernateJpaDialect$HibernateConnectionHandle@49e40ea5]
2026-03-16 17:09:18 [http-nio-8080-exec-17] DEBUG o.s.orm.jpa.JpaTransactionManager - Found thread-bound EntityManager [SessionImpl(1439391151<open>)] for JPA transaction
2026-03-16 17:09:18 [http-nio-8080-exec-17] DEBUG o.s.orm.jpa.JpaTransactionManager - Participating in existing transaction
2026-03-16 17:09:18 [http-nio-8080-exec-17] DEBUG org.hibernate.SQL - select u1_0.emplyr_id,u1_0.area_no,u1_0.brthdy,u1_0.chg_pwd_cnt,u1_0.frst_register_id,u1_0.frst_regist_pnttm,u1_0.detail_adres,u1_0.email_adres,u1_0.emplyr_sttus_code,u1_0.empl_no,u1_0.esntl_id,u1_0.fxnum,u1_0.group_id,u1_0.house_adres,u1_0.house_end_telno,u1_0.house_middle_telno,u1_0.ihidnum,u1_0.pstinst_code,u1_0.last_updusr_id,u1_0.last_updt_pnttm,u1_0.lock_at,u1_0.lock_cnt,u1_0.lock_last_pnttm,u1_0.mbtlnum,u1_0.ofcps_nm,u1_0.offm_telno,u1_0.orgnzt_id,u1_0.password,u1_0.password_cnsr,u1_0.password_hint,u1_0.chg_pwd_last_pnttm,u1_0.role,u1_0.sbscrb_de,u1_0.sexdstn_code,u1_0.crtfc_dn_value,u1_0.user_nm,u1_0.zip from nemplyrinfo u1_0 where u1_0.emplyr_id=?
2026-03-16 17:09:18 [http-nio-8080-exec-9] DEBUG o.s.orm.jpa.JpaTransactionManager - Exposing JPA transaction as JDBC [org.springframework.orm.jpa.vendor.HibernateJpaDialect$HibernateConnectionHandle@65f995b5]
2026-03-16 17:09:18 [http-nio-8080-exec-9] DEBUG o.s.orm.jpa.JpaTransactionManager - Found thread-bound EntityManager [SessionImpl(982032502<open>)] for JPA transaction
2026-03-16 17:09:18 [http-nio-8080-exec-9] DEBUG o.s.orm.jpa.JpaTransactionManager - Participating in existing transaction
2026-03-16 17:09:18 [http-nio-8080-exec-9] DEBUG org.hibernate.SQL - select u1_0.emplyr_id,u1_0.area_no,u1_0.brthdy,u1_0.chg_pwd_cnt,u1_0.frst_register_id,u1_0.frst_regist_pnttm,u1_0.detail_adres,u1_0.email_adres,u1_0.emplyr_sttus_code,u1_0.empl_no,u1_0.esntl_id,u1_0.fxnum,u1_0.group_id,u1_0.house_adres,u1_0.house_end_telno,u1_0.house_middle_telno,u1_0.ihidnum,u1_0.pstinst_code,u1_0.last_updusr_id,u1_0.last_updt_pnttm,u1_0.lock_at,u1_0.lock_cnt,u1_0.lock_last_pnttm,u1_0.mbtlnum,u1_0.ofcps_nm,u1_0.offm_telno,u1_0.orgnzt_id,u1_0.password,u1_0.password_cnsr,u1_0.password_hint,u1_0.chg_pwd_last_pnttm,u1_0.role,u1_0.sbscrb_de,u1_0.sexdstn_code,u1_0.crtfc_dn_value,u1_0.user_nm,u1_0.zip from nemplyrinfo u1_0 where u1_0.emplyr_id=?
2026-03-16 17:09:18 [http-nio-8080-exec-13] DEBUG o.s.orm.jpa.JpaTransactionManager - Found thread-bound EntityManager [SessionImpl(1806591618<open>)] for JPA transaction
2026-03-16 17:09:18 [http-nio-8080-exec-19] DEBUG o.s.orm.jpa.JpaTransactionManager - Found thread-bound EntityManager [SessionImpl(87023652<open>)] for JPA transaction
2026-03-16 17:09:18 [http-nio-8080-exec-10] DEBUG o.s.orm.jpa.JpaTransactionManager - Found thread-bound EntityManager [SessionImpl(529716421<open>)] for JPA transaction
2026-03-16 17:09:18 [http-nio-8080-exec-13] DEBUG o.s.orm.jpa.JpaTransactionManager - Participating in existing transaction
2026-03-16 17:09:18 [http-nio-8080-exec-19] DEBUG o.s.orm.jpa.JpaTransactionManager - Participating in existing transaction
2026-03-16 17:09:18 [http-nio-8080-exec-10] DEBUG o.s.orm.jpa.JpaTransactionManager - Participating in existing transaction
2026-03-16 17:09:18 [http-nio-8080-exec-19] DEBUG org.hibernate.SQL - select ua1_0.scrty_dtrmn_trget_id,ua1_0.author_code,ua1_0.frst_register_id,ua1_0.frst_regist_pnttm,ua1_0.last_updusr_id,ua1_0.last_updt_pnttm,ua1_0.mber_ty_code from nemplyrscrtyestbs ua1_0 where ua1_0.scrty_dtrmn_trget_id=?
2026-03-16 17:09:18 [http-nio-8080-exec-13] DEBUG org.hibernate.SQL - select ua1_0.scrty_dtrmn_trget_id,ua1_0.author_code,ua1_0.frst_register_id,ua1_0.frst_regist_pnttm,ua1_0.last_updusr_id,ua1_0.last_updt_pnttm,ua1_0.mber_ty_code from nemplyrscrtyestbs ua1_0 where ua1_0.scrty_dtrmn_trget_id=?
2026-03-16 17:09:18 [http-nio-8080-exec-10] DEBUG org.hibernate.SQL - select ua1_0.scrty_dtrmn_trget_id,ua1_0.author_code,ua1_0.frst_register_id,ua1_0.frst_regist_pnttm,ua1_0.last_updusr_id,ua1_0.last_updt_pnttm,ua1_0.mber_ty_code from nemplyrscrtyestbs ua1_0 where ua1_0.scrty_dtrmn_trget_id=?
2026-03-16 17:09:18 [http-nio-8080-exec-17] DEBUG o.s.orm.jpa.JpaTransactionManager - Found thread-bound EntityManager [SessionImpl(1439391151<open>)] for JPA transaction
2026-03-16 17:09:18 [http-nio-8080-exec-17] DEBUG o.s.orm.jpa.JpaTransactionManager - Participating in existing transaction
2026-03-16 17:09:18 [http-nio-8080-exec-17] DEBUG org.hibernate.SQL - select ua1_0.scrty_dtrmn_trget_id,ua1_0.author_code,ua1_0.frst_register_id,ua1_0.frst_regist_pnttm,ua1_0.last_updusr_id,ua1_0.last_updt_pnttm,ua1_0.mber_ty_code from nemplyrscrtyestbs ua1_0 where ua1_0.scrty_dtrmn_trget_id=?
2026-03-16 17:09:18 [http-nio-8080-exec-9] DEBUG o.s.orm.jpa.JpaTransactionManager - Found thread-bound EntityManager [SessionImpl(982032502<open>)] for JPA transaction
2026-03-16 17:09:18 [http-nio-8080-exec-9] DEBUG o.s.orm.jpa.JpaTransactionManager - Participating in existing transaction
2026-03-16 17:09:18 [http-nio-8080-exec-9] DEBUG org.hibernate.SQL - select ua1_0.scrty_dtrmn_trget_id,ua1_0.author_code,ua1_0.frst_register_id,ua1_0.frst_regist_pnttm,ua1_0.last_updusr_id,ua1_0.last_updt_pnttm,ua1_0.mber_ty_code from nemplyrscrtyestbs ua1_0 where ua1_0.scrty_dtrmn_trget_id=?
2026-03-16 17:09:18 [http-nio-8080-exec-19] DEBUG o.s.orm.jpa.JpaTransactionManager - Initiating transaction commit
2026-03-16 17:09:18 [http-nio-8080-exec-10] DEBUG o.s.orm.jpa.JpaTransactionManager - Initiating transaction commit
2026-03-16 17:09:18 [http-nio-8080-exec-13] DEBUG o.s.orm.jpa.JpaTransactionManager - Initiating transaction commit
2026-03-16 17:09:18 [http-nio-8080-exec-19] DEBUG o.s.orm.jpa.JpaTransactionManager - Committing JPA transaction on EntityManager [SessionImpl(87023652<open>)]
2026-03-16 17:09:18 [http-nio-8080-exec-10] DEBUG o.s.orm.jpa.JpaTransactionManager - Committing JPA transaction on EntityManager [SessionImpl(529716421<open>)]
2026-03-16 17:09:18 [http-nio-8080-exec-13] DEBUG o.s.orm.jpa.JpaTransactionManager - Committing JPA transaction on EntityManager [SessionImpl(1806591618<open>)]
2026-03-16 17:09:18 [http-nio-8080-exec-17] DEBUG o.s.orm.jpa.JpaTransactionManager - Initiating transaction commit
2026-03-16 17:09:19 [http-nio-8080-exec-17] DEBUG o.s.orm.jpa.JpaTransactionManager - Committing JPA transaction on EntityManager [SessionImpl(1439391151<open>)]
2026-03-16 17:09:19 [http-nio-8080-exec-9] DEBUG o.s.orm.jpa.JpaTransactionManager - Initiating transaction commit
2026-03-16 17:09:19 [http-nio-8080-exec-9] DEBUG o.s.orm.jpa.JpaTransactionManager - Committing JPA transaction on EntityManager [SessionImpl(982032502<open>)]
2026-03-16 17:09:19 [http-nio-8080-exec-13] DEBUG o.s.orm.jpa.JpaTransactionManager - Closing JPA EntityManager [SessionImpl(1806591618<open>)] after transaction
2026-03-16 17:09:19 [http-nio-8080-exec-10] DEBUG o.s.orm.jpa.JpaTransactionManager - Closing JPA EntityManager [SessionImpl(529716421<open>)] after transaction
2026-03-16 17:09:19 [http-nio-8080-exec-19] DEBUG o.s.orm.jpa.JpaTransactionManager - Closing JPA EntityManager [SessionImpl(87023652<open>)] after transaction
2026-03-16 17:09:19 [http-nio-8080-exec-19] DEBUG c.c.p.s.jwt.JwtAuthenticationFilter - >>> [JwtFilter] Successfully authenticated user: USRCNFRM_99999999999, Authorities: [ROLE_ADMIN]
2026-03-16 17:09:19 [http-nio-8080-exec-10] DEBUG c.c.p.s.jwt.JwtAuthenticationFilter - >>> [JwtFilter] Successfully authenticated user: USRCNFRM_99999999999, Authorities: [ROLE_ADMIN]
2026-03-16 17:09:19 [http-nio-8080-exec-13] DEBUG c.c.p.s.jwt.JwtAuthenticationFilter - >>> [JwtFilter] Successfully authenticated user: USRCNFRM_99999999999, Authorities: [ROLE_ADMIN]
2026-03-16 17:09:19 [http-nio-8080-exec-19] DEBUG o.s.web.servlet.DispatcherServlet - GET "/api/v1/menu/left?menuNo=40", parameters={masked}
2026-03-16 17:09:19 [http-nio-8080-exec-13] DEBUG o.s.web.servlet.DispatcherServlet - GET "/api/v1/menu/left?menuNo=50", parameters={masked}
2026-03-16 17:09:19 [http-nio-8080-exec-10] DEBUG o.s.web.servlet.DispatcherServlet - GET "/api/v1/menu/left?menuNo=60", parameters={masked}
2026-03-16 17:09:19 [http-nio-8080-exec-10] TRACE o.s.w.s.m.m.a.RequestMappingHandlerMapping - Mapped to com.company.project.api.controller.menu.MenuController#getLeftMenu(Long)
2026-03-16 17:09:19 [http-nio-8080-exec-19] TRACE o.s.w.s.m.m.a.RequestMappingHandlerMapping - Mapped to com.company.project.api.controller.menu.MenuController#getLeftMenu(Long)
2026-03-16 17:09:19 [http-nio-8080-exec-13] TRACE o.s.w.s.m.m.a.RequestMappingHandlerMapping - Mapped to com.company.project.api.controller.menu.MenuController#getLeftMenu(Long)
2026-03-16 17:09:19 [http-nio-8080-exec-10] INFO  c.c.p.a.c.menu.MenuController - getLeftMenu called with menuNo=60
2026-03-16 17:09:19 [http-nio-8080-exec-13] INFO  c.c.p.a.c.menu.MenuController - getLeftMenu called with menuNo=50
2026-03-16 17:09:19 [http-nio-8080-exec-19] INFO  c.c.p.a.c.menu.MenuController - getLeftMenu called with menuNo=40
2026-03-16 17:09:19 [http-nio-8080-exec-10] DEBUG o.s.orm.jpa.JpaTransactionManager - Creating new transaction with name [com.company.project.service.menu.MenuService.getSubMenus]: PROPAGATION_REQUIRED,ISOLATION_DEFAULT,readOnly
2026-03-16 17:09:19 [http-nio-8080-exec-19] DEBUG o.s.orm.jpa.JpaTransactionManager - Creating new transaction with name [com.company.project.service.menu.MenuService.getSubMenus]: PROPAGATION_REQUIRED,ISOLATION_DEFAULT,readOnly
2026-03-16 17:09:19 [http-nio-8080-exec-13] DEBUG o.s.orm.jpa.JpaTransactionManager - Creating new transaction with name [com.company.project.service.menu.MenuService.getSubMenus]: PROPAGATION_REQUIRED,ISOLATION_DEFAULT,readOnly
2026-03-16 17:09:19 [http-nio-8080-exec-10] DEBUG o.s.orm.jpa.JpaTransactionManager - Opened new EntityManager [SessionImpl(180967417<open>)] for JPA transaction
2026-03-16 17:09:19 [http-nio-8080-exec-13] DEBUG o.s.orm.jpa.JpaTransactionManager - Opened new EntityManager [SessionImpl(1635778604<open>)] for JPA transaction
2026-03-16 17:09:19 [http-nio-8080-exec-19] DEBUG o.s.orm.jpa.JpaTransactionManager - Opened new EntityManager [SessionImpl(1767310420<open>)] for JPA transaction
2026-03-16 17:09:19 [http-nio-8080-exec-10] DEBUG o.s.orm.jpa.JpaTransactionManager - Exposing JPA transaction as JDBC [org.springframework.orm.jpa.vendor.HibernateJpaDialect$HibernateConnectionHandle@401cb20b]
2026-03-16 17:09:19 [http-nio-8080-exec-19] DEBUG o.s.orm.jpa.JpaTransactionManager - Exposing JPA transaction as JDBC [org.springframework.orm.jpa.vendor.HibernateJpaDialect$HibernateConnectionHandle@1dc1986c]
2026-03-16 17:09:19 [http-nio-8080-exec-13] DEBUG o.s.orm.jpa.JpaTransactionManager - Exposing JPA transaction as JDBC [org.springframework.orm.jpa.vendor.HibernateJpaDialect$HibernateConnectionHandle@61b98a7]
2026-03-16 17:09:19 [http-nio-8080-exec-10] DEBUG org.hibernate.SQL - select m1_0.menu_no,m1_0.menu_dc,m1_0.menu_nm,m1_0.menu_ordr,m1_0.modern_route,m1_0.progrm_file_nm,m1_0.relate_image_nm,m1_0.relate_image_path,m1_0.route_updated_at,m1_0.upper_menu_no from nmenuinfo m1_0 order by m1_0.upper_menu_no,m1_0.menu_ordr
2026-03-16 17:09:19 [http-nio-8080-exec-13] DEBUG org.hibernate.SQL - select m1_0.menu_no,m1_0.menu_dc,m1_0.menu_nm,m1_0.menu_ordr,m1_0.modern_route,m1_0.progrm_file_nm,m1_0.relate_image_nm,m1_0.relate_image_path,m1_0.route_updated_at,m1_0.upper_menu_no from nmenuinfo m1_0 order by m1_0.upper_menu_no,m1_0.menu_ordr
2026-03-16 17:09:19 [http-nio-8080-exec-19] DEBUG org.hibernate.SQL - select m1_0.menu_no,m1_0.menu_dc,m1_0.menu_nm,m1_0.menu_ordr,m1_0.modern_route,m1_0.progrm_file_nm,m1_0.relate_image_nm,m1_0.relate_image_path,m1_0.route_updated_at,m1_0.upper_menu_no from nmenuinfo m1_0 order by m1_0.upper_menu_no,m1_0.menu_ordr
2026-03-16 17:09:19 [http-nio-8080-exec-17] DEBUG o.s.orm.jpa.JpaTransactionManager - Closing JPA EntityManager [SessionImpl(1439391151<open>)] after transaction
2026-03-16 17:09:19 [http-nio-8080-exec-9] DEBUG o.s.orm.jpa.JpaTransactionManager - Closing JPA EntityManager [SessionImpl(982032502<open>)] after transaction
2026-03-16 17:09:19 [http-nio-8080-exec-9] DEBUG c.c.p.s.jwt.JwtAuthenticationFilter - >>> [JwtFilter] Successfully authenticated user: USRCNFRM_99999999999, Authorities: [ROLE_ADMIN]
2026-03-16 17:09:19 [http-nio-8080-exec-17] DEBUG c.c.p.s.jwt.JwtAuthenticationFilter - >>> [JwtFilter] Successfully authenticated user: USRCNFRM_99999999999, Authorities: [ROLE_ADMIN]
2026-03-16 17:09:19 [http-nio-8080-exec-9] DEBUG o.s.web.servlet.DispatcherServlet - GET "/api/v1/menu/left?menuNo=20", parameters={masked}
2026-03-16 17:09:19 [http-nio-8080-exec-17] DEBUG o.s.web.servlet.DispatcherServlet - GET "/api/v1/menu/left?menuNo=10", parameters={masked}
2026-03-16 17:09:19 [http-nio-8080-exec-9] TRACE o.s.w.s.m.m.a.RequestMappingHandlerMapping - Mapped to com.company.project.api.controller.menu.MenuController#getLeftMenu(Long)
2026-03-16 17:09:19 [http-nio-8080-exec-17] TRACE o.s.w.s.m.m.a.RequestMappingHandlerMapping - Mapped to com.company.project.api.controller.menu.MenuController#getLeftMenu(Long)
2026-03-16 17:09:19 [http-nio-8080-exec-9] INFO  c.c.p.a.c.menu.MenuController - getLeftMenu called with menuNo=20
2026-03-16 17:09:19 [http-nio-8080-exec-17] INFO  c.c.p.a.c.menu.MenuController - getLeftMenu called with menuNo=10
2026-03-16 17:09:19 [http-nio-8080-exec-17] DEBUG o.s.orm.jpa.JpaTransactionManager - Creating new transaction with name [com.company.project.service.menu.MenuService.getSubMenus]: PROPAGATION_REQUIRED,ISOLATION_DEFAULT,readOnly
2026-03-16 17:09:19 [http-nio-8080-exec-9] DEBUG o.s.orm.jpa.JpaTransactionManager - Creating new transaction with name [com.company.project.service.menu.MenuService.getSubMenus]: PROPAGATION_REQUIRED,ISOLATION_DEFAULT,readOnly
2026-03-16 17:09:19 [http-nio-8080-exec-17] DEBUG o.s.orm.jpa.JpaTransactionManager - Opened new EntityManager [SessionImpl(345683872<open>)] for JPA transaction
2026-03-16 17:09:19 [http-nio-8080-exec-9] DEBUG o.s.orm.jpa.JpaTransactionManager - Opened new EntityManager [SessionImpl(672519861<open>)] for JPA transaction
2026-03-16 17:09:19 [http-nio-8080-exec-17] DEBUG o.s.orm.jpa.JpaTransactionManager - Exposing JPA transaction as JDBC [org.springframework.orm.jpa.vendor.HibernateJpaDialect$HibernateConnectionHandle@6ec047d9]
2026-03-16 17:09:19 [http-nio-8080-exec-9] DEBUG o.s.orm.jpa.JpaTransactionManager - Exposing JPA transaction as JDBC [org.springframework.orm.jpa.vendor.HibernateJpaDialect$HibernateConnectionHandle@26a6124e]
2026-03-16 17:09:19 [http-nio-8080-exec-9] DEBUG org.hibernate.SQL - select m1_0.menu_no,m1_0.menu_dc,m1_0.menu_nm,m1_0.menu_ordr,m1_0.modern_route,m1_0.progrm_file_nm,m1_0.relate_image_nm,m1_0.relate_image_path,m1_0.route_updated_at,m1_0.upper_menu_no from nmenuinfo m1_0 order by m1_0.upper_menu_no,m1_0.menu_ordr
2026-03-16 17:09:19 [http-nio-8080-exec-17] DEBUG org.hibernate.SQL - select m1_0.menu_no,m1_0.menu_dc,m1_0.menu_nm,m1_0.menu_ordr,m1_0.modern_route,m1_0.progrm_file_nm,m1_0.relate_image_nm,m1_0.relate_image_path,m1_0.route_updated_at,m1_0.upper_menu_no from nmenuinfo m1_0 order by m1_0.upper_menu_no,m1_0.menu_ordr
2026-03-16 17:09:19 [http-nio-8080-exec-13] DEBUG o.s.orm.jpa.JpaTransactionManager - Found thread-bound EntityManager [SessionImpl(1635778604<open>)] for JPA transaction
2026-03-16 17:09:19 [http-nio-8080-exec-10] DEBUG o.s.orm.jpa.JpaTransactionManager - Found thread-bound EntityManager [SessionImpl(180967417<open>)] for JPA transaction
2026-03-16 17:09:19 [http-nio-8080-exec-13] DEBUG o.s.orm.jpa.JpaTransactionManager - Participating in existing transaction
2026-03-16 17:09:19 [http-nio-8080-exec-19] DEBUG o.s.orm.jpa.JpaTransactionManager - Found thread-bound EntityManager [SessionImpl(1767310420<open>)] for JPA transaction
2026-03-16 17:09:19 [http-nio-8080-exec-10] DEBUG o.s.orm.jpa.JpaTransactionManager - Participating in existing transaction
2026-03-16 17:09:19 [http-nio-8080-exec-19] DEBUG o.s.orm.jpa.JpaTransactionManager - Participating in existing transaction
2026-03-16 17:09:19 [http-nio-8080-exec-19] DEBUG org.hibernate.SQL - select p1_0.progrm_file_nm,p1_0.progrm_dc,p1_0.progrm_korean_nm,p1_0.progrm_stre_path,p1_0.url from nprogrmlist p1_0
2026-03-16 17:09:19 [http-nio-8080-exec-13] DEBUG org.hibernate.SQL - select p1_0.progrm_file_nm,p1_0.progrm_dc,p1_0.progrm_korean_nm,p1_0.progrm_stre_path,p1_0.url from nprogrmlist p1_0
2026-03-16 17:09:19 [http-nio-8080-exec-10] DEBUG org.hibernate.SQL - select p1_0.progrm_file_nm,p1_0.progrm_dc,p1_0.progrm_korean_nm,p1_0.progrm_stre_path,p1_0.url from nprogrmlist p1_0
2026-03-16 17:09:19 [http-nio-8080-exec-9] DEBUG o.s.orm.jpa.JpaTransactionManager - Found thread-bound EntityManager [SessionImpl(672519861<open>)] for JPA transaction
2026-03-16 17:09:19 [http-nio-8080-exec-17] DEBUG o.s.orm.jpa.JpaTransactionManager - Found thread-bound EntityManager [SessionImpl(345683872<open>)] for JPA transaction
2026-03-16 17:09:19 [http-nio-8080-exec-9] DEBUG o.s.orm.jpa.JpaTransactionManager - Participating in existing transaction
2026-03-16 17:09:19 [http-nio-8080-exec-17] DEBUG o.s.orm.jpa.JpaTransactionManager - Participating in existing transaction
2026-03-16 17:09:19 [http-nio-8080-exec-9] DEBUG org.hibernate.SQL - select p1_0.progrm_file_nm,p1_0.progrm_dc,p1_0.progrm_korean_nm,p1_0.progrm_stre_path,p1_0.url from nprogrmlist p1_0
2026-03-16 17:09:19 [http-nio-8080-exec-17] DEBUG org.hibernate.SQL - select p1_0.progrm_file_nm,p1_0.progrm_dc,p1_0.progrm_korean_nm,p1_0.progrm_stre_path,p1_0.url from nprogrmlist p1_0
2026-03-16 17:09:19 [http-nio-8080-exec-13] DEBUG o.s.orm.jpa.JpaTransactionManager - Initiating transaction commit
2026-03-16 17:09:19 [http-nio-8080-exec-10] DEBUG o.s.orm.jpa.JpaTransactionManager - Initiating transaction commit
2026-03-16 17:09:19 [http-nio-8080-exec-13] DEBUG o.s.orm.jpa.JpaTransactionManager - Committing JPA transaction on EntityManager [SessionImpl(1635778604<open>)]
2026-03-16 17:09:19 [http-nio-8080-exec-10] DEBUG o.s.orm.jpa.JpaTransactionManager - Committing JPA transaction on EntityManager [SessionImpl(180967417<open>)]
2026-03-16 17:09:19 [http-nio-8080-exec-19] DEBUG o.s.orm.jpa.JpaTransactionManager - Initiating transaction commit
2026-03-16 17:09:19 [http-nio-8080-exec-19] DEBUG o.s.orm.jpa.JpaTransactionManager - Committing JPA transaction on EntityManager [SessionImpl(1767310420<open>)]
2026-03-16 17:09:19 [http-nio-8080-exec-17] DEBUG o.s.orm.jpa.JpaTransactionManager - Initiating transaction commit
2026-03-16 17:09:19 [http-nio-8080-exec-9] DEBUG o.s.orm.jpa.JpaTransactionManager - Initiating transaction commit
2026-03-16 17:09:19 [http-nio-8080-exec-17] DEBUG o.s.orm.jpa.JpaTransactionManager - Committing JPA transaction on EntityManager [SessionImpl(345683872<open>)]
2026-03-16 17:09:19 [http-nio-8080-exec-9] DEBUG o.s.orm.jpa.JpaTransactionManager - Committing JPA transaction on EntityManager [SessionImpl(672519861<open>)]
2026-03-16 17:09:19 [http-nio-8080-exec-13] DEBUG o.s.orm.jpa.JpaTransactionManager - Closing JPA EntityManager [SessionImpl(1635778604<open>)] after transaction
2026-03-16 17:09:19 [http-nio-8080-exec-19] DEBUG o.s.orm.jpa.JpaTransactionManager - Closing JPA EntityManager [SessionImpl(1767310420<open>)] after transaction
2026-03-16 17:09:19 [http-nio-8080-exec-10] DEBUG o.s.orm.jpa.JpaTransactionManager - Closing JPA EntityManager [SessionImpl(180967417<open>)] after transaction
2026-03-16 17:09:19 [http-nio-8080-exec-10] INFO  c.c.p.a.c.menu.MenuController - getLeftMenu returned 1 items
2026-03-16 17:09:19 [http-nio-8080-exec-13] INFO  c.c.p.a.c.menu.MenuController - getLeftMenu returned 3 items
2026-03-16 17:09:19 [http-nio-8080-exec-19] INFO  c.c.p.a.c.menu.MenuController - getLeftMenu returned 2 items
2026-03-16 17:09:19 [http-nio-8080-exec-19] DEBUG o.s.w.s.m.m.a.HttpEntityMethodProcessor - Using 'application/json', given [application/json, text/plain, */*] and supported [application/json, application/*+json, application/yaml]
2026-03-16 17:09:19 [http-nio-8080-exec-10] DEBUG o.s.w.s.m.m.a.HttpEntityMethodProcessor - Using 'application/json', given [application/json, text/plain, */*] and supported [application/json, application/*+json, application/yaml]
2026-03-16 17:09:19 [http-nio-8080-exec-13] DEBUG o.s.w.s.m.m.a.HttpEntityMethodProcessor - Using 'application/json', given [application/json, text/plain, */*] and supported [application/json, application/*+json, application/yaml]
2026-03-16 17:09:19 [http-nio-8080-exec-19] TRACE o.s.w.s.m.m.a.HttpEntityMethodProcessor - Writing [ApiResponse[success=true, status=200, code=COMMON_001, message=Success, data={list=[com.company.project.service.menu.dto.MenuDto@23919694, com.company.project.service.menu.dto.MenuDto@4edfb301]}, timestamp=2026-03-16T17:09:19.775672]]
2026-03-16 17:09:19 [http-nio-8080-exec-13] TRACE o.s.w.s.m.m.a.HttpEntityMethodProcessor - Writing [ApiResponse[success=true, status=200, code=COMMON_001, message=Success, data={list=[com.company.project.service.menu.dto.MenuDto@6e2e644d, com.company.project.service.menu.dto.MenuDto@6c388e7, com.company.project.service.menu.dto.MenuDto@486c99d5]}, timestamp=2026-03-16T17:09:19.775672]]
2026-03-16 17:09:19 [http-nio-8080-exec-10] TRACE o.s.w.s.m.m.a.HttpEntityMethodProcessor - Writing [ApiResponse[success=true, status=200, code=COMMON_001, message=Success, data={list=[com.company.project.service.menu.dto.MenuDto@3e2e2aaf]}, timestamp=2026-03-16T17:09:19.775085200]]
2026-03-16 17:09:19 [http-nio-8080-exec-19] INFO  c.c.p.a.i.OperationalAuditInterceptor - API Audit Log: URL=/api/v1/menu/left, User=webmaster, IP=0:0:0:0:0:0:0:1
2026-03-16 17:09:19 [http-nio-8080-exec-10] INFO  c.c.p.a.i.OperationalAuditInterceptor - API Audit Log: URL=/api/v1/menu/left, User=webmaster, IP=0:0:0:0:0:0:0:1
2026-03-16 17:09:19 [http-nio-8080-exec-13] INFO  c.c.p.a.i.OperationalAuditInterceptor - API Audit Log: URL=/api/v1/menu/left, User=webmaster, IP=0:0:0:0:0:0:0:1
2026-03-16 17:09:19 [http-nio-8080-exec-19] DEBUG o.s.web.servlet.DispatcherServlet - Completed 200 OK
2026-03-16 17:09:19 [http-nio-8080-exec-10] DEBUG o.s.web.servlet.DispatcherServlet - Completed 200 OK
2026-03-16 17:09:19 [http-nio-8080-exec-13] DEBUG o.s.web.servlet.DispatcherServlet - Completed 200 OK
2026-03-16 17:09:19 [http-nio-8080-exec-17] DEBUG o.s.orm.jpa.JpaTransactionManager - Closing JPA EntityManager [SessionImpl(345683872<open>)] after transaction
2026-03-16 17:09:19 [http-nio-8080-exec-9] DEBUG o.s.orm.jpa.JpaTransactionManager - Closing JPA EntityManager [SessionImpl(672519861<open>)] after transaction
2026-03-16 17:09:19 [http-nio-8080-exec-17] INFO  c.c.p.a.c.menu.MenuController - getLeftMenu returned 5 items
2026-03-16 17:09:19 [http-nio-8080-exec-9] INFO  c.c.p.a.c.menu.MenuController - getLeftMenu returned 3 items
2026-03-16 17:09:19 [http-nio-8080-exec-17] DEBUG o.s.w.s.m.m.a.HttpEntityMethodProcessor - Using 'application/json', given [application/json, text/plain, */*] and supported [application/json, application/*+json, application/yaml]
2026-03-16 17:09:19 [http-nio-8080-exec-9] DEBUG o.s.w.s.m.m.a.HttpEntityMethodProcessor - Using 'application/json', given [application/json, text/plain, */*] and supported [application/json, application/*+json, application/yaml]
2026-03-16 17:09:19 [http-nio-8080-exec-9] TRACE o.s.w.s.m.m.a.HttpEntityMethodProcessor - Writing [ApiResponse[success=true, status=200, code=COMMON_001, message=Success, data={list=[com.company.project.service.menu.dto.MenuDto@282c341a, com.company.project.service.menu.dto.MenuDto@490cab11, com.company.project.service.menu.dto.MenuDto@3fa3efd8]}, timestamp=2026-03-16T17:09:19.806649]]
2026-03-16 17:09:19 [http-nio-8080-exec-17] TRACE o.s.w.s.m.m.a.HttpEntityMethodProcessor - Writing [ApiResponse[success=true, status=200, code=COMMON_001, message=Success, data={list=[com.company.project.service.menu.dto.MenuDto@6e620cf5, com.company.project.service.menu.dto.MenuDto@2036f06, com.company.project.service.menu.dto.MenuDto@35a3b42d, com.company.project.service.menu.dto.MenuDto@f0c7d29, com.company.project.service.menu.dto.MenuDto@7177cd99]}, timestamp=2026-03-16T17:09:19.806649]]
2026-03-16 17:09:19 [http-nio-8080-exec-9] INFO  c.c.p.a.i.OperationalAuditInterceptor - API Audit Log: URL=/api/v1/menu/left, User=webmaster, IP=0:0:0:0:0:0:0:1
2026-03-16 17:09:19 [http-nio-8080-exec-17] INFO  c.c.p.a.i.OperationalAuditInterceptor - API Audit Log: URL=/api/v1/menu/left, User=webmaster, IP=0:0:0:0:0:0:0:1
2026-03-16 17:09:19 [http-nio-8080-exec-9] DEBUG o.s.web.servlet.DispatcherServlet - Completed 200 OK
2026-03-16 17:09:19 [http-nio-8080-exec-17] DEBUG o.s.web.servlet.DispatcherServlet - Completed 200 OK
2026-03-16 17:09:19 [http-nio-8080-exec-2] DEBUG o.s.w.s.h.LoggingWebSocketHandlerDecorator - WebSocketServerSockJsSession[id=g0x1r5f3] closed with CloseStatus[code=1001, reason=null]
2026-03-16 17:09:19 [http-nio-8080-exec-2] DEBUG o.s.w.s.m.SubProtocolWebSocketHandler - Clearing session g0x1r5f3
2026-03-16 17:09:19 [scheduling-1] DEBUG org.springframework.web.SimpLogging - Processing DISCONNECT session=g0x1r5f3
2026-03-16 17:09:19 [scheduling-1] DEBUG o.s.w.s.m.SubProtocolWebSocketHandler - No session for GenericMessage [payload=byte[0], headers={simpMessageType=DISCONNECT_ACK, simpDisconnectMessage=GenericMessage [payload=byte[0], headers={simpMessageType=DISCONNECT, stompCommand=DISCONNECT, simpSessionAttributes={org.springframework.messaging.simp.SimpAttributes.COMPLETED=true}, simpSessionId=g0x1r5f3}], simpSessionId=g0x1r5f3}]
2026-03-16 17:09:20 [http-nio-8080-exec-3] DEBUG c.c.p.s.jwt.JwtAuthenticationFilter - >>> [JwtFilter] Processing request: GET /api/v1/menu/head
2026-03-16 17:09:20 [http-nio-8080-exec-15] DEBUG c.c.p.s.jwt.JwtAuthenticationFilter - >>> [JwtFilter] Processing request: GET /api/v1/menu/left
2026-03-16 17:09:20 [http-nio-8080-exec-3] DEBUG c.c.p.s.jwt.JwtAuthenticationFilter - >>> [JwtFilter] Found token in header for path: /api/v1/menu/head
2026-03-16 17:09:20 [http-nio-8080-exec-15] DEBUG c.c.p.s.jwt.JwtAuthenticationFilter - >>> [JwtFilter] Found token in header for path: /api/v1/menu/left
2026-03-16 17:09:20 [http-nio-8080-exec-3] DEBUG o.s.orm.jpa.JpaTransactionManager - Creating new transaction with name [com.company.project.security.iam.CustomUserDetailsService.loadUserByUsername]: PROPAGATION_REQUIRED,ISOLATION_DEFAULT,readOnly
2026-03-16 17:09:20 [http-nio-8080-exec-15] DEBUG o.s.orm.jpa.JpaTransactionManager - Creating new transaction with name [com.company.project.security.iam.CustomUserDetailsService.loadUserByUsername]: PROPAGATION_REQUIRED,ISOLATION_DEFAULT,readOnly
2026-03-16 17:09:20 [http-nio-8080-exec-3] DEBUG o.s.orm.jpa.JpaTransactionManager - Opened new EntityManager [SessionImpl(1540963331<open>)] for JPA transaction
2026-03-16 17:09:20 [http-nio-8080-exec-15] DEBUG o.s.orm.jpa.JpaTransactionManager - Opened new EntityManager [SessionImpl(1292047113<open>)] for JPA transaction
2026-03-16 17:09:21 [http-nio-8080-exec-8] DEBUG c.c.p.s.jwt.JwtAuthenticationFilter - >>> [JwtFilter] Processing request: GET /api/v1/auth/me
2026-03-16 17:09:21 [http-nio-8080-exec-8] DEBUG c.c.p.s.jwt.JwtAuthenticationFilter - >>> [JwtFilter] Found token in header for path: /api/v1/auth/me
2026-03-16 17:09:21 [http-nio-8080-exec-8] DEBUG o.s.orm.jpa.JpaTransactionManager - Creating new transaction with name [com.company.project.security.iam.CustomUserDetailsService.loadUserByUsername]: PROPAGATION_REQUIRED,ISOLATION_DEFAULT,readOnly
2026-03-16 17:09:21 [http-nio-8080-exec-8] DEBUG o.s.orm.jpa.JpaTransactionManager - Opened new EntityManager [SessionImpl(1254152717<open>)] for JPA transaction
2026-03-16 17:09:21 [http-nio-8080-exec-15] DEBUG o.s.orm.jpa.JpaTransactionManager - Exposing JPA transaction as JDBC [org.springframework.orm.jpa.vendor.HibernateJpaDialect$HibernateConnectionHandle@6463886a]
2026-03-16 17:09:21 [http-nio-8080-exec-15] DEBUG o.s.orm.jpa.JpaTransactionManager - Found thread-bound EntityManager [SessionImpl(1292047113<open>)] for JPA transaction
2026-03-16 17:09:21 [http-nio-8080-exec-15] DEBUG o.s.orm.jpa.JpaTransactionManager - Participating in existing transaction
2026-03-16 17:09:21 [http-nio-8080-exec-15] DEBUG org.hibernate.SQL - select u1_0.emplyr_id,u1_0.area_no,u1_0.brthdy,u1_0.chg_pwd_cnt,u1_0.frst_register_id,u1_0.frst_regist_pnttm,u1_0.detail_adres,u1_0.email_adres,u1_0.emplyr_sttus_code,u1_0.empl_no,u1_0.esntl_id,u1_0.fxnum,u1_0.group_id,u1_0.house_adres,u1_0.house_end_telno,u1_0.house_middle_telno,u1_0.ihidnum,u1_0.pstinst_code,u1_0.last_updusr_id,u1_0.last_updt_pnttm,u1_0.lock_at,u1_0.lock_cnt,u1_0.lock_last_pnttm,u1_0.mbtlnum,u1_0.ofcps_nm,u1_0.offm_telno,u1_0.orgnzt_id,u1_0.password,u1_0.password_cnsr,u1_0.password_hint,u1_0.chg_pwd_last_pnttm,u1_0.role,u1_0.sbscrb_de,u1_0.sexdstn_code,u1_0.crtfc_dn_value,u1_0.user_nm,u1_0.zip from nemplyrinfo u1_0 where u1_0.emplyr_id=?
2026-03-16 17:09:21 [http-nio-8080-exec-3] DEBUG o.s.orm.jpa.JpaTransactionManager - Exposing JPA transaction as JDBC [org.springframework.orm.jpa.vendor.HibernateJpaDialect$HibernateConnectionHandle@27045b1f]
2026-03-16 17:09:21 [http-nio-8080-exec-8] DEBUG o.s.orm.jpa.JpaTransactionManager - Exposing JPA transaction as JDBC [org.springframework.orm.jpa.vendor.HibernateJpaDialect$HibernateConnectionHandle@6a8c7894]
2026-03-16 17:09:21 [http-nio-8080-exec-3] DEBUG o.s.orm.jpa.JpaTransactionManager - Found thread-bound EntityManager [SessionImpl(1540963331<open>)] for JPA transaction
2026-03-16 17:09:21 [http-nio-8080-exec-8] DEBUG o.s.orm.jpa.JpaTransactionManager - Found thread-bound EntityManager [SessionImpl(1254152717<open>)] for JPA transaction
2026-03-16 17:09:21 [http-nio-8080-exec-3] DEBUG o.s.orm.jpa.JpaTransactionManager - Participating in existing transaction
2026-03-16 17:09:21 [http-nio-8080-exec-8] DEBUG o.s.orm.jpa.JpaTransactionManager - Participating in existing transaction
2026-03-16 17:09:21 [http-nio-8080-exec-3] DEBUG org.hibernate.SQL - select u1_0.emplyr_id,u1_0.area_no,u1_0.brthdy,u1_0.chg_pwd_cnt,u1_0.frst_register_id,u1_0.frst_regist_pnttm,u1_0.detail_adres,u1_0.email_adres,u1_0.emplyr_sttus_code,u1_0.empl_no,u1_0.esntl_id,u1_0.fxnum,u1_0.group_id,u1_0.house_adres,u1_0.house_end_telno,u1_0.house_middle_telno,u1_0.ihidnum,u1_0.pstinst_code,u1_0.last_updusr_id,u1_0.last_updt_pnttm,u1_0.lock_at,u1_0.lock_cnt,u1_0.lock_last_pnttm,u1_0.mbtlnum,u1_0.ofcps_nm,u1_0.offm_telno,u1_0.orgnzt_id,u1_0.password,u1_0.password_cnsr,u1_0.password_hint,u1_0.chg_pwd_last_pnttm,u1_0.role,u1_0.sbscrb_de,u1_0.sexdstn_code,u1_0.crtfc_dn_value,u1_0.user_nm,u1_0.zip from nemplyrinfo u1_0 where u1_0.emplyr_id=?
2026-03-16 17:09:21 [http-nio-8080-exec-8] DEBUG org.hibernate.SQL - select u1_0.emplyr_id,u1_0.area_no,u1_0.brthdy,u1_0.chg_pwd_cnt,u1_0.frst_register_id,u1_0.frst_regist_pnttm,u1_0.detail_adres,u1_0.email_adres,u1_0.emplyr_sttus_code,u1_0.empl_no,u1_0.esntl_id,u1_0.fxnum,u1_0.group_id,u1_0.house_adres,u1_0.house_end_telno,u1_0.house_middle_telno,u1_0.ihidnum,u1_0.pstinst_code,u1_0.last_updusr_id,u1_0.last_updt_pnttm,u1_0.lock_at,u1_0.lock_cnt,u1_0.lock_last_pnttm,u1_0.mbtlnum,u1_0.ofcps_nm,u1_0.offm_telno,u1_0.orgnzt_id,u1_0.password,u1_0.password_cnsr,u1_0.password_hint,u1_0.chg_pwd_last_pnttm,u1_0.role,u1_0.sbscrb_de,u1_0.sexdstn_code,u1_0.crtfc_dn_value,u1_0.user_nm,u1_0.zip from nemplyrinfo u1_0 where u1_0.emplyr_id=?
2026-03-16 17:09:21 [http-nio-8080-exec-8] DEBUG o.s.orm.jpa.JpaTransactionManager - Found thread-bound EntityManager [SessionImpl(1254152717<open>)] for JPA transaction
2026-03-16 17:09:21 [http-nio-8080-exec-15] DEBUG o.s.orm.jpa.JpaTransactionManager - Found thread-bound EntityManager [SessionImpl(1292047113<open>)] for JPA transaction
2026-03-16 17:09:21 [http-nio-8080-exec-8] DEBUG o.s.orm.jpa.JpaTransactionManager - Participating in existing transaction
2026-03-16 17:09:21 [http-nio-8080-exec-15] DEBUG o.s.orm.jpa.JpaTransactionManager - Participating in existing transaction
2026-03-16 17:09:21 [http-nio-8080-exec-8] DEBUG org.hibernate.SQL - select ua1_0.scrty_dtrmn_trget_id,ua1_0.author_code,ua1_0.frst_register_id,ua1_0.frst_regist_pnttm,ua1_0.last_updusr_id,ua1_0.last_updt_pnttm,ua1_0.mber_ty_code from nemplyrscrtyestbs ua1_0 where ua1_0.scrty_dtrmn_trget_id=?
2026-03-16 17:09:21 [http-nio-8080-exec-15] DEBUG org.hibernate.SQL - select ua1_0.scrty_dtrmn_trget_id,ua1_0.author_code,ua1_0.frst_register_id,ua1_0.frst_regist_pnttm,ua1_0.last_updusr_id,ua1_0.last_updt_pnttm,ua1_0.mber_ty_code from nemplyrscrtyestbs ua1_0 where ua1_0.scrty_dtrmn_trget_id=?
2026-03-16 17:09:21 [http-nio-8080-exec-3] DEBUG o.s.orm.jpa.JpaTransactionManager - Found thread-bound EntityManager [SessionImpl(1540963331<open>)] for JPA transaction
2026-03-16 17:09:21 [http-nio-8080-exec-3] DEBUG o.s.orm.jpa.JpaTransactionManager - Participating in existing transaction
2026-03-16 17:09:21 [http-nio-8080-exec-3] DEBUG org.hibernate.SQL - select ua1_0.scrty_dtrmn_trget_id,ua1_0.author_code,ua1_0.frst_register_id,ua1_0.frst_regist_pnttm,ua1_0.last_updusr_id,ua1_0.last_updt_pnttm,ua1_0.mber_ty_code from nemplyrscrtyestbs ua1_0 where ua1_0.scrty_dtrmn_trget_id=?
2026-03-16 17:09:21 [http-nio-8080-exec-8] DEBUG o.s.orm.jpa.JpaTransactionManager - Initiating transaction commit
2026-03-16 17:09:21 [http-nio-8080-exec-15] DEBUG o.s.orm.jpa.JpaTransactionManager - Initiating transaction commit
2026-03-16 17:09:21 [http-nio-8080-exec-8] DEBUG o.s.orm.jpa.JpaTransactionManager - Committing JPA transaction on EntityManager [SessionImpl(1254152717<open>)]
2026-03-16 17:09:21 [http-nio-8080-exec-15] DEBUG o.s.orm.jpa.JpaTransactionManager - Committing JPA transaction on EntityManager [SessionImpl(1292047113<open>)]
2026-03-16 17:09:21 [http-nio-8080-exec-3] DEBUG o.s.orm.jpa.JpaTransactionManager - Initiating transaction commit
2026-03-16 17:09:21 [http-nio-8080-exec-3] DEBUG o.s.orm.jpa.JpaTransactionManager - Committing JPA transaction on EntityManager [SessionImpl(1540963331<open>)]
2026-03-16 17:09:21 [http-nio-8080-exec-8] DEBUG o.s.orm.jpa.JpaTransactionManager - Closing JPA EntityManager [SessionImpl(1254152717<open>)] after transaction
2026-03-16 17:09:21 [http-nio-8080-exec-15] DEBUG o.s.orm.jpa.JpaTransactionManager - Closing JPA EntityManager [SessionImpl(1292047113<open>)] after transaction
2026-03-16 17:09:21 [http-nio-8080-exec-8] DEBUG c.c.p.s.jwt.JwtAuthenticationFilter - >>> [JwtFilter] Successfully authenticated user: USRCNFRM_99999999999, Authorities: [ROLE_ADMIN]
2026-03-16 17:09:21 [http-nio-8080-exec-15] DEBUG c.c.p.s.jwt.JwtAuthenticationFilter - >>> [JwtFilter] Successfully authenticated user: USRCNFRM_99999999999, Authorities: [ROLE_ADMIN]
2026-03-16 17:09:21 [http-nio-8080-exec-8] DEBUG o.s.web.servlet.DispatcherServlet - GET "/api/v1/auth/me", parameters={}
2026-03-16 17:09:21 [http-nio-8080-exec-15] DEBUG o.s.web.servlet.DispatcherServlet - GET "/api/v1/menu/left?menuNo=10", parameters={masked}
2026-03-16 17:09:21 [http-nio-8080-exec-15] TRACE o.s.w.s.m.m.a.RequestMappingHandlerMapping - Mapped to com.company.project.api.controller.menu.MenuController#getLeftMenu(Long)
2026-03-16 17:09:21 [http-nio-8080-exec-8] TRACE o.s.w.s.m.m.a.RequestMappingHandlerMapping - Mapped to com.company.project.api.auth.AuthController#getCurrentUser()
2026-03-16 17:09:21 [http-nio-8080-exec-15] INFO  c.c.p.a.c.menu.MenuController - getLeftMenu called with menuNo=10
2026-03-16 17:09:21 [http-nio-8080-exec-15] DEBUG o.s.orm.jpa.JpaTransactionManager - Creating new transaction with name [com.company.project.service.menu.MenuService.getSubMenus]: PROPAGATION_REQUIRED,ISOLATION_DEFAULT,readOnly
2026-03-16 17:09:21 [http-nio-8080-exec-8] DEBUG o.s.w.s.m.m.a.RequestResponseBodyMethodProcessor - Using 'application/json', given [application/json, text/plain, */*] and supported [application/json, application/*+json, application/yaml]
2026-03-16 17:09:21 [http-nio-8080-exec-15] DEBUG o.s.orm.jpa.JpaTransactionManager - Opened new EntityManager [SessionImpl(29291593<open>)] for JPA transaction
2026-03-16 17:09:21 [http-nio-8080-exec-8] TRACE o.s.w.s.m.m.a.RequestResponseBodyMethodProcessor - Writing [ApiResponse[success=true, status=200, code=COMMON_001, message=Success, data={role=ROLE_ADMIN, userSe=EMP, name=관리자, id=webmaster}, timestamp=2026-03-16T17:09:21.621344400]]
2026-03-16 17:09:21 [http-nio-8080-exec-15] DEBUG o.s.orm.jpa.JpaTransactionManager - Exposing JPA transaction as JDBC [org.springframework.orm.jpa.vendor.HibernateJpaDialect$HibernateConnectionHandle@3a58ef62]
2026-03-16 17:09:21 [http-nio-8080-exec-8] INFO  c.c.p.a.i.OperationalAuditInterceptor - API Audit Log: URL=/api/v1/auth/me, User=webmaster, IP=127.0.0.1
2026-03-16 17:09:21 [http-nio-8080-exec-8] DEBUG o.s.web.servlet.DispatcherServlet - Completed 200 OK
2026-03-16 17:09:21 [http-nio-8080-exec-15] DEBUG org.hibernate.SQL - select m1_0.menu_no,m1_0.menu_dc,m1_0.menu_nm,m1_0.menu_ordr,m1_0.modern_route,m1_0.progrm_file_nm,m1_0.relate_image_nm,m1_0.relate_image_path,m1_0.route_updated_at,m1_0.upper_menu_no from nmenuinfo m1_0 order by m1_0.upper_menu_no,m1_0.menu_ordr
2026-03-16 17:09:21 [http-nio-8080-exec-3] DEBUG o.s.orm.jpa.JpaTransactionManager - Closing JPA EntityManager [SessionImpl(1540963331<open>)] after transaction
2026-03-16 17:09:21 [http-nio-8080-exec-3] DEBUG c.c.p.s.jwt.JwtAuthenticationFilter - >>> [JwtFilter] Successfully authenticated user: USRCNFRM_99999999999, Authorities: [ROLE_ADMIN]
2026-03-16 17:09:21 [http-nio-8080-exec-3] DEBUG o.s.web.servlet.DispatcherServlet - GET "/api/v1/menu/head", parameters={}
2026-03-16 17:09:21 [http-nio-8080-exec-3] TRACE o.s.w.s.m.m.a.RequestMappingHandlerMapping - Mapped to com.company.project.api.controller.menu.MenuController#getHeadMenu()
2026-03-16 17:09:21 [http-nio-8080-exec-3] INFO  c.c.p.a.c.menu.MenuController - getHeadMenu called
2026-03-16 17:09:21 [http-nio-8080-exec-3] INFO  c.c.p.a.c.menu.MenuController - getHeadMenu returned 5 items
2026-03-16 17:09:21 [http-nio-8080-exec-3] DEBUG o.s.w.s.m.m.a.HttpEntityMethodProcessor - Using 'application/json', given [application/json, text/plain, */*] and supported [application/json, application/*+json, application/yaml]
2026-03-16 17:09:21 [http-nio-8080-exec-3] TRACE o.s.w.s.m.m.a.HttpEntityMethodProcessor - Writing [ApiResponse[success=true, status=200, code=COMMON_001, message=Success, data={list=[com.company.project.service.menu.dto.MenuDto@2b80d6b0, com.company.project.service.menu.dto.MenuDto@1418cfa3, com.company.project.service.menu.dto.MenuDto@f230bf1, com.company.project.service.menu.dto.MenuDto@734a7f6a, com.company.project.service.menu.dto.MenuDto@5e5202e5]}, timestamp=2026-03-16T17:09:21.643938]]
2026-03-16 17:09:21 [http-nio-8080-exec-3] INFO  c.c.p.a.i.OperationalAuditInterceptor - API Audit Log: URL=/api/v1/menu/head, User=webmaster, IP=127.0.0.1
2026-03-16 17:09:21 [http-nio-8080-exec-3] DEBUG o.s.web.servlet.DispatcherServlet - Completed 200 OK
2026-03-16 17:09:21 [http-nio-8080-exec-12] DEBUG c.c.p.s.jwt.JwtAuthenticationFilter - >>> [JwtFilter] Processing request: GET /api/v1/notifications
2026-03-16 17:09:21 [http-nio-8080-exec-13] DEBUG c.c.p.s.jwt.JwtAuthenticationFilter - >>> [JwtFilter] Processing request: GET /api/v1/notifications/unread-count
2026-03-16 17:09:21 [http-nio-8080-exec-12] DEBUG c.c.p.s.jwt.JwtAuthenticationFilter - >>> [JwtFilter] Found token in header for path: /api/v1/notifications
2026-03-16 17:09:21 [http-nio-8080-exec-13] DEBUG c.c.p.s.jwt.JwtAuthenticationFilter - >>> [JwtFilter] Found token in header for path: /api/v1/notifications/unread-count
2026-03-16 17:09:21 [http-nio-8080-exec-12] DEBUG o.s.orm.jpa.JpaTransactionManager - Creating new transaction with name [com.company.project.security.iam.CustomUserDetailsService.loadUserByUsername]: PROPAGATION_REQUIRED,ISOLATION_DEFAULT,readOnly
2026-03-16 17:09:21 [http-nio-8080-exec-13] DEBUG o.s.orm.jpa.JpaTransactionManager - Creating new transaction with name [com.company.project.security.iam.CustomUserDetailsService.loadUserByUsername]: PROPAGATION_REQUIRED,ISOLATION_DEFAULT,readOnly
2026-03-16 17:09:21 [http-nio-8080-exec-12] DEBUG o.s.orm.jpa.JpaTransactionManager - Opened new EntityManager [SessionImpl(959441277<open>)] for JPA transaction
2026-03-16 17:09:21 [http-nio-8080-exec-13] DEBUG o.s.orm.jpa.JpaTransactionManager - Opened new EntityManager [SessionImpl(1548176172<open>)] for JPA transaction
2026-03-16 17:09:21 [http-nio-8080-exec-10] DEBUG o.s.web.servlet.DispatcherServlet - GET "/ws/info?t=1773648561690", parameters={masked}
2026-03-16 17:09:21 [http-nio-8080-exec-10] DEBUG o.s.w.s.s.s.WebSocketHandlerMapping - Mapped to org.springframework.web.socket.sockjs.support.SockJsHttpRequestHandler@3d80b7ba
2026-03-16 17:09:21 [http-nio-8080-exec-10] DEBUG o.s.w.s.s.t.h.DefaultSockJsService - Processing transport request: GET http://localhost:8080/ws/info?t=1773648561690
2026-03-16 17:09:21 [http-nio-8080-exec-10] DEBUG o.s.web.servlet.DispatcherServlet - Completed 200 OK
2026-03-16 17:09:21 [http-nio-8080-exec-19] DEBUG o.s.web.servlet.DispatcherServlet - GET "/ws/383/ecehphkw/websocket", parameters={}
2026-03-16 17:09:21 [http-nio-8080-exec-19] DEBUG o.s.w.s.s.s.WebSocketHandlerMapping - Mapped to org.springframework.web.socket.sockjs.support.SockJsHttpRequestHandler@3d80b7ba
2026-03-16 17:09:21 [http-nio-8080-exec-19] DEBUG o.s.w.s.s.t.h.DefaultSockJsService - Processing transport request: GET http://localhost:8080/ws/383/ecehphkw/websocket
2026-03-16 17:09:21 [http-nio-8080-exec-19] DEBUG o.s.web.servlet.DispatcherServlet - Completed 101 SWITCHING_PROTOCOLS
2026-03-16 17:09:21 [http-nio-8080-exec-19] DEBUG o.s.w.s.h.LoggingWebSocketHandlerDecorator - New WebSocketServerSockJsSession[id=ecehphkw]
2026-03-16 17:09:21 [scheduling-1] DEBUG org.springframework.web.SimpLogging - Processing CONNECT session=ecehphkw
2026-03-16 17:09:21 [scheduling-1] DEBUG org.springframework.web.SimpLogging - Processing SUBSCRIBE /topic/notices id=sub-0 session=ecehphkw
2026-03-16 17:09:21 [scheduling-1] DEBUG org.springframework.web.SimpLogging - Processing SUBSCRIBE destination=/queue/notifications-userecehphkw subscriptionId=sub-1 session=ecehphkw payload=byte[0]
2026-03-16 17:09:21 [scheduling-1] DEBUG org.springframework.web.SimpLogging - Processing SUBSCRIBE /topic/public id=sub-2 session=ecehphkw
2026-03-16 17:09:21 [http-nio-8080-exec-12] DEBUG o.s.orm.jpa.JpaTransactionManager - Exposing JPA transaction as JDBC [org.springframework.orm.jpa.vendor.HibernateJpaDialect$HibernateConnectionHandle@11551382]
2026-03-16 17:09:21 [http-nio-8080-exec-12] DEBUG o.s.orm.jpa.JpaTransactionManager - Found thread-bound EntityManager [SessionImpl(959441277<open>)] for JPA transaction
2026-03-16 17:09:21 [http-nio-8080-exec-12] DEBUG o.s.orm.jpa.JpaTransactionManager - Participating in existing transaction
2026-03-16 17:09:21 [http-nio-8080-exec-12] DEBUG org.hibernate.SQL - select u1_0.emplyr_id,u1_0.area_no,u1_0.brthdy,u1_0.chg_pwd_cnt,u1_0.frst_register_id,u1_0.frst_regist_pnttm,u1_0.detail_adres,u1_0.email_adres,u1_0.emplyr_sttus_code,u1_0.empl_no,u1_0.esntl_id,u1_0.fxnum,u1_0.group_id,u1_0.house_adres,u1_0.house_end_telno,u1_0.house_middle_telno,u1_0.ihidnum,u1_0.pstinst_code,u1_0.last_updusr_id,u1_0.last_updt_pnttm,u1_0.lock_at,u1_0.lock_cnt,u1_0.lock_last_pnttm,u1_0.mbtlnum,u1_0.ofcps_nm,u1_0.offm_telno,u1_0.orgnzt_id,u1_0.password,u1_0.password_cnsr,u1_0.password_hint,u1_0.chg_pwd_last_pnttm,u1_0.role,u1_0.sbscrb_de,u1_0.sexdstn_code,u1_0.crtfc_dn_value,u1_0.user_nm,u1_0.zip from nemplyrinfo u1_0 where u1_0.emplyr_id=?
2026-03-16 17:09:21 [http-nio-8080-exec-13] DEBUG o.s.orm.jpa.JpaTransactionManager - Exposing JPA transaction as JDBC [org.springframework.orm.jpa.vendor.HibernateJpaDialect$HibernateConnectionHandle@415640e5]
2026-03-16 17:09:21 [http-nio-8080-exec-13] DEBUG o.s.orm.jpa.JpaTransactionManager - Found thread-bound EntityManager [SessionImpl(1548176172<open>)] for JPA transaction
2026-03-16 17:09:21 [http-nio-8080-exec-13] DEBUG o.s.orm.jpa.JpaTransactionManager - Participating in existing transaction
2026-03-16 17:09:21 [http-nio-8080-exec-13] DEBUG org.hibernate.SQL - select u1_0.emplyr_id,u1_0.area_no,u1_0.brthdy,u1_0.chg_pwd_cnt,u1_0.frst_register_id,u1_0.frst_regist_pnttm,u1_0.detail_adres,u1_0.email_adres,u1_0.emplyr_sttus_code,u1_0.empl_no,u1_0.esntl_id,u1_0.fxnum,u1_0.group_id,u1_0.house_adres,u1_0.house_end_telno,u1_0.house_middle_telno,u1_0.ihidnum,u1_0.pstinst_code,u1_0.last_updusr_id,u1_0.last_updt_pnttm,u1_0.lock_at,u1_0.lock_cnt,u1_0.lock_last_pnttm,u1_0.mbtlnum,u1_0.ofcps_nm,u1_0.offm_telno,u1_0.orgnzt_id,u1_0.password,u1_0.password_cnsr,u1_0.password_hint,u1_0.chg_pwd_last_pnttm,u1_0.role,u1_0.sbscrb_de,u1_0.sexdstn_code,u1_0.crtfc_dn_value,u1_0.user_nm,u1_0.zip from nemplyrinfo u1_0 where u1_0.emplyr_id=?
2026-03-16 17:09:21 [http-nio-8080-exec-15] DEBUG o.s.orm.jpa.JpaTransactionManager - Found thread-bound EntityManager [SessionImpl(29291593<open>)] for JPA transaction
2026-03-16 17:09:21 [http-nio-8080-exec-15] DEBUG o.s.orm.jpa.JpaTransactionManager - Participating in existing transaction
2026-03-16 17:09:21 [http-nio-8080-exec-15] DEBUG org.hibernate.SQL - select p1_0.progrm_file_nm,p1_0.progrm_dc,p1_0.progrm_korean_nm,p1_0.progrm_stre_path,p1_0.url from nprogrmlist p1_0
2026-03-16 17:09:21 [http-nio-8080-exec-13] DEBUG o.s.orm.jpa.JpaTransactionManager - Found thread-bound EntityManager [SessionImpl(1548176172<open>)] for JPA transaction
2026-03-16 17:09:21 [http-nio-8080-exec-12] DEBUG o.s.orm.jpa.JpaTransactionManager - Found thread-bound EntityManager [SessionImpl(959441277<open>)] for JPA transaction
2026-03-16 17:09:21 [http-nio-8080-exec-13] DEBUG o.s.orm.jpa.JpaTransactionManager - Participating in existing transaction
2026-03-16 17:09:21 [http-nio-8080-exec-12] DEBUG o.s.orm.jpa.JpaTransactionManager - Participating in existing transaction
2026-03-16 17:09:21 [http-nio-8080-exec-13] DEBUG org.hibernate.SQL - select ua1_0.scrty_dtrmn_trget_id,ua1_0.author_code,ua1_0.frst_register_id,ua1_0.frst_regist_pnttm,ua1_0.last_updusr_id,ua1_0.last_updt_pnttm,ua1_0.mber_ty_code from nemplyrscrtyestbs ua1_0 where ua1_0.scrty_dtrmn_trget_id=?
2026-03-16 17:09:21 [http-nio-8080-exec-12] DEBUG org.hibernate.SQL - select ua1_0.scrty_dtrmn_trget_id,ua1_0.author_code,ua1_0.frst_register_id,ua1_0.frst_regist_pnttm,ua1_0.last_updusr_id,ua1_0.last_updt_pnttm,ua1_0.mber_ty_code from nemplyrscrtyestbs ua1_0 where ua1_0.scrty_dtrmn_trget_id=?
2026-03-16 17:09:22 [http-nio-8080-exec-15] DEBUG o.s.orm.jpa.JpaTransactionManager - Initiating transaction commit
2026-03-16 17:09:22 [http-nio-8080-exec-15] DEBUG o.s.orm.jpa.JpaTransactionManager - Committing JPA transaction on EntityManager [SessionImpl(29291593<open>)]
2026-03-16 17:09:22 [http-nio-8080-exec-12] DEBUG o.s.orm.jpa.JpaTransactionManager - Initiating transaction commit
2026-03-16 17:09:22 [http-nio-8080-exec-12] DEBUG o.s.orm.jpa.JpaTransactionManager - Committing JPA transaction on EntityManager [SessionImpl(959441277<open>)]
2026-03-16 17:09:22 [http-nio-8080-exec-13] DEBUG o.s.orm.jpa.JpaTransactionManager - Initiating transaction commit
2026-03-16 17:09:22 [http-nio-8080-exec-13] DEBUG o.s.orm.jpa.JpaTransactionManager - Committing JPA transaction on EntityManager [SessionImpl(1548176172<open>)]
2026-03-16 17:09:22 [http-nio-8080-exec-15] DEBUG o.s.orm.jpa.JpaTransactionManager - Closing JPA EntityManager [SessionImpl(29291593<open>)] after transaction
2026-03-16 17:09:22 [http-nio-8080-exec-15] INFO  c.c.p.a.c.menu.MenuController - getLeftMenu returned 5 items
2026-03-16 17:09:22 [http-nio-8080-exec-15] DEBUG o.s.w.s.m.m.a.HttpEntityMethodProcessor - Using 'application/json', given [application/json, text/plain, */*] and supported [application/json, application/*+json, application/yaml]
2026-03-16 17:09:22 [http-nio-8080-exec-15] TRACE o.s.w.s.m.m.a.HttpEntityMethodProcessor - Writing [ApiResponse[success=true, status=200, code=COMMON_001, message=Success, data={list=[com.company.project.service.menu.dto.MenuDto@78aff610, com.company.project.service.menu.dto.MenuDto@1b3b1985, com.company.project.service.menu.dto.MenuDto@109b8a90, com.company.project.service.menu.dto.MenuDto@5912987, com.company.project.service.menu.dto.MenuDto@2894053]}, timestamp=2026-03-16T17:09:22.243672500]]
2026-03-16 17:09:22 [http-nio-8080-exec-15] INFO  c.c.p.a.i.OperationalAuditInterceptor - API Audit Log: URL=/api/v1/menu/left, User=webmaster, IP=127.0.0.1
2026-03-16 17:09:22 [http-nio-8080-exec-15] DEBUG o.s.web.servlet.DispatcherServlet - Completed 200 OK
2026-03-16 17:09:22 [http-nio-8080-exec-8] DEBUG c.c.p.s.jwt.JwtAuthenticationFilter - >>> [JwtFilter] Processing request: GET /api/v1/menu/left
2026-03-16 17:09:22 [http-nio-8080-exec-8] DEBUG c.c.p.s.jwt.JwtAuthenticationFilter - >>> [JwtFilter] Found token in header for path: /api/v1/menu/left
2026-03-16 17:09:22 [http-nio-8080-exec-8] DEBUG o.s.orm.jpa.JpaTransactionManager - Creating new transaction with name [com.company.project.security.iam.CustomUserDetailsService.loadUserByUsername]: PROPAGATION_REQUIRED,ISOLATION_DEFAULT,readOnly
2026-03-16 17:09:22 [http-nio-8080-exec-8] DEBUG o.s.orm.jpa.JpaTransactionManager - Opened new EntityManager [SessionImpl(1826485479<open>)] for JPA transaction
2026-03-16 17:09:22 [http-nio-8080-exec-12] DEBUG o.s.orm.jpa.JpaTransactionManager - Closing JPA EntityManager [SessionImpl(959441277<open>)] after transaction
2026-03-16 17:09:22 [http-nio-8080-exec-12] DEBUG c.c.p.s.jwt.JwtAuthenticationFilter - >>> [JwtFilter] Successfully authenticated user: USRCNFRM_99999999999, Authorities: [ROLE_ADMIN]
2026-03-16 17:09:22 [http-nio-8080-exec-12] DEBUG o.s.web.servlet.DispatcherServlet - GET "/api/v1/notifications", parameters={}
2026-03-16 17:09:22 [http-nio-8080-exec-13] DEBUG o.s.orm.jpa.JpaTransactionManager - Closing JPA EntityManager [SessionImpl(1548176172<open>)] after transaction
2026-03-16 17:09:22 [http-nio-8080-exec-12] TRACE o.s.w.s.m.m.a.RequestMappingHandlerMapping - Mapped to com.company.project.api.controller.notification.NotificationController#getMyNotifications(UserDetails)
2026-03-16 17:09:22 [http-nio-8080-exec-13] DEBUG c.c.p.s.jwt.JwtAuthenticationFilter - >>> [JwtFilter] Successfully authenticated user: USRCNFRM_99999999999, Authorities: [ROLE_ADMIN]
2026-03-16 17:09:22 [http-nio-8080-exec-12] DEBUG o.s.orm.jpa.JpaTransactionManager - Creating new transaction with name [com.company.project.service.notification.NotificationService.getActiveNotifications]: PROPAGATION_REQUIRED,ISOLATION_DEFAULT,readOnly
2026-03-16 17:09:22 [http-nio-8080-exec-13] DEBUG o.s.web.servlet.DispatcherServlet - GET "/api/v1/notifications/unread-count", parameters={}
2026-03-16 17:09:22 [http-nio-8080-exec-12] DEBUG o.s.orm.jpa.JpaTransactionManager - Opened new EntityManager [SessionImpl(55771461<open>)] for JPA transaction
2026-03-16 17:09:22 [http-nio-8080-exec-12] DEBUG o.s.orm.jpa.JpaTransactionManager - Exposing JPA transaction as JDBC [org.springframework.orm.jpa.vendor.HibernateJpaDialect$HibernateConnectionHandle@48b8f4b5]
2026-03-16 17:09:22 [http-nio-8080-exec-12] DEBUG o.s.orm.jpa.JpaTransactionManager - Found thread-bound EntityManager [SessionImpl(55771461<open>)] for JPA transaction
2026-03-16 17:09:22 [http-nio-8080-exec-12] DEBUG o.s.orm.jpa.JpaTransactionManager - Participating in existing transaction
2026-03-16 17:09:22 [http-nio-8080-exec-13] TRACE o.s.w.s.m.m.a.RequestMappingHandlerMapping - Mapped to com.company.project.api.controller.notification.NotificationController#getUnreadCount(UserDetails)
2026-03-16 17:09:22 [http-nio-8080-exec-13] DEBUG o.s.orm.jpa.JpaTransactionManager - Creating new transaction with name [com.company.project.service.notification.NotificationService.getUnreadCount]: PROPAGATION_REQUIRED,ISOLATION_DEFAULT,readOnly
2026-03-16 17:09:22 [http-nio-8080-exec-13] DEBUG o.s.orm.jpa.JpaTransactionManager - Opened new EntityManager [SessionImpl(1571325087<open>)] for JPA transaction
2026-03-16 17:09:22 [http-nio-8080-exec-13] DEBUG o.s.orm.jpa.JpaTransactionManager - Exposing JPA transaction as JDBC [org.springframework.orm.jpa.vendor.HibernateJpaDialect$HibernateConnectionHandle@5813d58e]
2026-03-16 17:09:22 [http-nio-8080-exec-12] DEBUG org.hibernate.SQL - select n1_0.ntcn_no,n1_0.frst_register_id,n1_0.frst_regist_pnttm,n1_0.is_read,n1_0.last_updusr_id,n1_0.last_updt_pnttm,n1_0.link_url,n1_0.ntcn_cn,n1_0.ntcn_sj,n1_0.receiver_id from n_user_notification n1_0
2026-03-16 17:09:22 [http-nio-8080-exec-13] DEBUG org.hibernate.SQL - select count(n1_0.ntcn_no) from n_user_notification n1_0 where n1_0.receiver_id=? and n1_0.is_read=?
2026-03-16 17:09:22 [http-nio-8080-exec-8] DEBUG o.s.orm.jpa.JpaTransactionManager - Exposing JPA transaction as JDBC [org.springframework.orm.jpa.vendor.HibernateJpaDialect$HibernateConnectionHandle@3d28bcea]
2026-03-16 17:09:22 [http-nio-8080-exec-8] DEBUG o.s.orm.jpa.JpaTransactionManager - Found thread-bound EntityManager [SessionImpl(1826485479<open>)] for JPA transaction
2026-03-16 17:09:22 [http-nio-8080-exec-8] DEBUG o.s.orm.jpa.JpaTransactionManager - Participating in existing transaction
2026-03-16 17:09:22 [http-nio-8080-exec-8] DEBUG org.hibernate.SQL - select u1_0.emplyr_id,u1_0.area_no,u1_0.brthdy,u1_0.chg_pwd_cnt,u1_0.frst_register_id,u1_0.frst_regist_pnttm,u1_0.detail_adres,u1_0.email_adres,u1_0.emplyr_sttus_code,u1_0.empl_no,u1_0.esntl_id,u1_0.fxnum,u1_0.group_id,u1_0.house_adres,u1_0.house_end_telno,u1_0.house_middle_telno,u1_0.ihidnum,u1_0.pstinst_code,u1_0.last_updusr_id,u1_0.last_updt_pnttm,u1_0.lock_at,u1_0.lock_cnt,u1_0.lock_last_pnttm,u1_0.mbtlnum,u1_0.ofcps_nm,u1_0.offm_telno,u1_0.orgnzt_id,u1_0.password,u1_0.password_cnsr,u1_0.password_hint,u1_0.chg_pwd_last_pnttm,u1_0.role,u1_0.sbscrb_de,u1_0.sexdstn_code,u1_0.crtfc_dn_value,u1_0.user_nm,u1_0.zip from nemplyrinfo u1_0 where u1_0.emplyr_id=?
2026-03-16 17:09:22 [http-nio-8080-exec-13] DEBUG o.s.orm.jpa.JpaTransactionManager - Initiating transaction commit
2026-03-16 17:09:22 [http-nio-8080-exec-12] DEBUG o.s.orm.jpa.JpaTransactionManager - Initiating transaction commit
2026-03-16 17:09:22 [http-nio-8080-exec-13] DEBUG o.s.orm.jpa.JpaTransactionManager - Committing JPA transaction on EntityManager [SessionImpl(1571325087<open>)]
2026-03-16 17:09:22 [http-nio-8080-exec-12] DEBUG o.s.orm.jpa.JpaTransactionManager - Committing JPA transaction on EntityManager [SessionImpl(55771461<open>)]
2026-03-16 17:09:22 [http-nio-8080-exec-8] DEBUG o.s.orm.jpa.JpaTransactionManager - Found thread-bound EntityManager [SessionImpl(1826485479<open>)] for JPA transaction
2026-03-16 17:09:22 [http-nio-8080-exec-8] DEBUG o.s.orm.jpa.JpaTransactionManager - Participating in existing transaction
2026-03-16 17:09:22 [http-nio-8080-exec-8] DEBUG org.hibernate.SQL - select ua1_0.scrty_dtrmn_trget_id,ua1_0.author_code,ua1_0.frst_register_id,ua1_0.frst_regist_pnttm,ua1_0.last_updusr_id,ua1_0.last_updt_pnttm,ua1_0.mber_ty_code from nemplyrscrtyestbs ua1_0 where ua1_0.scrty_dtrmn_trget_id=?
2026-03-16 17:09:22 [http-nio-8080-exec-12] DEBUG o.s.orm.jpa.JpaTransactionManager - Closing JPA EntityManager [SessionImpl(55771461<open>)] after transaction
2026-03-16 17:09:22 [http-nio-8080-exec-13] DEBUG o.s.orm.jpa.JpaTransactionManager - Closing JPA EntityManager [SessionImpl(1571325087<open>)] after transaction
2026-03-16 17:09:22 [http-nio-8080-exec-12] DEBUG o.s.w.s.m.m.a.HttpEntityMethodProcessor - Using 'application/json', given [application/json, text/plain, */*] and supported [application/json, application/*+json, application/yaml]
2026-03-16 17:09:22 [http-nio-8080-exec-13] DEBUG o.s.w.s.m.m.a.HttpEntityMethodProcessor - Using 'application/json', given [application/json, text/plain, */*] and supported [application/json, application/*+json, application/yaml]
2026-03-16 17:09:22 [http-nio-8080-exec-13] TRACE o.s.w.s.m.m.a.HttpEntityMethodProcessor - Writing [ApiResponse[success=true, status=200, code=COMMON_001, message=Success, data=0, timestamp=2026-03-16T17:09:22.613621200]]
2026-03-16 17:09:22 [http-nio-8080-exec-12] TRACE o.s.w.s.m.m.a.HttpEntityMethodProcessor - Writing [ApiResponse[success=true, status=200, code=COMMON_001, message=Success, data=[NotificationDto(ntfcNo=NT001, ntfcSj=테스트 알림입니다, ntfcCn=알림 내용입니다, ntfcDate=null, ntfcTime=2026-02-25T00:59:33.784070, bhNtfcIntrvl=null, uniqId=null, frstRegisterId=null, frstRegisterPnttm=2026-02-25T00:59:33.784070, lastUpdusrId=null, lastUpdusrPnttm=null)], timestamp=2026-03-16T17:09:22.613621200]]
2026-03-16 17:09:22 [http-nio-8080-exec-13] INFO  c.c.p.a.i.OperationalAuditInterceptor - API Audit Log: URL=/api/v1/notifications/unread-count, User=webmaster, IP=127.0.0.1
2026-03-16 17:09:22 [http-nio-8080-exec-12] INFO  c.c.p.a.i.OperationalAuditInterceptor - API Audit Log: URL=/api/v1/notifications, User=webmaster, IP=127.0.0.1
2026-03-16 17:09:22 [http-nio-8080-exec-13] DEBUG o.s.web.servlet.DispatcherServlet - Completed 200 OK
2026-03-16 17:09:22 [http-nio-8080-exec-12] DEBUG o.s.web.servlet.DispatcherServlet - Completed 200 OK
2026-03-16 17:09:22 [http-nio-8080-exec-3] DEBUG c.c.p.s.jwt.JwtAuthenticationFilter - >>> [JwtFilter] Processing request: GET /api/v1/notifications/unread-count
2026-03-16 17:09:22 [http-nio-8080-exec-10] DEBUG c.c.p.s.jwt.JwtAuthenticationFilter - >>> [JwtFilter] Processing request: GET /api/v1/notifications
2026-03-16 17:09:22 [http-nio-8080-exec-3] DEBUG c.c.p.s.jwt.JwtAuthenticationFilter - >>> [JwtFilter] Found token in header for path: /api/v1/notifications/unread-count
2026-03-16 17:09:22 [http-nio-8080-exec-10] DEBUG c.c.p.s.jwt.JwtAuthenticationFilter - >>> [JwtFilter] Found token in header for path: /api/v1/notifications
2026-03-16 17:09:22 [http-nio-8080-exec-3] DEBUG o.s.orm.jpa.JpaTransactionManager - Creating new transaction with name [com.company.project.security.iam.CustomUserDetailsService.loadUserByUsername]: PROPAGATION_REQUIRED,ISOLATION_DEFAULT,readOnly
2026-03-16 17:09:22 [http-nio-8080-exec-10] DEBUG o.s.orm.jpa.JpaTransactionManager - Creating new transaction with name [com.company.project.security.iam.CustomUserDetailsService.loadUserByUsername]: PROPAGATION_REQUIRED,ISOLATION_DEFAULT,readOnly
2026-03-16 17:09:22 [http-nio-8080-exec-3] DEBUG o.s.orm.jpa.JpaTransactionManager - Opened new EntityManager [SessionImpl(1777597073<open>)] for JPA transaction
2026-03-16 17:09:22 [http-nio-8080-exec-10] DEBUG o.s.orm.jpa.JpaTransactionManager - Opened new EntityManager [SessionImpl(642005327<open>)] for JPA transaction
2026-03-16 17:09:22 [http-nio-8080-exec-8] DEBUG o.s.orm.jpa.JpaTransactionManager - Initiating transaction commit
2026-03-16 17:09:22 [http-nio-8080-exec-8] DEBUG o.s.orm.jpa.JpaTransactionManager - Committing JPA transaction on EntityManager [SessionImpl(1826485479<open>)]
2026-03-16 17:09:22 [http-nio-8080-exec-10] DEBUG o.s.orm.jpa.JpaTransactionManager - Exposing JPA transaction as JDBC [org.springframework.orm.jpa.vendor.HibernateJpaDialect$HibernateConnectionHandle@7e3b8bed]
2026-03-16 17:09:22 [http-nio-8080-exec-10] DEBUG o.s.orm.jpa.JpaTransactionManager - Found thread-bound EntityManager [SessionImpl(642005327<open>)] for JPA transaction
2026-03-16 17:09:22 [http-nio-8080-exec-10] DEBUG o.s.orm.jpa.JpaTransactionManager - Participating in existing transaction
2026-03-16 17:09:22 [http-nio-8080-exec-10] DEBUG org.hibernate.SQL - select u1_0.emplyr_id,u1_0.area_no,u1_0.brthdy,u1_0.chg_pwd_cnt,u1_0.frst_register_id,u1_0.frst_regist_pnttm,u1_0.detail_adres,u1_0.email_adres,u1_0.emplyr_sttus_code,u1_0.empl_no,u1_0.esntl_id,u1_0.fxnum,u1_0.group_id,u1_0.house_adres,u1_0.house_end_telno,u1_0.house_middle_telno,u1_0.ihidnum,u1_0.pstinst_code,u1_0.last_updusr_id,u1_0.last_updt_pnttm,u1_0.lock_at,u1_0.lock_cnt,u1_0.lock_last_pnttm,u1_0.mbtlnum,u1_0.ofcps_nm,u1_0.offm_telno,u1_0.orgnzt_id,u1_0.password,u1_0.password_cnsr,u1_0.password_hint,u1_0.chg_pwd_last_pnttm,u1_0.role,u1_0.sbscrb_de,u1_0.sexdstn_code,u1_0.crtfc_dn_value,u1_0.user_nm,u1_0.zip from nemplyrinfo u1_0 where u1_0.emplyr_id=?
2026-03-16 17:09:22 [http-nio-8080-exec-3] DEBUG o.s.orm.jpa.JpaTransactionManager - Exposing JPA transaction as JDBC [org.springframework.orm.jpa.vendor.HibernateJpaDialect$HibernateConnectionHandle@562c1401]
2026-03-16 17:09:22 [http-nio-8080-exec-3] DEBUG o.s.orm.jpa.JpaTransactionManager - Found thread-bound EntityManager [SessionImpl(1777597073<open>)] for JPA transaction
2026-03-16 17:09:22 [http-nio-8080-exec-3] DEBUG o.s.orm.jpa.JpaTransactionManager - Participating in existing transaction
2026-03-16 17:09:22 [http-nio-8080-exec-3] DEBUG org.hibernate.SQL - select u1_0.emplyr_id,u1_0.area_no,u1_0.brthdy,u1_0.chg_pwd_cnt,u1_0.frst_register_id,u1_0.frst_regist_pnttm,u1_0.detail_adres,u1_0.email_adres,u1_0.emplyr_sttus_code,u1_0.empl_no,u1_0.esntl_id,u1_0.fxnum,u1_0.group_id,u1_0.house_adres,u1_0.house_end_telno,u1_0.house_middle_telno,u1_0.ihidnum,u1_0.pstinst_code,u1_0.last_updusr_id,u1_0.last_updt_pnttm,u1_0.lock_at,u1_0.lock_cnt,u1_0.lock_last_pnttm,u1_0.mbtlnum,u1_0.ofcps_nm,u1_0.offm_telno,u1_0.orgnzt_id,u1_0.password,u1_0.password_cnsr,u1_0.password_hint,u1_0.chg_pwd_last_pnttm,u1_0.role,u1_0.sbscrb_de,u1_0.sexdstn_code,u1_0.crtfc_dn_value,u1_0.user_nm,u1_0.zip from nemplyrinfo u1_0 where u1_0.emplyr_id=?
2026-03-16 17:09:22 [http-nio-8080-exec-8] DEBUG o.s.orm.jpa.JpaTransactionManager - Closing JPA EntityManager [SessionImpl(1826485479<open>)] after transaction
2026-03-16 17:09:22 [http-nio-8080-exec-8] DEBUG c.c.p.s.jwt.JwtAuthenticationFilter - >>> [JwtFilter] Successfully authenticated user: USRCNFRM_99999999999, Authorities: [ROLE_ADMIN]
2026-03-16 17:09:22 [http-nio-8080-exec-8] DEBUG o.s.web.servlet.DispatcherServlet - GET "/api/v1/menu/left?menuNo=20", parameters={masked}
2026-03-16 17:09:22 [http-nio-8080-exec-8] TRACE o.s.w.s.m.m.a.RequestMappingHandlerMapping - Mapped to com.company.project.api.controller.menu.MenuController#getLeftMenu(Long)
2026-03-16 17:09:22 [http-nio-8080-exec-8] INFO  c.c.p.a.c.menu.MenuController - getLeftMenu called with menuNo=20
2026-03-16 17:09:22 [http-nio-8080-exec-8] DEBUG o.s.orm.jpa.JpaTransactionManager - Creating new transaction with name [com.company.project.service.menu.MenuService.getSubMenus]: PROPAGATION_REQUIRED,ISOLATION_DEFAULT,readOnly
2026-03-16 17:09:22 [http-nio-8080-exec-8] DEBUG o.s.orm.jpa.JpaTransactionManager - Opened new EntityManager [SessionImpl(132831955<open>)] for JPA transaction
2026-03-16 17:09:22 [http-nio-8080-exec-8] DEBUG o.s.orm.jpa.JpaTransactionManager - Exposing JPA transaction as JDBC [org.springframework.orm.jpa.vendor.HibernateJpaDialect$HibernateConnectionHandle@32871e67]
2026-03-16 17:09:22 [http-nio-8080-exec-8] DEBUG org.hibernate.SQL - select m1_0.menu_no,m1_0.menu_dc,m1_0.menu_nm,m1_0.menu_ordr,m1_0.modern_route,m1_0.progrm_file_nm,m1_0.relate_image_nm,m1_0.relate_image_path,m1_0.route_updated_at,m1_0.upper_menu_no from nmenuinfo m1_0 order by m1_0.upper_menu_no,m1_0.menu_ordr
2026-03-16 17:09:22 [http-nio-8080-exec-10] DEBUG o.s.orm.jpa.JpaTransactionManager - Found thread-bound EntityManager [SessionImpl(642005327<open>)] for JPA transaction
2026-03-16 17:09:22 [http-nio-8080-exec-10] DEBUG o.s.orm.jpa.JpaTransactionManager - Participating in existing transaction
2026-03-16 17:09:22 [http-nio-8080-exec-10] DEBUG org.hibernate.SQL - select ua1_0.scrty_dtrmn_trget_id,ua1_0.author_code,ua1_0.frst_register_id,ua1_0.frst_regist_pnttm,ua1_0.last_updusr_id,ua1_0.last_updt_pnttm,ua1_0.mber_ty_code from nemplyrscrtyestbs ua1_0 where ua1_0.scrty_dtrmn_trget_id=?
2026-03-16 17:09:22 [http-nio-8080-exec-3] DEBUG o.s.orm.jpa.JpaTransactionManager - Found thread-bound EntityManager [SessionImpl(1777597073<open>)] for JPA transaction
2026-03-16 17:09:22 [http-nio-8080-exec-3] DEBUG o.s.orm.jpa.JpaTransactionManager - Participating in existing transaction
2026-03-16 17:09:22 [http-nio-8080-exec-3] DEBUG org.hibernate.SQL - select ua1_0.scrty_dtrmn_trget_id,ua1_0.author_code,ua1_0.frst_register_id,ua1_0.frst_regist_pnttm,ua1_0.last_updusr_id,ua1_0.last_updt_pnttm,ua1_0.mber_ty_code from nemplyrscrtyestbs ua1_0 where ua1_0.scrty_dtrmn_trget_id=?
2026-03-16 17:09:23 [http-nio-8080-exec-10] DEBUG o.s.orm.jpa.JpaTransactionManager - Initiating transaction commit
2026-03-16 17:09:23 [http-nio-8080-exec-10] DEBUG o.s.orm.jpa.JpaTransactionManager - Committing JPA transaction on EntityManager [SessionImpl(642005327<open>)]
2026-03-16 17:09:23 [http-nio-8080-exec-3] DEBUG o.s.orm.jpa.JpaTransactionManager - Initiating transaction commit
2026-03-16 17:09:23 [http-nio-8080-exec-3] DEBUG o.s.orm.jpa.JpaTransactionManager - Committing JPA transaction on EntityManager [SessionImpl(1777597073<open>)]
2026-03-16 17:09:23 [http-nio-8080-exec-8] DEBUG o.s.orm.jpa.JpaTransactionManager - Found thread-bound EntityManager [SessionImpl(132831955<open>)] for JPA transaction
2026-03-16 17:09:23 [http-nio-8080-exec-8] DEBUG o.s.orm.jpa.JpaTransactionManager - Participating in existing transaction
2026-03-16 17:09:23 [http-nio-8080-exec-8] DEBUG org.hibernate.SQL - select p1_0.progrm_file_nm,p1_0.progrm_dc,p1_0.progrm_korean_nm,p1_0.progrm_stre_path,p1_0.url from nprogrmlist p1_0
2026-03-16 17:09:23 [http-nio-8080-exec-10] DEBUG o.s.orm.jpa.JpaTransactionManager - Closing JPA EntityManager [SessionImpl(642005327<open>)] after transaction
2026-03-16 17:09:23 [http-nio-8080-exec-10] DEBUG c.c.p.s.jwt.JwtAuthenticationFilter - >>> [JwtFilter] Successfully authenticated user: USRCNFRM_99999999999, Authorities: [ROLE_ADMIN]
2026-03-16 17:09:23 [http-nio-8080-exec-10] DEBUG o.s.web.servlet.DispatcherServlet - GET "/api/v1/notifications", parameters={}
2026-03-16 17:09:23 [http-nio-8080-exec-10] TRACE o.s.w.s.m.m.a.RequestMappingHandlerMapping - Mapped to com.company.project.api.controller.notification.NotificationController#getMyNotifications(UserDetails)
2026-03-16 17:09:23 [http-nio-8080-exec-10] DEBUG o.s.orm.jpa.JpaTransactionManager - Creating new transaction with name [com.company.project.service.notification.NotificationService.getActiveNotifications]: PROPAGATION_REQUIRED,ISOLATION_DEFAULT,readOnly
2026-03-16 17:09:23 [http-nio-8080-exec-10] DEBUG o.s.orm.jpa.JpaTransactionManager - Opened new EntityManager [SessionImpl(2038435448<open>)] for JPA transaction
2026-03-16 17:09:23 [http-nio-8080-exec-10] DEBUG o.s.orm.jpa.JpaTransactionManager - Exposing JPA transaction as JDBC [org.springframework.orm.jpa.vendor.HibernateJpaDialect$HibernateConnectionHandle@73b569f3]
2026-03-16 17:09:23 [http-nio-8080-exec-10] DEBUG o.s.orm.jpa.JpaTransactionManager - Found thread-bound EntityManager [SessionImpl(2038435448<open>)] for JPA transaction
2026-03-16 17:09:23 [http-nio-8080-exec-10] DEBUG o.s.orm.jpa.JpaTransactionManager - Participating in existing transaction
2026-03-16 17:09:23 [http-nio-8080-exec-10] DEBUG org.hibernate.SQL - select n1_0.ntcn_no,n1_0.frst_register_id,n1_0.frst_regist_pnttm,n1_0.is_read,n1_0.last_updusr_id,n1_0.last_updt_pnttm,n1_0.link_url,n1_0.ntcn_cn,n1_0.ntcn_sj,n1_0.receiver_id from n_user_notification n1_0
2026-03-16 17:09:23 [http-nio-8080-exec-3] DEBUG o.s.orm.jpa.JpaTransactionManager - Closing JPA EntityManager [SessionImpl(1777597073<open>)] after transaction
2026-03-16 17:09:23 [http-nio-8080-exec-3] DEBUG c.c.p.s.jwt.JwtAuthenticationFilter - >>> [JwtFilter] Successfully authenticated user: USRCNFRM_99999999999, Authorities: [ROLE_ADMIN]
2026-03-16 17:09:23 [http-nio-8080-exec-3] DEBUG o.s.web.servlet.DispatcherServlet - GET "/api/v1/notifications/unread-count", parameters={}
2026-03-16 17:09:23 [http-nio-8080-exec-3] TRACE o.s.w.s.m.m.a.RequestMappingHandlerMapping - Mapped to com.company.project.api.controller.notification.NotificationController#getUnreadCount(UserDetails)
2026-03-16 17:09:23 [http-nio-8080-exec-3] DEBUG o.s.orm.jpa.JpaTransactionManager - Creating new transaction with name [com.company.project.service.notification.NotificationService.getUnreadCount]: PROPAGATION_REQUIRED,ISOLATION_DEFAULT,readOnly
2026-03-16 17:09:23 [http-nio-8080-exec-3] DEBUG o.s.orm.jpa.JpaTransactionManager - Opened new EntityManager [SessionImpl(1898851472<open>)] for JPA transaction
2026-03-16 17:09:23 [http-nio-8080-exec-3] DEBUG o.s.orm.jpa.JpaTransactionManager - Exposing JPA transaction as JDBC [org.springframework.orm.jpa.vendor.HibernateJpaDialect$HibernateConnectionHandle@1e89fdc9]
2026-03-16 17:09:23 [http-nio-8080-exec-3] DEBUG org.hibernate.SQL - select count(n1_0.ntcn_no) from n_user_notification n1_0 where n1_0.receiver_id=? and n1_0.is_read=?
2026-03-16 17:09:23 [http-nio-8080-exec-8] DEBUG o.s.orm.jpa.JpaTransactionManager - Initiating transaction commit
2026-03-16 17:09:23 [http-nio-8080-exec-8] DEBUG o.s.orm.jpa.JpaTransactionManager - Committing JPA transaction on EntityManager [SessionImpl(132831955<open>)]
2026-03-16 17:09:23 [http-nio-8080-exec-10] DEBUG o.s.orm.jpa.JpaTransactionManager - Initiating transaction commit
2026-03-16 17:09:23 [http-nio-8080-exec-10] DEBUG o.s.orm.jpa.JpaTransactionManager - Committing JPA transaction on EntityManager [SessionImpl(2038435448<open>)]
2026-03-16 17:09:23 [http-nio-8080-exec-3] DEBUG o.s.orm.jpa.JpaTransactionManager - Initiating transaction commit
2026-03-16 17:09:23 [http-nio-8080-exec-3] DEBUG o.s.orm.jpa.JpaTransactionManager - Committing JPA transaction on EntityManager [SessionImpl(1898851472<open>)]
2026-03-16 17:09:23 [http-nio-8080-exec-8] DEBUG o.s.orm.jpa.JpaTransactionManager - Closing JPA EntityManager [SessionImpl(132831955<open>)] after transaction
2026-03-16 17:09:23 [http-nio-8080-exec-8] INFO  c.c.p.a.c.menu.MenuController - getLeftMenu returned 3 items
2026-03-16 17:09:23 [http-nio-8080-exec-8] DEBUG o.s.w.s.m.m.a.HttpEntityMethodProcessor - Using 'application/json', given [application/json, text/plain, */*] and supported [application/json, application/*+json, application/yaml]
2026-03-16 17:09:23 [http-nio-8080-exec-8] TRACE o.s.w.s.m.m.a.HttpEntityMethodProcessor - Writing [ApiResponse[success=true, status=200, code=COMMON_001, message=Success, data={list=[com.company.project.service.menu.dto.MenuDto@287933a4, com.company.project.service.menu.dto.MenuDto@49ccab0e, com.company.project.service.menu.dto.MenuDto@681a8bcf]}, timestamp=2026-03-16T17:09:23.508480600]]
2026-03-16 17:09:23 [http-nio-8080-exec-8] INFO  c.c.p.a.i.OperationalAuditInterceptor - API Audit Log: URL=/api/v1/menu/left, User=webmaster, IP=127.0.0.1
2026-03-16 17:09:23 [http-nio-8080-exec-8] DEBUG o.s.web.servlet.DispatcherServlet - Completed 200 OK
2026-03-16 17:09:23 [http-nio-8080-exec-19] DEBUG c.c.p.s.jwt.JwtAuthenticationFilter - >>> [JwtFilter] Processing request: GET /api/v1/menu/left
2026-03-16 17:09:23 [http-nio-8080-exec-19] DEBUG c.c.p.s.jwt.JwtAuthenticationFilter - >>> [JwtFilter] Found token in header for path: /api/v1/menu/left
2026-03-16 17:09:23 [http-nio-8080-exec-19] DEBUG o.s.orm.jpa.JpaTransactionManager - Creating new transaction with name [com.company.project.security.iam.CustomUserDetailsService.loadUserByUsername]: PROPAGATION_REQUIRED,ISOLATION_DEFAULT,readOnly
2026-03-16 17:09:23 [http-nio-8080-exec-19] DEBUG o.s.orm.jpa.JpaTransactionManager - Opened new EntityManager [SessionImpl(1460265069<open>)] for JPA transaction
2026-03-16 17:09:23 [http-nio-8080-exec-10] DEBUG o.s.orm.jpa.JpaTransactionManager - Closing JPA EntityManager [SessionImpl(2038435448<open>)] after transaction
2026-03-16 17:09:23 [http-nio-8080-exec-10] DEBUG o.s.w.s.m.m.a.HttpEntityMethodProcessor - Using 'application/json', given [application/json, text/plain, */*] and supported [application/json, application/*+json, application/yaml]
2026-03-16 17:09:23 [http-nio-8080-exec-10] TRACE o.s.w.s.m.m.a.HttpEntityMethodProcessor - Writing [ApiResponse[success=true, status=200, code=COMMON_001, message=Success, data=[NotificationDto(ntfcNo=NT001, ntfcSj=테스트 알림입니다, ntfcCn=알림 내용입니다, ntfcDate=null, ntfcTime=2026-02-25T00:59:33.784070, bhNtfcIntrvl=null, uniqId=null, frstRegisterId=null, frstRegisterPnttm=2026-02-25T00:59:33.784070, lastUpdusrId=null, lastUpdusrPnttm=null)], timestamp=2026-03-16T17:09:23.560139800]]
2026-03-16 17:09:23 [http-nio-8080-exec-10] INFO  c.c.p.a.i.OperationalAuditInterceptor - API Audit Log: URL=/api/v1/notifications, User=webmaster, IP=127.0.0.1
2026-03-16 17:09:23 [http-nio-8080-exec-10] DEBUG o.s.web.servlet.DispatcherServlet - Completed 200 OK
2026-03-16 17:09:23 [http-nio-8080-exec-3] DEBUG o.s.orm.jpa.JpaTransactionManager - Closing JPA EntityManager [SessionImpl(1898851472<open>)] after transaction
2026-03-16 17:09:23 [http-nio-8080-exec-3] DEBUG o.s.w.s.m.m.a.HttpEntityMethodProcessor - Using 'application/json', given [application/json, text/plain, */*] and supported [application/json, application/*+json, application/yaml]
2026-03-16 17:09:23 [http-nio-8080-exec-3] TRACE o.s.w.s.m.m.a.HttpEntityMethodProcessor - Writing [ApiResponse[success=true, status=200, code=COMMON_001, message=Success, data=0, timestamp=2026-03-16T17:09:23.597073800]]
2026-03-16 17:09:23 [http-nio-8080-exec-3] INFO  c.c.p.a.i.OperationalAuditInterceptor - API Audit Log: URL=/api/v1/notifications/unread-count, User=webmaster, IP=127.0.0.1
2026-03-16 17:09:23 [http-nio-8080-exec-3] DEBUG o.s.web.servlet.DispatcherServlet - Completed 200 OK
2026-03-16 17:09:23 [http-nio-8080-exec-19] DEBUG o.s.orm.jpa.JpaTransactionManager - Exposing JPA transaction as JDBC [org.springframework.orm.jpa.vendor.HibernateJpaDialect$HibernateConnectionHandle@3690adf7]
2026-03-16 17:09:23 [http-nio-8080-exec-19] DEBUG o.s.orm.jpa.JpaTransactionManager - Found thread-bound EntityManager [SessionImpl(1460265069<open>)] for JPA transaction
2026-03-16 17:09:23 [http-nio-8080-exec-19] DEBUG o.s.orm.jpa.JpaTransactionManager - Participating in existing transaction
2026-03-16 17:09:23 [http-nio-8080-exec-19] DEBUG org.hibernate.SQL - select u1_0.emplyr_id,u1_0.area_no,u1_0.brthdy,u1_0.chg_pwd_cnt,u1_0.frst_register_id,u1_0.frst_regist_pnttm,u1_0.detail_adres,u1_0.email_adres,u1_0.emplyr_sttus_code,u1_0.empl_no,u1_0.esntl_id,u1_0.fxnum,u1_0.group_id,u1_0.house_adres,u1_0.house_end_telno,u1_0.house_middle_telno,u1_0.ihidnum,u1_0.pstinst_code,u1_0.last_updusr_id,u1_0.last_updt_pnttm,u1_0.lock_at,u1_0.lock_cnt,u1_0.lock_last_pnttm,u1_0.mbtlnum,u1_0.ofcps_nm,u1_0.offm_telno,u1_0.orgnzt_id,u1_0.password,u1_0.password_cnsr,u1_0.password_hint,u1_0.chg_pwd_last_pnttm,u1_0.role,u1_0.sbscrb_de,u1_0.sexdstn_code,u1_0.crtfc_dn_value,u1_0.user_nm,u1_0.zip from nemplyrinfo u1_0 where u1_0.emplyr_id=?
2026-03-16 17:09:23 [http-nio-8080-exec-19] DEBUG o.s.orm.jpa.JpaTransactionManager - Found thread-bound EntityManager [SessionImpl(1460265069<open>)] for JPA transaction
2026-03-16 17:09:23 [http-nio-8080-exec-19] DEBUG o.s.orm.jpa.JpaTransactionManager - Participating in existing transaction
2026-03-16 17:09:23 [http-nio-8080-exec-19] DEBUG org.hibernate.SQL - select ua1_0.scrty_dtrmn_trget_id,ua1_0.author_code,ua1_0.frst_register_id,ua1_0.frst_regist_pnttm,ua1_0.last_updusr_id,ua1_0.last_updt_pnttm,ua1_0.mber_ty_code from nemplyrscrtyestbs ua1_0 where ua1_0.scrty_dtrmn_trget_id=?
2026-03-16 17:09:24 [http-nio-8080-exec-19] DEBUG o.s.orm.jpa.JpaTransactionManager - Initiating transaction commit
2026-03-16 17:09:24 [http-nio-8080-exec-19] DEBUG o.s.orm.jpa.JpaTransactionManager - Committing JPA transaction on EntityManager [SessionImpl(1460265069<open>)]
2026-03-16 17:09:24 [http-nio-8080-exec-19] DEBUG o.s.orm.jpa.JpaTransactionManager - Closing JPA EntityManager [SessionImpl(1460265069<open>)] after transaction
2026-03-16 17:09:24 [http-nio-8080-exec-19] DEBUG c.c.p.s.jwt.JwtAuthenticationFilter - >>> [JwtFilter] Successfully authenticated user: USRCNFRM_99999999999, Authorities: [ROLE_ADMIN]
2026-03-16 17:09:24 [http-nio-8080-exec-19] DEBUG o.s.web.servlet.DispatcherServlet - GET "/api/v1/menu/left?menuNo=40", parameters={masked}
2026-03-16 17:09:24 [http-nio-8080-exec-19] TRACE o.s.w.s.m.m.a.RequestMappingHandlerMapping - Mapped to com.company.project.api.controller.menu.MenuController#getLeftMenu(Long)
2026-03-16 17:09:24 [http-nio-8080-exec-19] INFO  c.c.p.a.c.menu.MenuController - getLeftMenu called with menuNo=40
2026-03-16 17:09:24 [http-nio-8080-exec-19] DEBUG o.s.orm.jpa.JpaTransactionManager - Creating new transaction with name [com.company.project.service.menu.MenuService.getSubMenus]: PROPAGATION_REQUIRED,ISOLATION_DEFAULT,readOnly
2026-03-16 17:09:24 [http-nio-8080-exec-19] DEBUG o.s.orm.jpa.JpaTransactionManager - Opened new EntityManager [SessionImpl(1401635941<open>)] for JPA transaction
2026-03-16 17:09:24 [http-nio-8080-exec-19] DEBUG o.s.orm.jpa.JpaTransactionManager - Exposing JPA transaction as JDBC [org.springframework.orm.jpa.vendor.HibernateJpaDialect$HibernateConnectionHandle@5a4d2153]
2026-03-16 17:09:24 [http-nio-8080-exec-19] DEBUG org.hibernate.SQL - select m1_0.menu_no,m1_0.menu_dc,m1_0.menu_nm,m1_0.menu_ordr,m1_0.modern_route,m1_0.progrm_file_nm,m1_0.relate_image_nm,m1_0.relate_image_path,m1_0.route_updated_at,m1_0.upper_menu_no from nmenuinfo m1_0 order by m1_0.upper_menu_no,m1_0.menu_ordr
2026-03-16 17:09:24 [http-nio-8080-exec-19] DEBUG o.s.orm.jpa.JpaTransactionManager - Found thread-bound EntityManager [SessionImpl(1401635941<open>)] for JPA transaction
2026-03-16 17:09:24 [http-nio-8080-exec-19] DEBUG o.s.orm.jpa.JpaTransactionManager - Participating in existing transaction
2026-03-16 17:09:24 [http-nio-8080-exec-19] DEBUG org.hibernate.SQL - select p1_0.progrm_file_nm,p1_0.progrm_dc,p1_0.progrm_korean_nm,p1_0.progrm_stre_path,p1_0.url from nprogrmlist p1_0
2026-03-16 17:09:24 [http-nio-8080-exec-19] DEBUG o.s.orm.jpa.JpaTransactionManager - Initiating transaction commit
2026-03-16 17:09:24 [http-nio-8080-exec-19] DEBUG o.s.orm.jpa.JpaTransactionManager - Committing JPA transaction on EntityManager [SessionImpl(1401635941<open>)]
2026-03-16 17:09:24 [http-nio-8080-exec-19] DEBUG o.s.orm.jpa.JpaTransactionManager - Closing JPA EntityManager [SessionImpl(1401635941<open>)] after transaction
2026-03-16 17:09:24 [http-nio-8080-exec-19] INFO  c.c.p.a.c.menu.MenuController - getLeftMenu returned 2 items
2026-03-16 17:09:24 [http-nio-8080-exec-19] DEBUG o.s.w.s.m.m.a.HttpEntityMethodProcessor - Using 'application/json', given [application/json, text/plain, */*] and supported [application/json, application/*+json, application/yaml]
2026-03-16 17:09:24 [http-nio-8080-exec-19] TRACE o.s.w.s.m.m.a.HttpEntityMethodProcessor - Writing [ApiResponse[success=true, status=200, code=COMMON_001, message=Success, data={list=[com.company.project.service.menu.dto.MenuDto@56baf849, com.company.project.service.menu.dto.MenuDto@619fa879]}, timestamp=2026-03-16T17:09:24.789582600]]
2026-03-16 17:09:24 [http-nio-8080-exec-19] INFO  c.c.p.a.i.OperationalAuditInterceptor - API Audit Log: URL=/api/v1/menu/left, User=webmaster, IP=127.0.0.1
2026-03-16 17:09:24 [http-nio-8080-exec-19] DEBUG o.s.web.servlet.DispatcherServlet - Completed 200 OK
2026-03-16 17:09:24 [http-nio-8080-exec-15] DEBUG c.c.p.s.jwt.JwtAuthenticationFilter - >>> [JwtFilter] Processing request: GET /api/v1/menu/left
2026-03-16 17:09:24 [http-nio-8080-exec-15] DEBUG c.c.p.s.jwt.JwtAuthenticationFilter - >>> [JwtFilter] Found token in header for path: /api/v1/menu/left
2026-03-16 17:09:24 [http-nio-8080-exec-15] DEBUG o.s.orm.jpa.JpaTransactionManager - Creating new transaction with name [com.company.project.security.iam.CustomUserDetailsService.loadUserByUsername]: PROPAGATION_REQUIRED,ISOLATION_DEFAULT,readOnly
2026-03-16 17:09:24 [http-nio-8080-exec-15] DEBUG o.s.orm.jpa.JpaTransactionManager - Opened new EntityManager [SessionImpl(1094551222<open>)] for JPA transaction
2026-03-16 17:09:24 [http-nio-8080-exec-15] DEBUG o.s.orm.jpa.JpaTransactionManager - Exposing JPA transaction as JDBC [org.springframework.orm.jpa.vendor.HibernateJpaDialect$HibernateConnectionHandle@dbe4b0b]
2026-03-16 17:09:24 [http-nio-8080-exec-15] DEBUG o.s.orm.jpa.JpaTransactionManager - Found thread-bound EntityManager [SessionImpl(1094551222<open>)] for JPA transaction
2026-03-16 17:09:24 [http-nio-8080-exec-15] DEBUG o.s.orm.jpa.JpaTransactionManager - Participating in existing transaction
2026-03-16 17:09:24 [http-nio-8080-exec-15] DEBUG org.hibernate.SQL - select u1_0.emplyr_id,u1_0.area_no,u1_0.brthdy,u1_0.chg_pwd_cnt,u1_0.frst_register_id,u1_0.frst_regist_pnttm,u1_0.detail_adres,u1_0.email_adres,u1_0.emplyr_sttus_code,u1_0.empl_no,u1_0.esntl_id,u1_0.fxnum,u1_0.group_id,u1_0.house_adres,u1_0.house_end_telno,u1_0.house_middle_telno,u1_0.ihidnum,u1_0.pstinst_code,u1_0.last_updusr_id,u1_0.last_updt_pnttm,u1_0.lock_at,u1_0.lock_cnt,u1_0.lock_last_pnttm,u1_0.mbtlnum,u1_0.ofcps_nm,u1_0.offm_telno,u1_0.orgnzt_id,u1_0.password,u1_0.password_cnsr,u1_0.password_hint,u1_0.chg_pwd_last_pnttm,u1_0.role,u1_0.sbscrb_de,u1_0.sexdstn_code,u1_0.crtfc_dn_value,u1_0.user_nm,u1_0.zip from nemplyrinfo u1_0 where u1_0.emplyr_id=?
2026-03-16 17:09:25 [http-nio-8080-exec-15] DEBUG o.s.orm.jpa.JpaTransactionManager - Found thread-bound EntityManager [SessionImpl(1094551222<open>)] for JPA transaction
2026-03-16 17:09:25 [http-nio-8080-exec-15] DEBUG o.s.orm.jpa.JpaTransactionManager - Participating in existing transaction
2026-03-16 17:09:25 [http-nio-8080-exec-15] DEBUG org.hibernate.SQL - select ua1_0.scrty_dtrmn_trget_id,ua1_0.author_code,ua1_0.frst_register_id,ua1_0.frst_regist_pnttm,ua1_0.last_updusr_id,ua1_0.last_updt_pnttm,ua1_0.mber_ty_code from nemplyrscrtyestbs ua1_0 where ua1_0.scrty_dtrmn_trget_id=?
2026-03-16 17:09:25 [http-nio-8080-exec-15] DEBUG o.s.orm.jpa.JpaTransactionManager - Initiating transaction commit
2026-03-16 17:09:25 [http-nio-8080-exec-15] DEBUG o.s.orm.jpa.JpaTransactionManager - Committing JPA transaction on EntityManager [SessionImpl(1094551222<open>)]
2026-03-16 17:09:25 [http-nio-8080-exec-15] DEBUG o.s.orm.jpa.JpaTransactionManager - Closing JPA EntityManager [SessionImpl(1094551222<open>)] after transaction
2026-03-16 17:09:25 [http-nio-8080-exec-15] DEBUG c.c.p.s.jwt.JwtAuthenticationFilter - >>> [JwtFilter] Successfully authenticated user: USRCNFRM_99999999999, Authorities: [ROLE_ADMIN]
2026-03-16 17:09:25 [http-nio-8080-exec-15] DEBUG o.s.web.servlet.DispatcherServlet - GET "/api/v1/menu/left?menuNo=50", parameters={masked}
2026-03-16 17:09:25 [http-nio-8080-exec-15] TRACE o.s.w.s.m.m.a.RequestMappingHandlerMapping - Mapped to com.company.project.api.controller.menu.MenuController#getLeftMenu(Long)
2026-03-16 17:09:25 [http-nio-8080-exec-15] INFO  c.c.p.a.c.menu.MenuController - getLeftMenu called with menuNo=50
2026-03-16 17:09:25 [http-nio-8080-exec-15] DEBUG o.s.orm.jpa.JpaTransactionManager - Creating new transaction with name [com.company.project.service.menu.MenuService.getSubMenus]: PROPAGATION_REQUIRED,ISOLATION_DEFAULT,readOnly
2026-03-16 17:09:25 [http-nio-8080-exec-15] DEBUG o.s.orm.jpa.JpaTransactionManager - Opened new EntityManager [SessionImpl(1655669345<open>)] for JPA transaction
2026-03-16 17:09:25 [http-nio-8080-exec-15] DEBUG o.s.orm.jpa.JpaTransactionManager - Exposing JPA transaction as JDBC [org.springframework.orm.jpa.vendor.HibernateJpaDialect$HibernateConnectionHandle@79f9481f]
2026-03-16 17:09:25 [http-nio-8080-exec-15] DEBUG org.hibernate.SQL - select m1_0.menu_no,m1_0.menu_dc,m1_0.menu_nm,m1_0.menu_ordr,m1_0.modern_route,m1_0.progrm_file_nm,m1_0.relate_image_nm,m1_0.relate_image_path,m1_0.route_updated_at,m1_0.upper_menu_no from nmenuinfo m1_0 order by m1_0.upper_menu_no,m1_0.menu_ordr
2026-03-16 17:09:25 [http-nio-8080-exec-15] DEBUG o.s.orm.jpa.JpaTransactionManager - Found thread-bound EntityManager [SessionImpl(1655669345<open>)] for JPA transaction
2026-03-16 17:09:25 [http-nio-8080-exec-15] DEBUG o.s.orm.jpa.JpaTransactionManager - Participating in existing transaction
2026-03-16 17:09:25 [http-nio-8080-exec-15] DEBUG org.hibernate.SQL - select p1_0.progrm_file_nm,p1_0.progrm_dc,p1_0.progrm_korean_nm,p1_0.progrm_stre_path,p1_0.url from nprogrmlist p1_0
2026-03-16 17:09:25 [http-nio-8080-exec-15] DEBUG o.s.orm.jpa.JpaTransactionManager - Initiating transaction commit
2026-03-16 17:09:25 [http-nio-8080-exec-15] DEBUG o.s.orm.jpa.JpaTransactionManager - Committing JPA transaction on EntityManager [SessionImpl(1655669345<open>)]
2026-03-16 17:09:26 [http-nio-8080-exec-15] DEBUG o.s.orm.jpa.JpaTransactionManager - Closing JPA EntityManager [SessionImpl(1655669345<open>)] after transaction
2026-03-16 17:09:26 [http-nio-8080-exec-15] INFO  c.c.p.a.c.menu.MenuController - getLeftMenu returned 3 items
2026-03-16 17:09:26 [http-nio-8080-exec-15] DEBUG o.s.w.s.m.m.a.HttpEntityMethodProcessor - Using 'application/json', given [application/json, text/plain, */*] and supported [application/json, application/*+json, application/yaml]
2026-03-16 17:09:26 [http-nio-8080-exec-15] TRACE o.s.w.s.m.m.a.HttpEntityMethodProcessor - Writing [ApiResponse[success=true, status=200, code=COMMON_001, message=Success, data={list=[com.company.project.service.menu.dto.MenuDto@6bad2188, com.company.project.service.menu.dto.MenuDto@288e87e, com.company.project.service.menu.dto.MenuDto@3bc51ef3]}, timestamp=2026-03-16T17:09:26.069994400]]
2026-03-16 17:09:26 [http-nio-8080-exec-15] INFO  c.c.p.a.i.OperationalAuditInterceptor - API Audit Log: URL=/api/v1/menu/left, User=webmaster, IP=127.0.0.1
2026-03-16 17:09:26 [http-nio-8080-exec-15] DEBUG o.s.web.servlet.DispatcherServlet - Completed 200 OK
2026-03-16 17:09:26 [http-nio-8080-exec-8] DEBUG c.c.p.s.jwt.JwtAuthenticationFilter - >>> [JwtFilter] Processing request: GET /api/v1/menu/left
2026-03-16 17:09:26 [http-nio-8080-exec-8] DEBUG c.c.p.s.jwt.JwtAuthenticationFilter - >>> [JwtFilter] Found token in header for path: /api/v1/menu/left
2026-03-16 17:09:26 [http-nio-8080-exec-8] DEBUG o.s.orm.jpa.JpaTransactionManager - Creating new transaction with name [com.company.project.security.iam.CustomUserDetailsService.loadUserByUsername]: PROPAGATION_REQUIRED,ISOLATION_DEFAULT,readOnly
2026-03-16 17:09:26 [http-nio-8080-exec-8] DEBUG o.s.orm.jpa.JpaTransactionManager - Opened new EntityManager [SessionImpl(1275283920<open>)] for JPA transaction
2026-03-16 17:09:26 [http-nio-8080-exec-8] DEBUG o.s.orm.jpa.JpaTransactionManager - Exposing JPA transaction as JDBC [org.springframework.orm.jpa.vendor.HibernateJpaDialect$HibernateConnectionHandle@2d86a7e7]
2026-03-16 17:09:26 [http-nio-8080-exec-8] DEBUG o.s.orm.jpa.JpaTransactionManager - Found thread-bound EntityManager [SessionImpl(1275283920<open>)] for JPA transaction
2026-03-16 17:09:26 [http-nio-8080-exec-8] DEBUG o.s.orm.jpa.JpaTransactionManager - Participating in existing transaction
2026-03-16 17:09:26 [http-nio-8080-exec-8] DEBUG org.hibernate.SQL - select u1_0.emplyr_id,u1_0.area_no,u1_0.brthdy,u1_0.chg_pwd_cnt,u1_0.frst_register_id,u1_0.frst_regist_pnttm,u1_0.detail_adres,u1_0.email_adres,u1_0.emplyr_sttus_code,u1_0.empl_no,u1_0.esntl_id,u1_0.fxnum,u1_0.group_id,u1_0.house_adres,u1_0.house_end_telno,u1_0.house_middle_telno,u1_0.ihidnum,u1_0.pstinst_code,u1_0.last_updusr_id,u1_0.last_updt_pnttm,u1_0.lock_at,u1_0.lock_cnt,u1_0.lock_last_pnttm,u1_0.mbtlnum,u1_0.ofcps_nm,u1_0.offm_telno,u1_0.orgnzt_id,u1_0.password,u1_0.password_cnsr,u1_0.password_hint,u1_0.chg_pwd_last_pnttm,u1_0.role,u1_0.sbscrb_de,u1_0.sexdstn_code,u1_0.crtfc_dn_value,u1_0.user_nm,u1_0.zip from nemplyrinfo u1_0 where u1_0.emplyr_id=?
2026-03-16 17:09:26 [http-nio-8080-exec-8] DEBUG o.s.orm.jpa.JpaTransactionManager - Found thread-bound EntityManager [SessionImpl(1275283920<open>)] for JPA transaction
2026-03-16 17:09:26 [http-nio-8080-exec-8] DEBUG o.s.orm.jpa.JpaTransactionManager - Participating in existing transaction
2026-03-16 17:09:26 [http-nio-8080-exec-8] DEBUG org.hibernate.SQL - select ua1_0.scrty_dtrmn_trget_id,ua1_0.author_code,ua1_0.frst_register_id,ua1_0.frst_regist_pnttm,ua1_0.last_updusr_id,ua1_0.last_updt_pnttm,ua1_0.mber_ty_code from nemplyrscrtyestbs ua1_0 where ua1_0.scrty_dtrmn_trget_id=?
2026-03-16 17:09:26 [MessageBroker-2] DEBUG o.s.w.s.s.t.h.DefaultSockJsService - Closed 1 sessions: [g0x1r5f3]
2026-03-16 17:09:26 [http-nio-8080-exec-8] DEBUG o.s.orm.jpa.JpaTransactionManager - Initiating transaction commit
2026-03-16 17:09:26 [http-nio-8080-exec-8] DEBUG o.s.orm.jpa.JpaTransactionManager - Committing JPA transaction on EntityManager [SessionImpl(1275283920<open>)]
2026-03-16 17:09:26 [http-nio-8080-exec-8] DEBUG o.s.orm.jpa.JpaTransactionManager - Closing JPA EntityManager [SessionImpl(1275283920<open>)] after transaction
2026-03-16 17:09:26 [http-nio-8080-exec-8] DEBUG c.c.p.s.jwt.JwtAuthenticationFilter - >>> [JwtFilter] Successfully authenticated user: USRCNFRM_99999999999, Authorities: [ROLE_ADMIN]
2026-03-16 17:09:26 [http-nio-8080-exec-8] DEBUG o.s.web.servlet.DispatcherServlet - GET "/api/v1/menu/left?menuNo=60", parameters={masked}
2026-03-16 17:09:26 [http-nio-8080-exec-8] TRACE o.s.w.s.m.m.a.RequestMappingHandlerMapping - Mapped to com.company.project.api.controller.menu.MenuController#getLeftMenu(Long)
2026-03-16 17:09:26 [http-nio-8080-exec-8] INFO  c.c.p.a.c.menu.MenuController - getLeftMenu called with menuNo=60
2026-03-16 17:09:26 [http-nio-8080-exec-8] DEBUG o.s.orm.jpa.JpaTransactionManager - Creating new transaction with name [com.company.project.service.menu.MenuService.getSubMenus]: PROPAGATION_REQUIRED,ISOLATION_DEFAULT,readOnly
2026-03-16 17:09:26 [http-nio-8080-exec-8] DEBUG o.s.orm.jpa.JpaTransactionManager - Opened new EntityManager [SessionImpl(257216370<open>)] for JPA transaction
2026-03-16 17:09:26 [http-nio-8080-exec-8] DEBUG o.s.orm.jpa.JpaTransactionManager - Exposing JPA transaction as JDBC [org.springframework.orm.jpa.vendor.HibernateJpaDialect$HibernateConnectionHandle@1bad8909]
2026-03-16 17:09:26 [http-nio-8080-exec-8] DEBUG org.hibernate.SQL - select m1_0.menu_no,m1_0.menu_dc,m1_0.menu_nm,m1_0.menu_ordr,m1_0.modern_route,m1_0.progrm_file_nm,m1_0.relate_image_nm,m1_0.relate_image_path,m1_0.route_updated_at,m1_0.upper_menu_no from nmenuinfo m1_0 order by m1_0.upper_menu_no,m1_0.menu_ordr
2026-03-16 17:09:27 [http-nio-8080-exec-8] DEBUG o.s.orm.jpa.JpaTransactionManager - Found thread-bound EntityManager [SessionImpl(257216370<open>)] for JPA transaction
2026-03-16 17:09:27 [http-nio-8080-exec-8] DEBUG o.s.orm.jpa.JpaTransactionManager - Participating in existing transaction
2026-03-16 17:09:27 [http-nio-8080-exec-8] DEBUG org.hibernate.SQL - select p1_0.progrm_file_nm,p1_0.progrm_dc,p1_0.progrm_korean_nm,p1_0.progrm_stre_path,p1_0.url from nprogrmlist p1_0
2026-03-16 17:09:27 [http-nio-8080-exec-8] DEBUG o.s.orm.jpa.JpaTransactionManager - Initiating transaction commit
2026-03-16 17:09:27 [http-nio-8080-exec-8] DEBUG o.s.orm.jpa.JpaTransactionManager - Committing JPA transaction on EntityManager [SessionImpl(257216370<open>)]
2026-03-16 17:09:27 [http-nio-8080-exec-8] DEBUG o.s.orm.jpa.JpaTransactionManager - Closing JPA EntityManager [SessionImpl(257216370<open>)] after transaction
2026-03-16 17:09:27 [http-nio-8080-exec-8] INFO  c.c.p.a.c.menu.MenuController - getLeftMenu returned 1 items
2026-03-16 17:09:27 [http-nio-8080-exec-8] DEBUG o.s.w.s.m.m.a.HttpEntityMethodProcessor - Using 'application/json', given [application/json, text/plain, */*] and supported [application/json, application/*+json, application/yaml]
2026-03-16 17:09:27 [http-nio-8080-exec-8] TRACE o.s.w.s.m.m.a.HttpEntityMethodProcessor - Writing [ApiResponse[success=true, status=200, code=COMMON_001, message=Success, data={list=[com.company.project.service.menu.dto.MenuDto@5523c6de]}, timestamp=2026-03-16T17:09:27.335021200]]
2026-03-16 17:09:27 [http-nio-8080-exec-8] INFO  c.c.p.a.i.OperationalAuditInterceptor - API Audit Log: URL=/api/v1/menu/left, User=webmaster, IP=127.0.0.1
2026-03-16 17:09:27 [http-nio-8080-exec-8] DEBUG o.s.web.servlet.DispatcherServlet - Completed 200 OK
2026-03-16 17:10:03 [http-nio-8080-exec-10] DEBUG c.c.p.s.jwt.JwtAuthenticationFilter - >>> [JwtFilter] Processing request: GET /api/v1/menu/head
2026-03-16 17:10:03 [http-nio-8080-exec-3] DEBUG c.c.p.s.jwt.JwtAuthenticationFilter - >>> [JwtFilter] Processing request: GET /api/v1/dashboard
2026-03-16 17:10:03 [http-nio-8080-exec-10] DEBUG c.c.p.s.jwt.JwtAuthenticationFilter - >>> [JwtFilter] Found token in header for path: /api/v1/menu/head
2026-03-16 17:10:03 [http-nio-8080-exec-3] DEBUG c.c.p.s.jwt.JwtAuthenticationFilter - >>> [JwtFilter] Found token in header for path: /api/v1/dashboard
2026-03-16 17:10:03 [http-nio-8080-exec-3] DEBUG o.s.orm.jpa.JpaTransactionManager - Creating new transaction with name [com.company.project.security.iam.CustomUserDetailsService.loadUserByUsername]: PROPAGATION_REQUIRED,ISOLATION_DEFAULT,readOnly
2026-03-16 17:10:03 [http-nio-8080-exec-10] DEBUG o.s.orm.jpa.JpaTransactionManager - Creating new transaction with name [com.company.project.security.iam.CustomUserDetailsService.loadUserByUsername]: PROPAGATION_REQUIRED,ISOLATION_DEFAULT,readOnly
2026-03-16 17:10:03 [http-nio-8080-exec-3] DEBUG o.s.orm.jpa.JpaTransactionManager - Opened new EntityManager [SessionImpl(1297312505<open>)] for JPA transaction
2026-03-16 17:10:03 [http-nio-8080-exec-10] DEBUG o.s.orm.jpa.JpaTransactionManager - Opened new EntityManager [SessionImpl(1404384100<open>)] for JPA transaction
2026-03-16 17:10:03 [http-nio-8080-exec-10] DEBUG o.s.orm.jpa.JpaTransactionManager - Exposing JPA transaction as JDBC [org.springframework.orm.jpa.vendor.HibernateJpaDialect$HibernateConnectionHandle@7cfd6665]
2026-03-16 17:10:03 [http-nio-8080-exec-10] DEBUG o.s.orm.jpa.JpaTransactionManager - Found thread-bound EntityManager [SessionImpl(1404384100<open>)] for JPA transaction
2026-03-16 17:10:03 [http-nio-8080-exec-10] DEBUG o.s.orm.jpa.JpaTransactionManager - Participating in existing transaction
2026-03-16 17:10:03 [http-nio-8080-exec-10] DEBUG org.hibernate.SQL - select u1_0.emplyr_id,u1_0.area_no,u1_0.brthdy,u1_0.chg_pwd_cnt,u1_0.frst_register_id,u1_0.frst_regist_pnttm,u1_0.detail_adres,u1_0.email_adres,u1_0.emplyr_sttus_code,u1_0.empl_no,u1_0.esntl_id,u1_0.fxnum,u1_0.group_id,u1_0.house_adres,u1_0.house_end_telno,u1_0.house_middle_telno,u1_0.ihidnum,u1_0.pstinst_code,u1_0.last_updusr_id,u1_0.last_updt_pnttm,u1_0.lock_at,u1_0.lock_cnt,u1_0.lock_last_pnttm,u1_0.mbtlnum,u1_0.ofcps_nm,u1_0.offm_telno,u1_0.orgnzt_id,u1_0.password,u1_0.password_cnsr,u1_0.password_hint,u1_0.chg_pwd_last_pnttm,u1_0.role,u1_0.sbscrb_de,u1_0.sexdstn_code,u1_0.crtfc_dn_value,u1_0.user_nm,u1_0.zip from nemplyrinfo u1_0 where u1_0.emplyr_id=?
2026-03-16 17:10:03 [http-nio-8080-exec-3] DEBUG o.s.orm.jpa.JpaTransactionManager - Exposing JPA transaction as JDBC [org.springframework.orm.jpa.vendor.HibernateJpaDialect$HibernateConnectionHandle@442b6a6c]
2026-03-16 17:10:03 [http-nio-8080-exec-3] DEBUG o.s.orm.jpa.JpaTransactionManager - Found thread-bound EntityManager [SessionImpl(1297312505<open>)] for JPA transaction
2026-03-16 17:10:03 [http-nio-8080-exec-3] DEBUG o.s.orm.jpa.JpaTransactionManager - Participating in existing transaction
2026-03-16 17:10:03 [http-nio-8080-exec-3] DEBUG org.hibernate.SQL - select u1_0.emplyr_id,u1_0.area_no,u1_0.brthdy,u1_0.chg_pwd_cnt,u1_0.frst_register_id,u1_0.frst_regist_pnttm,u1_0.detail_adres,u1_0.email_adres,u1_0.emplyr_sttus_code,u1_0.empl_no,u1_0.esntl_id,u1_0.fxnum,u1_0.group_id,u1_0.house_adres,u1_0.house_end_telno,u1_0.house_middle_telno,u1_0.ihidnum,u1_0.pstinst_code,u1_0.last_updusr_id,u1_0.last_updt_pnttm,u1_0.lock_at,u1_0.lock_cnt,u1_0.lock_last_pnttm,u1_0.mbtlnum,u1_0.ofcps_nm,u1_0.offm_telno,u1_0.orgnzt_id,u1_0.password,u1_0.password_cnsr,u1_0.password_hint,u1_0.chg_pwd_last_pnttm,u1_0.role,u1_0.sbscrb_de,u1_0.sexdstn_code,u1_0.crtfc_dn_value,u1_0.user_nm,u1_0.zip from nemplyrinfo u1_0 where u1_0.emplyr_id=?
2026-03-16 17:10:03 [http-nio-8080-exec-10] DEBUG o.s.orm.jpa.JpaTransactionManager - Found thread-bound EntityManager [SessionImpl(1404384100<open>)] for JPA transaction
2026-03-16 17:10:03 [http-nio-8080-exec-10] DEBUG o.s.orm.jpa.JpaTransactionManager - Participating in existing transaction
2026-03-16 17:10:03 [http-nio-8080-exec-10] DEBUG org.hibernate.SQL - select ua1_0.scrty_dtrmn_trget_id,ua1_0.author_code,ua1_0.frst_register_id,ua1_0.frst_regist_pnttm,ua1_0.last_updusr_id,ua1_0.last_updt_pnttm,ua1_0.mber_ty_code from nemplyrscrtyestbs ua1_0 where ua1_0.scrty_dtrmn_trget_id=?
2026-03-16 17:10:03 [http-nio-8080-exec-3] DEBUG o.s.orm.jpa.JpaTransactionManager - Found thread-bound EntityManager [SessionImpl(1297312505<open>)] for JPA transaction
2026-03-16 17:10:03 [http-nio-8080-exec-3] DEBUG o.s.orm.jpa.JpaTransactionManager - Participating in existing transaction
2026-03-16 17:10:03 [http-nio-8080-exec-3] DEBUG org.hibernate.SQL - select ua1_0.scrty_dtrmn_trget_id,ua1_0.author_code,ua1_0.frst_register_id,ua1_0.frst_regist_pnttm,ua1_0.last_updusr_id,ua1_0.last_updt_pnttm,ua1_0.mber_ty_code from nemplyrscrtyestbs ua1_0 where ua1_0.scrty_dtrmn_trget_id=?
2026-03-16 17:10:04 [http-nio-8080-exec-10] DEBUG o.s.orm.jpa.JpaTransactionManager - Initiating transaction commit
2026-03-16 17:10:04 [http-nio-8080-exec-10] DEBUG o.s.orm.jpa.JpaTransactionManager - Committing JPA transaction on EntityManager [SessionImpl(1404384100<open>)]
2026-03-16 17:10:04 [http-nio-8080-exec-3] DEBUG o.s.orm.jpa.JpaTransactionManager - Initiating transaction commit
2026-03-16 17:10:04 [http-nio-8080-exec-3] DEBUG o.s.orm.jpa.JpaTransactionManager - Committing JPA transaction on EntityManager [SessionImpl(1297312505<open>)]
2026-03-16 17:10:04 [http-nio-8080-exec-10] DEBUG o.s.orm.jpa.JpaTransactionManager - Closing JPA EntityManager [SessionImpl(1404384100<open>)] after transaction
2026-03-16 17:10:04 [http-nio-8080-exec-10] DEBUG c.c.p.s.jwt.JwtAuthenticationFilter - >>> [JwtFilter] Successfully authenticated user: USRCNFRM_99999999999, Authorities: [ROLE_ADMIN]
2026-03-16 17:10:04 [http-nio-8080-exec-10] DEBUG o.s.web.servlet.DispatcherServlet - GET "/api/v1/menu/head", parameters={}
2026-03-16 17:10:04 [http-nio-8080-exec-10] TRACE o.s.w.s.m.m.a.RequestMappingHandlerMapping - Mapped to com.company.project.api.controller.menu.MenuController#getHeadMenu()
2026-03-16 17:10:04 [http-nio-8080-exec-10] INFO  c.c.p.a.c.menu.MenuController - getHeadMenu called
2026-03-16 17:10:04 [http-nio-8080-exec-10] INFO  c.c.p.a.c.menu.MenuController - getHeadMenu returned 5 items
2026-03-16 17:10:04 [http-nio-8080-exec-10] DEBUG o.s.w.s.m.m.a.HttpEntityMethodProcessor - Using 'application/json', given [application/json, text/plain, */*] and supported [application/json, application/*+json, application/yaml]
2026-03-16 17:10:04 [http-nio-8080-exec-10] TRACE o.s.w.s.m.m.a.HttpEntityMethodProcessor - Writing [ApiResponse[success=true, status=200, code=COMMON_001, message=Success, data={list=[com.company.project.service.menu.dto.MenuDto@2b80d6b0, com.company.project.service.menu.dto.MenuDto@1418cfa3, com.company.project.service.menu.dto.MenuDto@f230bf1, com.company.project.service.menu.dto.MenuDto@734a7f6a, com.company.project.service.menu.dto.MenuDto@5e5202e5]}, timestamp=2026-03-16T17:10:04.175780800]]
2026-03-16 17:10:04 [http-nio-8080-exec-10] INFO  c.c.p.a.i.OperationalAuditInterceptor - API Audit Log: URL=/api/v1/menu/head, User=webmaster, IP=0:0:0:0:0:0:0:1
2026-03-16 17:10:04 [http-nio-8080-exec-10] DEBUG o.s.web.servlet.DispatcherServlet - Completed 200 OK
2026-03-16 17:10:04 [http-nio-8080-exec-3] DEBUG o.s.orm.jpa.JpaTransactionManager - Closing JPA EntityManager [SessionImpl(1297312505<open>)] after transaction
2026-03-16 17:10:04 [http-nio-8080-exec-3] DEBUG c.c.p.s.jwt.JwtAuthenticationFilter - >>> [JwtFilter] Successfully authenticated user: USRCNFRM_99999999999, Authorities: [ROLE_ADMIN]
2026-03-16 17:10:04 [http-nio-8080-exec-3] DEBUG o.s.web.servlet.DispatcherServlet - GET "/api/v1/dashboard", parameters={}
2026-03-16 17:10:04 [http-nio-8080-exec-3] TRACE o.s.w.s.m.m.a.RequestMappingHandlerMapping - Mapped to com.company.project.api.controller.main.DashboardController#getDashboardData(UserDetails)
2026-03-16 17:10:04 [http-nio-8080-exec-19] DEBUG c.c.p.s.jwt.JwtAuthenticationFilter - >>> [JwtFilter] Processing request: GET /api/v1/menu/left
2026-03-16 17:10:04 [http-nio-8080-exec-19] DEBUG c.c.p.s.jwt.JwtAuthenticationFilter - >>> [JwtFilter] Found token in header for path: /api/v1/menu/left
2026-03-16 17:10:04 [http-nio-8080-exec-3] INFO  c.c.p.a.c.main.DashboardController - >>> [Dashboard] Fetching data for user: USRCNFRM_99999999999
2026-03-16 17:10:04 [http-nio-8080-exec-3] DEBUG o.s.orm.jpa.JpaTransactionManager - Creating new transaction with name [com.company.project.service.board.BoardService.getBoardPosts]: PROPAGATION_REQUIRED,ISOLATION_DEFAULT,readOnly
2026-03-16 17:10:04 [http-nio-8080-exec-19] DEBUG o.s.orm.jpa.JpaTransactionManager - Creating new transaction with name [com.company.project.security.iam.CustomUserDetailsService.loadUserByUsername]: PROPAGATION_REQUIRED,ISOLATION_DEFAULT,readOnly
2026-03-16 17:10:04 [http-nio-8080-exec-3] DEBUG o.s.orm.jpa.JpaTransactionManager - Opened new EntityManager [SessionImpl(1549068709<open>)] for JPA transaction
2026-03-16 17:10:04 [http-nio-8080-exec-19] DEBUG o.s.orm.jpa.JpaTransactionManager - Opened new EntityManager [SessionImpl(1206054968<open>)] for JPA transaction
2026-03-16 17:10:04 [http-nio-8080-exec-3] DEBUG o.s.orm.jpa.JpaTransactionManager - Exposing JPA transaction as JDBC [org.springframework.orm.jpa.vendor.HibernateJpaDialect$HibernateConnectionHandle@7272d842]
2026-03-16 17:10:04 [http-nio-8080-exec-3] DEBUG o.s.orm.jpa.JpaTransactionManager - Found thread-bound EntityManager [SessionImpl(1549068709<open>)] for JPA transaction
2026-03-16 17:10:04 [http-nio-8080-exec-3] DEBUG o.s.orm.jpa.JpaTransactionManager - Participating in existing transaction
2026-03-16 17:10:04 [http-nio-8080-exec-3] DEBUG org.hibernate.SQL - select bm1_0.bbs_id,bm1_0.atch_posbl_file_number,bm1_0.atch_posbl_file_size,bm1_0.bbs_attrb_code,bm1_0.bbs_intrcn,bm1_0.bbs_nm,bm1_0.bbs_ty_code,bm1_0.blog_at,bm1_0.blog_id,bm1_0.cmmnty_id,bm1_0.frst_register_id,bm1_0.frst_regist_pnttm,bm1_0.file_atch_posbl_at,bm1_0.last_updusr_id,bm1_0.last_updt_pnttm,bm1_0.reply_posbl_at,bm1_0.tmplat_id,bm1_0.use_at,bm1_1.answer_at,bm1_1.stsfdg_at from nbbsmaster bm1_0 left join nbbsmasteroptn bm1_1 on bm1_0.bbs_id=bm1_1.bbs_id where bm1_0.bbs_id=?
2026-03-16 17:10:04 [http-nio-8080-exec-13] DEBUG c.c.p.s.jwt.JwtAuthenticationFilter - >>> [JwtFilter] Processing request: GET /api/v1/menu/left
2026-03-16 17:10:04 [http-nio-8080-exec-17] DEBUG c.c.p.s.jwt.JwtAuthenticationFilter - >>> [JwtFilter] Processing request: GET /api/v1/menu/left
2026-03-16 17:10:04 [http-nio-8080-exec-9] DEBUG c.c.p.s.jwt.JwtAuthenticationFilter - >>> [JwtFilter] Processing request: GET /api/v1/menu/left
2026-03-16 17:10:04 [http-nio-8080-exec-2] DEBUG c.c.p.s.jwt.JwtAuthenticationFilter - >>> [JwtFilter] Processing request: GET /api/v1/menu/left
2026-03-16 17:10:04 [http-nio-8080-exec-13] DEBUG c.c.p.s.jwt.JwtAuthenticationFilter - >>> [JwtFilter] Found token in header for path: /api/v1/menu/left
2026-03-16 17:10:04 [http-nio-8080-exec-9] DEBUG c.c.p.s.jwt.JwtAuthenticationFilter - >>> [JwtFilter] Found token in header for path: /api/v1/menu/left
2026-03-16 17:10:04 [http-nio-8080-exec-2] DEBUG c.c.p.s.jwt.JwtAuthenticationFilter - >>> [JwtFilter] Found token in header for path: /api/v1/menu/left
2026-03-16 17:10:04 [http-nio-8080-exec-17] DEBUG c.c.p.s.jwt.JwtAuthenticationFilter - >>> [JwtFilter] Found token in header for path: /api/v1/menu/left
2026-03-16 17:10:04 [http-nio-8080-exec-2] DEBUG o.s.orm.jpa.JpaTransactionManager - Creating new transaction with name [com.company.project.security.iam.CustomUserDetailsService.loadUserByUsername]: PROPAGATION_REQUIRED,ISOLATION_DEFAULT,readOnly
2026-03-16 17:10:04 [http-nio-8080-exec-13] DEBUG o.s.orm.jpa.JpaTransactionManager - Creating new transaction with name [com.company.project.security.iam.CustomUserDetailsService.loadUserByUsername]: PROPAGATION_REQUIRED,ISOLATION_DEFAULT,readOnly
2026-03-16 17:10:04 [http-nio-8080-exec-17] DEBUG o.s.orm.jpa.JpaTransactionManager - Creating new transaction with name [com.company.project.security.iam.CustomUserDetailsService.loadUserByUsername]: PROPAGATION_REQUIRED,ISOLATION_DEFAULT,readOnly
2026-03-16 17:10:04 [http-nio-8080-exec-9] DEBUG o.s.orm.jpa.JpaTransactionManager - Creating new transaction with name [com.company.project.security.iam.CustomUserDetailsService.loadUserByUsername]: PROPAGATION_REQUIRED,ISOLATION_DEFAULT,readOnly
2026-03-16 17:10:04 [http-nio-8080-exec-2] DEBUG o.s.orm.jpa.JpaTransactionManager - Opened new EntityManager [SessionImpl(1420549981<open>)] for JPA transaction
2026-03-16 17:10:04 [http-nio-8080-exec-13] DEBUG o.s.orm.jpa.JpaTransactionManager - Opened new EntityManager [SessionImpl(1921856438<open>)] for JPA transaction
2026-03-16 17:10:04 [http-nio-8080-exec-17] DEBUG o.s.orm.jpa.JpaTransactionManager - Opened new EntityManager [SessionImpl(1754658798<open>)] for JPA transaction
2026-03-16 17:10:04 [http-nio-8080-exec-9] DEBUG o.s.orm.jpa.JpaTransactionManager - Opened new EntityManager [SessionImpl(877799117<open>)] for JPA transaction
2026-03-16 17:10:04 [http-nio-8080-exec-19] DEBUG o.s.orm.jpa.JpaTransactionManager - Exposing JPA transaction as JDBC [org.springframework.orm.jpa.vendor.HibernateJpaDialect$HibernateConnectionHandle@6e7e0beb]
2026-03-16 17:10:04 [http-nio-8080-exec-19] DEBUG o.s.orm.jpa.JpaTransactionManager - Found thread-bound EntityManager [SessionImpl(1206054968<open>)] for JPA transaction
2026-03-16 17:10:04 [http-nio-8080-exec-19] DEBUG o.s.orm.jpa.JpaTransactionManager - Participating in existing transaction
2026-03-16 17:10:04 [http-nio-8080-exec-19] DEBUG org.hibernate.SQL - select u1_0.emplyr_id,u1_0.area_no,u1_0.brthdy,u1_0.chg_pwd_cnt,u1_0.frst_register_id,u1_0.frst_regist_pnttm,u1_0.detail_adres,u1_0.email_adres,u1_0.emplyr_sttus_code,u1_0.empl_no,u1_0.esntl_id,u1_0.fxnum,u1_0.group_id,u1_0.house_adres,u1_0.house_end_telno,u1_0.house_middle_telno,u1_0.ihidnum,u1_0.pstinst_code,u1_0.last_updusr_id,u1_0.last_updt_pnttm,u1_0.lock_at,u1_0.lock_cnt,u1_0.lock_last_pnttm,u1_0.mbtlnum,u1_0.ofcps_nm,u1_0.offm_telno,u1_0.orgnzt_id,u1_0.password,u1_0.password_cnsr,u1_0.password_hint,u1_0.chg_pwd_last_pnttm,u1_0.role,u1_0.sbscrb_de,u1_0.sexdstn_code,u1_0.crtfc_dn_value,u1_0.user_nm,u1_0.zip from nemplyrinfo u1_0 where u1_0.emplyr_id=?
2026-03-16 17:10:04 [http-nio-8080-exec-3] DEBUG org.hibernate.SQL - select b1_0.ntt_id,b1_0.bbs_id,b1_0.ntt_sj,b1_0.ntcr_nm,b1_0.frst_regist_pnttm,b1_0.rdcnt,b1_0.answer_at,b1_0.parntsctt_no,b1_0.answer_lc,b1_0.sort_ordr,b1_0.ntt_no,b1_0.notice_at,b1_0.secret_at,b1_0.comment_co from nbbs b1_0 left join nemplyrinfo u1_0 on b1_0.frst_register_id=u1_0.esntl_id where (b1_0.use_at = 'Y') and b1_0.bbs_id=? order by b1_0.sort_ordr desc,b1_0.ntt_no offset ? rows fetch first ? rows only
2026-03-16 17:10:04 [http-nio-8080-exec-17] DEBUG o.s.orm.jpa.JpaTransactionManager - Exposing JPA transaction as JDBC [org.springframework.orm.jpa.vendor.HibernateJpaDialect$HibernateConnectionHandle@403f240d]
2026-03-16 17:10:04 [http-nio-8080-exec-9] DEBUG o.s.orm.jpa.JpaTransactionManager - Exposing JPA transaction as JDBC [org.springframework.orm.jpa.vendor.HibernateJpaDialect$HibernateConnectionHandle@7d9758b9]
2026-03-16 17:10:04 [http-nio-8080-exec-2] DEBUG o.s.orm.jpa.JpaTransactionManager - Exposing JPA transaction as JDBC [org.springframework.orm.jpa.vendor.HibernateJpaDialect$HibernateConnectionHandle@404d905b]
2026-03-16 17:10:04 [http-nio-8080-exec-13] DEBUG o.s.orm.jpa.JpaTransactionManager - Exposing JPA transaction as JDBC [org.springframework.orm.jpa.vendor.HibernateJpaDialect$HibernateConnectionHandle@5196036a]
2026-03-16 17:10:04 [http-nio-8080-exec-17] DEBUG o.s.orm.jpa.JpaTransactionManager - Found thread-bound EntityManager [SessionImpl(1754658798<open>)] for JPA transaction
2026-03-16 17:10:04 [http-nio-8080-exec-9] DEBUG o.s.orm.jpa.JpaTransactionManager - Found thread-bound EntityManager [SessionImpl(877799117<open>)] for JPA transaction
2026-03-16 17:10:04 [http-nio-8080-exec-17] DEBUG o.s.orm.jpa.JpaTransactionManager - Participating in existing transaction
2026-03-16 17:10:04 [http-nio-8080-exec-17] DEBUG org.hibernate.SQL - select u1_0.emplyr_id,u1_0.area_no,u1_0.brthdy,u1_0.chg_pwd_cnt,u1_0.frst_register_id,u1_0.frst_regist_pnttm,u1_0.detail_adres,u1_0.email_adres,u1_0.emplyr_sttus_code,u1_0.empl_no,u1_0.esntl_id,u1_0.fxnum,u1_0.group_id,u1_0.house_adres,u1_0.house_end_telno,u1_0.house_middle_telno,u1_0.ihidnum,u1_0.pstinst_code,u1_0.last_updusr_id,u1_0.last_updt_pnttm,u1_0.lock_at,u1_0.lock_cnt,u1_0.lock_last_pnttm,u1_0.mbtlnum,u1_0.ofcps_nm,u1_0.offm_telno,u1_0.orgnzt_id,u1_0.password,u1_0.password_cnsr,u1_0.password_hint,u1_0.chg_pwd_last_pnttm,u1_0.role,u1_0.sbscrb_de,u1_0.sexdstn_code,u1_0.crtfc_dn_value,u1_0.user_nm,u1_0.zip from nemplyrinfo u1_0 where u1_0.emplyr_id=?
2026-03-16 17:10:04 [http-nio-8080-exec-2] DEBUG o.s.orm.jpa.JpaTransactionManager - Found thread-bound EntityManager [SessionImpl(1420549981<open>)] for JPA transaction
2026-03-16 17:10:04 [http-nio-8080-exec-2] DEBUG o.s.orm.jpa.JpaTransactionManager - Participating in existing transaction
2026-03-16 17:10:04 [http-nio-8080-exec-13] DEBUG o.s.orm.jpa.JpaTransactionManager - Found thread-bound EntityManager [SessionImpl(1921856438<open>)] for JPA transaction
2026-03-16 17:10:04 [http-nio-8080-exec-9] DEBUG o.s.orm.jpa.JpaTransactionManager - Participating in existing transaction
2026-03-16 17:10:04 [http-nio-8080-exec-13] DEBUG o.s.orm.jpa.JpaTransactionManager - Participating in existing transaction
2026-03-16 17:10:04 [http-nio-8080-exec-13] DEBUG org.hibernate.SQL - select u1_0.emplyr_id,u1_0.area_no,u1_0.brthdy,u1_0.chg_pwd_cnt,u1_0.frst_register_id,u1_0.frst_regist_pnttm,u1_0.detail_adres,u1_0.email_adres,u1_0.emplyr_sttus_code,u1_0.empl_no,u1_0.esntl_id,u1_0.fxnum,u1_0.group_id,u1_0.house_adres,u1_0.house_end_telno,u1_0.house_middle_telno,u1_0.ihidnum,u1_0.pstinst_code,u1_0.last_updusr_id,u1_0.last_updt_pnttm,u1_0.lock_at,u1_0.lock_cnt,u1_0.lock_last_pnttm,u1_0.mbtlnum,u1_0.ofcps_nm,u1_0.offm_telno,u1_0.orgnzt_id,u1_0.password,u1_0.password_cnsr,u1_0.password_hint,u1_0.chg_pwd_last_pnttm,u1_0.role,u1_0.sbscrb_de,u1_0.sexdstn_code,u1_0.crtfc_dn_value,u1_0.user_nm,u1_0.zip from nemplyrinfo u1_0 where u1_0.emplyr_id=?
2026-03-16 17:10:04 [http-nio-8080-exec-2] DEBUG org.hibernate.SQL - select u1_0.emplyr_id,u1_0.area_no,u1_0.brthdy,u1_0.chg_pwd_cnt,u1_0.frst_register_id,u1_0.frst_regist_pnttm,u1_0.detail_adres,u1_0.email_adres,u1_0.emplyr_sttus_code,u1_0.empl_no,u1_0.esntl_id,u1_0.fxnum,u1_0.group_id,u1_0.house_adres,u1_0.house_end_telno,u1_0.house_middle_telno,u1_0.ihidnum,u1_0.pstinst_code,u1_0.last_updusr_id,u1_0.last_updt_pnttm,u1_0.lock_at,u1_0.lock_cnt,u1_0.lock_last_pnttm,u1_0.mbtlnum,u1_0.ofcps_nm,u1_0.offm_telno,u1_0.orgnzt_id,u1_0.password,u1_0.password_cnsr,u1_0.password_hint,u1_0.chg_pwd_last_pnttm,u1_0.role,u1_0.sbscrb_de,u1_0.sexdstn_code,u1_0.crtfc_dn_value,u1_0.user_nm,u1_0.zip from nemplyrinfo u1_0 where u1_0.emplyr_id=?
2026-03-16 17:10:04 [http-nio-8080-exec-9] DEBUG org.hibernate.SQL - select u1_0.emplyr_id,u1_0.area_no,u1_0.brthdy,u1_0.chg_pwd_cnt,u1_0.frst_register_id,u1_0.frst_regist_pnttm,u1_0.detail_adres,u1_0.email_adres,u1_0.emplyr_sttus_code,u1_0.empl_no,u1_0.esntl_id,u1_0.fxnum,u1_0.group_id,u1_0.house_adres,u1_0.house_end_telno,u1_0.house_middle_telno,u1_0.ihidnum,u1_0.pstinst_code,u1_0.last_updusr_id,u1_0.last_updt_pnttm,u1_0.lock_at,u1_0.lock_cnt,u1_0.lock_last_pnttm,u1_0.mbtlnum,u1_0.ofcps_nm,u1_0.offm_telno,u1_0.orgnzt_id,u1_0.password,u1_0.password_cnsr,u1_0.password_hint,u1_0.chg_pwd_last_pnttm,u1_0.role,u1_0.sbscrb_de,u1_0.sexdstn_code,u1_0.crtfc_dn_value,u1_0.user_nm,u1_0.zip from nemplyrinfo u1_0 where u1_0.emplyr_id=?
2026-03-16 17:10:04 [http-nio-8080-exec-19] DEBUG o.s.orm.jpa.JpaTransactionManager - Found thread-bound EntityManager [SessionImpl(1206054968<open>)] for JPA transaction
2026-03-16 17:10:04 [http-nio-8080-exec-19] DEBUG o.s.orm.jpa.JpaTransactionManager - Participating in existing transaction
2026-03-16 17:10:04 [http-nio-8080-exec-19] DEBUG org.hibernate.SQL - select ua1_0.scrty_dtrmn_trget_id,ua1_0.author_code,ua1_0.frst_register_id,ua1_0.frst_regist_pnttm,ua1_0.last_updusr_id,ua1_0.last_updt_pnttm,ua1_0.mber_ty_code from nemplyrscrtyestbs ua1_0 where ua1_0.scrty_dtrmn_trget_id=?
2026-03-16 17:10:04 [http-nio-8080-exec-13] DEBUG o.s.orm.jpa.JpaTransactionManager - Found thread-bound EntityManager [SessionImpl(1921856438<open>)] for JPA transaction
2026-03-16 17:10:04 [http-nio-8080-exec-2] DEBUG o.s.orm.jpa.JpaTransactionManager - Found thread-bound EntityManager [SessionImpl(1420549981<open>)] for JPA transaction
2026-03-16 17:10:04 [http-nio-8080-exec-13] DEBUG o.s.orm.jpa.JpaTransactionManager - Participating in existing transaction
2026-03-16 17:10:04 [http-nio-8080-exec-2] DEBUG o.s.orm.jpa.JpaTransactionManager - Participating in existing transaction
2026-03-16 17:10:04 [http-nio-8080-exec-13] DEBUG org.hibernate.SQL - select ua1_0.scrty_dtrmn_trget_id,ua1_0.author_code,ua1_0.frst_register_id,ua1_0.frst_regist_pnttm,ua1_0.last_updusr_id,ua1_0.last_updt_pnttm,ua1_0.mber_ty_code from nemplyrscrtyestbs ua1_0 where ua1_0.scrty_dtrmn_trget_id=?
2026-03-16 17:10:04 [http-nio-8080-exec-2] DEBUG org.hibernate.SQL - select ua1_0.scrty_dtrmn_trget_id,ua1_0.author_code,ua1_0.frst_register_id,ua1_0.frst_regist_pnttm,ua1_0.last_updusr_id,ua1_0.last_updt_pnttm,ua1_0.mber_ty_code from nemplyrscrtyestbs ua1_0 where ua1_0.scrty_dtrmn_trget_id=?
2026-03-16 17:10:04 [http-nio-8080-exec-3] DEBUG org.hibernate.SQL - select count(b1_0.ntt_id) from nbbs b1_0 left join nemplyrinfo u1_0 on b1_0.frst_register_id=u1_0.esntl_id where (b1_0.use_at = 'Y') and b1_0.bbs_id=?
2026-03-16 17:10:04 [http-nio-8080-exec-9] DEBUG o.s.orm.jpa.JpaTransactionManager - Found thread-bound EntityManager [SessionImpl(877799117<open>)] for JPA transaction
2026-03-16 17:10:04 [http-nio-8080-exec-9] DEBUG o.s.orm.jpa.JpaTransactionManager - Participating in existing transaction
2026-03-16 17:10:04 [http-nio-8080-exec-17] DEBUG o.s.orm.jpa.JpaTransactionManager - Found thread-bound EntityManager [SessionImpl(1754658798<open>)] for JPA transaction
2026-03-16 17:10:04 [http-nio-8080-exec-17] DEBUG o.s.orm.jpa.JpaTransactionManager - Participating in existing transaction
2026-03-16 17:10:04 [http-nio-8080-exec-9] DEBUG org.hibernate.SQL - select ua1_0.scrty_dtrmn_trget_id,ua1_0.author_code,ua1_0.frst_register_id,ua1_0.frst_regist_pnttm,ua1_0.last_updusr_id,ua1_0.last_updt_pnttm,ua1_0.mber_ty_code from nemplyrscrtyestbs ua1_0 where ua1_0.scrty_dtrmn_trget_id=?
2026-03-16 17:10:04 [http-nio-8080-exec-17] DEBUG org.hibernate.SQL - select ua1_0.scrty_dtrmn_trget_id,ua1_0.author_code,ua1_0.frst_register_id,ua1_0.frst_regist_pnttm,ua1_0.last_updusr_id,ua1_0.last_updt_pnttm,ua1_0.mber_ty_code from nemplyrscrtyestbs ua1_0 where ua1_0.scrty_dtrmn_trget_id=?
2026-03-16 17:10:04 [http-nio-8080-exec-19] DEBUG o.s.orm.jpa.JpaTransactionManager - Initiating transaction commit
2026-03-16 17:10:04 [http-nio-8080-exec-19] DEBUG o.s.orm.jpa.JpaTransactionManager - Committing JPA transaction on EntityManager [SessionImpl(1206054968<open>)]
2026-03-16 17:10:04 [http-nio-8080-exec-13] DEBUG o.s.orm.jpa.JpaTransactionManager - Initiating transaction commit
2026-03-16 17:10:04 [http-nio-8080-exec-2] DEBUG o.s.orm.jpa.JpaTransactionManager - Initiating transaction commit
2026-03-16 17:10:04 [http-nio-8080-exec-13] DEBUG o.s.orm.jpa.JpaTransactionManager - Committing JPA transaction on EntityManager [SessionImpl(1921856438<open>)]
2026-03-16 17:10:04 [http-nio-8080-exec-2] DEBUG o.s.orm.jpa.JpaTransactionManager - Committing JPA transaction on EntityManager [SessionImpl(1420549981<open>)]
2026-03-16 17:10:04 [http-nio-8080-exec-17] DEBUG o.s.orm.jpa.JpaTransactionManager - Initiating transaction commit
2026-03-16 17:10:04 [http-nio-8080-exec-9] DEBUG o.s.orm.jpa.JpaTransactionManager - Initiating transaction commit
2026-03-16 17:10:04 [http-nio-8080-exec-17] DEBUG o.s.orm.jpa.JpaTransactionManager - Committing JPA transaction on EntityManager [SessionImpl(1754658798<open>)]
2026-03-16 17:10:04 [http-nio-8080-exec-9] DEBUG o.s.orm.jpa.JpaTransactionManager - Committing JPA transaction on EntityManager [SessionImpl(877799117<open>)]
2026-03-16 17:10:04 [http-nio-8080-exec-3] DEBUG o.s.orm.jpa.JpaTransactionManager - Initiating transaction commit
2026-03-16 17:10:04 [http-nio-8080-exec-3] DEBUG o.s.orm.jpa.JpaTransactionManager - Committing JPA transaction on EntityManager [SessionImpl(1549068709<open>)]
2026-03-16 17:10:04 [http-nio-8080-exec-19] DEBUG o.s.orm.jpa.JpaTransactionManager - Closing JPA EntityManager [SessionImpl(1206054968<open>)] after transaction
2026-03-16 17:10:04 [http-nio-8080-exec-19] DEBUG c.c.p.s.jwt.JwtAuthenticationFilter - >>> [JwtFilter] Successfully authenticated user: USRCNFRM_99999999999, Authorities: [ROLE_ADMIN]
2026-03-16 17:10:04 [http-nio-8080-exec-19] DEBUG o.s.web.servlet.DispatcherServlet - GET "/api/v1/menu/left?menuNo=10", parameters={masked}
2026-03-16 17:10:04 [http-nio-8080-exec-19] TRACE o.s.w.s.m.m.a.RequestMappingHandlerMapping - Mapped to com.company.project.api.controller.menu.MenuController#getLeftMenu(Long)
2026-03-16 17:10:04 [http-nio-8080-exec-19] INFO  c.c.p.a.c.menu.MenuController - getLeftMenu called with menuNo=10
2026-03-16 17:10:04 [http-nio-8080-exec-19] DEBUG o.s.orm.jpa.JpaTransactionManager - Creating new transaction with name [com.company.project.service.menu.MenuService.getSubMenus]: PROPAGATION_REQUIRED,ISOLATION_DEFAULT,readOnly
2026-03-16 17:10:04 [http-nio-8080-exec-19] DEBUG o.s.orm.jpa.JpaTransactionManager - Opened new EntityManager [SessionImpl(653891683<open>)] for JPA transaction
2026-03-16 17:10:04 [http-nio-8080-exec-19] DEBUG o.s.orm.jpa.JpaTransactionManager - Exposing JPA transaction as JDBC [org.springframework.orm.jpa.vendor.HibernateJpaDialect$HibernateConnectionHandle@4171276a]
2026-03-16 17:10:04 [http-nio-8080-exec-19] DEBUG org.hibernate.SQL - select m1_0.menu_no,m1_0.menu_dc,m1_0.menu_nm,m1_0.menu_ordr,m1_0.modern_route,m1_0.progrm_file_nm,m1_0.relate_image_nm,m1_0.relate_image_path,m1_0.route_updated_at,m1_0.upper_menu_no from nmenuinfo m1_0 order by m1_0.upper_menu_no,m1_0.menu_ordr
2026-03-16 17:10:04 [http-nio-8080-exec-2] DEBUG o.s.orm.jpa.JpaTransactionManager - Closing JPA EntityManager [SessionImpl(1420549981<open>)] after transaction
2026-03-16 17:10:04 [http-nio-8080-exec-13] DEBUG o.s.orm.jpa.JpaTransactionManager - Closing JPA EntityManager [SessionImpl(1921856438<open>)] after transaction
2026-03-16 17:10:04 [http-nio-8080-exec-2] DEBUG c.c.p.s.jwt.JwtAuthenticationFilter - >>> [JwtFilter] Successfully authenticated user: USRCNFRM_99999999999, Authorities: [ROLE_ADMIN]
2026-03-16 17:10:04 [http-nio-8080-exec-13] DEBUG c.c.p.s.jwt.JwtAuthenticationFilter - >>> [JwtFilter] Successfully authenticated user: USRCNFRM_99999999999, Authorities: [ROLE_ADMIN]
2026-03-16 17:10:04 [http-nio-8080-exec-13] DEBUG o.s.web.servlet.DispatcherServlet - GET "/api/v1/menu/left?menuNo=60", parameters={masked}
2026-03-16 17:10:04 [http-nio-8080-exec-2] DEBUG o.s.web.servlet.DispatcherServlet - GET "/api/v1/menu/left?menuNo=20", parameters={masked}
2026-03-16 17:10:04 [http-nio-8080-exec-2] TRACE o.s.w.s.m.m.a.RequestMappingHandlerMapping - Mapped to com.company.project.api.controller.menu.MenuController#getLeftMenu(Long)
2026-03-16 17:10:04 [http-nio-8080-exec-13] TRACE o.s.w.s.m.m.a.RequestMappingHandlerMapping - Mapped to com.company.project.api.controller.menu.MenuController#getLeftMenu(Long)
2026-03-16 17:10:04 [http-nio-8080-exec-2] INFO  c.c.p.a.c.menu.MenuController - getLeftMenu called with menuNo=20
2026-03-16 17:10:04 [http-nio-8080-exec-13] INFO  c.c.p.a.c.menu.MenuController - getLeftMenu called with menuNo=60
2026-03-16 17:10:04 [http-nio-8080-exec-2] DEBUG o.s.orm.jpa.JpaTransactionManager - Creating new transaction with name [com.company.project.service.menu.MenuService.getSubMenus]: PROPAGATION_REQUIRED,ISOLATION_DEFAULT,readOnly
2026-03-16 17:10:04 [http-nio-8080-exec-13] DEBUG o.s.orm.jpa.JpaTransactionManager - Creating new transaction with name [com.company.project.service.menu.MenuService.getSubMenus]: PROPAGATION_REQUIRED,ISOLATION_DEFAULT,readOnly
2026-03-16 17:10:04 [http-nio-8080-exec-2] DEBUG o.s.orm.jpa.JpaTransactionManager - Opened new EntityManager [SessionImpl(1055339008<open>)] for JPA transaction
2026-03-16 17:10:04 [http-nio-8080-exec-13] DEBUG o.s.orm.jpa.JpaTransactionManager - Opened new EntityManager [SessionImpl(1723663527<open>)] for JPA transaction
2026-03-16 17:10:04 [http-nio-8080-exec-2] DEBUG o.s.orm.jpa.JpaTransactionManager - Exposing JPA transaction as JDBC [org.springframework.orm.jpa.vendor.HibernateJpaDialect$HibernateConnectionHandle@7c87bb17]
2026-03-16 17:10:04 [http-nio-8080-exec-13] DEBUG o.s.orm.jpa.JpaTransactionManager - Exposing JPA transaction as JDBC [org.springframework.orm.jpa.vendor.HibernateJpaDialect$HibernateConnectionHandle@1c3eefa]
2026-03-16 17:10:04 [http-nio-8080-exec-2] DEBUG org.hibernate.SQL - select m1_0.menu_no,m1_0.menu_dc,m1_0.menu_nm,m1_0.menu_ordr,m1_0.modern_route,m1_0.progrm_file_nm,m1_0.relate_image_nm,m1_0.relate_image_path,m1_0.route_updated_at,m1_0.upper_menu_no from nmenuinfo m1_0 order by m1_0.upper_menu_no,m1_0.menu_ordr
2026-03-16 17:10:04 [http-nio-8080-exec-13] DEBUG org.hibernate.SQL - select m1_0.menu_no,m1_0.menu_dc,m1_0.menu_nm,m1_0.menu_ordr,m1_0.modern_route,m1_0.progrm_file_nm,m1_0.relate_image_nm,m1_0.relate_image_path,m1_0.route_updated_at,m1_0.upper_menu_no from nmenuinfo m1_0 order by m1_0.upper_menu_no,m1_0.menu_ordr
2026-03-16 17:10:04 [http-nio-8080-exec-17] DEBUG o.s.orm.jpa.JpaTransactionManager - Closing JPA EntityManager [SessionImpl(1754658798<open>)] after transaction
2026-03-16 17:10:04 [http-nio-8080-exec-9] DEBUG o.s.orm.jpa.JpaTransactionManager - Closing JPA EntityManager [SessionImpl(877799117<open>)] after transaction
2026-03-16 17:10:04 [http-nio-8080-exec-3] DEBUG o.s.orm.jpa.JpaTransactionManager - Closing JPA EntityManager [SessionImpl(1549068709<open>)] after transaction
2026-03-16 17:10:04 [http-nio-8080-exec-17] DEBUG c.c.p.s.jwt.JwtAuthenticationFilter - >>> [JwtFilter] Successfully authenticated user: USRCNFRM_99999999999, Authorities: [ROLE_ADMIN]
2026-03-16 17:10:04 [http-nio-8080-exec-9] DEBUG c.c.p.s.jwt.JwtAuthenticationFilter - >>> [JwtFilter] Successfully authenticated user: USRCNFRM_99999999999, Authorities: [ROLE_ADMIN]
2026-03-16 17:10:04 [http-nio-8080-exec-3] DEBUG o.s.orm.jpa.JpaTransactionManager - Creating new transaction with name [com.company.project.service.board.BoardService.getBoardPosts]: PROPAGATION_REQUIRED,ISOLATION_DEFAULT,readOnly
2026-03-16 17:10:04 [http-nio-8080-exec-3] DEBUG o.s.orm.jpa.JpaTransactionManager - Opened new EntityManager [SessionImpl(1355963818<open>)] for JPA transaction
2026-03-16 17:10:04 [http-nio-8080-exec-3] DEBUG o.s.orm.jpa.JpaTransactionManager - Exposing JPA transaction as JDBC [org.springframework.orm.jpa.vendor.HibernateJpaDialect$HibernateConnectionHandle@2d3664b3]
2026-03-16 17:10:04 [http-nio-8080-exec-3] DEBUG o.s.orm.jpa.JpaTransactionManager - Found thread-bound EntityManager [SessionImpl(1355963818<open>)] for JPA transaction
2026-03-16 17:10:04 [http-nio-8080-exec-17] DEBUG o.s.web.servlet.DispatcherServlet - GET "/api/v1/menu/left?menuNo=50", parameters={masked}
2026-03-16 17:10:04 [http-nio-8080-exec-9] DEBUG o.s.web.servlet.DispatcherServlet - GET "/api/v1/menu/left?menuNo=40", parameters={masked}
2026-03-16 17:10:04 [http-nio-8080-exec-3] DEBUG o.s.orm.jpa.JpaTransactionManager - Participating in existing transaction
2026-03-16 17:10:04 [http-nio-8080-exec-3] DEBUG org.hibernate.SQL - select bm1_0.bbs_id,bm1_0.atch_posbl_file_number,bm1_0.atch_posbl_file_size,bm1_0.bbs_attrb_code,bm1_0.bbs_intrcn,bm1_0.bbs_nm,bm1_0.bbs_ty_code,bm1_0.blog_at,bm1_0.blog_id,bm1_0.cmmnty_id,bm1_0.frst_register_id,bm1_0.frst_regist_pnttm,bm1_0.file_atch_posbl_at,bm1_0.last_updusr_id,bm1_0.last_updt_pnttm,bm1_0.reply_posbl_at,bm1_0.tmplat_id,bm1_0.use_at,bm1_1.answer_at,bm1_1.stsfdg_at from nbbsmaster bm1_0 left join nbbsmasteroptn bm1_1 on bm1_0.bbs_id=bm1_1.bbs_id where bm1_0.bbs_id=?
2026-03-16 17:10:04 [http-nio-8080-exec-17] TRACE o.s.w.s.m.m.a.RequestMappingHandlerMapping - Mapped to com.company.project.api.controller.menu.MenuController#getLeftMenu(Long)
2026-03-16 17:10:04 [http-nio-8080-exec-9] TRACE o.s.w.s.m.m.a.RequestMappingHandlerMapping - Mapped to com.company.project.api.controller.menu.MenuController#getLeftMenu(Long)
2026-03-16 17:10:04 [http-nio-8080-exec-17] INFO  c.c.p.a.c.menu.MenuController - getLeftMenu called with menuNo=50
2026-03-16 17:10:04 [http-nio-8080-exec-9] INFO  c.c.p.a.c.menu.MenuController - getLeftMenu called with menuNo=40
2026-03-16 17:10:04 [http-nio-8080-exec-17] DEBUG o.s.orm.jpa.JpaTransactionManager - Creating new transaction with name [com.company.project.service.menu.MenuService.getSubMenus]: PROPAGATION_REQUIRED,ISOLATION_DEFAULT,readOnly
2026-03-16 17:10:04 [http-nio-8080-exec-9] DEBUG o.s.orm.jpa.JpaTransactionManager - Creating new transaction with name [com.company.project.service.menu.MenuService.getSubMenus]: PROPAGATION_REQUIRED,ISOLATION_DEFAULT,readOnly
2026-03-16 17:10:04 [http-nio-8080-exec-9] DEBUG o.s.orm.jpa.JpaTransactionManager - Opened new EntityManager [SessionImpl(390657075<open>)] for JPA transaction
2026-03-16 17:10:04 [http-nio-8080-exec-17] DEBUG o.s.orm.jpa.JpaTransactionManager - Opened new EntityManager [SessionImpl(741042751<open>)] for JPA transaction
2026-03-16 17:10:04 [http-nio-8080-exec-9] DEBUG o.s.orm.jpa.JpaTransactionManager - Exposing JPA transaction as JDBC [org.springframework.orm.jpa.vendor.HibernateJpaDialect$HibernateConnectionHandle@358bab17]
2026-03-16 17:10:04 [http-nio-8080-exec-17] DEBUG o.s.orm.jpa.JpaTransactionManager - Exposing JPA transaction as JDBC [org.springframework.orm.jpa.vendor.HibernateJpaDialect$HibernateConnectionHandle@79d981ba]
2026-03-16 17:10:04 [http-nio-8080-exec-9] DEBUG org.hibernate.SQL - select m1_0.menu_no,m1_0.menu_dc,m1_0.menu_nm,m1_0.menu_ordr,m1_0.modern_route,m1_0.progrm_file_nm,m1_0.relate_image_nm,m1_0.relate_image_path,m1_0.route_updated_at,m1_0.upper_menu_no from nmenuinfo m1_0 order by m1_0.upper_menu_no,m1_0.menu_ordr
2026-03-16 17:10:04 [http-nio-8080-exec-17] DEBUG org.hibernate.SQL - select m1_0.menu_no,m1_0.menu_dc,m1_0.menu_nm,m1_0.menu_ordr,m1_0.modern_route,m1_0.progrm_file_nm,m1_0.relate_image_nm,m1_0.relate_image_path,m1_0.route_updated_at,m1_0.upper_menu_no from nmenuinfo m1_0 order by m1_0.upper_menu_no,m1_0.menu_ordr
2026-03-16 17:10:05 [http-nio-8080-exec-3] DEBUG org.hibernate.SQL - select b1_0.ntt_id,b1_0.bbs_id,b1_0.ntt_sj,b1_0.ntcr_nm,b1_0.frst_regist_pnttm,b1_0.rdcnt,b1_0.answer_at,b1_0.parntsctt_no,b1_0.answer_lc,b1_0.sort_ordr,b1_0.ntt_no,b1_0.notice_at,b1_0.secret_at,b1_0.comment_co from nbbs b1_0 left join nemplyrinfo u1_0 on b1_0.frst_register_id=u1_0.esntl_id where (b1_0.use_at = 'Y') and b1_0.bbs_id=? order by b1_0.sort_ordr desc,b1_0.ntt_no offset ? rows fetch first ? rows only
2026-03-16 17:10:05 [http-nio-8080-exec-19] DEBUG o.s.orm.jpa.JpaTransactionManager - Found thread-bound EntityManager [SessionImpl(653891683<open>)] for JPA transaction
2026-03-16 17:10:05 [http-nio-8080-exec-19] DEBUG o.s.orm.jpa.JpaTransactionManager - Participating in existing transaction
2026-03-16 17:10:05 [http-nio-8080-exec-19] DEBUG org.hibernate.SQL - select p1_0.progrm_file_nm,p1_0.progrm_dc,p1_0.progrm_korean_nm,p1_0.progrm_stre_path,p1_0.url from nprogrmlist p1_0
2026-03-16 17:10:05 [http-nio-8080-exec-13] DEBUG o.s.orm.jpa.JpaTransactionManager - Found thread-bound EntityManager [SessionImpl(1723663527<open>)] for JPA transaction
2026-03-16 17:10:05 [http-nio-8080-exec-2] DEBUG o.s.orm.jpa.JpaTransactionManager - Found thread-bound EntityManager [SessionImpl(1055339008<open>)] for JPA transaction
2026-03-16 17:10:05 [http-nio-8080-exec-13] DEBUG o.s.orm.jpa.JpaTransactionManager - Participating in existing transaction
2026-03-16 17:10:05 [http-nio-8080-exec-2] DEBUG o.s.orm.jpa.JpaTransactionManager - Participating in existing transaction
2026-03-16 17:10:05 [http-nio-8080-exec-13] DEBUG org.hibernate.SQL - select p1_0.progrm_file_nm,p1_0.progrm_dc,p1_0.progrm_korean_nm,p1_0.progrm_stre_path,p1_0.url from nprogrmlist p1_0
2026-03-16 17:10:05 [http-nio-8080-exec-2] DEBUG org.hibernate.SQL - select p1_0.progrm_file_nm,p1_0.progrm_dc,p1_0.progrm_korean_nm,p1_0.progrm_stre_path,p1_0.url from nprogrmlist p1_0
2026-03-16 17:10:05 [http-nio-8080-exec-17] DEBUG o.s.orm.jpa.JpaTransactionManager - Found thread-bound EntityManager [SessionImpl(741042751<open>)] for JPA transaction
2026-03-16 17:10:05 [http-nio-8080-exec-17] DEBUG o.s.orm.jpa.JpaTransactionManager - Participating in existing transaction
2026-03-16 17:10:05 [http-nio-8080-exec-17] DEBUG org.hibernate.SQL - select p1_0.progrm_file_nm,p1_0.progrm_dc,p1_0.progrm_korean_nm,p1_0.progrm_stre_path,p1_0.url from nprogrmlist p1_0
2026-03-16 17:10:05 [http-nio-8080-exec-9] DEBUG o.s.orm.jpa.JpaTransactionManager - Found thread-bound EntityManager [SessionImpl(390657075<open>)] for JPA transaction
2026-03-16 17:10:05 [http-nio-8080-exec-9] DEBUG o.s.orm.jpa.JpaTransactionManager - Participating in existing transaction
2026-03-16 17:10:05 [http-nio-8080-exec-9] DEBUG org.hibernate.SQL - select p1_0.progrm_file_nm,p1_0.progrm_dc,p1_0.progrm_korean_nm,p1_0.progrm_stre_path,p1_0.url from nprogrmlist p1_0
2026-03-16 17:10:05 [http-nio-8080-exec-3] DEBUG org.hibernate.SQL - select count(b1_0.ntt_id) from nbbs b1_0 left join nemplyrinfo u1_0 on b1_0.frst_register_id=u1_0.esntl_id where (b1_0.use_at = 'Y') and b1_0.bbs_id=?
2026-03-16 17:10:05 [http-nio-8080-exec-19] DEBUG o.s.orm.jpa.JpaTransactionManager - Initiating transaction commit
2026-03-16 17:10:05 [http-nio-8080-exec-19] DEBUG o.s.orm.jpa.JpaTransactionManager - Committing JPA transaction on EntityManager [SessionImpl(653891683<open>)]
2026-03-16 17:10:05 [http-nio-8080-exec-2] DEBUG o.s.orm.jpa.JpaTransactionManager - Initiating transaction commit
2026-03-16 17:10:05 [http-nio-8080-exec-13] DEBUG o.s.orm.jpa.JpaTransactionManager - Initiating transaction commit
2026-03-16 17:10:05 [http-nio-8080-exec-2] DEBUG o.s.orm.jpa.JpaTransactionManager - Committing JPA transaction on EntityManager [SessionImpl(1055339008<open>)]
2026-03-16 17:10:05 [http-nio-8080-exec-13] DEBUG o.s.orm.jpa.JpaTransactionManager - Committing JPA transaction on EntityManager [SessionImpl(1723663527<open>)]
2026-03-16 17:10:05 [http-nio-8080-exec-17] DEBUG o.s.orm.jpa.JpaTransactionManager - Initiating transaction commit
2026-03-16 17:10:05 [http-nio-8080-exec-9] DEBUG o.s.orm.jpa.JpaTransactionManager - Initiating transaction commit
2026-03-16 17:10:05 [http-nio-8080-exec-17] DEBUG o.s.orm.jpa.JpaTransactionManager - Committing JPA transaction on EntityManager [SessionImpl(741042751<open>)]
2026-03-16 17:10:05 [http-nio-8080-exec-9] DEBUG o.s.orm.jpa.JpaTransactionManager - Committing JPA transaction on EntityManager [SessionImpl(390657075<open>)]
2026-03-16 17:10:05 [http-nio-8080-exec-3] DEBUG o.s.orm.jpa.JpaTransactionManager - Initiating transaction commit
2026-03-16 17:10:05 [http-nio-8080-exec-3] DEBUG o.s.orm.jpa.JpaTransactionManager - Committing JPA transaction on EntityManager [SessionImpl(1355963818<open>)]
2026-03-16 17:10:05 [http-nio-8080-exec-19] DEBUG o.s.orm.jpa.JpaTransactionManager - Closing JPA EntityManager [SessionImpl(653891683<open>)] after transaction
2026-03-16 17:10:05 [http-nio-8080-exec-19] INFO  c.c.p.a.c.menu.MenuController - getLeftMenu returned 5 items
2026-03-16 17:10:05 [http-nio-8080-exec-19] DEBUG o.s.w.s.m.m.a.HttpEntityMethodProcessor - Using 'application/json', given [application/json, text/plain, */*] and supported [application/json, application/*+json, application/yaml]
2026-03-16 17:10:05 [http-nio-8080-exec-19] TRACE o.s.w.s.m.m.a.HttpEntityMethodProcessor - Writing [ApiResponse[success=true, status=200, code=COMMON_001, message=Success, data={list=[com.company.project.service.menu.dto.MenuDto@12c5b3a4, com.company.project.service.menu.dto.MenuDto@11e819a, com.company.project.service.menu.dto.MenuDto@522d2550, com.company.project.service.menu.dto.MenuDto@46647f18, com.company.project.service.menu.dto.MenuDto@7983bce3]}, timestamp=2026-03-16T17:10:05.437364100]]
2026-03-16 17:10:05 [http-nio-8080-exec-19] INFO  c.c.p.a.i.OperationalAuditInterceptor - API Audit Log: URL=/api/v1/menu/left, User=webmaster, IP=0:0:0:0:0:0:0:1
2026-03-16 17:10:05 [http-nio-8080-exec-19] DEBUG o.s.web.servlet.DispatcherServlet - Completed 200 OK
2026-03-16 17:10:05 [http-nio-8080-exec-2] DEBUG o.s.orm.jpa.JpaTransactionManager - Closing JPA EntityManager [SessionImpl(1055339008<open>)] after transaction
2026-03-16 17:10:05 [http-nio-8080-exec-2] INFO  c.c.p.a.c.menu.MenuController - getLeftMenu returned 3 items
2026-03-16 17:10:05 [http-nio-8080-exec-2] DEBUG o.s.w.s.m.m.a.HttpEntityMethodProcessor - Using 'application/json', given [application/json, text/plain, */*] and supported [application/json, application/*+json, application/yaml]
2026-03-16 17:10:05 [http-nio-8080-exec-2] TRACE o.s.w.s.m.m.a.HttpEntityMethodProcessor - Writing [ApiResponse[success=true, status=200, code=COMMON_001, message=Success, data={list=[com.company.project.service.menu.dto.MenuDto@3e86bc5, com.company.project.service.menu.dto.MenuDto@1e3bbb, com.company.project.service.menu.dto.MenuDto@bc89331]}, timestamp=2026-03-16T17:10:05.481794800]]
2026-03-16 17:10:05 [http-nio-8080-exec-2] INFO  c.c.p.a.i.OperationalAuditInterceptor - API Audit Log: URL=/api/v1/menu/left, User=webmaster, IP=0:0:0:0:0:0:0:1
2026-03-16 17:10:05 [http-nio-8080-exec-2] DEBUG o.s.web.servlet.DispatcherServlet - Completed 200 OK
2026-03-16 17:10:05 [http-nio-8080-exec-13] DEBUG o.s.orm.jpa.JpaTransactionManager - Closing JPA EntityManager [SessionImpl(1723663527<open>)] after transaction
2026-03-16 17:10:05 [http-nio-8080-exec-13] INFO  c.c.p.a.c.menu.MenuController - getLeftMenu returned 1 items
2026-03-16 17:10:05 [http-nio-8080-exec-13] DEBUG o.s.w.s.m.m.a.HttpEntityMethodProcessor - Using 'application/json', given [application/json, text/plain, */*] and supported [application/json, application/*+json, application/yaml]
2026-03-16 17:10:05 [http-nio-8080-exec-13] TRACE o.s.w.s.m.m.a.HttpEntityMethodProcessor - Writing [ApiResponse[success=true, status=200, code=COMMON_001, message=Success, data={list=[com.company.project.service.menu.dto.MenuDto@74708410]}, timestamp=2026-03-16T17:10:05.484914200]]
2026-03-16 17:10:05 [http-nio-8080-exec-13] INFO  c.c.p.a.i.OperationalAuditInterceptor - API Audit Log: URL=/api/v1/menu/left, User=webmaster, IP=0:0:0:0:0:0:0:1
2026-03-16 17:10:05 [http-nio-8080-exec-13] DEBUG o.s.web.servlet.DispatcherServlet - Completed 200 OK
2026-03-16 17:10:05 [http-nio-8080-exec-9] DEBUG o.s.orm.jpa.JpaTransactionManager - Closing JPA EntityManager [SessionImpl(390657075<open>)] after transaction
2026-03-16 17:10:05 [http-nio-8080-exec-17] DEBUG o.s.orm.jpa.JpaTransactionManager - Closing JPA EntityManager [SessionImpl(741042751<open>)] after transaction
2026-03-16 17:10:05 [http-nio-8080-exec-9] INFO  c.c.p.a.c.menu.MenuController - getLeftMenu returned 2 items
2026-03-16 17:10:05 [http-nio-8080-exec-17] INFO  c.c.p.a.c.menu.MenuController - getLeftMenu returned 3 items
2026-03-16 17:10:05 [http-nio-8080-exec-9] DEBUG o.s.w.s.m.m.a.HttpEntityMethodProcessor - Using 'application/json', given [application/json, text/plain, */*] and supported [application/json, application/*+json, application/yaml]
2026-03-16 17:10:05 [http-nio-8080-exec-17] DEBUG o.s.w.s.m.m.a.HttpEntityMethodProcessor - Using 'application/json', given [application/json, text/plain, */*] and supported [application/json, application/*+json, application/yaml]
2026-03-16 17:10:05 [http-nio-8080-exec-9] TRACE o.s.w.s.m.m.a.HttpEntityMethodProcessor - Writing [ApiResponse[success=true, status=200, code=COMMON_001, message=Success, data={list=[com.company.project.service.menu.dto.MenuDto@5ca851e7, com.company.project.service.menu.dto.MenuDto@7dd517c4]}, timestamp=2026-03-16T17:10:05.509789600]]
2026-03-16 17:10:05 [http-nio-8080-exec-17] TRACE o.s.w.s.m.m.a.HttpEntityMethodProcessor - Writing [ApiResponse[success=true, status=200, code=COMMON_001, message=Success, data={list=[com.company.project.service.menu.dto.MenuDto@6512a366, com.company.project.service.menu.dto.MenuDto@3e1fc88d, com.company.project.service.menu.dto.MenuDto@3d08293f]}, timestamp=2026-03-16T17:10:05.509789600]]
2026-03-16 17:10:05 [http-nio-8080-exec-9] INFO  c.c.p.a.i.OperationalAuditInterceptor - API Audit Log: URL=/api/v1/menu/left, User=webmaster, IP=0:0:0:0:0:0:0:1
2026-03-16 17:10:05 [http-nio-8080-exec-9] DEBUG o.s.web.servlet.DispatcherServlet - Completed 200 OK
2026-03-16 17:10:05 [http-nio-8080-exec-17] INFO  c.c.p.a.i.OperationalAuditInterceptor - API Audit Log: URL=/api/v1/menu/left, User=webmaster, IP=0:0:0:0:0:0:0:1
2026-03-16 17:10:05 [http-nio-8080-exec-17] DEBUG o.s.web.servlet.DispatcherServlet - Completed 200 OK
2026-03-16 17:10:05 [http-nio-8080-exec-3] DEBUG o.s.orm.jpa.JpaTransactionManager - Closing JPA EntityManager [SessionImpl(1355963818<open>)] after transaction
2026-03-16 17:10:05 [http-nio-8080-exec-3] DEBUG o.s.orm.jpa.JpaTransactionManager - Creating new transaction with name [com.company.project.service.informalsanction.InformalSanctionServiceImpl.getReceivedInformalSanctionList]: PROPAGATION_REQUIRED,ISOLATION_DEFAULT,readOnly
2026-03-16 17:10:05 [http-nio-8080-exec-3] DEBUG o.s.orm.jpa.JpaTransactionManager - Opened new EntityManager [SessionImpl(2041997234<open>)] for JPA transaction
2026-03-16 17:10:05 [http-nio-8080-exec-3] DEBUG o.s.orm.jpa.JpaTransactionManager - Exposing JPA transaction as JDBC [org.springframework.orm.jpa.vendor.HibernateJpaDialect$HibernateConnectionHandle@5e938019]
2026-03-16 17:10:05 [http-nio-8080-exec-3] DEBUG org.hibernate.SQL - select is1_0.infrml_sanctn_id,is1_0.applcnt_id,is1_0.confm_at,is1_0.frst_register_id,is1_0.frst_regist_pnttm,is1_0.job_se_code,is1_0.last_updusr_id,is1_0.last_updt_pnttm,is1_0.reqst_de,is1_0.return_resn,is1_0.sanctn_dt,is1_0.sanctner_id from ninfrmlsanctn is1_0 where is1_0.sanctner_id=?
2026-03-16 17:10:05 [http-nio-8080-exec-12] DEBUG o.s.w.s.h.LoggingWebSocketHandlerDecorator - WebSocketServerSockJsSession[id=ecehphkw] closed with CloseStatus[code=1001, reason=null]
2026-03-16 17:10:05 [http-nio-8080-exec-12] DEBUG o.s.w.s.m.SubProtocolWebSocketHandler - Clearing session ecehphkw
2026-03-16 17:10:05 [scheduling-1] DEBUG org.springframework.web.SimpLogging - Processing DISCONNECT session=ecehphkw
2026-03-16 17:10:05 [scheduling-1] DEBUG o.s.w.s.m.SubProtocolWebSocketHandler - No session for GenericMessage [payload=byte[0], headers={simpMessageType=DISCONNECT_ACK, simpDisconnectMessage=GenericMessage [payload=byte[0], headers={simpMessageType=DISCONNECT, stompCommand=DISCONNECT, simpSessionAttributes={org.springframework.messaging.simp.SimpAttributes.COMPLETED=true}, simpSessionId=ecehphkw}], simpSessionId=ecehphkw}]
2026-03-16 17:10:05 [http-nio-8080-exec-3] DEBUG o.s.orm.jpa.JpaTransactionManager - Initiating transaction commit
2026-03-16 17:10:05 [http-nio-8080-exec-3] DEBUG o.s.orm.jpa.JpaTransactionManager - Committing JPA transaction on EntityManager [SessionImpl(2041997234<open>)]
2026-03-16 17:10:05 [http-nio-8080-exec-3] DEBUG o.s.orm.jpa.JpaTransactionManager - Closing JPA EntityManager [SessionImpl(2041997234<open>)] after transaction
2026-03-16 17:10:05 [http-nio-8080-exec-3] DEBUG o.s.w.s.m.m.a.HttpEntityMethodProcessor - Using 'application/json', given [application/json, text/plain, */*] and supported [application/json, application/*+json, application/yaml]
2026-03-16 17:10:05 [http-nio-8080-exec-3] TRACE o.s.w.s.m.m.a.HttpEntityMethodProcessor - Writing [{notiList=[com.company.project.service.board.dto.BoardDto@73b26ab7], success=true, taskList=[com.company.project.service.board.dto.BoardDto@1b227736], pendingApprovalCount=0}]
2026-03-16 17:10:05 [http-nio-8080-exec-3] INFO  c.c.p.a.i.OperationalAuditInterceptor - API Audit Log: URL=/api/v1/dashboard, User=webmaster, IP=0:0:0:0:0:0:0:1
2026-03-16 17:10:05 [http-nio-8080-exec-3] DEBUG o.s.web.servlet.DispatcherServlet - Completed 200 OK
2026-03-16 17:10:06 [http-nio-8080-exec-15] DEBUG c.c.p.s.jwt.JwtAuthenticationFilter - >>> [JwtFilter] Processing request: GET /api/v1/menu/left
2026-03-16 17:10:06 [http-nio-8080-exec-15] DEBUG c.c.p.s.jwt.JwtAuthenticationFilter - >>> [JwtFilter] Found token in header for path: /api/v1/menu/left
2026-03-16 17:10:06 [http-nio-8080-exec-15] DEBUG o.s.orm.jpa.JpaTransactionManager - Creating new transaction with name [com.company.project.security.iam.CustomUserDetailsService.loadUserByUsername]: PROPAGATION_REQUIRED,ISOLATION_DEFAULT,readOnly
2026-03-16 17:10:06 [http-nio-8080-exec-15] DEBUG o.s.orm.jpa.JpaTransactionManager - Opened new EntityManager [SessionImpl(1337682544<open>)] for JPA transaction
2026-03-16 17:10:06 [http-nio-8080-exec-10] DEBUG c.c.p.s.jwt.JwtAuthenticationFilter - >>> [JwtFilter] Processing request: GET /api/v1/auth/me
2026-03-16 17:10:06 [http-nio-8080-exec-8] DEBUG c.c.p.s.jwt.JwtAuthenticationFilter - >>> [JwtFilter] Processing request: GET /api/v1/menu/head
2026-03-16 17:10:06 [http-nio-8080-exec-10] DEBUG c.c.p.s.jwt.JwtAuthenticationFilter - >>> [JwtFilter] Found token in header for path: /api/v1/auth/me
2026-03-16 17:10:06 [http-nio-8080-exec-8] DEBUG c.c.p.s.jwt.JwtAuthenticationFilter - >>> [JwtFilter] Found token in header for path: /api/v1/menu/head
2026-03-16 17:10:06 [http-nio-8080-exec-8] DEBUG o.s.orm.jpa.JpaTransactionManager - Creating new transaction with name [com.company.project.security.iam.CustomUserDetailsService.loadUserByUsername]: PROPAGATION_REQUIRED,ISOLATION_DEFAULT,readOnly
2026-03-16 17:10:06 [http-nio-8080-exec-10] DEBUG o.s.orm.jpa.JpaTransactionManager - Creating new transaction with name [com.company.project.security.iam.CustomUserDetailsService.loadUserByUsername]: PROPAGATION_REQUIRED,ISOLATION_DEFAULT,readOnly
2026-03-16 17:10:06 [http-nio-8080-exec-8] DEBUG o.s.orm.jpa.JpaTransactionManager - Opened new EntityManager [SessionImpl(1443140793<open>)] for JPA transaction
2026-03-16 17:10:06 [http-nio-8080-exec-10] DEBUG o.s.orm.jpa.JpaTransactionManager - Opened new EntityManager [SessionImpl(2050239916<open>)] for JPA transaction
2026-03-16 17:10:06 [http-nio-8080-exec-15] DEBUG o.s.orm.jpa.JpaTransactionManager - Exposing JPA transaction as JDBC [org.springframework.orm.jpa.vendor.HibernateJpaDialect$HibernateConnectionHandle@4d98a36e]
2026-03-16 17:10:06 [http-nio-8080-exec-15] DEBUG o.s.orm.jpa.JpaTransactionManager - Found thread-bound EntityManager [SessionImpl(1337682544<open>)] for JPA transaction
2026-03-16 17:10:06 [http-nio-8080-exec-15] DEBUG o.s.orm.jpa.JpaTransactionManager - Participating in existing transaction
2026-03-16 17:10:06 [http-nio-8080-exec-15] DEBUG org.hibernate.SQL - select u1_0.emplyr_id,u1_0.area_no,u1_0.brthdy,u1_0.chg_pwd_cnt,u1_0.frst_register_id,u1_0.frst_regist_pnttm,u1_0.detail_adres,u1_0.email_adres,u1_0.emplyr_sttus_code,u1_0.empl_no,u1_0.esntl_id,u1_0.fxnum,u1_0.group_id,u1_0.house_adres,u1_0.house_end_telno,u1_0.house_middle_telno,u1_0.ihidnum,u1_0.pstinst_code,u1_0.last_updusr_id,u1_0.last_updt_pnttm,u1_0.lock_at,u1_0.lock_cnt,u1_0.lock_last_pnttm,u1_0.mbtlnum,u1_0.ofcps_nm,u1_0.offm_telno,u1_0.orgnzt_id,u1_0.password,u1_0.password_cnsr,u1_0.password_hint,u1_0.chg_pwd_last_pnttm,u1_0.role,u1_0.sbscrb_de,u1_0.sexdstn_code,u1_0.crtfc_dn_value,u1_0.user_nm,u1_0.zip from nemplyrinfo u1_0 where u1_0.emplyr_id=?
2026-03-16 17:10:06 [http-nio-8080-exec-10] DEBUG o.s.orm.jpa.JpaTransactionManager - Exposing JPA transaction as JDBC [org.springframework.orm.jpa.vendor.HibernateJpaDialect$HibernateConnectionHandle@3dc6484a]
2026-03-16 17:10:06 [http-nio-8080-exec-8] DEBUG o.s.orm.jpa.JpaTransactionManager - Exposing JPA transaction as JDBC [org.springframework.orm.jpa.vendor.HibernateJpaDialect$HibernateConnectionHandle@40a79497]
2026-03-16 17:10:06 [http-nio-8080-exec-10] DEBUG o.s.orm.jpa.JpaTransactionManager - Found thread-bound EntityManager [SessionImpl(2050239916<open>)] for JPA transaction
2026-03-16 17:10:06 [http-nio-8080-exec-8] DEBUG o.s.orm.jpa.JpaTransactionManager - Found thread-bound EntityManager [SessionImpl(1443140793<open>)] for JPA transaction
2026-03-16 17:10:06 [http-nio-8080-exec-10] DEBUG o.s.orm.jpa.JpaTransactionManager - Participating in existing transaction
2026-03-16 17:10:06 [http-nio-8080-exec-8] DEBUG o.s.orm.jpa.JpaTransactionManager - Participating in existing transaction
2026-03-16 17:10:06 [http-nio-8080-exec-10] DEBUG org.hibernate.SQL - select u1_0.emplyr_id,u1_0.area_no,u1_0.brthdy,u1_0.chg_pwd_cnt,u1_0.frst_register_id,u1_0.frst_regist_pnttm,u1_0.detail_adres,u1_0.email_adres,u1_0.emplyr_sttus_code,u1_0.empl_no,u1_0.esntl_id,u1_0.fxnum,u1_0.group_id,u1_0.house_adres,u1_0.house_end_telno,u1_0.house_middle_telno,u1_0.ihidnum,u1_0.pstinst_code,u1_0.last_updusr_id,u1_0.last_updt_pnttm,u1_0.lock_at,u1_0.lock_cnt,u1_0.lock_last_pnttm,u1_0.mbtlnum,u1_0.ofcps_nm,u1_0.offm_telno,u1_0.orgnzt_id,u1_0.password,u1_0.password_cnsr,u1_0.password_hint,u1_0.chg_pwd_last_pnttm,u1_0.role,u1_0.sbscrb_de,u1_0.sexdstn_code,u1_0.crtfc_dn_value,u1_0.user_nm,u1_0.zip from nemplyrinfo u1_0 where u1_0.emplyr_id=?
2026-03-16 17:10:06 [http-nio-8080-exec-8] DEBUG org.hibernate.SQL - select u1_0.emplyr_id,u1_0.area_no,u1_0.brthdy,u1_0.chg_pwd_cnt,u1_0.frst_register_id,u1_0.frst_regist_pnttm,u1_0.detail_adres,u1_0.email_adres,u1_0.emplyr_sttus_code,u1_0.empl_no,u1_0.esntl_id,u1_0.fxnum,u1_0.group_id,u1_0.house_adres,u1_0.house_end_telno,u1_0.house_middle_telno,u1_0.ihidnum,u1_0.pstinst_code,u1_0.last_updusr_id,u1_0.last_updt_pnttm,u1_0.lock_at,u1_0.lock_cnt,u1_0.lock_last_pnttm,u1_0.mbtlnum,u1_0.ofcps_nm,u1_0.offm_telno,u1_0.orgnzt_id,u1_0.password,u1_0.password_cnsr,u1_0.password_hint,u1_0.chg_pwd_last_pnttm,u1_0.role,u1_0.sbscrb_de,u1_0.sexdstn_code,u1_0.crtfc_dn_value,u1_0.user_nm,u1_0.zip from nemplyrinfo u1_0 where u1_0.emplyr_id=?
2026-03-16 17:10:07 [http-nio-8080-exec-15] DEBUG o.s.orm.jpa.JpaTransactionManager - Found thread-bound EntityManager [SessionImpl(1337682544<open>)] for JPA transaction
2026-03-16 17:10:07 [http-nio-8080-exec-15] DEBUG o.s.orm.jpa.JpaTransactionManager - Participating in existing transaction
2026-03-16 17:10:07 [http-nio-8080-exec-15] DEBUG org.hibernate.SQL - select ua1_0.scrty_dtrmn_trget_id,ua1_0.author_code,ua1_0.frst_register_id,ua1_0.frst_regist_pnttm,ua1_0.last_updusr_id,ua1_0.last_updt_pnttm,ua1_0.mber_ty_code from nemplyrscrtyestbs ua1_0 where ua1_0.scrty_dtrmn_trget_id=?
2026-03-16 17:10:07 [http-nio-8080-exec-8] DEBUG o.s.orm.jpa.JpaTransactionManager - Found thread-bound EntityManager [SessionImpl(1443140793<open>)] for JPA transaction
2026-03-16 17:10:07 [http-nio-8080-exec-8] DEBUG o.s.orm.jpa.JpaTransactionManager - Participating in existing transaction
2026-03-16 17:10:07 [http-nio-8080-exec-8] DEBUG org.hibernate.SQL - select ua1_0.scrty_dtrmn_trget_id,ua1_0.author_code,ua1_0.frst_register_id,ua1_0.frst_regist_pnttm,ua1_0.last_updusr_id,ua1_0.last_updt_pnttm,ua1_0.mber_ty_code from nemplyrscrtyestbs ua1_0 where ua1_0.scrty_dtrmn_trget_id=?
2026-03-16 17:10:07 [http-nio-8080-exec-10] DEBUG o.s.orm.jpa.JpaTransactionManager - Found thread-bound EntityManager [SessionImpl(2050239916<open>)] for JPA transaction
2026-03-16 17:10:07 [http-nio-8080-exec-10] DEBUG o.s.orm.jpa.JpaTransactionManager - Participating in existing transaction
2026-03-16 17:10:07 [http-nio-8080-exec-10] DEBUG org.hibernate.SQL - select ua1_0.scrty_dtrmn_trget_id,ua1_0.author_code,ua1_0.frst_register_id,ua1_0.frst_regist_pnttm,ua1_0.last_updusr_id,ua1_0.last_updt_pnttm,ua1_0.mber_ty_code from nemplyrscrtyestbs ua1_0 where ua1_0.scrty_dtrmn_trget_id=?
2026-03-16 17:10:07 [http-nio-8080-exec-15] DEBUG o.s.orm.jpa.JpaTransactionManager - Initiating transaction commit
2026-03-16 17:10:07 [http-nio-8080-exec-15] DEBUG o.s.orm.jpa.JpaTransactionManager - Committing JPA transaction on EntityManager [SessionImpl(1337682544<open>)]
2026-03-16 17:10:07 [http-nio-8080-exec-8] DEBUG o.s.orm.jpa.JpaTransactionManager - Initiating transaction commit
2026-03-16 17:10:07 [http-nio-8080-exec-8] DEBUG o.s.orm.jpa.JpaTransactionManager - Committing JPA transaction on EntityManager [SessionImpl(1443140793<open>)]
2026-03-16 17:10:07 [http-nio-8080-exec-10] DEBUG o.s.orm.jpa.JpaTransactionManager - Initiating transaction commit
2026-03-16 17:10:07 [http-nio-8080-exec-10] DEBUG o.s.orm.jpa.JpaTransactionManager - Committing JPA transaction on EntityManager [SessionImpl(2050239916<open>)]
2026-03-16 17:10:07 [http-nio-8080-exec-15] DEBUG o.s.orm.jpa.JpaTransactionManager - Closing JPA EntityManager [SessionImpl(1337682544<open>)] after transaction
2026-03-16 17:10:07 [http-nio-8080-exec-15] DEBUG c.c.p.s.jwt.JwtAuthenticationFilter - >>> [JwtFilter] Successfully authenticated user: USRCNFRM_99999999999, Authorities: [ROLE_ADMIN]
2026-03-16 17:10:07 [http-nio-8080-exec-15] DEBUG o.s.web.servlet.DispatcherServlet - GET "/api/v1/menu/left?menuNo=10", parameters={masked}
2026-03-16 17:10:07 [http-nio-8080-exec-15] TRACE o.s.w.s.m.m.a.RequestMappingHandlerMapping - Mapped to com.company.project.api.controller.menu.MenuController#getLeftMenu(Long)
2026-03-16 17:10:07 [http-nio-8080-exec-15] INFO  c.c.p.a.c.menu.MenuController - getLeftMenu called with menuNo=10
2026-03-16 17:10:07 [http-nio-8080-exec-15] DEBUG o.s.orm.jpa.JpaTransactionManager - Creating new transaction with name [com.company.project.service.menu.MenuService.getSubMenus]: PROPAGATION_REQUIRED,ISOLATION_DEFAULT,readOnly
2026-03-16 17:10:07 [http-nio-8080-exec-15] DEBUG o.s.orm.jpa.JpaTransactionManager - Opened new EntityManager [SessionImpl(1210544293<open>)] for JPA transaction
2026-03-16 17:10:07 [http-nio-8080-exec-15] DEBUG o.s.orm.jpa.JpaTransactionManager - Exposing JPA transaction as JDBC [org.springframework.orm.jpa.vendor.HibernateJpaDialect$HibernateConnectionHandle@4b87e669]
2026-03-16 17:10:07 [http-nio-8080-exec-15] DEBUG org.hibernate.SQL - select m1_0.menu_no,m1_0.menu_dc,m1_0.menu_nm,m1_0.menu_ordr,m1_0.modern_route,m1_0.progrm_file_nm,m1_0.relate_image_nm,m1_0.relate_image_path,m1_0.route_updated_at,m1_0.upper_menu_no from nmenuinfo m1_0 order by m1_0.upper_menu_no,m1_0.menu_ordr
2026-03-16 17:10:07 [http-nio-8080-exec-8] DEBUG o.s.orm.jpa.JpaTransactionManager - Closing JPA EntityManager [SessionImpl(1443140793<open>)] after transaction
2026-03-16 17:10:07 [http-nio-8080-exec-8] DEBUG c.c.p.s.jwt.JwtAuthenticationFilter - >>> [JwtFilter] Successfully authenticated user: USRCNFRM_99999999999, Authorities: [ROLE_ADMIN]
2026-03-16 17:10:07 [http-nio-8080-exec-10] DEBUG o.s.orm.jpa.JpaTransactionManager - Closing JPA EntityManager [SessionImpl(2050239916<open>)] after transaction
2026-03-16 17:10:07 [http-nio-8080-exec-8] DEBUG o.s.web.servlet.DispatcherServlet - GET "/api/v1/menu/head", parameters={}
2026-03-16 17:10:07 [http-nio-8080-exec-10] DEBUG c.c.p.s.jwt.JwtAuthenticationFilter - >>> [JwtFilter] Successfully authenticated user: USRCNFRM_99999999999, Authorities: [ROLE_ADMIN]
2026-03-16 17:10:07 [http-nio-8080-exec-10] DEBUG o.s.web.servlet.DispatcherServlet - GET "/api/v1/auth/me", parameters={}
2026-03-16 17:10:07 [http-nio-8080-exec-8] TRACE o.s.w.s.m.m.a.RequestMappingHandlerMapping - Mapped to com.company.project.api.controller.menu.MenuController#getHeadMenu()
2026-03-16 17:10:07 [http-nio-8080-exec-10] TRACE o.s.w.s.m.m.a.RequestMappingHandlerMapping - Mapped to com.company.project.api.auth.AuthController#getCurrentUser()
2026-03-16 17:10:07 [http-nio-8080-exec-8] INFO  c.c.p.a.c.menu.MenuController - getHeadMenu called
2026-03-16 17:10:07 [http-nio-8080-exec-10] DEBUG o.s.w.s.m.m.a.RequestResponseBodyMethodProcessor - Using 'application/json', given [application/json, text/plain, */*] and supported [application/json, application/*+json, application/yaml]
2026-03-16 17:10:07 [http-nio-8080-exec-10] TRACE o.s.w.s.m.m.a.RequestResponseBodyMethodProcessor - Writing [ApiResponse[success=true, status=200, code=COMMON_001, message=Success, data={role=ROLE_ADMIN, userSe=EMP, name=관리자, id=webmaster}, timestamp=2026-03-16T17:10:07.341157]]
2026-03-16 17:10:07 [http-nio-8080-exec-10] INFO  c.c.p.a.i.OperationalAuditInterceptor - API Audit Log: URL=/api/v1/auth/me, User=webmaster, IP=127.0.0.1
2026-03-16 17:10:07 [http-nio-8080-exec-10] DEBUG o.s.web.servlet.DispatcherServlet - Completed 200 OK
2026-03-16 17:10:07 [http-nio-8080-exec-8] INFO  c.c.p.a.c.menu.MenuController - getHeadMenu returned 5 items
2026-03-16 17:10:07 [http-nio-8080-exec-8] DEBUG o.s.w.s.m.m.a.HttpEntityMethodProcessor - Using 'application/json', given [application/json, text/plain, */*] and supported [application/json, application/*+json, application/yaml]
2026-03-16 17:10:07 [http-nio-8080-exec-8] TRACE o.s.w.s.m.m.a.HttpEntityMethodProcessor - Writing [ApiResponse[success=true, status=200, code=COMMON_001, message=Success, data={list=[com.company.project.service.menu.dto.MenuDto@2b80d6b0, com.company.project.service.menu.dto.MenuDto@1418cfa3, com.company.project.service.menu.dto.MenuDto@f230bf1, com.company.project.service.menu.dto.MenuDto@734a7f6a, com.company.project.service.menu.dto.MenuDto@5e5202e5]}, timestamp=2026-03-16T17:10:07.342165900]]
2026-03-16 17:10:07 [http-nio-8080-exec-8] INFO  c.c.p.a.i.OperationalAuditInterceptor - API Audit Log: URL=/api/v1/menu/head, User=webmaster, IP=127.0.0.1
2026-03-16 17:10:07 [http-nio-8080-exec-8] DEBUG o.s.web.servlet.DispatcherServlet - Completed 200 OK
2026-03-16 17:10:07 [http-nio-8080-exec-19] DEBUG c.c.p.s.jwt.JwtAuthenticationFilter - >>> [JwtFilter] Processing request: GET /api/v1/notifications
2026-03-16 17:10:07 [http-nio-8080-exec-19] DEBUG c.c.p.s.jwt.JwtAuthenticationFilter - >>> [JwtFilter] Found token in header for path: /api/v1/notifications
2026-03-16 17:10:07 [http-nio-8080-exec-19] DEBUG o.s.orm.jpa.JpaTransactionManager - Creating new transaction with name [com.company.project.security.iam.CustomUserDetailsService.loadUserByUsername]: PROPAGATION_REQUIRED,ISOLATION_DEFAULT,readOnly
2026-03-16 17:10:07 [http-nio-8080-exec-19] DEBUG o.s.orm.jpa.JpaTransactionManager - Opened new EntityManager [SessionImpl(216326168<open>)] for JPA transaction
2026-03-16 17:10:07 [http-nio-8080-exec-9] DEBUG c.c.p.s.jwt.JwtAuthenticationFilter - >>> [JwtFilter] Processing request: GET /api/v1/admin/system/banners/reflected
2026-03-16 17:10:07 [http-nio-8080-exec-2] DEBUG c.c.p.s.jwt.JwtAuthenticationFilter - >>> [JwtFilter] Processing request: GET /api/v1/notifications/unread-count
2026-03-16 17:10:07 [http-nio-8080-exec-13] DEBUG c.c.p.s.jwt.JwtAuthenticationFilter - >>> [JwtFilter] Processing request: GET /api/v1/popups/active
2026-03-16 17:10:07 [http-nio-8080-exec-9] DEBUG c.c.p.s.jwt.JwtAuthenticationFilter - >>> [JwtFilter] Found token in header for path: /api/v1/admin/system/banners/reflected
2026-03-16 17:10:07 [http-nio-8080-exec-2] DEBUG c.c.p.s.jwt.JwtAuthenticationFilter - >>> [JwtFilter] Found token in header for path: /api/v1/notifications/unread-count
2026-03-16 17:10:07 [http-nio-8080-exec-13] DEBUG c.c.p.s.jwt.JwtAuthenticationFilter - >>> [JwtFilter] Found token in header for path: /api/v1/popups/active
2026-03-16 17:10:07 [http-nio-8080-exec-2] DEBUG o.s.orm.jpa.JpaTransactionManager - Creating new transaction with name [com.company.project.security.iam.CustomUserDetailsService.loadUserByUsername]: PROPAGATION_REQUIRED,ISOLATION_DEFAULT,readOnly
2026-03-16 17:10:07 [http-nio-8080-exec-13] DEBUG o.s.orm.jpa.JpaTransactionManager - Creating new transaction with name [com.company.project.security.iam.CustomUserDetailsService.loadUserByUsername]: PROPAGATION_REQUIRED,ISOLATION_DEFAULT,readOnly
2026-03-16 17:10:07 [http-nio-8080-exec-2] DEBUG o.s.orm.jpa.JpaTransactionManager - Opened new EntityManager [SessionImpl(377323981<open>)] for JPA transaction
2026-03-16 17:10:07 [http-nio-8080-exec-13] DEBUG o.s.orm.jpa.JpaTransactionManager - Opened new EntityManager [SessionImpl(2117385465<open>)] for JPA transaction
2026-03-16 17:10:07 [http-nio-8080-exec-9] DEBUG o.s.orm.jpa.JpaTransactionManager - Creating new transaction with name [com.company.project.security.iam.CustomUserDetailsService.loadUserByUsername]: PROPAGATION_REQUIRED,ISOLATION_DEFAULT,readOnly
2026-03-16 17:10:07 [http-nio-8080-exec-9] DEBUG o.s.orm.jpa.JpaTransactionManager - Opened new EntityManager [SessionImpl(469336342<open>)] for JPA transaction
2026-03-16 17:10:07 [http-nio-8080-exec-17] DEBUG o.s.web.servlet.DispatcherServlet - GET "/ws/info?t=1773648607556", parameters={masked}
2026-03-16 17:10:07 [http-nio-8080-exec-17] DEBUG o.s.w.s.s.s.WebSocketHandlerMapping - Mapped to org.springframework.web.socket.sockjs.support.SockJsHttpRequestHandler@3d80b7ba
2026-03-16 17:10:07 [http-nio-8080-exec-17] DEBUG o.s.w.s.s.t.h.DefaultSockJsService - Processing transport request: GET http://localhost:8080/ws/info?t=1773648607556
2026-03-16 17:10:07 [http-nio-8080-exec-17] DEBUG o.s.web.servlet.DispatcherServlet - Completed 200 OK
2026-03-16 17:10:07 [http-nio-8080-exec-12] DEBUG o.s.web.servlet.DispatcherServlet - GET "/ws/481/vdxru1jw/websocket", parameters={}
2026-03-16 17:10:07 [http-nio-8080-exec-12] DEBUG o.s.w.s.s.s.WebSocketHandlerMapping - Mapped to org.springframework.web.socket.sockjs.support.SockJsHttpRequestHandler@3d80b7ba
2026-03-16 17:10:07 [http-nio-8080-exec-12] DEBUG o.s.w.s.s.t.h.DefaultSockJsService - Processing transport request: GET http://localhost:8080/ws/481/vdxru1jw/websocket
2026-03-16 17:10:07 [http-nio-8080-exec-12] DEBUG o.s.web.servlet.DispatcherServlet - Completed 101 SWITCHING_PROTOCOLS
2026-03-16 17:10:07 [http-nio-8080-exec-12] DEBUG o.s.w.s.h.LoggingWebSocketHandlerDecorator - New WebSocketServerSockJsSession[id=vdxru1jw]
2026-03-16 17:10:07 [scheduling-1] DEBUG org.springframework.web.SimpLogging - Processing CONNECT session=vdxru1jw
2026-03-16 17:10:07 [scheduling-1] DEBUG org.springframework.web.SimpLogging - Processing SUBSCRIBE /topic/notices id=sub-0 session=vdxru1jw
2026-03-16 17:10:07 [scheduling-1] DEBUG org.springframework.web.SimpLogging - Processing SUBSCRIBE destination=/queue/notifications-uservdxru1jw subscriptionId=sub-1 session=vdxru1jw payload=byte[0]
2026-03-16 17:10:07 [scheduling-1] DEBUG org.springframework.web.SimpLogging - Processing SUBSCRIBE /topic/public id=sub-2 session=vdxru1jw
2026-03-16 17:10:07 [scheduling-1] DEBUG org.springframework.web.SimpLogging - Processing SUBSCRIBE /topic/dashboard/stats id=sub-4 session=vdxru1jw
2026-03-16 17:10:07 [scheduling-1] DEBUG org.springframework.web.SimpLogging - Processing SUBSCRIBE /topic/notifications id=sub-5 session=vdxru1jw
2026-03-16 17:10:07 [scheduling-1] DEBUG org.springframework.web.SimpLogging - Processing SUBSCRIBE destination=/queue/notifications-uservdxru1jw subscriptionId=sub-6 session=vdxru1jw payload=byte[0]
2026-03-16 17:10:07 [http-nio-8080-exec-15] DEBUG o.s.orm.jpa.JpaTransactionManager - Found thread-bound EntityManager [SessionImpl(1210544293<open>)] for JPA transaction
2026-03-16 17:10:07 [http-nio-8080-exec-15] DEBUG o.s.orm.jpa.JpaTransactionManager - Participating in existing transaction
2026-03-16 17:10:07 [http-nio-8080-exec-15] DEBUG org.hibernate.SQL - select p1_0.progrm_file_nm,p1_0.progrm_dc,p1_0.progrm_korean_nm,p1_0.progrm_stre_path,p1_0.url from nprogrmlist p1_0
2026-03-16 17:10:07 [http-nio-8080-exec-19] DEBUG o.s.orm.jpa.JpaTransactionManager - Exposing JPA transaction as JDBC [org.springframework.orm.jpa.vendor.HibernateJpaDialect$HibernateConnectionHandle@37585371]
2026-03-16 17:10:07 [http-nio-8080-exec-19] DEBUG o.s.orm.jpa.JpaTransactionManager - Found thread-bound EntityManager [SessionImpl(216326168<open>)] for JPA transaction
2026-03-16 17:10:07 [http-nio-8080-exec-19] DEBUG o.s.orm.jpa.JpaTransactionManager - Participating in existing transaction
2026-03-16 17:10:07 [http-nio-8080-exec-19] DEBUG org.hibernate.SQL - select u1_0.emplyr_id,u1_0.area_no,u1_0.brthdy,u1_0.chg_pwd_cnt,u1_0.frst_register_id,u1_0.frst_regist_pnttm,u1_0.detail_adres,u1_0.email_adres,u1_0.emplyr_sttus_code,u1_0.empl_no,u1_0.esntl_id,u1_0.fxnum,u1_0.group_id,u1_0.house_adres,u1_0.house_end_telno,u1_0.house_middle_telno,u1_0.ihidnum,u1_0.pstinst_code,u1_0.last_updusr_id,u1_0.last_updt_pnttm,u1_0.lock_at,u1_0.lock_cnt,u1_0.lock_last_pnttm,u1_0.mbtlnum,u1_0.ofcps_nm,u1_0.offm_telno,u1_0.orgnzt_id,u1_0.password,u1_0.password_cnsr,u1_0.password_hint,u1_0.chg_pwd_last_pnttm,u1_0.role,u1_0.sbscrb_de,u1_0.sexdstn_code,u1_0.crtfc_dn_value,u1_0.user_nm,u1_0.zip from nemplyrinfo u1_0 where u1_0.emplyr_id=?
2026-03-16 17:10:07 [http-nio-8080-exec-2] DEBUG o.s.orm.jpa.JpaTransactionManager - Exposing JPA transaction as JDBC [org.springframework.orm.jpa.vendor.HibernateJpaDialect$HibernateConnectionHandle@560b6684]
2026-03-16 17:10:07 [http-nio-8080-exec-2] DEBUG o.s.orm.jpa.JpaTransactionManager - Found thread-bound EntityManager [SessionImpl(377323981<open>)] for JPA transaction
2026-03-16 17:10:07 [http-nio-8080-exec-2] DEBUG o.s.orm.jpa.JpaTransactionManager - Participating in existing transaction
2026-03-16 17:10:07 [http-nio-8080-exec-2] DEBUG org.hibernate.SQL - select u1_0.emplyr_id,u1_0.area_no,u1_0.brthdy,u1_0.chg_pwd_cnt,u1_0.frst_register_id,u1_0.frst_regist_pnttm,u1_0.detail_adres,u1_0.email_adres,u1_0.emplyr_sttus_code,u1_0.empl_no,u1_0.esntl_id,u1_0.fxnum,u1_0.group_id,u1_0.house_adres,u1_0.house_end_telno,u1_0.house_middle_telno,u1_0.ihidnum,u1_0.pstinst_code,u1_0.last_updusr_id,u1_0.last_updt_pnttm,u1_0.lock_at,u1_0.lock_cnt,u1_0.lock_last_pnttm,u1_0.mbtlnum,u1_0.ofcps_nm,u1_0.offm_telno,u1_0.orgnzt_id,u1_0.password,u1_0.password_cnsr,u1_0.password_hint,u1_0.chg_pwd_last_pnttm,u1_0.role,u1_0.sbscrb_de,u1_0.sexdstn_code,u1_0.crtfc_dn_value,u1_0.user_nm,u1_0.zip from nemplyrinfo u1_0 where u1_0.emplyr_id=?
2026-03-16 17:10:07 [http-nio-8080-exec-13] DEBUG o.s.orm.jpa.JpaTransactionManager - Exposing JPA transaction as JDBC [org.springframework.orm.jpa.vendor.HibernateJpaDialect$HibernateConnectionHandle@6fcc0023]
2026-03-16 17:10:07 [http-nio-8080-exec-13] DEBUG o.s.orm.jpa.JpaTransactionManager - Found thread-bound EntityManager [SessionImpl(2117385465<open>)] for JPA transaction
2026-03-16 17:10:07 [http-nio-8080-exec-13] DEBUG o.s.orm.jpa.JpaTransactionManager - Participating in existing transaction
2026-03-16 17:10:07 [http-nio-8080-exec-13] DEBUG org.hibernate.SQL - select u1_0.emplyr_id,u1_0.area_no,u1_0.brthdy,u1_0.chg_pwd_cnt,u1_0.frst_register_id,u1_0.frst_regist_pnttm,u1_0.detail_adres,u1_0.email_adres,u1_0.emplyr_sttus_code,u1_0.empl_no,u1_0.esntl_id,u1_0.fxnum,u1_0.group_id,u1_0.house_adres,u1_0.house_end_telno,u1_0.house_middle_telno,u1_0.ihidnum,u1_0.pstinst_code,u1_0.last_updusr_id,u1_0.last_updt_pnttm,u1_0.lock_at,u1_0.lock_cnt,u1_0.lock_last_pnttm,u1_0.mbtlnum,u1_0.ofcps_nm,u1_0.offm_telno,u1_0.orgnzt_id,u1_0.password,u1_0.password_cnsr,u1_0.password_hint,u1_0.chg_pwd_last_pnttm,u1_0.role,u1_0.sbscrb_de,u1_0.sexdstn_code,u1_0.crtfc_dn_value,u1_0.user_nm,u1_0.zip from nemplyrinfo u1_0 where u1_0.emplyr_id=?
2026-03-16 17:10:07 [http-nio-8080-exec-9] DEBUG o.s.orm.jpa.JpaTransactionManager - Exposing JPA transaction as JDBC [org.springframework.orm.jpa.vendor.HibernateJpaDialect$HibernateConnectionHandle@b7d9857]
2026-03-16 17:10:07 [http-nio-8080-exec-9] DEBUG o.s.orm.jpa.JpaTransactionManager - Found thread-bound EntityManager [SessionImpl(469336342<open>)] for JPA transaction
2026-03-16 17:10:07 [http-nio-8080-exec-9] DEBUG o.s.orm.jpa.JpaTransactionManager - Participating in existing transaction
2026-03-16 17:10:07 [http-nio-8080-exec-9] DEBUG org.hibernate.SQL - select u1_0.emplyr_id,u1_0.area_no,u1_0.brthdy,u1_0.chg_pwd_cnt,u1_0.frst_register_id,u1_0.frst_regist_pnttm,u1_0.detail_adres,u1_0.email_adres,u1_0.emplyr_sttus_code,u1_0.empl_no,u1_0.esntl_id,u1_0.fxnum,u1_0.group_id,u1_0.house_adres,u1_0.house_end_telno,u1_0.house_middle_telno,u1_0.ihidnum,u1_0.pstinst_code,u1_0.last_updusr_id,u1_0.last_updt_pnttm,u1_0.lock_at,u1_0.lock_cnt,u1_0.lock_last_pnttm,u1_0.mbtlnum,u1_0.ofcps_nm,u1_0.offm_telno,u1_0.orgnzt_id,u1_0.password,u1_0.password_cnsr,u1_0.password_hint,u1_0.chg_pwd_last_pnttm,u1_0.role,u1_0.sbscrb_de,u1_0.sexdstn_code,u1_0.crtfc_dn_value,u1_0.user_nm,u1_0.zip from nemplyrinfo u1_0 where u1_0.emplyr_id=?
2026-03-16 17:10:07 [http-nio-8080-exec-17] DEBUG c.c.p.s.jwt.JwtAuthenticationFilter - >>> [JwtFilter] Processing request: GET /api/v1/admin/system/statistics/connect
2026-03-16 17:10:07 [http-nio-8080-exec-17] DEBUG c.c.p.s.jwt.JwtAuthenticationFilter - >>> [JwtFilter] Found token in header for path: /api/v1/admin/system/statistics/connect
2026-03-16 17:10:07 [http-nio-8080-exec-17] DEBUG o.s.orm.jpa.JpaTransactionManager - Creating new transaction with name [com.company.project.security.iam.CustomUserDetailsService.loadUserByUsername]: PROPAGATION_REQUIRED,ISOLATION_DEFAULT,readOnly
2026-03-16 17:10:07 [http-nio-8080-exec-17] DEBUG o.s.orm.jpa.JpaTransactionManager - Opened new EntityManager [SessionImpl(877720816<open>)] for JPA transaction
2026-03-16 17:10:07 [http-nio-8080-exec-15] DEBUG o.s.orm.jpa.JpaTransactionManager - Initiating transaction commit
2026-03-16 17:10:07 [http-nio-8080-exec-15] DEBUG o.s.orm.jpa.JpaTransactionManager - Committing JPA transaction on EntityManager [SessionImpl(1210544293<open>)]
2026-03-16 17:10:07 [http-nio-8080-exec-2] DEBUG o.s.orm.jpa.JpaTransactionManager - Found thread-bound EntityManager [SessionImpl(377323981<open>)] for JPA transaction
2026-03-16 17:10:07 [http-nio-8080-exec-2] DEBUG o.s.orm.jpa.JpaTransactionManager - Participating in existing transaction
2026-03-16 17:10:07 [http-nio-8080-exec-2] DEBUG org.hibernate.SQL - select ua1_0.scrty_dtrmn_trget_id,ua1_0.author_code,ua1_0.frst_register_id,ua1_0.frst_regist_pnttm,ua1_0.last_updusr_id,ua1_0.last_updt_pnttm,ua1_0.mber_ty_code from nemplyrscrtyestbs ua1_0 where ua1_0.scrty_dtrmn_trget_id=?
2026-03-16 17:10:07 [http-nio-8080-exec-19] DEBUG o.s.orm.jpa.JpaTransactionManager - Found thread-bound EntityManager [SessionImpl(216326168<open>)] for JPA transaction
2026-03-16 17:10:07 [http-nio-8080-exec-19] DEBUG o.s.orm.jpa.JpaTransactionManager - Participating in existing transaction
2026-03-16 17:10:07 [http-nio-8080-exec-19] DEBUG org.hibernate.SQL - select ua1_0.scrty_dtrmn_trget_id,ua1_0.author_code,ua1_0.frst_register_id,ua1_0.frst_regist_pnttm,ua1_0.last_updusr_id,ua1_0.last_updt_pnttm,ua1_0.mber_ty_code from nemplyrscrtyestbs ua1_0 where ua1_0.scrty_dtrmn_trget_id=?
2026-03-16 17:10:07 [http-nio-8080-exec-13] DEBUG o.s.orm.jpa.JpaTransactionManager - Found thread-bound EntityManager [SessionImpl(2117385465<open>)] for JPA transaction
2026-03-16 17:10:07 [http-nio-8080-exec-13] DEBUG o.s.orm.jpa.JpaTransactionManager - Participating in existing transaction
2026-03-16 17:10:07 [http-nio-8080-exec-13] DEBUG org.hibernate.SQL - select ua1_0.scrty_dtrmn_trget_id,ua1_0.author_code,ua1_0.frst_register_id,ua1_0.frst_regist_pnttm,ua1_0.last_updusr_id,ua1_0.last_updt_pnttm,ua1_0.mber_ty_code from nemplyrscrtyestbs ua1_0 where ua1_0.scrty_dtrmn_trget_id=?
2026-03-16 17:10:07 [http-nio-8080-exec-9] DEBUG o.s.orm.jpa.JpaTransactionManager - Found thread-bound EntityManager [SessionImpl(469336342<open>)] for JPA transaction
2026-03-16 17:10:07 [http-nio-8080-exec-9] DEBUG o.s.orm.jpa.JpaTransactionManager - Participating in existing transaction
2026-03-16 17:10:07 [http-nio-8080-exec-9] DEBUG org.hibernate.SQL - select ua1_0.scrty_dtrmn_trget_id,ua1_0.author_code,ua1_0.frst_register_id,ua1_0.frst_regist_pnttm,ua1_0.last_updusr_id,ua1_0.last_updt_pnttm,ua1_0.mber_ty_code from nemplyrscrtyestbs ua1_0 where ua1_0.scrty_dtrmn_trget_id=?
2026-03-16 17:10:07 [http-nio-8080-exec-17] DEBUG o.s.orm.jpa.JpaTransactionManager - Exposing JPA transaction as JDBC [org.springframework.orm.jpa.vendor.HibernateJpaDialect$HibernateConnectionHandle@44a9688f]
2026-03-16 17:10:07 [http-nio-8080-exec-17] DEBUG o.s.orm.jpa.JpaTransactionManager - Found thread-bound EntityManager [SessionImpl(877720816<open>)] for JPA transaction
2026-03-16 17:10:07 [http-nio-8080-exec-17] DEBUG o.s.orm.jpa.JpaTransactionManager - Participating in existing transaction
2026-03-16 17:10:07 [http-nio-8080-exec-17] DEBUG org.hibernate.SQL - select u1_0.emplyr_id,u1_0.area_no,u1_0.brthdy,u1_0.chg_pwd_cnt,u1_0.frst_register_id,u1_0.frst_regist_pnttm,u1_0.detail_adres,u1_0.email_adres,u1_0.emplyr_sttus_code,u1_0.empl_no,u1_0.esntl_id,u1_0.fxnum,u1_0.group_id,u1_0.house_adres,u1_0.house_end_telno,u1_0.house_middle_telno,u1_0.ihidnum,u1_0.pstinst_code,u1_0.last_updusr_id,u1_0.last_updt_pnttm,u1_0.lock_at,u1_0.lock_cnt,u1_0.lock_last_pnttm,u1_0.mbtlnum,u1_0.ofcps_nm,u1_0.offm_telno,u1_0.orgnzt_id,u1_0.password,u1_0.password_cnsr,u1_0.password_hint,u1_0.chg_pwd_last_pnttm,u1_0.role,u1_0.sbscrb_de,u1_0.sexdstn_code,u1_0.crtfc_dn_value,u1_0.user_nm,u1_0.zip from nemplyrinfo u1_0 where u1_0.emplyr_id=?
2026-03-16 17:10:07 [http-nio-8080-exec-15] DEBUG o.s.orm.jpa.JpaTransactionManager - Closing JPA EntityManager [SessionImpl(1210544293<open>)] after transaction
2026-03-16 17:10:07 [http-nio-8080-exec-15] INFO  c.c.p.a.c.menu.MenuController - getLeftMenu returned 5 items
2026-03-16 17:10:07 [http-nio-8080-exec-15] DEBUG o.s.w.s.m.m.a.HttpEntityMethodProcessor - Using 'application/json', given [application/json, text/plain, */*] and supported [application/json, application/*+json, application/yaml]
2026-03-16 17:10:07 [http-nio-8080-exec-15] TRACE o.s.w.s.m.m.a.HttpEntityMethodProcessor - Writing [ApiResponse[success=true, status=200, code=COMMON_001, message=Success, data={list=[com.company.project.service.menu.dto.MenuDto@590bbf96, com.company.project.service.menu.dto.MenuDto@30d9d91e, com.company.project.service.menu.dto.MenuDto@6cd26279, com.company.project.service.menu.dto.MenuDto@756fdba8, com.company.project.service.menu.dto.MenuDto@719c3d9c]}, timestamp=2026-03-16T17:10:07.944662700]]
2026-03-16 17:10:07 [http-nio-8080-exec-15] INFO  c.c.p.a.i.OperationalAuditInterceptor - API Audit Log: URL=/api/v1/menu/left, User=webmaster, IP=127.0.0.1
2026-03-16 17:10:07 [http-nio-8080-exec-15] DEBUG o.s.web.servlet.DispatcherServlet - Completed 200 OK
2026-03-16 17:10:07 [http-nio-8080-exec-12] DEBUG c.c.p.s.jwt.JwtAuthenticationFilter - >>> [JwtFilter] Processing request: GET /api/v1/admin/system/statistics/bbs
2026-03-16 17:10:07 [http-nio-8080-exec-12] DEBUG c.c.p.s.jwt.JwtAuthenticationFilter - >>> [JwtFilter] Found token in header for path: /api/v1/admin/system/statistics/bbs
2026-03-16 17:10:07 [http-nio-8080-exec-12] DEBUG o.s.orm.jpa.JpaTransactionManager - Creating new transaction with name [com.company.project.security.iam.CustomUserDetailsService.loadUserByUsername]: PROPAGATION_REQUIRED,ISOLATION_DEFAULT,readOnly
2026-03-16 17:10:07 [http-nio-8080-exec-12] DEBUG o.s.orm.jpa.JpaTransactionManager - Opened new EntityManager [SessionImpl(1225833235<open>)] for JPA transaction
2026-03-16 17:10:07 [http-nio-8080-exec-2] DEBUG o.s.orm.jpa.JpaTransactionManager - Initiating transaction commit
2026-03-16 17:10:07 [http-nio-8080-exec-2] DEBUG o.s.orm.jpa.JpaTransactionManager - Committing JPA transaction on EntityManager [SessionImpl(377323981<open>)]
2026-03-16 17:10:08 [http-nio-8080-exec-13] DEBUG o.s.orm.jpa.JpaTransactionManager - Initiating transaction commit
2026-03-16 17:10:08 [http-nio-8080-exec-19] DEBUG o.s.orm.jpa.JpaTransactionManager - Initiating transaction commit
2026-03-16 17:10:08 [http-nio-8080-exec-13] DEBUG o.s.orm.jpa.JpaTransactionManager - Committing JPA transaction on EntityManager [SessionImpl(2117385465<open>)]
2026-03-16 17:10:08 [http-nio-8080-exec-19] DEBUG o.s.orm.jpa.JpaTransactionManager - Committing JPA transaction on EntityManager [SessionImpl(216326168<open>)]
2026-03-16 17:10:08 [http-nio-8080-exec-9] DEBUG o.s.orm.jpa.JpaTransactionManager - Initiating transaction commit
2026-03-16 17:10:08 [http-nio-8080-exec-9] DEBUG o.s.orm.jpa.JpaTransactionManager - Committing JPA transaction on EntityManager [SessionImpl(469336342<open>)]
2026-03-16 17:10:08 [http-nio-8080-exec-17] DEBUG o.s.orm.jpa.JpaTransactionManager - Found thread-bound EntityManager [SessionImpl(877720816<open>)] for JPA transaction
2026-03-16 17:10:08 [http-nio-8080-exec-17] DEBUG o.s.orm.jpa.JpaTransactionManager - Participating in existing transaction
2026-03-16 17:10:08 [http-nio-8080-exec-17] DEBUG org.hibernate.SQL - select ua1_0.scrty_dtrmn_trget_id,ua1_0.author_code,ua1_0.frst_register_id,ua1_0.frst_regist_pnttm,ua1_0.last_updusr_id,ua1_0.last_updt_pnttm,ua1_0.mber_ty_code from nemplyrscrtyestbs ua1_0 where ua1_0.scrty_dtrmn_trget_id=?
2026-03-16 17:10:08 [http-nio-8080-exec-12] DEBUG o.s.orm.jpa.JpaTransactionManager - Exposing JPA transaction as JDBC [org.springframework.orm.jpa.vendor.HibernateJpaDialect$HibernateConnectionHandle@602bb6a5]
2026-03-16 17:10:08 [http-nio-8080-exec-12] DEBUG o.s.orm.jpa.JpaTransactionManager - Found thread-bound EntityManager [SessionImpl(1225833235<open>)] for JPA transaction
2026-03-16 17:10:08 [http-nio-8080-exec-12] DEBUG o.s.orm.jpa.JpaTransactionManager - Participating in existing transaction
2026-03-16 17:10:08 [http-nio-8080-exec-12] DEBUG org.hibernate.SQL - select u1_0.emplyr_id,u1_0.area_no,u1_0.brthdy,u1_0.chg_pwd_cnt,u1_0.frst_register_id,u1_0.frst_regist_pnttm,u1_0.detail_adres,u1_0.email_adres,u1_0.emplyr_sttus_code,u1_0.empl_no,u1_0.esntl_id,u1_0.fxnum,u1_0.group_id,u1_0.house_adres,u1_0.house_end_telno,u1_0.house_middle_telno,u1_0.ihidnum,u1_0.pstinst_code,u1_0.last_updusr_id,u1_0.last_updt_pnttm,u1_0.lock_at,u1_0.lock_cnt,u1_0.lock_last_pnttm,u1_0.mbtlnum,u1_0.ofcps_nm,u1_0.offm_telno,u1_0.orgnzt_id,u1_0.password,u1_0.password_cnsr,u1_0.password_hint,u1_0.chg_pwd_last_pnttm,u1_0.role,u1_0.sbscrb_de,u1_0.sexdstn_code,u1_0.crtfc_dn_value,u1_0.user_nm,u1_0.zip from nemplyrinfo u1_0 where u1_0.emplyr_id=?
2026-03-16 17:10:08 [http-nio-8080-exec-2] DEBUG o.s.orm.jpa.JpaTransactionManager - Closing JPA EntityManager [SessionImpl(377323981<open>)] after transaction
2026-03-16 17:10:08 [http-nio-8080-exec-2] DEBUG c.c.p.s.jwt.JwtAuthenticationFilter - >>> [JwtFilter] Successfully authenticated user: USRCNFRM_99999999999, Authorities: [ROLE_ADMIN]
2026-03-16 17:10:08 [http-nio-8080-exec-2] DEBUG o.s.web.servlet.DispatcherServlet - GET "/api/v1/notifications/unread-count", parameters={}
2026-03-16 17:10:08 [http-nio-8080-exec-2] TRACE o.s.w.s.m.m.a.RequestMappingHandlerMapping - Mapped to com.company.project.api.controller.notification.NotificationController#getUnreadCount(UserDetails)
2026-03-16 17:10:08 [http-nio-8080-exec-2] DEBUG o.s.orm.jpa.JpaTransactionManager - Creating new transaction with name [com.company.project.service.notification.NotificationService.getUnreadCount]: PROPAGATION_REQUIRED,ISOLATION_DEFAULT,readOnly
2026-03-16 17:10:08 [http-nio-8080-exec-2] DEBUG o.s.orm.jpa.JpaTransactionManager - Opened new EntityManager [SessionImpl(1143880982<open>)] for JPA transaction
2026-03-16 17:10:08 [http-nio-8080-exec-2] DEBUG o.s.orm.jpa.JpaTransactionManager - Exposing JPA transaction as JDBC [org.springframework.orm.jpa.vendor.HibernateJpaDialect$HibernateConnectionHandle@3c391c22]
2026-03-16 17:10:08 [http-nio-8080-exec-2] DEBUG org.hibernate.SQL - select count(n1_0.ntcn_no) from n_user_notification n1_0 where n1_0.receiver_id=? and n1_0.is_read=?
2026-03-16 17:10:08 [http-nio-8080-exec-19] DEBUG o.s.orm.jpa.JpaTransactionManager - Closing JPA EntityManager [SessionImpl(216326168<open>)] after transaction
2026-03-16 17:10:08 [http-nio-8080-exec-13] DEBUG o.s.orm.jpa.JpaTransactionManager - Closing JPA EntityManager [SessionImpl(2117385465<open>)] after transaction
2026-03-16 17:10:08 [http-nio-8080-exec-13] DEBUG c.c.p.s.jwt.JwtAuthenticationFilter - >>> [JwtFilter] Successfully authenticated user: USRCNFRM_99999999999, Authorities: [ROLE_ADMIN]
2026-03-16 17:10:08 [http-nio-8080-exec-19] DEBUG c.c.p.s.jwt.JwtAuthenticationFilter - >>> [JwtFilter] Successfully authenticated user: USRCNFRM_99999999999, Authorities: [ROLE_ADMIN]
2026-03-16 17:10:08 [http-nio-8080-exec-13] DEBUG o.s.web.servlet.DispatcherServlet - GET "/api/v1/popups/active", parameters={}
2026-03-16 17:10:08 [http-nio-8080-exec-19] DEBUG o.s.web.servlet.DispatcherServlet - GET "/api/v1/notifications", parameters={}
2026-03-16 17:10:08 [http-nio-8080-exec-19] TRACE o.s.w.s.m.m.a.RequestMappingHandlerMapping - Mapped to com.company.project.api.controller.notification.NotificationController#getMyNotifications(UserDetails)
2026-03-16 17:10:08 [http-nio-8080-exec-13] TRACE o.s.w.s.m.m.a.RequestMappingHandlerMapping - Mapped to com.company.project.api.controller.system.content.popup.PopupController#getActivePopups()
2026-03-16 17:10:08 [http-nio-8080-exec-19] DEBUG o.s.orm.jpa.JpaTransactionManager - Creating new transaction with name [com.company.project.service.notification.NotificationService.getActiveNotifications]: PROPAGATION_REQUIRED,ISOLATION_DEFAULT,readOnly
2026-03-16 17:10:08 [http-nio-8080-exec-13] DEBUG o.s.orm.jpa.JpaTransactionManager - Creating new transaction with name [com.company.project.service.system.content.popup.PopupServiceImpl.getActivePopups]: PROPAGATION_REQUIRED,ISOLATION_DEFAULT,readOnly
2026-03-16 17:10:08 [http-nio-8080-exec-19] DEBUG o.s.orm.jpa.JpaTransactionManager - Opened new EntityManager [SessionImpl(1679563740<open>)] for JPA transaction
2026-03-16 17:10:08 [http-nio-8080-exec-13] DEBUG o.s.orm.jpa.JpaTransactionManager - Opened new EntityManager [SessionImpl(2115615173<open>)] for JPA transaction
2026-03-16 17:10:08 [http-nio-8080-exec-19] DEBUG o.s.orm.jpa.JpaTransactionManager - Exposing JPA transaction as JDBC [org.springframework.orm.jpa.vendor.HibernateJpaDialect$HibernateConnectionHandle@4fc13c57]
2026-03-16 17:10:08 [http-nio-8080-exec-13] DEBUG o.s.orm.jpa.JpaTransactionManager - Exposing JPA transaction as JDBC [org.springframework.orm.jpa.vendor.HibernateJpaDialect$HibernateConnectionHandle@21c9a4bd]
2026-03-16 17:10:08 [http-nio-8080-exec-19] DEBUG o.s.orm.jpa.JpaTransactionManager - Found thread-bound EntityManager [SessionImpl(1679563740<open>)] for JPA transaction
2026-03-16 17:10:08 [http-nio-8080-exec-19] DEBUG o.s.orm.jpa.JpaTransactionManager - Participating in existing transaction
2026-03-16 17:10:08 [http-nio-8080-exec-13] DEBUG org.hibernate.SQL - select p1_0.popup_id,p1_0.frst_register_id,p1_0.frst_regist_pnttm,p1_0.file_url,p1_0.ntce_at,p1_0.stopvew_setup_at,p1_0.last_updusr_id,p1_0.last_updt_pnttm,p1_0.ntce_bgnde,p1_0.ntce_endde,p1_0.popup_vrticl_lc,p1_0.popup_vrticl_size,p1_0.popup_sj_nm,p1_0.popup_width_lc,p1_0.popup_width_size from npopupmanage p1_0 where p1_0.ntce_at='Y' and ? between p1_0.ntce_bgnde and p1_0.ntce_endde
2026-03-16 17:10:08 [http-nio-8080-exec-19] DEBUG org.hibernate.SQL - select n1_0.ntcn_no,n1_0.frst_register_id,n1_0.frst_regist_pnttm,n1_0.is_read,n1_0.last_updusr_id,n1_0.last_updt_pnttm,n1_0.link_url,n1_0.ntcn_cn,n1_0.ntcn_sj,n1_0.receiver_id from n_user_notification n1_0
2026-03-16 17:10:08 [http-nio-8080-exec-9] DEBUG o.s.orm.jpa.JpaTransactionManager - Closing JPA EntityManager [SessionImpl(469336342<open>)] after transaction
2026-03-16 17:10:08 [http-nio-8080-exec-9] DEBUG c.c.p.s.jwt.JwtAuthenticationFilter - >>> [JwtFilter] Successfully authenticated user: USRCNFRM_99999999999, Authorities: [ROLE_ADMIN]
2026-03-16 17:10:08 [http-nio-8080-exec-9] DEBUG o.s.web.servlet.DispatcherServlet - GET "/api/v1/admin/system/banners/reflected", parameters={}
2026-03-16 17:10:08 [http-nio-8080-exec-9] TRACE o.s.w.s.m.m.a.RequestMappingHandlerMapping - Mapped to com.company.project.api.controller.system.content.banner.BannerApiController#getReflectedBanners()
2026-03-16 17:10:08 [http-nio-8080-exec-9] DEBUG o.s.orm.jpa.JpaTransactionManager - Creating new transaction with name [com.company.project.service.system.content.banner.BannerService.getReflectedBanners]: PROPAGATION_REQUIRED,ISOLATION_DEFAULT,readOnly
2026-03-16 17:10:08 [http-nio-8080-exec-9] DEBUG o.s.orm.jpa.JpaTransactionManager - Opened new EntityManager [SessionImpl(575156668<open>)] for JPA transaction
2026-03-16 17:10:08 [http-nio-8080-exec-9] DEBUG o.s.orm.jpa.JpaTransactionManager - Exposing JPA transaction as JDBC [org.springframework.orm.jpa.vendor.HibernateJpaDialect$HibernateConnectionHandle@74f84728]
2026-03-16 17:10:08 [http-nio-8080-exec-9] DEBUG org.hibernate.SQL - select b1_0.banner_id,b1_0.banner_dc,b1_0.banner_image,b1_0.banner_image_file,b1_0.banner_nm,b1_0.frst_register_id,b1_0.frst_regist_pnttm,b1_0.last_updusr_id,b1_0.last_updt_pnttm,b1_0.link_url,b1_0.reflct_at,b1_0.sort_ordr from nbanner b1_0 where b1_0.reflct_at=? order by b1_0.sort_ordr
2026-03-16 17:10:08 [http-nio-8080-exec-17] DEBUG o.s.orm.jpa.JpaTransactionManager - Initiating transaction commit
2026-03-16 17:10:08 [http-nio-8080-exec-17] DEBUG o.s.orm.jpa.JpaTransactionManager - Committing JPA transaction on EntityManager [SessionImpl(877720816<open>)]
2026-03-16 17:10:08 [http-nio-8080-exec-12] DEBUG o.s.orm.jpa.JpaTransactionManager - Found thread-bound EntityManager [SessionImpl(1225833235<open>)] for JPA transaction
2026-03-16 17:10:08 [http-nio-8080-exec-12] DEBUG o.s.orm.jpa.JpaTransactionManager - Participating in existing transaction
2026-03-16 17:10:08 [http-nio-8080-exec-12] DEBUG org.hibernate.SQL - select ua1_0.scrty_dtrmn_trget_id,ua1_0.author_code,ua1_0.frst_register_id,ua1_0.frst_regist_pnttm,ua1_0.last_updusr_id,ua1_0.last_updt_pnttm,ua1_0.mber_ty_code from nemplyrscrtyestbs ua1_0 where ua1_0.scrty_dtrmn_trget_id=?
2026-03-16 17:10:08 [http-nio-8080-exec-2] DEBUG o.s.orm.jpa.JpaTransactionManager - Initiating transaction commit
2026-03-16 17:10:08 [http-nio-8080-exec-2] DEBUG o.s.orm.jpa.JpaTransactionManager - Committing JPA transaction on EntityManager [SessionImpl(1143880982<open>)]
2026-03-16 17:10:08 [http-nio-8080-exec-13] DEBUG o.s.orm.jpa.JpaTransactionManager - Initiating transaction commit
2026-03-16 17:10:08 [http-nio-8080-exec-19] DEBUG o.s.orm.jpa.JpaTransactionManager - Initiating transaction commit
2026-03-16 17:10:08 [http-nio-8080-exec-13] DEBUG o.s.orm.jpa.JpaTransactionManager - Committing JPA transaction on EntityManager [SessionImpl(2115615173<open>)]
2026-03-16 17:10:08 [http-nio-8080-exec-19] DEBUG o.s.orm.jpa.JpaTransactionManager - Committing JPA transaction on EntityManager [SessionImpl(1679563740<open>)]
2026-03-16 17:10:08 [http-nio-8080-exec-9] DEBUG o.s.orm.jpa.JpaTransactionManager - Initiating transaction commit
2026-03-16 17:10:08 [http-nio-8080-exec-9] DEBUG o.s.orm.jpa.JpaTransactionManager - Committing JPA transaction on EntityManager [SessionImpl(575156668<open>)]
2026-03-16 17:10:08 [http-nio-8080-exec-17] DEBUG o.s.orm.jpa.JpaTransactionManager - Closing JPA EntityManager [SessionImpl(877720816<open>)] after transaction
2026-03-16 17:10:08 [http-nio-8080-exec-17] DEBUG c.c.p.s.jwt.JwtAuthenticationFilter - >>> [JwtFilter] Successfully authenticated user: USRCNFRM_99999999999, Authorities: [ROLE_ADMIN]
2026-03-16 17:10:08 [http-nio-8080-exec-17] DEBUG o.s.web.servlet.DispatcherServlet - GET "/api/v1/admin/system/statistics/connect?statsKind=SERVICE", parameters={masked}
2026-03-16 17:10:08 [http-nio-8080-exec-17] DEBUG o.s.w.s.h.SimpleUrlHandlerMapping - Mapped to ResourceHttpRequestHandler [classpath [META-INF/resources/], classpath [resources/], classpath [static/], classpath [public/], ServletContext [/]]
2026-03-16 17:10:08 [http-nio-8080-exec-17] DEBUG o.s.w.s.r.ResourceHttpRequestHandler - Resource not found
2026-03-16 17:10:08 [http-nio-8080-exec-17] DEBUG o.s.w.s.m.m.a.ExceptionHandlerExceptionResolver - Using @ExceptionHandler com.company.project.core.exception.GlobalExceptionHandler#handleException(Exception)
2026-03-16 17:10:08 [http-nio-8080-exec-17] ERROR c.c.p.c.e.GlobalExceptionHandler - >>> Internal Server Error: No static resource api/v1/admin/system/statistics/connect.
org.springframework.web.servlet.resource.NoResourceFoundException: No static resource api/v1/admin/system/statistics/connect.
	at org.springframework.web.servlet.resource.ResourceHttpRequestHandler.handleRequest(ResourceHttpRequestHandler.java:585)
	at org.springframework.web.servlet.mvc.HttpRequestHandlerAdapter.handle(HttpRequestHandlerAdapter.java:52)
	at org.springframework.web.servlet.DispatcherServlet.doDispatch(DispatcherServlet.java:1088)
	at org.springframework.web.servlet.DispatcherServlet.doService(DispatcherServlet.java:978)
	at org.springframework.web.servlet.FrameworkServlet.processRequest(FrameworkServlet.java:1014)
	at org.springframework.web.servlet.FrameworkServlet.doGet(FrameworkServlet.java:903)
	at jakarta.servlet.http.HttpServlet.service(HttpServlet.java:527)
	at org.springframework.web.servlet.FrameworkServlet.service(FrameworkServlet.java:885)
	at jakarta.servlet.http.HttpServlet.service(HttpServlet.java:614)
	at org.apache.catalina.core.ApplicationFilterChain.internalDoFilter(ApplicationFilterChain.java:195)
	at org.apache.catalina.core.ApplicationFilterChain.doFilter(ApplicationFilterChain.java:140)
	at org.apache.tomcat.websocket.server.WsFilter.doFilter(WsFilter.java:51)
	at org.apache.catalina.core.ApplicationFilterChain.internalDoFilter(ApplicationFilterChain.java:164)
	at org.apache.catalina.core.ApplicationFilterChain.doFilter(ApplicationFilterChain.java:140)
	at org.springframework.web.filter.CompositeFilter$VirtualFilterChain.doFilter(CompositeFilter.java:108)
	at org.springframework.security.web.FilterChainProxy.lambda$doFilterInternal$3(FilterChainProxy.java:231)
	at org.springframework.security.web.ObservationFilterChainDecorator$FilterObservation$SimpleFilterObservation.lambda$wrap$1(ObservationFilterChainDecorator.java:479)
	at org.springframework.security.web.ObservationFilterChainDecorator$AroundFilterObservation$SimpleAroundFilterObservation.lambda$wrap$1(ObservationFilterChainDecorator.java:340)
	at org.springframework.security.web.ObservationFilterChainDecorator.lambda$wrapSecured$0(ObservationFilterChainDecorator.java:82)
	at org.springframework.security.web.ObservationFilterChainDecorator$VirtualFilterChain.doFilter(ObservationFilterChainDecorator.java:128)
	at org.springframework.security.web.access.intercept.AuthorizationFilter.doFilter(AuthorizationFilter.java:101)
	at org.springframework.security.web.ObservationFilterChainDecorator$ObservationFilter.wrapFilter(ObservationFilterChainDecorator.java:240)
	at org.springframework.security.web.ObservationFilterChainDecorator$ObservationFilter.doFilter(ObservationFilterChainDecorator.java:227)
	at org.springframework.security.web.ObservationFilterChainDecorator$VirtualFilterChain.doFilter(ObservationFilterChainDecorator.java:137)
	at org.springframework.security.web.access.ExceptionTranslationFilter.doFilter(ExceptionTranslationFilter.java:126)
	at org.springframework.security.web.access.ExceptionTranslationFilter.doFilter(ExceptionTranslationFilter.java:120)
	at org.springframework.security.web.ObservationFilterChainDecorator$ObservationFilter.wrapFilter(ObservationFilterChainDecorator.java:240)
	at org.springframework.security.web.ObservationFilterChainDecorator$ObservationFilter.doFilter(ObservationFilterChainDecorator.java:227)
	at org.springframework.security.web.ObservationFilterChainDecorator$VirtualFilterChain.doFilter(ObservationFilterChainDecorator.java:137)
	at org.springframework.security.web.session.SessionManagementFilter.doFilter(SessionManagementFilter.java:131)
	at org.springframework.security.web.session.SessionManagementFilter.doFilter(SessionManagementFilter.java:85)
	at org.springframework.security.web.ObservationFilterChainDecorator$ObservationFilter.wrapFilter(ObservationFilterChainDecorator.java:240)
	at org.springframework.security.web.ObservationFilterChainDecorator$ObservationFilter.doFilter(ObservationFilterChainDecorator.java:227)
	at org.springframework.security.web.ObservationFilterChainDecorator$VirtualFilterChain.doFilter(ObservationFilterChainDecorator.java:137)
	at org.springframework.security.web.authentication.AnonymousAuthenticationFilter.doFilter(AnonymousAuthenticationFilter.java:100)
	at org.springframework.security.web.ObservationFilterChainDecorator$ObservationFilter.wrapFilter(ObservationFilterChainDecorator.java:240)
	at org.springframework.security.web.ObservationFilterChainDecorator$ObservationFilter.doFilter(ObservationFilterChainDecorator.java:227)
	at org.springframework.security.web.ObservationFilterChainDecorator$VirtualFilterChain.doFilter(ObservationFilterChainDecorator.java:137)
	at org.springframework.security.web.servletapi.SecurityContextHolderAwareRequestFilter.doFilter(SecurityContextHolderAwareRequestFilter.java:179)
	at org.springframework.security.web.ObservationFilterChainDecorator$ObservationFilter.wrapFilter(ObservationFilterChainDecorator.java:240)
	at org.springframework.security.web.ObservationFilterChainDecorator$ObservationFilter.doFilter(ObservationFilterChainDecorator.java:227)
	at org.springframework.security.web.ObservationFilterChainDecorator$VirtualFilterChain.doFilter(ObservationFilterChainDecorator.java:137)
	at org.springframework.security.web.savedrequest.RequestCacheAwareFilter.doFilter(RequestCacheAwareFilter.java:63)
	at org.springframework.security.web.ObservationFilterChainDecorator$ObservationFilter.wrapFilter(ObservationFilterChainDecorator.java:240)
	at org.springframework.security.web.ObservationFilterChainDecorator$ObservationFilter.doFilter(ObservationFilterChainDecorator.java:227)
	at org.springframework.security.web.ObservationFilterChainDecorator$VirtualFilterChain.doFilter(ObservationFilterChainDecorator.java:137)
	at com.company.project.security.jwt.JwtAuthenticationFilter.doFilterInternal(JwtAuthenticationFilter.java:52)
	at org.springframework.web.filter.OncePerRequestFilter.doFilter(OncePerRequestFilter.java:116)
	at org.springframework.security.web.ObservationFilterChainDecorator$ObservationFilter.wrapFilter(ObservationFilterChainDecorator.java:240)
	at org.springframework.security.web.ObservationFilterChainDecorator$ObservationFilter.doFilter(ObservationFilterChainDecorator.java:227)
	at org.springframework.security.web.ObservationFilterChainDecorator$VirtualFilterChain.doFilter(ObservationFilterChainDecorator.java:137)
	at org.springframework.security.web.authentication.logout.LogoutFilter.doFilter(LogoutFilter.java:107)
	at org.springframework.security.web.authentication.logout.LogoutFilter.doFilter(LogoutFilter.java:93)
	at org.springframework.security.web.ObservationFilterChainDecorator$ObservationFilter.wrapFilter(ObservationFilterChainDecorator.java:240)
	at org.springframework.security.web.ObservationFilterChainDecorator$ObservationFilter.doFilter(ObservationFilterChainDecorator.java:227)
	at org.springframework.security.web.ObservationFilterChainDecorator$VirtualFilterChain.doFilter(ObservationFilterChainDecorator.java:137)
	at org.springframework.web.filter.CorsFilter.doFilterInternal(CorsFilter.java:91)
	at org.springframework.web.filter.OncePerRequestFilter.doFilter(OncePerRequestFilter.java:116)
	at org.springframework.security.web.ObservationFilterChainDecorator$ObservationFilter.wrapFilter(ObservationFilterChainDecorator.java:240)
	at org.springframework.security.web.ObservationFilterChainDecorator$ObservationFilter.doFilter(ObservationFilterChainDecorator.java:227)
	at org.springframework.security.web.ObservationFilterChainDecorator$VirtualFilterChain.doFilter(ObservationFilterChainDecorator.java:137)
	at org.springframework.security.web.header.HeaderWriterFilter.doHeadersAfter(HeaderWriterFilter.java:90)
	at org.springframework.security.web.header.HeaderWriterFilter.doFilterInternal(HeaderWriterFilter.java:75)
	at org.springframework.web.filter.OncePerRequestFilter.doFilter(OncePerRequestFilter.java:116)
	at org.springframework.security.web.ObservationFilterChainDecorator$ObservationFilter.wrapFilter(ObservationFilterChainDecorator.java:240)
	at org.springframework.security.web.ObservationFilterChainDecorator$ObservationFilter.doFilter(ObservationFilterChainDecorator.java:227)
	at org.springframework.security.web.ObservationFilterChainDecorator$VirtualFilterChain.doFilter(ObservationFilterChainDecorator.java:137)
	at org.springframework.security.web.context.SecurityContextHolderFilter.doFilter(SecurityContextHolderFilter.java:82)
	at org.springframework.security.web.context.SecurityContextHolderFilter.doFilter(SecurityContextHolderFilter.java:69)
	at org.springframework.security.web.ObservationFilterChainDecorator$ObservationFilter.wrapFilter(ObservationFilterChainDecorator.java:240)
	at org.springframework.security.web.ObservationFilterChainDecorator$ObservationFilter.doFilter(ObservationFilterChainDecorator.java:227)
	at org.springframework.security.web.ObservationFilterChainDecorator$VirtualFilterChain.doFilter(ObservationFilterChainDecorator.java:137)
	at org.springframework.security.web.context.request.async.WebAsyncManagerIntegrationFilter.doFilterInternal(WebAsyncManagerIntegrationFilter.java:62)
	at org.springframework.web.filter.OncePerRequestFilter.doFilter(OncePerRequestFilter.java:116)
	at org.springframework.security.web.ObservationFilterChainDecorator$ObservationFilter.wrapFilter(ObservationFilterChainDecorator.java:240)
	at org.springframework.security.web.ObservationFilterChainDecorator$ObservationFilter.doFilter(ObservationFilterChainDecorator.java:227)
	at org.springframework.security.web.ObservationFilterChainDecorator$VirtualFilterChain.doFilter(ObservationFilterChainDecorator.java:137)
	at org.springframework.security.web.session.DisableEncodeUrlFilter.doFilterInternal(DisableEncodeUrlFilter.java:42)
	at org.springframework.web.filter.OncePerRequestFilter.doFilter(OncePerRequestFilter.java:116)
	at org.springframework.security.web.ObservationFilterChainDecorator$ObservationFilter.wrapFilter(ObservationFilterChainDecorator.java:240)
	at org.springframework.security.web.ObservationFilterChainDecorator$AroundFilterObservation$SimpleAroundFilterObservation.lambda$wrap$0(ObservationFilterChainDecorator.java:323)
	at org.springframework.security.web.ObservationFilterChainDecorator$ObservationFilter.doFilter(ObservationFilterChainDecorator.java:224)
	at org.springframework.security.web.ObservationFilterChainDecorator$VirtualFilterChain.doFilter(ObservationFilterChainDecorator.java:137)
	at org.springframework.security.web.FilterChainProxy.doFilterInternal(FilterChainProxy.java:233)
	at org.springframework.security.web.FilterChainProxy.doFilter(FilterChainProxy.java:191)
	at org.springframework.web.filter.CompositeFilter$VirtualFilterChain.doFilter(CompositeFilter.java:113)
	at org.springframework.web.servlet.handler.HandlerMappingIntrospector.lambda$createCacheFilter$3(HandlerMappingIntrospector.java:243)
	at org.springframework.web.filter.CompositeFilter$VirtualFilterChain.doFilter(CompositeFilter.java:113)
	at org.springframework.web.filter.CompositeFilter.doFilter(CompositeFilter.java:74)
	at org.springframework.security.config.annotation.web.configuration.WebMvcSecurityConfiguration$CompositeFilterChainProxy.doFilter(WebMvcSecurityConfiguration.java:238)
	at org.springframework.web.filter.DelegatingFilterProxy.invokeDelegate(DelegatingFilterProxy.java:362)
	at org.springframework.web.filter.DelegatingFilterProxy.doFilter(DelegatingFilterProxy.java:278)
	at org.apache.catalina.core.ApplicationFilterChain.internalDoFilter(ApplicationFilterChain.java:164)
	at org.apache.catalina.core.ApplicationFilterChain.doFilter(ApplicationFilterChain.java:140)
	at org.springframework.web.filter.RequestContextFilter.doFilterInternal(RequestContextFilter.java:100)
	at org.springframework.web.filter.OncePerRequestFilter.doFilter(OncePerRequestFilter.java:116)
	at org.apache.catalina.core.ApplicationFilterChain.internalDoFilter(ApplicationFilterChain.java:164)
	at org.apache.catalina.core.ApplicationFilterChain.doFilter(ApplicationFilterChain.java:140)
	at org.springframework.web.filter.FormContentFilter.doFilterInternal(FormContentFilter.java:93)
	at org.springframework.web.filter.OncePerRequestFilter.doFilter(OncePerRequestFilter.java:116)
	at org.apache.catalina.core.ApplicationFilterChain.internalDoFilter(ApplicationFilterChain.java:164)
	at org.apache.catalina.core.ApplicationFilterChain.doFilter(ApplicationFilterChain.java:140)
	at org.springframework.web.filter.ServerHttpObservationFilter.doFilterInternal(ServerHttpObservationFilter.java:114)
	at org.springframework.web.filter.OncePerRequestFilter.doFilter(OncePerRequestFilter.java:116)
	at org.apache.catalina.core.ApplicationFilterChain.internalDoFilter(ApplicationFilterChain.java:164)
	at org.apache.catalina.core.ApplicationFilterChain.doFilter(ApplicationFilterChain.java:140)
	at org.springframework.web.filter.CharacterEncodingFilter.doFilterInternal(CharacterEncodingFilter.java:201)
	at org.springframework.web.filter.OncePerRequestFilter.doFilter(OncePerRequestFilter.java:116)
	at org.apache.catalina.core.ApplicationFilterChain.internalDoFilter(ApplicationFilterChain.java:164)
	at org.apache.catalina.core.ApplicationFilterChain.doFilter(ApplicationFilterChain.java:140)
	at org.apache.catalina.core.StandardWrapperValve.invoke(StandardWrapperValve.java:167)
	at org.apache.catalina.core.StandardContextValve.invoke(StandardContextValve.java:90)
	at org.apache.catalina.authenticator.AuthenticatorBase.invoke(AuthenticatorBase.java:483)
	at org.apache.catalina.core.StandardHostValve.invoke(StandardHostValve.java:115)
	at org.apache.catalina.valves.ErrorReportValve.invoke(ErrorReportValve.java:93)
	at org.apache.catalina.core.StandardEngineValve.invoke(StandardEngineValve.java:74)
	at org.apache.catalina.connector.CoyoteAdapter.service(CoyoteAdapter.java:344)
	at org.apache.coyote.http11.Http11Processor.service(Http11Processor.java:397)
	at org.apache.coyote.AbstractProcessorLight.process(AbstractProcessorLight.java:63)
	at org.apache.coyote.AbstractProtocol$ConnectionHandler.process(AbstractProtocol.java:905)
	at org.apache.tomcat.util.net.NioEndpoint$SocketProcessor.doRun(NioEndpoint.java:1741)
	at org.apache.tomcat.util.net.SocketProcessorBase.run(SocketProcessorBase.java:52)
	at org.apache.tomcat.util.threads.ThreadPoolExecutor.runWorker(ThreadPoolExecutor.java:1190)
	at org.apache.tomcat.util.threads.ThreadPoolExecutor$Worker.run(ThreadPoolExecutor.java:659)
	at org.apache.tomcat.util.threads.TaskThread$WrappingRunnable.run(TaskThread.java:63)
	at java.base/java.lang.Thread.run(Thread.java:1583)
2026-03-16 17:10:08 [http-nio-8080-exec-17] DEBUG o.s.w.s.m.m.a.HttpEntityMethodProcessor - Using 'application/json', given [application/json, text/plain, */*] and supported [application/json, application/*+json, application/yaml]
2026-03-16 17:10:08 [http-nio-8080-exec-17] TRACE o.s.w.s.m.m.a.HttpEntityMethodProcessor - Writing [ApiResponse[success=false, status=500, code=C004, message=예기치 않은 서버 오류가 발생했습니다., data=null, timestamp=2026-03-16T17:10:08.361028500]]
2026-03-16 17:10:08 [http-nio-8080-exec-17] DEBUG o.s.w.s.m.m.a.ExceptionHandlerExceptionResolver - Resolved [org.springframework.web.servlet.resource.NoResourceFoundException: No static resource api/v1/admin/system/statistics/connect.]
2026-03-16 17:10:08 [http-nio-8080-exec-17] DEBUG o.s.web.servlet.DispatcherServlet - Completed 500 INTERNAL_SERVER_ERROR
2026-03-16 17:10:08 [http-nio-8080-exec-3] DEBUG c.c.p.s.jwt.JwtAuthenticationFilter - >>> [JwtFilter] Processing request: GET /api/v1/menu/left
2026-03-16 17:10:08 [http-nio-8080-exec-3] DEBUG c.c.p.s.jwt.JwtAuthenticationFilter - >>> [JwtFilter] Found token in header for path: /api/v1/menu/left
2026-03-16 17:10:08 [http-nio-8080-exec-3] DEBUG o.s.orm.jpa.JpaTransactionManager - Creating new transaction with name [com.company.project.security.iam.CustomUserDetailsService.loadUserByUsername]: PROPAGATION_REQUIRED,ISOLATION_DEFAULT,readOnly
2026-03-16 17:10:08 [http-nio-8080-exec-3] DEBUG o.s.orm.jpa.JpaTransactionManager - Opened new EntityManager [SessionImpl(12481340<open>)] for JPA transaction
2026-03-16 17:10:08 [http-nio-8080-exec-12] DEBUG o.s.orm.jpa.JpaTransactionManager - Initiating transaction commit
2026-03-16 17:10:08 [http-nio-8080-exec-12] DEBUG o.s.orm.jpa.JpaTransactionManager - Committing JPA transaction on EntityManager [SessionImpl(1225833235<open>)]
2026-03-16 17:10:08 [http-nio-8080-exec-2] DEBUG o.s.orm.jpa.JpaTransactionManager - Closing JPA EntityManager [SessionImpl(1143880982<open>)] after transaction
2026-03-16 17:10:08 [http-nio-8080-exec-2] DEBUG o.s.w.s.m.m.a.HttpEntityMethodProcessor - Using 'application/json', given [application/json, text/plain, */*] and supported [application/json, application/*+json, application/yaml]
2026-03-16 17:10:08 [http-nio-8080-exec-2] TRACE o.s.w.s.m.m.a.HttpEntityMethodProcessor - Writing [ApiResponse[success=true, status=200, code=COMMON_001, message=Success, data=0, timestamp=2026-03-16T17:10:08.438619100]]
2026-03-16 17:10:08 [http-nio-8080-exec-2] INFO  c.c.p.a.i.OperationalAuditInterceptor - API Audit Log: URL=/api/v1/notifications/unread-count, User=webmaster, IP=127.0.0.1
2026-03-16 17:10:08 [http-nio-8080-exec-2] DEBUG o.s.web.servlet.DispatcherServlet - Completed 200 OK
2026-03-16 17:10:08 [http-nio-8080-exec-13] DEBUG o.s.orm.jpa.JpaTransactionManager - Closing JPA EntityManager [SessionImpl(2115615173<open>)] after transaction
2026-03-16 17:10:08 [http-nio-8080-exec-19] DEBUG o.s.orm.jpa.JpaTransactionManager - Closing JPA EntityManager [SessionImpl(1679563740<open>)] after transaction
2026-03-16 17:10:08 [http-nio-8080-exec-10] DEBUG c.c.p.s.jwt.JwtAuthenticationFilter - >>> [JwtFilter] Processing request: GET /api/v1/notifications/unread-count
2026-03-16 17:10:08 [http-nio-8080-exec-10] DEBUG c.c.p.s.jwt.JwtAuthenticationFilter - >>> [JwtFilter] Found token in header for path: /api/v1/notifications/unread-count
2026-03-16 17:10:08 [http-nio-8080-exec-13] DEBUG o.s.w.s.m.m.a.HttpEntityMethodProcessor - Using 'application/json', given [application/json, text/plain, */*] and supported [application/json, application/*+json, application/yaml]
2026-03-16 17:10:08 [http-nio-8080-exec-19] DEBUG o.s.w.s.m.m.a.HttpEntityMethodProcessor - Using 'application/json', given [application/json, text/plain, */*] and supported [application/json, application/*+json, application/yaml]
2026-03-16 17:10:08 [http-nio-8080-exec-13] TRACE o.s.w.s.m.m.a.HttpEntityMethodProcessor - Writing [ApiResponse[success=true, status=200, code=COMMON_001, message=Success, data=[], timestamp=2026-03-16T17:10:08.458738700]]
2026-03-16 17:10:08 [http-nio-8080-exec-19] TRACE o.s.w.s.m.m.a.HttpEntityMethodProcessor - Writing [ApiResponse[success=true, status=200, code=COMMON_001, message=Success, data=[NotificationDto(ntfcNo=NT001, ntfcSj=테스트 알림입니다, ntfcCn=알림 내용입니다, ntfcDate=null, ntfcTime=2026-02-25T00:59:33.784070, bhNtfcIntrvl=null, uniqId=null, frstRegisterId=null, frstRegisterPnttm=2026-02-25T00:59:33.784070, lastUpdusrId=null, lastUpdusrPnttm=null)], timestamp=2026-03-16T17:10:08.458738700]]
2026-03-16 17:10:08 [http-nio-8080-exec-10] DEBUG o.s.orm.jpa.JpaTransactionManager - Creating new transaction with name [com.company.project.security.iam.CustomUserDetailsService.loadUserByUsername]: PROPAGATION_REQUIRED,ISOLATION_DEFAULT,readOnly
2026-03-16 17:10:08 [http-nio-8080-exec-10] DEBUG o.s.orm.jpa.JpaTransactionManager - Opened new EntityManager [SessionImpl(408727684<open>)] for JPA transaction
2026-03-16 17:10:08 [http-nio-8080-exec-13] INFO  c.c.p.a.i.OperationalAuditInterceptor - API Audit Log: URL=/api/v1/popups/active, User=webmaster, IP=127.0.0.1
2026-03-16 17:10:08 [http-nio-8080-exec-13] DEBUG o.s.web.servlet.DispatcherServlet - Completed 200 OK
2026-03-16 17:10:08 [http-nio-8080-exec-19] INFO  c.c.p.a.i.OperationalAuditInterceptor - API Audit Log: URL=/api/v1/notifications, User=webmaster, IP=127.0.0.1
2026-03-16 17:10:08 [http-nio-8080-exec-19] DEBUG o.s.web.servlet.DispatcherServlet - Completed 200 OK
2026-03-16 17:10:08 [http-nio-8080-exec-9] DEBUG o.s.orm.jpa.JpaTransactionManager - Closing JPA EntityManager [SessionImpl(575156668<open>)] after transaction
2026-03-16 17:10:08 [http-nio-8080-exec-9] DEBUG o.s.w.s.m.m.a.HttpEntityMethodProcessor - Using 'application/json', given [application/json, text/plain, */*] and supported [application/json, application/*+json, application/yaml]
2026-03-16 17:10:08 [http-nio-8080-exec-9] TRACE o.s.w.s.m.m.a.HttpEntityMethodProcessor - Writing [ApiResponse[success=true, status=200, code=COMMON_001, message=Success, data=[], timestamp=2026-03-16T17:10:08.483429600]]
2026-03-16 17:10:08 [http-nio-8080-exec-15] DEBUG c.c.p.s.jwt.JwtAuthenticationFilter - >>> [JwtFilter] Processing request: GET /api/v1/notifications
2026-03-16 17:10:08 [http-nio-8080-exec-8] DEBUG c.c.p.s.jwt.JwtAuthenticationFilter - >>> [JwtFilter] Processing request: GET /api/v1/popups/active
2026-03-16 17:10:08 [http-nio-8080-exec-15] DEBUG c.c.p.s.jwt.JwtAuthenticationFilter - >>> [JwtFilter] Found token in header for path: /api/v1/notifications
2026-03-16 17:10:08 [http-nio-8080-exec-8] DEBUG c.c.p.s.jwt.JwtAuthenticationFilter - >>> [JwtFilter] Found token in header for path: /api/v1/popups/active
2026-03-16 17:10:08 [http-nio-8080-exec-9] INFO  c.c.p.a.i.OperationalAuditInterceptor - API Audit Log: URL=/api/v1/admin/system/banners/reflected, User=webmaster, IP=127.0.0.1
2026-03-16 17:10:08 [http-nio-8080-exec-15] DEBUG o.s.orm.jpa.JpaTransactionManager - Creating new transaction with name [com.company.project.security.iam.CustomUserDetailsService.loadUserByUsername]: PROPAGATION_REQUIRED,ISOLATION_DEFAULT,readOnly
2026-03-16 17:10:08 [http-nio-8080-exec-8] DEBUG o.s.orm.jpa.JpaTransactionManager - Creating new transaction with name [com.company.project.security.iam.CustomUserDetailsService.loadUserByUsername]: PROPAGATION_REQUIRED,ISOLATION_DEFAULT,readOnly
2026-03-16 17:10:08 [http-nio-8080-exec-9] DEBUG o.s.web.servlet.DispatcherServlet - Completed 200 OK
2026-03-16 17:10:08 [http-nio-8080-exec-15] DEBUG o.s.orm.jpa.JpaTransactionManager - Opened new EntityManager [SessionImpl(267590552<open>)] for JPA transaction
2026-03-16 17:10:08 [http-nio-8080-exec-8] DEBUG o.s.orm.jpa.JpaTransactionManager - Opened new EntityManager [SessionImpl(1404448471<open>)] for JPA transaction
2026-03-16 17:10:08 [http-nio-8080-exec-17] DEBUG c.c.p.s.jwt.JwtAuthenticationFilter - >>> [JwtFilter] Processing request: GET /api/v1/admin/system/banners/reflected
2026-03-16 17:10:08 [http-nio-8080-exec-17] DEBUG c.c.p.s.jwt.JwtAuthenticationFilter - >>> [JwtFilter] Found token in header for path: /api/v1/admin/system/banners/reflected
2026-03-16 17:10:08 [http-nio-8080-exec-17] DEBUG o.s.orm.jpa.JpaTransactionManager - Creating new transaction with name [com.company.project.security.iam.CustomUserDetailsService.loadUserByUsername]: PROPAGATION_REQUIRED,ISOLATION_DEFAULT,readOnly
2026-03-16 17:10:08 [http-nio-8080-exec-17] DEBUG o.s.orm.jpa.JpaTransactionManager - Opened new EntityManager [SessionImpl(1707584590<open>)] for JPA transaction
2026-03-16 17:10:08 [http-nio-8080-exec-17] DEBUG o.s.orm.jpa.JpaTransactionManager - Exposing JPA transaction as JDBC [org.springframework.orm.jpa.vendor.HibernateJpaDialect$HibernateConnectionHandle@bf0fe77]
2026-03-16 17:10:08 [http-nio-8080-exec-17] DEBUG o.s.orm.jpa.JpaTransactionManager - Found thread-bound EntityManager [SessionImpl(1707584590<open>)] for JPA transaction
2026-03-16 17:10:08 [http-nio-8080-exec-17] DEBUG o.s.orm.jpa.JpaTransactionManager - Participating in existing transaction
2026-03-16 17:10:08 [http-nio-8080-exec-17] DEBUG org.hibernate.SQL - select u1_0.emplyr_id,u1_0.area_no,u1_0.brthdy,u1_0.chg_pwd_cnt,u1_0.frst_register_id,u1_0.frst_regist_pnttm,u1_0.detail_adres,u1_0.email_adres,u1_0.emplyr_sttus_code,u1_0.empl_no,u1_0.esntl_id,u1_0.fxnum,u1_0.group_id,u1_0.house_adres,u1_0.house_end_telno,u1_0.house_middle_telno,u1_0.ihidnum,u1_0.pstinst_code,u1_0.last_updusr_id,u1_0.last_updt_pnttm,u1_0.lock_at,u1_0.lock_cnt,u1_0.lock_last_pnttm,u1_0.mbtlnum,u1_0.ofcps_nm,u1_0.offm_telno,u1_0.orgnzt_id,u1_0.password,u1_0.password_cnsr,u1_0.password_hint,u1_0.chg_pwd_last_pnttm,u1_0.role,u1_0.sbscrb_de,u1_0.sexdstn_code,u1_0.crtfc_dn_value,u1_0.user_nm,u1_0.zip from nemplyrinfo u1_0 where u1_0.emplyr_id=?
2026-03-16 17:10:08 [http-nio-8080-exec-3] DEBUG o.s.orm.jpa.JpaTransactionManager - Exposing JPA transaction as JDBC [org.springframework.orm.jpa.vendor.HibernateJpaDialect$HibernateConnectionHandle@507a8720]
2026-03-16 17:10:08 [http-nio-8080-exec-3] DEBUG o.s.orm.jpa.JpaTransactionManager - Found thread-bound EntityManager [SessionImpl(12481340<open>)] for JPA transaction
2026-03-16 17:10:08 [http-nio-8080-exec-3] DEBUG o.s.orm.jpa.JpaTransactionManager - Participating in existing transaction
2026-03-16 17:10:08 [http-nio-8080-exec-3] DEBUG org.hibernate.SQL - select u1_0.emplyr_id,u1_0.area_no,u1_0.brthdy,u1_0.chg_pwd_cnt,u1_0.frst_register_id,u1_0.frst_regist_pnttm,u1_0.detail_adres,u1_0.email_adres,u1_0.emplyr_sttus_code,u1_0.empl_no,u1_0.esntl_id,u1_0.fxnum,u1_0.group_id,u1_0.house_adres,u1_0.house_end_telno,u1_0.house_middle_telno,u1_0.ihidnum,u1_0.pstinst_code,u1_0.last_updusr_id,u1_0.last_updt_pnttm,u1_0.lock_at,u1_0.lock_cnt,u1_0.lock_last_pnttm,u1_0.mbtlnum,u1_0.ofcps_nm,u1_0.offm_telno,u1_0.orgnzt_id,u1_0.password,u1_0.password_cnsr,u1_0.password_hint,u1_0.chg_pwd_last_pnttm,u1_0.role,u1_0.sbscrb_de,u1_0.sexdstn_code,u1_0.crtfc_dn_value,u1_0.user_nm,u1_0.zip from nemplyrinfo u1_0 where u1_0.emplyr_id=?
2026-03-16 17:10:08 [http-nio-8080-exec-12] DEBUG o.s.orm.jpa.JpaTransactionManager - Closing JPA EntityManager [SessionImpl(1225833235<open>)] after transaction
2026-03-16 17:10:08 [http-nio-8080-exec-12] DEBUG c.c.p.s.jwt.JwtAuthenticationFilter - >>> [JwtFilter] Successfully authenticated user: USRCNFRM_99999999999, Authorities: [ROLE_ADMIN]
2026-03-16 17:10:08 [http-nio-8080-exec-12] DEBUG o.s.web.servlet.DispatcherServlet - GET "/api/v1/admin/system/statistics/bbs?statsKind=COM101", parameters={masked}
2026-03-16 17:10:08 [http-nio-8080-exec-12] DEBUG o.s.w.s.h.SimpleUrlHandlerMapping - Mapped to ResourceHttpRequestHandler [classpath [META-INF/resources/], classpath [resources/], classpath [static/], classpath [public/], ServletContext [/]]
2026-03-16 17:10:08 [http-nio-8080-exec-12] DEBUG o.s.w.s.r.ResourceHttpRequestHandler - Resource not found
2026-03-16 17:10:08 [http-nio-8080-exec-12] DEBUG o.s.w.s.m.m.a.ExceptionHandlerExceptionResolver - Using @ExceptionHandler com.company.project.core.exception.GlobalExceptionHandler#handleException(Exception)
2026-03-16 17:10:08 [http-nio-8080-exec-12] ERROR c.c.p.c.e.GlobalExceptionHandler - >>> Internal Server Error: No static resource api/v1/admin/system/statistics/bbs.
org.springframework.web.servlet.resource.NoResourceFoundException: No static resource api/v1/admin/system/statistics/bbs.
	at org.springframework.web.servlet.resource.ResourceHttpRequestHandler.handleRequest(ResourceHttpRequestHandler.java:585)
	at org.springframework.web.servlet.mvc.HttpRequestHandlerAdapter.handle(HttpRequestHandlerAdapter.java:52)
	at org.springframework.web.servlet.DispatcherServlet.doDispatch(DispatcherServlet.java:1088)
	at org.springframework.web.servlet.DispatcherServlet.doService(DispatcherServlet.java:978)
	at org.springframework.web.servlet.FrameworkServlet.processRequest(FrameworkServlet.java:1014)
	at org.springframework.web.servlet.FrameworkServlet.doGet(FrameworkServlet.java:903)
	at jakarta.servlet.http.HttpServlet.service(HttpServlet.java:527)
	at org.springframework.web.servlet.FrameworkServlet.service(FrameworkServlet.java:885)
	at jakarta.servlet.http.HttpServlet.service(HttpServlet.java:614)
	at org.apache.catalina.core.ApplicationFilterChain.internalDoFilter(ApplicationFilterChain.java:195)
	at org.apache.catalina.core.ApplicationFilterChain.doFilter(ApplicationFilterChain.java:140)
	at org.apache.tomcat.websocket.server.WsFilter.doFilter(WsFilter.java:51)
	at org.apache.catalina.core.ApplicationFilterChain.internalDoFilter(ApplicationFilterChain.java:164)
	at org.apache.catalina.core.ApplicationFilterChain.doFilter(ApplicationFilterChain.java:140)
	at org.springframework.web.filter.CompositeFilter$VirtualFilterChain.doFilter(CompositeFilter.java:108)
	at org.springframework.security.web.FilterChainProxy.lambda$doFilterInternal$3(FilterChainProxy.java:231)
	at org.springframework.security.web.ObservationFilterChainDecorator$FilterObservation$SimpleFilterObservation.lambda$wrap$1(ObservationFilterChainDecorator.java:479)
	at org.springframework.security.web.ObservationFilterChainDecorator$AroundFilterObservation$SimpleAroundFilterObservation.lambda$wrap$1(ObservationFilterChainDecorator.java:340)
	at org.springframework.security.web.ObservationFilterChainDecorator.lambda$wrapSecured$0(ObservationFilterChainDecorator.java:82)
	at org.springframework.security.web.ObservationFilterChainDecorator$VirtualFilterChain.doFilter(ObservationFilterChainDecorator.java:128)
	at org.springframework.security.web.access.intercept.AuthorizationFilter.doFilter(AuthorizationFilter.java:101)
	at org.springframework.security.web.ObservationFilterChainDecorator$ObservationFilter.wrapFilter(ObservationFilterChainDecorator.java:240)
	at org.springframework.security.web.ObservationFilterChainDecorator$ObservationFilter.doFilter(ObservationFilterChainDecorator.java:227)
	at org.springframework.security.web.ObservationFilterChainDecorator$VirtualFilterChain.doFilter(ObservationFilterChainDecorator.java:137)
	at org.springframework.security.web.access.ExceptionTranslationFilter.doFilter(ExceptionTranslationFilter.java:126)
	at org.springframework.security.web.access.ExceptionTranslationFilter.doFilter(ExceptionTranslationFilter.java:120)
	at org.springframework.security.web.ObservationFilterChainDecorator$ObservationFilter.wrapFilter(ObservationFilterChainDecorator.java:240)
	at org.springframework.security.web.ObservationFilterChainDecorator$ObservationFilter.doFilter(ObservationFilterChainDecorator.java:227)
	at org.springframework.security.web.ObservationFilterChainDecorator$VirtualFilterChain.doFilter(ObservationFilterChainDecorator.java:137)
	at org.springframework.security.web.session.SessionManagementFilter.doFilter(SessionManagementFilter.java:131)
	at org.springframework.security.web.session.SessionManagementFilter.doFilter(SessionManagementFilter.java:85)
	at org.springframework.security.web.ObservationFilterChainDecorator$ObservationFilter.wrapFilter(ObservationFilterChainDecorator.java:240)
	at org.springframework.security.web.ObservationFilterChainDecorator$ObservationFilter.doFilter(ObservationFilterChainDecorator.java:227)
	at org.springframework.security.web.ObservationFilterChainDecorator$VirtualFilterChain.doFilter(ObservationFilterChainDecorator.java:137)
	at org.springframework.security.web.authentication.AnonymousAuthenticationFilter.doFilter(AnonymousAuthenticationFilter.java:100)
	at org.springframework.security.web.ObservationFilterChainDecorator$ObservationFilter.wrapFilter(ObservationFilterChainDecorator.java:240)
	at org.springframework.security.web.ObservationFilterChainDecorator$ObservationFilter.doFilter(ObservationFilterChainDecorator.java:227)
	at org.springframework.security.web.ObservationFilterChainDecorator$VirtualFilterChain.doFilter(ObservationFilterChainDecorator.java:137)
	at org.springframework.security.web.servletapi.SecurityContextHolderAwareRequestFilter.doFilter(SecurityContextHolderAwareRequestFilter.java:179)
	at org.springframework.security.web.ObservationFilterChainDecorator$ObservationFilter.wrapFilter(ObservationFilterChainDecorator.java:240)
	at org.springframework.security.web.ObservationFilterChainDecorator$ObservationFilter.doFilter(ObservationFilterChainDecorator.java:227)
	at org.springframework.security.web.ObservationFilterChainDecorator$VirtualFilterChain.doFilter(ObservationFilterChainDecorator.java:137)
	at org.springframework.security.web.savedrequest.RequestCacheAwareFilter.doFilter(RequestCacheAwareFilter.java:63)
	at org.springframework.security.web.ObservationFilterChainDecorator$ObservationFilter.wrapFilter(ObservationFilterChainDecorator.java:240)
	at org.springframework.security.web.ObservationFilterChainDecorator$ObservationFilter.doFilter(ObservationFilterChainDecorator.java:227)
	at org.springframework.security.web.ObservationFilterChainDecorator$VirtualFilterChain.doFilter(ObservationFilterChainDecorator.java:137)
	at com.company.project.security.jwt.JwtAuthenticationFilter.doFilterInternal(JwtAuthenticationFilter.java:52)
	at org.springframework.web.filter.OncePerRequestFilter.doFilter(OncePerRequestFilter.java:116)
	at org.springframework.security.web.ObservationFilterChainDecorator$ObservationFilter.wrapFilter(ObservationFilterChainDecorator.java:240)
	at org.springframework.security.web.ObservationFilterChainDecorator$ObservationFilter.doFilter(ObservationFilterChainDecorator.java:227)
	at org.springframework.security.web.ObservationFilterChainDecorator$VirtualFilterChain.doFilter(ObservationFilterChainDecorator.java:137)
	at org.springframework.security.web.authentication.logout.LogoutFilter.doFilter(LogoutFilter.java:107)
	at org.springframework.security.web.authentication.logout.LogoutFilter.doFilter(LogoutFilter.java:93)
	at org.springframework.security.web.ObservationFilterChainDecorator$ObservationFilter.wrapFilter(ObservationFilterChainDecorator.java:240)
	at org.springframework.security.web.ObservationFilterChainDecorator$ObservationFilter.doFilter(ObservationFilterChainDecorator.java:227)
	at org.springframework.security.web.ObservationFilterChainDecorator$VirtualFilterChain.doFilter(ObservationFilterChainDecorator.java:137)
	at org.springframework.web.filter.CorsFilter.doFilterInternal(CorsFilter.java:91)
	at org.springframework.web.filter.OncePerRequestFilter.doFilter(OncePerRequestFilter.java:116)
	at org.springframework.security.web.ObservationFilterChainDecorator$ObservationFilter.wrapFilter(ObservationFilterChainDecorator.java:240)
	at org.springframework.security.web.ObservationFilterChainDecorator$ObservationFilter.doFilter(ObservationFilterChainDecorator.java:227)
	at org.springframework.security.web.ObservationFilterChainDecorator$VirtualFilterChain.doFilter(ObservationFilterChainDecorator.java:137)
	at org.springframework.security.web.header.HeaderWriterFilter.doHeadersAfter(HeaderWriterFilter.java:90)
	at org.springframework.security.web.header.HeaderWriterFilter.doFilterInternal(HeaderWriterFilter.java:75)
	at org.springframework.web.filter.OncePerRequestFilter.doFilter(OncePerRequestFilter.java:116)
	at org.springframework.security.web.ObservationFilterChainDecorator$ObservationFilter.wrapFilter(ObservationFilterChainDecorator.java:240)
	at org.springframework.security.web.ObservationFilterChainDecorator$ObservationFilter.doFilter(ObservationFilterChainDecorator.java:227)
	at org.springframework.security.web.ObservationFilterChainDecorator$VirtualFilterChain.doFilter(ObservationFilterChainDecorator.java:137)
	at org.springframework.security.web.context.SecurityContextHolderFilter.doFilter(SecurityContextHolderFilter.java:82)
	at org.springframework.security.web.context.SecurityContextHolderFilter.doFilter(SecurityContextHolderFilter.java:69)
	at org.springframework.security.web.ObservationFilterChainDecorator$ObservationFilter.wrapFilter(ObservationFilterChainDecorator.java:240)
	at org.springframework.security.web.ObservationFilterChainDecorator$ObservationFilter.doFilter(ObservationFilterChainDecorator.java:227)
	at org.springframework.security.web.ObservationFilterChainDecorator$VirtualFilterChain.doFilter(ObservationFilterChainDecorator.java:137)
	at org.springframework.security.web.context.request.async.WebAsyncManagerIntegrationFilter.doFilterInternal(WebAsyncManagerIntegrationFilter.java:62)
	at org.springframework.web.filter.OncePerRequestFilter.doFilter(OncePerRequestFilter.java:116)
	at org.springframework.security.web.ObservationFilterChainDecorator$ObservationFilter.wrapFilter(ObservationFilterChainDecorator.java:240)
	at org.springframework.security.web.ObservationFilterChainDecorator$ObservationFilter.doFilter(ObservationFilterChainDecorator.java:227)
	at org.springframework.security.web.ObservationFilterChainDecorator$VirtualFilterChain.doFilter(ObservationFilterChainDecorator.java:137)
	at org.springframework.security.web.session.DisableEncodeUrlFilter.doFilterInternal(DisableEncodeUrlFilter.java:42)
	at org.springframework.web.filter.OncePerRequestFilter.doFilter(OncePerRequestFilter.java:116)
	at org.springframework.security.web.ObservationFilterChainDecorator$ObservationFilter.wrapFilter(ObservationFilterChainDecorator.java:240)
	at org.springframework.security.web.ObservationFilterChainDecorator$AroundFilterObservation$SimpleAroundFilterObservation.lambda$wrap$0(ObservationFilterChainDecorator.java:323)
	at org.springframework.security.web.ObservationFilterChainDecorator$ObservationFilter.doFilter(ObservationFilterChainDecorator.java:224)
	at org.springframework.security.web.ObservationFilterChainDecorator$VirtualFilterChain.doFilter(ObservationFilterChainDecorator.java:137)
	at org.springframework.security.web.FilterChainProxy.doFilterInternal(FilterChainProxy.java:233)
	at org.springframework.security.web.FilterChainProxy.doFilter(FilterChainProxy.java:191)
	at org.springframework.web.filter.CompositeFilter$VirtualFilterChain.doFilter(CompositeFilter.java:113)
	at org.springframework.web.servlet.handler.HandlerMappingIntrospector.lambda$createCacheFilter$3(HandlerMappingIntrospector.java:243)
	at org.springframework.web.filter.CompositeFilter$VirtualFilterChain.doFilter(CompositeFilter.java:113)
	at org.springframework.web.filter.CompositeFilter.doFilter(CompositeFilter.java:74)
	at org.springframework.security.config.annotation.web.configuration.WebMvcSecurityConfiguration$CompositeFilterChainProxy.doFilter(WebMvcSecurityConfiguration.java:238)
	at org.springframework.web.filter.DelegatingFilterProxy.invokeDelegate(DelegatingFilterProxy.java:362)
	at org.springframework.web.filter.DelegatingFilterProxy.doFilter(DelegatingFilterProxy.java:278)
	at org.apache.catalina.core.ApplicationFilterChain.internalDoFilter(ApplicationFilterChain.java:164)
	at org.apache.catalina.core.ApplicationFilterChain.doFilter(ApplicationFilterChain.java:140)
	at org.springframework.web.filter.RequestContextFilter.doFilterInternal(RequestContextFilter.java:100)
	at org.springframework.web.filter.OncePerRequestFilter.doFilter(OncePerRequestFilter.java:116)
	at org.apache.catalina.core.ApplicationFilterChain.internalDoFilter(ApplicationFilterChain.java:164)
	at org.apache.catalina.core.ApplicationFilterChain.doFilter(ApplicationFilterChain.java:140)
	at org.springframework.web.filter.FormContentFilter.doFilterInternal(FormContentFilter.java:93)
	at org.springframework.web.filter.OncePerRequestFilter.doFilter(OncePerRequestFilter.java:116)
	at org.apache.catalina.core.ApplicationFilterChain.internalDoFilter(ApplicationFilterChain.java:164)
	at org.apache.catalina.core.ApplicationFilterChain.doFilter(ApplicationFilterChain.java:140)
	at org.springframework.web.filter.ServerHttpObservationFilter.doFilterInternal(ServerHttpObservationFilter.java:114)
	at org.springframework.web.filter.OncePerRequestFilter.doFilter(OncePerRequestFilter.java:116)
	at org.apache.catalina.core.ApplicationFilterChain.internalDoFilter(ApplicationFilterChain.java:164)
	at org.apache.catalina.core.ApplicationFilterChain.doFilter(ApplicationFilterChain.java:140)
	at org.springframework.web.filter.CharacterEncodingFilter.doFilterInternal(CharacterEncodingFilter.java:201)
	at org.springframework.web.filter.OncePerRequestFilter.doFilter(OncePerRequestFilter.java:116)
	at org.apache.catalina.core.ApplicationFilterChain.internalDoFilter(ApplicationFilterChain.java:164)
	at org.apache.catalina.core.ApplicationFilterChain.doFilter(ApplicationFilterChain.java:140)
	at org.apache.catalina.core.StandardWrapperValve.invoke(StandardWrapperValve.java:167)
	at org.apache.catalina.core.StandardContextValve.invoke(StandardContextValve.java:90)
	at org.apache.catalina.authenticator.AuthenticatorBase.invoke(AuthenticatorBase.java:483)
	at org.apache.catalina.core.StandardHostValve.invoke(StandardHostValve.java:115)
	at org.apache.catalina.valves.ErrorReportValve.invoke(ErrorReportValve.java:93)
	at org.apache.catalina.core.StandardEngineValve.invoke(StandardEngineValve.java:74)
	at org.apache.catalina.connector.CoyoteAdapter.service(CoyoteAdapter.java:344)
	at org.apache.coyote.http11.Http11Processor.service(Http11Processor.java:397)
	at org.apache.coyote.AbstractProcessorLight.process(AbstractProcessorLight.java:63)
	at org.apache.coyote.AbstractProtocol$ConnectionHandler.process(AbstractProtocol.java:905)
	at org.apache.tomcat.util.net.NioEndpoint$SocketProcessor.doRun(NioEndpoint.java:1741)
	at org.apache.tomcat.util.net.SocketProcessorBase.run(SocketProcessorBase.java:52)
	at org.apache.tomcat.util.threads.ThreadPoolExecutor.runWorker(ThreadPoolExecutor.java:1190)
	at org.apache.tomcat.util.threads.ThreadPoolExecutor$Worker.run(ThreadPoolExecutor.java:659)
	at org.apache.tomcat.util.threads.TaskThread$WrappingRunnable.run(TaskThread.java:63)
	at java.base/java.lang.Thread.run(Thread.java:1583)
2026-03-16 17:10:08 [http-nio-8080-exec-12] DEBUG o.s.w.s.m.m.a.HttpEntityMethodProcessor - Using 'application/json', given [application/json, text/plain, */*] and supported [application/json, application/*+json, application/yaml]
2026-03-16 17:10:08 [http-nio-8080-exec-12] TRACE o.s.w.s.m.m.a.HttpEntityMethodProcessor - Writing [ApiResponse[success=false, status=500, code=C004, message=예기치 않은 서버 오류가 발생했습니다., data=null, timestamp=2026-03-16T17:10:08.575182900]]
2026-03-16 17:10:08 [http-nio-8080-exec-12] DEBUG o.s.w.s.m.m.a.ExceptionHandlerExceptionResolver - Resolved [org.springframework.web.servlet.resource.NoResourceFoundException: No static resource api/v1/admin/system/statistics/bbs.]
2026-03-16 17:10:08 [http-nio-8080-exec-12] DEBUG o.s.web.servlet.DispatcherServlet - Completed 500 INTERNAL_SERVER_ERROR
2026-03-16 17:10:08 [http-nio-8080-exec-10] DEBUG o.s.orm.jpa.JpaTransactionManager - Exposing JPA transaction as JDBC [org.springframework.orm.jpa.vendor.HibernateJpaDialect$HibernateConnectionHandle@7a3ceacf]
2026-03-16 17:10:08 [http-nio-8080-exec-10] DEBUG o.s.orm.jpa.JpaTransactionManager - Found thread-bound EntityManager [SessionImpl(408727684<open>)] for JPA transaction
2026-03-16 17:10:08 [http-nio-8080-exec-10] DEBUG o.s.orm.jpa.JpaTransactionManager - Participating in existing transaction
2026-03-16 17:10:08 [http-nio-8080-exec-10] DEBUG org.hibernate.SQL - select u1_0.emplyr_id,u1_0.area_no,u1_0.brthdy,u1_0.chg_pwd_cnt,u1_0.frst_register_id,u1_0.frst_regist_pnttm,u1_0.detail_adres,u1_0.email_adres,u1_0.emplyr_sttus_code,u1_0.empl_no,u1_0.esntl_id,u1_0.fxnum,u1_0.group_id,u1_0.house_adres,u1_0.house_end_telno,u1_0.house_middle_telno,u1_0.ihidnum,u1_0.pstinst_code,u1_0.last_updusr_id,u1_0.last_updt_pnttm,u1_0.lock_at,u1_0.lock_cnt,u1_0.lock_last_pnttm,u1_0.mbtlnum,u1_0.ofcps_nm,u1_0.offm_telno,u1_0.orgnzt_id,u1_0.password,u1_0.password_cnsr,u1_0.password_hint,u1_0.chg_pwd_last_pnttm,u1_0.role,u1_0.sbscrb_de,u1_0.sexdstn_code,u1_0.crtfc_dn_value,u1_0.user_nm,u1_0.zip from nemplyrinfo u1_0 where u1_0.emplyr_id=?
2026-03-16 17:10:08 [http-nio-8080-exec-15] DEBUG o.s.orm.jpa.JpaTransactionManager - Exposing JPA transaction as JDBC [org.springframework.orm.jpa.vendor.HibernateJpaDialect$HibernateConnectionHandle@704d61b5]
2026-03-16 17:10:08 [http-nio-8080-exec-8] DEBUG o.s.orm.jpa.JpaTransactionManager - Exposing JPA transaction as JDBC [org.springframework.orm.jpa.vendor.HibernateJpaDialect$HibernateConnectionHandle@48d74c2e]
2026-03-16 17:10:08 [http-nio-8080-exec-15] DEBUG o.s.orm.jpa.JpaTransactionManager - Found thread-bound EntityManager [SessionImpl(267590552<open>)] for JPA transaction
2026-03-16 17:10:08 [http-nio-8080-exec-8] DEBUG o.s.orm.jpa.JpaTransactionManager - Found thread-bound EntityManager [SessionImpl(1404448471<open>)] for JPA transaction
2026-03-16 17:10:08 [http-nio-8080-exec-15] DEBUG o.s.orm.jpa.JpaTransactionManager - Participating in existing transaction
2026-03-16 17:10:08 [http-nio-8080-exec-8] DEBUG o.s.orm.jpa.JpaTransactionManager - Participating in existing transaction
2026-03-16 17:10:08 [http-nio-8080-exec-15] DEBUG org.hibernate.SQL - select u1_0.emplyr_id,u1_0.area_no,u1_0.brthdy,u1_0.chg_pwd_cnt,u1_0.frst_register_id,u1_0.frst_regist_pnttm,u1_0.detail_adres,u1_0.email_adres,u1_0.emplyr_sttus_code,u1_0.empl_no,u1_0.esntl_id,u1_0.fxnum,u1_0.group_id,u1_0.house_adres,u1_0.house_end_telno,u1_0.house_middle_telno,u1_0.ihidnum,u1_0.pstinst_code,u1_0.last_updusr_id,u1_0.last_updt_pnttm,u1_0.lock_at,u1_0.lock_cnt,u1_0.lock_last_pnttm,u1_0.mbtlnum,u1_0.ofcps_nm,u1_0.offm_telno,u1_0.orgnzt_id,u1_0.password,u1_0.password_cnsr,u1_0.password_hint,u1_0.chg_pwd_last_pnttm,u1_0.role,u1_0.sbscrb_de,u1_0.sexdstn_code,u1_0.crtfc_dn_value,u1_0.user_nm,u1_0.zip from nemplyrinfo u1_0 where u1_0.emplyr_id=?
2026-03-16 17:10:08 [http-nio-8080-exec-8] DEBUG org.hibernate.SQL - select u1_0.emplyr_id,u1_0.area_no,u1_0.brthdy,u1_0.chg_pwd_cnt,u1_0.frst_register_id,u1_0.frst_regist_pnttm,u1_0.detail_adres,u1_0.email_adres,u1_0.emplyr_sttus_code,u1_0.empl_no,u1_0.esntl_id,u1_0.fxnum,u1_0.group_id,u1_0.house_adres,u1_0.house_end_telno,u1_0.house_middle_telno,u1_0.ihidnum,u1_0.pstinst_code,u1_0.last_updusr_id,u1_0.last_updt_pnttm,u1_0.lock_at,u1_0.lock_cnt,u1_0.lock_last_pnttm,u1_0.mbtlnum,u1_0.ofcps_nm,u1_0.offm_telno,u1_0.orgnzt_id,u1_0.password,u1_0.password_cnsr,u1_0.password_hint,u1_0.chg_pwd_last_pnttm,u1_0.role,u1_0.sbscrb_de,u1_0.sexdstn_code,u1_0.crtfc_dn_value,u1_0.user_nm,u1_0.zip from nemplyrinfo u1_0 where u1_0.emplyr_id=?
2026-03-16 17:10:08 [http-nio-8080-exec-17] DEBUG o.s.orm.jpa.JpaTransactionManager - Found thread-bound EntityManager [SessionImpl(1707584590<open>)] for JPA transaction
2026-03-16 17:10:08 [http-nio-8080-exec-17] DEBUG o.s.orm.jpa.JpaTransactionManager - Participating in existing transaction
2026-03-16 17:10:08 [http-nio-8080-exec-17] DEBUG org.hibernate.SQL - select ua1_0.scrty_dtrmn_trget_id,ua1_0.author_code,ua1_0.frst_register_id,ua1_0.frst_regist_pnttm,ua1_0.last_updusr_id,ua1_0.last_updt_pnttm,ua1_0.mber_ty_code from nemplyrscrtyestbs ua1_0 where ua1_0.scrty_dtrmn_trget_id=?
2026-03-16 17:10:08 [http-nio-8080-exec-3] DEBUG o.s.orm.jpa.JpaTransactionManager - Found thread-bound EntityManager [SessionImpl(12481340<open>)] for JPA transaction
2026-03-16 17:10:08 [http-nio-8080-exec-3] DEBUG o.s.orm.jpa.JpaTransactionManager - Participating in existing transaction
2026-03-16 17:10:08 [http-nio-8080-exec-3] DEBUG org.hibernate.SQL - select ua1_0.scrty_dtrmn_trget_id,ua1_0.author_code,ua1_0.frst_register_id,ua1_0.frst_regist_pnttm,ua1_0.last_updusr_id,ua1_0.last_updt_pnttm,ua1_0.mber_ty_code from nemplyrscrtyestbs ua1_0 where ua1_0.scrty_dtrmn_trget_id=?
2026-03-16 17:10:08 [http-nio-8080-exec-10] DEBUG o.s.orm.jpa.JpaTransactionManager - Found thread-bound EntityManager [SessionImpl(408727684<open>)] for JPA transaction
2026-03-16 17:10:08 [http-nio-8080-exec-10] DEBUG o.s.orm.jpa.JpaTransactionManager - Participating in existing transaction
2026-03-16 17:10:08 [http-nio-8080-exec-10] DEBUG org.hibernate.SQL - select ua1_0.scrty_dtrmn_trget_id,ua1_0.author_code,ua1_0.frst_register_id,ua1_0.frst_regist_pnttm,ua1_0.last_updusr_id,ua1_0.last_updt_pnttm,ua1_0.mber_ty_code from nemplyrscrtyestbs ua1_0 where ua1_0.scrty_dtrmn_trget_id=?
2026-03-16 17:10:08 [http-nio-8080-exec-8] DEBUG o.s.orm.jpa.JpaTransactionManager - Found thread-bound EntityManager [SessionImpl(1404448471<open>)] for JPA transaction
2026-03-16 17:10:08 [http-nio-8080-exec-15] DEBUG o.s.orm.jpa.JpaTransactionManager - Found thread-bound EntityManager [SessionImpl(267590552<open>)] for JPA transaction
2026-03-16 17:10:08 [http-nio-8080-exec-8] DEBUG o.s.orm.jpa.JpaTransactionManager - Participating in existing transaction
2026-03-16 17:10:08 [http-nio-8080-exec-15] DEBUG o.s.orm.jpa.JpaTransactionManager - Participating in existing transaction
2026-03-16 17:10:08 [http-nio-8080-exec-15] DEBUG org.hibernate.SQL - select ua1_0.scrty_dtrmn_trget_id,ua1_0.author_code,ua1_0.frst_register_id,ua1_0.frst_regist_pnttm,ua1_0.last_updusr_id,ua1_0.last_updt_pnttm,ua1_0.mber_ty_code from nemplyrscrtyestbs ua1_0 where ua1_0.scrty_dtrmn_trget_id=?
2026-03-16 17:10:08 [http-nio-8080-exec-8] DEBUG org.hibernate.SQL - select ua1_0.scrty_dtrmn_trget_id,ua1_0.author_code,ua1_0.frst_register_id,ua1_0.frst_regist_pnttm,ua1_0.last_updusr_id,ua1_0.last_updt_pnttm,ua1_0.mber_ty_code from nemplyrscrtyestbs ua1_0 where ua1_0.scrty_dtrmn_trget_id=?
2026-03-16 17:10:08 [http-nio-8080-exec-17] DEBUG o.s.orm.jpa.JpaTransactionManager - Initiating transaction commit
2026-03-16 17:10:08 [http-nio-8080-exec-17] DEBUG o.s.orm.jpa.JpaTransactionManager - Committing JPA transaction on EntityManager [SessionImpl(1707584590<open>)]
2026-03-16 17:10:08 [http-nio-8080-exec-3] DEBUG o.s.orm.jpa.JpaTransactionManager - Initiating transaction commit
2026-03-16 17:10:08 [http-nio-8080-exec-3] DEBUG o.s.orm.jpa.JpaTransactionManager - Committing JPA transaction on EntityManager [SessionImpl(12481340<open>)]
2026-03-16 17:10:08 [http-nio-8080-exec-10] DEBUG o.s.orm.jpa.JpaTransactionManager - Initiating transaction commit
2026-03-16 17:10:08 [http-nio-8080-exec-10] DEBUG o.s.orm.jpa.JpaTransactionManager - Committing JPA transaction on EntityManager [SessionImpl(408727684<open>)]
2026-03-16 17:10:08 [http-nio-8080-exec-15] DEBUG o.s.orm.jpa.JpaTransactionManager - Initiating transaction commit
2026-03-16 17:10:08 [http-nio-8080-exec-8] DEBUG o.s.orm.jpa.JpaTransactionManager - Initiating transaction commit
2026-03-16 17:10:08 [http-nio-8080-exec-15] DEBUG o.s.orm.jpa.JpaTransactionManager - Committing JPA transaction on EntityManager [SessionImpl(267590552<open>)]
2026-03-16 17:10:08 [http-nio-8080-exec-8] DEBUG o.s.orm.jpa.JpaTransactionManager - Committing JPA transaction on EntityManager [SessionImpl(1404448471<open>)]
2026-03-16 17:10:08 [http-nio-8080-exec-17] DEBUG o.s.orm.jpa.JpaTransactionManager - Closing JPA EntityManager [SessionImpl(1707584590<open>)] after transaction
2026-03-16 17:10:08 [http-nio-8080-exec-17] DEBUG c.c.p.s.jwt.JwtAuthenticationFilter - >>> [JwtFilter] Successfully authenticated user: USRCNFRM_99999999999, Authorities: [ROLE_ADMIN]
2026-03-16 17:10:08 [http-nio-8080-exec-17] DEBUG o.s.web.servlet.DispatcherServlet - GET "/api/v1/admin/system/banners/reflected", parameters={}
2026-03-16 17:10:08 [http-nio-8080-exec-17] TRACE o.s.w.s.m.m.a.RequestMappingHandlerMapping - Mapped to com.company.project.api.controller.system.content.banner.BannerApiController#getReflectedBanners()
2026-03-16 17:10:08 [http-nio-8080-exec-17] DEBUG o.s.orm.jpa.JpaTransactionManager - Creating new transaction with name [com.company.project.service.system.content.banner.BannerService.getReflectedBanners]: PROPAGATION_REQUIRED,ISOLATION_DEFAULT,readOnly
2026-03-16 17:10:08 [http-nio-8080-exec-17] DEBUG o.s.orm.jpa.JpaTransactionManager - Opened new EntityManager [SessionImpl(1771167044<open>)] for JPA transaction
2026-03-16 17:10:08 [http-nio-8080-exec-17] DEBUG o.s.orm.jpa.JpaTransactionManager - Exposing JPA transaction as JDBC [org.springframework.orm.jpa.vendor.HibernateJpaDialect$HibernateConnectionHandle@354db647]
2026-03-16 17:10:08 [http-nio-8080-exec-17] DEBUG org.hibernate.SQL - select b1_0.banner_id,b1_0.banner_dc,b1_0.banner_image,b1_0.banner_image_file,b1_0.banner_nm,b1_0.frst_register_id,b1_0.frst_regist_pnttm,b1_0.last_updusr_id,b1_0.last_updt_pnttm,b1_0.link_url,b1_0.reflct_at,b1_0.sort_ordr from nbanner b1_0 where b1_0.reflct_at=? order by b1_0.sort_ordr
2026-03-16 17:10:09 [http-nio-8080-exec-3] DEBUG o.s.orm.jpa.JpaTransactionManager - Closing JPA EntityManager [SessionImpl(12481340<open>)] after transaction
2026-03-16 17:10:09 [http-nio-8080-exec-3] DEBUG c.c.p.s.jwt.JwtAuthenticationFilter - >>> [JwtFilter] Successfully authenticated user: USRCNFRM_99999999999, Authorities: [ROLE_ADMIN]
2026-03-16 17:10:09 [http-nio-8080-exec-3] DEBUG o.s.web.servlet.DispatcherServlet - GET "/api/v1/menu/left?menuNo=20", parameters={masked}
2026-03-16 17:10:09 [http-nio-8080-exec-3] TRACE o.s.w.s.m.m.a.RequestMappingHandlerMapping - Mapped to com.company.project.api.controller.menu.MenuController#getLeftMenu(Long)
2026-03-16 17:10:09 [http-nio-8080-exec-3] INFO  c.c.p.a.c.menu.MenuController - getLeftMenu called with menuNo=20
2026-03-16 17:10:09 [http-nio-8080-exec-3] DEBUG o.s.orm.jpa.JpaTransactionManager - Creating new transaction with name [com.company.project.service.menu.MenuService.getSubMenus]: PROPAGATION_REQUIRED,ISOLATION_DEFAULT,readOnly
2026-03-16 17:10:09 [http-nio-8080-exec-3] DEBUG o.s.orm.jpa.JpaTransactionManager - Opened new EntityManager [SessionImpl(1140896124<open>)] for JPA transaction
2026-03-16 17:10:09 [http-nio-8080-exec-3] DEBUG o.s.orm.jpa.JpaTransactionManager - Exposing JPA transaction as JDBC [org.springframework.orm.jpa.vendor.HibernateJpaDialect$HibernateConnectionHandle@67388e16]
2026-03-16 17:10:09 [http-nio-8080-exec-3] DEBUG org.hibernate.SQL - select m1_0.menu_no,m1_0.menu_dc,m1_0.menu_nm,m1_0.menu_ordr,m1_0.modern_route,m1_0.progrm_file_nm,m1_0.relate_image_nm,m1_0.relate_image_path,m1_0.route_updated_at,m1_0.upper_menu_no from nmenuinfo m1_0 order by m1_0.upper_menu_no,m1_0.menu_ordr
2026-03-16 17:10:09 [http-nio-8080-exec-10] DEBUG o.s.orm.jpa.JpaTransactionManager - Closing JPA EntityManager [SessionImpl(408727684<open>)] after transaction
2026-03-16 17:10:09 [http-nio-8080-exec-10] DEBUG c.c.p.s.jwt.JwtAuthenticationFilter - >>> [JwtFilter] Successfully authenticated user: USRCNFRM_99999999999, Authorities: [ROLE_ADMIN]
2026-03-16 17:10:09 [http-nio-8080-exec-10] DEBUG o.s.web.servlet.DispatcherServlet - GET "/api/v1/notifications/unread-count", parameters={}
2026-03-16 17:10:09 [http-nio-8080-exec-10] TRACE o.s.w.s.m.m.a.RequestMappingHandlerMapping - Mapped to com.company.project.api.controller.notification.NotificationController#getUnreadCount(UserDetails)
2026-03-16 17:10:09 [http-nio-8080-exec-10] DEBUG o.s.orm.jpa.JpaTransactionManager - Creating new transaction with name [com.company.project.service.notification.NotificationService.getUnreadCount]: PROPAGATION_REQUIRED,ISOLATION_DEFAULT,readOnly
2026-03-16 17:10:09 [http-nio-8080-exec-10] DEBUG o.s.orm.jpa.JpaTransactionManager - Opened new EntityManager [SessionImpl(426759163<open>)] for JPA transaction
2026-03-16 17:10:09 [http-nio-8080-exec-10] DEBUG o.s.orm.jpa.JpaTransactionManager - Exposing JPA transaction as JDBC [org.springframework.orm.jpa.vendor.HibernateJpaDialect$HibernateConnectionHandle@777f96f9]
2026-03-16 17:10:09 [http-nio-8080-exec-10] DEBUG org.hibernate.SQL - select count(n1_0.ntcn_no) from n_user_notification n1_0 where n1_0.receiver_id=? and n1_0.is_read=?
2026-03-16 17:10:09 [http-nio-8080-exec-15] DEBUG o.s.orm.jpa.JpaTransactionManager - Closing JPA EntityManager [SessionImpl(267590552<open>)] after transaction
2026-03-16 17:10:09 [http-nio-8080-exec-8] DEBUG o.s.orm.jpa.JpaTransactionManager - Closing JPA EntityManager [SessionImpl(1404448471<open>)] after transaction
2026-03-16 17:10:09 [http-nio-8080-exec-15] DEBUG c.c.p.s.jwt.JwtAuthenticationFilter - >>> [JwtFilter] Successfully authenticated user: USRCNFRM_99999999999, Authorities: [ROLE_ADMIN]
2026-03-16 17:10:09 [http-nio-8080-exec-8] DEBUG c.c.p.s.jwt.JwtAuthenticationFilter - >>> [JwtFilter] Successfully authenticated user: USRCNFRM_99999999999, Authorities: [ROLE_ADMIN]
2026-03-16 17:10:09 [http-nio-8080-exec-8] DEBUG o.s.web.servlet.DispatcherServlet - GET "/api/v1/popups/active", parameters={}
2026-03-16 17:10:09 [http-nio-8080-exec-15] DEBUG o.s.web.servlet.DispatcherServlet - GET "/api/v1/notifications", parameters={}
2026-03-16 17:10:09 [http-nio-8080-exec-8] TRACE o.s.w.s.m.m.a.RequestMappingHandlerMapping - Mapped to com.company.project.api.controller.system.content.popup.PopupController#getActivePopups()
2026-03-16 17:10:09 [http-nio-8080-exec-15] TRACE o.s.w.s.m.m.a.RequestMappingHandlerMapping - Mapped to com.company.project.api.controller.notification.NotificationController#getMyNotifications(UserDetails)
2026-03-16 17:10:09 [http-nio-8080-exec-8] DEBUG o.s.orm.jpa.JpaTransactionManager - Creating new transaction with name [com.company.project.service.system.content.popup.PopupServiceImpl.getActivePopups]: PROPAGATION_REQUIRED,ISOLATION_DEFAULT,readOnly
2026-03-16 17:10:09 [http-nio-8080-exec-15] DEBUG o.s.orm.jpa.JpaTransactionManager - Creating new transaction with name [com.company.project.service.notification.NotificationService.getActiveNotifications]: PROPAGATION_REQUIRED,ISOLATION_DEFAULT,readOnly
2026-03-16 17:10:09 [http-nio-8080-exec-8] DEBUG o.s.orm.jpa.JpaTransactionManager - Opened new EntityManager [SessionImpl(130186848<open>)] for JPA transaction
2026-03-16 17:10:09 [http-nio-8080-exec-15] DEBUG o.s.orm.jpa.JpaTransactionManager - Opened new EntityManager [SessionImpl(1859084408<open>)] for JPA transaction
2026-03-16 17:10:09 [http-nio-8080-exec-8] DEBUG o.s.orm.jpa.JpaTransactionManager - Exposing JPA transaction as JDBC [org.springframework.orm.jpa.vendor.HibernateJpaDialect$HibernateConnectionHandle@4681e262]
2026-03-16 17:10:09 [http-nio-8080-exec-15] DEBUG o.s.orm.jpa.JpaTransactionManager - Exposing JPA transaction as JDBC [org.springframework.orm.jpa.vendor.HibernateJpaDialect$HibernateConnectionHandle@35389a92]
2026-03-16 17:10:09 [http-nio-8080-exec-15] DEBUG o.s.orm.jpa.JpaTransactionManager - Found thread-bound EntityManager [SessionImpl(1859084408<open>)] for JPA transaction
2026-03-16 17:10:09 [http-nio-8080-exec-15] DEBUG o.s.orm.jpa.JpaTransactionManager - Participating in existing transaction
2026-03-16 17:10:09 [http-nio-8080-exec-8] DEBUG org.hibernate.SQL - select p1_0.popup_id,p1_0.frst_register_id,p1_0.frst_regist_pnttm,p1_0.file_url,p1_0.ntce_at,p1_0.stopvew_setup_at,p1_0.last_updusr_id,p1_0.last_updt_pnttm,p1_0.ntce_bgnde,p1_0.ntce_endde,p1_0.popup_vrticl_lc,p1_0.popup_vrticl_size,p1_0.popup_sj_nm,p1_0.popup_width_lc,p1_0.popup_width_size from npopupmanage p1_0 where p1_0.ntce_at='Y' and ? between p1_0.ntce_bgnde and p1_0.ntce_endde
2026-03-16 17:10:09 [http-nio-8080-exec-15] DEBUG org.hibernate.SQL - select n1_0.ntcn_no,n1_0.frst_register_id,n1_0.frst_regist_pnttm,n1_0.is_read,n1_0.last_updusr_id,n1_0.last_updt_pnttm,n1_0.link_url,n1_0.ntcn_cn,n1_0.ntcn_sj,n1_0.receiver_id from n_user_notification n1_0
2026-03-16 17:10:09 [http-nio-8080-exec-17] DEBUG o.s.orm.jpa.JpaTransactionManager - Initiating transaction commit
2026-03-16 17:10:09 [http-nio-8080-exec-17] DEBUG o.s.orm.jpa.JpaTransactionManager - Committing JPA transaction on EntityManager [SessionImpl(1771167044<open>)]
2026-03-16 17:10:09 [http-nio-8080-exec-10] DEBUG o.s.orm.jpa.JpaTransactionManager - Initiating transaction commit
2026-03-16 17:10:09 [http-nio-8080-exec-10] DEBUG o.s.orm.jpa.JpaTransactionManager - Committing JPA transaction on EntityManager [SessionImpl(426759163<open>)]
2026-03-16 17:10:09 [http-nio-8080-exec-8] DEBUG o.s.orm.jpa.JpaTransactionManager - Initiating transaction commit
2026-03-16 17:10:09 [http-nio-8080-exec-15] DEBUG o.s.orm.jpa.JpaTransactionManager - Initiating transaction commit
2026-03-16 17:10:09 [http-nio-8080-exec-8] DEBUG o.s.orm.jpa.JpaTransactionManager - Committing JPA transaction on EntityManager [SessionImpl(130186848<open>)]
2026-03-16 17:10:09 [http-nio-8080-exec-15] DEBUG o.s.orm.jpa.JpaTransactionManager - Committing JPA transaction on EntityManager [SessionImpl(1859084408<open>)]
2026-03-16 17:10:09 [http-nio-8080-exec-17] DEBUG o.s.orm.jpa.JpaTransactionManager - Closing JPA EntityManager [SessionImpl(1771167044<open>)] after transaction
2026-03-16 17:10:09 [http-nio-8080-exec-17] DEBUG o.s.w.s.m.m.a.HttpEntityMethodProcessor - Using 'application/json', given [application/json, text/plain, */*] and supported [application/json, application/*+json, application/yaml]
2026-03-16 17:10:09 [http-nio-8080-exec-17] TRACE o.s.w.s.m.m.a.HttpEntityMethodProcessor - Writing [ApiResponse[success=true, status=200, code=COMMON_001, message=Success, data=[], timestamp=2026-03-16T17:10:09.314619100]]
2026-03-16 17:10:09 [http-nio-8080-exec-17] INFO  c.c.p.a.i.OperationalAuditInterceptor - API Audit Log: URL=/api/v1/admin/system/banners/reflected, User=webmaster, IP=127.0.0.1
2026-03-16 17:10:09 [http-nio-8080-exec-17] DEBUG o.s.web.servlet.DispatcherServlet - Completed 200 OK
2026-03-16 17:10:09 [http-nio-8080-exec-3] DEBUG o.s.orm.jpa.JpaTransactionManager - Found thread-bound EntityManager [SessionImpl(1140896124<open>)] for JPA transaction
2026-03-16 17:10:09 [http-nio-8080-exec-3] DEBUG o.s.orm.jpa.JpaTransactionManager - Participating in existing transaction
2026-03-16 17:10:09 [http-nio-8080-exec-3] DEBUG org.hibernate.SQL - select p1_0.progrm_file_nm,p1_0.progrm_dc,p1_0.progrm_korean_nm,p1_0.progrm_stre_path,p1_0.url from nprogrmlist p1_0
2026-03-16 17:10:09 [http-nio-8080-exec-10] DEBUG o.s.orm.jpa.JpaTransactionManager - Closing JPA EntityManager [SessionImpl(426759163<open>)] after transaction
2026-03-16 17:10:09 [http-nio-8080-exec-10] DEBUG o.s.w.s.m.m.a.HttpEntityMethodProcessor - Using 'application/json', given [application/json, text/plain, */*] and supported [application/json, application/*+json, application/yaml]
2026-03-16 17:10:09 [http-nio-8080-exec-10] TRACE o.s.w.s.m.m.a.HttpEntityMethodProcessor - Writing [ApiResponse[success=true, status=200, code=COMMON_001, message=Success, data=0, timestamp=2026-03-16T17:10:09.382718900]]
2026-03-16 17:10:09 [http-nio-8080-exec-10] INFO  c.c.p.a.i.OperationalAuditInterceptor - API Audit Log: URL=/api/v1/notifications/unread-count, User=webmaster, IP=127.0.0.1
2026-03-16 17:10:09 [http-nio-8080-exec-10] DEBUG o.s.web.servlet.DispatcherServlet - Completed 200 OK
2026-03-16 17:10:09 [http-nio-8080-exec-2] DEBUG c.c.p.s.jwt.JwtAuthenticationFilter - >>> [JwtFilter] Processing request: GET /api/v1/admin/system/statistics/connect
2026-03-16 17:10:09 [http-nio-8080-exec-2] DEBUG c.c.p.s.jwt.JwtAuthenticationFilter - >>> [JwtFilter] Found token in header for path: /api/v1/admin/system/statistics/connect
2026-03-16 17:10:09 [http-nio-8080-exec-2] DEBUG o.s.orm.jpa.JpaTransactionManager - Creating new transaction with name [com.company.project.security.iam.CustomUserDetailsService.loadUserByUsername]: PROPAGATION_REQUIRED,ISOLATION_DEFAULT,readOnly
2026-03-16 17:10:09 [http-nio-8080-exec-2] DEBUG o.s.orm.jpa.JpaTransactionManager - Opened new EntityManager [SessionImpl(1124058583<open>)] for JPA transaction
2026-03-16 17:10:09 [http-nio-8080-exec-15] DEBUG o.s.orm.jpa.JpaTransactionManager - Closing JPA EntityManager [SessionImpl(1859084408<open>)] after transaction
2026-03-16 17:10:09 [http-nio-8080-exec-8] DEBUG o.s.orm.jpa.JpaTransactionManager - Closing JPA EntityManager [SessionImpl(130186848<open>)] after transaction
2026-03-16 17:10:09 [http-nio-8080-exec-15] DEBUG o.s.w.s.m.m.a.HttpEntityMethodProcessor - Using 'application/json', given [application/json, text/plain, */*] and supported [application/json, application/*+json, application/yaml]
2026-03-16 17:10:09 [http-nio-8080-exec-8] DEBUG o.s.w.s.m.m.a.HttpEntityMethodProcessor - Using 'application/json', given [application/json, text/plain, */*] and supported [application/json, application/*+json, application/yaml]
2026-03-16 17:10:09 [http-nio-8080-exec-8] TRACE o.s.w.s.m.m.a.HttpEntityMethodProcessor - Writing [ApiResponse[success=true, status=200, code=COMMON_001, message=Success, data=[], timestamp=2026-03-16T17:10:09.409882900]]
2026-03-16 17:10:09 [http-nio-8080-exec-15] TRACE o.s.w.s.m.m.a.HttpEntityMethodProcessor - Writing [ApiResponse[success=true, status=200, code=COMMON_001, message=Success, data=[NotificationDto(ntfcNo=NT001, ntfcSj=테스트 알림입니다, ntfcCn=알림 내용입니다, ntfcDate=null, ntfcTime=2026-02-25T00:59:33.784070, bhNtfcIntrvl=null, uniqId=null, frstRegisterId=null, frstRegisterPnttm=2026-02-25T00:59:33.784070, lastUpdusrId=null, lastUpdusrPnttm=null)], timestamp=2026-03-16T17:10:09.409882900]]
2026-03-16 17:10:09 [http-nio-8080-exec-15] INFO  c.c.p.a.i.OperationalAuditInterceptor - API Audit Log: URL=/api/v1/notifications, User=webmaster, IP=127.0.0.1
2026-03-16 17:10:09 [http-nio-8080-exec-8] INFO  c.c.p.a.i.OperationalAuditInterceptor - API Audit Log: URL=/api/v1/popups/active, User=webmaster, IP=127.0.0.1
2026-03-16 17:10:09 [http-nio-8080-exec-15] DEBUG o.s.web.servlet.DispatcherServlet - Completed 200 OK
2026-03-16 17:10:09 [http-nio-8080-exec-8] DEBUG o.s.web.servlet.DispatcherServlet - Completed 200 OK
2026-03-16 17:10:09 [http-nio-8080-exec-3] DEBUG o.s.orm.jpa.JpaTransactionManager - Initiating transaction commit
2026-03-16 17:10:09 [http-nio-8080-exec-3] DEBUG o.s.orm.jpa.JpaTransactionManager - Committing JPA transaction on EntityManager [SessionImpl(1140896124<open>)]
2026-03-16 17:10:09 [http-nio-8080-exec-2] DEBUG o.s.orm.jpa.JpaTransactionManager - Exposing JPA transaction as JDBC [org.springframework.orm.jpa.vendor.HibernateJpaDialect$HibernateConnectionHandle@35bdabf9]
2026-03-16 17:10:09 [http-nio-8080-exec-2] DEBUG o.s.orm.jpa.JpaTransactionManager - Found thread-bound EntityManager [SessionImpl(1124058583<open>)] for JPA transaction
2026-03-16 17:10:09 [http-nio-8080-exec-2] DEBUG o.s.orm.jpa.JpaTransactionManager - Participating in existing transaction
2026-03-16 17:10:09 [http-nio-8080-exec-2] DEBUG org.hibernate.SQL - select u1_0.emplyr_id,u1_0.area_no,u1_0.brthdy,u1_0.chg_pwd_cnt,u1_0.frst_register_id,u1_0.frst_regist_pnttm,u1_0.detail_adres,u1_0.email_adres,u1_0.emplyr_sttus_code,u1_0.empl_no,u1_0.esntl_id,u1_0.fxnum,u1_0.group_id,u1_0.house_adres,u1_0.house_end_telno,u1_0.house_middle_telno,u1_0.ihidnum,u1_0.pstinst_code,u1_0.last_updusr_id,u1_0.last_updt_pnttm,u1_0.lock_at,u1_0.lock_cnt,u1_0.lock_last_pnttm,u1_0.mbtlnum,u1_0.ofcps_nm,u1_0.offm_telno,u1_0.orgnzt_id,u1_0.password,u1_0.password_cnsr,u1_0.password_hint,u1_0.chg_pwd_last_pnttm,u1_0.role,u1_0.sbscrb_de,u1_0.sexdstn_code,u1_0.crtfc_dn_value,u1_0.user_nm,u1_0.zip from nemplyrinfo u1_0 where u1_0.emplyr_id=?
2026-03-16 17:10:09 [http-nio-8080-exec-13] DEBUG c.c.p.s.jwt.JwtAuthenticationFilter - >>> [JwtFilter] Processing request: GET /api/v1/admin/system/statistics/bbs
2026-03-16 17:10:09 [http-nio-8080-exec-13] DEBUG c.c.p.s.jwt.JwtAuthenticationFilter - >>> [JwtFilter] Found token in header for path: /api/v1/admin/system/statistics/bbs
2026-03-16 17:10:09 [http-nio-8080-exec-13] DEBUG o.s.orm.jpa.JpaTransactionManager - Creating new transaction with name [com.company.project.security.iam.CustomUserDetailsService.loadUserByUsername]: PROPAGATION_REQUIRED,ISOLATION_DEFAULT,readOnly
2026-03-16 17:10:09 [http-nio-8080-exec-13] DEBUG o.s.orm.jpa.JpaTransactionManager - Opened new EntityManager [SessionImpl(1415969474<open>)] for JPA transaction
2026-03-16 17:10:09 [http-nio-8080-exec-3] DEBUG o.s.orm.jpa.JpaTransactionManager - Closing JPA EntityManager [SessionImpl(1140896124<open>)] after transaction
2026-03-16 17:10:09 [http-nio-8080-exec-3] INFO  c.c.p.a.c.menu.MenuController - getLeftMenu returned 3 items
2026-03-16 17:10:09 [http-nio-8080-exec-3] DEBUG o.s.w.s.m.m.a.HttpEntityMethodProcessor - Using 'application/json', given [application/json, text/plain, */*] and supported [application/json, application/*+json, application/yaml]
2026-03-16 17:10:09 [http-nio-8080-exec-3] TRACE o.s.w.s.m.m.a.HttpEntityMethodProcessor - Writing [ApiResponse[success=true, status=200, code=COMMON_001, message=Success, data={list=[com.company.project.service.menu.dto.MenuDto@5733486b, com.company.project.service.menu.dto.MenuDto@51eabb99, com.company.project.service.menu.dto.MenuDto@4e82b01a]}, timestamp=2026-03-16T17:10:09.653698400]]
2026-03-16 17:10:09 [http-nio-8080-exec-3] INFO  c.c.p.a.i.OperationalAuditInterceptor - API Audit Log: URL=/api/v1/menu/left, User=webmaster, IP=127.0.0.1
2026-03-16 17:10:09 [http-nio-8080-exec-3] DEBUG o.s.web.servlet.DispatcherServlet - Completed 200 OK
2026-03-16 17:10:09 [http-nio-8080-exec-19] DEBUG c.c.p.s.jwt.JwtAuthenticationFilter - >>> [JwtFilter] Processing request: GET /api/v1/menu/left
2026-03-16 17:10:09 [http-nio-8080-exec-19] DEBUG c.c.p.s.jwt.JwtAuthenticationFilter - >>> [JwtFilter] Found token in header for path: /api/v1/menu/left
2026-03-16 17:10:09 [http-nio-8080-exec-19] DEBUG o.s.orm.jpa.JpaTransactionManager - Creating new transaction with name [com.company.project.security.iam.CustomUserDetailsService.loadUserByUsername]: PROPAGATION_REQUIRED,ISOLATION_DEFAULT,readOnly
2026-03-16 17:10:09 [http-nio-8080-exec-19] DEBUG o.s.orm.jpa.JpaTransactionManager - Opened new EntityManager [SessionImpl(206275518<open>)] for JPA transaction
2026-03-16 17:10:09 [http-nio-8080-exec-2] DEBUG o.s.orm.jpa.JpaTransactionManager - Found thread-bound EntityManager [SessionImpl(1124058583<open>)] for JPA transaction
2026-03-16 17:10:09 [http-nio-8080-exec-2] DEBUG o.s.orm.jpa.JpaTransactionManager - Participating in existing transaction
2026-03-16 17:10:09 [http-nio-8080-exec-2] DEBUG org.hibernate.SQL - select ua1_0.scrty_dtrmn_trget_id,ua1_0.author_code,ua1_0.frst_register_id,ua1_0.frst_regist_pnttm,ua1_0.last_updusr_id,ua1_0.last_updt_pnttm,ua1_0.mber_ty_code from nemplyrscrtyestbs ua1_0 where ua1_0.scrty_dtrmn_trget_id=?
2026-03-16 17:10:09 [http-nio-8080-exec-13] DEBUG o.s.orm.jpa.JpaTransactionManager - Exposing JPA transaction as JDBC [org.springframework.orm.jpa.vendor.HibernateJpaDialect$HibernateConnectionHandle@38e550bf]
2026-03-16 17:10:09 [http-nio-8080-exec-13] DEBUG o.s.orm.jpa.JpaTransactionManager - Found thread-bound EntityManager [SessionImpl(1415969474<open>)] for JPA transaction
2026-03-16 17:10:09 [http-nio-8080-exec-13] DEBUG o.s.orm.jpa.JpaTransactionManager - Participating in existing transaction
2026-03-16 17:10:09 [http-nio-8080-exec-13] DEBUG org.hibernate.SQL - select u1_0.emplyr_id,u1_0.area_no,u1_0.brthdy,u1_0.chg_pwd_cnt,u1_0.frst_register_id,u1_0.frst_regist_pnttm,u1_0.detail_adres,u1_0.email_adres,u1_0.emplyr_sttus_code,u1_0.empl_no,u1_0.esntl_id,u1_0.fxnum,u1_0.group_id,u1_0.house_adres,u1_0.house_end_telno,u1_0.house_middle_telno,u1_0.ihidnum,u1_0.pstinst_code,u1_0.last_updusr_id,u1_0.last_updt_pnttm,u1_0.lock_at,u1_0.lock_cnt,u1_0.lock_last_pnttm,u1_0.mbtlnum,u1_0.ofcps_nm,u1_0.offm_telno,u1_0.orgnzt_id,u1_0.password,u1_0.password_cnsr,u1_0.password_hint,u1_0.chg_pwd_last_pnttm,u1_0.role,u1_0.sbscrb_de,u1_0.sexdstn_code,u1_0.crtfc_dn_value,u1_0.user_nm,u1_0.zip from nemplyrinfo u1_0 where u1_0.emplyr_id=?
2026-03-16 17:10:09 [http-nio-8080-exec-19] DEBUG o.s.orm.jpa.JpaTransactionManager - Exposing JPA transaction as JDBC [org.springframework.orm.jpa.vendor.HibernateJpaDialect$HibernateConnectionHandle@70788769]
2026-03-16 17:10:09 [http-nio-8080-exec-19] DEBUG o.s.orm.jpa.JpaTransactionManager - Found thread-bound EntityManager [SessionImpl(206275518<open>)] for JPA transaction
2026-03-16 17:10:09 [http-nio-8080-exec-19] DEBUG o.s.orm.jpa.JpaTransactionManager - Participating in existing transaction
2026-03-16 17:10:09 [http-nio-8080-exec-19] DEBUG org.hibernate.SQL - select u1_0.emplyr_id,u1_0.area_no,u1_0.brthdy,u1_0.chg_pwd_cnt,u1_0.frst_register_id,u1_0.frst_regist_pnttm,u1_0.detail_adres,u1_0.email_adres,u1_0.emplyr_sttus_code,u1_0.empl_no,u1_0.esntl_id,u1_0.fxnum,u1_0.group_id,u1_0.house_adres,u1_0.house_end_telno,u1_0.house_middle_telno,u1_0.ihidnum,u1_0.pstinst_code,u1_0.last_updusr_id,u1_0.last_updt_pnttm,u1_0.lock_at,u1_0.lock_cnt,u1_0.lock_last_pnttm,u1_0.mbtlnum,u1_0.ofcps_nm,u1_0.offm_telno,u1_0.orgnzt_id,u1_0.password,u1_0.password_cnsr,u1_0.password_hint,u1_0.chg_pwd_last_pnttm,u1_0.role,u1_0.sbscrb_de,u1_0.sexdstn_code,u1_0.crtfc_dn_value,u1_0.user_nm,u1_0.zip from nemplyrinfo u1_0 where u1_0.emplyr_id=?
2026-03-16 17:10:09 [http-nio-8080-exec-2] DEBUG o.s.orm.jpa.JpaTransactionManager - Initiating transaction commit
2026-03-16 17:10:09 [http-nio-8080-exec-2] DEBUG o.s.orm.jpa.JpaTransactionManager - Committing JPA transaction on EntityManager [SessionImpl(1124058583<open>)]
2026-03-16 17:10:09 [http-nio-8080-exec-13] DEBUG o.s.orm.jpa.JpaTransactionManager - Found thread-bound EntityManager [SessionImpl(1415969474<open>)] for JPA transaction
2026-03-16 17:10:09 [http-nio-8080-exec-13] DEBUG o.s.orm.jpa.JpaTransactionManager - Participating in existing transaction
2026-03-16 17:10:09 [http-nio-8080-exec-13] DEBUG org.hibernate.SQL - select ua1_0.scrty_dtrmn_trget_id,ua1_0.author_code,ua1_0.frst_register_id,ua1_0.frst_regist_pnttm,ua1_0.last_updusr_id,ua1_0.last_updt_pnttm,ua1_0.mber_ty_code from nemplyrscrtyestbs ua1_0 where ua1_0.scrty_dtrmn_trget_id=?
2026-03-16 17:10:09 [http-nio-8080-exec-19] DEBUG o.s.orm.jpa.JpaTransactionManager - Found thread-bound EntityManager [SessionImpl(206275518<open>)] for JPA transaction
2026-03-16 17:10:09 [http-nio-8080-exec-19] DEBUG o.s.orm.jpa.JpaTransactionManager - Participating in existing transaction
2026-03-16 17:10:09 [http-nio-8080-exec-19] DEBUG org.hibernate.SQL - select ua1_0.scrty_dtrmn_trget_id,ua1_0.author_code,ua1_0.frst_register_id,ua1_0.frst_regist_pnttm,ua1_0.last_updusr_id,ua1_0.last_updt_pnttm,ua1_0.mber_ty_code from nemplyrscrtyestbs ua1_0 where ua1_0.scrty_dtrmn_trget_id=?
2026-03-16 17:10:10 [http-nio-8080-exec-2] DEBUG o.s.orm.jpa.JpaTransactionManager - Closing JPA EntityManager [SessionImpl(1124058583<open>)] after transaction
2026-03-16 17:10:10 [http-nio-8080-exec-2] DEBUG c.c.p.s.jwt.JwtAuthenticationFilter - >>> [JwtFilter] Successfully authenticated user: USRCNFRM_99999999999, Authorities: [ROLE_ADMIN]
2026-03-16 17:10:10 [http-nio-8080-exec-2] DEBUG o.s.web.servlet.DispatcherServlet - GET "/api/v1/admin/system/statistics/connect?statsKind=SERVICE", parameters={masked}
2026-03-16 17:10:10 [http-nio-8080-exec-2] DEBUG o.s.w.s.h.SimpleUrlHandlerMapping - Mapped to ResourceHttpRequestHandler [classpath [META-INF/resources/], classpath [resources/], classpath [static/], classpath [public/], ServletContext [/]]
2026-03-16 17:10:10 [http-nio-8080-exec-2] DEBUG o.s.w.s.r.ResourceHttpRequestHandler - Resource not found
2026-03-16 17:10:10 [http-nio-8080-exec-2] DEBUG o.s.w.s.m.m.a.ExceptionHandlerExceptionResolver - Using @ExceptionHandler com.company.project.core.exception.GlobalExceptionHandler#handleException(Exception)
2026-03-16 17:10:10 [http-nio-8080-exec-2] ERROR c.c.p.c.e.GlobalExceptionHandler - >>> Internal Server Error: No static resource api/v1/admin/system/statistics/connect.
org.springframework.web.servlet.resource.NoResourceFoundException: No static resource api/v1/admin/system/statistics/connect.
	at org.springframework.web.servlet.resource.ResourceHttpRequestHandler.handleRequest(ResourceHttpRequestHandler.java:585)
	at org.springframework.web.servlet.mvc.HttpRequestHandlerAdapter.handle(HttpRequestHandlerAdapter.java:52)
	at org.springframework.web.servlet.DispatcherServlet.doDispatch(DispatcherServlet.java:1088)
	at org.springframework.web.servlet.DispatcherServlet.doService(DispatcherServlet.java:978)
	at org.springframework.web.servlet.FrameworkServlet.processRequest(FrameworkServlet.java:1014)
	at org.springframework.web.servlet.FrameworkServlet.doGet(FrameworkServlet.java:903)
	at jakarta.servlet.http.HttpServlet.service(HttpServlet.java:527)
	at org.springframework.web.servlet.FrameworkServlet.service(FrameworkServlet.java:885)
	at jakarta.servlet.http.HttpServlet.service(HttpServlet.java:614)
	at org.apache.catalina.core.ApplicationFilterChain.internalDoFilter(ApplicationFilterChain.java:195)
	at org.apache.catalina.core.ApplicationFilterChain.doFilter(ApplicationFilterChain.java:140)
	at org.apache.tomcat.websocket.server.WsFilter.doFilter(WsFilter.java:51)
	at org.apache.catalina.core.ApplicationFilterChain.internalDoFilter(ApplicationFilterChain.java:164)
	at org.apache.catalina.core.ApplicationFilterChain.doFilter(ApplicationFilterChain.java:140)
	at org.springframework.web.filter.CompositeFilter$VirtualFilterChain.doFilter(CompositeFilter.java:108)
	at org.springframework.security.web.FilterChainProxy.lambda$doFilterInternal$3(FilterChainProxy.java:231)
	at org.springframework.security.web.ObservationFilterChainDecorator$FilterObservation$SimpleFilterObservation.lambda$wrap$1(ObservationFilterChainDecorator.java:479)
	at org.springframework.security.web.ObservationFilterChainDecorator$AroundFilterObservation$SimpleAroundFilterObservation.lambda$wrap$1(ObservationFilterChainDecorator.java:340)
	at org.springframework.security.web.ObservationFilterChainDecorator.lambda$wrapSecured$0(ObservationFilterChainDecorator.java:82)
	at org.springframework.security.web.ObservationFilterChainDecorator$VirtualFilterChain.doFilter(ObservationFilterChainDecorator.java:128)
	at org.springframework.security.web.access.intercept.AuthorizationFilter.doFilter(AuthorizationFilter.java:101)
	at org.springframework.security.web.ObservationFilterChainDecorator$ObservationFilter.wrapFilter(ObservationFilterChainDecorator.java:240)
	at org.springframework.security.web.ObservationFilterChainDecorator$ObservationFilter.doFilter(ObservationFilterChainDecorator.java:227)
	at org.springframework.security.web.ObservationFilterChainDecorator$VirtualFilterChain.doFilter(ObservationFilterChainDecorator.java:137)
	at org.springframework.security.web.access.ExceptionTranslationFilter.doFilter(ExceptionTranslationFilter.java:126)
	at org.springframework.security.web.access.ExceptionTranslationFilter.doFilter(ExceptionTranslationFilter.java:120)
	at org.springframework.security.web.ObservationFilterChainDecorator$ObservationFilter.wrapFilter(ObservationFilterChainDecorator.java:240)
	at org.springframework.security.web.ObservationFilterChainDecorator$ObservationFilter.doFilter(ObservationFilterChainDecorator.java:227)
	at org.springframework.security.web.ObservationFilterChainDecorator$VirtualFilterChain.doFilter(ObservationFilterChainDecorator.java:137)
	at org.springframework.security.web.session.SessionManagementFilter.doFilter(SessionManagementFilter.java:131)
	at org.springframework.security.web.session.SessionManagementFilter.doFilter(SessionManagementFilter.java:85)
	at org.springframework.security.web.ObservationFilterChainDecorator$ObservationFilter.wrapFilter(ObservationFilterChainDecorator.java:240)
	at org.springframework.security.web.ObservationFilterChainDecorator$ObservationFilter.doFilter(ObservationFilterChainDecorator.java:227)
	at org.springframework.security.web.ObservationFilterChainDecorator$VirtualFilterChain.doFilter(ObservationFilterChainDecorator.java:137)
	at org.springframework.security.web.authentication.AnonymousAuthenticationFilter.doFilter(AnonymousAuthenticationFilter.java:100)
	at org.springframework.security.web.ObservationFilterChainDecorator$ObservationFilter.wrapFilter(ObservationFilterChainDecorator.java:240)
	at org.springframework.security.web.ObservationFilterChainDecorator$ObservationFilter.doFilter(ObservationFilterChainDecorator.java:227)
	at org.springframework.security.web.ObservationFilterChainDecorator$VirtualFilterChain.doFilter(ObservationFilterChainDecorator.java:137)
	at org.springframework.security.web.servletapi.SecurityContextHolderAwareRequestFilter.doFilter(SecurityContextHolderAwareRequestFilter.java:179)
	at org.springframework.security.web.ObservationFilterChainDecorator$ObservationFilter.wrapFilter(ObservationFilterChainDecorator.java:240)
	at org.springframework.security.web.ObservationFilterChainDecorator$ObservationFilter.doFilter(ObservationFilterChainDecorator.java:227)
	at org.springframework.security.web.ObservationFilterChainDecorator$VirtualFilterChain.doFilter(ObservationFilterChainDecorator.java:137)
	at org.springframework.security.web.savedrequest.RequestCacheAwareFilter.doFilter(RequestCacheAwareFilter.java:63)
	at org.springframework.security.web.ObservationFilterChainDecorator$ObservationFilter.wrapFilter(ObservationFilterChainDecorator.java:240)
	at org.springframework.security.web.ObservationFilterChainDecorator$ObservationFilter.doFilter(ObservationFilterChainDecorator.java:227)
	at org.springframework.security.web.ObservationFilterChainDecorator$VirtualFilterChain.doFilter(ObservationFilterChainDecorator.java:137)
	at com.company.project.security.jwt.JwtAuthenticationFilter.doFilterInternal(JwtAuthenticationFilter.java:52)
	at org.springframework.web.filter.OncePerRequestFilter.doFilter(OncePerRequestFilter.java:116)
	at org.springframework.security.web.ObservationFilterChainDecorator$ObservationFilter.wrapFilter(ObservationFilterChainDecorator.java:240)
	at org.springframework.security.web.ObservationFilterChainDecorator$ObservationFilter.doFilter(ObservationFilterChainDecorator.java:227)
	at org.springframework.security.web.ObservationFilterChainDecorator$VirtualFilterChain.doFilter(ObservationFilterChainDecorator.java:137)
	at org.springframework.security.web.authentication.logout.LogoutFilter.doFilter(LogoutFilter.java:107)
	at org.springframework.security.web.authentication.logout.LogoutFilter.doFilter(LogoutFilter.java:93)
	at org.springframework.security.web.ObservationFilterChainDecorator$ObservationFilter.wrapFilter(ObservationFilterChainDecorator.java:240)
	at org.springframework.security.web.ObservationFilterChainDecorator$ObservationFilter.doFilter(ObservationFilterChainDecorator.java:227)
	at org.springframework.security.web.ObservationFilterChainDecorator$VirtualFilterChain.doFilter(ObservationFilterChainDecorator.java:137)
	at org.springframework.web.filter.CorsFilter.doFilterInternal(CorsFilter.java:91)
	at org.springframework.web.filter.OncePerRequestFilter.doFilter(OncePerRequestFilter.java:116)
	at org.springframework.security.web.ObservationFilterChainDecorator$ObservationFilter.wrapFilter(ObservationFilterChainDecorator.java:240)
	at org.springframework.security.web.ObservationFilterChainDecorator$ObservationFilter.doFilter(ObservationFilterChainDecorator.java:227)
	at org.springframework.security.web.ObservationFilterChainDecorator$VirtualFilterChain.doFilter(ObservationFilterChainDecorator.java:137)
	at org.springframework.security.web.header.HeaderWriterFilter.doHeadersAfter(HeaderWriterFilter.java:90)
	at org.springframework.security.web.header.HeaderWriterFilter.doFilterInternal(HeaderWriterFilter.java:75)
	at org.springframework.web.filter.OncePerRequestFilter.doFilter(OncePerRequestFilter.java:116)
	at org.springframework.security.web.ObservationFilterChainDecorator$ObservationFilter.wrapFilter(ObservationFilterChainDecorator.java:240)
	at org.springframework.security.web.ObservationFilterChainDecorator$ObservationFilter.doFilter(ObservationFilterChainDecorator.java:227)
	at org.springframework.security.web.ObservationFilterChainDecorator$VirtualFilterChain.doFilter(ObservationFilterChainDecorator.java:137)
	at org.springframework.security.web.context.SecurityContextHolderFilter.doFilter(SecurityContextHolderFilter.java:82)
	at org.springframework.security.web.context.SecurityContextHolderFilter.doFilter(SecurityContextHolderFilter.java:69)
	at org.springframework.security.web.ObservationFilterChainDecorator$ObservationFilter.wrapFilter(ObservationFilterChainDecorator.java:240)
	at org.springframework.security.web.ObservationFilterChainDecorator$ObservationFilter.doFilter(ObservationFilterChainDecorator.java:227)
	at org.springframework.security.web.ObservationFilterChainDecorator$VirtualFilterChain.doFilter(ObservationFilterChainDecorator.java:137)
	at org.springframework.security.web.context.request.async.WebAsyncManagerIntegrationFilter.doFilterInternal(WebAsyncManagerIntegrationFilter.java:62)
	at org.springframework.web.filter.OncePerRequestFilter.doFilter(OncePerRequestFilter.java:116)
	at org.springframework.security.web.ObservationFilterChainDecorator$ObservationFilter.wrapFilter(ObservationFilterChainDecorator.java:240)
	at org.springframework.security.web.ObservationFilterChainDecorator$ObservationFilter.doFilter(ObservationFilterChainDecorator.java:227)
	at org.springframework.security.web.ObservationFilterChainDecorator$VirtualFilterChain.doFilter(ObservationFilterChainDecorator.java:137)
	at org.springframework.security.web.session.DisableEncodeUrlFilter.doFilterInternal(DisableEncodeUrlFilter.java:42)
	at org.springframework.web.filter.OncePerRequestFilter.doFilter(OncePerRequestFilter.java:116)
	at org.springframework.security.web.ObservationFilterChainDecorator$ObservationFilter.wrapFilter(ObservationFilterChainDecorator.java:240)
	at org.springframework.security.web.ObservationFilterChainDecorator$AroundFilterObservation$SimpleAroundFilterObservation.lambda$wrap$0(ObservationFilterChainDecorator.java:323)
	at org.springframework.security.web.ObservationFilterChainDecorator$ObservationFilter.doFilter(ObservationFilterChainDecorator.java:224)
	at org.springframework.security.web.ObservationFilterChainDecorator$VirtualFilterChain.doFilter(ObservationFilterChainDecorator.java:137)
	at org.springframework.security.web.FilterChainProxy.doFilterInternal(FilterChainProxy.java:233)
	at org.springframework.security.web.FilterChainProxy.doFilter(FilterChainProxy.java:191)
	at org.springframework.web.filter.CompositeFilter$VirtualFilterChain.doFilter(CompositeFilter.java:113)
	at org.springframework.web.servlet.handler.HandlerMappingIntrospector.lambda$createCacheFilter$3(HandlerMappingIntrospector.java:243)
	at org.springframework.web.filter.CompositeFilter$VirtualFilterChain.doFilter(CompositeFilter.java:113)
	at org.springframework.web.filter.CompositeFilter.doFilter(CompositeFilter.java:74)
	at org.springframework.security.config.annotation.web.configuration.WebMvcSecurityConfiguration$CompositeFilterChainProxy.doFilter(WebMvcSecurityConfiguration.java:238)
	at org.springframework.web.filter.DelegatingFilterProxy.invokeDelegate(DelegatingFilterProxy.java:362)
	at org.springframework.web.filter.DelegatingFilterProxy.doFilter(DelegatingFilterProxy.java:278)
	at org.apache.catalina.core.ApplicationFilterChain.internalDoFilter(ApplicationFilterChain.java:164)
	at org.apache.catalina.core.ApplicationFilterChain.doFilter(ApplicationFilterChain.java:140)
	at org.springframework.web.filter.RequestContextFilter.doFilterInternal(RequestContextFilter.java:100)
	at org.springframework.web.filter.OncePerRequestFilter.doFilter(OncePerRequestFilter.java:116)
	at org.apache.catalina.core.ApplicationFilterChain.internalDoFilter(ApplicationFilterChain.java:164)
	at org.apache.catalina.core.ApplicationFilterChain.doFilter(ApplicationFilterChain.java:140)
	at org.springframework.web.filter.FormContentFilter.doFilterInternal(FormContentFilter.java:93)
	at org.springframework.web.filter.OncePerRequestFilter.doFilter(OncePerRequestFilter.java:116)
	at org.apache.catalina.core.ApplicationFilterChain.internalDoFilter(ApplicationFilterChain.java:164)
	at org.apache.catalina.core.ApplicationFilterChain.doFilter(ApplicationFilterChain.java:140)
	at org.springframework.web.filter.ServerHttpObservationFilter.doFilterInternal(ServerHttpObservationFilter.java:114)
	at org.springframework.web.filter.OncePerRequestFilter.doFilter(OncePerRequestFilter.java:116)
	at org.apache.catalina.core.ApplicationFilterChain.internalDoFilter(ApplicationFilterChain.java:164)
	at org.apache.catalina.core.ApplicationFilterChain.doFilter(ApplicationFilterChain.java:140)
	at org.springframework.web.filter.CharacterEncodingFilter.doFilterInternal(CharacterEncodingFilter.java:201)
	at org.springframework.web.filter.OncePerRequestFilter.doFilter(OncePerRequestFilter.java:116)
	at org.apache.catalina.core.ApplicationFilterChain.internalDoFilter(ApplicationFilterChain.java:164)
	at org.apache.catalina.core.ApplicationFilterChain.doFilter(ApplicationFilterChain.java:140)
	at org.apache.catalina.core.StandardWrapperValve.invoke(StandardWrapperValve.java:167)
	at org.apache.catalina.core.StandardContextValve.invoke(StandardContextValve.java:90)
	at org.apache.catalina.authenticator.AuthenticatorBase.invoke(AuthenticatorBase.java:483)
	at org.apache.catalina.core.StandardHostValve.invoke(StandardHostValve.java:115)
	at org.apache.catalina.valves.ErrorReportValve.invoke(ErrorReportValve.java:93)
	at org.apache.catalina.core.StandardEngineValve.invoke(StandardEngineValve.java:74)
	at org.apache.catalina.connector.CoyoteAdapter.service(CoyoteAdapter.java:344)
	at org.apache.coyote.http11.Http11Processor.service(Http11Processor.java:397)
	at org.apache.coyote.AbstractProcessorLight.process(AbstractProcessorLight.java:63)
	at org.apache.coyote.AbstractProtocol$ConnectionHandler.process(AbstractProtocol.java:905)
	at org.apache.tomcat.util.net.NioEndpoint$SocketProcessor.doRun(NioEndpoint.java:1741)
	at org.apache.tomcat.util.net.SocketProcessorBase.run(SocketProcessorBase.java:52)
	at org.apache.tomcat.util.threads.ThreadPoolExecutor.runWorker(ThreadPoolExecutor.java:1190)
	at org.apache.tomcat.util.threads.ThreadPoolExecutor$Worker.run(ThreadPoolExecutor.java:659)
	at org.apache.tomcat.util.threads.TaskThread$WrappingRunnable.run(TaskThread.java:63)
	at java.base/java.lang.Thread.run(Thread.java:1583)
2026-03-16 17:10:10 [http-nio-8080-exec-2] DEBUG o.s.w.s.m.m.a.HttpEntityMethodProcessor - Using 'application/json', given [application/json, text/plain, */*] and supported [application/json, application/*+json, application/yaml]
2026-03-16 17:10:10 [http-nio-8080-exec-2] TRACE o.s.w.s.m.m.a.HttpEntityMethodProcessor - Writing [ApiResponse[success=false, status=500, code=C004, message=예기치 않은 서버 오류가 발생했습니다., data=null, timestamp=2026-03-16T17:10:10.032827]]
2026-03-16 17:10:10 [http-nio-8080-exec-2] DEBUG o.s.w.s.m.m.a.ExceptionHandlerExceptionResolver - Resolved [org.springframework.web.servlet.resource.NoResourceFoundException: No static resource api/v1/admin/system/statistics/connect.]
2026-03-16 17:10:10 [http-nio-8080-exec-2] DEBUG o.s.web.servlet.DispatcherServlet - Completed 500 INTERNAL_SERVER_ERROR
2026-03-16 17:10:10 [http-nio-8080-exec-13] DEBUG o.s.orm.jpa.JpaTransactionManager - Initiating transaction commit
2026-03-16 17:10:10 [http-nio-8080-exec-13] DEBUG o.s.orm.jpa.JpaTransactionManager - Committing JPA transaction on EntityManager [SessionImpl(1415969474<open>)]
2026-03-16 17:10:10 [http-nio-8080-exec-19] DEBUG o.s.orm.jpa.JpaTransactionManager - Initiating transaction commit
2026-03-16 17:10:10 [http-nio-8080-exec-19] DEBUG o.s.orm.jpa.JpaTransactionManager - Committing JPA transaction on EntityManager [SessionImpl(206275518<open>)]
2026-03-16 17:10:10 [http-nio-8080-exec-13] DEBUG o.s.orm.jpa.JpaTransactionManager - Closing JPA EntityManager [SessionImpl(1415969474<open>)] after transaction
2026-03-16 17:10:10 [http-nio-8080-exec-13] DEBUG c.c.p.s.jwt.JwtAuthenticationFilter - >>> [JwtFilter] Successfully authenticated user: USRCNFRM_99999999999, Authorities: [ROLE_ADMIN]
2026-03-16 17:10:10 [http-nio-8080-exec-13] DEBUG o.s.web.servlet.DispatcherServlet - GET "/api/v1/admin/system/statistics/bbs?statsKind=COM101", parameters={masked}
2026-03-16 17:10:10 [http-nio-8080-exec-13] DEBUG o.s.w.s.h.SimpleUrlHandlerMapping - Mapped to ResourceHttpRequestHandler [classpath [META-INF/resources/], classpath [resources/], classpath [static/], classpath [public/], ServletContext [/]]
2026-03-16 17:10:10 [http-nio-8080-exec-13] DEBUG o.s.w.s.r.ResourceHttpRequestHandler - Resource not found
2026-03-16 17:10:10 [http-nio-8080-exec-13] DEBUG o.s.w.s.m.m.a.ExceptionHandlerExceptionResolver - Using @ExceptionHandler com.company.project.core.exception.GlobalExceptionHandler#handleException(Exception)
2026-03-16 17:10:10 [http-nio-8080-exec-13] ERROR c.c.p.c.e.GlobalExceptionHandler - >>> Internal Server Error: No static resource api/v1/admin/system/statistics/bbs.
org.springframework.web.servlet.resource.NoResourceFoundException: No static resource api/v1/admin/system/statistics/bbs.
	at org.springframework.web.servlet.resource.ResourceHttpRequestHandler.handleRequest(ResourceHttpRequestHandler.java:585)
	at org.springframework.web.servlet.mvc.HttpRequestHandlerAdapter.handle(HttpRequestHandlerAdapter.java:52)
	at org.springframework.web.servlet.DispatcherServlet.doDispatch(DispatcherServlet.java:1088)
	at org.springframework.web.servlet.DispatcherServlet.doService(DispatcherServlet.java:978)
	at org.springframework.web.servlet.FrameworkServlet.processRequest(FrameworkServlet.java:1014)
	at org.springframework.web.servlet.FrameworkServlet.doGet(FrameworkServlet.java:903)
	at jakarta.servlet.http.HttpServlet.service(HttpServlet.java:527)
	at org.springframework.web.servlet.FrameworkServlet.service(FrameworkServlet.java:885)
	at jakarta.servlet.http.HttpServlet.service(HttpServlet.java:614)
	at org.apache.catalina.core.ApplicationFilterChain.internalDoFilter(ApplicationFilterChain.java:195)
	at org.apache.catalina.core.ApplicationFilterChain.doFilter(ApplicationFilterChain.java:140)
	at org.apache.tomcat.websocket.server.WsFilter.doFilter(WsFilter.java:51)
	at org.apache.catalina.core.ApplicationFilterChain.internalDoFilter(ApplicationFilterChain.java:164)
	at org.apache.catalina.core.ApplicationFilterChain.doFilter(ApplicationFilterChain.java:140)
	at org.springframework.web.filter.CompositeFilter$VirtualFilterChain.doFilter(CompositeFilter.java:108)
	at org.springframework.security.web.FilterChainProxy.lambda$doFilterInternal$3(FilterChainProxy.java:231)
	at org.springframework.security.web.ObservationFilterChainDecorator$FilterObservation$SimpleFilterObservation.lambda$wrap$1(ObservationFilterChainDecorator.java:479)
	at org.springframework.security.web.ObservationFilterChainDecorator$AroundFilterObservation$SimpleAroundFilterObservation.lambda$wrap$1(ObservationFilterChainDecorator.java:340)
	at org.springframework.security.web.ObservationFilterChainDecorator.lambda$wrapSecured$0(ObservationFilterChainDecorator.java:82)
	at org.springframework.security.web.ObservationFilterChainDecorator$VirtualFilterChain.doFilter(ObservationFilterChainDecorator.java:128)
	at org.springframework.security.web.access.intercept.AuthorizationFilter.doFilter(AuthorizationFilter.java:101)
	at org.springframework.security.web.ObservationFilterChainDecorator$ObservationFilter.wrapFilter(ObservationFilterChainDecorator.java:240)
	at org.springframework.security.web.ObservationFilterChainDecorator$ObservationFilter.doFilter(ObservationFilterChainDecorator.java:227)
	at org.springframework.security.web.ObservationFilterChainDecorator$VirtualFilterChain.doFilter(ObservationFilterChainDecorator.java:137)
	at org.springframework.security.web.access.ExceptionTranslationFilter.doFilter(ExceptionTranslationFilter.java:126)
	at org.springframework.security.web.access.ExceptionTranslationFilter.doFilter(ExceptionTranslationFilter.java:120)
	at org.springframework.security.web.ObservationFilterChainDecorator$ObservationFilter.wrapFilter(ObservationFilterChainDecorator.java:240)
	at org.springframework.security.web.ObservationFilterChainDecorator$ObservationFilter.doFilter(ObservationFilterChainDecorator.java:227)
	at org.springframework.security.web.ObservationFilterChainDecorator$VirtualFilterChain.doFilter(ObservationFilterChainDecorator.java:137)
	at org.springframework.security.web.session.SessionManagementFilter.doFilter(SessionManagementFilter.java:131)
	at org.springframework.security.web.session.SessionManagementFilter.doFilter(SessionManagementFilter.java:85)
	at org.springframework.security.web.ObservationFilterChainDecorator$ObservationFilter.wrapFilter(ObservationFilterChainDecorator.java:240)
	at org.springframework.security.web.ObservationFilterChainDecorator$ObservationFilter.doFilter(ObservationFilterChainDecorator.java:227)
	at org.springframework.security.web.ObservationFilterChainDecorator$VirtualFilterChain.doFilter(ObservationFilterChainDecorator.java:137)
	at org.springframework.security.web.authentication.AnonymousAuthenticationFilter.doFilter(AnonymousAuthenticationFilter.java:100)
	at org.springframework.security.web.ObservationFilterChainDecorator$ObservationFilter.wrapFilter(ObservationFilterChainDecorator.java:240)
	at org.springframework.security.web.ObservationFilterChainDecorator$ObservationFilter.doFilter(ObservationFilterChainDecorator.java:227)
	at org.springframework.security.web.ObservationFilterChainDecorator$VirtualFilterChain.doFilter(ObservationFilterChainDecorator.java:137)
	at org.springframework.security.web.servletapi.SecurityContextHolderAwareRequestFilter.doFilter(SecurityContextHolderAwareRequestFilter.java:179)
	at org.springframework.security.web.ObservationFilterChainDecorator$ObservationFilter.wrapFilter(ObservationFilterChainDecorator.java:240)
	at org.springframework.security.web.ObservationFilterChainDecorator$ObservationFilter.doFilter(ObservationFilterChainDecorator.java:227)
	at org.springframework.security.web.ObservationFilterChainDecorator$VirtualFilterChain.doFilter(ObservationFilterChainDecorator.java:137)
	at org.springframework.security.web.savedrequest.RequestCacheAwareFilter.doFilter(RequestCacheAwareFilter.java:63)
	at org.springframework.security.web.ObservationFilterChainDecorator$ObservationFilter.wrapFilter(ObservationFilterChainDecorator.java:240)
	at org.springframework.security.web.ObservationFilterChainDecorator$ObservationFilter.doFilter(ObservationFilterChainDecorator.java:227)
	at org.springframework.security.web.ObservationFilterChainDecorator$VirtualFilterChain.doFilter(ObservationFilterChainDecorator.java:137)
	at com.company.project.security.jwt.JwtAuthenticationFilter.doFilterInternal(JwtAuthenticationFilter.java:52)
	at org.springframework.web.filter.OncePerRequestFilter.doFilter(OncePerRequestFilter.java:116)
	at org.springframework.security.web.ObservationFilterChainDecorator$ObservationFilter.wrapFilter(ObservationFilterChainDecorator.java:240)
	at org.springframework.security.web.ObservationFilterChainDecorator$ObservationFilter.doFilter(ObservationFilterChainDecorator.java:227)
	at org.springframework.security.web.ObservationFilterChainDecorator$VirtualFilterChain.doFilter(ObservationFilterChainDecorator.java:137)
	at org.springframework.security.web.authentication.logout.LogoutFilter.doFilter(LogoutFilter.java:107)
	at org.springframework.security.web.authentication.logout.LogoutFilter.doFilter(LogoutFilter.java:93)
	at org.springframework.security.web.ObservationFilterChainDecorator$ObservationFilter.wrapFilter(ObservationFilterChainDecorator.java:240)
	at org.springframework.security.web.ObservationFilterChainDecorator$ObservationFilter.doFilter(ObservationFilterChainDecorator.java:227)
	at org.springframework.security.web.ObservationFilterChainDecorator$VirtualFilterChain.doFilter(ObservationFilterChainDecorator.java:137)
	at org.springframework.web.filter.CorsFilter.doFilterInternal(CorsFilter.java:91)
	at org.springframework.web.filter.OncePerRequestFilter.doFilter(OncePerRequestFilter.java:116)
	at org.springframework.security.web.ObservationFilterChainDecorator$ObservationFilter.wrapFilter(ObservationFilterChainDecorator.java:240)
	at org.springframework.security.web.ObservationFilterChainDecorator$ObservationFilter.doFilter(ObservationFilterChainDecorator.java:227)
	at org.springframework.security.web.ObservationFilterChainDecorator$VirtualFilterChain.doFilter(ObservationFilterChainDecorator.java:137)
	at org.springframework.security.web.header.HeaderWriterFilter.doHeadersAfter(HeaderWriterFilter.java:90)
	at org.springframework.security.web.header.HeaderWriterFilter.doFilterInternal(HeaderWriterFilter.java:75)
	at org.springframework.web.filter.OncePerRequestFilter.doFilter(OncePerRequestFilter.java:116)
	at org.springframework.security.web.ObservationFilterChainDecorator$ObservationFilter.wrapFilter(ObservationFilterChainDecorator.java:240)
	at org.springframework.security.web.ObservationFilterChainDecorator$ObservationFilter.doFilter(ObservationFilterChainDecorator.java:227)
	at org.springframework.security.web.ObservationFilterChainDecorator$VirtualFilterChain.doFilter(ObservationFilterChainDecorator.java:137)
	at org.springframework.security.web.context.SecurityContextHolderFilter.doFilter(SecurityContextHolderFilter.java:82)
	at org.springframework.security.web.context.SecurityContextHolderFilter.doFilter(SecurityContextHolderFilter.java:69)
	at org.springframework.security.web.ObservationFilterChainDecorator$ObservationFilter.wrapFilter(ObservationFilterChainDecorator.java:240)
	at org.springframework.security.web.ObservationFilterChainDecorator$ObservationFilter.doFilter(ObservationFilterChainDecorator.java:227)
	at org.springframework.security.web.ObservationFilterChainDecorator$VirtualFilterChain.doFilter(ObservationFilterChainDecorator.java:137)
	at org.springframework.security.web.context.request.async.WebAsyncManagerIntegrationFilter.doFilterInternal(WebAsyncManagerIntegrationFilter.java:62)
	at org.springframework.web.filter.OncePerRequestFilter.doFilter(OncePerRequestFilter.java:116)
	at org.springframework.security.web.ObservationFilterChainDecorator$ObservationFilter.wrapFilter(ObservationFilterChainDecorator.java:240)
	at org.springframework.security.web.ObservationFilterChainDecorator$ObservationFilter.doFilter(ObservationFilterChainDecorator.java:227)
	at org.springframework.security.web.ObservationFilterChainDecorator$VirtualFilterChain.doFilter(ObservationFilterChainDecorator.java:137)
	at org.springframework.security.web.session.DisableEncodeUrlFilter.doFilterInternal(DisableEncodeUrlFilter.java:42)
	at org.springframework.web.filter.OncePerRequestFilter.doFilter(OncePerRequestFilter.java:116)
	at org.springframework.security.web.ObservationFilterChainDecorator$ObservationFilter.wrapFilter(ObservationFilterChainDecorator.java:240)
	at org.springframework.security.web.ObservationFilterChainDecorator$AroundFilterObservation$SimpleAroundFilterObservation.lambda$wrap$0(ObservationFilterChainDecorator.java:323)
	at org.springframework.security.web.ObservationFilterChainDecorator$ObservationFilter.doFilter(ObservationFilterChainDecorator.java:224)
	at org.springframework.security.web.ObservationFilterChainDecorator$VirtualFilterChain.doFilter(ObservationFilterChainDecorator.java:137)
	at org.springframework.security.web.FilterChainProxy.doFilterInternal(FilterChainProxy.java:233)
	at org.springframework.security.web.FilterChainProxy.doFilter(FilterChainProxy.java:191)
	at org.springframework.web.filter.CompositeFilter$VirtualFilterChain.doFilter(CompositeFilter.java:113)
	at org.springframework.web.servlet.handler.HandlerMappingIntrospector.lambda$createCacheFilter$3(HandlerMappingIntrospector.java:243)
	at org.springframework.web.filter.CompositeFilter$VirtualFilterChain.doFilter(CompositeFilter.java:113)
	at org.springframework.web.filter.CompositeFilter.doFilter(CompositeFilter.java:74)
	at org.springframework.security.config.annotation.web.configuration.WebMvcSecurityConfiguration$CompositeFilterChainProxy.doFilter(WebMvcSecurityConfiguration.java:238)
	at org.springframework.web.filter.DelegatingFilterProxy.invokeDelegate(DelegatingFilterProxy.java:362)
	at org.springframework.web.filter.DelegatingFilterProxy.doFilter(DelegatingFilterProxy.java:278)
	at org.apache.catalina.core.ApplicationFilterChain.internalDoFilter(ApplicationFilterChain.java:164)
	at org.apache.catalina.core.ApplicationFilterChain.doFilter(ApplicationFilterChain.java:140)
	at org.springframework.web.filter.RequestContextFilter.doFilterInternal(RequestContextFilter.java:100)
	at org.springframework.web.filter.OncePerRequestFilter.doFilter(OncePerRequestFilter.java:116)
	at org.apache.catalina.core.ApplicationFilterChain.internalDoFilter(ApplicationFilterChain.java:164)
	at org.apache.catalina.core.ApplicationFilterChain.doFilter(ApplicationFilterChain.java:140)
	at org.springframework.web.filter.FormContentFilter.doFilterInternal(FormContentFilter.java:93)
	at org.springframework.web.filter.OncePerRequestFilter.doFilter(OncePerRequestFilter.java:116)
	at org.apache.catalina.core.ApplicationFilterChain.internalDoFilter(ApplicationFilterChain.java:164)
	at org.apache.catalina.core.ApplicationFilterChain.doFilter(ApplicationFilterChain.java:140)
	at org.springframework.web.filter.ServerHttpObservationFilter.doFilterInternal(ServerHttpObservationFilter.java:114)
	at org.springframework.web.filter.OncePerRequestFilter.doFilter(OncePerRequestFilter.java:116)
	at org.apache.catalina.core.ApplicationFilterChain.internalDoFilter(ApplicationFilterChain.java:164)
	at org.apache.catalina.core.ApplicationFilterChain.doFilter(ApplicationFilterChain.java:140)
	at org.springframework.web.filter.CharacterEncodingFilter.doFilterInternal(CharacterEncodingFilter.java:201)
	at org.springframework.web.filter.OncePerRequestFilter.doFilter(OncePerRequestFilter.java:116)
	at org.apache.catalina.core.ApplicationFilterChain.internalDoFilter(ApplicationFilterChain.java:164)
	at org.apache.catalina.core.ApplicationFilterChain.doFilter(ApplicationFilterChain.java:140)
	at org.apache.catalina.core.StandardWrapperValve.invoke(StandardWrapperValve.java:167)
	at org.apache.catalina.core.StandardContextValve.invoke(StandardContextValve.java:90)
	at org.apache.catalina.authenticator.AuthenticatorBase.invoke(AuthenticatorBase.java:483)
	at org.apache.catalina.core.StandardHostValve.invoke(StandardHostValve.java:115)
	at org.apache.catalina.valves.ErrorReportValve.invoke(ErrorReportValve.java:93)
	at org.apache.catalina.core.StandardEngineValve.invoke(StandardEngineValve.java:74)
	at org.apache.catalina.connector.CoyoteAdapter.service(CoyoteAdapter.java:344)
	at org.apache.coyote.http11.Http11Processor.service(Http11Processor.java:397)
	at org.apache.coyote.AbstractProcessorLight.process(AbstractProcessorLight.java:63)
	at org.apache.coyote.AbstractProtocol$ConnectionHandler.process(AbstractProtocol.java:905)
	at org.apache.tomcat.util.net.NioEndpoint$SocketProcessor.doRun(NioEndpoint.java:1741)
	at org.apache.tomcat.util.net.SocketProcessorBase.run(SocketProcessorBase.java:52)
	at org.apache.tomcat.util.threads.ThreadPoolExecutor.runWorker(ThreadPoolExecutor.java:1190)
	at org.apache.tomcat.util.threads.ThreadPoolExecutor$Worker.run(ThreadPoolExecutor.java:659)
	at org.apache.tomcat.util.threads.TaskThread$WrappingRunnable.run(TaskThread.java:63)
	at java.base/java.lang.Thread.run(Thread.java:1583)
2026-03-16 17:10:10 [http-nio-8080-exec-13] DEBUG o.s.w.s.m.m.a.HttpEntityMethodProcessor - Using 'application/json', given [application/json, text/plain, */*] and supported [application/json, application/*+json, application/yaml]
2026-03-16 17:10:10 [http-nio-8080-exec-13] TRACE o.s.w.s.m.m.a.HttpEntityMethodProcessor - Writing [ApiResponse[success=false, status=500, code=C004, message=예기치 않은 서버 오류가 발생했습니다., data=null, timestamp=2026-03-16T17:10:10.266273400]]
2026-03-16 17:10:10 [http-nio-8080-exec-13] DEBUG o.s.w.s.m.m.a.ExceptionHandlerExceptionResolver - Resolved [org.springframework.web.servlet.resource.NoResourceFoundException: No static resource api/v1/admin/system/statistics/bbs.]
2026-03-16 17:10:10 [http-nio-8080-exec-13] DEBUG o.s.web.servlet.DispatcherServlet - Completed 500 INTERNAL_SERVER_ERROR
2026-03-16 17:10:10 [http-nio-8080-exec-19] DEBUG o.s.orm.jpa.JpaTransactionManager - Closing JPA EntityManager [SessionImpl(206275518<open>)] after transaction
2026-03-16 17:10:10 [http-nio-8080-exec-19] DEBUG c.c.p.s.jwt.JwtAuthenticationFilter - >>> [JwtFilter] Successfully authenticated user: USRCNFRM_99999999999, Authorities: [ROLE_ADMIN]
2026-03-16 17:10:10 [http-nio-8080-exec-19] DEBUG o.s.web.servlet.DispatcherServlet - GET "/api/v1/menu/left?menuNo=40", parameters={masked}
2026-03-16 17:10:10 [http-nio-8080-exec-19] TRACE o.s.w.s.m.m.a.RequestMappingHandlerMapping - Mapped to com.company.project.api.controller.menu.MenuController#getLeftMenu(Long)
2026-03-16 17:10:10 [http-nio-8080-exec-19] INFO  c.c.p.a.c.menu.MenuController - getLeftMenu called with menuNo=40
2026-03-16 17:10:10 [http-nio-8080-exec-19] DEBUG o.s.orm.jpa.JpaTransactionManager - Creating new transaction with name [com.company.project.service.menu.MenuService.getSubMenus]: PROPAGATION_REQUIRED,ISOLATION_DEFAULT,readOnly
2026-03-16 17:10:10 [http-nio-8080-exec-19] DEBUG o.s.orm.jpa.JpaTransactionManager - Opened new EntityManager [SessionImpl(239747655<open>)] for JPA transaction
2026-03-16 17:10:10 [http-nio-8080-exec-19] DEBUG o.s.orm.jpa.JpaTransactionManager - Exposing JPA transaction as JDBC [org.springframework.orm.jpa.vendor.HibernateJpaDialect$HibernateConnectionHandle@3855a5bc]
2026-03-16 17:10:10 [http-nio-8080-exec-19] DEBUG org.hibernate.SQL - select m1_0.menu_no,m1_0.menu_dc,m1_0.menu_nm,m1_0.menu_ordr,m1_0.modern_route,m1_0.progrm_file_nm,m1_0.relate_image_nm,m1_0.relate_image_path,m1_0.route_updated_at,m1_0.upper_menu_no from nmenuinfo m1_0 order by m1_0.upper_menu_no,m1_0.menu_ordr
2026-03-16 17:10:10 [http-nio-8080-exec-19] DEBUG o.s.orm.jpa.JpaTransactionManager - Found thread-bound EntityManager [SessionImpl(239747655<open>)] for JPA transaction
2026-03-16 17:10:10 [http-nio-8080-exec-19] DEBUG o.s.orm.jpa.JpaTransactionManager - Participating in existing transaction
2026-03-16 17:10:10 [http-nio-8080-exec-19] DEBUG org.hibernate.SQL - select p1_0.progrm_file_nm,p1_0.progrm_dc,p1_0.progrm_korean_nm,p1_0.progrm_stre_path,p1_0.url from nprogrmlist p1_0
2026-03-16 17:10:10 [http-nio-8080-exec-19] DEBUG o.s.orm.jpa.JpaTransactionManager - Initiating transaction commit
2026-03-16 17:10:10 [http-nio-8080-exec-19] DEBUG o.s.orm.jpa.JpaTransactionManager - Committing JPA transaction on EntityManager [SessionImpl(239747655<open>)]
2026-03-16 17:10:10 [http-nio-8080-exec-19] DEBUG o.s.orm.jpa.JpaTransactionManager - Closing JPA EntityManager [SessionImpl(239747655<open>)] after transaction
2026-03-16 17:10:10 [http-nio-8080-exec-19] INFO  c.c.p.a.c.menu.MenuController - getLeftMenu returned 2 items
2026-03-16 17:10:10 [http-nio-8080-exec-19] DEBUG o.s.w.s.m.m.a.HttpEntityMethodProcessor - Using 'application/json', given [application/json, text/plain, */*] and supported [application/json, application/*+json, application/yaml]
2026-03-16 17:10:10 [http-nio-8080-exec-19] TRACE o.s.w.s.m.m.a.HttpEntityMethodProcessor - Writing [ApiResponse[success=true, status=200, code=COMMON_001, message=Success, data={list=[com.company.project.service.menu.dto.MenuDto@d0ad044, com.company.project.service.menu.dto.MenuDto@5f70b823]}, timestamp=2026-03-16T17:10:10.939543400]]
2026-03-16 17:10:10 [http-nio-8080-exec-19] INFO  c.c.p.a.i.OperationalAuditInterceptor - API Audit Log: URL=/api/v1/menu/left, User=webmaster, IP=127.0.0.1
2026-03-16 17:10:10 [http-nio-8080-exec-19] DEBUG o.s.web.servlet.DispatcherServlet - Completed 200 OK
2026-03-16 17:10:10 [http-nio-8080-exec-3] DEBUG c.c.p.s.jwt.JwtAuthenticationFilter - >>> [JwtFilter] Processing request: GET /api/v1/menu/left
2026-03-16 17:10:10 [http-nio-8080-exec-3] DEBUG c.c.p.s.jwt.JwtAuthenticationFilter - >>> [JwtFilter] Found token in header for path: /api/v1/menu/left
2026-03-16 17:10:10 [http-nio-8080-exec-3] DEBUG o.s.orm.jpa.JpaTransactionManager - Creating new transaction with name [com.company.project.security.iam.CustomUserDetailsService.loadUserByUsername]: PROPAGATION_REQUIRED,ISOLATION_DEFAULT,readOnly
2026-03-16 17:10:10 [http-nio-8080-exec-3] DEBUG o.s.orm.jpa.JpaTransactionManager - Opened new EntityManager [SessionImpl(255916280<open>)] for JPA transaction
2026-03-16 17:10:11 [http-nio-8080-exec-3] DEBUG o.s.orm.jpa.JpaTransactionManager - Exposing JPA transaction as JDBC [org.springframework.orm.jpa.vendor.HibernateJpaDialect$HibernateConnectionHandle@427d996b]
2026-03-16 17:10:11 [http-nio-8080-exec-3] DEBUG o.s.orm.jpa.JpaTransactionManager - Found thread-bound EntityManager [SessionImpl(255916280<open>)] for JPA transaction
2026-03-16 17:10:11 [http-nio-8080-exec-3] DEBUG o.s.orm.jpa.JpaTransactionManager - Participating in existing transaction
2026-03-16 17:10:11 [http-nio-8080-exec-3] DEBUG org.hibernate.SQL - select u1_0.emplyr_id,u1_0.area_no,u1_0.brthdy,u1_0.chg_pwd_cnt,u1_0.frst_register_id,u1_0.frst_regist_pnttm,u1_0.detail_adres,u1_0.email_adres,u1_0.emplyr_sttus_code,u1_0.empl_no,u1_0.esntl_id,u1_0.fxnum,u1_0.group_id,u1_0.house_adres,u1_0.house_end_telno,u1_0.house_middle_telno,u1_0.ihidnum,u1_0.pstinst_code,u1_0.last_updusr_id,u1_0.last_updt_pnttm,u1_0.lock_at,u1_0.lock_cnt,u1_0.lock_last_pnttm,u1_0.mbtlnum,u1_0.ofcps_nm,u1_0.offm_telno,u1_0.orgnzt_id,u1_0.password,u1_0.password_cnsr,u1_0.password_hint,u1_0.chg_pwd_last_pnttm,u1_0.role,u1_0.sbscrb_de,u1_0.sexdstn_code,u1_0.crtfc_dn_value,u1_0.user_nm,u1_0.zip from nemplyrinfo u1_0 where u1_0.emplyr_id=?
2026-03-16 17:10:11 [http-nio-8080-exec-3] DEBUG o.s.orm.jpa.JpaTransactionManager - Found thread-bound EntityManager [SessionImpl(255916280<open>)] for JPA transaction
2026-03-16 17:10:11 [http-nio-8080-exec-3] DEBUG o.s.orm.jpa.JpaTransactionManager - Participating in existing transaction
2026-03-16 17:10:11 [http-nio-8080-exec-3] DEBUG org.hibernate.SQL - select ua1_0.scrty_dtrmn_trget_id,ua1_0.author_code,ua1_0.frst_register_id,ua1_0.frst_regist_pnttm,ua1_0.last_updusr_id,ua1_0.last_updt_pnttm,ua1_0.mber_ty_code from nemplyrscrtyestbs ua1_0 where ua1_0.scrty_dtrmn_trget_id=?
2026-03-16 17:10:11 [http-nio-8080-exec-3] DEBUG o.s.orm.jpa.JpaTransactionManager - Initiating transaction commit
2026-03-16 17:10:11 [http-nio-8080-exec-3] DEBUG o.s.orm.jpa.JpaTransactionManager - Committing JPA transaction on EntityManager [SessionImpl(255916280<open>)]
2026-03-16 17:10:11 [MessageBroker-9] DEBUG o.s.w.s.s.t.h.DefaultSockJsService - Closed 1 sessions: [ecehphkw]
2026-03-16 17:10:11 [http-nio-8080-exec-3] DEBUG o.s.orm.jpa.JpaTransactionManager - Closing JPA EntityManager [SessionImpl(255916280<open>)] after transaction
2026-03-16 17:10:11 [http-nio-8080-exec-3] DEBUG c.c.p.s.jwt.JwtAuthenticationFilter - >>> [JwtFilter] Successfully authenticated user: USRCNFRM_99999999999, Authorities: [ROLE_ADMIN]
2026-03-16 17:10:11 [http-nio-8080-exec-3] DEBUG o.s.web.servlet.DispatcherServlet - GET "/api/v1/menu/left?menuNo=50", parameters={masked}
2026-03-16 17:10:11 [http-nio-8080-exec-3] TRACE o.s.w.s.m.m.a.RequestMappingHandlerMapping - Mapped to com.company.project.api.controller.menu.MenuController#getLeftMenu(Long)
2026-03-16 17:10:11 [http-nio-8080-exec-3] INFO  c.c.p.a.c.menu.MenuController - getLeftMenu called with menuNo=50
2026-03-16 17:10:11 [http-nio-8080-exec-3] DEBUG o.s.orm.jpa.JpaTransactionManager - Creating new transaction with name [com.company.project.service.menu.MenuService.getSubMenus]: PROPAGATION_REQUIRED,ISOLATION_DEFAULT,readOnly
2026-03-16 17:10:11 [http-nio-8080-exec-3] DEBUG o.s.orm.jpa.JpaTransactionManager - Opened new EntityManager [SessionImpl(1984559323<open>)] for JPA transaction
2026-03-16 17:10:11 [http-nio-8080-exec-3] DEBUG o.s.orm.jpa.JpaTransactionManager - Exposing JPA transaction as JDBC [org.springframework.orm.jpa.vendor.HibernateJpaDialect$HibernateConnectionHandle@46c09853]
2026-03-16 17:10:11 [http-nio-8080-exec-3] DEBUG org.hibernate.SQL - select m1_0.menu_no,m1_0.menu_dc,m1_0.menu_nm,m1_0.menu_ordr,m1_0.modern_route,m1_0.progrm_file_nm,m1_0.relate_image_nm,m1_0.relate_image_path,m1_0.route_updated_at,m1_0.upper_menu_no from nmenuinfo m1_0 order by m1_0.upper_menu_no,m1_0.menu_ordr
2026-03-16 17:10:11 [http-nio-8080-exec-3] DEBUG o.s.orm.jpa.JpaTransactionManager - Found thread-bound EntityManager [SessionImpl(1984559323<open>)] for JPA transaction
2026-03-16 17:10:11 [http-nio-8080-exec-3] DEBUG o.s.orm.jpa.JpaTransactionManager - Participating in existing transaction
2026-03-16 17:10:11 [http-nio-8080-exec-3] DEBUG org.hibernate.SQL - select p1_0.progrm_file_nm,p1_0.progrm_dc,p1_0.progrm_korean_nm,p1_0.progrm_stre_path,p1_0.url from nprogrmlist p1_0
2026-03-16 17:10:12 [http-nio-8080-exec-3] DEBUG o.s.orm.jpa.JpaTransactionManager - Initiating transaction commit
2026-03-16 17:10:12 [http-nio-8080-exec-3] DEBUG o.s.orm.jpa.JpaTransactionManager - Committing JPA transaction on EntityManager [SessionImpl(1984559323<open>)]
2026-03-16 17:10:12 [http-nio-8080-exec-3] DEBUG o.s.orm.jpa.JpaTransactionManager - Closing JPA EntityManager [SessionImpl(1984559323<open>)] after transaction
2026-03-16 17:10:12 [http-nio-8080-exec-3] INFO  c.c.p.a.c.menu.MenuController - getLeftMenu returned 3 items
2026-03-16 17:10:12 [http-nio-8080-exec-3] DEBUG o.s.w.s.m.m.a.HttpEntityMethodProcessor - Using 'application/json', given [application/json, text/plain, */*] and supported [application/json, application/*+json, application/yaml]
2026-03-16 17:10:12 [http-nio-8080-exec-3] TRACE o.s.w.s.m.m.a.HttpEntityMethodProcessor - Writing [ApiResponse[success=true, status=200, code=COMMON_001, message=Success, data={list=[com.company.project.service.menu.dto.MenuDto@5ab1995d, com.company.project.service.menu.dto.MenuDto@45df481e, com.company.project.service.menu.dto.MenuDto@43fed268]}, timestamp=2026-03-16T17:10:12.259777900]]
2026-03-16 17:10:12 [http-nio-8080-exec-3] INFO  c.c.p.a.i.OperationalAuditInterceptor - API Audit Log: URL=/api/v1/menu/left, User=webmaster, IP=127.0.0.1
2026-03-16 17:10:12 [http-nio-8080-exec-3] DEBUG o.s.web.servlet.DispatcherServlet - Completed 200 OK
2026-03-16 17:10:12 [http-nio-8080-exec-2] DEBUG c.c.p.s.jwt.JwtAuthenticationFilter - >>> [JwtFilter] Processing request: GET /api/v1/menu/left
2026-03-16 17:10:12 [http-nio-8080-exec-2] DEBUG c.c.p.s.jwt.JwtAuthenticationFilter - >>> [JwtFilter] Found token in header for path: /api/v1/menu/left
2026-03-16 17:10:12 [http-nio-8080-exec-2] DEBUG o.s.orm.jpa.JpaTransactionManager - Creating new transaction with name [com.company.project.security.iam.CustomUserDetailsService.loadUserByUsername]: PROPAGATION_REQUIRED,ISOLATION_DEFAULT,readOnly
2026-03-16 17:10:12 [http-nio-8080-exec-2] DEBUG o.s.orm.jpa.JpaTransactionManager - Opened new EntityManager [SessionImpl(1812161411<open>)] for JPA transaction
2026-03-16 17:10:12 [http-nio-8080-exec-2] DEBUG o.s.orm.jpa.JpaTransactionManager - Exposing JPA transaction as JDBC [org.springframework.orm.jpa.vendor.HibernateJpaDialect$HibernateConnectionHandle@2c83fe16]
2026-03-16 17:10:12 [http-nio-8080-exec-2] DEBUG o.s.orm.jpa.JpaTransactionManager - Found thread-bound EntityManager [SessionImpl(1812161411<open>)] for JPA transaction
2026-03-16 17:10:12 [http-nio-8080-exec-2] DEBUG o.s.orm.jpa.JpaTransactionManager - Participating in existing transaction
2026-03-16 17:10:12 [http-nio-8080-exec-2] DEBUG org.hibernate.SQL - select u1_0.emplyr_id,u1_0.area_no,u1_0.brthdy,u1_0.chg_pwd_cnt,u1_0.frst_register_id,u1_0.frst_regist_pnttm,u1_0.detail_adres,u1_0.email_adres,u1_0.emplyr_sttus_code,u1_0.empl_no,u1_0.esntl_id,u1_0.fxnum,u1_0.group_id,u1_0.house_adres,u1_0.house_end_telno,u1_0.house_middle_telno,u1_0.ihidnum,u1_0.pstinst_code,u1_0.last_updusr_id,u1_0.last_updt_pnttm,u1_0.lock_at,u1_0.lock_cnt,u1_0.lock_last_pnttm,u1_0.mbtlnum,u1_0.ofcps_nm,u1_0.offm_telno,u1_0.orgnzt_id,u1_0.password,u1_0.password_cnsr,u1_0.password_hint,u1_0.chg_pwd_last_pnttm,u1_0.role,u1_0.sbscrb_de,u1_0.sexdstn_code,u1_0.crtfc_dn_value,u1_0.user_nm,u1_0.zip from nemplyrinfo u1_0 where u1_0.emplyr_id=?
2026-03-16 17:10:12 [http-nio-8080-exec-2] DEBUG o.s.orm.jpa.JpaTransactionManager - Found thread-bound EntityManager [SessionImpl(1812161411<open>)] for JPA transaction
2026-03-16 17:10:12 [http-nio-8080-exec-2] DEBUG o.s.orm.jpa.JpaTransactionManager - Participating in existing transaction
2026-03-16 17:10:12 [http-nio-8080-exec-2] DEBUG org.hibernate.SQL - select ua1_0.scrty_dtrmn_trget_id,ua1_0.author_code,ua1_0.frst_register_id,ua1_0.frst_regist_pnttm,ua1_0.last_updusr_id,ua1_0.last_updt_pnttm,ua1_0.mber_ty_code from nemplyrscrtyestbs ua1_0 where ua1_0.scrty_dtrmn_trget_id=?
2026-03-16 17:10:12 [http-nio-8080-exec-2] DEBUG o.s.orm.jpa.JpaTransactionManager - Initiating transaction commit
2026-03-16 17:10:12 [http-nio-8080-exec-2] DEBUG o.s.orm.jpa.JpaTransactionManager - Committing JPA transaction on EntityManager [SessionImpl(1812161411<open>)]
2026-03-16 17:10:12 [http-nio-8080-exec-2] DEBUG o.s.orm.jpa.JpaTransactionManager - Closing JPA EntityManager [SessionImpl(1812161411<open>)] after transaction
2026-03-16 17:10:12 [http-nio-8080-exec-2] DEBUG c.c.p.s.jwt.JwtAuthenticationFilter - >>> [JwtFilter] Successfully authenticated user: USRCNFRM_99999999999, Authorities: [ROLE_ADMIN]
2026-03-16 17:10:12 [http-nio-8080-exec-2] DEBUG o.s.web.servlet.DispatcherServlet - GET "/api/v1/menu/left?menuNo=60", parameters={masked}
2026-03-16 17:10:12 [http-nio-8080-exec-2] TRACE o.s.w.s.m.m.a.RequestMappingHandlerMapping - Mapped to com.company.project.api.controller.menu.MenuController#getLeftMenu(Long)
2026-03-16 17:10:12 [http-nio-8080-exec-2] INFO  c.c.p.a.c.menu.MenuController - getLeftMenu called with menuNo=60
2026-03-16 17:10:12 [http-nio-8080-exec-2] DEBUG o.s.orm.jpa.JpaTransactionManager - Creating new transaction with name [com.company.project.service.menu.MenuService.getSubMenus]: PROPAGATION_REQUIRED,ISOLATION_DEFAULT,readOnly
2026-03-16 17:10:12 [http-nio-8080-exec-2] DEBUG o.s.orm.jpa.JpaTransactionManager - Opened new EntityManager [SessionImpl(1143316350<open>)] for JPA transaction
2026-03-16 17:10:12 [http-nio-8080-exec-2] DEBUG o.s.orm.jpa.JpaTransactionManager - Exposing JPA transaction as JDBC [org.springframework.orm.jpa.vendor.HibernateJpaDialect$HibernateConnectionHandle@57648a52]
2026-03-16 17:10:12 [http-nio-8080-exec-2] DEBUG org.hibernate.SQL - select m1_0.menu_no,m1_0.menu_dc,m1_0.menu_nm,m1_0.menu_ordr,m1_0.modern_route,m1_0.progrm_file_nm,m1_0.relate_image_nm,m1_0.relate_image_path,m1_0.route_updated_at,m1_0.upper_menu_no from nmenuinfo m1_0 order by m1_0.upper_menu_no,m1_0.menu_ordr
2026-03-16 17:10:13 [http-nio-8080-exec-2] DEBUG o.s.orm.jpa.JpaTransactionManager - Found thread-bound EntityManager [SessionImpl(1143316350<open>)] for JPA transaction
2026-03-16 17:10:13 [http-nio-8080-exec-2] DEBUG o.s.orm.jpa.JpaTransactionManager - Participating in existing transaction
2026-03-16 17:10:13 [http-nio-8080-exec-2] DEBUG org.hibernate.SQL - select p1_0.progrm_file_nm,p1_0.progrm_dc,p1_0.progrm_korean_nm,p1_0.progrm_stre_path,p1_0.url from nprogrmlist p1_0
2026-03-16 17:10:13 [http-nio-8080-exec-2] DEBUG o.s.orm.jpa.JpaTransactionManager - Initiating transaction commit
2026-03-16 17:10:13 [http-nio-8080-exec-2] DEBUG o.s.orm.jpa.JpaTransactionManager - Committing JPA transaction on EntityManager [SessionImpl(1143316350<open>)]
2026-03-16 17:10:13 [http-nio-8080-exec-2] DEBUG o.s.orm.jpa.JpaTransactionManager - Closing JPA EntityManager [SessionImpl(1143316350<open>)] after transaction
2026-03-16 17:10:13 [http-nio-8080-exec-2] INFO  c.c.p.a.c.menu.MenuController - getLeftMenu returned 1 items
2026-03-16 17:10:13 [http-nio-8080-exec-2] DEBUG o.s.w.s.m.m.a.HttpEntityMethodProcessor - Using 'application/json', given [application/json, text/plain, */*] and supported [application/json, application/*+json, application/yaml]
2026-03-16 17:10:13 [http-nio-8080-exec-2] TRACE o.s.w.s.m.m.a.HttpEntityMethodProcessor - Writing [ApiResponse[success=true, status=200, code=COMMON_001, message=Success, data={list=[com.company.project.service.menu.dto.MenuDto@5fcae6d8]}, timestamp=2026-03-16T17:10:13.486053]]
2026-03-16 17:10:13 [http-nio-8080-exec-2] INFO  c.c.p.a.i.OperationalAuditInterceptor - API Audit Log: URL=/api/v1/menu/left, User=webmaster, IP=127.0.0.1
2026-03-16 17:10:13 [http-nio-8080-exec-2] DEBUG o.s.web.servlet.DispatcherServlet - Completed 200 OK
2026-03-16 17:10:26 [http-nio-8080-exec-13] DEBUG c.c.p.s.jwt.JwtAuthenticationFilter - >>> [JwtFilter] Processing request: GET /api/v1/menu/head
2026-03-16 17:10:26 [http-nio-8080-exec-13] DEBUG c.c.p.s.jwt.JwtAuthenticationFilter - >>> [JwtFilter] Found token in header for path: /api/v1/menu/head
2026-03-16 17:10:26 [http-nio-8080-exec-13] DEBUG o.s.orm.jpa.JpaTransactionManager - Creating new transaction with name [com.company.project.security.iam.CustomUserDetailsService.loadUserByUsername]: PROPAGATION_REQUIRED,ISOLATION_DEFAULT,readOnly
2026-03-16 17:10:26 [http-nio-8080-exec-13] DEBUG o.s.orm.jpa.JpaTransactionManager - Opened new EntityManager [SessionImpl(2144539933<open>)] for JPA transaction
2026-03-16 17:10:26 [http-nio-8080-exec-13] DEBUG o.s.orm.jpa.JpaTransactionManager - Exposing JPA transaction as JDBC [org.springframework.orm.jpa.vendor.HibernateJpaDialect$HibernateConnectionHandle@648ac2ba]
2026-03-16 17:10:26 [http-nio-8080-exec-13] DEBUG o.s.orm.jpa.JpaTransactionManager - Found thread-bound EntityManager [SessionImpl(2144539933<open>)] for JPA transaction
2026-03-16 17:10:26 [http-nio-8080-exec-13] DEBUG o.s.orm.jpa.JpaTransactionManager - Participating in existing transaction
2026-03-16 17:10:26 [http-nio-8080-exec-13] DEBUG org.hibernate.SQL - select u1_0.emplyr_id,u1_0.area_no,u1_0.brthdy,u1_0.chg_pwd_cnt,u1_0.frst_register_id,u1_0.frst_regist_pnttm,u1_0.detail_adres,u1_0.email_adres,u1_0.emplyr_sttus_code,u1_0.empl_no,u1_0.esntl_id,u1_0.fxnum,u1_0.group_id,u1_0.house_adres,u1_0.house_end_telno,u1_0.house_middle_telno,u1_0.ihidnum,u1_0.pstinst_code,u1_0.last_updusr_id,u1_0.last_updt_pnttm,u1_0.lock_at,u1_0.lock_cnt,u1_0.lock_last_pnttm,u1_0.mbtlnum,u1_0.ofcps_nm,u1_0.offm_telno,u1_0.orgnzt_id,u1_0.password,u1_0.password_cnsr,u1_0.password_hint,u1_0.chg_pwd_last_pnttm,u1_0.role,u1_0.sbscrb_de,u1_0.sexdstn_code,u1_0.crtfc_dn_value,u1_0.user_nm,u1_0.zip from nemplyrinfo u1_0 where u1_0.emplyr_id=?
2026-03-16 17:10:26 [http-nio-8080-exec-13] DEBUG o.s.orm.jpa.JpaTransactionManager - Found thread-bound EntityManager [SessionImpl(2144539933<open>)] for JPA transaction
2026-03-16 17:10:26 [http-nio-8080-exec-13] DEBUG o.s.orm.jpa.JpaTransactionManager - Participating in existing transaction
2026-03-16 17:10:26 [http-nio-8080-exec-13] DEBUG org.hibernate.SQL - select ua1_0.scrty_dtrmn_trget_id,ua1_0.author_code,ua1_0.frst_register_id,ua1_0.frst_regist_pnttm,ua1_0.last_updusr_id,ua1_0.last_updt_pnttm,ua1_0.mber_ty_code from nemplyrscrtyestbs ua1_0 where ua1_0.scrty_dtrmn_trget_id=?
2026-03-16 17:10:27 [http-nio-8080-exec-13] DEBUG o.s.orm.jpa.JpaTransactionManager - Initiating transaction commit
2026-03-16 17:10:27 [http-nio-8080-exec-13] DEBUG o.s.orm.jpa.JpaTransactionManager - Committing JPA transaction on EntityManager [SessionImpl(2144539933<open>)]
2026-03-16 17:10:27 [http-nio-8080-exec-13] DEBUG o.s.orm.jpa.JpaTransactionManager - Closing JPA EntityManager [SessionImpl(2144539933<open>)] after transaction
2026-03-16 17:10:27 [http-nio-8080-exec-13] DEBUG c.c.p.s.jwt.JwtAuthenticationFilter - >>> [JwtFilter] Successfully authenticated user: USRCNFRM_99999999999, Authorities: [ROLE_ADMIN]
2026-03-16 17:10:27 [http-nio-8080-exec-13] DEBUG o.s.web.servlet.DispatcherServlet - GET "/api/v1/menu/head", parameters={}
2026-03-16 17:10:27 [http-nio-8080-exec-13] TRACE o.s.w.s.m.m.a.RequestMappingHandlerMapping - Mapped to com.company.project.api.controller.menu.MenuController#getHeadMenu()
2026-03-16 17:10:27 [http-nio-8080-exec-13] INFO  c.c.p.a.c.menu.MenuController - getHeadMenu called
2026-03-16 17:10:27 [http-nio-8080-exec-13] INFO  c.c.p.a.c.menu.MenuController - getHeadMenu returned 5 items
2026-03-16 17:10:27 [http-nio-8080-exec-13] DEBUG o.s.w.s.m.m.a.HttpEntityMethodProcessor - Using 'application/json', given [application/json, text/plain, */*] and supported [application/json, application/*+json, application/yaml]
2026-03-16 17:10:27 [http-nio-8080-exec-13] TRACE o.s.w.s.m.m.a.HttpEntityMethodProcessor - Writing [ApiResponse[success=true, status=200, code=COMMON_001, message=Success, data={list=[com.company.project.service.menu.dto.MenuDto@2b80d6b0, com.company.project.service.menu.dto.MenuDto@1418cfa3, com.company.project.service.menu.dto.MenuDto@f230bf1, com.company.project.service.menu.dto.MenuDto@734a7f6a, com.company.project.service.menu.dto.MenuDto@5e5202e5]}, timestamp=2026-03-16T17:10:27.238629]]
2026-03-16 17:10:27 [http-nio-8080-exec-13] INFO  c.c.p.a.i.OperationalAuditInterceptor - API Audit Log: URL=/api/v1/menu/head, User=webmaster, IP=0:0:0:0:0:0:0:1
2026-03-16 17:10:27 [http-nio-8080-exec-13] DEBUG o.s.web.servlet.DispatcherServlet - Completed 200 OK
2026-03-16 17:10:27 [http-nio-8080-exec-9] DEBUG c.c.p.s.jwt.JwtAuthenticationFilter - >>> [JwtFilter] Processing request: GET /api/v1/menu/left
2026-03-16 17:10:27 [http-nio-8080-exec-9] DEBUG c.c.p.s.jwt.JwtAuthenticationFilter - >>> [JwtFilter] Found token in header for path: /api/v1/menu/left
2026-03-16 17:10:27 [http-nio-8080-exec-9] DEBUG o.s.orm.jpa.JpaTransactionManager - Creating new transaction with name [com.company.project.security.iam.CustomUserDetailsService.loadUserByUsername]: PROPAGATION_REQUIRED,ISOLATION_DEFAULT,readOnly
2026-03-16 17:10:27 [http-nio-8080-exec-9] DEBUG o.s.orm.jpa.JpaTransactionManager - Opened new EntityManager [SessionImpl(380461264<open>)] for JPA transaction
2026-03-16 17:10:27 [http-nio-8080-exec-10] DEBUG c.c.p.s.jwt.JwtAuthenticationFilter - >>> [JwtFilter] Processing request: GET /api/v1/menu/left
2026-03-16 17:10:27 [http-nio-8080-exec-12] DEBUG c.c.p.s.jwt.JwtAuthenticationFilter - >>> [JwtFilter] Processing request: GET /api/v1/menu/left
2026-03-16 17:10:27 [http-nio-8080-exec-17] DEBUG c.c.p.s.jwt.JwtAuthenticationFilter - >>> [JwtFilter] Processing request: GET /api/v1/menu/left
2026-03-16 17:10:27 [http-nio-8080-exec-15] DEBUG c.c.p.s.jwt.JwtAuthenticationFilter - >>> [JwtFilter] Processing request: GET /api/v1/menu/left
2026-03-16 17:10:27 [http-nio-8080-exec-10] DEBUG c.c.p.s.jwt.JwtAuthenticationFilter - >>> [JwtFilter] Found token in header for path: /api/v1/menu/left
2026-03-16 17:10:27 [http-nio-8080-exec-12] DEBUG c.c.p.s.jwt.JwtAuthenticationFilter - >>> [JwtFilter] Found token in header for path: /api/v1/menu/left
2026-03-16 17:10:27 [http-nio-8080-exec-17] DEBUG c.c.p.s.jwt.JwtAuthenticationFilter - >>> [JwtFilter] Found token in header for path: /api/v1/menu/left
2026-03-16 17:10:27 [http-nio-8080-exec-15] DEBUG c.c.p.s.jwt.JwtAuthenticationFilter - >>> [JwtFilter] Found token in header for path: /api/v1/menu/left
2026-03-16 17:10:27 [http-nio-8080-exec-15] DEBUG o.s.orm.jpa.JpaTransactionManager - Creating new transaction with name [com.company.project.security.iam.CustomUserDetailsService.loadUserByUsername]: PROPAGATION_REQUIRED,ISOLATION_DEFAULT,readOnly
2026-03-16 17:10:27 [http-nio-8080-exec-17] DEBUG o.s.orm.jpa.JpaTransactionManager - Creating new transaction with name [com.company.project.security.iam.CustomUserDetailsService.loadUserByUsername]: PROPAGATION_REQUIRED,ISOLATION_DEFAULT,readOnly
2026-03-16 17:10:27 [http-nio-8080-exec-10] DEBUG o.s.orm.jpa.JpaTransactionManager - Creating new transaction with name [com.company.project.security.iam.CustomUserDetailsService.loadUserByUsername]: PROPAGATION_REQUIRED,ISOLATION_DEFAULT,readOnly
2026-03-16 17:10:27 [http-nio-8080-exec-12] DEBUG o.s.orm.jpa.JpaTransactionManager - Creating new transaction with name [com.company.project.security.iam.CustomUserDetailsService.loadUserByUsername]: PROPAGATION_REQUIRED,ISOLATION_DEFAULT,readOnly
2026-03-16 17:10:27 [http-nio-8080-exec-15] DEBUG o.s.orm.jpa.JpaTransactionManager - Opened new EntityManager [SessionImpl(1387471859<open>)] for JPA transaction
2026-03-16 17:10:27 [http-nio-8080-exec-10] DEBUG o.s.orm.jpa.JpaTransactionManager - Opened new EntityManager [SessionImpl(181992592<open>)] for JPA transaction
2026-03-16 17:10:27 [http-nio-8080-exec-17] DEBUG o.s.orm.jpa.JpaTransactionManager - Opened new EntityManager [SessionImpl(1738242536<open>)] for JPA transaction
2026-03-16 17:10:27 [http-nio-8080-exec-12] DEBUG o.s.orm.jpa.JpaTransactionManager - Opened new EntityManager [SessionImpl(934258087<open>)] for JPA transaction
2026-03-16 17:10:27 [http-nio-8080-exec-9] DEBUG o.s.orm.jpa.JpaTransactionManager - Exposing JPA transaction as JDBC [org.springframework.orm.jpa.vendor.HibernateJpaDialect$HibernateConnectionHandle@4a333e4]
2026-03-16 17:10:27 [http-nio-8080-exec-9] DEBUG o.s.orm.jpa.JpaTransactionManager - Found thread-bound EntityManager [SessionImpl(380461264<open>)] for JPA transaction
2026-03-16 17:10:27 [http-nio-8080-exec-9] DEBUG o.s.orm.jpa.JpaTransactionManager - Participating in existing transaction
2026-03-16 17:10:27 [http-nio-8080-exec-9] DEBUG org.hibernate.SQL - select u1_0.emplyr_id,u1_0.area_no,u1_0.brthdy,u1_0.chg_pwd_cnt,u1_0.frst_register_id,u1_0.frst_regist_pnttm,u1_0.detail_adres,u1_0.email_adres,u1_0.emplyr_sttus_code,u1_0.empl_no,u1_0.esntl_id,u1_0.fxnum,u1_0.group_id,u1_0.house_adres,u1_0.house_end_telno,u1_0.house_middle_telno,u1_0.ihidnum,u1_0.pstinst_code,u1_0.last_updusr_id,u1_0.last_updt_pnttm,u1_0.lock_at,u1_0.lock_cnt,u1_0.lock_last_pnttm,u1_0.mbtlnum,u1_0.ofcps_nm,u1_0.offm_telno,u1_0.orgnzt_id,u1_0.password,u1_0.password_cnsr,u1_0.password_hint,u1_0.chg_pwd_last_pnttm,u1_0.role,u1_0.sbscrb_de,u1_0.sexdstn_code,u1_0.crtfc_dn_value,u1_0.user_nm,u1_0.zip from nemplyrinfo u1_0 where u1_0.emplyr_id=?
2026-03-16 17:10:27 [http-nio-8080-exec-12] DEBUG o.s.orm.jpa.JpaTransactionManager - Exposing JPA transaction as JDBC [org.springframework.orm.jpa.vendor.HibernateJpaDialect$HibernateConnectionHandle@2b07cc73]
2026-03-16 17:10:27 [http-nio-8080-exec-15] DEBUG o.s.orm.jpa.JpaTransactionManager - Exposing JPA transaction as JDBC [org.springframework.orm.jpa.vendor.HibernateJpaDialect$HibernateConnectionHandle@713bcfdf]
2026-03-16 17:10:27 [http-nio-8080-exec-10] DEBUG o.s.orm.jpa.JpaTransactionManager - Exposing JPA transaction as JDBC [org.springframework.orm.jpa.vendor.HibernateJpaDialect$HibernateConnectionHandle@525fcab8]
2026-03-16 17:10:27 [http-nio-8080-exec-15] DEBUG o.s.orm.jpa.JpaTransactionManager - Found thread-bound EntityManager [SessionImpl(1387471859<open>)] for JPA transaction
2026-03-16 17:10:27 [http-nio-8080-exec-12] DEBUG o.s.orm.jpa.JpaTransactionManager - Found thread-bound EntityManager [SessionImpl(934258087<open>)] for JPA transaction
2026-03-16 17:10:27 [http-nio-8080-exec-15] DEBUG o.s.orm.jpa.JpaTransactionManager - Participating in existing transaction
2026-03-16 17:10:27 [http-nio-8080-exec-10] DEBUG o.s.orm.jpa.JpaTransactionManager - Found thread-bound EntityManager [SessionImpl(181992592<open>)] for JPA transaction
2026-03-16 17:10:27 [http-nio-8080-exec-12] DEBUG o.s.orm.jpa.JpaTransactionManager - Participating in existing transaction
2026-03-16 17:10:27 [http-nio-8080-exec-10] DEBUG o.s.orm.jpa.JpaTransactionManager - Participating in existing transaction
2026-03-16 17:10:27 [http-nio-8080-exec-12] DEBUG org.hibernate.SQL - select u1_0.emplyr_id,u1_0.area_no,u1_0.brthdy,u1_0.chg_pwd_cnt,u1_0.frst_register_id,u1_0.frst_regist_pnttm,u1_0.detail_adres,u1_0.email_adres,u1_0.emplyr_sttus_code,u1_0.empl_no,u1_0.esntl_id,u1_0.fxnum,u1_0.group_id,u1_0.house_adres,u1_0.house_end_telno,u1_0.house_middle_telno,u1_0.ihidnum,u1_0.pstinst_code,u1_0.last_updusr_id,u1_0.last_updt_pnttm,u1_0.lock_at,u1_0.lock_cnt,u1_0.lock_last_pnttm,u1_0.mbtlnum,u1_0.ofcps_nm,u1_0.offm_telno,u1_0.orgnzt_id,u1_0.password,u1_0.password_cnsr,u1_0.password_hint,u1_0.chg_pwd_last_pnttm,u1_0.role,u1_0.sbscrb_de,u1_0.sexdstn_code,u1_0.crtfc_dn_value,u1_0.user_nm,u1_0.zip from nemplyrinfo u1_0 where u1_0.emplyr_id=?
2026-03-16 17:10:27 [http-nio-8080-exec-10] DEBUG org.hibernate.SQL - select u1_0.emplyr_id,u1_0.area_no,u1_0.brthdy,u1_0.chg_pwd_cnt,u1_0.frst_register_id,u1_0.frst_regist_pnttm,u1_0.detail_adres,u1_0.email_adres,u1_0.emplyr_sttus_code,u1_0.empl_no,u1_0.esntl_id,u1_0.fxnum,u1_0.group_id,u1_0.house_adres,u1_0.house_end_telno,u1_0.house_middle_telno,u1_0.ihidnum,u1_0.pstinst_code,u1_0.last_updusr_id,u1_0.last_updt_pnttm,u1_0.lock_at,u1_0.lock_cnt,u1_0.lock_last_pnttm,u1_0.mbtlnum,u1_0.ofcps_nm,u1_0.offm_telno,u1_0.orgnzt_id,u1_0.password,u1_0.password_cnsr,u1_0.password_hint,u1_0.chg_pwd_last_pnttm,u1_0.role,u1_0.sbscrb_de,u1_0.sexdstn_code,u1_0.crtfc_dn_value,u1_0.user_nm,u1_0.zip from nemplyrinfo u1_0 where u1_0.emplyr_id=?
2026-03-16 17:10:27 [http-nio-8080-exec-15] DEBUG org.hibernate.SQL - select u1_0.emplyr_id,u1_0.area_no,u1_0.brthdy,u1_0.chg_pwd_cnt,u1_0.frst_register_id,u1_0.frst_regist_pnttm,u1_0.detail_adres,u1_0.email_adres,u1_0.emplyr_sttus_code,u1_0.empl_no,u1_0.esntl_id,u1_0.fxnum,u1_0.group_id,u1_0.house_adres,u1_0.house_end_telno,u1_0.house_middle_telno,u1_0.ihidnum,u1_0.pstinst_code,u1_0.last_updusr_id,u1_0.last_updt_pnttm,u1_0.lock_at,u1_0.lock_cnt,u1_0.lock_last_pnttm,u1_0.mbtlnum,u1_0.ofcps_nm,u1_0.offm_telno,u1_0.orgnzt_id,u1_0.password,u1_0.password_cnsr,u1_0.password_hint,u1_0.chg_pwd_last_pnttm,u1_0.role,u1_0.sbscrb_de,u1_0.sexdstn_code,u1_0.crtfc_dn_value,u1_0.user_nm,u1_0.zip from nemplyrinfo u1_0 where u1_0.emplyr_id=?
2026-03-16 17:10:27 [http-nio-8080-exec-17] DEBUG o.s.orm.jpa.JpaTransactionManager - Exposing JPA transaction as JDBC [org.springframework.orm.jpa.vendor.HibernateJpaDialect$HibernateConnectionHandle@7368fa4d]
2026-03-16 17:10:27 [http-nio-8080-exec-17] DEBUG o.s.orm.jpa.JpaTransactionManager - Found thread-bound EntityManager [SessionImpl(1738242536<open>)] for JPA transaction
2026-03-16 17:10:27 [http-nio-8080-exec-17] DEBUG o.s.orm.jpa.JpaTransactionManager - Participating in existing transaction
2026-03-16 17:10:27 [http-nio-8080-exec-17] DEBUG org.hibernate.SQL - select u1_0.emplyr_id,u1_0.area_no,u1_0.brthdy,u1_0.chg_pwd_cnt,u1_0.frst_register_id,u1_0.frst_regist_pnttm,u1_0.detail_adres,u1_0.email_adres,u1_0.emplyr_sttus_code,u1_0.empl_no,u1_0.esntl_id,u1_0.fxnum,u1_0.group_id,u1_0.house_adres,u1_0.house_end_telno,u1_0.house_middle_telno,u1_0.ihidnum,u1_0.pstinst_code,u1_0.last_updusr_id,u1_0.last_updt_pnttm,u1_0.lock_at,u1_0.lock_cnt,u1_0.lock_last_pnttm,u1_0.mbtlnum,u1_0.ofcps_nm,u1_0.offm_telno,u1_0.orgnzt_id,u1_0.password,u1_0.password_cnsr,u1_0.password_hint,u1_0.chg_pwd_last_pnttm,u1_0.role,u1_0.sbscrb_de,u1_0.sexdstn_code,u1_0.crtfc_dn_value,u1_0.user_nm,u1_0.zip from nemplyrinfo u1_0 where u1_0.emplyr_id=?
2026-03-16 17:10:27 [http-nio-8080-exec-9] DEBUG o.s.orm.jpa.JpaTransactionManager - Found thread-bound EntityManager [SessionImpl(380461264<open>)] for JPA transaction
2026-03-16 17:10:27 [http-nio-8080-exec-12] DEBUG o.s.orm.jpa.JpaTransactionManager - Found thread-bound EntityManager [SessionImpl(934258087<open>)] for JPA transaction
2026-03-16 17:10:27 [http-nio-8080-exec-15] DEBUG o.s.orm.jpa.JpaTransactionManager - Found thread-bound EntityManager [SessionImpl(1387471859<open>)] for JPA transaction
2026-03-16 17:10:27 [http-nio-8080-exec-10] DEBUG o.s.orm.jpa.JpaTransactionManager - Found thread-bound EntityManager [SessionImpl(181992592<open>)] for JPA transaction
2026-03-16 17:10:27 [http-nio-8080-exec-9] DEBUG o.s.orm.jpa.JpaTransactionManager - Participating in existing transaction
2026-03-16 17:10:27 [http-nio-8080-exec-12] DEBUG o.s.orm.jpa.JpaTransactionManager - Participating in existing transaction
2026-03-16 17:10:27 [http-nio-8080-exec-15] DEBUG o.s.orm.jpa.JpaTransactionManager - Participating in existing transaction
2026-03-16 17:10:27 [http-nio-8080-exec-10] DEBUG o.s.orm.jpa.JpaTransactionManager - Participating in existing transaction
2026-03-16 17:10:27 [http-nio-8080-exec-10] DEBUG org.hibernate.SQL - select ua1_0.scrty_dtrmn_trget_id,ua1_0.author_code,ua1_0.frst_register_id,ua1_0.frst_regist_pnttm,ua1_0.last_updusr_id,ua1_0.last_updt_pnttm,ua1_0.mber_ty_code from nemplyrscrtyestbs ua1_0 where ua1_0.scrty_dtrmn_trget_id=?
2026-03-16 17:10:27 [http-nio-8080-exec-9] DEBUG org.hibernate.SQL - select ua1_0.scrty_dtrmn_trget_id,ua1_0.author_code,ua1_0.frst_register_id,ua1_0.frst_regist_pnttm,ua1_0.last_updusr_id,ua1_0.last_updt_pnttm,ua1_0.mber_ty_code from nemplyrscrtyestbs ua1_0 where ua1_0.scrty_dtrmn_trget_id=?
2026-03-16 17:10:27 [http-nio-8080-exec-15] DEBUG org.hibernate.SQL - select ua1_0.scrty_dtrmn_trget_id,ua1_0.author_code,ua1_0.frst_register_id,ua1_0.frst_regist_pnttm,ua1_0.last_updusr_id,ua1_0.last_updt_pnttm,ua1_0.mber_ty_code from nemplyrscrtyestbs ua1_0 where ua1_0.scrty_dtrmn_trget_id=?
2026-03-16 17:10:27 [http-nio-8080-exec-12] DEBUG org.hibernate.SQL - select ua1_0.scrty_dtrmn_trget_id,ua1_0.author_code,ua1_0.frst_register_id,ua1_0.frst_regist_pnttm,ua1_0.last_updusr_id,ua1_0.last_updt_pnttm,ua1_0.mber_ty_code from nemplyrscrtyestbs ua1_0 where ua1_0.scrty_dtrmn_trget_id=?
2026-03-16 17:10:27 [http-nio-8080-exec-17] DEBUG o.s.orm.jpa.JpaTransactionManager - Found thread-bound EntityManager [SessionImpl(1738242536<open>)] for JPA transaction
2026-03-16 17:10:27 [http-nio-8080-exec-17] DEBUG o.s.orm.jpa.JpaTransactionManager - Participating in existing transaction
2026-03-16 17:10:27 [http-nio-8080-exec-17] DEBUG org.hibernate.SQL - select ua1_0.scrty_dtrmn_trget_id,ua1_0.author_code,ua1_0.frst_register_id,ua1_0.frst_regist_pnttm,ua1_0.last_updusr_id,ua1_0.last_updt_pnttm,ua1_0.mber_ty_code from nemplyrscrtyestbs ua1_0 where ua1_0.scrty_dtrmn_trget_id=?
2026-03-16 17:10:27 [http-nio-8080-exec-12] DEBUG o.s.orm.jpa.JpaTransactionManager - Initiating transaction commit
2026-03-16 17:10:27 [http-nio-8080-exec-15] DEBUG o.s.orm.jpa.JpaTransactionManager - Initiating transaction commit
2026-03-16 17:10:27 [http-nio-8080-exec-10] DEBUG o.s.orm.jpa.JpaTransactionManager - Initiating transaction commit
2026-03-16 17:10:27 [http-nio-8080-exec-12] DEBUG o.s.orm.jpa.JpaTransactionManager - Committing JPA transaction on EntityManager [SessionImpl(934258087<open>)]
2026-03-16 17:10:27 [http-nio-8080-exec-15] DEBUG o.s.orm.jpa.JpaTransactionManager - Committing JPA transaction on EntityManager [SessionImpl(1387471859<open>)]
2026-03-16 17:10:27 [http-nio-8080-exec-10] DEBUG o.s.orm.jpa.JpaTransactionManager - Committing JPA transaction on EntityManager [SessionImpl(181992592<open>)]
2026-03-16 17:10:27 [http-nio-8080-exec-9] DEBUG o.s.orm.jpa.JpaTransactionManager - Initiating transaction commit
2026-03-16 17:10:27 [http-nio-8080-exec-9] DEBUG o.s.orm.jpa.JpaTransactionManager - Committing JPA transaction on EntityManager [SessionImpl(380461264<open>)]
2026-03-16 17:10:27 [http-nio-8080-exec-17] DEBUG o.s.orm.jpa.JpaTransactionManager - Initiating transaction commit
2026-03-16 17:10:27 [http-nio-8080-exec-17] DEBUG o.s.orm.jpa.JpaTransactionManager - Committing JPA transaction on EntityManager [SessionImpl(1738242536<open>)]
2026-03-16 17:10:27 [http-nio-8080-exec-12] DEBUG o.s.orm.jpa.JpaTransactionManager - Closing JPA EntityManager [SessionImpl(934258087<open>)] after transaction
2026-03-16 17:10:27 [http-nio-8080-exec-10] DEBUG o.s.orm.jpa.JpaTransactionManager - Closing JPA EntityManager [SessionImpl(181992592<open>)] after transaction
2026-03-16 17:10:27 [http-nio-8080-exec-15] DEBUG o.s.orm.jpa.JpaTransactionManager - Closing JPA EntityManager [SessionImpl(1387471859<open>)] after transaction
2026-03-16 17:10:27 [http-nio-8080-exec-10] DEBUG c.c.p.s.jwt.JwtAuthenticationFilter - >>> [JwtFilter] Successfully authenticated user: USRCNFRM_99999999999, Authorities: [ROLE_ADMIN]
2026-03-16 17:10:27 [http-nio-8080-exec-12] DEBUG c.c.p.s.jwt.JwtAuthenticationFilter - >>> [JwtFilter] Successfully authenticated user: USRCNFRM_99999999999, Authorities: [ROLE_ADMIN]
2026-03-16 17:10:27 [http-nio-8080-exec-15] DEBUG c.c.p.s.jwt.JwtAuthenticationFilter - >>> [JwtFilter] Successfully authenticated user: USRCNFRM_99999999999, Authorities: [ROLE_ADMIN]
2026-03-16 17:10:27 [http-nio-8080-exec-15] DEBUG o.s.web.servlet.DispatcherServlet - GET "/api/v1/menu/left?menuNo=50", parameters={masked}
2026-03-16 17:10:27 [http-nio-8080-exec-10] DEBUG o.s.web.servlet.DispatcherServlet - GET "/api/v1/menu/left?menuNo=60", parameters={masked}
2026-03-16 17:10:27 [http-nio-8080-exec-12] DEBUG o.s.web.servlet.DispatcherServlet - GET "/api/v1/menu/left?menuNo=40", parameters={masked}
2026-03-16 17:10:27 [http-nio-8080-exec-15] TRACE o.s.w.s.m.m.a.RequestMappingHandlerMapping - Mapped to com.company.project.api.controller.menu.MenuController#getLeftMenu(Long)
2026-03-16 17:10:27 [http-nio-8080-exec-10] TRACE o.s.w.s.m.m.a.RequestMappingHandlerMapping - Mapped to com.company.project.api.controller.menu.MenuController#getLeftMenu(Long)
2026-03-16 17:10:27 [http-nio-8080-exec-12] TRACE o.s.w.s.m.m.a.RequestMappingHandlerMapping - Mapped to com.company.project.api.controller.menu.MenuController#getLeftMenu(Long)
2026-03-16 17:10:27 [http-nio-8080-exec-15] INFO  c.c.p.a.c.menu.MenuController - getLeftMenu called with menuNo=50
2026-03-16 17:10:27 [http-nio-8080-exec-10] INFO  c.c.p.a.c.menu.MenuController - getLeftMenu called with menuNo=60
2026-03-16 17:10:27 [http-nio-8080-exec-12] INFO  c.c.p.a.c.menu.MenuController - getLeftMenu called with menuNo=40
2026-03-16 17:10:27 [http-nio-8080-exec-15] DEBUG o.s.orm.jpa.JpaTransactionManager - Creating new transaction with name [com.company.project.service.menu.MenuService.getSubMenus]: PROPAGATION_REQUIRED,ISOLATION_DEFAULT,readOnly
2026-03-16 17:10:27 [http-nio-8080-exec-10] DEBUG o.s.orm.jpa.JpaTransactionManager - Creating new transaction with name [com.company.project.service.menu.MenuService.getSubMenus]: PROPAGATION_REQUIRED,ISOLATION_DEFAULT,readOnly
2026-03-16 17:10:27 [http-nio-8080-exec-12] DEBUG o.s.orm.jpa.JpaTransactionManager - Creating new transaction with name [com.company.project.service.menu.MenuService.getSubMenus]: PROPAGATION_REQUIRED,ISOLATION_DEFAULT,readOnly
2026-03-16 17:10:27 [http-nio-8080-exec-15] DEBUG o.s.orm.jpa.JpaTransactionManager - Opened new EntityManager [SessionImpl(2137431410<open>)] for JPA transaction
2026-03-16 17:10:27 [http-nio-8080-exec-10] DEBUG o.s.orm.jpa.JpaTransactionManager - Opened new EntityManager [SessionImpl(398947741<open>)] for JPA transaction
2026-03-16 17:10:27 [http-nio-8080-exec-12] DEBUG o.s.orm.jpa.JpaTransactionManager - Opened new EntityManager [SessionImpl(755255312<open>)] for JPA transaction
2026-03-16 17:10:27 [http-nio-8080-exec-15] DEBUG o.s.orm.jpa.JpaTransactionManager - Exposing JPA transaction as JDBC [org.springframework.orm.jpa.vendor.HibernateJpaDialect$HibernateConnectionHandle@496ab35d]
2026-03-16 17:10:27 [http-nio-8080-exec-10] DEBUG o.s.orm.jpa.JpaTransactionManager - Exposing JPA transaction as JDBC [org.springframework.orm.jpa.vendor.HibernateJpaDialect$HibernateConnectionHandle@32e83651]
2026-03-16 17:10:27 [http-nio-8080-exec-12] DEBUG o.s.orm.jpa.JpaTransactionManager - Exposing JPA transaction as JDBC [org.springframework.orm.jpa.vendor.HibernateJpaDialect$HibernateConnectionHandle@347c9cc1]
2026-03-16 17:10:27 [http-nio-8080-exec-10] DEBUG org.hibernate.SQL - select m1_0.menu_no,m1_0.menu_dc,m1_0.menu_nm,m1_0.menu_ordr,m1_0.modern_route,m1_0.progrm_file_nm,m1_0.relate_image_nm,m1_0.relate_image_path,m1_0.route_updated_at,m1_0.upper_menu_no from nmenuinfo m1_0 order by m1_0.upper_menu_no,m1_0.menu_ordr
2026-03-16 17:10:27 [http-nio-8080-exec-12] DEBUG org.hibernate.SQL - select m1_0.menu_no,m1_0.menu_dc,m1_0.menu_nm,m1_0.menu_ordr,m1_0.modern_route,m1_0.progrm_file_nm,m1_0.relate_image_nm,m1_0.relate_image_path,m1_0.route_updated_at,m1_0.upper_menu_no from nmenuinfo m1_0 order by m1_0.upper_menu_no,m1_0.menu_ordr
2026-03-16 17:10:27 [http-nio-8080-exec-15] DEBUG org.hibernate.SQL - select m1_0.menu_no,m1_0.menu_dc,m1_0.menu_nm,m1_0.menu_ordr,m1_0.modern_route,m1_0.progrm_file_nm,m1_0.relate_image_nm,m1_0.relate_image_path,m1_0.route_updated_at,m1_0.upper_menu_no from nmenuinfo m1_0 order by m1_0.upper_menu_no,m1_0.menu_ordr
2026-03-16 17:10:27 [http-nio-8080-exec-9] DEBUG o.s.orm.jpa.JpaTransactionManager - Closing JPA EntityManager [SessionImpl(380461264<open>)] after transaction
2026-03-16 17:10:27 [http-nio-8080-exec-9] DEBUG c.c.p.s.jwt.JwtAuthenticationFilter - >>> [JwtFilter] Successfully authenticated user: USRCNFRM_99999999999, Authorities: [ROLE_ADMIN]
2026-03-16 17:10:27 [http-nio-8080-exec-9] DEBUG o.s.web.servlet.DispatcherServlet - GET "/api/v1/menu/left?menuNo=10", parameters={masked}
2026-03-16 17:10:27 [http-nio-8080-exec-9] TRACE o.s.w.s.m.m.a.RequestMappingHandlerMapping - Mapped to com.company.project.api.controller.menu.MenuController#getLeftMenu(Long)
2026-03-16 17:10:27 [http-nio-8080-exec-9] INFO  c.c.p.a.c.menu.MenuController - getLeftMenu called with menuNo=10
2026-03-16 17:10:27 [http-nio-8080-exec-9] DEBUG o.s.orm.jpa.JpaTransactionManager - Creating new transaction with name [com.company.project.service.menu.MenuService.getSubMenus]: PROPAGATION_REQUIRED,ISOLATION_DEFAULT,readOnly
2026-03-16 17:10:27 [http-nio-8080-exec-9] DEBUG o.s.orm.jpa.JpaTransactionManager - Opened new EntityManager [SessionImpl(261163306<open>)] for JPA transaction
2026-03-16 17:10:27 [http-nio-8080-exec-9] DEBUG o.s.orm.jpa.JpaTransactionManager - Exposing JPA transaction as JDBC [org.springframework.orm.jpa.vendor.HibernateJpaDialect$HibernateConnectionHandle@48931236]
2026-03-16 17:10:27 [http-nio-8080-exec-9] DEBUG org.hibernate.SQL - select m1_0.menu_no,m1_0.menu_dc,m1_0.menu_nm,m1_0.menu_ordr,m1_0.modern_route,m1_0.progrm_file_nm,m1_0.relate_image_nm,m1_0.relate_image_path,m1_0.route_updated_at,m1_0.upper_menu_no from nmenuinfo m1_0 order by m1_0.upper_menu_no,m1_0.menu_ordr
2026-03-16 17:10:27 [http-nio-8080-exec-17] DEBUG o.s.orm.jpa.JpaTransactionManager - Closing JPA EntityManager [SessionImpl(1738242536<open>)] after transaction
2026-03-16 17:10:27 [http-nio-8080-exec-17] DEBUG c.c.p.s.jwt.JwtAuthenticationFilter - >>> [JwtFilter] Successfully authenticated user: USRCNFRM_99999999999, Authorities: [ROLE_ADMIN]
2026-03-16 17:10:27 [http-nio-8080-exec-17] DEBUG o.s.web.servlet.DispatcherServlet - GET "/api/v1/menu/left?menuNo=20", parameters={masked}
2026-03-16 17:10:27 [http-nio-8080-exec-17] TRACE o.s.w.s.m.m.a.RequestMappingHandlerMapping - Mapped to com.company.project.api.controller.menu.MenuController#getLeftMenu(Long)
2026-03-16 17:10:27 [http-nio-8080-exec-17] INFO  c.c.p.a.c.menu.MenuController - getLeftMenu called with menuNo=20
2026-03-16 17:10:27 [http-nio-8080-exec-17] DEBUG o.s.orm.jpa.JpaTransactionManager - Creating new transaction with name [com.company.project.service.menu.MenuService.getSubMenus]: PROPAGATION_REQUIRED,ISOLATION_DEFAULT,readOnly
2026-03-16 17:10:27 [http-nio-8080-exec-17] DEBUG o.s.orm.jpa.JpaTransactionManager - Opened new EntityManager [SessionImpl(987376868<open>)] for JPA transaction
2026-03-16 17:10:27 [http-nio-8080-exec-17] DEBUG o.s.orm.jpa.JpaTransactionManager - Exposing JPA transaction as JDBC [org.springframework.orm.jpa.vendor.HibernateJpaDialect$HibernateConnectionHandle@ebe8b2e]
2026-03-16 17:10:27 [http-nio-8080-exec-17] DEBUG org.hibernate.SQL - select m1_0.menu_no,m1_0.menu_dc,m1_0.menu_nm,m1_0.menu_ordr,m1_0.modern_route,m1_0.progrm_file_nm,m1_0.relate_image_nm,m1_0.relate_image_path,m1_0.route_updated_at,m1_0.upper_menu_no from nmenuinfo m1_0 order by m1_0.upper_menu_no,m1_0.menu_ordr
2026-03-16 17:10:28 [http-nio-8080-exec-15] DEBUG o.s.orm.jpa.JpaTransactionManager - Found thread-bound EntityManager [SessionImpl(2137431410<open>)] for JPA transaction
2026-03-16 17:10:28 [http-nio-8080-exec-12] DEBUG o.s.orm.jpa.JpaTransactionManager - Found thread-bound EntityManager [SessionImpl(755255312<open>)] for JPA transaction
2026-03-16 17:10:28 [http-nio-8080-exec-10] DEBUG o.s.orm.jpa.JpaTransactionManager - Found thread-bound EntityManager [SessionImpl(398947741<open>)] for JPA transaction
2026-03-16 17:10:28 [http-nio-8080-exec-15] DEBUG o.s.orm.jpa.JpaTransactionManager - Participating in existing transaction
2026-03-16 17:10:28 [http-nio-8080-exec-12] DEBUG o.s.orm.jpa.JpaTransactionManager - Participating in existing transaction
2026-03-16 17:10:28 [http-nio-8080-exec-10] DEBUG o.s.orm.jpa.JpaTransactionManager - Participating in existing transaction
2026-03-16 17:10:28 [http-nio-8080-exec-15] DEBUG org.hibernate.SQL - select p1_0.progrm_file_nm,p1_0.progrm_dc,p1_0.progrm_korean_nm,p1_0.progrm_stre_path,p1_0.url from nprogrmlist p1_0
2026-03-16 17:10:28 [http-nio-8080-exec-10] DEBUG org.hibernate.SQL - select p1_0.progrm_file_nm,p1_0.progrm_dc,p1_0.progrm_korean_nm,p1_0.progrm_stre_path,p1_0.url from nprogrmlist p1_0
2026-03-16 17:10:28 [http-nio-8080-exec-12] DEBUG org.hibernate.SQL - select p1_0.progrm_file_nm,p1_0.progrm_dc,p1_0.progrm_korean_nm,p1_0.progrm_stre_path,p1_0.url from nprogrmlist p1_0
2026-03-16 17:10:28 [http-nio-8080-exec-9] DEBUG o.s.orm.jpa.JpaTransactionManager - Found thread-bound EntityManager [SessionImpl(261163306<open>)] for JPA transaction
2026-03-16 17:10:28 [http-nio-8080-exec-9] DEBUG o.s.orm.jpa.JpaTransactionManager - Participating in existing transaction
2026-03-16 17:10:28 [http-nio-8080-exec-9] DEBUG org.hibernate.SQL - select p1_0.progrm_file_nm,p1_0.progrm_dc,p1_0.progrm_korean_nm,p1_0.progrm_stre_path,p1_0.url from nprogrmlist p1_0
2026-03-16 17:10:28 [http-nio-8080-exec-17] DEBUG o.s.orm.jpa.JpaTransactionManager - Found thread-bound EntityManager [SessionImpl(987376868<open>)] for JPA transaction
2026-03-16 17:10:28 [http-nio-8080-exec-17] DEBUG o.s.orm.jpa.JpaTransactionManager - Participating in existing transaction
2026-03-16 17:10:28 [http-nio-8080-exec-17] DEBUG org.hibernate.SQL - select p1_0.progrm_file_nm,p1_0.progrm_dc,p1_0.progrm_korean_nm,p1_0.progrm_stre_path,p1_0.url from nprogrmlist p1_0
2026-03-16 17:10:28 [http-nio-8080-exec-10] DEBUG o.s.orm.jpa.JpaTransactionManager - Initiating transaction commit
2026-03-16 17:10:28 [http-nio-8080-exec-12] DEBUG o.s.orm.jpa.JpaTransactionManager - Initiating transaction commit
2026-03-16 17:10:28 [http-nio-8080-exec-10] DEBUG o.s.orm.jpa.JpaTransactionManager - Committing JPA transaction on EntityManager [SessionImpl(398947741<open>)]
2026-03-16 17:10:28 [http-nio-8080-exec-12] DEBUG o.s.orm.jpa.JpaTransactionManager - Committing JPA transaction on EntityManager [SessionImpl(755255312<open>)]
2026-03-16 17:10:28 [http-nio-8080-exec-15] DEBUG o.s.orm.jpa.JpaTransactionManager - Initiating transaction commit
2026-03-16 17:10:28 [http-nio-8080-exec-15] DEBUG o.s.orm.jpa.JpaTransactionManager - Committing JPA transaction on EntityManager [SessionImpl(2137431410<open>)]
2026-03-16 17:10:28 [http-nio-8080-exec-9] DEBUG o.s.orm.jpa.JpaTransactionManager - Initiating transaction commit
2026-03-16 17:10:28 [http-nio-8080-exec-9] DEBUG o.s.orm.jpa.JpaTransactionManager - Committing JPA transaction on EntityManager [SessionImpl(261163306<open>)]
2026-03-16 17:10:28 [http-nio-8080-exec-17] DEBUG o.s.orm.jpa.JpaTransactionManager - Initiating transaction commit
2026-03-16 17:10:28 [http-nio-8080-exec-17] DEBUG o.s.orm.jpa.JpaTransactionManager - Committing JPA transaction on EntityManager [SessionImpl(987376868<open>)]
2026-03-16 17:10:28 [http-nio-8080-exec-12] DEBUG o.s.orm.jpa.JpaTransactionManager - Closing JPA EntityManager [SessionImpl(755255312<open>)] after transaction
2026-03-16 17:10:28 [http-nio-8080-exec-12] INFO  c.c.p.a.c.menu.MenuController - getLeftMenu returned 2 items
2026-03-16 17:10:28 [http-nio-8080-exec-12] DEBUG o.s.w.s.m.m.a.HttpEntityMethodProcessor - Using 'application/json', given [application/json, text/plain, */*] and supported [application/json, application/*+json, application/yaml]
2026-03-16 17:10:28 [http-nio-8080-exec-12] TRACE o.s.w.s.m.m.a.HttpEntityMethodProcessor - Writing [ApiResponse[success=true, status=200, code=COMMON_001, message=Success, data={list=[com.company.project.service.menu.dto.MenuDto@6b5aa564, com.company.project.service.menu.dto.MenuDto@43f92430]}, timestamp=2026-03-16T17:10:28.506026700]]
2026-03-16 17:10:28 [http-nio-8080-exec-10] DEBUG o.s.orm.jpa.JpaTransactionManager - Closing JPA EntityManager [SessionImpl(398947741<open>)] after transaction
2026-03-16 17:10:28 [http-nio-8080-exec-15] DEBUG o.s.orm.jpa.JpaTransactionManager - Closing JPA EntityManager [SessionImpl(2137431410<open>)] after transaction
2026-03-16 17:10:28 [http-nio-8080-exec-10] INFO  c.c.p.a.c.menu.MenuController - getLeftMenu returned 1 items
2026-03-16 17:10:28 [http-nio-8080-exec-15] INFO  c.c.p.a.c.menu.MenuController - getLeftMenu returned 3 items
2026-03-16 17:10:28 [http-nio-8080-exec-12] INFO  c.c.p.a.i.OperationalAuditInterceptor - API Audit Log: URL=/api/v1/menu/left, User=webmaster, IP=0:0:0:0:0:0:0:1
2026-03-16 17:10:28 [http-nio-8080-exec-12] DEBUG o.s.web.servlet.DispatcherServlet - Completed 200 OK
2026-03-16 17:10:28 [http-nio-8080-exec-10] DEBUG o.s.w.s.m.m.a.HttpEntityMethodProcessor - Using 'application/json', given [application/json, text/plain, */*] and supported [application/json, application/*+json, application/yaml]
2026-03-16 17:10:28 [http-nio-8080-exec-15] DEBUG o.s.w.s.m.m.a.HttpEntityMethodProcessor - Using 'application/json', given [application/json, text/plain, */*] and supported [application/json, application/*+json, application/yaml]
2026-03-16 17:10:28 [http-nio-8080-exec-10] TRACE o.s.w.s.m.m.a.HttpEntityMethodProcessor - Writing [ApiResponse[success=true, status=200, code=COMMON_001, message=Success, data={list=[com.company.project.service.menu.dto.MenuDto@1efb8d9]}, timestamp=2026-03-16T17:10:28.506807200]]
2026-03-16 17:10:28 [http-nio-8080-exec-15] TRACE o.s.w.s.m.m.a.HttpEntityMethodProcessor - Writing [ApiResponse[success=true, status=200, code=COMMON_001, message=Success, data={list=[com.company.project.service.menu.dto.MenuDto@4fd85a95, com.company.project.service.menu.dto.MenuDto@3db12a99, com.company.project.service.menu.dto.MenuDto@2e4b9621]}, timestamp=2026-03-16T17:10:28.506807200]]
2026-03-16 17:10:28 [http-nio-8080-exec-15] INFO  c.c.p.a.i.OperationalAuditInterceptor - API Audit Log: URL=/api/v1/menu/left, User=webmaster, IP=0:0:0:0:0:0:0:1
2026-03-16 17:10:28 [http-nio-8080-exec-10] INFO  c.c.p.a.i.OperationalAuditInterceptor - API Audit Log: URL=/api/v1/menu/left, User=webmaster, IP=0:0:0:0:0:0:0:1
2026-03-16 17:10:28 [http-nio-8080-exec-15] DEBUG o.s.web.servlet.DispatcherServlet - Completed 200 OK
2026-03-16 17:10:28 [http-nio-8080-exec-10] DEBUG o.s.web.servlet.DispatcherServlet - Completed 200 OK
2026-03-16 17:10:28 [http-nio-8080-exec-9] DEBUG o.s.orm.jpa.JpaTransactionManager - Closing JPA EntityManager [SessionImpl(261163306<open>)] after transaction
2026-03-16 17:10:28 [http-nio-8080-exec-9] INFO  c.c.p.a.c.menu.MenuController - getLeftMenu returned 5 items
2026-03-16 17:10:28 [http-nio-8080-exec-9] DEBUG o.s.w.s.m.m.a.HttpEntityMethodProcessor - Using 'application/json', given [application/json, text/plain, */*] and supported [application/json, application/*+json, application/yaml]
2026-03-16 17:10:28 [http-nio-8080-exec-9] TRACE o.s.w.s.m.m.a.HttpEntityMethodProcessor - Writing [ApiResponse[success=true, status=200, code=COMMON_001, message=Success, data={list=[com.company.project.service.menu.dto.MenuDto@6d0f871c, com.company.project.service.menu.dto.MenuDto@32d7950a, com.company.project.service.menu.dto.MenuDto@22a8b56c, com.company.project.service.menu.dto.MenuDto@4c5adaf6, com.company.project.service.menu.dto.MenuDto@5dfc9306]}, timestamp=2026-03-16T17:10:28.545604200]]
2026-03-16 17:10:28 [http-nio-8080-exec-9] INFO  c.c.p.a.i.OperationalAuditInterceptor - API Audit Log: URL=/api/v1/menu/left, User=webmaster, IP=0:0:0:0:0:0:0:1
2026-03-16 17:10:28 [http-nio-8080-exec-9] DEBUG o.s.web.servlet.DispatcherServlet - Completed 200 OK
2026-03-16 17:10:28 [http-nio-8080-exec-17] DEBUG o.s.orm.jpa.JpaTransactionManager - Closing JPA EntityManager [SessionImpl(987376868<open>)] after transaction
2026-03-16 17:10:28 [http-nio-8080-exec-17] INFO  c.c.p.a.c.menu.MenuController - getLeftMenu returned 3 items
2026-03-16 17:10:28 [http-nio-8080-exec-17] DEBUG o.s.w.s.m.m.a.HttpEntityMethodProcessor - Using 'application/json', given [application/json, text/plain, */*] and supported [application/json, application/*+json, application/yaml]
2026-03-16 17:10:28 [http-nio-8080-exec-17] TRACE o.s.w.s.m.m.a.HttpEntityMethodProcessor - Writing [ApiResponse[success=true, status=200, code=COMMON_001, message=Success, data={list=[com.company.project.service.menu.dto.MenuDto@66ac5585, com.company.project.service.menu.dto.MenuDto@32a851f3, com.company.project.service.menu.dto.MenuDto@34a7e15a]}, timestamp=2026-03-16T17:10:28.606568400]]
2026-03-16 17:10:28 [http-nio-8080-exec-17] INFO  c.c.p.a.i.OperationalAuditInterceptor - API Audit Log: URL=/api/v1/menu/left, User=webmaster, IP=0:0:0:0:0:0:0:1
2026-03-16 17:10:28 [http-nio-8080-exec-17] DEBUG o.s.web.servlet.DispatcherServlet - Completed 200 OK
2026-03-16 17:10:28 [http-nio-8080-exec-8] DEBUG o.s.w.s.h.LoggingWebSocketHandlerDecorator - WebSocketServerSockJsSession[id=vdxru1jw] closed with CloseStatus[code=1001, reason=null]
2026-03-16 17:10:28 [http-nio-8080-exec-8] DEBUG o.s.w.s.m.SubProtocolWebSocketHandler - Clearing session vdxru1jw
2026-03-16 17:10:28 [scheduling-1] DEBUG org.springframework.web.SimpLogging - Processing DISCONNECT session=vdxru1jw
2026-03-16 17:10:28 [scheduling-1] DEBUG o.s.w.s.m.SubProtocolWebSocketHandler - No session for GenericMessage [payload=byte[0], headers={simpMessageType=DISCONNECT_ACK, simpDisconnectMessage=GenericMessage [payload=byte[0], headers={simpMessageType=DISCONNECT, stompCommand=DISCONNECT, simpSessionAttributes={org.springframework.messaging.simp.SimpAttributes.COMPLETED=true}, simpSessionId=vdxru1jw}], simpSessionId=vdxru1jw}]
2026-03-16 17:10:29 [http-nio-8080-exec-3] DEBUG c.c.p.s.jwt.JwtAuthenticationFilter - >>> [JwtFilter] Processing request: GET /api/v1/menu/head
2026-03-16 17:10:29 [http-nio-8080-exec-2] DEBUG c.c.p.s.jwt.JwtAuthenticationFilter - >>> [JwtFilter] Processing request: GET /api/v1/auth/me
2026-03-16 17:10:29 [http-nio-8080-exec-19] DEBUG c.c.p.s.jwt.JwtAuthenticationFilter - >>> [JwtFilter] Processing request: GET /api/v1/menu/left
2026-03-16 17:10:29 [http-nio-8080-exec-3] DEBUG c.c.p.s.jwt.JwtAuthenticationFilter - >>> [JwtFilter] Found token in header for path: /api/v1/menu/head
2026-03-16 17:10:29 [http-nio-8080-exec-2] DEBUG c.c.p.s.jwt.JwtAuthenticationFilter - >>> [JwtFilter] Found token in header for path: /api/v1/auth/me
2026-03-16 17:10:29 [http-nio-8080-exec-19] DEBUG c.c.p.s.jwt.JwtAuthenticationFilter - >>> [JwtFilter] Found token in header for path: /api/v1/menu/left
2026-03-16 17:10:29 [http-nio-8080-exec-3] DEBUG o.s.orm.jpa.JpaTransactionManager - Creating new transaction with name [com.company.project.security.iam.CustomUserDetailsService.loadUserByUsername]: PROPAGATION_REQUIRED,ISOLATION_DEFAULT,readOnly
2026-03-16 17:10:29 [http-nio-8080-exec-2] DEBUG o.s.orm.jpa.JpaTransactionManager - Creating new transaction with name [com.company.project.security.iam.CustomUserDetailsService.loadUserByUsername]: PROPAGATION_REQUIRED,ISOLATION_DEFAULT,readOnly
2026-03-16 17:10:29 [http-nio-8080-exec-19] DEBUG o.s.orm.jpa.JpaTransactionManager - Creating new transaction with name [com.company.project.security.iam.CustomUserDetailsService.loadUserByUsername]: PROPAGATION_REQUIRED,ISOLATION_DEFAULT,readOnly
2026-03-16 17:10:29 [http-nio-8080-exec-3] DEBUG o.s.orm.jpa.JpaTransactionManager - Opened new EntityManager [SessionImpl(1277459099<open>)] for JPA transaction
2026-03-16 17:10:29 [http-nio-8080-exec-2] DEBUG o.s.orm.jpa.JpaTransactionManager - Opened new EntityManager [SessionImpl(472358361<open>)] for JPA transaction
2026-03-16 17:10:29 [http-nio-8080-exec-19] DEBUG o.s.orm.jpa.JpaTransactionManager - Opened new EntityManager [SessionImpl(949279400<open>)] for JPA transaction
2026-03-16 17:10:29 [http-nio-8080-exec-2] DEBUG o.s.orm.jpa.JpaTransactionManager - Exposing JPA transaction as JDBC [org.springframework.orm.jpa.vendor.HibernateJpaDialect$HibernateConnectionHandle@5b2adec2]
2026-03-16 17:10:29 [http-nio-8080-exec-2] DEBUG o.s.orm.jpa.JpaTransactionManager - Found thread-bound EntityManager [SessionImpl(472358361<open>)] for JPA transaction
2026-03-16 17:10:29 [http-nio-8080-exec-2] DEBUG o.s.orm.jpa.JpaTransactionManager - Participating in existing transaction
2026-03-16 17:10:29 [http-nio-8080-exec-2] DEBUG org.hibernate.SQL - select u1_0.emplyr_id,u1_0.area_no,u1_0.brthdy,u1_0.chg_pwd_cnt,u1_0.frst_register_id,u1_0.frst_regist_pnttm,u1_0.detail_adres,u1_0.email_adres,u1_0.emplyr_sttus_code,u1_0.empl_no,u1_0.esntl_id,u1_0.fxnum,u1_0.group_id,u1_0.house_adres,u1_0.house_end_telno,u1_0.house_middle_telno,u1_0.ihidnum,u1_0.pstinst_code,u1_0.last_updusr_id,u1_0.last_updt_pnttm,u1_0.lock_at,u1_0.lock_cnt,u1_0.lock_last_pnttm,u1_0.mbtlnum,u1_0.ofcps_nm,u1_0.offm_telno,u1_0.orgnzt_id,u1_0.password,u1_0.password_cnsr,u1_0.password_hint,u1_0.chg_pwd_last_pnttm,u1_0.role,u1_0.sbscrb_de,u1_0.sexdstn_code,u1_0.crtfc_dn_value,u1_0.user_nm,u1_0.zip from nemplyrinfo u1_0 where u1_0.emplyr_id=?
2026-03-16 17:10:29 [http-nio-8080-exec-19] DEBUG o.s.orm.jpa.JpaTransactionManager - Exposing JPA transaction as JDBC [org.springframework.orm.jpa.vendor.HibernateJpaDialect$HibernateConnectionHandle@2b08a092]
2026-03-16 17:10:29 [http-nio-8080-exec-3] DEBUG o.s.orm.jpa.JpaTransactionManager - Exposing JPA transaction as JDBC [org.springframework.orm.jpa.vendor.HibernateJpaDialect$HibernateConnectionHandle@1a096933]
2026-03-16 17:10:29 [http-nio-8080-exec-3] DEBUG o.s.orm.jpa.JpaTransactionManager - Found thread-bound EntityManager [SessionImpl(1277459099<open>)] for JPA transaction
2026-03-16 17:10:29 [http-nio-8080-exec-19] DEBUG o.s.orm.jpa.JpaTransactionManager - Found thread-bound EntityManager [SessionImpl(949279400<open>)] for JPA transaction
2026-03-16 17:10:29 [http-nio-8080-exec-3] DEBUG o.s.orm.jpa.JpaTransactionManager - Participating in existing transaction
2026-03-16 17:10:29 [http-nio-8080-exec-19] DEBUG o.s.orm.jpa.JpaTransactionManager - Participating in existing transaction
2026-03-16 17:10:29 [http-nio-8080-exec-3] DEBUG org.hibernate.SQL - select u1_0.emplyr_id,u1_0.area_no,u1_0.brthdy,u1_0.chg_pwd_cnt,u1_0.frst_register_id,u1_0.frst_regist_pnttm,u1_0.detail_adres,u1_0.email_adres,u1_0.emplyr_sttus_code,u1_0.empl_no,u1_0.esntl_id,u1_0.fxnum,u1_0.group_id,u1_0.house_adres,u1_0.house_end_telno,u1_0.house_middle_telno,u1_0.ihidnum,u1_0.pstinst_code,u1_0.last_updusr_id,u1_0.last_updt_pnttm,u1_0.lock_at,u1_0.lock_cnt,u1_0.lock_last_pnttm,u1_0.mbtlnum,u1_0.ofcps_nm,u1_0.offm_telno,u1_0.orgnzt_id,u1_0.password,u1_0.password_cnsr,u1_0.password_hint,u1_0.chg_pwd_last_pnttm,u1_0.role,u1_0.sbscrb_de,u1_0.sexdstn_code,u1_0.crtfc_dn_value,u1_0.user_nm,u1_0.zip from nemplyrinfo u1_0 where u1_0.emplyr_id=?
2026-03-16 17:10:29 [http-nio-8080-exec-19] DEBUG org.hibernate.SQL - select u1_0.emplyr_id,u1_0.area_no,u1_0.brthdy,u1_0.chg_pwd_cnt,u1_0.frst_register_id,u1_0.frst_regist_pnttm,u1_0.detail_adres,u1_0.email_adres,u1_0.emplyr_sttus_code,u1_0.empl_no,u1_0.esntl_id,u1_0.fxnum,u1_0.group_id,u1_0.house_adres,u1_0.house_end_telno,u1_0.house_middle_telno,u1_0.ihidnum,u1_0.pstinst_code,u1_0.last_updusr_id,u1_0.last_updt_pnttm,u1_0.lock_at,u1_0.lock_cnt,u1_0.lock_last_pnttm,u1_0.mbtlnum,u1_0.ofcps_nm,u1_0.offm_telno,u1_0.orgnzt_id,u1_0.password,u1_0.password_cnsr,u1_0.password_hint,u1_0.chg_pwd_last_pnttm,u1_0.role,u1_0.sbscrb_de,u1_0.sexdstn_code,u1_0.crtfc_dn_value,u1_0.user_nm,u1_0.zip from nemplyrinfo u1_0 where u1_0.emplyr_id=?
2026-03-16 17:10:30 [http-nio-8080-exec-2] DEBUG o.s.orm.jpa.JpaTransactionManager - Found thread-bound EntityManager [SessionImpl(472358361<open>)] for JPA transaction
2026-03-16 17:10:30 [http-nio-8080-exec-2] DEBUG o.s.orm.jpa.JpaTransactionManager - Participating in existing transaction
2026-03-16 17:10:30 [http-nio-8080-exec-2] DEBUG org.hibernate.SQL - select ua1_0.scrty_dtrmn_trget_id,ua1_0.author_code,ua1_0.frst_register_id,ua1_0.frst_regist_pnttm,ua1_0.last_updusr_id,ua1_0.last_updt_pnttm,ua1_0.mber_ty_code from nemplyrscrtyestbs ua1_0 where ua1_0.scrty_dtrmn_trget_id=?
2026-03-16 17:10:30 [http-nio-8080-exec-19] DEBUG o.s.orm.jpa.JpaTransactionManager - Found thread-bound EntityManager [SessionImpl(949279400<open>)] for JPA transaction
2026-03-16 17:10:30 [http-nio-8080-exec-19] DEBUG o.s.orm.jpa.JpaTransactionManager - Participating in existing transaction
2026-03-16 17:10:30 [http-nio-8080-exec-19] DEBUG org.hibernate.SQL - select ua1_0.scrty_dtrmn_trget_id,ua1_0.author_code,ua1_0.frst_register_id,ua1_0.frst_regist_pnttm,ua1_0.last_updusr_id,ua1_0.last_updt_pnttm,ua1_0.mber_ty_code from nemplyrscrtyestbs ua1_0 where ua1_0.scrty_dtrmn_trget_id=?
2026-03-16 17:10:30 [http-nio-8080-exec-3] DEBUG o.s.orm.jpa.JpaTransactionManager - Found thread-bound EntityManager [SessionImpl(1277459099<open>)] for JPA transaction
2026-03-16 17:10:30 [http-nio-8080-exec-3] DEBUG o.s.orm.jpa.JpaTransactionManager - Participating in existing transaction
2026-03-16 17:10:30 [http-nio-8080-exec-3] DEBUG org.hibernate.SQL - select ua1_0.scrty_dtrmn_trget_id,ua1_0.author_code,ua1_0.frst_register_id,ua1_0.frst_regist_pnttm,ua1_0.last_updusr_id,ua1_0.last_updt_pnttm,ua1_0.mber_ty_code from nemplyrscrtyestbs ua1_0 where ua1_0.scrty_dtrmn_trget_id=?
2026-03-16 17:10:30 [http-nio-8080-exec-2] DEBUG o.s.orm.jpa.JpaTransactionManager - Initiating transaction commit
2026-03-16 17:10:30 [http-nio-8080-exec-2] DEBUG o.s.orm.jpa.JpaTransactionManager - Committing JPA transaction on EntityManager [SessionImpl(472358361<open>)]
2026-03-16 17:10:30 [http-nio-8080-exec-19] DEBUG o.s.orm.jpa.JpaTransactionManager - Initiating transaction commit
2026-03-16 17:10:30 [http-nio-8080-exec-19] DEBUG o.s.orm.jpa.JpaTransactionManager - Committing JPA transaction on EntityManager [SessionImpl(949279400<open>)]
2026-03-16 17:10:30 [http-nio-8080-exec-3] DEBUG o.s.orm.jpa.JpaTransactionManager - Initiating transaction commit
2026-03-16 17:10:30 [http-nio-8080-exec-3] DEBUG o.s.orm.jpa.JpaTransactionManager - Committing JPA transaction on EntityManager [SessionImpl(1277459099<open>)]
2026-03-16 17:10:30 [http-nio-8080-exec-2] DEBUG o.s.orm.jpa.JpaTransactionManager - Closing JPA EntityManager [SessionImpl(472358361<open>)] after transaction
2026-03-16 17:10:30 [http-nio-8080-exec-2] DEBUG c.c.p.s.jwt.JwtAuthenticationFilter - >>> [JwtFilter] Successfully authenticated user: USRCNFRM_99999999999, Authorities: [ROLE_ADMIN]
2026-03-16 17:10:30 [http-nio-8080-exec-2] DEBUG o.s.web.servlet.DispatcherServlet - GET "/api/v1/auth/me", parameters={}
2026-03-16 17:10:30 [http-nio-8080-exec-2] TRACE o.s.w.s.m.m.a.RequestMappingHandlerMapping - Mapped to com.company.project.api.auth.AuthController#getCurrentUser()
2026-03-16 17:10:30 [http-nio-8080-exec-2] DEBUG o.s.w.s.m.m.a.RequestResponseBodyMethodProcessor - Using 'application/json', given [application/json, text/plain, */*] and supported [application/json, application/*+json, application/yaml]
2026-03-16 17:10:30 [http-nio-8080-exec-2] TRACE o.s.w.s.m.m.a.RequestResponseBodyMethodProcessor - Writing [ApiResponse[success=true, status=200, code=COMMON_001, message=Success, data={role=ROLE_ADMIN, userSe=EMP, name=관리자, id=webmaster}, timestamp=2026-03-16T17:10:30.309476800]]
2026-03-16 17:10:30 [http-nio-8080-exec-2] INFO  c.c.p.a.i.OperationalAuditInterceptor - API Audit Log: URL=/api/v1/auth/me, User=webmaster, IP=127.0.0.1
2026-03-16 17:10:30 [http-nio-8080-exec-2] DEBUG o.s.web.servlet.DispatcherServlet - Completed 200 OK
2026-03-16 17:10:30 [http-nio-8080-exec-19] DEBUG o.s.orm.jpa.JpaTransactionManager - Closing JPA EntityManager [SessionImpl(949279400<open>)] after transaction
2026-03-16 17:10:30 [http-nio-8080-exec-19] DEBUG c.c.p.s.jwt.JwtAuthenticationFilter - >>> [JwtFilter] Successfully authenticated user: USRCNFRM_99999999999, Authorities: [ROLE_ADMIN]
2026-03-16 17:10:30 [http-nio-8080-exec-19] DEBUG o.s.web.servlet.DispatcherServlet - GET "/api/v1/menu/left?menuNo=10", parameters={masked}
2026-03-16 17:10:30 [http-nio-8080-exec-19] TRACE o.s.w.s.m.m.a.RequestMappingHandlerMapping - Mapped to com.company.project.api.controller.menu.MenuController#getLeftMenu(Long)
2026-03-16 17:10:30 [http-nio-8080-exec-19] INFO  c.c.p.a.c.menu.MenuController - getLeftMenu called with menuNo=10
2026-03-16 17:10:30 [http-nio-8080-exec-19] DEBUG o.s.orm.jpa.JpaTransactionManager - Creating new transaction with name [com.company.project.service.menu.MenuService.getSubMenus]: PROPAGATION_REQUIRED,ISOLATION_DEFAULT,readOnly
2026-03-16 17:10:30 [http-nio-8080-exec-19] DEBUG o.s.orm.jpa.JpaTransactionManager - Opened new EntityManager [SessionImpl(341749356<open>)] for JPA transaction
2026-03-16 17:10:30 [http-nio-8080-exec-19] DEBUG o.s.orm.jpa.JpaTransactionManager - Exposing JPA transaction as JDBC [org.springframework.orm.jpa.vendor.HibernateJpaDialect$HibernateConnectionHandle@27d493e5]
2026-03-16 17:10:30 [http-nio-8080-exec-19] DEBUG org.hibernate.SQL - select m1_0.menu_no,m1_0.menu_dc,m1_0.menu_nm,m1_0.menu_ordr,m1_0.modern_route,m1_0.progrm_file_nm,m1_0.relate_image_nm,m1_0.relate_image_path,m1_0.route_updated_at,m1_0.upper_menu_no from nmenuinfo m1_0 order by m1_0.upper_menu_no,m1_0.menu_ordr
2026-03-16 17:10:30 [http-nio-8080-exec-3] DEBUG o.s.orm.jpa.JpaTransactionManager - Closing JPA EntityManager [SessionImpl(1277459099<open>)] after transaction
2026-03-16 17:10:30 [http-nio-8080-exec-3] DEBUG c.c.p.s.jwt.JwtAuthenticationFilter - >>> [JwtFilter] Successfully authenticated user: USRCNFRM_99999999999, Authorities: [ROLE_ADMIN]
2026-03-16 17:10:30 [http-nio-8080-exec-3] DEBUG o.s.web.servlet.DispatcherServlet - GET "/api/v1/menu/head", parameters={}
2026-03-16 17:10:30 [http-nio-8080-exec-3] TRACE o.s.w.s.m.m.a.RequestMappingHandlerMapping - Mapped to com.company.project.api.controller.menu.MenuController#getHeadMenu()
2026-03-16 17:10:30 [http-nio-8080-exec-3] INFO  c.c.p.a.c.menu.MenuController - getHeadMenu called
2026-03-16 17:10:30 [http-nio-8080-exec-3] INFO  c.c.p.a.c.menu.MenuController - getHeadMenu returned 5 items
2026-03-16 17:10:30 [http-nio-8080-exec-3] DEBUG o.s.w.s.m.m.a.HttpEntityMethodProcessor - Using 'application/json', given [application/json, text/plain, */*] and supported [application/json, application/*+json, application/yaml]
2026-03-16 17:10:30 [http-nio-8080-exec-3] TRACE o.s.w.s.m.m.a.HttpEntityMethodProcessor - Writing [ApiResponse[success=true, status=200, code=COMMON_001, message=Success, data={list=[com.company.project.service.menu.dto.MenuDto@2b80d6b0, com.company.project.service.menu.dto.MenuDto@1418cfa3, com.company.project.service.menu.dto.MenuDto@f230bf1, com.company.project.service.menu.dto.MenuDto@734a7f6a, com.company.project.service.menu.dto.MenuDto@5e5202e5]}, timestamp=2026-03-16T17:10:30.339421900]]
2026-03-16 17:10:30 [http-nio-8080-exec-3] INFO  c.c.p.a.i.OperationalAuditInterceptor - API Audit Log: URL=/api/v1/menu/head, User=webmaster, IP=127.0.0.1
2026-03-16 17:10:30 [http-nio-8080-exec-3] DEBUG o.s.web.servlet.DispatcherServlet - Completed 200 OK
2026-03-16 17:10:30 [http-nio-8080-exec-12] DEBUG c.c.p.s.jwt.JwtAuthenticationFilter - >>> [JwtFilter] Processing request: GET /api/v1/notifications/unread-count
2026-03-16 17:10:30 [http-nio-8080-exec-13] DEBUG c.c.p.s.jwt.JwtAuthenticationFilter - >>> [JwtFilter] Processing request: GET /api/v1/notifications
2026-03-16 17:10:30 [http-nio-8080-exec-12] DEBUG c.c.p.s.jwt.JwtAuthenticationFilter - >>> [JwtFilter] Found token in header for path: /api/v1/notifications/unread-count
2026-03-16 17:10:30 [http-nio-8080-exec-13] DEBUG c.c.p.s.jwt.JwtAuthenticationFilter - >>> [JwtFilter] Found token in header for path: /api/v1/notifications
2026-03-16 17:10:30 [http-nio-8080-exec-12] DEBUG o.s.orm.jpa.JpaTransactionManager - Creating new transaction with name [com.company.project.security.iam.CustomUserDetailsService.loadUserByUsername]: PROPAGATION_REQUIRED,ISOLATION_DEFAULT,readOnly
2026-03-16 17:10:30 [http-nio-8080-exec-13] DEBUG o.s.orm.jpa.JpaTransactionManager - Creating new transaction with name [com.company.project.security.iam.CustomUserDetailsService.loadUserByUsername]: PROPAGATION_REQUIRED,ISOLATION_DEFAULT,readOnly
2026-03-16 17:10:30 [http-nio-8080-exec-13] DEBUG o.s.orm.jpa.JpaTransactionManager - Opened new EntityManager [SessionImpl(739439853<open>)] for JPA transaction
2026-03-16 17:10:30 [http-nio-8080-exec-12] DEBUG o.s.orm.jpa.JpaTransactionManager - Opened new EntityManager [SessionImpl(1562219322<open>)] for JPA transaction
2026-03-16 17:10:30 [http-nio-8080-exec-15] DEBUG o.s.web.servlet.DispatcherServlet - GET "/ws/info?t=1773648630380", parameters={masked}
2026-03-16 17:10:30 [http-nio-8080-exec-15] DEBUG o.s.w.s.s.s.WebSocketHandlerMapping - Mapped to org.springframework.web.socket.sockjs.support.SockJsHttpRequestHandler@3d80b7ba
2026-03-16 17:10:30 [http-nio-8080-exec-15] DEBUG o.s.w.s.s.t.h.DefaultSockJsService - Processing transport request: GET http://localhost:8080/ws/info?t=1773648630380
2026-03-16 17:10:30 [http-nio-8080-exec-15] DEBUG o.s.web.servlet.DispatcherServlet - Completed 200 OK
2026-03-16 17:10:30 [http-nio-8080-exec-10] DEBUG o.s.web.servlet.DispatcherServlet - GET "/ws/840/mkajqghf/websocket", parameters={}
2026-03-16 17:10:30 [http-nio-8080-exec-10] DEBUG o.s.w.s.s.s.WebSocketHandlerMapping - Mapped to org.springframework.web.socket.sockjs.support.SockJsHttpRequestHandler@3d80b7ba
2026-03-16 17:10:30 [http-nio-8080-exec-10] DEBUG o.s.w.s.s.t.h.DefaultSockJsService - Processing transport request: GET http://localhost:8080/ws/840/mkajqghf/websocket
2026-03-16 17:10:30 [http-nio-8080-exec-10] DEBUG o.s.web.servlet.DispatcherServlet - Completed 101 SWITCHING_PROTOCOLS
2026-03-16 17:10:30 [http-nio-8080-exec-10] DEBUG o.s.w.s.h.LoggingWebSocketHandlerDecorator - New WebSocketServerSockJsSession[id=mkajqghf]
2026-03-16 17:10:30 [scheduling-1] DEBUG org.springframework.web.SimpLogging - Processing CONNECT session=mkajqghf
2026-03-16 17:10:30 [scheduling-1] DEBUG org.springframework.web.SimpLogging - Processing SUBSCRIBE /topic/notices id=sub-0 session=mkajqghf
2026-03-16 17:10:30 [scheduling-1] DEBUG org.springframework.web.SimpLogging - Processing SUBSCRIBE destination=/queue/notifications-usermkajqghf subscriptionId=sub-1 session=mkajqghf payload=byte[0]
2026-03-16 17:10:30 [scheduling-1] DEBUG org.springframework.web.SimpLogging - Processing SUBSCRIBE /topic/public id=sub-2 session=mkajqghf
2026-03-16 17:10:30 [http-nio-8080-exec-13] DEBUG o.s.orm.jpa.JpaTransactionManager - Exposing JPA transaction as JDBC [org.springframework.orm.jpa.vendor.HibernateJpaDialect$HibernateConnectionHandle@4d031590]
2026-03-16 17:10:30 [http-nio-8080-exec-12] DEBUG o.s.orm.jpa.JpaTransactionManager - Exposing JPA transaction as JDBC [org.springframework.orm.jpa.vendor.HibernateJpaDialect$HibernateConnectionHandle@75731a45]
2026-03-16 17:10:30 [http-nio-8080-exec-13] DEBUG o.s.orm.jpa.JpaTransactionManager - Found thread-bound EntityManager [SessionImpl(739439853<open>)] for JPA transaction
2026-03-16 17:10:30 [http-nio-8080-exec-12] DEBUG o.s.orm.jpa.JpaTransactionManager - Found thread-bound EntityManager [SessionImpl(1562219322<open>)] for JPA transaction
2026-03-16 17:10:30 [http-nio-8080-exec-13] DEBUG o.s.orm.jpa.JpaTransactionManager - Participating in existing transaction
2026-03-16 17:10:30 [http-nio-8080-exec-12] DEBUG o.s.orm.jpa.JpaTransactionManager - Participating in existing transaction
2026-03-16 17:10:30 [http-nio-8080-exec-12] DEBUG org.hibernate.SQL - select u1_0.emplyr_id,u1_0.area_no,u1_0.brthdy,u1_0.chg_pwd_cnt,u1_0.frst_register_id,u1_0.frst_regist_pnttm,u1_0.detail_adres,u1_0.email_adres,u1_0.emplyr_sttus_code,u1_0.empl_no,u1_0.esntl_id,u1_0.fxnum,u1_0.group_id,u1_0.house_adres,u1_0.house_end_telno,u1_0.house_middle_telno,u1_0.ihidnum,u1_0.pstinst_code,u1_0.last_updusr_id,u1_0.last_updt_pnttm,u1_0.lock_at,u1_0.lock_cnt,u1_0.lock_last_pnttm,u1_0.mbtlnum,u1_0.ofcps_nm,u1_0.offm_telno,u1_0.orgnzt_id,u1_0.password,u1_0.password_cnsr,u1_0.password_hint,u1_0.chg_pwd_last_pnttm,u1_0.role,u1_0.sbscrb_de,u1_0.sexdstn_code,u1_0.crtfc_dn_value,u1_0.user_nm,u1_0.zip from nemplyrinfo u1_0 where u1_0.emplyr_id=?
2026-03-16 17:10:30 [http-nio-8080-exec-13] DEBUG org.hibernate.SQL - select u1_0.emplyr_id,u1_0.area_no,u1_0.brthdy,u1_0.chg_pwd_cnt,u1_0.frst_register_id,u1_0.frst_regist_pnttm,u1_0.detail_adres,u1_0.email_adres,u1_0.emplyr_sttus_code,u1_0.empl_no,u1_0.esntl_id,u1_0.fxnum,u1_0.group_id,u1_0.house_adres,u1_0.house_end_telno,u1_0.house_middle_telno,u1_0.ihidnum,u1_0.pstinst_code,u1_0.last_updusr_id,u1_0.last_updt_pnttm,u1_0.lock_at,u1_0.lock_cnt,u1_0.lock_last_pnttm,u1_0.mbtlnum,u1_0.ofcps_nm,u1_0.offm_telno,u1_0.orgnzt_id,u1_0.password,u1_0.password_cnsr,u1_0.password_hint,u1_0.chg_pwd_last_pnttm,u1_0.role,u1_0.sbscrb_de,u1_0.sexdstn_code,u1_0.crtfc_dn_value,u1_0.user_nm,u1_0.zip from nemplyrinfo u1_0 where u1_0.emplyr_id=?
2026-03-16 17:10:30 [http-nio-8080-exec-19] DEBUG o.s.orm.jpa.JpaTransactionManager - Found thread-bound EntityManager [SessionImpl(341749356<open>)] for JPA transaction
2026-03-16 17:10:30 [http-nio-8080-exec-19] DEBUG o.s.orm.jpa.JpaTransactionManager - Participating in existing transaction
2026-03-16 17:10:30 [http-nio-8080-exec-19] DEBUG org.hibernate.SQL - select p1_0.progrm_file_nm,p1_0.progrm_dc,p1_0.progrm_korean_nm,p1_0.progrm_stre_path,p1_0.url from nprogrmlist p1_0
2026-03-16 17:10:30 [http-nio-8080-exec-12] DEBUG o.s.orm.jpa.JpaTransactionManager - Found thread-bound EntityManager [SessionImpl(1562219322<open>)] for JPA transaction
2026-03-16 17:10:30 [http-nio-8080-exec-12] DEBUG o.s.orm.jpa.JpaTransactionManager - Participating in existing transaction
2026-03-16 17:10:30 [http-nio-8080-exec-12] DEBUG org.hibernate.SQL - select ua1_0.scrty_dtrmn_trget_id,ua1_0.author_code,ua1_0.frst_register_id,ua1_0.frst_regist_pnttm,ua1_0.last_updusr_id,ua1_0.last_updt_pnttm,ua1_0.mber_ty_code from nemplyrscrtyestbs ua1_0 where ua1_0.scrty_dtrmn_trget_id=?
2026-03-16 17:10:30 [http-nio-8080-exec-13] DEBUG o.s.orm.jpa.JpaTransactionManager - Found thread-bound EntityManager [SessionImpl(739439853<open>)] for JPA transaction
2026-03-16 17:10:30 [http-nio-8080-exec-13] DEBUG o.s.orm.jpa.JpaTransactionManager - Participating in existing transaction
2026-03-16 17:10:30 [http-nio-8080-exec-13] DEBUG org.hibernate.SQL - select ua1_0.scrty_dtrmn_trget_id,ua1_0.author_code,ua1_0.frst_register_id,ua1_0.frst_regist_pnttm,ua1_0.last_updusr_id,ua1_0.last_updt_pnttm,ua1_0.mber_ty_code from nemplyrscrtyestbs ua1_0 where ua1_0.scrty_dtrmn_trget_id=?
2026-03-16 17:10:30 [http-nio-8080-exec-19] DEBUG o.s.orm.jpa.JpaTransactionManager - Initiating transaction commit
2026-03-16 17:10:30 [http-nio-8080-exec-19] DEBUG o.s.orm.jpa.JpaTransactionManager - Committing JPA transaction on EntityManager [SessionImpl(341749356<open>)]
2026-03-16 17:10:30 [http-nio-8080-exec-12] DEBUG o.s.orm.jpa.JpaTransactionManager - Initiating transaction commit
2026-03-16 17:10:30 [http-nio-8080-exec-12] DEBUG o.s.orm.jpa.JpaTransactionManager - Committing JPA transaction on EntityManager [SessionImpl(1562219322<open>)]
2026-03-16 17:10:30 [http-nio-8080-exec-13] DEBUG o.s.orm.jpa.JpaTransactionManager - Initiating transaction commit
2026-03-16 17:10:30 [http-nio-8080-exec-13] DEBUG o.s.orm.jpa.JpaTransactionManager - Committing JPA transaction on EntityManager [SessionImpl(739439853<open>)]
2026-03-16 17:10:30 [http-nio-8080-exec-19] DEBUG o.s.orm.jpa.JpaTransactionManager - Closing JPA EntityManager [SessionImpl(341749356<open>)] after transaction
2026-03-16 17:10:30 [http-nio-8080-exec-19] INFO  c.c.p.a.c.menu.MenuController - getLeftMenu returned 5 items
2026-03-16 17:10:30 [http-nio-8080-exec-19] DEBUG o.s.w.s.m.m.a.HttpEntityMethodProcessor - Using 'application/json', given [application/json, text/plain, */*] and supported [application/json, application/*+json, application/yaml]
2026-03-16 17:10:30 [http-nio-8080-exec-19] TRACE o.s.w.s.m.m.a.HttpEntityMethodProcessor - Writing [ApiResponse[success=true, status=200, code=COMMON_001, message=Success, data={list=[com.company.project.service.menu.dto.MenuDto@6d5eacf8, com.company.project.service.menu.dto.MenuDto@7a96701c, com.company.project.service.menu.dto.MenuDto@6805bc6b, com.company.project.service.menu.dto.MenuDto@206ef2a5, com.company.project.service.menu.dto.MenuDto@384fa33c]}, timestamp=2026-03-16T17:10:30.947410100]]
2026-03-16 17:10:30 [http-nio-8080-exec-19] INFO  c.c.p.a.i.OperationalAuditInterceptor - API Audit Log: URL=/api/v1/menu/left, User=webmaster, IP=127.0.0.1
2026-03-16 17:10:30 [http-nio-8080-exec-19] DEBUG o.s.web.servlet.DispatcherServlet - Completed 200 OK
2026-03-16 17:10:30 [http-nio-8080-exec-2] DEBUG c.c.p.s.jwt.JwtAuthenticationFilter - >>> [JwtFilter] Processing request: GET /api/v1/menu/left
2026-03-16 17:10:30 [http-nio-8080-exec-2] DEBUG c.c.p.s.jwt.JwtAuthenticationFilter - >>> [JwtFilter] Found token in header for path: /api/v1/menu/left
2026-03-16 17:10:30 [http-nio-8080-exec-2] DEBUG o.s.orm.jpa.JpaTransactionManager - Creating new transaction with name [com.company.project.security.iam.CustomUserDetailsService.loadUserByUsername]: PROPAGATION_REQUIRED,ISOLATION_DEFAULT,readOnly
2026-03-16 17:10:30 [http-nio-8080-exec-2] DEBUG o.s.orm.jpa.JpaTransactionManager - Opened new EntityManager [SessionImpl(292856656<open>)] for JPA transaction
2026-03-16 17:10:31 [http-nio-8080-exec-13] DEBUG o.s.orm.jpa.JpaTransactionManager - Closing JPA EntityManager [SessionImpl(739439853<open>)] after transaction
2026-03-16 17:10:31 [http-nio-8080-exec-12] DEBUG o.s.orm.jpa.JpaTransactionManager - Closing JPA EntityManager [SessionImpl(1562219322<open>)] after transaction
2026-03-16 17:10:31 [http-nio-8080-exec-13] DEBUG c.c.p.s.jwt.JwtAuthenticationFilter - >>> [JwtFilter] Successfully authenticated user: USRCNFRM_99999999999, Authorities: [ROLE_ADMIN]
2026-03-16 17:10:31 [http-nio-8080-exec-12] DEBUG c.c.p.s.jwt.JwtAuthenticationFilter - >>> [JwtFilter] Successfully authenticated user: USRCNFRM_99999999999, Authorities: [ROLE_ADMIN]
2026-03-16 17:10:31 [http-nio-8080-exec-12] DEBUG o.s.web.servlet.DispatcherServlet - GET "/api/v1/notifications/unread-count", parameters={}
2026-03-16 17:10:31 [http-nio-8080-exec-13] DEBUG o.s.web.servlet.DispatcherServlet - GET "/api/v1/notifications", parameters={}
2026-03-16 17:10:31 [http-nio-8080-exec-12] TRACE o.s.w.s.m.m.a.RequestMappingHandlerMapping - Mapped to com.company.project.api.controller.notification.NotificationController#getUnreadCount(UserDetails)
2026-03-16 17:10:31 [http-nio-8080-exec-13] TRACE o.s.w.s.m.m.a.RequestMappingHandlerMapping - Mapped to com.company.project.api.controller.notification.NotificationController#getMyNotifications(UserDetails)
2026-03-16 17:10:31 [http-nio-8080-exec-12] DEBUG o.s.orm.jpa.JpaTransactionManager - Creating new transaction with name [com.company.project.service.notification.NotificationService.getUnreadCount]: PROPAGATION_REQUIRED,ISOLATION_DEFAULT,readOnly
2026-03-16 17:10:31 [http-nio-8080-exec-13] DEBUG o.s.orm.jpa.JpaTransactionManager - Creating new transaction with name [com.company.project.service.notification.NotificationService.getActiveNotifications]: PROPAGATION_REQUIRED,ISOLATION_DEFAULT,readOnly
2026-03-16 17:10:31 [http-nio-8080-exec-12] DEBUG o.s.orm.jpa.JpaTransactionManager - Opened new EntityManager [SessionImpl(785870412<open>)] for JPA transaction
2026-03-16 17:10:31 [http-nio-8080-exec-13] DEBUG o.s.orm.jpa.JpaTransactionManager - Opened new EntityManager [SessionImpl(866194838<open>)] for JPA transaction
2026-03-16 17:10:31 [http-nio-8080-exec-12] DEBUG o.s.orm.jpa.JpaTransactionManager - Exposing JPA transaction as JDBC [org.springframework.orm.jpa.vendor.HibernateJpaDialect$HibernateConnectionHandle@ddd0d98]
2026-03-16 17:10:31 [http-nio-8080-exec-13] DEBUG o.s.orm.jpa.JpaTransactionManager - Exposing JPA transaction as JDBC [org.springframework.orm.jpa.vendor.HibernateJpaDialect$HibernateConnectionHandle@6523fe7f]
2026-03-16 17:10:31 [http-nio-8080-exec-13] DEBUG o.s.orm.jpa.JpaTransactionManager - Found thread-bound EntityManager [SessionImpl(866194838<open>)] for JPA transaction
2026-03-16 17:10:31 [http-nio-8080-exec-13] DEBUG o.s.orm.jpa.JpaTransactionManager - Participating in existing transaction
2026-03-16 17:10:31 [http-nio-8080-exec-13] DEBUG org.hibernate.SQL - select n1_0.ntcn_no,n1_0.frst_register_id,n1_0.frst_regist_pnttm,n1_0.is_read,n1_0.last_updusr_id,n1_0.last_updt_pnttm,n1_0.link_url,n1_0.ntcn_cn,n1_0.ntcn_sj,n1_0.receiver_id from n_user_notification n1_0
2026-03-16 17:10:31 [http-nio-8080-exec-12] DEBUG org.hibernate.SQL - select count(n1_0.ntcn_no) from n_user_notification n1_0 where n1_0.receiver_id=? and n1_0.is_read=?
2026-03-16 17:10:31 [http-nio-8080-exec-2] DEBUG o.s.orm.jpa.JpaTransactionManager - Exposing JPA transaction as JDBC [org.springframework.orm.jpa.vendor.HibernateJpaDialect$HibernateConnectionHandle@3536c152]
2026-03-16 17:10:31 [http-nio-8080-exec-2] DEBUG o.s.orm.jpa.JpaTransactionManager - Found thread-bound EntityManager [SessionImpl(292856656<open>)] for JPA transaction
2026-03-16 17:10:31 [http-nio-8080-exec-2] DEBUG o.s.orm.jpa.JpaTransactionManager - Participating in existing transaction
2026-03-16 17:10:31 [http-nio-8080-exec-2] DEBUG org.hibernate.SQL - select u1_0.emplyr_id,u1_0.area_no,u1_0.brthdy,u1_0.chg_pwd_cnt,u1_0.frst_register_id,u1_0.frst_regist_pnttm,u1_0.detail_adres,u1_0.email_adres,u1_0.emplyr_sttus_code,u1_0.empl_no,u1_0.esntl_id,u1_0.fxnum,u1_0.group_id,u1_0.house_adres,u1_0.house_end_telno,u1_0.house_middle_telno,u1_0.ihidnum,u1_0.pstinst_code,u1_0.last_updusr_id,u1_0.last_updt_pnttm,u1_0.lock_at,u1_0.lock_cnt,u1_0.lock_last_pnttm,u1_0.mbtlnum,u1_0.ofcps_nm,u1_0.offm_telno,u1_0.orgnzt_id,u1_0.password,u1_0.password_cnsr,u1_0.password_hint,u1_0.chg_pwd_last_pnttm,u1_0.role,u1_0.sbscrb_de,u1_0.sexdstn_code,u1_0.crtfc_dn_value,u1_0.user_nm,u1_0.zip from nemplyrinfo u1_0 where u1_0.emplyr_id=?
2026-03-16 17:10:31 [http-nio-8080-exec-12] DEBUG o.s.orm.jpa.JpaTransactionManager - Initiating transaction commit
2026-03-16 17:10:31 [http-nio-8080-exec-13] DEBUG o.s.orm.jpa.JpaTransactionManager - Initiating transaction commit
2026-03-16 17:10:31 [http-nio-8080-exec-12] DEBUG o.s.orm.jpa.JpaTransactionManager - Committing JPA transaction on EntityManager [SessionImpl(785870412<open>)]
2026-03-16 17:10:31 [http-nio-8080-exec-13] DEBUG o.s.orm.jpa.JpaTransactionManager - Committing JPA transaction on EntityManager [SessionImpl(866194838<open>)]
2026-03-16 17:10:31 [http-nio-8080-exec-2] DEBUG o.s.orm.jpa.JpaTransactionManager - Found thread-bound EntityManager [SessionImpl(292856656<open>)] for JPA transaction
2026-03-16 17:10:31 [http-nio-8080-exec-2] DEBUG o.s.orm.jpa.JpaTransactionManager - Participating in existing transaction
2026-03-16 17:10:31 [http-nio-8080-exec-2] DEBUG org.hibernate.SQL - select ua1_0.scrty_dtrmn_trget_id,ua1_0.author_code,ua1_0.frst_register_id,ua1_0.frst_regist_pnttm,ua1_0.last_updusr_id,ua1_0.last_updt_pnttm,ua1_0.mber_ty_code from nemplyrscrtyestbs ua1_0 where ua1_0.scrty_dtrmn_trget_id=?
2026-03-16 17:10:31 [http-nio-8080-exec-12] DEBUG o.s.orm.jpa.JpaTransactionManager - Closing JPA EntityManager [SessionImpl(785870412<open>)] after transaction
2026-03-16 17:10:31 [http-nio-8080-exec-12] DEBUG o.s.w.s.m.m.a.HttpEntityMethodProcessor - Using 'application/json', given [application/json, text/plain, */*] and supported [application/json, application/*+json, application/yaml]
2026-03-16 17:10:31 [http-nio-8080-exec-12] TRACE o.s.w.s.m.m.a.HttpEntityMethodProcessor - Writing [ApiResponse[success=true, status=200, code=COMMON_001, message=Success, data=0, timestamp=2026-03-16T17:10:31.316003300]]
2026-03-16 17:10:31 [http-nio-8080-exec-12] INFO  c.c.p.a.i.OperationalAuditInterceptor - API Audit Log: URL=/api/v1/notifications/unread-count, User=webmaster, IP=127.0.0.1
2026-03-16 17:10:31 [http-nio-8080-exec-13] DEBUG o.s.orm.jpa.JpaTransactionManager - Closing JPA EntityManager [SessionImpl(866194838<open>)] after transaction
2026-03-16 17:10:31 [http-nio-8080-exec-12] DEBUG o.s.web.servlet.DispatcherServlet - Completed 200 OK
2026-03-16 17:10:31 [http-nio-8080-exec-13] DEBUG o.s.w.s.m.m.a.HttpEntityMethodProcessor - Using 'application/json', given [application/json, text/plain, */*] and supported [application/json, application/*+json, application/yaml]
2026-03-16 17:10:31 [http-nio-8080-exec-13] TRACE o.s.w.s.m.m.a.HttpEntityMethodProcessor - Writing [ApiResponse[success=true, status=200, code=COMMON_001, message=Success, data=[NotificationDto(ntfcNo=NT001, ntfcSj=테스트 알림입니다, ntfcCn=알림 내용입니다, ntfcDate=null, ntfcTime=2026-02-25T00:59:33.784070, bhNtfcIntrvl=null, uniqId=null, frstRegisterId=null, frstRegisterPnttm=2026-02-25T00:59:33.784070, lastUpdusrId=null, lastUpdusrPnttm=null)], timestamp=2026-03-16T17:10:31.317014500]]
2026-03-16 17:10:31 [http-nio-8080-exec-13] INFO  c.c.p.a.i.OperationalAuditInterceptor - API Audit Log: URL=/api/v1/notifications, User=webmaster, IP=127.0.0.1
2026-03-16 17:10:31 [http-nio-8080-exec-13] DEBUG o.s.web.servlet.DispatcherServlet - Completed 200 OK
2026-03-16 17:10:31 [http-nio-8080-exec-3] DEBUG c.c.p.s.jwt.JwtAuthenticationFilter - >>> [JwtFilter] Processing request: GET /api/v1/notifications/unread-count
2026-03-16 17:10:31 [http-nio-8080-exec-3] DEBUG c.c.p.s.jwt.JwtAuthenticationFilter - >>> [JwtFilter] Found token in header for path: /api/v1/notifications/unread-count
2026-03-16 17:10:31 [http-nio-8080-exec-3] DEBUG o.s.orm.jpa.JpaTransactionManager - Creating new transaction with name [com.company.project.security.iam.CustomUserDetailsService.loadUserByUsername]: PROPAGATION_REQUIRED,ISOLATION_DEFAULT,readOnly
2026-03-16 17:10:31 [http-nio-8080-exec-3] DEBUG o.s.orm.jpa.JpaTransactionManager - Opened new EntityManager [SessionImpl(1423708817<open>)] for JPA transaction
2026-03-16 17:10:31 [http-nio-8080-exec-15] DEBUG c.c.p.s.jwt.JwtAuthenticationFilter - >>> [JwtFilter] Processing request: GET /api/v1/notifications
2026-03-16 17:10:31 [http-nio-8080-exec-15] DEBUG c.c.p.s.jwt.JwtAuthenticationFilter - >>> [JwtFilter] Found token in header for path: /api/v1/notifications
2026-03-16 17:10:31 [http-nio-8080-exec-15] DEBUG o.s.orm.jpa.JpaTransactionManager - Creating new transaction with name [com.company.project.security.iam.CustomUserDetailsService.loadUserByUsername]: PROPAGATION_REQUIRED,ISOLATION_DEFAULT,readOnly
2026-03-16 17:10:31 [http-nio-8080-exec-15] DEBUG o.s.orm.jpa.JpaTransactionManager - Opened new EntityManager [SessionImpl(254670164<open>)] for JPA transaction
2026-03-16 17:10:31 [http-nio-8080-exec-2] DEBUG o.s.orm.jpa.JpaTransactionManager - Initiating transaction commit
2026-03-16 17:10:31 [http-nio-8080-exec-2] DEBUG o.s.orm.jpa.JpaTransactionManager - Committing JPA transaction on EntityManager [SessionImpl(292856656<open>)]
2026-03-16 17:10:31 [http-nio-8080-exec-3] DEBUG o.s.orm.jpa.JpaTransactionManager - Exposing JPA transaction as JDBC [org.springframework.orm.jpa.vendor.HibernateJpaDialect$HibernateConnectionHandle@337359]
2026-03-16 17:10:31 [http-nio-8080-exec-3] DEBUG o.s.orm.jpa.JpaTransactionManager - Found thread-bound EntityManager [SessionImpl(1423708817<open>)] for JPA transaction
2026-03-16 17:10:31 [http-nio-8080-exec-3] DEBUG o.s.orm.jpa.JpaTransactionManager - Participating in existing transaction
2026-03-16 17:10:31 [http-nio-8080-exec-3] DEBUG org.hibernate.SQL - select u1_0.emplyr_id,u1_0.area_no,u1_0.brthdy,u1_0.chg_pwd_cnt,u1_0.frst_register_id,u1_0.frst_regist_pnttm,u1_0.detail_adres,u1_0.email_adres,u1_0.emplyr_sttus_code,u1_0.empl_no,u1_0.esntl_id,u1_0.fxnum,u1_0.group_id,u1_0.house_adres,u1_0.house_end_telno,u1_0.house_middle_telno,u1_0.ihidnum,u1_0.pstinst_code,u1_0.last_updusr_id,u1_0.last_updt_pnttm,u1_0.lock_at,u1_0.lock_cnt,u1_0.lock_last_pnttm,u1_0.mbtlnum,u1_0.ofcps_nm,u1_0.offm_telno,u1_0.orgnzt_id,u1_0.password,u1_0.password_cnsr,u1_0.password_hint,u1_0.chg_pwd_last_pnttm,u1_0.role,u1_0.sbscrb_de,u1_0.sexdstn_code,u1_0.crtfc_dn_value,u1_0.user_nm,u1_0.zip from nemplyrinfo u1_0 where u1_0.emplyr_id=?
2026-03-16 17:10:31 [http-nio-8080-exec-15] DEBUG o.s.orm.jpa.JpaTransactionManager - Exposing JPA transaction as JDBC [org.springframework.orm.jpa.vendor.HibernateJpaDialect$HibernateConnectionHandle@2ac0ad6]
2026-03-16 17:10:31 [http-nio-8080-exec-15] DEBUG o.s.orm.jpa.JpaTransactionManager - Found thread-bound EntityManager [SessionImpl(254670164<open>)] for JPA transaction
2026-03-16 17:10:31 [http-nio-8080-exec-15] DEBUG o.s.orm.jpa.JpaTransactionManager - Participating in existing transaction
2026-03-16 17:10:31 [http-nio-8080-exec-15] DEBUG org.hibernate.SQL - select u1_0.emplyr_id,u1_0.area_no,u1_0.brthdy,u1_0.chg_pwd_cnt,u1_0.frst_register_id,u1_0.frst_regist_pnttm,u1_0.detail_adres,u1_0.email_adres,u1_0.emplyr_sttus_code,u1_0.empl_no,u1_0.esntl_id,u1_0.fxnum,u1_0.group_id,u1_0.house_adres,u1_0.house_end_telno,u1_0.house_middle_telno,u1_0.ihidnum,u1_0.pstinst_code,u1_0.last_updusr_id,u1_0.last_updt_pnttm,u1_0.lock_at,u1_0.lock_cnt,u1_0.lock_last_pnttm,u1_0.mbtlnum,u1_0.ofcps_nm,u1_0.offm_telno,u1_0.orgnzt_id,u1_0.password,u1_0.password_cnsr,u1_0.password_hint,u1_0.chg_pwd_last_pnttm,u1_0.role,u1_0.sbscrb_de,u1_0.sexdstn_code,u1_0.crtfc_dn_value,u1_0.user_nm,u1_0.zip from nemplyrinfo u1_0 where u1_0.emplyr_id=?
2026-03-16 17:10:31 [http-nio-8080-exec-2] DEBUG o.s.orm.jpa.JpaTransactionManager - Closing JPA EntityManager [SessionImpl(292856656<open>)] after transaction
2026-03-16 17:10:31 [http-nio-8080-exec-2] DEBUG c.c.p.s.jwt.JwtAuthenticationFilter - >>> [JwtFilter] Successfully authenticated user: USRCNFRM_99999999999, Authorities: [ROLE_ADMIN]
2026-03-16 17:10:31 [http-nio-8080-exec-2] DEBUG o.s.web.servlet.DispatcherServlet - GET "/api/v1/menu/left?menuNo=20", parameters={masked}
2026-03-16 17:10:31 [http-nio-8080-exec-2] TRACE o.s.w.s.m.m.a.RequestMappingHandlerMapping - Mapped to com.company.project.api.controller.menu.MenuController#getLeftMenu(Long)
2026-03-16 17:10:31 [http-nio-8080-exec-2] INFO  c.c.p.a.c.menu.MenuController - getLeftMenu called with menuNo=20
2026-03-16 17:10:31 [http-nio-8080-exec-2] DEBUG o.s.orm.jpa.JpaTransactionManager - Creating new transaction with name [com.company.project.service.menu.MenuService.getSubMenus]: PROPAGATION_REQUIRED,ISOLATION_DEFAULT,readOnly
2026-03-16 17:10:31 [http-nio-8080-exec-2] DEBUG o.s.orm.jpa.JpaTransactionManager - Opened new EntityManager [SessionImpl(117261688<open>)] for JPA transaction
2026-03-16 17:10:31 [http-nio-8080-exec-2] DEBUG o.s.orm.jpa.JpaTransactionManager - Exposing JPA transaction as JDBC [org.springframework.orm.jpa.vendor.HibernateJpaDialect$HibernateConnectionHandle@3972ee10]
2026-03-16 17:10:31 [http-nio-8080-exec-2] DEBUG org.hibernate.SQL - select m1_0.menu_no,m1_0.menu_dc,m1_0.menu_nm,m1_0.menu_ordr,m1_0.modern_route,m1_0.progrm_file_nm,m1_0.relate_image_nm,m1_0.relate_image_path,m1_0.route_updated_at,m1_0.upper_menu_no from nmenuinfo m1_0 order by m1_0.upper_menu_no,m1_0.menu_ordr
2026-03-16 17:10:31 [http-nio-8080-exec-3] DEBUG o.s.orm.jpa.JpaTransactionManager - Found thread-bound EntityManager [SessionImpl(1423708817<open>)] for JPA transaction
2026-03-16 17:10:31 [http-nio-8080-exec-3] DEBUG o.s.orm.jpa.JpaTransactionManager - Participating in existing transaction
2026-03-16 17:10:31 [http-nio-8080-exec-3] DEBUG org.hibernate.SQL - select ua1_0.scrty_dtrmn_trget_id,ua1_0.author_code,ua1_0.frst_register_id,ua1_0.frst_regist_pnttm,ua1_0.last_updusr_id,ua1_0.last_updt_pnttm,ua1_0.mber_ty_code from nemplyrscrtyestbs ua1_0 where ua1_0.scrty_dtrmn_trget_id=?
2026-03-16 17:10:31 [http-nio-8080-exec-15] DEBUG o.s.orm.jpa.JpaTransactionManager - Found thread-bound EntityManager [SessionImpl(254670164<open>)] for JPA transaction
2026-03-16 17:10:31 [http-nio-8080-exec-15] DEBUG o.s.orm.jpa.JpaTransactionManager - Participating in existing transaction
2026-03-16 17:10:31 [http-nio-8080-exec-15] DEBUG org.hibernate.SQL - select ua1_0.scrty_dtrmn_trget_id,ua1_0.author_code,ua1_0.frst_register_id,ua1_0.frst_regist_pnttm,ua1_0.last_updusr_id,ua1_0.last_updt_pnttm,ua1_0.mber_ty_code from nemplyrscrtyestbs ua1_0 where ua1_0.scrty_dtrmn_trget_id=?
2026-03-16 17:10:31 [http-nio-8080-exec-15] DEBUG o.s.orm.jpa.JpaTransactionManager - Initiating transaction commit
2026-03-16 17:10:31 [http-nio-8080-exec-15] DEBUG o.s.orm.jpa.JpaTransactionManager - Committing JPA transaction on EntityManager [SessionImpl(254670164<open>)]
2026-03-16 17:10:31 [http-nio-8080-exec-3] DEBUG o.s.orm.jpa.JpaTransactionManager - Initiating transaction commit
2026-03-16 17:10:31 [http-nio-8080-exec-3] DEBUG o.s.orm.jpa.JpaTransactionManager - Committing JPA transaction on EntityManager [SessionImpl(1423708817<open>)]
2026-03-16 17:10:31 [http-nio-8080-exec-2] DEBUG o.s.orm.jpa.JpaTransactionManager - Found thread-bound EntityManager [SessionImpl(117261688<open>)] for JPA transaction
2026-03-16 17:10:31 [http-nio-8080-exec-2] DEBUG o.s.orm.jpa.JpaTransactionManager - Participating in existing transaction
2026-03-16 17:10:31 [http-nio-8080-exec-2] DEBUG org.hibernate.SQL - select p1_0.progrm_file_nm,p1_0.progrm_dc,p1_0.progrm_korean_nm,p1_0.progrm_stre_path,p1_0.url from nprogrmlist p1_0
2026-03-16 17:10:31 [http-nio-8080-exec-15] DEBUG o.s.orm.jpa.JpaTransactionManager - Closing JPA EntityManager [SessionImpl(254670164<open>)] after transaction
2026-03-16 17:10:31 [http-nio-8080-exec-15] DEBUG c.c.p.s.jwt.JwtAuthenticationFilter - >>> [JwtFilter] Successfully authenticated user: USRCNFRM_99999999999, Authorities: [ROLE_ADMIN]
2026-03-16 17:10:31 [http-nio-8080-exec-15] DEBUG o.s.web.servlet.DispatcherServlet - GET "/api/v1/notifications", parameters={}
2026-03-16 17:10:31 [http-nio-8080-exec-15] TRACE o.s.w.s.m.m.a.RequestMappingHandlerMapping - Mapped to com.company.project.api.controller.notification.NotificationController#getMyNotifications(UserDetails)
2026-03-16 17:10:31 [http-nio-8080-exec-15] DEBUG o.s.orm.jpa.JpaTransactionManager - Creating new transaction with name [com.company.project.service.notification.NotificationService.getActiveNotifications]: PROPAGATION_REQUIRED,ISOLATION_DEFAULT,readOnly
2026-03-16 17:10:31 [http-nio-8080-exec-15] DEBUG o.s.orm.jpa.JpaTransactionManager - Opened new EntityManager [SessionImpl(1177238092<open>)] for JPA transaction
2026-03-16 17:10:31 [http-nio-8080-exec-15] DEBUG o.s.orm.jpa.JpaTransactionManager - Exposing JPA transaction as JDBC [org.springframework.orm.jpa.vendor.HibernateJpaDialect$HibernateConnectionHandle@57bf8e49]
2026-03-16 17:10:31 [http-nio-8080-exec-15] DEBUG o.s.orm.jpa.JpaTransactionManager - Found thread-bound EntityManager [SessionImpl(1177238092<open>)] for JPA transaction
2026-03-16 17:10:31 [http-nio-8080-exec-15] DEBUG o.s.orm.jpa.JpaTransactionManager - Participating in existing transaction
2026-03-16 17:10:31 [http-nio-8080-exec-15] DEBUG org.hibernate.SQL - select n1_0.ntcn_no,n1_0.frst_register_id,n1_0.frst_regist_pnttm,n1_0.is_read,n1_0.last_updusr_id,n1_0.last_updt_pnttm,n1_0.link_url,n1_0.ntcn_cn,n1_0.ntcn_sj,n1_0.receiver_id from n_user_notification n1_0
2026-03-16 17:10:31 [http-nio-8080-exec-3] DEBUG o.s.orm.jpa.JpaTransactionManager - Closing JPA EntityManager [SessionImpl(1423708817<open>)] after transaction
2026-03-16 17:10:31 [http-nio-8080-exec-3] DEBUG c.c.p.s.jwt.JwtAuthenticationFilter - >>> [JwtFilter] Successfully authenticated user: USRCNFRM_99999999999, Authorities: [ROLE_ADMIN]
2026-03-16 17:10:31 [http-nio-8080-exec-3] DEBUG o.s.web.servlet.DispatcherServlet - GET "/api/v1/notifications/unread-count", parameters={}
2026-03-16 17:10:31 [http-nio-8080-exec-3] TRACE o.s.w.s.m.m.a.RequestMappingHandlerMapping - Mapped to com.company.project.api.controller.notification.NotificationController#getUnreadCount(UserDetails)
2026-03-16 17:10:31 [http-nio-8080-exec-3] DEBUG o.s.orm.jpa.JpaTransactionManager - Creating new transaction with name [com.company.project.service.notification.NotificationService.getUnreadCount]: PROPAGATION_REQUIRED,ISOLATION_DEFAULT,readOnly
2026-03-16 17:10:31 [http-nio-8080-exec-3] DEBUG o.s.orm.jpa.JpaTransactionManager - Opened new EntityManager [SessionImpl(1979181273<open>)] for JPA transaction
2026-03-16 17:10:31 [http-nio-8080-exec-3] DEBUG o.s.orm.jpa.JpaTransactionManager - Exposing JPA transaction as JDBC [org.springframework.orm.jpa.vendor.HibernateJpaDialect$HibernateConnectionHandle@1f657565]
2026-03-16 17:10:31 [http-nio-8080-exec-3] DEBUG org.hibernate.SQL - select count(n1_0.ntcn_no) from n_user_notification n1_0 where n1_0.receiver_id=? and n1_0.is_read=?
2026-03-16 17:10:32 [http-nio-8080-exec-2] DEBUG o.s.orm.jpa.JpaTransactionManager - Initiating transaction commit
2026-03-16 17:10:32 [http-nio-8080-exec-2] DEBUG o.s.orm.jpa.JpaTransactionManager - Committing JPA transaction on EntityManager [SessionImpl(117261688<open>)]
2026-03-16 17:10:32 [http-nio-8080-exec-15] DEBUG o.s.orm.jpa.JpaTransactionManager - Initiating transaction commit
2026-03-16 17:10:32 [http-nio-8080-exec-15] DEBUG o.s.orm.jpa.JpaTransactionManager - Committing JPA transaction on EntityManager [SessionImpl(1177238092<open>)]
2026-03-16 17:10:32 [http-nio-8080-exec-3] DEBUG o.s.orm.jpa.JpaTransactionManager - Initiating transaction commit
2026-03-16 17:10:32 [http-nio-8080-exec-3] DEBUG o.s.orm.jpa.JpaTransactionManager - Committing JPA transaction on EntityManager [SessionImpl(1979181273<open>)]
2026-03-16 17:10:32 [http-nio-8080-exec-2] DEBUG o.s.orm.jpa.JpaTransactionManager - Closing JPA EntityManager [SessionImpl(117261688<open>)] after transaction
2026-03-16 17:10:32 [http-nio-8080-exec-2] INFO  c.c.p.a.c.menu.MenuController - getLeftMenu returned 3 items
2026-03-16 17:10:32 [http-nio-8080-exec-2] DEBUG o.s.w.s.m.m.a.HttpEntityMethodProcessor - Using 'application/json', given [application/json, text/plain, */*] and supported [application/json, application/*+json, application/yaml]
2026-03-16 17:10:32 [http-nio-8080-exec-2] TRACE o.s.w.s.m.m.a.HttpEntityMethodProcessor - Writing [ApiResponse[success=true, status=200, code=COMMON_001, message=Success, data={list=[com.company.project.service.menu.dto.MenuDto@1cf4c674, com.company.project.service.menu.dto.MenuDto@2e630555, com.company.project.service.menu.dto.MenuDto@4e8b03a0]}, timestamp=2026-03-16T17:10:32.226943400]]
2026-03-16 17:10:32 [http-nio-8080-exec-2] INFO  c.c.p.a.i.OperationalAuditInterceptor - API Audit Log: URL=/api/v1/menu/left, User=webmaster, IP=127.0.0.1
2026-03-16 17:10:32 [http-nio-8080-exec-2] DEBUG o.s.web.servlet.DispatcherServlet - Completed 200 OK
2026-03-16 17:10:32 [http-nio-8080-exec-10] DEBUG c.c.p.s.jwt.JwtAuthenticationFilter - >>> [JwtFilter] Processing request: GET /api/v1/menu/left
2026-03-16 17:10:32 [http-nio-8080-exec-10] DEBUG c.c.p.s.jwt.JwtAuthenticationFilter - >>> [JwtFilter] Found token in header for path: /api/v1/menu/left
2026-03-16 17:10:32 [http-nio-8080-exec-10] DEBUG o.s.orm.jpa.JpaTransactionManager - Creating new transaction with name [com.company.project.security.iam.CustomUserDetailsService.loadUserByUsername]: PROPAGATION_REQUIRED,ISOLATION_DEFAULT,readOnly
2026-03-16 17:10:32 [http-nio-8080-exec-10] DEBUG o.s.orm.jpa.JpaTransactionManager - Opened new EntityManager [SessionImpl(1457648268<open>)] for JPA transaction
2026-03-16 17:10:32 [http-nio-8080-exec-15] DEBUG o.s.orm.jpa.JpaTransactionManager - Closing JPA EntityManager [SessionImpl(1177238092<open>)] after transaction
2026-03-16 17:10:32 [http-nio-8080-exec-15] DEBUG o.s.w.s.m.m.a.HttpEntityMethodProcessor - Using 'application/json', given [application/json, text/plain, */*] and supported [application/json, application/*+json, application/yaml]
2026-03-16 17:10:32 [http-nio-8080-exec-15] TRACE o.s.w.s.m.m.a.HttpEntityMethodProcessor - Writing [ApiResponse[success=true, status=200, code=COMMON_001, message=Success, data=[NotificationDto(ntfcNo=NT001, ntfcSj=테스트 알림입니다, ntfcCn=알림 내용입니다, ntfcDate=null, ntfcTime=2026-02-25T00:59:33.784070, bhNtfcIntrvl=null, uniqId=null, frstRegisterId=null, frstRegisterPnttm=2026-02-25T00:59:33.784070, lastUpdusrId=null, lastUpdusrPnttm=null)], timestamp=2026-03-16T17:10:32.301645500]]
2026-03-16 17:10:32 [http-nio-8080-exec-15] INFO  c.c.p.a.i.OperationalAuditInterceptor - API Audit Log: URL=/api/v1/notifications, User=webmaster, IP=127.0.0.1
2026-03-16 17:10:32 [http-nio-8080-exec-15] DEBUG o.s.web.servlet.DispatcherServlet - Completed 200 OK
2026-03-16 17:10:32 [http-nio-8080-exec-3] DEBUG o.s.orm.jpa.JpaTransactionManager - Closing JPA EntityManager [SessionImpl(1979181273<open>)] after transaction
2026-03-16 17:10:32 [http-nio-8080-exec-3] DEBUG o.s.w.s.m.m.a.HttpEntityMethodProcessor - Using 'application/json', given [application/json, text/plain, */*] and supported [application/json, application/*+json, application/yaml]
2026-03-16 17:10:32 [http-nio-8080-exec-3] TRACE o.s.w.s.m.m.a.HttpEntityMethodProcessor - Writing [ApiResponse[success=true, status=200, code=COMMON_001, message=Success, data=0, timestamp=2026-03-16T17:10:32.304452400]]
2026-03-16 17:10:32 [http-nio-8080-exec-3] INFO  c.c.p.a.i.OperationalAuditInterceptor - API Audit Log: URL=/api/v1/notifications/unread-count, User=webmaster, IP=127.0.0.1
2026-03-16 17:10:32 [http-nio-8080-exec-3] DEBUG o.s.web.servlet.DispatcherServlet - Completed 200 OK
2026-03-16 17:10:32 [http-nio-8080-exec-10] DEBUG o.s.orm.jpa.JpaTransactionManager - Exposing JPA transaction as JDBC [org.springframework.orm.jpa.vendor.HibernateJpaDialect$HibernateConnectionHandle@3998f9d]
2026-03-16 17:10:32 [http-nio-8080-exec-10] DEBUG o.s.orm.jpa.JpaTransactionManager - Found thread-bound EntityManager [SessionImpl(1457648268<open>)] for JPA transaction
2026-03-16 17:10:32 [http-nio-8080-exec-10] DEBUG o.s.orm.jpa.JpaTransactionManager - Participating in existing transaction
2026-03-16 17:10:32 [http-nio-8080-exec-10] DEBUG org.hibernate.SQL - select u1_0.emplyr_id,u1_0.area_no,u1_0.brthdy,u1_0.chg_pwd_cnt,u1_0.frst_register_id,u1_0.frst_regist_pnttm,u1_0.detail_adres,u1_0.email_adres,u1_0.emplyr_sttus_code,u1_0.empl_no,u1_0.esntl_id,u1_0.fxnum,u1_0.group_id,u1_0.house_adres,u1_0.house_end_telno,u1_0.house_middle_telno,u1_0.ihidnum,u1_0.pstinst_code,u1_0.last_updusr_id,u1_0.last_updt_pnttm,u1_0.lock_at,u1_0.lock_cnt,u1_0.lock_last_pnttm,u1_0.mbtlnum,u1_0.ofcps_nm,u1_0.offm_telno,u1_0.orgnzt_id,u1_0.password,u1_0.password_cnsr,u1_0.password_hint,u1_0.chg_pwd_last_pnttm,u1_0.role,u1_0.sbscrb_de,u1_0.sexdstn_code,u1_0.crtfc_dn_value,u1_0.user_nm,u1_0.zip from nemplyrinfo u1_0 where u1_0.emplyr_id=?
2026-03-16 17:10:32 [http-nio-8080-exec-10] DEBUG o.s.orm.jpa.JpaTransactionManager - Found thread-bound EntityManager [SessionImpl(1457648268<open>)] for JPA transaction
2026-03-16 17:10:32 [http-nio-8080-exec-10] DEBUG o.s.orm.jpa.JpaTransactionManager - Participating in existing transaction
2026-03-16 17:10:32 [http-nio-8080-exec-10] DEBUG org.hibernate.SQL - select ua1_0.scrty_dtrmn_trget_id,ua1_0.author_code,ua1_0.frst_register_id,ua1_0.frst_regist_pnttm,ua1_0.last_updusr_id,ua1_0.last_updt_pnttm,ua1_0.mber_ty_code from nemplyrscrtyestbs ua1_0 where ua1_0.scrty_dtrmn_trget_id=?
2026-03-16 17:10:32 [http-nio-8080-exec-10] DEBUG o.s.orm.jpa.JpaTransactionManager - Initiating transaction commit
2026-03-16 17:10:32 [http-nio-8080-exec-10] DEBUG o.s.orm.jpa.JpaTransactionManager - Committing JPA transaction on EntityManager [SessionImpl(1457648268<open>)]
2026-03-16 17:10:32 [http-nio-8080-exec-10] DEBUG o.s.orm.jpa.JpaTransactionManager - Closing JPA EntityManager [SessionImpl(1457648268<open>)] after transaction
2026-03-16 17:10:32 [http-nio-8080-exec-10] DEBUG c.c.p.s.jwt.JwtAuthenticationFilter - >>> [JwtFilter] Successfully authenticated user: USRCNFRM_99999999999, Authorities: [ROLE_ADMIN]
2026-03-16 17:10:32 [http-nio-8080-exec-10] DEBUG o.s.web.servlet.DispatcherServlet - GET "/api/v1/menu/left?menuNo=40", parameters={masked}
2026-03-16 17:10:32 [http-nio-8080-exec-10] TRACE o.s.w.s.m.m.a.RequestMappingHandlerMapping - Mapped to com.company.project.api.controller.menu.MenuController#getLeftMenu(Long)
2026-03-16 17:10:32 [http-nio-8080-exec-10] INFO  c.c.p.a.c.menu.MenuController - getLeftMenu called with menuNo=40
2026-03-16 17:10:32 [http-nio-8080-exec-10] DEBUG o.s.orm.jpa.JpaTransactionManager - Creating new transaction with name [com.company.project.service.menu.MenuService.getSubMenus]: PROPAGATION_REQUIRED,ISOLATION_DEFAULT,readOnly
2026-03-16 17:10:32 [http-nio-8080-exec-10] DEBUG o.s.orm.jpa.JpaTransactionManager - Opened new EntityManager [SessionImpl(716175526<open>)] for JPA transaction
2026-03-16 17:10:32 [http-nio-8080-exec-10] DEBUG o.s.orm.jpa.JpaTransactionManager - Exposing JPA transaction as JDBC [org.springframework.orm.jpa.vendor.HibernateJpaDialect$HibernateConnectionHandle@a8d79f0]
2026-03-16 17:10:32 [http-nio-8080-exec-10] DEBUG org.hibernate.SQL - select m1_0.menu_no,m1_0.menu_dc,m1_0.menu_nm,m1_0.menu_ordr,m1_0.modern_route,m1_0.progrm_file_nm,m1_0.relate_image_nm,m1_0.relate_image_path,m1_0.route_updated_at,m1_0.upper_menu_no from nmenuinfo m1_0 order by m1_0.upper_menu_no,m1_0.menu_ordr
2026-03-16 17:10:33 [http-nio-8080-exec-10] DEBUG o.s.orm.jpa.JpaTransactionManager - Found thread-bound EntityManager [SessionImpl(716175526<open>)] for JPA transaction
2026-03-16 17:10:33 [http-nio-8080-exec-10] DEBUG o.s.orm.jpa.JpaTransactionManager - Participating in existing transaction
2026-03-16 17:10:33 [http-nio-8080-exec-10] DEBUG org.hibernate.SQL - select p1_0.progrm_file_nm,p1_0.progrm_dc,p1_0.progrm_korean_nm,p1_0.progrm_stre_path,p1_0.url from nprogrmlist p1_0
2026-03-16 17:10:33 [http-nio-8080-exec-10] DEBUG o.s.orm.jpa.JpaTransactionManager - Initiating transaction commit
2026-03-16 17:10:33 [http-nio-8080-exec-10] DEBUG o.s.orm.jpa.JpaTransactionManager - Committing JPA transaction on EntityManager [SessionImpl(716175526<open>)]
2026-03-16 17:10:33 [http-nio-8080-exec-10] DEBUG o.s.orm.jpa.JpaTransactionManager - Closing JPA EntityManager [SessionImpl(716175526<open>)] after transaction
2026-03-16 17:10:33 [http-nio-8080-exec-10] INFO  c.c.p.a.c.menu.MenuController - getLeftMenu returned 2 items
2026-03-16 17:10:33 [http-nio-8080-exec-10] DEBUG o.s.w.s.m.m.a.HttpEntityMethodProcessor - Using 'application/json', given [application/json, text/plain, */*] and supported [application/json, application/*+json, application/yaml]
2026-03-16 17:10:33 [http-nio-8080-exec-10] TRACE o.s.w.s.m.m.a.HttpEntityMethodProcessor - Writing [ApiResponse[success=true, status=200, code=COMMON_001, message=Success, data={list=[com.company.project.service.menu.dto.MenuDto@5a111f31, com.company.project.service.menu.dto.MenuDto@3b6dc29d]}, timestamp=2026-03-16T17:10:33.499401]]
2026-03-16 17:10:33 [http-nio-8080-exec-10] INFO  c.c.p.a.i.OperationalAuditInterceptor - API Audit Log: URL=/api/v1/menu/left, User=webmaster, IP=127.0.0.1
2026-03-16 17:10:33 [http-nio-8080-exec-10] DEBUG o.s.web.servlet.DispatcherServlet - Completed 200 OK
2026-03-16 17:10:33 [http-nio-8080-exec-19] DEBUG c.c.p.s.jwt.JwtAuthenticationFilter - >>> [JwtFilter] Processing request: GET /api/v1/menu/left
2026-03-16 17:10:33 [http-nio-8080-exec-19] DEBUG c.c.p.s.jwt.JwtAuthenticationFilter - >>> [JwtFilter] Found token in header for path: /api/v1/menu/left
2026-03-16 17:10:33 [http-nio-8080-exec-19] DEBUG o.s.orm.jpa.JpaTransactionManager - Creating new transaction with name [com.company.project.security.iam.CustomUserDetailsService.loadUserByUsername]: PROPAGATION_REQUIRED,ISOLATION_DEFAULT,readOnly
2026-03-16 17:10:33 [http-nio-8080-exec-19] DEBUG o.s.orm.jpa.JpaTransactionManager - Opened new EntityManager [SessionImpl(1905271481<open>)] for JPA transaction
2026-03-16 17:10:33 [http-nio-8080-exec-19] DEBUG o.s.orm.jpa.JpaTransactionManager - Exposing JPA transaction as JDBC [org.springframework.orm.jpa.vendor.HibernateJpaDialect$HibernateConnectionHandle@34b33e04]
2026-03-16 17:10:33 [http-nio-8080-exec-19] DEBUG o.s.orm.jpa.JpaTransactionManager - Found thread-bound EntityManager [SessionImpl(1905271481<open>)] for JPA transaction
2026-03-16 17:10:33 [http-nio-8080-exec-19] DEBUG o.s.orm.jpa.JpaTransactionManager - Participating in existing transaction
2026-03-16 17:10:33 [http-nio-8080-exec-19] DEBUG org.hibernate.SQL - select u1_0.emplyr_id,u1_0.area_no,u1_0.brthdy,u1_0.chg_pwd_cnt,u1_0.frst_register_id,u1_0.frst_regist_pnttm,u1_0.detail_adres,u1_0.email_adres,u1_0.emplyr_sttus_code,u1_0.empl_no,u1_0.esntl_id,u1_0.fxnum,u1_0.group_id,u1_0.house_adres,u1_0.house_end_telno,u1_0.house_middle_telno,u1_0.ihidnum,u1_0.pstinst_code,u1_0.last_updusr_id,u1_0.last_updt_pnttm,u1_0.lock_at,u1_0.lock_cnt,u1_0.lock_last_pnttm,u1_0.mbtlnum,u1_0.ofcps_nm,u1_0.offm_telno,u1_0.orgnzt_id,u1_0.password,u1_0.password_cnsr,u1_0.password_hint,u1_0.chg_pwd_last_pnttm,u1_0.role,u1_0.sbscrb_de,u1_0.sexdstn_code,u1_0.crtfc_dn_value,u1_0.user_nm,u1_0.zip from nemplyrinfo u1_0 where u1_0.emplyr_id=?
2026-03-16 17:10:33 [http-nio-8080-exec-19] DEBUG o.s.orm.jpa.JpaTransactionManager - Found thread-bound EntityManager [SessionImpl(1905271481<open>)] for JPA transaction
2026-03-16 17:10:33 [http-nio-8080-exec-19] DEBUG o.s.orm.jpa.JpaTransactionManager - Participating in existing transaction
2026-03-16 17:10:33 [http-nio-8080-exec-19] DEBUG org.hibernate.SQL - select ua1_0.scrty_dtrmn_trget_id,ua1_0.author_code,ua1_0.frst_register_id,ua1_0.frst_regist_pnttm,ua1_0.last_updusr_id,ua1_0.last_updt_pnttm,ua1_0.mber_ty_code from nemplyrscrtyestbs ua1_0 where ua1_0.scrty_dtrmn_trget_id=?
2026-03-16 17:10:34 [http-nio-8080-exec-19] DEBUG o.s.orm.jpa.JpaTransactionManager - Initiating transaction commit
2026-03-16 17:10:34 [http-nio-8080-exec-19] DEBUG o.s.orm.jpa.JpaTransactionManager - Committing JPA transaction on EntityManager [SessionImpl(1905271481<open>)]
2026-03-16 17:10:34 [http-nio-8080-exec-19] DEBUG o.s.orm.jpa.JpaTransactionManager - Closing JPA EntityManager [SessionImpl(1905271481<open>)] after transaction
2026-03-16 17:10:34 [http-nio-8080-exec-19] DEBUG c.c.p.s.jwt.JwtAuthenticationFilter - >>> [JwtFilter] Successfully authenticated user: USRCNFRM_99999999999, Authorities: [ROLE_ADMIN]
2026-03-16 17:10:34 [http-nio-8080-exec-19] DEBUG o.s.web.servlet.DispatcherServlet - GET "/api/v1/menu/left?menuNo=50", parameters={masked}
2026-03-16 17:10:34 [http-nio-8080-exec-19] TRACE o.s.w.s.m.m.a.RequestMappingHandlerMapping - Mapped to com.company.project.api.controller.menu.MenuController#getLeftMenu(Long)
2026-03-16 17:10:34 [http-nio-8080-exec-19] INFO  c.c.p.a.c.menu.MenuController - getLeftMenu called with menuNo=50
2026-03-16 17:10:34 [http-nio-8080-exec-19] DEBUG o.s.orm.jpa.JpaTransactionManager - Creating new transaction with name [com.company.project.service.menu.MenuService.getSubMenus]: PROPAGATION_REQUIRED,ISOLATION_DEFAULT,readOnly
2026-03-16 17:10:34 [http-nio-8080-exec-19] DEBUG o.s.orm.jpa.JpaTransactionManager - Opened new EntityManager [SessionImpl(992925944<open>)] for JPA transaction
2026-03-16 17:10:34 [http-nio-8080-exec-19] DEBUG o.s.orm.jpa.JpaTransactionManager - Exposing JPA transaction as JDBC [org.springframework.orm.jpa.vendor.HibernateJpaDialect$HibernateConnectionHandle@799e3137]
2026-03-16 17:10:34 [http-nio-8080-exec-19] DEBUG org.hibernate.SQL - select m1_0.menu_no,m1_0.menu_dc,m1_0.menu_nm,m1_0.menu_ordr,m1_0.modern_route,m1_0.progrm_file_nm,m1_0.relate_image_nm,m1_0.relate_image_path,m1_0.route_updated_at,m1_0.upper_menu_no from nmenuinfo m1_0 order by m1_0.upper_menu_no,m1_0.menu_ordr
2026-03-16 17:10:34 [http-nio-8080-exec-19] DEBUG o.s.orm.jpa.JpaTransactionManager - Found thread-bound EntityManager [SessionImpl(992925944<open>)] for JPA transaction
2026-03-16 17:10:34 [http-nio-8080-exec-19] DEBUG o.s.orm.jpa.JpaTransactionManager - Participating in existing transaction
2026-03-16 17:10:34 [http-nio-8080-exec-19] DEBUG org.hibernate.SQL - select p1_0.progrm_file_nm,p1_0.progrm_dc,p1_0.progrm_korean_nm,p1_0.progrm_stre_path,p1_0.url from nprogrmlist p1_0
2026-03-16 17:10:34 [http-nio-8080-exec-19] DEBUG o.s.orm.jpa.JpaTransactionManager - Initiating transaction commit
2026-03-16 17:10:34 [http-nio-8080-exec-19] DEBUG o.s.orm.jpa.JpaTransactionManager - Committing JPA transaction on EntityManager [SessionImpl(992925944<open>)]
2026-03-16 17:10:34 [http-nio-8080-exec-19] DEBUG o.s.orm.jpa.JpaTransactionManager - Closing JPA EntityManager [SessionImpl(992925944<open>)] after transaction
2026-03-16 17:10:34 [http-nio-8080-exec-19] INFO  c.c.p.a.c.menu.MenuController - getLeftMenu returned 3 items
2026-03-16 17:10:34 [http-nio-8080-exec-19] DEBUG o.s.w.s.m.m.a.HttpEntityMethodProcessor - Using 'application/json', given [application/json, text/plain, */*] and supported [application/json, application/*+json, application/yaml]
2026-03-16 17:10:34 [http-nio-8080-exec-19] TRACE o.s.w.s.m.m.a.HttpEntityMethodProcessor - Writing [ApiResponse[success=true, status=200, code=COMMON_001, message=Success, data={list=[com.company.project.service.menu.dto.MenuDto@1f0e093e, com.company.project.service.menu.dto.MenuDto@4a2b238e, com.company.project.service.menu.dto.MenuDto@62037ac]}, timestamp=2026-03-16T17:10:34.792019800]]
2026-03-16 17:10:34 [http-nio-8080-exec-19] INFO  c.c.p.a.i.OperationalAuditInterceptor - API Audit Log: URL=/api/v1/menu/left, User=webmaster, IP=127.0.0.1
2026-03-16 17:10:34 [http-nio-8080-exec-19] DEBUG o.s.web.servlet.DispatcherServlet - Completed 200 OK
2026-03-16 17:10:34 [http-nio-8080-exec-2] DEBUG c.c.p.s.jwt.JwtAuthenticationFilter - >>> [JwtFilter] Processing request: GET /api/v1/menu/left
2026-03-16 17:10:34 [http-nio-8080-exec-2] DEBUG c.c.p.s.jwt.JwtAuthenticationFilter - >>> [JwtFilter] Found token in header for path: /api/v1/menu/left
2026-03-16 17:10:34 [http-nio-8080-exec-2] DEBUG o.s.orm.jpa.JpaTransactionManager - Creating new transaction with name [com.company.project.security.iam.CustomUserDetailsService.loadUserByUsername]: PROPAGATION_REQUIRED,ISOLATION_DEFAULT,readOnly
2026-03-16 17:10:34 [http-nio-8080-exec-2] DEBUG o.s.orm.jpa.JpaTransactionManager - Opened new EntityManager [SessionImpl(1178791462<open>)] for JPA transaction
2026-03-16 17:10:34 [http-nio-8080-exec-2] DEBUG o.s.orm.jpa.JpaTransactionManager - Exposing JPA transaction as JDBC [org.springframework.orm.jpa.vendor.HibernateJpaDialect$HibernateConnectionHandle@7cbf57fc]
2026-03-16 17:10:34 [http-nio-8080-exec-2] DEBUG o.s.orm.jpa.JpaTransactionManager - Found thread-bound EntityManager [SessionImpl(1178791462<open>)] for JPA transaction
2026-03-16 17:10:34 [http-nio-8080-exec-2] DEBUG o.s.orm.jpa.JpaTransactionManager - Participating in existing transaction
2026-03-16 17:10:34 [http-nio-8080-exec-2] DEBUG org.hibernate.SQL - select u1_0.emplyr_id,u1_0.area_no,u1_0.brthdy,u1_0.chg_pwd_cnt,u1_0.frst_register_id,u1_0.frst_regist_pnttm,u1_0.detail_adres,u1_0.email_adres,u1_0.emplyr_sttus_code,u1_0.empl_no,u1_0.esntl_id,u1_0.fxnum,u1_0.group_id,u1_0.house_adres,u1_0.house_end_telno,u1_0.house_middle_telno,u1_0.ihidnum,u1_0.pstinst_code,u1_0.last_updusr_id,u1_0.last_updt_pnttm,u1_0.lock_at,u1_0.lock_cnt,u1_0.lock_last_pnttm,u1_0.mbtlnum,u1_0.ofcps_nm,u1_0.offm_telno,u1_0.orgnzt_id,u1_0.password,u1_0.password_cnsr,u1_0.password_hint,u1_0.chg_pwd_last_pnttm,u1_0.role,u1_0.sbscrb_de,u1_0.sexdstn_code,u1_0.crtfc_dn_value,u1_0.user_nm,u1_0.zip from nemplyrinfo u1_0 where u1_0.emplyr_id=?
2026-03-16 17:10:35 [http-nio-8080-exec-2] DEBUG o.s.orm.jpa.JpaTransactionManager - Found thread-bound EntityManager [SessionImpl(1178791462<open>)] for JPA transaction
2026-03-16 17:10:35 [http-nio-8080-exec-2] DEBUG o.s.orm.jpa.JpaTransactionManager - Participating in existing transaction
2026-03-16 17:10:35 [http-nio-8080-exec-2] DEBUG org.hibernate.SQL - select ua1_0.scrty_dtrmn_trget_id,ua1_0.author_code,ua1_0.frst_register_id,ua1_0.frst_regist_pnttm,ua1_0.last_updusr_id,ua1_0.last_updt_pnttm,ua1_0.mber_ty_code from nemplyrscrtyestbs ua1_0 where ua1_0.scrty_dtrmn_trget_id=?
2026-03-16 17:10:35 [http-nio-8080-exec-2] DEBUG o.s.orm.jpa.JpaTransactionManager - Initiating transaction commit
2026-03-16 17:10:35 [http-nio-8080-exec-2] DEBUG o.s.orm.jpa.JpaTransactionManager - Committing JPA transaction on EntityManager [SessionImpl(1178791462<open>)]
2026-03-16 17:10:35 [http-nio-8080-exec-2] DEBUG o.s.orm.jpa.JpaTransactionManager - Closing JPA EntityManager [SessionImpl(1178791462<open>)] after transaction
2026-03-16 17:10:35 [http-nio-8080-exec-2] DEBUG c.c.p.s.jwt.JwtAuthenticationFilter - >>> [JwtFilter] Successfully authenticated user: USRCNFRM_99999999999, Authorities: [ROLE_ADMIN]
2026-03-16 17:10:35 [http-nio-8080-exec-2] DEBUG o.s.web.servlet.DispatcherServlet - GET "/api/v1/menu/left?menuNo=60", parameters={masked}
2026-03-16 17:10:35 [http-nio-8080-exec-2] TRACE o.s.w.s.m.m.a.RequestMappingHandlerMapping - Mapped to com.company.project.api.controller.menu.MenuController#getLeftMenu(Long)
2026-03-16 17:10:35 [http-nio-8080-exec-2] INFO  c.c.p.a.c.menu.MenuController - getLeftMenu called with menuNo=60
2026-03-16 17:10:35 [http-nio-8080-exec-2] DEBUG o.s.orm.jpa.JpaTransactionManager - Creating new transaction with name [com.company.project.service.menu.MenuService.getSubMenus]: PROPAGATION_REQUIRED,ISOLATION_DEFAULT,readOnly
2026-03-16 17:10:35 [http-nio-8080-exec-2] DEBUG o.s.orm.jpa.JpaTransactionManager - Opened new EntityManager [SessionImpl(39374209<open>)] for JPA transaction
2026-03-16 17:10:35 [http-nio-8080-exec-2] DEBUG o.s.orm.jpa.JpaTransactionManager - Exposing JPA transaction as JDBC [org.springframework.orm.jpa.vendor.HibernateJpaDialect$HibernateConnectionHandle@2ad33675]
2026-03-16 17:10:35 [http-nio-8080-exec-2] DEBUG org.hibernate.SQL - select m1_0.menu_no,m1_0.menu_dc,m1_0.menu_nm,m1_0.menu_ordr,m1_0.modern_route,m1_0.progrm_file_nm,m1_0.relate_image_nm,m1_0.relate_image_path,m1_0.route_updated_at,m1_0.upper_menu_no from nmenuinfo m1_0 order by m1_0.upper_menu_no,m1_0.menu_ordr
2026-03-16 17:10:35 [http-nio-8080-exec-2] DEBUG o.s.orm.jpa.JpaTransactionManager - Found thread-bound EntityManager [SessionImpl(39374209<open>)] for JPA transaction
2026-03-16 17:10:35 [http-nio-8080-exec-2] DEBUG o.s.orm.jpa.JpaTransactionManager - Participating in existing transaction
2026-03-16 17:10:35 [http-nio-8080-exec-2] DEBUG org.hibernate.SQL - select p1_0.progrm_file_nm,p1_0.progrm_dc,p1_0.progrm_korean_nm,p1_0.progrm_stre_path,p1_0.url from nprogrmlist p1_0
2026-03-16 17:10:35 [http-nio-8080-exec-2] DEBUG o.s.orm.jpa.JpaTransactionManager - Initiating transaction commit
2026-03-16 17:10:35 [http-nio-8080-exec-2] DEBUG o.s.orm.jpa.JpaTransactionManager - Committing JPA transaction on EntityManager [SessionImpl(39374209<open>)]
2026-03-16 17:10:36 [http-nio-8080-exec-2] DEBUG o.s.orm.jpa.JpaTransactionManager - Closing JPA EntityManager [SessionImpl(39374209<open>)] after transaction
2026-03-16 17:10:36 [http-nio-8080-exec-2] INFO  c.c.p.a.c.menu.MenuController - getLeftMenu returned 1 items
2026-03-16 17:10:36 [http-nio-8080-exec-2] DEBUG o.s.w.s.m.m.a.HttpEntityMethodProcessor - Using 'application/json', given [application/json, text/plain, */*] and supported [application/json, application/*+json, application/yaml]
2026-03-16 17:10:36 [http-nio-8080-exec-2] TRACE o.s.w.s.m.m.a.HttpEntityMethodProcessor - Writing [ApiResponse[success=true, status=200, code=COMMON_001, message=Success, data={list=[com.company.project.service.menu.dto.MenuDto@4916dba6]}, timestamp=2026-03-16T17:10:36.043288500]]
2026-03-16 17:10:36 [http-nio-8080-exec-2] INFO  c.c.p.a.i.OperationalAuditInterceptor - API Audit Log: URL=/api/v1/menu/left, User=webmaster, IP=127.0.0.1
2026-03-16 17:10:36 [http-nio-8080-exec-2] DEBUG o.s.web.servlet.DispatcherServlet - Completed 200 OK
2026-03-16 17:10:36 [MessageBroker-4] DEBUG o.s.w.s.s.t.h.DefaultSockJsService - Closed 1 sessions: [vdxru1jw]
2026-03-16 17:10:38 [http-nio-8080-exec-3] DEBUG c.c.p.s.jwt.JwtAuthenticationFilter - >>> [JwtFilter] Processing request: GET /api/v1/dashboard
2026-03-16 17:10:38 [http-nio-8080-exec-3] DEBUG c.c.p.s.jwt.JwtAuthenticationFilter - >>> [JwtFilter] Found token in header for path: /api/v1/dashboard
2026-03-16 17:10:38 [http-nio-8080-exec-3] DEBUG o.s.orm.jpa.JpaTransactionManager - Creating new transaction with name [com.company.project.security.iam.CustomUserDetailsService.loadUserByUsername]: PROPAGATION_REQUIRED,ISOLATION_DEFAULT,readOnly
2026-03-16 17:10:38 [http-nio-8080-exec-3] DEBUG o.s.orm.jpa.JpaTransactionManager - Opened new EntityManager [SessionImpl(2055160402<open>)] for JPA transaction
2026-03-16 17:10:38 [http-nio-8080-exec-15] DEBUG c.c.p.s.jwt.JwtAuthenticationFilter - >>> [JwtFilter] Processing request: GET /api/v1/menu/head
2026-03-16 17:10:38 [http-nio-8080-exec-15] DEBUG c.c.p.s.jwt.JwtAuthenticationFilter - >>> [JwtFilter] Found token in header for path: /api/v1/menu/head
2026-03-16 17:10:38 [http-nio-8080-exec-15] DEBUG o.s.orm.jpa.JpaTransactionManager - Creating new transaction with name [com.company.project.security.iam.CustomUserDetailsService.loadUserByUsername]: PROPAGATION_REQUIRED,ISOLATION_DEFAULT,readOnly
2026-03-16 17:10:38 [http-nio-8080-exec-15] DEBUG o.s.orm.jpa.JpaTransactionManager - Opened new EntityManager [SessionImpl(1967804785<open>)] for JPA transaction
2026-03-16 17:10:38 [http-nio-8080-exec-3] DEBUG o.s.orm.jpa.JpaTransactionManager - Exposing JPA transaction as JDBC [org.springframework.orm.jpa.vendor.HibernateJpaDialect$HibernateConnectionHandle@42a352c5]
2026-03-16 17:10:38 [http-nio-8080-exec-15] DEBUG o.s.orm.jpa.JpaTransactionManager - Exposing JPA transaction as JDBC [org.springframework.orm.jpa.vendor.HibernateJpaDialect$HibernateConnectionHandle@235cee93]
2026-03-16 17:10:38 [http-nio-8080-exec-3] DEBUG o.s.orm.jpa.JpaTransactionManager - Found thread-bound EntityManager [SessionImpl(2055160402<open>)] for JPA transaction
2026-03-16 17:10:38 [http-nio-8080-exec-3] DEBUG o.s.orm.jpa.JpaTransactionManager - Participating in existing transaction
2026-03-16 17:10:38 [http-nio-8080-exec-15] DEBUG o.s.orm.jpa.JpaTransactionManager - Found thread-bound EntityManager [SessionImpl(1967804785<open>)] for JPA transaction
2026-03-16 17:10:38 [http-nio-8080-exec-15] DEBUG o.s.orm.jpa.JpaTransactionManager - Participating in existing transaction
2026-03-16 17:10:38 [http-nio-8080-exec-3] DEBUG org.hibernate.SQL - select u1_0.emplyr_id,u1_0.area_no,u1_0.brthdy,u1_0.chg_pwd_cnt,u1_0.frst_register_id,u1_0.frst_regist_pnttm,u1_0.detail_adres,u1_0.email_adres,u1_0.emplyr_sttus_code,u1_0.empl_no,u1_0.esntl_id,u1_0.fxnum,u1_0.group_id,u1_0.house_adres,u1_0.house_end_telno,u1_0.house_middle_telno,u1_0.ihidnum,u1_0.pstinst_code,u1_0.last_updusr_id,u1_0.last_updt_pnttm,u1_0.lock_at,u1_0.lock_cnt,u1_0.lock_last_pnttm,u1_0.mbtlnum,u1_0.ofcps_nm,u1_0.offm_telno,u1_0.orgnzt_id,u1_0.password,u1_0.password_cnsr,u1_0.password_hint,u1_0.chg_pwd_last_pnttm,u1_0.role,u1_0.sbscrb_de,u1_0.sexdstn_code,u1_0.crtfc_dn_value,u1_0.user_nm,u1_0.zip from nemplyrinfo u1_0 where u1_0.emplyr_id=?
2026-03-16 17:10:38 [http-nio-8080-exec-15] DEBUG org.hibernate.SQL - select u1_0.emplyr_id,u1_0.area_no,u1_0.brthdy,u1_0.chg_pwd_cnt,u1_0.frst_register_id,u1_0.frst_regist_pnttm,u1_0.detail_adres,u1_0.email_adres,u1_0.emplyr_sttus_code,u1_0.empl_no,u1_0.esntl_id,u1_0.fxnum,u1_0.group_id,u1_0.house_adres,u1_0.house_end_telno,u1_0.house_middle_telno,u1_0.ihidnum,u1_0.pstinst_code,u1_0.last_updusr_id,u1_0.last_updt_pnttm,u1_0.lock_at,u1_0.lock_cnt,u1_0.lock_last_pnttm,u1_0.mbtlnum,u1_0.ofcps_nm,u1_0.offm_telno,u1_0.orgnzt_id,u1_0.password,u1_0.password_cnsr,u1_0.password_hint,u1_0.chg_pwd_last_pnttm,u1_0.role,u1_0.sbscrb_de,u1_0.sexdstn_code,u1_0.crtfc_dn_value,u1_0.user_nm,u1_0.zip from nemplyrinfo u1_0 where u1_0.emplyr_id=?
2026-03-16 17:10:38 [http-nio-8080-exec-15] DEBUG o.s.orm.jpa.JpaTransactionManager - Found thread-bound EntityManager [SessionImpl(1967804785<open>)] for JPA transaction
2026-03-16 17:10:38 [http-nio-8080-exec-15] DEBUG o.s.orm.jpa.JpaTransactionManager - Participating in existing transaction
2026-03-16 17:10:38 [http-nio-8080-exec-15] DEBUG org.hibernate.SQL - select ua1_0.scrty_dtrmn_trget_id,ua1_0.author_code,ua1_0.frst_register_id,ua1_0.frst_regist_pnttm,ua1_0.last_updusr_id,ua1_0.last_updt_pnttm,ua1_0.mber_ty_code from nemplyrscrtyestbs ua1_0 where ua1_0.scrty_dtrmn_trget_id=?
2026-03-16 17:10:38 [http-nio-8080-exec-3] DEBUG o.s.orm.jpa.JpaTransactionManager - Found thread-bound EntityManager [SessionImpl(2055160402<open>)] for JPA transaction
2026-03-16 17:10:38 [http-nio-8080-exec-3] DEBUG o.s.orm.jpa.JpaTransactionManager - Participating in existing transaction
2026-03-16 17:10:38 [http-nio-8080-exec-3] DEBUG org.hibernate.SQL - select ua1_0.scrty_dtrmn_trget_id,ua1_0.author_code,ua1_0.frst_register_id,ua1_0.frst_regist_pnttm,ua1_0.last_updusr_id,ua1_0.last_updt_pnttm,ua1_0.mber_ty_code from nemplyrscrtyestbs ua1_0 where ua1_0.scrty_dtrmn_trget_id=?
2026-03-16 17:10:38 [http-nio-8080-exec-15] DEBUG o.s.orm.jpa.JpaTransactionManager - Initiating transaction commit
2026-03-16 17:10:38 [http-nio-8080-exec-15] DEBUG o.s.orm.jpa.JpaTransactionManager - Committing JPA transaction on EntityManager [SessionImpl(1967804785<open>)]
2026-03-16 17:10:38 [http-nio-8080-exec-3] DEBUG o.s.orm.jpa.JpaTransactionManager - Initiating transaction commit
2026-03-16 17:10:38 [http-nio-8080-exec-3] DEBUG o.s.orm.jpa.JpaTransactionManager - Committing JPA transaction on EntityManager [SessionImpl(2055160402<open>)]
2026-03-16 17:10:38 [http-nio-8080-exec-15] DEBUG o.s.orm.jpa.JpaTransactionManager - Closing JPA EntityManager [SessionImpl(1967804785<open>)] after transaction
2026-03-16 17:10:38 [http-nio-8080-exec-15] DEBUG c.c.p.s.jwt.JwtAuthenticationFilter - >>> [JwtFilter] Successfully authenticated user: USRCNFRM_99999999999, Authorities: [ROLE_ADMIN]
2026-03-16 17:10:38 [http-nio-8080-exec-15] DEBUG o.s.web.servlet.DispatcherServlet - GET "/api/v1/menu/head", parameters={}
2026-03-16 17:10:38 [http-nio-8080-exec-15] TRACE o.s.w.s.m.m.a.RequestMappingHandlerMapping - Mapped to com.company.project.api.controller.menu.MenuController#getHeadMenu()
2026-03-16 17:10:38 [http-nio-8080-exec-15] INFO  c.c.p.a.c.menu.MenuController - getHeadMenu called
2026-03-16 17:10:38 [http-nio-8080-exec-15] INFO  c.c.p.a.c.menu.MenuController - getHeadMenu returned 5 items
2026-03-16 17:10:38 [http-nio-8080-exec-15] DEBUG o.s.w.s.m.m.a.HttpEntityMethodProcessor - Using 'application/json', given [application/json, text/plain, */*] and supported [application/json, application/*+json, application/yaml]
2026-03-16 17:10:38 [http-nio-8080-exec-15] TRACE o.s.w.s.m.m.a.HttpEntityMethodProcessor - Writing [ApiResponse[success=true, status=200, code=COMMON_001, message=Success, data={list=[com.company.project.service.menu.dto.MenuDto@2b80d6b0, com.company.project.service.menu.dto.MenuDto@1418cfa3, com.company.project.service.menu.dto.MenuDto@f230bf1, com.company.project.service.menu.dto.MenuDto@734a7f6a, com.company.project.service.menu.dto.MenuDto@5e5202e5]}, timestamp=2026-03-16T17:10:38.879533500]]
2026-03-16 17:10:38 [http-nio-8080-exec-15] INFO  c.c.p.a.i.OperationalAuditInterceptor - API Audit Log: URL=/api/v1/menu/head, User=webmaster, IP=0:0:0:0:0:0:0:1
2026-03-16 17:10:38 [http-nio-8080-exec-15] DEBUG o.s.web.servlet.DispatcherServlet - Completed 200 OK
2026-03-16 17:10:38 [http-nio-8080-exec-10] DEBUG c.c.p.s.jwt.JwtAuthenticationFilter - >>> [JwtFilter] Processing request: GET /api/v1/menu/left
2026-03-16 17:10:38 [http-nio-8080-exec-10] DEBUG c.c.p.s.jwt.JwtAuthenticationFilter - >>> [JwtFilter] Found token in header for path: /api/v1/menu/left
2026-03-16 17:10:38 [http-nio-8080-exec-3] DEBUG o.s.orm.jpa.JpaTransactionManager - Closing JPA EntityManager [SessionImpl(2055160402<open>)] after transaction
2026-03-16 17:10:38 [http-nio-8080-exec-10] DEBUG o.s.orm.jpa.JpaTransactionManager - Creating new transaction with name [com.company.project.security.iam.CustomUserDetailsService.loadUserByUsername]: PROPAGATION_REQUIRED,ISOLATION_DEFAULT,readOnly
2026-03-16 17:10:38 [http-nio-8080-exec-3] DEBUG c.c.p.s.jwt.JwtAuthenticationFilter - >>> [JwtFilter] Successfully authenticated user: USRCNFRM_99999999999, Authorities: [ROLE_ADMIN]
2026-03-16 17:10:38 [http-nio-8080-exec-10] DEBUG o.s.orm.jpa.JpaTransactionManager - Opened new EntityManager [SessionImpl(68035782<open>)] for JPA transaction
2026-03-16 17:10:38 [http-nio-8080-exec-3] DEBUG o.s.web.servlet.DispatcherServlet - GET "/api/v1/dashboard", parameters={}
2026-03-16 17:10:38 [http-nio-8080-exec-3] TRACE o.s.w.s.m.m.a.RequestMappingHandlerMapping - Mapped to com.company.project.api.controller.main.DashboardController#getDashboardData(UserDetails)
2026-03-16 17:10:38 [http-nio-8080-exec-3] INFO  c.c.p.a.c.main.DashboardController - >>> [Dashboard] Fetching data for user: USRCNFRM_99999999999
2026-03-16 17:10:38 [http-nio-8080-exec-3] DEBUG o.s.orm.jpa.JpaTransactionManager - Creating new transaction with name [com.company.project.service.board.BoardService.getBoardPosts]: PROPAGATION_REQUIRED,ISOLATION_DEFAULT,readOnly
2026-03-16 17:10:38 [http-nio-8080-exec-3] DEBUG o.s.orm.jpa.JpaTransactionManager - Opened new EntityManager [SessionImpl(723885157<open>)] for JPA transaction
2026-03-16 17:10:38 [http-nio-8080-exec-3] DEBUG o.s.orm.jpa.JpaTransactionManager - Exposing JPA transaction as JDBC [org.springframework.orm.jpa.vendor.HibernateJpaDialect$HibernateConnectionHandle@253e0f88]
2026-03-16 17:10:38 [http-nio-8080-exec-3] DEBUG o.s.orm.jpa.JpaTransactionManager - Found thread-bound EntityManager [SessionImpl(723885157<open>)] for JPA transaction
2026-03-16 17:10:38 [http-nio-8080-exec-3] DEBUG o.s.orm.jpa.JpaTransactionManager - Participating in existing transaction
2026-03-16 17:10:38 [http-nio-8080-exec-3] DEBUG org.hibernate.SQL - select bm1_0.bbs_id,bm1_0.atch_posbl_file_number,bm1_0.atch_posbl_file_size,bm1_0.bbs_attrb_code,bm1_0.bbs_intrcn,bm1_0.bbs_nm,bm1_0.bbs_ty_code,bm1_0.blog_at,bm1_0.blog_id,bm1_0.cmmnty_id,bm1_0.frst_register_id,bm1_0.frst_regist_pnttm,bm1_0.file_atch_posbl_at,bm1_0.last_updusr_id,bm1_0.last_updt_pnttm,bm1_0.reply_posbl_at,bm1_0.tmplat_id,bm1_0.use_at,bm1_1.answer_at,bm1_1.stsfdg_at from nbbsmaster bm1_0 left join nbbsmasteroptn bm1_1 on bm1_0.bbs_id=bm1_1.bbs_id where bm1_0.bbs_id=?
2026-03-16 17:10:38 [http-nio-8080-exec-17] DEBUG c.c.p.s.jwt.JwtAuthenticationFilter - >>> [JwtFilter] Processing request: GET /api/v1/menu/left
2026-03-16 17:10:38 [http-nio-8080-exec-9] DEBUG c.c.p.s.jwt.JwtAuthenticationFilter - >>> [JwtFilter] Processing request: GET /api/v1/menu/left
2026-03-16 17:10:38 [http-nio-8080-exec-17] DEBUG c.c.p.s.jwt.JwtAuthenticationFilter - >>> [JwtFilter] Found token in header for path: /api/v1/menu/left
2026-03-16 17:10:38 [http-nio-8080-exec-8] DEBUG c.c.p.s.jwt.JwtAuthenticationFilter - >>> [JwtFilter] Processing request: GET /api/v1/menu/left
2026-03-16 17:10:38 [http-nio-8080-exec-9] DEBUG c.c.p.s.jwt.JwtAuthenticationFilter - >>> [JwtFilter] Found token in header for path: /api/v1/menu/left
2026-03-16 17:10:38 [http-nio-8080-exec-12] DEBUG c.c.p.s.jwt.JwtAuthenticationFilter - >>> [JwtFilter] Processing request: GET /api/v1/menu/left
2026-03-16 17:10:38 [http-nio-8080-exec-8] DEBUG c.c.p.s.jwt.JwtAuthenticationFilter - >>> [JwtFilter] Found token in header for path: /api/v1/menu/left
2026-03-16 17:10:38 [http-nio-8080-exec-12] DEBUG c.c.p.s.jwt.JwtAuthenticationFilter - >>> [JwtFilter] Found token in header for path: /api/v1/menu/left
2026-03-16 17:10:38 [http-nio-8080-exec-8] DEBUG o.s.orm.jpa.JpaTransactionManager - Creating new transaction with name [com.company.project.security.iam.CustomUserDetailsService.loadUserByUsername]: PROPAGATION_REQUIRED,ISOLATION_DEFAULT,readOnly
2026-03-16 17:10:38 [http-nio-8080-exec-9] DEBUG o.s.orm.jpa.JpaTransactionManager - Creating new transaction with name [com.company.project.security.iam.CustomUserDetailsService.loadUserByUsername]: PROPAGATION_REQUIRED,ISOLATION_DEFAULT,readOnly
2026-03-16 17:10:38 [http-nio-8080-exec-8] DEBUG o.s.orm.jpa.JpaTransactionManager - Opened new EntityManager [SessionImpl(767276665<open>)] for JPA transaction
2026-03-16 17:10:38 [http-nio-8080-exec-9] DEBUG o.s.orm.jpa.JpaTransactionManager - Opened new EntityManager [SessionImpl(1393369718<open>)] for JPA transaction
2026-03-16 17:10:38 [http-nio-8080-exec-17] DEBUG o.s.orm.jpa.JpaTransactionManager - Creating new transaction with name [com.company.project.security.iam.CustomUserDetailsService.loadUserByUsername]: PROPAGATION_REQUIRED,ISOLATION_DEFAULT,readOnly
2026-03-16 17:10:38 [http-nio-8080-exec-12] DEBUG o.s.orm.jpa.JpaTransactionManager - Creating new transaction with name [com.company.project.security.iam.CustomUserDetailsService.loadUserByUsername]: PROPAGATION_REQUIRED,ISOLATION_DEFAULT,readOnly
2026-03-16 17:10:38 [http-nio-8080-exec-17] DEBUG o.s.orm.jpa.JpaTransactionManager - Opened new EntityManager [SessionImpl(2133113009<open>)] for JPA transaction
2026-03-16 17:10:38 [http-nio-8080-exec-12] DEBUG o.s.orm.jpa.JpaTransactionManager - Opened new EntityManager [SessionImpl(1538672874<open>)] for JPA transaction
2026-03-16 17:10:39 [http-nio-8080-exec-10] DEBUG o.s.orm.jpa.JpaTransactionManager - Exposing JPA transaction as JDBC [org.springframework.orm.jpa.vendor.HibernateJpaDialect$HibernateConnectionHandle@56cb282f]
2026-03-16 17:10:39 [http-nio-8080-exec-10] DEBUG o.s.orm.jpa.JpaTransactionManager - Found thread-bound EntityManager [SessionImpl(68035782<open>)] for JPA transaction
2026-03-16 17:10:39 [http-nio-8080-exec-10] DEBUG o.s.orm.jpa.JpaTransactionManager - Participating in existing transaction
2026-03-16 17:10:39 [http-nio-8080-exec-10] DEBUG org.hibernate.SQL - select u1_0.emplyr_id,u1_0.area_no,u1_0.brthdy,u1_0.chg_pwd_cnt,u1_0.frst_register_id,u1_0.frst_regist_pnttm,u1_0.detail_adres,u1_0.email_adres,u1_0.emplyr_sttus_code,u1_0.empl_no,u1_0.esntl_id,u1_0.fxnum,u1_0.group_id,u1_0.house_adres,u1_0.house_end_telno,u1_0.house_middle_telno,u1_0.ihidnum,u1_0.pstinst_code,u1_0.last_updusr_id,u1_0.last_updt_pnttm,u1_0.lock_at,u1_0.lock_cnt,u1_0.lock_last_pnttm,u1_0.mbtlnum,u1_0.ofcps_nm,u1_0.offm_telno,u1_0.orgnzt_id,u1_0.password,u1_0.password_cnsr,u1_0.password_hint,u1_0.chg_pwd_last_pnttm,u1_0.role,u1_0.sbscrb_de,u1_0.sexdstn_code,u1_0.crtfc_dn_value,u1_0.user_nm,u1_0.zip from nemplyrinfo u1_0 where u1_0.emplyr_id=?
2026-03-16 17:10:39 [http-nio-8080-exec-12] DEBUG o.s.orm.jpa.JpaTransactionManager - Exposing JPA transaction as JDBC [org.springframework.orm.jpa.vendor.HibernateJpaDialect$HibernateConnectionHandle@3290129]
2026-03-16 17:10:39 [http-nio-8080-exec-8] DEBUG o.s.orm.jpa.JpaTransactionManager - Exposing JPA transaction as JDBC [org.springframework.orm.jpa.vendor.HibernateJpaDialect$HibernateConnectionHandle@6460c35e]
2026-03-16 17:10:39 [http-nio-8080-exec-9] DEBUG o.s.orm.jpa.JpaTransactionManager - Exposing JPA transaction as JDBC [org.springframework.orm.jpa.vendor.HibernateJpaDialect$HibernateConnectionHandle@3469eeae]
2026-03-16 17:10:39 [http-nio-8080-exec-12] DEBUG o.s.orm.jpa.JpaTransactionManager - Found thread-bound EntityManager [SessionImpl(1538672874<open>)] for JPA transaction
2026-03-16 17:10:39 [http-nio-8080-exec-8] DEBUG o.s.orm.jpa.JpaTransactionManager - Found thread-bound EntityManager [SessionImpl(767276665<open>)] for JPA transaction
2026-03-16 17:10:39 [http-nio-8080-exec-9] DEBUG o.s.orm.jpa.JpaTransactionManager - Found thread-bound EntityManager [SessionImpl(1393369718<open>)] for JPA transaction
2026-03-16 17:10:39 [http-nio-8080-exec-12] DEBUG o.s.orm.jpa.JpaTransactionManager - Participating in existing transaction
2026-03-16 17:10:39 [http-nio-8080-exec-8] DEBUG o.s.orm.jpa.JpaTransactionManager - Participating in existing transaction
2026-03-16 17:10:39 [http-nio-8080-exec-9] DEBUG o.s.orm.jpa.JpaTransactionManager - Participating in existing transaction
2026-03-16 17:10:39 [http-nio-8080-exec-12] DEBUG org.hibernate.SQL - select u1_0.emplyr_id,u1_0.area_no,u1_0.brthdy,u1_0.chg_pwd_cnt,u1_0.frst_register_id,u1_0.frst_regist_pnttm,u1_0.detail_adres,u1_0.email_adres,u1_0.emplyr_sttus_code,u1_0.empl_no,u1_0.esntl_id,u1_0.fxnum,u1_0.group_id,u1_0.house_adres,u1_0.house_end_telno,u1_0.house_middle_telno,u1_0.ihidnum,u1_0.pstinst_code,u1_0.last_updusr_id,u1_0.last_updt_pnttm,u1_0.lock_at,u1_0.lock_cnt,u1_0.lock_last_pnttm,u1_0.mbtlnum,u1_0.ofcps_nm,u1_0.offm_telno,u1_0.orgnzt_id,u1_0.password,u1_0.password_cnsr,u1_0.password_hint,u1_0.chg_pwd_last_pnttm,u1_0.role,u1_0.sbscrb_de,u1_0.sexdstn_code,u1_0.crtfc_dn_value,u1_0.user_nm,u1_0.zip from nemplyrinfo u1_0 where u1_0.emplyr_id=?
2026-03-16 17:10:39 [http-nio-8080-exec-9] DEBUG org.hibernate.SQL - select u1_0.emplyr_id,u1_0.area_no,u1_0.brthdy,u1_0.chg_pwd_cnt,u1_0.frst_register_id,u1_0.frst_regist_pnttm,u1_0.detail_adres,u1_0.email_adres,u1_0.emplyr_sttus_code,u1_0.empl_no,u1_0.esntl_id,u1_0.fxnum,u1_0.group_id,u1_0.house_adres,u1_0.house_end_telno,u1_0.house_middle_telno,u1_0.ihidnum,u1_0.pstinst_code,u1_0.last_updusr_id,u1_0.last_updt_pnttm,u1_0.lock_at,u1_0.lock_cnt,u1_0.lock_last_pnttm,u1_0.mbtlnum,u1_0.ofcps_nm,u1_0.offm_telno,u1_0.orgnzt_id,u1_0.password,u1_0.password_cnsr,u1_0.password_hint,u1_0.chg_pwd_last_pnttm,u1_0.role,u1_0.sbscrb_de,u1_0.sexdstn_code,u1_0.crtfc_dn_value,u1_0.user_nm,u1_0.zip from nemplyrinfo u1_0 where u1_0.emplyr_id=?
2026-03-16 17:10:39 [http-nio-8080-exec-8] DEBUG org.hibernate.SQL - select u1_0.emplyr_id,u1_0.area_no,u1_0.brthdy,u1_0.chg_pwd_cnt,u1_0.frst_register_id,u1_0.frst_regist_pnttm,u1_0.detail_adres,u1_0.email_adres,u1_0.emplyr_sttus_code,u1_0.empl_no,u1_0.esntl_id,u1_0.fxnum,u1_0.group_id,u1_0.house_adres,u1_0.house_end_telno,u1_0.house_middle_telno,u1_0.ihidnum,u1_0.pstinst_code,u1_0.last_updusr_id,u1_0.last_updt_pnttm,u1_0.lock_at,u1_0.lock_cnt,u1_0.lock_last_pnttm,u1_0.mbtlnum,u1_0.ofcps_nm,u1_0.offm_telno,u1_0.orgnzt_id,u1_0.password,u1_0.password_cnsr,u1_0.password_hint,u1_0.chg_pwd_last_pnttm,u1_0.role,u1_0.sbscrb_de,u1_0.sexdstn_code,u1_0.crtfc_dn_value,u1_0.user_nm,u1_0.zip from nemplyrinfo u1_0 where u1_0.emplyr_id=?
2026-03-16 17:10:39 [http-nio-8080-exec-3] DEBUG org.hibernate.SQL - select b1_0.ntt_id,b1_0.bbs_id,b1_0.ntt_sj,b1_0.ntcr_nm,b1_0.frst_regist_pnttm,b1_0.rdcnt,b1_0.answer_at,b1_0.parntsctt_no,b1_0.answer_lc,b1_0.sort_ordr,b1_0.ntt_no,b1_0.notice_at,b1_0.secret_at,b1_0.comment_co from nbbs b1_0 left join nemplyrinfo u1_0 on b1_0.frst_register_id=u1_0.esntl_id where (b1_0.use_at = 'Y') and b1_0.bbs_id=? order by b1_0.sort_ordr desc,b1_0.ntt_no offset ? rows fetch first ? rows only
2026-03-16 17:10:39 [http-nio-8080-exec-17] DEBUG o.s.orm.jpa.JpaTransactionManager - Exposing JPA transaction as JDBC [org.springframework.orm.jpa.vendor.HibernateJpaDialect$HibernateConnectionHandle@7b20caad]
2026-03-16 17:10:39 [http-nio-8080-exec-17] DEBUG o.s.orm.jpa.JpaTransactionManager - Found thread-bound EntityManager [SessionImpl(2133113009<open>)] for JPA transaction
2026-03-16 17:10:39 [http-nio-8080-exec-17] DEBUG o.s.orm.jpa.JpaTransactionManager - Participating in existing transaction
2026-03-16 17:10:39 [http-nio-8080-exec-17] DEBUG org.hibernate.SQL - select u1_0.emplyr_id,u1_0.area_no,u1_0.brthdy,u1_0.chg_pwd_cnt,u1_0.frst_register_id,u1_0.frst_regist_pnttm,u1_0.detail_adres,u1_0.email_adres,u1_0.emplyr_sttus_code,u1_0.empl_no,u1_0.esntl_id,u1_0.fxnum,u1_0.group_id,u1_0.house_adres,u1_0.house_end_telno,u1_0.house_middle_telno,u1_0.ihidnum,u1_0.pstinst_code,u1_0.last_updusr_id,u1_0.last_updt_pnttm,u1_0.lock_at,u1_0.lock_cnt,u1_0.lock_last_pnttm,u1_0.mbtlnum,u1_0.ofcps_nm,u1_0.offm_telno,u1_0.orgnzt_id,u1_0.password,u1_0.password_cnsr,u1_0.password_hint,u1_0.chg_pwd_last_pnttm,u1_0.role,u1_0.sbscrb_de,u1_0.sexdstn_code,u1_0.crtfc_dn_value,u1_0.user_nm,u1_0.zip from nemplyrinfo u1_0 where u1_0.emplyr_id=?
2026-03-16 17:10:39 [http-nio-8080-exec-10] DEBUG o.s.orm.jpa.JpaTransactionManager - Found thread-bound EntityManager [SessionImpl(68035782<open>)] for JPA transaction
2026-03-16 17:10:39 [http-nio-8080-exec-10] DEBUG o.s.orm.jpa.JpaTransactionManager - Participating in existing transaction
2026-03-16 17:10:39 [http-nio-8080-exec-10] DEBUG org.hibernate.SQL - select ua1_0.scrty_dtrmn_trget_id,ua1_0.author_code,ua1_0.frst_register_id,ua1_0.frst_regist_pnttm,ua1_0.last_updusr_id,ua1_0.last_updt_pnttm,ua1_0.mber_ty_code from nemplyrscrtyestbs ua1_0 where ua1_0.scrty_dtrmn_trget_id=?
2026-03-16 17:10:39 [http-nio-8080-exec-12] DEBUG o.s.orm.jpa.JpaTransactionManager - Found thread-bound EntityManager [SessionImpl(1538672874<open>)] for JPA transaction
2026-03-16 17:10:39 [http-nio-8080-exec-8] DEBUG o.s.orm.jpa.JpaTransactionManager - Found thread-bound EntityManager [SessionImpl(767276665<open>)] for JPA transaction
2026-03-16 17:10:39 [http-nio-8080-exec-12] DEBUG o.s.orm.jpa.JpaTransactionManager - Participating in existing transaction
2026-03-16 17:10:39 [http-nio-8080-exec-8] DEBUG o.s.orm.jpa.JpaTransactionManager - Participating in existing transaction
2026-03-16 17:10:39 [http-nio-8080-exec-8] DEBUG org.hibernate.SQL - select ua1_0.scrty_dtrmn_trget_id,ua1_0.author_code,ua1_0.frst_register_id,ua1_0.frst_regist_pnttm,ua1_0.last_updusr_id,ua1_0.last_updt_pnttm,ua1_0.mber_ty_code from nemplyrscrtyestbs ua1_0 where ua1_0.scrty_dtrmn_trget_id=?
2026-03-16 17:10:39 [http-nio-8080-exec-12] DEBUG org.hibernate.SQL - select ua1_0.scrty_dtrmn_trget_id,ua1_0.author_code,ua1_0.frst_register_id,ua1_0.frst_regist_pnttm,ua1_0.last_updusr_id,ua1_0.last_updt_pnttm,ua1_0.mber_ty_code from nemplyrscrtyestbs ua1_0 where ua1_0.scrty_dtrmn_trget_id=?
2026-03-16 17:10:39 [http-nio-8080-exec-9] DEBUG o.s.orm.jpa.JpaTransactionManager - Found thread-bound EntityManager [SessionImpl(1393369718<open>)] for JPA transaction
2026-03-16 17:10:39 [http-nio-8080-exec-9] DEBUG o.s.orm.jpa.JpaTransactionManager - Participating in existing transaction
2026-03-16 17:10:39 [http-nio-8080-exec-9] DEBUG org.hibernate.SQL - select ua1_0.scrty_dtrmn_trget_id,ua1_0.author_code,ua1_0.frst_register_id,ua1_0.frst_regist_pnttm,ua1_0.last_updusr_id,ua1_0.last_updt_pnttm,ua1_0.mber_ty_code from nemplyrscrtyestbs ua1_0 where ua1_0.scrty_dtrmn_trget_id=?
2026-03-16 17:10:39 [http-nio-8080-exec-3] DEBUG org.hibernate.SQL - select count(b1_0.ntt_id) from nbbs b1_0 left join nemplyrinfo u1_0 on b1_0.frst_register_id=u1_0.esntl_id where (b1_0.use_at = 'Y') and b1_0.bbs_id=?
2026-03-16 17:10:39 [http-nio-8080-exec-17] DEBUG o.s.orm.jpa.JpaTransactionManager - Found thread-bound EntityManager [SessionImpl(2133113009<open>)] for JPA transaction
2026-03-16 17:10:39 [http-nio-8080-exec-17] DEBUG o.s.orm.jpa.JpaTransactionManager - Participating in existing transaction
2026-03-16 17:10:39 [http-nio-8080-exec-17] DEBUG org.hibernate.SQL - select ua1_0.scrty_dtrmn_trget_id,ua1_0.author_code,ua1_0.frst_register_id,ua1_0.frst_regist_pnttm,ua1_0.last_updusr_id,ua1_0.last_updt_pnttm,ua1_0.mber_ty_code from nemplyrscrtyestbs ua1_0 where ua1_0.scrty_dtrmn_trget_id=?
2026-03-16 17:10:39 [http-nio-8080-exec-10] DEBUG o.s.orm.jpa.JpaTransactionManager - Initiating transaction commit
2026-03-16 17:10:39 [http-nio-8080-exec-10] DEBUG o.s.orm.jpa.JpaTransactionManager - Committing JPA transaction on EntityManager [SessionImpl(68035782<open>)]
2026-03-16 17:10:39 [http-nio-8080-exec-8] DEBUG o.s.orm.jpa.JpaTransactionManager - Initiating transaction commit
2026-03-16 17:10:39 [http-nio-8080-exec-12] DEBUG o.s.orm.jpa.JpaTransactionManager - Initiating transaction commit
2026-03-16 17:10:39 [http-nio-8080-exec-8] DEBUG o.s.orm.jpa.JpaTransactionManager - Committing JPA transaction on EntityManager [SessionImpl(767276665<open>)]
2026-03-16 17:10:39 [http-nio-8080-exec-12] DEBUG o.s.orm.jpa.JpaTransactionManager - Committing JPA transaction on EntityManager [SessionImpl(1538672874<open>)]
2026-03-16 17:10:39 [http-nio-8080-exec-9] DEBUG o.s.orm.jpa.JpaTransactionManager - Initiating transaction commit
2026-03-16 17:10:39 [http-nio-8080-exec-9] DEBUG o.s.orm.jpa.JpaTransactionManager - Committing JPA transaction on EntityManager [SessionImpl(1393369718<open>)]
2026-03-16 17:10:39 [http-nio-8080-exec-3] DEBUG o.s.orm.jpa.JpaTransactionManager - Initiating transaction commit
2026-03-16 17:10:39 [http-nio-8080-exec-3] DEBUG o.s.orm.jpa.JpaTransactionManager - Committing JPA transaction on EntityManager [SessionImpl(723885157<open>)]
2026-03-16 17:10:39 [http-nio-8080-exec-17] DEBUG o.s.orm.jpa.JpaTransactionManager - Initiating transaction commit
2026-03-16 17:10:39 [http-nio-8080-exec-17] DEBUG o.s.orm.jpa.JpaTransactionManager - Committing JPA transaction on EntityManager [SessionImpl(2133113009<open>)]
2026-03-16 17:10:39 [http-nio-8080-exec-10] DEBUG o.s.orm.jpa.JpaTransactionManager - Closing JPA EntityManager [SessionImpl(68035782<open>)] after transaction
2026-03-16 17:10:39 [http-nio-8080-exec-10] DEBUG c.c.p.s.jwt.JwtAuthenticationFilter - >>> [JwtFilter] Successfully authenticated user: USRCNFRM_99999999999, Authorities: [ROLE_ADMIN]
2026-03-16 17:10:39 [http-nio-8080-exec-10] DEBUG o.s.web.servlet.DispatcherServlet - GET "/api/v1/menu/left?menuNo=10", parameters={masked}
2026-03-16 17:10:39 [http-nio-8080-exec-10] TRACE o.s.w.s.m.m.a.RequestMappingHandlerMapping - Mapped to com.company.project.api.controller.menu.MenuController#getLeftMenu(Long)
2026-03-16 17:10:39 [http-nio-8080-exec-10] INFO  c.c.p.a.c.menu.MenuController - getLeftMenu called with menuNo=10
2026-03-16 17:10:39 [http-nio-8080-exec-10] DEBUG o.s.orm.jpa.JpaTransactionManager - Creating new transaction with name [com.company.project.service.menu.MenuService.getSubMenus]: PROPAGATION_REQUIRED,ISOLATION_DEFAULT,readOnly
2026-03-16 17:10:39 [http-nio-8080-exec-10] DEBUG o.s.orm.jpa.JpaTransactionManager - Opened new EntityManager [SessionImpl(963032743<open>)] for JPA transaction
2026-03-16 17:10:39 [http-nio-8080-exec-10] DEBUG o.s.orm.jpa.JpaTransactionManager - Exposing JPA transaction as JDBC [org.springframework.orm.jpa.vendor.HibernateJpaDialect$HibernateConnectionHandle@3dd4097a]
2026-03-16 17:10:39 [http-nio-8080-exec-10] DEBUG org.hibernate.SQL - select m1_0.menu_no,m1_0.menu_dc,m1_0.menu_nm,m1_0.menu_ordr,m1_0.modern_route,m1_0.progrm_file_nm,m1_0.relate_image_nm,m1_0.relate_image_path,m1_0.route_updated_at,m1_0.upper_menu_no from nmenuinfo m1_0 order by m1_0.upper_menu_no,m1_0.menu_ordr
2026-03-16 17:10:39 [http-nio-8080-exec-8] DEBUG o.s.orm.jpa.JpaTransactionManager - Closing JPA EntityManager [SessionImpl(767276665<open>)] after transaction
2026-03-16 17:10:39 [http-nio-8080-exec-12] DEBUG o.s.orm.jpa.JpaTransactionManager - Closing JPA EntityManager [SessionImpl(1538672874<open>)] after transaction
2026-03-16 17:10:39 [http-nio-8080-exec-8] DEBUG c.c.p.s.jwt.JwtAuthenticationFilter - >>> [JwtFilter] Successfully authenticated user: USRCNFRM_99999999999, Authorities: [ROLE_ADMIN]
2026-03-16 17:10:39 [http-nio-8080-exec-12] DEBUG c.c.p.s.jwt.JwtAuthenticationFilter - >>> [JwtFilter] Successfully authenticated user: USRCNFRM_99999999999, Authorities: [ROLE_ADMIN]
2026-03-16 17:10:39 [http-nio-8080-exec-12] DEBUG o.s.web.servlet.DispatcherServlet - GET "/api/v1/menu/left?menuNo=50", parameters={masked}
2026-03-16 17:10:39 [http-nio-8080-exec-8] DEBUG o.s.web.servlet.DispatcherServlet - GET "/api/v1/menu/left?menuNo=60", parameters={masked}
2026-03-16 17:10:39 [http-nio-8080-exec-12] TRACE o.s.w.s.m.m.a.RequestMappingHandlerMapping - Mapped to com.company.project.api.controller.menu.MenuController#getLeftMenu(Long)
2026-03-16 17:10:39 [http-nio-8080-exec-8] TRACE o.s.w.s.m.m.a.RequestMappingHandlerMapping - Mapped to com.company.project.api.controller.menu.MenuController#getLeftMenu(Long)
2026-03-16 17:10:39 [http-nio-8080-exec-12] INFO  c.c.p.a.c.menu.MenuController - getLeftMenu called with menuNo=50
2026-03-16 17:10:39 [http-nio-8080-exec-8] INFO  c.c.p.a.c.menu.MenuController - getLeftMenu called with menuNo=60
2026-03-16 17:10:39 [http-nio-8080-exec-12] DEBUG o.s.orm.jpa.JpaTransactionManager - Creating new transaction with name [com.company.project.service.menu.MenuService.getSubMenus]: PROPAGATION_REQUIRED,ISOLATION_DEFAULT,readOnly
2026-03-16 17:10:39 [http-nio-8080-exec-8] DEBUG o.s.orm.jpa.JpaTransactionManager - Creating new transaction with name [com.company.project.service.menu.MenuService.getSubMenus]: PROPAGATION_REQUIRED,ISOLATION_DEFAULT,readOnly
2026-03-16 17:10:39 [http-nio-8080-exec-12] DEBUG o.s.orm.jpa.JpaTransactionManager - Opened new EntityManager [SessionImpl(1650253495<open>)] for JPA transaction
2026-03-16 17:10:39 [http-nio-8080-exec-8] DEBUG o.s.orm.jpa.JpaTransactionManager - Opened new EntityManager [SessionImpl(994641674<open>)] for JPA transaction
2026-03-16 17:10:39 [http-nio-8080-exec-12] DEBUG o.s.orm.jpa.JpaTransactionManager - Exposing JPA transaction as JDBC [org.springframework.orm.jpa.vendor.HibernateJpaDialect$HibernateConnectionHandle@3485b834]
2026-03-16 17:10:39 [http-nio-8080-exec-8] DEBUG o.s.orm.jpa.JpaTransactionManager - Exposing JPA transaction as JDBC [org.springframework.orm.jpa.vendor.HibernateJpaDialect$HibernateConnectionHandle@14ecd273]
2026-03-16 17:10:39 [http-nio-8080-exec-12] DEBUG org.hibernate.SQL - select m1_0.menu_no,m1_0.menu_dc,m1_0.menu_nm,m1_0.menu_ordr,m1_0.modern_route,m1_0.progrm_file_nm,m1_0.relate_image_nm,m1_0.relate_image_path,m1_0.route_updated_at,m1_0.upper_menu_no from nmenuinfo m1_0 order by m1_0.upper_menu_no,m1_0.menu_ordr
2026-03-16 17:10:39 [http-nio-8080-exec-8] DEBUG org.hibernate.SQL - select m1_0.menu_no,m1_0.menu_dc,m1_0.menu_nm,m1_0.menu_ordr,m1_0.modern_route,m1_0.progrm_file_nm,m1_0.relate_image_nm,m1_0.relate_image_path,m1_0.route_updated_at,m1_0.upper_menu_no from nmenuinfo m1_0 order by m1_0.upper_menu_no,m1_0.menu_ordr
2026-03-16 17:10:39 [http-nio-8080-exec-9] DEBUG o.s.orm.jpa.JpaTransactionManager - Closing JPA EntityManager [SessionImpl(1393369718<open>)] after transaction
2026-03-16 17:10:39 [http-nio-8080-exec-9] DEBUG c.c.p.s.jwt.JwtAuthenticationFilter - >>> [JwtFilter] Successfully authenticated user: USRCNFRM_99999999999, Authorities: [ROLE_ADMIN]
2026-03-16 17:10:39 [http-nio-8080-exec-9] DEBUG o.s.web.servlet.DispatcherServlet - GET "/api/v1/menu/left?menuNo=20", parameters={masked}
2026-03-16 17:10:39 [http-nio-8080-exec-9] TRACE o.s.w.s.m.m.a.RequestMappingHandlerMapping - Mapped to com.company.project.api.controller.menu.MenuController#getLeftMenu(Long)
2026-03-16 17:10:39 [http-nio-8080-exec-9] INFO  c.c.p.a.c.menu.MenuController - getLeftMenu called with menuNo=20
2026-03-16 17:10:39 [http-nio-8080-exec-9] DEBUG o.s.orm.jpa.JpaTransactionManager - Creating new transaction with name [com.company.project.service.menu.MenuService.getSubMenus]: PROPAGATION_REQUIRED,ISOLATION_DEFAULT,readOnly
2026-03-16 17:10:39 [http-nio-8080-exec-9] DEBUG o.s.orm.jpa.JpaTransactionManager - Opened new EntityManager [SessionImpl(376922487<open>)] for JPA transaction
2026-03-16 17:10:39 [http-nio-8080-exec-9] DEBUG o.s.orm.jpa.JpaTransactionManager - Exposing JPA transaction as JDBC [org.springframework.orm.jpa.vendor.HibernateJpaDialect$HibernateConnectionHandle@46e54d00]
2026-03-16 17:10:39 [http-nio-8080-exec-9] DEBUG org.hibernate.SQL - select m1_0.menu_no,m1_0.menu_dc,m1_0.menu_nm,m1_0.menu_ordr,m1_0.modern_route,m1_0.progrm_file_nm,m1_0.relate_image_nm,m1_0.relate_image_path,m1_0.route_updated_at,m1_0.upper_menu_no from nmenuinfo m1_0 order by m1_0.upper_menu_no,m1_0.menu_ordr
2026-03-16 17:10:39 [http-nio-8080-exec-3] DEBUG o.s.orm.jpa.JpaTransactionManager - Closing JPA EntityManager [SessionImpl(723885157<open>)] after transaction
2026-03-16 17:10:39 [http-nio-8080-exec-3] DEBUG o.s.orm.jpa.JpaTransactionManager - Creating new transaction with name [com.company.project.service.board.BoardService.getBoardPosts]: PROPAGATION_REQUIRED,ISOLATION_DEFAULT,readOnly
2026-03-16 17:10:39 [http-nio-8080-exec-3] DEBUG o.s.orm.jpa.JpaTransactionManager - Opened new EntityManager [SessionImpl(82998547<open>)] for JPA transaction
2026-03-16 17:10:39 [http-nio-8080-exec-3] DEBUG o.s.orm.jpa.JpaTransactionManager - Exposing JPA transaction as JDBC [org.springframework.orm.jpa.vendor.HibernateJpaDialect$HibernateConnectionHandle@1ddb5b38]
2026-03-16 17:10:39 [http-nio-8080-exec-3] DEBUG o.s.orm.jpa.JpaTransactionManager - Found thread-bound EntityManager [SessionImpl(82998547<open>)] for JPA transaction
2026-03-16 17:10:39 [http-nio-8080-exec-3] DEBUG o.s.orm.jpa.JpaTransactionManager - Participating in existing transaction
2026-03-16 17:10:39 [http-nio-8080-exec-3] DEBUG org.hibernate.SQL - select bm1_0.bbs_id,bm1_0.atch_posbl_file_number,bm1_0.atch_posbl_file_size,bm1_0.bbs_attrb_code,bm1_0.bbs_intrcn,bm1_0.bbs_nm,bm1_0.bbs_ty_code,bm1_0.blog_at,bm1_0.blog_id,bm1_0.cmmnty_id,bm1_0.frst_register_id,bm1_0.frst_regist_pnttm,bm1_0.file_atch_posbl_at,bm1_0.last_updusr_id,bm1_0.last_updt_pnttm,bm1_0.reply_posbl_at,bm1_0.tmplat_id,bm1_0.use_at,bm1_1.answer_at,bm1_1.stsfdg_at from nbbsmaster bm1_0 left join nbbsmasteroptn bm1_1 on bm1_0.bbs_id=bm1_1.bbs_id where bm1_0.bbs_id=?
2026-03-16 17:10:39 [http-nio-8080-exec-17] DEBUG o.s.orm.jpa.JpaTransactionManager - Closing JPA EntityManager [SessionImpl(2133113009<open>)] after transaction
2026-03-16 17:10:39 [http-nio-8080-exec-17] DEBUG c.c.p.s.jwt.JwtAuthenticationFilter - >>> [JwtFilter] Successfully authenticated user: USRCNFRM_99999999999, Authorities: [ROLE_ADMIN]
2026-03-16 17:10:39 [http-nio-8080-exec-17] DEBUG o.s.web.servlet.DispatcherServlet - GET "/api/v1/menu/left?menuNo=40", parameters={masked}
2026-03-16 17:10:39 [http-nio-8080-exec-17] TRACE o.s.w.s.m.m.a.RequestMappingHandlerMapping - Mapped to com.company.project.api.controller.menu.MenuController#getLeftMenu(Long)
2026-03-16 17:10:39 [http-nio-8080-exec-17] INFO  c.c.p.a.c.menu.MenuController - getLeftMenu called with menuNo=40
2026-03-16 17:10:39 [http-nio-8080-exec-17] DEBUG o.s.orm.jpa.JpaTransactionManager - Creating new transaction with name [com.company.project.service.menu.MenuService.getSubMenus]: PROPAGATION_REQUIRED,ISOLATION_DEFAULT,readOnly
2026-03-16 17:10:39 [http-nio-8080-exec-17] DEBUG o.s.orm.jpa.JpaTransactionManager - Opened new EntityManager [SessionImpl(290130860<open>)] for JPA transaction
2026-03-16 17:10:39 [http-nio-8080-exec-17] DEBUG o.s.orm.jpa.JpaTransactionManager - Exposing JPA transaction as JDBC [org.springframework.orm.jpa.vendor.HibernateJpaDialect$HibernateConnectionHandle@23c27169]
2026-03-16 17:10:39 [http-nio-8080-exec-17] DEBUG org.hibernate.SQL - select m1_0.menu_no,m1_0.menu_dc,m1_0.menu_nm,m1_0.menu_ordr,m1_0.modern_route,m1_0.progrm_file_nm,m1_0.relate_image_nm,m1_0.relate_image_path,m1_0.route_updated_at,m1_0.upper_menu_no from nmenuinfo m1_0 order by m1_0.upper_menu_no,m1_0.menu_ordr
2026-03-16 17:10:39 [http-nio-8080-exec-3] DEBUG org.hibernate.SQL - select b1_0.ntt_id,b1_0.bbs_id,b1_0.ntt_sj,b1_0.ntcr_nm,b1_0.frst_regist_pnttm,b1_0.rdcnt,b1_0.answer_at,b1_0.parntsctt_no,b1_0.answer_lc,b1_0.sort_ordr,b1_0.ntt_no,b1_0.notice_at,b1_0.secret_at,b1_0.comment_co from nbbs b1_0 left join nemplyrinfo u1_0 on b1_0.frst_register_id=u1_0.esntl_id where (b1_0.use_at = 'Y') and b1_0.bbs_id=? order by b1_0.sort_ordr desc,b1_0.ntt_no offset ? rows fetch first ? rows only
2026-03-16 17:10:39 [http-nio-8080-exec-10] DEBUG o.s.orm.jpa.JpaTransactionManager - Found thread-bound EntityManager [SessionImpl(963032743<open>)] for JPA transaction
2026-03-16 17:10:39 [http-nio-8080-exec-10] DEBUG o.s.orm.jpa.JpaTransactionManager - Participating in existing transaction
2026-03-16 17:10:39 [http-nio-8080-exec-10] DEBUG org.hibernate.SQL - select p1_0.progrm_file_nm,p1_0.progrm_dc,p1_0.progrm_korean_nm,p1_0.progrm_stre_path,p1_0.url from nprogrmlist p1_0
2026-03-16 17:10:39 [http-nio-8080-exec-8] DEBUG o.s.orm.jpa.JpaTransactionManager - Found thread-bound EntityManager [SessionImpl(994641674<open>)] for JPA transaction
2026-03-16 17:10:39 [http-nio-8080-exec-12] DEBUG o.s.orm.jpa.JpaTransactionManager - Found thread-bound EntityManager [SessionImpl(1650253495<open>)] for JPA transaction
2026-03-16 17:10:39 [http-nio-8080-exec-8] DEBUG o.s.orm.jpa.JpaTransactionManager - Participating in existing transaction
2026-03-16 17:10:39 [http-nio-8080-exec-12] DEBUG o.s.orm.jpa.JpaTransactionManager - Participating in existing transaction
2026-03-16 17:10:39 [http-nio-8080-exec-8] DEBUG org.hibernate.SQL - select p1_0.progrm_file_nm,p1_0.progrm_dc,p1_0.progrm_korean_nm,p1_0.progrm_stre_path,p1_0.url from nprogrmlist p1_0
2026-03-16 17:10:39 [http-nio-8080-exec-12] DEBUG org.hibernate.SQL - select p1_0.progrm_file_nm,p1_0.progrm_dc,p1_0.progrm_korean_nm,p1_0.progrm_stre_path,p1_0.url from nprogrmlist p1_0
2026-03-16 17:10:39 [http-nio-8080-exec-9] DEBUG o.s.orm.jpa.JpaTransactionManager - Found thread-bound EntityManager [SessionImpl(376922487<open>)] for JPA transaction
2026-03-16 17:10:39 [http-nio-8080-exec-9] DEBUG o.s.orm.jpa.JpaTransactionManager - Participating in existing transaction
2026-03-16 17:10:39 [http-nio-8080-exec-9] DEBUG org.hibernate.SQL - select p1_0.progrm_file_nm,p1_0.progrm_dc,p1_0.progrm_korean_nm,p1_0.progrm_stre_path,p1_0.url from nprogrmlist p1_0
2026-03-16 17:10:39 [http-nio-8080-exec-3] DEBUG org.hibernate.SQL - select count(b1_0.ntt_id) from nbbs b1_0 left join nemplyrinfo u1_0 on b1_0.frst_register_id=u1_0.esntl_id where (b1_0.use_at = 'Y') and b1_0.bbs_id=?
2026-03-16 17:10:39 [http-nio-8080-exec-17] DEBUG o.s.orm.jpa.JpaTransactionManager - Found thread-bound EntityManager [SessionImpl(290130860<open>)] for JPA transaction
2026-03-16 17:10:39 [http-nio-8080-exec-17] DEBUG o.s.orm.jpa.JpaTransactionManager - Participating in existing transaction
2026-03-16 17:10:39 [http-nio-8080-exec-17] DEBUG org.hibernate.SQL - select p1_0.progrm_file_nm,p1_0.progrm_dc,p1_0.progrm_korean_nm,p1_0.progrm_stre_path,p1_0.url from nprogrmlist p1_0
2026-03-16 17:10:39 [http-nio-8080-exec-10] DEBUG o.s.orm.jpa.JpaTransactionManager - Initiating transaction commit
2026-03-16 17:10:39 [http-nio-8080-exec-10] DEBUG o.s.orm.jpa.JpaTransactionManager - Committing JPA transaction on EntityManager [SessionImpl(963032743<open>)]
2026-03-16 17:10:39 [http-nio-8080-exec-8] DEBUG o.s.orm.jpa.JpaTransactionManager - Initiating transaction commit
2026-03-16 17:10:39 [http-nio-8080-exec-12] DEBUG o.s.orm.jpa.JpaTransactionManager - Initiating transaction commit
2026-03-16 17:10:39 [http-nio-8080-exec-8] DEBUG o.s.orm.jpa.JpaTransactionManager - Committing JPA transaction on EntityManager [SessionImpl(994641674<open>)]
2026-03-16 17:10:39 [http-nio-8080-exec-12] DEBUG o.s.orm.jpa.JpaTransactionManager - Committing JPA transaction on EntityManager [SessionImpl(1650253495<open>)]
2026-03-16 17:10:40 [http-nio-8080-exec-9] DEBUG o.s.orm.jpa.JpaTransactionManager - Initiating transaction commit
2026-03-16 17:10:40 [http-nio-8080-exec-9] DEBUG o.s.orm.jpa.JpaTransactionManager - Committing JPA transaction on EntityManager [SessionImpl(376922487<open>)]
2026-03-16 17:10:40 [http-nio-8080-exec-3] DEBUG o.s.orm.jpa.JpaTransactionManager - Initiating transaction commit
2026-03-16 17:10:40 [http-nio-8080-exec-3] DEBUG o.s.orm.jpa.JpaTransactionManager - Committing JPA transaction on EntityManager [SessionImpl(82998547<open>)]
2026-03-16 17:10:40 [http-nio-8080-exec-17] DEBUG o.s.orm.jpa.JpaTransactionManager - Initiating transaction commit
2026-03-16 17:10:40 [http-nio-8080-exec-17] DEBUG o.s.orm.jpa.JpaTransactionManager - Committing JPA transaction on EntityManager [SessionImpl(290130860<open>)]
2026-03-16 17:10:40 [http-nio-8080-exec-10] DEBUG o.s.orm.jpa.JpaTransactionManager - Closing JPA EntityManager [SessionImpl(963032743<open>)] after transaction
2026-03-16 17:10:40 [http-nio-8080-exec-10] INFO  c.c.p.a.c.menu.MenuController - getLeftMenu returned 5 items
2026-03-16 17:10:40 [http-nio-8080-exec-10] DEBUG o.s.w.s.m.m.a.HttpEntityMethodProcessor - Using 'application/json', given [application/json, text/plain, */*] and supported [application/json, application/*+json, application/yaml]
2026-03-16 17:10:40 [http-nio-8080-exec-10] TRACE o.s.w.s.m.m.a.HttpEntityMethodProcessor - Writing [ApiResponse[success=true, status=200, code=COMMON_001, message=Success, data={list=[com.company.project.service.menu.dto.MenuDto@4703e32b, com.company.project.service.menu.dto.MenuDto@7992112b, com.company.project.service.menu.dto.MenuDto@15a9226a, com.company.project.service.menu.dto.MenuDto@578a1a42, com.company.project.service.menu.dto.MenuDto@f48b123]}, timestamp=2026-03-16T17:10:40.131620800]]
2026-03-16 17:10:40 [http-nio-8080-exec-10] INFO  c.c.p.a.i.OperationalAuditInterceptor - API Audit Log: URL=/api/v1/menu/left, User=webmaster, IP=0:0:0:0:0:0:0:1
2026-03-16 17:10:40 [http-nio-8080-exec-10] DEBUG o.s.web.servlet.DispatcherServlet - Completed 200 OK
2026-03-16 17:10:40 [http-nio-8080-exec-12] DEBUG o.s.orm.jpa.JpaTransactionManager - Closing JPA EntityManager [SessionImpl(1650253495<open>)] after transaction
2026-03-16 17:10:40 [http-nio-8080-exec-8] DEBUG o.s.orm.jpa.JpaTransactionManager - Closing JPA EntityManager [SessionImpl(994641674<open>)] after transaction
2026-03-16 17:10:40 [http-nio-8080-exec-12] INFO  c.c.p.a.c.menu.MenuController - getLeftMenu returned 3 items
2026-03-16 17:10:40 [http-nio-8080-exec-8] INFO  c.c.p.a.c.menu.MenuController - getLeftMenu returned 1 items
2026-03-16 17:10:40 [http-nio-8080-exec-12] DEBUG o.s.w.s.m.m.a.HttpEntityMethodProcessor - Using 'application/json', given [application/json, text/plain, */*] and supported [application/json, application/*+json, application/yaml]
2026-03-16 17:10:40 [http-nio-8080-exec-8] DEBUG o.s.w.s.m.m.a.HttpEntityMethodProcessor - Using 'application/json', given [application/json, text/plain, */*] and supported [application/json, application/*+json, application/yaml]
2026-03-16 17:10:40 [http-nio-8080-exec-12] TRACE o.s.w.s.m.m.a.HttpEntityMethodProcessor - Writing [ApiResponse[success=true, status=200, code=COMMON_001, message=Success, data={list=[com.company.project.service.menu.dto.MenuDto@71571731, com.company.project.service.menu.dto.MenuDto@7918f1b8, com.company.project.service.menu.dto.MenuDto@5c04755f]}, timestamp=2026-03-16T17:10:40.146521200]]
2026-03-16 17:10:40 [http-nio-8080-exec-8] TRACE o.s.w.s.m.m.a.HttpEntityMethodProcessor - Writing [ApiResponse[success=true, status=200, code=COMMON_001, message=Success, data={list=[com.company.project.service.menu.dto.MenuDto@3e0b51e2]}, timestamp=2026-03-16T17:10:40.146521200]]
2026-03-16 17:10:40 [http-nio-8080-exec-12] INFO  c.c.p.a.i.OperationalAuditInterceptor - API Audit Log: URL=/api/v1/menu/left, User=webmaster, IP=0:0:0:0:0:0:0:1
2026-03-16 17:10:40 [http-nio-8080-exec-8] INFO  c.c.p.a.i.OperationalAuditInterceptor - API Audit Log: URL=/api/v1/menu/left, User=webmaster, IP=0:0:0:0:0:0:0:1
2026-03-16 17:10:40 [http-nio-8080-exec-12] DEBUG o.s.web.servlet.DispatcherServlet - Completed 200 OK
2026-03-16 17:10:40 [http-nio-8080-exec-8] DEBUG o.s.web.servlet.DispatcherServlet - Completed 200 OK
2026-03-16 17:10:40 [http-nio-8080-exec-3] DEBUG o.s.orm.jpa.JpaTransactionManager - Closing JPA EntityManager [SessionImpl(82998547<open>)] after transaction
2026-03-16 17:10:40 [http-nio-8080-exec-9] DEBUG o.s.orm.jpa.JpaTransactionManager - Closing JPA EntityManager [SessionImpl(376922487<open>)] after transaction
2026-03-16 17:10:40 [http-nio-8080-exec-9] INFO  c.c.p.a.c.menu.MenuController - getLeftMenu returned 3 items
2026-03-16 17:10:40 [http-nio-8080-exec-3] DEBUG o.s.orm.jpa.JpaTransactionManager - Creating new transaction with name [com.company.project.service.informalsanction.InformalSanctionServiceImpl.getReceivedInformalSanctionList]: PROPAGATION_REQUIRED,ISOLATION_DEFAULT,readOnly
2026-03-16 17:10:40 [http-nio-8080-exec-3] DEBUG o.s.orm.jpa.JpaTransactionManager - Opened new EntityManager [SessionImpl(986566199<open>)] for JPA transaction
2026-03-16 17:10:40 [http-nio-8080-exec-3] DEBUG o.s.orm.jpa.JpaTransactionManager - Exposing JPA transaction as JDBC [org.springframework.orm.jpa.vendor.HibernateJpaDialect$HibernateConnectionHandle@13065934]
2026-03-16 17:10:40 [http-nio-8080-exec-9] DEBUG o.s.w.s.m.m.a.HttpEntityMethodProcessor - Using 'application/json', given [application/json, text/plain, */*] and supported [application/json, application/*+json, application/yaml]
2026-03-16 17:10:40 [http-nio-8080-exec-9] TRACE o.s.w.s.m.m.a.HttpEntityMethodProcessor - Writing [ApiResponse[success=true, status=200, code=COMMON_001, message=Success, data={list=[com.company.project.service.menu.dto.MenuDto@1076b97e, com.company.project.service.menu.dto.MenuDto@4935c7cb, com.company.project.service.menu.dto.MenuDto@6050f231]}, timestamp=2026-03-16T17:10:40.218832200]]
2026-03-16 17:10:40 [http-nio-8080-exec-9] INFO  c.c.p.a.i.OperationalAuditInterceptor - API Audit Log: URL=/api/v1/menu/left, User=webmaster, IP=0:0:0:0:0:0:0:1
2026-03-16 17:10:40 [http-nio-8080-exec-9] DEBUG o.s.web.servlet.DispatcherServlet - Completed 200 OK
2026-03-16 17:10:40 [http-nio-8080-exec-3] DEBUG org.hibernate.SQL - select is1_0.infrml_sanctn_id,is1_0.applcnt_id,is1_0.confm_at,is1_0.frst_register_id,is1_0.frst_regist_pnttm,is1_0.job_se_code,is1_0.last_updusr_id,is1_0.last_updt_pnttm,is1_0.reqst_de,is1_0.return_resn,is1_0.sanctn_dt,is1_0.sanctner_id from ninfrmlsanctn is1_0 where is1_0.sanctner_id=?
2026-03-16 17:10:40 [http-nio-8080-exec-17] DEBUG o.s.orm.jpa.JpaTransactionManager - Closing JPA EntityManager [SessionImpl(290130860<open>)] after transaction
2026-03-16 17:10:40 [http-nio-8080-exec-17] INFO  c.c.p.a.c.menu.MenuController - getLeftMenu returned 2 items
2026-03-16 17:10:40 [http-nio-8080-exec-17] DEBUG o.s.w.s.m.m.a.HttpEntityMethodProcessor - Using 'application/json', given [application/json, text/plain, */*] and supported [application/json, application/*+json, application/yaml]
2026-03-16 17:10:40 [http-nio-8080-exec-17] TRACE o.s.w.s.m.m.a.HttpEntityMethodProcessor - Writing [ApiResponse[success=true, status=200, code=COMMON_001, message=Success, data={list=[com.company.project.service.menu.dto.MenuDto@1e2d075a, com.company.project.service.menu.dto.MenuDto@2c4466fe]}, timestamp=2026-03-16T17:10:40.233921500]]
2026-03-16 17:10:40 [http-nio-8080-exec-17] INFO  c.c.p.a.i.OperationalAuditInterceptor - API Audit Log: URL=/api/v1/menu/left, User=webmaster, IP=0:0:0:0:0:0:0:1
2026-03-16 17:10:40 [http-nio-8080-exec-17] DEBUG o.s.web.servlet.DispatcherServlet - Completed 200 OK
2026-03-16 17:10:40 [http-nio-8080-exec-13] DEBUG o.s.w.s.h.LoggingWebSocketHandlerDecorator - WebSocketServerSockJsSession[id=mkajqghf] closed with CloseStatus[code=1001, reason=null]
2026-03-16 17:10:40 [http-nio-8080-exec-13] DEBUG o.s.w.s.m.SubProtocolWebSocketHandler - Clearing session mkajqghf
2026-03-16 17:10:40 [scheduling-1] DEBUG org.springframework.web.SimpLogging - Processing DISCONNECT session=mkajqghf
2026-03-16 17:10:40 [scheduling-1] DEBUG o.s.w.s.m.SubProtocolWebSocketHandler - No session for GenericMessage [payload=byte[0], headers={simpMessageType=DISCONNECT_ACK, simpDisconnectMessage=GenericMessage [payload=byte[0], headers={simpMessageType=DISCONNECT, stompCommand=DISCONNECT, simpSessionAttributes={org.springframework.messaging.simp.SimpAttributes.COMPLETED=true}, simpSessionId=mkajqghf}], simpSessionId=mkajqghf}]
2026-03-16 17:10:40 [http-nio-8080-exec-3] DEBUG o.s.orm.jpa.JpaTransactionManager - Initiating transaction commit
2026-03-16 17:10:40 [http-nio-8080-exec-3] DEBUG o.s.orm.jpa.JpaTransactionManager - Committing JPA transaction on EntityManager [SessionImpl(986566199<open>)]
2026-03-16 17:10:40 [http-nio-8080-exec-3] DEBUG o.s.orm.jpa.JpaTransactionManager - Closing JPA EntityManager [SessionImpl(986566199<open>)] after transaction
2026-03-16 17:10:40 [http-nio-8080-exec-3] DEBUG o.s.w.s.m.m.a.HttpEntityMethodProcessor - Using 'application/json', given [application/json, text/plain, */*] and supported [application/json, application/*+json, application/yaml]
2026-03-16 17:10:40 [http-nio-8080-exec-3] TRACE o.s.w.s.m.m.a.HttpEntityMethodProcessor - Writing [{notiList=[com.company.project.service.board.dto.BoardDto@134cdeb5], success=true, taskList=[com.company.project.service.board.dto.BoardDto@6ba8437e], pendingApprovalCount=0}]
2026-03-16 17:10:40 [http-nio-8080-exec-3] INFO  c.c.p.a.i.OperationalAuditInterceptor - API Audit Log: URL=/api/v1/dashboard, User=webmaster, IP=0:0:0:0:0:0:0:1
2026-03-16 17:10:40 [http-nio-8080-exec-3] DEBUG o.s.web.servlet.DispatcherServlet - Completed 200 OK
2026-03-16 17:10:41 [http-nio-8080-exec-19] DEBUG c.c.p.s.jwt.JwtAuthenticationFilter - >>> [JwtFilter] Processing request: GET /api/v1/menu/left
2026-03-16 17:10:41 [http-nio-8080-exec-19] DEBUG c.c.p.s.jwt.JwtAuthenticationFilter - >>> [JwtFilter] Found token in header for path: /api/v1/menu/left
2026-03-16 17:10:41 [http-nio-8080-exec-19] DEBUG o.s.orm.jpa.JpaTransactionManager - Creating new transaction with name [com.company.project.security.iam.CustomUserDetailsService.loadUserByUsername]: PROPAGATION_REQUIRED,ISOLATION_DEFAULT,readOnly
2026-03-16 17:10:41 [http-nio-8080-exec-19] DEBUG o.s.orm.jpa.JpaTransactionManager - Opened new EntityManager [SessionImpl(1463250904<open>)] for JPA transaction
2026-03-16 17:10:41 [http-nio-8080-exec-2] DEBUG c.c.p.s.jwt.JwtAuthenticationFilter - >>> [JwtFilter] Processing request: GET /api/v1/menu/head
2026-03-16 17:10:41 [http-nio-8080-exec-2] DEBUG c.c.p.s.jwt.JwtAuthenticationFilter - >>> [JwtFilter] Found token in header for path: /api/v1/menu/head
2026-03-16 17:10:41 [http-nio-8080-exec-2] DEBUG o.s.orm.jpa.JpaTransactionManager - Creating new transaction with name [com.company.project.security.iam.CustomUserDetailsService.loadUserByUsername]: PROPAGATION_REQUIRED,ISOLATION_DEFAULT,readOnly
2026-03-16 17:10:41 [http-nio-8080-exec-2] DEBUG o.s.orm.jpa.JpaTransactionManager - Opened new EntityManager [SessionImpl(857517257<open>)] for JPA transaction
2026-03-16 17:10:41 [http-nio-8080-exec-15] DEBUG c.c.p.s.jwt.JwtAuthenticationFilter - >>> [JwtFilter] Processing request: GET /api/v1/auth/me
2026-03-16 17:10:41 [http-nio-8080-exec-15] DEBUG c.c.p.s.jwt.JwtAuthenticationFilter - >>> [JwtFilter] Found token in header for path: /api/v1/auth/me
2026-03-16 17:10:41 [http-nio-8080-exec-15] DEBUG o.s.orm.jpa.JpaTransactionManager - Creating new transaction with name [com.company.project.security.iam.CustomUserDetailsService.loadUserByUsername]: PROPAGATION_REQUIRED,ISOLATION_DEFAULT,readOnly
2026-03-16 17:10:41 [http-nio-8080-exec-15] DEBUG o.s.orm.jpa.JpaTransactionManager - Opened new EntityManager [SessionImpl(661272241<open>)] for JPA transaction
2026-03-16 17:10:41 [http-nio-8080-exec-19] DEBUG o.s.orm.jpa.JpaTransactionManager - Exposing JPA transaction as JDBC [org.springframework.orm.jpa.vendor.HibernateJpaDialect$HibernateConnectionHandle@381fdbf9]
2026-03-16 17:10:41 [http-nio-8080-exec-19] DEBUG o.s.orm.jpa.JpaTransactionManager - Found thread-bound EntityManager [SessionImpl(1463250904<open>)] for JPA transaction
2026-03-16 17:10:41 [http-nio-8080-exec-19] DEBUG o.s.orm.jpa.JpaTransactionManager - Participating in existing transaction
2026-03-16 17:10:41 [http-nio-8080-exec-19] DEBUG org.hibernate.SQL - select u1_0.emplyr_id,u1_0.area_no,u1_0.brthdy,u1_0.chg_pwd_cnt,u1_0.frst_register_id,u1_0.frst_regist_pnttm,u1_0.detail_adres,u1_0.email_adres,u1_0.emplyr_sttus_code,u1_0.empl_no,u1_0.esntl_id,u1_0.fxnum,u1_0.group_id,u1_0.house_adres,u1_0.house_end_telno,u1_0.house_middle_telno,u1_0.ihidnum,u1_0.pstinst_code,u1_0.last_updusr_id,u1_0.last_updt_pnttm,u1_0.lock_at,u1_0.lock_cnt,u1_0.lock_last_pnttm,u1_0.mbtlnum,u1_0.ofcps_nm,u1_0.offm_telno,u1_0.orgnzt_id,u1_0.password,u1_0.password_cnsr,u1_0.password_hint,u1_0.chg_pwd_last_pnttm,u1_0.role,u1_0.sbscrb_de,u1_0.sexdstn_code,u1_0.crtfc_dn_value,u1_0.user_nm,u1_0.zip from nemplyrinfo u1_0 where u1_0.emplyr_id=?
2026-03-16 17:10:41 [http-nio-8080-exec-2] DEBUG o.s.orm.jpa.JpaTransactionManager - Exposing JPA transaction as JDBC [org.springframework.orm.jpa.vendor.HibernateJpaDialect$HibernateConnectionHandle@4c6eda64]
2026-03-16 17:10:41 [http-nio-8080-exec-2] DEBUG o.s.orm.jpa.JpaTransactionManager - Found thread-bound EntityManager [SessionImpl(857517257<open>)] for JPA transaction
2026-03-16 17:10:41 [http-nio-8080-exec-2] DEBUG o.s.orm.jpa.JpaTransactionManager - Participating in existing transaction
2026-03-16 17:10:41 [http-nio-8080-exec-2] DEBUG org.hibernate.SQL - select u1_0.emplyr_id,u1_0.area_no,u1_0.brthdy,u1_0.chg_pwd_cnt,u1_0.frst_register_id,u1_0.frst_regist_pnttm,u1_0.detail_adres,u1_0.email_adres,u1_0.emplyr_sttus_code,u1_0.empl_no,u1_0.esntl_id,u1_0.fxnum,u1_0.group_id,u1_0.house_adres,u1_0.house_end_telno,u1_0.house_middle_telno,u1_0.ihidnum,u1_0.pstinst_code,u1_0.last_updusr_id,u1_0.last_updt_pnttm,u1_0.lock_at,u1_0.lock_cnt,u1_0.lock_last_pnttm,u1_0.mbtlnum,u1_0.ofcps_nm,u1_0.offm_telno,u1_0.orgnzt_id,u1_0.password,u1_0.password_cnsr,u1_0.password_hint,u1_0.chg_pwd_last_pnttm,u1_0.role,u1_0.sbscrb_de,u1_0.sexdstn_code,u1_0.crtfc_dn_value,u1_0.user_nm,u1_0.zip from nemplyrinfo u1_0 where u1_0.emplyr_id=?
2026-03-16 17:10:41 [http-nio-8080-exec-15] DEBUG o.s.orm.jpa.JpaTransactionManager - Exposing JPA transaction as JDBC [org.springframework.orm.jpa.vendor.HibernateJpaDialect$HibernateConnectionHandle@5685c83]
2026-03-16 17:10:41 [http-nio-8080-exec-15] DEBUG o.s.orm.jpa.JpaTransactionManager - Found thread-bound EntityManager [SessionImpl(661272241<open>)] for JPA transaction
2026-03-16 17:10:41 [http-nio-8080-exec-15] DEBUG o.s.orm.jpa.JpaTransactionManager - Participating in existing transaction
2026-03-16 17:10:41 [http-nio-8080-exec-15] DEBUG org.hibernate.SQL - select u1_0.emplyr_id,u1_0.area_no,u1_0.brthdy,u1_0.chg_pwd_cnt,u1_0.frst_register_id,u1_0.frst_regist_pnttm,u1_0.detail_adres,u1_0.email_adres,u1_0.emplyr_sttus_code,u1_0.empl_no,u1_0.esntl_id,u1_0.fxnum,u1_0.group_id,u1_0.house_adres,u1_0.house_end_telno,u1_0.house_middle_telno,u1_0.ihidnum,u1_0.pstinst_code,u1_0.last_updusr_id,u1_0.last_updt_pnttm,u1_0.lock_at,u1_0.lock_cnt,u1_0.lock_last_pnttm,u1_0.mbtlnum,u1_0.ofcps_nm,u1_0.offm_telno,u1_0.orgnzt_id,u1_0.password,u1_0.password_cnsr,u1_0.password_hint,u1_0.chg_pwd_last_pnttm,u1_0.role,u1_0.sbscrb_de,u1_0.sexdstn_code,u1_0.crtfc_dn_value,u1_0.user_nm,u1_0.zip from nemplyrinfo u1_0 where u1_0.emplyr_id=?
2026-03-16 17:10:41 [http-nio-8080-exec-19] DEBUG o.s.orm.jpa.JpaTransactionManager - Found thread-bound EntityManager [SessionImpl(1463250904<open>)] for JPA transaction
2026-03-16 17:10:41 [http-nio-8080-exec-19] DEBUG o.s.orm.jpa.JpaTransactionManager - Participating in existing transaction
2026-03-16 17:10:41 [http-nio-8080-exec-19] DEBUG org.hibernate.SQL - select ua1_0.scrty_dtrmn_trget_id,ua1_0.author_code,ua1_0.frst_register_id,ua1_0.frst_regist_pnttm,ua1_0.last_updusr_id,ua1_0.last_updt_pnttm,ua1_0.mber_ty_code from nemplyrscrtyestbs ua1_0 where ua1_0.scrty_dtrmn_trget_id=?
2026-03-16 17:10:41 [http-nio-8080-exec-2] DEBUG o.s.orm.jpa.JpaTransactionManager - Found thread-bound EntityManager [SessionImpl(857517257<open>)] for JPA transaction
2026-03-16 17:10:41 [http-nio-8080-exec-2] DEBUG o.s.orm.jpa.JpaTransactionManager - Participating in existing transaction
2026-03-16 17:10:41 [http-nio-8080-exec-2] DEBUG org.hibernate.SQL - select ua1_0.scrty_dtrmn_trget_id,ua1_0.author_code,ua1_0.frst_register_id,ua1_0.frst_regist_pnttm,ua1_0.last_updusr_id,ua1_0.last_updt_pnttm,ua1_0.mber_ty_code from nemplyrscrtyestbs ua1_0 where ua1_0.scrty_dtrmn_trget_id=?
2026-03-16 17:10:41 [http-nio-8080-exec-15] DEBUG o.s.orm.jpa.JpaTransactionManager - Found thread-bound EntityManager [SessionImpl(661272241<open>)] for JPA transaction
2026-03-16 17:10:41 [http-nio-8080-exec-15] DEBUG o.s.orm.jpa.JpaTransactionManager - Participating in existing transaction
2026-03-16 17:10:41 [http-nio-8080-exec-15] DEBUG org.hibernate.SQL - select ua1_0.scrty_dtrmn_trget_id,ua1_0.author_code,ua1_0.frst_register_id,ua1_0.frst_regist_pnttm,ua1_0.last_updusr_id,ua1_0.last_updt_pnttm,ua1_0.mber_ty_code from nemplyrscrtyestbs ua1_0 where ua1_0.scrty_dtrmn_trget_id=?
2026-03-16 17:10:41 [http-nio-8080-exec-19] DEBUG o.s.orm.jpa.JpaTransactionManager - Initiating transaction commit
2026-03-16 17:10:41 [http-nio-8080-exec-19] DEBUG o.s.orm.jpa.JpaTransactionManager - Committing JPA transaction on EntityManager [SessionImpl(1463250904<open>)]
2026-03-16 17:10:42 [http-nio-8080-exec-2] DEBUG o.s.orm.jpa.JpaTransactionManager - Initiating transaction commit
2026-03-16 17:10:42 [http-nio-8080-exec-2] DEBUG o.s.orm.jpa.JpaTransactionManager - Committing JPA transaction on EntityManager [SessionImpl(857517257<open>)]
2026-03-16 17:10:42 [http-nio-8080-exec-15] DEBUG o.s.orm.jpa.JpaTransactionManager - Initiating transaction commit
2026-03-16 17:10:42 [http-nio-8080-exec-15] DEBUG o.s.orm.jpa.JpaTransactionManager - Committing JPA transaction on EntityManager [SessionImpl(661272241<open>)]
2026-03-16 17:10:42 [http-nio-8080-exec-19] DEBUG o.s.orm.jpa.JpaTransactionManager - Closing JPA EntityManager [SessionImpl(1463250904<open>)] after transaction
2026-03-16 17:10:42 [http-nio-8080-exec-19] DEBUG c.c.p.s.jwt.JwtAuthenticationFilter - >>> [JwtFilter] Successfully authenticated user: USRCNFRM_99999999999, Authorities: [ROLE_ADMIN]
2026-03-16 17:10:42 [http-nio-8080-exec-19] DEBUG o.s.web.servlet.DispatcherServlet - GET "/api/v1/menu/left?menuNo=10", parameters={masked}
2026-03-16 17:10:42 [http-nio-8080-exec-19] TRACE o.s.w.s.m.m.a.RequestMappingHandlerMapping - Mapped to com.company.project.api.controller.menu.MenuController#getLeftMenu(Long)
2026-03-16 17:10:42 [http-nio-8080-exec-19] INFO  c.c.p.a.c.menu.MenuController - getLeftMenu called with menuNo=10
2026-03-16 17:10:42 [http-nio-8080-exec-19] DEBUG o.s.orm.jpa.JpaTransactionManager - Creating new transaction with name [com.company.project.service.menu.MenuService.getSubMenus]: PROPAGATION_REQUIRED,ISOLATION_DEFAULT,readOnly
2026-03-16 17:10:42 [http-nio-8080-exec-19] DEBUG o.s.orm.jpa.JpaTransactionManager - Opened new EntityManager [SessionImpl(863461418<open>)] for JPA transaction
2026-03-16 17:10:42 [http-nio-8080-exec-19] DEBUG o.s.orm.jpa.JpaTransactionManager - Exposing JPA transaction as JDBC [org.springframework.orm.jpa.vendor.HibernateJpaDialect$HibernateConnectionHandle@279c5639]
2026-03-16 17:10:42 [http-nio-8080-exec-19] DEBUG org.hibernate.SQL - select m1_0.menu_no,m1_0.menu_dc,m1_0.menu_nm,m1_0.menu_ordr,m1_0.modern_route,m1_0.progrm_file_nm,m1_0.relate_image_nm,m1_0.relate_image_path,m1_0.route_updated_at,m1_0.upper_menu_no from nmenuinfo m1_0 order by m1_0.upper_menu_no,m1_0.menu_ordr
2026-03-16 17:10:42 [http-nio-8080-exec-2] DEBUG o.s.orm.jpa.JpaTransactionManager - Closing JPA EntityManager [SessionImpl(857517257<open>)] after transaction
2026-03-16 17:10:42 [http-nio-8080-exec-2] DEBUG c.c.p.s.jwt.JwtAuthenticationFilter - >>> [JwtFilter] Successfully authenticated user: USRCNFRM_99999999999, Authorities: [ROLE_ADMIN]
2026-03-16 17:10:42 [http-nio-8080-exec-2] DEBUG o.s.web.servlet.DispatcherServlet - GET "/api/v1/menu/head", parameters={}
2026-03-16 17:10:42 [http-nio-8080-exec-2] TRACE o.s.w.s.m.m.a.RequestMappingHandlerMapping - Mapped to com.company.project.api.controller.menu.MenuController#getHeadMenu()
2026-03-16 17:10:42 [http-nio-8080-exec-2] INFO  c.c.p.a.c.menu.MenuController - getHeadMenu called
2026-03-16 17:10:42 [http-nio-8080-exec-2] INFO  c.c.p.a.c.menu.MenuController - getHeadMenu returned 5 items
2026-03-16 17:10:42 [http-nio-8080-exec-2] DEBUG o.s.w.s.m.m.a.HttpEntityMethodProcessor - Using 'application/json', given [application/json, text/plain, */*] and supported [application/json, application/*+json, application/yaml]
2026-03-16 17:10:42 [http-nio-8080-exec-2] TRACE o.s.w.s.m.m.a.HttpEntityMethodProcessor - Writing [ApiResponse[success=true, status=200, code=COMMON_001, message=Success, data={list=[com.company.project.service.menu.dto.MenuDto@2b80d6b0, com.company.project.service.menu.dto.MenuDto@1418cfa3, com.company.project.service.menu.dto.MenuDto@f230bf1, com.company.project.service.menu.dto.MenuDto@734a7f6a, com.company.project.service.menu.dto.MenuDto@5e5202e5]}, timestamp=2026-03-16T17:10:42.162814800]]
2026-03-16 17:10:42 [http-nio-8080-exec-2] INFO  c.c.p.a.i.OperationalAuditInterceptor - API Audit Log: URL=/api/v1/menu/head, User=webmaster, IP=127.0.0.1
2026-03-16 17:10:42 [http-nio-8080-exec-2] DEBUG o.s.web.servlet.DispatcherServlet - Completed 200 OK
2026-03-16 17:10:42 [http-nio-8080-exec-15] DEBUG o.s.orm.jpa.JpaTransactionManager - Closing JPA EntityManager [SessionImpl(661272241<open>)] after transaction
2026-03-16 17:10:42 [http-nio-8080-exec-15] DEBUG c.c.p.s.jwt.JwtAuthenticationFilter - >>> [JwtFilter] Successfully authenticated user: USRCNFRM_99999999999, Authorities: [ROLE_ADMIN]
2026-03-16 17:10:42 [http-nio-8080-exec-15] DEBUG o.s.web.servlet.DispatcherServlet - GET "/api/v1/auth/me", parameters={}
2026-03-16 17:10:42 [http-nio-8080-exec-15] TRACE o.s.w.s.m.m.a.RequestMappingHandlerMapping - Mapped to com.company.project.api.auth.AuthController#getCurrentUser()
2026-03-16 17:10:42 [http-nio-8080-exec-15] DEBUG o.s.w.s.m.m.a.RequestResponseBodyMethodProcessor - Using 'application/json', given [application/json, text/plain, */*] and supported [application/json, application/*+json, application/yaml]
2026-03-16 17:10:42 [http-nio-8080-exec-15] TRACE o.s.w.s.m.m.a.RequestResponseBodyMethodProcessor - Writing [ApiResponse[success=true, status=200, code=COMMON_001, message=Success, data={role=ROLE_ADMIN, userSe=EMP, name=관리자, id=webmaster}, timestamp=2026-03-16T17:10:42.194575600]]
2026-03-16 17:10:42 [http-nio-8080-exec-15] INFO  c.c.p.a.i.OperationalAuditInterceptor - API Audit Log: URL=/api/v1/auth/me, User=webmaster, IP=127.0.0.1
2026-03-16 17:10:42 [http-nio-8080-exec-15] DEBUG o.s.web.servlet.DispatcherServlet - Completed 200 OK
2026-03-16 17:10:42 [http-nio-8080-exec-10] DEBUG c.c.p.s.jwt.JwtAuthenticationFilter - >>> [JwtFilter] Processing request: GET /api/v1/notifications
2026-03-16 17:10:42 [http-nio-8080-exec-8] DEBUG c.c.p.s.jwt.JwtAuthenticationFilter - >>> [JwtFilter] Processing request: GET /api/v1/notifications/unread-count
2026-03-16 17:10:42 [http-nio-8080-exec-10] DEBUG c.c.p.s.jwt.JwtAuthenticationFilter - >>> [JwtFilter] Found token in header for path: /api/v1/notifications
2026-03-16 17:10:42 [http-nio-8080-exec-8] DEBUG c.c.p.s.jwt.JwtAuthenticationFilter - >>> [JwtFilter] Found token in header for path: /api/v1/notifications/unread-count
2026-03-16 17:10:42 [http-nio-8080-exec-8] DEBUG o.s.orm.jpa.JpaTransactionManager - Creating new transaction with name [com.company.project.security.iam.CustomUserDetailsService.loadUserByUsername]: PROPAGATION_REQUIRED,ISOLATION_DEFAULT,readOnly
2026-03-16 17:10:42 [http-nio-8080-exec-10] DEBUG o.s.orm.jpa.JpaTransactionManager - Creating new transaction with name [com.company.project.security.iam.CustomUserDetailsService.loadUserByUsername]: PROPAGATION_REQUIRED,ISOLATION_DEFAULT,readOnly
2026-03-16 17:10:42 [http-nio-8080-exec-10] DEBUG o.s.orm.jpa.JpaTransactionManager - Opened new EntityManager [SessionImpl(1715139240<open>)] for JPA transaction
2026-03-16 17:10:42 [http-nio-8080-exec-8] DEBUG o.s.orm.jpa.JpaTransactionManager - Opened new EntityManager [SessionImpl(593915649<open>)] for JPA transaction
2026-03-16 17:10:42 [http-nio-8080-exec-12] DEBUG c.c.p.s.jwt.JwtAuthenticationFilter - >>> [JwtFilter] Processing request: GET /api/v1/popups/active
2026-03-16 17:10:42 [http-nio-8080-exec-9] DEBUG c.c.p.s.jwt.JwtAuthenticationFilter - >>> [JwtFilter] Processing request: GET /api/v1/admin/system/banners/reflected
2026-03-16 17:10:42 [http-nio-8080-exec-12] DEBUG c.c.p.s.jwt.JwtAuthenticationFilter - >>> [JwtFilter] Found token in header for path: /api/v1/popups/active
2026-03-16 17:10:42 [http-nio-8080-exec-9] DEBUG c.c.p.s.jwt.JwtAuthenticationFilter - >>> [JwtFilter] Found token in header for path: /api/v1/admin/system/banners/reflected
2026-03-16 17:10:42 [http-nio-8080-exec-12] DEBUG o.s.orm.jpa.JpaTransactionManager - Creating new transaction with name [com.company.project.security.iam.CustomUserDetailsService.loadUserByUsername]: PROPAGATION_REQUIRED,ISOLATION_DEFAULT,readOnly
2026-03-16 17:10:42 [http-nio-8080-exec-9] DEBUG o.s.orm.jpa.JpaTransactionManager - Creating new transaction with name [com.company.project.security.iam.CustomUserDetailsService.loadUserByUsername]: PROPAGATION_REQUIRED,ISOLATION_DEFAULT,readOnly
2026-03-16 17:10:42 [http-nio-8080-exec-12] DEBUG o.s.orm.jpa.JpaTransactionManager - Opened new EntityManager [SessionImpl(1449228792<open>)] for JPA transaction
2026-03-16 17:10:42 [http-nio-8080-exec-9] DEBUG o.s.orm.jpa.JpaTransactionManager - Opened new EntityManager [SessionImpl(1998846688<open>)] for JPA transaction
2026-03-16 17:10:42 [http-nio-8080-exec-17] DEBUG o.s.web.servlet.DispatcherServlet - GET "/ws/info?t=1773648642375", parameters={masked}
2026-03-16 17:10:42 [http-nio-8080-exec-17] DEBUG o.s.w.s.s.s.WebSocketHandlerMapping - Mapped to org.springframework.web.socket.sockjs.support.SockJsHttpRequestHandler@3d80b7ba
2026-03-16 17:10:42 [http-nio-8080-exec-17] DEBUG o.s.w.s.s.t.h.DefaultSockJsService - Processing transport request: GET http://localhost:8080/ws/info?t=1773648642375
2026-03-16 17:10:42 [http-nio-8080-exec-17] DEBUG o.s.web.servlet.DispatcherServlet - Completed 200 OK
2026-03-16 17:10:42 [http-nio-8080-exec-13] DEBUG o.s.web.servlet.DispatcherServlet - GET "/ws/828/2levf0tj/websocket", parameters={}
2026-03-16 17:10:42 [http-nio-8080-exec-13] DEBUG o.s.w.s.s.s.WebSocketHandlerMapping - Mapped to org.springframework.web.socket.sockjs.support.SockJsHttpRequestHandler@3d80b7ba
2026-03-16 17:10:42 [http-nio-8080-exec-13] DEBUG o.s.w.s.s.t.h.DefaultSockJsService - Processing transport request: GET http://localhost:8080/ws/828/2levf0tj/websocket
2026-03-16 17:10:42 [http-nio-8080-exec-13] DEBUG o.s.web.servlet.DispatcherServlet - Completed 101 SWITCHING_PROTOCOLS
2026-03-16 17:10:42 [http-nio-8080-exec-13] DEBUG o.s.w.s.h.LoggingWebSocketHandlerDecorator - New WebSocketServerSockJsSession[id=2levf0tj]
2026-03-16 17:10:42 [scheduling-1] DEBUG org.springframework.web.SimpLogging - Processing CONNECT session=2levf0tj
2026-03-16 17:10:42 [scheduling-1] DEBUG org.springframework.web.SimpLogging - Processing SUBSCRIBE /topic/notices id=sub-0 session=2levf0tj
2026-03-16 17:10:42 [scheduling-1] DEBUG org.springframework.web.SimpLogging - Processing SUBSCRIBE destination=/queue/notifications-user2levf0tj subscriptionId=sub-1 session=2levf0tj payload=byte[0]
2026-03-16 17:10:42 [scheduling-1] DEBUG org.springframework.web.SimpLogging - Processing SUBSCRIBE /topic/public id=sub-2 session=2levf0tj
2026-03-16 17:10:42 [scheduling-1] DEBUG org.springframework.web.SimpLogging - Processing SUBSCRIBE /topic/dashboard/stats id=sub-4 session=2levf0tj
2026-03-16 17:10:42 [scheduling-1] DEBUG org.springframework.web.SimpLogging - Processing SUBSCRIBE /topic/notifications id=sub-5 session=2levf0tj
2026-03-16 17:10:42 [scheduling-1] DEBUG org.springframework.web.SimpLogging - Processing SUBSCRIBE destination=/queue/notifications-user2levf0tj subscriptionId=sub-6 session=2levf0tj payload=byte[0]
2026-03-16 17:10:42 [http-nio-8080-exec-19] DEBUG o.s.orm.jpa.JpaTransactionManager - Found thread-bound EntityManager [SessionImpl(863461418<open>)] for JPA transaction
2026-03-16 17:10:42 [http-nio-8080-exec-19] DEBUG o.s.orm.jpa.JpaTransactionManager - Participating in existing transaction
2026-03-16 17:10:42 [http-nio-8080-exec-19] DEBUG org.hibernate.SQL - select p1_0.progrm_file_nm,p1_0.progrm_dc,p1_0.progrm_korean_nm,p1_0.progrm_stre_path,p1_0.url from nprogrmlist p1_0
2026-03-16 17:10:42 [http-nio-8080-exec-8] DEBUG o.s.orm.jpa.JpaTransactionManager - Exposing JPA transaction as JDBC [org.springframework.orm.jpa.vendor.HibernateJpaDialect$HibernateConnectionHandle@2600e976]
2026-03-16 17:10:42 [http-nio-8080-exec-10] DEBUG o.s.orm.jpa.JpaTransactionManager - Exposing JPA transaction as JDBC [org.springframework.orm.jpa.vendor.HibernateJpaDialect$HibernateConnectionHandle@3a5c2677]
2026-03-16 17:10:42 [http-nio-8080-exec-8] DEBUG o.s.orm.jpa.JpaTransactionManager - Found thread-bound EntityManager [SessionImpl(593915649<open>)] for JPA transaction
2026-03-16 17:10:42 [http-nio-8080-exec-10] DEBUG o.s.orm.jpa.JpaTransactionManager - Found thread-bound EntityManager [SessionImpl(1715139240<open>)] for JPA transaction
2026-03-16 17:10:42 [http-nio-8080-exec-8] DEBUG o.s.orm.jpa.JpaTransactionManager - Participating in existing transaction
2026-03-16 17:10:42 [http-nio-8080-exec-10] DEBUG o.s.orm.jpa.JpaTransactionManager - Participating in existing transaction
2026-03-16 17:10:42 [http-nio-8080-exec-8] DEBUG org.hibernate.SQL - select u1_0.emplyr_id,u1_0.area_no,u1_0.brthdy,u1_0.chg_pwd_cnt,u1_0.frst_register_id,u1_0.frst_regist_pnttm,u1_0.detail_adres,u1_0.email_adres,u1_0.emplyr_sttus_code,u1_0.empl_no,u1_0.esntl_id,u1_0.fxnum,u1_0.group_id,u1_0.house_adres,u1_0.house_end_telno,u1_0.house_middle_telno,u1_0.ihidnum,u1_0.pstinst_code,u1_0.last_updusr_id,u1_0.last_updt_pnttm,u1_0.lock_at,u1_0.lock_cnt,u1_0.lock_last_pnttm,u1_0.mbtlnum,u1_0.ofcps_nm,u1_0.offm_telno,u1_0.orgnzt_id,u1_0.password,u1_0.password_cnsr,u1_0.password_hint,u1_0.chg_pwd_last_pnttm,u1_0.role,u1_0.sbscrb_de,u1_0.sexdstn_code,u1_0.crtfc_dn_value,u1_0.user_nm,u1_0.zip from nemplyrinfo u1_0 where u1_0.emplyr_id=?
2026-03-16 17:10:42 [http-nio-8080-exec-10] DEBUG org.hibernate.SQL - select u1_0.emplyr_id,u1_0.area_no,u1_0.brthdy,u1_0.chg_pwd_cnt,u1_0.frst_register_id,u1_0.frst_regist_pnttm,u1_0.detail_adres,u1_0.email_adres,u1_0.emplyr_sttus_code,u1_0.empl_no,u1_0.esntl_id,u1_0.fxnum,u1_0.group_id,u1_0.house_adres,u1_0.house_end_telno,u1_0.house_middle_telno,u1_0.ihidnum,u1_0.pstinst_code,u1_0.last_updusr_id,u1_0.last_updt_pnttm,u1_0.lock_at,u1_0.lock_cnt,u1_0.lock_last_pnttm,u1_0.mbtlnum,u1_0.ofcps_nm,u1_0.offm_telno,u1_0.orgnzt_id,u1_0.password,u1_0.password_cnsr,u1_0.password_hint,u1_0.chg_pwd_last_pnttm,u1_0.role,u1_0.sbscrb_de,u1_0.sexdstn_code,u1_0.crtfc_dn_value,u1_0.user_nm,u1_0.zip from nemplyrinfo u1_0 where u1_0.emplyr_id=?
2026-03-16 17:10:42 [http-nio-8080-exec-12] DEBUG o.s.orm.jpa.JpaTransactionManager - Exposing JPA transaction as JDBC [org.springframework.orm.jpa.vendor.HibernateJpaDialect$HibernateConnectionHandle@1f46029a]
2026-03-16 17:10:42 [http-nio-8080-exec-12] DEBUG o.s.orm.jpa.JpaTransactionManager - Found thread-bound EntityManager [SessionImpl(1449228792<open>)] for JPA transaction
2026-03-16 17:10:42 [http-nio-8080-exec-12] DEBUG o.s.orm.jpa.JpaTransactionManager - Participating in existing transaction
2026-03-16 17:10:42 [http-nio-8080-exec-12] DEBUG org.hibernate.SQL - select u1_0.emplyr_id,u1_0.area_no,u1_0.brthdy,u1_0.chg_pwd_cnt,u1_0.frst_register_id,u1_0.frst_regist_pnttm,u1_0.detail_adres,u1_0.email_adres,u1_0.emplyr_sttus_code,u1_0.empl_no,u1_0.esntl_id,u1_0.fxnum,u1_0.group_id,u1_0.house_adres,u1_0.house_end_telno,u1_0.house_middle_telno,u1_0.ihidnum,u1_0.pstinst_code,u1_0.last_updusr_id,u1_0.last_updt_pnttm,u1_0.lock_at,u1_0.lock_cnt,u1_0.lock_last_pnttm,u1_0.mbtlnum,u1_0.ofcps_nm,u1_0.offm_telno,u1_0.orgnzt_id,u1_0.password,u1_0.password_cnsr,u1_0.password_hint,u1_0.chg_pwd_last_pnttm,u1_0.role,u1_0.sbscrb_de,u1_0.sexdstn_code,u1_0.crtfc_dn_value,u1_0.user_nm,u1_0.zip from nemplyrinfo u1_0 where u1_0.emplyr_id=?
2026-03-16 17:10:42 [http-nio-8080-exec-9] DEBUG o.s.orm.jpa.JpaTransactionManager - Exposing JPA transaction as JDBC [org.springframework.orm.jpa.vendor.HibernateJpaDialect$HibernateConnectionHandle@523b0033]
2026-03-16 17:10:42 [http-nio-8080-exec-9] DEBUG o.s.orm.jpa.JpaTransactionManager - Found thread-bound EntityManager [SessionImpl(1998846688<open>)] for JPA transaction
2026-03-16 17:10:42 [http-nio-8080-exec-9] DEBUG o.s.orm.jpa.JpaTransactionManager - Participating in existing transaction
2026-03-16 17:10:42 [http-nio-8080-exec-9] DEBUG org.hibernate.SQL - select u1_0.emplyr_id,u1_0.area_no,u1_0.brthdy,u1_0.chg_pwd_cnt,u1_0.frst_register_id,u1_0.frst_regist_pnttm,u1_0.detail_adres,u1_0.email_adres,u1_0.emplyr_sttus_code,u1_0.empl_no,u1_0.esntl_id,u1_0.fxnum,u1_0.group_id,u1_0.house_adres,u1_0.house_end_telno,u1_0.house_middle_telno,u1_0.ihidnum,u1_0.pstinst_code,u1_0.last_updusr_id,u1_0.last_updt_pnttm,u1_0.lock_at,u1_0.lock_cnt,u1_0.lock_last_pnttm,u1_0.mbtlnum,u1_0.ofcps_nm,u1_0.offm_telno,u1_0.orgnzt_id,u1_0.password,u1_0.password_cnsr,u1_0.password_hint,u1_0.chg_pwd_last_pnttm,u1_0.role,u1_0.sbscrb_de,u1_0.sexdstn_code,u1_0.crtfc_dn_value,u1_0.user_nm,u1_0.zip from nemplyrinfo u1_0 where u1_0.emplyr_id=?
2026-03-16 17:10:42 [http-nio-8080-exec-19] DEBUG o.s.orm.jpa.JpaTransactionManager - Initiating transaction commit
2026-03-16 17:10:42 [http-nio-8080-exec-19] DEBUG o.s.orm.jpa.JpaTransactionManager - Committing JPA transaction on EntityManager [SessionImpl(863461418<open>)]
2026-03-16 17:10:42 [http-nio-8080-exec-8] DEBUG o.s.orm.jpa.JpaTransactionManager - Found thread-bound EntityManager [SessionImpl(593915649<open>)] for JPA transaction
2026-03-16 17:10:42 [http-nio-8080-exec-10] DEBUG o.s.orm.jpa.JpaTransactionManager - Found thread-bound EntityManager [SessionImpl(1715139240<open>)] for JPA transaction
2026-03-16 17:10:42 [http-nio-8080-exec-8] DEBUG o.s.orm.jpa.JpaTransactionManager - Participating in existing transaction
2026-03-16 17:10:42 [http-nio-8080-exec-10] DEBUG o.s.orm.jpa.JpaTransactionManager - Participating in existing transaction
2026-03-16 17:10:42 [http-nio-8080-exec-10] DEBUG org.hibernate.SQL - select ua1_0.scrty_dtrmn_trget_id,ua1_0.author_code,ua1_0.frst_register_id,ua1_0.frst_regist_pnttm,ua1_0.last_updusr_id,ua1_0.last_updt_pnttm,ua1_0.mber_ty_code from nemplyrscrtyestbs ua1_0 where ua1_0.scrty_dtrmn_trget_id=?
2026-03-16 17:10:42 [http-nio-8080-exec-8] DEBUG org.hibernate.SQL - select ua1_0.scrty_dtrmn_trget_id,ua1_0.author_code,ua1_0.frst_register_id,ua1_0.frst_regist_pnttm,ua1_0.last_updusr_id,ua1_0.last_updt_pnttm,ua1_0.mber_ty_code from nemplyrscrtyestbs ua1_0 where ua1_0.scrty_dtrmn_trget_id=?
2026-03-16 17:10:42 [http-nio-8080-exec-12] DEBUG o.s.orm.jpa.JpaTransactionManager - Found thread-bound EntityManager [SessionImpl(1449228792<open>)] for JPA transaction
2026-03-16 17:10:42 [http-nio-8080-exec-12] DEBUG o.s.orm.jpa.JpaTransactionManager - Participating in existing transaction
2026-03-16 17:10:42 [http-nio-8080-exec-12] DEBUG org.hibernate.SQL - select ua1_0.scrty_dtrmn_trget_id,ua1_0.author_code,ua1_0.frst_register_id,ua1_0.frst_regist_pnttm,ua1_0.last_updusr_id,ua1_0.last_updt_pnttm,ua1_0.mber_ty_code from nemplyrscrtyestbs ua1_0 where ua1_0.scrty_dtrmn_trget_id=?
2026-03-16 17:10:42 [http-nio-8080-exec-9] DEBUG o.s.orm.jpa.JpaTransactionManager - Found thread-bound EntityManager [SessionImpl(1998846688<open>)] for JPA transaction
2026-03-16 17:10:42 [http-nio-8080-exec-9] DEBUG o.s.orm.jpa.JpaTransactionManager - Participating in existing transaction
2026-03-16 17:10:42 [http-nio-8080-exec-9] DEBUG org.hibernate.SQL - select ua1_0.scrty_dtrmn_trget_id,ua1_0.author_code,ua1_0.frst_register_id,ua1_0.frst_regist_pnttm,ua1_0.last_updusr_id,ua1_0.last_updt_pnttm,ua1_0.mber_ty_code from nemplyrscrtyestbs ua1_0 where ua1_0.scrty_dtrmn_trget_id=?
2026-03-16 17:10:42 [http-nio-8080-exec-17] DEBUG c.c.p.s.jwt.JwtAuthenticationFilter - >>> [JwtFilter] Processing request: GET /api/v1/admin/system/statistics/connect
2026-03-16 17:10:42 [http-nio-8080-exec-17] DEBUG c.c.p.s.jwt.JwtAuthenticationFilter - >>> [JwtFilter] Found token in header for path: /api/v1/admin/system/statistics/connect
2026-03-16 17:10:42 [http-nio-8080-exec-17] DEBUG o.s.orm.jpa.JpaTransactionManager - Creating new transaction with name [com.company.project.security.iam.CustomUserDetailsService.loadUserByUsername]: PROPAGATION_REQUIRED,ISOLATION_DEFAULT,readOnly
2026-03-16 17:10:42 [http-nio-8080-exec-17] DEBUG o.s.orm.jpa.JpaTransactionManager - Opened new EntityManager [SessionImpl(847597016<open>)] for JPA transaction
2026-03-16 17:10:42 [http-nio-8080-exec-19] DEBUG o.s.orm.jpa.JpaTransactionManager - Closing JPA EntityManager [SessionImpl(863461418<open>)] after transaction
2026-03-16 17:10:42 [http-nio-8080-exec-19] INFO  c.c.p.a.c.menu.MenuController - getLeftMenu returned 5 items
2026-03-16 17:10:42 [http-nio-8080-exec-19] DEBUG o.s.w.s.m.m.a.HttpEntityMethodProcessor - Using 'application/json', given [application/json, text/plain, */*] and supported [application/json, application/*+json, application/yaml]
2026-03-16 17:10:42 [http-nio-8080-exec-19] TRACE o.s.w.s.m.m.a.HttpEntityMethodProcessor - Writing [ApiResponse[success=true, status=200, code=COMMON_001, message=Success, data={list=[com.company.project.service.menu.dto.MenuDto@3974be4f, com.company.project.service.menu.dto.MenuDto@2d9df06, com.company.project.service.menu.dto.MenuDto@302fe716, com.company.project.service.menu.dto.MenuDto@7dc784f9, com.company.project.service.menu.dto.MenuDto@61ddcbc8]}, timestamp=2026-03-16T17:10:42.778545600]]
2026-03-16 17:10:42 [http-nio-8080-exec-19] INFO  c.c.p.a.i.OperationalAuditInterceptor - API Audit Log: URL=/api/v1/menu/left, User=webmaster, IP=127.0.0.1
2026-03-16 17:10:42 [http-nio-8080-exec-19] DEBUG o.s.web.servlet.DispatcherServlet - Completed 200 OK
2026-03-16 17:10:42 [http-nio-8080-exec-13] DEBUG c.c.p.s.jwt.JwtAuthenticationFilter - >>> [JwtFilter] Processing request: GET /api/v1/admin/system/statistics/bbs
2026-03-16 17:10:42 [http-nio-8080-exec-13] DEBUG c.c.p.s.jwt.JwtAuthenticationFilter - >>> [JwtFilter] Found token in header for path: /api/v1/admin/system/statistics/bbs
2026-03-16 17:10:42 [http-nio-8080-exec-13] DEBUG o.s.orm.jpa.JpaTransactionManager - Creating new transaction with name [com.company.project.security.iam.CustomUserDetailsService.loadUserByUsername]: PROPAGATION_REQUIRED,ISOLATION_DEFAULT,readOnly
2026-03-16 17:10:42 [http-nio-8080-exec-13] DEBUG o.s.orm.jpa.JpaTransactionManager - Opened new EntityManager [SessionImpl(657417600<open>)] for JPA transaction
2026-03-16 17:10:42 [http-nio-8080-exec-8] DEBUG o.s.orm.jpa.JpaTransactionManager - Initiating transaction commit
2026-03-16 17:10:42 [http-nio-8080-exec-10] DEBUG o.s.orm.jpa.JpaTransactionManager - Initiating transaction commit
2026-03-16 17:10:42 [http-nio-8080-exec-8] DEBUG o.s.orm.jpa.JpaTransactionManager - Committing JPA transaction on EntityManager [SessionImpl(593915649<open>)]
2026-03-16 17:10:42 [http-nio-8080-exec-10] DEBUG o.s.orm.jpa.JpaTransactionManager - Committing JPA transaction on EntityManager [SessionImpl(1715139240<open>)]
2026-03-16 17:10:42 [http-nio-8080-exec-12] DEBUG o.s.orm.jpa.JpaTransactionManager - Initiating transaction commit
2026-03-16 17:10:42 [http-nio-8080-exec-12] DEBUG o.s.orm.jpa.JpaTransactionManager - Committing JPA transaction on EntityManager [SessionImpl(1449228792<open>)]
2026-03-16 17:10:42 [http-nio-8080-exec-9] DEBUG o.s.orm.jpa.JpaTransactionManager - Initiating transaction commit
2026-03-16 17:10:42 [http-nio-8080-exec-9] DEBUG o.s.orm.jpa.JpaTransactionManager - Committing JPA transaction on EntityManager [SessionImpl(1998846688<open>)]
2026-03-16 17:10:42 [http-nio-8080-exec-17] DEBUG o.s.orm.jpa.JpaTransactionManager - Exposing JPA transaction as JDBC [org.springframework.orm.jpa.vendor.HibernateJpaDialect$HibernateConnectionHandle@1a3f1ba6]
2026-03-16 17:10:42 [http-nio-8080-exec-17] DEBUG o.s.orm.jpa.JpaTransactionManager - Found thread-bound EntityManager [SessionImpl(847597016<open>)] for JPA transaction
2026-03-16 17:10:42 [http-nio-8080-exec-17] DEBUG o.s.orm.jpa.JpaTransactionManager - Participating in existing transaction
2026-03-16 17:10:42 [http-nio-8080-exec-17] DEBUG org.hibernate.SQL - select u1_0.emplyr_id,u1_0.area_no,u1_0.brthdy,u1_0.chg_pwd_cnt,u1_0.frst_register_id,u1_0.frst_regist_pnttm,u1_0.detail_adres,u1_0.email_adres,u1_0.emplyr_sttus_code,u1_0.empl_no,u1_0.esntl_id,u1_0.fxnum,u1_0.group_id,u1_0.house_adres,u1_0.house_end_telno,u1_0.house_middle_telno,u1_0.ihidnum,u1_0.pstinst_code,u1_0.last_updusr_id,u1_0.last_updt_pnttm,u1_0.lock_at,u1_0.lock_cnt,u1_0.lock_last_pnttm,u1_0.mbtlnum,u1_0.ofcps_nm,u1_0.offm_telno,u1_0.orgnzt_id,u1_0.password,u1_0.password_cnsr,u1_0.password_hint,u1_0.chg_pwd_last_pnttm,u1_0.role,u1_0.sbscrb_de,u1_0.sexdstn_code,u1_0.crtfc_dn_value,u1_0.user_nm,u1_0.zip from nemplyrinfo u1_0 where u1_0.emplyr_id=?
2026-03-16 17:10:42 [http-nio-8080-exec-13] DEBUG o.s.orm.jpa.JpaTransactionManager - Exposing JPA transaction as JDBC [org.springframework.orm.jpa.vendor.HibernateJpaDialect$HibernateConnectionHandle@3ba9d837]
2026-03-16 17:10:42 [http-nio-8080-exec-13] DEBUG o.s.orm.jpa.JpaTransactionManager - Found thread-bound EntityManager [SessionImpl(657417600<open>)] for JPA transaction
2026-03-16 17:10:42 [http-nio-8080-exec-13] DEBUG o.s.orm.jpa.JpaTransactionManager - Participating in existing transaction
2026-03-16 17:10:42 [http-nio-8080-exec-13] DEBUG org.hibernate.SQL - select u1_0.emplyr_id,u1_0.area_no,u1_0.brthdy,u1_0.chg_pwd_cnt,u1_0.frst_register_id,u1_0.frst_regist_pnttm,u1_0.detail_adres,u1_0.email_adres,u1_0.emplyr_sttus_code,u1_0.empl_no,u1_0.esntl_id,u1_0.fxnum,u1_0.group_id,u1_0.house_adres,u1_0.house_end_telno,u1_0.house_middle_telno,u1_0.ihidnum,u1_0.pstinst_code,u1_0.last_updusr_id,u1_0.last_updt_pnttm,u1_0.lock_at,u1_0.lock_cnt,u1_0.lock_last_pnttm,u1_0.mbtlnum,u1_0.ofcps_nm,u1_0.offm_telno,u1_0.orgnzt_id,u1_0.password,u1_0.password_cnsr,u1_0.password_hint,u1_0.chg_pwd_last_pnttm,u1_0.role,u1_0.sbscrb_de,u1_0.sexdstn_code,u1_0.crtfc_dn_value,u1_0.user_nm,u1_0.zip from nemplyrinfo u1_0 where u1_0.emplyr_id=?
2026-03-16 17:10:42 [http-nio-8080-exec-10] DEBUG o.s.orm.jpa.JpaTransactionManager - Closing JPA EntityManager [SessionImpl(1715139240<open>)] after transaction
2026-03-16 17:10:42 [http-nio-8080-exec-8] DEBUG o.s.orm.jpa.JpaTransactionManager - Closing JPA EntityManager [SessionImpl(593915649<open>)] after transaction
2026-03-16 17:10:42 [http-nio-8080-exec-10] DEBUG c.c.p.s.jwt.JwtAuthenticationFilter - >>> [JwtFilter] Successfully authenticated user: USRCNFRM_99999999999, Authorities: [ROLE_ADMIN]
2026-03-16 17:10:42 [http-nio-8080-exec-8] DEBUG c.c.p.s.jwt.JwtAuthenticationFilter - >>> [JwtFilter] Successfully authenticated user: USRCNFRM_99999999999, Authorities: [ROLE_ADMIN]
2026-03-16 17:10:42 [http-nio-8080-exec-8] DEBUG o.s.web.servlet.DispatcherServlet - GET "/api/v1/notifications/unread-count", parameters={}
2026-03-16 17:10:42 [http-nio-8080-exec-10] DEBUG o.s.web.servlet.DispatcherServlet - GET "/api/v1/notifications", parameters={}
2026-03-16 17:10:42 [http-nio-8080-exec-8] TRACE o.s.w.s.m.m.a.RequestMappingHandlerMapping - Mapped to com.company.project.api.controller.notification.NotificationController#getUnreadCount(UserDetails)
2026-03-16 17:10:42 [http-nio-8080-exec-10] TRACE o.s.w.s.m.m.a.RequestMappingHandlerMapping - Mapped to com.company.project.api.controller.notification.NotificationController#getMyNotifications(UserDetails)
2026-03-16 17:10:42 [http-nio-8080-exec-8] DEBUG o.s.orm.jpa.JpaTransactionManager - Creating new transaction with name [com.company.project.service.notification.NotificationService.getUnreadCount]: PROPAGATION_REQUIRED,ISOLATION_DEFAULT,readOnly
2026-03-16 17:10:42 [http-nio-8080-exec-10] DEBUG o.s.orm.jpa.JpaTransactionManager - Creating new transaction with name [com.company.project.service.notification.NotificationService.getActiveNotifications]: PROPAGATION_REQUIRED,ISOLATION_DEFAULT,readOnly
2026-03-16 17:10:42 [http-nio-8080-exec-10] DEBUG o.s.orm.jpa.JpaTransactionManager - Opened new EntityManager [SessionImpl(2061300310<open>)] for JPA transaction
2026-03-16 17:10:42 [http-nio-8080-exec-8] DEBUG o.s.orm.jpa.JpaTransactionManager - Opened new EntityManager [SessionImpl(784117428<open>)] for JPA transaction
2026-03-16 17:10:42 [http-nio-8080-exec-10] DEBUG o.s.orm.jpa.JpaTransactionManager - Exposing JPA transaction as JDBC [org.springframework.orm.jpa.vendor.HibernateJpaDialect$HibernateConnectionHandle@70407d95]
2026-03-16 17:10:42 [http-nio-8080-exec-8] DEBUG o.s.orm.jpa.JpaTransactionManager - Exposing JPA transaction as JDBC [org.springframework.orm.jpa.vendor.HibernateJpaDialect$HibernateConnectionHandle@7466259a]
2026-03-16 17:10:42 [http-nio-8080-exec-10] DEBUG o.s.orm.jpa.JpaTransactionManager - Found thread-bound EntityManager [SessionImpl(2061300310<open>)] for JPA transaction
2026-03-16 17:10:42 [http-nio-8080-exec-10] DEBUG o.s.orm.jpa.JpaTransactionManager - Participating in existing transaction
2026-03-16 17:10:42 [http-nio-8080-exec-8] DEBUG org.hibernate.SQL - select count(n1_0.ntcn_no) from n_user_notification n1_0 where n1_0.receiver_id=? and n1_0.is_read=?
2026-03-16 17:10:42 [http-nio-8080-exec-10] DEBUG org.hibernate.SQL - select n1_0.ntcn_no,n1_0.frst_register_id,n1_0.frst_regist_pnttm,n1_0.is_read,n1_0.last_updusr_id,n1_0.last_updt_pnttm,n1_0.link_url,n1_0.ntcn_cn,n1_0.ntcn_sj,n1_0.receiver_id from n_user_notification n1_0
2026-03-16 17:10:42 [http-nio-8080-exec-12] DEBUG o.s.orm.jpa.JpaTransactionManager - Closing JPA EntityManager [SessionImpl(1449228792<open>)] after transaction
2026-03-16 17:10:42 [http-nio-8080-exec-12] DEBUG c.c.p.s.jwt.JwtAuthenticationFilter - >>> [JwtFilter] Successfully authenticated user: USRCNFRM_99999999999, Authorities: [ROLE_ADMIN]
2026-03-16 17:10:42 [http-nio-8080-exec-12] DEBUG o.s.web.servlet.DispatcherServlet - GET "/api/v1/popups/active", parameters={}
2026-03-16 17:10:42 [http-nio-8080-exec-12] TRACE o.s.w.s.m.m.a.RequestMappingHandlerMapping - Mapped to com.company.project.api.controller.system.content.popup.PopupController#getActivePopups()
2026-03-16 17:10:42 [http-nio-8080-exec-12] DEBUG o.s.orm.jpa.JpaTransactionManager - Creating new transaction with name [com.company.project.service.system.content.popup.PopupServiceImpl.getActivePopups]: PROPAGATION_REQUIRED,ISOLATION_DEFAULT,readOnly
2026-03-16 17:10:42 [http-nio-8080-exec-12] DEBUG o.s.orm.jpa.JpaTransactionManager - Opened new EntityManager [SessionImpl(636360923<open>)] for JPA transaction
2026-03-16 17:10:42 [http-nio-8080-exec-12] DEBUG o.s.orm.jpa.JpaTransactionManager - Exposing JPA transaction as JDBC [org.springframework.orm.jpa.vendor.HibernateJpaDialect$HibernateConnectionHandle@19154d43]
2026-03-16 17:10:42 [http-nio-8080-exec-12] DEBUG org.hibernate.SQL - select p1_0.popup_id,p1_0.frst_register_id,p1_0.frst_regist_pnttm,p1_0.file_url,p1_0.ntce_at,p1_0.stopvew_setup_at,p1_0.last_updusr_id,p1_0.last_updt_pnttm,p1_0.ntce_bgnde,p1_0.ntce_endde,p1_0.popup_vrticl_lc,p1_0.popup_vrticl_size,p1_0.popup_sj_nm,p1_0.popup_width_lc,p1_0.popup_width_size from npopupmanage p1_0 where p1_0.ntce_at='Y' and ? between p1_0.ntce_bgnde and p1_0.ntce_endde
2026-03-16 17:10:42 [http-nio-8080-exec-9] DEBUG o.s.orm.jpa.JpaTransactionManager - Closing JPA EntityManager [SessionImpl(1998846688<open>)] after transaction
2026-03-16 17:10:42 [http-nio-8080-exec-9] DEBUG c.c.p.s.jwt.JwtAuthenticationFilter - >>> [JwtFilter] Successfully authenticated user: USRCNFRM_99999999999, Authorities: [ROLE_ADMIN]
2026-03-16 17:10:42 [http-nio-8080-exec-9] DEBUG o.s.web.servlet.DispatcherServlet - GET "/api/v1/admin/system/banners/reflected", parameters={}
2026-03-16 17:10:42 [http-nio-8080-exec-9] TRACE o.s.w.s.m.m.a.RequestMappingHandlerMapping - Mapped to com.company.project.api.controller.system.content.banner.BannerApiController#getReflectedBanners()
2026-03-16 17:10:42 [http-nio-8080-exec-9] DEBUG o.s.orm.jpa.JpaTransactionManager - Creating new transaction with name [com.company.project.service.system.content.banner.BannerService.getReflectedBanners]: PROPAGATION_REQUIRED,ISOLATION_DEFAULT,readOnly
2026-03-16 17:10:42 [http-nio-8080-exec-9] DEBUG o.s.orm.jpa.JpaTransactionManager - Opened new EntityManager [SessionImpl(834940240<open>)] for JPA transaction
2026-03-16 17:10:42 [http-nio-8080-exec-9] DEBUG o.s.orm.jpa.JpaTransactionManager - Exposing JPA transaction as JDBC [org.springframework.orm.jpa.vendor.HibernateJpaDialect$HibernateConnectionHandle@6dd66f91]
2026-03-16 17:10:42 [http-nio-8080-exec-9] DEBUG org.hibernate.SQL - select b1_0.banner_id,b1_0.banner_dc,b1_0.banner_image,b1_0.banner_image_file,b1_0.banner_nm,b1_0.frst_register_id,b1_0.frst_regist_pnttm,b1_0.last_updusr_id,b1_0.last_updt_pnttm,b1_0.link_url,b1_0.reflct_at,b1_0.sort_ordr from nbanner b1_0 where b1_0.reflct_at=? order by b1_0.sort_ordr
2026-03-16 17:10:43 [http-nio-8080-exec-17] DEBUG o.s.orm.jpa.JpaTransactionManager - Found thread-bound EntityManager [SessionImpl(847597016<open>)] for JPA transaction
2026-03-16 17:10:43 [http-nio-8080-exec-17] DEBUG o.s.orm.jpa.JpaTransactionManager - Participating in existing transaction
2026-03-16 17:10:43 [http-nio-8080-exec-17] DEBUG org.hibernate.SQL - select ua1_0.scrty_dtrmn_trget_id,ua1_0.author_code,ua1_0.frst_register_id,ua1_0.frst_regist_pnttm,ua1_0.last_updusr_id,ua1_0.last_updt_pnttm,ua1_0.mber_ty_code from nemplyrscrtyestbs ua1_0 where ua1_0.scrty_dtrmn_trget_id=?
2026-03-16 17:10:43 [http-nio-8080-exec-13] DEBUG o.s.orm.jpa.JpaTransactionManager - Found thread-bound EntityManager [SessionImpl(657417600<open>)] for JPA transaction
2026-03-16 17:10:43 [http-nio-8080-exec-13] DEBUG o.s.orm.jpa.JpaTransactionManager - Participating in existing transaction
2026-03-16 17:10:43 [http-nio-8080-exec-13] DEBUG org.hibernate.SQL - select ua1_0.scrty_dtrmn_trget_id,ua1_0.author_code,ua1_0.frst_register_id,ua1_0.frst_regist_pnttm,ua1_0.last_updusr_id,ua1_0.last_updt_pnttm,ua1_0.mber_ty_code from nemplyrscrtyestbs ua1_0 where ua1_0.scrty_dtrmn_trget_id=?
2026-03-16 17:10:43 [http-nio-8080-exec-10] DEBUG o.s.orm.jpa.JpaTransactionManager - Initiating transaction commit
2026-03-16 17:10:43 [http-nio-8080-exec-8] DEBUG o.s.orm.jpa.JpaTransactionManager - Initiating transaction commit
2026-03-16 17:10:43 [http-nio-8080-exec-10] DEBUG o.s.orm.jpa.JpaTransactionManager - Committing JPA transaction on EntityManager [SessionImpl(2061300310<open>)]
2026-03-16 17:10:43 [http-nio-8080-exec-8] DEBUG o.s.orm.jpa.JpaTransactionManager - Committing JPA transaction on EntityManager [SessionImpl(784117428<open>)]
2026-03-16 17:10:43 [http-nio-8080-exec-12] DEBUG o.s.orm.jpa.JpaTransactionManager - Initiating transaction commit
2026-03-16 17:10:43 [http-nio-8080-exec-12] DEBUG o.s.orm.jpa.JpaTransactionManager - Committing JPA transaction on EntityManager [SessionImpl(636360923<open>)]
2026-03-16 17:10:43 [http-nio-8080-exec-9] DEBUG o.s.orm.jpa.JpaTransactionManager - Initiating transaction commit
2026-03-16 17:10:43 [http-nio-8080-exec-9] DEBUG o.s.orm.jpa.JpaTransactionManager - Committing JPA transaction on EntityManager [SessionImpl(834940240<open>)]
2026-03-16 17:10:43 [http-nio-8080-exec-17] DEBUG o.s.orm.jpa.JpaTransactionManager - Initiating transaction commit
2026-03-16 17:10:43 [http-nio-8080-exec-17] DEBUG o.s.orm.jpa.JpaTransactionManager - Committing JPA transaction on EntityManager [SessionImpl(847597016<open>)]
2026-03-16 17:10:43 [http-nio-8080-exec-13] DEBUG o.s.orm.jpa.JpaTransactionManager - Initiating transaction commit
2026-03-16 17:10:43 [http-nio-8080-exec-13] DEBUG o.s.orm.jpa.JpaTransactionManager - Committing JPA transaction on EntityManager [SessionImpl(657417600<open>)]
2026-03-16 17:10:43 [http-nio-8080-exec-8] DEBUG o.s.orm.jpa.JpaTransactionManager - Closing JPA EntityManager [SessionImpl(784117428<open>)] after transaction
2026-03-16 17:10:43 [http-nio-8080-exec-10] DEBUG o.s.orm.jpa.JpaTransactionManager - Closing JPA EntityManager [SessionImpl(2061300310<open>)] after transaction
2026-03-16 17:10:43 [http-nio-8080-exec-10] DEBUG o.s.w.s.m.m.a.HttpEntityMethodProcessor - Using 'application/json', given [application/json, text/plain, */*] and supported [application/json, application/*+json, application/yaml]
2026-03-16 17:10:43 [http-nio-8080-exec-8] DEBUG o.s.w.s.m.m.a.HttpEntityMethodProcessor - Using 'application/json', given [application/json, text/plain, */*] and supported [application/json, application/*+json, application/yaml]
2026-03-16 17:10:43 [http-nio-8080-exec-8] TRACE o.s.w.s.m.m.a.HttpEntityMethodProcessor - Writing [ApiResponse[success=true, status=200, code=COMMON_001, message=Success, data=0, timestamp=2026-03-16T17:10:43.270144]]
2026-03-16 17:10:43 [http-nio-8080-exec-10] TRACE o.s.w.s.m.m.a.HttpEntityMethodProcessor - Writing [ApiResponse[success=true, status=200, code=COMMON_001, message=Success, data=[NotificationDto(ntfcNo=NT001, ntfcSj=테스트 알림입니다, ntfcCn=알림 내용입니다, ntfcDate=null, ntfcTime=2026-02-25T00:59:33.784070, bhNtfcIntrvl=null, uniqId=null, frstRegisterId=null, frstRegisterPnttm=2026-02-25T00:59:33.784070, lastUpdusrId=null, lastUpdusrPnttm=null)], timestamp=2026-03-16T17:10:43.270144]]
2026-03-16 17:10:43 [http-nio-8080-exec-8] INFO  c.c.p.a.i.OperationalAuditInterceptor - API Audit Log: URL=/api/v1/notifications/unread-count, User=webmaster, IP=127.0.0.1
2026-03-16 17:10:43 [http-nio-8080-exec-10] INFO  c.c.p.a.i.OperationalAuditInterceptor - API Audit Log: URL=/api/v1/notifications, User=webmaster, IP=127.0.0.1
2026-03-16 17:10:43 [http-nio-8080-exec-8] DEBUG o.s.web.servlet.DispatcherServlet - Completed 200 OK
2026-03-16 17:10:43 [http-nio-8080-exec-10] DEBUG o.s.web.servlet.DispatcherServlet - Completed 200 OK
2026-03-16 17:10:43 [http-nio-8080-exec-12] DEBUG o.s.orm.jpa.JpaTransactionManager - Closing JPA EntityManager [SessionImpl(636360923<open>)] after transaction
2026-03-16 17:10:43 [http-nio-8080-exec-12] DEBUG o.s.w.s.m.m.a.HttpEntityMethodProcessor - Using 'application/json', given [application/json, text/plain, */*] and supported [application/json, application/*+json, application/yaml]
2026-03-16 17:10:43 [http-nio-8080-exec-12] TRACE o.s.w.s.m.m.a.HttpEntityMethodProcessor - Writing [ApiResponse[success=true, status=200, code=COMMON_001, message=Success, data=[], timestamp=2026-03-16T17:10:43.297047]]
2026-03-16 17:10:43 [http-nio-8080-exec-12] INFO  c.c.p.a.i.OperationalAuditInterceptor - API Audit Log: URL=/api/v1/popups/active, User=webmaster, IP=127.0.0.1
2026-03-16 17:10:43 [http-nio-8080-exec-12] DEBUG o.s.web.servlet.DispatcherServlet - Completed 200 OK
2026-03-16 17:10:43 [http-nio-8080-exec-12] DEBUG c.c.p.s.jwt.JwtAuthenticationFilter - >>> [JwtFilter] Processing request: GET /api/v1/menu/left
2026-03-16 17:10:43 [http-nio-8080-exec-12] DEBUG c.c.p.s.jwt.JwtAuthenticationFilter - >>> [JwtFilter] Found token in header for path: /api/v1/menu/left
2026-03-16 17:10:43 [http-nio-8080-exec-12] DEBUG o.s.orm.jpa.JpaTransactionManager - Creating new transaction with name [com.company.project.security.iam.CustomUserDetailsService.loadUserByUsername]: PROPAGATION_REQUIRED,ISOLATION_DEFAULT,readOnly
2026-03-16 17:10:43 [http-nio-8080-exec-12] DEBUG o.s.orm.jpa.JpaTransactionManager - Opened new EntityManager [SessionImpl(1122315939<open>)] for JPA transaction
2026-03-16 17:10:43 [http-nio-8080-exec-12] DEBUG o.s.orm.jpa.JpaTransactionManager - Exposing JPA transaction as JDBC [org.springframework.orm.jpa.vendor.HibernateJpaDialect$HibernateConnectionHandle@71290ce9]
2026-03-16 17:10:43 [http-nio-8080-exec-12] DEBUG o.s.orm.jpa.JpaTransactionManager - Found thread-bound EntityManager [SessionImpl(1122315939<open>)] for JPA transaction
2026-03-16 17:10:43 [http-nio-8080-exec-12] DEBUG o.s.orm.jpa.JpaTransactionManager - Participating in existing transaction
2026-03-16 17:10:43 [http-nio-8080-exec-12] DEBUG org.hibernate.SQL - select u1_0.emplyr_id,u1_0.area_no,u1_0.brthdy,u1_0.chg_pwd_cnt,u1_0.frst_register_id,u1_0.frst_regist_pnttm,u1_0.detail_adres,u1_0.email_adres,u1_0.emplyr_sttus_code,u1_0.empl_no,u1_0.esntl_id,u1_0.fxnum,u1_0.group_id,u1_0.house_adres,u1_0.house_end_telno,u1_0.house_middle_telno,u1_0.ihidnum,u1_0.pstinst_code,u1_0.last_updusr_id,u1_0.last_updt_pnttm,u1_0.lock_at,u1_0.lock_cnt,u1_0.lock_last_pnttm,u1_0.mbtlnum,u1_0.ofcps_nm,u1_0.offm_telno,u1_0.orgnzt_id,u1_0.password,u1_0.password_cnsr,u1_0.password_hint,u1_0.chg_pwd_last_pnttm,u1_0.role,u1_0.sbscrb_de,u1_0.sexdstn_code,u1_0.crtfc_dn_value,u1_0.user_nm,u1_0.zip from nemplyrinfo u1_0 where u1_0.emplyr_id=?
2026-03-16 17:10:43 [http-nio-8080-exec-3] DEBUG c.c.p.s.jwt.JwtAuthenticationFilter - >>> [JwtFilter] Processing request: GET /api/v1/notifications/unread-count
2026-03-16 17:10:43 [http-nio-8080-exec-3] DEBUG c.c.p.s.jwt.JwtAuthenticationFilter - >>> [JwtFilter] Found token in header for path: /api/v1/notifications/unread-count
2026-03-16 17:10:43 [http-nio-8080-exec-3] DEBUG o.s.orm.jpa.JpaTransactionManager - Creating new transaction with name [com.company.project.security.iam.CustomUserDetailsService.loadUserByUsername]: PROPAGATION_REQUIRED,ISOLATION_DEFAULT,readOnly
2026-03-16 17:10:43 [http-nio-8080-exec-3] DEBUG o.s.orm.jpa.JpaTransactionManager - Opened new EntityManager [SessionImpl(1830201877<open>)] for JPA transaction
2026-03-16 17:10:43 [http-nio-8080-exec-15] DEBUG c.c.p.s.jwt.JwtAuthenticationFilter - >>> [JwtFilter] Processing request: GET /api/v1/notifications
2026-03-16 17:10:43 [http-nio-8080-exec-15] DEBUG c.c.p.s.jwt.JwtAuthenticationFilter - >>> [JwtFilter] Found token in header for path: /api/v1/notifications
2026-03-16 17:10:43 [http-nio-8080-exec-15] DEBUG o.s.orm.jpa.JpaTransactionManager - Creating new transaction with name [com.company.project.security.iam.CustomUserDetailsService.loadUserByUsername]: PROPAGATION_REQUIRED,ISOLATION_DEFAULT,readOnly
2026-03-16 17:10:43 [http-nio-8080-exec-15] DEBUG o.s.orm.jpa.JpaTransactionManager - Opened new EntityManager [SessionImpl(1997450155<open>)] for JPA transaction
2026-03-16 17:10:43 [http-nio-8080-exec-9] DEBUG o.s.orm.jpa.JpaTransactionManager - Closing JPA EntityManager [SessionImpl(834940240<open>)] after transaction
2026-03-16 17:10:43 [http-nio-8080-exec-9] DEBUG o.s.w.s.m.m.a.HttpEntityMethodProcessor - Using 'application/json', given [application/json, text/plain, */*] and supported [application/json, application/*+json, application/yaml]
2026-03-16 17:10:43 [http-nio-8080-exec-9] TRACE o.s.w.s.m.m.a.HttpEntityMethodProcessor - Writing [ApiResponse[success=true, status=200, code=COMMON_001, message=Success, data=[], timestamp=2026-03-16T17:10:43.337298500]]
2026-03-16 17:10:43 [http-nio-8080-exec-9] INFO  c.c.p.a.i.OperationalAuditInterceptor - API Audit Log: URL=/api/v1/admin/system/banners/reflected, User=webmaster, IP=127.0.0.1
2026-03-16 17:10:43 [http-nio-8080-exec-9] DEBUG o.s.web.servlet.DispatcherServlet - Completed 200 OK
2026-03-16 17:10:43 [http-nio-8080-exec-19] DEBUG c.c.p.s.jwt.JwtAuthenticationFilter - >>> [JwtFilter] Processing request: GET /api/v1/popups/active
2026-03-16 17:10:43 [http-nio-8080-exec-19] DEBUG c.c.p.s.jwt.JwtAuthenticationFilter - >>> [JwtFilter] Found token in header for path: /api/v1/popups/active
2026-03-16 17:10:43 [http-nio-8080-exec-19] DEBUG o.s.orm.jpa.JpaTransactionManager - Creating new transaction with name [com.company.project.security.iam.CustomUserDetailsService.loadUserByUsername]: PROPAGATION_REQUIRED,ISOLATION_DEFAULT,readOnly
2026-03-16 17:10:43 [http-nio-8080-exec-19] DEBUG o.s.orm.jpa.JpaTransactionManager - Opened new EntityManager [SessionImpl(766515482<open>)] for JPA transaction
2026-03-16 17:10:43 [http-nio-8080-exec-17] DEBUG o.s.orm.jpa.JpaTransactionManager - Closing JPA EntityManager [SessionImpl(847597016<open>)] after transaction
2026-03-16 17:10:43 [http-nio-8080-exec-17] DEBUG c.c.p.s.jwt.JwtAuthenticationFilter - >>> [JwtFilter] Successfully authenticated user: USRCNFRM_99999999999, Authorities: [ROLE_ADMIN]
2026-03-16 17:10:43 [http-nio-8080-exec-17] DEBUG o.s.web.servlet.DispatcherServlet - GET "/api/v1/admin/system/statistics/connect?statsKind=SERVICE", parameters={masked}
2026-03-16 17:10:43 [http-nio-8080-exec-17] DEBUG o.s.w.s.h.SimpleUrlHandlerMapping - Mapped to ResourceHttpRequestHandler [classpath [META-INF/resources/], classpath [resources/], classpath [static/], classpath [public/], ServletContext [/]]
2026-03-16 17:10:43 [http-nio-8080-exec-17] DEBUG o.s.w.s.r.ResourceHttpRequestHandler - Resource not found
2026-03-16 17:10:43 [http-nio-8080-exec-17] DEBUG o.s.w.s.m.m.a.ExceptionHandlerExceptionResolver - Using @ExceptionHandler com.company.project.core.exception.GlobalExceptionHandler#handleException(Exception)
2026-03-16 17:10:43 [http-nio-8080-exec-17] ERROR c.c.p.c.e.GlobalExceptionHandler - >>> Internal Server Error: No static resource api/v1/admin/system/statistics/connect.
org.springframework.web.servlet.resource.NoResourceFoundException: No static resource api/v1/admin/system/statistics/connect.
	at org.springframework.web.servlet.resource.ResourceHttpRequestHandler.handleRequest(ResourceHttpRequestHandler.java:585)
	at org.springframework.web.servlet.mvc.HttpRequestHandlerAdapter.handle(HttpRequestHandlerAdapter.java:52)
	at org.springframework.web.servlet.DispatcherServlet.doDispatch(DispatcherServlet.java:1088)
	at org.springframework.web.servlet.DispatcherServlet.doService(DispatcherServlet.java:978)
	at org.springframework.web.servlet.FrameworkServlet.processRequest(FrameworkServlet.java:1014)
	at org.springframework.web.servlet.FrameworkServlet.doGet(FrameworkServlet.java:903)
	at jakarta.servlet.http.HttpServlet.service(HttpServlet.java:527)
	at org.springframework.web.servlet.FrameworkServlet.service(FrameworkServlet.java:885)
	at jakarta.servlet.http.HttpServlet.service(HttpServlet.java:614)
	at org.apache.catalina.core.ApplicationFilterChain.internalDoFilter(ApplicationFilterChain.java:195)
	at org.apache.catalina.core.ApplicationFilterChain.doFilter(ApplicationFilterChain.java:140)
	at org.apache.tomcat.websocket.server.WsFilter.doFilter(WsFilter.java:51)
	at org.apache.catalina.core.ApplicationFilterChain.internalDoFilter(ApplicationFilterChain.java:164)
	at org.apache.catalina.core.ApplicationFilterChain.doFilter(ApplicationFilterChain.java:140)
	at org.springframework.web.filter.CompositeFilter$VirtualFilterChain.doFilter(CompositeFilter.java:108)
	at org.springframework.security.web.FilterChainProxy.lambda$doFilterInternal$3(FilterChainProxy.java:231)
	at org.springframework.security.web.ObservationFilterChainDecorator$FilterObservation$SimpleFilterObservation.lambda$wrap$1(ObservationFilterChainDecorator.java:479)
	at org.springframework.security.web.ObservationFilterChainDecorator$AroundFilterObservation$SimpleAroundFilterObservation.lambda$wrap$1(ObservationFilterChainDecorator.java:340)
	at org.springframework.security.web.ObservationFilterChainDecorator.lambda$wrapSecured$0(ObservationFilterChainDecorator.java:82)
	at org.springframework.security.web.ObservationFilterChainDecorator$VirtualFilterChain.doFilter(ObservationFilterChainDecorator.java:128)
	at org.springframework.security.web.access.intercept.AuthorizationFilter.doFilter(AuthorizationFilter.java:101)
	at org.springframework.security.web.ObservationFilterChainDecorator$ObservationFilter.wrapFilter(ObservationFilterChainDecorator.java:240)
	at org.springframework.security.web.ObservationFilterChainDecorator$ObservationFilter.doFilter(ObservationFilterChainDecorator.java:227)
	at org.springframework.security.web.ObservationFilterChainDecorator$VirtualFilterChain.doFilter(ObservationFilterChainDecorator.java:137)
	at org.springframework.security.web.access.ExceptionTranslationFilter.doFilter(ExceptionTranslationFilter.java:126)
	at org.springframework.security.web.access.ExceptionTranslationFilter.doFilter(ExceptionTranslationFilter.java:120)
	at org.springframework.security.web.ObservationFilterChainDecorator$ObservationFilter.wrapFilter(ObservationFilterChainDecorator.java:240)
	at org.springframework.security.web.ObservationFilterChainDecorator$ObservationFilter.doFilter(ObservationFilterChainDecorator.java:227)
	at org.springframework.security.web.ObservationFilterChainDecorator$VirtualFilterChain.doFilter(ObservationFilterChainDecorator.java:137)
	at org.springframework.security.web.session.SessionManagementFilter.doFilter(SessionManagementFilter.java:131)
	at org.springframework.security.web.session.SessionManagementFilter.doFilter(SessionManagementFilter.java:85)
	at org.springframework.security.web.ObservationFilterChainDecorator$ObservationFilter.wrapFilter(ObservationFilterChainDecorator.java:240)
	at org.springframework.security.web.ObservationFilterChainDecorator$ObservationFilter.doFilter(ObservationFilterChainDecorator.java:227)
	at org.springframework.security.web.ObservationFilterChainDecorator$VirtualFilterChain.doFilter(ObservationFilterChainDecorator.java:137)
	at org.springframework.security.web.authentication.AnonymousAuthenticationFilter.doFilter(AnonymousAuthenticationFilter.java:100)
	at org.springframework.security.web.ObservationFilterChainDecorator$ObservationFilter.wrapFilter(ObservationFilterChainDecorator.java:240)
	at org.springframework.security.web.ObservationFilterChainDecorator$ObservationFilter.doFilter(ObservationFilterChainDecorator.java:227)
	at org.springframework.security.web.ObservationFilterChainDecorator$VirtualFilterChain.doFilter(ObservationFilterChainDecorator.java:137)
	at org.springframework.security.web.servletapi.SecurityContextHolderAwareRequestFilter.doFilter(SecurityContextHolderAwareRequestFilter.java:179)
	at org.springframework.security.web.ObservationFilterChainDecorator$ObservationFilter.wrapFilter(ObservationFilterChainDecorator.java:240)
	at org.springframework.security.web.ObservationFilterChainDecorator$ObservationFilter.doFilter(ObservationFilterChainDecorator.java:227)
	at org.springframework.security.web.ObservationFilterChainDecorator$VirtualFilterChain.doFilter(ObservationFilterChainDecorator.java:137)
	at org.springframework.security.web.savedrequest.RequestCacheAwareFilter.doFilter(RequestCacheAwareFilter.java:63)
	at org.springframework.security.web.ObservationFilterChainDecorator$ObservationFilter.wrapFilter(ObservationFilterChainDecorator.java:240)
	at org.springframework.security.web.ObservationFilterChainDecorator$ObservationFilter.doFilter(ObservationFilterChainDecorator.java:227)
	at org.springframework.security.web.ObservationFilterChainDecorator$VirtualFilterChain.doFilter(ObservationFilterChainDecorator.java:137)
	at com.company.project.security.jwt.JwtAuthenticationFilter.doFilterInternal(JwtAuthenticationFilter.java:52)
	at org.springframework.web.filter.OncePerRequestFilter.doFilter(OncePerRequestFilter.java:116)
	at org.springframework.security.web.ObservationFilterChainDecorator$ObservationFilter.wrapFilter(ObservationFilterChainDecorator.java:240)
	at org.springframework.security.web.ObservationFilterChainDecorator$ObservationFilter.doFilter(ObservationFilterChainDecorator.java:227)
	at org.springframework.security.web.ObservationFilterChainDecorator$VirtualFilterChain.doFilter(ObservationFilterChainDecorator.java:137)
	at org.springframework.security.web.authentication.logout.LogoutFilter.doFilter(LogoutFilter.java:107)
	at org.springframework.security.web.authentication.logout.LogoutFilter.doFilter(LogoutFilter.java:93)
	at org.springframework.security.web.ObservationFilterChainDecorator$ObservationFilter.wrapFilter(ObservationFilterChainDecorator.java:240)
	at org.springframework.security.web.ObservationFilterChainDecorator$ObservationFilter.doFilter(ObservationFilterChainDecorator.java:227)
	at org.springframework.security.web.ObservationFilterChainDecorator$VirtualFilterChain.doFilter(ObservationFilterChainDecorator.java:137)
	at org.springframework.web.filter.CorsFilter.doFilterInternal(CorsFilter.java:91)
	at org.springframework.web.filter.OncePerRequestFilter.doFilter(OncePerRequestFilter.java:116)
	at org.springframework.security.web.ObservationFilterChainDecorator$ObservationFilter.wrapFilter(ObservationFilterChainDecorator.java:240)
	at org.springframework.security.web.ObservationFilterChainDecorator$ObservationFilter.doFilter(ObservationFilterChainDecorator.java:227)
	at org.springframework.security.web.ObservationFilterChainDecorator$VirtualFilterChain.doFilter(ObservationFilterChainDecorator.java:137)
	at org.springframework.security.web.header.HeaderWriterFilter.doHeadersAfter(HeaderWriterFilter.java:90)
	at org.springframework.security.web.header.HeaderWriterFilter.doFilterInternal(HeaderWriterFilter.java:75)
	at org.springframework.web.filter.OncePerRequestFilter.doFilter(OncePerRequestFilter.java:116)
	at org.springframework.security.web.ObservationFilterChainDecorator$ObservationFilter.wrapFilter(ObservationFilterChainDecorator.java:240)
	at org.springframework.security.web.ObservationFilterChainDecorator$ObservationFilter.doFilter(ObservationFilterChainDecorator.java:227)
	at org.springframework.security.web.ObservationFilterChainDecorator$VirtualFilterChain.doFilter(ObservationFilterChainDecorator.java:137)
	at org.springframework.security.web.context.SecurityContextHolderFilter.doFilter(SecurityContextHolderFilter.java:82)
	at org.springframework.security.web.context.SecurityContextHolderFilter.doFilter(SecurityContextHolderFilter.java:69)
	at org.springframework.security.web.ObservationFilterChainDecorator$ObservationFilter.wrapFilter(ObservationFilterChainDecorator.java:240)
	at org.springframework.security.web.ObservationFilterChainDecorator$ObservationFilter.doFilter(ObservationFilterChainDecorator.java:227)
	at org.springframework.security.web.ObservationFilterChainDecorator$VirtualFilterChain.doFilter(ObservationFilterChainDecorator.java:137)
	at org.springframework.security.web.context.request.async.WebAsyncManagerIntegrationFilter.doFilterInternal(WebAsyncManagerIntegrationFilter.java:62)
	at org.springframework.web.filter.OncePerRequestFilter.doFilter(OncePerRequestFilter.java:116)
	at org.springframework.security.web.ObservationFilterChainDecorator$ObservationFilter.wrapFilter(ObservationFilterChainDecorator.java:240)
	at org.springframework.security.web.ObservationFilterChainDecorator$ObservationFilter.doFilter(ObservationFilterChainDecorator.java:227)
	at org.springframework.security.web.ObservationFilterChainDecorator$VirtualFilterChain.doFilter(ObservationFilterChainDecorator.java:137)
	at org.springframework.security.web.session.DisableEncodeUrlFilter.doFilterInternal(DisableEncodeUrlFilter.java:42)
	at org.springframework.web.filter.OncePerRequestFilter.doFilter(OncePerRequestFilter.java:116)
	at org.springframework.security.web.ObservationFilterChainDecorator$ObservationFilter.wrapFilter(ObservationFilterChainDecorator.java:240)
	at org.springframework.security.web.ObservationFilterChainDecorator$AroundFilterObservation$SimpleAroundFilterObservation.lambda$wrap$0(ObservationFilterChainDecorator.java:323)
	at org.springframework.security.web.ObservationFilterChainDecorator$ObservationFilter.doFilter(ObservationFilterChainDecorator.java:224)
	at org.springframework.security.web.ObservationFilterChainDecorator$VirtualFilterChain.doFilter(ObservationFilterChainDecorator.java:137)
	at org.springframework.security.web.FilterChainProxy.doFilterInternal(FilterChainProxy.java:233)
	at org.springframework.security.web.FilterChainProxy.doFilter(FilterChainProxy.java:191)
	at org.springframework.web.filter.CompositeFilter$VirtualFilterChain.doFilter(CompositeFilter.java:113)
	at org.springframework.web.servlet.handler.HandlerMappingIntrospector.lambda$createCacheFilter$3(HandlerMappingIntrospector.java:243)
	at org.springframework.web.filter.CompositeFilter$VirtualFilterChain.doFilter(CompositeFilter.java:113)
	at org.springframework.web.filter.CompositeFilter.doFilter(CompositeFilter.java:74)
	at org.springframework.security.config.annotation.web.configuration.WebMvcSecurityConfiguration$CompositeFilterChainProxy.doFilter(WebMvcSecurityConfiguration.java:238)
	at org.springframework.web.filter.DelegatingFilterProxy.invokeDelegate(DelegatingFilterProxy.java:362)
	at org.springframework.web.filter.DelegatingFilterProxy.doFilter(DelegatingFilterProxy.java:278)
	at org.apache.catalina.core.ApplicationFilterChain.internalDoFilter(ApplicationFilterChain.java:164)
	at org.apache.catalina.core.ApplicationFilterChain.doFilter(ApplicationFilterChain.java:140)
	at org.springframework.web.filter.RequestContextFilter.doFilterInternal(RequestContextFilter.java:100)
	at org.springframework.web.filter.OncePerRequestFilter.doFilter(OncePerRequestFilter.java:116)
	at org.apache.catalina.core.ApplicationFilterChain.internalDoFilter(ApplicationFilterChain.java:164)
	at org.apache.catalina.core.ApplicationFilterChain.doFilter(ApplicationFilterChain.java:140)
	at org.springframework.web.filter.FormContentFilter.doFilterInternal(FormContentFilter.java:93)
	at org.springframework.web.filter.OncePerRequestFilter.doFilter(OncePerRequestFilter.java:116)
	at org.apache.catalina.core.ApplicationFilterChain.internalDoFilter(ApplicationFilterChain.java:164)
	at org.apache.catalina.core.ApplicationFilterChain.doFilter(ApplicationFilterChain.java:140)
	at org.springframework.web.filter.ServerHttpObservationFilter.doFilterInternal(ServerHttpObservationFilter.java:114)
	at org.springframework.web.filter.OncePerRequestFilter.doFilter(OncePerRequestFilter.java:116)
	at org.apache.catalina.core.ApplicationFilterChain.internalDoFilter(ApplicationFilterChain.java:164)
	at org.apache.catalina.core.ApplicationFilterChain.doFilter(ApplicationFilterChain.java:140)
	at org.springframework.web.filter.CharacterEncodingFilter.doFilterInternal(CharacterEncodingFilter.java:201)
	at org.springframework.web.filter.OncePerRequestFilter.doFilter(OncePerRequestFilter.java:116)
	at org.apache.catalina.core.ApplicationFilterChain.internalDoFilter(ApplicationFilterChain.java:164)
	at org.apache.catalina.core.ApplicationFilterChain.doFilter(ApplicationFilterChain.java:140)
	at org.apache.catalina.core.StandardWrapperValve.invoke(StandardWrapperValve.java:167)
	at org.apache.catalina.core.StandardContextValve.invoke(StandardContextValve.java:90)
	at org.apache.catalina.authenticator.AuthenticatorBase.invoke(AuthenticatorBase.java:483)
	at org.apache.catalina.core.StandardHostValve.invoke(StandardHostValve.java:115)
	at org.apache.catalina.valves.ErrorReportValve.invoke(ErrorReportValve.java:93)
	at org.apache.catalina.core.StandardEngineValve.invoke(StandardEngineValve.java:74)
	at org.apache.catalina.connector.CoyoteAdapter.service(CoyoteAdapter.java:344)
	at org.apache.coyote.http11.Http11Processor.service(Http11Processor.java:397)
	at org.apache.coyote.AbstractProcessorLight.process(AbstractProcessorLight.java:63)
	at org.apache.coyote.AbstractProtocol$ConnectionHandler.process(AbstractProtocol.java:905)
	at org.apache.tomcat.util.net.NioEndpoint$SocketProcessor.doRun(NioEndpoint.java:1741)
	at org.apache.tomcat.util.net.SocketProcessorBase.run(SocketProcessorBase.java:52)
	at org.apache.tomcat.util.threads.ThreadPoolExecutor.runWorker(ThreadPoolExecutor.java:1190)
	at org.apache.tomcat.util.threads.ThreadPoolExecutor$Worker.run(ThreadPoolExecutor.java:659)
	at org.apache.tomcat.util.threads.TaskThread$WrappingRunnable.run(TaskThread.java:63)
	at java.base/java.lang.Thread.run(Thread.java:1583)
2026-03-16 17:10:43 [http-nio-8080-exec-13] DEBUG o.s.orm.jpa.JpaTransactionManager - Closing JPA EntityManager [SessionImpl(657417600<open>)] after transaction
2026-03-16 17:10:43 [http-nio-8080-exec-13] DEBUG c.c.p.s.jwt.JwtAuthenticationFilter - >>> [JwtFilter] Successfully authenticated user: USRCNFRM_99999999999, Authorities: [ROLE_ADMIN]
2026-03-16 17:10:43 [http-nio-8080-exec-17] DEBUG o.s.w.s.m.m.a.HttpEntityMethodProcessor - Using 'application/json', given [application/json, text/plain, */*] and supported [application/json, application/*+json, application/yaml]
2026-03-16 17:10:43 [http-nio-8080-exec-17] TRACE o.s.w.s.m.m.a.HttpEntityMethodProcessor - Writing [ApiResponse[success=false, status=500, code=C004, message=예기치 않은 서버 오류가 발생했습니다., data=null, timestamp=2026-03-16T17:10:43.408523600]]
2026-03-16 17:10:43 [http-nio-8080-exec-13] DEBUG o.s.web.servlet.DispatcherServlet - GET "/api/v1/admin/system/statistics/bbs?statsKind=COM101", parameters={masked}
2026-03-16 17:10:43 [http-nio-8080-exec-17] DEBUG o.s.w.s.m.m.a.ExceptionHandlerExceptionResolver - Resolved [org.springframework.web.servlet.resource.NoResourceFoundException: No static resource api/v1/admin/system/statistics/connect.]
2026-03-16 17:10:43 [http-nio-8080-exec-17] DEBUG o.s.web.servlet.DispatcherServlet - Completed 500 INTERNAL_SERVER_ERROR
2026-03-16 17:10:43 [http-nio-8080-exec-13] DEBUG o.s.w.s.h.SimpleUrlHandlerMapping - Mapped to ResourceHttpRequestHandler [classpath [META-INF/resources/], classpath [resources/], classpath [static/], classpath [public/], ServletContext [/]]
2026-03-16 17:10:43 [http-nio-8080-exec-13] DEBUG o.s.w.s.r.ResourceHttpRequestHandler - Resource not found
2026-03-16 17:10:43 [http-nio-8080-exec-13] DEBUG o.s.w.s.m.m.a.ExceptionHandlerExceptionResolver - Using @ExceptionHandler com.company.project.core.exception.GlobalExceptionHandler#handleException(Exception)
2026-03-16 17:10:43 [http-nio-8080-exec-13] ERROR c.c.p.c.e.GlobalExceptionHandler - >>> Internal Server Error: No static resource api/v1/admin/system/statistics/bbs.
org.springframework.web.servlet.resource.NoResourceFoundException: No static resource api/v1/admin/system/statistics/bbs.
	at org.springframework.web.servlet.resource.ResourceHttpRequestHandler.handleRequest(ResourceHttpRequestHandler.java:585)
	at org.springframework.web.servlet.mvc.HttpRequestHandlerAdapter.handle(HttpRequestHandlerAdapter.java:52)
	at org.springframework.web.servlet.DispatcherServlet.doDispatch(DispatcherServlet.java:1088)
	at org.springframework.web.servlet.DispatcherServlet.doService(DispatcherServlet.java:978)
	at org.springframework.web.servlet.FrameworkServlet.processRequest(FrameworkServlet.java:1014)
	at org.springframework.web.servlet.FrameworkServlet.doGet(FrameworkServlet.java:903)
	at jakarta.servlet.http.HttpServlet.service(HttpServlet.java:527)
	at org.springframework.web.servlet.FrameworkServlet.service(FrameworkServlet.java:885)
	at jakarta.servlet.http.HttpServlet.service(HttpServlet.java:614)
	at org.apache.catalina.core.ApplicationFilterChain.internalDoFilter(ApplicationFilterChain.java:195)
	at org.apache.catalina.core.ApplicationFilterChain.doFilter(ApplicationFilterChain.java:140)
	at org.apache.tomcat.websocket.server.WsFilter.doFilter(WsFilter.java:51)
	at org.apache.catalina.core.ApplicationFilterChain.internalDoFilter(ApplicationFilterChain.java:164)
	at org.apache.catalina.core.ApplicationFilterChain.doFilter(ApplicationFilterChain.java:140)
	at org.springframework.web.filter.CompositeFilter$VirtualFilterChain.doFilter(CompositeFilter.java:108)
	at org.springframework.security.web.FilterChainProxy.lambda$doFilterInternal$3(FilterChainProxy.java:231)
	at org.springframework.security.web.ObservationFilterChainDecorator$FilterObservation$SimpleFilterObservation.lambda$wrap$1(ObservationFilterChainDecorator.java:479)
	at org.springframework.security.web.ObservationFilterChainDecorator$AroundFilterObservation$SimpleAroundFilterObservation.lambda$wrap$1(ObservationFilterChainDecorator.java:340)
	at org.springframework.security.web.ObservationFilterChainDecorator.lambda$wrapSecured$0(ObservationFilterChainDecorator.java:82)
	at org.springframework.security.web.ObservationFilterChainDecorator$VirtualFilterChain.doFilter(ObservationFilterChainDecorator.java:128)
	at org.springframework.security.web.access.intercept.AuthorizationFilter.doFilter(AuthorizationFilter.java:101)
	at org.springframework.security.web.ObservationFilterChainDecorator$ObservationFilter.wrapFilter(ObservationFilterChainDecorator.java:240)
	at org.springframework.security.web.ObservationFilterChainDecorator$ObservationFilter.doFilter(ObservationFilterChainDecorator.java:227)
	at org.springframework.security.web.ObservationFilterChainDecorator$VirtualFilterChain.doFilter(ObservationFilterChainDecorator.java:137)
	at org.springframework.security.web.access.ExceptionTranslationFilter.doFilter(ExceptionTranslationFilter.java:126)
	at org.springframework.security.web.access.ExceptionTranslationFilter.doFilter(ExceptionTranslationFilter.java:120)
	at org.springframework.security.web.ObservationFilterChainDecorator$ObservationFilter.wrapFilter(ObservationFilterChainDecorator.java:240)
	at org.springframework.security.web.ObservationFilterChainDecorator$ObservationFilter.doFilter(ObservationFilterChainDecorator.java:227)
	at org.springframework.security.web.ObservationFilterChainDecorator$VirtualFilterChain.doFilter(ObservationFilterChainDecorator.java:137)
	at org.springframework.security.web.session.SessionManagementFilter.doFilter(SessionManagementFilter.java:131)
	at org.springframework.security.web.session.SessionManagementFilter.doFilter(SessionManagementFilter.java:85)
	at org.springframework.security.web.ObservationFilterChainDecorator$ObservationFilter.wrapFilter(ObservationFilterChainDecorator.java:240)
	at org.springframework.security.web.ObservationFilterChainDecorator$ObservationFilter.doFilter(ObservationFilterChainDecorator.java:227)
	at org.springframework.security.web.ObservationFilterChainDecorator$VirtualFilterChain.doFilter(ObservationFilterChainDecorator.java:137)
	at org.springframework.security.web.authentication.AnonymousAuthenticationFilter.doFilter(AnonymousAuthenticationFilter.java:100)
	at org.springframework.security.web.ObservationFilterChainDecorator$ObservationFilter.wrapFilter(ObservationFilterChainDecorator.java:240)
	at org.springframework.security.web.ObservationFilterChainDecorator$ObservationFilter.doFilter(ObservationFilterChainDecorator.java:227)
	at org.springframework.security.web.ObservationFilterChainDecorator$VirtualFilterChain.doFilter(ObservationFilterChainDecorator.java:137)
	at org.springframework.security.web.servletapi.SecurityContextHolderAwareRequestFilter.doFilter(SecurityContextHolderAwareRequestFilter.java:179)
	at org.springframework.security.web.ObservationFilterChainDecorator$ObservationFilter.wrapFilter(ObservationFilterChainDecorator.java:240)
	at org.springframework.security.web.ObservationFilterChainDecorator$ObservationFilter.doFilter(ObservationFilterChainDecorator.java:227)
	at org.springframework.security.web.ObservationFilterChainDecorator$VirtualFilterChain.doFilter(ObservationFilterChainDecorator.java:137)
	at org.springframework.security.web.savedrequest.RequestCacheAwareFilter.doFilter(RequestCacheAwareFilter.java:63)
	at org.springframework.security.web.ObservationFilterChainDecorator$ObservationFilter.wrapFilter(ObservationFilterChainDecorator.java:240)
	at org.springframework.security.web.ObservationFilterChainDecorator$ObservationFilter.doFilter(ObservationFilterChainDecorator.java:227)
	at org.springframework.security.web.ObservationFilterChainDecorator$VirtualFilterChain.doFilter(ObservationFilterChainDecorator.java:137)
	at com.company.project.security.jwt.JwtAuthenticationFilter.doFilterInternal(JwtAuthenticationFilter.java:52)
	at org.springframework.web.filter.OncePerRequestFilter.doFilter(OncePerRequestFilter.java:116)
	at org.springframework.security.web.ObservationFilterChainDecorator$ObservationFilter.wrapFilter(ObservationFilterChainDecorator.java:240)
	at org.springframework.security.web.ObservationFilterChainDecorator$ObservationFilter.doFilter(ObservationFilterChainDecorator.java:227)
	at org.springframework.security.web.ObservationFilterChainDecorator$VirtualFilterChain.doFilter(ObservationFilterChainDecorator.java:137)
	at org.springframework.security.web.authentication.logout.LogoutFilter.doFilter(LogoutFilter.java:107)
	at org.springframework.security.web.authentication.logout.LogoutFilter.doFilter(LogoutFilter.java:93)
	at org.springframework.security.web.ObservationFilterChainDecorator$ObservationFilter.wrapFilter(ObservationFilterChainDecorator.java:240)
	at org.springframework.security.web.ObservationFilterChainDecorator$ObservationFilter.doFilter(ObservationFilterChainDecorator.java:227)
	at org.springframework.security.web.ObservationFilterChainDecorator$VirtualFilterChain.doFilter(ObservationFilterChainDecorator.java:137)
	at org.springframework.web.filter.CorsFilter.doFilterInternal(CorsFilter.java:91)
	at org.springframework.web.filter.OncePerRequestFilter.doFilter(OncePerRequestFilter.java:116)
	at org.springframework.security.web.ObservationFilterChainDecorator$ObservationFilter.wrapFilter(ObservationFilterChainDecorator.java:240)
	at org.springframework.security.web.ObservationFilterChainDecorator$ObservationFilter.doFilter(ObservationFilterChainDecorator.java:227)
	at org.springframework.security.web.ObservationFilterChainDecorator$VirtualFilterChain.doFilter(ObservationFilterChainDecorator.java:137)
	at org.springframework.security.web.header.HeaderWriterFilter.doHeadersAfter(HeaderWriterFilter.java:90)
	at org.springframework.security.web.header.HeaderWriterFilter.doFilterInternal(HeaderWriterFilter.java:75)
	at org.springframework.web.filter.OncePerRequestFilter.doFilter(OncePerRequestFilter.java:116)
	at org.springframework.security.web.ObservationFilterChainDecorator$ObservationFilter.wrapFilter(ObservationFilterChainDecorator.java:240)
	at org.springframework.security.web.ObservationFilterChainDecorator$ObservationFilter.doFilter(ObservationFilterChainDecorator.java:227)
	at org.springframework.security.web.ObservationFilterChainDecorator$VirtualFilterChain.doFilter(ObservationFilterChainDecorator.java:137)
	at org.springframework.security.web.context.SecurityContextHolderFilter.doFilter(SecurityContextHolderFilter.java:82)
	at org.springframework.security.web.context.SecurityContextHolderFilter.doFilter(SecurityContextHolderFilter.java:69)
	at org.springframework.security.web.ObservationFilterChainDecorator$ObservationFilter.wrapFilter(ObservationFilterChainDecorator.java:240)
	at org.springframework.security.web.ObservationFilterChainDecorator$ObservationFilter.doFilter(ObservationFilterChainDecorator.java:227)
	at org.springframework.security.web.ObservationFilterChainDecorator$VirtualFilterChain.doFilter(ObservationFilterChainDecorator.java:137)
	at org.springframework.security.web.context.request.async.WebAsyncManagerIntegrationFilter.doFilterInternal(WebAsyncManagerIntegrationFilter.java:62)
	at org.springframework.web.filter.OncePerRequestFilter.doFilter(OncePerRequestFilter.java:116)
	at org.springframework.security.web.ObservationFilterChainDecorator$ObservationFilter.wrapFilter(ObservationFilterChainDecorator.java:240)
	at org.springframework.security.web.ObservationFilterChainDecorator$ObservationFilter.doFilter(ObservationFilterChainDecorator.java:227)
	at org.springframework.security.web.ObservationFilterChainDecorator$VirtualFilterChain.doFilter(ObservationFilterChainDecorator.java:137)
	at org.springframework.security.web.session.DisableEncodeUrlFilter.doFilterInternal(DisableEncodeUrlFilter.java:42)
	at org.springframework.web.filter.OncePerRequestFilter.doFilter(OncePerRequestFilter.java:116)
	at org.springframework.security.web.ObservationFilterChainDecorator$ObservationFilter.wrapFilter(ObservationFilterChainDecorator.java:240)
	at org.springframework.security.web.ObservationFilterChainDecorator$AroundFilterObservation$SimpleAroundFilterObservation.lambda$wrap$0(ObservationFilterChainDecorator.java:323)
	at org.springframework.security.web.ObservationFilterChainDecorator$ObservationFilter.doFilter(ObservationFilterChainDecorator.java:224)
	at org.springframework.security.web.ObservationFilterChainDecorator$VirtualFilterChain.doFilter(ObservationFilterChainDecorator.java:137)
	at org.springframework.security.web.FilterChainProxy.doFilterInternal(FilterChainProxy.java:233)
	at org.springframework.security.web.FilterChainProxy.doFilter(FilterChainProxy.java:191)
	at org.springframework.web.filter.CompositeFilter$VirtualFilterChain.doFilter(CompositeFilter.java:113)
	at org.springframework.web.servlet.handler.HandlerMappingIntrospector.lambda$createCacheFilter$3(HandlerMappingIntrospector.java:243)
	at org.springframework.web.filter.CompositeFilter$VirtualFilterChain.doFilter(CompositeFilter.java:113)
	at org.springframework.web.filter.CompositeFilter.doFilter(CompositeFilter.java:74)
	at org.springframework.security.config.annotation.web.configuration.WebMvcSecurityConfiguration$CompositeFilterChainProxy.doFilter(WebMvcSecurityConfiguration.java:238)
	at org.springframework.web.filter.DelegatingFilterProxy.invokeDelegate(DelegatingFilterProxy.java:362)
	at org.springframework.web.filter.DelegatingFilterProxy.doFilter(DelegatingFilterProxy.java:278)
	at org.apache.catalina.core.ApplicationFilterChain.internalDoFilter(ApplicationFilterChain.java:164)
	at org.apache.catalina.core.ApplicationFilterChain.doFilter(ApplicationFilterChain.java:140)
	at org.springframework.web.filter.RequestContextFilter.doFilterInternal(RequestContextFilter.java:100)
	at org.springframework.web.filter.OncePerRequestFilter.doFilter(OncePerRequestFilter.java:116)
	at org.apache.catalina.core.ApplicationFilterChain.internalDoFilter(ApplicationFilterChain.java:164)
	at org.apache.catalina.core.ApplicationFilterChain.doFilter(ApplicationFilterChain.java:140)
	at org.springframework.web.filter.FormContentFilter.doFilterInternal(FormContentFilter.java:93)
	at org.springframework.web.filter.OncePerRequestFilter.doFilter(OncePerRequestFilter.java:116)
	at org.apache.catalina.core.ApplicationFilterChain.internalDoFilter(ApplicationFilterChain.java:164)
	at org.apache.catalina.core.ApplicationFilterChain.doFilter(ApplicationFilterChain.java:140)
	at org.springframework.web.filter.ServerHttpObservationFilter.doFilterInternal(ServerHttpObservationFilter.java:114)
	at org.springframework.web.filter.OncePerRequestFilter.doFilter(OncePerRequestFilter.java:116)
	at org.apache.catalina.core.ApplicationFilterChain.internalDoFilter(ApplicationFilterChain.java:164)
	at org.apache.catalina.core.ApplicationFilterChain.doFilter(ApplicationFilterChain.java:140)
	at org.springframework.web.filter.CharacterEncodingFilter.doFilterInternal(CharacterEncodingFilter.java:201)
	at org.springframework.web.filter.OncePerRequestFilter.doFilter(OncePerRequestFilter.java:116)
	at org.apache.catalina.core.ApplicationFilterChain.internalDoFilter(ApplicationFilterChain.java:164)
	at org.apache.catalina.core.ApplicationFilterChain.doFilter(ApplicationFilterChain.java:140)
	at org.apache.catalina.core.StandardWrapperValve.invoke(StandardWrapperValve.java:167)
	at org.apache.catalina.core.StandardContextValve.invoke(StandardContextValve.java:90)
	at org.apache.catalina.authenticator.AuthenticatorBase.invoke(AuthenticatorBase.java:483)
	at org.apache.catalina.core.StandardHostValve.invoke(StandardHostValve.java:115)
	at org.apache.catalina.valves.ErrorReportValve.invoke(ErrorReportValve.java:93)
	at org.apache.catalina.core.StandardEngineValve.invoke(StandardEngineValve.java:74)
	at org.apache.catalina.connector.CoyoteAdapter.service(CoyoteAdapter.java:344)
	at org.apache.coyote.http11.Http11Processor.service(Http11Processor.java:397)
	at org.apache.coyote.AbstractProcessorLight.process(AbstractProcessorLight.java:63)
	at org.apache.coyote.AbstractProtocol$ConnectionHandler.process(AbstractProtocol.java:905)
	at org.apache.tomcat.util.net.NioEndpoint$SocketProcessor.doRun(NioEndpoint.java:1741)
	at org.apache.tomcat.util.net.SocketProcessorBase.run(SocketProcessorBase.java:52)
	at org.apache.tomcat.util.threads.ThreadPoolExecutor.runWorker(ThreadPoolExecutor.java:1190)
	at org.apache.tomcat.util.threads.ThreadPoolExecutor$Worker.run(ThreadPoolExecutor.java:659)
	at org.apache.tomcat.util.threads.TaskThread$WrappingRunnable.run(TaskThread.java:63)
	at java.base/java.lang.Thread.run(Thread.java:1583)
2026-03-16 17:10:43 [http-nio-8080-exec-13] DEBUG o.s.w.s.m.m.a.HttpEntityMethodProcessor - Using 'application/json', given [application/json, text/plain, */*] and supported [application/json, application/*+json, application/yaml]
2026-03-16 17:10:43 [http-nio-8080-exec-13] TRACE o.s.w.s.m.m.a.HttpEntityMethodProcessor - Writing [ApiResponse[success=false, status=500, code=C004, message=예기치 않은 서버 오류가 발생했습니다., data=null, timestamp=2026-03-16T17:10:43.425184400]]
2026-03-16 17:10:43 [http-nio-8080-exec-13] DEBUG o.s.w.s.m.m.a.ExceptionHandlerExceptionResolver - Resolved [org.springframework.web.servlet.resource.NoResourceFoundException: No static resource api/v1/admin/system/statistics/bbs.]
2026-03-16 17:10:43 [http-nio-8080-exec-13] DEBUG o.s.web.servlet.DispatcherServlet - Completed 500 INTERNAL_SERVER_ERROR
2026-03-16 17:10:43 [http-nio-8080-exec-10] DEBUG c.c.p.s.jwt.JwtAuthenticationFilter - >>> [JwtFilter] Processing request: GET /api/v1/admin/system/banners/reflected
2026-03-16 17:10:43 [http-nio-8080-exec-10] DEBUG c.c.p.s.jwt.JwtAuthenticationFilter - >>> [JwtFilter] Found token in header for path: /api/v1/admin/system/banners/reflected
2026-03-16 17:10:43 [http-nio-8080-exec-10] DEBUG o.s.orm.jpa.JpaTransactionManager - Creating new transaction with name [com.company.project.security.iam.CustomUserDetailsService.loadUserByUsername]: PROPAGATION_REQUIRED,ISOLATION_DEFAULT,readOnly
2026-03-16 17:10:43 [http-nio-8080-exec-10] DEBUG o.s.orm.jpa.JpaTransactionManager - Opened new EntityManager [SessionImpl(1125049022<open>)] for JPA transaction
2026-03-16 17:10:43 [http-nio-8080-exec-10] DEBUG o.s.orm.jpa.JpaTransactionManager - Exposing JPA transaction as JDBC [org.springframework.orm.jpa.vendor.HibernateJpaDialect$HibernateConnectionHandle@63ad9582]
2026-03-16 17:10:43 [http-nio-8080-exec-10] DEBUG o.s.orm.jpa.JpaTransactionManager - Found thread-bound EntityManager [SessionImpl(1125049022<open>)] for JPA transaction
2026-03-16 17:10:43 [http-nio-8080-exec-10] DEBUG o.s.orm.jpa.JpaTransactionManager - Participating in existing transaction
2026-03-16 17:10:43 [http-nio-8080-exec-10] DEBUG org.hibernate.SQL - select u1_0.emplyr_id,u1_0.area_no,u1_0.brthdy,u1_0.chg_pwd_cnt,u1_0.frst_register_id,u1_0.frst_regist_pnttm,u1_0.detail_adres,u1_0.email_adres,u1_0.emplyr_sttus_code,u1_0.empl_no,u1_0.esntl_id,u1_0.fxnum,u1_0.group_id,u1_0.house_adres,u1_0.house_end_telno,u1_0.house_middle_telno,u1_0.ihidnum,u1_0.pstinst_code,u1_0.last_updusr_id,u1_0.last_updt_pnttm,u1_0.lock_at,u1_0.lock_cnt,u1_0.lock_last_pnttm,u1_0.mbtlnum,u1_0.ofcps_nm,u1_0.offm_telno,u1_0.orgnzt_id,u1_0.password,u1_0.password_cnsr,u1_0.password_hint,u1_0.chg_pwd_last_pnttm,u1_0.role,u1_0.sbscrb_de,u1_0.sexdstn_code,u1_0.crtfc_dn_value,u1_0.user_nm,u1_0.zip from nemplyrinfo u1_0 where u1_0.emplyr_id=?
2026-03-16 17:10:43 [http-nio-8080-exec-12] DEBUG o.s.orm.jpa.JpaTransactionManager - Found thread-bound EntityManager [SessionImpl(1122315939<open>)] for JPA transaction
2026-03-16 17:10:43 [http-nio-8080-exec-12] DEBUG o.s.orm.jpa.JpaTransactionManager - Participating in existing transaction
2026-03-16 17:10:43 [http-nio-8080-exec-12] DEBUG org.hibernate.SQL - select ua1_0.scrty_dtrmn_trget_id,ua1_0.author_code,ua1_0.frst_register_id,ua1_0.frst_regist_pnttm,ua1_0.last_updusr_id,ua1_0.last_updt_pnttm,ua1_0.mber_ty_code from nemplyrscrtyestbs ua1_0 where ua1_0.scrty_dtrmn_trget_id=?
2026-03-16 17:10:43 [http-nio-8080-exec-3] DEBUG o.s.orm.jpa.JpaTransactionManager - Exposing JPA transaction as JDBC [org.springframework.orm.jpa.vendor.HibernateJpaDialect$HibernateConnectionHandle@5aa9ae41]
2026-03-16 17:10:43 [http-nio-8080-exec-3] DEBUG o.s.orm.jpa.JpaTransactionManager - Found thread-bound EntityManager [SessionImpl(1830201877<open>)] for JPA transaction
2026-03-16 17:10:43 [http-nio-8080-exec-3] DEBUG o.s.orm.jpa.JpaTransactionManager - Participating in existing transaction
2026-03-16 17:10:43 [http-nio-8080-exec-3] DEBUG org.hibernate.SQL - select u1_0.emplyr_id,u1_0.area_no,u1_0.brthdy,u1_0.chg_pwd_cnt,u1_0.frst_register_id,u1_0.frst_regist_pnttm,u1_0.detail_adres,u1_0.email_adres,u1_0.emplyr_sttus_code,u1_0.empl_no,u1_0.esntl_id,u1_0.fxnum,u1_0.group_id,u1_0.house_adres,u1_0.house_end_telno,u1_0.house_middle_telno,u1_0.ihidnum,u1_0.pstinst_code,u1_0.last_updusr_id,u1_0.last_updt_pnttm,u1_0.lock_at,u1_0.lock_cnt,u1_0.lock_last_pnttm,u1_0.mbtlnum,u1_0.ofcps_nm,u1_0.offm_telno,u1_0.orgnzt_id,u1_0.password,u1_0.password_cnsr,u1_0.password_hint,u1_0.chg_pwd_last_pnttm,u1_0.role,u1_0.sbscrb_de,u1_0.sexdstn_code,u1_0.crtfc_dn_value,u1_0.user_nm,u1_0.zip from nemplyrinfo u1_0 where u1_0.emplyr_id=?
2026-03-16 17:10:43 [http-nio-8080-exec-15] DEBUG o.s.orm.jpa.JpaTransactionManager - Exposing JPA transaction as JDBC [org.springframework.orm.jpa.vendor.HibernateJpaDialect$HibernateConnectionHandle@7918c902]
2026-03-16 17:10:43 [http-nio-8080-exec-15] DEBUG o.s.orm.jpa.JpaTransactionManager - Found thread-bound EntityManager [SessionImpl(1997450155<open>)] for JPA transaction
2026-03-16 17:10:43 [http-nio-8080-exec-15] DEBUG o.s.orm.jpa.JpaTransactionManager - Participating in existing transaction
2026-03-16 17:10:43 [http-nio-8080-exec-15] DEBUG org.hibernate.SQL - select u1_0.emplyr_id,u1_0.area_no,u1_0.brthdy,u1_0.chg_pwd_cnt,u1_0.frst_register_id,u1_0.frst_regist_pnttm,u1_0.detail_adres,u1_0.email_adres,u1_0.emplyr_sttus_code,u1_0.empl_no,u1_0.esntl_id,u1_0.fxnum,u1_0.group_id,u1_0.house_adres,u1_0.house_end_telno,u1_0.house_middle_telno,u1_0.ihidnum,u1_0.pstinst_code,u1_0.last_updusr_id,u1_0.last_updt_pnttm,u1_0.lock_at,u1_0.lock_cnt,u1_0.lock_last_pnttm,u1_0.mbtlnum,u1_0.ofcps_nm,u1_0.offm_telno,u1_0.orgnzt_id,u1_0.password,u1_0.password_cnsr,u1_0.password_hint,u1_0.chg_pwd_last_pnttm,u1_0.role,u1_0.sbscrb_de,u1_0.sexdstn_code,u1_0.crtfc_dn_value,u1_0.user_nm,u1_0.zip from nemplyrinfo u1_0 where u1_0.emplyr_id=?
2026-03-16 17:10:43 [http-nio-8080-exec-19] DEBUG o.s.orm.jpa.JpaTransactionManager - Exposing JPA transaction as JDBC [org.springframework.orm.jpa.vendor.HibernateJpaDialect$HibernateConnectionHandle@62684ced]
2026-03-16 17:10:43 [http-nio-8080-exec-19] DEBUG o.s.orm.jpa.JpaTransactionManager - Found thread-bound EntityManager [SessionImpl(766515482<open>)] for JPA transaction
2026-03-16 17:10:43 [http-nio-8080-exec-19] DEBUG o.s.orm.jpa.JpaTransactionManager - Participating in existing transaction
2026-03-16 17:10:43 [http-nio-8080-exec-19] DEBUG org.hibernate.SQL - select u1_0.emplyr_id,u1_0.area_no,u1_0.brthdy,u1_0.chg_pwd_cnt,u1_0.frst_register_id,u1_0.frst_regist_pnttm,u1_0.detail_adres,u1_0.email_adres,u1_0.emplyr_sttus_code,u1_0.empl_no,u1_0.esntl_id,u1_0.fxnum,u1_0.group_id,u1_0.house_adres,u1_0.house_end_telno,u1_0.house_middle_telno,u1_0.ihidnum,u1_0.pstinst_code,u1_0.last_updusr_id,u1_0.last_updt_pnttm,u1_0.lock_at,u1_0.lock_cnt,u1_0.lock_last_pnttm,u1_0.mbtlnum,u1_0.ofcps_nm,u1_0.offm_telno,u1_0.orgnzt_id,u1_0.password,u1_0.password_cnsr,u1_0.password_hint,u1_0.chg_pwd_last_pnttm,u1_0.role,u1_0.sbscrb_de,u1_0.sexdstn_code,u1_0.crtfc_dn_value,u1_0.user_nm,u1_0.zip from nemplyrinfo u1_0 where u1_0.emplyr_id=?
2026-03-16 17:10:43 [http-nio-8080-exec-10] DEBUG o.s.orm.jpa.JpaTransactionManager - Found thread-bound EntityManager [SessionImpl(1125049022<open>)] for JPA transaction
2026-03-16 17:10:43 [http-nio-8080-exec-10] DEBUG o.s.orm.jpa.JpaTransactionManager - Participating in existing transaction
2026-03-16 17:10:43 [http-nio-8080-exec-10] DEBUG org.hibernate.SQL - select ua1_0.scrty_dtrmn_trget_id,ua1_0.author_code,ua1_0.frst_register_id,ua1_0.frst_regist_pnttm,ua1_0.last_updusr_id,ua1_0.last_updt_pnttm,ua1_0.mber_ty_code from nemplyrscrtyestbs ua1_0 where ua1_0.scrty_dtrmn_trget_id=?
2026-03-16 17:10:43 [http-nio-8080-exec-12] DEBUG o.s.orm.jpa.JpaTransactionManager - Initiating transaction commit
2026-03-16 17:10:43 [http-nio-8080-exec-12] DEBUG o.s.orm.jpa.JpaTransactionManager - Committing JPA transaction on EntityManager [SessionImpl(1122315939<open>)]
2026-03-16 17:10:43 [http-nio-8080-exec-3] DEBUG o.s.orm.jpa.JpaTransactionManager - Found thread-bound EntityManager [SessionImpl(1830201877<open>)] for JPA transaction
2026-03-16 17:10:43 [http-nio-8080-exec-3] DEBUG o.s.orm.jpa.JpaTransactionManager - Participating in existing transaction
2026-03-16 17:10:43 [http-nio-8080-exec-3] DEBUG org.hibernate.SQL - select ua1_0.scrty_dtrmn_trget_id,ua1_0.author_code,ua1_0.frst_register_id,ua1_0.frst_regist_pnttm,ua1_0.last_updusr_id,ua1_0.last_updt_pnttm,ua1_0.mber_ty_code from nemplyrscrtyestbs ua1_0 where ua1_0.scrty_dtrmn_trget_id=?
2026-03-16 17:10:43 [http-nio-8080-exec-15] DEBUG o.s.orm.jpa.JpaTransactionManager - Found thread-bound EntityManager [SessionImpl(1997450155<open>)] for JPA transaction
2026-03-16 17:10:43 [http-nio-8080-exec-15] DEBUG o.s.orm.jpa.JpaTransactionManager - Participating in existing transaction
2026-03-16 17:10:43 [http-nio-8080-exec-15] DEBUG org.hibernate.SQL - select ua1_0.scrty_dtrmn_trget_id,ua1_0.author_code,ua1_0.frst_register_id,ua1_0.frst_regist_pnttm,ua1_0.last_updusr_id,ua1_0.last_updt_pnttm,ua1_0.mber_ty_code from nemplyrscrtyestbs ua1_0 where ua1_0.scrty_dtrmn_trget_id=?
2026-03-16 17:10:43 [http-nio-8080-exec-19] DEBUG o.s.orm.jpa.JpaTransactionManager - Found thread-bound EntityManager [SessionImpl(766515482<open>)] for JPA transaction
2026-03-16 17:10:43 [http-nio-8080-exec-19] DEBUG o.s.orm.jpa.JpaTransactionManager - Participating in existing transaction
2026-03-16 17:10:43 [http-nio-8080-exec-19] DEBUG org.hibernate.SQL - select ua1_0.scrty_dtrmn_trget_id,ua1_0.author_code,ua1_0.frst_register_id,ua1_0.frst_regist_pnttm,ua1_0.last_updusr_id,ua1_0.last_updt_pnttm,ua1_0.mber_ty_code from nemplyrscrtyestbs ua1_0 where ua1_0.scrty_dtrmn_trget_id=?
2026-03-16 17:10:43 [http-nio-8080-exec-10] DEBUG o.s.orm.jpa.JpaTransactionManager - Initiating transaction commit
2026-03-16 17:10:43 [http-nio-8080-exec-10] DEBUG o.s.orm.jpa.JpaTransactionManager - Committing JPA transaction on EntityManager [SessionImpl(1125049022<open>)]
2026-03-16 17:10:43 [http-nio-8080-exec-12] DEBUG o.s.orm.jpa.JpaTransactionManager - Closing JPA EntityManager [SessionImpl(1122315939<open>)] after transaction
2026-03-16 17:10:43 [http-nio-8080-exec-12] DEBUG c.c.p.s.jwt.JwtAuthenticationFilter - >>> [JwtFilter] Successfully authenticated user: USRCNFRM_99999999999, Authorities: [ROLE_ADMIN]
2026-03-16 17:10:43 [http-nio-8080-exec-12] DEBUG o.s.web.servlet.DispatcherServlet - GET "/api/v1/menu/left?menuNo=20", parameters={masked}
2026-03-16 17:10:43 [http-nio-8080-exec-12] TRACE o.s.w.s.m.m.a.RequestMappingHandlerMapping - Mapped to com.company.project.api.controller.menu.MenuController#getLeftMenu(Long)
2026-03-16 17:10:43 [http-nio-8080-exec-12] INFO  c.c.p.a.c.menu.MenuController - getLeftMenu called with menuNo=20
2026-03-16 17:10:43 [http-nio-8080-exec-12] DEBUG o.s.orm.jpa.JpaTransactionManager - Creating new transaction with name [com.company.project.service.menu.MenuService.getSubMenus]: PROPAGATION_REQUIRED,ISOLATION_DEFAULT,readOnly
2026-03-16 17:10:43 [http-nio-8080-exec-12] DEBUG o.s.orm.jpa.JpaTransactionManager - Opened new EntityManager [SessionImpl(1473572826<open>)] for JPA transaction
2026-03-16 17:10:43 [http-nio-8080-exec-12] DEBUG o.s.orm.jpa.JpaTransactionManager - Exposing JPA transaction as JDBC [org.springframework.orm.jpa.vendor.HibernateJpaDialect$HibernateConnectionHandle@2887e570]
2026-03-16 17:10:43 [http-nio-8080-exec-12] DEBUG org.hibernate.SQL - select m1_0.menu_no,m1_0.menu_dc,m1_0.menu_nm,m1_0.menu_ordr,m1_0.modern_route,m1_0.progrm_file_nm,m1_0.relate_image_nm,m1_0.relate_image_path,m1_0.route_updated_at,m1_0.upper_menu_no from nmenuinfo m1_0 order by m1_0.upper_menu_no,m1_0.menu_ordr
2026-03-16 17:10:43 [http-nio-8080-exec-3] DEBUG o.s.orm.jpa.JpaTransactionManager - Initiating transaction commit
2026-03-16 17:10:43 [http-nio-8080-exec-15] DEBUG o.s.orm.jpa.JpaTransactionManager - Initiating transaction commit
2026-03-16 17:10:43 [http-nio-8080-exec-3] DEBUG o.s.orm.jpa.JpaTransactionManager - Committing JPA transaction on EntityManager [SessionImpl(1830201877<open>)]
2026-03-16 17:10:43 [http-nio-8080-exec-15] DEBUG o.s.orm.jpa.JpaTransactionManager - Committing JPA transaction on EntityManager [SessionImpl(1997450155<open>)]
2026-03-16 17:10:43 [http-nio-8080-exec-19] DEBUG o.s.orm.jpa.JpaTransactionManager - Initiating transaction commit
2026-03-16 17:10:43 [http-nio-8080-exec-19] DEBUG o.s.orm.jpa.JpaTransactionManager - Committing JPA transaction on EntityManager [SessionImpl(766515482<open>)]
2026-03-16 17:10:43 [http-nio-8080-exec-10] DEBUG o.s.orm.jpa.JpaTransactionManager - Closing JPA EntityManager [SessionImpl(1125049022<open>)] after transaction
2026-03-16 17:10:43 [http-nio-8080-exec-10] DEBUG c.c.p.s.jwt.JwtAuthenticationFilter - >>> [JwtFilter] Successfully authenticated user: USRCNFRM_99999999999, Authorities: [ROLE_ADMIN]
2026-03-16 17:10:43 [http-nio-8080-exec-10] DEBUG o.s.web.servlet.DispatcherServlet - GET "/api/v1/admin/system/banners/reflected", parameters={}
2026-03-16 17:10:43 [http-nio-8080-exec-10] TRACE o.s.w.s.m.m.a.RequestMappingHandlerMapping - Mapped to com.company.project.api.controller.system.content.banner.BannerApiController#getReflectedBanners()
2026-03-16 17:10:43 [http-nio-8080-exec-10] DEBUG o.s.orm.jpa.JpaTransactionManager - Creating new transaction with name [com.company.project.service.system.content.banner.BannerService.getReflectedBanners]: PROPAGATION_REQUIRED,ISOLATION_DEFAULT,readOnly
2026-03-16 17:10:43 [http-nio-8080-exec-10] DEBUG o.s.orm.jpa.JpaTransactionManager - Opened new EntityManager [SessionImpl(2034683084<open>)] for JPA transaction
2026-03-16 17:10:43 [http-nio-8080-exec-10] DEBUG o.s.orm.jpa.JpaTransactionManager - Exposing JPA transaction as JDBC [org.springframework.orm.jpa.vendor.HibernateJpaDialect$HibernateConnectionHandle@5e53ea2]
2026-03-16 17:10:43 [http-nio-8080-exec-10] DEBUG org.hibernate.SQL - select b1_0.banner_id,b1_0.banner_dc,b1_0.banner_image,b1_0.banner_image_file,b1_0.banner_nm,b1_0.frst_register_id,b1_0.frst_regist_pnttm,b1_0.last_updusr_id,b1_0.last_updt_pnttm,b1_0.link_url,b1_0.reflct_at,b1_0.sort_ordr from nbanner b1_0 where b1_0.reflct_at=? order by b1_0.sort_ordr
2026-03-16 17:10:43 [http-nio-8080-exec-15] DEBUG o.s.orm.jpa.JpaTransactionManager - Closing JPA EntityManager [SessionImpl(1997450155<open>)] after transaction
2026-03-16 17:10:43 [http-nio-8080-exec-15] DEBUG c.c.p.s.jwt.JwtAuthenticationFilter - >>> [JwtFilter] Successfully authenticated user: USRCNFRM_99999999999, Authorities: [ROLE_ADMIN]
2026-03-16 17:10:43 [http-nio-8080-exec-15] DEBUG o.s.web.servlet.DispatcherServlet - GET "/api/v1/notifications", parameters={}
2026-03-16 17:10:43 [http-nio-8080-exec-15] TRACE o.s.w.s.m.m.a.RequestMappingHandlerMapping - Mapped to com.company.project.api.controller.notification.NotificationController#getMyNotifications(UserDetails)
2026-03-16 17:10:43 [http-nio-8080-exec-15] DEBUG o.s.orm.jpa.JpaTransactionManager - Creating new transaction with name [com.company.project.service.notification.NotificationService.getActiveNotifications]: PROPAGATION_REQUIRED,ISOLATION_DEFAULT,readOnly
2026-03-16 17:10:43 [http-nio-8080-exec-15] DEBUG o.s.orm.jpa.JpaTransactionManager - Opened new EntityManager [SessionImpl(507820215<open>)] for JPA transaction
2026-03-16 17:10:43 [http-nio-8080-exec-15] DEBUG o.s.orm.jpa.JpaTransactionManager - Exposing JPA transaction as JDBC [org.springframework.orm.jpa.vendor.HibernateJpaDialect$HibernateConnectionHandle@39579dd7]
2026-03-16 17:10:43 [http-nio-8080-exec-15] DEBUG o.s.orm.jpa.JpaTransactionManager - Found thread-bound EntityManager [SessionImpl(507820215<open>)] for JPA transaction
2026-03-16 17:10:43 [http-nio-8080-exec-15] DEBUG o.s.orm.jpa.JpaTransactionManager - Participating in existing transaction
2026-03-16 17:10:43 [http-nio-8080-exec-15] DEBUG org.hibernate.SQL - select n1_0.ntcn_no,n1_0.frst_register_id,n1_0.frst_regist_pnttm,n1_0.is_read,n1_0.last_updusr_id,n1_0.last_updt_pnttm,n1_0.link_url,n1_0.ntcn_cn,n1_0.ntcn_sj,n1_0.receiver_id from n_user_notification n1_0
2026-03-16 17:10:43 [http-nio-8080-exec-3] DEBUG o.s.orm.jpa.JpaTransactionManager - Closing JPA EntityManager [SessionImpl(1830201877<open>)] after transaction
2026-03-16 17:10:43 [http-nio-8080-exec-3] DEBUG c.c.p.s.jwt.JwtAuthenticationFilter - >>> [JwtFilter] Successfully authenticated user: USRCNFRM_99999999999, Authorities: [ROLE_ADMIN]
2026-03-16 17:10:43 [http-nio-8080-exec-3] DEBUG o.s.web.servlet.DispatcherServlet - GET "/api/v1/notifications/unread-count", parameters={}
2026-03-16 17:10:43 [http-nio-8080-exec-3] TRACE o.s.w.s.m.m.a.RequestMappingHandlerMapping - Mapped to com.company.project.api.controller.notification.NotificationController#getUnreadCount(UserDetails)
2026-03-16 17:10:43 [http-nio-8080-exec-3] DEBUG o.s.orm.jpa.JpaTransactionManager - Creating new transaction with name [com.company.project.service.notification.NotificationService.getUnreadCount]: PROPAGATION_REQUIRED,ISOLATION_DEFAULT,readOnly
2026-03-16 17:10:43 [http-nio-8080-exec-3] DEBUG o.s.orm.jpa.JpaTransactionManager - Opened new EntityManager [SessionImpl(1728583238<open>)] for JPA transaction
2026-03-16 17:10:43 [http-nio-8080-exec-3] DEBUG o.s.orm.jpa.JpaTransactionManager - Exposing JPA transaction as JDBC [org.springframework.orm.jpa.vendor.HibernateJpaDialect$HibernateConnectionHandle@446e2a57]
2026-03-16 17:10:43 [http-nio-8080-exec-3] DEBUG org.hibernate.SQL - select count(n1_0.ntcn_no) from n_user_notification n1_0 where n1_0.receiver_id=? and n1_0.is_read=?
2026-03-16 17:10:44 [http-nio-8080-exec-19] DEBUG o.s.orm.jpa.JpaTransactionManager - Closing JPA EntityManager [SessionImpl(766515482<open>)] after transaction
2026-03-16 17:10:44 [http-nio-8080-exec-19] DEBUG c.c.p.s.jwt.JwtAuthenticationFilter - >>> [JwtFilter] Successfully authenticated user: USRCNFRM_99999999999, Authorities: [ROLE_ADMIN]
2026-03-16 17:10:44 [http-nio-8080-exec-19] DEBUG o.s.web.servlet.DispatcherServlet - GET "/api/v1/popups/active", parameters={}
2026-03-16 17:10:44 [http-nio-8080-exec-19] TRACE o.s.w.s.m.m.a.RequestMappingHandlerMapping - Mapped to com.company.project.api.controller.system.content.popup.PopupController#getActivePopups()
2026-03-16 17:10:44 [http-nio-8080-exec-19] DEBUG o.s.orm.jpa.JpaTransactionManager - Creating new transaction with name [com.company.project.service.system.content.popup.PopupServiceImpl.getActivePopups]: PROPAGATION_REQUIRED,ISOLATION_DEFAULT,readOnly
2026-03-16 17:10:44 [http-nio-8080-exec-19] DEBUG o.s.orm.jpa.JpaTransactionManager - Opened new EntityManager [SessionImpl(1301089718<open>)] for JPA transaction
2026-03-16 17:10:44 [http-nio-8080-exec-19] DEBUG o.s.orm.jpa.JpaTransactionManager - Exposing JPA transaction as JDBC [org.springframework.orm.jpa.vendor.HibernateJpaDialect$HibernateConnectionHandle@1794501f]
2026-03-16 17:10:44 [http-nio-8080-exec-19] DEBUG org.hibernate.SQL - select p1_0.popup_id,p1_0.frst_register_id,p1_0.frst_regist_pnttm,p1_0.file_url,p1_0.ntce_at,p1_0.stopvew_setup_at,p1_0.last_updusr_id,p1_0.last_updt_pnttm,p1_0.ntce_bgnde,p1_0.ntce_endde,p1_0.popup_vrticl_lc,p1_0.popup_vrticl_size,p1_0.popup_sj_nm,p1_0.popup_width_lc,p1_0.popup_width_size from npopupmanage p1_0 where p1_0.ntce_at='Y' and ? between p1_0.ntce_bgnde and p1_0.ntce_endde
2026-03-16 17:10:44 [http-nio-8080-exec-10] DEBUG o.s.orm.jpa.JpaTransactionManager - Initiating transaction commit
2026-03-16 17:10:44 [http-nio-8080-exec-10] DEBUG o.s.orm.jpa.JpaTransactionManager - Committing JPA transaction on EntityManager [SessionImpl(2034683084<open>)]
2026-03-16 17:10:44 [http-nio-8080-exec-12] DEBUG o.s.orm.jpa.JpaTransactionManager - Found thread-bound EntityManager [SessionImpl(1473572826<open>)] for JPA transaction
2026-03-16 17:10:44 [http-nio-8080-exec-12] DEBUG o.s.orm.jpa.JpaTransactionManager - Participating in existing transaction
2026-03-16 17:10:44 [http-nio-8080-exec-12] DEBUG org.hibernate.SQL - select p1_0.progrm_file_nm,p1_0.progrm_dc,p1_0.progrm_korean_nm,p1_0.progrm_stre_path,p1_0.url from nprogrmlist p1_0
2026-03-16 17:10:44 [http-nio-8080-exec-15] DEBUG o.s.orm.jpa.JpaTransactionManager - Initiating transaction commit
2026-03-16 17:10:44 [http-nio-8080-exec-15] DEBUG o.s.orm.jpa.JpaTransactionManager - Committing JPA transaction on EntityManager [SessionImpl(507820215<open>)]
2026-03-16 17:10:44 [http-nio-8080-exec-3] DEBUG o.s.orm.jpa.JpaTransactionManager - Initiating transaction commit
2026-03-16 17:10:44 [http-nio-8080-exec-3] DEBUG o.s.orm.jpa.JpaTransactionManager - Committing JPA transaction on EntityManager [SessionImpl(1728583238<open>)]
2026-03-16 17:10:44 [http-nio-8080-exec-19] DEBUG o.s.orm.jpa.JpaTransactionManager - Initiating transaction commit
2026-03-16 17:10:44 [http-nio-8080-exec-19] DEBUG o.s.orm.jpa.JpaTransactionManager - Committing JPA transaction on EntityManager [SessionImpl(1301089718<open>)]
2026-03-16 17:10:44 [http-nio-8080-exec-10] DEBUG o.s.orm.jpa.JpaTransactionManager - Closing JPA EntityManager [SessionImpl(2034683084<open>)] after transaction
2026-03-16 17:10:44 [http-nio-8080-exec-10] DEBUG o.s.w.s.m.m.a.HttpEntityMethodProcessor - Using 'application/json', given [application/json, text/plain, */*] and supported [application/json, application/*+json, application/yaml]
2026-03-16 17:10:44 [http-nio-8080-exec-10] TRACE o.s.w.s.m.m.a.HttpEntityMethodProcessor - Writing [ApiResponse[success=true, status=200, code=COMMON_001, message=Success, data=[], timestamp=2026-03-16T17:10:44.223511400]]
2026-03-16 17:10:44 [http-nio-8080-exec-10] INFO  c.c.p.a.i.OperationalAuditInterceptor - API Audit Log: URL=/api/v1/admin/system/banners/reflected, User=webmaster, IP=127.0.0.1
2026-03-16 17:10:44 [http-nio-8080-exec-10] DEBUG o.s.web.servlet.DispatcherServlet - Completed 200 OK
2026-03-16 17:10:44 [http-nio-8080-exec-12] DEBUG o.s.orm.jpa.JpaTransactionManager - Initiating transaction commit
2026-03-16 17:10:44 [http-nio-8080-exec-12] DEBUG o.s.orm.jpa.JpaTransactionManager - Committing JPA transaction on EntityManager [SessionImpl(1473572826<open>)]
2026-03-16 17:10:44 [http-nio-8080-exec-15] DEBUG o.s.orm.jpa.JpaTransactionManager - Closing JPA EntityManager [SessionImpl(507820215<open>)] after transaction
2026-03-16 17:10:44 [http-nio-8080-exec-15] DEBUG o.s.w.s.m.m.a.HttpEntityMethodProcessor - Using 'application/json', given [application/json, text/plain, */*] and supported [application/json, application/*+json, application/yaml]
2026-03-16 17:10:44 [http-nio-8080-exec-15] TRACE o.s.w.s.m.m.a.HttpEntityMethodProcessor - Writing [ApiResponse[success=true, status=200, code=COMMON_001, message=Success, data=[NotificationDto(ntfcNo=NT001, ntfcSj=테스트 알림입니다, ntfcCn=알림 내용입니다, ntfcDate=null, ntfcTime=2026-02-25T00:59:33.784070, bhNtfcIntrvl=null, uniqId=null, frstRegisterId=null, frstRegisterPnttm=2026-02-25T00:59:33.784070, lastUpdusrId=null, lastUpdusrPnttm=null)], timestamp=2026-03-16T17:10:44.261918100]]
2026-03-16 17:10:44 [http-nio-8080-exec-15] INFO  c.c.p.a.i.OperationalAuditInterceptor - API Audit Log: URL=/api/v1/notifications, User=webmaster, IP=127.0.0.1
2026-03-16 17:10:44 [http-nio-8080-exec-15] DEBUG o.s.web.servlet.DispatcherServlet - Completed 200 OK
2026-03-16 17:10:44 [http-nio-8080-exec-3] DEBUG o.s.orm.jpa.JpaTransactionManager - Closing JPA EntityManager [SessionImpl(1728583238<open>)] after transaction
2026-03-16 17:10:44 [http-nio-8080-exec-3] DEBUG o.s.w.s.m.m.a.HttpEntityMethodProcessor - Using 'application/json', given [application/json, text/plain, */*] and supported [application/json, application/*+json, application/yaml]
2026-03-16 17:10:44 [http-nio-8080-exec-3] TRACE o.s.w.s.m.m.a.HttpEntityMethodProcessor - Writing [ApiResponse[success=true, status=200, code=COMMON_001, message=Success, data=0, timestamp=2026-03-16T17:10:44.284450700]]
2026-03-16 17:10:44 [http-nio-8080-exec-3] INFO  c.c.p.a.i.OperationalAuditInterceptor - API Audit Log: URL=/api/v1/notifications/unread-count, User=webmaster, IP=127.0.0.1
2026-03-16 17:10:44 [http-nio-8080-exec-3] DEBUG o.s.web.servlet.DispatcherServlet - Completed 200 OK
2026-03-16 17:10:44 [http-nio-8080-exec-19] DEBUG o.s.orm.jpa.JpaTransactionManager - Closing JPA EntityManager [SessionImpl(1301089718<open>)] after transaction
2026-03-16 17:10:44 [http-nio-8080-exec-19] DEBUG o.s.w.s.m.m.a.HttpEntityMethodProcessor - Using 'application/json', given [application/json, text/plain, */*] and supported [application/json, application/*+json, application/yaml]
2026-03-16 17:10:44 [http-nio-8080-exec-19] TRACE o.s.w.s.m.m.a.HttpEntityMethodProcessor - Writing [ApiResponse[success=true, status=200, code=COMMON_001, message=Success, data=[], timestamp=2026-03-16T17:10:44.318323300]]
2026-03-16 17:10:44 [http-nio-8080-exec-19] INFO  c.c.p.a.i.OperationalAuditInterceptor - API Audit Log: URL=/api/v1/popups/active, User=webmaster, IP=127.0.0.1
2026-03-16 17:10:44 [http-nio-8080-exec-19] DEBUG o.s.web.servlet.DispatcherServlet - Completed 200 OK
2026-03-16 17:10:44 [http-nio-8080-exec-12] DEBUG o.s.orm.jpa.JpaTransactionManager - Closing JPA EntityManager [SessionImpl(1473572826<open>)] after transaction
2026-03-16 17:10:44 [http-nio-8080-exec-12] INFO  c.c.p.a.c.menu.MenuController - getLeftMenu returned 3 items
2026-03-16 17:10:44 [http-nio-8080-exec-12] DEBUG o.s.w.s.m.m.a.HttpEntityMethodProcessor - Using 'application/json', given [application/json, text/plain, */*] and supported [application/json, application/*+json, application/yaml]
2026-03-16 17:10:44 [http-nio-8080-exec-12] TRACE o.s.w.s.m.m.a.HttpEntityMethodProcessor - Writing [ApiResponse[success=true, status=200, code=COMMON_001, message=Success, data={list=[com.company.project.service.menu.dto.MenuDto@20eaaaac, com.company.project.service.menu.dto.MenuDto@5b8ee1d8, com.company.project.service.menu.dto.MenuDto@2b270d23]}, timestamp=2026-03-16T17:10:44.384488200]]
2026-03-16 17:10:44 [http-nio-8080-exec-12] INFO  c.c.p.a.i.OperationalAuditInterceptor - API Audit Log: URL=/api/v1/menu/left, User=webmaster, IP=127.0.0.1
2026-03-16 17:10:44 [http-nio-8080-exec-12] DEBUG o.s.web.servlet.DispatcherServlet - Completed 200 OK
2026-03-16 17:10:44 [http-nio-8080-exec-8] DEBUG c.c.p.s.jwt.JwtAuthenticationFilter - >>> [JwtFilter] Processing request: GET /api/v1/menu/left
2026-03-16 17:10:44 [http-nio-8080-exec-8] DEBUG c.c.p.s.jwt.JwtAuthenticationFilter - >>> [JwtFilter] Found token in header for path: /api/v1/menu/left
2026-03-16 17:10:44 [http-nio-8080-exec-8] DEBUG o.s.orm.jpa.JpaTransactionManager - Creating new transaction with name [com.company.project.security.iam.CustomUserDetailsService.loadUserByUsername]: PROPAGATION_REQUIRED,ISOLATION_DEFAULT,readOnly
2026-03-16 17:10:44 [http-nio-8080-exec-8] DEBUG o.s.orm.jpa.JpaTransactionManager - Opened new EntityManager [SessionImpl(1525037152<open>)] for JPA transaction
2026-03-16 17:10:44 [http-nio-8080-exec-2] DEBUG c.c.p.s.jwt.JwtAuthenticationFilter - >>> [JwtFilter] Processing request: GET /api/v1/admin/system/statistics/connect
2026-03-16 17:10:44 [http-nio-8080-exec-2] DEBUG c.c.p.s.jwt.JwtAuthenticationFilter - >>> [JwtFilter] Found token in header for path: /api/v1/admin/system/statistics/connect
2026-03-16 17:10:44 [http-nio-8080-exec-2] DEBUG o.s.orm.jpa.JpaTransactionManager - Creating new transaction with name [com.company.project.security.iam.CustomUserDetailsService.loadUserByUsername]: PROPAGATION_REQUIRED,ISOLATION_DEFAULT,readOnly
2026-03-16 17:10:44 [http-nio-8080-exec-2] DEBUG o.s.orm.jpa.JpaTransactionManager - Opened new EntityManager [SessionImpl(750465321<open>)] for JPA transaction
2026-03-16 17:10:44 [http-nio-8080-exec-9] DEBUG c.c.p.s.jwt.JwtAuthenticationFilter - >>> [JwtFilter] Processing request: GET /api/v1/admin/system/statistics/bbs
2026-03-16 17:10:44 [http-nio-8080-exec-9] DEBUG c.c.p.s.jwt.JwtAuthenticationFilter - >>> [JwtFilter] Found token in header for path: /api/v1/admin/system/statistics/bbs
2026-03-16 17:10:44 [http-nio-8080-exec-9] DEBUG o.s.orm.jpa.JpaTransactionManager - Creating new transaction with name [com.company.project.security.iam.CustomUserDetailsService.loadUserByUsername]: PROPAGATION_REQUIRED,ISOLATION_DEFAULT,readOnly
2026-03-16 17:10:44 [http-nio-8080-exec-9] DEBUG o.s.orm.jpa.JpaTransactionManager - Opened new EntityManager [SessionImpl(741696583<open>)] for JPA transaction
2026-03-16 17:10:44 [http-nio-8080-exec-8] DEBUG o.s.orm.jpa.JpaTransactionManager - Exposing JPA transaction as JDBC [org.springframework.orm.jpa.vendor.HibernateJpaDialect$HibernateConnectionHandle@20ec7dd4]
2026-03-16 17:10:44 [http-nio-8080-exec-8] DEBUG o.s.orm.jpa.JpaTransactionManager - Found thread-bound EntityManager [SessionImpl(1525037152<open>)] for JPA transaction
2026-03-16 17:10:44 [http-nio-8080-exec-8] DEBUG o.s.orm.jpa.JpaTransactionManager - Participating in existing transaction
2026-03-16 17:10:44 [http-nio-8080-exec-8] DEBUG org.hibernate.SQL - select u1_0.emplyr_id,u1_0.area_no,u1_0.brthdy,u1_0.chg_pwd_cnt,u1_0.frst_register_id,u1_0.frst_regist_pnttm,u1_0.detail_adres,u1_0.email_adres,u1_0.emplyr_sttus_code,u1_0.empl_no,u1_0.esntl_id,u1_0.fxnum,u1_0.group_id,u1_0.house_adres,u1_0.house_end_telno,u1_0.house_middle_telno,u1_0.ihidnum,u1_0.pstinst_code,u1_0.last_updusr_id,u1_0.last_updt_pnttm,u1_0.lock_at,u1_0.lock_cnt,u1_0.lock_last_pnttm,u1_0.mbtlnum,u1_0.ofcps_nm,u1_0.offm_telno,u1_0.orgnzt_id,u1_0.password,u1_0.password_cnsr,u1_0.password_hint,u1_0.chg_pwd_last_pnttm,u1_0.role,u1_0.sbscrb_de,u1_0.sexdstn_code,u1_0.crtfc_dn_value,u1_0.user_nm,u1_0.zip from nemplyrinfo u1_0 where u1_0.emplyr_id=?
2026-03-16 17:10:44 [http-nio-8080-exec-2] DEBUG o.s.orm.jpa.JpaTransactionManager - Exposing JPA transaction as JDBC [org.springframework.orm.jpa.vendor.HibernateJpaDialect$HibernateConnectionHandle@34348022]
2026-03-16 17:10:44 [http-nio-8080-exec-2] DEBUG o.s.orm.jpa.JpaTransactionManager - Found thread-bound EntityManager [SessionImpl(750465321<open>)] for JPA transaction
2026-03-16 17:10:44 [http-nio-8080-exec-2] DEBUG o.s.orm.jpa.JpaTransactionManager - Participating in existing transaction
2026-03-16 17:10:44 [http-nio-8080-exec-2] DEBUG org.hibernate.SQL - select u1_0.emplyr_id,u1_0.area_no,u1_0.brthdy,u1_0.chg_pwd_cnt,u1_0.frst_register_id,u1_0.frst_regist_pnttm,u1_0.detail_adres,u1_0.email_adres,u1_0.emplyr_sttus_code,u1_0.empl_no,u1_0.esntl_id,u1_0.fxnum,u1_0.group_id,u1_0.house_adres,u1_0.house_end_telno,u1_0.house_middle_telno,u1_0.ihidnum,u1_0.pstinst_code,u1_0.last_updusr_id,u1_0.last_updt_pnttm,u1_0.lock_at,u1_0.lock_cnt,u1_0.lock_last_pnttm,u1_0.mbtlnum,u1_0.ofcps_nm,u1_0.offm_telno,u1_0.orgnzt_id,u1_0.password,u1_0.password_cnsr,u1_0.password_hint,u1_0.chg_pwd_last_pnttm,u1_0.role,u1_0.sbscrb_de,u1_0.sexdstn_code,u1_0.crtfc_dn_value,u1_0.user_nm,u1_0.zip from nemplyrinfo u1_0 where u1_0.emplyr_id=?
2026-03-16 17:10:44 [http-nio-8080-exec-9] DEBUG o.s.orm.jpa.JpaTransactionManager - Exposing JPA transaction as JDBC [org.springframework.orm.jpa.vendor.HibernateJpaDialect$HibernateConnectionHandle@d2240eb]
2026-03-16 17:10:44 [http-nio-8080-exec-9] DEBUG o.s.orm.jpa.JpaTransactionManager - Found thread-bound EntityManager [SessionImpl(741696583<open>)] for JPA transaction
2026-03-16 17:10:44 [http-nio-8080-exec-9] DEBUG o.s.orm.jpa.JpaTransactionManager - Participating in existing transaction
2026-03-16 17:10:44 [http-nio-8080-exec-9] DEBUG org.hibernate.SQL - select u1_0.emplyr_id,u1_0.area_no,u1_0.brthdy,u1_0.chg_pwd_cnt,u1_0.frst_register_id,u1_0.frst_regist_pnttm,u1_0.detail_adres,u1_0.email_adres,u1_0.emplyr_sttus_code,u1_0.empl_no,u1_0.esntl_id,u1_0.fxnum,u1_0.group_id,u1_0.house_adres,u1_0.house_end_telno,u1_0.house_middle_telno,u1_0.ihidnum,u1_0.pstinst_code,u1_0.last_updusr_id,u1_0.last_updt_pnttm,u1_0.lock_at,u1_0.lock_cnt,u1_0.lock_last_pnttm,u1_0.mbtlnum,u1_0.ofcps_nm,u1_0.offm_telno,u1_0.orgnzt_id,u1_0.password,u1_0.password_cnsr,u1_0.password_hint,u1_0.chg_pwd_last_pnttm,u1_0.role,u1_0.sbscrb_de,u1_0.sexdstn_code,u1_0.crtfc_dn_value,u1_0.user_nm,u1_0.zip from nemplyrinfo u1_0 where u1_0.emplyr_id=?
2026-03-16 17:10:44 [http-nio-8080-exec-8] DEBUG o.s.orm.jpa.JpaTransactionManager - Found thread-bound EntityManager [SessionImpl(1525037152<open>)] for JPA transaction
2026-03-16 17:10:44 [http-nio-8080-exec-8] DEBUG o.s.orm.jpa.JpaTransactionManager - Participating in existing transaction
2026-03-16 17:10:44 [http-nio-8080-exec-8] DEBUG org.hibernate.SQL - select ua1_0.scrty_dtrmn_trget_id,ua1_0.author_code,ua1_0.frst_register_id,ua1_0.frst_regist_pnttm,ua1_0.last_updusr_id,ua1_0.last_updt_pnttm,ua1_0.mber_ty_code from nemplyrscrtyestbs ua1_0 where ua1_0.scrty_dtrmn_trget_id=?
2026-03-16 17:10:44 [http-nio-8080-exec-2] DEBUG o.s.orm.jpa.JpaTransactionManager - Found thread-bound EntityManager [SessionImpl(750465321<open>)] for JPA transaction
2026-03-16 17:10:44 [http-nio-8080-exec-2] DEBUG o.s.orm.jpa.JpaTransactionManager - Participating in existing transaction
2026-03-16 17:10:44 [http-nio-8080-exec-2] DEBUG org.hibernate.SQL - select ua1_0.scrty_dtrmn_trget_id,ua1_0.author_code,ua1_0.frst_register_id,ua1_0.frst_regist_pnttm,ua1_0.last_updusr_id,ua1_0.last_updt_pnttm,ua1_0.mber_ty_code from nemplyrscrtyestbs ua1_0 where ua1_0.scrty_dtrmn_trget_id=?
2026-03-16 17:10:44 [http-nio-8080-exec-9] DEBUG o.s.orm.jpa.JpaTransactionManager - Found thread-bound EntityManager [SessionImpl(741696583<open>)] for JPA transaction
2026-03-16 17:10:44 [http-nio-8080-exec-9] DEBUG o.s.orm.jpa.JpaTransactionManager - Participating in existing transaction
2026-03-16 17:10:44 [http-nio-8080-exec-9] DEBUG org.hibernate.SQL - select ua1_0.scrty_dtrmn_trget_id,ua1_0.author_code,ua1_0.frst_register_id,ua1_0.frst_regist_pnttm,ua1_0.last_updusr_id,ua1_0.last_updt_pnttm,ua1_0.mber_ty_code from nemplyrscrtyestbs ua1_0 where ua1_0.scrty_dtrmn_trget_id=?
2026-03-16 17:10:44 [http-nio-8080-exec-8] DEBUG o.s.orm.jpa.JpaTransactionManager - Initiating transaction commit
2026-03-16 17:10:44 [http-nio-8080-exec-8] DEBUG o.s.orm.jpa.JpaTransactionManager - Committing JPA transaction on EntityManager [SessionImpl(1525037152<open>)]
2026-03-16 17:10:44 [http-nio-8080-exec-2] DEBUG o.s.orm.jpa.JpaTransactionManager - Initiating transaction commit
2026-03-16 17:10:44 [http-nio-8080-exec-2] DEBUG o.s.orm.jpa.JpaTransactionManager - Committing JPA transaction on EntityManager [SessionImpl(750465321<open>)]
2026-03-16 17:10:44 [http-nio-8080-exec-9] DEBUG o.s.orm.jpa.JpaTransactionManager - Initiating transaction commit
2026-03-16 17:10:44 [http-nio-8080-exec-9] DEBUG o.s.orm.jpa.JpaTransactionManager - Committing JPA transaction on EntityManager [SessionImpl(741696583<open>)]
2026-03-16 17:10:45 [http-nio-8080-exec-8] DEBUG o.s.orm.jpa.JpaTransactionManager - Closing JPA EntityManager [SessionImpl(1525037152<open>)] after transaction
2026-03-16 17:10:45 [http-nio-8080-exec-8] DEBUG c.c.p.s.jwt.JwtAuthenticationFilter - >>> [JwtFilter] Successfully authenticated user: USRCNFRM_99999999999, Authorities: [ROLE_ADMIN]
2026-03-16 17:10:45 [http-nio-8080-exec-8] DEBUG o.s.web.servlet.DispatcherServlet - GET "/api/v1/menu/left?menuNo=40", parameters={masked}
2026-03-16 17:10:45 [http-nio-8080-exec-8] TRACE o.s.w.s.m.m.a.RequestMappingHandlerMapping - Mapped to com.company.project.api.controller.menu.MenuController#getLeftMenu(Long)
2026-03-16 17:10:45 [http-nio-8080-exec-8] INFO  c.c.p.a.c.menu.MenuController - getLeftMenu called with menuNo=40
2026-03-16 17:10:45 [http-nio-8080-exec-8] DEBUG o.s.orm.jpa.JpaTransactionManager - Creating new transaction with name [com.company.project.service.menu.MenuService.getSubMenus]: PROPAGATION_REQUIRED,ISOLATION_DEFAULT,readOnly
2026-03-16 17:10:45 [http-nio-8080-exec-8] DEBUG o.s.orm.jpa.JpaTransactionManager - Opened new EntityManager [SessionImpl(2144003843<open>)] for JPA transaction
2026-03-16 17:10:45 [http-nio-8080-exec-8] DEBUG o.s.orm.jpa.JpaTransactionManager - Exposing JPA transaction as JDBC [org.springframework.orm.jpa.vendor.HibernateJpaDialect$HibernateConnectionHandle@39e43a8a]
2026-03-16 17:10:45 [http-nio-8080-exec-8] DEBUG org.hibernate.SQL - select m1_0.menu_no,m1_0.menu_dc,m1_0.menu_nm,m1_0.menu_ordr,m1_0.modern_route,m1_0.progrm_file_nm,m1_0.relate_image_nm,m1_0.relate_image_path,m1_0.route_updated_at,m1_0.upper_menu_no from nmenuinfo m1_0 order by m1_0.upper_menu_no,m1_0.menu_ordr
2026-03-16 17:10:45 [http-nio-8080-exec-2] DEBUG o.s.orm.jpa.JpaTransactionManager - Closing JPA EntityManager [SessionImpl(750465321<open>)] after transaction
2026-03-16 17:10:45 [http-nio-8080-exec-2] DEBUG c.c.p.s.jwt.JwtAuthenticationFilter - >>> [JwtFilter] Successfully authenticated user: USRCNFRM_99999999999, Authorities: [ROLE_ADMIN]
2026-03-16 17:10:45 [http-nio-8080-exec-2] DEBUG o.s.web.servlet.DispatcherServlet - GET "/api/v1/admin/system/statistics/connect?statsKind=SERVICE", parameters={masked}
2026-03-16 17:10:45 [http-nio-8080-exec-2] DEBUG o.s.w.s.h.SimpleUrlHandlerMapping - Mapped to ResourceHttpRequestHandler [classpath [META-INF/resources/], classpath [resources/], classpath [static/], classpath [public/], ServletContext [/]]
2026-03-16 17:10:45 [http-nio-8080-exec-2] DEBUG o.s.w.s.r.ResourceHttpRequestHandler - Resource not found
2026-03-16 17:10:45 [http-nio-8080-exec-2] DEBUG o.s.w.s.m.m.a.ExceptionHandlerExceptionResolver - Using @ExceptionHandler com.company.project.core.exception.GlobalExceptionHandler#handleException(Exception)
2026-03-16 17:10:45 [http-nio-8080-exec-2] ERROR c.c.p.c.e.GlobalExceptionHandler - >>> Internal Server Error: No static resource api/v1/admin/system/statistics/connect.
org.springframework.web.servlet.resource.NoResourceFoundException: No static resource api/v1/admin/system/statistics/connect.
	at org.springframework.web.servlet.resource.ResourceHttpRequestHandler.handleRequest(ResourceHttpRequestHandler.java:585)
	at org.springframework.web.servlet.mvc.HttpRequestHandlerAdapter.handle(HttpRequestHandlerAdapter.java:52)
	at org.springframework.web.servlet.DispatcherServlet.doDispatch(DispatcherServlet.java:1088)
	at org.springframework.web.servlet.DispatcherServlet.doService(DispatcherServlet.java:978)
	at org.springframework.web.servlet.FrameworkServlet.processRequest(FrameworkServlet.java:1014)
	at org.springframework.web.servlet.FrameworkServlet.doGet(FrameworkServlet.java:903)
	at jakarta.servlet.http.HttpServlet.service(HttpServlet.java:527)
	at org.springframework.web.servlet.FrameworkServlet.service(FrameworkServlet.java:885)
	at jakarta.servlet.http.HttpServlet.service(HttpServlet.java:614)
	at org.apache.catalina.core.ApplicationFilterChain.internalDoFilter(ApplicationFilterChain.java:195)
	at org.apache.catalina.core.ApplicationFilterChain.doFilter(ApplicationFilterChain.java:140)
	at org.apache.tomcat.websocket.server.WsFilter.doFilter(WsFilter.java:51)
	at org.apache.catalina.core.ApplicationFilterChain.internalDoFilter(ApplicationFilterChain.java:164)
	at org.apache.catalina.core.ApplicationFilterChain.doFilter(ApplicationFilterChain.java:140)
	at org.springframework.web.filter.CompositeFilter$VirtualFilterChain.doFilter(CompositeFilter.java:108)
	at org.springframework.security.web.FilterChainProxy.lambda$doFilterInternal$3(FilterChainProxy.java:231)
	at org.springframework.security.web.ObservationFilterChainDecorator$FilterObservation$SimpleFilterObservation.lambda$wrap$1(ObservationFilterChainDecorator.java:479)
	at org.springframework.security.web.ObservationFilterChainDecorator$AroundFilterObservation$SimpleAroundFilterObservation.lambda$wrap$1(ObservationFilterChainDecorator.java:340)
	at org.springframework.security.web.ObservationFilterChainDecorator.lambda$wrapSecured$0(ObservationFilterChainDecorator.java:82)
	at org.springframework.security.web.ObservationFilterChainDecorator$VirtualFilterChain.doFilter(ObservationFilterChainDecorator.java:128)
	at org.springframework.security.web.access.intercept.AuthorizationFilter.doFilter(AuthorizationFilter.java:101)
	at org.springframework.security.web.ObservationFilterChainDecorator$ObservationFilter.wrapFilter(ObservationFilterChainDecorator.java:240)
	at org.springframework.security.web.ObservationFilterChainDecorator$ObservationFilter.doFilter(ObservationFilterChainDecorator.java:227)
	at org.springframework.security.web.ObservationFilterChainDecorator$VirtualFilterChain.doFilter(ObservationFilterChainDecorator.java:137)
	at org.springframework.security.web.access.ExceptionTranslationFilter.doFilter(ExceptionTranslationFilter.java:126)
	at org.springframework.security.web.access.ExceptionTranslationFilter.doFilter(ExceptionTranslationFilter.java:120)
	at org.springframework.security.web.ObservationFilterChainDecorator$ObservationFilter.wrapFilter(ObservationFilterChainDecorator.java:240)
	at org.springframework.security.web.ObservationFilterChainDecorator$ObservationFilter.doFilter(ObservationFilterChainDecorator.java:227)
	at org.springframework.security.web.ObservationFilterChainDecorator$VirtualFilterChain.doFilter(ObservationFilterChainDecorator.java:137)
	at org.springframework.security.web.session.SessionManagementFilter.doFilter(SessionManagementFilter.java:131)
	at org.springframework.security.web.session.SessionManagementFilter.doFilter(SessionManagementFilter.java:85)
	at org.springframework.security.web.ObservationFilterChainDecorator$ObservationFilter.wrapFilter(ObservationFilterChainDecorator.java:240)
	at org.springframework.security.web.ObservationFilterChainDecorator$ObservationFilter.doFilter(ObservationFilterChainDecorator.java:227)
	at org.springframework.security.web.ObservationFilterChainDecorator$VirtualFilterChain.doFilter(ObservationFilterChainDecorator.java:137)
	at org.springframework.security.web.authentication.AnonymousAuthenticationFilter.doFilter(AnonymousAuthenticationFilter.java:100)
	at org.springframework.security.web.ObservationFilterChainDecorator$ObservationFilter.wrapFilter(ObservationFilterChainDecorator.java:240)
	at org.springframework.security.web.ObservationFilterChainDecorator$ObservationFilter.doFilter(ObservationFilterChainDecorator.java:227)
	at org.springframework.security.web.ObservationFilterChainDecorator$VirtualFilterChain.doFilter(ObservationFilterChainDecorator.java:137)
	at org.springframework.security.web.servletapi.SecurityContextHolderAwareRequestFilter.doFilter(SecurityContextHolderAwareRequestFilter.java:179)
	at org.springframework.security.web.ObservationFilterChainDecorator$ObservationFilter.wrapFilter(ObservationFilterChainDecorator.java:240)
	at org.springframework.security.web.ObservationFilterChainDecorator$ObservationFilter.doFilter(ObservationFilterChainDecorator.java:227)
	at org.springframework.security.web.ObservationFilterChainDecorator$VirtualFilterChain.doFilter(ObservationFilterChainDecorator.java:137)
	at org.springframework.security.web.savedrequest.RequestCacheAwareFilter.doFilter(RequestCacheAwareFilter.java:63)
	at org.springframework.security.web.ObservationFilterChainDecorator$ObservationFilter.wrapFilter(ObservationFilterChainDecorator.java:240)
	at org.springframework.security.web.ObservationFilterChainDecorator$ObservationFilter.doFilter(ObservationFilterChainDecorator.java:227)
	at org.springframework.security.web.ObservationFilterChainDecorator$VirtualFilterChain.doFilter(ObservationFilterChainDecorator.java:137)
	at com.company.project.security.jwt.JwtAuthenticationFilter.doFilterInternal(JwtAuthenticationFilter.java:52)
	at org.springframework.web.filter.OncePerRequestFilter.doFilter(OncePerRequestFilter.java:116)
	at org.springframework.security.web.ObservationFilterChainDecorator$ObservationFilter.wrapFilter(ObservationFilterChainDecorator.java:240)
	at org.springframework.security.web.ObservationFilterChainDecorator$ObservationFilter.doFilter(ObservationFilterChainDecorator.java:227)
	at org.springframework.security.web.ObservationFilterChainDecorator$VirtualFilterChain.doFilter(ObservationFilterChainDecorator.java:137)
	at org.springframework.security.web.authentication.logout.LogoutFilter.doFilter(LogoutFilter.java:107)
	at org.springframework.security.web.authentication.logout.LogoutFilter.doFilter(LogoutFilter.java:93)
	at org.springframework.security.web.ObservationFilterChainDecorator$ObservationFilter.wrapFilter(ObservationFilterChainDecorator.java:240)
	at org.springframework.security.web.ObservationFilterChainDecorator$ObservationFilter.doFilter(ObservationFilterChainDecorator.java:227)
	at org.springframework.security.web.ObservationFilterChainDecorator$VirtualFilterChain.doFilter(ObservationFilterChainDecorator.java:137)
	at org.springframework.web.filter.CorsFilter.doFilterInternal(CorsFilter.java:91)
	at org.springframework.web.filter.OncePerRequestFilter.doFilter(OncePerRequestFilter.java:116)
	at org.springframework.security.web.ObservationFilterChainDecorator$ObservationFilter.wrapFilter(ObservationFilterChainDecorator.java:240)
	at org.springframework.security.web.ObservationFilterChainDecorator$ObservationFilter.doFilter(ObservationFilterChainDecorator.java:227)
	at org.springframework.security.web.ObservationFilterChainDecorator$VirtualFilterChain.doFilter(ObservationFilterChainDecorator.java:137)
	at org.springframework.security.web.header.HeaderWriterFilter.doHeadersAfter(HeaderWriterFilter.java:90)
	at org.springframework.security.web.header.HeaderWriterFilter.doFilterInternal(HeaderWriterFilter.java:75)
	at org.springframework.web.filter.OncePerRequestFilter.doFilter(OncePerRequestFilter.java:116)
	at org.springframework.security.web.ObservationFilterChainDecorator$ObservationFilter.wrapFilter(ObservationFilterChainDecorator.java:240)
	at org.springframework.security.web.ObservationFilterChainDecorator$ObservationFilter.doFilter(ObservationFilterChainDecorator.java:227)
	at org.springframework.security.web.ObservationFilterChainDecorator$VirtualFilterChain.doFilter(ObservationFilterChainDecorator.java:137)
	at org.springframework.security.web.context.SecurityContextHolderFilter.doFilter(SecurityContextHolderFilter.java:82)
	at org.springframework.security.web.context.SecurityContextHolderFilter.doFilter(SecurityContextHolderFilter.java:69)
	at org.springframework.security.web.ObservationFilterChainDecorator$ObservationFilter.wrapFilter(ObservationFilterChainDecorator.java:240)
	at org.springframework.security.web.ObservationFilterChainDecorator$ObservationFilter.doFilter(ObservationFilterChainDecorator.java:227)
	at org.springframework.security.web.ObservationFilterChainDecorator$VirtualFilterChain.doFilter(ObservationFilterChainDecorator.java:137)
	at org.springframework.security.web.context.request.async.WebAsyncManagerIntegrationFilter.doFilterInternal(WebAsyncManagerIntegrationFilter.java:62)
	at org.springframework.web.filter.OncePerRequestFilter.doFilter(OncePerRequestFilter.java:116)
	at org.springframework.security.web.ObservationFilterChainDecorator$ObservationFilter.wrapFilter(ObservationFilterChainDecorator.java:240)
	at org.springframework.security.web.ObservationFilterChainDecorator$ObservationFilter.doFilter(ObservationFilterChainDecorator.java:227)
	at org.springframework.security.web.ObservationFilterChainDecorator$VirtualFilterChain.doFilter(ObservationFilterChainDecorator.java:137)
	at org.springframework.security.web.session.DisableEncodeUrlFilter.doFilterInternal(DisableEncodeUrlFilter.java:42)
	at org.springframework.web.filter.OncePerRequestFilter.doFilter(OncePerRequestFilter.java:116)
	at org.springframework.security.web.ObservationFilterChainDecorator$ObservationFilter.wrapFilter(ObservationFilterChainDecorator.java:240)
	at org.springframework.security.web.ObservationFilterChainDecorator$AroundFilterObservation$SimpleAroundFilterObservation.lambda$wrap$0(ObservationFilterChainDecorator.java:323)
	at org.springframework.security.web.ObservationFilterChainDecorator$ObservationFilter.doFilter(ObservationFilterChainDecorator.java:224)
	at org.springframework.security.web.ObservationFilterChainDecorator$VirtualFilterChain.doFilter(ObservationFilterChainDecorator.java:137)
	at org.springframework.security.web.FilterChainProxy.doFilterInternal(FilterChainProxy.java:233)
	at org.springframework.security.web.FilterChainProxy.doFilter(FilterChainProxy.java:191)
	at org.springframework.web.filter.CompositeFilter$VirtualFilterChain.doFilter(CompositeFilter.java:113)
	at org.springframework.web.servlet.handler.HandlerMappingIntrospector.lambda$createCacheFilter$3(HandlerMappingIntrospector.java:243)
	at org.springframework.web.filter.CompositeFilter$VirtualFilterChain.doFilter(CompositeFilter.java:113)
	at org.springframework.web.filter.CompositeFilter.doFilter(CompositeFilter.java:74)
	at org.springframework.security.config.annotation.web.configuration.WebMvcSecurityConfiguration$CompositeFilterChainProxy.doFilter(WebMvcSecurityConfiguration.java:238)
	at org.springframework.web.filter.DelegatingFilterProxy.invokeDelegate(DelegatingFilterProxy.java:362)
	at org.springframework.web.filter.DelegatingFilterProxy.doFilter(DelegatingFilterProxy.java:278)
	at org.apache.catalina.core.ApplicationFilterChain.internalDoFilter(ApplicationFilterChain.java:164)
	at org.apache.catalina.core.ApplicationFilterChain.doFilter(ApplicationFilterChain.java:140)
	at org.springframework.web.filter.RequestContextFilter.doFilterInternal(RequestContextFilter.java:100)
	at org.springframework.web.filter.OncePerRequestFilter.doFilter(OncePerRequestFilter.java:116)
	at org.apache.catalina.core.ApplicationFilterChain.internalDoFilter(ApplicationFilterChain.java:164)
	at org.apache.catalina.core.ApplicationFilterChain.doFilter(ApplicationFilterChain.java:140)
	at org.springframework.web.filter.FormContentFilter.doFilterInternal(FormContentFilter.java:93)
	at org.springframework.web.filter.OncePerRequestFilter.doFilter(OncePerRequestFilter.java:116)
	at org.apache.catalina.core.ApplicationFilterChain.internalDoFilter(ApplicationFilterChain.java:164)
	at org.apache.catalina.core.ApplicationFilterChain.doFilter(ApplicationFilterChain.java:140)
	at org.springframework.web.filter.ServerHttpObservationFilter.doFilterInternal(ServerHttpObservationFilter.java:114)
	at org.springframework.web.filter.OncePerRequestFilter.doFilter(OncePerRequestFilter.java:116)
	at org.apache.catalina.core.ApplicationFilterChain.internalDoFilter(ApplicationFilterChain.java:164)
	at org.apache.catalina.core.ApplicationFilterChain.doFilter(ApplicationFilterChain.java:140)
	at org.springframework.web.filter.CharacterEncodingFilter.doFilterInternal(CharacterEncodingFilter.java:201)
	at org.springframework.web.filter.OncePerRequestFilter.doFilter(OncePerRequestFilter.java:116)
	at org.apache.catalina.core.ApplicationFilterChain.internalDoFilter(ApplicationFilterChain.java:164)
	at org.apache.catalina.core.ApplicationFilterChain.doFilter(ApplicationFilterChain.java:140)
	at org.apache.catalina.core.StandardWrapperValve.invoke(StandardWrapperValve.java:167)
	at org.apache.catalina.core.StandardContextValve.invoke(StandardContextValve.java:90)
	at org.apache.catalina.authenticator.AuthenticatorBase.invoke(AuthenticatorBase.java:483)
	at org.apache.catalina.core.StandardHostValve.invoke(StandardHostValve.java:115)
	at org.apache.catalina.valves.ErrorReportValve.invoke(ErrorReportValve.java:93)
	at org.apache.catalina.core.StandardEngineValve.invoke(StandardEngineValve.java:74)
	at org.apache.catalina.connector.CoyoteAdapter.service(CoyoteAdapter.java:344)
	at org.apache.coyote.http11.Http11Processor.service(Http11Processor.java:397)
	at org.apache.coyote.AbstractProcessorLight.process(AbstractProcessorLight.java:63)
	at org.apache.coyote.AbstractProtocol$ConnectionHandler.process(AbstractProtocol.java:905)
	at org.apache.tomcat.util.net.NioEndpoint$SocketProcessor.doRun(NioEndpoint.java:1741)
	at org.apache.tomcat.util.net.SocketProcessorBase.run(SocketProcessorBase.java:52)
	at org.apache.tomcat.util.threads.ThreadPoolExecutor.runWorker(ThreadPoolExecutor.java:1190)
	at org.apache.tomcat.util.threads.ThreadPoolExecutor$Worker.run(ThreadPoolExecutor.java:659)
	at org.apache.tomcat.util.threads.TaskThread$WrappingRunnable.run(TaskThread.java:63)
	at java.base/java.lang.Thread.run(Thread.java:1583)
2026-03-16 17:10:45 [http-nio-8080-exec-2] DEBUG o.s.w.s.m.m.a.HttpEntityMethodProcessor - Using 'application/json', given [application/json, text/plain, */*] and supported [application/json, application/*+json, application/yaml]
2026-03-16 17:10:45 [http-nio-8080-exec-2] TRACE o.s.w.s.m.m.a.HttpEntityMethodProcessor - Writing [ApiResponse[success=false, status=500, code=C004, message=예기치 않은 서버 오류가 발생했습니다., data=null, timestamp=2026-03-16T17:10:45.070162800]]
2026-03-16 17:10:45 [http-nio-8080-exec-2] DEBUG o.s.w.s.m.m.a.ExceptionHandlerExceptionResolver - Resolved [org.springframework.web.servlet.resource.NoResourceFoundException: No static resource api/v1/admin/system/statistics/connect.]
2026-03-16 17:10:45 [http-nio-8080-exec-2] DEBUG o.s.web.servlet.DispatcherServlet - Completed 500 INTERNAL_SERVER_ERROR
2026-03-16 17:10:45 [http-nio-8080-exec-9] DEBUG o.s.orm.jpa.JpaTransactionManager - Closing JPA EntityManager [SessionImpl(741696583<open>)] after transaction
2026-03-16 17:10:45 [http-nio-8080-exec-9] DEBUG c.c.p.s.jwt.JwtAuthenticationFilter - >>> [JwtFilter] Successfully authenticated user: USRCNFRM_99999999999, Authorities: [ROLE_ADMIN]
2026-03-16 17:10:45 [http-nio-8080-exec-9] DEBUG o.s.web.servlet.DispatcherServlet - GET "/api/v1/admin/system/statistics/bbs?statsKind=COM101", parameters={masked}
2026-03-16 17:10:45 [http-nio-8080-exec-9] DEBUG o.s.w.s.h.SimpleUrlHandlerMapping - Mapped to ResourceHttpRequestHandler [classpath [META-INF/resources/], classpath [resources/], classpath [static/], classpath [public/], ServletContext [/]]
2026-03-16 17:10:45 [http-nio-8080-exec-9] DEBUG o.s.w.s.r.ResourceHttpRequestHandler - Resource not found
2026-03-16 17:10:45 [http-nio-8080-exec-9] DEBUG o.s.w.s.m.m.a.ExceptionHandlerExceptionResolver - Using @ExceptionHandler com.company.project.core.exception.GlobalExceptionHandler#handleException(Exception)
2026-03-16 17:10:45 [http-nio-8080-exec-9] ERROR c.c.p.c.e.GlobalExceptionHandler - >>> Internal Server Error: No static resource api/v1/admin/system/statistics/bbs.
org.springframework.web.servlet.resource.NoResourceFoundException: No static resource api/v1/admin/system/statistics/bbs.
	at org.springframework.web.servlet.resource.ResourceHttpRequestHandler.handleRequest(ResourceHttpRequestHandler.java:585)
	at org.springframework.web.servlet.mvc.HttpRequestHandlerAdapter.handle(HttpRequestHandlerAdapter.java:52)
	at org.springframework.web.servlet.DispatcherServlet.doDispatch(DispatcherServlet.java:1088)
	at org.springframework.web.servlet.DispatcherServlet.doService(DispatcherServlet.java:978)
	at org.springframework.web.servlet.FrameworkServlet.processRequest(FrameworkServlet.java:1014)
	at org.springframework.web.servlet.FrameworkServlet.doGet(FrameworkServlet.java:903)
	at jakarta.servlet.http.HttpServlet.service(HttpServlet.java:527)
	at org.springframework.web.servlet.FrameworkServlet.service(FrameworkServlet.java:885)
	at jakarta.servlet.http.HttpServlet.service(HttpServlet.java:614)
	at org.apache.catalina.core.ApplicationFilterChain.internalDoFilter(ApplicationFilterChain.java:195)
	at org.apache.catalina.core.ApplicationFilterChain.doFilter(ApplicationFilterChain.java:140)
	at org.apache.tomcat.websocket.server.WsFilter.doFilter(WsFilter.java:51)
	at org.apache.catalina.core.ApplicationFilterChain.internalDoFilter(ApplicationFilterChain.java:164)
	at org.apache.catalina.core.ApplicationFilterChain.doFilter(ApplicationFilterChain.java:140)
	at org.springframework.web.filter.CompositeFilter$VirtualFilterChain.doFilter(CompositeFilter.java:108)
	at org.springframework.security.web.FilterChainProxy.lambda$doFilterInternal$3(FilterChainProxy.java:231)
	at org.springframework.security.web.ObservationFilterChainDecorator$FilterObservation$SimpleFilterObservation.lambda$wrap$1(ObservationFilterChainDecorator.java:479)
	at org.springframework.security.web.ObservationFilterChainDecorator$AroundFilterObservation$SimpleAroundFilterObservation.lambda$wrap$1(ObservationFilterChainDecorator.java:340)
	at org.springframework.security.web.ObservationFilterChainDecorator.lambda$wrapSecured$0(ObservationFilterChainDecorator.java:82)
	at org.springframework.security.web.ObservationFilterChainDecorator$VirtualFilterChain.doFilter(ObservationFilterChainDecorator.java:128)
	at org.springframework.security.web.access.intercept.AuthorizationFilter.doFilter(AuthorizationFilter.java:101)
	at org.springframework.security.web.ObservationFilterChainDecorator$ObservationFilter.wrapFilter(ObservationFilterChainDecorator.java:240)
	at org.springframework.security.web.ObservationFilterChainDecorator$ObservationFilter.doFilter(ObservationFilterChainDecorator.java:227)
	at org.springframework.security.web.ObservationFilterChainDecorator$VirtualFilterChain.doFilter(ObservationFilterChainDecorator.java:137)
	at org.springframework.security.web.access.ExceptionTranslationFilter.doFilter(ExceptionTranslationFilter.java:126)
	at org.springframework.security.web.access.ExceptionTranslationFilter.doFilter(ExceptionTranslationFilter.java:120)
	at org.springframework.security.web.ObservationFilterChainDecorator$ObservationFilter.wrapFilter(ObservationFilterChainDecorator.java:240)
	at org.springframework.security.web.ObservationFilterChainDecorator$ObservationFilter.doFilter(ObservationFilterChainDecorator.java:227)
	at org.springframework.security.web.ObservationFilterChainDecorator$VirtualFilterChain.doFilter(ObservationFilterChainDecorator.java:137)
	at org.springframework.security.web.session.SessionManagementFilter.doFilter(SessionManagementFilter.java:131)
	at org.springframework.security.web.session.SessionManagementFilter.doFilter(SessionManagementFilter.java:85)
	at org.springframework.security.web.ObservationFilterChainDecorator$ObservationFilter.wrapFilter(ObservationFilterChainDecorator.java:240)
	at org.springframework.security.web.ObservationFilterChainDecorator$ObservationFilter.doFilter(ObservationFilterChainDecorator.java:227)
	at org.springframework.security.web.ObservationFilterChainDecorator$VirtualFilterChain.doFilter(ObservationFilterChainDecorator.java:137)
	at org.springframework.security.web.authentication.AnonymousAuthenticationFilter.doFilter(AnonymousAuthenticationFilter.java:100)
	at org.springframework.security.web.ObservationFilterChainDecorator$ObservationFilter.wrapFilter(ObservationFilterChainDecorator.java:240)
	at org.springframework.security.web.ObservationFilterChainDecorator$ObservationFilter.doFilter(ObservationFilterChainDecorator.java:227)
	at org.springframework.security.web.ObservationFilterChainDecorator$VirtualFilterChain.doFilter(ObservationFilterChainDecorator.java:137)
	at org.springframework.security.web.servletapi.SecurityContextHolderAwareRequestFilter.doFilter(SecurityContextHolderAwareRequestFilter.java:179)
	at org.springframework.security.web.ObservationFilterChainDecorator$ObservationFilter.wrapFilter(ObservationFilterChainDecorator.java:240)
	at org.springframework.security.web.ObservationFilterChainDecorator$ObservationFilter.doFilter(ObservationFilterChainDecorator.java:227)
	at org.springframework.security.web.ObservationFilterChainDecorator$VirtualFilterChain.doFilter(ObservationFilterChainDecorator.java:137)
	at org.springframework.security.web.savedrequest.RequestCacheAwareFilter.doFilter(RequestCacheAwareFilter.java:63)
	at org.springframework.security.web.ObservationFilterChainDecorator$ObservationFilter.wrapFilter(ObservationFilterChainDecorator.java:240)
	at org.springframework.security.web.ObservationFilterChainDecorator$ObservationFilter.doFilter(ObservationFilterChainDecorator.java:227)
	at org.springframework.security.web.ObservationFilterChainDecorator$VirtualFilterChain.doFilter(ObservationFilterChainDecorator.java:137)
	at com.company.project.security.jwt.JwtAuthenticationFilter.doFilterInternal(JwtAuthenticationFilter.java:52)
	at org.springframework.web.filter.OncePerRequestFilter.doFilter(OncePerRequestFilter.java:116)
	at org.springframework.security.web.ObservationFilterChainDecorator$ObservationFilter.wrapFilter(ObservationFilterChainDecorator.java:240)
	at org.springframework.security.web.ObservationFilterChainDecorator$ObservationFilter.doFilter(ObservationFilterChainDecorator.java:227)
	at org.springframework.security.web.ObservationFilterChainDecorator$VirtualFilterChain.doFilter(ObservationFilterChainDecorator.java:137)
	at org.springframework.security.web.authentication.logout.LogoutFilter.doFilter(LogoutFilter.java:107)
	at org.springframework.security.web.authentication.logout.LogoutFilter.doFilter(LogoutFilter.java:93)
	at org.springframework.security.web.ObservationFilterChainDecorator$ObservationFilter.wrapFilter(ObservationFilterChainDecorator.java:240)
	at org.springframework.security.web.ObservationFilterChainDecorator$ObservationFilter.doFilter(ObservationFilterChainDecorator.java:227)
	at org.springframework.security.web.ObservationFilterChainDecorator$VirtualFilterChain.doFilter(ObservationFilterChainDecorator.java:137)
	at org.springframework.web.filter.CorsFilter.doFilterInternal(CorsFilter.java:91)
	at org.springframework.web.filter.OncePerRequestFilter.doFilter(OncePerRequestFilter.java:116)
	at org.springframework.security.web.ObservationFilterChainDecorator$ObservationFilter.wrapFilter(ObservationFilterChainDecorator.java:240)
	at org.springframework.security.web.ObservationFilterChainDecorator$ObservationFilter.doFilter(ObservationFilterChainDecorator.java:227)
	at org.springframework.security.web.ObservationFilterChainDecorator$VirtualFilterChain.doFilter(ObservationFilterChainDecorator.java:137)
	at org.springframework.security.web.header.HeaderWriterFilter.doHeadersAfter(HeaderWriterFilter.java:90)
	at org.springframework.security.web.header.HeaderWriterFilter.doFilterInternal(HeaderWriterFilter.java:75)
	at org.springframework.web.filter.OncePerRequestFilter.doFilter(OncePerRequestFilter.java:116)
	at org.springframework.security.web.ObservationFilterChainDecorator$ObservationFilter.wrapFilter(ObservationFilterChainDecorator.java:240)
	at org.springframework.security.web.ObservationFilterChainDecorator$ObservationFilter.doFilter(ObservationFilterChainDecorator.java:227)
	at org.springframework.security.web.ObservationFilterChainDecorator$VirtualFilterChain.doFilter(ObservationFilterChainDecorator.java:137)
	at org.springframework.security.web.context.SecurityContextHolderFilter.doFilter(SecurityContextHolderFilter.java:82)
	at org.springframework.security.web.context.SecurityContextHolderFilter.doFilter(SecurityContextHolderFilter.java:69)
	at org.springframework.security.web.ObservationFilterChainDecorator$ObservationFilter.wrapFilter(ObservationFilterChainDecorator.java:240)
	at org.springframework.security.web.ObservationFilterChainDecorator$ObservationFilter.doFilter(ObservationFilterChainDecorator.java:227)
	at org.springframework.security.web.ObservationFilterChainDecorator$VirtualFilterChain.doFilter(ObservationFilterChainDecorator.java:137)
	at org.springframework.security.web.context.request.async.WebAsyncManagerIntegrationFilter.doFilterInternal(WebAsyncManagerIntegrationFilter.java:62)
	at org.springframework.web.filter.OncePerRequestFilter.doFilter(OncePerRequestFilter.java:116)
	at org.springframework.security.web.ObservationFilterChainDecorator$ObservationFilter.wrapFilter(ObservationFilterChainDecorator.java:240)
	at org.springframework.security.web.ObservationFilterChainDecorator$ObservationFilter.doFilter(ObservationFilterChainDecorator.java:227)
	at org.springframework.security.web.ObservationFilterChainDecorator$VirtualFilterChain.doFilter(ObservationFilterChainDecorator.java:137)
	at org.springframework.security.web.session.DisableEncodeUrlFilter.doFilterInternal(DisableEncodeUrlFilter.java:42)
	at org.springframework.web.filter.OncePerRequestFilter.doFilter(OncePerRequestFilter.java:116)
	at org.springframework.security.web.ObservationFilterChainDecorator$ObservationFilter.wrapFilter(ObservationFilterChainDecorator.java:240)
	at org.springframework.security.web.ObservationFilterChainDecorator$AroundFilterObservation$SimpleAroundFilterObservation.lambda$wrap$0(ObservationFilterChainDecorator.java:323)
	at org.springframework.security.web.ObservationFilterChainDecorator$ObservationFilter.doFilter(ObservationFilterChainDecorator.java:224)
	at org.springframework.security.web.ObservationFilterChainDecorator$VirtualFilterChain.doFilter(ObservationFilterChainDecorator.java:137)
	at org.springframework.security.web.FilterChainProxy.doFilterInternal(FilterChainProxy.java:233)
	at org.springframework.security.web.FilterChainProxy.doFilter(FilterChainProxy.java:191)
	at org.springframework.web.filter.CompositeFilter$VirtualFilterChain.doFilter(CompositeFilter.java:113)
	at org.springframework.web.servlet.handler.HandlerMappingIntrospector.lambda$createCacheFilter$3(HandlerMappingIntrospector.java:243)
	at org.springframework.web.filter.CompositeFilter$VirtualFilterChain.doFilter(CompositeFilter.java:113)
	at org.springframework.web.filter.CompositeFilter.doFilter(CompositeFilter.java:74)
	at org.springframework.security.config.annotation.web.configuration.WebMvcSecurityConfiguration$CompositeFilterChainProxy.doFilter(WebMvcSecurityConfiguration.java:238)
	at org.springframework.web.filter.DelegatingFilterProxy.invokeDelegate(DelegatingFilterProxy.java:362)
	at org.springframework.web.filter.DelegatingFilterProxy.doFilter(DelegatingFilterProxy.java:278)
	at org.apache.catalina.core.ApplicationFilterChain.internalDoFilter(ApplicationFilterChain.java:164)
	at org.apache.catalina.core.ApplicationFilterChain.doFilter(ApplicationFilterChain.java:140)
	at org.springframework.web.filter.RequestContextFilter.doFilterInternal(RequestContextFilter.java:100)
	at org.springframework.web.filter.OncePerRequestFilter.doFilter(OncePerRequestFilter.java:116)
	at org.apache.catalina.core.ApplicationFilterChain.internalDoFilter(ApplicationFilterChain.java:164)
	at org.apache.catalina.core.ApplicationFilterChain.doFilter(ApplicationFilterChain.java:140)
	at org.springframework.web.filter.FormContentFilter.doFilterInternal(FormContentFilter.java:93)
	at org.springframework.web.filter.OncePerRequestFilter.doFilter(OncePerRequestFilter.java:116)
	at org.apache.catalina.core.ApplicationFilterChain.internalDoFilter(ApplicationFilterChain.java:164)
	at org.apache.catalina.core.ApplicationFilterChain.doFilter(ApplicationFilterChain.java:140)
	at org.springframework.web.filter.ServerHttpObservationFilter.doFilterInternal(ServerHttpObservationFilter.java:114)
	at org.springframework.web.filter.OncePerRequestFilter.doFilter(OncePerRequestFilter.java:116)
	at org.apache.catalina.core.ApplicationFilterChain.internalDoFilter(ApplicationFilterChain.java:164)
	at org.apache.catalina.core.ApplicationFilterChain.doFilter(ApplicationFilterChain.java:140)
	at org.springframework.web.filter.CharacterEncodingFilter.doFilterInternal(CharacterEncodingFilter.java:201)
	at org.springframework.web.filter.OncePerRequestFilter.doFilter(OncePerRequestFilter.java:116)
	at org.apache.catalina.core.ApplicationFilterChain.internalDoFilter(ApplicationFilterChain.java:164)
	at org.apache.catalina.core.ApplicationFilterChain.doFilter(ApplicationFilterChain.java:140)
	at org.apache.catalina.core.StandardWrapperValve.invoke(StandardWrapperValve.java:167)
	at org.apache.catalina.core.StandardContextValve.invoke(StandardContextValve.java:90)
	at org.apache.catalina.authenticator.AuthenticatorBase.invoke(AuthenticatorBase.java:483)
	at org.apache.catalina.core.StandardHostValve.invoke(StandardHostValve.java:115)
	at org.apache.catalina.valves.ErrorReportValve.invoke(ErrorReportValve.java:93)
	at org.apache.catalina.core.StandardEngineValve.invoke(StandardEngineValve.java:74)
	at org.apache.catalina.connector.CoyoteAdapter.service(CoyoteAdapter.java:344)
	at org.apache.coyote.http11.Http11Processor.service(Http11Processor.java:397)
	at org.apache.coyote.AbstractProcessorLight.process(AbstractProcessorLight.java:63)
	at org.apache.coyote.AbstractProtocol$ConnectionHandler.process(AbstractProtocol.java:905)
	at org.apache.tomcat.util.net.NioEndpoint$SocketProcessor.doRun(NioEndpoint.java:1741)
	at org.apache.tomcat.util.net.SocketProcessorBase.run(SocketProcessorBase.java:52)
	at org.apache.tomcat.util.threads.ThreadPoolExecutor.runWorker(ThreadPoolExecutor.java:1190)
	at org.apache.tomcat.util.threads.ThreadPoolExecutor$Worker.run(ThreadPoolExecutor.java:659)
	at org.apache.tomcat.util.threads.TaskThread$WrappingRunnable.run(TaskThread.java:63)
	at java.base/java.lang.Thread.run(Thread.java:1583)
2026-03-16 17:10:45 [http-nio-8080-exec-9] DEBUG o.s.w.s.m.m.a.HttpEntityMethodProcessor - Using 'application/json', given [application/json, text/plain, */*] and supported [application/json, application/*+json, application/yaml]
2026-03-16 17:10:45 [http-nio-8080-exec-9] TRACE o.s.w.s.m.m.a.HttpEntityMethodProcessor - Writing [ApiResponse[success=false, status=500, code=C004, message=예기치 않은 서버 오류가 발생했습니다., data=null, timestamp=2026-03-16T17:10:45.130622400]]
2026-03-16 17:10:45 [http-nio-8080-exec-9] DEBUG o.s.w.s.m.m.a.ExceptionHandlerExceptionResolver - Resolved [org.springframework.web.servlet.resource.NoResourceFoundException: No static resource api/v1/admin/system/statistics/bbs.]
2026-03-16 17:10:45 [http-nio-8080-exec-9] DEBUG o.s.web.servlet.DispatcherServlet - Completed 500 INTERNAL_SERVER_ERROR
2026-03-16 17:10:45 [http-nio-8080-exec-8] DEBUG o.s.orm.jpa.JpaTransactionManager - Found thread-bound EntityManager [SessionImpl(2144003843<open>)] for JPA transaction
2026-03-16 17:10:45 [http-nio-8080-exec-8] DEBUG o.s.orm.jpa.JpaTransactionManager - Participating in existing transaction
2026-03-16 17:10:45 [http-nio-8080-exec-8] DEBUG org.hibernate.SQL - select p1_0.progrm_file_nm,p1_0.progrm_dc,p1_0.progrm_korean_nm,p1_0.progrm_stre_path,p1_0.url from nprogrmlist p1_0
2026-03-16 17:10:45 [http-nio-8080-exec-8] DEBUG o.s.orm.jpa.JpaTransactionManager - Initiating transaction commit
2026-03-16 17:10:45 [http-nio-8080-exec-8] DEBUG o.s.orm.jpa.JpaTransactionManager - Committing JPA transaction on EntityManager [SessionImpl(2144003843<open>)]
2026-03-16 17:10:45 [http-nio-8080-exec-8] DEBUG o.s.orm.jpa.JpaTransactionManager - Closing JPA EntityManager [SessionImpl(2144003843<open>)] after transaction
2026-03-16 17:10:45 [http-nio-8080-exec-8] INFO  c.c.p.a.c.menu.MenuController - getLeftMenu returned 2 items
2026-03-16 17:10:45 [http-nio-8080-exec-8] DEBUG o.s.w.s.m.m.a.HttpEntityMethodProcessor - Using 'application/json', given [application/json, text/plain, */*] and supported [application/json, application/*+json, application/yaml]
2026-03-16 17:10:45 [http-nio-8080-exec-8] TRACE o.s.w.s.m.m.a.HttpEntityMethodProcessor - Writing [ApiResponse[success=true, status=200, code=COMMON_001, message=Success, data={list=[com.company.project.service.menu.dto.MenuDto@3c6d982, com.company.project.service.menu.dto.MenuDto@6e9e5925]}, timestamp=2026-03-16T17:10:45.655058]]
2026-03-16 17:10:45 [http-nio-8080-exec-8] INFO  c.c.p.a.i.OperationalAuditInterceptor - API Audit Log: URL=/api/v1/menu/left, User=webmaster, IP=127.0.0.1
2026-03-16 17:10:45 [http-nio-8080-exec-8] DEBUG o.s.web.servlet.DispatcherServlet - Completed 200 OK
2026-03-16 17:10:45 [http-nio-8080-exec-12] DEBUG c.c.p.s.jwt.JwtAuthenticationFilter - >>> [JwtFilter] Processing request: GET /api/v1/menu/left
2026-03-16 17:10:45 [http-nio-8080-exec-12] DEBUG c.c.p.s.jwt.JwtAuthenticationFilter - >>> [JwtFilter] Found token in header for path: /api/v1/menu/left
2026-03-16 17:10:45 [http-nio-8080-exec-12] DEBUG o.s.orm.jpa.JpaTransactionManager - Creating new transaction with name [com.company.project.security.iam.CustomUserDetailsService.loadUserByUsername]: PROPAGATION_REQUIRED,ISOLATION_DEFAULT,readOnly
2026-03-16 17:10:45 [http-nio-8080-exec-12] DEBUG o.s.orm.jpa.JpaTransactionManager - Opened new EntityManager [SessionImpl(133804980<open>)] for JPA transaction
2026-03-16 17:10:45 [http-nio-8080-exec-12] DEBUG o.s.orm.jpa.JpaTransactionManager - Exposing JPA transaction as JDBC [org.springframework.orm.jpa.vendor.HibernateJpaDialect$HibernateConnectionHandle@7233c62d]
2026-03-16 17:10:45 [http-nio-8080-exec-12] DEBUG o.s.orm.jpa.JpaTransactionManager - Found thread-bound EntityManager [SessionImpl(133804980<open>)] for JPA transaction
2026-03-16 17:10:45 [http-nio-8080-exec-12] DEBUG o.s.orm.jpa.JpaTransactionManager - Participating in existing transaction
2026-03-16 17:10:45 [http-nio-8080-exec-12] DEBUG org.hibernate.SQL - select u1_0.emplyr_id,u1_0.area_no,u1_0.brthdy,u1_0.chg_pwd_cnt,u1_0.frst_register_id,u1_0.frst_regist_pnttm,u1_0.detail_adres,u1_0.email_adres,u1_0.emplyr_sttus_code,u1_0.empl_no,u1_0.esntl_id,u1_0.fxnum,u1_0.group_id,u1_0.house_adres,u1_0.house_end_telno,u1_0.house_middle_telno,u1_0.ihidnum,u1_0.pstinst_code,u1_0.last_updusr_id,u1_0.last_updt_pnttm,u1_0.lock_at,u1_0.lock_cnt,u1_0.lock_last_pnttm,u1_0.mbtlnum,u1_0.ofcps_nm,u1_0.offm_telno,u1_0.orgnzt_id,u1_0.password,u1_0.password_cnsr,u1_0.password_hint,u1_0.chg_pwd_last_pnttm,u1_0.role,u1_0.sbscrb_de,u1_0.sexdstn_code,u1_0.crtfc_dn_value,u1_0.user_nm,u1_0.zip from nemplyrinfo u1_0 where u1_0.emplyr_id=?
2026-03-16 17:10:46 [http-nio-8080-exec-12] DEBUG o.s.orm.jpa.JpaTransactionManager - Found thread-bound EntityManager [SessionImpl(133804980<open>)] for JPA transaction
2026-03-16 17:10:46 [http-nio-8080-exec-12] DEBUG o.s.orm.jpa.JpaTransactionManager - Participating in existing transaction
2026-03-16 17:10:46 [http-nio-8080-exec-12] DEBUG org.hibernate.SQL - select ua1_0.scrty_dtrmn_trget_id,ua1_0.author_code,ua1_0.frst_register_id,ua1_0.frst_regist_pnttm,ua1_0.last_updusr_id,ua1_0.last_updt_pnttm,ua1_0.mber_ty_code from nemplyrscrtyestbs ua1_0 where ua1_0.scrty_dtrmn_trget_id=?
2026-03-16 17:10:46 [http-nio-8080-exec-12] DEBUG o.s.orm.jpa.JpaTransactionManager - Initiating transaction commit
2026-03-16 17:10:46 [http-nio-8080-exec-12] DEBUG o.s.orm.jpa.JpaTransactionManager - Committing JPA transaction on EntityManager [SessionImpl(133804980<open>)]
2026-03-16 17:10:46 [http-nio-8080-exec-12] DEBUG o.s.orm.jpa.JpaTransactionManager - Closing JPA EntityManager [SessionImpl(133804980<open>)] after transaction
2026-03-16 17:10:46 [http-nio-8080-exec-12] DEBUG c.c.p.s.jwt.JwtAuthenticationFilter - >>> [JwtFilter] Successfully authenticated user: USRCNFRM_99999999999, Authorities: [ROLE_ADMIN]
2026-03-16 17:10:46 [http-nio-8080-exec-12] DEBUG o.s.web.servlet.DispatcherServlet - GET "/api/v1/menu/left?menuNo=50", parameters={masked}
2026-03-16 17:10:46 [http-nio-8080-exec-12] TRACE o.s.w.s.m.m.a.RequestMappingHandlerMapping - Mapped to com.company.project.api.controller.menu.MenuController#getLeftMenu(Long)
2026-03-16 17:10:46 [http-nio-8080-exec-12] INFO  c.c.p.a.c.menu.MenuController - getLeftMenu called with menuNo=50
2026-03-16 17:10:46 [http-nio-8080-exec-12] DEBUG o.s.orm.jpa.JpaTransactionManager - Creating new transaction with name [com.company.project.service.menu.MenuService.getSubMenus]: PROPAGATION_REQUIRED,ISOLATION_DEFAULT,readOnly
2026-03-16 17:10:46 [http-nio-8080-exec-12] DEBUG o.s.orm.jpa.JpaTransactionManager - Opened new EntityManager [SessionImpl(1997741982<open>)] for JPA transaction
2026-03-16 17:10:46 [http-nio-8080-exec-12] DEBUG o.s.orm.jpa.JpaTransactionManager - Exposing JPA transaction as JDBC [org.springframework.orm.jpa.vendor.HibernateJpaDialect$HibernateConnectionHandle@b3510b1]
2026-03-16 17:10:46 [http-nio-8080-exec-12] DEBUG org.hibernate.SQL - select m1_0.menu_no,m1_0.menu_dc,m1_0.menu_nm,m1_0.menu_ordr,m1_0.modern_route,m1_0.progrm_file_nm,m1_0.relate_image_nm,m1_0.relate_image_path,m1_0.route_updated_at,m1_0.upper_menu_no from nmenuinfo m1_0 order by m1_0.upper_menu_no,m1_0.menu_ordr
2026-03-16 17:10:46 [MessageBroker-4] DEBUG o.s.w.s.s.t.h.DefaultSockJsService - Closed 1 sessions: [mkajqghf]
2026-03-16 17:10:46 [http-nio-8080-exec-12] DEBUG o.s.orm.jpa.JpaTransactionManager - Found thread-bound EntityManager [SessionImpl(1997741982<open>)] for JPA transaction
2026-03-16 17:10:46 [http-nio-8080-exec-12] DEBUG o.s.orm.jpa.JpaTransactionManager - Participating in existing transaction
2026-03-16 17:10:46 [http-nio-8080-exec-12] DEBUG org.hibernate.SQL - select p1_0.progrm_file_nm,p1_0.progrm_dc,p1_0.progrm_korean_nm,p1_0.progrm_stre_path,p1_0.url from nprogrmlist p1_0
2026-03-16 17:10:46 [http-nio-8080-exec-12] DEBUG o.s.orm.jpa.JpaTransactionManager - Initiating transaction commit
2026-03-16 17:10:46 [http-nio-8080-exec-12] DEBUG o.s.orm.jpa.JpaTransactionManager - Committing JPA transaction on EntityManager [SessionImpl(1997741982<open>)]
2026-03-16 17:10:46 [http-nio-8080-exec-12] DEBUG o.s.orm.jpa.JpaTransactionManager - Closing JPA EntityManager [SessionImpl(1997741982<open>)] after transaction
2026-03-16 17:10:46 [http-nio-8080-exec-12] INFO  c.c.p.a.c.menu.MenuController - getLeftMenu returned 3 items
2026-03-16 17:10:46 [http-nio-8080-exec-12] DEBUG o.s.w.s.m.m.a.HttpEntityMethodProcessor - Using 'application/json', given [application/json, text/plain, */*] and supported [application/json, application/*+json, application/yaml]
2026-03-16 17:10:46 [http-nio-8080-exec-12] TRACE o.s.w.s.m.m.a.HttpEntityMethodProcessor - Writing [ApiResponse[success=true, status=200, code=COMMON_001, message=Success, data={list=[com.company.project.service.menu.dto.MenuDto@5a54acde, com.company.project.service.menu.dto.MenuDto@6f517432, com.company.project.service.menu.dto.MenuDto@730abb88]}, timestamp=2026-03-16T17:10:46.929557600]]
2026-03-16 17:10:46 [http-nio-8080-exec-12] INFO  c.c.p.a.i.OperationalAuditInterceptor - API Audit Log: URL=/api/v1/menu/left, User=webmaster, IP=127.0.0.1
2026-03-16 17:10:46 [http-nio-8080-exec-12] DEBUG o.s.web.servlet.DispatcherServlet - Completed 200 OK
2026-03-16 17:10:46 [http-nio-8080-exec-2] DEBUG c.c.p.s.jwt.JwtAuthenticationFilter - >>> [JwtFilter] Processing request: GET /api/v1/menu/left
2026-03-16 17:10:46 [http-nio-8080-exec-2] DEBUG c.c.p.s.jwt.JwtAuthenticationFilter - >>> [JwtFilter] Found token in header for path: /api/v1/menu/left
2026-03-16 17:10:46 [http-nio-8080-exec-2] DEBUG o.s.orm.jpa.JpaTransactionManager - Creating new transaction with name [com.company.project.security.iam.CustomUserDetailsService.loadUserByUsername]: PROPAGATION_REQUIRED,ISOLATION_DEFAULT,readOnly
2026-03-16 17:10:46 [http-nio-8080-exec-2] DEBUG o.s.orm.jpa.JpaTransactionManager - Opened new EntityManager [SessionImpl(799951935<open>)] for JPA transaction
2026-03-16 17:10:47 [http-nio-8080-exec-2] DEBUG o.s.orm.jpa.JpaTransactionManager - Exposing JPA transaction as JDBC [org.springframework.orm.jpa.vendor.HibernateJpaDialect$HibernateConnectionHandle@22482940]
2026-03-16 17:10:47 [http-nio-8080-exec-2] DEBUG o.s.orm.jpa.JpaTransactionManager - Found thread-bound EntityManager [SessionImpl(799951935<open>)] for JPA transaction
2026-03-16 17:10:47 [http-nio-8080-exec-2] DEBUG o.s.orm.jpa.JpaTransactionManager - Participating in existing transaction
2026-03-16 17:10:47 [http-nio-8080-exec-2] DEBUG org.hibernate.SQL - select u1_0.emplyr_id,u1_0.area_no,u1_0.brthdy,u1_0.chg_pwd_cnt,u1_0.frst_register_id,u1_0.frst_regist_pnttm,u1_0.detail_adres,u1_0.email_adres,u1_0.emplyr_sttus_code,u1_0.empl_no,u1_0.esntl_id,u1_0.fxnum,u1_0.group_id,u1_0.house_adres,u1_0.house_end_telno,u1_0.house_middle_telno,u1_0.ihidnum,u1_0.pstinst_code,u1_0.last_updusr_id,u1_0.last_updt_pnttm,u1_0.lock_at,u1_0.lock_cnt,u1_0.lock_last_pnttm,u1_0.mbtlnum,u1_0.ofcps_nm,u1_0.offm_telno,u1_0.orgnzt_id,u1_0.password,u1_0.password_cnsr,u1_0.password_hint,u1_0.chg_pwd_last_pnttm,u1_0.role,u1_0.sbscrb_de,u1_0.sexdstn_code,u1_0.crtfc_dn_value,u1_0.user_nm,u1_0.zip from nemplyrinfo u1_0 where u1_0.emplyr_id=?
2026-03-16 17:10:47 [http-nio-8080-exec-2] DEBUG o.s.orm.jpa.JpaTransactionManager - Found thread-bound EntityManager [SessionImpl(799951935<open>)] for JPA transaction
2026-03-16 17:10:47 [http-nio-8080-exec-2] DEBUG o.s.orm.jpa.JpaTransactionManager - Participating in existing transaction
2026-03-16 17:10:47 [http-nio-8080-exec-2] DEBUG org.hibernate.SQL - select ua1_0.scrty_dtrmn_trget_id,ua1_0.author_code,ua1_0.frst_register_id,ua1_0.frst_regist_pnttm,ua1_0.last_updusr_id,ua1_0.last_updt_pnttm,ua1_0.mber_ty_code from nemplyrscrtyestbs ua1_0 where ua1_0.scrty_dtrmn_trget_id=?
2026-03-16 17:10:47 [http-nio-8080-exec-2] DEBUG o.s.orm.jpa.JpaTransactionManager - Initiating transaction commit
2026-03-16 17:10:47 [http-nio-8080-exec-2] DEBUG o.s.orm.jpa.JpaTransactionManager - Committing JPA transaction on EntityManager [SessionImpl(799951935<open>)]
2026-03-16 17:10:47 [http-nio-8080-exec-9] DEBUG c.c.p.s.jwt.JwtAuthenticationFilter - >>> [JwtFilter] Processing request: GET /api/v1/menu/head
2026-03-16 17:10:47 [http-nio-8080-exec-9] DEBUG c.c.p.s.jwt.JwtAuthenticationFilter - >>> [JwtFilter] Found token in header for path: /api/v1/menu/head
2026-03-16 17:10:47 [http-nio-8080-exec-9] DEBUG o.s.orm.jpa.JpaTransactionManager - Creating new transaction with name [com.company.project.security.iam.CustomUserDetailsService.loadUserByUsername]: PROPAGATION_REQUIRED,ISOLATION_DEFAULT,readOnly
2026-03-16 17:10:47 [http-nio-8080-exec-9] DEBUG o.s.orm.jpa.JpaTransactionManager - Opened new EntityManager [SessionImpl(694350570<open>)] for JPA transaction
2026-03-16 17:10:47 [http-nio-8080-exec-2] DEBUG o.s.orm.jpa.JpaTransactionManager - Closing JPA EntityManager [SessionImpl(799951935<open>)] after transaction
2026-03-16 17:10:47 [http-nio-8080-exec-2] DEBUG c.c.p.s.jwt.JwtAuthenticationFilter - >>> [JwtFilter] Successfully authenticated user: USRCNFRM_99999999999, Authorities: [ROLE_ADMIN]
2026-03-16 17:10:47 [http-nio-8080-exec-2] DEBUG o.s.web.servlet.DispatcherServlet - GET "/api/v1/menu/left?menuNo=60", parameters={masked}
2026-03-16 17:10:47 [http-nio-8080-exec-2] TRACE o.s.w.s.m.m.a.RequestMappingHandlerMapping - Mapped to com.company.project.api.controller.menu.MenuController#getLeftMenu(Long)
2026-03-16 17:10:47 [http-nio-8080-exec-2] INFO  c.c.p.a.c.menu.MenuController - getLeftMenu called with menuNo=60
2026-03-16 17:10:47 [http-nio-8080-exec-2] DEBUG o.s.orm.jpa.JpaTransactionManager - Creating new transaction with name [com.company.project.service.menu.MenuService.getSubMenus]: PROPAGATION_REQUIRED,ISOLATION_DEFAULT,readOnly
2026-03-16 17:10:47 [http-nio-8080-exec-2] DEBUG o.s.orm.jpa.JpaTransactionManager - Opened new EntityManager [SessionImpl(1894970216<open>)] for JPA transaction
2026-03-16 17:10:47 [http-nio-8080-exec-2] DEBUG o.s.orm.jpa.JpaTransactionManager - Exposing JPA transaction as JDBC [org.springframework.orm.jpa.vendor.HibernateJpaDialect$HibernateConnectionHandle@549be7b9]
2026-03-16 17:10:47 [http-nio-8080-exec-2] DEBUG org.hibernate.SQL - select m1_0.menu_no,m1_0.menu_dc,m1_0.menu_nm,m1_0.menu_ordr,m1_0.modern_route,m1_0.progrm_file_nm,m1_0.relate_image_nm,m1_0.relate_image_path,m1_0.route_updated_at,m1_0.upper_menu_no from nmenuinfo m1_0 order by m1_0.upper_menu_no,m1_0.menu_ordr
2026-03-16 17:10:47 [http-nio-8080-exec-9] DEBUG o.s.orm.jpa.JpaTransactionManager - Exposing JPA transaction as JDBC [org.springframework.orm.jpa.vendor.HibernateJpaDialect$HibernateConnectionHandle@59e3fece]
2026-03-16 17:10:47 [http-nio-8080-exec-9] DEBUG o.s.orm.jpa.JpaTransactionManager - Found thread-bound EntityManager [SessionImpl(694350570<open>)] for JPA transaction
2026-03-16 17:10:47 [http-nio-8080-exec-9] DEBUG o.s.orm.jpa.JpaTransactionManager - Participating in existing transaction
2026-03-16 17:10:47 [http-nio-8080-exec-9] DEBUG org.hibernate.SQL - select u1_0.emplyr_id,u1_0.area_no,u1_0.brthdy,u1_0.chg_pwd_cnt,u1_0.frst_register_id,u1_0.frst_regist_pnttm,u1_0.detail_adres,u1_0.email_adres,u1_0.emplyr_sttus_code,u1_0.empl_no,u1_0.esntl_id,u1_0.fxnum,u1_0.group_id,u1_0.house_adres,u1_0.house_end_telno,u1_0.house_middle_telno,u1_0.ihidnum,u1_0.pstinst_code,u1_0.last_updusr_id,u1_0.last_updt_pnttm,u1_0.lock_at,u1_0.lock_cnt,u1_0.lock_last_pnttm,u1_0.mbtlnum,u1_0.ofcps_nm,u1_0.offm_telno,u1_0.orgnzt_id,u1_0.password,u1_0.password_cnsr,u1_0.password_hint,u1_0.chg_pwd_last_pnttm,u1_0.role,u1_0.sbscrb_de,u1_0.sexdstn_code,u1_0.crtfc_dn_value,u1_0.user_nm,u1_0.zip from nemplyrinfo u1_0 where u1_0.emplyr_id=?
2026-03-16 17:10:47 [http-nio-8080-exec-9] DEBUG o.s.orm.jpa.JpaTransactionManager - Found thread-bound EntityManager [SessionImpl(694350570<open>)] for JPA transaction
2026-03-16 17:10:47 [http-nio-8080-exec-9] DEBUG o.s.orm.jpa.JpaTransactionManager - Participating in existing transaction
2026-03-16 17:10:47 [http-nio-8080-exec-9] DEBUG org.hibernate.SQL - select ua1_0.scrty_dtrmn_trget_id,ua1_0.author_code,ua1_0.frst_register_id,ua1_0.frst_regist_pnttm,ua1_0.last_updusr_id,ua1_0.last_updt_pnttm,ua1_0.mber_ty_code from nemplyrscrtyestbs ua1_0 where ua1_0.scrty_dtrmn_trget_id=?
2026-03-16 17:10:47 [http-nio-8080-exec-2] DEBUG o.s.orm.jpa.JpaTransactionManager - Found thread-bound EntityManager [SessionImpl(1894970216<open>)] for JPA transaction
2026-03-16 17:10:47 [http-nio-8080-exec-2] DEBUG o.s.orm.jpa.JpaTransactionManager - Participating in existing transaction
2026-03-16 17:10:47 [http-nio-8080-exec-2] DEBUG org.hibernate.SQL - select p1_0.progrm_file_nm,p1_0.progrm_dc,p1_0.progrm_korean_nm,p1_0.progrm_stre_path,p1_0.url from nprogrmlist p1_0
2026-03-16 17:10:47 [http-nio-8080-exec-9] DEBUG o.s.orm.jpa.JpaTransactionManager - Initiating transaction commit
2026-03-16 17:10:47 [http-nio-8080-exec-9] DEBUG o.s.orm.jpa.JpaTransactionManager - Committing JPA transaction on EntityManager [SessionImpl(694350570<open>)]
2026-03-16 17:10:48 [http-nio-8080-exec-2] DEBUG o.s.orm.jpa.JpaTransactionManager - Initiating transaction commit
2026-03-16 17:10:48 [http-nio-8080-exec-2] DEBUG o.s.orm.jpa.JpaTransactionManager - Committing JPA transaction on EntityManager [SessionImpl(1894970216<open>)]
2026-03-16 17:10:48 [http-nio-8080-exec-9] DEBUG o.s.orm.jpa.JpaTransactionManager - Closing JPA EntityManager [SessionImpl(694350570<open>)] after transaction
2026-03-16 17:10:48 [http-nio-8080-exec-9] DEBUG c.c.p.s.jwt.JwtAuthenticationFilter - >>> [JwtFilter] Successfully authenticated user: USRCNFRM_99999999999, Authorities: [ROLE_ADMIN]
2026-03-16 17:10:48 [http-nio-8080-exec-9] DEBUG o.s.web.servlet.DispatcherServlet - GET "/api/v1/menu/head", parameters={}
2026-03-16 17:10:48 [http-nio-8080-exec-9] TRACE o.s.w.s.m.m.a.RequestMappingHandlerMapping - Mapped to com.company.project.api.controller.menu.MenuController#getHeadMenu()
2026-03-16 17:10:48 [http-nio-8080-exec-9] INFO  c.c.p.a.c.menu.MenuController - getHeadMenu called
2026-03-16 17:10:48 [http-nio-8080-exec-9] INFO  c.c.p.a.c.menu.MenuController - getHeadMenu returned 5 items
2026-03-16 17:10:48 [http-nio-8080-exec-9] DEBUG o.s.w.s.m.m.a.HttpEntityMethodProcessor - Using 'application/json', given [application/json, text/plain, */*] and supported [application/json, application/*+json, application/yaml]
2026-03-16 17:10:48 [http-nio-8080-exec-9] TRACE o.s.w.s.m.m.a.HttpEntityMethodProcessor - Writing [ApiResponse[success=true, status=200, code=COMMON_001, message=Success, data={list=[com.company.project.service.menu.dto.MenuDto@2b80d6b0, com.company.project.service.menu.dto.MenuDto@1418cfa3, com.company.project.service.menu.dto.MenuDto@f230bf1, com.company.project.service.menu.dto.MenuDto@734a7f6a, com.company.project.service.menu.dto.MenuDto@5e5202e5]}, timestamp=2026-03-16T17:10:48.145735900]]
2026-03-16 17:10:48 [http-nio-8080-exec-9] INFO  c.c.p.a.i.OperationalAuditInterceptor - API Audit Log: URL=/api/v1/menu/head, User=webmaster, IP=0:0:0:0:0:0:0:1
2026-03-16 17:10:48 [http-nio-8080-exec-9] DEBUG o.s.web.servlet.DispatcherServlet - Completed 200 OK
2026-03-16 17:10:48 [http-nio-8080-exec-17] DEBUG c.c.p.s.jwt.JwtAuthenticationFilter - >>> [JwtFilter] Processing request: GET /api/v1/menu/left
2026-03-16 17:10:48 [http-nio-8080-exec-17] DEBUG c.c.p.s.jwt.JwtAuthenticationFilter - >>> [JwtFilter] Found token in header for path: /api/v1/menu/left
2026-03-16 17:10:48 [http-nio-8080-exec-17] DEBUG o.s.orm.jpa.JpaTransactionManager - Creating new transaction with name [com.company.project.security.iam.CustomUserDetailsService.loadUserByUsername]: PROPAGATION_REQUIRED,ISOLATION_DEFAULT,readOnly
2026-03-16 17:10:48 [http-nio-8080-exec-17] DEBUG o.s.orm.jpa.JpaTransactionManager - Opened new EntityManager [SessionImpl(1075951168<open>)] for JPA transaction
2026-03-16 17:10:48 [http-nio-8080-exec-13] DEBUG c.c.p.s.jwt.JwtAuthenticationFilter - >>> [JwtFilter] Processing request: GET /api/v1/menu/left
2026-03-16 17:10:48 [http-nio-8080-exec-10] DEBUG c.c.p.s.jwt.JwtAuthenticationFilter - >>> [JwtFilter] Processing request: GET /api/v1/menu/left
2026-03-16 17:10:48 [http-nio-8080-exec-13] DEBUG c.c.p.s.jwt.JwtAuthenticationFilter - >>> [JwtFilter] Found token in header for path: /api/v1/menu/left
2026-03-16 17:10:48 [http-nio-8080-exec-10] DEBUG c.c.p.s.jwt.JwtAuthenticationFilter - >>> [JwtFilter] Found token in header for path: /api/v1/menu/left
2026-03-16 17:10:48 [http-nio-8080-exec-10] DEBUG o.s.orm.jpa.JpaTransactionManager - Creating new transaction with name [com.company.project.security.iam.CustomUserDetailsService.loadUserByUsername]: PROPAGATION_REQUIRED,ISOLATION_DEFAULT,readOnly
2026-03-16 17:10:48 [http-nio-8080-exec-13] DEBUG o.s.orm.jpa.JpaTransactionManager - Creating new transaction with name [com.company.project.security.iam.CustomUserDetailsService.loadUserByUsername]: PROPAGATION_REQUIRED,ISOLATION_DEFAULT,readOnly
2026-03-16 17:10:48 [http-nio-8080-exec-10] DEBUG o.s.orm.jpa.JpaTransactionManager - Opened new EntityManager [SessionImpl(1918429421<open>)] for JPA transaction
2026-03-16 17:10:48 [http-nio-8080-exec-13] DEBUG o.s.orm.jpa.JpaTransactionManager - Opened new EntityManager [SessionImpl(1423273949<open>)] for JPA transaction
2026-03-16 17:10:48 [http-nio-8080-exec-15] DEBUG c.c.p.s.jwt.JwtAuthenticationFilter - >>> [JwtFilter] Processing request: GET /api/v1/menu/left
2026-03-16 17:10:48 [http-nio-8080-exec-3] DEBUG c.c.p.s.jwt.JwtAuthenticationFilter - >>> [JwtFilter] Processing request: GET /api/v1/menu/left
2026-03-16 17:10:48 [http-nio-8080-exec-15] DEBUG c.c.p.s.jwt.JwtAuthenticationFilter - >>> [JwtFilter] Found token in header for path: /api/v1/menu/left
2026-03-16 17:10:48 [http-nio-8080-exec-3] DEBUG c.c.p.s.jwt.JwtAuthenticationFilter - >>> [JwtFilter] Found token in header for path: /api/v1/menu/left
2026-03-16 17:10:48 [http-nio-8080-exec-15] DEBUG o.s.orm.jpa.JpaTransactionManager - Creating new transaction with name [com.company.project.security.iam.CustomUserDetailsService.loadUserByUsername]: PROPAGATION_REQUIRED,ISOLATION_DEFAULT,readOnly
2026-03-16 17:10:48 [http-nio-8080-exec-3] DEBUG o.s.orm.jpa.JpaTransactionManager - Creating new transaction with name [com.company.project.security.iam.CustomUserDetailsService.loadUserByUsername]: PROPAGATION_REQUIRED,ISOLATION_DEFAULT,readOnly
2026-03-16 17:10:48 [http-nio-8080-exec-15] DEBUG o.s.orm.jpa.JpaTransactionManager - Opened new EntityManager [SessionImpl(1823975788<open>)] for JPA transaction
2026-03-16 17:10:48 [http-nio-8080-exec-3] DEBUG o.s.orm.jpa.JpaTransactionManager - Opened new EntityManager [SessionImpl(1058098600<open>)] for JPA transaction
2026-03-16 17:10:48 [http-nio-8080-exec-2] DEBUG o.s.orm.jpa.JpaTransactionManager - Closing JPA EntityManager [SessionImpl(1894970216<open>)] after transaction
2026-03-16 17:10:48 [http-nio-8080-exec-2] INFO  c.c.p.a.c.menu.MenuController - getLeftMenu returned 1 items
2026-03-16 17:10:48 [http-nio-8080-exec-2] DEBUG o.s.w.s.m.m.a.HttpEntityMethodProcessor - Using 'application/json', given [application/json, text/plain, */*] and supported [application/json, application/*+json, application/yaml]
2026-03-16 17:10:48 [http-nio-8080-exec-2] TRACE o.s.w.s.m.m.a.HttpEntityMethodProcessor - Writing [ApiResponse[success=true, status=200, code=COMMON_001, message=Success, data={list=[com.company.project.service.menu.dto.MenuDto@526076eb]}, timestamp=2026-03-16T17:10:48.203877300]]
2026-03-16 17:10:48 [http-nio-8080-exec-2] INFO  c.c.p.a.i.OperationalAuditInterceptor - API Audit Log: URL=/api/v1/menu/left, User=webmaster, IP=127.0.0.1
2026-03-16 17:10:48 [http-nio-8080-exec-2] DEBUG o.s.web.servlet.DispatcherServlet - Completed 200 OK
2026-03-16 17:10:48 [http-nio-8080-exec-13] DEBUG o.s.orm.jpa.JpaTransactionManager - Exposing JPA transaction as JDBC [org.springframework.orm.jpa.vendor.HibernateJpaDialect$HibernateConnectionHandle@198f1377]
2026-03-16 17:10:48 [http-nio-8080-exec-10] DEBUG o.s.orm.jpa.JpaTransactionManager - Exposing JPA transaction as JDBC [org.springframework.orm.jpa.vendor.HibernateJpaDialect$HibernateConnectionHandle@71909f]
2026-03-16 17:10:48 [http-nio-8080-exec-15] DEBUG o.s.orm.jpa.JpaTransactionManager - Exposing JPA transaction as JDBC [org.springframework.orm.jpa.vendor.HibernateJpaDialect$HibernateConnectionHandle@455eb605]
2026-03-16 17:10:48 [http-nio-8080-exec-17] DEBUG o.s.orm.jpa.JpaTransactionManager - Exposing JPA transaction as JDBC [org.springframework.orm.jpa.vendor.HibernateJpaDialect$HibernateConnectionHandle@7f48ecee]
2026-03-16 17:10:48 [http-nio-8080-exec-13] DEBUG o.s.orm.jpa.JpaTransactionManager - Found thread-bound EntityManager [SessionImpl(1423273949<open>)] for JPA transaction
2026-03-16 17:10:48 [http-nio-8080-exec-10] DEBUG o.s.orm.jpa.JpaTransactionManager - Found thread-bound EntityManager [SessionImpl(1918429421<open>)] for JPA transaction
2026-03-16 17:10:48 [http-nio-8080-exec-15] DEBUG o.s.orm.jpa.JpaTransactionManager - Found thread-bound EntityManager [SessionImpl(1823975788<open>)] for JPA transaction
2026-03-16 17:10:48 [http-nio-8080-exec-17] DEBUG o.s.orm.jpa.JpaTransactionManager - Found thread-bound EntityManager [SessionImpl(1075951168<open>)] for JPA transaction
2026-03-16 17:10:48 [http-nio-8080-exec-10] DEBUG o.s.orm.jpa.JpaTransactionManager - Participating in existing transaction
2026-03-16 17:10:48 [http-nio-8080-exec-13] DEBUG o.s.orm.jpa.JpaTransactionManager - Participating in existing transaction
2026-03-16 17:10:48 [http-nio-8080-exec-15] DEBUG o.s.orm.jpa.JpaTransactionManager - Participating in existing transaction
2026-03-16 17:10:48 [http-nio-8080-exec-17] DEBUG o.s.orm.jpa.JpaTransactionManager - Participating in existing transaction
2026-03-16 17:10:48 [http-nio-8080-exec-13] DEBUG org.hibernate.SQL - select u1_0.emplyr_id,u1_0.area_no,u1_0.brthdy,u1_0.chg_pwd_cnt,u1_0.frst_register_id,u1_0.frst_regist_pnttm,u1_0.detail_adres,u1_0.email_adres,u1_0.emplyr_sttus_code,u1_0.empl_no,u1_0.esntl_id,u1_0.fxnum,u1_0.group_id,u1_0.house_adres,u1_0.house_end_telno,u1_0.house_middle_telno,u1_0.ihidnum,u1_0.pstinst_code,u1_0.last_updusr_id,u1_0.last_updt_pnttm,u1_0.lock_at,u1_0.lock_cnt,u1_0.lock_last_pnttm,u1_0.mbtlnum,u1_0.ofcps_nm,u1_0.offm_telno,u1_0.orgnzt_id,u1_0.password,u1_0.password_cnsr,u1_0.password_hint,u1_0.chg_pwd_last_pnttm,u1_0.role,u1_0.sbscrb_de,u1_0.sexdstn_code,u1_0.crtfc_dn_value,u1_0.user_nm,u1_0.zip from nemplyrinfo u1_0 where u1_0.emplyr_id=?
2026-03-16 17:10:48 [http-nio-8080-exec-10] DEBUG org.hibernate.SQL - select u1_0.emplyr_id,u1_0.area_no,u1_0.brthdy,u1_0.chg_pwd_cnt,u1_0.frst_register_id,u1_0.frst_regist_pnttm,u1_0.detail_adres,u1_0.email_adres,u1_0.emplyr_sttus_code,u1_0.empl_no,u1_0.esntl_id,u1_0.fxnum,u1_0.group_id,u1_0.house_adres,u1_0.house_end_telno,u1_0.house_middle_telno,u1_0.ihidnum,u1_0.pstinst_code,u1_0.last_updusr_id,u1_0.last_updt_pnttm,u1_0.lock_at,u1_0.lock_cnt,u1_0.lock_last_pnttm,u1_0.mbtlnum,u1_0.ofcps_nm,u1_0.offm_telno,u1_0.orgnzt_id,u1_0.password,u1_0.password_cnsr,u1_0.password_hint,u1_0.chg_pwd_last_pnttm,u1_0.role,u1_0.sbscrb_de,u1_0.sexdstn_code,u1_0.crtfc_dn_value,u1_0.user_nm,u1_0.zip from nemplyrinfo u1_0 where u1_0.emplyr_id=?
2026-03-16 17:10:48 [http-nio-8080-exec-17] DEBUG org.hibernate.SQL - select u1_0.emplyr_id,u1_0.area_no,u1_0.brthdy,u1_0.chg_pwd_cnt,u1_0.frst_register_id,u1_0.frst_regist_pnttm,u1_0.detail_adres,u1_0.email_adres,u1_0.emplyr_sttus_code,u1_0.empl_no,u1_0.esntl_id,u1_0.fxnum,u1_0.group_id,u1_0.house_adres,u1_0.house_end_telno,u1_0.house_middle_telno,u1_0.ihidnum,u1_0.pstinst_code,u1_0.last_updusr_id,u1_0.last_updt_pnttm,u1_0.lock_at,u1_0.lock_cnt,u1_0.lock_last_pnttm,u1_0.mbtlnum,u1_0.ofcps_nm,u1_0.offm_telno,u1_0.orgnzt_id,u1_0.password,u1_0.password_cnsr,u1_0.password_hint,u1_0.chg_pwd_last_pnttm,u1_0.role,u1_0.sbscrb_de,u1_0.sexdstn_code,u1_0.crtfc_dn_value,u1_0.user_nm,u1_0.zip from nemplyrinfo u1_0 where u1_0.emplyr_id=?
2026-03-16 17:10:48 [http-nio-8080-exec-15] DEBUG org.hibernate.SQL - select u1_0.emplyr_id,u1_0.area_no,u1_0.brthdy,u1_0.chg_pwd_cnt,u1_0.frst_register_id,u1_0.frst_regist_pnttm,u1_0.detail_adres,u1_0.email_adres,u1_0.emplyr_sttus_code,u1_0.empl_no,u1_0.esntl_id,u1_0.fxnum,u1_0.group_id,u1_0.house_adres,u1_0.house_end_telno,u1_0.house_middle_telno,u1_0.ihidnum,u1_0.pstinst_code,u1_0.last_updusr_id,u1_0.last_updt_pnttm,u1_0.lock_at,u1_0.lock_cnt,u1_0.lock_last_pnttm,u1_0.mbtlnum,u1_0.ofcps_nm,u1_0.offm_telno,u1_0.orgnzt_id,u1_0.password,u1_0.password_cnsr,u1_0.password_hint,u1_0.chg_pwd_last_pnttm,u1_0.role,u1_0.sbscrb_de,u1_0.sexdstn_code,u1_0.crtfc_dn_value,u1_0.user_nm,u1_0.zip from nemplyrinfo u1_0 where u1_0.emplyr_id=?
2026-03-16 17:10:48 [http-nio-8080-exec-3] DEBUG o.s.orm.jpa.JpaTransactionManager - Exposing JPA transaction as JDBC [org.springframework.orm.jpa.vendor.HibernateJpaDialect$HibernateConnectionHandle@7d722bbe]
2026-03-16 17:10:48 [http-nio-8080-exec-3] DEBUG o.s.orm.jpa.JpaTransactionManager - Found thread-bound EntityManager [SessionImpl(1058098600<open>)] for JPA transaction
2026-03-16 17:10:48 [http-nio-8080-exec-3] DEBUG o.s.orm.jpa.JpaTransactionManager - Participating in existing transaction
2026-03-16 17:10:48 [http-nio-8080-exec-3] DEBUG org.hibernate.SQL - select u1_0.emplyr_id,u1_0.area_no,u1_0.brthdy,u1_0.chg_pwd_cnt,u1_0.frst_register_id,u1_0.frst_regist_pnttm,u1_0.detail_adres,u1_0.email_adres,u1_0.emplyr_sttus_code,u1_0.empl_no,u1_0.esntl_id,u1_0.fxnum,u1_0.group_id,u1_0.house_adres,u1_0.house_end_telno,u1_0.house_middle_telno,u1_0.ihidnum,u1_0.pstinst_code,u1_0.last_updusr_id,u1_0.last_updt_pnttm,u1_0.lock_at,u1_0.lock_cnt,u1_0.lock_last_pnttm,u1_0.mbtlnum,u1_0.ofcps_nm,u1_0.offm_telno,u1_0.orgnzt_id,u1_0.password,u1_0.password_cnsr,u1_0.password_hint,u1_0.chg_pwd_last_pnttm,u1_0.role,u1_0.sbscrb_de,u1_0.sexdstn_code,u1_0.crtfc_dn_value,u1_0.user_nm,u1_0.zip from nemplyrinfo u1_0 where u1_0.emplyr_id=?
2026-03-16 17:10:48 [http-nio-8080-exec-15] DEBUG o.s.orm.jpa.JpaTransactionManager - Found thread-bound EntityManager [SessionImpl(1823975788<open>)] for JPA transaction
2026-03-16 17:10:48 [http-nio-8080-exec-13] DEBUG o.s.orm.jpa.JpaTransactionManager - Found thread-bound EntityManager [SessionImpl(1423273949<open>)] for JPA transaction
2026-03-16 17:10:48 [http-nio-8080-exec-10] DEBUG o.s.orm.jpa.JpaTransactionManager - Found thread-bound EntityManager [SessionImpl(1918429421<open>)] for JPA transaction
2026-03-16 17:10:48 [http-nio-8080-exec-15] DEBUG o.s.orm.jpa.JpaTransactionManager - Participating in existing transaction
2026-03-16 17:10:48 [http-nio-8080-exec-13] DEBUG o.s.orm.jpa.JpaTransactionManager - Participating in existing transaction
2026-03-16 17:10:48 [http-nio-8080-exec-10] DEBUG o.s.orm.jpa.JpaTransactionManager - Participating in existing transaction
2026-03-16 17:10:48 [http-nio-8080-exec-10] DEBUG org.hibernate.SQL - select ua1_0.scrty_dtrmn_trget_id,ua1_0.author_code,ua1_0.frst_register_id,ua1_0.frst_regist_pnttm,ua1_0.last_updusr_id,ua1_0.last_updt_pnttm,ua1_0.mber_ty_code from nemplyrscrtyestbs ua1_0 where ua1_0.scrty_dtrmn_trget_id=?
2026-03-16 17:10:48 [http-nio-8080-exec-13] DEBUG org.hibernate.SQL - select ua1_0.scrty_dtrmn_trget_id,ua1_0.author_code,ua1_0.frst_register_id,ua1_0.frst_regist_pnttm,ua1_0.last_updusr_id,ua1_0.last_updt_pnttm,ua1_0.mber_ty_code from nemplyrscrtyestbs ua1_0 where ua1_0.scrty_dtrmn_trget_id=?
2026-03-16 17:10:48 [http-nio-8080-exec-15] DEBUG org.hibernate.SQL - select ua1_0.scrty_dtrmn_trget_id,ua1_0.author_code,ua1_0.frst_register_id,ua1_0.frst_regist_pnttm,ua1_0.last_updusr_id,ua1_0.last_updt_pnttm,ua1_0.mber_ty_code from nemplyrscrtyestbs ua1_0 where ua1_0.scrty_dtrmn_trget_id=?
2026-03-16 17:10:48 [http-nio-8080-exec-17] DEBUG o.s.orm.jpa.JpaTransactionManager - Found thread-bound EntityManager [SessionImpl(1075951168<open>)] for JPA transaction
2026-03-16 17:10:48 [http-nio-8080-exec-17] DEBUG o.s.orm.jpa.JpaTransactionManager - Participating in existing transaction
2026-03-16 17:10:48 [http-nio-8080-exec-17] DEBUG org.hibernate.SQL - select ua1_0.scrty_dtrmn_trget_id,ua1_0.author_code,ua1_0.frst_register_id,ua1_0.frst_regist_pnttm,ua1_0.last_updusr_id,ua1_0.last_updt_pnttm,ua1_0.mber_ty_code from nemplyrscrtyestbs ua1_0 where ua1_0.scrty_dtrmn_trget_id=?
2026-03-16 17:10:48 [http-nio-8080-exec-3] DEBUG o.s.orm.jpa.JpaTransactionManager - Found thread-bound EntityManager [SessionImpl(1058098600<open>)] for JPA transaction
2026-03-16 17:10:48 [http-nio-8080-exec-3] DEBUG o.s.orm.jpa.JpaTransactionManager - Participating in existing transaction
2026-03-16 17:10:48 [http-nio-8080-exec-3] DEBUG org.hibernate.SQL - select ua1_0.scrty_dtrmn_trget_id,ua1_0.author_code,ua1_0.frst_register_id,ua1_0.frst_regist_pnttm,ua1_0.last_updusr_id,ua1_0.last_updt_pnttm,ua1_0.mber_ty_code from nemplyrscrtyestbs ua1_0 where ua1_0.scrty_dtrmn_trget_id=?
2026-03-16 17:10:48 [http-nio-8080-exec-13] DEBUG o.s.orm.jpa.JpaTransactionManager - Initiating transaction commit
2026-03-16 17:10:48 [http-nio-8080-exec-10] DEBUG o.s.orm.jpa.JpaTransactionManager - Initiating transaction commit
2026-03-16 17:10:48 [http-nio-8080-exec-15] DEBUG o.s.orm.jpa.JpaTransactionManager - Initiating transaction commit
2026-03-16 17:10:48 [http-nio-8080-exec-13] DEBUG o.s.orm.jpa.JpaTransactionManager - Committing JPA transaction on EntityManager [SessionImpl(1423273949<open>)]
2026-03-16 17:10:48 [http-nio-8080-exec-10] DEBUG o.s.orm.jpa.JpaTransactionManager - Committing JPA transaction on EntityManager [SessionImpl(1918429421<open>)]
2026-03-16 17:10:48 [http-nio-8080-exec-15] DEBUG o.s.orm.jpa.JpaTransactionManager - Committing JPA transaction on EntityManager [SessionImpl(1823975788<open>)]
2026-03-16 17:10:48 [http-nio-8080-exec-17] DEBUG o.s.orm.jpa.JpaTransactionManager - Initiating transaction commit
2026-03-16 17:10:48 [http-nio-8080-exec-17] DEBUG o.s.orm.jpa.JpaTransactionManager - Committing JPA transaction on EntityManager [SessionImpl(1075951168<open>)]
2026-03-16 17:10:48 [http-nio-8080-exec-3] DEBUG o.s.orm.jpa.JpaTransactionManager - Initiating transaction commit
2026-03-16 17:10:48 [http-nio-8080-exec-3] DEBUG o.s.orm.jpa.JpaTransactionManager - Committing JPA transaction on EntityManager [SessionImpl(1058098600<open>)]
2026-03-16 17:10:48 [http-nio-8080-exec-15] DEBUG o.s.orm.jpa.JpaTransactionManager - Closing JPA EntityManager [SessionImpl(1823975788<open>)] after transaction
2026-03-16 17:10:48 [http-nio-8080-exec-10] DEBUG o.s.orm.jpa.JpaTransactionManager - Closing JPA EntityManager [SessionImpl(1918429421<open>)] after transaction
2026-03-16 17:10:48 [http-nio-8080-exec-13] DEBUG o.s.orm.jpa.JpaTransactionManager - Closing JPA EntityManager [SessionImpl(1423273949<open>)] after transaction
2026-03-16 17:10:48 [http-nio-8080-exec-13] DEBUG c.c.p.s.jwt.JwtAuthenticationFilter - >>> [JwtFilter] Successfully authenticated user: USRCNFRM_99999999999, Authorities: [ROLE_ADMIN]
2026-03-16 17:10:48 [http-nio-8080-exec-15] DEBUG c.c.p.s.jwt.JwtAuthenticationFilter - >>> [JwtFilter] Successfully authenticated user: USRCNFRM_99999999999, Authorities: [ROLE_ADMIN]
2026-03-16 17:10:48 [http-nio-8080-exec-10] DEBUG c.c.p.s.jwt.JwtAuthenticationFilter - >>> [JwtFilter] Successfully authenticated user: USRCNFRM_99999999999, Authorities: [ROLE_ADMIN]
2026-03-16 17:10:48 [http-nio-8080-exec-13] DEBUG o.s.web.servlet.DispatcherServlet - GET "/api/v1/menu/left?menuNo=40", parameters={masked}
2026-03-16 17:10:48 [http-nio-8080-exec-10] DEBUG o.s.web.servlet.DispatcherServlet - GET "/api/v1/menu/left?menuNo=20", parameters={masked}
2026-03-16 17:10:48 [http-nio-8080-exec-15] DEBUG o.s.web.servlet.DispatcherServlet - GET "/api/v1/menu/left?menuNo=60", parameters={masked}
2026-03-16 17:10:48 [http-nio-8080-exec-13] TRACE o.s.w.s.m.m.a.RequestMappingHandlerMapping - Mapped to com.company.project.api.controller.menu.MenuController#getLeftMenu(Long)
2026-03-16 17:10:48 [http-nio-8080-exec-10] TRACE o.s.w.s.m.m.a.RequestMappingHandlerMapping - Mapped to com.company.project.api.controller.menu.MenuController#getLeftMenu(Long)
2026-03-16 17:10:48 [http-nio-8080-exec-15] TRACE o.s.w.s.m.m.a.RequestMappingHandlerMapping - Mapped to com.company.project.api.controller.menu.MenuController#getLeftMenu(Long)
2026-03-16 17:10:48 [http-nio-8080-exec-15] INFO  c.c.p.a.c.menu.MenuController - getLeftMenu called with menuNo=60
2026-03-16 17:10:48 [http-nio-8080-exec-13] INFO  c.c.p.a.c.menu.MenuController - getLeftMenu called with menuNo=40
2026-03-16 17:10:48 [http-nio-8080-exec-10] INFO  c.c.p.a.c.menu.MenuController - getLeftMenu called with menuNo=20
2026-03-16 17:10:48 [http-nio-8080-exec-15] DEBUG o.s.orm.jpa.JpaTransactionManager - Creating new transaction with name [com.company.project.service.menu.MenuService.getSubMenus]: PROPAGATION_REQUIRED,ISOLATION_DEFAULT,readOnly
2026-03-16 17:10:48 [http-nio-8080-exec-13] DEBUG o.s.orm.jpa.JpaTransactionManager - Creating new transaction with name [com.company.project.service.menu.MenuService.getSubMenus]: PROPAGATION_REQUIRED,ISOLATION_DEFAULT,readOnly
2026-03-16 17:10:48 [http-nio-8080-exec-10] DEBUG o.s.orm.jpa.JpaTransactionManager - Creating new transaction with name [com.company.project.service.menu.MenuService.getSubMenus]: PROPAGATION_REQUIRED,ISOLATION_DEFAULT,readOnly
2026-03-16 17:10:48 [http-nio-8080-exec-15] DEBUG o.s.orm.jpa.JpaTransactionManager - Opened new EntityManager [SessionImpl(1433094099<open>)] for JPA transaction
2026-03-16 17:10:48 [http-nio-8080-exec-13] DEBUG o.s.orm.jpa.JpaTransactionManager - Opened new EntityManager [SessionImpl(894608655<open>)] for JPA transaction
2026-03-16 17:10:48 [http-nio-8080-exec-10] DEBUG o.s.orm.jpa.JpaTransactionManager - Opened new EntityManager [SessionImpl(696959521<open>)] for JPA transaction
2026-03-16 17:10:48 [http-nio-8080-exec-15] DEBUG o.s.orm.jpa.JpaTransactionManager - Exposing JPA transaction as JDBC [org.springframework.orm.jpa.vendor.HibernateJpaDialect$HibernateConnectionHandle@2ad65501]
2026-03-16 17:10:48 [http-nio-8080-exec-13] DEBUG o.s.orm.jpa.JpaTransactionManager - Exposing JPA transaction as JDBC [org.springframework.orm.jpa.vendor.HibernateJpaDialect$HibernateConnectionHandle@1fc4054]
2026-03-16 17:10:48 [http-nio-8080-exec-10] DEBUG o.s.orm.jpa.JpaTransactionManager - Exposing JPA transaction as JDBC [org.springframework.orm.jpa.vendor.HibernateJpaDialect$HibernateConnectionHandle@539f7197]
2026-03-16 17:10:48 [http-nio-8080-exec-15] DEBUG org.hibernate.SQL - select m1_0.menu_no,m1_0.menu_dc,m1_0.menu_nm,m1_0.menu_ordr,m1_0.modern_route,m1_0.progrm_file_nm,m1_0.relate_image_nm,m1_0.relate_image_path,m1_0.route_updated_at,m1_0.upper_menu_no from nmenuinfo m1_0 order by m1_0.upper_menu_no,m1_0.menu_ordr
2026-03-16 17:10:48 [http-nio-8080-exec-10] DEBUG org.hibernate.SQL - select m1_0.menu_no,m1_0.menu_dc,m1_0.menu_nm,m1_0.menu_ordr,m1_0.modern_route,m1_0.progrm_file_nm,m1_0.relate_image_nm,m1_0.relate_image_path,m1_0.route_updated_at,m1_0.upper_menu_no from nmenuinfo m1_0 order by m1_0.upper_menu_no,m1_0.menu_ordr
2026-03-16 17:10:48 [http-nio-8080-exec-13] DEBUG org.hibernate.SQL - select m1_0.menu_no,m1_0.menu_dc,m1_0.menu_nm,m1_0.menu_ordr,m1_0.modern_route,m1_0.progrm_file_nm,m1_0.relate_image_nm,m1_0.relate_image_path,m1_0.route_updated_at,m1_0.upper_menu_no from nmenuinfo m1_0 order by m1_0.upper_menu_no,m1_0.menu_ordr
2026-03-16 17:10:48 [http-nio-8080-exec-17] DEBUG o.s.orm.jpa.JpaTransactionManager - Closing JPA EntityManager [SessionImpl(1075951168<open>)] after transaction
2026-03-16 17:10:48 [http-nio-8080-exec-17] DEBUG c.c.p.s.jwt.JwtAuthenticationFilter - >>> [JwtFilter] Successfully authenticated user: USRCNFRM_99999999999, Authorities: [ROLE_ADMIN]
2026-03-16 17:10:48 [http-nio-8080-exec-17] DEBUG o.s.web.servlet.DispatcherServlet - GET "/api/v1/menu/left?menuNo=10", parameters={masked}
2026-03-16 17:10:48 [http-nio-8080-exec-17] TRACE o.s.w.s.m.m.a.RequestMappingHandlerMapping - Mapped to com.company.project.api.controller.menu.MenuController#getLeftMenu(Long)
2026-03-16 17:10:48 [http-nio-8080-exec-17] INFO  c.c.p.a.c.menu.MenuController - getLeftMenu called with menuNo=10
2026-03-16 17:10:48 [http-nio-8080-exec-17] DEBUG o.s.orm.jpa.JpaTransactionManager - Creating new transaction with name [com.company.project.service.menu.MenuService.getSubMenus]: PROPAGATION_REQUIRED,ISOLATION_DEFAULT,readOnly
2026-03-16 17:10:48 [http-nio-8080-exec-17] DEBUG o.s.orm.jpa.JpaTransactionManager - Opened new EntityManager [SessionImpl(11116813<open>)] for JPA transaction
2026-03-16 17:10:48 [http-nio-8080-exec-17] DEBUG o.s.orm.jpa.JpaTransactionManager - Exposing JPA transaction as JDBC [org.springframework.orm.jpa.vendor.HibernateJpaDialect$HibernateConnectionHandle@10a5d49]
2026-03-16 17:10:48 [http-nio-8080-exec-17] DEBUG org.hibernate.SQL - select m1_0.menu_no,m1_0.menu_dc,m1_0.menu_nm,m1_0.menu_ordr,m1_0.modern_route,m1_0.progrm_file_nm,m1_0.relate_image_nm,m1_0.relate_image_path,m1_0.route_updated_at,m1_0.upper_menu_no from nmenuinfo m1_0 order by m1_0.upper_menu_no,m1_0.menu_ordr
2026-03-16 17:10:48 [http-nio-8080-exec-3] DEBUG o.s.orm.jpa.JpaTransactionManager - Closing JPA EntityManager [SessionImpl(1058098600<open>)] after transaction
2026-03-16 17:10:48 [http-nio-8080-exec-3] DEBUG c.c.p.s.jwt.JwtAuthenticationFilter - >>> [JwtFilter] Successfully authenticated user: USRCNFRM_99999999999, Authorities: [ROLE_ADMIN]
2026-03-16 17:10:48 [http-nio-8080-exec-3] DEBUG o.s.web.servlet.DispatcherServlet - GET "/api/v1/menu/left?menuNo=50", parameters={masked}
2026-03-16 17:10:48 [http-nio-8080-exec-3] TRACE o.s.w.s.m.m.a.RequestMappingHandlerMapping - Mapped to com.company.project.api.controller.menu.MenuController#getLeftMenu(Long)
2026-03-16 17:10:48 [http-nio-8080-exec-3] INFO  c.c.p.a.c.menu.MenuController - getLeftMenu called with menuNo=50
2026-03-16 17:10:48 [http-nio-8080-exec-3] DEBUG o.s.orm.jpa.JpaTransactionManager - Creating new transaction with name [com.company.project.service.menu.MenuService.getSubMenus]: PROPAGATION_REQUIRED,ISOLATION_DEFAULT,readOnly
2026-03-16 17:10:48 [http-nio-8080-exec-3] DEBUG o.s.orm.jpa.JpaTransactionManager - Opened new EntityManager [SessionImpl(4211647<open>)] for JPA transaction
2026-03-16 17:10:48 [http-nio-8080-exec-3] DEBUG o.s.orm.jpa.JpaTransactionManager - Exposing JPA transaction as JDBC [org.springframework.orm.jpa.vendor.HibernateJpaDialect$HibernateConnectionHandle@55675a]
2026-03-16 17:10:48 [http-nio-8080-exec-3] DEBUG org.hibernate.SQL - select m1_0.menu_no,m1_0.menu_dc,m1_0.menu_nm,m1_0.menu_ordr,m1_0.modern_route,m1_0.progrm_file_nm,m1_0.relate_image_nm,m1_0.relate_image_path,m1_0.route_updated_at,m1_0.upper_menu_no from nmenuinfo m1_0 order by m1_0.upper_menu_no,m1_0.menu_ordr
2026-03-16 17:10:49 [http-nio-8080-exec-15] DEBUG o.s.orm.jpa.JpaTransactionManager - Found thread-bound EntityManager [SessionImpl(1433094099<open>)] for JPA transaction
2026-03-16 17:10:49 [http-nio-8080-exec-15] DEBUG o.s.orm.jpa.JpaTransactionManager - Participating in existing transaction
2026-03-16 17:10:49 [http-nio-8080-exec-15] DEBUG org.hibernate.SQL - select p1_0.progrm_file_nm,p1_0.progrm_dc,p1_0.progrm_korean_nm,p1_0.progrm_stre_path,p1_0.url from nprogrmlist p1_0
2026-03-16 17:10:49 [http-nio-8080-exec-13] DEBUG o.s.orm.jpa.JpaTransactionManager - Found thread-bound EntityManager [SessionImpl(894608655<open>)] for JPA transaction
2026-03-16 17:10:49 [http-nio-8080-exec-10] DEBUG o.s.orm.jpa.JpaTransactionManager - Found thread-bound EntityManager [SessionImpl(696959521<open>)] for JPA transaction
2026-03-16 17:10:49 [http-nio-8080-exec-13] DEBUG o.s.orm.jpa.JpaTransactionManager - Participating in existing transaction
2026-03-16 17:10:49 [http-nio-8080-exec-10] DEBUG o.s.orm.jpa.JpaTransactionManager - Participating in existing transaction
2026-03-16 17:10:49 [http-nio-8080-exec-10] DEBUG org.hibernate.SQL - select p1_0.progrm_file_nm,p1_0.progrm_dc,p1_0.progrm_korean_nm,p1_0.progrm_stre_path,p1_0.url from nprogrmlist p1_0
2026-03-16 17:10:49 [http-nio-8080-exec-13] DEBUG org.hibernate.SQL - select p1_0.progrm_file_nm,p1_0.progrm_dc,p1_0.progrm_korean_nm,p1_0.progrm_stre_path,p1_0.url from nprogrmlist p1_0
2026-03-16 17:10:49 [http-nio-8080-exec-17] DEBUG o.s.orm.jpa.JpaTransactionManager - Found thread-bound EntityManager [SessionImpl(11116813<open>)] for JPA transaction
2026-03-16 17:10:49 [http-nio-8080-exec-17] DEBUG o.s.orm.jpa.JpaTransactionManager - Participating in existing transaction
2026-03-16 17:10:49 [http-nio-8080-exec-17] DEBUG org.hibernate.SQL - select p1_0.progrm_file_nm,p1_0.progrm_dc,p1_0.progrm_korean_nm,p1_0.progrm_stre_path,p1_0.url from nprogrmlist p1_0
2026-03-16 17:10:49 [http-nio-8080-exec-3] DEBUG o.s.orm.jpa.JpaTransactionManager - Found thread-bound EntityManager [SessionImpl(4211647<open>)] for JPA transaction
2026-03-16 17:10:49 [http-nio-8080-exec-3] DEBUG o.s.orm.jpa.JpaTransactionManager - Participating in existing transaction
2026-03-16 17:10:49 [http-nio-8080-exec-3] DEBUG org.hibernate.SQL - select p1_0.progrm_file_nm,p1_0.progrm_dc,p1_0.progrm_korean_nm,p1_0.progrm_stre_path,p1_0.url from nprogrmlist p1_0
2026-03-16 17:10:49 [http-nio-8080-exec-15] DEBUG o.s.orm.jpa.JpaTransactionManager - Initiating transaction commit
2026-03-16 17:10:49 [http-nio-8080-exec-15] DEBUG o.s.orm.jpa.JpaTransactionManager - Committing JPA transaction on EntityManager [SessionImpl(1433094099<open>)]
2026-03-16 17:10:49 [http-nio-8080-exec-13] DEBUG o.s.orm.jpa.JpaTransactionManager - Initiating transaction commit
2026-03-16 17:10:49 [http-nio-8080-exec-10] DEBUG o.s.orm.jpa.JpaTransactionManager - Initiating transaction commit
2026-03-16 17:10:49 [http-nio-8080-exec-13] DEBUG o.s.orm.jpa.JpaTransactionManager - Committing JPA transaction on EntityManager [SessionImpl(894608655<open>)]
2026-03-16 17:10:49 [http-nio-8080-exec-10] DEBUG o.s.orm.jpa.JpaTransactionManager - Committing JPA transaction on EntityManager [SessionImpl(696959521<open>)]
2026-03-16 17:10:49 [http-nio-8080-exec-17] DEBUG o.s.orm.jpa.JpaTransactionManager - Initiating transaction commit
2026-03-16 17:10:49 [http-nio-8080-exec-17] DEBUG o.s.orm.jpa.JpaTransactionManager - Committing JPA transaction on EntityManager [SessionImpl(11116813<open>)]
2026-03-16 17:10:49 [http-nio-8080-exec-3] DEBUG o.s.orm.jpa.JpaTransactionManager - Initiating transaction commit
2026-03-16 17:10:49 [http-nio-8080-exec-3] DEBUG o.s.orm.jpa.JpaTransactionManager - Committing JPA transaction on EntityManager [SessionImpl(4211647<open>)]
2026-03-16 17:10:49 [http-nio-8080-exec-13] DEBUG o.s.orm.jpa.JpaTransactionManager - Closing JPA EntityManager [SessionImpl(894608655<open>)] after transaction
2026-03-16 17:10:49 [http-nio-8080-exec-10] DEBUG o.s.orm.jpa.JpaTransactionManager - Closing JPA EntityManager [SessionImpl(696959521<open>)] after transaction
2026-03-16 17:10:49 [http-nio-8080-exec-15] DEBUG o.s.orm.jpa.JpaTransactionManager - Closing JPA EntityManager [SessionImpl(1433094099<open>)] after transaction
2026-03-16 17:10:49 [http-nio-8080-exec-13] INFO  c.c.p.a.c.menu.MenuController - getLeftMenu returned 2 items
2026-03-16 17:10:49 [http-nio-8080-exec-10] INFO  c.c.p.a.c.menu.MenuController - getLeftMenu returned 3 items
2026-03-16 17:10:49 [http-nio-8080-exec-15] INFO  c.c.p.a.c.menu.MenuController - getLeftMenu returned 1 items
2026-03-16 17:10:49 [http-nio-8080-exec-13] DEBUG o.s.w.s.m.m.a.HttpEntityMethodProcessor - Using 'application/json', given [application/json, text/plain, */*] and supported [application/json, application/*+json, application/yaml]
2026-03-16 17:10:49 [http-nio-8080-exec-10] DEBUG o.s.w.s.m.m.a.HttpEntityMethodProcessor - Using 'application/json', given [application/json, text/plain, */*] and supported [application/json, application/*+json, application/yaml]
2026-03-16 17:10:49 [http-nio-8080-exec-15] DEBUG o.s.w.s.m.m.a.HttpEntityMethodProcessor - Using 'application/json', given [application/json, text/plain, */*] and supported [application/json, application/*+json, application/yaml]
2026-03-16 17:10:49 [http-nio-8080-exec-13] TRACE o.s.w.s.m.m.a.HttpEntityMethodProcessor - Writing [ApiResponse[success=true, status=200, code=COMMON_001, message=Success, data={list=[com.company.project.service.menu.dto.MenuDto@1c593412, com.company.project.service.menu.dto.MenuDto@5fe5af36]}, timestamp=2026-03-16T17:10:49.430023]]
2026-03-16 17:10:49 [http-nio-8080-exec-10] TRACE o.s.w.s.m.m.a.HttpEntityMethodProcessor - Writing [ApiResponse[success=true, status=200, code=COMMON_001, message=Success, data={list=[com.company.project.service.menu.dto.MenuDto@374a6ad5, com.company.project.service.menu.dto.MenuDto@69998fec, com.company.project.service.menu.dto.MenuDto@552ed998]}, timestamp=2026-03-16T17:10:49.430023]]
2026-03-16 17:10:49 [http-nio-8080-exec-15] TRACE o.s.w.s.m.m.a.HttpEntityMethodProcessor - Writing [ApiResponse[success=true, status=200, code=COMMON_001, message=Success, data={list=[com.company.project.service.menu.dto.MenuDto@7fc47931]}, timestamp=2026-03-16T17:10:49.430023]]
2026-03-16 17:10:49 [http-nio-8080-exec-13] INFO  c.c.p.a.i.OperationalAuditInterceptor - API Audit Log: URL=/api/v1/menu/left, User=webmaster, IP=0:0:0:0:0:0:0:1
2026-03-16 17:10:49 [http-nio-8080-exec-10] INFO  c.c.p.a.i.OperationalAuditInterceptor - API Audit Log: URL=/api/v1/menu/left, User=webmaster, IP=0:0:0:0:0:0:0:1
2026-03-16 17:10:49 [http-nio-8080-exec-13] DEBUG o.s.web.servlet.DispatcherServlet - Completed 200 OK
2026-03-16 17:10:49 [http-nio-8080-exec-15] INFO  c.c.p.a.i.OperationalAuditInterceptor - API Audit Log: URL=/api/v1/menu/left, User=webmaster, IP=0:0:0:0:0:0:0:1
2026-03-16 17:10:49 [http-nio-8080-exec-10] DEBUG o.s.web.servlet.DispatcherServlet - Completed 200 OK
2026-03-16 17:10:49 [http-nio-8080-exec-15] DEBUG o.s.web.servlet.DispatcherServlet - Completed 200 OK
2026-03-16 17:10:49 [http-nio-8080-exec-17] DEBUG o.s.orm.jpa.JpaTransactionManager - Closing JPA EntityManager [SessionImpl(11116813<open>)] after transaction
2026-03-16 17:10:49 [http-nio-8080-exec-17] INFO  c.c.p.a.c.menu.MenuController - getLeftMenu returned 5 items
2026-03-16 17:10:49 [http-nio-8080-exec-17] DEBUG o.s.w.s.m.m.a.HttpEntityMethodProcessor - Using 'application/json', given [application/json, text/plain, */*] and supported [application/json, application/*+json, application/yaml]
2026-03-16 17:10:49 [http-nio-8080-exec-17] TRACE o.s.w.s.m.m.a.HttpEntityMethodProcessor - Writing [ApiResponse[success=true, status=200, code=COMMON_001, message=Success, data={list=[com.company.project.service.menu.dto.MenuDto@120eb286, com.company.project.service.menu.dto.MenuDto@2d59aa20, com.company.project.service.menu.dto.MenuDto@7542bfbb, com.company.project.service.menu.dto.MenuDto@4433c6ac, com.company.project.service.menu.dto.MenuDto@234ec62e]}, timestamp=2026-03-16T17:10:49.440901300]]
2026-03-16 17:10:49 [http-nio-8080-exec-17] INFO  c.c.p.a.i.OperationalAuditInterceptor - API Audit Log: URL=/api/v1/menu/left, User=webmaster, IP=0:0:0:0:0:0:0:1
2026-03-16 17:10:49 [http-nio-8080-exec-17] DEBUG o.s.web.servlet.DispatcherServlet - Completed 200 OK
2026-03-16 17:10:49 [http-nio-8080-exec-3] DEBUG o.s.orm.jpa.JpaTransactionManager - Closing JPA EntityManager [SessionImpl(4211647<open>)] after transaction
2026-03-16 17:10:49 [http-nio-8080-exec-3] INFO  c.c.p.a.c.menu.MenuController - getLeftMenu returned 3 items
2026-03-16 17:10:49 [http-nio-8080-exec-3] DEBUG o.s.w.s.m.m.a.HttpEntityMethodProcessor - Using 'application/json', given [application/json, text/plain, */*] and supported [application/json, application/*+json, application/yaml]
2026-03-16 17:10:49 [http-nio-8080-exec-3] TRACE o.s.w.s.m.m.a.HttpEntityMethodProcessor - Writing [ApiResponse[success=true, status=200, code=COMMON_001, message=Success, data={list=[com.company.project.service.menu.dto.MenuDto@aa44a9d, com.company.project.service.menu.dto.MenuDto@7d08e72d, com.company.project.service.menu.dto.MenuDto@2680a6da]}, timestamp=2026-03-16T17:10:49.456737400]]
2026-03-16 17:10:49 [http-nio-8080-exec-3] INFO  c.c.p.a.i.OperationalAuditInterceptor - API Audit Log: URL=/api/v1/menu/left, User=webmaster, IP=0:0:0:0:0:0:0:1
2026-03-16 17:10:49 [http-nio-8080-exec-3] DEBUG o.s.web.servlet.DispatcherServlet - Completed 200 OK
2026-03-16 17:10:49 [http-nio-8080-exec-19] DEBUG o.s.w.s.h.LoggingWebSocketHandlerDecorator - WebSocketServerSockJsSession[id=2levf0tj] closed with CloseStatus[code=1001, reason=null]
2026-03-16 17:10:49 [http-nio-8080-exec-19] DEBUG o.s.w.s.m.SubProtocolWebSocketHandler - Clearing session 2levf0tj
2026-03-16 17:10:49 [scheduling-1] DEBUG org.springframework.web.SimpLogging - Processing DISCONNECT session=2levf0tj
2026-03-16 17:10:49 [scheduling-1] DEBUG o.s.w.s.m.SubProtocolWebSocketHandler - No session for GenericMessage [payload=byte[0], headers={simpMessageType=DISCONNECT_ACK, simpDisconnectMessage=GenericMessage [payload=byte[0], headers={simpMessageType=DISCONNECT, stompCommand=DISCONNECT, simpSessionAttributes={org.springframework.messaging.simp.SimpAttributes.COMPLETED=true}, simpSessionId=2levf0tj}], simpSessionId=2levf0tj}]
2026-03-16 17:10:50 [http-nio-8080-exec-12] DEBUG c.c.p.s.jwt.JwtAuthenticationFilter - >>> [JwtFilter] Processing request: GET /api/v1/menu/head
2026-03-16 17:10:50 [http-nio-8080-exec-12] DEBUG c.c.p.s.jwt.JwtAuthenticationFilter - >>> [JwtFilter] Found token in header for path: /api/v1/menu/head
2026-03-16 17:10:50 [http-nio-8080-exec-9] DEBUG c.c.p.s.jwt.JwtAuthenticationFilter - >>> [JwtFilter] Processing request: GET /api/v1/auth/me
2026-03-16 17:10:50 [http-nio-8080-exec-9] DEBUG c.c.p.s.jwt.JwtAuthenticationFilter - >>> [JwtFilter] Found token in header for path: /api/v1/auth/me
2026-03-16 17:10:50 [http-nio-8080-exec-8] DEBUG c.c.p.s.jwt.JwtAuthenticationFilter - >>> [JwtFilter] Processing request: GET /api/v1/menu/left
2026-03-16 17:10:50 [http-nio-8080-exec-9] DEBUG o.s.orm.jpa.JpaTransactionManager - Creating new transaction with name [com.company.project.security.iam.CustomUserDetailsService.loadUserByUsername]: PROPAGATION_REQUIRED,ISOLATION_DEFAULT,readOnly
2026-03-16 17:10:50 [http-nio-8080-exec-12] DEBUG o.s.orm.jpa.JpaTransactionManager - Creating new transaction with name [com.company.project.security.iam.CustomUserDetailsService.loadUserByUsername]: PROPAGATION_REQUIRED,ISOLATION_DEFAULT,readOnly
2026-03-16 17:10:50 [http-nio-8080-exec-8] DEBUG c.c.p.s.jwt.JwtAuthenticationFilter - >>> [JwtFilter] Found token in header for path: /api/v1/menu/left
2026-03-16 17:10:50 [http-nio-8080-exec-12] DEBUG o.s.orm.jpa.JpaTransactionManager - Opened new EntityManager [SessionImpl(976408250<open>)] for JPA transaction
2026-03-16 17:10:50 [http-nio-8080-exec-9] DEBUG o.s.orm.jpa.JpaTransactionManager - Opened new EntityManager [SessionImpl(1105709523<open>)] for JPA transaction
2026-03-16 17:10:50 [http-nio-8080-exec-8] DEBUG o.s.orm.jpa.JpaTransactionManager - Creating new transaction with name [com.company.project.security.iam.CustomUserDetailsService.loadUserByUsername]: PROPAGATION_REQUIRED,ISOLATION_DEFAULT,readOnly
2026-03-16 17:10:50 [http-nio-8080-exec-8] DEBUG o.s.orm.jpa.JpaTransactionManager - Opened new EntityManager [SessionImpl(2024555701<open>)] for JPA transaction
2026-03-16 17:10:50 [http-nio-8080-exec-9] DEBUG o.s.orm.jpa.JpaTransactionManager - Exposing JPA transaction as JDBC [org.springframework.orm.jpa.vendor.HibernateJpaDialect$HibernateConnectionHandle@5a55ed83]
2026-03-16 17:10:50 [http-nio-8080-exec-8] DEBUG o.s.orm.jpa.JpaTransactionManager - Exposing JPA transaction as JDBC [org.springframework.orm.jpa.vendor.HibernateJpaDialect$HibernateConnectionHandle@552c81d0]
2026-03-16 17:10:50 [http-nio-8080-exec-12] DEBUG o.s.orm.jpa.JpaTransactionManager - Exposing JPA transaction as JDBC [org.springframework.orm.jpa.vendor.HibernateJpaDialect$HibernateConnectionHandle@457fa77e]
2026-03-16 17:10:50 [http-nio-8080-exec-9] DEBUG o.s.orm.jpa.JpaTransactionManager - Found thread-bound EntityManager [SessionImpl(1105709523<open>)] for JPA transaction
2026-03-16 17:10:50 [http-nio-8080-exec-8] DEBUG o.s.orm.jpa.JpaTransactionManager - Found thread-bound EntityManager [SessionImpl(2024555701<open>)] for JPA transaction
2026-03-16 17:10:50 [http-nio-8080-exec-9] DEBUG o.s.orm.jpa.JpaTransactionManager - Participating in existing transaction
2026-03-16 17:10:50 [http-nio-8080-exec-12] DEBUG o.s.orm.jpa.JpaTransactionManager - Found thread-bound EntityManager [SessionImpl(976408250<open>)] for JPA transaction
2026-03-16 17:10:50 [http-nio-8080-exec-8] DEBUG o.s.orm.jpa.JpaTransactionManager - Participating in existing transaction
2026-03-16 17:10:50 [http-nio-8080-exec-12] DEBUG o.s.orm.jpa.JpaTransactionManager - Participating in existing transaction
2026-03-16 17:10:50 [http-nio-8080-exec-12] DEBUG org.hibernate.SQL - select u1_0.emplyr_id,u1_0.area_no,u1_0.brthdy,u1_0.chg_pwd_cnt,u1_0.frst_register_id,u1_0.frst_regist_pnttm,u1_0.detail_adres,u1_0.email_adres,u1_0.emplyr_sttus_code,u1_0.empl_no,u1_0.esntl_id,u1_0.fxnum,u1_0.group_id,u1_0.house_adres,u1_0.house_end_telno,u1_0.house_middle_telno,u1_0.ihidnum,u1_0.pstinst_code,u1_0.last_updusr_id,u1_0.last_updt_pnttm,u1_0.lock_at,u1_0.lock_cnt,u1_0.lock_last_pnttm,u1_0.mbtlnum,u1_0.ofcps_nm,u1_0.offm_telno,u1_0.orgnzt_id,u1_0.password,u1_0.password_cnsr,u1_0.password_hint,u1_0.chg_pwd_last_pnttm,u1_0.role,u1_0.sbscrb_de,u1_0.sexdstn_code,u1_0.crtfc_dn_value,u1_0.user_nm,u1_0.zip from nemplyrinfo u1_0 where u1_0.emplyr_id=?
2026-03-16 17:10:50 [http-nio-8080-exec-9] DEBUG org.hibernate.SQL - select u1_0.emplyr_id,u1_0.area_no,u1_0.brthdy,u1_0.chg_pwd_cnt,u1_0.frst_register_id,u1_0.frst_regist_pnttm,u1_0.detail_adres,u1_0.email_adres,u1_0.emplyr_sttus_code,u1_0.empl_no,u1_0.esntl_id,u1_0.fxnum,u1_0.group_id,u1_0.house_adres,u1_0.house_end_telno,u1_0.house_middle_telno,u1_0.ihidnum,u1_0.pstinst_code,u1_0.last_updusr_id,u1_0.last_updt_pnttm,u1_0.lock_at,u1_0.lock_cnt,u1_0.lock_last_pnttm,u1_0.mbtlnum,u1_0.ofcps_nm,u1_0.offm_telno,u1_0.orgnzt_id,u1_0.password,u1_0.password_cnsr,u1_0.password_hint,u1_0.chg_pwd_last_pnttm,u1_0.role,u1_0.sbscrb_de,u1_0.sexdstn_code,u1_0.crtfc_dn_value,u1_0.user_nm,u1_0.zip from nemplyrinfo u1_0 where u1_0.emplyr_id=?
2026-03-16 17:10:50 [http-nio-8080-exec-8] DEBUG org.hibernate.SQL - select u1_0.emplyr_id,u1_0.area_no,u1_0.brthdy,u1_0.chg_pwd_cnt,u1_0.frst_register_id,u1_0.frst_regist_pnttm,u1_0.detail_adres,u1_0.email_adres,u1_0.emplyr_sttus_code,u1_0.empl_no,u1_0.esntl_id,u1_0.fxnum,u1_0.group_id,u1_0.house_adres,u1_0.house_end_telno,u1_0.house_middle_telno,u1_0.ihidnum,u1_0.pstinst_code,u1_0.last_updusr_id,u1_0.last_updt_pnttm,u1_0.lock_at,u1_0.lock_cnt,u1_0.lock_last_pnttm,u1_0.mbtlnum,u1_0.ofcps_nm,u1_0.offm_telno,u1_0.orgnzt_id,u1_0.password,u1_0.password_cnsr,u1_0.password_hint,u1_0.chg_pwd_last_pnttm,u1_0.role,u1_0.sbscrb_de,u1_0.sexdstn_code,u1_0.crtfc_dn_value,u1_0.user_nm,u1_0.zip from nemplyrinfo u1_0 where u1_0.emplyr_id=?
2026-03-16 17:10:50 [http-nio-8080-exec-8] DEBUG o.s.orm.jpa.JpaTransactionManager - Found thread-bound EntityManager [SessionImpl(2024555701<open>)] for JPA transaction
2026-03-16 17:10:50 [http-nio-8080-exec-12] DEBUG o.s.orm.jpa.JpaTransactionManager - Found thread-bound EntityManager [SessionImpl(976408250<open>)] for JPA transaction
2026-03-16 17:10:50 [http-nio-8080-exec-8] DEBUG o.s.orm.jpa.JpaTransactionManager - Participating in existing transaction
2026-03-16 17:10:50 [http-nio-8080-exec-12] DEBUG o.s.orm.jpa.JpaTransactionManager - Participating in existing transaction
2026-03-16 17:10:50 [http-nio-8080-exec-12] DEBUG org.hibernate.SQL - select ua1_0.scrty_dtrmn_trget_id,ua1_0.author_code,ua1_0.frst_register_id,ua1_0.frst_regist_pnttm,ua1_0.last_updusr_id,ua1_0.last_updt_pnttm,ua1_0.mber_ty_code from nemplyrscrtyestbs ua1_0 where ua1_0.scrty_dtrmn_trget_id=?
2026-03-16 17:10:50 [http-nio-8080-exec-8] DEBUG org.hibernate.SQL - select ua1_0.scrty_dtrmn_trget_id,ua1_0.author_code,ua1_0.frst_register_id,ua1_0.frst_regist_pnttm,ua1_0.last_updusr_id,ua1_0.last_updt_pnttm,ua1_0.mber_ty_code from nemplyrscrtyestbs ua1_0 where ua1_0.scrty_dtrmn_trget_id=?
2026-03-16 17:10:50 [http-nio-8080-exec-9] DEBUG o.s.orm.jpa.JpaTransactionManager - Found thread-bound EntityManager [SessionImpl(1105709523<open>)] for JPA transaction
2026-03-16 17:10:50 [http-nio-8080-exec-9] DEBUG o.s.orm.jpa.JpaTransactionManager - Participating in existing transaction
2026-03-16 17:10:50 [http-nio-8080-exec-9] DEBUG org.hibernate.SQL - select ua1_0.scrty_dtrmn_trget_id,ua1_0.author_code,ua1_0.frst_register_id,ua1_0.frst_regist_pnttm,ua1_0.last_updusr_id,ua1_0.last_updt_pnttm,ua1_0.mber_ty_code from nemplyrscrtyestbs ua1_0 where ua1_0.scrty_dtrmn_trget_id=?
2026-03-16 17:10:50 [http-nio-8080-exec-8] DEBUG o.s.orm.jpa.JpaTransactionManager - Initiating transaction commit
2026-03-16 17:10:50 [http-nio-8080-exec-12] DEBUG o.s.orm.jpa.JpaTransactionManager - Initiating transaction commit
2026-03-16 17:10:50 [http-nio-8080-exec-8] DEBUG o.s.orm.jpa.JpaTransactionManager - Committing JPA transaction on EntityManager [SessionImpl(2024555701<open>)]
2026-03-16 17:10:50 [http-nio-8080-exec-12] DEBUG o.s.orm.jpa.JpaTransactionManager - Committing JPA transaction on EntityManager [SessionImpl(976408250<open>)]
2026-03-16 17:10:50 [http-nio-8080-exec-9] DEBUG o.s.orm.jpa.JpaTransactionManager - Initiating transaction commit
2026-03-16 17:10:50 [http-nio-8080-exec-9] DEBUG o.s.orm.jpa.JpaTransactionManager - Committing JPA transaction on EntityManager [SessionImpl(1105709523<open>)]
2026-03-16 17:10:51 [http-nio-8080-exec-8] DEBUG o.s.orm.jpa.JpaTransactionManager - Closing JPA EntityManager [SessionImpl(2024555701<open>)] after transaction
2026-03-16 17:10:51 [http-nio-8080-exec-12] DEBUG o.s.orm.jpa.JpaTransactionManager - Closing JPA EntityManager [SessionImpl(976408250<open>)] after transaction
2026-03-16 17:10:51 [http-nio-8080-exec-12] DEBUG c.c.p.s.jwt.JwtAuthenticationFilter - >>> [JwtFilter] Successfully authenticated user: USRCNFRM_99999999999, Authorities: [ROLE_ADMIN]
2026-03-16 17:10:51 [http-nio-8080-exec-8] DEBUG c.c.p.s.jwt.JwtAuthenticationFilter - >>> [JwtFilter] Successfully authenticated user: USRCNFRM_99999999999, Authorities: [ROLE_ADMIN]
2026-03-16 17:10:51 [http-nio-8080-exec-12] DEBUG o.s.web.servlet.DispatcherServlet - GET "/api/v1/menu/head", parameters={}
2026-03-16 17:10:51 [http-nio-8080-exec-8] DEBUG o.s.web.servlet.DispatcherServlet - GET "/api/v1/menu/left?menuNo=10", parameters={masked}
2026-03-16 17:10:51 [http-nio-8080-exec-12] TRACE o.s.w.s.m.m.a.RequestMappingHandlerMapping - Mapped to com.company.project.api.controller.menu.MenuController#getHeadMenu()
2026-03-16 17:10:51 [http-nio-8080-exec-8] TRACE o.s.w.s.m.m.a.RequestMappingHandlerMapping - Mapped to com.company.project.api.controller.menu.MenuController#getLeftMenu(Long)
2026-03-16 17:10:51 [http-nio-8080-exec-12] INFO  c.c.p.a.c.menu.MenuController - getHeadMenu called
2026-03-16 17:10:51 [http-nio-8080-exec-8] INFO  c.c.p.a.c.menu.MenuController - getLeftMenu called with menuNo=10
2026-03-16 17:10:51 [http-nio-8080-exec-8] DEBUG o.s.orm.jpa.JpaTransactionManager - Creating new transaction with name [com.company.project.service.menu.MenuService.getSubMenus]: PROPAGATION_REQUIRED,ISOLATION_DEFAULT,readOnly
2026-03-16 17:10:51 [http-nio-8080-exec-8] DEBUG o.s.orm.jpa.JpaTransactionManager - Opened new EntityManager [SessionImpl(741633929<open>)] for JPA transaction
2026-03-16 17:10:51 [http-nio-8080-exec-8] DEBUG o.s.orm.jpa.JpaTransactionManager - Exposing JPA transaction as JDBC [org.springframework.orm.jpa.vendor.HibernateJpaDialect$HibernateConnectionHandle@3ac7a88a]
2026-03-16 17:10:51 [http-nio-8080-exec-12] INFO  c.c.p.a.c.menu.MenuController - getHeadMenu returned 5 items
2026-03-16 17:10:51 [http-nio-8080-exec-12] DEBUG o.s.w.s.m.m.a.HttpEntityMethodProcessor - Using 'application/json', given [application/json, text/plain, */*] and supported [application/json, application/*+json, application/yaml]
2026-03-16 17:10:51 [http-nio-8080-exec-12] TRACE o.s.w.s.m.m.a.HttpEntityMethodProcessor - Writing [ApiResponse[success=true, status=200, code=COMMON_001, message=Success, data={list=[com.company.project.service.menu.dto.MenuDto@2b80d6b0, com.company.project.service.menu.dto.MenuDto@1418cfa3, com.company.project.service.menu.dto.MenuDto@f230bf1, com.company.project.service.menu.dto.MenuDto@734a7f6a, com.company.project.service.menu.dto.MenuDto@5e5202e5]}, timestamp=2026-03-16T17:10:51.014877100]]
2026-03-16 17:10:51 [http-nio-8080-exec-8] DEBUG org.hibernate.SQL - select m1_0.menu_no,m1_0.menu_dc,m1_0.menu_nm,m1_0.menu_ordr,m1_0.modern_route,m1_0.progrm_file_nm,m1_0.relate_image_nm,m1_0.relate_image_path,m1_0.route_updated_at,m1_0.upper_menu_no from nmenuinfo m1_0 order by m1_0.upper_menu_no,m1_0.menu_ordr
2026-03-16 17:10:51 [http-nio-8080-exec-12] INFO  c.c.p.a.i.OperationalAuditInterceptor - API Audit Log: URL=/api/v1/menu/head, User=webmaster, IP=127.0.0.1
2026-03-16 17:10:51 [http-nio-8080-exec-12] DEBUG o.s.web.servlet.DispatcherServlet - Completed 200 OK
2026-03-16 17:10:51 [http-nio-8080-exec-9] DEBUG o.s.orm.jpa.JpaTransactionManager - Closing JPA EntityManager [SessionImpl(1105709523<open>)] after transaction
2026-03-16 17:10:51 [http-nio-8080-exec-9] DEBUG c.c.p.s.jwt.JwtAuthenticationFilter - >>> [JwtFilter] Successfully authenticated user: USRCNFRM_99999999999, Authorities: [ROLE_ADMIN]
2026-03-16 17:10:51 [http-nio-8080-exec-9] DEBUG o.s.web.servlet.DispatcherServlet - GET "/api/v1/auth/me", parameters={}
2026-03-16 17:10:51 [http-nio-8080-exec-9] TRACE o.s.w.s.m.m.a.RequestMappingHandlerMapping - Mapped to com.company.project.api.auth.AuthController#getCurrentUser()
2026-03-16 17:10:51 [http-nio-8080-exec-9] DEBUG o.s.w.s.m.m.a.RequestResponseBodyMethodProcessor - Using 'application/json', given [application/json, text/plain, */*] and supported [application/json, application/*+json, application/yaml]
2026-03-16 17:10:51 [http-nio-8080-exec-9] TRACE o.s.w.s.m.m.a.RequestResponseBodyMethodProcessor - Writing [ApiResponse[success=true, status=200, code=COMMON_001, message=Success, data={role=ROLE_ADMIN, userSe=EMP, name=관리자, id=webmaster}, timestamp=2026-03-16T17:10:51.050060900]]
2026-03-16 17:10:51 [http-nio-8080-exec-9] INFO  c.c.p.a.i.OperationalAuditInterceptor - API Audit Log: URL=/api/v1/auth/me, User=webmaster, IP=127.0.0.1
2026-03-16 17:10:51 [http-nio-8080-exec-9] DEBUG o.s.web.servlet.DispatcherServlet - Completed 200 OK
2026-03-16 17:10:51 [http-nio-8080-exec-10] DEBUG c.c.p.s.jwt.JwtAuthenticationFilter - >>> [JwtFilter] Processing request: GET /api/v1/notifications
2026-03-16 17:10:51 [http-nio-8080-exec-10] DEBUG c.c.p.s.jwt.JwtAuthenticationFilter - >>> [JwtFilter] Found token in header for path: /api/v1/notifications
2026-03-16 17:10:51 [http-nio-8080-exec-2] DEBUG o.s.web.servlet.DispatcherServlet - GET "/ws/info?t=1773648651141", parameters={masked}
2026-03-16 17:10:51 [http-nio-8080-exec-10] DEBUG o.s.orm.jpa.JpaTransactionManager - Creating new transaction with name [com.company.project.security.iam.CustomUserDetailsService.loadUserByUsername]: PROPAGATION_REQUIRED,ISOLATION_DEFAULT,readOnly
2026-03-16 17:10:51 [http-nio-8080-exec-10] DEBUG o.s.orm.jpa.JpaTransactionManager - Opened new EntityManager [SessionImpl(2464521<open>)] for JPA transaction
2026-03-16 17:10:51 [http-nio-8080-exec-2] DEBUG o.s.w.s.s.s.WebSocketHandlerMapping - Mapped to org.springframework.web.socket.sockjs.support.SockJsHttpRequestHandler@3d80b7ba
2026-03-16 17:10:51 [http-nio-8080-exec-2] DEBUG o.s.w.s.s.t.h.DefaultSockJsService - Processing transport request: GET http://localhost:8080/ws/info?t=1773648651141
2026-03-16 17:10:51 [http-nio-8080-exec-2] DEBUG o.s.web.servlet.DispatcherServlet - Completed 200 OK
2026-03-16 17:10:51 [http-nio-8080-exec-13] DEBUG c.c.p.s.jwt.JwtAuthenticationFilter - >>> [JwtFilter] Processing request: GET /api/v1/notifications/unread-count
2026-03-16 17:10:51 [http-nio-8080-exec-13] DEBUG c.c.p.s.jwt.JwtAuthenticationFilter - >>> [JwtFilter] Found token in header for path: /api/v1/notifications/unread-count
2026-03-16 17:10:51 [http-nio-8080-exec-13] DEBUG o.s.orm.jpa.JpaTransactionManager - Creating new transaction with name [com.company.project.security.iam.CustomUserDetailsService.loadUserByUsername]: PROPAGATION_REQUIRED,ISOLATION_DEFAULT,readOnly
2026-03-16 17:10:51 [http-nio-8080-exec-13] DEBUG o.s.orm.jpa.JpaTransactionManager - Opened new EntityManager [SessionImpl(179285266<open>)] for JPA transaction
2026-03-16 17:10:51 [http-nio-8080-exec-15] DEBUG o.s.web.servlet.DispatcherServlet - GET "/ws/681/xes2q40o/websocket", parameters={}
2026-03-16 17:10:51 [http-nio-8080-exec-15] DEBUG o.s.w.s.s.s.WebSocketHandlerMapping - Mapped to org.springframework.web.socket.sockjs.support.SockJsHttpRequestHandler@3d80b7ba
2026-03-16 17:10:51 [http-nio-8080-exec-15] DEBUG o.s.w.s.s.t.h.DefaultSockJsService - Processing transport request: GET http://localhost:8080/ws/681/xes2q40o/websocket
2026-03-16 17:10:51 [http-nio-8080-exec-15] DEBUG o.s.web.servlet.DispatcherServlet - Completed 101 SWITCHING_PROTOCOLS
2026-03-16 17:10:51 [http-nio-8080-exec-15] DEBUG o.s.w.s.h.LoggingWebSocketHandlerDecorator - New WebSocketServerSockJsSession[id=xes2q40o]
2026-03-16 17:10:51 [http-nio-8080-exec-10] DEBUG o.s.orm.jpa.JpaTransactionManager - Exposing JPA transaction as JDBC [org.springframework.orm.jpa.vendor.HibernateJpaDialect$HibernateConnectionHandle@64dd551a]
2026-03-16 17:10:51 [http-nio-8080-exec-10] DEBUG o.s.orm.jpa.JpaTransactionManager - Found thread-bound EntityManager [SessionImpl(2464521<open>)] for JPA transaction
2026-03-16 17:10:51 [http-nio-8080-exec-10] DEBUG o.s.orm.jpa.JpaTransactionManager - Participating in existing transaction
2026-03-16 17:10:51 [http-nio-8080-exec-10] DEBUG org.hibernate.SQL - select u1_0.emplyr_id,u1_0.area_no,u1_0.brthdy,u1_0.chg_pwd_cnt,u1_0.frst_register_id,u1_0.frst_regist_pnttm,u1_0.detail_adres,u1_0.email_adres,u1_0.emplyr_sttus_code,u1_0.empl_no,u1_0.esntl_id,u1_0.fxnum,u1_0.group_id,u1_0.house_adres,u1_0.house_end_telno,u1_0.house_middle_telno,u1_0.ihidnum,u1_0.pstinst_code,u1_0.last_updusr_id,u1_0.last_updt_pnttm,u1_0.lock_at,u1_0.lock_cnt,u1_0.lock_last_pnttm,u1_0.mbtlnum,u1_0.ofcps_nm,u1_0.offm_telno,u1_0.orgnzt_id,u1_0.password,u1_0.password_cnsr,u1_0.password_hint,u1_0.chg_pwd_last_pnttm,u1_0.role,u1_0.sbscrb_de,u1_0.sexdstn_code,u1_0.crtfc_dn_value,u1_0.user_nm,u1_0.zip from nemplyrinfo u1_0 where u1_0.emplyr_id=?
2026-03-16 17:10:51 [http-nio-8080-exec-13] DEBUG o.s.orm.jpa.JpaTransactionManager - Exposing JPA transaction as JDBC [org.springframework.orm.jpa.vendor.HibernateJpaDialect$HibernateConnectionHandle@7a6e1f16]
2026-03-16 17:10:51 [http-nio-8080-exec-13] DEBUG o.s.orm.jpa.JpaTransactionManager - Found thread-bound EntityManager [SessionImpl(179285266<open>)] for JPA transaction
2026-03-16 17:10:51 [http-nio-8080-exec-13] DEBUG o.s.orm.jpa.JpaTransactionManager - Participating in existing transaction
2026-03-16 17:10:51 [http-nio-8080-exec-13] DEBUG org.hibernate.SQL - select u1_0.emplyr_id,u1_0.area_no,u1_0.brthdy,u1_0.chg_pwd_cnt,u1_0.frst_register_id,u1_0.frst_regist_pnttm,u1_0.detail_adres,u1_0.email_adres,u1_0.emplyr_sttus_code,u1_0.empl_no,u1_0.esntl_id,u1_0.fxnum,u1_0.group_id,u1_0.house_adres,u1_0.house_end_telno,u1_0.house_middle_telno,u1_0.ihidnum,u1_0.pstinst_code,u1_0.last_updusr_id,u1_0.last_updt_pnttm,u1_0.lock_at,u1_0.lock_cnt,u1_0.lock_last_pnttm,u1_0.mbtlnum,u1_0.ofcps_nm,u1_0.offm_telno,u1_0.orgnzt_id,u1_0.password,u1_0.password_cnsr,u1_0.password_hint,u1_0.chg_pwd_last_pnttm,u1_0.role,u1_0.sbscrb_de,u1_0.sexdstn_code,u1_0.crtfc_dn_value,u1_0.user_nm,u1_0.zip from nemplyrinfo u1_0 where u1_0.emplyr_id=?
2026-03-16 17:10:51 [http-nio-8080-exec-8] DEBUG o.s.orm.jpa.JpaTransactionManager - Found thread-bound EntityManager [SessionImpl(741633929<open>)] for JPA transaction
2026-03-16 17:10:51 [http-nio-8080-exec-8] DEBUG o.s.orm.jpa.JpaTransactionManager - Participating in existing transaction
2026-03-16 17:10:51 [http-nio-8080-exec-8] DEBUG org.hibernate.SQL - select p1_0.progrm_file_nm,p1_0.progrm_dc,p1_0.progrm_korean_nm,p1_0.progrm_stre_path,p1_0.url from nprogrmlist p1_0
2026-03-16 17:10:51 [http-nio-8080-exec-13] DEBUG o.s.orm.jpa.JpaTransactionManager - Found thread-bound EntityManager [SessionImpl(179285266<open>)] for JPA transaction
2026-03-16 17:10:51 [http-nio-8080-exec-10] DEBUG o.s.orm.jpa.JpaTransactionManager - Found thread-bound EntityManager [SessionImpl(2464521<open>)] for JPA transaction
2026-03-16 17:10:51 [http-nio-8080-exec-13] DEBUG o.s.orm.jpa.JpaTransactionManager - Participating in existing transaction
2026-03-16 17:10:51 [http-nio-8080-exec-10] DEBUG o.s.orm.jpa.JpaTransactionManager - Participating in existing transaction
2026-03-16 17:10:51 [http-nio-8080-exec-10] DEBUG org.hibernate.SQL - select ua1_0.scrty_dtrmn_trget_id,ua1_0.author_code,ua1_0.frst_register_id,ua1_0.frst_regist_pnttm,ua1_0.last_updusr_id,ua1_0.last_updt_pnttm,ua1_0.mber_ty_code from nemplyrscrtyestbs ua1_0 where ua1_0.scrty_dtrmn_trget_id=?
2026-03-16 17:10:51 [http-nio-8080-exec-13] DEBUG org.hibernate.SQL - select ua1_0.scrty_dtrmn_trget_id,ua1_0.author_code,ua1_0.frst_register_id,ua1_0.frst_regist_pnttm,ua1_0.last_updusr_id,ua1_0.last_updt_pnttm,ua1_0.mber_ty_code from nemplyrscrtyestbs ua1_0 where ua1_0.scrty_dtrmn_trget_id=?
2026-03-16 17:10:51 [http-nio-8080-exec-8] DEBUG o.s.orm.jpa.JpaTransactionManager - Initiating transaction commit
2026-03-16 17:10:51 [http-nio-8080-exec-8] DEBUG o.s.orm.jpa.JpaTransactionManager - Committing JPA transaction on EntityManager [SessionImpl(741633929<open>)]
2026-03-16 17:10:51 [scheduling-1] DEBUG org.springframework.web.SimpLogging - Processing CONNECT session=xes2q40o
2026-03-16 17:10:51 [scheduling-1] DEBUG org.springframework.web.SimpLogging - Processing SUBSCRIBE /topic/notices id=sub-0 session=xes2q40o
2026-03-16 17:10:51 [scheduling-1] DEBUG org.springframework.web.SimpLogging - Processing SUBSCRIBE destination=/queue/notifications-userxes2q40o subscriptionId=sub-1 session=xes2q40o payload=byte[0]
2026-03-16 17:10:51 [scheduling-1] DEBUG org.springframework.web.SimpLogging - Processing SUBSCRIBE /topic/public id=sub-2 session=xes2q40o
2026-03-16 17:10:51 [http-nio-8080-exec-8] DEBUG o.s.orm.jpa.JpaTransactionManager - Closing JPA EntityManager [SessionImpl(741633929<open>)] after transaction
2026-03-16 17:10:51 [http-nio-8080-exec-13] DEBUG o.s.orm.jpa.JpaTransactionManager - Initiating transaction commit
2026-03-16 17:10:51 [http-nio-8080-exec-10] DEBUG o.s.orm.jpa.JpaTransactionManager - Initiating transaction commit
2026-03-16 17:10:51 [http-nio-8080-exec-13] DEBUG o.s.orm.jpa.JpaTransactionManager - Committing JPA transaction on EntityManager [SessionImpl(179285266<open>)]
2026-03-16 17:10:51 [http-nio-8080-exec-10] DEBUG o.s.orm.jpa.JpaTransactionManager - Committing JPA transaction on EntityManager [SessionImpl(2464521<open>)]
2026-03-16 17:10:51 [http-nio-8080-exec-8] INFO  c.c.p.a.c.menu.MenuController - getLeftMenu returned 5 items
2026-03-16 17:10:51 [http-nio-8080-exec-8] DEBUG o.s.w.s.m.m.a.HttpEntityMethodProcessor - Using 'application/json', given [application/json, text/plain, */*] and supported [application/json, application/*+json, application/yaml]
2026-03-16 17:10:51 [http-nio-8080-exec-8] TRACE o.s.w.s.m.m.a.HttpEntityMethodProcessor - Writing [ApiResponse[success=true, status=200, code=COMMON_001, message=Success, data={list=[com.company.project.service.menu.dto.MenuDto@7424d74e, com.company.project.service.menu.dto.MenuDto@1befd1d9, com.company.project.service.menu.dto.MenuDto@68b9d22d, com.company.project.service.menu.dto.MenuDto@6309ba6f, com.company.project.service.menu.dto.MenuDto@31c59fe7]}, timestamp=2026-03-16T17:10:51.654662400]]
2026-03-16 17:10:51 [http-nio-8080-exec-8] INFO  c.c.p.a.i.OperationalAuditInterceptor - API Audit Log: URL=/api/v1/menu/left, User=webmaster, IP=127.0.0.1
2026-03-16 17:10:51 [http-nio-8080-exec-8] DEBUG o.s.web.servlet.DispatcherServlet - Completed 200 OK
2026-03-16 17:10:51 [http-nio-8080-exec-12] DEBUG c.c.p.s.jwt.JwtAuthenticationFilter - >>> [JwtFilter] Processing request: GET /api/v1/menu/left
2026-03-16 17:10:51 [http-nio-8080-exec-12] DEBUG c.c.p.s.jwt.JwtAuthenticationFilter - >>> [JwtFilter] Found token in header for path: /api/v1/menu/left
2026-03-16 17:10:51 [http-nio-8080-exec-12] DEBUG o.s.orm.jpa.JpaTransactionManager - Creating new transaction with name [com.company.project.security.iam.CustomUserDetailsService.loadUserByUsername]: PROPAGATION_REQUIRED,ISOLATION_DEFAULT,readOnly
2026-03-16 17:10:51 [http-nio-8080-exec-12] DEBUG o.s.orm.jpa.JpaTransactionManager - Opened new EntityManager [SessionImpl(429139184<open>)] for JPA transaction
2026-03-16 17:10:51 [http-nio-8080-exec-13] DEBUG o.s.orm.jpa.JpaTransactionManager - Closing JPA EntityManager [SessionImpl(179285266<open>)] after transaction
2026-03-16 17:10:51 [http-nio-8080-exec-10] DEBUG o.s.orm.jpa.JpaTransactionManager - Closing JPA EntityManager [SessionImpl(2464521<open>)] after transaction
2026-03-16 17:10:51 [http-nio-8080-exec-13] DEBUG c.c.p.s.jwt.JwtAuthenticationFilter - >>> [JwtFilter] Successfully authenticated user: USRCNFRM_99999999999, Authorities: [ROLE_ADMIN]
2026-03-16 17:10:51 [http-nio-8080-exec-10] DEBUG c.c.p.s.jwt.JwtAuthenticationFilter - >>> [JwtFilter] Successfully authenticated user: USRCNFRM_99999999999, Authorities: [ROLE_ADMIN]
2026-03-16 17:10:51 [http-nio-8080-exec-13] DEBUG o.s.web.servlet.DispatcherServlet - GET "/api/v1/notifications/unread-count", parameters={}
2026-03-16 17:10:51 [http-nio-8080-exec-10] DEBUG o.s.web.servlet.DispatcherServlet - GET "/api/v1/notifications", parameters={}
2026-03-16 17:10:51 [http-nio-8080-exec-13] TRACE o.s.w.s.m.m.a.RequestMappingHandlerMapping - Mapped to com.company.project.api.controller.notification.NotificationController#getUnreadCount(UserDetails)
2026-03-16 17:10:51 [http-nio-8080-exec-10] TRACE o.s.w.s.m.m.a.RequestMappingHandlerMapping - Mapped to com.company.project.api.controller.notification.NotificationController#getMyNotifications(UserDetails)
2026-03-16 17:10:51 [http-nio-8080-exec-13] DEBUG o.s.orm.jpa.JpaTransactionManager - Creating new transaction with name [com.company.project.service.notification.NotificationService.getUnreadCount]: PROPAGATION_REQUIRED,ISOLATION_DEFAULT,readOnly
2026-03-16 17:10:51 [http-nio-8080-exec-10] DEBUG o.s.orm.jpa.JpaTransactionManager - Creating new transaction with name [com.company.project.service.notification.NotificationService.getActiveNotifications]: PROPAGATION_REQUIRED,ISOLATION_DEFAULT,readOnly
2026-03-16 17:10:51 [http-nio-8080-exec-13] DEBUG o.s.orm.jpa.JpaTransactionManager - Opened new EntityManager [SessionImpl(1843134678<open>)] for JPA transaction
2026-03-16 17:10:51 [http-nio-8080-exec-10] DEBUG o.s.orm.jpa.JpaTransactionManager - Opened new EntityManager [SessionImpl(1446827763<open>)] for JPA transaction
2026-03-16 17:10:51 [http-nio-8080-exec-13] DEBUG o.s.orm.jpa.JpaTransactionManager - Exposing JPA transaction as JDBC [org.springframework.orm.jpa.vendor.HibernateJpaDialect$HibernateConnectionHandle@4dce59d7]
2026-03-16 17:10:51 [http-nio-8080-exec-10] DEBUG o.s.orm.jpa.JpaTransactionManager - Exposing JPA transaction as JDBC [org.springframework.orm.jpa.vendor.HibernateJpaDialect$HibernateConnectionHandle@3de57ecb]
2026-03-16 17:10:51 [http-nio-8080-exec-10] DEBUG o.s.orm.jpa.JpaTransactionManager - Found thread-bound EntityManager [SessionImpl(1446827763<open>)] for JPA transaction
2026-03-16 17:10:51 [http-nio-8080-exec-10] DEBUG o.s.orm.jpa.JpaTransactionManager - Participating in existing transaction
2026-03-16 17:10:51 [http-nio-8080-exec-10] DEBUG org.hibernate.SQL - select n1_0.ntcn_no,n1_0.frst_register_id,n1_0.frst_regist_pnttm,n1_0.is_read,n1_0.last_updusr_id,n1_0.last_updt_pnttm,n1_0.link_url,n1_0.ntcn_cn,n1_0.ntcn_sj,n1_0.receiver_id from n_user_notification n1_0
2026-03-16 17:10:51 [http-nio-8080-exec-13] DEBUG org.hibernate.SQL - select count(n1_0.ntcn_no) from n_user_notification n1_0 where n1_0.receiver_id=? and n1_0.is_read=?
2026-03-16 17:10:51 [http-nio-8080-exec-12] DEBUG o.s.orm.jpa.JpaTransactionManager - Exposing JPA transaction as JDBC [org.springframework.orm.jpa.vendor.HibernateJpaDialect$HibernateConnectionHandle@6c87549e]
2026-03-16 17:10:51 [http-nio-8080-exec-12] DEBUG o.s.orm.jpa.JpaTransactionManager - Found thread-bound EntityManager [SessionImpl(429139184<open>)] for JPA transaction
2026-03-16 17:10:51 [http-nio-8080-exec-12] DEBUG o.s.orm.jpa.JpaTransactionManager - Participating in existing transaction
2026-03-16 17:10:51 [http-nio-8080-exec-12] DEBUG org.hibernate.SQL - select u1_0.emplyr_id,u1_0.area_no,u1_0.brthdy,u1_0.chg_pwd_cnt,u1_0.frst_register_id,u1_0.frst_regist_pnttm,u1_0.detail_adres,u1_0.email_adres,u1_0.emplyr_sttus_code,u1_0.empl_no,u1_0.esntl_id,u1_0.fxnum,u1_0.group_id,u1_0.house_adres,u1_0.house_end_telno,u1_0.house_middle_telno,u1_0.ihidnum,u1_0.pstinst_code,u1_0.last_updusr_id,u1_0.last_updt_pnttm,u1_0.lock_at,u1_0.lock_cnt,u1_0.lock_last_pnttm,u1_0.mbtlnum,u1_0.ofcps_nm,u1_0.offm_telno,u1_0.orgnzt_id,u1_0.password,u1_0.password_cnsr,u1_0.password_hint,u1_0.chg_pwd_last_pnttm,u1_0.role,u1_0.sbscrb_de,u1_0.sexdstn_code,u1_0.crtfc_dn_value,u1_0.user_nm,u1_0.zip from nemplyrinfo u1_0 where u1_0.emplyr_id=?
2026-03-16 17:10:51 [http-nio-8080-exec-13] DEBUG o.s.orm.jpa.JpaTransactionManager - Initiating transaction commit
2026-03-16 17:10:51 [http-nio-8080-exec-10] DEBUG o.s.orm.jpa.JpaTransactionManager - Initiating transaction commit
2026-03-16 17:10:51 [http-nio-8080-exec-13] DEBUG o.s.orm.jpa.JpaTransactionManager - Committing JPA transaction on EntityManager [SessionImpl(1843134678<open>)]
2026-03-16 17:10:51 [http-nio-8080-exec-10] DEBUG o.s.orm.jpa.JpaTransactionManager - Committing JPA transaction on EntityManager [SessionImpl(1446827763<open>)]
2026-03-16 17:10:52 [http-nio-8080-exec-12] DEBUG o.s.orm.jpa.JpaTransactionManager - Found thread-bound EntityManager [SessionImpl(429139184<open>)] for JPA transaction
2026-03-16 17:10:52 [http-nio-8080-exec-12] DEBUG o.s.orm.jpa.JpaTransactionManager - Participating in existing transaction
2026-03-16 17:10:52 [http-nio-8080-exec-12] DEBUG org.hibernate.SQL - select ua1_0.scrty_dtrmn_trget_id,ua1_0.author_code,ua1_0.frst_register_id,ua1_0.frst_regist_pnttm,ua1_0.last_updusr_id,ua1_0.last_updt_pnttm,ua1_0.mber_ty_code from nemplyrscrtyestbs ua1_0 where ua1_0.scrty_dtrmn_trget_id=?
2026-03-16 17:10:52 [http-nio-8080-exec-10] DEBUG o.s.orm.jpa.JpaTransactionManager - Closing JPA EntityManager [SessionImpl(1446827763<open>)] after transaction
2026-03-16 17:10:52 [http-nio-8080-exec-13] DEBUG o.s.orm.jpa.JpaTransactionManager - Closing JPA EntityManager [SessionImpl(1843134678<open>)] after transaction
2026-03-16 17:10:52 [http-nio-8080-exec-10] DEBUG o.s.w.s.m.m.a.HttpEntityMethodProcessor - Using 'application/json', given [application/json, text/plain, */*] and supported [application/json, application/*+json, application/yaml]
2026-03-16 17:10:52 [http-nio-8080-exec-13] DEBUG o.s.w.s.m.m.a.HttpEntityMethodProcessor - Using 'application/json', given [application/json, text/plain, */*] and supported [application/json, application/*+json, application/yaml]
2026-03-16 17:10:52 [http-nio-8080-exec-13] TRACE o.s.w.s.m.m.a.HttpEntityMethodProcessor - Writing [ApiResponse[success=true, status=200, code=COMMON_001, message=Success, data=0, timestamp=2026-03-16T17:10:52.124859500]]
2026-03-16 17:10:52 [http-nio-8080-exec-10] TRACE o.s.w.s.m.m.a.HttpEntityMethodProcessor - Writing [ApiResponse[success=true, status=200, code=COMMON_001, message=Success, data=[NotificationDto(ntfcNo=NT001, ntfcSj=테스트 알림입니다, ntfcCn=알림 내용입니다, ntfcDate=null, ntfcTime=2026-02-25T00:59:33.784070, bhNtfcIntrvl=null, uniqId=null, frstRegisterId=null, frstRegisterPnttm=2026-02-25T00:59:33.784070, lastUpdusrId=null, lastUpdusrPnttm=null)], timestamp=2026-03-16T17:10:52.124859500]]
2026-03-16 17:10:52 [http-nio-8080-exec-10] INFO  c.c.p.a.i.OperationalAuditInterceptor - API Audit Log: URL=/api/v1/notifications, User=webmaster, IP=127.0.0.1
2026-03-16 17:10:52 [http-nio-8080-exec-13] INFO  c.c.p.a.i.OperationalAuditInterceptor - API Audit Log: URL=/api/v1/notifications/unread-count, User=webmaster, IP=127.0.0.1
2026-03-16 17:10:52 [http-nio-8080-exec-10] DEBUG o.s.web.servlet.DispatcherServlet - Completed 200 OK
2026-03-16 17:10:52 [http-nio-8080-exec-13] DEBUG o.s.web.servlet.DispatcherServlet - Completed 200 OK
2026-03-16 17:10:52 [http-nio-8080-exec-12] DEBUG o.s.orm.jpa.JpaTransactionManager - Initiating transaction commit
2026-03-16 17:10:52 [http-nio-8080-exec-12] DEBUG o.s.orm.jpa.JpaTransactionManager - Committing JPA transaction on EntityManager [SessionImpl(429139184<open>)]
2026-03-16 17:10:52 [http-nio-8080-exec-9] DEBUG c.c.p.s.jwt.JwtAuthenticationFilter - >>> [JwtFilter] Processing request: GET /api/v1/notifications
2026-03-16 17:10:52 [http-nio-8080-exec-9] DEBUG c.c.p.s.jwt.JwtAuthenticationFilter - >>> [JwtFilter] Found token in header for path: /api/v1/notifications
2026-03-16 17:10:52 [http-nio-8080-exec-9] DEBUG o.s.orm.jpa.JpaTransactionManager - Creating new transaction with name [com.company.project.security.iam.CustomUserDetailsService.loadUserByUsername]: PROPAGATION_REQUIRED,ISOLATION_DEFAULT,readOnly
2026-03-16 17:10:52 [http-nio-8080-exec-9] DEBUG o.s.orm.jpa.JpaTransactionManager - Opened new EntityManager [SessionImpl(1235007620<open>)] for JPA transaction
2026-03-16 17:10:52 [http-nio-8080-exec-2] DEBUG c.c.p.s.jwt.JwtAuthenticationFilter - >>> [JwtFilter] Processing request: GET /api/v1/notifications/unread-count
2026-03-16 17:10:52 [http-nio-8080-exec-2] DEBUG c.c.p.s.jwt.JwtAuthenticationFilter - >>> [JwtFilter] Found token in header for path: /api/v1/notifications/unread-count
2026-03-16 17:10:52 [http-nio-8080-exec-2] DEBUG o.s.orm.jpa.JpaTransactionManager - Creating new transaction with name [com.company.project.security.iam.CustomUserDetailsService.loadUserByUsername]: PROPAGATION_REQUIRED,ISOLATION_DEFAULT,readOnly
2026-03-16 17:10:52 [http-nio-8080-exec-2] DEBUG o.s.orm.jpa.JpaTransactionManager - Opened new EntityManager [SessionImpl(28457462<open>)] for JPA transaction
2026-03-16 17:10:52 [http-nio-8080-exec-12] DEBUG o.s.orm.jpa.JpaTransactionManager - Closing JPA EntityManager [SessionImpl(429139184<open>)] after transaction
2026-03-16 17:10:52 [http-nio-8080-exec-12] DEBUG c.c.p.s.jwt.JwtAuthenticationFilter - >>> [JwtFilter] Successfully authenticated user: USRCNFRM_99999999999, Authorities: [ROLE_ADMIN]
2026-03-16 17:10:52 [http-nio-8080-exec-12] DEBUG o.s.web.servlet.DispatcherServlet - GET "/api/v1/menu/left?menuNo=20", parameters={masked}
2026-03-16 17:10:52 [http-nio-8080-exec-12] TRACE o.s.w.s.m.m.a.RequestMappingHandlerMapping - Mapped to com.company.project.api.controller.menu.MenuController#getLeftMenu(Long)
2026-03-16 17:10:52 [http-nio-8080-exec-12] INFO  c.c.p.a.c.menu.MenuController - getLeftMenu called with menuNo=20
2026-03-16 17:10:52 [http-nio-8080-exec-12] DEBUG o.s.orm.jpa.JpaTransactionManager - Creating new transaction with name [com.company.project.service.menu.MenuService.getSubMenus]: PROPAGATION_REQUIRED,ISOLATION_DEFAULT,readOnly
2026-03-16 17:10:52 [http-nio-8080-exec-12] DEBUG o.s.orm.jpa.JpaTransactionManager - Opened new EntityManager [SessionImpl(1478142771<open>)] for JPA transaction
2026-03-16 17:10:52 [http-nio-8080-exec-2] DEBUG o.s.orm.jpa.JpaTransactionManager - Exposing JPA transaction as JDBC [org.springframework.orm.jpa.vendor.HibernateJpaDialect$HibernateConnectionHandle@481493c2]
2026-03-16 17:10:52 [http-nio-8080-exec-12] DEBUG o.s.orm.jpa.JpaTransactionManager - Exposing JPA transaction as JDBC [org.springframework.orm.jpa.vendor.HibernateJpaDialect$HibernateConnectionHandle@1c9b3777]
2026-03-16 17:10:52 [http-nio-8080-exec-2] DEBUG o.s.orm.jpa.JpaTransactionManager - Found thread-bound EntityManager [SessionImpl(28457462<open>)] for JPA transaction
2026-03-16 17:10:52 [http-nio-8080-exec-2] DEBUG o.s.orm.jpa.JpaTransactionManager - Participating in existing transaction
2026-03-16 17:10:52 [http-nio-8080-exec-2] DEBUG org.hibernate.SQL - select u1_0.emplyr_id,u1_0.area_no,u1_0.brthdy,u1_0.chg_pwd_cnt,u1_0.frst_register_id,u1_0.frst_regist_pnttm,u1_0.detail_adres,u1_0.email_adres,u1_0.emplyr_sttus_code,u1_0.empl_no,u1_0.esntl_id,u1_0.fxnum,u1_0.group_id,u1_0.house_adres,u1_0.house_end_telno,u1_0.house_middle_telno,u1_0.ihidnum,u1_0.pstinst_code,u1_0.last_updusr_id,u1_0.last_updt_pnttm,u1_0.lock_at,u1_0.lock_cnt,u1_0.lock_last_pnttm,u1_0.mbtlnum,u1_0.ofcps_nm,u1_0.offm_telno,u1_0.orgnzt_id,u1_0.password,u1_0.password_cnsr,u1_0.password_hint,u1_0.chg_pwd_last_pnttm,u1_0.role,u1_0.sbscrb_de,u1_0.sexdstn_code,u1_0.crtfc_dn_value,u1_0.user_nm,u1_0.zip from nemplyrinfo u1_0 where u1_0.emplyr_id=?
2026-03-16 17:10:52 [http-nio-8080-exec-12] DEBUG org.hibernate.SQL - select m1_0.menu_no,m1_0.menu_dc,m1_0.menu_nm,m1_0.menu_ordr,m1_0.modern_route,m1_0.progrm_file_nm,m1_0.relate_image_nm,m1_0.relate_image_path,m1_0.route_updated_at,m1_0.upper_menu_no from nmenuinfo m1_0 order by m1_0.upper_menu_no,m1_0.menu_ordr
2026-03-16 17:10:52 [http-nio-8080-exec-9] DEBUG o.s.orm.jpa.JpaTransactionManager - Exposing JPA transaction as JDBC [org.springframework.orm.jpa.vendor.HibernateJpaDialect$HibernateConnectionHandle@151eff86]
2026-03-16 17:10:52 [http-nio-8080-exec-9] DEBUG o.s.orm.jpa.JpaTransactionManager - Found thread-bound EntityManager [SessionImpl(1235007620<open>)] for JPA transaction
2026-03-16 17:10:52 [http-nio-8080-exec-9] DEBUG o.s.orm.jpa.JpaTransactionManager - Participating in existing transaction
2026-03-16 17:10:52 [http-nio-8080-exec-9] DEBUG org.hibernate.SQL - select u1_0.emplyr_id,u1_0.area_no,u1_0.brthdy,u1_0.chg_pwd_cnt,u1_0.frst_register_id,u1_0.frst_regist_pnttm,u1_0.detail_adres,u1_0.email_adres,u1_0.emplyr_sttus_code,u1_0.empl_no,u1_0.esntl_id,u1_0.fxnum,u1_0.group_id,u1_0.house_adres,u1_0.house_end_telno,u1_0.house_middle_telno,u1_0.ihidnum,u1_0.pstinst_code,u1_0.last_updusr_id,u1_0.last_updt_pnttm,u1_0.lock_at,u1_0.lock_cnt,u1_0.lock_last_pnttm,u1_0.mbtlnum,u1_0.ofcps_nm,u1_0.offm_telno,u1_0.orgnzt_id,u1_0.password,u1_0.password_cnsr,u1_0.password_hint,u1_0.chg_pwd_last_pnttm,u1_0.role,u1_0.sbscrb_de,u1_0.sexdstn_code,u1_0.crtfc_dn_value,u1_0.user_nm,u1_0.zip from nemplyrinfo u1_0 where u1_0.emplyr_id=?
2026-03-16 17:10:52 [http-nio-8080-exec-2] DEBUG o.s.orm.jpa.JpaTransactionManager - Found thread-bound EntityManager [SessionImpl(28457462<open>)] for JPA transaction
2026-03-16 17:10:52 [http-nio-8080-exec-2] DEBUG o.s.orm.jpa.JpaTransactionManager - Participating in existing transaction
2026-03-16 17:10:52 [http-nio-8080-exec-2] DEBUG org.hibernate.SQL - select ua1_0.scrty_dtrmn_trget_id,ua1_0.author_code,ua1_0.frst_register_id,ua1_0.frst_regist_pnttm,ua1_0.last_updusr_id,ua1_0.last_updt_pnttm,ua1_0.mber_ty_code from nemplyrscrtyestbs ua1_0 where ua1_0.scrty_dtrmn_trget_id=?
2026-03-16 17:10:52 [http-nio-8080-exec-9] DEBUG o.s.orm.jpa.JpaTransactionManager - Found thread-bound EntityManager [SessionImpl(1235007620<open>)] for JPA transaction
2026-03-16 17:10:52 [http-nio-8080-exec-9] DEBUG o.s.orm.jpa.JpaTransactionManager - Participating in existing transaction
2026-03-16 17:10:52 [http-nio-8080-exec-9] DEBUG org.hibernate.SQL - select ua1_0.scrty_dtrmn_trget_id,ua1_0.author_code,ua1_0.frst_register_id,ua1_0.frst_regist_pnttm,ua1_0.last_updusr_id,ua1_0.last_updt_pnttm,ua1_0.mber_ty_code from nemplyrscrtyestbs ua1_0 where ua1_0.scrty_dtrmn_trget_id=?
2026-03-16 17:10:52 [http-nio-8080-exec-12] DEBUG o.s.orm.jpa.JpaTransactionManager - Found thread-bound EntityManager [SessionImpl(1478142771<open>)] for JPA transaction
2026-03-16 17:10:52 [http-nio-8080-exec-12] DEBUG o.s.orm.jpa.JpaTransactionManager - Participating in existing transaction
2026-03-16 17:10:52 [http-nio-8080-exec-12] DEBUG org.hibernate.SQL - select p1_0.progrm_file_nm,p1_0.progrm_dc,p1_0.progrm_korean_nm,p1_0.progrm_stre_path,p1_0.url from nprogrmlist p1_0
2026-03-16 17:10:52 [http-nio-8080-exec-2] DEBUG o.s.orm.jpa.JpaTransactionManager - Initiating transaction commit
2026-03-16 17:10:52 [http-nio-8080-exec-2] DEBUG o.s.orm.jpa.JpaTransactionManager - Committing JPA transaction on EntityManager [SessionImpl(28457462<open>)]
2026-03-16 17:10:52 [http-nio-8080-exec-9] DEBUG o.s.orm.jpa.JpaTransactionManager - Initiating transaction commit
2026-03-16 17:10:52 [http-nio-8080-exec-9] DEBUG o.s.orm.jpa.JpaTransactionManager - Committing JPA transaction on EntityManager [SessionImpl(1235007620<open>)]
2026-03-16 17:10:52 [http-nio-8080-exec-12] DEBUG o.s.orm.jpa.JpaTransactionManager - Initiating transaction commit
2026-03-16 17:10:52 [http-nio-8080-exec-12] DEBUG o.s.orm.jpa.JpaTransactionManager - Committing JPA transaction on EntityManager [SessionImpl(1478142771<open>)]
2026-03-16 17:10:52 [http-nio-8080-exec-2] DEBUG o.s.orm.jpa.JpaTransactionManager - Closing JPA EntityManager [SessionImpl(28457462<open>)] after transaction
2026-03-16 17:10:52 [http-nio-8080-exec-2] DEBUG c.c.p.s.jwt.JwtAuthenticationFilter - >>> [JwtFilter] Successfully authenticated user: USRCNFRM_99999999999, Authorities: [ROLE_ADMIN]
2026-03-16 17:10:52 [http-nio-8080-exec-2] DEBUG o.s.web.servlet.DispatcherServlet - GET "/api/v1/notifications/unread-count", parameters={}
2026-03-16 17:10:52 [http-nio-8080-exec-2] TRACE o.s.w.s.m.m.a.RequestMappingHandlerMapping - Mapped to com.company.project.api.controller.notification.NotificationController#getUnreadCount(UserDetails)
2026-03-16 17:10:52 [http-nio-8080-exec-2] DEBUG o.s.orm.jpa.JpaTransactionManager - Creating new transaction with name [com.company.project.service.notification.NotificationService.getUnreadCount]: PROPAGATION_REQUIRED,ISOLATION_DEFAULT,readOnly
2026-03-16 17:10:52 [http-nio-8080-exec-2] DEBUG o.s.orm.jpa.JpaTransactionManager - Opened new EntityManager [SessionImpl(1832816546<open>)] for JPA transaction
2026-03-16 17:10:52 [http-nio-8080-exec-2] DEBUG o.s.orm.jpa.JpaTransactionManager - Exposing JPA transaction as JDBC [org.springframework.orm.jpa.vendor.HibernateJpaDialect$HibernateConnectionHandle@62e5737a]
2026-03-16 17:10:52 [http-nio-8080-exec-2] DEBUG org.hibernate.SQL - select count(n1_0.ntcn_no) from n_user_notification n1_0 where n1_0.receiver_id=? and n1_0.is_read=?
2026-03-16 17:10:52 [http-nio-8080-exec-9] DEBUG o.s.orm.jpa.JpaTransactionManager - Closing JPA EntityManager [SessionImpl(1235007620<open>)] after transaction
2026-03-16 17:10:52 [http-nio-8080-exec-9] DEBUG c.c.p.s.jwt.JwtAuthenticationFilter - >>> [JwtFilter] Successfully authenticated user: USRCNFRM_99999999999, Authorities: [ROLE_ADMIN]
2026-03-16 17:10:52 [http-nio-8080-exec-9] DEBUG o.s.web.servlet.DispatcherServlet - GET "/api/v1/notifications", parameters={}
2026-03-16 17:10:52 [http-nio-8080-exec-9] TRACE o.s.w.s.m.m.a.RequestMappingHandlerMapping - Mapped to com.company.project.api.controller.notification.NotificationController#getMyNotifications(UserDetails)
2026-03-16 17:10:52 [http-nio-8080-exec-9] DEBUG o.s.orm.jpa.JpaTransactionManager - Creating new transaction with name [com.company.project.service.notification.NotificationService.getActiveNotifications]: PROPAGATION_REQUIRED,ISOLATION_DEFAULT,readOnly
2026-03-16 17:10:52 [http-nio-8080-exec-9] DEBUG o.s.orm.jpa.JpaTransactionManager - Opened new EntityManager [SessionImpl(166547860<open>)] for JPA transaction
2026-03-16 17:10:52 [http-nio-8080-exec-9] DEBUG o.s.orm.jpa.JpaTransactionManager - Exposing JPA transaction as JDBC [org.springframework.orm.jpa.vendor.HibernateJpaDialect$HibernateConnectionHandle@1a466563]
2026-03-16 17:10:52 [http-nio-8080-exec-9] DEBUG o.s.orm.jpa.JpaTransactionManager - Found thread-bound EntityManager [SessionImpl(166547860<open>)] for JPA transaction
2026-03-16 17:10:52 [http-nio-8080-exec-9] DEBUG o.s.orm.jpa.JpaTransactionManager - Participating in existing transaction
2026-03-16 17:10:52 [http-nio-8080-exec-9] DEBUG org.hibernate.SQL - select n1_0.ntcn_no,n1_0.frst_register_id,n1_0.frst_regist_pnttm,n1_0.is_read,n1_0.last_updusr_id,n1_0.last_updt_pnttm,n1_0.link_url,n1_0.ntcn_cn,n1_0.ntcn_sj,n1_0.receiver_id from n_user_notification n1_0
2026-03-16 17:10:52 [http-nio-8080-exec-12] DEBUG o.s.orm.jpa.JpaTransactionManager - Closing JPA EntityManager [SessionImpl(1478142771<open>)] after transaction
2026-03-16 17:10:52 [http-nio-8080-exec-2] DEBUG o.s.orm.jpa.JpaTransactionManager - Initiating transaction commit
2026-03-16 17:10:52 [http-nio-8080-exec-2] DEBUG o.s.orm.jpa.JpaTransactionManager - Committing JPA transaction on EntityManager [SessionImpl(1832816546<open>)]
2026-03-16 17:10:52 [http-nio-8080-exec-12] INFO  c.c.p.a.c.menu.MenuController - getLeftMenu returned 3 items
2026-03-16 17:10:52 [http-nio-8080-exec-12] DEBUG o.s.w.s.m.m.a.HttpEntityMethodProcessor - Using 'application/json', given [application/json, text/plain, */*] and supported [application/json, application/*+json, application/yaml]
2026-03-16 17:10:52 [http-nio-8080-exec-12] TRACE o.s.w.s.m.m.a.HttpEntityMethodProcessor - Writing [ApiResponse[success=true, status=200, code=COMMON_001, message=Success, data={list=[com.company.project.service.menu.dto.MenuDto@7f5586ae, com.company.project.service.menu.dto.MenuDto@472d1291, com.company.project.service.menu.dto.MenuDto@3eac3961]}, timestamp=2026-03-16T17:10:52.950173]]
2026-03-16 17:10:52 [http-nio-8080-exec-12] INFO  c.c.p.a.i.OperationalAuditInterceptor - API Audit Log: URL=/api/v1/menu/left, User=webmaster, IP=127.0.0.1
2026-03-16 17:10:52 [http-nio-8080-exec-12] DEBUG o.s.web.servlet.DispatcherServlet - Completed 200 OK
2026-03-16 17:10:52 [http-nio-8080-exec-9] DEBUG o.s.orm.jpa.JpaTransactionManager - Initiating transaction commit
2026-03-16 17:10:52 [http-nio-8080-exec-9] DEBUG o.s.orm.jpa.JpaTransactionManager - Committing JPA transaction on EntityManager [SessionImpl(166547860<open>)]
2026-03-16 17:10:53 [http-nio-8080-exec-15] DEBUG c.c.p.s.jwt.JwtAuthenticationFilter - >>> [JwtFilter] Processing request: GET /api/v1/menu/left
2026-03-16 17:10:53 [http-nio-8080-exec-15] DEBUG c.c.p.s.jwt.JwtAuthenticationFilter - >>> [JwtFilter] Found token in header for path: /api/v1/menu/left
2026-03-16 17:10:53 [http-nio-8080-exec-15] DEBUG o.s.orm.jpa.JpaTransactionManager - Creating new transaction with name [com.company.project.security.iam.CustomUserDetailsService.loadUserByUsername]: PROPAGATION_REQUIRED,ISOLATION_DEFAULT,readOnly
2026-03-16 17:10:53 [http-nio-8080-exec-15] DEBUG o.s.orm.jpa.JpaTransactionManager - Opened new EntityManager [SessionImpl(1381603193<open>)] for JPA transaction
2026-03-16 17:10:53 [http-nio-8080-exec-2] DEBUG o.s.orm.jpa.JpaTransactionManager - Closing JPA EntityManager [SessionImpl(1832816546<open>)] after transaction
2026-03-16 17:10:53 [http-nio-8080-exec-2] DEBUG o.s.w.s.m.m.a.HttpEntityMethodProcessor - Using 'application/json', given [application/json, text/plain, */*] and supported [application/json, application/*+json, application/yaml]
2026-03-16 17:10:53 [http-nio-8080-exec-2] TRACE o.s.w.s.m.m.a.HttpEntityMethodProcessor - Writing [ApiResponse[success=true, status=200, code=COMMON_001, message=Success, data=0, timestamp=2026-03-16T17:10:53.106361]]
2026-03-16 17:10:53 [http-nio-8080-exec-2] INFO  c.c.p.a.i.OperationalAuditInterceptor - API Audit Log: URL=/api/v1/notifications/unread-count, User=webmaster, IP=127.0.0.1
2026-03-16 17:10:53 [http-nio-8080-exec-2] DEBUG o.s.web.servlet.DispatcherServlet - Completed 200 OK
2026-03-16 17:10:53 [http-nio-8080-exec-9] DEBUG o.s.orm.jpa.JpaTransactionManager - Closing JPA EntityManager [SessionImpl(166547860<open>)] after transaction
2026-03-16 17:10:53 [http-nio-8080-exec-9] DEBUG o.s.w.s.m.m.a.HttpEntityMethodProcessor - Using 'application/json', given [application/json, text/plain, */*] and supported [application/json, application/*+json, application/yaml]
2026-03-16 17:10:53 [http-nio-8080-exec-9] TRACE o.s.w.s.m.m.a.HttpEntityMethodProcessor - Writing [ApiResponse[success=true, status=200, code=COMMON_001, message=Success, data=[NotificationDto(ntfcNo=NT001, ntfcSj=테스트 알림입니다, ntfcCn=알림 내용입니다, ntfcDate=null, ntfcTime=2026-02-25T00:59:33.784070, bhNtfcIntrvl=null, uniqId=null, frstRegisterId=null, frstRegisterPnttm=2026-02-25T00:59:33.784070, lastUpdusrId=null, lastUpdusrPnttm=null)], timestamp=2026-03-16T17:10:53.149945500]]
2026-03-16 17:10:53 [http-nio-8080-exec-9] INFO  c.c.p.a.i.OperationalAuditInterceptor - API Audit Log: URL=/api/v1/notifications, User=webmaster, IP=127.0.0.1
2026-03-16 17:10:53 [http-nio-8080-exec-9] DEBUG o.s.web.servlet.DispatcherServlet - Completed 200 OK
2026-03-16 17:10:53 [http-nio-8080-exec-15] DEBUG o.s.orm.jpa.JpaTransactionManager - Exposing JPA transaction as JDBC [org.springframework.orm.jpa.vendor.HibernateJpaDialect$HibernateConnectionHandle@7f68f9d0]
2026-03-16 17:10:53 [http-nio-8080-exec-15] DEBUG o.s.orm.jpa.JpaTransactionManager - Found thread-bound EntityManager [SessionImpl(1381603193<open>)] for JPA transaction
2026-03-16 17:10:53 [http-nio-8080-exec-15] DEBUG o.s.orm.jpa.JpaTransactionManager - Participating in existing transaction
2026-03-16 17:10:53 [http-nio-8080-exec-15] DEBUG org.hibernate.SQL - select u1_0.emplyr_id,u1_0.area_no,u1_0.brthdy,u1_0.chg_pwd_cnt,u1_0.frst_register_id,u1_0.frst_regist_pnttm,u1_0.detail_adres,u1_0.email_adres,u1_0.emplyr_sttus_code,u1_0.empl_no,u1_0.esntl_id,u1_0.fxnum,u1_0.group_id,u1_0.house_adres,u1_0.house_end_telno,u1_0.house_middle_telno,u1_0.ihidnum,u1_0.pstinst_code,u1_0.last_updusr_id,u1_0.last_updt_pnttm,u1_0.lock_at,u1_0.lock_cnt,u1_0.lock_last_pnttm,u1_0.mbtlnum,u1_0.ofcps_nm,u1_0.offm_telno,u1_0.orgnzt_id,u1_0.password,u1_0.password_cnsr,u1_0.password_hint,u1_0.chg_pwd_last_pnttm,u1_0.role,u1_0.sbscrb_de,u1_0.sexdstn_code,u1_0.crtfc_dn_value,u1_0.user_nm,u1_0.zip from nemplyrinfo u1_0 where u1_0.emplyr_id=?
2026-03-16 17:10:53 [http-nio-8080-exec-15] DEBUG o.s.orm.jpa.JpaTransactionManager - Found thread-bound EntityManager [SessionImpl(1381603193<open>)] for JPA transaction
2026-03-16 17:10:53 [http-nio-8080-exec-15] DEBUG o.s.orm.jpa.JpaTransactionManager - Participating in existing transaction
2026-03-16 17:10:53 [http-nio-8080-exec-15] DEBUG org.hibernate.SQL - select ua1_0.scrty_dtrmn_trget_id,ua1_0.author_code,ua1_0.frst_register_id,ua1_0.frst_regist_pnttm,ua1_0.last_updusr_id,ua1_0.last_updt_pnttm,ua1_0.mber_ty_code from nemplyrscrtyestbs ua1_0 where ua1_0.scrty_dtrmn_trget_id=?
2026-03-16 17:10:53 [http-nio-8080-exec-15] DEBUG o.s.orm.jpa.JpaTransactionManager - Initiating transaction commit
2026-03-16 17:10:53 [http-nio-8080-exec-15] DEBUG o.s.orm.jpa.JpaTransactionManager - Committing JPA transaction on EntityManager [SessionImpl(1381603193<open>)]
2026-03-16 17:10:53 [http-nio-8080-exec-15] DEBUG o.s.orm.jpa.JpaTransactionManager - Closing JPA EntityManager [SessionImpl(1381603193<open>)] after transaction
2026-03-16 17:10:53 [http-nio-8080-exec-15] DEBUG c.c.p.s.jwt.JwtAuthenticationFilter - >>> [JwtFilter] Successfully authenticated user: USRCNFRM_99999999999, Authorities: [ROLE_ADMIN]
2026-03-16 17:10:53 [http-nio-8080-exec-15] DEBUG o.s.web.servlet.DispatcherServlet - GET "/api/v1/menu/left?menuNo=40", parameters={masked}
2026-03-16 17:10:53 [http-nio-8080-exec-15] TRACE o.s.w.s.m.m.a.RequestMappingHandlerMapping - Mapped to com.company.project.api.controller.menu.MenuController#getLeftMenu(Long)
2026-03-16 17:10:53 [http-nio-8080-exec-15] INFO  c.c.p.a.c.menu.MenuController - getLeftMenu called with menuNo=40
2026-03-16 17:10:53 [http-nio-8080-exec-15] DEBUG o.s.orm.jpa.JpaTransactionManager - Creating new transaction with name [com.company.project.service.menu.MenuService.getSubMenus]: PROPAGATION_REQUIRED,ISOLATION_DEFAULT,readOnly
2026-03-16 17:10:53 [http-nio-8080-exec-15] DEBUG o.s.orm.jpa.JpaTransactionManager - Opened new EntityManager [SessionImpl(1199967386<open>)] for JPA transaction
2026-03-16 17:10:53 [http-nio-8080-exec-15] DEBUG o.s.orm.jpa.JpaTransactionManager - Exposing JPA transaction as JDBC [org.springframework.orm.jpa.vendor.HibernateJpaDialect$HibernateConnectionHandle@c6f26b4]
2026-03-16 17:10:53 [http-nio-8080-exec-15] DEBUG org.hibernate.SQL - select m1_0.menu_no,m1_0.menu_dc,m1_0.menu_nm,m1_0.menu_ordr,m1_0.modern_route,m1_0.progrm_file_nm,m1_0.relate_image_nm,m1_0.relate_image_path,m1_0.route_updated_at,m1_0.upper_menu_no from nmenuinfo m1_0 order by m1_0.upper_menu_no,m1_0.menu_ordr
2026-03-16 17:10:53 [http-nio-8080-exec-15] DEBUG o.s.orm.jpa.JpaTransactionManager - Found thread-bound EntityManager [SessionImpl(1199967386<open>)] for JPA transaction
2026-03-16 17:10:53 [http-nio-8080-exec-15] DEBUG o.s.orm.jpa.JpaTransactionManager - Participating in existing transaction
2026-03-16 17:10:53 [http-nio-8080-exec-15] DEBUG org.hibernate.SQL - select p1_0.progrm_file_nm,p1_0.progrm_dc,p1_0.progrm_korean_nm,p1_0.progrm_stre_path,p1_0.url from nprogrmlist p1_0
2026-03-16 17:10:54 [http-nio-8080-exec-15] DEBUG o.s.orm.jpa.JpaTransactionManager - Initiating transaction commit
2026-03-16 17:10:54 [http-nio-8080-exec-15] DEBUG o.s.orm.jpa.JpaTransactionManager - Committing JPA transaction on EntityManager [SessionImpl(1199967386<open>)]
2026-03-16 17:10:54 [http-nio-8080-exec-15] DEBUG o.s.orm.jpa.JpaTransactionManager - Closing JPA EntityManager [SessionImpl(1199967386<open>)] after transaction
2026-03-16 17:10:54 [http-nio-8080-exec-15] INFO  c.c.p.a.c.menu.MenuController - getLeftMenu returned 2 items
2026-03-16 17:10:54 [http-nio-8080-exec-15] DEBUG o.s.w.s.m.m.a.HttpEntityMethodProcessor - Using 'application/json', given [application/json, text/plain, */*] and supported [application/json, application/*+json, application/yaml]
2026-03-16 17:10:54 [http-nio-8080-exec-15] TRACE o.s.w.s.m.m.a.HttpEntityMethodProcessor - Writing [ApiResponse[success=true, status=200, code=COMMON_001, message=Success, data={list=[com.company.project.service.menu.dto.MenuDto@ef16711, com.company.project.service.menu.dto.MenuDto@43078f41]}, timestamp=2026-03-16T17:10:54.313960300]]
2026-03-16 17:10:54 [http-nio-8080-exec-15] INFO  c.c.p.a.i.OperationalAuditInterceptor - API Audit Log: URL=/api/v1/menu/left, User=webmaster, IP=127.0.0.1
2026-03-16 17:10:54 [http-nio-8080-exec-15] DEBUG o.s.web.servlet.DispatcherServlet - Completed 200 OK
2026-03-16 17:10:54 [http-nio-8080-exec-17] DEBUG c.c.p.s.jwt.JwtAuthenticationFilter - >>> [JwtFilter] Processing request: GET /api/v1/menu/left
2026-03-16 17:10:54 [http-nio-8080-exec-17] DEBUG c.c.p.s.jwt.JwtAuthenticationFilter - >>> [JwtFilter] Found token in header for path: /api/v1/menu/left
2026-03-16 17:10:54 [http-nio-8080-exec-17] DEBUG o.s.orm.jpa.JpaTransactionManager - Creating new transaction with name [com.company.project.security.iam.CustomUserDetailsService.loadUserByUsername]: PROPAGATION_REQUIRED,ISOLATION_DEFAULT,readOnly
2026-03-16 17:10:54 [http-nio-8080-exec-17] DEBUG o.s.orm.jpa.JpaTransactionManager - Opened new EntityManager [SessionImpl(1126588621<open>)] for JPA transaction
2026-03-16 17:10:54 [http-nio-8080-exec-17] DEBUG o.s.orm.jpa.JpaTransactionManager - Exposing JPA transaction as JDBC [org.springframework.orm.jpa.vendor.HibernateJpaDialect$HibernateConnectionHandle@23f9b075]
2026-03-16 17:10:54 [http-nio-8080-exec-17] DEBUG o.s.orm.jpa.JpaTransactionManager - Found thread-bound EntityManager [SessionImpl(1126588621<open>)] for JPA transaction
2026-03-16 17:10:54 [http-nio-8080-exec-17] DEBUG o.s.orm.jpa.JpaTransactionManager - Participating in existing transaction
2026-03-16 17:10:54 [http-nio-8080-exec-17] DEBUG org.hibernate.SQL - select u1_0.emplyr_id,u1_0.area_no,u1_0.brthdy,u1_0.chg_pwd_cnt,u1_0.frst_register_id,u1_0.frst_regist_pnttm,u1_0.detail_adres,u1_0.email_adres,u1_0.emplyr_sttus_code,u1_0.empl_no,u1_0.esntl_id,u1_0.fxnum,u1_0.group_id,u1_0.house_adres,u1_0.house_end_telno,u1_0.house_middle_telno,u1_0.ihidnum,u1_0.pstinst_code,u1_0.last_updusr_id,u1_0.last_updt_pnttm,u1_0.lock_at,u1_0.lock_cnt,u1_0.lock_last_pnttm,u1_0.mbtlnum,u1_0.ofcps_nm,u1_0.offm_telno,u1_0.orgnzt_id,u1_0.password,u1_0.password_cnsr,u1_0.password_hint,u1_0.chg_pwd_last_pnttm,u1_0.role,u1_0.sbscrb_de,u1_0.sexdstn_code,u1_0.crtfc_dn_value,u1_0.user_nm,u1_0.zip from nemplyrinfo u1_0 where u1_0.emplyr_id=?
2026-03-16 17:10:54 [http-nio-8080-exec-17] DEBUG o.s.orm.jpa.JpaTransactionManager - Found thread-bound EntityManager [SessionImpl(1126588621<open>)] for JPA transaction
2026-03-16 17:10:54 [http-nio-8080-exec-17] DEBUG o.s.orm.jpa.JpaTransactionManager - Participating in existing transaction
2026-03-16 17:10:54 [http-nio-8080-exec-17] DEBUG org.hibernate.SQL - select ua1_0.scrty_dtrmn_trget_id,ua1_0.author_code,ua1_0.frst_register_id,ua1_0.frst_regist_pnttm,ua1_0.last_updusr_id,ua1_0.last_updt_pnttm,ua1_0.mber_ty_code from nemplyrscrtyestbs ua1_0 where ua1_0.scrty_dtrmn_trget_id=?
2026-03-16 17:10:54 [http-nio-8080-exec-17] DEBUG o.s.orm.jpa.JpaTransactionManager - Initiating transaction commit
2026-03-16 17:10:54 [http-nio-8080-exec-17] DEBUG o.s.orm.jpa.JpaTransactionManager - Committing JPA transaction on EntityManager [SessionImpl(1126588621<open>)]
2026-03-16 17:10:55 [http-nio-8080-exec-17] DEBUG o.s.orm.jpa.JpaTransactionManager - Closing JPA EntityManager [SessionImpl(1126588621<open>)] after transaction
2026-03-16 17:10:55 [http-nio-8080-exec-17] DEBUG c.c.p.s.jwt.JwtAuthenticationFilter - >>> [JwtFilter] Successfully authenticated user: USRCNFRM_99999999999, Authorities: [ROLE_ADMIN]
2026-03-16 17:10:55 [http-nio-8080-exec-17] DEBUG o.s.web.servlet.DispatcherServlet - GET "/api/v1/menu/left?menuNo=50", parameters={masked}
2026-03-16 17:10:55 [http-nio-8080-exec-17] TRACE o.s.w.s.m.m.a.RequestMappingHandlerMapping - Mapped to com.company.project.api.controller.menu.MenuController#getLeftMenu(Long)
2026-03-16 17:10:55 [http-nio-8080-exec-17] INFO  c.c.p.a.c.menu.MenuController - getLeftMenu called with menuNo=50
2026-03-16 17:10:55 [http-nio-8080-exec-17] DEBUG o.s.orm.jpa.JpaTransactionManager - Creating new transaction with name [com.company.project.service.menu.MenuService.getSubMenus]: PROPAGATION_REQUIRED,ISOLATION_DEFAULT,readOnly
2026-03-16 17:10:55 [http-nio-8080-exec-17] DEBUG o.s.orm.jpa.JpaTransactionManager - Opened new EntityManager [SessionImpl(315894979<open>)] for JPA transaction
2026-03-16 17:10:55 [http-nio-8080-exec-17] DEBUG o.s.orm.jpa.JpaTransactionManager - Exposing JPA transaction as JDBC [org.springframework.orm.jpa.vendor.HibernateJpaDialect$HibernateConnectionHandle@7cc13371]
2026-03-16 17:10:55 [http-nio-8080-exec-17] DEBUG org.hibernate.SQL - select m1_0.menu_no,m1_0.menu_dc,m1_0.menu_nm,m1_0.menu_ordr,m1_0.modern_route,m1_0.progrm_file_nm,m1_0.relate_image_nm,m1_0.relate_image_path,m1_0.route_updated_at,m1_0.upper_menu_no from nmenuinfo m1_0 order by m1_0.upper_menu_no,m1_0.menu_ordr
2026-03-16 17:10:55 [http-nio-8080-exec-17] DEBUG o.s.orm.jpa.JpaTransactionManager - Found thread-bound EntityManager [SessionImpl(315894979<open>)] for JPA transaction
2026-03-16 17:10:55 [http-nio-8080-exec-17] DEBUG o.s.orm.jpa.JpaTransactionManager - Participating in existing transaction
2026-03-16 17:10:55 [http-nio-8080-exec-17] DEBUG org.hibernate.SQL - select p1_0.progrm_file_nm,p1_0.progrm_dc,p1_0.progrm_korean_nm,p1_0.progrm_stre_path,p1_0.url from nprogrmlist p1_0
2026-03-16 17:10:55 [http-nio-8080-exec-17] DEBUG o.s.orm.jpa.JpaTransactionManager - Initiating transaction commit
2026-03-16 17:10:55 [http-nio-8080-exec-17] DEBUG o.s.orm.jpa.JpaTransactionManager - Committing JPA transaction on EntityManager [SessionImpl(315894979<open>)]
2026-03-16 17:10:55 [http-nio-8080-exec-17] DEBUG o.s.orm.jpa.JpaTransactionManager - Closing JPA EntityManager [SessionImpl(315894979<open>)] after transaction
2026-03-16 17:10:55 [http-nio-8080-exec-17] INFO  c.c.p.a.c.menu.MenuController - getLeftMenu returned 3 items
2026-03-16 17:10:55 [http-nio-8080-exec-17] DEBUG o.s.w.s.m.m.a.HttpEntityMethodProcessor - Using 'application/json', given [application/json, text/plain, */*] and supported [application/json, application/*+json, application/yaml]
2026-03-16 17:10:55 [http-nio-8080-exec-17] TRACE o.s.w.s.m.m.a.HttpEntityMethodProcessor - Writing [ApiResponse[success=true, status=200, code=COMMON_001, message=Success, data={list=[com.company.project.service.menu.dto.MenuDto@22d05bc2, com.company.project.service.menu.dto.MenuDto@511ed522, com.company.project.service.menu.dto.MenuDto@6d702db1]}, timestamp=2026-03-16T17:10:55.888281100]]
2026-03-16 17:10:55 [http-nio-8080-exec-17] INFO  c.c.p.a.i.OperationalAuditInterceptor - API Audit Log: URL=/api/v1/menu/left, User=webmaster, IP=127.0.0.1
2026-03-16 17:10:55 [http-nio-8080-exec-17] DEBUG o.s.web.servlet.DispatcherServlet - Completed 200 OK
2026-03-16 17:10:55 [http-nio-8080-exec-12] DEBUG c.c.p.s.jwt.JwtAuthenticationFilter - >>> [JwtFilter] Processing request: GET /api/v1/menu/left
2026-03-16 17:10:55 [http-nio-8080-exec-12] DEBUG c.c.p.s.jwt.JwtAuthenticationFilter - >>> [JwtFilter] Found token in header for path: /api/v1/menu/left
2026-03-16 17:10:55 [http-nio-8080-exec-12] DEBUG o.s.orm.jpa.JpaTransactionManager - Creating new transaction with name [com.company.project.security.iam.CustomUserDetailsService.loadUserByUsername]: PROPAGATION_REQUIRED,ISOLATION_DEFAULT,readOnly
2026-03-16 17:10:55 [http-nio-8080-exec-12] DEBUG o.s.orm.jpa.JpaTransactionManager - Opened new EntityManager [SessionImpl(875710210<open>)] for JPA transaction
2026-03-16 17:10:56 [http-nio-8080-exec-12] DEBUG o.s.orm.jpa.JpaTransactionManager - Exposing JPA transaction as JDBC [org.springframework.orm.jpa.vendor.HibernateJpaDialect$HibernateConnectionHandle@6781d7dc]
2026-03-16 17:10:56 [http-nio-8080-exec-12] DEBUG o.s.orm.jpa.JpaTransactionManager - Found thread-bound EntityManager [SessionImpl(875710210<open>)] for JPA transaction
2026-03-16 17:10:56 [http-nio-8080-exec-12] DEBUG o.s.orm.jpa.JpaTransactionManager - Participating in existing transaction
2026-03-16 17:10:56 [http-nio-8080-exec-12] DEBUG org.hibernate.SQL - select u1_0.emplyr_id,u1_0.area_no,u1_0.brthdy,u1_0.chg_pwd_cnt,u1_0.frst_register_id,u1_0.frst_regist_pnttm,u1_0.detail_adres,u1_0.email_adres,u1_0.emplyr_sttus_code,u1_0.empl_no,u1_0.esntl_id,u1_0.fxnum,u1_0.group_id,u1_0.house_adres,u1_0.house_end_telno,u1_0.house_middle_telno,u1_0.ihidnum,u1_0.pstinst_code,u1_0.last_updusr_id,u1_0.last_updt_pnttm,u1_0.lock_at,u1_0.lock_cnt,u1_0.lock_last_pnttm,u1_0.mbtlnum,u1_0.ofcps_nm,u1_0.offm_telno,u1_0.orgnzt_id,u1_0.password,u1_0.password_cnsr,u1_0.password_hint,u1_0.chg_pwd_last_pnttm,u1_0.role,u1_0.sbscrb_de,u1_0.sexdstn_code,u1_0.crtfc_dn_value,u1_0.user_nm,u1_0.zip from nemplyrinfo u1_0 where u1_0.emplyr_id=?
2026-03-16 17:10:56 [http-nio-8080-exec-12] DEBUG o.s.orm.jpa.JpaTransactionManager - Found thread-bound EntityManager [SessionImpl(875710210<open>)] for JPA transaction
2026-03-16 17:10:56 [http-nio-8080-exec-12] DEBUG o.s.orm.jpa.JpaTransactionManager - Participating in existing transaction
2026-03-16 17:10:56 [http-nio-8080-exec-12] DEBUG org.hibernate.SQL - select ua1_0.scrty_dtrmn_trget_id,ua1_0.author_code,ua1_0.frst_register_id,ua1_0.frst_regist_pnttm,ua1_0.last_updusr_id,ua1_0.last_updt_pnttm,ua1_0.mber_ty_code from nemplyrscrtyestbs ua1_0 where ua1_0.scrty_dtrmn_trget_id=?
2026-03-16 17:10:56 [http-nio-8080-exec-12] DEBUG o.s.orm.jpa.JpaTransactionManager - Initiating transaction commit
2026-03-16 17:10:56 [http-nio-8080-exec-12] DEBUG o.s.orm.jpa.JpaTransactionManager - Committing JPA transaction on EntityManager [SessionImpl(875710210<open>)]
2026-03-16 17:10:56 [MessageBroker-1] DEBUG o.s.w.s.s.t.h.DefaultSockJsService - Closed 1 sessions: [2levf0tj]
2026-03-16 17:10:56 [http-nio-8080-exec-12] DEBUG o.s.orm.jpa.JpaTransactionManager - Closing JPA EntityManager [SessionImpl(875710210<open>)] after transaction
2026-03-16 17:10:56 [http-nio-8080-exec-12] DEBUG c.c.p.s.jwt.JwtAuthenticationFilter - >>> [JwtFilter] Successfully authenticated user: USRCNFRM_99999999999, Authorities: [ROLE_ADMIN]
2026-03-16 17:10:56 [http-nio-8080-exec-12] DEBUG o.s.web.servlet.DispatcherServlet - GET "/api/v1/menu/left?menuNo=60", parameters={masked}
2026-03-16 17:10:56 [http-nio-8080-exec-12] TRACE o.s.w.s.m.m.a.RequestMappingHandlerMapping - Mapped to com.company.project.api.controller.menu.MenuController#getLeftMenu(Long)
2026-03-16 17:10:56 [http-nio-8080-exec-12] INFO  c.c.p.a.c.menu.MenuController - getLeftMenu called with menuNo=60
2026-03-16 17:10:56 [http-nio-8080-exec-12] DEBUG o.s.orm.jpa.JpaTransactionManager - Creating new transaction with name [com.company.project.service.menu.MenuService.getSubMenus]: PROPAGATION_REQUIRED,ISOLATION_DEFAULT,readOnly
2026-03-16 17:10:56 [http-nio-8080-exec-12] DEBUG o.s.orm.jpa.JpaTransactionManager - Opened new EntityManager [SessionImpl(1801550019<open>)] for JPA transaction
2026-03-16 17:10:56 [http-nio-8080-exec-12] DEBUG o.s.orm.jpa.JpaTransactionManager - Exposing JPA transaction as JDBC [org.springframework.orm.jpa.vendor.HibernateJpaDialect$HibernateConnectionHandle@1c7306a7]
2026-03-16 17:10:56 [http-nio-8080-exec-12] DEBUG org.hibernate.SQL - select m1_0.menu_no,m1_0.menu_dc,m1_0.menu_nm,m1_0.menu_ordr,m1_0.modern_route,m1_0.progrm_file_nm,m1_0.relate_image_nm,m1_0.relate_image_path,m1_0.route_updated_at,m1_0.upper_menu_no from nmenuinfo m1_0 order by m1_0.upper_menu_no,m1_0.menu_ordr
2026-03-16 17:10:56 [http-nio-8080-exec-12] DEBUG o.s.orm.jpa.JpaTransactionManager - Found thread-bound EntityManager [SessionImpl(1801550019<open>)] for JPA transaction
2026-03-16 17:10:56 [http-nio-8080-exec-12] DEBUG o.s.orm.jpa.JpaTransactionManager - Participating in existing transaction
2026-03-16 17:10:56 [http-nio-8080-exec-12] DEBUG org.hibernate.SQL - select p1_0.progrm_file_nm,p1_0.progrm_dc,p1_0.progrm_korean_nm,p1_0.progrm_stre_path,p1_0.url from nprogrmlist p1_0
2026-03-16 17:10:57 [http-nio-8080-exec-12] DEBUG o.s.orm.jpa.JpaTransactionManager - Initiating transaction commit
2026-03-16 17:10:57 [http-nio-8080-exec-12] DEBUG o.s.orm.jpa.JpaTransactionManager - Committing JPA transaction on EntityManager [SessionImpl(1801550019<open>)]
2026-03-16 17:10:57 [http-nio-8080-exec-12] DEBUG o.s.orm.jpa.JpaTransactionManager - Closing JPA EntityManager [SessionImpl(1801550019<open>)] after transaction
2026-03-16 17:10:57 [http-nio-8080-exec-12] INFO  c.c.p.a.c.menu.MenuController - getLeftMenu returned 1 items
2026-03-16 17:10:57 [http-nio-8080-exec-12] DEBUG o.s.w.s.m.m.a.HttpEntityMethodProcessor - Using 'application/json', given [application/json, text/plain, */*] and supported [application/json, application/*+json, application/yaml]
2026-03-16 17:10:57 [http-nio-8080-exec-12] TRACE o.s.w.s.m.m.a.HttpEntityMethodProcessor - Writing [ApiResponse[success=true, status=200, code=COMMON_001, message=Success, data={list=[com.company.project.service.menu.dto.MenuDto@6490d5a5]}, timestamp=2026-03-16T17:10:57.176042100]]
2026-03-16 17:10:57 [http-nio-8080-exec-12] INFO  c.c.p.a.i.OperationalAuditInterceptor - API Audit Log: URL=/api/v1/menu/left, User=webmaster, IP=127.0.0.1
2026-03-16 17:10:57 [http-nio-8080-exec-12] DEBUG o.s.web.servlet.DispatcherServlet - Completed 200 OK
2026-03-16 17:11:44 [http-nio-8080-exec-2] DEBUG c.c.p.s.jwt.JwtAuthenticationFilter - >>> [JwtFilter] Processing request: POST /api/v1/auth/login
2026-03-16 17:11:44 [http-nio-8080-exec-2] DEBUG c.c.p.s.jwt.JwtAuthenticationFilter - >>> [JwtFilter] Found token in header for path: /api/v1/auth/login
2026-03-16 17:11:44 [http-nio-8080-exec-2] DEBUG o.s.orm.jpa.JpaTransactionManager - Creating new transaction with name [com.company.project.security.iam.CustomUserDetailsService.loadUserByUsername]: PROPAGATION_REQUIRED,ISOLATION_DEFAULT,readOnly
2026-03-16 17:11:44 [http-nio-8080-exec-2] DEBUG o.s.orm.jpa.JpaTransactionManager - Opened new EntityManager [SessionImpl(1276359876<open>)] for JPA transaction
2026-03-16 17:11:44 [http-nio-8080-exec-2] DEBUG o.s.orm.jpa.JpaTransactionManager - Exposing JPA transaction as JDBC [org.springframework.orm.jpa.vendor.HibernateJpaDialect$HibernateConnectionHandle@6f374779]
2026-03-16 17:11:44 [http-nio-8080-exec-2] DEBUG o.s.orm.jpa.JpaTransactionManager - Found thread-bound EntityManager [SessionImpl(1276359876<open>)] for JPA transaction
2026-03-16 17:11:44 [http-nio-8080-exec-2] DEBUG o.s.orm.jpa.JpaTransactionManager - Participating in existing transaction
2026-03-16 17:11:44 [http-nio-8080-exec-2] DEBUG org.hibernate.SQL - select u1_0.emplyr_id,u1_0.area_no,u1_0.brthdy,u1_0.chg_pwd_cnt,u1_0.frst_register_id,u1_0.frst_regist_pnttm,u1_0.detail_adres,u1_0.email_adres,u1_0.emplyr_sttus_code,u1_0.empl_no,u1_0.esntl_id,u1_0.fxnum,u1_0.group_id,u1_0.house_adres,u1_0.house_end_telno,u1_0.house_middle_telno,u1_0.ihidnum,u1_0.pstinst_code,u1_0.last_updusr_id,u1_0.last_updt_pnttm,u1_0.lock_at,u1_0.lock_cnt,u1_0.lock_last_pnttm,u1_0.mbtlnum,u1_0.ofcps_nm,u1_0.offm_telno,u1_0.orgnzt_id,u1_0.password,u1_0.password_cnsr,u1_0.password_hint,u1_0.chg_pwd_last_pnttm,u1_0.role,u1_0.sbscrb_de,u1_0.sexdstn_code,u1_0.crtfc_dn_value,u1_0.user_nm,u1_0.zip from nemplyrinfo u1_0 where u1_0.emplyr_id=?
2026-03-16 17:11:44 [http-nio-8080-exec-2] DEBUG o.s.orm.jpa.JpaTransactionManager - Found thread-bound EntityManager [SessionImpl(1276359876<open>)] for JPA transaction
2026-03-16 17:11:44 [http-nio-8080-exec-2] DEBUG o.s.orm.jpa.JpaTransactionManager - Participating in existing transaction
2026-03-16 17:11:44 [http-nio-8080-exec-2] DEBUG org.hibernate.SQL - select ua1_0.scrty_dtrmn_trget_id,ua1_0.author_code,ua1_0.frst_register_id,ua1_0.frst_regist_pnttm,ua1_0.last_updusr_id,ua1_0.last_updt_pnttm,ua1_0.mber_ty_code from nemplyrscrtyestbs ua1_0 where ua1_0.scrty_dtrmn_trget_id=?
2026-03-16 17:11:44 [http-nio-8080-exec-2] DEBUG o.s.orm.jpa.JpaTransactionManager - Initiating transaction commit
2026-03-16 17:11:44 [http-nio-8080-exec-2] DEBUG o.s.orm.jpa.JpaTransactionManager - Committing JPA transaction on EntityManager [SessionImpl(1276359876<open>)]
2026-03-16 17:11:44 [http-nio-8080-exec-2] DEBUG o.s.orm.jpa.JpaTransactionManager - Closing JPA EntityManager [SessionImpl(1276359876<open>)] after transaction
2026-03-16 17:11:44 [http-nio-8080-exec-2] DEBUG c.c.p.s.jwt.JwtAuthenticationFilter - >>> [JwtFilter] Successfully authenticated user: USRCNFRM_99999999999, Authorities: [ROLE_ADMIN]
2026-03-16 17:11:44 [http-nio-8080-exec-2] DEBUG o.s.web.servlet.DispatcherServlet - POST "/api/v1/auth/login", parameters={}
2026-03-16 17:11:44 [http-nio-8080-exec-2] TRACE o.s.w.s.m.m.a.RequestMappingHandlerMapping - Mapped to com.company.project.api.auth.AuthController#login(Map, HttpServletResponse)
2026-03-16 17:11:44 [http-nio-8080-exec-2] TRACE o.s.w.s.m.m.a.RequestResponseBodyMethodProcessor - Read "application/json;charset=UTF-8" to [{id=webmaster, password=1}]
2026-03-16 17:11:44 [http-nio-8080-exec-2] INFO  c.c.project.api.auth.AuthController - >>> [Login] Attempting login for userId: webmaster
2026-03-16 17:11:44 [http-nio-8080-exec-2] DEBUG o.s.orm.jpa.JpaTransactionManager - Creating new transaction with name [com.company.project.security.iam.EgovAuthenticationProvider.authenticate]: PROPAGATION_REQUIRED,ISOLATION_DEFAULT
2026-03-16 17:11:44 [http-nio-8080-exec-2] DEBUG o.s.orm.jpa.JpaTransactionManager - Opened new EntityManager [SessionImpl(1221329840<open>)] for JPA transaction
2026-03-16 17:11:44 [http-nio-8080-exec-2] DEBUG o.s.orm.jpa.JpaTransactionManager - Exposing JPA transaction as JDBC [org.springframework.orm.jpa.vendor.HibernateJpaDialect$HibernateConnectionHandle@2ef8f1a3]
2026-03-16 17:11:44 [http-nio-8080-exec-2] INFO  c.c.p.s.i.EgovAuthenticationProvider - >>> [EgovAuthenticationProvider] Attempting authentication for userId: webmaster
2026-03-16 17:11:44 [http-nio-8080-exec-2] INFO  c.c.p.s.i.EgovAuthenticationProvider - >>> [EgovAuthenticationProvider] DB check started for userId: webmaster
2026-03-16 17:11:44 [http-nio-8080-exec-2] DEBUG o.s.orm.jpa.JpaTransactionManager - Found thread-bound EntityManager [SessionImpl(1221329840<open>)] for JPA transaction
2026-03-16 17:11:44 [http-nio-8080-exec-2] DEBUG o.s.orm.jpa.JpaTransactionManager - Participating in existing transaction
2026-03-16 17:11:44 [http-nio-8080-exec-2] DEBUG org.hibernate.SQL - select u1_0.emplyr_id,u1_0.area_no,u1_0.brthdy,u1_0.chg_pwd_cnt,u1_0.frst_register_id,u1_0.frst_regist_pnttm,u1_0.detail_adres,u1_0.email_adres,u1_0.emplyr_sttus_code,u1_0.empl_no,u1_0.esntl_id,u1_0.fxnum,u1_0.group_id,u1_0.house_adres,u1_0.house_end_telno,u1_0.house_middle_telno,u1_0.ihidnum,u1_0.pstinst_code,u1_0.last_updusr_id,u1_0.last_updt_pnttm,u1_0.lock_at,u1_0.lock_cnt,u1_0.lock_last_pnttm,u1_0.mbtlnum,u1_0.ofcps_nm,u1_0.offm_telno,u1_0.orgnzt_id,u1_0.password,u1_0.password_cnsr,u1_0.password_hint,u1_0.chg_pwd_last_pnttm,u1_0.role,u1_0.sbscrb_de,u1_0.sexdstn_code,u1_0.crtfc_dn_value,u1_0.user_nm,u1_0.zip from nemplyrinfo u1_0 where u1_0.emplyr_id=?
2026-03-16 17:11:45 [http-nio-8080-exec-2] INFO  c.c.p.s.i.EgovAuthenticationProvider - >>> [EgovAuthenticationProvider] User found by findById: webmaster
2026-03-16 17:11:45 [http-nio-8080-exec-2] INFO  c.c.p.s.i.EgovAuthenticationProvider - >>> [EgovAuthenticationProvider] User found: webmaster, DB password hash: {bcrypt}$2a$10$NRnqN.nwZxWe01BiSsk4Su.qlAj87Ys//VJVJf2WKEs3JzaQyJsGO
2026-03-16 17:11:45 [http-nio-8080-exec-2] INFO  c.c.p.s.i.EgovAuthenticationProvider - >>> [EgovAuthenticationProvider] Trying standard PasswordEncoder.
2026-03-16 17:11:45 [http-nio-8080-exec-2] DEBUG o.s.orm.jpa.JpaTransactionManager - Found thread-bound EntityManager [SessionImpl(1221329840<open>)] for JPA transaction
2026-03-16 17:11:45 [http-nio-8080-exec-2] DEBUG o.s.orm.jpa.JpaTransactionManager - Participating in existing transaction
2026-03-16 17:11:45 [http-nio-8080-exec-2] INFO  c.c.p.s.i.EgovAuthenticationProvider - >>> Authenticating user: webmaster, esntlId: USRCNFRM_99999999999, Inherent Role: ADMIN
2026-03-16 17:11:45 [http-nio-8080-exec-2] DEBUG o.s.orm.jpa.JpaTransactionManager - Found thread-bound EntityManager [SessionImpl(1221329840<open>)] for JPA transaction
2026-03-16 17:11:45 [http-nio-8080-exec-2] DEBUG o.s.orm.jpa.JpaTransactionManager - Participating in existing transaction
2026-03-16 17:11:45 [http-nio-8080-exec-2] DEBUG org.hibernate.SQL - select ua1_0.scrty_dtrmn_trget_id,ua1_0.author_code,ua1_0.frst_register_id,ua1_0.frst_regist_pnttm,ua1_0.last_updusr_id,ua1_0.last_updt_pnttm,ua1_0.mber_ty_code from nemplyrscrtyestbs ua1_0 where ua1_0.scrty_dtrmn_trget_id=?
2026-03-16 17:11:45 [http-nio-8080-exec-2] INFO  c.c.p.s.i.EgovAuthenticationProvider - >>> Role from DB table (NEMPLYRSCRTYESTBS): ROLE_ADMIN
2026-03-16 17:11:45 [http-nio-8080-exec-2] INFO  c.c.p.s.i.EgovAuthenticationProvider - >>> [SPECIAL] Forcing ROLE_ADMIN for user: webmaster
2026-03-16 17:11:45 [http-nio-8080-exec-2] INFO  c.c.p.s.i.EgovAuthenticationProvider - >>> Final resolved authorCode for user webmaster: ROLE_ADMIN
2026-03-16 17:11:45 [http-nio-8080-exec-2] DEBUG o.s.orm.jpa.JpaTransactionManager - Initiating transaction commit
2026-03-16 17:11:45 [http-nio-8080-exec-2] DEBUG o.s.orm.jpa.JpaTransactionManager - Committing JPA transaction on EntityManager [SessionImpl(1221329840<open>)]
2026-03-16 17:11:45 [http-nio-8080-exec-2] DEBUG o.s.orm.jpa.JpaTransactionManager - Closing JPA EntityManager [SessionImpl(1221329840<open>)] after transaction
2026-03-16 17:11:45 [http-nio-8080-exec-2] DEBUG o.s.w.s.m.m.a.RequestResponseBodyMethodProcessor - Using 'application/json', given [application/json, text/plain, */*] and supported [application/json, application/*+json, application/yaml]
2026-03-16 17:11:45 [http-nio-8080-exec-2] TRACE o.s.w.s.m.m.a.RequestResponseBodyMethodProcessor - Writing [ApiResponse[success=true, status=200, code=COMMON_001, message=Success, data={role=ROLE_ADMIN, accessToken=eyJhbGciOiJIUzUxMiJ9.eyJzdWIiOiJ3ZWJtYXN0ZXIiLCJyb2xlIjoiUk9MRV9BRE1JTiIsImlhdCI6MTc3MzY0ODcwNSwiZXhwIjoxNzczNjUyMzA1fQ.p8PI_KNqRER9s_083PfH8Hcp7T9kQknMKMToGUTpa4rX7mRv1IIGw0RiUVvOf24Qj3LtDy4E6mGnK7_tPLUcbA}, timestamp=2026-03-16T17:11:45.515877700]]
2026-03-16 17:11:45 [http-nio-8080-exec-2] INFO  c.c.p.a.i.OperationalAuditInterceptor - API Audit Log: URL=/api/v1/auth/login, User=webmaster, IP=127.0.0.1
2026-03-16 17:11:45 [http-nio-8080-exec-2] DEBUG o.s.web.servlet.DispatcherServlet - Completed 200 OK
2026-03-16 17:11:45 [http-nio-8080-exec-9] DEBUG c.c.p.s.jwt.JwtAuthenticationFilter - >>> [JwtFilter] Processing request: GET /api/v1/auth/me
2026-03-16 17:11:45 [http-nio-8080-exec-9] DEBUG c.c.p.s.jwt.JwtAuthenticationFilter - >>> [JwtFilter] Found token in header for path: /api/v1/auth/me
2026-03-16 17:11:45 [http-nio-8080-exec-9] DEBUG o.s.orm.jpa.JpaTransactionManager - Creating new transaction with name [com.company.project.security.iam.CustomUserDetailsService.loadUserByUsername]: PROPAGATION_REQUIRED,ISOLATION_DEFAULT,readOnly
2026-03-16 17:11:45 [http-nio-8080-exec-9] DEBUG o.s.orm.jpa.JpaTransactionManager - Opened new EntityManager [SessionImpl(1480227670<open>)] for JPA transaction
2026-03-16 17:11:45 [http-nio-8080-exec-9] DEBUG o.s.orm.jpa.JpaTransactionManager - Exposing JPA transaction as JDBC [org.springframework.orm.jpa.vendor.HibernateJpaDialect$HibernateConnectionHandle@3c876897]
2026-03-16 17:11:45 [http-nio-8080-exec-9] DEBUG o.s.orm.jpa.JpaTransactionManager - Found thread-bound EntityManager [SessionImpl(1480227670<open>)] for JPA transaction
2026-03-16 17:11:45 [http-nio-8080-exec-9] DEBUG o.s.orm.jpa.JpaTransactionManager - Participating in existing transaction
2026-03-16 17:11:45 [http-nio-8080-exec-9] DEBUG org.hibernate.SQL - select u1_0.emplyr_id,u1_0.area_no,u1_0.brthdy,u1_0.chg_pwd_cnt,u1_0.frst_register_id,u1_0.frst_regist_pnttm,u1_0.detail_adres,u1_0.email_adres,u1_0.emplyr_sttus_code,u1_0.empl_no,u1_0.esntl_id,u1_0.fxnum,u1_0.group_id,u1_0.house_adres,u1_0.house_end_telno,u1_0.house_middle_telno,u1_0.ihidnum,u1_0.pstinst_code,u1_0.last_updusr_id,u1_0.last_updt_pnttm,u1_0.lock_at,u1_0.lock_cnt,u1_0.lock_last_pnttm,u1_0.mbtlnum,u1_0.ofcps_nm,u1_0.offm_telno,u1_0.orgnzt_id,u1_0.password,u1_0.password_cnsr,u1_0.password_hint,u1_0.chg_pwd_last_pnttm,u1_0.role,u1_0.sbscrb_de,u1_0.sexdstn_code,u1_0.crtfc_dn_value,u1_0.user_nm,u1_0.zip from nemplyrinfo u1_0 where u1_0.emplyr_id=?
2026-03-16 17:11:45 [http-nio-8080-exec-9] DEBUG o.s.orm.jpa.JpaTransactionManager - Found thread-bound EntityManager [SessionImpl(1480227670<open>)] for JPA transaction
2026-03-16 17:11:45 [http-nio-8080-exec-9] DEBUG o.s.orm.jpa.JpaTransactionManager - Participating in existing transaction
2026-03-16 17:11:45 [http-nio-8080-exec-9] DEBUG org.hibernate.SQL - select ua1_0.scrty_dtrmn_trget_id,ua1_0.author_code,ua1_0.frst_register_id,ua1_0.frst_regist_pnttm,ua1_0.last_updusr_id,ua1_0.last_updt_pnttm,ua1_0.mber_ty_code from nemplyrscrtyestbs ua1_0 where ua1_0.scrty_dtrmn_trget_id=?
2026-03-16 17:11:46 [http-nio-8080-exec-9] DEBUG o.s.orm.jpa.JpaTransactionManager - Initiating transaction commit
2026-03-16 17:11:46 [http-nio-8080-exec-9] DEBUG o.s.orm.jpa.JpaTransactionManager - Committing JPA transaction on EntityManager [SessionImpl(1480227670<open>)]
2026-03-16 17:11:46 [http-nio-8080-exec-9] DEBUG o.s.orm.jpa.JpaTransactionManager - Closing JPA EntityManager [SessionImpl(1480227670<open>)] after transaction
2026-03-16 17:11:46 [http-nio-8080-exec-9] DEBUG c.c.p.s.jwt.JwtAuthenticationFilter - >>> [JwtFilter] Successfully authenticated user: USRCNFRM_99999999999, Authorities: [ROLE_ADMIN]
2026-03-16 17:11:46 [http-nio-8080-exec-9] DEBUG o.s.web.servlet.DispatcherServlet - GET "/api/v1/auth/me", parameters={}
2026-03-16 17:11:46 [http-nio-8080-exec-9] TRACE o.s.w.s.m.m.a.RequestMappingHandlerMapping - Mapped to com.company.project.api.auth.AuthController#getCurrentUser()
2026-03-16 17:11:46 [http-nio-8080-exec-9] DEBUG o.s.w.s.m.m.a.RequestResponseBodyMethodProcessor - Using 'application/json', given [application/json, text/plain, */*] and supported [application/json, application/*+json, application/yaml]
2026-03-16 17:11:46 [http-nio-8080-exec-9] TRACE o.s.w.s.m.m.a.RequestResponseBodyMethodProcessor - Writing [ApiResponse[success=true, status=200, code=COMMON_001, message=Success, data={role=ROLE_ADMIN, userSe=EMP, name=관리자, id=webmaster}, timestamp=2026-03-16T17:11:46.225797500]]
2026-03-16 17:11:46 [http-nio-8080-exec-9] INFO  c.c.p.a.i.OperationalAuditInterceptor - API Audit Log: URL=/api/v1/auth/me, User=webmaster, IP=127.0.0.1
2026-03-16 17:11:46 [http-nio-8080-exec-9] DEBUG o.s.web.servlet.DispatcherServlet - Completed 200 OK
2026-03-16 17:11:46 [scheduling-1] DEBUG org.springframework.web.SimpLogging - Processing UNSUBSCRIBE id=sub-2 session=xes2q40o
2026-03-16 17:11:46 [scheduling-1] DEBUG org.springframework.web.SimpLogging - Processing UNSUBSCRIBE id=sub-3 session=xes2q40o
2026-03-16 17:11:46 [scheduling-1] DEBUG org.springframework.web.SimpLogging - Processing DISCONNECT receipt=close-4 session=xes2q40o
2026-03-16 17:11:46 [scheduling-1] DEBUG org.springframework.web.SimpLogging - Processing SUBSCRIBE /topic/public id=sub-5 session=xes2q40o
2026-03-16 17:11:46 [http-nio-8080-exec-3] DEBUG o.s.w.s.h.LoggingWebSocketHandlerDecorator - WebSocketServerSockJsSession[id=xes2q40o] closed with CloseStatus[code=1000, reason=null]
2026-03-16 17:11:46 [http-nio-8080-exec-3] DEBUG o.s.w.s.m.SubProtocolWebSocketHandler - Clearing session xes2q40o
2026-03-16 17:11:46 [scheduling-1] DEBUG org.springframework.web.SimpLogging - Processing DISCONNECT session=xes2q40o
2026-03-16 17:11:46 [scheduling-1] DEBUG o.s.w.s.m.SubProtocolWebSocketHandler - No session for GenericMessage [payload=byte[0], headers={simpMessageType=DISCONNECT_ACK, simpDisconnectMessage=GenericMessage [payload=byte[0], headers={simpMessageType=DISCONNECT, stompCommand=DISCONNECT, simpSessionAttributes={org.springframework.messaging.simp.SimpAttributes.COMPLETED=true}, simpSessionId=xes2q40o}], simpSessionId=xes2q40o}]
2026-03-16 17:11:46 [http-nio-8080-exec-19] DEBUG c.c.p.s.jwt.JwtAuthenticationFilter - >>> [JwtFilter] Processing request: GET /api/v1/notifications
2026-03-16 17:11:46 [http-nio-8080-exec-19] DEBUG c.c.p.s.jwt.JwtAuthenticationFilter - >>> [JwtFilter] Found token in header for path: /api/v1/notifications
2026-03-16 17:11:46 [http-nio-8080-exec-19] DEBUG o.s.orm.jpa.JpaTransactionManager - Creating new transaction with name [com.company.project.security.iam.CustomUserDetailsService.loadUserByUsername]: PROPAGATION_REQUIRED,ISOLATION_DEFAULT,readOnly
2026-03-16 17:11:46 [http-nio-8080-exec-19] DEBUG o.s.orm.jpa.JpaTransactionManager - Opened new EntityManager [SessionImpl(251879931<open>)] for JPA transaction
2026-03-16 17:11:46 [http-nio-8080-exec-8] DEBUG o.s.web.servlet.DispatcherServlet - GET "/ws/info?t=1773648706313", parameters={masked}
2026-03-16 17:11:46 [http-nio-8080-exec-8] DEBUG o.s.w.s.s.s.WebSocketHandlerMapping - Mapped to org.springframework.web.socket.sockjs.support.SockJsHttpRequestHandler@3d80b7ba
2026-03-16 17:11:46 [http-nio-8080-exec-8] DEBUG o.s.w.s.s.t.h.DefaultSockJsService - Processing transport request: GET http://localhost:8080/ws/info?t=1773648706313
2026-03-16 17:11:46 [http-nio-8080-exec-8] DEBUG o.s.web.servlet.DispatcherServlet - Completed 200 OK
2026-03-16 17:11:46 [http-nio-8080-exec-13] DEBUG c.c.p.s.jwt.JwtAuthenticationFilter - >>> [JwtFilter] Processing request: GET /api/v1/notifications/unread-count
2026-03-16 17:11:46 [http-nio-8080-exec-13] DEBUG c.c.p.s.jwt.JwtAuthenticationFilter - >>> [JwtFilter] Found token in header for path: /api/v1/notifications/unread-count
2026-03-16 17:11:46 [http-nio-8080-exec-13] DEBUG o.s.orm.jpa.JpaTransactionManager - Creating new transaction with name [com.company.project.security.iam.CustomUserDetailsService.loadUserByUsername]: PROPAGATION_REQUIRED,ISOLATION_DEFAULT,readOnly
2026-03-16 17:11:46 [http-nio-8080-exec-13] DEBUG o.s.orm.jpa.JpaTransactionManager - Opened new EntityManager [SessionImpl(1656228838<open>)] for JPA transaction
2026-03-16 17:11:46 [http-nio-8080-exec-10] DEBUG o.s.web.servlet.DispatcherServlet - GET "/ws/173/aqdp154t/websocket", parameters={}
2026-03-16 17:11:46 [http-nio-8080-exec-10] DEBUG o.s.w.s.s.s.WebSocketHandlerMapping - Mapped to org.springframework.web.socket.sockjs.support.SockJsHttpRequestHandler@3d80b7ba
2026-03-16 17:11:46 [http-nio-8080-exec-10] DEBUG o.s.w.s.s.t.h.DefaultSockJsService - Processing transport request: GET http://localhost:8080/ws/173/aqdp154t/websocket
2026-03-16 17:11:46 [http-nio-8080-exec-10] DEBUG o.s.web.servlet.DispatcherServlet - Completed 101 SWITCHING_PROTOCOLS
2026-03-16 17:11:46 [http-nio-8080-exec-10] DEBUG o.s.w.s.h.LoggingWebSocketHandlerDecorator - New WebSocketServerSockJsSession[id=aqdp154t]
2026-03-16 17:11:46 [scheduling-1] DEBUG org.springframework.web.SimpLogging - Processing CONNECT session=aqdp154t
2026-03-16 17:11:46 [scheduling-1] DEBUG org.springframework.web.SimpLogging - Processing SUBSCRIBE /topic/notices id=sub-0 session=aqdp154t
2026-03-16 17:11:46 [scheduling-1] DEBUG org.springframework.web.SimpLogging - Processing SUBSCRIBE destination=/queue/notifications-useraqdp154t subscriptionId=sub-1 session=aqdp154t payload=byte[0]
2026-03-16 17:11:46 [http-nio-8080-exec-19] DEBUG o.s.orm.jpa.JpaTransactionManager - Exposing JPA transaction as JDBC [org.springframework.orm.jpa.vendor.HibernateJpaDialect$HibernateConnectionHandle@3aa2ccac]
2026-03-16 17:11:46 [http-nio-8080-exec-19] DEBUG o.s.orm.jpa.JpaTransactionManager - Found thread-bound EntityManager [SessionImpl(251879931<open>)] for JPA transaction
2026-03-16 17:11:46 [http-nio-8080-exec-19] DEBUG o.s.orm.jpa.JpaTransactionManager - Participating in existing transaction
2026-03-16 17:11:46 [http-nio-8080-exec-19] DEBUG org.hibernate.SQL - select u1_0.emplyr_id,u1_0.area_no,u1_0.brthdy,u1_0.chg_pwd_cnt,u1_0.frst_register_id,u1_0.frst_regist_pnttm,u1_0.detail_adres,u1_0.email_adres,u1_0.emplyr_sttus_code,u1_0.empl_no,u1_0.esntl_id,u1_0.fxnum,u1_0.group_id,u1_0.house_adres,u1_0.house_end_telno,u1_0.house_middle_telno,u1_0.ihidnum,u1_0.pstinst_code,u1_0.last_updusr_id,u1_0.last_updt_pnttm,u1_0.lock_at,u1_0.lock_cnt,u1_0.lock_last_pnttm,u1_0.mbtlnum,u1_0.ofcps_nm,u1_0.offm_telno,u1_0.orgnzt_id,u1_0.password,u1_0.password_cnsr,u1_0.password_hint,u1_0.chg_pwd_last_pnttm,u1_0.role,u1_0.sbscrb_de,u1_0.sexdstn_code,u1_0.crtfc_dn_value,u1_0.user_nm,u1_0.zip from nemplyrinfo u1_0 where u1_0.emplyr_id=?
2026-03-16 17:11:46 [http-nio-8080-exec-13] DEBUG o.s.orm.jpa.JpaTransactionManager - Exposing JPA transaction as JDBC [org.springframework.orm.jpa.vendor.HibernateJpaDialect$HibernateConnectionHandle@1302e9c9]
2026-03-16 17:11:46 [http-nio-8080-exec-13] DEBUG o.s.orm.jpa.JpaTransactionManager - Found thread-bound EntityManager [SessionImpl(1656228838<open>)] for JPA transaction
2026-03-16 17:11:46 [http-nio-8080-exec-13] DEBUG o.s.orm.jpa.JpaTransactionManager - Participating in existing transaction
2026-03-16 17:11:46 [http-nio-8080-exec-13] DEBUG org.hibernate.SQL - select u1_0.emplyr_id,u1_0.area_no,u1_0.brthdy,u1_0.chg_pwd_cnt,u1_0.frst_register_id,u1_0.frst_regist_pnttm,u1_0.detail_adres,u1_0.email_adres,u1_0.emplyr_sttus_code,u1_0.empl_no,u1_0.esntl_id,u1_0.fxnum,u1_0.group_id,u1_0.house_adres,u1_0.house_end_telno,u1_0.house_middle_telno,u1_0.ihidnum,u1_0.pstinst_code,u1_0.last_updusr_id,u1_0.last_updt_pnttm,u1_0.lock_at,u1_0.lock_cnt,u1_0.lock_last_pnttm,u1_0.mbtlnum,u1_0.ofcps_nm,u1_0.offm_telno,u1_0.orgnzt_id,u1_0.password,u1_0.password_cnsr,u1_0.password_hint,u1_0.chg_pwd_last_pnttm,u1_0.role,u1_0.sbscrb_de,u1_0.sexdstn_code,u1_0.crtfc_dn_value,u1_0.user_nm,u1_0.zip from nemplyrinfo u1_0 where u1_0.emplyr_id=?
2026-03-16 17:11:46 [http-nio-8080-exec-9] DEBUG c.c.p.s.jwt.JwtAuthenticationFilter - >>> [JwtFilter] Processing request: GET /api/v1/dashboard
2026-03-16 17:11:46 [http-nio-8080-exec-2] DEBUG c.c.p.s.jwt.JwtAuthenticationFilter - >>> [JwtFilter] Processing request: GET /api/v1/menu/head
2026-03-16 17:11:46 [http-nio-8080-exec-9] DEBUG c.c.p.s.jwt.JwtAuthenticationFilter - >>> [JwtFilter] Found token in header for path: /api/v1/dashboard
2026-03-16 17:11:46 [http-nio-8080-exec-2] DEBUG c.c.p.s.jwt.JwtAuthenticationFilter - >>> [JwtFilter] Found token in header for path: /api/v1/menu/head
2026-03-16 17:11:46 [http-nio-8080-exec-2] DEBUG o.s.orm.jpa.JpaTransactionManager - Creating new transaction with name [com.company.project.security.iam.CustomUserDetailsService.loadUserByUsername]: PROPAGATION_REQUIRED,ISOLATION_DEFAULT,readOnly
2026-03-16 17:11:46 [http-nio-8080-exec-9] DEBUG o.s.orm.jpa.JpaTransactionManager - Creating new transaction with name [com.company.project.security.iam.CustomUserDetailsService.loadUserByUsername]: PROPAGATION_REQUIRED,ISOLATION_DEFAULT,readOnly
2026-03-16 17:11:46 [http-nio-8080-exec-2] DEBUG o.s.orm.jpa.JpaTransactionManager - Opened new EntityManager [SessionImpl(277285113<open>)] for JPA transaction
2026-03-16 17:11:46 [http-nio-8080-exec-9] DEBUG o.s.orm.jpa.JpaTransactionManager - Opened new EntityManager [SessionImpl(1092747191<open>)] for JPA transaction
2026-03-16 17:11:46 [http-nio-8080-exec-9] DEBUG o.s.orm.jpa.JpaTransactionManager - Exposing JPA transaction as JDBC [org.springframework.orm.jpa.vendor.HibernateJpaDialect$HibernateConnectionHandle@3f12f5d1]
2026-03-16 17:11:46 [http-nio-8080-exec-9] DEBUG o.s.orm.jpa.JpaTransactionManager - Found thread-bound EntityManager [SessionImpl(1092747191<open>)] for JPA transaction
2026-03-16 17:11:46 [http-nio-8080-exec-9] DEBUG o.s.orm.jpa.JpaTransactionManager - Participating in existing transaction
2026-03-16 17:11:46 [http-nio-8080-exec-9] DEBUG org.hibernate.SQL - select u1_0.emplyr_id,u1_0.area_no,u1_0.brthdy,u1_0.chg_pwd_cnt,u1_0.frst_register_id,u1_0.frst_regist_pnttm,u1_0.detail_adres,u1_0.email_adres,u1_0.emplyr_sttus_code,u1_0.empl_no,u1_0.esntl_id,u1_0.fxnum,u1_0.group_id,u1_0.house_adres,u1_0.house_end_telno,u1_0.house_middle_telno,u1_0.ihidnum,u1_0.pstinst_code,u1_0.last_updusr_id,u1_0.last_updt_pnttm,u1_0.lock_at,u1_0.lock_cnt,u1_0.lock_last_pnttm,u1_0.mbtlnum,u1_0.ofcps_nm,u1_0.offm_telno,u1_0.orgnzt_id,u1_0.password,u1_0.password_cnsr,u1_0.password_hint,u1_0.chg_pwd_last_pnttm,u1_0.role,u1_0.sbscrb_de,u1_0.sexdstn_code,u1_0.crtfc_dn_value,u1_0.user_nm,u1_0.zip from nemplyrinfo u1_0 where u1_0.emplyr_id=?
2026-03-16 17:11:46 [http-nio-8080-exec-19] DEBUG o.s.orm.jpa.JpaTransactionManager - Found thread-bound EntityManager [SessionImpl(251879931<open>)] for JPA transaction
2026-03-16 17:11:46 [http-nio-8080-exec-19] DEBUG o.s.orm.jpa.JpaTransactionManager - Participating in existing transaction
2026-03-16 17:11:46 [http-nio-8080-exec-19] DEBUG org.hibernate.SQL - select ua1_0.scrty_dtrmn_trget_id,ua1_0.author_code,ua1_0.frst_register_id,ua1_0.frst_regist_pnttm,ua1_0.last_updusr_id,ua1_0.last_updt_pnttm,ua1_0.mber_ty_code from nemplyrscrtyestbs ua1_0 where ua1_0.scrty_dtrmn_trget_id=?
2026-03-16 17:11:46 [http-nio-8080-exec-13] DEBUG o.s.orm.jpa.JpaTransactionManager - Found thread-bound EntityManager [SessionImpl(1656228838<open>)] for JPA transaction
2026-03-16 17:11:46 [http-nio-8080-exec-13] DEBUG o.s.orm.jpa.JpaTransactionManager - Participating in existing transaction
2026-03-16 17:11:46 [http-nio-8080-exec-13] DEBUG org.hibernate.SQL - select ua1_0.scrty_dtrmn_trget_id,ua1_0.author_code,ua1_0.frst_register_id,ua1_0.frst_regist_pnttm,ua1_0.last_updusr_id,ua1_0.last_updt_pnttm,ua1_0.mber_ty_code from nemplyrscrtyestbs ua1_0 where ua1_0.scrty_dtrmn_trget_id=?
2026-03-16 17:11:46 [http-nio-8080-exec-2] DEBUG o.s.orm.jpa.JpaTransactionManager - Exposing JPA transaction as JDBC [org.springframework.orm.jpa.vendor.HibernateJpaDialect$HibernateConnectionHandle@3bd3198]
2026-03-16 17:11:46 [http-nio-8080-exec-9] DEBUG o.s.orm.jpa.JpaTransactionManager - Found thread-bound EntityManager [SessionImpl(1092747191<open>)] for JPA transaction
2026-03-16 17:11:46 [http-nio-8080-exec-2] DEBUG o.s.orm.jpa.JpaTransactionManager - Found thread-bound EntityManager [SessionImpl(277285113<open>)] for JPA transaction
2026-03-16 17:11:46 [http-nio-8080-exec-9] DEBUG o.s.orm.jpa.JpaTransactionManager - Participating in existing transaction
2026-03-16 17:11:46 [http-nio-8080-exec-2] DEBUG o.s.orm.jpa.JpaTransactionManager - Participating in existing transaction
2026-03-16 17:11:46 [http-nio-8080-exec-9] DEBUG org.hibernate.SQL - select ua1_0.scrty_dtrmn_trget_id,ua1_0.author_code,ua1_0.frst_register_id,ua1_0.frst_regist_pnttm,ua1_0.last_updusr_id,ua1_0.last_updt_pnttm,ua1_0.mber_ty_code from nemplyrscrtyestbs ua1_0 where ua1_0.scrty_dtrmn_trget_id=?
2026-03-16 17:11:46 [http-nio-8080-exec-2] DEBUG org.hibernate.SQL - select u1_0.emplyr_id,u1_0.area_no,u1_0.brthdy,u1_0.chg_pwd_cnt,u1_0.frst_register_id,u1_0.frst_regist_pnttm,u1_0.detail_adres,u1_0.email_adres,u1_0.emplyr_sttus_code,u1_0.empl_no,u1_0.esntl_id,u1_0.fxnum,u1_0.group_id,u1_0.house_adres,u1_0.house_end_telno,u1_0.house_middle_telno,u1_0.ihidnum,u1_0.pstinst_code,u1_0.last_updusr_id,u1_0.last_updt_pnttm,u1_0.lock_at,u1_0.lock_cnt,u1_0.lock_last_pnttm,u1_0.mbtlnum,u1_0.ofcps_nm,u1_0.offm_telno,u1_0.orgnzt_id,u1_0.password,u1_0.password_cnsr,u1_0.password_hint,u1_0.chg_pwd_last_pnttm,u1_0.role,u1_0.sbscrb_de,u1_0.sexdstn_code,u1_0.crtfc_dn_value,u1_0.user_nm,u1_0.zip from nemplyrinfo u1_0 where u1_0.emplyr_id=?
2026-03-16 17:11:46 [http-nio-8080-exec-19] DEBUG o.s.orm.jpa.JpaTransactionManager - Initiating transaction commit
2026-03-16 17:11:46 [http-nio-8080-exec-19] DEBUG o.s.orm.jpa.JpaTransactionManager - Committing JPA transaction on EntityManager [SessionImpl(251879931<open>)]
2026-03-16 17:11:46 [http-nio-8080-exec-13] DEBUG o.s.orm.jpa.JpaTransactionManager - Initiating transaction commit
2026-03-16 17:11:46 [http-nio-8080-exec-13] DEBUG o.s.orm.jpa.JpaTransactionManager - Committing JPA transaction on EntityManager [SessionImpl(1656228838<open>)]
2026-03-16 17:11:46 [http-nio-8080-exec-9] DEBUG o.s.orm.jpa.JpaTransactionManager - Initiating transaction commit
2026-03-16 17:11:46 [http-nio-8080-exec-2] DEBUG o.s.orm.jpa.JpaTransactionManager - Found thread-bound EntityManager [SessionImpl(277285113<open>)] for JPA transaction
2026-03-16 17:11:46 [http-nio-8080-exec-9] DEBUG o.s.orm.jpa.JpaTransactionManager - Committing JPA transaction on EntityManager [SessionImpl(1092747191<open>)]
2026-03-16 17:11:46 [http-nio-8080-exec-2] DEBUG o.s.orm.jpa.JpaTransactionManager - Participating in existing transaction
2026-03-16 17:11:46 [http-nio-8080-exec-2] DEBUG org.hibernate.SQL - select ua1_0.scrty_dtrmn_trget_id,ua1_0.author_code,ua1_0.frst_register_id,ua1_0.frst_regist_pnttm,ua1_0.last_updusr_id,ua1_0.last_updt_pnttm,ua1_0.mber_ty_code from nemplyrscrtyestbs ua1_0 where ua1_0.scrty_dtrmn_trget_id=?
2026-03-16 17:11:46 [http-nio-8080-exec-19] DEBUG o.s.orm.jpa.JpaTransactionManager - Closing JPA EntityManager [SessionImpl(251879931<open>)] after transaction
2026-03-16 17:11:46 [http-nio-8080-exec-19] DEBUG c.c.p.s.jwt.JwtAuthenticationFilter - >>> [JwtFilter] Successfully authenticated user: USRCNFRM_99999999999, Authorities: [ROLE_ADMIN]
2026-03-16 17:11:46 [http-nio-8080-exec-19] DEBUG o.s.web.servlet.DispatcherServlet - GET "/api/v1/notifications", parameters={}
2026-03-16 17:11:46 [http-nio-8080-exec-19] TRACE o.s.w.s.m.m.a.RequestMappingHandlerMapping - Mapped to com.company.project.api.controller.notification.NotificationController#getMyNotifications(UserDetails)
2026-03-16 17:11:46 [http-nio-8080-exec-19] DEBUG o.s.orm.jpa.JpaTransactionManager - Creating new transaction with name [com.company.project.service.notification.NotificationService.getActiveNotifications]: PROPAGATION_REQUIRED,ISOLATION_DEFAULT,readOnly
2026-03-16 17:11:46 [http-nio-8080-exec-19] DEBUG o.s.orm.jpa.JpaTransactionManager - Opened new EntityManager [SessionImpl(1444818195<open>)] for JPA transaction
2026-03-16 17:11:46 [http-nio-8080-exec-19] DEBUG o.s.orm.jpa.JpaTransactionManager - Exposing JPA transaction as JDBC [org.springframework.orm.jpa.vendor.HibernateJpaDialect$HibernateConnectionHandle@7e56137b]
2026-03-16 17:11:46 [http-nio-8080-exec-19] DEBUG o.s.orm.jpa.JpaTransactionManager - Found thread-bound EntityManager [SessionImpl(1444818195<open>)] for JPA transaction
2026-03-16 17:11:46 [http-nio-8080-exec-19] DEBUG o.s.orm.jpa.JpaTransactionManager - Participating in existing transaction
2026-03-16 17:11:46 [http-nio-8080-exec-19] DEBUG org.hibernate.SQL - select n1_0.ntcn_no,n1_0.frst_register_id,n1_0.frst_regist_pnttm,n1_0.is_read,n1_0.last_updusr_id,n1_0.last_updt_pnttm,n1_0.link_url,n1_0.ntcn_cn,n1_0.ntcn_sj,n1_0.receiver_id from n_user_notification n1_0
2026-03-16 17:11:46 [http-nio-8080-exec-13] DEBUG o.s.orm.jpa.JpaTransactionManager - Closing JPA EntityManager [SessionImpl(1656228838<open>)] after transaction
2026-03-16 17:11:46 [http-nio-8080-exec-13] DEBUG c.c.p.s.jwt.JwtAuthenticationFilter - >>> [JwtFilter] Successfully authenticated user: USRCNFRM_99999999999, Authorities: [ROLE_ADMIN]
2026-03-16 17:11:46 [http-nio-8080-exec-13] DEBUG o.s.web.servlet.DispatcherServlet - GET "/api/v1/notifications/unread-count", parameters={}
2026-03-16 17:11:46 [http-nio-8080-exec-13] TRACE o.s.w.s.m.m.a.RequestMappingHandlerMapping - Mapped to com.company.project.api.controller.notification.NotificationController#getUnreadCount(UserDetails)
2026-03-16 17:11:46 [http-nio-8080-exec-13] DEBUG o.s.orm.jpa.JpaTransactionManager - Creating new transaction with name [com.company.project.service.notification.NotificationService.getUnreadCount]: PROPAGATION_REQUIRED,ISOLATION_DEFAULT,readOnly
2026-03-16 17:11:46 [http-nio-8080-exec-13] DEBUG o.s.orm.jpa.JpaTransactionManager - Opened new EntityManager [SessionImpl(1538985523<open>)] for JPA transaction
2026-03-16 17:11:46 [http-nio-8080-exec-13] DEBUG o.s.orm.jpa.JpaTransactionManager - Exposing JPA transaction as JDBC [org.springframework.orm.jpa.vendor.HibernateJpaDialect$HibernateConnectionHandle@18c287b7]
2026-03-16 17:11:46 [http-nio-8080-exec-13] DEBUG org.hibernate.SQL - select count(n1_0.ntcn_no) from n_user_notification n1_0 where n1_0.receiver_id=? and n1_0.is_read=?
2026-03-16 17:11:47 [http-nio-8080-exec-9] DEBUG o.s.orm.jpa.JpaTransactionManager - Closing JPA EntityManager [SessionImpl(1092747191<open>)] after transaction
2026-03-16 17:11:47 [http-nio-8080-exec-2] DEBUG o.s.orm.jpa.JpaTransactionManager - Initiating transaction commit
2026-03-16 17:11:47 [http-nio-8080-exec-9] DEBUG c.c.p.s.jwt.JwtAuthenticationFilter - >>> [JwtFilter] Successfully authenticated user: USRCNFRM_99999999999, Authorities: [ROLE_ADMIN]
2026-03-16 17:11:47 [http-nio-8080-exec-2] DEBUG o.s.orm.jpa.JpaTransactionManager - Committing JPA transaction on EntityManager [SessionImpl(277285113<open>)]
2026-03-16 17:11:47 [http-nio-8080-exec-9] DEBUG o.s.web.servlet.DispatcherServlet - GET "/api/v1/dashboard", parameters={}
2026-03-16 17:11:47 [http-nio-8080-exec-9] TRACE o.s.w.s.m.m.a.RequestMappingHandlerMapping - Mapped to com.company.project.api.controller.main.DashboardController#getDashboardData(UserDetails)
2026-03-16 17:11:47 [http-nio-8080-exec-9] INFO  c.c.p.a.c.main.DashboardController - >>> [Dashboard] Fetching data for user: USRCNFRM_99999999999
2026-03-16 17:11:47 [http-nio-8080-exec-9] DEBUG o.s.orm.jpa.JpaTransactionManager - Creating new transaction with name [com.company.project.service.board.BoardService.getBoardPosts]: PROPAGATION_REQUIRED,ISOLATION_DEFAULT,readOnly
2026-03-16 17:11:47 [http-nio-8080-exec-9] DEBUG o.s.orm.jpa.JpaTransactionManager - Opened new EntityManager [SessionImpl(1745113239<open>)] for JPA transaction
2026-03-16 17:11:47 [http-nio-8080-exec-9] DEBUG o.s.orm.jpa.JpaTransactionManager - Exposing JPA transaction as JDBC [org.springframework.orm.jpa.vendor.HibernateJpaDialect$HibernateConnectionHandle@3a319ed8]
2026-03-16 17:11:47 [http-nio-8080-exec-9] DEBUG o.s.orm.jpa.JpaTransactionManager - Found thread-bound EntityManager [SessionImpl(1745113239<open>)] for JPA transaction
2026-03-16 17:11:47 [http-nio-8080-exec-9] DEBUG o.s.orm.jpa.JpaTransactionManager - Participating in existing transaction
2026-03-16 17:11:47 [http-nio-8080-exec-9] DEBUG org.hibernate.SQL - select bm1_0.bbs_id,bm1_0.atch_posbl_file_number,bm1_0.atch_posbl_file_size,bm1_0.bbs_attrb_code,bm1_0.bbs_intrcn,bm1_0.bbs_nm,bm1_0.bbs_ty_code,bm1_0.blog_at,bm1_0.blog_id,bm1_0.cmmnty_id,bm1_0.frst_register_id,bm1_0.frst_regist_pnttm,bm1_0.file_atch_posbl_at,bm1_0.last_updusr_id,bm1_0.last_updt_pnttm,bm1_0.reply_posbl_at,bm1_0.tmplat_id,bm1_0.use_at,bm1_1.answer_at,bm1_1.stsfdg_at from nbbsmaster bm1_0 left join nbbsmasteroptn bm1_1 on bm1_0.bbs_id=bm1_1.bbs_id where bm1_0.bbs_id=?
2026-03-16 17:11:47 [http-nio-8080-exec-19] DEBUG o.s.orm.jpa.JpaTransactionManager - Initiating transaction commit
2026-03-16 17:11:47 [http-nio-8080-exec-19] DEBUG o.s.orm.jpa.JpaTransactionManager - Committing JPA transaction on EntityManager [SessionImpl(1444818195<open>)]
2026-03-16 17:11:47 [http-nio-8080-exec-13] DEBUG o.s.orm.jpa.JpaTransactionManager - Initiating transaction commit
2026-03-16 17:11:47 [http-nio-8080-exec-13] DEBUG o.s.orm.jpa.JpaTransactionManager - Committing JPA transaction on EntityManager [SessionImpl(1538985523<open>)]
2026-03-16 17:11:47 [http-nio-8080-exec-2] DEBUG o.s.orm.jpa.JpaTransactionManager - Closing JPA EntityManager [SessionImpl(277285113<open>)] after transaction
2026-03-16 17:11:47 [http-nio-8080-exec-2] DEBUG c.c.p.s.jwt.JwtAuthenticationFilter - >>> [JwtFilter] Successfully authenticated user: USRCNFRM_99999999999, Authorities: [ROLE_ADMIN]
2026-03-16 17:11:47 [http-nio-8080-exec-2] DEBUG o.s.web.servlet.DispatcherServlet - GET "/api/v1/menu/head", parameters={}
2026-03-16 17:11:47 [http-nio-8080-exec-2] TRACE o.s.w.s.m.m.a.RequestMappingHandlerMapping - Mapped to com.company.project.api.controller.menu.MenuController#getHeadMenu()
2026-03-16 17:11:47 [http-nio-8080-exec-2] INFO  c.c.p.a.c.menu.MenuController - getHeadMenu called
2026-03-16 17:11:47 [http-nio-8080-exec-2] INFO  c.c.p.a.c.menu.MenuController - getHeadMenu returned 5 items
2026-03-16 17:11:47 [http-nio-8080-exec-2] DEBUG o.s.w.s.m.m.a.HttpEntityMethodProcessor - Using 'application/json', given [application/json, text/plain, */*] and supported [application/json, application/*+json, application/yaml]
2026-03-16 17:11:47 [http-nio-8080-exec-2] TRACE o.s.w.s.m.m.a.HttpEntityMethodProcessor - Writing [ApiResponse[success=true, status=200, code=COMMON_001, message=Success, data={list=[com.company.project.service.menu.dto.MenuDto@2b80d6b0, com.company.project.service.menu.dto.MenuDto@1418cfa3, com.company.project.service.menu.dto.MenuDto@f230bf1, com.company.project.service.menu.dto.MenuDto@734a7f6a, com.company.project.service.menu.dto.MenuDto@5e5202e5]}, timestamp=2026-03-16T17:11:47.212261600]]
2026-03-16 17:11:47 [http-nio-8080-exec-2] INFO  c.c.p.a.i.OperationalAuditInterceptor - API Audit Log: URL=/api/v1/menu/head, User=webmaster, IP=0:0:0:0:0:0:0:1
2026-03-16 17:11:47 [http-nio-8080-exec-2] DEBUG o.s.web.servlet.DispatcherServlet - Completed 200 OK
2026-03-16 17:11:47 [http-nio-8080-exec-9] DEBUG org.hibernate.SQL - select b1_0.ntt_id,b1_0.bbs_id,b1_0.ntt_sj,b1_0.ntcr_nm,b1_0.frst_regist_pnttm,b1_0.rdcnt,b1_0.answer_at,b1_0.parntsctt_no,b1_0.answer_lc,b1_0.sort_ordr,b1_0.ntt_no,b1_0.notice_at,b1_0.secret_at,b1_0.comment_co from nbbs b1_0 left join nemplyrinfo u1_0 on b1_0.frst_register_id=u1_0.esntl_id where (b1_0.use_at = 'Y') and b1_0.bbs_id=? order by b1_0.sort_ordr desc,b1_0.ntt_no offset ? rows fetch first ? rows only
2026-03-16 17:11:47 [http-nio-8080-exec-15] DEBUG c.c.p.s.jwt.JwtAuthenticationFilter - >>> [JwtFilter] Processing request: GET /api/v1/menu/left
2026-03-16 17:11:47 [http-nio-8080-exec-15] DEBUG c.c.p.s.jwt.JwtAuthenticationFilter - >>> [JwtFilter] Found token in header for path: /api/v1/menu/left
2026-03-16 17:11:47 [http-nio-8080-exec-15] DEBUG o.s.orm.jpa.JpaTransactionManager - Creating new transaction with name [com.company.project.security.iam.CustomUserDetailsService.loadUserByUsername]: PROPAGATION_REQUIRED,ISOLATION_DEFAULT,readOnly
2026-03-16 17:11:47 [http-nio-8080-exec-15] DEBUG o.s.orm.jpa.JpaTransactionManager - Opened new EntityManager [SessionImpl(647756078<open>)] for JPA transaction
2026-03-16 17:11:47 [http-nio-8080-exec-17] DEBUG c.c.p.s.jwt.JwtAuthenticationFilter - >>> [JwtFilter] Processing request: GET /api/v1/menu/left
2026-03-16 17:11:47 [http-nio-8080-exec-3] DEBUG c.c.p.s.jwt.JwtAuthenticationFilter - >>> [JwtFilter] Processing request: GET /api/v1/menu/left
2026-03-16 17:11:47 [http-nio-8080-exec-10] DEBUG c.c.p.s.jwt.JwtAuthenticationFilter - >>> [JwtFilter] Processing request: GET /api/v1/menu/left
2026-03-16 17:11:47 [http-nio-8080-exec-8] DEBUG c.c.p.s.jwt.JwtAuthenticationFilter - >>> [JwtFilter] Processing request: GET /api/v1/menu/left
2026-03-16 17:11:47 [http-nio-8080-exec-17] DEBUG c.c.p.s.jwt.JwtAuthenticationFilter - >>> [JwtFilter] Found token in header for path: /api/v1/menu/left
2026-03-16 17:11:47 [http-nio-8080-exec-3] DEBUG c.c.p.s.jwt.JwtAuthenticationFilter - >>> [JwtFilter] Found token in header for path: /api/v1/menu/left
2026-03-16 17:11:47 [http-nio-8080-exec-10] DEBUG c.c.p.s.jwt.JwtAuthenticationFilter - >>> [JwtFilter] Found token in header for path: /api/v1/menu/left
2026-03-16 17:11:47 [http-nio-8080-exec-8] DEBUG c.c.p.s.jwt.JwtAuthenticationFilter - >>> [JwtFilter] Found token in header for path: /api/v1/menu/left
2026-03-16 17:11:47 [http-nio-8080-exec-17] DEBUG o.s.orm.jpa.JpaTransactionManager - Creating new transaction with name [com.company.project.security.iam.CustomUserDetailsService.loadUserByUsername]: PROPAGATION_REQUIRED,ISOLATION_DEFAULT,readOnly
2026-03-16 17:11:47 [http-nio-8080-exec-3] DEBUG o.s.orm.jpa.JpaTransactionManager - Creating new transaction with name [com.company.project.security.iam.CustomUserDetailsService.loadUserByUsername]: PROPAGATION_REQUIRED,ISOLATION_DEFAULT,readOnly
2026-03-16 17:11:47 [http-nio-8080-exec-3] DEBUG o.s.orm.jpa.JpaTransactionManager - Opened new EntityManager [SessionImpl(1041429989<open>)] for JPA transaction
2026-03-16 17:11:47 [http-nio-8080-exec-10] DEBUG o.s.orm.jpa.JpaTransactionManager - Creating new transaction with name [com.company.project.security.iam.CustomUserDetailsService.loadUserByUsername]: PROPAGATION_REQUIRED,ISOLATION_DEFAULT,readOnly
2026-03-16 17:11:47 [http-nio-8080-exec-17] DEBUG o.s.orm.jpa.JpaTransactionManager - Opened new EntityManager [SessionImpl(967852399<open>)] for JPA transaction
2026-03-16 17:11:47 [http-nio-8080-exec-10] DEBUG o.s.orm.jpa.JpaTransactionManager - Opened new EntityManager [SessionImpl(1481297863<open>)] for JPA transaction
2026-03-16 17:11:47 [http-nio-8080-exec-8] DEBUG o.s.orm.jpa.JpaTransactionManager - Creating new transaction with name [com.company.project.security.iam.CustomUserDetailsService.loadUserByUsername]: PROPAGATION_REQUIRED,ISOLATION_DEFAULT,readOnly
2026-03-16 17:11:47 [http-nio-8080-exec-8] DEBUG o.s.orm.jpa.JpaTransactionManager - Opened new EntityManager [SessionImpl(1421996319<open>)] for JPA transaction
2026-03-16 17:11:47 [http-nio-8080-exec-19] DEBUG o.s.orm.jpa.JpaTransactionManager - Closing JPA EntityManager [SessionImpl(1444818195<open>)] after transaction
2026-03-16 17:11:47 [http-nio-8080-exec-19] DEBUG o.s.w.s.m.m.a.HttpEntityMethodProcessor - Using 'application/json', given [application/json, text/plain, */*] and supported [application/json, application/*+json, application/yaml]
2026-03-16 17:11:47 [http-nio-8080-exec-19] TRACE o.s.w.s.m.m.a.HttpEntityMethodProcessor - Writing [ApiResponse[success=true, status=200, code=COMMON_001, message=Success, data=[NotificationDto(ntfcNo=NT001, ntfcSj=테스트 알림입니다, ntfcCn=알림 내용입니다, ntfcDate=null, ntfcTime=2026-02-25T00:59:33.784070, bhNtfcIntrvl=null, uniqId=null, frstRegisterId=null, frstRegisterPnttm=2026-02-25T00:59:33.784070, lastUpdusrId=null, lastUpdusrPnttm=null)], timestamp=2026-03-16T17:11:47.267431600]]
2026-03-16 17:11:47 [http-nio-8080-exec-19] INFO  c.c.p.a.i.OperationalAuditInterceptor - API Audit Log: URL=/api/v1/notifications, User=webmaster, IP=127.0.0.1
2026-03-16 17:11:47 [http-nio-8080-exec-19] DEBUG o.s.web.servlet.DispatcherServlet - Completed 200 OK
2026-03-16 17:11:47 [http-nio-8080-exec-13] DEBUG o.s.orm.jpa.JpaTransactionManager - Closing JPA EntityManager [SessionImpl(1538985523<open>)] after transaction
2026-03-16 17:11:47 [http-nio-8080-exec-13] DEBUG o.s.w.s.m.m.a.HttpEntityMethodProcessor - Using 'application/json', given [application/json, text/plain, */*] and supported [application/json, application/*+json, application/yaml]
2026-03-16 17:11:47 [http-nio-8080-exec-13] TRACE o.s.w.s.m.m.a.HttpEntityMethodProcessor - Writing [ApiResponse[success=true, status=200, code=COMMON_001, message=Success, data=0, timestamp=2026-03-16T17:11:47.309239800]]
2026-03-16 17:11:47 [http-nio-8080-exec-13] INFO  c.c.p.a.i.OperationalAuditInterceptor - API Audit Log: URL=/api/v1/notifications/unread-count, User=webmaster, IP=127.0.0.1
2026-03-16 17:11:47 [http-nio-8080-exec-13] DEBUG o.s.web.servlet.DispatcherServlet - Completed 200 OK
2026-03-16 17:11:47 [http-nio-8080-exec-9] DEBUG org.hibernate.SQL - select count(b1_0.ntt_id) from nbbs b1_0 left join nemplyrinfo u1_0 on b1_0.frst_register_id=u1_0.esntl_id where (b1_0.use_at = 'Y') and b1_0.bbs_id=?
2026-03-16 17:11:47 [http-nio-8080-exec-15] DEBUG o.s.orm.jpa.JpaTransactionManager - Exposing JPA transaction as JDBC [org.springframework.orm.jpa.vendor.HibernateJpaDialect$HibernateConnectionHandle@1839a71]
2026-03-16 17:11:47 [http-nio-8080-exec-15] DEBUG o.s.orm.jpa.JpaTransactionManager - Found thread-bound EntityManager [SessionImpl(647756078<open>)] for JPA transaction
2026-03-16 17:11:47 [http-nio-8080-exec-15] DEBUG o.s.orm.jpa.JpaTransactionManager - Participating in existing transaction
2026-03-16 17:11:47 [http-nio-8080-exec-15] DEBUG org.hibernate.SQL - select u1_0.emplyr_id,u1_0.area_no,u1_0.brthdy,u1_0.chg_pwd_cnt,u1_0.frst_register_id,u1_0.frst_regist_pnttm,u1_0.detail_adres,u1_0.email_adres,u1_0.emplyr_sttus_code,u1_0.empl_no,u1_0.esntl_id,u1_0.fxnum,u1_0.group_id,u1_0.house_adres,u1_0.house_end_telno,u1_0.house_middle_telno,u1_0.ihidnum,u1_0.pstinst_code,u1_0.last_updusr_id,u1_0.last_updt_pnttm,u1_0.lock_at,u1_0.lock_cnt,u1_0.lock_last_pnttm,u1_0.mbtlnum,u1_0.ofcps_nm,u1_0.offm_telno,u1_0.orgnzt_id,u1_0.password,u1_0.password_cnsr,u1_0.password_hint,u1_0.chg_pwd_last_pnttm,u1_0.role,u1_0.sbscrb_de,u1_0.sexdstn_code,u1_0.crtfc_dn_value,u1_0.user_nm,u1_0.zip from nemplyrinfo u1_0 where u1_0.emplyr_id=?
2026-03-16 17:11:47 [http-nio-8080-exec-8] DEBUG o.s.orm.jpa.JpaTransactionManager - Exposing JPA transaction as JDBC [org.springframework.orm.jpa.vendor.HibernateJpaDialect$HibernateConnectionHandle@724f7910]
2026-03-16 17:11:47 [http-nio-8080-exec-10] DEBUG o.s.orm.jpa.JpaTransactionManager - Exposing JPA transaction as JDBC [org.springframework.orm.jpa.vendor.HibernateJpaDialect$HibernateConnectionHandle@4b87f6d]
2026-03-16 17:11:47 [http-nio-8080-exec-8] DEBUG o.s.orm.jpa.JpaTransactionManager - Found thread-bound EntityManager [SessionImpl(1421996319<open>)] for JPA transaction
2026-03-16 17:11:47 [http-nio-8080-exec-10] DEBUG o.s.orm.jpa.JpaTransactionManager - Found thread-bound EntityManager [SessionImpl(1481297863<open>)] for JPA transaction
2026-03-16 17:11:47 [http-nio-8080-exec-8] DEBUG o.s.orm.jpa.JpaTransactionManager - Participating in existing transaction
2026-03-16 17:11:47 [http-nio-8080-exec-10] DEBUG o.s.orm.jpa.JpaTransactionManager - Participating in existing transaction
2026-03-16 17:11:47 [http-nio-8080-exec-10] DEBUG org.hibernate.SQL - select u1_0.emplyr_id,u1_0.area_no,u1_0.brthdy,u1_0.chg_pwd_cnt,u1_0.frst_register_id,u1_0.frst_regist_pnttm,u1_0.detail_adres,u1_0.email_adres,u1_0.emplyr_sttus_code,u1_0.empl_no,u1_0.esntl_id,u1_0.fxnum,u1_0.group_id,u1_0.house_adres,u1_0.house_end_telno,u1_0.house_middle_telno,u1_0.ihidnum,u1_0.pstinst_code,u1_0.last_updusr_id,u1_0.last_updt_pnttm,u1_0.lock_at,u1_0.lock_cnt,u1_0.lock_last_pnttm,u1_0.mbtlnum,u1_0.ofcps_nm,u1_0.offm_telno,u1_0.orgnzt_id,u1_0.password,u1_0.password_cnsr,u1_0.password_hint,u1_0.chg_pwd_last_pnttm,u1_0.role,u1_0.sbscrb_de,u1_0.sexdstn_code,u1_0.crtfc_dn_value,u1_0.user_nm,u1_0.zip from nemplyrinfo u1_0 where u1_0.emplyr_id=?
2026-03-16 17:11:47 [http-nio-8080-exec-8] DEBUG org.hibernate.SQL - select u1_0.emplyr_id,u1_0.area_no,u1_0.brthdy,u1_0.chg_pwd_cnt,u1_0.frst_register_id,u1_0.frst_regist_pnttm,u1_0.detail_adres,u1_0.email_adres,u1_0.emplyr_sttus_code,u1_0.empl_no,u1_0.esntl_id,u1_0.fxnum,u1_0.group_id,u1_0.house_adres,u1_0.house_end_telno,u1_0.house_middle_telno,u1_0.ihidnum,u1_0.pstinst_code,u1_0.last_updusr_id,u1_0.last_updt_pnttm,u1_0.lock_at,u1_0.lock_cnt,u1_0.lock_last_pnttm,u1_0.mbtlnum,u1_0.ofcps_nm,u1_0.offm_telno,u1_0.orgnzt_id,u1_0.password,u1_0.password_cnsr,u1_0.password_hint,u1_0.chg_pwd_last_pnttm,u1_0.role,u1_0.sbscrb_de,u1_0.sexdstn_code,u1_0.crtfc_dn_value,u1_0.user_nm,u1_0.zip from nemplyrinfo u1_0 where u1_0.emplyr_id=?
2026-03-16 17:11:47 [http-nio-8080-exec-3] DEBUG o.s.orm.jpa.JpaTransactionManager - Exposing JPA transaction as JDBC [org.springframework.orm.jpa.vendor.HibernateJpaDialect$HibernateConnectionHandle@16cab018]
2026-03-16 17:11:47 [http-nio-8080-exec-17] DEBUG o.s.orm.jpa.JpaTransactionManager - Exposing JPA transaction as JDBC [org.springframework.orm.jpa.vendor.HibernateJpaDialect$HibernateConnectionHandle@191e13d0]
2026-03-16 17:11:47 [http-nio-8080-exec-3] DEBUG o.s.orm.jpa.JpaTransactionManager - Found thread-bound EntityManager [SessionImpl(1041429989<open>)] for JPA transaction
2026-03-16 17:11:47 [http-nio-8080-exec-17] DEBUG o.s.orm.jpa.JpaTransactionManager - Found thread-bound EntityManager [SessionImpl(967852399<open>)] for JPA transaction
2026-03-16 17:11:47 [http-nio-8080-exec-3] DEBUG o.s.orm.jpa.JpaTransactionManager - Participating in existing transaction
2026-03-16 17:11:47 [http-nio-8080-exec-17] DEBUG o.s.orm.jpa.JpaTransactionManager - Participating in existing transaction
2026-03-16 17:11:47 [http-nio-8080-exec-3] DEBUG org.hibernate.SQL - select u1_0.emplyr_id,u1_0.area_no,u1_0.brthdy,u1_0.chg_pwd_cnt,u1_0.frst_register_id,u1_0.frst_regist_pnttm,u1_0.detail_adres,u1_0.email_adres,u1_0.emplyr_sttus_code,u1_0.empl_no,u1_0.esntl_id,u1_0.fxnum,u1_0.group_id,u1_0.house_adres,u1_0.house_end_telno,u1_0.house_middle_telno,u1_0.ihidnum,u1_0.pstinst_code,u1_0.last_updusr_id,u1_0.last_updt_pnttm,u1_0.lock_at,u1_0.lock_cnt,u1_0.lock_last_pnttm,u1_0.mbtlnum,u1_0.ofcps_nm,u1_0.offm_telno,u1_0.orgnzt_id,u1_0.password,u1_0.password_cnsr,u1_0.password_hint,u1_0.chg_pwd_last_pnttm,u1_0.role,u1_0.sbscrb_de,u1_0.sexdstn_code,u1_0.crtfc_dn_value,u1_0.user_nm,u1_0.zip from nemplyrinfo u1_0 where u1_0.emplyr_id=?
2026-03-16 17:11:47 [http-nio-8080-exec-17] DEBUG org.hibernate.SQL - select u1_0.emplyr_id,u1_0.area_no,u1_0.brthdy,u1_0.chg_pwd_cnt,u1_0.frst_register_id,u1_0.frst_regist_pnttm,u1_0.detail_adres,u1_0.email_adres,u1_0.emplyr_sttus_code,u1_0.empl_no,u1_0.esntl_id,u1_0.fxnum,u1_0.group_id,u1_0.house_adres,u1_0.house_end_telno,u1_0.house_middle_telno,u1_0.ihidnum,u1_0.pstinst_code,u1_0.last_updusr_id,u1_0.last_updt_pnttm,u1_0.lock_at,u1_0.lock_cnt,u1_0.lock_last_pnttm,u1_0.mbtlnum,u1_0.ofcps_nm,u1_0.offm_telno,u1_0.orgnzt_id,u1_0.password,u1_0.password_cnsr,u1_0.password_hint,u1_0.chg_pwd_last_pnttm,u1_0.role,u1_0.sbscrb_de,u1_0.sexdstn_code,u1_0.crtfc_dn_value,u1_0.user_nm,u1_0.zip from nemplyrinfo u1_0 where u1_0.emplyr_id=?
2026-03-16 17:11:47 [http-nio-8080-exec-9] DEBUG o.s.orm.jpa.JpaTransactionManager - Initiating transaction commit
2026-03-16 17:11:47 [http-nio-8080-exec-9] DEBUG o.s.orm.jpa.JpaTransactionManager - Committing JPA transaction on EntityManager [SessionImpl(1745113239<open>)]
2026-03-16 17:11:47 [http-nio-8080-exec-8] DEBUG o.s.orm.jpa.JpaTransactionManager - Found thread-bound EntityManager [SessionImpl(1421996319<open>)] for JPA transaction
2026-03-16 17:11:47 [http-nio-8080-exec-15] DEBUG o.s.orm.jpa.JpaTransactionManager - Found thread-bound EntityManager [SessionImpl(647756078<open>)] for JPA transaction
2026-03-16 17:11:47 [http-nio-8080-exec-8] DEBUG o.s.orm.jpa.JpaTransactionManager - Participating in existing transaction
2026-03-16 17:11:47 [http-nio-8080-exec-15] DEBUG o.s.orm.jpa.JpaTransactionManager - Participating in existing transaction
2026-03-16 17:11:47 [http-nio-8080-exec-8] DEBUG org.hibernate.SQL - select ua1_0.scrty_dtrmn_trget_id,ua1_0.author_code,ua1_0.frst_register_id,ua1_0.frst_regist_pnttm,ua1_0.last_updusr_id,ua1_0.last_updt_pnttm,ua1_0.mber_ty_code from nemplyrscrtyestbs ua1_0 where ua1_0.scrty_dtrmn_trget_id=?
2026-03-16 17:11:47 [http-nio-8080-exec-15] DEBUG org.hibernate.SQL - select ua1_0.scrty_dtrmn_trget_id,ua1_0.author_code,ua1_0.frst_register_id,ua1_0.frst_regist_pnttm,ua1_0.last_updusr_id,ua1_0.last_updt_pnttm,ua1_0.mber_ty_code from nemplyrscrtyestbs ua1_0 where ua1_0.scrty_dtrmn_trget_id=?
2026-03-16 17:11:47 [http-nio-8080-exec-10] DEBUG o.s.orm.jpa.JpaTransactionManager - Found thread-bound EntityManager [SessionImpl(1481297863<open>)] for JPA transaction
2026-03-16 17:11:47 [http-nio-8080-exec-10] DEBUG o.s.orm.jpa.JpaTransactionManager - Participating in existing transaction
2026-03-16 17:11:47 [http-nio-8080-exec-10] DEBUG org.hibernate.SQL - select ua1_0.scrty_dtrmn_trget_id,ua1_0.author_code,ua1_0.frst_register_id,ua1_0.frst_regist_pnttm,ua1_0.last_updusr_id,ua1_0.last_updt_pnttm,ua1_0.mber_ty_code from nemplyrscrtyestbs ua1_0 where ua1_0.scrty_dtrmn_trget_id=?
2026-03-16 17:11:47 [http-nio-8080-exec-3] DEBUG o.s.orm.jpa.JpaTransactionManager - Found thread-bound EntityManager [SessionImpl(1041429989<open>)] for JPA transaction
2026-03-16 17:11:47 [http-nio-8080-exec-17] DEBUG o.s.orm.jpa.JpaTransactionManager - Found thread-bound EntityManager [SessionImpl(967852399<open>)] for JPA transaction
2026-03-16 17:11:47 [http-nio-8080-exec-3] DEBUG o.s.orm.jpa.JpaTransactionManager - Participating in existing transaction
2026-03-16 17:11:47 [http-nio-8080-exec-17] DEBUG o.s.orm.jpa.JpaTransactionManager - Participating in existing transaction
2026-03-16 17:11:47 [http-nio-8080-exec-17] DEBUG org.hibernate.SQL - select ua1_0.scrty_dtrmn_trget_id,ua1_0.author_code,ua1_0.frst_register_id,ua1_0.frst_regist_pnttm,ua1_0.last_updusr_id,ua1_0.last_updt_pnttm,ua1_0.mber_ty_code from nemplyrscrtyestbs ua1_0 where ua1_0.scrty_dtrmn_trget_id=?
2026-03-16 17:11:47 [http-nio-8080-exec-3] DEBUG org.hibernate.SQL - select ua1_0.scrty_dtrmn_trget_id,ua1_0.author_code,ua1_0.frst_register_id,ua1_0.frst_regist_pnttm,ua1_0.last_updusr_id,ua1_0.last_updt_pnttm,ua1_0.mber_ty_code from nemplyrscrtyestbs ua1_0 where ua1_0.scrty_dtrmn_trget_id=?
2026-03-16 17:11:47 [http-nio-8080-exec-9] DEBUG o.s.orm.jpa.JpaTransactionManager - Closing JPA EntityManager [SessionImpl(1745113239<open>)] after transaction
2026-03-16 17:11:47 [http-nio-8080-exec-9] DEBUG o.s.orm.jpa.JpaTransactionManager - Creating new transaction with name [com.company.project.service.board.BoardService.getBoardPosts]: PROPAGATION_REQUIRED,ISOLATION_DEFAULT,readOnly
2026-03-16 17:11:47 [http-nio-8080-exec-9] DEBUG o.s.orm.jpa.JpaTransactionManager - Opened new EntityManager [SessionImpl(1335692744<open>)] for JPA transaction
2026-03-16 17:11:47 [http-nio-8080-exec-9] DEBUG o.s.orm.jpa.JpaTransactionManager - Exposing JPA transaction as JDBC [org.springframework.orm.jpa.vendor.HibernateJpaDialect$HibernateConnectionHandle@3c6f58]
2026-03-16 17:11:47 [http-nio-8080-exec-9] DEBUG o.s.orm.jpa.JpaTransactionManager - Found thread-bound EntityManager [SessionImpl(1335692744<open>)] for JPA transaction
2026-03-16 17:11:47 [http-nio-8080-exec-9] DEBUG o.s.orm.jpa.JpaTransactionManager - Participating in existing transaction
2026-03-16 17:11:47 [http-nio-8080-exec-9] DEBUG org.hibernate.SQL - select bm1_0.bbs_id,bm1_0.atch_posbl_file_number,bm1_0.atch_posbl_file_size,bm1_0.bbs_attrb_code,bm1_0.bbs_intrcn,bm1_0.bbs_nm,bm1_0.bbs_ty_code,bm1_0.blog_at,bm1_0.blog_id,bm1_0.cmmnty_id,bm1_0.frst_register_id,bm1_0.frst_regist_pnttm,bm1_0.file_atch_posbl_at,bm1_0.last_updusr_id,bm1_0.last_updt_pnttm,bm1_0.reply_posbl_at,bm1_0.tmplat_id,bm1_0.use_at,bm1_1.answer_at,bm1_1.stsfdg_at from nbbsmaster bm1_0 left join nbbsmasteroptn bm1_1 on bm1_0.bbs_id=bm1_1.bbs_id where bm1_0.bbs_id=?
2026-03-16 17:11:47 [http-nio-8080-exec-15] DEBUG o.s.orm.jpa.JpaTransactionManager - Initiating transaction commit
2026-03-16 17:11:47 [http-nio-8080-exec-10] DEBUG o.s.orm.jpa.JpaTransactionManager - Initiating transaction commit
2026-03-16 17:11:47 [http-nio-8080-exec-8] DEBUG o.s.orm.jpa.JpaTransactionManager - Initiating transaction commit
2026-03-16 17:11:47 [http-nio-8080-exec-15] DEBUG o.s.orm.jpa.JpaTransactionManager - Committing JPA transaction on EntityManager [SessionImpl(647756078<open>)]
2026-03-16 17:11:47 [http-nio-8080-exec-10] DEBUG o.s.orm.jpa.JpaTransactionManager - Committing JPA transaction on EntityManager [SessionImpl(1481297863<open>)]
2026-03-16 17:11:47 [http-nio-8080-exec-8] DEBUG o.s.orm.jpa.JpaTransactionManager - Committing JPA transaction on EntityManager [SessionImpl(1421996319<open>)]
2026-03-16 17:11:47 [http-nio-8080-exec-17] DEBUG o.s.orm.jpa.JpaTransactionManager - Initiating transaction commit
2026-03-16 17:11:47 [http-nio-8080-exec-17] DEBUG o.s.orm.jpa.JpaTransactionManager - Committing JPA transaction on EntityManager [SessionImpl(967852399<open>)]
2026-03-16 17:11:47 [http-nio-8080-exec-3] DEBUG o.s.orm.jpa.JpaTransactionManager - Initiating transaction commit
2026-03-16 17:11:47 [http-nio-8080-exec-3] DEBUG o.s.orm.jpa.JpaTransactionManager - Committing JPA transaction on EntityManager [SessionImpl(1041429989<open>)]
2026-03-16 17:11:47 [http-nio-8080-exec-10] DEBUG o.s.orm.jpa.JpaTransactionManager - Closing JPA EntityManager [SessionImpl(1481297863<open>)] after transaction
2026-03-16 17:11:47 [http-nio-8080-exec-8] DEBUG o.s.orm.jpa.JpaTransactionManager - Closing JPA EntityManager [SessionImpl(1421996319<open>)] after transaction
2026-03-16 17:11:47 [http-nio-8080-exec-15] DEBUG o.s.orm.jpa.JpaTransactionManager - Closing JPA EntityManager [SessionImpl(647756078<open>)] after transaction
2026-03-16 17:11:47 [http-nio-8080-exec-10] DEBUG c.c.p.s.jwt.JwtAuthenticationFilter - >>> [JwtFilter] Successfully authenticated user: USRCNFRM_99999999999, Authorities: [ROLE_ADMIN]
2026-03-16 17:11:47 [http-nio-8080-exec-15] DEBUG c.c.p.s.jwt.JwtAuthenticationFilter - >>> [JwtFilter] Successfully authenticated user: USRCNFRM_99999999999, Authorities: [ROLE_ADMIN]
2026-03-16 17:11:47 [http-nio-8080-exec-8] DEBUG c.c.p.s.jwt.JwtAuthenticationFilter - >>> [JwtFilter] Successfully authenticated user: USRCNFRM_99999999999, Authorities: [ROLE_ADMIN]
2026-03-16 17:11:47 [http-nio-8080-exec-10] DEBUG o.s.web.servlet.DispatcherServlet - GET "/api/v1/menu/left?menuNo=50", parameters={masked}
2026-03-16 17:11:47 [http-nio-8080-exec-8] DEBUG o.s.web.servlet.DispatcherServlet - GET "/api/v1/menu/left?menuNo=40", parameters={masked}
2026-03-16 17:11:47 [http-nio-8080-exec-15] DEBUG o.s.web.servlet.DispatcherServlet - GET "/api/v1/menu/left?menuNo=10", parameters={masked}
2026-03-16 17:11:47 [http-nio-8080-exec-15] TRACE o.s.w.s.m.m.a.RequestMappingHandlerMapping - Mapped to com.company.project.api.controller.menu.MenuController#getLeftMenu(Long)
2026-03-16 17:11:47 [http-nio-8080-exec-10] TRACE o.s.w.s.m.m.a.RequestMappingHandlerMapping - Mapped to com.company.project.api.controller.menu.MenuController#getLeftMenu(Long)
2026-03-16 17:11:47 [http-nio-8080-exec-8] TRACE o.s.w.s.m.m.a.RequestMappingHandlerMapping - Mapped to com.company.project.api.controller.menu.MenuController#getLeftMenu(Long)
2026-03-16 17:11:47 [http-nio-8080-exec-8] INFO  c.c.p.a.c.menu.MenuController - getLeftMenu called with menuNo=40
2026-03-16 17:11:47 [http-nio-8080-exec-10] INFO  c.c.p.a.c.menu.MenuController - getLeftMenu called with menuNo=50
2026-03-16 17:11:47 [http-nio-8080-exec-15] INFO  c.c.p.a.c.menu.MenuController - getLeftMenu called with menuNo=10
2026-03-16 17:11:47 [http-nio-8080-exec-10] DEBUG o.s.orm.jpa.JpaTransactionManager - Creating new transaction with name [com.company.project.service.menu.MenuService.getSubMenus]: PROPAGATION_REQUIRED,ISOLATION_DEFAULT,readOnly
2026-03-16 17:11:47 [http-nio-8080-exec-15] DEBUG o.s.orm.jpa.JpaTransactionManager - Creating new transaction with name [com.company.project.service.menu.MenuService.getSubMenus]: PROPAGATION_REQUIRED,ISOLATION_DEFAULT,readOnly
2026-03-16 17:11:47 [http-nio-8080-exec-8] DEBUG o.s.orm.jpa.JpaTransactionManager - Creating new transaction with name [com.company.project.service.menu.MenuService.getSubMenus]: PROPAGATION_REQUIRED,ISOLATION_DEFAULT,readOnly
2026-03-16 17:11:47 [http-nio-8080-exec-10] DEBUG o.s.orm.jpa.JpaTransactionManager - Opened new EntityManager [SessionImpl(1458587229<open>)] for JPA transaction
2026-03-16 17:11:47 [http-nio-8080-exec-8] DEBUG o.s.orm.jpa.JpaTransactionManager - Opened new EntityManager [SessionImpl(1566175870<open>)] for JPA transaction
2026-03-16 17:11:47 [http-nio-8080-exec-8] DEBUG o.s.orm.jpa.JpaTransactionManager - Exposing JPA transaction as JDBC [org.springframework.orm.jpa.vendor.HibernateJpaDialect$HibernateConnectionHandle@48293057]
2026-03-16 17:11:47 [http-nio-8080-exec-15] DEBUG o.s.orm.jpa.JpaTransactionManager - Opened new EntityManager [SessionImpl(1095894744<open>)] for JPA transaction
2026-03-16 17:11:47 [http-nio-8080-exec-10] DEBUG o.s.orm.jpa.JpaTransactionManager - Exposing JPA transaction as JDBC [org.springframework.orm.jpa.vendor.HibernateJpaDialect$HibernateConnectionHandle@30c69bb4]
2026-03-16 17:11:47 [http-nio-8080-exec-15] DEBUG o.s.orm.jpa.JpaTransactionManager - Exposing JPA transaction as JDBC [org.springframework.orm.jpa.vendor.HibernateJpaDialect$HibernateConnectionHandle@b86dbb]
2026-03-16 17:11:47 [http-nio-8080-exec-9] DEBUG org.hibernate.SQL - select b1_0.ntt_id,b1_0.bbs_id,b1_0.ntt_sj,b1_0.ntcr_nm,b1_0.frst_regist_pnttm,b1_0.rdcnt,b1_0.answer_at,b1_0.parntsctt_no,b1_0.answer_lc,b1_0.sort_ordr,b1_0.ntt_no,b1_0.notice_at,b1_0.secret_at,b1_0.comment_co from nbbs b1_0 left join nemplyrinfo u1_0 on b1_0.frst_register_id=u1_0.esntl_id where (b1_0.use_at = 'Y') and b1_0.bbs_id=? order by b1_0.sort_ordr desc,b1_0.ntt_no offset ? rows fetch first ? rows only
2026-03-16 17:11:47 [http-nio-8080-exec-15] DEBUG org.hibernate.SQL - select m1_0.menu_no,m1_0.menu_dc,m1_0.menu_nm,m1_0.menu_ordr,m1_0.modern_route,m1_0.progrm_file_nm,m1_0.relate_image_nm,m1_0.relate_image_path,m1_0.route_updated_at,m1_0.upper_menu_no from nmenuinfo m1_0 order by m1_0.upper_menu_no,m1_0.menu_ordr
2026-03-16 17:11:47 [http-nio-8080-exec-10] DEBUG org.hibernate.SQL - select m1_0.menu_no,m1_0.menu_dc,m1_0.menu_nm,m1_0.menu_ordr,m1_0.modern_route,m1_0.progrm_file_nm,m1_0.relate_image_nm,m1_0.relate_image_path,m1_0.route_updated_at,m1_0.upper_menu_no from nmenuinfo m1_0 order by m1_0.upper_menu_no,m1_0.menu_ordr
2026-03-16 17:11:47 [http-nio-8080-exec-8] DEBUG org.hibernate.SQL - select m1_0.menu_no,m1_0.menu_dc,m1_0.menu_nm,m1_0.menu_ordr,m1_0.modern_route,m1_0.progrm_file_nm,m1_0.relate_image_nm,m1_0.relate_image_path,m1_0.route_updated_at,m1_0.upper_menu_no from nmenuinfo m1_0 order by m1_0.upper_menu_no,m1_0.menu_ordr
2026-03-16 17:11:47 [http-nio-8080-exec-3] DEBUG o.s.orm.jpa.JpaTransactionManager - Closing JPA EntityManager [SessionImpl(1041429989<open>)] after transaction
2026-03-16 17:11:47 [http-nio-8080-exec-17] DEBUG o.s.orm.jpa.JpaTransactionManager - Closing JPA EntityManager [SessionImpl(967852399<open>)] after transaction
2026-03-16 17:11:47 [http-nio-8080-exec-3] DEBUG c.c.p.s.jwt.JwtAuthenticationFilter - >>> [JwtFilter] Successfully authenticated user: USRCNFRM_99999999999, Authorities: [ROLE_ADMIN]
2026-03-16 17:11:47 [http-nio-8080-exec-17] DEBUG c.c.p.s.jwt.JwtAuthenticationFilter - >>> [JwtFilter] Successfully authenticated user: USRCNFRM_99999999999, Authorities: [ROLE_ADMIN]
2026-03-16 17:11:47 [http-nio-8080-exec-3] DEBUG o.s.web.servlet.DispatcherServlet - GET "/api/v1/menu/left?menuNo=20", parameters={masked}
2026-03-16 17:11:47 [http-nio-8080-exec-17] DEBUG o.s.web.servlet.DispatcherServlet - GET "/api/v1/menu/left?menuNo=60", parameters={masked}
2026-03-16 17:11:47 [http-nio-8080-exec-3] TRACE o.s.w.s.m.m.a.RequestMappingHandlerMapping - Mapped to com.company.project.api.controller.menu.MenuController#getLeftMenu(Long)
2026-03-16 17:11:47 [http-nio-8080-exec-17] TRACE o.s.w.s.m.m.a.RequestMappingHandlerMapping - Mapped to com.company.project.api.controller.menu.MenuController#getLeftMenu(Long)
2026-03-16 17:11:47 [http-nio-8080-exec-3] INFO  c.c.p.a.c.menu.MenuController - getLeftMenu called with menuNo=20
2026-03-16 17:11:47 [http-nio-8080-exec-17] INFO  c.c.p.a.c.menu.MenuController - getLeftMenu called with menuNo=60
2026-03-16 17:11:47 [http-nio-8080-exec-3] DEBUG o.s.orm.jpa.JpaTransactionManager - Creating new transaction with name [com.company.project.service.menu.MenuService.getSubMenus]: PROPAGATION_REQUIRED,ISOLATION_DEFAULT,readOnly
2026-03-16 17:11:47 [http-nio-8080-exec-17] DEBUG o.s.orm.jpa.JpaTransactionManager - Creating new transaction with name [com.company.project.service.menu.MenuService.getSubMenus]: PROPAGATION_REQUIRED,ISOLATION_DEFAULT,readOnly
2026-03-16 17:11:47 [http-nio-8080-exec-3] DEBUG o.s.orm.jpa.JpaTransactionManager - Opened new EntityManager [SessionImpl(1264571118<open>)] for JPA transaction
2026-03-16 17:11:47 [http-nio-8080-exec-17] DEBUG o.s.orm.jpa.JpaTransactionManager - Opened new EntityManager [SessionImpl(1916441262<open>)] for JPA transaction
2026-03-16 17:11:47 [http-nio-8080-exec-3] DEBUG o.s.orm.jpa.JpaTransactionManager - Exposing JPA transaction as JDBC [org.springframework.orm.jpa.vendor.HibernateJpaDialect$HibernateConnectionHandle@620e1d0e]
2026-03-16 17:11:47 [http-nio-8080-exec-17] DEBUG o.s.orm.jpa.JpaTransactionManager - Exposing JPA transaction as JDBC [org.springframework.orm.jpa.vendor.HibernateJpaDialect$HibernateConnectionHandle@40c3bc36]
2026-03-16 17:11:47 [http-nio-8080-exec-3] DEBUG org.hibernate.SQL - select m1_0.menu_no,m1_0.menu_dc,m1_0.menu_nm,m1_0.menu_ordr,m1_0.modern_route,m1_0.progrm_file_nm,m1_0.relate_image_nm,m1_0.relate_image_path,m1_0.route_updated_at,m1_0.upper_menu_no from nmenuinfo m1_0 order by m1_0.upper_menu_no,m1_0.menu_ordr
2026-03-16 17:11:47 [http-nio-8080-exec-17] DEBUG org.hibernate.SQL - select m1_0.menu_no,m1_0.menu_dc,m1_0.menu_nm,m1_0.menu_ordr,m1_0.modern_route,m1_0.progrm_file_nm,m1_0.relate_image_nm,m1_0.relate_image_path,m1_0.route_updated_at,m1_0.upper_menu_no from nmenuinfo m1_0 order by m1_0.upper_menu_no,m1_0.menu_ordr
2026-03-16 17:11:48 [http-nio-8080-exec-9] DEBUG org.hibernate.SQL - select count(b1_0.ntt_id) from nbbs b1_0 left join nemplyrinfo u1_0 on b1_0.frst_register_id=u1_0.esntl_id where (b1_0.use_at = 'Y') and b1_0.bbs_id=?
2026-03-16 17:11:48 [http-nio-8080-exec-8] DEBUG o.s.orm.jpa.JpaTransactionManager - Found thread-bound EntityManager [SessionImpl(1566175870<open>)] for JPA transaction
2026-03-16 17:11:48 [http-nio-8080-exec-8] DEBUG o.s.orm.jpa.JpaTransactionManager - Participating in existing transaction
2026-03-16 17:11:48 [http-nio-8080-exec-10] DEBUG o.s.orm.jpa.JpaTransactionManager - Found thread-bound EntityManager [SessionImpl(1458587229<open>)] for JPA transaction
2026-03-16 17:11:48 [http-nio-8080-exec-10] DEBUG o.s.orm.jpa.JpaTransactionManager - Participating in existing transaction
2026-03-16 17:11:48 [http-nio-8080-exec-15] DEBUG o.s.orm.jpa.JpaTransactionManager - Found thread-bound EntityManager [SessionImpl(1095894744<open>)] for JPA transaction
2026-03-16 17:11:48 [http-nio-8080-exec-15] DEBUG o.s.orm.jpa.JpaTransactionManager - Participating in existing transaction
2026-03-16 17:11:48 [http-nio-8080-exec-15] DEBUG org.hibernate.SQL - select p1_0.progrm_file_nm,p1_0.progrm_dc,p1_0.progrm_korean_nm,p1_0.progrm_stre_path,p1_0.url from nprogrmlist p1_0
2026-03-16 17:11:48 [http-nio-8080-exec-8] DEBUG org.hibernate.SQL - select p1_0.progrm_file_nm,p1_0.progrm_dc,p1_0.progrm_korean_nm,p1_0.progrm_stre_path,p1_0.url from nprogrmlist p1_0
2026-03-16 17:11:48 [http-nio-8080-exec-10] DEBUG org.hibernate.SQL - select p1_0.progrm_file_nm,p1_0.progrm_dc,p1_0.progrm_korean_nm,p1_0.progrm_stre_path,p1_0.url from nprogrmlist p1_0
2026-03-16 17:11:48 [http-nio-8080-exec-9] DEBUG o.s.orm.jpa.JpaTransactionManager - Initiating transaction commit
2026-03-16 17:11:48 [http-nio-8080-exec-9] DEBUG o.s.orm.jpa.JpaTransactionManager - Committing JPA transaction on EntityManager [SessionImpl(1335692744<open>)]
2026-03-16 17:11:48 [http-nio-8080-exec-17] DEBUG o.s.orm.jpa.JpaTransactionManager - Found thread-bound EntityManager [SessionImpl(1916441262<open>)] for JPA transaction
2026-03-16 17:11:48 [http-nio-8080-exec-3] DEBUG o.s.orm.jpa.JpaTransactionManager - Found thread-bound EntityManager [SessionImpl(1264571118<open>)] for JPA transaction
2026-03-16 17:11:48 [http-nio-8080-exec-3] DEBUG o.s.orm.jpa.JpaTransactionManager - Participating in existing transaction
2026-03-16 17:11:48 [http-nio-8080-exec-17] DEBUG o.s.orm.jpa.JpaTransactionManager - Participating in existing transaction
2026-03-16 17:11:48 [http-nio-8080-exec-3] DEBUG org.hibernate.SQL - select p1_0.progrm_file_nm,p1_0.progrm_dc,p1_0.progrm_korean_nm,p1_0.progrm_stre_path,p1_0.url from nprogrmlist p1_0
2026-03-16 17:11:48 [http-nio-8080-exec-17] DEBUG org.hibernate.SQL - select p1_0.progrm_file_nm,p1_0.progrm_dc,p1_0.progrm_korean_nm,p1_0.progrm_stre_path,p1_0.url from nprogrmlist p1_0
2026-03-16 17:11:48 [http-nio-8080-exec-15] DEBUG o.s.orm.jpa.JpaTransactionManager - Initiating transaction commit
2026-03-16 17:11:48 [http-nio-8080-exec-8] DEBUG o.s.orm.jpa.JpaTransactionManager - Initiating transaction commit
2026-03-16 17:11:48 [http-nio-8080-exec-10] DEBUG o.s.orm.jpa.JpaTransactionManager - Initiating transaction commit
2026-03-16 17:11:48 [http-nio-8080-exec-8] DEBUG o.s.orm.jpa.JpaTransactionManager - Committing JPA transaction on EntityManager [SessionImpl(1566175870<open>)]
2026-03-16 17:11:48 [http-nio-8080-exec-10] DEBUG o.s.orm.jpa.JpaTransactionManager - Committing JPA transaction on EntityManager [SessionImpl(1458587229<open>)]
2026-03-16 17:11:48 [http-nio-8080-exec-15] DEBUG o.s.orm.jpa.JpaTransactionManager - Committing JPA transaction on EntityManager [SessionImpl(1095894744<open>)]
2026-03-16 17:11:48 [http-nio-8080-exec-9] DEBUG o.s.orm.jpa.JpaTransactionManager - Closing JPA EntityManager [SessionImpl(1335692744<open>)] after transaction
2026-03-16 17:11:48 [http-nio-8080-exec-9] DEBUG o.s.orm.jpa.JpaTransactionManager - Creating new transaction with name [com.company.project.service.informalsanction.InformalSanctionServiceImpl.getReceivedInformalSanctionList]: PROPAGATION_REQUIRED,ISOLATION_DEFAULT,readOnly
2026-03-16 17:11:48 [http-nio-8080-exec-9] DEBUG o.s.orm.jpa.JpaTransactionManager - Opened new EntityManager [SessionImpl(1033321999<open>)] for JPA transaction
2026-03-16 17:11:48 [http-nio-8080-exec-9] DEBUG o.s.orm.jpa.JpaTransactionManager - Exposing JPA transaction as JDBC [org.springframework.orm.jpa.vendor.HibernateJpaDialect$HibernateConnectionHandle@63fb9223]
2026-03-16 17:11:48 [http-nio-8080-exec-17] DEBUG o.s.orm.jpa.JpaTransactionManager - Initiating transaction commit
2026-03-16 17:11:48 [http-nio-8080-exec-3] DEBUG o.s.orm.jpa.JpaTransactionManager - Initiating transaction commit
2026-03-16 17:11:48 [http-nio-8080-exec-17] DEBUG o.s.orm.jpa.JpaTransactionManager - Committing JPA transaction on EntityManager [SessionImpl(1916441262<open>)]
2026-03-16 17:11:48 [http-nio-8080-exec-3] DEBUG o.s.orm.jpa.JpaTransactionManager - Committing JPA transaction on EntityManager [SessionImpl(1264571118<open>)]
2026-03-16 17:11:48 [http-nio-8080-exec-9] DEBUG org.hibernate.SQL - select is1_0.infrml_sanctn_id,is1_0.applcnt_id,is1_0.confm_at,is1_0.frst_register_id,is1_0.frst_regist_pnttm,is1_0.job_se_code,is1_0.last_updusr_id,is1_0.last_updt_pnttm,is1_0.reqst_de,is1_0.return_resn,is1_0.sanctn_dt,is1_0.sanctner_id from ninfrmlsanctn is1_0 where is1_0.sanctner_id=?
2026-03-16 17:11:48 [http-nio-8080-exec-8] DEBUG o.s.orm.jpa.JpaTransactionManager - Closing JPA EntityManager [SessionImpl(1566175870<open>)] after transaction
2026-03-16 17:11:48 [http-nio-8080-exec-10] DEBUG o.s.orm.jpa.JpaTransactionManager - Closing JPA EntityManager [SessionImpl(1458587229<open>)] after transaction
2026-03-16 17:11:48 [http-nio-8080-exec-15] DEBUG o.s.orm.jpa.JpaTransactionManager - Closing JPA EntityManager [SessionImpl(1095894744<open>)] after transaction
2026-03-16 17:11:48 [http-nio-8080-exec-8] INFO  c.c.p.a.c.menu.MenuController - getLeftMenu returned 2 items
2026-03-16 17:11:48 [http-nio-8080-exec-10] INFO  c.c.p.a.c.menu.MenuController - getLeftMenu returned 3 items
2026-03-16 17:11:48 [http-nio-8080-exec-15] INFO  c.c.p.a.c.menu.MenuController - getLeftMenu returned 5 items
2026-03-16 17:11:48 [http-nio-8080-exec-8] DEBUG o.s.w.s.m.m.a.HttpEntityMethodProcessor - Using 'application/json', given [application/json, text/plain, */*] and supported [application/json, application/*+json, application/yaml]
2026-03-16 17:11:48 [http-nio-8080-exec-15] DEBUG o.s.w.s.m.m.a.HttpEntityMethodProcessor - Using 'application/json', given [application/json, text/plain, */*] and supported [application/json, application/*+json, application/yaml]
2026-03-16 17:11:48 [http-nio-8080-exec-10] DEBUG o.s.w.s.m.m.a.HttpEntityMethodProcessor - Using 'application/json', given [application/json, text/plain, */*] and supported [application/json, application/*+json, application/yaml]
2026-03-16 17:11:48 [http-nio-8080-exec-8] TRACE o.s.w.s.m.m.a.HttpEntityMethodProcessor - Writing [ApiResponse[success=true, status=200, code=COMMON_001, message=Success, data={list=[com.company.project.service.menu.dto.MenuDto@27a4e62b, com.company.project.service.menu.dto.MenuDto@3b6005c9]}, timestamp=2026-03-16T17:11:48.521735700]]
2026-03-16 17:11:48 [http-nio-8080-exec-15] TRACE o.s.w.s.m.m.a.HttpEntityMethodProcessor - Writing [ApiResponse[success=true, status=200, code=COMMON_001, message=Success, data={list=[com.company.project.service.menu.dto.MenuDto@3509c823, com.company.project.service.menu.dto.MenuDto@36a3692d, com.company.project.service.menu.dto.MenuDto@6e6b02d1, com.company.project.service.menu.dto.MenuDto@66be6281, com.company.project.service.menu.dto.MenuDto@1d8de6a5]}, timestamp=2026-03-16T17:11:48.521735700]]
2026-03-16 17:11:48 [http-nio-8080-exec-10] TRACE o.s.w.s.m.m.a.HttpEntityMethodProcessor - Writing [ApiResponse[success=true, status=200, code=COMMON_001, message=Success, data={list=[com.company.project.service.menu.dto.MenuDto@1f7a01a8, com.company.project.service.menu.dto.MenuDto@6420d658, com.company.project.service.menu.dto.MenuDto@68242464]}, timestamp=2026-03-16T17:11:48.521735700]]
2026-03-16 17:11:48 [http-nio-8080-exec-15] INFO  c.c.p.a.i.OperationalAuditInterceptor - API Audit Log: URL=/api/v1/menu/left, User=webmaster, IP=0:0:0:0:0:0:0:1
2026-03-16 17:11:48 [http-nio-8080-exec-10] INFO  c.c.p.a.i.OperationalAuditInterceptor - API Audit Log: URL=/api/v1/menu/left, User=webmaster, IP=0:0:0:0:0:0:0:1
2026-03-16 17:11:48 [http-nio-8080-exec-8] INFO  c.c.p.a.i.OperationalAuditInterceptor - API Audit Log: URL=/api/v1/menu/left, User=webmaster, IP=0:0:0:0:0:0:0:1
2026-03-16 17:11:48 [http-nio-8080-exec-15] DEBUG o.s.web.servlet.DispatcherServlet - Completed 200 OK
2026-03-16 17:11:48 [http-nio-8080-exec-10] DEBUG o.s.web.servlet.DispatcherServlet - Completed 200 OK
2026-03-16 17:11:48 [http-nio-8080-exec-8] DEBUG o.s.web.servlet.DispatcherServlet - Completed 200 OK
2026-03-16 17:11:48 [http-nio-8080-exec-3] DEBUG o.s.orm.jpa.JpaTransactionManager - Closing JPA EntityManager [SessionImpl(1264571118<open>)] after transaction
2026-03-16 17:11:48 [http-nio-8080-exec-17] DEBUG o.s.orm.jpa.JpaTransactionManager - Closing JPA EntityManager [SessionImpl(1916441262<open>)] after transaction
2026-03-16 17:11:48 [http-nio-8080-exec-3] INFO  c.c.p.a.c.menu.MenuController - getLeftMenu returned 3 items
2026-03-16 17:11:48 [http-nio-8080-exec-17] INFO  c.c.p.a.c.menu.MenuController - getLeftMenu returned 1 items
2026-03-16 17:11:48 [http-nio-8080-exec-3] DEBUG o.s.w.s.m.m.a.HttpEntityMethodProcessor - Using 'application/json', given [application/json, text/plain, */*] and supported [application/json, application/*+json, application/yaml]
2026-03-16 17:11:48 [http-nio-8080-exec-17] DEBUG o.s.w.s.m.m.a.HttpEntityMethodProcessor - Using 'application/json', given [application/json, text/plain, */*] and supported [application/json, application/*+json, application/yaml]
2026-03-16 17:11:48 [http-nio-8080-exec-3] TRACE o.s.w.s.m.m.a.HttpEntityMethodProcessor - Writing [ApiResponse[success=true, status=200, code=COMMON_001, message=Success, data={list=[com.company.project.service.menu.dto.MenuDto@6e1d7616, com.company.project.service.menu.dto.MenuDto@189ef7b4, com.company.project.service.menu.dto.MenuDto@4f6f2d38]}, timestamp=2026-03-16T17:11:48.540959600]]
2026-03-16 17:11:48 [http-nio-8080-exec-17] TRACE o.s.w.s.m.m.a.HttpEntityMethodProcessor - Writing [ApiResponse[success=true, status=200, code=COMMON_001, message=Success, data={list=[com.company.project.service.menu.dto.MenuDto@5f8e6df5]}, timestamp=2026-03-16T17:11:48.540959600]]
2026-03-16 17:11:48 [http-nio-8080-exec-3] INFO  c.c.p.a.i.OperationalAuditInterceptor - API Audit Log: URL=/api/v1/menu/left, User=webmaster, IP=0:0:0:0:0:0:0:1
2026-03-16 17:11:48 [http-nio-8080-exec-17] INFO  c.c.p.a.i.OperationalAuditInterceptor - API Audit Log: URL=/api/v1/menu/left, User=webmaster, IP=0:0:0:0:0:0:0:1
2026-03-16 17:11:48 [http-nio-8080-exec-3] DEBUG o.s.web.servlet.DispatcherServlet - Completed 200 OK
2026-03-16 17:11:48 [http-nio-8080-exec-17] DEBUG o.s.web.servlet.DispatcherServlet - Completed 200 OK
2026-03-16 17:11:48 [http-nio-8080-exec-9] DEBUG o.s.orm.jpa.JpaTransactionManager - Initiating transaction commit
2026-03-16 17:11:48 [http-nio-8080-exec-9] DEBUG o.s.orm.jpa.JpaTransactionManager - Committing JPA transaction on EntityManager [SessionImpl(1033321999<open>)]
2026-03-16 17:11:48 [http-nio-8080-exec-12] DEBUG o.s.w.s.h.LoggingWebSocketHandlerDecorator - WebSocketServerSockJsSession[id=aqdp154t] closed with CloseStatus[code=1001, reason=null]
2026-03-16 17:11:48 [http-nio-8080-exec-12] DEBUG o.s.w.s.m.SubProtocolWebSocketHandler - Clearing session aqdp154t
2026-03-16 17:11:48 [scheduling-1] DEBUG org.springframework.web.SimpLogging - Processing DISCONNECT session=aqdp154t
2026-03-16 17:11:48 [scheduling-1] DEBUG o.s.w.s.m.SubProtocolWebSocketHandler - No session for GenericMessage [payload=byte[0], headers={simpMessageType=DISCONNECT_ACK, simpDisconnectMessage=GenericMessage [payload=byte[0], headers={simpMessageType=DISCONNECT, stompCommand=DISCONNECT, simpSessionAttributes={org.springframework.messaging.simp.SimpAttributes.COMPLETED=true}, simpSessionId=aqdp154t}], simpSessionId=aqdp154t}]
2026-03-16 17:11:48 [http-nio-8080-exec-9] DEBUG o.s.orm.jpa.JpaTransactionManager - Closing JPA EntityManager [SessionImpl(1033321999<open>)] after transaction
2026-03-16 17:11:48 [http-nio-8080-exec-9] DEBUG o.s.w.s.m.m.a.HttpEntityMethodProcessor - Using 'application/json', given [application/json, text/plain, */*] and supported [application/json, application/*+json, application/yaml]
2026-03-16 17:11:48 [http-nio-8080-exec-9] TRACE o.s.w.s.m.m.a.HttpEntityMethodProcessor - Writing [{notiList=[com.company.project.service.board.dto.BoardDto@1513cd87], success=true, taskList=[com.company.project.service.board.dto.BoardDto@5104c0bb], pendingApprovalCount=0}]
2026-03-16 17:11:48 [http-nio-8080-exec-9] INFO  c.c.p.a.i.OperationalAuditInterceptor - API Audit Log: URL=/api/v1/dashboard, User=webmaster, IP=0:0:0:0:0:0:0:1
2026-03-16 17:11:48 [http-nio-8080-exec-9] DEBUG o.s.web.servlet.DispatcherServlet - Completed 200 OK
2026-03-16 17:11:49 [http-nio-8080-exec-2] DEBUG c.c.p.s.jwt.JwtAuthenticationFilter - >>> [JwtFilter] Processing request: GET /api/v1/menu/left
2026-03-16 17:11:49 [http-nio-8080-exec-2] DEBUG c.c.p.s.jwt.JwtAuthenticationFilter - >>> [JwtFilter] Found token in header for path: /api/v1/menu/left
2026-03-16 17:11:49 [http-nio-8080-exec-2] DEBUG o.s.orm.jpa.JpaTransactionManager - Creating new transaction with name [com.company.project.security.iam.CustomUserDetailsService.loadUserByUsername]: PROPAGATION_REQUIRED,ISOLATION_DEFAULT,readOnly
2026-03-16 17:11:49 [http-nio-8080-exec-2] DEBUG o.s.orm.jpa.JpaTransactionManager - Opened new EntityManager [SessionImpl(1030470601<open>)] for JPA transaction
2026-03-16 17:11:49 [http-nio-8080-exec-13] DEBUG c.c.p.s.jwt.JwtAuthenticationFilter - >>> [JwtFilter] Processing request: GET /api/v1/auth/me
2026-03-16 17:11:49 [http-nio-8080-exec-19] DEBUG c.c.p.s.jwt.JwtAuthenticationFilter - >>> [JwtFilter] Processing request: GET /api/v1/menu/head
2026-03-16 17:11:49 [http-nio-8080-exec-13] DEBUG c.c.p.s.jwt.JwtAuthenticationFilter - >>> [JwtFilter] Found token in header for path: /api/v1/auth/me
2026-03-16 17:11:49 [http-nio-8080-exec-19] DEBUG c.c.p.s.jwt.JwtAuthenticationFilter - >>> [JwtFilter] Found token in header for path: /api/v1/menu/head
2026-03-16 17:11:49 [http-nio-8080-exec-13] DEBUG o.s.orm.jpa.JpaTransactionManager - Creating new transaction with name [com.company.project.security.iam.CustomUserDetailsService.loadUserByUsername]: PROPAGATION_REQUIRED,ISOLATION_DEFAULT,readOnly
2026-03-16 17:11:49 [http-nio-8080-exec-19] DEBUG o.s.orm.jpa.JpaTransactionManager - Creating new transaction with name [com.company.project.security.iam.CustomUserDetailsService.loadUserByUsername]: PROPAGATION_REQUIRED,ISOLATION_DEFAULT,readOnly
2026-03-16 17:11:49 [http-nio-8080-exec-13] DEBUG o.s.orm.jpa.JpaTransactionManager - Opened new EntityManager [SessionImpl(1789446192<open>)] for JPA transaction
2026-03-16 17:11:49 [http-nio-8080-exec-19] DEBUG o.s.orm.jpa.JpaTransactionManager - Opened new EntityManager [SessionImpl(975929361<open>)] for JPA transaction
2026-03-16 17:11:49 [http-nio-8080-exec-2] DEBUG o.s.orm.jpa.JpaTransactionManager - Exposing JPA transaction as JDBC [org.springframework.orm.jpa.vendor.HibernateJpaDialect$HibernateConnectionHandle@436aac14]
2026-03-16 17:11:49 [http-nio-8080-exec-2] DEBUG o.s.orm.jpa.JpaTransactionManager - Found thread-bound EntityManager [SessionImpl(1030470601<open>)] for JPA transaction
2026-03-16 17:11:49 [http-nio-8080-exec-2] DEBUG o.s.orm.jpa.JpaTransactionManager - Participating in existing transaction
2026-03-16 17:11:49 [http-nio-8080-exec-2] DEBUG org.hibernate.SQL - select u1_0.emplyr_id,u1_0.area_no,u1_0.brthdy,u1_0.chg_pwd_cnt,u1_0.frst_register_id,u1_0.frst_regist_pnttm,u1_0.detail_adres,u1_0.email_adres,u1_0.emplyr_sttus_code,u1_0.empl_no,u1_0.esntl_id,u1_0.fxnum,u1_0.group_id,u1_0.house_adres,u1_0.house_end_telno,u1_0.house_middle_telno,u1_0.ihidnum,u1_0.pstinst_code,u1_0.last_updusr_id,u1_0.last_updt_pnttm,u1_0.lock_at,u1_0.lock_cnt,u1_0.lock_last_pnttm,u1_0.mbtlnum,u1_0.ofcps_nm,u1_0.offm_telno,u1_0.orgnzt_id,u1_0.password,u1_0.password_cnsr,u1_0.password_hint,u1_0.chg_pwd_last_pnttm,u1_0.role,u1_0.sbscrb_de,u1_0.sexdstn_code,u1_0.crtfc_dn_value,u1_0.user_nm,u1_0.zip from nemplyrinfo u1_0 where u1_0.emplyr_id=?
2026-03-16 17:11:49 [http-nio-8080-exec-13] DEBUG o.s.orm.jpa.JpaTransactionManager - Exposing JPA transaction as JDBC [org.springframework.orm.jpa.vendor.HibernateJpaDialect$HibernateConnectionHandle@987a843]
2026-03-16 17:11:49 [http-nio-8080-exec-19] DEBUG o.s.orm.jpa.JpaTransactionManager - Exposing JPA transaction as JDBC [org.springframework.orm.jpa.vendor.HibernateJpaDialect$HibernateConnectionHandle@3589346a]
2026-03-16 17:11:49 [http-nio-8080-exec-13] DEBUG o.s.orm.jpa.JpaTransactionManager - Found thread-bound EntityManager [SessionImpl(1789446192<open>)] for JPA transaction
2026-03-16 17:11:49 [http-nio-8080-exec-19] DEBUG o.s.orm.jpa.JpaTransactionManager - Found thread-bound EntityManager [SessionImpl(975929361<open>)] for JPA transaction
2026-03-16 17:11:49 [http-nio-8080-exec-13] DEBUG o.s.orm.jpa.JpaTransactionManager - Participating in existing transaction
2026-03-16 17:11:49 [http-nio-8080-exec-19] DEBUG o.s.orm.jpa.JpaTransactionManager - Participating in existing transaction
2026-03-16 17:11:49 [http-nio-8080-exec-19] DEBUG org.hibernate.SQL - select u1_0.emplyr_id,u1_0.area_no,u1_0.brthdy,u1_0.chg_pwd_cnt,u1_0.frst_register_id,u1_0.frst_regist_pnttm,u1_0.detail_adres,u1_0.email_adres,u1_0.emplyr_sttus_code,u1_0.empl_no,u1_0.esntl_id,u1_0.fxnum,u1_0.group_id,u1_0.house_adres,u1_0.house_end_telno,u1_0.house_middle_telno,u1_0.ihidnum,u1_0.pstinst_code,u1_0.last_updusr_id,u1_0.last_updt_pnttm,u1_0.lock_at,u1_0.lock_cnt,u1_0.lock_last_pnttm,u1_0.mbtlnum,u1_0.ofcps_nm,u1_0.offm_telno,u1_0.orgnzt_id,u1_0.password,u1_0.password_cnsr,u1_0.password_hint,u1_0.chg_pwd_last_pnttm,u1_0.role,u1_0.sbscrb_de,u1_0.sexdstn_code,u1_0.crtfc_dn_value,u1_0.user_nm,u1_0.zip from nemplyrinfo u1_0 where u1_0.emplyr_id=?
2026-03-16 17:11:49 [http-nio-8080-exec-13] DEBUG org.hibernate.SQL - select u1_0.emplyr_id,u1_0.area_no,u1_0.brthdy,u1_0.chg_pwd_cnt,u1_0.frst_register_id,u1_0.frst_regist_pnttm,u1_0.detail_adres,u1_0.email_adres,u1_0.emplyr_sttus_code,u1_0.empl_no,u1_0.esntl_id,u1_0.fxnum,u1_0.group_id,u1_0.house_adres,u1_0.house_end_telno,u1_0.house_middle_telno,u1_0.ihidnum,u1_0.pstinst_code,u1_0.last_updusr_id,u1_0.last_updt_pnttm,u1_0.lock_at,u1_0.lock_cnt,u1_0.lock_last_pnttm,u1_0.mbtlnum,u1_0.ofcps_nm,u1_0.offm_telno,u1_0.orgnzt_id,u1_0.password,u1_0.password_cnsr,u1_0.password_hint,u1_0.chg_pwd_last_pnttm,u1_0.role,u1_0.sbscrb_de,u1_0.sexdstn_code,u1_0.crtfc_dn_value,u1_0.user_nm,u1_0.zip from nemplyrinfo u1_0 where u1_0.emplyr_id=?
2026-03-16 17:11:49 [http-nio-8080-exec-2] DEBUG o.s.orm.jpa.JpaTransactionManager - Found thread-bound EntityManager [SessionImpl(1030470601<open>)] for JPA transaction
2026-03-16 17:11:49 [http-nio-8080-exec-2] DEBUG o.s.orm.jpa.JpaTransactionManager - Participating in existing transaction
2026-03-16 17:11:49 [http-nio-8080-exec-2] DEBUG org.hibernate.SQL - select ua1_0.scrty_dtrmn_trget_id,ua1_0.author_code,ua1_0.frst_register_id,ua1_0.frst_regist_pnttm,ua1_0.last_updusr_id,ua1_0.last_updt_pnttm,ua1_0.mber_ty_code from nemplyrscrtyestbs ua1_0 where ua1_0.scrty_dtrmn_trget_id=?
2026-03-16 17:11:49 [http-nio-8080-exec-19] DEBUG o.s.orm.jpa.JpaTransactionManager - Found thread-bound EntityManager [SessionImpl(975929361<open>)] for JPA transaction
2026-03-16 17:11:49 [http-nio-8080-exec-19] DEBUG o.s.orm.jpa.JpaTransactionManager - Participating in existing transaction
2026-03-16 17:11:49 [http-nio-8080-exec-19] DEBUG org.hibernate.SQL - select ua1_0.scrty_dtrmn_trget_id,ua1_0.author_code,ua1_0.frst_register_id,ua1_0.frst_regist_pnttm,ua1_0.last_updusr_id,ua1_0.last_updt_pnttm,ua1_0.mber_ty_code from nemplyrscrtyestbs ua1_0 where ua1_0.scrty_dtrmn_trget_id=?
2026-03-16 17:11:49 [http-nio-8080-exec-13] DEBUG o.s.orm.jpa.JpaTransactionManager - Found thread-bound EntityManager [SessionImpl(1789446192<open>)] for JPA transaction
2026-03-16 17:11:49 [http-nio-8080-exec-13] DEBUG o.s.orm.jpa.JpaTransactionManager - Participating in existing transaction
2026-03-16 17:11:49 [http-nio-8080-exec-13] DEBUG org.hibernate.SQL - select ua1_0.scrty_dtrmn_trget_id,ua1_0.author_code,ua1_0.frst_register_id,ua1_0.frst_regist_pnttm,ua1_0.last_updusr_id,ua1_0.last_updt_pnttm,ua1_0.mber_ty_code from nemplyrscrtyestbs ua1_0 where ua1_0.scrty_dtrmn_trget_id=?
2026-03-16 17:11:49 [http-nio-8080-exec-2] DEBUG o.s.orm.jpa.JpaTransactionManager - Initiating transaction commit
2026-03-16 17:11:49 [http-nio-8080-exec-2] DEBUG o.s.orm.jpa.JpaTransactionManager - Committing JPA transaction on EntityManager [SessionImpl(1030470601<open>)]
2026-03-16 17:11:49 [http-nio-8080-exec-13] DEBUG o.s.orm.jpa.JpaTransactionManager - Initiating transaction commit
2026-03-16 17:11:49 [http-nio-8080-exec-13] DEBUG o.s.orm.jpa.JpaTransactionManager - Committing JPA transaction on EntityManager [SessionImpl(1789446192<open>)]
2026-03-16 17:11:49 [http-nio-8080-exec-19] DEBUG o.s.orm.jpa.JpaTransactionManager - Initiating transaction commit
2026-03-16 17:11:49 [http-nio-8080-exec-19] DEBUG o.s.orm.jpa.JpaTransactionManager - Committing JPA transaction on EntityManager [SessionImpl(975929361<open>)]
2026-03-16 17:11:50 [http-nio-8080-exec-2] DEBUG o.s.orm.jpa.JpaTransactionManager - Closing JPA EntityManager [SessionImpl(1030470601<open>)] after transaction
2026-03-16 17:11:50 [http-nio-8080-exec-13] DEBUG o.s.orm.jpa.JpaTransactionManager - Closing JPA EntityManager [SessionImpl(1789446192<open>)] after transaction
2026-03-16 17:11:50 [http-nio-8080-exec-2] DEBUG c.c.p.s.jwt.JwtAuthenticationFilter - >>> [JwtFilter] Successfully authenticated user: USRCNFRM_99999999999, Authorities: [ROLE_ADMIN]
2026-03-16 17:11:50 [http-nio-8080-exec-13] DEBUG c.c.p.s.jwt.JwtAuthenticationFilter - >>> [JwtFilter] Successfully authenticated user: USRCNFRM_99999999999, Authorities: [ROLE_ADMIN]
2026-03-16 17:11:50 [http-nio-8080-exec-13] DEBUG o.s.web.servlet.DispatcherServlet - GET "/api/v1/auth/me", parameters={}
2026-03-16 17:11:50 [http-nio-8080-exec-2] DEBUG o.s.web.servlet.DispatcherServlet - GET "/api/v1/menu/left?menuNo=10", parameters={masked}
2026-03-16 17:11:50 [http-nio-8080-exec-13] TRACE o.s.w.s.m.m.a.RequestMappingHandlerMapping - Mapped to com.company.project.api.auth.AuthController#getCurrentUser()
2026-03-16 17:11:50 [http-nio-8080-exec-2] TRACE o.s.w.s.m.m.a.RequestMappingHandlerMapping - Mapped to com.company.project.api.controller.menu.MenuController#getLeftMenu(Long)
2026-03-16 17:11:50 [http-nio-8080-exec-19] DEBUG o.s.orm.jpa.JpaTransactionManager - Closing JPA EntityManager [SessionImpl(975929361<open>)] after transaction
2026-03-16 17:11:50 [http-nio-8080-exec-19] DEBUG c.c.p.s.jwt.JwtAuthenticationFilter - >>> [JwtFilter] Successfully authenticated user: USRCNFRM_99999999999, Authorities: [ROLE_ADMIN]
2026-03-16 17:11:50 [http-nio-8080-exec-2] INFO  c.c.p.a.c.menu.MenuController - getLeftMenu called with menuNo=10
2026-03-16 17:11:50 [http-nio-8080-exec-13] DEBUG o.s.w.s.m.m.a.RequestResponseBodyMethodProcessor - Using 'application/json', given [application/json, text/plain, */*] and supported [application/json, application/*+json, application/yaml]
2026-03-16 17:11:50 [http-nio-8080-exec-2] DEBUG o.s.orm.jpa.JpaTransactionManager - Creating new transaction with name [com.company.project.service.menu.MenuService.getSubMenus]: PROPAGATION_REQUIRED,ISOLATION_DEFAULT,readOnly
2026-03-16 17:11:50 [http-nio-8080-exec-19] DEBUG o.s.web.servlet.DispatcherServlet - GET "/api/v1/menu/head", parameters={}
2026-03-16 17:11:50 [http-nio-8080-exec-2] DEBUG o.s.orm.jpa.JpaTransactionManager - Opened new EntityManager [SessionImpl(32694208<open>)] for JPA transaction
2026-03-16 17:11:50 [http-nio-8080-exec-13] TRACE o.s.w.s.m.m.a.RequestResponseBodyMethodProcessor - Writing [ApiResponse[success=true, status=200, code=COMMON_001, message=Success, data={role=ROLE_ADMIN, userSe=EMP, name=관리자, id=webmaster}, timestamp=2026-03-16T17:11:50.061726100]]
2026-03-16 17:11:50 [http-nio-8080-exec-2] DEBUG o.s.orm.jpa.JpaTransactionManager - Exposing JPA transaction as JDBC [org.springframework.orm.jpa.vendor.HibernateJpaDialect$HibernateConnectionHandle@1e40c5c9]
2026-03-16 17:11:50 [http-nio-8080-exec-19] TRACE o.s.w.s.m.m.a.RequestMappingHandlerMapping - Mapped to com.company.project.api.controller.menu.MenuController#getHeadMenu()
2026-03-16 17:11:50 [http-nio-8080-exec-13] INFO  c.c.p.a.i.OperationalAuditInterceptor - API Audit Log: URL=/api/v1/auth/me, User=webmaster, IP=127.0.0.1
2026-03-16 17:11:50 [http-nio-8080-exec-19] INFO  c.c.p.a.c.menu.MenuController - getHeadMenu called
2026-03-16 17:11:50 [http-nio-8080-exec-13] DEBUG o.s.web.servlet.DispatcherServlet - Completed 200 OK
2026-03-16 17:11:50 [http-nio-8080-exec-2] DEBUG org.hibernate.SQL - select m1_0.menu_no,m1_0.menu_dc,m1_0.menu_nm,m1_0.menu_ordr,m1_0.modern_route,m1_0.progrm_file_nm,m1_0.relate_image_nm,m1_0.relate_image_path,m1_0.route_updated_at,m1_0.upper_menu_no from nmenuinfo m1_0 order by m1_0.upper_menu_no,m1_0.menu_ordr
2026-03-16 17:11:50 [http-nio-8080-exec-19] INFO  c.c.p.a.c.menu.MenuController - getHeadMenu returned 5 items
2026-03-16 17:11:50 [http-nio-8080-exec-19] DEBUG o.s.w.s.m.m.a.HttpEntityMethodProcessor - Using 'application/json', given [application/json, text/plain, */*] and supported [application/json, application/*+json, application/yaml]
2026-03-16 17:11:50 [http-nio-8080-exec-19] TRACE o.s.w.s.m.m.a.HttpEntityMethodProcessor - Writing [ApiResponse[success=true, status=200, code=COMMON_001, message=Success, data={list=[com.company.project.service.menu.dto.MenuDto@2b80d6b0, com.company.project.service.menu.dto.MenuDto@1418cfa3, com.company.project.service.menu.dto.MenuDto@f230bf1, com.company.project.service.menu.dto.MenuDto@734a7f6a, com.company.project.service.menu.dto.MenuDto@5e5202e5]}, timestamp=2026-03-16T17:11:50.062724400]]
2026-03-16 17:11:50 [http-nio-8080-exec-19] INFO  c.c.p.a.i.OperationalAuditInterceptor - API Audit Log: URL=/api/v1/menu/head, User=webmaster, IP=127.0.0.1
2026-03-16 17:11:50 [http-nio-8080-exec-19] DEBUG o.s.web.servlet.DispatcherServlet - Completed 200 OK
2026-03-16 17:11:50 [http-nio-8080-exec-10] DEBUG c.c.p.s.jwt.JwtAuthenticationFilter - >>> [JwtFilter] Processing request: GET /api/v1/notifications
2026-03-16 17:11:50 [http-nio-8080-exec-8] DEBUG c.c.p.s.jwt.JwtAuthenticationFilter - >>> [JwtFilter] Processing request: GET /api/v1/popups/active
2026-03-16 17:11:50 [http-nio-8080-exec-10] DEBUG c.c.p.s.jwt.JwtAuthenticationFilter - >>> [JwtFilter] Found token in header for path: /api/v1/notifications
2026-03-16 17:11:50 [http-nio-8080-exec-8] DEBUG c.c.p.s.jwt.JwtAuthenticationFilter - >>> [JwtFilter] Found token in header for path: /api/v1/popups/active
2026-03-16 17:11:50 [http-nio-8080-exec-15] DEBUG c.c.p.s.jwt.JwtAuthenticationFilter - >>> [JwtFilter] Processing request: GET /api/v1/notifications/unread-count
2026-03-16 17:11:50 [http-nio-8080-exec-15] DEBUG c.c.p.s.jwt.JwtAuthenticationFilter - >>> [JwtFilter] Found token in header for path: /api/v1/notifications/unread-count
2026-03-16 17:11:50 [http-nio-8080-exec-15] DEBUG o.s.orm.jpa.JpaTransactionManager - Creating new transaction with name [com.company.project.security.iam.CustomUserDetailsService.loadUserByUsername]: PROPAGATION_REQUIRED,ISOLATION_DEFAULT,readOnly
2026-03-16 17:11:50 [http-nio-8080-exec-10] DEBUG o.s.orm.jpa.JpaTransactionManager - Creating new transaction with name [com.company.project.security.iam.CustomUserDetailsService.loadUserByUsername]: PROPAGATION_REQUIRED,ISOLATION_DEFAULT,readOnly
2026-03-16 17:11:50 [http-nio-8080-exec-8] DEBUG o.s.orm.jpa.JpaTransactionManager - Creating new transaction with name [com.company.project.security.iam.CustomUserDetailsService.loadUserByUsername]: PROPAGATION_REQUIRED,ISOLATION_DEFAULT,readOnly
2026-03-16 17:11:50 [http-nio-8080-exec-15] DEBUG o.s.orm.jpa.JpaTransactionManager - Opened new EntityManager [SessionImpl(818552376<open>)] for JPA transaction
2026-03-16 17:11:50 [http-nio-8080-exec-10] DEBUG o.s.orm.jpa.JpaTransactionManager - Opened new EntityManager [SessionImpl(1121316788<open>)] for JPA transaction
2026-03-16 17:11:50 [http-nio-8080-exec-8] DEBUG o.s.orm.jpa.JpaTransactionManager - Opened new EntityManager [SessionImpl(669931784<open>)] for JPA transaction
2026-03-16 17:11:50 [http-nio-8080-exec-17] DEBUG c.c.p.s.jwt.JwtAuthenticationFilter - >>> [JwtFilter] Processing request: GET /api/v1/admin/system/banners/reflected
2026-03-16 17:11:50 [http-nio-8080-exec-17] DEBUG c.c.p.s.jwt.JwtAuthenticationFilter - >>> [JwtFilter] Found token in header for path: /api/v1/admin/system/banners/reflected
2026-03-16 17:11:50 [http-nio-8080-exec-17] DEBUG o.s.orm.jpa.JpaTransactionManager - Creating new transaction with name [com.company.project.security.iam.CustomUserDetailsService.loadUserByUsername]: PROPAGATION_REQUIRED,ISOLATION_DEFAULT,readOnly
2026-03-16 17:11:50 [http-nio-8080-exec-17] DEBUG o.s.orm.jpa.JpaTransactionManager - Opened new EntityManager [SessionImpl(3399882<open>)] for JPA transaction
2026-03-16 17:11:50 [http-nio-8080-exec-3] DEBUG o.s.web.servlet.DispatcherServlet - GET "/ws/info?t=1773648710145", parameters={masked}
2026-03-16 17:11:50 [http-nio-8080-exec-3] DEBUG o.s.w.s.s.s.WebSocketHandlerMapping - Mapped to org.springframework.web.socket.sockjs.support.SockJsHttpRequestHandler@3d80b7ba
2026-03-16 17:11:50 [http-nio-8080-exec-3] DEBUG o.s.w.s.s.t.h.DefaultSockJsService - Processing transport request: GET http://localhost:8080/ws/info?t=1773648710145
2026-03-16 17:11:50 [http-nio-8080-exec-3] DEBUG o.s.web.servlet.DispatcherServlet - Completed 200 OK
2026-03-16 17:11:50 [http-nio-8080-exec-12] DEBUG o.s.web.servlet.DispatcherServlet - GET "/ws/174/o2xodxwk/websocket", parameters={}
2026-03-16 17:11:50 [http-nio-8080-exec-12] DEBUG o.s.w.s.s.s.WebSocketHandlerMapping - Mapped to org.springframework.web.socket.sockjs.support.SockJsHttpRequestHandler@3d80b7ba
2026-03-16 17:11:50 [http-nio-8080-exec-12] DEBUG o.s.w.s.s.t.h.DefaultSockJsService - Processing transport request: GET http://localhost:8080/ws/174/o2xodxwk/websocket
2026-03-16 17:11:50 [http-nio-8080-exec-12] DEBUG o.s.web.servlet.DispatcherServlet - Completed 101 SWITCHING_PROTOCOLS
2026-03-16 17:11:50 [http-nio-8080-exec-12] DEBUG o.s.w.s.h.LoggingWebSocketHandlerDecorator - New WebSocketServerSockJsSession[id=o2xodxwk]
2026-03-16 17:11:50 [scheduling-1] DEBUG org.springframework.web.SimpLogging - Processing CONNECT session=o2xodxwk
2026-03-16 17:11:50 [scheduling-1] DEBUG org.springframework.web.SimpLogging - Processing SUBSCRIBE /topic/notices id=sub-0 session=o2xodxwk
2026-03-16 17:11:50 [scheduling-1] DEBUG org.springframework.web.SimpLogging - Processing SUBSCRIBE destination=/queue/notifications-usero2xodxwk subscriptionId=sub-1 session=o2xodxwk payload=byte[0]
2026-03-16 17:11:50 [scheduling-1] DEBUG org.springframework.web.SimpLogging - Processing SUBSCRIBE /topic/public id=sub-2 session=o2xodxwk
2026-03-16 17:11:50 [scheduling-1] DEBUG org.springframework.web.SimpLogging - Processing SUBSCRIBE /topic/dashboard/stats id=sub-4 session=o2xodxwk
2026-03-16 17:11:50 [scheduling-1] DEBUG org.springframework.web.SimpLogging - Processing SUBSCRIBE /topic/notifications id=sub-5 session=o2xodxwk
2026-03-16 17:11:50 [scheduling-1] DEBUG org.springframework.web.SimpLogging - Processing SUBSCRIBE destination=/queue/notifications-usero2xodxwk subscriptionId=sub-6 session=o2xodxwk payload=byte[0]
2026-03-16 17:11:50 [http-nio-8080-exec-10] DEBUG o.s.orm.jpa.JpaTransactionManager - Exposing JPA transaction as JDBC [org.springframework.orm.jpa.vendor.HibernateJpaDialect$HibernateConnectionHandle@dedc107]
2026-03-16 17:11:50 [http-nio-8080-exec-8] DEBUG o.s.orm.jpa.JpaTransactionManager - Exposing JPA transaction as JDBC [org.springframework.orm.jpa.vendor.HibernateJpaDialect$HibernateConnectionHandle@3d834ea7]
2026-03-16 17:11:50 [http-nio-8080-exec-15] DEBUG o.s.orm.jpa.JpaTransactionManager - Exposing JPA transaction as JDBC [org.springframework.orm.jpa.vendor.HibernateJpaDialect$HibernateConnectionHandle@681ef7a]
2026-03-16 17:11:50 [http-nio-8080-exec-10] DEBUG o.s.orm.jpa.JpaTransactionManager - Found thread-bound EntityManager [SessionImpl(1121316788<open>)] for JPA transaction
2026-03-16 17:11:50 [http-nio-8080-exec-8] DEBUG o.s.orm.jpa.JpaTransactionManager - Found thread-bound EntityManager [SessionImpl(669931784<open>)] for JPA transaction
2026-03-16 17:11:50 [http-nio-8080-exec-15] DEBUG o.s.orm.jpa.JpaTransactionManager - Found thread-bound EntityManager [SessionImpl(818552376<open>)] for JPA transaction
2026-03-16 17:11:50 [http-nio-8080-exec-10] DEBUG o.s.orm.jpa.JpaTransactionManager - Participating in existing transaction
2026-03-16 17:11:50 [http-nio-8080-exec-8] DEBUG o.s.orm.jpa.JpaTransactionManager - Participating in existing transaction
2026-03-16 17:11:50 [http-nio-8080-exec-15] DEBUG o.s.orm.jpa.JpaTransactionManager - Participating in existing transaction
2026-03-16 17:11:50 [http-nio-8080-exec-8] DEBUG org.hibernate.SQL - select u1_0.emplyr_id,u1_0.area_no,u1_0.brthdy,u1_0.chg_pwd_cnt,u1_0.frst_register_id,u1_0.frst_regist_pnttm,u1_0.detail_adres,u1_0.email_adres,u1_0.emplyr_sttus_code,u1_0.empl_no,u1_0.esntl_id,u1_0.fxnum,u1_0.group_id,u1_0.house_adres,u1_0.house_end_telno,u1_0.house_middle_telno,u1_0.ihidnum,u1_0.pstinst_code,u1_0.last_updusr_id,u1_0.last_updt_pnttm,u1_0.lock_at,u1_0.lock_cnt,u1_0.lock_last_pnttm,u1_0.mbtlnum,u1_0.ofcps_nm,u1_0.offm_telno,u1_0.orgnzt_id,u1_0.password,u1_0.password_cnsr,u1_0.password_hint,u1_0.chg_pwd_last_pnttm,u1_0.role,u1_0.sbscrb_de,u1_0.sexdstn_code,u1_0.crtfc_dn_value,u1_0.user_nm,u1_0.zip from nemplyrinfo u1_0 where u1_0.emplyr_id=?
2026-03-16 17:11:50 [http-nio-8080-exec-15] DEBUG org.hibernate.SQL - select u1_0.emplyr_id,u1_0.area_no,u1_0.brthdy,u1_0.chg_pwd_cnt,u1_0.frst_register_id,u1_0.frst_regist_pnttm,u1_0.detail_adres,u1_0.email_adres,u1_0.emplyr_sttus_code,u1_0.empl_no,u1_0.esntl_id,u1_0.fxnum,u1_0.group_id,u1_0.house_adres,u1_0.house_end_telno,u1_0.house_middle_telno,u1_0.ihidnum,u1_0.pstinst_code,u1_0.last_updusr_id,u1_0.last_updt_pnttm,u1_0.lock_at,u1_0.lock_cnt,u1_0.lock_last_pnttm,u1_0.mbtlnum,u1_0.ofcps_nm,u1_0.offm_telno,u1_0.orgnzt_id,u1_0.password,u1_0.password_cnsr,u1_0.password_hint,u1_0.chg_pwd_last_pnttm,u1_0.role,u1_0.sbscrb_de,u1_0.sexdstn_code,u1_0.crtfc_dn_value,u1_0.user_nm,u1_0.zip from nemplyrinfo u1_0 where u1_0.emplyr_id=?
2026-03-16 17:11:50 [http-nio-8080-exec-10] DEBUG org.hibernate.SQL - select u1_0.emplyr_id,u1_0.area_no,u1_0.brthdy,u1_0.chg_pwd_cnt,u1_0.frst_register_id,u1_0.frst_regist_pnttm,u1_0.detail_adres,u1_0.email_adres,u1_0.emplyr_sttus_code,u1_0.empl_no,u1_0.esntl_id,u1_0.fxnum,u1_0.group_id,u1_0.house_adres,u1_0.house_end_telno,u1_0.house_middle_telno,u1_0.ihidnum,u1_0.pstinst_code,u1_0.last_updusr_id,u1_0.last_updt_pnttm,u1_0.lock_at,u1_0.lock_cnt,u1_0.lock_last_pnttm,u1_0.mbtlnum,u1_0.ofcps_nm,u1_0.offm_telno,u1_0.orgnzt_id,u1_0.password,u1_0.password_cnsr,u1_0.password_hint,u1_0.chg_pwd_last_pnttm,u1_0.role,u1_0.sbscrb_de,u1_0.sexdstn_code,u1_0.crtfc_dn_value,u1_0.user_nm,u1_0.zip from nemplyrinfo u1_0 where u1_0.emplyr_id=?
2026-03-16 17:11:50 [http-nio-8080-exec-17] DEBUG o.s.orm.jpa.JpaTransactionManager - Exposing JPA transaction as JDBC [org.springframework.orm.jpa.vendor.HibernateJpaDialect$HibernateConnectionHandle@dcd0bb1]
2026-03-16 17:11:50 [http-nio-8080-exec-17] DEBUG o.s.orm.jpa.JpaTransactionManager - Found thread-bound EntityManager [SessionImpl(3399882<open>)] for JPA transaction
2026-03-16 17:11:50 [http-nio-8080-exec-17] DEBUG o.s.orm.jpa.JpaTransactionManager - Participating in existing transaction
2026-03-16 17:11:50 [http-nio-8080-exec-17] DEBUG org.hibernate.SQL - select u1_0.emplyr_id,u1_0.area_no,u1_0.brthdy,u1_0.chg_pwd_cnt,u1_0.frst_register_id,u1_0.frst_regist_pnttm,u1_0.detail_adres,u1_0.email_adres,u1_0.emplyr_sttus_code,u1_0.empl_no,u1_0.esntl_id,u1_0.fxnum,u1_0.group_id,u1_0.house_adres,u1_0.house_end_telno,u1_0.house_middle_telno,u1_0.ihidnum,u1_0.pstinst_code,u1_0.last_updusr_id,u1_0.last_updt_pnttm,u1_0.lock_at,u1_0.lock_cnt,u1_0.lock_last_pnttm,u1_0.mbtlnum,u1_0.ofcps_nm,u1_0.offm_telno,u1_0.orgnzt_id,u1_0.password,u1_0.password_cnsr,u1_0.password_hint,u1_0.chg_pwd_last_pnttm,u1_0.role,u1_0.sbscrb_de,u1_0.sexdstn_code,u1_0.crtfc_dn_value,u1_0.user_nm,u1_0.zip from nemplyrinfo u1_0 where u1_0.emplyr_id=?
2026-03-16 17:11:50 [http-nio-8080-exec-3] DEBUG c.c.p.s.jwt.JwtAuthenticationFilter - >>> [JwtFilter] Processing request: GET /api/v1/admin/system/statistics/connect
2026-03-16 17:11:50 [http-nio-8080-exec-3] DEBUG c.c.p.s.jwt.JwtAuthenticationFilter - >>> [JwtFilter] Found token in header for path: /api/v1/admin/system/statistics/connect
2026-03-16 17:11:50 [http-nio-8080-exec-3] DEBUG o.s.orm.jpa.JpaTransactionManager - Creating new transaction with name [com.company.project.security.iam.CustomUserDetailsService.loadUserByUsername]: PROPAGATION_REQUIRED,ISOLATION_DEFAULT,readOnly
2026-03-16 17:11:50 [http-nio-8080-exec-3] DEBUG o.s.orm.jpa.JpaTransactionManager - Opened new EntityManager [SessionImpl(1594632661<open>)] for JPA transaction
2026-03-16 17:11:50 [http-nio-8080-exec-2] DEBUG o.s.orm.jpa.JpaTransactionManager - Found thread-bound EntityManager [SessionImpl(32694208<open>)] for JPA transaction
2026-03-16 17:11:50 [http-nio-8080-exec-2] DEBUG o.s.orm.jpa.JpaTransactionManager - Participating in existing transaction
2026-03-16 17:11:50 [http-nio-8080-exec-2] DEBUG org.hibernate.SQL - select p1_0.progrm_file_nm,p1_0.progrm_dc,p1_0.progrm_korean_nm,p1_0.progrm_stre_path,p1_0.url from nprogrmlist p1_0
2026-03-16 17:11:50 [http-nio-8080-exec-15] DEBUG o.s.orm.jpa.JpaTransactionManager - Found thread-bound EntityManager [SessionImpl(818552376<open>)] for JPA transaction
2026-03-16 17:11:50 [http-nio-8080-exec-10] DEBUG o.s.orm.jpa.JpaTransactionManager - Found thread-bound EntityManager [SessionImpl(1121316788<open>)] for JPA transaction
2026-03-16 17:11:50 [http-nio-8080-exec-8] DEBUG o.s.orm.jpa.JpaTransactionManager - Found thread-bound EntityManager [SessionImpl(669931784<open>)] for JPA transaction
2026-03-16 17:11:50 [http-nio-8080-exec-15] DEBUG o.s.orm.jpa.JpaTransactionManager - Participating in existing transaction
2026-03-16 17:11:50 [http-nio-8080-exec-10] DEBUG o.s.orm.jpa.JpaTransactionManager - Participating in existing transaction
2026-03-16 17:11:50 [http-nio-8080-exec-8] DEBUG o.s.orm.jpa.JpaTransactionManager - Participating in existing transaction
2026-03-16 17:11:50 [http-nio-8080-exec-8] DEBUG org.hibernate.SQL - select ua1_0.scrty_dtrmn_trget_id,ua1_0.author_code,ua1_0.frst_register_id,ua1_0.frst_regist_pnttm,ua1_0.last_updusr_id,ua1_0.last_updt_pnttm,ua1_0.mber_ty_code from nemplyrscrtyestbs ua1_0 where ua1_0.scrty_dtrmn_trget_id=?
2026-03-16 17:11:50 [http-nio-8080-exec-15] DEBUG org.hibernate.SQL - select ua1_0.scrty_dtrmn_trget_id,ua1_0.author_code,ua1_0.frst_register_id,ua1_0.frst_regist_pnttm,ua1_0.last_updusr_id,ua1_0.last_updt_pnttm,ua1_0.mber_ty_code from nemplyrscrtyestbs ua1_0 where ua1_0.scrty_dtrmn_trget_id=?
2026-03-16 17:11:50 [http-nio-8080-exec-10] DEBUG org.hibernate.SQL - select ua1_0.scrty_dtrmn_trget_id,ua1_0.author_code,ua1_0.frst_register_id,ua1_0.frst_regist_pnttm,ua1_0.last_updusr_id,ua1_0.last_updt_pnttm,ua1_0.mber_ty_code from nemplyrscrtyestbs ua1_0 where ua1_0.scrty_dtrmn_trget_id=?
2026-03-16 17:11:50 [http-nio-8080-exec-3] DEBUG o.s.orm.jpa.JpaTransactionManager - Exposing JPA transaction as JDBC [org.springframework.orm.jpa.vendor.HibernateJpaDialect$HibernateConnectionHandle@5aa449e4]
2026-03-16 17:11:50 [http-nio-8080-exec-3] DEBUG o.s.orm.jpa.JpaTransactionManager - Found thread-bound EntityManager [SessionImpl(1594632661<open>)] for JPA transaction
2026-03-16 17:11:50 [http-nio-8080-exec-3] DEBUG o.s.orm.jpa.JpaTransactionManager - Participating in existing transaction
2026-03-16 17:11:50 [http-nio-8080-exec-3] DEBUG org.hibernate.SQL - select u1_0.emplyr_id,u1_0.area_no,u1_0.brthdy,u1_0.chg_pwd_cnt,u1_0.frst_register_id,u1_0.frst_regist_pnttm,u1_0.detail_adres,u1_0.email_adres,u1_0.emplyr_sttus_code,u1_0.empl_no,u1_0.esntl_id,u1_0.fxnum,u1_0.group_id,u1_0.house_adres,u1_0.house_end_telno,u1_0.house_middle_telno,u1_0.ihidnum,u1_0.pstinst_code,u1_0.last_updusr_id,u1_0.last_updt_pnttm,u1_0.lock_at,u1_0.lock_cnt,u1_0.lock_last_pnttm,u1_0.mbtlnum,u1_0.ofcps_nm,u1_0.offm_telno,u1_0.orgnzt_id,u1_0.password,u1_0.password_cnsr,u1_0.password_hint,u1_0.chg_pwd_last_pnttm,u1_0.role,u1_0.sbscrb_de,u1_0.sexdstn_code,u1_0.crtfc_dn_value,u1_0.user_nm,u1_0.zip from nemplyrinfo u1_0 where u1_0.emplyr_id=?
2026-03-16 17:11:50 [http-nio-8080-exec-17] DEBUG o.s.orm.jpa.JpaTransactionManager - Found thread-bound EntityManager [SessionImpl(3399882<open>)] for JPA transaction
2026-03-16 17:11:50 [http-nio-8080-exec-17] DEBUG o.s.orm.jpa.JpaTransactionManager - Participating in existing transaction
2026-03-16 17:11:50 [http-nio-8080-exec-17] DEBUG org.hibernate.SQL - select ua1_0.scrty_dtrmn_trget_id,ua1_0.author_code,ua1_0.frst_register_id,ua1_0.frst_regist_pnttm,ua1_0.last_updusr_id,ua1_0.last_updt_pnttm,ua1_0.mber_ty_code from nemplyrscrtyestbs ua1_0 where ua1_0.scrty_dtrmn_trget_id=?
2026-03-16 17:11:50 [http-nio-8080-exec-2] DEBUG o.s.orm.jpa.JpaTransactionManager - Initiating transaction commit
2026-03-16 17:11:50 [http-nio-8080-exec-2] DEBUG o.s.orm.jpa.JpaTransactionManager - Committing JPA transaction on EntityManager [SessionImpl(32694208<open>)]
2026-03-16 17:11:50 [http-nio-8080-exec-8] DEBUG o.s.orm.jpa.JpaTransactionManager - Initiating transaction commit
2026-03-16 17:11:50 [http-nio-8080-exec-8] DEBUG o.s.orm.jpa.JpaTransactionManager - Committing JPA transaction on EntityManager [SessionImpl(669931784<open>)]
2026-03-16 17:11:50 [http-nio-8080-exec-10] DEBUG o.s.orm.jpa.JpaTransactionManager - Initiating transaction commit
2026-03-16 17:11:50 [http-nio-8080-exec-15] DEBUG o.s.orm.jpa.JpaTransactionManager - Initiating transaction commit
2026-03-16 17:11:50 [http-nio-8080-exec-10] DEBUG o.s.orm.jpa.JpaTransactionManager - Committing JPA transaction on EntityManager [SessionImpl(1121316788<open>)]
2026-03-16 17:11:50 [http-nio-8080-exec-15] DEBUG o.s.orm.jpa.JpaTransactionManager - Committing JPA transaction on EntityManager [SessionImpl(818552376<open>)]
2026-03-16 17:11:50 [http-nio-8080-exec-3] DEBUG o.s.orm.jpa.JpaTransactionManager - Found thread-bound EntityManager [SessionImpl(1594632661<open>)] for JPA transaction
2026-03-16 17:11:50 [http-nio-8080-exec-3] DEBUG o.s.orm.jpa.JpaTransactionManager - Participating in existing transaction
2026-03-16 17:11:50 [http-nio-8080-exec-3] DEBUG org.hibernate.SQL - select ua1_0.scrty_dtrmn_trget_id,ua1_0.author_code,ua1_0.frst_register_id,ua1_0.frst_regist_pnttm,ua1_0.last_updusr_id,ua1_0.last_updt_pnttm,ua1_0.mber_ty_code from nemplyrscrtyestbs ua1_0 where ua1_0.scrty_dtrmn_trget_id=?
2026-03-16 17:11:50 [http-nio-8080-exec-17] DEBUG o.s.orm.jpa.JpaTransactionManager - Initiating transaction commit
2026-03-16 17:11:50 [http-nio-8080-exec-17] DEBUG o.s.orm.jpa.JpaTransactionManager - Committing JPA transaction on EntityManager [SessionImpl(3399882<open>)]
2026-03-16 17:11:50 [http-nio-8080-exec-2] DEBUG o.s.orm.jpa.JpaTransactionManager - Closing JPA EntityManager [SessionImpl(32694208<open>)] after transaction
2026-03-16 17:11:50 [http-nio-8080-exec-2] INFO  c.c.p.a.c.menu.MenuController - getLeftMenu returned 5 items
2026-03-16 17:11:50 [http-nio-8080-exec-2] DEBUG o.s.w.s.m.m.a.HttpEntityMethodProcessor - Using 'application/json', given [application/json, text/plain, */*] and supported [application/json, application/*+json, application/yaml]
2026-03-16 17:11:50 [http-nio-8080-exec-2] TRACE o.s.w.s.m.m.a.HttpEntityMethodProcessor - Writing [ApiResponse[success=true, status=200, code=COMMON_001, message=Success, data={list=[com.company.project.service.menu.dto.MenuDto@139c6643, com.company.project.service.menu.dto.MenuDto@4fae2885, com.company.project.service.menu.dto.MenuDto@40e4916, com.company.project.service.menu.dto.MenuDto@656987b8, com.company.project.service.menu.dto.MenuDto@15b75b28]}, timestamp=2026-03-16T17:11:50.671055500]]
2026-03-16 17:11:50 [http-nio-8080-exec-2] INFO  c.c.p.a.i.OperationalAuditInterceptor - API Audit Log: URL=/api/v1/menu/left, User=webmaster, IP=127.0.0.1
2026-03-16 17:11:50 [http-nio-8080-exec-2] DEBUG o.s.web.servlet.DispatcherServlet - Completed 200 OK
2026-03-16 17:11:50 [http-nio-8080-exec-12] DEBUG c.c.p.s.jwt.JwtAuthenticationFilter - >>> [JwtFilter] Processing request: GET /api/v1/admin/system/statistics/bbs
2026-03-16 17:11:50 [http-nio-8080-exec-12] DEBUG c.c.p.s.jwt.JwtAuthenticationFilter - >>> [JwtFilter] Found token in header for path: /api/v1/admin/system/statistics/bbs
2026-03-16 17:11:50 [http-nio-8080-exec-12] DEBUG o.s.orm.jpa.JpaTransactionManager - Creating new transaction with name [com.company.project.security.iam.CustomUserDetailsService.loadUserByUsername]: PROPAGATION_REQUIRED,ISOLATION_DEFAULT,readOnly
2026-03-16 17:11:50 [http-nio-8080-exec-12] DEBUG o.s.orm.jpa.JpaTransactionManager - Opened new EntityManager [SessionImpl(1409517932<open>)] for JPA transaction
2026-03-16 17:11:50 [http-nio-8080-exec-8] DEBUG o.s.orm.jpa.JpaTransactionManager - Closing JPA EntityManager [SessionImpl(669931784<open>)] after transaction
2026-03-16 17:11:50 [http-nio-8080-exec-10] DEBUG o.s.orm.jpa.JpaTransactionManager - Closing JPA EntityManager [SessionImpl(1121316788<open>)] after transaction
2026-03-16 17:11:50 [http-nio-8080-exec-8] DEBUG c.c.p.s.jwt.JwtAuthenticationFilter - >>> [JwtFilter] Successfully authenticated user: USRCNFRM_99999999999, Authorities: [ROLE_ADMIN]
2026-03-16 17:11:50 [http-nio-8080-exec-10] DEBUG c.c.p.s.jwt.JwtAuthenticationFilter - >>> [JwtFilter] Successfully authenticated user: USRCNFRM_99999999999, Authorities: [ROLE_ADMIN]
2026-03-16 17:11:50 [http-nio-8080-exec-8] DEBUG o.s.web.servlet.DispatcherServlet - GET "/api/v1/popups/active", parameters={}
2026-03-16 17:11:50 [http-nio-8080-exec-10] DEBUG o.s.web.servlet.DispatcherServlet - GET "/api/v1/notifications", parameters={}
2026-03-16 17:11:50 [http-nio-8080-exec-8] TRACE o.s.w.s.m.m.a.RequestMappingHandlerMapping - Mapped to com.company.project.api.controller.system.content.popup.PopupController#getActivePopups()
2026-03-16 17:11:50 [http-nio-8080-exec-10] TRACE o.s.w.s.m.m.a.RequestMappingHandlerMapping - Mapped to com.company.project.api.controller.notification.NotificationController#getMyNotifications(UserDetails)
2026-03-16 17:11:50 [http-nio-8080-exec-8] DEBUG o.s.orm.jpa.JpaTransactionManager - Creating new transaction with name [com.company.project.service.system.content.popup.PopupServiceImpl.getActivePopups]: PROPAGATION_REQUIRED,ISOLATION_DEFAULT,readOnly
2026-03-16 17:11:50 [http-nio-8080-exec-10] DEBUG o.s.orm.jpa.JpaTransactionManager - Creating new transaction with name [com.company.project.service.notification.NotificationService.getActiveNotifications]: PROPAGATION_REQUIRED,ISOLATION_DEFAULT,readOnly
2026-03-16 17:11:50 [http-nio-8080-exec-8] DEBUG o.s.orm.jpa.JpaTransactionManager - Opened new EntityManager [SessionImpl(915174401<open>)] for JPA transaction
2026-03-16 17:11:50 [http-nio-8080-exec-10] DEBUG o.s.orm.jpa.JpaTransactionManager - Opened new EntityManager [SessionImpl(1865533317<open>)] for JPA transaction
2026-03-16 17:11:50 [http-nio-8080-exec-8] DEBUG o.s.orm.jpa.JpaTransactionManager - Exposing JPA transaction as JDBC [org.springframework.orm.jpa.vendor.HibernateJpaDialect$HibernateConnectionHandle@4c293e19]
2026-03-16 17:11:50 [http-nio-8080-exec-10] DEBUG o.s.orm.jpa.JpaTransactionManager - Exposing JPA transaction as JDBC [org.springframework.orm.jpa.vendor.HibernateJpaDialect$HibernateConnectionHandle@42eac045]
2026-03-16 17:11:50 [http-nio-8080-exec-10] DEBUG o.s.orm.jpa.JpaTransactionManager - Found thread-bound EntityManager [SessionImpl(1865533317<open>)] for JPA transaction
2026-03-16 17:11:50 [http-nio-8080-exec-10] DEBUG o.s.orm.jpa.JpaTransactionManager - Participating in existing transaction
2026-03-16 17:11:50 [http-nio-8080-exec-8] DEBUG org.hibernate.SQL - select p1_0.popup_id,p1_0.frst_register_id,p1_0.frst_regist_pnttm,p1_0.file_url,p1_0.ntce_at,p1_0.stopvew_setup_at,p1_0.last_updusr_id,p1_0.last_updt_pnttm,p1_0.ntce_bgnde,p1_0.ntce_endde,p1_0.popup_vrticl_lc,p1_0.popup_vrticl_size,p1_0.popup_sj_nm,p1_0.popup_width_lc,p1_0.popup_width_size from npopupmanage p1_0 where p1_0.ntce_at='Y' and ? between p1_0.ntce_bgnde and p1_0.ntce_endde
2026-03-16 17:11:50 [http-nio-8080-exec-10] DEBUG org.hibernate.SQL - select n1_0.ntcn_no,n1_0.frst_register_id,n1_0.frst_regist_pnttm,n1_0.is_read,n1_0.last_updusr_id,n1_0.last_updt_pnttm,n1_0.link_url,n1_0.ntcn_cn,n1_0.ntcn_sj,n1_0.receiver_id from n_user_notification n1_0
2026-03-16 17:11:50 [http-nio-8080-exec-15] DEBUG o.s.orm.jpa.JpaTransactionManager - Closing JPA EntityManager [SessionImpl(818552376<open>)] after transaction
2026-03-16 17:11:50 [http-nio-8080-exec-15] DEBUG c.c.p.s.jwt.JwtAuthenticationFilter - >>> [JwtFilter] Successfully authenticated user: USRCNFRM_99999999999, Authorities: [ROLE_ADMIN]
2026-03-16 17:11:50 [http-nio-8080-exec-15] DEBUG o.s.web.servlet.DispatcherServlet - GET "/api/v1/notifications/unread-count", parameters={}
2026-03-16 17:11:50 [http-nio-8080-exec-15] TRACE o.s.w.s.m.m.a.RequestMappingHandlerMapping - Mapped to com.company.project.api.controller.notification.NotificationController#getUnreadCount(UserDetails)
2026-03-16 17:11:50 [http-nio-8080-exec-15] DEBUG o.s.orm.jpa.JpaTransactionManager - Creating new transaction with name [com.company.project.service.notification.NotificationService.getUnreadCount]: PROPAGATION_REQUIRED,ISOLATION_DEFAULT,readOnly
2026-03-16 17:11:50 [http-nio-8080-exec-15] DEBUG o.s.orm.jpa.JpaTransactionManager - Opened new EntityManager [SessionImpl(1431314836<open>)] for JPA transaction
2026-03-16 17:11:50 [http-nio-8080-exec-15] DEBUG o.s.orm.jpa.JpaTransactionManager - Exposing JPA transaction as JDBC [org.springframework.orm.jpa.vendor.HibernateJpaDialect$HibernateConnectionHandle@3e580784]
2026-03-16 17:11:50 [http-nio-8080-exec-15] DEBUG org.hibernate.SQL - select count(n1_0.ntcn_no) from n_user_notification n1_0 where n1_0.receiver_id=? and n1_0.is_read=?
2026-03-16 17:11:50 [http-nio-8080-exec-3] DEBUG o.s.orm.jpa.JpaTransactionManager - Initiating transaction commit
2026-03-16 17:11:50 [http-nio-8080-exec-3] DEBUG o.s.orm.jpa.JpaTransactionManager - Committing JPA transaction on EntityManager [SessionImpl(1594632661<open>)]
2026-03-16 17:11:50 [http-nio-8080-exec-17] DEBUG o.s.orm.jpa.JpaTransactionManager - Closing JPA EntityManager [SessionImpl(3399882<open>)] after transaction
2026-03-16 17:11:50 [http-nio-8080-exec-17] DEBUG c.c.p.s.jwt.JwtAuthenticationFilter - >>> [JwtFilter] Successfully authenticated user: USRCNFRM_99999999999, Authorities: [ROLE_ADMIN]
2026-03-16 17:11:50 [http-nio-8080-exec-17] DEBUG o.s.web.servlet.DispatcherServlet - GET "/api/v1/admin/system/banners/reflected", parameters={}
2026-03-16 17:11:50 [http-nio-8080-exec-17] TRACE o.s.w.s.m.m.a.RequestMappingHandlerMapping - Mapped to com.company.project.api.controller.system.content.banner.BannerApiController#getReflectedBanners()
2026-03-16 17:11:50 [http-nio-8080-exec-17] DEBUG o.s.orm.jpa.JpaTransactionManager - Creating new transaction with name [com.company.project.service.system.content.banner.BannerService.getReflectedBanners]: PROPAGATION_REQUIRED,ISOLATION_DEFAULT,readOnly
2026-03-16 17:11:50 [http-nio-8080-exec-17] DEBUG o.s.orm.jpa.JpaTransactionManager - Opened new EntityManager [SessionImpl(57656382<open>)] for JPA transaction
2026-03-16 17:11:50 [http-nio-8080-exec-17] DEBUG o.s.orm.jpa.JpaTransactionManager - Exposing JPA transaction as JDBC [org.springframework.orm.jpa.vendor.HibernateJpaDialect$HibernateConnectionHandle@392a9e3d]
2026-03-16 17:11:50 [http-nio-8080-exec-17] DEBUG org.hibernate.SQL - select b1_0.banner_id,b1_0.banner_dc,b1_0.banner_image,b1_0.banner_image_file,b1_0.banner_nm,b1_0.frst_register_id,b1_0.frst_regist_pnttm,b1_0.last_updusr_id,b1_0.last_updt_pnttm,b1_0.link_url,b1_0.reflct_at,b1_0.sort_ordr from nbanner b1_0 where b1_0.reflct_at=? order by b1_0.sort_ordr
2026-03-16 17:11:50 [http-nio-8080-exec-12] DEBUG o.s.orm.jpa.JpaTransactionManager - Exposing JPA transaction as JDBC [org.springframework.orm.jpa.vendor.HibernateJpaDialect$HibernateConnectionHandle@414b0cbf]
2026-03-16 17:11:50 [http-nio-8080-exec-12] DEBUG o.s.orm.jpa.JpaTransactionManager - Found thread-bound EntityManager [SessionImpl(1409517932<open>)] for JPA transaction
2026-03-16 17:11:50 [http-nio-8080-exec-12] DEBUG o.s.orm.jpa.JpaTransactionManager - Participating in existing transaction
2026-03-16 17:11:50 [http-nio-8080-exec-12] DEBUG org.hibernate.SQL - select u1_0.emplyr_id,u1_0.area_no,u1_0.brthdy,u1_0.chg_pwd_cnt,u1_0.frst_register_id,u1_0.frst_regist_pnttm,u1_0.detail_adres,u1_0.email_adres,u1_0.emplyr_sttus_code,u1_0.empl_no,u1_0.esntl_id,u1_0.fxnum,u1_0.group_id,u1_0.house_adres,u1_0.house_end_telno,u1_0.house_middle_telno,u1_0.ihidnum,u1_0.pstinst_code,u1_0.last_updusr_id,u1_0.last_updt_pnttm,u1_0.lock_at,u1_0.lock_cnt,u1_0.lock_last_pnttm,u1_0.mbtlnum,u1_0.ofcps_nm,u1_0.offm_telno,u1_0.orgnzt_id,u1_0.password,u1_0.password_cnsr,u1_0.password_hint,u1_0.chg_pwd_last_pnttm,u1_0.role,u1_0.sbscrb_de,u1_0.sexdstn_code,u1_0.crtfc_dn_value,u1_0.user_nm,u1_0.zip from nemplyrinfo u1_0 where u1_0.emplyr_id=?
2026-03-16 17:11:50 [http-nio-8080-exec-10] DEBUG o.s.orm.jpa.JpaTransactionManager - Initiating transaction commit
2026-03-16 17:11:50 [http-nio-8080-exec-10] DEBUG o.s.orm.jpa.JpaTransactionManager - Committing JPA transaction on EntityManager [SessionImpl(1865533317<open>)]
2026-03-16 17:11:50 [http-nio-8080-exec-8] DEBUG o.s.orm.jpa.JpaTransactionManager - Initiating transaction commit
2026-03-16 17:11:50 [http-nio-8080-exec-8] DEBUG o.s.orm.jpa.JpaTransactionManager - Committing JPA transaction on EntityManager [SessionImpl(915174401<open>)]
2026-03-16 17:11:50 [http-nio-8080-exec-15] DEBUG o.s.orm.jpa.JpaTransactionManager - Initiating transaction commit
2026-03-16 17:11:50 [http-nio-8080-exec-15] DEBUG o.s.orm.jpa.JpaTransactionManager - Committing JPA transaction on EntityManager [SessionImpl(1431314836<open>)]
2026-03-16 17:11:50 [http-nio-8080-exec-3] DEBUG o.s.orm.jpa.JpaTransactionManager - Closing JPA EntityManager [SessionImpl(1594632661<open>)] after transaction
2026-03-16 17:11:50 [http-nio-8080-exec-3] DEBUG c.c.p.s.jwt.JwtAuthenticationFilter - >>> [JwtFilter] Successfully authenticated user: USRCNFRM_99999999999, Authorities: [ROLE_ADMIN]
2026-03-16 17:11:50 [http-nio-8080-exec-3] DEBUG o.s.web.servlet.DispatcherServlet - GET "/api/v1/admin/system/statistics/connect?statsKind=SERVICE", parameters={masked}
2026-03-16 17:11:50 [http-nio-8080-exec-3] DEBUG o.s.w.s.h.SimpleUrlHandlerMapping - Mapped to ResourceHttpRequestHandler [classpath [META-INF/resources/], classpath [resources/], classpath [static/], classpath [public/], ServletContext [/]]
2026-03-16 17:11:50 [http-nio-8080-exec-3] DEBUG o.s.w.s.r.ResourceHttpRequestHandler - Resource not found
2026-03-16 17:11:50 [http-nio-8080-exec-3] DEBUG o.s.w.s.m.m.a.ExceptionHandlerExceptionResolver - Using @ExceptionHandler com.company.project.core.exception.GlobalExceptionHandler#handleException(Exception)
2026-03-16 17:11:50 [http-nio-8080-exec-3] ERROR c.c.p.c.e.GlobalExceptionHandler - >>> Internal Server Error: No static resource api/v1/admin/system/statistics/connect.
org.springframework.web.servlet.resource.NoResourceFoundException: No static resource api/v1/admin/system/statistics/connect.
	at org.springframework.web.servlet.resource.ResourceHttpRequestHandler.handleRequest(ResourceHttpRequestHandler.java:585)
	at org.springframework.web.servlet.mvc.HttpRequestHandlerAdapter.handle(HttpRequestHandlerAdapter.java:52)
	at org.springframework.web.servlet.DispatcherServlet.doDispatch(DispatcherServlet.java:1088)
	at org.springframework.web.servlet.DispatcherServlet.doService(DispatcherServlet.java:978)
	at org.springframework.web.servlet.FrameworkServlet.processRequest(FrameworkServlet.java:1014)
	at org.springframework.web.servlet.FrameworkServlet.doGet(FrameworkServlet.java:903)
	at jakarta.servlet.http.HttpServlet.service(HttpServlet.java:527)
	at org.springframework.web.servlet.FrameworkServlet.service(FrameworkServlet.java:885)
	at jakarta.servlet.http.HttpServlet.service(HttpServlet.java:614)
	at org.apache.catalina.core.ApplicationFilterChain.internalDoFilter(ApplicationFilterChain.java:195)
	at org.apache.catalina.core.ApplicationFilterChain.doFilter(ApplicationFilterChain.java:140)
	at org.apache.tomcat.websocket.server.WsFilter.doFilter(WsFilter.java:51)
	at org.apache.catalina.core.ApplicationFilterChain.internalDoFilter(ApplicationFilterChain.java:164)
	at org.apache.catalina.core.ApplicationFilterChain.doFilter(ApplicationFilterChain.java:140)
	at org.springframework.web.filter.CompositeFilter$VirtualFilterChain.doFilter(CompositeFilter.java:108)
	at org.springframework.security.web.FilterChainProxy.lambda$doFilterInternal$3(FilterChainProxy.java:231)
	at org.springframework.security.web.ObservationFilterChainDecorator$FilterObservation$SimpleFilterObservation.lambda$wrap$1(ObservationFilterChainDecorator.java:479)
	at org.springframework.security.web.ObservationFilterChainDecorator$AroundFilterObservation$SimpleAroundFilterObservation.lambda$wrap$1(ObservationFilterChainDecorator.java:340)
	at org.springframework.security.web.ObservationFilterChainDecorator.lambda$wrapSecured$0(ObservationFilterChainDecorator.java:82)
	at org.springframework.security.web.ObservationFilterChainDecorator$VirtualFilterChain.doFilter(ObservationFilterChainDecorator.java:128)
	at org.springframework.security.web.access.intercept.AuthorizationFilter.doFilter(AuthorizationFilter.java:101)
	at org.springframework.security.web.ObservationFilterChainDecorator$ObservationFilter.wrapFilter(ObservationFilterChainDecorator.java:240)
	at org.springframework.security.web.ObservationFilterChainDecorator$ObservationFilter.doFilter(ObservationFilterChainDecorator.java:227)
	at org.springframework.security.web.ObservationFilterChainDecorator$VirtualFilterChain.doFilter(ObservationFilterChainDecorator.java:137)
	at org.springframework.security.web.access.ExceptionTranslationFilter.doFilter(ExceptionTranslationFilter.java:126)
	at org.springframework.security.web.access.ExceptionTranslationFilter.doFilter(ExceptionTranslationFilter.java:120)
	at org.springframework.security.web.ObservationFilterChainDecorator$ObservationFilter.wrapFilter(ObservationFilterChainDecorator.java:240)
	at org.springframework.security.web.ObservationFilterChainDecorator$ObservationFilter.doFilter(ObservationFilterChainDecorator.java:227)
	at org.springframework.security.web.ObservationFilterChainDecorator$VirtualFilterChain.doFilter(ObservationFilterChainDecorator.java:137)
	at org.springframework.security.web.session.SessionManagementFilter.doFilter(SessionManagementFilter.java:131)
	at org.springframework.security.web.session.SessionManagementFilter.doFilter(SessionManagementFilter.java:85)
	at org.springframework.security.web.ObservationFilterChainDecorator$ObservationFilter.wrapFilter(ObservationFilterChainDecorator.java:240)
	at org.springframework.security.web.ObservationFilterChainDecorator$ObservationFilter.doFilter(ObservationFilterChainDecorator.java:227)
	at org.springframework.security.web.ObservationFilterChainDecorator$VirtualFilterChain.doFilter(ObservationFilterChainDecorator.java:137)
	at org.springframework.security.web.authentication.AnonymousAuthenticationFilter.doFilter(AnonymousAuthenticationFilter.java:100)
	at org.springframework.security.web.ObservationFilterChainDecorator$ObservationFilter.wrapFilter(ObservationFilterChainDecorator.java:240)
	at org.springframework.security.web.ObservationFilterChainDecorator$ObservationFilter.doFilter(ObservationFilterChainDecorator.java:227)
	at org.springframework.security.web.ObservationFilterChainDecorator$VirtualFilterChain.doFilter(ObservationFilterChainDecorator.java:137)
	at org.springframework.security.web.servletapi.SecurityContextHolderAwareRequestFilter.doFilter(SecurityContextHolderAwareRequestFilter.java:179)
	at org.springframework.security.web.ObservationFilterChainDecorator$ObservationFilter.wrapFilter(ObservationFilterChainDecorator.java:240)
	at org.springframework.security.web.ObservationFilterChainDecorator$ObservationFilter.doFilter(ObservationFilterChainDecorator.java:227)
	at org.springframework.security.web.ObservationFilterChainDecorator$VirtualFilterChain.doFilter(ObservationFilterChainDecorator.java:137)
	at org.springframework.security.web.savedrequest.RequestCacheAwareFilter.doFilter(RequestCacheAwareFilter.java:63)
	at org.springframework.security.web.ObservationFilterChainDecorator$ObservationFilter.wrapFilter(ObservationFilterChainDecorator.java:240)
	at org.springframework.security.web.ObservationFilterChainDecorator$ObservationFilter.doFilter(ObservationFilterChainDecorator.java:227)
	at org.springframework.security.web.ObservationFilterChainDecorator$VirtualFilterChain.doFilter(ObservationFilterChainDecorator.java:137)
	at com.company.project.security.jwt.JwtAuthenticationFilter.doFilterInternal(JwtAuthenticationFilter.java:52)
	at org.springframework.web.filter.OncePerRequestFilter.doFilter(OncePerRequestFilter.java:116)
	at org.springframework.security.web.ObservationFilterChainDecorator$ObservationFilter.wrapFilter(ObservationFilterChainDecorator.java:240)
	at org.springframework.security.web.ObservationFilterChainDecorator$ObservationFilter.doFilter(ObservationFilterChainDecorator.java:227)
	at org.springframework.security.web.ObservationFilterChainDecorator$VirtualFilterChain.doFilter(ObservationFilterChainDecorator.java:137)
	at org.springframework.security.web.authentication.logout.LogoutFilter.doFilter(LogoutFilter.java:107)
	at org.springframework.security.web.authentication.logout.LogoutFilter.doFilter(LogoutFilter.java:93)
	at org.springframework.security.web.ObservationFilterChainDecorator$ObservationFilter.wrapFilter(ObservationFilterChainDecorator.java:240)
	at org.springframework.security.web.ObservationFilterChainDecorator$ObservationFilter.doFilter(ObservationFilterChainDecorator.java:227)
	at org.springframework.security.web.ObservationFilterChainDecorator$VirtualFilterChain.doFilter(ObservationFilterChainDecorator.java:137)
	at org.springframework.web.filter.CorsFilter.doFilterInternal(CorsFilter.java:91)
	at org.springframework.web.filter.OncePerRequestFilter.doFilter(OncePerRequestFilter.java:116)
	at org.springframework.security.web.ObservationFilterChainDecorator$ObservationFilter.wrapFilter(ObservationFilterChainDecorator.java:240)
	at org.springframework.security.web.ObservationFilterChainDecorator$ObservationFilter.doFilter(ObservationFilterChainDecorator.java:227)
	at org.springframework.security.web.ObservationFilterChainDecorator$VirtualFilterChain.doFilter(ObservationFilterChainDecorator.java:137)
	at org.springframework.security.web.header.HeaderWriterFilter.doHeadersAfter(HeaderWriterFilter.java:90)
	at org.springframework.security.web.header.HeaderWriterFilter.doFilterInternal(HeaderWriterFilter.java:75)
	at org.springframework.web.filter.OncePerRequestFilter.doFilter(OncePerRequestFilter.java:116)
	at org.springframework.security.web.ObservationFilterChainDecorator$ObservationFilter.wrapFilter(ObservationFilterChainDecorator.java:240)
	at org.springframework.security.web.ObservationFilterChainDecorator$ObservationFilter.doFilter(ObservationFilterChainDecorator.java:227)
	at org.springframework.security.web.ObservationFilterChainDecorator$VirtualFilterChain.doFilter(ObservationFilterChainDecorator.java:137)
	at org.springframework.security.web.context.SecurityContextHolderFilter.doFilter(SecurityContextHolderFilter.java:82)
	at org.springframework.security.web.context.SecurityContextHolderFilter.doFilter(SecurityContextHolderFilter.java:69)
	at org.springframework.security.web.ObservationFilterChainDecorator$ObservationFilter.wrapFilter(ObservationFilterChainDecorator.java:240)
	at org.springframework.security.web.ObservationFilterChainDecorator$ObservationFilter.doFilter(ObservationFilterChainDecorator.java:227)
	at org.springframework.security.web.ObservationFilterChainDecorator$VirtualFilterChain.doFilter(ObservationFilterChainDecorator.java:137)
	at org.springframework.security.web.context.request.async.WebAsyncManagerIntegrationFilter.doFilterInternal(WebAsyncManagerIntegrationFilter.java:62)
	at org.springframework.web.filter.OncePerRequestFilter.doFilter(OncePerRequestFilter.java:116)
	at org.springframework.security.web.ObservationFilterChainDecorator$ObservationFilter.wrapFilter(ObservationFilterChainDecorator.java:240)
	at org.springframework.security.web.ObservationFilterChainDecorator$ObservationFilter.doFilter(ObservationFilterChainDecorator.java:227)
	at org.springframework.security.web.ObservationFilterChainDecorator$VirtualFilterChain.doFilter(ObservationFilterChainDecorator.java:137)
	at org.springframework.security.web.session.DisableEncodeUrlFilter.doFilterInternal(DisableEncodeUrlFilter.java:42)
	at org.springframework.web.filter.OncePerRequestFilter.doFilter(OncePerRequestFilter.java:116)
	at org.springframework.security.web.ObservationFilterChainDecorator$ObservationFilter.wrapFilter(ObservationFilterChainDecorator.java:240)
	at org.springframework.security.web.ObservationFilterChainDecorator$AroundFilterObservation$SimpleAroundFilterObservation.lambda$wrap$0(ObservationFilterChainDecorator.java:323)
	at org.springframework.security.web.ObservationFilterChainDecorator$ObservationFilter.doFilter(ObservationFilterChainDecorator.java:224)
	at org.springframework.security.web.ObservationFilterChainDecorator$VirtualFilterChain.doFilter(ObservationFilterChainDecorator.java:137)
	at org.springframework.security.web.FilterChainProxy.doFilterInternal(FilterChainProxy.java:233)
	at org.springframework.security.web.FilterChainProxy.doFilter(FilterChainProxy.java:191)
	at org.springframework.web.filter.CompositeFilter$VirtualFilterChain.doFilter(CompositeFilter.java:113)
	at org.springframework.web.servlet.handler.HandlerMappingIntrospector.lambda$createCacheFilter$3(HandlerMappingIntrospector.java:243)
	at org.springframework.web.filter.CompositeFilter$VirtualFilterChain.doFilter(CompositeFilter.java:113)
	at org.springframework.web.filter.CompositeFilter.doFilter(CompositeFilter.java:74)
	at org.springframework.security.config.annotation.web.configuration.WebMvcSecurityConfiguration$CompositeFilterChainProxy.doFilter(WebMvcSecurityConfiguration.java:238)
	at org.springframework.web.filter.DelegatingFilterProxy.invokeDelegate(DelegatingFilterProxy.java:362)
	at org.springframework.web.filter.DelegatingFilterProxy.doFilter(DelegatingFilterProxy.java:278)
	at org.apache.catalina.core.ApplicationFilterChain.internalDoFilter(ApplicationFilterChain.java:164)
	at org.apache.catalina.core.ApplicationFilterChain.doFilter(ApplicationFilterChain.java:140)
	at org.springframework.web.filter.RequestContextFilter.doFilterInternal(RequestContextFilter.java:100)
	at org.springframework.web.filter.OncePerRequestFilter.doFilter(OncePerRequestFilter.java:116)
	at org.apache.catalina.core.ApplicationFilterChain.internalDoFilter(ApplicationFilterChain.java:164)
	at org.apache.catalina.core.ApplicationFilterChain.doFilter(ApplicationFilterChain.java:140)
	at org.springframework.web.filter.FormContentFilter.doFilterInternal(FormContentFilter.java:93)
	at org.springframework.web.filter.OncePerRequestFilter.doFilter(OncePerRequestFilter.java:116)
	at org.apache.catalina.core.ApplicationFilterChain.internalDoFilter(ApplicationFilterChain.java:164)
	at org.apache.catalina.core.ApplicationFilterChain.doFilter(ApplicationFilterChain.java:140)
	at org.springframework.web.filter.ServerHttpObservationFilter.doFilterInternal(ServerHttpObservationFilter.java:114)
	at org.springframework.web.filter.OncePerRequestFilter.doFilter(OncePerRequestFilter.java:116)
	at org.apache.catalina.core.ApplicationFilterChain.internalDoFilter(ApplicationFilterChain.java:164)
	at org.apache.catalina.core.ApplicationFilterChain.doFilter(ApplicationFilterChain.java:140)
	at org.springframework.web.filter.CharacterEncodingFilter.doFilterInternal(CharacterEncodingFilter.java:201)
	at org.springframework.web.filter.OncePerRequestFilter.doFilter(OncePerRequestFilter.java:116)
	at org.apache.catalina.core.ApplicationFilterChain.internalDoFilter(ApplicationFilterChain.java:164)
	at org.apache.catalina.core.ApplicationFilterChain.doFilter(ApplicationFilterChain.java:140)
	at org.apache.catalina.core.StandardWrapperValve.invoke(StandardWrapperValve.java:167)
	at org.apache.catalina.core.StandardContextValve.invoke(StandardContextValve.java:90)
	at org.apache.catalina.authenticator.AuthenticatorBase.invoke(AuthenticatorBase.java:483)
	at org.apache.catalina.core.StandardHostValve.invoke(StandardHostValve.java:115)
	at org.apache.catalina.valves.ErrorReportValve.invoke(ErrorReportValve.java:93)
	at org.apache.catalina.core.StandardEngineValve.invoke(StandardEngineValve.java:74)
	at org.apache.catalina.connector.CoyoteAdapter.service(CoyoteAdapter.java:344)
	at org.apache.coyote.http11.Http11Processor.service(Http11Processor.java:397)
	at org.apache.coyote.AbstractProcessorLight.process(AbstractProcessorLight.java:63)
	at org.apache.coyote.AbstractProtocol$ConnectionHandler.process(AbstractProtocol.java:905)
	at org.apache.tomcat.util.net.NioEndpoint$SocketProcessor.doRun(NioEndpoint.java:1741)
	at org.apache.tomcat.util.net.SocketProcessorBase.run(SocketProcessorBase.java:52)
	at org.apache.tomcat.util.threads.ThreadPoolExecutor.runWorker(ThreadPoolExecutor.java:1190)
	at org.apache.tomcat.util.threads.ThreadPoolExecutor$Worker.run(ThreadPoolExecutor.java:659)
	at org.apache.tomcat.util.threads.TaskThread$WrappingRunnable.run(TaskThread.java:63)
	at java.base/java.lang.Thread.run(Thread.java:1583)
2026-03-16 17:11:50 [http-nio-8080-exec-3] DEBUG o.s.w.s.m.m.a.HttpEntityMethodProcessor - Using 'application/json', given [application/json, text/plain, */*] and supported [application/json, application/*+json, application/yaml]
2026-03-16 17:11:50 [http-nio-8080-exec-3] TRACE o.s.w.s.m.m.a.HttpEntityMethodProcessor - Writing [ApiResponse[success=false, status=500, code=C004, message=예기치 않은 서버 오류가 발생했습니다., data=null, timestamp=2026-03-16T17:11:50.928176700]]
2026-03-16 17:11:50 [http-nio-8080-exec-3] DEBUG o.s.w.s.m.m.a.ExceptionHandlerExceptionResolver - Resolved [org.springframework.web.servlet.resource.NoResourceFoundException: No static resource api/v1/admin/system/statistics/connect.]
2026-03-16 17:11:50 [http-nio-8080-exec-3] DEBUG o.s.web.servlet.DispatcherServlet - Completed 500 INTERNAL_SERVER_ERROR
2026-03-16 17:11:50 [http-nio-8080-exec-17] DEBUG o.s.orm.jpa.JpaTransactionManager - Initiating transaction commit
2026-03-16 17:11:50 [http-nio-8080-exec-17] DEBUG o.s.orm.jpa.JpaTransactionManager - Committing JPA transaction on EntityManager [SessionImpl(57656382<open>)]
2026-03-16 17:11:50 [http-nio-8080-exec-9] DEBUG c.c.p.s.jwt.JwtAuthenticationFilter - >>> [JwtFilter] Processing request: GET /api/v1/menu/left
2026-03-16 17:11:50 [http-nio-8080-exec-9] DEBUG c.c.p.s.jwt.JwtAuthenticationFilter - >>> [JwtFilter] Found token in header for path: /api/v1/menu/left
2026-03-16 17:11:50 [http-nio-8080-exec-9] DEBUG o.s.orm.jpa.JpaTransactionManager - Creating new transaction with name [com.company.project.security.iam.CustomUserDetailsService.loadUserByUsername]: PROPAGATION_REQUIRED,ISOLATION_DEFAULT,readOnly
2026-03-16 17:11:50 [http-nio-8080-exec-9] DEBUG o.s.orm.jpa.JpaTransactionManager - Opened new EntityManager [SessionImpl(1628230298<open>)] for JPA transaction
2026-03-16 17:11:50 [http-nio-8080-exec-12] DEBUG o.s.orm.jpa.JpaTransactionManager - Found thread-bound EntityManager [SessionImpl(1409517932<open>)] for JPA transaction
2026-03-16 17:11:50 [http-nio-8080-exec-12] DEBUG o.s.orm.jpa.JpaTransactionManager - Participating in existing transaction
2026-03-16 17:11:50 [http-nio-8080-exec-12] DEBUG org.hibernate.SQL - select ua1_0.scrty_dtrmn_trget_id,ua1_0.author_code,ua1_0.frst_register_id,ua1_0.frst_regist_pnttm,ua1_0.last_updusr_id,ua1_0.last_updt_pnttm,ua1_0.mber_ty_code from nemplyrscrtyestbs ua1_0 where ua1_0.scrty_dtrmn_trget_id=?
2026-03-16 17:11:51 [http-nio-8080-exec-15] DEBUG o.s.orm.jpa.JpaTransactionManager - Closing JPA EntityManager [SessionImpl(1431314836<open>)] after transaction
2026-03-16 17:11:51 [http-nio-8080-exec-10] DEBUG o.s.orm.jpa.JpaTransactionManager - Closing JPA EntityManager [SessionImpl(1865533317<open>)] after transaction
2026-03-16 17:11:51 [http-nio-8080-exec-8] DEBUG o.s.orm.jpa.JpaTransactionManager - Closing JPA EntityManager [SessionImpl(915174401<open>)] after transaction
2026-03-16 17:11:51 [http-nio-8080-exec-15] DEBUG o.s.w.s.m.m.a.HttpEntityMethodProcessor - Using 'application/json', given [application/json, text/plain, */*] and supported [application/json, application/*+json, application/yaml]
2026-03-16 17:11:51 [http-nio-8080-exec-8] DEBUG o.s.w.s.m.m.a.HttpEntityMethodProcessor - Using 'application/json', given [application/json, text/plain, */*] and supported [application/json, application/*+json, application/yaml]
2026-03-16 17:11:51 [http-nio-8080-exec-10] DEBUG o.s.w.s.m.m.a.HttpEntityMethodProcessor - Using 'application/json', given [application/json, text/plain, */*] and supported [application/json, application/*+json, application/yaml]
2026-03-16 17:11:51 [http-nio-8080-exec-15] TRACE o.s.w.s.m.m.a.HttpEntityMethodProcessor - Writing [ApiResponse[success=true, status=200, code=COMMON_001, message=Success, data=0, timestamp=2026-03-16T17:11:51.056690]]
2026-03-16 17:11:51 [http-nio-8080-exec-8] TRACE o.s.w.s.m.m.a.HttpEntityMethodProcessor - Writing [ApiResponse[success=true, status=200, code=COMMON_001, message=Success, data=[], timestamp=2026-03-16T17:11:51.056690]]
2026-03-16 17:11:51 [http-nio-8080-exec-10] TRACE o.s.w.s.m.m.a.HttpEntityMethodProcessor - Writing [ApiResponse[success=true, status=200, code=COMMON_001, message=Success, data=[NotificationDto(ntfcNo=NT001, ntfcSj=테스트 알림입니다, ntfcCn=알림 내용입니다, ntfcDate=null, ntfcTime=2026-02-25T00:59:33.784070, bhNtfcIntrvl=null, uniqId=null, frstRegisterId=null, frstRegisterPnttm=2026-02-25T00:59:33.784070, lastUpdusrId=null, lastUpdusrPnttm=null)], timestamp=2026-03-16T17:11:51.056690]]
2026-03-16 17:11:51 [http-nio-8080-exec-15] INFO  c.c.p.a.i.OperationalAuditInterceptor - API Audit Log: URL=/api/v1/notifications/unread-count, User=webmaster, IP=127.0.0.1
2026-03-16 17:11:51 [http-nio-8080-exec-10] INFO  c.c.p.a.i.OperationalAuditInterceptor - API Audit Log: URL=/api/v1/notifications, User=webmaster, IP=127.0.0.1
2026-03-16 17:11:51 [http-nio-8080-exec-8] INFO  c.c.p.a.i.OperationalAuditInterceptor - API Audit Log: URL=/api/v1/popups/active, User=webmaster, IP=127.0.0.1
2026-03-16 17:11:51 [http-nio-8080-exec-10] DEBUG o.s.web.servlet.DispatcherServlet - Completed 200 OK
2026-03-16 17:11:51 [http-nio-8080-exec-8] DEBUG o.s.web.servlet.DispatcherServlet - Completed 200 OK
2026-03-16 17:11:51 [http-nio-8080-exec-15] DEBUG o.s.web.servlet.DispatcherServlet - Completed 200 OK
2026-03-16 17:11:51 [http-nio-8080-exec-17] DEBUG o.s.orm.jpa.JpaTransactionManager - Closing JPA EntityManager [SessionImpl(57656382<open>)] after transaction
2026-03-16 17:11:51 [http-nio-8080-exec-17] DEBUG o.s.w.s.m.m.a.HttpEntityMethodProcessor - Using 'application/json', given [application/json, text/plain, */*] and supported [application/json, application/*+json, application/yaml]
2026-03-16 17:11:51 [http-nio-8080-exec-17] TRACE o.s.w.s.m.m.a.HttpEntityMethodProcessor - Writing [ApiResponse[success=true, status=200, code=COMMON_001, message=Success, data=[], timestamp=2026-03-16T17:11:51.094892500]]
2026-03-16 17:11:51 [http-nio-8080-exec-17] INFO  c.c.p.a.i.OperationalAuditInterceptor - API Audit Log: URL=/api/v1/admin/system/banners/reflected, User=webmaster, IP=127.0.0.1
2026-03-16 17:11:51 [http-nio-8080-exec-17] DEBUG o.s.web.servlet.DispatcherServlet - Completed 200 OK
2026-03-16 17:11:51 [http-nio-8080-exec-19] DEBUG c.c.p.s.jwt.JwtAuthenticationFilter - >>> [JwtFilter] Processing request: GET /api/v1/notifications/unread-count
2026-03-16 17:11:51 [http-nio-8080-exec-13] DEBUG c.c.p.s.jwt.JwtAuthenticationFilter - >>> [JwtFilter] Processing request: GET /api/v1/notifications
2026-03-16 17:11:51 [http-nio-8080-exec-19] DEBUG c.c.p.s.jwt.JwtAuthenticationFilter - >>> [JwtFilter] Found token in header for path: /api/v1/notifications/unread-count
2026-03-16 17:11:51 [http-nio-8080-exec-13] DEBUG c.c.p.s.jwt.JwtAuthenticationFilter - >>> [JwtFilter] Found token in header for path: /api/v1/notifications
2026-03-16 17:11:51 [http-nio-8080-exec-2] DEBUG c.c.p.s.jwt.JwtAuthenticationFilter - >>> [JwtFilter] Processing request: GET /api/v1/popups/active
2026-03-16 17:11:51 [http-nio-8080-exec-2] DEBUG c.c.p.s.jwt.JwtAuthenticationFilter - >>> [JwtFilter] Found token in header for path: /api/v1/popups/active
2026-03-16 17:11:51 [http-nio-8080-exec-2] DEBUG o.s.orm.jpa.JpaTransactionManager - Creating new transaction with name [com.company.project.security.iam.CustomUserDetailsService.loadUserByUsername]: PROPAGATION_REQUIRED,ISOLATION_DEFAULT,readOnly
2026-03-16 17:11:51 [http-nio-8080-exec-13] DEBUG o.s.orm.jpa.JpaTransactionManager - Creating new transaction with name [com.company.project.security.iam.CustomUserDetailsService.loadUserByUsername]: PROPAGATION_REQUIRED,ISOLATION_DEFAULT,readOnly
2026-03-16 17:11:51 [http-nio-8080-exec-19] DEBUG o.s.orm.jpa.JpaTransactionManager - Creating new transaction with name [com.company.project.security.iam.CustomUserDetailsService.loadUserByUsername]: PROPAGATION_REQUIRED,ISOLATION_DEFAULT,readOnly
2026-03-16 17:11:51 [http-nio-8080-exec-2] DEBUG o.s.orm.jpa.JpaTransactionManager - Opened new EntityManager [SessionImpl(736342811<open>)] for JPA transaction
2026-03-16 17:11:51 [http-nio-8080-exec-13] DEBUG o.s.orm.jpa.JpaTransactionManager - Opened new EntityManager [SessionImpl(431994918<open>)] for JPA transaction
2026-03-16 17:11:51 [http-nio-8080-exec-19] DEBUG o.s.orm.jpa.JpaTransactionManager - Opened new EntityManager [SessionImpl(805311945<open>)] for JPA transaction
2026-03-16 17:11:51 [http-nio-8080-exec-2] DEBUG o.s.orm.jpa.JpaTransactionManager - Exposing JPA transaction as JDBC [org.springframework.orm.jpa.vendor.HibernateJpaDialect$HibernateConnectionHandle@5dd31988]
2026-03-16 17:11:51 [http-nio-8080-exec-2] DEBUG o.s.orm.jpa.JpaTransactionManager - Found thread-bound EntityManager [SessionImpl(736342811<open>)] for JPA transaction
2026-03-16 17:11:51 [http-nio-8080-exec-2] DEBUG o.s.orm.jpa.JpaTransactionManager - Participating in existing transaction
2026-03-16 17:11:51 [http-nio-8080-exec-2] DEBUG org.hibernate.SQL - select u1_0.emplyr_id,u1_0.area_no,u1_0.brthdy,u1_0.chg_pwd_cnt,u1_0.frst_register_id,u1_0.frst_regist_pnttm,u1_0.detail_adres,u1_0.email_adres,u1_0.emplyr_sttus_code,u1_0.empl_no,u1_0.esntl_id,u1_0.fxnum,u1_0.group_id,u1_0.house_adres,u1_0.house_end_telno,u1_0.house_middle_telno,u1_0.ihidnum,u1_0.pstinst_code,u1_0.last_updusr_id,u1_0.last_updt_pnttm,u1_0.lock_at,u1_0.lock_cnt,u1_0.lock_last_pnttm,u1_0.mbtlnum,u1_0.ofcps_nm,u1_0.offm_telno,u1_0.orgnzt_id,u1_0.password,u1_0.password_cnsr,u1_0.password_hint,u1_0.chg_pwd_last_pnttm,u1_0.role,u1_0.sbscrb_de,u1_0.sexdstn_code,u1_0.crtfc_dn_value,u1_0.user_nm,u1_0.zip from nemplyrinfo u1_0 where u1_0.emplyr_id=?
2026-03-16 17:11:51 [http-nio-8080-exec-9] DEBUG o.s.orm.jpa.JpaTransactionManager - Exposing JPA transaction as JDBC [org.springframework.orm.jpa.vendor.HibernateJpaDialect$HibernateConnectionHandle@31ccd16]
2026-03-16 17:11:51 [http-nio-8080-exec-9] DEBUG o.s.orm.jpa.JpaTransactionManager - Found thread-bound EntityManager [SessionImpl(1628230298<open>)] for JPA transaction
2026-03-16 17:11:51 [http-nio-8080-exec-9] DEBUG o.s.orm.jpa.JpaTransactionManager - Participating in existing transaction
2026-03-16 17:11:51 [http-nio-8080-exec-9] DEBUG org.hibernate.SQL - select u1_0.emplyr_id,u1_0.area_no,u1_0.brthdy,u1_0.chg_pwd_cnt,u1_0.frst_register_id,u1_0.frst_regist_pnttm,u1_0.detail_adres,u1_0.email_adres,u1_0.emplyr_sttus_code,u1_0.empl_no,u1_0.esntl_id,u1_0.fxnum,u1_0.group_id,u1_0.house_adres,u1_0.house_end_telno,u1_0.house_middle_telno,u1_0.ihidnum,u1_0.pstinst_code,u1_0.last_updusr_id,u1_0.last_updt_pnttm,u1_0.lock_at,u1_0.lock_cnt,u1_0.lock_last_pnttm,u1_0.mbtlnum,u1_0.ofcps_nm,u1_0.offm_telno,u1_0.orgnzt_id,u1_0.password,u1_0.password_cnsr,u1_0.password_hint,u1_0.chg_pwd_last_pnttm,u1_0.role,u1_0.sbscrb_de,u1_0.sexdstn_code,u1_0.crtfc_dn_value,u1_0.user_nm,u1_0.zip from nemplyrinfo u1_0 where u1_0.emplyr_id=?
2026-03-16 17:11:51 [http-nio-8080-exec-3] DEBUG c.c.p.s.jwt.JwtAuthenticationFilter - >>> [JwtFilter] Processing request: GET /api/v1/admin/system/banners/reflected
2026-03-16 17:11:51 [http-nio-8080-exec-3] DEBUG c.c.p.s.jwt.JwtAuthenticationFilter - >>> [JwtFilter] Found token in header for path: /api/v1/admin/system/banners/reflected
2026-03-16 17:11:51 [http-nio-8080-exec-3] DEBUG o.s.orm.jpa.JpaTransactionManager - Creating new transaction with name [com.company.project.security.iam.CustomUserDetailsService.loadUserByUsername]: PROPAGATION_REQUIRED,ISOLATION_DEFAULT,readOnly
2026-03-16 17:11:51 [http-nio-8080-exec-3] DEBUG o.s.orm.jpa.JpaTransactionManager - Opened new EntityManager [SessionImpl(1971761836<open>)] for JPA transaction
2026-03-16 17:11:51 [http-nio-8080-exec-3] DEBUG o.s.orm.jpa.JpaTransactionManager - Exposing JPA transaction as JDBC [org.springframework.orm.jpa.vendor.HibernateJpaDialect$HibernateConnectionHandle@3dd045a1]
2026-03-16 17:11:51 [http-nio-8080-exec-3] DEBUG o.s.orm.jpa.JpaTransactionManager - Found thread-bound EntityManager [SessionImpl(1971761836<open>)] for JPA transaction
2026-03-16 17:11:51 [http-nio-8080-exec-3] DEBUG o.s.orm.jpa.JpaTransactionManager - Participating in existing transaction
2026-03-16 17:11:51 [http-nio-8080-exec-3] DEBUG org.hibernate.SQL - select u1_0.emplyr_id,u1_0.area_no,u1_0.brthdy,u1_0.chg_pwd_cnt,u1_0.frst_register_id,u1_0.frst_regist_pnttm,u1_0.detail_adres,u1_0.email_adres,u1_0.emplyr_sttus_code,u1_0.empl_no,u1_0.esntl_id,u1_0.fxnum,u1_0.group_id,u1_0.house_adres,u1_0.house_end_telno,u1_0.house_middle_telno,u1_0.ihidnum,u1_0.pstinst_code,u1_0.last_updusr_id,u1_0.last_updt_pnttm,u1_0.lock_at,u1_0.lock_cnt,u1_0.lock_last_pnttm,u1_0.mbtlnum,u1_0.ofcps_nm,u1_0.offm_telno,u1_0.orgnzt_id,u1_0.password,u1_0.password_cnsr,u1_0.password_hint,u1_0.chg_pwd_last_pnttm,u1_0.role,u1_0.sbscrb_de,u1_0.sexdstn_code,u1_0.crtfc_dn_value,u1_0.user_nm,u1_0.zip from nemplyrinfo u1_0 where u1_0.emplyr_id=?
2026-03-16 17:11:51 [http-nio-8080-exec-12] DEBUG o.s.orm.jpa.JpaTransactionManager - Initiating transaction commit
2026-03-16 17:11:51 [http-nio-8080-exec-12] DEBUG o.s.orm.jpa.JpaTransactionManager - Committing JPA transaction on EntityManager [SessionImpl(1409517932<open>)]
2026-03-16 17:11:51 [http-nio-8080-exec-13] DEBUG o.s.orm.jpa.JpaTransactionManager - Exposing JPA transaction as JDBC [org.springframework.orm.jpa.vendor.HibernateJpaDialect$HibernateConnectionHandle@50322653]
2026-03-16 17:11:51 [http-nio-8080-exec-19] DEBUG o.s.orm.jpa.JpaTransactionManager - Exposing JPA transaction as JDBC [org.springframework.orm.jpa.vendor.HibernateJpaDialect$HibernateConnectionHandle@8480079]
2026-03-16 17:11:51 [http-nio-8080-exec-13] DEBUG o.s.orm.jpa.JpaTransactionManager - Found thread-bound EntityManager [SessionImpl(431994918<open>)] for JPA transaction
2026-03-16 17:11:51 [http-nio-8080-exec-13] DEBUG o.s.orm.jpa.JpaTransactionManager - Participating in existing transaction
2026-03-16 17:11:51 [http-nio-8080-exec-19] DEBUG o.s.orm.jpa.JpaTransactionManager - Found thread-bound EntityManager [SessionImpl(805311945<open>)] for JPA transaction
2026-03-16 17:11:51 [http-nio-8080-exec-2] DEBUG o.s.orm.jpa.JpaTransactionManager - Found thread-bound EntityManager [SessionImpl(736342811<open>)] for JPA transaction
2026-03-16 17:11:51 [http-nio-8080-exec-2] DEBUG o.s.orm.jpa.JpaTransactionManager - Participating in existing transaction
2026-03-16 17:11:51 [http-nio-8080-exec-19] DEBUG o.s.orm.jpa.JpaTransactionManager - Participating in existing transaction
2026-03-16 17:11:51 [http-nio-8080-exec-13] DEBUG org.hibernate.SQL - select u1_0.emplyr_id,u1_0.area_no,u1_0.brthdy,u1_0.chg_pwd_cnt,u1_0.frst_register_id,u1_0.frst_regist_pnttm,u1_0.detail_adres,u1_0.email_adres,u1_0.emplyr_sttus_code,u1_0.empl_no,u1_0.esntl_id,u1_0.fxnum,u1_0.group_id,u1_0.house_adres,u1_0.house_end_telno,u1_0.house_middle_telno,u1_0.ihidnum,u1_0.pstinst_code,u1_0.last_updusr_id,u1_0.last_updt_pnttm,u1_0.lock_at,u1_0.lock_cnt,u1_0.lock_last_pnttm,u1_0.mbtlnum,u1_0.ofcps_nm,u1_0.offm_telno,u1_0.orgnzt_id,u1_0.password,u1_0.password_cnsr,u1_0.password_hint,u1_0.chg_pwd_last_pnttm,u1_0.role,u1_0.sbscrb_de,u1_0.sexdstn_code,u1_0.crtfc_dn_value,u1_0.user_nm,u1_0.zip from nemplyrinfo u1_0 where u1_0.emplyr_id=?
2026-03-16 17:11:51 [http-nio-8080-exec-19] DEBUG org.hibernate.SQL - select u1_0.emplyr_id,u1_0.area_no,u1_0.brthdy,u1_0.chg_pwd_cnt,u1_0.frst_register_id,u1_0.frst_regist_pnttm,u1_0.detail_adres,u1_0.email_adres,u1_0.emplyr_sttus_code,u1_0.empl_no,u1_0.esntl_id,u1_0.fxnum,u1_0.group_id,u1_0.house_adres,u1_0.house_end_telno,u1_0.house_middle_telno,u1_0.ihidnum,u1_0.pstinst_code,u1_0.last_updusr_id,u1_0.last_updt_pnttm,u1_0.lock_at,u1_0.lock_cnt,u1_0.lock_last_pnttm,u1_0.mbtlnum,u1_0.ofcps_nm,u1_0.offm_telno,u1_0.orgnzt_id,u1_0.password,u1_0.password_cnsr,u1_0.password_hint,u1_0.chg_pwd_last_pnttm,u1_0.role,u1_0.sbscrb_de,u1_0.sexdstn_code,u1_0.crtfc_dn_value,u1_0.user_nm,u1_0.zip from nemplyrinfo u1_0 where u1_0.emplyr_id=?
2026-03-16 17:11:51 [http-nio-8080-exec-2] DEBUG org.hibernate.SQL - select ua1_0.scrty_dtrmn_trget_id,ua1_0.author_code,ua1_0.frst_register_id,ua1_0.frst_regist_pnttm,ua1_0.last_updusr_id,ua1_0.last_updt_pnttm,ua1_0.mber_ty_code from nemplyrscrtyestbs ua1_0 where ua1_0.scrty_dtrmn_trget_id=?
2026-03-16 17:11:51 [http-nio-8080-exec-9] DEBUG o.s.orm.jpa.JpaTransactionManager - Found thread-bound EntityManager [SessionImpl(1628230298<open>)] for JPA transaction
2026-03-16 17:11:51 [http-nio-8080-exec-9] DEBUG o.s.orm.jpa.JpaTransactionManager - Participating in existing transaction
2026-03-16 17:11:51 [http-nio-8080-exec-9] DEBUG org.hibernate.SQL - select ua1_0.scrty_dtrmn_trget_id,ua1_0.author_code,ua1_0.frst_register_id,ua1_0.frst_regist_pnttm,ua1_0.last_updusr_id,ua1_0.last_updt_pnttm,ua1_0.mber_ty_code from nemplyrscrtyestbs ua1_0 where ua1_0.scrty_dtrmn_trget_id=?
2026-03-16 17:11:51 [http-nio-8080-exec-3] DEBUG o.s.orm.jpa.JpaTransactionManager - Found thread-bound EntityManager [SessionImpl(1971761836<open>)] for JPA transaction
2026-03-16 17:11:51 [http-nio-8080-exec-3] DEBUG o.s.orm.jpa.JpaTransactionManager - Participating in existing transaction
2026-03-16 17:11:51 [http-nio-8080-exec-3] DEBUG org.hibernate.SQL - select ua1_0.scrty_dtrmn_trget_id,ua1_0.author_code,ua1_0.frst_register_id,ua1_0.frst_regist_pnttm,ua1_0.last_updusr_id,ua1_0.last_updt_pnttm,ua1_0.mber_ty_code from nemplyrscrtyestbs ua1_0 where ua1_0.scrty_dtrmn_trget_id=?
2026-03-16 17:11:51 [http-nio-8080-exec-12] DEBUG o.s.orm.jpa.JpaTransactionManager - Closing JPA EntityManager [SessionImpl(1409517932<open>)] after transaction
2026-03-16 17:11:51 [http-nio-8080-exec-12] DEBUG c.c.p.s.jwt.JwtAuthenticationFilter - >>> [JwtFilter] Successfully authenticated user: USRCNFRM_99999999999, Authorities: [ROLE_ADMIN]
2026-03-16 17:11:51 [http-nio-8080-exec-12] DEBUG o.s.web.servlet.DispatcherServlet - GET "/api/v1/admin/system/statistics/bbs?statsKind=COM101", parameters={masked}
2026-03-16 17:11:51 [http-nio-8080-exec-12] DEBUG o.s.w.s.h.SimpleUrlHandlerMapping - Mapped to ResourceHttpRequestHandler [classpath [META-INF/resources/], classpath [resources/], classpath [static/], classpath [public/], ServletContext [/]]
2026-03-16 17:11:51 [http-nio-8080-exec-12] DEBUG o.s.w.s.r.ResourceHttpRequestHandler - Resource not found
2026-03-16 17:11:51 [http-nio-8080-exec-12] DEBUG o.s.w.s.m.m.a.ExceptionHandlerExceptionResolver - Using @ExceptionHandler com.company.project.core.exception.GlobalExceptionHandler#handleException(Exception)
2026-03-16 17:11:51 [http-nio-8080-exec-12] ERROR c.c.p.c.e.GlobalExceptionHandler - >>> Internal Server Error: No static resource api/v1/admin/system/statistics/bbs.
org.springframework.web.servlet.resource.NoResourceFoundException: No static resource api/v1/admin/system/statistics/bbs.
	at org.springframework.web.servlet.resource.ResourceHttpRequestHandler.handleRequest(ResourceHttpRequestHandler.java:585)
	at org.springframework.web.servlet.mvc.HttpRequestHandlerAdapter.handle(HttpRequestHandlerAdapter.java:52)
	at org.springframework.web.servlet.DispatcherServlet.doDispatch(DispatcherServlet.java:1088)
	at org.springframework.web.servlet.DispatcherServlet.doService(DispatcherServlet.java:978)
	at org.springframework.web.servlet.FrameworkServlet.processRequest(FrameworkServlet.java:1014)
	at org.springframework.web.servlet.FrameworkServlet.doGet(FrameworkServlet.java:903)
	at jakarta.servlet.http.HttpServlet.service(HttpServlet.java:527)
	at org.springframework.web.servlet.FrameworkServlet.service(FrameworkServlet.java:885)
	at jakarta.servlet.http.HttpServlet.service(HttpServlet.java:614)
	at org.apache.catalina.core.ApplicationFilterChain.internalDoFilter(ApplicationFilterChain.java:195)
	at org.apache.catalina.core.ApplicationFilterChain.doFilter(ApplicationFilterChain.java:140)
	at org.apache.tomcat.websocket.server.WsFilter.doFilter(WsFilter.java:51)
	at org.apache.catalina.core.ApplicationFilterChain.internalDoFilter(ApplicationFilterChain.java:164)
	at org.apache.catalina.core.ApplicationFilterChain.doFilter(ApplicationFilterChain.java:140)
	at org.springframework.web.filter.CompositeFilter$VirtualFilterChain.doFilter(CompositeFilter.java:108)
	at org.springframework.security.web.FilterChainProxy.lambda$doFilterInternal$3(FilterChainProxy.java:231)
	at org.springframework.security.web.ObservationFilterChainDecorator$FilterObservation$SimpleFilterObservation.lambda$wrap$1(ObservationFilterChainDecorator.java:479)
	at org.springframework.security.web.ObservationFilterChainDecorator$AroundFilterObservation$SimpleAroundFilterObservation.lambda$wrap$1(ObservationFilterChainDecorator.java:340)
	at org.springframework.security.web.ObservationFilterChainDecorator.lambda$wrapSecured$0(ObservationFilterChainDecorator.java:82)
	at org.springframework.security.web.ObservationFilterChainDecorator$VirtualFilterChain.doFilter(ObservationFilterChainDecorator.java:128)
	at org.springframework.security.web.access.intercept.AuthorizationFilter.doFilter(AuthorizationFilter.java:101)
	at org.springframework.security.web.ObservationFilterChainDecorator$ObservationFilter.wrapFilter(ObservationFilterChainDecorator.java:240)
	at org.springframework.security.web.ObservationFilterChainDecorator$ObservationFilter.doFilter(ObservationFilterChainDecorator.java:227)
	at org.springframework.security.web.ObservationFilterChainDecorator$VirtualFilterChain.doFilter(ObservationFilterChainDecorator.java:137)
	at org.springframework.security.web.access.ExceptionTranslationFilter.doFilter(ExceptionTranslationFilter.java:126)
	at org.springframework.security.web.access.ExceptionTranslationFilter.doFilter(ExceptionTranslationFilter.java:120)
	at org.springframework.security.web.ObservationFilterChainDecorator$ObservationFilter.wrapFilter(ObservationFilterChainDecorator.java:240)
	at org.springframework.security.web.ObservationFilterChainDecorator$ObservationFilter.doFilter(ObservationFilterChainDecorator.java:227)
	at org.springframework.security.web.ObservationFilterChainDecorator$VirtualFilterChain.doFilter(ObservationFilterChainDecorator.java:137)
	at org.springframework.security.web.session.SessionManagementFilter.doFilter(SessionManagementFilter.java:131)
	at org.springframework.security.web.session.SessionManagementFilter.doFilter(SessionManagementFilter.java:85)
	at org.springframework.security.web.ObservationFilterChainDecorator$ObservationFilter.wrapFilter(ObservationFilterChainDecorator.java:240)
	at org.springframework.security.web.ObservationFilterChainDecorator$ObservationFilter.doFilter(ObservationFilterChainDecorator.java:227)
	at org.springframework.security.web.ObservationFilterChainDecorator$VirtualFilterChain.doFilter(ObservationFilterChainDecorator.java:137)
	at org.springframework.security.web.authentication.AnonymousAuthenticationFilter.doFilter(AnonymousAuthenticationFilter.java:100)
	at org.springframework.security.web.ObservationFilterChainDecorator$ObservationFilter.wrapFilter(ObservationFilterChainDecorator.java:240)
	at org.springframework.security.web.ObservationFilterChainDecorator$ObservationFilter.doFilter(ObservationFilterChainDecorator.java:227)
	at org.springframework.security.web.ObservationFilterChainDecorator$VirtualFilterChain.doFilter(ObservationFilterChainDecorator.java:137)
	at org.springframework.security.web.servletapi.SecurityContextHolderAwareRequestFilter.doFilter(SecurityContextHolderAwareRequestFilter.java:179)
	at org.springframework.security.web.ObservationFilterChainDecorator$ObservationFilter.wrapFilter(ObservationFilterChainDecorator.java:240)
	at org.springframework.security.web.ObservationFilterChainDecorator$ObservationFilter.doFilter(ObservationFilterChainDecorator.java:227)
	at org.springframework.security.web.ObservationFilterChainDecorator$VirtualFilterChain.doFilter(ObservationFilterChainDecorator.java:137)
	at org.springframework.security.web.savedrequest.RequestCacheAwareFilter.doFilter(RequestCacheAwareFilter.java:63)
	at org.springframework.security.web.ObservationFilterChainDecorator$ObservationFilter.wrapFilter(ObservationFilterChainDecorator.java:240)
	at org.springframework.security.web.ObservationFilterChainDecorator$ObservationFilter.doFilter(ObservationFilterChainDecorator.java:227)
	at org.springframework.security.web.ObservationFilterChainDecorator$VirtualFilterChain.doFilter(ObservationFilterChainDecorator.java:137)
	at com.company.project.security.jwt.JwtAuthenticationFilter.doFilterInternal(JwtAuthenticationFilter.java:52)
	at org.springframework.web.filter.OncePerRequestFilter.doFilter(OncePerRequestFilter.java:116)
	at org.springframework.security.web.ObservationFilterChainDecorator$ObservationFilter.wrapFilter(ObservationFilterChainDecorator.java:240)
	at org.springframework.security.web.ObservationFilterChainDecorator$ObservationFilter.doFilter(ObservationFilterChainDecorator.java:227)
	at org.springframework.security.web.ObservationFilterChainDecorator$VirtualFilterChain.doFilter(ObservationFilterChainDecorator.java:137)
	at org.springframework.security.web.authentication.logout.LogoutFilter.doFilter(LogoutFilter.java:107)
	at org.springframework.security.web.authentication.logout.LogoutFilter.doFilter(LogoutFilter.java:93)
	at org.springframework.security.web.ObservationFilterChainDecorator$ObservationFilter.wrapFilter(ObservationFilterChainDecorator.java:240)
	at org.springframework.security.web.ObservationFilterChainDecorator$ObservationFilter.doFilter(ObservationFilterChainDecorator.java:227)
	at org.springframework.security.web.ObservationFilterChainDecorator$VirtualFilterChain.doFilter(ObservationFilterChainDecorator.java:137)
	at org.springframework.web.filter.CorsFilter.doFilterInternal(CorsFilter.java:91)
	at org.springframework.web.filter.OncePerRequestFilter.doFilter(OncePerRequestFilter.java:116)
	at org.springframework.security.web.ObservationFilterChainDecorator$ObservationFilter.wrapFilter(ObservationFilterChainDecorator.java:240)
	at org.springframework.security.web.ObservationFilterChainDecorator$ObservationFilter.doFilter(ObservationFilterChainDecorator.java:227)
	at org.springframework.security.web.ObservationFilterChainDecorator$VirtualFilterChain.doFilter(ObservationFilterChainDecorator.java:137)
	at org.springframework.security.web.header.HeaderWriterFilter.doHeadersAfter(HeaderWriterFilter.java:90)
	at org.springframework.security.web.header.HeaderWriterFilter.doFilterInternal(HeaderWriterFilter.java:75)
	at org.springframework.web.filter.OncePerRequestFilter.doFilter(OncePerRequestFilter.java:116)
	at org.springframework.security.web.ObservationFilterChainDecorator$ObservationFilter.wrapFilter(ObservationFilterChainDecorator.java:240)
	at org.springframework.security.web.ObservationFilterChainDecorator$ObservationFilter.doFilter(ObservationFilterChainDecorator.java:227)
	at org.springframework.security.web.ObservationFilterChainDecorator$VirtualFilterChain.doFilter(ObservationFilterChainDecorator.java:137)
	at org.springframework.security.web.context.SecurityContextHolderFilter.doFilter(SecurityContextHolderFilter.java:82)
	at org.springframework.security.web.context.SecurityContextHolderFilter.doFilter(SecurityContextHolderFilter.java:69)
	at org.springframework.security.web.ObservationFilterChainDecorator$ObservationFilter.wrapFilter(ObservationFilterChainDecorator.java:240)
	at org.springframework.security.web.ObservationFilterChainDecorator$ObservationFilter.doFilter(ObservationFilterChainDecorator.java:227)
	at org.springframework.security.web.ObservationFilterChainDecorator$VirtualFilterChain.doFilter(ObservationFilterChainDecorator.java:137)
	at org.springframework.security.web.context.request.async.WebAsyncManagerIntegrationFilter.doFilterInternal(WebAsyncManagerIntegrationFilter.java:62)
	at org.springframework.web.filter.OncePerRequestFilter.doFilter(OncePerRequestFilter.java:116)
	at org.springframework.security.web.ObservationFilterChainDecorator$ObservationFilter.wrapFilter(ObservationFilterChainDecorator.java:240)
	at org.springframework.security.web.ObservationFilterChainDecorator$ObservationFilter.doFilter(ObservationFilterChainDecorator.java:227)
	at org.springframework.security.web.ObservationFilterChainDecorator$VirtualFilterChain.doFilter(ObservationFilterChainDecorator.java:137)
	at org.springframework.security.web.session.DisableEncodeUrlFilter.doFilterInternal(DisableEncodeUrlFilter.java:42)
	at org.springframework.web.filter.OncePerRequestFilter.doFilter(OncePerRequestFilter.java:116)
	at org.springframework.security.web.ObservationFilterChainDecorator$ObservationFilter.wrapFilter(ObservationFilterChainDecorator.java:240)
	at org.springframework.security.web.ObservationFilterChainDecorator$AroundFilterObservation$SimpleAroundFilterObservation.lambda$wrap$0(ObservationFilterChainDecorator.java:323)
	at org.springframework.security.web.ObservationFilterChainDecorator$ObservationFilter.doFilter(ObservationFilterChainDecorator.java:224)
	at org.springframework.security.web.ObservationFilterChainDecorator$VirtualFilterChain.doFilter(ObservationFilterChainDecorator.java:137)
	at org.springframework.security.web.FilterChainProxy.doFilterInternal(FilterChainProxy.java:233)
	at org.springframework.security.web.FilterChainProxy.doFilter(FilterChainProxy.java:191)
	at org.springframework.web.filter.CompositeFilter$VirtualFilterChain.doFilter(CompositeFilter.java:113)
	at org.springframework.web.servlet.handler.HandlerMappingIntrospector.lambda$createCacheFilter$3(HandlerMappingIntrospector.java:243)
	at org.springframework.web.filter.CompositeFilter$VirtualFilterChain.doFilter(CompositeFilter.java:113)
	at org.springframework.web.filter.CompositeFilter.doFilter(CompositeFilter.java:74)
	at org.springframework.security.config.annotation.web.configuration.WebMvcSecurityConfiguration$CompositeFilterChainProxy.doFilter(WebMvcSecurityConfiguration.java:238)
	at org.springframework.web.filter.DelegatingFilterProxy.invokeDelegate(DelegatingFilterProxy.java:362)
	at org.springframework.web.filter.DelegatingFilterProxy.doFilter(DelegatingFilterProxy.java:278)
	at org.apache.catalina.core.ApplicationFilterChain.internalDoFilter(ApplicationFilterChain.java:164)
	at org.apache.catalina.core.ApplicationFilterChain.doFilter(ApplicationFilterChain.java:140)
	at org.springframework.web.filter.RequestContextFilter.doFilterInternal(RequestContextFilter.java:100)
	at org.springframework.web.filter.OncePerRequestFilter.doFilter(OncePerRequestFilter.java:116)
	at org.apache.catalina.core.ApplicationFilterChain.internalDoFilter(ApplicationFilterChain.java:164)
	at org.apache.catalina.core.ApplicationFilterChain.doFilter(ApplicationFilterChain.java:140)
	at org.springframework.web.filter.FormContentFilter.doFilterInternal(FormContentFilter.java:93)
	at org.springframework.web.filter.OncePerRequestFilter.doFilter(OncePerRequestFilter.java:116)
	at org.apache.catalina.core.ApplicationFilterChain.internalDoFilter(ApplicationFilterChain.java:164)
	at org.apache.catalina.core.ApplicationFilterChain.doFilter(ApplicationFilterChain.java:140)
	at org.springframework.web.filter.ServerHttpObservationFilter.doFilterInternal(ServerHttpObservationFilter.java:114)
	at org.springframework.web.filter.OncePerRequestFilter.doFilter(OncePerRequestFilter.java:116)
	at org.apache.catalina.core.ApplicationFilterChain.internalDoFilter(ApplicationFilterChain.java:164)
	at org.apache.catalina.core.ApplicationFilterChain.doFilter(ApplicationFilterChain.java:140)
	at org.springframework.web.filter.CharacterEncodingFilter.doFilterInternal(CharacterEncodingFilter.java:201)
	at org.springframework.web.filter.OncePerRequestFilter.doFilter(OncePerRequestFilter.java:116)
	at org.apache.catalina.core.ApplicationFilterChain.internalDoFilter(ApplicationFilterChain.java:164)
	at org.apache.catalina.core.ApplicationFilterChain.doFilter(ApplicationFilterChain.java:140)
	at org.apache.catalina.core.StandardWrapperValve.invoke(StandardWrapperValve.java:167)
	at org.apache.catalina.core.StandardContextValve.invoke(StandardContextValve.java:90)
	at org.apache.catalina.authenticator.AuthenticatorBase.invoke(AuthenticatorBase.java:483)
	at org.apache.catalina.core.StandardHostValve.invoke(StandardHostValve.java:115)
	at org.apache.catalina.valves.ErrorReportValve.invoke(ErrorReportValve.java:93)
	at org.apache.catalina.core.StandardEngineValve.invoke(StandardEngineValve.java:74)
	at org.apache.catalina.connector.CoyoteAdapter.service(CoyoteAdapter.java:344)
	at org.apache.coyote.http11.Http11Processor.service(Http11Processor.java:397)
	at org.apache.coyote.AbstractProcessorLight.process(AbstractProcessorLight.java:63)
	at org.apache.coyote.AbstractProtocol$ConnectionHandler.process(AbstractProtocol.java:905)
	at org.apache.tomcat.util.net.NioEndpoint$SocketProcessor.doRun(NioEndpoint.java:1741)
	at org.apache.tomcat.util.net.SocketProcessorBase.run(SocketProcessorBase.java:52)
	at org.apache.tomcat.util.threads.ThreadPoolExecutor.runWorker(ThreadPoolExecutor.java:1190)
	at org.apache.tomcat.util.threads.ThreadPoolExecutor$Worker.run(ThreadPoolExecutor.java:659)
	at org.apache.tomcat.util.threads.TaskThread$WrappingRunnable.run(TaskThread.java:63)
	at java.base/java.lang.Thread.run(Thread.java:1583)
2026-03-16 17:11:51 [http-nio-8080-exec-12] DEBUG o.s.w.s.m.m.a.HttpEntityMethodProcessor - Using 'application/json', given [application/json, text/plain, */*] and supported [application/json, application/*+json, application/yaml]
2026-03-16 17:11:51 [http-nio-8080-exec-12] TRACE o.s.w.s.m.m.a.HttpEntityMethodProcessor - Writing [ApiResponse[success=false, status=500, code=C004, message=예기치 않은 서버 오류가 발생했습니다., data=null, timestamp=2026-03-16T17:11:51.310967500]]
2026-03-16 17:11:51 [http-nio-8080-exec-12] DEBUG o.s.w.s.m.m.a.ExceptionHandlerExceptionResolver - Resolved [org.springframework.web.servlet.resource.NoResourceFoundException: No static resource api/v1/admin/system/statistics/bbs.]
2026-03-16 17:11:51 [http-nio-8080-exec-12] DEBUG o.s.web.servlet.DispatcherServlet - Completed 500 INTERNAL_SERVER_ERROR
2026-03-16 17:11:51 [http-nio-8080-exec-2] DEBUG o.s.orm.jpa.JpaTransactionManager - Initiating transaction commit
2026-03-16 17:11:51 [http-nio-8080-exec-2] DEBUG o.s.orm.jpa.JpaTransactionManager - Committing JPA transaction on EntityManager [SessionImpl(736342811<open>)]
2026-03-16 17:11:51 [http-nio-8080-exec-3] DEBUG o.s.orm.jpa.JpaTransactionManager - Initiating transaction commit
2026-03-16 17:11:51 [http-nio-8080-exec-9] DEBUG o.s.orm.jpa.JpaTransactionManager - Initiating transaction commit
2026-03-16 17:11:51 [http-nio-8080-exec-19] DEBUG o.s.orm.jpa.JpaTransactionManager - Found thread-bound EntityManager [SessionImpl(805311945<open>)] for JPA transaction
2026-03-16 17:11:51 [http-nio-8080-exec-13] DEBUG o.s.orm.jpa.JpaTransactionManager - Found thread-bound EntityManager [SessionImpl(431994918<open>)] for JPA transaction
2026-03-16 17:11:51 [http-nio-8080-exec-3] DEBUG o.s.orm.jpa.JpaTransactionManager - Committing JPA transaction on EntityManager [SessionImpl(1971761836<open>)]
2026-03-16 17:11:51 [http-nio-8080-exec-9] DEBUG o.s.orm.jpa.JpaTransactionManager - Committing JPA transaction on EntityManager [SessionImpl(1628230298<open>)]
2026-03-16 17:11:51 [http-nio-8080-exec-19] DEBUG o.s.orm.jpa.JpaTransactionManager - Participating in existing transaction
2026-03-16 17:11:51 [http-nio-8080-exec-13] DEBUG o.s.orm.jpa.JpaTransactionManager - Participating in existing transaction
2026-03-16 17:11:51 [http-nio-8080-exec-19] DEBUG org.hibernate.SQL - select ua1_0.scrty_dtrmn_trget_id,ua1_0.author_code,ua1_0.frst_register_id,ua1_0.frst_regist_pnttm,ua1_0.last_updusr_id,ua1_0.last_updt_pnttm,ua1_0.mber_ty_code from nemplyrscrtyestbs ua1_0 where ua1_0.scrty_dtrmn_trget_id=?
2026-03-16 17:11:51 [http-nio-8080-exec-13] DEBUG org.hibernate.SQL - select ua1_0.scrty_dtrmn_trget_id,ua1_0.author_code,ua1_0.frst_register_id,ua1_0.frst_regist_pnttm,ua1_0.last_updusr_id,ua1_0.last_updt_pnttm,ua1_0.mber_ty_code from nemplyrscrtyestbs ua1_0 where ua1_0.scrty_dtrmn_trget_id=?
2026-03-16 17:11:51 [MessageBroker-8] DEBUG o.s.w.s.s.t.h.DefaultSockJsService - Closed 1 sessions: [xes2q40o]
2026-03-16 17:11:51 [http-nio-8080-exec-2] DEBUG o.s.orm.jpa.JpaTransactionManager - Closing JPA EntityManager [SessionImpl(736342811<open>)] after transaction
2026-03-16 17:11:51 [http-nio-8080-exec-2] DEBUG c.c.p.s.jwt.JwtAuthenticationFilter - >>> [JwtFilter] Successfully authenticated user: USRCNFRM_99999999999, Authorities: [ROLE_ADMIN]
2026-03-16 17:11:51 [http-nio-8080-exec-2] DEBUG o.s.web.servlet.DispatcherServlet - GET "/api/v1/popups/active", parameters={}
2026-03-16 17:11:51 [http-nio-8080-exec-2] TRACE o.s.w.s.m.m.a.RequestMappingHandlerMapping - Mapped to com.company.project.api.controller.system.content.popup.PopupController#getActivePopups()
2026-03-16 17:11:51 [http-nio-8080-exec-2] DEBUG o.s.orm.jpa.JpaTransactionManager - Creating new transaction with name [com.company.project.service.system.content.popup.PopupServiceImpl.getActivePopups]: PROPAGATION_REQUIRED,ISOLATION_DEFAULT,readOnly
2026-03-16 17:11:51 [http-nio-8080-exec-2] DEBUG o.s.orm.jpa.JpaTransactionManager - Opened new EntityManager [SessionImpl(1922536517<open>)] for JPA transaction
2026-03-16 17:11:51 [http-nio-8080-exec-2] DEBUG o.s.orm.jpa.JpaTransactionManager - Exposing JPA transaction as JDBC [org.springframework.orm.jpa.vendor.HibernateJpaDialect$HibernateConnectionHandle@1bd600a6]
2026-03-16 17:11:51 [http-nio-8080-exec-2] DEBUG org.hibernate.SQL - select p1_0.popup_id,p1_0.frst_register_id,p1_0.frst_regist_pnttm,p1_0.file_url,p1_0.ntce_at,p1_0.stopvew_setup_at,p1_0.last_updusr_id,p1_0.last_updt_pnttm,p1_0.ntce_bgnde,p1_0.ntce_endde,p1_0.popup_vrticl_lc,p1_0.popup_vrticl_size,p1_0.popup_sj_nm,p1_0.popup_width_lc,p1_0.popup_width_size from npopupmanage p1_0 where p1_0.ntce_at='Y' and ? between p1_0.ntce_bgnde and p1_0.ntce_endde
2026-03-16 17:11:51 [http-nio-8080-exec-13] DEBUG o.s.orm.jpa.JpaTransactionManager - Initiating transaction commit
2026-03-16 17:11:51 [http-nio-8080-exec-13] DEBUG o.s.orm.jpa.JpaTransactionManager - Committing JPA transaction on EntityManager [SessionImpl(431994918<open>)]
2026-03-16 17:11:51 [http-nio-8080-exec-19] DEBUG o.s.orm.jpa.JpaTransactionManager - Initiating transaction commit
2026-03-16 17:11:51 [http-nio-8080-exec-19] DEBUG o.s.orm.jpa.JpaTransactionManager - Committing JPA transaction on EntityManager [SessionImpl(805311945<open>)]
2026-03-16 17:11:51 [http-nio-8080-exec-3] DEBUG o.s.orm.jpa.JpaTransactionManager - Closing JPA EntityManager [SessionImpl(1971761836<open>)] after transaction
2026-03-16 17:11:51 [http-nio-8080-exec-9] DEBUG o.s.orm.jpa.JpaTransactionManager - Closing JPA EntityManager [SessionImpl(1628230298<open>)] after transaction
2026-03-16 17:11:51 [http-nio-8080-exec-3] DEBUG c.c.p.s.jwt.JwtAuthenticationFilter - >>> [JwtFilter] Successfully authenticated user: USRCNFRM_99999999999, Authorities: [ROLE_ADMIN]
2026-03-16 17:11:51 [http-nio-8080-exec-9] DEBUG c.c.p.s.jwt.JwtAuthenticationFilter - >>> [JwtFilter] Successfully authenticated user: USRCNFRM_99999999999, Authorities: [ROLE_ADMIN]
2026-03-16 17:11:51 [http-nio-8080-exec-3] DEBUG o.s.web.servlet.DispatcherServlet - GET "/api/v1/admin/system/banners/reflected", parameters={}
2026-03-16 17:11:51 [http-nio-8080-exec-9] DEBUG o.s.web.servlet.DispatcherServlet - GET "/api/v1/menu/left?menuNo=20", parameters={masked}
2026-03-16 17:11:51 [http-nio-8080-exec-3] TRACE o.s.w.s.m.m.a.RequestMappingHandlerMapping - Mapped to com.company.project.api.controller.system.content.banner.BannerApiController#getReflectedBanners()
2026-03-16 17:11:51 [http-nio-8080-exec-9] TRACE o.s.w.s.m.m.a.RequestMappingHandlerMapping - Mapped to com.company.project.api.controller.menu.MenuController#getLeftMenu(Long)
2026-03-16 17:11:51 [http-nio-8080-exec-3] DEBUG o.s.orm.jpa.JpaTransactionManager - Creating new transaction with name [com.company.project.service.system.content.banner.BannerService.getReflectedBanners]: PROPAGATION_REQUIRED,ISOLATION_DEFAULT,readOnly
2026-03-16 17:11:51 [http-nio-8080-exec-9] INFO  c.c.p.a.c.menu.MenuController - getLeftMenu called with menuNo=20
2026-03-16 17:11:51 [http-nio-8080-exec-3] DEBUG o.s.orm.jpa.JpaTransactionManager - Opened new EntityManager [SessionImpl(572998675<open>)] for JPA transaction
2026-03-16 17:11:51 [http-nio-8080-exec-9] DEBUG o.s.orm.jpa.JpaTransactionManager - Creating new transaction with name [com.company.project.service.menu.MenuService.getSubMenus]: PROPAGATION_REQUIRED,ISOLATION_DEFAULT,readOnly
2026-03-16 17:11:51 [http-nio-8080-exec-3] DEBUG o.s.orm.jpa.JpaTransactionManager - Exposing JPA transaction as JDBC [org.springframework.orm.jpa.vendor.HibernateJpaDialect$HibernateConnectionHandle@198fdead]
2026-03-16 17:11:51 [http-nio-8080-exec-9] DEBUG o.s.orm.jpa.JpaTransactionManager - Opened new EntityManager [SessionImpl(742758520<open>)] for JPA transaction
2026-03-16 17:11:51 [http-nio-8080-exec-9] DEBUG o.s.orm.jpa.JpaTransactionManager - Exposing JPA transaction as JDBC [org.springframework.orm.jpa.vendor.HibernateJpaDialect$HibernateConnectionHandle@372b6cdd]
2026-03-16 17:11:51 [http-nio-8080-exec-9] DEBUG org.hibernate.SQL - select m1_0.menu_no,m1_0.menu_dc,m1_0.menu_nm,m1_0.menu_ordr,m1_0.modern_route,m1_0.progrm_file_nm,m1_0.relate_image_nm,m1_0.relate_image_path,m1_0.route_updated_at,m1_0.upper_menu_no from nmenuinfo m1_0 order by m1_0.upper_menu_no,m1_0.menu_ordr
2026-03-16 17:11:51 [http-nio-8080-exec-3] DEBUG org.hibernate.SQL - select b1_0.banner_id,b1_0.banner_dc,b1_0.banner_image,b1_0.banner_image_file,b1_0.banner_nm,b1_0.frst_register_id,b1_0.frst_regist_pnttm,b1_0.last_updusr_id,b1_0.last_updt_pnttm,b1_0.link_url,b1_0.reflct_at,b1_0.sort_ordr from nbanner b1_0 where b1_0.reflct_at=? order by b1_0.sort_ordr
2026-03-16 17:11:51 [http-nio-8080-exec-13] DEBUG o.s.orm.jpa.JpaTransactionManager - Closing JPA EntityManager [SessionImpl(431994918<open>)] after transaction
2026-03-16 17:11:51 [http-nio-8080-exec-19] DEBUG o.s.orm.jpa.JpaTransactionManager - Closing JPA EntityManager [SessionImpl(805311945<open>)] after transaction
2026-03-16 17:11:51 [http-nio-8080-exec-13] DEBUG c.c.p.s.jwt.JwtAuthenticationFilter - >>> [JwtFilter] Successfully authenticated user: USRCNFRM_99999999999, Authorities: [ROLE_ADMIN]
2026-03-16 17:11:51 [http-nio-8080-exec-19] DEBUG c.c.p.s.jwt.JwtAuthenticationFilter - >>> [JwtFilter] Successfully authenticated user: USRCNFRM_99999999999, Authorities: [ROLE_ADMIN]
2026-03-16 17:11:51 [http-nio-8080-exec-13] DEBUG o.s.web.servlet.DispatcherServlet - GET "/api/v1/notifications", parameters={}
2026-03-16 17:11:51 [http-nio-8080-exec-19] DEBUG o.s.web.servlet.DispatcherServlet - GET "/api/v1/notifications/unread-count", parameters={}
2026-03-16 17:11:51 [http-nio-8080-exec-13] TRACE o.s.w.s.m.m.a.RequestMappingHandlerMapping - Mapped to com.company.project.api.controller.notification.NotificationController#getMyNotifications(UserDetails)
2026-03-16 17:11:51 [http-nio-8080-exec-19] TRACE o.s.w.s.m.m.a.RequestMappingHandlerMapping - Mapped to com.company.project.api.controller.notification.NotificationController#getUnreadCount(UserDetails)
2026-03-16 17:11:51 [http-nio-8080-exec-13] DEBUG o.s.orm.jpa.JpaTransactionManager - Creating new transaction with name [com.company.project.service.notification.NotificationService.getActiveNotifications]: PROPAGATION_REQUIRED,ISOLATION_DEFAULT,readOnly
2026-03-16 17:11:51 [http-nio-8080-exec-19] DEBUG o.s.orm.jpa.JpaTransactionManager - Creating new transaction with name [com.company.project.service.notification.NotificationService.getUnreadCount]: PROPAGATION_REQUIRED,ISOLATION_DEFAULT,readOnly
2026-03-16 17:11:51 [http-nio-8080-exec-13] DEBUG o.s.orm.jpa.JpaTransactionManager - Opened new EntityManager [SessionImpl(268238784<open>)] for JPA transaction
2026-03-16 17:11:51 [http-nio-8080-exec-19] DEBUG o.s.orm.jpa.JpaTransactionManager - Opened new EntityManager [SessionImpl(378173841<open>)] for JPA transaction
2026-03-16 17:11:51 [http-nio-8080-exec-19] DEBUG o.s.orm.jpa.JpaTransactionManager - Exposing JPA transaction as JDBC [org.springframework.orm.jpa.vendor.HibernateJpaDialect$HibernateConnectionHandle@7f8781dd]
2026-03-16 17:11:51 [http-nio-8080-exec-13] DEBUG o.s.orm.jpa.JpaTransactionManager - Exposing JPA transaction as JDBC [org.springframework.orm.jpa.vendor.HibernateJpaDialect$HibernateConnectionHandle@45e5c1e3]
2026-03-16 17:11:51 [http-nio-8080-exec-13] DEBUG o.s.orm.jpa.JpaTransactionManager - Found thread-bound EntityManager [SessionImpl(268238784<open>)] for JPA transaction
2026-03-16 17:11:51 [http-nio-8080-exec-13] DEBUG o.s.orm.jpa.JpaTransactionManager - Participating in existing transaction
2026-03-16 17:11:51 [http-nio-8080-exec-13] DEBUG org.hibernate.SQL - select n1_0.ntcn_no,n1_0.frst_register_id,n1_0.frst_regist_pnttm,n1_0.is_read,n1_0.last_updusr_id,n1_0.last_updt_pnttm,n1_0.link_url,n1_0.ntcn_cn,n1_0.ntcn_sj,n1_0.receiver_id from n_user_notification n1_0
2026-03-16 17:11:51 [http-nio-8080-exec-19] DEBUG org.hibernate.SQL - select count(n1_0.ntcn_no) from n_user_notification n1_0 where n1_0.receiver_id=? and n1_0.is_read=?
2026-03-16 17:11:51 [http-nio-8080-exec-2] DEBUG o.s.orm.jpa.JpaTransactionManager - Initiating transaction commit
2026-03-16 17:11:51 [http-nio-8080-exec-2] DEBUG o.s.orm.jpa.JpaTransactionManager - Committing JPA transaction on EntityManager [SessionImpl(1922536517<open>)]
2026-03-16 17:11:51 [http-nio-8080-exec-3] DEBUG o.s.orm.jpa.JpaTransactionManager - Initiating transaction commit
2026-03-16 17:11:51 [http-nio-8080-exec-3] DEBUG o.s.orm.jpa.JpaTransactionManager - Committing JPA transaction on EntityManager [SessionImpl(572998675<open>)]
2026-03-16 17:11:51 [http-nio-8080-exec-13] DEBUG o.s.orm.jpa.JpaTransactionManager - Initiating transaction commit
2026-03-16 17:11:51 [http-nio-8080-exec-19] DEBUG o.s.orm.jpa.JpaTransactionManager - Initiating transaction commit
2026-03-16 17:11:51 [http-nio-8080-exec-13] DEBUG o.s.orm.jpa.JpaTransactionManager - Committing JPA transaction on EntityManager [SessionImpl(268238784<open>)]
2026-03-16 17:11:51 [http-nio-8080-exec-19] DEBUG o.s.orm.jpa.JpaTransactionManager - Committing JPA transaction on EntityManager [SessionImpl(378173841<open>)]
2026-03-16 17:11:51 [http-nio-8080-exec-2] DEBUG o.s.orm.jpa.JpaTransactionManager - Closing JPA EntityManager [SessionImpl(1922536517<open>)] after transaction
2026-03-16 17:11:51 [http-nio-8080-exec-2] DEBUG o.s.w.s.m.m.a.HttpEntityMethodProcessor - Using 'application/json', given [application/json, text/plain, */*] and supported [application/json, application/*+json, application/yaml]
2026-03-16 17:11:51 [http-nio-8080-exec-2] TRACE o.s.w.s.m.m.a.HttpEntityMethodProcessor - Writing [ApiResponse[success=true, status=200, code=COMMON_001, message=Success, data=[], timestamp=2026-03-16T17:11:51.904423800]]
2026-03-16 17:11:51 [http-nio-8080-exec-2] INFO  c.c.p.a.i.OperationalAuditInterceptor - API Audit Log: URL=/api/v1/popups/active, User=webmaster, IP=127.0.0.1
2026-03-16 17:11:51 [http-nio-8080-exec-2] DEBUG o.s.web.servlet.DispatcherServlet - Completed 200 OK
2026-03-16 17:11:51 [http-nio-8080-exec-3] DEBUG o.s.orm.jpa.JpaTransactionManager - Closing JPA EntityManager [SessionImpl(572998675<open>)] after transaction
2026-03-16 17:11:51 [http-nio-8080-exec-9] DEBUG o.s.orm.jpa.JpaTransactionManager - Found thread-bound EntityManager [SessionImpl(742758520<open>)] for JPA transaction
2026-03-16 17:11:51 [http-nio-8080-exec-9] DEBUG o.s.orm.jpa.JpaTransactionManager - Participating in existing transaction
2026-03-16 17:11:51 [http-nio-8080-exec-3] DEBUG o.s.w.s.m.m.a.HttpEntityMethodProcessor - Using 'application/json', given [application/json, text/plain, */*] and supported [application/json, application/*+json, application/yaml]
2026-03-16 17:11:51 [http-nio-8080-exec-3] TRACE o.s.w.s.m.m.a.HttpEntityMethodProcessor - Writing [ApiResponse[success=true, status=200, code=COMMON_001, message=Success, data=[], timestamp=2026-03-16T17:11:51.906039900]]
2026-03-16 17:11:51 [http-nio-8080-exec-3] INFO  c.c.p.a.i.OperationalAuditInterceptor - API Audit Log: URL=/api/v1/admin/system/banners/reflected, User=webmaster, IP=127.0.0.1
2026-03-16 17:11:51 [http-nio-8080-exec-9] DEBUG org.hibernate.SQL - select p1_0.progrm_file_nm,p1_0.progrm_dc,p1_0.progrm_korean_nm,p1_0.progrm_stre_path,p1_0.url from nprogrmlist p1_0
2026-03-16 17:11:51 [http-nio-8080-exec-3] DEBUG o.s.web.servlet.DispatcherServlet - Completed 200 OK
2026-03-16 17:11:51 [http-nio-8080-exec-10] DEBUG c.c.p.s.jwt.JwtAuthenticationFilter - >>> [JwtFilter] Processing request: GET /api/v1/admin/system/statistics/connect
2026-03-16 17:11:51 [http-nio-8080-exec-10] DEBUG c.c.p.s.jwt.JwtAuthenticationFilter - >>> [JwtFilter] Found token in header for path: /api/v1/admin/system/statistics/connect
2026-03-16 17:11:51 [http-nio-8080-exec-10] DEBUG o.s.orm.jpa.JpaTransactionManager - Creating new transaction with name [com.company.project.security.iam.CustomUserDetailsService.loadUserByUsername]: PROPAGATION_REQUIRED,ISOLATION_DEFAULT,readOnly
2026-03-16 17:11:51 [http-nio-8080-exec-10] DEBUG o.s.orm.jpa.JpaTransactionManager - Opened new EntityManager [SessionImpl(1111363478<open>)] for JPA transaction
2026-03-16 17:11:52 [http-nio-8080-exec-19] DEBUG o.s.orm.jpa.JpaTransactionManager - Closing JPA EntityManager [SessionImpl(378173841<open>)] after transaction
2026-03-16 17:11:52 [http-nio-8080-exec-13] DEBUG o.s.orm.jpa.JpaTransactionManager - Closing JPA EntityManager [SessionImpl(268238784<open>)] after transaction
2026-03-16 17:11:52 [http-nio-8080-exec-13] DEBUG o.s.w.s.m.m.a.HttpEntityMethodProcessor - Using 'application/json', given [application/json, text/plain, */*] and supported [application/json, application/*+json, application/yaml]
2026-03-16 17:11:52 [http-nio-8080-exec-19] DEBUG o.s.w.s.m.m.a.HttpEntityMethodProcessor - Using 'application/json', given [application/json, text/plain, */*] and supported [application/json, application/*+json, application/yaml]
2026-03-16 17:11:52 [http-nio-8080-exec-13] TRACE o.s.w.s.m.m.a.HttpEntityMethodProcessor - Writing [ApiResponse[success=true, status=200, code=COMMON_001, message=Success, data=[NotificationDto(ntfcNo=NT001, ntfcSj=테스트 알림입니다, ntfcCn=알림 내용입니다, ntfcDate=null, ntfcTime=2026-02-25T00:59:33.784070, bhNtfcIntrvl=null, uniqId=null, frstRegisterId=null, frstRegisterPnttm=2026-02-25T00:59:33.784070, lastUpdusrId=null, lastUpdusrPnttm=null)], timestamp=2026-03-16T17:11:52.040835500]]
2026-03-16 17:11:52 [http-nio-8080-exec-19] TRACE o.s.w.s.m.m.a.HttpEntityMethodProcessor - Writing [ApiResponse[success=true, status=200, code=COMMON_001, message=Success, data=0, timestamp=2026-03-16T17:11:52.040835500]]
2026-03-16 17:11:52 [http-nio-8080-exec-13] INFO  c.c.p.a.i.OperationalAuditInterceptor - API Audit Log: URL=/api/v1/notifications, User=webmaster, IP=127.0.0.1
2026-03-16 17:11:52 [http-nio-8080-exec-19] INFO  c.c.p.a.i.OperationalAuditInterceptor - API Audit Log: URL=/api/v1/notifications/unread-count, User=webmaster, IP=127.0.0.1
2026-03-16 17:11:52 [http-nio-8080-exec-13] DEBUG o.s.web.servlet.DispatcherServlet - Completed 200 OK
2026-03-16 17:11:52 [http-nio-8080-exec-19] DEBUG o.s.web.servlet.DispatcherServlet - Completed 200 OK
2026-03-16 17:11:52 [http-nio-8080-exec-9] DEBUG o.s.orm.jpa.JpaTransactionManager - Initiating transaction commit
2026-03-16 17:11:52 [http-nio-8080-exec-9] DEBUG o.s.orm.jpa.JpaTransactionManager - Committing JPA transaction on EntityManager [SessionImpl(742758520<open>)]
2026-03-16 17:11:52 [http-nio-8080-exec-10] DEBUG o.s.orm.jpa.JpaTransactionManager - Exposing JPA transaction as JDBC [org.springframework.orm.jpa.vendor.HibernateJpaDialect$HibernateConnectionHandle@175a6155]
2026-03-16 17:11:52 [http-nio-8080-exec-10] DEBUG o.s.orm.jpa.JpaTransactionManager - Found thread-bound EntityManager [SessionImpl(1111363478<open>)] for JPA transaction
2026-03-16 17:11:52 [http-nio-8080-exec-10] DEBUG o.s.orm.jpa.JpaTransactionManager - Participating in existing transaction
2026-03-16 17:11:52 [http-nio-8080-exec-10] DEBUG org.hibernate.SQL - select u1_0.emplyr_id,u1_0.area_no,u1_0.brthdy,u1_0.chg_pwd_cnt,u1_0.frst_register_id,u1_0.frst_regist_pnttm,u1_0.detail_adres,u1_0.email_adres,u1_0.emplyr_sttus_code,u1_0.empl_no,u1_0.esntl_id,u1_0.fxnum,u1_0.group_id,u1_0.house_adres,u1_0.house_end_telno,u1_0.house_middle_telno,u1_0.ihidnum,u1_0.pstinst_code,u1_0.last_updusr_id,u1_0.last_updt_pnttm,u1_0.lock_at,u1_0.lock_cnt,u1_0.lock_last_pnttm,u1_0.mbtlnum,u1_0.ofcps_nm,u1_0.offm_telno,u1_0.orgnzt_id,u1_0.password,u1_0.password_cnsr,u1_0.password_hint,u1_0.chg_pwd_last_pnttm,u1_0.role,u1_0.sbscrb_de,u1_0.sexdstn_code,u1_0.crtfc_dn_value,u1_0.user_nm,u1_0.zip from nemplyrinfo u1_0 where u1_0.emplyr_id=?
2026-03-16 17:11:52 [http-nio-8080-exec-9] DEBUG o.s.orm.jpa.JpaTransactionManager - Closing JPA EntityManager [SessionImpl(742758520<open>)] after transaction
2026-03-16 17:11:52 [http-nio-8080-exec-9] INFO  c.c.p.a.c.menu.MenuController - getLeftMenu returned 3 items
2026-03-16 17:11:52 [http-nio-8080-exec-9] DEBUG o.s.w.s.m.m.a.HttpEntityMethodProcessor - Using 'application/json', given [application/json, text/plain, */*] and supported [application/json, application/*+json, application/yaml]
2026-03-16 17:11:52 [http-nio-8080-exec-9] TRACE o.s.w.s.m.m.a.HttpEntityMethodProcessor - Writing [ApiResponse[success=true, status=200, code=COMMON_001, message=Success, data={list=[com.company.project.service.menu.dto.MenuDto@3ffa006f, com.company.project.service.menu.dto.MenuDto@4192df81, com.company.project.service.menu.dto.MenuDto@1e945bc0]}, timestamp=2026-03-16T17:11:52.223291400]]
2026-03-16 17:11:52 [http-nio-8080-exec-9] INFO  c.c.p.a.i.OperationalAuditInterceptor - API Audit Log: URL=/api/v1/menu/left, User=webmaster, IP=127.0.0.1
2026-03-16 17:11:52 [http-nio-8080-exec-9] DEBUG o.s.web.servlet.DispatcherServlet - Completed 200 OK
2026-03-16 17:11:52 [http-nio-8080-exec-8] DEBUG c.c.p.s.jwt.JwtAuthenticationFilter - >>> [JwtFilter] Processing request: GET /api/v1/menu/left
2026-03-16 17:11:52 [http-nio-8080-exec-8] DEBUG c.c.p.s.jwt.JwtAuthenticationFilter - >>> [JwtFilter] Found token in header for path: /api/v1/menu/left
2026-03-16 17:11:52 [http-nio-8080-exec-8] DEBUG o.s.orm.jpa.JpaTransactionManager - Creating new transaction with name [com.company.project.security.iam.CustomUserDetailsService.loadUserByUsername]: PROPAGATION_REQUIRED,ISOLATION_DEFAULT,readOnly
2026-03-16 17:11:52 [http-nio-8080-exec-8] DEBUG o.s.orm.jpa.JpaTransactionManager - Opened new EntityManager [SessionImpl(1554189525<open>)] for JPA transaction
2026-03-16 17:11:52 [http-nio-8080-exec-10] DEBUG o.s.orm.jpa.JpaTransactionManager - Found thread-bound EntityManager [SessionImpl(1111363478<open>)] for JPA transaction
2026-03-16 17:11:52 [http-nio-8080-exec-10] DEBUG o.s.orm.jpa.JpaTransactionManager - Participating in existing transaction
2026-03-16 17:11:52 [http-nio-8080-exec-10] DEBUG org.hibernate.SQL - select ua1_0.scrty_dtrmn_trget_id,ua1_0.author_code,ua1_0.frst_register_id,ua1_0.frst_regist_pnttm,ua1_0.last_updusr_id,ua1_0.last_updt_pnttm,ua1_0.mber_ty_code from nemplyrscrtyestbs ua1_0 where ua1_0.scrty_dtrmn_trget_id=?
2026-03-16 17:11:52 [http-nio-8080-exec-15] DEBUG c.c.p.s.jwt.JwtAuthenticationFilter - >>> [JwtFilter] Processing request: GET /api/v1/admin/system/statistics/bbs
2026-03-16 17:11:52 [http-nio-8080-exec-15] DEBUG c.c.p.s.jwt.JwtAuthenticationFilter - >>> [JwtFilter] Found token in header for path: /api/v1/admin/system/statistics/bbs
2026-03-16 17:11:52 [http-nio-8080-exec-15] DEBUG o.s.orm.jpa.JpaTransactionManager - Creating new transaction with name [com.company.project.security.iam.CustomUserDetailsService.loadUserByUsername]: PROPAGATION_REQUIRED,ISOLATION_DEFAULT,readOnly
2026-03-16 17:11:52 [http-nio-8080-exec-15] DEBUG o.s.orm.jpa.JpaTransactionManager - Opened new EntityManager [SessionImpl(1290577639<open>)] for JPA transaction
2026-03-16 17:11:52 [http-nio-8080-exec-8] DEBUG o.s.orm.jpa.JpaTransactionManager - Exposing JPA transaction as JDBC [org.springframework.orm.jpa.vendor.HibernateJpaDialect$HibernateConnectionHandle@59ff38ae]
2026-03-16 17:11:52 [http-nio-8080-exec-8] DEBUG o.s.orm.jpa.JpaTransactionManager - Found thread-bound EntityManager [SessionImpl(1554189525<open>)] for JPA transaction
2026-03-16 17:11:52 [http-nio-8080-exec-8] DEBUG o.s.orm.jpa.JpaTransactionManager - Participating in existing transaction
2026-03-16 17:11:52 [http-nio-8080-exec-8] DEBUG org.hibernate.SQL - select u1_0.emplyr_id,u1_0.area_no,u1_0.brthdy,u1_0.chg_pwd_cnt,u1_0.frst_register_id,u1_0.frst_regist_pnttm,u1_0.detail_adres,u1_0.email_adres,u1_0.emplyr_sttus_code,u1_0.empl_no,u1_0.esntl_id,u1_0.fxnum,u1_0.group_id,u1_0.house_adres,u1_0.house_end_telno,u1_0.house_middle_telno,u1_0.ihidnum,u1_0.pstinst_code,u1_0.last_updusr_id,u1_0.last_updt_pnttm,u1_0.lock_at,u1_0.lock_cnt,u1_0.lock_last_pnttm,u1_0.mbtlnum,u1_0.ofcps_nm,u1_0.offm_telno,u1_0.orgnzt_id,u1_0.password,u1_0.password_cnsr,u1_0.password_hint,u1_0.chg_pwd_last_pnttm,u1_0.role,u1_0.sbscrb_de,u1_0.sexdstn_code,u1_0.crtfc_dn_value,u1_0.user_nm,u1_0.zip from nemplyrinfo u1_0 where u1_0.emplyr_id=?
2026-03-16 17:11:52 [http-nio-8080-exec-10] DEBUG o.s.orm.jpa.JpaTransactionManager - Initiating transaction commit
2026-03-16 17:11:52 [http-nio-8080-exec-10] DEBUG o.s.orm.jpa.JpaTransactionManager - Committing JPA transaction on EntityManager [SessionImpl(1111363478<open>)]
2026-03-16 17:11:52 [http-nio-8080-exec-15] DEBUG o.s.orm.jpa.JpaTransactionManager - Exposing JPA transaction as JDBC [org.springframework.orm.jpa.vendor.HibernateJpaDialect$HibernateConnectionHandle@14cc9b2]
2026-03-16 17:11:52 [http-nio-8080-exec-15] DEBUG o.s.orm.jpa.JpaTransactionManager - Found thread-bound EntityManager [SessionImpl(1290577639<open>)] for JPA transaction
2026-03-16 17:11:52 [http-nio-8080-exec-15] DEBUG o.s.orm.jpa.JpaTransactionManager - Participating in existing transaction
2026-03-16 17:11:52 [http-nio-8080-exec-15] DEBUG org.hibernate.SQL - select u1_0.emplyr_id,u1_0.area_no,u1_0.brthdy,u1_0.chg_pwd_cnt,u1_0.frst_register_id,u1_0.frst_regist_pnttm,u1_0.detail_adres,u1_0.email_adres,u1_0.emplyr_sttus_code,u1_0.empl_no,u1_0.esntl_id,u1_0.fxnum,u1_0.group_id,u1_0.house_adres,u1_0.house_end_telno,u1_0.house_middle_telno,u1_0.ihidnum,u1_0.pstinst_code,u1_0.last_updusr_id,u1_0.last_updt_pnttm,u1_0.lock_at,u1_0.lock_cnt,u1_0.lock_last_pnttm,u1_0.mbtlnum,u1_0.ofcps_nm,u1_0.offm_telno,u1_0.orgnzt_id,u1_0.password,u1_0.password_cnsr,u1_0.password_hint,u1_0.chg_pwd_last_pnttm,u1_0.role,u1_0.sbscrb_de,u1_0.sexdstn_code,u1_0.crtfc_dn_value,u1_0.user_nm,u1_0.zip from nemplyrinfo u1_0 where u1_0.emplyr_id=?
2026-03-16 17:11:52 [http-nio-8080-exec-8] DEBUG o.s.orm.jpa.JpaTransactionManager - Found thread-bound EntityManager [SessionImpl(1554189525<open>)] for JPA transaction
2026-03-16 17:11:52 [http-nio-8080-exec-8] DEBUG o.s.orm.jpa.JpaTransactionManager - Participating in existing transaction
2026-03-16 17:11:52 [http-nio-8080-exec-8] DEBUG org.hibernate.SQL - select ua1_0.scrty_dtrmn_trget_id,ua1_0.author_code,ua1_0.frst_register_id,ua1_0.frst_regist_pnttm,ua1_0.last_updusr_id,ua1_0.last_updt_pnttm,ua1_0.mber_ty_code from nemplyrscrtyestbs ua1_0 where ua1_0.scrty_dtrmn_trget_id=?
2026-03-16 17:11:52 [http-nio-8080-exec-10] DEBUG o.s.orm.jpa.JpaTransactionManager - Closing JPA EntityManager [SessionImpl(1111363478<open>)] after transaction
2026-03-16 17:11:52 [http-nio-8080-exec-10] DEBUG c.c.p.s.jwt.JwtAuthenticationFilter - >>> [JwtFilter] Successfully authenticated user: USRCNFRM_99999999999, Authorities: [ROLE_ADMIN]
2026-03-16 17:11:52 [http-nio-8080-exec-10] DEBUG o.s.web.servlet.DispatcherServlet - GET "/api/v1/admin/system/statistics/connect?statsKind=SERVICE", parameters={masked}
2026-03-16 17:11:52 [http-nio-8080-exec-10] DEBUG o.s.w.s.h.SimpleUrlHandlerMapping - Mapped to ResourceHttpRequestHandler [classpath [META-INF/resources/], classpath [resources/], classpath [static/], classpath [public/], ServletContext [/]]
2026-03-16 17:11:52 [http-nio-8080-exec-10] DEBUG o.s.w.s.r.ResourceHttpRequestHandler - Resource not found
2026-03-16 17:11:52 [http-nio-8080-exec-10] DEBUG o.s.w.s.m.m.a.ExceptionHandlerExceptionResolver - Using @ExceptionHandler com.company.project.core.exception.GlobalExceptionHandler#handleException(Exception)
2026-03-16 17:11:52 [http-nio-8080-exec-10] ERROR c.c.p.c.e.GlobalExceptionHandler - >>> Internal Server Error: No static resource api/v1/admin/system/statistics/connect.
org.springframework.web.servlet.resource.NoResourceFoundException: No static resource api/v1/admin/system/statistics/connect.
	at org.springframework.web.servlet.resource.ResourceHttpRequestHandler.handleRequest(ResourceHttpRequestHandler.java:585)
	at org.springframework.web.servlet.mvc.HttpRequestHandlerAdapter.handle(HttpRequestHandlerAdapter.java:52)
	at org.springframework.web.servlet.DispatcherServlet.doDispatch(DispatcherServlet.java:1088)
	at org.springframework.web.servlet.DispatcherServlet.doService(DispatcherServlet.java:978)
	at org.springframework.web.servlet.FrameworkServlet.processRequest(FrameworkServlet.java:1014)
	at org.springframework.web.servlet.FrameworkServlet.doGet(FrameworkServlet.java:903)
	at jakarta.servlet.http.HttpServlet.service(HttpServlet.java:527)
	at org.springframework.web.servlet.FrameworkServlet.service(FrameworkServlet.java:885)
	at jakarta.servlet.http.HttpServlet.service(HttpServlet.java:614)
	at org.apache.catalina.core.ApplicationFilterChain.internalDoFilter(ApplicationFilterChain.java:195)
	at org.apache.catalina.core.ApplicationFilterChain.doFilter(ApplicationFilterChain.java:140)
	at org.apache.tomcat.websocket.server.WsFilter.doFilter(WsFilter.java:51)
	at org.apache.catalina.core.ApplicationFilterChain.internalDoFilter(ApplicationFilterChain.java:164)
	at org.apache.catalina.core.ApplicationFilterChain.doFilter(ApplicationFilterChain.java:140)
	at org.springframework.web.filter.CompositeFilter$VirtualFilterChain.doFilter(CompositeFilter.java:108)
	at org.springframework.security.web.FilterChainProxy.lambda$doFilterInternal$3(FilterChainProxy.java:231)
	at org.springframework.security.web.ObservationFilterChainDecorator$FilterObservation$SimpleFilterObservation.lambda$wrap$1(ObservationFilterChainDecorator.java:479)
	at org.springframework.security.web.ObservationFilterChainDecorator$AroundFilterObservation$SimpleAroundFilterObservation.lambda$wrap$1(ObservationFilterChainDecorator.java:340)
	at org.springframework.security.web.ObservationFilterChainDecorator.lambda$wrapSecured$0(ObservationFilterChainDecorator.java:82)
	at org.springframework.security.web.ObservationFilterChainDecorator$VirtualFilterChain.doFilter(ObservationFilterChainDecorator.java:128)
	at org.springframework.security.web.access.intercept.AuthorizationFilter.doFilter(AuthorizationFilter.java:101)
	at org.springframework.security.web.ObservationFilterChainDecorator$ObservationFilter.wrapFilter(ObservationFilterChainDecorator.java:240)
	at org.springframework.security.web.ObservationFilterChainDecorator$ObservationFilter.doFilter(ObservationFilterChainDecorator.java:227)
	at org.springframework.security.web.ObservationFilterChainDecorator$VirtualFilterChain.doFilter(ObservationFilterChainDecorator.java:137)
	at org.springframework.security.web.access.ExceptionTranslationFilter.doFilter(ExceptionTranslationFilter.java:126)
	at org.springframework.security.web.access.ExceptionTranslationFilter.doFilter(ExceptionTranslationFilter.java:120)
	at org.springframework.security.web.ObservationFilterChainDecorator$ObservationFilter.wrapFilter(ObservationFilterChainDecorator.java:240)
	at org.springframework.security.web.ObservationFilterChainDecorator$ObservationFilter.doFilter(ObservationFilterChainDecorator.java:227)
	at org.springframework.security.web.ObservationFilterChainDecorator$VirtualFilterChain.doFilter(ObservationFilterChainDecorator.java:137)
	at org.springframework.security.web.session.SessionManagementFilter.doFilter(SessionManagementFilter.java:131)
	at org.springframework.security.web.session.SessionManagementFilter.doFilter(SessionManagementFilter.java:85)
	at org.springframework.security.web.ObservationFilterChainDecorator$ObservationFilter.wrapFilter(ObservationFilterChainDecorator.java:240)
	at org.springframework.security.web.ObservationFilterChainDecorator$ObservationFilter.doFilter(ObservationFilterChainDecorator.java:227)
	at org.springframework.security.web.ObservationFilterChainDecorator$VirtualFilterChain.doFilter(ObservationFilterChainDecorator.java:137)
	at org.springframework.security.web.authentication.AnonymousAuthenticationFilter.doFilter(AnonymousAuthenticationFilter.java:100)
	at org.springframework.security.web.ObservationFilterChainDecorator$ObservationFilter.wrapFilter(ObservationFilterChainDecorator.java:240)
	at org.springframework.security.web.ObservationFilterChainDecorator$ObservationFilter.doFilter(ObservationFilterChainDecorator.java:227)
	at org.springframework.security.web.ObservationFilterChainDecorator$VirtualFilterChain.doFilter(ObservationFilterChainDecorator.java:137)
	at org.springframework.security.web.servletapi.SecurityContextHolderAwareRequestFilter.doFilter(SecurityContextHolderAwareRequestFilter.java:179)
	at org.springframework.security.web.ObservationFilterChainDecorator$ObservationFilter.wrapFilter(ObservationFilterChainDecorator.java:240)
	at org.springframework.security.web.ObservationFilterChainDecorator$ObservationFilter.doFilter(ObservationFilterChainDecorator.java:227)
	at org.springframework.security.web.ObservationFilterChainDecorator$VirtualFilterChain.doFilter(ObservationFilterChainDecorator.java:137)
	at org.springframework.security.web.savedrequest.RequestCacheAwareFilter.doFilter(RequestCacheAwareFilter.java:63)
	at org.springframework.security.web.ObservationFilterChainDecorator$ObservationFilter.wrapFilter(ObservationFilterChainDecorator.java:240)
	at org.springframework.security.web.ObservationFilterChainDecorator$ObservationFilter.doFilter(ObservationFilterChainDecorator.java:227)
	at org.springframework.security.web.ObservationFilterChainDecorator$VirtualFilterChain.doFilter(ObservationFilterChainDecorator.java:137)
	at com.company.project.security.jwt.JwtAuthenticationFilter.doFilterInternal(JwtAuthenticationFilter.java:52)
	at org.springframework.web.filter.OncePerRequestFilter.doFilter(OncePerRequestFilter.java:116)
	at org.springframework.security.web.ObservationFilterChainDecorator$ObservationFilter.wrapFilter(ObservationFilterChainDecorator.java:240)
	at org.springframework.security.web.ObservationFilterChainDecorator$ObservationFilter.doFilter(ObservationFilterChainDecorator.java:227)
	at org.springframework.security.web.ObservationFilterChainDecorator$VirtualFilterChain.doFilter(ObservationFilterChainDecorator.java:137)
	at org.springframework.security.web.authentication.logout.LogoutFilter.doFilter(LogoutFilter.java:107)
	at org.springframework.security.web.authentication.logout.LogoutFilter.doFilter(LogoutFilter.java:93)
	at org.springframework.security.web.ObservationFilterChainDecorator$ObservationFilter.wrapFilter(ObservationFilterChainDecorator.java:240)
	at org.springframework.security.web.ObservationFilterChainDecorator$ObservationFilter.doFilter(ObservationFilterChainDecorator.java:227)
	at org.springframework.security.web.ObservationFilterChainDecorator$VirtualFilterChain.doFilter(ObservationFilterChainDecorator.java:137)
	at org.springframework.web.filter.CorsFilter.doFilterInternal(CorsFilter.java:91)
	at org.springframework.web.filter.OncePerRequestFilter.doFilter(OncePerRequestFilter.java:116)
	at org.springframework.security.web.ObservationFilterChainDecorator$ObservationFilter.wrapFilter(ObservationFilterChainDecorator.java:240)
	at org.springframework.security.web.ObservationFilterChainDecorator$ObservationFilter.doFilter(ObservationFilterChainDecorator.java:227)
	at org.springframework.security.web.ObservationFilterChainDecorator$VirtualFilterChain.doFilter(ObservationFilterChainDecorator.java:137)
	at org.springframework.security.web.header.HeaderWriterFilter.doHeadersAfter(HeaderWriterFilter.java:90)
	at org.springframework.security.web.header.HeaderWriterFilter.doFilterInternal(HeaderWriterFilter.java:75)
	at org.springframework.web.filter.OncePerRequestFilter.doFilter(OncePerRequestFilter.java:116)
	at org.springframework.security.web.ObservationFilterChainDecorator$ObservationFilter.wrapFilter(ObservationFilterChainDecorator.java:240)
	at org.springframework.security.web.ObservationFilterChainDecorator$ObservationFilter.doFilter(ObservationFilterChainDecorator.java:227)
	at org.springframework.security.web.ObservationFilterChainDecorator$VirtualFilterChain.doFilter(ObservationFilterChainDecorator.java:137)
	at org.springframework.security.web.context.SecurityContextHolderFilter.doFilter(SecurityContextHolderFilter.java:82)
	at org.springframework.security.web.context.SecurityContextHolderFilter.doFilter(SecurityContextHolderFilter.java:69)
	at org.springframework.security.web.ObservationFilterChainDecorator$ObservationFilter.wrapFilter(ObservationFilterChainDecorator.java:240)
	at org.springframework.security.web.ObservationFilterChainDecorator$ObservationFilter.doFilter(ObservationFilterChainDecorator.java:227)
	at org.springframework.security.web.ObservationFilterChainDecorator$VirtualFilterChain.doFilter(ObservationFilterChainDecorator.java:137)
	at org.springframework.security.web.context.request.async.WebAsyncManagerIntegrationFilter.doFilterInternal(WebAsyncManagerIntegrationFilter.java:62)
	at org.springframework.web.filter.OncePerRequestFilter.doFilter(OncePerRequestFilter.java:116)
	at org.springframework.security.web.ObservationFilterChainDecorator$ObservationFilter.wrapFilter(ObservationFilterChainDecorator.java:240)
	at org.springframework.security.web.ObservationFilterChainDecorator$ObservationFilter.doFilter(ObservationFilterChainDecorator.java:227)
	at org.springframework.security.web.ObservationFilterChainDecorator$VirtualFilterChain.doFilter(ObservationFilterChainDecorator.java:137)
	at org.springframework.security.web.session.DisableEncodeUrlFilter.doFilterInternal(DisableEncodeUrlFilter.java:42)
	at org.springframework.web.filter.OncePerRequestFilter.doFilter(OncePerRequestFilter.java:116)
	at org.springframework.security.web.ObservationFilterChainDecorator$ObservationFilter.wrapFilter(ObservationFilterChainDecorator.java:240)
	at org.springframework.security.web.ObservationFilterChainDecorator$AroundFilterObservation$SimpleAroundFilterObservation.lambda$wrap$0(ObservationFilterChainDecorator.java:323)
	at org.springframework.security.web.ObservationFilterChainDecorator$ObservationFilter.doFilter(ObservationFilterChainDecorator.java:224)
	at org.springframework.security.web.ObservationFilterChainDecorator$VirtualFilterChain.doFilter(ObservationFilterChainDecorator.java:137)
	at org.springframework.security.web.FilterChainProxy.doFilterInternal(FilterChainProxy.java:233)
	at org.springframework.security.web.FilterChainProxy.doFilter(FilterChainProxy.java:191)
	at org.springframework.web.filter.CompositeFilter$VirtualFilterChain.doFilter(CompositeFilter.java:113)
	at org.springframework.web.servlet.handler.HandlerMappingIntrospector.lambda$createCacheFilter$3(HandlerMappingIntrospector.java:243)
	at org.springframework.web.filter.CompositeFilter$VirtualFilterChain.doFilter(CompositeFilter.java:113)
	at org.springframework.web.filter.CompositeFilter.doFilter(CompositeFilter.java:74)
	at org.springframework.security.config.annotation.web.configuration.WebMvcSecurityConfiguration$CompositeFilterChainProxy.doFilter(WebMvcSecurityConfiguration.java:238)
	at org.springframework.web.filter.DelegatingFilterProxy.invokeDelegate(DelegatingFilterProxy.java:362)
	at org.springframework.web.filter.DelegatingFilterProxy.doFilter(DelegatingFilterProxy.java:278)
	at org.apache.catalina.core.ApplicationFilterChain.internalDoFilter(ApplicationFilterChain.java:164)
	at org.apache.catalina.core.ApplicationFilterChain.doFilter(ApplicationFilterChain.java:140)
	at org.springframework.web.filter.RequestContextFilter.doFilterInternal(RequestContextFilter.java:100)
	at org.springframework.web.filter.OncePerRequestFilter.doFilter(OncePerRequestFilter.java:116)
	at org.apache.catalina.core.ApplicationFilterChain.internalDoFilter(ApplicationFilterChain.java:164)
	at org.apache.catalina.core.ApplicationFilterChain.doFilter(ApplicationFilterChain.java:140)
	at org.springframework.web.filter.FormContentFilter.doFilterInternal(FormContentFilter.java:93)
	at org.springframework.web.filter.OncePerRequestFilter.doFilter(OncePerRequestFilter.java:116)
	at org.apache.catalina.core.ApplicationFilterChain.internalDoFilter(ApplicationFilterChain.java:164)
	at org.apache.catalina.core.ApplicationFilterChain.doFilter(ApplicationFilterChain.java:140)
	at org.springframework.web.filter.ServerHttpObservationFilter.doFilterInternal(ServerHttpObservationFilter.java:114)
	at org.springframework.web.filter.OncePerRequestFilter.doFilter(OncePerRequestFilter.java:116)
	at org.apache.catalina.core.ApplicationFilterChain.internalDoFilter(ApplicationFilterChain.java:164)
	at org.apache.catalina.core.ApplicationFilterChain.doFilter(ApplicationFilterChain.java:140)
	at org.springframework.web.filter.CharacterEncodingFilter.doFilterInternal(CharacterEncodingFilter.java:201)
	at org.springframework.web.filter.OncePerRequestFilter.doFilter(OncePerRequestFilter.java:116)
	at org.apache.catalina.core.ApplicationFilterChain.internalDoFilter(ApplicationFilterChain.java:164)
	at org.apache.catalina.core.ApplicationFilterChain.doFilter(ApplicationFilterChain.java:140)
	at org.apache.catalina.core.StandardWrapperValve.invoke(StandardWrapperValve.java:167)
	at org.apache.catalina.core.StandardContextValve.invoke(StandardContextValve.java:90)
	at org.apache.catalina.authenticator.AuthenticatorBase.invoke(AuthenticatorBase.java:483)
	at org.apache.catalina.core.StandardHostValve.invoke(StandardHostValve.java:115)
	at org.apache.catalina.valves.ErrorReportValve.invoke(ErrorReportValve.java:93)
	at org.apache.catalina.core.StandardEngineValve.invoke(StandardEngineValve.java:74)
	at org.apache.catalina.connector.CoyoteAdapter.service(CoyoteAdapter.java:344)
	at org.apache.coyote.http11.Http11Processor.service(Http11Processor.java:397)
	at org.apache.coyote.AbstractProcessorLight.process(AbstractProcessorLight.java:63)
	at org.apache.coyote.AbstractProtocol$ConnectionHandler.process(AbstractProtocol.java:905)
	at org.apache.tomcat.util.net.NioEndpoint$SocketProcessor.doRun(NioEndpoint.java:1741)
	at org.apache.tomcat.util.net.SocketProcessorBase.run(SocketProcessorBase.java:52)
	at org.apache.tomcat.util.threads.ThreadPoolExecutor.runWorker(ThreadPoolExecutor.java:1190)
	at org.apache.tomcat.util.threads.ThreadPoolExecutor$Worker.run(ThreadPoolExecutor.java:659)
	at org.apache.tomcat.util.threads.TaskThread$WrappingRunnable.run(TaskThread.java:63)
	at java.base/java.lang.Thread.run(Thread.java:1583)
2026-03-16 17:11:52 [http-nio-8080-exec-10] DEBUG o.s.w.s.m.m.a.HttpEntityMethodProcessor - Using 'application/json', given [application/json, text/plain, */*] and supported [application/json, application/*+json, application/yaml]
2026-03-16 17:11:52 [http-nio-8080-exec-10] TRACE o.s.w.s.m.m.a.HttpEntityMethodProcessor - Writing [ApiResponse[success=false, status=500, code=C004, message=예기치 않은 서버 오류가 발생했습니다., data=null, timestamp=2026-03-16T17:11:52.581110200]]
2026-03-16 17:11:52 [http-nio-8080-exec-10] DEBUG o.s.w.s.m.m.a.ExceptionHandlerExceptionResolver - Resolved [org.springframework.web.servlet.resource.NoResourceFoundException: No static resource api/v1/admin/system/statistics/connect.]
2026-03-16 17:11:52 [http-nio-8080-exec-10] DEBUG o.s.web.servlet.DispatcherServlet - Completed 500 INTERNAL_SERVER_ERROR
2026-03-16 17:11:52 [http-nio-8080-exec-15] DEBUG o.s.orm.jpa.JpaTransactionManager - Found thread-bound EntityManager [SessionImpl(1290577639<open>)] for JPA transaction
2026-03-16 17:11:52 [http-nio-8080-exec-15] DEBUG o.s.orm.jpa.JpaTransactionManager - Participating in existing transaction
2026-03-16 17:11:52 [http-nio-8080-exec-15] DEBUG org.hibernate.SQL - select ua1_0.scrty_dtrmn_trget_id,ua1_0.author_code,ua1_0.frst_register_id,ua1_0.frst_regist_pnttm,ua1_0.last_updusr_id,ua1_0.last_updt_pnttm,ua1_0.mber_ty_code from nemplyrscrtyestbs ua1_0 where ua1_0.scrty_dtrmn_trget_id=?
2026-03-16 17:11:52 [http-nio-8080-exec-8] DEBUG o.s.orm.jpa.JpaTransactionManager - Initiating transaction commit
2026-03-16 17:11:52 [http-nio-8080-exec-8] DEBUG o.s.orm.jpa.JpaTransactionManager - Committing JPA transaction on EntityManager [SessionImpl(1554189525<open>)]
2026-03-16 17:11:52 [http-nio-8080-exec-15] DEBUG o.s.orm.jpa.JpaTransactionManager - Initiating transaction commit
2026-03-16 17:11:52 [http-nio-8080-exec-15] DEBUG o.s.orm.jpa.JpaTransactionManager - Committing JPA transaction on EntityManager [SessionImpl(1290577639<open>)]
2026-03-16 17:11:52 [http-nio-8080-exec-8] DEBUG o.s.orm.jpa.JpaTransactionManager - Closing JPA EntityManager [SessionImpl(1554189525<open>)] after transaction
2026-03-16 17:11:52 [http-nio-8080-exec-8] DEBUG c.c.p.s.jwt.JwtAuthenticationFilter - >>> [JwtFilter] Successfully authenticated user: USRCNFRM_99999999999, Authorities: [ROLE_ADMIN]
2026-03-16 17:11:52 [http-nio-8080-exec-8] DEBUG o.s.web.servlet.DispatcherServlet - GET "/api/v1/menu/left?menuNo=40", parameters={masked}
2026-03-16 17:11:52 [http-nio-8080-exec-8] TRACE o.s.w.s.m.m.a.RequestMappingHandlerMapping - Mapped to com.company.project.api.controller.menu.MenuController#getLeftMenu(Long)
2026-03-16 17:11:52 [http-nio-8080-exec-8] INFO  c.c.p.a.c.menu.MenuController - getLeftMenu called with menuNo=40
2026-03-16 17:11:52 [http-nio-8080-exec-8] DEBUG o.s.orm.jpa.JpaTransactionManager - Creating new transaction with name [com.company.project.service.menu.MenuService.getSubMenus]: PROPAGATION_REQUIRED,ISOLATION_DEFAULT,readOnly
2026-03-16 17:11:52 [http-nio-8080-exec-8] DEBUG o.s.orm.jpa.JpaTransactionManager - Opened new EntityManager [SessionImpl(181076136<open>)] for JPA transaction
2026-03-16 17:11:52 [http-nio-8080-exec-8] DEBUG o.s.orm.jpa.JpaTransactionManager - Exposing JPA transaction as JDBC [org.springframework.orm.jpa.vendor.HibernateJpaDialect$HibernateConnectionHandle@fcfad4e]
2026-03-16 17:11:52 [http-nio-8080-exec-8] DEBUG org.hibernate.SQL - select m1_0.menu_no,m1_0.menu_dc,m1_0.menu_nm,m1_0.menu_ordr,m1_0.modern_route,m1_0.progrm_file_nm,m1_0.relate_image_nm,m1_0.relate_image_path,m1_0.route_updated_at,m1_0.upper_menu_no from nmenuinfo m1_0 order by m1_0.upper_menu_no,m1_0.menu_ordr
2026-03-16 17:11:52 [http-nio-8080-exec-15] DEBUG o.s.orm.jpa.JpaTransactionManager - Closing JPA EntityManager [SessionImpl(1290577639<open>)] after transaction
2026-03-16 17:11:52 [http-nio-8080-exec-15] DEBUG c.c.p.s.jwt.JwtAuthenticationFilter - >>> [JwtFilter] Successfully authenticated user: USRCNFRM_99999999999, Authorities: [ROLE_ADMIN]
2026-03-16 17:11:52 [http-nio-8080-exec-15] DEBUG o.s.web.servlet.DispatcherServlet - GET "/api/v1/admin/system/statistics/bbs?statsKind=COM101", parameters={masked}
2026-03-16 17:11:52 [http-nio-8080-exec-15] DEBUG o.s.w.s.h.SimpleUrlHandlerMapping - Mapped to ResourceHttpRequestHandler [classpath [META-INF/resources/], classpath [resources/], classpath [static/], classpath [public/], ServletContext [/]]
2026-03-16 17:11:52 [http-nio-8080-exec-15] DEBUG o.s.w.s.r.ResourceHttpRequestHandler - Resource not found
2026-03-16 17:11:52 [http-nio-8080-exec-15] DEBUG o.s.w.s.m.m.a.ExceptionHandlerExceptionResolver - Using @ExceptionHandler com.company.project.core.exception.GlobalExceptionHandler#handleException(Exception)
2026-03-16 17:11:52 [http-nio-8080-exec-15] ERROR c.c.p.c.e.GlobalExceptionHandler - >>> Internal Server Error: No static resource api/v1/admin/system/statistics/bbs.
org.springframework.web.servlet.resource.NoResourceFoundException: No static resource api/v1/admin/system/statistics/bbs.
	at org.springframework.web.servlet.resource.ResourceHttpRequestHandler.handleRequest(ResourceHttpRequestHandler.java:585)
	at org.springframework.web.servlet.mvc.HttpRequestHandlerAdapter.handle(HttpRequestHandlerAdapter.java:52)
	at org.springframework.web.servlet.DispatcherServlet.doDispatch(DispatcherServlet.java:1088)
	at org.springframework.web.servlet.DispatcherServlet.doService(DispatcherServlet.java:978)
	at org.springframework.web.servlet.FrameworkServlet.processRequest(FrameworkServlet.java:1014)
	at org.springframework.web.servlet.FrameworkServlet.doGet(FrameworkServlet.java:903)
	at jakarta.servlet.http.HttpServlet.service(HttpServlet.java:527)
	at org.springframework.web.servlet.FrameworkServlet.service(FrameworkServlet.java:885)
	at jakarta.servlet.http.HttpServlet.service(HttpServlet.java:614)
	at org.apache.catalina.core.ApplicationFilterChain.internalDoFilter(ApplicationFilterChain.java:195)
	at org.apache.catalina.core.ApplicationFilterChain.doFilter(ApplicationFilterChain.java:140)
	at org.apache.tomcat.websocket.server.WsFilter.doFilter(WsFilter.java:51)
	at org.apache.catalina.core.ApplicationFilterChain.internalDoFilter(ApplicationFilterChain.java:164)
	at org.apache.catalina.core.ApplicationFilterChain.doFilter(ApplicationFilterChain.java:140)
	at org.springframework.web.filter.CompositeFilter$VirtualFilterChain.doFilter(CompositeFilter.java:108)
	at org.springframework.security.web.FilterChainProxy.lambda$doFilterInternal$3(FilterChainProxy.java:231)
	at org.springframework.security.web.ObservationFilterChainDecorator$FilterObservation$SimpleFilterObservation.lambda$wrap$1(ObservationFilterChainDecorator.java:479)
	at org.springframework.security.web.ObservationFilterChainDecorator$AroundFilterObservation$SimpleAroundFilterObservation.lambda$wrap$1(ObservationFilterChainDecorator.java:340)
	at org.springframework.security.web.ObservationFilterChainDecorator.lambda$wrapSecured$0(ObservationFilterChainDecorator.java:82)
	at org.springframework.security.web.ObservationFilterChainDecorator$VirtualFilterChain.doFilter(ObservationFilterChainDecorator.java:128)
	at org.springframework.security.web.access.intercept.AuthorizationFilter.doFilter(AuthorizationFilter.java:101)
	at org.springframework.security.web.ObservationFilterChainDecorator$ObservationFilter.wrapFilter(ObservationFilterChainDecorator.java:240)
	at org.springframework.security.web.ObservationFilterChainDecorator$ObservationFilter.doFilter(ObservationFilterChainDecorator.java:227)
	at org.springframework.security.web.ObservationFilterChainDecorator$VirtualFilterChain.doFilter(ObservationFilterChainDecorator.java:137)
	at org.springframework.security.web.access.ExceptionTranslationFilter.doFilter(ExceptionTranslationFilter.java:126)
	at org.springframework.security.web.access.ExceptionTranslationFilter.doFilter(ExceptionTranslationFilter.java:120)
	at org.springframework.security.web.ObservationFilterChainDecorator$ObservationFilter.wrapFilter(ObservationFilterChainDecorator.java:240)
	at org.springframework.security.web.ObservationFilterChainDecorator$ObservationFilter.doFilter(ObservationFilterChainDecorator.java:227)
	at org.springframework.security.web.ObservationFilterChainDecorator$VirtualFilterChain.doFilter(ObservationFilterChainDecorator.java:137)
	at org.springframework.security.web.session.SessionManagementFilter.doFilter(SessionManagementFilter.java:131)
	at org.springframework.security.web.session.SessionManagementFilter.doFilter(SessionManagementFilter.java:85)
	at org.springframework.security.web.ObservationFilterChainDecorator$ObservationFilter.wrapFilter(ObservationFilterChainDecorator.java:240)
	at org.springframework.security.web.ObservationFilterChainDecorator$ObservationFilter.doFilter(ObservationFilterChainDecorator.java:227)
	at org.springframework.security.web.ObservationFilterChainDecorator$VirtualFilterChain.doFilter(ObservationFilterChainDecorator.java:137)
	at org.springframework.security.web.authentication.AnonymousAuthenticationFilter.doFilter(AnonymousAuthenticationFilter.java:100)
	at org.springframework.security.web.ObservationFilterChainDecorator$ObservationFilter.wrapFilter(ObservationFilterChainDecorator.java:240)
	at org.springframework.security.web.ObservationFilterChainDecorator$ObservationFilter.doFilter(ObservationFilterChainDecorator.java:227)
	at org.springframework.security.web.ObservationFilterChainDecorator$VirtualFilterChain.doFilter(ObservationFilterChainDecorator.java:137)
	at org.springframework.security.web.servletapi.SecurityContextHolderAwareRequestFilter.doFilter(SecurityContextHolderAwareRequestFilter.java:179)
	at org.springframework.security.web.ObservationFilterChainDecorator$ObservationFilter.wrapFilter(ObservationFilterChainDecorator.java:240)
	at org.springframework.security.web.ObservationFilterChainDecorator$ObservationFilter.doFilter(ObservationFilterChainDecorator.java:227)
	at org.springframework.security.web.ObservationFilterChainDecorator$VirtualFilterChain.doFilter(ObservationFilterChainDecorator.java:137)
	at org.springframework.security.web.savedrequest.RequestCacheAwareFilter.doFilter(RequestCacheAwareFilter.java:63)
	at org.springframework.security.web.ObservationFilterChainDecorator$ObservationFilter.wrapFilter(ObservationFilterChainDecorator.java:240)
	at org.springframework.security.web.ObservationFilterChainDecorator$ObservationFilter.doFilter(ObservationFilterChainDecorator.java:227)
	at org.springframework.security.web.ObservationFilterChainDecorator$VirtualFilterChain.doFilter(ObservationFilterChainDecorator.java:137)
	at com.company.project.security.jwt.JwtAuthenticationFilter.doFilterInternal(JwtAuthenticationFilter.java:52)
	at org.springframework.web.filter.OncePerRequestFilter.doFilter(OncePerRequestFilter.java:116)
	at org.springframework.security.web.ObservationFilterChainDecorator$ObservationFilter.wrapFilter(ObservationFilterChainDecorator.java:240)
	at org.springframework.security.web.ObservationFilterChainDecorator$ObservationFilter.doFilter(ObservationFilterChainDecorator.java:227)
	at org.springframework.security.web.ObservationFilterChainDecorator$VirtualFilterChain.doFilter(ObservationFilterChainDecorator.java:137)
	at org.springframework.security.web.authentication.logout.LogoutFilter.doFilter(LogoutFilter.java:107)
	at org.springframework.security.web.authentication.logout.LogoutFilter.doFilter(LogoutFilter.java:93)
	at org.springframework.security.web.ObservationFilterChainDecorator$ObservationFilter.wrapFilter(ObservationFilterChainDecorator.java:240)
	at org.springframework.security.web.ObservationFilterChainDecorator$ObservationFilter.doFilter(ObservationFilterChainDecorator.java:227)
	at org.springframework.security.web.ObservationFilterChainDecorator$VirtualFilterChain.doFilter(ObservationFilterChainDecorator.java:137)
	at org.springframework.web.filter.CorsFilter.doFilterInternal(CorsFilter.java:91)
	at org.springframework.web.filter.OncePerRequestFilter.doFilter(OncePerRequestFilter.java:116)
	at org.springframework.security.web.ObservationFilterChainDecorator$ObservationFilter.wrapFilter(ObservationFilterChainDecorator.java:240)
	at org.springframework.security.web.ObservationFilterChainDecorator$ObservationFilter.doFilter(ObservationFilterChainDecorator.java:227)
	at org.springframework.security.web.ObservationFilterChainDecorator$VirtualFilterChain.doFilter(ObservationFilterChainDecorator.java:137)
	at org.springframework.security.web.header.HeaderWriterFilter.doHeadersAfter(HeaderWriterFilter.java:90)
	at org.springframework.security.web.header.HeaderWriterFilter.doFilterInternal(HeaderWriterFilter.java:75)
	at org.springframework.web.filter.OncePerRequestFilter.doFilter(OncePerRequestFilter.java:116)
	at org.springframework.security.web.ObservationFilterChainDecorator$ObservationFilter.wrapFilter(ObservationFilterChainDecorator.java:240)
	at org.springframework.security.web.ObservationFilterChainDecorator$ObservationFilter.doFilter(ObservationFilterChainDecorator.java:227)
	at org.springframework.security.web.ObservationFilterChainDecorator$VirtualFilterChain.doFilter(ObservationFilterChainDecorator.java:137)
	at org.springframework.security.web.context.SecurityContextHolderFilter.doFilter(SecurityContextHolderFilter.java:82)
	at org.springframework.security.web.context.SecurityContextHolderFilter.doFilter(SecurityContextHolderFilter.java:69)
	at org.springframework.security.web.ObservationFilterChainDecorator$ObservationFilter.wrapFilter(ObservationFilterChainDecorator.java:240)
	at org.springframework.security.web.ObservationFilterChainDecorator$ObservationFilter.doFilter(ObservationFilterChainDecorator.java:227)
	at org.springframework.security.web.ObservationFilterChainDecorator$VirtualFilterChain.doFilter(ObservationFilterChainDecorator.java:137)
	at org.springframework.security.web.context.request.async.WebAsyncManagerIntegrationFilter.doFilterInternal(WebAsyncManagerIntegrationFilter.java:62)
	at org.springframework.web.filter.OncePerRequestFilter.doFilter(OncePerRequestFilter.java:116)
	at org.springframework.security.web.ObservationFilterChainDecorator$ObservationFilter.wrapFilter(ObservationFilterChainDecorator.java:240)
	at org.springframework.security.web.ObservationFilterChainDecorator$ObservationFilter.doFilter(ObservationFilterChainDecorator.java:227)
	at org.springframework.security.web.ObservationFilterChainDecorator$VirtualFilterChain.doFilter(ObservationFilterChainDecorator.java:137)
	at org.springframework.security.web.session.DisableEncodeUrlFilter.doFilterInternal(DisableEncodeUrlFilter.java:42)
	at org.springframework.web.filter.OncePerRequestFilter.doFilter(OncePerRequestFilter.java:116)
	at org.springframework.security.web.ObservationFilterChainDecorator$ObservationFilter.wrapFilter(ObservationFilterChainDecorator.java:240)
	at org.springframework.security.web.ObservationFilterChainDecorator$AroundFilterObservation$SimpleAroundFilterObservation.lambda$wrap$0(ObservationFilterChainDecorator.java:323)
	at org.springframework.security.web.ObservationFilterChainDecorator$ObservationFilter.doFilter(ObservationFilterChainDecorator.java:224)
	at org.springframework.security.web.ObservationFilterChainDecorator$VirtualFilterChain.doFilter(ObservationFilterChainDecorator.java:137)
	at org.springframework.security.web.FilterChainProxy.doFilterInternal(FilterChainProxy.java:233)
	at org.springframework.security.web.FilterChainProxy.doFilter(FilterChainProxy.java:191)
	at org.springframework.web.filter.CompositeFilter$VirtualFilterChain.doFilter(CompositeFilter.java:113)
	at org.springframework.web.servlet.handler.HandlerMappingIntrospector.lambda$createCacheFilter$3(HandlerMappingIntrospector.java:243)
	at org.springframework.web.filter.CompositeFilter$VirtualFilterChain.doFilter(CompositeFilter.java:113)
	at org.springframework.web.filter.CompositeFilter.doFilter(CompositeFilter.java:74)
	at org.springframework.security.config.annotation.web.configuration.WebMvcSecurityConfiguration$CompositeFilterChainProxy.doFilter(WebMvcSecurityConfiguration.java:238)
	at org.springframework.web.filter.DelegatingFilterProxy.invokeDelegate(DelegatingFilterProxy.java:362)
	at org.springframework.web.filter.DelegatingFilterProxy.doFilter(DelegatingFilterProxy.java:278)
	at org.apache.catalina.core.ApplicationFilterChain.internalDoFilter(ApplicationFilterChain.java:164)
	at org.apache.catalina.core.ApplicationFilterChain.doFilter(ApplicationFilterChain.java:140)
	at org.springframework.web.filter.RequestContextFilter.doFilterInternal(RequestContextFilter.java:100)
	at org.springframework.web.filter.OncePerRequestFilter.doFilter(OncePerRequestFilter.java:116)
	at org.apache.catalina.core.ApplicationFilterChain.internalDoFilter(ApplicationFilterChain.java:164)
	at org.apache.catalina.core.ApplicationFilterChain.doFilter(ApplicationFilterChain.java:140)
	at org.springframework.web.filter.FormContentFilter.doFilterInternal(FormContentFilter.java:93)
	at org.springframework.web.filter.OncePerRequestFilter.doFilter(OncePerRequestFilter.java:116)
	at org.apache.catalina.core.ApplicationFilterChain.internalDoFilter(ApplicationFilterChain.java:164)
	at org.apache.catalina.core.ApplicationFilterChain.doFilter(ApplicationFilterChain.java:140)
	at org.springframework.web.filter.ServerHttpObservationFilter.doFilterInternal(ServerHttpObservationFilter.java:114)
	at org.springframework.web.filter.OncePerRequestFilter.doFilter(OncePerRequestFilter.java:116)
	at org.apache.catalina.core.ApplicationFilterChain.internalDoFilter(ApplicationFilterChain.java:164)
	at org.apache.catalina.core.ApplicationFilterChain.doFilter(ApplicationFilterChain.java:140)
	at org.springframework.web.filter.CharacterEncodingFilter.doFilterInternal(CharacterEncodingFilter.java:201)
	at org.springframework.web.filter.OncePerRequestFilter.doFilter(OncePerRequestFilter.java:116)
	at org.apache.catalina.core.ApplicationFilterChain.internalDoFilter(ApplicationFilterChain.java:164)
	at org.apache.catalina.core.ApplicationFilterChain.doFilter(ApplicationFilterChain.java:140)
	at org.apache.catalina.core.StandardWrapperValve.invoke(StandardWrapperValve.java:167)
	at org.apache.catalina.core.StandardContextValve.invoke(StandardContextValve.java:90)
	at org.apache.catalina.authenticator.AuthenticatorBase.invoke(AuthenticatorBase.java:483)
	at org.apache.catalina.core.StandardHostValve.invoke(StandardHostValve.java:115)
	at org.apache.catalina.valves.ErrorReportValve.invoke(ErrorReportValve.java:93)
	at org.apache.catalina.core.StandardEngineValve.invoke(StandardEngineValve.java:74)
	at org.apache.catalina.connector.CoyoteAdapter.service(CoyoteAdapter.java:344)
	at org.apache.coyote.http11.Http11Processor.service(Http11Processor.java:397)
	at org.apache.coyote.AbstractProcessorLight.process(AbstractProcessorLight.java:63)
	at org.apache.coyote.AbstractProtocol$ConnectionHandler.process(AbstractProtocol.java:905)
	at org.apache.tomcat.util.net.NioEndpoint$SocketProcessor.doRun(NioEndpoint.java:1741)
	at org.apache.tomcat.util.net.SocketProcessorBase.run(SocketProcessorBase.java:52)
	at org.apache.tomcat.util.threads.ThreadPoolExecutor.runWorker(ThreadPoolExecutor.java:1190)
	at org.apache.tomcat.util.threads.ThreadPoolExecutor$Worker.run(ThreadPoolExecutor.java:659)
	at org.apache.tomcat.util.threads.TaskThread$WrappingRunnable.run(TaskThread.java:63)
	at java.base/java.lang.Thread.run(Thread.java:1583)
2026-03-16 17:11:52 [http-nio-8080-exec-15] DEBUG o.s.w.s.m.m.a.HttpEntityMethodProcessor - Using 'application/json', given [application/json, text/plain, */*] and supported [application/json, application/*+json, application/yaml]
2026-03-16 17:11:52 [http-nio-8080-exec-15] TRACE o.s.w.s.m.m.a.HttpEntityMethodProcessor - Writing [ApiResponse[success=false, status=500, code=C004, message=예기치 않은 서버 오류가 발생했습니다., data=null, timestamp=2026-03-16T17:11:52.954199900]]
2026-03-16 17:11:52 [http-nio-8080-exec-15] DEBUG o.s.w.s.m.m.a.ExceptionHandlerExceptionResolver - Resolved [org.springframework.web.servlet.resource.NoResourceFoundException: No static resource api/v1/admin/system/statistics/bbs.]
2026-03-16 17:11:52 [http-nio-8080-exec-15] DEBUG o.s.web.servlet.DispatcherServlet - Completed 500 INTERNAL_SERVER_ERROR
2026-03-16 17:11:53 [http-nio-8080-exec-8] DEBUG o.s.orm.jpa.JpaTransactionManager - Found thread-bound EntityManager [SessionImpl(181076136<open>)] for JPA transaction
2026-03-16 17:11:53 [http-nio-8080-exec-8] DEBUG o.s.orm.jpa.JpaTransactionManager - Participating in existing transaction
2026-03-16 17:11:53 [http-nio-8080-exec-8] DEBUG org.hibernate.SQL - select p1_0.progrm_file_nm,p1_0.progrm_dc,p1_0.progrm_korean_nm,p1_0.progrm_stre_path,p1_0.url from nprogrmlist p1_0
2026-03-16 17:11:53 [http-nio-8080-exec-8] DEBUG o.s.orm.jpa.JpaTransactionManager - Initiating transaction commit
2026-03-16 17:11:53 [http-nio-8080-exec-8] DEBUG o.s.orm.jpa.JpaTransactionManager - Committing JPA transaction on EntityManager [SessionImpl(181076136<open>)]
2026-03-16 17:11:53 [http-nio-8080-exec-8] DEBUG o.s.orm.jpa.JpaTransactionManager - Closing JPA EntityManager [SessionImpl(181076136<open>)] after transaction
2026-03-16 17:11:53 [http-nio-8080-exec-8] INFO  c.c.p.a.c.menu.MenuController - getLeftMenu returned 2 items
2026-03-16 17:11:53 [http-nio-8080-exec-8] DEBUG o.s.w.s.m.m.a.HttpEntityMethodProcessor - Using 'application/json', given [application/json, text/plain, */*] and supported [application/json, application/*+json, application/yaml]
2026-03-16 17:11:53 [http-nio-8080-exec-8] TRACE o.s.w.s.m.m.a.HttpEntityMethodProcessor - Writing [ApiResponse[success=true, status=200, code=COMMON_001, message=Success, data={list=[com.company.project.service.menu.dto.MenuDto@39fcf223, com.company.project.service.menu.dto.MenuDto@5669426a]}, timestamp=2026-03-16T17:11:53.468689200]]
2026-03-16 17:11:53 [http-nio-8080-exec-8] INFO  c.c.p.a.i.OperationalAuditInterceptor - API Audit Log: URL=/api/v1/menu/left, User=webmaster, IP=127.0.0.1
2026-03-16 17:11:53 [http-nio-8080-exec-8] DEBUG o.s.web.servlet.DispatcherServlet - Completed 200 OK
2026-03-16 17:11:53 [http-nio-8080-exec-17] DEBUG c.c.p.s.jwt.JwtAuthenticationFilter - >>> [JwtFilter] Processing request: GET /api/v1/menu/left
2026-03-16 17:11:53 [http-nio-8080-exec-17] DEBUG c.c.p.s.jwt.JwtAuthenticationFilter - >>> [JwtFilter] Found token in header for path: /api/v1/menu/left
2026-03-16 17:11:53 [http-nio-8080-exec-17] DEBUG o.s.orm.jpa.JpaTransactionManager - Creating new transaction with name [com.company.project.security.iam.CustomUserDetailsService.loadUserByUsername]: PROPAGATION_REQUIRED,ISOLATION_DEFAULT,readOnly
2026-03-16 17:11:53 [http-nio-8080-exec-17] DEBUG o.s.orm.jpa.JpaTransactionManager - Opened new EntityManager [SessionImpl(1931657347<open>)] for JPA transaction
2026-03-16 17:11:53 [http-nio-8080-exec-17] DEBUG o.s.orm.jpa.JpaTransactionManager - Exposing JPA transaction as JDBC [org.springframework.orm.jpa.vendor.HibernateJpaDialect$HibernateConnectionHandle@26370f5c]
2026-03-16 17:11:53 [http-nio-8080-exec-17] DEBUG o.s.orm.jpa.JpaTransactionManager - Found thread-bound EntityManager [SessionImpl(1931657347<open>)] for JPA transaction
2026-03-16 17:11:53 [http-nio-8080-exec-17] DEBUG o.s.orm.jpa.JpaTransactionManager - Participating in existing transaction
2026-03-16 17:11:53 [http-nio-8080-exec-17] DEBUG org.hibernate.SQL - select u1_0.emplyr_id,u1_0.area_no,u1_0.brthdy,u1_0.chg_pwd_cnt,u1_0.frst_register_id,u1_0.frst_regist_pnttm,u1_0.detail_adres,u1_0.email_adres,u1_0.emplyr_sttus_code,u1_0.empl_no,u1_0.esntl_id,u1_0.fxnum,u1_0.group_id,u1_0.house_adres,u1_0.house_end_telno,u1_0.house_middle_telno,u1_0.ihidnum,u1_0.pstinst_code,u1_0.last_updusr_id,u1_0.last_updt_pnttm,u1_0.lock_at,u1_0.lock_cnt,u1_0.lock_last_pnttm,u1_0.mbtlnum,u1_0.ofcps_nm,u1_0.offm_telno,u1_0.orgnzt_id,u1_0.password,u1_0.password_cnsr,u1_0.password_hint,u1_0.chg_pwd_last_pnttm,u1_0.role,u1_0.sbscrb_de,u1_0.sexdstn_code,u1_0.crtfc_dn_value,u1_0.user_nm,u1_0.zip from nemplyrinfo u1_0 where u1_0.emplyr_id=?
2026-03-16 17:11:53 [http-nio-8080-exec-17] DEBUG o.s.orm.jpa.JpaTransactionManager - Found thread-bound EntityManager [SessionImpl(1931657347<open>)] for JPA transaction
2026-03-16 17:11:53 [http-nio-8080-exec-17] DEBUG o.s.orm.jpa.JpaTransactionManager - Participating in existing transaction
2026-03-16 17:11:53 [http-nio-8080-exec-17] DEBUG org.hibernate.SQL - select ua1_0.scrty_dtrmn_trget_id,ua1_0.author_code,ua1_0.frst_register_id,ua1_0.frst_regist_pnttm,ua1_0.last_updusr_id,ua1_0.last_updt_pnttm,ua1_0.mber_ty_code from nemplyrscrtyestbs ua1_0 where ua1_0.scrty_dtrmn_trget_id=?
2026-03-16 17:11:53 [http-nio-8080-exec-17] DEBUG o.s.orm.jpa.JpaTransactionManager - Initiating transaction commit
2026-03-16 17:11:53 [http-nio-8080-exec-17] DEBUG o.s.orm.jpa.JpaTransactionManager - Committing JPA transaction on EntityManager [SessionImpl(1931657347<open>)]
2026-03-16 17:11:54 [http-nio-8080-exec-17] DEBUG o.s.orm.jpa.JpaTransactionManager - Closing JPA EntityManager [SessionImpl(1931657347<open>)] after transaction
2026-03-16 17:11:54 [http-nio-8080-exec-17] DEBUG c.c.p.s.jwt.JwtAuthenticationFilter - >>> [JwtFilter] Successfully authenticated user: USRCNFRM_99999999999, Authorities: [ROLE_ADMIN]
2026-03-16 17:11:54 [http-nio-8080-exec-17] DEBUG o.s.web.servlet.DispatcherServlet - GET "/api/v1/menu/left?menuNo=50", parameters={masked}
2026-03-16 17:11:54 [http-nio-8080-exec-17] TRACE o.s.w.s.m.m.a.RequestMappingHandlerMapping - Mapped to com.company.project.api.controller.menu.MenuController#getLeftMenu(Long)
2026-03-16 17:11:54 [http-nio-8080-exec-17] INFO  c.c.p.a.c.menu.MenuController - getLeftMenu called with menuNo=50
2026-03-16 17:11:54 [http-nio-8080-exec-17] DEBUG o.s.orm.jpa.JpaTransactionManager - Creating new transaction with name [com.company.project.service.menu.MenuService.getSubMenus]: PROPAGATION_REQUIRED,ISOLATION_DEFAULT,readOnly
2026-03-16 17:11:54 [http-nio-8080-exec-17] DEBUG o.s.orm.jpa.JpaTransactionManager - Opened new EntityManager [SessionImpl(264908367<open>)] for JPA transaction
2026-03-16 17:11:54 [http-nio-8080-exec-17] DEBUG o.s.orm.jpa.JpaTransactionManager - Exposing JPA transaction as JDBC [org.springframework.orm.jpa.vendor.HibernateJpaDialect$HibernateConnectionHandle@420f3262]
2026-03-16 17:11:54 [http-nio-8080-exec-17] DEBUG org.hibernate.SQL - select m1_0.menu_no,m1_0.menu_dc,m1_0.menu_nm,m1_0.menu_ordr,m1_0.modern_route,m1_0.progrm_file_nm,m1_0.relate_image_nm,m1_0.relate_image_path,m1_0.route_updated_at,m1_0.upper_menu_no from nmenuinfo m1_0 order by m1_0.upper_menu_no,m1_0.menu_ordr
2026-03-16 17:11:54 [http-nio-8080-exec-17] DEBUG o.s.orm.jpa.JpaTransactionManager - Found thread-bound EntityManager [SessionImpl(264908367<open>)] for JPA transaction
2026-03-16 17:11:54 [http-nio-8080-exec-17] DEBUG o.s.orm.jpa.JpaTransactionManager - Participating in existing transaction
2026-03-16 17:11:54 [http-nio-8080-exec-17] DEBUG org.hibernate.SQL - select p1_0.progrm_file_nm,p1_0.progrm_dc,p1_0.progrm_korean_nm,p1_0.progrm_stre_path,p1_0.url from nprogrmlist p1_0
2026-03-16 17:11:54 [http-nio-8080-exec-17] DEBUG o.s.orm.jpa.JpaTransactionManager - Initiating transaction commit
2026-03-16 17:11:54 [http-nio-8080-exec-17] DEBUG o.s.orm.jpa.JpaTransactionManager - Committing JPA transaction on EntityManager [SessionImpl(264908367<open>)]
2026-03-16 17:11:54 [http-nio-8080-exec-17] DEBUG o.s.orm.jpa.JpaTransactionManager - Closing JPA EntityManager [SessionImpl(264908367<open>)] after transaction
2026-03-16 17:11:54 [http-nio-8080-exec-17] INFO  c.c.p.a.c.menu.MenuController - getLeftMenu returned 3 items
2026-03-16 17:11:54 [http-nio-8080-exec-17] DEBUG o.s.w.s.m.m.a.HttpEntityMethodProcessor - Using 'application/json', given [application/json, text/plain, */*] and supported [application/json, application/*+json, application/yaml]
2026-03-16 17:11:54 [http-nio-8080-exec-17] TRACE o.s.w.s.m.m.a.HttpEntityMethodProcessor - Writing [ApiResponse[success=true, status=200, code=COMMON_001, message=Success, data={list=[com.company.project.service.menu.dto.MenuDto@20d064c4, com.company.project.service.menu.dto.MenuDto@5f269818, com.company.project.service.menu.dto.MenuDto@26c9c729]}, timestamp=2026-03-16T17:11:54.744183]]
2026-03-16 17:11:54 [http-nio-8080-exec-17] INFO  c.c.p.a.i.OperationalAuditInterceptor - API Audit Log: URL=/api/v1/menu/left, User=webmaster, IP=127.0.0.1
2026-03-16 17:11:54 [http-nio-8080-exec-17] DEBUG o.s.web.servlet.DispatcherServlet - Completed 200 OK
2026-03-16 17:11:54 [http-nio-8080-exec-10] DEBUG c.c.p.s.jwt.JwtAuthenticationFilter - >>> [JwtFilter] Processing request: GET /api/v1/menu/left
2026-03-16 17:11:54 [http-nio-8080-exec-10] DEBUG c.c.p.s.jwt.JwtAuthenticationFilter - >>> [JwtFilter] Found token in header for path: /api/v1/menu/left
2026-03-16 17:11:54 [http-nio-8080-exec-10] DEBUG o.s.orm.jpa.JpaTransactionManager - Creating new transaction with name [com.company.project.security.iam.CustomUserDetailsService.loadUserByUsername]: PROPAGATION_REQUIRED,ISOLATION_DEFAULT,readOnly
2026-03-16 17:11:54 [http-nio-8080-exec-10] DEBUG o.s.orm.jpa.JpaTransactionManager - Opened new EntityManager [SessionImpl(147264015<open>)] for JPA transaction
2026-03-16 17:11:54 [http-nio-8080-exec-10] DEBUG o.s.orm.jpa.JpaTransactionManager - Exposing JPA transaction as JDBC [org.springframework.orm.jpa.vendor.HibernateJpaDialect$HibernateConnectionHandle@6ce40371]
2026-03-16 17:11:54 [http-nio-8080-exec-10] DEBUG o.s.orm.jpa.JpaTransactionManager - Found thread-bound EntityManager [SessionImpl(147264015<open>)] for JPA transaction
2026-03-16 17:11:54 [http-nio-8080-exec-10] DEBUG o.s.orm.jpa.JpaTransactionManager - Participating in existing transaction
2026-03-16 17:11:54 [http-nio-8080-exec-10] DEBUG org.hibernate.SQL - select u1_0.emplyr_id,u1_0.area_no,u1_0.brthdy,u1_0.chg_pwd_cnt,u1_0.frst_register_id,u1_0.frst_regist_pnttm,u1_0.detail_adres,u1_0.email_adres,u1_0.emplyr_sttus_code,u1_0.empl_no,u1_0.esntl_id,u1_0.fxnum,u1_0.group_id,u1_0.house_adres,u1_0.house_end_telno,u1_0.house_middle_telno,u1_0.ihidnum,u1_0.pstinst_code,u1_0.last_updusr_id,u1_0.last_updt_pnttm,u1_0.lock_at,u1_0.lock_cnt,u1_0.lock_last_pnttm,u1_0.mbtlnum,u1_0.ofcps_nm,u1_0.offm_telno,u1_0.orgnzt_id,u1_0.password,u1_0.password_cnsr,u1_0.password_hint,u1_0.chg_pwd_last_pnttm,u1_0.role,u1_0.sbscrb_de,u1_0.sexdstn_code,u1_0.crtfc_dn_value,u1_0.user_nm,u1_0.zip from nemplyrinfo u1_0 where u1_0.emplyr_id=?
2026-03-16 17:11:55 [http-nio-8080-exec-10] DEBUG o.s.orm.jpa.JpaTransactionManager - Found thread-bound EntityManager [SessionImpl(147264015<open>)] for JPA transaction
2026-03-16 17:11:55 [http-nio-8080-exec-10] DEBUG o.s.orm.jpa.JpaTransactionManager - Participating in existing transaction
2026-03-16 17:11:55 [http-nio-8080-exec-10] DEBUG org.hibernate.SQL - select ua1_0.scrty_dtrmn_trget_id,ua1_0.author_code,ua1_0.frst_register_id,ua1_0.frst_regist_pnttm,ua1_0.last_updusr_id,ua1_0.last_updt_pnttm,ua1_0.mber_ty_code from nemplyrscrtyestbs ua1_0 where ua1_0.scrty_dtrmn_trget_id=?
2026-03-16 17:11:55 [http-nio-8080-exec-10] DEBUG o.s.orm.jpa.JpaTransactionManager - Initiating transaction commit
2026-03-16 17:11:55 [http-nio-8080-exec-10] DEBUG o.s.orm.jpa.JpaTransactionManager - Committing JPA transaction on EntityManager [SessionImpl(147264015<open>)]
2026-03-16 17:11:55 [http-nio-8080-exec-10] DEBUG o.s.orm.jpa.JpaTransactionManager - Closing JPA EntityManager [SessionImpl(147264015<open>)] after transaction
2026-03-16 17:11:55 [http-nio-8080-exec-10] DEBUG c.c.p.s.jwt.JwtAuthenticationFilter - >>> [JwtFilter] Successfully authenticated user: USRCNFRM_99999999999, Authorities: [ROLE_ADMIN]
2026-03-16 17:11:55 [http-nio-8080-exec-10] DEBUG o.s.web.servlet.DispatcherServlet - GET "/api/v1/menu/left?menuNo=60", parameters={masked}
2026-03-16 17:11:55 [http-nio-8080-exec-10] TRACE o.s.w.s.m.m.a.RequestMappingHandlerMapping - Mapped to com.company.project.api.controller.menu.MenuController#getLeftMenu(Long)
2026-03-16 17:11:55 [http-nio-8080-exec-10] INFO  c.c.p.a.c.menu.MenuController - getLeftMenu called with menuNo=60
2026-03-16 17:11:55 [http-nio-8080-exec-10] DEBUG o.s.orm.jpa.JpaTransactionManager - Creating new transaction with name [com.company.project.service.menu.MenuService.getSubMenus]: PROPAGATION_REQUIRED,ISOLATION_DEFAULT,readOnly
2026-03-16 17:11:55 [http-nio-8080-exec-10] DEBUG o.s.orm.jpa.JpaTransactionManager - Opened new EntityManager [SessionImpl(626205365<open>)] for JPA transaction
2026-03-16 17:11:55 [http-nio-8080-exec-10] DEBUG o.s.orm.jpa.JpaTransactionManager - Exposing JPA transaction as JDBC [org.springframework.orm.jpa.vendor.HibernateJpaDialect$HibernateConnectionHandle@50693166]
2026-03-16 17:11:55 [http-nio-8080-exec-10] DEBUG org.hibernate.SQL - select m1_0.menu_no,m1_0.menu_dc,m1_0.menu_nm,m1_0.menu_ordr,m1_0.modern_route,m1_0.progrm_file_nm,m1_0.relate_image_nm,m1_0.relate_image_path,m1_0.route_updated_at,m1_0.upper_menu_no from nmenuinfo m1_0 order by m1_0.upper_menu_no,m1_0.menu_ordr
2026-03-16 17:11:55 [http-nio-8080-exec-10] DEBUG o.s.orm.jpa.JpaTransactionManager - Found thread-bound EntityManager [SessionImpl(626205365<open>)] for JPA transaction
2026-03-16 17:11:55 [http-nio-8080-exec-10] DEBUG o.s.orm.jpa.JpaTransactionManager - Participating in existing transaction
2026-03-16 17:11:55 [http-nio-8080-exec-10] DEBUG org.hibernate.SQL - select p1_0.progrm_file_nm,p1_0.progrm_dc,p1_0.progrm_korean_nm,p1_0.progrm_stre_path,p1_0.url from nprogrmlist p1_0
2026-03-16 17:11:55 [http-nio-8080-exec-10] DEBUG o.s.orm.jpa.JpaTransactionManager - Initiating transaction commit
2026-03-16 17:11:55 [http-nio-8080-exec-10] DEBUG o.s.orm.jpa.JpaTransactionManager - Committing JPA transaction on EntityManager [SessionImpl(626205365<open>)]
2026-03-16 17:11:56 [http-nio-8080-exec-10] DEBUG o.s.orm.jpa.JpaTransactionManager - Closing JPA EntityManager [SessionImpl(626205365<open>)] after transaction
2026-03-16 17:11:56 [http-nio-8080-exec-10] INFO  c.c.p.a.c.menu.MenuController - getLeftMenu returned 1 items
2026-03-16 17:11:56 [http-nio-8080-exec-10] DEBUG o.s.w.s.m.m.a.HttpEntityMethodProcessor - Using 'application/json', given [application/json, text/plain, */*] and supported [application/json, application/*+json, application/yaml]
2026-03-16 17:11:56 [http-nio-8080-exec-10] TRACE o.s.w.s.m.m.a.HttpEntityMethodProcessor - Writing [ApiResponse[success=true, status=200, code=COMMON_001, message=Success, data={list=[com.company.project.service.menu.dto.MenuDto@7447d04a]}, timestamp=2026-03-16T17:11:56.016057700]]
2026-03-16 17:11:56 [http-nio-8080-exec-10] INFO  c.c.p.a.i.OperationalAuditInterceptor - API Audit Log: URL=/api/v1/menu/left, User=webmaster, IP=127.0.0.1
2026-03-16 17:11:56 [http-nio-8080-exec-10] DEBUG o.s.web.servlet.DispatcherServlet - Completed 200 OK
2026-03-16 17:11:56 [MessageBroker-8] DEBUG o.s.w.s.s.t.h.DefaultSockJsService - Closed 1 sessions: [aqdp154t]
2026-03-16 17:12:00 [http-nio-8080-exec-15] DEBUG c.c.p.s.jwt.JwtAuthenticationFilter - >>> [JwtFilter] Processing request: GET /api/v1/menu/head
2026-03-16 17:12:00 [http-nio-8080-exec-15] DEBUG c.c.p.s.jwt.JwtAuthenticationFilter - >>> [JwtFilter] Found token in header for path: /api/v1/menu/head
2026-03-16 17:12:00 [http-nio-8080-exec-15] DEBUG o.s.orm.jpa.JpaTransactionManager - Creating new transaction with name [com.company.project.security.iam.CustomUserDetailsService.loadUserByUsername]: PROPAGATION_REQUIRED,ISOLATION_DEFAULT,readOnly
2026-03-16 17:12:00 [http-nio-8080-exec-15] DEBUG o.s.orm.jpa.JpaTransactionManager - Opened new EntityManager [SessionImpl(117959071<open>)] for JPA transaction
2026-03-16 17:12:00 [http-nio-8080-exec-15] DEBUG o.s.orm.jpa.JpaTransactionManager - Exposing JPA transaction as JDBC [org.springframework.orm.jpa.vendor.HibernateJpaDialect$HibernateConnectionHandle@3775173a]
2026-03-16 17:12:00 [http-nio-8080-exec-15] DEBUG o.s.orm.jpa.JpaTransactionManager - Found thread-bound EntityManager [SessionImpl(117959071<open>)] for JPA transaction
2026-03-16 17:12:00 [http-nio-8080-exec-15] DEBUG o.s.orm.jpa.JpaTransactionManager - Participating in existing transaction
2026-03-16 17:12:00 [http-nio-8080-exec-15] DEBUG org.hibernate.SQL - select u1_0.emplyr_id,u1_0.area_no,u1_0.brthdy,u1_0.chg_pwd_cnt,u1_0.frst_register_id,u1_0.frst_regist_pnttm,u1_0.detail_adres,u1_0.email_adres,u1_0.emplyr_sttus_code,u1_0.empl_no,u1_0.esntl_id,u1_0.fxnum,u1_0.group_id,u1_0.house_adres,u1_0.house_end_telno,u1_0.house_middle_telno,u1_0.ihidnum,u1_0.pstinst_code,u1_0.last_updusr_id,u1_0.last_updt_pnttm,u1_0.lock_at,u1_0.lock_cnt,u1_0.lock_last_pnttm,u1_0.mbtlnum,u1_0.ofcps_nm,u1_0.offm_telno,u1_0.orgnzt_id,u1_0.password,u1_0.password_cnsr,u1_0.password_hint,u1_0.chg_pwd_last_pnttm,u1_0.role,u1_0.sbscrb_de,u1_0.sexdstn_code,u1_0.crtfc_dn_value,u1_0.user_nm,u1_0.zip from nemplyrinfo u1_0 where u1_0.emplyr_id=?
2026-03-16 17:12:01 [http-nio-8080-exec-15] DEBUG o.s.orm.jpa.JpaTransactionManager - Found thread-bound EntityManager [SessionImpl(117959071<open>)] for JPA transaction
2026-03-16 17:12:01 [http-nio-8080-exec-15] DEBUG o.s.orm.jpa.JpaTransactionManager - Participating in existing transaction
2026-03-16 17:12:01 [http-nio-8080-exec-15] DEBUG org.hibernate.SQL - select ua1_0.scrty_dtrmn_trget_id,ua1_0.author_code,ua1_0.frst_register_id,ua1_0.frst_regist_pnttm,ua1_0.last_updusr_id,ua1_0.last_updt_pnttm,ua1_0.mber_ty_code from nemplyrscrtyestbs ua1_0 where ua1_0.scrty_dtrmn_trget_id=?
2026-03-16 17:12:01 [http-nio-8080-exec-15] DEBUG o.s.orm.jpa.JpaTransactionManager - Initiating transaction commit
2026-03-16 17:12:01 [http-nio-8080-exec-15] DEBUG o.s.orm.jpa.JpaTransactionManager - Committing JPA transaction on EntityManager [SessionImpl(117959071<open>)]
2026-03-16 17:12:01 [http-nio-8080-exec-15] DEBUG o.s.orm.jpa.JpaTransactionManager - Closing JPA EntityManager [SessionImpl(117959071<open>)] after transaction
2026-03-16 17:12:01 [http-nio-8080-exec-15] DEBUG c.c.p.s.jwt.JwtAuthenticationFilter - >>> [JwtFilter] Successfully authenticated user: USRCNFRM_99999999999, Authorities: [ROLE_ADMIN]
2026-03-16 17:12:01 [http-nio-8080-exec-15] DEBUG o.s.web.servlet.DispatcherServlet - GET "/api/v1/menu/head", parameters={}
2026-03-16 17:12:01 [http-nio-8080-exec-15] TRACE o.s.w.s.m.m.a.RequestMappingHandlerMapping - Mapped to com.company.project.api.controller.menu.MenuController#getHeadMenu()
2026-03-16 17:12:01 [http-nio-8080-exec-15] INFO  c.c.p.a.c.menu.MenuController - getHeadMenu called
2026-03-16 17:12:01 [http-nio-8080-exec-15] INFO  c.c.p.a.c.menu.MenuController - getHeadMenu returned 5 items
2026-03-16 17:12:01 [http-nio-8080-exec-15] DEBUG o.s.w.s.m.m.a.HttpEntityMethodProcessor - Using 'application/json', given [application/json, text/plain, */*] and supported [application/json, application/*+json, application/yaml]
2026-03-16 17:12:01 [http-nio-8080-exec-15] TRACE o.s.w.s.m.m.a.HttpEntityMethodProcessor - Writing [ApiResponse[success=true, status=200, code=COMMON_001, message=Success, data={list=[com.company.project.service.menu.dto.MenuDto@2b80d6b0, com.company.project.service.menu.dto.MenuDto@1418cfa3, com.company.project.service.menu.dto.MenuDto@f230bf1, com.company.project.service.menu.dto.MenuDto@734a7f6a, com.company.project.service.menu.dto.MenuDto@5e5202e5]}, timestamp=2026-03-16T17:12:01.452115600]]
2026-03-16 17:12:01 [http-nio-8080-exec-15] INFO  c.c.p.a.i.OperationalAuditInterceptor - API Audit Log: URL=/api/v1/menu/head, User=webmaster, IP=0:0:0:0:0:0:0:1
2026-03-16 17:12:01 [http-nio-8080-exec-15] DEBUG o.s.web.servlet.DispatcherServlet - Completed 200 OK
2026-03-16 17:12:01 [http-nio-8080-exec-8] DEBUG c.c.p.s.jwt.JwtAuthenticationFilter - >>> [JwtFilter] Processing request: GET /api/v1/menu/left
2026-03-16 17:12:01 [http-nio-8080-exec-8] DEBUG c.c.p.s.jwt.JwtAuthenticationFilter - >>> [JwtFilter] Found token in header for path: /api/v1/menu/left
2026-03-16 17:12:01 [http-nio-8080-exec-8] DEBUG o.s.orm.jpa.JpaTransactionManager - Creating new transaction with name [com.company.project.security.iam.CustomUserDetailsService.loadUserByUsername]: PROPAGATION_REQUIRED,ISOLATION_DEFAULT,readOnly
2026-03-16 17:12:01 [http-nio-8080-exec-8] DEBUG o.s.orm.jpa.JpaTransactionManager - Opened new EntityManager [SessionImpl(1840970597<open>)] for JPA transaction
2026-03-16 17:12:01 [http-nio-8080-exec-3] DEBUG c.c.p.s.jwt.JwtAuthenticationFilter - >>> [JwtFilter] Processing request: GET /api/v1/menu/left
2026-03-16 17:12:01 [http-nio-8080-exec-12] DEBUG c.c.p.s.jwt.JwtAuthenticationFilter - >>> [JwtFilter] Processing request: GET /api/v1/menu/left
2026-03-16 17:12:01 [http-nio-8080-exec-3] DEBUG c.c.p.s.jwt.JwtAuthenticationFilter - >>> [JwtFilter] Found token in header for path: /api/v1/menu/left
2026-03-16 17:12:01 [http-nio-8080-exec-12] DEBUG c.c.p.s.jwt.JwtAuthenticationFilter - >>> [JwtFilter] Found token in header for path: /api/v1/menu/left
2026-03-16 17:12:01 [http-nio-8080-exec-12] DEBUG o.s.orm.jpa.JpaTransactionManager - Creating new transaction with name [com.company.project.security.iam.CustomUserDetailsService.loadUserByUsername]: PROPAGATION_REQUIRED,ISOLATION_DEFAULT,readOnly
2026-03-16 17:12:01 [http-nio-8080-exec-12] DEBUG o.s.orm.jpa.JpaTransactionManager - Opened new EntityManager [SessionImpl(1107411873<open>)] for JPA transaction
2026-03-16 17:12:01 [http-nio-8080-exec-2] DEBUG c.c.p.s.jwt.JwtAuthenticationFilter - >>> [JwtFilter] Processing request: GET /api/v1/menu/left
2026-03-16 17:12:01 [http-nio-8080-exec-13] DEBUG c.c.p.s.jwt.JwtAuthenticationFilter - >>> [JwtFilter] Processing request: GET /api/v1/menu/left
2026-03-16 17:12:01 [http-nio-8080-exec-2] DEBUG c.c.p.s.jwt.JwtAuthenticationFilter - >>> [JwtFilter] Found token in header for path: /api/v1/menu/left
2026-03-16 17:12:01 [http-nio-8080-exec-13] DEBUG c.c.p.s.jwt.JwtAuthenticationFilter - >>> [JwtFilter] Found token in header for path: /api/v1/menu/left
2026-03-16 17:12:01 [http-nio-8080-exec-2] DEBUG o.s.orm.jpa.JpaTransactionManager - Creating new transaction with name [com.company.project.security.iam.CustomUserDetailsService.loadUserByUsername]: PROPAGATION_REQUIRED,ISOLATION_DEFAULT,readOnly
2026-03-16 17:12:01 [http-nio-8080-exec-13] DEBUG o.s.orm.jpa.JpaTransactionManager - Creating new transaction with name [com.company.project.security.iam.CustomUserDetailsService.loadUserByUsername]: PROPAGATION_REQUIRED,ISOLATION_DEFAULT,readOnly
2026-03-16 17:12:01 [http-nio-8080-exec-2] DEBUG o.s.orm.jpa.JpaTransactionManager - Opened new EntityManager [SessionImpl(288051736<open>)] for JPA transaction
2026-03-16 17:12:01 [http-nio-8080-exec-13] DEBUG o.s.orm.jpa.JpaTransactionManager - Opened new EntityManager [SessionImpl(557059135<open>)] for JPA transaction
2026-03-16 17:12:01 [http-nio-8080-exec-3] DEBUG o.s.orm.jpa.JpaTransactionManager - Creating new transaction with name [com.company.project.security.iam.CustomUserDetailsService.loadUserByUsername]: PROPAGATION_REQUIRED,ISOLATION_DEFAULT,readOnly
2026-03-16 17:12:01 [http-nio-8080-exec-3] DEBUG o.s.orm.jpa.JpaTransactionManager - Opened new EntityManager [SessionImpl(1488091984<open>)] for JPA transaction
2026-03-16 17:12:01 [http-nio-8080-exec-8] DEBUG o.s.orm.jpa.JpaTransactionManager - Exposing JPA transaction as JDBC [org.springframework.orm.jpa.vendor.HibernateJpaDialect$HibernateConnectionHandle@396872d3]
2026-03-16 17:12:01 [http-nio-8080-exec-8] DEBUG o.s.orm.jpa.JpaTransactionManager - Found thread-bound EntityManager [SessionImpl(1840970597<open>)] for JPA transaction
2026-03-16 17:12:01 [http-nio-8080-exec-8] DEBUG o.s.orm.jpa.JpaTransactionManager - Participating in existing transaction
2026-03-16 17:12:01 [http-nio-8080-exec-8] DEBUG org.hibernate.SQL - select u1_0.emplyr_id,u1_0.area_no,u1_0.brthdy,u1_0.chg_pwd_cnt,u1_0.frst_register_id,u1_0.frst_regist_pnttm,u1_0.detail_adres,u1_0.email_adres,u1_0.emplyr_sttus_code,u1_0.empl_no,u1_0.esntl_id,u1_0.fxnum,u1_0.group_id,u1_0.house_adres,u1_0.house_end_telno,u1_0.house_middle_telno,u1_0.ihidnum,u1_0.pstinst_code,u1_0.last_updusr_id,u1_0.last_updt_pnttm,u1_0.lock_at,u1_0.lock_cnt,u1_0.lock_last_pnttm,u1_0.mbtlnum,u1_0.ofcps_nm,u1_0.offm_telno,u1_0.orgnzt_id,u1_0.password,u1_0.password_cnsr,u1_0.password_hint,u1_0.chg_pwd_last_pnttm,u1_0.role,u1_0.sbscrb_de,u1_0.sexdstn_code,u1_0.crtfc_dn_value,u1_0.user_nm,u1_0.zip from nemplyrinfo u1_0 where u1_0.emplyr_id=?
2026-03-16 17:12:01 [http-nio-8080-exec-12] DEBUG o.s.orm.jpa.JpaTransactionManager - Exposing JPA transaction as JDBC [org.springframework.orm.jpa.vendor.HibernateJpaDialect$HibernateConnectionHandle@90f209]
2026-03-16 17:12:01 [http-nio-8080-exec-2] DEBUG o.s.orm.jpa.JpaTransactionManager - Exposing JPA transaction as JDBC [org.springframework.orm.jpa.vendor.HibernateJpaDialect$HibernateConnectionHandle@3ad3b3ab]
2026-03-16 17:12:01 [http-nio-8080-exec-13] DEBUG o.s.orm.jpa.JpaTransactionManager - Exposing JPA transaction as JDBC [org.springframework.orm.jpa.vendor.HibernateJpaDialect$HibernateConnectionHandle@6098c337]
2026-03-16 17:12:01 [http-nio-8080-exec-2] DEBUG o.s.orm.jpa.JpaTransactionManager - Found thread-bound EntityManager [SessionImpl(288051736<open>)] for JPA transaction
2026-03-16 17:12:01 [http-nio-8080-exec-13] DEBUG o.s.orm.jpa.JpaTransactionManager - Found thread-bound EntityManager [SessionImpl(557059135<open>)] for JPA transaction
2026-03-16 17:12:01 [http-nio-8080-exec-2] DEBUG o.s.orm.jpa.JpaTransactionManager - Participating in existing transaction
2026-03-16 17:12:01 [http-nio-8080-exec-12] DEBUG o.s.orm.jpa.JpaTransactionManager - Found thread-bound EntityManager [SessionImpl(1107411873<open>)] for JPA transaction
2026-03-16 17:12:01 [http-nio-8080-exec-13] DEBUG o.s.orm.jpa.JpaTransactionManager - Participating in existing transaction
2026-03-16 17:12:01 [http-nio-8080-exec-12] DEBUG o.s.orm.jpa.JpaTransactionManager - Participating in existing transaction
2026-03-16 17:12:01 [http-nio-8080-exec-2] DEBUG org.hibernate.SQL - select u1_0.emplyr_id,u1_0.area_no,u1_0.brthdy,u1_0.chg_pwd_cnt,u1_0.frst_register_id,u1_0.frst_regist_pnttm,u1_0.detail_adres,u1_0.email_adres,u1_0.emplyr_sttus_code,u1_0.empl_no,u1_0.esntl_id,u1_0.fxnum,u1_0.group_id,u1_0.house_adres,u1_0.house_end_telno,u1_0.house_middle_telno,u1_0.ihidnum,u1_0.pstinst_code,u1_0.last_updusr_id,u1_0.last_updt_pnttm,u1_0.lock_at,u1_0.lock_cnt,u1_0.lock_last_pnttm,u1_0.mbtlnum,u1_0.ofcps_nm,u1_0.offm_telno,u1_0.orgnzt_id,u1_0.password,u1_0.password_cnsr,u1_0.password_hint,u1_0.chg_pwd_last_pnttm,u1_0.role,u1_0.sbscrb_de,u1_0.sexdstn_code,u1_0.crtfc_dn_value,u1_0.user_nm,u1_0.zip from nemplyrinfo u1_0 where u1_0.emplyr_id=?
2026-03-16 17:12:01 [http-nio-8080-exec-13] DEBUG org.hibernate.SQL - select u1_0.emplyr_id,u1_0.area_no,u1_0.brthdy,u1_0.chg_pwd_cnt,u1_0.frst_register_id,u1_0.frst_regist_pnttm,u1_0.detail_adres,u1_0.email_adres,u1_0.emplyr_sttus_code,u1_0.empl_no,u1_0.esntl_id,u1_0.fxnum,u1_0.group_id,u1_0.house_adres,u1_0.house_end_telno,u1_0.house_middle_telno,u1_0.ihidnum,u1_0.pstinst_code,u1_0.last_updusr_id,u1_0.last_updt_pnttm,u1_0.lock_at,u1_0.lock_cnt,u1_0.lock_last_pnttm,u1_0.mbtlnum,u1_0.ofcps_nm,u1_0.offm_telno,u1_0.orgnzt_id,u1_0.password,u1_0.password_cnsr,u1_0.password_hint,u1_0.chg_pwd_last_pnttm,u1_0.role,u1_0.sbscrb_de,u1_0.sexdstn_code,u1_0.crtfc_dn_value,u1_0.user_nm,u1_0.zip from nemplyrinfo u1_0 where u1_0.emplyr_id=?
2026-03-16 17:12:01 [http-nio-8080-exec-12] DEBUG org.hibernate.SQL - select u1_0.emplyr_id,u1_0.area_no,u1_0.brthdy,u1_0.chg_pwd_cnt,u1_0.frst_register_id,u1_0.frst_regist_pnttm,u1_0.detail_adres,u1_0.email_adres,u1_0.emplyr_sttus_code,u1_0.empl_no,u1_0.esntl_id,u1_0.fxnum,u1_0.group_id,u1_0.house_adres,u1_0.house_end_telno,u1_0.house_middle_telno,u1_0.ihidnum,u1_0.pstinst_code,u1_0.last_updusr_id,u1_0.last_updt_pnttm,u1_0.lock_at,u1_0.lock_cnt,u1_0.lock_last_pnttm,u1_0.mbtlnum,u1_0.ofcps_nm,u1_0.offm_telno,u1_0.orgnzt_id,u1_0.password,u1_0.password_cnsr,u1_0.password_hint,u1_0.chg_pwd_last_pnttm,u1_0.role,u1_0.sbscrb_de,u1_0.sexdstn_code,u1_0.crtfc_dn_value,u1_0.user_nm,u1_0.zip from nemplyrinfo u1_0 where u1_0.emplyr_id=?
2026-03-16 17:12:01 [http-nio-8080-exec-3] DEBUG o.s.orm.jpa.JpaTransactionManager - Exposing JPA transaction as JDBC [org.springframework.orm.jpa.vendor.HibernateJpaDialect$HibernateConnectionHandle@4c598c7f]
2026-03-16 17:12:01 [http-nio-8080-exec-3] DEBUG o.s.orm.jpa.JpaTransactionManager - Found thread-bound EntityManager [SessionImpl(1488091984<open>)] for JPA transaction
2026-03-16 17:12:01 [http-nio-8080-exec-3] DEBUG o.s.orm.jpa.JpaTransactionManager - Participating in existing transaction
2026-03-16 17:12:01 [http-nio-8080-exec-3] DEBUG org.hibernate.SQL - select u1_0.emplyr_id,u1_0.area_no,u1_0.brthdy,u1_0.chg_pwd_cnt,u1_0.frst_register_id,u1_0.frst_regist_pnttm,u1_0.detail_adres,u1_0.email_adres,u1_0.emplyr_sttus_code,u1_0.empl_no,u1_0.esntl_id,u1_0.fxnum,u1_0.group_id,u1_0.house_adres,u1_0.house_end_telno,u1_0.house_middle_telno,u1_0.ihidnum,u1_0.pstinst_code,u1_0.last_updusr_id,u1_0.last_updt_pnttm,u1_0.lock_at,u1_0.lock_cnt,u1_0.lock_last_pnttm,u1_0.mbtlnum,u1_0.ofcps_nm,u1_0.offm_telno,u1_0.orgnzt_id,u1_0.password,u1_0.password_cnsr,u1_0.password_hint,u1_0.chg_pwd_last_pnttm,u1_0.role,u1_0.sbscrb_de,u1_0.sexdstn_code,u1_0.crtfc_dn_value,u1_0.user_nm,u1_0.zip from nemplyrinfo u1_0 where u1_0.emplyr_id=?
2026-03-16 17:12:01 [http-nio-8080-exec-8] DEBUG o.s.orm.jpa.JpaTransactionManager - Found thread-bound EntityManager [SessionImpl(1840970597<open>)] for JPA transaction
2026-03-16 17:12:01 [http-nio-8080-exec-8] DEBUG o.s.orm.jpa.JpaTransactionManager - Participating in existing transaction
2026-03-16 17:12:01 [http-nio-8080-exec-8] DEBUG org.hibernate.SQL - select ua1_0.scrty_dtrmn_trget_id,ua1_0.author_code,ua1_0.frst_register_id,ua1_0.frst_regist_pnttm,ua1_0.last_updusr_id,ua1_0.last_updt_pnttm,ua1_0.mber_ty_code from nemplyrscrtyestbs ua1_0 where ua1_0.scrty_dtrmn_trget_id=?
2026-03-16 17:12:01 [http-nio-8080-exec-13] DEBUG o.s.orm.jpa.JpaTransactionManager - Found thread-bound EntityManager [SessionImpl(557059135<open>)] for JPA transaction
2026-03-16 17:12:01 [http-nio-8080-exec-2] DEBUG o.s.orm.jpa.JpaTransactionManager - Found thread-bound EntityManager [SessionImpl(288051736<open>)] for JPA transaction
2026-03-16 17:12:01 [http-nio-8080-exec-12] DEBUG o.s.orm.jpa.JpaTransactionManager - Found thread-bound EntityManager [SessionImpl(1107411873<open>)] for JPA transaction
2026-03-16 17:12:01 [http-nio-8080-exec-13] DEBUG o.s.orm.jpa.JpaTransactionManager - Participating in existing transaction
2026-03-16 17:12:01 [http-nio-8080-exec-2] DEBUG o.s.orm.jpa.JpaTransactionManager - Participating in existing transaction
2026-03-16 17:12:01 [http-nio-8080-exec-12] DEBUG o.s.orm.jpa.JpaTransactionManager - Participating in existing transaction
2026-03-16 17:12:01 [http-nio-8080-exec-12] DEBUG org.hibernate.SQL - select ua1_0.scrty_dtrmn_trget_id,ua1_0.author_code,ua1_0.frst_register_id,ua1_0.frst_regist_pnttm,ua1_0.last_updusr_id,ua1_0.last_updt_pnttm,ua1_0.mber_ty_code from nemplyrscrtyestbs ua1_0 where ua1_0.scrty_dtrmn_trget_id=?
2026-03-16 17:12:01 [http-nio-8080-exec-13] DEBUG org.hibernate.SQL - select ua1_0.scrty_dtrmn_trget_id,ua1_0.author_code,ua1_0.frst_register_id,ua1_0.frst_regist_pnttm,ua1_0.last_updusr_id,ua1_0.last_updt_pnttm,ua1_0.mber_ty_code from nemplyrscrtyestbs ua1_0 where ua1_0.scrty_dtrmn_trget_id=?
2026-03-16 17:12:01 [http-nio-8080-exec-2] DEBUG org.hibernate.SQL - select ua1_0.scrty_dtrmn_trget_id,ua1_0.author_code,ua1_0.frst_register_id,ua1_0.frst_regist_pnttm,ua1_0.last_updusr_id,ua1_0.last_updt_pnttm,ua1_0.mber_ty_code from nemplyrscrtyestbs ua1_0 where ua1_0.scrty_dtrmn_trget_id=?
2026-03-16 17:12:01 [http-nio-8080-exec-3] DEBUG o.s.orm.jpa.JpaTransactionManager - Found thread-bound EntityManager [SessionImpl(1488091984<open>)] for JPA transaction
2026-03-16 17:12:01 [http-nio-8080-exec-3] DEBUG o.s.orm.jpa.JpaTransactionManager - Participating in existing transaction
2026-03-16 17:12:01 [http-nio-8080-exec-3] DEBUG org.hibernate.SQL - select ua1_0.scrty_dtrmn_trget_id,ua1_0.author_code,ua1_0.frst_register_id,ua1_0.frst_regist_pnttm,ua1_0.last_updusr_id,ua1_0.last_updt_pnttm,ua1_0.mber_ty_code from nemplyrscrtyestbs ua1_0 where ua1_0.scrty_dtrmn_trget_id=?
2026-03-16 17:12:01 [http-nio-8080-exec-8] DEBUG o.s.orm.jpa.JpaTransactionManager - Initiating transaction commit
2026-03-16 17:12:01 [http-nio-8080-exec-8] DEBUG o.s.orm.jpa.JpaTransactionManager - Committing JPA transaction on EntityManager [SessionImpl(1840970597<open>)]
2026-03-16 17:12:01 [http-nio-8080-exec-12] DEBUG o.s.orm.jpa.JpaTransactionManager - Initiating transaction commit
2026-03-16 17:12:01 [http-nio-8080-exec-12] DEBUG o.s.orm.jpa.JpaTransactionManager - Committing JPA transaction on EntityManager [SessionImpl(1107411873<open>)]
2026-03-16 17:12:01 [http-nio-8080-exec-13] DEBUG o.s.orm.jpa.JpaTransactionManager - Initiating transaction commit
2026-03-16 17:12:01 [http-nio-8080-exec-2] DEBUG o.s.orm.jpa.JpaTransactionManager - Initiating transaction commit
2026-03-16 17:12:01 [http-nio-8080-exec-13] DEBUG o.s.orm.jpa.JpaTransactionManager - Committing JPA transaction on EntityManager [SessionImpl(557059135<open>)]
2026-03-16 17:12:01 [http-nio-8080-exec-2] DEBUG o.s.orm.jpa.JpaTransactionManager - Committing JPA transaction on EntityManager [SessionImpl(288051736<open>)]
2026-03-16 17:12:01 [http-nio-8080-exec-3] DEBUG o.s.orm.jpa.JpaTransactionManager - Initiating transaction commit
2026-03-16 17:12:01 [http-nio-8080-exec-3] DEBUG o.s.orm.jpa.JpaTransactionManager - Committing JPA transaction on EntityManager [SessionImpl(1488091984<open>)]
2026-03-16 17:12:02 [http-nio-8080-exec-8] DEBUG o.s.orm.jpa.JpaTransactionManager - Closing JPA EntityManager [SessionImpl(1840970597<open>)] after transaction
2026-03-16 17:12:02 [http-nio-8080-exec-8] DEBUG c.c.p.s.jwt.JwtAuthenticationFilter - >>> [JwtFilter] Successfully authenticated user: USRCNFRM_99999999999, Authorities: [ROLE_ADMIN]
2026-03-16 17:12:02 [http-nio-8080-exec-8] DEBUG o.s.web.servlet.DispatcherServlet - GET "/api/v1/menu/left?menuNo=10", parameters={masked}
2026-03-16 17:12:02 [http-nio-8080-exec-8] TRACE o.s.w.s.m.m.a.RequestMappingHandlerMapping - Mapped to com.company.project.api.controller.menu.MenuController#getLeftMenu(Long)
2026-03-16 17:12:02 [http-nio-8080-exec-8] INFO  c.c.p.a.c.menu.MenuController - getLeftMenu called with menuNo=10
2026-03-16 17:12:02 [http-nio-8080-exec-8] DEBUG o.s.orm.jpa.JpaTransactionManager - Creating new transaction with name [com.company.project.service.menu.MenuService.getSubMenus]: PROPAGATION_REQUIRED,ISOLATION_DEFAULT,readOnly
2026-03-16 17:12:02 [http-nio-8080-exec-8] DEBUG o.s.orm.jpa.JpaTransactionManager - Opened new EntityManager [SessionImpl(1690444534<open>)] for JPA transaction
2026-03-16 17:12:02 [http-nio-8080-exec-8] DEBUG o.s.orm.jpa.JpaTransactionManager - Exposing JPA transaction as JDBC [org.springframework.orm.jpa.vendor.HibernateJpaDialect$HibernateConnectionHandle@4e314039]
2026-03-16 17:12:02 [http-nio-8080-exec-8] DEBUG org.hibernate.SQL - select m1_0.menu_no,m1_0.menu_dc,m1_0.menu_nm,m1_0.menu_ordr,m1_0.modern_route,m1_0.progrm_file_nm,m1_0.relate_image_nm,m1_0.relate_image_path,m1_0.route_updated_at,m1_0.upper_menu_no from nmenuinfo m1_0 order by m1_0.upper_menu_no,m1_0.menu_ordr
2026-03-16 17:12:02 [http-nio-8080-exec-13] DEBUG o.s.orm.jpa.JpaTransactionManager - Closing JPA EntityManager [SessionImpl(557059135<open>)] after transaction
2026-03-16 17:12:02 [http-nio-8080-exec-12] DEBUG o.s.orm.jpa.JpaTransactionManager - Closing JPA EntityManager [SessionImpl(1107411873<open>)] after transaction
2026-03-16 17:12:02 [http-nio-8080-exec-2] DEBUG o.s.orm.jpa.JpaTransactionManager - Closing JPA EntityManager [SessionImpl(288051736<open>)] after transaction
2026-03-16 17:12:02 [http-nio-8080-exec-13] DEBUG c.c.p.s.jwt.JwtAuthenticationFilter - >>> [JwtFilter] Successfully authenticated user: USRCNFRM_99999999999, Authorities: [ROLE_ADMIN]
2026-03-16 17:12:02 [http-nio-8080-exec-12] DEBUG c.c.p.s.jwt.JwtAuthenticationFilter - >>> [JwtFilter] Successfully authenticated user: USRCNFRM_99999999999, Authorities: [ROLE_ADMIN]
2026-03-16 17:12:02 [http-nio-8080-exec-2] DEBUG c.c.p.s.jwt.JwtAuthenticationFilter - >>> [JwtFilter] Successfully authenticated user: USRCNFRM_99999999999, Authorities: [ROLE_ADMIN]
2026-03-16 17:12:02 [http-nio-8080-exec-13] DEBUG o.s.web.servlet.DispatcherServlet - GET "/api/v1/menu/left?menuNo=60", parameters={masked}
2026-03-16 17:12:02 [http-nio-8080-exec-12] DEBUG o.s.web.servlet.DispatcherServlet - GET "/api/v1/menu/left?menuNo=50", parameters={masked}
2026-03-16 17:12:02 [http-nio-8080-exec-2] DEBUG o.s.web.servlet.DispatcherServlet - GET "/api/v1/menu/left?menuNo=20", parameters={masked}
2026-03-16 17:12:02 [http-nio-8080-exec-2] TRACE o.s.w.s.m.m.a.RequestMappingHandlerMapping - Mapped to com.company.project.api.controller.menu.MenuController#getLeftMenu(Long)
2026-03-16 17:12:02 [http-nio-8080-exec-13] TRACE o.s.w.s.m.m.a.RequestMappingHandlerMapping - Mapped to com.company.project.api.controller.menu.MenuController#getLeftMenu(Long)
2026-03-16 17:12:02 [http-nio-8080-exec-12] TRACE o.s.w.s.m.m.a.RequestMappingHandlerMapping - Mapped to com.company.project.api.controller.menu.MenuController#getLeftMenu(Long)
2026-03-16 17:12:02 [http-nio-8080-exec-2] INFO  c.c.p.a.c.menu.MenuController - getLeftMenu called with menuNo=20
2026-03-16 17:12:02 [http-nio-8080-exec-12] INFO  c.c.p.a.c.menu.MenuController - getLeftMenu called with menuNo=50
2026-03-16 17:12:02 [http-nio-8080-exec-13] INFO  c.c.p.a.c.menu.MenuController - getLeftMenu called with menuNo=60
2026-03-16 17:12:02 [http-nio-8080-exec-2] DEBUG o.s.orm.jpa.JpaTransactionManager - Creating new transaction with name [com.company.project.service.menu.MenuService.getSubMenus]: PROPAGATION_REQUIRED,ISOLATION_DEFAULT,readOnly
2026-03-16 17:12:02 [http-nio-8080-exec-12] DEBUG o.s.orm.jpa.JpaTransactionManager - Creating new transaction with name [com.company.project.service.menu.MenuService.getSubMenus]: PROPAGATION_REQUIRED,ISOLATION_DEFAULT,readOnly
2026-03-16 17:12:02 [http-nio-8080-exec-13] DEBUG o.s.orm.jpa.JpaTransactionManager - Creating new transaction with name [com.company.project.service.menu.MenuService.getSubMenus]: PROPAGATION_REQUIRED,ISOLATION_DEFAULT,readOnly
2026-03-16 17:12:02 [http-nio-8080-exec-12] DEBUG o.s.orm.jpa.JpaTransactionManager - Opened new EntityManager [SessionImpl(315948477<open>)] for JPA transaction
2026-03-16 17:12:02 [http-nio-8080-exec-2] DEBUG o.s.orm.jpa.JpaTransactionManager - Opened new EntityManager [SessionImpl(1624716633<open>)] for JPA transaction
2026-03-16 17:12:02 [http-nio-8080-exec-13] DEBUG o.s.orm.jpa.JpaTransactionManager - Opened new EntityManager [SessionImpl(1024419451<open>)] for JPA transaction
2026-03-16 17:12:02 [http-nio-8080-exec-12] DEBUG o.s.orm.jpa.JpaTransactionManager - Exposing JPA transaction as JDBC [org.springframework.orm.jpa.vendor.HibernateJpaDialect$HibernateConnectionHandle@37c0ebbb]
2026-03-16 17:12:02 [http-nio-8080-exec-13] DEBUG o.s.orm.jpa.JpaTransactionManager - Exposing JPA transaction as JDBC [org.springframework.orm.jpa.vendor.HibernateJpaDialect$HibernateConnectionHandle@2f92c07]
2026-03-16 17:12:02 [http-nio-8080-exec-2] DEBUG o.s.orm.jpa.JpaTransactionManager - Exposing JPA transaction as JDBC [org.springframework.orm.jpa.vendor.HibernateJpaDialect$HibernateConnectionHandle@2066a6f7]
2026-03-16 17:12:02 [http-nio-8080-exec-2] DEBUG org.hibernate.SQL - select m1_0.menu_no,m1_0.menu_dc,m1_0.menu_nm,m1_0.menu_ordr,m1_0.modern_route,m1_0.progrm_file_nm,m1_0.relate_image_nm,m1_0.relate_image_path,m1_0.route_updated_at,m1_0.upper_menu_no from nmenuinfo m1_0 order by m1_0.upper_menu_no,m1_0.menu_ordr
2026-03-16 17:12:02 [http-nio-8080-exec-12] DEBUG org.hibernate.SQL - select m1_0.menu_no,m1_0.menu_dc,m1_0.menu_nm,m1_0.menu_ordr,m1_0.modern_route,m1_0.progrm_file_nm,m1_0.relate_image_nm,m1_0.relate_image_path,m1_0.route_updated_at,m1_0.upper_menu_no from nmenuinfo m1_0 order by m1_0.upper_menu_no,m1_0.menu_ordr
2026-03-16 17:12:02 [http-nio-8080-exec-13] DEBUG org.hibernate.SQL - select m1_0.menu_no,m1_0.menu_dc,m1_0.menu_nm,m1_0.menu_ordr,m1_0.modern_route,m1_0.progrm_file_nm,m1_0.relate_image_nm,m1_0.relate_image_path,m1_0.route_updated_at,m1_0.upper_menu_no from nmenuinfo m1_0 order by m1_0.upper_menu_no,m1_0.menu_ordr
2026-03-16 17:12:02 [http-nio-8080-exec-3] DEBUG o.s.orm.jpa.JpaTransactionManager - Closing JPA EntityManager [SessionImpl(1488091984<open>)] after transaction
2026-03-16 17:12:02 [http-nio-8080-exec-3] DEBUG c.c.p.s.jwt.JwtAuthenticationFilter - >>> [JwtFilter] Successfully authenticated user: USRCNFRM_99999999999, Authorities: [ROLE_ADMIN]
2026-03-16 17:12:02 [http-nio-8080-exec-3] DEBUG o.s.web.servlet.DispatcherServlet - GET "/api/v1/menu/left?menuNo=40", parameters={masked}
2026-03-16 17:12:02 [http-nio-8080-exec-3] TRACE o.s.w.s.m.m.a.RequestMappingHandlerMapping - Mapped to com.company.project.api.controller.menu.MenuController#getLeftMenu(Long)
2026-03-16 17:12:02 [http-nio-8080-exec-3] INFO  c.c.p.a.c.menu.MenuController - getLeftMenu called with menuNo=40
2026-03-16 17:12:02 [http-nio-8080-exec-3] DEBUG o.s.orm.jpa.JpaTransactionManager - Creating new transaction with name [com.company.project.service.menu.MenuService.getSubMenus]: PROPAGATION_REQUIRED,ISOLATION_DEFAULT,readOnly
2026-03-16 17:12:02 [http-nio-8080-exec-3] DEBUG o.s.orm.jpa.JpaTransactionManager - Opened new EntityManager [SessionImpl(1853682130<open>)] for JPA transaction
2026-03-16 17:12:02 [http-nio-8080-exec-3] DEBUG o.s.orm.jpa.JpaTransactionManager - Exposing JPA transaction as JDBC [org.springframework.orm.jpa.vendor.HibernateJpaDialect$HibernateConnectionHandle@1726634c]
2026-03-16 17:12:02 [http-nio-8080-exec-3] DEBUG org.hibernate.SQL - select m1_0.menu_no,m1_0.menu_dc,m1_0.menu_nm,m1_0.menu_ordr,m1_0.modern_route,m1_0.progrm_file_nm,m1_0.relate_image_nm,m1_0.relate_image_path,m1_0.route_updated_at,m1_0.upper_menu_no from nmenuinfo m1_0 order by m1_0.upper_menu_no,m1_0.menu_ordr
2026-03-16 17:12:02 [http-nio-8080-exec-8] DEBUG o.s.orm.jpa.JpaTransactionManager - Found thread-bound EntityManager [SessionImpl(1690444534<open>)] for JPA transaction
2026-03-16 17:12:02 [http-nio-8080-exec-8] DEBUG o.s.orm.jpa.JpaTransactionManager - Participating in existing transaction
2026-03-16 17:12:02 [http-nio-8080-exec-8] DEBUG org.hibernate.SQL - select p1_0.progrm_file_nm,p1_0.progrm_dc,p1_0.progrm_korean_nm,p1_0.progrm_stre_path,p1_0.url from nprogrmlist p1_0
2026-03-16 17:12:02 [http-nio-8080-exec-2] DEBUG o.s.orm.jpa.JpaTransactionManager - Found thread-bound EntityManager [SessionImpl(1624716633<open>)] for JPA transaction
2026-03-16 17:12:02 [http-nio-8080-exec-2] DEBUG o.s.orm.jpa.JpaTransactionManager - Participating in existing transaction
2026-03-16 17:12:02 [http-nio-8080-exec-12] DEBUG o.s.orm.jpa.JpaTransactionManager - Found thread-bound EntityManager [SessionImpl(315948477<open>)] for JPA transaction
2026-03-16 17:12:02 [http-nio-8080-exec-12] DEBUG o.s.orm.jpa.JpaTransactionManager - Participating in existing transaction
2026-03-16 17:12:02 [http-nio-8080-exec-2] DEBUG org.hibernate.SQL - select p1_0.progrm_file_nm,p1_0.progrm_dc,p1_0.progrm_korean_nm,p1_0.progrm_stre_path,p1_0.url from nprogrmlist p1_0
2026-03-16 17:12:02 [http-nio-8080-exec-12] DEBUG org.hibernate.SQL - select p1_0.progrm_file_nm,p1_0.progrm_dc,p1_0.progrm_korean_nm,p1_0.progrm_stre_path,p1_0.url from nprogrmlist p1_0
2026-03-16 17:12:02 [http-nio-8080-exec-13] DEBUG o.s.orm.jpa.JpaTransactionManager - Found thread-bound EntityManager [SessionImpl(1024419451<open>)] for JPA transaction
2026-03-16 17:12:02 [http-nio-8080-exec-13] DEBUG o.s.orm.jpa.JpaTransactionManager - Participating in existing transaction
2026-03-16 17:12:02 [http-nio-8080-exec-13] DEBUG org.hibernate.SQL - select p1_0.progrm_file_nm,p1_0.progrm_dc,p1_0.progrm_korean_nm,p1_0.progrm_stre_path,p1_0.url from nprogrmlist p1_0
2026-03-16 17:12:02 [http-nio-8080-exec-3] DEBUG o.s.orm.jpa.JpaTransactionManager - Found thread-bound EntityManager [SessionImpl(1853682130<open>)] for JPA transaction
2026-03-16 17:12:02 [http-nio-8080-exec-3] DEBUG o.s.orm.jpa.JpaTransactionManager - Participating in existing transaction
2026-03-16 17:12:02 [http-nio-8080-exec-3] DEBUG org.hibernate.SQL - select p1_0.progrm_file_nm,p1_0.progrm_dc,p1_0.progrm_korean_nm,p1_0.progrm_stre_path,p1_0.url from nprogrmlist p1_0
2026-03-16 17:12:02 [http-nio-8080-exec-8] DEBUG o.s.orm.jpa.JpaTransactionManager - Initiating transaction commit
2026-03-16 17:12:02 [http-nio-8080-exec-8] DEBUG o.s.orm.jpa.JpaTransactionManager - Committing JPA transaction on EntityManager [SessionImpl(1690444534<open>)]
2026-03-16 17:12:02 [http-nio-8080-exec-2] DEBUG o.s.orm.jpa.JpaTransactionManager - Initiating transaction commit
2026-03-16 17:12:02 [http-nio-8080-exec-12] DEBUG o.s.orm.jpa.JpaTransactionManager - Initiating transaction commit
2026-03-16 17:12:02 [http-nio-8080-exec-2] DEBUG o.s.orm.jpa.JpaTransactionManager - Committing JPA transaction on EntityManager [SessionImpl(1624716633<open>)]
2026-03-16 17:12:02 [http-nio-8080-exec-13] DEBUG o.s.orm.jpa.JpaTransactionManager - Initiating transaction commit
2026-03-16 17:12:02 [http-nio-8080-exec-13] DEBUG o.s.orm.jpa.JpaTransactionManager - Committing JPA transaction on EntityManager [SessionImpl(1024419451<open>)]
2026-03-16 17:12:02 [http-nio-8080-exec-12] DEBUG o.s.orm.jpa.JpaTransactionManager - Committing JPA transaction on EntityManager [SessionImpl(315948477<open>)]
2026-03-16 17:12:02 [http-nio-8080-exec-3] DEBUG o.s.orm.jpa.JpaTransactionManager - Initiating transaction commit
2026-03-16 17:12:02 [http-nio-8080-exec-3] DEBUG o.s.orm.jpa.JpaTransactionManager - Committing JPA transaction on EntityManager [SessionImpl(1853682130<open>)]
2026-03-16 17:12:02 [http-nio-8080-exec-8] DEBUG o.s.orm.jpa.JpaTransactionManager - Closing JPA EntityManager [SessionImpl(1690444534<open>)] after transaction
2026-03-16 17:12:02 [http-nio-8080-exec-8] INFO  c.c.p.a.c.menu.MenuController - getLeftMenu returned 5 items
2026-03-16 17:12:02 [http-nio-8080-exec-8] DEBUG o.s.w.s.m.m.a.HttpEntityMethodProcessor - Using 'application/json', given [application/json, text/plain, */*] and supported [application/json, application/*+json, application/yaml]
2026-03-16 17:12:02 [http-nio-8080-exec-8] TRACE o.s.w.s.m.m.a.HttpEntityMethodProcessor - Writing [ApiResponse[success=true, status=200, code=COMMON_001, message=Success, data={list=[com.company.project.service.menu.dto.MenuDto@28976bab, com.company.project.service.menu.dto.MenuDto@45ff1c06, com.company.project.service.menu.dto.MenuDto@2506d8a3, com.company.project.service.menu.dto.MenuDto@7550a3f5, com.company.project.service.menu.dto.MenuDto@668954c7]}, timestamp=2026-03-16T17:12:02.702930800]]
2026-03-16 17:12:02 [http-nio-8080-exec-8] INFO  c.c.p.a.i.OperationalAuditInterceptor - API Audit Log: URL=/api/v1/menu/left, User=webmaster, IP=0:0:0:0:0:0:0:1
2026-03-16 17:12:02 [http-nio-8080-exec-8] DEBUG o.s.web.servlet.DispatcherServlet - Completed 200 OK
2026-03-16 17:12:02 [http-nio-8080-exec-12] DEBUG o.s.orm.jpa.JpaTransactionManager - Closing JPA EntityManager [SessionImpl(315948477<open>)] after transaction
2026-03-16 17:12:02 [http-nio-8080-exec-2] DEBUG o.s.orm.jpa.JpaTransactionManager - Closing JPA EntityManager [SessionImpl(1624716633<open>)] after transaction
2026-03-16 17:12:02 [http-nio-8080-exec-13] DEBUG o.s.orm.jpa.JpaTransactionManager - Closing JPA EntityManager [SessionImpl(1024419451<open>)] after transaction
2026-03-16 17:12:02 [http-nio-8080-exec-12] INFO  c.c.p.a.c.menu.MenuController - getLeftMenu returned 3 items
2026-03-16 17:12:02 [http-nio-8080-exec-13] INFO  c.c.p.a.c.menu.MenuController - getLeftMenu returned 1 items
2026-03-16 17:12:02 [http-nio-8080-exec-2] INFO  c.c.p.a.c.menu.MenuController - getLeftMenu returned 3 items
2026-03-16 17:12:02 [http-nio-8080-exec-13] DEBUG o.s.w.s.m.m.a.HttpEntityMethodProcessor - Using 'application/json', given [application/json, text/plain, */*] and supported [application/json, application/*+json, application/yaml]
2026-03-16 17:12:02 [http-nio-8080-exec-12] DEBUG o.s.w.s.m.m.a.HttpEntityMethodProcessor - Using 'application/json', given [application/json, text/plain, */*] and supported [application/json, application/*+json, application/yaml]
2026-03-16 17:12:02 [http-nio-8080-exec-2] DEBUG o.s.w.s.m.m.a.HttpEntityMethodProcessor - Using 'application/json', given [application/json, text/plain, */*] and supported [application/json, application/*+json, application/yaml]
2026-03-16 17:12:02 [http-nio-8080-exec-13] TRACE o.s.w.s.m.m.a.HttpEntityMethodProcessor - Writing [ApiResponse[success=true, status=200, code=COMMON_001, message=Success, data={list=[com.company.project.service.menu.dto.MenuDto@66d8990]}, timestamp=2026-03-16T17:12:02.733533]]
2026-03-16 17:12:02 [http-nio-8080-exec-12] TRACE o.s.w.s.m.m.a.HttpEntityMethodProcessor - Writing [ApiResponse[success=true, status=200, code=COMMON_001, message=Success, data={list=[com.company.project.service.menu.dto.MenuDto@5fb9573, com.company.project.service.menu.dto.MenuDto@42864680, com.company.project.service.menu.dto.MenuDto@767e2e25]}, timestamp=2026-03-16T17:12:02.733533]]
2026-03-16 17:12:02 [http-nio-8080-exec-2] TRACE o.s.w.s.m.m.a.HttpEntityMethodProcessor - Writing [ApiResponse[success=true, status=200, code=COMMON_001, message=Success, data={list=[com.company.project.service.menu.dto.MenuDto@1767ea49, com.company.project.service.menu.dto.MenuDto@36275e59, com.company.project.service.menu.dto.MenuDto@2fb9d815]}, timestamp=2026-03-16T17:12:02.735044700]]
2026-03-16 17:12:02 [http-nio-8080-exec-13] INFO  c.c.p.a.i.OperationalAuditInterceptor - API Audit Log: URL=/api/v1/menu/left, User=webmaster, IP=0:0:0:0:0:0:0:1
2026-03-16 17:12:02 [http-nio-8080-exec-12] INFO  c.c.p.a.i.OperationalAuditInterceptor - API Audit Log: URL=/api/v1/menu/left, User=webmaster, IP=0:0:0:0:0:0:0:1
2026-03-16 17:12:02 [http-nio-8080-exec-2] INFO  c.c.p.a.i.OperationalAuditInterceptor - API Audit Log: URL=/api/v1/menu/left, User=webmaster, IP=0:0:0:0:0:0:0:1
2026-03-16 17:12:02 [http-nio-8080-exec-13] DEBUG o.s.web.servlet.DispatcherServlet - Completed 200 OK
2026-03-16 17:12:02 [http-nio-8080-exec-12] DEBUG o.s.web.servlet.DispatcherServlet - Completed 200 OK
2026-03-16 17:12:02 [http-nio-8080-exec-2] DEBUG o.s.web.servlet.DispatcherServlet - Completed 200 OK
2026-03-16 17:12:02 [http-nio-8080-exec-3] DEBUG o.s.orm.jpa.JpaTransactionManager - Closing JPA EntityManager [SessionImpl(1853682130<open>)] after transaction
2026-03-16 17:12:02 [http-nio-8080-exec-3] INFO  c.c.p.a.c.menu.MenuController - getLeftMenu returned 2 items
2026-03-16 17:12:02 [http-nio-8080-exec-3] DEBUG o.s.w.s.m.m.a.HttpEntityMethodProcessor - Using 'application/json', given [application/json, text/plain, */*] and supported [application/json, application/*+json, application/yaml]
2026-03-16 17:12:02 [http-nio-8080-exec-3] TRACE o.s.w.s.m.m.a.HttpEntityMethodProcessor - Writing [ApiResponse[success=true, status=200, code=COMMON_001, message=Success, data={list=[com.company.project.service.menu.dto.MenuDto@3d0a4a2, com.company.project.service.menu.dto.MenuDto@2f526c78]}, timestamp=2026-03-16T17:12:02.817494900]]
2026-03-16 17:12:02 [http-nio-8080-exec-3] INFO  c.c.p.a.i.OperationalAuditInterceptor - API Audit Log: URL=/api/v1/menu/left, User=webmaster, IP=0:0:0:0:0:0:0:1
2026-03-16 17:12:02 [http-nio-8080-exec-3] DEBUG o.s.web.servlet.DispatcherServlet - Completed 200 OK
2026-03-16 17:12:02 [http-nio-8080-exec-19] DEBUG o.s.w.s.h.LoggingWebSocketHandlerDecorator - WebSocketServerSockJsSession[id=o2xodxwk] closed with CloseStatus[code=1001, reason=null]
2026-03-16 17:12:02 [http-nio-8080-exec-19] DEBUG o.s.w.s.m.SubProtocolWebSocketHandler - Clearing session o2xodxwk
2026-03-16 17:12:02 [scheduling-1] DEBUG org.springframework.web.SimpLogging - Processing DISCONNECT session=o2xodxwk
2026-03-16 17:12:02 [scheduling-1] DEBUG o.s.w.s.m.SubProtocolWebSocketHandler - No session for GenericMessage [payload=byte[0], headers={simpMessageType=DISCONNECT_ACK, simpDisconnectMessage=GenericMessage [payload=byte[0], headers={simpMessageType=DISCONNECT, stompCommand=DISCONNECT, simpSessionAttributes={org.springframework.messaging.simp.SimpAttributes.COMPLETED=true}, simpSessionId=o2xodxwk}], simpSessionId=o2xodxwk}]
2026-03-16 17:12:03 [http-nio-8080-exec-9] DEBUG c.c.p.s.jwt.JwtAuthenticationFilter - >>> [JwtFilter] Processing request: GET /api/v1/menu/left
2026-03-16 17:12:03 [http-nio-8080-exec-9] DEBUG c.c.p.s.jwt.JwtAuthenticationFilter - >>> [JwtFilter] Found token in header for path: /api/v1/menu/left
2026-03-16 17:12:03 [http-nio-8080-exec-9] DEBUG o.s.orm.jpa.JpaTransactionManager - Creating new transaction with name [com.company.project.security.iam.CustomUserDetailsService.loadUserByUsername]: PROPAGATION_REQUIRED,ISOLATION_DEFAULT,readOnly
2026-03-16 17:12:03 [http-nio-8080-exec-9] DEBUG o.s.orm.jpa.JpaTransactionManager - Opened new EntityManager [SessionImpl(379692978<open>)] for JPA transaction
2026-03-16 17:12:03 [http-nio-8080-exec-10] DEBUG c.c.p.s.jwt.JwtAuthenticationFilter - >>> [JwtFilter] Processing request: GET /api/v1/auth/me
2026-03-16 17:12:03 [http-nio-8080-exec-10] DEBUG c.c.p.s.jwt.JwtAuthenticationFilter - >>> [JwtFilter] Found token in header for path: /api/v1/auth/me
2026-03-16 17:12:03 [http-nio-8080-exec-17] DEBUG c.c.p.s.jwt.JwtAuthenticationFilter - >>> [JwtFilter] Processing request: GET /api/v1/menu/head
2026-03-16 17:12:03 [http-nio-8080-exec-17] DEBUG c.c.p.s.jwt.JwtAuthenticationFilter - >>> [JwtFilter] Found token in header for path: /api/v1/menu/head
2026-03-16 17:12:03 [http-nio-8080-exec-10] DEBUG o.s.orm.jpa.JpaTransactionManager - Creating new transaction with name [com.company.project.security.iam.CustomUserDetailsService.loadUserByUsername]: PROPAGATION_REQUIRED,ISOLATION_DEFAULT,readOnly
2026-03-16 17:12:03 [http-nio-8080-exec-17] DEBUG o.s.orm.jpa.JpaTransactionManager - Creating new transaction with name [com.company.project.security.iam.CustomUserDetailsService.loadUserByUsername]: PROPAGATION_REQUIRED,ISOLATION_DEFAULT,readOnly
2026-03-16 17:12:03 [http-nio-8080-exec-10] DEBUG o.s.orm.jpa.JpaTransactionManager - Opened new EntityManager [SessionImpl(646681358<open>)] for JPA transaction
2026-03-16 17:12:03 [http-nio-8080-exec-17] DEBUG o.s.orm.jpa.JpaTransactionManager - Opened new EntityManager [SessionImpl(22502374<open>)] for JPA transaction
2026-03-16 17:12:04 [http-nio-8080-exec-9] DEBUG o.s.orm.jpa.JpaTransactionManager - Exposing JPA transaction as JDBC [org.springframework.orm.jpa.vendor.HibernateJpaDialect$HibernateConnectionHandle@79373471]
2026-03-16 17:12:04 [http-nio-8080-exec-9] DEBUG o.s.orm.jpa.JpaTransactionManager - Found thread-bound EntityManager [SessionImpl(379692978<open>)] for JPA transaction
2026-03-16 17:12:04 [http-nio-8080-exec-9] DEBUG o.s.orm.jpa.JpaTransactionManager - Participating in existing transaction
2026-03-16 17:12:04 [http-nio-8080-exec-9] DEBUG org.hibernate.SQL - select u1_0.emplyr_id,u1_0.area_no,u1_0.brthdy,u1_0.chg_pwd_cnt,u1_0.frst_register_id,u1_0.frst_regist_pnttm,u1_0.detail_adres,u1_0.email_adres,u1_0.emplyr_sttus_code,u1_0.empl_no,u1_0.esntl_id,u1_0.fxnum,u1_0.group_id,u1_0.house_adres,u1_0.house_end_telno,u1_0.house_middle_telno,u1_0.ihidnum,u1_0.pstinst_code,u1_0.last_updusr_id,u1_0.last_updt_pnttm,u1_0.lock_at,u1_0.lock_cnt,u1_0.lock_last_pnttm,u1_0.mbtlnum,u1_0.ofcps_nm,u1_0.offm_telno,u1_0.orgnzt_id,u1_0.password,u1_0.password_cnsr,u1_0.password_hint,u1_0.chg_pwd_last_pnttm,u1_0.role,u1_0.sbscrb_de,u1_0.sexdstn_code,u1_0.crtfc_dn_value,u1_0.user_nm,u1_0.zip from nemplyrinfo u1_0 where u1_0.emplyr_id=?
2026-03-16 17:12:04 [http-nio-8080-exec-10] DEBUG o.s.orm.jpa.JpaTransactionManager - Exposing JPA transaction as JDBC [org.springframework.orm.jpa.vendor.HibernateJpaDialect$HibernateConnectionHandle@1f789ff2]
2026-03-16 17:12:04 [http-nio-8080-exec-10] DEBUG o.s.orm.jpa.JpaTransactionManager - Found thread-bound EntityManager [SessionImpl(646681358<open>)] for JPA transaction
2026-03-16 17:12:04 [http-nio-8080-exec-10] DEBUG o.s.orm.jpa.JpaTransactionManager - Participating in existing transaction
2026-03-16 17:12:04 [http-nio-8080-exec-10] DEBUG org.hibernate.SQL - select u1_0.emplyr_id,u1_0.area_no,u1_0.brthdy,u1_0.chg_pwd_cnt,u1_0.frst_register_id,u1_0.frst_regist_pnttm,u1_0.detail_adres,u1_0.email_adres,u1_0.emplyr_sttus_code,u1_0.empl_no,u1_0.esntl_id,u1_0.fxnum,u1_0.group_id,u1_0.house_adres,u1_0.house_end_telno,u1_0.house_middle_telno,u1_0.ihidnum,u1_0.pstinst_code,u1_0.last_updusr_id,u1_0.last_updt_pnttm,u1_0.lock_at,u1_0.lock_cnt,u1_0.lock_last_pnttm,u1_0.mbtlnum,u1_0.ofcps_nm,u1_0.offm_telno,u1_0.orgnzt_id,u1_0.password,u1_0.password_cnsr,u1_0.password_hint,u1_0.chg_pwd_last_pnttm,u1_0.role,u1_0.sbscrb_de,u1_0.sexdstn_code,u1_0.crtfc_dn_value,u1_0.user_nm,u1_0.zip from nemplyrinfo u1_0 where u1_0.emplyr_id=?
2026-03-16 17:12:04 [http-nio-8080-exec-17] DEBUG o.s.orm.jpa.JpaTransactionManager - Exposing JPA transaction as JDBC [org.springframework.orm.jpa.vendor.HibernateJpaDialect$HibernateConnectionHandle@2282e94c]
2026-03-16 17:12:04 [http-nio-8080-exec-17] DEBUG o.s.orm.jpa.JpaTransactionManager - Found thread-bound EntityManager [SessionImpl(22502374<open>)] for JPA transaction
2026-03-16 17:12:04 [http-nio-8080-exec-17] DEBUG o.s.orm.jpa.JpaTransactionManager - Participating in existing transaction
2026-03-16 17:12:04 [http-nio-8080-exec-17] DEBUG org.hibernate.SQL - select u1_0.emplyr_id,u1_0.area_no,u1_0.brthdy,u1_0.chg_pwd_cnt,u1_0.frst_register_id,u1_0.frst_regist_pnttm,u1_0.detail_adres,u1_0.email_adres,u1_0.emplyr_sttus_code,u1_0.empl_no,u1_0.esntl_id,u1_0.fxnum,u1_0.group_id,u1_0.house_adres,u1_0.house_end_telno,u1_0.house_middle_telno,u1_0.ihidnum,u1_0.pstinst_code,u1_0.last_updusr_id,u1_0.last_updt_pnttm,u1_0.lock_at,u1_0.lock_cnt,u1_0.lock_last_pnttm,u1_0.mbtlnum,u1_0.ofcps_nm,u1_0.offm_telno,u1_0.orgnzt_id,u1_0.password,u1_0.password_cnsr,u1_0.password_hint,u1_0.chg_pwd_last_pnttm,u1_0.role,u1_0.sbscrb_de,u1_0.sexdstn_code,u1_0.crtfc_dn_value,u1_0.user_nm,u1_0.zip from nemplyrinfo u1_0 where u1_0.emplyr_id=?
2026-03-16 17:12:04 [http-nio-8080-exec-9] DEBUG o.s.orm.jpa.JpaTransactionManager - Found thread-bound EntityManager [SessionImpl(379692978<open>)] for JPA transaction
2026-03-16 17:12:04 [http-nio-8080-exec-9] DEBUG o.s.orm.jpa.JpaTransactionManager - Participating in existing transaction
2026-03-16 17:12:04 [http-nio-8080-exec-9] DEBUG org.hibernate.SQL - select ua1_0.scrty_dtrmn_trget_id,ua1_0.author_code,ua1_0.frst_register_id,ua1_0.frst_regist_pnttm,ua1_0.last_updusr_id,ua1_0.last_updt_pnttm,ua1_0.mber_ty_code from nemplyrscrtyestbs ua1_0 where ua1_0.scrty_dtrmn_trget_id=?
2026-03-16 17:12:04 [http-nio-8080-exec-10] DEBUG o.s.orm.jpa.JpaTransactionManager - Found thread-bound EntityManager [SessionImpl(646681358<open>)] for JPA transaction
2026-03-16 17:12:04 [http-nio-8080-exec-10] DEBUG o.s.orm.jpa.JpaTransactionManager - Participating in existing transaction
2026-03-16 17:12:04 [http-nio-8080-exec-10] DEBUG org.hibernate.SQL - select ua1_0.scrty_dtrmn_trget_id,ua1_0.author_code,ua1_0.frst_register_id,ua1_0.frst_regist_pnttm,ua1_0.last_updusr_id,ua1_0.last_updt_pnttm,ua1_0.mber_ty_code from nemplyrscrtyestbs ua1_0 where ua1_0.scrty_dtrmn_trget_id=?
2026-03-16 17:12:04 [http-nio-8080-exec-17] DEBUG o.s.orm.jpa.JpaTransactionManager - Found thread-bound EntityManager [SessionImpl(22502374<open>)] for JPA transaction
2026-03-16 17:12:04 [http-nio-8080-exec-17] DEBUG o.s.orm.jpa.JpaTransactionManager - Participating in existing transaction
2026-03-16 17:12:04 [http-nio-8080-exec-17] DEBUG org.hibernate.SQL - select ua1_0.scrty_dtrmn_trget_id,ua1_0.author_code,ua1_0.frst_register_id,ua1_0.frst_regist_pnttm,ua1_0.last_updusr_id,ua1_0.last_updt_pnttm,ua1_0.mber_ty_code from nemplyrscrtyestbs ua1_0 where ua1_0.scrty_dtrmn_trget_id=?
2026-03-16 17:12:04 [http-nio-8080-exec-9] DEBUG o.s.orm.jpa.JpaTransactionManager - Initiating transaction commit
2026-03-16 17:12:04 [http-nio-8080-exec-10] DEBUG o.s.orm.jpa.JpaTransactionManager - Initiating transaction commit
2026-03-16 17:12:04 [http-nio-8080-exec-9] DEBUG o.s.orm.jpa.JpaTransactionManager - Committing JPA transaction on EntityManager [SessionImpl(379692978<open>)]
2026-03-16 17:12:04 [http-nio-8080-exec-10] DEBUG o.s.orm.jpa.JpaTransactionManager - Committing JPA transaction on EntityManager [SessionImpl(646681358<open>)]
2026-03-16 17:12:04 [http-nio-8080-exec-17] DEBUG o.s.orm.jpa.JpaTransactionManager - Initiating transaction commit
2026-03-16 17:12:04 [http-nio-8080-exec-17] DEBUG o.s.orm.jpa.JpaTransactionManager - Committing JPA transaction on EntityManager [SessionImpl(22502374<open>)]
2026-03-16 17:12:04 [http-nio-8080-exec-10] DEBUG o.s.orm.jpa.JpaTransactionManager - Closing JPA EntityManager [SessionImpl(646681358<open>)] after transaction
2026-03-16 17:12:04 [http-nio-8080-exec-10] DEBUG c.c.p.s.jwt.JwtAuthenticationFilter - >>> [JwtFilter] Successfully authenticated user: USRCNFRM_99999999999, Authorities: [ROLE_ADMIN]
2026-03-16 17:12:04 [http-nio-8080-exec-10] DEBUG o.s.web.servlet.DispatcherServlet - GET "/api/v1/auth/me", parameters={}
2026-03-16 17:12:04 [http-nio-8080-exec-10] TRACE o.s.w.s.m.m.a.RequestMappingHandlerMapping - Mapped to com.company.project.api.auth.AuthController#getCurrentUser()
2026-03-16 17:12:04 [http-nio-8080-exec-10] DEBUG o.s.w.s.m.m.a.RequestResponseBodyMethodProcessor - Using 'application/json', given [application/json, text/plain, */*] and supported [application/json, application/*+json, application/yaml]
2026-03-16 17:12:04 [http-nio-8080-exec-10] TRACE o.s.w.s.m.m.a.RequestResponseBodyMethodProcessor - Writing [ApiResponse[success=true, status=200, code=COMMON_001, message=Success, data={role=ROLE_ADMIN, userSe=EMP, name=관리자, id=webmaster}, timestamp=2026-03-16T17:12:04.590485300]]
2026-03-16 17:12:04 [http-nio-8080-exec-10] INFO  c.c.p.a.i.OperationalAuditInterceptor - API Audit Log: URL=/api/v1/auth/me, User=webmaster, IP=127.0.0.1
2026-03-16 17:12:04 [http-nio-8080-exec-10] DEBUG o.s.web.servlet.DispatcherServlet - Completed 200 OK
2026-03-16 17:12:04 [http-nio-8080-exec-9] DEBUG o.s.orm.jpa.JpaTransactionManager - Closing JPA EntityManager [SessionImpl(379692978<open>)] after transaction
2026-03-16 17:12:04 [http-nio-8080-exec-9] DEBUG c.c.p.s.jwt.JwtAuthenticationFilter - >>> [JwtFilter] Successfully authenticated user: USRCNFRM_99999999999, Authorities: [ROLE_ADMIN]
2026-03-16 17:12:04 [http-nio-8080-exec-9] DEBUG o.s.web.servlet.DispatcherServlet - GET "/api/v1/menu/left?menuNo=10", parameters={masked}
2026-03-16 17:12:04 [http-nio-8080-exec-9] TRACE o.s.w.s.m.m.a.RequestMappingHandlerMapping - Mapped to com.company.project.api.controller.menu.MenuController#getLeftMenu(Long)
2026-03-16 17:12:04 [http-nio-8080-exec-9] INFO  c.c.p.a.c.menu.MenuController - getLeftMenu called with menuNo=10
2026-03-16 17:12:04 [http-nio-8080-exec-9] DEBUG o.s.orm.jpa.JpaTransactionManager - Creating new transaction with name [com.company.project.service.menu.MenuService.getSubMenus]: PROPAGATION_REQUIRED,ISOLATION_DEFAULT,readOnly
2026-03-16 17:12:04 [http-nio-8080-exec-9] DEBUG o.s.orm.jpa.JpaTransactionManager - Opened new EntityManager [SessionImpl(897622461<open>)] for JPA transaction
2026-03-16 17:12:04 [http-nio-8080-exec-9] DEBUG o.s.orm.jpa.JpaTransactionManager - Exposing JPA transaction as JDBC [org.springframework.orm.jpa.vendor.HibernateJpaDialect$HibernateConnectionHandle@24893160]
2026-03-16 17:12:04 [http-nio-8080-exec-9] DEBUG org.hibernate.SQL - select m1_0.menu_no,m1_0.menu_dc,m1_0.menu_nm,m1_0.menu_ordr,m1_0.modern_route,m1_0.progrm_file_nm,m1_0.relate_image_nm,m1_0.relate_image_path,m1_0.route_updated_at,m1_0.upper_menu_no from nmenuinfo m1_0 order by m1_0.upper_menu_no,m1_0.menu_ordr
2026-03-16 17:12:04 [http-nio-8080-exec-17] DEBUG o.s.orm.jpa.JpaTransactionManager - Closing JPA EntityManager [SessionImpl(22502374<open>)] after transaction
2026-03-16 17:12:04 [http-nio-8080-exec-17] DEBUG c.c.p.s.jwt.JwtAuthenticationFilter - >>> [JwtFilter] Successfully authenticated user: USRCNFRM_99999999999, Authorities: [ROLE_ADMIN]
2026-03-16 17:12:04 [http-nio-8080-exec-17] DEBUG o.s.web.servlet.DispatcherServlet - GET "/api/v1/menu/head", parameters={}
2026-03-16 17:12:04 [http-nio-8080-exec-15] DEBUG o.s.web.servlet.DispatcherServlet - GET "/ws/info?t=1773648724646", parameters={masked}
2026-03-16 17:12:04 [http-nio-8080-exec-17] TRACE o.s.w.s.m.m.a.RequestMappingHandlerMapping - Mapped to com.company.project.api.controller.menu.MenuController#getHeadMenu()
2026-03-16 17:12:04 [http-nio-8080-exec-17] INFO  c.c.p.a.c.menu.MenuController - getHeadMenu called
2026-03-16 17:12:04 [http-nio-8080-exec-15] DEBUG o.s.w.s.s.s.WebSocketHandlerMapping - Mapped to org.springframework.web.socket.sockjs.support.SockJsHttpRequestHandler@3d80b7ba
2026-03-16 17:12:04 [http-nio-8080-exec-17] INFO  c.c.p.a.c.menu.MenuController - getHeadMenu returned 5 items
2026-03-16 17:12:04 [http-nio-8080-exec-17] DEBUG o.s.w.s.m.m.a.HttpEntityMethodProcessor - Using 'application/json', given [application/json, text/plain, */*] and supported [application/json, application/*+json, application/yaml]
2026-03-16 17:12:04 [http-nio-8080-exec-15] DEBUG o.s.w.s.s.t.h.DefaultSockJsService - Processing transport request: GET http://localhost:8080/ws/info?t=1773648724646
2026-03-16 17:12:04 [http-nio-8080-exec-17] TRACE o.s.w.s.m.m.a.HttpEntityMethodProcessor - Writing [ApiResponse[success=true, status=200, code=COMMON_001, message=Success, data={list=[com.company.project.service.menu.dto.MenuDto@2b80d6b0, com.company.project.service.menu.dto.MenuDto@1418cfa3, com.company.project.service.menu.dto.MenuDto@f230bf1, com.company.project.service.menu.dto.MenuDto@734a7f6a, com.company.project.service.menu.dto.MenuDto@5e5202e5]}, timestamp=2026-03-16T17:12:04.654816700]]
2026-03-16 17:12:04 [http-nio-8080-exec-15] DEBUG o.s.web.servlet.DispatcherServlet - Completed 200 OK
2026-03-16 17:12:04 [http-nio-8080-exec-17] INFO  c.c.p.a.i.OperationalAuditInterceptor - API Audit Log: URL=/api/v1/menu/head, User=webmaster, IP=127.0.0.1
2026-03-16 17:12:04 [http-nio-8080-exec-17] DEBUG o.s.web.servlet.DispatcherServlet - Completed 200 OK
2026-03-16 17:12:04 [http-nio-8080-exec-8] DEBUG c.c.p.s.jwt.JwtAuthenticationFilter - >>> [JwtFilter] Processing request: GET /api/v1/notifications
2026-03-16 17:12:04 [http-nio-8080-exec-8] DEBUG c.c.p.s.jwt.JwtAuthenticationFilter - >>> [JwtFilter] Found token in header for path: /api/v1/notifications
2026-03-16 17:12:04 [http-nio-8080-exec-8] DEBUG o.s.orm.jpa.JpaTransactionManager - Creating new transaction with name [com.company.project.security.iam.CustomUserDetailsService.loadUserByUsername]: PROPAGATION_REQUIRED,ISOLATION_DEFAULT,readOnly
2026-03-16 17:12:04 [http-nio-8080-exec-8] DEBUG o.s.orm.jpa.JpaTransactionManager - Opened new EntityManager [SessionImpl(1529572156<open>)] for JPA transaction
2026-03-16 17:12:04 [http-nio-8080-exec-13] DEBUG c.c.p.s.jwt.JwtAuthenticationFilter - >>> [JwtFilter] Processing request: GET /api/v1/notifications/unread-count
2026-03-16 17:12:04 [http-nio-8080-exec-13] DEBUG c.c.p.s.jwt.JwtAuthenticationFilter - >>> [JwtFilter] Found token in header for path: /api/v1/notifications/unread-count
2026-03-16 17:12:04 [http-nio-8080-exec-13] DEBUG o.s.orm.jpa.JpaTransactionManager - Creating new transaction with name [com.company.project.security.iam.CustomUserDetailsService.loadUserByUsername]: PROPAGATION_REQUIRED,ISOLATION_DEFAULT,readOnly
2026-03-16 17:12:04 [http-nio-8080-exec-13] DEBUG o.s.orm.jpa.JpaTransactionManager - Opened new EntityManager [SessionImpl(1557382652<open>)] for JPA transaction
2026-03-16 17:12:04 [http-nio-8080-exec-12] DEBUG o.s.web.servlet.DispatcherServlet - GET "/ws/361/z4j0x4zu/websocket", parameters={}
2026-03-16 17:12:04 [http-nio-8080-exec-12] DEBUG o.s.w.s.s.s.WebSocketHandlerMapping - Mapped to org.springframework.web.socket.sockjs.support.SockJsHttpRequestHandler@3d80b7ba
2026-03-16 17:12:04 [http-nio-8080-exec-12] DEBUG o.s.w.s.s.t.h.DefaultSockJsService - Processing transport request: GET http://localhost:8080/ws/361/z4j0x4zu/websocket
2026-03-16 17:12:04 [http-nio-8080-exec-12] DEBUG o.s.web.servlet.DispatcherServlet - Completed 101 SWITCHING_PROTOCOLS
2026-03-16 17:12:04 [http-nio-8080-exec-12] DEBUG o.s.w.s.h.LoggingWebSocketHandlerDecorator - New WebSocketServerSockJsSession[id=z4j0x4zu]
2026-03-16 17:12:04 [scheduling-1] DEBUG org.springframework.web.SimpLogging - Processing CONNECT session=z4j0x4zu
2026-03-16 17:12:04 [scheduling-1] DEBUG org.springframework.web.SimpLogging - Processing SUBSCRIBE /topic/notices id=sub-0 session=z4j0x4zu
2026-03-16 17:12:04 [scheduling-1] DEBUG org.springframework.web.SimpLogging - Processing SUBSCRIBE destination=/queue/notifications-userz4j0x4zu subscriptionId=sub-1 session=z4j0x4zu payload=byte[0]
2026-03-16 17:12:04 [scheduling-1] DEBUG org.springframework.web.SimpLogging - Processing SUBSCRIBE /topic/public id=sub-2 session=z4j0x4zu
2026-03-16 17:12:04 [http-nio-8080-exec-8] DEBUG o.s.orm.jpa.JpaTransactionManager - Exposing JPA transaction as JDBC [org.springframework.orm.jpa.vendor.HibernateJpaDialect$HibernateConnectionHandle@48fb733a]
2026-03-16 17:12:04 [http-nio-8080-exec-13] DEBUG o.s.orm.jpa.JpaTransactionManager - Exposing JPA transaction as JDBC [org.springframework.orm.jpa.vendor.HibernateJpaDialect$HibernateConnectionHandle@11bd4435]
2026-03-16 17:12:04 [http-nio-8080-exec-8] DEBUG o.s.orm.jpa.JpaTransactionManager - Found thread-bound EntityManager [SessionImpl(1529572156<open>)] for JPA transaction
2026-03-16 17:12:04 [http-nio-8080-exec-13] DEBUG o.s.orm.jpa.JpaTransactionManager - Found thread-bound EntityManager [SessionImpl(1557382652<open>)] for JPA transaction
2026-03-16 17:12:04 [http-nio-8080-exec-8] DEBUG o.s.orm.jpa.JpaTransactionManager - Participating in existing transaction
2026-03-16 17:12:04 [http-nio-8080-exec-13] DEBUG o.s.orm.jpa.JpaTransactionManager - Participating in existing transaction
2026-03-16 17:12:04 [http-nio-8080-exec-13] DEBUG org.hibernate.SQL - select u1_0.emplyr_id,u1_0.area_no,u1_0.brthdy,u1_0.chg_pwd_cnt,u1_0.frst_register_id,u1_0.frst_regist_pnttm,u1_0.detail_adres,u1_0.email_adres,u1_0.emplyr_sttus_code,u1_0.empl_no,u1_0.esntl_id,u1_0.fxnum,u1_0.group_id,u1_0.house_adres,u1_0.house_end_telno,u1_0.house_middle_telno,u1_0.ihidnum,u1_0.pstinst_code,u1_0.last_updusr_id,u1_0.last_updt_pnttm,u1_0.lock_at,u1_0.lock_cnt,u1_0.lock_last_pnttm,u1_0.mbtlnum,u1_0.ofcps_nm,u1_0.offm_telno,u1_0.orgnzt_id,u1_0.password,u1_0.password_cnsr,u1_0.password_hint,u1_0.chg_pwd_last_pnttm,u1_0.role,u1_0.sbscrb_de,u1_0.sexdstn_code,u1_0.crtfc_dn_value,u1_0.user_nm,u1_0.zip from nemplyrinfo u1_0 where u1_0.emplyr_id=?
2026-03-16 17:12:04 [http-nio-8080-exec-8] DEBUG org.hibernate.SQL - select u1_0.emplyr_id,u1_0.area_no,u1_0.brthdy,u1_0.chg_pwd_cnt,u1_0.frst_register_id,u1_0.frst_regist_pnttm,u1_0.detail_adres,u1_0.email_adres,u1_0.emplyr_sttus_code,u1_0.empl_no,u1_0.esntl_id,u1_0.fxnum,u1_0.group_id,u1_0.house_adres,u1_0.house_end_telno,u1_0.house_middle_telno,u1_0.ihidnum,u1_0.pstinst_code,u1_0.last_updusr_id,u1_0.last_updt_pnttm,u1_0.lock_at,u1_0.lock_cnt,u1_0.lock_last_pnttm,u1_0.mbtlnum,u1_0.ofcps_nm,u1_0.offm_telno,u1_0.orgnzt_id,u1_0.password,u1_0.password_cnsr,u1_0.password_hint,u1_0.chg_pwd_last_pnttm,u1_0.role,u1_0.sbscrb_de,u1_0.sexdstn_code,u1_0.crtfc_dn_value,u1_0.user_nm,u1_0.zip from nemplyrinfo u1_0 where u1_0.emplyr_id=?
2026-03-16 17:12:05 [http-nio-8080-exec-8] DEBUG o.s.orm.jpa.JpaTransactionManager - Found thread-bound EntityManager [SessionImpl(1529572156<open>)] for JPA transaction
2026-03-16 17:12:05 [http-nio-8080-exec-13] DEBUG o.s.orm.jpa.JpaTransactionManager - Found thread-bound EntityManager [SessionImpl(1557382652<open>)] for JPA transaction
2026-03-16 17:12:05 [http-nio-8080-exec-9] DEBUG o.s.orm.jpa.JpaTransactionManager - Found thread-bound EntityManager [SessionImpl(897622461<open>)] for JPA transaction
2026-03-16 17:12:05 [http-nio-8080-exec-8] DEBUG o.s.orm.jpa.JpaTransactionManager - Participating in existing transaction
2026-03-16 17:12:05 [http-nio-8080-exec-13] DEBUG o.s.orm.jpa.JpaTransactionManager - Participating in existing transaction
2026-03-16 17:12:05 [http-nio-8080-exec-9] DEBUG o.s.orm.jpa.JpaTransactionManager - Participating in existing transaction
2026-03-16 17:12:05 [http-nio-8080-exec-8] DEBUG org.hibernate.SQL - select ua1_0.scrty_dtrmn_trget_id,ua1_0.author_code,ua1_0.frst_register_id,ua1_0.frst_regist_pnttm,ua1_0.last_updusr_id,ua1_0.last_updt_pnttm,ua1_0.mber_ty_code from nemplyrscrtyestbs ua1_0 where ua1_0.scrty_dtrmn_trget_id=?
2026-03-16 17:12:05 [http-nio-8080-exec-13] DEBUG org.hibernate.SQL - select ua1_0.scrty_dtrmn_trget_id,ua1_0.author_code,ua1_0.frst_register_id,ua1_0.frst_regist_pnttm,ua1_0.last_updusr_id,ua1_0.last_updt_pnttm,ua1_0.mber_ty_code from nemplyrscrtyestbs ua1_0 where ua1_0.scrty_dtrmn_trget_id=?
2026-03-16 17:12:05 [http-nio-8080-exec-9] DEBUG org.hibernate.SQL - select p1_0.progrm_file_nm,p1_0.progrm_dc,p1_0.progrm_korean_nm,p1_0.progrm_stre_path,p1_0.url from nprogrmlist p1_0
2026-03-16 17:12:05 [http-nio-8080-exec-13] DEBUG o.s.orm.jpa.JpaTransactionManager - Initiating transaction commit
2026-03-16 17:12:05 [http-nio-8080-exec-8] DEBUG o.s.orm.jpa.JpaTransactionManager - Initiating transaction commit
2026-03-16 17:12:05 [http-nio-8080-exec-13] DEBUG o.s.orm.jpa.JpaTransactionManager - Committing JPA transaction on EntityManager [SessionImpl(1557382652<open>)]
2026-03-16 17:12:05 [http-nio-8080-exec-8] DEBUG o.s.orm.jpa.JpaTransactionManager - Committing JPA transaction on EntityManager [SessionImpl(1529572156<open>)]
2026-03-16 17:12:05 [http-nio-8080-exec-9] DEBUG o.s.orm.jpa.JpaTransactionManager - Initiating transaction commit
2026-03-16 17:12:05 [http-nio-8080-exec-9] DEBUG o.s.orm.jpa.JpaTransactionManager - Committing JPA transaction on EntityManager [SessionImpl(897622461<open>)]
2026-03-16 17:12:05 [http-nio-8080-exec-13] DEBUG o.s.orm.jpa.JpaTransactionManager - Closing JPA EntityManager [SessionImpl(1557382652<open>)] after transaction
2026-03-16 17:12:05 [http-nio-8080-exec-8] DEBUG o.s.orm.jpa.JpaTransactionManager - Closing JPA EntityManager [SessionImpl(1529572156<open>)] after transaction
2026-03-16 17:12:05 [http-nio-8080-exec-13] DEBUG c.c.p.s.jwt.JwtAuthenticationFilter - >>> [JwtFilter] Successfully authenticated user: USRCNFRM_99999999999, Authorities: [ROLE_ADMIN]
2026-03-16 17:12:05 [http-nio-8080-exec-8] DEBUG c.c.p.s.jwt.JwtAuthenticationFilter - >>> [JwtFilter] Successfully authenticated user: USRCNFRM_99999999999, Authorities: [ROLE_ADMIN]
2026-03-16 17:12:05 [http-nio-8080-exec-8] DEBUG o.s.web.servlet.DispatcherServlet - GET "/api/v1/notifications", parameters={}
2026-03-16 17:12:05 [http-nio-8080-exec-13] DEBUG o.s.web.servlet.DispatcherServlet - GET "/api/v1/notifications/unread-count", parameters={}
2026-03-16 17:12:05 [http-nio-8080-exec-8] TRACE o.s.w.s.m.m.a.RequestMappingHandlerMapping - Mapped to com.company.project.api.controller.notification.NotificationController#getMyNotifications(UserDetails)
2026-03-16 17:12:05 [http-nio-8080-exec-13] TRACE o.s.w.s.m.m.a.RequestMappingHandlerMapping - Mapped to com.company.project.api.controller.notification.NotificationController#getUnreadCount(UserDetails)
2026-03-16 17:12:05 [http-nio-8080-exec-8] DEBUG o.s.orm.jpa.JpaTransactionManager - Creating new transaction with name [com.company.project.service.notification.NotificationService.getActiveNotifications]: PROPAGATION_REQUIRED,ISOLATION_DEFAULT,readOnly
2026-03-16 17:12:05 [http-nio-8080-exec-13] DEBUG o.s.orm.jpa.JpaTransactionManager - Creating new transaction with name [com.company.project.service.notification.NotificationService.getUnreadCount]: PROPAGATION_REQUIRED,ISOLATION_DEFAULT,readOnly
2026-03-16 17:12:05 [http-nio-8080-exec-8] DEBUG o.s.orm.jpa.JpaTransactionManager - Opened new EntityManager [SessionImpl(681703856<open>)] for JPA transaction
2026-03-16 17:12:05 [http-nio-8080-exec-13] DEBUG o.s.orm.jpa.JpaTransactionManager - Opened new EntityManager [SessionImpl(1714344290<open>)] for JPA transaction
2026-03-16 17:12:05 [http-nio-8080-exec-8] DEBUG o.s.orm.jpa.JpaTransactionManager - Exposing JPA transaction as JDBC [org.springframework.orm.jpa.vendor.HibernateJpaDialect$HibernateConnectionHandle@324c1131]
2026-03-16 17:12:05 [http-nio-8080-exec-13] DEBUG o.s.orm.jpa.JpaTransactionManager - Exposing JPA transaction as JDBC [org.springframework.orm.jpa.vendor.HibernateJpaDialect$HibernateConnectionHandle@7550601d]
2026-03-16 17:12:05 [http-nio-8080-exec-8] DEBUG o.s.orm.jpa.JpaTransactionManager - Found thread-bound EntityManager [SessionImpl(681703856<open>)] for JPA transaction
2026-03-16 17:12:05 [http-nio-8080-exec-8] DEBUG o.s.orm.jpa.JpaTransactionManager - Participating in existing transaction
2026-03-16 17:12:05 [http-nio-8080-exec-8] DEBUG org.hibernate.SQL - select n1_0.ntcn_no,n1_0.frst_register_id,n1_0.frst_regist_pnttm,n1_0.is_read,n1_0.last_updusr_id,n1_0.last_updt_pnttm,n1_0.link_url,n1_0.ntcn_cn,n1_0.ntcn_sj,n1_0.receiver_id from n_user_notification n1_0
2026-03-16 17:12:05 [http-nio-8080-exec-13] DEBUG org.hibernate.SQL - select count(n1_0.ntcn_no) from n_user_notification n1_0 where n1_0.receiver_id=? and n1_0.is_read=?
2026-03-16 17:12:05 [http-nio-8080-exec-9] DEBUG o.s.orm.jpa.JpaTransactionManager - Closing JPA EntityManager [SessionImpl(897622461<open>)] after transaction
2026-03-16 17:12:05 [http-nio-8080-exec-9] INFO  c.c.p.a.c.menu.MenuController - getLeftMenu returned 5 items
2026-03-16 17:12:05 [http-nio-8080-exec-9] DEBUG o.s.w.s.m.m.a.HttpEntityMethodProcessor - Using 'application/json', given [application/json, text/plain, */*] and supported [application/json, application/*+json, application/yaml]
2026-03-16 17:12:05 [http-nio-8080-exec-9] TRACE o.s.w.s.m.m.a.HttpEntityMethodProcessor - Writing [ApiResponse[success=true, status=200, code=COMMON_001, message=Success, data={list=[com.company.project.service.menu.dto.MenuDto@2941840, com.company.project.service.menu.dto.MenuDto@4cafdf46, com.company.project.service.menu.dto.MenuDto@5fc15750, com.company.project.service.menu.dto.MenuDto@3d0f447d, com.company.project.service.menu.dto.MenuDto@1ffb1d84]}, timestamp=2026-03-16T17:12:05.351729]]
2026-03-16 17:12:05 [http-nio-8080-exec-9] INFO  c.c.p.a.i.OperationalAuditInterceptor - API Audit Log: URL=/api/v1/menu/left, User=webmaster, IP=127.0.0.1
2026-03-16 17:12:05 [http-nio-8080-exec-9] DEBUG o.s.web.servlet.DispatcherServlet - Completed 200 OK
2026-03-16 17:12:05 [http-nio-8080-exec-10] DEBUG c.c.p.s.jwt.JwtAuthenticationFilter - >>> [JwtFilter] Processing request: GET /api/v1/menu/left
2026-03-16 17:12:05 [http-nio-8080-exec-10] DEBUG c.c.p.s.jwt.JwtAuthenticationFilter - >>> [JwtFilter] Found token in header for path: /api/v1/menu/left
2026-03-16 17:12:05 [http-nio-8080-exec-10] DEBUG o.s.orm.jpa.JpaTransactionManager - Creating new transaction with name [com.company.project.security.iam.CustomUserDetailsService.loadUserByUsername]: PROPAGATION_REQUIRED,ISOLATION_DEFAULT,readOnly
2026-03-16 17:12:05 [http-nio-8080-exec-10] DEBUG o.s.orm.jpa.JpaTransactionManager - Opened new EntityManager [SessionImpl(173334705<open>)] for JPA transaction
2026-03-16 17:12:05 [http-nio-8080-exec-13] DEBUG o.s.orm.jpa.JpaTransactionManager - Initiating transaction commit
2026-03-16 17:12:05 [http-nio-8080-exec-8] DEBUG o.s.orm.jpa.JpaTransactionManager - Initiating transaction commit
2026-03-16 17:12:05 [http-nio-8080-exec-13] DEBUG o.s.orm.jpa.JpaTransactionManager - Committing JPA transaction on EntityManager [SessionImpl(1714344290<open>)]
2026-03-16 17:12:05 [http-nio-8080-exec-8] DEBUG o.s.orm.jpa.JpaTransactionManager - Committing JPA transaction on EntityManager [SessionImpl(681703856<open>)]
2026-03-16 17:12:05 [http-nio-8080-exec-10] DEBUG o.s.orm.jpa.JpaTransactionManager - Exposing JPA transaction as JDBC [org.springframework.orm.jpa.vendor.HibernateJpaDialect$HibernateConnectionHandle@43252a12]
2026-03-16 17:12:05 [http-nio-8080-exec-10] DEBUG o.s.orm.jpa.JpaTransactionManager - Found thread-bound EntityManager [SessionImpl(173334705<open>)] for JPA transaction
2026-03-16 17:12:05 [http-nio-8080-exec-10] DEBUG o.s.orm.jpa.JpaTransactionManager - Participating in existing transaction
2026-03-16 17:12:05 [http-nio-8080-exec-10] DEBUG org.hibernate.SQL - select u1_0.emplyr_id,u1_0.area_no,u1_0.brthdy,u1_0.chg_pwd_cnt,u1_0.frst_register_id,u1_0.frst_regist_pnttm,u1_0.detail_adres,u1_0.email_adres,u1_0.emplyr_sttus_code,u1_0.empl_no,u1_0.esntl_id,u1_0.fxnum,u1_0.group_id,u1_0.house_adres,u1_0.house_end_telno,u1_0.house_middle_telno,u1_0.ihidnum,u1_0.pstinst_code,u1_0.last_updusr_id,u1_0.last_updt_pnttm,u1_0.lock_at,u1_0.lock_cnt,u1_0.lock_last_pnttm,u1_0.mbtlnum,u1_0.ofcps_nm,u1_0.offm_telno,u1_0.orgnzt_id,u1_0.password,u1_0.password_cnsr,u1_0.password_hint,u1_0.chg_pwd_last_pnttm,u1_0.role,u1_0.sbscrb_de,u1_0.sexdstn_code,u1_0.crtfc_dn_value,u1_0.user_nm,u1_0.zip from nemplyrinfo u1_0 where u1_0.emplyr_id=?
2026-03-16 17:12:05 [http-nio-8080-exec-13] DEBUG o.s.orm.jpa.JpaTransactionManager - Closing JPA EntityManager [SessionImpl(1714344290<open>)] after transaction
2026-03-16 17:12:05 [http-nio-8080-exec-8] DEBUG o.s.orm.jpa.JpaTransactionManager - Closing JPA EntityManager [SessionImpl(681703856<open>)] after transaction
2026-03-16 17:12:05 [http-nio-8080-exec-8] DEBUG o.s.w.s.m.m.a.HttpEntityMethodProcessor - Using 'application/json', given [application/json, text/plain, */*] and supported [application/json, application/*+json, application/yaml]
2026-03-16 17:12:05 [http-nio-8080-exec-13] DEBUG o.s.w.s.m.m.a.HttpEntityMethodProcessor - Using 'application/json', given [application/json, text/plain, */*] and supported [application/json, application/*+json, application/yaml]
2026-03-16 17:12:05 [http-nio-8080-exec-13] TRACE o.s.w.s.m.m.a.HttpEntityMethodProcessor - Writing [ApiResponse[success=true, status=200, code=COMMON_001, message=Success, data=0, timestamp=2026-03-16T17:12:05.686298700]]
2026-03-16 17:12:05 [http-nio-8080-exec-8] TRACE o.s.w.s.m.m.a.HttpEntityMethodProcessor - Writing [ApiResponse[success=true, status=200, code=COMMON_001, message=Success, data=[NotificationDto(ntfcNo=NT001, ntfcSj=테스트 알림입니다, ntfcCn=알림 내용입니다, ntfcDate=null, ntfcTime=2026-02-25T00:59:33.784070, bhNtfcIntrvl=null, uniqId=null, frstRegisterId=null, frstRegisterPnttm=2026-02-25T00:59:33.784070, lastUpdusrId=null, lastUpdusrPnttm=null)], timestamp=2026-03-16T17:12:05.686298700]]
2026-03-16 17:12:05 [http-nio-8080-exec-8] INFO  c.c.p.a.i.OperationalAuditInterceptor - API Audit Log: URL=/api/v1/notifications, User=webmaster, IP=127.0.0.1
2026-03-16 17:12:05 [http-nio-8080-exec-13] INFO  c.c.p.a.i.OperationalAuditInterceptor - API Audit Log: URL=/api/v1/notifications/unread-count, User=webmaster, IP=127.0.0.1
2026-03-16 17:12:05 [http-nio-8080-exec-8] DEBUG o.s.web.servlet.DispatcherServlet - Completed 200 OK
2026-03-16 17:12:05 [http-nio-8080-exec-13] DEBUG o.s.web.servlet.DispatcherServlet - Completed 200 OK
2026-03-16 17:12:05 [http-nio-8080-exec-10] DEBUG o.s.orm.jpa.JpaTransactionManager - Found thread-bound EntityManager [SessionImpl(173334705<open>)] for JPA transaction
2026-03-16 17:12:05 [http-nio-8080-exec-10] DEBUG o.s.orm.jpa.JpaTransactionManager - Participating in existing transaction
2026-03-16 17:12:05 [http-nio-8080-exec-10] DEBUG org.hibernate.SQL - select ua1_0.scrty_dtrmn_trget_id,ua1_0.author_code,ua1_0.frst_register_id,ua1_0.frst_regist_pnttm,ua1_0.last_updusr_id,ua1_0.last_updt_pnttm,ua1_0.mber_ty_code from nemplyrscrtyestbs ua1_0 where ua1_0.scrty_dtrmn_trget_id=?
2026-03-16 17:12:05 [http-nio-8080-exec-15] DEBUG c.c.p.s.jwt.JwtAuthenticationFilter - >>> [JwtFilter] Processing request: GET /api/v1/notifications/unread-count
2026-03-16 17:12:05 [http-nio-8080-exec-15] DEBUG c.c.p.s.jwt.JwtAuthenticationFilter - >>> [JwtFilter] Found token in header for path: /api/v1/notifications/unread-count
2026-03-16 17:12:05 [http-nio-8080-exec-15] DEBUG o.s.orm.jpa.JpaTransactionManager - Creating new transaction with name [com.company.project.security.iam.CustomUserDetailsService.loadUserByUsername]: PROPAGATION_REQUIRED,ISOLATION_DEFAULT,readOnly
2026-03-16 17:12:05 [http-nio-8080-exec-15] DEBUG o.s.orm.jpa.JpaTransactionManager - Opened new EntityManager [SessionImpl(1061247411<open>)] for JPA transaction
2026-03-16 17:12:05 [http-nio-8080-exec-17] DEBUG c.c.p.s.jwt.JwtAuthenticationFilter - >>> [JwtFilter] Processing request: GET /api/v1/notifications
2026-03-16 17:12:05 [http-nio-8080-exec-17] DEBUG c.c.p.s.jwt.JwtAuthenticationFilter - >>> [JwtFilter] Found token in header for path: /api/v1/notifications
2026-03-16 17:12:05 [http-nio-8080-exec-17] DEBUG o.s.orm.jpa.JpaTransactionManager - Creating new transaction with name [com.company.project.security.iam.CustomUserDetailsService.loadUserByUsername]: PROPAGATION_REQUIRED,ISOLATION_DEFAULT,readOnly
2026-03-16 17:12:05 [http-nio-8080-exec-17] DEBUG o.s.orm.jpa.JpaTransactionManager - Opened new EntityManager [SessionImpl(953491909<open>)] for JPA transaction
2026-03-16 17:12:05 [http-nio-8080-exec-15] DEBUG o.s.orm.jpa.JpaTransactionManager - Exposing JPA transaction as JDBC [org.springframework.orm.jpa.vendor.HibernateJpaDialect$HibernateConnectionHandle@7f1964c3]
2026-03-16 17:12:06 [http-nio-8080-exec-10] DEBUG o.s.orm.jpa.JpaTransactionManager - Initiating transaction commit
2026-03-16 17:12:06 [http-nio-8080-exec-10] DEBUG o.s.orm.jpa.JpaTransactionManager - Committing JPA transaction on EntityManager [SessionImpl(173334705<open>)]
2026-03-16 17:12:06 [http-nio-8080-exec-15] DEBUG o.s.orm.jpa.JpaTransactionManager - Found thread-bound EntityManager [SessionImpl(1061247411<open>)] for JPA transaction
2026-03-16 17:12:06 [http-nio-8080-exec-15] DEBUG o.s.orm.jpa.JpaTransactionManager - Participating in existing transaction
2026-03-16 17:12:06 [http-nio-8080-exec-15] DEBUG org.hibernate.SQL - select u1_0.emplyr_id,u1_0.area_no,u1_0.brthdy,u1_0.chg_pwd_cnt,u1_0.frst_register_id,u1_0.frst_regist_pnttm,u1_0.detail_adres,u1_0.email_adres,u1_0.emplyr_sttus_code,u1_0.empl_no,u1_0.esntl_id,u1_0.fxnum,u1_0.group_id,u1_0.house_adres,u1_0.house_end_telno,u1_0.house_middle_telno,u1_0.ihidnum,u1_0.pstinst_code,u1_0.last_updusr_id,u1_0.last_updt_pnttm,u1_0.lock_at,u1_0.lock_cnt,u1_0.lock_last_pnttm,u1_0.mbtlnum,u1_0.ofcps_nm,u1_0.offm_telno,u1_0.orgnzt_id,u1_0.password,u1_0.password_cnsr,u1_0.password_hint,u1_0.chg_pwd_last_pnttm,u1_0.role,u1_0.sbscrb_de,u1_0.sexdstn_code,u1_0.crtfc_dn_value,u1_0.user_nm,u1_0.zip from nemplyrinfo u1_0 where u1_0.emplyr_id=?
2026-03-16 17:12:06 [http-nio-8080-exec-17] DEBUG o.s.orm.jpa.JpaTransactionManager - Exposing JPA transaction as JDBC [org.springframework.orm.jpa.vendor.HibernateJpaDialect$HibernateConnectionHandle@5be84092]
2026-03-16 17:12:06 [http-nio-8080-exec-17] DEBUG o.s.orm.jpa.JpaTransactionManager - Found thread-bound EntityManager [SessionImpl(953491909<open>)] for JPA transaction
2026-03-16 17:12:06 [http-nio-8080-exec-17] DEBUG o.s.orm.jpa.JpaTransactionManager - Participating in existing transaction
2026-03-16 17:12:06 [http-nio-8080-exec-17] DEBUG org.hibernate.SQL - select u1_0.emplyr_id,u1_0.area_no,u1_0.brthdy,u1_0.chg_pwd_cnt,u1_0.frst_register_id,u1_0.frst_regist_pnttm,u1_0.detail_adres,u1_0.email_adres,u1_0.emplyr_sttus_code,u1_0.empl_no,u1_0.esntl_id,u1_0.fxnum,u1_0.group_id,u1_0.house_adres,u1_0.house_end_telno,u1_0.house_middle_telno,u1_0.ihidnum,u1_0.pstinst_code,u1_0.last_updusr_id,u1_0.last_updt_pnttm,u1_0.lock_at,u1_0.lock_cnt,u1_0.lock_last_pnttm,u1_0.mbtlnum,u1_0.ofcps_nm,u1_0.offm_telno,u1_0.orgnzt_id,u1_0.password,u1_0.password_cnsr,u1_0.password_hint,u1_0.chg_pwd_last_pnttm,u1_0.role,u1_0.sbscrb_de,u1_0.sexdstn_code,u1_0.crtfc_dn_value,u1_0.user_nm,u1_0.zip from nemplyrinfo u1_0 where u1_0.emplyr_id=?
2026-03-16 17:12:06 [http-nio-8080-exec-10] DEBUG o.s.orm.jpa.JpaTransactionManager - Closing JPA EntityManager [SessionImpl(173334705<open>)] after transaction
2026-03-16 17:12:06 [http-nio-8080-exec-10] DEBUG c.c.p.s.jwt.JwtAuthenticationFilter - >>> [JwtFilter] Successfully authenticated user: USRCNFRM_99999999999, Authorities: [ROLE_ADMIN]
2026-03-16 17:12:06 [http-nio-8080-exec-10] DEBUG o.s.web.servlet.DispatcherServlet - GET "/api/v1/menu/left?menuNo=20", parameters={masked}
2026-03-16 17:12:06 [http-nio-8080-exec-10] TRACE o.s.w.s.m.m.a.RequestMappingHandlerMapping - Mapped to com.company.project.api.controller.menu.MenuController#getLeftMenu(Long)
2026-03-16 17:12:06 [http-nio-8080-exec-10] INFO  c.c.p.a.c.menu.MenuController - getLeftMenu called with menuNo=20
2026-03-16 17:12:06 [http-nio-8080-exec-10] DEBUG o.s.orm.jpa.JpaTransactionManager - Creating new transaction with name [com.company.project.service.menu.MenuService.getSubMenus]: PROPAGATION_REQUIRED,ISOLATION_DEFAULT,readOnly
2026-03-16 17:12:06 [http-nio-8080-exec-10] DEBUG o.s.orm.jpa.JpaTransactionManager - Opened new EntityManager [SessionImpl(1037526402<open>)] for JPA transaction
2026-03-16 17:12:06 [http-nio-8080-exec-10] DEBUG o.s.orm.jpa.JpaTransactionManager - Exposing JPA transaction as JDBC [org.springframework.orm.jpa.vendor.HibernateJpaDialect$HibernateConnectionHandle@71797aaa]
2026-03-16 17:12:06 [http-nio-8080-exec-15] DEBUG o.s.orm.jpa.JpaTransactionManager - Found thread-bound EntityManager [SessionImpl(1061247411<open>)] for JPA transaction
2026-03-16 17:12:06 [http-nio-8080-exec-15] DEBUG o.s.orm.jpa.JpaTransactionManager - Participating in existing transaction
2026-03-16 17:12:06 [http-nio-8080-exec-15] DEBUG org.hibernate.SQL - select ua1_0.scrty_dtrmn_trget_id,ua1_0.author_code,ua1_0.frst_register_id,ua1_0.frst_regist_pnttm,ua1_0.last_updusr_id,ua1_0.last_updt_pnttm,ua1_0.mber_ty_code from nemplyrscrtyestbs ua1_0 where ua1_0.scrty_dtrmn_trget_id=?
2026-03-16 17:12:06 [http-nio-8080-exec-10] DEBUG org.hibernate.SQL - select m1_0.menu_no,m1_0.menu_dc,m1_0.menu_nm,m1_0.menu_ordr,m1_0.modern_route,m1_0.progrm_file_nm,m1_0.relate_image_nm,m1_0.relate_image_path,m1_0.route_updated_at,m1_0.upper_menu_no from nmenuinfo m1_0 order by m1_0.upper_menu_no,m1_0.menu_ordr
2026-03-16 17:12:06 [http-nio-8080-exec-17] DEBUG o.s.orm.jpa.JpaTransactionManager - Found thread-bound EntityManager [SessionImpl(953491909<open>)] for JPA transaction
2026-03-16 17:12:06 [http-nio-8080-exec-17] DEBUG o.s.orm.jpa.JpaTransactionManager - Participating in existing transaction
2026-03-16 17:12:06 [http-nio-8080-exec-17] DEBUG org.hibernate.SQL - select ua1_0.scrty_dtrmn_trget_id,ua1_0.author_code,ua1_0.frst_register_id,ua1_0.frst_regist_pnttm,ua1_0.last_updusr_id,ua1_0.last_updt_pnttm,ua1_0.mber_ty_code from nemplyrscrtyestbs ua1_0 where ua1_0.scrty_dtrmn_trget_id=?
2026-03-16 17:12:06 [http-nio-8080-exec-15] DEBUG o.s.orm.jpa.JpaTransactionManager - Initiating transaction commit
2026-03-16 17:12:06 [http-nio-8080-exec-15] DEBUG o.s.orm.jpa.JpaTransactionManager - Committing JPA transaction on EntityManager [SessionImpl(1061247411<open>)]
2026-03-16 17:12:06 [http-nio-8080-exec-17] DEBUG o.s.orm.jpa.JpaTransactionManager - Initiating transaction commit
2026-03-16 17:12:06 [http-nio-8080-exec-17] DEBUG o.s.orm.jpa.JpaTransactionManager - Committing JPA transaction on EntityManager [SessionImpl(953491909<open>)]
2026-03-16 17:12:07 [http-nio-8080-exec-10] DEBUG o.s.orm.jpa.JpaTransactionManager - Found thread-bound EntityManager [SessionImpl(1037526402<open>)] for JPA transaction
2026-03-16 17:12:07 [http-nio-8080-exec-10] DEBUG o.s.orm.jpa.JpaTransactionManager - Participating in existing transaction
2026-03-16 17:12:07 [http-nio-8080-exec-10] DEBUG org.hibernate.SQL - select p1_0.progrm_file_nm,p1_0.progrm_dc,p1_0.progrm_korean_nm,p1_0.progrm_stre_path,p1_0.url from nprogrmlist p1_0
2026-03-16 17:12:07 [http-nio-8080-exec-15] DEBUG o.s.orm.jpa.JpaTransactionManager - Closing JPA EntityManager [SessionImpl(1061247411<open>)] after transaction
2026-03-16 17:12:07 [http-nio-8080-exec-15] DEBUG c.c.p.s.jwt.JwtAuthenticationFilter - >>> [JwtFilter] Successfully authenticated user: USRCNFRM_99999999999, Authorities: [ROLE_ADMIN]
2026-03-16 17:12:07 [http-nio-8080-exec-15] DEBUG o.s.web.servlet.DispatcherServlet - GET "/api/v1/notifications/unread-count", parameters={}
2026-03-16 17:12:07 [http-nio-8080-exec-15] TRACE o.s.w.s.m.m.a.RequestMappingHandlerMapping - Mapped to com.company.project.api.controller.notification.NotificationController#getUnreadCount(UserDetails)
2026-03-16 17:12:07 [http-nio-8080-exec-15] DEBUG o.s.orm.jpa.JpaTransactionManager - Creating new transaction with name [com.company.project.service.notification.NotificationService.getUnreadCount]: PROPAGATION_REQUIRED,ISOLATION_DEFAULT,readOnly
2026-03-16 17:12:07 [http-nio-8080-exec-15] DEBUG o.s.orm.jpa.JpaTransactionManager - Opened new EntityManager [SessionImpl(550612003<open>)] for JPA transaction
2026-03-16 17:12:07 [http-nio-8080-exec-15] DEBUG o.s.orm.jpa.JpaTransactionManager - Exposing JPA transaction as JDBC [org.springframework.orm.jpa.vendor.HibernateJpaDialect$HibernateConnectionHandle@77059583]
2026-03-16 17:12:07 [http-nio-8080-exec-15] DEBUG org.hibernate.SQL - select count(n1_0.ntcn_no) from n_user_notification n1_0 where n1_0.receiver_id=? and n1_0.is_read=?
2026-03-16 17:12:07 [http-nio-8080-exec-17] DEBUG o.s.orm.jpa.JpaTransactionManager - Closing JPA EntityManager [SessionImpl(953491909<open>)] after transaction
2026-03-16 17:12:07 [http-nio-8080-exec-17] DEBUG c.c.p.s.jwt.JwtAuthenticationFilter - >>> [JwtFilter] Successfully authenticated user: USRCNFRM_99999999999, Authorities: [ROLE_ADMIN]
2026-03-16 17:12:07 [http-nio-8080-exec-17] DEBUG o.s.web.servlet.DispatcherServlet - GET "/api/v1/notifications", parameters={}
2026-03-16 17:12:07 [http-nio-8080-exec-17] TRACE o.s.w.s.m.m.a.RequestMappingHandlerMapping - Mapped to com.company.project.api.controller.notification.NotificationController#getMyNotifications(UserDetails)
2026-03-16 17:12:07 [http-nio-8080-exec-17] DEBUG o.s.orm.jpa.JpaTransactionManager - Creating new transaction with name [com.company.project.service.notification.NotificationService.getActiveNotifications]: PROPAGATION_REQUIRED,ISOLATION_DEFAULT,readOnly
2026-03-16 17:12:07 [http-nio-8080-exec-17] DEBUG o.s.orm.jpa.JpaTransactionManager - Opened new EntityManager [SessionImpl(1354086998<open>)] for JPA transaction
2026-03-16 17:12:07 [http-nio-8080-exec-17] DEBUG o.s.orm.jpa.JpaTransactionManager - Exposing JPA transaction as JDBC [org.springframework.orm.jpa.vendor.HibernateJpaDialect$HibernateConnectionHandle@58ddffcc]
2026-03-16 17:12:07 [http-nio-8080-exec-17] DEBUG o.s.orm.jpa.JpaTransactionManager - Found thread-bound EntityManager [SessionImpl(1354086998<open>)] for JPA transaction
2026-03-16 17:12:07 [http-nio-8080-exec-17] DEBUG o.s.orm.jpa.JpaTransactionManager - Participating in existing transaction
2026-03-16 17:12:07 [http-nio-8080-exec-17] DEBUG org.hibernate.SQL - select n1_0.ntcn_no,n1_0.frst_register_id,n1_0.frst_regist_pnttm,n1_0.is_read,n1_0.last_updusr_id,n1_0.last_updt_pnttm,n1_0.link_url,n1_0.ntcn_cn,n1_0.ntcn_sj,n1_0.receiver_id from n_user_notification n1_0
2026-03-16 17:12:07 [http-nio-8080-exec-10] DEBUG o.s.orm.jpa.JpaTransactionManager - Initiating transaction commit
2026-03-16 17:12:07 [http-nio-8080-exec-10] DEBUG o.s.orm.jpa.JpaTransactionManager - Committing JPA transaction on EntityManager [SessionImpl(1037526402<open>)]
2026-03-16 17:12:07 [http-nio-8080-exec-15] DEBUG o.s.orm.jpa.JpaTransactionManager - Initiating transaction commit
2026-03-16 17:12:07 [http-nio-8080-exec-15] DEBUG o.s.orm.jpa.JpaTransactionManager - Committing JPA transaction on EntityManager [SessionImpl(550612003<open>)]
2026-03-16 17:12:07 [http-nio-8080-exec-17] DEBUG o.s.orm.jpa.JpaTransactionManager - Initiating transaction commit
2026-03-16 17:12:07 [http-nio-8080-exec-17] DEBUG o.s.orm.jpa.JpaTransactionManager - Committing JPA transaction on EntityManager [SessionImpl(1354086998<open>)]
2026-03-16 17:12:07 [http-nio-8080-exec-10] DEBUG o.s.orm.jpa.JpaTransactionManager - Closing JPA EntityManager [SessionImpl(1037526402<open>)] after transaction
2026-03-16 17:12:07 [http-nio-8080-exec-10] INFO  c.c.p.a.c.menu.MenuController - getLeftMenu returned 3 items
2026-03-16 17:12:07 [http-nio-8080-exec-10] DEBUG o.s.w.s.m.m.a.HttpEntityMethodProcessor - Using 'application/json', given [application/json, text/plain, */*] and supported [application/json, application/*+json, application/yaml]
2026-03-16 17:12:07 [http-nio-8080-exec-10] TRACE o.s.w.s.m.m.a.HttpEntityMethodProcessor - Writing [ApiResponse[success=true, status=200, code=COMMON_001, message=Success, data={list=[com.company.project.service.menu.dto.MenuDto@7daf19f9, com.company.project.service.menu.dto.MenuDto@570b0c2d, com.company.project.service.menu.dto.MenuDto@51b1347]}, timestamp=2026-03-16T17:12:07.370545300]]
2026-03-16 17:12:07 [http-nio-8080-exec-10] INFO  c.c.p.a.i.OperationalAuditInterceptor - API Audit Log: URL=/api/v1/menu/left, User=webmaster, IP=127.0.0.1
2026-03-16 17:12:07 [http-nio-8080-exec-10] DEBUG o.s.web.servlet.DispatcherServlet - Completed 200 OK
2026-03-16 17:12:07 [http-nio-8080-exec-15] DEBUG o.s.orm.jpa.JpaTransactionManager - Closing JPA EntityManager [SessionImpl(550612003<open>)] after transaction
2026-03-16 17:12:07 [http-nio-8080-exec-15] DEBUG o.s.w.s.m.m.a.HttpEntityMethodProcessor - Using 'application/json', given [application/json, text/plain, */*] and supported [application/json, application/*+json, application/yaml]
2026-03-16 17:12:07 [http-nio-8080-exec-15] TRACE o.s.w.s.m.m.a.HttpEntityMethodProcessor - Writing [ApiResponse[success=true, status=200, code=COMMON_001, message=Success, data=0, timestamp=2026-03-16T17:12:07.376037900]]
2026-03-16 17:12:07 [http-nio-8080-exec-15] INFO  c.c.p.a.i.OperationalAuditInterceptor - API Audit Log: URL=/api/v1/notifications/unread-count, User=webmaster, IP=127.0.0.1
2026-03-16 17:12:07 [http-nio-8080-exec-15] DEBUG o.s.web.servlet.DispatcherServlet - Completed 200 OK
2026-03-16 17:12:07 [http-nio-8080-exec-12] DEBUG c.c.p.s.jwt.JwtAuthenticationFilter - >>> [JwtFilter] Processing request: GET /api/v1/menu/left
2026-03-16 17:12:07 [http-nio-8080-exec-12] DEBUG c.c.p.s.jwt.JwtAuthenticationFilter - >>> [JwtFilter] Found token in header for path: /api/v1/menu/left
2026-03-16 17:12:07 [http-nio-8080-exec-17] DEBUG o.s.orm.jpa.JpaTransactionManager - Closing JPA EntityManager [SessionImpl(1354086998<open>)] after transaction
2026-03-16 17:12:07 [http-nio-8080-exec-17] DEBUG o.s.w.s.m.m.a.HttpEntityMethodProcessor - Using 'application/json', given [application/json, text/plain, */*] and supported [application/json, application/*+json, application/yaml]
2026-03-16 17:12:07 [http-nio-8080-exec-17] TRACE o.s.w.s.m.m.a.HttpEntityMethodProcessor - Writing [ApiResponse[success=true, status=200, code=COMMON_001, message=Success, data=[NotificationDto(ntfcNo=NT001, ntfcSj=테스트 알림입니다, ntfcCn=알림 내용입니다, ntfcDate=null, ntfcTime=2026-02-25T00:59:33.784070, bhNtfcIntrvl=null, uniqId=null, frstRegisterId=null, frstRegisterPnttm=2026-02-25T00:59:33.784070, lastUpdusrId=null, lastUpdusrPnttm=null)], timestamp=2026-03-16T17:12:07.399683500]]
2026-03-16 17:12:07 [http-nio-8080-exec-12] DEBUG o.s.orm.jpa.JpaTransactionManager - Creating new transaction with name [com.company.project.security.iam.CustomUserDetailsService.loadUserByUsername]: PROPAGATION_REQUIRED,ISOLATION_DEFAULT,readOnly
2026-03-16 17:12:07 [http-nio-8080-exec-12] DEBUG o.s.orm.jpa.JpaTransactionManager - Opened new EntityManager [SessionImpl(1511498358<open>)] for JPA transaction
2026-03-16 17:12:07 [http-nio-8080-exec-17] INFO  c.c.p.a.i.OperationalAuditInterceptor - API Audit Log: URL=/api/v1/notifications, User=webmaster, IP=127.0.0.1
2026-03-16 17:12:07 [http-nio-8080-exec-17] DEBUG o.s.web.servlet.DispatcherServlet - Completed 200 OK
2026-03-16 17:12:07 [http-nio-8080-exec-12] DEBUG o.s.orm.jpa.JpaTransactionManager - Exposing JPA transaction as JDBC [org.springframework.orm.jpa.vendor.HibernateJpaDialect$HibernateConnectionHandle@769fa9bd]
2026-03-16 17:12:07 [http-nio-8080-exec-12] DEBUG o.s.orm.jpa.JpaTransactionManager - Found thread-bound EntityManager [SessionImpl(1511498358<open>)] for JPA transaction
2026-03-16 17:12:07 [http-nio-8080-exec-12] DEBUG o.s.orm.jpa.JpaTransactionManager - Participating in existing transaction
2026-03-16 17:12:07 [http-nio-8080-exec-12] DEBUG org.hibernate.SQL - select u1_0.emplyr_id,u1_0.area_no,u1_0.brthdy,u1_0.chg_pwd_cnt,u1_0.frst_register_id,u1_0.frst_regist_pnttm,u1_0.detail_adres,u1_0.email_adres,u1_0.emplyr_sttus_code,u1_0.empl_no,u1_0.esntl_id,u1_0.fxnum,u1_0.group_id,u1_0.house_adres,u1_0.house_end_telno,u1_0.house_middle_telno,u1_0.ihidnum,u1_0.pstinst_code,u1_0.last_updusr_id,u1_0.last_updt_pnttm,u1_0.lock_at,u1_0.lock_cnt,u1_0.lock_last_pnttm,u1_0.mbtlnum,u1_0.ofcps_nm,u1_0.offm_telno,u1_0.orgnzt_id,u1_0.password,u1_0.password_cnsr,u1_0.password_hint,u1_0.chg_pwd_last_pnttm,u1_0.role,u1_0.sbscrb_de,u1_0.sexdstn_code,u1_0.crtfc_dn_value,u1_0.user_nm,u1_0.zip from nemplyrinfo u1_0 where u1_0.emplyr_id=?
2026-03-16 17:12:07 [http-nio-8080-exec-12] DEBUG o.s.orm.jpa.JpaTransactionManager - Found thread-bound EntityManager [SessionImpl(1511498358<open>)] for JPA transaction
2026-03-16 17:12:07 [http-nio-8080-exec-12] DEBUG o.s.orm.jpa.JpaTransactionManager - Participating in existing transaction
2026-03-16 17:12:07 [http-nio-8080-exec-12] DEBUG org.hibernate.SQL - select ua1_0.scrty_dtrmn_trget_id,ua1_0.author_code,ua1_0.frst_register_id,ua1_0.frst_regist_pnttm,ua1_0.last_updusr_id,ua1_0.last_updt_pnttm,ua1_0.mber_ty_code from nemplyrscrtyestbs ua1_0 where ua1_0.scrty_dtrmn_trget_id=?
2026-03-16 17:12:07 [http-nio-8080-exec-12] DEBUG o.s.orm.jpa.JpaTransactionManager - Initiating transaction commit
2026-03-16 17:12:07 [http-nio-8080-exec-12] DEBUG o.s.orm.jpa.JpaTransactionManager - Committing JPA transaction on EntityManager [SessionImpl(1511498358<open>)]
2026-03-16 17:12:08 [http-nio-8080-exec-12] DEBUG o.s.orm.jpa.JpaTransactionManager - Closing JPA EntityManager [SessionImpl(1511498358<open>)] after transaction
2026-03-16 17:12:08 [http-nio-8080-exec-12] DEBUG c.c.p.s.jwt.JwtAuthenticationFilter - >>> [JwtFilter] Successfully authenticated user: USRCNFRM_99999999999, Authorities: [ROLE_ADMIN]
2026-03-16 17:12:08 [http-nio-8080-exec-12] DEBUG o.s.web.servlet.DispatcherServlet - GET "/api/v1/menu/left?menuNo=40", parameters={masked}
2026-03-16 17:12:08 [http-nio-8080-exec-12] TRACE o.s.w.s.m.m.a.RequestMappingHandlerMapping - Mapped to com.company.project.api.controller.menu.MenuController#getLeftMenu(Long)
2026-03-16 17:12:08 [http-nio-8080-exec-12] INFO  c.c.p.a.c.menu.MenuController - getLeftMenu called with menuNo=40
2026-03-16 17:12:08 [http-nio-8080-exec-12] DEBUG o.s.orm.jpa.JpaTransactionManager - Creating new transaction with name [com.company.project.service.menu.MenuService.getSubMenus]: PROPAGATION_REQUIRED,ISOLATION_DEFAULT,readOnly
2026-03-16 17:12:08 [http-nio-8080-exec-12] DEBUG o.s.orm.jpa.JpaTransactionManager - Opened new EntityManager [SessionImpl(471778708<open>)] for JPA transaction
2026-03-16 17:12:08 [http-nio-8080-exec-12] DEBUG o.s.orm.jpa.JpaTransactionManager - Exposing JPA transaction as JDBC [org.springframework.orm.jpa.vendor.HibernateJpaDialect$HibernateConnectionHandle@47b5ee5a]
2026-03-16 17:12:08 [http-nio-8080-exec-12] DEBUG org.hibernate.SQL - select m1_0.menu_no,m1_0.menu_dc,m1_0.menu_nm,m1_0.menu_ordr,m1_0.modern_route,m1_0.progrm_file_nm,m1_0.relate_image_nm,m1_0.relate_image_path,m1_0.route_updated_at,m1_0.upper_menu_no from nmenuinfo m1_0 order by m1_0.upper_menu_no,m1_0.menu_ordr
2026-03-16 17:12:08 [http-nio-8080-exec-12] DEBUG o.s.orm.jpa.JpaTransactionManager - Found thread-bound EntityManager [SessionImpl(471778708<open>)] for JPA transaction
2026-03-16 17:12:08 [http-nio-8080-exec-12] DEBUG o.s.orm.jpa.JpaTransactionManager - Participating in existing transaction
2026-03-16 17:12:08 [http-nio-8080-exec-12] DEBUG org.hibernate.SQL - select p1_0.progrm_file_nm,p1_0.progrm_dc,p1_0.progrm_korean_nm,p1_0.progrm_stre_path,p1_0.url from nprogrmlist p1_0
2026-03-16 17:12:08 [http-nio-8080-exec-12] DEBUG o.s.orm.jpa.JpaTransactionManager - Initiating transaction commit
2026-03-16 17:12:08 [http-nio-8080-exec-12] DEBUG o.s.orm.jpa.JpaTransactionManager - Committing JPA transaction on EntityManager [SessionImpl(471778708<open>)]
2026-03-16 17:12:08 [http-nio-8080-exec-12] DEBUG o.s.orm.jpa.JpaTransactionManager - Closing JPA EntityManager [SessionImpl(471778708<open>)] after transaction
2026-03-16 17:12:08 [http-nio-8080-exec-12] INFO  c.c.p.a.c.menu.MenuController - getLeftMenu returned 2 items
2026-03-16 17:12:08 [http-nio-8080-exec-12] DEBUG o.s.w.s.m.m.a.HttpEntityMethodProcessor - Using 'application/json', given [application/json, text/plain, */*] and supported [application/json, application/*+json, application/yaml]
2026-03-16 17:12:08 [http-nio-8080-exec-12] TRACE o.s.w.s.m.m.a.HttpEntityMethodProcessor - Writing [ApiResponse[success=true, status=200, code=COMMON_001, message=Success, data={list=[com.company.project.service.menu.dto.MenuDto@1cbb8e0, com.company.project.service.menu.dto.MenuDto@6e51ad5b]}, timestamp=2026-03-16T17:12:08.657634]]
2026-03-16 17:12:08 [http-nio-8080-exec-12] INFO  c.c.p.a.i.OperationalAuditInterceptor - API Audit Log: URL=/api/v1/menu/left, User=webmaster, IP=127.0.0.1
2026-03-16 17:12:08 [http-nio-8080-exec-12] DEBUG o.s.web.servlet.DispatcherServlet - Completed 200 OK
2026-03-16 17:12:08 [http-nio-8080-exec-8] DEBUG c.c.p.s.jwt.JwtAuthenticationFilter - >>> [JwtFilter] Processing request: GET /api/v1/menu/left
2026-03-16 17:12:08 [http-nio-8080-exec-8] DEBUG c.c.p.s.jwt.JwtAuthenticationFilter - >>> [JwtFilter] Found token in header for path: /api/v1/menu/left
2026-03-16 17:12:08 [http-nio-8080-exec-8] DEBUG o.s.orm.jpa.JpaTransactionManager - Creating new transaction with name [com.company.project.security.iam.CustomUserDetailsService.loadUserByUsername]: PROPAGATION_REQUIRED,ISOLATION_DEFAULT,readOnly
2026-03-16 17:12:08 [http-nio-8080-exec-8] DEBUG o.s.orm.jpa.JpaTransactionManager - Opened new EntityManager [SessionImpl(480974781<open>)] for JPA transaction
2026-03-16 17:12:08 [http-nio-8080-exec-8] DEBUG o.s.orm.jpa.JpaTransactionManager - Exposing JPA transaction as JDBC [org.springframework.orm.jpa.vendor.HibernateJpaDialect$HibernateConnectionHandle@6d98bfb7]
2026-03-16 17:12:08 [http-nio-8080-exec-8] DEBUG o.s.orm.jpa.JpaTransactionManager - Found thread-bound EntityManager [SessionImpl(480974781<open>)] for JPA transaction
2026-03-16 17:12:08 [http-nio-8080-exec-8] DEBUG o.s.orm.jpa.JpaTransactionManager - Participating in existing transaction
2026-03-16 17:12:08 [http-nio-8080-exec-8] DEBUG org.hibernate.SQL - select u1_0.emplyr_id,u1_0.area_no,u1_0.brthdy,u1_0.chg_pwd_cnt,u1_0.frst_register_id,u1_0.frst_regist_pnttm,u1_0.detail_adres,u1_0.email_adres,u1_0.emplyr_sttus_code,u1_0.empl_no,u1_0.esntl_id,u1_0.fxnum,u1_0.group_id,u1_0.house_adres,u1_0.house_end_telno,u1_0.house_middle_telno,u1_0.ihidnum,u1_0.pstinst_code,u1_0.last_updusr_id,u1_0.last_updt_pnttm,u1_0.lock_at,u1_0.lock_cnt,u1_0.lock_last_pnttm,u1_0.mbtlnum,u1_0.ofcps_nm,u1_0.offm_telno,u1_0.orgnzt_id,u1_0.password,u1_0.password_cnsr,u1_0.password_hint,u1_0.chg_pwd_last_pnttm,u1_0.role,u1_0.sbscrb_de,u1_0.sexdstn_code,u1_0.crtfc_dn_value,u1_0.user_nm,u1_0.zip from nemplyrinfo u1_0 where u1_0.emplyr_id=?
2026-03-16 17:12:09 [http-nio-8080-exec-8] DEBUG o.s.orm.jpa.JpaTransactionManager - Found thread-bound EntityManager [SessionImpl(480974781<open>)] for JPA transaction
2026-03-16 17:12:09 [http-nio-8080-exec-8] DEBUG o.s.orm.jpa.JpaTransactionManager - Participating in existing transaction
2026-03-16 17:12:09 [http-nio-8080-exec-8] DEBUG org.hibernate.SQL - select ua1_0.scrty_dtrmn_trget_id,ua1_0.author_code,ua1_0.frst_register_id,ua1_0.frst_regist_pnttm,ua1_0.last_updusr_id,ua1_0.last_updt_pnttm,ua1_0.mber_ty_code from nemplyrscrtyestbs ua1_0 where ua1_0.scrty_dtrmn_trget_id=?
2026-03-16 17:12:09 [http-nio-8080-exec-8] DEBUG o.s.orm.jpa.JpaTransactionManager - Initiating transaction commit
2026-03-16 17:12:09 [http-nio-8080-exec-8] DEBUG o.s.orm.jpa.JpaTransactionManager - Committing JPA transaction on EntityManager [SessionImpl(480974781<open>)]
2026-03-16 17:12:09 [http-nio-8080-exec-8] DEBUG o.s.orm.jpa.JpaTransactionManager - Closing JPA EntityManager [SessionImpl(480974781<open>)] after transaction
2026-03-16 17:12:09 [http-nio-8080-exec-8] DEBUG c.c.p.s.jwt.JwtAuthenticationFilter - >>> [JwtFilter] Successfully authenticated user: USRCNFRM_99999999999, Authorities: [ROLE_ADMIN]
2026-03-16 17:12:09 [http-nio-8080-exec-8] DEBUG o.s.web.servlet.DispatcherServlet - GET "/api/v1/menu/left?menuNo=50", parameters={masked}
2026-03-16 17:12:09 [http-nio-8080-exec-8] TRACE o.s.w.s.m.m.a.RequestMappingHandlerMapping - Mapped to com.company.project.api.controller.menu.MenuController#getLeftMenu(Long)
2026-03-16 17:12:09 [http-nio-8080-exec-8] INFO  c.c.p.a.c.menu.MenuController - getLeftMenu called with menuNo=50
2026-03-16 17:12:09 [http-nio-8080-exec-8] DEBUG o.s.orm.jpa.JpaTransactionManager - Creating new transaction with name [com.company.project.service.menu.MenuService.getSubMenus]: PROPAGATION_REQUIRED,ISOLATION_DEFAULT,readOnly
2026-03-16 17:12:09 [http-nio-8080-exec-8] DEBUG o.s.orm.jpa.JpaTransactionManager - Opened new EntityManager [SessionImpl(511940133<open>)] for JPA transaction
2026-03-16 17:12:09 [http-nio-8080-exec-8] DEBUG o.s.orm.jpa.JpaTransactionManager - Exposing JPA transaction as JDBC [org.springframework.orm.jpa.vendor.HibernateJpaDialect$HibernateConnectionHandle@132cddb2]
2026-03-16 17:12:09 [http-nio-8080-exec-8] DEBUG org.hibernate.SQL - select m1_0.menu_no,m1_0.menu_dc,m1_0.menu_nm,m1_0.menu_ordr,m1_0.modern_route,m1_0.progrm_file_nm,m1_0.relate_image_nm,m1_0.relate_image_path,m1_0.route_updated_at,m1_0.upper_menu_no from nmenuinfo m1_0 order by m1_0.upper_menu_no,m1_0.menu_ordr
2026-03-16 17:12:09 [http-nio-8080-exec-8] DEBUG o.s.orm.jpa.JpaTransactionManager - Found thread-bound EntityManager [SessionImpl(511940133<open>)] for JPA transaction
2026-03-16 17:12:09 [http-nio-8080-exec-8] DEBUG o.s.orm.jpa.JpaTransactionManager - Participating in existing transaction
2026-03-16 17:12:09 [http-nio-8080-exec-8] DEBUG org.hibernate.SQL - select p1_0.progrm_file_nm,p1_0.progrm_dc,p1_0.progrm_korean_nm,p1_0.progrm_stre_path,p1_0.url from nprogrmlist p1_0
2026-03-16 17:12:09 [http-nio-8080-exec-8] DEBUG o.s.orm.jpa.JpaTransactionManager - Initiating transaction commit
2026-03-16 17:12:09 [http-nio-8080-exec-8] DEBUG o.s.orm.jpa.JpaTransactionManager - Committing JPA transaction on EntityManager [SessionImpl(511940133<open>)]
2026-03-16 17:12:09 [http-nio-8080-exec-8] DEBUG o.s.orm.jpa.JpaTransactionManager - Closing JPA EntityManager [SessionImpl(511940133<open>)] after transaction
2026-03-16 17:12:09 [http-nio-8080-exec-8] INFO  c.c.p.a.c.menu.MenuController - getLeftMenu returned 3 items
2026-03-16 17:12:09 [http-nio-8080-exec-8] DEBUG o.s.w.s.m.m.a.HttpEntityMethodProcessor - Using 'application/json', given [application/json, text/plain, */*] and supported [application/json, application/*+json, application/yaml]
2026-03-16 17:12:09 [http-nio-8080-exec-8] TRACE o.s.w.s.m.m.a.HttpEntityMethodProcessor - Writing [ApiResponse[success=true, status=200, code=COMMON_001, message=Success, data={list=[com.company.project.service.menu.dto.MenuDto@6d3db794, com.company.project.service.menu.dto.MenuDto@2edcdb1d, com.company.project.service.menu.dto.MenuDto@426f076b]}, timestamp=2026-03-16T17:12:09.960339900]]
2026-03-16 17:12:09 [http-nio-8080-exec-8] INFO  c.c.p.a.i.OperationalAuditInterceptor - API Audit Log: URL=/api/v1/menu/left, User=webmaster, IP=127.0.0.1
2026-03-16 17:12:09 [http-nio-8080-exec-8] DEBUG o.s.web.servlet.DispatcherServlet - Completed 200 OK
2026-03-16 17:12:10 [http-nio-8080-exec-10] DEBUG c.c.p.s.jwt.JwtAuthenticationFilter - >>> [JwtFilter] Processing request: GET /api/v1/menu/left
2026-03-16 17:12:10 [http-nio-8080-exec-10] DEBUG c.c.p.s.jwt.JwtAuthenticationFilter - >>> [JwtFilter] Found token in header for path: /api/v1/menu/left
2026-03-16 17:12:10 [http-nio-8080-exec-10] DEBUG o.s.orm.jpa.JpaTransactionManager - Creating new transaction with name [com.company.project.security.iam.CustomUserDetailsService.loadUserByUsername]: PROPAGATION_REQUIRED,ISOLATION_DEFAULT,readOnly
2026-03-16 17:12:10 [http-nio-8080-exec-10] DEBUG o.s.orm.jpa.JpaTransactionManager - Opened new EntityManager [SessionImpl(749857889<open>)] for JPA transaction
2026-03-16 17:12:10 [http-nio-8080-exec-10] DEBUG o.s.orm.jpa.JpaTransactionManager - Exposing JPA transaction as JDBC [org.springframework.orm.jpa.vendor.HibernateJpaDialect$HibernateConnectionHandle@295458df]
2026-03-16 17:12:10 [http-nio-8080-exec-10] DEBUG o.s.orm.jpa.JpaTransactionManager - Found thread-bound EntityManager [SessionImpl(749857889<open>)] for JPA transaction
2026-03-16 17:12:10 [http-nio-8080-exec-10] DEBUG o.s.orm.jpa.JpaTransactionManager - Participating in existing transaction
2026-03-16 17:12:10 [http-nio-8080-exec-10] DEBUG org.hibernate.SQL - select u1_0.emplyr_id,u1_0.area_no,u1_0.brthdy,u1_0.chg_pwd_cnt,u1_0.frst_register_id,u1_0.frst_regist_pnttm,u1_0.detail_adres,u1_0.email_adres,u1_0.emplyr_sttus_code,u1_0.empl_no,u1_0.esntl_id,u1_0.fxnum,u1_0.group_id,u1_0.house_adres,u1_0.house_end_telno,u1_0.house_middle_telno,u1_0.ihidnum,u1_0.pstinst_code,u1_0.last_updusr_id,u1_0.last_updt_pnttm,u1_0.lock_at,u1_0.lock_cnt,u1_0.lock_last_pnttm,u1_0.mbtlnum,u1_0.ofcps_nm,u1_0.offm_telno,u1_0.orgnzt_id,u1_0.password,u1_0.password_cnsr,u1_0.password_hint,u1_0.chg_pwd_last_pnttm,u1_0.role,u1_0.sbscrb_de,u1_0.sexdstn_code,u1_0.crtfc_dn_value,u1_0.user_nm,u1_0.zip from nemplyrinfo u1_0 where u1_0.emplyr_id=?
2026-03-16 17:12:10 [http-nio-8080-exec-10] DEBUG o.s.orm.jpa.JpaTransactionManager - Found thread-bound EntityManager [SessionImpl(749857889<open>)] for JPA transaction
2026-03-16 17:12:10 [http-nio-8080-exec-10] DEBUG o.s.orm.jpa.JpaTransactionManager - Participating in existing transaction
2026-03-16 17:12:10 [http-nio-8080-exec-10] DEBUG org.hibernate.SQL - select ua1_0.scrty_dtrmn_trget_id,ua1_0.author_code,ua1_0.frst_register_id,ua1_0.frst_regist_pnttm,ua1_0.last_updusr_id,ua1_0.last_updt_pnttm,ua1_0.mber_ty_code from nemplyrscrtyestbs ua1_0 where ua1_0.scrty_dtrmn_trget_id=?
2026-03-16 17:12:10 [http-nio-8080-exec-10] DEBUG o.s.orm.jpa.JpaTransactionManager - Initiating transaction commit
2026-03-16 17:12:10 [http-nio-8080-exec-10] DEBUG o.s.orm.jpa.JpaTransactionManager - Committing JPA transaction on EntityManager [SessionImpl(749857889<open>)]
2026-03-16 17:12:10 [http-nio-8080-exec-10] DEBUG o.s.orm.jpa.JpaTransactionManager - Closing JPA EntityManager [SessionImpl(749857889<open>)] after transaction
2026-03-16 17:12:10 [http-nio-8080-exec-10] DEBUG c.c.p.s.jwt.JwtAuthenticationFilter - >>> [JwtFilter] Successfully authenticated user: USRCNFRM_99999999999, Authorities: [ROLE_ADMIN]
2026-03-16 17:12:10 [http-nio-8080-exec-10] DEBUG o.s.web.servlet.DispatcherServlet - GET "/api/v1/menu/left?menuNo=60", parameters={masked}
2026-03-16 17:12:10 [http-nio-8080-exec-10] TRACE o.s.w.s.m.m.a.RequestMappingHandlerMapping - Mapped to com.company.project.api.controller.menu.MenuController#getLeftMenu(Long)
2026-03-16 17:12:10 [http-nio-8080-exec-10] INFO  c.c.p.a.c.menu.MenuController - getLeftMenu called with menuNo=60
2026-03-16 17:12:10 [http-nio-8080-exec-10] DEBUG o.s.orm.jpa.JpaTransactionManager - Creating new transaction with name [com.company.project.service.menu.MenuService.getSubMenus]: PROPAGATION_REQUIRED,ISOLATION_DEFAULT,readOnly
2026-03-16 17:12:10 [http-nio-8080-exec-10] DEBUG o.s.orm.jpa.JpaTransactionManager - Opened new EntityManager [SessionImpl(1427193214<open>)] for JPA transaction
2026-03-16 17:12:10 [http-nio-8080-exec-10] DEBUG o.s.orm.jpa.JpaTransactionManager - Exposing JPA transaction as JDBC [org.springframework.orm.jpa.vendor.HibernateJpaDialect$HibernateConnectionHandle@2984a323]
2026-03-16 17:12:10 [http-nio-8080-exec-10] DEBUG org.hibernate.SQL - select m1_0.menu_no,m1_0.menu_dc,m1_0.menu_nm,m1_0.menu_ordr,m1_0.modern_route,m1_0.progrm_file_nm,m1_0.relate_image_nm,m1_0.relate_image_path,m1_0.route_updated_at,m1_0.upper_menu_no from nmenuinfo m1_0 order by m1_0.upper_menu_no,m1_0.menu_ordr
2026-03-16 17:12:10 [http-nio-8080-exec-10] DEBUG o.s.orm.jpa.JpaTransactionManager - Found thread-bound EntityManager [SessionImpl(1427193214<open>)] for JPA transaction
2026-03-16 17:12:10 [http-nio-8080-exec-10] DEBUG o.s.orm.jpa.JpaTransactionManager - Participating in existing transaction
2026-03-16 17:12:10 [http-nio-8080-exec-10] DEBUG org.hibernate.SQL - select p1_0.progrm_file_nm,p1_0.progrm_dc,p1_0.progrm_korean_nm,p1_0.progrm_stre_path,p1_0.url from nprogrmlist p1_0
2026-03-16 17:12:11 [http-nio-8080-exec-10] DEBUG o.s.orm.jpa.JpaTransactionManager - Initiating transaction commit
2026-03-16 17:12:11 [http-nio-8080-exec-10] DEBUG o.s.orm.jpa.JpaTransactionManager - Committing JPA transaction on EntityManager [SessionImpl(1427193214<open>)]
2026-03-16 17:12:11 [http-nio-8080-exec-10] DEBUG o.s.orm.jpa.JpaTransactionManager - Closing JPA EntityManager [SessionImpl(1427193214<open>)] after transaction
2026-03-16 17:12:11 [http-nio-8080-exec-10] INFO  c.c.p.a.c.menu.MenuController - getLeftMenu returned 1 items
2026-03-16 17:12:11 [http-nio-8080-exec-10] DEBUG o.s.w.s.m.m.a.HttpEntityMethodProcessor - Using 'application/json', given [application/json, text/plain, */*] and supported [application/json, application/*+json, application/yaml]
2026-03-16 17:12:11 [http-nio-8080-exec-10] TRACE o.s.w.s.m.m.a.HttpEntityMethodProcessor - Writing [ApiResponse[success=true, status=200, code=COMMON_001, message=Success, data={list=[com.company.project.service.menu.dto.MenuDto@4cb57d7b]}, timestamp=2026-03-16T17:12:11.286760100]]
2026-03-16 17:12:11 [http-nio-8080-exec-10] INFO  c.c.p.a.i.OperationalAuditInterceptor - API Audit Log: URL=/api/v1/menu/left, User=webmaster, IP=127.0.0.1
2026-03-16 17:12:11 [http-nio-8080-exec-10] DEBUG o.s.web.servlet.DispatcherServlet - Completed 200 OK
2026-03-16 17:12:11 [MessageBroker-8] DEBUG o.s.w.s.s.t.h.DefaultSockJsService - Closed 1 sessions: [o2xodxwk]
2026-03-16 17:15:30 [http-nio-8080-exec-17] DEBUG c.c.p.s.jwt.JwtAuthenticationFilter - >>> [JwtFilter] Processing request: GET /api/v1/menu/head
2026-03-16 17:15:30 [http-nio-8080-exec-17] DEBUG c.c.p.s.jwt.JwtAuthenticationFilter - >>> [JwtFilter] Found token in header for path: /api/v1/menu/head
2026-03-16 17:15:30 [http-nio-8080-exec-17] DEBUG o.s.orm.jpa.JpaTransactionManager - Creating new transaction with name [com.company.project.security.iam.CustomUserDetailsService.loadUserByUsername]: PROPAGATION_REQUIRED,ISOLATION_DEFAULT,readOnly
2026-03-16 17:15:30 [http-nio-8080-exec-17] DEBUG o.s.orm.jpa.JpaTransactionManager - Opened new EntityManager [SessionImpl(291698810<open>)] for JPA transaction
2026-03-16 17:15:30 [http-nio-8080-exec-2] DEBUG c.c.p.s.jwt.JwtAuthenticationFilter - >>> [JwtFilter] Processing request: GET /api/v1/menu/head
2026-03-16 17:15:30 [http-nio-8080-exec-2] DEBUG c.c.p.s.jwt.JwtAuthenticationFilter - >>> [JwtFilter] Found token in header for path: /api/v1/menu/head
2026-03-16 17:15:30 [http-nio-8080-exec-2] DEBUG o.s.orm.jpa.JpaTransactionManager - Creating new transaction with name [com.company.project.security.iam.CustomUserDetailsService.loadUserByUsername]: PROPAGATION_REQUIRED,ISOLATION_DEFAULT,readOnly
2026-03-16 17:15:30 [http-nio-8080-exec-2] DEBUG o.s.orm.jpa.JpaTransactionManager - Opened new EntityManager [SessionImpl(891914710<open>)] for JPA transaction
2026-03-16 17:15:30 [http-nio-8080-exec-17] DEBUG o.s.orm.jpa.JpaTransactionManager - Exposing JPA transaction as JDBC [org.springframework.orm.jpa.vendor.HibernateJpaDialect$HibernateConnectionHandle@4b714667]
2026-03-16 17:15:30 [http-nio-8080-exec-17] DEBUG o.s.orm.jpa.JpaTransactionManager - Found thread-bound EntityManager [SessionImpl(291698810<open>)] for JPA transaction
2026-03-16 17:15:30 [http-nio-8080-exec-17] DEBUG o.s.orm.jpa.JpaTransactionManager - Participating in existing transaction
2026-03-16 17:15:30 [http-nio-8080-exec-17] DEBUG org.hibernate.SQL - select u1_0.emplyr_id,u1_0.area_no,u1_0.brthdy,u1_0.chg_pwd_cnt,u1_0.frst_register_id,u1_0.frst_regist_pnttm,u1_0.detail_adres,u1_0.email_adres,u1_0.emplyr_sttus_code,u1_0.empl_no,u1_0.esntl_id,u1_0.fxnum,u1_0.group_id,u1_0.house_adres,u1_0.house_end_telno,u1_0.house_middle_telno,u1_0.ihidnum,u1_0.pstinst_code,u1_0.last_updusr_id,u1_0.last_updt_pnttm,u1_0.lock_at,u1_0.lock_cnt,u1_0.lock_last_pnttm,u1_0.mbtlnum,u1_0.ofcps_nm,u1_0.offm_telno,u1_0.orgnzt_id,u1_0.password,u1_0.password_cnsr,u1_0.password_hint,u1_0.chg_pwd_last_pnttm,u1_0.role,u1_0.sbscrb_de,u1_0.sexdstn_code,u1_0.crtfc_dn_value,u1_0.user_nm,u1_0.zip from nemplyrinfo u1_0 where u1_0.emplyr_id=?
2026-03-16 17:15:30 [http-nio-8080-exec-2] DEBUG o.s.orm.jpa.JpaTransactionManager - Exposing JPA transaction as JDBC [org.springframework.orm.jpa.vendor.HibernateJpaDialect$HibernateConnectionHandle@1db41898]
2026-03-16 17:15:30 [http-nio-8080-exec-2] DEBUG o.s.orm.jpa.JpaTransactionManager - Found thread-bound EntityManager [SessionImpl(891914710<open>)] for JPA transaction
2026-03-16 17:15:30 [http-nio-8080-exec-2] DEBUG o.s.orm.jpa.JpaTransactionManager - Participating in existing transaction
2026-03-16 17:15:30 [http-nio-8080-exec-2] DEBUG org.hibernate.SQL - select u1_0.emplyr_id,u1_0.area_no,u1_0.brthdy,u1_0.chg_pwd_cnt,u1_0.frst_register_id,u1_0.frst_regist_pnttm,u1_0.detail_adres,u1_0.email_adres,u1_0.emplyr_sttus_code,u1_0.empl_no,u1_0.esntl_id,u1_0.fxnum,u1_0.group_id,u1_0.house_adres,u1_0.house_end_telno,u1_0.house_middle_telno,u1_0.ihidnum,u1_0.pstinst_code,u1_0.last_updusr_id,u1_0.last_updt_pnttm,u1_0.lock_at,u1_0.lock_cnt,u1_0.lock_last_pnttm,u1_0.mbtlnum,u1_0.ofcps_nm,u1_0.offm_telno,u1_0.orgnzt_id,u1_0.password,u1_0.password_cnsr,u1_0.password_hint,u1_0.chg_pwd_last_pnttm,u1_0.role,u1_0.sbscrb_de,u1_0.sexdstn_code,u1_0.crtfc_dn_value,u1_0.user_nm,u1_0.zip from nemplyrinfo u1_0 where u1_0.emplyr_id=?
2026-03-16 17:15:31 [http-nio-8080-exec-17] DEBUG o.s.orm.jpa.JpaTransactionManager - Found thread-bound EntityManager [SessionImpl(291698810<open>)] for JPA transaction
2026-03-16 17:15:31 [http-nio-8080-exec-17] DEBUG o.s.orm.jpa.JpaTransactionManager - Participating in existing transaction
2026-03-16 17:15:31 [http-nio-8080-exec-17] DEBUG org.hibernate.SQL - select ua1_0.scrty_dtrmn_trget_id,ua1_0.author_code,ua1_0.frst_register_id,ua1_0.frst_regist_pnttm,ua1_0.last_updusr_id,ua1_0.last_updt_pnttm,ua1_0.mber_ty_code from nemplyrscrtyestbs ua1_0 where ua1_0.scrty_dtrmn_trget_id=?
2026-03-16 17:15:31 [http-nio-8080-exec-2] DEBUG o.s.orm.jpa.JpaTransactionManager - Found thread-bound EntityManager [SessionImpl(891914710<open>)] for JPA transaction
2026-03-16 17:15:31 [http-nio-8080-exec-2] DEBUG o.s.orm.jpa.JpaTransactionManager - Participating in existing transaction
2026-03-16 17:15:31 [http-nio-8080-exec-2] DEBUG org.hibernate.SQL - select ua1_0.scrty_dtrmn_trget_id,ua1_0.author_code,ua1_0.frst_register_id,ua1_0.frst_regist_pnttm,ua1_0.last_updusr_id,ua1_0.last_updt_pnttm,ua1_0.mber_ty_code from nemplyrscrtyestbs ua1_0 where ua1_0.scrty_dtrmn_trget_id=?
2026-03-16 17:15:31 [http-nio-8080-exec-17] DEBUG o.s.orm.jpa.JpaTransactionManager - Initiating transaction commit
2026-03-16 17:15:31 [http-nio-8080-exec-17] DEBUG o.s.orm.jpa.JpaTransactionManager - Committing JPA transaction on EntityManager [SessionImpl(291698810<open>)]
2026-03-16 17:15:31 [http-nio-8080-exec-2] DEBUG o.s.orm.jpa.JpaTransactionManager - Initiating transaction commit
2026-03-16 17:15:31 [http-nio-8080-exec-2] DEBUG o.s.orm.jpa.JpaTransactionManager - Committing JPA transaction on EntityManager [SessionImpl(891914710<open>)]
2026-03-16 17:15:31 [http-nio-8080-exec-17] DEBUG o.s.orm.jpa.JpaTransactionManager - Closing JPA EntityManager [SessionImpl(291698810<open>)] after transaction
2026-03-16 17:15:31 [http-nio-8080-exec-17] DEBUG c.c.p.s.jwt.JwtAuthenticationFilter - >>> [JwtFilter] Successfully authenticated user: USRCNFRM_99999999999, Authorities: [ROLE_ADMIN]
2026-03-16 17:15:31 [http-nio-8080-exec-17] DEBUG o.s.web.servlet.DispatcherServlet - GET "/api/v1/menu/head", parameters={}
2026-03-16 17:15:31 [http-nio-8080-exec-17] TRACE o.s.w.s.m.m.a.RequestMappingHandlerMapping - Mapped to com.company.project.api.controller.menu.MenuController#getHeadMenu()
2026-03-16 17:15:31 [http-nio-8080-exec-17] INFO  c.c.p.a.c.menu.MenuController - getHeadMenu called
2026-03-16 17:15:31 [http-nio-8080-exec-17] INFO  c.c.p.a.c.menu.MenuController - getHeadMenu returned 5 items
2026-03-16 17:15:31 [http-nio-8080-exec-17] DEBUG o.s.w.s.m.m.a.HttpEntityMethodProcessor - Using 'application/json', given [application/json, text/plain, */*] and supported [application/json, application/*+json, application/yaml]
2026-03-16 17:15:31 [http-nio-8080-exec-17] TRACE o.s.w.s.m.m.a.HttpEntityMethodProcessor - Writing [ApiResponse[success=true, status=200, code=COMMON_001, message=Success, data={list=[com.company.project.service.menu.dto.MenuDto@2b80d6b0, com.company.project.service.menu.dto.MenuDto@1418cfa3, com.company.project.service.menu.dto.MenuDto@f230bf1, com.company.project.service.menu.dto.MenuDto@734a7f6a, com.company.project.service.menu.dto.MenuDto@5e5202e5]}, timestamp=2026-03-16T17:15:31.377959500]]
2026-03-16 17:15:31 [http-nio-8080-exec-17] INFO  c.c.p.a.i.OperationalAuditInterceptor - API Audit Log: URL=/api/v1/menu/head, User=webmaster, IP=0:0:0:0:0:0:0:1
2026-03-16 17:15:31 [http-nio-8080-exec-17] DEBUG o.s.web.servlet.DispatcherServlet - Completed 200 OK
2026-03-16 17:15:31 [http-nio-8080-exec-3] DEBUG c.c.p.s.jwt.JwtAuthenticationFilter - >>> [JwtFilter] Processing request: GET /api/v1/menu/left
2026-03-16 17:15:31 [http-nio-8080-exec-3] DEBUG c.c.p.s.jwt.JwtAuthenticationFilter - >>> [JwtFilter] Found token in header for path: /api/v1/menu/left
2026-03-16 17:15:31 [http-nio-8080-exec-3] DEBUG o.s.orm.jpa.JpaTransactionManager - Creating new transaction with name [com.company.project.security.iam.CustomUserDetailsService.loadUserByUsername]: PROPAGATION_REQUIRED,ISOLATION_DEFAULT,readOnly
2026-03-16 17:15:31 [http-nio-8080-exec-3] DEBUG o.s.orm.jpa.JpaTransactionManager - Opened new EntityManager [SessionImpl(1048578714<open>)] for JPA transaction
2026-03-16 17:15:31 [http-nio-8080-exec-19] DEBUG c.c.p.s.jwt.JwtAuthenticationFilter - >>> [JwtFilter] Processing request: GET /api/v1/menu/left
2026-03-16 17:15:31 [http-nio-8080-exec-19] DEBUG c.c.p.s.jwt.JwtAuthenticationFilter - >>> [JwtFilter] Found token in header for path: /api/v1/menu/left
2026-03-16 17:15:31 [http-nio-8080-exec-9] DEBUG c.c.p.s.jwt.JwtAuthenticationFilter - >>> [JwtFilter] Processing request: GET /api/v1/menu/left
2026-03-16 17:15:31 [http-nio-8080-exec-9] DEBUG c.c.p.s.jwt.JwtAuthenticationFilter - >>> [JwtFilter] Found token in header for path: /api/v1/menu/left
2026-03-16 17:15:31 [http-nio-8080-exec-13] DEBUG c.c.p.s.jwt.JwtAuthenticationFilter - >>> [JwtFilter] Processing request: GET /api/v1/menu/left
2026-03-16 17:15:31 [http-nio-8080-exec-12] DEBUG c.c.p.s.jwt.JwtAuthenticationFilter - >>> [JwtFilter] Processing request: GET /api/v1/menu/left
2026-03-16 17:15:31 [http-nio-8080-exec-13] DEBUG c.c.p.s.jwt.JwtAuthenticationFilter - >>> [JwtFilter] Found token in header for path: /api/v1/menu/left
2026-03-16 17:15:31 [http-nio-8080-exec-12] DEBUG c.c.p.s.jwt.JwtAuthenticationFilter - >>> [JwtFilter] Found token in header for path: /api/v1/menu/left
2026-03-16 17:15:31 [http-nio-8080-exec-9] DEBUG o.s.orm.jpa.JpaTransactionManager - Creating new transaction with name [com.company.project.security.iam.CustomUserDetailsService.loadUserByUsername]: PROPAGATION_REQUIRED,ISOLATION_DEFAULT,readOnly
2026-03-16 17:15:31 [http-nio-8080-exec-19] DEBUG o.s.orm.jpa.JpaTransactionManager - Creating new transaction with name [com.company.project.security.iam.CustomUserDetailsService.loadUserByUsername]: PROPAGATION_REQUIRED,ISOLATION_DEFAULT,readOnly
2026-03-16 17:15:31 [http-nio-8080-exec-13] DEBUG o.s.orm.jpa.JpaTransactionManager - Creating new transaction with name [com.company.project.security.iam.CustomUserDetailsService.loadUserByUsername]: PROPAGATION_REQUIRED,ISOLATION_DEFAULT,readOnly
2026-03-16 17:15:31 [http-nio-8080-exec-12] DEBUG o.s.orm.jpa.JpaTransactionManager - Creating new transaction with name [com.company.project.security.iam.CustomUserDetailsService.loadUserByUsername]: PROPAGATION_REQUIRED,ISOLATION_DEFAULT,readOnly
2026-03-16 17:15:31 [http-nio-8080-exec-9] DEBUG o.s.orm.jpa.JpaTransactionManager - Opened new EntityManager [SessionImpl(765240530<open>)] for JPA transaction
2026-03-16 17:15:31 [http-nio-8080-exec-12] DEBUG o.s.orm.jpa.JpaTransactionManager - Opened new EntityManager [SessionImpl(813878544<open>)] for JPA transaction
2026-03-16 17:15:31 [http-nio-8080-exec-19] DEBUG o.s.orm.jpa.JpaTransactionManager - Opened new EntityManager [SessionImpl(376481993<open>)] for JPA transaction
2026-03-16 17:15:31 [http-nio-8080-exec-13] DEBUG o.s.orm.jpa.JpaTransactionManager - Opened new EntityManager [SessionImpl(1313793870<open>)] for JPA transaction
2026-03-16 17:15:31 [http-nio-8080-exec-2] DEBUG o.s.orm.jpa.JpaTransactionManager - Closing JPA EntityManager [SessionImpl(891914710<open>)] after transaction
2026-03-16 17:15:31 [http-nio-8080-exec-2] DEBUG c.c.p.s.jwt.JwtAuthenticationFilter - >>> [JwtFilter] Successfully authenticated user: USRCNFRM_99999999999, Authorities: [ROLE_ADMIN]
2026-03-16 17:15:31 [http-nio-8080-exec-2] DEBUG o.s.web.servlet.DispatcherServlet - GET "/api/v1/menu/head", parameters={}
2026-03-16 17:15:31 [http-nio-8080-exec-2] TRACE o.s.w.s.m.m.a.RequestMappingHandlerMapping - Mapped to com.company.project.api.controller.menu.MenuController#getHeadMenu()
2026-03-16 17:15:31 [http-nio-8080-exec-2] INFO  c.c.p.a.c.menu.MenuController - getHeadMenu called
2026-03-16 17:15:31 [http-nio-8080-exec-2] INFO  c.c.p.a.c.menu.MenuController - getHeadMenu returned 5 items
2026-03-16 17:15:31 [http-nio-8080-exec-2] DEBUG o.s.w.s.m.m.a.HttpEntityMethodProcessor - Using 'application/json', given [application/json, text/plain, */*] and supported [application/json, application/*+json, application/yaml]
2026-03-16 17:15:31 [http-nio-8080-exec-2] TRACE o.s.w.s.m.m.a.HttpEntityMethodProcessor - Writing [ApiResponse[success=true, status=200, code=COMMON_001, message=Success, data={list=[com.company.project.service.menu.dto.MenuDto@2b80d6b0, com.company.project.service.menu.dto.MenuDto@1418cfa3, com.company.project.service.menu.dto.MenuDto@f230bf1, com.company.project.service.menu.dto.MenuDto@734a7f6a, com.company.project.service.menu.dto.MenuDto@5e5202e5]}, timestamp=2026-03-16T17:15:31.419140600]]
2026-03-16 17:15:31 [http-nio-8080-exec-2] INFO  c.c.p.a.i.OperationalAuditInterceptor - API Audit Log: URL=/api/v1/menu/head, User=webmaster, IP=0:0:0:0:0:0:0:1
2026-03-16 17:15:31 [http-nio-8080-exec-2] DEBUG o.s.web.servlet.DispatcherServlet - Completed 200 OK
2026-03-16 17:15:31 [http-nio-8080-exec-8] DEBUG c.c.p.s.jwt.JwtAuthenticationFilter - >>> [JwtFilter] Processing request: GET /api/v1/menu/left
2026-03-16 17:15:31 [http-nio-8080-exec-8] DEBUG c.c.p.s.jwt.JwtAuthenticationFilter - >>> [JwtFilter] Found token in header for path: /api/v1/menu/left
2026-03-16 17:15:31 [http-nio-8080-exec-8] DEBUG o.s.orm.jpa.JpaTransactionManager - Creating new transaction with name [com.company.project.security.iam.CustomUserDetailsService.loadUserByUsername]: PROPAGATION_REQUIRED,ISOLATION_DEFAULT,readOnly
2026-03-16 17:15:31 [http-nio-8080-exec-8] DEBUG o.s.orm.jpa.JpaTransactionManager - Opened new EntityManager [SessionImpl(1026025719<open>)] for JPA transaction
2026-03-16 17:15:31 [http-nio-8080-exec-10] DEBUG c.c.p.s.jwt.JwtAuthenticationFilter - >>> [JwtFilter] Processing request: GET /api/v1/menu/left
2026-03-16 17:15:31 [http-nio-8080-exec-10] DEBUG c.c.p.s.jwt.JwtAuthenticationFilter - >>> [JwtFilter] Found token in header for path: /api/v1/menu/left
2026-03-16 17:15:31 [http-nio-8080-exec-17] DEBUG c.c.p.s.jwt.JwtAuthenticationFilter - >>> [JwtFilter] Processing request: GET /api/v1/menu/left
2026-03-16 17:15:31 [http-nio-8080-exec-17] DEBUG c.c.p.s.jwt.JwtAuthenticationFilter - >>> [JwtFilter] Found token in header for path: /api/v1/menu/left
2026-03-16 17:15:31 [http-nio-8080-exec-15] DEBUG c.c.p.s.jwt.JwtAuthenticationFilter - >>> [JwtFilter] Processing request: GET /api/v1/menu/left
2026-03-16 17:15:31 [http-nio-8080-exec-10] DEBUG o.s.orm.jpa.JpaTransactionManager - Creating new transaction with name [com.company.project.security.iam.CustomUserDetailsService.loadUserByUsername]: PROPAGATION_REQUIRED,ISOLATION_DEFAULT,readOnly
2026-03-16 17:15:31 [http-nio-8080-exec-15] DEBUG c.c.p.s.jwt.JwtAuthenticationFilter - >>> [JwtFilter] Found token in header for path: /api/v1/menu/left
2026-03-16 17:15:31 [http-nio-8080-exec-2] DEBUG c.c.p.s.jwt.JwtAuthenticationFilter - >>> [JwtFilter] Processing request: GET /api/v1/menu/left
2026-03-16 17:15:31 [http-nio-8080-exec-17] DEBUG o.s.orm.jpa.JpaTransactionManager - Creating new transaction with name [com.company.project.security.iam.CustomUserDetailsService.loadUserByUsername]: PROPAGATION_REQUIRED,ISOLATION_DEFAULT,readOnly
2026-03-16 17:15:31 [http-nio-8080-exec-10] DEBUG o.s.orm.jpa.JpaTransactionManager - Opened new EntityManager [SessionImpl(936705258<open>)] for JPA transaction
2026-03-16 17:15:31 [http-nio-8080-exec-2] DEBUG c.c.p.s.jwt.JwtAuthenticationFilter - >>> [JwtFilter] Found token in header for path: /api/v1/menu/left
2026-03-16 17:15:31 [http-nio-8080-exec-17] DEBUG o.s.orm.jpa.JpaTransactionManager - Opened new EntityManager [SessionImpl(1784466500<open>)] for JPA transaction
2026-03-16 17:15:31 [http-nio-8080-exec-15] DEBUG o.s.orm.jpa.JpaTransactionManager - Creating new transaction with name [com.company.project.security.iam.CustomUserDetailsService.loadUserByUsername]: PROPAGATION_REQUIRED,ISOLATION_DEFAULT,readOnly
2026-03-16 17:15:31 [http-nio-8080-exec-15] DEBUG o.s.orm.jpa.JpaTransactionManager - Opened new EntityManager [SessionImpl(1865508957<open>)] for JPA transaction
2026-03-16 17:15:31 [http-nio-8080-exec-2] DEBUG o.s.orm.jpa.JpaTransactionManager - Creating new transaction with name [com.company.project.security.iam.CustomUserDetailsService.loadUserByUsername]: PROPAGATION_REQUIRED,ISOLATION_DEFAULT,readOnly
2026-03-16 17:15:31 [http-nio-8080-exec-17] DEBUG o.s.orm.jpa.JpaTransactionManager - Exposing JPA transaction as JDBC [org.springframework.orm.jpa.vendor.HibernateJpaDialect$HibernateConnectionHandle@5feb41d7]
2026-03-16 17:15:31 [http-nio-8080-exec-2] DEBUG o.s.orm.jpa.JpaTransactionManager - Opened new EntityManager [SessionImpl(1147509871<open>)] for JPA transaction
2026-03-16 17:15:31 [http-nio-8080-exec-17] DEBUG o.s.orm.jpa.JpaTransactionManager - Found thread-bound EntityManager [SessionImpl(1784466500<open>)] for JPA transaction
2026-03-16 17:15:31 [http-nio-8080-exec-2] DEBUG o.s.orm.jpa.JpaTransactionManager - Exposing JPA transaction as JDBC [org.springframework.orm.jpa.vendor.HibernateJpaDialect$HibernateConnectionHandle@4593e144]
2026-03-16 17:15:31 [http-nio-8080-exec-17] DEBUG o.s.orm.jpa.JpaTransactionManager - Participating in existing transaction
2026-03-16 17:15:31 [http-nio-8080-exec-2] DEBUG o.s.orm.jpa.JpaTransactionManager - Found thread-bound EntityManager [SessionImpl(1147509871<open>)] for JPA transaction
2026-03-16 17:15:31 [http-nio-8080-exec-2] DEBUG o.s.orm.jpa.JpaTransactionManager - Participating in existing transaction
2026-03-16 17:15:31 [http-nio-8080-exec-2] DEBUG org.hibernate.SQL - select u1_0.emplyr_id,u1_0.area_no,u1_0.brthdy,u1_0.chg_pwd_cnt,u1_0.frst_register_id,u1_0.frst_regist_pnttm,u1_0.detail_adres,u1_0.email_adres,u1_0.emplyr_sttus_code,u1_0.empl_no,u1_0.esntl_id,u1_0.fxnum,u1_0.group_id,u1_0.house_adres,u1_0.house_end_telno,u1_0.house_middle_telno,u1_0.ihidnum,u1_0.pstinst_code,u1_0.last_updusr_id,u1_0.last_updt_pnttm,u1_0.lock_at,u1_0.lock_cnt,u1_0.lock_last_pnttm,u1_0.mbtlnum,u1_0.ofcps_nm,u1_0.offm_telno,u1_0.orgnzt_id,u1_0.password,u1_0.password_cnsr,u1_0.password_hint,u1_0.chg_pwd_last_pnttm,u1_0.role,u1_0.sbscrb_de,u1_0.sexdstn_code,u1_0.crtfc_dn_value,u1_0.user_nm,u1_0.zip from nemplyrinfo u1_0 where u1_0.emplyr_id=?
2026-03-16 17:15:31 [http-nio-8080-exec-17] DEBUG org.hibernate.SQL - select u1_0.emplyr_id,u1_0.area_no,u1_0.brthdy,u1_0.chg_pwd_cnt,u1_0.frst_register_id,u1_0.frst_regist_pnttm,u1_0.detail_adres,u1_0.email_adres,u1_0.emplyr_sttus_code,u1_0.empl_no,u1_0.esntl_id,u1_0.fxnum,u1_0.group_id,u1_0.house_adres,u1_0.house_end_telno,u1_0.house_middle_telno,u1_0.ihidnum,u1_0.pstinst_code,u1_0.last_updusr_id,u1_0.last_updt_pnttm,u1_0.lock_at,u1_0.lock_cnt,u1_0.lock_last_pnttm,u1_0.mbtlnum,u1_0.ofcps_nm,u1_0.offm_telno,u1_0.orgnzt_id,u1_0.password,u1_0.password_cnsr,u1_0.password_hint,u1_0.chg_pwd_last_pnttm,u1_0.role,u1_0.sbscrb_de,u1_0.sexdstn_code,u1_0.crtfc_dn_value,u1_0.user_nm,u1_0.zip from nemplyrinfo u1_0 where u1_0.emplyr_id=?
2026-03-16 17:15:31 [http-nio-8080-exec-12] DEBUG o.s.orm.jpa.JpaTransactionManager - Exposing JPA transaction as JDBC [org.springframework.orm.jpa.vendor.HibernateJpaDialect$HibernateConnectionHandle@307ad4b]
2026-03-16 17:15:31 [http-nio-8080-exec-3] DEBUG o.s.orm.jpa.JpaTransactionManager - Exposing JPA transaction as JDBC [org.springframework.orm.jpa.vendor.HibernateJpaDialect$HibernateConnectionHandle@67501c29]
2026-03-16 17:15:31 [http-nio-8080-exec-12] DEBUG o.s.orm.jpa.JpaTransactionManager - Found thread-bound EntityManager [SessionImpl(813878544<open>)] for JPA transaction
2026-03-16 17:15:31 [http-nio-8080-exec-19] DEBUG o.s.orm.jpa.JpaTransactionManager - Exposing JPA transaction as JDBC [org.springframework.orm.jpa.vendor.HibernateJpaDialect$HibernateConnectionHandle@71a71ac2]
2026-03-16 17:15:31 [http-nio-8080-exec-12] DEBUG o.s.orm.jpa.JpaTransactionManager - Participating in existing transaction
2026-03-16 17:15:31 [http-nio-8080-exec-3] DEBUG o.s.orm.jpa.JpaTransactionManager - Found thread-bound EntityManager [SessionImpl(1048578714<open>)] for JPA transaction
2026-03-16 17:15:31 [http-nio-8080-exec-3] DEBUG o.s.orm.jpa.JpaTransactionManager - Participating in existing transaction
2026-03-16 17:15:31 [http-nio-8080-exec-19] DEBUG o.s.orm.jpa.JpaTransactionManager - Found thread-bound EntityManager [SessionImpl(376481993<open>)] for JPA transaction
2026-03-16 17:15:31 [http-nio-8080-exec-19] DEBUG o.s.orm.jpa.JpaTransactionManager - Participating in existing transaction
2026-03-16 17:15:31 [http-nio-8080-exec-12] DEBUG org.hibernate.SQL - select u1_0.emplyr_id,u1_0.area_no,u1_0.brthdy,u1_0.chg_pwd_cnt,u1_0.frst_register_id,u1_0.frst_regist_pnttm,u1_0.detail_adres,u1_0.email_adres,u1_0.emplyr_sttus_code,u1_0.empl_no,u1_0.esntl_id,u1_0.fxnum,u1_0.group_id,u1_0.house_adres,u1_0.house_end_telno,u1_0.house_middle_telno,u1_0.ihidnum,u1_0.pstinst_code,u1_0.last_updusr_id,u1_0.last_updt_pnttm,u1_0.lock_at,u1_0.lock_cnt,u1_0.lock_last_pnttm,u1_0.mbtlnum,u1_0.ofcps_nm,u1_0.offm_telno,u1_0.orgnzt_id,u1_0.password,u1_0.password_cnsr,u1_0.password_hint,u1_0.chg_pwd_last_pnttm,u1_0.role,u1_0.sbscrb_de,u1_0.sexdstn_code,u1_0.crtfc_dn_value,u1_0.user_nm,u1_0.zip from nemplyrinfo u1_0 where u1_0.emplyr_id=?
2026-03-16 17:15:31 [http-nio-8080-exec-19] DEBUG org.hibernate.SQL - select u1_0.emplyr_id,u1_0.area_no,u1_0.brthdy,u1_0.chg_pwd_cnt,u1_0.frst_register_id,u1_0.frst_regist_pnttm,u1_0.detail_adres,u1_0.email_adres,u1_0.emplyr_sttus_code,u1_0.empl_no,u1_0.esntl_id,u1_0.fxnum,u1_0.group_id,u1_0.house_adres,u1_0.house_end_telno,u1_0.house_middle_telno,u1_0.ihidnum,u1_0.pstinst_code,u1_0.last_updusr_id,u1_0.last_updt_pnttm,u1_0.lock_at,u1_0.lock_cnt,u1_0.lock_last_pnttm,u1_0.mbtlnum,u1_0.ofcps_nm,u1_0.offm_telno,u1_0.orgnzt_id,u1_0.password,u1_0.password_cnsr,u1_0.password_hint,u1_0.chg_pwd_last_pnttm,u1_0.role,u1_0.sbscrb_de,u1_0.sexdstn_code,u1_0.crtfc_dn_value,u1_0.user_nm,u1_0.zip from nemplyrinfo u1_0 where u1_0.emplyr_id=?
2026-03-16 17:15:31 [http-nio-8080-exec-3] DEBUG org.hibernate.SQL - select u1_0.emplyr_id,u1_0.area_no,u1_0.brthdy,u1_0.chg_pwd_cnt,u1_0.frst_register_id,u1_0.frst_regist_pnttm,u1_0.detail_adres,u1_0.email_adres,u1_0.emplyr_sttus_code,u1_0.empl_no,u1_0.esntl_id,u1_0.fxnum,u1_0.group_id,u1_0.house_adres,u1_0.house_end_telno,u1_0.house_middle_telno,u1_0.ihidnum,u1_0.pstinst_code,u1_0.last_updusr_id,u1_0.last_updt_pnttm,u1_0.lock_at,u1_0.lock_cnt,u1_0.lock_last_pnttm,u1_0.mbtlnum,u1_0.ofcps_nm,u1_0.offm_telno,u1_0.orgnzt_id,u1_0.password,u1_0.password_cnsr,u1_0.password_hint,u1_0.chg_pwd_last_pnttm,u1_0.role,u1_0.sbscrb_de,u1_0.sexdstn_code,u1_0.crtfc_dn_value,u1_0.user_nm,u1_0.zip from nemplyrinfo u1_0 where u1_0.emplyr_id=?
2026-03-16 17:15:31 [http-nio-8080-exec-9] DEBUG o.s.orm.jpa.JpaTransactionManager - Exposing JPA transaction as JDBC [org.springframework.orm.jpa.vendor.HibernateJpaDialect$HibernateConnectionHandle@78b20de6]
2026-03-16 17:15:31 [http-nio-8080-exec-9] DEBUG o.s.orm.jpa.JpaTransactionManager - Found thread-bound EntityManager [SessionImpl(765240530<open>)] for JPA transaction
2026-03-16 17:15:31 [http-nio-8080-exec-9] DEBUG o.s.orm.jpa.JpaTransactionManager - Participating in existing transaction
2026-03-16 17:15:31 [http-nio-8080-exec-9] DEBUG org.hibernate.SQL - select u1_0.emplyr_id,u1_0.area_no,u1_0.brthdy,u1_0.chg_pwd_cnt,u1_0.frst_register_id,u1_0.frst_regist_pnttm,u1_0.detail_adres,u1_0.email_adres,u1_0.emplyr_sttus_code,u1_0.empl_no,u1_0.esntl_id,u1_0.fxnum,u1_0.group_id,u1_0.house_adres,u1_0.house_end_telno,u1_0.house_middle_telno,u1_0.ihidnum,u1_0.pstinst_code,u1_0.last_updusr_id,u1_0.last_updt_pnttm,u1_0.lock_at,u1_0.lock_cnt,u1_0.lock_last_pnttm,u1_0.mbtlnum,u1_0.ofcps_nm,u1_0.offm_telno,u1_0.orgnzt_id,u1_0.password,u1_0.password_cnsr,u1_0.password_hint,u1_0.chg_pwd_last_pnttm,u1_0.role,u1_0.sbscrb_de,u1_0.sexdstn_code,u1_0.crtfc_dn_value,u1_0.user_nm,u1_0.zip from nemplyrinfo u1_0 where u1_0.emplyr_id=?
2026-03-16 17:15:31 [http-nio-8080-exec-13] DEBUG o.s.orm.jpa.JpaTransactionManager - Exposing JPA transaction as JDBC [org.springframework.orm.jpa.vendor.HibernateJpaDialect$HibernateConnectionHandle@5628e008]
2026-03-16 17:15:31 [http-nio-8080-exec-13] DEBUG o.s.orm.jpa.JpaTransactionManager - Found thread-bound EntityManager [SessionImpl(1313793870<open>)] for JPA transaction
2026-03-16 17:15:31 [http-nio-8080-exec-13] DEBUG o.s.orm.jpa.JpaTransactionManager - Participating in existing transaction
2026-03-16 17:15:31 [http-nio-8080-exec-13] DEBUG org.hibernate.SQL - select u1_0.emplyr_id,u1_0.area_no,u1_0.brthdy,u1_0.chg_pwd_cnt,u1_0.frst_register_id,u1_0.frst_regist_pnttm,u1_0.detail_adres,u1_0.email_adres,u1_0.emplyr_sttus_code,u1_0.empl_no,u1_0.esntl_id,u1_0.fxnum,u1_0.group_id,u1_0.house_adres,u1_0.house_end_telno,u1_0.house_middle_telno,u1_0.ihidnum,u1_0.pstinst_code,u1_0.last_updusr_id,u1_0.last_updt_pnttm,u1_0.lock_at,u1_0.lock_cnt,u1_0.lock_last_pnttm,u1_0.mbtlnum,u1_0.ofcps_nm,u1_0.offm_telno,u1_0.orgnzt_id,u1_0.password,u1_0.password_cnsr,u1_0.password_hint,u1_0.chg_pwd_last_pnttm,u1_0.role,u1_0.sbscrb_de,u1_0.sexdstn_code,u1_0.crtfc_dn_value,u1_0.user_nm,u1_0.zip from nemplyrinfo u1_0 where u1_0.emplyr_id=?
2026-03-16 17:15:31 [http-nio-8080-exec-2] DEBUG o.s.orm.jpa.JpaTransactionManager - Found thread-bound EntityManager [SessionImpl(1147509871<open>)] for JPA transaction
2026-03-16 17:15:31 [http-nio-8080-exec-2] DEBUG o.s.orm.jpa.JpaTransactionManager - Participating in existing transaction
2026-03-16 17:15:31 [http-nio-8080-exec-2] DEBUG org.hibernate.SQL - select ua1_0.scrty_dtrmn_trget_id,ua1_0.author_code,ua1_0.frst_register_id,ua1_0.frst_regist_pnttm,ua1_0.last_updusr_id,ua1_0.last_updt_pnttm,ua1_0.mber_ty_code from nemplyrscrtyestbs ua1_0 where ua1_0.scrty_dtrmn_trget_id=?
2026-03-16 17:15:31 [http-nio-8080-exec-10] DEBUG o.s.orm.jpa.JpaTransactionManager - Exposing JPA transaction as JDBC [org.springframework.orm.jpa.vendor.HibernateJpaDialect$HibernateConnectionHandle@34e33acc]
2026-03-16 17:15:31 [http-nio-8080-exec-10] DEBUG o.s.orm.jpa.JpaTransactionManager - Found thread-bound EntityManager [SessionImpl(936705258<open>)] for JPA transaction
2026-03-16 17:15:31 [http-nio-8080-exec-10] DEBUG o.s.orm.jpa.JpaTransactionManager - Participating in existing transaction
2026-03-16 17:15:31 [http-nio-8080-exec-10] DEBUG org.hibernate.SQL - select u1_0.emplyr_id,u1_0.area_no,u1_0.brthdy,u1_0.chg_pwd_cnt,u1_0.frst_register_id,u1_0.frst_regist_pnttm,u1_0.detail_adres,u1_0.email_adres,u1_0.emplyr_sttus_code,u1_0.empl_no,u1_0.esntl_id,u1_0.fxnum,u1_0.group_id,u1_0.house_adres,u1_0.house_end_telno,u1_0.house_middle_telno,u1_0.ihidnum,u1_0.pstinst_code,u1_0.last_updusr_id,u1_0.last_updt_pnttm,u1_0.lock_at,u1_0.lock_cnt,u1_0.lock_last_pnttm,u1_0.mbtlnum,u1_0.ofcps_nm,u1_0.offm_telno,u1_0.orgnzt_id,u1_0.password,u1_0.password_cnsr,u1_0.password_hint,u1_0.chg_pwd_last_pnttm,u1_0.role,u1_0.sbscrb_de,u1_0.sexdstn_code,u1_0.crtfc_dn_value,u1_0.user_nm,u1_0.zip from nemplyrinfo u1_0 where u1_0.emplyr_id=?
2026-03-16 17:15:31 [http-nio-8080-exec-17] DEBUG o.s.orm.jpa.JpaTransactionManager - Found thread-bound EntityManager [SessionImpl(1784466500<open>)] for JPA transaction
2026-03-16 17:15:31 [http-nio-8080-exec-17] DEBUG o.s.orm.jpa.JpaTransactionManager - Participating in existing transaction
2026-03-16 17:15:31 [http-nio-8080-exec-17] DEBUG org.hibernate.SQL - select ua1_0.scrty_dtrmn_trget_id,ua1_0.author_code,ua1_0.frst_register_id,ua1_0.frst_regist_pnttm,ua1_0.last_updusr_id,ua1_0.last_updt_pnttm,ua1_0.mber_ty_code from nemplyrscrtyestbs ua1_0 where ua1_0.scrty_dtrmn_trget_id=?
2026-03-16 17:15:31 [http-nio-8080-exec-8] DEBUG o.s.orm.jpa.JpaTransactionManager - Exposing JPA transaction as JDBC [org.springframework.orm.jpa.vendor.HibernateJpaDialect$HibernateConnectionHandle@3d2669d0]
2026-03-16 17:15:31 [http-nio-8080-exec-8] DEBUG o.s.orm.jpa.JpaTransactionManager - Found thread-bound EntityManager [SessionImpl(1026025719<open>)] for JPA transaction
2026-03-16 17:15:31 [http-nio-8080-exec-8] DEBUG o.s.orm.jpa.JpaTransactionManager - Participating in existing transaction
2026-03-16 17:15:31 [http-nio-8080-exec-8] DEBUG org.hibernate.SQL - select u1_0.emplyr_id,u1_0.area_no,u1_0.brthdy,u1_0.chg_pwd_cnt,u1_0.frst_register_id,u1_0.frst_regist_pnttm,u1_0.detail_adres,u1_0.email_adres,u1_0.emplyr_sttus_code,u1_0.empl_no,u1_0.esntl_id,u1_0.fxnum,u1_0.group_id,u1_0.house_adres,u1_0.house_end_telno,u1_0.house_middle_telno,u1_0.ihidnum,u1_0.pstinst_code,u1_0.last_updusr_id,u1_0.last_updt_pnttm,u1_0.lock_at,u1_0.lock_cnt,u1_0.lock_last_pnttm,u1_0.mbtlnum,u1_0.ofcps_nm,u1_0.offm_telno,u1_0.orgnzt_id,u1_0.password,u1_0.password_cnsr,u1_0.password_hint,u1_0.chg_pwd_last_pnttm,u1_0.role,u1_0.sbscrb_de,u1_0.sexdstn_code,u1_0.crtfc_dn_value,u1_0.user_nm,u1_0.zip from nemplyrinfo u1_0 where u1_0.emplyr_id=?
2026-03-16 17:15:31 [http-nio-8080-exec-15] DEBUG o.s.orm.jpa.JpaTransactionManager - Exposing JPA transaction as JDBC [org.springframework.orm.jpa.vendor.HibernateJpaDialect$HibernateConnectionHandle@1ab88802]
2026-03-16 17:15:31 [http-nio-8080-exec-15] DEBUG o.s.orm.jpa.JpaTransactionManager - Found thread-bound EntityManager [SessionImpl(1865508957<open>)] for JPA transaction
2026-03-16 17:15:31 [http-nio-8080-exec-15] DEBUG o.s.orm.jpa.JpaTransactionManager - Participating in existing transaction
2026-03-16 17:15:31 [http-nio-8080-exec-15] DEBUG org.hibernate.SQL - select u1_0.emplyr_id,u1_0.area_no,u1_0.brthdy,u1_0.chg_pwd_cnt,u1_0.frst_register_id,u1_0.frst_regist_pnttm,u1_0.detail_adres,u1_0.email_adres,u1_0.emplyr_sttus_code,u1_0.empl_no,u1_0.esntl_id,u1_0.fxnum,u1_0.group_id,u1_0.house_adres,u1_0.house_end_telno,u1_0.house_middle_telno,u1_0.ihidnum,u1_0.pstinst_code,u1_0.last_updusr_id,u1_0.last_updt_pnttm,u1_0.lock_at,u1_0.lock_cnt,u1_0.lock_last_pnttm,u1_0.mbtlnum,u1_0.ofcps_nm,u1_0.offm_telno,u1_0.orgnzt_id,u1_0.password,u1_0.password_cnsr,u1_0.password_hint,u1_0.chg_pwd_last_pnttm,u1_0.role,u1_0.sbscrb_de,u1_0.sexdstn_code,u1_0.crtfc_dn_value,u1_0.user_nm,u1_0.zip from nemplyrinfo u1_0 where u1_0.emplyr_id=?
2026-03-16 17:15:31 [http-nio-8080-exec-12] DEBUG o.s.orm.jpa.JpaTransactionManager - Found thread-bound EntityManager [SessionImpl(813878544<open>)] for JPA transaction
2026-03-16 17:15:31 [http-nio-8080-exec-12] DEBUG o.s.orm.jpa.JpaTransactionManager - Participating in existing transaction
2026-03-16 17:15:31 [http-nio-8080-exec-12] DEBUG org.hibernate.SQL - select ua1_0.scrty_dtrmn_trget_id,ua1_0.author_code,ua1_0.frst_register_id,ua1_0.frst_regist_pnttm,ua1_0.last_updusr_id,ua1_0.last_updt_pnttm,ua1_0.mber_ty_code from nemplyrscrtyestbs ua1_0 where ua1_0.scrty_dtrmn_trget_id=?
2026-03-16 17:15:31 [http-nio-8080-exec-19] DEBUG o.s.orm.jpa.JpaTransactionManager - Found thread-bound EntityManager [SessionImpl(376481993<open>)] for JPA transaction
2026-03-16 17:15:31 [http-nio-8080-exec-19] DEBUG o.s.orm.jpa.JpaTransactionManager - Participating in existing transaction
2026-03-16 17:15:31 [http-nio-8080-exec-19] DEBUG org.hibernate.SQL - select ua1_0.scrty_dtrmn_trget_id,ua1_0.author_code,ua1_0.frst_register_id,ua1_0.frst_regist_pnttm,ua1_0.last_updusr_id,ua1_0.last_updt_pnttm,ua1_0.mber_ty_code from nemplyrscrtyestbs ua1_0 where ua1_0.scrty_dtrmn_trget_id=?
2026-03-16 17:15:31 [http-nio-8080-exec-3] DEBUG o.s.orm.jpa.JpaTransactionManager - Found thread-bound EntityManager [SessionImpl(1048578714<open>)] for JPA transaction
2026-03-16 17:15:31 [http-nio-8080-exec-3] DEBUG o.s.orm.jpa.JpaTransactionManager - Participating in existing transaction
2026-03-16 17:15:31 [http-nio-8080-exec-3] DEBUG org.hibernate.SQL - select ua1_0.scrty_dtrmn_trget_id,ua1_0.author_code,ua1_0.frst_register_id,ua1_0.frst_regist_pnttm,ua1_0.last_updusr_id,ua1_0.last_updt_pnttm,ua1_0.mber_ty_code from nemplyrscrtyestbs ua1_0 where ua1_0.scrty_dtrmn_trget_id=?
2026-03-16 17:15:31 [http-nio-8080-exec-13] DEBUG o.s.orm.jpa.JpaTransactionManager - Found thread-bound EntityManager [SessionImpl(1313793870<open>)] for JPA transaction
2026-03-16 17:15:31 [http-nio-8080-exec-13] DEBUG o.s.orm.jpa.JpaTransactionManager - Participating in existing transaction
2026-03-16 17:15:31 [http-nio-8080-exec-13] DEBUG org.hibernate.SQL - select ua1_0.scrty_dtrmn_trget_id,ua1_0.author_code,ua1_0.frst_register_id,ua1_0.frst_regist_pnttm,ua1_0.last_updusr_id,ua1_0.last_updt_pnttm,ua1_0.mber_ty_code from nemplyrscrtyestbs ua1_0 where ua1_0.scrty_dtrmn_trget_id=?
2026-03-16 17:15:31 [http-nio-8080-exec-9] DEBUG o.s.orm.jpa.JpaTransactionManager - Found thread-bound EntityManager [SessionImpl(765240530<open>)] for JPA transaction
2026-03-16 17:15:31 [http-nio-8080-exec-9] DEBUG o.s.orm.jpa.JpaTransactionManager - Participating in existing transaction
2026-03-16 17:15:31 [http-nio-8080-exec-9] DEBUG org.hibernate.SQL - select ua1_0.scrty_dtrmn_trget_id,ua1_0.author_code,ua1_0.frst_register_id,ua1_0.frst_regist_pnttm,ua1_0.last_updusr_id,ua1_0.last_updt_pnttm,ua1_0.mber_ty_code from nemplyrscrtyestbs ua1_0 where ua1_0.scrty_dtrmn_trget_id=?
2026-03-16 17:15:31 [http-nio-8080-exec-2] DEBUG o.s.orm.jpa.JpaTransactionManager - Initiating transaction commit
2026-03-16 17:15:31 [http-nio-8080-exec-2] DEBUG o.s.orm.jpa.JpaTransactionManager - Committing JPA transaction on EntityManager [SessionImpl(1147509871<open>)]
2026-03-16 17:15:31 [http-nio-8080-exec-17] DEBUG o.s.orm.jpa.JpaTransactionManager - Initiating transaction commit
2026-03-16 17:15:31 [http-nio-8080-exec-17] DEBUG o.s.orm.jpa.JpaTransactionManager - Committing JPA transaction on EntityManager [SessionImpl(1784466500<open>)]
2026-03-16 17:15:31 [http-nio-8080-exec-10] DEBUG o.s.orm.jpa.JpaTransactionManager - Found thread-bound EntityManager [SessionImpl(936705258<open>)] for JPA transaction
2026-03-16 17:15:31 [http-nio-8080-exec-10] DEBUG o.s.orm.jpa.JpaTransactionManager - Participating in existing transaction
2026-03-16 17:15:31 [http-nio-8080-exec-10] DEBUG org.hibernate.SQL - select ua1_0.scrty_dtrmn_trget_id,ua1_0.author_code,ua1_0.frst_register_id,ua1_0.frst_regist_pnttm,ua1_0.last_updusr_id,ua1_0.last_updt_pnttm,ua1_0.mber_ty_code from nemplyrscrtyestbs ua1_0 where ua1_0.scrty_dtrmn_trget_id=?
2026-03-16 17:15:31 [http-nio-8080-exec-8] DEBUG o.s.orm.jpa.JpaTransactionManager - Found thread-bound EntityManager [SessionImpl(1026025719<open>)] for JPA transaction
2026-03-16 17:15:31 [http-nio-8080-exec-8] DEBUG o.s.orm.jpa.JpaTransactionManager - Participating in existing transaction
2026-03-16 17:15:31 [http-nio-8080-exec-8] DEBUG org.hibernate.SQL - select ua1_0.scrty_dtrmn_trget_id,ua1_0.author_code,ua1_0.frst_register_id,ua1_0.frst_regist_pnttm,ua1_0.last_updusr_id,ua1_0.last_updt_pnttm,ua1_0.mber_ty_code from nemplyrscrtyestbs ua1_0 where ua1_0.scrty_dtrmn_trget_id=?
2026-03-16 17:15:31 [http-nio-8080-exec-15] DEBUG o.s.orm.jpa.JpaTransactionManager - Found thread-bound EntityManager [SessionImpl(1865508957<open>)] for JPA transaction
2026-03-16 17:15:31 [http-nio-8080-exec-15] DEBUG o.s.orm.jpa.JpaTransactionManager - Participating in existing transaction
2026-03-16 17:15:31 [http-nio-8080-exec-15] DEBUG org.hibernate.SQL - select ua1_0.scrty_dtrmn_trget_id,ua1_0.author_code,ua1_0.frst_register_id,ua1_0.frst_regist_pnttm,ua1_0.last_updusr_id,ua1_0.last_updt_pnttm,ua1_0.mber_ty_code from nemplyrscrtyestbs ua1_0 where ua1_0.scrty_dtrmn_trget_id=?
2026-03-16 17:15:31 [http-nio-8080-exec-12] DEBUG o.s.orm.jpa.JpaTransactionManager - Initiating transaction commit
2026-03-16 17:15:31 [http-nio-8080-exec-12] DEBUG o.s.orm.jpa.JpaTransactionManager - Committing JPA transaction on EntityManager [SessionImpl(813878544<open>)]
2026-03-16 17:15:31 [http-nio-8080-exec-19] DEBUG o.s.orm.jpa.JpaTransactionManager - Initiating transaction commit
2026-03-16 17:15:31 [http-nio-8080-exec-19] DEBUG o.s.orm.jpa.JpaTransactionManager - Committing JPA transaction on EntityManager [SessionImpl(376481993<open>)]
2026-03-16 17:15:31 [http-nio-8080-exec-3] DEBUG o.s.orm.jpa.JpaTransactionManager - Initiating transaction commit
2026-03-16 17:15:31 [http-nio-8080-exec-3] DEBUG o.s.orm.jpa.JpaTransactionManager - Committing JPA transaction on EntityManager [SessionImpl(1048578714<open>)]
2026-03-16 17:15:31 [http-nio-8080-exec-13] DEBUG o.s.orm.jpa.JpaTransactionManager - Initiating transaction commit
2026-03-16 17:15:31 [http-nio-8080-exec-13] DEBUG o.s.orm.jpa.JpaTransactionManager - Committing JPA transaction on EntityManager [SessionImpl(1313793870<open>)]
2026-03-16 17:15:31 [http-nio-8080-exec-9] DEBUG o.s.orm.jpa.JpaTransactionManager - Initiating transaction commit
2026-03-16 17:15:31 [http-nio-8080-exec-9] DEBUG o.s.orm.jpa.JpaTransactionManager - Committing JPA transaction on EntityManager [SessionImpl(765240530<open>)]
2026-03-16 17:15:31 [http-nio-8080-exec-2] DEBUG o.s.orm.jpa.JpaTransactionManager - Closing JPA EntityManager [SessionImpl(1147509871<open>)] after transaction
2026-03-16 17:15:31 [http-nio-8080-exec-2] DEBUG c.c.p.s.jwt.JwtAuthenticationFilter - >>> [JwtFilter] Successfully authenticated user: USRCNFRM_99999999999, Authorities: [ROLE_ADMIN]
2026-03-16 17:15:31 [http-nio-8080-exec-2] DEBUG o.s.web.servlet.DispatcherServlet - GET "/api/v1/menu/left?menuNo=60", parameters={masked}
2026-03-16 17:15:31 [http-nio-8080-exec-2] TRACE o.s.w.s.m.m.a.RequestMappingHandlerMapping - Mapped to com.company.project.api.controller.menu.MenuController#getLeftMenu(Long)
2026-03-16 17:15:31 [http-nio-8080-exec-2] INFO  c.c.p.a.c.menu.MenuController - getLeftMenu called with menuNo=60
2026-03-16 17:15:31 [http-nio-8080-exec-2] DEBUG o.s.orm.jpa.JpaTransactionManager - Creating new transaction with name [com.company.project.service.menu.MenuService.getSubMenus]: PROPAGATION_REQUIRED,ISOLATION_DEFAULT,readOnly
2026-03-16 17:15:31 [http-nio-8080-exec-2] DEBUG o.s.orm.jpa.JpaTransactionManager - Opened new EntityManager [SessionImpl(1048658731<open>)] for JPA transaction
2026-03-16 17:15:31 [http-nio-8080-exec-2] DEBUG o.s.orm.jpa.JpaTransactionManager - Exposing JPA transaction as JDBC [org.springframework.orm.jpa.vendor.HibernateJpaDialect$HibernateConnectionHandle@3d80dcd6]
2026-03-16 17:15:31 [http-nio-8080-exec-2] DEBUG org.hibernate.SQL - select m1_0.menu_no,m1_0.menu_dc,m1_0.menu_nm,m1_0.menu_ordr,m1_0.modern_route,m1_0.progrm_file_nm,m1_0.relate_image_nm,m1_0.relate_image_path,m1_0.route_updated_at,m1_0.upper_menu_no from nmenuinfo m1_0 order by m1_0.upper_menu_no,m1_0.menu_ordr
2026-03-16 17:15:31 [http-nio-8080-exec-17] DEBUG o.s.orm.jpa.JpaTransactionManager - Closing JPA EntityManager [SessionImpl(1784466500<open>)] after transaction
2026-03-16 17:15:31 [http-nio-8080-exec-17] DEBUG c.c.p.s.jwt.JwtAuthenticationFilter - >>> [JwtFilter] Successfully authenticated user: USRCNFRM_99999999999, Authorities: [ROLE_ADMIN]
2026-03-16 17:15:31 [http-nio-8080-exec-17] DEBUG o.s.web.servlet.DispatcherServlet - GET "/api/v1/menu/left?menuNo=50", parameters={masked}
2026-03-16 17:15:31 [http-nio-8080-exec-17] TRACE o.s.w.s.m.m.a.RequestMappingHandlerMapping - Mapped to com.company.project.api.controller.menu.MenuController#getLeftMenu(Long)
2026-03-16 17:15:31 [http-nio-8080-exec-17] INFO  c.c.p.a.c.menu.MenuController - getLeftMenu called with menuNo=50
2026-03-16 17:15:31 [http-nio-8080-exec-17] DEBUG o.s.orm.jpa.JpaTransactionManager - Creating new transaction with name [com.company.project.service.menu.MenuService.getSubMenus]: PROPAGATION_REQUIRED,ISOLATION_DEFAULT,readOnly
2026-03-16 17:15:31 [http-nio-8080-exec-17] DEBUG o.s.orm.jpa.JpaTransactionManager - Opened new EntityManager [SessionImpl(1718246589<open>)] for JPA transaction
2026-03-16 17:15:31 [http-nio-8080-exec-17] DEBUG o.s.orm.jpa.JpaTransactionManager - Exposing JPA transaction as JDBC [org.springframework.orm.jpa.vendor.HibernateJpaDialect$HibernateConnectionHandle@2661eed6]
2026-03-16 17:15:31 [http-nio-8080-exec-17] DEBUG org.hibernate.SQL - select m1_0.menu_no,m1_0.menu_dc,m1_0.menu_nm,m1_0.menu_ordr,m1_0.modern_route,m1_0.progrm_file_nm,m1_0.relate_image_nm,m1_0.relate_image_path,m1_0.route_updated_at,m1_0.upper_menu_no from nmenuinfo m1_0 order by m1_0.upper_menu_no,m1_0.menu_ordr
2026-03-16 17:15:31 [http-nio-8080-exec-10] DEBUG o.s.orm.jpa.JpaTransactionManager - Initiating transaction commit
2026-03-16 17:15:31 [http-nio-8080-exec-10] DEBUG o.s.orm.jpa.JpaTransactionManager - Committing JPA transaction on EntityManager [SessionImpl(936705258<open>)]
2026-03-16 17:15:31 [http-nio-8080-exec-8] DEBUG o.s.orm.jpa.JpaTransactionManager - Initiating transaction commit
2026-03-16 17:15:31 [http-nio-8080-exec-8] DEBUG o.s.orm.jpa.JpaTransactionManager - Committing JPA transaction on EntityManager [SessionImpl(1026025719<open>)]
2026-03-16 17:15:31 [http-nio-8080-exec-15] DEBUG o.s.orm.jpa.JpaTransactionManager - Initiating transaction commit
2026-03-16 17:15:31 [http-nio-8080-exec-15] DEBUG o.s.orm.jpa.JpaTransactionManager - Committing JPA transaction on EntityManager [SessionImpl(1865508957<open>)]
2026-03-16 17:15:31 [http-nio-8080-exec-12] DEBUG o.s.orm.jpa.JpaTransactionManager - Closing JPA EntityManager [SessionImpl(813878544<open>)] after transaction
2026-03-16 17:15:31 [http-nio-8080-exec-12] DEBUG c.c.p.s.jwt.JwtAuthenticationFilter - >>> [JwtFilter] Successfully authenticated user: USRCNFRM_99999999999, Authorities: [ROLE_ADMIN]
2026-03-16 17:15:31 [http-nio-8080-exec-12] DEBUG o.s.web.servlet.DispatcherServlet - GET "/api/v1/menu/left?menuNo=60", parameters={masked}
2026-03-16 17:15:31 [http-nio-8080-exec-12] TRACE o.s.w.s.m.m.a.RequestMappingHandlerMapping - Mapped to com.company.project.api.controller.menu.MenuController#getLeftMenu(Long)
2026-03-16 17:15:31 [http-nio-8080-exec-12] INFO  c.c.p.a.c.menu.MenuController - getLeftMenu called with menuNo=60
2026-03-16 17:15:31 [http-nio-8080-exec-12] DEBUG o.s.orm.jpa.JpaTransactionManager - Creating new transaction with name [com.company.project.service.menu.MenuService.getSubMenus]: PROPAGATION_REQUIRED,ISOLATION_DEFAULT,readOnly
2026-03-16 17:15:31 [http-nio-8080-exec-12] DEBUG o.s.orm.jpa.JpaTransactionManager - Opened new EntityManager [SessionImpl(14871716<open>)] for JPA transaction
2026-03-16 17:15:31 [http-nio-8080-exec-12] DEBUG o.s.orm.jpa.JpaTransactionManager - Exposing JPA transaction as JDBC [org.springframework.orm.jpa.vendor.HibernateJpaDialect$HibernateConnectionHandle@27e9cf3a]
2026-03-16 17:15:31 [http-nio-8080-exec-12] DEBUG org.hibernate.SQL - select m1_0.menu_no,m1_0.menu_dc,m1_0.menu_nm,m1_0.menu_ordr,m1_0.modern_route,m1_0.progrm_file_nm,m1_0.relate_image_nm,m1_0.relate_image_path,m1_0.route_updated_at,m1_0.upper_menu_no from nmenuinfo m1_0 order by m1_0.upper_menu_no,m1_0.menu_ordr
2026-03-16 17:15:31 [http-nio-8080-exec-19] DEBUG o.s.orm.jpa.JpaTransactionManager - Closing JPA EntityManager [SessionImpl(376481993<open>)] after transaction
2026-03-16 17:15:31 [http-nio-8080-exec-19] DEBUG c.c.p.s.jwt.JwtAuthenticationFilter - >>> [JwtFilter] Successfully authenticated user: USRCNFRM_99999999999, Authorities: [ROLE_ADMIN]
2026-03-16 17:15:31 [http-nio-8080-exec-19] DEBUG o.s.web.servlet.DispatcherServlet - GET "/api/v1/menu/left?menuNo=20", parameters={masked}
2026-03-16 17:15:31 [http-nio-8080-exec-19] TRACE o.s.w.s.m.m.a.RequestMappingHandlerMapping - Mapped to com.company.project.api.controller.menu.MenuController#getLeftMenu(Long)
2026-03-16 17:15:31 [http-nio-8080-exec-3] DEBUG o.s.orm.jpa.JpaTransactionManager - Closing JPA EntityManager [SessionImpl(1048578714<open>)] after transaction
2026-03-16 17:15:31 [http-nio-8080-exec-3] DEBUG c.c.p.s.jwt.JwtAuthenticationFilter - >>> [JwtFilter] Successfully authenticated user: USRCNFRM_99999999999, Authorities: [ROLE_ADMIN]
2026-03-16 17:15:31 [http-nio-8080-exec-19] INFO  c.c.p.a.c.menu.MenuController - getLeftMenu called with menuNo=20
2026-03-16 17:15:31 [http-nio-8080-exec-19] DEBUG o.s.orm.jpa.JpaTransactionManager - Creating new transaction with name [com.company.project.service.menu.MenuService.getSubMenus]: PROPAGATION_REQUIRED,ISOLATION_DEFAULT,readOnly
2026-03-16 17:15:31 [http-nio-8080-exec-19] DEBUG o.s.orm.jpa.JpaTransactionManager - Opened new EntityManager [SessionImpl(1445235783<open>)] for JPA transaction
2026-03-16 17:15:31 [http-nio-8080-exec-3] DEBUG o.s.web.servlet.DispatcherServlet - GET "/api/v1/menu/left?menuNo=10", parameters={masked}
2026-03-16 17:15:31 [http-nio-8080-exec-19] DEBUG o.s.orm.jpa.JpaTransactionManager - Exposing JPA transaction as JDBC [org.springframework.orm.jpa.vendor.HibernateJpaDialect$HibernateConnectionHandle@7790a31b]
2026-03-16 17:15:31 [http-nio-8080-exec-3] TRACE o.s.w.s.m.m.a.RequestMappingHandlerMapping - Mapped to com.company.project.api.controller.menu.MenuController#getLeftMenu(Long)
2026-03-16 17:15:31 [http-nio-8080-exec-3] INFO  c.c.p.a.c.menu.MenuController - getLeftMenu called with menuNo=10
2026-03-16 17:15:31 [http-nio-8080-exec-3] DEBUG o.s.orm.jpa.JpaTransactionManager - Creating new transaction with name [com.company.project.service.menu.MenuService.getSubMenus]: PROPAGATION_REQUIRED,ISOLATION_DEFAULT,readOnly
2026-03-16 17:15:31 [http-nio-8080-exec-3] DEBUG o.s.orm.jpa.JpaTransactionManager - Opened new EntityManager [SessionImpl(292488643<open>)] for JPA transaction
2026-03-16 17:15:31 [http-nio-8080-exec-3] DEBUG o.s.orm.jpa.JpaTransactionManager - Exposing JPA transaction as JDBC [org.springframework.orm.jpa.vendor.HibernateJpaDialect$HibernateConnectionHandle@40e773f]
2026-03-16 17:15:31 [http-nio-8080-exec-19] DEBUG org.hibernate.SQL - select m1_0.menu_no,m1_0.menu_dc,m1_0.menu_nm,m1_0.menu_ordr,m1_0.modern_route,m1_0.progrm_file_nm,m1_0.relate_image_nm,m1_0.relate_image_path,m1_0.route_updated_at,m1_0.upper_menu_no from nmenuinfo m1_0 order by m1_0.upper_menu_no,m1_0.menu_ordr
2026-03-16 17:15:31 [http-nio-8080-exec-3] DEBUG org.hibernate.SQL - select m1_0.menu_no,m1_0.menu_dc,m1_0.menu_nm,m1_0.menu_ordr,m1_0.modern_route,m1_0.progrm_file_nm,m1_0.relate_image_nm,m1_0.relate_image_path,m1_0.route_updated_at,m1_0.upper_menu_no from nmenuinfo m1_0 order by m1_0.upper_menu_no,m1_0.menu_ordr
2026-03-16 17:15:32 [http-nio-8080-exec-13] DEBUG o.s.orm.jpa.JpaTransactionManager - Closing JPA EntityManager [SessionImpl(1313793870<open>)] after transaction
2026-03-16 17:15:32 [http-nio-8080-exec-13] DEBUG c.c.p.s.jwt.JwtAuthenticationFilter - >>> [JwtFilter] Successfully authenticated user: USRCNFRM_99999999999, Authorities: [ROLE_ADMIN]
2026-03-16 17:15:32 [http-nio-8080-exec-13] DEBUG o.s.web.servlet.DispatcherServlet - GET "/api/v1/menu/left?menuNo=40", parameters={masked}
2026-03-16 17:15:32 [http-nio-8080-exec-13] TRACE o.s.w.s.m.m.a.RequestMappingHandlerMapping - Mapped to com.company.project.api.controller.menu.MenuController#getLeftMenu(Long)
2026-03-16 17:15:32 [http-nio-8080-exec-13] INFO  c.c.p.a.c.menu.MenuController - getLeftMenu called with menuNo=40
2026-03-16 17:15:32 [http-nio-8080-exec-13] DEBUG o.s.orm.jpa.JpaTransactionManager - Creating new transaction with name [com.company.project.service.menu.MenuService.getSubMenus]: PROPAGATION_REQUIRED,ISOLATION_DEFAULT,readOnly
2026-03-16 17:15:32 [http-nio-8080-exec-13] DEBUG o.s.orm.jpa.JpaTransactionManager - Opened new EntityManager [SessionImpl(360689211<open>)] for JPA transaction
2026-03-16 17:15:32 [http-nio-8080-exec-13] DEBUG o.s.orm.jpa.JpaTransactionManager - Exposing JPA transaction as JDBC [org.springframework.orm.jpa.vendor.HibernateJpaDialect$HibernateConnectionHandle@56e70731]
2026-03-16 17:15:32 [http-nio-8080-exec-13] DEBUG org.hibernate.SQL - select m1_0.menu_no,m1_0.menu_dc,m1_0.menu_nm,m1_0.menu_ordr,m1_0.modern_route,m1_0.progrm_file_nm,m1_0.relate_image_nm,m1_0.relate_image_path,m1_0.route_updated_at,m1_0.upper_menu_no from nmenuinfo m1_0 order by m1_0.upper_menu_no,m1_0.menu_ordr
2026-03-16 17:15:32 [http-nio-8080-exec-9] DEBUG o.s.orm.jpa.JpaTransactionManager - Closing JPA EntityManager [SessionImpl(765240530<open>)] after transaction
2026-03-16 17:15:32 [http-nio-8080-exec-9] DEBUG c.c.p.s.jwt.JwtAuthenticationFilter - >>> [JwtFilter] Successfully authenticated user: USRCNFRM_99999999999, Authorities: [ROLE_ADMIN]
2026-03-16 17:15:32 [http-nio-8080-exec-9] DEBUG o.s.web.servlet.DispatcherServlet - GET "/api/v1/menu/left?menuNo=50", parameters={masked}
2026-03-16 17:15:32 [http-nio-8080-exec-9] TRACE o.s.w.s.m.m.a.RequestMappingHandlerMapping - Mapped to com.company.project.api.controller.menu.MenuController#getLeftMenu(Long)
2026-03-16 17:15:32 [http-nio-8080-exec-10] DEBUG o.s.orm.jpa.JpaTransactionManager - Closing JPA EntityManager [SessionImpl(936705258<open>)] after transaction
2026-03-16 17:15:32 [http-nio-8080-exec-9] INFO  c.c.p.a.c.menu.MenuController - getLeftMenu called with menuNo=50
2026-03-16 17:15:32 [http-nio-8080-exec-10] DEBUG c.c.p.s.jwt.JwtAuthenticationFilter - >>> [JwtFilter] Successfully authenticated user: USRCNFRM_99999999999, Authorities: [ROLE_ADMIN]
2026-03-16 17:15:32 [http-nio-8080-exec-9] DEBUG o.s.orm.jpa.JpaTransactionManager - Creating new transaction with name [com.company.project.service.menu.MenuService.getSubMenus]: PROPAGATION_REQUIRED,ISOLATION_DEFAULT,readOnly
2026-03-16 17:15:32 [http-nio-8080-exec-9] DEBUG o.s.orm.jpa.JpaTransactionManager - Opened new EntityManager [SessionImpl(2010399636<open>)] for JPA transaction
2026-03-16 17:15:32 [http-nio-8080-exec-9] DEBUG o.s.orm.jpa.JpaTransactionManager - Exposing JPA transaction as JDBC [org.springframework.orm.jpa.vendor.HibernateJpaDialect$HibernateConnectionHandle@597609e6]
2026-03-16 17:15:32 [http-nio-8080-exec-10] DEBUG o.s.web.servlet.DispatcherServlet - GET "/api/v1/menu/left?menuNo=40", parameters={masked}
2026-03-16 17:15:32 [http-nio-8080-exec-10] TRACE o.s.w.s.m.m.a.RequestMappingHandlerMapping - Mapped to com.company.project.api.controller.menu.MenuController#getLeftMenu(Long)
2026-03-16 17:15:32 [http-nio-8080-exec-10] INFO  c.c.p.a.c.menu.MenuController - getLeftMenu called with menuNo=40
2026-03-16 17:15:32 [http-nio-8080-exec-10] DEBUG o.s.orm.jpa.JpaTransactionManager - Creating new transaction with name [com.company.project.service.menu.MenuService.getSubMenus]: PROPAGATION_REQUIRED,ISOLATION_DEFAULT,readOnly
2026-03-16 17:15:32 [http-nio-8080-exec-10] DEBUG o.s.orm.jpa.JpaTransactionManager - Opened new EntityManager [SessionImpl(565294200<open>)] for JPA transaction
2026-03-16 17:15:32 [http-nio-8080-exec-9] DEBUG org.hibernate.SQL - select m1_0.menu_no,m1_0.menu_dc,m1_0.menu_nm,m1_0.menu_ordr,m1_0.modern_route,m1_0.progrm_file_nm,m1_0.relate_image_nm,m1_0.relate_image_path,m1_0.route_updated_at,m1_0.upper_menu_no from nmenuinfo m1_0 order by m1_0.upper_menu_no,m1_0.menu_ordr
2026-03-16 17:15:32 [http-nio-8080-exec-10] DEBUG o.s.orm.jpa.JpaTransactionManager - Exposing JPA transaction as JDBC [org.springframework.orm.jpa.vendor.HibernateJpaDialect$HibernateConnectionHandle@24eed22d]
2026-03-16 17:15:32 [http-nio-8080-exec-10] DEBUG org.hibernate.SQL - select m1_0.menu_no,m1_0.menu_dc,m1_0.menu_nm,m1_0.menu_ordr,m1_0.modern_route,m1_0.progrm_file_nm,m1_0.relate_image_nm,m1_0.relate_image_path,m1_0.route_updated_at,m1_0.upper_menu_no from nmenuinfo m1_0 order by m1_0.upper_menu_no,m1_0.menu_ordr
2026-03-16 17:15:32 [http-nio-8080-exec-15] DEBUG o.s.orm.jpa.JpaTransactionManager - Closing JPA EntityManager [SessionImpl(1865508957<open>)] after transaction
2026-03-16 17:15:32 [http-nio-8080-exec-8] DEBUG o.s.orm.jpa.JpaTransactionManager - Closing JPA EntityManager [SessionImpl(1026025719<open>)] after transaction
2026-03-16 17:15:32 [http-nio-8080-exec-15] DEBUG c.c.p.s.jwt.JwtAuthenticationFilter - >>> [JwtFilter] Successfully authenticated user: USRCNFRM_99999999999, Authorities: [ROLE_ADMIN]
2026-03-16 17:15:32 [http-nio-8080-exec-8] DEBUG c.c.p.s.jwt.JwtAuthenticationFilter - >>> [JwtFilter] Successfully authenticated user: USRCNFRM_99999999999, Authorities: [ROLE_ADMIN]
2026-03-16 17:15:32 [http-nio-8080-exec-15] DEBUG o.s.web.servlet.DispatcherServlet - GET "/api/v1/menu/left?menuNo=20", parameters={masked}
2026-03-16 17:15:32 [http-nio-8080-exec-8] DEBUG o.s.web.servlet.DispatcherServlet - GET "/api/v1/menu/left?menuNo=10", parameters={masked}
2026-03-16 17:15:32 [http-nio-8080-exec-15] TRACE o.s.w.s.m.m.a.RequestMappingHandlerMapping - Mapped to com.company.project.api.controller.menu.MenuController#getLeftMenu(Long)
2026-03-16 17:15:32 [http-nio-8080-exec-8] TRACE o.s.w.s.m.m.a.RequestMappingHandlerMapping - Mapped to com.company.project.api.controller.menu.MenuController#getLeftMenu(Long)
2026-03-16 17:15:32 [http-nio-8080-exec-15] INFO  c.c.p.a.c.menu.MenuController - getLeftMenu called with menuNo=20
2026-03-16 17:15:32 [http-nio-8080-exec-8] INFO  c.c.p.a.c.menu.MenuController - getLeftMenu called with menuNo=10
2026-03-16 17:15:32 [http-nio-8080-exec-15] DEBUG o.s.orm.jpa.JpaTransactionManager - Creating new transaction with name [com.company.project.service.menu.MenuService.getSubMenus]: PROPAGATION_REQUIRED,ISOLATION_DEFAULT,readOnly
2026-03-16 17:15:32 [http-nio-8080-exec-8] DEBUG o.s.orm.jpa.JpaTransactionManager - Creating new transaction with name [com.company.project.service.menu.MenuService.getSubMenus]: PROPAGATION_REQUIRED,ISOLATION_DEFAULT,readOnly
2026-03-16 17:15:32 [http-nio-8080-exec-8] DEBUG o.s.orm.jpa.JpaTransactionManager - Opened new EntityManager [SessionImpl(2008873157<open>)] for JPA transaction
2026-03-16 17:15:32 [http-nio-8080-exec-15] DEBUG o.s.orm.jpa.JpaTransactionManager - Opened new EntityManager [SessionImpl(341345636<open>)] for JPA transaction
2026-03-16 17:15:32 [http-nio-8080-exec-15] DEBUG o.s.orm.jpa.JpaTransactionManager - Exposing JPA transaction as JDBC [org.springframework.orm.jpa.vendor.HibernateJpaDialect$HibernateConnectionHandle@5ecc6c93]
2026-03-16 17:15:32 [http-nio-8080-exec-8] DEBUG o.s.orm.jpa.JpaTransactionManager - Exposing JPA transaction as JDBC [org.springframework.orm.jpa.vendor.HibernateJpaDialect$HibernateConnectionHandle@3310fbc6]
2026-03-16 17:15:32 [http-nio-8080-exec-15] DEBUG org.hibernate.SQL - select m1_0.menu_no,m1_0.menu_dc,m1_0.menu_nm,m1_0.menu_ordr,m1_0.modern_route,m1_0.progrm_file_nm,m1_0.relate_image_nm,m1_0.relate_image_path,m1_0.route_updated_at,m1_0.upper_menu_no from nmenuinfo m1_0 order by m1_0.upper_menu_no,m1_0.menu_ordr
2026-03-16 17:15:32 [http-nio-8080-exec-8] DEBUG org.hibernate.SQL - select m1_0.menu_no,m1_0.menu_dc,m1_0.menu_nm,m1_0.menu_ordr,m1_0.modern_route,m1_0.progrm_file_nm,m1_0.relate_image_nm,m1_0.relate_image_path,m1_0.route_updated_at,m1_0.upper_menu_no from nmenuinfo m1_0 order by m1_0.upper_menu_no,m1_0.menu_ordr
2026-03-16 17:15:32 [http-nio-8080-exec-2] DEBUG o.s.orm.jpa.JpaTransactionManager - Found thread-bound EntityManager [SessionImpl(1048658731<open>)] for JPA transaction
2026-03-16 17:15:32 [http-nio-8080-exec-2] DEBUG o.s.orm.jpa.JpaTransactionManager - Participating in existing transaction
2026-03-16 17:15:32 [http-nio-8080-exec-2] DEBUG org.hibernate.SQL - select p1_0.progrm_file_nm,p1_0.progrm_dc,p1_0.progrm_korean_nm,p1_0.progrm_stre_path,p1_0.url from nprogrmlist p1_0
2026-03-16 17:15:32 [http-nio-8080-exec-17] DEBUG o.s.orm.jpa.JpaTransactionManager - Found thread-bound EntityManager [SessionImpl(1718246589<open>)] for JPA transaction
2026-03-16 17:15:32 [http-nio-8080-exec-17] DEBUG o.s.orm.jpa.JpaTransactionManager - Participating in existing transaction
2026-03-16 17:15:32 [http-nio-8080-exec-17] DEBUG org.hibernate.SQL - select p1_0.progrm_file_nm,p1_0.progrm_dc,p1_0.progrm_korean_nm,p1_0.progrm_stre_path,p1_0.url from nprogrmlist p1_0
2026-03-16 17:15:32 [http-nio-8080-exec-12] DEBUG o.s.orm.jpa.JpaTransactionManager - Found thread-bound EntityManager [SessionImpl(14871716<open>)] for JPA transaction
2026-03-16 17:15:32 [http-nio-8080-exec-12] DEBUG o.s.orm.jpa.JpaTransactionManager - Participating in existing transaction
2026-03-16 17:15:32 [http-nio-8080-exec-12] DEBUG org.hibernate.SQL - select p1_0.progrm_file_nm,p1_0.progrm_dc,p1_0.progrm_korean_nm,p1_0.progrm_stre_path,p1_0.url from nprogrmlist p1_0
2026-03-16 17:15:32 [http-nio-8080-exec-3] DEBUG o.s.orm.jpa.JpaTransactionManager - Found thread-bound EntityManager [SessionImpl(292488643<open>)] for JPA transaction
2026-03-16 17:15:32 [http-nio-8080-exec-3] DEBUG o.s.orm.jpa.JpaTransactionManager - Participating in existing transaction
2026-03-16 17:15:32 [http-nio-8080-exec-3] DEBUG org.hibernate.SQL - select p1_0.progrm_file_nm,p1_0.progrm_dc,p1_0.progrm_korean_nm,p1_0.progrm_stre_path,p1_0.url from nprogrmlist p1_0
2026-03-16 17:15:32 [http-nio-8080-exec-19] DEBUG o.s.orm.jpa.JpaTransactionManager - Found thread-bound EntityManager [SessionImpl(1445235783<open>)] for JPA transaction
2026-03-16 17:15:32 [http-nio-8080-exec-19] DEBUG o.s.orm.jpa.JpaTransactionManager - Participating in existing transaction
2026-03-16 17:15:32 [http-nio-8080-exec-19] DEBUG org.hibernate.SQL - select p1_0.progrm_file_nm,p1_0.progrm_dc,p1_0.progrm_korean_nm,p1_0.progrm_stre_path,p1_0.url from nprogrmlist p1_0
2026-03-16 17:15:32 [http-nio-8080-exec-13] DEBUG o.s.orm.jpa.JpaTransactionManager - Found thread-bound EntityManager [SessionImpl(360689211<open>)] for JPA transaction
2026-03-16 17:15:32 [http-nio-8080-exec-13] DEBUG o.s.orm.jpa.JpaTransactionManager - Participating in existing transaction
2026-03-16 17:15:32 [http-nio-8080-exec-13] DEBUG org.hibernate.SQL - select p1_0.progrm_file_nm,p1_0.progrm_dc,p1_0.progrm_korean_nm,p1_0.progrm_stre_path,p1_0.url from nprogrmlist p1_0
2026-03-16 17:15:32 [http-nio-8080-exec-2] DEBUG o.s.orm.jpa.JpaTransactionManager - Initiating transaction commit
2026-03-16 17:15:32 [http-nio-8080-exec-2] DEBUG o.s.orm.jpa.JpaTransactionManager - Committing JPA transaction on EntityManager [SessionImpl(1048658731<open>)]
2026-03-16 17:15:32 [http-nio-8080-exec-17] DEBUG o.s.orm.jpa.JpaTransactionManager - Initiating transaction commit
2026-03-16 17:15:32 [http-nio-8080-exec-17] DEBUG o.s.orm.jpa.JpaTransactionManager - Committing JPA transaction on EntityManager [SessionImpl(1718246589<open>)]
2026-03-16 17:15:32 [http-nio-8080-exec-10] DEBUG o.s.orm.jpa.JpaTransactionManager - Found thread-bound EntityManager [SessionImpl(565294200<open>)] for JPA transaction
2026-03-16 17:15:32 [http-nio-8080-exec-10] DEBUG o.s.orm.jpa.JpaTransactionManager - Participating in existing transaction
2026-03-16 17:15:32 [http-nio-8080-exec-10] DEBUG org.hibernate.SQL - select p1_0.progrm_file_nm,p1_0.progrm_dc,p1_0.progrm_korean_nm,p1_0.progrm_stre_path,p1_0.url from nprogrmlist p1_0
2026-03-16 17:15:32 [http-nio-8080-exec-9] DEBUG o.s.orm.jpa.JpaTransactionManager - Found thread-bound EntityManager [SessionImpl(2010399636<open>)] for JPA transaction
2026-03-16 17:15:32 [http-nio-8080-exec-9] DEBUG o.s.orm.jpa.JpaTransactionManager - Participating in existing transaction
2026-03-16 17:15:32 [http-nio-8080-exec-9] DEBUG org.hibernate.SQL - select p1_0.progrm_file_nm,p1_0.progrm_dc,p1_0.progrm_korean_nm,p1_0.progrm_stre_path,p1_0.url from nprogrmlist p1_0
2026-03-16 17:15:32 [http-nio-8080-exec-15] DEBUG o.s.orm.jpa.JpaTransactionManager - Found thread-bound EntityManager [SessionImpl(341345636<open>)] for JPA transaction
2026-03-16 17:15:32 [http-nio-8080-exec-15] DEBUG o.s.orm.jpa.JpaTransactionManager - Participating in existing transaction
2026-03-16 17:15:32 [http-nio-8080-exec-8] DEBUG o.s.orm.jpa.JpaTransactionManager - Found thread-bound EntityManager [SessionImpl(2008873157<open>)] for JPA transaction
2026-03-16 17:15:32 [http-nio-8080-exec-8] DEBUG o.s.orm.jpa.JpaTransactionManager - Participating in existing transaction
2026-03-16 17:15:32 [http-nio-8080-exec-15] DEBUG org.hibernate.SQL - select p1_0.progrm_file_nm,p1_0.progrm_dc,p1_0.progrm_korean_nm,p1_0.progrm_stre_path,p1_0.url from nprogrmlist p1_0
2026-03-16 17:15:32 [http-nio-8080-exec-8] DEBUG org.hibernate.SQL - select p1_0.progrm_file_nm,p1_0.progrm_dc,p1_0.progrm_korean_nm,p1_0.progrm_stre_path,p1_0.url from nprogrmlist p1_0
2026-03-16 17:15:32 [http-nio-8080-exec-12] DEBUG o.s.orm.jpa.JpaTransactionManager - Initiating transaction commit
2026-03-16 17:15:32 [http-nio-8080-exec-12] DEBUG o.s.orm.jpa.JpaTransactionManager - Committing JPA transaction on EntityManager [SessionImpl(14871716<open>)]
2026-03-16 17:15:32 [http-nio-8080-exec-3] DEBUG o.s.orm.jpa.JpaTransactionManager - Initiating transaction commit
2026-03-16 17:15:32 [http-nio-8080-exec-3] DEBUG o.s.orm.jpa.JpaTransactionManager - Committing JPA transaction on EntityManager [SessionImpl(292488643<open>)]
2026-03-16 17:15:32 [http-nio-8080-exec-19] DEBUG o.s.orm.jpa.JpaTransactionManager - Initiating transaction commit
2026-03-16 17:15:32 [http-nio-8080-exec-19] DEBUG o.s.orm.jpa.JpaTransactionManager - Committing JPA transaction on EntityManager [SessionImpl(1445235783<open>)]
2026-03-16 17:15:32 [http-nio-8080-exec-2] DEBUG o.s.orm.jpa.JpaTransactionManager - Closing JPA EntityManager [SessionImpl(1048658731<open>)] after transaction
2026-03-16 17:15:32 [http-nio-8080-exec-2] INFO  c.c.p.a.c.menu.MenuController - getLeftMenu returned 1 items
2026-03-16 17:15:32 [http-nio-8080-exec-2] DEBUG o.s.w.s.m.m.a.HttpEntityMethodProcessor - Using 'application/json', given [application/json, text/plain, */*] and supported [application/json, application/*+json, application/yaml]
2026-03-16 17:15:32 [http-nio-8080-exec-2] TRACE o.s.w.s.m.m.a.HttpEntityMethodProcessor - Writing [ApiResponse[success=true, status=200, code=COMMON_001, message=Success, data={list=[com.company.project.service.menu.dto.MenuDto@1478461e]}, timestamp=2026-03-16T17:15:32.483629100]]
2026-03-16 17:15:32 [http-nio-8080-exec-2] INFO  c.c.p.a.i.OperationalAuditInterceptor - API Audit Log: URL=/api/v1/menu/left, User=webmaster, IP=0:0:0:0:0:0:0:1
2026-03-16 17:15:32 [http-nio-8080-exec-2] DEBUG o.s.web.servlet.DispatcherServlet - Completed 200 OK
2026-03-16 17:15:32 [http-nio-8080-exec-17] DEBUG o.s.orm.jpa.JpaTransactionManager - Closing JPA EntityManager [SessionImpl(1718246589<open>)] after transaction
2026-03-16 17:15:32 [http-nio-8080-exec-17] INFO  c.c.p.a.c.menu.MenuController - getLeftMenu returned 3 items
2026-03-16 17:15:32 [http-nio-8080-exec-17] DEBUG o.s.w.s.m.m.a.HttpEntityMethodProcessor - Using 'application/json', given [application/json, text/plain, */*] and supported [application/json, application/*+json, application/yaml]
2026-03-16 17:15:32 [http-nio-8080-exec-17] TRACE o.s.w.s.m.m.a.HttpEntityMethodProcessor - Writing [ApiResponse[success=true, status=200, code=COMMON_001, message=Success, data={list=[com.company.project.service.menu.dto.MenuDto@771b1ead, com.company.project.service.menu.dto.MenuDto@7b0e170c, com.company.project.service.menu.dto.MenuDto@4cb8ed49]}, timestamp=2026-03-16T17:15:32.484629700]]
2026-03-16 17:15:32 [http-nio-8080-exec-13] DEBUG o.s.orm.jpa.JpaTransactionManager - Initiating transaction commit
2026-03-16 17:15:32 [http-nio-8080-exec-13] DEBUG o.s.orm.jpa.JpaTransactionManager - Committing JPA transaction on EntityManager [SessionImpl(360689211<open>)]
2026-03-16 17:15:32 [http-nio-8080-exec-17] INFO  c.c.p.a.i.OperationalAuditInterceptor - API Audit Log: URL=/api/v1/menu/left, User=webmaster, IP=0:0:0:0:0:0:0:1
2026-03-16 17:15:32 [http-nio-8080-exec-17] DEBUG o.s.web.servlet.DispatcherServlet - Completed 200 OK
2026-03-16 17:15:32 [http-nio-8080-exec-10] DEBUG o.s.orm.jpa.JpaTransactionManager - Initiating transaction commit
2026-03-16 17:15:32 [http-nio-8080-exec-10] DEBUG o.s.orm.jpa.JpaTransactionManager - Committing JPA transaction on EntityManager [SessionImpl(565294200<open>)]
2026-03-16 17:15:32 [http-nio-8080-exec-9] DEBUG o.s.orm.jpa.JpaTransactionManager - Initiating transaction commit
2026-03-16 17:15:32 [http-nio-8080-exec-9] DEBUG o.s.orm.jpa.JpaTransactionManager - Committing JPA transaction on EntityManager [SessionImpl(2010399636<open>)]
2026-03-16 17:15:32 [http-nio-8080-exec-8] DEBUG o.s.orm.jpa.JpaTransactionManager - Initiating transaction commit
2026-03-16 17:15:32 [http-nio-8080-exec-8] DEBUG o.s.orm.jpa.JpaTransactionManager - Committing JPA transaction on EntityManager [SessionImpl(2008873157<open>)]
2026-03-16 17:15:32 [http-nio-8080-exec-15] DEBUG o.s.orm.jpa.JpaTransactionManager - Initiating transaction commit
2026-03-16 17:15:32 [http-nio-8080-exec-15] DEBUG o.s.orm.jpa.JpaTransactionManager - Committing JPA transaction on EntityManager [SessionImpl(341345636<open>)]
2026-03-16 17:15:32 [http-nio-8080-exec-12] DEBUG o.s.orm.jpa.JpaTransactionManager - Closing JPA EntityManager [SessionImpl(14871716<open>)] after transaction
2026-03-16 17:15:32 [http-nio-8080-exec-12] INFO  c.c.p.a.c.menu.MenuController - getLeftMenu returned 1 items
2026-03-16 17:15:32 [http-nio-8080-exec-12] DEBUG o.s.w.s.m.m.a.HttpEntityMethodProcessor - Using 'application/json', given [application/json, text/plain, */*] and supported [application/json, application/*+json, application/yaml]
2026-03-16 17:15:32 [http-nio-8080-exec-12] TRACE o.s.w.s.m.m.a.HttpEntityMethodProcessor - Writing [ApiResponse[success=true, status=200, code=COMMON_001, message=Success, data={list=[com.company.project.service.menu.dto.MenuDto@561f4b90]}, timestamp=2026-03-16T17:15:32.585185200]]
2026-03-16 17:15:32 [http-nio-8080-exec-12] INFO  c.c.p.a.i.OperationalAuditInterceptor - API Audit Log: URL=/api/v1/menu/left, User=webmaster, IP=0:0:0:0:0:0:0:1
2026-03-16 17:15:32 [http-nio-8080-exec-12] DEBUG o.s.web.servlet.DispatcherServlet - Completed 200 OK
2026-03-16 17:15:32 [http-nio-8080-exec-3] DEBUG o.s.orm.jpa.JpaTransactionManager - Closing JPA EntityManager [SessionImpl(292488643<open>)] after transaction
2026-03-16 17:15:32 [http-nio-8080-exec-3] INFO  c.c.p.a.c.menu.MenuController - getLeftMenu returned 5 items
2026-03-16 17:15:32 [http-nio-8080-exec-3] DEBUG o.s.w.s.m.m.a.HttpEntityMethodProcessor - Using 'application/json', given [application/json, text/plain, */*] and supported [application/json, application/*+json, application/yaml]
2026-03-16 17:15:32 [http-nio-8080-exec-3] TRACE o.s.w.s.m.m.a.HttpEntityMethodProcessor - Writing [ApiResponse[success=true, status=200, code=COMMON_001, message=Success, data={list=[com.company.project.service.menu.dto.MenuDto@55481b1d, com.company.project.service.menu.dto.MenuDto@2a0c2c6d, com.company.project.service.menu.dto.MenuDto@5db2b461, com.company.project.service.menu.dto.MenuDto@6fd2a887, com.company.project.service.menu.dto.MenuDto@7ad7d693]}, timestamp=2026-03-16T17:15:32.596625]]
2026-03-16 17:15:32 [http-nio-8080-exec-19] DEBUG o.s.orm.jpa.JpaTransactionManager - Closing JPA EntityManager [SessionImpl(1445235783<open>)] after transaction
2026-03-16 17:15:32 [http-nio-8080-exec-19] INFO  c.c.p.a.c.menu.MenuController - getLeftMenu returned 3 items
2026-03-16 17:15:32 [http-nio-8080-exec-3] INFO  c.c.p.a.i.OperationalAuditInterceptor - API Audit Log: URL=/api/v1/menu/left, User=webmaster, IP=0:0:0:0:0:0:0:1
2026-03-16 17:15:32 [http-nio-8080-exec-3] DEBUG o.s.web.servlet.DispatcherServlet - Completed 200 OK
2026-03-16 17:15:32 [http-nio-8080-exec-19] DEBUG o.s.w.s.m.m.a.HttpEntityMethodProcessor - Using 'application/json', given [application/json, text/plain, */*] and supported [application/json, application/*+json, application/yaml]
2026-03-16 17:15:32 [http-nio-8080-exec-19] TRACE o.s.w.s.m.m.a.HttpEntityMethodProcessor - Writing [ApiResponse[success=true, status=200, code=COMMON_001, message=Success, data={list=[com.company.project.service.menu.dto.MenuDto@5dfe438b, com.company.project.service.menu.dto.MenuDto@4a7f887d, com.company.project.service.menu.dto.MenuDto@1a4b0bb1]}, timestamp=2026-03-16T17:15:32.596625]]
2026-03-16 17:15:32 [http-nio-8080-exec-19] INFO  c.c.p.a.i.OperationalAuditInterceptor - API Audit Log: URL=/api/v1/menu/left, User=webmaster, IP=0:0:0:0:0:0:0:1
2026-03-16 17:15:32 [http-nio-8080-exec-19] DEBUG o.s.web.servlet.DispatcherServlet - Completed 200 OK
2026-03-16 17:15:32 [http-nio-8080-exec-10] DEBUG o.s.orm.jpa.JpaTransactionManager - Closing JPA EntityManager [SessionImpl(565294200<open>)] after transaction
2026-03-16 17:15:32 [http-nio-8080-exec-10] INFO  c.c.p.a.c.menu.MenuController - getLeftMenu returned 2 items
2026-03-16 17:15:32 [http-nio-8080-exec-10] DEBUG o.s.w.s.m.m.a.HttpEntityMethodProcessor - Using 'application/json', given [application/json, text/plain, */*] and supported [application/json, application/*+json, application/yaml]
2026-03-16 17:15:32 [http-nio-8080-exec-10] TRACE o.s.w.s.m.m.a.HttpEntityMethodProcessor - Writing [ApiResponse[success=true, status=200, code=COMMON_001, message=Success, data={list=[com.company.project.service.menu.dto.MenuDto@6b32f22e, com.company.project.service.menu.dto.MenuDto@764245bd]}, timestamp=2026-03-16T17:15:32.637472400]]
2026-03-16 17:15:32 [http-nio-8080-exec-10] INFO  c.c.p.a.i.OperationalAuditInterceptor - API Audit Log: URL=/api/v1/menu/left, User=webmaster, IP=0:0:0:0:0:0:0:1
2026-03-16 17:15:32 [http-nio-8080-exec-10] DEBUG o.s.web.servlet.DispatcherServlet - Completed 200 OK
2026-03-16 17:15:32 [http-nio-8080-exec-13] DEBUG o.s.orm.jpa.JpaTransactionManager - Closing JPA EntityManager [SessionImpl(360689211<open>)] after transaction
2026-03-16 17:15:32 [http-nio-8080-exec-13] INFO  c.c.p.a.c.menu.MenuController - getLeftMenu returned 2 items
2026-03-16 17:15:32 [http-nio-8080-exec-13] DEBUG o.s.w.s.m.m.a.HttpEntityMethodProcessor - Using 'application/json', given [application/json, text/plain, */*] and supported [application/json, application/*+json, application/yaml]
2026-03-16 17:15:32 [http-nio-8080-exec-13] TRACE o.s.w.s.m.m.a.HttpEntityMethodProcessor - Writing [ApiResponse[success=true, status=200, code=COMMON_001, message=Success, data={list=[com.company.project.service.menu.dto.MenuDto@5aedae65, com.company.project.service.menu.dto.MenuDto@63cee2a9]}, timestamp=2026-03-16T17:15:32.640672200]]
2026-03-16 17:15:32 [http-nio-8080-exec-13] INFO  c.c.p.a.i.OperationalAuditInterceptor - API Audit Log: URL=/api/v1/menu/left, User=webmaster, IP=0:0:0:0:0:0:0:1
2026-03-16 17:15:32 [http-nio-8080-exec-13] DEBUG o.s.web.servlet.DispatcherServlet - Completed 200 OK
2026-03-16 17:15:32 [http-nio-8080-exec-9] DEBUG o.s.orm.jpa.JpaTransactionManager - Closing JPA EntityManager [SessionImpl(2010399636<open>)] after transaction
2026-03-16 17:15:32 [http-nio-8080-exec-9] INFO  c.c.p.a.c.menu.MenuController - getLeftMenu returned 3 items
2026-03-16 17:15:32 [http-nio-8080-exec-9] DEBUG o.s.w.s.m.m.a.HttpEntityMethodProcessor - Using 'application/json', given [application/json, text/plain, */*] and supported [application/json, application/*+json, application/yaml]
2026-03-16 17:15:32 [http-nio-8080-exec-9] TRACE o.s.w.s.m.m.a.HttpEntityMethodProcessor - Writing [ApiResponse[success=true, status=200, code=COMMON_001, message=Success, data={list=[com.company.project.service.menu.dto.MenuDto@10b5bfc3, com.company.project.service.menu.dto.MenuDto@225a44ea, com.company.project.service.menu.dto.MenuDto@2bbd0a63]}, timestamp=2026-03-16T17:15:32.665429900]]
2026-03-16 17:15:32 [http-nio-8080-exec-9] INFO  c.c.p.a.i.OperationalAuditInterceptor - API Audit Log: URL=/api/v1/menu/left, User=webmaster, IP=0:0:0:0:0:0:0:1
2026-03-16 17:15:32 [http-nio-8080-exec-9] DEBUG o.s.web.servlet.DispatcherServlet - Completed 200 OK
2026-03-16 17:15:32 [http-nio-8080-exec-15] DEBUG o.s.orm.jpa.JpaTransactionManager - Closing JPA EntityManager [SessionImpl(341345636<open>)] after transaction
2026-03-16 17:15:32 [http-nio-8080-exec-8] DEBUG o.s.orm.jpa.JpaTransactionManager - Closing JPA EntityManager [SessionImpl(2008873157<open>)] after transaction
2026-03-16 17:15:32 [http-nio-8080-exec-15] INFO  c.c.p.a.c.menu.MenuController - getLeftMenu returned 3 items
2026-03-16 17:15:32 [http-nio-8080-exec-8] INFO  c.c.p.a.c.menu.MenuController - getLeftMenu returned 5 items
2026-03-16 17:15:32 [http-nio-8080-exec-15] DEBUG o.s.w.s.m.m.a.HttpEntityMethodProcessor - Using 'application/json', given [application/json, text/plain, */*] and supported [application/json, application/*+json, application/yaml]
2026-03-16 17:15:32 [http-nio-8080-exec-8] DEBUG o.s.w.s.m.m.a.HttpEntityMethodProcessor - Using 'application/json', given [application/json, text/plain, */*] and supported [application/json, application/*+json, application/yaml]
2026-03-16 17:15:32 [http-nio-8080-exec-15] TRACE o.s.w.s.m.m.a.HttpEntityMethodProcessor - Writing [ApiResponse[success=true, status=200, code=COMMON_001, message=Success, data={list=[com.company.project.service.menu.dto.MenuDto@5000ad1e, com.company.project.service.menu.dto.MenuDto@470da2d0, com.company.project.service.menu.dto.MenuDto@420f1b39]}, timestamp=2026-03-16T17:15:32.688155]]
2026-03-16 17:15:32 [http-nio-8080-exec-8] TRACE o.s.w.s.m.m.a.HttpEntityMethodProcessor - Writing [ApiResponse[success=true, status=200, code=COMMON_001, message=Success, data={list=[com.company.project.service.menu.dto.MenuDto@7f3907f6, com.company.project.service.menu.dto.MenuDto@6dbdbb88, com.company.project.service.menu.dto.MenuDto@3e373e66, com.company.project.service.menu.dto.MenuDto@35ecb8ed, com.company.project.service.menu.dto.MenuDto@25d0f11]}, timestamp=2026-03-16T17:15:32.688155]]
2026-03-16 17:15:32 [http-nio-8080-exec-8] INFO  c.c.p.a.i.OperationalAuditInterceptor - API Audit Log: URL=/api/v1/menu/left, User=webmaster, IP=0:0:0:0:0:0:0:1
2026-03-16 17:15:32 [http-nio-8080-exec-15] INFO  c.c.p.a.i.OperationalAuditInterceptor - API Audit Log: URL=/api/v1/menu/left, User=webmaster, IP=0:0:0:0:0:0:0:1
2026-03-16 17:15:32 [http-nio-8080-exec-8] DEBUG o.s.web.servlet.DispatcherServlet - Completed 200 OK
2026-03-16 17:15:32 [http-nio-8080-exec-15] DEBUG o.s.web.servlet.DispatcherServlet - Completed 200 OK
2026-03-16 17:15:32 [http-nio-8080-exec-2] DEBUG o.s.w.s.h.LoggingWebSocketHandlerDecorator - WebSocketServerSockJsSession[id=z4j0x4zu] closed with CloseStatus[code=1001, reason=null]
2026-03-16 17:15:32 [http-nio-8080-exec-2] DEBUG o.s.w.s.m.SubProtocolWebSocketHandler - Clearing session z4j0x4zu
2026-03-16 17:15:32 [scheduling-1] DEBUG org.springframework.web.SimpLogging - Processing DISCONNECT session=z4j0x4zu
2026-03-16 17:15:32 [scheduling-1] DEBUG o.s.w.s.m.SubProtocolWebSocketHandler - No session for GenericMessage [payload=byte[0], headers={simpMessageType=DISCONNECT_ACK, simpDisconnectMessage=GenericMessage [payload=byte[0], headers={simpMessageType=DISCONNECT, stompCommand=DISCONNECT, simpSessionAttributes={org.springframework.messaging.simp.SimpAttributes.COMPLETED=true}, simpSessionId=z4j0x4zu}], simpSessionId=z4j0x4zu}]
2026-03-16 17:15:33 [http-nio-8080-exec-17] DEBUG c.c.p.s.jwt.JwtAuthenticationFilter - >>> [JwtFilter] Processing request: GET /api/v1/menu/left
2026-03-16 17:15:33 [http-nio-8080-exec-3] DEBUG c.c.p.s.jwt.JwtAuthenticationFilter - >>> [JwtFilter] Processing request: GET /api/v1/auth/me
2026-03-16 17:15:33 [http-nio-8080-exec-12] DEBUG c.c.p.s.jwt.JwtAuthenticationFilter - >>> [JwtFilter] Processing request: GET /api/v1/menu/head
2026-03-16 17:15:33 [http-nio-8080-exec-17] DEBUG c.c.p.s.jwt.JwtAuthenticationFilter - >>> [JwtFilter] Found token in header for path: /api/v1/menu/left
2026-03-16 17:15:33 [http-nio-8080-exec-3] DEBUG c.c.p.s.jwt.JwtAuthenticationFilter - >>> [JwtFilter] Found token in header for path: /api/v1/auth/me
2026-03-16 17:15:33 [http-nio-8080-exec-12] DEBUG c.c.p.s.jwt.JwtAuthenticationFilter - >>> [JwtFilter] Found token in header for path: /api/v1/menu/head
2026-03-16 17:15:33 [http-nio-8080-exec-17] DEBUG o.s.orm.jpa.JpaTransactionManager - Creating new transaction with name [com.company.project.security.iam.CustomUserDetailsService.loadUserByUsername]: PROPAGATION_REQUIRED,ISOLATION_DEFAULT,readOnly
2026-03-16 17:15:33 [http-nio-8080-exec-3] DEBUG o.s.orm.jpa.JpaTransactionManager - Creating new transaction with name [com.company.project.security.iam.CustomUserDetailsService.loadUserByUsername]: PROPAGATION_REQUIRED,ISOLATION_DEFAULT,readOnly
2026-03-16 17:15:33 [http-nio-8080-exec-17] DEBUG o.s.orm.jpa.JpaTransactionManager - Opened new EntityManager [SessionImpl(1087215146<open>)] for JPA transaction
2026-03-16 17:15:33 [http-nio-8080-exec-12] DEBUG o.s.orm.jpa.JpaTransactionManager - Creating new transaction with name [com.company.project.security.iam.CustomUserDetailsService.loadUserByUsername]: PROPAGATION_REQUIRED,ISOLATION_DEFAULT,readOnly
2026-03-16 17:15:33 [http-nio-8080-exec-3] DEBUG o.s.orm.jpa.JpaTransactionManager - Opened new EntityManager [SessionImpl(838071008<open>)] for JPA transaction
2026-03-16 17:15:33 [http-nio-8080-exec-12] DEBUG o.s.orm.jpa.JpaTransactionManager - Opened new EntityManager [SessionImpl(78995830<open>)] for JPA transaction
2026-03-16 17:15:33 [http-nio-8080-exec-12] DEBUG o.s.orm.jpa.JpaTransactionManager - Exposing JPA transaction as JDBC [org.springframework.orm.jpa.vendor.HibernateJpaDialect$HibernateConnectionHandle@319ffa7a]
2026-03-16 17:15:33 [http-nio-8080-exec-12] DEBUG o.s.orm.jpa.JpaTransactionManager - Found thread-bound EntityManager [SessionImpl(78995830<open>)] for JPA transaction
2026-03-16 17:15:33 [http-nio-8080-exec-12] DEBUG o.s.orm.jpa.JpaTransactionManager - Participating in existing transaction
2026-03-16 17:15:33 [http-nio-8080-exec-17] DEBUG o.s.orm.jpa.JpaTransactionManager - Exposing JPA transaction as JDBC [org.springframework.orm.jpa.vendor.HibernateJpaDialect$HibernateConnectionHandle@6f8c16e8]
2026-03-16 17:15:33 [http-nio-8080-exec-12] DEBUG org.hibernate.SQL - select u1_0.emplyr_id,u1_0.area_no,u1_0.brthdy,u1_0.chg_pwd_cnt,u1_0.frst_register_id,u1_0.frst_regist_pnttm,u1_0.detail_adres,u1_0.email_adres,u1_0.emplyr_sttus_code,u1_0.empl_no,u1_0.esntl_id,u1_0.fxnum,u1_0.group_id,u1_0.house_adres,u1_0.house_end_telno,u1_0.house_middle_telno,u1_0.ihidnum,u1_0.pstinst_code,u1_0.last_updusr_id,u1_0.last_updt_pnttm,u1_0.lock_at,u1_0.lock_cnt,u1_0.lock_last_pnttm,u1_0.mbtlnum,u1_0.ofcps_nm,u1_0.offm_telno,u1_0.orgnzt_id,u1_0.password,u1_0.password_cnsr,u1_0.password_hint,u1_0.chg_pwd_last_pnttm,u1_0.role,u1_0.sbscrb_de,u1_0.sexdstn_code,u1_0.crtfc_dn_value,u1_0.user_nm,u1_0.zip from nemplyrinfo u1_0 where u1_0.emplyr_id=?
2026-03-16 17:15:33 [http-nio-8080-exec-3] DEBUG o.s.orm.jpa.JpaTransactionManager - Exposing JPA transaction as JDBC [org.springframework.orm.jpa.vendor.HibernateJpaDialect$HibernateConnectionHandle@792a5903]
2026-03-16 17:15:33 [http-nio-8080-exec-17] DEBUG o.s.orm.jpa.JpaTransactionManager - Found thread-bound EntityManager [SessionImpl(1087215146<open>)] for JPA transaction
2026-03-16 17:15:33 [http-nio-8080-exec-17] DEBUG o.s.orm.jpa.JpaTransactionManager - Participating in existing transaction
2026-03-16 17:15:33 [http-nio-8080-exec-3] DEBUG o.s.orm.jpa.JpaTransactionManager - Found thread-bound EntityManager [SessionImpl(838071008<open>)] for JPA transaction
2026-03-16 17:15:33 [http-nio-8080-exec-17] DEBUG org.hibernate.SQL - select u1_0.emplyr_id,u1_0.area_no,u1_0.brthdy,u1_0.chg_pwd_cnt,u1_0.frst_register_id,u1_0.frst_regist_pnttm,u1_0.detail_adres,u1_0.email_adres,u1_0.emplyr_sttus_code,u1_0.empl_no,u1_0.esntl_id,u1_0.fxnum,u1_0.group_id,u1_0.house_adres,u1_0.house_end_telno,u1_0.house_middle_telno,u1_0.ihidnum,u1_0.pstinst_code,u1_0.last_updusr_id,u1_0.last_updt_pnttm,u1_0.lock_at,u1_0.lock_cnt,u1_0.lock_last_pnttm,u1_0.mbtlnum,u1_0.ofcps_nm,u1_0.offm_telno,u1_0.orgnzt_id,u1_0.password,u1_0.password_cnsr,u1_0.password_hint,u1_0.chg_pwd_last_pnttm,u1_0.role,u1_0.sbscrb_de,u1_0.sexdstn_code,u1_0.crtfc_dn_value,u1_0.user_nm,u1_0.zip from nemplyrinfo u1_0 where u1_0.emplyr_id=?
2026-03-16 17:15:33 [http-nio-8080-exec-3] DEBUG o.s.orm.jpa.JpaTransactionManager - Participating in existing transaction
2026-03-16 17:15:33 [http-nio-8080-exec-3] DEBUG org.hibernate.SQL - select u1_0.emplyr_id,u1_0.area_no,u1_0.brthdy,u1_0.chg_pwd_cnt,u1_0.frst_register_id,u1_0.frst_regist_pnttm,u1_0.detail_adres,u1_0.email_adres,u1_0.emplyr_sttus_code,u1_0.empl_no,u1_0.esntl_id,u1_0.fxnum,u1_0.group_id,u1_0.house_adres,u1_0.house_end_telno,u1_0.house_middle_telno,u1_0.ihidnum,u1_0.pstinst_code,u1_0.last_updusr_id,u1_0.last_updt_pnttm,u1_0.lock_at,u1_0.lock_cnt,u1_0.lock_last_pnttm,u1_0.mbtlnum,u1_0.ofcps_nm,u1_0.offm_telno,u1_0.orgnzt_id,u1_0.password,u1_0.password_cnsr,u1_0.password_hint,u1_0.chg_pwd_last_pnttm,u1_0.role,u1_0.sbscrb_de,u1_0.sexdstn_code,u1_0.crtfc_dn_value,u1_0.user_nm,u1_0.zip from nemplyrinfo u1_0 where u1_0.emplyr_id=?
2026-03-16 17:15:33 [http-nio-8080-exec-12] DEBUG o.s.orm.jpa.JpaTransactionManager - Found thread-bound EntityManager [SessionImpl(78995830<open>)] for JPA transaction
2026-03-16 17:15:33 [http-nio-8080-exec-12] DEBUG o.s.orm.jpa.JpaTransactionManager - Participating in existing transaction
2026-03-16 17:15:33 [http-nio-8080-exec-12] DEBUG org.hibernate.SQL - select ua1_0.scrty_dtrmn_trget_id,ua1_0.author_code,ua1_0.frst_register_id,ua1_0.frst_regist_pnttm,ua1_0.last_updusr_id,ua1_0.last_updt_pnttm,ua1_0.mber_ty_code from nemplyrscrtyestbs ua1_0 where ua1_0.scrty_dtrmn_trget_id=?
2026-03-16 17:15:33 [http-nio-8080-exec-3] DEBUG o.s.orm.jpa.JpaTransactionManager - Found thread-bound EntityManager [SessionImpl(838071008<open>)] for JPA transaction
2026-03-16 17:15:33 [http-nio-8080-exec-3] DEBUG o.s.orm.jpa.JpaTransactionManager - Participating in existing transaction
2026-03-16 17:15:33 [http-nio-8080-exec-3] DEBUG org.hibernate.SQL - select ua1_0.scrty_dtrmn_trget_id,ua1_0.author_code,ua1_0.frst_register_id,ua1_0.frst_regist_pnttm,ua1_0.last_updusr_id,ua1_0.last_updt_pnttm,ua1_0.mber_ty_code from nemplyrscrtyestbs ua1_0 where ua1_0.scrty_dtrmn_trget_id=?
2026-03-16 17:15:33 [http-nio-8080-exec-17] DEBUG o.s.orm.jpa.JpaTransactionManager - Found thread-bound EntityManager [SessionImpl(1087215146<open>)] for JPA transaction
2026-03-16 17:15:33 [http-nio-8080-exec-17] DEBUG o.s.orm.jpa.JpaTransactionManager - Participating in existing transaction
2026-03-16 17:15:33 [http-nio-8080-exec-17] DEBUG org.hibernate.SQL - select ua1_0.scrty_dtrmn_trget_id,ua1_0.author_code,ua1_0.frst_register_id,ua1_0.frst_regist_pnttm,ua1_0.last_updusr_id,ua1_0.last_updt_pnttm,ua1_0.mber_ty_code from nemplyrscrtyestbs ua1_0 where ua1_0.scrty_dtrmn_trget_id=?
2026-03-16 17:15:33 [http-nio-8080-exec-12] DEBUG o.s.orm.jpa.JpaTransactionManager - Initiating transaction commit
2026-03-16 17:15:33 [http-nio-8080-exec-12] DEBUG o.s.orm.jpa.JpaTransactionManager - Committing JPA transaction on EntityManager [SessionImpl(78995830<open>)]
2026-03-16 17:15:33 [http-nio-8080-exec-17] DEBUG o.s.orm.jpa.JpaTransactionManager - Initiating transaction commit
2026-03-16 17:15:33 [http-nio-8080-exec-17] DEBUG o.s.orm.jpa.JpaTransactionManager - Committing JPA transaction on EntityManager [SessionImpl(1087215146<open>)]
2026-03-16 17:15:33 [http-nio-8080-exec-3] DEBUG o.s.orm.jpa.JpaTransactionManager - Initiating transaction commit
2026-03-16 17:15:33 [http-nio-8080-exec-3] DEBUG o.s.orm.jpa.JpaTransactionManager - Committing JPA transaction on EntityManager [SessionImpl(838071008<open>)]
2026-03-16 17:15:33 [http-nio-8080-exec-12] DEBUG o.s.orm.jpa.JpaTransactionManager - Closing JPA EntityManager [SessionImpl(78995830<open>)] after transaction
2026-03-16 17:15:33 [http-nio-8080-exec-12] DEBUG c.c.p.s.jwt.JwtAuthenticationFilter - >>> [JwtFilter] Successfully authenticated user: USRCNFRM_99999999999, Authorities: [ROLE_ADMIN]
2026-03-16 17:15:33 [http-nio-8080-exec-12] DEBUG o.s.web.servlet.DispatcherServlet - GET "/api/v1/menu/head", parameters={}
2026-03-16 17:15:33 [http-nio-8080-exec-12] TRACE o.s.w.s.m.m.a.RequestMappingHandlerMapping - Mapped to com.company.project.api.controller.menu.MenuController#getHeadMenu()
2026-03-16 17:15:33 [http-nio-8080-exec-12] INFO  c.c.p.a.c.menu.MenuController - getHeadMenu called
2026-03-16 17:15:33 [http-nio-8080-exec-12] INFO  c.c.p.a.c.menu.MenuController - getHeadMenu returned 5 items
2026-03-16 17:15:33 [http-nio-8080-exec-12] DEBUG o.s.w.s.m.m.a.HttpEntityMethodProcessor - Using 'application/json', given [application/json, text/plain, */*] and supported [application/json, application/*+json, application/yaml]
2026-03-16 17:15:33 [http-nio-8080-exec-12] TRACE o.s.w.s.m.m.a.HttpEntityMethodProcessor - Writing [ApiResponse[success=true, status=200, code=COMMON_001, message=Success, data={list=[com.company.project.service.menu.dto.MenuDto@2b80d6b0, com.company.project.service.menu.dto.MenuDto@1418cfa3, com.company.project.service.menu.dto.MenuDto@f230bf1, com.company.project.service.menu.dto.MenuDto@734a7f6a, com.company.project.service.menu.dto.MenuDto@5e5202e5]}, timestamp=2026-03-16T17:15:33.903663]]
2026-03-16 17:15:33 [http-nio-8080-exec-12] INFO  c.c.p.a.i.OperationalAuditInterceptor - API Audit Log: URL=/api/v1/menu/head, User=webmaster, IP=127.0.0.1
2026-03-16 17:15:33 [http-nio-8080-exec-12] DEBUG o.s.web.servlet.DispatcherServlet - Completed 200 OK
2026-03-16 17:15:33 [http-nio-8080-exec-17] DEBUG o.s.orm.jpa.JpaTransactionManager - Closing JPA EntityManager [SessionImpl(1087215146<open>)] after transaction
2026-03-16 17:15:33 [http-nio-8080-exec-17] DEBUG c.c.p.s.jwt.JwtAuthenticationFilter - >>> [JwtFilter] Successfully authenticated user: USRCNFRM_99999999999, Authorities: [ROLE_ADMIN]
2026-03-16 17:15:33 [http-nio-8080-exec-17] DEBUG o.s.web.servlet.DispatcherServlet - GET "/api/v1/menu/left?menuNo=10", parameters={masked}
2026-03-16 17:15:33 [http-nio-8080-exec-17] TRACE o.s.w.s.m.m.a.RequestMappingHandlerMapping - Mapped to com.company.project.api.controller.menu.MenuController#getLeftMenu(Long)
2026-03-16 17:15:33 [http-nio-8080-exec-17] INFO  c.c.p.a.c.menu.MenuController - getLeftMenu called with menuNo=10
2026-03-16 17:15:33 [http-nio-8080-exec-17] DEBUG o.s.orm.jpa.JpaTransactionManager - Creating new transaction with name [com.company.project.service.menu.MenuService.getSubMenus]: PROPAGATION_REQUIRED,ISOLATION_DEFAULT,readOnly
2026-03-16 17:15:33 [http-nio-8080-exec-17] DEBUG o.s.orm.jpa.JpaTransactionManager - Opened new EntityManager [SessionImpl(256180382<open>)] for JPA transaction
2026-03-16 17:15:33 [http-nio-8080-exec-17] DEBUG o.s.orm.jpa.JpaTransactionManager - Exposing JPA transaction as JDBC [org.springframework.orm.jpa.vendor.HibernateJpaDialect$HibernateConnectionHandle@20f870d5]
2026-03-16 17:15:33 [http-nio-8080-exec-17] DEBUG org.hibernate.SQL - select m1_0.menu_no,m1_0.menu_dc,m1_0.menu_nm,m1_0.menu_ordr,m1_0.modern_route,m1_0.progrm_file_nm,m1_0.relate_image_nm,m1_0.relate_image_path,m1_0.route_updated_at,m1_0.upper_menu_no from nmenuinfo m1_0 order by m1_0.upper_menu_no,m1_0.menu_ordr
2026-03-16 17:15:33 [http-nio-8080-exec-3] DEBUG o.s.orm.jpa.JpaTransactionManager - Closing JPA EntityManager [SessionImpl(838071008<open>)] after transaction
2026-03-16 17:15:33 [http-nio-8080-exec-3] DEBUG c.c.p.s.jwt.JwtAuthenticationFilter - >>> [JwtFilter] Successfully authenticated user: USRCNFRM_99999999999, Authorities: [ROLE_ADMIN]
2026-03-16 17:15:33 [http-nio-8080-exec-3] DEBUG o.s.web.servlet.DispatcherServlet - GET "/api/v1/auth/me", parameters={}
2026-03-16 17:15:33 [http-nio-8080-exec-3] TRACE o.s.w.s.m.m.a.RequestMappingHandlerMapping - Mapped to com.company.project.api.auth.AuthController#getCurrentUser()
2026-03-16 17:15:33 [http-nio-8080-exec-3] DEBUG o.s.w.s.m.m.a.RequestResponseBodyMethodProcessor - Using 'application/json', given [application/json, text/plain, */*] and supported [application/json, application/*+json, application/yaml]
2026-03-16 17:15:33 [http-nio-8080-exec-3] TRACE o.s.w.s.m.m.a.RequestResponseBodyMethodProcessor - Writing [ApiResponse[success=true, status=200, code=COMMON_001, message=Success, data={role=ROLE_ADMIN, userSe=EMP, name=관리자, id=webmaster}, timestamp=2026-03-16T17:15:33.909204]]
2026-03-16 17:15:33 [http-nio-8080-exec-3] INFO  c.c.p.a.i.OperationalAuditInterceptor - API Audit Log: URL=/api/v1/auth/me, User=webmaster, IP=127.0.0.1
2026-03-16 17:15:33 [http-nio-8080-exec-3] DEBUG o.s.web.servlet.DispatcherServlet - Completed 200 OK
2026-03-16 17:15:33 [http-nio-8080-exec-19] DEBUG o.s.web.servlet.DispatcherServlet - GET "/ws/info?t=1773648933928", parameters={masked}
2026-03-16 17:15:33 [http-nio-8080-exec-19] DEBUG o.s.w.s.s.s.WebSocketHandlerMapping - Mapped to org.springframework.web.socket.sockjs.support.SockJsHttpRequestHandler@3d80b7ba
2026-03-16 17:15:33 [http-nio-8080-exec-13] DEBUG c.c.p.s.jwt.JwtAuthenticationFilter - >>> [JwtFilter] Processing request: GET /api/v1/notifications/unread-count
2026-03-16 17:15:33 [http-nio-8080-exec-19] DEBUG o.s.w.s.s.t.h.DefaultSockJsService - Processing transport request: GET http://localhost:8080/ws/info?t=1773648933928
2026-03-16 17:15:33 [http-nio-8080-exec-13] DEBUG c.c.p.s.jwt.JwtAuthenticationFilter - >>> [JwtFilter] Found token in header for path: /api/v1/notifications/unread-count
2026-03-16 17:15:33 [http-nio-8080-exec-10] DEBUG c.c.p.s.jwt.JwtAuthenticationFilter - >>> [JwtFilter] Processing request: GET /api/v1/notifications
2026-03-16 17:15:33 [http-nio-8080-exec-10] DEBUG c.c.p.s.jwt.JwtAuthenticationFilter - >>> [JwtFilter] Found token in header for path: /api/v1/notifications
2026-03-16 17:15:33 [http-nio-8080-exec-19] DEBUG o.s.web.servlet.DispatcherServlet - Completed 200 OK
2026-03-16 17:15:33 [http-nio-8080-exec-13] DEBUG o.s.orm.jpa.JpaTransactionManager - Creating new transaction with name [com.company.project.security.iam.CustomUserDetailsService.loadUserByUsername]: PROPAGATION_REQUIRED,ISOLATION_DEFAULT,readOnly
2026-03-16 17:15:33 [http-nio-8080-exec-10] DEBUG o.s.orm.jpa.JpaTransactionManager - Creating new transaction with name [com.company.project.security.iam.CustomUserDetailsService.loadUserByUsername]: PROPAGATION_REQUIRED,ISOLATION_DEFAULT,readOnly
2026-03-16 17:15:33 [http-nio-8080-exec-13] DEBUG o.s.orm.jpa.JpaTransactionManager - Opened new EntityManager [SessionImpl(57807155<open>)] for JPA transaction
2026-03-16 17:15:33 [http-nio-8080-exec-10] DEBUG o.s.orm.jpa.JpaTransactionManager - Opened new EntityManager [SessionImpl(417630750<open>)] for JPA transaction
2026-03-16 17:15:33 [http-nio-8080-exec-9] DEBUG o.s.web.servlet.DispatcherServlet - GET "/ws/536/zrifyjnc/websocket", parameters={}
2026-03-16 17:15:33 [http-nio-8080-exec-9] DEBUG o.s.w.s.s.s.WebSocketHandlerMapping - Mapped to org.springframework.web.socket.sockjs.support.SockJsHttpRequestHandler@3d80b7ba
2026-03-16 17:15:33 [http-nio-8080-exec-9] DEBUG o.s.w.s.s.t.h.DefaultSockJsService - Processing transport request: GET http://localhost:8080/ws/536/zrifyjnc/websocket
2026-03-16 17:15:33 [http-nio-8080-exec-9] DEBUG o.s.web.servlet.DispatcherServlet - Completed 101 SWITCHING_PROTOCOLS
2026-03-16 17:15:33 [http-nio-8080-exec-9] DEBUG o.s.w.s.h.LoggingWebSocketHandlerDecorator - New WebSocketServerSockJsSession[id=zrifyjnc]
2026-03-16 17:15:33 [scheduling-1] DEBUG org.springframework.web.SimpLogging - Processing CONNECT session=zrifyjnc
2026-03-16 17:15:33 [scheduling-1] DEBUG org.springframework.web.SimpLogging - Processing SUBSCRIBE /topic/notices id=sub-0 session=zrifyjnc
2026-03-16 17:15:33 [scheduling-1] DEBUG org.springframework.web.SimpLogging - Processing SUBSCRIBE destination=/queue/notifications-userzrifyjnc subscriptionId=sub-1 session=zrifyjnc payload=byte[0]
2026-03-16 17:15:33 [scheduling-1] DEBUG org.springframework.web.SimpLogging - Processing SUBSCRIBE /topic/public id=sub-2 session=zrifyjnc
2026-03-16 17:15:34 [http-nio-8080-exec-10] DEBUG o.s.orm.jpa.JpaTransactionManager - Exposing JPA transaction as JDBC [org.springframework.orm.jpa.vendor.HibernateJpaDialect$HibernateConnectionHandle@253c9e48]
2026-03-16 17:15:34 [http-nio-8080-exec-10] DEBUG o.s.orm.jpa.JpaTransactionManager - Found thread-bound EntityManager [SessionImpl(417630750<open>)] for JPA transaction
2026-03-16 17:15:34 [http-nio-8080-exec-10] DEBUG o.s.orm.jpa.JpaTransactionManager - Participating in existing transaction
2026-03-16 17:15:34 [http-nio-8080-exec-10] DEBUG org.hibernate.SQL - select u1_0.emplyr_id,u1_0.area_no,u1_0.brthdy,u1_0.chg_pwd_cnt,u1_0.frst_register_id,u1_0.frst_regist_pnttm,u1_0.detail_adres,u1_0.email_adres,u1_0.emplyr_sttus_code,u1_0.empl_no,u1_0.esntl_id,u1_0.fxnum,u1_0.group_id,u1_0.house_adres,u1_0.house_end_telno,u1_0.house_middle_telno,u1_0.ihidnum,u1_0.pstinst_code,u1_0.last_updusr_id,u1_0.last_updt_pnttm,u1_0.lock_at,u1_0.lock_cnt,u1_0.lock_last_pnttm,u1_0.mbtlnum,u1_0.ofcps_nm,u1_0.offm_telno,u1_0.orgnzt_id,u1_0.password,u1_0.password_cnsr,u1_0.password_hint,u1_0.chg_pwd_last_pnttm,u1_0.role,u1_0.sbscrb_de,u1_0.sexdstn_code,u1_0.crtfc_dn_value,u1_0.user_nm,u1_0.zip from nemplyrinfo u1_0 where u1_0.emplyr_id=?
2026-03-16 17:15:34 [http-nio-8080-exec-13] DEBUG o.s.orm.jpa.JpaTransactionManager - Exposing JPA transaction as JDBC [org.springframework.orm.jpa.vendor.HibernateJpaDialect$HibernateConnectionHandle@4ac3089e]
2026-03-16 17:15:34 [http-nio-8080-exec-13] DEBUG o.s.orm.jpa.JpaTransactionManager - Found thread-bound EntityManager [SessionImpl(57807155<open>)] for JPA transaction
2026-03-16 17:15:34 [http-nio-8080-exec-13] DEBUG o.s.orm.jpa.JpaTransactionManager - Participating in existing transaction
2026-03-16 17:15:34 [http-nio-8080-exec-13] DEBUG org.hibernate.SQL - select u1_0.emplyr_id,u1_0.area_no,u1_0.brthdy,u1_0.chg_pwd_cnt,u1_0.frst_register_id,u1_0.frst_regist_pnttm,u1_0.detail_adres,u1_0.email_adres,u1_0.emplyr_sttus_code,u1_0.empl_no,u1_0.esntl_id,u1_0.fxnum,u1_0.group_id,u1_0.house_adres,u1_0.house_end_telno,u1_0.house_middle_telno,u1_0.ihidnum,u1_0.pstinst_code,u1_0.last_updusr_id,u1_0.last_updt_pnttm,u1_0.lock_at,u1_0.lock_cnt,u1_0.lock_last_pnttm,u1_0.mbtlnum,u1_0.ofcps_nm,u1_0.offm_telno,u1_0.orgnzt_id,u1_0.password,u1_0.password_cnsr,u1_0.password_hint,u1_0.chg_pwd_last_pnttm,u1_0.role,u1_0.sbscrb_de,u1_0.sexdstn_code,u1_0.crtfc_dn_value,u1_0.user_nm,u1_0.zip from nemplyrinfo u1_0 where u1_0.emplyr_id=?
2026-03-16 17:15:34 [http-nio-8080-exec-17] DEBUG o.s.orm.jpa.JpaTransactionManager - Found thread-bound EntityManager [SessionImpl(256180382<open>)] for JPA transaction
2026-03-16 17:15:34 [http-nio-8080-exec-17] DEBUG o.s.orm.jpa.JpaTransactionManager - Participating in existing transaction
2026-03-16 17:15:34 [http-nio-8080-exec-17] DEBUG org.hibernate.SQL - select p1_0.progrm_file_nm,p1_0.progrm_dc,p1_0.progrm_korean_nm,p1_0.progrm_stre_path,p1_0.url from nprogrmlist p1_0
2026-03-16 17:15:34 [http-nio-8080-exec-10] DEBUG o.s.orm.jpa.JpaTransactionManager - Found thread-bound EntityManager [SessionImpl(417630750<open>)] for JPA transaction
2026-03-16 17:15:34 [http-nio-8080-exec-10] DEBUG o.s.orm.jpa.JpaTransactionManager - Participating in existing transaction
2026-03-16 17:15:34 [http-nio-8080-exec-10] DEBUG org.hibernate.SQL - select ua1_0.scrty_dtrmn_trget_id,ua1_0.author_code,ua1_0.frst_register_id,ua1_0.frst_regist_pnttm,ua1_0.last_updusr_id,ua1_0.last_updt_pnttm,ua1_0.mber_ty_code from nemplyrscrtyestbs ua1_0 where ua1_0.scrty_dtrmn_trget_id=?
2026-03-16 17:15:34 [http-nio-8080-exec-13] DEBUG o.s.orm.jpa.JpaTransactionManager - Found thread-bound EntityManager [SessionImpl(57807155<open>)] for JPA transaction
2026-03-16 17:15:34 [http-nio-8080-exec-13] DEBUG o.s.orm.jpa.JpaTransactionManager - Participating in existing transaction
2026-03-16 17:15:34 [http-nio-8080-exec-13] DEBUG org.hibernate.SQL - select ua1_0.scrty_dtrmn_trget_id,ua1_0.author_code,ua1_0.frst_register_id,ua1_0.frst_regist_pnttm,ua1_0.last_updusr_id,ua1_0.last_updt_pnttm,ua1_0.mber_ty_code from nemplyrscrtyestbs ua1_0 where ua1_0.scrty_dtrmn_trget_id=?
2026-03-16 17:15:34 [http-nio-8080-exec-17] DEBUG o.s.orm.jpa.JpaTransactionManager - Initiating transaction commit
2026-03-16 17:15:34 [http-nio-8080-exec-17] DEBUG o.s.orm.jpa.JpaTransactionManager - Committing JPA transaction on EntityManager [SessionImpl(256180382<open>)]
2026-03-16 17:15:34 [http-nio-8080-exec-10] DEBUG o.s.orm.jpa.JpaTransactionManager - Initiating transaction commit
2026-03-16 17:15:34 [http-nio-8080-exec-10] DEBUG o.s.orm.jpa.JpaTransactionManager - Committing JPA transaction on EntityManager [SessionImpl(417630750<open>)]
2026-03-16 17:15:34 [http-nio-8080-exec-13] DEBUG o.s.orm.jpa.JpaTransactionManager - Initiating transaction commit
2026-03-16 17:15:34 [http-nio-8080-exec-13] DEBUG o.s.orm.jpa.JpaTransactionManager - Committing JPA transaction on EntityManager [SessionImpl(57807155<open>)]
2026-03-16 17:15:34 [http-nio-8080-exec-17] DEBUG o.s.orm.jpa.JpaTransactionManager - Closing JPA EntityManager [SessionImpl(256180382<open>)] after transaction
2026-03-16 17:15:34 [http-nio-8080-exec-17] INFO  c.c.p.a.c.menu.MenuController - getLeftMenu returned 5 items
2026-03-16 17:15:34 [http-nio-8080-exec-17] DEBUG o.s.w.s.m.m.a.HttpEntityMethodProcessor - Using 'application/json', given [application/json, text/plain, */*] and supported [application/json, application/*+json, application/yaml]
2026-03-16 17:15:34 [http-nio-8080-exec-17] TRACE o.s.w.s.m.m.a.HttpEntityMethodProcessor - Writing [ApiResponse[success=true, status=200, code=COMMON_001, message=Success, data={list=[com.company.project.service.menu.dto.MenuDto@6d4cc63c, com.company.project.service.menu.dto.MenuDto@6b12180d, com.company.project.service.menu.dto.MenuDto@362d80c4, com.company.project.service.menu.dto.MenuDto@44ddb872, com.company.project.service.menu.dto.MenuDto@4fabfbf3]}, timestamp=2026-03-16T17:15:34.511131600]]
2026-03-16 17:15:34 [http-nio-8080-exec-17] INFO  c.c.p.a.i.OperationalAuditInterceptor - API Audit Log: URL=/api/v1/menu/left, User=webmaster, IP=127.0.0.1
2026-03-16 17:15:34 [http-nio-8080-exec-17] DEBUG o.s.web.servlet.DispatcherServlet - Completed 200 OK
2026-03-16 17:15:34 [http-nio-8080-exec-12] DEBUG c.c.p.s.jwt.JwtAuthenticationFilter - >>> [JwtFilter] Processing request: GET /api/v1/menu/left
2026-03-16 17:15:34 [http-nio-8080-exec-12] DEBUG c.c.p.s.jwt.JwtAuthenticationFilter - >>> [JwtFilter] Found token in header for path: /api/v1/menu/left
2026-03-16 17:15:34 [http-nio-8080-exec-12] DEBUG o.s.orm.jpa.JpaTransactionManager - Creating new transaction with name [com.company.project.security.iam.CustomUserDetailsService.loadUserByUsername]: PROPAGATION_REQUIRED,ISOLATION_DEFAULT,readOnly
2026-03-16 17:15:34 [http-nio-8080-exec-12] DEBUG o.s.orm.jpa.JpaTransactionManager - Opened new EntityManager [SessionImpl(632616599<open>)] for JPA transaction
2026-03-16 17:15:34 [http-nio-8080-exec-10] DEBUG o.s.orm.jpa.JpaTransactionManager - Closing JPA EntityManager [SessionImpl(417630750<open>)] after transaction
2026-03-16 17:15:34 [http-nio-8080-exec-10] DEBUG c.c.p.s.jwt.JwtAuthenticationFilter - >>> [JwtFilter] Successfully authenticated user: USRCNFRM_99999999999, Authorities: [ROLE_ADMIN]
2026-03-16 17:15:34 [http-nio-8080-exec-10] DEBUG o.s.web.servlet.DispatcherServlet - GET "/api/v1/notifications", parameters={}
2026-03-16 17:15:34 [http-nio-8080-exec-10] TRACE o.s.w.s.m.m.a.RequestMappingHandlerMapping - Mapped to com.company.project.api.controller.notification.NotificationController#getMyNotifications(UserDetails)
2026-03-16 17:15:34 [http-nio-8080-exec-10] DEBUG o.s.orm.jpa.JpaTransactionManager - Creating new transaction with name [com.company.project.service.notification.NotificationService.getActiveNotifications]: PROPAGATION_REQUIRED,ISOLATION_DEFAULT,readOnly
2026-03-16 17:15:34 [http-nio-8080-exec-10] DEBUG o.s.orm.jpa.JpaTransactionManager - Opened new EntityManager [SessionImpl(2117005817<open>)] for JPA transaction
2026-03-16 17:15:34 [http-nio-8080-exec-10] DEBUG o.s.orm.jpa.JpaTransactionManager - Exposing JPA transaction as JDBC [org.springframework.orm.jpa.vendor.HibernateJpaDialect$HibernateConnectionHandle@43a482fb]
2026-03-16 17:15:34 [http-nio-8080-exec-10] DEBUG o.s.orm.jpa.JpaTransactionManager - Found thread-bound EntityManager [SessionImpl(2117005817<open>)] for JPA transaction
2026-03-16 17:15:34 [http-nio-8080-exec-10] DEBUG o.s.orm.jpa.JpaTransactionManager - Participating in existing transaction
2026-03-16 17:15:34 [http-nio-8080-exec-10] DEBUG org.hibernate.SQL - select n1_0.ntcn_no,n1_0.frst_register_id,n1_0.frst_regist_pnttm,n1_0.is_read,n1_0.last_updusr_id,n1_0.last_updt_pnttm,n1_0.link_url,n1_0.ntcn_cn,n1_0.ntcn_sj,n1_0.receiver_id from n_user_notification n1_0
2026-03-16 17:15:34 [http-nio-8080-exec-13] DEBUG o.s.orm.jpa.JpaTransactionManager - Closing JPA EntityManager [SessionImpl(57807155<open>)] after transaction
2026-03-16 17:15:34 [http-nio-8080-exec-13] DEBUG c.c.p.s.jwt.JwtAuthenticationFilter - >>> [JwtFilter] Successfully authenticated user: USRCNFRM_99999999999, Authorities: [ROLE_ADMIN]
2026-03-16 17:15:34 [http-nio-8080-exec-13] DEBUG o.s.web.servlet.DispatcherServlet - GET "/api/v1/notifications/unread-count", parameters={}
2026-03-16 17:15:34 [http-nio-8080-exec-13] TRACE o.s.w.s.m.m.a.RequestMappingHandlerMapping - Mapped to com.company.project.api.controller.notification.NotificationController#getUnreadCount(UserDetails)
2026-03-16 17:15:34 [http-nio-8080-exec-13] DEBUG o.s.orm.jpa.JpaTransactionManager - Creating new transaction with name [com.company.project.service.notification.NotificationService.getUnreadCount]: PROPAGATION_REQUIRED,ISOLATION_DEFAULT,readOnly
2026-03-16 17:15:34 [http-nio-8080-exec-13] DEBUG o.s.orm.jpa.JpaTransactionManager - Opened new EntityManager [SessionImpl(1439890679<open>)] for JPA transaction
2026-03-16 17:15:34 [http-nio-8080-exec-13] DEBUG o.s.orm.jpa.JpaTransactionManager - Exposing JPA transaction as JDBC [org.springframework.orm.jpa.vendor.HibernateJpaDialect$HibernateConnectionHandle@3ee0875f]
2026-03-16 17:15:34 [http-nio-8080-exec-13] DEBUG org.hibernate.SQL - select count(n1_0.ntcn_no) from n_user_notification n1_0 where n1_0.receiver_id=? and n1_0.is_read=?
2026-03-16 17:15:34 [http-nio-8080-exec-12] DEBUG o.s.orm.jpa.JpaTransactionManager - Exposing JPA transaction as JDBC [org.springframework.orm.jpa.vendor.HibernateJpaDialect$HibernateConnectionHandle@3b6ce98]
2026-03-16 17:15:34 [http-nio-8080-exec-12] DEBUG o.s.orm.jpa.JpaTransactionManager - Found thread-bound EntityManager [SessionImpl(632616599<open>)] for JPA transaction
2026-03-16 17:15:34 [http-nio-8080-exec-12] DEBUG o.s.orm.jpa.JpaTransactionManager - Participating in existing transaction
2026-03-16 17:15:34 [http-nio-8080-exec-12] DEBUG org.hibernate.SQL - select u1_0.emplyr_id,u1_0.area_no,u1_0.brthdy,u1_0.chg_pwd_cnt,u1_0.frst_register_id,u1_0.frst_regist_pnttm,u1_0.detail_adres,u1_0.email_adres,u1_0.emplyr_sttus_code,u1_0.empl_no,u1_0.esntl_id,u1_0.fxnum,u1_0.group_id,u1_0.house_adres,u1_0.house_end_telno,u1_0.house_middle_telno,u1_0.ihidnum,u1_0.pstinst_code,u1_0.last_updusr_id,u1_0.last_updt_pnttm,u1_0.lock_at,u1_0.lock_cnt,u1_0.lock_last_pnttm,u1_0.mbtlnum,u1_0.ofcps_nm,u1_0.offm_telno,u1_0.orgnzt_id,u1_0.password,u1_0.password_cnsr,u1_0.password_hint,u1_0.chg_pwd_last_pnttm,u1_0.role,u1_0.sbscrb_de,u1_0.sexdstn_code,u1_0.crtfc_dn_value,u1_0.user_nm,u1_0.zip from nemplyrinfo u1_0 where u1_0.emplyr_id=?
2026-03-16 17:15:34 [http-nio-8080-exec-10] DEBUG o.s.orm.jpa.JpaTransactionManager - Initiating transaction commit
2026-03-16 17:15:34 [http-nio-8080-exec-10] DEBUG o.s.orm.jpa.JpaTransactionManager - Committing JPA transaction on EntityManager [SessionImpl(2117005817<open>)]
2026-03-16 17:15:34 [http-nio-8080-exec-13] DEBUG o.s.orm.jpa.JpaTransactionManager - Initiating transaction commit
2026-03-16 17:15:34 [http-nio-8080-exec-13] DEBUG o.s.orm.jpa.JpaTransactionManager - Committing JPA transaction on EntityManager [SessionImpl(1439890679<open>)]
2026-03-16 17:15:34 [http-nio-8080-exec-12] DEBUG o.s.orm.jpa.JpaTransactionManager - Found thread-bound EntityManager [SessionImpl(632616599<open>)] for JPA transaction
2026-03-16 17:15:34 [http-nio-8080-exec-12] DEBUG o.s.orm.jpa.JpaTransactionManager - Participating in existing transaction
2026-03-16 17:15:34 [http-nio-8080-exec-12] DEBUG org.hibernate.SQL - select ua1_0.scrty_dtrmn_trget_id,ua1_0.author_code,ua1_0.frst_register_id,ua1_0.frst_regist_pnttm,ua1_0.last_updusr_id,ua1_0.last_updt_pnttm,ua1_0.mber_ty_code from nemplyrscrtyestbs ua1_0 where ua1_0.scrty_dtrmn_trget_id=?
2026-03-16 17:15:34 [http-nio-8080-exec-10] DEBUG o.s.orm.jpa.JpaTransactionManager - Closing JPA EntityManager [SessionImpl(2117005817<open>)] after transaction
2026-03-16 17:15:34 [http-nio-8080-exec-10] DEBUG o.s.w.s.m.m.a.HttpEntityMethodProcessor - Using 'application/json', given [application/json, text/plain, */*] and supported [application/json, application/*+json, application/yaml]
2026-03-16 17:15:34 [http-nio-8080-exec-10] TRACE o.s.w.s.m.m.a.HttpEntityMethodProcessor - Writing [ApiResponse[success=true, status=200, code=COMMON_001, message=Success, data=[NotificationDto(ntfcNo=NT001, ntfcSj=테스트 알림입니다, ntfcCn=알림 내용입니다, ntfcDate=null, ntfcTime=2026-02-25T00:59:33.784070, bhNtfcIntrvl=null, uniqId=null, frstRegisterId=null, frstRegisterPnttm=2026-02-25T00:59:33.784070, lastUpdusrId=null, lastUpdusrPnttm=null)], timestamp=2026-03-16T17:15:34.835983]]
2026-03-16 17:15:34 [http-nio-8080-exec-10] INFO  c.c.p.a.i.OperationalAuditInterceptor - API Audit Log: URL=/api/v1/notifications, User=webmaster, IP=127.0.0.1
2026-03-16 17:15:34 [http-nio-8080-exec-10] DEBUG o.s.web.servlet.DispatcherServlet - Completed 200 OK
2026-03-16 17:15:34 [http-nio-8080-exec-3] DEBUG c.c.p.s.jwt.JwtAuthenticationFilter - >>> [JwtFilter] Processing request: GET /api/v1/notifications
2026-03-16 17:15:34 [http-nio-8080-exec-3] DEBUG c.c.p.s.jwt.JwtAuthenticationFilter - >>> [JwtFilter] Found token in header for path: /api/v1/notifications
2026-03-16 17:15:34 [http-nio-8080-exec-3] DEBUG o.s.orm.jpa.JpaTransactionManager - Creating new transaction with name [com.company.project.security.iam.CustomUserDetailsService.loadUserByUsername]: PROPAGATION_REQUIRED,ISOLATION_DEFAULT,readOnly
2026-03-16 17:15:34 [http-nio-8080-exec-3] DEBUG o.s.orm.jpa.JpaTransactionManager - Opened new EntityManager [SessionImpl(156434608<open>)] for JPA transaction
2026-03-16 17:15:34 [http-nio-8080-exec-13] DEBUG o.s.orm.jpa.JpaTransactionManager - Closing JPA EntityManager [SessionImpl(1439890679<open>)] after transaction
2026-03-16 17:15:34 [http-nio-8080-exec-13] DEBUG o.s.w.s.m.m.a.HttpEntityMethodProcessor - Using 'application/json', given [application/json, text/plain, */*] and supported [application/json, application/*+json, application/yaml]
2026-03-16 17:15:34 [http-nio-8080-exec-13] TRACE o.s.w.s.m.m.a.HttpEntityMethodProcessor - Writing [ApiResponse[success=true, status=200, code=COMMON_001, message=Success, data=0, timestamp=2026-03-16T17:15:34.874249900]]
2026-03-16 17:15:34 [http-nio-8080-exec-13] INFO  c.c.p.a.i.OperationalAuditInterceptor - API Audit Log: URL=/api/v1/notifications/unread-count, User=webmaster, IP=127.0.0.1
2026-03-16 17:15:34 [http-nio-8080-exec-13] DEBUG o.s.web.servlet.DispatcherServlet - Completed 200 OK
2026-03-16 17:15:34 [http-nio-8080-exec-19] DEBUG c.c.p.s.jwt.JwtAuthenticationFilter - >>> [JwtFilter] Processing request: GET /api/v1/notifications/unread-count
2026-03-16 17:15:34 [http-nio-8080-exec-19] DEBUG c.c.p.s.jwt.JwtAuthenticationFilter - >>> [JwtFilter] Found token in header for path: /api/v1/notifications/unread-count
2026-03-16 17:15:34 [http-nio-8080-exec-19] DEBUG o.s.orm.jpa.JpaTransactionManager - Creating new transaction with name [com.company.project.security.iam.CustomUserDetailsService.loadUserByUsername]: PROPAGATION_REQUIRED,ISOLATION_DEFAULT,readOnly
2026-03-16 17:15:34 [http-nio-8080-exec-19] DEBUG o.s.orm.jpa.JpaTransactionManager - Opened new EntityManager [SessionImpl(841269452<open>)] for JPA transaction
2026-03-16 17:15:34 [http-nio-8080-exec-12] DEBUG o.s.orm.jpa.JpaTransactionManager - Initiating transaction commit
2026-03-16 17:15:34 [http-nio-8080-exec-12] DEBUG o.s.orm.jpa.JpaTransactionManager - Committing JPA transaction on EntityManager [SessionImpl(632616599<open>)]
2026-03-16 17:15:34 [http-nio-8080-exec-3] DEBUG o.s.orm.jpa.JpaTransactionManager - Exposing JPA transaction as JDBC [org.springframework.orm.jpa.vendor.HibernateJpaDialect$HibernateConnectionHandle@5909be32]
2026-03-16 17:15:34 [http-nio-8080-exec-3] DEBUG o.s.orm.jpa.JpaTransactionManager - Found thread-bound EntityManager [SessionImpl(156434608<open>)] for JPA transaction
2026-03-16 17:15:34 [http-nio-8080-exec-3] DEBUG o.s.orm.jpa.JpaTransactionManager - Participating in existing transaction
2026-03-16 17:15:34 [http-nio-8080-exec-3] DEBUG org.hibernate.SQL - select u1_0.emplyr_id,u1_0.area_no,u1_0.brthdy,u1_0.chg_pwd_cnt,u1_0.frst_register_id,u1_0.frst_regist_pnttm,u1_0.detail_adres,u1_0.email_adres,u1_0.emplyr_sttus_code,u1_0.empl_no,u1_0.esntl_id,u1_0.fxnum,u1_0.group_id,u1_0.house_adres,u1_0.house_end_telno,u1_0.house_middle_telno,u1_0.ihidnum,u1_0.pstinst_code,u1_0.last_updusr_id,u1_0.last_updt_pnttm,u1_0.lock_at,u1_0.lock_cnt,u1_0.lock_last_pnttm,u1_0.mbtlnum,u1_0.ofcps_nm,u1_0.offm_telno,u1_0.orgnzt_id,u1_0.password,u1_0.password_cnsr,u1_0.password_hint,u1_0.chg_pwd_last_pnttm,u1_0.role,u1_0.sbscrb_de,u1_0.sexdstn_code,u1_0.crtfc_dn_value,u1_0.user_nm,u1_0.zip from nemplyrinfo u1_0 where u1_0.emplyr_id=?
2026-03-16 17:15:35 [http-nio-8080-exec-19] DEBUG o.s.orm.jpa.JpaTransactionManager - Exposing JPA transaction as JDBC [org.springframework.orm.jpa.vendor.HibernateJpaDialect$HibernateConnectionHandle@1d693f18]
2026-03-16 17:15:35 [http-nio-8080-exec-19] DEBUG o.s.orm.jpa.JpaTransactionManager - Found thread-bound EntityManager [SessionImpl(841269452<open>)] for JPA transaction
2026-03-16 17:15:35 [http-nio-8080-exec-19] DEBUG o.s.orm.jpa.JpaTransactionManager - Participating in existing transaction
2026-03-16 17:15:35 [http-nio-8080-exec-19] DEBUG org.hibernate.SQL - select u1_0.emplyr_id,u1_0.area_no,u1_0.brthdy,u1_0.chg_pwd_cnt,u1_0.frst_register_id,u1_0.frst_regist_pnttm,u1_0.detail_adres,u1_0.email_adres,u1_0.emplyr_sttus_code,u1_0.empl_no,u1_0.esntl_id,u1_0.fxnum,u1_0.group_id,u1_0.house_adres,u1_0.house_end_telno,u1_0.house_middle_telno,u1_0.ihidnum,u1_0.pstinst_code,u1_0.last_updusr_id,u1_0.last_updt_pnttm,u1_0.lock_at,u1_0.lock_cnt,u1_0.lock_last_pnttm,u1_0.mbtlnum,u1_0.ofcps_nm,u1_0.offm_telno,u1_0.orgnzt_id,u1_0.password,u1_0.password_cnsr,u1_0.password_hint,u1_0.chg_pwd_last_pnttm,u1_0.role,u1_0.sbscrb_de,u1_0.sexdstn_code,u1_0.crtfc_dn_value,u1_0.user_nm,u1_0.zip from nemplyrinfo u1_0 where u1_0.emplyr_id=?
2026-03-16 17:15:35 [http-nio-8080-exec-12] DEBUG o.s.orm.jpa.JpaTransactionManager - Closing JPA EntityManager [SessionImpl(632616599<open>)] after transaction
2026-03-16 17:15:35 [http-nio-8080-exec-12] DEBUG c.c.p.s.jwt.JwtAuthenticationFilter - >>> [JwtFilter] Successfully authenticated user: USRCNFRM_99999999999, Authorities: [ROLE_ADMIN]
2026-03-16 17:15:35 [http-nio-8080-exec-12] DEBUG o.s.web.servlet.DispatcherServlet - GET "/api/v1/menu/left?menuNo=20", parameters={masked}
2026-03-16 17:15:35 [http-nio-8080-exec-12] TRACE o.s.w.s.m.m.a.RequestMappingHandlerMapping - Mapped to com.company.project.api.controller.menu.MenuController#getLeftMenu(Long)
2026-03-16 17:15:35 [http-nio-8080-exec-12] INFO  c.c.p.a.c.menu.MenuController - getLeftMenu called with menuNo=20
2026-03-16 17:15:35 [http-nio-8080-exec-12] DEBUG o.s.orm.jpa.JpaTransactionManager - Creating new transaction with name [com.company.project.service.menu.MenuService.getSubMenus]: PROPAGATION_REQUIRED,ISOLATION_DEFAULT,readOnly
2026-03-16 17:15:35 [http-nio-8080-exec-12] DEBUG o.s.orm.jpa.JpaTransactionManager - Opened new EntityManager [SessionImpl(1990194585<open>)] for JPA transaction
2026-03-16 17:15:35 [http-nio-8080-exec-12] DEBUG o.s.orm.jpa.JpaTransactionManager - Exposing JPA transaction as JDBC [org.springframework.orm.jpa.vendor.HibernateJpaDialect$HibernateConnectionHandle@2f6565c4]
2026-03-16 17:15:35 [http-nio-8080-exec-12] DEBUG org.hibernate.SQL - select m1_0.menu_no,m1_0.menu_dc,m1_0.menu_nm,m1_0.menu_ordr,m1_0.modern_route,m1_0.progrm_file_nm,m1_0.relate_image_nm,m1_0.relate_image_path,m1_0.route_updated_at,m1_0.upper_menu_no from nmenuinfo m1_0 order by m1_0.upper_menu_no,m1_0.menu_ordr
2026-03-16 17:15:35 [http-nio-8080-exec-3] DEBUG o.s.orm.jpa.JpaTransactionManager - Found thread-bound EntityManager [SessionImpl(156434608<open>)] for JPA transaction
2026-03-16 17:15:35 [http-nio-8080-exec-3] DEBUG o.s.orm.jpa.JpaTransactionManager - Participating in existing transaction
2026-03-16 17:15:35 [http-nio-8080-exec-3] DEBUG org.hibernate.SQL - select ua1_0.scrty_dtrmn_trget_id,ua1_0.author_code,ua1_0.frst_register_id,ua1_0.frst_regist_pnttm,ua1_0.last_updusr_id,ua1_0.last_updt_pnttm,ua1_0.mber_ty_code from nemplyrscrtyestbs ua1_0 where ua1_0.scrty_dtrmn_trget_id=?
2026-03-16 17:15:35 [http-nio-8080-exec-19] DEBUG o.s.orm.jpa.JpaTransactionManager - Found thread-bound EntityManager [SessionImpl(841269452<open>)] for JPA transaction
2026-03-16 17:15:35 [http-nio-8080-exec-19] DEBUG o.s.orm.jpa.JpaTransactionManager - Participating in existing transaction
2026-03-16 17:15:35 [http-nio-8080-exec-19] DEBUG org.hibernate.SQL - select ua1_0.scrty_dtrmn_trget_id,ua1_0.author_code,ua1_0.frst_register_id,ua1_0.frst_regist_pnttm,ua1_0.last_updusr_id,ua1_0.last_updt_pnttm,ua1_0.mber_ty_code from nemplyrscrtyestbs ua1_0 where ua1_0.scrty_dtrmn_trget_id=?
2026-03-16 17:15:35 [http-nio-8080-exec-3] DEBUG o.s.orm.jpa.JpaTransactionManager - Initiating transaction commit
2026-03-16 17:15:35 [http-nio-8080-exec-3] DEBUG o.s.orm.jpa.JpaTransactionManager - Committing JPA transaction on EntityManager [SessionImpl(156434608<open>)]
2026-03-16 17:15:35 [http-nio-8080-exec-19] DEBUG o.s.orm.jpa.JpaTransactionManager - Initiating transaction commit
2026-03-16 17:15:35 [http-nio-8080-exec-19] DEBUG o.s.orm.jpa.JpaTransactionManager - Committing JPA transaction on EntityManager [SessionImpl(841269452<open>)]
2026-03-16 17:15:35 [http-nio-8080-exec-12] DEBUG o.s.orm.jpa.JpaTransactionManager - Found thread-bound EntityManager [SessionImpl(1990194585<open>)] for JPA transaction
2026-03-16 17:15:35 [http-nio-8080-exec-12] DEBUG o.s.orm.jpa.JpaTransactionManager - Participating in existing transaction
2026-03-16 17:15:35 [http-nio-8080-exec-12] DEBUG org.hibernate.SQL - select p1_0.progrm_file_nm,p1_0.progrm_dc,p1_0.progrm_korean_nm,p1_0.progrm_stre_path,p1_0.url from nprogrmlist p1_0
2026-03-16 17:15:35 [http-nio-8080-exec-3] DEBUG o.s.orm.jpa.JpaTransactionManager - Closing JPA EntityManager [SessionImpl(156434608<open>)] after transaction
2026-03-16 17:15:35 [http-nio-8080-exec-3] DEBUG c.c.p.s.jwt.JwtAuthenticationFilter - >>> [JwtFilter] Successfully authenticated user: USRCNFRM_99999999999, Authorities: [ROLE_ADMIN]
2026-03-16 17:15:35 [http-nio-8080-exec-3] DEBUG o.s.web.servlet.DispatcherServlet - GET "/api/v1/notifications", parameters={}
2026-03-16 17:15:35 [http-nio-8080-exec-3] TRACE o.s.w.s.m.m.a.RequestMappingHandlerMapping - Mapped to com.company.project.api.controller.notification.NotificationController#getMyNotifications(UserDetails)
2026-03-16 17:15:35 [http-nio-8080-exec-3] DEBUG o.s.orm.jpa.JpaTransactionManager - Creating new transaction with name [com.company.project.service.notification.NotificationService.getActiveNotifications]: PROPAGATION_REQUIRED,ISOLATION_DEFAULT,readOnly
2026-03-16 17:15:35 [http-nio-8080-exec-3] DEBUG o.s.orm.jpa.JpaTransactionManager - Opened new EntityManager [SessionImpl(1991886135<open>)] for JPA transaction
2026-03-16 17:15:35 [http-nio-8080-exec-3] DEBUG o.s.orm.jpa.JpaTransactionManager - Exposing JPA transaction as JDBC [org.springframework.orm.jpa.vendor.HibernateJpaDialect$HibernateConnectionHandle@4856c281]
2026-03-16 17:15:35 [http-nio-8080-exec-3] DEBUG o.s.orm.jpa.JpaTransactionManager - Found thread-bound EntityManager [SessionImpl(1991886135<open>)] for JPA transaction
2026-03-16 17:15:35 [http-nio-8080-exec-3] DEBUG o.s.orm.jpa.JpaTransactionManager - Participating in existing transaction
2026-03-16 17:15:35 [http-nio-8080-exec-3] DEBUG org.hibernate.SQL - select n1_0.ntcn_no,n1_0.frst_register_id,n1_0.frst_regist_pnttm,n1_0.is_read,n1_0.last_updusr_id,n1_0.last_updt_pnttm,n1_0.link_url,n1_0.ntcn_cn,n1_0.ntcn_sj,n1_0.receiver_id from n_user_notification n1_0
2026-03-16 17:15:35 [http-nio-8080-exec-19] DEBUG o.s.orm.jpa.JpaTransactionManager - Closing JPA EntityManager [SessionImpl(841269452<open>)] after transaction
2026-03-16 17:15:35 [http-nio-8080-exec-19] DEBUG c.c.p.s.jwt.JwtAuthenticationFilter - >>> [JwtFilter] Successfully authenticated user: USRCNFRM_99999999999, Authorities: [ROLE_ADMIN]
2026-03-16 17:15:35 [http-nio-8080-exec-19] DEBUG o.s.web.servlet.DispatcherServlet - GET "/api/v1/notifications/unread-count", parameters={}
2026-03-16 17:15:35 [http-nio-8080-exec-19] TRACE o.s.w.s.m.m.a.RequestMappingHandlerMapping - Mapped to com.company.project.api.controller.notification.NotificationController#getUnreadCount(UserDetails)
2026-03-16 17:15:35 [http-nio-8080-exec-19] DEBUG o.s.orm.jpa.JpaTransactionManager - Creating new transaction with name [com.company.project.service.notification.NotificationService.getUnreadCount]: PROPAGATION_REQUIRED,ISOLATION_DEFAULT,readOnly
2026-03-16 17:15:35 [http-nio-8080-exec-19] DEBUG o.s.orm.jpa.JpaTransactionManager - Opened new EntityManager [SessionImpl(964576386<open>)] for JPA transaction
2026-03-16 17:15:35 [http-nio-8080-exec-19] DEBUG o.s.orm.jpa.JpaTransactionManager - Exposing JPA transaction as JDBC [org.springframework.orm.jpa.vendor.HibernateJpaDialect$HibernateConnectionHandle@3044a610]
2026-03-16 17:15:35 [http-nio-8080-exec-19] DEBUG org.hibernate.SQL - select count(n1_0.ntcn_no) from n_user_notification n1_0 where n1_0.receiver_id=? and n1_0.is_read=?
2026-03-16 17:15:35 [http-nio-8080-exec-12] DEBUG o.s.orm.jpa.JpaTransactionManager - Initiating transaction commit
2026-03-16 17:15:35 [http-nio-8080-exec-12] DEBUG o.s.orm.jpa.JpaTransactionManager - Committing JPA transaction on EntityManager [SessionImpl(1990194585<open>)]
2026-03-16 17:15:35 [http-nio-8080-exec-3] DEBUG o.s.orm.jpa.JpaTransactionManager - Initiating transaction commit
2026-03-16 17:15:35 [http-nio-8080-exec-3] DEBUG o.s.orm.jpa.JpaTransactionManager - Committing JPA transaction on EntityManager [SessionImpl(1991886135<open>)]
2026-03-16 17:15:35 [http-nio-8080-exec-19] DEBUG o.s.orm.jpa.JpaTransactionManager - Initiating transaction commit
2026-03-16 17:15:35 [http-nio-8080-exec-19] DEBUG o.s.orm.jpa.JpaTransactionManager - Committing JPA transaction on EntityManager [SessionImpl(964576386<open>)]
2026-03-16 17:15:35 [http-nio-8080-exec-12] DEBUG o.s.orm.jpa.JpaTransactionManager - Closing JPA EntityManager [SessionImpl(1990194585<open>)] after transaction
2026-03-16 17:15:35 [http-nio-8080-exec-12] INFO  c.c.p.a.c.menu.MenuController - getLeftMenu returned 3 items
2026-03-16 17:15:35 [http-nio-8080-exec-12] DEBUG o.s.w.s.m.m.a.HttpEntityMethodProcessor - Using 'application/json', given [application/json, text/plain, */*] and supported [application/json, application/*+json, application/yaml]
2026-03-16 17:15:35 [http-nio-8080-exec-12] TRACE o.s.w.s.m.m.a.HttpEntityMethodProcessor - Writing [ApiResponse[success=true, status=200, code=COMMON_001, message=Success, data={list=[com.company.project.service.menu.dto.MenuDto@772686c6, com.company.project.service.menu.dto.MenuDto@65c5b5d7, com.company.project.service.menu.dto.MenuDto@6fee47c9]}, timestamp=2026-03-16T17:15:35.719929400]]
2026-03-16 17:15:35 [http-nio-8080-exec-12] INFO  c.c.p.a.i.OperationalAuditInterceptor - API Audit Log: URL=/api/v1/menu/left, User=webmaster, IP=127.0.0.1
2026-03-16 17:15:35 [http-nio-8080-exec-12] DEBUG o.s.web.servlet.DispatcherServlet - Completed 200 OK
2026-03-16 17:15:35 [http-nio-8080-exec-9] DEBUG c.c.p.s.jwt.JwtAuthenticationFilter - >>> [JwtFilter] Processing request: GET /api/v1/menu/left
2026-03-16 17:15:35 [http-nio-8080-exec-9] DEBUG c.c.p.s.jwt.JwtAuthenticationFilter - >>> [JwtFilter] Found token in header for path: /api/v1/menu/left
2026-03-16 17:15:35 [http-nio-8080-exec-9] DEBUG o.s.orm.jpa.JpaTransactionManager - Creating new transaction with name [com.company.project.security.iam.CustomUserDetailsService.loadUserByUsername]: PROPAGATION_REQUIRED,ISOLATION_DEFAULT,readOnly
2026-03-16 17:15:35 [http-nio-8080-exec-9] DEBUG o.s.orm.jpa.JpaTransactionManager - Opened new EntityManager [SessionImpl(61324448<open>)] for JPA transaction
2026-03-16 17:15:35 [http-nio-8080-exec-3] DEBUG o.s.orm.jpa.JpaTransactionManager - Closing JPA EntityManager [SessionImpl(1991886135<open>)] after transaction
2026-03-16 17:15:35 [http-nio-8080-exec-3] DEBUG o.s.w.s.m.m.a.HttpEntityMethodProcessor - Using 'application/json', given [application/json, text/plain, */*] and supported [application/json, application/*+json, application/yaml]
2026-03-16 17:15:35 [http-nio-8080-exec-3] TRACE o.s.w.s.m.m.a.HttpEntityMethodProcessor - Writing [ApiResponse[success=true, status=200, code=COMMON_001, message=Success, data=[NotificationDto(ntfcNo=NT001, ntfcSj=테스트 알림입니다, ntfcCn=알림 내용입니다, ntfcDate=null, ntfcTime=2026-02-25T00:59:33.784070, bhNtfcIntrvl=null, uniqId=null, frstRegisterId=null, frstRegisterPnttm=2026-02-25T00:59:33.784070, lastUpdusrId=null, lastUpdusrPnttm=null)], timestamp=2026-03-16T17:15:35.744439200]]
2026-03-16 17:15:35 [http-nio-8080-exec-3] INFO  c.c.p.a.i.OperationalAuditInterceptor - API Audit Log: URL=/api/v1/notifications, User=webmaster, IP=127.0.0.1
2026-03-16 17:15:35 [http-nio-8080-exec-3] DEBUG o.s.web.servlet.DispatcherServlet - Completed 200 OK
2026-03-16 17:15:35 [http-nio-8080-exec-19] DEBUG o.s.orm.jpa.JpaTransactionManager - Closing JPA EntityManager [SessionImpl(964576386<open>)] after transaction
2026-03-16 17:15:35 [http-nio-8080-exec-19] DEBUG o.s.w.s.m.m.a.HttpEntityMethodProcessor - Using 'application/json', given [application/json, text/plain, */*] and supported [application/json, application/*+json, application/yaml]
2026-03-16 17:15:35 [http-nio-8080-exec-19] TRACE o.s.w.s.m.m.a.HttpEntityMethodProcessor - Writing [ApiResponse[success=true, status=200, code=COMMON_001, message=Success, data=0, timestamp=2026-03-16T17:15:35.801258500]]
2026-03-16 17:15:35 [http-nio-8080-exec-19] INFO  c.c.p.a.i.OperationalAuditInterceptor - API Audit Log: URL=/api/v1/notifications/unread-count, User=webmaster, IP=127.0.0.1
2026-03-16 17:15:35 [http-nio-8080-exec-19] DEBUG o.s.web.servlet.DispatcherServlet - Completed 200 OK
2026-03-16 17:15:35 [http-nio-8080-exec-9] DEBUG o.s.orm.jpa.JpaTransactionManager - Exposing JPA transaction as JDBC [org.springframework.orm.jpa.vendor.HibernateJpaDialect$HibernateConnectionHandle@51a465f8]
2026-03-16 17:15:35 [http-nio-8080-exec-9] DEBUG o.s.orm.jpa.JpaTransactionManager - Found thread-bound EntityManager [SessionImpl(61324448<open>)] for JPA transaction
2026-03-16 17:15:35 [http-nio-8080-exec-9] DEBUG o.s.orm.jpa.JpaTransactionManager - Participating in existing transaction
2026-03-16 17:15:35 [http-nio-8080-exec-9] DEBUG org.hibernate.SQL - select u1_0.emplyr_id,u1_0.area_no,u1_0.brthdy,u1_0.chg_pwd_cnt,u1_0.frst_register_id,u1_0.frst_regist_pnttm,u1_0.detail_adres,u1_0.email_adres,u1_0.emplyr_sttus_code,u1_0.empl_no,u1_0.esntl_id,u1_0.fxnum,u1_0.group_id,u1_0.house_adres,u1_0.house_end_telno,u1_0.house_middle_telno,u1_0.ihidnum,u1_0.pstinst_code,u1_0.last_updusr_id,u1_0.last_updt_pnttm,u1_0.lock_at,u1_0.lock_cnt,u1_0.lock_last_pnttm,u1_0.mbtlnum,u1_0.ofcps_nm,u1_0.offm_telno,u1_0.orgnzt_id,u1_0.password,u1_0.password_cnsr,u1_0.password_hint,u1_0.chg_pwd_last_pnttm,u1_0.role,u1_0.sbscrb_de,u1_0.sexdstn_code,u1_0.crtfc_dn_value,u1_0.user_nm,u1_0.zip from nemplyrinfo u1_0 where u1_0.emplyr_id=?
2026-03-16 17:15:36 [http-nio-8080-exec-9] DEBUG o.s.orm.jpa.JpaTransactionManager - Found thread-bound EntityManager [SessionImpl(61324448<open>)] for JPA transaction
2026-03-16 17:15:36 [http-nio-8080-exec-9] DEBUG o.s.orm.jpa.JpaTransactionManager - Participating in existing transaction
2026-03-16 17:15:36 [http-nio-8080-exec-9] DEBUG org.hibernate.SQL - select ua1_0.scrty_dtrmn_trget_id,ua1_0.author_code,ua1_0.frst_register_id,ua1_0.frst_regist_pnttm,ua1_0.last_updusr_id,ua1_0.last_updt_pnttm,ua1_0.mber_ty_code from nemplyrscrtyestbs ua1_0 where ua1_0.scrty_dtrmn_trget_id=?
2026-03-16 17:15:36 [http-nio-8080-exec-9] DEBUG o.s.orm.jpa.JpaTransactionManager - Initiating transaction commit
2026-03-16 17:15:36 [http-nio-8080-exec-9] DEBUG o.s.orm.jpa.JpaTransactionManager - Committing JPA transaction on EntityManager [SessionImpl(61324448<open>)]
2026-03-16 17:15:36 [http-nio-8080-exec-9] DEBUG o.s.orm.jpa.JpaTransactionManager - Closing JPA EntityManager [SessionImpl(61324448<open>)] after transaction
2026-03-16 17:15:36 [http-nio-8080-exec-9] DEBUG c.c.p.s.jwt.JwtAuthenticationFilter - >>> [JwtFilter] Successfully authenticated user: USRCNFRM_99999999999, Authorities: [ROLE_ADMIN]
2026-03-16 17:15:36 [http-nio-8080-exec-9] DEBUG o.s.web.servlet.DispatcherServlet - GET "/api/v1/menu/left?menuNo=40", parameters={masked}
2026-03-16 17:15:36 [http-nio-8080-exec-9] TRACE o.s.w.s.m.m.a.RequestMappingHandlerMapping - Mapped to com.company.project.api.controller.menu.MenuController#getLeftMenu(Long)
2026-03-16 17:15:36 [http-nio-8080-exec-9] INFO  c.c.p.a.c.menu.MenuController - getLeftMenu called with menuNo=40
2026-03-16 17:15:36 [http-nio-8080-exec-9] DEBUG o.s.orm.jpa.JpaTransactionManager - Creating new transaction with name [com.company.project.service.menu.MenuService.getSubMenus]: PROPAGATION_REQUIRED,ISOLATION_DEFAULT,readOnly
2026-03-16 17:15:36 [http-nio-8080-exec-9] DEBUG o.s.orm.jpa.JpaTransactionManager - Opened new EntityManager [SessionImpl(963771955<open>)] for JPA transaction
2026-03-16 17:15:36 [http-nio-8080-exec-9] DEBUG o.s.orm.jpa.JpaTransactionManager - Exposing JPA transaction as JDBC [org.springframework.orm.jpa.vendor.HibernateJpaDialect$HibernateConnectionHandle@2ea0951]
2026-03-16 17:15:36 [http-nio-8080-exec-9] DEBUG org.hibernate.SQL - select m1_0.menu_no,m1_0.menu_dc,m1_0.menu_nm,m1_0.menu_ordr,m1_0.modern_route,m1_0.progrm_file_nm,m1_0.relate_image_nm,m1_0.relate_image_path,m1_0.route_updated_at,m1_0.upper_menu_no from nmenuinfo m1_0 order by m1_0.upper_menu_no,m1_0.menu_ordr
2026-03-16 17:15:36 [http-nio-8080-exec-9] DEBUG o.s.orm.jpa.JpaTransactionManager - Found thread-bound EntityManager [SessionImpl(963771955<open>)] for JPA transaction
2026-03-16 17:15:36 [http-nio-8080-exec-9] DEBUG o.s.orm.jpa.JpaTransactionManager - Participating in existing transaction
2026-03-16 17:15:36 [http-nio-8080-exec-9] DEBUG org.hibernate.SQL - select p1_0.progrm_file_nm,p1_0.progrm_dc,p1_0.progrm_korean_nm,p1_0.progrm_stre_path,p1_0.url from nprogrmlist p1_0
2026-03-16 17:15:36 [http-nio-8080-exec-9] DEBUG o.s.orm.jpa.JpaTransactionManager - Initiating transaction commit
2026-03-16 17:15:36 [http-nio-8080-exec-9] DEBUG o.s.orm.jpa.JpaTransactionManager - Committing JPA transaction on EntityManager [SessionImpl(963771955<open>)]
2026-03-16 17:15:36 [http-nio-8080-exec-9] DEBUG o.s.orm.jpa.JpaTransactionManager - Closing JPA EntityManager [SessionImpl(963771955<open>)] after transaction
2026-03-16 17:15:36 [http-nio-8080-exec-9] INFO  c.c.p.a.c.menu.MenuController - getLeftMenu returned 2 items
2026-03-16 17:15:36 [http-nio-8080-exec-9] DEBUG o.s.w.s.m.m.a.HttpEntityMethodProcessor - Using 'application/json', given [application/json, text/plain, */*] and supported [application/json, application/*+json, application/yaml]
2026-03-16 17:15:36 [http-nio-8080-exec-9] TRACE o.s.w.s.m.m.a.HttpEntityMethodProcessor - Writing [ApiResponse[success=true, status=200, code=COMMON_001, message=Success, data={list=[com.company.project.service.menu.dto.MenuDto@44cf46c6, com.company.project.service.menu.dto.MenuDto@43d5de24]}, timestamp=2026-03-16T17:15:36.994836]]
2026-03-16 17:15:36 [http-nio-8080-exec-9] INFO  c.c.p.a.i.OperationalAuditInterceptor - API Audit Log: URL=/api/v1/menu/left, User=webmaster, IP=127.0.0.1
2026-03-16 17:15:36 [http-nio-8080-exec-9] DEBUG o.s.web.servlet.DispatcherServlet - Completed 200 OK
2026-03-16 17:15:37 [http-nio-8080-exec-15] DEBUG c.c.p.s.jwt.JwtAuthenticationFilter - >>> [JwtFilter] Processing request: GET /api/v1/menu/left
2026-03-16 17:15:37 [http-nio-8080-exec-15] DEBUG c.c.p.s.jwt.JwtAuthenticationFilter - >>> [JwtFilter] Found token in header for path: /api/v1/menu/left
2026-03-16 17:15:37 [http-nio-8080-exec-15] DEBUG o.s.orm.jpa.JpaTransactionManager - Creating new transaction with name [com.company.project.security.iam.CustomUserDetailsService.loadUserByUsername]: PROPAGATION_REQUIRED,ISOLATION_DEFAULT,readOnly
2026-03-16 17:15:37 [http-nio-8080-exec-15] DEBUG o.s.orm.jpa.JpaTransactionManager - Opened new EntityManager [SessionImpl(1097493629<open>)] for JPA transaction
2026-03-16 17:15:37 [http-nio-8080-exec-15] DEBUG o.s.orm.jpa.JpaTransactionManager - Exposing JPA transaction as JDBC [org.springframework.orm.jpa.vendor.HibernateJpaDialect$HibernateConnectionHandle@14d75113]
2026-03-16 17:15:37 [http-nio-8080-exec-15] DEBUG o.s.orm.jpa.JpaTransactionManager - Found thread-bound EntityManager [SessionImpl(1097493629<open>)] for JPA transaction
2026-03-16 17:15:37 [http-nio-8080-exec-15] DEBUG o.s.orm.jpa.JpaTransactionManager - Participating in existing transaction
2026-03-16 17:15:37 [http-nio-8080-exec-15] DEBUG org.hibernate.SQL - select u1_0.emplyr_id,u1_0.area_no,u1_0.brthdy,u1_0.chg_pwd_cnt,u1_0.frst_register_id,u1_0.frst_regist_pnttm,u1_0.detail_adres,u1_0.email_adres,u1_0.emplyr_sttus_code,u1_0.empl_no,u1_0.esntl_id,u1_0.fxnum,u1_0.group_id,u1_0.house_adres,u1_0.house_end_telno,u1_0.house_middle_telno,u1_0.ihidnum,u1_0.pstinst_code,u1_0.last_updusr_id,u1_0.last_updt_pnttm,u1_0.lock_at,u1_0.lock_cnt,u1_0.lock_last_pnttm,u1_0.mbtlnum,u1_0.ofcps_nm,u1_0.offm_telno,u1_0.orgnzt_id,u1_0.password,u1_0.password_cnsr,u1_0.password_hint,u1_0.chg_pwd_last_pnttm,u1_0.role,u1_0.sbscrb_de,u1_0.sexdstn_code,u1_0.crtfc_dn_value,u1_0.user_nm,u1_0.zip from nemplyrinfo u1_0 where u1_0.emplyr_id=?
2026-03-16 17:15:37 [http-nio-8080-exec-15] DEBUG o.s.orm.jpa.JpaTransactionManager - Found thread-bound EntityManager [SessionImpl(1097493629<open>)] for JPA transaction
2026-03-16 17:15:37 [http-nio-8080-exec-15] DEBUG o.s.orm.jpa.JpaTransactionManager - Participating in existing transaction
2026-03-16 17:15:37 [http-nio-8080-exec-15] DEBUG org.hibernate.SQL - select ua1_0.scrty_dtrmn_trget_id,ua1_0.author_code,ua1_0.frst_register_id,ua1_0.frst_regist_pnttm,ua1_0.last_updusr_id,ua1_0.last_updt_pnttm,ua1_0.mber_ty_code from nemplyrscrtyestbs ua1_0 where ua1_0.scrty_dtrmn_trget_id=?
2026-03-16 17:15:37 [http-nio-8080-exec-15] DEBUG o.s.orm.jpa.JpaTransactionManager - Initiating transaction commit
2026-03-16 17:15:37 [http-nio-8080-exec-15] DEBUG o.s.orm.jpa.JpaTransactionManager - Committing JPA transaction on EntityManager [SessionImpl(1097493629<open>)]
2026-03-16 17:15:37 [http-nio-8080-exec-15] DEBUG o.s.orm.jpa.JpaTransactionManager - Closing JPA EntityManager [SessionImpl(1097493629<open>)] after transaction
2026-03-16 17:15:37 [http-nio-8080-exec-15] DEBUG c.c.p.s.jwt.JwtAuthenticationFilter - >>> [JwtFilter] Successfully authenticated user: USRCNFRM_99999999999, Authorities: [ROLE_ADMIN]
2026-03-16 17:15:37 [http-nio-8080-exec-15] DEBUG o.s.web.servlet.DispatcherServlet - GET "/api/v1/menu/left?menuNo=50", parameters={masked}
2026-03-16 17:15:37 [http-nio-8080-exec-15] TRACE o.s.w.s.m.m.a.RequestMappingHandlerMapping - Mapped to com.company.project.api.controller.menu.MenuController#getLeftMenu(Long)
2026-03-16 17:15:37 [http-nio-8080-exec-15] INFO  c.c.p.a.c.menu.MenuController - getLeftMenu called with menuNo=50
2026-03-16 17:15:37 [http-nio-8080-exec-15] DEBUG o.s.orm.jpa.JpaTransactionManager - Creating new transaction with name [com.company.project.service.menu.MenuService.getSubMenus]: PROPAGATION_REQUIRED,ISOLATION_DEFAULT,readOnly
2026-03-16 17:15:37 [http-nio-8080-exec-15] DEBUG o.s.orm.jpa.JpaTransactionManager - Opened new EntityManager [SessionImpl(2078693054<open>)] for JPA transaction
2026-03-16 17:15:37 [http-nio-8080-exec-15] DEBUG o.s.orm.jpa.JpaTransactionManager - Exposing JPA transaction as JDBC [org.springframework.orm.jpa.vendor.HibernateJpaDialect$HibernateConnectionHandle@40b429f6]
2026-03-16 17:15:37 [http-nio-8080-exec-15] DEBUG org.hibernate.SQL - select m1_0.menu_no,m1_0.menu_dc,m1_0.menu_nm,m1_0.menu_ordr,m1_0.modern_route,m1_0.progrm_file_nm,m1_0.relate_image_nm,m1_0.relate_image_path,m1_0.route_updated_at,m1_0.upper_menu_no from nmenuinfo m1_0 order by m1_0.upper_menu_no,m1_0.menu_ordr
2026-03-16 17:15:37 [http-nio-8080-exec-15] DEBUG o.s.orm.jpa.JpaTransactionManager - Found thread-bound EntityManager [SessionImpl(2078693054<open>)] for JPA transaction
2026-03-16 17:15:37 [http-nio-8080-exec-15] DEBUG o.s.orm.jpa.JpaTransactionManager - Participating in existing transaction
2026-03-16 17:15:37 [http-nio-8080-exec-15] DEBUG org.hibernate.SQL - select p1_0.progrm_file_nm,p1_0.progrm_dc,p1_0.progrm_korean_nm,p1_0.progrm_stre_path,p1_0.url from nprogrmlist p1_0
2026-03-16 17:15:38 [http-nio-8080-exec-15] DEBUG o.s.orm.jpa.JpaTransactionManager - Initiating transaction commit
2026-03-16 17:15:38 [http-nio-8080-exec-15] DEBUG o.s.orm.jpa.JpaTransactionManager - Committing JPA transaction on EntityManager [SessionImpl(2078693054<open>)]
2026-03-16 17:15:38 [http-nio-8080-exec-15] DEBUG o.s.orm.jpa.JpaTransactionManager - Closing JPA EntityManager [SessionImpl(2078693054<open>)] after transaction
2026-03-16 17:15:38 [http-nio-8080-exec-15] INFO  c.c.p.a.c.menu.MenuController - getLeftMenu returned 3 items
2026-03-16 17:15:38 [http-nio-8080-exec-15] DEBUG o.s.w.s.m.m.a.HttpEntityMethodProcessor - Using 'application/json', given [application/json, text/plain, */*] and supported [application/json, application/*+json, application/yaml]
2026-03-16 17:15:38 [http-nio-8080-exec-15] TRACE o.s.w.s.m.m.a.HttpEntityMethodProcessor - Writing [ApiResponse[success=true, status=200, code=COMMON_001, message=Success, data={list=[com.company.project.service.menu.dto.MenuDto@7f244dcb, com.company.project.service.menu.dto.MenuDto@18b47dc9, com.company.project.service.menu.dto.MenuDto@4ae1086f]}, timestamp=2026-03-16T17:15:38.259386100]]
2026-03-16 17:15:38 [http-nio-8080-exec-15] INFO  c.c.p.a.i.OperationalAuditInterceptor - API Audit Log: URL=/api/v1/menu/left, User=webmaster, IP=127.0.0.1
2026-03-16 17:15:38 [http-nio-8080-exec-15] DEBUG o.s.web.servlet.DispatcherServlet - Completed 200 OK
2026-03-16 17:15:38 [http-nio-8080-exec-2] DEBUG c.c.p.s.jwt.JwtAuthenticationFilter - >>> [JwtFilter] Processing request: GET /api/v1/menu/left
2026-03-16 17:15:38 [http-nio-8080-exec-2] DEBUG c.c.p.s.jwt.JwtAuthenticationFilter - >>> [JwtFilter] Found token in header for path: /api/v1/menu/left
2026-03-16 17:15:38 [http-nio-8080-exec-2] DEBUG o.s.orm.jpa.JpaTransactionManager - Creating new transaction with name [com.company.project.security.iam.CustomUserDetailsService.loadUserByUsername]: PROPAGATION_REQUIRED,ISOLATION_DEFAULT,readOnly
2026-03-16 17:15:38 [http-nio-8080-exec-2] DEBUG o.s.orm.jpa.JpaTransactionManager - Opened new EntityManager [SessionImpl(531427718<open>)] for JPA transaction
2026-03-16 17:15:38 [http-nio-8080-exec-2] DEBUG o.s.orm.jpa.JpaTransactionManager - Exposing JPA transaction as JDBC [org.springframework.orm.jpa.vendor.HibernateJpaDialect$HibernateConnectionHandle@171036b]
2026-03-16 17:15:38 [http-nio-8080-exec-2] DEBUG o.s.orm.jpa.JpaTransactionManager - Found thread-bound EntityManager [SessionImpl(531427718<open>)] for JPA transaction
2026-03-16 17:15:38 [http-nio-8080-exec-2] DEBUG o.s.orm.jpa.JpaTransactionManager - Participating in existing transaction
2026-03-16 17:15:38 [http-nio-8080-exec-2] DEBUG org.hibernate.SQL - select u1_0.emplyr_id,u1_0.area_no,u1_0.brthdy,u1_0.chg_pwd_cnt,u1_0.frst_register_id,u1_0.frst_regist_pnttm,u1_0.detail_adres,u1_0.email_adres,u1_0.emplyr_sttus_code,u1_0.empl_no,u1_0.esntl_id,u1_0.fxnum,u1_0.group_id,u1_0.house_adres,u1_0.house_end_telno,u1_0.house_middle_telno,u1_0.ihidnum,u1_0.pstinst_code,u1_0.last_updusr_id,u1_0.last_updt_pnttm,u1_0.lock_at,u1_0.lock_cnt,u1_0.lock_last_pnttm,u1_0.mbtlnum,u1_0.ofcps_nm,u1_0.offm_telno,u1_0.orgnzt_id,u1_0.password,u1_0.password_cnsr,u1_0.password_hint,u1_0.chg_pwd_last_pnttm,u1_0.role,u1_0.sbscrb_de,u1_0.sexdstn_code,u1_0.crtfc_dn_value,u1_0.user_nm,u1_0.zip from nemplyrinfo u1_0 where u1_0.emplyr_id=?
2026-03-16 17:15:38 [http-nio-8080-exec-2] DEBUG o.s.orm.jpa.JpaTransactionManager - Found thread-bound EntityManager [SessionImpl(531427718<open>)] for JPA transaction
2026-03-16 17:15:38 [http-nio-8080-exec-2] DEBUG o.s.orm.jpa.JpaTransactionManager - Participating in existing transaction
2026-03-16 17:15:38 [http-nio-8080-exec-2] DEBUG org.hibernate.SQL - select ua1_0.scrty_dtrmn_trget_id,ua1_0.author_code,ua1_0.frst_register_id,ua1_0.frst_regist_pnttm,ua1_0.last_updusr_id,ua1_0.last_updt_pnttm,ua1_0.mber_ty_code from nemplyrscrtyestbs ua1_0 where ua1_0.scrty_dtrmn_trget_id=?
2026-03-16 17:15:38 [http-nio-8080-exec-2] DEBUG o.s.orm.jpa.JpaTransactionManager - Initiating transaction commit
2026-03-16 17:15:38 [http-nio-8080-exec-2] DEBUG o.s.orm.jpa.JpaTransactionManager - Committing JPA transaction on EntityManager [SessionImpl(531427718<open>)]
2026-03-16 17:15:38 [http-nio-8080-exec-2] DEBUG o.s.orm.jpa.JpaTransactionManager - Closing JPA EntityManager [SessionImpl(531427718<open>)] after transaction
2026-03-16 17:15:38 [http-nio-8080-exec-2] DEBUG c.c.p.s.jwt.JwtAuthenticationFilter - >>> [JwtFilter] Successfully authenticated user: USRCNFRM_99999999999, Authorities: [ROLE_ADMIN]
2026-03-16 17:15:38 [http-nio-8080-exec-2] DEBUG o.s.web.servlet.DispatcherServlet - GET "/api/v1/menu/left?menuNo=60", parameters={masked}
2026-03-16 17:15:38 [http-nio-8080-exec-2] TRACE o.s.w.s.m.m.a.RequestMappingHandlerMapping - Mapped to com.company.project.api.controller.menu.MenuController#getLeftMenu(Long)
2026-03-16 17:15:38 [http-nio-8080-exec-2] INFO  c.c.p.a.c.menu.MenuController - getLeftMenu called with menuNo=60
2026-03-16 17:15:38 [http-nio-8080-exec-2] DEBUG o.s.orm.jpa.JpaTransactionManager - Creating new transaction with name [com.company.project.service.menu.MenuService.getSubMenus]: PROPAGATION_REQUIRED,ISOLATION_DEFAULT,readOnly
2026-03-16 17:15:38 [http-nio-8080-exec-2] DEBUG o.s.orm.jpa.JpaTransactionManager - Opened new EntityManager [SessionImpl(2086145126<open>)] for JPA transaction
2026-03-16 17:15:38 [http-nio-8080-exec-2] DEBUG o.s.orm.jpa.JpaTransactionManager - Exposing JPA transaction as JDBC [org.springframework.orm.jpa.vendor.HibernateJpaDialect$HibernateConnectionHandle@76275fd4]
2026-03-16 17:15:38 [http-nio-8080-exec-2] DEBUG org.hibernate.SQL - select m1_0.menu_no,m1_0.menu_dc,m1_0.menu_nm,m1_0.menu_ordr,m1_0.modern_route,m1_0.progrm_file_nm,m1_0.relate_image_nm,m1_0.relate_image_path,m1_0.route_updated_at,m1_0.upper_menu_no from nmenuinfo m1_0 order by m1_0.upper_menu_no,m1_0.menu_ordr
2026-03-16 17:15:39 [http-nio-8080-exec-2] DEBUG o.s.orm.jpa.JpaTransactionManager - Found thread-bound EntityManager [SessionImpl(2086145126<open>)] for JPA transaction
2026-03-16 17:15:39 [http-nio-8080-exec-2] DEBUG o.s.orm.jpa.JpaTransactionManager - Participating in existing transaction
2026-03-16 17:15:39 [http-nio-8080-exec-2] DEBUG org.hibernate.SQL - select p1_0.progrm_file_nm,p1_0.progrm_dc,p1_0.progrm_korean_nm,p1_0.progrm_stre_path,p1_0.url from nprogrmlist p1_0
2026-03-16 17:15:39 [http-nio-8080-exec-2] DEBUG o.s.orm.jpa.JpaTransactionManager - Initiating transaction commit
2026-03-16 17:15:39 [http-nio-8080-exec-2] DEBUG o.s.orm.jpa.JpaTransactionManager - Committing JPA transaction on EntityManager [SessionImpl(2086145126<open>)]
2026-03-16 17:15:39 [http-nio-8080-exec-2] DEBUG o.s.orm.jpa.JpaTransactionManager - Closing JPA EntityManager [SessionImpl(2086145126<open>)] after transaction
2026-03-16 17:15:39 [http-nio-8080-exec-2] INFO  c.c.p.a.c.menu.MenuController - getLeftMenu returned 1 items
2026-03-16 17:15:39 [http-nio-8080-exec-2] DEBUG o.s.w.s.m.m.a.HttpEntityMethodProcessor - Using 'application/json', given [application/json, text/plain, */*] and supported [application/json, application/*+json, application/yaml]
2026-03-16 17:15:39 [http-nio-8080-exec-2] TRACE o.s.w.s.m.m.a.HttpEntityMethodProcessor - Writing [ApiResponse[success=true, status=200, code=COMMON_001, message=Success, data={list=[com.company.project.service.menu.dto.MenuDto@1f5b09ac]}, timestamp=2026-03-16T17:15:39.474019900]]
2026-03-16 17:15:39 [http-nio-8080-exec-2] INFO  c.c.p.a.i.OperationalAuditInterceptor - API Audit Log: URL=/api/v1/menu/left, User=webmaster, IP=127.0.0.1
2026-03-16 17:15:39 [http-nio-8080-exec-2] DEBUG o.s.web.servlet.DispatcherServlet - Completed 200 OK
2026-03-16 17:15:41 [MessageBroker-9] DEBUG o.s.w.s.s.t.h.DefaultSockJsService - Closed 1 sessions: [z4j0x4zu]
2026-03-16 17:16:44 [http-nio-8080-exec-10] DEBUG c.c.p.s.jwt.JwtAuthenticationFilter - >>> [JwtFilter] Processing request: GET /api/v1/menu/head
2026-03-16 17:16:44 [http-nio-8080-exec-10] DEBUG c.c.p.s.jwt.JwtAuthenticationFilter - >>> [JwtFilter] Found token in header for path: /api/v1/menu/head
2026-03-16 17:16:44 [http-nio-8080-exec-10] DEBUG o.s.orm.jpa.JpaTransactionManager - Creating new transaction with name [com.company.project.security.iam.CustomUserDetailsService.loadUserByUsername]: PROPAGATION_REQUIRED,ISOLATION_DEFAULT,readOnly
2026-03-16 17:16:44 [http-nio-8080-exec-10] DEBUG o.s.orm.jpa.JpaTransactionManager - Opened new EntityManager [SessionImpl(1334289832<open>)] for JPA transaction
2026-03-16 17:16:44 [http-nio-8080-exec-13] DEBUG c.c.p.s.jwt.JwtAuthenticationFilter - >>> [JwtFilter] Processing request: GET /api/v1/menu/head
2026-03-16 17:16:44 [http-nio-8080-exec-13] DEBUG c.c.p.s.jwt.JwtAuthenticationFilter - >>> [JwtFilter] Found token in header for path: /api/v1/menu/head
2026-03-16 17:16:44 [http-nio-8080-exec-13] DEBUG o.s.orm.jpa.JpaTransactionManager - Creating new transaction with name [com.company.project.security.iam.CustomUserDetailsService.loadUserByUsername]: PROPAGATION_REQUIRED,ISOLATION_DEFAULT,readOnly
2026-03-16 17:16:44 [http-nio-8080-exec-13] DEBUG o.s.orm.jpa.JpaTransactionManager - Opened new EntityManager [SessionImpl(1510040824<open>)] for JPA transaction
2026-03-16 17:16:44 [http-nio-8080-exec-10] DEBUG o.s.orm.jpa.JpaTransactionManager - Exposing JPA transaction as JDBC [org.springframework.orm.jpa.vendor.HibernateJpaDialect$HibernateConnectionHandle@6ad61209]
2026-03-16 17:16:44 [http-nio-8080-exec-10] DEBUG o.s.orm.jpa.JpaTransactionManager - Found thread-bound EntityManager [SessionImpl(1334289832<open>)] for JPA transaction
2026-03-16 17:16:44 [http-nio-8080-exec-10] DEBUG o.s.orm.jpa.JpaTransactionManager - Participating in existing transaction
2026-03-16 17:16:44 [http-nio-8080-exec-10] DEBUG org.hibernate.SQL - select u1_0.emplyr_id,u1_0.area_no,u1_0.brthdy,u1_0.chg_pwd_cnt,u1_0.frst_register_id,u1_0.frst_regist_pnttm,u1_0.detail_adres,u1_0.email_adres,u1_0.emplyr_sttus_code,u1_0.empl_no,u1_0.esntl_id,u1_0.fxnum,u1_0.group_id,u1_0.house_adres,u1_0.house_end_telno,u1_0.house_middle_telno,u1_0.ihidnum,u1_0.pstinst_code,u1_0.last_updusr_id,u1_0.last_updt_pnttm,u1_0.lock_at,u1_0.lock_cnt,u1_0.lock_last_pnttm,u1_0.mbtlnum,u1_0.ofcps_nm,u1_0.offm_telno,u1_0.orgnzt_id,u1_0.password,u1_0.password_cnsr,u1_0.password_hint,u1_0.chg_pwd_last_pnttm,u1_0.role,u1_0.sbscrb_de,u1_0.sexdstn_code,u1_0.crtfc_dn_value,u1_0.user_nm,u1_0.zip from nemplyrinfo u1_0 where u1_0.emplyr_id=?
2026-03-16 17:16:44 [http-nio-8080-exec-13] DEBUG o.s.orm.jpa.JpaTransactionManager - Exposing JPA transaction as JDBC [org.springframework.orm.jpa.vendor.HibernateJpaDialect$HibernateConnectionHandle@31e3d663]
2026-03-16 17:16:44 [http-nio-8080-exec-13] DEBUG o.s.orm.jpa.JpaTransactionManager - Found thread-bound EntityManager [SessionImpl(1510040824<open>)] for JPA transaction
2026-03-16 17:16:44 [http-nio-8080-exec-13] DEBUG o.s.orm.jpa.JpaTransactionManager - Participating in existing transaction
2026-03-16 17:16:44 [http-nio-8080-exec-13] DEBUG org.hibernate.SQL - select u1_0.emplyr_id,u1_0.area_no,u1_0.brthdy,u1_0.chg_pwd_cnt,u1_0.frst_register_id,u1_0.frst_regist_pnttm,u1_0.detail_adres,u1_0.email_adres,u1_0.emplyr_sttus_code,u1_0.empl_no,u1_0.esntl_id,u1_0.fxnum,u1_0.group_id,u1_0.house_adres,u1_0.house_end_telno,u1_0.house_middle_telno,u1_0.ihidnum,u1_0.pstinst_code,u1_0.last_updusr_id,u1_0.last_updt_pnttm,u1_0.lock_at,u1_0.lock_cnt,u1_0.lock_last_pnttm,u1_0.mbtlnum,u1_0.ofcps_nm,u1_0.offm_telno,u1_0.orgnzt_id,u1_0.password,u1_0.password_cnsr,u1_0.password_hint,u1_0.chg_pwd_last_pnttm,u1_0.role,u1_0.sbscrb_de,u1_0.sexdstn_code,u1_0.crtfc_dn_value,u1_0.user_nm,u1_0.zip from nemplyrinfo u1_0 where u1_0.emplyr_id=?
2026-03-16 17:16:45 [http-nio-8080-exec-10] DEBUG o.s.orm.jpa.JpaTransactionManager - Found thread-bound EntityManager [SessionImpl(1334289832<open>)] for JPA transaction
2026-03-16 17:16:45 [http-nio-8080-exec-10] DEBUG o.s.orm.jpa.JpaTransactionManager - Participating in existing transaction
2026-03-16 17:16:45 [http-nio-8080-exec-10] DEBUG org.hibernate.SQL - select ua1_0.scrty_dtrmn_trget_id,ua1_0.author_code,ua1_0.frst_register_id,ua1_0.frst_regist_pnttm,ua1_0.last_updusr_id,ua1_0.last_updt_pnttm,ua1_0.mber_ty_code from nemplyrscrtyestbs ua1_0 where ua1_0.scrty_dtrmn_trget_id=?
2026-03-16 17:16:45 [http-nio-8080-exec-13] DEBUG o.s.orm.jpa.JpaTransactionManager - Found thread-bound EntityManager [SessionImpl(1510040824<open>)] for JPA transaction
2026-03-16 17:16:45 [http-nio-8080-exec-13] DEBUG o.s.orm.jpa.JpaTransactionManager - Participating in existing transaction
2026-03-16 17:16:45 [http-nio-8080-exec-13] DEBUG org.hibernate.SQL - select ua1_0.scrty_dtrmn_trget_id,ua1_0.author_code,ua1_0.frst_register_id,ua1_0.frst_regist_pnttm,ua1_0.last_updusr_id,ua1_0.last_updt_pnttm,ua1_0.mber_ty_code from nemplyrscrtyestbs ua1_0 where ua1_0.scrty_dtrmn_trget_id=?
2026-03-16 17:16:45 [http-nio-8080-exec-10] DEBUG o.s.orm.jpa.JpaTransactionManager - Initiating transaction commit
2026-03-16 17:16:45 [http-nio-8080-exec-10] DEBUG o.s.orm.jpa.JpaTransactionManager - Committing JPA transaction on EntityManager [SessionImpl(1334289832<open>)]
2026-03-16 17:16:45 [http-nio-8080-exec-13] DEBUG o.s.orm.jpa.JpaTransactionManager - Initiating transaction commit
2026-03-16 17:16:45 [http-nio-8080-exec-13] DEBUG o.s.orm.jpa.JpaTransactionManager - Committing JPA transaction on EntityManager [SessionImpl(1510040824<open>)]
2026-03-16 17:16:45 [http-nio-8080-exec-10] DEBUG o.s.orm.jpa.JpaTransactionManager - Closing JPA EntityManager [SessionImpl(1334289832<open>)] after transaction
2026-03-16 17:16:45 [http-nio-8080-exec-10] DEBUG c.c.p.s.jwt.JwtAuthenticationFilter - >>> [JwtFilter] Successfully authenticated user: USRCNFRM_99999999999, Authorities: [ROLE_ADMIN]
2026-03-16 17:16:45 [http-nio-8080-exec-10] DEBUG o.s.web.servlet.DispatcherServlet - GET "/api/v1/menu/head", parameters={}
2026-03-16 17:16:45 [http-nio-8080-exec-10] TRACE o.s.w.s.m.m.a.RequestMappingHandlerMapping - Mapped to com.company.project.api.controller.menu.MenuController#getHeadMenu()
2026-03-16 17:16:45 [http-nio-8080-exec-10] INFO  c.c.p.a.c.menu.MenuController - getHeadMenu called
2026-03-16 17:16:45 [http-nio-8080-exec-10] INFO  c.c.p.a.c.menu.MenuController - getHeadMenu returned 5 items
2026-03-16 17:16:45 [http-nio-8080-exec-10] DEBUG o.s.w.s.m.m.a.HttpEntityMethodProcessor - Using 'application/json', given [application/json, text/plain, */*] and supported [application/json, application/*+json, application/yaml]
2026-03-16 17:16:45 [http-nio-8080-exec-10] TRACE o.s.w.s.m.m.a.HttpEntityMethodProcessor - Writing [ApiResponse[success=true, status=200, code=COMMON_001, message=Success, data={list=[com.company.project.service.menu.dto.MenuDto@2b80d6b0, com.company.project.service.menu.dto.MenuDto@1418cfa3, com.company.project.service.menu.dto.MenuDto@f230bf1, com.company.project.service.menu.dto.MenuDto@734a7f6a, com.company.project.service.menu.dto.MenuDto@5e5202e5]}, timestamp=2026-03-16T17:16:45.363159800]]
2026-03-16 17:16:45 [http-nio-8080-exec-10] INFO  c.c.p.a.i.OperationalAuditInterceptor - API Audit Log: URL=/api/v1/menu/head, User=webmaster, IP=0:0:0:0:0:0:0:1
2026-03-16 17:16:45 [http-nio-8080-exec-10] DEBUG o.s.web.servlet.DispatcherServlet - Completed 200 OK
2026-03-16 17:16:45 [http-nio-8080-exec-12] DEBUG c.c.p.s.jwt.JwtAuthenticationFilter - >>> [JwtFilter] Processing request: GET /api/v1/menu/left
2026-03-16 17:16:45 [http-nio-8080-exec-12] DEBUG c.c.p.s.jwt.JwtAuthenticationFilter - >>> [JwtFilter] Found token in header for path: /api/v1/menu/left
2026-03-16 17:16:45 [http-nio-8080-exec-3] DEBUG c.c.p.s.jwt.JwtAuthenticationFilter - >>> [JwtFilter] Processing request: GET /api/v1/menu/left
2026-03-16 17:16:45 [http-nio-8080-exec-3] DEBUG c.c.p.s.jwt.JwtAuthenticationFilter - >>> [JwtFilter] Found token in header for path: /api/v1/menu/left
2026-03-16 17:16:45 [http-nio-8080-exec-12] DEBUG o.s.orm.jpa.JpaTransactionManager - Creating new transaction with name [com.company.project.security.iam.CustomUserDetailsService.loadUserByUsername]: PROPAGATION_REQUIRED,ISOLATION_DEFAULT,readOnly
2026-03-16 17:16:45 [http-nio-8080-exec-12] DEBUG o.s.orm.jpa.JpaTransactionManager - Opened new EntityManager [SessionImpl(94150413<open>)] for JPA transaction
2026-03-16 17:16:45 [http-nio-8080-exec-8] DEBUG c.c.p.s.jwt.JwtAuthenticationFilter - >>> [JwtFilter] Processing request: GET /api/v1/menu/left
2026-03-16 17:16:45 [http-nio-8080-exec-8] DEBUG c.c.p.s.jwt.JwtAuthenticationFilter - >>> [JwtFilter] Found token in header for path: /api/v1/menu/left
2026-03-16 17:16:45 [http-nio-8080-exec-3] DEBUG o.s.orm.jpa.JpaTransactionManager - Creating new transaction with name [com.company.project.security.iam.CustomUserDetailsService.loadUserByUsername]: PROPAGATION_REQUIRED,ISOLATION_DEFAULT,readOnly
2026-03-16 17:16:45 [http-nio-8080-exec-19] DEBUG c.c.p.s.jwt.JwtAuthenticationFilter - >>> [JwtFilter] Processing request: GET /api/v1/menu/left
2026-03-16 17:16:45 [http-nio-8080-exec-3] DEBUG o.s.orm.jpa.JpaTransactionManager - Opened new EntityManager [SessionImpl(1656044579<open>)] for JPA transaction
2026-03-16 17:16:45 [http-nio-8080-exec-9] DEBUG c.c.p.s.jwt.JwtAuthenticationFilter - >>> [JwtFilter] Processing request: GET /api/v1/menu/left
2026-03-16 17:16:45 [http-nio-8080-exec-8] DEBUG o.s.orm.jpa.JpaTransactionManager - Creating new transaction with name [com.company.project.security.iam.CustomUserDetailsService.loadUserByUsername]: PROPAGATION_REQUIRED,ISOLATION_DEFAULT,readOnly
2026-03-16 17:16:45 [http-nio-8080-exec-9] DEBUG c.c.p.s.jwt.JwtAuthenticationFilter - >>> [JwtFilter] Found token in header for path: /api/v1/menu/left
2026-03-16 17:16:45 [http-nio-8080-exec-8] DEBUG o.s.orm.jpa.JpaTransactionManager - Opened new EntityManager [SessionImpl(45909289<open>)] for JPA transaction
2026-03-16 17:16:45 [http-nio-8080-exec-19] DEBUG c.c.p.s.jwt.JwtAuthenticationFilter - >>> [JwtFilter] Found token in header for path: /api/v1/menu/left
2026-03-16 17:16:45 [http-nio-8080-exec-9] DEBUG o.s.orm.jpa.JpaTransactionManager - Creating new transaction with name [com.company.project.security.iam.CustomUserDetailsService.loadUserByUsername]: PROPAGATION_REQUIRED,ISOLATION_DEFAULT,readOnly
2026-03-16 17:16:45 [http-nio-8080-exec-9] DEBUG o.s.orm.jpa.JpaTransactionManager - Opened new EntityManager [SessionImpl(14203205<open>)] for JPA transaction
2026-03-16 17:16:45 [http-nio-8080-exec-19] DEBUG o.s.orm.jpa.JpaTransactionManager - Creating new transaction with name [com.company.project.security.iam.CustomUserDetailsService.loadUserByUsername]: PROPAGATION_REQUIRED,ISOLATION_DEFAULT,readOnly
2026-03-16 17:16:45 [http-nio-8080-exec-19] DEBUG o.s.orm.jpa.JpaTransactionManager - Opened new EntityManager [SessionImpl(699706603<open>)] for JPA transaction
2026-03-16 17:16:45 [http-nio-8080-exec-13] DEBUG o.s.orm.jpa.JpaTransactionManager - Closing JPA EntityManager [SessionImpl(1510040824<open>)] after transaction
2026-03-16 17:16:45 [http-nio-8080-exec-13] DEBUG c.c.p.s.jwt.JwtAuthenticationFilter - >>> [JwtFilter] Successfully authenticated user: USRCNFRM_99999999999, Authorities: [ROLE_ADMIN]
2026-03-16 17:16:45 [http-nio-8080-exec-13] DEBUG o.s.web.servlet.DispatcherServlet - GET "/api/v1/menu/head", parameters={}
2026-03-16 17:16:45 [http-nio-8080-exec-13] TRACE o.s.w.s.m.m.a.RequestMappingHandlerMapping - Mapped to com.company.project.api.controller.menu.MenuController#getHeadMenu()
2026-03-16 17:16:45 [http-nio-8080-exec-13] INFO  c.c.p.a.c.menu.MenuController - getHeadMenu called
2026-03-16 17:16:45 [http-nio-8080-exec-13] INFO  c.c.p.a.c.menu.MenuController - getHeadMenu returned 5 items
2026-03-16 17:16:45 [http-nio-8080-exec-13] DEBUG o.s.w.s.m.m.a.HttpEntityMethodProcessor - Using 'application/json', given [application/json, text/plain, */*] and supported [application/json, application/*+json, application/yaml]
2026-03-16 17:16:45 [http-nio-8080-exec-13] TRACE o.s.w.s.m.m.a.HttpEntityMethodProcessor - Writing [ApiResponse[success=true, status=200, code=COMMON_001, message=Success, data={list=[com.company.project.service.menu.dto.MenuDto@2b80d6b0, com.company.project.service.menu.dto.MenuDto@1418cfa3, com.company.project.service.menu.dto.MenuDto@f230bf1, com.company.project.service.menu.dto.MenuDto@734a7f6a, com.company.project.service.menu.dto.MenuDto@5e5202e5]}, timestamp=2026-03-16T17:16:45.440613]]
2026-03-16 17:16:45 [http-nio-8080-exec-13] INFO  c.c.p.a.i.OperationalAuditInterceptor - API Audit Log: URL=/api/v1/menu/head, User=webmaster, IP=0:0:0:0:0:0:0:1
2026-03-16 17:16:45 [http-nio-8080-exec-13] DEBUG o.s.web.servlet.DispatcherServlet - Completed 200 OK
2026-03-16 17:16:45 [http-nio-8080-exec-15] DEBUG c.c.p.s.jwt.JwtAuthenticationFilter - >>> [JwtFilter] Processing request: GET /api/v1/menu/left
2026-03-16 17:16:45 [http-nio-8080-exec-15] DEBUG c.c.p.s.jwt.JwtAuthenticationFilter - >>> [JwtFilter] Found token in header for path: /api/v1/menu/left
2026-03-16 17:16:45 [http-nio-8080-exec-15] DEBUG o.s.orm.jpa.JpaTransactionManager - Creating new transaction with name [com.company.project.security.iam.CustomUserDetailsService.loadUserByUsername]: PROPAGATION_REQUIRED,ISOLATION_DEFAULT,readOnly
2026-03-16 17:16:45 [http-nio-8080-exec-15] DEBUG o.s.orm.jpa.JpaTransactionManager - Opened new EntityManager [SessionImpl(256273809<open>)] for JPA transaction
2026-03-16 17:16:45 [http-nio-8080-exec-2] DEBUG c.c.p.s.jwt.JwtAuthenticationFilter - >>> [JwtFilter] Processing request: GET /api/v1/menu/left
2026-03-16 17:16:45 [http-nio-8080-exec-2] DEBUG c.c.p.s.jwt.JwtAuthenticationFilter - >>> [JwtFilter] Found token in header for path: /api/v1/menu/left
2026-03-16 17:16:45 [http-nio-8080-exec-2] DEBUG o.s.orm.jpa.JpaTransactionManager - Creating new transaction with name [com.company.project.security.iam.CustomUserDetailsService.loadUserByUsername]: PROPAGATION_REQUIRED,ISOLATION_DEFAULT,readOnly
2026-03-16 17:16:45 [http-nio-8080-exec-2] DEBUG o.s.orm.jpa.JpaTransactionManager - Opened new EntityManager [SessionImpl(1736902461<open>)] for JPA transaction
2026-03-16 17:16:45 [http-nio-8080-exec-10] DEBUG c.c.p.s.jwt.JwtAuthenticationFilter - >>> [JwtFilter] Processing request: GET /api/v1/menu/left
2026-03-16 17:16:45 [http-nio-8080-exec-17] DEBUG c.c.p.s.jwt.JwtAuthenticationFilter - >>> [JwtFilter] Processing request: GET /api/v1/menu/left
2026-03-16 17:16:45 [http-nio-8080-exec-10] DEBUG c.c.p.s.jwt.JwtAuthenticationFilter - >>> [JwtFilter] Found token in header for path: /api/v1/menu/left
2026-03-16 17:16:45 [http-nio-8080-exec-13] DEBUG c.c.p.s.jwt.JwtAuthenticationFilter - >>> [JwtFilter] Processing request: GET /api/v1/menu/left
2026-03-16 17:16:45 [http-nio-8080-exec-17] DEBUG c.c.p.s.jwt.JwtAuthenticationFilter - >>> [JwtFilter] Found token in header for path: /api/v1/menu/left
2026-03-16 17:16:45 [http-nio-8080-exec-13] DEBUG c.c.p.s.jwt.JwtAuthenticationFilter - >>> [JwtFilter] Found token in header for path: /api/v1/menu/left
2026-03-16 17:16:45 [http-nio-8080-exec-10] DEBUG o.s.orm.jpa.JpaTransactionManager - Creating new transaction with name [com.company.project.security.iam.CustomUserDetailsService.loadUserByUsername]: PROPAGATION_REQUIRED,ISOLATION_DEFAULT,readOnly
2026-03-16 17:16:45 [http-nio-8080-exec-10] DEBUG o.s.orm.jpa.JpaTransactionManager - Opened new EntityManager [SessionImpl(711824818<open>)] for JPA transaction
2026-03-16 17:16:45 [http-nio-8080-exec-10] DEBUG o.s.orm.jpa.JpaTransactionManager - Exposing JPA transaction as JDBC [org.springframework.orm.jpa.vendor.HibernateJpaDialect$HibernateConnectionHandle@131db73d]
2026-03-16 17:16:45 [http-nio-8080-exec-13] DEBUG o.s.orm.jpa.JpaTransactionManager - Creating new transaction with name [com.company.project.security.iam.CustomUserDetailsService.loadUserByUsername]: PROPAGATION_REQUIRED,ISOLATION_DEFAULT,readOnly
2026-03-16 17:16:45 [http-nio-8080-exec-10] DEBUG o.s.orm.jpa.JpaTransactionManager - Found thread-bound EntityManager [SessionImpl(711824818<open>)] for JPA transaction
2026-03-16 17:16:45 [http-nio-8080-exec-10] DEBUG o.s.orm.jpa.JpaTransactionManager - Participating in existing transaction
2026-03-16 17:16:45 [http-nio-8080-exec-17] DEBUG o.s.orm.jpa.JpaTransactionManager - Creating new transaction with name [com.company.project.security.iam.CustomUserDetailsService.loadUserByUsername]: PROPAGATION_REQUIRED,ISOLATION_DEFAULT,readOnly
2026-03-16 17:16:45 [http-nio-8080-exec-13] DEBUG o.s.orm.jpa.JpaTransactionManager - Opened new EntityManager [SessionImpl(2036620173<open>)] for JPA transaction
2026-03-16 17:16:45 [http-nio-8080-exec-13] DEBUG o.s.orm.jpa.JpaTransactionManager - Exposing JPA transaction as JDBC [org.springframework.orm.jpa.vendor.HibernateJpaDialect$HibernateConnectionHandle@e987fae]
2026-03-16 17:16:45 [http-nio-8080-exec-13] DEBUG o.s.orm.jpa.JpaTransactionManager - Found thread-bound EntityManager [SessionImpl(2036620173<open>)] for JPA transaction
2026-03-16 17:16:45 [http-nio-8080-exec-13] DEBUG o.s.orm.jpa.JpaTransactionManager - Participating in existing transaction
2026-03-16 17:16:45 [http-nio-8080-exec-13] DEBUG org.hibernate.SQL - select u1_0.emplyr_id,u1_0.area_no,u1_0.brthdy,u1_0.chg_pwd_cnt,u1_0.frst_register_id,u1_0.frst_regist_pnttm,u1_0.detail_adres,u1_0.email_adres,u1_0.emplyr_sttus_code,u1_0.empl_no,u1_0.esntl_id,u1_0.fxnum,u1_0.group_id,u1_0.house_adres,u1_0.house_end_telno,u1_0.house_middle_telno,u1_0.ihidnum,u1_0.pstinst_code,u1_0.last_updusr_id,u1_0.last_updt_pnttm,u1_0.lock_at,u1_0.lock_cnt,u1_0.lock_last_pnttm,u1_0.mbtlnum,u1_0.ofcps_nm,u1_0.offm_telno,u1_0.orgnzt_id,u1_0.password,u1_0.password_cnsr,u1_0.password_hint,u1_0.chg_pwd_last_pnttm,u1_0.role,u1_0.sbscrb_de,u1_0.sexdstn_code,u1_0.crtfc_dn_value,u1_0.user_nm,u1_0.zip from nemplyrinfo u1_0 where u1_0.emplyr_id=?
2026-03-16 17:16:45 [http-nio-8080-exec-17] DEBUG o.s.orm.jpa.JpaTransactionManager - Opened new EntityManager [SessionImpl(872562811<open>)] for JPA transaction
2026-03-16 17:16:45 [http-nio-8080-exec-10] DEBUG org.hibernate.SQL - select u1_0.emplyr_id,u1_0.area_no,u1_0.brthdy,u1_0.chg_pwd_cnt,u1_0.frst_register_id,u1_0.frst_regist_pnttm,u1_0.detail_adres,u1_0.email_adres,u1_0.emplyr_sttus_code,u1_0.empl_no,u1_0.esntl_id,u1_0.fxnum,u1_0.group_id,u1_0.house_adres,u1_0.house_end_telno,u1_0.house_middle_telno,u1_0.ihidnum,u1_0.pstinst_code,u1_0.last_updusr_id,u1_0.last_updt_pnttm,u1_0.lock_at,u1_0.lock_cnt,u1_0.lock_last_pnttm,u1_0.mbtlnum,u1_0.ofcps_nm,u1_0.offm_telno,u1_0.orgnzt_id,u1_0.password,u1_0.password_cnsr,u1_0.password_hint,u1_0.chg_pwd_last_pnttm,u1_0.role,u1_0.sbscrb_de,u1_0.sexdstn_code,u1_0.crtfc_dn_value,u1_0.user_nm,u1_0.zip from nemplyrinfo u1_0 where u1_0.emplyr_id=?
2026-03-16 17:16:45 [http-nio-8080-exec-12] DEBUG o.s.orm.jpa.JpaTransactionManager - Exposing JPA transaction as JDBC [org.springframework.orm.jpa.vendor.HibernateJpaDialect$HibernateConnectionHandle@46cf29ce]
2026-03-16 17:16:45 [http-nio-8080-exec-12] DEBUG o.s.orm.jpa.JpaTransactionManager - Found thread-bound EntityManager [SessionImpl(94150413<open>)] for JPA transaction
2026-03-16 17:16:45 [http-nio-8080-exec-12] DEBUG o.s.orm.jpa.JpaTransactionManager - Participating in existing transaction
2026-03-16 17:16:45 [http-nio-8080-exec-12] DEBUG org.hibernate.SQL - select u1_0.emplyr_id,u1_0.area_no,u1_0.brthdy,u1_0.chg_pwd_cnt,u1_0.frst_register_id,u1_0.frst_regist_pnttm,u1_0.detail_adres,u1_0.email_adres,u1_0.emplyr_sttus_code,u1_0.empl_no,u1_0.esntl_id,u1_0.fxnum,u1_0.group_id,u1_0.house_adres,u1_0.house_end_telno,u1_0.house_middle_telno,u1_0.ihidnum,u1_0.pstinst_code,u1_0.last_updusr_id,u1_0.last_updt_pnttm,u1_0.lock_at,u1_0.lock_cnt,u1_0.lock_last_pnttm,u1_0.mbtlnum,u1_0.ofcps_nm,u1_0.offm_telno,u1_0.orgnzt_id,u1_0.password,u1_0.password_cnsr,u1_0.password_hint,u1_0.chg_pwd_last_pnttm,u1_0.role,u1_0.sbscrb_de,u1_0.sexdstn_code,u1_0.crtfc_dn_value,u1_0.user_nm,u1_0.zip from nemplyrinfo u1_0 where u1_0.emplyr_id=?
2026-03-16 17:16:45 [http-nio-8080-exec-19] DEBUG o.s.orm.jpa.JpaTransactionManager - Exposing JPA transaction as JDBC [org.springframework.orm.jpa.vendor.HibernateJpaDialect$HibernateConnectionHandle@bdcc0be]
2026-03-16 17:16:45 [http-nio-8080-exec-19] DEBUG o.s.orm.jpa.JpaTransactionManager - Found thread-bound EntityManager [SessionImpl(699706603<open>)] for JPA transaction
2026-03-16 17:16:45 [http-nio-8080-exec-19] DEBUG o.s.orm.jpa.JpaTransactionManager - Participating in existing transaction
2026-03-16 17:16:45 [http-nio-8080-exec-19] DEBUG org.hibernate.SQL - select u1_0.emplyr_id,u1_0.area_no,u1_0.brthdy,u1_0.chg_pwd_cnt,u1_0.frst_register_id,u1_0.frst_regist_pnttm,u1_0.detail_adres,u1_0.email_adres,u1_0.emplyr_sttus_code,u1_0.empl_no,u1_0.esntl_id,u1_0.fxnum,u1_0.group_id,u1_0.house_adres,u1_0.house_end_telno,u1_0.house_middle_telno,u1_0.ihidnum,u1_0.pstinst_code,u1_0.last_updusr_id,u1_0.last_updt_pnttm,u1_0.lock_at,u1_0.lock_cnt,u1_0.lock_last_pnttm,u1_0.mbtlnum,u1_0.ofcps_nm,u1_0.offm_telno,u1_0.orgnzt_id,u1_0.password,u1_0.password_cnsr,u1_0.password_hint,u1_0.chg_pwd_last_pnttm,u1_0.role,u1_0.sbscrb_de,u1_0.sexdstn_code,u1_0.crtfc_dn_value,u1_0.user_nm,u1_0.zip from nemplyrinfo u1_0 where u1_0.emplyr_id=?
2026-03-16 17:16:45 [http-nio-8080-exec-9] DEBUG o.s.orm.jpa.JpaTransactionManager - Exposing JPA transaction as JDBC [org.springframework.orm.jpa.vendor.HibernateJpaDialect$HibernateConnectionHandle@20cfd77a]
2026-03-16 17:16:45 [http-nio-8080-exec-3] DEBUG o.s.orm.jpa.JpaTransactionManager - Exposing JPA transaction as JDBC [org.springframework.orm.jpa.vendor.HibernateJpaDialect$HibernateConnectionHandle@2d4ed4e8]
2026-03-16 17:16:45 [http-nio-8080-exec-8] DEBUG o.s.orm.jpa.JpaTransactionManager - Exposing JPA transaction as JDBC [org.springframework.orm.jpa.vendor.HibernateJpaDialect$HibernateConnectionHandle@57f4f16]
2026-03-16 17:16:45 [http-nio-8080-exec-9] DEBUG o.s.orm.jpa.JpaTransactionManager - Found thread-bound EntityManager [SessionImpl(14203205<open>)] for JPA transaction
2026-03-16 17:16:45 [http-nio-8080-exec-8] DEBUG o.s.orm.jpa.JpaTransactionManager - Found thread-bound EntityManager [SessionImpl(45909289<open>)] for JPA transaction
2026-03-16 17:16:45 [http-nio-8080-exec-3] DEBUG o.s.orm.jpa.JpaTransactionManager - Found thread-bound EntityManager [SessionImpl(1656044579<open>)] for JPA transaction
2026-03-16 17:16:45 [http-nio-8080-exec-8] DEBUG o.s.orm.jpa.JpaTransactionManager - Participating in existing transaction
2026-03-16 17:16:45 [http-nio-8080-exec-9] DEBUG o.s.orm.jpa.JpaTransactionManager - Participating in existing transaction
2026-03-16 17:16:45 [http-nio-8080-exec-3] DEBUG o.s.orm.jpa.JpaTransactionManager - Participating in existing transaction
2026-03-16 17:16:45 [http-nio-8080-exec-8] DEBUG org.hibernate.SQL - select u1_0.emplyr_id,u1_0.area_no,u1_0.brthdy,u1_0.chg_pwd_cnt,u1_0.frst_register_id,u1_0.frst_regist_pnttm,u1_0.detail_adres,u1_0.email_adres,u1_0.emplyr_sttus_code,u1_0.empl_no,u1_0.esntl_id,u1_0.fxnum,u1_0.group_id,u1_0.house_adres,u1_0.house_end_telno,u1_0.house_middle_telno,u1_0.ihidnum,u1_0.pstinst_code,u1_0.last_updusr_id,u1_0.last_updt_pnttm,u1_0.lock_at,u1_0.lock_cnt,u1_0.lock_last_pnttm,u1_0.mbtlnum,u1_0.ofcps_nm,u1_0.offm_telno,u1_0.orgnzt_id,u1_0.password,u1_0.password_cnsr,u1_0.password_hint,u1_0.chg_pwd_last_pnttm,u1_0.role,u1_0.sbscrb_de,u1_0.sexdstn_code,u1_0.crtfc_dn_value,u1_0.user_nm,u1_0.zip from nemplyrinfo u1_0 where u1_0.emplyr_id=?
2026-03-16 17:16:45 [http-nio-8080-exec-3] DEBUG org.hibernate.SQL - select u1_0.emplyr_id,u1_0.area_no,u1_0.brthdy,u1_0.chg_pwd_cnt,u1_0.frst_register_id,u1_0.frst_regist_pnttm,u1_0.detail_adres,u1_0.email_adres,u1_0.emplyr_sttus_code,u1_0.empl_no,u1_0.esntl_id,u1_0.fxnum,u1_0.group_id,u1_0.house_adres,u1_0.house_end_telno,u1_0.house_middle_telno,u1_0.ihidnum,u1_0.pstinst_code,u1_0.last_updusr_id,u1_0.last_updt_pnttm,u1_0.lock_at,u1_0.lock_cnt,u1_0.lock_last_pnttm,u1_0.mbtlnum,u1_0.ofcps_nm,u1_0.offm_telno,u1_0.orgnzt_id,u1_0.password,u1_0.password_cnsr,u1_0.password_hint,u1_0.chg_pwd_last_pnttm,u1_0.role,u1_0.sbscrb_de,u1_0.sexdstn_code,u1_0.crtfc_dn_value,u1_0.user_nm,u1_0.zip from nemplyrinfo u1_0 where u1_0.emplyr_id=?
2026-03-16 17:16:45 [http-nio-8080-exec-9] DEBUG org.hibernate.SQL - select u1_0.emplyr_id,u1_0.area_no,u1_0.brthdy,u1_0.chg_pwd_cnt,u1_0.frst_register_id,u1_0.frst_regist_pnttm,u1_0.detail_adres,u1_0.email_adres,u1_0.emplyr_sttus_code,u1_0.empl_no,u1_0.esntl_id,u1_0.fxnum,u1_0.group_id,u1_0.house_adres,u1_0.house_end_telno,u1_0.house_middle_telno,u1_0.ihidnum,u1_0.pstinst_code,u1_0.last_updusr_id,u1_0.last_updt_pnttm,u1_0.lock_at,u1_0.lock_cnt,u1_0.lock_last_pnttm,u1_0.mbtlnum,u1_0.ofcps_nm,u1_0.offm_telno,u1_0.orgnzt_id,u1_0.password,u1_0.password_cnsr,u1_0.password_hint,u1_0.chg_pwd_last_pnttm,u1_0.role,u1_0.sbscrb_de,u1_0.sexdstn_code,u1_0.crtfc_dn_value,u1_0.user_nm,u1_0.zip from nemplyrinfo u1_0 where u1_0.emplyr_id=?
2026-03-16 17:16:45 [http-nio-8080-exec-2] DEBUG o.s.orm.jpa.JpaTransactionManager - Exposing JPA transaction as JDBC [org.springframework.orm.jpa.vendor.HibernateJpaDialect$HibernateConnectionHandle@e0db397]
2026-03-16 17:16:45 [http-nio-8080-exec-2] DEBUG o.s.orm.jpa.JpaTransactionManager - Found thread-bound EntityManager [SessionImpl(1736902461<open>)] for JPA transaction
2026-03-16 17:16:45 [http-nio-8080-exec-2] DEBUG o.s.orm.jpa.JpaTransactionManager - Participating in existing transaction
2026-03-16 17:16:45 [http-nio-8080-exec-2] DEBUG org.hibernate.SQL - select u1_0.emplyr_id,u1_0.area_no,u1_0.brthdy,u1_0.chg_pwd_cnt,u1_0.frst_register_id,u1_0.frst_regist_pnttm,u1_0.detail_adres,u1_0.email_adres,u1_0.emplyr_sttus_code,u1_0.empl_no,u1_0.esntl_id,u1_0.fxnum,u1_0.group_id,u1_0.house_adres,u1_0.house_end_telno,u1_0.house_middle_telno,u1_0.ihidnum,u1_0.pstinst_code,u1_0.last_updusr_id,u1_0.last_updt_pnttm,u1_0.lock_at,u1_0.lock_cnt,u1_0.lock_last_pnttm,u1_0.mbtlnum,u1_0.ofcps_nm,u1_0.offm_telno,u1_0.orgnzt_id,u1_0.password,u1_0.password_cnsr,u1_0.password_hint,u1_0.chg_pwd_last_pnttm,u1_0.role,u1_0.sbscrb_de,u1_0.sexdstn_code,u1_0.crtfc_dn_value,u1_0.user_nm,u1_0.zip from nemplyrinfo u1_0 where u1_0.emplyr_id=?
2026-03-16 17:16:45 [http-nio-8080-exec-15] DEBUG o.s.orm.jpa.JpaTransactionManager - Exposing JPA transaction as JDBC [org.springframework.orm.jpa.vendor.HibernateJpaDialect$HibernateConnectionHandle@52d123a7]
2026-03-16 17:16:45 [http-nio-8080-exec-15] DEBUG o.s.orm.jpa.JpaTransactionManager - Found thread-bound EntityManager [SessionImpl(256273809<open>)] for JPA transaction
2026-03-16 17:16:45 [http-nio-8080-exec-15] DEBUG o.s.orm.jpa.JpaTransactionManager - Participating in existing transaction
2026-03-16 17:16:45 [http-nio-8080-exec-15] DEBUG org.hibernate.SQL - select u1_0.emplyr_id,u1_0.area_no,u1_0.brthdy,u1_0.chg_pwd_cnt,u1_0.frst_register_id,u1_0.frst_regist_pnttm,u1_0.detail_adres,u1_0.email_adres,u1_0.emplyr_sttus_code,u1_0.empl_no,u1_0.esntl_id,u1_0.fxnum,u1_0.group_id,u1_0.house_adres,u1_0.house_end_telno,u1_0.house_middle_telno,u1_0.ihidnum,u1_0.pstinst_code,u1_0.last_updusr_id,u1_0.last_updt_pnttm,u1_0.lock_at,u1_0.lock_cnt,u1_0.lock_last_pnttm,u1_0.mbtlnum,u1_0.ofcps_nm,u1_0.offm_telno,u1_0.orgnzt_id,u1_0.password,u1_0.password_cnsr,u1_0.password_hint,u1_0.chg_pwd_last_pnttm,u1_0.role,u1_0.sbscrb_de,u1_0.sexdstn_code,u1_0.crtfc_dn_value,u1_0.user_nm,u1_0.zip from nemplyrinfo u1_0 where u1_0.emplyr_id=?
2026-03-16 17:16:45 [http-nio-8080-exec-10] DEBUG o.s.orm.jpa.JpaTransactionManager - Found thread-bound EntityManager [SessionImpl(711824818<open>)] for JPA transaction
2026-03-16 17:16:45 [http-nio-8080-exec-10] DEBUG o.s.orm.jpa.JpaTransactionManager - Participating in existing transaction
2026-03-16 17:16:45 [http-nio-8080-exec-10] DEBUG org.hibernate.SQL - select ua1_0.scrty_dtrmn_trget_id,ua1_0.author_code,ua1_0.frst_register_id,ua1_0.frst_regist_pnttm,ua1_0.last_updusr_id,ua1_0.last_updt_pnttm,ua1_0.mber_ty_code from nemplyrscrtyestbs ua1_0 where ua1_0.scrty_dtrmn_trget_id=?
2026-03-16 17:16:45 [http-nio-8080-exec-17] DEBUG o.s.orm.jpa.JpaTransactionManager - Exposing JPA transaction as JDBC [org.springframework.orm.jpa.vendor.HibernateJpaDialect$HibernateConnectionHandle@6ef3dd9f]
2026-03-16 17:16:45 [http-nio-8080-exec-17] DEBUG o.s.orm.jpa.JpaTransactionManager - Found thread-bound EntityManager [SessionImpl(872562811<open>)] for JPA transaction
2026-03-16 17:16:45 [http-nio-8080-exec-17] DEBUG o.s.orm.jpa.JpaTransactionManager - Participating in existing transaction
2026-03-16 17:16:45 [http-nio-8080-exec-17] DEBUG org.hibernate.SQL - select u1_0.emplyr_id,u1_0.area_no,u1_0.brthdy,u1_0.chg_pwd_cnt,u1_0.frst_register_id,u1_0.frst_regist_pnttm,u1_0.detail_adres,u1_0.email_adres,u1_0.emplyr_sttus_code,u1_0.empl_no,u1_0.esntl_id,u1_0.fxnum,u1_0.group_id,u1_0.house_adres,u1_0.house_end_telno,u1_0.house_middle_telno,u1_0.ihidnum,u1_0.pstinst_code,u1_0.last_updusr_id,u1_0.last_updt_pnttm,u1_0.lock_at,u1_0.lock_cnt,u1_0.lock_last_pnttm,u1_0.mbtlnum,u1_0.ofcps_nm,u1_0.offm_telno,u1_0.orgnzt_id,u1_0.password,u1_0.password_cnsr,u1_0.password_hint,u1_0.chg_pwd_last_pnttm,u1_0.role,u1_0.sbscrb_de,u1_0.sexdstn_code,u1_0.crtfc_dn_value,u1_0.user_nm,u1_0.zip from nemplyrinfo u1_0 where u1_0.emplyr_id=?
2026-03-16 17:16:45 [http-nio-8080-exec-13] DEBUG o.s.orm.jpa.JpaTransactionManager - Found thread-bound EntityManager [SessionImpl(2036620173<open>)] for JPA transaction
2026-03-16 17:16:45 [http-nio-8080-exec-13] DEBUG o.s.orm.jpa.JpaTransactionManager - Participating in existing transaction
2026-03-16 17:16:45 [http-nio-8080-exec-13] DEBUG org.hibernate.SQL - select ua1_0.scrty_dtrmn_trget_id,ua1_0.author_code,ua1_0.frst_register_id,ua1_0.frst_regist_pnttm,ua1_0.last_updusr_id,ua1_0.last_updt_pnttm,ua1_0.mber_ty_code from nemplyrscrtyestbs ua1_0 where ua1_0.scrty_dtrmn_trget_id=?
2026-03-16 17:16:45 [http-nio-8080-exec-12] DEBUG o.s.orm.jpa.JpaTransactionManager - Found thread-bound EntityManager [SessionImpl(94150413<open>)] for JPA transaction
2026-03-16 17:16:45 [http-nio-8080-exec-12] DEBUG o.s.orm.jpa.JpaTransactionManager - Participating in existing transaction
2026-03-16 17:16:45 [http-nio-8080-exec-12] DEBUG org.hibernate.SQL - select ua1_0.scrty_dtrmn_trget_id,ua1_0.author_code,ua1_0.frst_register_id,ua1_0.frst_regist_pnttm,ua1_0.last_updusr_id,ua1_0.last_updt_pnttm,ua1_0.mber_ty_code from nemplyrscrtyestbs ua1_0 where ua1_0.scrty_dtrmn_trget_id=?
2026-03-16 17:16:45 [http-nio-8080-exec-19] DEBUG o.s.orm.jpa.JpaTransactionManager - Found thread-bound EntityManager [SessionImpl(699706603<open>)] for JPA transaction
2026-03-16 17:16:45 [http-nio-8080-exec-19] DEBUG o.s.orm.jpa.JpaTransactionManager - Participating in existing transaction
2026-03-16 17:16:45 [http-nio-8080-exec-19] DEBUG org.hibernate.SQL - select ua1_0.scrty_dtrmn_trget_id,ua1_0.author_code,ua1_0.frst_register_id,ua1_0.frst_regist_pnttm,ua1_0.last_updusr_id,ua1_0.last_updt_pnttm,ua1_0.mber_ty_code from nemplyrscrtyestbs ua1_0 where ua1_0.scrty_dtrmn_trget_id=?
2026-03-16 17:16:45 [http-nio-8080-exec-3] DEBUG o.s.orm.jpa.JpaTransactionManager - Found thread-bound EntityManager [SessionImpl(1656044579<open>)] for JPA transaction
2026-03-16 17:16:45 [http-nio-8080-exec-3] DEBUG o.s.orm.jpa.JpaTransactionManager - Participating in existing transaction
2026-03-16 17:16:45 [http-nio-8080-exec-3] DEBUG org.hibernate.SQL - select ua1_0.scrty_dtrmn_trget_id,ua1_0.author_code,ua1_0.frst_register_id,ua1_0.frst_regist_pnttm,ua1_0.last_updusr_id,ua1_0.last_updt_pnttm,ua1_0.mber_ty_code from nemplyrscrtyestbs ua1_0 where ua1_0.scrty_dtrmn_trget_id=?
2026-03-16 17:16:45 [http-nio-8080-exec-8] DEBUG o.s.orm.jpa.JpaTransactionManager - Found thread-bound EntityManager [SessionImpl(45909289<open>)] for JPA transaction
2026-03-16 17:16:45 [http-nio-8080-exec-8] DEBUG o.s.orm.jpa.JpaTransactionManager - Participating in existing transaction
2026-03-16 17:16:45 [http-nio-8080-exec-8] DEBUG org.hibernate.SQL - select ua1_0.scrty_dtrmn_trget_id,ua1_0.author_code,ua1_0.frst_register_id,ua1_0.frst_regist_pnttm,ua1_0.last_updusr_id,ua1_0.last_updt_pnttm,ua1_0.mber_ty_code from nemplyrscrtyestbs ua1_0 where ua1_0.scrty_dtrmn_trget_id=?
2026-03-16 17:16:45 [http-nio-8080-exec-9] DEBUG o.s.orm.jpa.JpaTransactionManager - Found thread-bound EntityManager [SessionImpl(14203205<open>)] for JPA transaction
2026-03-16 17:16:45 [http-nio-8080-exec-9] DEBUG o.s.orm.jpa.JpaTransactionManager - Participating in existing transaction
2026-03-16 17:16:45 [http-nio-8080-exec-9] DEBUG org.hibernate.SQL - select ua1_0.scrty_dtrmn_trget_id,ua1_0.author_code,ua1_0.frst_register_id,ua1_0.frst_regist_pnttm,ua1_0.last_updusr_id,ua1_0.last_updt_pnttm,ua1_0.mber_ty_code from nemplyrscrtyestbs ua1_0 where ua1_0.scrty_dtrmn_trget_id=?
2026-03-16 17:16:45 [http-nio-8080-exec-2] DEBUG o.s.orm.jpa.JpaTransactionManager - Found thread-bound EntityManager [SessionImpl(1736902461<open>)] for JPA transaction
2026-03-16 17:16:45 [http-nio-8080-exec-2] DEBUG o.s.orm.jpa.JpaTransactionManager - Participating in existing transaction
2026-03-16 17:16:45 [http-nio-8080-exec-2] DEBUG org.hibernate.SQL - select ua1_0.scrty_dtrmn_trget_id,ua1_0.author_code,ua1_0.frst_register_id,ua1_0.frst_regist_pnttm,ua1_0.last_updusr_id,ua1_0.last_updt_pnttm,ua1_0.mber_ty_code from nemplyrscrtyestbs ua1_0 where ua1_0.scrty_dtrmn_trget_id=?
2026-03-16 17:16:45 [http-nio-8080-exec-15] DEBUG o.s.orm.jpa.JpaTransactionManager - Found thread-bound EntityManager [SessionImpl(256273809<open>)] for JPA transaction
2026-03-16 17:16:45 [http-nio-8080-exec-15] DEBUG o.s.orm.jpa.JpaTransactionManager - Participating in existing transaction
2026-03-16 17:16:45 [http-nio-8080-exec-15] DEBUG org.hibernate.SQL - select ua1_0.scrty_dtrmn_trget_id,ua1_0.author_code,ua1_0.frst_register_id,ua1_0.frst_regist_pnttm,ua1_0.last_updusr_id,ua1_0.last_updt_pnttm,ua1_0.mber_ty_code from nemplyrscrtyestbs ua1_0 where ua1_0.scrty_dtrmn_trget_id=?
2026-03-16 17:16:45 [http-nio-8080-exec-10] DEBUG o.s.orm.jpa.JpaTransactionManager - Initiating transaction commit
2026-03-16 17:16:45 [http-nio-8080-exec-10] DEBUG o.s.orm.jpa.JpaTransactionManager - Committing JPA transaction on EntityManager [SessionImpl(711824818<open>)]
2026-03-16 17:16:45 [http-nio-8080-exec-17] DEBUG o.s.orm.jpa.JpaTransactionManager - Found thread-bound EntityManager [SessionImpl(872562811<open>)] for JPA transaction
2026-03-16 17:16:45 [http-nio-8080-exec-13] DEBUG o.s.orm.jpa.JpaTransactionManager - Initiating transaction commit
2026-03-16 17:16:45 [http-nio-8080-exec-17] DEBUG o.s.orm.jpa.JpaTransactionManager - Participating in existing transaction
2026-03-16 17:16:45 [http-nio-8080-exec-13] DEBUG o.s.orm.jpa.JpaTransactionManager - Committing JPA transaction on EntityManager [SessionImpl(2036620173<open>)]
2026-03-16 17:16:45 [http-nio-8080-exec-17] DEBUG org.hibernate.SQL - select ua1_0.scrty_dtrmn_trget_id,ua1_0.author_code,ua1_0.frst_register_id,ua1_0.frst_regist_pnttm,ua1_0.last_updusr_id,ua1_0.last_updt_pnttm,ua1_0.mber_ty_code from nemplyrscrtyestbs ua1_0 where ua1_0.scrty_dtrmn_trget_id=?
2026-03-16 17:16:45 [http-nio-8080-exec-12] DEBUG o.s.orm.jpa.JpaTransactionManager - Initiating transaction commit
2026-03-16 17:16:45 [http-nio-8080-exec-12] DEBUG o.s.orm.jpa.JpaTransactionManager - Committing JPA transaction on EntityManager [SessionImpl(94150413<open>)]
2026-03-16 17:16:45 [http-nio-8080-exec-19] DEBUG o.s.orm.jpa.JpaTransactionManager - Initiating transaction commit
2026-03-16 17:16:45 [http-nio-8080-exec-19] DEBUG o.s.orm.jpa.JpaTransactionManager - Committing JPA transaction on EntityManager [SessionImpl(699706603<open>)]
2026-03-16 17:16:45 [http-nio-8080-exec-3] DEBUG o.s.orm.jpa.JpaTransactionManager - Initiating transaction commit
2026-03-16 17:16:45 [http-nio-8080-exec-3] DEBUG o.s.orm.jpa.JpaTransactionManager - Committing JPA transaction on EntityManager [SessionImpl(1656044579<open>)]
2026-03-16 17:16:45 [http-nio-8080-exec-9] DEBUG o.s.orm.jpa.JpaTransactionManager - Initiating transaction commit
2026-03-16 17:16:45 [http-nio-8080-exec-8] DEBUG o.s.orm.jpa.JpaTransactionManager - Initiating transaction commit
2026-03-16 17:16:45 [http-nio-8080-exec-9] DEBUG o.s.orm.jpa.JpaTransactionManager - Committing JPA transaction on EntityManager [SessionImpl(14203205<open>)]
2026-03-16 17:16:45 [http-nio-8080-exec-8] DEBUG o.s.orm.jpa.JpaTransactionManager - Committing JPA transaction on EntityManager [SessionImpl(45909289<open>)]
2026-03-16 17:16:45 [http-nio-8080-exec-2] DEBUG o.s.orm.jpa.JpaTransactionManager - Initiating transaction commit
2026-03-16 17:16:45 [http-nio-8080-exec-2] DEBUG o.s.orm.jpa.JpaTransactionManager - Committing JPA transaction on EntityManager [SessionImpl(1736902461<open>)]
2026-03-16 17:16:45 [http-nio-8080-exec-15] DEBUG o.s.orm.jpa.JpaTransactionManager - Initiating transaction commit
2026-03-16 17:16:45 [http-nio-8080-exec-10] DEBUG o.s.orm.jpa.JpaTransactionManager - Closing JPA EntityManager [SessionImpl(711824818<open>)] after transaction
2026-03-16 17:16:45 [http-nio-8080-exec-15] DEBUG o.s.orm.jpa.JpaTransactionManager - Committing JPA transaction on EntityManager [SessionImpl(256273809<open>)]
2026-03-16 17:16:45 [http-nio-8080-exec-10] DEBUG c.c.p.s.jwt.JwtAuthenticationFilter - >>> [JwtFilter] Successfully authenticated user: USRCNFRM_99999999999, Authorities: [ROLE_ADMIN]
2026-03-16 17:16:45 [http-nio-8080-exec-10] DEBUG o.s.web.servlet.DispatcherServlet - GET "/api/v1/menu/left?menuNo=50", parameters={masked}
2026-03-16 17:16:45 [http-nio-8080-exec-10] TRACE o.s.w.s.m.m.a.RequestMappingHandlerMapping - Mapped to com.company.project.api.controller.menu.MenuController#getLeftMenu(Long)
2026-03-16 17:16:45 [http-nio-8080-exec-10] INFO  c.c.p.a.c.menu.MenuController - getLeftMenu called with menuNo=50
2026-03-16 17:16:45 [http-nio-8080-exec-10] DEBUG o.s.orm.jpa.JpaTransactionManager - Creating new transaction with name [com.company.project.service.menu.MenuService.getSubMenus]: PROPAGATION_REQUIRED,ISOLATION_DEFAULT,readOnly
2026-03-16 17:16:45 [http-nio-8080-exec-10] DEBUG o.s.orm.jpa.JpaTransactionManager - Opened new EntityManager [SessionImpl(769294593<open>)] for JPA transaction
2026-03-16 17:16:45 [http-nio-8080-exec-10] DEBUG o.s.orm.jpa.JpaTransactionManager - Exposing JPA transaction as JDBC [org.springframework.orm.jpa.vendor.HibernateJpaDialect$HibernateConnectionHandle@55eb83d1]
2026-03-16 17:16:45 [http-nio-8080-exec-10] DEBUG org.hibernate.SQL - select m1_0.menu_no,m1_0.menu_dc,m1_0.menu_nm,m1_0.menu_ordr,m1_0.modern_route,m1_0.progrm_file_nm,m1_0.relate_image_nm,m1_0.relate_image_path,m1_0.route_updated_at,m1_0.upper_menu_no from nmenuinfo m1_0 order by m1_0.upper_menu_no,m1_0.menu_ordr
2026-03-16 17:16:45 [http-nio-8080-exec-13] DEBUG o.s.orm.jpa.JpaTransactionManager - Closing JPA EntityManager [SessionImpl(2036620173<open>)] after transaction
2026-03-16 17:16:45 [http-nio-8080-exec-13] DEBUG c.c.p.s.jwt.JwtAuthenticationFilter - >>> [JwtFilter] Successfully authenticated user: USRCNFRM_99999999999, Authorities: [ROLE_ADMIN]
2026-03-16 17:16:45 [http-nio-8080-exec-17] DEBUG o.s.orm.jpa.JpaTransactionManager - Initiating transaction commit
2026-03-16 17:16:45 [http-nio-8080-exec-13] DEBUG o.s.web.servlet.DispatcherServlet - GET "/api/v1/menu/left?menuNo=60", parameters={masked}
2026-03-16 17:16:45 [http-nio-8080-exec-17] DEBUG o.s.orm.jpa.JpaTransactionManager - Committing JPA transaction on EntityManager [SessionImpl(872562811<open>)]
2026-03-16 17:16:45 [http-nio-8080-exec-13] TRACE o.s.w.s.m.m.a.RequestMappingHandlerMapping - Mapped to com.company.project.api.controller.menu.MenuController#getLeftMenu(Long)
2026-03-16 17:16:45 [http-nio-8080-exec-13] INFO  c.c.p.a.c.menu.MenuController - getLeftMenu called with menuNo=60
2026-03-16 17:16:45 [http-nio-8080-exec-13] DEBUG o.s.orm.jpa.JpaTransactionManager - Creating new transaction with name [com.company.project.service.menu.MenuService.getSubMenus]: PROPAGATION_REQUIRED,ISOLATION_DEFAULT,readOnly
2026-03-16 17:16:45 [http-nio-8080-exec-13] DEBUG o.s.orm.jpa.JpaTransactionManager - Opened new EntityManager [SessionImpl(465415069<open>)] for JPA transaction
2026-03-16 17:16:45 [http-nio-8080-exec-13] DEBUG o.s.orm.jpa.JpaTransactionManager - Exposing JPA transaction as JDBC [org.springframework.orm.jpa.vendor.HibernateJpaDialect$HibernateConnectionHandle@6cc66c2c]
2026-03-16 17:16:45 [http-nio-8080-exec-13] DEBUG org.hibernate.SQL - select m1_0.menu_no,m1_0.menu_dc,m1_0.menu_nm,m1_0.menu_ordr,m1_0.modern_route,m1_0.progrm_file_nm,m1_0.relate_image_nm,m1_0.relate_image_path,m1_0.route_updated_at,m1_0.upper_menu_no from nmenuinfo m1_0 order by m1_0.upper_menu_no,m1_0.menu_ordr
2026-03-16 17:16:45 [http-nio-8080-exec-19] DEBUG o.s.orm.jpa.JpaTransactionManager - Closing JPA EntityManager [SessionImpl(699706603<open>)] after transaction
2026-03-16 17:16:45 [http-nio-8080-exec-12] DEBUG o.s.orm.jpa.JpaTransactionManager - Closing JPA EntityManager [SessionImpl(94150413<open>)] after transaction
2026-03-16 17:16:45 [http-nio-8080-exec-19] DEBUG c.c.p.s.jwt.JwtAuthenticationFilter - >>> [JwtFilter] Successfully authenticated user: USRCNFRM_99999999999, Authorities: [ROLE_ADMIN]
2026-03-16 17:16:45 [http-nio-8080-exec-12] DEBUG c.c.p.s.jwt.JwtAuthenticationFilter - >>> [JwtFilter] Successfully authenticated user: USRCNFRM_99999999999, Authorities: [ROLE_ADMIN]
2026-03-16 17:16:45 [http-nio-8080-exec-19] DEBUG o.s.web.servlet.DispatcherServlet - GET "/api/v1/menu/left?menuNo=40", parameters={masked}
2026-03-16 17:16:45 [http-nio-8080-exec-12] DEBUG o.s.web.servlet.DispatcherServlet - GET "/api/v1/menu/left?menuNo=10", parameters={masked}
2026-03-16 17:16:45 [http-nio-8080-exec-19] TRACE o.s.w.s.m.m.a.RequestMappingHandlerMapping - Mapped to com.company.project.api.controller.menu.MenuController#getLeftMenu(Long)
2026-03-16 17:16:45 [http-nio-8080-exec-12] TRACE o.s.w.s.m.m.a.RequestMappingHandlerMapping - Mapped to com.company.project.api.controller.menu.MenuController#getLeftMenu(Long)
2026-03-16 17:16:45 [http-nio-8080-exec-19] INFO  c.c.p.a.c.menu.MenuController - getLeftMenu called with menuNo=40
2026-03-16 17:16:45 [http-nio-8080-exec-12] INFO  c.c.p.a.c.menu.MenuController - getLeftMenu called with menuNo=10
2026-03-16 17:16:45 [http-nio-8080-exec-19] DEBUG o.s.orm.jpa.JpaTransactionManager - Creating new transaction with name [com.company.project.service.menu.MenuService.getSubMenus]: PROPAGATION_REQUIRED,ISOLATION_DEFAULT,readOnly
2026-03-16 17:16:45 [http-nio-8080-exec-12] DEBUG o.s.orm.jpa.JpaTransactionManager - Creating new transaction with name [com.company.project.service.menu.MenuService.getSubMenus]: PROPAGATION_REQUIRED,ISOLATION_DEFAULT,readOnly
2026-03-16 17:16:45 [http-nio-8080-exec-19] DEBUG o.s.orm.jpa.JpaTransactionManager - Opened new EntityManager [SessionImpl(1628825297<open>)] for JPA transaction
2026-03-16 17:16:45 [http-nio-8080-exec-12] DEBUG o.s.orm.jpa.JpaTransactionManager - Opened new EntityManager [SessionImpl(1826673099<open>)] for JPA transaction
2026-03-16 17:16:45 [http-nio-8080-exec-19] DEBUG o.s.orm.jpa.JpaTransactionManager - Exposing JPA transaction as JDBC [org.springframework.orm.jpa.vendor.HibernateJpaDialect$HibernateConnectionHandle@3baca656]
2026-03-16 17:16:45 [http-nio-8080-exec-12] DEBUG o.s.orm.jpa.JpaTransactionManager - Exposing JPA transaction as JDBC [org.springframework.orm.jpa.vendor.HibernateJpaDialect$HibernateConnectionHandle@779524ca]
2026-03-16 17:16:45 [http-nio-8080-exec-12] DEBUG org.hibernate.SQL - select m1_0.menu_no,m1_0.menu_dc,m1_0.menu_nm,m1_0.menu_ordr,m1_0.modern_route,m1_0.progrm_file_nm,m1_0.relate_image_nm,m1_0.relate_image_path,m1_0.route_updated_at,m1_0.upper_menu_no from nmenuinfo m1_0 order by m1_0.upper_menu_no,m1_0.menu_ordr
2026-03-16 17:16:45 [http-nio-8080-exec-19] DEBUG org.hibernate.SQL - select m1_0.menu_no,m1_0.menu_dc,m1_0.menu_nm,m1_0.menu_ordr,m1_0.modern_route,m1_0.progrm_file_nm,m1_0.relate_image_nm,m1_0.relate_image_path,m1_0.route_updated_at,m1_0.upper_menu_no from nmenuinfo m1_0 order by m1_0.upper_menu_no,m1_0.menu_ordr
2026-03-16 17:16:45 [http-nio-8080-exec-3] DEBUG o.s.orm.jpa.JpaTransactionManager - Closing JPA EntityManager [SessionImpl(1656044579<open>)] after transaction
2026-03-16 17:16:45 [http-nio-8080-exec-3] DEBUG c.c.p.s.jwt.JwtAuthenticationFilter - >>> [JwtFilter] Successfully authenticated user: USRCNFRM_99999999999, Authorities: [ROLE_ADMIN]
2026-03-16 17:16:45 [http-nio-8080-exec-3] DEBUG o.s.web.servlet.DispatcherServlet - GET "/api/v1/menu/left?menuNo=20", parameters={masked}
2026-03-16 17:16:45 [http-nio-8080-exec-3] TRACE o.s.w.s.m.m.a.RequestMappingHandlerMapping - Mapped to com.company.project.api.controller.menu.MenuController#getLeftMenu(Long)
2026-03-16 17:16:45 [http-nio-8080-exec-3] INFO  c.c.p.a.c.menu.MenuController - getLeftMenu called with menuNo=20
2026-03-16 17:16:45 [http-nio-8080-exec-3] DEBUG o.s.orm.jpa.JpaTransactionManager - Creating new transaction with name [com.company.project.service.menu.MenuService.getSubMenus]: PROPAGATION_REQUIRED,ISOLATION_DEFAULT,readOnly
2026-03-16 17:16:45 [http-nio-8080-exec-3] DEBUG o.s.orm.jpa.JpaTransactionManager - Opened new EntityManager [SessionImpl(1480128803<open>)] for JPA transaction
2026-03-16 17:16:45 [http-nio-8080-exec-3] DEBUG o.s.orm.jpa.JpaTransactionManager - Exposing JPA transaction as JDBC [org.springframework.orm.jpa.vendor.HibernateJpaDialect$HibernateConnectionHandle@5d0b7628]
2026-03-16 17:16:45 [http-nio-8080-exec-3] DEBUG org.hibernate.SQL - select m1_0.menu_no,m1_0.menu_dc,m1_0.menu_nm,m1_0.menu_ordr,m1_0.modern_route,m1_0.progrm_file_nm,m1_0.relate_image_nm,m1_0.relate_image_path,m1_0.route_updated_at,m1_0.upper_menu_no from nmenuinfo m1_0 order by m1_0.upper_menu_no,m1_0.menu_ordr
2026-03-16 17:16:45 [http-nio-8080-exec-8] DEBUG o.s.orm.jpa.JpaTransactionManager - Closing JPA EntityManager [SessionImpl(45909289<open>)] after transaction
2026-03-16 17:16:45 [http-nio-8080-exec-9] DEBUG o.s.orm.jpa.JpaTransactionManager - Closing JPA EntityManager [SessionImpl(14203205<open>)] after transaction
2026-03-16 17:16:45 [http-nio-8080-exec-8] DEBUG c.c.p.s.jwt.JwtAuthenticationFilter - >>> [JwtFilter] Successfully authenticated user: USRCNFRM_99999999999, Authorities: [ROLE_ADMIN]
2026-03-16 17:16:46 [http-nio-8080-exec-9] DEBUG c.c.p.s.jwt.JwtAuthenticationFilter - >>> [JwtFilter] Successfully authenticated user: USRCNFRM_99999999999, Authorities: [ROLE_ADMIN]
2026-03-16 17:16:46 [http-nio-8080-exec-9] DEBUG o.s.web.servlet.DispatcherServlet - GET "/api/v1/menu/left?menuNo=60", parameters={masked}
2026-03-16 17:16:46 [http-nio-8080-exec-8] DEBUG o.s.web.servlet.DispatcherServlet - GET "/api/v1/menu/left?menuNo=50", parameters={masked}
2026-03-16 17:16:46 [http-nio-8080-exec-9] TRACE o.s.w.s.m.m.a.RequestMappingHandlerMapping - Mapped to com.company.project.api.controller.menu.MenuController#getLeftMenu(Long)
2026-03-16 17:16:46 [http-nio-8080-exec-8] TRACE o.s.w.s.m.m.a.RequestMappingHandlerMapping - Mapped to com.company.project.api.controller.menu.MenuController#getLeftMenu(Long)
2026-03-16 17:16:46 [http-nio-8080-exec-9] INFO  c.c.p.a.c.menu.MenuController - getLeftMenu called with menuNo=60
2026-03-16 17:16:46 [http-nio-8080-exec-8] INFO  c.c.p.a.c.menu.MenuController - getLeftMenu called with menuNo=50
2026-03-16 17:16:46 [http-nio-8080-exec-9] DEBUG o.s.orm.jpa.JpaTransactionManager - Creating new transaction with name [com.company.project.service.menu.MenuService.getSubMenus]: PROPAGATION_REQUIRED,ISOLATION_DEFAULT,readOnly
2026-03-16 17:16:46 [http-nio-8080-exec-8] DEBUG o.s.orm.jpa.JpaTransactionManager - Creating new transaction with name [com.company.project.service.menu.MenuService.getSubMenus]: PROPAGATION_REQUIRED,ISOLATION_DEFAULT,readOnly
2026-03-16 17:16:46 [http-nio-8080-exec-9] DEBUG o.s.orm.jpa.JpaTransactionManager - Opened new EntityManager [SessionImpl(1296929400<open>)] for JPA transaction
2026-03-16 17:16:46 [http-nio-8080-exec-8] DEBUG o.s.orm.jpa.JpaTransactionManager - Opened new EntityManager [SessionImpl(719790202<open>)] for JPA transaction
2026-03-16 17:16:46 [http-nio-8080-exec-9] DEBUG o.s.orm.jpa.JpaTransactionManager - Exposing JPA transaction as JDBC [org.springframework.orm.jpa.vendor.HibernateJpaDialect$HibernateConnectionHandle@46147cbf]
2026-03-16 17:16:46 [http-nio-8080-exec-8] DEBUG o.s.orm.jpa.JpaTransactionManager - Exposing JPA transaction as JDBC [org.springframework.orm.jpa.vendor.HibernateJpaDialect$HibernateConnectionHandle@907ce7f]
2026-03-16 17:16:46 [http-nio-8080-exec-8] DEBUG org.hibernate.SQL - select m1_0.menu_no,m1_0.menu_dc,m1_0.menu_nm,m1_0.menu_ordr,m1_0.modern_route,m1_0.progrm_file_nm,m1_0.relate_image_nm,m1_0.relate_image_path,m1_0.route_updated_at,m1_0.upper_menu_no from nmenuinfo m1_0 order by m1_0.upper_menu_no,m1_0.menu_ordr
2026-03-16 17:16:46 [http-nio-8080-exec-9] DEBUG org.hibernate.SQL - select m1_0.menu_no,m1_0.menu_dc,m1_0.menu_nm,m1_0.menu_ordr,m1_0.modern_route,m1_0.progrm_file_nm,m1_0.relate_image_nm,m1_0.relate_image_path,m1_0.route_updated_at,m1_0.upper_menu_no from nmenuinfo m1_0 order by m1_0.upper_menu_no,m1_0.menu_ordr
2026-03-16 17:16:46 [http-nio-8080-exec-2] DEBUG o.s.orm.jpa.JpaTransactionManager - Closing JPA EntityManager [SessionImpl(1736902461<open>)] after transaction
2026-03-16 17:16:46 [http-nio-8080-exec-2] DEBUG c.c.p.s.jwt.JwtAuthenticationFilter - >>> [JwtFilter] Successfully authenticated user: USRCNFRM_99999999999, Authorities: [ROLE_ADMIN]
2026-03-16 17:16:46 [http-nio-8080-exec-2] DEBUG o.s.web.servlet.DispatcherServlet - GET "/api/v1/menu/left?menuNo=20", parameters={masked}
2026-03-16 17:16:46 [http-nio-8080-exec-2] TRACE o.s.w.s.m.m.a.RequestMappingHandlerMapping - Mapped to com.company.project.api.controller.menu.MenuController#getLeftMenu(Long)
2026-03-16 17:16:46 [http-nio-8080-exec-2] INFO  c.c.p.a.c.menu.MenuController - getLeftMenu called with menuNo=20
2026-03-16 17:16:46 [http-nio-8080-exec-15] DEBUG o.s.orm.jpa.JpaTransactionManager - Closing JPA EntityManager [SessionImpl(256273809<open>)] after transaction
2026-03-16 17:16:46 [http-nio-8080-exec-2] DEBUG o.s.orm.jpa.JpaTransactionManager - Creating new transaction with name [com.company.project.service.menu.MenuService.getSubMenus]: PROPAGATION_REQUIRED,ISOLATION_DEFAULT,readOnly
2026-03-16 17:16:46 [http-nio-8080-exec-15] DEBUG c.c.p.s.jwt.JwtAuthenticationFilter - >>> [JwtFilter] Successfully authenticated user: USRCNFRM_99999999999, Authorities: [ROLE_ADMIN]
2026-03-16 17:16:46 [http-nio-8080-exec-2] DEBUG o.s.orm.jpa.JpaTransactionManager - Opened new EntityManager [SessionImpl(526147869<open>)] for JPA transaction
2026-03-16 17:16:46 [http-nio-8080-exec-2] DEBUG o.s.orm.jpa.JpaTransactionManager - Exposing JPA transaction as JDBC [org.springframework.orm.jpa.vendor.HibernateJpaDialect$HibernateConnectionHandle@bbe10a3]
2026-03-16 17:16:46 [http-nio-8080-exec-15] DEBUG o.s.web.servlet.DispatcherServlet - GET "/api/v1/menu/left?menuNo=10", parameters={masked}
2026-03-16 17:16:46 [http-nio-8080-exec-15] TRACE o.s.w.s.m.m.a.RequestMappingHandlerMapping - Mapped to com.company.project.api.controller.menu.MenuController#getLeftMenu(Long)
2026-03-16 17:16:46 [http-nio-8080-exec-15] INFO  c.c.p.a.c.menu.MenuController - getLeftMenu called with menuNo=10
2026-03-16 17:16:46 [http-nio-8080-exec-15] DEBUG o.s.orm.jpa.JpaTransactionManager - Creating new transaction with name [com.company.project.service.menu.MenuService.getSubMenus]: PROPAGATION_REQUIRED,ISOLATION_DEFAULT,readOnly
2026-03-16 17:16:46 [http-nio-8080-exec-15] DEBUG o.s.orm.jpa.JpaTransactionManager - Opened new EntityManager [SessionImpl(762718309<open>)] for JPA transaction
2026-03-16 17:16:46 [http-nio-8080-exec-15] DEBUG o.s.orm.jpa.JpaTransactionManager - Exposing JPA transaction as JDBC [org.springframework.orm.jpa.vendor.HibernateJpaDialect$HibernateConnectionHandle@6d54593f]
2026-03-16 17:16:46 [http-nio-8080-exec-2] DEBUG org.hibernate.SQL - select m1_0.menu_no,m1_0.menu_dc,m1_0.menu_nm,m1_0.menu_ordr,m1_0.modern_route,m1_0.progrm_file_nm,m1_0.relate_image_nm,m1_0.relate_image_path,m1_0.route_updated_at,m1_0.upper_menu_no from nmenuinfo m1_0 order by m1_0.upper_menu_no,m1_0.menu_ordr
2026-03-16 17:16:46 [http-nio-8080-exec-15] DEBUG org.hibernate.SQL - select m1_0.menu_no,m1_0.menu_dc,m1_0.menu_nm,m1_0.menu_ordr,m1_0.modern_route,m1_0.progrm_file_nm,m1_0.relate_image_nm,m1_0.relate_image_path,m1_0.route_updated_at,m1_0.upper_menu_no from nmenuinfo m1_0 order by m1_0.upper_menu_no,m1_0.menu_ordr
2026-03-16 17:16:46 [http-nio-8080-exec-17] DEBUG o.s.orm.jpa.JpaTransactionManager - Closing JPA EntityManager [SessionImpl(872562811<open>)] after transaction
2026-03-16 17:16:46 [http-nio-8080-exec-17] DEBUG c.c.p.s.jwt.JwtAuthenticationFilter - >>> [JwtFilter] Successfully authenticated user: USRCNFRM_99999999999, Authorities: [ROLE_ADMIN]
2026-03-16 17:16:46 [http-nio-8080-exec-17] DEBUG o.s.web.servlet.DispatcherServlet - GET "/api/v1/menu/left?menuNo=40", parameters={masked}
2026-03-16 17:16:46 [http-nio-8080-exec-17] TRACE o.s.w.s.m.m.a.RequestMappingHandlerMapping - Mapped to com.company.project.api.controller.menu.MenuController#getLeftMenu(Long)
2026-03-16 17:16:46 [http-nio-8080-exec-17] INFO  c.c.p.a.c.menu.MenuController - getLeftMenu called with menuNo=40
2026-03-16 17:16:46 [http-nio-8080-exec-17] DEBUG o.s.orm.jpa.JpaTransactionManager - Creating new transaction with name [com.company.project.service.menu.MenuService.getSubMenus]: PROPAGATION_REQUIRED,ISOLATION_DEFAULT,readOnly
2026-03-16 17:16:46 [http-nio-8080-exec-17] DEBUG o.s.orm.jpa.JpaTransactionManager - Opened new EntityManager [SessionImpl(2077854285<open>)] for JPA transaction
2026-03-16 17:16:46 [http-nio-8080-exec-17] DEBUG o.s.orm.jpa.JpaTransactionManager - Exposing JPA transaction as JDBC [org.springframework.orm.jpa.vendor.HibernateJpaDialect$HibernateConnectionHandle@38052476]
2026-03-16 17:16:46 [http-nio-8080-exec-17] DEBUG org.hibernate.SQL - select m1_0.menu_no,m1_0.menu_dc,m1_0.menu_nm,m1_0.menu_ordr,m1_0.modern_route,m1_0.progrm_file_nm,m1_0.relate_image_nm,m1_0.relate_image_path,m1_0.route_updated_at,m1_0.upper_menu_no from nmenuinfo m1_0 order by m1_0.upper_menu_no,m1_0.menu_ordr
2026-03-16 17:16:46 [http-nio-8080-exec-10] DEBUG o.s.orm.jpa.JpaTransactionManager - Found thread-bound EntityManager [SessionImpl(769294593<open>)] for JPA transaction
2026-03-16 17:16:46 [http-nio-8080-exec-10] DEBUG o.s.orm.jpa.JpaTransactionManager - Participating in existing transaction
2026-03-16 17:16:46 [http-nio-8080-exec-10] DEBUG org.hibernate.SQL - select p1_0.progrm_file_nm,p1_0.progrm_dc,p1_0.progrm_korean_nm,p1_0.progrm_stre_path,p1_0.url from nprogrmlist p1_0
2026-03-16 17:16:46 [http-nio-8080-exec-13] DEBUG o.s.orm.jpa.JpaTransactionManager - Found thread-bound EntityManager [SessionImpl(465415069<open>)] for JPA transaction
2026-03-16 17:16:46 [http-nio-8080-exec-13] DEBUG o.s.orm.jpa.JpaTransactionManager - Participating in existing transaction
2026-03-16 17:16:46 [http-nio-8080-exec-13] DEBUG org.hibernate.SQL - select p1_0.progrm_file_nm,p1_0.progrm_dc,p1_0.progrm_korean_nm,p1_0.progrm_stre_path,p1_0.url from nprogrmlist p1_0
2026-03-16 17:16:46 [http-nio-8080-exec-12] DEBUG o.s.orm.jpa.JpaTransactionManager - Found thread-bound EntityManager [SessionImpl(1826673099<open>)] for JPA transaction
2026-03-16 17:16:46 [http-nio-8080-exec-12] DEBUG o.s.orm.jpa.JpaTransactionManager - Participating in existing transaction
2026-03-16 17:16:46 [http-nio-8080-exec-12] DEBUG org.hibernate.SQL - select p1_0.progrm_file_nm,p1_0.progrm_dc,p1_0.progrm_korean_nm,p1_0.progrm_stre_path,p1_0.url from nprogrmlist p1_0
2026-03-16 17:16:46 [http-nio-8080-exec-19] DEBUG o.s.orm.jpa.JpaTransactionManager - Found thread-bound EntityManager [SessionImpl(1628825297<open>)] for JPA transaction
2026-03-16 17:16:46 [http-nio-8080-exec-19] DEBUG o.s.orm.jpa.JpaTransactionManager - Participating in existing transaction
2026-03-16 17:16:46 [http-nio-8080-exec-19] DEBUG org.hibernate.SQL - select p1_0.progrm_file_nm,p1_0.progrm_dc,p1_0.progrm_korean_nm,p1_0.progrm_stre_path,p1_0.url from nprogrmlist p1_0
2026-03-16 17:16:46 [http-nio-8080-exec-3] DEBUG o.s.orm.jpa.JpaTransactionManager - Found thread-bound EntityManager [SessionImpl(1480128803<open>)] for JPA transaction
2026-03-16 17:16:46 [http-nio-8080-exec-3] DEBUG o.s.orm.jpa.JpaTransactionManager - Participating in existing transaction
2026-03-16 17:16:46 [http-nio-8080-exec-3] DEBUG org.hibernate.SQL - select p1_0.progrm_file_nm,p1_0.progrm_dc,p1_0.progrm_korean_nm,p1_0.progrm_stre_path,p1_0.url from nprogrmlist p1_0
2026-03-16 17:16:46 [http-nio-8080-exec-9] DEBUG o.s.orm.jpa.JpaTransactionManager - Found thread-bound EntityManager [SessionImpl(1296929400<open>)] for JPA transaction
2026-03-16 17:16:46 [http-nio-8080-exec-9] DEBUG o.s.orm.jpa.JpaTransactionManager - Participating in existing transaction
2026-03-16 17:16:46 [http-nio-8080-exec-9] DEBUG org.hibernate.SQL - select p1_0.progrm_file_nm,p1_0.progrm_dc,p1_0.progrm_korean_nm,p1_0.progrm_stre_path,p1_0.url from nprogrmlist p1_0
2026-03-16 17:16:46 [http-nio-8080-exec-8] DEBUG o.s.orm.jpa.JpaTransactionManager - Found thread-bound EntityManager [SessionImpl(719790202<open>)] for JPA transaction
2026-03-16 17:16:46 [http-nio-8080-exec-8] DEBUG o.s.orm.jpa.JpaTransactionManager - Participating in existing transaction
2026-03-16 17:16:46 [http-nio-8080-exec-8] DEBUG org.hibernate.SQL - select p1_0.progrm_file_nm,p1_0.progrm_dc,p1_0.progrm_korean_nm,p1_0.progrm_stre_path,p1_0.url from nprogrmlist p1_0
2026-03-16 17:16:46 [http-nio-8080-exec-2] DEBUG o.s.orm.jpa.JpaTransactionManager - Found thread-bound EntityManager [SessionImpl(526147869<open>)] for JPA transaction
2026-03-16 17:16:46 [http-nio-8080-exec-2] DEBUG o.s.orm.jpa.JpaTransactionManager - Participating in existing transaction
2026-03-16 17:16:46 [http-nio-8080-exec-2] DEBUG org.hibernate.SQL - select p1_0.progrm_file_nm,p1_0.progrm_dc,p1_0.progrm_korean_nm,p1_0.progrm_stre_path,p1_0.url from nprogrmlist p1_0
2026-03-16 17:16:46 [http-nio-8080-exec-15] DEBUG o.s.orm.jpa.JpaTransactionManager - Found thread-bound EntityManager [SessionImpl(762718309<open>)] for JPA transaction
2026-03-16 17:16:46 [http-nio-8080-exec-15] DEBUG o.s.orm.jpa.JpaTransactionManager - Participating in existing transaction
2026-03-16 17:16:46 [http-nio-8080-exec-15] DEBUG org.hibernate.SQL - select p1_0.progrm_file_nm,p1_0.progrm_dc,p1_0.progrm_korean_nm,p1_0.progrm_stre_path,p1_0.url from nprogrmlist p1_0
2026-03-16 17:16:46 [http-nio-8080-exec-10] DEBUG o.s.orm.jpa.JpaTransactionManager - Initiating transaction commit
2026-03-16 17:16:46 [http-nio-8080-exec-10] DEBUG o.s.orm.jpa.JpaTransactionManager - Committing JPA transaction on EntityManager [SessionImpl(769294593<open>)]
2026-03-16 17:16:46 [http-nio-8080-exec-17] DEBUG o.s.orm.jpa.JpaTransactionManager - Found thread-bound EntityManager [SessionImpl(2077854285<open>)] for JPA transaction
2026-03-16 17:16:46 [http-nio-8080-exec-17] DEBUG o.s.orm.jpa.JpaTransactionManager - Participating in existing transaction
2026-03-16 17:16:46 [http-nio-8080-exec-17] DEBUG org.hibernate.SQL - select p1_0.progrm_file_nm,p1_0.progrm_dc,p1_0.progrm_korean_nm,p1_0.progrm_stre_path,p1_0.url from nprogrmlist p1_0
2026-03-16 17:16:46 [http-nio-8080-exec-13] DEBUG o.s.orm.jpa.JpaTransactionManager - Initiating transaction commit
2026-03-16 17:16:46 [http-nio-8080-exec-13] DEBUG o.s.orm.jpa.JpaTransactionManager - Committing JPA transaction on EntityManager [SessionImpl(465415069<open>)]
2026-03-16 17:16:46 [http-nio-8080-exec-12] DEBUG o.s.orm.jpa.JpaTransactionManager - Initiating transaction commit
2026-03-16 17:16:46 [http-nio-8080-exec-12] DEBUG o.s.orm.jpa.JpaTransactionManager - Committing JPA transaction on EntityManager [SessionImpl(1826673099<open>)]
2026-03-16 17:16:46 [http-nio-8080-exec-19] DEBUG o.s.orm.jpa.JpaTransactionManager - Initiating transaction commit
2026-03-16 17:16:46 [http-nio-8080-exec-19] DEBUG o.s.orm.jpa.JpaTransactionManager - Committing JPA transaction on EntityManager [SessionImpl(1628825297<open>)]
2026-03-16 17:16:46 [http-nio-8080-exec-8] DEBUG o.s.orm.jpa.JpaTransactionManager - Initiating transaction commit
2026-03-16 17:16:46 [http-nio-8080-exec-9] DEBUG o.s.orm.jpa.JpaTransactionManager - Initiating transaction commit
2026-03-16 17:16:46 [http-nio-8080-exec-3] DEBUG o.s.orm.jpa.JpaTransactionManager - Initiating transaction commit
2026-03-16 17:16:46 [http-nio-8080-exec-8] DEBUG o.s.orm.jpa.JpaTransactionManager - Committing JPA transaction on EntityManager [SessionImpl(719790202<open>)]
2026-03-16 17:16:46 [http-nio-8080-exec-9] DEBUG o.s.orm.jpa.JpaTransactionManager - Committing JPA transaction on EntityManager [SessionImpl(1296929400<open>)]
2026-03-16 17:16:46 [http-nio-8080-exec-3] DEBUG o.s.orm.jpa.JpaTransactionManager - Committing JPA transaction on EntityManager [SessionImpl(1480128803<open>)]
2026-03-16 17:16:46 [http-nio-8080-exec-2] DEBUG o.s.orm.jpa.JpaTransactionManager - Initiating transaction commit
2026-03-16 17:16:46 [http-nio-8080-exec-15] DEBUG o.s.orm.jpa.JpaTransactionManager - Initiating transaction commit
2026-03-16 17:16:46 [http-nio-8080-exec-2] DEBUG o.s.orm.jpa.JpaTransactionManager - Committing JPA transaction on EntityManager [SessionImpl(526147869<open>)]
2026-03-16 17:16:46 [http-nio-8080-exec-15] DEBUG o.s.orm.jpa.JpaTransactionManager - Committing JPA transaction on EntityManager [SessionImpl(762718309<open>)]
2026-03-16 17:16:46 [http-nio-8080-exec-10] DEBUG o.s.orm.jpa.JpaTransactionManager - Closing JPA EntityManager [SessionImpl(769294593<open>)] after transaction
2026-03-16 17:16:46 [http-nio-8080-exec-10] INFO  c.c.p.a.c.menu.MenuController - getLeftMenu returned 3 items
2026-03-16 17:16:46 [http-nio-8080-exec-10] DEBUG o.s.w.s.m.m.a.HttpEntityMethodProcessor - Using 'application/json', given [application/json, text/plain, */*] and supported [application/json, application/*+json, application/yaml]
2026-03-16 17:16:46 [http-nio-8080-exec-10] TRACE o.s.w.s.m.m.a.HttpEntityMethodProcessor - Writing [ApiResponse[success=true, status=200, code=COMMON_001, message=Success, data={list=[com.company.project.service.menu.dto.MenuDto@160985f8, com.company.project.service.menu.dto.MenuDto@6c6c6061, com.company.project.service.menu.dto.MenuDto@4431c0a3]}, timestamp=2026-03-16T17:16:46.511059400]]
2026-03-16 17:16:46 [http-nio-8080-exec-10] INFO  c.c.p.a.i.OperationalAuditInterceptor - API Audit Log: URL=/api/v1/menu/left, User=webmaster, IP=0:0:0:0:0:0:0:1
2026-03-16 17:16:46 [http-nio-8080-exec-10] DEBUG o.s.web.servlet.DispatcherServlet - Completed 200 OK
2026-03-16 17:16:46 [http-nio-8080-exec-17] DEBUG o.s.orm.jpa.JpaTransactionManager - Initiating transaction commit
2026-03-16 17:16:46 [http-nio-8080-exec-17] DEBUG o.s.orm.jpa.JpaTransactionManager - Committing JPA transaction on EntityManager [SessionImpl(2077854285<open>)]
2026-03-16 17:16:46 [http-nio-8080-exec-13] DEBUG o.s.orm.jpa.JpaTransactionManager - Closing JPA EntityManager [SessionImpl(465415069<open>)] after transaction
2026-03-16 17:16:46 [http-nio-8080-exec-13] INFO  c.c.p.a.c.menu.MenuController - getLeftMenu returned 1 items
2026-03-16 17:16:46 [http-nio-8080-exec-13] DEBUG o.s.w.s.m.m.a.HttpEntityMethodProcessor - Using 'application/json', given [application/json, text/plain, */*] and supported [application/json, application/*+json, application/yaml]
2026-03-16 17:16:46 [http-nio-8080-exec-13] TRACE o.s.w.s.m.m.a.HttpEntityMethodProcessor - Writing [ApiResponse[success=true, status=200, code=COMMON_001, message=Success, data={list=[com.company.project.service.menu.dto.MenuDto@10976367]}, timestamp=2026-03-16T17:16:46.543291700]]
2026-03-16 17:16:46 [http-nio-8080-exec-13] INFO  c.c.p.a.i.OperationalAuditInterceptor - API Audit Log: URL=/api/v1/menu/left, User=webmaster, IP=0:0:0:0:0:0:0:1
2026-03-16 17:16:46 [http-nio-8080-exec-13] DEBUG o.s.web.servlet.DispatcherServlet - Completed 200 OK
2026-03-16 17:16:46 [http-nio-8080-exec-12] DEBUG o.s.orm.jpa.JpaTransactionManager - Closing JPA EntityManager [SessionImpl(1826673099<open>)] after transaction
2026-03-16 17:16:46 [http-nio-8080-exec-12] INFO  c.c.p.a.c.menu.MenuController - getLeftMenu returned 5 items
2026-03-16 17:16:46 [http-nio-8080-exec-12] DEBUG o.s.w.s.m.m.a.HttpEntityMethodProcessor - Using 'application/json', given [application/json, text/plain, */*] and supported [application/json, application/*+json, application/yaml]
2026-03-16 17:16:46 [http-nio-8080-exec-12] TRACE o.s.w.s.m.m.a.HttpEntityMethodProcessor - Writing [ApiResponse[success=true, status=200, code=COMMON_001, message=Success, data={list=[com.company.project.service.menu.dto.MenuDto@312f8e6e, com.company.project.service.menu.dto.MenuDto@666df03c, com.company.project.service.menu.dto.MenuDto@394a2ec0, com.company.project.service.menu.dto.MenuDto@69fe7360, com.company.project.service.menu.dto.MenuDto@246fcccf]}, timestamp=2026-03-16T17:16:46.570160900]]
2026-03-16 17:16:46 [http-nio-8080-exec-12] INFO  c.c.p.a.i.OperationalAuditInterceptor - API Audit Log: URL=/api/v1/menu/left, User=webmaster, IP=0:0:0:0:0:0:0:1
2026-03-16 17:16:46 [http-nio-8080-exec-12] DEBUG o.s.web.servlet.DispatcherServlet - Completed 200 OK
2026-03-16 17:16:46 [http-nio-8080-exec-19] DEBUG o.s.orm.jpa.JpaTransactionManager - Closing JPA EntityManager [SessionImpl(1628825297<open>)] after transaction
2026-03-16 17:16:46 [http-nio-8080-exec-19] INFO  c.c.p.a.c.menu.MenuController - getLeftMenu returned 2 items
2026-03-16 17:16:46 [http-nio-8080-exec-19] DEBUG o.s.w.s.m.m.a.HttpEntityMethodProcessor - Using 'application/json', given [application/json, text/plain, */*] and supported [application/json, application/*+json, application/yaml]
2026-03-16 17:16:46 [http-nio-8080-exec-19] TRACE o.s.w.s.m.m.a.HttpEntityMethodProcessor - Writing [ApiResponse[success=true, status=200, code=COMMON_001, message=Success, data={list=[com.company.project.service.menu.dto.MenuDto@6e5168c9, com.company.project.service.menu.dto.MenuDto@1c687b5a]}, timestamp=2026-03-16T17:16:46.573327700]]
2026-03-16 17:16:46 [http-nio-8080-exec-19] INFO  c.c.p.a.i.OperationalAuditInterceptor - API Audit Log: URL=/api/v1/menu/left, User=webmaster, IP=0:0:0:0:0:0:0:1
2026-03-16 17:16:46 [http-nio-8080-exec-19] DEBUG o.s.web.servlet.DispatcherServlet - Completed 200 OK
2026-03-16 17:16:46 [http-nio-8080-exec-3] DEBUG o.s.orm.jpa.JpaTransactionManager - Closing JPA EntityManager [SessionImpl(1480128803<open>)] after transaction
2026-03-16 17:16:46 [http-nio-8080-exec-8] DEBUG o.s.orm.jpa.JpaTransactionManager - Closing JPA EntityManager [SessionImpl(719790202<open>)] after transaction
2026-03-16 17:16:46 [http-nio-8080-exec-3] INFO  c.c.p.a.c.menu.MenuController - getLeftMenu returned 3 items
2026-03-16 17:16:46 [http-nio-8080-exec-8] INFO  c.c.p.a.c.menu.MenuController - getLeftMenu returned 3 items
2026-03-16 17:16:46 [http-nio-8080-exec-3] DEBUG o.s.w.s.m.m.a.HttpEntityMethodProcessor - Using 'application/json', given [application/json, text/plain, */*] and supported [application/json, application/*+json, application/yaml]
2026-03-16 17:16:46 [http-nio-8080-exec-8] DEBUG o.s.w.s.m.m.a.HttpEntityMethodProcessor - Using 'application/json', given [application/json, text/plain, */*] and supported [application/json, application/*+json, application/yaml]
2026-03-16 17:16:46 [http-nio-8080-exec-3] TRACE o.s.w.s.m.m.a.HttpEntityMethodProcessor - Writing [ApiResponse[success=true, status=200, code=COMMON_001, message=Success, data={list=[com.company.project.service.menu.dto.MenuDto@7c9e2568, com.company.project.service.menu.dto.MenuDto@febf9ea, com.company.project.service.menu.dto.MenuDto@e582c97]}, timestamp=2026-03-16T17:16:46.630819400]]
2026-03-16 17:16:46 [http-nio-8080-exec-8] TRACE o.s.w.s.m.m.a.HttpEntityMethodProcessor - Writing [ApiResponse[success=true, status=200, code=COMMON_001, message=Success, data={list=[com.company.project.service.menu.dto.MenuDto@2d121ebd, com.company.project.service.menu.dto.MenuDto@5b4a6e39, com.company.project.service.menu.dto.MenuDto@3177846e]}, timestamp=2026-03-16T17:16:46.630819400]]
2026-03-16 17:16:46 [http-nio-8080-exec-3] INFO  c.c.p.a.i.OperationalAuditInterceptor - API Audit Log: URL=/api/v1/menu/left, User=webmaster, IP=0:0:0:0:0:0:0:1
2026-03-16 17:16:46 [http-nio-8080-exec-3] DEBUG o.s.web.servlet.DispatcherServlet - Completed 200 OK
2026-03-16 17:16:46 [http-nio-8080-exec-8] INFO  c.c.p.a.i.OperationalAuditInterceptor - API Audit Log: URL=/api/v1/menu/left, User=webmaster, IP=0:0:0:0:0:0:0:1
2026-03-16 17:16:46 [http-nio-8080-exec-8] DEBUG o.s.web.servlet.DispatcherServlet - Completed 200 OK
2026-03-16 17:16:46 [http-nio-8080-exec-9] DEBUG o.s.orm.jpa.JpaTransactionManager - Closing JPA EntityManager [SessionImpl(1296929400<open>)] after transaction
2026-03-16 17:16:46 [http-nio-8080-exec-9] INFO  c.c.p.a.c.menu.MenuController - getLeftMenu returned 1 items
2026-03-16 17:16:46 [http-nio-8080-exec-9] DEBUG o.s.w.s.m.m.a.HttpEntityMethodProcessor - Using 'application/json', given [application/json, text/plain, */*] and supported [application/json, application/*+json, application/yaml]
2026-03-16 17:16:46 [http-nio-8080-exec-9] TRACE o.s.w.s.m.m.a.HttpEntityMethodProcessor - Writing [ApiResponse[success=true, status=200, code=COMMON_001, message=Success, data={list=[com.company.project.service.menu.dto.MenuDto@7fa1e5e6]}, timestamp=2026-03-16T17:16:46.632332800]]
2026-03-16 17:16:46 [http-nio-8080-exec-9] INFO  c.c.p.a.i.OperationalAuditInterceptor - API Audit Log: URL=/api/v1/menu/left, User=webmaster, IP=0:0:0:0:0:0:0:1
2026-03-16 17:16:46 [http-nio-8080-exec-9] DEBUG o.s.web.servlet.DispatcherServlet - Completed 200 OK
2026-03-16 17:16:46 [http-nio-8080-exec-2] DEBUG o.s.orm.jpa.JpaTransactionManager - Closing JPA EntityManager [SessionImpl(526147869<open>)] after transaction
2026-03-16 17:16:46 [http-nio-8080-exec-2] INFO  c.c.p.a.c.menu.MenuController - getLeftMenu returned 3 items
2026-03-16 17:16:46 [http-nio-8080-exec-2] DEBUG o.s.w.s.m.m.a.HttpEntityMethodProcessor - Using 'application/json', given [application/json, text/plain, */*] and supported [application/json, application/*+json, application/yaml]
2026-03-16 17:16:46 [http-nio-8080-exec-2] TRACE o.s.w.s.m.m.a.HttpEntityMethodProcessor - Writing [ApiResponse[success=true, status=200, code=COMMON_001, message=Success, data={list=[com.company.project.service.menu.dto.MenuDto@6c0df09f, com.company.project.service.menu.dto.MenuDto@5760491f, com.company.project.service.menu.dto.MenuDto@2be60cde]}, timestamp=2026-03-16T17:16:46.657465100]]
2026-03-16 17:16:46 [http-nio-8080-exec-2] INFO  c.c.p.a.i.OperationalAuditInterceptor - API Audit Log: URL=/api/v1/menu/left, User=webmaster, IP=0:0:0:0:0:0:0:1
2026-03-16 17:16:46 [http-nio-8080-exec-2] DEBUG o.s.web.servlet.DispatcherServlet - Completed 200 OK
2026-03-16 17:16:46 [http-nio-8080-exec-15] DEBUG o.s.orm.jpa.JpaTransactionManager - Closing JPA EntityManager [SessionImpl(762718309<open>)] after transaction
2026-03-16 17:16:46 [http-nio-8080-exec-15] INFO  c.c.p.a.c.menu.MenuController - getLeftMenu returned 5 items
2026-03-16 17:16:46 [http-nio-8080-exec-15] DEBUG o.s.w.s.m.m.a.HttpEntityMethodProcessor - Using 'application/json', given [application/json, text/plain, */*] and supported [application/json, application/*+json, application/yaml]
2026-03-16 17:16:46 [http-nio-8080-exec-15] TRACE o.s.w.s.m.m.a.HttpEntityMethodProcessor - Writing [ApiResponse[success=true, status=200, code=COMMON_001, message=Success, data={list=[com.company.project.service.menu.dto.MenuDto@6c4523c1, com.company.project.service.menu.dto.MenuDto@11e19c24, com.company.project.service.menu.dto.MenuDto@254a16cc, com.company.project.service.menu.dto.MenuDto@13cc0841, com.company.project.service.menu.dto.MenuDto@56527ad2]}, timestamp=2026-03-16T17:16:46.659080700]]
2026-03-16 17:16:46 [http-nio-8080-exec-15] INFO  c.c.p.a.i.OperationalAuditInterceptor - API Audit Log: URL=/api/v1/menu/left, User=webmaster, IP=0:0:0:0:0:0:0:1
2026-03-16 17:16:46 [http-nio-8080-exec-15] DEBUG o.s.web.servlet.DispatcherServlet - Completed 200 OK
2026-03-16 17:16:46 [http-nio-8080-exec-17] DEBUG o.s.orm.jpa.JpaTransactionManager - Closing JPA EntityManager [SessionImpl(2077854285<open>)] after transaction
2026-03-16 17:16:46 [http-nio-8080-exec-17] INFO  c.c.p.a.c.menu.MenuController - getLeftMenu returned 2 items
2026-03-16 17:16:46 [http-nio-8080-exec-17] DEBUG o.s.w.s.m.m.a.HttpEntityMethodProcessor - Using 'application/json', given [application/json, text/plain, */*] and supported [application/json, application/*+json, application/yaml]
2026-03-16 17:16:46 [http-nio-8080-exec-17] TRACE o.s.w.s.m.m.a.HttpEntityMethodProcessor - Writing [ApiResponse[success=true, status=200, code=COMMON_001, message=Success, data={list=[com.company.project.service.menu.dto.MenuDto@1e7f9ff9, com.company.project.service.menu.dto.MenuDto@589bcda3]}, timestamp=2026-03-16T17:16:46.697133900]]
2026-03-16 17:16:46 [http-nio-8080-exec-17] INFO  c.c.p.a.i.OperationalAuditInterceptor - API Audit Log: URL=/api/v1/menu/left, User=webmaster, IP=0:0:0:0:0:0:0:1
2026-03-16 17:16:46 [http-nio-8080-exec-17] DEBUG o.s.web.servlet.DispatcherServlet - Completed 200 OK
2026-03-16 17:16:46 [http-nio-8080-exec-10] DEBUG o.s.w.s.h.LoggingWebSocketHandlerDecorator - WebSocketServerSockJsSession[id=zrifyjnc] closed with CloseStatus[code=1001, reason=null]
2026-03-16 17:16:46 [http-nio-8080-exec-10] DEBUG o.s.w.s.m.SubProtocolWebSocketHandler - Clearing session zrifyjnc
2026-03-16 17:16:46 [scheduling-1] DEBUG org.springframework.web.SimpLogging - Processing DISCONNECT session=zrifyjnc
2026-03-16 17:16:46 [scheduling-1] DEBUG o.s.w.s.m.SubProtocolWebSocketHandler - No session for GenericMessage [payload=byte[0], headers={simpMessageType=DISCONNECT_ACK, simpDisconnectMessage=GenericMessage [payload=byte[0], headers={simpMessageType=DISCONNECT, stompCommand=DISCONNECT, simpSessionAttributes={org.springframework.messaging.simp.SimpAttributes.COMPLETED=true}, simpSessionId=zrifyjnc}], simpSessionId=zrifyjnc}]
2026-03-16 17:16:47 [http-nio-8080-exec-13] DEBUG c.c.p.s.jwt.JwtAuthenticationFilter - >>> [JwtFilter] Processing request: GET /api/v1/menu/left
2026-03-16 17:16:47 [http-nio-8080-exec-12] DEBUG c.c.p.s.jwt.JwtAuthenticationFilter - >>> [JwtFilter] Processing request: GET /api/v1/menu/head
2026-03-16 17:16:47 [http-nio-8080-exec-19] DEBUG c.c.p.s.jwt.JwtAuthenticationFilter - >>> [JwtFilter] Processing request: GET /api/v1/auth/me
2026-03-16 17:16:47 [http-nio-8080-exec-13] DEBUG c.c.p.s.jwt.JwtAuthenticationFilter - >>> [JwtFilter] Found token in header for path: /api/v1/menu/left
2026-03-16 17:16:47 [http-nio-8080-exec-12] DEBUG c.c.p.s.jwt.JwtAuthenticationFilter - >>> [JwtFilter] Found token in header for path: /api/v1/menu/head
2026-03-16 17:16:47 [http-nio-8080-exec-19] DEBUG c.c.p.s.jwt.JwtAuthenticationFilter - >>> [JwtFilter] Found token in header for path: /api/v1/auth/me
2026-03-16 17:16:47 [http-nio-8080-exec-19] DEBUG o.s.orm.jpa.JpaTransactionManager - Creating new transaction with name [com.company.project.security.iam.CustomUserDetailsService.loadUserByUsername]: PROPAGATION_REQUIRED,ISOLATION_DEFAULT,readOnly
2026-03-16 17:16:47 [http-nio-8080-exec-13] DEBUG o.s.orm.jpa.JpaTransactionManager - Creating new transaction with name [com.company.project.security.iam.CustomUserDetailsService.loadUserByUsername]: PROPAGATION_REQUIRED,ISOLATION_DEFAULT,readOnly
2026-03-16 17:16:47 [http-nio-8080-exec-12] DEBUG o.s.orm.jpa.JpaTransactionManager - Creating new transaction with name [com.company.project.security.iam.CustomUserDetailsService.loadUserByUsername]: PROPAGATION_REQUIRED,ISOLATION_DEFAULT,readOnly
2026-03-16 17:16:47 [http-nio-8080-exec-13] DEBUG o.s.orm.jpa.JpaTransactionManager - Opened new EntityManager [SessionImpl(412992903<open>)] for JPA transaction
2026-03-16 17:16:47 [http-nio-8080-exec-12] DEBUG o.s.orm.jpa.JpaTransactionManager - Opened new EntityManager [SessionImpl(764032110<open>)] for JPA transaction
2026-03-16 17:16:47 [http-nio-8080-exec-19] DEBUG o.s.orm.jpa.JpaTransactionManager - Opened new EntityManager [SessionImpl(297750804<open>)] for JPA transaction
2026-03-16 17:16:47 [http-nio-8080-exec-19] DEBUG o.s.orm.jpa.JpaTransactionManager - Exposing JPA transaction as JDBC [org.springframework.orm.jpa.vendor.HibernateJpaDialect$HibernateConnectionHandle@32a46403]
2026-03-16 17:16:47 [http-nio-8080-exec-12] DEBUG o.s.orm.jpa.JpaTransactionManager - Exposing JPA transaction as JDBC [org.springframework.orm.jpa.vendor.HibernateJpaDialect$HibernateConnectionHandle@45de2331]
2026-03-16 17:16:47 [http-nio-8080-exec-19] DEBUG o.s.orm.jpa.JpaTransactionManager - Found thread-bound EntityManager [SessionImpl(297750804<open>)] for JPA transaction
2026-03-16 17:16:47 [http-nio-8080-exec-19] DEBUG o.s.orm.jpa.JpaTransactionManager - Participating in existing transaction
2026-03-16 17:16:47 [http-nio-8080-exec-12] DEBUG o.s.orm.jpa.JpaTransactionManager - Found thread-bound EntityManager [SessionImpl(764032110<open>)] for JPA transaction
2026-03-16 17:16:47 [http-nio-8080-exec-12] DEBUG o.s.orm.jpa.JpaTransactionManager - Participating in existing transaction
2026-03-16 17:16:47 [http-nio-8080-exec-19] DEBUG org.hibernate.SQL - select u1_0.emplyr_id,u1_0.area_no,u1_0.brthdy,u1_0.chg_pwd_cnt,u1_0.frst_register_id,u1_0.frst_regist_pnttm,u1_0.detail_adres,u1_0.email_adres,u1_0.emplyr_sttus_code,u1_0.empl_no,u1_0.esntl_id,u1_0.fxnum,u1_0.group_id,u1_0.house_adres,u1_0.house_end_telno,u1_0.house_middle_telno,u1_0.ihidnum,u1_0.pstinst_code,u1_0.last_updusr_id,u1_0.last_updt_pnttm,u1_0.lock_at,u1_0.lock_cnt,u1_0.lock_last_pnttm,u1_0.mbtlnum,u1_0.ofcps_nm,u1_0.offm_telno,u1_0.orgnzt_id,u1_0.password,u1_0.password_cnsr,u1_0.password_hint,u1_0.chg_pwd_last_pnttm,u1_0.role,u1_0.sbscrb_de,u1_0.sexdstn_code,u1_0.crtfc_dn_value,u1_0.user_nm,u1_0.zip from nemplyrinfo u1_0 where u1_0.emplyr_id=?
2026-03-16 17:16:47 [http-nio-8080-exec-12] DEBUG org.hibernate.SQL - select u1_0.emplyr_id,u1_0.area_no,u1_0.brthdy,u1_0.chg_pwd_cnt,u1_0.frst_register_id,u1_0.frst_regist_pnttm,u1_0.detail_adres,u1_0.email_adres,u1_0.emplyr_sttus_code,u1_0.empl_no,u1_0.esntl_id,u1_0.fxnum,u1_0.group_id,u1_0.house_adres,u1_0.house_end_telno,u1_0.house_middle_telno,u1_0.ihidnum,u1_0.pstinst_code,u1_0.last_updusr_id,u1_0.last_updt_pnttm,u1_0.lock_at,u1_0.lock_cnt,u1_0.lock_last_pnttm,u1_0.mbtlnum,u1_0.ofcps_nm,u1_0.offm_telno,u1_0.orgnzt_id,u1_0.password,u1_0.password_cnsr,u1_0.password_hint,u1_0.chg_pwd_last_pnttm,u1_0.role,u1_0.sbscrb_de,u1_0.sexdstn_code,u1_0.crtfc_dn_value,u1_0.user_nm,u1_0.zip from nemplyrinfo u1_0 where u1_0.emplyr_id=?
2026-03-16 17:16:47 [http-nio-8080-exec-13] DEBUG o.s.orm.jpa.JpaTransactionManager - Exposing JPA transaction as JDBC [org.springframework.orm.jpa.vendor.HibernateJpaDialect$HibernateConnectionHandle@18cb82d4]
2026-03-16 17:16:47 [http-nio-8080-exec-13] DEBUG o.s.orm.jpa.JpaTransactionManager - Found thread-bound EntityManager [SessionImpl(412992903<open>)] for JPA transaction
2026-03-16 17:16:47 [http-nio-8080-exec-13] DEBUG o.s.orm.jpa.JpaTransactionManager - Participating in existing transaction
2026-03-16 17:16:47 [http-nio-8080-exec-13] DEBUG org.hibernate.SQL - select u1_0.emplyr_id,u1_0.area_no,u1_0.brthdy,u1_0.chg_pwd_cnt,u1_0.frst_register_id,u1_0.frst_regist_pnttm,u1_0.detail_adres,u1_0.email_adres,u1_0.emplyr_sttus_code,u1_0.empl_no,u1_0.esntl_id,u1_0.fxnum,u1_0.group_id,u1_0.house_adres,u1_0.house_end_telno,u1_0.house_middle_telno,u1_0.ihidnum,u1_0.pstinst_code,u1_0.last_updusr_id,u1_0.last_updt_pnttm,u1_0.lock_at,u1_0.lock_cnt,u1_0.lock_last_pnttm,u1_0.mbtlnum,u1_0.ofcps_nm,u1_0.offm_telno,u1_0.orgnzt_id,u1_0.password,u1_0.password_cnsr,u1_0.password_hint,u1_0.chg_pwd_last_pnttm,u1_0.role,u1_0.sbscrb_de,u1_0.sexdstn_code,u1_0.crtfc_dn_value,u1_0.user_nm,u1_0.zip from nemplyrinfo u1_0 where u1_0.emplyr_id=?
2026-03-16 17:16:47 [http-nio-8080-exec-12] DEBUG o.s.orm.jpa.JpaTransactionManager - Found thread-bound EntityManager [SessionImpl(764032110<open>)] for JPA transaction
2026-03-16 17:16:47 [http-nio-8080-exec-12] DEBUG o.s.orm.jpa.JpaTransactionManager - Participating in existing transaction
2026-03-16 17:16:47 [http-nio-8080-exec-12] DEBUG org.hibernate.SQL - select ua1_0.scrty_dtrmn_trget_id,ua1_0.author_code,ua1_0.frst_register_id,ua1_0.frst_regist_pnttm,ua1_0.last_updusr_id,ua1_0.last_updt_pnttm,ua1_0.mber_ty_code from nemplyrscrtyestbs ua1_0 where ua1_0.scrty_dtrmn_trget_id=?
2026-03-16 17:16:47 [http-nio-8080-exec-19] DEBUG o.s.orm.jpa.JpaTransactionManager - Found thread-bound EntityManager [SessionImpl(297750804<open>)] for JPA transaction
2026-03-16 17:16:47 [http-nio-8080-exec-19] DEBUG o.s.orm.jpa.JpaTransactionManager - Participating in existing transaction
2026-03-16 17:16:47 [http-nio-8080-exec-19] DEBUG org.hibernate.SQL - select ua1_0.scrty_dtrmn_trget_id,ua1_0.author_code,ua1_0.frst_register_id,ua1_0.frst_regist_pnttm,ua1_0.last_updusr_id,ua1_0.last_updt_pnttm,ua1_0.mber_ty_code from nemplyrscrtyestbs ua1_0 where ua1_0.scrty_dtrmn_trget_id=?
2026-03-16 17:16:47 [http-nio-8080-exec-13] DEBUG o.s.orm.jpa.JpaTransactionManager - Found thread-bound EntityManager [SessionImpl(412992903<open>)] for JPA transaction
2026-03-16 17:16:47 [http-nio-8080-exec-13] DEBUG o.s.orm.jpa.JpaTransactionManager - Participating in existing transaction
2026-03-16 17:16:47 [http-nio-8080-exec-13] DEBUG org.hibernate.SQL - select ua1_0.scrty_dtrmn_trget_id,ua1_0.author_code,ua1_0.frst_register_id,ua1_0.frst_regist_pnttm,ua1_0.last_updusr_id,ua1_0.last_updt_pnttm,ua1_0.mber_ty_code from nemplyrscrtyestbs ua1_0 where ua1_0.scrty_dtrmn_trget_id=?
2026-03-16 17:16:47 [http-nio-8080-exec-12] DEBUG o.s.orm.jpa.JpaTransactionManager - Initiating transaction commit
2026-03-16 17:16:47 [http-nio-8080-exec-12] DEBUG o.s.orm.jpa.JpaTransactionManager - Committing JPA transaction on EntityManager [SessionImpl(764032110<open>)]
2026-03-16 17:16:47 [http-nio-8080-exec-19] DEBUG o.s.orm.jpa.JpaTransactionManager - Initiating transaction commit
2026-03-16 17:16:47 [http-nio-8080-exec-19] DEBUG o.s.orm.jpa.JpaTransactionManager - Committing JPA transaction on EntityManager [SessionImpl(297750804<open>)]
2026-03-16 17:16:47 [http-nio-8080-exec-13] DEBUG o.s.orm.jpa.JpaTransactionManager - Initiating transaction commit
2026-03-16 17:16:47 [http-nio-8080-exec-13] DEBUG o.s.orm.jpa.JpaTransactionManager - Committing JPA transaction on EntityManager [SessionImpl(412992903<open>)]
2026-03-16 17:16:47 [http-nio-8080-exec-12] DEBUG o.s.orm.jpa.JpaTransactionManager - Closing JPA EntityManager [SessionImpl(764032110<open>)] after transaction
2026-03-16 17:16:47 [http-nio-8080-exec-12] DEBUG c.c.p.s.jwt.JwtAuthenticationFilter - >>> [JwtFilter] Successfully authenticated user: USRCNFRM_99999999999, Authorities: [ROLE_ADMIN]
2026-03-16 17:16:47 [http-nio-8080-exec-12] DEBUG o.s.web.servlet.DispatcherServlet - GET "/api/v1/menu/head", parameters={}
2026-03-16 17:16:47 [http-nio-8080-exec-12] TRACE o.s.w.s.m.m.a.RequestMappingHandlerMapping - Mapped to com.company.project.api.controller.menu.MenuController#getHeadMenu()
2026-03-16 17:16:47 [http-nio-8080-exec-12] INFO  c.c.p.a.c.menu.MenuController - getHeadMenu called
2026-03-16 17:16:47 [http-nio-8080-exec-12] INFO  c.c.p.a.c.menu.MenuController - getHeadMenu returned 5 items
2026-03-16 17:16:47 [http-nio-8080-exec-12] DEBUG o.s.w.s.m.m.a.HttpEntityMethodProcessor - Using 'application/json', given [application/json, text/plain, */*] and supported [application/json, application/*+json, application/yaml]
2026-03-16 17:16:47 [http-nio-8080-exec-12] TRACE o.s.w.s.m.m.a.HttpEntityMethodProcessor - Writing [ApiResponse[success=true, status=200, code=COMMON_001, message=Success, data={list=[com.company.project.service.menu.dto.MenuDto@2b80d6b0, com.company.project.service.menu.dto.MenuDto@1418cfa3, com.company.project.service.menu.dto.MenuDto@f230bf1, com.company.project.service.menu.dto.MenuDto@734a7f6a, com.company.project.service.menu.dto.MenuDto@5e5202e5]}, timestamp=2026-03-16T17:16:47.999864200]]
2026-03-16 17:16:48 [http-nio-8080-exec-12] INFO  c.c.p.a.i.OperationalAuditInterceptor - API Audit Log: URL=/api/v1/menu/head, User=webmaster, IP=127.0.0.1
2026-03-16 17:16:48 [http-nio-8080-exec-12] DEBUG o.s.web.servlet.DispatcherServlet - Completed 200 OK
2026-03-16 17:16:48 [http-nio-8080-exec-19] DEBUG o.s.orm.jpa.JpaTransactionManager - Closing JPA EntityManager [SessionImpl(297750804<open>)] after transaction
2026-03-16 17:16:48 [http-nio-8080-exec-19] DEBUG c.c.p.s.jwt.JwtAuthenticationFilter - >>> [JwtFilter] Successfully authenticated user: USRCNFRM_99999999999, Authorities: [ROLE_ADMIN]
2026-03-16 17:16:48 [http-nio-8080-exec-19] DEBUG o.s.web.servlet.DispatcherServlet - GET "/api/v1/auth/me", parameters={}
2026-03-16 17:16:48 [http-nio-8080-exec-19] TRACE o.s.w.s.m.m.a.RequestMappingHandlerMapping - Mapped to com.company.project.api.auth.AuthController#getCurrentUser()
2026-03-16 17:16:48 [http-nio-8080-exec-19] DEBUG o.s.w.s.m.m.a.RequestResponseBodyMethodProcessor - Using 'application/json', given [application/json, text/plain, */*] and supported [application/json, application/*+json, application/yaml]
2026-03-16 17:16:48 [http-nio-8080-exec-19] TRACE o.s.w.s.m.m.a.RequestResponseBodyMethodProcessor - Writing [ApiResponse[success=true, status=200, code=COMMON_001, message=Success, data={role=ROLE_ADMIN, userSe=EMP, name=관리자, id=webmaster}, timestamp=2026-03-16T17:16:48.004494500]]
2026-03-16 17:16:48 [http-nio-8080-exec-19] INFO  c.c.p.a.i.OperationalAuditInterceptor - API Audit Log: URL=/api/v1/auth/me, User=webmaster, IP=127.0.0.1
2026-03-16 17:16:48 [http-nio-8080-exec-19] DEBUG o.s.web.servlet.DispatcherServlet - Completed 200 OK
2026-03-16 17:16:48 [http-nio-8080-exec-13] DEBUG o.s.orm.jpa.JpaTransactionManager - Closing JPA EntityManager [SessionImpl(412992903<open>)] after transaction
2026-03-16 17:16:48 [http-nio-8080-exec-13] DEBUG c.c.p.s.jwt.JwtAuthenticationFilter - >>> [JwtFilter] Successfully authenticated user: USRCNFRM_99999999999, Authorities: [ROLE_ADMIN]
2026-03-16 17:16:48 [http-nio-8080-exec-13] DEBUG o.s.web.servlet.DispatcherServlet - GET "/api/v1/menu/left?menuNo=10", parameters={masked}
2026-03-16 17:16:48 [http-nio-8080-exec-13] TRACE o.s.w.s.m.m.a.RequestMappingHandlerMapping - Mapped to com.company.project.api.controller.menu.MenuController#getLeftMenu(Long)
2026-03-16 17:16:48 [http-nio-8080-exec-13] INFO  c.c.p.a.c.menu.MenuController - getLeftMenu called with menuNo=10
2026-03-16 17:16:48 [http-nio-8080-exec-13] DEBUG o.s.orm.jpa.JpaTransactionManager - Creating new transaction with name [com.company.project.service.menu.MenuService.getSubMenus]: PROPAGATION_REQUIRED,ISOLATION_DEFAULT,readOnly
2026-03-16 17:16:48 [http-nio-8080-exec-13] DEBUG o.s.orm.jpa.JpaTransactionManager - Opened new EntityManager [SessionImpl(1399028976<open>)] for JPA transaction
2026-03-16 17:16:48 [http-nio-8080-exec-13] DEBUG o.s.orm.jpa.JpaTransactionManager - Exposing JPA transaction as JDBC [org.springframework.orm.jpa.vendor.HibernateJpaDialect$HibernateConnectionHandle@9128d12]
2026-03-16 17:16:48 [http-nio-8080-exec-13] DEBUG org.hibernate.SQL - select m1_0.menu_no,m1_0.menu_dc,m1_0.menu_nm,m1_0.menu_ordr,m1_0.modern_route,m1_0.progrm_file_nm,m1_0.relate_image_nm,m1_0.relate_image_path,m1_0.route_updated_at,m1_0.upper_menu_no from nmenuinfo m1_0 order by m1_0.upper_menu_no,m1_0.menu_ordr
2026-03-16 17:16:48 [http-nio-8080-exec-8] DEBUG c.c.p.s.jwt.JwtAuthenticationFilter - >>> [JwtFilter] Processing request: GET /api/v1/notifications/unread-count
2026-03-16 17:16:48 [http-nio-8080-exec-3] DEBUG c.c.p.s.jwt.JwtAuthenticationFilter - >>> [JwtFilter] Processing request: GET /api/v1/notifications
2026-03-16 17:16:48 [http-nio-8080-exec-8] DEBUG c.c.p.s.jwt.JwtAuthenticationFilter - >>> [JwtFilter] Found token in header for path: /api/v1/notifications/unread-count
2026-03-16 17:16:48 [http-nio-8080-exec-3] DEBUG c.c.p.s.jwt.JwtAuthenticationFilter - >>> [JwtFilter] Found token in header for path: /api/v1/notifications
2026-03-16 17:16:48 [http-nio-8080-exec-8] DEBUG o.s.orm.jpa.JpaTransactionManager - Creating new transaction with name [com.company.project.security.iam.CustomUserDetailsService.loadUserByUsername]: PROPAGATION_REQUIRED,ISOLATION_DEFAULT,readOnly
2026-03-16 17:16:48 [http-nio-8080-exec-3] DEBUG o.s.orm.jpa.JpaTransactionManager - Creating new transaction with name [com.company.project.security.iam.CustomUserDetailsService.loadUserByUsername]: PROPAGATION_REQUIRED,ISOLATION_DEFAULT,readOnly
2026-03-16 17:16:48 [http-nio-8080-exec-8] DEBUG o.s.orm.jpa.JpaTransactionManager - Opened new EntityManager [SessionImpl(1452955740<open>)] for JPA transaction
2026-03-16 17:16:48 [http-nio-8080-exec-3] DEBUG o.s.orm.jpa.JpaTransactionManager - Opened new EntityManager [SessionImpl(2051566668<open>)] for JPA transaction
2026-03-16 17:16:48 [http-nio-8080-exec-9] DEBUG o.s.web.servlet.DispatcherServlet - GET "/ws/info?t=1773649008031", parameters={masked}
2026-03-16 17:16:48 [http-nio-8080-exec-9] DEBUG o.s.w.s.s.s.WebSocketHandlerMapping - Mapped to org.springframework.web.socket.sockjs.support.SockJsHttpRequestHandler@3d80b7ba
2026-03-16 17:16:48 [http-nio-8080-exec-9] DEBUG o.s.w.s.s.t.h.DefaultSockJsService - Processing transport request: GET http://localhost:8080/ws/info?t=1773649008031
2026-03-16 17:16:48 [http-nio-8080-exec-9] DEBUG o.s.web.servlet.DispatcherServlet - Completed 200 OK
2026-03-16 17:16:48 [http-nio-8080-exec-2] DEBUG o.s.web.servlet.DispatcherServlet - GET "/ws/291/zahvi0eq/websocket", parameters={}
2026-03-16 17:16:48 [http-nio-8080-exec-2] DEBUG o.s.w.s.s.s.WebSocketHandlerMapping - Mapped to org.springframework.web.socket.sockjs.support.SockJsHttpRequestHandler@3d80b7ba
2026-03-16 17:16:48 [http-nio-8080-exec-2] DEBUG o.s.w.s.s.t.h.DefaultSockJsService - Processing transport request: GET http://localhost:8080/ws/291/zahvi0eq/websocket
2026-03-16 17:16:48 [http-nio-8080-exec-2] DEBUG o.s.web.servlet.DispatcherServlet - Completed 101 SWITCHING_PROTOCOLS
2026-03-16 17:16:48 [http-nio-8080-exec-2] DEBUG o.s.w.s.h.LoggingWebSocketHandlerDecorator - New WebSocketServerSockJsSession[id=zahvi0eq]
2026-03-16 17:16:48 [scheduling-1] DEBUG org.springframework.web.SimpLogging - Processing CONNECT session=zahvi0eq
2026-03-16 17:16:48 [scheduling-1] DEBUG org.springframework.web.SimpLogging - Processing SUBSCRIBE /topic/notices id=sub-0 session=zahvi0eq
2026-03-16 17:16:48 [scheduling-1] DEBUG org.springframework.web.SimpLogging - Processing SUBSCRIBE destination=/queue/notifications-userzahvi0eq subscriptionId=sub-1 session=zahvi0eq payload=byte[0]
2026-03-16 17:16:48 [scheduling-1] DEBUG org.springframework.web.SimpLogging - Processing SUBSCRIBE /topic/public id=sub-2 session=zahvi0eq
2026-03-16 17:16:48 [http-nio-8080-exec-8] DEBUG o.s.orm.jpa.JpaTransactionManager - Exposing JPA transaction as JDBC [org.springframework.orm.jpa.vendor.HibernateJpaDialect$HibernateConnectionHandle@6b4043c4]
2026-03-16 17:16:48 [http-nio-8080-exec-8] DEBUG o.s.orm.jpa.JpaTransactionManager - Found thread-bound EntityManager [SessionImpl(1452955740<open>)] for JPA transaction
2026-03-16 17:16:48 [http-nio-8080-exec-8] DEBUG o.s.orm.jpa.JpaTransactionManager - Participating in existing transaction
2026-03-16 17:16:48 [http-nio-8080-exec-8] DEBUG org.hibernate.SQL - select u1_0.emplyr_id,u1_0.area_no,u1_0.brthdy,u1_0.chg_pwd_cnt,u1_0.frst_register_id,u1_0.frst_regist_pnttm,u1_0.detail_adres,u1_0.email_adres,u1_0.emplyr_sttus_code,u1_0.empl_no,u1_0.esntl_id,u1_0.fxnum,u1_0.group_id,u1_0.house_adres,u1_0.house_end_telno,u1_0.house_middle_telno,u1_0.ihidnum,u1_0.pstinst_code,u1_0.last_updusr_id,u1_0.last_updt_pnttm,u1_0.lock_at,u1_0.lock_cnt,u1_0.lock_last_pnttm,u1_0.mbtlnum,u1_0.ofcps_nm,u1_0.offm_telno,u1_0.orgnzt_id,u1_0.password,u1_0.password_cnsr,u1_0.password_hint,u1_0.chg_pwd_last_pnttm,u1_0.role,u1_0.sbscrb_de,u1_0.sexdstn_code,u1_0.crtfc_dn_value,u1_0.user_nm,u1_0.zip from nemplyrinfo u1_0 where u1_0.emplyr_id=?
2026-03-16 17:16:48 [http-nio-8080-exec-3] DEBUG o.s.orm.jpa.JpaTransactionManager - Exposing JPA transaction as JDBC [org.springframework.orm.jpa.vendor.HibernateJpaDialect$HibernateConnectionHandle@7770a308]
2026-03-16 17:16:48 [http-nio-8080-exec-3] DEBUG o.s.orm.jpa.JpaTransactionManager - Found thread-bound EntityManager [SessionImpl(2051566668<open>)] for JPA transaction
2026-03-16 17:16:48 [http-nio-8080-exec-3] DEBUG o.s.orm.jpa.JpaTransactionManager - Participating in existing transaction
2026-03-16 17:16:48 [http-nio-8080-exec-3] DEBUG org.hibernate.SQL - select u1_0.emplyr_id,u1_0.area_no,u1_0.brthdy,u1_0.chg_pwd_cnt,u1_0.frst_register_id,u1_0.frst_regist_pnttm,u1_0.detail_adres,u1_0.email_adres,u1_0.emplyr_sttus_code,u1_0.empl_no,u1_0.esntl_id,u1_0.fxnum,u1_0.group_id,u1_0.house_adres,u1_0.house_end_telno,u1_0.house_middle_telno,u1_0.ihidnum,u1_0.pstinst_code,u1_0.last_updusr_id,u1_0.last_updt_pnttm,u1_0.lock_at,u1_0.lock_cnt,u1_0.lock_last_pnttm,u1_0.mbtlnum,u1_0.ofcps_nm,u1_0.offm_telno,u1_0.orgnzt_id,u1_0.password,u1_0.password_cnsr,u1_0.password_hint,u1_0.chg_pwd_last_pnttm,u1_0.role,u1_0.sbscrb_de,u1_0.sexdstn_code,u1_0.crtfc_dn_value,u1_0.user_nm,u1_0.zip from nemplyrinfo u1_0 where u1_0.emplyr_id=?
2026-03-16 17:16:48 [http-nio-8080-exec-13] DEBUG o.s.orm.jpa.JpaTransactionManager - Found thread-bound EntityManager [SessionImpl(1399028976<open>)] for JPA transaction
2026-03-16 17:16:48 [http-nio-8080-exec-13] DEBUG o.s.orm.jpa.JpaTransactionManager - Participating in existing transaction
2026-03-16 17:16:48 [http-nio-8080-exec-13] DEBUG org.hibernate.SQL - select p1_0.progrm_file_nm,p1_0.progrm_dc,p1_0.progrm_korean_nm,p1_0.progrm_stre_path,p1_0.url from nprogrmlist p1_0
2026-03-16 17:16:48 [http-nio-8080-exec-3] DEBUG o.s.orm.jpa.JpaTransactionManager - Found thread-bound EntityManager [SessionImpl(2051566668<open>)] for JPA transaction
2026-03-16 17:16:48 [http-nio-8080-exec-8] DEBUG o.s.orm.jpa.JpaTransactionManager - Found thread-bound EntityManager [SessionImpl(1452955740<open>)] for JPA transaction
2026-03-16 17:16:48 [http-nio-8080-exec-3] DEBUG o.s.orm.jpa.JpaTransactionManager - Participating in existing transaction
2026-03-16 17:16:48 [http-nio-8080-exec-8] DEBUG o.s.orm.jpa.JpaTransactionManager - Participating in existing transaction
2026-03-16 17:16:48 [http-nio-8080-exec-3] DEBUG org.hibernate.SQL - select ua1_0.scrty_dtrmn_trget_id,ua1_0.author_code,ua1_0.frst_register_id,ua1_0.frst_regist_pnttm,ua1_0.last_updusr_id,ua1_0.last_updt_pnttm,ua1_0.mber_ty_code from nemplyrscrtyestbs ua1_0 where ua1_0.scrty_dtrmn_trget_id=?
2026-03-16 17:16:48 [http-nio-8080-exec-8] DEBUG org.hibernate.SQL - select ua1_0.scrty_dtrmn_trget_id,ua1_0.author_code,ua1_0.frst_register_id,ua1_0.frst_regist_pnttm,ua1_0.last_updusr_id,ua1_0.last_updt_pnttm,ua1_0.mber_ty_code from nemplyrscrtyestbs ua1_0 where ua1_0.scrty_dtrmn_trget_id=?
2026-03-16 17:16:48 [http-nio-8080-exec-13] DEBUG o.s.orm.jpa.JpaTransactionManager - Initiating transaction commit
2026-03-16 17:16:48 [http-nio-8080-exec-13] DEBUG o.s.orm.jpa.JpaTransactionManager - Committing JPA transaction on EntityManager [SessionImpl(1399028976<open>)]
2026-03-16 17:16:48 [http-nio-8080-exec-3] DEBUG o.s.orm.jpa.JpaTransactionManager - Initiating transaction commit
2026-03-16 17:16:48 [http-nio-8080-exec-3] DEBUG o.s.orm.jpa.JpaTransactionManager - Committing JPA transaction on EntityManager [SessionImpl(2051566668<open>)]
2026-03-16 17:16:48 [http-nio-8080-exec-8] DEBUG o.s.orm.jpa.JpaTransactionManager - Initiating transaction commit
2026-03-16 17:16:48 [http-nio-8080-exec-8] DEBUG o.s.orm.jpa.JpaTransactionManager - Committing JPA transaction on EntityManager [SessionImpl(1452955740<open>)]
2026-03-16 17:16:48 [http-nio-8080-exec-13] DEBUG o.s.orm.jpa.JpaTransactionManager - Closing JPA EntityManager [SessionImpl(1399028976<open>)] after transaction
2026-03-16 17:16:48 [http-nio-8080-exec-13] INFO  c.c.p.a.c.menu.MenuController - getLeftMenu returned 5 items
2026-03-16 17:16:48 [http-nio-8080-exec-13] DEBUG o.s.w.s.m.m.a.HttpEntityMethodProcessor - Using 'application/json', given [application/json, text/plain, */*] and supported [application/json, application/*+json, application/yaml]
2026-03-16 17:16:48 [http-nio-8080-exec-13] TRACE o.s.w.s.m.m.a.HttpEntityMethodProcessor - Writing [ApiResponse[success=true, status=200, code=COMMON_001, message=Success, data={list=[com.company.project.service.menu.dto.MenuDto@25c03876, com.company.project.service.menu.dto.MenuDto@4c0c9c16, com.company.project.service.menu.dto.MenuDto@34eebe99, com.company.project.service.menu.dto.MenuDto@2bd3c253, com.company.project.service.menu.dto.MenuDto@f745cd7]}, timestamp=2026-03-16T17:16:48.651886700]]
2026-03-16 17:16:48 [http-nio-8080-exec-13] INFO  c.c.p.a.i.OperationalAuditInterceptor - API Audit Log: URL=/api/v1/menu/left, User=webmaster, IP=127.0.0.1
2026-03-16 17:16:48 [http-nio-8080-exec-13] DEBUG o.s.web.servlet.DispatcherServlet - Completed 200 OK
2026-03-16 17:16:48 [http-nio-8080-exec-3] DEBUG o.s.orm.jpa.JpaTransactionManager - Closing JPA EntityManager [SessionImpl(2051566668<open>)] after transaction
2026-03-16 17:16:48 [http-nio-8080-exec-3] DEBUG c.c.p.s.jwt.JwtAuthenticationFilter - >>> [JwtFilter] Successfully authenticated user: USRCNFRM_99999999999, Authorities: [ROLE_ADMIN]
2026-03-16 17:16:48 [http-nio-8080-exec-3] DEBUG o.s.web.servlet.DispatcherServlet - GET "/api/v1/notifications", parameters={}
2026-03-16 17:16:48 [http-nio-8080-exec-3] TRACE o.s.w.s.m.m.a.RequestMappingHandlerMapping - Mapped to com.company.project.api.controller.notification.NotificationController#getMyNotifications(UserDetails)
2026-03-16 17:16:48 [http-nio-8080-exec-3] DEBUG o.s.orm.jpa.JpaTransactionManager - Creating new transaction with name [com.company.project.service.notification.NotificationService.getActiveNotifications]: PROPAGATION_REQUIRED,ISOLATION_DEFAULT,readOnly
2026-03-16 17:16:48 [http-nio-8080-exec-3] DEBUG o.s.orm.jpa.JpaTransactionManager - Opened new EntityManager [SessionImpl(93369232<open>)] for JPA transaction
2026-03-16 17:16:48 [http-nio-8080-exec-3] DEBUG o.s.orm.jpa.JpaTransactionManager - Exposing JPA transaction as JDBC [org.springframework.orm.jpa.vendor.HibernateJpaDialect$HibernateConnectionHandle@578ab533]
2026-03-16 17:16:48 [http-nio-8080-exec-3] DEBUG o.s.orm.jpa.JpaTransactionManager - Found thread-bound EntityManager [SessionImpl(93369232<open>)] for JPA transaction
2026-03-16 17:16:48 [http-nio-8080-exec-3] DEBUG o.s.orm.jpa.JpaTransactionManager - Participating in existing transaction
2026-03-16 17:16:48 [http-nio-8080-exec-3] DEBUG org.hibernate.SQL - select n1_0.ntcn_no,n1_0.frst_register_id,n1_0.frst_regist_pnttm,n1_0.is_read,n1_0.last_updusr_id,n1_0.last_updt_pnttm,n1_0.link_url,n1_0.ntcn_cn,n1_0.ntcn_sj,n1_0.receiver_id from n_user_notification n1_0
2026-03-16 17:16:48 [http-nio-8080-exec-12] DEBUG c.c.p.s.jwt.JwtAuthenticationFilter - >>> [JwtFilter] Processing request: GET /api/v1/menu/left
2026-03-16 17:16:48 [http-nio-8080-exec-12] DEBUG c.c.p.s.jwt.JwtAuthenticationFilter - >>> [JwtFilter] Found token in header for path: /api/v1/menu/left
2026-03-16 17:16:48 [http-nio-8080-exec-12] DEBUG o.s.orm.jpa.JpaTransactionManager - Creating new transaction with name [com.company.project.security.iam.CustomUserDetailsService.loadUserByUsername]: PROPAGATION_REQUIRED,ISOLATION_DEFAULT,readOnly
2026-03-16 17:16:48 [http-nio-8080-exec-12] DEBUG o.s.orm.jpa.JpaTransactionManager - Opened new EntityManager [SessionImpl(1277280900<open>)] for JPA transaction
2026-03-16 17:16:48 [http-nio-8080-exec-8] DEBUG o.s.orm.jpa.JpaTransactionManager - Closing JPA EntityManager [SessionImpl(1452955740<open>)] after transaction
2026-03-16 17:16:48 [http-nio-8080-exec-8] DEBUG c.c.p.s.jwt.JwtAuthenticationFilter - >>> [JwtFilter] Successfully authenticated user: USRCNFRM_99999999999, Authorities: [ROLE_ADMIN]
2026-03-16 17:16:48 [http-nio-8080-exec-8] DEBUG o.s.web.servlet.DispatcherServlet - GET "/api/v1/notifications/unread-count", parameters={}
2026-03-16 17:16:48 [http-nio-8080-exec-8] TRACE o.s.w.s.m.m.a.RequestMappingHandlerMapping - Mapped to com.company.project.api.controller.notification.NotificationController#getUnreadCount(UserDetails)
2026-03-16 17:16:48 [http-nio-8080-exec-8] DEBUG o.s.orm.jpa.JpaTransactionManager - Creating new transaction with name [com.company.project.service.notification.NotificationService.getUnreadCount]: PROPAGATION_REQUIRED,ISOLATION_DEFAULT,readOnly
2026-03-16 17:16:48 [http-nio-8080-exec-8] DEBUG o.s.orm.jpa.JpaTransactionManager - Opened new EntityManager [SessionImpl(486560870<open>)] for JPA transaction
2026-03-16 17:16:48 [http-nio-8080-exec-8] DEBUG o.s.orm.jpa.JpaTransactionManager - Exposing JPA transaction as JDBC [org.springframework.orm.jpa.vendor.HibernateJpaDialect$HibernateConnectionHandle@13df4c93]
2026-03-16 17:16:48 [http-nio-8080-exec-8] DEBUG org.hibernate.SQL - select count(n1_0.ntcn_no) from n_user_notification n1_0 where n1_0.receiver_id=? and n1_0.is_read=?
2026-03-16 17:16:48 [http-nio-8080-exec-12] DEBUG o.s.orm.jpa.JpaTransactionManager - Exposing JPA transaction as JDBC [org.springframework.orm.jpa.vendor.HibernateJpaDialect$HibernateConnectionHandle@25b5d3c9]
2026-03-16 17:16:48 [http-nio-8080-exec-12] DEBUG o.s.orm.jpa.JpaTransactionManager - Found thread-bound EntityManager [SessionImpl(1277280900<open>)] for JPA transaction
2026-03-16 17:16:48 [http-nio-8080-exec-12] DEBUG o.s.orm.jpa.JpaTransactionManager - Participating in existing transaction
2026-03-16 17:16:48 [http-nio-8080-exec-12] DEBUG org.hibernate.SQL - select u1_0.emplyr_id,u1_0.area_no,u1_0.brthdy,u1_0.chg_pwd_cnt,u1_0.frst_register_id,u1_0.frst_regist_pnttm,u1_0.detail_adres,u1_0.email_adres,u1_0.emplyr_sttus_code,u1_0.empl_no,u1_0.esntl_id,u1_0.fxnum,u1_0.group_id,u1_0.house_adres,u1_0.house_end_telno,u1_0.house_middle_telno,u1_0.ihidnum,u1_0.pstinst_code,u1_0.last_updusr_id,u1_0.last_updt_pnttm,u1_0.lock_at,u1_0.lock_cnt,u1_0.lock_last_pnttm,u1_0.mbtlnum,u1_0.ofcps_nm,u1_0.offm_telno,u1_0.orgnzt_id,u1_0.password,u1_0.password_cnsr,u1_0.password_hint,u1_0.chg_pwd_last_pnttm,u1_0.role,u1_0.sbscrb_de,u1_0.sexdstn_code,u1_0.crtfc_dn_value,u1_0.user_nm,u1_0.zip from nemplyrinfo u1_0 where u1_0.emplyr_id=?
2026-03-16 17:16:48 [http-nio-8080-exec-3] DEBUG o.s.orm.jpa.JpaTransactionManager - Initiating transaction commit
2026-03-16 17:16:48 [http-nio-8080-exec-3] DEBUG o.s.orm.jpa.JpaTransactionManager - Committing JPA transaction on EntityManager [SessionImpl(93369232<open>)]
2026-03-16 17:16:48 [http-nio-8080-exec-8] DEBUG o.s.orm.jpa.JpaTransactionManager - Initiating transaction commit
2026-03-16 17:16:48 [http-nio-8080-exec-8] DEBUG o.s.orm.jpa.JpaTransactionManager - Committing JPA transaction on EntityManager [SessionImpl(486560870<open>)]
2026-03-16 17:16:48 [http-nio-8080-exec-12] DEBUG o.s.orm.jpa.JpaTransactionManager - Found thread-bound EntityManager [SessionImpl(1277280900<open>)] for JPA transaction
2026-03-16 17:16:48 [http-nio-8080-exec-12] DEBUG o.s.orm.jpa.JpaTransactionManager - Participating in existing transaction
2026-03-16 17:16:48 [http-nio-8080-exec-12] DEBUG org.hibernate.SQL - select ua1_0.scrty_dtrmn_trget_id,ua1_0.author_code,ua1_0.frst_register_id,ua1_0.frst_regist_pnttm,ua1_0.last_updusr_id,ua1_0.last_updt_pnttm,ua1_0.mber_ty_code from nemplyrscrtyestbs ua1_0 where ua1_0.scrty_dtrmn_trget_id=?
2026-03-16 17:16:48 [http-nio-8080-exec-3] DEBUG o.s.orm.jpa.JpaTransactionManager - Closing JPA EntityManager [SessionImpl(93369232<open>)] after transaction
2026-03-16 17:16:48 [http-nio-8080-exec-3] DEBUG o.s.w.s.m.m.a.HttpEntityMethodProcessor - Using 'application/json', given [application/json, text/plain, */*] and supported [application/json, application/*+json, application/yaml]
2026-03-16 17:16:48 [http-nio-8080-exec-3] TRACE o.s.w.s.m.m.a.HttpEntityMethodProcessor - Writing [ApiResponse[success=true, status=200, code=COMMON_001, message=Success, data=[NotificationDto(ntfcNo=NT001, ntfcSj=테스트 알림입니다, ntfcCn=알림 내용입니다, ntfcDate=null, ntfcTime=2026-02-25T00:59:33.784070, bhNtfcIntrvl=null, uniqId=null, frstRegisterId=null, frstRegisterPnttm=2026-02-25T00:59:33.784070, lastUpdusrId=null, lastUpdusrPnttm=null)], timestamp=2026-03-16T17:16:48.970407200]]
2026-03-16 17:16:48 [http-nio-8080-exec-3] INFO  c.c.p.a.i.OperationalAuditInterceptor - API Audit Log: URL=/api/v1/notifications, User=webmaster, IP=127.0.0.1
2026-03-16 17:16:48 [http-nio-8080-exec-3] DEBUG o.s.web.servlet.DispatcherServlet - Completed 200 OK
2026-03-16 17:16:48 [http-nio-8080-exec-19] DEBUG c.c.p.s.jwt.JwtAuthenticationFilter - >>> [JwtFilter] Processing request: GET /api/v1/notifications
2026-03-16 17:16:48 [http-nio-8080-exec-19] DEBUG c.c.p.s.jwt.JwtAuthenticationFilter - >>> [JwtFilter] Found token in header for path: /api/v1/notifications
2026-03-16 17:16:48 [http-nio-8080-exec-19] DEBUG o.s.orm.jpa.JpaTransactionManager - Creating new transaction with name [com.company.project.security.iam.CustomUserDetailsService.loadUserByUsername]: PROPAGATION_REQUIRED,ISOLATION_DEFAULT,readOnly
2026-03-16 17:16:48 [http-nio-8080-exec-19] DEBUG o.s.orm.jpa.JpaTransactionManager - Opened new EntityManager [SessionImpl(444734463<open>)] for JPA transaction
2026-03-16 17:16:48 [http-nio-8080-exec-8] DEBUG o.s.orm.jpa.JpaTransactionManager - Closing JPA EntityManager [SessionImpl(486560870<open>)] after transaction
2026-03-16 17:16:48 [http-nio-8080-exec-8] DEBUG o.s.w.s.m.m.a.HttpEntityMethodProcessor - Using 'application/json', given [application/json, text/plain, */*] and supported [application/json, application/*+json, application/yaml]
2026-03-16 17:16:48 [http-nio-8080-exec-8] TRACE o.s.w.s.m.m.a.HttpEntityMethodProcessor - Writing [ApiResponse[success=true, status=200, code=COMMON_001, message=Success, data=0, timestamp=2026-03-16T17:16:48.977524800]]
2026-03-16 17:16:48 [http-nio-8080-exec-8] INFO  c.c.p.a.i.OperationalAuditInterceptor - API Audit Log: URL=/api/v1/notifications/unread-count, User=webmaster, IP=127.0.0.1
2026-03-16 17:16:48 [http-nio-8080-exec-8] DEBUG o.s.web.servlet.DispatcherServlet - Completed 200 OK
2026-03-16 17:16:48 [http-nio-8080-exec-9] DEBUG c.c.p.s.jwt.JwtAuthenticationFilter - >>> [JwtFilter] Processing request: GET /api/v1/notifications/unread-count
2026-03-16 17:16:48 [http-nio-8080-exec-9] DEBUG c.c.p.s.jwt.JwtAuthenticationFilter - >>> [JwtFilter] Found token in header for path: /api/v1/notifications/unread-count
2026-03-16 17:16:48 [http-nio-8080-exec-9] DEBUG o.s.orm.jpa.JpaTransactionManager - Creating new transaction with name [com.company.project.security.iam.CustomUserDetailsService.loadUserByUsername]: PROPAGATION_REQUIRED,ISOLATION_DEFAULT,readOnly
2026-03-16 17:16:48 [http-nio-8080-exec-9] DEBUG o.s.orm.jpa.JpaTransactionManager - Opened new EntityManager [SessionImpl(970145762<open>)] for JPA transaction
2026-03-16 17:16:49 [http-nio-8080-exec-12] DEBUG o.s.orm.jpa.JpaTransactionManager - Initiating transaction commit
2026-03-16 17:16:49 [http-nio-8080-exec-12] DEBUG o.s.orm.jpa.JpaTransactionManager - Committing JPA transaction on EntityManager [SessionImpl(1277280900<open>)]
2026-03-16 17:16:49 [http-nio-8080-exec-19] DEBUG o.s.orm.jpa.JpaTransactionManager - Exposing JPA transaction as JDBC [org.springframework.orm.jpa.vendor.HibernateJpaDialect$HibernateConnectionHandle@7b3b85be]
2026-03-16 17:16:49 [http-nio-8080-exec-19] DEBUG o.s.orm.jpa.JpaTransactionManager - Found thread-bound EntityManager [SessionImpl(444734463<open>)] for JPA transaction
2026-03-16 17:16:49 [http-nio-8080-exec-19] DEBUG o.s.orm.jpa.JpaTransactionManager - Participating in existing transaction
2026-03-16 17:16:49 [http-nio-8080-exec-19] DEBUG org.hibernate.SQL - select u1_0.emplyr_id,u1_0.area_no,u1_0.brthdy,u1_0.chg_pwd_cnt,u1_0.frst_register_id,u1_0.frst_regist_pnttm,u1_0.detail_adres,u1_0.email_adres,u1_0.emplyr_sttus_code,u1_0.empl_no,u1_0.esntl_id,u1_0.fxnum,u1_0.group_id,u1_0.house_adres,u1_0.house_end_telno,u1_0.house_middle_telno,u1_0.ihidnum,u1_0.pstinst_code,u1_0.last_updusr_id,u1_0.last_updt_pnttm,u1_0.lock_at,u1_0.lock_cnt,u1_0.lock_last_pnttm,u1_0.mbtlnum,u1_0.ofcps_nm,u1_0.offm_telno,u1_0.orgnzt_id,u1_0.password,u1_0.password_cnsr,u1_0.password_hint,u1_0.chg_pwd_last_pnttm,u1_0.role,u1_0.sbscrb_de,u1_0.sexdstn_code,u1_0.crtfc_dn_value,u1_0.user_nm,u1_0.zip from nemplyrinfo u1_0 where u1_0.emplyr_id=?
2026-03-16 17:16:49 [http-nio-8080-exec-9] DEBUG o.s.orm.jpa.JpaTransactionManager - Exposing JPA transaction as JDBC [org.springframework.orm.jpa.vendor.HibernateJpaDialect$HibernateConnectionHandle@284215d1]
2026-03-16 17:16:49 [http-nio-8080-exec-9] DEBUG o.s.orm.jpa.JpaTransactionManager - Found thread-bound EntityManager [SessionImpl(970145762<open>)] for JPA transaction
2026-03-16 17:16:49 [http-nio-8080-exec-9] DEBUG o.s.orm.jpa.JpaTransactionManager - Participating in existing transaction
2026-03-16 17:16:49 [http-nio-8080-exec-9] DEBUG org.hibernate.SQL - select u1_0.emplyr_id,u1_0.area_no,u1_0.brthdy,u1_0.chg_pwd_cnt,u1_0.frst_register_id,u1_0.frst_regist_pnttm,u1_0.detail_adres,u1_0.email_adres,u1_0.emplyr_sttus_code,u1_0.empl_no,u1_0.esntl_id,u1_0.fxnum,u1_0.group_id,u1_0.house_adres,u1_0.house_end_telno,u1_0.house_middle_telno,u1_0.ihidnum,u1_0.pstinst_code,u1_0.last_updusr_id,u1_0.last_updt_pnttm,u1_0.lock_at,u1_0.lock_cnt,u1_0.lock_last_pnttm,u1_0.mbtlnum,u1_0.ofcps_nm,u1_0.offm_telno,u1_0.orgnzt_id,u1_0.password,u1_0.password_cnsr,u1_0.password_hint,u1_0.chg_pwd_last_pnttm,u1_0.role,u1_0.sbscrb_de,u1_0.sexdstn_code,u1_0.crtfc_dn_value,u1_0.user_nm,u1_0.zip from nemplyrinfo u1_0 where u1_0.emplyr_id=?
2026-03-16 17:16:49 [http-nio-8080-exec-12] DEBUG o.s.orm.jpa.JpaTransactionManager - Closing JPA EntityManager [SessionImpl(1277280900<open>)] after transaction
2026-03-16 17:16:49 [http-nio-8080-exec-12] DEBUG c.c.p.s.jwt.JwtAuthenticationFilter - >>> [JwtFilter] Successfully authenticated user: USRCNFRM_99999999999, Authorities: [ROLE_ADMIN]
2026-03-16 17:16:49 [http-nio-8080-exec-12] DEBUG o.s.web.servlet.DispatcherServlet - GET "/api/v1/menu/left?menuNo=20", parameters={masked}
2026-03-16 17:16:49 [http-nio-8080-exec-12] TRACE o.s.w.s.m.m.a.RequestMappingHandlerMapping - Mapped to com.company.project.api.controller.menu.MenuController#getLeftMenu(Long)
2026-03-16 17:16:49 [http-nio-8080-exec-12] INFO  c.c.p.a.c.menu.MenuController - getLeftMenu called with menuNo=20
2026-03-16 17:16:49 [http-nio-8080-exec-12] DEBUG o.s.orm.jpa.JpaTransactionManager - Creating new transaction with name [com.company.project.service.menu.MenuService.getSubMenus]: PROPAGATION_REQUIRED,ISOLATION_DEFAULT,readOnly
2026-03-16 17:16:49 [http-nio-8080-exec-12] DEBUG o.s.orm.jpa.JpaTransactionManager - Opened new EntityManager [SessionImpl(1686346258<open>)] for JPA transaction
2026-03-16 17:16:49 [http-nio-8080-exec-12] DEBUG o.s.orm.jpa.JpaTransactionManager - Exposing JPA transaction as JDBC [org.springframework.orm.jpa.vendor.HibernateJpaDialect$HibernateConnectionHandle@704d478d]
2026-03-16 17:16:49 [http-nio-8080-exec-12] DEBUG org.hibernate.SQL - select m1_0.menu_no,m1_0.menu_dc,m1_0.menu_nm,m1_0.menu_ordr,m1_0.modern_route,m1_0.progrm_file_nm,m1_0.relate_image_nm,m1_0.relate_image_path,m1_0.route_updated_at,m1_0.upper_menu_no from nmenuinfo m1_0 order by m1_0.upper_menu_no,m1_0.menu_ordr
2026-03-16 17:16:49 [http-nio-8080-exec-19] DEBUG o.s.orm.jpa.JpaTransactionManager - Found thread-bound EntityManager [SessionImpl(444734463<open>)] for JPA transaction
2026-03-16 17:16:49 [http-nio-8080-exec-19] DEBUG o.s.orm.jpa.JpaTransactionManager - Participating in existing transaction
2026-03-16 17:16:49 [http-nio-8080-exec-19] DEBUG org.hibernate.SQL - select ua1_0.scrty_dtrmn_trget_id,ua1_0.author_code,ua1_0.frst_register_id,ua1_0.frst_regist_pnttm,ua1_0.last_updusr_id,ua1_0.last_updt_pnttm,ua1_0.mber_ty_code from nemplyrscrtyestbs ua1_0 where ua1_0.scrty_dtrmn_trget_id=?
2026-03-16 17:16:49 [http-nio-8080-exec-9] DEBUG o.s.orm.jpa.JpaTransactionManager - Found thread-bound EntityManager [SessionImpl(970145762<open>)] for JPA transaction
2026-03-16 17:16:49 [http-nio-8080-exec-9] DEBUG o.s.orm.jpa.JpaTransactionManager - Participating in existing transaction
2026-03-16 17:16:49 [http-nio-8080-exec-9] DEBUG org.hibernate.SQL - select ua1_0.scrty_dtrmn_trget_id,ua1_0.author_code,ua1_0.frst_register_id,ua1_0.frst_regist_pnttm,ua1_0.last_updusr_id,ua1_0.last_updt_pnttm,ua1_0.mber_ty_code from nemplyrscrtyestbs ua1_0 where ua1_0.scrty_dtrmn_trget_id=?
2026-03-16 17:16:49 [http-nio-8080-exec-19] DEBUG o.s.orm.jpa.JpaTransactionManager - Initiating transaction commit
2026-03-16 17:16:49 [http-nio-8080-exec-19] DEBUG o.s.orm.jpa.JpaTransactionManager - Committing JPA transaction on EntityManager [SessionImpl(444734463<open>)]
2026-03-16 17:16:49 [http-nio-8080-exec-9] DEBUG o.s.orm.jpa.JpaTransactionManager - Initiating transaction commit
2026-03-16 17:16:49 [http-nio-8080-exec-9] DEBUG o.s.orm.jpa.JpaTransactionManager - Committing JPA transaction on EntityManager [SessionImpl(970145762<open>)]
2026-03-16 17:16:49 [http-nio-8080-exec-12] DEBUG o.s.orm.jpa.JpaTransactionManager - Found thread-bound EntityManager [SessionImpl(1686346258<open>)] for JPA transaction
2026-03-16 17:16:49 [http-nio-8080-exec-12] DEBUG o.s.orm.jpa.JpaTransactionManager - Participating in existing transaction
2026-03-16 17:16:49 [http-nio-8080-exec-12] DEBUG org.hibernate.SQL - select p1_0.progrm_file_nm,p1_0.progrm_dc,p1_0.progrm_korean_nm,p1_0.progrm_stre_path,p1_0.url from nprogrmlist p1_0
2026-03-16 17:16:49 [http-nio-8080-exec-19] DEBUG o.s.orm.jpa.JpaTransactionManager - Closing JPA EntityManager [SessionImpl(444734463<open>)] after transaction
2026-03-16 17:16:49 [http-nio-8080-exec-19] DEBUG c.c.p.s.jwt.JwtAuthenticationFilter - >>> [JwtFilter] Successfully authenticated user: USRCNFRM_99999999999, Authorities: [ROLE_ADMIN]
2026-03-16 17:16:49 [http-nio-8080-exec-19] DEBUG o.s.web.servlet.DispatcherServlet - GET "/api/v1/notifications", parameters={}
2026-03-16 17:16:49 [http-nio-8080-exec-19] TRACE o.s.w.s.m.m.a.RequestMappingHandlerMapping - Mapped to com.company.project.api.controller.notification.NotificationController#getMyNotifications(UserDetails)
2026-03-16 17:16:49 [http-nio-8080-exec-19] DEBUG o.s.orm.jpa.JpaTransactionManager - Creating new transaction with name [com.company.project.service.notification.NotificationService.getActiveNotifications]: PROPAGATION_REQUIRED,ISOLATION_DEFAULT,readOnly
2026-03-16 17:16:49 [http-nio-8080-exec-19] DEBUG o.s.orm.jpa.JpaTransactionManager - Opened new EntityManager [SessionImpl(906750426<open>)] for JPA transaction
2026-03-16 17:16:49 [http-nio-8080-exec-19] DEBUG o.s.orm.jpa.JpaTransactionManager - Exposing JPA transaction as JDBC [org.springframework.orm.jpa.vendor.HibernateJpaDialect$HibernateConnectionHandle@7f837a4e]
2026-03-16 17:16:49 [http-nio-8080-exec-19] DEBUG o.s.orm.jpa.JpaTransactionManager - Found thread-bound EntityManager [SessionImpl(906750426<open>)] for JPA transaction
2026-03-16 17:16:49 [http-nio-8080-exec-19] DEBUG o.s.orm.jpa.JpaTransactionManager - Participating in existing transaction
2026-03-16 17:16:49 [http-nio-8080-exec-19] DEBUG org.hibernate.SQL - select n1_0.ntcn_no,n1_0.frst_register_id,n1_0.frst_regist_pnttm,n1_0.is_read,n1_0.last_updusr_id,n1_0.last_updt_pnttm,n1_0.link_url,n1_0.ntcn_cn,n1_0.ntcn_sj,n1_0.receiver_id from n_user_notification n1_0
2026-03-16 17:16:49 [http-nio-8080-exec-9] DEBUG o.s.orm.jpa.JpaTransactionManager - Closing JPA EntityManager [SessionImpl(970145762<open>)] after transaction
2026-03-16 17:16:49 [http-nio-8080-exec-9] DEBUG c.c.p.s.jwt.JwtAuthenticationFilter - >>> [JwtFilter] Successfully authenticated user: USRCNFRM_99999999999, Authorities: [ROLE_ADMIN]
2026-03-16 17:16:49 [http-nio-8080-exec-9] DEBUG o.s.web.servlet.DispatcherServlet - GET "/api/v1/notifications/unread-count", parameters={}
2026-03-16 17:16:49 [http-nio-8080-exec-9] TRACE o.s.w.s.m.m.a.RequestMappingHandlerMapping - Mapped to com.company.project.api.controller.notification.NotificationController#getUnreadCount(UserDetails)
2026-03-16 17:16:49 [http-nio-8080-exec-9] DEBUG o.s.orm.jpa.JpaTransactionManager - Creating new transaction with name [com.company.project.service.notification.NotificationService.getUnreadCount]: PROPAGATION_REQUIRED,ISOLATION_DEFAULT,readOnly
2026-03-16 17:16:49 [http-nio-8080-exec-9] DEBUG o.s.orm.jpa.JpaTransactionManager - Opened new EntityManager [SessionImpl(1256073898<open>)] for JPA transaction
2026-03-16 17:16:49 [http-nio-8080-exec-9] DEBUG o.s.orm.jpa.JpaTransactionManager - Exposing JPA transaction as JDBC [org.springframework.orm.jpa.vendor.HibernateJpaDialect$HibernateConnectionHandle@64da718b]
2026-03-16 17:16:49 [http-nio-8080-exec-9] DEBUG org.hibernate.SQL - select count(n1_0.ntcn_no) from n_user_notification n1_0 where n1_0.receiver_id=? and n1_0.is_read=?
2026-03-16 17:16:49 [http-nio-8080-exec-12] DEBUG o.s.orm.jpa.JpaTransactionManager - Initiating transaction commit
2026-03-16 17:16:49 [http-nio-8080-exec-12] DEBUG o.s.orm.jpa.JpaTransactionManager - Committing JPA transaction on EntityManager [SessionImpl(1686346258<open>)]
2026-03-16 17:16:49 [http-nio-8080-exec-19] DEBUG o.s.orm.jpa.JpaTransactionManager - Initiating transaction commit
2026-03-16 17:16:49 [http-nio-8080-exec-19] DEBUG o.s.orm.jpa.JpaTransactionManager - Committing JPA transaction on EntityManager [SessionImpl(906750426<open>)]
2026-03-16 17:16:49 [http-nio-8080-exec-9] DEBUG o.s.orm.jpa.JpaTransactionManager - Initiating transaction commit
2026-03-16 17:16:49 [http-nio-8080-exec-9] DEBUG o.s.orm.jpa.JpaTransactionManager - Committing JPA transaction on EntityManager [SessionImpl(1256073898<open>)]
2026-03-16 17:16:49 [http-nio-8080-exec-12] DEBUG o.s.orm.jpa.JpaTransactionManager - Closing JPA EntityManager [SessionImpl(1686346258<open>)] after transaction
2026-03-16 17:16:49 [http-nio-8080-exec-12] INFO  c.c.p.a.c.menu.MenuController - getLeftMenu returned 3 items
2026-03-16 17:16:49 [http-nio-8080-exec-12] DEBUG o.s.w.s.m.m.a.HttpEntityMethodProcessor - Using 'application/json', given [application/json, text/plain, */*] and supported [application/json, application/*+json, application/yaml]
2026-03-16 17:16:49 [http-nio-8080-exec-12] TRACE o.s.w.s.m.m.a.HttpEntityMethodProcessor - Writing [ApiResponse[success=true, status=200, code=COMMON_001, message=Success, data={list=[com.company.project.service.menu.dto.MenuDto@31b74b3a, com.company.project.service.menu.dto.MenuDto@c85fac2, com.company.project.service.menu.dto.MenuDto@79b5ba6b]}, timestamp=2026-03-16T17:16:49.875607500]]
2026-03-16 17:16:49 [http-nio-8080-exec-12] INFO  c.c.p.a.i.OperationalAuditInterceptor - API Audit Log: URL=/api/v1/menu/left, User=webmaster, IP=127.0.0.1
2026-03-16 17:16:49 [http-nio-8080-exec-12] DEBUG o.s.web.servlet.DispatcherServlet - Completed 200 OK
2026-03-16 17:16:49 [http-nio-8080-exec-19] DEBUG o.s.orm.jpa.JpaTransactionManager - Closing JPA EntityManager [SessionImpl(906750426<open>)] after transaction
2026-03-16 17:16:49 [http-nio-8080-exec-19] DEBUG o.s.w.s.m.m.a.HttpEntityMethodProcessor - Using 'application/json', given [application/json, text/plain, */*] and supported [application/json, application/*+json, application/yaml]
2026-03-16 17:16:49 [http-nio-8080-exec-19] TRACE o.s.w.s.m.m.a.HttpEntityMethodProcessor - Writing [ApiResponse[success=true, status=200, code=COMMON_001, message=Success, data=[NotificationDto(ntfcNo=NT001, ntfcSj=테스트 알림입니다, ntfcCn=알림 내용입니다, ntfcDate=null, ntfcTime=2026-02-25T00:59:33.784070, bhNtfcIntrvl=null, uniqId=null, frstRegisterId=null, frstRegisterPnttm=2026-02-25T00:59:33.784070, lastUpdusrId=null, lastUpdusrPnttm=null)], timestamp=2026-03-16T17:16:49.878638800]]
2026-03-16 17:16:49 [http-nio-8080-exec-19] INFO  c.c.p.a.i.OperationalAuditInterceptor - API Audit Log: URL=/api/v1/notifications, User=webmaster, IP=127.0.0.1
2026-03-16 17:16:49 [http-nio-8080-exec-19] DEBUG o.s.web.servlet.DispatcherServlet - Completed 200 OK
2026-03-16 17:16:49 [http-nio-8080-exec-2] DEBUG c.c.p.s.jwt.JwtAuthenticationFilter - >>> [JwtFilter] Processing request: GET /api/v1/menu/left
2026-03-16 17:16:49 [http-nio-8080-exec-2] DEBUG c.c.p.s.jwt.JwtAuthenticationFilter - >>> [JwtFilter] Found token in header for path: /api/v1/menu/left
2026-03-16 17:16:49 [http-nio-8080-exec-2] DEBUG o.s.orm.jpa.JpaTransactionManager - Creating new transaction with name [com.company.project.security.iam.CustomUserDetailsService.loadUserByUsername]: PROPAGATION_REQUIRED,ISOLATION_DEFAULT,readOnly
2026-03-16 17:16:49 [http-nio-8080-exec-2] DEBUG o.s.orm.jpa.JpaTransactionManager - Opened new EntityManager [SessionImpl(33754860<open>)] for JPA transaction
2026-03-16 17:16:49 [http-nio-8080-exec-9] DEBUG o.s.orm.jpa.JpaTransactionManager - Closing JPA EntityManager [SessionImpl(1256073898<open>)] after transaction
2026-03-16 17:16:49 [http-nio-8080-exec-9] DEBUG o.s.w.s.m.m.a.HttpEntityMethodProcessor - Using 'application/json', given [application/json, text/plain, */*] and supported [application/json, application/*+json, application/yaml]
2026-03-16 17:16:49 [http-nio-8080-exec-9] TRACE o.s.w.s.m.m.a.HttpEntityMethodProcessor - Writing [ApiResponse[success=true, status=200, code=COMMON_001, message=Success, data=0, timestamp=2026-03-16T17:16:49.920407300]]
2026-03-16 17:16:49 [http-nio-8080-exec-9] INFO  c.c.p.a.i.OperationalAuditInterceptor - API Audit Log: URL=/api/v1/notifications/unread-count, User=webmaster, IP=127.0.0.1
2026-03-16 17:16:49 [http-nio-8080-exec-9] DEBUG o.s.web.servlet.DispatcherServlet - Completed 200 OK
2026-03-16 17:16:50 [http-nio-8080-exec-2] DEBUG o.s.orm.jpa.JpaTransactionManager - Exposing JPA transaction as JDBC [org.springframework.orm.jpa.vendor.HibernateJpaDialect$HibernateConnectionHandle@60ffa31c]
2026-03-16 17:16:50 [http-nio-8080-exec-2] DEBUG o.s.orm.jpa.JpaTransactionManager - Found thread-bound EntityManager [SessionImpl(33754860<open>)] for JPA transaction
2026-03-16 17:16:50 [http-nio-8080-exec-2] DEBUG o.s.orm.jpa.JpaTransactionManager - Participating in existing transaction
2026-03-16 17:16:50 [http-nio-8080-exec-2] DEBUG org.hibernate.SQL - select u1_0.emplyr_id,u1_0.area_no,u1_0.brthdy,u1_0.chg_pwd_cnt,u1_0.frst_register_id,u1_0.frst_regist_pnttm,u1_0.detail_adres,u1_0.email_adres,u1_0.emplyr_sttus_code,u1_0.empl_no,u1_0.esntl_id,u1_0.fxnum,u1_0.group_id,u1_0.house_adres,u1_0.house_end_telno,u1_0.house_middle_telno,u1_0.ihidnum,u1_0.pstinst_code,u1_0.last_updusr_id,u1_0.last_updt_pnttm,u1_0.lock_at,u1_0.lock_cnt,u1_0.lock_last_pnttm,u1_0.mbtlnum,u1_0.ofcps_nm,u1_0.offm_telno,u1_0.orgnzt_id,u1_0.password,u1_0.password_cnsr,u1_0.password_hint,u1_0.chg_pwd_last_pnttm,u1_0.role,u1_0.sbscrb_de,u1_0.sexdstn_code,u1_0.crtfc_dn_value,u1_0.user_nm,u1_0.zip from nemplyrinfo u1_0 where u1_0.emplyr_id=?
2026-03-16 17:16:50 [http-nio-8080-exec-2] DEBUG o.s.orm.jpa.JpaTransactionManager - Found thread-bound EntityManager [SessionImpl(33754860<open>)] for JPA transaction
2026-03-16 17:16:50 [http-nio-8080-exec-2] DEBUG o.s.orm.jpa.JpaTransactionManager - Participating in existing transaction
2026-03-16 17:16:50 [http-nio-8080-exec-2] DEBUG org.hibernate.SQL - select ua1_0.scrty_dtrmn_trget_id,ua1_0.author_code,ua1_0.frst_register_id,ua1_0.frst_regist_pnttm,ua1_0.last_updusr_id,ua1_0.last_updt_pnttm,ua1_0.mber_ty_code from nemplyrscrtyestbs ua1_0 where ua1_0.scrty_dtrmn_trget_id=?
2026-03-16 17:16:50 [http-nio-8080-exec-2] DEBUG o.s.orm.jpa.JpaTransactionManager - Initiating transaction commit
2026-03-16 17:16:50 [http-nio-8080-exec-2] DEBUG o.s.orm.jpa.JpaTransactionManager - Committing JPA transaction on EntityManager [SessionImpl(33754860<open>)]
2026-03-16 17:16:50 [http-nio-8080-exec-2] DEBUG o.s.orm.jpa.JpaTransactionManager - Closing JPA EntityManager [SessionImpl(33754860<open>)] after transaction
2026-03-16 17:16:50 [http-nio-8080-exec-2] DEBUG c.c.p.s.jwt.JwtAuthenticationFilter - >>> [JwtFilter] Successfully authenticated user: USRCNFRM_99999999999, Authorities: [ROLE_ADMIN]
2026-03-16 17:16:50 [http-nio-8080-exec-2] DEBUG o.s.web.servlet.DispatcherServlet - GET "/api/v1/menu/left?menuNo=40", parameters={masked}
2026-03-16 17:16:50 [http-nio-8080-exec-2] TRACE o.s.w.s.m.m.a.RequestMappingHandlerMapping - Mapped to com.company.project.api.controller.menu.MenuController#getLeftMenu(Long)
2026-03-16 17:16:50 [http-nio-8080-exec-2] INFO  c.c.p.a.c.menu.MenuController - getLeftMenu called with menuNo=40
2026-03-16 17:16:50 [http-nio-8080-exec-2] DEBUG o.s.orm.jpa.JpaTransactionManager - Creating new transaction with name [com.company.project.service.menu.MenuService.getSubMenus]: PROPAGATION_REQUIRED,ISOLATION_DEFAULT,readOnly
2026-03-16 17:16:50 [http-nio-8080-exec-2] DEBUG o.s.orm.jpa.JpaTransactionManager - Opened new EntityManager [SessionImpl(2065107872<open>)] for JPA transaction
2026-03-16 17:16:50 [http-nio-8080-exec-2] DEBUG o.s.orm.jpa.JpaTransactionManager - Exposing JPA transaction as JDBC [org.springframework.orm.jpa.vendor.HibernateJpaDialect$HibernateConnectionHandle@17c4c954]
2026-03-16 17:16:50 [http-nio-8080-exec-2] DEBUG org.hibernate.SQL - select m1_0.menu_no,m1_0.menu_dc,m1_0.menu_nm,m1_0.menu_ordr,m1_0.modern_route,m1_0.progrm_file_nm,m1_0.relate_image_nm,m1_0.relate_image_path,m1_0.route_updated_at,m1_0.upper_menu_no from nmenuinfo m1_0 order by m1_0.upper_menu_no,m1_0.menu_ordr
2026-03-16 17:16:50 [http-nio-8080-exec-2] DEBUG o.s.orm.jpa.JpaTransactionManager - Found thread-bound EntityManager [SessionImpl(2065107872<open>)] for JPA transaction
2026-03-16 17:16:50 [http-nio-8080-exec-2] DEBUG o.s.orm.jpa.JpaTransactionManager - Participating in existing transaction
2026-03-16 17:16:50 [http-nio-8080-exec-2] DEBUG org.hibernate.SQL - select p1_0.progrm_file_nm,p1_0.progrm_dc,p1_0.progrm_korean_nm,p1_0.progrm_stre_path,p1_0.url from nprogrmlist p1_0
2026-03-16 17:16:50 [http-nio-8080-exec-2] DEBUG o.s.orm.jpa.JpaTransactionManager - Initiating transaction commit
2026-03-16 17:16:50 [http-nio-8080-exec-2] DEBUG o.s.orm.jpa.JpaTransactionManager - Committing JPA transaction on EntityManager [SessionImpl(2065107872<open>)]
2026-03-16 17:16:51 [http-nio-8080-exec-2] DEBUG o.s.orm.jpa.JpaTransactionManager - Closing JPA EntityManager [SessionImpl(2065107872<open>)] after transaction
2026-03-16 17:16:51 [http-nio-8080-exec-2] INFO  c.c.p.a.c.menu.MenuController - getLeftMenu returned 2 items
2026-03-16 17:16:51 [http-nio-8080-exec-2] DEBUG o.s.w.s.m.m.a.HttpEntityMethodProcessor - Using 'application/json', given [application/json, text/plain, */*] and supported [application/json, application/*+json, application/yaml]
2026-03-16 17:16:51 [http-nio-8080-exec-2] TRACE o.s.w.s.m.m.a.HttpEntityMethodProcessor - Writing [ApiResponse[success=true, status=200, code=COMMON_001, message=Success, data={list=[com.company.project.service.menu.dto.MenuDto@73d3c9b8, com.company.project.service.menu.dto.MenuDto@2f02ad81]}, timestamp=2026-03-16T17:16:51.079595100]]
2026-03-16 17:16:51 [http-nio-8080-exec-2] INFO  c.c.p.a.i.OperationalAuditInterceptor - API Audit Log: URL=/api/v1/menu/left, User=webmaster, IP=127.0.0.1
2026-03-16 17:16:51 [http-nio-8080-exec-2] DEBUG o.s.web.servlet.DispatcherServlet - Completed 200 OK
2026-03-16 17:16:51 [http-nio-8080-exec-15] DEBUG c.c.p.s.jwt.JwtAuthenticationFilter - >>> [JwtFilter] Processing request: GET /api/v1/menu/left
2026-03-16 17:16:51 [http-nio-8080-exec-15] DEBUG c.c.p.s.jwt.JwtAuthenticationFilter - >>> [JwtFilter] Found token in header for path: /api/v1/menu/left
2026-03-16 17:16:51 [http-nio-8080-exec-15] DEBUG o.s.orm.jpa.JpaTransactionManager - Creating new transaction with name [com.company.project.security.iam.CustomUserDetailsService.loadUserByUsername]: PROPAGATION_REQUIRED,ISOLATION_DEFAULT,readOnly
2026-03-16 17:16:51 [http-nio-8080-exec-15] DEBUG o.s.orm.jpa.JpaTransactionManager - Opened new EntityManager [SessionImpl(1271913600<open>)] for JPA transaction
2026-03-16 17:16:51 [http-nio-8080-exec-15] DEBUG o.s.orm.jpa.JpaTransactionManager - Exposing JPA transaction as JDBC [org.springframework.orm.jpa.vendor.HibernateJpaDialect$HibernateConnectionHandle@3e465f43]
2026-03-16 17:16:51 [http-nio-8080-exec-15] DEBUG o.s.orm.jpa.JpaTransactionManager - Found thread-bound EntityManager [SessionImpl(1271913600<open>)] for JPA transaction
2026-03-16 17:16:51 [http-nio-8080-exec-15] DEBUG o.s.orm.jpa.JpaTransactionManager - Participating in existing transaction
2026-03-16 17:16:51 [http-nio-8080-exec-15] DEBUG org.hibernate.SQL - select u1_0.emplyr_id,u1_0.area_no,u1_0.brthdy,u1_0.chg_pwd_cnt,u1_0.frst_register_id,u1_0.frst_regist_pnttm,u1_0.detail_adres,u1_0.email_adres,u1_0.emplyr_sttus_code,u1_0.empl_no,u1_0.esntl_id,u1_0.fxnum,u1_0.group_id,u1_0.house_adres,u1_0.house_end_telno,u1_0.house_middle_telno,u1_0.ihidnum,u1_0.pstinst_code,u1_0.last_updusr_id,u1_0.last_updt_pnttm,u1_0.lock_at,u1_0.lock_cnt,u1_0.lock_last_pnttm,u1_0.mbtlnum,u1_0.ofcps_nm,u1_0.offm_telno,u1_0.orgnzt_id,u1_0.password,u1_0.password_cnsr,u1_0.password_hint,u1_0.chg_pwd_last_pnttm,u1_0.role,u1_0.sbscrb_de,u1_0.sexdstn_code,u1_0.crtfc_dn_value,u1_0.user_nm,u1_0.zip from nemplyrinfo u1_0 where u1_0.emplyr_id=?
2026-03-16 17:16:51 [http-nio-8080-exec-15] DEBUG o.s.orm.jpa.JpaTransactionManager - Found thread-bound EntityManager [SessionImpl(1271913600<open>)] for JPA transaction
2026-03-16 17:16:51 [http-nio-8080-exec-15] DEBUG o.s.orm.jpa.JpaTransactionManager - Participating in existing transaction
2026-03-16 17:16:51 [http-nio-8080-exec-15] DEBUG org.hibernate.SQL - select ua1_0.scrty_dtrmn_trget_id,ua1_0.author_code,ua1_0.frst_register_id,ua1_0.frst_regist_pnttm,ua1_0.last_updusr_id,ua1_0.last_updt_pnttm,ua1_0.mber_ty_code from nemplyrscrtyestbs ua1_0 where ua1_0.scrty_dtrmn_trget_id=?
2026-03-16 17:16:51 [http-nio-8080-exec-15] DEBUG o.s.orm.jpa.JpaTransactionManager - Initiating transaction commit
2026-03-16 17:16:51 [http-nio-8080-exec-15] DEBUG o.s.orm.jpa.JpaTransactionManager - Committing JPA transaction on EntityManager [SessionImpl(1271913600<open>)]
2026-03-16 17:16:51 [http-nio-8080-exec-15] DEBUG o.s.orm.jpa.JpaTransactionManager - Closing JPA EntityManager [SessionImpl(1271913600<open>)] after transaction
2026-03-16 17:16:51 [http-nio-8080-exec-15] DEBUG c.c.p.s.jwt.JwtAuthenticationFilter - >>> [JwtFilter] Successfully authenticated user: USRCNFRM_99999999999, Authorities: [ROLE_ADMIN]
2026-03-16 17:16:51 [http-nio-8080-exec-15] DEBUG o.s.web.servlet.DispatcherServlet - GET "/api/v1/menu/left?menuNo=50", parameters={masked}
2026-03-16 17:16:51 [http-nio-8080-exec-15] TRACE o.s.w.s.m.m.a.RequestMappingHandlerMapping - Mapped to com.company.project.api.controller.menu.MenuController#getLeftMenu(Long)
2026-03-16 17:16:51 [http-nio-8080-exec-15] INFO  c.c.p.a.c.menu.MenuController - getLeftMenu called with menuNo=50
2026-03-16 17:16:51 [http-nio-8080-exec-15] DEBUG o.s.orm.jpa.JpaTransactionManager - Creating new transaction with name [com.company.project.service.menu.MenuService.getSubMenus]: PROPAGATION_REQUIRED,ISOLATION_DEFAULT,readOnly
2026-03-16 17:16:51 [http-nio-8080-exec-15] DEBUG o.s.orm.jpa.JpaTransactionManager - Opened new EntityManager [SessionImpl(1613033296<open>)] for JPA transaction
2026-03-16 17:16:51 [http-nio-8080-exec-15] DEBUG o.s.orm.jpa.JpaTransactionManager - Exposing JPA transaction as JDBC [org.springframework.orm.jpa.vendor.HibernateJpaDialect$HibernateConnectionHandle@74b9a1a1]
2026-03-16 17:16:51 [http-nio-8080-exec-15] DEBUG org.hibernate.SQL - select m1_0.menu_no,m1_0.menu_dc,m1_0.menu_nm,m1_0.menu_ordr,m1_0.modern_route,m1_0.progrm_file_nm,m1_0.relate_image_nm,m1_0.relate_image_path,m1_0.route_updated_at,m1_0.upper_menu_no from nmenuinfo m1_0 order by m1_0.upper_menu_no,m1_0.menu_ordr
2026-03-16 17:16:51 [http-nio-8080-exec-15] DEBUG o.s.orm.jpa.JpaTransactionManager - Found thread-bound EntityManager [SessionImpl(1613033296<open>)] for JPA transaction
2026-03-16 17:16:51 [http-nio-8080-exec-15] DEBUG o.s.orm.jpa.JpaTransactionManager - Participating in existing transaction
2026-03-16 17:16:51 [http-nio-8080-exec-15] DEBUG org.hibernate.SQL - select p1_0.progrm_file_nm,p1_0.progrm_dc,p1_0.progrm_korean_nm,p1_0.progrm_stre_path,p1_0.url from nprogrmlist p1_0
2026-03-16 17:16:52 [http-nio-8080-exec-15] DEBUG o.s.orm.jpa.JpaTransactionManager - Initiating transaction commit
2026-03-16 17:16:52 [http-nio-8080-exec-15] DEBUG o.s.orm.jpa.JpaTransactionManager - Committing JPA transaction on EntityManager [SessionImpl(1613033296<open>)]
2026-03-16 17:16:52 [http-nio-8080-exec-15] DEBUG o.s.orm.jpa.JpaTransactionManager - Closing JPA EntityManager [SessionImpl(1613033296<open>)] after transaction
2026-03-16 17:16:52 [http-nio-8080-exec-15] INFO  c.c.p.a.c.menu.MenuController - getLeftMenu returned 3 items
2026-03-16 17:16:52 [http-nio-8080-exec-15] DEBUG o.s.w.s.m.m.a.HttpEntityMethodProcessor - Using 'application/json', given [application/json, text/plain, */*] and supported [application/json, application/*+json, application/yaml]
2026-03-16 17:16:52 [http-nio-8080-exec-15] TRACE o.s.w.s.m.m.a.HttpEntityMethodProcessor - Writing [ApiResponse[success=true, status=200, code=COMMON_001, message=Success, data={list=[com.company.project.service.menu.dto.MenuDto@34c1ba03, com.company.project.service.menu.dto.MenuDto@146fb814, com.company.project.service.menu.dto.MenuDto@5394dae2]}, timestamp=2026-03-16T17:16:52.302356600]]
2026-03-16 17:16:52 [http-nio-8080-exec-15] INFO  c.c.p.a.i.OperationalAuditInterceptor - API Audit Log: URL=/api/v1/menu/left, User=webmaster, IP=127.0.0.1
2026-03-16 17:16:52 [http-nio-8080-exec-15] DEBUG o.s.web.servlet.DispatcherServlet - Completed 200 OK
2026-03-16 17:16:52 [http-nio-8080-exec-10] DEBUG c.c.p.s.jwt.JwtAuthenticationFilter - >>> [JwtFilter] Processing request: GET /api/v1/menu/left
2026-03-16 17:16:52 [http-nio-8080-exec-10] DEBUG c.c.p.s.jwt.JwtAuthenticationFilter - >>> [JwtFilter] Found token in header for path: /api/v1/menu/left
2026-03-16 17:16:52 [http-nio-8080-exec-10] DEBUG o.s.orm.jpa.JpaTransactionManager - Creating new transaction with name [com.company.project.security.iam.CustomUserDetailsService.loadUserByUsername]: PROPAGATION_REQUIRED,ISOLATION_DEFAULT,readOnly
2026-03-16 17:16:52 [http-nio-8080-exec-10] DEBUG o.s.orm.jpa.JpaTransactionManager - Opened new EntityManager [SessionImpl(1963388868<open>)] for JPA transaction
2026-03-16 17:16:52 [http-nio-8080-exec-10] DEBUG o.s.orm.jpa.JpaTransactionManager - Exposing JPA transaction as JDBC [org.springframework.orm.jpa.vendor.HibernateJpaDialect$HibernateConnectionHandle@2f7a82d9]
2026-03-16 17:16:52 [http-nio-8080-exec-10] DEBUG o.s.orm.jpa.JpaTransactionManager - Found thread-bound EntityManager [SessionImpl(1963388868<open>)] for JPA transaction
2026-03-16 17:16:52 [http-nio-8080-exec-10] DEBUG o.s.orm.jpa.JpaTransactionManager - Participating in existing transaction
2026-03-16 17:16:52 [http-nio-8080-exec-10] DEBUG org.hibernate.SQL - select u1_0.emplyr_id,u1_0.area_no,u1_0.brthdy,u1_0.chg_pwd_cnt,u1_0.frst_register_id,u1_0.frst_regist_pnttm,u1_0.detail_adres,u1_0.email_adres,u1_0.emplyr_sttus_code,u1_0.empl_no,u1_0.esntl_id,u1_0.fxnum,u1_0.group_id,u1_0.house_adres,u1_0.house_end_telno,u1_0.house_middle_telno,u1_0.ihidnum,u1_0.pstinst_code,u1_0.last_updusr_id,u1_0.last_updt_pnttm,u1_0.lock_at,u1_0.lock_cnt,u1_0.lock_last_pnttm,u1_0.mbtlnum,u1_0.ofcps_nm,u1_0.offm_telno,u1_0.orgnzt_id,u1_0.password,u1_0.password_cnsr,u1_0.password_hint,u1_0.chg_pwd_last_pnttm,u1_0.role,u1_0.sbscrb_de,u1_0.sexdstn_code,u1_0.crtfc_dn_value,u1_0.user_nm,u1_0.zip from nemplyrinfo u1_0 where u1_0.emplyr_id=?
2026-03-16 17:16:52 [http-nio-8080-exec-10] DEBUG o.s.orm.jpa.JpaTransactionManager - Found thread-bound EntityManager [SessionImpl(1963388868<open>)] for JPA transaction
2026-03-16 17:16:52 [http-nio-8080-exec-10] DEBUG o.s.orm.jpa.JpaTransactionManager - Participating in existing transaction
2026-03-16 17:16:52 [http-nio-8080-exec-10] DEBUG org.hibernate.SQL - select ua1_0.scrty_dtrmn_trget_id,ua1_0.author_code,ua1_0.frst_register_id,ua1_0.frst_regist_pnttm,ua1_0.last_updusr_id,ua1_0.last_updt_pnttm,ua1_0.mber_ty_code from nemplyrscrtyestbs ua1_0 where ua1_0.scrty_dtrmn_trget_id=?
2026-03-16 17:16:52 [http-nio-8080-exec-10] DEBUG o.s.orm.jpa.JpaTransactionManager - Initiating transaction commit
2026-03-16 17:16:52 [http-nio-8080-exec-10] DEBUG o.s.orm.jpa.JpaTransactionManager - Committing JPA transaction on EntityManager [SessionImpl(1963388868<open>)]
2026-03-16 17:16:52 [http-nio-8080-exec-10] DEBUG o.s.orm.jpa.JpaTransactionManager - Closing JPA EntityManager [SessionImpl(1963388868<open>)] after transaction
2026-03-16 17:16:52 [http-nio-8080-exec-10] DEBUG c.c.p.s.jwt.JwtAuthenticationFilter - >>> [JwtFilter] Successfully authenticated user: USRCNFRM_99999999999, Authorities: [ROLE_ADMIN]
2026-03-16 17:16:52 [http-nio-8080-exec-10] DEBUG o.s.web.servlet.DispatcherServlet - GET "/api/v1/menu/left?menuNo=60", parameters={masked}
2026-03-16 17:16:52 [http-nio-8080-exec-10] TRACE o.s.w.s.m.m.a.RequestMappingHandlerMapping - Mapped to com.company.project.api.controller.menu.MenuController#getLeftMenu(Long)
2026-03-16 17:16:52 [http-nio-8080-exec-10] INFO  c.c.p.a.c.menu.MenuController - getLeftMenu called with menuNo=60
2026-03-16 17:16:52 [http-nio-8080-exec-10] DEBUG o.s.orm.jpa.JpaTransactionManager - Creating new transaction with name [com.company.project.service.menu.MenuService.getSubMenus]: PROPAGATION_REQUIRED,ISOLATION_DEFAULT,readOnly
2026-03-16 17:16:52 [http-nio-8080-exec-10] DEBUG o.s.orm.jpa.JpaTransactionManager - Opened new EntityManager [SessionImpl(811203550<open>)] for JPA transaction
2026-03-16 17:16:52 [http-nio-8080-exec-10] DEBUG o.s.orm.jpa.JpaTransactionManager - Exposing JPA transaction as JDBC [org.springframework.orm.jpa.vendor.HibernateJpaDialect$HibernateConnectionHandle@2c80097c]
2026-03-16 17:16:52 [http-nio-8080-exec-10] DEBUG org.hibernate.SQL - select m1_0.menu_no,m1_0.menu_dc,m1_0.menu_nm,m1_0.menu_ordr,m1_0.modern_route,m1_0.progrm_file_nm,m1_0.relate_image_nm,m1_0.relate_image_path,m1_0.route_updated_at,m1_0.upper_menu_no from nmenuinfo m1_0 order by m1_0.upper_menu_no,m1_0.menu_ordr
2026-03-16 17:16:53 [http-nio-8080-exec-10] DEBUG o.s.orm.jpa.JpaTransactionManager - Found thread-bound EntityManager [SessionImpl(811203550<open>)] for JPA transaction
2026-03-16 17:16:53 [http-nio-8080-exec-10] DEBUG o.s.orm.jpa.JpaTransactionManager - Participating in existing transaction
2026-03-16 17:16:53 [http-nio-8080-exec-10] DEBUG org.hibernate.SQL - select p1_0.progrm_file_nm,p1_0.progrm_dc,p1_0.progrm_korean_nm,p1_0.progrm_stre_path,p1_0.url from nprogrmlist p1_0
2026-03-16 17:16:53 [http-nio-8080-exec-10] DEBUG o.s.orm.jpa.JpaTransactionManager - Initiating transaction commit
2026-03-16 17:16:53 [http-nio-8080-exec-10] DEBUG o.s.orm.jpa.JpaTransactionManager - Committing JPA transaction on EntityManager [SessionImpl(811203550<open>)]
2026-03-16 17:16:53 [http-nio-8080-exec-10] DEBUG o.s.orm.jpa.JpaTransactionManager - Closing JPA EntityManager [SessionImpl(811203550<open>)] after transaction
2026-03-16 17:16:53 [http-nio-8080-exec-10] INFO  c.c.p.a.c.menu.MenuController - getLeftMenu returned 1 items
2026-03-16 17:16:53 [http-nio-8080-exec-10] DEBUG o.s.w.s.m.m.a.HttpEntityMethodProcessor - Using 'application/json', given [application/json, text/plain, */*] and supported [application/json, application/*+json, application/yaml]
2026-03-16 17:16:53 [http-nio-8080-exec-10] TRACE o.s.w.s.m.m.a.HttpEntityMethodProcessor - Writing [ApiResponse[success=true, status=200, code=COMMON_001, message=Success, data={list=[com.company.project.service.menu.dto.MenuDto@4c80b28e]}, timestamp=2026-03-16T17:16:53.535709900]]
2026-03-16 17:16:53 [http-nio-8080-exec-10] INFO  c.c.p.a.i.OperationalAuditInterceptor - API Audit Log: URL=/api/v1/menu/left, User=webmaster, IP=127.0.0.1
2026-03-16 17:16:53 [http-nio-8080-exec-10] DEBUG o.s.web.servlet.DispatcherServlet - Completed 200 OK
2026-03-16 17:16:56 [MessageBroker-5] DEBUG o.s.w.s.s.t.h.DefaultSockJsService - Closed 1 sessions: [zrifyjnc]

> Task :api-server:bootRun FAILED

[Incubating] Problems report is available at: file:///D:/project/egov-enterprise/build/reports/problems/problems-report.html

FAILURE: Build failed with an exception.

* What went wrong:
Execution failed for task ':api-server:bootRun'.
> Process 'command 'C:\Program Files\Eclipse Adoptium\jdk-21.0.9.10-hotspot\bin\java.exe'' finished with non-zero exit value 1

* Try:
> Run with --stacktrace option to get the stack trace.
> Run with --info or --debug option to get more log output.
> Run with --scan to get full insights.
> Get more help at https://help.gradle.org.

Deprecated Gradle features were used in this build, making it incompatible with Gradle 9.0.

You can use '--warning-mode all' to show the individual deprecation warnings and determine if they come from your own scripts or plugins.

For more on this, please refer to https://docs.gradle.org/8.12/userguide/command_line_interface.html#sec:command_line_warnings in the Gradle documentation.

BUILD FAILED in 44m 51s
28 actionable tasks: 2 executed, 26 up-to-date
